2026/03/14 20:50:11 no config path specified; using /var/lib/derper/derper.key
2026/03/14 20:50:11 STUN server listening on [::]:3478
2026/03/14 20:50:11 No mesh key configured
2026/03/14 20:50:11 derper: serving on :3340 with TLS
2026/03/14 20:50:15 http: TLS handshake error from 10.10.0.3:59104: unexpected EOF
gc 1 @4.032s 0%: 0.40+0.90+0.043 ms clock, 1.6+0.58/0.69/0+0.17 ms cpu, 3->4->1 MB, 4 MB goal, 0 MB stacks, 0 MB globals, 4 P
gc 2 @4.038s 0%: 0.073+2.4+0.042 ms clock, 0.29+0.67/0.88/0+0.16 ms cpu, 3->4->1 MB, 4 MB goal, 0 MB stacks, 0 MB globals, 4 P
gc 3 @4.044s 0%: 0.052+1.3+0.054 ms clock, 0.21+0.99/0.61/0+0.21 ms cpu, 3->3->1 MB, 4 MB goal, 0 MB stacks, 0 MB globals, 4 P
gc 4 @4.050s 0%: 0.086+0.86+0.048 ms clock, 0.34+0.89/0.69/0+0.19 ms cpu, 3->3->1 MB, 4 MB goal, 0 MB stacks, 0 MB globals, 4 P
gc 5 @4.055s 0%: 0.083+0.68+0.082 ms clock, 0.33+0.90/0.51/0+0.33 ms cpu, 3->3->1 MB, 4 MB goal, 0 MB stacks, 0 MB globals, 4 P
gc 6 @4.060s 0%: 0.087+0.96+0.024 ms clock, 0.35+0.47/0.65/0+0.098 ms cpu, 3->3->1 MB, 4 MB goal, 0 MB stacks, 0 MB globals, 4 P
gc 7 @4.066s 0%: 0.067+2.2+0.040 ms clock, 0.26+0.74/0.54/0+0.16 ms cpu, 3->3->1 MB, 4 MB goal, 0 MB stacks, 0 MB globals, 4 P
gc 8 @4.072s 0%: 0.077+1.3+0.037 ms clock, 0.31+0.69/0.71/0+0.15 ms cpu, 3->3->1 MB, 4 MB goal, 0 MB stacks, 0 MB globals, 4 P
gc 9 @4.077s 0%: 0.049+1.4+0.064 ms clock, 0.19+0.63/0.68/0+0.25 ms cpu, 3->3->1 MB, 4 MB goal, 0 MB stacks, 0 MB globals, 4 P
gc 10 @4.083s 0%: 0.066+0.86+0.018 ms clock, 0.26+0.47/0.63/0+0.072 ms cpu, 3->3->1 MB, 4 MB goal, 0 MB stacks, 0 MB globals, 4 P
gc 11 @4.089s 0%: 0.077+0.57+0.021 ms clock, 0.31+0.97/0.50/0+0.087 ms cpu, 3->3->1 MB, 4 MB goal, 0 MB stacks, 0 MB globals, 4 P
gc 12 @4.094s 0%: 0.068+0.89+0.008 ms clock, 0.27+0.98/0.71/0+0.032 ms cpu, 3->3->1 MB, 4 MB goal, 0 MB stacks, 0 MB globals, 4 P
gc 13 @4.100s 0%: 0.081+1.7+0.056 ms clock, 0.32+0.88/0.73/0+0.22 ms cpu, 3->3->1 MB, 4 MB goal, 0 MB stacks, 0 MB globals, 4 P
gc 14 @4.105s 0%: 0.024+1.3+0.055 ms clock, 0.096+0.94/0.55/0+0.22 ms cpu, 3->3->1 MB, 4 MB goal, 0 MB stacks, 0 MB globals, 4 P
gc 15 @4.111s 0%: 0.047+0.96+0.038 ms clock, 0.18+0.97/0.75/0+0.15 ms cpu, 3->3->1 MB, 4 MB goal, 0 MB stacks, 0 MB globals, 4 P
gc 16 @4.117s 0%: 0.099+0.84+0.050 ms clock, 0.39+0.74/0.72/0+0.20 ms cpu, 3->3->1 MB, 4 MB goal, 0 MB stacks, 0 MB globals, 4 P
gc 17 @4.122s 0%: 0.093+0.82+0.038 ms clock, 0.37+0.74/0.68/0+0.15 ms cpu, 3->3->1 MB, 4 MB goal, 0 MB stacks, 0 MB globals, 4 P
gc 18 @4.128s 0%: 0.090+0.59+0.063 ms clock, 0.36+0.86/0.43/0+0.25 ms cpu, 3->3->1 MB, 4 MB goal, 0 MB stacks, 0 MB globals, 4 P
gc 19 @4.133s 0%: 0.060+0.79+0.027 ms clock, 0.24+0.89/0.65/0+0.11 ms cpu, 3->3->1 MB, 4 MB goal, 0 MB stacks, 0 MB globals, 4 P
gc 20 @4.139s 0%: 1.7+0.61+0.048 ms clock, 6.8+0.40/2.1/0+0.19 ms cpu, 3->3->1 MB, 4 MB goal, 0 MB stacks, 0 MB globals, 4 P
gc 21 @4.144s 0%: 0.047+1.4+0.023 ms clock, 0.19+0.77/0.64/0+0.094 ms cpu, 3->3->1 MB, 4 MB goal, 0 MB stacks, 0 MB globals, 4 P
gc 22 @4.150s 0%: 0.051+0.57+0.035 ms clock, 0.20+0.82/0.47/0+0.14 ms cpu, 3->3->1 MB, 4 MB goal, 0 MB stacks, 0 MB globals, 4 P
gc 23 @4.155s 0%: 0.073+0.64+0.049 ms clock, 0.29+0.97/0.52/0+0.19 ms cpu, 3->3->1 MB, 4 MB goal, 0 MB stacks, 0 MB globals, 4 P
gc 24 @4.161s 0%: 0.054+1.1+0.038 ms clock, 0.21+0.91/0.62/0+0.15 ms cpu, 3->3->1 MB, 4 MB goal, 0 MB stacks, 0 MB globals, 4 P
gc 25 @4.166s 0%: 0.096+0.68+0.022 ms clock, 0.38+0.85/0.54/0+0.090 ms cpu, 3->3->1 MB, 4 MB goal, 0 MB stacks, 0 MB globals, 4 P
gc 26 @4.172s 0%: 0.054+0.68+0.020 ms clock, 0.21+0.68/0.58/0+0.083 ms cpu, 3->3->1 MB, 4 MB goal, 0 MB stacks, 0 MB globals, 4 P
gc 27 @4.178s 0%: 0.061+0.83+0.047 ms clock, 0.24+0.94/0.72/0+0.18 ms cpu, 3->3->1 MB, 4 MB goal, 0 MB stacks, 0 MB globals, 4 P
gc 28 @4.183s 0%: 0.36+1.4+0.024 ms clock, 1.4+0.95/0.79/0+0.099 ms cpu, 3->3->1 MB, 4 MB goal, 0 MB stacks, 0 MB globals, 4 P
gc 29 @4.189s 0%: 0.10+0.71+0.047 ms clock, 0.40+0.82/0.60/0+0.18 ms cpu, 3->3->1 MB, 4 MB goal, 0 MB stacks, 0 MB globals, 4 P
gc 30 @4.195s 0%: 0.29+0.98+0.038 ms clock, 1.1+0.69/1.1/0.020+0.15 ms cpu, 3->3->1 MB, 4 MB goal, 0 MB stacks, 0 MB globals, 4 P
gc 31 @4.200s 0%: 0.085+0.69+0.044 ms clock, 0.34+0.93/0.55/0.034+0.17 ms cpu, 3->3->1 MB, 4 MB goal, 0 MB stacks, 0 MB globals, 4 P
gc 32 @4.206s 0%: 0.10+1.3+0.059 ms clock, 0.40+1.2/0/0+0.23 ms cpu, 3->3->1 MB, 4 MB goal, 0 MB stacks, 0 MB globals, 4 P
gc 33 @4.211s 0%: 0.096+2.1+0.065 ms clock, 0.38+0.44/0.71/0+0.26 ms cpu, 3->3->1 MB, 4 MB goal, 0 MB stacks, 0 MB globals, 4 P
gc 34 @4.217s 0%: 0.060+1.7+0.068 ms clock, 0.24+0.40/0.74/0+0.27 ms cpu, 3->3->1 MB, 4 MB goal, 0 MB stacks, 0 MB globals, 4 P
gc 35 @4.223s 0%: 0.096+1.4+0.027 ms clock, 0.38+0.49/0.58/0+0.11 ms cpu, 3->3->1 MB, 4 MB goal, 0 MB stacks, 0 MB globals, 4 P
gc 36 @4.228s 0%: 0.050+0.71+0.021 ms clock, 0.20+0.85/0.54/0+0.084 ms cpu, 3->3->1 MB, 4 MB goal, 0 MB stacks, 0 MB globals, 4 P
gc 37 @4.234s 0%: 0.064+0.62+0.051 ms clock, 0.25+0.97/0.47/0+0.20 ms cpu, 3->3->1 MB, 4 MB goal, 0 MB stacks, 0 MB globals, 4 P
gc 38 @4.239s 0%: 0.057+1.9+0.042 ms clock, 0.22+0.42/0.81/0+0.17 ms cpu, 3->3->1 MB, 4 MB goal, 0 MB stacks, 0 MB globals, 4 P
gc 39 @4.245s 0%: 0.065+0.71+0.044 ms clock, 0.26+0.80/0.61/0+0.17 ms cpu, 3->3->1 MB, 4 MB goal, 0 MB stacks, 0 MB globals, 4 P
gc 40 @4.251s 0%: 0.073+0.76+0.061 ms clock, 0.29+0.88/0.61/0+0.24 ms cpu, 3->3->1 MB, 4 MB goal, 0 MB stacks, 0 MB globals, 4 P
gc 41 @4.256s 0%: 0.10+0.86+0.041 ms clock, 0.41+0.88/0.71/0+0.16 ms cpu, 3->3->1 MB, 4 MB goal, 0 MB stacks, 0 MB globals, 4 P
gc 42 @4.262s 0%: 0.36+0.79+0.046 ms clock, 1.4+0.56/1.0/0.16+0.18 ms cpu, 3->3->1 MB, 4 MB goal, 0 MB stacks, 0 MB globals, 4 P
gc 43 @4.267s 0%: 0.057+1.4+0.063 ms clock, 0.23+0.88/0.75/0+0.25 ms cpu, 3->3->1 MB, 4 MB goal, 0 MB stacks, 0 MB globals, 4 P
gc 44 @4.273s 0%: 0.087+0.70+0.030 ms clock, 0.35+0.62/0.62/0+0.12 ms cpu, 3->3->1 MB, 4 MB goal, 0 MB stacks, 0 MB globals, 4 P
gc 45 @4.279s 0%: 0.057+1.5+0.065 ms clock, 0.23+0.59/0.63/0+0.26 ms cpu, 3->3->1 MB, 4 MB goal, 0 MB stacks, 0 MB globals, 4 P
gc 46 @4.284s 0%: 0.073+0.77+0.045 ms clock, 0.29+0.89/0.62/0+0.18 ms cpu, 3->3->1 MB, 4 MB goal, 0 MB stacks, 0 MB globals, 4 P
gc 47 @4.290s 0%: 0.059+1.2+0.060 ms clock, 0.23+0.49/0.65/0+0.24 ms cpu, 3->3->1 MB, 4 MB goal, 0 MB stacks, 0 MB globals, 4 P
gc 48 @4.295s 0%: 0.046+0.72+0.028 ms clock, 0.18+1.0/0.041/0+0.11 ms cpu, 3->3->1 MB, 4 MB goal, 0 MB stacks, 0 MB globals, 4 P
gc 49 @4.302s 0%: 1.0+0.34+0.038 ms clock, 4.0+0.67/1.1/0+0.15 ms cpu, 3->3->1 MB, 4 MB goal, 0 MB stacks, 0 MB globals, 4 P
gc 50 @4.307s 0%: 0.097+0.66+0.052 ms clock, 0.39+0.80/0.57/0+0.20 ms cpu, 3->3->1 MB, 4 MB goal, 0 MB stacks, 0 MB globals, 4 P
gc 51 @4.313s 0%: 0.041+0.75+0.025 ms clock, 0.16+0.80/0.64/0+0.10 ms cpu, 3->3->1 MB, 4 MB goal, 0 MB stacks, 0 MB globals, 4 P
gc 52 @4.318s 0%: 0.058+0.52+0.056 ms clock, 0.23+0.91/0.47/0+0.22 ms cpu, 3->3->1 MB, 4 MB goal, 0 MB stacks, 0 MB globals, 4 P
gc 53 @4.324s 0%: 0.019+0.89+0.055 ms clock, 0.077+0.69/0.78/0+0.22 ms cpu, 3->3->1 MB, 4 MB goal, 0 MB stacks, 0 MB globals, 4 P
gc 54 @4.329s 0%: 0.049+0.81+0.041 ms clock, 0.19+0.91/0.69/0+0.16 ms cpu, 3->3->1 MB, 4 MB goal, 0 MB stacks, 0 MB globals, 4 P
gc 55 @4.335s 0%: 0.032+2.3+0.035 ms clock, 0.13+0.67/0.61/0+0.14 ms cpu, 3->3->1 MB, 4 MB goal, 0 MB stacks, 0 MB globals, 4 P
gc 56 @4.341s 0%: 0.070+0.69+0.032 ms clock, 0.28+0.52/0.61/0+0.12 ms cpu, 3->3->1 MB, 4 MB goal, 0 MB stacks, 0 MB globals, 4 P
gc 57 @4.346s 0%: 0.072+1.7+0.060 ms clock, 0.29+1.0/0.68/0+0.24 ms cpu, 3->3->1 MB, 4 MB goal, 0 MB stacks, 0 MB globals, 4 P
gc 58 @4.352s 0%: 4.4+0.32+0.083 ms clock, 17+4.3/0.65/0+0.33 ms cpu, 3->4->2 MB, 4 MB goal, 0 MB stacks, 0 MB globals, 4 P
gc 59 @4.359s 0%: 0.40+1.4+0.070 ms clock, 1.6+0.64/1.0/0+0.28 ms cpu, 3->4->1 MB, 4 MB goal, 0 MB stacks, 0 MB globals, 4 P
gc 60 @4.365s 0%: 0.079+0.93+0.084 ms clock, 0.31+0.70/0.82/0+0.33 ms cpu, 3->3->1 MB, 4 MB goal, 0 MB stacks, 0 MB globals, 4 P
gc 61 @4.370s 0%: 0.072+1.6+0.020 ms clock, 0.28+0.64/0.56/0+0.082 ms cpu, 3->3->1 MB, 4 MB goal, 0 MB stacks, 0 MB globals, 4 P
gc 62 @4.376s 0%: 0.087+0.91+0.053 ms clock, 0.34+0.81/0.73/0+0.21 ms cpu, 3->3->1 MB, 4 MB goal, 0 MB stacks, 0 MB globals, 4 P
gc 63 @4.382s 0%: 0.40+0.91+0.026 ms clock, 1.6+0.18/1.1/0.12+0.10 ms cpu, 3->3->1 MB, 4 MB goal, 0 MB stacks, 0 MB globals, 4 P
gc 64 @4.387s 0%: 0.051+1.0+0.036 ms clock, 0.20+0.92/0.081/0+0.14 ms cpu, 3->3->1 MB, 4 MB goal, 0 MB stacks, 0 MB globals, 4 P
gc 65 @4.393s 0%: 0.080+0.79+0.044 ms clock, 0.32+0.73/0.66/0+0.17 ms cpu, 3->3->1 MB, 4 MB goal, 0 MB stacks, 0 MB globals, 4 P
gc 66 @4.398s 0%: 0.045+2.1+0.007 ms clock, 0.18+0.61/0.76/0+0.029 ms cpu, 3->3->1 MB, 4 MB goal, 0 MB stacks, 0 MB globals, 4 P
gc 67 @4.404s 0%: 0.076+0.84+0.048 ms clock, 0.30+0.82/0.62/0+0.19 ms cpu, 3->3->1 MB, 4 MB goal, 0 MB stacks, 0 MB globals, 4 P
gc 68 @4.409s 0%: 0.073+1.5+0.037 ms clock, 0.29+0.64/0.57/0+0.14 ms cpu, 3->3->1 MB, 4 MB goal, 0 MB stacks, 0 MB globals, 4 P
gc 69 @4.415s 0%: 0.055+1.8+0.027 ms clock, 0.22+0.95/1.2/0+0.10 ms cpu, 3->3->1 MB, 4 MB goal, 0 MB stacks, 0 MB globals, 4 P
gc 70 @4.421s 0%: 0.057+0.67+0.081 ms clock, 0.23+0.81/0.55/0+0.32 ms cpu, 3->3->1 MB, 4 MB goal, 0 MB stacks, 0 MB globals, 4 P
gc 71 @4.426s 0%: 0.057+2.8+0.053 ms clock, 0.22+0.86/1.8/0+0.21 ms cpu, 3->4->1 MB, 4 MB goal, 0 MB stacks, 0 MB globals, 4 P
gc 72 @4.433s 0%: 0.42+1.4+0.020 ms clock, 1.7+0.71/1.4/0+0.080 ms cpu, 3->4->1 MB, 4 MB goal, 0 MB stacks, 0 MB globals, 4 P
gc 73 @4.438s 0%: 0.24+1.6+0.051 ms clock, 0.98+0.95/0.91/0+0.20 ms cpu, 3->3->1 MB, 4 MB goal, 0 MB stacks, 0 MB globals, 4 P
gc 74 @4.444s 0%: 0.42+1.0+0.024 ms clock, 1.7+0.62/1.3/0+0.096 ms cpu, 3->3->1 MB, 4 MB goal, 0 MB stacks, 0 MB globals, 4 P
gc 75 @4.450s 0%: 0.059+1.8+0.023 ms clock, 0.23+0.62/0.64/0+0.092 ms cpu, 3->3->1 MB, 4 MB goal, 0 MB stacks, 0 MB globals, 4 P
gc 76 @4.456s 0%: 0.22+1.8+0.019 ms clock, 0.91+0.79/1.7/0.011+0.079 ms cpu, 3->3->1 MB, 4 MB goal, 0 MB stacks, 0 MB globals, 4 P
gc 77 @4.461s 0%: 0.070+1.8+0.043 ms clock, 0.28+0.60/0.57/0+0.17 ms cpu, 3->3->1 MB, 4 MB goal, 0 MB stacks, 0 MB globals, 4 P
gc 78 @4.467s 0%: 0.054+1.8+0.048 ms clock, 0.21+0.90/0.68/0+0.19 ms cpu, 3->3->1 MB, 4 MB goal, 0 MB stacks, 0 MB globals, 4 P
gc 79 @4.473s 0%: 0.029+1.1+0.026 ms clock, 0.11+1.6/0.75/0+0.10 ms cpu, 3->3->1 MB, 4 MB goal, 0 MB stacks, 0 MB globals, 4 P
gc 80 @4.478s 0%: 0.10+1.7+0.061 ms clock, 0.40+0.61/0.52/0.13+0.24 ms cpu, 3->3->1 MB, 4 MB goal, 0 MB stacks, 0 MB globals, 4 P
gc 81 @4.484s 0%: 0.33+2.6+0.009 ms clock, 1.3+0.72/1.7/0+0.036 ms cpu, 3->4->1 MB, 4 MB goal, 0 MB stacks, 0 MB globals, 4 P
gc 82 @4.491s 0%: 0.096+0.69+0.024 ms clock, 0.38+0.87/0.59/0+0.098 ms cpu, 3->3->1 MB, 4 MB goal, 0 MB stacks, 0 MB globals, 4 P
gc 83 @4.496s 0%: 0.093+0.73+0.021 ms clock, 0.37+0.92/0.56/0+0.086 ms cpu, 3->3->1 MB, 4 MB goal, 0 MB stacks, 0 MB globals, 4 P
gc 84 @4.501s 0%: 0.076+0.73+0.062 ms clock, 0.30+0.79/0.67/0+0.24 ms cpu, 3->3->1 MB, 4 MB goal, 0 MB stacks, 0 MB globals, 4 P
gc 85 @4.507s 0%: 0.35+2.1+0.059 ms clock, 1.4+0.71/1.7/0+0.23 ms cpu, 3->3->1 MB, 4 MB goal, 0 MB stacks, 0 MB globals, 4 P
gc 86 @4.512s 0%: 0.048+1.7+0.010 ms clock, 0.19+0.61/0.67/0+0.041 ms cpu, 3->3->1 MB, 4 MB goal, 0 MB stacks, 0 MB globals, 4 P
gc 87 @4.518s 0%: 0.065+1.1+0.058 ms clock, 0.26+0.89/0.58/0+0.23 ms cpu, 3->3->1 MB, 4 MB goal, 0 MB stacks, 0 MB globals, 4 P
gc 88 @4.524s 0%: 0.066+1.1+0.056 ms clock, 0.26+0.96/0.78/0+0.22 ms cpu, 3->3->1 MB, 4 MB goal, 0 MB stacks, 0 MB globals, 4 P
gc 89 @4.529s 0%: 0.059+0.96+0.026 ms clock, 0.23+0.79/0.45/0+0.10 ms cpu, 3->3->1 MB, 4 MB goal, 0 MB stacks, 0 MB globals, 4 P
gc 90 @4.535s 0%: 0.051+1.0+0.070 ms clock, 0.20+0.87/0.51/0+0.28 ms cpu, 3->3->1 MB, 4 MB goal, 0 MB stacks, 0 MB globals, 4 P
gc 91 @4.540s 0%: 0.065+0.70+0.032 ms clock, 0.26+0.75/0.56/0+0.13 ms cpu, 3->3->1 MB, 4 MB goal, 0 MB stacks, 0 MB globals, 4 P
gc 92 @4.546s 0%: 0.072+0.86+0.084 ms clock, 0.28+0.73/0.50/0+0.33 ms cpu, 3->3->1 MB, 4 MB goal, 0 MB stacks, 0 MB globals, 4 P
gc 93 @4.551s 0%: 0.068+1.7+0.033 ms clock, 0.27+1.8/0.90/0+0.13 ms cpu, 3->3->1 MB, 4 MB goal, 0 MB stacks, 0 MB globals, 4 P
gc 94 @4.557s 0%: 0.058+1.6+0.054 ms clock, 0.23+1.3/0.001/0+0.21 ms cpu, 3->3->1 MB, 4 MB goal, 0 MB stacks, 0 MB globals, 4 P
gc 95 @4.563s 0%: 0.089+0.94+0.021 ms clock, 0.35+1.2/0.001/0+0.084 ms cpu, 3->3->1 MB, 4 MB goal, 0 MB stacks, 0 MB globals, 4 P
gc 96 @4.568s 0%: 2.4+0.68+0.078 ms clock, 9.9+0.92/2.5/0+0.31 ms cpu, 3->4->1 MB, 4 MB goal, 0 MB stacks, 0 MB globals, 4 P
gc 97 @4.575s 0%: 0.052+0.67+0.026 ms clock, 0.21+0.91/0.54/0+0.10 ms cpu, 3->3->1 MB, 4 MB goal, 0 MB stacks, 0 MB globals, 4 P
gc 98 @4.580s 0%: 0.059+0.81+0.007 ms clock, 0.23+0.80/0.72/0+0.030 ms cpu, 3->3->1 MB, 4 MB goal, 0 MB stacks, 0 MB globals, 4 P
gc 99 @4.586s 0%: 0.075+1.0+0.080 ms clock, 0.30+0.71/0.69/0+0.32 ms cpu, 3->3->1 MB, 4 MB goal, 0 MB stacks, 0 MB globals, 4 P
gc 100 @4.591s 1%: 0.067+0.82+0.038 ms clock, 0.26+0.82/0.69/0+0.15 ms cpu, 3->3->1 MB, 4 MB goal, 0 MB stacks, 0 MB globals, 4 P
gc 101 @4.597s 1%: 0.25+1.0+0.026 ms clock, 1.0+0.67/1.1/0+0.10 ms cpu, 3->3->1 MB, 4 MB goal, 0 MB stacks, 0 MB globals, 4 P
gc 102 @4.602s 1%: 0.068+0.88+0.036 ms clock, 0.27+0.56/0.80/0+0.14 ms cpu, 3->3->1 MB, 4 MB goal, 0 MB stacks, 0 MB globals, 4 P
gc 103 @4.608s 1%: 1.1+0.41+0.026 ms clock, 4.7+0.57/1.4/0+0.10 ms cpu, 3->3->1 MB, 4 MB goal, 0 MB stacks, 0 MB globals, 4 P
gc 104 @4.613s 1%: 0.085+0.68+0.036 ms clock, 0.34+0.67/0.55/0+0.14 ms cpu, 3->3->1 MB, 4 MB goal, 0 MB stacks, 0 MB globals, 4 P
gc 105 @4.619s 1%: 1.1+1.6+0.059 ms clock, 4.4+0.26/1.8/0+0.23 ms cpu, 3->4->1 MB, 4 MB goal, 0 MB stacks, 0 MB globals, 4 P
gc 106 @4.625s 1%: 0.046+1.4+0.024 ms clock, 0.18+1.4/0.73/0+0.098 ms cpu, 3->3->1 MB, 4 MB goal, 0 MB stacks, 0 MB globals, 4 P
gc 107 @4.631s 1%: 0.047+1.8+0.010 ms clock, 0.18+1.1/0/0+0.040 ms cpu, 3->3->1 MB, 4 MB goal, 0 MB stacks, 0 MB globals, 4 P
gc 108 @4.636s 1%: 0.040+1.1+0.093 ms clock, 0.16+0.51/0.55/0+0.37 ms cpu, 3->3->1 MB, 4 MB goal, 0 MB stacks, 0 MB globals, 4 P
gc 109 @4.642s 1%: 0.23+2.1+0.003 ms clock, 0.94+2.3/0.75/0+0.012 ms cpu, 3->4->1 MB, 4 MB goal, 0 MB stacks, 0 MB globals, 4 P
gc 110 @4.648s 1%: 0.076+1.5+0.003 ms clock, 0.30+0.52/0.85/0.004+0.015 ms cpu, 3->3->1 MB, 4 MB goal, 0 MB stacks, 0 MB globals, 4 P
gc 111 @4.653s 1%: 0.056+1.3+0.003 ms clock, 0.22+0.55/0.57/0+0.015 ms cpu, 3->3->1 MB, 4 MB goal, 0 MB stacks, 0 MB globals, 4 P
gc 112 @4.659s 1%: 0.051+1.0+0.043 ms clock, 0.20+1.1/0.004/0+0.17 ms cpu, 3->3->1 MB, 4 MB goal, 0 MB stacks, 0 MB globals, 4 P
gc 113 @4.664s 1%: 0.038+1.6+0.029 ms clock, 0.15+0.61/0.61/0+0.11 ms cpu, 3->3->1 MB, 4 MB goal, 0 MB stacks, 0 MB globals, 4 P
gc 114 @4.670s 1%: 0.049+0.68+0.039 ms clock, 0.19+0.63/0.58/0+0.15 ms cpu, 3->3->1 MB, 4 MB goal, 0 MB stacks, 0 MB globals, 4 P
gc 115 @4.676s 1%: 0.10+1.8+0.047 ms clock, 0.40+0.62/0.58/0+0.19 ms cpu, 3->3->1 MB, 4 MB goal, 0 MB stacks, 0 MB globals, 4 P
gc 116 @4.681s 1%: 0.057+3.0+0.055 ms clock, 0.23+1.2/0.001/0+0.22 ms cpu, 3->4->1 MB, 4 MB goal, 0 MB stacks, 0 MB globals, 4 P
gc 117 @4.687s 1%: 0.045+1.1+0.072 ms clock, 0.18+0.85/0.92/0+0.29 ms cpu, 3->3->1 MB, 4 MB goal, 0 MB stacks, 0 MB globals, 4 P
gc 118 @4.693s 1%: 0.27+1.1+0.025 ms clock, 1.0+0.59/1.2/0.093+0.10 ms cpu, 3->3->1 MB, 4 MB goal, 0 MB stacks, 0 MB globals, 4 P
gc 119 @4.699s 1%: 0.28+1.5+0.048 ms clock, 1.1+0.69/1.6/0+0.19 ms cpu, 3->3->1 MB, 4 MB goal, 0 MB stacks, 0 MB globals, 4 P
gc 120 @4.704s 1%: 0.049+1.2+0.081 ms clock, 0.19+0.79/0.72/0+0.32 ms cpu, 3->3->1 MB, 4 MB goal, 0 MB stacks, 0 MB globals, 4 P
gc 121 @4.710s 1%: 0.060+0.74+0.034 ms clock, 0.24+0.85/0.54/0+0.13 ms cpu, 3->3->1 MB, 4 MB goal, 0 MB stacks, 0 MB globals, 4 P
gc 122 @4.715s 1%: 0.084+0.94+0.018 ms clock, 0.33+0.95/0.84/0+0.072 ms cpu, 3->3->1 MB, 4 MB goal, 0 MB stacks, 0 MB globals, 4 P
gc 123 @4.721s 1%: 0.039+1.1+0.035 ms clock, 0.15+0.33/0.63/0+0.14 ms cpu, 3->3->1 MB, 4 MB goal, 0 MB stacks, 0 MB globals, 4 P
gc 124 @4.726s 1%: 0.30+0.82+0.024 ms clock, 1.2+0.56/0.98/0+0.098 ms cpu, 3->3->1 MB, 4 MB goal, 0 MB stacks, 0 MB globals, 4 P
gc 125 @4.731s 1%: 0.066+0.93+0.048 ms clock, 0.26+0.63/0.79/0+0.19 ms cpu, 3->3->1 MB, 4 MB goal, 0 MB stacks, 0 MB globals, 4 P
gc 126 @4.737s 1%: 0.048+1.6+0.030 ms clock, 0.19+0.66/0.59/0+0.12 ms cpu, 3->3->1 MB, 4 MB goal, 0 MB stacks, 0 MB globals, 4 P
gc 127 @4.743s 1%: 0.060+1.7+0.055 ms clock, 0.24+0.49/0.71/0+0.22 ms cpu, 3->3->1 MB, 4 MB goal, 0 MB stacks, 0 MB globals, 4 P
gc 128 @4.748s 1%: 0.30+1.4+0.032 ms clock, 1.2+0.51/1.0/0+0.13 ms cpu, 3->3->1 MB, 4 MB goal, 0 MB stacks, 0 MB globals, 4 P
gc 129 @4.754s 1%: 2.2+0.73+0.028 ms clock, 9.0+0.58/2.5/0+0.11 ms cpu, 3->3->1 MB, 4 MB goal, 0 MB stacks, 0 MB globals, 4 P
gc 130 @4.760s 1%: 0.058+2.3+0.050 ms clock, 0.23+0.67/0.76/0+0.20 ms cpu, 3->4->1 MB, 4 MB goal, 0 MB stacks, 0 MB globals, 4 P
gc 131 @4.766s 1%: 1.4+1.4+0.033 ms clock, 5.9+0.75/2.2/0+0.13 ms cpu, 3->4->1 MB, 4 MB goal, 0 MB stacks, 0 MB globals, 4 P
gc 132 @4.772s 1%: 0.093+0.91+0.057 ms clock, 0.37+0.71/0.76/0+0.22 ms cpu, 3->3->1 MB, 4 MB goal, 0 MB stacks, 0 MB globals, 4 P
gc 133 @4.778s 1%: 0.068+1.4+0.003 ms clock, 0.27+0.50/0.67/0+0.013 ms cpu, 3->3->1 MB, 4 MB goal, 0 MB stacks, 0 MB globals, 4 P
gc 134 @4.783s 1%: 0.082+1.7+0.036 ms clock, 0.33+0.45/0.77/0+0.14 ms cpu, 3->3->1 MB, 4 MB goal, 0 MB stacks, 0 MB globals, 4 P
gc 135 @4.789s 1%: 0.096+1.0+0.064 ms clock, 0.38+0.51/0.87/0+0.25 ms cpu, 3->3->1 MB, 4 MB goal, 0 MB stacks, 0 MB globals, 4 P
gc 136 @4.795s 1%: 0.28+1.7+0.061 ms clock, 1.1+0.46/0.99/0.001+0.24 ms cpu, 3->3->1 MB, 4 MB goal, 0 MB stacks, 0 MB globals, 4 P
gc 137 @4.801s 1%: 0.21+1.7+0.022 ms clock, 0.87+0.78/0.87/0.080+0.091 ms cpu, 3->3->1 MB, 4 MB goal, 0 MB stacks, 0 MB globals, 4 P
gc 138 @4.806s 1%: 0.068+1.7+0.060 ms clock, 0.27+0.70/0.67/0+0.24 ms cpu, 3->3->1 MB, 4 MB goal, 0 MB stacks, 0 MB globals, 4 P
gc 139 @4.812s 1%: 0.051+0.77+0.042 ms clock, 0.20+0.66/0.60/0+0.17 ms cpu, 3->3->1 MB, 4 MB goal, 0 MB stacks, 0 MB globals, 4 P
gc 140 @4.818s 1%: 0.40+1.7+0.038 ms clock, 1.6+0.54/1.9/0+0.15 ms cpu, 3->3->1 MB, 4 MB goal, 0 MB stacks, 0 MB globals, 4 P
gc 141 @4.823s 1%: 0.12+1.6+0.047 ms clock, 0.48+0.27/0.81/0+0.18 ms cpu, 3->3->1 MB, 4 MB goal, 0 MB stacks, 0 MB globals, 4 P
gc 142 @4.829s 1%: 0.072+0.87+0.029 ms clock, 0.28+0.64/0.79/0+0.11 ms cpu, 3->3->1 MB, 4 MB goal, 0 MB stacks, 0 MB globals, 4 P
gc 143 @4.835s 1%: 0.079+2.1+0.025 ms clock, 0.31+0.51/0.93/0+0.10 ms cpu, 3->3->1 MB, 4 MB goal, 0 MB stacks, 0 MB globals, 4 P
gc 144 @4.841s 1%: 0.059+0.80+0.045 ms clock, 0.23+0.71/0.67/0+0.18 ms cpu, 3->3->1 MB, 4 MB goal, 0 MB stacks, 0 MB globals, 4 P
gc 145 @4.846s 1%: 0.053+1.6+0.005 ms clock, 0.21+0.59/0.54/0+0.020 ms cpu, 3->3->1 MB, 4 MB goal, 0 MB stacks, 0 MB globals, 4 P
gc 146 @4.852s 1%: 0.40+0.83+0.034 ms clock, 1.6+0.39/1.1/0+0.13 ms cpu, 3->3->1 MB, 4 MB goal, 0 MB stacks, 0 MB globals, 4 P
gc 147 @4.857s 1%: 0.048+0.81+0.044 ms clock, 0.19+0.66/0.62/0+0.17 ms cpu, 3->3->1 MB, 4 MB goal, 0 MB stacks, 0 MB globals, 4 P
gc 148 @4.863s 1%: 0.079+0.58+0.053 ms clock, 0.31+0.77/0.48/0+0.21 ms cpu, 3->3->1 MB, 4 MB goal, 0 MB stacks, 0 MB globals, 4 P
gc 149 @4.868s 1%: 0.10+1.1+0.047 ms clock, 0.41+0.82/0.88/0+0.18 ms cpu, 3->3->1 MB, 4 MB goal, 0 MB stacks, 0 MB globals, 4 P
gc 150 @4.874s 1%: 0.34+1.4+0.033 ms clock, 1.3+0.45/1.6/0.021+0.13 ms cpu, 3->3->1 MB, 4 MB goal, 0 MB stacks, 0 MB globals, 4 P
gc 151 @4.880s 1%: 2.4+0.63+0.021 ms clock, 9.7+0.62/2.5/0+0.087 ms cpu, 3->4->1 MB, 4 MB goal, 0 MB stacks, 0 MB globals, 4 P
gc 152 @4.886s 1%: 0.080+1.1+0.041 ms clock, 0.32+0.42/0.62/0.12+0.16 ms cpu, 3->3->1 MB, 4 MB goal, 0 MB stacks, 0 MB globals, 4 P
gc 153 @4.892s 1%: 0.071+1.8+0.080 ms clock, 0.28+0.76/0.49/0+0.32 ms cpu, 3->3->1 MB, 4 MB goal, 0 MB stacks, 0 MB globals, 4 P
gc 154 @4.897s 1%: 0.042+1.5+0.028 ms clock, 0.17+0.47/0.57/0+0.11 ms cpu, 3->3->1 MB, 4 MB goal, 0 MB stacks, 0 MB globals, 4 P
gc 155 @4.903s 1%: 0.087+0.78+0.040 ms clock, 0.35+0.66/0.66/0+0.16 ms cpu, 3->3->1 MB, 4 MB goal, 0 MB stacks, 0 MB globals, 4 P
gc 156 @4.908s 1%: 0.097+1.5+0.022 ms clock, 0.39+1.2/0.006/0+0.090 ms cpu, 3->3->1 MB, 4 MB goal, 0 MB stacks, 0 MB globals, 4 P
gc 157 @4.914s 1%: 0.051+2.5+0.040 ms clock, 0.20+0.59/0.53/0+0.16 ms cpu, 3->3->1 MB, 4 MB goal, 0 MB stacks, 0 MB globals, 4 P
gc 158 @4.919s 1%: 0.023+0.61+0.056 ms clock, 0.094+0.91/0.52/0+0.22 ms cpu, 3->3->1 MB, 4 MB goal, 0 MB stacks, 0 MB globals, 4 P
gc 159 @4.925s 1%: 0.072+0.54+0.028 ms clock, 0.29+0.82/0.47/0+0.11 ms cpu, 3->3->1 MB, 4 MB goal, 0 MB stacks, 0 MB globals, 4 P
gc 160 @4.930s 1%: 0.043+1.6+0.033 ms clock, 0.17+0.41/0.82/0+0.13 ms cpu, 3->3->1 MB, 4 MB goal, 0 MB stacks, 0 MB globals, 4 P
gc 161 @4.936s 1%: 0.088+0.71+0.026 ms clock, 0.35+0.71/0.57/0+0.10 ms cpu, 3->3->1 MB, 4 MB goal, 0 MB stacks, 0 MB globals, 4 P
gc 162 @4.941s 1%: 0.060+1.8+0.038 ms clock, 0.24+0.34/0.73/0+0.15 ms cpu, 3->3->1 MB, 4 MB goal, 0 MB stacks, 0 MB globals, 4 P
gc 163 @4.947s 1%: 0.068+1.8+0.003 ms clock, 0.27+0.39/0.64/0+0.014 ms cpu, 3->3->1 MB, 4 MB goal, 0 MB stacks, 0 MB globals, 4 P
gc 164 @4.953s 1%: 0.050+0.73+0.047 ms clock, 0.20+0.84/0.59/0+0.18 ms cpu, 3->3->1 MB, 4 MB goal, 0 MB stacks, 0 MB globals, 4 P
gc 165 @4.958s 1%: 0.085+1.0+0.057 ms clock, 0.34+0.83/0.91/0+0.22 ms cpu, 3->3->1 MB, 4 MB goal, 0 MB stacks, 0 MB globals, 4 P
gc 166 @4.964s 1%: 0.090+1.8+0.037 ms clock, 0.36+1.4/0.75/0+0.14 ms cpu, 3->3->1 MB, 4 MB goal, 0 MB stacks, 0 MB globals, 4 P
gc 167 @4.970s 1%: 0.041+0.61+0.027 ms clock, 0.16+0.85/0.50/0+0.11 ms cpu, 3->3->1 MB, 4 MB goal, 0 MB stacks, 0 MB globals, 4 P
gc 168 @4.975s 1%: 0.071+1.0+0.052 ms clock, 0.28+0.56/0.99/0+0.20 ms cpu, 3->3->1 MB, 4 MB goal, 0 MB stacks, 0 MB globals, 4 P
gc 169 @4.981s 1%: 0.060+0.63+0.029 ms clock, 0.24+0.85/0.52/0+0.11 ms cpu, 3->3->1 MB, 4 MB goal, 0 MB stacks, 0 MB globals, 4 P
gc 170 @4.986s 1%: 0.096+1.7+0.027 ms clock, 0.38+0.34/0.70/0+0.10 ms cpu, 3->3->1 MB, 4 MB goal, 0 MB stacks, 0 MB globals, 4 P
gc 171 @4.992s 1%: 0.078+1.7+0.020 ms clock, 0.31+0.65/0.68/0+0.080 ms cpu, 3->3->1 MB, 4 MB goal, 0 MB stacks, 0 MB globals, 4 P
gc 172 @4.998s 1%: 1.6+0.97+0.008 ms clock, 6.5+0.49/2.2/0+0.035 ms cpu, 3->3->1 MB, 4 MB goal, 0 MB stacks, 0 MB globals, 4 P
gc 173 @5.003s 1%: 0.11+1.3+0.057 ms clock, 0.46+0.45/0.79/0+0.22 ms cpu, 3->3->1 MB, 4 MB goal, 0 MB stacks, 0 MB globals, 4 P
gc 174 @5.009s 1%: 0.34+0.98+0.022 ms clock, 1.3+0.64/1.1/0+0.091 ms cpu, 3->3->1 MB, 4 MB goal, 0 MB stacks, 0 MB globals, 4 P
gc 175 @5.014s 1%: 0.036+0.72+0.058 ms clock, 0.14+0.80/0.55/0+0.23 ms cpu, 3->3->1 MB, 4 MB goal, 0 MB stacks, 0 MB globals, 4 P
gc 176 @5.020s 1%: 0.045+1.2+0.035 ms clock, 0.18+1.0/1.1/0+0.14 ms cpu, 3->3->1 MB, 4 MB goal, 0 MB stacks, 0 MB globals, 4 P
gc 177 @5.025s 1%: 0.059+1.7+0.024 ms clock, 0.23+0.43/0.67/0+0.096 ms cpu, 3->3->1 MB, 4 MB goal, 0 MB stacks, 0 MB globals, 4 P
gc 178 @5.031s 1%: 0.077+1.5+0.026 ms clock, 0.31+1.0/0.30/0+0.10 ms cpu, 3->3->1 MB, 4 MB goal, 0 MB stacks, 0 MB globals, 4 P
gc 179 @5.037s 1%: 0.33+0.78+0.037 ms clock, 1.3+0.33/1.0/0+0.15 ms cpu, 3->3->1 MB, 4 MB goal, 0 MB stacks, 0 MB globals, 4 P
gc 180 @5.042s 1%: 0.11+1.5+0.037 ms clock, 0.45+0.37/0.72/0+0.15 ms cpu, 3->3->1 MB, 4 MB goal, 0 MB stacks, 0 MB globals, 4 P
gc 181 @5.048s 1%: 0.059+1.2+0.027 ms clock, 0.23+1.1/0/0+0.11 ms cpu, 3->3->1 MB, 4 MB goal, 0 MB stacks, 0 MB globals, 4 P
gc 182 @5.053s 1%: 0.41+0.66+0.050 ms clock, 1.6+0.59/0.90/0+0.20 ms cpu, 3->3->1 MB, 4 MB goal, 0 MB stacks, 0 MB globals, 4 P
gc 183 @5.059s 1%: 0.070+1.1+0.044 ms clock, 0.28+1.1/0/0+0.17 ms cpu, 3->3->1 MB, 4 MB goal, 0 MB stacks, 0 MB globals, 4 P
gc 184 @5.064s 1%: 0.061+0.66+0.043 ms clock, 0.24+0.86/0.56/0+0.17 ms cpu, 3->3->1 MB, 4 MB goal, 0 MB stacks, 0 MB globals, 4 P
gc 185 @5.070s 1%: 0.43+0.62+0.027 ms clock, 1.7+0.74/0.80/0+0.10 ms cpu, 3->3->1 MB, 4 MB goal, 0 MB stacks, 0 MB globals, 4 P
gc 186 @5.075s 1%: 0.099+0.97+0.097 ms clock, 0.39+0.72/0.62/0+0.39 ms cpu, 3->3->1 MB, 4 MB goal, 0 MB stacks, 0 MB globals, 4 P
gc 187 @5.081s 1%: 0.060+0.61+0.033 ms clock, 0.24+0.83/0.53/0+0.13 ms cpu, 3->3->1 MB, 4 MB goal, 0 MB stacks, 0 MB globals, 4 P
gc 188 @5.086s 1%: 0.32+1.3+0.035 ms clock, 1.3+0.50/1.5/0.016+0.14 ms cpu, 3->3->1 MB, 4 MB goal, 0 MB stacks, 0 MB globals, 4 P
gc 189 @5.092s 1%: 0.076+1.6+0.042 ms clock, 0.30+0.65/0.62/0+0.16 ms cpu, 3->3->1 MB, 4 MB goal, 0 MB stacks, 0 MB globals, 4 P
gc 190 @5.098s 1%: 0.12+1.7+0.066 ms clock, 0.51+0.23/0.86/0+0.26 ms cpu, 3->3->1 MB, 4 MB goal, 0 MB stacks, 0 MB globals, 4 P
gc 191 @5.103s 1%: 0.080+0.94+0.057 ms clock, 0.32+0.76/0.49/0+0.22 ms cpu, 3->3->1 MB, 4 MB goal, 0 MB stacks, 0 MB globals, 4 P
gc 192 @5.109s 1%: 0.058+0.92+0.049 ms clock, 0.23+0.94/0.75/0+0.19 ms cpu, 3->3->1 MB, 4 MB goal, 0 MB stacks, 0 MB globals, 4 P
gc 193 @5.114s 1%: 0.054+0.94+0.043 ms clock, 0.21+0.75/0.84/0+0.17 ms cpu, 3->3->1 MB, 4 MB goal, 0 MB stacks, 0 MB globals, 4 P
gc 194 @5.120s 1%: 0.081+2.3+0.030 ms clock, 0.32+1.0/1.3/0+0.12 ms cpu, 3->3->1 MB, 4 MB goal, 0 MB stacks, 0 MB globals, 4 P
gc 195 @5.126s 1%: 0.051+0.63+0.027 ms clock, 0.20+0.71/0.57/0+0.10 ms cpu, 3->3->1 MB, 4 MB goal, 0 MB stacks, 0 MB globals, 4 P
gc 196 @5.131s 1%: 0.059+1.3+0.045 ms clock, 0.23+0.85/0.84/0+0.18 ms cpu, 3->3->1 MB, 4 MB goal, 0 MB stacks, 0 MB globals, 4 P
gc 197 @5.137s 1%: 0.055+1.8+0.030 ms clock, 0.22+0.84/0.55/0+0.12 ms cpu, 3->3->1 MB, 4 MB goal, 0 MB stacks, 0 MB globals, 4 P
gc 198 @5.142s 1%: 0.048+0.84+0.073 ms clock, 0.19+0.47/0.71/0+0.29 ms cpu, 3->3->1 MB, 4 MB goal, 0 MB stacks, 0 MB globals, 4 P
gc 199 @5.148s 1%: 0.36+0.55+0.027 ms clock, 1.4+0.050/0.81/0+0.10 ms cpu, 3->3->1 MB, 4 MB goal, 0 MB stacks, 0 MB globals, 4 P
gc 200 @5.153s 1%: 0.39+1.1+0.042 ms clock, 1.5+0.36/1.3/0+0.16 ms cpu, 3->3->1 MB, 4 MB goal, 0 MB stacks, 0 MB globals, 4 P
gc 201 @5.159s 1%: 0.45+1.9+0.040 ms clock, 1.8+0.52/2.2/0+0.16 ms cpu, 3->3->1 MB, 4 MB goal, 0 MB stacks, 0 MB globals, 4 P
gc 202 @5.165s 1%: 0.041+0.92+0.040 ms clock, 0.16+1.4/0.66/0+0.16 ms cpu, 3->3->1 MB, 4 MB goal, 0 MB stacks, 0 MB globals, 4 P
gc 203 @5.170s 1%: 0.051+0.56+0.041 ms clock, 0.20+0.90/0.47/0+0.16 ms cpu, 3->3->1 MB, 4 MB goal, 0 MB stacks, 0 MB globals, 4 P
gc 204 @5.176s 1%: 0.44+1.1+0.052 ms clock, 1.7+0.63/0.76/0+0.21 ms cpu, 3->3->1 MB, 4 MB goal, 0 MB stacks, 0 MB globals, 4 P
gc 205 @5.181s 1%: 0.074+1.7+0.042 ms clock, 0.29+1.4/0.86/0+0.17 ms cpu, 3->3->1 MB, 4 MB goal, 0 MB stacks, 0 MB globals, 4 P
gc 206 @5.187s 1%: 0.067+1.6+0.068 ms clock, 0.27+0.59/0.88/0+0.27 ms cpu, 3->3->1 MB, 4 MB goal, 0 MB stacks, 0 MB globals, 4 P
gc 207 @5.193s 1%: 0.045+1.0+0.058 ms clock, 0.18+1.2/0/0+0.23 ms cpu, 3->3->1 MB, 4 MB goal, 0 MB stacks, 0 MB globals, 4 P
gc 208 @5.198s 1%: 0.057+0.71+0.073 ms clock, 0.23+0.71/0.61/0+0.29 ms cpu, 3->3->1 MB, 4 MB goal, 0 MB stacks, 0 MB globals, 4 P
gc 209 @5.203s 1%: 0.059+2.2+0.004 ms clock, 0.23+0.70/0.60/0+0.017 ms cpu, 3->3->1 MB, 4 MB goal, 0 MB stacks, 0 MB globals, 4 P
gc 210 @5.209s 1%: 0.042+0.70+0.033 ms clock, 0.16+0.89/0.59/0+0.13 ms cpu, 3->3->1 MB, 4 MB goal, 0 MB stacks, 0 MB globals, 4 P
gc 211 @5.215s 1%: 0.094+2.9+0.073 ms clock, 0.37+0.92/2.7/0+0.29 ms cpu, 3->3->1 MB, 4 MB goal, 0 MB stacks, 0 MB globals, 4 P
gc 212 @5.221s 1%: 0.11+0.65+0.038 ms clock, 0.44+0.69/0.57/0+0.15 ms cpu, 3->3->1 MB, 4 MB goal, 0 MB stacks, 0 MB globals, 4 P
gc 213 @5.226s 1%: 2.2+0.99+0.031 ms clock, 8.8+0.36/2.5/0+0.12 ms cpu, 3->3->1 MB, 4 MB goal, 0 MB stacks, 0 MB globals, 4 P
gc 214 @5.232s 1%: 0.091+0.79+0.043 ms clock, 0.36+0.58/0.68/0+0.17 ms cpu, 3->3->1 MB, 4 MB goal, 0 MB stacks, 0 MB globals, 4 P
gc 215 @5.237s 1%: 0.064+1.8+0.020 ms clock, 0.25+0.75/0.56/0+0.083 ms cpu, 3->3->1 MB, 4 MB goal, 0 MB stacks, 0 MB globals, 4 P
gc 216 @5.243s 1%: 0.058+0.70+0.030 ms clock, 0.23+0.89/0.52/0+0.12 ms cpu, 3->3->1 MB, 4 MB goal, 0 MB stacks, 0 MB globals, 4 P
gc 217 @5.248s 1%: 0.066+0.69+0.041 ms clock, 0.26+0.72/0.59/0+0.16 ms cpu, 3->3->1 MB, 4 MB goal, 0 MB stacks, 0 MB globals, 4 P
gc 218 @5.254s 1%: 0.078+0.93+0.077 ms clock, 0.31+0.60/0.76/0+0.31 ms cpu, 3->3->1 MB, 4 MB goal, 0 MB stacks, 0 MB globals, 4 P
gc 219 @5.259s 1%: 0.096+1.6+0.009 ms clock, 0.38+0.58/0.56/0+0.039 ms cpu, 3->3->1 MB, 4 MB goal, 0 MB stacks, 0 MB globals, 4 P
gc 220 @5.265s 1%: 0.059+0.99+0.040 ms clock, 0.23+0.63/0.90/0+0.16 ms cpu, 3->3->1 MB, 4 MB goal, 0 MB stacks, 0 MB globals, 4 P
gc 221 @5.270s 1%: 0.11+2.3+0.086 ms clock, 0.44+0.49/0.64/0+0.34 ms cpu, 3->3->1 MB, 4 MB goal, 0 MB stacks, 0 MB globals, 4 P
gc 222 @5.276s 1%: 0.062+1.6+0.004 ms clock, 0.25+0.62/0.77/0+0.016 ms cpu, 3->3->1 MB, 4 MB goal, 0 MB stacks, 0 MB globals, 4 P
gc 223 @5.282s 1%: 0.076+2.0+0.029 ms clock, 0.30+0.50/0.65/0+0.11 ms cpu, 3->3->1 MB, 4 MB goal, 0 MB stacks, 0 MB globals, 4 P
gc 224 @5.287s 1%: 0.43+1.8+0.009 ms clock, 1.7+0.26/1.3/0.14+0.036 ms cpu, 3->3->1 MB, 4 MB goal, 0 MB stacks, 0 MB globals, 4 P
gc 225 @5.293s 1%: 0.087+1.5+0.009 ms clock, 0.35+0.44/0.66/0+0.036 ms cpu, 3->3->1 MB, 4 MB goal, 0 MB stacks, 0 MB globals, 4 P
gc 226 @5.299s 1%: 0.33+1.8+0.024 ms clock, 1.3+0.50/1.8/0.009+0.096 ms cpu, 3->3->1 MB, 4 MB goal, 0 MB stacks, 0 MB globals, 4 P
gc 227 @5.305s 1%: 0.056+0.73+0.022 ms clock, 0.22+0.70/0.63/0+0.091 ms cpu, 3->3->1 MB, 4 MB goal, 0 MB stacks, 0 MB globals, 4 P
gc 228 @5.310s 1%: 0.072+0.71+0.044 ms clock, 0.29+0.63/0.57/0+0.17 ms cpu, 3->3->1 MB, 4 MB goal, 0 MB stacks, 0 MB globals, 4 P
gc 229 @5.315s 1%: 0.080+0.71+0.054 ms clock, 0.32+0.80/0.57/0+0.21 ms cpu, 3->3->1 MB, 4 MB goal, 0 MB stacks, 0 MB globals, 4 P
gc 230 @5.321s 1%: 0.060+1.4+0.072 ms clock, 0.24+0.56/0.70/0+0.28 ms cpu, 3->3->1 MB, 4 MB goal, 0 MB stacks, 0 MB globals, 4 P
gc 231 @5.327s 1%: 0.052+0.65+0.043 ms clock, 0.21+0.87/0.50/0+0.17 ms cpu, 3->3->1 MB, 4 MB goal, 0 MB stacks, 0 MB globals, 4 P
gc 232 @5.332s 1%: 0.048+1.8+0.093 ms clock, 0.19+0.67/0.51/0+0.37 ms cpu, 3->3->1 MB, 4 MB goal, 0 MB stacks, 0 MB globals, 4 P
gc 233 @5.338s 1%: 0.060+1.2+0.093 ms clock, 0.24+0.75/0.51/0+0.37 ms cpu, 3->3->1 MB, 4 MB goal, 0 MB stacks, 0 MB globals, 4 P
gc 234 @5.343s 1%: 0.055+0.63+0.072 ms clock, 0.22+0.93/0.51/0+0.29 ms cpu, 3->3->1 MB, 4 MB goal, 0 MB stacks, 0 MB globals, 4 P
gc 235 @5.349s 1%: 0.072+2.0+0.082 ms clock, 0.28+0.52/0.63/0+0.32 ms cpu, 3->3->1 MB, 4 MB goal, 0 MB stacks, 0 MB globals, 4 P
gc 236 @5.355s 2%: 0.31+1.9+0.004 ms clock, 1.2+0.66/1.9/0+0.019 ms cpu, 3->3->1 MB, 4 MB goal, 0 MB stacks, 0 MB globals, 4 P
gc 237 @5.360s 2%: 0.038+1.1+0.009 ms clock, 0.15+0.53/0.48/0+0.036 ms cpu, 3->3->1 MB, 4 MB goal, 0 MB stacks, 0 MB globals, 4 P
gc 238 @5.366s 2%: 2.2+0.91+0.036 ms clock, 8.9+0.32/2.4/0+0.14 ms cpu, 3->3->1 MB, 4 MB goal, 0 MB stacks, 0 MB globals, 4 P
gc 239 @5.372s 2%: 0.046+0.78+0.024 ms clock, 0.18+0.75/0.61/0+0.098 ms cpu, 3->3->1 MB, 4 MB goal, 0 MB stacks, 0 MB globals, 4 P
gc 240 @5.377s 2%: 0.074+0.71+0.033 ms clock, 0.29+0.78/0.64/0+0.13 ms cpu, 3->3->1 MB, 4 MB goal, 0 MB stacks, 0 MB globals, 4 P
gc 241 @5.383s 2%: 0.068+0.53+0.089 ms clock, 0.27+0.95/0.45/0+0.35 ms cpu, 3->3->1 MB, 4 MB goal, 0 MB stacks, 0 MB globals, 4 P
gc 242 @5.388s 2%: 0.049+0.66+0.019 ms clock, 0.19+0.79/0.59/0+0.076 ms cpu, 3->3->1 MB, 4 MB goal, 0 MB stacks, 0 MB globals, 4 P
gc 243 @5.393s 2%: 0.065+1.9+0.034 ms clock, 0.26+0.45/0.71/0+0.13 ms cpu, 3->3->1 MB, 4 MB goal, 0 MB stacks, 0 MB globals, 4 P
gc 244 @5.399s 2%: 0.31+1.2+0.030 ms clock, 1.2+0.58/0.98/0+0.12 ms cpu, 3->3->1 MB, 4 MB goal, 0 MB stacks, 0 MB globals, 4 P
gc 245 @5.405s 2%: 0.36+0.92+0.038 ms clock, 1.4+0.47/1.1/0.004+0.15 ms cpu, 3->3->1 MB, 4 MB goal, 0 MB stacks, 0 MB globals, 4 P
gc 246 @5.410s 2%: 0.089+1.8+0.037 ms clock, 0.35+0.53/0.62/0+0.15 ms cpu, 3->3->1 MB, 4 MB goal, 0 MB stacks, 0 MB globals, 4 P
gc 247 @5.416s 2%: 0.060+1.2+0.043 ms clock, 0.24+1.1/0/0+0.17 ms cpu, 3->3->1 MB, 4 MB goal, 0 MB stacks, 0 MB globals, 4 P
gc 248 @5.422s 2%: 0.35+2.1+0.086 ms clock, 1.4+0.53/1.6/0+0.34 ms cpu, 3->3->1 MB, 4 MB goal, 0 MB stacks, 0 MB globals, 4 P
gc 249 @5.428s 2%: 0.053+1.6+0.034 ms clock, 0.21+0.38/0.72/0+0.13 ms cpu, 3->4->1 MB, 4 MB goal, 0 MB stacks, 0 MB globals, 4 P
gc 250 @5.433s 2%: 1.3+0.56+0.077 ms clock, 5.3+1.4/0.59/0+0.31 ms cpu, 3->3->1 MB, 4 MB goal, 0 MB stacks, 0 MB globals, 4 P
gc 251 @5.439s 2%: 0.98+1.3+0.056 ms clock, 3.9+0.29/1.3/0+0.22 ms cpu, 3->3->1 MB, 4 MB goal, 0 MB stacks, 0 MB globals, 4 P
gc 252 @5.445s 2%: 0.090+1.4+0.035 ms clock, 0.36+0.68/0.66/0+0.14 ms cpu, 3->3->1 MB, 4 MB goal, 0 MB stacks, 0 MB globals, 4 P
gc 253 @5.451s 2%: 0.051+0.82+0.023 ms clock, 0.20+0.96/0.71/0+0.094 ms cpu, 3->3->1 MB, 4 MB goal, 0 MB stacks, 0 MB globals, 4 P
gc 254 @5.456s 2%: 0.077+0.98+0.007 ms clock, 0.31+0.42/0.74/0+0.028 ms cpu, 3->3->1 MB, 4 MB goal, 0 MB stacks, 0 MB globals, 4 P
gc 255 @5.462s 2%: 0.064+1.7+0.054 ms clock, 0.25+0.66/0.62/0+0.21 ms cpu, 3->3->1 MB, 4 MB goal, 0 MB stacks, 0 MB globals, 4 P
gc 256 @5.467s 2%: 0.077+0.78+0.078 ms clock, 0.30+0.69/0.64/0+0.31 ms cpu, 3->3->1 MB, 4 MB goal, 0 MB stacks, 0 MB globals, 4 P
gc 257 @5.473s 2%: 0.095+0.52+0.041 ms clock, 0.38+0.79/0.49/0+0.16 ms cpu, 3->3->1 MB, 4 MB goal, 0 MB stacks, 0 MB globals, 4 P
gc 258 @5.478s 2%: 0.048+2.0+0.037 ms clock, 0.19+0.86/0.59/0+0.14 ms cpu, 3->3->1 MB, 4 MB goal, 0 MB stacks, 0 MB globals, 4 P
gc 259 @5.484s 2%: 0.095+0.83+0.087 ms clock, 0.38+0.81/0.65/0+0.34 ms cpu, 3->3->1 MB, 4 MB goal, 0 MB stacks, 0 MB globals, 4 P
gc 260 @5.489s 2%: 0.065+1.2+0.026 ms clock, 0.26+0.70/0.56/0+0.10 ms cpu, 3->3->1 MB, 4 MB goal, 0 MB stacks, 0 MB globals, 4 P
gc 261 @5.495s 2%: 0.34+1.2+0.045 ms clock, 1.3+0.58/1.4/0+0.18 ms cpu, 3->3->1 MB, 4 MB goal, 0 MB stacks, 0 MB globals, 4 P
gc 262 @5.501s 2%: 0.075+0.75+0.070 ms clock, 0.30+0.84/0.57/0+0.28 ms cpu, 3->3->1 MB, 4 MB goal, 0 MB stacks, 0 MB globals, 4 P
gc 263 @5.506s 2%: 0.027+0.65+0.026 ms clock, 0.10+0.80/0.53/0+0.10 ms cpu, 3->3->1 MB, 4 MB goal, 0 MB stacks, 0 MB globals, 4 P
gc 264 @5.512s 2%: 0.38+1.6+0.011 ms clock, 1.5+0.28/1.1/0.041+0.045 ms cpu, 3->3->1 MB, 4 MB goal, 0 MB stacks, 0 MB globals, 4 P
gc 265 @5.517s 2%: 0.34+1.6+0.016 ms clock, 1.3+0.43/1.1/0+0.067 ms cpu, 3->3->1 MB, 4 MB goal, 0 MB stacks, 0 MB globals, 4 P
gc 266 @5.523s 2%: 0.073+1.2+0.044 ms clock, 0.29+1.1/1.1/0+0.17 ms cpu, 3->3->1 MB, 4 MB goal, 0 MB stacks, 0 MB globals, 4 P
gc 267 @5.529s 2%: 0.072+0.63+0.024 ms clock, 0.29+1.1/0.065/0+0.097 ms cpu, 3->3->1 MB, 4 MB goal, 0 MB stacks, 0 MB globals, 4 P
gc 268 @5.534s 2%: 0.058+0.74+0.043 ms clock, 0.23+0.82/0.54/0+0.17 ms cpu, 3->3->1 MB, 4 MB goal, 0 MB stacks, 0 MB globals, 4 P
gc 269 @5.540s 2%: 0.35+1.7+0.030 ms clock, 1.4+0.61/1.9/0.020+0.12 ms cpu, 3->3->1 MB, 4 MB goal, 0 MB stacks, 0 MB globals, 4 P
gc 270 @5.545s 2%: 0.075+1.5+0.048 ms clock, 0.30+0.54/0.60/0+0.19 ms cpu, 3->3->1 MB, 4 MB goal, 0 MB stacks, 0 MB globals, 4 P
gc 271 @5.551s 2%: 0.059+1.2+0.022 ms clock, 0.23+0.48/0.60/0+0.089 ms cpu, 3->3->1 MB, 4 MB goal, 0 MB stacks, 0 MB globals, 4 P
gc 272 @5.556s 2%: 0.063+1.8+0.045 ms clock, 0.25+0.90/0.66/0+0.18 ms cpu, 3->3->1 MB, 4 MB goal, 0 MB stacks, 0 MB globals, 4 P
gc 273 @5.562s 2%: 0.061+1.8+0.042 ms clock, 0.24+0.90/0.61/0+0.17 ms cpu, 3->3->1 MB, 4 MB goal, 0 MB stacks, 0 MB globals, 4 P
gc 274 @5.568s 2%: 0.14+2.1+0.033 ms clock, 0.56+0.45/0.61/0+0.13 ms cpu, 3->3->1 MB, 4 MB goal, 0 MB stacks, 0 MB globals, 4 P
gc 275 @5.574s 2%: 0.025+1.9+0.003 ms clock, 0.10+0.49/0.52/0+0.015 ms cpu, 3->3->1 MB, 4 MB goal, 0 MB stacks, 0 MB globals, 4 P
gc 276 @5.579s 2%: 0.046+0.67+0.033 ms clock, 0.18+0.85/0.56/0+0.13 ms cpu, 3->3->1 MB, 4 MB goal, 0 MB stacks, 0 MB globals, 4 P
gc 277 @5.585s 2%: 0.26+2.0+0.020 ms clock, 1.0+0.61/1.2/0+0.083 ms cpu, 3->3->1 MB, 4 MB goal, 0 MB stacks, 0 MB globals, 4 P
gc 278 @5.590s 2%: 0.045+2.2+0.078 ms clock, 0.18+0.50/1.3/0.91+0.31 ms cpu, 3->3->1 MB, 4 MB goal, 0 MB stacks, 0 MB globals, 4 P
gc 279 @5.596s 2%: 0.066+1.6+0.030 ms clock, 0.26+0.69/0.75/0+0.12 ms cpu, 3->3->1 MB, 4 MB goal, 0 MB stacks, 0 MB globals, 4 P
gc 280 @5.602s 2%: 0.058+1.1+0.039 ms clock, 0.23+0.76/0.53/0+0.15 ms cpu, 3->3->1 MB, 4 MB goal, 0 MB stacks, 0 MB globals, 4 P
gc 281 @5.608s 2%: 0.060+0.81+0.033 ms clock, 0.24+0.94/0.71/0+0.13 ms cpu, 3->3->1 MB, 4 MB goal, 0 MB stacks, 0 MB globals, 4 P
gc 282 @5.613s 2%: 0.36+0.98+0.037 ms clock, 1.4+0.40/1.2/0+0.15 ms cpu, 3->3->1 MB, 4 MB goal, 0 MB stacks, 0 MB globals, 4 P
gc 283 @5.619s 2%: 0.070+2.0+0.003 ms clock, 0.28+0.38/0.68/0+0.014 ms cpu, 3->3->1 MB, 4 MB goal, 0 MB stacks, 0 MB globals, 4 P
gc 284 @5.624s 2%: 0.073+0.83+0.054 ms clock, 0.29+0.86/0.69/0+0.21 ms cpu, 3->3->1 MB, 4 MB goal, 0 MB stacks, 0 MB globals, 4 P
gc 285 @5.630s 2%: 0.077+1.8+0.003 ms clock, 0.31+0.46/0.53/0+0.015 ms cpu, 3->3->1 MB, 4 MB goal, 0 MB stacks, 0 MB globals, 4 P
gc 286 @5.635s 2%: 0.062+0.63+0.027 ms clock, 0.25+0.74/0.55/0+0.10 ms cpu, 3->3->1 MB, 4 MB goal, 0 MB stacks, 0 MB globals, 4 P
gc 287 @5.641s 2%: 0.11+0.60+0.035 ms clock, 0.47+0.68/0.54/0+0.14 ms cpu, 3->3->1 MB, 4 MB goal, 0 MB stacks, 0 MB globals, 4 P
gc 288 @5.646s 2%: 0.066+1.5+0.053 ms clock, 0.26+0.52/0.62/0+0.21 ms cpu, 3->3->1 MB, 4 MB goal, 0 MB stacks, 0 MB globals, 4 P
gc 289 @5.652s 2%: 0.073+1.3+0.043 ms clock, 0.29+0.53/0.58/0+0.17 ms cpu, 3->3->1 MB, 4 MB goal, 0 MB stacks, 0 MB globals, 4 P
gc 290 @5.658s 2%: 0.049+1.9+0.082 ms clock, 0.19+0.62/0.56/0+0.33 ms cpu, 3->3->1 MB, 4 MB goal, 0 MB stacks, 0 MB globals, 4 P
gc 291 @5.664s 2%: 0.084+2.6+0.058 ms clock, 0.33+0.53/0.66/0+0.23 ms cpu, 3->4->1 MB, 4 MB goal, 0 MB stacks, 0 MB globals, 4 P
gc 292 @5.670s 2%: 0.39+0.94+0.030 ms clock, 1.5+0.46/1.1/0+0.12 ms cpu, 3->3->1 MB, 4 MB goal, 0 MB stacks, 0 MB globals, 4 P
gc 293 @5.675s 2%: 0.36+1.2+0.026 ms clock, 1.4+0.41/0.99/0+0.10 ms cpu, 3->3->1 MB, 4 MB goal, 0 MB stacks, 0 MB globals, 4 P
gc 294 @5.681s 2%: 0.083+1.7+0.075 ms clock, 0.33+0.49/0.64/0+0.30 ms cpu, 3->3->1 MB, 4 MB goal, 0 MB stacks, 0 MB globals, 4 P
gc 295 @5.687s 2%: 0.061+1.3+0.064 ms clock, 0.24+0.75/0.86/0+0.25 ms cpu, 3->3->1 MB, 4 MB goal, 0 MB stacks, 0 MB globals, 4 P
gc 296 @5.692s 2%: 0.056+0.65+0.033 ms clock, 0.22+0.84/0.49/0+0.13 ms cpu, 3->3->1 MB, 4 MB goal, 0 MB stacks, 0 MB globals, 4 P
gc 297 @5.698s 2%: 0.066+0.86+0.064 ms clock, 0.26+0.82/0.66/0+0.25 ms cpu, 3->3->1 MB, 4 MB goal, 0 MB stacks, 0 MB globals, 4 P
gc 298 @5.703s 2%: 0.046+0.65+0.030 ms clock, 0.18+0.91/0.52/0+0.12 ms cpu, 3->3->1 MB, 4 MB goal, 0 MB stacks, 0 MB globals, 4 P
gc 299 @5.709s 2%: 0.048+0.78+0.059 ms clock, 0.19+0.86/0.69/0+0.23 ms cpu, 3->3->1 MB, 4 MB goal, 0 MB stacks, 0 MB globals, 4 P
gc 300 @5.714s 2%: 0.071+0.59+0.033 ms clock, 0.28+0.83/0.48/0+0.13 ms cpu, 3->3->1 MB, 4 MB goal, 0 MB stacks, 0 MB globals, 4 P
gc 301 @5.720s 2%: 0.061+2.4+0.073 ms clock, 0.24+0.52/0.62/0+0.29 ms cpu, 3->3->1 MB, 4 MB goal, 0 MB stacks, 0 MB globals, 4 P
gc 302 @5.725s 2%: 0.10+1.7+0.045 ms clock, 0.40+0.36/0.67/0+0.18 ms cpu, 3->3->1 MB, 4 MB goal, 0 MB stacks, 0 MB globals, 4 P
gc 303 @5.731s 2%: 0.070+2.2+0.021 ms clock, 0.28+0.60/0.69/0+0.085 ms cpu, 3->4->1 MB, 4 MB goal, 0 MB stacks, 0 MB globals, 4 P
gc 304 @5.737s 2%: 0.022+1.4+0.077 ms clock, 0.090+0.64/0.68/0+0.30 ms cpu, 3->3->1 MB, 4 MB goal, 0 MB stacks, 0 MB globals, 4 P
gc 305 @5.743s 2%: 0.053+1.5+0.064 ms clock, 0.21+0.43/0.58/0+0.25 ms cpu, 3->3->1 MB, 4 MB goal, 0 MB stacks, 0 MB globals, 4 P
gc 306 @5.748s 2%: 0.084+0.74+0.043 ms clock, 0.33+0.89/0.63/0+0.17 ms cpu, 3->3->1 MB, 4 MB goal, 0 MB stacks, 0 MB globals, 4 P
gc 307 @5.754s 2%: 0.070+0.77+0.041 ms clock, 0.28+0.62/0.68/0+0.16 ms cpu, 3->3->1 MB, 4 MB goal, 0 MB stacks, 0 MB globals, 4 P
gc 308 @5.759s 2%: 0.054+1.1+0.038 ms clock, 0.21+0.72/1.0/0+0.15 ms cpu, 3->3->1 MB, 4 MB goal, 0 MB stacks, 0 MB globals, 4 P
gc 309 @5.765s 2%: 0.037+0.74+0.042 ms clock, 0.15+0.41/0.66/0+0.17 ms cpu, 3->3->1 MB, 4 MB goal, 0 MB stacks, 0 MB globals, 4 P
gc 310 @5.770s 2%: 0.044+1.6+0.059 ms clock, 0.17+0.48/0.66/0+0.23 ms cpu, 3->3->1 MB, 4 MB goal, 0 MB stacks, 0 MB globals, 4 P
gc 311 @5.776s 2%: 0.058+1.3+0.003 ms clock, 0.23+0.55/0.59/0+0.013 ms cpu, 3->3->1 MB, 4 MB goal, 0 MB stacks, 0 MB globals, 4 P
gc 312 @5.782s 2%: 0.062+1.6+0.069 ms clock, 0.24+0.51/0.61/0+0.27 ms cpu, 3->3->1 MB, 4 MB goal, 0 MB stacks, 0 MB globals, 4 P
gc 313 @5.788s 2%: 0.063+1.3+0.039 ms clock, 0.25+0.66/0.85/0+0.15 ms cpu, 3->3->1 MB, 4 MB goal, 0 MB stacks, 0 MB globals, 4 P
gc 314 @5.793s 2%: 0.098+0.72+0.049 ms clock, 0.39+0.64/0.59/0+0.19 ms cpu, 3->3->1 MB, 4 MB goal, 0 MB stacks, 0 MB globals, 4 P
gc 315 @5.799s 2%: 0.066+1.5+0.034 ms clock, 0.26+0.56/0.54/0+0.13 ms cpu, 3->3->1 MB, 4 MB goal, 0 MB stacks, 0 MB globals, 4 P
gc 316 @5.805s 2%: 0.081+1.4+0.079 ms clock, 0.32+0.40/0.79/0+0.31 ms cpu, 3->3->1 MB, 4 MB goal, 0 MB stacks, 0 MB globals, 4 P
gc 317 @5.811s 2%: 0.11+0.98+0.038 ms clock, 0.44+0.68/0.82/0+0.15 ms cpu, 3->3->1 MB, 4 MB goal, 0 MB stacks, 0 MB globals, 4 P
gc 318 @5.817s 2%: 0.069+0.53+0.016 ms clock, 0.27+0.82/0.47/0+0.067 ms cpu, 3->3->1 MB, 4 MB goal, 0 MB stacks, 0 MB globals, 4 P
gc 319 @5.823s 2%: 0.039+0.65+0.029 ms clock, 0.15+0.65/0.54/0.13+0.11 ms cpu, 3->3->1 MB, 4 MB goal, 0 MB stacks, 0 MB globals, 4 P
gc 320 @5.828s 2%: 0.089+0.63+0.039 ms clock, 0.35+0.72/0.55/0+0.15 ms cpu, 3->3->1 MB, 4 MB goal, 0 MB stacks, 0 MB globals, 4 P
gc 321 @5.834s 2%: 0.089+0.59+0.061 ms clock, 0.35+0.67/0.50/0+0.24 ms cpu, 3->3->1 MB, 4 MB goal, 0 MB stacks, 0 MB globals, 4 P
gc 322 @5.840s 2%: 0.058+0.62+0.061 ms clock, 0.23+0.82/0.52/0+0.24 ms cpu, 3->3->1 MB, 4 MB goal, 0 MB stacks, 0 MB globals, 4 P
gc 323 @5.846s 2%: 0.041+0.75+0.046 ms clock, 0.16+0.64/0.66/0+0.18 ms cpu, 3->3->1 MB, 4 MB goal, 0 MB stacks, 0 MB globals, 4 P
gc 324 @5.852s 2%: 0.063+1.2+0.036 ms clock, 0.25+1.0/0.95/0+0.14 ms cpu, 3->3->1 MB, 4 MB goal, 0 MB stacks, 0 MB globals, 4 P
gc 325 @5.858s 2%: 0.047+0.65+0.058 ms clock, 0.18+0.77/0.50/0+0.23 ms cpu, 3->3->1 MB, 4 MB goal, 0 MB stacks, 0 MB globals, 4 P
gc 326 @5.863s 2%: 0.047+1.1+0.070 ms clock, 0.18+0.84/0.97/0+0.28 ms cpu, 3->3->1 MB, 4 MB goal, 0 MB stacks, 0 MB globals, 4 P
gc 327 @5.868s 2%: 0.098+0.62+0.027 ms clock, 0.39+0.80/0.51/0+0.11 ms cpu, 3->3->1 MB, 4 MB goal, 0 MB stacks, 0 MB globals, 4 P
gc 328 @5.874s 2%: 0.069+0.85+0.054 ms clock, 0.27+0.81/0.67/0+0.21 ms cpu, 3->3->1 MB, 4 MB goal, 0 MB stacks, 0 MB globals, 4 P
gc 329 @5.879s 2%: 0.085+0.83+0.024 ms clock, 0.34+0.79/0.74/0+0.098 ms cpu, 3->3->1 MB, 4 MB goal, 0 MB stacks, 0 MB globals, 4 P
gc 330 @5.885s 2%: 0.069+0.70+0.051 ms clock, 0.27+0.86/0.58/0+0.20 ms cpu, 3->3->1 MB, 4 MB goal, 0 MB stacks, 0 MB globals, 4 P
gc 331 @5.890s 2%: 0.45+1.5+0.037 ms clock, 1.8+0.53/1.2/0+0.14 ms cpu, 3->3->1 MB, 4 MB goal, 0 MB stacks, 0 MB globals, 4 P
gc 332 @5.896s 2%: 0.019+0.65+0.051 ms clock, 0.078+0.67/0.52/0+0.20 ms cpu, 3->3->1 MB, 4 MB goal, 0 MB stacks, 0 MB globals, 4 P
gc 333 @5.901s 2%: 0.049+3.0+0.033 ms clock, 0.19+0.61/2.0/0.003+0.13 ms cpu, 3->3->1 MB, 4 MB goal, 0 MB stacks, 0 MB globals, 4 P
gc 334 @5.908s 2%: 0.047+1.0+0.064 ms clock, 0.19+0.77/0.90/0+0.25 ms cpu, 3->3->1 MB, 4 MB goal, 0 MB stacks, 0 MB globals, 4 P
gc 335 @5.913s 2%: 0.059+1.7+0.005 ms clock, 0.23+0.73/1.0/0+0.023 ms cpu, 3->3->1 MB, 4 MB goal, 0 MB stacks, 0 MB globals, 4 P
gc 336 @5.919s 2%: 0.080+1.5+0.027 ms clock, 0.32+0.47/0.66/0+0.11 ms cpu, 3->3->1 MB, 4 MB goal, 0 MB stacks, 0 MB globals, 4 P
gc 337 @5.925s 2%: 0.060+0.89+0.030 ms clock, 0.24+1.2/0.001/0+0.12 ms cpu, 3->3->1 MB, 4 MB goal, 0 MB stacks, 0 MB globals, 4 P
gc 338 @5.930s 2%: 0.10+2.2+0.024 ms clock, 0.41+0.64/0.77/0+0.096 ms cpu, 3->3->1 MB, 4 MB goal, 0 MB stacks, 0 MB globals, 4 P
gc 339 @5.936s 2%: 0.068+2.6+0.036 ms clock, 0.27+0.75/2.5/0+0.14 ms cpu, 3->4->1 MB, 4 MB goal, 0 MB stacks, 0 MB globals, 4 P
gc 340 @5.942s 2%: 0.051+1.4+0.022 ms clock, 0.20+0.73/1.3/0+0.090 ms cpu, 3->3->1 MB, 4 MB goal, 0 MB stacks, 0 MB globals, 4 P
gc 341 @5.947s 2%: 0.062+0.89+0.029 ms clock, 0.25+1.1/0.10/0+0.11 ms cpu, 3->3->1 MB, 4 MB goal, 0 MB stacks, 0 MB globals, 4 P
gc 342 @5.953s 2%: 0.058+1.8+0.054 ms clock, 0.23+0.58/0.94/0+0.21 ms cpu, 3->3->1 MB, 4 MB goal, 0 MB stacks, 0 MB globals, 4 P
gc 343 @5.958s 2%: 0.065+1.1+0.026 ms clock, 0.26+1.1/0.093/0+0.10 ms cpu, 3->3->1 MB, 4 MB goal, 0 MB stacks, 0 MB globals, 4 P
gc 344 @5.964s 2%: 0.069+1.9+0.026 ms clock, 0.27+0.73/0.63/0+0.10 ms cpu, 3->3->1 MB, 4 MB goal, 0 MB stacks, 0 MB globals, 4 P
gc 345 @5.970s 2%: 0.079+1.8+0.081 ms clock, 0.31+0.56/0.63/0+0.32 ms cpu, 3->3->1 MB, 4 MB goal, 0 MB stacks, 0 MB globals, 4 P
gc 346 @5.975s 2%: 0.090+1.6+0.017 ms clock, 0.36+0.72/0.73/0+0.071 ms cpu, 3->3->1 MB, 4 MB goal, 0 MB stacks, 0 MB globals, 4 P
gc 347 @5.981s 2%: 0.48+2.3+0.007 ms clock, 1.9+2.1/1.5/0+0.030 ms cpu, 3->4->1 MB, 4 MB goal, 0 MB stacks, 0 MB globals, 4 P
gc 348 @5.987s 2%: 0.072+1.8+0.083 ms clock, 0.28+0.86/0.094/0+0.33 ms cpu, 3->3->1 MB, 4 MB goal, 0 MB stacks, 0 MB globals, 4 P
gc 349 @5.993s 2%: 0.058+1.6+0.008 ms clock, 0.23+0.72/1.0/0+0.035 ms cpu, 3->3->1 MB, 4 MB goal, 0 MB stacks, 0 MB globals, 4 P
gc 350 @5.998s 2%: 0.073+1.6+0.050 ms clock, 0.29+0.37/0.71/0+0.20 ms cpu, 3->3->1 MB, 4 MB goal, 0 MB stacks, 0 MB globals, 4 P
gc 351 @6.004s 2%: 0.048+1.3+0.019 ms clock, 0.19+0.67/0.63/0+0.076 ms cpu, 3->3->1 MB, 4 MB goal, 0 MB stacks, 0 MB globals, 4 P
gc 352 @6.009s 2%: 0.058+1.1+0.035 ms clock, 0.23+0.55/0.51/0+0.14 ms cpu, 3->3->1 MB, 4 MB goal, 0 MB stacks, 0 MB globals, 4 P
gc 353 @6.015s 2%: 0.46+1.0+0.022 ms clock, 1.8+0.52/1.4/0+0.091 ms cpu, 3->3->1 MB, 4 MB goal, 0 MB stacks, 0 MB globals, 4 P
gc 354 @6.020s 2%: 0.12+0.76+0.028 ms clock, 0.48+0.64/0.65/0+0.11 ms cpu, 3->3->1 MB, 4 MB goal, 0 MB stacks, 0 MB globals, 4 P
gc 355 @6.026s 2%: 0.047+1.8+0.092 ms clock, 0.18+0.69/0.62/0+0.36 ms cpu, 3->3->1 MB, 4 MB goal, 0 MB stacks, 0 MB globals, 4 P
gc 356 @6.032s 2%: 1.7+0.43+0.033 ms clock, 7.0+0.95/1.8/0+0.13 ms cpu, 3->3->1 MB, 4 MB goal, 0 MB stacks, 0 MB globals, 4 P
gc 357 @6.038s 2%: 0.079+0.72+0.052 ms clock, 0.31+0.79/0.59/0+0.21 ms cpu, 3->3->1 MB, 4 MB goal, 0 MB stacks, 0 MB globals, 4 P
gc 358 @6.043s 2%: 0.047+1.4+0.049 ms clock, 0.19+0.46/0.68/0+0.19 ms cpu, 3->3->1 MB, 4 MB goal, 0 MB stacks, 0 MB globals, 4 P
gc 359 @6.049s 2%: 0.064+2.1+0.007 ms clock, 0.25+0.55/0.58/0+0.028 ms cpu, 3->3->1 MB, 4 MB goal, 0 MB stacks, 0 MB globals, 4 P
gc 360 @6.055s 2%: 0.040+0.83+0.048 ms clock, 0.16+0.86/0.70/0+0.19 ms cpu, 3->3->1 MB, 4 MB goal, 0 MB stacks, 0 MB globals, 4 P
gc 361 @6.060s 2%: 0.074+1.1+0.034 ms clock, 0.29+0.90/0.57/0+0.13 ms cpu, 3->3->1 MB, 4 MB goal, 0 MB stacks, 0 MB globals, 4 P
gc 362 @6.066s 2%: 0.071+1.2+0.005 ms clock, 0.28+0.77/0.61/0+0.021 ms cpu, 3->3->1 MB, 4 MB goal, 0 MB stacks, 0 MB globals, 4 P
gc 363 @6.071s 2%: 0.061+1.0+0.027 ms clock, 0.24+0.35/0.66/0+0.10 ms cpu, 3->3->1 MB, 4 MB goal, 0 MB stacks, 0 MB globals, 4 P
gc 364 @6.077s 2%: 0.046+0.70+0.018 ms clock, 0.18+0.93/0.56/0+0.075 ms cpu, 3->3->1 MB, 4 MB goal, 0 MB stacks, 0 MB globals, 4 P
gc 365 @6.082s 2%: 0.097+1.3+0.004 ms clock, 0.39+0.39/0.72/0+0.016 ms cpu, 3->3->1 MB, 4 MB goal, 0 MB stacks, 0 MB globals, 4 P
gc 366 @6.088s 2%: 0.40+2.1+0.025 ms clock, 1.6+0.005/0.85/0+0.10 ms cpu, 3->3->1 MB, 4 MB goal, 0 MB stacks, 0 MB globals, 4 P
gc 367 @6.094s 2%: 0.042+1.9+0.059 ms clock, 0.16+0.65/0.77/0+0.23 ms cpu, 3->3->1 MB, 4 MB goal, 0 MB stacks, 0 MB globals, 4 P
gc 368 @6.099s 2%: 0.061+0.76+0.007 ms clock, 0.24+0.94/0.57/0+0.030 ms cpu, 3->3->1 MB, 4 MB goal, 0 MB stacks, 0 MB globals, 4 P
gc 369 @6.105s 2%: 0.022+1.0+0.030 ms clock, 0.090+1.0/0.001/0+0.12 ms cpu, 3->3->1 MB, 4 MB goal, 0 MB stacks, 0 MB globals, 4 P
gc 370 @6.110s 2%: 1.5+0.82+0.083 ms clock, 6.2+0.79/1.6/0.003+0.33 ms cpu, 3->3->1 MB, 4 MB goal, 0 MB stacks, 0 MB globals, 4 P
gc 371 @6.116s 2%: 0.049+0.60+0.079 ms clock, 0.19+0.89/0.50/0+0.31 ms cpu, 3->3->1 MB, 4 MB goal, 0 MB stacks, 0 MB globals, 4 P
gc 372 @6.122s 2%: 0.063+2.0+0.017 ms clock, 0.25+0.46/0.52/0+0.068 ms cpu, 3->3->1 MB, 4 MB goal, 0 MB stacks, 0 MB globals, 4 P
gc 373 @6.127s 2%: 0.062+2.3+0.010 ms clock, 0.24+0.36/0.60/0+0.040 ms cpu, 3->3->1 MB, 4 MB goal, 0 MB stacks, 0 MB globals, 4 P
gc 374 @6.133s 2%: 0.11+0.91+0.070 ms clock, 0.47+0.83/0.72/0+0.28 ms cpu, 3->3->1 MB, 4 MB goal, 0 MB stacks, 0 MB globals, 4 P
gc 375 @6.139s 2%: 0.060+1.6+0.069 ms clock, 0.24+0.41/0.68/0+0.27 ms cpu, 3->3->1 MB, 4 MB goal, 0 MB stacks, 0 MB globals, 4 P
gc 376 @6.144s 2%: 0.059+1.4+0.018 ms clock, 0.23+0.64/0.62/0+0.073 ms cpu, 3->3->1 MB, 4 MB goal, 0 MB stacks, 0 MB globals, 4 P
gc 377 @6.150s 2%: 0.059+0.71+0.028 ms clock, 0.23+0.60/0.62/0+0.11 ms cpu, 3->3->1 MB, 4 MB goal, 0 MB stacks, 0 MB globals, 4 P
gc 378 @6.156s 2%: 0.083+1.3+0.076 ms clock, 0.33+0.98/0.44/0+0.30 ms cpu, 3->3->1 MB, 4 MB goal, 0 MB stacks, 0 MB globals, 4 P
gc 379 @6.161s 2%: 0.054+0.85+0.026 ms clock, 0.21+0.54/0.73/0+0.10 ms cpu, 3->3->1 MB, 4 MB goal, 0 MB stacks, 0 MB globals, 4 P
gc 380 @6.167s 2%: 0.059+0.66+0.055 ms clock, 0.23+0.72/0.54/0+0.22 ms cpu, 3->3->1 MB, 4 MB goal, 0 MB stacks, 0 MB globals, 4 P
gc 381 @6.172s 2%: 0.082+0.72+0.035 ms clock, 0.32+0.58/0.64/0+0.14 ms cpu, 3->3->1 MB, 4 MB goal, 0 MB stacks, 0 MB globals, 4 P
gc 382 @6.177s 2%: 0.045+0.77+0.045 ms clock, 0.18+0.71/0.64/0+0.18 ms cpu, 3->3->1 MB, 4 MB goal, 0 MB stacks, 0 MB globals, 4 P
gc 383 @6.183s 2%: 0.062+1.2+0.043 ms clock, 0.24+0.48/0.67/0+0.17 ms cpu, 3->3->1 MB, 4 MB goal, 0 MB stacks, 0 MB globals, 4 P
gc 384 @6.189s 2%: 0.054+0.61+0.057 ms clock, 0.21+0.78/0.51/0+0.23 ms cpu, 3->3->1 MB, 4 MB goal, 0 MB stacks, 0 MB globals, 4 P
gc 385 @6.195s 2%: 0.052+1.6+0.038 ms clock, 0.20+0.36/0.88/0+0.15 ms cpu, 3->3->1 MB, 4 MB goal, 0 MB stacks, 0 MB globals, 4 P
gc 386 @6.201s 2%: 0.082+0.77+0.060 ms clock, 0.32+1.1/0.72/0+0.24 ms cpu, 3->3->1 MB, 4 MB goal, 0 MB stacks, 0 MB globals, 4 P
gc 387 @6.206s 2%: 0.37+1.4+0.029 ms clock, 1.5+0.33/1.1/0+0.11 ms cpu, 3->3->1 MB, 4 MB goal, 0 MB stacks, 0 MB globals, 4 P
gc 388 @6.212s 2%: 0.048+0.85+0.033 ms clock, 0.19+0.59/0.75/0+0.13 ms cpu, 3->3->1 MB, 4 MB goal, 0 MB stacks, 0 MB globals, 4 P
gc 389 @6.218s 2%: 0.14+1.4+0.029 ms clock, 0.58+0.56/0.66/0+0.11 ms cpu, 3->3->1 MB, 4 MB goal, 0 MB stacks, 0 MB globals, 4 P
gc 390 @6.223s 2%: 0.088+0.74+0.024 ms clock, 0.35+0.45/0.65/0+0.099 ms cpu, 3->3->1 MB, 4 MB goal, 0 MB stacks, 0 MB globals, 4 P
gc 391 @6.229s 2%: 0.037+1.2+0.056 ms clock, 0.14+0.86/0.50/0+0.22 ms cpu, 3->3->1 MB, 4 MB goal, 0 MB stacks, 0 MB globals, 4 P
gc 392 @6.235s 2%: 0.34+1.4+0.024 ms clock, 1.3+0.74/1.5/0+0.099 ms cpu, 3->3->1 MB, 4 MB goal, 0 MB stacks, 0 MB globals, 4 P
gc 393 @6.240s 2%: 0.046+2.1+0.026 ms clock, 0.18+0.54/0.76/0+0.10 ms cpu, 3->3->1 MB, 4 MB goal, 0 MB stacks, 0 MB globals, 4 P
gc 394 @6.246s 2%: 0.071+2.2+0.038 ms clock, 0.28+0.49/0.73/0+0.15 ms cpu, 3->4->1 MB, 4 MB goal, 0 MB stacks, 0 MB globals, 4 P
gc 395 @6.252s 2%: 0.066+1.8+0.034 ms clock, 0.26+0.64/0.85/0+0.13 ms cpu, 3->3->1 MB, 4 MB goal, 0 MB stacks, 0 MB globals, 4 P
gc 396 @6.258s 2%: 0.068+0.99+0.044 ms clock, 0.27+1.1/0/0+0.17 ms cpu, 3->3->1 MB, 4 MB goal, 0 MB stacks, 0 MB globals, 4 P
gc 397 @6.263s 2%: 0.079+1.3+0.040 ms clock, 0.31+1.2/0/0+0.16 ms cpu, 3->3->1 MB, 4 MB goal, 0 MB stacks, 0 MB globals, 4 P
gc 398 @6.269s 2%: 0.099+1.5+0.050 ms clock, 0.39+0.57/0.62/0+0.20 ms cpu, 3->3->1 MB, 4 MB goal, 0 MB stacks, 0 MB globals, 4 P
gc 399 @6.274s 2%: 0.26+0.94+0.024 ms clock, 1.0+0.67/1.0/0+0.096 ms cpu, 3->3->1 MB, 4 MB goal, 0 MB stacks, 0 MB globals, 4 P
gc 400 @6.280s 2%: 0.071+0.77+0.088 ms clock, 0.28+0.92/0.68/0+0.35 ms cpu, 3->3->1 MB, 4 MB goal, 0 MB stacks, 0 MB globals, 4 P
gc 401 @6.285s 2%: 0.072+2.3+0.035 ms clock, 0.29+0.29/0.76/0+0.14 ms cpu, 3->3->1 MB, 4 MB goal, 0 MB stacks, 0 MB globals, 4 P
gc 402 @6.291s 2%: 0.074+0.73+0.026 ms clock, 0.29+0.68/0.64/0+0.10 ms cpu, 3->3->1 MB, 4 MB goal, 0 MB stacks, 0 MB globals, 4 P
gc 403 @6.297s 2%: 0.042+0.72+0.054 ms clock, 0.16+0.63/0.61/0+0.21 ms cpu, 3->3->1 MB, 4 MB goal, 0 MB stacks, 0 MB globals, 4 P
gc 404 @6.302s 2%: 0.062+1.8+0.021 ms clock, 0.25+0.29/0.78/0+0.084 ms cpu, 3->3->1 MB, 4 MB goal, 0 MB stacks, 0 MB globals, 4 P
gc 405 @6.308s 2%: 0.071+0.73+0.066 ms clock, 0.28+0.80/0.63/0+0.26 ms cpu, 3->3->1 MB, 4 MB goal, 0 MB stacks, 0 MB globals, 4 P
gc 406 @6.313s 2%: 0.088+1.2+0.045 ms clock, 0.35+0.70/0.60/0+0.18 ms cpu, 3->3->1 MB, 4 MB goal, 0 MB stacks, 0 MB globals, 4 P
gc 407 @6.319s 2%: 0.044+0.77+0.028 ms clock, 0.17+0.87/0.61/0+0.11 ms cpu, 3->3->1 MB, 4 MB goal, 0 MB stacks, 0 MB globals, 4 P
gc 408 @6.324s 2%: 0.062+0.62+0.023 ms clock, 0.24+0.56/0.51/0+0.093 ms cpu, 3->3->1 MB, 4 MB goal, 0 MB stacks, 0 MB globals, 4 P
gc 409 @6.330s 2%: 0.041+0.71+0.028 ms clock, 0.16+0.60/0.62/0+0.11 ms cpu, 3->3->1 MB, 4 MB goal, 0 MB stacks, 0 MB globals, 4 P
gc 410 @6.335s 2%: 0.058+1.1+0.063 ms clock, 0.23+0.83/0.65/0+0.25 ms cpu, 3->3->1 MB, 4 MB goal, 0 MB stacks, 0 MB globals, 4 P
gc 411 @6.341s 2%: 0.059+0.62+0.051 ms clock, 0.23+0.78/0.50/0+0.20 ms cpu, 3->3->1 MB, 4 MB goal, 0 MB stacks, 0 MB globals, 4 P
gc 412 @6.346s 2%: 1.6+0.65+0.031 ms clock, 6.5+0.92/1.7/0+0.12 ms cpu, 3->3->1 MB, 4 MB goal, 0 MB stacks, 0 MB globals, 4 P
gc 413 @6.352s 2%: 0.061+1.8+0.041 ms clock, 0.24+0.66/0.65/0+0.16 ms cpu, 3->3->1 MB, 4 MB goal, 0 MB stacks, 0 MB globals, 4 P
gc 414 @6.358s 2%: 0.035+0.77+0.054 ms clock, 0.14+0.53/0.56/0+0.21 ms cpu, 3->3->1 MB, 4 MB goal, 0 MB stacks, 0 MB globals, 4 P
gc 415 @6.363s 2%: 0.32+1.7+0.035 ms clock, 1.2+0.60/1.5/0+0.14 ms cpu, 3->3->1 MB, 4 MB goal, 0 MB stacks, 0 MB globals, 4 P
gc 416 @6.369s 2%: 0.091+0.79+0.056 ms clock, 0.36+0.79/0.65/0+0.22 ms cpu, 3->3->1 MB, 4 MB goal, 0 MB stacks, 0 MB globals, 4 P
gc 417 @6.374s 2%: 0.099+1.8+0.004 ms clock, 0.39+0.65/0.65/0+0.016 ms cpu, 3->3->1 MB, 4 MB goal, 0 MB stacks, 0 MB globals, 4 P
gc 418 @6.380s 2%: 0.11+1.9+0.027 ms clock, 0.46+0.42/1.7/0+0.11 ms cpu, 3->4->1 MB, 4 MB goal, 0 MB stacks, 0 MB globals, 4 P
gc 419 @6.386s 2%: 0.090+0.72+0.061 ms clock, 0.36+1.2/0.003/0+0.24 ms cpu, 3->3->1 MB, 4 MB goal, 0 MB stacks, 0 MB globals, 4 P
gc 420 @6.391s 2%: 0.073+0.70+0.023 ms clock, 0.29+0.83/0.51/0+0.093 ms cpu, 3->3->1 MB, 4 MB goal, 0 MB stacks, 0 MB globals, 4 P
gc 421 @6.397s 2%: 0.095+2.3+0.024 ms clock, 0.38+0.59/0.77/0+0.099 ms cpu, 3->3->1 MB, 4 MB goal, 0 MB stacks, 0 MB globals, 4 P
gc 422 @6.403s 2%: 0.34+1.5+0.004 ms clock, 1.3+0.56/1.1/0+0.016 ms cpu, 3->3->1 MB, 4 MB goal, 0 MB stacks, 0 MB globals, 4 P
gc 423 @6.408s 2%: 0.10+0.86+0.039 ms clock, 0.42+0.69/0.71/0+0.15 ms cpu, 3->3->1 MB, 4 MB goal, 0 MB stacks, 0 MB globals, 4 P
gc 424 @6.414s 2%: 0.079+1.1+0.061 ms clock, 0.31+0.40/0.70/0+0.24 ms cpu, 3->3->1 MB, 4 MB goal, 0 MB stacks, 0 MB globals, 4 P
gc 425 @6.419s 2%: 0.085+0.62+0.038 ms clock, 0.34+0.86/0.55/0+0.15 ms cpu, 3->3->1 MB, 4 MB goal, 0 MB stacks, 0 MB globals, 4 P
gc 426 @6.425s 2%: 0.10+0.77+0.042 ms clock, 0.43+0.75/0.64/0+0.17 ms cpu, 3->3->1 MB, 4 MB goal, 0 MB stacks, 0 MB globals, 4 P
gc 427 @6.430s 2%: 0.047+0.99+0.025 ms clock, 0.19+0.53/0.59/0+0.10 ms cpu, 3->3->1 MB, 4 MB goal, 0 MB stacks, 0 MB globals, 4 P
gc 428 @6.436s 2%: 0.091+0.64+0.015 ms clock, 0.36+0.70/0.58/0+0.062 ms cpu, 3->3->1 MB, 4 MB goal, 0 MB stacks, 0 MB globals, 4 P
gc 429 @6.442s 2%: 0.057+1.3+0.080 ms clock, 0.22+0.35/0.78/0+0.32 ms cpu, 3->3->1 MB, 4 MB goal, 0 MB stacks, 0 MB globals, 4 P
gc 430 @6.448s 2%: 0.077+0.72+0.036 ms clock, 0.31+0.57/0.61/0+0.14 ms cpu, 3->3->1 MB, 4 MB goal, 0 MB stacks, 0 MB globals, 4 P
gc 431 @6.454s 2%: 0.41+1.0+0.071 ms clock, 1.6+0.39/1.3/0+0.28 ms cpu, 3->3->1 MB, 4 MB goal, 0 MB stacks, 0 MB globals, 4 P
gc 432 @6.461s 2%: 0.056+1.0+0.003 ms clock, 0.22+0.60/0.60/0+0.015 ms cpu, 3->3->1 MB, 4 MB goal, 0 MB stacks, 0 MB globals, 4 P
gc 433 @6.467s 2%: 0.071+0.98+0.036 ms clock, 0.28+0.97/0.89/0+0.14 ms cpu, 3->3->1 MB, 4 MB goal, 0 MB stacks, 0 MB globals, 4 P
gc 434 @6.472s 2%: 0.060+1.2+0.043 ms clock, 0.24+0.51/0.51/0+0.17 ms cpu, 3->3->1 MB, 4 MB goal, 0 MB stacks, 0 MB globals, 4 P
gc 435 @6.478s 2%: 0.043+1.5+0.060 ms clock, 0.17+0.85/0.67/0+0.24 ms cpu, 3->3->1 MB, 4 MB goal, 0 MB stacks, 0 MB globals, 4 P
gc 436 @6.484s 2%: 0.098+0.68+0.024 ms clock, 0.39+0.60/0.64/0+0.099 ms cpu, 3->3->1 MB, 4 MB goal, 0 MB stacks, 0 MB globals, 4 P
gc 437 @6.490s 2%: 0.045+1.6+0.009 ms clock, 0.18+0.40/0.69/0+0.037 ms cpu, 3->3->1 MB, 4 MB goal, 0 MB stacks, 0 MB globals, 4 P
gc 438 @6.495s 2%: 0.090+1.7+0.023 ms clock, 0.36+0.60/0.59/0+0.094 ms cpu, 3->3->1 MB, 4 MB goal, 0 MB stacks, 0 MB globals, 4 P
gc 439 @6.501s 2%: 0.052+0.81+0.060 ms clock, 0.20+0.76/0.69/0+0.24 ms cpu, 3->3->1 MB, 4 MB goal, 0 MB stacks, 0 MB globals, 4 P
gc 440 @6.507s 2%: 0.069+2.6+0.031 ms clock, 0.27+1.1/1.3/0.002+0.12 ms cpu, 3->4->1 MB, 4 MB goal, 0 MB stacks, 0 MB globals, 4 P
gc 441 @6.512s 2%: 0.077+1.4+0.011 ms clock, 0.30+0.44/0.68/0+0.044 ms cpu, 3->3->1 MB, 4 MB goal, 0 MB stacks, 0 MB globals, 4 P
gc 442 @6.518s 2%: 0.052+3.0+0.039 ms clock, 0.21+0.90/1.5/0+0.15 ms cpu, 3->3->1 MB, 4 MB goal, 0 MB stacks, 0 MB globals, 4 P
gc 443 @6.524s 2%: 0.075+0.73+0.020 ms clock, 0.30+0.56/0.60/0+0.080 ms cpu, 3->3->1 MB, 4 MB goal, 0 MB stacks, 0 MB globals, 4 P
gc 444 @6.529s 3%: 0.052+0.87+0.076 ms clock, 0.21+0.65/0.75/0+0.30 ms cpu, 3->3->1 MB, 4 MB goal, 0 MB stacks, 0 MB globals, 4 P
gc 445 @6.535s 3%: 0.061+1.5+0.037 ms clock, 0.24+0.34/0.70/0+0.14 ms cpu, 3->3->1 MB, 4 MB goal, 0 MB stacks, 0 MB globals, 4 P
gc 446 @6.541s 3%: 0.086+0.73+0.023 ms clock, 0.34+0.90/0.58/0+0.095 ms cpu, 3->3->1 MB, 4 MB goal, 0 MB stacks, 0 MB globals, 4 P
gc 447 @6.546s 3%: 0.064+2.3+0.058 ms clock, 0.25+0.67/0.66/0+0.23 ms cpu, 3->3->1 MB, 4 MB goal, 0 MB stacks, 0 MB globals, 4 P
gc 448 @6.552s 3%: 0.045+0.72+0.054 ms clock, 0.18+0.88/0.64/0+0.21 ms cpu, 3->3->1 MB, 4 MB goal, 0 MB stacks, 0 MB globals, 4 P
gc 449 @6.557s 3%: 0.42+2.0+0.063 ms clock, 1.7+0.49/1.2/0+0.25 ms cpu, 3->3->1 MB, 4 MB goal, 0 MB stacks, 0 MB globals, 4 P
gc 450 @6.563s 3%: 0.060+2.2+0.056 ms clock, 0.24+1.0/0.51/0+0.22 ms cpu, 3->4->1 MB, 4 MB goal, 0 MB stacks, 0 MB globals, 4 P
gc 451 @6.569s 3%: 0.088+1.1+0.030 ms clock, 0.35+0.67/1.0/0+0.12 ms cpu, 3->3->1 MB, 4 MB goal, 0 MB stacks, 0 MB globals, 4 P
gc 452 @6.575s 3%: 0.056+0.83+0.039 ms clock, 0.22+0.90/0.71/0+0.15 ms cpu, 3->3->1 MB, 4 MB goal, 0 MB stacks, 0 MB globals, 4 P
gc 453 @6.580s 3%: 0.068+1.3+0.044 ms clock, 0.27+0.51/0.86/0+0.17 ms cpu, 3->3->1 MB, 4 MB goal, 0 MB stacks, 0 MB globals, 4 P
gc 454 @6.586s 3%: 0.035+2.5+0.024 ms clock, 0.14+0.59/0.69/0+0.098 ms cpu, 3->3->1 MB, 4 MB goal, 0 MB stacks, 0 MB globals, 4 P
gc 455 @6.592s 3%: 0.094+0.71+0.040 ms clock, 0.37+0.87/0.52/0+0.16 ms cpu, 3->3->1 MB, 4 MB goal, 0 MB stacks, 0 MB globals, 4 P
gc 456 @6.597s 3%: 0.057+0.77+0.075 ms clock, 0.23+0.77/0.65/0+0.30 ms cpu, 3->3->1 MB, 4 MB goal, 0 MB stacks, 0 MB globals, 4 P
gc 457 @6.602s 3%: 0.078+0.64+0.042 ms clock, 0.31+0.72/0.56/0+0.16 ms cpu, 3->3->1 MB, 4 MB goal, 0 MB stacks, 0 MB globals, 4 P
gc 458 @6.608s 3%: 0.069+0.71+0.020 ms clock, 0.27+0.54/0.62/0+0.082 ms cpu, 3->3->1 MB, 4 MB goal, 0 MB stacks, 0 MB globals, 4 P
gc 459 @6.613s 3%: 0.046+0.81+0.050 ms clock, 0.18+0.78/0.57/0+0.20 ms cpu, 3->3->1 MB, 4 MB goal, 0 MB stacks, 0 MB globals, 4 P
gc 460 @6.619s 3%: 0.052+0.99+0.026 ms clock, 0.21+0.70/0.58/0+0.10 ms cpu, 3->3->1 MB, 4 MB goal, 0 MB stacks, 0 MB globals, 4 P
gc 461 @6.625s 3%: 0.052+0.55+0.028 ms clock, 0.21+0.77/0.47/0+0.11 ms cpu, 3->3->1 MB, 4 MB goal, 0 MB stacks, 0 MB globals, 4 P
gc 462 @6.630s 3%: 0.41+1.1+0.029 ms clock, 1.6+0.54/1.4/0+0.11 ms cpu, 3->3->1 MB, 4 MB goal, 0 MB stacks, 0 MB globals, 4 P
gc 463 @6.636s 3%: 0.32+1.4+0.056 ms clock, 1.2+0.81/1.5/0+0.22 ms cpu, 3->3->1 MB, 4 MB goal, 0 MB stacks, 0 MB globals, 4 P
gc 464 @6.641s 3%: 0.11+1.5+0.029 ms clock, 0.44+0.80/0.52/0.033+0.11 ms cpu, 3->3->1 MB, 4 MB goal, 0 MB stacks, 0 MB globals, 4 P
gc 465 @6.647s 3%: 0.082+1.1+0.027 ms clock, 0.32+0.59/0.54/0+0.10 ms cpu, 3->3->1 MB, 4 MB goal, 0 MB stacks, 0 MB globals, 4 P
gc 466 @6.652s 3%: 0.052+0.81+0.031 ms clock, 0.20+0.77/0.69/0+0.12 ms cpu, 3->3->1 MB, 4 MB goal, 0 MB stacks, 0 MB globals, 4 P
gc 467 @6.658s 3%: 0.34+0.99+0.027 ms clock, 1.3+0.53/1.1/0+0.10 ms cpu, 3->3->1 MB, 4 MB goal, 0 MB stacks, 0 MB globals, 4 P
gc 468 @6.663s 3%: 0.053+0.74+0.038 ms clock, 0.21+1.2/0/0+0.15 ms cpu, 3->3->1 MB, 4 MB goal, 0 MB stacks, 0 MB globals, 4 P
gc 469 @6.669s 3%: 0.076+2.3+0.034 ms clock, 0.30+0.90/0.73/0+0.13 ms cpu, 3->3->1 MB, 4 MB goal, 0 MB stacks, 0 MB globals, 4 P
gc 470 @6.675s 3%: 0.42+1.6+0.009 ms clock, 1.7+0.42/1.2/0+0.038 ms cpu, 3->3->1 MB, 4 MB goal, 0 MB stacks, 0 MB globals, 4 P
gc 471 @6.680s 3%: 0.072+0.56+0.028 ms clock, 0.29+0.87/0.47/0+0.11 ms cpu, 3->3->1 MB, 4 MB goal, 0 MB stacks, 0 MB globals, 4 P
gc 472 @6.686s 3%: 2.4+0.29+0.041 ms clock, 9.6+0.60/2.5/0+0.16 ms cpu, 3->3->1 MB, 4 MB goal, 0 MB stacks, 0 MB globals, 4 P
gc 473 @6.692s 3%: 0.096+0.91+0.075 ms clock, 0.38+0.82/0.76/0+0.30 ms cpu, 3->3->1 MB, 4 MB goal, 0 MB stacks, 0 MB globals, 4 P
gc 474 @6.697s 3%: 0.042+0.98+0.035 ms clock, 0.16+0.60/0.56/0+0.14 ms cpu, 3->3->1 MB, 4 MB goal, 0 MB stacks, 0 MB globals, 4 P
gc 475 @6.702s 3%: 0.063+2.0+0.052 ms clock, 0.25+0.55/0.88/0+0.20 ms cpu, 3->3->1 MB, 4 MB goal, 0 MB stacks, 0 MB globals, 4 P
gc 476 @6.708s 3%: 0.081+0.83+0.037 ms clock, 0.32+0.26/0.77/0+0.14 ms cpu, 3->3->1 MB, 4 MB goal, 0 MB stacks, 0 MB globals, 4 P
gc 477 @6.714s 3%: 0.056+1.4+0.27 ms clock, 0.22+0.56/0.63/0+1.1 ms cpu, 3->3->1 MB, 4 MB goal, 0 MB stacks, 0 MB globals, 4 P
gc 478 @6.719s 3%: 0.10+1.0+0.029 ms clock, 0.41+0.59/0.69/0+0.11 ms cpu, 3->3->1 MB, 4 MB goal, 0 MB stacks, 0 MB globals, 4 P
gc 479 @6.725s 3%: 0.42+0.81+0.004 ms clock, 1.6+0.56/1.0/0+0.017 ms cpu, 3->3->1 MB, 4 MB goal, 0 MB stacks, 0 MB globals, 4 P
gc 480 @6.731s 3%: 0.036+0.98+0.074 ms clock, 0.14+0.63/0.60/0+0.29 ms cpu, 3->3->1 MB, 4 MB goal, 0 MB stacks, 0 MB globals, 4 P
gc 481 @6.736s 3%: 0.061+0.64+0.006 ms clock, 0.24+0.86/0.54/0+0.026 ms cpu, 3->3->1 MB, 4 MB goal, 0 MB stacks, 0 MB globals, 4 P
gc 482 @6.742s 3%: 0.40+1.3+0.045 ms clock, 1.6+1.4/1.1/0+0.18 ms cpu, 3->3->1 MB, 4 MB goal, 0 MB stacks, 0 MB globals, 4 P
gc 483 @6.748s 3%: 0.078+0.75+0.031 ms clock, 0.31+0.39/0.66/0+0.12 ms cpu, 3->3->1 MB, 4 MB goal, 0 MB stacks, 0 MB globals, 4 P
gc 484 @6.753s 3%: 0.066+1.8+0.026 ms clock, 0.26+0.49/0.50/0+0.10 ms cpu, 3->3->1 MB, 4 MB goal, 0 MB stacks, 0 MB globals, 4 P
gc 485 @6.759s 3%: 0.065+0.88+0.025 ms clock, 0.26+0.62/0.55/0+0.10 ms cpu, 3->3->1 MB, 4 MB goal, 0 MB stacks, 0 MB globals, 4 P
gc 486 @6.764s 3%: 0.12+2.0+0.028 ms clock, 0.49+0.88/0.63/0+0.11 ms cpu, 3->3->1 MB, 4 MB goal, 0 MB stacks, 0 MB globals, 4 P
gc 487 @6.770s 3%: 0.27+1.1+0.060 ms clock, 1.0+0.83/1.1/0.006+0.24 ms cpu, 3->3->1 MB, 4 MB goal, 0 MB stacks, 0 MB globals, 4 P
gc 488 @6.776s 3%: 0.056+0.87+0.041 ms clock, 0.22+0.51/0.74/0+0.16 ms cpu, 3->3->1 MB, 4 MB goal, 0 MB stacks, 0 MB globals, 4 P
gc 489 @6.781s 3%: 0.077+2.1+0.003 ms clock, 0.30+0.56/0.76/0+0.012 ms cpu, 3->3->1 MB, 4 MB goal, 0 MB stacks, 0 MB globals, 4 P
gc 490 @6.787s 3%: 0.12+1.1+0.003 ms clock, 0.48+0.37/0.72/0+0.015 ms cpu, 3->3->1 MB, 4 MB goal, 0 MB stacks, 0 MB globals, 4 P
gc 491 @6.793s 3%: 1.0+1.8+0.033 ms clock, 4.1+0.62/1.2/0+0.13 ms cpu, 3->3->1 MB, 4 MB goal, 0 MB stacks, 0 MB globals, 4 P
gc 492 @6.798s 3%: 0.079+1.8+0.035 ms clock, 0.31+3.6/0.92/0+0.14 ms cpu, 3->3->1 MB, 4 MB goal, 0 MB stacks, 0 MB globals, 4 P
gc 493 @6.804s 3%: 0.045+1.4+0.037 ms clock, 0.18+0.48/0.63/0+0.15 ms cpu, 3->3->1 MB, 4 MB goal, 0 MB stacks, 0 MB globals, 4 P
gc 494 @6.810s 3%: 0.087+0.68+0.026 ms clock, 0.34+0.60/0.61/0+0.10 ms cpu, 3->3->1 MB, 4 MB goal, 0 MB stacks, 0 MB globals, 4 P
gc 495 @6.815s 3%: 0.075+0.56+0.015 ms clock, 0.30+0.82/0.49/0+0.063 ms cpu, 3->3->1 MB, 4 MB goal, 0 MB stacks, 0 MB globals, 4 P
gc 496 @6.820s 3%: 0.046+0.74+0.11 ms clock, 0.18+0.68/0.61/0+0.44 ms cpu, 3->3->1 MB, 4 MB goal, 0 MB stacks, 0 MB globals, 4 P
gc 497 @6.826s 3%: 0.066+0.88+0.034 ms clock, 0.26+0.96/0.68/0+0.13 ms cpu, 3->3->1 MB, 4 MB goal, 0 MB stacks, 0 MB globals, 4 P
gc 498 @6.831s 3%: 0.098+0.72+0.024 ms clock, 0.39+0.79/0.63/0+0.097 ms cpu, 3->3->1 MB, 4 MB goal, 0 MB stacks, 0 MB globals, 4 P
gc 499 @6.837s 3%: 0.076+0.61+0.024 ms clock, 0.30+0.73/0.51/0+0.097 ms cpu, 3->3->1 MB, 4 MB goal, 0 MB stacks, 0 MB globals, 4 P
gc 500 @6.842s 3%: 0.065+0.66+0.016 ms clock, 0.26+1.0/0.52/0+0.065 ms cpu, 3->3->1 MB, 4 MB goal, 0 MB stacks, 0 MB globals, 4 P
gc 501 @6.848s 3%: 0.069+0.86+0.026 ms clock, 0.27+0.76/0.68/0+0.10 ms cpu, 3->3->1 MB, 4 MB goal, 0 MB stacks, 0 MB globals, 4 P
gc 502 @6.853s 3%: 0.072+0.80+0.059 ms clock, 0.28+0.98/0.56/0+0.23 ms cpu, 3->3->1 MB, 4 MB goal, 0 MB stacks, 0 MB globals, 4 P
gc 503 @6.859s 3%: 0.095+2.9+0.040 ms clock, 0.38+0.86/0.67/0+0.16 ms cpu, 3->4->1 MB, 4 MB goal, 0 MB stacks, 0 MB globals, 4 P
gc 504 @6.865s 3%: 0.034+2.8+0.051 ms clock, 0.13+0.84/0.99/0+0.20 ms cpu, 3->4->1 MB, 4 MB goal, 0 MB stacks, 0 MB globals, 4 P
gc 505 @6.871s 3%: 0.049+1.3+0.049 ms clock, 0.19+0.52/0.58/0+0.19 ms cpu, 3->3->1 MB, 4 MB goal, 0 MB stacks, 0 MB globals, 4 P
gc 506 @6.877s 3%: 0.057+0.62+0.019 ms clock, 0.22+0.71/0.53/0+0.078 ms cpu, 3->3->1 MB, 4 MB goal, 0 MB stacks, 0 MB globals, 4 P
gc 507 @6.882s 3%: 0.054+0.71+0.072 ms clock, 0.21+0.67/0.62/0+0.28 ms cpu, 3->3->1 MB, 4 MB goal, 0 MB stacks, 0 MB globals, 4 P
gc 508 @6.888s 3%: 0.097+1.8+0.037 ms clock, 0.38+0.83/0.77/0+0.14 ms cpu, 3->3->1 MB, 4 MB goal, 0 MB stacks, 0 MB globals, 4 P
gc 509 @6.893s 3%: 0.075+2.1+0.039 ms clock, 0.30+0.85/1.6/0+0.15 ms cpu, 3->4->1 MB, 4 MB goal, 0 MB stacks, 0 MB globals, 4 P
gc 510 @6.899s 3%: 0.046+1.4+0.019 ms clock, 0.18+0.60/0.61/0+0.078 ms cpu, 3->3->1 MB, 4 MB goal, 0 MB stacks, 0 MB globals, 4 P
gc 511 @6.905s 3%: 0.060+0.78+0.051 ms clock, 0.24+0.80/0.58/0+0.20 ms cpu, 3->3->1 MB, 4 MB goal, 0 MB stacks, 0 MB globals, 4 P
gc 512 @6.910s 3%: 0.057+1.7+0.003 ms clock, 0.22+0.53/0.61/0+0.015 ms cpu, 3->3->1 MB, 4 MB goal, 0 MB stacks, 0 MB globals, 4 P
gc 513 @6.916s 3%: 0.063+0.82+0.033 ms clock, 0.25+0.94/0.65/0+0.13 ms cpu, 3->3->1 MB, 4 MB goal, 0 MB stacks, 0 MB globals, 4 P
gc 514 @6.922s 3%: 0.039+0.74+0.057 ms clock, 0.15+0.91/0.60/0+0.22 ms cpu, 3->3->1 MB, 4 MB goal, 0 MB stacks, 0 MB globals, 4 P
gc 515 @6.927s 3%: 0.078+1.3+0.074 ms clock, 0.31+0.75/0.56/0+0.29 ms cpu, 3->3->1 MB, 4 MB goal, 0 MB stacks, 0 MB globals, 4 P
gc 516 @6.933s 3%: 0.050+0.63+0.057 ms clock, 0.20+0.91/0.52/0+0.22 ms cpu, 3->3->1 MB, 4 MB goal, 0 MB stacks, 0 MB globals, 4 P
gc 517 @6.938s 3%: 0.073+1.8+0.011 ms clock, 0.29+1.2/1.3/0.012+0.047 ms cpu, 3->3->1 MB, 4 MB goal, 0 MB stacks, 0 MB globals, 4 P
gc 518 @6.944s 3%: 0.056+0.70+0.077 ms clock, 0.22+0.89/0.63/0+0.31 ms cpu, 3->3->1 MB, 4 MB goal, 0 MB stacks, 0 MB globals, 4 P
gc 519 @6.949s 3%: 0.057+0.58+0.051 ms clock, 0.22+0.75/0.51/0+0.20 ms cpu, 3->3->1 MB, 4 MB goal, 0 MB stacks, 0 MB globals, 4 P
gc 520 @6.955s 3%: 0.10+2.1+0.006 ms clock, 0.43+0.63/1.0/0+0.025 ms cpu, 3->3->1 MB, 4 MB goal, 0 MB stacks, 0 MB globals, 4 P
gc 521 @6.960s 3%: 0.065+0.64+0.027 ms clock, 0.26+0.90/0.54/0+0.10 ms cpu, 3->3->1 MB, 4 MB goal, 0 MB stacks, 0 MB globals, 4 P
gc 522 @6.966s 3%: 0.074+1.6+0.037 ms clock, 0.29+1.2/1.1/0+0.15 ms cpu, 3->3->1 MB, 4 MB goal, 0 MB stacks, 0 MB globals, 4 P
gc 523 @6.972s 3%: 0.048+0.70+0.032 ms clock, 0.19+0.72/0.57/0+0.12 ms cpu, 3->3->1 MB, 4 MB goal, 0 MB stacks, 0 MB globals, 4 P
gc 524 @6.977s 3%: 0.047+0.49+0.035 ms clock, 0.19+0.85/0.44/0+0.14 ms cpu, 3->3->1 MB, 4 MB goal, 0 MB stacks, 0 MB globals, 4 P
gc 525 @6.983s 3%: 0.065+1.4+0.028 ms clock, 0.26+0.65/0.58/0+0.11 ms cpu, 3->3->1 MB, 4 MB goal, 0 MB stacks, 0 MB globals, 4 P
gc 526 @6.988s 3%: 0.039+0.69+0.037 ms clock, 0.15+0.74/0.60/0+0.15 ms cpu, 3->3->1 MB, 4 MB goal, 0 MB stacks, 0 MB globals, 4 P
gc 527 @6.993s 3%: 0.055+2.2+0.070 ms clock, 0.22+1.2/0.046/0+0.28 ms cpu, 3->3->1 MB, 4 MB goal, 0 MB stacks, 0 MB globals, 4 P
gc 528 @6.999s 3%: 0.44+0.83+0.034 ms clock, 1.7+0.29/1.1/0+0.13 ms cpu, 3->3->1 MB, 4 MB goal, 0 MB stacks, 0 MB globals, 4 P
gc 529 @7.005s 3%: 0.043+2.5+0.006 ms clock, 0.17+0.63/0.64/0+0.027 ms cpu, 3->4->1 MB, 4 MB goal, 0 MB stacks, 0 MB globals, 4 P
gc 530 @7.011s 3%: 0.070+2.3+0.024 ms clock, 0.28+0.61/0.75/0+0.097 ms cpu, 3->3->1 MB, 4 MB goal, 0 MB stacks, 0 MB globals, 4 P
gc 531 @7.017s 3%: 0.078+1.3+0.033 ms clock, 0.31+0.51/0.62/0+0.13 ms cpu, 3->3->1 MB, 4 MB goal, 0 MB stacks, 0 MB globals, 4 P
gc 532 @7.022s 3%: 0.092+1.6+0.043 ms clock, 0.36+0.88/0.57/0+0.17 ms cpu, 3->3->1 MB, 4 MB goal, 0 MB stacks, 0 MB globals, 4 P
gc 533 @7.028s 3%: 0.052+1.1+0.044 ms clock, 0.20+0.81/0.73/0+0.17 ms cpu, 3->3->1 MB, 4 MB goal, 0 MB stacks, 0 MB globals, 4 P
gc 534 @7.034s 3%: 0.058+0.64+0.044 ms clock, 0.23+0.89/0.53/0+0.17 ms cpu, 3->3->1 MB, 4 MB goal, 0 MB stacks, 0 MB globals, 4 P
gc 535 @7.039s 3%: 0.066+0.71+0.049 ms clock, 0.26+0.79/0.60/0+0.19 ms cpu, 3->3->1 MB, 4 MB goal, 0 MB stacks, 0 MB globals, 4 P
gc 536 @7.045s 3%: 0.073+1.2+0.088 ms clock, 0.29+0.69/0.60/0+0.35 ms cpu, 3->3->1 MB, 4 MB goal, 0 MB stacks, 0 MB globals, 4 P
gc 537 @7.050s 3%: 0.052+1.3+0.038 ms clock, 0.20+0.79/0.65/0+0.15 ms cpu, 3->3->1 MB, 4 MB goal, 0 MB stacks, 0 MB globals, 4 P
gc 538 @7.056s 3%: 0.033+0.63+0.039 ms clock, 0.13+0.91/0.51/0+0.15 ms cpu, 3->3->1 MB, 4 MB goal, 0 MB stacks, 0 MB globals, 4 P
gc 539 @7.061s 3%: 0.039+0.65+0.034 ms clock, 0.15+0.88/0.56/0+0.13 ms cpu, 3->3->1 MB, 4 MB goal, 0 MB stacks, 0 MB globals, 4 P
gc 540 @7.067s 3%: 0.056+0.71+0.026 ms clock, 0.22+1.0/0.60/0+0.10 ms cpu, 3->3->1 MB, 4 MB goal, 0 MB stacks, 0 MB globals, 4 P
gc 541 @7.072s 3%: 0.078+1.7+0.003 ms clock, 0.31+1.2/0.081/0+0.013 ms cpu, 3->3->1 MB, 4 MB goal, 0 MB stacks, 0 MB globals, 4 P
gc 542 @7.078s 3%: 0.041+1.3+0.052 ms clock, 0.16+1.3/0.003/0+0.21 ms cpu, 3->3->1 MB, 4 MB goal, 0 MB stacks, 0 MB globals, 4 P
gc 543 @7.083s 3%: 0.050+0.89+0.030 ms clock, 0.20+0.78/0.75/0+0.12 ms cpu, 3->3->1 MB, 4 MB goal, 0 MB stacks, 0 MB globals, 4 P
gc 544 @7.088s 3%: 0.049+2.4+0.030 ms clock, 0.19+0.98/2.2/0+0.12 ms cpu, 3->3->1 MB, 4 MB goal, 0 MB stacks, 0 MB globals, 4 P
gc 545 @7.094s 3%: 0.079+1.0+0.055 ms clock, 0.31+0.80/0.50/0+0.22 ms cpu, 3->3->1 MB, 4 MB goal, 0 MB stacks, 0 MB globals, 4 P
gc 546 @7.100s 3%: 0.077+0.61+0.023 ms clock, 0.31+0.88/0.51/0+0.092 ms cpu, 3->3->1 MB, 4 MB goal, 0 MB stacks, 0 MB globals, 4 P
gc 547 @7.105s 3%: 0.056+1.6+0.016 ms clock, 0.22+1.1/1.2/0+0.065 ms cpu, 3->3->1 MB, 4 MB goal, 0 MB stacks, 0 MB globals, 4 P
gc 548 @7.111s 3%: 0.058+0.62+0.069 ms clock, 0.23+0.65/0.57/0+0.27 ms cpu, 3->3->1 MB, 4 MB goal, 0 MB stacks, 0 MB globals, 4 P
gc 549 @7.116s 3%: 0.35+2.1+0.068 ms clock, 1.4+0.42/1.1/0+0.27 ms cpu, 3->3->1 MB, 4 MB goal, 0 MB stacks, 0 MB globals, 4 P
gc 550 @7.122s 3%: 0.37+1.8+0.054 ms clock, 1.4+0.44/0.98/0+0.21 ms cpu, 3->3->1 MB, 4 MB goal, 0 MB stacks, 0 MB globals, 4 P
gc 551 @7.128s 3%: 0.042+0.77+0.021 ms clock, 0.16+1.0/0.59/0+0.087 ms cpu, 3->3->1 MB, 4 MB goal, 0 MB stacks, 0 MB globals, 4 P
gc 552 @7.133s 3%: 0.071+0.74+0.043 ms clock, 0.28+0.84/0.59/0+0.17 ms cpu, 3->3->1 MB, 4 MB goal, 0 MB stacks, 0 MB globals, 4 P
gc 553 @7.139s 3%: 0.058+1.6+0.034 ms clock, 0.23+0.66/0.58/0+0.13 ms cpu, 3->3->1 MB, 4 MB goal, 0 MB stacks, 0 MB globals, 4 P
gc 554 @7.144s 3%: 0.081+1.8+0.044 ms clock, 0.32+0.63/0.85/0+0.17 ms cpu, 3->3->1 MB, 4 MB goal, 0 MB stacks, 0 MB globals, 4 P
gc 555 @7.150s 3%: 0.066+0.59+0.023 ms clock, 0.26+0.82/0.47/0+0.093 ms cpu, 3->3->1 MB, 4 MB goal, 0 MB stacks, 0 MB globals, 4 P
gc 556 @7.156s 3%: 0.090+2.1+0.054 ms clock, 0.36+0.27/0.80/0+0.21 ms cpu, 3->3->1 MB, 4 MB goal, 0 MB stacks, 0 MB globals, 4 P
gc 557 @7.161s 3%: 0.044+0.73+0.051 ms clock, 0.17+0.90/0.60/0+0.20 ms cpu, 3->3->1 MB, 4 MB goal, 0 MB stacks, 0 MB globals, 4 P
gc 558 @7.167s 3%: 0.37+1.3+0.041 ms clock, 1.5+0.31/1.5/0+0.16 ms cpu, 3->3->1 MB, 4 MB goal, 0 MB stacks, 0 MB globals, 4 P
gc 559 @7.172s 3%: 0.048+0.95+0.081 ms clock, 0.19+0.83/0.80/0+0.32 ms cpu, 3->3->1 MB, 4 MB goal, 0 MB stacks, 0 MB globals, 4 P
gc 560 @7.178s 3%: 0.070+1.3+0.025 ms clock, 0.28+1.1/0/0+0.10 ms cpu, 3->3->1 MB, 4 MB goal, 0 MB stacks, 0 MB globals, 4 P
gc 561 @7.183s 3%: 0.089+1.0+0.062 ms clock, 0.35+0.58/0.54/0+0.25 ms cpu, 3->3->1 MB, 4 MB goal, 0 MB stacks, 0 MB globals, 4 P
gc 562 @7.189s 3%: 0.082+1.0+0.073 ms clock, 0.33+0.71/0.88/0+0.29 ms cpu, 3->3->1 MB, 4 MB goal, 0 MB stacks, 0 MB globals, 4 P
gc 563 @7.195s 3%: 0.048+1.2+0.004 ms clock, 0.19+0.60/0.68/0+0.016 ms cpu, 3->3->1 MB, 4 MB goal, 0 MB stacks, 0 MB globals, 4 P
gc 564 @7.200s 3%: 0.048+1.2+0.079 ms clock, 0.19+0.92/0.47/0+0.31 ms cpu, 3->3->1 MB, 4 MB goal, 0 MB stacks, 0 MB globals, 4 P
gc 565 @7.206s 3%: 2.5+0.30+0.051 ms clock, 10+0.69/2.6/0+0.20 ms cpu, 3->3->1 MB, 4 MB goal, 0 MB stacks, 0 MB globals, 4 P
gc 566 @7.211s 3%: 0.023+0.78+0.040 ms clock, 0.095+0.71/0.69/0+0.16 ms cpu, 3->3->1 MB, 4 MB goal, 0 MB stacks, 0 MB globals, 4 P
gc 567 @7.217s 3%: 0.090+0.86+0.038 ms clock, 0.36+0.89/0.63/0+0.15 ms cpu, 3->3->1 MB, 4 MB goal, 0 MB stacks, 0 MB globals, 4 P
gc 568 @7.223s 3%: 0.067+1.4+0.016 ms clock, 0.26+0.43/0.65/0+0.067 ms cpu, 3->3->1 MB, 4 MB goal, 0 MB stacks, 0 MB globals, 4 P
gc 569 @7.228s 3%: 0.046+0.81+0.032 ms clock, 0.18+0.82/0.51/0+0.12 ms cpu, 3->3->1 MB, 4 MB goal, 0 MB stacks, 0 MB globals, 4 P
gc 570 @7.234s 3%: 0.069+0.52+0.031 ms clock, 0.27+0.91/0.47/0+0.12 ms cpu, 3->3->1 MB, 4 MB goal, 0 MB stacks, 0 MB globals, 4 P
gc 571 @7.239s 3%: 0.063+0.66+0.042 ms clock, 0.25+0.80/0.56/0+0.16 ms cpu, 3->3->1 MB, 4 MB goal, 0 MB stacks, 0 MB globals, 4 P
gc 572 @7.244s 3%: 0.038+0.66+0.025 ms clock, 0.15+0.87/0.51/0+0.10 ms cpu, 3->3->1 MB, 4 MB goal, 0 MB stacks, 0 MB globals, 4 P
gc 573 @7.249s 3%: 0.067+0.61+0.062 ms clock, 0.27+0.92/0.48/0+0.24 ms cpu, 3->3->1 MB, 4 MB goal, 0 MB stacks, 0 MB globals, 4 P
gc 574 @7.255s 3%: 0.042+0.66+0.061 ms clock, 0.17+0.88/0.50/0+0.24 ms cpu, 3->3->1 MB, 4 MB goal, 0 MB stacks, 0 MB globals, 4 P
gc 575 @7.260s 3%: 0.060+0.77+0.037 ms clock, 0.24+0.79/0.65/0+0.14 ms cpu, 3->3->1 MB, 4 MB goal, 0 MB stacks, 0 MB globals, 4 P
gc 576 @7.266s 3%: 0.077+1.7+0.025 ms clock, 0.31+0.56/0.53/0+0.10 ms cpu, 3->3->1 MB, 4 MB goal, 0 MB stacks, 0 MB globals, 4 P
gc 577 @7.272s 3%: 0.042+1.0+0.025 ms clock, 0.17+0.63/0.90/0+0.10 ms cpu, 3->3->1 MB, 4 MB goal, 0 MB stacks, 0 MB globals, 4 P
gc 578 @7.277s 3%: 0.039+0.63+0.040 ms clock, 0.15+0.76/0.54/0+0.16 ms cpu, 3->3->1 MB, 4 MB goal, 0 MB stacks, 0 MB globals, 4 P
gc 579 @7.283s 3%: 0.079+0.72+0.024 ms clock, 0.31+0.77/0.58/0+0.099 ms cpu, 3->3->1 MB, 4 MB goal, 0 MB stacks, 0 MB globals, 4 P
gc 580 @7.288s 3%: 0.099+0.68+0.025 ms clock, 0.39+0.68/0.58/0+0.10 ms cpu, 3->3->1 MB, 4 MB goal, 0 MB stacks, 0 MB globals, 4 P
gc 581 @7.293s 3%: 0.014+0.57+0.031 ms clock, 0.059+0.88/0.52/0+0.12 ms cpu, 3->3->1 MB, 4 MB goal, 0 MB stacks, 0 MB globals, 4 P
gc 582 @7.299s 3%: 0.30+1.4+0.067 ms clock, 1.2+0.79/1.2/0+0.27 ms cpu, 3->3->1 MB, 4 MB goal, 0 MB stacks, 0 MB globals, 4 P
gc 583 @7.305s 3%: 0.054+1.3+0.034 ms clock, 0.21+0.44/0.57/0+0.13 ms cpu, 3->3->1 MB, 4 MB goal, 0 MB stacks, 0 MB globals, 4 P
gc 584 @7.310s 3%: 0.081+1.1+0.003 ms clock, 0.32+1.6/0.65/0+0.014 ms cpu, 3->3->1 MB, 4 MB goal, 0 MB stacks, 0 MB globals, 4 P
gc 585 @7.316s 3%: 0.079+1.0+0.075 ms clock, 0.31+0.69/0.55/0+0.30 ms cpu, 3->3->1 MB, 4 MB goal, 0 MB stacks, 0 MB globals, 4 P
gc 586 @7.321s 3%: 0.044+1.9+0.045 ms clock, 0.17+0.74/1.9/0+0.18 ms cpu, 3->3->1 MB, 4 MB goal, 0 MB stacks, 0 MB globals, 4 P
gc 587 @7.327s 3%: 0.087+0.81+0.021 ms clock, 0.35+0.88/0.69/0+0.087 ms cpu, 3->3->1 MB, 4 MB goal, 0 MB stacks, 0 MB globals, 4 P
gc 588 @7.333s 3%: 0.062+1.0+0.075 ms clock, 0.24+0.84/0.81/0+0.30 ms cpu, 3->3->1 MB, 4 MB goal, 0 MB stacks, 0 MB globals, 4 P
gc 589 @7.338s 3%: 0.087+1.3+0.016 ms clock, 0.35+0.85/0.45/0+0.065 ms cpu, 3->3->1 MB, 4 MB goal, 0 MB stacks, 0 MB globals, 4 P
gc 590 @7.344s 3%: 0.092+1.7+0.024 ms clock, 0.37+0.27/0.85/0+0.096 ms cpu, 3->3->1 MB, 4 MB goal, 0 MB stacks, 0 MB globals, 4 P
gc 591 @7.350s 3%: 0.085+2.3+0.021 ms clock, 0.34+0.68/0.63/0+0.086 ms cpu, 3->4->1 MB, 4 MB goal, 0 MB stacks, 0 MB globals, 4 P
gc 592 @7.356s 3%: 0.055+1.6+0.064 ms clock, 0.22+0.55/0.68/0+0.25 ms cpu, 3->3->1 MB, 4 MB goal, 0 MB stacks, 0 MB globals, 4 P
gc 593 @7.361s 3%: 0.10+2.6+0.026 ms clock, 0.43+0.36/0.68/0+0.10 ms cpu, 3->4->1 MB, 4 MB goal, 0 MB stacks, 0 MB globals, 4 P
gc 594 @7.368s 3%: 0.094+0.58+0.043 ms clock, 0.37+0.80/0.51/0+0.17 ms cpu, 3->3->1 MB, 4 MB goal, 0 MB stacks, 0 MB globals, 4 P
gc 595 @7.373s 3%: 0.50+1.4+0.046 ms clock, 2.0+0.61/1.7/0+0.18 ms cpu, 3->3->1 MB, 4 MB goal, 0 MB stacks, 0 MB globals, 4 P
gc 596 @7.379s 3%: 0.058+1.4+0.033 ms clock, 0.23+1.2/0.55/0+0.13 ms cpu, 3->3->1 MB, 4 MB goal, 0 MB stacks, 0 MB globals, 4 P
gc 597 @7.384s 3%: 0.14+1.7+0.074 ms clock, 0.56+0.58/0.73/0+0.29 ms cpu, 3->3->1 MB, 4 MB goal, 0 MB stacks, 0 MB globals, 4 P
gc 598 @7.390s 3%: 0.066+1.7+0.068 ms clock, 0.26+0.67/0.82/0+0.27 ms cpu, 3->3->1 MB, 4 MB goal, 0 MB stacks, 0 MB globals, 4 P
gc 599 @7.396s 3%: 0.014+0.84+0.023 ms clock, 0.056+0.41/0.76/0+0.093 ms cpu, 3->3->1 MB, 4 MB goal, 0 MB stacks, 0 MB globals, 4 P
gc 600 @7.401s 3%: 0.10+1.1+0.047 ms clock, 0.41+0.55/0.56/0+0.18 ms cpu, 3->3->1 MB, 4 MB goal, 0 MB stacks, 0 MB globals, 4 P
gc 601 @7.407s 3%: 0.042+0.82+0.082 ms clock, 0.17+0.74/0.64/0+0.32 ms cpu, 3->3->1 MB, 4 MB goal, 0 MB stacks, 0 MB globals, 4 P
gc 602 @7.413s 3%: 0.34+1.4+0.077 ms clock, 1.3+1.7/0.76/0+0.31 ms cpu, 3->3->1 MB, 4 MB goal, 0 MB stacks, 0 MB globals, 4 P
gc 603 @7.418s 3%: 0.056+1.3+0.021 ms clock, 0.22+0.85/0/0+0.087 ms cpu, 3->3->1 MB, 4 MB goal, 0 MB stacks, 0 MB globals, 4 P
gc 604 @7.424s 3%: 0.12+1.2+0.044 ms clock, 0.48+0.48/1.1/0+0.17 ms cpu, 3->3->1 MB, 4 MB goal, 0 MB stacks, 0 MB globals, 4 P
gc 605 @7.429s 3%: 0.074+0.76+0.024 ms clock, 0.29+0.80/0.58/0+0.097 ms cpu, 3->3->1 MB, 4 MB goal, 0 MB stacks, 0 MB globals, 4 P
gc 606 @7.435s 3%: 0.079+1.0+0.027 ms clock, 0.31+0.71/0.57/0+0.11 ms cpu, 3->3->1 MB, 4 MB goal, 0 MB stacks, 0 MB globals, 4 P
gc 607 @7.440s 3%: 0.046+1.4+0.064 ms clock, 0.18+0.64/0.62/0+0.25 ms cpu, 3->3->1 MB, 4 MB goal, 0 MB stacks, 0 MB globals, 4 P
gc 608 @7.446s 3%: 0.063+0.76+0.051 ms clock, 0.25+0.84/0.63/0+0.20 ms cpu, 3->3->1 MB, 4 MB goal, 0 MB stacks, 0 MB globals, 4 P
gc 609 @7.452s 3%: 0.64+0.25+0.039 ms clock, 2.5+0.81/0.73/0+0.15 ms cpu, 3->3->1 MB, 4 MB goal, 0 MB stacks, 0 MB globals, 4 P
gc 610 @7.457s 3%: 0.046+0.67+0.029 ms clock, 0.18+0.76/0.56/0+0.11 ms cpu, 3->3->1 MB, 4 MB goal, 0 MB stacks, 0 MB globals, 4 P
gc 611 @7.463s 3%: 0.068+1.0+0.026 ms clock, 0.27+0.45/0.45/0.10+0.10 ms cpu, 3->3->1 MB, 4 MB goal, 0 MB stacks, 0 MB globals, 4 P
gc 612 @7.469s 3%: 0.094+1.6+0.044 ms clock, 0.37+1.1/0.001/0+0.17 ms cpu, 3->3->1 MB, 4 MB goal, 0 MB stacks, 0 MB globals, 4 P
gc 613 @7.474s 3%: 1.8+0.093+0.027 ms clock, 7.4+2.1/0.053/0+0.10 ms cpu, 3->3->1 MB, 4 MB goal, 0 MB stacks, 0 MB globals, 4 P
gc 614 @7.480s 3%: 0.057+0.63+0.052 ms clock, 0.22+0.93/0.54/0+0.20 ms cpu, 3->3->1 MB, 4 MB goal, 0 MB stacks, 0 MB globals, 4 P
gc 615 @7.485s 3%: 0.071+2.5+0.072 ms clock, 0.28+0.49/0.73/0+0.29 ms cpu, 3->3->1 MB, 4 MB goal, 0 MB stacks, 0 MB globals, 4 P
gc 616 @7.491s 3%: 0.093+1.6+0.008 ms clock, 0.37+0.62/1.0/0+0.033 ms cpu, 3->3->1 MB, 4 MB goal, 0 MB stacks, 0 MB globals, 4 P
gc 617 @7.497s 3%: 0.067+0.72+0.053 ms clock, 0.27+0.79/0.57/0+0.21 ms cpu, 3->3->1 MB, 4 MB goal, 0 MB stacks, 0 MB globals, 4 P
gc 618 @7.502s 3%: 0.053+1.6+0.052 ms clock, 0.21+1.0/0.002/0+0.21 ms cpu, 3->3->1 MB, 4 MB goal, 0 MB stacks, 0 MB globals, 4 P
gc 619 @7.508s 3%: 0.042+1.0+0.030 ms clock, 0.16+0.51/0.56/0+0.12 ms cpu, 3->3->1 MB, 4 MB goal, 0 MB stacks, 0 MB globals, 4 P
gc 620 @7.513s 3%: 0.030+0.59+0.038 ms clock, 0.12+0.94/0.44/0+0.15 ms cpu, 3->3->1 MB, 4 MB goal, 0 MB stacks, 0 MB globals, 4 P
gc 621 @7.519s 3%: 0.051+1.6+0.041 ms clock, 0.20+0.77/1.5/0+0.16 ms cpu, 3->3->1 MB, 4 MB goal, 0 MB stacks, 0 MB globals, 4 P
gc 622 @7.525s 3%: 0.068+1.4+0.058 ms clock, 0.27+0.54/0.57/0+0.23 ms cpu, 3->3->1 MB, 4 MB goal, 0 MB stacks, 0 MB globals, 4 P
gc 623 @7.530s 3%: 0.062+0.73+0.043 ms clock, 0.24+0.65/0.61/0+0.17 ms cpu, 3->3->1 MB, 4 MB goal, 0 MB stacks, 0 MB globals, 4 P
gc 624 @7.536s 3%: 0.055+0.69+0.035 ms clock, 0.22+0.50/0.58/0+0.14 ms cpu, 3->3->1 MB, 4 MB goal, 0 MB stacks, 0 MB globals, 4 P
gc 625 @7.541s 3%: 0.36+1.8+0.016 ms clock, 1.4+0.50/0.93/0+0.067 ms cpu, 3->3->1 MB, 4 MB goal, 0 MB stacks, 0 MB globals, 4 P
gc 626 @7.547s 3%: 0.054+1.6+0.012 ms clock, 0.21+0.53/0.56/0+0.051 ms cpu, 3->3->1 MB, 4 MB goal, 0 MB stacks, 0 MB globals, 4 P
gc 627 @7.552s 3%: 0.073+1.6+0.071 ms clock, 0.29+0.92/0.68/0+0.28 ms cpu, 3->3->1 MB, 4 MB goal, 0 MB stacks, 0 MB globals, 4 P
gc 628 @7.558s 3%: 0.10+0.64+0.019 ms clock, 0.40+0.70/0.52/0+0.078 ms cpu, 3->3->1 MB, 4 MB goal, 0 MB stacks, 0 MB globals, 4 P
gc 629 @7.564s 3%: 0.036+2.4+0.010 ms clock, 0.14+0.73/0.82/0+0.041 ms cpu, 3->3->1 MB, 4 MB goal, 0 MB stacks, 0 MB globals, 4 P
gc 630 @7.570s 3%: 0.46+2.2+0.024 ms clock, 1.8+0.69/1.7/0+0.099 ms cpu, 3->4->1 MB, 4 MB goal, 0 MB stacks, 0 MB globals, 4 P
gc 631 @7.576s 3%: 0.043+1.6+0.031 ms clock, 0.17+0.59/0.76/0+0.12 ms cpu, 3->3->1 MB, 4 MB goal, 0 MB stacks, 0 MB globals, 4 P
gc 632 @7.582s 3%: 2.4+0.21+0.033 ms clock, 9.9+2.5/0.97/0+0.13 ms cpu, 3->3->1 MB, 4 MB goal, 0 MB stacks, 0 MB globals, 4 P
gc 633 @7.587s 3%: 0.046+0.74+0.055 ms clock, 0.18+0.87/0.63/0+0.22 ms cpu, 3->3->1 MB, 4 MB goal, 0 MB stacks, 0 MB globals, 4 P
gc 634 @7.593s 3%: 0.072+1.8+0.032 ms clock, 0.29+0.69/0.54/0+0.13 ms cpu, 3->3->1 MB, 4 MB goal, 0 MB stacks, 0 MB globals, 4 P
gc 635 @7.598s 3%: 0.091+0.82+0.075 ms clock, 0.36+0.59/0.60/0+0.30 ms cpu, 3->3->1 MB, 4 MB goal, 0 MB stacks, 0 MB globals, 4 P
gc 636 @7.605s 3%: 0.076+0.66+0.062 ms clock, 0.30+0.62/0.57/0+0.25 ms cpu, 3->3->1 MB, 4 MB goal, 0 MB stacks, 0 MB globals, 4 P
gc 637 @7.609s 3%: 0.061+0.68+0.038 ms clock, 0.24+0.71/0.58/0+0.15 ms cpu, 3->3->1 MB, 4 MB goal, 0 MB stacks, 0 MB globals, 4 P
gc 638 @7.615s 3%: 0.053+2.0+0.030 ms clock, 0.21+0.88/0.59/0+0.12 ms cpu, 3->3->1 MB, 4 MB goal, 0 MB stacks, 0 MB globals, 4 P
gc 639 @7.621s 3%: 0.048+0.75+0.034 ms clock, 0.19+0.92/0.64/0+0.13 ms cpu, 3->3->1 MB, 4 MB goal, 0 MB stacks, 0 MB globals, 4 P
gc 640 @7.626s 3%: 0.063+2.3+0.060 ms clock, 0.25+0.43/0.68/0+0.24 ms cpu, 3->3->1 MB, 4 MB goal, 0 MB stacks, 0 MB globals, 4 P
gc 641 @7.632s 3%: 0.065+0.96+0.063 ms clock, 0.26+0.65/0.88/0+0.25 ms cpu, 3->3->1 MB, 4 MB goal, 0 MB stacks, 0 MB globals, 4 P
gc 642 @7.638s 3%: 0.051+1.5+0.087 ms clock, 0.20+0.60/0.69/0+0.35 ms cpu, 3->3->1 MB, 4 MB goal, 0 MB stacks, 0 MB globals, 4 P
gc 643 @7.643s 3%: 0.41+1.4+0.058 ms clock, 1.6+0.62/1.3/0.004+0.23 ms cpu, 3->3->1 MB, 4 MB goal, 0 MB stacks, 0 MB globals, 4 P
gc 644 @7.649s 3%: 0.059+2.6+0.039 ms clock, 0.23+0.59/0.98/0+0.15 ms cpu, 3->4->1 MB, 4 MB goal, 0 MB stacks, 0 MB globals, 4 P
gc 645 @7.655s 3%: 0.066+1.0+0.024 ms clock, 0.26+0.52/0.65/0+0.098 ms cpu, 3->3->1 MB, 4 MB goal, 0 MB stacks, 0 MB globals, 4 P
gc 646 @7.661s 3%: 0.067+1.7+0.024 ms clock, 0.26+0.82/0.57/0+0.096 ms cpu, 3->3->1 MB, 4 MB goal, 0 MB stacks, 0 MB globals, 4 P
gc 647 @7.666s 3%: 0.054+1.1+0.043 ms clock, 0.21+0.76/0.60/0+0.17 ms cpu, 3->3->1 MB, 4 MB goal, 0 MB stacks, 0 MB globals, 4 P
gc 648 @7.672s 3%: 0.029+1.3+0.037 ms clock, 0.11+0.67/0.57/0+0.14 ms cpu, 3->3->1 MB, 4 MB goal, 0 MB stacks, 0 MB globals, 4 P
gc 649 @7.677s 3%: 0.25+2.3+0.004 ms clock, 1.0+0.80/1.1/0+0.019 ms cpu, 3->4->1 MB, 4 MB goal, 0 MB stacks, 0 MB globals, 4 P
gc 650 @7.684s 3%: 0.047+1.0+0.028 ms clock, 0.19+0.52/0.66/0+0.11 ms cpu, 3->3->1 MB, 4 MB goal, 0 MB stacks, 0 MB globals, 4 P
gc 651 @7.689s 3%: 0.058+1.4+0.023 ms clock, 0.23+0.54/0.61/0+0.094 ms cpu, 3->3->1 MB, 4 MB goal, 0 MB stacks, 0 MB globals, 4 P
gc 652 @7.695s 3%: 0.092+0.60+0.041 ms clock, 0.36+0.86/0.49/0+0.16 ms cpu, 3->3->1 MB, 4 MB goal, 0 MB stacks, 0 MB globals, 4 P
gc 653 @7.700s 3%: 0.059+1.4+0.030 ms clock, 0.23+0.69/0.67/0+0.12 ms cpu, 3->3->1 MB, 4 MB goal, 0 MB stacks, 0 MB globals, 4 P
gc 654 @7.706s 3%: 0.081+1.4+0.020 ms clock, 0.32+0.38/0.76/0+0.082 ms cpu, 3->3->1 MB, 4 MB goal, 0 MB stacks, 0 MB globals, 4 P
gc 655 @7.712s 3%: 0.074+0.71+0.022 ms clock, 0.29+0.80/0.63/0+0.089 ms cpu, 3->3->1 MB, 4 MB goal, 0 MB stacks, 0 MB globals, 4 P
gc 656 @7.717s 3%: 0.25+1.8+0.028 ms clock, 1.0+0.66/1.9/0+0.11 ms cpu, 3->3->1 MB, 4 MB goal, 0 MB stacks, 0 MB globals, 4 P
gc 657 @7.723s 3%: 0.098+0.72+0.035 ms clock, 0.39+0.79/0.60/0+0.14 ms cpu, 3->3->1 MB, 4 MB goal, 0 MB stacks, 0 MB globals, 4 P
gc 658 @7.728s 3%: 0.055+1.3+0.045 ms clock, 0.22+0.67/0.65/0+0.18 ms cpu, 3->3->1 MB, 4 MB goal, 0 MB stacks, 0 MB globals, 4 P
gc 659 @7.734s 3%: 0.097+1.8+0.039 ms clock, 0.38+0.70/0.57/0+0.15 ms cpu, 3->3->1 MB, 4 MB goal, 0 MB stacks, 0 MB globals, 4 P
gc 660 @7.740s 3%: 0.71+1.6+0.040 ms clock, 2.8+0.25/1.0/0+0.16 ms cpu, 3->3->1 MB, 4 MB goal, 0 MB stacks, 0 MB globals, 4 P
gc 661 @7.745s 3%: 0.080+1.3+0.037 ms clock, 0.32+0.72/0.53/0+0.14 ms cpu, 3->3->1 MB, 4 MB goal, 0 MB stacks, 0 MB globals, 4 P
gc 662 @7.751s 3%: 0.044+0.80+0.020 ms clock, 0.17+0.81/0.66/0+0.081 ms cpu, 3->3->1 MB, 4 MB goal, 0 MB stacks, 0 MB globals, 4 P
gc 663 @7.756s 3%: 0.059+1.1+0.039 ms clock, 0.23+0.77/1.0/0+0.15 ms cpu, 3->3->1 MB, 4 MB goal, 0 MB stacks, 0 MB globals, 4 P
gc 664 @7.762s 3%: 2.8+0.49+0.007 ms clock, 11+0.42/2.9/0+0.028 ms cpu, 3->3->1 MB, 4 MB goal, 0 MB stacks, 0 MB globals, 4 P
gc 665 @7.768s 3%: 0.11+0.73+0.057 ms clock, 0.44+0.64/0.66/0+0.23 ms cpu, 3->3->1 MB, 4 MB goal, 0 MB stacks, 0 MB globals, 4 P
gc 666 @7.773s 3%: 0.049+1.4+0.011 ms clock, 0.19+0.63/0.56/0+0.047 ms cpu, 3->3->1 MB, 4 MB goal, 0 MB stacks, 0 MB globals, 4 P
gc 667 @7.779s 3%: 0.053+1.2+0.036 ms clock, 0.21+0.59/0.55/0+0.14 ms cpu, 3->3->1 MB, 4 MB goal, 0 MB stacks, 0 MB globals, 4 P
gc 668 @7.784s 3%: 0.018+0.71+0.032 ms clock, 0.075+0.90/0.52/0+0.13 ms cpu, 3->3->1 MB, 4 MB goal, 0 MB stacks, 0 MB globals, 4 P
gc 669 @7.790s 3%: 0.089+1.9+0.050 ms clock, 0.35+0.66/0.66/0+0.20 ms cpu, 3->3->1 MB, 4 MB goal, 0 MB stacks, 0 MB globals, 4 P
gc 670 @7.796s 3%: 0.079+1.1+0.069 ms clock, 0.31+0.57/0.78/0+0.27 ms cpu, 3->3->1 MB, 4 MB goal, 0 MB stacks, 0 MB globals, 4 P
gc 671 @7.801s 3%: 0.095+2.3+0.078 ms clock, 0.38+0.90/0.64/0+0.31 ms cpu, 3->3->1 MB, 4 MB goal, 0 MB stacks, 0 MB globals, 4 P
gc 672 @7.807s 3%: 0.085+1.0+0.027 ms clock, 0.34+1.5/0.95/0+0.11 ms cpu, 3->3->1 MB, 4 MB goal, 0 MB stacks, 0 MB globals, 4 P
gc 673 @7.813s 3%: 0.099+0.64+0.061 ms clock, 0.39+0.87/0.53/0+0.24 ms cpu, 3->3->1 MB, 4 MB goal, 0 MB stacks, 0 MB globals, 4 P
gc 674 @7.818s 3%: 1.8+0.31+0.045 ms clock, 7.3+0.76/1.8/0+0.18 ms cpu, 3->3->1 MB, 4 MB goal, 0 MB stacks, 0 MB globals, 4 P
gc 675 @7.824s 3%: 0.057+1.0+0.006 ms clock, 0.22+0.42/0.63/0+0.025 ms cpu, 3->3->1 MB, 4 MB goal, 0 MB stacks, 0 MB globals, 4 P
gc 676 @7.829s 3%: 0.032+0.93+0.029 ms clock, 0.12+1.0/0.001/0+0.11 ms cpu, 3->3->1 MB, 4 MB goal, 0 MB stacks, 0 MB globals, 4 P
gc 677 @7.835s 3%: 0.059+1.7+0.078 ms clock, 0.23+0.59/0.62/0+0.31 ms cpu, 3->3->1 MB, 4 MB goal, 0 MB stacks, 0 MB globals, 4 P
gc 678 @7.840s 3%: 0.090+0.65+0.029 ms clock, 0.36+0.59/0.57/0+0.11 ms cpu, 3->3->1 MB, 4 MB goal, 0 MB stacks, 0 MB globals, 4 P
gc 679 @7.846s 3%: 0.023+0.75+0.046 ms clock, 0.094+0.89/0.55/0+0.18 ms cpu, 3->3->1 MB, 4 MB goal, 0 MB stacks, 0 MB globals, 4 P
gc 680 @7.851s 3%: 0.043+2.0+0.017 ms clock, 0.17+0.73/0.68/0+0.070 ms cpu, 3->3->1 MB, 4 MB goal, 0 MB stacks, 0 MB globals, 4 P
gc 681 @7.857s 3%: 0.071+1.9+0.036 ms clock, 0.28+0.49/0.68/0+0.14 ms cpu, 3->3->1 MB, 4 MB goal, 0 MB stacks, 0 MB globals, 4 P
gc 682 @7.863s 3%: 0.084+1.5+0.066 ms clock, 0.33+0.67/0.61/0+0.26 ms cpu, 3->3->1 MB, 4 MB goal, 0 MB stacks, 0 MB globals, 4 P
gc 683 @7.868s 3%: 0.046+1.7+0.025 ms clock, 0.18+0.98/0.45/0+0.10 ms cpu, 3->3->1 MB, 4 MB goal, 0 MB stacks, 0 MB globals, 4 P
gc 684 @7.874s 3%: 0.049+1.8+0.045 ms clock, 0.19+0.32/0.74/0+0.18 ms cpu, 3->3->1 MB, 4 MB goal, 0 MB stacks, 0 MB globals, 4 P
gc 685 @7.880s 3%: 0.060+0.68+0.041 ms clock, 0.24+0.78/0.54/0+0.16 ms cpu, 3->3->1 MB, 4 MB goal, 0 MB stacks, 0 MB globals, 4 P
gc 686 @7.885s 3%: 0.040+1.9+0.040 ms clock, 0.16+0.43/0.53/0+0.16 ms cpu, 3->3->1 MB, 4 MB goal, 0 MB stacks, 0 MB globals, 4 P
gc 687 @7.891s 3%: 0.40+1.4+0.003 ms clock, 1.6+0.34/1.2/0+0.014 ms cpu, 3->3->1 MB, 4 MB goal, 0 MB stacks, 0 MB globals, 4 P
gc 688 @7.897s 3%: 0.054+1.8+0.095 ms clock, 0.21+0.91/0.49/0+0.38 ms cpu, 3->3->1 MB, 4 MB goal, 0 MB stacks, 0 MB globals, 4 P
gc 689 @7.903s 3%: 0.060+1.7+0.028 ms clock, 0.24+1.5/0.95/0+0.11 ms cpu, 3->3->1 MB, 4 MB goal, 0 MB stacks, 0 MB globals, 4 P
gc 690 @7.908s 3%: 0.096+0.52+0.033 ms clock, 0.38+0.82/0.47/0+0.13 ms cpu, 3->3->1 MB, 4 MB goal, 0 MB stacks, 0 MB globals, 4 P
gc 691 @7.914s 3%: 0.12+1.3+0.078 ms clock, 0.50+0.80/0.73/0+0.31 ms cpu, 3->3->1 MB, 4 MB goal, 0 MB stacks, 0 MB globals, 4 P
gc 692 @7.919s 3%: 0.085+1.0+0.020 ms clock, 0.34+0.51/0.93/0+0.081 ms cpu, 3->3->1 MB, 4 MB goal, 0 MB stacks, 0 MB globals, 4 P
gc 693 @7.925s 3%: 0.083+0.67+0.028 ms clock, 0.33+0.88/0.62/0+0.11 ms cpu, 3->3->1 MB, 4 MB goal, 0 MB stacks, 0 MB globals, 4 P
gc 694 @7.930s 3%: 0.096+1.6+0.016 ms clock, 0.38+0.45/0.58/0+0.064 ms cpu, 3->3->1 MB, 4 MB goal, 0 MB stacks, 0 MB globals, 4 P
gc 695 @7.936s 3%: 0.096+0.58+0.039 ms clock, 0.38+0.82/0.48/0+0.15 ms cpu, 3->3->1 MB, 4 MB goal, 0 MB stacks, 0 MB globals, 4 P
gc 696 @7.941s 3%: 2.0+1.0+0.034 ms clock, 8.1+0.27/2.2/0+0.13 ms cpu, 3->3->1 MB, 4 MB goal, 0 MB stacks, 0 MB globals, 4 P
gc 697 @7.947s 3%: 0.074+0.86+0.018 ms clock, 0.29+0.82/0.74/0+0.075 ms cpu, 3->3->1 MB, 4 MB goal, 0 MB stacks, 0 MB globals, 4 P
gc 698 @7.953s 3%: 0.096+1.0+0.054 ms clock, 0.38+0.70/0.85/0+0.21 ms cpu, 3->3->1 MB, 4 MB goal, 0 MB stacks, 0 MB globals, 4 P
gc 699 @7.958s 3%: 0.077+0.60+0.030 ms clock, 0.31+0.74/0.52/0+0.12 ms cpu, 3->3->1 MB, 4 MB goal, 0 MB stacks, 0 MB globals, 4 P
gc 700 @7.964s 3%: 0.058+0.69+0.029 ms clock, 0.23+0.98/0.47/0+0.11 ms cpu, 3->3->1 MB, 4 MB goal, 0 MB stacks, 0 MB globals, 4 P
gc 701 @7.969s 3%: 0.050+1.5+0.021 ms clock, 0.20+1.1/0.001/0+0.086 ms cpu, 3->3->1 MB, 4 MB goal, 0 MB stacks, 0 MB globals, 4 P
gc 702 @7.974s 3%: 0.045+0.86+0.045 ms clock, 0.18+0.99/0.63/0+0.18 ms cpu, 3->3->1 MB, 4 MB goal, 0 MB stacks, 0 MB globals, 4 P
gc 703 @7.980s 3%: 0.050+1.3+0.025 ms clock, 0.20+0.59/0.74/0+0.10 ms cpu, 3->3->1 MB, 4 MB goal, 0 MB stacks, 0 MB globals, 4 P
gc 704 @7.986s 3%: 0.079+1.9+0.030 ms clock, 0.31+0.43/0.68/0+0.12 ms cpu, 3->3->1 MB, 4 MB goal, 0 MB stacks, 0 MB globals, 4 P
gc 705 @7.991s 3%: 0.054+1.4+0.042 ms clock, 0.21+1.3/0.001/0+0.17 ms cpu, 3->3->1 MB, 4 MB goal, 0 MB stacks, 0 MB globals, 4 P
gc 706 @7.997s 3%: 0.032+0.53+0.031 ms clock, 0.13+0.99/0.40/0+0.12 ms cpu, 3->3->1 MB, 4 MB goal, 0 MB stacks, 0 MB globals, 4 P
gc 707 @8.002s 3%: 0.053+2.2+0.054 ms clock, 0.21+1.5/0.76/0+0.21 ms cpu, 3->3->1 MB, 4 MB goal, 0 MB stacks, 0 MB globals, 4 P
gc 708 @8.008s 3%: 0.069+0.84+0.030 ms clock, 0.27+0.77/0.66/0+0.12 ms cpu, 3->3->1 MB, 4 MB goal, 0 MB stacks, 0 MB globals, 4 P
gc 709 @8.013s 3%: 0.057+0.70+0.047 ms clock, 0.23+0.83/0.63/0+0.19 ms cpu, 3->3->1 MB, 4 MB goal, 0 MB stacks, 0 MB globals, 4 P
gc 710 @8.019s 3%: 0.072+0.70+0.045 ms clock, 0.29+0.88/0.62/0+0.18 ms cpu, 3->3->1 MB, 4 MB goal, 0 MB stacks, 0 MB globals, 4 P
gc 711 @8.024s 3%: 0.10+1.5+0.084 ms clock, 0.40+0.43/0.74/0+0.33 ms cpu, 3->3->1 MB, 4 MB goal, 0 MB stacks, 0 MB globals, 4 P
gc 712 @8.030s 3%: 0.079+1.6+0.030 ms clock, 0.31+0.95/1.0/0+0.12 ms cpu, 3->3->1 MB, 4 MB goal, 0 MB stacks, 0 MB globals, 4 P
gc 713 @8.035s 3%: 0.088+0.62+0.044 ms clock, 0.35+0.86/0.53/0+0.17 ms cpu, 3->3->1 MB, 4 MB goal, 0 MB stacks, 0 MB globals, 4 P
gc 714 @8.041s 3%: 0.068+0.63+0.024 ms clock, 0.27+0.77/0.51/0+0.096 ms cpu, 3->3->1 MB, 4 MB goal, 0 MB stacks, 0 MB globals, 4 P
gc 715 @8.046s 3%: 0.045+0.57+0.027 ms clock, 0.18+0.97/0.48/0+0.10 ms cpu, 3->3->1 MB, 4 MB goal, 0 MB stacks, 0 MB globals, 4 P
gc 716 @8.051s 3%: 0.081+0.63+0.038 ms clock, 0.32+0.67/0.56/0+0.15 ms cpu, 3->3->1 MB, 4 MB goal, 0 MB stacks, 0 MB globals, 4 P
gc 717 @8.057s 3%: 0.045+2.0+0.044 ms clock, 0.18+0.69/0.71/0+0.17 ms cpu, 3->3->1 MB, 4 MB goal, 0 MB stacks, 0 MB globals, 4 P
gc 718 @8.063s 3%: 0.068+1.2+0.085 ms clock, 0.27+0.55/0.52/0+0.34 ms cpu, 3->3->1 MB, 4 MB goal, 0 MB stacks, 0 MB globals, 4 P
gc 719 @8.068s 3%: 0.067+2.4+0.068 ms clock, 0.26+0.75/0.69/0+0.27 ms cpu, 3->4->1 MB, 4 MB goal, 0 MB stacks, 0 MB globals, 4 P
gc 720 @8.074s 3%: 0.055+0.69+0.063 ms clock, 0.22+0.82/0.54/0+0.25 ms cpu, 3->3->1 MB, 4 MB goal, 0 MB stacks, 0 MB globals, 4 P
gc 721 @8.080s 3%: 0.064+2.0+0.024 ms clock, 0.25+0.60/0.92/0+0.099 ms cpu, 3->3->1 MB, 4 MB goal, 0 MB stacks, 0 MB globals, 4 P
gc 722 @8.085s 3%: 0.034+1.1+0.025 ms clock, 0.13+1.2/0/0+0.10 ms cpu, 3->3->1 MB, 4 MB goal, 0 MB stacks, 0 MB globals, 4 P
gc 723 @8.091s 3%: 0.070+1.1+0.018 ms clock, 0.28+0.58/0.74/0+0.072 ms cpu, 3->3->1 MB, 4 MB goal, 0 MB stacks, 0 MB globals, 4 P
gc 724 @8.097s 3%: 0.055+0.77+0.051 ms clock, 0.22+0.75/0.63/0+0.20 ms cpu, 3->3->1 MB, 4 MB goal, 0 MB stacks, 0 MB globals, 4 P
gc 725 @8.102s 3%: 2.2+0.17+0.029 ms clock, 9.0+2.3/1.0/0+0.11 ms cpu, 3->3->1 MB, 4 MB goal, 0 MB stacks, 0 MB globals, 4 P
gc 726 @8.108s 3%: 0.10+1.4+0.081 ms clock, 0.41+0.44/0.70/0+0.32 ms cpu, 3->3->1 MB, 4 MB goal, 0 MB stacks, 0 MB globals, 4 P
gc 727 @8.113s 3%: 0.80+0.39+0.057 ms clock, 3.2+0.41/1.0/0+0.22 ms cpu, 3->3->1 MB, 4 MB goal, 0 MB stacks, 0 MB globals, 4 P
gc 728 @8.119s 3%: 0.12+1.2+0.022 ms clock, 0.49+0.62/0.78/0+0.090 ms cpu, 3->3->1 MB, 4 MB goal, 0 MB stacks, 0 MB globals, 4 P
gc 729 @8.124s 3%: 0.061+0.84+0.045 ms clock, 0.24+0.72/0.49/0+0.18 ms cpu, 3->3->1 MB, 4 MB goal, 0 MB stacks, 0 MB globals, 4 P
gc 730 @8.130s 3%: 0.086+0.90+0.034 ms clock, 0.34+0.78/0.81/0+0.13 ms cpu, 3->3->1 MB, 4 MB goal, 0 MB stacks, 0 MB globals, 4 P
gc 731 @8.135s 3%: 0.23+1.7+0.031 ms clock, 0.94+0.74/1.0/0.003+0.12 ms cpu, 3->3->1 MB, 4 MB goal, 0 MB stacks, 0 MB globals, 4 P
gc 732 @8.141s 3%: 0.28+1.8+0.042 ms clock, 1.1+0.69/1.1/0+0.17 ms cpu, 3->3->1 MB, 4 MB goal, 0 MB stacks, 0 MB globals, 4 P
gc 733 @8.147s 3%: 0.084+1.5+0.067 ms clock, 0.33+1.0/0.76/0+0.27 ms cpu, 3->3->1 MB, 4 MB goal, 0 MB stacks, 0 MB globals, 4 P
gc 734 @8.153s 3%: 0.048+1.8+0.063 ms clock, 0.19+0.58/0.52/0+0.25 ms cpu, 3->3->1 MB, 4 MB goal, 0 MB stacks, 0 MB globals, 4 P
gc 735 @8.159s 3%: 0.10+0.79+0.036 ms clock, 0.41+0.65/0.66/0+0.14 ms cpu, 3->3->1 MB, 4 MB goal, 0 MB stacks, 0 MB globals, 4 P
gc 736 @8.164s 3%: 0.073+1.9+0.032 ms clock, 0.29+1.0/0.70/0+0.13 ms cpu, 3->3->1 MB, 4 MB goal, 0 MB stacks, 0 MB globals, 4 P
gc 737 @8.170s 3%: 0.33+1.8+0.093 ms clock, 1.3+0.55/1.4/0+0.37 ms cpu, 3->3->1 MB, 4 MB goal, 0 MB stacks, 0 MB globals, 4 P
gc 738 @8.176s 3%: 0.084+1.3+0.086 ms clock, 0.33+0.44/0.72/0+0.34 ms cpu, 3->3->1 MB, 4 MB goal, 0 MB stacks, 0 MB globals, 4 P
gc 739 @8.182s 3%: 0.052+2.1+0.036 ms clock, 0.20+0.65/1.1/0+0.14 ms cpu, 3->4->1 MB, 4 MB goal, 0 MB stacks, 0 MB globals, 4 P
gc 740 @8.187s 3%: 0.061+0.84+0.082 ms clock, 0.24+0.91/0.68/0+0.33 ms cpu, 3->3->1 MB, 4 MB goal, 0 MB stacks, 0 MB globals, 4 P
gc 741 @8.193s 3%: 0.082+0.65+0.025 ms clock, 0.32+0.71/0.56/0+0.10 ms cpu, 3->3->1 MB, 4 MB goal, 0 MB stacks, 0 MB globals, 4 P
gc 742 @8.198s 3%: 0.39+0.96+0.045 ms clock, 1.5+0.22/1.2/0+0.18 ms cpu, 3->3->1 MB, 4 MB goal, 0 MB stacks, 0 MB globals, 4 P
gc 743 @8.204s 3%: 0.047+0.80+0.037 ms clock, 0.18+0.59/0.68/0+0.14 ms cpu, 3->3->1 MB, 4 MB goal, 0 MB stacks, 0 MB globals, 4 P
gc 744 @8.209s 3%: 0.047+0.74+0.047 ms clock, 0.19+0.86/0.57/0+0.19 ms cpu, 3->3->1 MB, 4 MB goal, 0 MB stacks, 0 MB globals, 4 P
gc 745 @8.215s 4%: 0.063+0.81+0.059 ms clock, 0.25+0.86/0.72/0+0.23 ms cpu, 3->3->1 MB, 4 MB goal, 0 MB stacks, 0 MB globals, 4 P
gc 746 @8.220s 4%: 0.079+0.84+0.071 ms clock, 0.31+0.84/0.58/0+0.28 ms cpu, 3->3->1 MB, 4 MB goal, 0 MB stacks, 0 MB globals, 4 P
gc 747 @8.226s 4%: 1.9+1.1+0.004 ms clock, 7.8+0.35/2.2/0+0.016 ms cpu, 3->3->1 MB, 4 MB goal, 0 MB stacks, 0 MB globals, 4 P
gc 748 @8.232s 4%: 0.049+1.1+0.064 ms clock, 0.19+0.54/0.85/0+0.25 ms cpu, 3->3->1 MB, 4 MB goal, 0 MB stacks, 0 MB globals, 4 P
gc 749 @8.238s 4%: 0.046+1.3+0.003 ms clock, 0.18+0.60/0.52/0+0.013 ms cpu, 3->3->1 MB, 4 MB goal, 0 MB stacks, 0 MB globals, 4 P
gc 750 @8.243s 4%: 0.056+0.92+0.067 ms clock, 0.22+0.62/0.77/0+0.27 ms cpu, 3->3->1 MB, 4 MB goal, 0 MB stacks, 0 MB globals, 4 P
gc 751 @8.249s 4%: 0.085+1.7+0.039 ms clock, 0.34+0.37/0.74/0+0.15 ms cpu, 3->3->1 MB, 4 MB goal, 0 MB stacks, 0 MB globals, 4 P
gc 752 @8.254s 4%: 0.057+1.1+0.037 ms clock, 0.22+0.54/0.53/0+0.14 ms cpu, 3->3->1 MB, 4 MB goal, 0 MB stacks, 0 MB globals, 4 P
gc 753 @8.260s 4%: 0.069+0.63+0.042 ms clock, 0.27+0.67/0.53/0+0.17 ms cpu, 3->3->1 MB, 4 MB goal, 0 MB stacks, 0 MB globals, 4 P
gc 754 @8.266s 4%: 0.046+1.1+0.050 ms clock, 0.18+0.69/0.59/0+0.20 ms cpu, 3->3->1 MB, 4 MB goal, 0 MB stacks, 0 MB globals, 4 P
gc 755 @8.272s 4%: 0.063+1.6+0.085 ms clock, 0.25+0.61/0.53/0+0.34 ms cpu, 3->3->1 MB, 4 MB goal, 0 MB stacks, 0 MB globals, 4 P
gc 756 @8.278s 4%: 0.065+0.69+0.036 ms clock, 0.26+0.82/0.60/0+0.14 ms cpu, 3->3->1 MB, 4 MB goal, 0 MB stacks, 0 MB globals, 4 P
gc 757 @8.283s 4%: 0.057+0.68+0.068 ms clock, 0.22+0.90/0.52/0+0.27 ms cpu, 3->3->1 MB, 4 MB goal, 0 MB stacks, 0 MB globals, 4 P
gc 758 @8.289s 4%: 0.048+1.2+0.022 ms clock, 0.19+0.53/0.61/0+0.089 ms cpu, 3->3->1 MB, 4 MB goal, 0 MB stacks, 0 MB globals, 4 P
gc 759 @8.295s 4%: 0.044+0.67+0.055 ms clock, 0.17+0.85/0.57/0+0.22 ms cpu, 3->3->1 MB, 4 MB goal, 0 MB stacks, 0 MB globals, 4 P
gc 760 @8.300s 4%: 0.076+0.71+0.051 ms clock, 0.30+0.82/0.58/0+0.20 ms cpu, 3->3->1 MB, 4 MB goal, 0 MB stacks, 0 MB globals, 4 P
gc 761 @8.306s 4%: 0.096+1.4+0.034 ms clock, 0.38+0.37/0.69/0+0.13 ms cpu, 3->3->1 MB, 4 MB goal, 0 MB stacks, 0 MB globals, 4 P
gc 762 @8.311s 4%: 0.097+0.71+0.049 ms clock, 0.38+0.81/0.57/0+0.19 ms cpu, 3->3->1 MB, 4 MB goal, 0 MB stacks, 0 MB globals, 4 P
gc 763 @8.317s 4%: 0.11+0.77+0.037 ms clock, 0.47+0.60/0.67/0+0.14 ms cpu, 3->3->1 MB, 4 MB goal, 0 MB stacks, 0 MB globals, 4 P
gc 764 @8.323s 4%: 0.052+0.66+0.037 ms clock, 0.21+0.74/0.53/0+0.14 ms cpu, 3->3->1 MB, 4 MB goal, 0 MB stacks, 0 MB globals, 4 P
gc 765 @8.328s 4%: 0.072+0.88+0.060 ms clock, 0.28+0.60/0.80/0+0.24 ms cpu, 3->3->1 MB, 4 MB goal, 0 MB stacks, 0 MB globals, 4 P
gc 766 @8.334s 4%: 0.052+1.7+0.033 ms clock, 0.20+0.95/0.75/0+0.13 ms cpu, 3->3->1 MB, 4 MB goal, 0 MB stacks, 0 MB globals, 4 P
gc 767 @8.340s 4%: 0.057+0.70+0.039 ms clock, 0.22+0.85/0.56/0+0.15 ms cpu, 3->3->1 MB, 4 MB goal, 0 MB stacks, 0 MB globals, 4 P
gc 768 @8.345s 4%: 0.073+1.1+0.076 ms clock, 0.29+0.86/0.64/0+0.30 ms cpu, 3->3->1 MB, 4 MB goal, 0 MB stacks, 0 MB globals, 4 P
gc 769 @8.352s 4%: 0.072+0.65+0.043 ms clock, 0.29+0.80/0.50/0+0.17 ms cpu, 3->3->1 MB, 4 MB goal, 0 MB stacks, 0 MB globals, 4 P
gc 770 @8.356s 4%: 0.048+0.88+0.025 ms clock, 0.19+0.69/0.55/0+0.10 ms cpu, 3->3->1 MB, 4 MB goal, 0 MB stacks, 0 MB globals, 4 P
gc 771 @8.362s 4%: 0.54+0.91+0.055 ms clock, 2.1+0.34/1.2/0+0.22 ms cpu, 3->3->1 MB, 4 MB goal, 0 MB stacks, 0 MB globals, 4 P
gc 772 @8.367s 4%: 0.098+0.78+0.024 ms clock, 0.39+0.50/0.62/0+0.099 ms cpu, 3->3->1 MB, 4 MB goal, 0 MB stacks, 0 MB globals, 4 P
gc 773 @8.373s 4%: 0.079+0.74+0.059 ms clock, 0.31+0.69/0.65/0+0.23 ms cpu, 3->3->1 MB, 4 MB goal, 0 MB stacks, 0 MB globals, 4 P
gc 774 @8.378s 4%: 0.082+0.61+0.060 ms clock, 0.33+0.79/0.49/0+0.24 ms cpu, 3->3->1 MB, 4 MB goal, 0 MB stacks, 0 MB globals, 4 P
gc 775 @8.384s 4%: 0.057+1.2+0.061 ms clock, 0.22+0.94/0.48/0+0.24 ms cpu, 3->3->1 MB, 4 MB goal, 0 MB stacks, 0 MB globals, 4 P
gc 776 @8.390s 4%: 0.071+0.74+0.042 ms clock, 0.28+0.54/0.62/0+0.16 ms cpu, 3->3->1 MB, 4 MB goal, 0 MB stacks, 0 MB globals, 4 P
gc 777 @8.396s 4%: 0.046+0.58+0.035 ms clock, 0.18+0.90/0.49/0+0.14 ms cpu, 3->3->1 MB, 4 MB goal, 0 MB stacks, 0 MB globals, 4 P
gc 778 @8.401s 4%: 0.062+2.0+0.033 ms clock, 0.24+0.47/0.65/0+0.13 ms cpu, 3->3->1 MB, 4 MB goal, 0 MB stacks, 0 MB globals, 4 P
gc 779 @8.407s 4%: 0.059+0.61+0.076 ms clock, 0.23+0.88/0.49/0+0.30 ms cpu, 3->3->1 MB, 4 MB goal, 0 MB stacks, 0 MB globals, 4 P
gc 780 @8.412s 4%: 0.052+0.68+0.026 ms clock, 0.21+0.66/0.57/0+0.10 ms cpu, 3->3->1 MB, 4 MB goal, 0 MB stacks, 0 MB globals, 4 P
gc 781 @8.418s 4%: 0.081+2.4+0.036 ms clock, 0.32+0.58/0.60/0+0.14 ms cpu, 3->3->1 MB, 4 MB goal, 0 MB stacks, 0 MB globals, 4 P
gc 782 @8.423s 4%: 1.5+0.25+0.047 ms clock, 6.1+0.57/1.6/0+0.19 ms cpu, 3->3->1 MB, 4 MB goal, 0 MB stacks, 0 MB globals, 4 P
gc 783 @8.429s 4%: 0.084+2.1+0.005 ms clock, 0.33+0.52/0.51/0+0.021 ms cpu, 3->3->1 MB, 4 MB goal, 0 MB stacks, 0 MB globals, 4 P
gc 784 @8.435s 4%: 0.061+1.2+0.037 ms clock, 0.24+0.95/0.55/0+0.14 ms cpu, 3->3->1 MB, 4 MB goal, 0 MB stacks, 0 MB globals, 4 P
gc 785 @8.441s 4%: 0.022+1.9+0.040 ms clock, 0.091+0.83/0.61/0+0.16 ms cpu, 3->3->1 MB, 4 MB goal, 0 MB stacks, 0 MB globals, 4 P
gc 786 @8.446s 4%: 0.053+0.62+0.040 ms clock, 0.21+0.80/0.52/0+0.16 ms cpu, 3->3->1 MB, 4 MB goal, 0 MB stacks, 0 MB globals, 4 P
gc 787 @8.452s 4%: 0.093+1.5+0.024 ms clock, 0.37+1.2/1.4/0.048+0.097 ms cpu, 3->3->1 MB, 4 MB goal, 0 MB stacks, 0 MB globals, 4 P
gc 788 @8.457s 4%: 0.38+1.2+0.075 ms clock, 1.5+0.26/1.0/0+0.30 ms cpu, 3->3->1 MB, 4 MB goal, 0 MB stacks, 0 MB globals, 4 P
gc 789 @8.463s 4%: 1.6+1.0+0.009 ms clock, 6.5+0.80/1.7/0+0.039 ms cpu, 3->3->1 MB, 4 MB goal, 0 MB stacks, 0 MB globals, 4 P
gc 790 @8.469s 4%: 0.053+1.2+0.020 ms clock, 0.21+0.99/1.2/0.051+0.082 ms cpu, 3->3->1 MB, 4 MB goal, 0 MB stacks, 0 MB globals, 4 P
gc 791 @8.475s 4%: 0.47+0.76+0.032 ms clock, 1.9+0.49/1.1/0+0.12 ms cpu, 3->3->1 MB, 4 MB goal, 0 MB stacks, 0 MB globals, 4 P
gc 792 @8.480s 4%: 0.060+0.75+0.062 ms clock, 0.24+0.82/0.63/0+0.24 ms cpu, 3->3->1 MB, 4 MB goal, 0 MB stacks, 0 MB globals, 4 P
gc 793 @8.485s 4%: 0.050+0.60+0.032 ms clock, 0.20+0.80/0.53/0+0.12 ms cpu, 3->3->1 MB, 4 MB goal, 0 MB stacks, 0 MB globals, 4 P
gc 794 @8.491s 4%: 0.080+2.2+0.004 ms clock, 0.32+0.66/0.67/0+0.018 ms cpu, 3->3->1 MB, 4 MB goal, 0 MB stacks, 0 MB globals, 4 P
gc 795 @8.497s 4%: 0.28+2.4+0.092 ms clock, 1.1+0.73/1.8/0+0.36 ms cpu, 3->4->1 MB, 4 MB goal, 0 MB stacks, 0 MB globals, 4 P
gc 796 @8.503s 4%: 0.049+2.2+0.028 ms clock, 0.19+0.52/0.89/0+0.11 ms cpu, 3->3->1 MB, 4 MB goal, 0 MB stacks, 0 MB globals, 4 P
gc 797 @8.509s 4%: 0.064+0.62+0.040 ms clock, 0.25+0.71/0.52/0+0.16 ms cpu, 3->3->1 MB, 4 MB goal, 0 MB stacks, 0 MB globals, 4 P
gc 798 @8.514s 4%: 0.23+1.9+0.030 ms clock, 0.94+0.68/1.4/0.14+0.12 ms cpu, 3->3->1 MB, 4 MB goal, 0 MB stacks, 0 MB globals, 4 P
gc 799 @8.520s 4%: 0.073+0.94+0.022 ms clock, 0.29+0.81/0.85/0+0.088 ms cpu, 3->3->1 MB, 4 MB goal, 0 MB stacks, 0 MB globals, 4 P
gc 800 @8.525s 4%: 0.042+1.3+0.037 ms clock, 0.16+0.59/0.55/0+0.15 ms cpu, 3->3->1 MB, 4 MB goal, 0 MB stacks, 0 MB globals, 4 P
gc 801 @8.531s 4%: 0.31+1.4+0.004 ms clock, 1.2+0.51/1.1/0+0.018 ms cpu, 3->3->1 MB, 4 MB goal, 0 MB stacks, 0 MB globals, 4 P
gc 802 @8.537s 4%: 0.066+1.3+0.003 ms clock, 0.26+0.34/0.75/0+0.015 ms cpu, 3->3->1 MB, 4 MB goal, 0 MB stacks, 0 MB globals, 4 P
gc 803 @8.542s 4%: 0.11+0.68+0.038 ms clock, 0.45+1.0/0.50/0+0.15 ms cpu, 3->3->1 MB, 4 MB goal, 0 MB stacks, 0 MB globals, 4 P
gc 804 @8.548s 4%: 0.064+1.0+0.013 ms clock, 0.25+0.81/0.95/0+0.052 ms cpu, 3->3->1 MB, 4 MB goal, 0 MB stacks, 0 MB globals, 4 P
gc 805 @8.553s 4%: 0.041+1.7+0.048 ms clock, 0.16+0.90/0.74/0+0.19 ms cpu, 3->3->1 MB, 4 MB goal, 0 MB stacks, 0 MB globals, 4 P
gc 806 @8.559s 4%: 0.035+1.1+0.017 ms clock, 0.14+0.75/0.66/0+0.068 ms cpu, 3->3->1 MB, 4 MB goal, 0 MB stacks, 0 MB globals, 4 P
gc 807 @8.565s 4%: 0.049+0.52+0.060 ms clock, 0.19+0.92/0.42/0+0.24 ms cpu, 3->3->1 MB, 4 MB goal, 0 MB stacks, 0 MB globals, 4 P
gc 808 @8.570s 4%: 0.32+1.5+0.031 ms clock, 1.2+0.38/1.0/0+0.12 ms cpu, 3->3->1 MB, 4 MB goal, 0 MB stacks, 0 MB globals, 4 P
gc 809 @8.576s 4%: 0.078+1.2+0.082 ms clock, 0.31+0.71/0.67/0+0.33 ms cpu, 3->3->1 MB, 4 MB goal, 0 MB stacks, 0 MB globals, 4 P
gc 810 @8.581s 4%: 0.057+3.0+0.044 ms clock, 0.23+0.75/0.56/0+0.17 ms cpu, 3->3->1 MB, 4 MB goal, 0 MB stacks, 0 MB globals, 4 P
gc 811 @8.587s 4%: 0.082+0.67+0.074 ms clock, 0.33+0.77/0.53/0+0.29 ms cpu, 3->3->1 MB, 4 MB goal, 0 MB stacks, 0 MB globals, 4 P
gc 812 @8.592s 4%: 0.058+0.81+0.041 ms clock, 0.23+0.65/0.69/0+0.16 ms cpu, 3->3->1 MB, 4 MB goal, 0 MB stacks, 0 MB globals, 4 P
gc 813 @8.598s 4%: 0.055+1.0+0.057 ms clock, 0.22+0.90/0.83/0+0.23 ms cpu, 3->3->1 MB, 4 MB goal, 0 MB stacks, 0 MB globals, 4 P
gc 814 @8.603s 4%: 0.029+1.0+0.046 ms clock, 0.11+0.86/0.53/0+0.18 ms cpu, 3->3->1 MB, 4 MB goal, 0 MB stacks, 0 MB globals, 4 P
gc 815 @8.609s 4%: 0.056+0.84+0.048 ms clock, 0.22+0.88/0.72/0+0.19 ms cpu, 3->3->1 MB, 4 MB goal, 0 MB stacks, 0 MB globals, 4 P
gc 816 @8.614s 4%: 0.081+0.85+0.022 ms clock, 0.32+1.1/0.68/0+0.091 ms cpu, 3->3->1 MB, 4 MB goal, 0 MB stacks, 0 MB globals, 4 P
gc 817 @8.620s 4%: 0.061+0.70+0.060 ms clock, 0.24+0.92/0.53/0+0.24 ms cpu, 3->3->1 MB, 4 MB goal, 0 MB stacks, 0 MB globals, 4 P
gc 818 @8.625s 4%: 0.056+0.60+0.030 ms clock, 0.22+0.67/0.55/0+0.12 ms cpu, 3->3->1 MB, 4 MB goal, 0 MB stacks, 0 MB globals, 4 P
gc 819 @8.631s 4%: 0.060+0.97+0.020 ms clock, 0.24+0.88/0.85/0+0.081 ms cpu, 3->3->1 MB, 4 MB goal, 0 MB stacks, 0 MB globals, 4 P
gc 820 @8.636s 4%: 0.16+0.60+0.028 ms clock, 0.64+0.70/0.61/0+0.11 ms cpu, 3->3->1 MB, 4 MB goal, 0 MB stacks, 0 MB globals, 4 P
gc 821 @8.641s 4%: 0.059+0.70+0.030 ms clock, 0.23+0.76/0.61/0+0.12 ms cpu, 3->3->1 MB, 4 MB goal, 0 MB stacks, 0 MB globals, 4 P
gc 822 @8.647s 4%: 0.048+0.84+0.077 ms clock, 0.19+0.99/0.63/0+0.30 ms cpu, 3->3->1 MB, 4 MB goal, 0 MB stacks, 0 MB globals, 4 P
gc 823 @8.652s 4%: 0.034+0.58+0.062 ms clock, 0.13+0.97/0.51/0+0.24 ms cpu, 3->3->1 MB, 4 MB goal, 0 MB stacks, 0 MB globals, 4 P
gc 824 @8.658s 4%: 0.071+0.72+0.021 ms clock, 0.28+0.67/0.60/0+0.087 ms cpu, 3->3->1 MB, 4 MB goal, 0 MB stacks, 0 MB globals, 4 P
gc 825 @8.663s 4%: 0.056+0.72+0.006 ms clock, 0.22+0.63/0.59/0+0.025 ms cpu, 3->3->1 MB, 4 MB goal, 0 MB stacks, 0 MB globals, 4 P
gc 826 @8.668s 4%: 0.043+0.66+0.051 ms clock, 0.17+0.78/0.49/0+0.20 ms cpu, 3->3->1 MB, 4 MB goal, 0 MB stacks, 0 MB globals, 4 P
gc 827 @8.674s 4%: 0.089+0.76+0.068 ms clock, 0.35+0.76/0.59/0+0.27 ms cpu, 3->3->1 MB, 4 MB goal, 0 MB stacks, 0 MB globals, 4 P
gc 828 @8.679s 4%: 0.049+0.55+0.063 ms clock, 0.19+0.80/0.49/0+0.25 ms cpu, 3->3->1 MB, 4 MB goal, 0 MB stacks, 0 MB globals, 4 P
gc 829 @8.685s 4%: 0.045+1.1+0.010 ms clock, 0.18+0.74/0.54/0+0.041 ms cpu, 3->3->1 MB, 4 MB goal, 0 MB stacks, 0 MB globals, 4 P
gc 830 @8.691s 4%: 0.24+1.2+0.030 ms clock, 0.97+0.82/1.3/0.025+0.12 ms cpu, 3->3->1 MB, 4 MB goal, 0 MB stacks, 0 MB globals, 4 P
gc 831 @8.696s 4%: 0.053+0.79+0.042 ms clock, 0.21+0.65/0.67/0+0.16 ms cpu, 3->3->1 MB, 4 MB goal, 0 MB stacks, 0 MB globals, 4 P
gc 832 @8.702s 4%: 0.25+1.6+0.032 ms clock, 1.0+0.48/0.85/0+0.13 ms cpu, 3->3->1 MB, 4 MB goal, 0 MB stacks, 0 MB globals, 4 P
gc 833 @8.708s 4%: 0.041+0.96+0.028 ms clock, 0.16+0.79/0.85/0.076+0.11 ms cpu, 3->3->1 MB, 4 MB goal, 0 MB stacks, 0 MB globals, 4 P
gc 834 @8.713s 4%: 0.072+2.5+0.050 ms clock, 0.29+0.63/0.86/0+0.20 ms cpu, 3->3->1 MB, 4 MB goal, 0 MB stacks, 0 MB globals, 4 P
gc 835 @8.719s 4%: 0.052+0.63+0.023 ms clock, 0.21+0.73/0.54/0+0.092 ms cpu, 3->3->1 MB, 4 MB goal, 0 MB stacks, 0 MB globals, 4 P
gc 836 @8.725s 4%: 0.091+0.76+0.063 ms clock, 0.36+0.83/0.61/0+0.25 ms cpu, 3->3->1 MB, 4 MB goal, 0 MB stacks, 0 MB globals, 4 P
gc 837 @8.730s 4%: 0.049+1.3+0.073 ms clock, 0.19+0.62/0.78/0+0.29 ms cpu, 3->3->1 MB, 4 MB goal, 0 MB stacks, 0 MB globals, 4 P
gc 838 @8.736s 4%: 0.072+0.81+0.025 ms clock, 0.29+0.41/0.65/0+0.10 ms cpu, 3->3->1 MB, 4 MB goal, 0 MB stacks, 0 MB globals, 4 P
gc 839 @8.741s 4%: 0.060+0.73+0.054 ms clock, 0.24+0.79/0.62/0+0.21 ms cpu, 3->3->1 MB, 4 MB goal, 0 MB stacks, 0 MB globals, 4 P
gc 840 @8.747s 4%: 0.37+2.0+0.016 ms clock, 1.5+0.53/2.2/0+0.067 ms cpu, 3->4->1 MB, 4 MB goal, 0 MB stacks, 0 MB globals, 4 P
gc 841 @8.753s 4%: 0.095+1.5+0.059 ms clock, 0.38+1.2/0/0+0.23 ms cpu, 3->3->1 MB, 4 MB goal, 0 MB stacks, 0 MB globals, 4 P
gc 842 @8.758s 4%: 0.11+1.9+0.054 ms clock, 0.44+0.75/0.65/0+0.21 ms cpu, 3->3->1 MB, 4 MB goal, 0 MB stacks, 0 MB globals, 4 P
gc 843 @8.764s 4%: 0.047+0.98+0.026 ms clock, 0.19+0.30/0.60/0+0.10 ms cpu, 3->3->1 MB, 4 MB goal, 0 MB stacks, 0 MB globals, 4 P
gc 844 @8.770s 4%: 0.30+2.1+0.057 ms clock, 1.2+0.55/1.3/0.022+0.23 ms cpu, 3->4->1 MB, 4 MB goal, 0 MB stacks, 0 MB globals, 4 P
gc 845 @8.776s 4%: 0.059+0.65+0.034 ms clock, 0.23+0.78/0.55/0+0.13 ms cpu, 3->3->1 MB, 4 MB goal, 0 MB stacks, 0 MB globals, 4 P
gc 846 @8.782s 4%: 0.079+1.1+0.034 ms clock, 0.31+0.40/0.74/0+0.13 ms cpu, 3->3->1 MB, 4 MB goal, 0 MB stacks, 0 MB globals, 4 P
gc 847 @8.787s 4%: 0.064+1.0+0.027 ms clock, 0.25+0.71/0.96/0+0.11 ms cpu, 3->3->1 MB, 4 MB goal, 0 MB stacks, 0 MB globals, 4 P
gc 848 @8.793s 4%: 0.27+2.2+0.046 ms clock, 1.0+0.77/1.3/0+0.18 ms cpu, 3->3->1 MB, 4 MB goal, 0 MB stacks, 0 MB globals, 4 P
gc 849 @8.798s 4%: 0.39+0.82+0.030 ms clock, 1.5+0.40/1.0/0+0.12 ms cpu, 3->3->1 MB, 4 MB goal, 0 MB stacks, 0 MB globals, 4 P
gc 850 @8.804s 4%: 0.30+2.3+0.033 ms clock, 1.2+0.074/0.83/0+0.13 ms cpu, 3->3->1 MB, 4 MB goal, 0 MB stacks, 0 MB globals, 4 P
gc 851 @8.810s 4%: 0.060+0.72+0.068 ms clock, 0.24+0.83/0.62/0+0.27 ms cpu, 3->3->1 MB, 4 MB goal, 0 MB stacks, 0 MB globals, 4 P
gc 852 @8.815s 4%: 0.068+0.95+0.077 ms clock, 0.27+0.75/0.53/0+0.30 ms cpu, 3->3->1 MB, 4 MB goal, 0 MB stacks, 0 MB globals, 4 P
gc 853 @8.821s 4%: 0.056+1.9+0.008 ms clock, 0.22+0.59/0.73/0+0.032 ms cpu, 3->3->1 MB, 4 MB goal, 0 MB stacks, 0 MB globals, 4 P
gc 854 @8.826s 4%: 0.068+1.3+0.026 ms clock, 0.27+0.35/0.71/0+0.10 ms cpu, 3->3->1 MB, 4 MB goal, 0 MB stacks, 0 MB globals, 4 P
gc 855 @8.832s 4%: 0.052+0.66+0.036 ms clock, 0.20+0.69/0.58/0+0.14 ms cpu, 3->3->1 MB, 4 MB goal, 0 MB stacks, 0 MB globals, 4 P
gc 856 @8.837s 4%: 0.060+0.74+0.064 ms clock, 0.24+0.73/0.66/0+0.25 ms cpu, 3->3->1 MB, 4 MB goal, 0 MB stacks, 0 MB globals, 4 P
gc 857 @8.843s 4%: 0.068+1.4+0.007 ms clock, 0.27+0.59/0.55/0+0.030 ms cpu, 3->3->1 MB, 4 MB goal, 0 MB stacks, 0 MB globals, 4 P
gc 858 @8.849s 4%: 0.029+0.85+0.030 ms clock, 0.11+0.97/0.70/0+0.12 ms cpu, 3->3->1 MB, 4 MB goal, 0 MB stacks, 0 MB globals, 4 P
gc 859 @8.854s 4%: 0.079+1.8+0.036 ms clock, 0.31+0.52/0.58/0+0.14 ms cpu, 3->3->1 MB, 4 MB goal, 0 MB stacks, 0 MB globals, 4 P
gc 860 @8.860s 4%: 0.061+1.5+0.028 ms clock, 0.24+0.57/0.61/0+0.11 ms cpu, 3->3->1 MB, 4 MB goal, 0 MB stacks, 0 MB globals, 4 P
gc 861 @8.865s 4%: 0.072+1.2+0.052 ms clock, 0.28+0.77/0.66/0+0.20 ms cpu, 3->3->1 MB, 4 MB goal, 0 MB stacks, 0 MB globals, 4 P
gc 862 @8.871s 4%: 0.051+0.72+0.061 ms clock, 0.20+0.88/0.58/0+0.24 ms cpu, 3->3->1 MB, 4 MB goal, 0 MB stacks, 0 MB globals, 4 P
gc 863 @8.876s 4%: 0.068+1.0+0.046 ms clock, 0.27+0.60/0.69/0+0.18 ms cpu, 3->3->1 MB, 4 MB goal, 0 MB stacks, 0 MB globals, 4 P
gc 864 @8.882s 4%: 0.075+2.2+0.004 ms clock, 0.30+0.53/0.76/0+0.017 ms cpu, 3->3->1 MB, 4 MB goal, 0 MB stacks, 0 MB globals, 4 P
gc 865 @8.888s 4%: 0.071+1.4+0.025 ms clock, 0.28+0.66/0.59/0+0.10 ms cpu, 3->3->1 MB, 4 MB goal, 0 MB stacks, 0 MB globals, 4 P
gc 866 @8.893s 4%: 0.044+1.6+0.061 ms clock, 0.17+0.50/0.60/0+0.24 ms cpu, 3->3->1 MB, 4 MB goal, 0 MB stacks, 0 MB globals, 4 P
gc 867 @8.899s 4%: 0.044+1.2+0.012 ms clock, 0.17+0.40/0.59/0+0.049 ms cpu, 3->3->1 MB, 4 MB goal, 0 MB stacks, 0 MB globals, 4 P
gc 868 @8.905s 4%: 0.058+0.74+0.041 ms clock, 0.23+0.93/0.59/0+0.16 ms cpu, 3->3->1 MB, 4 MB goal, 0 MB stacks, 0 MB globals, 4 P
gc 869 @8.910s 4%: 0.10+1.0+0.066 ms clock, 0.40+0.74/0.87/0+0.26 ms cpu, 3->3->1 MB, 4 MB goal, 0 MB stacks, 0 MB globals, 4 P
gc 870 @8.916s 4%: 0.065+0.91+0.040 ms clock, 0.26+0.76/0.81/0+0.16 ms cpu, 3->3->1 MB, 4 MB goal, 0 MB stacks, 0 MB globals, 4 P
gc 871 @8.921s 4%: 0.11+0.75+0.074 ms clock, 0.44+0.63/0.63/0+0.29 ms cpu, 3->3->1 MB, 4 MB goal, 0 MB stacks, 0 MB globals, 4 P
gc 872 @8.927s 4%: 0.064+0.95+0.038 ms clock, 0.25+0.76/0.82/0+0.15 ms cpu, 3->3->1 MB, 4 MB goal, 0 MB stacks, 0 MB globals, 4 P
gc 873 @8.932s 4%: 0.074+0.61+0.016 ms clock, 0.29+0.91/0.50/0+0.066 ms cpu, 3->3->1 MB, 4 MB goal, 0 MB stacks, 0 MB globals, 4 P
gc 874 @8.937s 4%: 0.059+1.3+0.072 ms clock, 0.23+0.65/0.63/0+0.29 ms cpu, 3->3->1 MB, 4 MB goal, 0 MB stacks, 0 MB globals, 4 P
gc 875 @8.943s 4%: 0.047+0.69+0.040 ms clock, 0.18+0.63/0.59/0+0.16 ms cpu, 3->3->1 MB, 4 MB goal, 0 MB stacks, 0 MB globals, 4 P
gc 876 @8.949s 4%: 0.053+1.4+0.048 ms clock, 0.21+0.57/0.92/0+0.19 ms cpu, 3->3->1 MB, 4 MB goal, 0 MB stacks, 0 MB globals, 4 P
gc 877 @8.954s 4%: 2.1+0.29+0.025 ms clock, 8.6+0.33/2.3/0+0.10 ms cpu, 3->3->1 MB, 4 MB goal, 0 MB stacks, 0 MB globals, 4 P
gc 878 @8.960s 4%: 0.051+0.71+0.026 ms clock, 0.20+0.96/0.63/0+0.10 ms cpu, 3->3->1 MB, 4 MB goal, 0 MB stacks, 0 MB globals, 4 P
gc 879 @8.965s 4%: 0.070+1.5+0.043 ms clock, 0.28+0.96/0.64/0+0.17 ms cpu, 3->3->1 MB, 4 MB goal, 0 MB stacks, 0 MB globals, 4 P
gc 880 @8.971s 4%: 0.037+0.72+0.028 ms clock, 0.15+1.0/0.53/0+0.11 ms cpu, 3->3->1 MB, 4 MB goal, 0 MB stacks, 0 MB globals, 4 P
gc 881 @8.976s 4%: 0.074+0.70+0.023 ms clock, 0.29+0.65/0.61/0+0.092 ms cpu, 3->3->1 MB, 4 MB goal, 0 MB stacks, 0 MB globals, 4 P
gc 882 @8.982s 4%: 0.062+1.6+0.063 ms clock, 0.25+0.55/0.76/0+0.25 ms cpu, 3->3->1 MB, 4 MB goal, 0 MB stacks, 0 MB globals, 4 P
gc 883 @8.988s 4%: 0.056+0.80+0.029 ms clock, 0.22+0.95/0.67/0+0.11 ms cpu, 3->3->1 MB, 4 MB goal, 0 MB stacks, 0 MB globals, 4 P
gc 884 @8.993s 4%: 0.33+0.92+0.049 ms clock, 1.3+0.35/1.0/0.017+0.19 ms cpu, 3->3->1 MB, 4 MB goal, 0 MB stacks, 0 MB globals, 4 P
gc 885 @8.999s 4%: 0.052+0.62+0.028 ms clock, 0.21+0.98/0.45/0+0.11 ms cpu, 3->3->1 MB, 4 MB goal, 0 MB stacks, 0 MB globals, 4 P
gc 886 @9.004s 4%: 0.052+1.1+0.087 ms clock, 0.20+0.72/0.51/0+0.34 ms cpu, 3->3->1 MB, 4 MB goal, 0 MB stacks, 0 MB globals, 4 P
gc 887 @9.009s 4%: 0.097+1.3+0.035 ms clock, 0.38+0.82/1.3/0.002+0.14 ms cpu, 3->3->1 MB, 4 MB goal, 0 MB stacks, 0 MB globals, 4 P
gc 888 @9.015s 4%: 0.32+1.2+0.018 ms clock, 1.2+0.42/1.4/0.068+0.075 ms cpu, 3->3->1 MB, 4 MB goal, 0 MB stacks, 0 MB globals, 4 P
gc 889 @9.021s 4%: 0.074+0.82+0.050 ms clock, 0.29+0.84/0.65/0+0.20 ms cpu, 3->3->1 MB, 4 MB goal, 0 MB stacks, 0 MB globals, 4 P
gc 890 @9.027s 4%: 2.4+0.34+0.024 ms clock, 9.6+0.34/2.5/0.12+0.099 ms cpu, 3->3->1 MB, 4 MB goal, 0 MB stacks, 0 MB globals, 4 P
gc 891 @9.032s 4%: 0.052+0.55+0.032 ms clock, 0.21+0.96/0.49/0+0.13 ms cpu, 3->3->1 MB, 4 MB goal, 0 MB stacks, 0 MB globals, 4 P
gc 892 @9.038s 4%: 0.40+2.3+0.004 ms clock, 1.6+0.51/1.6/0+0.016 ms cpu, 3->4->1 MB, 4 MB goal, 0 MB stacks, 0 MB globals, 4 P
gc 893 @9.044s 4%: 0.058+0.72+0.064 ms clock, 0.23+0.92/0.51/0+0.25 ms cpu, 3->3->1 MB, 4 MB goal, 0 MB stacks, 0 MB globals, 4 P
gc 894 @9.050s 4%: 0.076+0.65+0.043 ms clock, 0.30+0.68/0.58/0+0.17 ms cpu, 3->3->1 MB, 4 MB goal, 0 MB stacks, 0 MB globals, 4 P
gc 895 @9.055s 4%: 0.072+0.80+0.032 ms clock, 0.29+0.92/0.71/0+0.12 ms cpu, 3->3->1 MB, 4 MB goal, 0 MB stacks, 0 MB globals, 4 P
gc 896 @9.061s 4%: 0.071+1.3+0.036 ms clock, 0.28+0.47/0.73/0+0.14 ms cpu, 3->3->1 MB, 4 MB goal, 0 MB stacks, 0 MB globals, 4 P
gc 897 @9.066s 4%: 0.078+1.0+0.009 ms clock, 0.31+0.33/0.58/0+0.038 ms cpu, 3->3->1 MB, 4 MB goal, 0 MB stacks, 0 MB globals, 4 P
gc 898 @9.072s 4%: 0.10+1.9+0.035 ms clock, 0.43+0.52/0.58/0+0.14 ms cpu, 3->3->1 MB, 4 MB goal, 0 MB stacks, 0 MB globals, 4 P
gc 899 @9.078s 4%: 0.059+2.0+0.063 ms clock, 0.23+1.9/0.35/0+0.25 ms cpu, 3->3->1 MB, 4 MB goal, 0 MB stacks, 0 MB globals, 4 P
gc 900 @9.084s 4%: 0.061+0.88+0.047 ms clock, 0.24+0.52/0.69/0+0.18 ms cpu, 3->3->1 MB, 4 MB goal, 0 MB stacks, 0 MB globals, 4 P
gc 901 @9.089s 4%: 0.063+0.88+0.025 ms clock, 0.25+0.94/0.80/0+0.10 ms cpu, 3->3->1 MB, 4 MB goal, 0 MB stacks, 0 MB globals, 4 P
gc 902 @9.095s 4%: 0.048+1.6+0.033 ms clock, 0.19+0.57/0.63/0+0.13 ms cpu, 3->3->1 MB, 4 MB goal, 0 MB stacks, 0 MB globals, 4 P
gc 903 @9.100s 4%: 0.041+1.9+0.021 ms clock, 0.16+0.79/0.91/0+0.085 ms cpu, 3->3->1 MB, 4 MB goal, 0 MB stacks, 0 MB globals, 4 P
gc 904 @9.106s 4%: 0.24+0.59+0.027 ms clock, 0.98+0.63/0.69/0+0.11 ms cpu, 3->3->1 MB, 4 MB goal, 0 MB stacks, 0 MB globals, 4 P
gc 905 @9.112s 4%: 0.33+1.3+0.038 ms clock, 1.3+0.71/1.5/0+0.15 ms cpu, 3->3->1 MB, 4 MB goal, 0 MB stacks, 0 MB globals, 4 P
gc 906 @9.117s 4%: 0.055+0.58+0.034 ms clock, 0.22+0.75/0.50/0+0.13 ms cpu, 3->3->1 MB, 4 MB goal, 0 MB stacks, 0 MB globals, 4 P
gc 907 @9.123s 4%: 0.039+0.87+0.076 ms clock, 0.15+0.73/0.49/0+0.30 ms cpu, 3->3->1 MB, 4 MB goal, 0 MB stacks, 0 MB globals, 4 P
gc 908 @9.128s 4%: 0.057+1.1+0.046 ms clock, 0.22+0.89/0.57/0+0.18 ms cpu, 3->3->1 MB, 4 MB goal, 0 MB stacks, 0 MB globals, 4 P
gc 909 @9.134s 4%: 0.067+0.75+0.034 ms clock, 0.27+0.83/0.60/0+0.13 ms cpu, 3->3->1 MB, 4 MB goal, 0 MB stacks, 0 MB globals, 4 P
gc 910 @9.139s 4%: 0.093+2.6+0.022 ms clock, 0.37+0.42/0.70/0+0.090 ms cpu, 3->3->1 MB, 4 MB goal, 0 MB stacks, 0 MB globals, 4 P
gc 911 @9.145s 4%: 0.27+1.9+0.031 ms clock, 1.0+0.56/2.0/0.071+0.12 ms cpu, 3->4->1 MB, 4 MB goal, 0 MB stacks, 0 MB globals, 4 P
gc 912 @9.151s 4%: 0.43+1.7+0.010 ms clock, 1.7+0.41/1.8/0.008+0.043 ms cpu, 3->3->1 MB, 4 MB goal, 0 MB stacks, 0 MB globals, 4 P
gc 913 @9.157s 4%: 0.075+1.3+0.041 ms clock, 0.30+1.2/0.002/0+0.16 ms cpu, 3->3->1 MB, 4 MB goal, 0 MB stacks, 0 MB globals, 4 P
gc 914 @9.162s 4%: 0.073+2.3+0.074 ms clock, 0.29+0.89/0.65/0+0.29 ms cpu, 3->3->1 MB, 4 MB goal, 0 MB stacks, 0 MB globals, 4 P
gc 915 @9.168s 4%: 0.046+1.8+0.013 ms clock, 0.18+0.55/0.60/0+0.053 ms cpu, 3->3->1 MB, 4 MB goal, 0 MB stacks, 0 MB globals, 4 P
gc 916 @9.174s 4%: 0.081+1.1+0.009 ms clock, 0.32+0.87/0.63/0+0.037 ms cpu, 3->3->1 MB, 4 MB goal, 0 MB stacks, 0 MB globals, 4 P
gc 917 @9.179s 4%: 0.075+0.84+0.060 ms clock, 0.30+1.2/0.033/0+0.24 ms cpu, 3->3->1 MB, 4 MB goal, 0 MB stacks, 0 MB globals, 4 P
gc 918 @9.185s 4%: 0.055+0.64+0.041 ms clock, 0.22+0.93/0.57/0+0.16 ms cpu, 3->3->1 MB, 4 MB goal, 0 MB stacks, 0 MB globals, 4 P
gc 919 @9.190s 4%: 0.070+0.66+0.029 ms clock, 0.28+0.61/0.55/0+0.11 ms cpu, 3->3->1 MB, 4 MB goal, 0 MB stacks, 0 MB globals, 4 P
gc 920 @9.196s 4%: 0.059+1.7+0.022 ms clock, 0.23+0.69/0.87/0.34+0.091 ms cpu, 3->3->1 MB, 4 MB goal, 0 MB stacks, 0 MB globals, 4 P
gc 921 @9.201s 4%: 0.079+1.3+0.040 ms clock, 0.31+1.2/0.001/0+0.16 ms cpu, 3->3->1 MB, 4 MB goal, 0 MB stacks, 0 MB globals, 4 P
gc 922 @9.207s 4%: 0.059+1.3+0.036 ms clock, 0.23+0.40/0.62/0+0.14 ms cpu, 3->3->1 MB, 4 MB goal, 0 MB stacks, 0 MB globals, 4 P
gc 923 @9.212s 4%: 0.34+0.92+0.029 ms clock, 1.3+0.55/1.1/0+0.11 ms cpu, 3->3->1 MB, 4 MB goal, 0 MB stacks, 0 MB globals, 4 P
gc 924 @9.218s 4%: 0.052+1.3+0.045 ms clock, 0.21+0.95/0.77/0+0.18 ms cpu, 3->3->1 MB, 4 MB goal, 0 MB stacks, 0 MB globals, 4 P
gc 925 @9.224s 4%: 0.36+0.60+0.022 ms clock, 1.4+0.65/0.82/0+0.089 ms cpu, 3->3->1 MB, 4 MB goal, 0 MB stacks, 0 MB globals, 4 P
gc 926 @9.229s 4%: 0.33+0.77+0.035 ms clock, 1.3+0.50/0.91/0+0.14 ms cpu, 3->3->1 MB, 4 MB goal, 0 MB stacks, 0 MB globals, 4 P
gc 927 @9.234s 4%: 0.068+1.8+0.011 ms clock, 0.27+0.75/1.4/0+0.047 ms cpu, 3->3->1 MB, 4 MB goal, 0 MB stacks, 0 MB globals, 4 P
gc 928 @9.240s 4%: 0.094+0.57+0.058 ms clock, 0.37+0.84/0.48/0+0.23 ms cpu, 3->3->1 MB, 4 MB goal, 0 MB stacks, 0 MB globals, 4 P
gc 929 @9.246s 4%: 0.048+0.63+0.030 ms clock, 0.19+0.77/0.45/0+0.12 ms cpu, 3->3->1 MB, 4 MB goal, 0 MB stacks, 0 MB globals, 4 P
gc 930 @9.251s 4%: 0.10+0.89+0.036 ms clock, 0.43+0.77/0.53/0+0.14 ms cpu, 3->3->1 MB, 4 MB goal, 0 MB stacks, 0 MB globals, 4 P
gc 931 @9.257s 4%: 0.040+0.74+0.009 ms clock, 0.16+0.95/0.62/0+0.038 ms cpu, 3->3->1 MB, 4 MB goal, 0 MB stacks, 0 MB globals, 4 P
gc 932 @9.262s 4%: 0.081+1.0+0.023 ms clock, 0.32+0.57/0.92/0+0.095 ms cpu, 3->3->1 MB, 4 MB goal, 0 MB stacks, 0 MB globals, 4 P
gc 933 @9.268s 4%: 0.052+0.62+0.044 ms clock, 0.21+0.80/0.49/0+0.17 ms cpu, 3->3->1 MB, 4 MB goal, 0 MB stacks, 0 MB globals, 4 P
gc 934 @9.273s 4%: 0.039+0.58+0.034 ms clock, 0.15+0.89/0.45/0+0.13 ms cpu, 3->3->1 MB, 4 MB goal, 0 MB stacks, 0 MB globals, 4 P
gc 935 @9.278s 4%: 0.020+1.8+0.042 ms clock, 0.082+0.82/0.48/0+0.16 ms cpu, 3->3->1 MB, 4 MB goal, 0 MB stacks, 0 MB globals, 4 P
gc 936 @9.284s 4%: 0.046+1.2+0.043 ms clock, 0.18+0.88/0.63/0+0.17 ms cpu, 3->3->1 MB, 4 MB goal, 0 MB stacks, 0 MB globals, 4 P
gc 937 @9.290s 4%: 0.11+0.83+0.041 ms clock, 0.46+0.80/0.73/0+0.16 ms cpu, 3->3->1 MB, 4 MB goal, 0 MB stacks, 0 MB globals, 4 P
gc 938 @9.295s 4%: 0.070+0.93+0.063 ms clock, 0.28+0.65/0.75/0+0.25 ms cpu, 3->3->1 MB, 4 MB goal, 0 MB stacks, 0 MB globals, 4 P
gc 939 @9.301s 4%: 0.050+1.0+0.10 ms clock, 0.20+0.73/0.89/0+0.40 ms cpu, 3->3->1 MB, 4 MB goal, 0 MB stacks, 0 MB globals, 4 P
gc 940 @9.306s 4%: 0.056+1.0+0.004 ms clock, 0.22+0.54/0.54/0+0.017 ms cpu, 3->3->1 MB, 4 MB goal, 0 MB stacks, 0 MB globals, 4 P
gc 941 @9.312s 4%: 0.079+0.77+0.020 ms clock, 0.31+0.47/0.69/0+0.082 ms cpu, 3->3->1 MB, 4 MB goal, 0 MB stacks, 0 MB globals, 4 P
gc 942 @9.317s 4%: 0.050+1.7+0.030 ms clock, 0.20+0.93/0.52/0+0.12 ms cpu, 3->3->1 MB, 4 MB goal, 0 MB stacks, 0 MB globals, 4 P
gc 943 @9.323s 4%: 0.29+2.3+0.003 ms clock, 1.1+0.53/1.0/0.026+0.015 ms cpu, 3->3->1 MB, 4 MB goal, 0 MB stacks, 0 MB globals, 4 P
gc 944 @9.329s 4%: 0.043+1.1+0.046 ms clock, 0.17+0.44/0.52/0+0.18 ms cpu, 3->3->1 MB, 4 MB goal, 0 MB stacks, 0 MB globals, 4 P
gc 945 @9.334s 4%: 0.057+1.5+0.052 ms clock, 0.23+0.53/0.75/0+0.21 ms cpu, 3->3->1 MB, 4 MB goal, 0 MB stacks, 0 MB globals, 4 P
gc 946 @9.340s 4%: 0.073+1.5+0.023 ms clock, 0.29+1.2/0.81/0+0.093 ms cpu, 3->3->1 MB, 4 MB goal, 0 MB stacks, 0 MB globals, 4 P
gc 947 @9.346s 4%: 0.46+1.5+0.003 ms clock, 1.8+0.47/1.9/0+0.012 ms cpu, 3->3->1 MB, 4 MB goal, 0 MB stacks, 0 MB globals, 4 P
gc 948 @9.352s 4%: 0.093+1.2+0.085 ms clock, 0.37+0.96/0.82/0+0.34 ms cpu, 3->3->1 MB, 4 MB goal, 0 MB stacks, 0 MB globals, 4 P
gc 949 @9.357s 4%: 0.045+1.4+0.046 ms clock, 0.18+0.83/0.47/0+0.18 ms cpu, 3->3->1 MB, 4 MB goal, 0 MB stacks, 0 MB globals, 4 P
gc 950 @9.363s 4%: 0.069+1.2+0.028 ms clock, 0.27+0.65/0.73/0+0.11 ms cpu, 3->3->1 MB, 4 MB goal, 0 MB stacks, 0 MB globals, 4 P
gc 951 @9.368s 4%: 0.26+1.0+0.057 ms clock, 1.0+0.83/1.1/0.15+0.23 ms cpu, 3->3->1 MB, 4 MB goal, 0 MB stacks, 0 MB globals, 4 P
gc 952 @9.374s 4%: 0.064+0.67+0.029 ms clock, 0.25+0.66/0.58/0+0.11 ms cpu, 3->3->1 MB, 4 MB goal, 0 MB stacks, 0 MB globals, 4 P
gc 953 @9.379s 4%: 0.044+1.3+0.019 ms clock, 0.17+0.46/0.63/0+0.079 ms cpu, 3->3->1 MB, 4 MB goal, 0 MB stacks, 0 MB globals, 4 P
gc 954 @9.385s 4%: 0.075+0.67+0.043 ms clock, 0.30+0.80/0.51/0+0.17 ms cpu, 3->3->1 MB, 4 MB goal, 0 MB stacks, 0 MB globals, 4 P
gc 955 @9.391s 4%: 0.094+1.6+0.071 ms clock, 0.37+0.55/0.59/0+0.28 ms cpu, 3->3->1 MB, 4 MB goal, 0 MB stacks, 0 MB globals, 4 P
gc 956 @9.396s 4%: 0.052+0.60+0.022 ms clock, 0.21+0.92/0.53/0+0.089 ms cpu, 3->3->1 MB, 4 MB goal, 0 MB stacks, 0 MB globals, 4 P
gc 957 @9.402s 4%: 0.052+0.89+0.007 ms clock, 0.21+0.90/0.53/0+0.030 ms cpu, 3->3->1 MB, 4 MB goal, 0 MB stacks, 0 MB globals, 4 P
gc 958 @9.408s 4%: 0.084+0.69+0.031 ms clock, 0.33+0.68/0.62/0+0.12 ms cpu, 3->3->1 MB, 4 MB goal, 0 MB stacks, 0 MB globals, 4 P
gc 959 @9.413s 4%: 0.30+1.3+0.031 ms clock, 1.2+0.51/1.0/0.001+0.12 ms cpu, 3->3->1 MB, 4 MB goal, 0 MB stacks, 0 MB globals, 4 P
gc 960 @9.419s 4%: 0.063+1.6+0.021 ms clock, 0.25+0.57/0.61/0+0.084 ms cpu, 3->3->1 MB, 4 MB goal, 0 MB stacks, 0 MB globals, 4 P
gc 961 @9.424s 4%: 0.071+1.2+0.081 ms clock, 0.28+0.26/0.78/0+0.32 ms cpu, 3->3->1 MB, 4 MB goal, 0 MB stacks, 0 MB globals, 4 P
gc 962 @9.430s 4%: 0.052+1.0+0.072 ms clock, 0.20+0.60/0.86/0+0.29 ms cpu, 3->3->1 MB, 4 MB goal, 0 MB stacks, 0 MB globals, 4 P
gc 963 @9.435s 4%: 0.081+1.6+0.043 ms clock, 0.32+0.50/0.58/0+0.17 ms cpu, 3->3->1 MB, 4 MB goal, 0 MB stacks, 0 MB globals, 4 P
gc 964 @9.441s 4%: 0.052+0.78+0.029 ms clock, 0.20+0.80/0.69/0+0.11 ms cpu, 3->3->1 MB, 4 MB goal, 0 MB stacks, 0 MB globals, 4 P
gc 965 @9.447s 4%: 0.054+1.0+0.023 ms clock, 0.21+0.67/0.92/0+0.095 ms cpu, 3->3->1 MB, 4 MB goal, 0 MB stacks, 0 MB globals, 4 P
gc 966 @9.453s 4%: 0.029+0.64+0.053 ms clock, 0.11+0.85/0.51/0+0.21 ms cpu, 3->3->1 MB, 4 MB goal, 0 MB stacks, 0 MB globals, 4 P
gc 967 @9.458s 4%: 0.036+0.62+0.042 ms clock, 0.14+0.86/0.50/0+0.17 ms cpu, 3->3->1 MB, 4 MB goal, 0 MB stacks, 0 MB globals, 4 P
gc 968 @9.464s 4%: 0.069+0.69+0.033 ms clock, 0.27+0.50/0.62/0+0.13 ms cpu, 3->3->1 MB, 4 MB goal, 0 MB stacks, 0 MB globals, 4 P
gc 969 @9.470s 4%: 0.081+1.5+0.064 ms clock, 0.32+0.50/0.89/0+0.25 ms cpu, 3->3->1 MB, 4 MB goal, 0 MB stacks, 0 MB globals, 4 P
gc 970 @9.475s 4%: 0.033+0.81+0.034 ms clock, 0.13+0.61/0.73/0+0.13 ms cpu, 3->3->1 MB, 4 MB goal, 0 MB stacks, 0 MB globals, 4 P
gc 971 @9.481s 4%: 0.31+2.1+0.023 ms clock, 1.2+0.69/1.9/0+0.094 ms cpu, 3->4->1 MB, 4 MB goal, 0 MB stacks, 0 MB globals, 4 P
gc 972 @9.487s 4%: 0.36+0.51+0.054 ms clock, 1.4+0.42/0.70/0+0.21 ms cpu, 3->3->1 MB, 4 MB goal, 0 MB stacks, 0 MB globals, 4 P
gc 973 @9.493s 4%: 0.050+0.66+0.037 ms clock, 0.20+0.80/0.54/0+0.15 ms cpu, 3->3->1 MB, 4 MB goal, 0 MB stacks, 0 MB globals, 4 P
gc 974 @9.498s 4%: 0.056+1.3+0.042 ms clock, 0.22+1.2/0.001/0+0.16 ms cpu, 3->3->1 MB, 4 MB goal, 0 MB stacks, 0 MB globals, 4 P
gc 975 @9.504s 4%: 0.096+0.76+0.063 ms clock, 0.38+0.89/0.64/0+0.25 ms cpu, 3->3->1 MB, 4 MB goal, 0 MB stacks, 0 MB globals, 4 P
gc 976 @9.509s 4%: 0.039+2.6+0.007 ms clock, 0.15+0.83/0.78/0+0.029 ms cpu, 3->4->1 MB, 4 MB goal, 0 MB stacks, 0 MB globals, 4 P
gc 977 @9.515s 4%: 0.065+1.7+0.031 ms clock, 0.26+1.2/0.76/0+0.12 ms cpu, 3->4->1 MB, 4 MB goal, 0 MB stacks, 0 MB globals, 4 P
gc 978 @9.521s 4%: 0.039+0.78+0.048 ms clock, 0.15+0.90/0.59/0+0.19 ms cpu, 3->3->1 MB, 4 MB goal, 0 MB stacks, 0 MB globals, 4 P
gc 979 @9.527s 4%: 0.079+1.5+0.006 ms clock, 0.31+0.33/0.75/0+0.025 ms cpu, 3->3->1 MB, 4 MB goal, 0 MB stacks, 0 MB globals, 4 P
gc 980 @9.532s 4%: 0.048+0.59+0.045 ms clock, 0.19+0.89/0.48/0+0.18 ms cpu, 3->3->1 MB, 4 MB goal, 0 MB stacks, 0 MB globals, 4 P
gc 981 @9.538s 4%: 0.046+1.3+0.045 ms clock, 0.18+0.62/0.52/0+0.18 ms cpu, 3->3->1 MB, 4 MB goal, 0 MB stacks, 0 MB globals, 4 P
gc 982 @9.543s 4%: 0.056+1.0+0.039 ms clock, 0.22+0.50/0.83/0+0.15 ms cpu, 3->3->1 MB, 4 MB goal, 0 MB stacks, 0 MB globals, 4 P
gc 983 @9.549s 4%: 0.072+1.6+0.030 ms clock, 0.29+0.27/0.74/0+0.12 ms cpu, 3->3->1 MB, 4 MB goal, 0 MB stacks, 0 MB globals, 4 P
gc 984 @9.555s 4%: 0.061+0.70+0.025 ms clock, 0.24+0.77/0.63/0+0.10 ms cpu, 3->3->1 MB, 4 MB goal, 0 MB stacks, 0 MB globals, 4 P
gc 985 @9.561s 4%: 0.075+0.61+0.024 ms clock, 0.30+0.75/0.54/0+0.099 ms cpu, 3->3->1 MB, 4 MB goal, 0 MB stacks, 0 MB globals, 4 P
gc 986 @9.567s 4%: 0.073+0.81+0.039 ms clock, 0.29+0.89/0.69/0+0.15 ms cpu, 3->3->1 MB, 4 MB goal, 0 MB stacks, 0 MB globals, 4 P
gc 987 @9.572s 4%: 0.055+1.2+0.025 ms clock, 0.22+0.38/0.71/0+0.10 ms cpu, 3->3->1 MB, 4 MB goal, 0 MB stacks, 0 MB globals, 4 P
gc 988 @9.578s 4%: 0.36+0.98+0.041 ms clock, 1.4+0.28/1.1/0.097+0.16 ms cpu, 3->3->1 MB, 4 MB goal, 0 MB stacks, 0 MB globals, 4 P
gc 989 @9.584s 4%: 0.048+0.82+0.055 ms clock, 0.19+0.97/0.72/0+0.22 ms cpu, 3->3->1 MB, 4 MB goal, 0 MB stacks, 0 MB globals, 4 P
gc 990 @9.590s 4%: 0.40+2.2+0.056 ms clock, 1.6+0.24/1.3/0+0.22 ms cpu, 3->4->1 MB, 4 MB goal, 0 MB stacks, 0 MB globals, 4 P
gc 991 @9.596s 4%: 0.044+0.84+0.051 ms clock, 0.17+0.73/0.72/0+0.20 ms cpu, 3->3->1 MB, 4 MB goal, 0 MB stacks, 0 MB globals, 4 P
gc 992 @9.601s 4%: 0.054+1.8+0.037 ms clock, 0.21+0.56/0.74/0+0.15 ms cpu, 3->3->1 MB, 4 MB goal, 0 MB stacks, 0 MB globals, 4 P
gc 993 @9.607s 4%: 0.41+1.0+0.033 ms clock, 1.6+0.59/1.1/0+0.13 ms cpu, 3->3->1 MB, 4 MB goal, 0 MB stacks, 0 MB globals, 4 P
gc 994 @9.613s 4%: 0.081+1.4+0.082 ms clock, 0.32+0.42/0.70/0+0.32 ms cpu, 3->3->1 MB, 4 MB goal, 0 MB stacks, 0 MB globals, 4 P
gc 995 @9.618s 4%: 0.064+0.86+0.042 ms clock, 0.25+0.86/0.72/0+0.17 ms cpu, 3->3->1 MB, 4 MB goal, 0 MB stacks, 0 MB globals, 4 P
gc 996 @9.624s 4%: 0.077+1.9+0.009 ms clock, 0.30+0.61/0.75/0+0.036 ms cpu, 3->3->1 MB, 4 MB goal, 0 MB stacks, 0 MB globals, 4 P
gc 997 @9.630s 4%: 0.23+1.4+0.037 ms clock, 0.95+0.66/1.6/0.001+0.15 ms cpu, 3->3->1 MB, 4 MB goal, 0 MB stacks, 0 MB globals, 4 P
gc 998 @9.635s 4%: 0.058+1.5+0.021 ms clock, 0.23+0.87/0.56/0.002+0.084 ms cpu, 3->3->1 MB, 4 MB goal, 0 MB stacks, 0 MB globals, 4 P
gc 999 @9.641s 4%: 0.062+0.83+0.059 ms clock, 0.24+0.68/0.71/0+0.23 ms cpu, 3->3->1 MB, 4 MB goal, 0 MB stacks, 0 MB globals, 4 P
gc 1000 @9.646s 4%: 0.25+1.5+0.030 ms clock, 1.0+0.57/1.0/0.001+0.12 ms cpu, 3->3->1 MB, 4 MB goal, 0 MB stacks, 0 MB globals, 4 P
gc 1001 @9.652s 4%: 0.34+1.2+0.023 ms clock, 1.3+0.35/0.88/0+0.093 ms cpu, 3->3->1 MB, 4 MB goal, 0 MB stacks, 0 MB globals, 4 P
gc 1002 @9.658s 4%: 0.066+1.8+0.031 ms clock, 0.26+0.46/0.62/0+0.12 ms cpu, 3->3->1 MB, 4 MB goal, 0 MB stacks, 0 MB globals, 4 P
gc 1003 @9.664s 4%: 0.049+2.4+0.006 ms clock, 0.19+0.90/0.73/0+0.026 ms cpu, 3->4->1 MB, 4 MB goal, 0 MB stacks, 0 MB globals, 4 P
gc 1004 @9.670s 4%: 0.058+1.0+0.024 ms clock, 0.23+1.3/0.013/0+0.099 ms cpu, 3->3->1 MB, 4 MB goal, 0 MB stacks, 0 MB globals, 4 P
gc 1005 @9.675s 4%: 0.32+1.5+0.065 ms clock, 1.2+0.47/1.1/0+0.26 ms cpu, 3->3->1 MB, 4 MB goal, 0 MB stacks, 0 MB globals, 4 P
gc 1006 @9.681s 4%: 0.078+1.6+0.081 ms clock, 0.31+1.1/0.95/0+0.32 ms cpu, 3->3->1 MB, 4 MB goal, 0 MB stacks, 0 MB globals, 4 P
gc 1007 @9.687s 4%: 0.060+0.76+0.041 ms clock, 0.24+0.81/0.66/0+0.16 ms cpu, 3->3->1 MB, 4 MB goal, 0 MB stacks, 0 MB globals, 4 P
gc 1008 @9.692s 4%: 0.055+1.0+0.037 ms clock, 0.22+0.74/0.52/0+0.15 ms cpu, 3->3->1 MB, 4 MB goal, 0 MB stacks, 0 MB globals, 4 P
gc 1009 @9.698s 4%: 0.084+0.75+0.021 ms clock, 0.33+0.44/0.69/0+0.087 ms cpu, 3->3->1 MB, 4 MB goal, 0 MB stacks, 0 MB globals, 4 P
gc 1010 @9.703s 4%: 0.080+0.86+0.055 ms clock, 0.32+0.52/0.72/0+0.22 ms cpu, 3->3->1 MB, 4 MB goal, 0 MB stacks, 0 MB globals, 4 P
gc 1011 @9.709s 4%: 0.087+0.75+0.029 ms clock, 0.35+0.70/0.64/0+0.11 ms cpu, 3->3->1 MB, 4 MB goal, 0 MB stacks, 0 MB globals, 4 P
gc 1012 @9.714s 4%: 0.064+1.6+0.063 ms clock, 0.25+1.1/0.001/0+0.25 ms cpu, 3->3->1 MB, 4 MB goal, 0 MB stacks, 0 MB globals, 4 P
gc 1013 @9.720s 4%: 0.055+1.2+0.039 ms clock, 0.22+0.96/1.1/0+0.15 ms cpu, 3->3->1 MB, 4 MB goal, 0 MB stacks, 0 MB globals, 4 P
gc 1014 @9.725s 4%: 0.064+0.64+0.028 ms clock, 0.25+0.59/0.55/0+0.11 ms cpu, 3->3->1 MB, 4 MB goal, 0 MB stacks, 0 MB globals, 4 P
gc 1015 @9.731s 4%: 0.052+0.67+0.043 ms clock, 0.21+0.90/0.50/0+0.17 ms cpu, 3->3->1 MB, 4 MB goal, 0 MB stacks, 0 MB globals, 4 P
gc 1016 @9.736s 4%: 0.064+2.0+0.040 ms clock, 0.25+0.81/0.50/0+0.16 ms cpu, 3->3->1 MB, 4 MB goal, 0 MB stacks, 0 MB globals, 4 P
gc 1017 @9.742s 4%: 0.097+0.59+0.060 ms clock, 0.39+0.79/0.47/0+0.24 ms cpu, 3->3->1 MB, 4 MB goal, 0 MB stacks, 0 MB globals, 4 P
gc 1018 @9.748s 4%: 0.052+0.81+0.041 ms clock, 0.21+0.54/0.66/0+0.16 ms cpu, 3->3->1 MB, 4 MB goal, 0 MB stacks, 0 MB globals, 4 P
gc 1019 @9.753s 4%: 0.077+1.9+0.044 ms clock, 0.31+0.94/1.0/0+0.17 ms cpu, 3->3->1 MB, 4 MB goal, 0 MB stacks, 0 MB globals, 4 P
gc 1020 @9.759s 4%: 0.085+1.1+0.033 ms clock, 0.34+0.47/0.61/0+0.13 ms cpu, 3->3->1 MB, 4 MB goal, 0 MB stacks, 0 MB globals, 4 P
gc 1021 @9.765s 4%: 0.051+0.60+0.048 ms clock, 0.20+0.81/0.52/0+0.19 ms cpu, 3->3->1 MB, 4 MB goal, 0 MB stacks, 0 MB globals, 4 P
gc 1022 @9.770s 4%: 0.046+0.95+0.072 ms clock, 0.18+0.75/0.81/0+0.29 ms cpu, 3->3->1 MB, 4 MB goal, 0 MB stacks, 0 MB globals, 4 P
gc 1023 @9.776s 4%: 0.084+0.94+0.057 ms clock, 0.33+0.62/0.60/0+0.23 ms cpu, 3->3->1 MB, 4 MB goal, 0 MB stacks, 0 MB globals, 4 P
gc 1024 @9.781s 4%: 0.068+0.84+0.033 ms clock, 0.27+0.30/0.67/0+0.13 ms cpu, 3->3->1 MB, 4 MB goal, 0 MB stacks, 0 MB globals, 4 P
gc 1025 @9.787s 4%: 0.058+1.1+0.003 ms clock, 0.23+0.52/0.59/0+0.015 ms cpu, 3->3->1 MB, 4 MB goal, 0 MB stacks, 0 MB globals, 4 P
gc 1026 @9.792s 4%: 0.053+0.81+0.044 ms clock, 0.21+0.88/0.72/0+0.17 ms cpu, 3->3->1 MB, 4 MB goal, 0 MB stacks, 0 MB globals, 4 P
gc 1027 @9.798s 4%: 0.29+0.60+0.017 ms clock, 1.1+0.51/0.71/0+0.068 ms cpu, 3->3->1 MB, 4 MB goal, 0 MB stacks, 0 MB globals, 4 P
gc 1028 @9.804s 4%: 0.056+1.0+0.059 ms clock, 0.22+0.86/0.86/0+0.23 ms cpu, 3->3->1 MB, 4 MB goal, 0 MB stacks, 0 MB globals, 4 P
gc 1029 @9.809s 4%: 0.055+0.74+0.055 ms clock, 0.22+0.70/0.62/0+0.22 ms cpu, 3->3->1 MB, 4 MB goal, 0 MB stacks, 0 MB globals, 4 P
gc 1030 @9.815s 4%: 0.051+0.75+0.036 ms clock, 0.20+1.1/0.65/0+0.14 ms cpu, 3->3->1 MB, 4 MB goal, 0 MB stacks, 0 MB globals, 4 P
gc 1031 @9.820s 4%: 0.43+0.73+0.021 ms clock, 1.7+0.43/1.0/0+0.086 ms cpu, 3->3->1 MB, 4 MB goal, 0 MB stacks, 0 MB globals, 4 P
gc 1032 @9.826s 4%: 0.042+0.60+0.029 ms clock, 0.16+0.88/0.50/0+0.11 ms cpu, 3->3->1 MB, 4 MB goal, 0 MB stacks, 0 MB globals, 4 P
gc 1033 @9.831s 4%: 0.086+0.90+0.036 ms clock, 0.34+1.3/0.085/0+0.14 ms cpu, 3->3->1 MB, 4 MB goal, 0 MB stacks, 0 MB globals, 4 P
gc 1034 @9.837s 4%: 0.058+1.8+0.051 ms clock, 0.23+0.37/0.70/0+0.20 ms cpu, 3->3->1 MB, 4 MB goal, 0 MB stacks, 0 MB globals, 4 P
gc 1035 @9.842s 4%: 0.081+0.69+0.028 ms clock, 0.32+0.58/0.60/0+0.11 ms cpu, 3->3->1 MB, 4 MB goal, 0 MB stacks, 0 MB globals, 4 P
gc 1036 @9.848s 4%: 0.65+0.56+0.039 ms clock, 2.6+0.66/0.95/0+0.15 ms cpu, 3->3->1 MB, 4 MB goal, 0 MB stacks, 0 MB globals, 4 P
gc 1037 @9.853s 4%: 0.076+0.73+0.062 ms clock, 0.30+0.81/0.61/0+0.24 ms cpu, 3->3->1 MB, 4 MB goal, 0 MB stacks, 0 MB globals, 4 P
gc 1038 @9.858s 4%: 0.036+1.9+0.010 ms clock, 0.14+0.74/0.61/0+0.042 ms cpu, 3->3->1 MB, 4 MB goal, 0 MB stacks, 0 MB globals, 4 P
gc 1039 @9.864s 4%: 0.054+0.80+0.041 ms clock, 0.21+0.91/0.60/0+0.16 ms cpu, 3->3->1 MB, 4 MB goal, 0 MB stacks, 0 MB globals, 4 P
gc 1040 @9.870s 4%: 0.096+1.3+0.029 ms clock, 0.38+1.1/0.99/0+0.11 ms cpu, 3->3->1 MB, 4 MB goal, 0 MB stacks, 0 MB globals, 4 P
gc 1041 @9.875s 4%: 0.073+1.1+0.046 ms clock, 0.29+0.43/0.56/0+0.18 ms cpu, 3->3->1 MB, 4 MB goal, 0 MB stacks, 0 MB globals, 4 P
gc 1042 @9.881s 4%: 0.059+0.69+0.048 ms clock, 0.23+0.89/0.59/0+0.19 ms cpu, 3->3->1 MB, 4 MB goal, 0 MB stacks, 0 MB globals, 4 P
gc 1043 @9.886s 4%: 0.040+0.59+0.020 ms clock, 0.16+0.85/0.50/0+0.083 ms cpu, 3->3->1 MB, 4 MB goal, 0 MB stacks, 0 MB globals, 4 P
gc 1044 @9.892s 4%: 0.047+1.6+0.037 ms clock, 0.19+0.52/0.68/0+0.14 ms cpu, 3->3->1 MB, 4 MB goal, 0 MB stacks, 0 MB globals, 4 P
gc 1045 @9.897s 4%: 0.063+1.8+0.061 ms clock, 0.25+0.67/1.7/0+0.24 ms cpu, 3->3->1 MB, 4 MB goal, 0 MB stacks, 0 MB globals, 4 P
gc 1046 @9.903s 4%: 0.35+0.93+0.056 ms clock, 1.4+0.44/1.1/0+0.22 ms cpu, 3->3->1 MB, 4 MB goal, 0 MB stacks, 0 MB globals, 4 P
gc 1047 @9.909s 4%: 0.052+1.6+0.011 ms clock, 0.20+0.70/0.90/0+0.046 ms cpu, 3->3->1 MB, 4 MB goal, 0 MB stacks, 0 MB globals, 4 P
gc 1048 @9.914s 4%: 0.080+1.9+0.052 ms clock, 0.32+1.3/0/0+0.20 ms cpu, 3->3->1 MB, 4 MB goal, 0 MB stacks, 0 MB globals, 4 P
gc 1049 @9.920s 4%: 0.058+1.3+0.015 ms clock, 0.23+1.2/0.001/0+0.060 ms cpu, 3->3->1 MB, 4 MB goal, 0 MB stacks, 0 MB globals, 4 P
gc 1050 @9.926s 4%: 0.083+0.61+0.053 ms clock, 0.33+0.65/0.52/0+0.21 ms cpu, 3->3->1 MB, 4 MB goal, 0 MB stacks, 0 MB globals, 4 P
gc 1051 @9.931s 4%: 0.064+0.94+0.030 ms clock, 0.25+0.73/0.61/0+0.12 ms cpu, 3->3->1 MB, 4 MB goal, 0 MB stacks, 0 MB globals, 4 P
gc 1052 @9.936s 4%: 0.076+1.8+0.045 ms clock, 0.30+0.66/0.56/0+0.18 ms cpu, 3->3->1 MB, 4 MB goal, 0 MB stacks, 0 MB globals, 4 P
gc 1053 @9.942s 4%: 0.055+1.0+0.079 ms clock, 0.22+0.64/0.55/0+0.31 ms cpu, 3->3->1 MB, 4 MB goal, 0 MB stacks, 0 MB globals, 4 P
gc 1054 @9.948s 4%: 0.36+0.92+0.025 ms clock, 1.4+0.48/1.1/0.017+0.10 ms cpu, 3->3->1 MB, 4 MB goal, 0 MB stacks, 0 MB globals, 4 P
gc 1055 @9.953s 4%: 0.050+1.3+0.038 ms clock, 0.20+0.60/0.56/0+0.15 ms cpu, 3->3->1 MB, 4 MB goal, 0 MB stacks, 0 MB globals, 4 P
gc 1056 @9.959s 4%: 0.41+2.5+0.034 ms clock, 1.6+0.25/1.4/0+0.13 ms cpu, 3->4->1 MB, 4 MB goal, 0 MB stacks, 0 MB globals, 4 P
gc 1057 @9.965s 4%: 0.049+0.72+0.033 ms clock, 0.19+0.69/0.64/0+0.13 ms cpu, 3->3->1 MB, 4 MB goal, 0 MB stacks, 0 MB globals, 4 P
gc 1058 @9.970s 4%: 0.068+1.9+0.061 ms clock, 0.27+0.66/0.57/0+0.24 ms cpu, 3->3->1 MB, 4 MB goal, 0 MB stacks, 0 MB globals, 4 P
gc 1059 @9.976s 4%: 0.071+1.8+0.053 ms clock, 0.28+0.54/0.99/0+0.21 ms cpu, 3->3->1 MB, 4 MB goal, 0 MB stacks, 0 MB globals, 4 P
gc 1060 @9.982s 4%: 0.78+1.0+0.037 ms clock, 3.1+0.47/1.6/0+0.14 ms cpu, 3->3->1 MB, 4 MB goal, 0 MB stacks, 0 MB globals, 4 P
gc 1061 @9.988s 4%: 0.042+1.8+0.041 ms clock, 0.17+0.66/0.58/0+0.16 ms cpu, 3->3->1 MB, 4 MB goal, 0 MB stacks, 0 MB globals, 4 P
gc 1062 @9.994s 4%: 0.083+1.8+0.015 ms clock, 0.33+0.45/0.88/0+0.060 ms cpu, 3->3->1 MB, 4 MB goal, 0 MB stacks, 0 MB globals, 4 P
gc 1063 @9.999s 4%: 0.084+2.0+0.065 ms clock, 0.33+0.56/1.8/0.014+0.26 ms cpu, 3->4->1 MB, 4 MB goal, 0 MB stacks, 0 MB globals, 4 P
gc 1064 @10.005s 4%: 0.089+0.67+0.039 ms clock, 0.35+0.90/0.59/0+0.15 ms cpu, 3->3->1 MB, 4 MB goal, 0 MB stacks, 0 MB globals, 4 P
gc 1065 @10.011s 4%: 0.080+0.64+0.007 ms clock, 0.32+0.69/0.59/0+0.031 ms cpu, 3->3->1 MB, 4 MB goal, 0 MB stacks, 0 MB globals, 4 P
gc 1066 @10.016s 4%: 0.092+0.69+0.024 ms clock, 0.37+0.65/0.59/0+0.097 ms cpu, 3->3->1 MB, 4 MB goal, 0 MB stacks, 0 MB globals, 4 P
gc 1067 @10.021s 4%: 0.097+0.90+0.036 ms clock, 0.39+1.1/0.84/0+0.14 ms cpu, 3->3->1 MB, 4 MB goal, 0 MB stacks, 0 MB globals, 4 P
gc 1068 @10.027s 4%: 0.047+0.66+0.029 ms clock, 0.18+0.86/0.51/0+0.11 ms cpu, 3->3->1 MB, 4 MB goal, 0 MB stacks, 0 MB globals, 4 P
gc 1069 @10.032s 4%: 0.064+0.69+0.024 ms clock, 0.25+1.1/0.10/0+0.098 ms cpu, 3->3->1 MB, 4 MB goal, 0 MB stacks, 0 MB globals, 4 P
gc 1070 @10.038s 4%: 0.038+2.4+0.023 ms clock, 0.15+0.64/0.89/0+0.093 ms cpu, 3->3->1 MB, 4 MB goal, 0 MB stacks, 0 MB globals, 4 P
gc 1071 @10.044s 4%: 0.053+1.7+0.083 ms clock, 0.21+1.2/0.001/0+0.33 ms cpu, 3->3->1 MB, 4 MB goal, 0 MB stacks, 0 MB globals, 4 P
gc 1072 @10.050s 4%: 0.068+0.62+0.024 ms clock, 0.27+0.50/0.59/0+0.098 ms cpu, 3->3->1 MB, 4 MB goal, 0 MB stacks, 0 MB globals, 4 P
gc 1073 @10.054s 4%: 0.050+0.59+0.016 ms clock, 0.20+1.0/0.48/0+0.067 ms cpu, 3->3->1 MB, 4 MB goal, 0 MB stacks, 0 MB globals, 4 P
gc 1074 @10.060s 4%: 0.15+1.1+0.017 ms clock, 0.63+0.30/0.72/0+0.071 ms cpu, 3->3->1 MB, 4 MB goal, 0 MB stacks, 0 MB globals, 4 P
gc 1075 @10.065s 4%: 0.093+1.7+0.043 ms clock, 0.37+0.63/0.55/0+0.17 ms cpu, 3->3->1 MB, 4 MB goal, 0 MB stacks, 0 MB globals, 4 P
gc 1076 @10.071s 4%: 0.084+1.1+0.072 ms clock, 0.33+0.81/0.86/0+0.29 ms cpu, 3->3->1 MB, 4 MB goal, 0 MB stacks, 0 MB globals, 4 P
gc 1077 @10.076s 4%: 0.40+2.2+0.008 ms clock, 1.6+0.24/0.94/0+0.034 ms cpu, 3->4->1 MB, 4 MB goal, 0 MB stacks, 0 MB globals, 4 P
gc 1078 @10.082s 4%: 0.060+0.74+0.026 ms clock, 0.24+0.78/0.70/0+0.10 ms cpu, 3->3->1 MB, 4 MB goal, 0 MB stacks, 0 MB globals, 4 P
gc 1079 @10.088s 4%: 0.055+0.72+0.032 ms clock, 0.22+0.86/0.62/0+0.12 ms cpu, 3->3->1 MB, 4 MB goal, 0 MB stacks, 0 MB globals, 4 P
gc 1080 @10.093s 4%: 0.081+1.5+0.089 ms clock, 0.32+0.71/0.67/0+0.35 ms cpu, 3->3->1 MB, 4 MB goal, 0 MB stacks, 0 MB globals, 4 P
gc 1081 @10.099s 4%: 0.069+1.4+0.073 ms clock, 0.27+0.92/0.64/0+0.29 ms cpu, 3->3->1 MB, 4 MB goal, 0 MB stacks, 0 MB globals, 4 P
gc 1082 @10.105s 4%: 0.045+0.64+0.077 ms clock, 0.18+0.88/0.52/0+0.31 ms cpu, 3->3->1 MB, 4 MB goal, 0 MB stacks, 0 MB globals, 4 P
gc 1083 @10.110s 4%: 0.26+0.92+0.019 ms clock, 1.0+0.49/1.0/0+0.079 ms cpu, 3->3->1 MB, 4 MB goal, 0 MB stacks, 0 MB globals, 4 P
gc 1084 @10.115s 4%: 0.047+0.96+0.059 ms clock, 0.18+0.84/0.79/0+0.23 ms cpu, 3->3->1 MB, 4 MB goal, 0 MB stacks, 0 MB globals, 4 P
gc 1085 @10.121s 4%: 0.022+1.1+0.037 ms clock, 0.090+1.7/0.57/0+0.14 ms cpu, 3->3->1 MB, 4 MB goal, 0 MB stacks, 0 MB globals, 4 P
gc 1086 @10.127s 4%: 0.074+0.60+0.028 ms clock, 0.29+0.88/0.49/0+0.11 ms cpu, 3->3->1 MB, 4 MB goal, 0 MB stacks, 0 MB globals, 4 P
gc 1087 @10.132s 4%: 0.074+0.73+0.058 ms clock, 0.29+0.75/0.65/0+0.23 ms cpu, 3->3->1 MB, 4 MB goal, 0 MB stacks, 0 MB globals, 4 P
gc 1088 @10.137s 4%: 0.061+0.93+0.061 ms clock, 0.24+0.92/0.78/0+0.24 ms cpu, 3->3->1 MB, 4 MB goal, 0 MB stacks, 0 MB globals, 4 P
gc 1089 @10.143s 4%: 0.060+1.3+0.050 ms clock, 0.24+0.48/0.82/0+0.20 ms cpu, 3->3->1 MB, 4 MB goal, 0 MB stacks, 0 MB globals, 4 P
gc 1090 @10.148s 4%: 0.27+1.0+0.028 ms clock, 1.1+0.49/1.1/0.017+0.11 ms cpu, 3->3->1 MB, 4 MB goal, 0 MB stacks, 0 MB globals, 4 P
gc 1091 @10.154s 4%: 0.045+1.7+0.036 ms clock, 0.18+0.91/0.49/0+0.14 ms cpu, 3->3->1 MB, 4 MB goal, 0 MB stacks, 0 MB globals, 4 P
gc 1092 @10.160s 4%: 0.067+0.69+0.044 ms clock, 0.27+0.92/0.57/0+0.17 ms cpu, 3->3->1 MB, 4 MB goal, 0 MB stacks, 0 MB globals, 4 P
gc 1093 @10.165s 4%: 0.067+0.61+0.026 ms clock, 0.26+0.77/0.55/0+0.10 ms cpu, 3->3->1 MB, 4 MB goal, 0 MB stacks, 0 MB globals, 4 P
gc 1094 @10.170s 4%: 0.072+0.71+0.075 ms clock, 0.29+0.96/0.55/0+0.30 ms cpu, 3->3->1 MB, 4 MB goal, 0 MB stacks, 0 MB globals, 4 P
gc 1095 @10.176s 4%: 0.046+1.2+0.058 ms clock, 0.18+0.84/0.66/0+0.23 ms cpu, 3->3->1 MB, 4 MB goal, 0 MB stacks, 0 MB globals, 4 P
gc 1096 @10.181s 4%: 0.074+1.1+0.046 ms clock, 0.29+0.68/0.55/0+0.18 ms cpu, 3->3->1 MB, 4 MB goal, 0 MB stacks, 0 MB globals, 4 P
gc 1097 @10.187s 4%: 0.077+1.8+0.034 ms clock, 0.30+0.58/0.88/0+0.13 ms cpu, 3->3->1 MB, 4 MB goal, 0 MB stacks, 0 MB globals, 4 P
gc 1098 @10.193s 4%: 0.35+0.87+0.056 ms clock, 1.4+0.38/1.1/0+0.22 ms cpu, 3->3->1 MB, 4 MB goal, 0 MB stacks, 0 MB globals, 4 P
gc 1099 @10.198s 4%: 0.10+1.6+0.073 ms clock, 0.42+0.58/0.93/0+0.29 ms cpu, 3->3->1 MB, 4 MB goal, 0 MB stacks, 0 MB globals, 4 P
gc 1100 @10.204s 4%: 0.077+0.71+0.061 ms clock, 0.30+0.99/0.59/0+0.24 ms cpu, 3->3->1 MB, 4 MB goal, 0 MB stacks, 0 MB globals, 4 P
gc 1101 @10.209s 4%: 0.26+1.8+0.081 ms clock, 1.0+0.68/1.3/0.037+0.32 ms cpu, 3->3->1 MB, 4 MB goal, 0 MB stacks, 0 MB globals, 4 P
gc 1102 @10.215s 4%: 0.27+1.7+0.080 ms clock, 1.0+0.69/1.8/0+0.32 ms cpu, 3->3->1 MB, 4 MB goal, 0 MB stacks, 0 MB globals, 4 P
gc 1103 @10.221s 4%: 0.058+0.74+0.036 ms clock, 0.23+0.86/0.64/0+0.14 ms cpu, 3->3->1 MB, 4 MB goal, 0 MB stacks, 0 MB globals, 4 P
gc 1104 @10.226s 4%: 0.057+1.2+0.090 ms clock, 0.23+1.2/0.001/0+0.36 ms cpu, 3->3->1 MB, 4 MB goal, 0 MB stacks, 0 MB globals, 4 P
gc 1105 @10.232s 4%: 0.056+0.74+0.085 ms clock, 0.22+0.72/0.64/0+0.34 ms cpu, 3->3->1 MB, 4 MB goal, 0 MB stacks, 0 MB globals, 4 P
gc 1106 @10.237s 4%: 0.052+1.4+0.039 ms clock, 0.21+0.51/0.92/0.024+0.15 ms cpu, 3->3->1 MB, 4 MB goal, 0 MB stacks, 0 MB globals, 4 P
gc 1107 @10.243s 4%: 0.041+0.70+0.024 ms clock, 0.16+0.95/0.56/0+0.096 ms cpu, 3->3->1 MB, 4 MB goal, 0 MB stacks, 0 MB globals, 4 P
gc 1108 @10.248s 4%: 0.047+0.76+0.039 ms clock, 0.19+0.76/0.67/0+0.15 ms cpu, 3->3->1 MB, 4 MB goal, 0 MB stacks, 0 MB globals, 4 P
gc 1109 @10.254s 4%: 0.048+0.86+0.039 ms clock, 0.19+0.72/0.73/0+0.15 ms cpu, 3->3->1 MB, 4 MB goal, 0 MB stacks, 0 MB globals, 4 P
gc 1110 @10.260s 4%: 0.062+0.68+0.030 ms clock, 0.24+0.65/0.59/0+0.12 ms cpu, 3->3->1 MB, 4 MB goal, 0 MB stacks, 0 MB globals, 4 P
gc 1111 @10.265s 4%: 0.059+0.86+0.062 ms clock, 0.23+0.72/0.76/0+0.24 ms cpu, 3->3->1 MB, 4 MB goal, 0 MB stacks, 0 MB globals, 4 P
gc 1112 @10.271s 4%: 0.46+0.64+0.029 ms clock, 1.8+1.1/0.57/0+0.11 ms cpu, 3->3->1 MB, 4 MB goal, 0 MB stacks, 0 MB globals, 4 P
gc 1113 @10.277s 4%: 0.079+0.66+0.063 ms clock, 0.31+0.62/0.58/0+0.25 ms cpu, 3->3->1 MB, 4 MB goal, 0 MB stacks, 0 MB globals, 4 P
gc 1114 @10.282s 4%: 0.075+0.90+0.025 ms clock, 0.30+0.72/0.79/0+0.10 ms cpu, 3->3->1 MB, 4 MB goal, 0 MB stacks, 0 MB globals, 4 P
gc 1115 @10.288s 4%: 0.077+0.89+0.053 ms clock, 0.30+0.55/0.71/0+0.21 ms cpu, 3->3->1 MB, 4 MB goal, 0 MB stacks, 0 MB globals, 4 P
gc 1116 @10.293s 4%: 0.077+2.4+0.080 ms clock, 0.31+0.51/0.81/0+0.32 ms cpu, 3->3->1 MB, 4 MB goal, 0 MB stacks, 0 MB globals, 4 P
gc 1117 @10.299s 4%: 0.066+2.1+0.025 ms clock, 0.26+0.52/0.86/0+0.10 ms cpu, 3->3->1 MB, 4 MB goal, 0 MB stacks, 0 MB globals, 4 P
gc 1118 @10.305s 4%: 0.056+1.0+0.044 ms clock, 0.22+0.95/0.61/0+0.17 ms cpu, 3->3->1 MB, 4 MB goal, 0 MB stacks, 0 MB globals, 4 P
gc 1119 @10.310s 4%: 0.40+0.84+0.028 ms clock, 1.6+0.56/1.1/0+0.11 ms cpu, 3->3->1 MB, 4 MB goal, 0 MB stacks, 0 MB globals, 4 P
gc 1120 @10.316s 4%: 0.087+0.63+0.028 ms clock, 0.34+1.2/0.10/0+0.11 ms cpu, 3->3->1 MB, 4 MB goal, 0 MB stacks, 0 MB globals, 4 P
gc 1121 @10.321s 4%: 0.070+1.3+0.024 ms clock, 0.28+0.15/0.77/0+0.096 ms cpu, 3->3->1 MB, 4 MB goal, 0 MB stacks, 0 MB globals, 4 P
gc 1122 @10.327s 4%: 0.042+0.60+0.025 ms clock, 0.17+0.94/0.49/0+0.10 ms cpu, 3->3->1 MB, 4 MB goal, 0 MB stacks, 0 MB globals, 4 P
gc 1123 @10.332s 4%: 2.8+0.36+0.036 ms clock, 11+0.36/3.1/0+0.14 ms cpu, 3->3->1 MB, 4 MB goal, 0 MB stacks, 0 MB globals, 4 P
gc 1124 @10.338s 4%: 0.071+1.6+0.010 ms clock, 0.28+1.2/0.003/0+0.040 ms cpu, 3->3->1 MB, 4 MB goal, 0 MB stacks, 0 MB globals, 4 P
gc 1125 @10.344s 4%: 0.40+0.66+0.024 ms clock, 1.6+0/0.92/0+0.097 ms cpu, 3->3->1 MB, 4 MB goal, 0 MB stacks, 0 MB globals, 4 P
gc 1126 @10.349s 4%: 0.078+0.82+0.028 ms clock, 0.31+0.75/0.72/0+0.11 ms cpu, 3->3->1 MB, 4 MB goal, 0 MB stacks, 0 MB globals, 4 P
gc 1127 @10.355s 4%: 0.052+1.1+0.040 ms clock, 0.20+0.50/0.50/0+0.16 ms cpu, 3->3->1 MB, 4 MB goal, 0 MB stacks, 0 MB globals, 4 P
gc 1128 @10.360s 4%: 0.056+0.64+0.042 ms clock, 0.22+0.79/0.50/0+0.17 ms cpu, 3->3->1 MB, 4 MB goal, 0 MB stacks, 0 MB globals, 4 P
gc 1129 @10.366s 4%: 0.064+0.57+0.045 ms clock, 0.25+0.87/0.48/0+0.18 ms cpu, 3->3->1 MB, 4 MB goal, 0 MB stacks, 0 MB globals, 4 P
gc 1130 @10.371s 4%: 0.017+1.0+0.022 ms clock, 0.070+1.0/0.97/0+0.090 ms cpu, 3->3->1 MB, 4 MB goal, 0 MB stacks, 0 MB globals, 4 P
gc 1131 @10.377s 4%: 0.42+1.0+0.023 ms clock, 1.7+0.37/1.2/0+0.095 ms cpu, 3->3->1 MB, 4 MB goal, 0 MB stacks, 0 MB globals, 4 P
gc 1132 @10.383s 4%: 0.046+2.6+0.063 ms clock, 0.18+0.55/0.61/0+0.25 ms cpu, 3->3->1 MB, 4 MB goal, 0 MB stacks, 0 MB globals, 4 P
gc 1133 @10.389s 4%: 0.079+0.86+0.051 ms clock, 0.31+0.69/0.71/0+0.20 ms cpu, 3->3->1 MB, 4 MB goal, 0 MB stacks, 0 MB globals, 4 P
gc 1134 @10.394s 4%: 0.064+2.1+0.043 ms clock, 0.25+0.90/0.60/0+0.17 ms cpu, 3->3->1 MB, 4 MB goal, 0 MB stacks, 0 MB globals, 4 P
gc 1135 @10.400s 4%: 0.059+0.75+0.056 ms clock, 0.23+0.82/0.56/0+0.22 ms cpu, 3->3->1 MB, 4 MB goal, 0 MB stacks, 0 MB globals, 4 P
gc 1136 @10.405s 4%: 0.087+3.3+0.055 ms clock, 0.35+0.90/0.61/0+0.22 ms cpu, 3->4->2 MB, 4 MB goal, 0 MB stacks, 0 MB globals, 4 P
gc 1137 @10.413s 4%: 0.071+1.7+0.033 ms clock, 0.28+0.51/0.62/0+0.13 ms cpu, 3->4->1 MB, 4 MB goal, 0 MB stacks, 0 MB globals, 4 P
gc 1138 @10.419s 4%: 0.056+1.4+0.009 ms clock, 0.22+1.1/0.006/0+0.038 ms cpu, 3->3->1 MB, 4 MB goal, 0 MB stacks, 0 MB globals, 4 P
gc 1139 @10.424s 4%: 0.089+1.1+0.026 ms clock, 0.35+0.69/0.50/0+0.10 ms cpu, 3->3->1 MB, 4 MB goal, 0 MB stacks, 0 MB globals, 4 P
gc 1140 @10.430s 4%: 0.076+1.1+0.032 ms clock, 0.30+0.97/0.60/0+0.13 ms cpu, 3->3->1 MB, 4 MB goal, 0 MB stacks, 0 MB globals, 4 P
gc 1141 @10.436s 4%: 1.6+0.21+0.016 ms clock, 6.5+0.76/1.7/0+0.065 ms cpu, 3->3->1 MB, 4 MB goal, 0 MB stacks, 0 MB globals, 4 P
gc 1142 @10.441s 4%: 0.073+0.59+0.050 ms clock, 0.29+0.84/0.51/0+0.20 ms cpu, 3->3->1 MB, 4 MB goal, 0 MB stacks, 0 MB globals, 4 P
gc 1143 @10.447s 4%: 0.055+1.3+0.085 ms clock, 0.22+0.59/0.60/0+0.34 ms cpu, 3->3->1 MB, 4 MB goal, 0 MB stacks, 0 MB globals, 4 P
gc 1144 @10.452s 4%: 0.067+0.76+0.045 ms clock, 0.26+0.88/0.61/0+0.18 ms cpu, 3->3->1 MB, 4 MB goal, 0 MB stacks, 0 MB globals, 4 P
gc 1145 @10.458s 4%: 0.051+0.58+0.040 ms clock, 0.20+0.94/0.49/0+0.16 ms cpu, 3->3->1 MB, 4 MB goal, 0 MB stacks, 0 MB globals, 4 P
gc 1146 @10.463s 4%: 0.11+0.83+0.029 ms clock, 0.46+0.89/0.66/0+0.11 ms cpu, 3->3->1 MB, 4 MB goal, 0 MB stacks, 0 MB globals, 4 P
gc 1147 @10.469s 4%: 0.019+1.0+0.045 ms clock, 0.079+0.58/0.50/0+0.18 ms cpu, 3->3->1 MB, 4 MB goal, 0 MB stacks, 0 MB globals, 4 P
gc 1148 @10.474s 4%: 0.099+1.8+0.043 ms clock, 0.39+0.67/0.63/0+0.17 ms cpu, 3->3->1 MB, 4 MB goal, 0 MB stacks, 0 MB globals, 4 P
gc 1149 @10.480s 4%: 0.040+1.7+0.087 ms clock, 0.16+1.1/0.64/0+0.35 ms cpu, 3->3->1 MB, 4 MB goal, 0 MB stacks, 0 MB globals, 4 P
gc 1150 @10.486s 4%: 0.047+2.3+0.029 ms clock, 0.18+0.42/0.68/0+0.11 ms cpu, 3->3->1 MB, 4 MB goal, 0 MB stacks, 0 MB globals, 4 P
gc 1151 @10.491s 4%: 0.045+1.5+0.027 ms clock, 0.18+1.2/0.015/0+0.10 ms cpu, 3->3->1 MB, 4 MB goal, 0 MB stacks, 0 MB globals, 4 P
gc 1152 @10.497s 4%: 0.042+1.5+0.084 ms clock, 0.17+0.55/0.65/0+0.33 ms cpu, 3->3->1 MB, 4 MB goal, 0 MB stacks, 0 MB globals, 4 P
gc 1153 @10.503s 4%: 0.55+1.1+0.085 ms clock, 2.2+0.31/1.1/0+0.34 ms cpu, 3->3->1 MB, 4 MB goal, 0 MB stacks, 0 MB globals, 4 P
gc 1154 @10.508s 4%: 0.33+1.8+0.019 ms clock, 1.3+0.38/1.4/0.068+0.079 ms cpu, 3->3->1 MB, 4 MB goal, 0 MB stacks, 0 MB globals, 4 P
gc 1155 @10.514s 4%: 0.048+1.6+0.009 ms clock, 0.19+0.81/0.95/0+0.037 ms cpu, 3->3->1 MB, 4 MB goal, 0 MB stacks, 0 MB globals, 4 P
gc 1156 @10.520s 4%: 0.041+0.94+0.062 ms clock, 0.16+0.93/0.53/0+0.24 ms cpu, 3->3->1 MB, 4 MB goal, 0 MB stacks, 0 MB globals, 4 P
gc 1157 @10.526s 4%: 0.053+0.80+0.035 ms clock, 0.21+0.93/0.60/0+0.14 ms cpu, 3->3->1 MB, 4 MB goal, 0 MB stacks, 0 MB globals, 4 P
gc 1158 @10.531s 4%: 0.076+0.70+0.057 ms clock, 0.30+0.90/0.61/0+0.23 ms cpu, 3->3->1 MB, 4 MB goal, 0 MB stacks, 0 MB globals, 4 P
gc 1159 @10.536s 4%: 0.065+0.87+0.053 ms clock, 0.26+0.74/0.65/0+0.21 ms cpu, 3->3->1 MB, 4 MB goal, 0 MB stacks, 0 MB globals, 4 P
gc 1160 @10.542s 4%: 0.12+0.80+0.068 ms clock, 0.50+0.83/0.60/0+0.27 ms cpu, 3->3->1 MB, 4 MB goal, 0 MB stacks, 0 MB globals, 4 P
gc 1161 @10.547s 4%: 0.24+1.2+0.087 ms clock, 0.99+0.61/1.1/0+0.34 ms cpu, 3->3->1 MB, 4 MB goal, 0 MB stacks, 0 MB globals, 4 P
gc 1162 @10.553s 4%: 2.3+0.81+0.042 ms clock, 9.4+0.59/2.5/0+0.16 ms cpu, 3->4->1 MB, 4 MB goal, 0 MB stacks, 0 MB globals, 4 P
gc 1163 @10.559s 4%: 0.064+1.2+0.041 ms clock, 0.25+0.55/0.58/0+0.16 ms cpu, 3->3->1 MB, 4 MB goal, 0 MB stacks, 0 MB globals, 4 P
gc 1164 @10.565s 4%: 0.076+0.70+0.038 ms clock, 0.30+0.69/0.56/0+0.15 ms cpu, 3->3->1 MB, 4 MB goal, 0 MB stacks, 0 MB globals, 4 P
gc 1165 @10.570s 4%: 0.052+0.67+0.055 ms clock, 0.20+0.76/0.52/0+0.22 ms cpu, 3->3->1 MB, 4 MB goal, 0 MB stacks, 0 MB globals, 4 P
gc 1166 @10.575s 4%: 0.040+0.91+0.039 ms clock, 0.16+0.93/0.54/0+0.15 ms cpu, 3->3->1 MB, 4 MB goal, 0 MB stacks, 0 MB globals, 4 P
gc 1167 @10.581s 4%: 0.080+0.71+0.029 ms clock, 0.32+0.82/0.57/0+0.11 ms cpu, 3->3->1 MB, 4 MB goal, 0 MB stacks, 0 MB globals, 4 P
gc 1168 @10.586s 4%: 0.11+2.2+0.080 ms clock, 0.46+0.72/0.57/0+0.32 ms cpu, 3->3->1 MB, 4 MB goal, 0 MB stacks, 0 MB globals, 4 P
gc 1169 @10.592s 4%: 0.071+1.5+0.042 ms clock, 0.28+0.73/0.58/0+0.16 ms cpu, 3->3->1 MB, 4 MB goal, 0 MB stacks, 0 MB globals, 4 P
gc 1170 @10.598s 4%: 0.076+2.0+0.009 ms clock, 0.30+0.29/0.76/0+0.039 ms cpu, 3->3->1 MB, 4 MB goal, 0 MB stacks, 0 MB globals, 4 P
gc 1171 @10.604s 4%: 0.073+0.90+0.023 ms clock, 0.29+0.85/0.70/0+0.095 ms cpu, 3->3->1 MB, 4 MB goal, 0 MB stacks, 0 MB globals, 4 P
gc 1172 @10.609s 4%: 0.029+1.9+0.008 ms clock, 0.11+0.91/0.58/0+0.034 ms cpu, 3->3->1 MB, 4 MB goal, 0 MB stacks, 0 MB globals, 4 P
gc 1173 @10.615s 4%: 0.28+1.9+0.036 ms clock, 1.1+0.41/1.2/0.074+0.14 ms cpu, 3->3->1 MB, 4 MB goal, 0 MB stacks, 0 MB globals, 4 P
gc 1174 @10.621s 4%: 0.058+2.7+0.10 ms clock, 0.23+0.40/0.81/0+0.42 ms cpu, 3->4->1 MB, 4 MB goal, 0 MB stacks, 0 MB globals, 4 P
gc 1175 @10.627s 4%: 0.097+1.4+0.043 ms clock, 0.38+0.56/0.62/0+0.17 ms cpu, 3->3->1 MB, 4 MB goal, 0 MB stacks, 0 MB globals, 4 P
gc 1176 @10.633s 4%: 0.081+1.5+0.031 ms clock, 0.32+1.2/0/0+0.12 ms cpu, 3->3->1 MB, 4 MB goal, 0 MB stacks, 0 MB globals, 4 P
gc 1177 @10.638s 4%: 0.094+1.3+0.029 ms clock, 0.37+0.38/0.71/0+0.11 ms cpu, 3->3->1 MB, 4 MB goal, 0 MB stacks, 0 MB globals, 4 P
gc 1178 @10.644s 4%: 0.052+0.75+0.026 ms clock, 0.20+0.67/0.65/0+0.10 ms cpu, 3->3->1 MB, 4 MB goal, 0 MB stacks, 0 MB globals, 4 P
gc 1179 @10.649s 4%: 0.087+1.1+0.033 ms clock, 0.35+0.63/0.77/0+0.13 ms cpu, 3->3->1 MB, 4 MB goal, 0 MB stacks, 0 MB globals, 4 P
gc 1180 @10.655s 4%: 1.3+0.66+0.090 ms clock, 5.2+0.45/1.7/0+0.36 ms cpu, 3->3->1 MB, 4 MB goal, 0 MB stacks, 0 MB globals, 4 P
gc 1181 @10.660s 4%: 0.062+0.94+0.028 ms clock, 0.24+0.75/0.51/0+0.11 ms cpu, 3->3->1 MB, 4 MB goal, 0 MB stacks, 0 MB globals, 4 P
gc 1182 @10.666s 4%: 0.055+0.95+0.024 ms clock, 0.22+0.91/0.87/0+0.098 ms cpu, 3->3->1 MB, 4 MB goal, 0 MB stacks, 0 MB globals, 4 P
gc 1183 @10.671s 4%: 0.064+1.4+0.058 ms clock, 0.25+0.49/0.62/0+0.23 ms cpu, 3->3->1 MB, 4 MB goal, 0 MB stacks, 0 MB globals, 4 P
gc 1184 @10.677s 4%: 0.059+1.3+0.036 ms clock, 0.23+0.78/0.58/0+0.14 ms cpu, 3->3->1 MB, 4 MB goal, 0 MB stacks, 0 MB globals, 4 P
gc 1185 @10.682s 4%: 0.055+0.70+0.097 ms clock, 0.22+0.82/0.52/0+0.38 ms cpu, 3->3->1 MB, 4 MB goal, 0 MB stacks, 0 MB globals, 4 P
gc 1186 @10.688s 4%: 0.048+0.71+0.044 ms clock, 0.19+0.89/0.63/0+0.17 ms cpu, 3->3->1 MB, 4 MB goal, 0 MB stacks, 0 MB globals, 4 P
gc 1187 @10.694s 4%: 0.060+1.0+0.073 ms clock, 0.24+0.97/0.49/0+0.29 ms cpu, 3->3->1 MB, 4 MB goal, 0 MB stacks, 0 MB globals, 4 P
gc 1188 @10.699s 4%: 0.038+0.61+0.035 ms clock, 0.15+0.88/0.46/0+0.14 ms cpu, 3->3->1 MB, 4 MB goal, 0 MB stacks, 0 MB globals, 4 P
gc 1189 @10.705s 4%: 0.082+0.77+0.050 ms clock, 0.33+0.84/0.66/0+0.20 ms cpu, 3->3->1 MB, 4 MB goal, 0 MB stacks, 0 MB globals, 4 P
gc 1190 @10.710s 4%: 0.057+0.78+0.050 ms clock, 0.22+0.83/0.64/0+0.20 ms cpu, 3->3->1 MB, 4 MB goal, 0 MB stacks, 0 MB globals, 4 P
gc 1191 @10.716s 4%: 0.28+1.7+0.060 ms clock, 1.1+0.72/1.9/0+0.24 ms cpu, 3->3->1 MB, 4 MB goal, 0 MB stacks, 0 MB globals, 4 P
gc 1192 @10.722s 4%: 2.1+0.31+0.039 ms clock, 8.7+0.43/2.3/0+0.15 ms cpu, 3->3->1 MB, 4 MB goal, 0 MB stacks, 0 MB globals, 4 P
gc 1193 @10.727s 4%: 0.056+1.4+0.073 ms clock, 0.22+0.40/0.51/0+0.29 ms cpu, 3->3->1 MB, 4 MB goal, 0 MB stacks, 0 MB globals, 4 P
gc 1194 @10.733s 4%: 0.082+0.74+0.055 ms clock, 0.32+0.76/0.53/0+0.22 ms cpu, 3->3->1 MB, 4 MB goal, 0 MB stacks, 0 MB globals, 4 P
gc 1195 @10.739s 4%: 1.6+0.26+0.043 ms clock, 6.4+0.71/1.7/0+0.17 ms cpu, 3->3->1 MB, 4 MB goal, 0 MB stacks, 0 MB globals, 4 P
gc 1196 @10.744s 4%: 0.082+0.79+0.058 ms clock, 0.33+0.90/0.61/0+0.23 ms cpu, 3->3->1 MB, 4 MB goal, 0 MB stacks, 0 MB globals, 4 P
gc 1197 @10.750s 4%: 0.084+1.5+0.029 ms clock, 0.33+0.091/0.89/0+0.11 ms cpu, 3->3->1 MB, 4 MB goal, 0 MB stacks, 0 MB globals, 4 P
gc 1198 @10.756s 4%: 1.9+0.20+0.022 ms clock, 7.8+0.84/2.0/0+0.088 ms cpu, 3->3->1 MB, 4 MB goal, 0 MB stacks, 0 MB globals, 4 P
gc 1199 @10.761s 4%: 0.10+0.74+0.057 ms clock, 0.43+0.73/0.55/0+0.23 ms cpu, 3->3->1 MB, 4 MB goal, 0 MB stacks, 0 MB globals, 4 P
gc 1200 @10.767s 4%: 0.062+0.58+0.022 ms clock, 0.25+1.1/0.004/0+0.088 ms cpu, 3->3->1 MB, 4 MB goal, 0 MB stacks, 0 MB globals, 4 P
gc 1201 @10.772s 4%: 0.065+2.4+0.067 ms clock, 0.26+0.57/0.60/0+0.26 ms cpu, 3->3->1 MB, 4 MB goal, 0 MB stacks, 0 MB globals, 4 P
gc 1202 @10.778s 4%: 0.38+1.1+0.057 ms clock, 1.5+0.31/1.0/0+0.22 ms cpu, 3->3->1 MB, 4 MB goal, 0 MB stacks, 0 MB globals, 4 P
gc 1203 @10.783s 4%: 0.062+1.1+0.032 ms clock, 0.24+1.0/0.74/0+0.13 ms cpu, 3->3->1 MB, 4 MB goal, 0 MB stacks, 0 MB globals, 4 P
gc 1204 @10.789s 4%: 0.34+1.2+0.047 ms clock, 1.3+0.49/1.0/0+0.19 ms cpu, 3->3->1 MB, 4 MB goal, 0 MB stacks, 0 MB globals, 4 P
gc 1205 @10.794s 4%: 0.055+1.5+0.073 ms clock, 0.22+0.67/0.63/0+0.29 ms cpu, 3->3->1 MB, 4 MB goal, 0 MB stacks, 0 MB globals, 4 P
gc 1206 @10.801s 4%: 0.065+1.2+0.004 ms clock, 0.26+0.42/0.83/0+0.019 ms cpu, 3->3->1 MB, 4 MB goal, 0 MB stacks, 0 MB globals, 4 P
gc 1207 @10.806s 4%: 0.066+0.60+0.027 ms clock, 0.26+0.80/0.54/0+0.10 ms cpu, 3->3->1 MB, 4 MB goal, 0 MB stacks, 0 MB globals, 4 P
gc 1208 @10.811s 4%: 0.10+1.1+0.009 ms clock, 0.43+0.80/0.65/0+0.038 ms cpu, 3->3->1 MB, 4 MB goal, 0 MB stacks, 0 MB globals, 4 P
gc 1209 @10.817s 4%: 0.065+0.69+0.060 ms clock, 0.26+0.51/0.55/0+0.24 ms cpu, 3->3->1 MB, 4 MB goal, 0 MB stacks, 0 MB globals, 4 P
gc 1210 @10.822s 4%: 0.072+0.82+0.044 ms clock, 0.28+0.89/0.66/0+0.17 ms cpu, 3->3->1 MB, 4 MB goal, 0 MB stacks, 0 MB globals, 4 P
gc 1211 @10.827s 4%: 0.061+0.78+0.078 ms clock, 0.24+0.66/0.58/0+0.31 ms cpu, 3->3->1 MB, 4 MB goal, 0 MB stacks, 0 MB globals, 4 P
gc 1212 @10.833s 4%: 0.086+0.65+0.047 ms clock, 0.34+0.82/0.51/0+0.19 ms cpu, 3->3->1 MB, 4 MB goal, 0 MB stacks, 0 MB globals, 4 P
gc 1213 @10.839s 4%: 0.078+0.84+0.026 ms clock, 0.31+0.88/0.73/0+0.10 ms cpu, 3->3->1 MB, 4 MB goal, 0 MB stacks, 0 MB globals, 4 P
gc 1214 @10.844s 4%: 0.083+0.75+0.026 ms clock, 0.33+0.99/0.65/0+0.10 ms cpu, 3->3->1 MB, 4 MB goal, 0 MB stacks, 0 MB globals, 4 P
gc 1215 @10.850s 4%: 0.085+0.81+0.043 ms clock, 0.34+0.78/0.65/0+0.17 ms cpu, 3->3->1 MB, 4 MB goal, 0 MB stacks, 0 MB globals, 4 P
gc 1216 @10.855s 4%: 0.10+0.59+0.024 ms clock, 0.41+0.77/0.48/0+0.099 ms cpu, 3->3->1 MB, 4 MB goal, 0 MB stacks, 0 MB globals, 4 P
gc 1217 @10.860s 4%: 0.090+1.4+0.036 ms clock, 0.36+0.76/0.49/0+0.14 ms cpu, 3->3->1 MB, 4 MB goal, 0 MB stacks, 0 MB globals, 4 P
gc 1218 @10.866s 4%: 0.047+1.2+0.034 ms clock, 0.19+1.1/0/0+0.13 ms cpu, 3->3->1 MB, 4 MB goal, 0 MB stacks, 0 MB globals, 4 P
gc 1219 @10.872s 4%: 0.076+1.9+0.042 ms clock, 0.30+0.60/0.57/0+0.16 ms cpu, 3->3->1 MB, 4 MB goal, 0 MB stacks, 0 MB globals, 4 P
gc 1220 @10.878s 4%: 0.058+0.88+0.057 ms clock, 0.23+0.78/0.71/0+0.22 ms cpu, 3->3->1 MB, 4 MB goal, 0 MB stacks, 0 MB globals, 4 P
gc 1221 @10.883s 4%: 0.065+1.0+0.016 ms clock, 0.26+1.2/0.001/0+0.064 ms cpu, 3->3->1 MB, 4 MB goal, 0 MB stacks, 0 MB globals, 4 P
gc 1222 @10.889s 4%: 0.053+0.59+0.007 ms clock, 0.21+0.74/0.52/0+0.029 ms cpu, 3->3->1 MB, 4 MB goal, 0 MB stacks, 0 MB globals, 4 P
gc 1223 @10.894s 4%: 0.053+1.9+0.020 ms clock, 0.21+0.90/0.45/0+0.083 ms cpu, 3->3->1 MB, 4 MB goal, 0 MB stacks, 0 MB globals, 4 P
gc 1224 @10.900s 4%: 0.053+1.3+0.011 ms clock, 0.21+0.78/0.62/0+0.044 ms cpu, 3->3->1 MB, 4 MB goal, 0 MB stacks, 0 MB globals, 4 P
gc 1225 @10.905s 4%: 0.079+1.2+0.074 ms clock, 0.31+0.65/0.64/0+0.29 ms cpu, 3->3->1 MB, 4 MB goal, 0 MB stacks, 0 MB globals, 4 P
gc 1226 @10.911s 4%: 0.060+0.77+0.061 ms clock, 0.24+0.86/0.55/0+0.24 ms cpu, 3->3->1 MB, 4 MB goal, 0 MB stacks, 0 MB globals, 4 P
gc 1227 @10.916s 4%: 0.067+0.70+0.022 ms clock, 0.26+0.98/0.44/0+0.091 ms cpu, 3->3->1 MB, 4 MB goal, 0 MB stacks, 0 MB globals, 4 P
gc 1228 @10.922s 4%: 0.058+1.8+0.068 ms clock, 0.23+0.30/0.65/0+0.27 ms cpu, 3->3->1 MB, 4 MB goal, 0 MB stacks, 0 MB globals, 4 P
gc 1229 @10.928s 4%: 0.062+1.5+0.083 ms clock, 0.25+0.42/0.80/0+0.33 ms cpu, 3->3->1 MB, 4 MB goal, 0 MB stacks, 0 MB globals, 4 P
gc 1230 @10.933s 4%: 0.063+0.73+0.041 ms clock, 0.25+0.74/0.54/0+0.16 ms cpu, 3->3->1 MB, 4 MB goal, 0 MB stacks, 0 MB globals, 4 P
gc 1231 @10.939s 4%: 0.083+1.3+0.032 ms clock, 0.33+0.60/1.2/0+0.13 ms cpu, 3->3->1 MB, 4 MB goal, 0 MB stacks, 0 MB globals, 4 P
gc 1232 @10.944s 4%: 2.8+0.45+0.032 ms clock, 11+0.49/3.0/0+0.13 ms cpu, 3->3->1 MB, 4 MB goal, 0 MB stacks, 0 MB globals, 4 P
gc 1233 @10.950s 4%: 0.071+1.5+0.054 ms clock, 0.28+0.56/0.90/0+0.21 ms cpu, 3->3->1 MB, 4 MB goal, 0 MB stacks, 0 MB globals, 4 P
gc 1234 @10.956s 4%: 0.082+1.1+0.040 ms clock, 0.33+0.53/0.91/0+0.16 ms cpu, 3->3->1 MB, 4 MB goal, 0 MB stacks, 0 MB globals, 4 P
gc 1235 @10.962s 4%: 0.077+2.2+0.016 ms clock, 0.31+0.50/0.68/0+0.066 ms cpu, 3->3->1 MB, 4 MB goal, 0 MB stacks, 0 MB globals, 4 P
gc 1236 @10.967s 4%: 0.073+0.64+0.026 ms clock, 0.29+0.63/0.57/0+0.10 ms cpu, 3->3->1 MB, 4 MB goal, 0 MB stacks, 0 MB globals, 4 P
gc 1237 @10.973s 4%: 0.095+0.83+0.036 ms clock, 0.38+0.93/0.69/0+0.14 ms cpu, 3->3->1 MB, 4 MB goal, 0 MB stacks, 0 MB globals, 4 P
gc 1238 @10.978s 4%: 0.049+2.0+0.073 ms clock, 0.19+1.1/1.4/0+0.29 ms cpu, 3->3->1 MB, 4 MB goal, 0 MB stacks, 0 MB globals, 4 P
gc 1239 @10.984s 4%: 0.12+1.8+0.10 ms clock, 0.48+0.65/0.73/0+0.40 ms cpu, 3->3->1 MB, 4 MB goal, 0 MB stacks, 0 MB globals, 4 P
gc 1240 @10.990s 4%: 0.078+0.89+0.020 ms clock, 0.31+0.55/0.62/0+0.083 ms cpu, 3->3->1 MB, 4 MB goal, 0 MB stacks, 0 MB globals, 4 P
gc 1241 @10.995s 4%: 0.061+0.72+0.040 ms clock, 0.24+0.80/0.63/0+0.16 ms cpu, 3->3->1 MB, 4 MB goal, 0 MB stacks, 0 MB globals, 4 P
gc 1242 @11.001s 4%: 0.040+0.76+0.015 ms clock, 0.16+0.93/0.60/0+0.061 ms cpu, 3->3->1 MB, 4 MB goal, 0 MB stacks, 0 MB globals, 4 P
gc 1243 @11.006s 4%: 0.065+1.1+0.027 ms clock, 0.26+0.64/0.70/0+0.11 ms cpu, 3->3->1 MB, 4 MB goal, 0 MB stacks, 0 MB globals, 4 P
gc 1244 @11.012s 4%: 0.079+0.68+0.024 ms clock, 0.31+0.86/0.59/0+0.098 ms cpu, 3->3->1 MB, 4 MB goal, 0 MB stacks, 0 MB globals, 4 P
gc 1245 @11.017s 4%: 0.27+1.6+0.095 ms clock, 1.0+0.70/1.0/0+0.38 ms cpu, 3->3->1 MB, 4 MB goal, 0 MB stacks, 0 MB globals, 4 P
gc 1246 @11.023s 4%: 1.2+1.0+0.033 ms clock, 5.0+0.71/1.6/0+0.13 ms cpu, 3->3->1 MB, 4 MB goal, 0 MB stacks, 0 MB globals, 4 P
gc 1247 @11.029s 4%: 0.050+1.7+0.030 ms clock, 0.20+0.65/1.3/0+0.12 ms cpu, 3->3->1 MB, 4 MB goal, 0 MB stacks, 0 MB globals, 4 P
gc 1248 @11.035s 4%: 0.065+1.1+0.068 ms clock, 0.26+0.59/0.73/0+0.27 ms cpu, 3->3->1 MB, 4 MB goal, 0 MB stacks, 0 MB globals, 4 P
gc 1249 @11.040s 4%: 0.076+0.74+0.037 ms clock, 0.30+0.60/0.62/0+0.15 ms cpu, 3->3->1 MB, 4 MB goal, 0 MB stacks, 0 MB globals, 4 P
gc 1250 @11.045s 4%: 0.084+1.0+0.051 ms clock, 0.33+0.69/0.91/0+0.20 ms cpu, 3->3->1 MB, 4 MB goal, 0 MB stacks, 0 MB globals, 4 P
gc 1251 @11.051s 4%: 0.096+0.74+0.024 ms clock, 0.38+0.79/0.60/0+0.096 ms cpu, 3->3->1 MB, 4 MB goal, 0 MB stacks, 0 MB globals, 4 P
gc 1252 @11.056s 4%: 0.11+0.66+0.030 ms clock, 0.44+0.68/0.57/0+0.12 ms cpu, 3->3->1 MB, 4 MB goal, 0 MB stacks, 0 MB globals, 4 P
gc 1253 @11.062s 4%: 0.35+1.3+0.026 ms clock, 1.4+0.42/1.2/0+0.10 ms cpu, 3->3->1 MB, 4 MB goal, 0 MB stacks, 0 MB globals, 4 P
gc 1254 @11.068s 4%: 0.052+1.7+0.059 ms clock, 0.21+0.73/1.5/0+0.23 ms cpu, 3->3->1 MB, 4 MB goal, 0 MB stacks, 0 MB globals, 4 P
gc 1255 @11.074s 4%: 0.053+0.71+0.036 ms clock, 0.21+0.99/0.57/0+0.14 ms cpu, 3->3->1 MB, 4 MB goal, 0 MB stacks, 0 MB globals, 4 P
gc 1256 @11.079s 4%: 0.044+0.92+0.053 ms clock, 0.17+0.54/0.82/0+0.21 ms cpu, 3->3->1 MB, 4 MB goal, 0 MB stacks, 0 MB globals, 4 P
gc 1257 @11.085s 4%: 0.041+1.2+0.038 ms clock, 0.16+0.62/1.0/0+0.15 ms cpu, 3->3->1 MB, 4 MB goal, 0 MB stacks, 0 MB globals, 4 P
gc 1258 @11.090s 4%: 0.11+1.1+0.003 ms clock, 0.47+0.71/0.57/0+0.015 ms cpu, 3->3->1 MB, 4 MB goal, 0 MB stacks, 0 MB globals, 4 P
gc 1259 @11.096s 4%: 0.25+0.73+0.026 ms clock, 1.0+0.55/0.82/0+0.10 ms cpu, 3->3->1 MB, 4 MB goal, 0 MB stacks, 0 MB globals, 4 P
gc 1260 @11.102s 4%: 0.057+0.77+0.043 ms clock, 0.23+0.65/0.64/0+0.17 ms cpu, 3->3->1 MB, 4 MB goal, 0 MB stacks, 0 MB globals, 4 P
gc 1261 @11.107s 4%: 0.091+0.73+0.063 ms clock, 0.36+0.22/0.68/0+0.25 ms cpu, 3->3->1 MB, 4 MB goal, 0 MB stacks, 0 MB globals, 4 P
gc 1262 @11.113s 4%: 0.053+0.70+0.022 ms clock, 0.21+0.89/0.54/0+0.089 ms cpu, 3->3->1 MB, 4 MB goal, 0 MB stacks, 0 MB globals, 4 P
gc 1263 @11.119s 4%: 0.079+0.78+0.062 ms clock, 0.31+0.79/0.65/0+0.24 ms cpu, 3->3->1 MB, 4 MB goal, 0 MB stacks, 0 MB globals, 4 P
gc 1264 @11.125s 4%: 0.080+1.3+0.056 ms clock, 0.32+0.55/0.63/0+0.22 ms cpu, 3->3->1 MB, 4 MB goal, 0 MB stacks, 0 MB globals, 4 P
gc 1265 @11.131s 4%: 0.058+1.2+0.003 ms clock, 0.23+0.42/0.68/0+0.015 ms cpu, 3->3->1 MB, 4 MB goal, 0 MB stacks, 0 MB globals, 4 P
gc 1266 @11.137s 4%: 0.064+0.72+0.015 ms clock, 0.25+0.62/0.58/0+0.062 ms cpu, 3->3->1 MB, 4 MB goal, 0 MB stacks, 0 MB globals, 4 P
gc 1267 @11.143s 4%: 0.30+0.96+0.020 ms clock, 1.2+0.65/1.1/0+0.082 ms cpu, 3->3->1 MB, 4 MB goal, 0 MB stacks, 0 MB globals, 4 P
gc 1268 @11.148s 4%: 0.041+1.1+0.003 ms clock, 0.16+1.0/0.001/0+0.015 ms cpu, 3->3->1 MB, 4 MB goal, 0 MB stacks, 0 MB globals, 4 P
gc 1269 @11.155s 4%: 0.082+1.4+0.057 ms clock, 0.32+0.32/0.56/0+0.22 ms cpu, 3->3->1 MB, 4 MB goal, 0 MB stacks, 0 MB globals, 4 P
gc 1270 @11.160s 4%: 0.045+1.6+0.021 ms clock, 0.18+0.47/0.61/0+0.085 ms cpu, 3->3->1 MB, 4 MB goal, 0 MB stacks, 0 MB globals, 4 P
gc 1271 @11.165s 4%: 0.44+1.4+0.026 ms clock, 1.7+0.22/0.82/0.031+0.10 ms cpu, 3->3->1 MB, 4 MB goal, 0 MB stacks, 0 MB globals, 4 P
gc 1272 @11.171s 4%: 0.073+1.0+0.061 ms clock, 0.29+0.93/0.79/0+0.24 ms cpu, 3->3->1 MB, 4 MB goal, 0 MB stacks, 0 MB globals, 4 P
gc 1273 @11.177s 4%: 0.069+0.75+0.075 ms clock, 0.27+0.67/0.63/0+0.30 ms cpu, 3->3->1 MB, 4 MB goal, 0 MB stacks, 0 MB globals, 4 P
gc 1274 @11.182s 4%: 0.068+1.9+0.047 ms clock, 0.27+0.56/0.65/0+0.18 ms cpu, 3->3->1 MB, 4 MB goal, 0 MB stacks, 0 MB globals, 4 P
gc 1275 @11.188s 4%: 0.28+0.87+0.004 ms clock, 1.1+0.64/1.0/0.17+0.017 ms cpu, 3->3->1 MB, 4 MB goal, 0 MB stacks, 0 MB globals, 4 P
gc 1276 @11.193s 4%: 0.084+1.7+0.022 ms clock, 0.33+0.55/0.56/0+0.091 ms cpu, 3->3->1 MB, 4 MB goal, 0 MB stacks, 0 MB globals, 4 P
gc 1277 @11.199s 4%: 0.076+1.5+0.027 ms clock, 0.30+0.60/0.59/0+0.11 ms cpu, 3->3->1 MB, 4 MB goal, 0 MB stacks, 0 MB globals, 4 P
gc 1278 @11.205s 4%: 0.039+1.2+0.054 ms clock, 0.15+0.54/0.58/0+0.21 ms cpu, 3->3->1 MB, 4 MB goal, 0 MB stacks, 0 MB globals, 4 P
gc 1279 @11.210s 4%: 0.082+1.2+0.039 ms clock, 0.32+0.55/0.62/0+0.15 ms cpu, 3->3->1 MB, 4 MB goal, 0 MB stacks, 0 MB globals, 4 P
gc 1280 @11.216s 4%: 0.47+1.4+0.022 ms clock, 1.8+0.20/1.3/0.001+0.091 ms cpu, 3->3->1 MB, 4 MB goal, 0 MB stacks, 0 MB globals, 4 P
gc 1281 @11.221s 4%: 0.038+0.82+0.039 ms clock, 0.15+0.66/0.71/0+0.15 ms cpu, 3->3->1 MB, 4 MB goal, 0 MB stacks, 0 MB globals, 4 P
gc 1282 @11.227s 4%: 0.054+1.0+0.056 ms clock, 0.21+1.0/0.001/0+0.22 ms cpu, 3->3->1 MB, 4 MB goal, 0 MB stacks, 0 MB globals, 4 P
gc 1283 @11.233s 4%: 0.065+0.86+0.046 ms clock, 0.26+0.79/0.67/0+0.18 ms cpu, 3->3->1 MB, 4 MB goal, 0 MB stacks, 0 MB globals, 4 P
gc 1284 @11.238s 4%: 0.055+0.67+0.026 ms clock, 0.22+0.67/0.60/0+0.10 ms cpu, 3->3->1 MB, 4 MB goal, 0 MB stacks, 0 MB globals, 4 P
gc 1285 @11.244s 4%: 0.072+0.85+0.043 ms clock, 0.29+0.61/0.69/0+0.17 ms cpu, 3->3->1 MB, 4 MB goal, 0 MB stacks, 0 MB globals, 4 P
gc 1286 @11.249s 4%: 0.048+1.6+0.10 ms clock, 0.19+0.60/0.66/0+0.41 ms cpu, 3->3->1 MB, 4 MB goal, 0 MB stacks, 0 MB globals, 4 P
gc 1287 @11.255s 4%: 0.094+0.81+0.051 ms clock, 0.37+0.74/0.71/0+0.20 ms cpu, 3->3->1 MB, 4 MB goal, 0 MB stacks, 0 MB globals, 4 P
gc 1288 @11.260s 4%: 0.053+1.8+0.023 ms clock, 0.21+0.55/0.63/0+0.092 ms cpu, 3->3->1 MB, 4 MB goal, 0 MB stacks, 0 MB globals, 4 P
gc 1289 @11.266s 5%: 0.11+1.8+0.025 ms clock, 0.47+0.52/0.63/0+0.10 ms cpu, 3->3->1 MB, 4 MB goal, 0 MB stacks, 0 MB globals, 4 P
gc 1290 @11.272s 5%: 0.082+1.2+0.004 ms clock, 0.32+0.70/0.68/0+0.016 ms cpu, 3->3->1 MB, 4 MB goal, 0 MB stacks, 0 MB globals, 4 P
gc 1291 @11.277s 5%: 0.060+0.99+0.032 ms clock, 0.24+0.54/0.54/0+0.13 ms cpu, 3->3->1 MB, 4 MB goal, 0 MB stacks, 0 MB globals, 4 P
gc 1292 @11.283s 5%: 0.35+1.1+0.042 ms clock, 1.4+0.67/1.3/0.003+0.16 ms cpu, 3->3->1 MB, 4 MB goal, 0 MB stacks, 0 MB globals, 4 P
gc 1293 @11.289s 5%: 0.048+0.84+0.025 ms clock, 0.19+1.0/0.77/0+0.10 ms cpu, 3->3->1 MB, 4 MB goal, 0 MB stacks, 0 MB globals, 4 P
gc 1294 @11.294s 5%: 0.31+1.6+0.071 ms clock, 1.2+0.57/1.1/0.055+0.28 ms cpu, 3->3->1 MB, 4 MB goal, 0 MB stacks, 0 MB globals, 4 P
gc 1295 @11.300s 5%: 0.064+1.4+0.039 ms clock, 0.25+0.62/0.58/0+0.15 ms cpu, 3->3->1 MB, 4 MB goal, 0 MB stacks, 0 MB globals, 4 P
gc 1296 @11.306s 5%: 0.077+1.9+0.036 ms clock, 0.31+0.61/0.78/0+0.14 ms cpu, 3->3->1 MB, 4 MB goal, 0 MB stacks, 0 MB globals, 4 P
gc 1297 @11.311s 5%: 0.063+1.7+0.070 ms clock, 0.25+0.87/1.1/0+0.28 ms cpu, 3->3->1 MB, 4 MB goal, 0 MB stacks, 0 MB globals, 4 P
gc 1298 @11.317s 5%: 0.039+0.75+0.051 ms clock, 0.15+0.71/0.68/0+0.20 ms cpu, 3->3->1 MB, 4 MB goal, 0 MB stacks, 0 MB globals, 4 P
gc 1299 @11.322s 5%: 0.065+1.8+0.035 ms clock, 0.26+0.70/0.58/0+0.14 ms cpu, 3->3->1 MB, 4 MB goal, 0 MB stacks, 0 MB globals, 4 P
gc 1300 @11.328s 5%: 0.078+0.85+0.043 ms clock, 0.31+0.84/0.78/0+0.17 ms cpu, 3->3->1 MB, 4 MB goal, 0 MB stacks, 0 MB globals, 4 P
gc 1301 @11.334s 5%: 0.065+0.77+0.068 ms clock, 0.26+0.78/0.63/0+0.27 ms cpu, 3->3->1 MB, 4 MB goal, 0 MB stacks, 0 MB globals, 4 P
gc 1302 @11.339s 5%: 0.054+0.56+0.039 ms clock, 0.21+0.86/0.45/0+0.15 ms cpu, 3->3->1 MB, 4 MB goal, 0 MB stacks, 0 MB globals, 4 P
gc 1303 @11.344s 5%: 0.051+0.62+0.035 ms clock, 0.20+0.76/0.48/0+0.14 ms cpu, 3->3->1 MB, 4 MB goal, 0 MB stacks, 0 MB globals, 4 P
gc 1304 @11.350s 5%: 0.29+0.98+0.028 ms clock, 1.1+0.59/1.1/0+0.11 ms cpu, 3->3->1 MB, 4 MB goal, 0 MB stacks, 0 MB globals, 4 P
gc 1305 @11.355s 5%: 0.089+0.80+0.070 ms clock, 0.35+0.67/0.61/0+0.28 ms cpu, 3->3->1 MB, 4 MB goal, 0 MB stacks, 0 MB globals, 4 P
gc 1306 @11.361s 5%: 0.52+1.2+0.075 ms clock, 2.0+0.40/1.4/0+0.30 ms cpu, 3->3->1 MB, 4 MB goal, 0 MB stacks, 0 MB globals, 4 P
gc 1307 @11.367s 5%: 0.063+1.7+0.040 ms clock, 0.25+0.69/0.60/0+0.16 ms cpu, 3->3->1 MB, 4 MB goal, 0 MB stacks, 0 MB globals, 4 P
gc 1308 @11.373s 5%: 0.068+1.8+0.041 ms clock, 0.27+0.54/1.2/0+0.16 ms cpu, 3->3->1 MB, 4 MB goal, 0 MB stacks, 0 MB globals, 4 P
gc 1309 @11.379s 5%: 0.066+0.97+0.074 ms clock, 0.26+0.60/0.60/0+0.29 ms cpu, 3->3->1 MB, 4 MB goal, 0 MB stacks, 0 MB globals, 4 P
gc 1310 @11.384s 5%: 0.068+0.68+0.026 ms clock, 0.27+0.52/0.60/0+0.10 ms cpu, 3->3->1 MB, 4 MB goal, 0 MB stacks, 0 MB globals, 4 P
gc 1311 @11.390s 5%: 0.083+1.3+0.036 ms clock, 0.33+0.66/1.2/0.006+0.14 ms cpu, 3->3->1 MB, 4 MB goal, 0 MB stacks, 0 MB globals, 4 P
gc 1312 @11.395s 5%: 0.054+2.0+0.036 ms clock, 0.21+0.81/0.75/0+0.14 ms cpu, 3->3->1 MB, 4 MB goal, 0 MB stacks, 0 MB globals, 4 P
gc 1313 @11.401s 5%: 0.085+2.2+0.079 ms clock, 0.34+0.39/0.72/0+0.31 ms cpu, 3->3->1 MB, 4 MB goal, 0 MB stacks, 0 MB globals, 4 P
gc 1314 @11.407s 5%: 0.062+1.8+0.012 ms clock, 0.24+0.50/0.70/0+0.051 ms cpu, 3->3->1 MB, 4 MB goal, 0 MB stacks, 0 MB globals, 4 P
gc 1315 @11.413s 5%: 0.056+1.8+0.026 ms clock, 0.22+0.52/0.65/0+0.10 ms cpu, 3->3->1 MB, 4 MB goal, 0 MB stacks, 0 MB globals, 4 P
gc 1316 @11.418s 5%: 0.066+1.7+0.021 ms clock, 0.26+0.86/0.56/0+0.087 ms cpu, 3->3->1 MB, 4 MB goal, 0 MB stacks, 0 MB globals, 4 P
gc 1317 @11.424s 5%: 0.077+2.2+0.073 ms clock, 0.31+0.46/1.2/0+0.29 ms cpu, 3->3->1 MB, 4 MB goal, 0 MB stacks, 0 MB globals, 4 P
gc 1318 @11.430s 5%: 0.077+0.82+0.043 ms clock, 0.30+0.87/0.70/0+0.17 ms cpu, 3->3->1 MB, 4 MB goal, 0 MB stacks, 0 MB globals, 4 P
gc 1319 @11.436s 5%: 0.020+0.75+0.041 ms clock, 0.083+0.67/0.64/0+0.16 ms cpu, 3->3->1 MB, 4 MB goal, 0 MB stacks, 0 MB globals, 4 P
gc 1320 @11.441s 5%: 0.017+0.67+0.034 ms clock, 0.070+0.89/0.58/0+0.13 ms cpu, 3->3->1 MB, 4 MB goal, 0 MB stacks, 0 MB globals, 4 P
gc 1321 @11.446s 5%: 0.075+1.7+0.050 ms clock, 0.30+0.66/0.68/0+0.20 ms cpu, 3->3->1 MB, 4 MB goal, 0 MB stacks, 0 MB globals, 4 P
gc 1322 @11.452s 5%: 0.064+1.2+0.026 ms clock, 0.25+0.39/0.66/0+0.10 ms cpu, 3->3->1 MB, 4 MB goal, 0 MB stacks, 0 MB globals, 4 P
gc 1323 @11.458s 5%: 0.059+1.6+0.039 ms clock, 0.23+0.43/0.66/0+0.15 ms cpu, 3->3->1 MB, 4 MB goal, 0 MB stacks, 0 MB globals, 4 P
gc 1324 @11.464s 5%: 0.069+2.2+0.065 ms clock, 0.27+0.56/0.61/0+0.26 ms cpu, 3->4->1 MB, 4 MB goal, 0 MB stacks, 0 MB globals, 4 P
gc 1325 @11.469s 5%: 0.082+0.65+0.041 ms clock, 0.32+0.73/0.53/0+0.16 ms cpu, 3->3->1 MB, 4 MB goal, 0 MB stacks, 0 MB globals, 4 P
gc 1326 @11.475s 5%: 0.41+2.6+0.026 ms clock, 1.6+0.35/1.3/0.002+0.10 ms cpu, 3->4->1 MB, 4 MB goal, 0 MB stacks, 0 MB globals, 4 P
gc 1327 @11.481s 5%: 0.044+0.88+0.045 ms clock, 0.17+0.86/0.77/0+0.18 ms cpu, 3->3->1 MB, 4 MB goal, 0 MB stacks, 0 MB globals, 4 P
gc 1328 @11.487s 5%: 0.034+1.4+0.026 ms clock, 0.13+1.2/0/0+0.10 ms cpu, 3->3->1 MB, 4 MB goal, 0 MB stacks, 0 MB globals, 4 P
gc 1329 @11.492s 5%: 0.052+1.2+0.024 ms clock, 0.20+0.72/0.75/0.077+0.098 ms cpu, 3->3->1 MB, 4 MB goal, 0 MB stacks, 0 MB globals, 4 P
gc 1330 @11.498s 5%: 0.044+1.8+0.026 ms clock, 0.17+0.72/0.60/0+0.10 ms cpu, 3->3->1 MB, 4 MB goal, 0 MB stacks, 0 MB globals, 4 P
gc 1331 @11.503s 5%: 0.34+2.3+0.028 ms clock, 1.3+0.50/2.0/0.069+0.11 ms cpu, 3->4->1 MB, 4 MB goal, 0 MB stacks, 0 MB globals, 4 P
gc 1332 @11.509s 5%: 0.057+0.77+0.047 ms clock, 0.23+0.71/0.64/0+0.18 ms cpu, 3->3->1 MB, 4 MB goal, 0 MB stacks, 0 MB globals, 4 P
gc 1333 @11.514s 5%: 0.10+1.5+0.014 ms clock, 0.41+0.29/0.67/0+0.059 ms cpu, 3->3->1 MB, 4 MB goal, 0 MB stacks, 0 MB globals, 4 P
gc 1334 @11.520s 5%: 0.055+1.6+0.046 ms clock, 0.22+0.84/0.74/0+0.18 ms cpu, 3->3->1 MB, 4 MB goal, 0 MB stacks, 0 MB globals, 4 P
gc 1335 @11.526s 5%: 0.053+1.4+0.047 ms clock, 0.21+0.62/0.55/0+0.18 ms cpu, 3->3->1 MB, 4 MB goal, 0 MB stacks, 0 MB globals, 4 P
gc 1336 @11.531s 5%: 0.055+1.1+0.004 ms clock, 0.22+0.69/0.53/0+0.019 ms cpu, 3->3->1 MB, 4 MB goal, 0 MB stacks, 0 MB globals, 4 P
gc 1337 @11.537s 5%: 0.051+1.4+0.043 ms clock, 0.20+0.48/0.73/0+0.17 ms cpu, 3->3->1 MB, 4 MB goal, 0 MB stacks, 0 MB globals, 4 P
gc 1338 @11.543s 5%: 0.48+0.22+0.052 ms clock, 1.9+0.72/0.60/0+0.20 ms cpu, 3->3->1 MB, 4 MB goal, 0 MB stacks, 0 MB globals, 4 P
gc 1339 @11.548s 5%: 0.067+0.77+0.069 ms clock, 0.27+0.85/0.61/0+0.27 ms cpu, 3->3->1 MB, 4 MB goal, 0 MB stacks, 0 MB globals, 4 P
gc 1340 @11.554s 5%: 0.072+2.5+0.037 ms clock, 0.29+0.081/0.71/0+0.14 ms cpu, 3->3->1 MB, 4 MB goal, 0 MB stacks, 0 MB globals, 4 P
gc 1341 @11.560s 5%: 0.076+0.70+0.031 ms clock, 0.30+0.57/0.54/0+0.12 ms cpu, 3->3->1 MB, 4 MB goal, 0 MB stacks, 0 MB globals, 4 P
gc 1342 @11.565s 5%: 0.058+0.67+0.022 ms clock, 0.23+0.83/0.54/0+0.091 ms cpu, 3->3->1 MB, 4 MB goal, 0 MB stacks, 0 MB globals, 4 P
gc 1343 @11.571s 5%: 0.060+0.94+0.057 ms clock, 0.24+0.66/0.80/0+0.22 ms cpu, 3->3->1 MB, 4 MB goal, 0 MB stacks, 0 MB globals, 4 P
gc 1344 @11.576s 5%: 0.025+0.70+0.035 ms clock, 0.10+0.57/0.55/0+0.14 ms cpu, 3->3->1 MB, 4 MB goal, 0 MB stacks, 0 MB globals, 4 P
gc 1345 @11.582s 5%: 0.095+1.5+0.030 ms clock, 0.38+0.63/0.69/0+0.12 ms cpu, 3->3->1 MB, 4 MB goal, 0 MB stacks, 0 MB globals, 4 P
gc 1346 @11.587s 5%: 0.34+1.0+0.075 ms clock, 1.3+0.41/1.2/0.001+0.30 ms cpu, 3->3->1 MB, 4 MB goal, 0 MB stacks, 0 MB globals, 4 P
gc 1347 @11.593s 5%: 0.066+0.84+0.057 ms clock, 0.26+0.68/0.62/0+0.23 ms cpu, 3->3->1 MB, 4 MB goal, 0 MB stacks, 0 MB globals, 4 P
gc 1348 @11.598s 5%: 0.38+0.95+0.021 ms clock, 1.5+0.33/1.2/0+0.084 ms cpu, 3->3->1 MB, 4 MB goal, 0 MB stacks, 0 MB globals, 4 P
gc 1349 @11.605s 5%: 0.14+0.62+0.027 ms clock, 0.59+0.84/0.52/0+0.11 ms cpu, 3->3->1 MB, 4 MB goal, 0 MB stacks, 0 MB globals, 4 P
gc 1350 @11.610s 5%: 0.095+1.8+0.071 ms clock, 0.38+0.49/0.72/0+0.28 ms cpu, 3->3->1 MB, 4 MB goal, 0 MB stacks, 0 MB globals, 4 P
gc 1351 @11.616s 5%: 0.048+1.0+0.058 ms clock, 0.19+0.59/0.88/0+0.23 ms cpu, 3->3->1 MB, 4 MB goal, 0 MB stacks, 0 MB globals, 4 P
gc 1352 @11.622s 5%: 0.062+1.4+0.021 ms clock, 0.24+0.41/0.71/0+0.087 ms cpu, 3->3->1 MB, 4 MB goal, 0 MB stacks, 0 MB globals, 4 P
gc 1353 @11.627s 5%: 0.051+0.62+0.026 ms clock, 0.20+0.70/0.54/0+0.10 ms cpu, 3->3->1 MB, 4 MB goal, 0 MB stacks, 0 MB globals, 4 P
gc 1354 @11.633s 5%: 0.11+0.75+0.019 ms clock, 0.47+0.72/0.62/0+0.079 ms cpu, 3->3->1 MB, 4 MB goal, 0 MB stacks, 0 MB globals, 4 P
gc 1355 @11.638s 5%: 0.066+0.61+0.037 ms clock, 0.26+0.92/0.54/0+0.14 ms cpu, 3->3->1 MB, 4 MB goal, 0 MB stacks, 0 MB globals, 4 P
gc 1356 @11.644s 5%: 1.9+1.2+0.064 ms clock, 7.9+0.55/2.0/0+0.25 ms cpu, 3->3->1 MB, 4 MB goal, 0 MB stacks, 0 MB globals, 4 P
gc 1357 @11.650s 5%: 0.24+1.9+0.019 ms clock, 0.96+0.78/2.0/0+0.076 ms cpu, 3->4->1 MB, 4 MB goal, 0 MB stacks, 0 MB globals, 4 P
gc 1358 @11.655s 5%: 0.091+1.3+0.035 ms clock, 0.36+0.69/1.2/0+0.14 ms cpu, 3->3->1 MB, 4 MB goal, 0 MB stacks, 0 MB globals, 4 P
gc 1359 @11.661s 5%: 0.048+0.70+0.037 ms clock, 0.19+0.65/0.59/0+0.14 ms cpu, 3->3->1 MB, 4 MB goal, 0 MB stacks, 0 MB globals, 4 P
gc 1360 @11.666s 5%: 0.059+0.69+0.032 ms clock, 0.23+0.93/0.58/0.026+0.12 ms cpu, 3->3->1 MB, 4 MB goal, 0 MB stacks, 0 MB globals, 4 P
gc 1361 @11.672s 5%: 0.080+1.1+0.045 ms clock, 0.32+1.0/1.0/0+0.18 ms cpu, 3->3->1 MB, 4 MB goal, 0 MB stacks, 0 MB globals, 4 P
gc 1362 @11.677s 5%: 2.8+0.68+0.027 ms clock, 11+0.55/2.8/0+0.11 ms cpu, 3->3->1 MB, 4 MB goal, 0 MB stacks, 0 MB globals, 4 P
gc 1363 @11.683s 5%: 0.037+0.67+0.035 ms clock, 0.15+0.89/0.53/0+0.14 ms cpu, 3->3->1 MB, 4 MB goal, 0 MB stacks, 0 MB globals, 4 P
gc 1364 @11.689s 5%: 2.5+0.33+0.064 ms clock, 10+1.1/2.6/0+0.25 ms cpu, 3->3->1 MB, 4 MB goal, 0 MB stacks, 0 MB globals, 4 P
gc 1365 @11.695s 5%: 0.094+0.66+0.079 ms clock, 0.37+0.83/0.53/0+0.31 ms cpu, 3->3->1 MB, 4 MB goal, 0 MB stacks, 0 MB globals, 4 P
gc 1366 @11.700s 5%: 0.39+1.3+0.035 ms clock, 1.5+0.36/1.1/0.11+0.14 ms cpu, 3->3->1 MB, 4 MB goal, 0 MB stacks, 0 MB globals, 4 P
gc 1367 @11.706s 5%: 0.042+1.0+0.035 ms clock, 0.16+0.58/0.51/0+0.14 ms cpu, 3->3->1 MB, 4 MB goal, 0 MB stacks, 0 MB globals, 4 P
gc 1368 @11.711s 5%: 0.11+1.0+0.021 ms clock, 0.44+0.78/0.87/0+0.087 ms cpu, 3->3->1 MB, 4 MB goal, 0 MB stacks, 0 MB globals, 4 P
gc 1369 @11.717s 5%: 0.076+0.61+0.030 ms clock, 0.30+0.91/0.50/0+0.12 ms cpu, 3->3->1 MB, 4 MB goal, 0 MB stacks, 0 MB globals, 4 P
gc 1370 @11.722s 5%: 0.052+1.6+0.040 ms clock, 0.21+0.68/0.58/0+0.16 ms cpu, 3->3->1 MB, 4 MB goal, 0 MB stacks, 0 MB globals, 4 P
gc 1371 @11.728s 5%: 0.067+0.79+0.027 ms clock, 0.27+0.68/0.62/0+0.10 ms cpu, 3->3->1 MB, 4 MB goal, 0 MB stacks, 0 MB globals, 4 P
gc 1372 @11.734s 5%: 0.074+2.1+0.061 ms clock, 0.29+1.0/1.3/0.058+0.24 ms cpu, 3->3->1 MB, 4 MB goal, 0 MB stacks, 0 MB globals, 4 P
gc 1373 @11.740s 5%: 0.019+1.6+0.081 ms clock, 0.076+0.73/1.2/0.18+0.32 ms cpu, 3->4->1 MB, 4 MB goal, 0 MB stacks, 0 MB globals, 4 P
gc 1374 @11.746s 5%: 0.042+0.90+0.022 ms clock, 0.17+0.64/0.71/0+0.088 ms cpu, 3->3->1 MB, 4 MB goal, 0 MB stacks, 0 MB globals, 4 P
gc 1375 @11.751s 5%: 0.060+2.2+0.087 ms clock, 0.24+0.25/0.76/0+0.35 ms cpu, 3->3->1 MB, 4 MB goal, 0 MB stacks, 0 MB globals, 4 P
gc 1376 @11.757s 5%: 0.073+1.5+0.044 ms clock, 0.29+1.1/0.069/0+0.17 ms cpu, 3->3->1 MB, 4 MB goal, 0 MB stacks, 0 MB globals, 4 P
gc 1377 @11.763s 5%: 0.067+1.9+0.046 ms clock, 0.26+0.74/1.1/0.005+0.18 ms cpu, 3->3->1 MB, 4 MB goal, 0 MB stacks, 0 MB globals, 4 P
gc 1378 @11.768s 5%: 0.055+1.2+0.018 ms clock, 0.22+0.90/0.39/0+0.072 ms cpu, 3->3->1 MB, 4 MB goal, 0 MB stacks, 0 MB globals, 4 P
gc 1379 @11.774s 5%: 0.066+1.5+0.094 ms clock, 0.26+0.69/0.54/0+0.37 ms cpu, 3->3->1 MB, 4 MB goal, 0 MB stacks, 0 MB globals, 4 P
gc 1380 @11.780s 5%: 0.051+2.5+0.050 ms clock, 0.20+2.5/0.78/0+0.20 ms cpu, 3->3->1 MB, 4 MB goal, 0 MB stacks, 0 MB globals, 4 P
gc 1381 @11.786s 5%: 0.061+2.1+0.026 ms clock, 0.24+0.64/0.74/0+0.10 ms cpu, 3->4->1 MB, 4 MB goal, 0 MB stacks, 0 MB globals, 4 P
gc 1382 @11.792s 5%: 0.087+2.2+0.064 ms clock, 0.35+0.48/0.68/0+0.25 ms cpu, 3->4->1 MB, 4 MB goal, 0 MB stacks, 0 MB globals, 4 P
gc 1383 @11.797s 5%: 0.053+2.1+0.014 ms clock, 0.21+0.70/0.74/0+0.056 ms cpu, 3->3->1 MB, 4 MB goal, 0 MB stacks, 0 MB globals, 4 P
gc 1384 @11.803s 5%: 0.39+0.72+0.025 ms clock, 1.5+0.44/1.0/0+0.10 ms cpu, 3->3->1 MB, 4 MB goal, 0 MB stacks, 0 MB globals, 4 P
gc 1385 @11.809s 5%: 0.064+2.0+0.003 ms clock, 0.25+0.55/0.67/0+0.012 ms cpu, 3->3->1 MB, 4 MB goal, 0 MB stacks, 0 MB globals, 4 P
gc 1386 @11.815s 5%: 0.049+1.7+0.034 ms clock, 0.19+0.73/0.52/0+0.13 ms cpu, 3->3->1 MB, 4 MB goal, 0 MB stacks, 0 MB globals, 4 P
gc 1387 @11.820s 5%: 0.087+0.66+0.029 ms clock, 0.35+0.82/0.60/0+0.11 ms cpu, 3->3->1 MB, 4 MB goal, 0 MB stacks, 0 MB globals, 4 P
gc 1388 @11.826s 5%: 0.039+0.84+0.052 ms clock, 0.15+0.58/0.70/0+0.20 ms cpu, 3->3->1 MB, 4 MB goal, 0 MB stacks, 0 MB globals, 4 P
gc 1389 @11.831s 5%: 0.081+1.4+0.049 ms clock, 0.32+0.97/0.65/0+0.19 ms cpu, 3->3->1 MB, 4 MB goal, 0 MB stacks, 0 MB globals, 4 P
gc 1390 @11.837s 5%: 0.050+0.88+0.024 ms clock, 0.20+0.48/0.58/0+0.097 ms cpu, 3->3->1 MB, 4 MB goal, 0 MB stacks, 0 MB globals, 4 P
gc 1391 @11.842s 5%: 0.33+1.1+0.067 ms clock, 1.3+0.76/1.2/0+0.27 ms cpu, 3->3->1 MB, 4 MB goal, 0 MB stacks, 0 MB globals, 4 P
gc 1392 @11.848s 5%: 0.054+0.73+0.037 ms clock, 0.21+1.0/0.19/0+0.15 ms cpu, 3->3->1 MB, 4 MB goal, 0 MB stacks, 0 MB globals, 4 P
gc 1393 @11.853s 5%: 0.068+1.0+0.037 ms clock, 0.27+0.45/0.74/0+0.15 ms cpu, 3->3->1 MB, 4 MB goal, 0 MB stacks, 0 MB globals, 4 P
gc 1394 @11.859s 5%: 0.058+1.3+0.051 ms clock, 0.23+0.46/0.50/0+0.20 ms cpu, 3->3->1 MB, 4 MB goal, 0 MB stacks, 0 MB globals, 4 P
gc 1395 @11.864s 5%: 0.059+0.70+0.025 ms clock, 0.23+0.57/0.58/0+0.10 ms cpu, 3->3->1 MB, 4 MB goal, 0 MB stacks, 0 MB globals, 4 P
gc 1396 @11.870s 5%: 0.036+1.6+0.027 ms clock, 0.14+0.87/0.52/0+0.10 ms cpu, 3->3->1 MB, 4 MB goal, 0 MB stacks, 0 MB globals, 4 P
gc 1397 @11.875s 5%: 0.043+0.89+0.042 ms clock, 0.17+0.86/0.72/0+0.17 ms cpu, 3->3->1 MB, 4 MB goal, 0 MB stacks, 0 MB globals, 4 P
gc 1398 @11.881s 5%: 0.067+0.71+0.043 ms clock, 0.27+0.84/0.57/0+0.17 ms cpu, 3->3->1 MB, 4 MB goal, 0 MB stacks, 0 MB globals, 4 P
gc 1399 @11.886s 5%: 0.059+0.75+0.044 ms clock, 0.23+0.78/0.58/0+0.17 ms cpu, 3->3->1 MB, 4 MB goal, 0 MB stacks, 0 MB globals, 4 P
gc 1400 @11.892s 5%: 0.066+1.6+0.098 ms clock, 0.26+0.58/0.69/0+0.39 ms cpu, 3->3->1 MB, 4 MB goal, 0 MB stacks, 0 MB globals, 4 P
gc 1401 @11.898s 5%: 0.072+1.7+0.063 ms clock, 0.29+1.0/0.67/0+0.25 ms cpu, 3->3->1 MB, 4 MB goal, 0 MB stacks, 0 MB globals, 4 P
gc 1402 @11.903s 5%: 0.056+0.66+0.023 ms clock, 0.22+0.82/0.52/0+0.092 ms cpu, 3->3->1 MB, 4 MB goal, 0 MB stacks, 0 MB globals, 4 P
gc 1403 @11.909s 5%: 0.071+0.73+0.038 ms clock, 0.28+0.89/0.61/0+0.15 ms cpu, 3->3->1 MB, 4 MB goal, 0 MB stacks, 0 MB globals, 4 P
gc 1404 @11.914s 5%: 0.059+1.9+0.004 ms clock, 0.23+0.48/0.55/0+0.017 ms cpu, 3->3->1 MB, 4 MB goal, 0 MB stacks, 0 MB globals, 4 P
gc 1405 @11.920s 5%: 0.049+0.92+0.056 ms clock, 0.19+0.86/0.77/0+0.22 ms cpu, 3->3->1 MB, 4 MB goal, 0 MB stacks, 0 MB globals, 4 P
gc 1406 @11.925s 5%: 0.11+1.9+0.028 ms clock, 0.46+0.53/0.60/0+0.11 ms cpu, 3->3->1 MB, 4 MB goal, 0 MB stacks, 0 MB globals, 4 P
gc 1407 @11.931s 5%: 0.052+1.6+0.032 ms clock, 0.21+1.1/1.3/0+0.12 ms cpu, 3->3->1 MB, 4 MB goal, 0 MB stacks, 0 MB globals, 4 P
gc 1408 @11.937s 5%: 0.075+1.5+0.042 ms clock, 0.30+0.34/0.77/0+0.17 ms cpu, 3->3->1 MB, 4 MB goal, 0 MB stacks, 0 MB globals, 4 P
gc 1409 @11.942s 5%: 0.075+0.90+0.051 ms clock, 0.30+0.75/0.71/0+0.20 ms cpu, 3->3->1 MB, 4 MB goal, 0 MB stacks, 0 MB globals, 4 P
gc 1410 @11.948s 5%: 0.071+0.82+0.029 ms clock, 0.28+0.66/0.70/0+0.11 ms cpu, 3->3->1 MB, 4 MB goal, 0 MB stacks, 0 MB globals, 4 P
gc 1411 @11.953s 5%: 0.33+1.9+0.095 ms clock, 1.3+2.1/0.92/0+0.38 ms cpu, 3->3->1 MB, 4 MB goal, 0 MB stacks, 0 MB globals, 4 P
gc 1412 @11.959s 5%: 0.063+1.3+0.085 ms clock, 0.25+0.64/0.53/0+0.34 ms cpu, 3->3->1 MB, 4 MB goal, 0 MB stacks, 0 MB globals, 4 P
gc 1413 @11.965s 5%: 0.057+0.83+0.051 ms clock, 0.23+0.81/0.67/0+0.20 ms cpu, 3->3->1 MB, 4 MB goal, 0 MB stacks, 0 MB globals, 4 P
gc 1414 @11.970s 5%: 0.16+1.8+0.047 ms clock, 0.64+0.59/0.74/0+0.19 ms cpu, 3->3->1 MB, 4 MB goal, 0 MB stacks, 0 MB globals, 4 P
gc 1415 @11.976s 5%: 0.039+1.1+0.033 ms clock, 0.15+0.73/0.62/0+0.13 ms cpu, 3->3->1 MB, 4 MB goal, 0 MB stacks, 0 MB globals, 4 P
gc 1416 @11.981s 5%: 0.044+0.69+0.072 ms clock, 0.17+0.78/0.61/0+0.29 ms cpu, 3->3->1 MB, 4 MB goal, 0 MB stacks, 0 MB globals, 4 P
gc 1417 @11.987s 5%: 0.080+1.4+0.061 ms clock, 0.32+0.42/0.69/0+0.24 ms cpu, 3->3->1 MB, 4 MB goal, 0 MB stacks, 0 MB globals, 4 P
gc 1418 @11.992s 5%: 0.11+1.2+0.085 ms clock, 0.46+0.94/0.47/0+0.34 ms cpu, 3->3->1 MB, 4 MB goal, 0 MB stacks, 0 MB globals, 4 P
gc 1419 @11.998s 5%: 0.093+1.7+0.042 ms clock, 0.37+0.66/0.64/0+0.16 ms cpu, 3->3->1 MB, 4 MB goal, 0 MB stacks, 0 MB globals, 4 P
gc 1420 @12.004s 5%: 0.048+0.69+0.032 ms clock, 0.19+0.50/0.63/0+0.13 ms cpu, 3->3->1 MB, 4 MB goal, 0 MB stacks, 0 MB globals, 4 P
gc 1421 @12.009s 5%: 0.063+1.5+0.037 ms clock, 0.25+0.55/0.69/0+0.15 ms cpu, 3->3->1 MB, 4 MB goal, 0 MB stacks, 0 MB globals, 4 P
gc 1422 @12.014s 5%: 0.098+1.3+0.027 ms clock, 0.39+0.37/0.73/0+0.11 ms cpu, 3->3->1 MB, 4 MB goal, 0 MB stacks, 0 MB globals, 4 P
gc 1423 @12.020s 5%: 0.13+1.8+0.003 ms clock, 0.53+0.36/0.74/0+0.012 ms cpu, 3->3->1 MB, 4 MB goal, 0 MB stacks, 0 MB globals, 4 P
gc 1424 @12.026s 5%: 0.078+0.70+0.052 ms clock, 0.31+0.60/0.63/0+0.20 ms cpu, 3->3->1 MB, 4 MB goal, 0 MB stacks, 0 MB globals, 4 P
gc 1425 @12.032s 5%: 0.065+0.88+0.042 ms clock, 0.26+0.65/0.77/0+0.17 ms cpu, 3->3->1 MB, 4 MB goal, 0 MB stacks, 0 MB globals, 4 P
gc 1426 @12.038s 5%: 0.096+0.67+0.051 ms clock, 0.38+0.91/0.59/0+0.20 ms cpu, 3->3->1 MB, 4 MB goal, 0 MB stacks, 0 MB globals, 4 P
gc 1427 @12.043s 5%: 0.046+0.62+0.023 ms clock, 0.18+0.74/0.52/0+0.094 ms cpu, 3->3->1 MB, 4 MB goal, 0 MB stacks, 0 MB globals, 4 P
gc 1428 @12.049s 5%: 0.068+2.7+0.082 ms clock, 0.27+0.58/0.82/0+0.33 ms cpu, 3->4->1 MB, 4 MB goal, 0 MB stacks, 0 MB globals, 4 P
gc 1429 @12.056s 5%: 0.040+1.9+0.045 ms clock, 0.16+0.87/0.65/0+0.18 ms cpu, 3->4->1 MB, 4 MB goal, 0 MB stacks, 0 MB globals, 4 P
gc 1430 @12.061s 5%: 0.061+0.80+0.032 ms clock, 0.24+0.83/0.61/0+0.13 ms cpu, 3->3->1 MB, 4 MB goal, 0 MB stacks, 0 MB globals, 4 P
gc 1431 @12.067s 5%: 1.4+0.45+0.054 ms clock, 5.9+0.54/1.7/0+0.21 ms cpu, 3->3->1 MB, 4 MB goal, 0 MB stacks, 0 MB globals, 4 P
gc 1432 @12.072s 5%: 0.069+0.96+0.037 ms clock, 0.27+0.76/0.72/0+0.15 ms cpu, 3->3->1 MB, 4 MB goal, 0 MB stacks, 0 MB globals, 4 P
gc 1433 @12.078s 5%: 0.075+0.77+0.025 ms clock, 0.30+0.86/0.64/0+0.10 ms cpu, 3->3->1 MB, 4 MB goal, 0 MB stacks, 0 MB globals, 4 P
gc 1434 @12.083s 5%: 0.039+1.1+0.080 ms clock, 0.15+0.33/0.68/0+0.32 ms cpu, 3->3->1 MB, 4 MB goal, 0 MB stacks, 0 MB globals, 4 P
gc 1435 @12.089s 5%: 0.047+0.58+0.032 ms clock, 0.18+0.93/0.49/0+0.13 ms cpu, 3->3->1 MB, 4 MB goal, 0 MB stacks, 0 MB globals, 4 P
gc 1436 @12.095s 5%: 0.047+1.9+0.027 ms clock, 0.19+0.42/0.68/0+0.10 ms cpu, 3->3->1 MB, 4 MB goal, 0 MB stacks, 0 MB globals, 4 P
gc 1437 @12.100s 5%: 0.020+1.3+0.024 ms clock, 0.081+0.56/0.53/0+0.097 ms cpu, 3->3->1 MB, 4 MB goal, 0 MB stacks, 0 MB globals, 4 P
gc 1438 @12.106s 5%: 0.39+1.8+0.009 ms clock, 1.5+0.34/1.3/0+0.037 ms cpu, 3->3->1 MB, 4 MB goal, 0 MB stacks, 0 MB globals, 4 P
gc 1439 @12.112s 5%: 0.046+0.67+0.023 ms clock, 0.18+0.68/0.54/0+0.095 ms cpu, 3->3->1 MB, 4 MB goal, 0 MB stacks, 0 MB globals, 4 P
gc 1440 @12.117s 5%: 0.087+1.6+0.005 ms clock, 0.34+0.62/0.64/0+0.023 ms cpu, 3->3->1 MB, 4 MB goal, 0 MB stacks, 0 MB globals, 4 P
gc 1441 @12.123s 5%: 0.078+0.73+0.025 ms clock, 0.31+0.59/0.61/0+0.10 ms cpu, 3->3->1 MB, 4 MB goal, 0 MB stacks, 0 MB globals, 4 P
gc 1442 @12.128s 5%: 0.42+2.3+0.031 ms clock, 1.6+0.24/2.0/0+0.12 ms cpu, 3->4->1 MB, 4 MB goal, 0 MB stacks, 0 MB globals, 4 P
gc 1443 @12.135s 5%: 0.096+0.84+0.050 ms clock, 0.38+0.61/0.57/0+0.20 ms cpu, 3->3->1 MB, 4 MB goal, 0 MB stacks, 0 MB globals, 4 P
gc 1444 @12.141s 5%: 0.047+1.1+0.038 ms clock, 0.19+0.41/0.72/0+0.15 ms cpu, 3->3->1 MB, 4 MB goal, 0 MB stacks, 0 MB globals, 4 P
gc 1445 @12.146s 5%: 0.085+2.1+0.021 ms clock, 0.34+0.47/0.63/0+0.085 ms cpu, 3->3->1 MB, 4 MB goal, 0 MB stacks, 0 MB globals, 4 P
gc 1446 @12.152s 5%: 0.10+0.93+0.066 ms clock, 0.40+0.91/0.54/0+0.26 ms cpu, 3->3->1 MB, 4 MB goal, 0 MB stacks, 0 MB globals, 4 P
gc 1447 @12.158s 5%: 0.056+0.83+0.041 ms clock, 0.22+1.0/0.67/0+0.16 ms cpu, 3->3->1 MB, 4 MB goal, 0 MB stacks, 0 MB globals, 4 P
gc 1448 @12.163s 5%: 0.046+0.79+0.064 ms clock, 0.18+0.82/0.63/0+0.25 ms cpu, 3->3->1 MB, 4 MB goal, 0 MB stacks, 0 MB globals, 4 P
gc 1449 @12.169s 5%: 0.076+1.2+0.072 ms clock, 0.30+0.50/0.53/0+0.28 ms cpu, 3->3->1 MB, 4 MB goal, 0 MB stacks, 0 MB globals, 4 P
gc 1450 @12.174s 5%: 0.090+7.2+0.076 ms clock, 0.36+11/0.95/0+0.30 ms cpu, 3->5->2 MB, 4 MB goal, 0 MB stacks, 0 MB globals, 4 P
gc 1451 @12.185s 5%: 0.045+0.79+0.023 ms clock, 0.18+0.77/0.69/0+0.094 ms cpu, 5->5->1 MB, 6 MB goal, 0 MB stacks, 0 MB globals, 4 P
gc 1452 @12.191s 5%: 0.069+2.1+0.044 ms clock, 0.27+0.87/0.65/0+0.17 ms cpu, 3->3->1 MB, 4 MB goal, 0 MB stacks, 0 MB globals, 4 P
gc 1453 @12.197s 5%: 0.074+0.89+0.054 ms clock, 0.29+0.64/0.80/0+0.21 ms cpu, 3->3->1 MB, 4 MB goal, 0 MB stacks, 0 MB globals, 4 P
gc 1454 @12.202s 5%: 0.054+0.66+0.036 ms clock, 0.21+0.93/0.58/0+0.14 ms cpu, 3->3->1 MB, 4 MB goal, 0 MB stacks, 0 MB globals, 4 P
gc 1455 @12.208s 5%: 0.60+0.62+0.067 ms clock, 2.4+0.27/0.97/0+0.27 ms cpu, 3->3->1 MB, 4 MB goal, 0 MB stacks, 0 MB globals, 4 P
gc 1456 @12.213s 5%: 0.054+0.74+0.025 ms clock, 0.21+0.85/0.59/0+0.10 ms cpu, 3->3->1 MB, 4 MB goal, 0 MB stacks, 0 MB globals, 4 P
gc 1457 @12.219s 5%: 0.054+1.2+0.036 ms clock, 0.21+0.95/0.21/0+0.14 ms cpu, 3->3->1 MB, 4 MB goal, 0 MB stacks, 0 MB globals, 4 P
gc 1458 @12.224s 5%: 0.059+1.2+0.072 ms clock, 0.23+0.60/0.80/0+0.29 ms cpu, 3->3->1 MB, 4 MB goal, 0 MB stacks, 0 MB globals, 4 P
gc 1459 @12.230s 5%: 0.11+1.2+0.025 ms clock, 0.46+0.52/0.55/0+0.10 ms cpu, 3->3->1 MB, 4 MB goal, 0 MB stacks, 0 MB globals, 4 P
gc 1460 @12.235s 5%: 0.34+1.5+0.058 ms clock, 1.3+0.77/1.6/0.008+0.23 ms cpu, 3->3->1 MB, 4 MB goal, 0 MB stacks, 0 MB globals, 4 P
gc 1461 @12.241s 5%: 0.068+0.97+0.054 ms clock, 0.27+0.82/0.77/0+0.21 ms cpu, 3->3->1 MB, 4 MB goal, 0 MB stacks, 0 MB globals, 4 P
gc 1462 @12.247s 5%: 0.050+0.80+0.024 ms clock, 0.20+0.74/0.59/0+0.098 ms cpu, 3->3->1 MB, 4 MB goal, 0 MB stacks, 0 MB globals, 4 P
gc 1463 @12.252s 5%: 0.054+0.66+0.047 ms clock, 0.21+0.80/0.58/0+0.18 ms cpu, 3->3->1 MB, 4 MB goal, 0 MB stacks, 0 MB globals, 4 P
gc 1464 @12.258s 5%: 0.063+1.4+0.032 ms clock, 0.25+0.42/0.71/0+0.12 ms cpu, 3->3->1 MB, 4 MB goal, 0 MB stacks, 0 MB globals, 4 P
gc 1465 @12.263s 5%: 0.054+1.8+0.047 ms clock, 0.21+0.63/0.59/0+0.19 ms cpu, 3->3->1 MB, 4 MB goal, 0 MB stacks, 0 MB globals, 4 P
gc 1466 @12.269s 5%: 0.43+1.0+0.046 ms clock, 1.7+0.57/1.2/0+0.18 ms cpu, 3->3->1 MB, 4 MB goal, 0 MB stacks, 0 MB globals, 4 P
gc 1467 @12.275s 5%: 0.051+0.62+0.063 ms clock, 0.20+0.81/0.51/0+0.25 ms cpu, 3->3->1 MB, 4 MB goal, 0 MB stacks, 0 MB globals, 4 P
gc 1468 @12.280s 5%: 0.098+0.59+0.043 ms clock, 0.39+0.85/0.45/0+0.17 ms cpu, 3->3->1 MB, 4 MB goal, 0 MB stacks, 0 MB globals, 4 P
gc 1469 @12.286s 5%: 0.049+0.71+0.037 ms clock, 0.19+0.78/0.51/0+0.15 ms cpu, 3->3->1 MB, 4 MB goal, 0 MB stacks, 0 MB globals, 4 P
gc 1470 @12.292s 5%: 1.1+0.88+0.023 ms clock, 4.5+0.73/1.3/0+0.095 ms cpu, 3->3->1 MB, 4 MB goal, 0 MB stacks, 0 MB globals, 4 P
gc 1471 @12.297s 5%: 0.059+0.68+0.023 ms clock, 0.23+0.67/0.60/0+0.092 ms cpu, 3->3->1 MB, 4 MB goal, 0 MB stacks, 0 MB globals, 4 P
gc 1472 @12.303s 5%: 0.34+1.3+0.024 ms clock, 1.3+0.46/1.5/0+0.097 ms cpu, 3->3->1 MB, 4 MB goal, 0 MB stacks, 0 MB globals, 4 P
gc 1473 @12.308s 5%: 0.49+0.88+0.048 ms clock, 1.9+1.0/0.68/0+0.19 ms cpu, 3->3->1 MB, 4 MB goal, 0 MB stacks, 0 MB globals, 4 P
gc 1474 @12.314s 5%: 0.34+1.8+0.033 ms clock, 1.3+0.57/1.5/0+0.13 ms cpu, 3->3->1 MB, 4 MB goal, 0 MB stacks, 0 MB globals, 4 P
gc 1475 @12.320s 5%: 0.053+1.8+0.020 ms clock, 0.21+0.95/1.2/0+0.083 ms cpu, 3->3->1 MB, 4 MB goal, 0 MB stacks, 0 MB globals, 4 P
gc 1476 @12.326s 5%: 0.056+0.70+0.027 ms clock, 0.22+0.80/0.57/0+0.11 ms cpu, 3->3->1 MB, 4 MB goal, 0 MB stacks, 0 MB globals, 4 P
gc 1477 @12.331s 5%: 0.38+0.75+0.082 ms clock, 1.5+0.31/1.0/0+0.33 ms cpu, 3->3->1 MB, 4 MB goal, 0 MB stacks, 0 MB globals, 4 P
gc 1478 @12.337s 5%: 0.063+1.8+0.004 ms clock, 0.25+1.1/0.005/0+0.019 ms cpu, 3->3->1 MB, 4 MB goal, 0 MB stacks, 0 MB globals, 4 P
gc 1479 @12.342s 5%: 0.035+2.4+0.038 ms clock, 0.14+0.77/2.0/0+0.15 ms cpu, 3->3->1 MB, 4 MB goal, 0 MB stacks, 0 MB globals, 4 P
gc 1480 @12.348s 5%: 0.061+0.74+0.019 ms clock, 0.24+0.71/0.64/0+0.079 ms cpu, 3->3->1 MB, 4 MB goal, 0 MB stacks, 0 MB globals, 4 P
gc 1481 @12.353s 5%: 0.099+0.62+0.027 ms clock, 0.39+0.81/0.47/0+0.11 ms cpu, 3->3->1 MB, 4 MB goal, 0 MB stacks, 0 MB globals, 4 P
gc 1482 @12.359s 5%: 0.073+3.0+0.048 ms clock, 0.29+0.68/0.63/0+0.19 ms cpu, 3->4->1 MB, 4 MB goal, 0 MB stacks, 0 MB globals, 4 P
gc 1483 @12.365s 5%: 0.065+0.59+0.024 ms clock, 0.26+0.86/0.50/0+0.098 ms cpu, 3->3->1 MB, 4 MB goal, 0 MB stacks, 0 MB globals, 4 P
gc 1484 @12.370s 5%: 0.067+1.1+0.082 ms clock, 0.27+0.74/0.77/0+0.32 ms cpu, 3->3->1 MB, 4 MB goal, 0 MB stacks, 0 MB globals, 4 P
gc 1485 @12.376s 5%: 0.074+0.84+0.005 ms clock, 0.29+0.94/0.73/0+0.023 ms cpu, 3->3->1 MB, 4 MB goal, 0 MB stacks, 0 MB globals, 4 P
gc 1486 @12.381s 5%: 0.043+0.63+0.063 ms clock, 0.17+0.96/0.52/0+0.25 ms cpu, 3->3->1 MB, 4 MB goal, 0 MB stacks, 0 MB globals, 4 P
gc 1487 @12.387s 5%: 0.35+0.94+0.069 ms clock, 1.4+0.59/1.1/0+0.27 ms cpu, 3->3->1 MB, 4 MB goal, 0 MB stacks, 0 MB globals, 4 P
gc 1488 @12.393s 5%: 0.087+0.93+0.065 ms clock, 0.35+0.75/0.82/0+0.26 ms cpu, 3->3->1 MB, 4 MB goal, 0 MB stacks, 0 MB globals, 4 P
gc 1489 @12.398s 5%: 0.057+0.64+0.026 ms clock, 0.23+0.86/0.54/0+0.10 ms cpu, 3->3->1 MB, 4 MB goal, 0 MB stacks, 0 MB globals, 4 P
gc 1490 @12.403s 5%: 0.064+0.75+0.048 ms clock, 0.25+0.79/0.61/0+0.19 ms cpu, 3->3->1 MB, 4 MB goal, 0 MB stacks, 0 MB globals, 4 P
gc 1491 @12.409s 5%: 0.48+1.2+0.027 ms clock, 1.9+0.37/1.6/0+0.10 ms cpu, 3->3->1 MB, 4 MB goal, 0 MB stacks, 0 MB globals, 4 P
gc 1492 @12.415s 5%: 0.047+1.6+0.004 ms clock, 0.18+0.40/0.57/0+0.016 ms cpu, 3->3->1 MB, 4 MB goal, 0 MB stacks, 0 MB globals, 4 P
gc 1493 @12.420s 5%: 0.049+1.9+0.047 ms clock, 0.19+0.60/0.53/0+0.19 ms cpu, 3->3->1 MB, 4 MB goal, 0 MB stacks, 0 MB globals, 4 P
gc 1494 @12.426s 5%: 0.052+2.2+0.059 ms clock, 0.20+1.2/0.083/0+0.23 ms cpu, 3->3->1 MB, 4 MB goal, 0 MB stacks, 0 MB globals, 4 P
gc 1495 @12.432s 5%: 0.096+2.3+0.047 ms clock, 0.38+0.75/1.9/0+0.18 ms cpu, 3->3->1 MB, 4 MB goal, 0 MB stacks, 0 MB globals, 4 P
gc 1496 @12.438s 5%: 0.073+2.0+0.029 ms clock, 0.29+0.71/1.5/0+0.11 ms cpu, 3->4->1 MB, 4 MB goal, 0 MB stacks, 0 MB globals, 4 P
gc 1497 @12.443s 5%: 0.25+1.5+0.020 ms clock, 1.0+0.74/1.6/0.039+0.080 ms cpu, 3->3->1 MB, 4 MB goal, 0 MB stacks, 0 MB globals, 4 P
gc 1498 @12.449s 5%: 0.052+1.3+0.049 ms clock, 0.20+0.48/0.61/0+0.19 ms cpu, 3->3->1 MB, 4 MB goal, 0 MB stacks, 0 MB globals, 4 P
gc 1499 @12.455s 5%: 0.033+0.81+0.040 ms clock, 0.13+0.63/0.67/0+0.16 ms cpu, 3->3->1 MB, 4 MB goal, 0 MB stacks, 0 MB globals, 4 P
gc 1500 @12.460s 5%: 0.026+0.74+0.031 ms clock, 0.10+0.88/0.61/0+0.12 ms cpu, 3->3->1 MB, 4 MB goal, 0 MB stacks, 0 MB globals, 4 P
gc 1501 @12.466s 5%: 0.064+0.77+0.063 ms clock, 0.25+0.91/0.57/0+0.25 ms cpu, 3->3->1 MB, 4 MB goal, 0 MB stacks, 0 MB globals, 4 P
gc 1502 @12.471s 5%: 1.1+0.25+0.015 ms clock, 4.7+0.60/1.2/0+0.061 ms cpu, 3->3->1 MB, 4 MB goal, 0 MB stacks, 0 MB globals, 4 P
gc 1503 @12.477s 5%: 0.062+2.0+0.027 ms clock, 0.24+0.31/0.78/0+0.11 ms cpu, 3->3->1 MB, 4 MB goal, 0 MB stacks, 0 MB globals, 4 P
gc 1504 @12.483s 5%: 0.094+1.4+0.042 ms clock, 0.37+1.2/0.016/0+0.17 ms cpu, 3->3->1 MB, 4 MB goal, 0 MB stacks, 0 MB globals, 4 P
gc 1505 @12.488s 5%: 0.077+1.8+0.069 ms clock, 0.31+0.64/0.85/0+0.27 ms cpu, 3->3->1 MB, 4 MB goal, 0 MB stacks, 0 MB globals, 4 P
gc 1506 @12.494s 5%: 0.090+1.4+0.011 ms clock, 0.36+1.2/1.0/0+0.044 ms cpu, 3->3->1 MB, 4 MB goal, 0 MB stacks, 0 MB globals, 4 P
gc 1507 @12.499s 5%: 0.10+1.2+0.091 ms clock, 0.42+0.49/0.74/0+0.36 ms cpu, 3->3->1 MB, 4 MB goal, 0 MB stacks, 0 MB globals, 4 P
gc 1508 @12.505s 5%: 1.6+0.40+0.023 ms clock, 6.7+0.66/1.7/0+0.093 ms cpu, 3->3->1 MB, 4 MB goal, 0 MB stacks, 0 MB globals, 4 P
gc 1509 @12.511s 5%: 0.042+0.74+0.050 ms clock, 0.16+0.82/0.55/0+0.20 ms cpu, 3->3->1 MB, 4 MB goal, 0 MB stacks, 0 MB globals, 4 P
gc 1510 @12.516s 5%: 0.061+1.7+0.009 ms clock, 0.24+1.1/1.3/0+0.038 ms cpu, 3->3->1 MB, 4 MB goal, 0 MB stacks, 0 MB globals, 4 P
gc 1511 @12.522s 5%: 0.059+1.0+0.075 ms clock, 0.23+1.0/0.10/0+0.30 ms cpu, 3->3->1 MB, 4 MB goal, 0 MB stacks, 0 MB globals, 4 P
gc 1512 @12.528s 5%: 0.38+2.1+0.065 ms clock, 1.5+0.30/1.4/0+0.26 ms cpu, 3->3->1 MB, 4 MB goal, 0 MB stacks, 0 MB globals, 4 P
gc 1513 @12.533s 5%: 0.056+0.66+0.036 ms clock, 0.22+0.66/0.56/0+0.14 ms cpu, 3->3->1 MB, 4 MB goal, 0 MB stacks, 0 MB globals, 4 P
gc 1514 @12.539s 5%: 0.076+0.73+0.041 ms clock, 0.30+0.81/0.63/0+0.16 ms cpu, 3->3->1 MB, 4 MB goal, 0 MB stacks, 0 MB globals, 4 P
gc 1515 @12.544s 5%: 0.30+1.3+0.022 ms clock, 1.2+0.19/0.83/0+0.090 ms cpu, 3->3->1 MB, 4 MB goal, 0 MB stacks, 0 MB globals, 4 P
gc 1516 @12.550s 5%: 0.056+1.6+0.029 ms clock, 0.22+0.69/0.54/0+0.11 ms cpu, 3->3->1 MB, 4 MB goal, 0 MB stacks, 0 MB globals, 4 P
gc 1517 @12.556s 5%: 0.30+1.1+0.029 ms clock, 1.2+0.53/1.1/0+0.11 ms cpu, 3->3->1 MB, 4 MB goal, 0 MB stacks, 0 MB globals, 4 P
gc 1518 @12.561s 5%: 0.23+0.70+0.032 ms clock, 0.93+0.51/0.83/0+0.12 ms cpu, 3->3->1 MB, 4 MB goal, 0 MB stacks, 0 MB globals, 4 P
gc 1519 @12.567s 5%: 0.23+2.2+0.011 ms clock, 0.94+0.52/0.60/0+0.045 ms cpu, 3->3->1 MB, 4 MB goal, 0 MB stacks, 0 MB globals, 4 P
gc 1520 @12.573s 5%: 0.10+1.7+0.064 ms clock, 0.40+0.29/0.85/0+0.25 ms cpu, 3->3->1 MB, 4 MB goal, 0 MB stacks, 0 MB globals, 4 P
gc 1521 @12.578s 5%: 0.067+0.86+0.044 ms clock, 0.27+0.94/0.75/0+0.17 ms cpu, 3->3->1 MB, 4 MB goal, 0 MB stacks, 0 MB globals, 4 P
gc 1522 @12.584s 5%: 0.064+0.63+0.069 ms clock, 0.25+0.59/0.52/0+0.27 ms cpu, 3->3->1 MB, 4 MB goal, 0 MB stacks, 0 MB globals, 4 P
gc 1523 @12.589s 5%: 0.089+1.1+0.018 ms clock, 0.35+1.2/0.001/0+0.072 ms cpu, 3->3->1 MB, 4 MB goal, 0 MB stacks, 0 MB globals, 4 P
gc 1524 @12.595s 5%: 0.040+1.6+0.066 ms clock, 0.16+0.56/0.53/0+0.26 ms cpu, 3->3->1 MB, 4 MB goal, 0 MB stacks, 0 MB globals, 4 P
gc 1525 @12.601s 5%: 0.051+0.61+0.030 ms clock, 0.20+0.66/0.56/0+0.12 ms cpu, 3->3->1 MB, 4 MB goal, 0 MB stacks, 0 MB globals, 4 P
gc 1526 @12.606s 5%: 0.077+1.7+0.025 ms clock, 0.30+1.8/0.70/0+0.10 ms cpu, 3->3->1 MB, 4 MB goal, 0 MB stacks, 0 MB globals, 4 P
gc 1527 @12.612s 5%: 0.056+1.0+0.044 ms clock, 0.22+0.64/0.58/0+0.17 ms cpu, 3->3->1 MB, 4 MB goal, 0 MB stacks, 0 MB globals, 4 P
gc 1528 @12.617s 5%: 0.071+0.75+0.037 ms clock, 0.28+0.84/0.62/0+0.14 ms cpu, 3->3->1 MB, 4 MB goal, 0 MB stacks, 0 MB globals, 4 P
gc 1529 @12.622s 5%: 0.31+1.4+0.013 ms clock, 1.2+0.21/1.0/0+0.055 ms cpu, 3->3->1 MB, 4 MB goal, 0 MB stacks, 0 MB globals, 4 P
gc 1530 @12.628s 5%: 0.050+0.67+0.056 ms clock, 0.20+1.2/0.009/0+0.22 ms cpu, 3->3->1 MB, 4 MB goal, 0 MB stacks, 0 MB globals, 4 P
gc 1531 @12.634s 5%: 0.047+0.66+0.020 ms clock, 0.18+0.85/0.54/0+0.082 ms cpu, 3->3->1 MB, 4 MB goal, 0 MB stacks, 0 MB globals, 4 P
gc 1532 @12.639s 5%: 0.51+1.7+0.004 ms clock, 2.0+0.46/1.6/0+0.019 ms cpu, 3->4->1 MB, 4 MB goal, 0 MB stacks, 0 MB globals, 4 P
gc 1533 @12.645s 5%: 0.061+1.8+0.064 ms clock, 0.24+0.64/0.53/0+0.25 ms cpu, 3->3->1 MB, 4 MB goal, 0 MB stacks, 0 MB globals, 4 P
gc 1534 @12.651s 5%: 0.052+2.2+0.042 ms clock, 0.20+0.74/2.1/0+0.16 ms cpu, 3->3->1 MB, 4 MB goal, 0 MB stacks, 0 MB globals, 4 P
gc 1535 @12.657s 5%: 0.33+0.69+0.029 ms clock, 1.3+0.51/0.94/0+0.11 ms cpu, 3->3->1 MB, 4 MB goal, 0 MB stacks, 0 MB globals, 4 P
gc 1536 @12.663s 5%: 0.066+0.76+0.035 ms clock, 0.26+0.87/0.68/0+0.14 ms cpu, 3->3->1 MB, 4 MB goal, 0 MB stacks, 0 MB globals, 4 P
gc 1537 @12.668s 5%: 0.062+1.7+0.072 ms clock, 0.24+0.55/0.74/0+0.29 ms cpu, 3->3->1 MB, 4 MB goal, 0 MB stacks, 0 MB globals, 4 P
gc 1538 @12.673s 5%: 0.055+1.4+0.006 ms clock, 0.22+0.48/0.67/0+0.026 ms cpu, 3->3->1 MB, 4 MB goal, 0 MB stacks, 0 MB globals, 4 P
gc 1539 @12.679s 5%: 0.051+0.90+0.035 ms clock, 0.20+0.80/0.75/0+0.14 ms cpu, 3->3->1 MB, 4 MB goal, 0 MB stacks, 0 MB globals, 4 P
gc 1540 @12.684s 5%: 0.079+0.66+0.056 ms clock, 0.31+0.94/0.52/0+0.22 ms cpu, 3->3->1 MB, 4 MB goal, 0 MB stacks, 0 MB globals, 4 P
gc 1541 @12.690s 5%: 0.046+1.9+0.004 ms clock, 0.18+0.60/0.70/0+0.018 ms cpu, 3->3->1 MB, 4 MB goal, 0 MB stacks, 0 MB globals, 4 P
gc 1542 @12.696s 5%: 0.074+1.7+0.076 ms clock, 0.29+1.2/0.003/0+0.30 ms cpu, 3->3->1 MB, 4 MB goal, 0 MB stacks, 0 MB globals, 4 P
gc 1543 @12.701s 5%: 0.10+1.9+0.003 ms clock, 0.40+0.68/0.68/0+0.015 ms cpu, 3->3->1 MB, 4 MB goal, 0 MB stacks, 0 MB globals, 4 P
gc 1544 @12.707s 5%: 0.27+0.61+0.018 ms clock, 1.0+0.38/0.71/0+0.074 ms cpu, 3->3->1 MB, 4 MB goal, 0 MB stacks, 0 MB globals, 4 P
gc 1545 @12.713s 5%: 0.055+0.77+0.023 ms clock, 0.22+0.77/0.67/0+0.094 ms cpu, 3->3->1 MB, 4 MB goal, 0 MB stacks, 0 MB globals, 4 P
gc 1546 @12.718s 5%: 0.085+1.2+0.032 ms clock, 0.34+1.2/1.1/0+0.12 ms cpu, 3->3->1 MB, 4 MB goal, 0 MB stacks, 0 MB globals, 4 P
gc 1547 @12.724s 5%: 0.11+1.3+0.077 ms clock, 0.47+0.56/0.76/0+0.31 ms cpu, 3->3->1 MB, 4 MB goal, 0 MB stacks, 0 MB globals, 4 P
gc 1548 @12.729s 5%: 0.053+1.2+0.042 ms clock, 0.21+0.85/1.1/0+0.17 ms cpu, 3->3->1 MB, 4 MB goal, 0 MB stacks, 0 MB globals, 4 P
gc 1549 @12.735s 5%: 0.11+0.68+0.005 ms clock, 0.45+0.83/0.58/0+0.023 ms cpu, 3->3->1 MB, 4 MB goal, 0 MB stacks, 0 MB globals, 4 P
gc 1550 @12.740s 5%: 0.097+2.1+0.009 ms clock, 0.38+0.38/0.99/0+0.038 ms cpu, 3->3->1 MB, 4 MB goal, 0 MB stacks, 0 MB globals, 4 P
gc 1551 @12.746s 5%: 0.31+1.5+0.024 ms clock, 1.2+0.80/1.2/0.046+0.097 ms cpu, 3->3->1 MB, 4 MB goal, 0 MB stacks, 0 MB globals, 4 P
gc 1552 @12.752s 5%: 0.051+1.1+0.026 ms clock, 0.20+0.82/0.49/0+0.10 ms cpu, 3->3->1 MB, 4 MB goal, 0 MB stacks, 0 MB globals, 4 P
gc 1553 @12.757s 5%: 0.061+2.3+0.069 ms clock, 0.24+0.94/0.54/0+0.27 ms cpu, 3->4->1 MB, 4 MB goal, 0 MB stacks, 0 MB globals, 4 P
gc 1554 @12.763s 5%: 0.067+0.88+0.029 ms clock, 0.27+0.65/0.80/0+0.11 ms cpu, 3->3->1 MB, 4 MB goal, 0 MB stacks, 0 MB globals, 4 P
gc 1555 @12.769s 5%: 0.093+0.86+0.056 ms clock, 0.37+0.62/0.67/0+0.22 ms cpu, 3->3->1 MB, 4 MB goal, 0 MB stacks, 0 MB globals, 4 P
gc 1556 @12.774s 5%: 0.045+1.7+0.038 ms clock, 0.18+0.47/0.58/0+0.15 ms cpu, 3->3->1 MB, 4 MB goal, 0 MB stacks, 0 MB globals, 4 P
gc 1557 @12.780s 5%: 0.070+1.9+0.084 ms clock, 0.28+0.70/1.1/0+0.33 ms cpu, 3->3->1 MB, 4 MB goal, 0 MB stacks, 0 MB globals, 4 P
gc 1558 @12.786s 5%: 0.057+1.3+0.059 ms clock, 0.23+0.76/0.63/0+0.23 ms cpu, 3->3->1 MB, 4 MB goal, 0 MB stacks, 0 MB globals, 4 P
gc 1559 @12.791s 5%: 0.080+1.7+0.023 ms clock, 0.32+0.45/0.73/0+0.095 ms cpu, 3->3->1 MB, 4 MB goal, 0 MB stacks, 0 MB globals, 4 P
gc 1560 @12.797s 5%: 0.061+1.2+0.042 ms clock, 0.24+0.49/0.64/0+0.16 ms cpu, 3->3->1 MB, 4 MB goal, 0 MB stacks, 0 MB globals, 4 P
gc 1561 @12.802s 5%: 0.049+0.92+0.039 ms clock, 0.19+0.91/0.74/0+0.15 ms cpu, 3->3->1 MB, 4 MB goal, 0 MB stacks, 0 MB globals, 4 P
gc 1562 @12.808s 5%: 0.090+1.4+0.044 ms clock, 0.36+0.69/1.3/0+0.17 ms cpu, 3->3->1 MB, 4 MB goal, 0 MB stacks, 0 MB globals, 4 P
gc 1563 @12.813s 5%: 0.061+0.54+0.031 ms clock, 0.24+0.70/0.50/0+0.12 ms cpu, 3->3->1 MB, 4 MB goal, 0 MB stacks, 0 MB globals, 4 P
gc 1564 @12.819s 5%: 0.057+1.6+0.040 ms clock, 0.23+0.72/0.63/0+0.16 ms cpu, 3->3->1 MB, 4 MB goal, 0 MB stacks, 0 MB globals, 4 P
gc 1565 @12.825s 5%: 0.079+0.60+0.029 ms clock, 0.31+0.75/0.50/0+0.11 ms cpu, 3->3->1 MB, 4 MB goal, 0 MB stacks, 0 MB globals, 4 P
gc 1566 @12.830s 5%: 0.049+0.70+0.030 ms clock, 0.19+0.68/0.61/0+0.12 ms cpu, 3->3->1 MB, 4 MB goal, 0 MB stacks, 0 MB globals, 4 P
gc 1567 @12.835s 5%: 0.11+0.71+0.035 ms clock, 0.46+0.83/0.56/0+0.14 ms cpu, 3->3->1 MB, 4 MB goal, 0 MB stacks, 0 MB globals, 4 P
gc 1568 @12.841s 5%: 0.062+0.66+0.034 ms clock, 0.24+0.76/0.58/0+0.13 ms cpu, 3->3->1 MB, 4 MB goal, 0 MB stacks, 0 MB globals, 4 P
gc 1569 @12.846s 5%: 0.11+2.3+0.033 ms clock, 0.47+0.54/0.58/0+0.13 ms cpu, 3->3->1 MB, 4 MB goal, 0 MB stacks, 0 MB globals, 4 P
gc 1570 @12.852s 5%: 0.057+0.59+0.034 ms clock, 0.22+0.99/0.53/0+0.13 ms cpu, 3->3->1 MB, 4 MB goal, 0 MB stacks, 0 MB globals, 4 P
gc 1571 @12.857s 5%: 0.059+0.88+0.043 ms clock, 0.23+0.90/0.75/0+0.17 ms cpu, 3->3->1 MB, 4 MB goal, 0 MB stacks, 0 MB globals, 4 P
gc 1572 @12.863s 5%: 0.094+0.71+0.057 ms clock, 0.37+0.77/0.58/0+0.23 ms cpu, 3->3->1 MB, 4 MB goal, 0 MB stacks, 0 MB globals, 4 P
gc 1573 @12.868s 5%: 0.021+1.6+0.057 ms clock, 0.086+0.64/0.60/0+0.23 ms cpu, 3->3->1 MB, 4 MB goal, 0 MB stacks, 0 MB globals, 4 P
gc 1574 @12.874s 5%: 0.098+0.77+0.050 ms clock, 0.39+0.77/0.61/0+0.20 ms cpu, 3->3->1 MB, 4 MB goal, 0 MB stacks, 0 MB globals, 4 P
gc 1575 @12.880s 5%: 0.065+0.76+0.042 ms clock, 0.26+0.68/0.58/0+0.16 ms cpu, 3->3->1 MB, 4 MB goal, 0 MB stacks, 0 MB globals, 4 P
gc 1576 @12.885s 5%: 0.042+0.68+0.057 ms clock, 0.16+0.91/0.53/0+0.23 ms cpu, 3->3->1 MB, 4 MB goal, 0 MB stacks, 0 MB globals, 4 P
gc 1577 @12.890s 5%: 0.055+1.7+0.037 ms clock, 0.22+0.51/0.63/0+0.14 ms cpu, 3->3->1 MB, 4 MB goal, 0 MB stacks, 0 MB globals, 4 P
gc 1578 @12.896s 5%: 0.053+0.64+0.043 ms clock, 0.21+0.96/0.52/0+0.17 ms cpu, 3->3->1 MB, 4 MB goal, 0 MB stacks, 0 MB globals, 4 P
gc 1579 @12.902s 5%: 0.090+0.62+0.032 ms clock, 0.36+0.54/0.52/0+0.13 ms cpu, 3->3->1 MB, 4 MB goal, 0 MB stacks, 0 MB globals, 4 P
gc 1580 @12.907s 5%: 0.32+1.9+0.036 ms clock, 1.3+0.44/1.2/0.008+0.14 ms cpu, 3->3->1 MB, 4 MB goal, 0 MB stacks, 0 MB globals, 4 P
gc 1581 @12.913s 5%: 0.056+1.2+0.034 ms clock, 0.22+1.1/0.50/0+0.13 ms cpu, 3->3->1 MB, 4 MB goal, 0 MB stacks, 0 MB globals, 4 P
gc 1582 @12.919s 5%: 0.065+1.2+0.027 ms clock, 0.26+0.10/0.85/0+0.11 ms cpu, 3->3->1 MB, 4 MB goal, 0 MB stacks, 0 MB globals, 4 P
gc 1583 @12.925s 5%: 0.34+0.63+0.031 ms clock, 1.3+0.47/0.84/0+0.12 ms cpu, 3->3->1 MB, 4 MB goal, 0 MB stacks, 0 MB globals, 4 P
gc 1584 @12.930s 5%: 0.046+1.2+0.046 ms clock, 0.18+0.62/0.56/0+0.18 ms cpu, 3->3->1 MB, 4 MB goal, 0 MB stacks, 0 MB globals, 4 P
gc 1585 @12.936s 5%: 0.067+0.69+0.046 ms clock, 0.26+1.2/0.001/0+0.18 ms cpu, 3->3->1 MB, 4 MB goal, 0 MB stacks, 0 MB globals, 4 P
gc 1586 @12.941s 5%: 0.046+0.56+0.027 ms clock, 0.18+0.84/0.50/0+0.11 ms cpu, 3->3->1 MB, 4 MB goal, 0 MB stacks, 0 MB globals, 4 P
gc 1587 @12.946s 5%: 0.058+0.97+0.054 ms clock, 0.23+1.1/0.001/0+0.21 ms cpu, 3->3->1 MB, 4 MB goal, 0 MB stacks, 0 MB globals, 4 P
gc 1588 @12.952s 5%: 0.042+1.4+0.052 ms clock, 0.17+0.83/0.62/0+0.21 ms cpu, 3->3->1 MB, 4 MB goal, 0 MB stacks, 0 MB globals, 4 P
gc 1589 @12.957s 5%: 0.067+0.72+0.030 ms clock, 0.26+0.62/0.59/0+0.12 ms cpu, 3->3->1 MB, 4 MB goal, 0 MB stacks, 0 MB globals, 4 P
gc 1590 @12.963s 5%: 0.055+1.6+0.056 ms clock, 0.22+0.55/0.64/0+0.22 ms cpu, 3->3->1 MB, 4 MB goal, 0 MB stacks, 0 MB globals, 4 P
gc 1591 @12.968s 5%: 0.084+0.84+0.062 ms clock, 0.33+0.65/0.73/0+0.24 ms cpu, 3->3->1 MB, 4 MB goal, 0 MB stacks, 0 MB globals, 4 P
gc 1592 @12.974s 5%: 0.50+1.6+0.078 ms clock, 2.0+0.32/1.0/0+0.31 ms cpu, 3->3->1 MB, 4 MB goal, 0 MB stacks, 0 MB globals, 4 P
gc 1593 @12.980s 5%: 0.047+1.3+0.025 ms clock, 0.18+0.92/0.60/0+0.10 ms cpu, 3->3->1 MB, 4 MB goal, 0 MB stacks, 0 MB globals, 4 P
gc 1594 @12.985s 5%: 0.061+0.84+0.053 ms clock, 0.24+0.92/0.68/0+0.21 ms cpu, 3->3->1 MB, 4 MB goal, 0 MB stacks, 0 MB globals, 4 P
gc 1595 @12.991s 5%: 0.063+1.7+0.087 ms clock, 0.25+0.50/0.57/0+0.34 ms cpu, 3->3->1 MB, 4 MB goal, 0 MB stacks, 0 MB globals, 4 P
gc 1596 @12.996s 5%: 0.29+1.2+0.073 ms clock, 1.1+0.72/1.3/0+0.29 ms cpu, 3->3->1 MB, 4 MB goal, 0 MB stacks, 0 MB globals, 4 P
gc 1597 @13.002s 5%: 0.053+0.96+0.021 ms clock, 0.21+0.81/0.83/0+0.086 ms cpu, 3->3->1 MB, 4 MB goal, 0 MB stacks, 0 MB globals, 4 P
gc 1598 @13.008s 5%: 0.067+0.72+0.045 ms clock, 0.26+1.0/0.53/0+0.18 ms cpu, 3->3->1 MB, 4 MB goal, 0 MB stacks, 0 MB globals, 4 P
gc 1599 @13.013s 5%: 0.098+0.66+0.027 ms clock, 0.39+0.69/0.57/0+0.10 ms cpu, 3->3->1 MB, 4 MB goal, 0 MB stacks, 0 MB globals, 4 P
gc 1600 @13.019s 5%: 0.076+0.78+0.030 ms clock, 0.30+0.89/0.67/0+0.12 ms cpu, 3->3->1 MB, 4 MB goal, 0 MB stacks, 0 MB globals, 4 P
gc 1601 @13.024s 5%: 0.083+1.4+0.026 ms clock, 0.33+0.63/0.41/0+0.10 ms cpu, 3->3->1 MB, 4 MB goal, 0 MB stacks, 0 MB globals, 4 P
gc 1602 @13.030s 5%: 0.061+1.1+0.087 ms clock, 0.24+0.91/0.56/0+0.34 ms cpu, 3->3->1 MB, 4 MB goal, 0 MB stacks, 0 MB globals, 4 P
gc 1603 @13.035s 5%: 0.058+1.9+0.011 ms clock, 0.23+0.59/0.73/0+0.046 ms cpu, 3->3->1 MB, 4 MB goal, 0 MB stacks, 0 MB globals, 4 P
gc 1604 @13.041s 5%: 0.088+0.66+0.075 ms clock, 0.35+0.85/0.51/0+0.30 ms cpu, 3->3->1 MB, 4 MB goal, 0 MB stacks, 0 MB globals, 4 P
gc 1605 @13.047s 5%: 0.35+1.5+0.043 ms clock, 1.4+0.61/1.7/0.075+0.17 ms cpu, 3->3->1 MB, 4 MB goal, 0 MB stacks, 0 MB globals, 4 P
gc 1606 @13.052s 5%: 0.066+0.69+0.024 ms clock, 0.26+0.62/0.59/0+0.099 ms cpu, 3->3->1 MB, 4 MB goal, 0 MB stacks, 0 MB globals, 4 P
gc 1607 @13.058s 5%: 0.065+1.8+0.020 ms clock, 0.26+1.1/1.1/0+0.081 ms cpu, 3->3->1 MB, 4 MB goal, 0 MB stacks, 0 MB globals, 4 P
gc 1608 @13.064s 5%: 0.092+0.98+0.059 ms clock, 0.37+0.78/0.87/0+0.23 ms cpu, 3->3->1 MB, 4 MB goal, 0 MB stacks, 0 MB globals, 4 P
gc 1609 @13.069s 5%: 0.085+0.65+0.042 ms clock, 0.34+0.75/0.53/0+0.16 ms cpu, 3->3->1 MB, 4 MB goal, 0 MB stacks, 0 MB globals, 4 P
gc 1610 @13.075s 5%: 0.052+1.6+0.003 ms clock, 0.20+0.46/0.69/0+0.014 ms cpu, 3->3->1 MB, 4 MB goal, 0 MB stacks, 0 MB globals, 4 P
gc 1611 @13.080s 5%: 0.062+0.75+0.052 ms clock, 0.25+0.81/0.57/0+0.21 ms cpu, 3->3->1 MB, 4 MB goal, 0 MB stacks, 0 MB globals, 4 P
gc 1612 @13.086s 5%: 0.046+0.72+0.033 ms clock, 0.18+0.81/0.65/0+0.13 ms cpu, 3->3->1 MB, 4 MB goal, 0 MB stacks, 0 MB globals, 4 P
gc 1613 @13.092s 5%: 0.074+1.9+0.037 ms clock, 0.29+0.57/0.62/0+0.15 ms cpu, 3->3->1 MB, 4 MB goal, 0 MB stacks, 0 MB globals, 4 P
gc 1614 @13.097s 5%: 0.018+0.81+0.059 ms clock, 0.074+0.99/0.63/0+0.23 ms cpu, 3->3->1 MB, 4 MB goal, 0 MB stacks, 0 MB globals, 4 P
gc 1615 @13.102s 5%: 0.058+1.8+0.025 ms clock, 0.23+0.57/0.59/0+0.10 ms cpu, 3->3->1 MB, 4 MB goal, 0 MB stacks, 0 MB globals, 4 P
gc 1616 @13.108s 5%: 0.067+1.2+0.061 ms clock, 0.26+0.59/0.74/0+0.24 ms cpu, 3->3->1 MB, 4 MB goal, 0 MB stacks, 0 MB globals, 4 P
gc 1617 @13.114s 5%: 0.085+2.3+0.027 ms clock, 0.34+0.95/0.82/0+0.11 ms cpu, 3->3->1 MB, 4 MB goal, 0 MB stacks, 0 MB globals, 4 P
gc 1618 @13.120s 5%: 0.075+2.1+0.083 ms clock, 0.30+0.28/0.76/0+0.33 ms cpu, 3->3->1 MB, 4 MB goal, 0 MB stacks, 0 MB globals, 4 P
gc 1619 @13.126s 5%: 0.081+2.0+0.10 ms clock, 0.32+0.90/0.62/0+0.40 ms cpu, 3->4->1 MB, 4 MB goal, 0 MB stacks, 0 MB globals, 4 P
gc 1620 @13.131s 5%: 0.063+0.95+0.039 ms clock, 0.25+0.89/0.80/0+0.15 ms cpu, 3->3->1 MB, 4 MB goal, 0 MB stacks, 0 MB globals, 4 P
gc 1621 @13.137s 5%: 0.067+1.3+0.059 ms clock, 0.27+0.79/0.77/0+0.23 ms cpu, 3->3->1 MB, 4 MB goal, 0 MB stacks, 0 MB globals, 4 P
gc 1622 @13.143s 5%: 0.051+0.81+0.054 ms clock, 0.20+0.71/0.63/0+0.21 ms cpu, 3->3->1 MB, 4 MB goal, 0 MB stacks, 0 MB globals, 4 P
gc 1623 @13.148s 5%: 0.083+0.63+0.034 ms clock, 0.33+0.93/0.49/0+0.13 ms cpu, 3->3->1 MB, 4 MB goal, 0 MB stacks, 0 MB globals, 4 P
gc 1624 @13.154s 5%: 0.078+0.78+0.055 ms clock, 0.31+0.89/0.62/0+0.22 ms cpu, 3->3->1 MB, 4 MB goal, 0 MB stacks, 0 MB globals, 4 P
gc 1625 @13.159s 5%: 0.32+1.0+0.028 ms clock, 1.2+0.33/1.2/0+0.11 ms cpu, 3->3->1 MB, 4 MB goal, 0 MB stacks, 0 MB globals, 4 P
gc 1626 @13.165s 5%: 0.073+1.6+0.019 ms clock, 0.29+0.57/0.59/0+0.076 ms cpu, 3->3->1 MB, 4 MB goal, 0 MB stacks, 0 MB globals, 4 P
gc 1627 @13.170s 5%: 0.046+1.1+0.034 ms clock, 0.18+0.89/0.62/0+0.13 ms cpu, 3->3->1 MB, 4 MB goal, 0 MB stacks, 0 MB globals, 4 P
gc 1628 @13.176s 5%: 0.082+1.5+0.008 ms clock, 0.33+0.62/0.55/0+0.035 ms cpu, 3->3->1 MB, 4 MB goal, 0 MB stacks, 0 MB globals, 4 P
gc 1629 @13.182s 5%: 0.27+1.9+0.042 ms clock, 1.1+1.1/0/0+0.16 ms cpu, 3->3->1 MB, 4 MB goal, 0 MB stacks, 0 MB globals, 4 P
gc 1630 @13.187s 5%: 0.086+0.81+0.048 ms clock, 0.34+0.83/0.65/0+0.19 ms cpu, 3->3->1 MB, 4 MB goal, 0 MB stacks, 0 MB globals, 4 P
gc 1631 @13.193s 5%: 0.076+1.2+0.029 ms clock, 0.30+1.2/0/0+0.11 ms cpu, 3->3->1 MB, 4 MB goal, 0 MB stacks, 0 MB globals, 4 P
gc 1632 @13.198s 5%: 0.055+0.74+0.033 ms clock, 0.22+0.87/0.63/0+0.13 ms cpu, 3->3->1 MB, 4 MB goal, 0 MB stacks, 0 MB globals, 4 P
gc 1633 @13.204s 5%: 0.049+1.1+0.036 ms clock, 0.19+0.64/0.64/0+0.14 ms cpu, 3->3->1 MB, 4 MB goal, 0 MB stacks, 0 MB globals, 4 P
gc 1634 @13.209s 5%: 0.11+0.78+0.038 ms clock, 0.45+0.87/0.71/0+0.15 ms cpu, 3->3->1 MB, 4 MB goal, 0 MB stacks, 0 MB globals, 4 P
gc 1635 @13.215s 5%: 0.059+1.9+0.081 ms clock, 0.23+0.45/0.64/0+0.32 ms cpu, 3->3->1 MB, 4 MB goal, 0 MB stacks, 0 MB globals, 4 P
gc 1636 @13.220s 5%: 0.096+0.54+0.022 ms clock, 0.38+0.75/0.50/0+0.091 ms cpu, 3->3->1 MB, 4 MB goal, 0 MB stacks, 0 MB globals, 4 P
gc 1637 @13.226s 5%: 0.076+0.62+0.020 ms clock, 0.30+0.88/0.54/0+0.082 ms cpu, 3->3->1 MB, 4 MB goal, 0 MB stacks, 0 MB globals, 4 P
gc 1638 @13.232s 5%: 0.63+0.32+0.028 ms clock, 2.5+0.79/0.77/0+0.11 ms cpu, 3->3->1 MB, 4 MB goal, 0 MB stacks, 0 MB globals, 4 P
gc 1639 @13.237s 5%: 0.35+0.91+0.041 ms clock, 1.4+0.57/1.1/0.16+0.16 ms cpu, 3->3->1 MB, 4 MB goal, 0 MB stacks, 0 MB globals, 4 P
gc 1640 @13.243s 5%: 0.047+1.6+0.034 ms clock, 0.19+0.47/0.61/0+0.13 ms cpu, 3->3->1 MB, 4 MB goal, 0 MB stacks, 0 MB globals, 4 P
gc 1641 @13.249s 5%: 0.074+1.2+0.057 ms clock, 0.29+0.68/1.0/0+0.22 ms cpu, 3->3->1 MB, 4 MB goal, 0 MB stacks, 0 MB globals, 4 P
gc 1642 @13.254s 5%: 0.061+0.66+0.023 ms clock, 0.24+0.93/0.56/0+0.095 ms cpu, 3->3->1 MB, 4 MB goal, 0 MB stacks, 0 MB globals, 4 P
gc 1643 @13.260s 5%: 0.062+0.68+0.024 ms clock, 0.24+1.2/0.10/0+0.096 ms cpu, 3->3->1 MB, 4 MB goal, 0 MB stacks, 0 MB globals, 4 P
gc 1644 @13.265s 5%: 0.051+0.79+0.026 ms clock, 0.20+0.91/0.66/0+0.10 ms cpu, 3->3->1 MB, 4 MB goal, 0 MB stacks, 0 MB globals, 4 P
gc 1645 @13.270s 5%: 0.061+1.3+0.035 ms clock, 0.24+0.53/0.62/0+0.14 ms cpu, 3->3->1 MB, 4 MB goal, 0 MB stacks, 0 MB globals, 4 P
gc 1646 @13.276s 5%: 0.080+0.77+0.034 ms clock, 0.32+0.82/0.72/0+0.13 ms cpu, 3->3->1 MB, 4 MB goal, 0 MB stacks, 0 MB globals, 4 P
gc 1647 @13.281s 5%: 0.063+1.5+0.072 ms clock, 0.25+0.88/0.50/0+0.29 ms cpu, 3->3->1 MB, 4 MB goal, 0 MB stacks, 0 MB globals, 4 P
gc 1648 @13.287s 5%: 0.32+0.97+0.024 ms clock, 1.2+0.68/1.1/0.002+0.098 ms cpu, 3->3->1 MB, 4 MB goal, 0 MB stacks, 0 MB globals, 4 P
gc 1649 @13.293s 5%: 0.071+0.66+0.042 ms clock, 0.28+0.96/0.41/0+0.16 ms cpu, 3->3->1 MB, 4 MB goal, 0 MB stacks, 0 MB globals, 4 P
gc 1650 @13.298s 5%: 0.057+0.78+0.027 ms clock, 0.23+0.51/0.67/0+0.10 ms cpu, 3->3->1 MB, 4 MB goal, 0 MB stacks, 0 MB globals, 4 P
gc 1651 @13.303s 5%: 0.052+0.90+0.041 ms clock, 0.21+0.70/0.77/0+0.16 ms cpu, 3->3->1 MB, 4 MB goal, 0 MB stacks, 0 MB globals, 4 P
gc 1652 @13.309s 5%: 0.059+1.0+0.045 ms clock, 0.23+0.87/0.86/0+0.18 ms cpu, 3->3->1 MB, 4 MB goal, 0 MB stacks, 0 MB globals, 4 P
gc 1653 @13.314s 5%: 0.044+0.72+0.054 ms clock, 0.17+0.73/0.51/0+0.21 ms cpu, 3->3->1 MB, 4 MB goal, 0 MB stacks, 0 MB globals, 4 P
gc 1654 @13.320s 5%: 0.091+1.5+0.003 ms clock, 0.36+0.40/0.74/0+0.015 ms cpu, 3->3->1 MB, 4 MB goal, 0 MB stacks, 0 MB globals, 4 P
gc 1655 @13.325s 5%: 0.096+2.1+0.065 ms clock, 0.38+0.37/0.75/0+0.26 ms cpu, 3->3->1 MB, 4 MB goal, 0 MB stacks, 0 MB globals, 4 P
gc 1656 @13.331s 5%: 0.053+1.7+0.037 ms clock, 0.21+1.5/0.84/0+0.14 ms cpu, 3->3->1 MB, 4 MB goal, 0 MB stacks, 0 MB globals, 4 P
gc 1657 @13.337s 5%: 0.068+2.9+0.032 ms clock, 0.27+0.90/0.49/0+0.13 ms cpu, 3->3->1 MB, 4 MB goal, 0 MB stacks, 0 MB globals, 4 P
gc 1658 @13.343s 5%: 0.069+1.4+0.027 ms clock, 0.27+0.89/0.20/0+0.10 ms cpu, 3->3->1 MB, 4 MB goal, 0 MB stacks, 0 MB globals, 4 P
gc 1659 @13.348s 5%: 0.040+0.69+0.062 ms clock, 0.16+0.90/0.60/0+0.24 ms cpu, 3->3->1 MB, 4 MB goal, 0 MB stacks, 0 MB globals, 4 P
gc 1660 @13.354s 5%: 0.060+2.8+0.088 ms clock, 0.24+0.65/0.67/0+0.35 ms cpu, 3->3->1 MB, 4 MB goal, 0 MB stacks, 0 MB globals, 4 P
gc 1661 @13.360s 5%: 0.076+1.6+0.046 ms clock, 0.30+0.34/0.78/0+0.18 ms cpu, 3->3->1 MB, 4 MB goal, 0 MB stacks, 0 MB globals, 4 P
gc 1662 @13.366s 5%: 0.064+0.77+0.054 ms clock, 0.25+0.93/0.66/0+0.21 ms cpu, 3->3->1 MB, 4 MB goal, 0 MB stacks, 0 MB globals, 4 P
gc 1663 @13.371s 5%: 0.10+0.89+0.034 ms clock, 0.41+1.1/0.028/0+0.13 ms cpu, 3->3->1 MB, 4 MB goal, 0 MB stacks, 0 MB globals, 4 P
gc 1664 @13.376s 5%: 0.81+2.5+0.028 ms clock, 3.2+0.50/0.96/0+0.11 ms cpu, 3->3->1 MB, 4 MB goal, 0 MB stacks, 0 MB globals, 4 P
gc 1665 @13.382s 5%: 1.7+0.94+0.042 ms clock, 7.1+0.89/1.9/0+0.17 ms cpu, 3->3->1 MB, 4 MB goal, 0 MB stacks, 0 MB globals, 4 P
gc 1666 @13.388s 5%: 0.051+1.2+0.028 ms clock, 0.20+0.83/0.67/0+0.11 ms cpu, 3->3->1 MB, 4 MB goal, 0 MB stacks, 0 MB globals, 4 P
gc 1667 @13.393s 5%: 0.082+2.0+0.078 ms clock, 0.33+0.52/0.64/0+0.31 ms cpu, 3->3->1 MB, 4 MB goal, 0 MB stacks, 0 MB globals, 4 P
gc 1668 @13.399s 5%: 0.098+0.72+0.046 ms clock, 0.39+0.81/0.61/0+0.18 ms cpu, 3->3->1 MB, 4 MB goal, 0 MB stacks, 0 MB globals, 4 P
gc 1669 @13.405s 5%: 0.057+1.1+0.010 ms clock, 0.23+0.80/0.64/0+0.043 ms cpu, 3->3->1 MB, 4 MB goal, 0 MB stacks, 0 MB globals, 4 P
gc 1670 @13.410s 5%: 0.091+1.9+0.007 ms clock, 0.36+0.77/0.71/0+0.031 ms cpu, 3->3->1 MB, 4 MB goal, 0 MB stacks, 0 MB globals, 4 P
gc 1671 @13.416s 5%: 0.039+0.73+0.062 ms clock, 0.15+0.90/0.59/0+0.25 ms cpu, 3->3->1 MB, 4 MB goal, 0 MB stacks, 0 MB globals, 4 P
gc 1672 @13.421s 5%: 0.082+1.6+0.097 ms clock, 0.33+0.75/0.60/0+0.38 ms cpu, 3->3->1 MB, 4 MB goal, 0 MB stacks, 0 MB globals, 4 P
gc 1673 @13.427s 5%: 0.045+0.56+0.023 ms clock, 0.18+0.80/0.50/0+0.092 ms cpu, 3->3->1 MB, 4 MB goal, 0 MB stacks, 0 MB globals, 4 P
gc 1674 @13.432s 5%: 0.072+2.2+0.027 ms clock, 0.28+0.63/0.62/0+0.10 ms cpu, 3->3->1 MB, 4 MB goal, 0 MB stacks, 0 MB globals, 4 P
gc 1675 @13.438s 5%: 0.066+0.78+0.032 ms clock, 0.26+0.57/0.67/0+0.12 ms cpu, 3->3->1 MB, 4 MB goal, 0 MB stacks, 0 MB globals, 4 P
gc 1676 @13.444s 5%: 0.078+2.0+0.028 ms clock, 0.31+0.62/0.56/0+0.11 ms cpu, 3->3->1 MB, 4 MB goal, 0 MB stacks, 0 MB globals, 4 P
gc 1677 @13.449s 5%: 0.082+1.8+0.039 ms clock, 0.33+0.48/0.63/0+0.15 ms cpu, 3->3->1 MB, 4 MB goal, 0 MB stacks, 0 MB globals, 4 P
gc 1678 @13.455s 5%: 0.057+0.90+0.013 ms clock, 0.23+0.66/0.79/0+0.053 ms cpu, 3->3->1 MB, 4 MB goal, 0 MB stacks, 0 MB globals, 4 P
gc 1679 @13.461s 5%: 0.063+1.1+0.035 ms clock, 0.25+0.92/0.44/0+0.14 ms cpu, 3->3->1 MB, 4 MB goal, 0 MB stacks, 0 MB globals, 4 P
gc 1680 @13.466s 5%: 0.11+0.70+0.088 ms clock, 0.47+0.67/0.56/0+0.35 ms cpu, 3->3->1 MB, 4 MB goal, 0 MB stacks, 0 MB globals, 4 P
gc 1681 @13.472s 5%: 0.065+0.88+0.051 ms clock, 0.26+0.71/0.76/0+0.20 ms cpu, 3->3->1 MB, 4 MB goal, 0 MB stacks, 0 MB globals, 4 P
gc 1682 @13.477s 5%: 0.060+0.92+0.035 ms clock, 0.24+0.75/0.52/0+0.14 ms cpu, 3->3->1 MB, 4 MB goal, 0 MB stacks, 0 MB globals, 4 P
gc 1683 @13.483s 5%: 0.052+1.6+0.009 ms clock, 0.21+1.1/1.1/0+0.039 ms cpu, 3->3->1 MB, 4 MB goal, 0 MB stacks, 0 MB globals, 4 P
gc 1684 @13.488s 5%: 0.043+0.58+0.035 ms clock, 0.17+0.81/0.52/0+0.14 ms cpu, 3->3->1 MB, 4 MB goal, 0 MB stacks, 0 MB globals, 4 P
gc 1685 @13.494s 5%: 0.064+1.3+0.051 ms clock, 0.25+0.54/0.56/0+0.20 ms cpu, 3->3->1 MB, 4 MB goal, 0 MB stacks, 0 MB globals, 4 P
gc 1686 @13.499s 5%: 0.10+0.80+0.022 ms clock, 0.40+0.58/0.60/0+0.091 ms cpu, 3->3->1 MB, 4 MB goal, 0 MB stacks, 0 MB globals, 4 P
gc 1687 @13.505s 5%: 0.050+1.5+0.017 ms clock, 0.20+1.8/0.59/0+0.068 ms cpu, 3->3->1 MB, 4 MB goal, 0 MB stacks, 0 MB globals, 4 P
gc 1688 @13.510s 5%: 0.092+1.0+0.065 ms clock, 0.37+0.65/0.99/0+0.26 ms cpu, 3->3->1 MB, 4 MB goal, 0 MB stacks, 0 MB globals, 4 P
gc 1689 @13.516s 5%: 0.072+0.87+0.027 ms clock, 0.28+0.67/0.67/0+0.11 ms cpu, 3->3->1 MB, 4 MB goal, 0 MB stacks, 0 MB globals, 4 P
gc 1690 @13.521s 5%: 0.051+2.1+0.031 ms clock, 0.20+0.77/2.0/0.005+0.12 ms cpu, 3->3->1 MB, 4 MB goal, 0 MB stacks, 0 MB globals, 4 P
gc 1691 @13.527s 5%: 0.062+1.2+0.072 ms clock, 0.24+1.3/0.033/0+0.28 ms cpu, 3->3->1 MB, 4 MB goal, 0 MB stacks, 0 MB globals, 4 P
gc 1692 @13.533s 5%: 0.055+0.57+0.047 ms clock, 0.22+0.87/0.51/0+0.18 ms cpu, 3->3->1 MB, 4 MB goal, 0 MB stacks, 0 MB globals, 4 P
gc 1693 @13.538s 5%: 0.084+1.4+0.074 ms clock, 0.33+0.47/0.76/0+0.29 ms cpu, 3->3->1 MB, 4 MB goal, 0 MB stacks, 0 MB globals, 4 P
gc 1694 @13.544s 5%: 0.061+1.2+0.038 ms clock, 0.24+0.46/0.65/0+0.15 ms cpu, 3->3->1 MB, 4 MB goal, 0 MB stacks, 0 MB globals, 4 P
gc 1695 @13.550s 5%: 0.058+1.9+0.067 ms clock, 0.23+0.12/0.69/0+0.27 ms cpu, 3->3->1 MB, 4 MB goal, 0 MB stacks, 0 MB globals, 4 P
gc 1696 @13.555s 5%: 0.047+1.1+0.022 ms clock, 0.19+0.34/0.67/0+0.088 ms cpu, 3->3->1 MB, 4 MB goal, 0 MB stacks, 0 MB globals, 4 P
gc 1697 @13.561s 5%: 0.43+1.0+0.060 ms clock, 1.7+0.48/1.1/0+0.24 ms cpu, 3->3->1 MB, 4 MB goal, 0 MB stacks, 0 MB globals, 4 P
gc 1698 @13.567s 5%: 0.10+0.87+0.023 ms clock, 0.43+0.83/0.75/0+0.093 ms cpu, 3->3->1 MB, 4 MB goal, 0 MB stacks, 0 MB globals, 4 P
gc 1699 @13.572s 5%: 0.12+2.0+0.034 ms clock, 0.50+0.33/0.79/0+0.13 ms cpu, 3->3->1 MB, 4 MB goal, 0 MB stacks, 0 MB globals, 4 P
gc 1700 @13.578s 5%: 0.086+0.83+0.034 ms clock, 0.34+0.75/0.73/0+0.13 ms cpu, 3->3->1 MB, 4 MB goal, 0 MB stacks, 0 MB globals, 4 P
gc 1701 @13.584s 5%: 0.064+0.70+0.051 ms clock, 0.25+0.96/0.53/0+0.20 ms cpu, 3->3->1 MB, 4 MB goal, 0 MB stacks, 0 MB globals, 4 P
gc 1702 @13.589s 5%: 0.059+0.79+0.067 ms clock, 0.23+1.0/0.61/0+0.27 ms cpu, 3->3->1 MB, 4 MB goal, 0 MB stacks, 0 MB globals, 4 P
gc 1703 @13.595s 5%: 0.073+0.69+0.063 ms clock, 0.29+0.69/0.63/0+0.25 ms cpu, 3->3->1 MB, 4 MB goal, 0 MB stacks, 0 MB globals, 4 P
gc 1704 @13.600s 5%: 0.094+1.2+0.019 ms clock, 0.37+1.2/0.001/0+0.078 ms cpu, 3->3->1 MB, 4 MB goal, 0 MB stacks, 0 MB globals, 4 P
gc 1705 @13.605s 5%: 0.058+0.76+0.018 ms clock, 0.23+0.78/0.60/0+0.072 ms cpu, 3->3->1 MB, 4 MB goal, 0 MB stacks, 0 MB globals, 4 P
gc 1706 @13.611s 5%: 0.086+0.83+0.023 ms clock, 0.34+0.95/0.74/0+0.095 ms cpu, 3->3->1 MB, 4 MB goal, 0 MB stacks, 0 MB globals, 4 P
gc 1707 @13.616s 5%: 0.042+1.2+0.027 ms clock, 0.17+1.6/0.19/0+0.11 ms cpu, 3->3->1 MB, 4 MB goal, 0 MB stacks, 0 MB globals, 4 P
gc 1708 @13.622s 5%: 0.46+2.2+0.043 ms clock, 1.8+0.61/1.8/0+0.17 ms cpu, 3->4->1 MB, 4 MB goal, 0 MB stacks, 0 MB globals, 4 P
gc 1709 @13.628s 5%: 0.047+0.88+0.030 ms clock, 0.19+0.76/0.56/0+0.12 ms cpu, 3->3->1 MB, 4 MB goal, 0 MB stacks, 0 MB globals, 4 P
gc 1710 @13.634s 5%: 0.067+0.75+0.041 ms clock, 0.26+0.84/0.65/0+0.16 ms cpu, 3->3->1 MB, 4 MB goal, 0 MB stacks, 0 MB globals, 4 P
gc 1711 @13.639s 5%: 0.037+0.72+0.032 ms clock, 0.15+0.84/0.50/0+0.12 ms cpu, 3->3->1 MB, 4 MB goal, 0 MB stacks, 0 MB globals, 4 P
gc 1712 @13.644s 5%: 0.048+0.61+0.030 ms clock, 0.19+0.75/0.49/0+0.12 ms cpu, 3->3->1 MB, 4 MB goal, 0 MB stacks, 0 MB globals, 4 P
gc 1713 @13.650s 5%: 0.29+1.0+0.036 ms clock, 1.1+0.67/1.1/0+0.14 ms cpu, 3->3->1 MB, 4 MB goal, 0 MB stacks, 0 MB globals, 4 P
gc 1714 @13.656s 5%: 0.040+0.82+0.058 ms clock, 0.16+0.50/0.70/0+0.23 ms cpu, 3->3->1 MB, 4 MB goal, 0 MB stacks, 0 MB globals, 4 P
gc 1715 @13.661s 5%: 0.061+1.9+0.022 ms clock, 0.24+0.64/0.55/0+0.089 ms cpu, 3->3->1 MB, 4 MB goal, 0 MB stacks, 0 MB globals, 4 P
gc 1716 @13.667s 5%: 0.079+0.58+0.031 ms clock, 0.31+0.83/0.52/0+0.12 ms cpu, 3->3->1 MB, 4 MB goal, 0 MB stacks, 0 MB globals, 4 P
gc 1717 @13.673s 5%: 0.045+0.58+0.044 ms clock, 0.18+0.87/0.45/0+0.17 ms cpu, 3->3->1 MB, 4 MB goal, 0 MB stacks, 0 MB globals, 4 P
gc 1718 @13.679s 5%: 0.54+0.73+0.030 ms clock, 2.1+1.2/0.74/0+0.12 ms cpu, 3->3->1 MB, 4 MB goal, 0 MB stacks, 0 MB globals, 4 P
gc 1719 @13.684s 5%: 0.076+2.1+0.049 ms clock, 0.30+0.83/0.54/0+0.19 ms cpu, 3->3->1 MB, 4 MB goal, 0 MB stacks, 0 MB globals, 4 P
gc 1720 @13.690s 5%: 0.050+2.1+0.074 ms clock, 0.20+0.72/1.6/0+0.29 ms cpu, 3->3->1 MB, 4 MB goal, 0 MB stacks, 0 MB globals, 4 P
gc 1721 @13.696s 5%: 0.089+0.99+0.048 ms clock, 0.35+0.81/0.81/0+0.19 ms cpu, 3->3->1 MB, 4 MB goal, 0 MB stacks, 0 MB globals, 4 P
gc 1722 @13.702s 5%: 2.5+0.19+0.049 ms clock, 10+0.56/2.6/0+0.19 ms cpu, 3->3->1 MB, 4 MB goal, 0 MB stacks, 0 MB globals, 4 P
gc 1723 @13.707s 5%: 0.071+1.3+0.051 ms clock, 0.28+0.55/0.68/0+0.20 ms cpu, 3->3->1 MB, 4 MB goal, 0 MB stacks, 0 MB globals, 4 P
gc 1724 @13.713s 5%: 0.066+1.1+0.046 ms clock, 0.26+0.44/0.61/0+0.18 ms cpu, 3->3->1 MB, 4 MB goal, 0 MB stacks, 0 MB globals, 4 P
gc 1725 @13.718s 5%: 0.094+1.2+0.047 ms clock, 0.37+0.63/0.73/0+0.19 ms cpu, 3->3->1 MB, 4 MB goal, 0 MB stacks, 0 MB globals, 4 P
gc 1726 @13.724s 5%: 0.048+1.4+0.058 ms clock, 0.19+0.65/0.72/0+0.23 ms cpu, 3->3->1 MB, 4 MB goal, 0 MB stacks, 0 MB globals, 4 P
gc 1727 @13.730s 5%: 0.060+1.9+0.029 ms clock, 0.24+0.72/0.63/0+0.11 ms cpu, 3->3->1 MB, 4 MB goal, 0 MB stacks, 0 MB globals, 4 P
gc 1728 @13.736s 5%: 0.040+1.6+0.029 ms clock, 0.16+0.99/0.12/0+0.11 ms cpu, 3->3->1 MB, 4 MB goal, 0 MB stacks, 0 MB globals, 4 P
gc 1729 @13.741s 5%: 0.089+0.78+0.033 ms clock, 0.35+0.76/0.61/0+0.13 ms cpu, 3->3->1 MB, 4 MB goal, 0 MB stacks, 0 MB globals, 4 P
gc 1730 @13.747s 5%: 0.053+1.3+0.053 ms clock, 0.21+0.89/0.50/0+0.21 ms cpu, 3->3->1 MB, 4 MB goal, 0 MB stacks, 0 MB globals, 4 P
gc 1731 @13.752s 5%: 0.097+1.4+0.035 ms clock, 0.39+0.22/0.79/0+0.14 ms cpu, 3->3->1 MB, 4 MB goal, 0 MB stacks, 0 MB globals, 4 P
gc 1732 @13.758s 5%: 0.070+0.78+0.043 ms clock, 0.28+0.72/0.64/0+0.17 ms cpu, 3->3->1 MB, 4 MB goal, 0 MB stacks, 0 MB globals, 4 P
gc 1733 @13.764s 5%: 0.091+0.75+0.041 ms clock, 0.36+0.51/0.63/0+0.16 ms cpu, 3->3->1 MB, 4 MB goal, 0 MB stacks, 0 MB globals, 4 P
gc 1734 @13.769s 5%: 0.059+1.9+0.056 ms clock, 0.23+0.58/0.55/0+0.22 ms cpu, 3->3->1 MB, 4 MB goal, 0 MB stacks, 0 MB globals, 4 P
gc 1735 @13.775s 5%: 0.058+1.3+0.054 ms clock, 0.23+0.69/0.62/0+0.21 ms cpu, 3->3->1 MB, 4 MB goal, 0 MB stacks, 0 MB globals, 4 P
gc 1736 @13.781s 5%: 0.076+0.63+0.048 ms clock, 0.30+0.93/0.53/0+0.19 ms cpu, 3->3->1 MB, 4 MB goal, 0 MB stacks, 0 MB globals, 4 P
gc 1737 @13.786s 5%: 0.39+2.0+0.035 ms clock, 1.5+0.20/0.98/0+0.14 ms cpu, 3->3->1 MB, 4 MB goal, 0 MB stacks, 0 MB globals, 4 P
gc 1738 @13.792s 5%: 0.31+0.56+0.044 ms clock, 1.2+0.64/0.71/0+0.17 ms cpu, 3->3->1 MB, 4 MB goal, 0 MB stacks, 0 MB globals, 4 P
gc 1739 @13.797s 5%: 0.077+1.8+0.069 ms clock, 0.30+0.44/0.87/0+0.27 ms cpu, 3->3->1 MB, 4 MB goal, 0 MB stacks, 0 MB globals, 4 P
gc 1740 @13.803s 5%: 0.083+1.2+0.003 ms clock, 0.33+1.2/0.001/0+0.015 ms cpu, 3->3->1 MB, 4 MB goal, 0 MB stacks, 0 MB globals, 4 P
gc 1741 @13.809s 5%: 0.068+1.0+0.052 ms clock, 0.27+0.84/0.94/0+0.20 ms cpu, 3->3->1 MB, 4 MB goal, 0 MB stacks, 0 MB globals, 4 P
gc 1742 @13.814s 5%: 0.075+0.62+0.054 ms clock, 0.30+0.65/0.51/0+0.21 ms cpu, 3->3->1 MB, 4 MB goal, 0 MB stacks, 0 MB globals, 4 P
gc 1743 @13.819s 5%: 0.090+0.50+0.026 ms clock, 0.36+0.88/0.46/0+0.10 ms cpu, 3->3->1 MB, 4 MB goal, 0 MB stacks, 0 MB globals, 4 P
gc 1744 @13.825s 5%: 0.038+1.3+0.027 ms clock, 0.15+0.65/0.57/0+0.11 ms cpu, 3->3->1 MB, 4 MB goal, 0 MB stacks, 0 MB globals, 4 P
gc 1745 @13.831s 5%: 0.046+0.93+0.041 ms clock, 0.18+0.89/0.81/0+0.16 ms cpu, 3->3->1 MB, 4 MB goal, 0 MB stacks, 0 MB globals, 4 P
gc 1746 @13.836s 5%: 0.086+1.2+0.083 ms clock, 0.34+0.93/0.52/0+0.33 ms cpu, 3->3->1 MB, 4 MB goal, 0 MB stacks, 0 MB globals, 4 P
gc 1747 @13.842s 5%: 0.11+0.79+0.062 ms clock, 0.46+0.86/0.68/0+0.24 ms cpu, 3->3->1 MB, 4 MB goal, 0 MB stacks, 0 MB globals, 4 P
gc 1748 @13.848s 5%: 0.071+0.68+0.061 ms clock, 0.28+0.92/0.60/0+0.24 ms cpu, 3->3->1 MB, 4 MB goal, 0 MB stacks, 0 MB globals, 4 P
gc 1749 @13.853s 5%: 0.079+2.7+0.087 ms clock, 0.31+0.59/1.8/0.12+0.35 ms cpu, 3->3->1 MB, 4 MB goal, 0 MB stacks, 0 MB globals, 4 P
gc 1750 @13.859s 5%: 0.11+0.68+0.025 ms clock, 0.46+0.57/0.58/0+0.10 ms cpu, 3->3->1 MB, 4 MB goal, 0 MB stacks, 0 MB globals, 4 P
gc 1751 @13.864s 5%: 0.081+1.5+0.071 ms clock, 0.32+0.36/0.84/0+0.28 ms cpu, 3->3->1 MB, 4 MB goal, 0 MB stacks, 0 MB globals, 4 P
gc 1752 @13.870s 5%: 0.070+0.61+0.038 ms clock, 0.28+0.90/0.51/0+0.15 ms cpu, 3->3->1 MB, 4 MB goal, 0 MB stacks, 0 MB globals, 4 P
gc 1753 @13.875s 5%: 0.42+1.3+0.10 ms clock, 1.6+0.56/1.0/0.28+0.40 ms cpu, 3->3->1 MB, 4 MB goal, 0 MB stacks, 0 MB globals, 4 P
gc 1754 @13.881s 5%: 0.073+1.9+0.006 ms clock, 0.29+0.55/0.80/0+0.026 ms cpu, 3->3->1 MB, 4 MB goal, 0 MB stacks, 0 MB globals, 4 P
gc 1755 @13.887s 5%: 0.058+1.2+0.053 ms clock, 0.23+0.74/0.51/0+0.21 ms cpu, 3->3->1 MB, 4 MB goal, 0 MB stacks, 0 MB globals, 4 P
gc 1756 @13.892s 5%: 0.077+3.0+0.020 ms clock, 0.31+0.48/0.66/0+0.083 ms cpu, 3->3->1 MB, 4 MB goal, 0 MB stacks, 0 MB globals, 4 P
gc 1757 @13.898s 5%: 0.062+0.78+0.027 ms clock, 0.25+0.88/0.61/0+0.10 ms cpu, 3->3->1 MB, 4 MB goal, 0 MB stacks, 0 MB globals, 4 P
gc 1758 @13.904s 5%: 0.37+0.66+0.046 ms clock, 1.5+0.40/0.89/0+0.18 ms cpu, 3->3->1 MB, 4 MB goal, 0 MB stacks, 0 MB globals, 4 P
gc 1759 @13.909s 5%: 0.31+2.7+0.050 ms clock, 1.2+0.72/2.8/0+0.20 ms cpu, 3->4->1 MB, 4 MB goal, 0 MB stacks, 0 MB globals, 4 P
gc 1760 @13.916s 5%: 0.19+0.71+0.054 ms clock, 0.77+0.39/0.72/0+0.21 ms cpu, 3->3->1 MB, 4 MB goal, 0 MB stacks, 0 MB globals, 4 P
gc 1761 @13.922s 5%: 0.097+0.71+0.026 ms clock, 0.39+0.54/0.62/0+0.10 ms cpu, 3->3->1 MB, 4 MB goal, 0 MB stacks, 0 MB globals, 4 P
gc 1762 @13.927s 5%: 0.070+0.63+0.039 ms clock, 0.28+0.79/0.50/0+0.15 ms cpu, 3->3->1 MB, 4 MB goal, 0 MB stacks, 0 MB globals, 4 P
gc 1763 @13.932s 5%: 0.091+1.5+0.060 ms clock, 0.36+0.65/0.66/0+0.24 ms cpu, 3->3->1 MB, 4 MB goal, 0 MB stacks, 0 MB globals, 4 P
gc 1764 @13.938s 5%: 0.077+1.7+0.042 ms clock, 0.30+0.30/0.78/0+0.16 ms cpu, 3->3->1 MB, 4 MB goal, 0 MB stacks, 0 MB globals, 4 P
gc 1765 @13.944s 5%: 0.077+0.67+0.027 ms clock, 0.30+0.60/0.57/0+0.10 ms cpu, 3->3->1 MB, 4 MB goal, 0 MB stacks, 0 MB globals, 4 P
gc 1766 @13.949s 5%: 0.082+2.1+0.009 ms clock, 0.33+1.4/1.5/0.031+0.037 ms cpu, 3->3->1 MB, 4 MB goal, 0 MB stacks, 0 MB globals, 4 P
gc 1767 @13.956s 5%: 0.063+0.78+0.035 ms clock, 0.25+0.66/0.68/0+0.14 ms cpu, 3->3->1 MB, 4 MB goal, 0 MB stacks, 0 MB globals, 4 P
gc 1768 @13.961s 5%: 0.31+2.0+0.025 ms clock, 1.2+0.45/1.0/0+0.10 ms cpu, 3->3->1 MB, 4 MB goal, 0 MB stacks, 0 MB globals, 4 P
gc 1769 @13.967s 5%: 0.092+1.3+0.032 ms clock, 0.36+0.61/0.61/0+0.13 ms cpu, 3->3->1 MB, 4 MB goal, 0 MB stacks, 0 MB globals, 4 P
gc 1770 @13.973s 5%: 0.061+1.4+0.038 ms clock, 0.24+0.64/0.66/0+0.15 ms cpu, 3->3->1 MB, 4 MB goal, 0 MB stacks, 0 MB globals, 4 P
gc 1771 @13.978s 5%: 0.063+1.6+0.033 ms clock, 0.25+0.69/1.5/0+0.13 ms cpu, 3->3->1 MB, 4 MB goal, 0 MB stacks, 0 MB globals, 4 P
gc 1772 @13.984s 5%: 0.067+1.0+0.027 ms clock, 0.26+0.39/0.73/0+0.11 ms cpu, 3->3->1 MB, 4 MB goal, 0 MB stacks, 0 MB globals, 4 P
gc 1773 @13.990s 5%: 0.054+2.1+0.036 ms clock, 0.21+0.51/0.69/0+0.14 ms cpu, 3->3->1 MB, 4 MB goal, 0 MB stacks, 0 MB globals, 4 P
gc 1774 @13.995s 5%: 0.071+1.2+0.067 ms clock, 0.28+0.71/0.54/0+0.26 ms cpu, 3->3->1 MB, 4 MB goal, 0 MB stacks, 0 MB globals, 4 P
gc 1775 @14.001s 5%: 0.25+1.5+0.056 ms clock, 1.0+1.0/0.84/0+0.22 ms cpu, 3->3->1 MB, 4 MB goal, 0 MB stacks, 0 MB globals, 4 P
gc 1776 @14.006s 5%: 1.8+0.42+0.027 ms clock, 7.4+0.44/2.1/0+0.10 ms cpu, 3->3->1 MB, 4 MB goal, 0 MB stacks, 0 MB globals, 4 P
gc 1777 @14.012s 5%: 0.42+1.9+0.045 ms clock, 1.7+0.49/1.8/0+0.18 ms cpu, 3->3->1 MB, 4 MB goal, 0 MB stacks, 0 MB globals, 4 P
gc 1778 @14.018s 5%: 0.099+1.3+0.030 ms clock, 0.39+0.39/0.67/0+0.12 ms cpu, 3->3->1 MB, 4 MB goal, 0 MB stacks, 0 MB globals, 4 P
gc 1779 @14.023s 5%: 0.060+0.63+0.061 ms clock, 0.24+0.71/0.52/0+0.24 ms cpu, 3->3->1 MB, 4 MB goal, 0 MB stacks, 0 MB globals, 4 P
gc 1780 @14.029s 5%: 0.043+0.70+0.036 ms clock, 0.17+0.60/0.61/0+0.14 ms cpu, 3->3->1 MB, 4 MB goal, 0 MB stacks, 0 MB globals, 4 P
gc 1781 @14.034s 5%: 0.063+0.71+0.024 ms clock, 0.25+0.76/0.64/0+0.096 ms cpu, 3->3->1 MB, 4 MB goal, 0 MB stacks, 0 MB globals, 4 P
gc 1782 @14.039s 5%: 0.071+1.0+0.071 ms clock, 0.28+0.62/0.94/0+0.28 ms cpu, 3->3->1 MB, 4 MB goal, 0 MB stacks, 0 MB globals, 4 P
gc 1783 @14.045s 5%: 0.096+0.68+0.026 ms clock, 0.38+0.90/0.58/0+0.10 ms cpu, 3->3->1 MB, 4 MB goal, 0 MB stacks, 0 MB globals, 4 P
gc 1784 @14.051s 5%: 0.064+1.0+0.026 ms clock, 0.25+0.69/0.55/0+0.10 ms cpu, 3->3->1 MB, 4 MB goal, 0 MB stacks, 0 MB globals, 4 P
gc 1785 @14.057s 5%: 0.047+1.1+0.045 ms clock, 0.19+0.69/1.0/0+0.18 ms cpu, 3->3->1 MB, 4 MB goal, 0 MB stacks, 0 MB globals, 4 P
gc 1786 @14.062s 5%: 0.063+0.60+0.058 ms clock, 0.25+0.71/0.52/0+0.23 ms cpu, 3->3->1 MB, 4 MB goal, 0 MB stacks, 0 MB globals, 4 P
gc 1787 @14.067s 5%: 0.071+1.9+0.022 ms clock, 0.28+0.39/0.70/0+0.090 ms cpu, 3->3->1 MB, 4 MB goal, 0 MB stacks, 0 MB globals, 4 P
gc 1788 @14.073s 5%: 0.31+1.3+0.026 ms clock, 1.2+0.30/1.0/0+0.10 ms cpu, 3->3->1 MB, 4 MB goal, 0 MB stacks, 0 MB globals, 4 P
gc 1789 @14.078s 5%: 0.060+0.69+0.060 ms clock, 0.24+0.79/0.51/0+0.24 ms cpu, 3->3->1 MB, 4 MB goal, 0 MB stacks, 0 MB globals, 4 P
gc 1790 @14.084s 5%: 0.079+1.0+0.064 ms clock, 0.31+0.69/0.85/0+0.25 ms cpu, 3->3->1 MB, 4 MB goal, 0 MB stacks, 0 MB globals, 4 P
gc 1791 @14.089s 5%: 0.045+0.67+0.076 ms clock, 0.18+0.60/0.54/0+0.30 ms cpu, 3->3->1 MB, 4 MB goal, 0 MB stacks, 0 MB globals, 4 P
gc 1792 @14.095s 5%: 0.26+2.2+0.082 ms clock, 1.0+0.54/2.1/0+0.32 ms cpu, 3->3->1 MB, 4 MB goal, 0 MB stacks, 0 MB globals, 4 P
gc 1793 @14.100s 5%: 0.36+1.7+0.010 ms clock, 1.4+0.25/1.0/0.002+0.043 ms cpu, 3->4->1 MB, 4 MB goal, 0 MB stacks, 0 MB globals, 4 P
gc 1794 @14.106s 5%: 0.074+2.3+0.041 ms clock, 0.29+0.61/0.62/0+0.16 ms cpu, 3->3->1 MB, 4 MB goal, 0 MB stacks, 0 MB globals, 4 P
gc 1795 @14.112s 5%: 0.078+1.5+0.088 ms clock, 0.31+0.49/0.64/0+0.35 ms cpu, 3->3->1 MB, 4 MB goal, 0 MB stacks, 0 MB globals, 4 P
gc 1796 @14.118s 5%: 0.38+1.3+0.040 ms clock, 1.5+1.5/0.66/0+0.16 ms cpu, 3->3->1 MB, 4 MB goal, 0 MB stacks, 0 MB globals, 4 P
gc 1797 @14.123s 5%: 0.057+0.88+0.035 ms clock, 0.22+0.59/0.76/0+0.14 ms cpu, 3->3->1 MB, 4 MB goal, 0 MB stacks, 0 MB globals, 4 P
gc 1798 @14.129s 5%: 0.051+1.7+0.040 ms clock, 0.20+0.60/0.56/0+0.16 ms cpu, 3->3->1 MB, 4 MB goal, 0 MB stacks, 0 MB globals, 4 P
gc 1799 @14.135s 5%: 0.063+0.67+0.055 ms clock, 0.25+0.75/0.55/0+0.22 ms cpu, 3->3->1 MB, 4 MB goal, 0 MB stacks, 0 MB globals, 4 P
gc 1800 @14.140s 5%: 0.050+3.0+0.021 ms clock, 0.20+0.95/2.9/0+0.084 ms cpu, 3->4->1 MB, 4 MB goal, 0 MB stacks, 0 MB globals, 4 P
gc 1801 @14.146s 5%: 0.060+0.72+0.031 ms clock, 0.24+0.74/0.58/0+0.12 ms cpu, 3->3->1 MB, 4 MB goal, 0 MB stacks, 0 MB globals, 4 P
gc 1802 @14.152s 5%: 0.048+0.82+0.043 ms clock, 0.19+0.81/0.71/0+0.17 ms cpu, 3->3->1 MB, 4 MB goal, 0 MB stacks, 0 MB globals, 4 P
gc 1803 @14.157s 5%: 0.26+2.1+0.040 ms clock, 1.0+0.62/1.1/0+0.16 ms cpu, 3->3->1 MB, 4 MB goal, 0 MB stacks, 0 MB globals, 4 P
gc 1804 @14.163s 5%: 0.060+1.1+0.057 ms clock, 0.24+0.42/0.54/0+0.22 ms cpu, 3->3->1 MB, 4 MB goal, 0 MB stacks, 0 MB globals, 4 P
gc 1805 @14.168s 5%: 0.079+1.1+0.058 ms clock, 0.31+0.65/0.67/0+0.23 ms cpu, 3->3->1 MB, 4 MB goal, 0 MB stacks, 0 MB globals, 4 P
gc 1806 @14.174s 5%: 0.042+0.83+0.041 ms clock, 0.17+0.94/0.71/0+0.16 ms cpu, 3->3->1 MB, 4 MB goal, 0 MB stacks, 0 MB globals, 4 P
gc 1807 @14.179s 5%: 0.084+0.66+0.025 ms clock, 0.33+0.91/0.60/0+0.10 ms cpu, 3->3->1 MB, 4 MB goal, 0 MB stacks, 0 MB globals, 4 P
gc 1808 @14.185s 5%: 0.10+0.88+0.056 ms clock, 0.40+0.63/0.77/0+0.22 ms cpu, 3->3->1 MB, 4 MB goal, 0 MB stacks, 0 MB globals, 4 P
gc 1809 @14.190s 5%: 0.10+2.3+0.037 ms clock, 0.42+0.39/0.59/0+0.15 ms cpu, 3->3->1 MB, 4 MB goal, 0 MB stacks, 0 MB globals, 4 P
gc 1810 @14.196s 5%: 0.062+0.85+0.041 ms clock, 0.24+0.92/0.70/0+0.16 ms cpu, 3->3->1 MB, 4 MB goal, 0 MB stacks, 0 MB globals, 4 P
gc 1811 @14.201s 5%: 0.094+0.67+0.054 ms clock, 0.37+0.74/0.55/0+0.21 ms cpu, 3->3->1 MB, 4 MB goal, 0 MB stacks, 0 MB globals, 4 P
gc 1812 @14.207s 5%: 0.043+1.8+0.045 ms clock, 0.17+0.67/0.72/0+0.18 ms cpu, 3->3->1 MB, 4 MB goal, 0 MB stacks, 0 MB globals, 4 P
gc 1813 @14.213s 5%: 0.077+0.69+0.026 ms clock, 0.31+0.51/0.63/0+0.10 ms cpu, 3->3->1 MB, 4 MB goal, 0 MB stacks, 0 MB globals, 4 P
gc 1814 @14.218s 5%: 0.059+0.65+0.046 ms clock, 0.23+0.83/0.51/0+0.18 ms cpu, 3->3->1 MB, 4 MB goal, 0 MB stacks, 0 MB globals, 4 P
gc 1815 @14.223s 5%: 0.073+2.1+0.071 ms clock, 0.29+0.73/0.60/0+0.28 ms cpu, 3->3->1 MB, 4 MB goal, 0 MB stacks, 0 MB globals, 4 P
gc 1816 @14.230s 5%: 0.051+0.87+0.024 ms clock, 0.20+0.77/0.76/0+0.097 ms cpu, 3->3->1 MB, 4 MB goal, 0 MB stacks, 0 MB globals, 4 P
gc 1817 @14.235s 5%: 0.052+1.0+0.081 ms clock, 0.21+1.5/0.001/0+0.32 ms cpu, 3->3->1 MB, 4 MB goal, 0 MB stacks, 0 MB globals, 4 P
gc 1818 @14.240s 5%: 0.34+1.6+0.035 ms clock, 1.3+0.53/1.7/0.047+0.14 ms cpu, 3->3->1 MB, 4 MB goal, 0 MB stacks, 0 MB globals, 4 P
gc 1819 @14.246s 5%: 0.33+0.81+0.051 ms clock, 1.3+0.46/1.0/0.015+0.20 ms cpu, 3->3->1 MB, 4 MB goal, 0 MB stacks, 0 MB globals, 4 P
gc 1820 @14.252s 5%: 0.061+0.65+0.032 ms clock, 0.24+0.84/0.57/0+0.12 ms cpu, 3->3->1 MB, 4 MB goal, 0 MB stacks, 0 MB globals, 4 P
gc 1821 @14.257s 5%: 0.051+0.80+0.031 ms clock, 0.20+0.85/0.69/0+0.12 ms cpu, 3->3->1 MB, 4 MB goal, 0 MB stacks, 0 MB globals, 4 P
gc 1822 @14.262s 5%: 0.065+1.1+0.027 ms clock, 0.26+0.51/0.50/0+0.11 ms cpu, 3->3->1 MB, 4 MB goal, 0 MB stacks, 0 MB globals, 4 P
gc 1823 @14.268s 5%: 0.051+0.74+0.019 ms clock, 0.20+0.78/0.54/0+0.076 ms cpu, 3->3->1 MB, 4 MB goal, 0 MB stacks, 0 MB globals, 4 P
gc 1824 @14.274s 5%: 2.3+0.14+0.022 ms clock, 9.3+1.1/2.3/0+0.088 ms cpu, 3->3->1 MB, 4 MB goal, 0 MB stacks, 0 MB globals, 4 P
gc 1825 @14.280s 5%: 0.076+1.4+0.028 ms clock, 0.30+0.43/0.80/0+0.11 ms cpu, 3->3->1 MB, 4 MB goal, 0 MB stacks, 0 MB globals, 4 P
gc 1826 @14.285s 5%: 2.1+0.43+0.024 ms clock, 8.6+0.36/2.3/0+0.096 ms cpu, 3->3->1 MB, 4 MB goal, 0 MB stacks, 0 MB globals, 4 P
gc 1827 @14.291s 5%: 0.052+0.72+0.043 ms clock, 0.20+0.91/0.50/0+0.17 ms cpu, 3->3->1 MB, 4 MB goal, 0 MB stacks, 0 MB globals, 4 P
gc 1828 @14.297s 5%: 0.055+1.5+0.016 ms clock, 0.22+0.74/0.72/0+0.066 ms cpu, 3->3->1 MB, 4 MB goal, 0 MB stacks, 0 MB globals, 4 P
gc 1829 @14.302s 5%: 0.062+1.5+0.013 ms clock, 0.25+0.78/0.74/0+0.053 ms cpu, 3->3->1 MB, 4 MB goal, 0 MB stacks, 0 MB globals, 4 P
gc 1830 @14.308s 5%: 0.054+0.75+0.041 ms clock, 0.21+0.91/0.64/0+0.16 ms cpu, 3->3->1 MB, 4 MB goal, 0 MB stacks, 0 MB globals, 4 P
gc 1831 @14.313s 5%: 0.095+0.90+0.079 ms clock, 0.38+0.65/0.78/0+0.31 ms cpu, 3->3->1 MB, 4 MB goal, 0 MB stacks, 0 MB globals, 4 P
gc 1832 @14.319s 5%: 0.048+0.69+0.015 ms clock, 0.19+0.74/0.60/0+0.063 ms cpu, 3->3->1 MB, 4 MB goal, 0 MB stacks, 0 MB globals, 4 P
gc 1833 @14.325s 5%: 0.075+1.4+0.049 ms clock, 0.30+0.59/0.59/0+0.19 ms cpu, 3->3->1 MB, 4 MB goal, 0 MB stacks, 0 MB globals, 4 P
gc 1834 @14.330s 5%: 0.073+0.84+0.061 ms clock, 0.29+0.72/0.68/0+0.24 ms cpu, 3->3->1 MB, 4 MB goal, 0 MB stacks, 0 MB globals, 4 P
gc 1835 @14.336s 5%: 0.61+0.48+0.036 ms clock, 2.4+0.70/0.87/0+0.14 ms cpu, 3->3->1 MB, 4 MB goal, 0 MB stacks, 0 MB globals, 4 P
gc 1836 @14.341s 5%: 0.044+1.6+0.003 ms clock, 0.17+0.75/1.0/0+0.013 ms cpu, 3->3->1 MB, 4 MB goal, 0 MB stacks, 0 MB globals, 4 P
gc 1837 @14.347s 5%: 0.061+1.3+0.043 ms clock, 0.24+0.62/0.68/0+0.17 ms cpu, 3->3->1 MB, 4 MB goal, 0 MB stacks, 0 MB globals, 4 P
gc 1838 @14.353s 5%: 0.099+1.5+0.003 ms clock, 0.39+0.84/0.73/0+0.014 ms cpu, 3->3->1 MB, 4 MB goal, 0 MB stacks, 0 MB globals, 4 P
gc 1839 @14.358s 5%: 0.039+1.8+0.026 ms clock, 0.15+0.56/1.2/0.011+0.10 ms cpu, 3->3->1 MB, 4 MB goal, 0 MB stacks, 0 MB globals, 4 P
gc 1840 @14.364s 5%: 0.035+1.1+0.087 ms clock, 0.14+0.94/0.53/0+0.34 ms cpu, 3->3->1 MB, 4 MB goal, 0 MB stacks, 0 MB globals, 4 P
gc 1841 @14.369s 5%: 0.080+0.86+0.055 ms clock, 0.32+0.57/0.73/0+0.22 ms cpu, 3->3->1 MB, 4 MB goal, 0 MB stacks, 0 MB globals, 4 P
gc 1842 @14.375s 5%: 0.074+0.74+0.036 ms clock, 0.29+0.73/0.60/0+0.14 ms cpu, 3->3->1 MB, 4 MB goal, 0 MB stacks, 0 MB globals, 4 P
gc 1843 @14.380s 5%: 0.50+0.62+0.072 ms clock, 2.0+0.79/0.84/0+0.29 ms cpu, 3->3->1 MB, 4 MB goal, 0 MB stacks, 0 MB globals, 4 P
gc 1844 @14.386s 5%: 2.3+0.21+0.017 ms clock, 9.4+0.73/2.4/0+0.071 ms cpu, 3->3->1 MB, 4 MB goal, 0 MB stacks, 0 MB globals, 4 P
gc 1845 @14.392s 5%: 0.077+0.69+0.021 ms clock, 0.30+0.56/0.62/0+0.085 ms cpu, 3->3->1 MB, 4 MB goal, 0 MB stacks, 0 MB globals, 4 P
gc 1846 @14.397s 5%: 0.068+1.7+0.070 ms clock, 0.27+0.52/0.58/0+0.28 ms cpu, 3->3->1 MB, 4 MB goal, 0 MB stacks, 0 MB globals, 4 P
gc 1847 @14.403s 5%: 0.050+1.5+0.024 ms clock, 0.20+0.51/0.80/0+0.099 ms cpu, 3->3->1 MB, 4 MB goal, 0 MB stacks, 0 MB globals, 4 P
gc 1848 @14.408s 5%: 0.059+1.0+0.021 ms clock, 0.23+0.58/0.98/0+0.087 ms cpu, 3->3->1 MB, 4 MB goal, 0 MB stacks, 0 MB globals, 4 P
gc 1849 @14.414s 5%: 0.39+1.8+0.023 ms clock, 1.5+0.22/1.2/0+0.092 ms cpu, 3->3->1 MB, 4 MB goal, 0 MB stacks, 0 MB globals, 4 P
gc 1850 @14.420s 5%: 0.098+1.8+0.031 ms clock, 0.39+1.8/0.79/0+0.12 ms cpu, 3->3->1 MB, 4 MB goal, 0 MB stacks, 0 MB globals, 4 P
gc 1851 @14.425s 5%: 0.051+2.2+0.076 ms clock, 0.20+0.51/0.82/0+0.30 ms cpu, 3->3->1 MB, 4 MB goal, 0 MB stacks, 0 MB globals, 4 P
gc 1852 @14.431s 5%: 0.071+0.84+0.041 ms clock, 0.28+0.62/0.72/0+0.16 ms cpu, 3->3->1 MB, 4 MB goal, 0 MB stacks, 0 MB globals, 4 P
gc 1853 @14.437s 5%: 0.059+2.9+0.026 ms clock, 0.23+0.89/2.0/0+0.10 ms cpu, 3->4->1 MB, 4 MB goal, 0 MB stacks, 0 MB globals, 4 P
gc 1854 @14.443s 5%: 0.42+0.55+0.032 ms clock, 1.7+0.22/0.86/0.086+0.12 ms cpu, 3->3->1 MB, 4 MB goal, 0 MB stacks, 0 MB globals, 4 P
gc 1855 @14.448s 5%: 0.082+0.73+0.062 ms clock, 0.32+0.55/0.63/0+0.24 ms cpu, 3->3->1 MB, 4 MB goal, 0 MB stacks, 0 MB globals, 4 P
gc 1856 @14.454s 5%: 0.44+0.90+0.066 ms clock, 1.7+0.54/1.1/0+0.26 ms cpu, 3->3->1 MB, 4 MB goal, 0 MB stacks, 0 MB globals, 4 P
gc 1857 @14.459s 5%: 0.46+1.5+0.033 ms clock, 1.8+0.71/1.3/0+0.13 ms cpu, 3->3->1 MB, 4 MB goal, 0 MB stacks, 0 MB globals, 4 P
gc 1858 @14.465s 5%: 0.050+0.68+0.024 ms clock, 0.20+0.93/0.55/0+0.096 ms cpu, 3->3->1 MB, 4 MB goal, 0 MB stacks, 0 MB globals, 4 P
gc 1859 @14.470s 5%: 0.045+1.1+0.045 ms clock, 0.18+0.49/0.66/0+0.18 ms cpu, 3->3->1 MB, 4 MB goal, 0 MB stacks, 0 MB globals, 4 P
gc 1860 @14.476s 5%: 0.054+0.99+0.038 ms clock, 0.21+0.87/0.90/0+0.15 ms cpu, 3->3->1 MB, 4 MB goal, 0 MB stacks, 0 MB globals, 4 P
gc 1861 @14.481s 5%: 0.074+2.5+0.048 ms clock, 0.29+0.32/0.71/0+0.19 ms cpu, 3->4->1 MB, 4 MB goal, 0 MB stacks, 0 MB globals, 4 P
gc 1862 @14.488s 5%: 0.079+1.7+0.010 ms clock, 0.31+0.56/0.85/0+0.043 ms cpu, 3->4->1 MB, 4 MB goal, 0 MB stacks, 0 MB globals, 4 P
gc 1863 @14.493s 5%: 0.045+1.4+0.003 ms clock, 0.18+0.45/0.84/0+0.012 ms cpu, 3->3->1 MB, 4 MB goal, 0 MB stacks, 0 MB globals, 4 P
gc 1864 @14.499s 5%: 0.057+0.69+0.006 ms clock, 0.22+0.66/0.61/0+0.027 ms cpu, 3->3->1 MB, 4 MB goal, 0 MB stacks, 0 MB globals, 4 P
gc 1865 @14.504s 5%: 0.072+0.71+0.041 ms clock, 0.29+0.88/0.59/0+0.16 ms cpu, 3->3->1 MB, 4 MB goal, 0 MB stacks, 0 MB globals, 4 P
gc 1866 @14.510s 5%: 0.067+1.8+0.026 ms clock, 0.26+0.52/0.61/0+0.10 ms cpu, 3->3->1 MB, 4 MB goal, 0 MB stacks, 0 MB globals, 4 P
gc 1867 @14.515s 5%: 0.052+1.3+0.080 ms clock, 0.20+1.2/0.001/0+0.32 ms cpu, 3->3->1 MB, 4 MB goal, 0 MB stacks, 0 MB globals, 4 P
gc 1868 @14.521s 5%: 0.077+0.73+0.056 ms clock, 0.30+0.94/0.48/0+0.22 ms cpu, 3->3->1 MB, 4 MB goal, 0 MB stacks, 0 MB globals, 4 P
gc 1869 @14.526s 5%: 0.054+0.81+0.036 ms clock, 0.21+0.78/0.66/0+0.14 ms cpu, 3->3->1 MB, 4 MB goal, 0 MB stacks, 0 MB globals, 4 P
gc 1870 @14.532s 5%: 0.063+1.3+0.046 ms clock, 0.25+0.49/0.61/0+0.18 ms cpu, 3->3->1 MB, 4 MB goal, 0 MB stacks, 0 MB globals, 4 P
gc 1871 @14.537s 5%: 0.043+1.4+0.030 ms clock, 0.17+0.45/0.58/0+0.12 ms cpu, 3->3->1 MB, 4 MB goal, 0 MB stacks, 0 MB globals, 4 P
gc 1872 @14.543s 5%: 0.30+1.1+0.046 ms clock, 1.2+0.73/1.2/0.002+0.18 ms cpu, 3->3->1 MB, 4 MB goal, 0 MB stacks, 0 MB globals, 4 P
gc 1873 @14.549s 5%: 0.085+1.1+0.039 ms clock, 0.34+0.35/0.82/0+0.15 ms cpu, 3->3->1 MB, 4 MB goal, 0 MB stacks, 0 MB globals, 4 P
gc 1874 @14.554s 5%: 0.030+2.2+0.038 ms clock, 0.12+0.34/0.64/0+0.15 ms cpu, 3->3->1 MB, 4 MB goal, 0 MB stacks, 0 MB globals, 4 P
gc 1875 @14.560s 5%: 0.059+0.90+0.044 ms clock, 0.23+0.91/0.74/0+0.17 ms cpu, 3->3->1 MB, 4 MB goal, 0 MB stacks, 0 MB globals, 4 P
gc 1876 @14.565s 5%: 0.058+0.67+0.041 ms clock, 0.23+0.75/0.58/0+0.16 ms cpu, 3->3->1 MB, 4 MB goal, 0 MB stacks, 0 MB globals, 4 P
gc 1877 @14.571s 5%: 0.091+1.7+0.028 ms clock, 0.36+0.64/0.59/0+0.11 ms cpu, 3->3->1 MB, 4 MB goal, 0 MB stacks, 0 MB globals, 4 P
gc 1878 @14.576s 5%: 0.049+0.75+0.036 ms clock, 0.19+0.82/0.61/0+0.14 ms cpu, 3->3->1 MB, 4 MB goal, 0 MB stacks, 0 MB globals, 4 P
gc 1879 @14.582s 5%: 0.10+0.86+0.028 ms clock, 0.43+0.89/0.74/0+0.11 ms cpu, 3->3->1 MB, 4 MB goal, 0 MB stacks, 0 MB globals, 4 P
gc 1880 @14.587s 5%: 0.12+0.72+0.035 ms clock, 0.48+0.75/0.54/0+0.14 ms cpu, 3->3->1 MB, 4 MB goal, 0 MB stacks, 0 MB globals, 4 P
gc 1881 @14.593s 5%: 0.041+0.75+0.055 ms clock, 0.16+0.84/0.60/0+0.22 ms cpu, 3->3->1 MB, 4 MB goal, 0 MB stacks, 0 MB globals, 4 P
gc 1882 @14.598s 5%: 0.046+1.9+0.061 ms clock, 0.18+0.40/0.71/0+0.24 ms cpu, 3->3->1 MB, 4 MB goal, 0 MB stacks, 0 MB globals, 4 P
gc 1883 @14.604s 5%: 0.076+0.74+0.051 ms clock, 0.30+0.94/0.66/0+0.20 ms cpu, 3->3->1 MB, 4 MB goal, 0 MB stacks, 0 MB globals, 4 P
gc 1884 @14.609s 5%: 0.034+1.3+0.051 ms clock, 0.13+0.68/0.69/0+0.20 ms cpu, 3->3->1 MB, 4 MB goal, 0 MB stacks, 0 MB globals, 4 P
gc 1885 @14.615s 5%: 0.054+1.7+0.032 ms clock, 0.21+0.46/0.77/0+0.12 ms cpu, 3->3->1 MB, 4 MB goal, 0 MB stacks, 0 MB globals, 4 P
gc 1886 @14.621s 5%: 0.051+0.69+0.047 ms clock, 0.20+0.81/0.50/0+0.19 ms cpu, 3->3->1 MB, 4 MB goal, 0 MB stacks, 0 MB globals, 4 P
gc 1887 @14.626s 5%: 2.0+1.0+0.082 ms clock, 8.2+0.39/2.2/0+0.32 ms cpu, 3->3->1 MB, 4 MB goal, 0 MB stacks, 0 MB globals, 4 P
gc 1888 @14.632s 5%: 0.19+1.9+0.031 ms clock, 0.78+0.81/1.0/0+0.12 ms cpu, 3->4->1 MB, 4 MB goal, 0 MB stacks, 0 MB globals, 4 P
gc 1889 @14.638s 5%: 0.048+1.4+0.013 ms clock, 0.19+0.86/0.47/0+0.054 ms cpu, 3->3->1 MB, 4 MB goal, 0 MB stacks, 0 MB globals, 4 P
gc 1890 @14.644s 5%: 0.036+0.76+0.043 ms clock, 0.14+0.91/0.61/0+0.17 ms cpu, 3->3->1 MB, 4 MB goal, 0 MB stacks, 0 MB globals, 4 P
gc 1891 @14.649s 5%: 0.046+1.6+0.076 ms clock, 0.18+0.63/0.85/0+0.30 ms cpu, 3->3->1 MB, 4 MB goal, 0 MB stacks, 0 MB globals, 4 P
gc 1892 @14.655s 5%: 0.055+0.76+0.031 ms clock, 0.22+0.91/0.65/0+0.12 ms cpu, 3->3->1 MB, 4 MB goal, 0 MB stacks, 0 MB globals, 4 P
gc 1893 @14.660s 5%: 0.058+0.72+0.054 ms clock, 0.23+0.86/0.63/0+0.21 ms cpu, 3->3->1 MB, 4 MB goal, 0 MB stacks, 0 MB globals, 4 P
gc 1894 @14.666s 5%: 0.095+0.82+0.062 ms clock, 0.38+0.63/0.61/0+0.25 ms cpu, 3->3->1 MB, 4 MB goal, 0 MB stacks, 0 MB globals, 4 P
gc 1895 @14.671s 5%: 0.040+0.93+0.019 ms clock, 0.16+0.48/0.76/0+0.076 ms cpu, 3->3->1 MB, 4 MB goal, 0 MB stacks, 0 MB globals, 4 P
gc 1896 @14.677s 5%: 0.066+1.8+0.075 ms clock, 0.26+0.26/0.84/0+0.30 ms cpu, 3->3->1 MB, 4 MB goal, 0 MB stacks, 0 MB globals, 4 P
gc 1897 @14.683s 5%: 0.37+1.3+0.023 ms clock, 1.5+0.72/1.5/0.009+0.095 ms cpu, 3->3->1 MB, 4 MB goal, 0 MB stacks, 0 MB globals, 4 P
gc 1898 @14.688s 5%: 0.099+0.76+0.022 ms clock, 0.39+0.62/0.64/0+0.091 ms cpu, 3->3->1 MB, 4 MB goal, 0 MB stacks, 0 MB globals, 4 P
gc 1899 @14.694s 5%: 0.10+2.3+0.029 ms clock, 0.41+0.64/0.82/0+0.11 ms cpu, 3->3->1 MB, 4 MB goal, 0 MB stacks, 0 MB globals, 4 P
gc 1900 @14.700s 5%: 0.068+1.7+0.029 ms clock, 0.27+1.0/1.4/0.012+0.11 ms cpu, 3->3->1 MB, 4 MB goal, 0 MB stacks, 0 MB globals, 4 P
gc 1901 @14.705s 5%: 0.060+1.3+0.028 ms clock, 0.24+0.55/0.62/0+0.11 ms cpu, 3->3->1 MB, 4 MB goal, 0 MB stacks, 0 MB globals, 4 P
gc 1902 @14.711s 5%: 0.033+0.70+0.031 ms clock, 0.13+0.80/0.58/0+0.12 ms cpu, 3->3->1 MB, 4 MB goal, 0 MB stacks, 0 MB globals, 4 P
gc 1903 @14.716s 5%: 0.051+0.65+0.038 ms clock, 0.20+0.75/0.58/0+0.15 ms cpu, 3->3->1 MB, 4 MB goal, 0 MB stacks, 0 MB globals, 4 P
gc 1904 @14.722s 5%: 0.055+0.56+0.034 ms clock, 0.22+0.77/0.52/0+0.13 ms cpu, 3->3->1 MB, 4 MB goal, 0 MB stacks, 0 MB globals, 4 P
gc 1905 @14.727s 5%: 0.053+0.69+0.055 ms clock, 0.21+0.94/0.58/0+0.22 ms cpu, 3->3->1 MB, 4 MB goal, 0 MB stacks, 0 MB globals, 4 P
gc 1906 @14.732s 5%: 0.064+1.8+0.047 ms clock, 0.25+0.89/0.48/0+0.18 ms cpu, 3->3->1 MB, 4 MB goal, 0 MB stacks, 0 MB globals, 4 P
gc 1907 @14.738s 5%: 0.36+1.4+0.033 ms clock, 1.4+0.45/0.98/0.19+0.13 ms cpu, 3->3->1 MB, 4 MB goal, 0 MB stacks, 0 MB globals, 4 P
gc 1908 @14.744s 5%: 0.075+1.2+0.018 ms clock, 0.30+0.42/0.66/0+0.074 ms cpu, 3->3->1 MB, 4 MB goal, 0 MB stacks, 0 MB globals, 4 P
gc 1909 @14.750s 5%: 2.0+0.72+0.007 ms clock, 8.2+0.63/2.1/0.012+0.028 ms cpu, 3->3->1 MB, 4 MB goal, 0 MB stacks, 0 MB globals, 4 P
gc 1910 @14.756s 5%: 0.039+3.2+0.026 ms clock, 0.15+3.2/1.1/0+0.10 ms cpu, 3->4->1 MB, 4 MB goal, 0 MB stacks, 0 MB globals, 4 P
gc 1911 @14.762s 5%: 0.079+2.2+0.014 ms clock, 0.31+0.51/0.63/0+0.058 ms cpu, 3->4->1 MB, 4 MB goal, 0 MB stacks, 0 MB globals, 4 P
gc 1912 @14.768s 5%: 0.063+1.3+0.046 ms clock, 0.25+0.69/0.73/0+0.18 ms cpu, 3->3->1 MB, 4 MB goal, 0 MB stacks, 0 MB globals, 4 P
gc 1913 @14.773s 5%: 0.087+1.1+0.035 ms clock, 0.34+1.1/0.031/0+0.14 ms cpu, 3->3->1 MB, 4 MB goal, 0 MB stacks, 0 MB globals, 4 P
gc 1914 @14.779s 5%: 0.079+0.63+0.023 ms clock, 0.31+0.72/0.55/0+0.094 ms cpu, 3->3->1 MB, 4 MB goal, 0 MB stacks, 0 MB globals, 4 P
gc 1915 @14.784s 5%: 0.047+1.4+0.028 ms clock, 0.19+0.84/0.50/0+0.11 ms cpu, 3->3->1 MB, 4 MB goal, 0 MB stacks, 0 MB globals, 4 P
gc 1916 @14.790s 5%: 0.045+2.2+0.033 ms clock, 0.18+0.46/0.69/0+0.13 ms cpu, 3->3->1 MB, 4 MB goal, 0 MB stacks, 0 MB globals, 4 P
gc 1917 @14.796s 5%: 0.067+0.68+0.070 ms clock, 0.27+0.67/0.54/0+0.28 ms cpu, 3->3->1 MB, 4 MB goal, 0 MB stacks, 0 MB globals, 4 P
gc 1918 @14.801s 5%: 0.079+0.85+0.034 ms clock, 0.31+0.81/0.72/0+0.13 ms cpu, 3->3->1 MB, 4 MB goal, 0 MB stacks, 0 MB globals, 4 P
gc 1919 @14.807s 5%: 0.071+0.62+0.050 ms clock, 0.28+0.63/0.55/0+0.20 ms cpu, 3->3->1 MB, 4 MB goal, 0 MB stacks, 0 MB globals, 4 P
gc 1920 @14.812s 5%: 0.066+0.66+0.032 ms clock, 0.26+0.98/0.58/0+0.13 ms cpu, 3->3->1 MB, 4 MB goal, 0 MB stacks, 0 MB globals, 4 P
gc 1921 @14.817s 5%: 0.082+2.2+0.024 ms clock, 0.32+0.53/0.71/0+0.097 ms cpu, 3->3->1 MB, 4 MB goal, 0 MB stacks, 0 MB globals, 4 P
gc 1922 @14.823s 5%: 0.059+1.3+0.033 ms clock, 0.23+0.56/0.56/0+0.13 ms cpu, 3->3->1 MB, 4 MB goal, 0 MB stacks, 0 MB globals, 4 P
gc 1923 @14.829s 5%: 0.080+1.6+0.078 ms clock, 0.32+0.25/0.79/0+0.31 ms cpu, 3->3->1 MB, 4 MB goal, 0 MB stacks, 0 MB globals, 4 P
gc 1924 @14.835s 5%: 1.9+0.72+0.008 ms clock, 7.8+0.67/2.1/0.051+0.032 ms cpu, 3->4->1 MB, 4 MB goal, 0 MB stacks, 0 MB globals, 4 P
gc 1925 @14.841s 5%: 0.050+1.3+0.026 ms clock, 0.20+1.2/0/0+0.10 ms cpu, 3->3->1 MB, 4 MB goal, 0 MB stacks, 0 MB globals, 4 P
gc 1926 @14.846s 5%: 0.041+0.70+0.039 ms clock, 0.16+0.86/0.58/0+0.15 ms cpu, 3->3->1 MB, 4 MB goal, 0 MB stacks, 0 MB globals, 4 P
gc 1927 @14.852s 5%: 3.1+0.12+0.038 ms clock, 12+2.9/0.99/0+0.15 ms cpu, 3->4->1 MB, 4 MB goal, 0 MB stacks, 0 MB globals, 4 P
gc 1928 @14.858s 5%: 0.032+0.61+0.018 ms clock, 0.13+0.82/0.49/0+0.074 ms cpu, 3->3->1 MB, 4 MB goal, 0 MB stacks, 0 MB globals, 4 P
gc 1929 @14.863s 5%: 0.079+0.98+0.022 ms clock, 0.31+0.47/0.66/0+0.090 ms cpu, 3->3->1 MB, 4 MB goal, 0 MB stacks, 0 MB globals, 4 P
gc 1930 @14.869s 5%: 0.58+1.0+0.055 ms clock, 2.3+0.69/0.88/0+0.22 ms cpu, 3->3->1 MB, 4 MB goal, 0 MB stacks, 0 MB globals, 4 P
gc 1931 @14.875s 5%: 0.044+2.2+0.017 ms clock, 0.17+0.88/0.54/0+0.069 ms cpu, 3->3->1 MB, 4 MB goal, 0 MB stacks, 0 MB globals, 4 P
gc 1932 @14.880s 5%: 0.099+1.4+0.059 ms clock, 0.39+0.72/0.55/0+0.23 ms cpu, 3->3->1 MB, 4 MB goal, 0 MB stacks, 0 MB globals, 4 P
gc 1933 @14.886s 5%: 0.038+0.81+0.032 ms clock, 0.15+0.81/0.71/0+0.12 ms cpu, 3->3->1 MB, 4 MB goal, 0 MB stacks, 0 MB globals, 4 P
gc 1934 @14.891s 5%: 0.29+1.1+0.084 ms clock, 1.1+0.77/0.95/0+0.33 ms cpu, 3->3->1 MB, 4 MB goal, 0 MB stacks, 0 MB globals, 4 P
gc 1935 @14.897s 5%: 0.27+1.0+0.023 ms clock, 1.0+0.71/1.1/0+0.095 ms cpu, 3->3->1 MB, 4 MB goal, 0 MB stacks, 0 MB globals, 4 P
gc 1936 @14.903s 5%: 0.073+1.7+0.022 ms clock, 0.29+1.7/0.79/0+0.089 ms cpu, 3->3->1 MB, 4 MB goal, 0 MB stacks, 0 MB globals, 4 P
gc 1937 @14.908s 5%: 0.25+1.1+0.009 ms clock, 1.0+0.30/0.67/0+0.036 ms cpu, 3->3->1 MB, 4 MB goal, 0 MB stacks, 0 MB globals, 4 P
gc 1938 @14.914s 5%: 0.055+2.0+0.029 ms clock, 0.22+0.46/0.76/0+0.11 ms cpu, 3->3->1 MB, 4 MB goal, 0 MB stacks, 0 MB globals, 4 P
gc 1939 @14.920s 5%: 0.36+1.4+0.012 ms clock, 1.4+0.68/1.2/0.048+0.050 ms cpu, 3->3->1 MB, 4 MB goal, 0 MB stacks, 0 MB globals, 4 P
gc 1940 @14.925s 5%: 0.097+0.84+0.036 ms clock, 0.38+0.66/0.74/0+0.14 ms cpu, 3->3->1 MB, 4 MB goal, 0 MB stacks, 0 MB globals, 4 P
gc 1941 @14.931s 5%: 0.039+1.6+0.037 ms clock, 0.15+0.78/1.3/0+0.14 ms cpu, 3->3->1 MB, 4 MB goal, 0 MB stacks, 0 MB globals, 4 P
gc 1942 @14.937s 5%: 0.11+0.62+0.039 ms clock, 0.45+0.83/0.48/0+0.15 ms cpu, 3->3->1 MB, 4 MB goal, 0 MB stacks, 0 MB globals, 4 P
gc 1943 @14.942s 5%: 0.074+0.85+0.058 ms clock, 0.29+1.0/0.57/0+0.23 ms cpu, 3->3->1 MB, 4 MB goal, 0 MB stacks, 0 MB globals, 4 P
gc 1944 @14.948s 5%: 0.049+0.73+0.043 ms clock, 0.19+0.80/0.63/0+0.17 ms cpu, 3->3->1 MB, 4 MB goal, 0 MB stacks, 0 MB globals, 4 P
gc 1945 @14.953s 5%: 0.069+0.69+0.023 ms clock, 0.27+0.83/0.63/0+0.092 ms cpu, 3->3->1 MB, 4 MB goal, 0 MB stacks, 0 MB globals, 4 P
gc 1946 @14.959s 5%: 0.29+1.5+0.052 ms clock, 1.1+0.62/1.1/0+0.21 ms cpu, 3->3->1 MB, 4 MB goal, 0 MB stacks, 0 MB globals, 4 P
gc 1947 @14.964s 5%: 0.041+0.62+0.041 ms clock, 0.16+0.68/0.52/0+0.16 ms cpu, 3->3->1 MB, 4 MB goal, 0 MB stacks, 0 MB globals, 4 P
gc 1948 @14.970s 5%: 0.096+0.80+0.051 ms clock, 0.38+0.84/0.64/0+0.20 ms cpu, 3->3->1 MB, 4 MB goal, 0 MB stacks, 0 MB globals, 4 P
gc 1949 @14.975s 5%: 0.095+1.1+0.028 ms clock, 0.38+0.65/0.50/0+0.11 ms cpu, 3->3->1 MB, 4 MB goal, 0 MB stacks, 0 MB globals, 4 P
gc 1950 @14.981s 5%: 0.28+1.2+0.025 ms clock, 1.1+0.89/1.4/0+0.10 ms cpu, 3->3->1 MB, 4 MB goal, 0 MB stacks, 0 MB globals, 4 P
gc 1951 @14.986s 5%: 0.059+1.4+0.024 ms clock, 0.23+0.70/0.73/0+0.099 ms cpu, 3->3->1 MB, 4 MB goal, 0 MB stacks, 0 MB globals, 4 P
gc 1952 @14.992s 5%: 0.072+2.2+0.079 ms clock, 0.28+0.87/0.59/0+0.31 ms cpu, 3->3->1 MB, 4 MB goal, 0 MB stacks, 0 MB globals, 4 P
gc 1953 @14.998s 5%: 0.054+0.71+0.022 ms clock, 0.21+0.86/0.57/0+0.090 ms cpu, 3->3->1 MB, 4 MB goal, 0 MB stacks, 0 MB globals, 4 P
gc 1954 @15.003s 5%: 0.064+1.9+0.050 ms clock, 0.25+0.55/0.65/0+0.20 ms cpu, 3->3->1 MB, 4 MB goal, 0 MB stacks, 0 MB globals, 4 P
gc 1955 @15.009s 5%: 0.048+1.4+0.023 ms clock, 0.19+0.67/0.67/0+0.094 ms cpu, 3->3->1 MB, 4 MB goal, 0 MB stacks, 0 MB globals, 4 P
gc 1956 @15.015s 5%: 0.097+2.2+0.077 ms clock, 0.38+0.61/0.71/0+0.30 ms cpu, 3->3->1 MB, 4 MB goal, 0 MB stacks, 0 MB globals, 4 P
gc 1957 @15.021s 5%: 0.070+0.74+0.038 ms clock, 0.28+0.48/0.67/0+0.15 ms cpu, 3->3->1 MB, 4 MB goal, 0 MB stacks, 0 MB globals, 4 P
gc 1958 @15.026s 5%: 0.098+1.3+0.039 ms clock, 0.39+1.1/1.2/0+0.15 ms cpu, 3->3->1 MB, 4 MB goal, 0 MB stacks, 0 MB globals, 4 P
gc 1959 @15.032s 5%: 0.045+0.88+0.044 ms clock, 0.18+0.39/0.74/0+0.17 ms cpu, 3->3->1 MB, 4 MB goal, 0 MB stacks, 0 MB globals, 4 P
gc 1960 @15.037s 5%: 0.066+1.7+0.040 ms clock, 0.26+0.60/0.84/0+0.16 ms cpu, 3->3->1 MB, 4 MB goal, 0 MB stacks, 0 MB globals, 4 P
gc 1961 @15.043s 5%: 0.10+0.64+0.022 ms clock, 0.43+0.88/0.53/0+0.091 ms cpu, 3->3->1 MB, 4 MB goal, 0 MB stacks, 0 MB globals, 4 P
gc 1962 @15.048s 5%: 0.069+0.63+0.059 ms clock, 0.27+0.78/0.56/0+0.23 ms cpu, 3->3->1 MB, 4 MB goal, 0 MB stacks, 0 MB globals, 4 P
gc 1963 @15.053s 5%: 0.068+0.64+0.033 ms clock, 0.27+0.84/0.56/0+0.13 ms cpu, 3->3->1 MB, 4 MB goal, 0 MB stacks, 0 MB globals, 4 P
gc 1964 @15.059s 5%: 0.046+0.62+0.052 ms clock, 0.18+0.96/0.45/0+0.20 ms cpu, 3->3->1 MB, 4 MB goal, 0 MB stacks, 0 MB globals, 4 P
gc 1965 @15.065s 5%: 0.051+1.5+0.033 ms clock, 0.20+0.82/0.58/0+0.13 ms cpu, 3->3->1 MB, 4 MB goal, 0 MB stacks, 0 MB globals, 4 P
gc 1966 @15.070s 5%: 0.10+1.4+0.017 ms clock, 0.41+0.68/0.63/0+0.068 ms cpu, 3->3->1 MB, 4 MB goal, 0 MB stacks, 0 MB globals, 4 P
gc 1967 @15.076s 5%: 0.047+0.78+0.046 ms clock, 0.18+0.55/0.69/0+0.18 ms cpu, 3->3->1 MB, 4 MB goal, 0 MB stacks, 0 MB globals, 4 P
gc 1968 @15.082s 5%: 0.039+0.71+0.061 ms clock, 0.15+0.93/0.60/0+0.24 ms cpu, 3->3->1 MB, 4 MB goal, 0 MB stacks, 0 MB globals, 4 P
gc 1969 @15.087s 5%: 0.082+0.71+0.056 ms clock, 0.32+0.77/0.60/0+0.22 ms cpu, 3->3->1 MB, 4 MB goal, 0 MB stacks, 0 MB globals, 4 P
gc 1970 @15.092s 5%: 0.073+0.68+0.033 ms clock, 0.29+0.81/0.52/0+0.13 ms cpu, 3->3->1 MB, 4 MB goal, 0 MB stacks, 0 MB globals, 4 P
gc 1971 @15.098s 5%: 0.049+0.75+0.059 ms clock, 0.19+0.72/0.56/0+0.23 ms cpu, 3->3->1 MB, 4 MB goal, 0 MB stacks, 0 MB globals, 4 P
gc 1972 @15.103s 5%: 0.053+0.98+0.016 ms clock, 0.21+0.49/0.79/0+0.067 ms cpu, 3->3->1 MB, 4 MB goal, 0 MB stacks, 0 MB globals, 4 P
gc 1973 @15.109s 5%: 0.050+1.3+0.060 ms clock, 0.20+0.59/1.2/0+0.24 ms cpu, 3->3->1 MB, 4 MB goal, 0 MB stacks, 0 MB globals, 4 P
gc 1974 @15.115s 5%: 0.039+1.5+0.025 ms clock, 0.15+0.82/1.4/0.013+0.10 ms cpu, 3->3->1 MB, 4 MB goal, 0 MB stacks, 0 MB globals, 4 P
gc 1975 @15.121s 5%: 0.073+1.6+0.089 ms clock, 0.29+0.42/0.59/0+0.35 ms cpu, 3->3->1 MB, 4 MB goal, 0 MB stacks, 0 MB globals, 4 P
gc 1976 @15.126s 5%: 0.088+1.1+0.053 ms clock, 0.35+0.25/1.0/0+0.21 ms cpu, 3->3->1 MB, 4 MB goal, 0 MB stacks, 0 MB globals, 4 P
gc 1977 @15.132s 5%: 0.099+2.0+0.10 ms clock, 0.39+0.58/0.79/0+0.42 ms cpu, 3->3->1 MB, 4 MB goal, 0 MB stacks, 0 MB globals, 4 P
gc 1978 @15.138s 5%: 0.37+1.6+0.020 ms clock, 1.4+0.59/0.97/0+0.083 ms cpu, 3->3->1 MB, 4 MB goal, 0 MB stacks, 0 MB globals, 4 P
gc 1979 @15.144s 5%: 0.035+0.72+0.040 ms clock, 0.14+0.78/0.58/0+0.16 ms cpu, 3->3->1 MB, 4 MB goal, 0 MB stacks, 0 MB globals, 4 P
gc 1980 @15.149s 5%: 0.062+0.67+0.023 ms clock, 0.24+0.62/0.59/0+0.092 ms cpu, 3->3->1 MB, 4 MB goal, 0 MB stacks, 0 MB globals, 4 P
gc 1981 @15.154s 5%: 0.063+0.78+0.061 ms clock, 0.25+0.85/0.66/0+0.24 ms cpu, 3->3->1 MB, 4 MB goal, 0 MB stacks, 0 MB globals, 4 P
gc 1982 @15.160s 5%: 0.062+1.8+0.040 ms clock, 0.24+0.82/0.53/0+0.16 ms cpu, 3->3->1 MB, 4 MB goal, 0 MB stacks, 0 MB globals, 4 P
gc 1983 @15.166s 5%: 0.051+1.4+0.035 ms clock, 0.20+0.48/0.60/0+0.14 ms cpu, 3->3->1 MB, 4 MB goal, 0 MB stacks, 0 MB globals, 4 P
gc 1984 @15.171s 5%: 0.82+0.39+0.073 ms clock, 3.3+0.49/0.99/0+0.29 ms cpu, 3->3->1 MB, 4 MB goal, 0 MB stacks, 0 MB globals, 4 P
gc 1985 @15.177s 5%: 0.050+1.6+0.023 ms clock, 0.20+0.40/0.59/0+0.093 ms cpu, 3->3->1 MB, 4 MB goal, 0 MB stacks, 0 MB globals, 4 P
gc 1986 @15.183s 5%: 0.054+1.2+0.029 ms clock, 0.21+0.64/0.55/0+0.11 ms cpu, 3->3->1 MB, 4 MB goal, 0 MB stacks, 0 MB globals, 4 P
gc 1987 @15.188s 5%: 0.048+0.64+0.048 ms clock, 0.19+0.91/0.51/0+0.19 ms cpu, 3->3->1 MB, 4 MB goal, 0 MB stacks, 0 MB globals, 4 P
gc 1988 @15.194s 5%: 0.059+0.68+0.018 ms clock, 0.23+0.88/0.58/0+0.072 ms cpu, 3->3->1 MB, 4 MB goal, 0 MB stacks, 0 MB globals, 4 P
gc 1989 @15.199s 5%: 0.081+0.68+0.039 ms clock, 0.32+0.80/0.56/0+0.15 ms cpu, 3->3->1 MB, 4 MB goal, 0 MB stacks, 0 MB globals, 4 P
gc 1990 @15.205s 5%: 0.022+0.75+0.064 ms clock, 0.089+0.57/0.62/0+0.25 ms cpu, 3->3->1 MB, 4 MB goal, 0 MB stacks, 0 MB globals, 4 P
gc 1991 @15.210s 5%: 0.059+1.5+0.046 ms clock, 0.23+0.56/0.63/0+0.18 ms cpu, 3->3->1 MB, 4 MB goal, 0 MB stacks, 0 MB globals, 4 P
gc 1992 @15.216s 5%: 0.071+1.4+0.029 ms clock, 0.28+0.40/0.72/0+0.11 ms cpu, 3->3->1 MB, 4 MB goal, 0 MB stacks, 0 MB globals, 4 P
gc 1993 @15.222s 5%: 0.065+1.8+0.084 ms clock, 0.26+1.0/1.0/0+0.33 ms cpu, 3->4->1 MB, 4 MB goal, 0 MB stacks, 0 MB globals, 4 P
gc 1994 @15.227s 5%: 0.061+0.80+0.088 ms clock, 0.24+0.86/0.65/0+0.35 ms cpu, 3->3->1 MB, 4 MB goal, 0 MB stacks, 0 MB globals, 4 P
gc 1995 @15.233s 5%: 0.082+1.7+0.035 ms clock, 0.33+0.59/0.96/0+0.14 ms cpu, 3->3->1 MB, 4 MB goal, 0 MB stacks, 0 MB globals, 4 P
gc 1996 @15.238s 5%: 0.073+0.94+0.084 ms clock, 0.29+0.58/0.78/0+0.33 ms cpu, 3->3->1 MB, 4 MB goal, 0 MB stacks, 0 MB globals, 4 P
gc 1997 @15.244s 5%: 1.5+0.22+0.036 ms clock, 6.3+0.73/1.6/0.009+0.14 ms cpu, 3->3->1 MB, 4 MB goal, 0 MB stacks, 0 MB globals, 4 P
gc 1998 @15.249s 5%: 0.075+1.7+0.072 ms clock, 0.30+0.63/0.75/0+0.28 ms cpu, 3->3->1 MB, 4 MB goal, 0 MB stacks, 0 MB globals, 4 P
gc 1999 @15.255s 5%: 0.067+1.9+0.006 ms clock, 0.27+0.69/0.61/0+0.027 ms cpu, 3->3->1 MB, 4 MB goal, 0 MB stacks, 0 MB globals, 4 P
gc 2000 @15.261s 5%: 0.074+0.82+0.052 ms clock, 0.29+0.59/0.61/0+0.20 ms cpu, 3->3->1 MB, 4 MB goal, 0 MB stacks, 0 MB globals, 4 P
gc 2001 @15.266s 5%: 0.094+0.68+0.057 ms clock, 0.37+0.82/0.53/0+0.22 ms cpu, 3->3->1 MB, 4 MB goal, 0 MB stacks, 0 MB globals, 4 P
gc 2002 @15.272s 5%: 0.032+0.93+0.030 ms clock, 0.13+0.67/0.79/0+0.12 ms cpu, 3->3->1 MB, 4 MB goal, 0 MB stacks, 0 MB globals, 4 P
gc 2003 @15.277s 5%: 0.043+1.3+0.035 ms clock, 0.17+1.1/1.0/0.002+0.14 ms cpu, 3->3->1 MB, 4 MB goal, 0 MB stacks, 0 MB globals, 4 P
gc 2004 @15.284s 5%: 0.020+1.1+0.063 ms clock, 0.080+0.17/1.0/0+0.25 ms cpu, 3->3->1 MB, 4 MB goal, 0 MB stacks, 0 MB globals, 4 P
gc 2005 @15.289s 5%: 0.054+1.7+0.099 ms clock, 0.21+0.66/0.61/0+0.39 ms cpu, 3->3->1 MB, 4 MB goal, 0 MB stacks, 0 MB globals, 4 P
gc 2006 @15.295s 5%: 0.046+0.66+0.057 ms clock, 0.18+0.90/0.51/0+0.22 ms cpu, 3->3->1 MB, 4 MB goal, 0 MB stacks, 0 MB globals, 4 P
gc 2007 @15.300s 5%: 0.096+1.2+0.035 ms clock, 0.38+0.42/0.68/0+0.14 ms cpu, 3->3->1 MB, 4 MB goal, 0 MB stacks, 0 MB globals, 4 P
gc 2008 @15.306s 5%: 0.046+1.3+0.040 ms clock, 0.18+0.40/1.0/0+0.16 ms cpu, 3->3->1 MB, 4 MB goal, 0 MB stacks, 0 MB globals, 4 P
gc 2009 @15.312s 5%: 0.32+0.83+0.059 ms clock, 1.2+0.38/0.95/0+0.23 ms cpu, 3->3->1 MB, 4 MB goal, 0 MB stacks, 0 MB globals, 4 P
gc 2010 @15.317s 5%: 0.060+1.4+0.026 ms clock, 0.24+0.52/0.59/0+0.10 ms cpu, 3->3->1 MB, 4 MB goal, 0 MB stacks, 0 MB globals, 4 P
gc 2011 @15.322s 5%: 0.068+0.74+0.012 ms clock, 0.27+0.41/0.69/0+0.049 ms cpu, 3->3->1 MB, 4 MB goal, 0 MB stacks, 0 MB globals, 4 P
gc 2012 @15.328s 5%: 0.10+1.0+0.003 ms clock, 0.42+0.61/0.57/0+0.013 ms cpu, 3->3->1 MB, 4 MB goal, 0 MB stacks, 0 MB globals, 4 P
gc 2013 @15.334s 5%: 0.036+1.6+0.004 ms clock, 0.14+0.44/0.73/0+0.017 ms cpu, 3->3->1 MB, 4 MB goal, 0 MB stacks, 0 MB globals, 4 P
gc 2014 @15.340s 5%: 0.074+1.5+0.004 ms clock, 0.29+0.35/0.77/0+0.016 ms cpu, 3->3->1 MB, 4 MB goal, 0 MB stacks, 0 MB globals, 4 P
gc 2015 @15.346s 5%: 0.33+1.5+0.068 ms clock, 1.3+0.60/1.7/0.074+0.27 ms cpu, 3->3->1 MB, 4 MB goal, 0 MB stacks, 0 MB globals, 4 P
gc 2016 @15.352s 5%: 0.060+0.73+0.019 ms clock, 0.24+0.63/0.59/0+0.078 ms cpu, 3->3->1 MB, 4 MB goal, 0 MB stacks, 0 MB globals, 4 P
gc 2017 @15.357s 5%: 0.077+0.64+0.022 ms clock, 0.30+0.82/0.46/0+0.089 ms cpu, 3->3->1 MB, 4 MB goal, 0 MB stacks, 0 MB globals, 4 P
gc 2018 @15.362s 5%: 0.041+0.99+0.009 ms clock, 0.16+1.1/0.10/0+0.038 ms cpu, 3->3->1 MB, 4 MB goal, 0 MB stacks, 0 MB globals, 4 P
gc 2019 @15.368s 5%: 0.049+0.65+0.021 ms clock, 0.19+0.75/0.58/0+0.085 ms cpu, 3->3->1 MB, 4 MB goal, 0 MB stacks, 0 MB globals, 4 P
gc 2020 @15.373s 5%: 0.093+0.63+0.032 ms clock, 0.37+0.74/0.55/0+0.13 ms cpu, 3->3->1 MB, 4 MB goal, 0 MB stacks, 0 MB globals, 4 P
gc 2021 @15.379s 5%: 0.34+1.1+0.034 ms clock, 1.3+0.36/1.3/0.064+0.13 ms cpu, 3->3->1 MB, 4 MB goal, 0 MB stacks, 0 MB globals, 4 P
gc 2022 @15.384s 5%: 0.098+0.79+0.067 ms clock, 0.39+0.75/0.60/0+0.26 ms cpu, 3->3->1 MB, 4 MB goal, 0 MB stacks, 0 MB globals, 4 P
gc 2023 @15.390s 5%: 0.044+0.62+0.027 ms clock, 0.17+0.71/0.53/0+0.11 ms cpu, 3->3->1 MB, 4 MB goal, 0 MB stacks, 0 MB globals, 4 P
gc 2024 @15.396s 5%: 0.069+0.73+0.027 ms clock, 0.27+0.96/0.54/0+0.10 ms cpu, 3->3->1 MB, 4 MB goal, 0 MB stacks, 0 MB globals, 4 P
gc 2025 @15.401s 5%: 0.081+0.60+0.031 ms clock, 0.32+0.71/0.51/0+0.12 ms cpu, 3->3->1 MB, 4 MB goal, 0 MB stacks, 0 MB globals, 4 P
gc 2026 @15.407s 5%: 0.093+1.9+0.027 ms clock, 0.37+0.63/0.77/0+0.10 ms cpu, 3->3->1 MB, 4 MB goal, 0 MB stacks, 0 MB globals, 4 P
gc 2027 @15.412s 5%: 0.33+0.88+0.069 ms clock, 1.3+0.61/1.0/0+0.27 ms cpu, 3->3->1 MB, 4 MB goal, 0 MB stacks, 0 MB globals, 4 P
gc 2028 @15.418s 5%: 0.066+2.0+0.038 ms clock, 0.26+0.59/0.69/0+0.15 ms cpu, 3->3->1 MB, 4 MB goal, 0 MB stacks, 0 MB globals, 4 P
gc 2029 @15.423s 5%: 0.34+2.2+0.030 ms clock, 1.3+0.65/2.1/0+0.12 ms cpu, 3->3->1 MB, 4 MB goal, 0 MB stacks, 0 MB globals, 4 P
gc 2030 @15.429s 5%: 0.062+1.9+0.024 ms clock, 0.24+0.76/0.81/0+0.096 ms cpu, 3->3->1 MB, 4 MB goal, 0 MB stacks, 0 MB globals, 4 P
gc 2031 @15.435s 5%: 0.32+1.8+0.019 ms clock, 1.2+0.54/1.2/0+0.077 ms cpu, 3->3->1 MB, 4 MB goal, 0 MB stacks, 0 MB globals, 4 P
gc 2032 @15.441s 5%: 0.057+0.88+0.042 ms clock, 0.23+0.79/0.73/0+0.17 ms cpu, 3->3->1 MB, 4 MB goal, 0 MB stacks, 0 MB globals, 4 P
gc 2033 @15.446s 5%: 0.074+0.80+0.036 ms clock, 0.29+0.80/0.65/0+0.14 ms cpu, 3->3->1 MB, 4 MB goal, 0 MB stacks, 0 MB globals, 4 P
gc 2034 @15.452s 5%: 0.055+1.0+0.041 ms clock, 0.22+0.95/0.60/0+0.16 ms cpu, 3->3->1 MB, 4 MB goal, 0 MB stacks, 0 MB globals, 4 P
gc 2035 @15.457s 5%: 0.052+0.72+0.039 ms clock, 0.20+0.84/0.64/0+0.15 ms cpu, 3->3->1 MB, 4 MB goal, 0 MB stacks, 0 MB globals, 4 P
gc 2036 @15.463s 5%: 0.035+1.3+0.10 ms clock, 0.14+0.52/0.64/0+0.41 ms cpu, 3->3->1 MB, 4 MB goal, 0 MB stacks, 0 MB globals, 4 P
gc 2037 @15.469s 5%: 0.12+0.72+0.029 ms clock, 0.50+0.59/0.63/0+0.11 ms cpu, 3->3->1 MB, 4 MB goal, 0 MB stacks, 0 MB globals, 4 P
gc 2038 @15.474s 5%: 0.047+1.3+0.026 ms clock, 0.18+0.37/0.67/0+0.10 ms cpu, 3->3->1 MB, 4 MB goal, 0 MB stacks, 0 MB globals, 4 P
gc 2039 @15.480s 5%: 0.31+1.0+0.070 ms clock, 1.2+0.51/1.1/0.23+0.28 ms cpu, 3->3->1 MB, 4 MB goal, 0 MB stacks, 0 MB globals, 4 P
gc 2040 @15.486s 5%: 0.023+2.2+0.056 ms clock, 0.092+0.92/0.57/0+0.22 ms cpu, 3->3->1 MB, 4 MB goal, 0 MB stacks, 0 MB globals, 4 P
gc 2041 @15.491s 5%: 0.065+1.3+0.008 ms clock, 0.26+0.38/0.71/0+0.034 ms cpu, 3->3->1 MB, 4 MB goal, 0 MB stacks, 0 MB globals, 4 P
gc 2042 @15.497s 5%: 0.082+2.3+0.059 ms clock, 0.32+0.55/0.73/0+0.23 ms cpu, 3->3->1 MB, 4 MB goal, 0 MB stacks, 0 MB globals, 4 P
gc 2043 @15.503s 5%: 0.038+1.6+0.069 ms clock, 0.15+0.70/0.70/0+0.27 ms cpu, 3->3->1 MB, 4 MB goal, 0 MB stacks, 0 MB globals, 4 P
gc 2044 @15.509s 5%: 0.056+0.75+0.022 ms clock, 0.22+0.81/0.65/0+0.090 ms cpu, 3->3->1 MB, 4 MB goal, 0 MB stacks, 0 MB globals, 4 P
gc 2045 @15.514s 5%: 0.035+2.1+0.009 ms clock, 0.14+1.2/0/0+0.036 ms cpu, 3->3->1 MB, 4 MB goal, 0 MB stacks, 0 MB globals, 4 P
gc 2046 @15.519s 5%: 0.10+0.62+0.065 ms clock, 0.42+0.84/0.48/0+0.26 ms cpu, 3->3->1 MB, 4 MB goal, 0 MB stacks, 0 MB globals, 4 P
gc 2047 @15.525s 5%: 0.070+1.1+0.026 ms clock, 0.28+1.0/0.59/0+0.10 ms cpu, 3->3->1 MB, 4 MB goal, 0 MB stacks, 0 MB globals, 4 P
gc 2048 @15.530s 5%: 0.30+1.5+0.033 ms clock, 1.2+0.64/1.4/0+0.13 ms cpu, 3->3->1 MB, 4 MB goal, 0 MB stacks, 0 MB globals, 4 P
gc 2049 @15.536s 5%: 0.035+0.83+0.038 ms clock, 0.14+0.90/0.68/0+0.15 ms cpu, 3->3->1 MB, 4 MB goal, 0 MB stacks, 0 MB globals, 4 P
gc 2050 @15.542s 5%: 0.075+1.0+0.008 ms clock, 0.30+0.66/0.57/0+0.032 ms cpu, 3->3->1 MB, 4 MB goal, 0 MB stacks, 0 MB globals, 4 P
gc 2051 @15.547s 5%: 0.057+0.98+0.032 ms clock, 0.23+1.2/0/0+0.13 ms cpu, 3->3->1 MB, 4 MB goal, 0 MB stacks, 0 MB globals, 4 P
gc 2052 @15.553s 5%: 0.058+0.89+0.023 ms clock, 0.23+0.88/0.71/0+0.094 ms cpu, 3->3->1 MB, 4 MB goal, 0 MB stacks, 0 MB globals, 4 P
gc 2053 @15.558s 5%: 0.29+1.6+0.027 ms clock, 1.1+0.56/1.2/0+0.11 ms cpu, 3->3->1 MB, 4 MB goal, 0 MB stacks, 0 MB globals, 4 P
gc 2054 @15.564s 5%: 0.30+1.0+0.060 ms clock, 1.2+0.57/1.1/0+0.24 ms cpu, 3->3->1 MB, 4 MB goal, 0 MB stacks, 0 MB globals, 4 P
gc 2055 @15.570s 5%: 1.6+0.89+0.043 ms clock, 6.7+0.59/1.8/0+0.17 ms cpu, 3->4->1 MB, 4 MB goal, 0 MB stacks, 0 MB globals, 4 P
gc 2056 @15.576s 5%: 0.048+2.6+0.024 ms clock, 0.19+0.54/1.6/0.011+0.097 ms cpu, 3->4->1 MB, 4 MB goal, 0 MB stacks, 0 MB globals, 4 P
gc 2057 @15.581s 5%: 0.052+1.1+0.072 ms clock, 0.20+1.1/0.12/0+0.29 ms cpu, 3->3->1 MB, 4 MB goal, 0 MB stacks, 0 MB globals, 4 P
gc 2058 @15.587s 5%: 0.34+1.7+0.044 ms clock, 1.3+0.38/1.8/0+0.17 ms cpu, 3->3->1 MB, 4 MB goal, 0 MB stacks, 0 MB globals, 4 P
gc 2059 @15.593s 5%: 0.060+0.80+0.027 ms clock, 0.24+0.69/0.54/0.062+0.11 ms cpu, 3->3->1 MB, 4 MB goal, 0 MB stacks, 0 MB globals, 4 P
gc 2060 @15.598s 5%: 0.093+0.60+0.048 ms clock, 0.37+0.78/0.51/0+0.19 ms cpu, 3->3->1 MB, 4 MB goal, 0 MB stacks, 0 MB globals, 4 P
gc 2061 @15.604s 5%: 0.078+0.76+0.052 ms clock, 0.31+0.89/0.63/0+0.20 ms cpu, 3->3->1 MB, 4 MB goal, 0 MB stacks, 0 MB globals, 4 P
gc 2062 @15.609s 5%: 0.073+0.76+0.045 ms clock, 0.29+0.60/0.54/0+0.18 ms cpu, 3->3->1 MB, 4 MB goal, 0 MB stacks, 0 MB globals, 4 P
gc 2063 @15.614s 5%: 0.057+2.0+0.049 ms clock, 0.23+0.86/0.65/0+0.19 ms cpu, 3->3->1 MB, 4 MB goal, 0 MB stacks, 0 MB globals, 4 P
gc 2064 @15.620s 5%: 0.085+0.93+0.035 ms clock, 0.34+0.80/0.81/0+0.14 ms cpu, 3->3->1 MB, 4 MB goal, 0 MB stacks, 0 MB globals, 4 P
gc 2065 @15.626s 5%: 0.055+1.3+0.034 ms clock, 0.22+0.58/0.61/0+0.13 ms cpu, 3->3->1 MB, 4 MB goal, 0 MB stacks, 0 MB globals, 4 P
gc 2066 @15.631s 5%: 0.042+0.70+0.048 ms clock, 0.16+0.85/0.57/0+0.19 ms cpu, 3->3->1 MB, 4 MB goal, 0 MB stacks, 0 MB globals, 4 P
gc 2067 @15.637s 5%: 0.084+0.62+0.032 ms clock, 0.33+0.86/0.47/0.001+0.12 ms cpu, 3->3->1 MB, 4 MB goal, 0 MB stacks, 0 MB globals, 4 P
gc 2068 @15.642s 5%: 0.33+1.8+0.024 ms clock, 1.3+0.37/1.1/0.029+0.096 ms cpu, 3->3->1 MB, 4 MB goal, 0 MB stacks, 0 MB globals, 4 P
gc 2069 @15.648s 5%: 0.081+1.4+0.053 ms clock, 0.32+1.0/1.3/0.019+0.21 ms cpu, 3->3->1 MB, 4 MB goal, 0 MB stacks, 0 MB globals, 4 P
gc 2070 @15.654s 5%: 0.068+1.1+0.027 ms clock, 0.27+0.44/0.62/0+0.10 ms cpu, 3->3->1 MB, 4 MB goal, 0 MB stacks, 0 MB globals, 4 P
gc 2071 @15.659s 5%: 0.053+1.3+0.014 ms clock, 0.21+0.36/0.64/0+0.056 ms cpu, 3->3->1 MB, 4 MB goal, 0 MB stacks, 0 MB globals, 4 P
gc 2072 @15.665s 5%: 0.046+1.7+0.022 ms clock, 0.18+0.49/0.50/0+0.091 ms cpu, 3->3->1 MB, 4 MB goal, 0 MB stacks, 0 MB globals, 4 P
gc 2073 @15.670s 5%: 0.25+1.6+0.032 ms clock, 1.0+0.63/1.5/0.016+0.13 ms cpu, 3->3->1 MB, 4 MB goal, 0 MB stacks, 0 MB globals, 4 P
gc 2074 @15.676s 5%: 0.11+1.2+0.017 ms clock, 0.46+0.60/0.54/0+0.070 ms cpu, 3->3->1 MB, 4 MB goal, 0 MB stacks, 0 MB globals, 4 P
gc 2075 @15.682s 5%: 0.048+2.7+0.008 ms clock, 0.19+0.45/0.80/0+0.035 ms cpu, 3->3->1 MB, 4 MB goal, 0 MB stacks, 0 MB globals, 4 P
gc 2076 @15.688s 5%: 0.066+1.5+0.009 ms clock, 0.26+0.62/0.57/0+0.036 ms cpu, 3->3->1 MB, 4 MB goal, 0 MB stacks, 0 MB globals, 4 P
gc 2077 @15.693s 5%: 0.061+0.60+0.074 ms clock, 0.24+0.79/0.51/0+0.29 ms cpu, 3->3->1 MB, 4 MB goal, 0 MB stacks, 0 MB globals, 4 P
gc 2078 @15.699s 5%: 0.062+1.7+0.011 ms clock, 0.25+0.59/0.92/0+0.044 ms cpu, 3->3->1 MB, 4 MB goal, 0 MB stacks, 0 MB globals, 4 P
gc 2079 @15.705s 5%: 0.056+0.83+0.022 ms clock, 0.22+0.76/0.69/0+0.088 ms cpu, 3->3->1 MB, 4 MB goal, 0 MB stacks, 0 MB globals, 4 P
gc 2080 @15.710s 5%: 0.060+0.76+0.051 ms clock, 0.24+0.69/0.60/0+0.20 ms cpu, 3->3->1 MB, 4 MB goal, 0 MB stacks, 0 MB globals, 4 P
gc 2081 @15.715s 5%: 0.071+0.72+0.088 ms clock, 0.28+0.84/0.54/0+0.35 ms cpu, 3->3->1 MB, 4 MB goal, 0 MB stacks, 0 MB globals, 4 P
gc 2082 @15.721s 5%: 0.069+0.73+0.043 ms clock, 0.27+0.97/0.64/0+0.17 ms cpu, 3->3->1 MB, 4 MB goal, 0 MB stacks, 0 MB globals, 4 P
gc 2083 @15.726s 5%: 0.054+1.9+0.029 ms clock, 0.21+0.47/0.62/0+0.11 ms cpu, 3->3->1 MB, 4 MB goal, 0 MB stacks, 0 MB globals, 4 P
gc 2084 @15.732s 5%: 0.27+1.7+0.055 ms clock, 1.0+0.62/1.1/0+0.22 ms cpu, 3->3->1 MB, 4 MB goal, 0 MB stacks, 0 MB globals, 4 P
gc 2085 @15.737s 5%: 0.048+0.59+0.023 ms clock, 0.19+0.83/0.47/0+0.095 ms cpu, 3->3->1 MB, 4 MB goal, 0 MB stacks, 0 MB globals, 4 P
gc 2086 @15.743s 5%: 0.33+0.80+0.021 ms clock, 1.3+0.40/1.0/0+0.087 ms cpu, 3->3->1 MB, 4 MB goal, 0 MB stacks, 0 MB globals, 4 P
gc 2087 @15.748s 5%: 0.074+0.65+0.038 ms clock, 0.29+0.85/0.53/0+0.15 ms cpu, 3->3->1 MB, 4 MB goal, 0 MB stacks, 0 MB globals, 4 P
gc 2088 @15.754s 5%: 0.37+0.91+0.062 ms clock, 1.5+0.27/1.1/0+0.25 ms cpu, 3->3->1 MB, 4 MB goal, 0 MB stacks, 0 MB globals, 4 P
gc 2089 @15.759s 5%: 0.067+1.4+0.032 ms clock, 0.27+0.50/0.64/0+0.12 ms cpu, 3->3->1 MB, 4 MB goal, 0 MB stacks, 0 MB globals, 4 P
gc 2090 @15.765s 5%: 0.027+1.0+0.025 ms clock, 0.10+1.0/0.99/0+0.10 ms cpu, 3->3->1 MB, 4 MB goal, 0 MB stacks, 0 MB globals, 4 P
gc 2091 @15.771s 5%: 0.11+1.5+0.037 ms clock, 0.47+0.61/0.58/0+0.14 ms cpu, 3->3->1 MB, 4 MB goal, 0 MB stacks, 0 MB globals, 4 P
gc 2092 @15.776s 5%: 0.071+0.91+0.082 ms clock, 0.28+0.77/0.79/0+0.33 ms cpu, 3->3->1 MB, 4 MB goal, 0 MB stacks, 0 MB globals, 4 P
gc 2093 @15.782s 5%: 0.10+1.1+0.021 ms clock, 0.40+0.60/0.63/0+0.084 ms cpu, 3->3->1 MB, 4 MB goal, 0 MB stacks, 0 MB globals, 4 P
gc 2094 @15.787s 5%: 0.058+0.86+0.026 ms clock, 0.23+0.70/0.62/0+0.10 ms cpu, 3->3->1 MB, 4 MB goal, 0 MB stacks, 0 MB globals, 4 P
gc 2095 @15.793s 5%: 0.065+0.73+0.082 ms clock, 0.26+0.80/0.60/0+0.33 ms cpu, 3->3->1 MB, 4 MB goal, 0 MB stacks, 0 MB globals, 4 P
gc 2096 @15.798s 5%: 0.053+1.0+0.012 ms clock, 0.21+1.0/0.046/0+0.050 ms cpu, 3->3->1 MB, 4 MB goal, 0 MB stacks, 0 MB globals, 4 P
gc 2097 @15.804s 5%: 0.056+0.64+0.024 ms clock, 0.22+0.73/0.55/0+0.099 ms cpu, 3->3->1 MB, 4 MB goal, 0 MB stacks, 0 MB globals, 4 P
gc 2098 @15.810s 5%: 0.055+0.76+0.059 ms clock, 0.22+0.76/0.64/0+0.23 ms cpu, 3->3->1 MB, 4 MB goal, 0 MB stacks, 0 MB globals, 4 P
gc 2099 @15.816s 5%: 0.054+0.85+0.040 ms clock, 0.21+0.84/0.68/0+0.16 ms cpu, 3->3->1 MB, 4 MB goal, 0 MB stacks, 0 MB globals, 4 P
gc 2100 @15.822s 5%: 0.025+2.0+0.074 ms clock, 0.10+0.63/1.1/0+0.29 ms cpu, 3->3->1 MB, 4 MB goal, 0 MB stacks, 0 MB globals, 4 P
gc 2101 @15.828s 5%: 0.081+0.65+0.047 ms clock, 0.32+0.65/0.55/0+0.18 ms cpu, 3->3->1 MB, 4 MB goal, 0 MB stacks, 0 MB globals, 4 P
gc 2102 @15.833s 5%: 0.037+1.9+0.029 ms clock, 0.14+0.39/0.58/0+0.11 ms cpu, 3->3->1 MB, 4 MB goal, 0 MB stacks, 0 MB globals, 4 P
gc 2103 @15.839s 5%: 0.063+0.69+0.040 ms clock, 0.25+0.72/0.59/0+0.16 ms cpu, 3->3->1 MB, 4 MB goal, 0 MB stacks, 0 MB globals, 4 P
gc 2104 @15.844s 5%: 0.082+0.65+0.031 ms clock, 0.32+0.69/0.58/0+0.12 ms cpu, 3->3->1 MB, 4 MB goal, 0 MB stacks, 0 MB globals, 4 P
gc 2105 @15.850s 5%: 0.055+0.60+0.022 ms clock, 0.22+0.83/0.56/0+0.090 ms cpu, 3->3->1 MB, 4 MB goal, 0 MB stacks, 0 MB globals, 4 P
gc 2106 @15.855s 5%: 0.044+1.6+0.052 ms clock, 0.17+0.60/0.55/0+0.21 ms cpu, 3->3->1 MB, 4 MB goal, 0 MB stacks, 0 MB globals, 4 P
gc 2107 @15.861s 5%: 0.048+2.4+0.061 ms clock, 0.19+1.2/0.007/0+0.24 ms cpu, 3->3->1 MB, 4 MB goal, 0 MB stacks, 0 MB globals, 4 P
gc 2108 @15.867s 5%: 0.084+1.4+0.026 ms clock, 0.33+0.34/0.70/0+0.10 ms cpu, 3->3->1 MB, 4 MB goal, 0 MB stacks, 0 MB globals, 4 P
gc 2109 @15.872s 5%: 0.064+0.71+0.036 ms clock, 0.25+0.94/0.64/0+0.14 ms cpu, 3->3->1 MB, 4 MB goal, 0 MB stacks, 0 MB globals, 4 P
gc 2110 @15.878s 5%: 0.044+0.68+0.055 ms clock, 0.17+0.95/0.56/0+0.22 ms cpu, 3->3->1 MB, 4 MB goal, 0 MB stacks, 0 MB globals, 4 P
gc 2111 @15.883s 5%: 0.050+0.66+0.061 ms clock, 0.20+0.69/0.54/0+0.24 ms cpu, 3->3->1 MB, 4 MB goal, 0 MB stacks, 0 MB globals, 4 P
gc 2112 @15.889s 5%: 0.052+0.80+0.053 ms clock, 0.20+0.95/0.55/0+0.21 ms cpu, 3->3->1 MB, 4 MB goal, 0 MB stacks, 0 MB globals, 4 P
gc 2113 @15.894s 5%: 0.074+1.5+0.043 ms clock, 0.29+1.1/0.058/0+0.17 ms cpu, 3->3->1 MB, 4 MB goal, 0 MB stacks, 0 MB globals, 4 P
gc 2114 @15.900s 5%: 0.069+1.6+0.077 ms clock, 0.27+0.40/0.72/0+0.30 ms cpu, 3->3->1 MB, 4 MB goal, 0 MB stacks, 0 MB globals, 4 P
gc 2115 @15.906s 5%: 0.049+1.3+0.043 ms clock, 0.19+0.28/0.76/0+0.17 ms cpu, 3->3->1 MB, 4 MB goal, 0 MB stacks, 0 MB globals, 4 P
gc 2116 @15.911s 5%: 0.075+0.65+0.042 ms clock, 0.30+0.93/0.56/0+0.16 ms cpu, 3->3->1 MB, 4 MB goal, 0 MB stacks, 0 MB globals, 4 P
gc 2117 @15.917s 5%: 0.042+0.87+0.077 ms clock, 0.16+0.84/0.74/0+0.31 ms cpu, 3->3->1 MB, 4 MB goal, 0 MB stacks, 0 MB globals, 4 P
gc 2118 @15.922s 5%: 0.049+1.7+0.055 ms clock, 0.19+0.70/0.58/0+0.22 ms cpu, 3->3->1 MB, 4 MB goal, 0 MB stacks, 0 MB globals, 4 P
gc 2119 @15.928s 5%: 0.093+1.7+0.043 ms clock, 0.37+0.31/0.73/0+0.17 ms cpu, 3->3->1 MB, 4 MB goal, 0 MB stacks, 0 MB globals, 4 P
gc 2120 @15.934s 5%: 0.069+2.6+0.026 ms clock, 0.27+1.0/0.033/0+0.10 ms cpu, 3->3->1 MB, 4 MB goal, 0 MB stacks, 0 MB globals, 4 P
gc 2121 @15.939s 5%: 0.061+0.64+0.030 ms clock, 0.24+0.85/0.56/0+0.12 ms cpu, 3->3->1 MB, 4 MB goal, 0 MB stacks, 0 MB globals, 4 P
gc 2122 @15.945s 5%: 0.086+1.1+0.031 ms clock, 0.34+1.0/0.11/0+0.12 ms cpu, 3->3->1 MB, 4 MB goal, 0 MB stacks, 0 MB globals, 4 P
gc 2123 @15.950s 5%: 0.097+1.3+0.062 ms clock, 0.38+0.70/0.61/0+0.24 ms cpu, 3->3->1 MB, 4 MB goal, 0 MB stacks, 0 MB globals, 4 P
gc 2124 @15.956s 5%: 0.060+0.62+0.056 ms clock, 0.24+0.89/0.51/0+0.22 ms cpu, 3->3->1 MB, 4 MB goal, 0 MB stacks, 0 MB globals, 4 P
gc 2125 @15.961s 5%: 0.094+0.68+0.029 ms clock, 0.37+0.71/0.57/0+0.11 ms cpu, 3->3->1 MB, 4 MB goal, 0 MB stacks, 0 MB globals, 4 P
gc 2126 @15.967s 5%: 0.067+1.7+0.043 ms clock, 0.27+0.67/0.64/0+0.17 ms cpu, 3->3->1 MB, 4 MB goal, 0 MB stacks, 0 MB globals, 4 P
gc 2127 @15.972s 5%: 0.053+0.62+0.049 ms clock, 0.21+0.84/0.50/0+0.19 ms cpu, 3->3->1 MB, 4 MB goal, 0 MB stacks, 0 MB globals, 4 P
gc 2128 @15.978s 5%: 0.047+0.91+0.049 ms clock, 0.18+0.59/0.46/0+0.19 ms cpu, 3->3->1 MB, 4 MB goal, 0 MB stacks, 0 MB globals, 4 P
gc 2129 @15.983s 5%: 0.11+1.6+0.027 ms clock, 0.45+1.0/0.99/0+0.11 ms cpu, 3->3->1 MB, 4 MB goal, 0 MB stacks, 0 MB globals, 4 P
gc 2130 @15.989s 5%: 0.057+0.72+0.028 ms clock, 0.22+0.85/0.57/0+0.11 ms cpu, 3->3->1 MB, 4 MB goal, 0 MB stacks, 0 MB globals, 4 P
gc 2131 @15.994s 5%: 0.093+1.6+0.004 ms clock, 0.37+0.64/0.79/0+0.018 ms cpu, 3->3->1 MB, 4 MB goal, 0 MB stacks, 0 MB globals, 4 P
gc 2132 @16.000s 5%: 0.32+1.3+0.040 ms clock, 1.3+0.55/1.5/0+0.16 ms cpu, 3->3->1 MB, 4 MB goal, 0 MB stacks, 0 MB globals, 4 P
gc 2133 @16.006s 5%: 0.074+2.9+0.017 ms clock, 0.29+0.39/1.0/0+0.071 ms cpu, 3->3->1 MB, 4 MB goal, 0 MB stacks, 0 MB globals, 4 P
gc 2134 @16.012s 5%: 0.079+0.87+0.022 ms clock, 0.31+0.55/0.76/0+0.090 ms cpu, 3->3->1 MB, 4 MB goal, 0 MB stacks, 0 MB globals, 4 P
gc 2135 @16.017s 5%: 0.081+0.61+0.031 ms clock, 0.32+0.81/0.47/0+0.12 ms cpu, 3->3->1 MB, 4 MB goal, 0 MB stacks, 0 MB globals, 4 P
gc 2136 @16.022s 5%: 0.077+1.5+0.072 ms clock, 0.30+0.86/0.50/0+0.29 ms cpu, 3->3->1 MB, 4 MB goal, 0 MB stacks, 0 MB globals, 4 P
gc 2137 @16.028s 5%: 0.095+1.7+0.040 ms clock, 0.38+0.28/0.80/0+0.16 ms cpu, 3->3->1 MB, 4 MB goal, 0 MB stacks, 0 MB globals, 4 P
gc 2138 @16.034s 5%: 0.063+1.8+0.019 ms clock, 0.25+0.68/0.61/0+0.076 ms cpu, 3->3->1 MB, 4 MB goal, 0 MB stacks, 0 MB globals, 4 P
gc 2139 @16.039s 5%: 0.063+1.0+0.023 ms clock, 0.25+1.3/0.013/0+0.093 ms cpu, 3->3->1 MB, 4 MB goal, 0 MB stacks, 0 MB globals, 4 P
gc 2140 @16.045s 5%: 0.057+0.62+0.075 ms clock, 0.22+0.84/0.55/0+0.30 ms cpu, 3->3->1 MB, 4 MB goal, 0 MB stacks, 0 MB globals, 4 P
gc 2141 @16.050s 5%: 1.8+0.23+0.026 ms clock, 7.3+0.35/1.9/0+0.10 ms cpu, 3->3->1 MB, 4 MB goal, 0 MB stacks, 0 MB globals, 4 P
gc 2142 @16.056s 5%: 0.046+1.4+0.058 ms clock, 0.18+0.59/0.64/0+0.23 ms cpu, 3->3->1 MB, 4 MB goal, 0 MB stacks, 0 MB globals, 4 P
gc 2143 @16.061s 5%: 0.061+1.7+0.003 ms clock, 0.24+0.56/0.74/0+0.014 ms cpu, 3->3->1 MB, 4 MB goal, 0 MB stacks, 0 MB globals, 4 P
gc 2144 @16.067s 5%: 0.066+0.92+0.024 ms clock, 0.26+0.54/0.62/0+0.099 ms cpu, 3->3->1 MB, 4 MB goal, 0 MB stacks, 0 MB globals, 4 P
gc 2145 @16.074s 5%: 0.074+1.2+0.062 ms clock, 0.29+0.97/0.37/0+0.25 ms cpu, 3->3->1 MB, 4 MB goal, 0 MB stacks, 0 MB globals, 4 P
gc 2146 @16.079s 5%: 0.083+1.3+0.027 ms clock, 0.33+1.3/0.001/0+0.11 ms cpu, 3->3->1 MB, 4 MB goal, 0 MB stacks, 0 MB globals, 4 P
gc 2147 @16.084s 5%: 0.044+1.8+0.034 ms clock, 0.17+0.42/0.56/0+0.13 ms cpu, 3->3->1 MB, 4 MB goal, 0 MB stacks, 0 MB globals, 4 P
gc 2148 @16.090s 5%: 0.064+1.5+0.091 ms clock, 0.25+0.59/0.56/0+0.36 ms cpu, 3->3->1 MB, 4 MB goal, 0 MB stacks, 0 MB globals, 4 P
gc 2149 @16.096s 5%: 0.056+0.76+0.039 ms clock, 0.22+0.86/0.63/0+0.15 ms cpu, 3->3->1 MB, 4 MB goal, 0 MB stacks, 0 MB globals, 4 P
gc 2150 @16.101s 5%: 0.052+0.58+0.027 ms clock, 0.20+0.84/0.52/0+0.10 ms cpu, 3->3->1 MB, 4 MB goal, 0 MB stacks, 0 MB globals, 4 P
gc 2151 @16.107s 5%: 0.058+2.0+0.053 ms clock, 0.23+0.45/0.77/0+0.21 ms cpu, 3->3->1 MB, 4 MB goal, 0 MB stacks, 0 MB globals, 4 P
gc 2152 @16.112s 5%: 0.034+0.54+0.020 ms clock, 0.13+0.93/0.46/0+0.081 ms cpu, 3->3->1 MB, 4 MB goal, 0 MB stacks, 0 MB globals, 4 P
gc 2153 @16.118s 5%: 0.35+1.5+0.054 ms clock, 1.4+0.23/1.0/0+0.21 ms cpu, 3->3->1 MB, 4 MB goal, 0 MB stacks, 0 MB globals, 4 P
gc 2154 @16.124s 5%: 0.056+0.64+0.063 ms clock, 0.22+0.93/0.50/0+0.25 ms cpu, 3->3->1 MB, 4 MB goal, 0 MB stacks, 0 MB globals, 4 P
gc 2155 @16.129s 5%: 0.030+0.66+0.030 ms clock, 0.12+0.89/0.55/0+0.12 ms cpu, 3->3->1 MB, 4 MB goal, 0 MB stacks, 0 MB globals, 4 P
gc 2156 @16.134s 5%: 0.060+0.74+0.023 ms clock, 0.24+0.43/0.67/0+0.094 ms cpu, 3->3->1 MB, 4 MB goal, 0 MB stacks, 0 MB globals, 4 P
gc 2157 @16.140s 5%: 0.23+0.67+0.041 ms clock, 0.92+0.55/0.70/0+0.16 ms cpu, 3->3->1 MB, 4 MB goal, 0 MB stacks, 0 MB globals, 4 P
gc 2158 @16.145s 5%: 0.053+0.85+0.032 ms clock, 0.21+0.79/0.74/0+0.13 ms cpu, 3->3->1 MB, 4 MB goal, 0 MB stacks, 0 MB globals, 4 P
gc 2159 @16.150s 5%: 0.10+0.67+0.043 ms clock, 0.43+0.80/0.57/0+0.17 ms cpu, 3->3->1 MB, 4 MB goal, 0 MB stacks, 0 MB globals, 4 P
gc 2160 @16.156s 5%: 0.051+1.7+0.035 ms clock, 0.20+0.60/0.99/0+0.14 ms cpu, 3->3->1 MB, 4 MB goal, 0 MB stacks, 0 MB globals, 4 P
gc 2161 @16.162s 5%: 0.063+0.63+0.022 ms clock, 0.25+0.83/0.55/0+0.088 ms cpu, 3->3->1 MB, 4 MB goal, 0 MB stacks, 0 MB globals, 4 P
gc 2162 @16.167s 5%: 0.046+0.76+0.053 ms clock, 0.18+0.88/0.64/0+0.21 ms cpu, 3->3->1 MB, 4 MB goal, 0 MB stacks, 0 MB globals, 4 P
gc 2163 @16.173s 5%: 0.060+1.4+0.043 ms clock, 0.24+0.55/0.60/0+0.17 ms cpu, 3->3->1 MB, 4 MB goal, 0 MB stacks, 0 MB globals, 4 P
gc 2164 @16.179s 5%: 0.36+1.7+0.062 ms clock, 1.4+0.34/1.0/0+0.24 ms cpu, 3->3->1 MB, 4 MB goal, 0 MB stacks, 0 MB globals, 4 P
gc 2165 @16.184s 5%: 0.055+0.94+0.050 ms clock, 0.22+0.62/0.84/0+0.20 ms cpu, 3->3->1 MB, 4 MB goal, 0 MB stacks, 0 MB globals, 4 P
gc 2166 @16.190s 5%: 0.067+1.0+0.024 ms clock, 0.27+1.1/0.034/0+0.098 ms cpu, 3->3->1 MB, 4 MB goal, 0 MB stacks, 0 MB globals, 4 P
gc 2167 @16.195s 5%: 0.053+0.61+0.055 ms clock, 0.21+0.91/0.50/0+0.22 ms cpu, 3->3->1 MB, 4 MB goal, 0 MB stacks, 0 MB globals, 4 P
gc 2168 @16.201s 5%: 0.096+0.78+0.036 ms clock, 0.38+0.74/0.66/0+0.14 ms cpu, 3->3->1 MB, 4 MB goal, 0 MB stacks, 0 MB globals, 4 P
gc 2169 @16.206s 5%: 0.060+0.92+0.055 ms clock, 0.24+0.79/0.85/0+0.22 ms cpu, 3->3->1 MB, 4 MB goal, 0 MB stacks, 0 MB globals, 4 P
gc 2170 @16.212s 5%: 0.23+2.1+0.021 ms clock, 0.93+0.79/1.5/0.012+0.085 ms cpu, 3->4->1 MB, 4 MB goal, 0 MB stacks, 0 MB globals, 4 P
gc 2171 @16.218s 5%: 0.055+0.86+0.024 ms clock, 0.22+0.76/0.71/0+0.096 ms cpu, 3->3->1 MB, 4 MB goal, 0 MB stacks, 0 MB globals, 4 P
gc 2172 @16.223s 5%: 0.055+1.0+0.069 ms clock, 0.22+0.36/0.75/0+0.27 ms cpu, 3->3->1 MB, 4 MB goal, 0 MB stacks, 0 MB globals, 4 P
gc 2173 @16.229s 5%: 0.043+0.66+0.039 ms clock, 0.17+0.89/0.45/0+0.15 ms cpu, 3->3->1 MB, 4 MB goal, 0 MB stacks, 0 MB globals, 4 P
gc 2174 @16.234s 5%: 0.041+0.80+0.036 ms clock, 0.16+0.88/0.66/0+0.14 ms cpu, 3->3->1 MB, 4 MB goal, 0 MB stacks, 0 MB globals, 4 P
gc 2175 @16.239s 5%: 0.091+2.9+0.003 ms clock, 0.36+0.45/0.73/0+0.013 ms cpu, 3->4->1 MB, 4 MB goal, 0 MB stacks, 0 MB globals, 4 P
gc 2176 @16.246s 5%: 0.064+0.82+0.070 ms clock, 0.25+0.75/0.67/0+0.28 ms cpu, 3->3->1 MB, 4 MB goal, 0 MB stacks, 0 MB globals, 4 P
gc 2177 @16.252s 5%: 0.064+0.83+0.041 ms clock, 0.25+0.87/0.68/0+0.16 ms cpu, 3->3->1 MB, 4 MB goal, 0 MB stacks, 0 MB globals, 4 P
gc 2178 @16.257s 5%: 0.040+0.63+0.028 ms clock, 0.16+0.71/0.55/0+0.11 ms cpu, 3->3->1 MB, 4 MB goal, 0 MB stacks, 0 MB globals, 4 P
gc 2179 @16.262s 5%: 0.072+1.1+0.029 ms clock, 0.29+0.51/0.65/0+0.11 ms cpu, 3->3->1 MB, 4 MB goal, 0 MB stacks, 0 MB globals, 4 P
gc 2180 @16.268s 5%: 0.058+0.80+0.030 ms clock, 0.23+0.79/0.69/0+0.12 ms cpu, 3->3->1 MB, 4 MB goal, 0 MB stacks, 0 MB globals, 4 P
gc 2181 @16.273s 5%: 0.071+1.1+0.030 ms clock, 0.28+1.6/0.11/0+0.12 ms cpu, 3->3->1 MB, 4 MB goal, 0 MB stacks, 0 MB globals, 4 P
gc 2182 @16.279s 5%: 0.35+1.7+0.031 ms clock, 1.4+0.55/1.9/0.008+0.12 ms cpu, 3->3->1 MB, 4 MB goal, 0 MB stacks, 0 MB globals, 4 P
gc 2183 @16.285s 5%: 0.059+1.6+0.056 ms clock, 0.23+0.47/0.84/0+0.22 ms cpu, 3->3->1 MB, 4 MB goal, 0 MB stacks, 0 MB globals, 4 P
gc 2184 @16.291s 5%: 0.054+1.6+0.049 ms clock, 0.21+0.45/0.70/0+0.19 ms cpu, 3->3->1 MB, 4 MB goal, 0 MB stacks, 0 MB globals, 4 P
gc 2185 @16.296s 5%: 0.056+0.73+0.041 ms clock, 0.22+0.73/0.64/0+0.16 ms cpu, 3->3->1 MB, 4 MB goal, 0 MB stacks, 0 MB globals, 4 P
gc 2186 @16.302s 5%: 0.36+0.96+0.025 ms clock, 1.4+0.43/1.1/0.004+0.10 ms cpu, 3->3->1 MB, 4 MB goal, 0 MB stacks, 0 MB globals, 4 P
gc 2187 @16.307s 5%: 0.040+0.57+0.022 ms clock, 0.16+0.90/0.47/0+0.088 ms cpu, 3->3->1 MB, 4 MB goal, 0 MB stacks, 0 MB globals, 4 P
gc 2188 @16.313s 5%: 0.079+1.1+0.060 ms clock, 0.31+0.61/0.59/0+0.24 ms cpu, 3->3->1 MB, 4 MB goal, 0 MB stacks, 0 MB globals, 4 P
gc 2189 @16.319s 5%: 0.069+1.5+0.034 ms clock, 0.27+0.58/0.57/0+0.13 ms cpu, 3->3->1 MB, 4 MB goal, 0 MB stacks, 0 MB globals, 4 P
gc 2190 @16.324s 5%: 0.046+0.71+0.038 ms clock, 0.18+0.85/0.59/0+0.15 ms cpu, 3->3->1 MB, 4 MB goal, 0 MB stacks, 0 MB globals, 4 P
gc 2191 @16.330s 5%: 0.10+1.3+0.023 ms clock, 0.43+0.56/0.58/0+0.095 ms cpu, 3->3->1 MB, 4 MB goal, 0 MB stacks, 0 MB globals, 4 P
gc 2192 @16.336s 5%: 0.059+1.2+0.041 ms clock, 0.23+1.1/0.16/0+0.16 ms cpu, 3->3->1 MB, 4 MB goal, 0 MB stacks, 0 MB globals, 4 P
gc 2193 @16.341s 5%: 0.098+1.8+0.036 ms clock, 0.39+0.46/0.62/0+0.14 ms cpu, 3->3->1 MB, 4 MB goal, 0 MB stacks, 0 MB globals, 4 P
gc 2194 @16.347s 5%: 0.024+1.0+0.003 ms clock, 0.098+0.43/0.52/0+0.014 ms cpu, 3->3->1 MB, 4 MB goal, 0 MB stacks, 0 MB globals, 4 P
gc 2195 @16.352s 5%: 0.062+0.81+0.018 ms clock, 0.25+0.75/0.62/0+0.073 ms cpu, 3->3->1 MB, 4 MB goal, 0 MB stacks, 0 MB globals, 4 P
gc 2196 @16.358s 5%: 0.34+1.5+0.021 ms clock, 1.3+0.50/0.73/0+0.085 ms cpu, 3->3->1 MB, 4 MB goal, 0 MB stacks, 0 MB globals, 4 P
gc 2197 @16.364s 5%: 0.055+0.77+0.065 ms clock, 0.22+0.76/0.68/0+0.26 ms cpu, 3->3->1 MB, 4 MB goal, 0 MB stacks, 0 MB globals, 4 P
gc 2198 @16.369s 5%: 0.33+1.8+0.045 ms clock, 1.3+0.54/1.4/0+0.18 ms cpu, 3->3->1 MB, 4 MB goal, 0 MB stacks, 0 MB globals, 4 P
gc 2199 @16.375s 5%: 0.049+1.0+0.021 ms clock, 0.19+0.48/0.60/0+0.087 ms cpu, 3->3->1 MB, 4 MB goal, 0 MB stacks, 0 MB globals, 4 P
gc 2200 @16.381s 5%: 0.067+0.63+0.044 ms clock, 0.26+0.74/0.50/0+0.17 ms cpu, 3->3->1 MB, 4 MB goal, 0 MB stacks, 0 MB globals, 4 P
gc 2201 @16.386s 5%: 0.067+1.0+0.039 ms clock, 0.27+0.75/0.82/0+0.15 ms cpu, 3->3->1 MB, 4 MB goal, 0 MB stacks, 0 MB globals, 4 P
gc 2202 @16.392s 5%: 0.023+0.54+0.030 ms clock, 0.093+0.91/0.47/0+0.12 ms cpu, 3->3->1 MB, 4 MB goal, 0 MB stacks, 0 MB globals, 4 P
gc 2203 @16.397s 5%: 0.088+1.4+0.025 ms clock, 0.35+0.86/0.56/0+0.10 ms cpu, 3->3->1 MB, 4 MB goal, 0 MB stacks, 0 MB globals, 4 P
gc 2204 @16.403s 5%: 0.036+1.6+0.041 ms clock, 0.14+0.64/1.0/0+0.16 ms cpu, 3->3->1 MB, 4 MB goal, 0 MB stacks, 0 MB globals, 4 P
gc 2205 @16.408s 5%: 0.074+0.66+0.031 ms clock, 0.29+0.61/0.57/0+0.12 ms cpu, 3->3->1 MB, 4 MB goal, 0 MB stacks, 0 MB globals, 4 P
gc 2206 @16.414s 5%: 0.10+1.9+0.023 ms clock, 0.41+0.55/0.61/0+0.095 ms cpu, 3->3->1 MB, 4 MB goal, 0 MB stacks, 0 MB globals, 4 P
gc 2207 @16.420s 5%: 0.043+1.1+0.063 ms clock, 0.17+1.1/0.040/0+0.25 ms cpu, 3->3->1 MB, 4 MB goal, 0 MB stacks, 0 MB globals, 4 P
gc 2208 @16.425s 5%: 0.054+0.83+0.036 ms clock, 0.21+0.83/0.45/0+0.14 ms cpu, 3->3->1 MB, 4 MB goal, 0 MB stacks, 0 MB globals, 4 P
gc 2209 @16.431s 5%: 0.076+0.82+0.012 ms clock, 0.30+0.91/0.71/0+0.051 ms cpu, 3->3->1 MB, 4 MB goal, 0 MB stacks, 0 MB globals, 4 P
gc 2210 @16.436s 5%: 0.071+0.59+0.026 ms clock, 0.28+0.96/0.52/0+0.10 ms cpu, 3->3->1 MB, 4 MB goal, 0 MB stacks, 0 MB globals, 4 P
gc 2211 @16.441s 5%: 0.044+0.71+0.014 ms clock, 0.17+0.88/0.61/0+0.058 ms cpu, 3->3->1 MB, 4 MB goal, 0 MB stacks, 0 MB globals, 4 P
gc 2212 @16.447s 5%: 0.072+1.2+0.046 ms clock, 0.29+0.52/0.57/0+0.18 ms cpu, 3->3->1 MB, 4 MB goal, 0 MB stacks, 0 MB globals, 4 P
gc 2213 @16.453s 5%: 0.043+1.0+0.026 ms clock, 0.17+1.2/0.46/0+0.10 ms cpu, 3->3->1 MB, 4 MB goal, 0 MB stacks, 0 MB globals, 4 P
gc 2214 @16.458s 5%: 0.079+1.1+0.026 ms clock, 0.31+0.65/0.59/0+0.10 ms cpu, 3->3->1 MB, 4 MB goal, 0 MB stacks, 0 MB globals, 4 P
gc 2215 @16.464s 5%: 0.070+2.3+0.055 ms clock, 0.28+0.67/2.2/0+0.22 ms cpu, 3->3->1 MB, 4 MB goal, 0 MB stacks, 0 MB globals, 4 P
gc 2216 @16.470s 5%: 0.082+0.92+0.082 ms clock, 0.32+0.22/0.83/0+0.33 ms cpu, 3->3->1 MB, 4 MB goal, 0 MB stacks, 0 MB globals, 4 P
gc 2217 @16.475s 5%: 0.060+0.60+0.038 ms clock, 0.24+0.77/0.49/0+0.15 ms cpu, 3->3->1 MB, 4 MB goal, 0 MB stacks, 0 MB globals, 4 P
gc 2218 @16.480s 5%: 0.057+1.8+0.028 ms clock, 0.23+0.57/0.61/0+0.11 ms cpu, 3->3->1 MB, 4 MB goal, 0 MB stacks, 0 MB globals, 4 P
gc 2219 @16.486s 5%: 0.062+1.7+0.007 ms clock, 0.24+0.60/0.57/0+0.028 ms cpu, 3->3->1 MB, 4 MB goal, 0 MB stacks, 0 MB globals, 4 P
gc 2220 @16.492s 5%: 0.050+0.81+0.028 ms clock, 0.20+0.64/0.74/0+0.11 ms cpu, 3->3->1 MB, 4 MB goal, 0 MB stacks, 0 MB globals, 4 P
gc 2221 @16.497s 5%: 0.078+0.64+0.058 ms clock, 0.31+0.93/0.49/0+0.23 ms cpu, 3->3->1 MB, 4 MB goal, 0 MB stacks, 0 MB globals, 4 P
gc 2222 @16.503s 5%: 0.091+1.2+0.058 ms clock, 0.36+0.62/0.52/0+0.23 ms cpu, 3->3->1 MB, 4 MB goal, 0 MB stacks, 0 MB globals, 4 P
gc 2223 @16.509s 5%: 0.067+0.80+0.037 ms clock, 0.27+0.94/0.70/0+0.15 ms cpu, 3->3->1 MB, 4 MB goal, 0 MB stacks, 0 MB globals, 4 P
gc 2224 @16.514s 5%: 0.35+1.3+0.049 ms clock, 1.4+0.77/1.5/0+0.19 ms cpu, 3->3->1 MB, 4 MB goal, 0 MB stacks, 0 MB globals, 4 P
gc 2225 @16.519s 5%: 0.089+1.4+0.072 ms clock, 0.35+0.66/0.59/0+0.28 ms cpu, 3->3->1 MB, 4 MB goal, 0 MB stacks, 0 MB globals, 4 P
gc 2226 @16.525s 5%: 0.058+0.89+0.062 ms clock, 0.23+0.74/0.72/0+0.24 ms cpu, 3->3->1 MB, 4 MB goal, 0 MB stacks, 0 MB globals, 4 P
gc 2227 @16.531s 5%: 0.088+1.6+0.065 ms clock, 0.35+0.47/0.71/0+0.26 ms cpu, 3->3->1 MB, 4 MB goal, 0 MB stacks, 0 MB globals, 4 P
gc 2228 @16.536s 5%: 0.046+0.89+0.061 ms clock, 0.18+0.89/0.54/0+0.24 ms cpu, 3->3->1 MB, 4 MB goal, 0 MB stacks, 0 MB globals, 4 P
gc 2229 @16.541s 5%: 0.11+0.67+0.068 ms clock, 0.47+0.82/0.56/0+0.27 ms cpu, 3->3->1 MB, 4 MB goal, 0 MB stacks, 0 MB globals, 4 P
gc 2230 @16.547s 5%: 0.073+2.3+0.045 ms clock, 0.29+0.57/0.83/0+0.18 ms cpu, 3->3->1 MB, 4 MB goal, 0 MB stacks, 0 MB globals, 4 P
gc 2231 @16.553s 5%: 0.051+1.5+0.074 ms clock, 0.20+0.75/0.48/0+0.29 ms cpu, 3->3->1 MB, 4 MB goal, 0 MB stacks, 0 MB globals, 4 P
gc 2232 @16.558s 5%: 0.55+0.50+0.020 ms clock, 2.2+1.0/0.65/0+0.082 ms cpu, 3->3->1 MB, 4 MB goal, 0 MB stacks, 0 MB globals, 4 P
gc 2233 @16.564s 5%: 0.026+0.72+0.044 ms clock, 0.10+0.78/0.57/0+0.17 ms cpu, 3->3->1 MB, 4 MB goal, 0 MB stacks, 0 MB globals, 4 P
gc 2234 @16.569s 5%: 0.039+1.2+0.045 ms clock, 0.15+0.60/0.67/0+0.18 ms cpu, 3->3->1 MB, 4 MB goal, 0 MB stacks, 0 MB globals, 4 P
gc 2235 @16.575s 5%: 0.033+1.0+0.039 ms clock, 0.13+0.54/0.58/0+0.15 ms cpu, 3->3->1 MB, 4 MB goal, 0 MB stacks, 0 MB globals, 4 P
gc 2236 @16.581s 5%: 0.092+1.4+0.024 ms clock, 0.36+0.42/0.74/0+0.097 ms cpu, 3->3->1 MB, 4 MB goal, 0 MB stacks, 0 MB globals, 4 P
gc 2237 @16.586s 5%: 0.080+1.9+0.017 ms clock, 0.32+0.62/0.88/0+0.070 ms cpu, 3->3->1 MB, 4 MB goal, 0 MB stacks, 0 MB globals, 4 P
gc 2238 @16.592s 5%: 0.090+1.6+0.002 ms clock, 0.36+0.50/0.69/0+0.011 ms cpu, 3->3->1 MB, 4 MB goal, 0 MB stacks, 0 MB globals, 4 P
gc 2239 @16.598s 5%: 0.048+0.82+0.038 ms clock, 0.19+0.54/0.61/0+0.15 ms cpu, 3->3->1 MB, 4 MB goal, 0 MB stacks, 0 MB globals, 4 P
gc 2240 @16.604s 5%: 0.083+0.64+0.036 ms clock, 0.33+0.74/0.57/0+0.14 ms cpu, 3->3->1 MB, 4 MB goal, 0 MB stacks, 0 MB globals, 4 P
gc 2241 @16.610s 5%: 0.045+0.63+0.022 ms clock, 0.18+0.77/0.57/0+0.088 ms cpu, 3->3->1 MB, 4 MB goal, 0 MB stacks, 0 MB globals, 4 P
gc 2242 @16.616s 5%: 0.066+0.85+0.019 ms clock, 0.26+0.75/0.74/0+0.077 ms cpu, 3->3->1 MB, 4 MB goal, 0 MB stacks, 0 MB globals, 4 P
gc 2243 @16.622s 5%: 0.082+1.1+0.043 ms clock, 0.32+1.1/0.12/0+0.17 ms cpu, 3->3->1 MB, 4 MB goal, 0 MB stacks, 0 MB globals, 4 P
gc 2244 @16.627s 5%: 0.10+1.6+0.029 ms clock, 0.40+0.33/0.78/0+0.11 ms cpu, 3->3->1 MB, 4 MB goal, 0 MB stacks, 0 MB globals, 4 P
gc 2245 @16.633s 5%: 0.057+1.5+0.081 ms clock, 0.23+1.4/0.66/0+0.32 ms cpu, 3->3->1 MB, 4 MB goal, 0 MB stacks, 0 MB globals, 4 P
gc 2246 @16.639s 5%: 0.11+0.83+0.031 ms clock, 0.46+0.35/0.73/0+0.12 ms cpu, 3->3->1 MB, 4 MB goal, 0 MB stacks, 0 MB globals, 4 P
gc 2247 @16.644s 5%: 0.098+2.3+0.084 ms clock, 0.39+0.67/0.74/0+0.33 ms cpu, 3->3->1 MB, 4 MB goal, 0 MB stacks, 0 MB globals, 4 P
gc 2248 @16.650s 5%: 0.067+0.83+0.040 ms clock, 0.27+0.69/0.74/0+0.16 ms cpu, 3->3->1 MB, 4 MB goal, 0 MB stacks, 0 MB globals, 4 P
gc 2249 @16.656s 5%: 0.46+1.2+0.045 ms clock, 1.8+0.26/0.81/0+0.18 ms cpu, 3->3->1 MB, 4 MB goal, 0 MB stacks, 0 MB globals, 4 P
gc 2250 @16.662s 5%: 0.099+1.0+0.041 ms clock, 0.39+0.78/0.98/0+0.16 ms cpu, 3->3->1 MB, 4 MB goal, 0 MB stacks, 0 MB globals, 4 P
gc 2251 @16.667s 5%: 0.050+1.7+0.058 ms clock, 0.20+1.1/0.91/0+0.23 ms cpu, 3->3->1 MB, 4 MB goal, 0 MB stacks, 0 MB globals, 4 P
gc 2252 @16.673s 5%: 0.065+0.67+0.044 ms clock, 0.26+0.78/0.57/0+0.17 ms cpu, 3->3->1 MB, 4 MB goal, 0 MB stacks, 0 MB globals, 4 P
gc 2253 @16.678s 5%: 0.071+1.1+0.021 ms clock, 0.28+0.92/0.51/0+0.086 ms cpu, 3->3->1 MB, 4 MB goal, 0 MB stacks, 0 MB globals, 4 P
gc 2254 @16.684s 5%: 0.064+1.3+0.072 ms clock, 0.25+0.75/0.53/0+0.29 ms cpu, 3->3->1 MB, 4 MB goal, 0 MB stacks, 0 MB globals, 4 P
gc 2255 @16.689s 5%: 0.081+0.79+0.048 ms clock, 0.32+0.66/0.66/0+0.19 ms cpu, 3->3->1 MB, 4 MB goal, 0 MB stacks, 0 MB globals, 4 P
gc 2256 @16.695s 5%: 0.28+0.92+0.046 ms clock, 1.1+0.44/1.0/0+0.18 ms cpu, 3->3->1 MB, 4 MB goal, 0 MB stacks, 0 MB globals, 4 P
gc 2257 @16.700s 5%: 0.058+1.5+0.004 ms clock, 0.23+0.40/0.56/0+0.016 ms cpu, 3->3->1 MB, 4 MB goal, 0 MB stacks, 0 MB globals, 4 P
gc 2258 @16.706s 5%: 0.043+0.81+0.048 ms clock, 0.17+0.91/0.66/0+0.19 ms cpu, 3->3->1 MB, 4 MB goal, 0 MB stacks, 0 MB globals, 4 P
gc 2259 @16.712s 5%: 0.058+2.0+0.083 ms clock, 0.23+0.56/0.70/0+0.33 ms cpu, 3->3->1 MB, 4 MB goal, 0 MB stacks, 0 MB globals, 4 P
gc 2260 @16.717s 5%: 0.051+1.6+0.070 ms clock, 0.20+1.1/0.002/0+0.28 ms cpu, 3->3->1 MB, 4 MB goal, 0 MB stacks, 0 MB globals, 4 P
gc 2261 @16.723s 5%: 0.053+0.93+0.044 ms clock, 0.21+0.85/0.72/0+0.17 ms cpu, 3->3->1 MB, 4 MB goal, 0 MB stacks, 0 MB globals, 4 P
gc 2262 @16.729s 5%: 0.054+1.4+0.053 ms clock, 0.21+1.7/0.68/0+0.21 ms cpu, 3->3->1 MB, 4 MB goal, 0 MB stacks, 0 MB globals, 4 P
gc 2263 @16.734s 5%: 0.035+1.9+0.079 ms clock, 0.14+0.99/0.61/0+0.31 ms cpu, 3->4->1 MB, 4 MB goal, 0 MB stacks, 0 MB globals, 4 P
gc 2264 @16.740s 5%: 0.060+0.83+0.072 ms clock, 0.24+0.80/0.59/0+0.28 ms cpu, 3->3->1 MB, 4 MB goal, 0 MB stacks, 0 MB globals, 4 P
gc 2265 @16.746s 5%: 0.083+2.3+0.040 ms clock, 0.33+0.57/0.94/0+0.16 ms cpu, 3->3->1 MB, 4 MB goal, 0 MB stacks, 0 MB globals, 4 P
gc 2266 @16.752s 5%: 0.52+1.4+0.047 ms clock, 2.0+0.90/1.8/0+0.19 ms cpu, 3->3->1 MB, 4 MB goal, 0 MB stacks, 0 MB globals, 4 P
gc 2267 @16.757s 5%: 0.078+1.7+0.041 ms clock, 0.31+0.71/0.62/0+0.16 ms cpu, 3->3->1 MB, 4 MB goal, 0 MB stacks, 0 MB globals, 4 P
gc 2268 @16.763s 5%: 0.043+0.71+0.057 ms clock, 0.17+1.2/0.001/0+0.23 ms cpu, 3->3->1 MB, 4 MB goal, 0 MB stacks, 0 MB globals, 4 P
gc 2269 @16.768s 5%: 0.052+0.90+0.033 ms clock, 0.21+0.59/0.78/0+0.13 ms cpu, 3->3->1 MB, 4 MB goal, 0 MB stacks, 0 MB globals, 4 P
gc 2270 @16.774s 5%: 0.062+1.8+0.058 ms clock, 0.25+0.46/0.92/0+0.23 ms cpu, 3->3->1 MB, 4 MB goal, 0 MB stacks, 0 MB globals, 4 P
gc 2271 @16.780s 5%: 0.048+0.78+0.034 ms clock, 0.19+0.69/0.68/0+0.13 ms cpu, 3->3->1 MB, 4 MB goal, 0 MB stacks, 0 MB globals, 4 P
gc 2272 @16.785s 5%: 0.065+1.6+0.080 ms clock, 0.26+0.75/0.62/0+0.32 ms cpu, 3->3->1 MB, 4 MB goal, 0 MB stacks, 0 MB globals, 4 P
gc 2273 @16.791s 5%: 0.053+1.7+0.036 ms clock, 0.21+1.0/0.081/0+0.14 ms cpu, 3->3->1 MB, 4 MB goal, 0 MB stacks, 0 MB globals, 4 P
gc 2274 @16.796s 5%: 0.045+1.6+0.005 ms clock, 0.18+0.48/0.57/0+0.021 ms cpu, 3->3->1 MB, 4 MB goal, 0 MB stacks, 0 MB globals, 4 P
gc 2275 @16.802s 5%: 0.044+0.98+0.036 ms clock, 0.17+0.93/0.43/0+0.14 ms cpu, 3->3->1 MB, 4 MB goal, 0 MB stacks, 0 MB globals, 4 P
gc 2276 @16.808s 5%: 0.098+0.72+0.048 ms clock, 0.39+0.66/0.57/0+0.19 ms cpu, 3->3->1 MB, 4 MB goal, 0 MB stacks, 0 MB globals, 4 P
gc 2277 @16.813s 5%: 0.090+0.65+0.053 ms clock, 0.36+0.89/0.47/0+0.21 ms cpu, 3->3->1 MB, 4 MB goal, 0 MB stacks, 0 MB globals, 4 P
gc 2278 @16.818s 5%: 0.065+0.87+0.046 ms clock, 0.26+0.71/0.77/0+0.18 ms cpu, 3->3->1 MB, 4 MB goal, 0 MB stacks, 0 MB globals, 4 P
gc 2279 @16.824s 5%: 0.053+1.8+0.007 ms clock, 0.21+0.85/0.71/0+0.028 ms cpu, 3->3->1 MB, 4 MB goal, 0 MB stacks, 0 MB globals, 4 P
gc 2280 @16.830s 5%: 0.091+1.2+0.095 ms clock, 0.36+0.60/0.65/0+0.38 ms cpu, 3->3->1 MB, 4 MB goal, 0 MB stacks, 0 MB globals, 4 P
gc 2281 @16.835s 5%: 0.050+1.0+0.076 ms clock, 0.20+0.70/0.79/0+0.30 ms cpu, 3->3->1 MB, 4 MB goal, 0 MB stacks, 0 MB globals, 4 P
gc 2282 @16.841s 5%: 0.059+0.66+0.028 ms clock, 0.23+0.79/0.52/0+0.11 ms cpu, 3->3->1 MB, 4 MB goal, 0 MB stacks, 0 MB globals, 4 P
gc 2283 @16.846s 5%: 0.072+0.62+0.023 ms clock, 0.28+0.74/0.56/0+0.093 ms cpu, 3->3->1 MB, 4 MB goal, 0 MB stacks, 0 MB globals, 4 P
gc 2284 @16.851s 5%: 0.10+0.79+0.021 ms clock, 0.40+1.3/0.024/0+0.085 ms cpu, 3->3->1 MB, 4 MB goal, 0 MB stacks, 0 MB globals, 4 P
gc 2285 @16.857s 5%: 0.047+1.8+0.043 ms clock, 0.18+0.60/1.0/0+0.17 ms cpu, 3->3->1 MB, 4 MB goal, 0 MB stacks, 0 MB globals, 4 P
gc 2286 @16.863s 5%: 0.042+1.6+0.032 ms clock, 0.17+0.70/0.72/0+0.13 ms cpu, 3->3->1 MB, 4 MB goal, 0 MB stacks, 0 MB globals, 4 P
gc 2287 @16.868s 5%: 0.083+1.0+0.023 ms clock, 0.33+0.59/0.63/0+0.092 ms cpu, 3->3->1 MB, 4 MB goal, 0 MB stacks, 0 MB globals, 4 P
gc 2288 @16.874s 5%: 0.37+2.0+0.027 ms clock, 1.4+0.26/0.95/0+0.10 ms cpu, 3->3->1 MB, 4 MB goal, 0 MB stacks, 0 MB globals, 4 P
gc 2289 @16.880s 5%: 0.066+1.2+0.057 ms clock, 0.26+1.0/1.0/0+0.23 ms cpu, 3->3->1 MB, 4 MB goal, 0 MB stacks, 0 MB globals, 4 P
gc 2290 @16.885s 5%: 0.075+1.5+0.028 ms clock, 0.30+0.43/0.67/0+0.11 ms cpu, 3->3->1 MB, 4 MB goal, 0 MB stacks, 0 MB globals, 4 P
gc 2291 @16.891s 5%: 0.049+1.7+0.065 ms clock, 0.19+0.93/0.46/0+0.26 ms cpu, 3->3->1 MB, 4 MB goal, 0 MB stacks, 0 MB globals, 4 P
gc 2292 @16.897s 5%: 0.046+0.58+0.021 ms clock, 0.18+0.91/0.51/0+0.085 ms cpu, 3->3->1 MB, 4 MB goal, 0 MB stacks, 0 MB globals, 4 P
gc 2293 @16.902s 5%: 0.074+1.2+0.022 ms clock, 0.29+0.55/0.50/0+0.088 ms cpu, 3->3->1 MB, 4 MB goal, 0 MB stacks, 0 MB globals, 4 P
gc 2294 @16.908s 5%: 0.057+2.0+0.080 ms clock, 0.22+0.64/0.70/0+0.32 ms cpu, 3->3->1 MB, 4 MB goal, 0 MB stacks, 0 MB globals, 4 P
gc 2295 @16.914s 5%: 0.039+1.5+0.084 ms clock, 0.15+0.54/0.52/0+0.33 ms cpu, 3->3->1 MB, 4 MB goal, 0 MB stacks, 0 MB globals, 4 P
gc 2296 @16.919s 5%: 0.057+1.7+0.003 ms clock, 0.22+0.69/0.67/0+0.013 ms cpu, 3->3->1 MB, 4 MB goal, 0 MB stacks, 0 MB globals, 4 P
gc 2297 @16.925s 5%: 0.087+1.3+0.054 ms clock, 0.34+1.1/0.97/0+0.21 ms cpu, 3->3->1 MB, 4 MB goal, 0 MB stacks, 0 MB globals, 4 P
gc 2298 @16.931s 5%: 0.34+1.0+0.032 ms clock, 1.3+0.52/1.1/0+0.12 ms cpu, 3->3->1 MB, 4 MB goal, 0 MB stacks, 0 MB globals, 4 P
gc 2299 @16.936s 5%: 0.018+0.65+0.059 ms clock, 0.075+0.91/0.56/0+0.23 ms cpu, 3->3->1 MB, 4 MB goal, 0 MB stacks, 0 MB globals, 4 P
gc 2300 @16.942s 5%: 0.075+2.7+0.074 ms clock, 0.30+0.60/1.0/0+0.29 ms cpu, 3->4->1 MB, 4 MB goal, 0 MB stacks, 0 MB globals, 4 P
gc 2301 @16.948s 5%: 0.074+0.96+0.024 ms clock, 0.29+1.1/0.061/0+0.098 ms cpu, 3->3->1 MB, 4 MB goal, 0 MB stacks, 0 MB globals, 4 P
gc 2302 @16.953s 5%: 0.038+0.69+0.025 ms clock, 0.15+0.85/0.54/0+0.10 ms cpu, 3->3->1 MB, 4 MB goal, 0 MB stacks, 0 MB globals, 4 P
gc 2303 @16.959s 5%: 0.063+1.3+0.021 ms clock, 0.25+0.59/0.78/0+0.087 ms cpu, 3->3->1 MB, 4 MB goal, 0 MB stacks, 0 MB globals, 4 P
gc 2304 @16.964s 5%: 0.055+1.4+0.003 ms clock, 0.22+0.38/0.64/0+0.013 ms cpu, 3->3->1 MB, 4 MB goal, 0 MB stacks, 0 MB globals, 4 P
gc 2305 @16.970s 5%: 0.076+0.71+0.079 ms clock, 0.30+0.78/0.60/0+0.31 ms cpu, 3->3->1 MB, 4 MB goal, 0 MB stacks, 0 MB globals, 4 P
gc 2306 @16.976s 5%: 0.076+0.77+0.061 ms clock, 0.30+0.94/0.30/0+0.24 ms cpu, 3->3->1 MB, 4 MB goal, 0 MB stacks, 0 MB globals, 4 P
gc 2307 @16.982s 5%: 0.28+1.4+0.068 ms clock, 1.1+0.45/0.95/0+0.27 ms cpu, 3->3->1 MB, 4 MB goal, 0 MB stacks, 0 MB globals, 4 P
gc 2308 @16.987s 5%: 0.095+1.5+0.004 ms clock, 0.38+0.74/1.0/0+0.016 ms cpu, 3->3->1 MB, 4 MB goal, 0 MB stacks, 0 MB globals, 4 P
gc 2309 @16.993s 5%: 0.10+0.88+0.038 ms clock, 0.43+0.65/0.70/0+0.15 ms cpu, 3->3->1 MB, 4 MB goal, 0 MB stacks, 0 MB globals, 4 P
gc 2310 @16.999s 5%: 0.082+1.2+0.062 ms clock, 0.32+1.2/0.063/0+0.24 ms cpu, 3->3->1 MB, 4 MB goal, 0 MB stacks, 0 MB globals, 4 P
gc 2311 @17.004s 5%: 0.13+0.60+0.040 ms clock, 0.52+0.75/0.53/0+0.16 ms cpu, 3->3->1 MB, 4 MB goal, 0 MB stacks, 0 MB globals, 4 P
gc 2312 @17.009s 5%: 0.067+2.0+0.029 ms clock, 0.26+0.47/0.66/0+0.11 ms cpu, 3->3->1 MB, 4 MB goal, 0 MB stacks, 0 MB globals, 4 P
gc 2313 @17.015s 5%: 0.92+0.21+0.023 ms clock, 3.7+0.63/1.0/0+0.094 ms cpu, 3->3->1 MB, 4 MB goal, 0 MB stacks, 0 MB globals, 4 P
gc 2314 @17.021s 5%: 0.064+0.73+0.059 ms clock, 0.25+0.71/0.59/0+0.23 ms cpu, 3->3->1 MB, 4 MB goal, 0 MB stacks, 0 MB globals, 4 P
gc 2315 @17.026s 5%: 0.053+0.63+0.026 ms clock, 0.21+0.69/0.53/0+0.10 ms cpu, 3->3->1 MB, 4 MB goal, 0 MB stacks, 0 MB globals, 4 P
gc 2316 @17.032s 5%: 0.067+0.79+0.033 ms clock, 0.26+0.68/0.69/0+0.13 ms cpu, 3->3->1 MB, 4 MB goal, 0 MB stacks, 0 MB globals, 4 P
gc 2317 @17.037s 5%: 0.068+1.1+0.078 ms clock, 0.27+0.73/0.52/0+0.31 ms cpu, 3->3->1 MB, 4 MB goal, 0 MB stacks, 0 MB globals, 4 P
gc 2318 @17.043s 5%: 0.54+1.4+0.049 ms clock, 2.1+0.46/1.7/0+0.19 ms cpu, 3->3->1 MB, 4 MB goal, 0 MB stacks, 0 MB globals, 4 P
gc 2319 @17.049s 5%: 0.11+0.84+0.047 ms clock, 0.46+0.61/0.71/0+0.18 ms cpu, 3->3->1 MB, 4 MB goal, 0 MB stacks, 0 MB globals, 4 P
gc 2320 @17.054s 5%: 0.056+0.84+0.052 ms clock, 0.22+1.0/0.29/0+0.21 ms cpu, 3->3->1 MB, 4 MB goal, 0 MB stacks, 0 MB globals, 4 P
gc 2321 @17.060s 5%: 0.051+1.9+0.008 ms clock, 0.20+0.68/0.71/0+0.032 ms cpu, 3->3->1 MB, 4 MB goal, 0 MB stacks, 0 MB globals, 4 P
gc 2322 @17.066s 5%: 0.051+1.1+0.073 ms clock, 0.20+0.81/0.97/0+0.29 ms cpu, 3->3->1 MB, 4 MB goal, 0 MB stacks, 0 MB globals, 4 P
gc 2323 @17.071s 5%: 0.060+1.6+0.050 ms clock, 0.24+0.33/0.71/0+0.20 ms cpu, 3->3->1 MB, 4 MB goal, 0 MB stacks, 0 MB globals, 4 P
gc 2324 @17.077s 5%: 0.053+0.64+0.055 ms clock, 0.21+0.83/0.51/0+0.22 ms cpu, 3->3->1 MB, 4 MB goal, 0 MB stacks, 0 MB globals, 4 P
gc 2325 @17.082s 5%: 0.066+2.9+0.060 ms clock, 0.26+0.58/0.60/0+0.24 ms cpu, 3->3->1 MB, 4 MB goal, 0 MB stacks, 0 MB globals, 4 P
gc 2326 @17.088s 5%: 0.066+0.73+0.031 ms clock, 0.26+0.67/0.64/0+0.12 ms cpu, 3->3->1 MB, 4 MB goal, 0 MB stacks, 0 MB globals, 4 P
gc 2327 @17.094s 5%: 0.10+0.87+0.023 ms clock, 0.43+0.68/0.79/0+0.094 ms cpu, 3->3->1 MB, 4 MB goal, 0 MB stacks, 0 MB globals, 4 P
gc 2328 @17.099s 5%: 0.068+2.0+0.033 ms clock, 0.27+0.37/0.65/0+0.13 ms cpu, 3->3->1 MB, 4 MB goal, 0 MB stacks, 0 MB globals, 4 P
gc 2329 @17.105s 5%: 1.3+1.0+0.026 ms clock, 5.2+0.81/1.4/0+0.10 ms cpu, 3->4->1 MB, 4 MB goal, 0 MB stacks, 0 MB globals, 4 P
gc 2330 @17.111s 5%: 0.064+1.0+0.041 ms clock, 0.25+0.70/0.71/0+0.16 ms cpu, 3->3->1 MB, 4 MB goal, 0 MB stacks, 0 MB globals, 4 P
gc 2331 @17.116s 5%: 0.093+2.2+0.008 ms clock, 0.37+0.92/0.57/0+0.032 ms cpu, 3->3->1 MB, 4 MB goal, 0 MB stacks, 0 MB globals, 4 P
gc 2332 @17.122s 5%: 0.052+0.90+0.040 ms clock, 0.21+0.82/0.70/0+0.16 ms cpu, 3->3->1 MB, 4 MB goal, 0 MB stacks, 0 MB globals, 4 P
gc 2333 @17.128s 5%: 0.087+0.83+0.040 ms clock, 0.35+0.88/0.71/0+0.16 ms cpu, 3->3->1 MB, 4 MB goal, 0 MB stacks, 0 MB globals, 4 P
gc 2334 @17.133s 5%: 0.087+0.71+0.031 ms clock, 0.34+0.56/0.61/0+0.12 ms cpu, 3->3->1 MB, 4 MB goal, 0 MB stacks, 0 MB globals, 4 P
gc 2335 @17.138s 5%: 0.047+0.69+0.060 ms clock, 0.19+0.92/0.53/0+0.24 ms cpu, 3->3->1 MB, 4 MB goal, 0 MB stacks, 0 MB globals, 4 P
gc 2336 @17.144s 5%: 0.095+1.8+0.036 ms clock, 0.38+0.46/0.64/0+0.14 ms cpu, 3->3->1 MB, 4 MB goal, 0 MB stacks, 0 MB globals, 4 P
gc 2337 @17.149s 5%: 0.075+1.9+0.026 ms clock, 0.30+0.66/1.9/0+0.10 ms cpu, 3->3->1 MB, 4 MB goal, 0 MB stacks, 0 MB globals, 4 P
gc 2338 @17.155s 5%: 0.051+1.7+0.050 ms clock, 0.20+0.68/0.64/0+0.20 ms cpu, 3->3->1 MB, 4 MB goal, 0 MB stacks, 0 MB globals, 4 P
gc 2339 @17.161s 5%: 0.048+0.64+0.077 ms clock, 0.19+0.89/0.48/0+0.31 ms cpu, 3->3->1 MB, 4 MB goal, 0 MB stacks, 0 MB globals, 4 P
gc 2340 @17.166s 5%: 0.049+1.8+0.055 ms clock, 0.19+0.63/0.72/0+0.22 ms cpu, 3->3->1 MB, 4 MB goal, 0 MB stacks, 0 MB globals, 4 P
gc 2341 @17.172s 5%: 0.059+1.0+0.082 ms clock, 0.23+1.2/0.064/0+0.33 ms cpu, 3->3->1 MB, 4 MB goal, 0 MB stacks, 0 MB globals, 4 P
gc 2342 @17.178s 5%: 0.078+2.2+0.074 ms clock, 0.31+0.53/0.70/0+0.29 ms cpu, 3->3->1 MB, 4 MB goal, 0 MB stacks, 0 MB globals, 4 P
gc 2343 @17.184s 5%: 0.10+1.6+0.074 ms clock, 0.40+0.37/0.79/0+0.29 ms cpu, 3->3->1 MB, 4 MB goal, 0 MB stacks, 0 MB globals, 4 P
gc 2344 @17.189s 5%: 0.063+0.76+0.033 ms clock, 0.25+0.81/0.52/0+0.13 ms cpu, 3->3->1 MB, 4 MB goal, 0 MB stacks, 0 MB globals, 4 P
gc 2345 @17.195s 5%: 0.071+2.5+0.083 ms clock, 0.28+0.80/1.1/0+0.33 ms cpu, 3->3->1 MB, 4 MB goal, 0 MB stacks, 0 MB globals, 4 P
gc 2346 @17.201s 5%: 0.055+1.5+0.062 ms clock, 0.22+0.76/0.84/0+0.25 ms cpu, 3->3->1 MB, 4 MB goal, 0 MB stacks, 0 MB globals, 4 P
gc 2347 @17.206s 5%: 0.051+1.2+0.023 ms clock, 0.20+0.56/0.55/0+0.092 ms cpu, 3->3->1 MB, 4 MB goal, 0 MB stacks, 0 MB globals, 4 P
gc 2348 @17.212s 5%: 0.093+0.61+0.025 ms clock, 0.37+0.86/0.49/0+0.10 ms cpu, 3->3->1 MB, 4 MB goal, 0 MB stacks, 0 MB globals, 4 P
gc 2349 @17.217s 5%: 0.087+1.2+0.079 ms clock, 0.34+1.3/0.015/0+0.31 ms cpu, 3->3->1 MB, 4 MB goal, 0 MB stacks, 0 MB globals, 4 P
gc 2350 @17.223s 5%: 0.051+1.8+0.005 ms clock, 0.20+0.46/0.64/0+0.023 ms cpu, 3->3->1 MB, 4 MB goal, 0 MB stacks, 0 MB globals, 4 P
gc 2351 @17.229s 5%: 0.38+0.82+0.004 ms clock, 1.5+0.57/0.86/0+0.019 ms cpu, 3->3->1 MB, 4 MB goal, 0 MB stacks, 0 MB globals, 4 P
gc 2352 @17.234s 5%: 0.10+0.84+0.041 ms clock, 0.41+0.78/0.76/0+0.16 ms cpu, 3->3->1 MB, 4 MB goal, 0 MB stacks, 0 MB globals, 4 P
gc 2353 @17.240s 5%: 0.042+0.65+0.026 ms clock, 0.17+0.71/0.54/0+0.10 ms cpu, 3->3->1 MB, 4 MB goal, 0 MB stacks, 0 MB globals, 4 P
gc 2354 @17.245s 5%: 0.051+1.5+0.039 ms clock, 0.20+0.82/0.74/0+0.15 ms cpu, 3->3->1 MB, 4 MB goal, 0 MB stacks, 0 MB globals, 4 P
gc 2355 @17.252s 5%: 0.018+1.0+0.029 ms clock, 0.073+0.53/0.94/0+0.11 ms cpu, 3->3->1 MB, 4 MB goal, 0 MB stacks, 0 MB globals, 4 P
gc 2356 @17.257s 5%: 0.041+2.2+0.009 ms clock, 0.16+1.1/0.11/0+0.037 ms cpu, 3->3->1 MB, 4 MB goal, 0 MB stacks, 0 MB globals, 4 P
gc 2357 @17.263s 5%: 0.056+1.3+0.042 ms clock, 0.22+0.46/0.55/0+0.17 ms cpu, 3->3->1 MB, 4 MB goal, 0 MB stacks, 0 MB globals, 4 P
gc 2358 @17.268s 5%: 0.045+0.74+0.027 ms clock, 0.18+0.90/0.66/0+0.11 ms cpu, 3->3->1 MB, 4 MB goal, 0 MB stacks, 0 MB globals, 4 P
gc 2359 @17.274s 5%: 0.35+1.3+0.024 ms clock, 1.4+0.43/0.60/0+0.098 ms cpu, 3->3->1 MB, 4 MB goal, 0 MB stacks, 0 MB globals, 4 P
gc 2360 @17.279s 5%: 0.054+1.7+0.034 ms clock, 0.21+0.66/0.65/0+0.13 ms cpu, 3->3->1 MB, 4 MB goal, 0 MB stacks, 0 MB globals, 4 P
gc 2361 @17.285s 5%: 0.079+2.2+0.011 ms clock, 0.31+0.49/0.63/0+0.047 ms cpu, 3->3->1 MB, 4 MB goal, 0 MB stacks, 0 MB globals, 4 P
gc 2362 @17.291s 5%: 0.076+0.63+0.067 ms clock, 0.30+0.95/0.53/0+0.26 ms cpu, 3->3->1 MB, 4 MB goal, 0 MB stacks, 0 MB globals, 4 P
gc 2363 @17.296s 5%: 0.097+1.8+0.043 ms clock, 0.38+0.33/0.78/0+0.17 ms cpu, 3->3->1 MB, 4 MB goal, 0 MB stacks, 0 MB globals, 4 P
gc 2364 @17.302s 5%: 0.065+0.59+0.052 ms clock, 0.26+0.91/0.53/0+0.21 ms cpu, 3->3->1 MB, 4 MB goal, 0 MB stacks, 0 MB globals, 4 P
gc 2365 @17.307s 5%: 0.095+0.94+0.043 ms clock, 0.38+1.0/0.15/0+0.17 ms cpu, 3->3->1 MB, 4 MB goal, 0 MB stacks, 0 MB globals, 4 P
gc 2366 @17.313s 5%: 0.25+1.3+0.036 ms clock, 1.0+0.57/1.1/0+0.14 ms cpu, 3->3->1 MB, 4 MB goal, 0 MB stacks, 0 MB globals, 4 P
gc 2367 @17.318s 5%: 0.061+0.85+0.060 ms clock, 0.24+0.60/0.75/0+0.24 ms cpu, 3->3->1 MB, 4 MB goal, 0 MB stacks, 0 MB globals, 4 P
gc 2368 @17.324s 5%: 0.039+0.56+0.041 ms clock, 0.15+0.82/0.49/0+0.16 ms cpu, 3->3->1 MB, 4 MB goal, 0 MB stacks, 0 MB globals, 4 P
gc 2369 @17.329s 5%: 0.041+1.9+0.027 ms clock, 0.16+0.82/0.61/0+0.11 ms cpu, 3->3->1 MB, 4 MB goal, 0 MB stacks, 0 MB globals, 4 P
gc 2370 @17.335s 5%: 0.078+1.5+0.025 ms clock, 0.31+0.22/0.73/0+0.10 ms cpu, 3->3->1 MB, 4 MB goal, 0 MB stacks, 0 MB globals, 4 P
gc 2371 @17.341s 5%: 0.076+0.71+0.016 ms clock, 0.30+0.78/0.56/0+0.064 ms cpu, 3->3->1 MB, 4 MB goal, 0 MB stacks, 0 MB globals, 4 P
gc 2372 @17.346s 5%: 0.31+1.3+0.091 ms clock, 1.2+0.56/0.74/0+0.36 ms cpu, 3->3->1 MB, 4 MB goal, 0 MB stacks, 0 MB globals, 4 P
gc 2373 @17.352s 5%: 2.2+0.69+0.030 ms clock, 8.8+0.30/2.5/0+0.12 ms cpu, 3->3->1 MB, 4 MB goal, 0 MB stacks, 0 MB globals, 4 P
gc 2374 @17.357s 5%: 0.044+0.76+0.027 ms clock, 0.17+0.71/0.63/0+0.11 ms cpu, 3->3->1 MB, 4 MB goal, 0 MB stacks, 0 MB globals, 4 P
gc 2375 @17.363s 5%: 0.056+2.1+0.043 ms clock, 0.22+0.63/0.72/0+0.17 ms cpu, 3->3->1 MB, 4 MB goal, 0 MB stacks, 0 MB globals, 4 P
gc 2376 @17.369s 5%: 0.077+0.61+0.031 ms clock, 0.31+0.80/0.50/0+0.12 ms cpu, 3->3->1 MB, 4 MB goal, 0 MB stacks, 0 MB globals, 4 P
gc 2377 @17.374s 5%: 1.1+0.95+0.050 ms clock, 4.7+0.73/1.2/0+0.20 ms cpu, 3->3->1 MB, 4 MB goal, 0 MB stacks, 0 MB globals, 4 P
gc 2378 @17.380s 5%: 0.091+2.2+0.032 ms clock, 0.36+0.75/0.60/0+0.13 ms cpu, 3->3->1 MB, 4 MB goal, 0 MB stacks, 0 MB globals, 4 P
gc 2379 @17.386s 5%: 0.053+1.0+0.022 ms clock, 0.21+1.0/0.001/0+0.088 ms cpu, 3->3->1 MB, 4 MB goal, 0 MB stacks, 0 MB globals, 4 P
gc 2380 @17.391s 5%: 0.065+1.0+0.029 ms clock, 0.26+0.39/0.98/0+0.11 ms cpu, 3->3->1 MB, 4 MB goal, 0 MB stacks, 0 MB globals, 4 P
gc 2381 @17.397s 5%: 0.049+0.75+0.046 ms clock, 0.19+0.94/0.60/0+0.18 ms cpu, 3->3->1 MB, 4 MB goal, 0 MB stacks, 0 MB globals, 4 P
gc 2382 @17.402s 5%: 0.079+1.2+0.011 ms clock, 0.31+0.49/0.60/0+0.047 ms cpu, 3->3->1 MB, 4 MB goal, 0 MB stacks, 0 MB globals, 4 P
gc 2383 @17.408s 5%: 0.071+0.72+0.021 ms clock, 0.28+0.64/0.65/0+0.087 ms cpu, 3->3->1 MB, 4 MB goal, 0 MB stacks, 0 MB globals, 4 P
gc 2384 @17.414s 5%: 0.096+1.3+0.042 ms clock, 0.38+0.90/0.48/0+0.17 ms cpu, 3->3->1 MB, 4 MB goal, 0 MB stacks, 0 MB globals, 4 P
gc 2385 @17.419s 5%: 0.070+1.8+0.063 ms clock, 0.28+0.95/0.52/0+0.25 ms cpu, 3->3->1 MB, 4 MB goal, 0 MB stacks, 0 MB globals, 4 P
gc 2386 @17.425s 5%: 0.056+1.8+0.044 ms clock, 0.22+0.45/0.68/0+0.17 ms cpu, 3->3->1 MB, 4 MB goal, 0 MB stacks, 0 MB globals, 4 P
gc 2387 @17.431s 5%: 0.045+1.3+0.055 ms clock, 0.18+0.48/0.62/0+0.22 ms cpu, 3->3->1 MB, 4 MB goal, 0 MB stacks, 0 MB globals, 4 P
gc 2388 @17.436s 5%: 0.096+0.65+0.059 ms clock, 0.38+0.73/0.50/0+0.23 ms cpu, 3->3->1 MB, 4 MB goal, 0 MB stacks, 0 MB globals, 4 P
gc 2389 @17.442s 5%: 0.078+2.2+0.035 ms clock, 0.31+0.49/1.0/0+0.14 ms cpu, 3->3->1 MB, 4 MB goal, 0 MB stacks, 0 MB globals, 4 P
gc 2390 @17.448s 5%: 0.32+1.1+0.056 ms clock, 1.3+0.67/1.2/0+0.22 ms cpu, 3->3->1 MB, 4 MB goal, 0 MB stacks, 0 MB globals, 4 P
gc 2391 @17.453s 5%: 0.10+0.81+0.047 ms clock, 0.40+0.79/0.70/0+0.18 ms cpu, 3->3->1 MB, 4 MB goal, 0 MB stacks, 0 MB globals, 4 P
gc 2392 @17.459s 5%: 0.083+0.93+0.074 ms clock, 0.33+0.74/0.80/0+0.29 ms cpu, 3->3->1 MB, 4 MB goal, 0 MB stacks, 0 MB globals, 4 P
gc 2393 @17.464s 5%: 0.061+0.67+0.027 ms clock, 0.24+0.78/0.56/0+0.11 ms cpu, 3->3->1 MB, 4 MB goal, 0 MB stacks, 0 MB globals, 4 P
gc 2394 @17.470s 5%: 0.077+1.4+0.041 ms clock, 0.30+0.58/0.58/0+0.16 ms cpu, 3->3->1 MB, 4 MB goal, 0 MB stacks, 0 MB globals, 4 P
gc 2395 @17.475s 5%: 0.095+1.0+0.033 ms clock, 0.38+1.1/0.63/0+0.13 ms cpu, 3->3->1 MB, 4 MB goal, 0 MB stacks, 0 MB globals, 4 P
gc 2396 @17.481s 5%: 0.076+0.83+0.039 ms clock, 0.30+0.88/0.70/0+0.15 ms cpu, 3->3->1 MB, 4 MB goal, 0 MB stacks, 0 MB globals, 4 P
gc 2397 @17.486s 5%: 0.070+0.84+0.036 ms clock, 0.28+0.86/0.46/0+0.14 ms cpu, 3->3->1 MB, 4 MB goal, 0 MB stacks, 0 MB globals, 4 P
gc 2398 @17.492s 5%: 0.063+0.72+0.034 ms clock, 0.25+0.46/0.66/0+0.13 ms cpu, 3->3->1 MB, 4 MB goal, 0 MB stacks, 0 MB globals, 4 P
gc 2399 @17.497s 5%: 0.079+0.56+0.036 ms clock, 0.31+0.87/0.47/0+0.14 ms cpu, 3->3->1 MB, 4 MB goal, 0 MB stacks, 0 MB globals, 4 P
gc 2400 @17.503s 5%: 0.083+1.6+0.051 ms clock, 0.33+0.57/0.87/0+0.20 ms cpu, 3->3->1 MB, 4 MB goal, 0 MB stacks, 0 MB globals, 4 P
gc 2401 @17.508s 5%: 0.068+0.74+0.059 ms clock, 0.27+0.79/0.47/0+0.23 ms cpu, 3->3->1 MB, 4 MB goal, 0 MB stacks, 0 MB globals, 4 P
gc 2402 @17.514s 5%: 0.12+1.8+0.027 ms clock, 0.51+0.37/0.74/0+0.10 ms cpu, 3->3->1 MB, 4 MB goal, 0 MB stacks, 0 MB globals, 4 P
gc 2403 @17.520s 5%: 0.11+1.5+0.004 ms clock, 0.46+0.57/0.60/0+0.018 ms cpu, 3->3->1 MB, 4 MB goal, 0 MB stacks, 0 MB globals, 4 P
gc 2404 @17.525s 5%: 0.098+1.3+0.008 ms clock, 0.39+0.55/0.56/0+0.034 ms cpu, 3->3->1 MB, 4 MB goal, 0 MB stacks, 0 MB globals, 4 P
gc 2405 @17.531s 5%: 0.41+1.3+0.075 ms clock, 1.6+0.34/0.98/0.11+0.30 ms cpu, 3->3->1 MB, 4 MB goal, 0 MB stacks, 0 MB globals, 4 P
gc 2406 @17.536s 5%: 0.047+0.72+0.038 ms clock, 0.19+0.90/0.57/0+0.15 ms cpu, 3->3->1 MB, 4 MB goal, 0 MB stacks, 0 MB globals, 4 P
gc 2407 @17.542s 5%: 0.064+1.7+0.046 ms clock, 0.25+0.65/0.70/0+0.18 ms cpu, 3->3->1 MB, 4 MB goal, 0 MB stacks, 0 MB globals, 4 P
gc 2408 @17.548s 5%: 0.37+0.64+0.007 ms clock, 1.4+0.56/0.92/0+0.028 ms cpu, 3->3->1 MB, 4 MB goal, 0 MB stacks, 0 MB globals, 4 P
gc 2409 @17.553s 5%: 0.083+1.0+0.064 ms clock, 0.33+0.68/0.90/0+0.25 ms cpu, 3->3->1 MB, 4 MB goal, 0 MB stacks, 0 MB globals, 4 P
gc 2410 @17.559s 5%: 0.33+2.2+0.073 ms clock, 1.3+0.77/1.9/0+0.29 ms cpu, 3->3->1 MB, 4 MB goal, 0 MB stacks, 0 MB globals, 4 P
gc 2411 @17.564s 5%: 0.067+1.3+0.019 ms clock, 0.26+0.57/0.61/0+0.077 ms cpu, 3->3->1 MB, 4 MB goal, 0 MB stacks, 0 MB globals, 4 P
gc 2412 @17.570s 5%: 0.094+0.74+0.073 ms clock, 0.37+0.79/0.60/0+0.29 ms cpu, 3->3->1 MB, 4 MB goal, 0 MB stacks, 0 MB globals, 4 P
gc 2413 @17.576s 5%: 0.046+0.69+0.048 ms clock, 0.18+0.91/0.19/0+0.19 ms cpu, 3->3->1 MB, 4 MB goal, 0 MB stacks, 0 MB globals, 4 P
gc 2414 @17.581s 5%: 0.036+0.93+0.031 ms clock, 0.14+0.75/0.57/0+0.12 ms cpu, 3->3->1 MB, 4 MB goal, 0 MB stacks, 0 MB globals, 4 P
gc 2415 @17.587s 5%: 0.062+1.5+0.021 ms clock, 0.24+1.7/0.74/0+0.086 ms cpu, 3->3->1 MB, 4 MB goal, 0 MB stacks, 0 MB globals, 4 P
gc 2416 @17.592s 5%: 0.090+0.73+0.005 ms clock, 0.36+0.81/0.62/0+0.023 ms cpu, 3->3->1 MB, 4 MB goal, 0 MB stacks, 0 MB globals, 4 P
gc 2417 @17.598s 5%: 0.056+0.76+0.020 ms clock, 0.22+1.0/0.60/0+0.081 ms cpu, 3->3->1 MB, 4 MB goal, 0 MB stacks, 0 MB globals, 4 P
gc 2418 @17.603s 5%: 0.044+1.6+0.034 ms clock, 0.17+1.0/0.63/0+0.13 ms cpu, 3->3->1 MB, 4 MB goal, 0 MB stacks, 0 MB globals, 4 P
gc 2419 @17.609s 5%: 1.9+1.2+0.028 ms clock, 7.7+0.79/2.0/0+0.11 ms cpu, 3->4->1 MB, 4 MB goal, 0 MB stacks, 0 MB globals, 4 P
gc 2420 @17.615s 5%: 0.050+1.4+0.045 ms clock, 0.20+0.49/0.83/0+0.18 ms cpu, 3->3->1 MB, 4 MB goal, 0 MB stacks, 0 MB globals, 4 P
gc 2421 @17.620s 5%: 0.040+0.66+0.054 ms clock, 0.16+0.76/0.57/0+0.21 ms cpu, 3->3->1 MB, 4 MB goal, 0 MB stacks, 0 MB globals, 4 P
gc 2422 @17.626s 5%: 0.11+1.5+0.088 ms clock, 0.46+0.35/0.78/0+0.35 ms cpu, 3->3->1 MB, 4 MB goal, 0 MB stacks, 0 MB globals, 4 P
gc 2423 @17.631s 5%: 0.051+0.93+0.036 ms clock, 0.20+0.59/0.51/0+0.14 ms cpu, 3->3->1 MB, 4 MB goal, 0 MB stacks, 0 MB globals, 4 P
gc 2424 @17.637s 5%: 0.089+0.80+0.056 ms clock, 0.35+0.73/0.67/0+0.22 ms cpu, 3->3->1 MB, 4 MB goal, 0 MB stacks, 0 MB globals, 4 P
gc 2425 @17.643s 5%: 0.070+1.3+0.079 ms clock, 0.28+0.66/0.66/0+0.31 ms cpu, 3->3->1 MB, 4 MB goal, 0 MB stacks, 0 MB globals, 4 P
gc 2426 @17.649s 5%: 0.065+1.9+0.057 ms clock, 0.26+0.86/0.72/0+0.22 ms cpu, 3->4->1 MB, 4 MB goal, 0 MB stacks, 0 MB globals, 4 P
gc 2427 @17.655s 5%: 0.039+1.9+0.009 ms clock, 0.15+0.91/0.51/0+0.036 ms cpu, 3->3->1 MB, 4 MB goal, 0 MB stacks, 0 MB globals, 4 P
gc 2428 @17.660s 5%: 0.048+1.5+0.060 ms clock, 0.19+1.2/0/0+0.24 ms cpu, 3->3->1 MB, 4 MB goal, 0 MB stacks, 0 MB globals, 4 P
gc 2429 @17.666s 5%: 0.063+2.6+0.096 ms clock, 0.25+0.37/0.69/0+0.38 ms cpu, 3->3->1 MB, 4 MB goal, 0 MB stacks, 0 MB globals, 4 P
gc 2430 @17.672s 5%: 0.071+0.78+0.072 ms clock, 0.28+0.85/0.59/0+0.28 ms cpu, 3->3->1 MB, 4 MB goal, 0 MB stacks, 0 MB globals, 4 P
gc 2431 @17.677s 5%: 0.051+1.2+0.046 ms clock, 0.20+0.64/0.63/0+0.18 ms cpu, 3->3->1 MB, 4 MB goal, 0 MB stacks, 0 MB globals, 4 P
gc 2432 @17.683s 5%: 0.030+2.3+0.028 ms clock, 0.12+0.34/0.96/0+0.11 ms cpu, 3->3->1 MB, 4 MB goal, 0 MB stacks, 0 MB globals, 4 P
gc 2433 @17.689s 5%: 0.095+0.64+0.024 ms clock, 0.38+0.88/0.48/0+0.099 ms cpu, 3->3->1 MB, 4 MB goal, 0 MB stacks, 0 MB globals, 4 P
gc 2434 @17.694s 5%: 0.068+0.81+0.070 ms clock, 0.27+0.64/0.72/0+0.28 ms cpu, 3->3->1 MB, 4 MB goal, 0 MB stacks, 0 MB globals, 4 P
gc 2435 @17.700s 6%: 0.053+0.77+0.041 ms clock, 0.21+0.87/0.64/0+0.16 ms cpu, 3->3->1 MB, 4 MB goal, 0 MB stacks, 0 MB globals, 4 P
gc 2436 @17.705s 6%: 0.065+0.60+0.048 ms clock, 0.26+0.79/0.50/0+0.19 ms cpu, 3->3->1 MB, 4 MB goal, 0 MB stacks, 0 MB globals, 4 P
gc 2437 @17.711s 6%: 0.045+1.0+0.054 ms clock, 0.18+0.78/0.88/0+0.21 ms cpu, 3->3->1 MB, 4 MB goal, 0 MB stacks, 0 MB globals, 4 P
gc 2438 @17.716s 6%: 0.067+0.53+0.031 ms clock, 0.26+0.82/0.45/0+0.12 ms cpu, 3->3->1 MB, 4 MB goal, 0 MB stacks, 0 MB globals, 4 P
gc 2439 @17.722s 6%: 0.066+2.3+0.048 ms clock, 0.26+0.30/0.76/0+0.19 ms cpu, 3->3->1 MB, 4 MB goal, 0 MB stacks, 0 MB globals, 4 P
gc 2440 @17.728s 6%: 0.042+1.6+0.030 ms clock, 0.17+0.66/0.65/0+0.12 ms cpu, 3->3->1 MB, 4 MB goal, 0 MB stacks, 0 MB globals, 4 P
gc 2441 @17.733s 6%: 0.042+1.9+0.007 ms clock, 0.17+0.58/0.70/0+0.029 ms cpu, 3->3->1 MB, 4 MB goal, 0 MB stacks, 0 MB globals, 4 P
gc 2442 @17.739s 6%: 0.036+0.72+0.056 ms clock, 0.14+0.98/0.60/0+0.22 ms cpu, 3->3->1 MB, 4 MB goal, 0 MB stacks, 0 MB globals, 4 P
gc 2443 @17.745s 6%: 0.23+1.5+0.019 ms clock, 0.93+0.82/1.0/0+0.079 ms cpu, 3->3->1 MB, 4 MB goal, 0 MB stacks, 0 MB globals, 4 P
gc 2444 @17.750s 6%: 0.063+0.81+0.036 ms clock, 0.25+0.90/0.63/0+0.14 ms cpu, 3->3->1 MB, 4 MB goal, 0 MB stacks, 0 MB globals, 4 P
gc 2445 @17.756s 6%: 0.077+1.3+0.035 ms clock, 0.31+0.50/0.65/0+0.14 ms cpu, 3->3->1 MB, 4 MB goal, 0 MB stacks, 0 MB globals, 4 P
gc 2446 @17.761s 6%: 0.065+0.86+0.025 ms clock, 0.26+0.60/0.77/0+0.10 ms cpu, 3->3->1 MB, 4 MB goal, 0 MB stacks, 0 MB globals, 4 P
gc 2447 @17.767s 6%: 0.043+0.60+0.027 ms clock, 0.17+1.2/0.007/0+0.10 ms cpu, 3->3->1 MB, 4 MB goal, 0 MB stacks, 0 MB globals, 4 P
gc 2448 @17.772s 6%: 0.11+1.1+0.045 ms clock, 0.45+0.63/0.71/0+0.18 ms cpu, 3->3->1 MB, 4 MB goal, 0 MB stacks, 0 MB globals, 4 P
gc 2449 @17.778s 6%: 0.11+2.0+0.018 ms clock, 0.45+0.74/1.3/0+0.073 ms cpu, 3->3->1 MB, 4 MB goal, 0 MB stacks, 0 MB globals, 4 P
gc 2450 @17.784s 6%: 0.15+0.80+0.048 ms clock, 0.62+0.69/0.83/0.34+0.19 ms cpu, 3->3->1 MB, 4 MB goal, 0 MB stacks, 0 MB globals, 4 P
gc 2451 @17.789s 6%: 0.086+0.78+0.060 ms clock, 0.34+0.53/0.66/0+0.24 ms cpu, 3->3->1 MB, 4 MB goal, 0 MB stacks, 0 MB globals, 4 P
gc 2452 @17.795s 6%: 0.062+1.9+0.024 ms clock, 0.24+0.76/0.58/0+0.098 ms cpu, 3->3->1 MB, 4 MB goal, 0 MB stacks, 0 MB globals, 4 P
gc 2453 @17.801s 6%: 0.095+1.1+0.068 ms clock, 0.38+0.69/0.59/0+0.27 ms cpu, 3->3->1 MB, 4 MB goal, 0 MB stacks, 0 MB globals, 4 P
gc 2454 @17.806s 6%: 0.038+0.63+0.058 ms clock, 0.15+0.90/0.44/0+0.23 ms cpu, 3->3->1 MB, 4 MB goal, 0 MB stacks, 0 MB globals, 4 P
gc 2455 @17.811s 6%: 0.036+1.6+0.009 ms clock, 0.14+0.67/0.66/0+0.038 ms cpu, 3->3->1 MB, 4 MB goal, 0 MB stacks, 0 MB globals, 4 P
gc 2456 @17.817s 6%: 0.057+0.74+0.063 ms clock, 0.23+0.83/0.63/0+0.25 ms cpu, 3->3->1 MB, 4 MB goal, 0 MB stacks, 0 MB globals, 4 P
gc 2457 @17.823s 6%: 0.10+2.6+0.073 ms clock, 0.40+1.6/0.60/0+0.29 ms cpu, 3->4->1 MB, 4 MB goal, 0 MB stacks, 0 MB globals, 4 P
gc 2458 @17.829s 6%: 0.050+0.58+0.028 ms clock, 0.20+0.87/0.47/0+0.11 ms cpu, 3->3->1 MB, 4 MB goal, 0 MB stacks, 0 MB globals, 4 P
gc 2459 @17.835s 6%: 1.6+0.29+0.052 ms clock, 6.4+0.66/1.7/0+0.20 ms cpu, 3->3->1 MB, 4 MB goal, 0 MB stacks, 0 MB globals, 4 P
gc 2460 @17.841s 6%: 0.087+0.67+0.026 ms clock, 0.34+0.76/0.51/0+0.10 ms cpu, 3->3->1 MB, 4 MB goal, 0 MB stacks, 0 MB globals, 4 P
gc 2461 @17.846s 6%: 0.055+0.56+0.023 ms clock, 0.22+0.82/0.47/0+0.095 ms cpu, 3->3->1 MB, 4 MB goal, 0 MB stacks, 0 MB globals, 4 P
gc 2462 @17.851s 6%: 0.042+1.1+0.033 ms clock, 0.17+0.49/0.65/0+0.13 ms cpu, 3->3->1 MB, 4 MB goal, 0 MB stacks, 0 MB globals, 4 P
gc 2463 @17.856s 6%: 0.11+1.8+0.031 ms clock, 0.44+0.59/0.63/0+0.12 ms cpu, 3->3->1 MB, 4 MB goal, 0 MB stacks, 0 MB globals, 4 P
gc 2464 @17.862s 6%: 0.32+0.88+0.046 ms clock, 1.3+0.53/1.0/0+0.18 ms cpu, 3->3->1 MB, 4 MB goal, 0 MB stacks, 0 MB globals, 4 P
gc 2465 @17.867s 6%: 0.078+1.9+0.069 ms clock, 0.31+0.65/0.74/0+0.27 ms cpu, 3->3->1 MB, 4 MB goal, 0 MB stacks, 0 MB globals, 4 P
gc 2466 @17.873s 6%: 0.042+1.7+0.003 ms clock, 0.17+0.64/0.78/0+0.013 ms cpu, 3->3->1 MB, 4 MB goal, 0 MB stacks, 0 MB globals, 4 P
gc 2467 @17.879s 6%: 0.063+0.66+0.075 ms clock, 0.25+0.79/0.55/0+0.30 ms cpu, 3->3->1 MB, 4 MB goal, 0 MB stacks, 0 MB globals, 4 P
gc 2468 @17.885s 6%: 0.37+2.2+0.028 ms clock, 1.5+0.64/1.1/0+0.11 ms cpu, 3->3->1 MB, 4 MB goal, 0 MB stacks, 0 MB globals, 4 P
gc 2469 @17.891s 6%: 1.5+0.16+0.022 ms clock, 6.1+0.77/1.5/0+0.088 ms cpu, 3->3->1 MB, 4 MB goal, 0 MB stacks, 0 MB globals, 4 P
gc 2470 @17.896s 6%: 0.099+0.72+0.041 ms clock, 0.39+0.58/0.61/0+0.16 ms cpu, 3->3->1 MB, 4 MB goal, 0 MB stacks, 0 MB globals, 4 P
gc 2471 @17.902s 6%: 0.058+1.9+0.067 ms clock, 0.23+0.41/0.52/0+0.26 ms cpu, 3->3->1 MB, 4 MB goal, 0 MB stacks, 0 MB globals, 4 P
gc 2472 @17.907s 6%: 0.072+0.75+0.015 ms clock, 0.29+0.64/0.64/0+0.061 ms cpu, 3->3->1 MB, 4 MB goal, 0 MB stacks, 0 MB globals, 4 P
gc 2473 @17.913s 6%: 0.046+0.99+0.050 ms clock, 0.18+1.1/0.001/0+0.20 ms cpu, 3->3->1 MB, 4 MB goal, 0 MB stacks, 0 MB globals, 4 P
gc 2474 @17.918s 6%: 0.10+0.76+0.040 ms clock, 0.40+0.74/0.63/0+0.16 ms cpu, 3->3->1 MB, 4 MB goal, 0 MB stacks, 0 MB globals, 4 P
gc 2475 @17.924s 6%: 0.052+2.2+0.080 ms clock, 0.20+0.94/0.65/0+0.32 ms cpu, 3->3->1 MB, 4 MB goal, 0 MB stacks, 0 MB globals, 4 P
gc 2476 @17.929s 6%: 0.080+0.81+0.071 ms clock, 0.32+0.67/0.70/0+0.28 ms cpu, 3->3->1 MB, 4 MB goal, 0 MB stacks, 0 MB globals, 4 P
gc 2477 @17.935s 6%: 0.083+1.4+0.066 ms clock, 0.33+0.50/0.69/0+0.26 ms cpu, 3->3->1 MB, 4 MB goal, 0 MB stacks, 0 MB globals, 4 P
gc 2478 @17.940s 6%: 0.24+0.90+0.042 ms clock, 0.99+0.66/0.67/0+0.17 ms cpu, 3->3->1 MB, 4 MB goal, 0 MB stacks, 0 MB globals, 4 P
gc 2479 @17.946s 6%: 0.071+0.83+0.017 ms clock, 0.28+0.64/0.71/0+0.070 ms cpu, 3->3->1 MB, 4 MB goal, 0 MB stacks, 0 MB globals, 4 P
gc 2480 @17.951s 6%: 0.082+1.5+0.039 ms clock, 0.33+0.26/0.91/0+0.15 ms cpu, 3->3->1 MB, 4 MB goal, 0 MB stacks, 0 MB globals, 4 P
gc 2481 @17.957s 6%: 0.071+0.69+0.043 ms clock, 0.28+0.84/0.49/0+0.17 ms cpu, 3->3->1 MB, 4 MB goal, 0 MB stacks, 0 MB globals, 4 P
gc 2482 @17.962s 6%: 0.064+1.2+0.072 ms clock, 0.25+1.2/0/0+0.29 ms cpu, 3->3->1 MB, 4 MB goal, 0 MB stacks, 0 MB globals, 4 P
gc 2483 @17.968s 6%: 0.10+0.78+0.053 ms clock, 0.41+0.91/0.58/0+0.21 ms cpu, 3->3->1 MB, 4 MB goal, 0 MB stacks, 0 MB globals, 4 P
gc 2484 @17.973s 6%: 0.046+1.2+0.031 ms clock, 0.18+1.0/0.74/0+0.12 ms cpu, 3->3->1 MB, 4 MB goal, 0 MB stacks, 0 MB globals, 4 P
gc 2485 @17.979s 6%: 0.073+1.2+0.034 ms clock, 0.29+0.96/0.62/0+0.13 ms cpu, 3->3->1 MB, 4 MB goal, 0 MB stacks, 0 MB globals, 4 P
gc 2486 @17.985s 6%: 0.082+3.5+0.053 ms clock, 0.33+0.61/0.78/0+0.21 ms cpu, 3->4->1 MB, 4 MB goal, 0 MB stacks, 0 MB globals, 4 P
gc 2487 @17.991s 6%: 0.060+1.3+0.035 ms clock, 0.24+0.59/0.54/0+0.14 ms cpu, 3->3->1 MB, 4 MB goal, 0 MB stacks, 0 MB globals, 4 P
gc 2488 @17.996s 6%: 0.057+1.9+0.028 ms clock, 0.22+0.61/0.70/0+0.11 ms cpu, 3->3->1 MB, 4 MB goal, 0 MB stacks, 0 MB globals, 4 P
gc 2489 @18.002s 6%: 0.068+1.7+0.041 ms clock, 0.27+0.67/0.66/0+0.16 ms cpu, 3->3->1 MB, 4 MB goal, 0 MB stacks, 0 MB globals, 4 P
gc 2490 @18.008s 6%: 0.060+0.75+0.025 ms clock, 0.24+1.2/0.049/0+0.10 ms cpu, 3->3->1 MB, 4 MB goal, 0 MB stacks, 0 MB globals, 4 P
gc 2491 @18.013s 6%: 0.022+1.1+0.027 ms clock, 0.089+0.45/0.54/0+0.11 ms cpu, 3->3->1 MB, 4 MB goal, 0 MB stacks, 0 MB globals, 4 P
gc 2492 @18.018s 6%: 0.41+1.5+0.025 ms clock, 1.6+0.71/1.7/0.018+0.10 ms cpu, 3->3->1 MB, 4 MB goal, 0 MB stacks, 0 MB globals, 4 P
gc 2493 @18.024s 6%: 0.064+0.92+0.056 ms clock, 0.25+0.70/0.73/0+0.22 ms cpu, 3->3->1 MB, 4 MB goal, 0 MB stacks, 0 MB globals, 4 P
gc 2494 @18.030s 6%: 2.1+0.28+0.032 ms clock, 8.6+0.47/2.3/0+0.13 ms cpu, 3->3->1 MB, 4 MB goal, 0 MB stacks, 0 MB globals, 4 P
