2026/03/14 00:17:10 Running in dev mode.
2026/03/14 00:17:10 STUN server listening on [::]:3478
2026/03/14 00:17:10 No mesh key specified for dev via TAILSCALE_DERPER_MESH_KEY
2026/03/14 00:17:10 No mesh key configured for --dev mode
2026/03/14 00:17:10 derper: serving on :3340
gc 1 @33.844s 0%: 0.24+0.62+0.016 ms clock, 3.9+1.4/1.6/0.062+0.26 ms cpu, 3->4->1 MB, 4 MB goal, 0 MB stacks, 0 MB globals, 16 P
gc 2 @33.846s 0%: 0.15+0.59+0.088 ms clock, 2.4+1.1/1.0/0+1.4 ms cpu, 3->4->2 MB, 4 MB goal, 0 MB stacks, 0 MB globals, 16 P
gc 3 @33.848s 0%: 0.10+0.65+0.13 ms clock, 1.6+0.85/1.1/0+2.1 ms cpu, 3->4->2 MB, 4 MB goal, 0 MB stacks, 0 MB globals, 16 P
gc 4 @33.849s 0%: 0.12+0.60+0.16 ms clock, 1.9+0.50/0.73/0+2.6 ms cpu, 3->4->1 MB, 4 MB goal, 0 MB stacks, 0 MB globals, 16 P
gc 5 @33.851s 0%: 0.13+0.56+0.24 ms clock, 2.0+0.70/0.70/0+3.9 ms cpu, 3->4->1 MB, 4 MB goal, 0 MB stacks, 0 MB globals, 16 P
gc 6 @33.853s 0%: 0.14+0.73+0.10 ms clock, 2.3+0.73/0.89/0+1.6 ms cpu, 3->4->2 MB, 4 MB goal, 0 MB stacks, 0 MB globals, 16 P
gc 7 @33.855s 0%: 0.15+0.55+0.14 ms clock, 2.5+0.59/0.71/0+2.3 ms cpu, 4->4->1 MB, 4 MB goal, 0 MB stacks, 0 MB globals, 16 P
gc 8 @33.856s 0%: 0.11+0.56+0.078 ms clock, 1.8+0.41/0.82/0.005+1.2 ms cpu, 3->4->1 MB, 4 MB goal, 0 MB stacks, 0 MB globals, 16 P
gc 9 @33.858s 0%: 0.10+0.49+0.14 ms clock, 1.6+0.70/0.74/0+2.2 ms cpu, 3->4->1 MB, 4 MB goal, 0 MB stacks, 0 MB globals, 16 P
gc 10 @33.859s 0%: 0.13+0.54+0.20 ms clock, 2.1+0.62/0.76/0.002+3.2 ms cpu, 3->4->1 MB, 4 MB goal, 0 MB stacks, 0 MB globals, 16 P
gc 11 @33.861s 0%: 0.16+0.52+0.12 ms clock, 2.6+0.75/0.79/0+2.0 ms cpu, 3->4->1 MB, 4 MB goal, 0 MB stacks, 0 MB globals, 16 P
gc 12 @33.863s 0%: 0.13+0.65+0.090 ms clock, 2.1+0.52/1.0/0.002+1.4 ms cpu, 3->4->1 MB, 4 MB goal, 0 MB stacks, 0 MB globals, 16 P
gc 13 @33.864s 0%: 0.14+0.55+0.15 ms clock, 2.2+0.50/0.87/0+2.4 ms cpu, 3->4->1 MB, 4 MB goal, 0 MB stacks, 0 MB globals, 16 P
gc 14 @33.866s 0%: 0.13+0.63+0.11 ms clock, 2.1+0.56/0.82/0+1.8 ms cpu, 3->4->2 MB, 4 MB goal, 0 MB stacks, 0 MB globals, 16 P
gc 15 @33.868s 0%: 0.11+0.50+0.12 ms clock, 1.8+0.48/0.85/0.056+1.9 ms cpu, 3->4->1 MB, 4 MB goal, 0 MB stacks, 0 MB globals, 16 P
gc 16 @33.869s 0%: 0.21+0.46+0.12 ms clock, 3.4+0.63/0.72/0+2.0 ms cpu, 3->4->1 MB, 4 MB goal, 0 MB stacks, 0 MB globals, 16 P
gc 17 @33.871s 0%: 0.14+0.55+0.10 ms clock, 2.2+0.54/0.86/0.005+1.7 ms cpu, 3->4->1 MB, 4 MB goal, 0 MB stacks, 0 MB globals, 16 P
gc 18 @33.872s 0%: 0.17+0.45+0.12 ms clock, 2.7+0.55/0.78/0+1.9 ms cpu, 3->4->1 MB, 4 MB goal, 0 MB stacks, 0 MB globals, 16 P
gc 19 @33.874s 0%: 0.15+0.63+0.050 ms clock, 2.5+0.53/0.75/0+0.81 ms cpu, 3->4->1 MB, 4 MB goal, 0 MB stacks, 0 MB globals, 16 P
gc 20 @33.875s 0%: 0.11+0.52+0.077 ms clock, 1.8+0.48/0.85/0+1.2 ms cpu, 3->3->1 MB, 4 MB goal, 0 MB stacks, 0 MB globals, 16 P
gc 21 @33.877s 0%: 0.10+0.66+0.092 ms clock, 1.6+0.43/0.87/0.041+1.4 ms cpu, 3->4->1 MB, 4 MB goal, 0 MB stacks, 0 MB globals, 16 P
gc 22 @33.878s 0%: 0.16+0.43+0.11 ms clock, 2.6+0.55/0.72/0+1.7 ms cpu, 3->4->1 MB, 4 MB goal, 0 MB stacks, 0 MB globals, 16 P
gc 23 @33.880s 0%: 0.098+0.51+0.15 ms clock, 1.5+0.69/0.82/0+2.4 ms cpu, 3->4->1 MB, 4 MB goal, 0 MB stacks, 0 MB globals, 16 P
gc 24 @33.881s 0%: 0.094+0.61+0.13 ms clock, 1.5+0.46/0.90/0+2.1 ms cpu, 3->4->1 MB, 4 MB goal, 0 MB stacks, 0 MB globals, 16 P
gc 25 @33.883s 0%: 0.10+0.65+0.070 ms clock, 1.6+0.54/1.0/0.005+1.1 ms cpu, 3->4->1 MB, 4 MB goal, 0 MB stacks, 0 MB globals, 16 P
gc 26 @33.885s 0%: 0.11+0.47+0.13 ms clock, 1.9+0.53/0.89/0+2.1 ms cpu, 3->4->1 MB, 4 MB goal, 0 MB stacks, 0 MB globals, 16 P
gc 27 @33.886s 0%: 0.12+0.77+0.067 ms clock, 2.0+0.52/0.84/0+1.0 ms cpu, 3->4->2 MB, 4 MB goal, 0 MB stacks, 0 MB globals, 16 P
gc 28 @33.888s 0%: 0.19+0.76+0.11 ms clock, 3.0+0.60/0.86/0+1.7 ms cpu, 3->4->2 MB, 4 MB goal, 0 MB stacks, 0 MB globals, 16 P
gc 29 @33.890s 0%: 0.12+0.61+0.14 ms clock, 2.0+0.58/0.78/0.002+2.3 ms cpu, 3->4->1 MB, 4 MB goal, 0 MB stacks, 0 MB globals, 16 P
gc 30 @33.892s 0%: 0.095+0.52+0.11 ms clock, 1.5+0.66/0.86/0.002+1.9 ms cpu, 3->4->1 MB, 4 MB goal, 0 MB stacks, 0 MB globals, 16 P
gc 31 @33.893s 0%: 0.093+0.60+0.094 ms clock, 1.4+0.52/0.73/0+1.5 ms cpu, 3->4->1 MB, 4 MB goal, 0 MB stacks, 0 MB globals, 16 P
gc 32 @33.895s 0%: 0.17+0.80+0.10 ms clock, 2.7+0.72/0.89/0.032+1.6 ms cpu, 3->4->2 MB, 4 MB goal, 0 MB stacks, 0 MB globals, 16 P
gc 33 @33.897s 0%: 0.14+0.71+0.10 ms clock, 2.3+0.44/0.95/0+1.6 ms cpu, 3->4->2 MB, 4 MB goal, 0 MB stacks, 0 MB globals, 16 P
gc 34 @33.899s 0%: 0.079+0.55+0.13 ms clock, 1.2+0.53/0.87/0.017+2.1 ms cpu, 3->4->1 MB, 4 MB goal, 0 MB stacks, 0 MB globals, 16 P
gc 35 @33.900s 0%: 0.14+0.74+0.038 ms clock, 2.3+0.53/1.1/0+0.61 ms cpu, 3->4->2 MB, 4 MB goal, 0 MB stacks, 0 MB globals, 16 P
gc 36 @33.902s 0%: 0.13+0.74+0.092 ms clock, 2.1+0.68/0.82/0+1.4 ms cpu, 3->4->2 MB, 4 MB goal, 0 MB stacks, 0 MB globals, 16 P
gc 37 @33.904s 0%: 0.10+0.57+0.12 ms clock, 1.6+0.56/0.82/0.005+1.9 ms cpu, 3->4->1 MB, 4 MB goal, 0 MB stacks, 0 MB globals, 16 P
gc 38 @33.906s 0%: 0.10+0.78+0.064 ms clock, 1.6+0.46/0.87/0+1.0 ms cpu, 3->4->2 MB, 4 MB goal, 0 MB stacks, 0 MB globals, 16 P
gc 39 @33.907s 0%: 0.11+0.42+0.17 ms clock, 1.9+0.59/0.72/0.011+2.8 ms cpu, 3->4->1 MB, 4 MB goal, 0 MB stacks, 0 MB globals, 16 P
gc 40 @33.909s 0%: 0.14+0.57+0.20 ms clock, 2.2+0.67/0.74/0+3.3 ms cpu, 3->4->1 MB, 4 MB goal, 0 MB stacks, 0 MB globals, 16 P
gc 41 @33.911s 0%: 0.11+0.63+0.093 ms clock, 1.7+0.42/0.83/0+1.4 ms cpu, 3->4->2 MB, 4 MB goal, 0 MB stacks, 0 MB globals, 16 P
gc 42 @33.912s 0%: 0.11+0.51+0.19 ms clock, 1.7+0.54/0.77/0+3.0 ms cpu, 3->4->1 MB, 4 MB goal, 0 MB stacks, 0 MB globals, 16 P
gc 43 @33.914s 0%: 0.18+0.49+0.18 ms clock, 2.9+0.77/0.67/0+3.0 ms cpu, 3->4->1 MB, 4 MB goal, 0 MB stacks, 0 MB globals, 16 P
gc 44 @33.915s 0%: 0.12+0.62+0.14 ms clock, 1.9+0.48/0.85/0.027+2.2 ms cpu, 3->4->1 MB, 4 MB goal, 0 MB stacks, 0 MB globals, 16 P
gc 45 @33.917s 0%: 0.12+0.59+0.10 ms clock, 1.9+0.66/0.78/0+1.6 ms cpu, 3->4->1 MB, 4 MB goal, 0 MB stacks, 0 MB globals, 16 P
gc 46 @33.919s 0%: 0.12+0.40+0.10 ms clock, 1.9+0.64/0.75/0+1.6 ms cpu, 3->4->1 MB, 4 MB goal, 0 MB stacks, 0 MB globals, 16 P
gc 47 @33.920s 0%: 0.10+0.63+0.12 ms clock, 1.7+0.73/0.85/0+1.9 ms cpu, 3->4->1 MB, 4 MB goal, 0 MB stacks, 0 MB globals, 16 P
gc 48 @33.922s 0%: 0.16+0.61+0.10 ms clock, 2.5+0.62/0.69/0.011+1.6 ms cpu, 3->4->1 MB, 4 MB goal, 0 MB stacks, 0 MB globals, 16 P
gc 49 @33.923s 0%: 0.11+0.49+0.14 ms clock, 1.7+0.56/0.76/0.045+2.3 ms cpu, 3->4->1 MB, 4 MB goal, 0 MB stacks, 0 MB globals, 16 P
gc 50 @33.925s 0%: 0.11+0.62+0.10 ms clock, 1.8+0.55/0.82/0.034+1.7 ms cpu, 3->4->1 MB, 4 MB goal, 0 MB stacks, 0 MB globals, 16 P
gc 51 @33.927s 0%: 0.099+0.46+0.10 ms clock, 1.5+0.58/0.88/0+1.6 ms cpu, 3->4->1 MB, 4 MB goal, 0 MB stacks, 0 MB globals, 16 P
gc 52 @33.928s 0%: 0.11+0.65+0.13 ms clock, 1.8+0.63/0.89/0+2.1 ms cpu, 3->4->2 MB, 4 MB goal, 0 MB stacks, 0 MB globals, 16 P
gc 53 @33.930s 0%: 0.16+0.58+0.077 ms clock, 2.6+0.71/0.78/0+1.2 ms cpu, 3->4->2 MB, 4 MB goal, 0 MB stacks, 0 MB globals, 16 P
gc 54 @33.932s 0%: 0.14+0.51+0.098 ms clock, 2.2+0.60/0.77/0+1.5 ms cpu, 3->4->1 MB, 4 MB goal, 0 MB stacks, 0 MB globals, 16 P
gc 55 @33.933s 0%: 0.11+0.54+0.084 ms clock, 1.8+0.65/0.79/0.009+1.3 ms cpu, 3->4->1 MB, 4 MB goal, 0 MB stacks, 0 MB globals, 16 P
gc 56 @33.935s 0%: 0.13+0.57+0.10 ms clock, 2.1+0.52/0.86/0+1.6 ms cpu, 3->4->1 MB, 4 MB goal, 0 MB stacks, 0 MB globals, 16 P
gc 57 @33.937s 0%: 0.22+0.58+0.11 ms clock, 3.6+0.67/0.88/0+1.8 ms cpu, 3->4->2 MB, 4 MB goal, 0 MB stacks, 0 MB globals, 16 P
gc 58 @33.938s 0%: 0.11+0.44+0.11 ms clock, 1.8+0.64/0.77/0+1.8 ms cpu, 3->4->1 MB, 4 MB goal, 0 MB stacks, 0 MB globals, 16 P
gc 59 @33.940s 0%: 0.14+0.54+0.075 ms clock, 2.2+0.59/0.86/0+1.2 ms cpu, 3->4->1 MB, 4 MB goal, 0 MB stacks, 0 MB globals, 16 P
gc 60 @33.941s 0%: 0.11+0.52+0.086 ms clock, 1.8+0.60/0.85/0+1.3 ms cpu, 3->4->1 MB, 4 MB goal, 0 MB stacks, 0 MB globals, 16 P
gc 61 @33.943s 0%: 0.16+0.69+0.13 ms clock, 2.6+0.51/0.92/0+2.1 ms cpu, 3->4->2 MB, 4 MB goal, 0 MB stacks, 0 MB globals, 16 P
gc 62 @33.945s 0%: 0.12+0.69+0.079 ms clock, 2.0+0.47/0.89/0.031+1.2 ms cpu, 3->4->2 MB, 4 MB goal, 0 MB stacks, 0 MB globals, 16 P
gc 63 @33.947s 0%: 0.14+0.45+0.10 ms clock, 2.3+0.65/0.78/0.025+1.6 ms cpu, 3->4->1 MB, 4 MB goal, 0 MB stacks, 0 MB globals, 16 P
gc 64 @33.948s 0%: 0.14+0.49+0.12 ms clock, 2.3+0.57/0.75/0.024+1.9 ms cpu, 3->4->1 MB, 4 MB goal, 0 MB stacks, 0 MB globals, 16 P
gc 65 @33.950s 0%: 0.11+0.52+0.12 ms clock, 1.8+0.46/0.85/0.037+2.0 ms cpu, 3->4->1 MB, 4 MB goal, 0 MB stacks, 0 MB globals, 16 P
gc 66 @33.951s 0%: 0.12+0.50+0.090 ms clock, 2.0+0.69/0.74/0+1.4 ms cpu, 3->4->1 MB, 4 MB goal, 0 MB stacks, 0 MB globals, 16 P
gc 67 @33.953s 0%: 0.10+0.45+0.12 ms clock, 1.6+0.63/0.77/0.002+1.9 ms cpu, 3->3->1 MB, 4 MB goal, 0 MB stacks, 0 MB globals, 16 P
gc 68 @33.954s 0%: 0.10+0.61+0.075 ms clock, 1.7+0.64/0.92/0+1.2 ms cpu, 3->4->2 MB, 4 MB goal, 0 MB stacks, 0 MB globals, 16 P
gc 69 @33.956s 0%: 0.13+0.66+0.10 ms clock, 2.1+0.54/0.93/0.001+1.7 ms cpu, 3->4->1 MB, 4 MB goal, 0 MB stacks, 0 MB globals, 16 P
gc 70 @33.958s 0%: 0.18+0.52+0.11 ms clock, 2.9+0.69/0.75/0+1.8 ms cpu, 3->4->2 MB, 4 MB goal, 0 MB stacks, 0 MB globals, 16 P
gc 71 @33.959s 0%: 0.11+0.62+0.11 ms clock, 1.7+0.57/0.90/0.010+1.8 ms cpu, 3->4->1 MB, 4 MB goal, 0 MB stacks, 0 MB globals, 16 P
gc 72 @33.961s 0%: 0.12+0.59+0.12 ms clock, 1.9+0.81/0.93/0+2.0 ms cpu, 3->4->2 MB, 4 MB goal, 0 MB stacks, 0 MB globals, 16 P
gc 73 @33.963s 0%: 0.11+0.52+0.15 ms clock, 1.7+0.59/0.76/0+2.4 ms cpu, 3->4->1 MB, 4 MB goal, 0 MB stacks, 0 MB globals, 16 P
gc 74 @33.965s 0%: 0.086+0.58+0.14 ms clock, 1.3+0.42/0.85/0+2.3 ms cpu, 3->4->1 MB, 4 MB goal, 0 MB stacks, 0 MB globals, 16 P
gc 75 @33.966s 0%: 0.10+0.75+0.10 ms clock, 1.6+0.63/0.89/0.055+1.7 ms cpu, 3->4->2 MB, 4 MB goal, 0 MB stacks, 0 MB globals, 16 P
gc 76 @33.968s 0%: 0.15+0.85+0.051 ms clock, 2.5+0.66/0.88/0+0.81 ms cpu, 3->4->2 MB, 4 MB goal, 0 MB stacks, 0 MB globals, 16 P
gc 77 @33.970s 0%: 0.097+0.63+0.11 ms clock, 1.5+0.59/0.87/0+1.8 ms cpu, 3->4->2 MB, 4 MB goal, 0 MB stacks, 0 MB globals, 16 P
gc 78 @33.972s 0%: 0.12+0.64+0.087 ms clock, 1.9+0.48/0.77/0+1.4 ms cpu, 3->4->1 MB, 4 MB goal, 0 MB stacks, 0 MB globals, 16 P
gc 79 @33.974s 0%: 0.11+0.54+0.12 ms clock, 1.8+0.49/0.91/0+2.0 ms cpu, 3->4->1 MB, 4 MB goal, 0 MB stacks, 0 MB globals, 16 P
gc 80 @33.976s 0%: 0.10+0.72+0.12 ms clock, 1.7+0.55/0.97/0+1.9 ms cpu, 3->4->2 MB, 4 MB goal, 0 MB stacks, 0 MB globals, 16 P
gc 81 @33.978s 0%: 0.11+0.68+0.097 ms clock, 1.8+0.72/0.80/0+1.5 ms cpu, 3->4->2 MB, 4 MB goal, 0 MB stacks, 0 MB globals, 16 P
gc 82 @33.979s 0%: 0.10+0.61+0.10 ms clock, 1.6+0.43/0.88/0+1.6 ms cpu, 3->4->1 MB, 4 MB goal, 0 MB stacks, 0 MB globals, 16 P
gc 83 @33.981s 0%: 0.17+0.65+0.092 ms clock, 2.7+0.65/1.0/0+1.4 ms cpu, 3->4->2 MB, 4 MB goal, 0 MB stacks, 0 MB globals, 16 P
gc 84 @33.983s 0%: 0.12+0.66+0.12 ms clock, 1.9+0.49/0.91/0+1.9 ms cpu, 3->4->1 MB, 4 MB goal, 0 MB stacks, 0 MB globals, 16 P
gc 85 @33.985s 0%: 0.10+0.64+0.17 ms clock, 1.7+0.74/0.85/0+2.8 ms cpu, 3->4->2 MB, 4 MB goal, 0 MB stacks, 0 MB globals, 16 P
gc 86 @33.987s 0%: 0.12+0.55+0.13 ms clock, 2.0+0.49/0.93/0.030+2.2 ms cpu, 3->4->1 MB, 4 MB goal, 0 MB stacks, 0 MB globals, 16 P
gc 87 @33.988s 0%: 0.12+0.56+0.082 ms clock, 1.9+0.66/0.89/0+1.3 ms cpu, 3->4->1 MB, 4 MB goal, 0 MB stacks, 0 MB globals, 16 P
gc 88 @33.990s 0%: 0.16+0.76+0.10 ms clock, 2.7+0.59/0.77/0.010+1.6 ms cpu, 3->4->2 MB, 4 MB goal, 0 MB stacks, 0 MB globals, 16 P
gc 89 @33.992s 0%: 0.10+0.76+0.040 ms clock, 1.7+0.52/0.91/0.045+0.65 ms cpu, 3->4->2 MB, 4 MB goal, 0 MB stacks, 0 MB globals, 16 P
gc 90 @33.994s 0%: 0.10+0.75+0.089 ms clock, 1.6+0.63/0.83/0+1.4 ms cpu, 3->4->2 MB, 4 MB goal, 0 MB stacks, 0 MB globals, 16 P
gc 91 @33.996s 0%: 0.097+0.62+0.17 ms clock, 1.5+0.59/0.59/0.19+2.8 ms cpu, 3->4->2 MB, 4 MB goal, 0 MB stacks, 0 MB globals, 16 P
gc 92 @33.997s 0%: 0.14+0.54+0.11 ms clock, 2.3+0.66/0.91/0+1.8 ms cpu, 3->4->2 MB, 4 MB goal, 0 MB stacks, 0 MB globals, 16 P
gc 93 @33.999s 0%: 0.18+0.63+0.16 ms clock, 2.8+0.73/0.75/0+2.6 ms cpu, 3->4->2 MB, 4 MB goal, 0 MB stacks, 0 MB globals, 16 P
gc 94 @34.001s 0%: 0.13+0.69+0.13 ms clock, 2.2+0.59/0.83/0.001+2.1 ms cpu, 3->4->2 MB, 4 MB goal, 0 MB stacks, 0 MB globals, 16 P
gc 95 @34.003s 0%: 0.11+0.56+0.071 ms clock, 1.8+0.58/0.85/0.022+1.1 ms cpu, 3->4->1 MB, 4 MB goal, 0 MB stacks, 0 MB globals, 16 P
gc 96 @34.005s 0%: 0.14+0.64+0.058 ms clock, 2.3+0.73/0.73/0+0.92 ms cpu, 3->4->1 MB, 4 MB goal, 0 MB stacks, 0 MB globals, 16 P
gc 97 @34.006s 0%: 0.10+0.60+0.094 ms clock, 1.7+0.51/1.0/0+1.5 ms cpu, 3->4->1 MB, 4 MB goal, 0 MB stacks, 0 MB globals, 16 P
gc 98 @34.008s 0%: 0.11+0.78+0.096 ms clock, 1.8+0.54/0.87/0.086+1.5 ms cpu, 3->4->2 MB, 4 MB goal, 0 MB stacks, 0 MB globals, 16 P
gc 99 @34.010s 0%: 0.13+0.51+0.11 ms clock, 2.2+0.60/0.78/0+1.8 ms cpu, 3->4->1 MB, 4 MB goal, 0 MB stacks, 0 MB globals, 16 P
gc 100 @34.011s 0%: 0.15+0.50+0.089 ms clock, 2.5+0.57/0.84/0+1.4 ms cpu, 3->4->1 MB, 4 MB goal, 0 MB stacks, 0 MB globals, 16 P
gc 101 @34.013s 0%: 0.12+0.69+0.030 ms clock, 2.0+0.58/0.92/0+0.48 ms cpu, 3->4->1 MB, 4 MB goal, 0 MB stacks, 0 MB globals, 16 P
gc 102 @34.015s 0%: 0.14+0.52+0.087 ms clock, 2.2+0.60/0.87/0+1.3 ms cpu, 3->4->1 MB, 4 MB goal, 0 MB stacks, 0 MB globals, 16 P
gc 103 @34.016s 0%: 0.12+0.46+0.10 ms clock, 2.0+0.65/0.83/0.004+1.6 ms cpu, 3->4->1 MB, 4 MB goal, 0 MB stacks, 0 MB globals, 16 P
gc 104 @34.018s 0%: 0.15+0.56+0.090 ms clock, 2.5+0.71/0.86/0.001+1.4 ms cpu, 3->4->2 MB, 4 MB goal, 0 MB stacks, 0 MB globals, 16 P
gc 105 @34.020s 0%: 0.099+0.59+0.096 ms clock, 1.5+0.61/1.0/0+1.5 ms cpu, 3->4->1 MB, 4 MB goal, 0 MB stacks, 0 MB globals, 16 P
gc 106 @34.021s 0%: 0.14+0.58+0.11 ms clock, 2.3+0.66/0.81/0.011+1.8 ms cpu, 3->4->2 MB, 4 MB goal, 0 MB stacks, 0 MB globals, 16 P
gc 107 @34.023s 0%: 0.10+0.62+0.10 ms clock, 1.6+0.45/0.85/0.054+1.7 ms cpu, 3->4->1 MB, 4 MB goal, 0 MB stacks, 0 MB globals, 16 P
gc 108 @34.025s 0%: 0.14+0.66+0.090 ms clock, 2.3+0.64/0.90/0.021+1.4 ms cpu, 3->4->2 MB, 4 MB goal, 0 MB stacks, 0 MB globals, 16 P
gc 109 @34.027s 0%: 0.10+0.59+0.10 ms clock, 1.6+0.41/0.87/0.001+1.6 ms cpu, 3->4->1 MB, 4 MB goal, 0 MB stacks, 0 MB globals, 16 P
gc 110 @34.028s 0%: 0.17+0.51+0.12 ms clock, 2.7+0.45/0.80/0.006+1.9 ms cpu, 3->4->1 MB, 4 MB goal, 0 MB stacks, 0 MB globals, 16 P
gc 111 @34.030s 0%: 0.15+0.50+0.16 ms clock, 2.5+0.63/0.81/0.001+2.6 ms cpu, 3->4->1 MB, 4 MB goal, 0 MB stacks, 0 MB globals, 16 P
gc 112 @34.031s 0%: 0.14+0.59+0.15 ms clock, 2.2+0.60/0.89/0.008+2.5 ms cpu, 3->4->2 MB, 4 MB goal, 0 MB stacks, 0 MB globals, 16 P
gc 113 @34.033s 0%: 0.20+0.63+0.059 ms clock, 3.2+0.50/0.84/0.003+0.95 ms cpu, 3->4->2 MB, 4 MB goal, 0 MB stacks, 0 MB globals, 16 P
gc 114 @34.035s 0%: 0.097+0.45+0.14 ms clock, 1.5+0.47/0.77/0.062+2.2 ms cpu, 3->4->1 MB, 4 MB goal, 0 MB stacks, 0 MB globals, 16 P
gc 115 @34.036s 0%: 0.18+0.48+0.13 ms clock, 2.9+0.75/0.93/0+2.0 ms cpu, 3->4->1 MB, 4 MB goal, 0 MB stacks, 0 MB globals, 16 P
gc 116 @34.038s 0%: 0.16+0.70+0.11 ms clock, 2.5+0.51/0.92/0+1.8 ms cpu, 3->4->2 MB, 4 MB goal, 0 MB stacks, 0 MB globals, 16 P
gc 117 @34.040s 0%: 0.13+0.48+0.13 ms clock, 2.2+0.62/0.77/0.006+2.1 ms cpu, 4->4->1 MB, 4 MB goal, 0 MB stacks, 0 MB globals, 16 P
gc 118 @34.042s 0%: 0.14+0.81+0.11 ms clock, 2.3+0.55/0.95/0+1.7 ms cpu, 3->4->2 MB, 4 MB goal, 0 MB stacks, 0 MB globals, 16 P
gc 119 @34.044s 0%: 0.13+0.59+0.079 ms clock, 2.2+0.61/0.78/0+1.2 ms cpu, 4->4->2 MB, 4 MB goal, 0 MB stacks, 0 MB globals, 16 P
gc 120 @34.046s 0%: 0.15+0.54+0.17 ms clock, 2.4+0.48/0.86/0+2.7 ms cpu, 3->4->1 MB, 4 MB goal, 0 MB stacks, 0 MB globals, 16 P
gc 121 @34.047s 0%: 0.11+0.50+0.11 ms clock, 1.8+0.71/0.74/0+1.7 ms cpu, 3->4->1 MB, 4 MB goal, 0 MB stacks, 0 MB globals, 16 P
gc 122 @34.049s 0%: 0.10+0.60+0.074 ms clock, 1.6+0.69/0.98/0.014+1.1 ms cpu, 3->4->2 MB, 4 MB goal, 0 MB stacks, 0 MB globals, 16 P
gc 123 @34.050s 0%: 0.11+0.58+0.096 ms clock, 1.8+0.62/0.87/0.012+1.5 ms cpu, 3->4->1 MB, 4 MB goal, 0 MB stacks, 0 MB globals, 16 P
gc 124 @34.052s 0%: 0.12+0.55+0.11 ms clock, 2.0+0.62/0.81/0.030+1.8 ms cpu, 3->4->1 MB, 4 MB goal, 0 MB stacks, 0 MB globals, 16 P
gc 125 @34.054s 0%: 0.16+1.0+0.17 ms clock, 2.7+0.73/0.76/0+2.8 ms cpu, 3->4->2 MB, 4 MB goal, 0 MB stacks, 0 MB globals, 16 P
gc 126 @34.056s 0%: 0.11+0.54+0.097 ms clock, 1.8+0.53/0.95/0+1.5 ms cpu, 3->4->1 MB, 4 MB goal, 0 MB stacks, 0 MB globals, 16 P
gc 127 @34.057s 0%: 0.096+0.52+0.083 ms clock, 1.5+0.40/0.84/0.013+1.3 ms cpu, 3->4->1 MB, 4 MB goal, 0 MB stacks, 0 MB globals, 16 P
gc 128 @34.059s 0%: 0.10+0.46+0.11 ms clock, 1.6+0.65/0.75/0+1.8 ms cpu, 3->4->1 MB, 4 MB goal, 0 MB stacks, 0 MB globals, 16 P
gc 129 @34.060s 0%: 0.11+0.77+0.093 ms clock, 1.8+0.52/0.97/0.006+1.4 ms cpu, 3->4->2 MB, 4 MB goal, 0 MB stacks, 0 MB globals, 16 P
gc 130 @34.062s 0%: 0.10+0.53+0.095 ms clock, 1.7+0.46/0.83/0+1.5 ms cpu, 3->4->1 MB, 4 MB goal, 0 MB stacks, 0 MB globals, 16 P
gc 131 @34.064s 0%: 0.15+0.62+0.092 ms clock, 2.5+0.60/0.90/0.007+1.4 ms cpu, 3->4->2 MB, 4 MB goal, 0 MB stacks, 0 MB globals, 16 P
gc 132 @34.066s 0%: 0.12+0.47+0.11 ms clock, 2.0+0.58/0.78/0+1.8 ms cpu, 3->4->1 MB, 4 MB goal, 0 MB stacks, 0 MB globals, 16 P
gc 133 @34.067s 0%: 0.14+0.60+0.10 ms clock, 2.2+0.62/0.94/0+1.6 ms cpu, 3->4->2 MB, 4 MB goal, 0 MB stacks, 0 MB globals, 16 P
gc 134 @34.069s 0%: 0.10+0.50+0.099 ms clock, 1.7+0.70/0.73/0.029+1.5 ms cpu, 3->4->1 MB, 4 MB goal, 0 MB stacks, 0 MB globals, 16 P
gc 135 @34.070s 0%: 0.10+0.45+0.10 ms clock, 1.7+0.61/0.86/0+1.6 ms cpu, 3->3->1 MB, 4 MB goal, 0 MB stacks, 0 MB globals, 16 P
gc 136 @34.072s 0%: 0.11+0.62+0.10 ms clock, 1.8+0.67/0.91/0+1.6 ms cpu, 3->4->1 MB, 4 MB goal, 0 MB stacks, 0 MB globals, 16 P
gc 137 @34.073s 0%: 0.11+0.68+0.059 ms clock, 1.9+0.53/0.92/0+0.95 ms cpu, 3->4->2 MB, 4 MB goal, 0 MB stacks, 0 MB globals, 16 P
gc 138 @34.075s 0%: 0.13+0.51+0.18 ms clock, 2.1+0.53/0.87/0+2.9 ms cpu, 3->4->1 MB, 4 MB goal, 0 MB stacks, 0 MB globals, 16 P
gc 139 @34.077s 0%: 0.12+0.58+0.062 ms clock, 1.9+0.45/0.81/0.075+1.0 ms cpu, 3->4->1 MB, 4 MB goal, 0 MB stacks, 0 MB globals, 16 P
gc 140 @34.078s 0%: 0.087+0.43+0.13 ms clock, 1.3+0.49/0.71/0.052+2.0 ms cpu, 3->4->1 MB, 4 MB goal, 0 MB stacks, 0 MB globals, 16 P
gc 141 @34.080s 0%: 0.096+0.57+0.11 ms clock, 1.5+0.75/0.79/0.002+1.7 ms cpu, 3->3->1 MB, 4 MB goal, 0 MB stacks, 0 MB globals, 16 P
gc 142 @34.081s 0%: 0.16+0.62+0.10 ms clock, 2.6+0.53/0.87/0+1.7 ms cpu, 3->4->2 MB, 4 MB goal, 0 MB stacks, 0 MB globals, 16 P
gc 143 @34.083s 0%: 0.11+0.51+0.12 ms clock, 1.8+0.56/0.86/0+1.9 ms cpu, 3->4->1 MB, 4 MB goal, 0 MB stacks, 0 MB globals, 16 P
gc 144 @34.085s 0%: 0.11+0.58+0.096 ms clock, 1.8+0.66/0.75/0+1.5 ms cpu, 3->4->1 MB, 4 MB goal, 0 MB stacks, 0 MB globals, 16 P
gc 145 @34.086s 0%: 0.13+0.47+0.14 ms clock, 2.0+0.50/0.77/0+2.3 ms cpu, 3->4->1 MB, 4 MB goal, 0 MB stacks, 0 MB globals, 16 P
gc 146 @34.088s 0%: 0.18+0.65+0.11 ms clock, 2.9+0.59/0.96/0.014+1.8 ms cpu, 3->4->2 MB, 4 MB goal, 0 MB stacks, 0 MB globals, 16 P
gc 147 @34.090s 0%: 0.094+0.80+0.088 ms clock, 1.5+0.44/0.86/0.053+1.4 ms cpu, 3->4->2 MB, 4 MB goal, 0 MB stacks, 0 MB globals, 16 P
gc 148 @34.092s 0%: 0.11+0.85+0.10 ms clock, 1.8+0.64/0.80/0.021+1.6 ms cpu, 3->4->2 MB, 4 MB goal, 0 MB stacks, 0 MB globals, 16 P
gc 149 @34.094s 0%: 0.11+0.59+0.11 ms clock, 1.7+0.61/0.76/0.058+1.8 ms cpu, 4->4->1 MB, 4 MB goal, 0 MB stacks, 0 MB globals, 16 P
gc 150 @34.095s 0%: 0.10+0.50+0.10 ms clock, 1.6+0.64/0.77/0+1.6 ms cpu, 3->4->1 MB, 4 MB goal, 0 MB stacks, 0 MB globals, 16 P
gc 151 @34.097s 0%: 0.10+0.53+0.18 ms clock, 1.6+0.52/0.78/0+2.9 ms cpu, 3->4->1 MB, 4 MB goal, 0 MB stacks, 0 MB globals, 16 P
gc 152 @34.098s 0%: 0.14+0.57+0.069 ms clock, 2.3+0.47/0.84/0.004+1.1 ms cpu, 3->4->2 MB, 4 MB goal, 0 MB stacks, 0 MB globals, 16 P
gc 153 @34.100s 0%: 0.12+0.57+0.079 ms clock, 1.9+0.65/0.80/0+1.2 ms cpu, 3->4->1 MB, 4 MB goal, 0 MB stacks, 0 MB globals, 16 P
gc 154 @34.102s 0%: 0.23+0.83+0.089 ms clock, 3.7+0.67/0.81/0+1.4 ms cpu, 3->4->2 MB, 4 MB goal, 0 MB stacks, 0 MB globals, 16 P
gc 155 @34.104s 0%: 0.11+0.63+0.064 ms clock, 1.9+0.54/0.85/0+1.0 ms cpu, 4->4->1 MB, 4 MB goal, 0 MB stacks, 0 MB globals, 16 P
gc 156 @34.105s 0%: 0.11+0.65+0.071 ms clock, 1.9+0.60/0.90/0.001+1.1 ms cpu, 3->4->2 MB, 4 MB goal, 0 MB stacks, 0 MB globals, 16 P
gc 157 @34.107s 0%: 0.097+0.63+0.053 ms clock, 1.5+0.46/0.79/0+0.86 ms cpu, 3->4->1 MB, 4 MB goal, 0 MB stacks, 0 MB globals, 16 P
gc 158 @34.109s 0%: 0.12+0.55+0.077 ms clock, 2.0+0.61/0.86/0.010+1.2 ms cpu, 3->4->1 MB, 4 MB goal, 0 MB stacks, 0 MB globals, 16 P
gc 159 @34.110s 0%: 0.11+0.61+0.15 ms clock, 1.8+0.67/0.83/0+2.5 ms cpu, 3->4->2 MB, 4 MB goal, 0 MB stacks, 0 MB globals, 16 P
gc 160 @34.112s 0%: 0.12+0.46+0.17 ms clock, 1.9+0.48/0.75/0.064+2.7 ms cpu, 3->4->1 MB, 4 MB goal, 0 MB stacks, 0 MB globals, 16 P
gc 161 @34.114s 0%: 0.19+0.54+0.10 ms clock, 3.0+0.57/0.94/0+1.7 ms cpu, 3->4->1 MB, 4 MB goal, 0 MB stacks, 0 MB globals, 16 P
gc 162 @34.115s 0%: 0.11+0.75+0.069 ms clock, 1.8+0.50/0.83/0+1.1 ms cpu, 3->4->2 MB, 4 MB goal, 0 MB stacks, 0 MB globals, 16 P
gc 163 @34.117s 0%: 0.098+0.62+0.10 ms clock, 1.5+0.55/0.76/0+1.7 ms cpu, 3->4->1 MB, 4 MB goal, 0 MB stacks, 0 MB globals, 16 P
gc 164 @34.119s 0%: 0.13+0.55+0.17 ms clock, 2.1+0.45/0.82/0+2.7 ms cpu, 3->4->1 MB, 4 MB goal, 0 MB stacks, 0 MB globals, 16 P
gc 165 @34.120s 0%: 0.14+0.65+0.13 ms clock, 2.2+0.53/0.65/0.080+2.1 ms cpu, 3->4->2 MB, 4 MB goal, 0 MB stacks, 0 MB globals, 16 P
gc 166 @34.122s 0%: 0.12+0.52+0.095 ms clock, 2.0+0.57/0.82/0+1.5 ms cpu, 3->4->1 MB, 4 MB goal, 0 MB stacks, 0 MB globals, 16 P
gc 167 @34.124s 0%: 0.15+0.63+0.11 ms clock, 2.5+0.53/1.0/0.002+1.7 ms cpu, 3->4->2 MB, 4 MB goal, 0 MB stacks, 0 MB globals, 16 P
gc 168 @34.126s 0%: 0.10+0.60+0.050 ms clock, 1.7+0.51/0.93/0+0.80 ms cpu, 3->4->1 MB, 4 MB goal, 0 MB stacks, 0 MB globals, 16 P
gc 169 @34.127s 0%: 0.11+0.54+0.098 ms clock, 1.8+0.62/0.88/0+1.5 ms cpu, 3->4->1 MB, 4 MB goal, 0 MB stacks, 0 MB globals, 16 P
gc 170 @34.129s 0%: 0.12+0.67+0.077 ms clock, 2.0+0.64/0.78/0.044+1.2 ms cpu, 3->4->1 MB, 4 MB goal, 0 MB stacks, 0 MB globals, 16 P
gc 171 @34.131s 0%: 0.11+0.45+0.17 ms clock, 1.8+0.56/0.71/0.097+2.8 ms cpu, 3->4->1 MB, 4 MB goal, 0 MB stacks, 0 MB globals, 16 P
gc 172 @34.132s 0%: 0.17+0.55+0.071 ms clock, 2.7+0.53/0.84/0.010+1.1 ms cpu, 3->4->2 MB, 4 MB goal, 0 MB stacks, 0 MB globals, 16 P
gc 173 @34.134s 0%: 0.15+0.68+0.10 ms clock, 2.4+0.55/1.0/0+1.6 ms cpu, 3->4->2 MB, 4 MB goal, 0 MB stacks, 0 MB globals, 16 P
gc 174 @34.136s 0%: 0.13+0.74+0.11 ms clock, 2.1+0.75/0.88/0.018+1.7 ms cpu, 4->4->2 MB, 4 MB goal, 0 MB stacks, 0 MB globals, 16 P
gc 175 @34.138s 0%: 0.13+0.70+0.091 ms clock, 2.1+0.70/0.83/0+1.4 ms cpu, 3->4->2 MB, 4 MB goal, 0 MB stacks, 0 MB globals, 16 P
gc 176 @34.140s 0%: 0.13+0.55+0.13 ms clock, 2.1+0.64/0.94/0.009+2.2 ms cpu, 3->4->1 MB, 4 MB goal, 0 MB stacks, 0 MB globals, 16 P
gc 177 @34.141s 0%: 0.14+0.57+0.16 ms clock, 2.2+0.69/0.79/0+2.6 ms cpu, 3->4->2 MB, 4 MB goal, 0 MB stacks, 0 MB globals, 16 P
gc 178 @34.143s 0%: 0.10+0.50+0.17 ms clock, 1.6+0.37/0.91/0+2.7 ms cpu, 3->4->1 MB, 4 MB goal, 0 MB stacks, 0 MB globals, 16 P
gc 179 @34.145s 0%: 0.18+0.55+0.16 ms clock, 3.0+0.71/0.91/0+2.6 ms cpu, 3->4->2 MB, 4 MB goal, 0 MB stacks, 0 MB globals, 16 P
gc 180 @34.147s 0%: 0.14+0.66+0.16 ms clock, 2.3+0.48/0.98/0+2.5 ms cpu, 3->4->2 MB, 4 MB goal, 0 MB stacks, 0 MB globals, 16 P
gc 181 @34.148s 0%: 0.11+0.49+0.17 ms clock, 1.8+0.52/0.75/0.006+2.8 ms cpu, 3->4->1 MB, 4 MB goal, 0 MB stacks, 0 MB globals, 16 P
gc 182 @34.150s 0%: 0.12+0.55+0.11 ms clock, 1.9+0.73/0.72/0+1.7 ms cpu, 3->4->1 MB, 4 MB goal, 0 MB stacks, 0 MB globals, 16 P
gc 183 @34.152s 0%: 0.12+0.56+0.11 ms clock, 2.0+0.50/0.79/0.032+1.8 ms cpu, 3->4->1 MB, 4 MB goal, 0 MB stacks, 0 MB globals, 16 P
gc 184 @34.153s 0%: 0.13+0.67+0.10 ms clock, 2.2+0.68/0.65/0+1.7 ms cpu, 3->4->1 MB, 4 MB goal, 0 MB stacks, 0 MB globals, 16 P
gc 185 @34.155s 0%: 0.12+0.54+0.10 ms clock, 1.9+0.58/0.88/0.004+1.6 ms cpu, 3->4->2 MB, 4 MB goal, 0 MB stacks, 0 MB globals, 16 P
gc 186 @34.157s 0%: 0.10+0.55+0.12 ms clock, 1.6+0.60/0.79/0.001+1.9 ms cpu, 3->4->1 MB, 4 MB goal, 0 MB stacks, 0 MB globals, 16 P
gc 187 @34.158s 0%: 0.079+0.63+0.15 ms clock, 1.2+0.56/0.78/0+2.5 ms cpu, 3->4->1 MB, 4 MB goal, 0 MB stacks, 0 MB globals, 16 P
gc 188 @34.160s 0%: 0.10+0.62+0.098 ms clock, 1.6+0.49/0.85/0.036+1.5 ms cpu, 3->4->2 MB, 4 MB goal, 0 MB stacks, 0 MB globals, 16 P
gc 189 @34.162s 0%: 0.15+0.51+0.10 ms clock, 2.5+0.58/0.82/0+1.6 ms cpu, 3->4->1 MB, 4 MB goal, 0 MB stacks, 0 MB globals, 16 P
gc 190 @34.164s 0%: 0.12+0.64+0.11 ms clock, 2.0+0.61/0.88/0+1.8 ms cpu, 3->4->2 MB, 4 MB goal, 0 MB stacks, 0 MB globals, 16 P
gc 191 @34.165s 0%: 0.11+0.57+0.13 ms clock, 1.8+0.56/0.82/0+2.2 ms cpu, 3->4->2 MB, 4 MB goal, 0 MB stacks, 0 MB globals, 16 P
gc 192 @34.167s 0%: 0.11+0.55+0.10 ms clock, 1.8+0.63/0.84/0+1.7 ms cpu, 3->4->1 MB, 4 MB goal, 0 MB stacks, 0 MB globals, 16 P
gc 193 @34.169s 0%: 0.12+0.58+0.11 ms clock, 1.9+0.61/0.89/0.010+1.7 ms cpu, 3->4->1 MB, 4 MB goal, 0 MB stacks, 0 MB globals, 16 P
gc 194 @34.171s 0%: 0.12+0.52+0.12 ms clock, 1.9+0.63/0.81/0+2.0 ms cpu, 3->4->1 MB, 4 MB goal, 0 MB stacks, 0 MB globals, 16 P
gc 195 @34.172s 0%: 0.098+0.60+0.10 ms clock, 1.5+0.61/0.84/0.040+1.6 ms cpu, 3->4->1 MB, 4 MB goal, 0 MB stacks, 0 MB globals, 16 P
gc 196 @34.174s 0%: 0.12+0.62+0.10 ms clock, 2.0+0.51/0.75/0+1.7 ms cpu, 3->4->1 MB, 4 MB goal, 0 MB stacks, 0 MB globals, 16 P
gc 197 @34.175s 0%: 0.10+0.58+0.11 ms clock, 1.7+0.49/0.80/0+1.8 ms cpu, 3->4->1 MB, 4 MB goal, 0 MB stacks, 0 MB globals, 16 P
gc 198 @34.177s 0%: 0.14+0.64+0.15 ms clock, 2.3+0.59/0.95/0+2.5 ms cpu, 3->4->2 MB, 4 MB goal, 0 MB stacks, 0 MB globals, 16 P
gc 199 @34.179s 0%: 0.15+0.77+0.092 ms clock, 2.4+0.54/0.71/0.065+1.4 ms cpu, 3->4->2 MB, 4 MB goal, 0 MB stacks, 0 MB globals, 16 P
gc 200 @34.181s 0%: 0.13+0.64+0.11 ms clock, 2.1+0.61/0.87/0.011+1.8 ms cpu, 3->4->2 MB, 4 MB goal, 0 MB stacks, 0 MB globals, 16 P
gc 201 @34.183s 0%: 0.14+0.65+0.054 ms clock, 2.3+0.67/0.75/0+0.86 ms cpu, 3->4->2 MB, 4 MB goal, 0 MB stacks, 0 MB globals, 16 P
gc 202 @34.184s 0%: 0.075+0.52+0.14 ms clock, 1.2+0.55/0.87/0.008+2.2 ms cpu, 3->4->1 MB, 4 MB goal, 0 MB stacks, 0 MB globals, 16 P
gc 203 @34.186s 0%: 0.14+0.51+0.088 ms clock, 2.3+0.63/0.81/0+1.4 ms cpu, 3->4->1 MB, 4 MB goal, 0 MB stacks, 0 MB globals, 16 P
gc 204 @34.188s 0%: 0.12+0.47+0.10 ms clock, 1.9+0.43/0.94/0+1.6 ms cpu, 3->4->1 MB, 4 MB goal, 0 MB stacks, 0 MB globals, 16 P
gc 205 @34.189s 0%: 0.11+0.60+0.15 ms clock, 1.8+0.57/0.89/0+2.5 ms cpu, 3->4->1 MB, 4 MB goal, 0 MB stacks, 0 MB globals, 16 P
gc 206 @34.191s 0%: 0.12+0.82+0.087 ms clock, 2.0+0.57/0.84/0.011+1.3 ms cpu, 3->4->2 MB, 4 MB goal, 0 MB stacks, 0 MB globals, 16 P
gc 207 @34.193s 0%: 0.14+0.54+0.14 ms clock, 2.3+0.52/0.90/0+2.2 ms cpu, 4->4->1 MB, 4 MB goal, 0 MB stacks, 0 MB globals, 16 P
gc 208 @34.194s 0%: 0.17+0.51+0.10 ms clock, 2.8+0.62/0.80/0+1.6 ms cpu, 3->4->1 MB, 4 MB goal, 0 MB stacks, 0 MB globals, 16 P
gc 209 @34.196s 0%: 0.14+0.51+0.093 ms clock, 2.3+0.57/0.87/0+1.4 ms cpu, 3->4->1 MB, 4 MB goal, 0 MB stacks, 0 MB globals, 16 P
gc 210 @34.198s 0%: 0.16+0.61+0.13 ms clock, 2.6+0.64/0.95/0+2.2 ms cpu, 3->4->2 MB, 4 MB goal, 0 MB stacks, 0 MB globals, 16 P
gc 211 @34.199s 0%: 0.11+0.53+0.13 ms clock, 1.9+0.60/0.74/0+2.1 ms cpu, 3->4->1 MB, 4 MB goal, 0 MB stacks, 0 MB globals, 16 P
gc 212 @34.201s 0%: 0.15+0.79+0.081 ms clock, 2.4+0.59/0.94/0+1.3 ms cpu, 3->4->2 MB, 4 MB goal, 0 MB stacks, 0 MB globals, 16 P
gc 213 @34.203s 0%: 0.13+0.60+0.15 ms clock, 2.1+0.61/0.84/0+2.4 ms cpu, 4->4->2 MB, 4 MB goal, 0 MB stacks, 0 MB globals, 16 P
gc 214 @34.205s 0%: 0.12+0.65+0.099 ms clock, 1.9+0.71/0.77/0+1.5 ms cpu, 3->4->2 MB, 4 MB goal, 0 MB stacks, 0 MB globals, 16 P
gc 215 @34.207s 0%: 0.10+0.51+0.053 ms clock, 1.6+0.53/0.76/0+0.85 ms cpu, 3->4->1 MB, 4 MB goal, 0 MB stacks, 0 MB globals, 16 P
gc 216 @34.208s 0%: 0.13+0.68+0.075 ms clock, 2.2+0.56/0.83/0+1.2 ms cpu, 3->4->1 MB, 4 MB goal, 0 MB stacks, 0 MB globals, 16 P
gc 217 @34.210s 0%: 0.17+0.64+0.091 ms clock, 2.8+0.60/0.87/0+1.4 ms cpu, 3->4->2 MB, 4 MB goal, 0 MB stacks, 0 MB globals, 16 P
gc 218 @34.212s 0%: 0.11+0.49+0.097 ms clock, 1.8+0.65/0.75/0+1.5 ms cpu, 3->4->1 MB, 4 MB goal, 0 MB stacks, 0 MB globals, 16 P
gc 219 @34.214s 0%: 0.10+0.47+0.15 ms clock, 1.7+0.51/0.74/0+2.4 ms cpu, 3->4->1 MB, 4 MB goal, 0 MB stacks, 0 MB globals, 16 P
gc 220 @34.215s 0%: 0.10+0.57+0.079 ms clock, 1.7+0.74/0.87/0.035+1.2 ms cpu, 3->4->1 MB, 4 MB goal, 0 MB stacks, 0 MB globals, 16 P
gc 221 @34.217s 0%: 0.13+0.56+0.11 ms clock, 2.2+0.60/0.90/0+1.8 ms cpu, 3->4->1 MB, 4 MB goal, 0 MB stacks, 0 MB globals, 16 P
gc 222 @34.218s 0%: 0.13+0.73+0.10 ms clock, 2.1+0.63/0.75/0+1.6 ms cpu, 3->4->2 MB, 4 MB goal, 0 MB stacks, 0 MB globals, 16 P
gc 223 @34.220s 0%: 0.095+0.56+0.10 ms clock, 1.5+0.67/0.93/0+1.6 ms cpu, 3->4->1 MB, 4 MB goal, 0 MB stacks, 0 MB globals, 16 P
gc 224 @34.222s 0%: 0.16+0.48+0.11 ms clock, 2.6+0.64/0.80/0+1.8 ms cpu, 3->4->1 MB, 4 MB goal, 0 MB stacks, 0 MB globals, 16 P
gc 225 @34.223s 0%: 0.14+0.64+0.085 ms clock, 2.3+0.50/0.83/0+1.3 ms cpu, 3->4->2 MB, 4 MB goal, 0 MB stacks, 0 MB globals, 16 P
gc 226 @34.225s 0%: 0.10+0.60+0.14 ms clock, 1.6+0.48/0.91/0.021+2.3 ms cpu, 3->4->2 MB, 4 MB goal, 0 MB stacks, 0 MB globals, 16 P
gc 227 @34.227s 0%: 0.11+0.44+0.12 ms clock, 1.7+0.53/0.70/0.053+2.0 ms cpu, 3->4->1 MB, 4 MB goal, 0 MB stacks, 0 MB globals, 16 P
gc 228 @34.228s 0%: 0.17+0.54+0.079 ms clock, 2.7+0.61/0.81/0+1.2 ms cpu, 3->4->1 MB, 4 MB goal, 0 MB stacks, 0 MB globals, 16 P
gc 229 @34.230s 0%: 0.14+0.48+0.12 ms clock, 2.2+0.45/0.81/0.022+1.9 ms cpu, 3->4->1 MB, 4 MB goal, 0 MB stacks, 0 MB globals, 16 P
gc 230 @34.232s 0%: 0.10+0.95+0.098 ms clock, 1.6+0.64/0.74/0+1.5 ms cpu, 3->4->2 MB, 4 MB goal, 0 MB stacks, 0 MB globals, 16 P
gc 231 @34.233s 0%: 0.14+0.50+0.095 ms clock, 2.2+0.53/0.84/0.032+1.5 ms cpu, 3->4->1 MB, 4 MB goal, 0 MB stacks, 0 MB globals, 16 P
gc 232 @34.235s 0%: 0.13+0.41+0.14 ms clock, 2.2+0.61/0.75/0+2.3 ms cpu, 3->4->1 MB, 4 MB goal, 0 MB stacks, 0 MB globals, 16 P
gc 233 @34.236s 0%: 0.12+0.55+0.11 ms clock, 2.0+0.51/0.77/0+1.8 ms cpu, 3->4->1 MB, 4 MB goal, 0 MB stacks, 0 MB globals, 16 P
gc 234 @34.238s 0%: 0.14+0.73+0.12 ms clock, 2.3+0.63/0.83/0.007+2.0 ms cpu, 3->4->2 MB, 4 MB goal, 0 MB stacks, 0 MB globals, 16 P
gc 235 @34.240s 0%: 0.12+0.51+0.17 ms clock, 1.9+0.61/0.79/0+2.7 ms cpu, 4->4->1 MB, 4 MB goal, 0 MB stacks, 0 MB globals, 16 P
gc 236 @34.242s 0%: 0.12+0.53+0.14 ms clock, 2.0+0.54/0.73/0+2.3 ms cpu, 3->4->1 MB, 4 MB goal, 0 MB stacks, 0 MB globals, 16 P
gc 237 @34.243s 0%: 0.092+0.55+0.099 ms clock, 1.4+0.54/0.88/0.040+1.5 ms cpu, 3->4->1 MB, 4 MB goal, 0 MB stacks, 0 MB globals, 16 P
gc 238 @34.245s 0%: 0.11+0.56+0.084 ms clock, 1.8+0.60/0.82/0.018+1.3 ms cpu, 3->4->1 MB, 4 MB goal, 0 MB stacks, 0 MB globals, 16 P
gc 239 @34.246s 0%: 0.096+0.50+0.12 ms clock, 1.5+0.45/0.87/0+1.9 ms cpu, 3->4->1 MB, 4 MB goal, 0 MB stacks, 0 MB globals, 16 P
gc 240 @34.248s 0%: 0.11+0.61+0.14 ms clock, 1.8+0.70/0.74/0+2.2 ms cpu, 3->4->1 MB, 4 MB goal, 0 MB stacks, 0 MB globals, 16 P
gc 241 @34.250s 0%: 0.079+0.57+0.088 ms clock, 1.2+0.59/0.89/0.030+1.4 ms cpu, 3->4->1 MB, 4 MB goal, 0 MB stacks, 0 MB globals, 16 P
gc 242 @34.251s 0%: 0.13+0.41+0.16 ms clock, 2.2+0.64/0.79/0+2.6 ms cpu, 3->4->1 MB, 4 MB goal, 0 MB stacks, 0 MB globals, 16 P
gc 243 @34.253s 0%: 0.13+0.54+0.11 ms clock, 2.1+0.72/0.83/0+1.8 ms cpu, 3->4->2 MB, 4 MB goal, 0 MB stacks, 0 MB globals, 16 P
gc 244 @34.254s 0%: 0.12+0.46+0.10 ms clock, 1.9+0.57/0.69/0.067+1.6 ms cpu, 3->4->1 MB, 4 MB goal, 0 MB stacks, 0 MB globals, 16 P
gc 245 @34.256s 0%: 0.12+0.56+0.072 ms clock, 1.9+0.65/1.0/0+1.1 ms cpu, 3->4->1 MB, 4 MB goal, 0 MB stacks, 0 MB globals, 16 P
gc 246 @34.257s 0%: 0.11+0.59+0.10 ms clock, 1.8+0.60/0.86/0+1.6 ms cpu, 3->4->2 MB, 4 MB goal, 0 MB stacks, 0 MB globals, 16 P
gc 247 @34.259s 0%: 0.15+0.73+0.10 ms clock, 2.4+0.62/0.82/0+1.6 ms cpu, 3->4->2 MB, 4 MB goal, 0 MB stacks, 0 MB globals, 16 P
gc 248 @34.261s 0%: 0.12+0.47+0.044 ms clock, 2.0+0.64/0.76/0.010+0.71 ms cpu, 3->4->1 MB, 4 MB goal, 0 MB stacks, 0 MB globals, 16 P
gc 249 @34.263s 0%: 0.10+0.67+0.050 ms clock, 1.7+0.67/0.78/0+0.81 ms cpu, 3->4->2 MB, 4 MB goal, 0 MB stacks, 0 MB globals, 16 P
gc 250 @34.264s 0%: 0.16+0.51+0.10 ms clock, 2.5+0.47/0.86/0+1.7 ms cpu, 3->4->1 MB, 4 MB goal, 0 MB stacks, 0 MB globals, 16 P
gc 251 @34.266s 0%: 0.12+0.51+0.084 ms clock, 1.9+0.65/0.82/0+1.3 ms cpu, 3->4->1 MB, 4 MB goal, 0 MB stacks, 0 MB globals, 16 P
gc 252 @34.267s 0%: 0.14+0.83+0.11 ms clock, 2.3+0.64/0.70/0+1.8 ms cpu, 3->4->2 MB, 4 MB goal, 0 MB stacks, 0 MB globals, 16 P
gc 253 @34.270s 0%: 0.11+0.62+0.085 ms clock, 1.8+0.47/0.75/0+1.3 ms cpu, 4->4->1 MB, 4 MB goal, 0 MB stacks, 0 MB globals, 16 P
gc 254 @34.271s 0%: 0.079+0.55+0.10 ms clock, 1.2+0.54/0.78/0.006+1.6 ms cpu, 3->4->1 MB, 4 MB goal, 0 MB stacks, 0 MB globals, 16 P
gc 255 @34.273s 0%: 0.10+0.61+0.13 ms clock, 1.7+0.60/0.74/0+2.1 ms cpu, 3->4->2 MB, 4 MB goal, 0 MB stacks, 0 MB globals, 16 P
gc 256 @34.275s 0%: 0.12+0.50+0.15 ms clock, 2.0+0.58/0.75/0+2.4 ms cpu, 3->4->1 MB, 4 MB goal, 0 MB stacks, 0 MB globals, 16 P
gc 257 @34.276s 0%: 0.11+0.44+0.22 ms clock, 1.7+0.70/0.68/0.074+3.5 ms cpu, 3->4->1 MB, 4 MB goal, 0 MB stacks, 0 MB globals, 16 P
gc 258 @34.278s 0%: 0.14+0.57+0.14 ms clock, 2.3+0.57/0.85/0.007+2.3 ms cpu, 3->4->1 MB, 4 MB goal, 0 MB stacks, 0 MB globals, 16 P
gc 259 @34.279s 0%: 0.11+0.76+0.083 ms clock, 1.8+0.62/0.79/0.008+1.3 ms cpu, 3->4->1 MB, 4 MB goal, 0 MB stacks, 0 MB globals, 16 P
gc 260 @34.281s 0%: 0.17+0.50+0.14 ms clock, 2.7+0.54/0.80/0+2.3 ms cpu, 3->4->1 MB, 4 MB goal, 0 MB stacks, 0 MB globals, 16 P
gc 261 @34.282s 0%: 0.15+0.68+0.11 ms clock, 2.4+0.67/0.89/0.037+1.7 ms cpu, 3->4->2 MB, 4 MB goal, 0 MB stacks, 0 MB globals, 16 P
gc 262 @34.284s 0%: 0.11+0.53+0.10 ms clock, 1.9+0.49/0.74/0.045+1.6 ms cpu, 3->4->1 MB, 4 MB goal, 0 MB stacks, 0 MB globals, 16 P
gc 263 @34.286s 0%: 0.11+0.55+0.095 ms clock, 1.8+0.58/0.87/0+1.5 ms cpu, 3->4->1 MB, 4 MB goal, 0 MB stacks, 0 MB globals, 16 P
gc 264 @34.287s 0%: 0.11+0.62+0.090 ms clock, 1.8+0.58/0.96/0.019+1.4 ms cpu, 3->4->1 MB, 4 MB goal, 0 MB stacks, 0 MB globals, 16 P
gc 265 @34.289s 0%: 0.19+0.59+0.091 ms clock, 3.0+0.46/0.77/0+1.4 ms cpu, 3->4->1 MB, 4 MB goal, 0 MB stacks, 0 MB globals, 16 P
gc 266 @34.291s 0%: 0.11+0.65+0.096 ms clock, 1.9+0.52/0.84/0+1.5 ms cpu, 3->4->1 MB, 4 MB goal, 0 MB stacks, 0 MB globals, 16 P
gc 267 @34.292s 0%: 0.10+0.66+0.095 ms clock, 1.7+0.42/0.89/0.006+1.5 ms cpu, 3->4->1 MB, 4 MB goal, 0 MB stacks, 0 MB globals, 16 P
gc 268 @34.294s 0%: 0.10+0.55+0.054 ms clock, 1.6+0.43/0.93/0.016+0.87 ms cpu, 3->4->1 MB, 4 MB goal, 0 MB stacks, 0 MB globals, 16 P
gc 269 @34.295s 0%: 0.11+0.58+0.13 ms clock, 1.8+0.68/0.83/0+2.1 ms cpu, 3->4->2 MB, 4 MB goal, 0 MB stacks, 0 MB globals, 16 P
gc 270 @34.297s 0%: 0.11+0.50+0.082 ms clock, 1.8+0.49/0.80/0+1.3 ms cpu, 3->4->1 MB, 4 MB goal, 0 MB stacks, 0 MB globals, 16 P
gc 271 @34.299s 0%: 0.14+0.61+0.090 ms clock, 2.3+0.74/0.92/0+1.4 ms cpu, 3->4->2 MB, 4 MB goal, 0 MB stacks, 0 MB globals, 16 P
gc 272 @34.301s 0%: 0.10+0.77+0.094 ms clock, 1.6+0.62/0.71/0.024+1.5 ms cpu, 3->4->2 MB, 4 MB goal, 0 MB stacks, 0 MB globals, 16 P
gc 273 @34.302s 0%: 0.098+0.63+0.076 ms clock, 1.5+0.46/0.84/0.005+1.2 ms cpu, 3->4->1 MB, 4 MB goal, 0 MB stacks, 0 MB globals, 16 P
gc 274 @34.304s 0%: 0.12+0.63+0.11 ms clock, 1.9+0.54/0.89/0+1.8 ms cpu, 3->4->2 MB, 4 MB goal, 0 MB stacks, 0 MB globals, 16 P
gc 275 @34.306s 0%: 0.15+0.70+0.047 ms clock, 2.5+0.42/0.78/0.039+0.76 ms cpu, 3->4->1 MB, 4 MB goal, 0 MB stacks, 0 MB globals, 16 P
gc 276 @34.307s 0%: 0.10+0.50+0.11 ms clock, 1.6+0.50/0.80/0.007+1.8 ms cpu, 3->4->1 MB, 4 MB goal, 0 MB stacks, 0 MB globals, 16 P
gc 277 @34.309s 0%: 0.16+0.46+0.12 ms clock, 2.6+0.65/0.78/0.009+2.0 ms cpu, 3->4->1 MB, 4 MB goal, 0 MB stacks, 0 MB globals, 16 P
gc 278 @34.311s 0%: 0.11+0.65+0.10 ms clock, 1.8+0.59/0.69/0+1.6 ms cpu, 3->4->2 MB, 4 MB goal, 0 MB stacks, 0 MB globals, 16 P
gc 279 @34.312s 0%: 0.12+0.48+0.11 ms clock, 1.9+0.65/0.94/0.001+1.7 ms cpu, 3->4->1 MB, 4 MB goal, 0 MB stacks, 0 MB globals, 16 P
gc 280 @34.314s 0%: 0.097+0.68+0.090 ms clock, 1.5+0.58/0.76/0+1.4 ms cpu, 3->4->1 MB, 4 MB goal, 0 MB stacks, 0 MB globals, 16 P
gc 281 @34.315s 0%: 0.10+0.51+0.099 ms clock, 1.6+0.51/0.82/0+1.5 ms cpu, 3->4->1 MB, 4 MB goal, 0 MB stacks, 0 MB globals, 16 P
gc 282 @34.317s 0%: 0.12+0.50+0.13 ms clock, 1.9+0.69/0.66/0+2.1 ms cpu, 3->3->1 MB, 4 MB goal, 0 MB stacks, 0 MB globals, 16 P
gc 283 @34.318s 0%: 0.18+0.67+0.15 ms clock, 2.9+0.55/0.99/0+2.5 ms cpu, 3->4->2 MB, 4 MB goal, 0 MB stacks, 0 MB globals, 16 P
gc 284 @34.320s 0%: 0.11+0.60+0.12 ms clock, 1.9+0.68/0.74/0+2.0 ms cpu, 4->4->1 MB, 4 MB goal, 0 MB stacks, 0 MB globals, 16 P
gc 285 @34.322s 0%: 0.11+0.61+0.093 ms clock, 1.9+0.43/0.82/0.033+1.4 ms cpu, 3->4->1 MB, 4 MB goal, 0 MB stacks, 0 MB globals, 16 P
gc 286 @34.324s 0%: 0.098+0.56+0.13 ms clock, 1.5+0.50/0.82/0.039+2.0 ms cpu, 3->4->1 MB, 4 MB goal, 0 MB stacks, 0 MB globals, 16 P
gc 287 @34.325s 0%: 0.13+0.55+0.076 ms clock, 2.1+0.53/0.79/0+1.2 ms cpu, 3->4->1 MB, 4 MB goal, 0 MB stacks, 0 MB globals, 16 P
gc 288 @34.327s 0%: 0.17+0.63+0.10 ms clock, 2.7+0.58/0.90/0+1.7 ms cpu, 3->4->2 MB, 4 MB goal, 0 MB stacks, 0 MB globals, 16 P
gc 289 @34.329s 0%: 0.10+0.52+0.086 ms clock, 1.7+0.62/0.83/0.024+1.3 ms cpu, 3->4->1 MB, 4 MB goal, 0 MB stacks, 0 MB globals, 16 P
gc 290 @34.330s 0%: 0.11+0.44+0.13 ms clock, 1.7+0.57/0.80/0+2.2 ms cpu, 3->4->1 MB, 4 MB goal, 0 MB stacks, 0 MB globals, 16 P
gc 291 @34.332s 0%: 0.12+0.59+0.090 ms clock, 2.0+0.61/0.81/0+1.4 ms cpu, 3->4->1 MB, 4 MB goal, 0 MB stacks, 0 MB globals, 16 P
gc 292 @34.333s 0%: 0.11+0.51+0.13 ms clock, 1.7+0.59/0.73/0.012+2.2 ms cpu, 3->4->1 MB, 4 MB goal, 0 MB stacks, 0 MB globals, 16 P
gc 293 @34.335s 0%: 0.11+0.39+0.072 ms clock, 1.8+0.58/0.72/0.002+1.1 ms cpu, 3->3->1 MB, 4 MB goal, 0 MB stacks, 0 MB globals, 16 P
gc 294 @34.336s 0%: 0.11+0.64+0.072 ms clock, 1.8+0.60/0.79/0+1.1 ms cpu, 3->4->1 MB, 4 MB goal, 0 MB stacks, 0 MB globals, 16 P
gc 295 @34.338s 0%: 0.11+0.67+0.093 ms clock, 1.8+0.58/0.82/0+1.4 ms cpu, 3->4->2 MB, 4 MB goal, 0 MB stacks, 0 MB globals, 16 P
gc 296 @34.340s 0%: 0.12+0.61+0.089 ms clock, 2.0+0.61/0.88/0.024+1.4 ms cpu, 3->4->2 MB, 4 MB goal, 0 MB stacks, 0 MB globals, 16 P
gc 297 @34.342s 0%: 0.18+0.52+0.18 ms clock, 2.9+0.59/0.83/0+3.0 ms cpu, 3->4->1 MB, 4 MB goal, 0 MB stacks, 0 MB globals, 16 P
gc 298 @34.343s 0%: 0.13+0.58+0.11 ms clock, 2.2+0.54/0.85/0+1.8 ms cpu, 3->4->1 MB, 4 MB goal, 0 MB stacks, 0 MB globals, 16 P
gc 299 @34.345s 0%: 0.18+0.63+0.10 ms clock, 2.9+0.59/0.89/0.001+1.6 ms cpu, 3->4->2 MB, 4 MB goal, 0 MB stacks, 0 MB globals, 16 P
gc 300 @34.347s 0%: 0.14+0.48+0.14 ms clock, 2.2+0.68/0.78/0.020+2.2 ms cpu, 3->4->1 MB, 4 MB goal, 0 MB stacks, 0 MB globals, 16 P
gc 301 @34.349s 0%: 0.14+0.55+0.11 ms clock, 2.3+0.62/0.80/0.002+1.8 ms cpu, 3->4->1 MB, 4 MB goal, 0 MB stacks, 0 MB globals, 16 P
gc 302 @34.350s 0%: 0.18+0.56+0.16 ms clock, 2.9+0.64/0.82/0+2.5 ms cpu, 3->4->1 MB, 4 MB goal, 0 MB stacks, 0 MB globals, 16 P
gc 303 @34.352s 0%: 0.12+0.61+0.097 ms clock, 1.9+0.68/0.75/0+1.5 ms cpu, 3->4->1 MB, 4 MB goal, 0 MB stacks, 0 MB globals, 16 P
gc 304 @34.353s 0%: 0.12+0.57+0.077 ms clock, 1.9+0.56/0.74/0+1.2 ms cpu, 3->4->1 MB, 4 MB goal, 0 MB stacks, 0 MB globals, 16 P
gc 305 @34.355s 0%: 0.14+0.64+0.099 ms clock, 2.3+0.62/0.86/0+1.5 ms cpu, 3->4->2 MB, 4 MB goal, 0 MB stacks, 0 MB globals, 16 P
gc 306 @34.357s 0%: 0.14+0.47+0.14 ms clock, 2.3+0.61/0.79/0.018+2.2 ms cpu, 3->4->1 MB, 4 MB goal, 0 MB stacks, 0 MB globals, 16 P
gc 307 @34.358s 0%: 0.11+0.60+0.10 ms clock, 1.9+0.60/0.78/0.002+1.6 ms cpu, 3->4->2 MB, 4 MB goal, 0 MB stacks, 0 MB globals, 16 P
gc 308 @34.360s 0%: 0.12+0.61+0.10 ms clock, 1.9+0.75/0.88/0+1.7 ms cpu, 3->4->1 MB, 4 MB goal, 0 MB stacks, 0 MB globals, 16 P
gc 309 @34.362s 0%: 0.14+0.65+0.096 ms clock, 2.3+0.69/0.94/0.015+1.5 ms cpu, 3->4->2 MB, 4 MB goal, 0 MB stacks, 0 MB globals, 16 P
gc 310 @34.363s 0%: 0.19+0.64+0.10 ms clock, 3.1+0.48/0.85/0+1.7 ms cpu, 3->4->1 MB, 4 MB goal, 0 MB stacks, 0 MB globals, 16 P
gc 311 @34.365s 0%: 0.11+0.66+0.10 ms clock, 1.7+0.52/0.96/0.001+1.7 ms cpu, 3->4->2 MB, 4 MB goal, 0 MB stacks, 0 MB globals, 16 P
gc 312 @34.367s 0%: 0.11+0.66+0.12 ms clock, 1.8+0.53/0.83/0+1.9 ms cpu, 3->4->2 MB, 4 MB goal, 0 MB stacks, 0 MB globals, 16 P
gc 313 @34.369s 0%: 0.11+0.56+0.081 ms clock, 1.8+0.56/0.71/0.019+1.3 ms cpu, 3->4->1 MB, 4 MB goal, 0 MB stacks, 0 MB globals, 16 P
gc 314 @34.370s 0%: 0.083+0.71+0.069 ms clock, 1.3+0.46/0.93/0.014+1.1 ms cpu, 3->4->2 MB, 4 MB goal, 0 MB stacks, 0 MB globals, 16 P
gc 315 @34.372s 0%: 0.11+0.51+0.13 ms clock, 1.9+0.74/0.81/0.017+2.1 ms cpu, 3->4->1 MB, 4 MB goal, 0 MB stacks, 0 MB globals, 16 P
gc 316 @34.373s 0%: 0.17+0.64+0.067 ms clock, 2.8+0.64/0.85/0.016+1.0 ms cpu, 3->4->2 MB, 4 MB goal, 0 MB stacks, 0 MB globals, 16 P
gc 317 @34.375s 0%: 0.14+0.55+0.15 ms clock, 2.2+0.50/0.80/0+2.5 ms cpu, 3->4->1 MB, 4 MB goal, 0 MB stacks, 0 MB globals, 16 P
gc 318 @34.377s 0%: 0.12+0.60+0.13 ms clock, 2.0+0.69/0.80/0+2.1 ms cpu, 3->4->2 MB, 4 MB goal, 0 MB stacks, 0 MB globals, 16 P
gc 319 @34.379s 0%: 0.18+0.55+0.10 ms clock, 2.9+0.51/0.87/0.032+1.6 ms cpu, 3->4->2 MB, 4 MB goal, 0 MB stacks, 0 MB globals, 16 P
gc 320 @34.380s 0%: 0.090+0.62+0.095 ms clock, 1.4+0.57/0.84/0.005+1.5 ms cpu, 3->4->1 MB, 4 MB goal, 0 MB stacks, 0 MB globals, 16 P
gc 321 @34.382s 0%: 0.10+0.59+0.062 ms clock, 1.7+0.55/0.74/0+1.0 ms cpu, 3->4->1 MB, 4 MB goal, 0 MB stacks, 0 MB globals, 16 P
gc 322 @34.384s 0%: 0.14+0.53+0.11 ms clock, 2.3+0.60/0.83/0+1.8 ms cpu, 3->4->1 MB, 4 MB goal, 0 MB stacks, 0 MB globals, 16 P
gc 323 @34.385s 0%: 0.11+0.62+0.071 ms clock, 1.8+0.71/0.85/0+1.1 ms cpu, 3->4->1 MB, 4 MB goal, 0 MB stacks, 0 MB globals, 16 P
gc 324 @34.387s 0%: 0.13+0.50+0.16 ms clock, 2.1+0.52/0.75/0+2.6 ms cpu, 3->4->1 MB, 4 MB goal, 0 MB stacks, 0 MB globals, 16 P
gc 325 @34.388s 0%: 0.10+0.63+0.044 ms clock, 1.6+0.59/0.75/0+0.71 ms cpu, 3->4->1 MB, 4 MB goal, 0 MB stacks, 0 MB globals, 16 P
gc 326 @34.390s 0%: 0.11+0.51+0.089 ms clock, 1.9+0.57/0.86/0.015+1.4 ms cpu, 3->4->1 MB, 4 MB goal, 0 MB stacks, 0 MB globals, 16 P
gc 327 @34.391s 0%: 0.11+0.47+0.11 ms clock, 1.8+0.53/0.73/0+1.8 ms cpu, 3->4->1 MB, 4 MB goal, 0 MB stacks, 0 MB globals, 16 P
gc 328 @34.393s 0%: 0.17+0.45+0.093 ms clock, 2.7+0.68/0.82/0+1.4 ms cpu, 3->4->1 MB, 4 MB goal, 0 MB stacks, 0 MB globals, 16 P
gc 329 @34.394s 0%: 0.15+0.61+0.10 ms clock, 2.4+0.56/0.90/0.083+1.7 ms cpu, 3->4->2 MB, 4 MB goal, 0 MB stacks, 0 MB globals, 16 P
gc 330 @34.396s 0%: 0.11+0.55+0.10 ms clock, 1.8+0.55/0.83/0+1.7 ms cpu, 3->4->1 MB, 4 MB goal, 0 MB stacks, 0 MB globals, 16 P
gc 331 @34.398s 0%: 0.13+0.59+0.10 ms clock, 2.1+0.69/0.81/0+1.6 ms cpu, 3->4->1 MB, 4 MB goal, 0 MB stacks, 0 MB globals, 16 P
gc 332 @34.399s 0%: 0.17+0.46+0.092 ms clock, 2.8+0.55/0.69/0+1.4 ms cpu, 3->4->1 MB, 4 MB goal, 0 MB stacks, 0 MB globals, 16 P
gc 333 @34.401s 0%: 0.14+0.49+0.18 ms clock, 2.2+0.59/0.83/0+2.9 ms cpu, 3->4->1 MB, 4 MB goal, 0 MB stacks, 0 MB globals, 16 P
gc 334 @34.402s 0%: 0.12+0.60+0.095 ms clock, 2.0+0.65/0.95/0+1.5 ms cpu, 3->4->2 MB, 4 MB goal, 0 MB stacks, 0 MB globals, 16 P
gc 335 @34.404s 0%: 0.12+0.73+0.097 ms clock, 2.0+0.67/0.78/0+1.5 ms cpu, 3->4->2 MB, 4 MB goal, 0 MB stacks, 0 MB globals, 16 P
gc 336 @34.406s 0%: 0.10+0.88+0.14 ms clock, 1.7+0.78/0.83/0.006+2.3 ms cpu, 3->4->2 MB, 4 MB goal, 0 MB stacks, 0 MB globals, 16 P
gc 337 @34.408s 0%: 0.14+0.66+0.13 ms clock, 2.2+0.50/0.81/0+2.1 ms cpu, 4->4->2 MB, 4 MB goal, 0 MB stacks, 0 MB globals, 16 P
gc 338 @34.410s 0%: 0.097+0.52+0.080 ms clock, 1.5+0.43/0.92/0+1.2 ms cpu, 3->4->1 MB, 4 MB goal, 0 MB stacks, 0 MB globals, 16 P
gc 339 @34.412s 0%: 0.13+0.59+0.066 ms clock, 2.1+0.57/0.84/0+1.0 ms cpu, 3->4->1 MB, 4 MB goal, 0 MB stacks, 0 MB globals, 16 P
gc 340 @34.413s 0%: 0.11+0.60+0.079 ms clock, 1.8+0.64/0.78/0+1.2 ms cpu, 3->4->1 MB, 4 MB goal, 0 MB stacks, 0 MB globals, 16 P
gc 341 @34.415s 0%: 0.12+0.59+0.076 ms clock, 1.9+0.52/0.79/0.007+1.2 ms cpu, 3->4->1 MB, 4 MB goal, 0 MB stacks, 0 MB globals, 16 P
gc 342 @34.417s 0%: 0.099+0.71+0.045 ms clock, 1.5+0.68/0.80/0+0.72 ms cpu, 3->4->1 MB, 4 MB goal, 0 MB stacks, 0 MB globals, 16 P
gc 343 @34.418s 0%: 0.13+0.48+0.12 ms clock, 2.0+0.58/0.79/0.023+2.0 ms cpu, 3->4->1 MB, 4 MB goal, 0 MB stacks, 0 MB globals, 16 P
gc 344 @34.420s 0%: 0.12+0.63+0.090 ms clock, 1.9+0.77/0.71/0.064+1.4 ms cpu, 3->4->2 MB, 4 MB goal, 0 MB stacks, 0 MB globals, 16 P
gc 345 @34.422s 0%: 0.16+0.55+0.085 ms clock, 2.6+0.59/0.88/0.002+1.3 ms cpu, 3->4->1 MB, 4 MB goal, 0 MB stacks, 0 MB globals, 16 P
gc 346 @34.423s 0%: 0.14+0.70+0.092 ms clock, 2.2+0.69/0.72/0+1.4 ms cpu, 3->4->2 MB, 4 MB goal, 0 MB stacks, 0 MB globals, 16 P
gc 347 @34.425s 0%: 0.11+0.49+0.14 ms clock, 1.8+0.57/0.77/0+2.2 ms cpu, 3->4->1 MB, 4 MB goal, 0 MB stacks, 0 MB globals, 16 P
gc 348 @34.427s 0%: 0.14+0.51+0.14 ms clock, 2.2+0.79/0.76/0.003+2.2 ms cpu, 3->4->1 MB, 4 MB goal, 0 MB stacks, 0 MB globals, 16 P
gc 349 @34.428s 0%: 0.11+0.69+0.060 ms clock, 1.8+0.61/0.88/0.020+0.97 ms cpu, 3->4->2 MB, 4 MB goal, 0 MB stacks, 0 MB globals, 16 P
gc 350 @34.430s 0%: 0.14+0.51+0.087 ms clock, 2.3+0.59/0.85/0+1.4 ms cpu, 3->4->1 MB, 4 MB goal, 0 MB stacks, 0 MB globals, 16 P
gc 351 @34.432s 0%: 0.15+0.66+0.054 ms clock, 2.4+0.47/0.82/0+0.87 ms cpu, 3->4->1 MB, 4 MB goal, 0 MB stacks, 0 MB globals, 16 P
gc 352 @34.434s 0%: 0.14+0.45+0.11 ms clock, 2.3+0.62/0.78/0+1.8 ms cpu, 3->4->1 MB, 4 MB goal, 0 MB stacks, 0 MB globals, 16 P
gc 353 @34.435s 0%: 0.10+0.64+0.12 ms clock, 1.6+0.56/0.94/0.037+2.0 ms cpu, 3->4->2 MB, 4 MB goal, 0 MB stacks, 0 MB globals, 16 P
gc 354 @34.437s 0%: 0.092+0.49+0.14 ms clock, 1.4+0.52/0.84/0.001+2.3 ms cpu, 3->4->1 MB, 4 MB goal, 0 MB stacks, 0 MB globals, 16 P
gc 355 @34.438s 0%: 0.13+0.60+0.10 ms clock, 2.1+0.58/0.90/0.002+1.6 ms cpu, 3->4->2 MB, 4 MB goal, 0 MB stacks, 0 MB globals, 16 P
gc 356 @34.440s 0%: 0.11+0.49+0.10 ms clock, 1.7+0.55/0.86/0+1.6 ms cpu, 3->4->1 MB, 4 MB goal, 0 MB stacks, 0 MB globals, 16 P
gc 357 @34.442s 0%: 0.15+0.52+0.095 ms clock, 2.4+0.63/0.91/0+1.5 ms cpu, 3->4->1 MB, 4 MB goal, 0 MB stacks, 0 MB globals, 16 P
gc 358 @34.443s 0%: 0.16+0.66+0.059 ms clock, 2.6+0.61/0.88/0+0.94 ms cpu, 3->4->2 MB, 4 MB goal, 0 MB stacks, 0 MB globals, 16 P
gc 359 @34.445s 0%: 0.10+0.43+0.18 ms clock, 1.6+0.66/0.77/0.019+2.9 ms cpu, 3->4->1 MB, 4 MB goal, 0 MB stacks, 0 MB globals, 16 P
gc 360 @34.447s 0%: 0.15+0.71+0.11 ms clock, 2.4+0.61/0.91/0.009+1.7 ms cpu, 3->4->2 MB, 4 MB goal, 0 MB stacks, 0 MB globals, 16 P
gc 361 @34.448s 0%: 0.12+0.53+0.10 ms clock, 2.0+0.51/0.83/0.084+1.6 ms cpu, 3->4->1 MB, 4 MB goal, 0 MB stacks, 0 MB globals, 16 P
gc 362 @34.450s 0%: 0.13+0.44+0.18 ms clock, 2.0+0.73/0.69/0.029+3.0 ms cpu, 3->4->1 MB, 4 MB goal, 0 MB stacks, 0 MB globals, 16 P
gc 363 @34.452s 0%: 0.17+0.72+0.089 ms clock, 2.8+0.67/0.94/0.021+1.4 ms cpu, 3->4->2 MB, 4 MB goal, 0 MB stacks, 0 MB globals, 16 P
gc 364 @34.454s 0%: 0.11+0.49+0.15 ms clock, 1.8+0.65/0.74/0+2.4 ms cpu, 3->4->1 MB, 4 MB goal, 0 MB stacks, 0 MB globals, 16 P
gc 365 @34.455s 0%: 0.12+0.45+0.090 ms clock, 1.9+0.61/0.76/0+1.4 ms cpu, 3->4->1 MB, 4 MB goal, 0 MB stacks, 0 MB globals, 16 P
gc 366 @34.457s 0%: 0.15+0.61+0.10 ms clock, 2.5+0.51/0.86/0.003+1.6 ms cpu, 3->4->2 MB, 4 MB goal, 0 MB stacks, 0 MB globals, 16 P
gc 367 @34.459s 0%: 0.16+0.47+0.16 ms clock, 2.6+0.55/0.87/0+2.6 ms cpu, 3->4->1 MB, 4 MB goal, 0 MB stacks, 0 MB globals, 16 P
gc 368 @34.460s 0%: 0.15+0.53+0.12 ms clock, 2.4+0.80/0.70/0+2.0 ms cpu, 3->4->2 MB, 4 MB goal, 0 MB stacks, 0 MB globals, 16 P
gc 369 @34.462s 0%: 0.10+0.50+0.10 ms clock, 1.6+0.50/0.78/0+1.6 ms cpu, 3->4->1 MB, 4 MB goal, 0 MB stacks, 0 MB globals, 16 P
gc 370 @34.463s 0%: 0.10+0.50+0.14 ms clock, 1.7+0.38/0.84/0+2.3 ms cpu, 3->3->1 MB, 4 MB goal, 0 MB stacks, 0 MB globals, 16 P
gc 371 @34.465s 0%: 0.13+0.61+0.10 ms clock, 2.1+0.60/0.95/0.007+1.6 ms cpu, 3->4->1 MB, 4 MB goal, 0 MB stacks, 0 MB globals, 16 P
gc 372 @34.466s 0%: 0.12+0.61+0.081 ms clock, 2.0+0.73/0.75/0+1.3 ms cpu, 3->4->1 MB, 4 MB goal, 0 MB stacks, 0 MB globals, 16 P
gc 373 @34.468s 0%: 0.12+0.63+0.089 ms clock, 1.9+0.70/0.78/0.019+1.4 ms cpu, 3->4->1 MB, 4 MB goal, 0 MB stacks, 0 MB globals, 16 P
gc 374 @34.470s 0%: 0.11+0.52+0.10 ms clock, 1.8+0.66/0.81/0+1.6 ms cpu, 3->4->1 MB, 4 MB goal, 0 MB stacks, 0 MB globals, 16 P
gc 375 @34.471s 0%: 0.16+0.52+0.16 ms clock, 2.6+0.59/0.83/0+2.5 ms cpu, 3->4->2 MB, 4 MB goal, 0 MB stacks, 0 MB globals, 16 P
gc 376 @34.473s 0%: 0.16+0.46+0.23 ms clock, 2.6+0.72/0.71/0+3.7 ms cpu, 3->4->1 MB, 4 MB goal, 0 MB stacks, 0 MB globals, 16 P
gc 377 @34.475s 0%: 0.11+0.52+0.068 ms clock, 1.7+0.55/0.85/0.014+1.1 ms cpu, 3->4->1 MB, 4 MB goal, 0 MB stacks, 0 MB globals, 16 P
gc 378 @34.476s 0%: 0.17+0.55+0.15 ms clock, 2.8+0.68/0.84/0+2.4 ms cpu, 3->4->1 MB, 4 MB goal, 0 MB stacks, 0 MB globals, 16 P
gc 379 @34.478s 0%: 0.17+0.57+0.10 ms clock, 2.8+0.64/0.72/0.018+1.7 ms cpu, 3->4->1 MB, 4 MB goal, 0 MB stacks, 0 MB globals, 16 P
gc 380 @34.480s 0%: 0.17+0.61+0.099 ms clock, 2.7+0.65/0.79/0+1.5 ms cpu, 3->4->2 MB, 4 MB goal, 0 MB stacks, 0 MB globals, 16 P
gc 381 @34.481s 0%: 0.10+0.61+0.13 ms clock, 1.7+0.55/0.86/0+2.1 ms cpu, 3->4->2 MB, 4 MB goal, 0 MB stacks, 0 MB globals, 16 P
gc 382 @34.483s 0%: 0.18+0.63+0.10 ms clock, 2.9+0.58/0.94/0+1.7 ms cpu, 3->4->2 MB, 4 MB goal, 0 MB stacks, 0 MB globals, 16 P
gc 383 @34.485s 0%: 0.12+0.57+0.097 ms clock, 2.0+0.48/0.92/0+1.5 ms cpu, 3->4->2 MB, 4 MB goal, 0 MB stacks, 0 MB globals, 16 P
gc 384 @34.487s 0%: 0.069+0.62+0.13 ms clock, 1.1+0.56/0.84/0.11+2.1 ms cpu, 3->4->1 MB, 4 MB goal, 0 MB stacks, 0 MB globals, 16 P
gc 385 @34.489s 0%: 0.20+0.50+0.15 ms clock, 3.3+0.58/0.76/0+2.4 ms cpu, 3->4->1 MB, 4 MB goal, 0 MB stacks, 0 MB globals, 16 P
gc 386 @34.490s 0%: 0.15+0.49+0.10 ms clock, 2.5+0.61/0.67/0+1.7 ms cpu, 3->4->1 MB, 4 MB goal, 0 MB stacks, 0 MB globals, 16 P
gc 387 @34.492s 0%: 0.13+0.70+0.12 ms clock, 2.1+0.50/0.91/0+2.0 ms cpu, 3->4->2 MB, 4 MB goal, 0 MB stacks, 0 MB globals, 16 P
gc 388 @34.494s 0%: 0.12+0.73+0.10 ms clock, 2.0+0.53/0.89/0+1.6 ms cpu, 3->4->2 MB, 4 MB goal, 0 MB stacks, 0 MB globals, 16 P
gc 389 @34.496s 0%: 0.15+0.55+0.067 ms clock, 2.5+0.44/0.88/0+1.0 ms cpu, 3->4->1 MB, 4 MB goal, 0 MB stacks, 0 MB globals, 16 P
gc 390 @34.497s 0%: 0.12+0.49+0.13 ms clock, 2.0+0.61/0.74/0.001+2.2 ms cpu, 3->4->1 MB, 4 MB goal, 0 MB stacks, 0 MB globals, 16 P
gc 391 @34.499s 0%: 0.11+0.61+0.085 ms clock, 1.8+0.61/1.0/0+1.3 ms cpu, 3->4->2 MB, 4 MB goal, 0 MB stacks, 0 MB globals, 16 P
gc 392 @34.501s 0%: 0.13+0.59+0.12 ms clock, 2.0+0.71/0.83/0+1.9 ms cpu, 3->4->1 MB, 4 MB goal, 0 MB stacks, 0 MB globals, 16 P
gc 393 @34.502s 0%: 0.12+0.54+0.12 ms clock, 2.0+0.46/0.85/0+1.9 ms cpu, 3->4->1 MB, 4 MB goal, 0 MB stacks, 0 MB globals, 16 P
gc 394 @34.504s 0%: 0.11+0.52+0.10 ms clock, 1.7+0.67/0.88/0+1.7 ms cpu, 3->4->1 MB, 4 MB goal, 0 MB stacks, 0 MB globals, 16 P
gc 395 @34.506s 0%: 0.13+0.61+0.092 ms clock, 2.1+0.68/0.66/0.009+1.4 ms cpu, 3->4->1 MB, 4 MB goal, 0 MB stacks, 0 MB globals, 16 P
gc 396 @34.507s 0%: 0.10+0.51+0.11 ms clock, 1.6+0.49/0.87/0.003+1.8 ms cpu, 3->4->1 MB, 4 MB goal, 0 MB stacks, 0 MB globals, 16 P
gc 397 @34.509s 0%: 0.13+0.55+0.12 ms clock, 2.2+0.58/0.82/0.021+1.9 ms cpu, 3->4->1 MB, 4 MB goal, 0 MB stacks, 0 MB globals, 16 P
gc 398 @34.510s 0%: 0.15+0.69+0.089 ms clock, 2.4+0.87/0.68/0+1.4 ms cpu, 3->4->2 MB, 4 MB goal, 0 MB stacks, 0 MB globals, 16 P
gc 399 @34.512s 0%: 0.12+0.57+0.13 ms clock, 2.0+0.52/0.79/0+2.1 ms cpu, 3->4->1 MB, 4 MB goal, 0 MB stacks, 0 MB globals, 16 P
gc 400 @34.514s 0%: 0.16+0.69+0.079 ms clock, 2.6+0.75/0.87/0+1.2 ms cpu, 3->4->2 MB, 4 MB goal, 0 MB stacks, 0 MB globals, 16 P
gc 401 @34.516s 0%: 0.13+0.47+0.087 ms clock, 2.1+0.72/0.77/0+1.3 ms cpu, 3->4->1 MB, 4 MB goal, 0 MB stacks, 0 MB globals, 16 P
gc 402 @34.517s 0%: 0.15+0.60+0.091 ms clock, 2.4+0.71/0.75/0+1.4 ms cpu, 3->4->1 MB, 4 MB goal, 0 MB stacks, 0 MB globals, 16 P
gc 403 @34.519s 0%: 0.18+0.46+0.10 ms clock, 2.9+0.66/0.77/0+1.6 ms cpu, 3->4->1 MB, 4 MB goal, 0 MB stacks, 0 MB globals, 16 P
gc 404 @34.521s 0%: 0.14+0.48+0.082 ms clock, 2.3+0.49/0.78/0+1.3 ms cpu, 3->4->1 MB, 4 MB goal, 0 MB stacks, 0 MB globals, 16 P
gc 405 @34.522s 0%: 0.10+0.50+0.15 ms clock, 1.6+0.48/0.82/0+2.4 ms cpu, 3->4->1 MB, 4 MB goal, 0 MB stacks, 0 MB globals, 16 P
gc 406 @34.524s 0%: 0.10+0.52+0.088 ms clock, 1.6+0.57/0.76/0.020+1.4 ms cpu, 3->4->1 MB, 4 MB goal, 0 MB stacks, 0 MB globals, 16 P
gc 407 @34.525s 0%: 0.14+0.76+0.085 ms clock, 2.3+0.51/0.80/0+1.3 ms cpu, 3->4->2 MB, 4 MB goal, 0 MB stacks, 0 MB globals, 16 P
gc 408 @34.527s 0%: 0.14+0.53+0.10 ms clock, 2.3+0.49/0.91/0.024+1.6 ms cpu, 4->4->1 MB, 4 MB goal, 0 MB stacks, 0 MB globals, 16 P
gc 409 @34.529s 0%: 0.12+0.56+0.10 ms clock, 1.9+0.57/0.82/0.008+1.6 ms cpu, 3->4->1 MB, 4 MB goal, 0 MB stacks, 0 MB globals, 16 P
gc 410 @34.530s 0%: 0.16+0.47+0.12 ms clock, 2.5+0.64/0.81/0+2.0 ms cpu, 3->4->1 MB, 4 MB goal, 0 MB stacks, 0 MB globals, 16 P
gc 411 @34.532s 0%: 0.11+0.42+0.16 ms clock, 1.7+0.72/0.72/0+2.5 ms cpu, 3->4->1 MB, 4 MB goal, 0 MB stacks, 0 MB globals, 16 P
gc 412 @34.533s 0%: 0.15+0.62+0.099 ms clock, 2.5+0.60/0.97/0+1.5 ms cpu, 3->4->1 MB, 4 MB goal, 0 MB stacks, 0 MB globals, 16 P
gc 413 @34.535s 0%: 0.11+0.63+0.096 ms clock, 1.8+0.47/0.86/0+1.5 ms cpu, 3->4->1 MB, 4 MB goal, 0 MB stacks, 0 MB globals, 16 P
gc 414 @34.537s 0%: 0.11+0.56+0.14 ms clock, 1.8+0.61/0.82/0+2.3 ms cpu, 3->4->1 MB, 4 MB goal, 0 MB stacks, 0 MB globals, 16 P
gc 415 @34.539s 0%: 0.090+0.63+0.072 ms clock, 1.4+0.51/0.84/0.002+1.1 ms cpu, 3->4->1 MB, 4 MB goal, 0 MB stacks, 0 MB globals, 16 P
gc 416 @34.540s 0%: 0.14+0.53+0.14 ms clock, 2.3+0.75/0.74/0.035+2.3 ms cpu, 3->4->1 MB, 4 MB goal, 0 MB stacks, 0 MB globals, 16 P
gc 417 @34.542s 0%: 0.15+0.64+0.098 ms clock, 2.4+0.53/0.88/0+1.5 ms cpu, 3->4->2 MB, 4 MB goal, 0 MB stacks, 0 MB globals, 16 P
gc 418 @34.544s 0%: 0.12+0.47+0.16 ms clock, 2.0+0.81/0.72/0+2.6 ms cpu, 3->4->1 MB, 4 MB goal, 0 MB stacks, 0 MB globals, 16 P
gc 419 @34.545s 0%: 0.16+0.51+0.15 ms clock, 2.6+0.56/0.79/0+2.4 ms cpu, 3->4->1 MB, 4 MB goal, 0 MB stacks, 0 MB globals, 16 P
gc 420 @34.547s 0%: 0.18+0.58+0.094 ms clock, 2.9+0.61/0.79/0+1.5 ms cpu, 3->4->2 MB, 4 MB goal, 0 MB stacks, 0 MB globals, 16 P
gc 421 @34.549s 0%: 0.10+0.59+0.11 ms clock, 1.7+0.59/0.75/0+1.8 ms cpu, 3->4->1 MB, 4 MB goal, 0 MB stacks, 0 MB globals, 16 P
gc 422 @34.550s 0%: 0.12+0.69+0.092 ms clock, 2.0+0.54/0.83/0.13+1.4 ms cpu, 3->4->2 MB, 4 MB goal, 0 MB stacks, 0 MB globals, 16 P
gc 423 @34.552s 0%: 0.15+0.49+0.099 ms clock, 2.4+0.52/0.81/0+1.5 ms cpu, 3->4->1 MB, 4 MB goal, 0 MB stacks, 0 MB globals, 16 P
gc 424 @34.554s 0%: 0.18+0.52+0.13 ms clock, 2.9+0.57/0.73/0+2.1 ms cpu, 3->4->1 MB, 4 MB goal, 0 MB stacks, 0 MB globals, 16 P
gc 425 @34.555s 0%: 0.14+0.61+0.11 ms clock, 2.2+0.55/0.91/0.005+1.8 ms cpu, 3->4->2 MB, 4 MB goal, 0 MB stacks, 0 MB globals, 16 P
gc 426 @34.557s 0%: 0.11+0.48+0.19 ms clock, 1.8+0.50/0.78/0.051+3.1 ms cpu, 3->4->1 MB, 4 MB goal, 0 MB stacks, 0 MB globals, 16 P
gc 427 @34.558s 0%: 0.20+0.66+0.12 ms clock, 3.3+0.75/0.79/0+1.9 ms cpu, 3->4->2 MB, 4 MB goal, 0 MB stacks, 0 MB globals, 16 P
gc 428 @34.561s 0%: 0.12+0.55+0.13 ms clock, 1.9+0.52/0.84/0+2.0 ms cpu, 4->5->1 MB, 5 MB goal, 0 MB stacks, 0 MB globals, 16 P
gc 429 @34.562s 0%: 0.13+0.53+0.17 ms clock, 2.2+0.56/0.83/0+2.8 ms cpu, 3->4->2 MB, 4 MB goal, 0 MB stacks, 0 MB globals, 16 P
gc 430 @34.564s 0%: 0.12+0.56+0.089 ms clock, 1.9+0.55/0.81/0+1.4 ms cpu, 3->4->1 MB, 4 MB goal, 0 MB stacks, 0 MB globals, 16 P
gc 431 @34.566s 0%: 0.10+0.80+0.099 ms clock, 1.6+0.53/1.0/0.044+1.5 ms cpu, 3->4->2 MB, 4 MB goal, 0 MB stacks, 0 MB globals, 16 P
gc 432 @34.568s 0%: 0.10+0.79+0.091 ms clock, 1.7+0.67/0.70/0.038+1.4 ms cpu, 3->4->2 MB, 4 MB goal, 0 MB stacks, 0 MB globals, 16 P
gc 433 @34.570s 0%: 0.12+0.65+0.10 ms clock, 1.9+0.59/0.97/0+1.6 ms cpu, 4->4->2 MB, 4 MB goal, 0 MB stacks, 0 MB globals, 16 P
gc 434 @34.572s 0%: 0.13+0.42+0.11 ms clock, 2.0+0.53/0.67/0.065+1.8 ms cpu, 3->4->1 MB, 4 MB goal, 0 MB stacks, 0 MB globals, 16 P
gc 435 @34.573s 0%: 0.13+0.59+0.089 ms clock, 2.1+0.62/1.0/0+1.4 ms cpu, 3->4->2 MB, 4 MB goal, 0 MB stacks, 0 MB globals, 16 P
gc 436 @34.575s 0%: 0.12+0.68+0.11 ms clock, 2.0+0.64/1.0/0.049+1.8 ms cpu, 3->4->2 MB, 4 MB goal, 0 MB stacks, 0 MB globals, 16 P
gc 437 @34.577s 0%: 0.10+0.49+0.10 ms clock, 1.7+0.64/0.74/0.002+1.7 ms cpu, 3->4->1 MB, 4 MB goal, 0 MB stacks, 0 MB globals, 16 P
gc 438 @34.578s 0%: 0.15+0.54+0.094 ms clock, 2.4+0.53/0.86/0+1.5 ms cpu, 3->4->2 MB, 4 MB goal, 0 MB stacks, 0 MB globals, 16 P
gc 439 @34.580s 0%: 0.15+0.52+0.13 ms clock, 2.5+0.51/0.76/0.048+2.1 ms cpu, 3->4->1 MB, 4 MB goal, 0 MB stacks, 0 MB globals, 16 P
gc 440 @34.581s 0%: 0.11+0.67+0.093 ms clock, 1.8+0.63/0.87/0.002+1.4 ms cpu, 3->4->2 MB, 4 MB goal, 0 MB stacks, 0 MB globals, 16 P
gc 441 @34.583s 0%: 0.11+0.49+0.15 ms clock, 1.8+0.69/0.72/0+2.4 ms cpu, 3->4->1 MB, 4 MB goal, 0 MB stacks, 0 MB globals, 16 P
gc 442 @34.585s 0%: 0.13+0.63+0.10 ms clock, 2.2+0.52/0.88/0.045+1.6 ms cpu, 3->4->2 MB, 4 MB goal, 0 MB stacks, 0 MB globals, 16 P
gc 443 @34.587s 0%: 0.11+0.58+0.097 ms clock, 1.7+0.65/0.81/0+1.5 ms cpu, 3->4->1 MB, 4 MB goal, 0 MB stacks, 0 MB globals, 16 P
gc 444 @34.588s 0%: 0.10+0.78+0.057 ms clock, 1.7+0.63/0.92/0.025+0.91 ms cpu, 3->4->2 MB, 4 MB goal, 0 MB stacks, 0 MB globals, 16 P
gc 445 @34.590s 0%: 0.10+0.44+0.13 ms clock, 1.7+0.73/0.72/0.002+2.1 ms cpu, 3->4->1 MB, 4 MB goal, 0 MB stacks, 0 MB globals, 16 P
gc 446 @34.592s 0%: 0.13+0.55+0.10 ms clock, 2.2+0.67/0.79/0+1.6 ms cpu, 3->4->1 MB, 4 MB goal, 0 MB stacks, 0 MB globals, 16 P
gc 447 @34.593s 0%: 0.13+0.50+0.13 ms clock, 2.1+0.64/0.82/0+2.1 ms cpu, 3->4->1 MB, 4 MB goal, 0 MB stacks, 0 MB globals, 16 P
gc 448 @34.595s 0%: 0.16+0.44+0.13 ms clock, 2.6+0.63/0.81/0.001+2.1 ms cpu, 3->4->1 MB, 4 MB goal, 0 MB stacks, 0 MB globals, 16 P
gc 449 @34.596s 0%: 0.13+0.38+0.13 ms clock, 2.0+0.56/0.81/0+2.2 ms cpu, 3->3->1 MB, 4 MB goal, 0 MB stacks, 0 MB globals, 16 P
gc 450 @34.598s 0%: 0.10+0.56+0.10 ms clock, 1.6+0.49/0.74/0+1.6 ms cpu, 3->4->1 MB, 4 MB goal, 0 MB stacks, 0 MB globals, 16 P
gc 451 @34.599s 0%: 0.13+0.52+0.14 ms clock, 2.1+0.64/0.75/0+2.3 ms cpu, 3->4->1 MB, 4 MB goal, 0 MB stacks, 0 MB globals, 16 P
gc 452 @34.601s 0%: 0.11+0.64+0.10 ms clock, 1.9+0.52/0.82/0.005+1.7 ms cpu, 3->4->1 MB, 4 MB goal, 0 MB stacks, 0 MB globals, 16 P
gc 453 @34.603s 0%: 0.10+0.60+0.12 ms clock, 1.7+0.50/0.81/0+1.9 ms cpu, 3->4->1 MB, 4 MB goal, 0 MB stacks, 0 MB globals, 16 P
gc 454 @34.604s 0%: 0.097+0.64+0.082 ms clock, 1.5+0.59/0.84/0.002+1.3 ms cpu, 3->4->1 MB, 4 MB goal, 0 MB stacks, 0 MB globals, 16 P
gc 455 @34.606s 0%: 0.10+0.70+0.095 ms clock, 1.7+0.66/0.79/0.012+1.5 ms cpu, 3->4->1 MB, 4 MB goal, 0 MB stacks, 0 MB globals, 16 P
gc 456 @34.608s 0%: 0.11+0.56+0.16 ms clock, 1.8+0.51/0.97/0+2.6 ms cpu, 3->4->2 MB, 4 MB goal, 0 MB stacks, 0 MB globals, 16 P
gc 457 @34.609s 0%: 0.15+0.64+0.094 ms clock, 2.4+0.54/0.94/0.015+1.5 ms cpu, 3->4->2 MB, 4 MB goal, 0 MB stacks, 0 MB globals, 16 P
gc 458 @34.611s 0%: 0.13+0.55+0.14 ms clock, 2.1+0.60/0.80/0+2.2 ms cpu, 3->4->1 MB, 4 MB goal, 0 MB stacks, 0 MB globals, 16 P
gc 459 @34.613s 0%: 0.14+0.54+0.087 ms clock, 2.2+0.69/0.88/0+1.4 ms cpu, 3->4->1 MB, 4 MB goal, 0 MB stacks, 0 MB globals, 16 P
gc 460 @34.614s 0%: 0.13+0.70+0.079 ms clock, 2.0+0.47/0.81/0.003+1.2 ms cpu, 3->4->2 MB, 4 MB goal, 0 MB stacks, 0 MB globals, 16 P
gc 461 @34.616s 0%: 0.13+0.60+0.10 ms clock, 2.1+0.57/0.78/0+1.7 ms cpu, 3->4->2 MB, 4 MB goal, 0 MB stacks, 0 MB globals, 16 P
gc 462 @34.618s 0%: 0.099+0.58+0.11 ms clock, 1.5+0.53/0.82/0.003+1.7 ms cpu, 3->4->2 MB, 4 MB goal, 0 MB stacks, 0 MB globals, 16 P
gc 463 @34.620s 0%: 0.13+0.52+0.047 ms clock, 2.1+0.65/0.91/0+0.75 ms cpu, 3->4->1 MB, 4 MB goal, 0 MB stacks, 0 MB globals, 16 P
gc 464 @34.621s 0%: 0.12+0.54+0.10 ms clock, 2.0+0.51/0.89/0.017+1.6 ms cpu, 3->4->1 MB, 4 MB goal, 0 MB stacks, 0 MB globals, 16 P
gc 465 @34.623s 0%: 0.11+0.52+0.095 ms clock, 1.7+0.58/0.84/0+1.5 ms cpu, 3->4->1 MB, 4 MB goal, 0 MB stacks, 0 MB globals, 16 P
gc 466 @34.625s 0%: 0.10+0.54+0.13 ms clock, 1.7+0.48/0.98/0.007+2.1 ms cpu, 3->4->1 MB, 4 MB goal, 0 MB stacks, 0 MB globals, 16 P
gc 467 @34.626s 0%: 0.12+0.74+0.10 ms clock, 2.0+0.61/0.92/0+1.6 ms cpu, 3->4->2 MB, 4 MB goal, 0 MB stacks, 0 MB globals, 16 P
gc 468 @34.628s 0%: 0.11+0.59+0.096 ms clock, 1.8+0.51/0.84/0+1.5 ms cpu, 3->4->1 MB, 4 MB goal, 0 MB stacks, 0 MB globals, 16 P
gc 469 @34.630s 0%: 0.11+0.58+0.11 ms clock, 1.9+0.58/0.79/0+1.8 ms cpu, 3->4->1 MB, 4 MB goal, 0 MB stacks, 0 MB globals, 16 P
gc 470 @34.632s 0%: 0.10+0.60+0.072 ms clock, 1.6+0.62/0.94/0.043+1.1 ms cpu, 3->4->1 MB, 4 MB goal, 0 MB stacks, 0 MB globals, 16 P
gc 471 @34.633s 0%: 0.12+0.58+0.11 ms clock, 1.9+0.55/0.88/0+1.7 ms cpu, 3->4->1 MB, 4 MB goal, 0 MB stacks, 0 MB globals, 16 P
gc 472 @34.635s 0%: 0.12+0.63+0.056 ms clock, 1.9+0.45/0.90/0.10+0.90 ms cpu, 3->4->1 MB, 4 MB goal, 0 MB stacks, 0 MB globals, 16 P
gc 473 @34.637s 0%: 0.16+0.51+0.10 ms clock, 2.6+0.57/0.77/0+1.7 ms cpu, 3->4->1 MB, 4 MB goal, 0 MB stacks, 0 MB globals, 16 P
gc 474 @34.638s 0%: 0.095+0.58+0.091 ms clock, 1.5+0.63/0.91/0+1.4 ms cpu, 3->4->1 MB, 4 MB goal, 0 MB stacks, 0 MB globals, 16 P
gc 475 @34.640s 0%: 0.18+0.47+0.11 ms clock, 2.9+0.65/0.82/0+1.7 ms cpu, 3->4->1 MB, 4 MB goal, 0 MB stacks, 0 MB globals, 16 P
gc 476 @34.641s 0%: 0.15+0.96+0.086 ms clock, 2.5+0.62/0.87/0+1.3 ms cpu, 3->4->2 MB, 4 MB goal, 0 MB stacks, 0 MB globals, 16 P
gc 477 @34.644s 0%: 0.092+0.80+0.10 ms clock, 1.4+0.56/0.84/0.009+1.6 ms cpu, 4->4->2 MB, 4 MB goal, 0 MB stacks, 0 MB globals, 16 P
gc 478 @34.645s 0%: 0.067+0.51+0.094 ms clock, 1.0+0.48/0.91/0+1.5 ms cpu, 3->4->1 MB, 4 MB goal, 0 MB stacks, 0 MB globals, 16 P
gc 479 @34.647s 0%: 0.11+0.77+0.11 ms clock, 1.8+0.64/0.96/0.003+1.8 ms cpu, 3->4->2 MB, 4 MB goal, 0 MB stacks, 0 MB globals, 16 P
gc 480 @34.649s 0%: 0.11+0.59+0.099 ms clock, 1.8+0.46/0.88/0+1.5 ms cpu, 3->4->1 MB, 4 MB goal, 0 MB stacks, 0 MB globals, 16 P
gc 481 @34.650s 0%: 0.11+0.56+0.089 ms clock, 1.7+0.59/0.76/0+1.4 ms cpu, 3->4->1 MB, 4 MB goal, 0 MB stacks, 0 MB globals, 16 P
gc 482 @34.652s 0%: 0.12+0.45+0.10 ms clock, 2.0+0.67/0.74/0+1.7 ms cpu, 3->4->1 MB, 4 MB goal, 0 MB stacks, 0 MB globals, 16 P
gc 483 @34.654s 0%: 0.15+0.56+0.11 ms clock, 2.4+0.59/0.79/0.010+1.8 ms cpu, 3->4->1 MB, 4 MB goal, 0 MB stacks, 0 MB globals, 16 P
gc 484 @34.655s 0%: 0.12+0.61+0.13 ms clock, 2.0+0.54/0.89/0+2.1 ms cpu, 3->4->1 MB, 4 MB goal, 0 MB stacks, 0 MB globals, 16 P
gc 485 @34.657s 0%: 0.12+0.48+0.12 ms clock, 1.9+0.59/0.76/0+1.9 ms cpu, 3->4->1 MB, 4 MB goal, 0 MB stacks, 0 MB globals, 16 P
gc 486 @34.659s 0%: 0.10+0.64+0.071 ms clock, 1.6+0.43/0.78/0.11+1.1 ms cpu, 3->3->1 MB, 4 MB goal, 0 MB stacks, 0 MB globals, 16 P
gc 487 @34.660s 0%: 0.078+0.53+0.17 ms clock, 1.2+0.49/1.0/0+2.8 ms cpu, 3->4->1 MB, 4 MB goal, 0 MB stacks, 0 MB globals, 16 P
gc 488 @34.662s 0%: 0.12+0.62+0.11 ms clock, 1.9+0.65/0.89/0.081+1.8 ms cpu, 3->4->1 MB, 4 MB goal, 0 MB stacks, 0 MB globals, 16 P
gc 489 @34.663s 0%: 0.18+0.59+0.16 ms clock, 2.9+0.65/0.93/0.008+2.6 ms cpu, 3->4->2 MB, 4 MB goal, 0 MB stacks, 0 MB globals, 16 P
gc 490 @34.665s 0%: 0.099+0.70+0.11 ms clock, 1.5+0.59/0.84/0+1.7 ms cpu, 3->4->2 MB, 4 MB goal, 0 MB stacks, 0 MB globals, 16 P
gc 491 @34.667s 0%: 0.15+0.63+0.13 ms clock, 2.4+0.53/0.94/0.018+2.1 ms cpu, 3->4->2 MB, 4 MB goal, 0 MB stacks, 0 MB globals, 16 P
gc 492 @34.669s 0%: 0.090+0.56+0.10 ms clock, 1.4+0.59/0.72/0.004+1.6 ms cpu, 3->4->1 MB, 4 MB goal, 0 MB stacks, 0 MB globals, 16 P
gc 493 @34.670s 0%: 0.16+0.54+0.19 ms clock, 2.5+0.61/0.87/0+3.0 ms cpu, 3->4->2 MB, 4 MB goal, 0 MB stacks, 0 MB globals, 16 P
gc 494 @34.672s 0%: 0.11+0.54+0.12 ms clock, 1.8+0.70/0.80/0+2.0 ms cpu, 3->4->2 MB, 4 MB goal, 0 MB stacks, 0 MB globals, 16 P
gc 495 @34.674s 0%: 0.080+0.56+0.13 ms clock, 1.2+0.48/0.88/0.008+2.0 ms cpu, 3->4->1 MB, 4 MB goal, 0 MB stacks, 0 MB globals, 16 P
gc 496 @34.676s 0%: 0.13+0.57+0.091 ms clock, 2.1+0.52/0.80/0.002+1.4 ms cpu, 3->4->2 MB, 4 MB goal, 0 MB stacks, 0 MB globals, 16 P
gc 497 @34.677s 0%: 0.17+0.53+0.10 ms clock, 2.8+0.51/0.78/0.097+1.7 ms cpu, 3->4->1 MB, 4 MB goal, 0 MB stacks, 0 MB globals, 16 P
gc 498 @34.679s 0%: 0.16+0.63+0.16 ms clock, 2.5+0.62/0.78/0+2.6 ms cpu, 3->4->2 MB, 4 MB goal, 0 MB stacks, 0 MB globals, 16 P
gc 499 @34.681s 0%: 0.11+0.54+0.093 ms clock, 1.7+0.58/0.88/0+1.4 ms cpu, 3->4->1 MB, 4 MB goal, 0 MB stacks, 0 MB globals, 16 P
gc 500 @34.682s 0%: 0.14+0.62+0.12 ms clock, 2.2+0.54/0.90/0.003+2.0 ms cpu, 3->4->1 MB, 4 MB goal, 0 MB stacks, 0 MB globals, 16 P
gc 501 @34.684s 0%: 0.13+0.71+0.12 ms clock, 2.2+0.57/0.96/0.016+2.0 ms cpu, 3->4->2 MB, 4 MB goal, 0 MB stacks, 0 MB globals, 16 P
gc 502 @34.686s 0%: 0.17+0.79+0.11 ms clock, 2.7+0.49/1.0/0.026+1.8 ms cpu, 3->4->2 MB, 4 MB goal, 0 MB stacks, 0 MB globals, 16 P
gc 503 @34.688s 0%: 0.13+0.70+0.094 ms clock, 2.1+0.56/1.0/0+1.5 ms cpu, 4->5->2 MB, 4 MB goal, 0 MB stacks, 0 MB globals, 16 P
gc 504 @34.690s 0%: 0.10+0.73+0.070 ms clock, 1.7+0.63/0.94/0.011+1.1 ms cpu, 3->4->2 MB, 4 MB goal, 0 MB stacks, 0 MB globals, 16 P
gc 505 @34.692s 0%: 0.13+0.57+0.11 ms clock, 2.1+0.77/0.84/0+1.7 ms cpu, 3->4->1 MB, 4 MB goal, 0 MB stacks, 0 MB globals, 16 P
gc 506 @34.693s 0%: 0.10+0.56+0.13 ms clock, 1.6+0.65/0.83/0+2.0 ms cpu, 3->4->1 MB, 4 MB goal, 0 MB stacks, 0 MB globals, 16 P
gc 507 @34.695s 0%: 0.11+0.61+0.086 ms clock, 1.8+0.44/0.83/0+1.3 ms cpu, 3->4->1 MB, 4 MB goal, 0 MB stacks, 0 MB globals, 16 P
gc 508 @34.697s 0%: 0.11+0.64+0.18 ms clock, 1.8+0.63/0.83/0+2.9 ms cpu, 3->4->1 MB, 4 MB goal, 0 MB stacks, 0 MB globals, 16 P
gc 509 @34.698s 0%: 0.15+0.50+0.088 ms clock, 2.4+0.58/0.82/0+1.4 ms cpu, 3->4->1 MB, 4 MB goal, 0 MB stacks, 0 MB globals, 16 P
gc 510 @34.700s 0%: 0.080+0.53+0.10 ms clock, 1.2+0.52/0.91/0+1.6 ms cpu, 3->4->1 MB, 4 MB goal, 0 MB stacks, 0 MB globals, 16 P
gc 511 @34.701s 0%: 0.11+0.58+0.070 ms clock, 1.8+0.55/0.98/0+1.1 ms cpu, 3->4->1 MB, 4 MB goal, 0 MB stacks, 0 MB globals, 16 P
gc 512 @34.703s 0%: 0.098+0.52+0.12 ms clock, 1.5+0.44/0.85/0.003+2.0 ms cpu, 3->4->1 MB, 4 MB goal, 0 MB stacks, 0 MB globals, 16 P
gc 513 @34.704s 0%: 0.12+0.55+0.088 ms clock, 1.9+0.59/0.82/0.001+1.4 ms cpu, 3->4->1 MB, 4 MB goal, 0 MB stacks, 0 MB globals, 16 P
gc 514 @34.706s 0%: 0.11+0.46+0.11 ms clock, 1.8+0.68/0.80/0+1.8 ms cpu, 3->4->1 MB, 4 MB goal, 0 MB stacks, 0 MB globals, 16 P
gc 515 @34.707s 0%: 0.13+0.55+0.094 ms clock, 2.1+0.61/0.86/0.004+1.5 ms cpu, 3->4->1 MB, 4 MB goal, 0 MB stacks, 0 MB globals, 16 P
gc 516 @34.709s 0%: 0.13+0.47+0.13 ms clock, 2.1+0.63/0.79/0+2.1 ms cpu, 3->4->1 MB, 4 MB goal, 0 MB stacks, 0 MB globals, 16 P
gc 517 @34.711s 0%: 0.067+0.71+0.093 ms clock, 1.0+0.54/0.82/0.051+1.5 ms cpu, 3->4->2 MB, 4 MB goal, 0 MB stacks, 0 MB globals, 16 P
gc 518 @34.712s 0%: 0.15+0.54+0.11 ms clock, 2.4+0.50/0.84/0+1.7 ms cpu, 3->4->2 MB, 4 MB goal, 0 MB stacks, 0 MB globals, 16 P
gc 519 @34.714s 0%: 0.15+0.65+0.043 ms clock, 2.4+0.55/0.83/0+0.70 ms cpu, 3->4->2 MB, 4 MB goal, 0 MB stacks, 0 MB globals, 16 P
gc 520 @34.716s 0%: 0.098+0.46+0.12 ms clock, 1.5+0.70/0.82/0+2.0 ms cpu, 3->4->1 MB, 4 MB goal, 0 MB stacks, 0 MB globals, 16 P
gc 521 @34.717s 0%: 0.093+0.41+0.10 ms clock, 1.4+0.72/0.73/0+1.6 ms cpu, 3->3->1 MB, 4 MB goal, 0 MB stacks, 0 MB globals, 16 P
gc 522 @34.719s 0%: 0.11+0.48+0.18 ms clock, 1.8+0.62/0.76/0+2.9 ms cpu, 3->4->1 MB, 4 MB goal, 0 MB stacks, 0 MB globals, 16 P
gc 523 @34.720s 0%: 0.10+0.59+0.090 ms clock, 1.6+0.55/0.93/0+1.4 ms cpu, 3->4->1 MB, 4 MB goal, 0 MB stacks, 0 MB globals, 16 P
gc 524 @34.722s 0%: 0.16+0.54+0.095 ms clock, 2.7+0.56/0.77/0+1.5 ms cpu, 3->4->1 MB, 4 MB goal, 0 MB stacks, 0 MB globals, 16 P
gc 525 @34.724s 0%: 0.15+0.60+0.15 ms clock, 2.5+0.69/0.78/0+2.4 ms cpu, 3->4->2 MB, 4 MB goal, 0 MB stacks, 0 MB globals, 16 P
gc 526 @34.725s 0%: 0.16+0.60+0.10 ms clock, 2.5+0.68/0.74/0.012+1.6 ms cpu, 3->4->1 MB, 4 MB goal, 0 MB stacks, 0 MB globals, 16 P
gc 527 @34.727s 0%: 0.10+0.58+0.084 ms clock, 1.6+0.51/0.88/0.022+1.3 ms cpu, 3->4->1 MB, 4 MB goal, 0 MB stacks, 0 MB globals, 16 P
gc 528 @34.729s 0%: 0.15+0.61+0.10 ms clock, 2.4+0.63/0.70/0.010+1.6 ms cpu, 3->4->2 MB, 4 MB goal, 0 MB stacks, 0 MB globals, 16 P
gc 529 @34.731s 0%: 0.13+0.65+0.068 ms clock, 2.1+0.55/0.85/0+1.0 ms cpu, 3->4->2 MB, 4 MB goal, 0 MB stacks, 0 MB globals, 16 P
gc 530 @34.732s 0%: 0.11+0.62+0.097 ms clock, 1.8+0.57/0.81/0+1.5 ms cpu, 3->4->1 MB, 4 MB goal, 0 MB stacks, 0 MB globals, 16 P
gc 531 @34.734s 0%: 0.11+0.55+0.12 ms clock, 1.9+0.57/0.79/0.035+2.0 ms cpu, 3->4->1 MB, 4 MB goal, 0 MB stacks, 0 MB globals, 16 P
gc 532 @34.736s 0%: 0.13+0.55+0.10 ms clock, 2.0+0.64/0.88/0+1.7 ms cpu, 3->4->1 MB, 4 MB goal, 0 MB stacks, 0 MB globals, 16 P
gc 533 @34.738s 0%: 0.12+0.57+0.092 ms clock, 1.9+0.58/0.76/0.077+1.4 ms cpu, 3->4->1 MB, 4 MB goal, 0 MB stacks, 0 MB globals, 16 P
gc 534 @34.739s 0%: 0.12+0.49+0.12 ms clock, 1.9+0.48/0.85/0.024+2.0 ms cpu, 3->4->1 MB, 4 MB goal, 0 MB stacks, 0 MB globals, 16 P
gc 535 @34.741s 0%: 0.11+0.96+0.059 ms clock, 1.8+0.51/0.93/0+0.94 ms cpu, 3->4->2 MB, 4 MB goal, 0 MB stacks, 0 MB globals, 16 P
gc 536 @34.743s 0%: 0.10+0.56+0.10 ms clock, 1.7+0.50/0.81/0.004+1.6 ms cpu, 3->4->1 MB, 4 MB goal, 0 MB stacks, 0 MB globals, 16 P
gc 537 @34.744s 0%: 0.11+0.55+0.14 ms clock, 1.7+0.50/0.92/0+2.3 ms cpu, 3->4->1 MB, 4 MB goal, 0 MB stacks, 0 MB globals, 16 P
gc 538 @34.746s 0%: 0.12+0.49+0.060 ms clock, 2.0+0.62/0.88/0+0.96 ms cpu, 3->4->1 MB, 4 MB goal, 0 MB stacks, 0 MB globals, 16 P
gc 539 @34.748s 0%: 0.12+0.46+0.14 ms clock, 1.9+0.51/0.79/0+2.3 ms cpu, 3->3->1 MB, 4 MB goal, 0 MB stacks, 0 MB globals, 16 P
gc 540 @34.749s 0%: 0.098+0.55+0.028 ms clock, 1.5+0.54/0.84/0.003+0.46 ms cpu, 3->3->1 MB, 4 MB goal, 0 MB stacks, 0 MB globals, 16 P
gc 541 @34.750s 0%: 0.13+0.87+0.066 ms clock, 2.0+0.44/0.84/0+1.0 ms cpu, 3->4->2 MB, 4 MB goal, 0 MB stacks, 0 MB globals, 16 P
gc 542 @34.753s 0%: 0.14+0.50+0.063 ms clock, 2.3+0.58/0.78/0.002+1.0 ms cpu, 3->4->1 MB, 4 MB goal, 0 MB stacks, 0 MB globals, 16 P
gc 543 @34.754s 0%: 0.11+0.46+0.14 ms clock, 1.7+0.34/0.78/0.030+2.3 ms cpu, 3->3->1 MB, 4 MB goal, 0 MB stacks, 0 MB globals, 16 P
gc 544 @34.756s 0%: 0.13+0.64+0.079 ms clock, 2.1+0.60/0.94/0+1.2 ms cpu, 3->4->2 MB, 4 MB goal, 0 MB stacks, 0 MB globals, 16 P
gc 545 @34.757s 0%: 0.10+0.54+0.12 ms clock, 1.7+0.56/0.87/0.009+1.9 ms cpu, 3->4->1 MB, 4 MB goal, 0 MB stacks, 0 MB globals, 16 P
gc 546 @34.759s 0%: 0.12+0.60+0.085 ms clock, 1.9+0.48/0.86/0+1.3 ms cpu, 3->4->1 MB, 4 MB goal, 0 MB stacks, 0 MB globals, 16 P
gc 547 @34.761s 0%: 0.18+0.65+0.096 ms clock, 2.9+0.62/0.83/0.005+1.5 ms cpu, 3->4->2 MB, 4 MB goal, 0 MB stacks, 0 MB globals, 16 P
gc 548 @34.762s 0%: 0.13+0.55+0.085 ms clock, 2.0+0.55/0.88/0+1.3 ms cpu, 3->4->1 MB, 4 MB goal, 0 MB stacks, 0 MB globals, 16 P
gc 549 @34.764s 0%: 0.11+0.49+0.097 ms clock, 1.7+0.59/0.81/0.001+1.5 ms cpu, 3->4->1 MB, 4 MB goal, 0 MB stacks, 0 MB globals, 16 P
gc 550 @34.766s 0%: 0.10+0.49+0.095 ms clock, 1.7+0.39/0.77/0.081+1.5 ms cpu, 3->4->1 MB, 4 MB goal, 0 MB stacks, 0 MB globals, 16 P
gc 551 @34.767s 0%: 0.11+0.66+0.061 ms clock, 1.8+0.52/1.0/0+0.98 ms cpu, 3->4->1 MB, 4 MB goal, 0 MB stacks, 0 MB globals, 16 P
gc 552 @34.769s 0%: 0.11+0.55+0.11 ms clock, 1.7+0.49/0.93/0+1.8 ms cpu, 3->4->1 MB, 4 MB goal, 0 MB stacks, 0 MB globals, 16 P
gc 553 @34.770s 0%: 0.10+0.56+0.10 ms clock, 1.6+0.48/0.84/0+1.6 ms cpu, 3->4->1 MB, 4 MB goal, 0 MB stacks, 0 MB globals, 16 P
gc 554 @34.772s 0%: 0.15+0.59+0.12 ms clock, 2.5+0.59/0.77/0.047+1.9 ms cpu, 3->4->2 MB, 4 MB goal, 0 MB stacks, 0 MB globals, 16 P
gc 555 @34.774s 0%: 0.11+0.49+0.087 ms clock, 1.8+0.68/0.69/0+1.3 ms cpu, 3->4->1 MB, 4 MB goal, 0 MB stacks, 0 MB globals, 16 P
gc 556 @34.775s 0%: 0.12+0.59+0.10 ms clock, 1.9+0.62/0.82/0.011+1.6 ms cpu, 3->4->2 MB, 4 MB goal, 0 MB stacks, 0 MB globals, 16 P
gc 557 @34.777s 0%: 0.14+0.41+0.14 ms clock, 2.2+0.57/0.83/0+2.3 ms cpu, 3->4->1 MB, 4 MB goal, 0 MB stacks, 0 MB globals, 16 P
gc 558 @34.779s 0%: 0.11+0.63+0.095 ms clock, 1.8+0.59/0.83/0+1.5 ms cpu, 3->4->2 MB, 4 MB goal, 0 MB stacks, 0 MB globals, 16 P
gc 559 @34.780s 0%: 0.17+0.65+0.11 ms clock, 2.7+0.56/0.83/0+1.8 ms cpu, 3->4->2 MB, 4 MB goal, 0 MB stacks, 0 MB globals, 16 P
gc 560 @34.782s 0%: 0.13+0.67+0.15 ms clock, 2.1+0.66/0.84/0.001+2.4 ms cpu, 3->4->2 MB, 4 MB goal, 0 MB stacks, 0 MB globals, 16 P
gc 561 @34.784s 0%: 0.16+0.51+0.023 ms clock, 2.6+0.57/0.76/0.018+0.36 ms cpu, 3->4->1 MB, 4 MB goal, 0 MB stacks, 0 MB globals, 16 P
gc 562 @34.786s 0%: 0.13+0.69+0.080 ms clock, 2.0+0.61/0.80/0+1.2 ms cpu, 3->4->1 MB, 4 MB goal, 0 MB stacks, 0 MB globals, 16 P
gc 563 @34.787s 0%: 0.17+0.70+0.16 ms clock, 2.8+0.48/0.92/0.001+2.5 ms cpu, 3->4->2 MB, 4 MB goal, 0 MB stacks, 0 MB globals, 16 P
gc 564 @34.789s 0%: 0.16+0.59+0.12 ms clock, 2.5+0.59/0.78/0+1.9 ms cpu, 3->4->2 MB, 4 MB goal, 0 MB stacks, 0 MB globals, 16 P
gc 565 @34.791s 0%: 0.13+0.66+0.13 ms clock, 2.0+0.57/0.99/0+2.1 ms cpu, 3->4->2 MB, 4 MB goal, 0 MB stacks, 0 MB globals, 16 P
gc 566 @34.793s 0%: 0.13+0.46+0.072 ms clock, 2.2+0.57/0.77/0+1.1 ms cpu, 3->4->1 MB, 4 MB goal, 0 MB stacks, 0 MB globals, 16 P
gc 567 @34.794s 0%: 0.16+0.88+0.098 ms clock, 2.6+0.74/0.73/0+1.5 ms cpu, 3->4->2 MB, 4 MB goal, 0 MB stacks, 0 MB globals, 16 P
gc 568 @34.796s 0%: 0.12+0.51+0.10 ms clock, 1.9+0.54/0.96/0.004+1.6 ms cpu, 4->4->1 MB, 4 MB goal, 0 MB stacks, 0 MB globals, 16 P
gc 569 @34.798s 0%: 0.12+0.51+0.14 ms clock, 2.0+0.52/0.75/0+2.3 ms cpu, 3->4->1 MB, 4 MB goal, 0 MB stacks, 0 MB globals, 16 P
gc 570 @34.800s 0%: 0.16+0.49+0.12 ms clock, 2.6+0.68/0.68/0.041+2.0 ms cpu, 3->4->1 MB, 4 MB goal, 0 MB stacks, 0 MB globals, 16 P
gc 571 @34.801s 0%: 0.15+0.48+0.11 ms clock, 2.4+0.53/0.96/0.030+1.7 ms cpu, 3->4->1 MB, 4 MB goal, 0 MB stacks, 0 MB globals, 16 P
gc 572 @34.803s 0%: 0.12+0.52+0.14 ms clock, 2.0+0.71/0.82/0.008+2.2 ms cpu, 3->4->1 MB, 4 MB goal, 0 MB stacks, 0 MB globals, 16 P
gc 573 @34.804s 0%: 0.16+0.59+0.058 ms clock, 2.5+0.59/0.75/0.008+0.93 ms cpu, 3->4->2 MB, 4 MB goal, 0 MB stacks, 0 MB globals, 16 P
gc 574 @34.806s 0%: 0.10+0.47+0.10 ms clock, 1.7+0.47/0.80/0+1.7 ms cpu, 3->4->1 MB, 4 MB goal, 0 MB stacks, 0 MB globals, 16 P
gc 575 @34.808s 0%: 0.11+0.39+0.10 ms clock, 1.8+0.56/0.65/0.11+1.7 ms cpu, 3->3->1 MB, 4 MB goal, 0 MB stacks, 0 MB globals, 16 P
gc 576 @34.809s 0%: 0.15+0.81+0.11 ms clock, 2.4+0.64/0.95/0+1.7 ms cpu, 3->4->2 MB, 4 MB goal, 0 MB stacks, 0 MB globals, 16 P
gc 577 @34.811s 0%: 0.12+0.52+0.094 ms clock, 1.9+0.58/0.82/0.019+1.5 ms cpu, 4->4->1 MB, 4 MB goal, 0 MB stacks, 0 MB globals, 16 P
gc 578 @34.812s 0%: 0.14+0.58+0.17 ms clock, 2.3+0.71/0.81/0+2.7 ms cpu, 3->4->2 MB, 4 MB goal, 0 MB stacks, 0 MB globals, 16 P
gc 579 @34.814s 0%: 0.16+0.53+0.10 ms clock, 2.6+0.41/0.85/0+1.6 ms cpu, 3->4->1 MB, 4 MB goal, 0 MB stacks, 0 MB globals, 16 P
gc 580 @34.816s 0%: 0.13+0.47+0.13 ms clock, 2.0+0.59/0.85/0.007+2.1 ms cpu, 3->4->1 MB, 4 MB goal, 0 MB stacks, 0 MB globals, 16 P
gc 581 @34.818s 0%: 0.14+0.48+0.096 ms clock, 2.2+0.47/0.87/0+1.5 ms cpu, 3->4->1 MB, 4 MB goal, 0 MB stacks, 0 MB globals, 16 P
gc 582 @34.819s 0%: 0.13+0.66+0.10 ms clock, 2.1+0.55/0.90/0+1.6 ms cpu, 3->4->2 MB, 4 MB goal, 0 MB stacks, 0 MB globals, 16 P
gc 583 @34.821s 0%: 0.14+0.64+0.17 ms clock, 2.3+0.61/0.70/0.089+2.7 ms cpu, 3->4->2 MB, 4 MB goal, 0 MB stacks, 0 MB globals, 16 P
gc 584 @34.823s 0%: 0.14+0.68+0.071 ms clock, 2.2+0.53/0.92/0+1.1 ms cpu, 3->4->2 MB, 4 MB goal, 0 MB stacks, 0 MB globals, 16 P
gc 585 @34.825s 0%: 0.095+0.64+0.14 ms clock, 1.5+0.55/0.91/0.002+2.3 ms cpu, 3->4->2 MB, 4 MB goal, 0 MB stacks, 0 MB globals, 16 P
gc 586 @34.826s 0%: 0.10+0.57+0.094 ms clock, 1.7+0.54/0.76/0+1.5 ms cpu, 3->4->1 MB, 4 MB goal, 0 MB stacks, 0 MB globals, 16 P
gc 587 @34.828s 0%: 0.15+0.46+0.075 ms clock, 2.5+0.71/0.77/0.004+1.2 ms cpu, 3->4->1 MB, 4 MB goal, 0 MB stacks, 0 MB globals, 16 P
gc 588 @34.830s 0%: 0.11+0.52+0.10 ms clock, 1.8+0.57/0.88/0+1.6 ms cpu, 3->4->1 MB, 4 MB goal, 0 MB stacks, 0 MB globals, 16 P
gc 589 @34.831s 0%: 0.16+0.42+0.12 ms clock, 2.6+0.66/0.76/0+1.9 ms cpu, 3->4->1 MB, 4 MB goal, 0 MB stacks, 0 MB globals, 16 P
gc 590 @34.833s 0%: 0.17+0.55+0.049 ms clock, 2.8+0.58/0.80/0.007+0.79 ms cpu, 3->4->1 MB, 4 MB goal, 0 MB stacks, 0 MB globals, 16 P
gc 591 @34.834s 0%: 0.097+0.57+0.10 ms clock, 1.5+0.50/0.81/0+1.6 ms cpu, 3->4->1 MB, 4 MB goal, 0 MB stacks, 0 MB globals, 16 P
gc 592 @34.836s 0%: 0.15+0.63+0.098 ms clock, 2.4+0.59/0.83/0.019+1.5 ms cpu, 3->4->1 MB, 4 MB goal, 0 MB stacks, 0 MB globals, 16 P
gc 593 @34.838s 0%: 0.11+0.50+0.14 ms clock, 1.8+0.66/0.75/0+2.2 ms cpu, 3->4->1 MB, 4 MB goal, 0 MB stacks, 0 MB globals, 16 P
gc 594 @34.839s 0%: 0.14+0.58+0.15 ms clock, 2.2+0.58/0.75/0+2.4 ms cpu, 3->4->2 MB, 4 MB goal, 0 MB stacks, 0 MB globals, 16 P
gc 595 @34.841s 0%: 0.11+0.74+0.10 ms clock, 1.9+0.50/0.85/0+1.6 ms cpu, 3->4->2 MB, 4 MB goal, 0 MB stacks, 0 MB globals, 16 P
gc 596 @34.843s 0%: 0.22+0.66+0.083 ms clock, 3.5+0.11/0.94/0+1.3 ms cpu, 3->4->1 MB, 4 MB goal, 0 MB stacks, 0 MB globals, 16 P
gc 597 @34.845s 0%: 0.12+0.53+0.16 ms clock, 1.9+0.56/0.81/0+2.5 ms cpu, 3->4->2 MB, 4 MB goal, 0 MB stacks, 0 MB globals, 16 P
gc 598 @34.846s 0%: 0.11+0.62+0.10 ms clock, 1.7+0.50/0.76/0+1.6 ms cpu, 3->4->1 MB, 4 MB goal, 0 MB stacks, 0 MB globals, 16 P
gc 599 @34.848s 0%: 0.16+0.55+0.083 ms clock, 2.7+0.58/0.87/0.002+1.3 ms cpu, 3->4->1 MB, 4 MB goal, 0 MB stacks, 0 MB globals, 16 P
gc 600 @34.850s 0%: 0.12+0.71+0.10 ms clock, 2.0+0.58/0.94/0.077+1.6 ms cpu, 3->4->2 MB, 4 MB goal, 0 MB stacks, 0 MB globals, 16 P
gc 601 @34.852s 0%: 0.14+0.65+0.034 ms clock, 2.2+0.56/0.88/0+0.55 ms cpu, 3->4->1 MB, 4 MB goal, 0 MB stacks, 0 MB globals, 16 P
gc 602 @34.853s 0%: 0.096+0.62+0.12 ms clock, 1.5+0.52/0.81/0+1.9 ms cpu, 3->4->1 MB, 4 MB goal, 0 MB stacks, 0 MB globals, 16 P
gc 603 @34.855s 0%: 0.13+0.56+0.15 ms clock, 2.1+0.52/0.88/0+2.4 ms cpu, 3->4->1 MB, 4 MB goal, 0 MB stacks, 0 MB globals, 16 P
gc 604 @34.857s 0%: 0.11+0.62+0.089 ms clock, 1.8+0.62/0.75/0+1.4 ms cpu, 3->4->1 MB, 4 MB goal, 0 MB stacks, 0 MB globals, 16 P
gc 605 @34.858s 0%: 0.14+0.54+0.16 ms clock, 2.3+0.60/0.78/0+2.6 ms cpu, 3->4->1 MB, 4 MB goal, 0 MB stacks, 0 MB globals, 16 P
gc 606 @34.860s 0%: 0.15+0.65+0.060 ms clock, 2.4+0.68/0.81/0+0.96 ms cpu, 3->4->2 MB, 4 MB goal, 0 MB stacks, 0 MB globals, 16 P
gc 607 @34.862s 0%: 0.15+0.66+0.10 ms clock, 2.5+0.58/0.80/0+1.6 ms cpu, 3->4->2 MB, 4 MB goal, 0 MB stacks, 0 MB globals, 16 P
gc 608 @34.864s 0%: 0.12+0.52+0.16 ms clock, 2.0+0.68/0.74/0+2.6 ms cpu, 3->4->1 MB, 4 MB goal, 0 MB stacks, 0 MB globals, 16 P
gc 609 @34.865s 0%: 0.12+0.60+0.082 ms clock, 1.9+0.52/0.80/0.040+1.3 ms cpu, 3->4->2 MB, 4 MB goal, 0 MB stacks, 0 MB globals, 16 P
gc 610 @34.867s 0%: 0.11+0.67+0.032 ms clock, 1.7+0.52/0.76/0+0.51 ms cpu, 3->4->1 MB, 4 MB goal, 0 MB stacks, 0 MB globals, 16 P
gc 611 @34.869s 0%: 0.15+0.67+0.10 ms clock, 2.4+0.70/0.72/0+1.6 ms cpu, 3->4->2 MB, 4 MB goal, 0 MB stacks, 0 MB globals, 16 P
gc 612 @34.871s 0%: 0.12+0.57+0.085 ms clock, 2.0+0.49/0.79/0+1.3 ms cpu, 3->4->1 MB, 4 MB goal, 0 MB stacks, 0 MB globals, 16 P
gc 613 @34.872s 0%: 0.21+0.82+0.099 ms clock, 3.5+0.65/0.74/0+1.5 ms cpu, 3->4->2 MB, 4 MB goal, 0 MB stacks, 0 MB globals, 16 P
gc 614 @34.874s 0%: 0.13+0.61+0.097 ms clock, 2.1+0.45/0.89/0.030+1.5 ms cpu, 4->4->1 MB, 4 MB goal, 0 MB stacks, 0 MB globals, 16 P
gc 615 @34.876s 0%: 0.14+0.66+0.063 ms clock, 2.3+0.58/0.84/0.001+1.0 ms cpu, 3->4->2 MB, 4 MB goal, 0 MB stacks, 0 MB globals, 16 P
gc 616 @34.878s 0%: 0.14+0.56+0.14 ms clock, 2.2+0.59/0.74/0.004+2.3 ms cpu, 3->4->1 MB, 4 MB goal, 0 MB stacks, 0 MB globals, 16 P
gc 617 @34.879s 0%: 0.10+0.47+0.15 ms clock, 1.6+0.59/0.71/0+2.4 ms cpu, 3->4->1 MB, 4 MB goal, 0 MB stacks, 0 MB globals, 16 P
gc 618 @34.881s 0%: 0.11+0.69+0.091 ms clock, 1.7+0.55/0.74/0+1.4 ms cpu, 3->4->2 MB, 4 MB goal, 0 MB stacks, 0 MB globals, 16 P
gc 619 @34.882s 0%: 0.13+0.59+0.081 ms clock, 2.1+0.55/0.76/0.036+1.3 ms cpu, 3->4->1 MB, 4 MB goal, 0 MB stacks, 0 MB globals, 16 P
gc 620 @34.884s 0%: 0.10+0.55+0.094 ms clock, 1.7+0.52/0.89/0.058+1.5 ms cpu, 3->4->1 MB, 4 MB goal, 0 MB stacks, 0 MB globals, 16 P
gc 621 @34.886s 0%: 0.13+0.44+0.078 ms clock, 2.1+0.63/0.73/0+1.2 ms cpu, 3->4->1 MB, 4 MB goal, 0 MB stacks, 0 MB globals, 16 P
gc 622 @34.887s 0%: 0.15+0.60+0.097 ms clock, 2.5+0.44/0.89/0+1.5 ms cpu, 3->4->1 MB, 4 MB goal, 0 MB stacks, 0 MB globals, 16 P
gc 623 @34.889s 0%: 0.11+0.78+0.12 ms clock, 1.9+0.62/0.70/0.053+2.0 ms cpu, 3->4->2 MB, 4 MB goal, 0 MB stacks, 0 MB globals, 16 P
gc 624 @34.891s 0%: 0.11+0.74+0.10 ms clock, 1.7+0.62/0.97/0.016+1.6 ms cpu, 3->4->2 MB, 4 MB goal, 0 MB stacks, 0 MB globals, 16 P
gc 625 @34.893s 0%: 0.14+0.61+0.073 ms clock, 2.3+0.49/0.92/0+1.1 ms cpu, 3->4->1 MB, 4 MB goal, 0 MB stacks, 0 MB globals, 16 P
gc 626 @34.894s 0%: 0.16+0.73+0.15 ms clock, 2.5+0.53/1.0/0.005+2.5 ms cpu, 3->4->2 MB, 4 MB goal, 0 MB stacks, 0 MB globals, 16 P
gc 627 @34.896s 0%: 0.14+0.55+0.16 ms clock, 2.2+0.53/0.94/0+2.5 ms cpu, 3->4->1 MB, 4 MB goal, 0 MB stacks, 0 MB globals, 16 P
gc 628 @34.898s 0%: 0.10+0.76+0.078 ms clock, 1.7+0.64/0.75/0+1.2 ms cpu, 3->4->2 MB, 4 MB goal, 0 MB stacks, 0 MB globals, 16 P
gc 629 @34.900s 0%: 0.26+0.55+0.10 ms clock, 4.2+0.75/0.85/0+1.6 ms cpu, 3->4->2 MB, 4 MB goal, 0 MB stacks, 0 MB globals, 16 P
gc 630 @34.902s 0%: 0.11+0.59+0.090 ms clock, 1.8+0.68/0.89/0+1.4 ms cpu, 3->4->1 MB, 4 MB goal, 0 MB stacks, 0 MB globals, 16 P
gc 631 @34.903s 0%: 0.10+0.60+0.098 ms clock, 1.7+0.48/0.96/0+1.5 ms cpu, 3->4->1 MB, 4 MB goal, 0 MB stacks, 0 MB globals, 16 P
gc 632 @34.905s 0%: 0.11+0.46+0.15 ms clock, 1.8+0.61/0.82/0+2.4 ms cpu, 3->4->1 MB, 4 MB goal, 0 MB stacks, 0 MB globals, 16 P
gc 633 @34.906s 0%: 0.18+0.51+0.11 ms clock, 2.9+0.69/0.81/0.002+1.8 ms cpu, 3->4->2 MB, 4 MB goal, 0 MB stacks, 0 MB globals, 16 P
gc 634 @34.908s 0%: 0.15+0.43+0.10 ms clock, 2.4+0.51/0.75/0+1.7 ms cpu, 3->4->1 MB, 4 MB goal, 0 MB stacks, 0 MB globals, 16 P
gc 635 @34.910s 0%: 0.10+0.49+0.058 ms clock, 1.7+0.66/0.78/0+0.93 ms cpu, 3->3->1 MB, 4 MB goal, 0 MB stacks, 0 MB globals, 16 P
gc 636 @34.911s 0%: 0.11+0.70+0.066 ms clock, 1.7+0.45/0.83/0.006+1.0 ms cpu, 3->4->1 MB, 4 MB goal, 0 MB stacks, 0 MB globals, 16 P
gc 637 @34.913s 0%: 0.13+0.55+0.095 ms clock, 2.0+0.62/0.76/0.057+1.5 ms cpu, 3->4->1 MB, 4 MB goal, 0 MB stacks, 0 MB globals, 16 P
gc 638 @34.914s 0%: 0.12+0.87+0.085 ms clock, 1.9+0.52/0.78/0.086+1.3 ms cpu, 3->4->2 MB, 4 MB goal, 0 MB stacks, 0 MB globals, 16 P
gc 639 @34.916s 0%: 0.15+0.43+0.079 ms clock, 2.5+0.63/0.75/0+1.2 ms cpu, 4->4->1 MB, 4 MB goal, 0 MB stacks, 0 MB globals, 16 P
gc 640 @34.918s 0%: 0.12+0.62+0.11 ms clock, 2.0+0.70/0.77/0.081+1.7 ms cpu, 3->4->1 MB, 4 MB goal, 0 MB stacks, 0 MB globals, 16 P
gc 641 @34.920s 0%: 0.10+0.68+0.13 ms clock, 1.6+0.65/0.81/0+2.0 ms cpu, 3->4->2 MB, 4 MB goal, 0 MB stacks, 0 MB globals, 16 P
gc 642 @34.921s 0%: 0.12+0.49+0.15 ms clock, 2.0+0.60/0.76/0+2.4 ms cpu, 3->4->1 MB, 4 MB goal, 0 MB stacks, 0 MB globals, 16 P
gc 643 @34.923s 0%: 0.14+0.56+0.10 ms clock, 2.3+0.75/0.91/0+1.7 ms cpu, 3->4->1 MB, 4 MB goal, 0 MB stacks, 0 MB globals, 16 P
gc 644 @34.925s 0%: 0.11+0.72+0.097 ms clock, 1.7+0.61/0.76/0+1.5 ms cpu, 3->4->1 MB, 4 MB goal, 0 MB stacks, 0 MB globals, 16 P
gc 645 @34.926s 0%: 0.11+0.68+0.15 ms clock, 1.8+0.40/0.92/0+2.4 ms cpu, 3->4->2 MB, 4 MB goal, 0 MB stacks, 0 MB globals, 16 P
gc 646 @34.928s 0%: 0.14+0.55+0.10 ms clock, 2.3+0.48/0.83/0.061+1.6 ms cpu, 3->4->1 MB, 4 MB goal, 0 MB stacks, 0 MB globals, 16 P
gc 647 @34.930s 0%: 0.13+0.71+0.092 ms clock, 2.2+0.61/0.96/0+1.4 ms cpu, 3->4->2 MB, 4 MB goal, 0 MB stacks, 0 MB globals, 16 P
gc 648 @34.932s 0%: 0.083+0.51+0.078 ms clock, 1.3+0.57/0.75/0+1.2 ms cpu, 3->4->1 MB, 4 MB goal, 0 MB stacks, 0 MB globals, 16 P
gc 649 @34.933s 0%: 0.11+0.63+0.12 ms clock, 1.8+0.54/0.98/0.002+2.0 ms cpu, 3->4->2 MB, 4 MB goal, 0 MB stacks, 0 MB globals, 16 P
gc 650 @34.935s 0%: 0.14+0.60+0.089 ms clock, 2.2+0.69/0.81/0+1.4 ms cpu, 3->4->2 MB, 4 MB goal, 0 MB stacks, 0 MB globals, 16 P
gc 651 @34.937s 0%: 0.20+0.55+0.16 ms clock, 3.2+0.40/0.78/0+2.6 ms cpu, 3->4->1 MB, 4 MB goal, 0 MB stacks, 0 MB globals, 16 P
gc 652 @34.938s 0%: 0.12+0.65+0.14 ms clock, 1.9+0.54/0.78/0.047+2.3 ms cpu, 3->4->1 MB, 4 MB goal, 0 MB stacks, 0 MB globals, 16 P
gc 653 @34.940s 0%: 0.11+0.66+0.075 ms clock, 1.8+0.58/0.89/0.025+1.2 ms cpu, 3->4->1 MB, 4 MB goal, 0 MB stacks, 0 MB globals, 16 P
gc 654 @34.942s 0%: 0.12+0.59+0.090 ms clock, 2.0+0.67/0.85/0+1.4 ms cpu, 3->4->2 MB, 4 MB goal, 0 MB stacks, 0 MB globals, 16 P
gc 655 @34.944s 0%: 0.12+0.61+0.078 ms clock, 1.9+0.68/0.86/0+1.2 ms cpu, 3->4->1 MB, 4 MB goal, 0 MB stacks, 0 MB globals, 16 P
gc 656 @34.945s 0%: 0.13+0.61+0.12 ms clock, 2.2+0.43/0.89/0.076+1.9 ms cpu, 3->4->2 MB, 4 MB goal, 0 MB stacks, 0 MB globals, 16 P
gc 657 @34.947s 0%: 0.15+0.52+0.10 ms clock, 2.4+0.58/0.88/0+1.6 ms cpu, 3->4->1 MB, 4 MB goal, 0 MB stacks, 0 MB globals, 16 P
gc 658 @34.949s 0%: 0.15+0.42+0.15 ms clock, 2.5+0.63/0.83/0.003+2.5 ms cpu, 3->4->1 MB, 4 MB goal, 0 MB stacks, 0 MB globals, 16 P
gc 659 @34.950s 0%: 0.099+0.58+0.049 ms clock, 1.5+0.52/0.77/0.023+0.78 ms cpu, 3->4->1 MB, 4 MB goal, 0 MB stacks, 0 MB globals, 16 P
gc 660 @34.952s 0%: 0.13+0.62+0.10 ms clock, 2.0+0.48/0.84/0+1.6 ms cpu, 3->4->1 MB, 4 MB goal, 0 MB stacks, 0 MB globals, 16 P
gc 661 @34.953s 0%: 0.15+0.69+0.093 ms clock, 2.5+0.60/0.86/0+1.5 ms cpu, 3->4->2 MB, 4 MB goal, 0 MB stacks, 0 MB globals, 16 P
gc 662 @34.955s 0%: 0.16+0.49+0.17 ms clock, 2.6+0.51/0.88/0+2.8 ms cpu, 3->4->1 MB, 4 MB goal, 0 MB stacks, 0 MB globals, 16 P
gc 663 @34.957s 0%: 0.14+0.63+0.10 ms clock, 2.3+0.61/0.86/0+1.7 ms cpu, 3->4->2 MB, 4 MB goal, 0 MB stacks, 0 MB globals, 16 P
gc 664 @34.959s 0%: 0.13+0.71+0.094 ms clock, 2.2+0.55/0.85/0+1.5 ms cpu, 3->4->2 MB, 4 MB goal, 0 MB stacks, 0 MB globals, 16 P
gc 665 @34.960s 0%: 0.12+0.52+0.092 ms clock, 1.9+0.56/0.89/0.010+1.4 ms cpu, 3->4->1 MB, 4 MB goal, 0 MB stacks, 0 MB globals, 16 P
gc 666 @34.962s 0%: 0.20+0.54+0.093 ms clock, 3.2+0.57/0.75/0.006+1.4 ms cpu, 3->4->1 MB, 4 MB goal, 0 MB stacks, 0 MB globals, 16 P
gc 667 @34.963s 0%: 0.15+0.49+0.10 ms clock, 2.4+0.52/0.85/0+1.6 ms cpu, 3->4->1 MB, 4 MB goal, 0 MB stacks, 0 MB globals, 16 P
gc 668 @34.965s 0%: 0.11+0.51+0.13 ms clock, 1.8+0.56/0.83/0+2.1 ms cpu, 3->4->1 MB, 4 MB goal, 0 MB stacks, 0 MB globals, 16 P
gc 669 @34.967s 0%: 0.11+0.64+0.093 ms clock, 1.7+0.63/0.74/0.019+1.4 ms cpu, 3->4->1 MB, 4 MB goal, 0 MB stacks, 0 MB globals, 16 P
gc 670 @34.968s 0%: 0.15+0.54+0.15 ms clock, 2.5+0.62/0.88/0+2.5 ms cpu, 3->4->1 MB, 4 MB goal, 0 MB stacks, 0 MB globals, 16 P
gc 671 @34.970s 0%: 0.11+0.47+0.16 ms clock, 1.8+0.67/0.69/0.014+2.7 ms cpu, 3->4->1 MB, 4 MB goal, 0 MB stacks, 0 MB globals, 16 P
gc 672 @34.971s 0%: 0.13+0.63+0.098 ms clock, 2.2+0.45/0.96/0+1.5 ms cpu, 3->4->1 MB, 4 MB goal, 0 MB stacks, 0 MB globals, 16 P
gc 673 @34.973s 0%: 0.14+0.55+0.11 ms clock, 2.3+0.48/0.81/0.005+1.8 ms cpu, 3->4->1 MB, 4 MB goal, 0 MB stacks, 0 MB globals, 16 P
gc 674 @34.975s 0%: 0.10+0.85+0.039 ms clock, 1.6+0.55/1.0/0.038+0.62 ms cpu, 3->4->2 MB, 4 MB goal, 0 MB stacks, 0 MB globals, 16 P
gc 675 @34.977s 0%: 0.15+0.50+0.13 ms clock, 2.4+0.52/0.90/0+2.1 ms cpu, 3->4->1 MB, 4 MB goal, 0 MB stacks, 0 MB globals, 16 P
gc 676 @34.978s 0%: 0.13+0.56+0.13 ms clock, 2.1+0.58/1.0/0.005+2.0 ms cpu, 3->4->1 MB, 4 MB goal, 0 MB stacks, 0 MB globals, 16 P
gc 677 @34.980s 0%: 0.13+0.65+0.082 ms clock, 2.2+0.40/0.95/0+1.3 ms cpu, 3->4->2 MB, 4 MB goal, 0 MB stacks, 0 MB globals, 16 P
gc 678 @34.982s 0%: 0.15+0.81+0.071 ms clock, 2.4+0.60/0.85/0+1.1 ms cpu, 3->4->2 MB, 4 MB goal, 0 MB stacks, 0 MB globals, 16 P
gc 679 @34.984s 0%: 0.13+0.76+0.10 ms clock, 2.1+0.53/0.98/0+1.6 ms cpu, 3->4->2 MB, 4 MB goal, 0 MB stacks, 0 MB globals, 16 P
gc 680 @34.986s 0%: 0.11+0.53+0.10 ms clock, 1.8+0.54/0.92/0+1.6 ms cpu, 3->4->1 MB, 4 MB goal, 0 MB stacks, 0 MB globals, 16 P
gc 681 @34.987s 0%: 0.10+0.58+0.13 ms clock, 1.7+0.57/1.0/0.041+2.2 ms cpu, 3->4->1 MB, 4 MB goal, 0 MB stacks, 0 MB globals, 16 P
gc 682 @34.989s 0%: 0.11+0.51+0.095 ms clock, 1.8+0.64/0.78/0+1.5 ms cpu, 3->4->1 MB, 4 MB goal, 0 MB stacks, 0 MB globals, 16 P
gc 683 @34.991s 0%: 0.12+0.58+0.10 ms clock, 1.9+0.52/0.92/0.002+1.6 ms cpu, 3->4->1 MB, 4 MB goal, 0 MB stacks, 0 MB globals, 16 P
gc 684 @34.992s 0%: 0.10+0.65+0.14 ms clock, 1.7+0.48/0.92/0+2.2 ms cpu, 3->4->1 MB, 4 MB goal, 0 MB stacks, 0 MB globals, 16 P
gc 685 @34.994s 0%: 0.13+0.65+0.10 ms clock, 2.1+0.55/0.88/0+1.7 ms cpu, 3->4->2 MB, 4 MB goal, 0 MB stacks, 0 MB globals, 16 P
gc 686 @34.996s 0%: 0.12+0.65+0.10 ms clock, 2.0+0.65/0.82/0+1.6 ms cpu, 3->4->2 MB, 4 MB goal, 0 MB stacks, 0 MB globals, 16 P
gc 687 @34.998s 0%: 0.12+0.78+0.073 ms clock, 2.0+0.61/0.79/0.003+1.1 ms cpu, 3->4->2 MB, 4 MB goal, 0 MB stacks, 0 MB globals, 16 P
gc 688 @35.000s 0%: 0.17+0.58+0.076 ms clock, 2.8+0.63/0.75/0+1.2 ms cpu, 4->4->2 MB, 4 MB goal, 0 MB stacks, 0 MB globals, 16 P
gc 689 @35.002s 0%: 0.12+0.51+0.12 ms clock, 2.0+0.54/0.86/0.023+1.9 ms cpu, 3->4->1 MB, 4 MB goal, 0 MB stacks, 0 MB globals, 16 P
gc 690 @35.003s 0%: 0.11+0.53+0.14 ms clock, 1.8+0.55/0.85/0+2.3 ms cpu, 3->4->1 MB, 4 MB goal, 0 MB stacks, 0 MB globals, 16 P
gc 691 @35.005s 0%: 0.10+0.66+0.073 ms clock, 1.6+0.59/0.91/0.003+1.1 ms cpu, 3->4->2 MB, 4 MB goal, 0 MB stacks, 0 MB globals, 16 P
gc 692 @35.007s 0%: 0.12+0.60+0.072 ms clock, 2.0+0.51/0.79/0.058+1.1 ms cpu, 3->4->2 MB, 4 MB goal, 0 MB stacks, 0 MB globals, 16 P
gc 693 @35.009s 0%: 0.11+0.82+0.095 ms clock, 1.7+0.59/0.85/0+1.5 ms cpu, 3->4->2 MB, 4 MB goal, 0 MB stacks, 0 MB globals, 16 P
gc 694 @35.011s 0%: 0.15+0.62+0.12 ms clock, 2.5+0.62/0.85/0+2.0 ms cpu, 4->4->2 MB, 4 MB goal, 0 MB stacks, 0 MB globals, 16 P
gc 695 @35.013s 0%: 0.13+0.75+0.14 ms clock, 2.2+0.60/0.91/0.047+2.2 ms cpu, 3->4->2 MB, 4 MB goal, 0 MB stacks, 0 MB globals, 16 P
gc 696 @35.014s 0%: 0.094+0.60+0.10 ms clock, 1.5+0.58/0.94/0+1.6 ms cpu, 3->4->1 MB, 4 MB goal, 0 MB stacks, 0 MB globals, 16 P
gc 697 @35.016s 0%: 0.15+0.63+0.10 ms clock, 2.4+0.57/0.81/0+1.7 ms cpu, 3->4->1 MB, 4 MB goal, 0 MB stacks, 0 MB globals, 16 P
gc 698 @35.018s 0%: 0.14+0.68+0.10 ms clock, 2.3+0.57/0.84/0+1.6 ms cpu, 3->4->2 MB, 4 MB goal, 0 MB stacks, 0 MB globals, 16 P
gc 699 @35.020s 0%: 0.13+0.45+0.14 ms clock, 2.1+0.57/0.78/0.057+2.2 ms cpu, 3->4->1 MB, 4 MB goal, 0 MB stacks, 0 MB globals, 16 P
gc 700 @35.021s 0%: 0.12+0.52+0.11 ms clock, 2.0+0.60/0.77/0.002+1.8 ms cpu, 3->4->1 MB, 4 MB goal, 0 MB stacks, 0 MB globals, 16 P
gc 701 @35.022s 0%: 0.097+0.47+0.13 ms clock, 1.5+0.70/0.77/0.002+2.2 ms cpu, 3->4->1 MB, 4 MB goal, 0 MB stacks, 0 MB globals, 16 P
gc 702 @35.024s 0%: 0.10+0.62+0.078 ms clock, 1.6+0.57/0.94/0+1.2 ms cpu, 3->4->1 MB, 4 MB goal, 0 MB stacks, 0 MB globals, 16 P
gc 703 @35.026s 0%: 0.10+0.55+0.064 ms clock, 1.7+0.50/0.83/0.081+1.0 ms cpu, 3->4->1 MB, 4 MB goal, 0 MB stacks, 0 MB globals, 16 P
gc 704 @35.027s 0%: 0.14+0.48+0.10 ms clock, 2.2+0.60/0.76/0.008+1.6 ms cpu, 3->4->1 MB, 4 MB goal, 0 MB stacks, 0 MB globals, 16 P
gc 705 @35.029s 0%: 0.15+0.70+0.10 ms clock, 2.4+0.49/0.94/0+1.6 ms cpu, 3->4->2 MB, 4 MB goal, 0 MB stacks, 0 MB globals, 16 P
gc 706 @35.031s 0%: 0.15+0.65+0.12 ms clock, 2.4+0.55/0.94/0.003+1.9 ms cpu, 4->4->2 MB, 4 MB goal, 0 MB stacks, 0 MB globals, 16 P
gc 707 @35.033s 0%: 0.10+0.56+0.065 ms clock, 1.7+0.56/0.96/0+1.0 ms cpu, 3->4->1 MB, 4 MB goal, 0 MB stacks, 0 MB globals, 16 P
gc 708 @35.034s 0%: 0.13+0.67+0.12 ms clock, 2.1+0.65/0.90/0.006+2.0 ms cpu, 3->4->2 MB, 4 MB goal, 0 MB stacks, 0 MB globals, 16 P
gc 709 @35.036s 0%: 0.18+0.56+0.12 ms clock, 2.9+0.56/0.73/0.041+1.9 ms cpu, 3->4->1 MB, 4 MB goal, 0 MB stacks, 0 MB globals, 16 P
gc 710 @35.037s 0%: 0.12+0.58+0.091 ms clock, 1.9+0.43/0.92/0.003+1.4 ms cpu, 3->4->1 MB, 4 MB goal, 0 MB stacks, 0 MB globals, 16 P
gc 711 @35.039s 0%: 0.14+0.78+0.11 ms clock, 2.3+0.64/0.72/0+1.8 ms cpu, 3->4->2 MB, 4 MB goal, 0 MB stacks, 0 MB globals, 16 P
gc 712 @35.041s 0%: 0.17+0.70+0.10 ms clock, 2.7+0.56/0.93/0+1.7 ms cpu, 3->4->2 MB, 4 MB goal, 0 MB stacks, 0 MB globals, 16 P
gc 713 @35.043s 0%: 0.13+0.62+0.16 ms clock, 2.2+0.59/0.84/0.045+2.5 ms cpu, 3->4->2 MB, 4 MB goal, 0 MB stacks, 0 MB globals, 16 P
gc 714 @35.045s 0%: 0.089+0.52+0.11 ms clock, 1.4+0.64/0.85/0.012+1.8 ms cpu, 3->4->1 MB, 4 MB goal, 0 MB stacks, 0 MB globals, 16 P
gc 715 @35.046s 0%: 0.12+0.57+0.11 ms clock, 2.0+0.53/1.0/0+1.7 ms cpu, 3->4->2 MB, 4 MB goal, 0 MB stacks, 0 MB globals, 16 P
gc 716 @35.048s 0%: 0.14+0.54+0.096 ms clock, 2.2+0.71/0.78/0+1.5 ms cpu, 3->4->1 MB, 4 MB goal, 0 MB stacks, 0 MB globals, 16 P
gc 717 @35.050s 0%: 0.11+0.75+0.10 ms clock, 1.8+0.48/1.0/0+1.6 ms cpu, 3->4->2 MB, 4 MB goal, 0 MB stacks, 0 MB globals, 16 P
gc 718 @35.052s 0%: 0.10+0.61+0.11 ms clock, 1.6+0.66/0.81/0.044+1.8 ms cpu, 3->4->1 MB, 4 MB goal, 0 MB stacks, 0 MB globals, 16 P
gc 719 @35.053s 0%: 0.12+0.61+0.085 ms clock, 1.9+0.51/0.84/0.003+1.3 ms cpu, 3->4->1 MB, 4 MB goal, 0 MB stacks, 0 MB globals, 16 P
gc 720 @35.055s 0%: 0.13+0.65+0.089 ms clock, 2.0+0.57/0.83/0+1.4 ms cpu, 3->4->1 MB, 4 MB goal, 0 MB stacks, 0 MB globals, 16 P
gc 721 @35.056s 0%: 0.12+0.74+0.098 ms clock, 2.0+0.47/0.97/0.064+1.5 ms cpu, 3->4->2 MB, 4 MB goal, 0 MB stacks, 0 MB globals, 16 P
gc 722 @35.058s 0%: 0.11+0.64+0.11 ms clock, 1.8+0.65/0.76/0.069+1.8 ms cpu, 3->4->1 MB, 4 MB goal, 0 MB stacks, 0 MB globals, 16 P
gc 723 @35.060s 0%: 0.16+0.61+0.077 ms clock, 2.7+0.49/0.87/0+1.2 ms cpu, 3->4->2 MB, 4 MB goal, 0 MB stacks, 0 MB globals, 16 P
gc 724 @35.062s 0%: 0.15+0.55+0.11 ms clock, 2.5+0.64/0.70/0+1.8 ms cpu, 3->4->1 MB, 4 MB goal, 0 MB stacks, 0 MB globals, 16 P
gc 725 @35.063s 0%: 0.14+0.46+0.13 ms clock, 2.3+0.67/0.77/0.012+2.2 ms cpu, 3->4->1 MB, 4 MB goal, 0 MB stacks, 0 MB globals, 16 P
gc 726 @35.065s 0%: 0.14+0.54+0.14 ms clock, 2.3+0.58/0.80/0+2.2 ms cpu, 3->4->1 MB, 4 MB goal, 0 MB stacks, 0 MB globals, 16 P
gc 727 @35.066s 0%: 0.11+0.46+0.12 ms clock, 1.8+0.62/0.73/0+1.9 ms cpu, 3->4->1 MB, 4 MB goal, 0 MB stacks, 0 MB globals, 16 P
gc 728 @35.068s 0%: 0.11+0.56+0.12 ms clock, 1.8+0.64/0.93/0.018+1.9 ms cpu, 3->4->1 MB, 4 MB goal, 0 MB stacks, 0 MB globals, 16 P
gc 729 @35.069s 0%: 0.10+0.66+0.087 ms clock, 1.6+0.51/0.86/0.008+1.4 ms cpu, 3->4->1 MB, 4 MB goal, 0 MB stacks, 0 MB globals, 16 P
gc 730 @35.071s 0%: 0.12+0.46+0.083 ms clock, 1.9+0.53/0.74/0+1.3 ms cpu, 3->4->1 MB, 4 MB goal, 0 MB stacks, 0 MB globals, 16 P
gc 731 @35.073s 0%: 0.11+0.55+0.087 ms clock, 1.8+0.52/0.74/0+1.3 ms cpu, 3->4->1 MB, 4 MB goal, 0 MB stacks, 0 MB globals, 16 P
gc 732 @35.074s 0%: 0.11+0.68+0.10 ms clock, 1.8+0.68/0.98/0.002+1.6 ms cpu, 3->4->2 MB, 4 MB goal, 0 MB stacks, 0 MB globals, 16 P
gc 733 @35.076s 0%: 0.15+0.70+0.10 ms clock, 2.4+0.66/0.82/0+1.6 ms cpu, 3->4->2 MB, 4 MB goal, 0 MB stacks, 0 MB globals, 16 P
gc 734 @35.078s 0%: 0.16+0.73+0.10 ms clock, 2.6+0.56/0.85/0+1.6 ms cpu, 3->4->2 MB, 4 MB goal, 0 MB stacks, 0 MB globals, 16 P
gc 735 @35.080s 0%: 0.10+0.55+0.10 ms clock, 1.6+0.45/0.86/0+1.7 ms cpu, 3->4->1 MB, 4 MB goal, 0 MB stacks, 0 MB globals, 16 P
gc 736 @35.082s 0%: 0.11+0.85+0.091 ms clock, 1.8+0.54/0.95/0+1.4 ms cpu, 3->4->2 MB, 4 MB goal, 0 MB stacks, 0 MB globals, 16 P
gc 737 @35.084s 0%: 0.097+0.47+0.097 ms clock, 1.5+0.62/0.80/0+1.5 ms cpu, 3->4->1 MB, 4 MB goal, 0 MB stacks, 0 MB globals, 16 P
gc 738 @35.085s 0%: 0.14+0.57+0.15 ms clock, 2.3+0.62/0.72/0+2.4 ms cpu, 3->4->1 MB, 4 MB goal, 0 MB stacks, 0 MB globals, 16 P
gc 739 @35.087s 0%: 0.15+0.73+0.10 ms clock, 2.4+0.67/0.82/0+1.6 ms cpu, 3->4->2 MB, 4 MB goal, 0 MB stacks, 0 MB globals, 16 P
gc 740 @35.088s 0%: 0.13+0.69+0.14 ms clock, 2.2+0.61/0.82/0.035+2.3 ms cpu, 3->4->2 MB, 4 MB goal, 0 MB stacks, 0 MB globals, 16 P
gc 741 @35.090s 0%: 0.11+0.51+0.13 ms clock, 1.9+0.47/0.82/0.008+2.2 ms cpu, 3->4->1 MB, 4 MB goal, 0 MB stacks, 0 MB globals, 16 P
gc 742 @35.092s 0%: 0.13+0.56+0.18 ms clock, 2.1+0.68/0.93/0+2.9 ms cpu, 3->4->1 MB, 4 MB goal, 0 MB stacks, 0 MB globals, 16 P
gc 743 @35.093s 0%: 0.14+0.53+0.096 ms clock, 2.2+0.55/0.80/0+1.5 ms cpu, 3->4->1 MB, 4 MB goal, 0 MB stacks, 0 MB globals, 16 P
gc 744 @35.095s 0%: 0.12+0.52+0.16 ms clock, 2.0+0.53/0.77/0+2.7 ms cpu, 3->4->1 MB, 4 MB goal, 0 MB stacks, 0 MB globals, 16 P
gc 745 @35.097s 0%: 0.14+0.61+0.10 ms clock, 2.2+0.58/0.81/0.008+1.6 ms cpu, 3->4->2 MB, 4 MB goal, 0 MB stacks, 0 MB globals, 16 P
gc 746 @35.099s 0%: 0.12+0.63+0.082 ms clock, 2.0+0.57/0.89/0.061+1.3 ms cpu, 3->4->1 MB, 4 MB goal, 0 MB stacks, 0 MB globals, 16 P
gc 747 @35.100s 0%: 0.12+0.71+0.080 ms clock, 2.0+0.62/0.79/0+1.2 ms cpu, 3->4->2 MB, 4 MB goal, 0 MB stacks, 0 MB globals, 16 P
gc 748 @35.102s 0%: 0.10+0.57+0.083 ms clock, 1.7+0.52/0.77/0.018+1.3 ms cpu, 3->4->1 MB, 4 MB goal, 0 MB stacks, 0 MB globals, 16 P
gc 749 @35.104s 0%: 0.16+0.76+0.11 ms clock, 2.6+0.71/0.72/0.005+1.7 ms cpu, 3->4->2 MB, 4 MB goal, 0 MB stacks, 0 MB globals, 16 P
gc 750 @35.106s 0%: 0.095+0.50+0.12 ms clock, 1.5+0.57/0.91/0+1.9 ms cpu, 3->4->1 MB, 4 MB goal, 0 MB stacks, 0 MB globals, 16 P
gc 751 @35.107s 0%: 0.13+0.57+0.078 ms clock, 2.1+0.56/0.72/0.020+1.2 ms cpu, 3->4->1 MB, 4 MB goal, 0 MB stacks, 0 MB globals, 16 P
gc 752 @35.109s 0%: 0.10+0.41+0.11 ms clock, 1.7+0.53/0.73/0.013+1.8 ms cpu, 3->3->1 MB, 4 MB goal, 0 MB stacks, 0 MB globals, 16 P
gc 753 @35.110s 0%: 0.11+0.62+0.080 ms clock, 1.8+0.61/0.92/0+1.2 ms cpu, 3->4->1 MB, 4 MB goal, 0 MB stacks, 0 MB globals, 16 P
gc 754 @35.112s 0%: 0.11+0.77+0.084 ms clock, 1.8+0.63/0.83/0.002+1.3 ms cpu, 3->4->2 MB, 4 MB goal, 0 MB stacks, 0 MB globals, 16 P
gc 755 @35.114s 0%: 0.11+0.75+0.090 ms clock, 1.7+0.58/0.91/0+1.4 ms cpu, 3->4->2 MB, 4 MB goal, 0 MB stacks, 0 MB globals, 16 P
gc 756 @35.115s 0%: 0.087+0.54+0.17 ms clock, 1.3+0.51/0.85/0.002+2.7 ms cpu, 3->4->1 MB, 4 MB goal, 0 MB stacks, 0 MB globals, 16 P
gc 757 @35.117s 0%: 0.12+0.62+0.12 ms clock, 2.0+0.56/0.97/0+1.9 ms cpu, 3->4->2 MB, 4 MB goal, 0 MB stacks, 0 MB globals, 16 P
gc 758 @35.119s 0%: 0.11+0.70+0.090 ms clock, 1.8+0.64/0.85/0+1.4 ms cpu, 3->4->2 MB, 4 MB goal, 0 MB stacks, 0 MB globals, 16 P
gc 759 @35.121s 0%: 0.11+0.48+0.17 ms clock, 1.8+0.50/0.91/0.001+2.8 ms cpu, 3->4->1 MB, 4 MB goal, 0 MB stacks, 0 MB globals, 16 P
gc 760 @35.122s 0%: 0.13+0.61+0.21 ms clock, 2.1+0.65/0.85/0+3.4 ms cpu, 3->4->2 MB, 4 MB goal, 0 MB stacks, 0 MB globals, 16 P
gc 761 @35.124s 0%: 0.17+0.69+0.068 ms clock, 2.8+0.62/0.89/0+1.0 ms cpu, 3->4->2 MB, 4 MB goal, 0 MB stacks, 0 MB globals, 16 P
gc 762 @35.126s 0%: 0.11+0.54+0.10 ms clock, 1.7+0.52/0.92/0.081+1.6 ms cpu, 3->4->1 MB, 4 MB goal, 0 MB stacks, 0 MB globals, 16 P
gc 763 @35.128s 0%: 0.13+0.59+0.080 ms clock, 2.1+0.65/0.91/0+1.2 ms cpu, 3->4->1 MB, 4 MB goal, 0 MB stacks, 0 MB globals, 16 P
gc 764 @35.129s 0%: 0.12+0.44+0.16 ms clock, 2.0+0.73/0.73/0+2.7 ms cpu, 3->4->1 MB, 4 MB goal, 0 MB stacks, 0 MB globals, 16 P
gc 765 @35.131s 0%: 0.11+0.55+0.11 ms clock, 1.8+0.50/0.88/0.015+1.9 ms cpu, 3->4->1 MB, 4 MB goal, 0 MB stacks, 0 MB globals, 16 P
gc 766 @35.133s 0%: 0.10+0.50+0.10 ms clock, 1.6+0.57/0.70/0.035+1.7 ms cpu, 3->4->1 MB, 4 MB goal, 0 MB stacks, 0 MB globals, 16 P
gc 767 @35.134s 0%: 0.13+0.51+0.17 ms clock, 2.1+0.58/0.86/0.018+2.7 ms cpu, 3->4->1 MB, 4 MB goal, 0 MB stacks, 0 MB globals, 16 P
gc 768 @35.136s 0%: 0.12+0.95+0.096 ms clock, 1.9+0.60/0.81/0.057+1.5 ms cpu, 3->4->2 MB, 4 MB goal, 0 MB stacks, 0 MB globals, 16 P
gc 769 @35.138s 0%: 0.14+0.78+0.10 ms clock, 2.3+0.60/1.0/0.006+1.6 ms cpu, 4->5->2 MB, 4 MB goal, 0 MB stacks, 0 MB globals, 16 P
gc 770 @35.140s 0%: 0.13+0.56+0.12 ms clock, 2.2+0.46/0.83/0.002+2.0 ms cpu, 4->4->1 MB, 4 MB goal, 0 MB stacks, 0 MB globals, 16 P
gc 771 @35.142s 0%: 0.15+0.48+0.15 ms clock, 2.4+0.51/0.87/0+2.5 ms cpu, 3->4->1 MB, 4 MB goal, 0 MB stacks, 0 MB globals, 16 P
gc 772 @35.143s 0%: 0.11+0.55+0.11 ms clock, 1.8+0.70/0.85/0+1.7 ms cpu, 3->4->1 MB, 4 MB goal, 0 MB stacks, 0 MB globals, 16 P
gc 773 @35.145s 0%: 0.19+0.44+0.17 ms clock, 3.0+0.59/0.72/0+2.8 ms cpu, 3->4->1 MB, 4 MB goal, 0 MB stacks, 0 MB globals, 16 P
gc 774 @35.146s 0%: 0.081+0.58+0.14 ms clock, 1.3+0.55/0.75/0.021+2.2 ms cpu, 3->4->1 MB, 4 MB goal, 0 MB stacks, 0 MB globals, 16 P
gc 775 @35.148s 0%: 0.11+0.51+0.14 ms clock, 1.8+0.57/0.71/0.039+2.3 ms cpu, 3->4->1 MB, 4 MB goal, 0 MB stacks, 0 MB globals, 16 P
gc 776 @35.150s 0%: 0.12+0.66+0.093 ms clock, 1.9+0.58/0.80/0.003+1.4 ms cpu, 3->4->1 MB, 4 MB goal, 0 MB stacks, 0 MB globals, 16 P
gc 777 @35.151s 0%: 0.11+0.46+0.13 ms clock, 1.8+0.54/0.87/0.008+2.2 ms cpu, 3->4->1 MB, 4 MB goal, 0 MB stacks, 0 MB globals, 16 P
gc 778 @35.153s 0%: 0.16+0.66+0.059 ms clock, 2.6+0.75/0.86/0.001+0.94 ms cpu, 3->4->2 MB, 4 MB goal, 0 MB stacks, 0 MB globals, 16 P
gc 779 @35.155s 0%: 0.16+0.68+0.19 ms clock, 2.7+0.67/0.91/0+3.1 ms cpu, 3->4->2 MB, 4 MB goal, 0 MB stacks, 0 MB globals, 16 P
gc 780 @35.157s 0%: 0.18+0.54+0.16 ms clock, 2.9+0.64/0.88/0.040+2.6 ms cpu, 3->4->2 MB, 4 MB goal, 0 MB stacks, 0 MB globals, 16 P
gc 781 @35.159s 0%: 0.096+0.43+0.12 ms clock, 1.5+0.53/0.75/0.10+1.9 ms cpu, 3->4->1 MB, 4 MB goal, 0 MB stacks, 0 MB globals, 16 P
gc 782 @35.160s 0%: 0.13+0.59+0.15 ms clock, 2.1+0.69/1.1/0+2.4 ms cpu, 3->4->2 MB, 4 MB goal, 0 MB stacks, 0 MB globals, 16 P
gc 783 @35.162s 0%: 0.14+0.50+0.16 ms clock, 2.2+0.54/0.81/0.004+2.5 ms cpu, 3->4->1 MB, 4 MB goal, 0 MB stacks, 0 MB globals, 16 P
gc 784 @35.163s 0%: 0.15+0.50+0.18 ms clock, 2.4+0.70/0.78/0+2.8 ms cpu, 3->4->1 MB, 4 MB goal, 0 MB stacks, 0 MB globals, 16 P
gc 785 @35.165s 0%: 0.14+0.71+0.084 ms clock, 2.2+0.49/1.1/0+1.3 ms cpu, 3->4->2 MB, 4 MB goal, 0 MB stacks, 0 MB globals, 16 P
gc 786 @35.167s 0%: 0.14+0.46+0.12 ms clock, 2.2+0.53/0.77/0.001+1.9 ms cpu, 3->4->1 MB, 4 MB goal, 0 MB stacks, 0 MB globals, 16 P
gc 787 @35.168s 0%: 0.14+0.60+0.10 ms clock, 2.2+0.47/0.90/0.069+1.6 ms cpu, 3->4->1 MB, 4 MB goal, 0 MB stacks, 0 MB globals, 16 P
gc 788 @35.170s 0%: 0.20+0.52+0.12 ms clock, 3.2+0.62/0.90/0+2.0 ms cpu, 3->4->2 MB, 4 MB goal, 0 MB stacks, 0 MB globals, 16 P
gc 789 @35.171s 0%: 0.17+0.62+0.13 ms clock, 2.8+0.67/0.79/0.015+2.2 ms cpu, 3->4->2 MB, 4 MB goal, 0 MB stacks, 0 MB globals, 16 P
gc 790 @35.173s 0%: 0.11+0.66+0.086 ms clock, 1.8+0.68/0.77/0+1.3 ms cpu, 3->4->1 MB, 4 MB goal, 0 MB stacks, 0 MB globals, 16 P
gc 791 @35.175s 0%: 0.11+0.54+0.15 ms clock, 1.8+0.47/0.89/0.029+2.4 ms cpu, 3->4->1 MB, 4 MB goal, 0 MB stacks, 0 MB globals, 16 P
gc 792 @35.177s 0%: 0.16+0.59+0.11 ms clock, 2.6+0.44/0.90/0+1.8 ms cpu, 3->4->1 MB, 4 MB goal, 0 MB stacks, 0 MB globals, 16 P
gc 793 @35.178s 0%: 0.11+0.55+0.071 ms clock, 1.8+0.35/0.77/0+1.1 ms cpu, 3->4->1 MB, 4 MB goal, 0 MB stacks, 0 MB globals, 16 P
gc 794 @35.180s 0%: 0.12+0.70+0.091 ms clock, 1.9+0.65/1.0/0+1.4 ms cpu, 3->4->2 MB, 4 MB goal, 0 MB stacks, 0 MB globals, 16 P
gc 795 @35.182s 0%: 0.11+0.50+0.12 ms clock, 1.8+0.52/0.83/0+1.9 ms cpu, 3->4->1 MB, 4 MB goal, 0 MB stacks, 0 MB globals, 16 P
gc 796 @35.183s 0%: 0.12+0.51+0.14 ms clock, 2.0+0.70/0.73/0+2.3 ms cpu, 3->4->1 MB, 4 MB goal, 0 MB stacks, 0 MB globals, 16 P
gc 797 @35.185s 0%: 0.12+0.47+0.084 ms clock, 2.0+0.52/0.72/0+1.3 ms cpu, 3->4->1 MB, 4 MB goal, 0 MB stacks, 0 MB globals, 16 P
gc 798 @35.187s 0%: 0.14+0.62+0.083 ms clock, 2.2+0.50/0.80/0+1.3 ms cpu, 3->4->1 MB, 4 MB goal, 0 MB stacks, 0 MB globals, 16 P
gc 799 @35.188s 0%: 0.10+0.54+0.12 ms clock, 1.7+0.71/0.83/0+1.9 ms cpu, 3->4->1 MB, 4 MB goal, 0 MB stacks, 0 MB globals, 16 P
gc 800 @35.190s 0%: 0.13+0.64+0.099 ms clock, 2.0+0.60/0.87/0.014+1.5 ms cpu, 3->4->2 MB, 4 MB goal, 0 MB stacks, 0 MB globals, 16 P
gc 801 @35.192s 0%: 0.083+0.56+0.089 ms clock, 1.3+0.62/0.74/0.017+1.4 ms cpu, 3->4->1 MB, 4 MB goal, 0 MB stacks, 0 MB globals, 16 P
gc 802 @35.193s 0%: 0.12+0.65+0.064 ms clock, 2.0+0.58/0.76/0+1.0 ms cpu, 3->4->1 MB, 4 MB goal, 0 MB stacks, 0 MB globals, 16 P
gc 803 @35.195s 0%: 0.15+0.39+0.11 ms clock, 2.4+0.48/0.72/0+1.9 ms cpu, 3->4->1 MB, 4 MB goal, 0 MB stacks, 0 MB globals, 16 P
gc 804 @35.196s 0%: 0.12+0.61+0.11 ms clock, 2.0+0.56/0.94/0+1.8 ms cpu, 3->4->2 MB, 4 MB goal, 0 MB stacks, 0 MB globals, 16 P
gc 805 @35.198s 0%: 0.096+0.62+0.11 ms clock, 1.5+0.72/0.80/0+1.8 ms cpu, 3->4->1 MB, 4 MB goal, 0 MB stacks, 0 MB globals, 16 P
gc 806 @35.200s 0%: 0.11+0.54+0.085 ms clock, 1.7+0.55/0.80/0+1.3 ms cpu, 3->4->1 MB, 4 MB goal, 0 MB stacks, 0 MB globals, 16 P
gc 807 @35.201s 0%: 0.14+0.44+0.17 ms clock, 2.2+0.71/0.78/0.001+2.7 ms cpu, 3->4->1 MB, 4 MB goal, 0 MB stacks, 0 MB globals, 16 P
gc 808 @35.203s 0%: 0.12+0.55+0.11 ms clock, 1.9+0.53/0.85/0+1.8 ms cpu, 3->4->1 MB, 4 MB goal, 0 MB stacks, 0 MB globals, 16 P
gc 809 @35.204s 0%: 0.12+0.62+0.11 ms clock, 1.9+0.48/0.81/0+1.9 ms cpu, 3->4->1 MB, 4 MB goal, 0 MB stacks, 0 MB globals, 16 P
gc 810 @35.206s 0%: 0.10+0.52+0.16 ms clock, 1.6+0.63/0.82/0+2.6 ms cpu, 3->4->1 MB, 4 MB goal, 0 MB stacks, 0 MB globals, 16 P
gc 811 @35.208s 0%: 0.13+0.83+0.091 ms clock, 2.1+0.61/0.88/0+1.4 ms cpu, 3->4->2 MB, 4 MB goal, 0 MB stacks, 0 MB globals, 16 P
gc 812 @35.210s 0%: 0.13+0.77+0.097 ms clock, 2.0+0.69/0.98/0+1.5 ms cpu, 3->4->2 MB, 4 MB goal, 0 MB stacks, 0 MB globals, 16 P
gc 813 @35.212s 0%: 0.13+0.62+0.068 ms clock, 2.1+0.52/0.90/0+1.0 ms cpu, 4->4->1 MB, 4 MB goal, 0 MB stacks, 0 MB globals, 16 P
gc 814 @35.214s 0%: 0.12+0.65+0.098 ms clock, 2.0+0.61/0.84/0+1.5 ms cpu, 3->4->1 MB, 4 MB goal, 0 MB stacks, 0 MB globals, 16 P
gc 815 @35.215s 0%: 0.17+0.55+0.10 ms clock, 2.7+0.67/0.89/0+1.7 ms cpu, 3->4->1 MB, 4 MB goal, 0 MB stacks, 0 MB globals, 16 P
gc 816 @35.217s 0%: 0.091+0.56+0.057 ms clock, 1.4+0.56/0.83/0+0.92 ms cpu, 3->4->1 MB, 4 MB goal, 0 MB stacks, 0 MB globals, 16 P
gc 817 @35.218s 0%: 0.11+0.51+0.10 ms clock, 1.8+0.60/0.91/0.003+1.7 ms cpu, 3->4->1 MB, 4 MB goal, 0 MB stacks, 0 MB globals, 16 P
gc 818 @35.220s 0%: 0.15+0.57+0.18 ms clock, 2.5+0.53/0.77/0+2.9 ms cpu, 3->4->1 MB, 4 MB goal, 0 MB stacks, 0 MB globals, 16 P
gc 819 @35.222s 0%: 0.12+0.49+0.097 ms clock, 2.0+0.59/0.87/0+1.5 ms cpu, 3->4->1 MB, 4 MB goal, 0 MB stacks, 0 MB globals, 16 P
gc 820 @35.223s 0%: 0.071+0.71+0.10 ms clock, 1.1+0.57/0.75/0.051+1.6 ms cpu, 3->4->2 MB, 4 MB goal, 0 MB stacks, 0 MB globals, 16 P
gc 821 @35.225s 0%: 0.10+0.63+0.19 ms clock, 1.7+0.51/0.88/0+3.1 ms cpu, 3->4->2 MB, 4 MB goal, 0 MB stacks, 0 MB globals, 16 P
gc 822 @35.227s 0%: 0.12+0.62+0.079 ms clock, 1.9+0.45/0.94/0+1.2 ms cpu, 3->4->1 MB, 4 MB goal, 0 MB stacks, 0 MB globals, 16 P
gc 823 @35.229s 0%: 0.14+0.60+0.095 ms clock, 2.3+0.74/0.88/0+1.5 ms cpu, 3->4->2 MB, 4 MB goal, 0 MB stacks, 0 MB globals, 16 P
gc 824 @35.230s 0%: 0.20+0.64+0.12 ms clock, 3.2+0.72/0.86/0+2.0 ms cpu, 3->4->2 MB, 4 MB goal, 0 MB stacks, 0 MB globals, 16 P
gc 825 @35.232s 0%: 0.12+0.51+0.10 ms clock, 1.9+0.55/0.78/0+1.6 ms cpu, 4->4->1 MB, 4 MB goal, 0 MB stacks, 0 MB globals, 16 P
gc 826 @35.234s 0%: 0.12+0.69+0.057 ms clock, 1.9+0.63/0.88/0.003+0.91 ms cpu, 3->4->2 MB, 4 MB goal, 0 MB stacks, 0 MB globals, 16 P
gc 827 @35.236s 0%: 0.10+0.62+0.11 ms clock, 1.6+0.68/0.81/0+1.8 ms cpu, 3->4->1 MB, 4 MB goal, 0 MB stacks, 0 MB globals, 16 P
gc 828 @35.237s 0%: 0.14+0.61+0.060 ms clock, 2.3+0.65/0.86/0.022+0.96 ms cpu, 3->4->1 MB, 4 MB goal, 0 MB stacks, 0 MB globals, 16 P
gc 829 @35.239s 0%: 0.11+0.69+0.086 ms clock, 1.8+0.54/0.85/0.006+1.3 ms cpu, 3->4->2 MB, 4 MB goal, 0 MB stacks, 0 MB globals, 16 P
gc 830 @35.241s 0%: 0.13+0.62+0.064 ms clock, 2.0+0.72/0.86/0+1.0 ms cpu, 3->4->2 MB, 4 MB goal, 0 MB stacks, 0 MB globals, 16 P
gc 831 @35.243s 0%: 0.097+0.76+0.11 ms clock, 1.5+0.51/0.79/0.013+1.8 ms cpu, 3->4->2 MB, 4 MB goal, 0 MB stacks, 0 MB globals, 16 P
gc 832 @35.245s 0%: 0.13+0.51+0.098 ms clock, 2.0+0.59/0.86/0+1.5 ms cpu, 3->4->1 MB, 4 MB goal, 0 MB stacks, 0 MB globals, 16 P
gc 833 @35.246s 0%: 0.10+0.50+0.19 ms clock, 1.7+0.54/0.85/0.040+3.0 ms cpu, 3->4->1 MB, 4 MB goal, 0 MB stacks, 0 MB globals, 16 P
gc 834 @35.248s 0%: 0.14+0.54+0.10 ms clock, 2.2+0.57/0.84/0.037+1.6 ms cpu, 3->4->2 MB, 4 MB goal, 0 MB stacks, 0 MB globals, 16 P
gc 835 @35.250s 0%: 0.12+0.55+0.11 ms clock, 2.0+0.80/0.81/0.003+1.7 ms cpu, 3->4->1 MB, 4 MB goal, 0 MB stacks, 0 MB globals, 16 P
gc 836 @35.251s 0%: 0.12+0.49+0.12 ms clock, 1.9+0.60/0.85/0+2.0 ms cpu, 3->4->1 MB, 4 MB goal, 0 MB stacks, 0 MB globals, 16 P
gc 837 @35.253s 0%: 0.10+0.57+0.082 ms clock, 1.7+0.74/0.85/0+1.3 ms cpu, 3->4->1 MB, 4 MB goal, 0 MB stacks, 0 MB globals, 16 P
gc 838 @35.254s 0%: 0.17+0.53+0.061 ms clock, 2.7+0.48/0.86/0.021+0.98 ms cpu, 3->4->1 MB, 4 MB goal, 0 MB stacks, 0 MB globals, 16 P
gc 839 @35.256s 0%: 0.13+0.53+0.12 ms clock, 2.0+0.66/0.90/0+1.9 ms cpu, 3->3->1 MB, 4 MB goal, 0 MB stacks, 0 MB globals, 16 P
gc 840 @35.257s 0%: 0.14+0.50+0.10 ms clock, 2.2+0.67/0.82/0+1.6 ms cpu, 3->4->1 MB, 4 MB goal, 0 MB stacks, 0 MB globals, 16 P
gc 841 @35.259s 0%: 0.15+0.61+0.067 ms clock, 2.4+0.50/0.85/0+1.0 ms cpu, 3->4->1 MB, 4 MB goal, 0 MB stacks, 0 MB globals, 16 P
gc 842 @35.261s 0%: 0.14+0.54+0.12 ms clock, 2.2+0.51/0.94/0.077+2.0 ms cpu, 3->4->1 MB, 4 MB goal, 0 MB stacks, 0 MB globals, 16 P
gc 843 @35.262s 0%: 0.10+0.55+0.084 ms clock, 1.7+0.64/0.80/0+1.3 ms cpu, 3->4->1 MB, 4 MB goal, 0 MB stacks, 0 MB globals, 16 P
gc 844 @35.264s 0%: 0.12+0.52+0.14 ms clock, 1.9+0.66/0.72/0+2.3 ms cpu, 3->4->1 MB, 4 MB goal, 0 MB stacks, 0 MB globals, 16 P
gc 845 @35.265s 0%: 0.10+0.55+0.075 ms clock, 1.7+0.42/0.84/0+1.2 ms cpu, 3->4->1 MB, 4 MB goal, 0 MB stacks, 0 MB globals, 16 P
gc 846 @35.267s 0%: 0.10+0.61+0.10 ms clock, 1.6+0.66/0.88/0+1.7 ms cpu, 3->4->2 MB, 4 MB goal, 0 MB stacks, 0 MB globals, 16 P
gc 847 @35.269s 0%: 0.15+0.66+0.083 ms clock, 2.4+0.49/0.87/0+1.3 ms cpu, 3->4->2 MB, 4 MB goal, 0 MB stacks, 0 MB globals, 16 P
gc 848 @35.271s 0%: 0.095+0.61+0.055 ms clock, 1.5+0.52/0.86/0+0.88 ms cpu, 3->4->1 MB, 4 MB goal, 0 MB stacks, 0 MB globals, 16 P
gc 849 @35.272s 0%: 0.12+0.58+0.10 ms clock, 1.9+0.45/0.87/0.029+1.6 ms cpu, 3->4->1 MB, 4 MB goal, 0 MB stacks, 0 MB globals, 16 P
gc 850 @35.274s 0%: 0.10+0.57+0.13 ms clock, 1.7+0.57/0.94/0.042+2.1 ms cpu, 3->4->2 MB, 4 MB goal, 0 MB stacks, 0 MB globals, 16 P
gc 851 @35.276s 0%: 0.16+0.67+0.11 ms clock, 2.5+0.62/0.87/0+1.8 ms cpu, 3->4->2 MB, 4 MB goal, 0 MB stacks, 0 MB globals, 16 P
gc 852 @35.278s 0%: 0.12+0.70+0.10 ms clock, 2.0+0.62/0.95/0.001+1.6 ms cpu, 3->4->2 MB, 4 MB goal, 0 MB stacks, 0 MB globals, 16 P
gc 853 @35.280s 0%: 0.13+0.54+0.15 ms clock, 2.1+0.48/0.87/0.005+2.4 ms cpu, 3->4->1 MB, 4 MB goal, 0 MB stacks, 0 MB globals, 16 P
gc 854 @35.281s 0%: 0.17+0.65+0.10 ms clock, 2.8+0.52/0.79/0+1.6 ms cpu, 3->4->2 MB, 4 MB goal, 0 MB stacks, 0 MB globals, 16 P
gc 855 @35.283s 0%: 0.14+0.66+0.12 ms clock, 2.3+0.65/0.75/0.021+1.9 ms cpu, 3->4->2 MB, 4 MB goal, 0 MB stacks, 0 MB globals, 16 P
gc 856 @35.285s 0%: 0.11+0.67+0.063 ms clock, 1.8+0.55/0.82/0.033+1.0 ms cpu, 3->4->2 MB, 4 MB goal, 0 MB stacks, 0 MB globals, 16 P
gc 857 @35.287s 0%: 0.18+0.62+0.10 ms clock, 2.9+0.65/0.87/0+1.6 ms cpu, 3->4->2 MB, 4 MB goal, 0 MB stacks, 0 MB globals, 16 P
gc 858 @35.289s 0%: 0.14+0.49+0.12 ms clock, 2.2+0.55/0.88/0.005+1.9 ms cpu, 3->4->1 MB, 4 MB goal, 0 MB stacks, 0 MB globals, 16 P
gc 859 @35.290s 0%: 0.18+0.72+0.087 ms clock, 2.9+0.66/0.90/0.004+1.3 ms cpu, 3->4->2 MB, 4 MB goal, 0 MB stacks, 0 MB globals, 16 P
gc 860 @35.292s 0%: 0.15+0.46+0.12 ms clock, 2.5+0.68/0.80/0+2.0 ms cpu, 3->4->1 MB, 4 MB goal, 0 MB stacks, 0 MB globals, 16 P
gc 861 @35.294s 0%: 0.13+0.66+0.090 ms clock, 2.0+0.75/0.77/0+1.4 ms cpu, 3->4->1 MB, 4 MB goal, 0 MB stacks, 0 MB globals, 16 P
gc 862 @35.296s 0%: 0.089+0.47+0.21 ms clock, 1.4+0.46/0.84/0.016+3.4 ms cpu, 3->4->1 MB, 4 MB goal, 0 MB stacks, 0 MB globals, 16 P
gc 863 @35.297s 0%: 0.13+0.59+0.068 ms clock, 2.2+0.70/0.89/0.023+1.1 ms cpu, 3->4->1 MB, 4 MB goal, 0 MB stacks, 0 MB globals, 16 P
gc 864 @35.299s 0%: 0.10+0.47+0.16 ms clock, 1.6+0.49/0.81/0+2.5 ms cpu, 3->4->1 MB, 4 MB goal, 0 MB stacks, 0 MB globals, 16 P
gc 865 @35.300s 0%: 0.10+0.73+0.091 ms clock, 1.7+0.62/0.87/0+1.4 ms cpu, 3->4->2 MB, 4 MB goal, 0 MB stacks, 0 MB globals, 16 P
gc 866 @35.302s 0%: 0.19+0.50+0.093 ms clock, 3.1+0.51/0.80/0.014+1.4 ms cpu, 3->4->1 MB, 4 MB goal, 0 MB stacks, 0 MB globals, 16 P
gc 867 @35.304s 0%: 0.12+0.66+0.10 ms clock, 1.9+0.62/0.75/0.017+1.7 ms cpu, 3->4->2 MB, 4 MB goal, 0 MB stacks, 0 MB globals, 16 P
gc 868 @35.305s 0%: 0.086+0.61+0.097 ms clock, 1.3+0.68/0.87/0.032+1.5 ms cpu, 3->4->1 MB, 4 MB goal, 0 MB stacks, 0 MB globals, 16 P
gc 869 @35.307s 0%: 0.17+0.50+0.15 ms clock, 2.8+0.56/0.85/0+2.4 ms cpu, 3->4->1 MB, 4 MB goal, 0 MB stacks, 0 MB globals, 16 P
gc 870 @35.309s 0%: 0.12+0.57+0.11 ms clock, 1.9+0.63/0.78/0+1.8 ms cpu, 3->4->1 MB, 4 MB goal, 0 MB stacks, 0 MB globals, 16 P
gc 871 @35.310s 0%: 0.13+0.63+0.10 ms clock, 2.1+0.55/0.82/0+1.6 ms cpu, 3->4->1 MB, 4 MB goal, 0 MB stacks, 0 MB globals, 16 P
gc 872 @35.312s 0%: 0.12+0.58+0.076 ms clock, 1.9+0.54/0.83/0+1.2 ms cpu, 3->4->1 MB, 4 MB goal, 0 MB stacks, 0 MB globals, 16 P
gc 873 @35.314s 0%: 0.15+0.56+0.15 ms clock, 2.4+0.68/0.89/0.004+2.4 ms cpu, 3->4->1 MB, 4 MB goal, 0 MB stacks, 0 MB globals, 16 P
gc 874 @35.315s 0%: 0.13+0.42+0.15 ms clock, 2.1+0.64/0.75/0+2.4 ms cpu, 3->4->1 MB, 4 MB goal, 0 MB stacks, 0 MB globals, 16 P
gc 875 @35.317s 0%: 0.10+0.57+0.11 ms clock, 1.7+0.70/0.72/0+1.7 ms cpu, 3->4->1 MB, 4 MB goal, 0 MB stacks, 0 MB globals, 16 P
gc 876 @35.318s 0%: 0.12+0.72+0.055 ms clock, 2.0+0.50/0.93/0.003+0.88 ms cpu, 3->4->2 MB, 4 MB goal, 0 MB stacks, 0 MB globals, 16 P
gc 877 @35.320s 0%: 0.14+0.65+0.088 ms clock, 2.3+0.47/0.94/0+1.4 ms cpu, 3->4->1 MB, 4 MB goal, 0 MB stacks, 0 MB globals, 16 P
gc 878 @35.322s 0%: 0.10+0.77+0.19 ms clock, 1.7+0.66/0.85/0+3.1 ms cpu, 3->4->1 MB, 4 MB goal, 0 MB stacks, 0 MB globals, 16 P
gc 879 @35.324s 0%: 0.15+0.80+0.074 ms clock, 2.5+0.65/0.94/0.008+1.1 ms cpu, 3->4->2 MB, 4 MB goal, 0 MB stacks, 0 MB globals, 16 P
gc 880 @35.326s 0%: 0.11+0.60+0.11 ms clock, 1.8+0.59/0.75/0+1.7 ms cpu, 4->4->1 MB, 4 MB goal, 0 MB stacks, 0 MB globals, 16 P
gc 881 @35.327s 0%: 0.15+0.60+0.081 ms clock, 2.5+0.61/0.81/0+1.3 ms cpu, 3->4->2 MB, 4 MB goal, 0 MB stacks, 0 MB globals, 16 P
gc 882 @35.329s 0%: 0.10+0.65+0.13 ms clock, 1.6+0.60/0.73/0.076+2.1 ms cpu, 3->4->2 MB, 4 MB goal, 0 MB stacks, 0 MB globals, 16 P
gc 883 @35.331s 0%: 0.13+0.79+0.15 ms clock, 2.1+0.58/0.93/0+2.4 ms cpu, 3->4->2 MB, 4 MB goal, 0 MB stacks, 0 MB globals, 16 P
gc 884 @35.333s 0%: 0.10+0.55+0.13 ms clock, 1.7+0.54/0.82/0+2.0 ms cpu, 4->4->1 MB, 4 MB goal, 0 MB stacks, 0 MB globals, 16 P
gc 885 @35.335s 0%: 0.12+0.51+0.14 ms clock, 2.0+0.82/0.67/0+2.3 ms cpu, 3->4->1 MB, 4 MB goal, 0 MB stacks, 0 MB globals, 16 P
gc 886 @35.336s 0%: 0.14+0.51+0.12 ms clock, 2.3+0.44/0.82/0+1.9 ms cpu, 3->4->1 MB, 4 MB goal, 0 MB stacks, 0 MB globals, 16 P
gc 887 @35.338s 0%: 0.12+0.48+0.082 ms clock, 2.0+0.44/0.89/0.013+1.3 ms cpu, 3->4->1 MB, 4 MB goal, 0 MB stacks, 0 MB globals, 16 P
gc 888 @35.340s 0%: 0.12+0.75+0.094 ms clock, 2.0+0.57/0.96/0.017+1.5 ms cpu, 3->4->2 MB, 4 MB goal, 0 MB stacks, 0 MB globals, 16 P
gc 889 @35.342s 0%: 0.13+0.80+0.12 ms clock, 2.1+0.60/0.79/0+2.0 ms cpu, 4->4->2 MB, 4 MB goal, 0 MB stacks, 0 MB globals, 16 P
gc 890 @35.344s 0%: 0.12+0.52+0.11 ms clock, 2.0+0.51/0.77/0.025+1.8 ms cpu, 3->4->1 MB, 4 MB goal, 0 MB stacks, 0 MB globals, 16 P
gc 891 @35.345s 0%: 0.11+0.49+0.037 ms clock, 1.9+0.52/0.82/0+0.59 ms cpu, 3->4->1 MB, 4 MB goal, 0 MB stacks, 0 MB globals, 16 P
gc 892 @35.346s 0%: 0.13+0.63+0.099 ms clock, 2.1+0.70/0.85/0+1.5 ms cpu, 3->4->2 MB, 4 MB goal, 0 MB stacks, 0 MB globals, 16 P
gc 893 @35.348s 0%: 0.14+0.49+0.094 ms clock, 2.3+0.62/0.73/0+1.5 ms cpu, 3->4->1 MB, 4 MB goal, 0 MB stacks, 0 MB globals, 16 P
gc 894 @35.350s 0%: 0.087+0.65+0.093 ms clock, 1.4+0.46/0.91/0+1.5 ms cpu, 3->4->1 MB, 4 MB goal, 0 MB stacks, 0 MB globals, 16 P
gc 895 @35.352s 0%: 0.10+0.61+0.10 ms clock, 1.6+0.53/0.92/0+1.6 ms cpu, 3->4->1 MB, 4 MB goal, 0 MB stacks, 0 MB globals, 16 P
gc 896 @35.353s 0%: 0.15+0.62+0.10 ms clock, 2.4+0.58/0.85/0.003+1.6 ms cpu, 3->4->2 MB, 4 MB goal, 0 MB stacks, 0 MB globals, 16 P
gc 897 @35.355s 0%: 0.13+0.57+0.11 ms clock, 2.0+0.67/0.79/0.008+1.7 ms cpu, 3->4->1 MB, 4 MB goal, 0 MB stacks, 0 MB globals, 16 P
gc 898 @35.357s 0%: 0.14+0.61+0.14 ms clock, 2.2+0.74/0.80/0+2.3 ms cpu, 3->4->1 MB, 4 MB goal, 0 MB stacks, 0 MB globals, 16 P
gc 899 @35.358s 0%: 0.11+0.53+0.14 ms clock, 1.8+0.76/0.72/0.015+2.3 ms cpu, 3->4->1 MB, 4 MB goal, 0 MB stacks, 0 MB globals, 16 P
gc 900 @35.360s 0%: 0.12+0.50+0.15 ms clock, 1.9+0.65/0.83/0+2.4 ms cpu, 3->4->1 MB, 4 MB goal, 0 MB stacks, 0 MB globals, 16 P
gc 901 @35.361s 0%: 0.12+0.47+0.11 ms clock, 2.0+0.67/0.84/0+1.7 ms cpu, 3->4->1 MB, 4 MB goal, 0 MB stacks, 0 MB globals, 16 P
gc 902 @35.363s 0%: 0.14+0.56+0.073 ms clock, 2.3+0.49/0.74/0+1.1 ms cpu, 3->4->1 MB, 4 MB goal, 0 MB stacks, 0 MB globals, 16 P
gc 903 @35.364s 0%: 0.10+0.56+0.042 ms clock, 1.7+0.58/0.80/0+0.68 ms cpu, 3->4->1 MB, 4 MB goal, 0 MB stacks, 0 MB globals, 16 P
gc 904 @35.366s 0%: 0.12+0.84+0.10 ms clock, 1.9+0.73/0.87/0.021+1.7 ms cpu, 3->4->2 MB, 4 MB goal, 0 MB stacks, 0 MB globals, 16 P
gc 905 @35.368s 0%: 0.092+0.58+0.084 ms clock, 1.4+0.51/0.81/0+1.3 ms cpu, 3->4->1 MB, 4 MB goal, 0 MB stacks, 0 MB globals, 16 P
gc 906 @35.369s 0%: 0.11+0.48+0.18 ms clock, 1.7+0.79/0.71/0+3.0 ms cpu, 3->4->1 MB, 4 MB goal, 0 MB stacks, 0 MB globals, 16 P
gc 907 @35.371s 0%: 0.10+0.52+0.064 ms clock, 1.6+0.52/0.80/0.016+1.0 ms cpu, 3->4->1 MB, 4 MB goal, 0 MB stacks, 0 MB globals, 16 P
gc 908 @35.372s 0%: 0.16+0.58+0.10 ms clock, 2.6+0.53/0.87/0+1.7 ms cpu, 3->4->1 MB, 4 MB goal, 0 MB stacks, 0 MB globals, 16 P
gc 909 @35.374s 0%: 0.10+0.59+0.12 ms clock, 1.7+0.60/0.89/0.001+2.0 ms cpu, 3->4->1 MB, 4 MB goal, 0 MB stacks, 0 MB globals, 16 P
gc 910 @35.376s 0%: 0.13+0.64+0.085 ms clock, 2.0+0.52/0.93/0.005+1.3 ms cpu, 3->4->1 MB, 4 MB goal, 0 MB stacks, 0 MB globals, 16 P
gc 911 @35.377s 0%: 0.17+0.42+0.13 ms clock, 2.7+0.69/0.76/0+2.1 ms cpu, 3->4->1 MB, 4 MB goal, 0 MB stacks, 0 MB globals, 16 P
gc 912 @35.379s 0%: 0.11+0.71+0.079 ms clock, 1.8+0.59/0.90/0+1.2 ms cpu, 3->4->2 MB, 4 MB goal, 0 MB stacks, 0 MB globals, 16 P
gc 913 @35.381s 0%: 0.12+0.72+0.043 ms clock, 2.0+0.55/0.83/0+0.69 ms cpu, 3->4->2 MB, 4 MB goal, 0 MB stacks, 0 MB globals, 16 P
gc 914 @35.383s 0%: 0.12+0.77+0.11 ms clock, 1.9+0.49/0.90/0.069+1.8 ms cpu, 3->4->2 MB, 4 MB goal, 0 MB stacks, 0 MB globals, 16 P
gc 915 @35.385s 0%: 0.10+0.61+0.11 ms clock, 1.7+0.60/0.76/0+1.7 ms cpu, 3->4->1 MB, 4 MB goal, 0 MB stacks, 0 MB globals, 16 P
gc 916 @35.386s 0%: 0.11+0.62+0.088 ms clock, 1.7+0.61/0.79/0.050+1.4 ms cpu, 3->4->1 MB, 4 MB goal, 0 MB stacks, 0 MB globals, 16 P
gc 917 @35.388s 0%: 0.13+0.51+0.13 ms clock, 2.1+0.70/0.78/0+2.1 ms cpu, 3->4->1 MB, 4 MB goal, 0 MB stacks, 0 MB globals, 16 P
gc 918 @35.390s 0%: 0.12+0.62+0.10 ms clock, 1.9+0.45/1.0/0+1.6 ms cpu, 3->4->2 MB, 4 MB goal, 0 MB stacks, 0 MB globals, 16 P
gc 919 @35.391s 0%: 0.12+0.50+0.15 ms clock, 1.9+0.51/0.91/0.002+2.5 ms cpu, 3->4->1 MB, 4 MB goal, 0 MB stacks, 0 MB globals, 16 P
gc 920 @35.393s 0%: 0.14+0.62+0.13 ms clock, 2.2+0.66/0.78/0.016+2.2 ms cpu, 3->4->2 MB, 4 MB goal, 0 MB stacks, 0 MB globals, 16 P
gc 921 @35.395s 0%: 0.15+0.60+0.089 ms clock, 2.5+0.56/0.93/0+1.4 ms cpu, 3->4->2 MB, 4 MB goal, 0 MB stacks, 0 MB globals, 16 P
gc 922 @35.396s 0%: 0.12+0.62+0.10 ms clock, 1.9+0.53/0.89/0.003+1.6 ms cpu, 3->4->1 MB, 4 MB goal, 0 MB stacks, 0 MB globals, 16 P
gc 923 @35.398s 0%: 0.15+0.56+0.078 ms clock, 2.5+0.52/0.96/0.010+1.2 ms cpu, 3->4->1 MB, 4 MB goal, 0 MB stacks, 0 MB globals, 16 P
gc 924 @35.400s 0%: 0.21+0.58+0.10 ms clock, 3.4+0.67/0.84/0+1.6 ms cpu, 3->4->2 MB, 4 MB goal, 0 MB stacks, 0 MB globals, 16 P
gc 925 @35.402s 0%: 0.13+0.60+0.13 ms clock, 2.1+0.52/0.97/0.006+2.1 ms cpu, 3->4->1 MB, 4 MB goal, 0 MB stacks, 0 MB globals, 16 P
gc 926 @35.403s 0%: 0.12+0.54+0.11 ms clock, 1.9+0.57/0.84/0+1.9 ms cpu, 3->4->2 MB, 4 MB goal, 0 MB stacks, 0 MB globals, 16 P
gc 927 @35.405s 0%: 0.16+0.60+0.083 ms clock, 2.6+0.63/0.79/0.030+1.3 ms cpu, 3->4->2 MB, 4 MB goal, 0 MB stacks, 0 MB globals, 16 P
gc 928 @35.407s 0%: 0.16+0.62+0.074 ms clock, 2.5+0.56/0.83/0+1.1 ms cpu, 3->4->2 MB, 4 MB goal, 0 MB stacks, 0 MB globals, 16 P
gc 929 @35.409s 0%: 0.14+0.52+0.15 ms clock, 2.2+0.61/0.87/0+2.4 ms cpu, 3->4->1 MB, 4 MB goal, 0 MB stacks, 0 MB globals, 16 P
gc 930 @35.411s 0%: 0.081+0.59+0.11 ms clock, 1.3+0.50/0.86/0+1.7 ms cpu, 3->4->2 MB, 4 MB goal, 0 MB stacks, 0 MB globals, 16 P
gc 931 @35.412s 0%: 0.12+0.56+0.085 ms clock, 1.9+0.61/0.90/0.007+1.3 ms cpu, 3->4->1 MB, 4 MB goal, 0 MB stacks, 0 MB globals, 16 P
gc 932 @35.414s 0%: 0.13+0.78+0.087 ms clock, 2.0+0.59/0.80/0+1.3 ms cpu, 3->4->2 MB, 4 MB goal, 0 MB stacks, 0 MB globals, 16 P
gc 933 @35.416s 0%: 0.16+0.58+0.16 ms clock, 2.5+0.51/0.83/0.027+2.6 ms cpu, 3->4->2 MB, 4 MB goal, 0 MB stacks, 0 MB globals, 16 P
gc 934 @35.418s 0%: 0.099+0.56+0.084 ms clock, 1.5+0.60/0.80/0+1.3 ms cpu, 3->4->1 MB, 4 MB goal, 0 MB stacks, 0 MB globals, 16 P
gc 935 @35.419s 0%: 0.11+0.65+0.097 ms clock, 1.9+0.70/0.80/0+1.5 ms cpu, 3->4->2 MB, 4 MB goal, 0 MB stacks, 0 MB globals, 16 P
gc 936 @35.421s 0%: 0.10+0.83+0.12 ms clock, 1.6+0.55/0.85/0.005+2.0 ms cpu, 3->4->2 MB, 4 MB goal, 0 MB stacks, 0 MB globals, 16 P
gc 937 @35.423s 0%: 0.10+0.53+0.097 ms clock, 1.7+0.43/0.88/0.002+1.5 ms cpu, 4->4->1 MB, 4 MB goal, 0 MB stacks, 0 MB globals, 16 P
gc 938 @35.425s 0%: 0.15+0.54+0.12 ms clock, 2.4+0.53/0.92/0.004+2.0 ms cpu, 3->4->2 MB, 4 MB goal, 0 MB stacks, 0 MB globals, 16 P
gc 939 @35.427s 0%: 0.15+0.60+0.099 ms clock, 2.4+0.60/0.77/0.040+1.5 ms cpu, 3->4->1 MB, 4 MB goal, 0 MB stacks, 0 MB globals, 16 P
gc 940 @35.428s 0%: 0.11+0.56+0.13 ms clock, 1.8+0.50/0.85/0+2.2 ms cpu, 3->4->1 MB, 4 MB goal, 0 MB stacks, 0 MB globals, 16 P
gc 941 @35.430s 0%: 0.11+0.52+0.10 ms clock, 1.9+0.55/0.94/0.007+1.6 ms cpu, 3->4->1 MB, 4 MB goal, 0 MB stacks, 0 MB globals, 16 P
gc 942 @35.431s 0%: 0.19+0.69+0.084 ms clock, 3.0+0.56/0.73/0.015+1.3 ms cpu, 3->4->2 MB, 4 MB goal, 0 MB stacks, 0 MB globals, 16 P
gc 943 @35.433s 0%: 0.12+0.63+0.14 ms clock, 1.9+0.55/0.85/0.044+2.2 ms cpu, 3->4->2 MB, 4 MB goal, 0 MB stacks, 0 MB globals, 16 P
gc 944 @35.435s 0%: 0.14+0.66+0.10 ms clock, 2.3+0.68/0.94/0+1.6 ms cpu, 3->4->2 MB, 4 MB goal, 0 MB stacks, 0 MB globals, 16 P
gc 945 @35.437s 0%: 0.11+0.63+0.091 ms clock, 1.8+0.56/0.87/0+1.4 ms cpu, 3->4->1 MB, 4 MB goal, 0 MB stacks, 0 MB globals, 16 P
gc 946 @35.439s 0%: 0.11+0.48+0.14 ms clock, 1.8+0.65/0.81/0+2.2 ms cpu, 3->4->1 MB, 4 MB goal, 0 MB stacks, 0 MB globals, 16 P
gc 947 @35.440s 0%: 0.14+0.58+0.13 ms clock, 2.3+0.69/0.84/0.031+2.1 ms cpu, 3->4->2 MB, 4 MB goal, 0 MB stacks, 0 MB globals, 16 P
gc 948 @35.442s 0%: 0.11+0.62+0.12 ms clock, 1.8+0.60/0.90/0.009+2.0 ms cpu, 3->4->1 MB, 4 MB goal, 0 MB stacks, 0 MB globals, 16 P
gc 949 @35.444s 0%: 0.17+0.52+0.10 ms clock, 2.8+0.61/0.83/0.002+1.6 ms cpu, 3->4->1 MB, 4 MB goal, 0 MB stacks, 0 MB globals, 16 P
gc 950 @35.445s 0%: 0.098+0.52+0.077 ms clock, 1.5+0.56/0.78/0.019+1.2 ms cpu, 3->4->1 MB, 4 MB goal, 0 MB stacks, 0 MB globals, 16 P
gc 951 @35.447s 0%: 0.11+0.46+0.11 ms clock, 1.8+0.71/0.72/0.057+1.8 ms cpu, 3->4->1 MB, 4 MB goal, 0 MB stacks, 0 MB globals, 16 P
gc 952 @35.448s 0%: 0.10+0.63+0.11 ms clock, 1.6+0.55/0.90/0+1.8 ms cpu, 3->4->2 MB, 4 MB goal, 0 MB stacks, 0 MB globals, 16 P
gc 953 @35.450s 0%: 0.14+0.50+0.079 ms clock, 2.3+0.41/0.84/0+1.2 ms cpu, 3->4->1 MB, 4 MB goal, 0 MB stacks, 0 MB globals, 16 P
gc 954 @35.452s 0%: 0.19+0.73+0.12 ms clock, 3.0+0.70/0.80/0+2.0 ms cpu, 3->4->2 MB, 4 MB goal, 0 MB stacks, 0 MB globals, 16 P
gc 955 @35.454s 0%: 0.11+0.66+0.10 ms clock, 1.8+0.69/0.84/0+1.6 ms cpu, 4->4->2 MB, 4 MB goal, 0 MB stacks, 0 MB globals, 16 P
gc 956 @35.456s 0%: 0.11+0.63+0.10 ms clock, 1.8+0.45/0.98/0+1.6 ms cpu, 3->4->2 MB, 4 MB goal, 0 MB stacks, 0 MB globals, 16 P
gc 957 @35.457s 0%: 0.16+0.53+0.11 ms clock, 2.6+0.70/0.77/0+1.8 ms cpu, 3->4->1 MB, 4 MB goal, 0 MB stacks, 0 MB globals, 16 P
gc 958 @35.459s 0%: 0.10+0.56+0.12 ms clock, 1.6+0.51/0.89/0.017+1.9 ms cpu, 3->4->1 MB, 4 MB goal, 0 MB stacks, 0 MB globals, 16 P
gc 959 @35.461s 0%: 0.16+0.73+0.092 ms clock, 2.6+0.66/0.91/0+1.4 ms cpu, 3->4->2 MB, 4 MB goal, 0 MB stacks, 0 MB globals, 16 P
gc 960 @35.463s 0%: 0.11+0.57+0.10 ms clock, 1.8+0.59/0.90/0+1.7 ms cpu, 4->4->2 MB, 4 MB goal, 0 MB stacks, 0 MB globals, 16 P
gc 961 @35.464s 0%: 0.11+0.59+0.10 ms clock, 1.8+0.59/0.95/0+1.6 ms cpu, 3->4->1 MB, 4 MB goal, 0 MB stacks, 0 MB globals, 16 P
gc 962 @35.466s 0%: 0.11+0.72+0.086 ms clock, 1.8+0.68/0.91/0+1.3 ms cpu, 3->4->1 MB, 4 MB goal, 0 MB stacks, 0 MB globals, 16 P
gc 963 @35.468s 0%: 0.10+0.76+0.095 ms clock, 1.6+0.52/0.97/0.010+1.5 ms cpu, 3->4->2 MB, 4 MB goal, 0 MB stacks, 0 MB globals, 16 P
gc 964 @35.470s 0%: 0.14+0.68+0.12 ms clock, 2.3+0.62/0.88/0+1.9 ms cpu, 3->4->2 MB, 4 MB goal, 0 MB stacks, 0 MB globals, 16 P
gc 965 @35.472s 0%: 0.15+0.53+0.12 ms clock, 2.4+0.50/0.85/0.011+1.9 ms cpu, 3->4->1 MB, 4 MB goal, 0 MB stacks, 0 MB globals, 16 P
gc 966 @35.473s 0%: 0.12+0.69+0.086 ms clock, 1.9+0.65/0.92/0+1.3 ms cpu, 3->4->2 MB, 4 MB goal, 0 MB stacks, 0 MB globals, 16 P
gc 967 @35.475s 0%: 0.12+0.44+0.10 ms clock, 2.0+0.63/0.75/0+1.6 ms cpu, 3->4->1 MB, 4 MB goal, 0 MB stacks, 0 MB globals, 16 P
gc 968 @35.476s 0%: 0.12+0.51+0.13 ms clock, 2.0+0.57/0.87/0.036+2.1 ms cpu, 3->4->1 MB, 4 MB goal, 0 MB stacks, 0 MB globals, 16 P
gc 969 @35.478s 0%: 0.13+0.58+0.12 ms clock, 2.1+0.40/0.88/0.028+2.0 ms cpu, 3->4->2 MB, 4 MB goal, 0 MB stacks, 0 MB globals, 16 P
gc 970 @35.480s 0%: 0.15+0.67+0.12 ms clock, 2.4+0.63/1.0/0+1.9 ms cpu, 3->4->2 MB, 4 MB goal, 0 MB stacks, 0 MB globals, 16 P
gc 971 @35.482s 0%: 0.13+0.66+0.096 ms clock, 2.1+0.70/0.77/0+1.5 ms cpu, 3->4->1 MB, 4 MB goal, 0 MB stacks, 0 MB globals, 16 P
gc 972 @35.483s 0%: 0.13+0.71+0.095 ms clock, 2.1+0.43/0.83/0.11+1.5 ms cpu, 3->4->2 MB, 4 MB goal, 0 MB stacks, 0 MB globals, 16 P
gc 973 @35.485s 0%: 0.14+0.45+0.13 ms clock, 2.2+0.54/0.76/0+2.1 ms cpu, 3->4->1 MB, 4 MB goal, 0 MB stacks, 0 MB globals, 16 P
gc 974 @35.487s 0%: 0.14+0.80+0.093 ms clock, 2.2+0.65/0.99/0.005+1.4 ms cpu, 3->4->2 MB, 4 MB goal, 0 MB stacks, 0 MB globals, 16 P
gc 975 @35.489s 0%: 0.13+0.65+0.11 ms clock, 2.1+0.48/0.83/0+1.8 ms cpu, 4->4->2 MB, 4 MB goal, 0 MB stacks, 0 MB globals, 16 P
gc 976 @35.491s 0%: 0.15+0.56+0.17 ms clock, 2.5+0.61/0.84/0.091+2.7 ms cpu, 3->4->2 MB, 4 MB goal, 0 MB stacks, 0 MB globals, 16 P
gc 977 @35.493s 0%: 0.14+0.63+0.066 ms clock, 2.3+0.43/0.82/0+1.0 ms cpu, 3->4->1 MB, 4 MB goal, 0 MB stacks, 0 MB globals, 16 P
gc 978 @35.494s 0%: 0.13+0.80+0.11 ms clock, 2.1+0.69/0.93/0.037+1.7 ms cpu, 3->4->2 MB, 4 MB goal, 0 MB stacks, 0 MB globals, 16 P
gc 979 @35.496s 0%: 0.21+0.51+0.20 ms clock, 3.3+0.57/0.80/0+3.2 ms cpu, 3->4->2 MB, 4 MB goal, 0 MB stacks, 0 MB globals, 16 P
gc 980 @35.498s 0%: 0.11+0.69+0.16 ms clock, 1.8+0.68/0.89/0.014+2.6 ms cpu, 3->4->2 MB, 4 MB goal, 0 MB stacks, 0 MB globals, 16 P
gc 981 @35.500s 0%: 0.11+0.60+0.14 ms clock, 1.7+0.54/0.89/0.010+2.3 ms cpu, 3->4->1 MB, 4 MB goal, 0 MB stacks, 0 MB globals, 16 P
gc 982 @35.502s 0%: 0.13+0.51+0.17 ms clock, 2.0+0.71/0.69/0+2.7 ms cpu, 3->4->1 MB, 4 MB goal, 0 MB stacks, 0 MB globals, 16 P
gc 983 @35.503s 0%: 0.20+0.50+0.17 ms clock, 3.2+0.46/0.73/0.052+2.7 ms cpu, 3->4->1 MB, 4 MB goal, 0 MB stacks, 0 MB globals, 16 P
gc 984 @35.505s 0%: 0.12+0.45+0.12 ms clock, 1.9+0.48/0.77/0.064+2.0 ms cpu, 3->3->1 MB, 4 MB goal, 0 MB stacks, 0 MB globals, 16 P
gc 985 @35.506s 0%: 0.16+0.82+0.043 ms clock, 2.6+0.58/0.83/0+0.69 ms cpu, 3->4->2 MB, 4 MB goal, 0 MB stacks, 0 MB globals, 16 P
gc 986 @35.508s 0%: 0.13+0.69+0.020 ms clock, 2.0+0.57/0.81/0+0.32 ms cpu, 3->4->2 MB, 4 MB goal, 0 MB stacks, 0 MB globals, 16 P
gc 987 @35.510s 0%: 0.10+0.38+0.19 ms clock, 1.7+0.61/0.70/0+3.1 ms cpu, 3->4->1 MB, 4 MB goal, 0 MB stacks, 0 MB globals, 16 P
gc 988 @35.511s 0%: 0.12+0.60+0.15 ms clock, 2.0+0.66/0.93/0+2.4 ms cpu, 3->4->2 MB, 4 MB goal, 0 MB stacks, 0 MB globals, 16 P
gc 989 @35.513s 0%: 0.10+0.65+0.17 ms clock, 1.6+0.51/0.78/0+2.8 ms cpu, 3->4->1 MB, 4 MB goal, 0 MB stacks, 0 MB globals, 16 P
gc 990 @35.515s 0%: 0.18+0.81+0.018 ms clock, 2.9+0.56/0.79/0+0.29 ms cpu, 3->4->2 MB, 4 MB goal, 0 MB stacks, 0 MB globals, 16 P
gc 991 @35.517s 0%: 0.13+0.64+0.071 ms clock, 2.2+0.71/0.87/0+1.1 ms cpu, 3->4->1 MB, 4 MB goal, 0 MB stacks, 0 MB globals, 16 P
gc 992 @35.518s 0%: 0.092+0.56+0.066 ms clock, 1.4+0.50/0.75/0+1.0 ms cpu, 3->4->1 MB, 4 MB goal, 0 MB stacks, 0 MB globals, 16 P
gc 993 @35.520s 0%: 0.14+0.57+0.094 ms clock, 2.3+0.59/0.70/0.018+1.5 ms cpu, 3->4->1 MB, 4 MB goal, 0 MB stacks, 0 MB globals, 16 P
gc 994 @35.522s 0%: 0.12+0.61+0.094 ms clock, 2.0+0.49/0.88/0+1.5 ms cpu, 3->4->1 MB, 4 MB goal, 0 MB stacks, 0 MB globals, 16 P
gc 995 @35.523s 0%: 0.12+0.62+0.13 ms clock, 1.9+0.65/0.96/0+2.2 ms cpu, 3->4->2 MB, 4 MB goal, 0 MB stacks, 0 MB globals, 16 P
gc 996 @35.525s 0%: 0.14+0.75+0.12 ms clock, 2.3+0.48/0.91/0.004+1.9 ms cpu, 3->4->2 MB, 4 MB goal, 0 MB stacks, 0 MB globals, 16 P
gc 997 @35.527s 0%: 0.15+0.51+0.15 ms clock, 2.5+0.68/0.78/0.033+2.4 ms cpu, 4->4->1 MB, 4 MB goal, 0 MB stacks, 0 MB globals, 16 P
gc 998 @35.529s 0%: 0.12+0.51+0.12 ms clock, 2.0+0.59/0.87/0.012+2.0 ms cpu, 3->4->1 MB, 4 MB goal, 0 MB stacks, 0 MB globals, 16 P
gc 999 @35.531s 0%: 0.17+0.54+0.082 ms clock, 2.8+0.55/0.89/0+1.3 ms cpu, 3->4->2 MB, 4 MB goal, 0 MB stacks, 0 MB globals, 16 P
gc 1000 @35.532s 0%: 0.11+0.47+0.12 ms clock, 1.7+0.55/0.77/0+1.9 ms cpu, 3->4->1 MB, 4 MB goal, 0 MB stacks, 0 MB globals, 16 P
gc 1001 @35.534s 0%: 0.10+0.62+0.092 ms clock, 1.7+0.53/0.95/0+1.4 ms cpu, 3->4->1 MB, 4 MB goal, 0 MB stacks, 0 MB globals, 16 P
gc 1002 @35.535s 0%: 0.12+0.45+0.099 ms clock, 2.0+0.57/0.77/0+1.5 ms cpu, 3->4->1 MB, 4 MB goal, 0 MB stacks, 0 MB globals, 16 P
gc 1003 @35.537s 0%: 0.15+0.36+0.092 ms clock, 2.5+0.61/0.63/0.11+1.4 ms cpu, 3->3->1 MB, 4 MB goal, 0 MB stacks, 0 MB globals, 16 P
gc 1004 @35.538s 0%: 0.18+0.55+0.16 ms clock, 2.9+0.54/0.81/0.044+2.6 ms cpu, 3->4->1 MB, 4 MB goal, 0 MB stacks, 0 MB globals, 16 P
gc 1005 @35.540s 0%: 0.13+0.70+0.093 ms clock, 2.2+0.58/0.76/0+1.4 ms cpu, 3->4->2 MB, 4 MB goal, 0 MB stacks, 0 MB globals, 16 P
gc 1006 @35.542s 0%: 0.17+0.55+0.084 ms clock, 2.7+0.51/0.83/0+1.3 ms cpu, 3->4->1 MB, 4 MB goal, 0 MB stacks, 0 MB globals, 16 P
gc 1007 @35.544s 0%: 0.10+0.61+0.10 ms clock, 1.7+0.72/0.90/0.003+1.7 ms cpu, 3->4->1 MB, 4 MB goal, 0 MB stacks, 0 MB globals, 16 P
gc 1008 @35.545s 0%: 0.089+0.49+0.034 ms clock, 1.4+0.48/0.82/0.006+0.54 ms cpu, 3->4->1 MB, 4 MB goal, 0 MB stacks, 0 MB globals, 16 P
gc 1009 @35.547s 0%: 0.17+0.39+0.16 ms clock, 2.8+0.58/0.66/0.10+2.6 ms cpu, 3->3->1 MB, 4 MB goal, 0 MB stacks, 0 MB globals, 16 P
gc 1010 @35.548s 0%: 0.15+0.52+0.14 ms clock, 2.4+0.61/0.95/0.001+2.2 ms cpu, 3->3->1 MB, 4 MB goal, 0 MB stacks, 0 MB globals, 16 P
gc 1011 @35.550s 0%: 0.15+0.60+0.097 ms clock, 2.5+0.55/0.94/0+1.5 ms cpu, 3->4->1 MB, 4 MB goal, 0 MB stacks, 0 MB globals, 16 P
gc 1012 @35.551s 0%: 0.10+0.59+0.040 ms clock, 1.7+0.67/0.79/0.007+0.64 ms cpu, 3->4->1 MB, 4 MB goal, 0 MB stacks, 0 MB globals, 16 P
gc 1013 @35.553s 0%: 0.11+0.58+0.074 ms clock, 1.8+0.45/0.86/0+1.1 ms cpu, 3->4->1 MB, 4 MB goal, 0 MB stacks, 0 MB globals, 16 P
gc 1014 @35.554s 0%: 0.10+0.58+0.083 ms clock, 1.6+0.47/0.83/0.008+1.3 ms cpu, 3->4->1 MB, 4 MB goal, 0 MB stacks, 0 MB globals, 16 P
gc 1015 @35.556s 0%: 0.10+0.59+0.066 ms clock, 1.7+0.47/0.73/0+1.0 ms cpu, 3->4->1 MB, 4 MB goal, 0 MB stacks, 0 MB globals, 16 P
gc 1016 @35.558s 0%: 0.11+0.58+0.074 ms clock, 1.8+0.64/0.91/0+1.1 ms cpu, 3->4->2 MB, 4 MB goal, 0 MB stacks, 0 MB globals, 16 P
gc 1017 @35.559s 0%: 0.15+0.54+0.18 ms clock, 2.4+0.59/0.69/0+2.9 ms cpu, 3->4->1 MB, 4 MB goal, 0 MB stacks, 0 MB globals, 16 P
gc 1018 @35.561s 0%: 0.19+0.56+0.13 ms clock, 3.0+0.47/0.78/0+2.1 ms cpu, 3->4->2 MB, 4 MB goal, 0 MB stacks, 0 MB globals, 16 P
gc 1019 @35.563s 0%: 0.14+0.54+0.081 ms clock, 2.2+0.46/0.77/0+1.3 ms cpu, 3->4->1 MB, 4 MB goal, 0 MB stacks, 0 MB globals, 16 P
gc 1020 @35.564s 0%: 0.10+0.56+0.073 ms clock, 1.7+0.53/0.96/0+1.1 ms cpu, 3->4->1 MB, 4 MB goal, 0 MB stacks, 0 MB globals, 16 P
gc 1021 @35.566s 0%: 0.14+0.62+0.13 ms clock, 2.2+0.77/0.74/0.005+2.2 ms cpu, 3->4->2 MB, 4 MB goal, 0 MB stacks, 0 MB globals, 16 P
gc 1022 @35.568s 0%: 0.13+0.71+0.098 ms clock, 2.1+0.58/0.79/0+1.5 ms cpu, 3->4->2 MB, 4 MB goal, 0 MB stacks, 0 MB globals, 16 P
gc 1023 @35.570s 0%: 0.10+0.76+0.084 ms clock, 1.6+0.54/0.86/0.003+1.3 ms cpu, 3->4->2 MB, 4 MB goal, 0 MB stacks, 0 MB globals, 16 P
gc 1024 @35.571s 0%: 0.17+0.47+0.14 ms clock, 2.7+0.52/0.83/0+2.3 ms cpu, 3->4->1 MB, 4 MB goal, 0 MB stacks, 0 MB globals, 16 P
gc 1025 @35.573s 0%: 0.11+0.50+0.16 ms clock, 1.7+0.52/0.88/0+2.6 ms cpu, 3->4->1 MB, 4 MB goal, 0 MB stacks, 0 MB globals, 16 P
gc 1026 @35.575s 0%: 0.10+0.61+0.12 ms clock, 1.6+0.60/0.91/0.014+2.0 ms cpu, 3->4->2 MB, 4 MB goal, 0 MB stacks, 0 MB globals, 16 P
gc 1027 @35.576s 0%: 0.15+0.74+0.098 ms clock, 2.5+0.65/0.82/0+1.5 ms cpu, 3->4->2 MB, 4 MB goal, 0 MB stacks, 0 MB globals, 16 P
gc 1028 @35.578s 0%: 0.11+0.46+0.12 ms clock, 1.8+0.55/0.76/0+2.0 ms cpu, 3->4->1 MB, 4 MB goal, 0 MB stacks, 0 MB globals, 16 P
gc 1029 @35.580s 0%: 0.15+0.56+0.091 ms clock, 2.4+0.72/0.86/0+1.4 ms cpu, 3->4->1 MB, 4 MB goal, 0 MB stacks, 0 MB globals, 16 P
gc 1030 @35.582s 0%: 0.10+0.52+0.067 ms clock, 1.7+0.57/0.86/0.023+1.0 ms cpu, 3->4->1 MB, 4 MB goal, 0 MB stacks, 0 MB globals, 16 P
gc 1031 @35.583s 0%: 0.11+0.49+0.065 ms clock, 1.8+0.53/0.86/0.002+1.0 ms cpu, 3->3->1 MB, 4 MB goal, 0 MB stacks, 0 MB globals, 16 P
gc 1032 @35.585s 0%: 0.11+0.58+0.10 ms clock, 1.9+0.61/0.87/0.008+1.6 ms cpu, 3->4->1 MB, 4 MB goal, 0 MB stacks, 0 MB globals, 16 P
gc 1033 @35.586s 0%: 0.13+0.57+0.10 ms clock, 2.0+0.67/0.89/0+1.6 ms cpu, 3->4->1 MB, 4 MB goal, 0 MB stacks, 0 MB globals, 16 P
gc 1034 @35.588s 0%: 0.18+0.55+0.15 ms clock, 2.8+0.61/0.88/0+2.4 ms cpu, 3->4->1 MB, 4 MB goal, 0 MB stacks, 0 MB globals, 16 P
gc 1035 @35.590s 0%: 0.17+0.70+0.12 ms clock, 2.7+0.76/0.85/0+2.0 ms cpu, 3->4->2 MB, 4 MB goal, 0 MB stacks, 0 MB globals, 16 P
gc 1036 @35.592s 0%: 0.12+0.60+0.056 ms clock, 2.0+0.57/0.78/0+0.90 ms cpu, 4->4->1 MB, 4 MB goal, 0 MB stacks, 0 MB globals, 16 P
gc 1037 @35.593s 0%: 0.12+0.62+0.067 ms clock, 1.9+0.62/0.87/0.003+1.0 ms cpu, 3->4->1 MB, 4 MB goal, 0 MB stacks, 0 MB globals, 16 P
gc 1038 @35.595s 0%: 0.13+0.60+0.070 ms clock, 2.1+0.67/0.87/0+1.1 ms cpu, 3->4->1 MB, 4 MB goal, 0 MB stacks, 0 MB globals, 16 P
gc 1039 @35.597s 0%: 0.088+0.65+0.092 ms clock, 1.4+0.46/0.86/0+1.4 ms cpu, 3->4->1 MB, 4 MB goal, 0 MB stacks, 0 MB globals, 16 P
gc 1040 @35.598s 0%: 0.12+0.46+0.11 ms clock, 2.0+0.56/0.81/0+1.7 ms cpu, 3->4->1 MB, 4 MB goal, 0 MB stacks, 0 MB globals, 16 P
gc 1041 @35.600s 0%: 0.12+0.49+0.067 ms clock, 2.0+0.59/0.85/0+1.0 ms cpu, 3->4->1 MB, 4 MB goal, 0 MB stacks, 0 MB globals, 16 P
gc 1042 @35.601s 0%: 0.10+0.53+0.14 ms clock, 1.7+0.48/0.76/0.017+2.3 ms cpu, 3->4->1 MB, 4 MB goal, 0 MB stacks, 0 MB globals, 16 P
gc 1043 @35.603s 0%: 0.098+0.47+0.10 ms clock, 1.5+0.42/0.92/0+1.7 ms cpu, 3->4->1 MB, 4 MB goal, 0 MB stacks, 0 MB globals, 16 P
gc 1044 @35.604s 0%: 0.15+0.76+0.088 ms clock, 2.4+0.50/0.79/0+1.4 ms cpu, 3->4->1 MB, 4 MB goal, 0 MB stacks, 0 MB globals, 16 P
gc 1045 @35.606s 0%: 0.15+0.50+0.078 ms clock, 2.5+0.40/0.80/0+1.2 ms cpu, 3->4->1 MB, 4 MB goal, 0 MB stacks, 0 MB globals, 16 P
gc 1046 @35.608s 0%: 0.10+0.58+0.074 ms clock, 1.6+0.51/0.77/0.028+1.1 ms cpu, 3->4->2 MB, 4 MB goal, 0 MB stacks, 0 MB globals, 16 P
gc 1047 @35.609s 0%: 0.092+0.53+0.073 ms clock, 1.4+0.66/0.88/0+1.1 ms cpu, 3->4->1 MB, 4 MB goal, 0 MB stacks, 0 MB globals, 16 P
gc 1048 @35.611s 0%: 0.12+0.60+0.098 ms clock, 2.0+0.44/0.89/0.086+1.5 ms cpu, 3->4->1 MB, 4 MB goal, 0 MB stacks, 0 MB globals, 16 P
gc 1049 @35.613s 0%: 0.13+0.65+0.086 ms clock, 2.0+0.61/0.82/0+1.3 ms cpu, 3->4->2 MB, 4 MB goal, 0 MB stacks, 0 MB globals, 16 P
gc 1050 @35.614s 0%: 0.14+0.53+0.11 ms clock, 2.3+0.69/0.86/0.005+1.8 ms cpu, 3->4->1 MB, 4 MB goal, 0 MB stacks, 0 MB globals, 16 P
gc 1051 @35.616s 0%: 0.11+0.66+0.11 ms clock, 1.8+0.59/0.86/0+1.9 ms cpu, 3->4->2 MB, 4 MB goal, 0 MB stacks, 0 MB globals, 16 P
gc 1052 @35.618s 0%: 0.14+0.47+0.098 ms clock, 2.2+0.64/0.77/0.002+1.5 ms cpu, 3->4->1 MB, 4 MB goal, 0 MB stacks, 0 MB globals, 16 P
gc 1053 @35.620s 0%: 0.10+0.48+0.096 ms clock, 1.7+0.63/0.79/0+1.5 ms cpu, 3->4->1 MB, 4 MB goal, 0 MB stacks, 0 MB globals, 16 P
gc 1054 @35.621s 0%: 0.13+0.51+0.12 ms clock, 2.1+0.76/0.80/0.002+1.9 ms cpu, 3->4->1 MB, 4 MB goal, 0 MB stacks, 0 MB globals, 16 P
gc 1055 @35.623s 0%: 0.14+0.50+0.12 ms clock, 2.3+0.62/0.79/0+1.9 ms cpu, 3->4->1 MB, 4 MB goal, 0 MB stacks, 0 MB globals, 16 P
gc 1056 @35.624s 0%: 0.12+0.62+0.090 ms clock, 2.0+0.49/0.84/0+1.4 ms cpu, 3->4->1 MB, 4 MB goal, 0 MB stacks, 0 MB globals, 16 P
gc 1057 @35.626s 0%: 0.19+0.64+0.089 ms clock, 3.1+0.50/0.81/0+1.4 ms cpu, 3->4->2 MB, 4 MB goal, 0 MB stacks, 0 MB globals, 16 P
gc 1058 @35.628s 0%: 0.11+0.56+0.084 ms clock, 1.8+0.61/0.92/0+1.3 ms cpu, 3->4->1 MB, 4 MB goal, 0 MB stacks, 0 MB globals, 16 P
gc 1059 @35.629s 0%: 0.10+0.48+0.11 ms clock, 1.6+0.58/0.79/0+1.8 ms cpu, 3->4->1 MB, 4 MB goal, 0 MB stacks, 0 MB globals, 16 P
gc 1060 @35.631s 0%: 0.10+0.79+0.10 ms clock, 1.7+0.59/0.79/0+1.6 ms cpu, 3->4->2 MB, 4 MB goal, 0 MB stacks, 0 MB globals, 16 P
gc 1061 @35.633s 0%: 0.087+0.54+0.13 ms clock, 1.4+0.47/0.92/0.024+2.2 ms cpu, 3->4->1 MB, 4 MB goal, 0 MB stacks, 0 MB globals, 16 P
gc 1062 @35.634s 0%: 0.14+0.63+0.11 ms clock, 2.2+0.63/0.96/0.019+1.8 ms cpu, 3->4->2 MB, 4 MB goal, 0 MB stacks, 0 MB globals, 16 P
gc 1063 @35.636s 0%: 0.17+0.50+0.046 ms clock, 2.7+0.55/0.75/0+0.74 ms cpu, 3->4->1 MB, 4 MB goal, 0 MB stacks, 0 MB globals, 16 P
gc 1064 @35.637s 0%: 0.15+0.59+0.12 ms clock, 2.5+0.75/0.76/0.001+2.0 ms cpu, 3->4->2 MB, 4 MB goal, 0 MB stacks, 0 MB globals, 16 P
gc 1065 @35.639s 0%: 0.12+0.60+0.095 ms clock, 1.9+0.54/0.93/0+1.5 ms cpu, 3->4->1 MB, 4 MB goal, 0 MB stacks, 0 MB globals, 16 P
gc 1066 @35.641s 0%: 0.12+0.56+0.15 ms clock, 1.9+0.62/0.72/0+2.5 ms cpu, 3->4->1 MB, 4 MB goal, 0 MB stacks, 0 MB globals, 16 P
gc 1067 @35.643s 0%: 0.13+0.62+0.052 ms clock, 2.1+0.42/0.86/0+0.84 ms cpu, 3->4->2 MB, 4 MB goal, 0 MB stacks, 0 MB globals, 16 P
gc 1068 @35.644s 0%: 0.10+0.57+0.12 ms clock, 1.7+0.48/0.83/0+1.9 ms cpu, 3->4->1 MB, 4 MB goal, 0 MB stacks, 0 MB globals, 16 P
gc 1069 @35.646s 0%: 0.16+0.60+0.19 ms clock, 2.5+0.40/0.94/0+3.1 ms cpu, 3->4->2 MB, 4 MB goal, 0 MB stacks, 0 MB globals, 16 P
gc 1070 @35.648s 0%: 0.10+0.77+0.062 ms clock, 1.7+0.44/1.0/0+0.99 ms cpu, 3->4->2 MB, 4 MB goal, 0 MB stacks, 0 MB globals, 16 P
gc 1071 @35.650s 0%: 0.14+0.61+0.10 ms clock, 2.2+0.65/0.66/0+1.7 ms cpu, 3->4->2 MB, 4 MB goal, 0 MB stacks, 0 MB globals, 16 P
gc 1072 @35.651s 0%: 0.13+0.70+0.14 ms clock, 2.2+0.49/0.94/0.037+2.3 ms cpu, 3->4->2 MB, 4 MB goal, 0 MB stacks, 0 MB globals, 16 P
gc 1073 @35.653s 0%: 0.11+0.63+0.12 ms clock, 1.8+0.42/0.89/0+2.0 ms cpu, 3->4->1 MB, 4 MB goal, 0 MB stacks, 0 MB globals, 16 P
gc 1074 @35.655s 0%: 0.16+0.55+0.12 ms clock, 2.7+0.65/0.76/0+2.0 ms cpu, 3->4->1 MB, 4 MB goal, 0 MB stacks, 0 MB globals, 16 P
gc 1075 @35.657s 0%: 0.10+0.65+0.12 ms clock, 1.6+0.60/0.80/0.003+1.9 ms cpu, 3->4->1 MB, 4 MB goal, 0 MB stacks, 0 MB globals, 16 P
gc 1076 @35.658s 0%: 0.18+0.71+0.065 ms clock, 2.9+0.66/0.85/0+1.0 ms cpu, 3->4->2 MB, 4 MB goal, 0 MB stacks, 0 MB globals, 16 P
gc 1077 @35.660s 0%: 0.12+0.55+0.10 ms clock, 1.9+0.50/0.83/0.002+1.6 ms cpu, 3->4->1 MB, 4 MB goal, 0 MB stacks, 0 MB globals, 16 P
gc 1078 @35.662s 0%: 0.16+0.67+0.071 ms clock, 2.6+0.54/0.86/0+1.1 ms cpu, 3->4->2 MB, 4 MB goal, 0 MB stacks, 0 MB globals, 16 P
gc 1079 @35.664s 0%: 0.14+0.63+0.090 ms clock, 2.3+0.52/0.94/0+1.4 ms cpu, 3->4->2 MB, 4 MB goal, 0 MB stacks, 0 MB globals, 16 P
gc 1080 @35.665s 0%: 0.15+0.73+0.083 ms clock, 2.5+0.63/0.80/0.011+1.3 ms cpu, 3->4->2 MB, 4 MB goal, 0 MB stacks, 0 MB globals, 16 P
gc 1081 @35.667s 0%: 0.12+0.60+0.16 ms clock, 2.0+0.64/0.86/0.001+2.5 ms cpu, 3->4->2 MB, 4 MB goal, 0 MB stacks, 0 MB globals, 16 P
gc 1082 @35.669s 0%: 0.10+0.60+0.045 ms clock, 1.6+0.51/0.86/0+0.72 ms cpu, 3->4->1 MB, 4 MB goal, 0 MB stacks, 0 MB globals, 16 P
gc 1083 @35.671s 0%: 0.091+0.57+0.078 ms clock, 1.4+0.64/0.87/0+1.2 ms cpu, 3->4->1 MB, 4 MB goal, 0 MB stacks, 0 MB globals, 16 P
gc 1084 @35.672s 0%: 0.13+0.72+0.091 ms clock, 2.1+0.68/1.0/0.003+1.4 ms cpu, 3->4->2 MB, 4 MB goal, 0 MB stacks, 0 MB globals, 16 P
gc 1085 @35.674s 0%: 0.13+0.67+0.079 ms clock, 2.1+0.59/0.86/0+1.2 ms cpu, 3->4->2 MB, 4 MB goal, 0 MB stacks, 0 MB globals, 16 P
gc 1086 @35.676s 0%: 0.12+0.71+0.056 ms clock, 1.9+0.56/0.80/0+0.91 ms cpu, 3->4->2 MB, 4 MB goal, 0 MB stacks, 0 MB globals, 16 P
gc 1087 @35.678s 0%: 0.18+0.53+0.14 ms clock, 2.8+0.67/0.80/0+2.3 ms cpu, 3->4->2 MB, 4 MB goal, 0 MB stacks, 0 MB globals, 16 P
gc 1088 @35.680s 0%: 0.14+0.65+0.10 ms clock, 2.3+0.47/0.80/0+1.6 ms cpu, 3->4->2 MB, 4 MB goal, 0 MB stacks, 0 MB globals, 16 P
gc 1089 @35.682s 0%: 0.12+0.70+0.12 ms clock, 1.9+0.71/0.96/0.002+2.0 ms cpu, 3->4->2 MB, 4 MB goal, 0 MB stacks, 0 MB globals, 16 P
gc 1090 @35.684s 0%: 0.14+0.47+0.10 ms clock, 2.3+0.40/0.73/0.016+1.7 ms cpu, 3->4->1 MB, 4 MB goal, 0 MB stacks, 0 MB globals, 16 P
gc 1091 @35.685s 0%: 0.12+0.60+0.063 ms clock, 1.9+0.51/1.0/0.004+1.0 ms cpu, 3->4->2 MB, 4 MB goal, 0 MB stacks, 0 MB globals, 16 P
gc 1092 @35.687s 0%: 0.13+0.61+0.13 ms clock, 2.2+0.60/0.96/0.013+2.2 ms cpu, 3->4->2 MB, 4 MB goal, 0 MB stacks, 0 MB globals, 16 P
gc 1093 @35.688s 0%: 0.10+0.51+0.15 ms clock, 1.6+0.52/0.86/0+2.5 ms cpu, 3->4->1 MB, 4 MB goal, 0 MB stacks, 0 MB globals, 16 P
gc 1094 @35.690s 0%: 0.19+0.57+0.12 ms clock, 3.0+0.59/0.87/0.008+2.0 ms cpu, 3->4->2 MB, 4 MB goal, 0 MB stacks, 0 MB globals, 16 P
gc 1095 @35.692s 0%: 0.11+0.64+0.066 ms clock, 1.8+0.55/0.91/0.043+1.0 ms cpu, 3->4->2 MB, 4 MB goal, 0 MB stacks, 0 MB globals, 16 P
gc 1096 @35.694s 0%: 0.10+0.75+0.11 ms clock, 1.6+0.63/1.0/0+1.8 ms cpu, 3->4->2 MB, 4 MB goal, 0 MB stacks, 0 MB globals, 16 P
gc 1097 @35.696s 0%: 0.14+0.64+0.057 ms clock, 2.2+0.59/0.82/0.075+0.91 ms cpu, 3->4->1 MB, 4 MB goal, 0 MB stacks, 0 MB globals, 16 P
gc 1098 @35.697s 0%: 0.12+0.50+0.11 ms clock, 2.0+0.60/0.85/0.072+1.8 ms cpu, 3->4->1 MB, 4 MB goal, 0 MB stacks, 0 MB globals, 16 P
gc 1099 @35.699s 0%: 0.14+0.51+0.20 ms clock, 2.3+0.51/0.72/0.050+3.2 ms cpu, 3->4->1 MB, 4 MB goal, 0 MB stacks, 0 MB globals, 16 P
gc 1100 @35.700s 0%: 0.11+0.68+0.044 ms clock, 1.7+0.52/0.83/0+0.71 ms cpu, 3->4->2 MB, 4 MB goal, 0 MB stacks, 0 MB globals, 16 P
gc 1101 @35.702s 0%: 0.12+0.52+0.12 ms clock, 1.9+0.69/0.80/0.001+2.0 ms cpu, 3->4->1 MB, 4 MB goal, 0 MB stacks, 0 MB globals, 16 P
gc 1102 @35.704s 0%: 0.092+0.57+0.080 ms clock, 1.4+0.59/0.88/0+1.2 ms cpu, 3->4->1 MB, 4 MB goal, 0 MB stacks, 0 MB globals, 16 P
gc 1103 @35.705s 0%: 0.15+0.47+0.13 ms clock, 2.4+0.59/0.78/0+2.1 ms cpu, 3->4->1 MB, 4 MB goal, 0 MB stacks, 0 MB globals, 16 P
gc 1104 @35.707s 0%: 0.11+0.52+0.10 ms clock, 1.8+0.55/0.82/0+1.6 ms cpu, 3->4->1 MB, 4 MB goal, 0 MB stacks, 0 MB globals, 16 P
gc 1105 @35.709s 0%: 0.10+0.67+0.13 ms clock, 1.7+0.63/0.83/0+2.2 ms cpu, 3->4->2 MB, 4 MB goal, 0 MB stacks, 0 MB globals, 16 P
gc 1106 @35.710s 0%: 0.10+0.70+0.10 ms clock, 1.7+0.52/0.91/0.012+1.7 ms cpu, 3->4->1 MB, 4 MB goal, 0 MB stacks, 0 MB globals, 16 P
gc 1107 @35.712s 0%: 0.15+0.70+0.11 ms clock, 2.4+0.69/0.76/0+1.7 ms cpu, 3->4->1 MB, 4 MB goal, 0 MB stacks, 0 MB globals, 16 P
gc 1108 @35.714s 0%: 0.12+0.69+0.11 ms clock, 1.9+0.62/0.94/0+1.7 ms cpu, 3->4->2 MB, 4 MB goal, 0 MB stacks, 0 MB globals, 16 P
gc 1109 @35.716s 0%: 0.16+0.84+0.10 ms clock, 2.5+0.62/0.84/0+1.6 ms cpu, 3->4->2 MB, 4 MB goal, 0 MB stacks, 0 MB globals, 16 P
gc 1110 @35.718s 0%: 0.16+0.63+0.14 ms clock, 2.7+0.64/0.95/0+2.2 ms cpu, 4->4->2 MB, 4 MB goal, 0 MB stacks, 0 MB globals, 16 P
gc 1111 @35.720s 0%: 0.14+0.53+0.13 ms clock, 2.3+0.64/0.92/0+2.1 ms cpu, 3->4->1 MB, 4 MB goal, 0 MB stacks, 0 MB globals, 16 P
gc 1112 @35.721s 0%: 0.13+0.54+0.11 ms clock, 2.1+0.68/0.81/0+1.8 ms cpu, 3->4->1 MB, 4 MB goal, 0 MB stacks, 0 MB globals, 16 P
gc 1113 @35.723s 0%: 0.11+0.53+0.062 ms clock, 1.7+0.59/0.72/0.038+1.0 ms cpu, 3->4->1 MB, 4 MB goal, 0 MB stacks, 0 MB globals, 16 P
gc 1114 @35.724s 0%: 0.12+0.60+0.10 ms clock, 1.9+0.68/0.67/0+1.7 ms cpu, 3->4->1 MB, 4 MB goal, 0 MB stacks, 0 MB globals, 16 P
gc 1115 @35.726s 0%: 0.16+0.51+0.085 ms clock, 2.6+0.61/0.89/0+1.3 ms cpu, 3->4->1 MB, 4 MB goal, 0 MB stacks, 0 MB globals, 16 P
gc 1116 @35.728s 0%: 0.13+0.43+0.15 ms clock, 2.1+0.56/0.62/0.052+2.5 ms cpu, 3->4->1 MB, 4 MB goal, 0 MB stacks, 0 MB globals, 16 P
gc 1117 @35.729s 0%: 0.095+0.57+0.13 ms clock, 1.5+0.52/0.92/0+2.1 ms cpu, 3->4->1 MB, 4 MB goal, 0 MB stacks, 0 MB globals, 16 P
gc 1118 @35.731s 0%: 0.11+0.64+0.074 ms clock, 1.7+0.69/0.74/0+1.1 ms cpu, 3->4->1 MB, 4 MB goal, 0 MB stacks, 0 MB globals, 16 P
gc 1119 @35.733s 0%: 0.13+0.67+0.057 ms clock, 2.0+0.62/0.73/0+0.91 ms cpu, 3->4->1 MB, 4 MB goal, 0 MB stacks, 0 MB globals, 16 P
gc 1120 @35.734s 0%: 0.092+0.50+0.11 ms clock, 1.4+0.53/0.73/0+1.8 ms cpu, 3->4->1 MB, 4 MB goal, 0 MB stacks, 0 MB globals, 16 P
gc 1121 @35.736s 0%: 0.11+0.67+0.059 ms clock, 1.8+0.76/0.85/0+0.95 ms cpu, 3->4->2 MB, 4 MB goal, 0 MB stacks, 0 MB globals, 16 P
gc 1122 @35.738s 0%: 0.15+0.44+0.15 ms clock, 2.4+0.63/0.77/0.014+2.4 ms cpu, 3->4->1 MB, 4 MB goal, 0 MB stacks, 0 MB globals, 16 P
gc 1123 @35.739s 0%: 0.12+0.61+0.093 ms clock, 2.0+0.65/0.85/0+1.4 ms cpu, 3->4->1 MB, 4 MB goal, 0 MB stacks, 0 MB globals, 16 P
gc 1124 @35.741s 0%: 0.13+0.47+0.11 ms clock, 2.0+0.56/0.83/0+1.7 ms cpu, 3->4->1 MB, 4 MB goal, 0 MB stacks, 0 MB globals, 16 P
gc 1125 @35.742s 0%: 0.077+0.52+0.094 ms clock, 1.2+0.56/0.77/0+1.5 ms cpu, 3->4->1 MB, 4 MB goal, 0 MB stacks, 0 MB globals, 16 P
gc 1126 @35.744s 0%: 0.082+0.60+0.073 ms clock, 1.3+0.48/0.77/0+1.1 ms cpu, 3->3->1 MB, 4 MB goal, 0 MB stacks, 0 MB globals, 16 P
gc 1127 @35.745s 0%: 0.18+0.62+0.093 ms clock, 2.9+0.60/0.72/0+1.5 ms cpu, 3->4->2 MB, 4 MB goal, 0 MB stacks, 0 MB globals, 16 P
gc 1128 @35.747s 0%: 0.13+0.58+0.13 ms clock, 2.0+0.41/0.77/0.029+2.2 ms cpu, 3->4->2 MB, 4 MB goal, 0 MB stacks, 0 MB globals, 16 P
gc 1129 @35.749s 0%: 0.10+0.62+0.10 ms clock, 1.7+0.56/0.80/0+1.7 ms cpu, 3->4->1 MB, 4 MB goal, 0 MB stacks, 0 MB globals, 16 P
gc 1130 @35.750s 0%: 0.17+0.59+0.10 ms clock, 2.7+0.57/0.78/0+1.6 ms cpu, 3->4->2 MB, 4 MB goal, 0 MB stacks, 0 MB globals, 16 P
gc 1131 @35.752s 0%: 0.18+0.46+0.087 ms clock, 2.9+0.51/0.92/0+1.4 ms cpu, 3->4->1 MB, 4 MB goal, 0 MB stacks, 0 MB globals, 16 P
gc 1132 @35.754s 0%: 0.10+0.68+0.076 ms clock, 1.6+0.57/0.84/0.035+1.2 ms cpu, 3->4->1 MB, 4 MB goal, 0 MB stacks, 0 MB globals, 16 P
gc 1133 @35.755s 0%: 0.14+0.65+0.080 ms clock, 2.2+0.61/0.75/0+1.2 ms cpu, 3->4->1 MB, 4 MB goal, 0 MB stacks, 0 MB globals, 16 P
gc 1134 @35.757s 0%: 0.11+0.50+0.15 ms clock, 1.8+0.67/0.77/0+2.4 ms cpu, 3->4->1 MB, 4 MB goal, 0 MB stacks, 0 MB globals, 16 P
gc 1135 @35.759s 0%: 0.10+0.48+0.14 ms clock, 1.7+0.48/0.80/0+2.2 ms cpu, 3->4->1 MB, 4 MB goal, 0 MB stacks, 0 MB globals, 16 P
gc 1136 @35.760s 0%: 0.13+0.54+0.096 ms clock, 2.0+0.47/0.85/0.007+1.5 ms cpu, 3->4->1 MB, 4 MB goal, 0 MB stacks, 0 MB globals, 16 P
gc 1137 @35.762s 0%: 0.15+0.64+0.12 ms clock, 2.4+0.63/0.87/0+1.9 ms cpu, 3->4->2 MB, 4 MB goal, 0 MB stacks, 0 MB globals, 16 P
gc 1138 @35.764s 0%: 0.12+0.54+0.12 ms clock, 1.9+0.58/0.85/0.004+2.0 ms cpu, 3->4->1 MB, 4 MB goal, 0 MB stacks, 0 MB globals, 16 P
gc 1139 @35.765s 0%: 0.10+0.48+0.12 ms clock, 1.6+0.56/0.74/0+1.9 ms cpu, 3->4->1 MB, 4 MB goal, 0 MB stacks, 0 MB globals, 16 P
gc 1140 @35.767s 0%: 0.11+0.55+0.12 ms clock, 1.8+0.60/0.81/0+2.0 ms cpu, 3->4->1 MB, 4 MB goal, 0 MB stacks, 0 MB globals, 16 P
gc 1141 @35.768s 0%: 0.15+0.54+0.13 ms clock, 2.4+0.64/0.84/0.005+2.1 ms cpu, 3->4->1 MB, 4 MB goal, 0 MB stacks, 0 MB globals, 16 P
gc 1142 @35.770s 0%: 0.14+0.73+0.078 ms clock, 2.3+0.71/0.77/0+1.2 ms cpu, 3->4->2 MB, 4 MB goal, 0 MB stacks, 0 MB globals, 16 P
gc 1143 @35.772s 0%: 0.11+0.56+0.16 ms clock, 1.8+0.68/0.75/0+2.6 ms cpu, 3->4->1 MB, 4 MB goal, 0 MB stacks, 0 MB globals, 16 P
gc 1144 @35.773s 0%: 0.16+0.84+0.063 ms clock, 2.6+0.67/0.83/0+1.0 ms cpu, 3->4->2 MB, 4 MB goal, 0 MB stacks, 0 MB globals, 16 P
gc 1145 @35.775s 0%: 0.16+0.62+0.098 ms clock, 2.6+0.54/0.83/0+1.5 ms cpu, 4->4->2 MB, 4 MB goal, 0 MB stacks, 0 MB globals, 16 P
gc 1146 @35.777s 0%: 0.16+0.57+0.13 ms clock, 2.7+0.50/0.80/0.032+2.1 ms cpu, 3->4->1 MB, 4 MB goal, 0 MB stacks, 0 MB globals, 16 P
gc 1147 @35.779s 0%: 0.093+0.71+0.078 ms clock, 1.5+0.61/0.83/0+1.2 ms cpu, 3->4->2 MB, 4 MB goal, 0 MB stacks, 0 MB globals, 16 P
gc 1148 @35.781s 0%: 0.15+0.83+0.10 ms clock, 2.4+0.60/0.84/0.004+1.6 ms cpu, 3->4->2 MB, 4 MB goal, 0 MB stacks, 0 MB globals, 16 P
gc 1149 @35.783s 0%: 0.10+0.54+0.099 ms clock, 1.6+0.49/0.70/0.16+1.5 ms cpu, 4->4->1 MB, 5 MB goal, 0 MB stacks, 0 MB globals, 16 P
gc 1150 @35.785s 0%: 0.13+0.68+0.062 ms clock, 2.1+0.58/0.97/0+0.99 ms cpu, 3->4->2 MB, 4 MB goal, 0 MB stacks, 0 MB globals, 16 P
gc 1151 @35.786s 0%: 0.14+0.52+0.15 ms clock, 2.2+0.55/0.78/0+2.4 ms cpu, 3->4->1 MB, 4 MB goal, 0 MB stacks, 0 MB globals, 16 P
gc 1152 @35.788s 0%: 0.13+0.49+0.13 ms clock, 2.0+0.52/0.77/0.002+2.0 ms cpu, 3->4->1 MB, 4 MB goal, 0 MB stacks, 0 MB globals, 16 P
gc 1153 @35.790s 0%: 0.14+0.81+0.10 ms clock, 2.3+0.65/0.76/0+1.6 ms cpu, 3->4->2 MB, 4 MB goal, 0 MB stacks, 0 MB globals, 16 P
gc 1154 @35.791s 0%: 0.19+0.52+0.15 ms clock, 3.0+0.52/0.74/0.10+2.4 ms cpu, 3->4->2 MB, 4 MB goal, 0 MB stacks, 0 MB globals, 16 P
gc 1155 @35.793s 0%: 0.12+0.47+0.088 ms clock, 1.9+0.65/0.72/0+1.4 ms cpu, 3->4->1 MB, 4 MB goal, 0 MB stacks, 0 MB globals, 16 P
gc 1156 @35.795s 0%: 0.17+0.75+0.10 ms clock, 2.8+0.54/0.85/0+1.6 ms cpu, 3->4->2 MB, 4 MB goal, 0 MB stacks, 0 MB globals, 16 P
gc 1157 @35.797s 0%: 0.13+0.53+0.13 ms clock, 2.2+0.56/0.79/0+2.1 ms cpu, 3->4->1 MB, 4 MB goal, 0 MB stacks, 0 MB globals, 16 P
gc 1158 @35.798s 0%: 0.14+0.56+0.10 ms clock, 2.3+0.57/0.81/0+1.6 ms cpu, 3->4->2 MB, 4 MB goal, 0 MB stacks, 0 MB globals, 16 P
gc 1159 @35.800s 0%: 0.14+0.59+0.094 ms clock, 2.3+0.47/0.92/0.005+1.5 ms cpu, 3->4->2 MB, 4 MB goal, 0 MB stacks, 0 MB globals, 16 P
gc 1160 @35.802s 0%: 0.10+0.53+0.13 ms clock, 1.7+0.52/0.79/0+2.1 ms cpu, 3->4->1 MB, 4 MB goal, 0 MB stacks, 0 MB globals, 16 P
gc 1161 @35.804s 0%: 0.12+0.56+0.17 ms clock, 1.9+0.57/0.86/0+2.7 ms cpu, 3->4->1 MB, 4 MB goal, 0 MB stacks, 0 MB globals, 16 P
gc 1162 @35.805s 0%: 0.10+0.51+0.14 ms clock, 1.6+0.52/0.86/0+2.2 ms cpu, 3->4->1 MB, 4 MB goal, 0 MB stacks, 0 MB globals, 16 P
gc 1163 @35.807s 0%: 0.13+0.49+0.090 ms clock, 2.1+0.57/0.80/0.002+1.4 ms cpu, 3->4->1 MB, 4 MB goal, 0 MB stacks, 0 MB globals, 16 P
gc 1164 @35.808s 0%: 0.15+0.63+0.079 ms clock, 2.4+0.57/0.80/0.034+1.2 ms cpu, 3->4->1 MB, 4 MB goal, 0 MB stacks, 0 MB globals, 16 P
gc 1165 @35.810s 0%: 0.12+0.54+0.12 ms clock, 2.0+0.49/0.78/0.097+1.9 ms cpu, 3->4->1 MB, 4 MB goal, 0 MB stacks, 0 MB globals, 16 P
gc 1166 @35.812s 0%: 0.11+0.48+0.11 ms clock, 1.8+0.64/0.77/0.002+1.7 ms cpu, 3->4->1 MB, 4 MB goal, 0 MB stacks, 0 MB globals, 16 P
gc 1167 @35.813s 0%: 0.12+0.53+0.086 ms clock, 1.9+0.55/0.75/0.006+1.3 ms cpu, 3->4->1 MB, 4 MB goal, 0 MB stacks, 0 MB globals, 16 P
gc 1168 @35.815s 0%: 0.18+0.55+0.13 ms clock, 2.9+0.68/0.72/0.002+2.1 ms cpu, 3->4->2 MB, 4 MB goal, 0 MB stacks, 0 MB globals, 16 P
gc 1169 @35.816s 0%: 0.19+0.55+0.11 ms clock, 3.1+0.58/0.72/0+1.8 ms cpu, 3->4->1 MB, 4 MB goal, 0 MB stacks, 0 MB globals, 16 P
gc 1170 @35.818s 0%: 0.12+0.57+0.10 ms clock, 1.9+0.59/0.75/0.031+1.6 ms cpu, 3->4->1 MB, 4 MB goal, 0 MB stacks, 0 MB globals, 16 P
gc 1171 @35.820s 0%: 0.11+0.69+0.090 ms clock, 1.9+0.71/0.81/0+1.4 ms cpu, 3->4->2 MB, 4 MB goal, 0 MB stacks, 0 MB globals, 16 P
gc 1172 @35.821s 0%: 0.16+0.45+0.10 ms clock, 2.5+0.59/0.69/0.033+1.6 ms cpu, 3->4->1 MB, 4 MB goal, 0 MB stacks, 0 MB globals, 16 P
gc 1173 @35.823s 0%: 0.12+0.52+0.099 ms clock, 1.9+0.51/0.73/0.005+1.5 ms cpu, 3->3->1 MB, 4 MB goal, 0 MB stacks, 0 MB globals, 16 P
gc 1174 @35.824s 0%: 0.11+0.50+0.12 ms clock, 1.8+0.55/0.89/0.006+2.0 ms cpu, 3->4->1 MB, 4 MB goal, 0 MB stacks, 0 MB globals, 16 P
gc 1175 @35.826s 0%: 0.12+0.39+0.10 ms clock, 2.0+0.59/0.76/0+1.6 ms cpu, 3->4->1 MB, 4 MB goal, 0 MB stacks, 0 MB globals, 16 P
gc 1176 @35.827s 0%: 0.13+0.64+0.069 ms clock, 2.2+0.57/0.86/0+1.1 ms cpu, 3->4->2 MB, 4 MB goal, 0 MB stacks, 0 MB globals, 16 P
gc 1177 @35.829s 0%: 0.11+0.48+0.090 ms clock, 1.7+0.62/0.77/0+1.4 ms cpu, 3->4->1 MB, 4 MB goal, 0 MB stacks, 0 MB globals, 16 P
gc 1178 @35.831s 0%: 0.088+0.46+0.10 ms clock, 1.4+0.58/0.69/0+1.6 ms cpu, 3->3->1 MB, 4 MB goal, 0 MB stacks, 0 MB globals, 16 P
gc 1179 @35.832s 0%: 0.13+0.79+0.048 ms clock, 2.1+0.57/0.81/0+0.76 ms cpu, 3->4->2 MB, 4 MB goal, 0 MB stacks, 0 MB globals, 16 P
gc 1180 @35.834s 0%: 0.13+0.64+0.085 ms clock, 2.2+0.57/0.73/0+1.3 ms cpu, 3->4->1 MB, 4 MB goal, 0 MB stacks, 0 MB globals, 16 P
gc 1181 @35.836s 0%: 0.14+0.53+0.10 ms clock, 2.2+0.50/0.84/0+1.6 ms cpu, 3->4->1 MB, 4 MB goal, 0 MB stacks, 0 MB globals, 16 P
gc 1182 @35.837s 0%: 0.12+0.49+0.14 ms clock, 1.9+0.53/0.79/0.004+2.3 ms cpu, 3->4->1 MB, 4 MB goal, 0 MB stacks, 0 MB globals, 16 P
gc 1183 @35.839s 0%: 0.11+0.46+0.099 ms clock, 1.8+0.57/0.74/0.018+1.5 ms cpu, 3->4->1 MB, 4 MB goal, 0 MB stacks, 0 MB globals, 16 P
gc 1184 @35.840s 0%: 0.14+0.48+0.12 ms clock, 2.2+0.65/0.74/0+1.9 ms cpu, 3->4->1 MB, 4 MB goal, 0 MB stacks, 0 MB globals, 16 P
gc 1185 @35.842s 0%: 0.14+0.56+0.11 ms clock, 2.3+0.59/0.85/0+1.7 ms cpu, 3->4->2 MB, 4 MB goal, 0 MB stacks, 0 MB globals, 16 P
gc 1186 @35.844s 0%: 0.14+0.45+0.11 ms clock, 2.2+0.51/0.79/0.012+1.8 ms cpu, 3->4->1 MB, 4 MB goal, 0 MB stacks, 0 MB globals, 16 P
gc 1187 @35.845s 0%: 0.12+0.76+0.082 ms clock, 2.0+0.63/0.78/0+1.3 ms cpu, 3->4->2 MB, 4 MB goal, 0 MB stacks, 0 MB globals, 16 P
gc 1188 @35.847s 0%: 0.13+0.51+0.13 ms clock, 2.1+0.70/0.94/0.006+2.1 ms cpu, 3->4->1 MB, 4 MB goal, 0 MB stacks, 0 MB globals, 16 P
gc 1189 @35.849s 0%: 0.17+0.54+0.10 ms clock, 2.7+0.62/0.71/0+1.6 ms cpu, 3->4->1 MB, 4 MB goal, 0 MB stacks, 0 MB globals, 16 P
gc 1190 @35.850s 0%: 0.11+0.56+0.10 ms clock, 1.8+0.64/0.91/0+1.6 ms cpu, 3->4->1 MB, 4 MB goal, 0 MB stacks, 0 MB globals, 16 P
gc 1191 @35.852s 0%: 0.17+0.64+0.11 ms clock, 2.8+0.62/0.76/0+1.7 ms cpu, 3->4->2 MB, 4 MB goal, 0 MB stacks, 0 MB globals, 16 P
gc 1192 @35.854s 0%: 0.12+0.61+0.10 ms clock, 2.0+0.61/0.75/0.003+1.6 ms cpu, 3->4->1 MB, 4 MB goal, 0 MB stacks, 0 MB globals, 16 P
gc 1193 @35.855s 0%: 0.10+0.62+0.045 ms clock, 1.6+0.65/0.77/0+0.72 ms cpu, 3->4->1 MB, 4 MB goal, 0 MB stacks, 0 MB globals, 16 P
gc 1194 @35.857s 0%: 0.11+0.67+0.087 ms clock, 1.8+0.56/0.91/0+1.3 ms cpu, 3->4->2 MB, 4 MB goal, 0 MB stacks, 0 MB globals, 16 P
gc 1195 @35.859s 0%: 0.11+0.58+0.13 ms clock, 1.8+0.44/0.82/0.004+2.0 ms cpu, 3->4->1 MB, 4 MB goal, 0 MB stacks, 0 MB globals, 16 P
gc 1196 @35.860s 0%: 0.14+0.56+0.16 ms clock, 2.3+0.48/0.77/0+2.6 ms cpu, 3->4->1 MB, 4 MB goal, 0 MB stacks, 0 MB globals, 16 P
gc 1197 @35.862s 0%: 0.16+0.64+0.092 ms clock, 2.5+0.69/0.88/0.036+1.4 ms cpu, 3->4->2 MB, 4 MB goal, 0 MB stacks, 0 MB globals, 16 P
gc 1198 @35.864s 0%: 0.11+0.66+0.10 ms clock, 1.8+0.67/0.85/0.029+1.7 ms cpu, 3->4->2 MB, 4 MB goal, 0 MB stacks, 0 MB globals, 16 P
gc 1199 @35.866s 0%: 0.10+0.79+0.10 ms clock, 1.6+0.68/0.77/0.010+1.6 ms cpu, 3->4->2 MB, 4 MB goal, 0 MB stacks, 0 MB globals, 16 P
gc 1200 @35.867s 0%: 0.072+0.70+0.10 ms clock, 1.1+0.60/0.99/0.086+1.6 ms cpu, 3->4->1 MB, 4 MB goal, 0 MB stacks, 0 MB globals, 16 P
gc 1201 @35.869s 0%: 0.12+0.83+0.070 ms clock, 2.0+0.63/0.86/0.020+1.1 ms cpu, 3->4->2 MB, 4 MB goal, 0 MB stacks, 0 MB globals, 16 P
gc 1202 @35.871s 0%: 0.14+0.58+0.16 ms clock, 2.2+0.54/0.87/0+2.5 ms cpu, 3->4->2 MB, 4 MB goal, 0 MB stacks, 0 MB globals, 16 P
gc 1203 @35.873s 0%: 0.13+0.69+0.054 ms clock, 2.0+0.59/0.93/0.012+0.86 ms cpu, 3->4->2 MB, 4 MB goal, 0 MB stacks, 0 MB globals, 16 P
gc 1204 @35.875s 0%: 0.13+0.73+0.083 ms clock, 2.1+0.65/0.85/0+1.3 ms cpu, 3->4->2 MB, 4 MB goal, 0 MB stacks, 0 MB globals, 16 P
gc 1205 @35.877s 0%: 0.14+0.60+0.11 ms clock, 2.3+0.61/0.76/0.011+1.8 ms cpu, 3->4->2 MB, 4 MB goal, 0 MB stacks, 0 MB globals, 16 P
gc 1206 @35.878s 0%: 0.15+0.65+0.10 ms clock, 2.5+0.47/0.86/0.024+1.7 ms cpu, 3->4->2 MB, 4 MB goal, 0 MB stacks, 0 MB globals, 16 P
gc 1207 @35.880s 0%: 0.11+0.55+0.16 ms clock, 1.7+0.50/0.85/0.001+2.6 ms cpu, 3->4->1 MB, 4 MB goal, 0 MB stacks, 0 MB globals, 16 P
gc 1208 @35.882s 0%: 0.14+0.61+0.069 ms clock, 2.2+0.65/0.88/0.022+1.1 ms cpu, 3->4->2 MB, 4 MB goal, 0 MB stacks, 0 MB globals, 16 P
gc 1209 @35.884s 0%: 0.12+0.57+0.12 ms clock, 1.9+0.59/0.84/0+2.0 ms cpu, 3->4->1 MB, 4 MB goal, 0 MB stacks, 0 MB globals, 16 P
gc 1210 @35.885s 0%: 0.19+0.54+0.085 ms clock, 3.1+0.58/0.89/0+1.3 ms cpu, 3->4->1 MB, 4 MB goal, 0 MB stacks, 0 MB globals, 16 P
gc 1211 @35.887s 0%: 0.087+0.67+0.14 ms clock, 1.4+0.70/0.84/0+2.3 ms cpu, 3->4->2 MB, 4 MB goal, 0 MB stacks, 0 MB globals, 16 P
gc 1212 @35.889s 0%: 0.14+0.70+0.091 ms clock, 2.3+0.55/0.83/0+1.4 ms cpu, 3->4->2 MB, 4 MB goal, 0 MB stacks, 0 MB globals, 16 P
gc 1213 @35.891s 0%: 0.11+0.50+0.11 ms clock, 1.8+0.57/0.93/0+1.8 ms cpu, 3->4->1 MB, 4 MB goal, 0 MB stacks, 0 MB globals, 16 P
gc 1214 @35.892s 0%: 0.11+0.52+0.14 ms clock, 1.8+0.67/0.81/0+2.3 ms cpu, 3->4->1 MB, 4 MB goal, 0 MB stacks, 0 MB globals, 16 P
gc 1215 @35.894s 0%: 0.12+0.71+0.10 ms clock, 1.9+0.64/0.91/0+1.6 ms cpu, 3->4->2 MB, 4 MB goal, 0 MB stacks, 0 MB globals, 16 P
gc 1216 @35.896s 0%: 0.11+0.78+0.091 ms clock, 1.8+0.65/0.98/0.001+1.4 ms cpu, 3->4->2 MB, 4 MB goal, 0 MB stacks, 0 MB globals, 16 P
gc 1217 @35.898s 0%: 0.13+0.55+0.22 ms clock, 2.2+0.68/0.90/0.020+3.5 ms cpu, 3->4->1 MB, 4 MB goal, 0 MB stacks, 0 MB globals, 16 P
gc 1218 @35.899s 0%: 0.13+0.57+0.12 ms clock, 2.1+0.64/0.90/0.023+1.9 ms cpu, 3->4->1 MB, 4 MB goal, 0 MB stacks, 0 MB globals, 16 P
gc 1219 @35.901s 0%: 0.12+0.49+0.15 ms clock, 1.9+0.45/0.80/0.003+2.5 ms cpu, 3->4->1 MB, 4 MB goal, 0 MB stacks, 0 MB globals, 16 P
gc 1220 @35.903s 0%: 0.16+0.64+0.10 ms clock, 2.5+0.64/0.85/0.012+1.6 ms cpu, 3->4->2 MB, 4 MB goal, 0 MB stacks, 0 MB globals, 16 P
gc 1221 @35.904s 0%: 0.11+0.86+0.093 ms clock, 1.7+0.53/0.83/0.013+1.5 ms cpu, 3->4->2 MB, 4 MB goal, 0 MB stacks, 0 MB globals, 16 P
gc 1222 @35.907s 0%: 0.11+0.64+0.10 ms clock, 1.8+0.59/0.76/0.005+1.6 ms cpu, 4->4->1 MB, 4 MB goal, 0 MB stacks, 0 MB globals, 16 P
gc 1223 @35.908s 0%: 0.14+0.56+0.21 ms clock, 2.2+0.72/0.81/0+3.5 ms cpu, 3->4->2 MB, 4 MB goal, 0 MB stacks, 0 MB globals, 16 P
gc 1224 @35.910s 0%: 0.085+0.50+0.13 ms clock, 1.3+0.44/0.89/0.002+2.1 ms cpu, 3->4->1 MB, 4 MB goal, 0 MB stacks, 0 MB globals, 16 P
gc 1225 @35.912s 0%: 0.13+0.62+0.10 ms clock, 2.1+0.56/0.88/0.044+1.6 ms cpu, 3->4->2 MB, 4 MB goal, 0 MB stacks, 0 MB globals, 16 P
gc 1226 @35.913s 0%: 0.15+0.56+0.081 ms clock, 2.5+0.67/0.82/0+1.3 ms cpu, 3->4->2 MB, 4 MB goal, 0 MB stacks, 0 MB globals, 16 P
gc 1227 @35.915s 0%: 0.11+0.53+0.13 ms clock, 1.8+0.42/0.74/0.068+2.1 ms cpu, 3->4->1 MB, 4 MB goal, 0 MB stacks, 0 MB globals, 16 P
gc 1228 @35.917s 0%: 0.20+0.70+0.10 ms clock, 3.2+0.68/0.76/0.003+1.6 ms cpu, 3->4->2 MB, 4 MB goal, 0 MB stacks, 0 MB globals, 16 P
gc 1229 @35.919s 0%: 0.14+0.43+0.17 ms clock, 2.3+0.68/0.81/0.009+2.8 ms cpu, 3->4->1 MB, 4 MB goal, 0 MB stacks, 0 MB globals, 16 P
gc 1230 @35.920s 0%: 0.15+0.64+0.082 ms clock, 2.4+0.63/0.87/0+1.3 ms cpu, 3->4->2 MB, 4 MB goal, 0 MB stacks, 0 MB globals, 16 P
gc 1231 @35.922s 0%: 0.10+0.50+0.13 ms clock, 1.7+0.45/0.82/0.005+2.1 ms cpu, 3->4->1 MB, 4 MB goal, 0 MB stacks, 0 MB globals, 16 P
gc 1232 @35.923s 0%: 0.12+0.54+0.12 ms clock, 1.9+0.57/0.82/0.041+1.9 ms cpu, 3->4->1 MB, 4 MB goal, 0 MB stacks, 0 MB globals, 16 P
gc 1233 @35.925s 0%: 0.091+0.70+0.088 ms clock, 1.4+0.41/0.83/0.057+1.4 ms cpu, 3->4->1 MB, 4 MB goal, 0 MB stacks, 0 MB globals, 16 P
gc 1234 @35.927s 0%: 0.11+0.74+0.067 ms clock, 1.7+0.72/0.80/0+1.0 ms cpu, 3->4->2 MB, 4 MB goal, 0 MB stacks, 0 MB globals, 16 P
gc 1235 @35.929s 0%: 0.11+0.68+0.040 ms clock, 1.7+0.57/0.91/0.001+0.65 ms cpu, 4->4->1 MB, 4 MB goal, 0 MB stacks, 0 MB globals, 16 P
gc 1236 @35.930s 0%: 0.11+0.48+0.10 ms clock, 1.7+0.60/0.80/0.003+1.6 ms cpu, 3->4->1 MB, 4 MB goal, 0 MB stacks, 0 MB globals, 16 P
gc 1237 @35.932s 0%: 0.12+0.59+0.11 ms clock, 1.9+0.61/0.82/0+1.8 ms cpu, 3->4->1 MB, 4 MB goal, 0 MB stacks, 0 MB globals, 16 P
gc 1238 @35.934s 0%: 0.14+0.54+0.15 ms clock, 2.2+0.54/0.83/0.007+2.4 ms cpu, 3->4->2 MB, 4 MB goal, 0 MB stacks, 0 MB globals, 16 P
gc 1239 @35.935s 0%: 0.16+0.68+0.11 ms clock, 2.6+0.58/0.85/0+1.7 ms cpu, 3->4->2 MB, 4 MB goal, 0 MB stacks, 0 MB globals, 16 P
gc 1240 @35.937s 0%: 0.15+0.67+0.065 ms clock, 2.5+0.56/0.71/0+1.0 ms cpu, 3->4->2 MB, 4 MB goal, 0 MB stacks, 0 MB globals, 16 P
gc 1241 @35.939s 0%: 0.090+0.52+0.10 ms clock, 1.4+0.49/0.84/0.002+1.6 ms cpu, 3->4->1 MB, 4 MB goal, 0 MB stacks, 0 MB globals, 16 P
gc 1242 @35.941s 0%: 0.12+0.51+0.11 ms clock, 1.9+0.48/0.89/0+1.8 ms cpu, 3->4->1 MB, 4 MB goal, 0 MB stacks, 0 MB globals, 16 P
gc 1243 @35.942s 0%: 0.17+0.56+0.089 ms clock, 2.8+0.74/0.87/0.002+1.4 ms cpu, 3->4->1 MB, 4 MB goal, 0 MB stacks, 0 MB globals, 16 P
gc 1244 @35.944s 0%: 0.10+0.54+0.089 ms clock, 1.6+0.69/0.92/0.001+1.4 ms cpu, 3->4->1 MB, 4 MB goal, 0 MB stacks, 0 MB globals, 16 P
gc 1245 @35.945s 0%: 0.16+0.50+0.16 ms clock, 2.5+0.63/0.89/0.011+2.5 ms cpu, 3->4->1 MB, 4 MB goal, 0 MB stacks, 0 MB globals, 16 P
gc 1246 @35.947s 0%: 0.15+0.54+0.15 ms clock, 2.4+0.61/0.78/0+2.4 ms cpu, 3->4->1 MB, 4 MB goal, 0 MB stacks, 0 MB globals, 16 P
gc 1247 @35.949s 0%: 0.21+0.43+0.19 ms clock, 3.5+0.67/0.83/0+3.0 ms cpu, 3->4->2 MB, 4 MB goal, 0 MB stacks, 0 MB globals, 16 P
gc 1248 @35.950s 0%: 0.13+0.64+0.12 ms clock, 2.1+0.59/0.83/0+1.9 ms cpu, 3->4->2 MB, 4 MB goal, 0 MB stacks, 0 MB globals, 16 P
gc 1249 @35.952s 0%: 0.15+0.54+0.14 ms clock, 2.4+0.64/0.70/0+2.3 ms cpu, 3->4->1 MB, 4 MB goal, 0 MB stacks, 0 MB globals, 16 P
gc 1250 @35.954s 0%: 0.10+0.58+0.12 ms clock, 1.6+0.51/0.92/0.025+2.0 ms cpu, 3->4->1 MB, 4 MB goal, 0 MB stacks, 0 MB globals, 16 P
gc 1251 @35.955s 0%: 0.17+0.52+0.17 ms clock, 2.7+0.51/0.70/0+2.7 ms cpu, 3->4->1 MB, 4 MB goal, 0 MB stacks, 0 MB globals, 16 P
gc 1252 @35.957s 0%: 0.13+0.59+0.10 ms clock, 2.1+0.53/0.84/0.008+1.6 ms cpu, 3->4->2 MB, 4 MB goal, 0 MB stacks, 0 MB globals, 16 P
gc 1253 @35.959s 0%: 0.13+0.48+0.14 ms clock, 2.0+0.59/0.81/0+2.2 ms cpu, 3->4->1 MB, 4 MB goal, 0 MB stacks, 0 MB globals, 16 P
gc 1254 @35.960s 0%: 0.11+0.45+0.12 ms clock, 1.8+0.60/0.88/0.025+2.0 ms cpu, 3->4->1 MB, 4 MB goal, 0 MB stacks, 0 MB globals, 16 P
gc 1255 @35.962s 0%: 0.11+0.60+0.10 ms clock, 1.7+0.56/0.85/0.006+1.6 ms cpu, 3->4->1 MB, 4 MB goal, 0 MB stacks, 0 MB globals, 16 P
gc 1256 @35.963s 0%: 0.11+0.69+0.096 ms clock, 1.8+0.52/0.88/0+1.5 ms cpu, 3->4->2 MB, 4 MB goal, 0 MB stacks, 0 MB globals, 16 P
gc 1257 @35.965s 0%: 0.083+0.51+0.090 ms clock, 1.3+0.48/0.74/0+1.4 ms cpu, 3->4->1 MB, 4 MB goal, 0 MB stacks, 0 MB globals, 16 P
gc 1258 @35.967s 0%: 0.10+0.58+0.054 ms clock, 1.6+0.55/0.90/0+0.87 ms cpu, 3->4->1 MB, 4 MB goal, 0 MB stacks, 0 MB globals, 16 P
gc 1259 @35.968s 0%: 0.14+0.62+0.11 ms clock, 2.3+0.56/0.87/0+1.7 ms cpu, 3->4->2 MB, 4 MB goal, 0 MB stacks, 0 MB globals, 16 P
gc 1260 @35.970s 0%: 0.12+0.73+0.12 ms clock, 1.9+0.60/0.81/0+1.9 ms cpu, 3->4->2 MB, 4 MB goal, 0 MB stacks, 0 MB globals, 16 P
gc 1261 @35.972s 0%: 0.12+0.55+0.10 ms clock, 1.9+0.64/0.83/0+1.6 ms cpu, 3->4->1 MB, 4 MB goal, 0 MB stacks, 0 MB globals, 16 P
gc 1262 @35.974s 0%: 0.11+0.65+0.090 ms clock, 1.7+0.37/1.0/0.004+1.4 ms cpu, 3->4->1 MB, 4 MB goal, 0 MB stacks, 0 MB globals, 16 P
gc 1263 @35.975s 0%: 0.15+0.65+0.15 ms clock, 2.4+0.67/0.90/0+2.5 ms cpu, 3->4->2 MB, 4 MB goal, 0 MB stacks, 0 MB globals, 16 P
gc 1264 @35.977s 0%: 0.12+0.51+0.15 ms clock, 2.0+0.64/0.72/0.021+2.4 ms cpu, 3->4->1 MB, 4 MB goal, 0 MB stacks, 0 MB globals, 16 P
gc 1265 @35.979s 0%: 0.11+0.69+0.10 ms clock, 1.8+0.56/0.87/0.024+1.7 ms cpu, 3->4->2 MB, 4 MB goal, 0 MB stacks, 0 MB globals, 16 P
gc 1266 @35.980s 0%: 0.16+0.55+0.14 ms clock, 2.6+0.63/0.85/0+2.3 ms cpu, 3->4->2 MB, 4 MB goal, 0 MB stacks, 0 MB globals, 16 P
gc 1267 @35.982s 0%: 0.17+0.62+0.095 ms clock, 2.8+0.59/0.90/0+1.5 ms cpu, 3->4->2 MB, 4 MB goal, 0 MB stacks, 0 MB globals, 16 P
gc 1268 @35.984s 0%: 0.11+0.60+0.10 ms clock, 1.8+0.56/0.89/0+1.6 ms cpu, 3->4->1 MB, 4 MB goal, 0 MB stacks, 0 MB globals, 16 P
gc 1269 @35.986s 0%: 0.13+0.48+0.13 ms clock, 2.1+0.50/0.77/0.003+2.1 ms cpu, 3->4->1 MB, 4 MB goal, 0 MB stacks, 0 MB globals, 16 P
gc 1270 @35.987s 0%: 0.10+0.53+0.15 ms clock, 1.7+0.54/0.65/0.15+2.4 ms cpu, 3->4->1 MB, 4 MB goal, 0 MB stacks, 0 MB globals, 16 P
gc 1271 @35.989s 0%: 0.14+0.48+0.094 ms clock, 2.2+0.53/0.81/0+1.5 ms cpu, 3->4->1 MB, 4 MB goal, 0 MB stacks, 0 MB globals, 16 P
gc 1272 @35.991s 0%: 0.11+0.58+0.095 ms clock, 1.8+0.46/0.88/0+1.5 ms cpu, 3->4->2 MB, 4 MB goal, 0 MB stacks, 0 MB globals, 16 P
gc 1273 @35.992s 0%: 0.11+0.59+0.087 ms clock, 1.8+0.63/0.78/0.021+1.4 ms cpu, 3->4->1 MB, 4 MB goal, 0 MB stacks, 0 MB globals, 16 P
gc 1274 @35.994s 0%: 0.14+0.65+0.086 ms clock, 2.3+0.54/0.83/0+1.3 ms cpu, 3->4->2 MB, 4 MB goal, 0 MB stacks, 0 MB globals, 16 P
gc 1275 @35.996s 0%: 0.16+0.56+0.12 ms clock, 2.6+0.53/0.82/0+1.9 ms cpu, 3->4->1 MB, 4 MB goal, 0 MB stacks, 0 MB globals, 16 P
gc 1276 @35.997s 0%: 0.12+0.50+0.12 ms clock, 2.0+0.65/0.85/0.010+1.9 ms cpu, 3->4->1 MB, 4 MB goal, 0 MB stacks, 0 MB globals, 16 P
gc 1277 @35.999s 0%: 0.11+0.60+0.10 ms clock, 1.7+0.50/0.81/0+1.6 ms cpu, 3->4->1 MB, 4 MB goal, 0 MB stacks, 0 MB globals, 16 P
gc 1278 @36.001s 0%: 0.11+0.47+0.16 ms clock, 1.8+0.60/0.79/0+2.5 ms cpu, 3->4->1 MB, 4 MB goal, 0 MB stacks, 0 MB globals, 16 P
gc 1279 @36.002s 0%: 0.11+0.53+0.17 ms clock, 1.8+0.58/0.78/0+2.7 ms cpu, 3->4->1 MB, 4 MB goal, 0 MB stacks, 0 MB globals, 16 P
gc 1280 @36.004s 0%: 0.11+0.68+0.055 ms clock, 1.7+0.52/0.84/0+0.88 ms cpu, 3->4->2 MB, 4 MB goal, 0 MB stacks, 0 MB globals, 16 P
gc 1281 @36.006s 0%: 0.12+0.74+0.092 ms clock, 2.0+0.53/0.87/0.007+1.4 ms cpu, 3->4->2 MB, 4 MB goal, 0 MB stacks, 0 MB globals, 16 P
gc 1282 @36.007s 0%: 0.10+0.50+0.10 ms clock, 1.6+0.58/0.70/0+1.7 ms cpu, 3->4->1 MB, 4 MB goal, 0 MB stacks, 0 MB globals, 16 P
gc 1283 @36.009s 0%: 0.15+0.61+0.050 ms clock, 2.4+0.76/0.83/0.027+0.80 ms cpu, 3->4->1 MB, 4 MB goal, 0 MB stacks, 0 MB globals, 16 P
gc 1284 @36.011s 0%: 0.11+0.56+0.13 ms clock, 1.8+0.54/0.75/0.015+2.1 ms cpu, 3->4->1 MB, 4 MB goal, 0 MB stacks, 0 MB globals, 16 P
gc 1285 @36.012s 0%: 0.12+0.59+0.092 ms clock, 2.0+0.56/0.80/0+1.4 ms cpu, 3->4->1 MB, 4 MB goal, 0 MB stacks, 0 MB globals, 16 P
gc 1286 @36.014s 0%: 0.13+0.65+0.11 ms clock, 2.1+0.56/0.70/0+1.8 ms cpu, 3->4->2 MB, 4 MB goal, 0 MB stacks, 0 MB globals, 16 P
gc 1287 @36.016s 0%: 0.15+0.53+0.11 ms clock, 2.4+0.48/0.94/0.024+1.8 ms cpu, 3->4->1 MB, 4 MB goal, 0 MB stacks, 0 MB globals, 16 P
gc 1288 @36.017s 0%: 0.10+0.64+0.099 ms clock, 1.6+0.52/0.78/0+1.5 ms cpu, 3->4->2 MB, 4 MB goal, 0 MB stacks, 0 MB globals, 16 P
gc 1289 @36.019s 0%: 0.11+0.40+0.13 ms clock, 1.7+0.65/0.70/0+2.1 ms cpu, 3->4->1 MB, 4 MB goal, 0 MB stacks, 0 MB globals, 16 P
gc 1290 @36.021s 0%: 0.15+0.45+0.092 ms clock, 2.5+0.53/0.72/0+1.4 ms cpu, 3->3->1 MB, 4 MB goal, 0 MB stacks, 0 MB globals, 16 P
gc 1291 @36.022s 0%: 0.13+0.51+0.078 ms clock, 2.1+0.53/0.81/0.082+1.2 ms cpu, 3->4->1 MB, 4 MB goal, 0 MB stacks, 0 MB globals, 16 P
gc 1292 @36.024s 0%: 0.12+0.55+0.12 ms clock, 2.0+0.54/0.81/0+1.9 ms cpu, 3->4->1 MB, 4 MB goal, 0 MB stacks, 0 MB globals, 16 P
gc 1293 @36.025s 0%: 0.11+0.46+0.13 ms clock, 1.8+0.59/0.74/0+2.1 ms cpu, 3->4->1 MB, 4 MB goal, 0 MB stacks, 0 MB globals, 16 P
gc 1294 @36.027s 0%: 0.12+0.71+0.081 ms clock, 1.9+0.72/0.85/0.027+1.3 ms cpu, 3->4->2 MB, 4 MB goal, 0 MB stacks, 0 MB globals, 16 P
gc 1295 @36.029s 0%: 0.10+0.64+0.14 ms clock, 1.7+0.65/0.72/0+2.2 ms cpu, 3->4->2 MB, 4 MB goal, 0 MB stacks, 0 MB globals, 16 P
gc 1296 @36.030s 0%: 0.10+0.43+0.078 ms clock, 1.7+0.57/0.76/0+1.2 ms cpu, 3->4->1 MB, 4 MB goal, 0 MB stacks, 0 MB globals, 16 P
gc 1297 @36.032s 0%: 0.21+0.68+0.064 ms clock, 3.3+0.63/0.89/0.009+1.0 ms cpu, 3->3->1 MB, 4 MB goal, 0 MB stacks, 0 MB globals, 16 P
gc 1298 @36.033s 0%: 0.18+0.59+0.094 ms clock, 3.0+0.68/0.75/0+1.5 ms cpu, 3->4->2 MB, 4 MB goal, 0 MB stacks, 0 MB globals, 16 P
gc 1299 @36.035s 0%: 0.11+0.59+0.083 ms clock, 1.7+0.53/0.79/0.015+1.3 ms cpu, 3->4->1 MB, 4 MB goal, 0 MB stacks, 0 MB globals, 16 P
gc 1300 @36.037s 0%: 0.11+0.75+0.057 ms clock, 1.9+0.58/0.77/0.008+0.91 ms cpu, 3->4->1 MB, 4 MB goal, 0 MB stacks, 0 MB globals, 16 P
gc 1301 @36.038s 0%: 0.15+0.53+0.085 ms clock, 2.5+0.69/0.77/0.010+1.3 ms cpu, 3->4->1 MB, 4 MB goal, 0 MB stacks, 0 MB globals, 16 P
gc 1302 @36.040s 0%: 0.10+0.61+0.10 ms clock, 1.6+0.61/0.86/0+1.6 ms cpu, 3->4->1 MB, 4 MB goal, 0 MB stacks, 0 MB globals, 16 P
gc 1303 @36.042s 0%: 0.12+0.72+0.059 ms clock, 2.0+0.60/0.86/0.001+0.95 ms cpu, 3->4->2 MB, 4 MB goal, 0 MB stacks, 0 MB globals, 16 P
gc 1304 @36.044s 0%: 0.094+0.59+0.072 ms clock, 1.5+0.51/0.81/0+1.1 ms cpu, 3->4->1 MB, 4 MB goal, 0 MB stacks, 0 MB globals, 16 P
gc 1305 @36.045s 0%: 0.13+0.58+0.14 ms clock, 2.1+0.58/0.81/0.033+2.3 ms cpu, 3->4->1 MB, 4 MB goal, 0 MB stacks, 0 MB globals, 16 P
gc 1306 @36.047s 0%: 0.13+0.57+0.10 ms clock, 2.2+0.61/0.76/0+1.7 ms cpu, 3->4->1 MB, 4 MB goal, 0 MB stacks, 0 MB globals, 16 P
gc 1307 @36.048s 0%: 0.11+0.53+0.095 ms clock, 1.7+0.65/0.73/0+1.5 ms cpu, 3->4->1 MB, 4 MB goal, 0 MB stacks, 0 MB globals, 16 P
gc 1308 @36.050s 0%: 0.15+0.49+0.094 ms clock, 2.5+0.61/0.78/0+1.5 ms cpu, 3->4->1 MB, 4 MB goal, 0 MB stacks, 0 MB globals, 16 P
gc 1309 @36.051s 0%: 0.11+0.65+0.12 ms clock, 1.8+0.58/0.79/0.003+1.9 ms cpu, 3->4->1 MB, 4 MB goal, 0 MB stacks, 0 MB globals, 16 P
gc 1310 @36.053s 0%: 0.20+0.52+0.13 ms clock, 3.2+0.61/0.81/0+2.1 ms cpu, 3->4->1 MB, 4 MB goal, 0 MB stacks, 0 MB globals, 16 P
gc 1311 @36.055s 0%: 0.16+0.58+0.13 ms clock, 2.6+0.65/0.73/0+2.1 ms cpu, 3->4->1 MB, 4 MB goal, 0 MB stacks, 0 MB globals, 16 P
gc 1312 @36.057s 0%: 0.11+0.72+0.078 ms clock, 1.8+0.48/0.95/0+1.2 ms cpu, 3->4->2 MB, 4 MB goal, 0 MB stacks, 0 MB globals, 16 P
gc 1313 @36.058s 0%: 0.11+0.59+0.086 ms clock, 1.7+0.57/0.79/0.007+1.3 ms cpu, 3->4->1 MB, 4 MB goal, 0 MB stacks, 0 MB globals, 16 P
gc 1314 @36.060s 0%: 0.17+0.64+0.097 ms clock, 2.7+0.70/0.99/0.003+1.5 ms cpu, 3->4->2 MB, 4 MB goal, 0 MB stacks, 0 MB globals, 16 P
gc 1315 @36.062s 0%: 0.16+0.51+0.13 ms clock, 2.6+0.56/0.73/0+2.0 ms cpu, 3->4->1 MB, 4 MB goal, 0 MB stacks, 0 MB globals, 16 P
gc 1316 @36.064s 0%: 0.11+0.64+0.11 ms clock, 1.8+0.65/0.82/0.007+1.8 ms cpu, 3->4->2 MB, 4 MB goal, 0 MB stacks, 0 MB globals, 16 P
gc 1317 @36.066s 0%: 0.14+0.53+0.10 ms clock, 2.3+0.54/0.85/0+1.7 ms cpu, 3->4->1 MB, 4 MB goal, 0 MB stacks, 0 MB globals, 16 P
gc 1318 @36.067s 0%: 0.11+0.45+0.080 ms clock, 1.7+0.49/0.74/0+1.2 ms cpu, 3->4->1 MB, 4 MB goal, 0 MB stacks, 0 MB globals, 16 P
gc 1319 @36.069s 0%: 0.11+0.56+0.091 ms clock, 1.7+0.65/0.86/0+1.4 ms cpu, 3->4->1 MB, 4 MB goal, 0 MB stacks, 0 MB globals, 16 P
gc 1320 @36.070s 0%: 0.11+0.61+0.10 ms clock, 1.7+0.55/0.80/0+1.6 ms cpu, 3->4->2 MB, 4 MB goal, 0 MB stacks, 0 MB globals, 16 P
gc 1321 @36.072s 0%: 0.14+0.50+0.13 ms clock, 2.3+0.63/0.79/0.007+2.1 ms cpu, 3->4->1 MB, 4 MB goal, 0 MB stacks, 0 MB globals, 16 P
gc 1322 @36.073s 0%: 0.15+0.57+0.11 ms clock, 2.4+0.63/0.83/0+1.8 ms cpu, 3->4->2 MB, 4 MB goal, 0 MB stacks, 0 MB globals, 16 P
gc 1323 @36.075s 0%: 0.12+0.60+0.10 ms clock, 2.0+0.55/0.76/0.026+1.6 ms cpu, 3->4->1 MB, 4 MB goal, 0 MB stacks, 0 MB globals, 16 P
gc 1324 @36.077s 0%: 0.12+0.69+0.059 ms clock, 1.9+0.58/0.93/0.020+0.95 ms cpu, 3->4->2 MB, 4 MB goal, 0 MB stacks, 0 MB globals, 16 P
gc 1325 @36.079s 0%: 0.14+0.66+0.063 ms clock, 2.2+0.48/0.86/0.076+1.0 ms cpu, 3->4->2 MB, 4 MB goal, 0 MB stacks, 0 MB globals, 16 P
gc 1326 @36.081s 0%: 0.10+0.55+0.090 ms clock, 1.6+0.43/0.80/0+1.4 ms cpu, 3->4->1 MB, 4 MB goal, 0 MB stacks, 0 MB globals, 16 P
gc 1327 @36.082s 0%: 0.11+0.49+0.094 ms clock, 1.9+0.71/0.77/0+1.5 ms cpu, 3->3->1 MB, 4 MB goal, 0 MB stacks, 0 MB globals, 16 P
gc 1328 @36.083s 0%: 0.15+0.54+0.15 ms clock, 2.4+0.66/0.79/0.015+2.4 ms cpu, 3->4->1 MB, 4 MB goal, 0 MB stacks, 0 MB globals, 16 P
gc 1329 @36.085s 0%: 0.14+0.72+0.10 ms clock, 2.2+0.48/0.86/0+1.6 ms cpu, 3->4->2 MB, 4 MB goal, 0 MB stacks, 0 MB globals, 16 P
gc 1330 @36.087s 0%: 0.11+0.56+0.095 ms clock, 1.8+0.52/0.87/0+1.5 ms cpu, 3->4->1 MB, 4 MB goal, 0 MB stacks, 0 MB globals, 16 P
gc 1331 @36.088s 0%: 0.10+0.51+0.13 ms clock, 1.7+0.48/0.88/0.004+2.0 ms cpu, 3->4->1 MB, 4 MB goal, 0 MB stacks, 0 MB globals, 16 P
gc 1332 @36.090s 0%: 0.15+0.68+0.069 ms clock, 2.5+0.66/0.93/0+1.1 ms cpu, 3->4->2 MB, 4 MB goal, 0 MB stacks, 0 MB globals, 16 P
gc 1333 @36.092s 0%: 0.16+0.58+0.16 ms clock, 2.7+0.59/0.98/0+2.5 ms cpu, 3->4->2 MB, 4 MB goal, 0 MB stacks, 0 MB globals, 16 P
gc 1334 @36.094s 0%: 0.13+0.53+0.090 ms clock, 2.2+0.60/0.87/0.007+1.4 ms cpu, 3->4->1 MB, 4 MB goal, 0 MB stacks, 0 MB globals, 16 P
gc 1335 @36.095s 0%: 0.13+0.67+0.12 ms clock, 2.1+0.56/0.93/0+2.0 ms cpu, 3->4->2 MB, 4 MB goal, 0 MB stacks, 0 MB globals, 16 P
gc 1336 @36.097s 0%: 0.12+0.74+0.096 ms clock, 2.0+0.61/0.93/0+1.5 ms cpu, 3->4->2 MB, 4 MB goal, 0 MB stacks, 0 MB globals, 16 P
gc 1337 @36.099s 0%: 0.10+0.69+0.092 ms clock, 1.7+0.61/0.82/0.028+1.4 ms cpu, 3->4->1 MB, 4 MB goal, 0 MB stacks, 0 MB globals, 16 P
gc 1338 @36.101s 0%: 0.14+0.54+0.14 ms clock, 2.2+0.72/0.96/0.004+2.3 ms cpu, 3->4->2 MB, 4 MB goal, 0 MB stacks, 0 MB globals, 16 P
gc 1339 @36.103s 0%: 0.15+0.74+0.12 ms clock, 2.4+0.65/1.1/0+1.9 ms cpu, 3->4->2 MB, 4 MB goal, 0 MB stacks, 0 MB globals, 16 P
gc 1340 @36.104s 0%: 0.10+0.56+0.12 ms clock, 1.7+0.61/0.82/0+1.9 ms cpu, 3->4->1 MB, 4 MB goal, 0 MB stacks, 0 MB globals, 16 P
gc 1341 @36.106s 0%: 0.14+0.49+0.15 ms clock, 2.2+0.57/0.77/0+2.5 ms cpu, 3->4->1 MB, 4 MB goal, 0 MB stacks, 0 MB globals, 16 P
gc 1342 @36.108s 0%: 0.12+0.66+0.088 ms clock, 1.9+0.66/0.73/0.043+1.4 ms cpu, 3->4->1 MB, 4 MB goal, 0 MB stacks, 0 MB globals, 16 P
gc 1343 @36.109s 0%: 0.13+0.62+0.098 ms clock, 2.1+0.51/0.85/0+1.5 ms cpu, 3->4->1 MB, 4 MB goal, 0 MB stacks, 0 MB globals, 16 P
gc 1344 @36.111s 0%: 0.11+0.60+0.078 ms clock, 1.8+0.56/0.87/0+1.2 ms cpu, 3->4->1 MB, 4 MB goal, 0 MB stacks, 0 MB globals, 16 P
gc 1345 @36.113s 0%: 0.15+0.61+0.11 ms clock, 2.4+0.54/0.92/0.010+1.8 ms cpu, 3->4->1 MB, 4 MB goal, 0 MB stacks, 0 MB globals, 16 P
gc 1346 @36.114s 0%: 0.10+0.65+0.087 ms clock, 1.6+0.54/0.89/0.038+1.4 ms cpu, 3->4->1 MB, 4 MB goal, 0 MB stacks, 0 MB globals, 16 P
gc 1347 @36.116s 0%: 0.18+0.61+0.087 ms clock, 2.9+0.67/0.73/0+1.3 ms cpu, 3->4->1 MB, 4 MB goal, 0 MB stacks, 0 MB globals, 16 P
gc 1348 @36.118s 0%: 0.10+0.50+0.094 ms clock, 1.7+0.58/0.83/0+1.5 ms cpu, 3->4->1 MB, 4 MB goal, 0 MB stacks, 0 MB globals, 16 P
gc 1349 @36.119s 0%: 0.11+0.66+0.11 ms clock, 1.8+0.46/0.76/0.007+1.7 ms cpu, 3->4->1 MB, 4 MB goal, 0 MB stacks, 0 MB globals, 16 P
gc 1350 @36.121s 0%: 0.14+0.56+0.084 ms clock, 2.3+0.49/0.79/0+1.3 ms cpu, 3->4->1 MB, 4 MB goal, 0 MB stacks, 0 MB globals, 16 P
gc 1351 @36.123s 0%: 0.13+0.52+0.089 ms clock, 2.2+0.64/0.82/0+1.4 ms cpu, 3->4->1 MB, 4 MB goal, 0 MB stacks, 0 MB globals, 16 P
gc 1352 @36.124s 0%: 0.13+0.54+0.10 ms clock, 2.1+0.57/0.82/0.002+1.7 ms cpu, 3->4->1 MB, 4 MB goal, 0 MB stacks, 0 MB globals, 16 P
gc 1353 @36.126s 0%: 0.10+0.74+0.12 ms clock, 1.6+0.65/0.74/0+2.0 ms cpu, 3->4->2 MB, 4 MB goal, 0 MB stacks, 0 MB globals, 16 P
gc 1354 @36.128s 0%: 0.091+0.57+0.10 ms clock, 1.4+0.60/0.86/0.001+1.6 ms cpu, 3->4->1 MB, 4 MB goal, 0 MB stacks, 0 MB globals, 16 P
gc 1355 @36.129s 0%: 0.15+0.61+0.21 ms clock, 2.5+0.71/0.82/0.007+3.4 ms cpu, 3->4->1 MB, 4 MB goal, 0 MB stacks, 0 MB globals, 16 P
gc 1356 @36.131s 0%: 0.13+0.50+0.086 ms clock, 2.1+0.71/0.68/0+1.3 ms cpu, 3->4->1 MB, 4 MB goal, 0 MB stacks, 0 MB globals, 16 P
gc 1357 @36.133s 0%: 0.15+0.46+0.099 ms clock, 2.5+0.67/0.79/0+1.5 ms cpu, 3->4->1 MB, 4 MB goal, 0 MB stacks, 0 MB globals, 16 P
gc 1358 @36.134s 0%: 0.15+0.56+0.094 ms clock, 2.4+0.54/0.90/0+1.5 ms cpu, 3->4->1 MB, 4 MB goal, 0 MB stacks, 0 MB globals, 16 P
gc 1359 @36.136s 0%: 0.17+0.72+0.15 ms clock, 2.8+0.61/1.0/0+2.4 ms cpu, 3->4->2 MB, 4 MB goal, 0 MB stacks, 0 MB globals, 16 P
gc 1360 @36.138s 0%: 0.15+0.45+0.069 ms clock, 2.4+0.56/0.71/0+1.1 ms cpu, 3->4->1 MB, 4 MB goal, 0 MB stacks, 0 MB globals, 16 P
gc 1361 @36.139s 0%: 0.14+0.61+0.10 ms clock, 2.2+0.47/0.88/0+1.6 ms cpu, 3->4->2 MB, 4 MB goal, 0 MB stacks, 0 MB globals, 16 P
gc 1362 @36.141s 0%: 0.15+0.51+0.11 ms clock, 2.5+0.51/0.76/0.055+1.9 ms cpu, 3->4->1 MB, 4 MB goal, 0 MB stacks, 0 MB globals, 16 P
gc 1363 @36.142s 0%: 0.098+0.49+0.10 ms clock, 1.5+0.52/0.92/0.001+1.6 ms cpu, 3->4->1 MB, 4 MB goal, 0 MB stacks, 0 MB globals, 16 P
gc 1364 @36.144s 0%: 0.14+0.50+0.10 ms clock, 2.3+0.51/0.80/0+1.6 ms cpu, 3->4->1 MB, 4 MB goal, 0 MB stacks, 0 MB globals, 16 P
gc 1365 @36.145s 0%: 0.14+0.55+0.068 ms clock, 2.2+0.59/0.88/0+1.0 ms cpu, 3->4->1 MB, 4 MB goal, 0 MB stacks, 0 MB globals, 16 P
gc 1366 @36.147s 0%: 0.15+0.67+0.12 ms clock, 2.4+0.57/0.77/0+2.0 ms cpu, 3->4->2 MB, 4 MB goal, 0 MB stacks, 0 MB globals, 16 P
gc 1367 @36.149s 0%: 0.12+0.57+0.12 ms clock, 2.0+0.60/0.74/0+1.9 ms cpu, 3->4->1 MB, 4 MB goal, 0 MB stacks, 0 MB globals, 16 P
gc 1368 @36.150s 0%: 0.15+0.73+0.087 ms clock, 2.4+0.81/0.94/0+1.3 ms cpu, 3->4->2 MB, 4 MB goal, 0 MB stacks, 0 MB globals, 16 P
gc 1369 @36.152s 0%: 0.20+0.67+0.10 ms clock, 3.2+0.58/0.76/0+1.7 ms cpu, 4->4->2 MB, 4 MB goal, 0 MB stacks, 0 MB globals, 16 P
gc 1370 @36.154s 0%: 0.13+0.63+0.072 ms clock, 2.1+0.63/0.93/0.010+1.1 ms cpu, 3->4->2 MB, 4 MB goal, 0 MB stacks, 0 MB globals, 16 P
gc 1371 @36.156s 0%: 0.14+0.51+0.18 ms clock, 2.2+0.63/0.77/0+2.8 ms cpu, 3->4->1 MB, 4 MB goal, 0 MB stacks, 0 MB globals, 16 P
gc 1372 @36.157s 0%: 0.15+0.55+0.13 ms clock, 2.4+0.61/0.72/0.015+2.1 ms cpu, 3->4->1 MB, 4 MB goal, 0 MB stacks, 0 MB globals, 16 P
gc 1373 @36.159s 0%: 0.19+0.66+0.084 ms clock, 3.1+0.57/0.72/0+1.3 ms cpu, 3->4->2 MB, 4 MB goal, 0 MB stacks, 0 MB globals, 16 P
gc 1374 @36.161s 0%: 0.12+0.57+0.14 ms clock, 2.0+0.51/0.83/0+2.2 ms cpu, 3->4->2 MB, 4 MB goal, 0 MB stacks, 0 MB globals, 16 P
gc 1375 @36.163s 0%: 0.17+0.46+0.16 ms clock, 2.7+0.51/0.72/0+2.6 ms cpu, 3->4->1 MB, 4 MB goal, 0 MB stacks, 0 MB globals, 16 P
gc 1376 @36.164s 0%: 0.12+0.62+0.095 ms clock, 1.9+0.47/0.82/0+1.5 ms cpu, 3->4->2 MB, 4 MB goal, 0 MB stacks, 0 MB globals, 16 P
gc 1377 @36.166s 0%: 0.13+0.44+0.12 ms clock, 2.1+0.63/0.80/0.009+1.9 ms cpu, 3->4->1 MB, 4 MB goal, 0 MB stacks, 0 MB globals, 16 P
gc 1378 @36.168s 0%: 0.10+0.68+0.12 ms clock, 1.6+0.50/0.86/0.001+1.9 ms cpu, 3->4->2 MB, 4 MB goal, 0 MB stacks, 0 MB globals, 16 P
gc 1379 @36.169s 0%: 0.094+0.50+0.17 ms clock, 1.5+0.66/0.80/0+2.8 ms cpu, 3->4->1 MB, 4 MB goal, 0 MB stacks, 0 MB globals, 16 P
gc 1380 @36.171s 0%: 0.14+0.49+0.13 ms clock, 2.2+0.51/0.81/0+2.1 ms cpu, 3->4->1 MB, 4 MB goal, 0 MB stacks, 0 MB globals, 16 P
gc 1381 @36.173s 0%: 0.19+0.64+0.059 ms clock, 3.1+0.49/1.0/0.025+0.95 ms cpu, 3->4->2 MB, 4 MB goal, 0 MB stacks, 0 MB globals, 16 P
gc 1382 @36.174s 0%: 0.15+0.49+0.11 ms clock, 2.4+0.53/0.81/0+1.8 ms cpu, 3->4->1 MB, 4 MB goal, 0 MB stacks, 0 MB globals, 16 P
gc 1383 @36.176s 0%: 0.13+0.59+0.10 ms clock, 2.1+0.53/1.0/0+1.6 ms cpu, 3->4->1 MB, 4 MB goal, 0 MB stacks, 0 MB globals, 16 P
gc 1384 @36.178s 0%: 0.16+0.52+0.080 ms clock, 2.5+0.50/0.81/0+1.2 ms cpu, 3->4->1 MB, 4 MB goal, 0 MB stacks, 0 MB globals, 16 P
gc 1385 @36.179s 0%: 0.11+0.74+0.067 ms clock, 1.9+0.68/0.92/0+1.0 ms cpu, 3->4->2 MB, 4 MB goal, 0 MB stacks, 0 MB globals, 16 P
gc 1386 @36.181s 0%: 0.11+0.55+0.10 ms clock, 1.7+0.45/0.84/0.038+1.6 ms cpu, 3->4->1 MB, 4 MB goal, 0 MB stacks, 0 MB globals, 16 P
gc 1387 @36.183s 0%: 0.10+0.62+0.11 ms clock, 1.6+0.45/0.77/0.029+1.9 ms cpu, 3->4->1 MB, 4 MB goal, 0 MB stacks, 0 MB globals, 16 P
gc 1388 @36.184s 0%: 0.12+0.55+0.11 ms clock, 1.9+0.53/0.87/0+1.7 ms cpu, 3->4->1 MB, 4 MB goal, 0 MB stacks, 0 MB globals, 16 P
gc 1389 @36.186s 0%: 0.14+0.58+0.10 ms clock, 2.2+0.67/0.94/0.001+1.7 ms cpu, 3->4->2 MB, 4 MB goal, 0 MB stacks, 0 MB globals, 16 P
gc 1390 @36.188s 0%: 0.12+0.66+0.12 ms clock, 2.0+0.58/0.78/0.076+1.9 ms cpu, 3->4->2 MB, 4 MB goal, 0 MB stacks, 0 MB globals, 16 P
gc 1391 @36.189s 0%: 0.14+0.49+0.19 ms clock, 2.3+0.80/0.77/0+3.0 ms cpu, 3->4->1 MB, 4 MB goal, 0 MB stacks, 0 MB globals, 16 P
gc 1392 @36.191s 0%: 0.13+0.49+0.13 ms clock, 2.1+0.68/0.83/0.004+2.1 ms cpu, 3->4->1 MB, 4 MB goal, 0 MB stacks, 0 MB globals, 16 P
gc 1393 @36.193s 0%: 0.11+0.53+0.092 ms clock, 1.7+0.58/0.93/0+1.4 ms cpu, 3->4->1 MB, 4 MB goal, 0 MB stacks, 0 MB globals, 16 P
gc 1394 @36.194s 0%: 0.11+0.61+0.056 ms clock, 1.8+0.41/0.82/0+0.90 ms cpu, 3->4->1 MB, 4 MB goal, 0 MB stacks, 0 MB globals, 16 P
gc 1395 @36.196s 0%: 0.10+0.55+0.093 ms clock, 1.7+0.46/0.81/0.002+1.4 ms cpu, 3->4->1 MB, 4 MB goal, 0 MB stacks, 0 MB globals, 16 P
gc 1396 @36.197s 0%: 0.16+0.46+0.12 ms clock, 2.5+0.58/0.88/0+1.9 ms cpu, 3->3->1 MB, 4 MB goal, 0 MB stacks, 0 MB globals, 16 P
gc 1397 @36.199s 0%: 0.13+0.58+0.10 ms clock, 2.1+0.62/0.86/0+1.7 ms cpu, 3->4->2 MB, 4 MB goal, 0 MB stacks, 0 MB globals, 16 P
gc 1398 @36.200s 0%: 0.14+0.56+0.073 ms clock, 2.2+0.64/0.71/0.020+1.1 ms cpu, 3->4->1 MB, 4 MB goal, 0 MB stacks, 0 MB globals, 16 P
gc 1399 @36.202s 0%: 0.13+0.54+0.10 ms clock, 2.1+0.50/0.83/0+1.6 ms cpu, 3->4->1 MB, 4 MB goal, 0 MB stacks, 0 MB globals, 16 P
gc 1400 @36.204s 0%: 0.11+0.48+0.11 ms clock, 1.8+0.61/0.78/0+1.7 ms cpu, 3->4->1 MB, 4 MB goal, 0 MB stacks, 0 MB globals, 16 P
gc 1401 @36.205s 0%: 0.13+0.69+0.11 ms clock, 2.1+0.56/0.76/0+1.7 ms cpu, 3->4->2 MB, 4 MB goal, 0 MB stacks, 0 MB globals, 16 P
gc 1402 @36.207s 0%: 0.14+0.67+0.13 ms clock, 2.3+0.55/0.91/0+2.1 ms cpu, 3->4->2 MB, 4 MB goal, 0 MB stacks, 0 MB globals, 16 P
gc 1403 @36.209s 0%: 0.15+0.65+0.081 ms clock, 2.4+0.65/0.74/0+1.2 ms cpu, 3->4->2 MB, 4 MB goal, 0 MB stacks, 0 MB globals, 16 P
gc 1404 @36.211s 0%: 0.13+0.52+0.20 ms clock, 2.1+0.60/0.76/0.004+3.2 ms cpu, 3->4->1 MB, 4 MB goal, 0 MB stacks, 0 MB globals, 16 P
gc 1405 @36.212s 0%: 0.12+0.75+0.10 ms clock, 2.0+0.53/0.84/0.021+1.6 ms cpu, 3->4->2 MB, 4 MB goal, 0 MB stacks, 0 MB globals, 16 P
gc 1406 @36.214s 0%: 0.16+0.72+0.10 ms clock, 2.5+0.60/0.94/0.022+1.6 ms cpu, 3->4->2 MB, 4 MB goal, 0 MB stacks, 0 MB globals, 16 P
gc 1407 @36.217s 0%: 0.21+0.62+0.080 ms clock, 3.4+0.56/0.83/0+1.2 ms cpu, 4->4->1 MB, 4 MB goal, 0 MB stacks, 0 MB globals, 16 P
gc 1408 @36.218s 0%: 0.13+0.53+0.11 ms clock, 2.1+0.62/0.76/0+1.8 ms cpu, 3->4->1 MB, 4 MB goal, 0 MB stacks, 0 MB globals, 16 P
gc 1409 @36.220s 0%: 0.15+0.52+0.11 ms clock, 2.4+0.60/0.85/0+1.7 ms cpu, 3->4->1 MB, 4 MB goal, 0 MB stacks, 0 MB globals, 16 P
gc 1410 @36.221s 0%: 0.11+0.39+0.089 ms clock, 1.8+0.48/0.86/0+1.4 ms cpu, 3->4->1 MB, 4 MB goal, 0 MB stacks, 0 MB globals, 16 P
gc 1411 @36.223s 0%: 0.11+0.47+0.14 ms clock, 1.8+0.58/0.87/0+2.3 ms cpu, 3->4->1 MB, 4 MB goal, 0 MB stacks, 0 MB globals, 16 P
gc 1412 @36.224s 0%: 0.13+0.51+0.19 ms clock, 2.2+0.69/0.69/0.008+3.1 ms cpu, 3->4->1 MB, 4 MB goal, 0 MB stacks, 0 MB globals, 16 P
gc 1413 @36.226s 0%: 0.13+0.48+0.15 ms clock, 2.1+0.68/0.84/0+2.5 ms cpu, 3->4->1 MB, 4 MB goal, 0 MB stacks, 0 MB globals, 16 P
gc 1414 @36.228s 0%: 0.16+0.53+0.17 ms clock, 2.6+0.67/0.76/0+2.7 ms cpu, 3->4->1 MB, 4 MB goal, 0 MB stacks, 0 MB globals, 16 P
gc 1415 @36.229s 0%: 0.13+0.52+0.12 ms clock, 2.1+0.67/0.84/0+1.9 ms cpu, 3->4->1 MB, 4 MB goal, 0 MB stacks, 0 MB globals, 16 P
gc 1416 @36.231s 0%: 0.16+0.59+0.097 ms clock, 2.6+0.69/0.82/0+1.5 ms cpu, 3->4->2 MB, 4 MB goal, 0 MB stacks, 0 MB globals, 16 P
gc 1417 @36.232s 0%: 0.15+0.53+0.13 ms clock, 2.5+0.58/0.83/0+2.2 ms cpu, 3->4->1 MB, 4 MB goal, 0 MB stacks, 0 MB globals, 16 P
gc 1418 @36.234s 0%: 0.16+0.54+0.10 ms clock, 2.5+0.65/0.75/0+1.7 ms cpu, 3->4->1 MB, 4 MB goal, 0 MB stacks, 0 MB globals, 16 P
gc 1419 @36.236s 0%: 0.10+0.50+0.088 ms clock, 1.6+0.58/0.93/0+1.4 ms cpu, 3->4->1 MB, 4 MB goal, 0 MB stacks, 0 MB globals, 16 P
gc 1420 @36.237s 0%: 0.12+0.57+0.12 ms clock, 1.9+0.61/0.80/0+2.0 ms cpu, 3->4->1 MB, 4 MB goal, 0 MB stacks, 0 MB globals, 16 P
gc 1421 @36.239s 0%: 0.10+0.47+0.14 ms clock, 1.6+0.55/0.79/0.003+2.3 ms cpu, 3->4->1 MB, 4 MB goal, 0 MB stacks, 0 MB globals, 16 P
gc 1422 @36.240s 0%: 0.11+0.54+0.10 ms clock, 1.8+0.60/0.86/0+1.7 ms cpu, 3->4->1 MB, 4 MB goal, 0 MB stacks, 0 MB globals, 16 P
gc 1423 @36.242s 0%: 0.13+0.56+0.074 ms clock, 2.1+0.66/0.72/0+1.1 ms cpu, 3->4->1 MB, 4 MB goal, 0 MB stacks, 0 MB globals, 16 P
gc 1424 @36.244s 0%: 0.14+0.58+0.078 ms clock, 2.2+0.61/0.80/0+1.2 ms cpu, 3->4->1 MB, 4 MB goal, 0 MB stacks, 0 MB globals, 16 P
gc 1425 @36.245s 0%: 0.13+0.55+0.10 ms clock, 2.0+0.61/0.83/0+1.6 ms cpu, 3->4->1 MB, 4 MB goal, 0 MB stacks, 0 MB globals, 16 P
gc 1426 @36.247s 0%: 0.11+0.49+0.093 ms clock, 1.9+0.61/0.76/0+1.5 ms cpu, 3->4->1 MB, 4 MB goal, 0 MB stacks, 0 MB globals, 16 P
gc 1427 @36.248s 0%: 0.15+0.67+0.13 ms clock, 2.4+0.54/0.91/0+2.2 ms cpu, 3->4->2 MB, 4 MB goal, 0 MB stacks, 0 MB globals, 16 P
gc 1428 @36.250s 0%: 0.10+0.63+0.11 ms clock, 1.7+0.57/0.93/0.002+1.8 ms cpu, 3->4->1 MB, 4 MB goal, 0 MB stacks, 0 MB globals, 16 P
gc 1429 @36.252s 0%: 0.13+0.60+0.11 ms clock, 2.1+0.56/0.84/0+1.8 ms cpu, 3->4->2 MB, 4 MB goal, 0 MB stacks, 0 MB globals, 16 P
gc 1430 @36.254s 0%: 0.12+0.56+0.095 ms clock, 2.0+0.54/0.81/0.007+1.5 ms cpu, 3->4->1 MB, 4 MB goal, 0 MB stacks, 0 MB globals, 16 P
gc 1431 @36.256s 0%: 0.11+0.45+0.11 ms clock, 1.8+0.45/0.72/0+1.8 ms cpu, 3->4->1 MB, 4 MB goal, 0 MB stacks, 0 MB globals, 16 P
gc 1432 @36.257s 0%: 0.12+0.53+0.11 ms clock, 1.9+0.55/0.86/0.001+1.8 ms cpu, 3->4->1 MB, 4 MB goal, 0 MB stacks, 0 MB globals, 16 P
gc 1433 @36.259s 0%: 0.16+0.60+0.093 ms clock, 2.6+0.50/0.80/0.025+1.4 ms cpu, 3->4->1 MB, 4 MB goal, 0 MB stacks, 0 MB globals, 16 P
gc 1434 @36.260s 0%: 0.15+0.48+0.14 ms clock, 2.4+0.38/0.81/0+2.2 ms cpu, 3->4->1 MB, 4 MB goal, 0 MB stacks, 0 MB globals, 16 P
gc 1435 @36.262s 0%: 0.15+0.69+0.10 ms clock, 2.4+0.59/0.96/0.039+1.7 ms cpu, 3->4->2 MB, 4 MB goal, 0 MB stacks, 0 MB globals, 16 P
gc 1436 @36.264s 0%: 0.14+0.56+0.13 ms clock, 2.2+0.66/0.89/0.007+2.1 ms cpu, 3->4->2 MB, 4 MB goal, 0 MB stacks, 0 MB globals, 16 P
gc 1437 @36.266s 0%: 0.15+0.51+0.15 ms clock, 2.4+0.69/0.74/0+2.4 ms cpu, 3->4->1 MB, 4 MB goal, 0 MB stacks, 0 MB globals, 16 P
gc 1438 @36.267s 0%: 0.15+0.65+0.11 ms clock, 2.4+0.59/1.0/0.039+1.8 ms cpu, 3->4->2 MB, 4 MB goal, 0 MB stacks, 0 MB globals, 16 P
gc 1439 @36.269s 0%: 0.14+0.58+0.12 ms clock, 2.3+0.68/0.77/0+2.0 ms cpu, 4->4->1 MB, 4 MB goal, 0 MB stacks, 0 MB globals, 16 P
gc 1440 @36.271s 0%: 0.085+0.64+0.10 ms clock, 1.3+0.56/0.82/0+1.6 ms cpu, 3->4->1 MB, 4 MB goal, 0 MB stacks, 0 MB globals, 16 P
gc 1441 @36.272s 0%: 0.11+0.47+0.10 ms clock, 1.8+0.52/0.88/0+1.6 ms cpu, 3->4->1 MB, 4 MB goal, 0 MB stacks, 0 MB globals, 16 P
gc 1442 @36.274s 0%: 0.13+0.53+0.089 ms clock, 2.1+0.54/0.85/0.062+1.4 ms cpu, 3->4->1 MB, 4 MB goal, 0 MB stacks, 0 MB globals, 16 P
gc 1443 @36.275s 0%: 0.13+0.81+0.15 ms clock, 2.1+0.59/0.71/0.19+2.4 ms cpu, 3->4->2 MB, 4 MB goal, 0 MB stacks, 0 MB globals, 16 P
gc 1444 @36.277s 0%: 0.077+0.61+0.13 ms clock, 1.2+0.52/0.86/0.003+2.2 ms cpu, 3->4->1 MB, 4 MB goal, 0 MB stacks, 0 MB globals, 16 P
gc 1445 @36.279s 0%: 0.10+0.44+0.095 ms clock, 1.7+0.63/0.76/0.033+1.5 ms cpu, 3->4->1 MB, 4 MB goal, 0 MB stacks, 0 MB globals, 16 P
gc 1446 @36.281s 0%: 0.12+0.50+0.13 ms clock, 1.9+0.68/0.65/0+2.2 ms cpu, 3->4->1 MB, 4 MB goal, 0 MB stacks, 0 MB globals, 16 P
gc 1447 @36.282s 0%: 0.18+0.52+0.13 ms clock, 2.9+0.56/0.84/0+2.2 ms cpu, 3->4->1 MB, 4 MB goal, 0 MB stacks, 0 MB globals, 16 P
gc 1448 @36.284s 0%: 0.12+0.62+0.11 ms clock, 1.9+0.49/0.85/0.031+1.8 ms cpu, 3->4->1 MB, 4 MB goal, 0 MB stacks, 0 MB globals, 16 P
gc 1449 @36.285s 0%: 0.12+0.47+0.17 ms clock, 1.9+0.58/0.79/0.004+2.7 ms cpu, 3->4->1 MB, 4 MB goal, 0 MB stacks, 0 MB globals, 16 P
gc 1450 @36.287s 0%: 0.18+0.70+0.082 ms clock, 2.8+0.64/0.72/0+1.3 ms cpu, 3->4->2 MB, 4 MB goal, 0 MB stacks, 0 MB globals, 16 P
gc 1451 @36.289s 0%: 0.11+0.53+0.10 ms clock, 1.7+0.55/0.86/0.028+1.7 ms cpu, 3->4->1 MB, 4 MB goal, 0 MB stacks, 0 MB globals, 16 P
gc 1452 @36.291s 0%: 0.16+0.69+0.10 ms clock, 2.5+0.76/0.68/0+1.7 ms cpu, 3->4->2 MB, 4 MB goal, 0 MB stacks, 0 MB globals, 16 P
gc 1453 @36.292s 0%: 0.12+0.60+0.071 ms clock, 2.0+0.52/0.68/0+1.1 ms cpu, 3->4->1 MB, 4 MB goal, 0 MB stacks, 0 MB globals, 16 P
gc 1454 @36.294s 0%: 0.10+0.61+0.072 ms clock, 1.6+0.56/0.93/0+1.1 ms cpu, 3->4->1 MB, 4 MB goal, 0 MB stacks, 0 MB globals, 16 P
gc 1455 @36.296s 0%: 0.15+0.43+0.11 ms clock, 2.5+0.65/0.82/0+1.8 ms cpu, 3->4->1 MB, 4 MB goal, 0 MB stacks, 0 MB globals, 16 P
gc 1456 @36.297s 0%: 0.11+0.61+0.090 ms clock, 1.8+0.62/0.72/0.070+1.4 ms cpu, 3->4->1 MB, 4 MB goal, 0 MB stacks, 0 MB globals, 16 P
gc 1457 @36.299s 0%: 0.12+0.64+0.16 ms clock, 1.9+0.46/1.0/0.004+2.6 ms cpu, 3->4->2 MB, 4 MB goal, 0 MB stacks, 0 MB globals, 16 P
gc 1458 @36.300s 0%: 0.11+0.78+0.12 ms clock, 1.8+0.63/0.77/0.006+1.9 ms cpu, 3->4->2 MB, 4 MB goal, 0 MB stacks, 0 MB globals, 16 P
gc 1459 @36.302s 0%: 0.11+0.52+0.10 ms clock, 1.9+0.50/0.84/0.004+1.6 ms cpu, 3->4->1 MB, 4 MB goal, 0 MB stacks, 0 MB globals, 16 P
gc 1460 @36.304s 0%: 0.13+0.53+0.11 ms clock, 2.1+0.60/0.87/0+1.8 ms cpu, 3->4->1 MB, 4 MB goal, 0 MB stacks, 0 MB globals, 16 P
gc 1461 @36.306s 0%: 0.11+0.51+0.079 ms clock, 1.8+0.43/0.87/0.001+1.2 ms cpu, 3->4->1 MB, 4 MB goal, 0 MB stacks, 0 MB globals, 16 P
gc 1462 @36.307s 0%: 0.13+0.50+0.097 ms clock, 2.2+0.85/0.75/0+1.5 ms cpu, 3->4->1 MB, 4 MB goal, 0 MB stacks, 0 MB globals, 16 P
gc 1463 @36.309s 0%: 0.12+0.48+0.12 ms clock, 2.0+0.69/0.73/0+1.9 ms cpu, 3->4->1 MB, 4 MB goal, 0 MB stacks, 0 MB globals, 16 P
gc 1464 @36.310s 0%: 0.14+0.48+0.11 ms clock, 2.3+0.61/0.80/0+1.8 ms cpu, 3->4->1 MB, 4 MB goal, 0 MB stacks, 0 MB globals, 16 P
gc 1465 @36.312s 0%: 0.10+0.68+0.090 ms clock, 1.6+0.58/0.87/0+1.4 ms cpu, 3->4->2 MB, 4 MB goal, 0 MB stacks, 0 MB globals, 16 P
gc 1466 @36.314s 0%: 0.13+0.66+0.062 ms clock, 2.0+0.43/0.89/0+1.0 ms cpu, 3->4->2 MB, 4 MB goal, 0 MB stacks, 0 MB globals, 16 P
gc 1467 @36.316s 0%: 0.11+0.59+0.16 ms clock, 1.9+0.60/0.69/0+2.5 ms cpu, 3->4->1 MB, 4 MB goal, 0 MB stacks, 0 MB globals, 16 P
gc 1468 @36.317s 0%: 0.15+0.49+0.12 ms clock, 2.4+0.61/0.70/0+1.9 ms cpu, 3->4->1 MB, 4 MB goal, 0 MB stacks, 0 MB globals, 16 P
gc 1469 @36.319s 0%: 0.12+0.53+0.10 ms clock, 2.0+0.59/0.82/0.001+1.7 ms cpu, 3->4->1 MB, 4 MB goal, 0 MB stacks, 0 MB globals, 16 P
gc 1470 @36.320s 0%: 0.091+0.64+0.095 ms clock, 1.4+0.58/0.86/0.011+1.5 ms cpu, 3->4->1 MB, 4 MB goal, 0 MB stacks, 0 MB globals, 16 P
gc 1471 @36.322s 0%: 0.13+0.67+0.045 ms clock, 2.1+0.82/0.70/0+0.72 ms cpu, 3->4->1 MB, 4 MB goal, 0 MB stacks, 0 MB globals, 16 P
gc 1472 @36.324s 0%: 0.13+0.70+0.10 ms clock, 2.1+0.64/0.87/0+1.6 ms cpu, 3->4->2 MB, 4 MB goal, 0 MB stacks, 0 MB globals, 16 P
gc 1473 @36.326s 0%: 0.11+0.88+0.10 ms clock, 1.8+0.54/0.82/0+1.6 ms cpu, 3->4->2 MB, 4 MB goal, 0 MB stacks, 0 MB globals, 16 P
gc 1474 @36.328s 0%: 0.13+0.51+0.19 ms clock, 2.0+0.76/0.83/0+3.1 ms cpu, 4->4->1 MB, 4 MB goal, 0 MB stacks, 0 MB globals, 16 P
gc 1475 @36.329s 0%: 0.14+0.55+0.12 ms clock, 2.3+0.65/0.90/0+2.0 ms cpu, 3->4->1 MB, 4 MB goal, 0 MB stacks, 0 MB globals, 16 P
gc 1476 @36.331s 0%: 0.10+0.50+0.11 ms clock, 1.7+0.59/0.75/0+1.8 ms cpu, 3->4->1 MB, 4 MB goal, 0 MB stacks, 0 MB globals, 16 P
gc 1477 @36.333s 0%: 0.12+0.52+0.10 ms clock, 2.0+0.53/0.90/0.014+1.6 ms cpu, 3->4->1 MB, 4 MB goal, 0 MB stacks, 0 MB globals, 16 P
gc 1478 @36.334s 0%: 0.13+0.45+0.10 ms clock, 2.1+0.54/0.84/0+1.7 ms cpu, 3->4->1 MB, 4 MB goal, 0 MB stacks, 0 MB globals, 16 P
gc 1479 @36.336s 0%: 0.15+0.74+0.037 ms clock, 2.4+0.71/0.66/0.011+0.60 ms cpu, 3->4->1 MB, 4 MB goal, 0 MB stacks, 0 MB globals, 16 P
gc 1480 @36.337s 0%: 0.11+0.59+0.097 ms clock, 1.8+0.52/0.88/0+1.5 ms cpu, 3->4->2 MB, 4 MB goal, 0 MB stacks, 0 MB globals, 16 P
gc 1481 @36.339s 0%: 0.15+0.62+0.15 ms clock, 2.4+0.54/0.72/0.060+2.5 ms cpu, 3->4->1 MB, 4 MB goal, 0 MB stacks, 0 MB globals, 16 P
gc 1482 @36.341s 0%: 0.10+0.65+0.078 ms clock, 1.7+0.60/0.88/0+1.2 ms cpu, 3->4->2 MB, 4 MB goal, 0 MB stacks, 0 MB globals, 16 P
gc 1483 @36.342s 0%: 0.15+0.50+0.18 ms clock, 2.4+0.72/0.75/0+2.9 ms cpu, 3->4->1 MB, 4 MB goal, 0 MB stacks, 0 MB globals, 16 P
gc 1484 @36.344s 0%: 0.13+0.68+0.074 ms clock, 2.2+0.63/0.79/0+1.1 ms cpu, 3->4->2 MB, 4 MB goal, 0 MB stacks, 0 MB globals, 16 P
gc 1485 @36.346s 0%: 0.10+0.51+0.10 ms clock, 1.6+0.43/0.85/0+1.7 ms cpu, 3->4->1 MB, 4 MB goal, 0 MB stacks, 0 MB globals, 16 P
gc 1486 @36.347s 0%: 0.18+0.59+0.12 ms clock, 2.9+0.51/0.92/0+2.0 ms cpu, 3->4->2 MB, 4 MB goal, 0 MB stacks, 0 MB globals, 16 P
gc 1487 @36.349s 0%: 0.076+0.51+0.061 ms clock, 1.2+0.58/0.83/0.023+0.97 ms cpu, 3->4->1 MB, 4 MB goal, 0 MB stacks, 0 MB globals, 16 P
gc 1488 @36.351s 0%: 0.076+0.50+0.083 ms clock, 1.2+0.52/0.81/0.011+1.3 ms cpu, 3->3->1 MB, 4 MB goal, 0 MB stacks, 0 MB globals, 16 P
gc 1489 @36.352s 0%: 0.15+0.48+0.14 ms clock, 2.5+0.48/0.84/0.010+2.2 ms cpu, 3->4->1 MB, 4 MB goal, 0 MB stacks, 0 MB globals, 16 P
gc 1490 @36.353s 0%: 0.14+0.60+0.11 ms clock, 2.3+0.56/0.85/0+1.7 ms cpu, 3->4->2 MB, 4 MB goal, 0 MB stacks, 0 MB globals, 16 P
gc 1491 @36.355s 0%: 0.16+0.50+0.12 ms clock, 2.6+0.71/0.75/0+1.9 ms cpu, 3->4->1 MB, 4 MB goal, 0 MB stacks, 0 MB globals, 16 P
gc 1492 @36.357s 0%: 0.099+0.52+0.10 ms clock, 1.5+0.60/0.87/0.008+1.6 ms cpu, 3->4->1 MB, 4 MB goal, 0 MB stacks, 0 MB globals, 16 P
gc 1493 @36.358s 0%: 0.10+0.61+0.10 ms clock, 1.6+0.67/0.71/0.004+1.6 ms cpu, 3->4->2 MB, 4 MB goal, 0 MB stacks, 0 MB globals, 16 P
gc 1494 @36.360s 0%: 0.10+0.57+0.089 ms clock, 1.6+0.54/0.85/0.002+1.4 ms cpu, 3->4->1 MB, 4 MB goal, 0 MB stacks, 0 MB globals, 16 P
gc 1495 @36.362s 0%: 0.11+0.47+0.13 ms clock, 1.7+0.62/0.67/0.14+2.1 ms cpu, 3->4->1 MB, 4 MB goal, 0 MB stacks, 0 MB globals, 16 P
gc 1496 @36.363s 0%: 0.10+0.54+0.12 ms clock, 1.6+0.51/0.76/0+1.9 ms cpu, 3->4->1 MB, 4 MB goal, 0 MB stacks, 0 MB globals, 16 P
gc 1497 @36.365s 0%: 0.12+0.63+0.11 ms clock, 2.0+0.61/0.72/0+1.8 ms cpu, 3->4->2 MB, 4 MB goal, 0 MB stacks, 0 MB globals, 16 P
gc 1498 @36.367s 0%: 0.16+0.60+0.082 ms clock, 2.6+0.67/0.75/0.034+1.3 ms cpu, 3->4->2 MB, 4 MB goal, 0 MB stacks, 0 MB globals, 16 P
gc 1499 @36.368s 0%: 0.15+0.51+0.12 ms clock, 2.4+0.60/0.73/0+2.0 ms cpu, 3->4->1 MB, 4 MB goal, 0 MB stacks, 0 MB globals, 16 P
gc 1500 @36.370s 0%: 0.22+0.83+0.12 ms clock, 3.6+0.40/0.83/0.071+2.0 ms cpu, 3->4->2 MB, 4 MB goal, 0 MB stacks, 0 MB globals, 16 P
gc 1501 @36.372s 0%: 0.11+0.57+0.10 ms clock, 1.8+0.59/0.81/0+1.7 ms cpu, 4->4->1 MB, 4 MB goal, 0 MB stacks, 0 MB globals, 16 P
gc 1502 @36.374s 0%: 0.12+0.68+0.091 ms clock, 1.9+0.49/0.90/0.017+1.4 ms cpu, 3->4->2 MB, 4 MB goal, 0 MB stacks, 0 MB globals, 16 P
gc 1503 @36.376s 0%: 0.16+0.61+0.11 ms clock, 2.6+0.64/0.87/0+1.8 ms cpu, 3->4->2 MB, 4 MB goal, 0 MB stacks, 0 MB globals, 16 P
gc 1504 @36.378s 0%: 0.076+0.59+0.12 ms clock, 1.2+0.60/0.75/0.014+1.9 ms cpu, 3->4->1 MB, 4 MB goal, 0 MB stacks, 0 MB globals, 16 P
gc 1505 @36.379s 0%: 0.18+0.64+0.13 ms clock, 2.9+0.73/0.91/0+2.1 ms cpu, 3->4->2 MB, 4 MB goal, 0 MB stacks, 0 MB globals, 16 P
gc 1506 @36.381s 0%: 0.15+0.63+0.097 ms clock, 2.5+0.52/0.92/0+1.5 ms cpu, 3->4->2 MB, 4 MB goal, 0 MB stacks, 0 MB globals, 16 P
gc 1507 @36.383s 0%: 0.12+0.72+0.10 ms clock, 1.9+0.60/0.68/0+1.7 ms cpu, 3->4->2 MB, 4 MB goal, 0 MB stacks, 0 MB globals, 16 P
gc 1508 @36.385s 0%: 0.11+0.52+0.15 ms clock, 1.8+0.52/0.87/0+2.5 ms cpu, 3->4->1 MB, 4 MB goal, 0 MB stacks, 0 MB globals, 16 P
gc 1509 @36.386s 0%: 0.11+0.61+0.086 ms clock, 1.9+0.64/0.75/0+1.3 ms cpu, 3->4->1 MB, 4 MB goal, 0 MB stacks, 0 MB globals, 16 P
gc 1510 @36.388s 0%: 0.10+0.71+0.077 ms clock, 1.6+0.58/1.0/0.049+1.2 ms cpu, 3->4->2 MB, 4 MB goal, 0 MB stacks, 0 MB globals, 16 P
gc 1511 @36.390s 0%: 0.14+0.74+0.091 ms clock, 2.3+0.51/0.88/0+1.4 ms cpu, 3->4->2 MB, 4 MB goal, 0 MB stacks, 0 MB globals, 16 P
gc 1512 @36.392s 0%: 0.12+0.65+0.082 ms clock, 2.0+0.50/0.93/0+1.3 ms cpu, 3->4->2 MB, 4 MB goal, 0 MB stacks, 0 MB globals, 16 P
gc 1513 @36.393s 0%: 0.16+0.48+0.11 ms clock, 2.7+0.68/0.78/0+1.9 ms cpu, 3->4->1 MB, 4 MB goal, 0 MB stacks, 0 MB globals, 16 P
gc 1514 @36.395s 0%: 0.11+0.54+0.13 ms clock, 1.8+0.51/0.81/0.005+2.0 ms cpu, 3->4->1 MB, 4 MB goal, 0 MB stacks, 0 MB globals, 16 P
gc 1515 @36.397s 0%: 0.13+0.49+0.12 ms clock, 2.1+0.55/0.74/0.002+1.9 ms cpu, 3->4->1 MB, 4 MB goal, 0 MB stacks, 0 MB globals, 16 P
gc 1516 @36.398s 0%: 0.11+0.60+0.11 ms clock, 1.9+0.55/0.90/0+1.8 ms cpu, 3->4->2 MB, 4 MB goal, 0 MB stacks, 0 MB globals, 16 P
gc 1517 @36.400s 0%: 0.11+0.65+0.070 ms clock, 1.8+0.60/0.96/0+1.1 ms cpu, 3->4->1 MB, 4 MB goal, 0 MB stacks, 0 MB globals, 16 P
gc 1518 @36.402s 0%: 0.10+0.76+0.092 ms clock, 1.7+0.57/0.85/0.052+1.4 ms cpu, 3->4->2 MB, 4 MB goal, 0 MB stacks, 0 MB globals, 16 P
gc 1519 @36.403s 0%: 0.10+0.73+0.081 ms clock, 1.6+0.46/0.94/0.004+1.3 ms cpu, 3->4->2 MB, 4 MB goal, 0 MB stacks, 0 MB globals, 16 P
gc 1520 @36.405s 0%: 0.12+0.78+0.12 ms clock, 2.0+0.52/0.89/0.020+2.0 ms cpu, 3->4->2 MB, 4 MB goal, 0 MB stacks, 0 MB globals, 16 P
gc 1521 @36.407s 0%: 0.18+0.53+0.18 ms clock, 2.9+0.71/0.70/0+2.9 ms cpu, 3->4->2 MB, 4 MB goal, 0 MB stacks, 0 MB globals, 16 P
gc 1522 @36.409s 0%: 0.18+0.75+0.080 ms clock, 2.9+0.59/0.91/0+1.2 ms cpu, 3->4->2 MB, 4 MB goal, 0 MB stacks, 0 MB globals, 16 P
gc 1523 @36.411s 0%: 0.12+0.52+0.12 ms clock, 2.0+0.81/0.59/0.073+1.9 ms cpu, 3->4->1 MB, 4 MB goal, 0 MB stacks, 0 MB globals, 16 P
gc 1524 @36.412s 0%: 0.13+0.63+0.13 ms clock, 2.2+0.76/0.92/0+2.1 ms cpu, 3->4->2 MB, 4 MB goal, 0 MB stacks, 0 MB globals, 16 P
gc 1525 @36.414s 0%: 0.12+0.55+0.090 ms clock, 2.0+0.53/0.79/0.004+1.4 ms cpu, 3->4->1 MB, 4 MB goal, 0 MB stacks, 0 MB globals, 16 P
gc 1526 @36.416s 0%: 0.17+0.78+0.11 ms clock, 2.8+0.68/0.89/0+1.8 ms cpu, 3->4->2 MB, 4 MB goal, 0 MB stacks, 0 MB globals, 16 P
gc 1527 @36.418s 0%: 0.11+0.64+0.095 ms clock, 1.8+0.64/0.87/0+1.5 ms cpu, 4->5->2 MB, 4 MB goal, 0 MB stacks, 0 MB globals, 16 P
gc 1528 @36.420s 0%: 0.11+0.65+0.074 ms clock, 1.8+0.63/0.88/0+1.1 ms cpu, 3->4->1 MB, 4 MB goal, 0 MB stacks, 0 MB globals, 16 P
gc 1529 @36.421s 0%: 0.12+0.64+0.17 ms clock, 2.0+0.65/0.76/0+2.8 ms cpu, 3->4->2 MB, 4 MB goal, 0 MB stacks, 0 MB globals, 16 P
gc 1530 @36.423s 0%: 0.13+0.51+0.17 ms clock, 2.1+0.54/0.97/0+2.7 ms cpu, 3->4->1 MB, 4 MB goal, 0 MB stacks, 0 MB globals, 16 P
gc 1531 @36.425s 0%: 0.089+0.50+0.10 ms clock, 1.4+0.53/0.86/0.005+1.6 ms cpu, 3->4->1 MB, 4 MB goal, 0 MB stacks, 0 MB globals, 16 P
gc 1532 @36.427s 0%: 0.13+0.48+0.15 ms clock, 2.1+0.64/0.76/0.052+2.5 ms cpu, 3->3->1 MB, 4 MB goal, 0 MB stacks, 0 MB globals, 16 P
gc 1533 @36.428s 0%: 0.14+0.63+0.064 ms clock, 2.3+0.64/1.0/0.012+1.0 ms cpu, 3->4->2 MB, 4 MB goal, 0 MB stacks, 0 MB globals, 16 P
gc 1534 @36.430s 0%: 0.10+0.48+0.11 ms clock, 1.6+0.54/0.91/0+1.8 ms cpu, 3->4->1 MB, 4 MB goal, 0 MB stacks, 0 MB globals, 16 P
gc 1535 @36.431s 0%: 0.12+0.49+0.10 ms clock, 1.9+0.50/0.80/0.002+1.7 ms cpu, 3->3->1 MB, 4 MB goal, 0 MB stacks, 0 MB globals, 16 P
gc 1536 @36.433s 0%: 0.13+0.50+0.12 ms clock, 2.1+0.81/0.85/0.015+2.0 ms cpu, 3->4->1 MB, 4 MB goal, 0 MB stacks, 0 MB globals, 16 P
gc 1537 @36.434s 0%: 0.10+0.44+0.13 ms clock, 1.7+0.63/0.70/0+2.1 ms cpu, 3->4->1 MB, 4 MB goal, 0 MB stacks, 0 MB globals, 16 P
gc 1538 @36.436s 0%: 0.18+0.65+0.12 ms clock, 2.8+0.54/0.89/0+1.9 ms cpu, 3->4->2 MB, 4 MB goal, 0 MB stacks, 0 MB globals, 16 P
gc 1539 @36.437s 0%: 0.10+0.61+0.083 ms clock, 1.7+0.50/0.72/0+1.3 ms cpu, 3->4->1 MB, 4 MB goal, 0 MB stacks, 0 MB globals, 16 P
gc 1540 @36.439s 0%: 0.11+0.53+0.085 ms clock, 1.7+0.52/0.88/0+1.3 ms cpu, 3->4->1 MB, 4 MB goal, 0 MB stacks, 0 MB globals, 16 P
gc 1541 @36.441s 0%: 0.11+0.51+0.17 ms clock, 1.8+0.59/0.76/0.004+2.8 ms cpu, 3->4->1 MB, 4 MB goal, 0 MB stacks, 0 MB globals, 16 P
gc 1542 @36.442s 0%: 0.14+0.61+0.091 ms clock, 2.3+0.67/0.79/0+1.4 ms cpu, 3->4->2 MB, 4 MB goal, 0 MB stacks, 0 MB globals, 16 P
gc 1543 @36.444s 0%: 0.11+0.62+0.082 ms clock, 1.9+0.56/0.90/0+1.3 ms cpu, 3->4->2 MB, 4 MB goal, 0 MB stacks, 0 MB globals, 16 P
gc 1544 @36.446s 0%: 0.15+0.60+0.15 ms clock, 2.4+0.72/0.87/0+2.4 ms cpu, 3->4->2 MB, 4 MB goal, 0 MB stacks, 0 MB globals, 16 P
gc 1545 @36.447s 0%: 0.13+0.59+0.15 ms clock, 2.1+0.56/0.77/0.004+2.5 ms cpu, 3->4->1 MB, 4 MB goal, 0 MB stacks, 0 MB globals, 16 P
gc 1546 @36.449s 0%: 0.13+0.51+0.10 ms clock, 2.2+0.59/0.87/0+1.7 ms cpu, 3->4->1 MB, 4 MB goal, 0 MB stacks, 0 MB globals, 16 P
gc 1547 @36.451s 0%: 0.16+0.41+0.19 ms clock, 2.6+0.52/0.66/0.10+3.0 ms cpu, 3->3->1 MB, 4 MB goal, 0 MB stacks, 0 MB globals, 16 P
gc 1548 @36.452s 0%: 0.15+0.55+0.078 ms clock, 2.4+0.45/0.93/0+1.2 ms cpu, 3->4->2 MB, 4 MB goal, 0 MB stacks, 0 MB globals, 16 P
gc 1549 @36.454s 0%: 0.082+0.53+0.14 ms clock, 1.3+0.63/0.88/0+2.2 ms cpu, 4->4->1 MB, 4 MB goal, 0 MB stacks, 0 MB globals, 16 P
gc 1550 @36.456s 0%: 0.11+0.60+0.14 ms clock, 1.8+0.47/0.85/0.018+2.2 ms cpu, 3->4->2 MB, 4 MB goal, 0 MB stacks, 0 MB globals, 16 P
gc 1551 @36.458s 0%: 0.13+0.44+0.10 ms clock, 2.1+0.47/0.82/0.022+1.6 ms cpu, 3->4->1 MB, 4 MB goal, 0 MB stacks, 0 MB globals, 16 P
gc 1552 @36.459s 0%: 0.14+0.67+0.10 ms clock, 2.2+0.60/1.0/0+1.6 ms cpu, 3->4->2 MB, 4 MB goal, 0 MB stacks, 0 MB globals, 16 P
gc 1553 @36.461s 0%: 0.14+0.51+0.11 ms clock, 2.2+0.67/0.64/0+1.7 ms cpu, 3->4->1 MB, 4 MB goal, 0 MB stacks, 0 MB globals, 16 P
gc 1554 @36.462s 0%: 0.13+0.68+0.040 ms clock, 2.1+0.50/0.72/0+0.65 ms cpu, 3->4->1 MB, 4 MB goal, 0 MB stacks, 0 MB globals, 16 P
gc 1555 @36.464s 0%: 0.14+0.66+0.092 ms clock, 2.2+0.53/0.95/0+1.4 ms cpu, 3->4->2 MB, 4 MB goal, 0 MB stacks, 0 MB globals, 16 P
gc 1556 @36.466s 0%: 0.14+0.56+0.12 ms clock, 2.3+0.62/0.81/0+2.0 ms cpu, 3->4->2 MB, 4 MB goal, 0 MB stacks, 0 MB globals, 16 P
gc 1557 @36.468s 0%: 0.17+0.55+0.066 ms clock, 2.7+0.61/0.84/0.011+1.0 ms cpu, 3->4->1 MB, 4 MB goal, 0 MB stacks, 0 MB globals, 16 P
gc 1558 @36.469s 0%: 0.12+0.52+0.076 ms clock, 2.0+0.47/0.85/0.005+1.2 ms cpu, 3->4->1 MB, 4 MB goal, 0 MB stacks, 0 MB globals, 16 P
gc 1559 @36.471s 0%: 0.14+0.45+0.10 ms clock, 2.3+0.52/0.75/0+1.6 ms cpu, 3->4->1 MB, 4 MB goal, 0 MB stacks, 0 MB globals, 16 P
gc 1560 @36.472s 0%: 0.12+0.53+0.11 ms clock, 1.9+0.61/0.76/0+1.9 ms cpu, 3->4->1 MB, 4 MB goal, 0 MB stacks, 0 MB globals, 16 P
gc 1561 @36.474s 0%: 0.15+0.55+0.16 ms clock, 2.4+0.67/0.84/0+2.6 ms cpu, 3->4->2 MB, 4 MB goal, 0 MB stacks, 0 MB globals, 16 P
gc 1562 @36.476s 0%: 0.11+0.60+0.10 ms clock, 1.8+0.57/0.83/0+1.7 ms cpu, 3->4->1 MB, 4 MB goal, 0 MB stacks, 0 MB globals, 16 P
gc 1563 @36.477s 0%: 0.14+0.51+0.13 ms clock, 2.3+0.52/0.76/0.002+2.1 ms cpu, 3->4->1 MB, 4 MB goal, 0 MB stacks, 0 MB globals, 16 P
gc 1564 @36.479s 0%: 0.17+0.62+0.16 ms clock, 2.8+0.68/0.69/0+2.6 ms cpu, 3->4->2 MB, 4 MB goal, 0 MB stacks, 0 MB globals, 16 P
gc 1565 @36.480s 0%: 0.12+0.54+0.14 ms clock, 1.9+0.50/0.81/0.046+2.3 ms cpu, 3->4->1 MB, 4 MB goal, 0 MB stacks, 0 MB globals, 16 P
gc 1566 @36.482s 0%: 0.14+0.54+0.16 ms clock, 2.2+0.57/0.82/0+2.6 ms cpu, 3->4->1 MB, 4 MB goal, 0 MB stacks, 0 MB globals, 16 P
gc 1567 @36.484s 0%: 0.10+0.48+0.12 ms clock, 1.7+0.53/0.74/0+2.0 ms cpu, 3->4->1 MB, 4 MB goal, 0 MB stacks, 0 MB globals, 16 P
gc 1568 @36.485s 0%: 0.12+0.47+0.10 ms clock, 2.0+0.52/0.82/0.024+1.6 ms cpu, 3->4->1 MB, 4 MB goal, 0 MB stacks, 0 MB globals, 16 P
gc 1569 @36.487s 0%: 0.10+0.55+0.11 ms clock, 1.7+0.36/0.89/0+1.7 ms cpu, 3->4->1 MB, 4 MB goal, 0 MB stacks, 0 MB globals, 16 P
gc 1570 @36.488s 0%: 0.13+0.70+0.16 ms clock, 2.2+0.73/0.70/0+2.6 ms cpu, 3->4->2 MB, 4 MB goal, 0 MB stacks, 0 MB globals, 16 P
gc 1571 @36.490s 0%: 0.12+0.73+0.10 ms clock, 1.9+0.50/0.77/0.017+1.7 ms cpu, 4->4->2 MB, 4 MB goal, 0 MB stacks, 0 MB globals, 16 P
gc 1572 @36.492s 0%: 0.16+0.73+0.089 ms clock, 2.6+0.60/0.88/0+1.4 ms cpu, 3->4->2 MB, 4 MB goal, 0 MB stacks, 0 MB globals, 16 P
gc 1573 @36.494s 0%: 0.18+0.75+0.094 ms clock, 2.9+0.50/0.98/0+1.5 ms cpu, 3->4->2 MB, 4 MB goal, 0 MB stacks, 0 MB globals, 16 P
gc 1574 @36.496s 0%: 0.15+0.58+0.19 ms clock, 2.4+0.73/0.88/0+3.1 ms cpu, 3->4->2 MB, 4 MB goal, 0 MB stacks, 0 MB globals, 16 P
gc 1575 @36.498s 0%: 0.21+0.54+0.14 ms clock, 3.4+0.42/0.86/0+2.2 ms cpu, 3->4->2 MB, 4 MB goal, 0 MB stacks, 0 MB globals, 16 P
gc 1576 @36.500s 0%: 0.11+0.50+0.13 ms clock, 1.8+0.47/0.94/0+2.1 ms cpu, 3->4->1 MB, 4 MB goal, 0 MB stacks, 0 MB globals, 16 P
gc 1577 @36.501s 0%: 0.16+0.73+0.13 ms clock, 2.6+0.57/0.93/0.004+2.2 ms cpu, 3->4->2 MB, 4 MB goal, 0 MB stacks, 0 MB globals, 16 P
gc 1578 @36.503s 0%: 0.11+0.48+0.13 ms clock, 1.7+0.60/0.74/0.036+2.1 ms cpu, 3->4->1 MB, 4 MB goal, 0 MB stacks, 0 MB globals, 16 P
gc 1579 @36.505s 0%: 0.13+0.52+0.12 ms clock, 2.1+0.49/0.79/0.005+1.9 ms cpu, 3->4->1 MB, 4 MB goal, 0 MB stacks, 0 MB globals, 16 P
gc 1580 @36.507s 0%: 0.15+0.75+0.11 ms clock, 2.4+0.69/0.75/0+1.8 ms cpu, 3->4->2 MB, 4 MB goal, 0 MB stacks, 0 MB globals, 16 P
gc 1581 @36.509s 0%: 0.087+0.47+0.11 ms clock, 1.3+0.51/0.84/0+1.8 ms cpu, 4->4->1 MB, 4 MB goal, 0 MB stacks, 0 MB globals, 16 P
gc 1582 @36.510s 0%: 0.16+0.53+0.12 ms clock, 2.6+0.63/0.77/0+1.9 ms cpu, 3->4->1 MB, 4 MB goal, 0 MB stacks, 0 MB globals, 16 P
gc 1583 @36.512s 0%: 0.12+0.63+0.089 ms clock, 1.9+0.48/0.89/0+1.4 ms cpu, 3->4->1 MB, 4 MB goal, 0 MB stacks, 0 MB globals, 16 P
gc 1584 @36.514s 0%: 0.086+0.64+0.087 ms clock, 1.3+0.52/0.86/0.005+1.4 ms cpu, 3->4->2 MB, 4 MB goal, 0 MB stacks, 0 MB globals, 16 P
gc 1585 @36.515s 0%: 0.18+0.52+0.11 ms clock, 2.8+0.61/0.87/0+1.8 ms cpu, 3->4->1 MB, 4 MB goal, 0 MB stacks, 0 MB globals, 16 P
gc 1586 @36.517s 0%: 0.076+0.67+0.083 ms clock, 1.2+0.59/0.83/0+1.3 ms cpu, 3->4->1 MB, 4 MB goal, 0 MB stacks, 0 MB globals, 16 P
gc 1587 @36.519s 0%: 0.12+0.51+0.13 ms clock, 2.0+0.50/0.82/0.079+2.1 ms cpu, 3->4->1 MB, 4 MB goal, 0 MB stacks, 0 MB globals, 16 P
gc 1588 @36.520s 0%: 0.12+0.73+0.087 ms clock, 1.9+0.65/0.75/0.009+1.4 ms cpu, 3->4->2 MB, 4 MB goal, 0 MB stacks, 0 MB globals, 16 P
gc 1589 @36.522s 0%: 0.13+0.51+0.055 ms clock, 2.1+0.48/0.81/0+0.88 ms cpu, 3->4->1 MB, 4 MB goal, 0 MB stacks, 0 MB globals, 16 P
gc 1590 @36.524s 0%: 0.17+0.51+0.13 ms clock, 2.7+0.58/0.94/0+2.1 ms cpu, 3->4->1 MB, 4 MB goal, 0 MB stacks, 0 MB globals, 16 P
gc 1591 @36.525s 0%: 0.12+0.40+0.15 ms clock, 2.0+0.69/0.70/0.002+2.5 ms cpu, 3->4->1 MB, 4 MB goal, 0 MB stacks, 0 MB globals, 16 P
gc 1592 @36.527s 0%: 0.16+0.65+0.079 ms clock, 2.6+0.61/0.94/0.011+1.2 ms cpu, 3->4->2 MB, 4 MB goal, 0 MB stacks, 0 MB globals, 16 P
gc 1593 @36.529s 0%: 0.12+0.54+0.050 ms clock, 1.9+0.60/0.79/0.022+0.81 ms cpu, 3->4->1 MB, 4 MB goal, 0 MB stacks, 0 MB globals, 16 P
gc 1594 @36.530s 0%: 0.11+0.57+0.15 ms clock, 1.7+0.52/0.96/0.004+2.5 ms cpu, 3->4->2 MB, 4 MB goal, 0 MB stacks, 0 MB globals, 16 P
gc 1595 @36.532s 0%: 0.11+0.63+0.075 ms clock, 1.8+0.52/0.85/0.009+1.2 ms cpu, 3->4->1 MB, 4 MB goal, 0 MB stacks, 0 MB globals, 16 P
gc 1596 @36.534s 0%: 0.16+0.60+0.070 ms clock, 2.6+0.53/0.77/0+1.1 ms cpu, 3->4->1 MB, 4 MB goal, 0 MB stacks, 0 MB globals, 16 P
gc 1597 @36.535s 0%: 0.15+0.53+0.12 ms clock, 2.5+0.59/0.81/0+1.9 ms cpu, 3->4->1 MB, 4 MB goal, 0 MB stacks, 0 MB globals, 16 P
gc 1598 @36.537s 0%: 0.14+0.67+0.13 ms clock, 2.3+0.63/0.82/0+2.2 ms cpu, 3->4->2 MB, 4 MB goal, 0 MB stacks, 0 MB globals, 16 P
gc 1599 @36.539s 0%: 0.10+0.59+0.081 ms clock, 1.7+0.60/0.84/0+1.2 ms cpu, 3->4->2 MB, 4 MB goal, 0 MB stacks, 0 MB globals, 16 P
gc 1600 @36.541s 0%: 0.16+0.61+0.10 ms clock, 2.5+0.70/0.72/0+1.6 ms cpu, 3->4->2 MB, 4 MB goal, 0 MB stacks, 0 MB globals, 16 P
gc 1601 @36.542s 0%: 0.11+0.54+0.13 ms clock, 1.7+0.54/0.93/0.007+2.1 ms cpu, 3->4->1 MB, 4 MB goal, 0 MB stacks, 0 MB globals, 16 P
gc 1602 @36.544s 0%: 0.14+0.56+0.12 ms clock, 2.3+0.63/0.79/0+2.0 ms cpu, 3->4->1 MB, 4 MB goal, 0 MB stacks, 0 MB globals, 16 P
gc 1603 @36.546s 0%: 0.12+0.62+0.099 ms clock, 1.9+0.59/0.83/0.026+1.5 ms cpu, 3->4->1 MB, 4 MB goal, 0 MB stacks, 0 MB globals, 16 P
gc 1604 @36.548s 0%: 0.15+0.58+0.064 ms clock, 2.4+0.54/0.78/0+1.0 ms cpu, 3->4->1 MB, 4 MB goal, 0 MB stacks, 0 MB globals, 16 P
gc 1605 @36.549s 0%: 0.11+0.71+0.056 ms clock, 1.7+0.49/0.86/0.063+0.90 ms cpu, 3->4->2 MB, 4 MB goal, 0 MB stacks, 0 MB globals, 16 P
gc 1606 @36.551s 0%: 0.13+0.61+0.10 ms clock, 2.1+0.41/0.86/0.003+1.7 ms cpu, 3->4->1 MB, 4 MB goal, 0 MB stacks, 0 MB globals, 16 P
gc 1607 @36.553s 0%: 0.11+0.48+0.15 ms clock, 1.8+0.56/0.78/0.001+2.5 ms cpu, 3->4->1 MB, 4 MB goal, 0 MB stacks, 0 MB globals, 16 P
gc 1608 @36.554s 0%: 0.10+0.56+0.10 ms clock, 1.6+0.58/0.69/0.062+1.6 ms cpu, 3->4->1 MB, 4 MB goal, 0 MB stacks, 0 MB globals, 16 P
gc 1609 @36.556s 0%: 0.11+0.51+0.16 ms clock, 1.7+0.58/0.82/0.028+2.5 ms cpu, 3->4->1 MB, 4 MB goal, 0 MB stacks, 0 MB globals, 16 P
gc 1610 @36.557s 0%: 0.093+0.63+0.090 ms clock, 1.4+0.48/0.97/0.004+1.4 ms cpu, 3->4->1 MB, 4 MB goal, 0 MB stacks, 0 MB globals, 16 P
gc 1611 @36.559s 0%: 0.14+0.71+0.058 ms clock, 2.2+0.55/0.88/0+0.93 ms cpu, 3->4->2 MB, 4 MB goal, 0 MB stacks, 0 MB globals, 16 P
gc 1612 @36.561s 0%: 0.10+0.47+0.11 ms clock, 1.6+0.75/0.65/0+1.7 ms cpu, 3->4->1 MB, 4 MB goal, 0 MB stacks, 0 MB globals, 16 P
gc 1613 @36.562s 0%: 0.14+1.0+0.10 ms clock, 2.3+0.39/0.77/0.071+1.6 ms cpu, 3->4->2 MB, 4 MB goal, 0 MB stacks, 0 MB globals, 16 P
gc 1614 @36.564s 0%: 0.17+0.49+0.12 ms clock, 2.7+0.52/0.77/0+2.0 ms cpu, 4->4->1 MB, 4 MB goal, 0 MB stacks, 0 MB globals, 16 P
gc 1615 @36.566s 0%: 0.12+0.69+0.10 ms clock, 2.0+0.67/0.83/0+1.7 ms cpu, 3->4->2 MB, 4 MB goal, 0 MB stacks, 0 MB globals, 16 P
gc 1616 @36.568s 0%: 0.13+0.52+0.10 ms clock, 2.1+0.55/0.84/0+1.6 ms cpu, 3->4->1 MB, 4 MB goal, 0 MB stacks, 0 MB globals, 16 P
gc 1617 @36.569s 0%: 0.11+0.58+0.096 ms clock, 1.8+0.67/0.86/0+1.5 ms cpu, 3->4->1 MB, 4 MB goal, 0 MB stacks, 0 MB globals, 16 P
gc 1618 @36.571s 0%: 0.13+0.64+0.086 ms clock, 2.1+0.63/0.77/0+1.3 ms cpu, 3->4->1 MB, 4 MB goal, 0 MB stacks, 0 MB globals, 16 P
gc 1619 @36.573s 0%: 0.10+0.58+0.086 ms clock, 1.7+0.48/0.83/0.012+1.3 ms cpu, 3->4->1 MB, 4 MB goal, 0 MB stacks, 0 MB globals, 16 P
gc 1620 @36.574s 0%: 0.12+0.60+0.18 ms clock, 2.0+0.52/0.83/0.003+2.9 ms cpu, 3->4->1 MB, 4 MB goal, 0 MB stacks, 0 MB globals, 16 P
gc 1621 @36.576s 0%: 0.12+0.54+0.13 ms clock, 2.0+0.62/0.74/0+2.2 ms cpu, 3->4->1 MB, 4 MB goal, 0 MB stacks, 0 MB globals, 16 P
gc 1622 @36.578s 0%: 0.13+0.50+0.11 ms clock, 2.2+0.55/0.79/0.004+1.8 ms cpu, 3->4->1 MB, 4 MB goal, 0 MB stacks, 0 MB globals, 16 P
gc 1623 @36.579s 0%: 0.11+0.60+0.15 ms clock, 1.8+0.51/0.93/0.007+2.5 ms cpu, 3->4->1 MB, 4 MB goal, 0 MB stacks, 0 MB globals, 16 P
gc 1624 @36.581s 0%: 0.14+0.64+0.10 ms clock, 2.3+0.79/0.87/0+1.6 ms cpu, 3->4->2 MB, 4 MB goal, 0 MB stacks, 0 MB globals, 16 P
gc 1625 @36.583s 0%: 0.085+0.79+0.10 ms clock, 1.3+0.56/0.81/0.017+1.6 ms cpu, 3->4->2 MB, 4 MB goal, 0 MB stacks, 0 MB globals, 16 P
gc 1626 @36.585s 0%: 0.12+0.55+0.096 ms clock, 1.9+0.51/0.77/0.023+1.5 ms cpu, 3->4->1 MB, 4 MB goal, 0 MB stacks, 0 MB globals, 16 P
gc 1627 @36.586s 0%: 0.13+0.48+0.099 ms clock, 2.2+0.68/0.72/0+1.5 ms cpu, 3->4->1 MB, 4 MB goal, 0 MB stacks, 0 MB globals, 16 P
gc 1628 @36.588s 0%: 0.094+0.51+0.13 ms clock, 1.5+0.66/0.87/0.011+2.2 ms cpu, 3->4->1 MB, 4 MB goal, 0 MB stacks, 0 MB globals, 16 P
gc 1629 @36.590s 0%: 0.10+0.52+0.13 ms clock, 1.6+0.55/0.80/0+2.0 ms cpu, 3->4->1 MB, 4 MB goal, 0 MB stacks, 0 MB globals, 16 P
gc 1630 @36.591s 0%: 0.16+0.99+0.12 ms clock, 2.6+0.74/0.63/0+1.9 ms cpu, 3->4->2 MB, 4 MB goal, 0 MB stacks, 0 MB globals, 16 P
gc 1631 @36.594s 0%: 0.13+0.56+0.13 ms clock, 2.1+0.87/0.85/0+2.1 ms cpu, 4->5->1 MB, 5 MB goal, 0 MB stacks, 0 MB globals, 16 P
gc 1632 @36.595s 0%: 0.14+0.59+0.088 ms clock, 2.2+0.79/0.85/0+1.4 ms cpu, 3->4->2 MB, 4 MB goal, 0 MB stacks, 0 MB globals, 16 P
gc 1633 @36.597s 0%: 0.16+0.67+0.093 ms clock, 2.5+0.57/0.74/0+1.5 ms cpu, 3->4->2 MB, 4 MB goal, 0 MB stacks, 0 MB globals, 16 P
gc 1634 @36.599s 0%: 0.11+0.61+0.11 ms clock, 1.8+0.67/0.84/0.006+1.8 ms cpu, 3->4->1 MB, 4 MB goal, 0 MB stacks, 0 MB globals, 16 P
gc 1635 @36.601s 0%: 0.14+0.54+0.098 ms clock, 2.2+0.49/0.87/0+1.5 ms cpu, 3->4->1 MB, 4 MB goal, 0 MB stacks, 0 MB globals, 16 P
gc 1636 @36.602s 0%: 0.12+0.64+0.11 ms clock, 1.9+0.65/0.86/0+1.9 ms cpu, 3->4->2 MB, 4 MB goal, 0 MB stacks, 0 MB globals, 16 P
gc 1637 @36.604s 0%: 0.11+0.64+0.079 ms clock, 1.8+0.56/0.84/0+1.2 ms cpu, 3->4->1 MB, 4 MB goal, 0 MB stacks, 0 MB globals, 16 P
gc 1638 @36.606s 0%: 0.10+0.58+0.097 ms clock, 1.7+0.57/0.80/0+1.5 ms cpu, 3->4->1 MB, 4 MB goal, 0 MB stacks, 0 MB globals, 16 P
gc 1639 @36.607s 0%: 0.10+0.62+0.13 ms clock, 1.6+0.55/0.85/0.014+2.1 ms cpu, 3->4->1 MB, 4 MB goal, 0 MB stacks, 0 MB globals, 16 P
gc 1640 @36.609s 0%: 0.11+0.53+0.095 ms clock, 1.7+0.57/0.84/0+1.5 ms cpu, 3->4->1 MB, 4 MB goal, 0 MB stacks, 0 MB globals, 16 P
gc 1641 @36.610s 0%: 0.17+0.61+0.12 ms clock, 2.7+0.46/0.91/0.023+2.0 ms cpu, 3->4->2 MB, 4 MB goal, 0 MB stacks, 0 MB globals, 16 P
gc 1642 @36.612s 0%: 0.10+0.43+0.12 ms clock, 1.7+0.47/0.78/0.006+1.9 ms cpu, 3->4->1 MB, 4 MB goal, 0 MB stacks, 0 MB globals, 16 P
gc 1643 @36.614s 0%: 0.15+0.48+0.089 ms clock, 2.4+0.48/0.85/0+1.4 ms cpu, 3->4->1 MB, 4 MB goal, 0 MB stacks, 0 MB globals, 16 P
gc 1644 @36.615s 0%: 0.12+0.58+0.11 ms clock, 2.0+0.61/0.87/0+1.7 ms cpu, 3->4->1 MB, 4 MB goal, 0 MB stacks, 0 MB globals, 16 P
gc 1645 @36.617s 0%: 0.18+0.59+0.11 ms clock, 2.9+0.62/0.81/0.008+1.8 ms cpu, 3->4->2 MB, 4 MB goal, 0 MB stacks, 0 MB globals, 16 P
gc 1646 @36.619s 0%: 0.18+0.74+0.10 ms clock, 3.0+0.62/0.69/0+1.6 ms cpu, 3->4->2 MB, 4 MB goal, 0 MB stacks, 0 MB globals, 16 P
gc 1647 @36.621s 0%: 0.10+0.65+0.092 ms clock, 1.6+0.53/0.80/0+1.4 ms cpu, 4->4->1 MB, 4 MB goal, 0 MB stacks, 0 MB globals, 16 P
gc 1648 @36.622s 0%: 0.14+0.65+0.089 ms clock, 2.2+0.61/0.86/0.027+1.4 ms cpu, 3->4->1 MB, 4 MB goal, 0 MB stacks, 0 MB globals, 16 P
gc 1649 @36.624s 0%: 0.12+0.54+0.086 ms clock, 2.0+0.47/0.83/0+1.3 ms cpu, 3->4->2 MB, 4 MB goal, 0 MB stacks, 0 MB globals, 16 P
gc 1650 @36.626s 0%: 0.14+0.55+0.12 ms clock, 2.3+0.78/0.76/0.005+2.0 ms cpu, 3->4->1 MB, 4 MB goal, 0 MB stacks, 0 MB globals, 16 P
gc 1651 @36.628s 0%: 0.14+0.50+0.12 ms clock, 2.3+0.65/0.85/0+2.0 ms cpu, 3->4->1 MB, 4 MB goal, 0 MB stacks, 0 MB globals, 16 P
gc 1652 @36.629s 1%: 0.11+0.70+0.093 ms clock, 1.9+0.60/0.91/0+1.4 ms cpu, 3->4->2 MB, 4 MB goal, 0 MB stacks, 0 MB globals, 16 P
gc 1653 @36.631s 1%: 0.10+0.68+0.066 ms clock, 1.6+0.53/0.71/0+1.0 ms cpu, 3->4->1 MB, 4 MB goal, 0 MB stacks, 0 MB globals, 16 P
gc 1654 @36.633s 1%: 0.11+0.53+0.14 ms clock, 1.8+0.48/0.91/0.006+2.3 ms cpu, 3->4->1 MB, 4 MB goal, 0 MB stacks, 0 MB globals, 16 P
gc 1655 @36.634s 1%: 0.12+0.55+0.14 ms clock, 2.0+0.54/0.82/0+2.2 ms cpu, 3->4->1 MB, 4 MB goal, 0 MB stacks, 0 MB globals, 16 P
gc 1656 @36.636s 1%: 0.10+0.44+0.090 ms clock, 1.6+0.50/0.77/0.009+1.4 ms cpu, 3->4->1 MB, 4 MB goal, 0 MB stacks, 0 MB globals, 16 P
gc 1657 @36.637s 1%: 0.15+0.65+0.084 ms clock, 2.4+0.63/0.77/0+1.3 ms cpu, 3->4->2 MB, 4 MB goal, 0 MB stacks, 0 MB globals, 16 P
gc 1658 @36.639s 1%: 0.11+0.59+0.14 ms clock, 1.8+0.57/0.89/0+2.3 ms cpu, 3->4->1 MB, 4 MB goal, 0 MB stacks, 0 MB globals, 16 P
gc 1659 @36.641s 1%: 0.11+0.47+0.10 ms clock, 1.7+0.51/0.80/0.008+1.6 ms cpu, 3->4->1 MB, 4 MB goal, 0 MB stacks, 0 MB globals, 16 P
gc 1660 @36.642s 1%: 0.11+0.60+0.089 ms clock, 1.8+0.57/0.77/0+1.4 ms cpu, 3->3->1 MB, 4 MB goal, 0 MB stacks, 0 MB globals, 16 P
gc 1661 @36.644s 1%: 0.12+0.71+0.13 ms clock, 2.0+0.73/0.81/0.032+2.1 ms cpu, 3->4->2 MB, 4 MB goal, 0 MB stacks, 0 MB globals, 16 P
gc 1662 @36.646s 1%: 0.22+0.51+0.092 ms clock, 3.5+0.50/0.82/0+1.4 ms cpu, 3->4->1 MB, 4 MB goal, 0 MB stacks, 0 MB globals, 16 P
gc 1663 @36.647s 1%: 0.072+0.64+0.14 ms clock, 1.1+0.50/1.1/0.036+2.3 ms cpu, 3->4->2 MB, 4 MB goal, 0 MB stacks, 0 MB globals, 16 P
gc 1664 @36.649s 1%: 0.11+0.46+0.098 ms clock, 1.8+0.62/0.77/0+1.5 ms cpu, 3->4->1 MB, 4 MB goal, 0 MB stacks, 0 MB globals, 16 P
gc 1665 @36.650s 1%: 0.12+0.58+0.082 ms clock, 2.0+0.76/0.82/0+1.3 ms cpu, 3->4->1 MB, 4 MB goal, 0 MB stacks, 0 MB globals, 16 P
gc 1666 @36.652s 1%: 0.11+0.69+0.099 ms clock, 1.7+0.65/0.89/0.001+1.5 ms cpu, 3->4->2 MB, 4 MB goal, 0 MB stacks, 0 MB globals, 16 P
gc 1667 @36.654s 1%: 0.12+0.66+0.084 ms clock, 1.9+0.58/0.81/0+1.3 ms cpu, 3->4->1 MB, 4 MB goal, 0 MB stacks, 0 MB globals, 16 P
gc 1668 @36.656s 1%: 0.12+0.63+0.090 ms clock, 1.9+0.60/0.86/0+1.4 ms cpu, 3->4->2 MB, 4 MB goal, 0 MB stacks, 0 MB globals, 16 P
gc 1669 @36.657s 1%: 0.12+0.55+0.13 ms clock, 1.9+0.55/0.72/0.011+2.1 ms cpu, 3->4->1 MB, 4 MB goal, 0 MB stacks, 0 MB globals, 16 P
gc 1670 @36.659s 1%: 0.13+0.62+0.062 ms clock, 2.1+0.54/0.86/0+1.0 ms cpu, 3->4->1 MB, 4 MB goal, 0 MB stacks, 0 MB globals, 16 P
gc 1671 @36.661s 1%: 0.12+0.58+0.14 ms clock, 2.0+0.67/0.90/0+2.2 ms cpu, 3->4->2 MB, 4 MB goal, 0 MB stacks, 0 MB globals, 16 P
gc 1672 @36.662s 1%: 0.12+0.60+0.11 ms clock, 2.0+0.50/0.89/0+1.9 ms cpu, 3->4->1 MB, 4 MB goal, 0 MB stacks, 0 MB globals, 16 P
gc 1673 @36.664s 1%: 0.12+0.57+0.14 ms clock, 2.0+0.48/0.87/0+2.2 ms cpu, 3->4->1 MB, 4 MB goal, 0 MB stacks, 0 MB globals, 16 P
gc 1674 @36.666s 1%: 0.11+0.67+0.096 ms clock, 1.7+0.55/0.96/0+1.5 ms cpu, 3->4->2 MB, 4 MB goal, 0 MB stacks, 0 MB globals, 16 P
gc 1675 @36.667s 1%: 0.15+0.47+0.12 ms clock, 2.5+0.61/0.80/0+1.9 ms cpu, 3->4->1 MB, 4 MB goal, 0 MB stacks, 0 MB globals, 16 P
gc 1676 @36.669s 1%: 0.12+0.54+0.12 ms clock, 1.9+0.51/0.87/0.007+1.9 ms cpu, 3->4->1 MB, 4 MB goal, 0 MB stacks, 0 MB globals, 16 P
gc 1677 @36.671s 1%: 0.13+0.77+0.091 ms clock, 2.0+0.67/0.90/0+1.4 ms cpu, 3->4->2 MB, 4 MB goal, 0 MB stacks, 0 MB globals, 16 P
gc 1678 @36.673s 1%: 0.12+0.56+0.10 ms clock, 1.9+0.80/0.80/0+1.7 ms cpu, 3->4->1 MB, 4 MB goal, 0 MB stacks, 0 MB globals, 16 P
gc 1679 @36.674s 1%: 0.15+0.51+0.11 ms clock, 2.5+0.56/0.77/0.023+1.8 ms cpu, 3->4->1 MB, 4 MB goal, 0 MB stacks, 0 MB globals, 16 P
gc 1680 @36.676s 1%: 0.16+0.68+0.088 ms clock, 2.6+0.56/0.76/0+1.4 ms cpu, 3->4->2 MB, 4 MB goal, 0 MB stacks, 0 MB globals, 16 P
gc 1681 @36.678s 1%: 0.13+0.44+0.13 ms clock, 2.2+0.58/0.81/0+2.1 ms cpu, 3->4->1 MB, 4 MB goal, 0 MB stacks, 0 MB globals, 16 P
gc 1682 @36.679s 1%: 0.13+0.75+0.037 ms clock, 2.2+0.63/0.82/0.062+0.60 ms cpu, 3->4->2 MB, 4 MB goal, 0 MB stacks, 0 MB globals, 16 P
gc 1683 @36.681s 1%: 0.11+0.57+0.095 ms clock, 1.8+0.65/0.90/0+1.5 ms cpu, 3->4->2 MB, 4 MB goal, 0 MB stacks, 0 MB globals, 16 P
gc 1684 @36.683s 1%: 0.10+0.53+0.052 ms clock, 1.7+0.48/0.90/0+0.84 ms cpu, 3->4->1 MB, 4 MB goal, 0 MB stacks, 0 MB globals, 16 P
gc 1685 @36.684s 1%: 0.16+0.59+0.076 ms clock, 2.6+0.50/0.84/0+1.2 ms cpu, 3->4->2 MB, 4 MB goal, 0 MB stacks, 0 MB globals, 16 P
gc 1686 @36.686s 1%: 0.10+0.74+0.085 ms clock, 1.6+0.54/0.76/0.071+1.3 ms cpu, 3->4->2 MB, 4 MB goal, 0 MB stacks, 0 MB globals, 16 P
gc 1687 @36.688s 1%: 0.10+0.61+0.085 ms clock, 1.7+0.53/0.89/0.003+1.3 ms cpu, 3->4->1 MB, 4 MB goal, 0 MB stacks, 0 MB globals, 16 P
gc 1688 @36.690s 1%: 0.12+0.59+0.13 ms clock, 2.0+0.57/0.95/0.017+2.1 ms cpu, 3->4->2 MB, 4 MB goal, 0 MB stacks, 0 MB globals, 16 P
gc 1689 @36.692s 1%: 0.12+0.49+0.21 ms clock, 2.0+0.68/0.77/0+3.3 ms cpu, 3->4->1 MB, 4 MB goal, 0 MB stacks, 0 MB globals, 16 P
gc 1690 @36.693s 1%: 0.10+0.60+0.099 ms clock, 1.6+0.49/0.98/0+1.5 ms cpu, 3->4->1 MB, 4 MB goal, 0 MB stacks, 0 MB globals, 16 P
gc 1691 @36.695s 1%: 0.11+0.53+0.095 ms clock, 1.7+0.56/0.89/0+1.5 ms cpu, 3->4->1 MB, 4 MB goal, 0 MB stacks, 0 MB globals, 16 P
gc 1692 @36.696s 1%: 0.17+0.59+0.11 ms clock, 2.8+0.66/0.98/0.021+1.8 ms cpu, 3->4->2 MB, 4 MB goal, 0 MB stacks, 0 MB globals, 16 P
gc 1693 @36.698s 1%: 0.13+0.54+0.12 ms clock, 2.1+0.61/0.86/0+1.9 ms cpu, 3->4->1 MB, 4 MB goal, 0 MB stacks, 0 MB globals, 16 P
gc 1694 @36.700s 1%: 0.17+0.70+0.094 ms clock, 2.7+0.85/0.86/0+1.5 ms cpu, 3->4->2 MB, 4 MB goal, 0 MB stacks, 0 MB globals, 16 P
gc 1695 @36.702s 1%: 0.11+0.59+0.12 ms clock, 1.9+0.56/0.82/0.007+2.0 ms cpu, 4->4->1 MB, 4 MB goal, 0 MB stacks, 0 MB globals, 16 P
gc 1696 @36.703s 1%: 0.17+0.61+0.061 ms clock, 2.7+0.66/0.86/0+0.98 ms cpu, 3->4->2 MB, 4 MB goal, 0 MB stacks, 0 MB globals, 16 P
gc 1697 @36.705s 1%: 0.12+0.86+0.11 ms clock, 1.9+0.44/0.95/0.023+1.8 ms cpu, 3->4->2 MB, 4 MB goal, 0 MB stacks, 0 MB globals, 16 P
gc 1698 @36.707s 1%: 0.083+0.62+0.11 ms clock, 1.3+0.64/0.86/0+1.7 ms cpu, 4->4->1 MB, 4 MB goal, 0 MB stacks, 0 MB globals, 16 P
gc 1699 @36.709s 1%: 0.15+0.43+0.12 ms clock, 2.4+0.64/0.80/0.022+1.9 ms cpu, 3->4->1 MB, 4 MB goal, 0 MB stacks, 0 MB globals, 16 P
gc 1700 @36.710s 1%: 0.090+0.68+0.095 ms clock, 1.4+0.61/0.78/0+1.5 ms cpu, 3->4->1 MB, 4 MB goal, 0 MB stacks, 0 MB globals, 16 P
gc 1701 @36.712s 1%: 0.10+0.77+0.099 ms clock, 1.6+0.48/0.82/0+1.5 ms cpu, 3->4->2 MB, 4 MB goal, 0 MB stacks, 0 MB globals, 16 P
gc 1702 @36.714s 1%: 0.12+0.71+0.10 ms clock, 2.0+0.56/0.94/0.003+1.7 ms cpu, 3->4->2 MB, 4 MB goal, 0 MB stacks, 0 MB globals, 16 P
gc 1703 @36.716s 1%: 0.10+0.52+0.088 ms clock, 1.6+0.62/0.72/0+1.4 ms cpu, 3->4->1 MB, 4 MB goal, 0 MB stacks, 0 MB globals, 16 P
gc 1704 @36.718s 1%: 0.13+0.48+0.097 ms clock, 2.1+0.47/0.75/0.022+1.5 ms cpu, 3->4->1 MB, 4 MB goal, 0 MB stacks, 0 MB globals, 16 P
gc 1705 @36.719s 1%: 0.15+0.61+0.073 ms clock, 2.4+0.76/0.90/0+1.1 ms cpu, 3->4->2 MB, 4 MB goal, 0 MB stacks, 0 MB globals, 16 P
gc 1706 @36.721s 1%: 0.11+0.52+0.10 ms clock, 1.7+0.74/0.75/0+1.6 ms cpu, 3->4->1 MB, 4 MB goal, 0 MB stacks, 0 MB globals, 16 P
gc 1707 @36.723s 1%: 0.13+0.61+0.13 ms clock, 2.1+0.50/0.82/0+2.2 ms cpu, 3->4->2 MB, 4 MB goal, 0 MB stacks, 0 MB globals, 16 P
gc 1708 @36.724s 1%: 0.14+0.52+0.11 ms clock, 2.2+0.64/0.86/0+1.7 ms cpu, 3->4->1 MB, 4 MB goal, 0 MB stacks, 0 MB globals, 16 P
gc 1709 @36.726s 1%: 0.13+0.51+0.092 ms clock, 2.1+0.53/0.90/0+1.4 ms cpu, 3->4->1 MB, 4 MB goal, 0 MB stacks, 0 MB globals, 16 P
gc 1710 @36.727s 1%: 0.14+0.50+0.13 ms clock, 2.3+0.55/0.86/0.005+2.0 ms cpu, 3->4->1 MB, 4 MB goal, 0 MB stacks, 0 MB globals, 16 P
gc 1711 @36.729s 1%: 0.12+0.58+0.12 ms clock, 1.9+0.61/0.79/0+1.9 ms cpu, 3->4->2 MB, 4 MB goal, 0 MB stacks, 0 MB globals, 16 P
gc 1712 @36.731s 1%: 0.13+0.67+0.081 ms clock, 2.2+0.58/0.93/0+1.3 ms cpu, 3->4->2 MB, 4 MB goal, 0 MB stacks, 0 MB globals, 16 P
gc 1713 @36.732s 1%: 0.13+0.51+0.097 ms clock, 2.0+0.69/0.82/0+1.5 ms cpu, 3->4->1 MB, 4 MB goal, 0 MB stacks, 0 MB globals, 16 P
gc 1714 @36.734s 1%: 0.14+0.50+0.16 ms clock, 2.3+0.68/0.65/0.004+2.6 ms cpu, 3->4->1 MB, 4 MB goal, 0 MB stacks, 0 MB globals, 16 P
gc 1715 @36.736s 1%: 0.17+0.71+0.095 ms clock, 2.7+0.62/0.87/0+1.5 ms cpu, 3->4->2 MB, 4 MB goal, 0 MB stacks, 0 MB globals, 16 P
gc 1716 @36.738s 1%: 0.11+0.59+0.16 ms clock, 1.8+0.57/0.85/0.028+2.6 ms cpu, 4->4->2 MB, 4 MB goal, 0 MB stacks, 0 MB globals, 16 P
gc 1717 @36.740s 1%: 0.16+0.61+0.15 ms clock, 2.5+0.48/0.85/0+2.5 ms cpu, 3->4->1 MB, 4 MB goal, 0 MB stacks, 0 MB globals, 16 P
gc 1718 @36.741s 1%: 0.11+0.49+0.12 ms clock, 1.7+0.63/0.79/0+1.9 ms cpu, 3->4->1 MB, 4 MB goal, 0 MB stacks, 0 MB globals, 16 P
gc 1719 @36.743s 1%: 0.16+0.58+0.19 ms clock, 2.6+0.55/0.75/0.051+3.0 ms cpu, 3->4->1 MB, 4 MB goal, 0 MB stacks, 0 MB globals, 16 P
gc 1720 @36.744s 1%: 0.16+0.64+0.099 ms clock, 2.6+0.58/0.87/0+1.5 ms cpu, 3->4->2 MB, 4 MB goal, 0 MB stacks, 0 MB globals, 16 P
gc 1721 @36.746s 1%: 0.13+0.65+0.15 ms clock, 2.1+0.55/0.87/0.002+2.4 ms cpu, 3->4->2 MB, 4 MB goal, 0 MB stacks, 0 MB globals, 16 P
gc 1722 @36.748s 1%: 0.13+0.56+0.060 ms clock, 2.1+0.60/0.84/0.023+0.97 ms cpu, 3->4->1 MB, 4 MB goal, 0 MB stacks, 0 MB globals, 16 P
gc 1723 @36.750s 1%: 0.14+0.69+0.13 ms clock, 2.3+0.49/0.74/0+2.1 ms cpu, 3->4->2 MB, 4 MB goal, 0 MB stacks, 0 MB globals, 16 P
gc 1724 @36.752s 1%: 0.10+0.63+0.10 ms clock, 1.7+0.60/0.87/0+1.6 ms cpu, 3->4->2 MB, 4 MB goal, 0 MB stacks, 0 MB globals, 16 P
gc 1725 @36.754s 1%: 0.12+0.51+0.099 ms clock, 1.9+0.65/0.83/0.006+1.5 ms cpu, 3->4->1 MB, 4 MB goal, 0 MB stacks, 0 MB globals, 16 P
gc 1726 @36.755s 1%: 0.15+0.62+0.13 ms clock, 2.5+0.64/0.77/0.011+2.2 ms cpu, 3->4->2 MB, 4 MB goal, 0 MB stacks, 0 MB globals, 16 P
gc 1727 @36.757s 1%: 0.13+0.68+0.13 ms clock, 2.1+0.66/0.85/0.023+2.1 ms cpu, 3->4->2 MB, 4 MB goal, 0 MB stacks, 0 MB globals, 16 P
gc 1728 @36.759s 1%: 0.18+0.53+0.15 ms clock, 2.8+0.57/0.90/0+2.4 ms cpu, 3->4->2 MB, 4 MB goal, 0 MB stacks, 0 MB globals, 16 P
gc 1729 @36.761s 1%: 0.12+0.60+0.054 ms clock, 1.9+0.38/0.84/0+0.86 ms cpu, 3->4->1 MB, 4 MB goal, 0 MB stacks, 0 MB globals, 16 P
gc 1730 @36.762s 1%: 0.18+0.48+0.12 ms clock, 2.9+0.55/0.83/0.005+1.9 ms cpu, 3->4->1 MB, 4 MB goal, 0 MB stacks, 0 MB globals, 16 P
gc 1731 @36.764s 1%: 0.16+0.55+0.099 ms clock, 2.6+0.71/0.81/0+1.5 ms cpu, 3->4->2 MB, 4 MB goal, 0 MB stacks, 0 MB globals, 16 P
gc 1732 @36.766s 1%: 0.10+0.50+0.14 ms clock, 1.7+0.59/0.79/0+2.2 ms cpu, 3->4->1 MB, 4 MB goal, 0 MB stacks, 0 MB globals, 16 P
gc 1733 @36.767s 1%: 0.10+0.46+0.11 ms clock, 1.7+0.53/0.77/0.001+1.8 ms cpu, 3->4->1 MB, 4 MB goal, 0 MB stacks, 0 MB globals, 16 P
gc 1734 @36.769s 1%: 0.12+0.45+0.12 ms clock, 2.0+0.52/0.84/0.040+1.9 ms cpu, 3->4->1 MB, 4 MB goal, 0 MB stacks, 0 MB globals, 16 P
gc 1735 @36.770s 1%: 0.15+0.68+0.070 ms clock, 2.5+0.51/0.88/0.002+1.1 ms cpu, 3->4->2 MB, 4 MB goal, 0 MB stacks, 0 MB globals, 16 P
gc 1736 @36.772s 1%: 0.10+0.57+0.096 ms clock, 1.7+0.50/0.91/0.014+1.5 ms cpu, 3->4->1 MB, 4 MB goal, 0 MB stacks, 0 MB globals, 16 P
gc 1737 @36.774s 1%: 0.18+0.68+0.089 ms clock, 2.9+0.63/0.89/0+1.4 ms cpu, 3->4->2 MB, 4 MB goal, 0 MB stacks, 0 MB globals, 16 P
gc 1738 @36.776s 1%: 0.091+0.55+0.094 ms clock, 1.4+0.66/0.79/0+1.5 ms cpu, 3->4->1 MB, 4 MB goal, 0 MB stacks, 0 MB globals, 16 P
gc 1739 @36.777s 1%: 0.13+0.60+0.071 ms clock, 2.0+0.61/0.91/0+1.1 ms cpu, 3->4->1 MB, 4 MB goal, 0 MB stacks, 0 MB globals, 16 P
gc 1740 @36.779s 1%: 0.12+0.71+0.070 ms clock, 1.9+0.62/0.77/0+1.1 ms cpu, 3->4->2 MB, 4 MB goal, 0 MB stacks, 0 MB globals, 16 P
gc 1741 @36.781s 1%: 0.10+0.69+0.10 ms clock, 1.6+0.62/0.77/0.027+1.7 ms cpu, 3->4->1 MB, 4 MB goal, 0 MB stacks, 0 MB globals, 16 P
gc 1742 @36.782s 1%: 0.16+0.58+0.098 ms clock, 2.5+0.57/0.85/0.009+1.5 ms cpu, 3->4->1 MB, 4 MB goal, 0 MB stacks, 0 MB globals, 16 P
gc 1743 @36.784s 1%: 0.15+0.68+0.17 ms clock, 2.4+0.58/0.91/0+2.7 ms cpu, 3->4->2 MB, 4 MB goal, 0 MB stacks, 0 MB globals, 16 P
gc 1744 @36.786s 1%: 0.11+0.48+0.12 ms clock, 1.8+0.69/0.86/0.047+2.0 ms cpu, 3->4->1 MB, 4 MB goal, 0 MB stacks, 0 MB globals, 16 P
gc 1745 @36.788s 1%: 0.11+0.51+0.17 ms clock, 1.8+0.61/0.83/0+2.8 ms cpu, 3->4->1 MB, 4 MB goal, 0 MB stacks, 0 MB globals, 16 P
gc 1746 @36.789s 1%: 0.18+0.73+0.060 ms clock, 2.9+0.70/0.79/0+0.96 ms cpu, 3->4->2 MB, 4 MB goal, 0 MB stacks, 0 MB globals, 16 P
gc 1747 @36.791s 1%: 0.10+0.56+0.15 ms clock, 1.6+0.56/0.80/0.003+2.4 ms cpu, 4->4->1 MB, 4 MB goal, 0 MB stacks, 0 MB globals, 16 P
gc 1748 @36.793s 1%: 0.17+0.64+0.12 ms clock, 2.7+0.62/0.86/0+1.9 ms cpu, 3->4->2 MB, 4 MB goal, 0 MB stacks, 0 MB globals, 16 P
gc 1749 @36.795s 1%: 0.13+0.67+0.081 ms clock, 2.2+0.64/0.88/0+1.3 ms cpu, 3->4->2 MB, 4 MB goal, 0 MB stacks, 0 MB globals, 16 P
gc 1750 @36.797s 1%: 0.092+0.57+0.098 ms clock, 1.4+0.46/0.83/0+1.5 ms cpu, 3->4->1 MB, 4 MB goal, 0 MB stacks, 0 MB globals, 16 P
gc 1751 @36.798s 1%: 0.14+0.64+0.15 ms clock, 2.2+0.52/0.84/0+2.5 ms cpu, 3->4->2 MB, 4 MB goal, 0 MB stacks, 0 MB globals, 16 P
gc 1752 @36.800s 1%: 0.11+0.58+0.10 ms clock, 1.9+0.61/0.85/0.010+1.6 ms cpu, 3->4->1 MB, 4 MB goal, 0 MB stacks, 0 MB globals, 16 P
gc 1753 @36.802s 1%: 0.13+0.66+0.10 ms clock, 2.1+0.73/0.77/0.006+1.7 ms cpu, 3->4->2 MB, 4 MB goal, 0 MB stacks, 0 MB globals, 16 P
gc 1754 @36.804s 1%: 0.19+0.66+0.14 ms clock, 3.0+0.56/0.76/0.042+2.3 ms cpu, 3->4->2 MB, 4 MB goal, 0 MB stacks, 0 MB globals, 16 P
gc 1755 @36.805s 1%: 0.12+0.59+0.11 ms clock, 1.9+0.70/0.78/0.052+1.8 ms cpu, 3->4->1 MB, 4 MB goal, 0 MB stacks, 0 MB globals, 16 P
gc 1756 @36.807s 1%: 0.12+0.56+0.078 ms clock, 2.0+0.55/0.79/0+1.2 ms cpu, 3->4->1 MB, 4 MB goal, 0 MB stacks, 0 MB globals, 16 P
gc 1757 @36.809s 1%: 0.11+0.70+0.089 ms clock, 1.8+0.71/0.92/0.015+1.4 ms cpu, 3->4->1 MB, 4 MB goal, 0 MB stacks, 0 MB globals, 16 P
gc 1758 @36.810s 1%: 0.12+0.55+0.090 ms clock, 2.0+0.54/0.86/0.032+1.4 ms cpu, 3->4->1 MB, 4 MB goal, 0 MB stacks, 0 MB globals, 16 P
gc 1759 @36.812s 1%: 0.11+0.48+0.15 ms clock, 1.8+0.60/0.82/0+2.4 ms cpu, 3->4->1 MB, 4 MB goal, 0 MB stacks, 0 MB globals, 16 P
gc 1760 @36.813s 1%: 0.14+0.51+0.081 ms clock, 2.2+0.54/0.82/0.082+1.2 ms cpu, 3->4->1 MB, 4 MB goal, 0 MB stacks, 0 MB globals, 16 P
gc 1761 @36.815s 1%: 0.11+0.46+0.18 ms clock, 1.8+0.66/0.75/0+2.9 ms cpu, 3->4->1 MB, 4 MB goal, 0 MB stacks, 0 MB globals, 16 P
gc 1762 @36.816s 1%: 0.14+0.57+0.18 ms clock, 2.3+0.88/0.75/0.005+3.0 ms cpu, 3->4->2 MB, 4 MB goal, 0 MB stacks, 0 MB globals, 16 P
gc 1763 @36.818s 1%: 0.12+1.0+0.087 ms clock, 1.9+0.63/0.88/0.001+1.4 ms cpu, 3->4->2 MB, 4 MB goal, 0 MB stacks, 0 MB globals, 16 P
gc 1764 @36.820s 1%: 0.10+0.68+0.095 ms clock, 1.7+0.46/0.92/0+1.5 ms cpu, 4->4->2 MB, 4 MB goal, 0 MB stacks, 0 MB globals, 16 P
gc 1765 @36.822s 1%: 0.11+0.50+0.061 ms clock, 1.8+0.60/0.79/0+0.98 ms cpu, 3->4->1 MB, 4 MB goal, 0 MB stacks, 0 MB globals, 16 P
gc 1766 @36.824s 1%: 0.15+0.51+0.16 ms clock, 2.4+0.61/0.89/0.001+2.5 ms cpu, 3->4->1 MB, 4 MB goal, 0 MB stacks, 0 MB globals, 16 P
gc 1767 @36.825s 1%: 0.18+0.59+0.094 ms clock, 3.0+0.51/0.81/0+1.5 ms cpu, 3->4->2 MB, 4 MB goal, 0 MB stacks, 0 MB globals, 16 P
gc 1768 @36.827s 1%: 0.076+0.50+0.097 ms clock, 1.2+0.59/0.81/0+1.5 ms cpu, 3->4->1 MB, 4 MB goal, 0 MB stacks, 0 MB globals, 16 P
gc 1769 @36.829s 1%: 0.12+0.71+0.049 ms clock, 2.0+0.51/0.82/0+0.79 ms cpu, 3->4->1 MB, 4 MB goal, 0 MB stacks, 0 MB globals, 16 P
gc 1770 @36.830s 1%: 0.13+0.47+0.12 ms clock, 2.2+0.69/0.74/0.001+2.0 ms cpu, 3->4->1 MB, 4 MB goal, 0 MB stacks, 0 MB globals, 16 P
gc 1771 @36.832s 1%: 0.13+0.59+0.075 ms clock, 2.0+0.60/0.81/0+1.2 ms cpu, 3->4->1 MB, 4 MB goal, 0 MB stacks, 0 MB globals, 16 P
gc 1772 @36.833s 1%: 0.13+0.82+0.036 ms clock, 2.1+0.73/0.90/0.013+0.58 ms cpu, 3->4->2 MB, 4 MB goal, 0 MB stacks, 0 MB globals, 16 P
gc 1773 @36.835s 1%: 0.11+0.59+0.13 ms clock, 1.8+0.51/0.86/0+2.1 ms cpu, 3->4->1 MB, 4 MB goal, 0 MB stacks, 0 MB globals, 16 P
gc 1774 @36.837s 1%: 0.10+0.51+0.083 ms clock, 1.7+0.52/0.80/0+1.3 ms cpu, 3->4->1 MB, 4 MB goal, 0 MB stacks, 0 MB globals, 16 P
gc 1775 @36.839s 1%: 0.097+0.56+0.094 ms clock, 1.5+0.48/0.86/0.029+1.5 ms cpu, 3->4->1 MB, 4 MB goal, 0 MB stacks, 0 MB globals, 16 P
gc 1776 @36.840s 1%: 0.12+0.51+0.11 ms clock, 2.0+0.58/0.61/0.14+1.8 ms cpu, 3->4->1 MB, 4 MB goal, 0 MB stacks, 0 MB globals, 16 P
gc 1777 @36.842s 1%: 0.11+0.64+0.11 ms clock, 1.7+0.54/0.78/0+1.8 ms cpu, 3->4->1 MB, 4 MB goal, 0 MB stacks, 0 MB globals, 16 P
gc 1778 @36.844s 1%: 0.11+0.61+0.065 ms clock, 1.8+0.57/0.81/0.003+1.0 ms cpu, 3->4->1 MB, 4 MB goal, 0 MB stacks, 0 MB globals, 16 P
gc 1779 @36.845s 1%: 0.13+0.68+0.11 ms clock, 2.1+0.68/0.94/0.007+1.7 ms cpu, 3->4->2 MB, 4 MB goal, 0 MB stacks, 0 MB globals, 16 P
gc 1780 @36.847s 1%: 0.16+0.63+0.059 ms clock, 2.5+0.58/0.75/0+0.94 ms cpu, 3->4->2 MB, 4 MB goal, 0 MB stacks, 0 MB globals, 16 P
gc 1781 @36.849s 1%: 0.12+0.54+0.078 ms clock, 2.0+0.50/0.86/0+1.2 ms cpu, 3->4->1 MB, 4 MB goal, 0 MB stacks, 0 MB globals, 16 P
gc 1782 @36.851s 1%: 0.12+0.54+0.077 ms clock, 2.0+0.66/0.82/0.008+1.2 ms cpu, 3->4->1 MB, 4 MB goal, 0 MB stacks, 0 MB globals, 16 P
gc 1783 @36.852s 1%: 0.12+0.62+0.11 ms clock, 1.9+0.65/0.78/0.061+1.8 ms cpu, 3->4->2 MB, 4 MB goal, 0 MB stacks, 0 MB globals, 16 P
gc 1784 @36.854s 1%: 0.092+0.42+0.13 ms clock, 1.4+0.66/0.75/0+2.1 ms cpu, 3->4->1 MB, 4 MB goal, 0 MB stacks, 0 MB globals, 16 P
gc 1785 @36.856s 1%: 0.22+0.44+0.18 ms clock, 3.5+0.72/0.68/0+3.0 ms cpu, 3->3->1 MB, 4 MB goal, 0 MB stacks, 0 MB globals, 16 P
gc 1786 @36.857s 1%: 0.14+0.70+0.097 ms clock, 2.3+0.68/0.97/0.021+1.5 ms cpu, 3->4->2 MB, 4 MB goal, 0 MB stacks, 0 MB globals, 16 P
gc 1787 @36.859s 1%: 0.15+0.60+0.15 ms clock, 2.4+0.46/0.92/0+2.5 ms cpu, 3->4->2 MB, 4 MB goal, 0 MB stacks, 0 MB globals, 16 P
gc 1788 @36.861s 1%: 0.11+0.65+0.096 ms clock, 1.7+0.48/0.92/0.011+1.5 ms cpu, 3->4->2 MB, 4 MB goal, 0 MB stacks, 0 MB globals, 16 P
gc 1789 @36.863s 1%: 0.11+0.56+0.10 ms clock, 1.8+0.63/0.84/0+1.6 ms cpu, 3->4->1 MB, 4 MB goal, 0 MB stacks, 0 MB globals, 16 P
gc 1790 @36.864s 1%: 0.12+0.65+0.050 ms clock, 2.0+0.64/0.87/0+0.80 ms cpu, 3->4->2 MB, 4 MB goal, 0 MB stacks, 0 MB globals, 16 P
gc 1791 @36.866s 1%: 0.10+0.72+0.080 ms clock, 1.7+0.47/0.85/0.046+1.2 ms cpu, 3->4->1 MB, 4 MB goal, 0 MB stacks, 0 MB globals, 16 P
gc 1792 @36.868s 1%: 0.13+0.50+0.089 ms clock, 2.1+0.62/0.83/0.002+1.4 ms cpu, 3->4->1 MB, 4 MB goal, 0 MB stacks, 0 MB globals, 16 P
gc 1793 @36.869s 1%: 0.14+0.63+0.15 ms clock, 2.2+0.62/0.83/0+2.5 ms cpu, 3->4->2 MB, 4 MB goal, 0 MB stacks, 0 MB globals, 16 P
gc 1794 @36.871s 1%: 0.11+0.57+0.16 ms clock, 1.8+0.51/0.80/0.048+2.5 ms cpu, 3->4->1 MB, 4 MB goal, 0 MB stacks, 0 MB globals, 16 P
gc 1795 @36.873s 1%: 0.11+0.69+0.061 ms clock, 1.8+0.45/0.90/0+0.98 ms cpu, 3->4->2 MB, 4 MB goal, 0 MB stacks, 0 MB globals, 16 P
gc 1796 @36.874s 1%: 0.11+0.54+0.091 ms clock, 1.7+0.56/0.78/0.014+1.4 ms cpu, 3->4->1 MB, 4 MB goal, 0 MB stacks, 0 MB globals, 16 P
gc 1797 @36.876s 1%: 0.12+0.66+0.11 ms clock, 1.9+0.44/0.91/0+1.7 ms cpu, 3->4->2 MB, 4 MB goal, 0 MB stacks, 0 MB globals, 16 P
gc 1798 @36.878s 1%: 0.14+0.58+0.13 ms clock, 2.3+0.59/0.73/0.090+2.1 ms cpu, 3->4->1 MB, 4 MB goal, 0 MB stacks, 0 MB globals, 16 P
gc 1799 @36.880s 1%: 0.15+0.45+0.033 ms clock, 2.4+0.54/0.72/0+0.53 ms cpu, 3->4->1 MB, 4 MB goal, 0 MB stacks, 0 MB globals, 16 P
gc 1800 @36.881s 1%: 0.13+0.56+0.11 ms clock, 2.1+0.60/0.68/0+1.8 ms cpu, 3->3->1 MB, 4 MB goal, 0 MB stacks, 0 MB globals, 16 P
gc 1801 @36.883s 1%: 0.13+0.75+0.14 ms clock, 2.0+0.57/0.99/0+2.2 ms cpu, 3->4->2 MB, 4 MB goal, 0 MB stacks, 0 MB globals, 16 P
gc 1802 @36.885s 1%: 0.11+0.61+0.11 ms clock, 1.9+0.57/1.0/0+1.8 ms cpu, 3->4->2 MB, 4 MB goal, 0 MB stacks, 0 MB globals, 16 P
gc 1803 @36.886s 1%: 0.11+0.62+0.11 ms clock, 1.8+0.61/0.87/0+1.8 ms cpu, 3->4->2 MB, 4 MB goal, 0 MB stacks, 0 MB globals, 16 P
gc 1804 @36.888s 1%: 0.15+0.53+0.073 ms clock, 2.5+0.50/0.84/0+1.1 ms cpu, 3->4->1 MB, 4 MB goal, 0 MB stacks, 0 MB globals, 16 P
gc 1805 @36.890s 1%: 0.073+0.62+0.11 ms clock, 1.1+0.61/0.76/0+1.7 ms cpu, 3->4->1 MB, 4 MB goal, 0 MB stacks, 0 MB globals, 16 P
gc 1806 @36.891s 1%: 0.13+0.59+0.092 ms clock, 2.1+0.59/0.87/0+1.4 ms cpu, 3->4->1 MB, 4 MB goal, 0 MB stacks, 0 MB globals, 16 P
gc 1807 @36.893s 1%: 0.11+0.45+0.14 ms clock, 1.7+0.49/0.78/0.058+2.3 ms cpu, 3->3->1 MB, 4 MB goal, 0 MB stacks, 0 MB globals, 16 P
gc 1808 @36.894s 1%: 0.15+0.68+0.15 ms clock, 2.4+0.54/0.86/0.002+2.4 ms cpu, 3->4->2 MB, 4 MB goal, 0 MB stacks, 0 MB globals, 16 P
gc 1809 @36.896s 1%: 0.12+0.61+0.085 ms clock, 1.9+0.60/0.77/0+1.3 ms cpu, 3->4->1 MB, 4 MB goal, 0 MB stacks, 0 MB globals, 16 P
gc 1810 @36.898s 1%: 0.11+0.52+0.18 ms clock, 1.7+0.43/0.88/0+2.9 ms cpu, 3->4->1 MB, 4 MB goal, 0 MB stacks, 0 MB globals, 16 P
gc 1811 @36.899s 1%: 0.11+0.60+0.080 ms clock, 1.8+0.64/0.82/0.006+1.2 ms cpu, 3->4->2 MB, 4 MB goal, 0 MB stacks, 0 MB globals, 16 P
gc 1812 @36.901s 1%: 0.10+0.55+0.15 ms clock, 1.7+0.49/0.87/0.003+2.4 ms cpu, 3->4->1 MB, 4 MB goal, 0 MB stacks, 0 MB globals, 16 P
gc 1813 @36.903s 1%: 0.11+0.57+0.10 ms clock, 1.8+0.48/0.90/0.030+1.7 ms cpu, 3->4->1 MB, 4 MB goal, 0 MB stacks, 0 MB globals, 16 P
gc 1814 @36.904s 1%: 0.11+0.62+0.083 ms clock, 1.7+0.48/0.73/0+1.3 ms cpu, 3->4->1 MB, 4 MB goal, 0 MB stacks, 0 MB globals, 16 P
gc 1815 @36.906s 1%: 0.11+0.66+0.11 ms clock, 1.7+0.53/0.98/0+1.8 ms cpu, 3->4->2 MB, 4 MB goal, 0 MB stacks, 0 MB globals, 16 P
gc 1816 @36.908s 1%: 0.14+0.54+0.18 ms clock, 2.3+0.59/0.78/0+2.9 ms cpu, 3->4->1 MB, 4 MB goal, 0 MB stacks, 0 MB globals, 16 P
gc 1817 @36.909s 1%: 0.098+0.64+0.11 ms clock, 1.5+0.58/0.88/0+1.8 ms cpu, 3->4->1 MB, 4 MB goal, 0 MB stacks, 0 MB globals, 16 P
gc 1818 @36.911s 1%: 0.11+0.70+0.10 ms clock, 1.8+0.66/0.84/0+1.6 ms cpu, 3->4->2 MB, 4 MB goal, 0 MB stacks, 0 MB globals, 16 P
gc 1819 @36.913s 1%: 0.10+0.45+0.10 ms clock, 1.7+0.56/0.75/0+1.6 ms cpu, 3->4->1 MB, 4 MB goal, 0 MB stacks, 0 MB globals, 16 P
gc 1820 @36.914s 1%: 0.14+0.83+0.046 ms clock, 2.2+0.53/0.74/0+0.74 ms cpu, 3->4->2 MB, 4 MB goal, 0 MB stacks, 0 MB globals, 16 P
gc 1821 @36.916s 1%: 0.10+0.44+0.10 ms clock, 1.6+0.55/0.74/0.012+1.7 ms cpu, 3->4->1 MB, 4 MB goal, 0 MB stacks, 0 MB globals, 16 P
gc 1822 @36.918s 1%: 0.12+0.62+0.14 ms clock, 2.0+0.58/0.75/0.085+2.3 ms cpu, 3->4->2 MB, 4 MB goal, 0 MB stacks, 0 MB globals, 16 P
gc 1823 @36.919s 1%: 0.12+0.53+0.094 ms clock, 1.9+0.64/0.75/0+1.5 ms cpu, 3->4->1 MB, 4 MB goal, 0 MB stacks, 0 MB globals, 16 P
gc 1824 @36.921s 1%: 0.13+0.64+0.037 ms clock, 2.1+0.45/0.81/0+0.60 ms cpu, 3->4->1 MB, 4 MB goal, 0 MB stacks, 0 MB globals, 16 P
gc 1825 @36.923s 1%: 0.16+0.52+0.14 ms clock, 2.6+0.63/0.74/0.004+2.3 ms cpu, 3->4->2 MB, 4 MB goal, 0 MB stacks, 0 MB globals, 16 P
gc 1826 @36.924s 1%: 0.10+0.62+0.089 ms clock, 1.7+0.42/0.88/0.010+1.4 ms cpu, 3->4->1 MB, 4 MB goal, 0 MB stacks, 0 MB globals, 16 P
gc 1827 @36.926s 1%: 0.10+0.49+0.094 ms clock, 1.7+0.58/0.71/0+1.5 ms cpu, 3->4->1 MB, 4 MB goal, 0 MB stacks, 0 MB globals, 16 P
gc 1828 @36.928s 1%: 0.082+0.53+0.051 ms clock, 1.3+0.50/0.80/0.002+0.81 ms cpu, 3->4->1 MB, 4 MB goal, 0 MB stacks, 0 MB globals, 16 P
gc 1829 @36.929s 1%: 0.10+0.51+0.098 ms clock, 1.6+0.56/0.73/0+1.5 ms cpu, 3->4->1 MB, 4 MB goal, 0 MB stacks, 0 MB globals, 16 P
gc 1830 @36.931s 1%: 0.13+0.46+0.097 ms clock, 2.1+0.53/0.75/0.004+1.5 ms cpu, 3->4->1 MB, 4 MB goal, 0 MB stacks, 0 MB globals, 16 P
gc 1831 @36.932s 1%: 0.13+0.69+0.091 ms clock, 2.1+0.62/0.88/0+1.4 ms cpu, 3->4->2 MB, 4 MB goal, 0 MB stacks, 0 MB globals, 16 P
gc 1832 @36.934s 1%: 0.16+0.53+0.16 ms clock, 2.5+0.69/0.74/0.065+2.6 ms cpu, 3->4->1 MB, 4 MB goal, 0 MB stacks, 0 MB globals, 16 P
gc 1833 @36.936s 1%: 0.14+0.69+0.056 ms clock, 2.3+0.67/0.90/0+0.90 ms cpu, 3->4->2 MB, 4 MB goal, 0 MB stacks, 0 MB globals, 16 P
gc 1834 @36.937s 1%: 0.10+0.52+0.11 ms clock, 1.7+0.54/0.73/0.025+1.8 ms cpu, 3->4->1 MB, 4 MB goal, 0 MB stacks, 0 MB globals, 16 P
gc 1835 @36.939s 1%: 0.11+0.50+0.11 ms clock, 1.8+0.49/0.69/0.056+1.8 ms cpu, 3->3->1 MB, 4 MB goal, 0 MB stacks, 0 MB globals, 16 P
gc 1836 @36.940s 1%: 0.15+0.58+0.11 ms clock, 2.4+0.62/0.81/0+1.7 ms cpu, 3->4->2 MB, 4 MB goal, 0 MB stacks, 0 MB globals, 16 P
gc 1837 @36.942s 1%: 0.10+0.51+0.083 ms clock, 1.7+0.56/0.82/0.023+1.3 ms cpu, 3->4->1 MB, 4 MB goal, 0 MB stacks, 0 MB globals, 16 P
gc 1838 @36.943s 1%: 0.13+0.57+0.097 ms clock, 2.1+0.59/0.96/0.008+1.5 ms cpu, 3->4->1 MB, 4 MB goal, 0 MB stacks, 0 MB globals, 16 P
gc 1839 @36.945s 1%: 0.13+0.47+0.10 ms clock, 2.2+0.66/0.77/0+1.6 ms cpu, 3->4->1 MB, 4 MB goal, 0 MB stacks, 0 MB globals, 16 P
gc 1840 @36.947s 1%: 0.16+0.45+0.11 ms clock, 2.5+0.49/0.80/0+1.8 ms cpu, 3->4->1 MB, 4 MB goal, 0 MB stacks, 0 MB globals, 16 P
gc 1841 @36.948s 1%: 0.11+0.54+0.11 ms clock, 1.8+0.49/0.73/0.022+1.8 ms cpu, 3->3->1 MB, 4 MB goal, 0 MB stacks, 0 MB globals, 16 P
gc 1842 @36.950s 1%: 0.12+0.48+0.13 ms clock, 1.9+0.64/0.87/0+2.1 ms cpu, 3->4->1 MB, 4 MB goal, 0 MB stacks, 0 MB globals, 16 P
gc 1843 @36.951s 1%: 0.15+0.63+0.079 ms clock, 2.4+0.66/0.74/0.060+1.2 ms cpu, 3->4->1 MB, 4 MB goal, 0 MB stacks, 0 MB globals, 16 P
gc 1844 @36.953s 1%: 0.10+0.71+0.091 ms clock, 1.6+0.49/0.71/0.019+1.4 ms cpu, 3->4->1 MB, 4 MB goal, 0 MB stacks, 0 MB globals, 16 P
gc 1845 @36.954s 1%: 0.11+0.68+0.16 ms clock, 1.9+0.55/0.89/0+2.6 ms cpu, 3->4->2 MB, 4 MB goal, 0 MB stacks, 0 MB globals, 16 P
gc 1846 @36.956s 1%: 0.12+0.58+0.11 ms clock, 1.9+0.46/0.86/0+1.7 ms cpu, 3->4->1 MB, 4 MB goal, 0 MB stacks, 0 MB globals, 16 P
gc 1847 @36.958s 1%: 0.16+0.47+0.12 ms clock, 2.7+0.63/0.76/0.001+2.0 ms cpu, 3->4->1 MB, 4 MB goal, 0 MB stacks, 0 MB globals, 16 P
gc 1848 @36.959s 1%: 0.13+0.66+0.075 ms clock, 2.0+0.57/0.81/0+1.2 ms cpu, 3->4->2 MB, 4 MB goal, 0 MB stacks, 0 MB globals, 16 P
gc 1849 @36.961s 1%: 0.11+0.52+0.054 ms clock, 1.8+0.46/0.88/0+0.87 ms cpu, 3->4->1 MB, 4 MB goal, 0 MB stacks, 0 MB globals, 16 P
gc 1850 @36.963s 1%: 0.13+0.65+0.11 ms clock, 2.1+0.56/0.77/0.012+1.7 ms cpu, 3->4->1 MB, 4 MB goal, 0 MB stacks, 0 MB globals, 16 P
gc 1851 @36.965s 1%: 0.14+0.66+0.11 ms clock, 2.2+0.66/0.83/0.006+1.7 ms cpu, 3->4->1 MB, 4 MB goal, 0 MB stacks, 0 MB globals, 16 P
gc 1852 @36.966s 1%: 0.15+0.63+0.14 ms clock, 2.5+0.52/0.75/0+2.3 ms cpu, 3->4->2 MB, 4 MB goal, 0 MB stacks, 0 MB globals, 16 P
gc 1853 @36.968s 1%: 0.16+0.58+0.15 ms clock, 2.5+0.62/0.77/0+2.4 ms cpu, 3->4->2 MB, 4 MB goal, 0 MB stacks, 0 MB globals, 16 P
gc 1854 @36.970s 1%: 0.15+0.56+0.13 ms clock, 2.4+0.62/0.73/0+2.2 ms cpu, 3->4->1 MB, 4 MB goal, 0 MB stacks, 0 MB globals, 16 P
gc 1855 @36.972s 1%: 0.14+0.61+0.11 ms clock, 2.3+0.71/0.86/0+1.8 ms cpu, 3->4->2 MB, 4 MB goal, 0 MB stacks, 0 MB globals, 16 P
gc 1856 @36.973s 1%: 0.15+0.47+0.094 ms clock, 2.5+0.51/0.90/0+1.5 ms cpu, 3->4->1 MB, 4 MB goal, 0 MB stacks, 0 MB globals, 16 P
gc 1857 @36.975s 1%: 0.15+0.62+0.13 ms clock, 2.4+0.63/0.81/0.006+2.0 ms cpu, 3->4->2 MB, 4 MB goal, 0 MB stacks, 0 MB globals, 16 P
gc 1858 @36.977s 1%: 0.10+0.58+0.076 ms clock, 1.6+0.51/0.86/0.012+1.2 ms cpu, 3->4->1 MB, 4 MB goal, 0 MB stacks, 0 MB globals, 16 P
gc 1859 @36.978s 1%: 0.14+0.51+0.11 ms clock, 2.3+0.49/0.76/0.067+1.9 ms cpu, 3->4->1 MB, 4 MB goal, 0 MB stacks, 0 MB globals, 16 P
gc 1860 @36.980s 1%: 0.13+0.53+0.10 ms clock, 2.1+0.67/0.74/0.038+1.6 ms cpu, 3->4->1 MB, 4 MB goal, 0 MB stacks, 0 MB globals, 16 P
gc 1861 @36.981s 1%: 0.099+0.54+0.10 ms clock, 1.5+0.54/0.97/0.029+1.6 ms cpu, 3->4->1 MB, 4 MB goal, 0 MB stacks, 0 MB globals, 16 P
gc 1862 @36.983s 1%: 0.13+0.54+0.18 ms clock, 2.2+0.60/0.74/0+2.9 ms cpu, 3->4->2 MB, 4 MB goal, 0 MB stacks, 0 MB globals, 16 P
gc 1863 @36.985s 1%: 0.12+0.53+0.12 ms clock, 1.9+0.54/0.86/0+2.0 ms cpu, 3->4->1 MB, 4 MB goal, 0 MB stacks, 0 MB globals, 16 P
gc 1864 @36.986s 1%: 0.17+0.62+0.10 ms clock, 2.8+0.59/0.81/0+1.6 ms cpu, 3->4->2 MB, 4 MB goal, 0 MB stacks, 0 MB globals, 16 P
gc 1865 @36.988s 1%: 0.14+0.71+0.13 ms clock, 2.3+0.53/0.84/0.017+2.1 ms cpu, 3->4->2 MB, 4 MB goal, 0 MB stacks, 0 MB globals, 16 P
gc 1866 @36.990s 1%: 0.15+0.63+0.11 ms clock, 2.4+0.59/0.78/0+1.8 ms cpu, 3->4->2 MB, 4 MB goal, 0 MB stacks, 0 MB globals, 16 P
gc 1867 @36.991s 1%: 0.11+0.65+0.10 ms clock, 1.8+0.60/0.83/0+1.6 ms cpu, 3->4->2 MB, 4 MB goal, 0 MB stacks, 0 MB globals, 16 P
gc 1868 @36.993s 1%: 0.11+0.50+0.11 ms clock, 1.7+0.34/0.80/0+1.8 ms cpu, 3->4->1 MB, 4 MB goal, 0 MB stacks, 0 MB globals, 16 P
gc 1869 @36.995s 1%: 0.11+0.55+0.097 ms clock, 1.7+0.37/0.82/0+1.5 ms cpu, 3->4->1 MB, 4 MB goal, 0 MB stacks, 0 MB globals, 16 P
gc 1870 @36.996s 1%: 0.074+0.53+0.074 ms clock, 1.1+0.53/0.76/0+1.1 ms cpu, 3->4->1 MB, 4 MB goal, 0 MB stacks, 0 MB globals, 16 P
gc 1871 @36.998s 1%: 0.12+0.62+0.10 ms clock, 1.9+0.58/0.78/0.003+1.6 ms cpu, 3->4->1 MB, 4 MB goal, 0 MB stacks, 0 MB globals, 16 P
gc 1872 @37.000s 1%: 0.12+0.60+0.073 ms clock, 1.9+0.48/0.84/0.034+1.1 ms cpu, 3->4->1 MB, 4 MB goal, 0 MB stacks, 0 MB globals, 16 P
gc 1873 @37.001s 1%: 0.12+0.63+0.086 ms clock, 2.0+0.51/0.92/0+1.3 ms cpu, 3->4->2 MB, 4 MB goal, 0 MB stacks, 0 MB globals, 16 P
gc 1874 @37.003s 1%: 0.13+0.53+0.11 ms clock, 2.1+0.62/0.98/0.016+1.8 ms cpu, 3->4->1 MB, 4 MB goal, 0 MB stacks, 0 MB globals, 16 P
gc 1875 @37.004s 1%: 0.17+0.70+0.10 ms clock, 2.7+0.71/0.73/0+1.6 ms cpu, 3->4->2 MB, 4 MB goal, 0 MB stacks, 0 MB globals, 16 P
gc 1876 @37.006s 1%: 0.095+0.61+0.12 ms clock, 1.5+0.59/0.80/0+1.9 ms cpu, 3->4->1 MB, 4 MB goal, 0 MB stacks, 0 MB globals, 16 P
gc 1877 @37.008s 1%: 0.10+0.61+0.077 ms clock, 1.7+0.68/0.87/0+1.2 ms cpu, 3->4->1 MB, 4 MB goal, 0 MB stacks, 0 MB globals, 16 P
gc 1878 @37.010s 1%: 0.16+0.73+0.092 ms clock, 2.6+0.47/0.71/0+1.4 ms cpu, 3->4->2 MB, 4 MB goal, 0 MB stacks, 0 MB globals, 16 P
gc 1879 @37.011s 1%: 0.14+0.70+0.084 ms clock, 2.3+0.59/0.76/0+1.3 ms cpu, 3->4->2 MB, 4 MB goal, 0 MB stacks, 0 MB globals, 16 P
gc 1880 @37.013s 1%: 0.093+0.57+0.087 ms clock, 1.5+0.49/0.87/0+1.3 ms cpu, 3->4->1 MB, 4 MB goal, 0 MB stacks, 0 MB globals, 16 P
gc 1881 @37.015s 1%: 0.16+0.57+0.090 ms clock, 2.6+0.57/0.73/0+1.4 ms cpu, 3->4->1 MB, 4 MB goal, 0 MB stacks, 0 MB globals, 16 P
gc 1882 @37.016s 1%: 0.18+0.73+0.074 ms clock, 2.9+0.68/0.67/0.082+1.1 ms cpu, 3->4->2 MB, 4 MB goal, 0 MB stacks, 0 MB globals, 16 P
gc 1883 @37.018s 1%: 0.14+0.60+0.097 ms clock, 2.3+0.60/0.69/0+1.5 ms cpu, 3->4->1 MB, 4 MB goal, 0 MB stacks, 0 MB globals, 16 P
gc 1884 @37.020s 1%: 0.16+0.67+0.079 ms clock, 2.6+0.64/0.80/0+1.2 ms cpu, 3->4->2 MB, 4 MB goal, 0 MB stacks, 0 MB globals, 16 P
gc 1885 @37.022s 1%: 0.13+0.58+0.096 ms clock, 2.1+0.56/0.87/0+1.5 ms cpu, 3->4->1 MB, 4 MB goal, 0 MB stacks, 0 MB globals, 16 P
gc 1886 @37.023s 1%: 0.12+0.64+0.13 ms clock, 1.9+0.54/0.91/0+2.0 ms cpu, 3->4->2 MB, 4 MB goal, 0 MB stacks, 0 MB globals, 16 P
gc 1887 @37.025s 1%: 0.16+0.45+0.095 ms clock, 2.5+0.58/0.64/0+1.5 ms cpu, 3->4->1 MB, 4 MB goal, 0 MB stacks, 0 MB globals, 16 P
gc 1888 @37.027s 1%: 0.11+0.55+0.15 ms clock, 1.8+0.59/0.90/0+2.5 ms cpu, 3->4->1 MB, 4 MB goal, 0 MB stacks, 0 MB globals, 16 P
gc 1889 @37.028s 1%: 0.16+0.46+0.15 ms clock, 2.6+0.47/0.78/0+2.5 ms cpu, 3->4->1 MB, 4 MB goal, 0 MB stacks, 0 MB globals, 16 P
gc 1890 @37.030s 1%: 0.078+0.58+0.087 ms clock, 1.2+0.43/0.92/0+1.3 ms cpu, 3->4->1 MB, 4 MB goal, 0 MB stacks, 0 MB globals, 16 P
gc 1891 @37.031s 1%: 0.10+0.63+0.11 ms clock, 1.6+0.46/0.84/0+1.8 ms cpu, 3->4->2 MB, 4 MB goal, 0 MB stacks, 0 MB globals, 16 P
gc 1892 @37.033s 1%: 0.11+0.62+0.063 ms clock, 1.9+0.55/0.91/0+1.0 ms cpu, 3->4->1 MB, 4 MB goal, 0 MB stacks, 0 MB globals, 16 P
gc 1893 @37.035s 1%: 0.11+0.53+0.080 ms clock, 1.8+0.58/0.74/0+1.2 ms cpu, 3->4->1 MB, 4 MB goal, 0 MB stacks, 0 MB globals, 16 P
gc 1894 @37.036s 1%: 0.10+0.48+0.10 ms clock, 1.6+0.52/0.81/0+1.6 ms cpu, 3->4->1 MB, 4 MB goal, 0 MB stacks, 0 MB globals, 16 P
gc 1895 @37.038s 1%: 0.13+0.60+0.13 ms clock, 2.1+0.63/0.80/0+2.1 ms cpu, 3->4->2 MB, 4 MB goal, 0 MB stacks, 0 MB globals, 16 P
gc 1896 @37.039s 1%: 0.12+0.48+0.10 ms clock, 1.9+0.51/0.78/0+1.6 ms cpu, 3->4->1 MB, 4 MB goal, 0 MB stacks, 0 MB globals, 16 P
gc 1897 @37.041s 1%: 0.11+0.51+0.14 ms clock, 1.8+0.63/0.74/0+2.3 ms cpu, 3->4->1 MB, 4 MB goal, 0 MB stacks, 0 MB globals, 16 P
gc 1898 @37.042s 1%: 0.12+0.54+0.10 ms clock, 1.9+0.43/0.81/0.044+1.6 ms cpu, 3->4->1 MB, 4 MB goal, 0 MB stacks, 0 MB globals, 16 P
gc 1899 @37.044s 1%: 0.14+0.54+0.084 ms clock, 2.2+0.60/0.78/0+1.3 ms cpu, 3->4->1 MB, 4 MB goal, 0 MB stacks, 0 MB globals, 16 P
gc 1900 @37.046s 1%: 0.12+0.56+0.13 ms clock, 2.0+0.47/0.86/0+2.1 ms cpu, 3->4->1 MB, 4 MB goal, 0 MB stacks, 0 MB globals, 16 P
gc 1901 @37.047s 1%: 0.13+0.77+0.14 ms clock, 2.1+0.57/0.81/0.018+2.2 ms cpu, 3->4->2 MB, 4 MB goal, 0 MB stacks, 0 MB globals, 16 P
gc 1902 @37.049s 1%: 0.17+0.48+0.10 ms clock, 2.8+0.54/0.87/0.022+1.7 ms cpu, 3->4->1 MB, 4 MB goal, 0 MB stacks, 0 MB globals, 16 P
gc 1903 @37.051s 1%: 0.095+0.65+0.076 ms clock, 1.5+0.63/0.80/0.057+1.2 ms cpu, 3->4->1 MB, 4 MB goal, 0 MB stacks, 0 MB globals, 16 P
gc 1904 @37.053s 1%: 0.11+0.71+0.097 ms clock, 1.8+0.48/0.91/0.031+1.5 ms cpu, 3->4->2 MB, 4 MB goal, 0 MB stacks, 0 MB globals, 16 P
gc 1905 @37.055s 1%: 0.14+0.60+0.099 ms clock, 2.2+0.45/0.87/0.043+1.5 ms cpu, 3->4->1 MB, 4 MB goal, 0 MB stacks, 0 MB globals, 16 P
gc 1906 @37.056s 1%: 0.13+0.55+0.15 ms clock, 2.0+0.59/0.82/0.002+2.4 ms cpu, 3->4->1 MB, 4 MB goal, 0 MB stacks, 0 MB globals, 16 P
gc 1907 @37.058s 1%: 0.20+0.57+0.11 ms clock, 3.2+0.59/0.85/0+1.7 ms cpu, 3->4->1 MB, 4 MB goal, 0 MB stacks, 0 MB globals, 16 P
gc 1908 @37.059s 1%: 0.15+0.72+0.097 ms clock, 2.4+0.65/0.70/0+1.5 ms cpu, 3->4->2 MB, 4 MB goal, 0 MB stacks, 0 MB globals, 16 P
gc 1909 @37.062s 1%: 0.18+0.49+0.10 ms clock, 2.9+0.70/0.64/0+1.6 ms cpu, 3->4->1 MB, 4 MB goal, 0 MB stacks, 0 MB globals, 16 P
gc 1910 @37.063s 1%: 0.10+0.49+0.099 ms clock, 1.7+0.52/0.93/0+1.5 ms cpu, 3->4->1 MB, 4 MB goal, 0 MB stacks, 0 MB globals, 16 P
gc 1911 @37.065s 1%: 0.14+0.43+0.095 ms clock, 2.3+0.52/0.71/0+1.5 ms cpu, 3->4->1 MB, 4 MB goal, 0 MB stacks, 0 MB globals, 16 P
gc 1912 @37.066s 1%: 0.12+0.70+0.088 ms clock, 1.9+0.64/0.87/0.001+1.4 ms cpu, 3->4->2 MB, 4 MB goal, 0 MB stacks, 0 MB globals, 16 P
gc 1913 @37.068s 1%: 0.094+0.45+0.085 ms clock, 1.5+0.60/0.69/0+1.3 ms cpu, 3->4->1 MB, 4 MB goal, 0 MB stacks, 0 MB globals, 16 P
gc 1914 @37.070s 1%: 0.11+0.49+0.13 ms clock, 1.8+0.47/0.77/0+2.1 ms cpu, 3->4->1 MB, 4 MB goal, 0 MB stacks, 0 MB globals, 16 P
gc 1915 @37.071s 1%: 0.12+0.58+0.10 ms clock, 1.9+0.50/0.83/0+1.6 ms cpu, 3->4->1 MB, 4 MB goal, 0 MB stacks, 0 MB globals, 16 P
gc 1916 @37.073s 1%: 0.12+0.53+0.095 ms clock, 1.9+0.53/0.92/0+1.5 ms cpu, 3->4->1 MB, 4 MB goal, 0 MB stacks, 0 MB globals, 16 P
gc 1917 @37.074s 1%: 0.12+0.49+0.11 ms clock, 1.9+0.61/0.76/0+1.8 ms cpu, 3->4->1 MB, 4 MB goal, 0 MB stacks, 0 MB globals, 16 P
gc 1918 @37.076s 1%: 0.13+0.55+0.15 ms clock, 2.1+0.60/0.77/0+2.4 ms cpu, 3->4->2 MB, 4 MB goal, 0 MB stacks, 0 MB globals, 16 P
gc 1919 @37.078s 1%: 0.15+0.49+0.13 ms clock, 2.5+0.59/0.85/0.030+2.2 ms cpu, 3->4->1 MB, 4 MB goal, 0 MB stacks, 0 MB globals, 16 P
gc 1920 @37.079s 1%: 0.11+0.47+0.11 ms clock, 1.8+0.56/0.82/0+1.8 ms cpu, 3->4->1 MB, 4 MB goal, 0 MB stacks, 0 MB globals, 16 P
gc 1921 @37.081s 1%: 0.12+0.72+0.097 ms clock, 1.9+0.53/0.76/0+1.5 ms cpu, 3->4->1 MB, 4 MB goal, 0 MB stacks, 0 MB globals, 16 P
gc 1922 @37.082s 1%: 0.18+0.43+0.14 ms clock, 2.9+0.63/0.73/0.017+2.2 ms cpu, 3->4->1 MB, 4 MB goal, 0 MB stacks, 0 MB globals, 16 P
gc 1923 @37.084s 1%: 0.16+0.67+0.099 ms clock, 2.6+0.71/0.92/0+1.5 ms cpu, 3->4->2 MB, 4 MB goal, 0 MB stacks, 0 MB globals, 16 P
gc 1924 @37.086s 1%: 0.12+0.62+0.041 ms clock, 1.9+0.43/0.91/0+0.65 ms cpu, 3->4->2 MB, 4 MB goal, 0 MB stacks, 0 MB globals, 16 P
gc 1925 @37.087s 1%: 0.099+0.57+0.085 ms clock, 1.5+0.49/0.85/0.006+1.3 ms cpu, 3->4->1 MB, 4 MB goal, 0 MB stacks, 0 MB globals, 16 P
gc 1926 @37.089s 1%: 0.10+0.66+0.085 ms clock, 1.7+0.51/0.84/0+1.3 ms cpu, 3->4->2 MB, 4 MB goal, 0 MB stacks, 0 MB globals, 16 P
gc 1927 @37.091s 1%: 0.10+0.44+0.097 ms clock, 1.6+0.53/0.73/0+1.5 ms cpu, 3->4->1 MB, 4 MB goal, 0 MB stacks, 0 MB globals, 16 P
gc 1928 @37.092s 1%: 0.14+0.64+0.063 ms clock, 2.2+0.51/0.84/0+1.0 ms cpu, 3->4->1 MB, 4 MB goal, 0 MB stacks, 0 MB globals, 16 P
gc 1929 @37.094s 1%: 0.15+0.61+0.067 ms clock, 2.4+0.51/0.93/0+1.0 ms cpu, 3->4->1 MB, 4 MB goal, 0 MB stacks, 0 MB globals, 16 P
gc 1930 @37.096s 1%: 0.10+0.46+0.11 ms clock, 1.7+0.60/0.73/0.023+1.8 ms cpu, 3->4->1 MB, 4 MB goal, 0 MB stacks, 0 MB globals, 16 P
gc 1931 @37.097s 1%: 0.11+0.47+0.13 ms clock, 1.8+0.50/0.76/0+2.1 ms cpu, 3->3->1 MB, 4 MB goal, 0 MB stacks, 0 MB globals, 16 P
gc 1932 @37.099s 1%: 0.13+0.54+0.085 ms clock, 2.0+0.55/0.71/0+1.3 ms cpu, 3->4->1 MB, 4 MB goal, 0 MB stacks, 0 MB globals, 16 P
gc 1933 @37.100s 1%: 0.11+0.51+0.10 ms clock, 1.8+0.56/0.73/0+1.7 ms cpu, 3->4->1 MB, 4 MB goal, 0 MB stacks, 0 MB globals, 16 P
gc 1934 @37.102s 1%: 0.10+0.86+0.097 ms clock, 1.7+0.58/0.88/0+1.5 ms cpu, 3->4->2 MB, 4 MB goal, 0 MB stacks, 0 MB globals, 16 P
gc 1935 @37.104s 1%: 0.14+0.67+0.11 ms clock, 2.3+0.67/0.76/0.001+1.7 ms cpu, 3->4->2 MB, 4 MB goal, 0 MB stacks, 0 MB globals, 16 P
gc 1936 @37.105s 1%: 0.11+0.40+0.18 ms clock, 1.8+0.51/0.76/0.027+3.0 ms cpu, 3->4->1 MB, 4 MB goal, 0 MB stacks, 0 MB globals, 16 P
gc 1937 @37.107s 1%: 0.16+0.49+0.13 ms clock, 2.6+0.59/0.70/0+2.1 ms cpu, 3->3->1 MB, 4 MB goal, 0 MB stacks, 0 MB globals, 16 P
gc 1938 @37.108s 1%: 0.10+0.65+0.090 ms clock, 1.6+0.52/0.88/0.021+1.4 ms cpu, 3->4->2 MB, 4 MB goal, 0 MB stacks, 0 MB globals, 16 P
gc 1939 @37.110s 1%: 0.11+0.71+0.11 ms clock, 1.7+0.63/0.76/0+1.8 ms cpu, 3->4->2 MB, 4 MB goal, 0 MB stacks, 0 MB globals, 16 P
gc 1940 @37.112s 1%: 0.13+0.60+0.12 ms clock, 2.2+0.60/0.82/0.030+2.0 ms cpu, 3->4->1 MB, 4 MB goal, 0 MB stacks, 0 MB globals, 16 P
gc 1941 @37.114s 1%: 0.10+0.53+0.013 ms clock, 1.7+0.58/0.68/0+0.21 ms cpu, 3->4->1 MB, 4 MB goal, 0 MB stacks, 0 MB globals, 16 P
gc 1942 @37.115s 1%: 0.15+0.67+0.086 ms clock, 2.4+0.49/0.83/0.022+1.3 ms cpu, 3->4->2 MB, 4 MB goal, 0 MB stacks, 0 MB globals, 16 P
gc 1943 @37.117s 1%: 0.10+0.51+0.11 ms clock, 1.6+0.37/0.90/0+1.9 ms cpu, 3->4->1 MB, 4 MB goal, 0 MB stacks, 0 MB globals, 16 P
gc 1944 @37.118s 1%: 0.094+0.61+0.080 ms clock, 1.5+0.77/0.70/0+1.2 ms cpu, 3->4->1 MB, 4 MB goal, 0 MB stacks, 0 MB globals, 16 P
gc 1945 @37.120s 1%: 0.15+0.48+0.14 ms clock, 2.5+0.39/0.87/0+2.2 ms cpu, 3->4->1 MB, 4 MB goal, 0 MB stacks, 0 MB globals, 16 P
gc 1946 @37.122s 1%: 0.16+0.39+0.14 ms clock, 2.7+0.64/0.68/0.14+2.2 ms cpu, 3->3->1 MB, 4 MB goal, 0 MB stacks, 0 MB globals, 16 P
gc 1947 @37.123s 1%: 0.13+0.66+0.11 ms clock, 2.1+0.56/0.85/0.008+1.8 ms cpu, 3->4->2 MB, 4 MB goal, 0 MB stacks, 0 MB globals, 16 P
gc 1948 @37.125s 1%: 0.15+0.55+0.15 ms clock, 2.5+0.51/0.87/0+2.5 ms cpu, 3->4->1 MB, 4 MB goal, 0 MB stacks, 0 MB globals, 16 P
gc 1949 @37.126s 1%: 0.16+0.57+0.11 ms clock, 2.5+0.41/0.83/0+1.8 ms cpu, 3->4->1 MB, 4 MB goal, 0 MB stacks, 0 MB globals, 16 P
gc 1950 @37.128s 1%: 0.14+0.48+0.10 ms clock, 2.3+0.56/0.76/0.024+1.6 ms cpu, 3->4->1 MB, 4 MB goal, 0 MB stacks, 0 MB globals, 16 P
gc 1951 @37.130s 1%: 0.12+0.60+0.084 ms clock, 1.9+0.58/0.77/0+1.3 ms cpu, 3->4->1 MB, 4 MB goal, 0 MB stacks, 0 MB globals, 16 P
gc 1952 @37.131s 1%: 0.12+0.65+0.068 ms clock, 1.9+0.62/0.84/0+1.0 ms cpu, 3->4->2 MB, 4 MB goal, 0 MB stacks, 0 MB globals, 16 P
gc 1953 @37.133s 1%: 0.19+0.46+0.13 ms clock, 3.1+0.62/0.84/0.024+2.1 ms cpu, 3->4->1 MB, 4 MB goal, 0 MB stacks, 0 MB globals, 16 P
gc 1954 @37.135s 1%: 0.18+0.66+0.075 ms clock, 2.9+0.53/0.76/0+1.2 ms cpu, 3->4->2 MB, 4 MB goal, 0 MB stacks, 0 MB globals, 16 P
gc 1955 @37.136s 1%: 0.17+0.63+0.11 ms clock, 2.8+0.60/0.85/0.005+1.8 ms cpu, 3->4->2 MB, 4 MB goal, 0 MB stacks, 0 MB globals, 16 P
gc 1956 @37.138s 1%: 0.083+0.68+0.077 ms clock, 1.3+0.44/1.0/0.013+1.2 ms cpu, 3->4->2 MB, 4 MB goal, 0 MB stacks, 0 MB globals, 16 P
gc 1957 @37.140s 1%: 0.12+0.68+0.077 ms clock, 1.9+0.61/0.86/0.004+1.2 ms cpu, 3->4->2 MB, 4 MB goal, 0 MB stacks, 0 MB globals, 16 P
gc 1958 @37.142s 1%: 0.10+0.60+0.083 ms clock, 1.7+0.63/0.78/0+1.3 ms cpu, 3->4->1 MB, 4 MB goal, 0 MB stacks, 0 MB globals, 16 P
gc 1959 @37.144s 1%: 0.13+0.45+0.10 ms clock, 2.1+0.70/0.73/0.036+1.7 ms cpu, 3->4->1 MB, 4 MB goal, 0 MB stacks, 0 MB globals, 16 P
gc 1960 @37.145s 1%: 0.16+0.67+0.10 ms clock, 2.6+0.62/0.91/0.006+1.6 ms cpu, 3->4->2 MB, 4 MB goal, 0 MB stacks, 0 MB globals, 16 P
gc 1961 @37.147s 1%: 0.11+0.50+0.14 ms clock, 1.8+0.52/0.80/0+2.2 ms cpu, 3->4->1 MB, 4 MB goal, 0 MB stacks, 0 MB globals, 16 P
gc 1962 @37.149s 1%: 0.12+0.62+0.13 ms clock, 2.0+0.59/0.87/0+2.0 ms cpu, 3->4->2 MB, 4 MB goal, 0 MB stacks, 0 MB globals, 16 P
gc 1963 @37.150s 1%: 0.11+0.68+0.10 ms clock, 1.8+0.52/0.82/0+1.6 ms cpu, 3->4->1 MB, 4 MB goal, 0 MB stacks, 0 MB globals, 16 P
gc 1964 @37.152s 1%: 0.14+0.57+0.10 ms clock, 2.2+0.68/0.82/0+1.7 ms cpu, 3->4->2 MB, 4 MB goal, 0 MB stacks, 0 MB globals, 16 P
gc 1965 @37.154s 1%: 0.13+0.49+0.16 ms clock, 2.1+0.56/0.82/0+2.6 ms cpu, 3->4->1 MB, 4 MB goal, 0 MB stacks, 0 MB globals, 16 P
gc 1966 @37.155s 1%: 0.10+0.71+0.11 ms clock, 1.7+0.53/0.85/0+1.8 ms cpu, 3->4->2 MB, 4 MB goal, 0 MB stacks, 0 MB globals, 16 P
gc 1967 @37.157s 1%: 0.11+0.56+0.089 ms clock, 1.8+0.51/0.79/0.004+1.4 ms cpu, 3->4->1 MB, 4 MB goal, 0 MB stacks, 0 MB globals, 16 P
gc 1968 @37.159s 1%: 0.15+0.47+0.093 ms clock, 2.4+0.48/0.93/0+1.5 ms cpu, 3->4->1 MB, 4 MB goal, 0 MB stacks, 0 MB globals, 16 P
gc 1969 @37.160s 1%: 0.13+0.57+0.096 ms clock, 2.1+0.63/0.80/0.001+1.5 ms cpu, 3->4->2 MB, 4 MB goal, 0 MB stacks, 0 MB globals, 16 P
gc 1970 @37.162s 1%: 0.10+0.55+0.10 ms clock, 1.7+0.46/0.87/0.008+1.6 ms cpu, 3->4->1 MB, 4 MB goal, 0 MB stacks, 0 MB globals, 16 P
gc 1971 @37.164s 1%: 0.13+0.46+0.11 ms clock, 2.1+0.71/0.68/0.022+1.7 ms cpu, 3->3->1 MB, 4 MB goal, 0 MB stacks, 0 MB globals, 16 P
gc 1972 @37.165s 1%: 0.14+0.75+0.066 ms clock, 2.2+0.52/0.91/0.021+1.0 ms cpu, 3->4->2 MB, 4 MB goal, 0 MB stacks, 0 MB globals, 16 P
gc 1973 @37.167s 1%: 0.13+0.71+0.10 ms clock, 2.1+0.58/0.82/0+1.7 ms cpu, 3->4->2 MB, 4 MB goal, 0 MB stacks, 0 MB globals, 16 P
gc 1974 @37.169s 1%: 0.16+0.45+0.12 ms clock, 2.6+0.55/0.88/0.053+2.0 ms cpu, 3->4->1 MB, 4 MB goal, 0 MB stacks, 0 MB globals, 16 P
gc 1975 @37.170s 1%: 0.17+0.66+0.13 ms clock, 2.8+0.56/0.89/0+2.1 ms cpu, 3->4->2 MB, 4 MB goal, 0 MB stacks, 0 MB globals, 16 P
gc 1976 @37.172s 1%: 0.13+0.81+0.10 ms clock, 2.1+0.68/0.96/0+1.6 ms cpu, 3->4->2 MB, 4 MB goal, 0 MB stacks, 0 MB globals, 16 P
gc 1977 @37.174s 1%: 0.16+0.58+0.040 ms clock, 2.6+0.47/0.83/0+0.64 ms cpu, 3->4->1 MB, 4 MB goal, 0 MB stacks, 0 MB globals, 16 P
gc 1978 @37.176s 1%: 0.15+0.53+0.10 ms clock, 2.5+0.71/0.83/0+1.6 ms cpu, 3->4->1 MB, 4 MB goal, 0 MB stacks, 0 MB globals, 16 P
gc 1979 @37.178s 1%: 0.18+0.62+0.089 ms clock, 2.9+0.61/0.84/0+1.4 ms cpu, 3->4->2 MB, 4 MB goal, 0 MB stacks, 0 MB globals, 16 P
gc 1980 @37.179s 1%: 0.13+0.55+0.10 ms clock, 2.1+0.61/0.77/0+1.7 ms cpu, 3->4->1 MB, 4 MB goal, 0 MB stacks, 0 MB globals, 16 P
gc 1981 @37.181s 1%: 0.11+0.44+0.10 ms clock, 1.7+0.53/0.84/0+1.6 ms cpu, 3->4->1 MB, 4 MB goal, 0 MB stacks, 0 MB globals, 16 P
gc 1982 @37.182s 1%: 0.10+0.72+0.088 ms clock, 1.7+0.51/0.89/0+1.4 ms cpu, 3->4->2 MB, 4 MB goal, 0 MB stacks, 0 MB globals, 16 P
gc 1983 @37.184s 1%: 0.13+0.58+0.069 ms clock, 2.1+0.59/0.77/0+1.1 ms cpu, 3->4->1 MB, 4 MB goal, 0 MB stacks, 0 MB globals, 16 P
gc 1984 @37.186s 1%: 0.10+0.50+0.075 ms clock, 1.6+0.51/0.80/0.006+1.2 ms cpu, 3->4->1 MB, 4 MB goal, 0 MB stacks, 0 MB globals, 16 P
gc 1985 @37.187s 1%: 0.10+0.45+0.15 ms clock, 1.6+0.67/0.75/0+2.4 ms cpu, 3->4->1 MB, 4 MB goal, 0 MB stacks, 0 MB globals, 16 P
gc 1986 @37.189s 1%: 0.10+0.62+0.081 ms clock, 1.6+0.70/0.73/0+1.3 ms cpu, 3->4->1 MB, 4 MB goal, 0 MB stacks, 0 MB globals, 16 P
gc 1987 @37.190s 1%: 0.10+0.65+0.080 ms clock, 1.6+0.54/0.89/0.012+1.2 ms cpu, 3->4->2 MB, 4 MB goal, 0 MB stacks, 0 MB globals, 16 P
gc 1988 @37.192s 1%: 0.10+0.60+0.046 ms clock, 1.6+0.53/1.0/0+0.73 ms cpu, 3->4->1 MB, 4 MB goal, 0 MB stacks, 0 MB globals, 16 P
gc 1989 @37.194s 1%: 0.17+0.55+0.11 ms clock, 2.8+0.54/0.85/0+1.8 ms cpu, 3->4->2 MB, 4 MB goal, 0 MB stacks, 0 MB globals, 16 P
gc 1990 @37.195s 1%: 0.11+0.47+0.16 ms clock, 1.7+0.71/0.85/0+2.5 ms cpu, 3->4->1 MB, 4 MB goal, 0 MB stacks, 0 MB globals, 16 P
gc 1991 @37.197s 1%: 0.11+0.60+0.081 ms clock, 1.9+0.61/0.83/0+1.3 ms cpu, 3->4->1 MB, 4 MB goal, 0 MB stacks, 0 MB globals, 16 P
gc 1992 @37.199s 1%: 0.091+0.57+0.10 ms clock, 1.4+0.52/0.85/0.013+1.6 ms cpu, 3->4->1 MB, 4 MB goal, 0 MB stacks, 0 MB globals, 16 P
gc 1993 @37.200s 1%: 0.15+0.58+0.086 ms clock, 2.4+0.53/0.84/0.002+1.3 ms cpu, 3->4->2 MB, 4 MB goal, 0 MB stacks, 0 MB globals, 16 P
gc 1994 @37.202s 1%: 0.17+0.57+0.12 ms clock, 2.8+0.55/0.79/0.001+2.0 ms cpu, 3->4->1 MB, 4 MB goal, 0 MB stacks, 0 MB globals, 16 P
gc 1995 @37.204s 1%: 0.15+0.79+0.097 ms clock, 2.5+0.68/1.1/0.002+1.5 ms cpu, 3->4->2 MB, 4 MB goal, 0 MB stacks, 0 MB globals, 16 P
gc 1996 @37.206s 1%: 0.10+0.63+0.094 ms clock, 1.6+0.47/0.90/0+1.5 ms cpu, 4->4->1 MB, 4 MB goal, 0 MB stacks, 0 MB globals, 16 P
gc 1997 @37.207s 1%: 0.15+0.51+0.11 ms clock, 2.4+0.63/0.71/0+1.9 ms cpu, 3->4->1 MB, 4 MB goal, 0 MB stacks, 0 MB globals, 16 P
gc 1998 @37.209s 1%: 0.16+0.58+0.081 ms clock, 2.6+0.65/0.86/0+1.2 ms cpu, 3->4->1 MB, 4 MB goal, 0 MB stacks, 0 MB globals, 16 P
gc 1999 @37.211s 1%: 0.12+0.68+0.12 ms clock, 2.0+0.58/0.97/0+1.9 ms cpu, 3->4->2 MB, 4 MB goal, 0 MB stacks, 0 MB globals, 16 P
gc 2000 @37.212s 1%: 0.11+0.61+0.090 ms clock, 1.9+0.52/0.82/0.10+1.4 ms cpu, 3->4->2 MB, 4 MB goal, 0 MB stacks, 0 MB globals, 16 P
gc 2001 @37.214s 1%: 0.12+0.61+0.044 ms clock, 2.0+0.46/0.88/0+0.71 ms cpu, 3->4->1 MB, 4 MB goal, 0 MB stacks, 0 MB globals, 16 P
gc 2002 @37.216s 1%: 0.096+0.55+0.090 ms clock, 1.5+0.48/0.83/0+1.4 ms cpu, 3->4->1 MB, 4 MB goal, 0 MB stacks, 0 MB globals, 16 P
gc 2003 @37.217s 1%: 0.13+0.55+0.10 ms clock, 2.1+0.52/0.78/0.023+1.7 ms cpu, 3->4->1 MB, 4 MB goal, 0 MB stacks, 0 MB globals, 16 P
gc 2004 @37.219s 1%: 0.10+0.53+0.19 ms clock, 1.6+0.52/0.81/0.003+3.0 ms cpu, 3->4->1 MB, 4 MB goal, 0 MB stacks, 0 MB globals, 16 P
gc 2005 @37.221s 1%: 0.16+0.76+0.10 ms clock, 2.6+0.67/0.85/0.001+1.6 ms cpu, 3->4->2 MB, 4 MB goal, 0 MB stacks, 0 MB globals, 16 P
gc 2006 @37.223s 1%: 0.10+0.68+0.092 ms clock, 1.6+0.61/0.78/0+1.4 ms cpu, 4->4->2 MB, 4 MB goal, 0 MB stacks, 0 MB globals, 16 P
gc 2007 @37.225s 1%: 0.098+0.57+0.13 ms clock, 1.5+0.54/0.81/0+2.0 ms cpu, 3->4->1 MB, 4 MB goal, 0 MB stacks, 0 MB globals, 16 P
gc 2008 @37.226s 1%: 0.11+0.60+0.10 ms clock, 1.8+0.65/0.86/0+1.7 ms cpu, 3->4->1 MB, 4 MB goal, 0 MB stacks, 0 MB globals, 16 P
gc 2009 @37.228s 1%: 0.12+0.55+0.10 ms clock, 1.9+0.58/0.78/0+1.6 ms cpu, 3->4->1 MB, 4 MB goal, 0 MB stacks, 0 MB globals, 16 P
gc 2010 @37.229s 1%: 0.11+0.43+0.10 ms clock, 1.9+0.65/0.77/0+1.6 ms cpu, 3->4->1 MB, 4 MB goal, 0 MB stacks, 0 MB globals, 16 P
gc 2011 @37.231s 1%: 0.15+0.72+0.10 ms clock, 2.5+0.83/0.72/0+1.6 ms cpu, 3->4->2 MB, 4 MB goal, 0 MB stacks, 0 MB globals, 16 P
gc 2012 @37.233s 1%: 0.11+0.57+0.072 ms clock, 1.8+0.42/0.81/0.10+1.1 ms cpu, 3->4->1 MB, 4 MB goal, 0 MB stacks, 0 MB globals, 16 P
gc 2013 @37.234s 1%: 0.12+0.46+0.10 ms clock, 1.9+0.41/0.77/0+1.7 ms cpu, 3->3->1 MB, 4 MB goal, 0 MB stacks, 0 MB globals, 16 P
gc 2014 @37.235s 1%: 0.19+0.51+0.11 ms clock, 3.1+0.72/0.83/0+1.8 ms cpu, 3->4->2 MB, 4 MB goal, 0 MB stacks, 0 MB globals, 16 P
gc 2015 @37.237s 1%: 0.16+0.69+0.10 ms clock, 2.6+0.54/0.81/0+1.6 ms cpu, 3->4->2 MB, 4 MB goal, 0 MB stacks, 0 MB globals, 16 P
gc 2016 @37.239s 1%: 0.12+0.75+0.062 ms clock, 1.9+0.62/0.92/0+0.99 ms cpu, 3->4->2 MB, 4 MB goal, 0 MB stacks, 0 MB globals, 16 P
gc 2017 @37.241s 1%: 0.14+0.45+0.17 ms clock, 2.3+0.50/0.69/0.092+2.8 ms cpu, 3->4->1 MB, 4 MB goal, 0 MB stacks, 0 MB globals, 16 P
gc 2018 @37.242s 1%: 0.16+0.64+0.082 ms clock, 2.5+0.64/1.1/0.004+1.3 ms cpu, 3->4->2 MB, 4 MB goal, 0 MB stacks, 0 MB globals, 16 P
gc 2019 @37.244s 1%: 0.12+0.70+0.075 ms clock, 1.9+0.52/1.0/0.006+1.2 ms cpu, 3->4->2 MB, 4 MB goal, 0 MB stacks, 0 MB globals, 16 P
gc 2020 @37.246s 1%: 0.15+0.67+0.13 ms clock, 2.5+0.69/0.81/0.018+2.0 ms cpu, 3->4->2 MB, 4 MB goal, 0 MB stacks, 0 MB globals, 16 P
gc 2021 @37.248s 1%: 0.10+0.53+0.14 ms clock, 1.6+0.71/0.69/0.075+2.2 ms cpu, 3->4->1 MB, 4 MB goal, 0 MB stacks, 0 MB globals, 16 P
gc 2022 @37.250s 1%: 0.18+0.63+0.097 ms clock, 2.8+0.66/0.84/0+1.5 ms cpu, 3->4->2 MB, 4 MB goal, 0 MB stacks, 0 MB globals, 16 P
gc 2023 @37.251s 1%: 0.085+0.63+0.13 ms clock, 1.3+0.48/0.85/0.12+2.1 ms cpu, 3->4->1 MB, 4 MB goal, 0 MB stacks, 0 MB globals, 16 P
gc 2024 @37.253s 1%: 0.14+0.60+0.11 ms clock, 2.3+0.55/0.73/0+1.7 ms cpu, 3->4->2 MB, 4 MB goal, 0 MB stacks, 0 MB globals, 16 P
gc 2025 @37.255s 1%: 0.11+0.83+0.099 ms clock, 1.7+0.71/1.0/0+1.5 ms cpu, 3->4->2 MB, 4 MB goal, 0 MB stacks, 0 MB globals, 16 P
gc 2026 @37.257s 1%: 0.15+0.46+0.086 ms clock, 2.5+0.62/0.78/0+1.3 ms cpu, 3->4->1 MB, 4 MB goal, 0 MB stacks, 0 MB globals, 16 P
gc 2027 @37.258s 1%: 0.18+0.48+0.13 ms clock, 2.9+0.80/0.82/0+2.0 ms cpu, 3->4->2 MB, 4 MB goal, 0 MB stacks, 0 MB globals, 16 P
gc 2028 @37.260s 1%: 0.12+0.56+0.094 ms clock, 2.0+0.51/0.88/0.022+1.5 ms cpu, 3->4->1 MB, 4 MB goal, 0 MB stacks, 0 MB globals, 16 P
gc 2029 @37.262s 1%: 0.078+0.65+0.056 ms clock, 1.2+0.52/0.83/0+0.90 ms cpu, 3->4->2 MB, 4 MB goal, 0 MB stacks, 0 MB globals, 16 P
gc 2030 @37.264s 1%: 0.12+0.74+0.075 ms clock, 2.0+0.58/0.95/0+1.2 ms cpu, 3->4->2 MB, 4 MB goal, 0 MB stacks, 0 MB globals, 16 P
gc 2031 @37.265s 1%: 0.11+0.60+0.12 ms clock, 1.8+0.51/0.86/0+1.9 ms cpu, 3->4->1 MB, 4 MB goal, 0 MB stacks, 0 MB globals, 16 P
gc 2032 @37.267s 1%: 0.13+0.54+0.10 ms clock, 2.1+0.51/0.90/0+1.6 ms cpu, 3->4->1 MB, 4 MB goal, 0 MB stacks, 0 MB globals, 16 P
gc 2033 @37.269s 1%: 0.14+0.64+0.11 ms clock, 2.3+0.59/0.77/0.031+1.9 ms cpu, 3->4->1 MB, 4 MB goal, 0 MB stacks, 0 MB globals, 16 P
gc 2034 @37.270s 1%: 0.14+0.71+0.080 ms clock, 2.3+0.53/0.73/0.10+1.2 ms cpu, 3->4->2 MB, 4 MB goal, 0 MB stacks, 0 MB globals, 16 P
gc 2035 @37.272s 1%: 0.18+0.57+0.14 ms clock, 2.9+0.46/0.94/0+2.2 ms cpu, 3->4->2 MB, 4 MB goal, 0 MB stacks, 0 MB globals, 16 P
gc 2036 @37.274s 1%: 0.13+0.53+0.092 ms clock, 2.1+0.54/0.90/0+1.4 ms cpu, 3->4->1 MB, 4 MB goal, 0 MB stacks, 0 MB globals, 16 P
gc 2037 @37.275s 1%: 0.10+0.48+0.094 ms clock, 1.6+0.58/0.86/0.026+1.5 ms cpu, 3->4->1 MB, 4 MB goal, 0 MB stacks, 0 MB globals, 16 P
gc 2038 @37.277s 1%: 0.16+0.63+0.092 ms clock, 2.6+0.64/0.76/0+1.4 ms cpu, 3->4->2 MB, 4 MB goal, 0 MB stacks, 0 MB globals, 16 P
gc 2039 @37.279s 1%: 0.10+0.58+0.056 ms clock, 1.7+0.42/0.89/0.012+0.90 ms cpu, 3->4->1 MB, 4 MB goal, 0 MB stacks, 0 MB globals, 16 P
gc 2040 @37.280s 1%: 0.13+0.63+0.10 ms clock, 2.1+0.51/0.85/0.002+1.6 ms cpu, 3->4->1 MB, 4 MB goal, 0 MB stacks, 0 MB globals, 16 P
gc 2041 @37.282s 1%: 0.098+0.74+0.15 ms clock, 1.5+0.50/0.96/0+2.4 ms cpu, 3->4->1 MB, 4 MB goal, 0 MB stacks, 0 MB globals, 16 P
gc 2042 @37.284s 1%: 0.12+0.37+0.10 ms clock, 2.0+0.052/0.81/0+1.7 ms cpu, 3->3->1 MB, 4 MB goal, 0 MB stacks, 0 MB globals, 16 P
gc 2043 @37.285s 1%: 0.13+0.58+0.14 ms clock, 2.1+0.63/0.85/0.037+2.2 ms cpu, 3->4->2 MB, 4 MB goal, 0 MB stacks, 0 MB globals, 16 P
gc 2044 @37.287s 1%: 0.14+0.66+0.082 ms clock, 2.2+0.71/0.91/0.001+1.3 ms cpu, 3->4->2 MB, 4 MB goal, 0 MB stacks, 0 MB globals, 16 P
gc 2045 @37.289s 1%: 0.11+0.51+0.12 ms clock, 1.8+0.49/0.70/0.090+1.9 ms cpu, 3->4->1 MB, 4 MB goal, 0 MB stacks, 0 MB globals, 16 P
gc 2046 @37.290s 1%: 0.11+0.61+0.14 ms clock, 1.8+0.54/0.91/0.021+2.3 ms cpu, 3->4->2 MB, 4 MB goal, 0 MB stacks, 0 MB globals, 16 P
gc 2047 @37.292s 1%: 0.098+0.60+0.10 ms clock, 1.5+0.52/0.91/0+1.6 ms cpu, 3->4->1 MB, 4 MB goal, 0 MB stacks, 0 MB globals, 16 P
gc 2048 @37.293s 1%: 0.20+0.87+0.064 ms clock, 3.2+0.47/0.90/0.033+1.0 ms cpu, 3->4->2 MB, 4 MB goal, 0 MB stacks, 0 MB globals, 16 P
gc 2049 @37.296s 1%: 0.11+0.61+0.071 ms clock, 1.9+0.55/0.74/0.021+1.1 ms cpu, 4->4->1 MB, 4 MB goal, 0 MB stacks, 0 MB globals, 16 P
gc 2050 @37.297s 1%: 0.16+0.49+0.10 ms clock, 2.6+0.59/0.76/0+1.7 ms cpu, 3->4->1 MB, 4 MB goal, 0 MB stacks, 0 MB globals, 16 P
gc 2051 @37.299s 1%: 0.10+0.55+0.10 ms clock, 1.7+0.61/0.87/0+1.6 ms cpu, 3->4->1 MB, 4 MB goal, 0 MB stacks, 0 MB globals, 16 P
gc 2052 @37.300s 1%: 0.14+0.81+0.091 ms clock, 2.3+0.78/0.77/0+1.4 ms cpu, 3->4->2 MB, 4 MB goal, 0 MB stacks, 0 MB globals, 16 P
gc 2053 @37.303s 1%: 0.10+0.52+0.13 ms clock, 1.7+0.47/0.68/0.053+2.1 ms cpu, 4->4->1 MB, 4 MB goal, 0 MB stacks, 0 MB globals, 16 P
gc 2054 @37.304s 1%: 0.19+0.64+0.13 ms clock, 3.1+0.62/0.79/0+2.1 ms cpu, 3->4->2 MB, 4 MB goal, 0 MB stacks, 0 MB globals, 16 P
gc 2055 @37.306s 1%: 0.14+0.59+0.096 ms clock, 2.3+0.63/0.82/0.002+1.5 ms cpu, 4->4->2 MB, 4 MB goal, 0 MB stacks, 0 MB globals, 16 P
gc 2056 @37.308s 1%: 0.13+0.53+0.11 ms clock, 2.2+0.57/0.85/0.025+1.8 ms cpu, 3->4->1 MB, 4 MB goal, 0 MB stacks, 0 MB globals, 16 P
gc 2057 @37.309s 1%: 0.12+0.53+0.092 ms clock, 2.0+0.92/0.75/0+1.4 ms cpu, 3->4->1 MB, 4 MB goal, 0 MB stacks, 0 MB globals, 16 P
gc 2058 @37.311s 1%: 0.17+0.53+0.068 ms clock, 2.7+0.64/0.87/0.011+1.1 ms cpu, 3->4->1 MB, 4 MB goal, 0 MB stacks, 0 MB globals, 16 P
gc 2059 @37.312s 1%: 0.11+0.47+0.094 ms clock, 1.8+0.52/0.81/0.003+1.5 ms cpu, 3->4->1 MB, 4 MB goal, 0 MB stacks, 0 MB globals, 16 P
gc 2060 @37.314s 1%: 0.11+0.53+0.19 ms clock, 1.9+0.61/0.85/0.001+3.0 ms cpu, 3->4->1 MB, 4 MB goal, 0 MB stacks, 0 MB globals, 16 P
gc 2061 @37.315s 1%: 0.13+0.45+0.083 ms clock, 2.1+0.64/0.76/0+1.3 ms cpu, 3->4->1 MB, 4 MB goal, 0 MB stacks, 0 MB globals, 16 P
gc 2062 @37.317s 1%: 0.12+0.75+0.10 ms clock, 2.0+0.52/0.89/0.069+1.6 ms cpu, 3->4->2 MB, 4 MB goal, 0 MB stacks, 0 MB globals, 16 P
gc 2063 @37.319s 1%: 0.097+0.51+0.16 ms clock, 1.5+0.63/0.68/0.053+2.6 ms cpu, 3->4->1 MB, 4 MB goal, 0 MB stacks, 0 MB globals, 16 P
gc 2064 @37.320s 1%: 0.16+0.52+0.10 ms clock, 2.7+0.63/0.87/0+1.6 ms cpu, 3->3->1 MB, 4 MB goal, 0 MB stacks, 0 MB globals, 16 P
gc 2065 @37.322s 1%: 0.13+0.66+0.21 ms clock, 2.1+0.60/0.85/0+3.4 ms cpu, 3->4->2 MB, 4 MB goal, 0 MB stacks, 0 MB globals, 16 P
gc 2066 @37.323s 1%: 0.11+0.59+0.13 ms clock, 1.8+0.63/0.81/0.018+2.1 ms cpu, 3->4->2 MB, 4 MB goal, 0 MB stacks, 0 MB globals, 16 P
gc 2067 @37.325s 1%: 0.11+0.42+0.11 ms clock, 1.8+0.57/0.64/0.18+1.7 ms cpu, 3->4->1 MB, 4 MB goal, 0 MB stacks, 0 MB globals, 16 P
gc 2068 @37.326s 1%: 0.17+0.57+0.10 ms clock, 2.7+0.57/0.85/0.016+1.6 ms cpu, 3->4->2 MB, 4 MB goal, 0 MB stacks, 0 MB globals, 16 P
gc 2069 @37.328s 1%: 0.14+0.54+0.092 ms clock, 2.2+0.51/0.77/0+1.4 ms cpu, 3->4->1 MB, 4 MB goal, 0 MB stacks, 0 MB globals, 16 P
gc 2070 @37.330s 1%: 0.083+0.85+0.095 ms clock, 1.3+0.63/1.0/0.004+1.5 ms cpu, 3->4->2 MB, 4 MB goal, 0 MB stacks, 0 MB globals, 16 P
gc 2071 @37.332s 1%: 0.073+0.62+0.093 ms clock, 1.1+0.42/0.93/0+1.4 ms cpu, 3->4->1 MB, 4 MB goal, 0 MB stacks, 0 MB globals, 16 P
gc 2072 @37.333s 1%: 0.10+0.46+0.17 ms clock, 1.6+0.49/0.87/0+2.7 ms cpu, 3->4->1 MB, 4 MB goal, 0 MB stacks, 0 MB globals, 16 P
gc 2073 @37.335s 1%: 0.13+0.62+0.049 ms clock, 2.1+0.65/0.78/0+0.79 ms cpu, 3->4->1 MB, 4 MB goal, 0 MB stacks, 0 MB globals, 16 P
gc 2074 @37.337s 1%: 0.11+0.51+0.11 ms clock, 1.8+0.61/0.97/0+1.7 ms cpu, 3->4->1 MB, 4 MB goal, 0 MB stacks, 0 MB globals, 16 P
gc 2075 @37.338s 1%: 0.12+0.62+0.10 ms clock, 2.0+0.53/0.78/0+1.6 ms cpu, 3->4->1 MB, 4 MB goal, 0 MB stacks, 0 MB globals, 16 P
gc 2076 @37.340s 1%: 0.11+0.75+0.13 ms clock, 1.9+0.72/0.90/0+2.1 ms cpu, 3->4->2 MB, 4 MB goal, 0 MB stacks, 0 MB globals, 16 P
gc 2077 @37.342s 1%: 0.11+0.59+0.10 ms clock, 1.7+0.72/0.78/0+1.6 ms cpu, 3->4->1 MB, 4 MB goal, 0 MB stacks, 0 MB globals, 16 P
gc 2078 @37.344s 1%: 0.12+0.60+0.19 ms clock, 1.9+0.70/0.77/0+3.0 ms cpu, 3->4->1 MB, 4 MB goal, 0 MB stacks, 0 MB globals, 16 P
gc 2079 @37.345s 1%: 0.10+0.68+0.060 ms clock, 1.7+0.58/0.86/0+0.96 ms cpu, 3->4->2 MB, 4 MB goal, 0 MB stacks, 0 MB globals, 16 P
gc 2080 @37.347s 1%: 0.11+0.55+0.088 ms clock, 1.9+0.72/0.79/0+1.4 ms cpu, 3->4->1 MB, 4 MB goal, 0 MB stacks, 0 MB globals, 16 P
gc 2081 @37.349s 1%: 0.13+0.49+0.16 ms clock, 2.1+0.63/0.74/0+2.6 ms cpu, 3->4->1 MB, 4 MB goal, 0 MB stacks, 0 MB globals, 16 P
gc 2082 @37.350s 1%: 0.14+0.74+0.042 ms clock, 2.2+0.73/1.0/0.002+0.68 ms cpu, 3->4->2 MB, 4 MB goal, 0 MB stacks, 0 MB globals, 16 P
gc 2083 @37.352s 1%: 0.097+0.78+0.11 ms clock, 1.5+0.47/0.84/0.037+1.8 ms cpu, 3->4->2 MB, 4 MB goal, 0 MB stacks, 0 MB globals, 16 P
gc 2084 @37.354s 1%: 0.15+0.59+0.10 ms clock, 2.4+0.53/0.90/0.002+1.6 ms cpu, 3->4->2 MB, 4 MB goal, 0 MB stacks, 0 MB globals, 16 P
gc 2085 @37.356s 1%: 0.11+0.74+0.10 ms clock, 1.9+0.63/0.84/0.011+1.6 ms cpu, 3->4->2 MB, 4 MB goal, 0 MB stacks, 0 MB globals, 16 P
gc 2086 @37.357s 1%: 0.11+0.53+0.10 ms clock, 1.8+0.57/0.93/0+1.7 ms cpu, 3->4->1 MB, 4 MB goal, 0 MB stacks, 0 MB globals, 16 P
gc 2087 @37.359s 1%: 0.13+0.52+0.18 ms clock, 2.1+0.48/0.85/0.001+2.9 ms cpu, 3->4->1 MB, 4 MB goal, 0 MB stacks, 0 MB globals, 16 P
gc 2088 @37.361s 1%: 0.079+0.70+0.086 ms clock, 1.2+0.46/0.94/0.020+1.3 ms cpu, 3->4->1 MB, 4 MB goal, 0 MB stacks, 0 MB globals, 16 P
gc 2089 @37.362s 1%: 0.12+0.51+0.14 ms clock, 2.0+0.68/0.80/0+2.3 ms cpu, 3->4->1 MB, 4 MB goal, 0 MB stacks, 0 MB globals, 16 P
gc 2090 @37.364s 1%: 0.12+0.53+0.10 ms clock, 2.0+0.50/0.85/0+1.6 ms cpu, 3->4->1 MB, 4 MB goal, 0 MB stacks, 0 MB globals, 16 P
gc 2091 @37.366s 1%: 0.12+0.57+0.16 ms clock, 2.0+0.67/0.71/0.094+2.7 ms cpu, 3->4->1 MB, 4 MB goal, 0 MB stacks, 0 MB globals, 16 P
gc 2092 @37.367s 1%: 0.21+0.67+0.12 ms clock, 3.4+0.64/0.77/0+1.9 ms cpu, 3->4->2 MB, 4 MB goal, 0 MB stacks, 0 MB globals, 16 P
gc 2093 @37.369s 1%: 0.14+0.52+0.097 ms clock, 2.3+0.56/0.84/0.016+1.5 ms cpu, 3->4->1 MB, 4 MB goal, 0 MB stacks, 0 MB globals, 16 P
gc 2094 @37.371s 1%: 0.13+0.55+0.099 ms clock, 2.1+0.48/0.83/0.011+1.5 ms cpu, 3->4->1 MB, 4 MB goal, 0 MB stacks, 0 MB globals, 16 P
gc 2095 @37.373s 1%: 0.11+0.62+0.15 ms clock, 1.7+0.58/0.74/0.046+2.5 ms cpu, 3->4->2 MB, 4 MB goal, 0 MB stacks, 0 MB globals, 16 P
gc 2096 @37.374s 1%: 0.12+0.74+0.10 ms clock, 1.9+0.64/0.72/0+1.7 ms cpu, 3->4->2 MB, 4 MB goal, 0 MB stacks, 0 MB globals, 16 P
gc 2097 @37.376s 1%: 0.14+0.58+0.086 ms clock, 2.3+0.63/0.82/0.002+1.3 ms cpu, 3->4->1 MB, 4 MB goal, 0 MB stacks, 0 MB globals, 16 P
gc 2098 @37.378s 1%: 0.18+0.69+0.053 ms clock, 2.9+0.59/0.87/0+0.86 ms cpu, 3->4->2 MB, 4 MB goal, 0 MB stacks, 0 MB globals, 16 P
gc 2099 @37.380s 1%: 0.12+0.62+0.084 ms clock, 1.9+0.61/0.83/0+1.3 ms cpu, 3->4->1 MB, 4 MB goal, 0 MB stacks, 0 MB globals, 16 P
gc 2100 @37.381s 1%: 0.14+0.44+0.089 ms clock, 2.3+0.61/0.71/0+1.4 ms cpu, 3->4->1 MB, 4 MB goal, 0 MB stacks, 0 MB globals, 16 P
gc 2101 @37.383s 1%: 0.15+0.55+0.15 ms clock, 2.4+0.65/0.71/0+2.4 ms cpu, 3->4->1 MB, 4 MB goal, 0 MB stacks, 0 MB globals, 16 P
gc 2102 @37.385s 1%: 0.11+0.67+0.11 ms clock, 1.8+0.67/0.83/0.038+1.8 ms cpu, 3->4->2 MB, 4 MB goal, 0 MB stacks, 0 MB globals, 16 P
gc 2103 @37.386s 1%: 0.12+0.57+0.074 ms clock, 1.9+0.52/0.78/0.012+1.1 ms cpu, 3->4->1 MB, 4 MB goal, 0 MB stacks, 0 MB globals, 16 P
gc 2104 @37.388s 1%: 0.14+0.57+0.18 ms clock, 2.3+0.63/0.79/0+2.9 ms cpu, 3->4->1 MB, 4 MB goal, 0 MB stacks, 0 MB globals, 16 P
gc 2105 @37.390s 1%: 0.097+0.48+0.13 ms clock, 1.5+0.51/0.74/0+2.1 ms cpu, 3->4->1 MB, 4 MB goal, 0 MB stacks, 0 MB globals, 16 P
gc 2106 @37.391s 1%: 0.16+0.57+0.073 ms clock, 2.6+0.59/0.91/0.003+1.1 ms cpu, 3->4->2 MB, 4 MB goal, 0 MB stacks, 0 MB globals, 16 P
gc 2107 @37.393s 1%: 0.11+0.64+0.082 ms clock, 1.8+0.59/0.82/0+1.3 ms cpu, 3->4->2 MB, 4 MB goal, 0 MB stacks, 0 MB globals, 16 P
gc 2108 @37.395s 1%: 0.076+0.51+0.099 ms clock, 1.2+0.52/0.84/0.014+1.5 ms cpu, 3->4->1 MB, 4 MB goal, 0 MB stacks, 0 MB globals, 16 P
gc 2109 @37.396s 1%: 0.13+0.59+0.097 ms clock, 2.1+0.55/0.77/0.026+1.5 ms cpu, 3->4->1 MB, 4 MB goal, 0 MB stacks, 0 MB globals, 16 P
gc 2110 @37.398s 1%: 0.13+0.71+0.063 ms clock, 2.1+0.48/0.81/0.001+1.0 ms cpu, 3->4->1 MB, 4 MB goal, 0 MB stacks, 0 MB globals, 16 P
gc 2111 @37.400s 1%: 0.098+0.62+0.080 ms clock, 1.5+0.62/0.69/0+1.2 ms cpu, 3->4->1 MB, 4 MB goal, 0 MB stacks, 0 MB globals, 16 P
gc 2112 @37.401s 1%: 0.099+0.56+0.10 ms clock, 1.5+0.59/0.72/0+1.6 ms cpu, 3->4->1 MB, 4 MB goal, 0 MB stacks, 0 MB globals, 16 P
gc 2113 @37.403s 1%: 0.13+0.63+0.095 ms clock, 2.1+0.59/0.80/0.013+1.5 ms cpu, 3->4->2 MB, 4 MB goal, 0 MB stacks, 0 MB globals, 16 P
gc 2114 @37.405s 1%: 0.11+0.49+0.18 ms clock, 1.8+0.55/0.82/0+2.9 ms cpu, 3->4->1 MB, 4 MB goal, 0 MB stacks, 0 MB globals, 16 P
gc 2115 @37.406s 1%: 0.18+0.54+0.10 ms clock, 2.9+0.71/0.85/0+1.7 ms cpu, 3->4->1 MB, 4 MB goal, 0 MB stacks, 0 MB globals, 16 P
gc 2116 @37.408s 1%: 0.11+0.53+0.095 ms clock, 1.8+0.50/0.83/0+1.5 ms cpu, 3->4->1 MB, 4 MB goal, 0 MB stacks, 0 MB globals, 16 P
gc 2117 @37.409s 1%: 0.093+0.56+0.11 ms clock, 1.5+0.48/0.84/0+1.7 ms cpu, 3->4->1 MB, 4 MB goal, 0 MB stacks, 0 MB globals, 16 P
gc 2118 @37.411s 1%: 0.15+0.49+0.091 ms clock, 2.5+0.75/0.78/0+1.4 ms cpu, 3->4->1 MB, 4 MB goal, 0 MB stacks, 0 MB globals, 16 P
gc 2119 @37.412s 1%: 0.15+0.65+0.093 ms clock, 2.4+0.65/0.72/0+1.4 ms cpu, 3->4->2 MB, 4 MB goal, 0 MB stacks, 0 MB globals, 16 P
gc 2120 @37.414s 1%: 0.084+0.54+0.10 ms clock, 1.3+0.41/0.82/0.091+1.7 ms cpu, 3->4->1 MB, 4 MB goal, 0 MB stacks, 0 MB globals, 16 P
gc 2121 @37.416s 1%: 0.14+0.52+0.15 ms clock, 2.2+0.56/0.83/0+2.4 ms cpu, 3->4->1 MB, 4 MB goal, 0 MB stacks, 0 MB globals, 16 P
gc 2122 @37.417s 1%: 0.14+0.52+0.19 ms clock, 2.2+0.71/0.82/0+3.1 ms cpu, 3->4->1 MB, 4 MB goal, 0 MB stacks, 0 MB globals, 16 P
gc 2123 @37.419s 1%: 0.085+0.53+0.12 ms clock, 1.3+0.54/0.94/0+2.0 ms cpu, 3->4->1 MB, 4 MB goal, 0 MB stacks, 0 MB globals, 16 P
gc 2124 @37.421s 1%: 0.11+0.49+0.12 ms clock, 1.8+0.48/0.81/0.007+1.9 ms cpu, 3->4->1 MB, 4 MB goal, 0 MB stacks, 0 MB globals, 16 P
gc 2125 @37.422s 1%: 0.12+0.62+0.093 ms clock, 2.0+0.54/0.91/0.032+1.4 ms cpu, 3->4->1 MB, 4 MB goal, 0 MB stacks, 0 MB globals, 16 P
gc 2126 @37.424s 1%: 0.11+0.55+0.14 ms clock, 1.7+0.57/0.82/0.003+2.2 ms cpu, 3->4->1 MB, 4 MB goal, 0 MB stacks, 0 MB globals, 16 P
gc 2127 @37.425s 1%: 0.11+0.77+0.10 ms clock, 1.9+0.58/0.81/0+1.6 ms cpu, 3->4->2 MB, 4 MB goal, 0 MB stacks, 0 MB globals, 16 P
gc 2128 @37.427s 1%: 0.10+0.62+0.11 ms clock, 1.6+0.48/0.81/0+1.8 ms cpu, 3->4->1 MB, 4 MB goal, 0 MB stacks, 0 MB globals, 16 P
gc 2129 @37.429s 1%: 0.15+0.57+0.15 ms clock, 2.4+0.68/0.95/0+2.4 ms cpu, 3->4->1 MB, 4 MB goal, 0 MB stacks, 0 MB globals, 16 P
gc 2130 @37.431s 1%: 0.11+0.54+0.082 ms clock, 1.9+0.57/0.82/0.014+1.3 ms cpu, 3->4->1 MB, 4 MB goal, 0 MB stacks, 0 MB globals, 16 P
gc 2131 @37.432s 1%: 0.16+0.47+0.11 ms clock, 2.6+0.67/0.74/0+1.8 ms cpu, 3->4->1 MB, 4 MB goal, 0 MB stacks, 0 MB globals, 16 P
gc 2132 @37.434s 1%: 0.12+0.70+0.12 ms clock, 2.0+0.45/0.74/0+1.9 ms cpu, 3->4->2 MB, 4 MB goal, 0 MB stacks, 0 MB globals, 16 P
gc 2133 @37.436s 1%: 0.17+0.62+0.087 ms clock, 2.8+0.53/0.82/0.030+1.4 ms cpu, 3->4->2 MB, 4 MB goal, 0 MB stacks, 0 MB globals, 16 P
gc 2134 @37.437s 1%: 0.12+0.54+0.14 ms clock, 1.9+0.70/0.80/0.016+2.2 ms cpu, 3->4->2 MB, 4 MB goal, 0 MB stacks, 0 MB globals, 16 P
gc 2135 @37.439s 1%: 0.096+0.52+0.10 ms clock, 1.5+0.49/0.78/0.041+1.6 ms cpu, 3->4->1 MB, 4 MB goal, 0 MB stacks, 0 MB globals, 16 P
gc 2136 @37.440s 1%: 0.16+0.67+0.073 ms clock, 2.5+0.66/0.90/0+1.1 ms cpu, 3->4->2 MB, 4 MB goal, 0 MB stacks, 0 MB globals, 16 P
gc 2137 @37.442s 1%: 0.15+0.51+0.13 ms clock, 2.5+0.68/0.78/0+2.1 ms cpu, 3->4->1 MB, 4 MB goal, 0 MB stacks, 0 MB globals, 16 P
gc 2138 @37.444s 1%: 0.12+0.46+0.15 ms clock, 1.9+0.62/0.80/0+2.4 ms cpu, 3->4->1 MB, 4 MB goal, 0 MB stacks, 0 MB globals, 16 P
gc 2139 @37.445s 1%: 0.12+0.64+0.16 ms clock, 1.9+0.47/0.93/0.035+2.6 ms cpu, 3->4->2 MB, 4 MB goal, 0 MB stacks, 0 MB globals, 16 P
gc 2140 @37.447s 1%: 0.16+0.71+0.12 ms clock, 2.6+0.73/0.67/0.008+1.9 ms cpu, 3->4->2 MB, 4 MB goal, 0 MB stacks, 0 MB globals, 16 P
gc 2141 @37.449s 1%: 0.17+0.52+0.052 ms clock, 2.8+0.69/0.75/0+0.84 ms cpu, 3->4->1 MB, 4 MB goal, 0 MB stacks, 0 MB globals, 16 P
gc 2142 @37.451s 1%: 0.13+0.46+0.17 ms clock, 2.1+0.69/0.68/0+2.7 ms cpu, 3->4->1 MB, 4 MB goal, 0 MB stacks, 0 MB globals, 16 P
gc 2143 @37.452s 1%: 0.12+0.58+0.11 ms clock, 2.0+0.57/0.88/0+1.9 ms cpu, 3->4->1 MB, 4 MB goal, 0 MB stacks, 0 MB globals, 16 P
gc 2144 @37.454s 1%: 0.088+0.62+0.10 ms clock, 1.4+0.55/0.78/0.035+1.7 ms cpu, 3->4->1 MB, 4 MB goal, 0 MB stacks, 0 MB globals, 16 P
gc 2145 @37.456s 1%: 0.11+0.47+0.22 ms clock, 1.7+0.55/0.84/0.002+3.6 ms cpu, 3->4->1 MB, 4 MB goal, 0 MB stacks, 0 MB globals, 16 P
gc 2146 @37.457s 1%: 0.19+0.58+0.10 ms clock, 3.0+0.59/0.84/0+1.6 ms cpu, 3->4->2 MB, 4 MB goal, 0 MB stacks, 0 MB globals, 16 P
gc 2147 @37.459s 1%: 0.13+0.56+0.10 ms clock, 2.1+0.57/0.81/0+1.6 ms cpu, 3->4->1 MB, 4 MB goal, 0 MB stacks, 0 MB globals, 16 P
gc 2148 @37.460s 1%: 0.14+0.46+0.18 ms clock, 2.3+0.66/0.71/0+3.0 ms cpu, 3->4->1 MB, 4 MB goal, 0 MB stacks, 0 MB globals, 16 P
gc 2149 @37.462s 1%: 0.14+0.91+0.11 ms clock, 2.3+0.53/1.0/0+1.7 ms cpu, 3->4->2 MB, 4 MB goal, 0 MB stacks, 0 MB globals, 16 P
gc 2150 @37.464s 1%: 0.11+0.59+0.10 ms clock, 1.8+0.56/0.79/0+1.6 ms cpu, 4->4->1 MB, 4 MB goal, 0 MB stacks, 0 MB globals, 16 P
gc 2151 @37.466s 1%: 0.11+0.61+0.087 ms clock, 1.8+0.69/0.66/0+1.3 ms cpu, 3->4->1 MB, 4 MB goal, 0 MB stacks, 0 MB globals, 16 P
gc 2152 @37.467s 1%: 0.13+0.56+0.16 ms clock, 2.1+0.62/0.88/0.001+2.6 ms cpu, 3->4->1 MB, 4 MB goal, 0 MB stacks, 0 MB globals, 16 P
gc 2153 @37.469s 1%: 0.13+0.73+0.072 ms clock, 2.0+0.64/0.87/0+1.1 ms cpu, 3->4->2 MB, 4 MB goal, 0 MB stacks, 0 MB globals, 16 P
gc 2154 @37.471s 1%: 0.15+0.53+0.095 ms clock, 2.5+0.69/0.67/0+1.5 ms cpu, 3->4->1 MB, 4 MB goal, 0 MB stacks, 0 MB globals, 16 P
gc 2155 @37.473s 1%: 0.11+0.68+0.047 ms clock, 1.8+0.44/0.81/0+0.75 ms cpu, 3->4->1 MB, 4 MB goal, 0 MB stacks, 0 MB globals, 16 P
gc 2156 @37.474s 1%: 0.13+0.62+0.12 ms clock, 2.1+0.59/0.83/0+2.0 ms cpu, 3->4->2 MB, 4 MB goal, 0 MB stacks, 0 MB globals, 16 P
gc 2157 @37.476s 1%: 0.12+0.53+0.077 ms clock, 1.9+0.62/0.78/0+1.2 ms cpu, 3->4->1 MB, 4 MB goal, 0 MB stacks, 0 MB globals, 16 P
gc 2158 @37.478s 1%: 0.12+0.63+0.11 ms clock, 1.9+0.72/0.80/0.056+1.7 ms cpu, 3->4->2 MB, 4 MB goal, 0 MB stacks, 0 MB globals, 16 P
gc 2159 @37.479s 1%: 0.16+0.83+0.12 ms clock, 2.6+0.57/0.72/0+1.9 ms cpu, 3->4->2 MB, 4 MB goal, 0 MB stacks, 0 MB globals, 16 P
gc 2160 @37.482s 1%: 0.11+0.46+0.12 ms clock, 1.8+0.62/0.82/0+1.9 ms cpu, 4->4->1 MB, 4 MB goal, 0 MB stacks, 0 MB globals, 16 P
gc 2161 @37.483s 1%: 0.18+0.63+0.079 ms clock, 2.8+0.62/0.81/0+1.2 ms cpu, 3->4->1 MB, 4 MB goal, 0 MB stacks, 0 MB globals, 16 P
gc 2162 @37.485s 1%: 0.19+0.63+0.096 ms clock, 3.1+0.69/0.67/0.029+1.5 ms cpu, 3->4->2 MB, 4 MB goal, 0 MB stacks, 0 MB globals, 16 P
gc 2163 @37.487s 1%: 0.13+0.78+0.13 ms clock, 2.1+0.53/0.94/0.031+2.2 ms cpu, 3->4->2 MB, 4 MB goal, 0 MB stacks, 0 MB globals, 16 P
gc 2164 @37.489s 1%: 0.081+0.46+0.098 ms clock, 1.3+0.53/0.79/0.013+1.5 ms cpu, 4->4->1 MB, 4 MB goal, 0 MB stacks, 0 MB globals, 16 P
gc 2165 @37.490s 1%: 0.12+0.88+0.10 ms clock, 1.9+0.63/0.96/0.015+1.6 ms cpu, 3->4->2 MB, 4 MB goal, 0 MB stacks, 0 MB globals, 16 P
gc 2166 @37.492s 1%: 0.10+0.53+0.12 ms clock, 1.6+0.43/0.89/0+1.9 ms cpu, 4->4->1 MB, 4 MB goal, 0 MB stacks, 0 MB globals, 16 P
gc 2167 @37.494s 1%: 0.11+0.62+0.10 ms clock, 1.8+0.55/0.92/0.022+1.6 ms cpu, 3->4->1 MB, 4 MB goal, 0 MB stacks, 0 MB globals, 16 P
gc 2168 @37.496s 1%: 0.12+0.61+0.088 ms clock, 2.0+0.48/0.86/0.043+1.4 ms cpu, 3->4->1 MB, 4 MB goal, 0 MB stacks, 0 MB globals, 16 P
gc 2169 @37.497s 1%: 0.13+0.52+0.15 ms clock, 2.1+0.55/0.89/0+2.5 ms cpu, 3->4->2 MB, 4 MB goal, 0 MB stacks, 0 MB globals, 16 P
gc 2170 @37.499s 1%: 0.10+0.57+0.059 ms clock, 1.7+0.60/0.89/0+0.95 ms cpu, 3->4->1 MB, 4 MB goal, 0 MB stacks, 0 MB globals, 16 P
gc 2171 @37.500s 1%: 0.17+0.56+0.097 ms clock, 2.8+0.67/0.90/0+1.5 ms cpu, 3->4->2 MB, 4 MB goal, 0 MB stacks, 0 MB globals, 16 P
gc 2172 @37.502s 1%: 0.15+0.49+0.11 ms clock, 2.4+0.64/0.81/0+1.8 ms cpu, 3->4->1 MB, 4 MB goal, 0 MB stacks, 0 MB globals, 16 P
gc 2173 @37.504s 1%: 0.11+0.51+0.098 ms clock, 1.7+0.55/0.80/0+1.5 ms cpu, 3->4->1 MB, 4 MB goal, 0 MB stacks, 0 MB globals, 16 P
gc 2174 @37.505s 1%: 0.13+0.67+0.061 ms clock, 2.2+0.56/0.87/0+0.98 ms cpu, 3->4->2 MB, 4 MB goal, 0 MB stacks, 0 MB globals, 16 P
gc 2175 @37.507s 1%: 0.15+0.61+0.10 ms clock, 2.5+0.54/0.81/0+1.7 ms cpu, 3->4->2 MB, 4 MB goal, 0 MB stacks, 0 MB globals, 16 P
gc 2176 @37.509s 1%: 0.089+0.69+0.095 ms clock, 1.4+0.61/0.83/0.018+1.5 ms cpu, 3->4->1 MB, 4 MB goal, 0 MB stacks, 0 MB globals, 16 P
gc 2177 @37.511s 1%: 0.11+0.57+0.064 ms clock, 1.7+0.67/0.87/0.017+1.0 ms cpu, 3->4->1 MB, 4 MB goal, 0 MB stacks, 0 MB globals, 16 P
gc 2178 @37.512s 1%: 0.20+0.56+0.17 ms clock, 3.2+0.69/0.68/0+2.8 ms cpu, 3->4->1 MB, 4 MB goal, 0 MB stacks, 0 MB globals, 16 P
gc 2179 @37.514s 1%: 0.13+0.64+0.051 ms clock, 2.1+0.57/0.98/0+0.82 ms cpu, 3->4->2 MB, 4 MB goal, 0 MB stacks, 0 MB globals, 16 P
gc 2180 @37.516s 1%: 0.14+0.85+0.068 ms clock, 2.3+0.60/0.72/0+1.0 ms cpu, 3->4->2 MB, 4 MB goal, 0 MB stacks, 0 MB globals, 16 P
gc 2181 @37.518s 1%: 0.099+0.59+0.10 ms clock, 1.5+0.69/0.96/0+1.7 ms cpu, 4->4->1 MB, 4 MB goal, 0 MB stacks, 0 MB globals, 16 P
gc 2182 @37.519s 1%: 0.16+0.68+0.096 ms clock, 2.6+0.74/0.83/0+1.5 ms cpu, 3->4->2 MB, 4 MB goal, 0 MB stacks, 0 MB globals, 16 P
gc 2183 @37.521s 1%: 0.15+0.59+0.079 ms clock, 2.4+0.46/0.89/0+1.2 ms cpu, 3->4->1 MB, 4 MB goal, 0 MB stacks, 0 MB globals, 16 P
gc 2184 @37.523s 1%: 0.10+0.82+0.10 ms clock, 1.7+0.68/1.0/0.049+1.6 ms cpu, 3->4->2 MB, 4 MB goal, 0 MB stacks, 0 MB globals, 16 P
gc 2185 @37.525s 1%: 0.11+0.57+0.096 ms clock, 1.8+0.70/0.70/0+1.5 ms cpu, 3->4->1 MB, 4 MB goal, 0 MB stacks, 0 MB globals, 16 P
gc 2186 @37.527s 1%: 0.10+0.62+0.086 ms clock, 1.7+0.53/0.87/0+1.3 ms cpu, 3->4->1 MB, 4 MB goal, 0 MB stacks, 0 MB globals, 16 P
gc 2187 @37.528s 1%: 0.12+0.66+0.11 ms clock, 2.0+0.66/0.86/0+1.8 ms cpu, 3->4->2 MB, 4 MB goal, 0 MB stacks, 0 MB globals, 16 P
gc 2188 @37.530s 1%: 0.11+0.61+0.062 ms clock, 1.8+0.64/0.87/0.075+0.99 ms cpu, 3->4->1 MB, 4 MB goal, 0 MB stacks, 0 MB globals, 16 P
gc 2189 @37.532s 1%: 0.16+0.64+0.10 ms clock, 2.6+0.62/1.0/0+1.6 ms cpu, 3->4->1 MB, 4 MB goal, 0 MB stacks, 0 MB globals, 16 P
gc 2190 @37.533s 1%: 0.11+0.62+0.11 ms clock, 1.9+0.62/0.97/0+1.7 ms cpu, 3->4->2 MB, 4 MB goal, 0 MB stacks, 0 MB globals, 16 P
gc 2191 @37.535s 1%: 0.11+0.63+0.018 ms clock, 1.9+0.39/0.86/0+0.29 ms cpu, 3->4->1 MB, 4 MB goal, 0 MB stacks, 0 MB globals, 16 P
gc 2192 @37.537s 1%: 0.12+0.49+0.12 ms clock, 2.0+0.48/0.69/0.16+2.0 ms cpu, 3->4->1 MB, 4 MB goal, 0 MB stacks, 0 MB globals, 16 P
gc 2193 @37.538s 1%: 0.13+0.49+0.10 ms clock, 2.1+0.57/0.83/0+1.6 ms cpu, 3->3->1 MB, 4 MB goal, 0 MB stacks, 0 MB globals, 16 P
gc 2194 @37.540s 1%: 0.10+0.64+0.089 ms clock, 1.6+0.51/0.82/0+1.4 ms cpu, 3->4->2 MB, 4 MB goal, 0 MB stacks, 0 MB globals, 16 P
gc 2195 @37.541s 1%: 0.14+0.47+0.13 ms clock, 2.2+0.63/0.97/0+2.1 ms cpu, 3->4->1 MB, 4 MB goal, 0 MB stacks, 0 MB globals, 16 P
gc 2196 @37.543s 1%: 0.11+0.73+0.095 ms clock, 1.7+0.62/1.0/0+1.5 ms cpu, 3->4->2 MB, 4 MB goal, 0 MB stacks, 0 MB globals, 16 P
gc 2197 @37.545s 1%: 0.13+0.56+0.19 ms clock, 2.1+0.51/0.79/0.082+3.0 ms cpu, 3->4->1 MB, 4 MB goal, 0 MB stacks, 0 MB globals, 16 P
gc 2198 @37.546s 1%: 0.11+0.59+0.070 ms clock, 1.8+0.59/0.86/0.013+1.1 ms cpu, 3->4->1 MB, 4 MB goal, 0 MB stacks, 0 MB globals, 16 P
gc 2199 @37.548s 1%: 0.086+0.60+0.10 ms clock, 1.3+0.57/0.93/0.006+1.6 ms cpu, 3->4->1 MB, 4 MB goal, 0 MB stacks, 0 MB globals, 16 P
gc 2200 @37.550s 1%: 0.12+0.43+0.12 ms clock, 1.9+0.56/0.80/0+1.9 ms cpu, 3->4->1 MB, 4 MB goal, 0 MB stacks, 0 MB globals, 16 P
gc 2201 @37.551s 1%: 0.15+0.55+0.18 ms clock, 2.5+0.66/0.86/0+2.9 ms cpu, 3->4->1 MB, 4 MB goal, 0 MB stacks, 0 MB globals, 16 P
gc 2202 @37.553s 1%: 0.12+0.50+0.10 ms clock, 1.9+0.64/0.78/0+1.6 ms cpu, 3->4->1 MB, 4 MB goal, 0 MB stacks, 0 MB globals, 16 P
gc 2203 @37.554s 1%: 0.13+0.62+0.092 ms clock, 2.2+0.65/0.71/0+1.4 ms cpu, 3->4->2 MB, 4 MB goal, 0 MB stacks, 0 MB globals, 16 P
gc 2204 @37.556s 1%: 0.13+0.66+0.033 ms clock, 2.1+0.63/0.76/0+0.53 ms cpu, 3->4->1 MB, 4 MB goal, 0 MB stacks, 0 MB globals, 16 P
gc 2205 @37.558s 1%: 0.13+0.51+0.11 ms clock, 2.2+0.59/0.80/0.007+1.8 ms cpu, 3->4->1 MB, 4 MB goal, 0 MB stacks, 0 MB globals, 16 P
gc 2206 @37.559s 1%: 0.16+0.68+0.13 ms clock, 2.6+0.57/0.86/0+2.0 ms cpu, 3->4->2 MB, 4 MB goal, 0 MB stacks, 0 MB globals, 16 P
gc 2207 @37.561s 1%: 0.10+0.71+0.088 ms clock, 1.6+0.53/0.96/0.004+1.4 ms cpu, 3->4->2 MB, 4 MB goal, 0 MB stacks, 0 MB globals, 16 P
gc 2208 @37.563s 1%: 0.097+0.50+0.13 ms clock, 1.5+0.46/0.96/0+2.1 ms cpu, 3->4->1 MB, 4 MB goal, 0 MB stacks, 0 MB globals, 16 P
gc 2209 @37.564s 1%: 0.16+0.51+0.13 ms clock, 2.5+0.63/0.72/0.006+2.1 ms cpu, 3->4->1 MB, 4 MB goal, 0 MB stacks, 0 MB globals, 16 P
gc 2210 @37.566s 1%: 0.13+0.48+0.15 ms clock, 2.1+0.53/0.74/0.035+2.4 ms cpu, 3->4->1 MB, 4 MB goal, 0 MB stacks, 0 MB globals, 16 P
gc 2211 @37.568s 1%: 0.14+0.76+0.13 ms clock, 2.3+0.72/0.75/0+2.2 ms cpu, 3->4->2 MB, 4 MB goal, 0 MB stacks, 0 MB globals, 16 P
gc 2212 @37.569s 1%: 0.12+0.59+0.092 ms clock, 2.0+0.63/0.72/0.007+1.4 ms cpu, 3->4->1 MB, 4 MB goal, 0 MB stacks, 0 MB globals, 16 P
gc 2213 @37.571s 1%: 0.11+0.50+0.097 ms clock, 1.7+0.60/0.85/0.005+1.5 ms cpu, 3->4->1 MB, 4 MB goal, 0 MB stacks, 0 MB globals, 16 P
gc 2214 @37.573s 1%: 0.10+0.59+0.070 ms clock, 1.7+0.57/0.84/0+1.1 ms cpu, 3->4->1 MB, 4 MB goal, 0 MB stacks, 0 MB globals, 16 P
gc 2215 @37.574s 1%: 0.15+0.65+0.13 ms clock, 2.5+0.57/0.91/0.003+2.1 ms cpu, 3->4->2 MB, 4 MB goal, 0 MB stacks, 0 MB globals, 16 P
gc 2216 @37.576s 1%: 0.10+0.62+0.12 ms clock, 1.7+0.68/0.76/0.004+2.0 ms cpu, 3->4->2 MB, 4 MB goal, 0 MB stacks, 0 MB globals, 16 P
gc 2217 @37.578s 1%: 0.13+0.63+0.086 ms clock, 2.1+0.67/0.81/0+1.3 ms cpu, 3->4->1 MB, 4 MB goal, 0 MB stacks, 0 MB globals, 16 P
gc 2218 @37.580s 1%: 0.14+0.78+0.064 ms clock, 2.3+0.61/0.89/0+1.0 ms cpu, 3->4->2 MB, 4 MB goal, 0 MB stacks, 0 MB globals, 16 P
gc 2219 @37.581s 1%: 0.12+0.53+0.16 ms clock, 2.0+0.52/0.81/0.028+2.6 ms cpu, 3->4->1 MB, 4 MB goal, 0 MB stacks, 0 MB globals, 16 P
gc 2220 @37.583s 1%: 0.12+0.64+0.046 ms clock, 1.9+0.61/1.0/0+0.74 ms cpu, 3->4->2 MB, 4 MB goal, 0 MB stacks, 0 MB globals, 16 P
gc 2221 @37.585s 1%: 0.077+0.60+0.058 ms clock, 1.2+0.40/0.85/0+0.93 ms cpu, 3->4->1 MB, 4 MB goal, 0 MB stacks, 0 MB globals, 16 P
gc 2222 @37.586s 1%: 0.15+0.58+0.099 ms clock, 2.4+0.71/0.90/0+1.5 ms cpu, 3->4->2 MB, 4 MB goal, 0 MB stacks, 0 MB globals, 16 P
gc 2223 @37.588s 1%: 0.093+0.80+0.12 ms clock, 1.4+0.60/0.87/0.18+1.9 ms cpu, 3->4->2 MB, 4 MB goal, 0 MB stacks, 0 MB globals, 16 P
gc 2224 @37.590s 1%: 0.11+0.73+0.098 ms clock, 1.8+0.48/0.86/0+1.5 ms cpu, 3->4->2 MB, 4 MB goal, 0 MB stacks, 0 MB globals, 16 P
gc 2225 @37.592s 1%: 0.12+0.57+0.089 ms clock, 1.9+0.60/0.95/0.011+1.4 ms cpu, 3->4->1 MB, 4 MB goal, 0 MB stacks, 0 MB globals, 16 P
gc 2226 @37.593s 1%: 0.18+0.54+0.12 ms clock, 2.9+0.61/0.88/0+2.0 ms cpu, 3->4->2 MB, 4 MB goal, 0 MB stacks, 0 MB globals, 16 P
gc 2227 @37.595s 1%: 0.11+0.67+0.071 ms clock, 1.9+0.54/0.91/0+1.1 ms cpu, 3->4->2 MB, 4 MB goal, 0 MB stacks, 0 MB globals, 16 P
gc 2228 @37.597s 1%: 0.11+0.61+0.10 ms clock, 1.8+0.52/1.0/0.003+1.7 ms cpu, 3->4->2 MB, 4 MB goal, 0 MB stacks, 0 MB globals, 16 P
gc 2229 @37.599s 1%: 0.11+0.81+0.081 ms clock, 1.8+0.50/0.86/0+1.2 ms cpu, 3->4->2 MB, 4 MB goal, 0 MB stacks, 0 MB globals, 16 P
gc 2230 @37.600s 1%: 0.14+0.50+0.17 ms clock, 2.2+0.63/0.87/0+2.7 ms cpu, 3->4->1 MB, 4 MB goal, 0 MB stacks, 0 MB globals, 16 P
gc 2231 @37.602s 1%: 0.11+0.52+0.10 ms clock, 1.9+0.62/0.94/0.005+1.6 ms cpu, 3->4->1 MB, 4 MB goal, 0 MB stacks, 0 MB globals, 16 P
gc 2232 @37.604s 1%: 0.12+0.53+0.088 ms clock, 1.9+0.58/0.85/0+1.4 ms cpu, 3->4->1 MB, 4 MB goal, 0 MB stacks, 0 MB globals, 16 P
gc 2233 @37.605s 1%: 0.14+0.55+0.076 ms clock, 2.2+0.78/0.84/0+1.2 ms cpu, 3->4->1 MB, 4 MB goal, 0 MB stacks, 0 MB globals, 16 P
gc 2234 @37.607s 1%: 0.10+0.92+0.029 ms clock, 1.7+0.63/0.88/0+0.47 ms cpu, 3->4->2 MB, 4 MB goal, 0 MB stacks, 0 MB globals, 16 P
gc 2235 @37.609s 1%: 0.12+0.60+0.13 ms clock, 2.0+0.76/0.78/0.013+2.1 ms cpu, 3->4->1 MB, 4 MB goal, 0 MB stacks, 0 MB globals, 16 P
gc 2236 @37.610s 1%: 0.13+0.53+0.10 ms clock, 2.1+0.78/0.76/0+1.7 ms cpu, 3->4->1 MB, 4 MB goal, 0 MB stacks, 0 MB globals, 16 P
gc 2237 @37.612s 1%: 0.14+0.64+0.089 ms clock, 2.3+0.62/0.74/0+1.4 ms cpu, 3->4->1 MB, 4 MB goal, 0 MB stacks, 0 MB globals, 16 P
gc 2238 @37.613s 1%: 0.13+0.54+0.13 ms clock, 2.0+0.60/0.78/0+2.1 ms cpu, 3->4->1 MB, 4 MB goal, 0 MB stacks, 0 MB globals, 16 P
gc 2239 @37.615s 1%: 0.12+0.42+0.12 ms clock, 2.0+0.64/0.74/0.017+1.9 ms cpu, 3->4->1 MB, 4 MB goal, 0 MB stacks, 0 MB globals, 16 P
gc 2240 @37.617s 1%: 0.19+0.77+0.18 ms clock, 3.1+0.76/0.64/0.013+2.9 ms cpu, 3->4->2 MB, 4 MB goal, 0 MB stacks, 0 MB globals, 16 P
gc 2241 @37.619s 1%: 0.18+0.55+0.13 ms clock, 2.9+0.65/0.77/0+2.1 ms cpu, 3->4->2 MB, 4 MB goal, 0 MB stacks, 0 MB globals, 16 P
gc 2242 @37.620s 1%: 0.16+0.75+0.057 ms clock, 2.6+0.61/0.77/0+0.91 ms cpu, 3->4->2 MB, 4 MB goal, 0 MB stacks, 0 MB globals, 16 P
gc 2243 @37.622s 1%: 0.11+0.59+0.17 ms clock, 1.8+0.61/0.83/0+2.7 ms cpu, 3->4->1 MB, 4 MB goal, 0 MB stacks, 0 MB globals, 16 P
gc 2244 @37.624s 1%: 0.14+0.70+0.068 ms clock, 2.3+0.58/0.92/0.004+1.0 ms cpu, 3->4->2 MB, 4 MB goal, 0 MB stacks, 0 MB globals, 16 P
gc 2245 @37.626s 1%: 0.12+0.64+0.098 ms clock, 1.9+0.57/0.80/0.030+1.5 ms cpu, 3->4->1 MB, 4 MB goal, 0 MB stacks, 0 MB globals, 16 P
gc 2246 @37.627s 1%: 0.10+0.65+0.085 ms clock, 1.6+0.59/0.77/0.010+1.3 ms cpu, 3->4->1 MB, 4 MB goal, 0 MB stacks, 0 MB globals, 16 P
gc 2247 @37.629s 1%: 0.088+0.64+0.096 ms clock, 1.4+0.52/0.88/0+1.5 ms cpu, 3->4->2 MB, 4 MB goal, 0 MB stacks, 0 MB globals, 16 P
gc 2248 @37.631s 1%: 0.14+0.77+0.076 ms clock, 2.3+0.67/0.81/0.005+1.2 ms cpu, 3->4->2 MB, 4 MB goal, 0 MB stacks, 0 MB globals, 16 P
gc 2249 @37.633s 1%: 0.11+0.84+0.055 ms clock, 1.8+0.61/0.79/0+0.88 ms cpu, 3->4->2 MB, 4 MB goal, 0 MB stacks, 0 MB globals, 16 P
gc 2250 @37.634s 1%: 0.11+0.62+0.10 ms clock, 1.9+0.58/0.81/0+1.6 ms cpu, 3->4->1 MB, 4 MB goal, 0 MB stacks, 0 MB globals, 16 P
gc 2251 @37.636s 1%: 0.17+0.58+0.13 ms clock, 2.7+0.70/0.74/0+2.1 ms cpu, 3->4->1 MB, 4 MB goal, 0 MB stacks, 0 MB globals, 16 P
gc 2252 @37.638s 1%: 0.12+0.59+0.070 ms clock, 1.9+0.66/0.82/0+1.1 ms cpu, 3->4->1 MB, 4 MB goal, 0 MB stacks, 0 MB globals, 16 P
gc 2253 @37.639s 1%: 0.12+0.67+0.11 ms clock, 2.0+0.64/0.87/0+1.9 ms cpu, 3->4->1 MB, 4 MB goal, 0 MB stacks, 0 MB globals, 16 P
gc 2254 @37.641s 1%: 0.12+0.72+0.087 ms clock, 2.0+0.60/0.88/0+1.3 ms cpu, 3->4->2 MB, 4 MB goal, 0 MB stacks, 0 MB globals, 16 P
gc 2255 @37.643s 1%: 0.13+0.53+0.10 ms clock, 2.1+0.51/0.82/0.015+1.7 ms cpu, 3->4->1 MB, 4 MB goal, 0 MB stacks, 0 MB globals, 16 P
gc 2256 @37.645s 1%: 0.18+0.51+0.17 ms clock, 2.9+0.70/0.72/0+2.7 ms cpu, 3->4->1 MB, 4 MB goal, 0 MB stacks, 0 MB globals, 16 P
gc 2257 @37.646s 1%: 0.13+0.74+0.079 ms clock, 2.1+0.62/0.95/0.030+1.2 ms cpu, 3->4->2 MB, 4 MB goal, 0 MB stacks, 0 MB globals, 16 P
gc 2258 @37.648s 1%: 0.099+0.54+0.10 ms clock, 1.5+0.57/0.85/0+1.7 ms cpu, 3->4->1 MB, 4 MB goal, 0 MB stacks, 0 MB globals, 16 P
gc 2259 @37.650s 1%: 0.14+0.48+0.10 ms clock, 2.2+0.68/0.69/0.004+1.6 ms cpu, 3->4->1 MB, 4 MB goal, 0 MB stacks, 0 MB globals, 16 P
gc 2260 @37.651s 1%: 0.13+0.53+0.11 ms clock, 2.2+0.59/0.74/0.022+1.8 ms cpu, 3->4->1 MB, 4 MB goal, 0 MB stacks, 0 MB globals, 16 P
gc 2261 @37.653s 1%: 0.10+0.71+0.098 ms clock, 1.6+0.63/0.69/0.11+1.5 ms cpu, 3->4->2 MB, 4 MB goal, 0 MB stacks, 0 MB globals, 16 P
gc 2262 @37.654s 1%: 0.13+0.61+0.097 ms clock, 2.1+0.71/0.72/0+1.5 ms cpu, 3->4->2 MB, 4 MB goal, 0 MB stacks, 0 MB globals, 16 P
gc 2263 @37.656s 1%: 0.14+0.62+0.096 ms clock, 2.3+0.67/0.84/0.002+1.5 ms cpu, 3->4->2 MB, 4 MB goal, 0 MB stacks, 0 MB globals, 16 P
gc 2264 @37.658s 1%: 0.12+0.64+0.14 ms clock, 2.0+0.76/0.79/0+2.2 ms cpu, 3->4->2 MB, 4 MB goal, 0 MB stacks, 0 MB globals, 16 P
gc 2265 @37.660s 1%: 0.12+0.62+0.10 ms clock, 1.9+0.69/0.73/0+1.7 ms cpu, 3->4->1 MB, 4 MB goal, 0 MB stacks, 0 MB globals, 16 P
gc 2266 @37.661s 1%: 0.11+0.49+0.11 ms clock, 1.8+0.46/0.85/0+1.9 ms cpu, 3->4->1 MB, 4 MB goal, 0 MB stacks, 0 MB globals, 16 P
gc 2267 @37.663s 1%: 0.11+0.75+0.10 ms clock, 1.8+0.69/0.88/0.007+1.7 ms cpu, 3->4->2 MB, 4 MB goal, 0 MB stacks, 0 MB globals, 16 P
gc 2268 @37.665s 1%: 0.14+0.61+0.10 ms clock, 2.3+0.59/0.96/0+1.6 ms cpu, 3->4->1 MB, 4 MB goal, 0 MB stacks, 0 MB globals, 16 P
gc 2269 @37.666s 1%: 0.12+0.57+0.10 ms clock, 2.0+0.68/0.74/0.004+1.6 ms cpu, 3->4->2 MB, 4 MB goal, 0 MB stacks, 0 MB globals, 16 P
gc 2270 @37.668s 1%: 0.16+0.63+0.083 ms clock, 2.5+0.60/0.78/0+1.3 ms cpu, 3->4->1 MB, 4 MB goal, 0 MB stacks, 0 MB globals, 16 P
gc 2271 @37.670s 1%: 0.12+0.62+0.088 ms clock, 2.0+0.57/0.82/0.008+1.4 ms cpu, 3->4->1 MB, 4 MB goal, 0 MB stacks, 0 MB globals, 16 P
gc 2272 @37.672s 1%: 0.12+0.64+0.070 ms clock, 1.9+0.53/0.89/0.098+1.1 ms cpu, 3->4->1 MB, 4 MB goal, 0 MB stacks, 0 MB globals, 16 P
gc 2273 @37.673s 1%: 0.12+0.54+0.16 ms clock, 1.9+0.49/0.92/0.009+2.5 ms cpu, 3->4->1 MB, 4 MB goal, 0 MB stacks, 0 MB globals, 16 P
gc 2274 @37.675s 1%: 0.14+0.43+0.11 ms clock, 2.3+0.70/0.75/0+1.8 ms cpu, 3->4->1 MB, 4 MB goal, 0 MB stacks, 0 MB globals, 16 P
gc 2275 @37.677s 1%: 0.16+0.52+0.11 ms clock, 2.6+0.45/0.81/0+1.7 ms cpu, 3->4->1 MB, 4 MB goal, 0 MB stacks, 0 MB globals, 16 P
gc 2276 @37.678s 1%: 0.15+0.59+0.092 ms clock, 2.5+0.56/0.91/0+1.4 ms cpu, 3->4->2 MB, 4 MB goal, 0 MB stacks, 0 MB globals, 16 P
gc 2277 @37.680s 1%: 0.11+0.53+0.057 ms clock, 1.8+0.63/0.74/0.013+0.92 ms cpu, 3->4->1 MB, 4 MB goal, 0 MB stacks, 0 MB globals, 16 P
gc 2278 @37.682s 1%: 0.11+0.57+0.15 ms clock, 1.8+0.67/0.70/0.023+2.4 ms cpu, 3->4->1 MB, 4 MB goal, 0 MB stacks, 0 MB globals, 16 P
gc 2279 @37.683s 1%: 0.15+0.59+0.11 ms clock, 2.4+0.44/0.78/0.077+1.9 ms cpu, 3->4->1 MB, 4 MB goal, 0 MB stacks, 0 MB globals, 16 P
gc 2280 @37.685s 1%: 0.13+0.47+0.18 ms clock, 2.1+0.60/0.75/0+2.9 ms cpu, 3->4->1 MB, 4 MB goal, 0 MB stacks, 0 MB globals, 16 P
gc 2281 @37.686s 1%: 0.16+0.52+0.094 ms clock, 2.5+0.62/0.85/0.009+1.5 ms cpu, 3->4->1 MB, 4 MB goal, 0 MB stacks, 0 MB globals, 16 P
gc 2282 @37.688s 1%: 0.11+0.61+0.14 ms clock, 1.8+0.64/0.76/0+2.2 ms cpu, 3->4->2 MB, 4 MB goal, 0 MB stacks, 0 MB globals, 16 P
gc 2283 @37.690s 1%: 0.10+0.53+0.12 ms clock, 1.6+0.63/0.86/0+2.0 ms cpu, 3->4->1 MB, 4 MB goal, 0 MB stacks, 0 MB globals, 16 P
gc 2284 @37.692s 1%: 0.19+0.59+0.083 ms clock, 3.1+0.63/0.91/0.003+1.3 ms cpu, 3->4->2 MB, 4 MB goal, 0 MB stacks, 0 MB globals, 16 P
gc 2285 @37.693s 1%: 0.16+0.63+0.099 ms clock, 2.6+0.70/0.76/0+1.5 ms cpu, 3->4->2 MB, 4 MB goal, 0 MB stacks, 0 MB globals, 16 P
gc 2286 @37.695s 1%: 0.13+0.46+0.095 ms clock, 2.1+0.53/0.78/0+1.5 ms cpu, 3->4->1 MB, 4 MB goal, 0 MB stacks, 0 MB globals, 16 P
gc 2287 @37.697s 1%: 0.15+0.60+0.12 ms clock, 2.4+0.69/0.83/0+2.0 ms cpu, 3->4->2 MB, 4 MB goal, 0 MB stacks, 0 MB globals, 16 P
gc 2288 @37.698s 1%: 0.14+0.72+0.096 ms clock, 2.3+0.50/0.90/0+1.5 ms cpu, 3->4->2 MB, 4 MB goal, 0 MB stacks, 0 MB globals, 16 P
gc 2289 @37.700s 1%: 0.15+0.45+0.11 ms clock, 2.4+0.71/0.67/0.009+1.8 ms cpu, 3->4->1 MB, 4 MB goal, 0 MB stacks, 0 MB globals, 16 P
gc 2290 @37.702s 1%: 0.12+0.54+0.18 ms clock, 2.0+0.51/0.82/0.077+2.9 ms cpu, 3->4->1 MB, 4 MB goal, 0 MB stacks, 0 MB globals, 16 P
gc 2291 @37.704s 1%: 0.11+0.47+0.16 ms clock, 1.8+0.40/0.77/0+2.5 ms cpu, 3->4->1 MB, 4 MB goal, 0 MB stacks, 0 MB globals, 16 P
gc 2292 @37.705s 1%: 0.12+0.64+0.065 ms clock, 1.9+0.82/0.80/0+1.0 ms cpu, 3->4->2 MB, 4 MB goal, 0 MB stacks, 0 MB globals, 16 P
gc 2293 @37.707s 1%: 0.10+0.54+0.099 ms clock, 1.6+0.48/0.85/0.052+1.5 ms cpu, 3->4->1 MB, 4 MB goal, 0 MB stacks, 0 MB globals, 16 P
gc 2294 @37.708s 1%: 0.13+0.63+0.14 ms clock, 2.0+0.68/1.0/0+2.2 ms cpu, 3->4->1 MB, 4 MB goal, 0 MB stacks, 0 MB globals, 16 P
gc 2295 @37.710s 1%: 0.095+0.51+0.093 ms clock, 1.5+0.52/0.71/0.021+1.5 ms cpu, 3->4->1 MB, 4 MB goal, 0 MB stacks, 0 MB globals, 16 P
gc 2296 @37.712s 1%: 0.15+0.49+0.15 ms clock, 2.4+0.63/0.79/0.003+2.5 ms cpu, 3->4->1 MB, 4 MB goal, 0 MB stacks, 0 MB globals, 16 P
gc 2297 @37.713s 1%: 0.14+0.68+0.17 ms clock, 2.2+0.59/1.0/0+2.7 ms cpu, 3->4->2 MB, 4 MB goal, 0 MB stacks, 0 MB globals, 16 P
gc 2298 @37.715s 1%: 0.11+0.63+0.050 ms clock, 1.8+0.48/0.94/0+0.81 ms cpu, 3->4->1 MB, 4 MB goal, 0 MB stacks, 0 MB globals, 16 P
gc 2299 @37.717s 1%: 0.15+0.60+0.13 ms clock, 2.4+0.60/0.80/0+2.0 ms cpu, 3->4->1 MB, 4 MB goal, 0 MB stacks, 0 MB globals, 16 P
gc 2300 @37.718s 1%: 0.087+0.59+0.12 ms clock, 1.4+0.53/0.97/0+2.0 ms cpu, 3->4->1 MB, 4 MB goal, 0 MB stacks, 0 MB globals, 16 P
gc 2301 @37.720s 1%: 0.14+0.45+0.096 ms clock, 2.3+0.53/0.74/0+1.5 ms cpu, 3->4->1 MB, 4 MB goal, 0 MB stacks, 0 MB globals, 16 P
gc 2302 @37.721s 1%: 0.11+0.74+0.10 ms clock, 1.9+0.50/0.84/0.013+1.7 ms cpu, 3->4->2 MB, 4 MB goal, 0 MB stacks, 0 MB globals, 16 P
gc 2303 @37.723s 1%: 0.10+0.54+0.14 ms clock, 1.6+0.62/0.87/0.004+2.2 ms cpu, 3->4->1 MB, 4 MB goal, 0 MB stacks, 0 MB globals, 16 P
gc 2304 @37.725s 1%: 0.14+0.48+0.093 ms clock, 2.3+0.53/0.77/0.020+1.5 ms cpu, 3->4->1 MB, 4 MB goal, 0 MB stacks, 0 MB globals, 16 P
gc 2305 @37.726s 1%: 0.10+0.66+0.11 ms clock, 1.7+0.94/0.72/0+1.7 ms cpu, 3->4->2 MB, 4 MB goal, 0 MB stacks, 0 MB globals, 16 P
gc 2306 @37.728s 1%: 0.12+0.46+0.20 ms clock, 1.9+0.60/0.70/0.031+3.2 ms cpu, 3->4->1 MB, 4 MB goal, 0 MB stacks, 0 MB globals, 16 P
gc 2307 @37.730s 1%: 0.19+0.59+0.060 ms clock, 3.1+0.69/0.77/0+0.96 ms cpu, 3->4->2 MB, 4 MB goal, 0 MB stacks, 0 MB globals, 16 P
gc 2308 @37.731s 1%: 0.11+0.62+0.12 ms clock, 1.9+0.45/0.81/0.11+2.0 ms cpu, 3->4->2 MB, 4 MB goal, 0 MB stacks, 0 MB globals, 16 P
gc 2309 @37.733s 1%: 0.13+0.43+0.15 ms clock, 2.1+0.72/0.70/0+2.4 ms cpu, 3->4->1 MB, 4 MB goal, 0 MB stacks, 0 MB globals, 16 P
gc 2310 @37.735s 1%: 0.13+0.66+0.10 ms clock, 2.0+0.61/0.89/0.017+1.6 ms cpu, 3->4->2 MB, 4 MB goal, 0 MB stacks, 0 MB globals, 16 P
gc 2311 @37.736s 1%: 0.11+0.48+0.10 ms clock, 1.9+0.54/0.88/0.037+1.7 ms cpu, 3->4->1 MB, 4 MB goal, 0 MB stacks, 0 MB globals, 16 P
gc 2312 @37.738s 1%: 0.099+0.59+0.10 ms clock, 1.5+0.59/0.83/0+1.7 ms cpu, 3->4->1 MB, 4 MB goal, 0 MB stacks, 0 MB globals, 16 P
gc 2313 @37.740s 1%: 0.12+0.52+0.11 ms clock, 2.0+0.70/0.70/0+1.8 ms cpu, 3->4->1 MB, 4 MB goal, 0 MB stacks, 0 MB globals, 16 P
gc 2314 @37.741s 1%: 0.12+0.60+0.082 ms clock, 1.9+0.60/0.93/0+1.3 ms cpu, 3->4->2 MB, 4 MB goal, 0 MB stacks, 0 MB globals, 16 P
gc 2315 @37.743s 1%: 0.13+0.57+0.18 ms clock, 2.1+0.74/0.81/0+2.8 ms cpu, 3->4->2 MB, 4 MB goal, 0 MB stacks, 0 MB globals, 16 P
gc 2316 @37.745s 1%: 0.10+0.51+0.16 ms clock, 1.7+0.60/0.80/0+2.7 ms cpu, 3->4->1 MB, 4 MB goal, 0 MB stacks, 0 MB globals, 16 P
gc 2317 @37.746s 1%: 0.13+0.56+0.087 ms clock, 2.2+0.66/0.97/0+1.4 ms cpu, 3->4->1 MB, 4 MB goal, 0 MB stacks, 0 MB globals, 16 P
gc 2318 @37.748s 1%: 0.097+0.59+0.11 ms clock, 1.5+0.64/1.0/0.003+1.8 ms cpu, 3->4->1 MB, 4 MB goal, 0 MB stacks, 0 MB globals, 16 P
gc 2319 @37.749s 1%: 0.11+0.61+0.069 ms clock, 1.8+0.47/0.94/0+1.1 ms cpu, 3->4->1 MB, 4 MB goal, 0 MB stacks, 0 MB globals, 16 P
gc 2320 @37.751s 1%: 0.11+0.47+0.15 ms clock, 1.7+0.63/0.74/0.043+2.4 ms cpu, 3->4->1 MB, 4 MB goal, 0 MB stacks, 0 MB globals, 16 P
gc 2321 @37.753s 1%: 0.16+0.74+0.082 ms clock, 2.7+0.74/0.69/0.008+1.3 ms cpu, 3->4->2 MB, 4 MB goal, 0 MB stacks, 0 MB globals, 16 P
gc 2322 @37.755s 1%: 0.13+0.66+0.086 ms clock, 2.2+0.58/0.85/0+1.3 ms cpu, 3->4->2 MB, 4 MB goal, 0 MB stacks, 0 MB globals, 16 P
gc 2323 @37.756s 1%: 0.12+0.53+0.12 ms clock, 1.9+0.53/0.85/0+2.0 ms cpu, 3->4->1 MB, 4 MB goal, 0 MB stacks, 0 MB globals, 16 P
gc 2324 @37.758s 1%: 0.11+0.42+0.16 ms clock, 1.8+0.77/0.81/0+2.6 ms cpu, 3->4->1 MB, 4 MB goal, 0 MB stacks, 0 MB globals, 16 P
gc 2325 @37.759s 1%: 0.15+0.53+0.10 ms clock, 2.4+0.64/0.82/0+1.6 ms cpu, 3->3->1 MB, 4 MB goal, 0 MB stacks, 0 MB globals, 16 P
gc 2326 @37.761s 1%: 0.11+0.51+0.096 ms clock, 1.8+0.57/0.83/0.004+1.5 ms cpu, 3->4->1 MB, 4 MB goal, 0 MB stacks, 0 MB globals, 16 P
gc 2327 @37.762s 1%: 0.15+0.55+0.091 ms clock, 2.4+0.60/0.80/0+1.4 ms cpu, 3->4->1 MB, 4 MB goal, 0 MB stacks, 0 MB globals, 16 P
gc 2328 @37.764s 1%: 0.12+0.58+0.10 ms clock, 2.0+0.60/0.90/0+1.6 ms cpu, 3->4->2 MB, 4 MB goal, 0 MB stacks, 0 MB globals, 16 P
gc 2329 @37.766s 1%: 0.13+0.49+0.13 ms clock, 2.1+0.59/0.82/0+2.1 ms cpu, 3->4->1 MB, 4 MB goal, 0 MB stacks, 0 MB globals, 16 P
gc 2330 @37.768s 1%: 0.10+0.53+0.16 ms clock, 1.7+0.64/0.81/0+2.6 ms cpu, 3->4->1 MB, 4 MB goal, 0 MB stacks, 0 MB globals, 16 P
gc 2331 @37.769s 1%: 0.11+0.73+0.096 ms clock, 1.8+0.58/0.94/0.002+1.5 ms cpu, 3->4->2 MB, 4 MB goal, 0 MB stacks, 0 MB globals, 16 P
gc 2332 @37.771s 1%: 0.11+0.57+0.14 ms clock, 1.7+0.77/0.59/0.030+2.3 ms cpu, 3->4->1 MB, 4 MB goal, 0 MB stacks, 0 MB globals, 16 P
gc 2333 @37.773s 1%: 0.14+0.58+0.11 ms clock, 2.3+0.65/0.81/0+1.7 ms cpu, 3->4->2 MB, 4 MB goal, 0 MB stacks, 0 MB globals, 16 P
gc 2334 @37.774s 1%: 0.16+0.58+0.078 ms clock, 2.5+0.65/0.73/0.004+1.2 ms cpu, 3->4->1 MB, 4 MB goal, 0 MB stacks, 0 MB globals, 16 P
gc 2335 @37.776s 1%: 0.11+0.59+0.090 ms clock, 1.8+0.35/0.98/0.003+1.4 ms cpu, 3->4->1 MB, 4 MB goal, 0 MB stacks, 0 MB globals, 16 P
gc 2336 @37.777s 1%: 0.11+0.55+0.15 ms clock, 1.8+0.64/0.85/0+2.4 ms cpu, 3->4->1 MB, 4 MB goal, 0 MB stacks, 0 MB globals, 16 P
gc 2337 @37.779s 1%: 0.10+0.67+0.061 ms clock, 1.7+0.66/0.75/0.033+0.99 ms cpu, 3->4->1 MB, 4 MB goal, 0 MB stacks, 0 MB globals, 16 P
gc 2338 @37.781s 1%: 0.19+0.65+0.12 ms clock, 3.1+0.54/0.78/0.028+1.9 ms cpu, 3->4->2 MB, 4 MB goal, 0 MB stacks, 0 MB globals, 16 P
gc 2339 @37.782s 1%: 0.10+0.52+0.16 ms clock, 1.6+0.49/0.86/0+2.6 ms cpu, 3->4->1 MB, 4 MB goal, 0 MB stacks, 0 MB globals, 16 P
gc 2340 @37.784s 1%: 0.13+0.58+0.093 ms clock, 2.1+0.59/0.90/0+1.4 ms cpu, 3->4->2 MB, 4 MB goal, 0 MB stacks, 0 MB globals, 16 P
gc 2341 @37.786s 1%: 0.089+0.59+0.10 ms clock, 1.4+0.43/0.90/0+1.7 ms cpu, 3->4->1 MB, 4 MB goal, 0 MB stacks, 0 MB globals, 16 P
gc 2342 @37.787s 1%: 0.15+0.54+0.090 ms clock, 2.4+0.64/0.88/0+1.4 ms cpu, 3->4->1 MB, 4 MB goal, 0 MB stacks, 0 MB globals, 16 P
gc 2343 @37.789s 1%: 0.12+0.49+0.15 ms clock, 1.9+0.49/0.82/0+2.5 ms cpu, 3->4->1 MB, 4 MB goal, 0 MB stacks, 0 MB globals, 16 P
gc 2344 @37.791s 1%: 0.13+0.66+0.084 ms clock, 2.1+0.68/0.75/0+1.3 ms cpu, 3->4->2 MB, 4 MB goal, 0 MB stacks, 0 MB globals, 16 P
gc 2345 @37.792s 1%: 0.12+0.54+0.12 ms clock, 1.9+0.64/0.87/0.004+2.0 ms cpu, 3->4->1 MB, 4 MB goal, 0 MB stacks, 0 MB globals, 16 P
gc 2346 @37.794s 1%: 0.13+0.51+0.13 ms clock, 2.1+0.53/0.74/0+2.1 ms cpu, 3->4->1 MB, 4 MB goal, 0 MB stacks, 0 MB globals, 16 P
gc 2347 @37.796s 1%: 0.16+0.54+0.11 ms clock, 2.6+0.70/0.86/0+1.8 ms cpu, 3->4->2 MB, 4 MB goal, 0 MB stacks, 0 MB globals, 16 P
gc 2348 @37.797s 1%: 0.10+0.73+0.099 ms clock, 1.7+0.57/0.91/0+1.5 ms cpu, 3->4->2 MB, 4 MB goal, 0 MB stacks, 0 MB globals, 16 P
gc 2349 @37.799s 1%: 0.11+0.68+0.079 ms clock, 1.8+0.62/0.79/0+1.2 ms cpu, 3->4->2 MB, 4 MB goal, 0 MB stacks, 0 MB globals, 16 P
gc 2350 @37.801s 1%: 0.15+0.61+0.11 ms clock, 2.5+0.56/1.0/0+1.7 ms cpu, 3->4->2 MB, 4 MB goal, 0 MB stacks, 0 MB globals, 16 P
gc 2351 @37.803s 1%: 0.15+0.92+0.057 ms clock, 2.4+0.62/0.79/0+0.92 ms cpu, 3->4->2 MB, 4 MB goal, 0 MB stacks, 0 MB globals, 16 P
gc 2352 @37.805s 1%: 0.082+0.50+0.091 ms clock, 1.3+0.61/0.84/0+1.4 ms cpu, 3->4->1 MB, 4 MB goal, 0 MB stacks, 0 MB globals, 16 P
gc 2353 @37.806s 1%: 0.14+0.54+0.086 ms clock, 2.3+0.71/0.80/0+1.3 ms cpu, 3->4->1 MB, 4 MB goal, 0 MB stacks, 0 MB globals, 16 P
gc 2354 @37.808s 1%: 0.10+0.49+0.16 ms clock, 1.6+0.47/0.69/0.11+2.6 ms cpu, 3->4->1 MB, 4 MB goal, 0 MB stacks, 0 MB globals, 16 P
gc 2355 @37.809s 1%: 0.14+0.54+0.12 ms clock, 2.3+0.60/0.87/0.005+2.0 ms cpu, 3->4->1 MB, 4 MB goal, 0 MB stacks, 0 MB globals, 16 P
gc 2356 @37.811s 1%: 0.11+0.60+0.11 ms clock, 1.8+0.62/0.90/0.040+1.8 ms cpu, 3->4->1 MB, 4 MB goal, 0 MB stacks, 0 MB globals, 16 P
gc 2357 @37.813s 1%: 0.12+0.64+0.086 ms clock, 1.9+0.65/0.85/0.013+1.3 ms cpu, 3->4->2 MB, 4 MB goal, 0 MB stacks, 0 MB globals, 16 P
gc 2358 @37.815s 1%: 0.14+0.75+0.12 ms clock, 2.3+0.54/0.72/0.058+2.0 ms cpu, 3->4->2 MB, 4 MB goal, 0 MB stacks, 0 MB globals, 16 P
gc 2359 @37.816s 1%: 0.10+0.52+0.14 ms clock, 1.7+0.81/0.64/0+2.3 ms cpu, 3->4->1 MB, 4 MB goal, 0 MB stacks, 0 MB globals, 16 P
gc 2360 @37.818s 1%: 0.21+0.67+0.095 ms clock, 3.4+0.68/0.78/0+1.5 ms cpu, 3->4->2 MB, 4 MB goal, 0 MB stacks, 0 MB globals, 16 P
gc 2361 @37.820s 1%: 0.093+0.73+0.11 ms clock, 1.5+0.56/0.96/0.028+1.8 ms cpu, 3->4->2 MB, 4 MB goal, 0 MB stacks, 0 MB globals, 16 P
gc 2362 @37.822s 1%: 0.10+0.88+0.094 ms clock, 1.6+0.39/0.83/0.048+1.5 ms cpu, 3->4->2 MB, 4 MB goal, 0 MB stacks, 0 MB globals, 16 P
gc 2363 @37.824s 1%: 0.13+0.65+0.12 ms clock, 2.2+0.61/0.96/0.008+1.9 ms cpu, 3->4->2 MB, 4 MB goal, 0 MB stacks, 0 MB globals, 16 P
gc 2364 @37.826s 1%: 0.11+0.55+0.10 ms clock, 1.8+0.53/0.88/0.002+1.6 ms cpu, 3->4->1 MB, 4 MB goal, 0 MB stacks, 0 MB globals, 16 P
gc 2365 @37.827s 1%: 0.16+0.40+0.18 ms clock, 2.6+0.72/0.79/0.004+3.0 ms cpu, 3->4->1 MB, 4 MB goal, 0 MB stacks, 0 MB globals, 16 P
gc 2366 @37.829s 1%: 0.11+0.51+0.17 ms clock, 1.7+0.62/0.82/0+2.8 ms cpu, 3->3->1 MB, 4 MB goal, 0 MB stacks, 0 MB globals, 16 P
gc 2367 @37.830s 1%: 0.13+0.58+0.11 ms clock, 2.0+0.56/0.77/0+1.8 ms cpu, 3->4->1 MB, 4 MB goal, 0 MB stacks, 0 MB globals, 16 P
gc 2368 @37.832s 1%: 0.14+0.41+0.14 ms clock, 2.3+0.75/0.73/0+2.2 ms cpu, 3->4->1 MB, 4 MB goal, 0 MB stacks, 0 MB globals, 16 P
gc 2369 @37.833s 1%: 0.12+0.64+0.090 ms clock, 1.9+0.61/0.93/0+1.4 ms cpu, 3->4->2 MB, 4 MB goal, 0 MB stacks, 0 MB globals, 16 P
gc 2370 @37.835s 1%: 0.096+0.69+0.10 ms clock, 1.5+0.44/0.95/0.080+1.6 ms cpu, 3->4->2 MB, 4 MB goal, 0 MB stacks, 0 MB globals, 16 P
gc 2371 @37.837s 1%: 0.11+0.40+0.19 ms clock, 1.9+0.83/0.68/0+3.0 ms cpu, 3->4->1 MB, 4 MB goal, 0 MB stacks, 0 MB globals, 16 P
gc 2372 @37.838s 1%: 0.21+0.56+0.14 ms clock, 3.4+0.73/0.89/0.030+2.2 ms cpu, 3->4->2 MB, 4 MB goal, 0 MB stacks, 0 MB globals, 16 P
gc 2373 @37.840s 1%: 0.12+0.51+0.13 ms clock, 1.9+0.67/0.86/0.007+2.1 ms cpu, 3->4->1 MB, 4 MB goal, 0 MB stacks, 0 MB globals, 16 P
gc 2374 @37.842s 1%: 0.10+0.56+0.089 ms clock, 1.6+0.58/0.77/0.006+1.4 ms cpu, 3->4->1 MB, 4 MB goal, 0 MB stacks, 0 MB globals, 16 P
gc 2375 @37.843s 1%: 0.11+0.46+0.12 ms clock, 1.8+0.62/0.83/0.022+1.9 ms cpu, 3->4->1 MB, 4 MB goal, 0 MB stacks, 0 MB globals, 16 P
gc 2376 @37.845s 1%: 0.12+0.57+0.11 ms clock, 1.9+0.60/0.84/0+1.8 ms cpu, 3->4->1 MB, 4 MB goal, 0 MB stacks, 0 MB globals, 16 P
gc 2377 @37.846s 1%: 0.11+0.54+0.13 ms clock, 1.7+0.56/0.89/0+2.1 ms cpu, 3->4->1 MB, 4 MB goal, 0 MB stacks, 0 MB globals, 16 P
gc 2378 @37.848s 1%: 0.11+0.63+0.12 ms clock, 1.7+0.53/0.72/0.053+2.0 ms cpu, 3->4->1 MB, 4 MB goal, 0 MB stacks, 0 MB globals, 16 P
gc 2379 @37.850s 1%: 0.12+0.65+0.13 ms clock, 1.9+0.63/0.81/0+2.0 ms cpu, 3->4->1 MB, 4 MB goal, 0 MB stacks, 0 MB globals, 16 P
gc 2380 @37.851s 1%: 0.10+0.55+0.081 ms clock, 1.7+0.53/0.78/0+1.3 ms cpu, 3->4->1 MB, 4 MB goal, 0 MB stacks, 0 MB globals, 16 P
gc 2381 @37.853s 1%: 0.11+0.59+0.095 ms clock, 1.8+0.50/0.83/0+1.5 ms cpu, 3->4->1 MB, 4 MB goal, 0 MB stacks, 0 MB globals, 16 P
gc 2382 @37.855s 1%: 0.099+0.54+0.081 ms clock, 1.5+0.63/0.78/0.001+1.3 ms cpu, 3->4->1 MB, 4 MB goal, 0 MB stacks, 0 MB globals, 16 P
gc 2383 @37.856s 1%: 0.15+0.56+0.15 ms clock, 2.4+0.67/0.71/0+2.5 ms cpu, 3->4->1 MB, 4 MB goal, 0 MB stacks, 0 MB globals, 16 P
gc 2384 @37.858s 1%: 0.13+0.58+0.14 ms clock, 2.1+0.69/0.89/0+2.3 ms cpu, 3->4->1 MB, 4 MB goal, 0 MB stacks, 0 MB globals, 16 P
gc 2385 @37.860s 1%: 0.13+0.59+0.094 ms clock, 2.2+0.60/0.90/0+1.5 ms cpu, 3->4->2 MB, 4 MB goal, 0 MB stacks, 0 MB globals, 16 P
gc 2386 @37.861s 1%: 0.16+0.82+0.15 ms clock, 2.5+0.67/0.81/0+2.4 ms cpu, 3->4->2 MB, 4 MB goal, 0 MB stacks, 0 MB globals, 16 P
gc 2387 @37.864s 1%: 0.11+0.79+0.11 ms clock, 1.8+0.68/0.91/0+1.9 ms cpu, 4->5->2 MB, 4 MB goal, 0 MB stacks, 0 MB globals, 16 P
gc 2388 @37.866s 1%: 0.15+0.56+0.15 ms clock, 2.4+0.57/0.80/0.011+2.4 ms cpu, 3->4->1 MB, 4 MB goal, 0 MB stacks, 0 MB globals, 16 P
gc 2389 @37.867s 1%: 0.18+0.67+0.10 ms clock, 2.9+0.43/0.81/0+1.7 ms cpu, 3->4->2 MB, 4 MB goal, 0 MB stacks, 0 MB globals, 16 P
gc 2390 @37.869s 1%: 0.080+0.50+0.085 ms clock, 1.2+0.45/0.79/0+1.3 ms cpu, 3->4->1 MB, 4 MB goal, 0 MB stacks, 0 MB globals, 16 P
gc 2391 @37.870s 1%: 0.13+0.52+0.10 ms clock, 2.1+0.51/0.78/0+1.6 ms cpu, 3->4->1 MB, 4 MB goal, 0 MB stacks, 0 MB globals, 16 P
gc 2392 @37.872s 1%: 0.16+0.53+0.16 ms clock, 2.6+0.58/0.83/0.003+2.6 ms cpu, 3->4->1 MB, 4 MB goal, 0 MB stacks, 0 MB globals, 16 P
gc 2393 @37.874s 1%: 0.11+0.50+0.11 ms clock, 1.8+0.56/0.81/0+1.8 ms cpu, 3->4->1 MB, 4 MB goal, 0 MB stacks, 0 MB globals, 16 P
gc 2394 @37.875s 1%: 0.10+0.68+0.089 ms clock, 1.7+0.45/0.84/0.022+1.4 ms cpu, 3->4->1 MB, 4 MB goal, 0 MB stacks, 0 MB globals, 16 P
gc 2395 @37.877s 1%: 0.11+0.47+0.090 ms clock, 1.7+0.52/0.73/0+1.4 ms cpu, 3->4->1 MB, 4 MB goal, 0 MB stacks, 0 MB globals, 16 P
gc 2396 @37.878s 1%: 0.15+0.58+0.16 ms clock, 2.4+0.53/0.84/0+2.6 ms cpu, 3->4->2 MB, 4 MB goal, 0 MB stacks, 0 MB globals, 16 P
gc 2397 @37.880s 1%: 0.13+0.51+0.10 ms clock, 2.1+0.65/0.85/0+1.7 ms cpu, 3->4->1 MB, 4 MB goal, 0 MB stacks, 0 MB globals, 16 P
gc 2398 @37.882s 1%: 0.15+0.66+0.14 ms clock, 2.4+0.52/0.77/0+2.2 ms cpu, 3->4->2 MB, 4 MB goal, 0 MB stacks, 0 MB globals, 16 P
gc 2399 @37.884s 1%: 0.085+0.50+0.17 ms clock, 1.3+0.49/0.84/0.017+2.7 ms cpu, 3->4->1 MB, 4 MB goal, 0 MB stacks, 0 MB globals, 16 P
gc 2400 @37.885s 1%: 0.14+0.59+0.17 ms clock, 2.3+0.67/0.69/0.090+2.8 ms cpu, 3->4->1 MB, 4 MB goal, 0 MB stacks, 0 MB globals, 16 P
gc 2401 @37.887s 1%: 0.16+0.54+0.090 ms clock, 2.6+0.64/0.90/0.012+1.4 ms cpu, 3->4->1 MB, 4 MB goal, 0 MB stacks, 0 MB globals, 16 P
gc 2402 @37.889s 1%: 0.10+0.59+0.14 ms clock, 1.6+0.50/1.0/0.004+2.3 ms cpu, 3->4->1 MB, 4 MB goal, 0 MB stacks, 0 MB globals, 16 P
gc 2403 @37.890s 1%: 0.10+0.71+0.096 ms clock, 1.7+0.59/0.89/0+1.5 ms cpu, 3->4->2 MB, 4 MB goal, 0 MB stacks, 0 MB globals, 16 P
gc 2404 @37.892s 1%: 0.11+0.57+0.14 ms clock, 1.8+0.49/0.93/0.019+2.2 ms cpu, 3->4->1 MB, 4 MB goal, 0 MB stacks, 0 MB globals, 16 P
gc 2405 @37.894s 1%: 0.14+0.69+0.050 ms clock, 2.2+0.45/1.0/0+0.81 ms cpu, 3->4->2 MB, 4 MB goal, 0 MB stacks, 0 MB globals, 16 P
gc 2406 @37.896s 1%: 0.13+0.51+0.15 ms clock, 2.2+0.71/0.84/0.017+2.4 ms cpu, 3->4->1 MB, 4 MB goal, 0 MB stacks, 0 MB globals, 16 P
gc 2407 @37.897s 1%: 0.10+0.55+0.10 ms clock, 1.7+0.41/0.74/0+1.6 ms cpu, 3->3->1 MB, 4 MB goal, 0 MB stacks, 0 MB globals, 16 P
gc 2408 @37.899s 1%: 0.10+0.63+0.10 ms clock, 1.7+0.64/0.79/0.006+1.6 ms cpu, 3->4->1 MB, 4 MB goal, 0 MB stacks, 0 MB globals, 16 P
gc 2409 @37.900s 1%: 0.10+0.49+0.19 ms clock, 1.6+0.58/0.84/0.002+3.0 ms cpu, 3->4->1 MB, 4 MB goal, 0 MB stacks, 0 MB globals, 16 P
gc 2410 @37.902s 1%: 0.13+0.69+0.090 ms clock, 2.2+0.65/0.90/0+1.4 ms cpu, 3->4->2 MB, 4 MB goal, 0 MB stacks, 0 MB globals, 16 P
gc 2411 @37.904s 1%: 0.10+0.63+0.15 ms clock, 1.7+0.57/0.92/0.003+2.4 ms cpu, 3->4->2 MB, 4 MB goal, 0 MB stacks, 0 MB globals, 16 P
gc 2412 @37.905s 1%: 0.14+0.47+0.14 ms clock, 2.3+0.66/0.80/0+2.3 ms cpu, 3->4->1 MB, 4 MB goal, 0 MB stacks, 0 MB globals, 16 P
gc 2413 @37.907s 1%: 0.14+0.75+0.099 ms clock, 2.3+0.60/0.86/0+1.5 ms cpu, 3->4->2 MB, 4 MB goal, 0 MB stacks, 0 MB globals, 16 P
gc 2414 @37.909s 1%: 0.10+0.55+0.16 ms clock, 1.7+0.62/0.63/0+2.6 ms cpu, 4->4->1 MB, 4 MB goal, 0 MB stacks, 0 MB globals, 16 P
gc 2415 @37.911s 1%: 0.16+0.43+0.14 ms clock, 2.6+0.75/0.63/0+2.2 ms cpu, 3->4->1 MB, 4 MB goal, 0 MB stacks, 0 MB globals, 16 P
gc 2416 @37.912s 1%: 0.13+0.63+0.068 ms clock, 2.1+0.54/0.87/0+1.0 ms cpu, 3->4->2 MB, 4 MB goal, 0 MB stacks, 0 MB globals, 16 P
gc 2417 @37.914s 1%: 0.11+0.52+0.11 ms clock, 1.8+0.48/0.92/0.056+1.8 ms cpu, 3->4->1 MB, 4 MB goal, 0 MB stacks, 0 MB globals, 16 P
gc 2418 @37.915s 1%: 0.14+0.94+0.13 ms clock, 2.2+0.51/0.88/0.018+2.1 ms cpu, 3->4->2 MB, 4 MB goal, 0 MB stacks, 0 MB globals, 16 P
gc 2419 @37.918s 1%: 0.10+0.73+0.17 ms clock, 1.6+0.57/0.93/0+2.8 ms cpu, 4->5->2 MB, 5 MB goal, 0 MB stacks, 0 MB globals, 16 P
gc 2420 @37.920s 1%: 0.11+0.73+0.10 ms clock, 1.8+0.67/0.85/0.026+1.7 ms cpu, 3->4->2 MB, 4 MB goal, 0 MB stacks, 0 MB globals, 16 P
gc 2421 @37.922s 1%: 0.11+0.70+0.11 ms clock, 1.9+0.64/0.80/0+1.7 ms cpu, 3->4->2 MB, 4 MB goal, 0 MB stacks, 0 MB globals, 16 P
gc 2422 @37.924s 1%: 0.14+0.67+0.090 ms clock, 2.2+0.44/0.91/0.089+1.4 ms cpu, 3->4->2 MB, 4 MB goal, 0 MB stacks, 0 MB globals, 16 P
gc 2423 @37.926s 1%: 0.12+0.53+0.086 ms clock, 2.0+0.71/0.83/0+1.3 ms cpu, 3->4->1 MB, 4 MB goal, 0 MB stacks, 0 MB globals, 16 P
gc 2424 @37.927s 1%: 0.11+0.80+0.12 ms clock, 1.9+0.54/0.78/0.036+1.9 ms cpu, 3->4->2 MB, 4 MB goal, 0 MB stacks, 0 MB globals, 16 P
gc 2425 @37.929s 1%: 0.10+0.60+0.12 ms clock, 1.7+0.58/0.83/0.14+1.9 ms cpu, 3->4->1 MB, 4 MB goal, 0 MB stacks, 0 MB globals, 16 P
gc 2426 @37.931s 1%: 0.10+0.59+0.070 ms clock, 1.6+0.54/0.90/0.032+1.1 ms cpu, 3->4->2 MB, 4 MB goal, 0 MB stacks, 0 MB globals, 16 P
gc 2427 @37.932s 1%: 0.16+0.60+0.091 ms clock, 2.5+0.56/0.72/0.025+1.4 ms cpu, 3->4->1 MB, 4 MB goal, 0 MB stacks, 0 MB globals, 16 P
gc 2428 @37.934s 1%: 0.13+0.43+0.12 ms clock, 2.1+0.54/0.68/0+2.0 ms cpu, 3->4->1 MB, 4 MB goal, 0 MB stacks, 0 MB globals, 16 P
gc 2429 @37.936s 1%: 0.15+0.56+0.11 ms clock, 2.4+0.59/0.86/0+1.8 ms cpu, 3->4->1 MB, 4 MB goal, 0 MB stacks, 0 MB globals, 16 P
gc 2430 @37.937s 1%: 0.12+0.51+0.12 ms clock, 2.0+0.58/0.80/0+2.0 ms cpu, 3->4->1 MB, 4 MB goal, 0 MB stacks, 0 MB globals, 16 P
gc 2431 @37.939s 1%: 0.11+0.60+0.12 ms clock, 1.8+0.59/0.80/0.025+1.9 ms cpu, 3->4->1 MB, 4 MB goal, 0 MB stacks, 0 MB globals, 16 P
gc 2432 @37.941s 1%: 0.11+0.65+0.095 ms clock, 1.7+0.62/0.80/0+1.5 ms cpu, 3->4->1 MB, 4 MB goal, 0 MB stacks, 0 MB globals, 16 P
gc 2433 @37.942s 1%: 0.14+0.51+0.14 ms clock, 2.3+0.67/0.71/0+2.2 ms cpu, 3->4->1 MB, 4 MB goal, 0 MB stacks, 0 MB globals, 16 P
gc 2434 @37.944s 1%: 0.13+0.57+0.15 ms clock, 2.1+0.50/0.82/0+2.4 ms cpu, 3->4->1 MB, 4 MB goal, 0 MB stacks, 0 MB globals, 16 P
gc 2435 @37.946s 1%: 0.16+0.52+0.11 ms clock, 2.6+0.39/0.90/0.017+1.8 ms cpu, 3->4->1 MB, 4 MB goal, 0 MB stacks, 0 MB globals, 16 P
gc 2436 @37.947s 1%: 0.13+0.55+0.17 ms clock, 2.1+0.65/0.81/0+2.8 ms cpu, 3->4->1 MB, 4 MB goal, 0 MB stacks, 0 MB globals, 16 P
gc 2437 @37.949s 1%: 0.099+0.46+0.18 ms clock, 1.5+0.51/0.76/0.001+2.9 ms cpu, 3->4->1 MB, 4 MB goal, 0 MB stacks, 0 MB globals, 16 P
gc 2438 @37.950s 1%: 0.16+0.56+0.087 ms clock, 2.5+0.48/0.84/0+1.3 ms cpu, 3->4->1 MB, 4 MB goal, 0 MB stacks, 0 MB globals, 16 P
gc 2439 @37.952s 1%: 0.15+0.66+0.074 ms clock, 2.4+0.63/0.79/0.003+1.1 ms cpu, 3->4->2 MB, 4 MB goal, 0 MB stacks, 0 MB globals, 16 P
gc 2440 @37.954s 1%: 0.10+0.56+0.10 ms clock, 1.6+0.55/0.90/0+1.6 ms cpu, 3->4->1 MB, 4 MB goal, 0 MB stacks, 0 MB globals, 16 P
gc 2441 @37.955s 1%: 0.13+0.55+0.15 ms clock, 2.1+0.72/0.83/0+2.4 ms cpu, 3->4->1 MB, 4 MB goal, 0 MB stacks, 0 MB globals, 16 P
gc 2442 @37.957s 1%: 0.13+0.57+0.14 ms clock, 2.0+0.59/0.79/0+2.2 ms cpu, 3->4->1 MB, 4 MB goal, 0 MB stacks, 0 MB globals, 16 P
gc 2443 @37.959s 1%: 0.14+0.65+0.10 ms clock, 2.3+0.59/0.85/0.036+1.6 ms cpu, 3->4->2 MB, 4 MB goal, 0 MB stacks, 0 MB globals, 16 P
gc 2444 @37.961s 1%: 0.18+0.69+0.10 ms clock, 2.8+0.61/0.77/0+1.6 ms cpu, 3->4->2 MB, 4 MB goal, 0 MB stacks, 0 MB globals, 16 P
gc 2445 @37.963s 1%: 0.11+0.65+0.10 ms clock, 1.8+0.53/0.76/0.062+1.6 ms cpu, 3->4->1 MB, 4 MB goal, 0 MB stacks, 0 MB globals, 16 P
gc 2446 @37.964s 1%: 0.10+0.63+0.098 ms clock, 1.6+0.66/0.78/0+1.5 ms cpu, 3->4->1 MB, 4 MB goal, 0 MB stacks, 0 MB globals, 16 P
gc 2447 @37.966s 1%: 0.12+0.48+0.073 ms clock, 2.0+0.54/0.84/0+1.1 ms cpu, 3->4->1 MB, 4 MB goal, 0 MB stacks, 0 MB globals, 16 P
gc 2448 @37.968s 1%: 0.10+0.48+0.079 ms clock, 1.6+0.44/0.82/0+1.2 ms cpu, 3->3->1 MB, 4 MB goal, 0 MB stacks, 0 MB globals, 16 P
gc 2449 @37.969s 1%: 0.14+0.61+0.081 ms clock, 2.2+0.54/0.85/0+1.3 ms cpu, 3->4->1 MB, 4 MB goal, 0 MB stacks, 0 MB globals, 16 P
gc 2450 @37.971s 1%: 0.15+0.59+0.087 ms clock, 2.4+0.65/0.89/0+1.3 ms cpu, 3->4->2 MB, 4 MB goal, 0 MB stacks, 0 MB globals, 16 P
gc 2451 @37.973s 1%: 0.12+0.51+0.12 ms clock, 1.9+0.50/0.86/0+1.9 ms cpu, 3->4->1 MB, 4 MB goal, 0 MB stacks, 0 MB globals, 16 P
gc 2452 @37.974s 1%: 0.12+0.74+0.093 ms clock, 1.9+0.47/0.75/0+1.4 ms cpu, 3->4->2 MB, 4 MB goal, 0 MB stacks, 0 MB globals, 16 P
gc 2453 @37.976s 1%: 0.11+0.66+0.14 ms clock, 1.7+0.59/0.85/0.030+2.2 ms cpu, 3->4->1 MB, 4 MB goal, 0 MB stacks, 0 MB globals, 16 P
gc 2454 @37.978s 1%: 0.18+0.66+0.10 ms clock, 2.9+0.72/0.93/0+1.6 ms cpu, 3->4->2 MB, 4 MB goal, 0 MB stacks, 0 MB globals, 16 P
gc 2455 @37.980s 1%: 0.16+0.75+0.096 ms clock, 2.6+0.59/0.63/0.092+1.5 ms cpu, 3->4->1 MB, 4 MB goal, 0 MB stacks, 0 MB globals, 16 P
gc 2456 @37.981s 1%: 0.12+0.51+0.082 ms clock, 2.0+0.65/0.79/0+1.3 ms cpu, 3->4->1 MB, 4 MB goal, 0 MB stacks, 0 MB globals, 16 P
gc 2457 @37.983s 1%: 0.10+0.62+0.13 ms clock, 1.7+0.63/0.90/0+2.1 ms cpu, 3->4->1 MB, 4 MB goal, 0 MB stacks, 0 MB globals, 16 P
gc 2458 @37.985s 1%: 0.099+0.40+0.14 ms clock, 1.5+0.52/0.77/0+2.3 ms cpu, 3->4->1 MB, 4 MB goal, 0 MB stacks, 0 MB globals, 16 P
gc 2459 @37.986s 1%: 0.091+0.63+0.10 ms clock, 1.4+0.47/0.95/0.029+1.6 ms cpu, 3->4->2 MB, 4 MB goal, 0 MB stacks, 0 MB globals, 16 P
gc 2460 @37.988s 1%: 0.12+0.63+0.094 ms clock, 2.0+0.62/0.69/0.012+1.5 ms cpu, 3->4->1 MB, 4 MB goal, 0 MB stacks, 0 MB globals, 16 P
gc 2461 @37.989s 1%: 0.12+0.58+0.11 ms clock, 1.9+0.51/0.83/0.001+1.8 ms cpu, 3->4->1 MB, 4 MB goal, 0 MB stacks, 0 MB globals, 16 P
gc 2462 @37.991s 1%: 0.10+0.60+0.14 ms clock, 1.7+0.65/0.87/0.008+2.3 ms cpu, 3->4->2 MB, 4 MB goal, 0 MB stacks, 0 MB globals, 16 P
gc 2463 @37.993s 1%: 0.085+0.67+0.11 ms clock, 1.3+0.52/0.85/0+1.7 ms cpu, 3->4->1 MB, 4 MB goal, 0 MB stacks, 0 MB globals, 16 P
gc 2464 @37.995s 1%: 0.12+0.73+0.079 ms clock, 2.0+0.57/0.73/0+1.2 ms cpu, 3->4->2 MB, 4 MB goal, 0 MB stacks, 0 MB globals, 16 P
gc 2465 @37.996s 1%: 0.13+0.67+0.11 ms clock, 2.1+0.62/0.79/0+1.7 ms cpu, 3->4->2 MB, 4 MB goal, 0 MB stacks, 0 MB globals, 16 P
gc 2466 @37.998s 1%: 0.13+0.56+0.13 ms clock, 2.2+0.50/0.75/0.025+2.1 ms cpu, 3->4->1 MB, 4 MB goal, 0 MB stacks, 0 MB globals, 16 P
gc 2467 @38.000s 1%: 0.17+0.57+0.077 ms clock, 2.7+0.67/0.79/0+1.2 ms cpu, 3->4->2 MB, 4 MB goal, 0 MB stacks, 0 MB globals, 16 P
gc 2468 @38.001s 1%: 0.15+0.56+0.11 ms clock, 2.4+0.66/0.83/0+1.8 ms cpu, 3->4->2 MB, 4 MB goal, 0 MB stacks, 0 MB globals, 16 P
gc 2469 @38.003s 1%: 0.14+0.66+0.10 ms clock, 2.3+0.46/0.82/0+1.6 ms cpu, 3->4->1 MB, 4 MB goal, 0 MB stacks, 0 MB globals, 16 P
gc 2470 @38.005s 1%: 0.12+0.46+0.18 ms clock, 2.0+0.70/0.85/0+2.9 ms cpu, 3->4->1 MB, 4 MB goal, 0 MB stacks, 0 MB globals, 16 P
gc 2471 @38.006s 1%: 0.12+0.50+0.059 ms clock, 1.9+0.40/0.83/0+0.95 ms cpu, 3->4->1 MB, 4 MB goal, 0 MB stacks, 0 MB globals, 16 P
gc 2472 @38.008s 1%: 0.11+0.72+0.080 ms clock, 1.7+0.48/0.81/0.054+1.2 ms cpu, 3->4->2 MB, 4 MB goal, 0 MB stacks, 0 MB globals, 16 P
gc 2473 @38.010s 1%: 0.10+0.61+0.13 ms clock, 1.6+0.65/0.81/0.031+2.1 ms cpu, 3->4->1 MB, 4 MB goal, 0 MB stacks, 0 MB globals, 16 P
gc 2474 @38.012s 1%: 0.13+0.55+0.10 ms clock, 2.1+0.60/0.77/0+1.6 ms cpu, 3->4->1 MB, 4 MB goal, 0 MB stacks, 0 MB globals, 16 P
gc 2475 @38.013s 1%: 0.11+0.45+0.16 ms clock, 1.8+0.48/0.77/0.018+2.7 ms cpu, 3->4->1 MB, 4 MB goal, 0 MB stacks, 0 MB globals, 16 P
gc 2476 @38.015s 1%: 0.13+0.62+0.10 ms clock, 2.1+0.53/0.94/0+1.6 ms cpu, 3->4->1 MB, 4 MB goal, 0 MB stacks, 0 MB globals, 16 P
gc 2477 @38.016s 1%: 0.12+0.52+0.13 ms clock, 1.9+0.71/0.69/0+2.1 ms cpu, 3->4->1 MB, 4 MB goal, 0 MB stacks, 0 MB globals, 16 P
gc 2478 @38.018s 1%: 0.11+0.62+0.085 ms clock, 1.7+0.39/0.95/0.024+1.3 ms cpu, 3->4->2 MB, 4 MB goal, 0 MB stacks, 0 MB globals, 16 P
gc 2479 @38.020s 1%: 0.10+0.60+0.13 ms clock, 1.6+0.49/0.87/0+2.0 ms cpu, 3->4->1 MB, 4 MB goal, 0 MB stacks, 0 MB globals, 16 P
gc 2480 @38.021s 1%: 0.11+0.53+0.12 ms clock, 1.7+0.69/0.76/0.006+2.0 ms cpu, 3->4->1 MB, 4 MB goal, 0 MB stacks, 0 MB globals, 16 P
gc 2481 @38.023s 1%: 0.094+0.62+0.058 ms clock, 1.5+0.51/0.82/0+0.92 ms cpu, 3->4->1 MB, 4 MB goal, 0 MB stacks, 0 MB globals, 16 P
gc 2482 @38.025s 1%: 0.099+0.71+0.092 ms clock, 1.5+0.58/0.90/0.003+1.4 ms cpu, 3->4->2 MB, 4 MB goal, 0 MB stacks, 0 MB globals, 16 P
gc 2483 @38.026s 1%: 0.099+0.63+0.093 ms clock, 1.5+0.56/0.67/0.029+1.4 ms cpu, 3->4->1 MB, 4 MB goal, 0 MB stacks, 0 MB globals, 16 P
gc 2484 @38.028s 1%: 0.10+0.49+0.13 ms clock, 1.7+0.48/0.87/0+2.1 ms cpu, 3->4->1 MB, 4 MB goal, 0 MB stacks, 0 MB globals, 16 P
gc 2485 @38.030s 1%: 0.17+0.62+0.084 ms clock, 2.8+0.59/0.88/0.009+1.3 ms cpu, 3->4->2 MB, 4 MB goal, 0 MB stacks, 0 MB globals, 16 P
gc 2486 @38.031s 1%: 0.12+0.61+0.12 ms clock, 1.9+0.47/0.76/0.028+1.9 ms cpu, 3->4->1 MB, 4 MB goal, 0 MB stacks, 0 MB globals, 16 P
gc 2487 @38.033s 1%: 0.13+0.53+0.10 ms clock, 2.1+0.69/0.78/0.043+1.7 ms cpu, 3->4->1 MB, 4 MB goal, 0 MB stacks, 0 MB globals, 16 P
gc 2488 @38.034s 1%: 0.12+0.57+0.10 ms clock, 2.0+0.54/0.71/0+1.6 ms cpu, 3->4->1 MB, 4 MB goal, 0 MB stacks, 0 MB globals, 16 P
gc 2489 @38.036s 1%: 0.12+0.42+0.14 ms clock, 1.9+0.60/0.81/0+2.3 ms cpu, 3->4->1 MB, 4 MB goal, 0 MB stacks, 0 MB globals, 16 P
gc 2490 @38.037s 1%: 0.099+0.77+0.092 ms clock, 1.5+0.66/0.88/0.009+1.4 ms cpu, 3->4->2 MB, 4 MB goal, 0 MB stacks, 0 MB globals, 16 P
gc 2491 @38.039s 1%: 0.15+0.65+0.16 ms clock, 2.5+0.53/0.94/0+2.6 ms cpu, 3->4->2 MB, 4 MB goal, 0 MB stacks, 0 MB globals, 16 P
gc 2492 @38.041s 1%: 0.12+0.58+0.086 ms clock, 1.9+0.50/0.85/0+1.3 ms cpu, 3->4->1 MB, 4 MB goal, 0 MB stacks, 0 MB globals, 16 P
gc 2493 @38.043s 1%: 0.12+0.63+0.093 ms clock, 2.0+0.51/0.84/0+1.4 ms cpu, 3->4->1 MB, 4 MB goal, 0 MB stacks, 0 MB globals, 16 P
gc 2494 @38.044s 1%: 0.098+0.56+0.087 ms clock, 1.5+0.58/0.85/0.014+1.4 ms cpu, 3->4->1 MB, 4 MB goal, 0 MB stacks, 0 MB globals, 16 P
gc 2495 @38.046s 1%: 0.11+0.49+0.18 ms clock, 1.7+0.59/0.74/0+2.9 ms cpu, 3->4->1 MB, 4 MB goal, 0 MB stacks, 0 MB globals, 16 P
gc 2496 @38.047s 1%: 0.17+0.51+0.16 ms clock, 2.7+0.70/0.90/0+2.6 ms cpu, 3->4->1 MB, 4 MB goal, 0 MB stacks, 0 MB globals, 16 P
gc 2497 @38.049s 1%: 0.11+0.54+0.15 ms clock, 1.8+0.67/0.75/0+2.5 ms cpu, 3->4->1 MB, 4 MB goal, 0 MB stacks, 0 MB globals, 16 P
gc 2498 @38.051s 1%: 0.13+0.83+0.094 ms clock, 2.2+0.66/0.93/0.005+1.5 ms cpu, 3->4->2 MB, 4 MB goal, 0 MB stacks, 0 MB globals, 16 P
gc 2499 @38.053s 1%: 0.14+0.70+0.075 ms clock, 2.2+0.57/0.84/0+1.2 ms cpu, 4->4->2 MB, 4 MB goal, 0 MB stacks, 0 MB globals, 16 P
gc 2500 @38.055s 1%: 0.11+0.58+0.090 ms clock, 1.7+0.43/0.81/0+1.4 ms cpu, 3->4->1 MB, 4 MB goal, 0 MB stacks, 0 MB globals, 16 P
gc 2501 @38.056s 1%: 0.14+0.55+0.11 ms clock, 2.3+0.68/0.77/0+1.8 ms cpu, 3->4->1 MB, 4 MB goal, 0 MB stacks, 0 MB globals, 16 P
gc 2502 @38.058s 1%: 0.21+0.48+0.064 ms clock, 3.3+0.67/0.89/0+1.0 ms cpu, 3->4->1 MB, 4 MB goal, 0 MB stacks, 0 MB globals, 16 P
gc 2503 @38.059s 1%: 0.13+0.52+0.12 ms clock, 2.1+0.61/0.77/0.014+1.9 ms cpu, 3->4->1 MB, 4 MB goal, 0 MB stacks, 0 MB globals, 16 P
gc 2504 @38.061s 1%: 0.12+0.51+0.16 ms clock, 2.0+0.54/0.87/0.012+2.6 ms cpu, 3->4->1 MB, 4 MB goal, 0 MB stacks, 0 MB globals, 16 P
gc 2505 @38.063s 1%: 0.11+0.57+0.078 ms clock, 1.8+0.54/0.86/0+1.2 ms cpu, 3->4->1 MB, 4 MB goal, 0 MB stacks, 0 MB globals, 16 P
gc 2506 @38.064s 1%: 0.11+0.45+0.10 ms clock, 1.8+0.62/0.80/0+1.6 ms cpu, 3->4->1 MB, 4 MB goal, 0 MB stacks, 0 MB globals, 16 P
gc 2507 @38.066s 1%: 0.12+0.75+0.10 ms clock, 1.9+0.61/0.74/0+1.6 ms cpu, 3->4->2 MB, 4 MB goal, 0 MB stacks, 0 MB globals, 16 P
gc 2508 @38.067s 1%: 0.16+0.62+0.10 ms clock, 2.6+0.63/0.73/0+1.6 ms cpu, 3->4->2 MB, 4 MB goal, 0 MB stacks, 0 MB globals, 16 P
gc 2509 @38.069s 1%: 0.15+0.60+0.10 ms clock, 2.5+0.61/0.89/0+1.6 ms cpu, 3->4->2 MB, 4 MB goal, 0 MB stacks, 0 MB globals, 16 P
gc 2510 @38.071s 1%: 0.11+0.58+0.095 ms clock, 1.8+0.50/0.83/0.001+1.5 ms cpu, 3->4->1 MB, 4 MB goal, 0 MB stacks, 0 MB globals, 16 P
gc 2511 @38.073s 1%: 0.11+0.46+0.10 ms clock, 1.8+0.43/0.82/0.032+1.6 ms cpu, 3->4->1 MB, 4 MB goal, 0 MB stacks, 0 MB globals, 16 P
gc 2512 @38.074s 1%: 0.15+0.51+0.12 ms clock, 2.5+0.60/0.86/0.002+2.0 ms cpu, 3->4->1 MB, 4 MB goal, 0 MB stacks, 0 MB globals, 16 P
gc 2513 @38.076s 1%: 0.091+0.53+0.093 ms clock, 1.4+0.54/0.93/0+1.4 ms cpu, 3->4->1 MB, 4 MB goal, 0 MB stacks, 0 MB globals, 16 P
gc 2514 @38.077s 1%: 0.12+0.50+0.12 ms clock, 2.0+0.69/0.78/0.040+2.0 ms cpu, 3->4->1 MB, 4 MB goal, 0 MB stacks, 0 MB globals, 16 P
gc 2515 @38.079s 1%: 0.12+0.42+0.10 ms clock, 2.0+0.58/0.74/0.002+1.6 ms cpu, 3->4->1 MB, 4 MB goal, 0 MB stacks, 0 MB globals, 16 P
gc 2516 @38.081s 1%: 0.11+0.50+0.13 ms clock, 1.8+0.57/0.77/0.077+2.2 ms cpu, 3->4->1 MB, 4 MB goal, 0 MB stacks, 0 MB globals, 16 P
gc 2517 @38.082s 1%: 0.13+0.48+0.16 ms clock, 2.0+0.45/0.88/0.004+2.6 ms cpu, 3->4->1 MB, 4 MB goal, 0 MB stacks, 0 MB globals, 16 P
gc 2518 @38.084s 1%: 0.12+0.47+0.16 ms clock, 2.0+0.77/0.71/0+2.5 ms cpu, 3->4->1 MB, 4 MB goal, 0 MB stacks, 0 MB globals, 16 P
gc 2519 @38.085s 1%: 0.14+0.80+0.13 ms clock, 2.2+0.71/0.83/0.012+2.1 ms cpu, 3->4->2 MB, 4 MB goal, 0 MB stacks, 0 MB globals, 16 P
gc 2520 @38.087s 1%: 0.14+0.48+0.20 ms clock, 2.3+0.61/0.80/0+3.3 ms cpu, 4->4->1 MB, 4 MB goal, 0 MB stacks, 0 MB globals, 16 P
gc 2521 @38.089s 1%: 0.12+0.88+0.069 ms clock, 1.9+0.58/0.99/0.005+1.1 ms cpu, 3->4->2 MB, 4 MB goal, 0 MB stacks, 0 MB globals, 16 P
gc 2522 @38.091s 1%: 0.13+0.49+0.10 ms clock, 2.2+0.65/0.81/0+1.6 ms cpu, 4->4->1 MB, 4 MB goal, 0 MB stacks, 0 MB globals, 16 P
gc 2523 @38.093s 1%: 0.17+0.52+0.17 ms clock, 2.7+0.64/0.84/0.019+2.8 ms cpu, 3->4->1 MB, 4 MB goal, 0 MB stacks, 0 MB globals, 16 P
gc 2524 @38.094s 1%: 0.15+0.73+0.081 ms clock, 2.5+0.73/0.90/0+1.3 ms cpu, 3->4->2 MB, 4 MB goal, 0 MB stacks, 0 MB globals, 16 P
gc 2525 @38.096s 1%: 0.12+0.49+0.13 ms clock, 2.0+0.45/0.87/0.014+2.2 ms cpu, 3->4->1 MB, 4 MB goal, 0 MB stacks, 0 MB globals, 16 P
gc 2526 @38.098s 1%: 0.097+0.53+0.099 ms clock, 1.5+0.43/0.93/0+1.5 ms cpu, 3->4->1 MB, 4 MB goal, 0 MB stacks, 0 MB globals, 16 P
gc 2527 @38.099s 1%: 0.10+0.74+0.14 ms clock, 1.6+0.60/0.84/0.009+2.3 ms cpu, 3->4->2 MB, 4 MB goal, 0 MB stacks, 0 MB globals, 16 P
gc 2528 @38.101s 1%: 0.11+0.50+0.085 ms clock, 1.8+0.61/0.78/0+1.3 ms cpu, 3->4->1 MB, 4 MB goal, 0 MB stacks, 0 MB globals, 16 P
gc 2529 @38.103s 1%: 0.12+0.59+0.093 ms clock, 1.9+0.67/0.75/0+1.4 ms cpu, 3->4->1 MB, 4 MB goal, 0 MB stacks, 0 MB globals, 16 P
gc 2530 @38.104s 1%: 0.19+0.79+0.077 ms clock, 3.1+0.49/0.79/0+1.2 ms cpu, 3->4->2 MB, 4 MB goal, 0 MB stacks, 0 MB globals, 16 P
gc 2531 @38.106s 1%: 0.15+0.56+0.10 ms clock, 2.4+0.57/0.77/0+1.6 ms cpu, 3->4->1 MB, 4 MB goal, 0 MB stacks, 0 MB globals, 16 P
gc 2532 @38.108s 1%: 0.18+0.65+0.068 ms clock, 2.9+0.64/0.92/0+1.0 ms cpu, 3->4->2 MB, 4 MB goal, 0 MB stacks, 0 MB globals, 16 P
gc 2533 @38.109s 1%: 0.13+1.0+0.094 ms clock, 2.1+0.57/1.0/0.015+1.5 ms cpu, 3->4->2 MB, 4 MB goal, 0 MB stacks, 0 MB globals, 16 P
gc 2534 @38.112s 1%: 0.10+0.58+0.091 ms clock, 1.6+0.58/0.77/0+1.4 ms cpu, 4->5->1 MB, 5 MB goal, 0 MB stacks, 0 MB globals, 16 P
gc 2535 @38.114s 1%: 0.12+0.66+0.075 ms clock, 1.9+0.59/0.79/0.080+1.2 ms cpu, 3->4->2 MB, 4 MB goal, 0 MB stacks, 0 MB globals, 16 P
gc 2536 @38.115s 1%: 0.18+0.60+0.15 ms clock, 2.9+0.81/0.70/0+2.4 ms cpu, 3->4->2 MB, 4 MB goal, 0 MB stacks, 0 MB globals, 16 P
gc 2537 @38.117s 1%: 0.22+0.84+0.090 ms clock, 3.5+0.69/0.85/0+1.4 ms cpu, 3->4->2 MB, 4 MB goal, 0 MB stacks, 0 MB globals, 16 P
gc 2538 @38.119s 1%: 0.10+0.56+0.10 ms clock, 1.7+0.56/0.84/0.042+1.6 ms cpu, 4->4->1 MB, 4 MB goal, 0 MB stacks, 0 MB globals, 16 P
gc 2539 @38.121s 1%: 0.10+0.73+0.087 ms clock, 1.6+0.66/0.77/0+1.3 ms cpu, 3->4->1 MB, 4 MB goal, 0 MB stacks, 0 MB globals, 16 P
gc 2540 @38.122s 1%: 0.13+0.68+0.10 ms clock, 2.1+0.66/0.82/0.007+1.6 ms cpu, 3->4->2 MB, 4 MB goal, 0 MB stacks, 0 MB globals, 16 P
gc 2541 @38.124s 1%: 0.13+0.47+0.14 ms clock, 2.1+0.63/0.70/0.026+2.2 ms cpu, 3->4->1 MB, 4 MB goal, 0 MB stacks, 0 MB globals, 16 P
gc 2542 @38.126s 1%: 0.16+0.77+0.10 ms clock, 2.6+0.60/0.90/0+1.7 ms cpu, 3->4->2 MB, 4 MB goal, 0 MB stacks, 0 MB globals, 16 P
gc 2543 @38.128s 1%: 0.11+0.53+0.15 ms clock, 1.8+0.61/0.78/0+2.5 ms cpu, 3->4->1 MB, 4 MB goal, 0 MB stacks, 0 MB globals, 16 P
gc 2544 @38.129s 1%: 0.18+0.57+0.12 ms clock, 2.8+0.50/0.91/0.001+1.9 ms cpu, 3->4->2 MB, 4 MB goal, 0 MB stacks, 0 MB globals, 16 P
gc 2545 @38.131s 1%: 0.16+0.63+0.075 ms clock, 2.7+0.63/0.82/0+1.2 ms cpu, 3->4->2 MB, 4 MB goal, 0 MB stacks, 0 MB globals, 16 P
gc 2546 @38.133s 1%: 0.12+0.44+0.11 ms clock, 1.9+0.47/0.81/0.005+1.8 ms cpu, 3->4->1 MB, 4 MB goal, 0 MB stacks, 0 MB globals, 16 P
gc 2547 @38.134s 1%: 0.14+0.48+0.10 ms clock, 2.3+0.58/0.74/0+1.6 ms cpu, 3->4->1 MB, 4 MB goal, 0 MB stacks, 0 MB globals, 16 P
gc 2548 @38.136s 1%: 0.13+0.47+0.13 ms clock, 2.0+0.61/0.76/0.020+2.2 ms cpu, 3->4->1 MB, 4 MB goal, 0 MB stacks, 0 MB globals, 16 P
gc 2549 @38.137s 1%: 0.13+0.52+0.10 ms clock, 2.2+0.62/0.83/0+1.6 ms cpu, 3->4->1 MB, 4 MB goal, 0 MB stacks, 0 MB globals, 16 P
gc 2550 @38.139s 1%: 0.11+0.46+0.097 ms clock, 1.9+0.39/0.81/0.004+1.5 ms cpu, 3->4->1 MB, 4 MB goal, 0 MB stacks, 0 MB globals, 16 P
gc 2551 @38.140s 1%: 0.067+0.65+0.091 ms clock, 1.0+0.49/0.89/0.016+1.4 ms cpu, 3->4->1 MB, 4 MB goal, 0 MB stacks, 0 MB globals, 16 P
gc 2552 @38.142s 1%: 0.13+0.64+0.14 ms clock, 2.0+0.53/0.70/0.021+2.3 ms cpu, 3->4->1 MB, 4 MB goal, 0 MB stacks, 0 MB globals, 16 P
gc 2553 @38.144s 1%: 0.19+0.49+0.12 ms clock, 3.0+0.63/0.79/0+2.0 ms cpu, 3->4->1 MB, 4 MB goal, 0 MB stacks, 0 MB globals, 16 P
gc 2554 @38.145s 1%: 0.10+0.62+0.19 ms clock, 1.6+0.48/0.91/0+3.0 ms cpu, 3->4->1 MB, 4 MB goal, 0 MB stacks, 0 MB globals, 16 P
gc 2555 @38.147s 1%: 0.18+0.57+0.10 ms clock, 2.8+0.72/0.79/0+1.6 ms cpu, 3->4->2 MB, 4 MB goal, 0 MB stacks, 0 MB globals, 16 P
gc 2556 @38.149s 1%: 0.11+0.73+0.071 ms clock, 1.8+0.58/0.84/0.017+1.1 ms cpu, 3->4->2 MB, 4 MB goal, 0 MB stacks, 0 MB globals, 16 P
gc 2557 @38.151s 1%: 0.12+0.62+0.14 ms clock, 1.9+0.58/0.82/0.037+2.2 ms cpu, 3->4->1 MB, 4 MB goal, 0 MB stacks, 0 MB globals, 16 P
gc 2558 @38.152s 1%: 0.14+0.64+0.12 ms clock, 2.2+0.75/0.82/0.008+2.0 ms cpu, 3->4->2 MB, 4 MB goal, 0 MB stacks, 0 MB globals, 16 P
gc 2559 @38.154s 1%: 0.11+0.57+0.14 ms clock, 1.8+0.53/0.80/0.008+2.2 ms cpu, 3->4->2 MB, 4 MB goal, 0 MB stacks, 0 MB globals, 16 P
gc 2560 @38.156s 1%: 0.13+0.55+0.13 ms clock, 2.1+0.70/0.82/0+2.0 ms cpu, 3->4->1 MB, 4 MB goal, 0 MB stacks, 0 MB globals, 16 P
gc 2561 @38.158s 1%: 0.10+0.75+0.092 ms clock, 1.7+0.55/0.88/0.006+1.4 ms cpu, 3->4->2 MB, 4 MB goal, 0 MB stacks, 0 MB globals, 16 P
gc 2562 @38.160s 1%: 0.093+0.49+0.17 ms clock, 1.4+0.61/0.71/0+2.7 ms cpu, 3->4->1 MB, 4 MB goal, 0 MB stacks, 0 MB globals, 16 P
gc 2563 @38.161s 1%: 0.15+0.55+0.14 ms clock, 2.5+0.62/0.89/0+2.3 ms cpu, 3->4->1 MB, 4 MB goal, 0 MB stacks, 0 MB globals, 16 P
gc 2564 @38.163s 1%: 0.12+0.50+0.10 ms clock, 1.9+0.74/0.78/0.007+1.6 ms cpu, 3->4->1 MB, 4 MB goal, 0 MB stacks, 0 MB globals, 16 P
gc 2565 @38.164s 1%: 0.10+0.55+0.087 ms clock, 1.6+0.54/0.81/0.013+1.3 ms cpu, 3->4->1 MB, 4 MB goal, 0 MB stacks, 0 MB globals, 16 P
gc 2566 @38.166s 1%: 0.12+0.60+0.078 ms clock, 2.0+0.61/0.80/0+1.2 ms cpu, 3->4->1 MB, 4 MB goal, 0 MB stacks, 0 MB globals, 16 P
gc 2567 @38.167s 1%: 0.12+0.60+0.078 ms clock, 2.0+0.48/0.89/0+1.2 ms cpu, 3->4->1 MB, 4 MB goal, 0 MB stacks, 0 MB globals, 16 P
gc 2568 @38.169s 1%: 0.094+0.55+0.11 ms clock, 1.5+0.50/0.77/0+1.7 ms cpu, 3->4->1 MB, 4 MB goal, 0 MB stacks, 0 MB globals, 16 P
gc 2569 @38.171s 1%: 0.15+0.61+0.10 ms clock, 2.5+0.53/0.92/0+1.6 ms cpu, 3->4->2 MB, 4 MB goal, 0 MB stacks, 0 MB globals, 16 P
gc 2570 @38.173s 1%: 0.16+0.53+0.15 ms clock, 2.5+0.54/0.78/0+2.5 ms cpu, 3->4->1 MB, 4 MB goal, 0 MB stacks, 0 MB globals, 16 P
gc 2571 @38.174s 1%: 0.11+0.66+0.086 ms clock, 1.7+0.59/0.94/0.009+1.3 ms cpu, 3->4->2 MB, 4 MB goal, 0 MB stacks, 0 MB globals, 16 P
gc 2572 @38.176s 1%: 0.14+0.58+0.082 ms clock, 2.2+0.44/0.97/0.003+1.3 ms cpu, 3->4->2 MB, 4 MB goal, 0 MB stacks, 0 MB globals, 16 P
gc 2573 @38.178s 1%: 0.13+0.69+0.099 ms clock, 2.1+0.49/0.93/0+1.5 ms cpu, 3->4->2 MB, 4 MB goal, 0 MB stacks, 0 MB globals, 16 P
gc 2574 @38.180s 1%: 0.087+0.46+0.14 ms clock, 1.4+0.52/0.82/0+2.3 ms cpu, 3->4->1 MB, 4 MB goal, 0 MB stacks, 0 MB globals, 16 P
gc 2575 @38.181s 1%: 0.11+0.49+0.11 ms clock, 1.8+0.50/0.81/0.042+1.8 ms cpu, 3->3->1 MB, 4 MB goal, 0 MB stacks, 0 MB globals, 16 P
gc 2576 @38.182s 1%: 0.10+0.74+0.068 ms clock, 1.7+0.48/0.86/0.036+1.0 ms cpu, 3->4->2 MB, 4 MB goal, 0 MB stacks, 0 MB globals, 16 P
gc 2577 @38.184s 1%: 0.17+0.58+0.11 ms clock, 2.8+0.62/0.67/0.058+1.7 ms cpu, 3->4->1 MB, 4 MB goal, 0 MB stacks, 0 MB globals, 16 P
gc 2578 @38.186s 1%: 0.17+0.74+0.098 ms clock, 2.8+0.73/0.65/0+1.5 ms cpu, 3->4->2 MB, 4 MB goal, 0 MB stacks, 0 MB globals, 16 P
gc 2579 @38.188s 1%: 0.12+0.69+0.11 ms clock, 2.0+0.60/0.89/0+1.7 ms cpu, 3->4->2 MB, 4 MB goal, 0 MB stacks, 0 MB globals, 16 P
gc 2580 @38.190s 1%: 0.086+0.43+0.11 ms clock, 1.3+0.51/0.81/0+1.9 ms cpu, 3->4->1 MB, 4 MB goal, 0 MB stacks, 0 MB globals, 16 P
gc 2581 @38.191s 1%: 0.12+0.59+0.10 ms clock, 2.0+0.43/0.90/0.005+1.6 ms cpu, 3->4->1 MB, 4 MB goal, 0 MB stacks, 0 MB globals, 16 P
gc 2582 @38.193s 1%: 0.10+0.73+0.075 ms clock, 1.6+0.62/0.86/0+1.2 ms cpu, 3->4->2 MB, 4 MB goal, 0 MB stacks, 0 MB globals, 16 P
gc 2583 @38.195s 1%: 0.11+0.72+0.083 ms clock, 1.7+0.52/0.99/0.050+1.3 ms cpu, 3->4->2 MB, 4 MB goal, 0 MB stacks, 0 MB globals, 16 P
gc 2584 @38.197s 1%: 0.11+0.44+0.13 ms clock, 1.7+0.60/0.81/0.001+2.1 ms cpu, 3->4->1 MB, 4 MB goal, 0 MB stacks, 0 MB globals, 16 P
gc 2585 @38.198s 1%: 0.10+0.60+0.099 ms clock, 1.6+0.44/0.84/0.003+1.5 ms cpu, 3->3->1 MB, 4 MB goal, 0 MB stacks, 0 MB globals, 16 P
gc 2586 @38.200s 1%: 0.15+0.54+0.14 ms clock, 2.4+0.61/0.81/0.032+2.3 ms cpu, 3->4->1 MB, 4 MB goal, 0 MB stacks, 0 MB globals, 16 P
gc 2587 @38.201s 1%: 0.18+0.66+0.089 ms clock, 2.9+0.63/0.81/0+1.4 ms cpu, 3->4->2 MB, 4 MB goal, 0 MB stacks, 0 MB globals, 16 P
gc 2588 @38.203s 1%: 0.11+0.48+0.070 ms clock, 1.9+0.53/0.79/0+1.1 ms cpu, 3->4->1 MB, 4 MB goal, 0 MB stacks, 0 MB globals, 16 P
gc 2589 @38.205s 1%: 0.10+0.52+0.056 ms clock, 1.7+0.60/0.75/0.024+0.90 ms cpu, 3->4->1 MB, 4 MB goal, 0 MB stacks, 0 MB globals, 16 P
gc 2590 @38.206s 1%: 0.13+0.65+0.10 ms clock, 2.1+0.57/0.94/0+1.6 ms cpu, 3->4->1 MB, 4 MB goal, 0 MB stacks, 0 MB globals, 16 P
gc 2591 @38.208s 1%: 0.11+0.53+0.11 ms clock, 1.8+0.66/0.86/0+1.9 ms cpu, 3->4->1 MB, 4 MB goal, 0 MB stacks, 0 MB globals, 16 P
gc 2592 @38.209s 1%: 0.12+0.60+0.12 ms clock, 1.9+0.42/0.97/0.003+1.9 ms cpu, 3->4->1 MB, 4 MB goal, 0 MB stacks, 0 MB globals, 16 P
gc 2593 @38.211s 1%: 0.10+0.51+0.095 ms clock, 1.7+0.56/0.83/0.008+1.5 ms cpu, 3->4->1 MB, 4 MB goal, 0 MB stacks, 0 MB globals, 16 P
gc 2594 @38.213s 1%: 0.12+0.54+0.11 ms clock, 2.0+0.60/0.80/0+1.8 ms cpu, 3->4->1 MB, 4 MB goal, 0 MB stacks, 0 MB globals, 16 P
gc 2595 @38.214s 1%: 0.12+0.51+0.083 ms clock, 2.0+0.56/0.77/0+1.3 ms cpu, 3->4->1 MB, 4 MB goal, 0 MB stacks, 0 MB globals, 16 P
gc 2596 @38.216s 1%: 0.16+0.54+0.10 ms clock, 2.5+0.59/0.82/0+1.6 ms cpu, 3->4->1 MB, 4 MB goal, 0 MB stacks, 0 MB globals, 16 P
gc 2597 @38.217s 1%: 0.15+0.63+0.18 ms clock, 2.5+0.59/0.77/0.008+2.9 ms cpu, 3->4->2 MB, 4 MB goal, 0 MB stacks, 0 MB globals, 16 P
gc 2598 @38.219s 1%: 0.11+0.50+0.10 ms clock, 1.8+0.58/0.71/0.10+1.7 ms cpu, 3->4->1 MB, 4 MB goal, 0 MB stacks, 0 MB globals, 16 P
gc 2599 @38.221s 1%: 0.13+0.60+0.11 ms clock, 2.2+0.70/0.62/0+1.8 ms cpu, 3->4->1 MB, 4 MB goal, 0 MB stacks, 0 MB globals, 16 P
gc 2600 @38.222s 1%: 0.11+0.43+0.092 ms clock, 1.8+0.54/0.78/0.001+1.4 ms cpu, 3->4->1 MB, 4 MB goal, 0 MB stacks, 0 MB globals, 16 P
gc 2601 @38.224s 1%: 0.11+0.47+0.16 ms clock, 1.8+0.61/0.79/0+2.7 ms cpu, 3->3->1 MB, 4 MB goal, 0 MB stacks, 0 MB globals, 16 P
gc 2602 @38.225s 1%: 0.12+0.72+0.065 ms clock, 2.0+0.51/0.86/0+1.0 ms cpu, 3->4->2 MB, 4 MB goal, 0 MB stacks, 0 MB globals, 16 P
gc 2603 @38.227s 1%: 0.10+0.60+0.054 ms clock, 1.7+0.53/0.80/0.001+0.87 ms cpu, 3->4->1 MB, 4 MB goal, 0 MB stacks, 0 MB globals, 16 P
gc 2604 @38.229s 1%: 0.10+0.61+0.088 ms clock, 1.7+0.56/0.87/0.040+1.4 ms cpu, 3->4->1 MB, 4 MB goal, 0 MB stacks, 0 MB globals, 16 P
gc 2605 @38.230s 1%: 0.13+0.68+0.10 ms clock, 2.2+0.56/0.92/0+1.6 ms cpu, 3->4->2 MB, 4 MB goal, 0 MB stacks, 0 MB globals, 16 P
gc 2606 @38.232s 1%: 0.083+0.50+0.16 ms clock, 1.3+0.48/0.71/0.13+2.7 ms cpu, 3->4->1 MB, 4 MB goal, 0 MB stacks, 0 MB globals, 16 P
gc 2607 @38.234s 1%: 0.23+0.66+0.14 ms clock, 3.7+0.67/0.93/0+2.3 ms cpu, 3->4->2 MB, 4 MB goal, 0 MB stacks, 0 MB globals, 16 P
gc 2608 @38.236s 1%: 0.13+0.56+0.096 ms clock, 2.0+0.47/0.85/0+1.5 ms cpu, 4->4->1 MB, 5 MB goal, 0 MB stacks, 0 MB globals, 16 P
gc 2609 @38.237s 1%: 0.15+0.52+0.16 ms clock, 2.4+0.71/0.83/0+2.7 ms cpu, 3->4->1 MB, 4 MB goal, 0 MB stacks, 0 MB globals, 16 P
gc 2610 @38.239s 1%: 0.17+0.50+0.18 ms clock, 2.7+0.73/0.75/0.006+2.9 ms cpu, 3->4->1 MB, 4 MB goal, 0 MB stacks, 0 MB globals, 16 P
gc 2611 @38.240s 1%: 0.12+0.55+0.12 ms clock, 2.0+0.63/0.91/0+1.9 ms cpu, 3->4->2 MB, 4 MB goal, 0 MB stacks, 0 MB globals, 16 P
gc 2612 @38.242s 1%: 0.11+0.69+0.10 ms clock, 1.9+0.65/0.82/0.012+1.6 ms cpu, 3->4->2 MB, 4 MB goal, 0 MB stacks, 0 MB globals, 16 P
gc 2613 @38.244s 1%: 0.071+0.54+0.11 ms clock, 1.1+0.55/0.77/0+1.8 ms cpu, 3->4->1 MB, 4 MB goal, 0 MB stacks, 0 MB globals, 16 P
gc 2614 @38.245s 1%: 0.12+0.74+0.11 ms clock, 2.0+0.63/0.71/0.032+1.7 ms cpu, 3->4->2 MB, 4 MB goal, 0 MB stacks, 0 MB globals, 16 P
gc 2615 @38.247s 1%: 0.11+0.78+0.098 ms clock, 1.8+0.47/0.81/0+1.5 ms cpu, 3->4->1 MB, 4 MB goal, 0 MB stacks, 0 MB globals, 16 P
gc 2616 @38.249s 1%: 0.12+0.63+0.086 ms clock, 1.9+0.52/0.81/0+1.3 ms cpu, 3->4->1 MB, 4 MB goal, 0 MB stacks, 0 MB globals, 16 P
gc 2617 @38.250s 1%: 0.11+0.61+0.13 ms clock, 1.7+0.71/0.65/0.013+2.1 ms cpu, 3->4->1 MB, 4 MB goal, 0 MB stacks, 0 MB globals, 16 P
gc 2618 @38.252s 1%: 0.13+0.62+0.088 ms clock, 2.1+0.58/0.90/0+1.4 ms cpu, 3->4->1 MB, 4 MB goal, 0 MB stacks, 0 MB globals, 16 P
gc 2619 @38.254s 1%: 0.10+0.56+0.10 ms clock, 1.6+0.61/0.78/0.004+1.6 ms cpu, 3->4->1 MB, 4 MB goal, 0 MB stacks, 0 MB globals, 16 P
gc 2620 @38.255s 1%: 0.17+0.68+0.057 ms clock, 2.8+0.54/0.76/0.016+0.92 ms cpu, 3->4->2 MB, 4 MB goal, 0 MB stacks, 0 MB globals, 16 P
gc 2621 @38.257s 1%: 0.12+0.54+0.15 ms clock, 1.9+0.50/0.88/0+2.4 ms cpu, 3->4->1 MB, 4 MB goal, 0 MB stacks, 0 MB globals, 16 P
gc 2622 @38.259s 1%: 0.12+0.73+0.13 ms clock, 1.9+0.67/0.71/0+2.1 ms cpu, 3->4->2 MB, 4 MB goal, 0 MB stacks, 0 MB globals, 16 P
gc 2623 @38.261s 1%: 0.12+0.62+0.16 ms clock, 1.9+0.54/0.85/0+2.5 ms cpu, 3->4->1 MB, 4 MB goal, 0 MB stacks, 0 MB globals, 16 P
gc 2624 @38.263s 1%: 0.15+0.62+0.10 ms clock, 2.5+0.69/0.88/0+1.6 ms cpu, 3->4->2 MB, 4 MB goal, 0 MB stacks, 0 MB globals, 16 P
gc 2625 @38.264s 1%: 0.090+0.67+0.10 ms clock, 1.4+0.54/0.69/0.065+1.6 ms cpu, 3->4->1 MB, 4 MB goal, 0 MB stacks, 0 MB globals, 16 P
gc 2626 @38.266s 1%: 0.15+0.49+0.16 ms clock, 2.4+0.83/0.81/0+2.7 ms cpu, 3->4->1 MB, 4 MB goal, 0 MB stacks, 0 MB globals, 16 P
gc 2627 @38.268s 1%: 0.10+0.53+0.090 ms clock, 1.7+0.63/0.88/0+1.4 ms cpu, 3->4->1 MB, 4 MB goal, 0 MB stacks, 0 MB globals, 16 P
gc 2628 @38.269s 1%: 0.14+0.53+0.16 ms clock, 2.2+0.65/0.78/0+2.6 ms cpu, 3->4->1 MB, 4 MB goal, 0 MB stacks, 0 MB globals, 16 P
gc 2629 @38.271s 1%: 0.14+0.46+0.10 ms clock, 2.3+0.52/0.80/0.015+1.6 ms cpu, 3->4->1 MB, 4 MB goal, 0 MB stacks, 0 MB globals, 16 P
gc 2630 @38.273s 1%: 0.12+0.80+0.096 ms clock, 2.0+0.43/0.90/0+1.5 ms cpu, 3->4->2 MB, 4 MB goal, 0 MB stacks, 0 MB globals, 16 P
gc 2631 @38.275s 1%: 0.11+0.58+0.11 ms clock, 1.8+0.54/0.76/0.020+1.7 ms cpu, 4->4->1 MB, 4 MB goal, 0 MB stacks, 0 MB globals, 16 P
gc 2632 @38.276s 1%: 0.098+0.51+0.078 ms clock, 1.5+0.53/0.90/0+1.2 ms cpu, 3->4->1 MB, 4 MB goal, 0 MB stacks, 0 MB globals, 16 P
gc 2633 @38.278s 1%: 0.10+0.48+0.16 ms clock, 1.6+0.59/0.83/0.028+2.6 ms cpu, 3->4->1 MB, 4 MB goal, 0 MB stacks, 0 MB globals, 16 P
gc 2634 @38.279s 1%: 0.11+0.61+0.13 ms clock, 1.7+0.63/0.81/0.007+2.1 ms cpu, 3->4->2 MB, 4 MB goal, 0 MB stacks, 0 MB globals, 16 P
gc 2635 @38.281s 1%: 0.11+0.69+0.13 ms clock, 1.7+0.52/0.88/0.024+2.1 ms cpu, 3->4->2 MB, 4 MB goal, 0 MB stacks, 0 MB globals, 16 P
gc 2636 @38.283s 1%: 0.18+0.67+0.12 ms clock, 2.8+0.61/0.77/0+1.9 ms cpu, 3->4->2 MB, 4 MB goal, 0 MB stacks, 0 MB globals, 16 P
gc 2637 @38.285s 1%: 0.11+0.60+0.086 ms clock, 1.8+0.48/0.85/0+1.3 ms cpu, 3->4->1 MB, 4 MB goal, 0 MB stacks, 0 MB globals, 16 P
gc 2638 @38.287s 1%: 0.15+0.45+0.11 ms clock, 2.5+0.66/0.81/0+1.7 ms cpu, 3->4->1 MB, 4 MB goal, 0 MB stacks, 0 MB globals, 16 P
gc 2639 @38.288s 1%: 0.14+0.51+0.10 ms clock, 2.2+0.73/0.75/0+1.7 ms cpu, 3->4->1 MB, 4 MB goal, 0 MB stacks, 0 MB globals, 16 P
gc 2640 @38.290s 1%: 0.10+0.69+0.073 ms clock, 1.6+0.53/0.92/0+1.1 ms cpu, 3->4->1 MB, 4 MB goal, 0 MB stacks, 0 MB globals, 16 P
gc 2641 @38.292s 1%: 0.16+0.51+0.098 ms clock, 2.6+0.63/0.73/0+1.5 ms cpu, 3->4->2 MB, 4 MB goal, 0 MB stacks, 0 MB globals, 16 P
gc 2642 @38.293s 1%: 0.11+0.59+0.086 ms clock, 1.8+0.53/0.83/0+1.3 ms cpu, 3->4->1 MB, 4 MB goal, 0 MB stacks, 0 MB globals, 16 P
gc 2643 @38.295s 1%: 0.15+0.46+0.099 ms clock, 2.4+0.65/0.81/0+1.5 ms cpu, 3->4->1 MB, 4 MB goal, 0 MB stacks, 0 MB globals, 16 P
gc 2644 @38.296s 1%: 0.10+0.56+0.082 ms clock, 1.6+0.62/0.84/0+1.3 ms cpu, 3->4->1 MB, 4 MB goal, 0 MB stacks, 0 MB globals, 16 P
gc 2645 @38.298s 1%: 0.14+0.65+0.087 ms clock, 2.2+0.61/0.83/0.001+1.4 ms cpu, 3->4->1 MB, 4 MB goal, 0 MB stacks, 0 MB globals, 16 P
gc 2646 @38.300s 1%: 0.18+0.56+0.15 ms clock, 3.0+0.48/0.91/0+2.4 ms cpu, 3->4->2 MB, 4 MB goal, 0 MB stacks, 0 MB globals, 16 P
gc 2647 @38.302s 1%: 0.14+0.46+0.12 ms clock, 2.2+0.62/0.76/0.001+2.0 ms cpu, 3->4->1 MB, 4 MB goal, 0 MB stacks, 0 MB globals, 16 P
gc 2648 @38.303s 1%: 0.18+0.55+0.11 ms clock, 2.9+0.77/0.64/0+1.7 ms cpu, 3->4->1 MB, 4 MB goal, 0 MB stacks, 0 MB globals, 16 P
gc 2649 @38.305s 1%: 0.12+0.86+0.086 ms clock, 2.0+0.74/0.95/0.040+1.3 ms cpu, 3->4->2 MB, 4 MB goal, 0 MB stacks, 0 MB globals, 16 P
gc 2650 @38.307s 1%: 0.11+0.57+0.089 ms clock, 1.8+0.44/0.91/0+1.4 ms cpu, 3->4->1 MB, 4 MB goal, 0 MB stacks, 0 MB globals, 16 P
gc 2651 @38.308s 1%: 0.15+0.52+0.096 ms clock, 2.4+0.66/0.80/0+1.5 ms cpu, 3->4->1 MB, 4 MB goal, 0 MB stacks, 0 MB globals, 16 P
gc 2652 @38.310s 1%: 0.11+0.67+0.058 ms clock, 1.8+0.73/0.77/0+0.94 ms cpu, 3->4->2 MB, 4 MB goal, 0 MB stacks, 0 MB globals, 16 P
gc 2653 @38.312s 1%: 0.12+0.55+0.20 ms clock, 1.9+0.61/0.78/0.005+3.2 ms cpu, 3->4->2 MB, 4 MB goal, 0 MB stacks, 0 MB globals, 16 P
gc 2654 @38.314s 1%: 0.099+0.62+0.10 ms clock, 1.5+0.43/0.81/0.050+1.7 ms cpu, 3->4->1 MB, 4 MB goal, 0 MB stacks, 0 MB globals, 16 P
gc 2655 @38.315s 1%: 0.11+0.51+0.079 ms clock, 1.8+0.48/0.77/0.055+1.2 ms cpu, 3->4->1 MB, 4 MB goal, 0 MB stacks, 0 MB globals, 16 P
gc 2656 @38.317s 1%: 0.20+0.53+0.21 ms clock, 3.3+0.64/0.75/0.031+3.4 ms cpu, 3->3->1 MB, 4 MB goal, 0 MB stacks, 0 MB globals, 16 P
gc 2657 @38.318s 1%: 0.13+0.54+0.12 ms clock, 2.1+0.62/0.87/0+1.9 ms cpu, 3->4->1 MB, 4 MB goal, 0 MB stacks, 0 MB globals, 16 P
gc 2658 @38.320s 1%: 0.11+0.47+0.18 ms clock, 1.8+0.72/0.71/0+2.9 ms cpu, 3->4->1 MB, 4 MB goal, 0 MB stacks, 0 MB globals, 16 P
gc 2659 @38.321s 1%: 0.14+0.52+0.16 ms clock, 2.3+0.69/0.72/0.014+2.6 ms cpu, 3->4->1 MB, 4 MB goal, 0 MB stacks, 0 MB globals, 16 P
gc 2660 @38.323s 1%: 0.13+0.69+0.081 ms clock, 2.0+0.58/0.82/0+1.3 ms cpu, 3->4->2 MB, 4 MB goal, 0 MB stacks, 0 MB globals, 16 P
gc 2661 @38.325s 1%: 0.10+0.81+0.063 ms clock, 1.6+0.50/0.86/0.057+1.0 ms cpu, 3->4->2 MB, 4 MB goal, 0 MB stacks, 0 MB globals, 16 P
gc 2662 @38.327s 1%: 0.13+0.52+0.14 ms clock, 2.1+0.71/0.88/0.006+2.3 ms cpu, 3->4->2 MB, 4 MB goal, 0 MB stacks, 0 MB globals, 16 P
gc 2663 @38.328s 1%: 0.12+0.45+0.13 ms clock, 2.0+0.64/0.68/0.033+2.2 ms cpu, 3->4->1 MB, 4 MB goal, 0 MB stacks, 0 MB globals, 16 P
gc 2664 @38.330s 1%: 0.14+0.66+0.099 ms clock, 2.2+0.61/0.74/0.010+1.5 ms cpu, 3->4->2 MB, 4 MB goal, 0 MB stacks, 0 MB globals, 16 P
gc 2665 @38.332s 1%: 0.15+0.54+0.20 ms clock, 2.4+0.63/0.79/0.013+3.2 ms cpu, 3->4->2 MB, 4 MB goal, 0 MB stacks, 0 MB globals, 16 P
gc 2666 @38.333s 1%: 0.12+0.42+0.16 ms clock, 1.9+0.64/0.82/0+2.5 ms cpu, 3->4->1 MB, 4 MB goal, 0 MB stacks, 0 MB globals, 16 P
gc 2667 @38.335s 1%: 0.12+0.54+0.14 ms clock, 1.9+0.51/0.89/0+2.3 ms cpu, 3->4->1 MB, 4 MB goal, 0 MB stacks, 0 MB globals, 16 P
gc 2668 @38.336s 1%: 0.17+0.54+0.10 ms clock, 2.7+0.45/0.78/0+1.6 ms cpu, 3->4->2 MB, 4 MB goal, 0 MB stacks, 0 MB globals, 16 P
gc 2669 @38.338s 1%: 0.11+0.43+0.18 ms clock, 1.8+0.71/0.76/0+3.0 ms cpu, 3->4->1 MB, 4 MB goal, 0 MB stacks, 0 MB globals, 16 P
gc 2670 @38.339s 1%: 0.12+0.63+0.19 ms clock, 1.9+0.45/0.98/0+3.0 ms cpu, 3->4->2 MB, 4 MB goal, 0 MB stacks, 0 MB globals, 16 P
gc 2671 @38.341s 1%: 0.13+0.51+0.076 ms clock, 2.1+0.63/0.75/0.004+1.2 ms cpu, 3->4->1 MB, 4 MB goal, 0 MB stacks, 0 MB globals, 16 P
gc 2672 @38.343s 1%: 0.14+0.54+0.099 ms clock, 2.3+0.50/0.81/0+1.5 ms cpu, 3->4->1 MB, 4 MB goal, 0 MB stacks, 0 MB globals, 16 P
gc 2673 @38.344s 1%: 0.13+0.49+0.10 ms clock, 2.1+0.47/0.79/0.062+1.6 ms cpu, 3->4->1 MB, 4 MB goal, 0 MB stacks, 0 MB globals, 16 P
gc 2674 @38.346s 1%: 0.10+0.52+0.15 ms clock, 1.6+0.63/0.78/0.022+2.4 ms cpu, 3->3->1 MB, 4 MB goal, 0 MB stacks, 0 MB globals, 16 P
gc 2675 @38.347s 1%: 0.14+0.58+0.096 ms clock, 2.3+0.49/0.92/0+1.5 ms cpu, 3->4->1 MB, 4 MB goal, 0 MB stacks, 0 MB globals, 16 P
gc 2676 @38.349s 1%: 0.12+0.74+0.098 ms clock, 1.9+0.66/0.64/0.059+1.5 ms cpu, 3->4->2 MB, 4 MB goal, 0 MB stacks, 0 MB globals, 16 P
gc 2677 @38.351s 1%: 0.10+0.71+0.12 ms clock, 1.6+0.56/0.75/0+1.9 ms cpu, 3->4->2 MB, 4 MB goal, 0 MB stacks, 0 MB globals, 16 P
gc 2678 @38.353s 1%: 0.18+0.48+0.12 ms clock, 2.9+0.68/0.76/0+1.9 ms cpu, 3->4->1 MB, 4 MB goal, 0 MB stacks, 0 MB globals, 16 P
gc 2679 @38.354s 1%: 0.098+0.53+0.13 ms clock, 1.5+0.49/0.85/0+2.2 ms cpu, 3->4->1 MB, 4 MB goal, 0 MB stacks, 0 MB globals, 16 P
gc 2680 @38.356s 1%: 0.11+0.52+0.11 ms clock, 1.8+0.66/0.84/0+1.7 ms cpu, 3->4->1 MB, 4 MB goal, 0 MB stacks, 0 MB globals, 16 P
gc 2681 @38.357s 1%: 0.10+0.59+0.090 ms clock, 1.6+0.51/0.94/0+1.4 ms cpu, 3->4->1 MB, 4 MB goal, 0 MB stacks, 0 MB globals, 16 P
gc 2682 @38.359s 1%: 0.17+0.52+0.093 ms clock, 2.7+0.55/0.85/0+1.4 ms cpu, 3->4->1 MB, 4 MB goal, 0 MB stacks, 0 MB globals, 16 P
gc 2683 @38.361s 1%: 0.13+0.71+0.051 ms clock, 2.1+0.44/0.93/0.004+0.82 ms cpu, 3->4->2 MB, 4 MB goal, 0 MB stacks, 0 MB globals, 16 P
gc 2684 @38.363s 1%: 0.098+0.53+0.18 ms clock, 1.5+0.69/0.66/0+2.8 ms cpu, 3->4->1 MB, 4 MB goal, 0 MB stacks, 0 MB globals, 16 P
gc 2685 @38.364s 1%: 0.15+0.56+0.14 ms clock, 2.4+0.59/0.85/0+2.3 ms cpu, 3->4->2 MB, 4 MB goal, 0 MB stacks, 0 MB globals, 16 P
gc 2686 @38.366s 1%: 0.11+0.55+0.086 ms clock, 1.8+0.54/0.81/0+1.3 ms cpu, 3->4->1 MB, 4 MB goal, 0 MB stacks, 0 MB globals, 16 P
gc 2687 @38.367s 1%: 0.10+0.55+0.091 ms clock, 1.7+0.49/0.69/0.069+1.4 ms cpu, 3->4->1 MB, 4 MB goal, 0 MB stacks, 0 MB globals, 16 P
gc 2688 @38.369s 1%: 0.12+0.64+0.10 ms clock, 2.0+0.68/0.92/0.001+1.7 ms cpu, 3->4->2 MB, 4 MB goal, 0 MB stacks, 0 MB globals, 16 P
gc 2689 @38.371s 1%: 0.17+0.46+0.14 ms clock, 2.7+0.61/0.87/0+2.3 ms cpu, 3->4->1 MB, 4 MB goal, 0 MB stacks, 0 MB globals, 16 P
gc 2690 @38.372s 1%: 0.15+0.61+0.089 ms clock, 2.4+0.60/0.86/0+1.4 ms cpu, 3->4->2 MB, 4 MB goal, 0 MB stacks, 0 MB globals, 16 P
gc 2691 @38.374s 1%: 0.097+0.60+0.12 ms clock, 1.5+0.42/0.82/0+1.9 ms cpu, 3->4->2 MB, 4 MB goal, 0 MB stacks, 0 MB globals, 16 P
gc 2692 @38.376s 1%: 0.12+0.54+0.087 ms clock, 1.9+0.63/0.79/0.016+1.4 ms cpu, 3->4->1 MB, 4 MB goal, 0 MB stacks, 0 MB globals, 16 P
gc 2693 @38.378s 1%: 0.099+0.75+0.10 ms clock, 1.5+0.53/0.98/0.017+1.6 ms cpu, 3->4->2 MB, 4 MB goal, 0 MB stacks, 0 MB globals, 16 P
gc 2694 @38.380s 1%: 0.13+0.66+0.080 ms clock, 2.2+0.73/0.76/0+1.2 ms cpu, 3->4->2 MB, 4 MB goal, 0 MB stacks, 0 MB globals, 16 P
gc 2695 @38.381s 1%: 0.13+0.56+0.084 ms clock, 2.1+0.48/0.92/0.005+1.3 ms cpu, 3->4->1 MB, 4 MB goal, 0 MB stacks, 0 MB globals, 16 P
gc 2696 @38.383s 1%: 0.11+0.48+0.13 ms clock, 1.8+0.60/0.71/0+2.1 ms cpu, 3->4->1 MB, 4 MB goal, 0 MB stacks, 0 MB globals, 16 P
gc 2697 @38.385s 1%: 0.18+0.83+0.099 ms clock, 2.9+0.45/0.83/0.077+1.5 ms cpu, 3->4->2 MB, 4 MB goal, 0 MB stacks, 0 MB globals, 16 P
gc 2698 @38.387s 1%: 0.10+0.62+0.070 ms clock, 1.6+0.58/0.77/0+1.1 ms cpu, 4->4->1 MB, 4 MB goal, 0 MB stacks, 0 MB globals, 16 P
gc 2699 @38.388s 1%: 0.12+0.69+0.10 ms clock, 2.0+0.59/0.81/0.032+1.7 ms cpu, 3->4->2 MB, 4 MB goal, 0 MB stacks, 0 MB globals, 16 P
gc 2700 @38.390s 1%: 0.12+0.56+0.070 ms clock, 1.9+0.52/0.84/0+1.1 ms cpu, 3->4->1 MB, 4 MB goal, 0 MB stacks, 0 MB globals, 16 P
gc 2701 @38.392s 1%: 0.14+0.58+0.095 ms clock, 2.3+0.64/0.87/0+1.5 ms cpu, 3->4->2 MB, 4 MB goal, 0 MB stacks, 0 MB globals, 16 P
gc 2702 @38.394s 1%: 0.17+0.83+0.082 ms clock, 2.8+0.41/0.84/0+1.3 ms cpu, 3->4->2 MB, 4 MB goal, 0 MB stacks, 0 MB globals, 16 P
gc 2703 @38.396s 1%: 0.14+0.50+0.11 ms clock, 2.3+0.63/0.70/0+1.9 ms cpu, 3->4->1 MB, 4 MB goal, 0 MB stacks, 0 MB globals, 16 P
gc 2704 @38.397s 1%: 0.12+0.75+0.098 ms clock, 2.0+0.58/1.0/0+1.5 ms cpu, 3->4->2 MB, 4 MB goal, 0 MB stacks, 0 MB globals, 16 P
gc 2705 @38.399s 1%: 0.093+0.49+0.11 ms clock, 1.4+0.38/0.82/0+1.8 ms cpu, 3->4->1 MB, 4 MB goal, 0 MB stacks, 0 MB globals, 16 P
gc 2706 @38.400s 1%: 0.15+0.76+0.087 ms clock, 2.5+0.63/0.80/0.003+1.4 ms cpu, 3->4->2 MB, 4 MB goal, 0 MB stacks, 0 MB globals, 16 P
gc 2707 @38.403s 1%: 0.15+0.52+0.097 ms clock, 2.4+0.73/0.77/0+1.5 ms cpu, 4->4->1 MB, 4 MB goal, 0 MB stacks, 0 MB globals, 16 P
gc 2708 @38.404s 1%: 0.16+0.63+0.11 ms clock, 2.5+0.62/0.87/0+1.8 ms cpu, 3->4->2 MB, 4 MB goal, 0 MB stacks, 0 MB globals, 16 P
gc 2709 @38.406s 1%: 0.12+0.49+0.10 ms clock, 1.9+0.54/0.76/0+1.6 ms cpu, 3->4->1 MB, 4 MB goal, 0 MB stacks, 0 MB globals, 16 P
gc 2710 @38.407s 1%: 0.13+0.82+0.098 ms clock, 2.2+0.59/0.71/0+1.5 ms cpu, 3->4->2 MB, 4 MB goal, 0 MB stacks, 0 MB globals, 16 P
gc 2711 @38.409s 1%: 0.11+0.66+0.12 ms clock, 1.7+0.70/0.74/0+2.0 ms cpu, 3->4->2 MB, 4 MB goal, 0 MB stacks, 0 MB globals, 16 P
gc 2712 @38.411s 1%: 0.13+0.64+0.087 ms clock, 2.1+0.63/0.68/0+1.3 ms cpu, 3->4->1 MB, 4 MB goal, 0 MB stacks, 0 MB globals, 16 P
gc 2713 @38.413s 1%: 0.14+0.53+0.094 ms clock, 2.3+0.69/0.79/0+1.5 ms cpu, 3->4->1 MB, 4 MB goal, 0 MB stacks, 0 MB globals, 16 P
gc 2714 @38.414s 1%: 0.16+0.53+0.10 ms clock, 2.6+0.50/0.86/0+1.6 ms cpu, 3->4->1 MB, 4 MB goal, 0 MB stacks, 0 MB globals, 16 P
gc 2715 @38.416s 1%: 0.14+0.66+0.066 ms clock, 2.3+0.51/0.88/0+1.0 ms cpu, 3->4->1 MB, 4 MB goal, 0 MB stacks, 0 MB globals, 16 P
gc 2716 @38.418s 1%: 0.13+0.51+0.12 ms clock, 2.1+0.57/0.73/0.021+2.0 ms cpu, 3->4->1 MB, 4 MB goal, 0 MB stacks, 0 MB globals, 16 P
gc 2717 @38.419s 1%: 0.15+0.59+0.11 ms clock, 2.4+0.56/0.78/0.008+1.8 ms cpu, 3->4->2 MB, 4 MB goal, 0 MB stacks, 0 MB globals, 16 P
gc 2718 @38.421s 1%: 0.14+0.76+0.10 ms clock, 2.3+0.51/0.84/0+1.7 ms cpu, 3->4->2 MB, 4 MB goal, 0 MB stacks, 0 MB globals, 16 P
gc 2719 @38.423s 1%: 0.12+0.73+0.091 ms clock, 1.9+0.66/0.84/0+1.4 ms cpu, 3->4->2 MB, 4 MB goal, 0 MB stacks, 0 MB globals, 16 P
gc 2720 @38.425s 1%: 0.12+0.50+0.11 ms clock, 2.0+0.60/0.75/0+1.9 ms cpu, 3->4->1 MB, 4 MB goal, 0 MB stacks, 0 MB globals, 16 P
gc 2721 @38.426s 1%: 0.10+0.84+0.058 ms clock, 1.7+0.52/0.79/0+0.94 ms cpu, 3->4->2 MB, 4 MB goal, 0 MB stacks, 0 MB globals, 16 P
gc 2722 @38.428s 1%: 0.10+0.62+0.061 ms clock, 1.7+0.50/0.77/0+0.98 ms cpu, 3->4->1 MB, 4 MB goal, 0 MB stacks, 0 MB globals, 16 P
gc 2723 @38.430s 1%: 0.10+0.61+0.071 ms clock, 1.7+0.61/0.81/0.019+1.1 ms cpu, 3->4->2 MB, 4 MB goal, 0 MB stacks, 0 MB globals, 16 P
gc 2724 @38.432s 1%: 0.15+0.51+0.12 ms clock, 2.4+0.60/0.91/0.037+1.9 ms cpu, 3->4->1 MB, 4 MB goal, 0 MB stacks, 0 MB globals, 16 P
gc 2725 @38.433s 1%: 0.18+0.52+0.11 ms clock, 2.9+0.65/0.89/0.037+1.8 ms cpu, 3->4->2 MB, 4 MB goal, 0 MB stacks, 0 MB globals, 16 P
gc 2726 @38.435s 1%: 0.12+0.55+0.082 ms clock, 1.9+0.66/0.71/0+1.3 ms cpu, 3->4->1 MB, 4 MB goal, 0 MB stacks, 0 MB globals, 16 P
gc 2727 @38.436s 1%: 0.16+0.57+0.10 ms clock, 2.5+0.52/0.85/0+1.6 ms cpu, 3->4->2 MB, 4 MB goal, 0 MB stacks, 0 MB globals, 16 P
gc 2728 @38.438s 1%: 0.15+0.56+0.082 ms clock, 2.5+0.62/0.85/0.016+1.3 ms cpu, 3->4->1 MB, 4 MB goal, 0 MB stacks, 0 MB globals, 16 P
gc 2729 @38.440s 1%: 0.10+0.55+0.11 ms clock, 1.6+0.68/0.68/0.048+1.8 ms cpu, 3->4->1 MB, 4 MB goal, 0 MB stacks, 0 MB globals, 16 P
gc 2730 @38.441s 1%: 0.13+0.75+0.083 ms clock, 2.1+0.54/0.90/0+1.3 ms cpu, 3->4->2 MB, 4 MB goal, 0 MB stacks, 0 MB globals, 16 P
gc 2731 @38.443s 1%: 0.094+0.54+0.11 ms clock, 1.5+0.64/0.81/0+1.8 ms cpu, 3->4->1 MB, 4 MB goal, 0 MB stacks, 0 MB globals, 16 P
gc 2732 @38.445s 1%: 0.081+0.52+0.088 ms clock, 1.3+0.48/0.80/0+1.4 ms cpu, 3->4->1 MB, 4 MB goal, 0 MB stacks, 0 MB globals, 16 P
gc 2733 @38.446s 1%: 0.11+0.54+0.075 ms clock, 1.8+0.56/0.79/0+1.2 ms cpu, 3->3->1 MB, 4 MB goal, 0 MB stacks, 0 MB globals, 16 P
gc 2734 @38.448s 1%: 0.10+0.69+0.14 ms clock, 1.6+0.63/0.93/0.015+2.3 ms cpu, 3->4->2 MB, 4 MB goal, 0 MB stacks, 0 MB globals, 16 P
gc 2735 @38.450s 1%: 0.11+0.52+0.12 ms clock, 1.8+0.46/0.83/0.091+2.0 ms cpu, 3->4->1 MB, 4 MB goal, 0 MB stacks, 0 MB globals, 16 P
gc 2736 @38.451s 1%: 0.15+0.49+0.10 ms clock, 2.5+0.51/0.80/0+1.7 ms cpu, 3->4->1 MB, 4 MB goal, 0 MB stacks, 0 MB globals, 16 P
gc 2737 @38.453s 1%: 0.14+0.54+0.10 ms clock, 2.2+0.63/0.82/0+1.6 ms cpu, 3->4->1 MB, 4 MB goal, 0 MB stacks, 0 MB globals, 16 P
gc 2738 @38.455s 1%: 0.086+0.61+0.081 ms clock, 1.3+0.52/0.82/0.012+1.3 ms cpu, 3->4->1 MB, 4 MB goal, 0 MB stacks, 0 MB globals, 16 P
gc 2739 @38.456s 1%: 0.12+0.53+0.083 ms clock, 1.9+0.43/0.96/0+1.3 ms cpu, 3->4->1 MB, 4 MB goal, 0 MB stacks, 0 MB globals, 16 P
gc 2740 @38.458s 1%: 0.080+0.63+0.16 ms clock, 1.2+0.54/0.83/0+2.6 ms cpu, 3->4->2 MB, 4 MB goal, 0 MB stacks, 0 MB globals, 16 P
gc 2741 @38.459s 1%: 0.097+0.50+0.082 ms clock, 1.5+0.52/0.76/0.077+1.3 ms cpu, 3->4->1 MB, 4 MB goal, 0 MB stacks, 0 MB globals, 16 P
gc 2742 @38.461s 1%: 0.12+0.51+0.089 ms clock, 1.9+0.58/0.86/0+1.4 ms cpu, 3->4->1 MB, 4 MB goal, 0 MB stacks, 0 MB globals, 16 P
gc 2743 @38.463s 1%: 0.16+0.61+0.083 ms clock, 2.6+0.60/0.93/0.004+1.3 ms cpu, 3->4->2 MB, 4 MB goal, 0 MB stacks, 0 MB globals, 16 P
gc 2744 @38.464s 1%: 0.10+0.46+0.21 ms clock, 1.6+0.51/0.82/0.039+3.5 ms cpu, 3->4->1 MB, 4 MB goal, 0 MB stacks, 0 MB globals, 16 P
gc 2745 @38.466s 1%: 0.14+0.62+0.048 ms clock, 2.3+0.75/0.72/0+0.78 ms cpu, 3->4->1 MB, 4 MB goal, 0 MB stacks, 0 MB globals, 16 P
gc 2746 @38.467s 1%: 0.11+0.60+0.073 ms clock, 1.8+0.56/0.89/0+1.1 ms cpu, 3->4->2 MB, 4 MB goal, 0 MB stacks, 0 MB globals, 16 P
gc 2747 @38.469s 1%: 0.11+0.47+0.093 ms clock, 1.8+0.52/0.86/0+1.4 ms cpu, 3->4->1 MB, 4 MB goal, 0 MB stacks, 0 MB globals, 16 P
gc 2748 @38.471s 1%: 0.12+0.63+0.065 ms clock, 2.0+0.49/0.86/0+1.0 ms cpu, 3->4->2 MB, 4 MB goal, 0 MB stacks, 0 MB globals, 16 P
gc 2749 @38.472s 1%: 0.12+0.69+0.083 ms clock, 1.9+0.56/0.77/0+1.3 ms cpu, 3->4->2 MB, 4 MB goal, 0 MB stacks, 0 MB globals, 16 P
gc 2750 @38.474s 1%: 0.11+0.69+0.10 ms clock, 1.9+0.55/0.86/0.010+1.6 ms cpu, 3->4->2 MB, 4 MB goal, 0 MB stacks, 0 MB globals, 16 P
gc 2751 @38.476s 1%: 0.17+0.49+0.10 ms clock, 2.8+0.56/0.88/0+1.7 ms cpu, 3->4->1 MB, 4 MB goal, 0 MB stacks, 0 MB globals, 16 P
gc 2752 @38.478s 1%: 0.11+0.49+0.15 ms clock, 1.8+0.70/0.71/0.015+2.4 ms cpu, 3->4->1 MB, 4 MB goal, 0 MB stacks, 0 MB globals, 16 P
gc 2753 @38.479s 1%: 0.13+0.74+0.083 ms clock, 2.1+0.47/0.88/0.037+1.3 ms cpu, 3->4->2 MB, 4 MB goal, 0 MB stacks, 0 MB globals, 16 P
gc 2754 @38.481s 1%: 0.16+0.69+0.089 ms clock, 2.7+0.68/0.76/0+1.4 ms cpu, 3->4->2 MB, 4 MB goal, 0 MB stacks, 0 MB globals, 16 P
gc 2755 @38.483s 1%: 0.13+0.78+0.089 ms clock, 2.1+0.64/0.89/0.012+1.4 ms cpu, 3->4->2 MB, 4 MB goal, 0 MB stacks, 0 MB globals, 16 P
gc 2756 @38.485s 1%: 0.11+0.52+0.10 ms clock, 1.8+0.58/0.82/0.006+1.6 ms cpu, 3->4->1 MB, 4 MB goal, 0 MB stacks, 0 MB globals, 16 P
gc 2757 @38.486s 1%: 0.12+0.59+0.10 ms clock, 2.0+0.74/0.73/0.002+1.7 ms cpu, 3->4->1 MB, 4 MB goal, 0 MB stacks, 0 MB globals, 16 P
gc 2758 @38.488s 1%: 0.13+0.62+0.096 ms clock, 2.2+0.60/0.75/0.018+1.5 ms cpu, 3->4->2 MB, 4 MB goal, 0 MB stacks, 0 MB globals, 16 P
gc 2759 @38.490s 1%: 0.13+0.61+0.10 ms clock, 2.1+0.60/0.83/0+1.6 ms cpu, 3->4->2 MB, 4 MB goal, 0 MB stacks, 0 MB globals, 16 P
gc 2760 @38.492s 1%: 0.13+0.58+0.093 ms clock, 2.0+0.54/0.77/0+1.4 ms cpu, 3->4->1 MB, 4 MB goal, 0 MB stacks, 0 MB globals, 16 P
gc 2761 @38.493s 1%: 0.13+0.57+0.068 ms clock, 2.2+0.64/0.79/0+1.1 ms cpu, 3->4->1 MB, 4 MB goal, 0 MB stacks, 0 MB globals, 16 P
gc 2762 @38.495s 1%: 0.11+0.48+0.15 ms clock, 1.7+0.58/0.77/0+2.4 ms cpu, 3->4->1 MB, 4 MB goal, 0 MB stacks, 0 MB globals, 16 P
gc 2763 @38.497s 1%: 0.17+0.74+0.13 ms clock, 2.8+0.53/0.88/0.002+2.1 ms cpu, 3->4->2 MB, 4 MB goal, 0 MB stacks, 0 MB globals, 16 P
gc 2764 @38.499s 1%: 0.11+0.48+0.20 ms clock, 1.9+0.55/0.86/0.009+3.2 ms cpu, 4->4->1 MB, 4 MB goal, 0 MB stacks, 0 MB globals, 16 P
gc 2765 @38.500s 1%: 0.10+0.75+0.12 ms clock, 1.7+0.59/0.87/0+2.0 ms cpu, 3->4->2 MB, 4 MB goal, 0 MB stacks, 0 MB globals, 16 P
gc 2766 @38.502s 1%: 0.15+0.61+0.072 ms clock, 2.5+0.53/0.82/0+1.1 ms cpu, 3->4->2 MB, 4 MB goal, 0 MB stacks, 0 MB globals, 16 P
gc 2767 @38.504s 1%: 0.15+0.59+0.082 ms clock, 2.4+0.54/0.74/0.051+1.3 ms cpu, 3->4->1 MB, 4 MB goal, 0 MB stacks, 0 MB globals, 16 P
gc 2768 @38.506s 1%: 0.14+0.60+0.067 ms clock, 2.3+0.51/0.71/0+1.0 ms cpu, 3->4->1 MB, 4 MB goal, 0 MB stacks, 0 MB globals, 16 P
gc 2769 @38.507s 1%: 0.14+0.60+0.11 ms clock, 2.3+0.68/0.74/0+1.7 ms cpu, 3->4->1 MB, 4 MB goal, 0 MB stacks, 0 MB globals, 16 P
gc 2770 @38.509s 1%: 0.16+0.54+0.11 ms clock, 2.6+0.58/0.72/0.003+1.8 ms cpu, 3->4->1 MB, 4 MB goal, 0 MB stacks, 0 MB globals, 16 P
gc 2771 @38.510s 1%: 0.11+0.67+0.090 ms clock, 1.8+0.62/0.74/0+1.4 ms cpu, 3->4->2 MB, 4 MB goal, 0 MB stacks, 0 MB globals, 16 P
gc 2772 @38.513s 1%: 0.11+0.69+0.10 ms clock, 1.8+0.63/0.87/0.002+1.6 ms cpu, 4->5->2 MB, 5 MB goal, 0 MB stacks, 0 MB globals, 16 P
gc 2773 @38.514s 1%: 0.13+0.56+0.14 ms clock, 2.2+0.58/0.87/0.007+2.2 ms cpu, 3->4->2 MB, 4 MB goal, 0 MB stacks, 0 MB globals, 16 P
gc 2774 @38.516s 1%: 0.11+0.60+0.11 ms clock, 1.8+0.59/0.78/0.020+1.8 ms cpu, 3->4->1 MB, 4 MB goal, 0 MB stacks, 0 MB globals, 16 P
gc 2775 @38.518s 1%: 0.17+0.64+0.11 ms clock, 2.8+0.55/0.80/0+1.7 ms cpu, 3->4->2 MB, 4 MB goal, 0 MB stacks, 0 MB globals, 16 P
gc 2776 @38.520s 1%: 0.13+0.51+0.14 ms clock, 2.2+0.60/0.76/0.012+2.3 ms cpu, 3->4->1 MB, 4 MB goal, 0 MB stacks, 0 MB globals, 16 P
gc 2777 @38.521s 1%: 0.14+0.61+0.084 ms clock, 2.2+0.52/0.79/0.001+1.3 ms cpu, 3->4->1 MB, 4 MB goal, 0 MB stacks, 0 MB globals, 16 P
gc 2778 @38.523s 1%: 0.14+0.53+0.050 ms clock, 2.3+0.55/0.75/0+0.80 ms cpu, 3->4->1 MB, 4 MB goal, 0 MB stacks, 0 MB globals, 16 P
gc 2779 @38.525s 1%: 0.12+0.50+0.070 ms clock, 1.9+0.59/0.80/0+1.1 ms cpu, 3->4->1 MB, 4 MB goal, 0 MB stacks, 0 MB globals, 16 P
gc 2780 @38.526s 1%: 0.10+0.57+0.14 ms clock, 1.7+0.56/0.73/0+2.3 ms cpu, 3->4->1 MB, 4 MB goal, 0 MB stacks, 0 MB globals, 16 P
gc 2781 @38.528s 1%: 0.12+0.53+0.11 ms clock, 2.0+0.50/0.80/0+1.8 ms cpu, 3->4->1 MB, 4 MB goal, 0 MB stacks, 0 MB globals, 16 P
gc 2782 @38.529s 1%: 0.10+0.50+0.10 ms clock, 1.6+0.52/0.84/0.012+1.6 ms cpu, 3->4->1 MB, 4 MB goal, 0 MB stacks, 0 MB globals, 16 P
gc 2783 @38.531s 1%: 0.13+0.55+0.057 ms clock, 2.1+0.42/0.82/0+0.91 ms cpu, 3->4->1 MB, 4 MB goal, 0 MB stacks, 0 MB globals, 16 P
gc 2784 @38.532s 1%: 0.11+0.71+0.12 ms clock, 1.7+0.55/0.76/0.019+1.9 ms cpu, 3->4->2 MB, 4 MB goal, 0 MB stacks, 0 MB globals, 16 P
gc 2785 @38.534s 1%: 0.10+0.58+0.090 ms clock, 1.6+0.38/0.80/0+1.4 ms cpu, 3->4->1 MB, 4 MB goal, 0 MB stacks, 0 MB globals, 16 P
gc 2786 @38.536s 1%: 0.15+0.66+0.10 ms clock, 2.5+0.60/0.97/0.007+1.6 ms cpu, 3->4->2 MB, 4 MB goal, 0 MB stacks, 0 MB globals, 16 P
gc 2787 @38.538s 1%: 0.12+0.56+0.083 ms clock, 1.9+0.52/0.80/0+1.3 ms cpu, 3->4->1 MB, 4 MB goal, 0 MB stacks, 0 MB globals, 16 P
gc 2788 @38.539s 1%: 0.12+0.53+0.13 ms clock, 2.0+0.50/0.84/0+2.0 ms cpu, 3->4->1 MB, 4 MB goal, 0 MB stacks, 0 MB globals, 16 P
gc 2789 @38.541s 1%: 0.13+0.62+0.12 ms clock, 2.1+0.78/0.70/0.031+1.9 ms cpu, 3->4->2 MB, 4 MB goal, 0 MB stacks, 0 MB globals, 16 P
gc 2790 @38.543s 1%: 0.13+0.62+0.11 ms clock, 2.1+0.52/0.82/0+1.8 ms cpu, 3->4->2 MB, 4 MB goal, 0 MB stacks, 0 MB globals, 16 P
gc 2791 @38.545s 1%: 0.16+0.47+0.10 ms clock, 2.6+0.61/0.78/0.030+1.6 ms cpu, 3->4->1 MB, 4 MB goal, 0 MB stacks, 0 MB globals, 16 P
gc 2792 @38.546s 1%: 0.17+0.59+0.11 ms clock, 2.7+0.47/0.90/0+1.8 ms cpu, 3->4->2 MB, 4 MB goal, 0 MB stacks, 0 MB globals, 16 P
gc 2793 @38.548s 1%: 0.14+0.50+0.094 ms clock, 2.3+0.67/0.88/0.036+1.5 ms cpu, 3->4->1 MB, 4 MB goal, 0 MB stacks, 0 MB globals, 16 P
gc 2794 @38.549s 1%: 0.12+0.50+0.13 ms clock, 2.0+0.56/0.83/0+2.2 ms cpu, 3->4->1 MB, 4 MB goal, 0 MB stacks, 0 MB globals, 16 P
gc 2795 @38.551s 1%: 0.082+0.55+0.16 ms clock, 1.3+0.56/0.85/0+2.6 ms cpu, 3->4->1 MB, 4 MB goal, 0 MB stacks, 0 MB globals, 16 P
gc 2796 @38.553s 1%: 0.15+0.56+0.10 ms clock, 2.4+0.61/0.83/0+1.6 ms cpu, 3->4->2 MB, 4 MB goal, 0 MB stacks, 0 MB globals, 16 P
gc 2797 @38.555s 1%: 0.12+0.49+0.19 ms clock, 2.0+0.65/0.79/0.003+3.1 ms cpu, 3->4->1 MB, 4 MB goal, 0 MB stacks, 0 MB globals, 16 P
gc 2798 @38.556s 1%: 0.10+0.62+0.16 ms clock, 1.6+0.55/0.75/0.007+2.6 ms cpu, 3->4->1 MB, 4 MB goal, 0 MB stacks, 0 MB globals, 16 P
gc 2799 @38.558s 1%: 0.13+0.54+0.095 ms clock, 2.1+0.63/0.88/0.065+1.5 ms cpu, 3->4->1 MB, 4 MB goal, 0 MB stacks, 0 MB globals, 16 P
gc 2800 @38.559s 1%: 0.14+0.65+0.11 ms clock, 2.3+0.68/0.73/0.012+1.9 ms cpu, 3->4->2 MB, 4 MB goal, 0 MB stacks, 0 MB globals, 16 P
gc 2801 @38.561s 1%: 0.13+0.77+0.087 ms clock, 2.0+0.62/0.77/0+1.3 ms cpu, 3->4->2 MB, 4 MB goal, 0 MB stacks, 0 MB globals, 16 P
gc 2802 @38.563s 1%: 0.14+0.59+0.079 ms clock, 2.3+0.47/0.72/0.030+1.2 ms cpu, 3->4->1 MB, 4 MB goal, 0 MB stacks, 0 MB globals, 16 P
gc 2803 @38.565s 1%: 0.13+0.60+0.073 ms clock, 2.1+0.57/0.85/0.003+1.1 ms cpu, 3->4->1 MB, 4 MB goal, 0 MB stacks, 0 MB globals, 16 P
gc 2804 @38.567s 1%: 0.092+0.75+0.066 ms clock, 1.4+0.60/0.80/0+1.0 ms cpu, 3->4->2 MB, 4 MB goal, 0 MB stacks, 0 MB globals, 16 P
gc 2805 @38.568s 1%: 0.11+0.46+0.13 ms clock, 1.7+0.44/0.75/0.039+2.1 ms cpu, 3->4->1 MB, 4 MB goal, 0 MB stacks, 0 MB globals, 16 P
gc 2806 @38.570s 1%: 0.11+0.55+0.12 ms clock, 1.8+0.60/0.84/0+2.0 ms cpu, 3->3->1 MB, 4 MB goal, 0 MB stacks, 0 MB globals, 16 P
gc 2807 @38.571s 1%: 0.18+0.58+0.21 ms clock, 2.9+0.64/0.83/0+3.3 ms cpu, 3->4->1 MB, 4 MB goal, 0 MB stacks, 0 MB globals, 16 P
gc 2808 @38.573s 1%: 0.14+0.59+0.10 ms clock, 2.3+0.67/0.81/0+1.6 ms cpu, 3->4->2 MB, 4 MB goal, 0 MB stacks, 0 MB globals, 16 P
gc 2809 @38.575s 1%: 0.10+0.49+0.10 ms clock, 1.7+0.46/0.80/0+1.6 ms cpu, 3->4->1 MB, 4 MB goal, 0 MB stacks, 0 MB globals, 16 P
gc 2810 @38.576s 1%: 0.13+0.54+0.096 ms clock, 2.2+0.49/0.88/0+1.5 ms cpu, 3->4->1 MB, 4 MB goal, 0 MB stacks, 0 MB globals, 16 P
gc 2811 @38.578s 1%: 0.11+0.61+0.11 ms clock, 1.8+0.66/0.85/0+1.8 ms cpu, 3->4->2 MB, 4 MB goal, 0 MB stacks, 0 MB globals, 16 P
gc 2812 @38.580s 1%: 0.13+0.59+0.059 ms clock, 2.1+0.62/0.83/0.003+0.95 ms cpu, 3->4->1 MB, 4 MB goal, 0 MB stacks, 0 MB globals, 16 P
gc 2813 @38.581s 1%: 0.15+0.58+0.13 ms clock, 2.4+0.73/0.92/0.010+2.0 ms cpu, 3->4->2 MB, 4 MB goal, 0 MB stacks, 0 MB globals, 16 P
gc 2814 @38.583s 1%: 0.10+0.55+0.16 ms clock, 1.6+0.51/0.81/0+2.5 ms cpu, 3->4->1 MB, 4 MB goal, 0 MB stacks, 0 MB globals, 16 P
gc 2815 @38.585s 1%: 0.10+0.58+0.086 ms clock, 1.7+0.59/0.85/0+1.3 ms cpu, 3->4->1 MB, 4 MB goal, 0 MB stacks, 0 MB globals, 16 P
gc 2816 @38.587s 1%: 0.10+0.54+0.059 ms clock, 1.6+0.39/0.94/0+0.95 ms cpu, 3->4->1 MB, 4 MB goal, 0 MB stacks, 0 MB globals, 16 P
gc 2817 @38.588s 1%: 0.11+0.65+0.073 ms clock, 1.9+0.67/0.83/0+1.1 ms cpu, 3->4->2 MB, 4 MB goal, 0 MB stacks, 0 MB globals, 16 P
gc 2818 @38.590s 1%: 0.12+0.52+0.18 ms clock, 1.9+0.51/0.75/0.076+2.9 ms cpu, 3->4->1 MB, 4 MB goal, 0 MB stacks, 0 MB globals, 16 P
gc 2819 @38.592s 1%: 0.076+0.66+0.10 ms clock, 1.2+0.47/1.0/0.028+1.6 ms cpu, 3->4->1 MB, 4 MB goal, 0 MB stacks, 0 MB globals, 16 P
gc 2820 @38.593s 1%: 0.12+0.50+0.12 ms clock, 2.0+0.57/0.83/0+2.0 ms cpu, 3->4->1 MB, 4 MB goal, 0 MB stacks, 0 MB globals, 16 P
gc 2821 @38.595s 1%: 0.12+0.62+0.074 ms clock, 1.9+0.56/0.82/0+1.1 ms cpu, 3->4->1 MB, 4 MB goal, 0 MB stacks, 0 MB globals, 16 P
gc 2822 @38.596s 1%: 0.14+0.57+0.11 ms clock, 2.2+0.55/0.80/0.012+1.8 ms cpu, 3->4->2 MB, 4 MB goal, 0 MB stacks, 0 MB globals, 16 P
gc 2823 @38.598s 1%: 0.11+0.59+0.091 ms clock, 1.8+0.54/0.76/0+1.4 ms cpu, 3->4->1 MB, 4 MB goal, 0 MB stacks, 0 MB globals, 16 P
gc 2824 @38.600s 1%: 0.13+0.46+0.21 ms clock, 2.1+0.72/0.80/0.002+3.4 ms cpu, 3->4->1 MB, 4 MB goal, 0 MB stacks, 0 MB globals, 16 P
gc 2825 @38.601s 1%: 0.16+0.47+0.18 ms clock, 2.6+0.64/0.78/0+2.9 ms cpu, 3->4->1 MB, 4 MB goal, 0 MB stacks, 0 MB globals, 16 P
gc 2826 @38.603s 1%: 0.088+0.49+0.094 ms clock, 1.4+0.57/0.76/0+1.5 ms cpu, 3->4->1 MB, 4 MB goal, 0 MB stacks, 0 MB globals, 16 P
gc 2827 @38.605s 1%: 0.16+0.42+0.098 ms clock, 2.6+0.83/0.73/0+1.5 ms cpu, 3->4->1 MB, 4 MB goal, 0 MB stacks, 0 MB globals, 16 P
gc 2828 @38.606s 1%: 0.052+0.56+0.11 ms clock, 0.84+0.45/0.87/0.029+1.8 ms cpu, 3->4->1 MB, 4 MB goal, 0 MB stacks, 0 MB globals, 16 P
gc 2829 @38.608s 1%: 0.11+0.59+0.089 ms clock, 1.8+0.48/0.73/0.055+1.4 ms cpu, 3->4->2 MB, 4 MB goal, 0 MB stacks, 0 MB globals, 16 P
gc 2830 @38.610s 1%: 0.12+0.63+0.095 ms clock, 2.0+0.58/0.73/0.040+1.5 ms cpu, 3->4->1 MB, 4 MB goal, 0 MB stacks, 0 MB globals, 16 P
gc 2831 @38.611s 1%: 0.12+0.70+0.071 ms clock, 1.9+0.59/0.87/0.065+1.1 ms cpu, 3->4->2 MB, 4 MB goal, 0 MB stacks, 0 MB globals, 16 P
gc 2832 @38.613s 1%: 0.11+0.60+0.11 ms clock, 1.8+0.58/0.85/0.004+1.8 ms cpu, 3->4->2 MB, 4 MB goal, 0 MB stacks, 0 MB globals, 16 P
gc 2833 @38.615s 1%: 0.10+0.48+0.12 ms clock, 1.6+0.52/0.75/0+1.9 ms cpu, 3->4->1 MB, 4 MB goal, 0 MB stacks, 0 MB globals, 16 P
gc 2834 @38.616s 1%: 0.11+0.49+0.066 ms clock, 1.8+0.55/0.76/0+1.0 ms cpu, 3->4->1 MB, 4 MB goal, 0 MB stacks, 0 MB globals, 16 P
gc 2835 @38.618s 1%: 0.15+0.58+0.11 ms clock, 2.4+0.58/0.80/0+1.8 ms cpu, 3->4->2 MB, 4 MB goal, 0 MB stacks, 0 MB globals, 16 P
gc 2836 @38.620s 1%: 0.073+0.50+0.093 ms clock, 1.1+0.45/0.83/0+1.4 ms cpu, 3->4->1 MB, 4 MB goal, 0 MB stacks, 0 MB globals, 16 P
gc 2837 @38.621s 1%: 0.12+0.70+0.090 ms clock, 2.0+0.69/0.76/0+1.4 ms cpu, 3->4->2 MB, 4 MB goal, 0 MB stacks, 0 MB globals, 16 P
gc 2838 @38.623s 1%: 0.12+0.60+0.10 ms clock, 2.0+0.49/0.79/0+1.7 ms cpu, 3->4->1 MB, 4 MB goal, 0 MB stacks, 0 MB globals, 16 P
gc 2839 @38.624s 1%: 0.11+0.52+0.11 ms clock, 1.7+0.48/0.93/0.024+1.8 ms cpu, 3->4->1 MB, 4 MB goal, 0 MB stacks, 0 MB globals, 16 P
gc 2840 @38.626s 1%: 0.13+0.66+0.12 ms clock, 2.0+0.59/0.70/0+1.9 ms cpu, 3->4->2 MB, 4 MB goal, 0 MB stacks, 0 MB globals, 16 P
gc 2841 @38.628s 1%: 0.16+0.51+0.17 ms clock, 2.5+0.62/0.79/0+2.8 ms cpu, 3->4->1 MB, 4 MB goal, 0 MB stacks, 0 MB globals, 16 P
gc 2842 @38.629s 1%: 0.20+0.67+0.10 ms clock, 3.2+0.63/0.98/0+1.7 ms cpu, 3->4->2 MB, 4 MB goal, 0 MB stacks, 0 MB globals, 16 P
gc 2843 @38.631s 1%: 0.10+0.42+0.12 ms clock, 1.7+0.59/0.82/0+2.0 ms cpu, 4->4->1 MB, 4 MB goal, 0 MB stacks, 0 MB globals, 16 P
gc 2844 @38.633s 1%: 0.15+0.59+0.038 ms clock, 2.5+0.64/0.88/0.022+0.62 ms cpu, 3->4->1 MB, 4 MB goal, 0 MB stacks, 0 MB globals, 16 P
gc 2845 @38.635s 1%: 0.12+0.52+0.12 ms clock, 2.0+0.65/0.71/0.020+1.9 ms cpu, 3->4->1 MB, 4 MB goal, 0 MB stacks, 0 MB globals, 16 P
gc 2846 @38.636s 1%: 0.13+0.53+0.16 ms clock, 2.1+0.63/0.72/0+2.6 ms cpu, 3->4->1 MB, 4 MB goal, 0 MB stacks, 0 MB globals, 16 P
gc 2847 @38.638s 1%: 0.076+0.70+0.091 ms clock, 1.2+0.44/0.81/0.013+1.4 ms cpu, 3->4->1 MB, 4 MB goal, 0 MB stacks, 0 MB globals, 16 P
gc 2848 @38.639s 1%: 0.16+0.50+0.17 ms clock, 2.6+0.42/0.66/0.19+2.7 ms cpu, 3->4->1 MB, 4 MB goal, 0 MB stacks, 0 MB globals, 16 P
gc 2849 @38.641s 1%: 0.13+0.91+0.048 ms clock, 2.1+0.65/1.0/0.047+0.77 ms cpu, 3->4->2 MB, 4 MB goal, 0 MB stacks, 0 MB globals, 16 P
gc 2850 @38.643s 1%: 0.10+0.71+0.065 ms clock, 1.6+0.61/0.98/0+1.0 ms cpu, 4->5->2 MB, 4 MB goal, 0 MB stacks, 0 MB globals, 16 P
gc 2851 @38.645s 1%: 0.13+0.70+0.10 ms clock, 2.2+0.49/0.90/0.004+1.6 ms cpu, 3->4->2 MB, 4 MB goal, 0 MB stacks, 0 MB globals, 16 P
gc 2852 @38.647s 1%: 0.13+0.58+0.11 ms clock, 2.1+0.80/0.87/0+1.9 ms cpu, 3->4->1 MB, 4 MB goal, 0 MB stacks, 0 MB globals, 16 P
gc 2853 @38.648s 1%: 0.13+0.65+0.10 ms clock, 2.1+0.50/0.96/0+1.6 ms cpu, 3->4->2 MB, 4 MB goal, 0 MB stacks, 0 MB globals, 16 P
gc 2854 @38.650s 1%: 0.13+0.55+0.11 ms clock, 2.0+0.74/0.71/0+1.8 ms cpu, 3->4->1 MB, 4 MB goal, 0 MB stacks, 0 MB globals, 16 P
gc 2855 @38.652s 1%: 0.12+0.55+0.13 ms clock, 2.0+0.58/0.85/0.034+2.1 ms cpu, 3->4->1 MB, 4 MB goal, 0 MB stacks, 0 MB globals, 16 P
gc 2856 @38.654s 1%: 0.14+0.50+0.13 ms clock, 2.3+0.69/0.81/0+2.2 ms cpu, 3->4->1 MB, 4 MB goal, 0 MB stacks, 0 MB globals, 16 P
gc 2857 @38.655s 1%: 0.11+0.54+0.15 ms clock, 1.8+0.60/0.80/0+2.4 ms cpu, 3->4->1 MB, 4 MB goal, 0 MB stacks, 0 MB globals, 16 P
gc 2858 @38.657s 1%: 0.17+0.58+0.088 ms clock, 2.8+0.64/0.81/0+1.4 ms cpu, 3->4->2 MB, 4 MB goal, 0 MB stacks, 0 MB globals, 16 P
gc 2859 @38.659s 1%: 0.11+0.62+0.060 ms clock, 1.7+0.46/0.88/0.004+0.97 ms cpu, 3->4->1 MB, 4 MB goal, 0 MB stacks, 0 MB globals, 16 P
gc 2860 @38.660s 1%: 0.092+0.57+0.11 ms clock, 1.4+0.58/0.88/0+1.8 ms cpu, 3->4->1 MB, 4 MB goal, 0 MB stacks, 0 MB globals, 16 P
gc 2861 @38.662s 1%: 0.11+0.78+0.14 ms clock, 1.9+0.53/0.99/0.026+2.3 ms cpu, 3->4->2 MB, 4 MB goal, 0 MB stacks, 0 MB globals, 16 P
gc 2862 @38.664s 1%: 0.11+0.53+0.039 ms clock, 1.7+0.48/0.85/0.015+0.62 ms cpu, 3->4->1 MB, 4 MB goal, 0 MB stacks, 0 MB globals, 16 P
gc 2863 @38.666s 1%: 0.11+0.73+0.056 ms clock, 1.8+0.42/0.85/0.019+0.90 ms cpu, 3->4->1 MB, 4 MB goal, 0 MB stacks, 0 MB globals, 16 P
gc 2864 @38.667s 1%: 0.13+0.61+0.076 ms clock, 2.1+0.48/0.91/0+1.2 ms cpu, 3->4->2 MB, 4 MB goal, 0 MB stacks, 0 MB globals, 16 P
gc 2865 @38.669s 1%: 0.14+0.48+0.088 ms clock, 2.3+0.54/0.73/0+1.4 ms cpu, 3->4->1 MB, 4 MB goal, 0 MB stacks, 0 MB globals, 16 P
gc 2866 @38.671s 1%: 0.17+0.60+0.11 ms clock, 2.8+0.60/0.79/0+1.8 ms cpu, 3->4->2 MB, 4 MB goal, 0 MB stacks, 0 MB globals, 16 P
gc 2867 @38.672s 1%: 0.11+0.58+0.13 ms clock, 1.7+0.56/0.86/0.003+2.0 ms cpu, 3->4->1 MB, 4 MB goal, 0 MB stacks, 0 MB globals, 16 P
gc 2868 @38.674s 1%: 0.16+0.71+0.10 ms clock, 2.5+0.51/0.75/0+1.7 ms cpu, 3->4->2 MB, 4 MB goal, 0 MB stacks, 0 MB globals, 16 P
gc 2869 @38.676s 1%: 0.13+0.58+0.12 ms clock, 2.2+0.57/0.83/0+1.9 ms cpu, 3->4->1 MB, 4 MB goal, 0 MB stacks, 0 MB globals, 16 P
gc 2870 @38.678s 1%: 0.10+0.46+0.088 ms clock, 1.6+0.53/0.83/0.004+1.4 ms cpu, 3->4->1 MB, 4 MB goal, 0 MB stacks, 0 MB globals, 16 P
gc 2871 @38.679s 1%: 0.094+0.63+0.050 ms clock, 1.5+0.58/0.80/0+0.80 ms cpu, 3->4->1 MB, 4 MB goal, 0 MB stacks, 0 MB globals, 16 P
gc 2872 @38.681s 1%: 0.12+0.54+0.044 ms clock, 1.9+0.53/0.77/0+0.71 ms cpu, 3->4->1 MB, 4 MB goal, 0 MB stacks, 0 MB globals, 16 P
gc 2873 @38.682s 1%: 0.10+0.55+0.15 ms clock, 1.6+0.48/0.76/0.024+2.5 ms cpu, 3->4->1 MB, 4 MB goal, 0 MB stacks, 0 MB globals, 16 P
gc 2874 @38.684s 1%: 0.14+0.53+0.086 ms clock, 2.3+0.65/0.79/0+1.3 ms cpu, 3->4->1 MB, 4 MB goal, 0 MB stacks, 0 MB globals, 16 P
gc 2875 @38.685s 1%: 0.12+0.52+0.091 ms clock, 2.0+0.61/0.68/0.046+1.4 ms cpu, 3->4->1 MB, 4 MB goal, 0 MB stacks, 0 MB globals, 16 P
gc 2876 @38.687s 1%: 0.092+0.74+0.057 ms clock, 1.4+0.52/0.80/0.012+0.92 ms cpu, 3->4->1 MB, 4 MB goal, 0 MB stacks, 0 MB globals, 16 P
gc 2877 @38.689s 1%: 0.11+0.62+0.091 ms clock, 1.8+0.52/0.91/0+1.4 ms cpu, 3->4->1 MB, 4 MB goal, 0 MB stacks, 0 MB globals, 16 P
gc 2878 @38.690s 1%: 0.12+0.56+0.11 ms clock, 1.9+0.50/0.78/0.007+1.9 ms cpu, 3->4->1 MB, 4 MB goal, 0 MB stacks, 0 MB globals, 16 P
gc 2879 @38.692s 1%: 0.15+0.64+0.061 ms clock, 2.4+0.62/0.84/0.055+0.98 ms cpu, 3->4->2 MB, 4 MB goal, 0 MB stacks, 0 MB globals, 16 P
gc 2880 @38.694s 1%: 0.099+0.61+0.069 ms clock, 1.5+0.54/0.82/0.008+1.1 ms cpu, 3->4->1 MB, 4 MB goal, 0 MB stacks, 0 MB globals, 16 P
gc 2881 @38.696s 1%: 0.15+0.62+0.11 ms clock, 2.4+0.69/0.68/0+1.7 ms cpu, 3->4->2 MB, 4 MB goal, 0 MB stacks, 0 MB globals, 16 P
gc 2882 @38.697s 1%: 0.11+0.75+0.10 ms clock, 1.8+0.53/0.76/0.025+1.6 ms cpu, 3->4->2 MB, 4 MB goal, 0 MB stacks, 0 MB globals, 16 P
gc 2883 @38.699s 1%: 0.15+0.52+0.15 ms clock, 2.5+0.43/0.83/0.009+2.5 ms cpu, 3->4->1 MB, 4 MB goal, 0 MB stacks, 0 MB globals, 16 P
gc 2884 @38.701s 1%: 0.11+0.72+0.092 ms clock, 1.8+0.56/0.83/0+1.4 ms cpu, 3->4->2 MB, 4 MB goal, 0 MB stacks, 0 MB globals, 16 P
gc 2885 @38.703s 1%: 0.13+0.57+0.12 ms clock, 2.0+0.52/0.95/0+1.9 ms cpu, 3->4->1 MB, 4 MB goal, 0 MB stacks, 0 MB globals, 16 P
gc 2886 @38.704s 1%: 0.16+0.66+0.10 ms clock, 2.5+0.70/0.77/0.033+1.7 ms cpu, 3->4->2 MB, 4 MB goal, 0 MB stacks, 0 MB globals, 16 P
gc 2887 @38.706s 1%: 0.14+0.46+0.16 ms clock, 2.3+0.61/0.85/0.033+2.5 ms cpu, 3->4->1 MB, 4 MB goal, 0 MB stacks, 0 MB globals, 16 P
gc 2888 @38.708s 1%: 0.19+0.63+0.095 ms clock, 3.0+0.54/0.88/0+1.5 ms cpu, 3->4->2 MB, 4 MB goal, 0 MB stacks, 0 MB globals, 16 P
gc 2889 @38.710s 1%: 0.10+0.57+0.086 ms clock, 1.6+0.39/0.84/0+1.3 ms cpu, 3->4->1 MB, 4 MB goal, 0 MB stacks, 0 MB globals, 16 P
gc 2890 @38.712s 1%: 0.16+0.44+0.085 ms clock, 2.5+0.61/0.81/0+1.3 ms cpu, 3->4->1 MB, 4 MB goal, 0 MB stacks, 0 MB globals, 16 P
gc 2891 @38.713s 1%: 0.10+0.54+0.062 ms clock, 1.7+0.57/0.82/0+0.99 ms cpu, 3->4->1 MB, 4 MB goal, 0 MB stacks, 0 MB globals, 16 P
gc 2892 @38.714s 1%: 0.11+0.55+0.14 ms clock, 1.8+0.48/0.82/0.040+2.3 ms cpu, 3->4->1 MB, 4 MB goal, 0 MB stacks, 0 MB globals, 16 P
gc 2893 @38.716s 1%: 0.13+0.61+0.10 ms clock, 2.1+0.55/0.87/0+1.6 ms cpu, 3->4->1 MB, 4 MB goal, 0 MB stacks, 0 MB globals, 16 P
gc 2894 @38.718s 1%: 0.12+0.57+0.066 ms clock, 2.0+0.47/0.79/0+1.0 ms cpu, 3->4->1 MB, 4 MB goal, 0 MB stacks, 0 MB globals, 16 P
gc 2895 @38.719s 1%: 0.11+0.59+0.10 ms clock, 1.8+0.63/0.71/0.004+1.6 ms cpu, 3->4->1 MB, 4 MB goal, 0 MB stacks, 0 MB globals, 16 P
gc 2896 @38.721s 1%: 0.11+0.48+0.099 ms clock, 1.7+0.57/0.79/0.031+1.5 ms cpu, 3->4->1 MB, 4 MB goal, 0 MB stacks, 0 MB globals, 16 P
gc 2897 @38.723s 1%: 0.10+0.48+0.15 ms clock, 1.6+0.54/0.76/0+2.4 ms cpu, 3->4->1 MB, 4 MB goal, 0 MB stacks, 0 MB globals, 16 P
gc 2898 @38.724s 1%: 0.16+0.51+0.080 ms clock, 2.6+0.64/0.90/0+1.2 ms cpu, 3->4->1 MB, 4 MB goal, 0 MB stacks, 0 MB globals, 16 P
gc 2899 @38.726s 1%: 0.081+0.60+0.093 ms clock, 1.3+0.52/0.96/0+1.4 ms cpu, 3->4->1 MB, 4 MB goal, 0 MB stacks, 0 MB globals, 16 P
gc 2900 @38.727s 1%: 0.11+0.53+0.13 ms clock, 1.7+0.60/0.82/0+2.2 ms cpu, 3->4->1 MB, 4 MB goal, 0 MB stacks, 0 MB globals, 16 P
gc 2901 @38.729s 1%: 0.12+0.67+0.097 ms clock, 1.9+0.58/0.89/0+1.5 ms cpu, 3->4->2 MB, 4 MB goal, 0 MB stacks, 0 MB globals, 16 P
gc 2902 @38.731s 1%: 0.12+0.52+0.12 ms clock, 1.9+0.58/0.79/0.005+1.9 ms cpu, 3->4->1 MB, 4 MB goal, 0 MB stacks, 0 MB globals, 16 P
gc 2903 @38.732s 1%: 0.17+0.59+0.13 ms clock, 2.7+0.61/0.93/0+2.0 ms cpu, 3->4->2 MB, 4 MB goal, 0 MB stacks, 0 MB globals, 16 P
gc 2904 @38.734s 1%: 0.13+0.46+0.13 ms clock, 2.1+0.59/0.81/0+2.1 ms cpu, 3->4->1 MB, 4 MB goal, 0 MB stacks, 0 MB globals, 16 P
gc 2905 @38.736s 1%: 0.16+0.61+0.10 ms clock, 2.7+0.59/0.92/0.022+1.6 ms cpu, 3->4->2 MB, 4 MB goal, 0 MB stacks, 0 MB globals, 16 P
gc 2906 @38.738s 1%: 0.098+0.52+0.095 ms clock, 1.5+0.42/0.79/0+1.5 ms cpu, 3->4->1 MB, 4 MB goal, 0 MB stacks, 0 MB globals, 16 P
gc 2907 @38.739s 1%: 0.11+0.48+0.10 ms clock, 1.8+0.56/0.79/0+1.6 ms cpu, 3->3->1 MB, 4 MB goal, 0 MB stacks, 0 MB globals, 16 P
gc 2908 @38.740s 1%: 0.14+0.49+0.14 ms clock, 2.2+0.62/0.83/0+2.3 ms cpu, 3->4->1 MB, 4 MB goal, 0 MB stacks, 0 MB globals, 16 P
gc 2909 @38.742s 1%: 0.16+0.60+0.12 ms clock, 2.5+0.51/0.84/0+1.9 ms cpu, 3->4->2 MB, 4 MB goal, 0 MB stacks, 0 MB globals, 16 P
gc 2910 @38.744s 1%: 0.14+0.71+0.10 ms clock, 2.3+0.69/0.80/0+1.6 ms cpu, 3->4->2 MB, 4 MB goal, 0 MB stacks, 0 MB globals, 16 P
gc 2911 @38.746s 1%: 0.19+0.58+0.12 ms clock, 3.1+0.62/0.77/0+1.9 ms cpu, 3->4->1 MB, 4 MB goal, 0 MB stacks, 0 MB globals, 16 P
gc 2912 @38.748s 1%: 0.15+0.45+0.12 ms clock, 2.4+0.64/0.79/0+2.0 ms cpu, 3->4->1 MB, 4 MB goal, 0 MB stacks, 0 MB globals, 16 P
gc 2913 @38.749s 1%: 0.14+0.57+0.12 ms clock, 2.3+0.58/0.82/0.012+1.9 ms cpu, 3->4->1 MB, 4 MB goal, 0 MB stacks, 0 MB globals, 16 P
gc 2914 @38.751s 1%: 0.12+0.60+0.097 ms clock, 1.9+0.52/0.79/0.003+1.5 ms cpu, 3->4->2 MB, 4 MB goal, 0 MB stacks, 0 MB globals, 16 P
gc 2915 @38.752s 1%: 0.14+0.93+0.10 ms clock, 2.2+0.57/0.82/0+1.7 ms cpu, 3->4->2 MB, 4 MB goal, 0 MB stacks, 0 MB globals, 16 P
gc 2916 @38.755s 1%: 0.12+0.55+0.062 ms clock, 1.9+0.46/0.92/0.039+1.0 ms cpu, 4->4->1 MB, 5 MB goal, 0 MB stacks, 0 MB globals, 16 P
gc 2917 @38.756s 1%: 0.15+0.49+0.18 ms clock, 2.4+0.68/0.78/0+2.9 ms cpu, 3->4->1 MB, 4 MB goal, 0 MB stacks, 0 MB globals, 16 P
gc 2918 @38.758s 1%: 0.12+0.64+0.070 ms clock, 1.9+0.60/0.97/0+1.1 ms cpu, 3->4->2 MB, 4 MB goal, 0 MB stacks, 0 MB globals, 16 P
gc 2919 @38.760s 1%: 0.10+0.60+0.078 ms clock, 1.7+0.55/0.92/0+1.2 ms cpu, 3->4->1 MB, 4 MB goal, 0 MB stacks, 0 MB globals, 16 P
gc 2920 @38.761s 1%: 0.094+0.78+0.096 ms clock, 1.5+0.52/0.99/0.003+1.5 ms cpu, 3->4->2 MB, 4 MB goal, 0 MB stacks, 0 MB globals, 16 P
gc 2921 @38.763s 1%: 0.13+0.56+0.13 ms clock, 2.2+0.59/0.80/0.018+2.0 ms cpu, 3->4->2 MB, 4 MB goal, 0 MB stacks, 0 MB globals, 16 P
gc 2922 @38.765s 1%: 0.12+0.53+0.11 ms clock, 1.9+0.53/0.79/0+1.8 ms cpu, 3->4->1 MB, 4 MB goal, 0 MB stacks, 0 MB globals, 16 P
gc 2923 @38.767s 1%: 0.14+0.80+0.14 ms clock, 2.3+0.53/0.81/0+2.3 ms cpu, 3->4->2 MB, 4 MB goal, 0 MB stacks, 0 MB globals, 16 P
gc 2924 @38.769s 1%: 0.12+0.50+0.098 ms clock, 2.0+0.69/0.72/0+1.5 ms cpu, 4->4->1 MB, 4 MB goal, 0 MB stacks, 0 MB globals, 16 P
gc 2925 @38.770s 1%: 0.10+0.46+0.13 ms clock, 1.7+0.61/0.89/0.003+2.1 ms cpu, 3->4->1 MB, 4 MB goal, 0 MB stacks, 0 MB globals, 16 P
gc 2926 @38.772s 1%: 0.11+0.60+0.086 ms clock, 1.8+0.68/0.88/0+1.3 ms cpu, 3->4->2 MB, 4 MB goal, 0 MB stacks, 0 MB globals, 16 P
gc 2927 @38.774s 1%: 0.10+0.64+0.089 ms clock, 1.6+0.63/0.90/0+1.4 ms cpu, 3->4->2 MB, 4 MB goal, 0 MB stacks, 0 MB globals, 16 P
gc 2928 @38.775s 1%: 0.19+0.51+0.15 ms clock, 3.0+0.61/0.83/0.004+2.5 ms cpu, 3->4->2 MB, 4 MB goal, 0 MB stacks, 0 MB globals, 16 P
gc 2929 @38.777s 1%: 0.13+0.72+0.11 ms clock, 2.1+0.57/0.88/0+1.8 ms cpu, 3->4->2 MB, 4 MB goal, 0 MB stacks, 0 MB globals, 16 P
gc 2930 @38.779s 1%: 0.17+0.48+0.12 ms clock, 2.8+0.63/0.79/0.026+2.0 ms cpu, 3->4->1 MB, 4 MB goal, 0 MB stacks, 0 MB globals, 16 P
gc 2931 @38.781s 1%: 0.12+0.45+0.16 ms clock, 1.9+0.76/0.66/0.008+2.6 ms cpu, 3->4->1 MB, 4 MB goal, 0 MB stacks, 0 MB globals, 16 P
gc 2932 @38.782s 1%: 0.12+0.55+0.17 ms clock, 1.9+0.64/0.82/0+2.7 ms cpu, 3->4->1 MB, 4 MB goal, 0 MB stacks, 0 MB globals, 16 P
gc 2933 @38.784s 1%: 0.12+0.67+0.18 ms clock, 1.9+0.70/0.76/0+3.0 ms cpu, 3->4->1 MB, 4 MB goal, 0 MB stacks, 0 MB globals, 16 P
gc 2934 @38.785s 1%: 0.11+0.55+0.076 ms clock, 1.8+0.45/0.74/0.019+1.2 ms cpu, 3->4->1 MB, 4 MB goal, 0 MB stacks, 0 MB globals, 16 P
gc 2935 @38.787s 1%: 0.20+0.66+0.094 ms clock, 3.3+0.59/0.90/0+1.5 ms cpu, 3->4->2 MB, 4 MB goal, 0 MB stacks, 0 MB globals, 16 P
gc 2936 @38.789s 1%: 0.13+0.54+0.11 ms clock, 2.1+0.60/0.77/0.011+1.7 ms cpu, 3->4->1 MB, 4 MB goal, 0 MB stacks, 0 MB globals, 16 P
gc 2937 @38.791s 1%: 0.12+0.42+0.12 ms clock, 2.0+0.72/0.70/0+1.9 ms cpu, 3->4->1 MB, 4 MB goal, 0 MB stacks, 0 MB globals, 16 P
gc 2938 @38.792s 1%: 0.11+0.52+0.10 ms clock, 1.8+0.57/0.81/0.013+1.6 ms cpu, 3->4->1 MB, 4 MB goal, 0 MB stacks, 0 MB globals, 16 P
gc 2939 @38.794s 1%: 0.11+0.60+0.076 ms clock, 1.7+0.54/0.85/0.047+1.2 ms cpu, 3->4->1 MB, 4 MB goal, 0 MB stacks, 0 MB globals, 16 P
gc 2940 @38.795s 1%: 0.13+0.47+0.11 ms clock, 2.2+0.60/0.78/0+1.8 ms cpu, 3->4->1 MB, 4 MB goal, 0 MB stacks, 0 MB globals, 16 P
gc 2941 @38.797s 1%: 0.12+0.64+0.079 ms clock, 1.9+0.76/0.76/0+1.2 ms cpu, 3->4->1 MB, 4 MB goal, 0 MB stacks, 0 MB globals, 16 P
gc 2942 @38.798s 1%: 0.10+0.52+0.10 ms clock, 1.6+0.63/0.74/0+1.6 ms cpu, 3->4->1 MB, 4 MB goal, 0 MB stacks, 0 MB globals, 16 P
gc 2943 @38.800s 1%: 0.12+0.57+0.095 ms clock, 2.0+0.67/0.82/0.070+1.5 ms cpu, 3->4->1 MB, 4 MB goal, 0 MB stacks, 0 MB globals, 16 P
gc 2944 @38.802s 1%: 0.10+0.49+0.083 ms clock, 1.7+0.68/0.76/0+1.3 ms cpu, 3->4->1 MB, 4 MB goal, 0 MB stacks, 0 MB globals, 16 P
gc 2945 @38.803s 1%: 0.14+0.52+0.13 ms clock, 2.3+0.65/0.77/0+2.1 ms cpu, 3->4->2 MB, 4 MB goal, 0 MB stacks, 0 MB globals, 16 P
gc 2946 @38.805s 1%: 0.13+0.66+0.11 ms clock, 2.2+0.55/0.87/0+1.8 ms cpu, 3->4->2 MB, 4 MB goal, 0 MB stacks, 0 MB globals, 16 P
gc 2947 @38.806s 1%: 0.12+0.63+0.094 ms clock, 2.0+0.49/0.78/0+1.5 ms cpu, 3->4->1 MB, 4 MB goal, 0 MB stacks, 0 MB globals, 16 P
gc 2948 @38.808s 1%: 0.084+0.63+0.087 ms clock, 1.3+0.38/0.89/0+1.3 ms cpu, 3->4->1 MB, 4 MB goal, 0 MB stacks, 0 MB globals, 16 P
gc 2949 @38.810s 1%: 0.13+0.47+0.093 ms clock, 2.1+0.52/0.83/0+1.5 ms cpu, 3->4->1 MB, 4 MB goal, 0 MB stacks, 0 MB globals, 16 P
gc 2950 @38.811s 1%: 0.10+0.54+0.092 ms clock, 1.6+0.60/0.72/0+1.4 ms cpu, 3->4->1 MB, 4 MB goal, 0 MB stacks, 0 MB globals, 16 P
gc 2951 @38.813s 1%: 0.070+0.63+0.063 ms clock, 1.1+0.44/0.89/0+1.0 ms cpu, 3->4->1 MB, 4 MB goal, 0 MB stacks, 0 MB globals, 16 P
gc 2952 @38.814s 1%: 0.13+0.51+0.12 ms clock, 2.1+0.46/0.79/0.024+2.0 ms cpu, 3->4->1 MB, 4 MB goal, 0 MB stacks, 0 MB globals, 16 P
gc 2953 @38.816s 1%: 0.14+0.57+0.12 ms clock, 2.3+0.69/0.76/0+2.0 ms cpu, 3->4->1 MB, 4 MB goal, 0 MB stacks, 0 MB globals, 16 P
gc 2954 @38.817s 1%: 0.10+0.56+0.12 ms clock, 1.6+0.52/0.89/0+1.9 ms cpu, 3->4->1 MB, 4 MB goal, 0 MB stacks, 0 MB globals, 16 P
gc 2955 @38.819s 1%: 0.11+0.58+0.094 ms clock, 1.8+0.49/0.87/0+1.5 ms cpu, 3->4->1 MB, 4 MB goal, 0 MB stacks, 0 MB globals, 16 P
gc 2956 @38.821s 1%: 0.10+0.53+0.10 ms clock, 1.7+0.56/0.94/0+1.6 ms cpu, 3->4->1 MB, 4 MB goal, 0 MB stacks, 0 MB globals, 16 P
gc 2957 @38.822s 1%: 0.14+0.52+0.13 ms clock, 2.3+0.59/0.97/0.001+2.0 ms cpu, 3->4->1 MB, 4 MB goal, 0 MB stacks, 0 MB globals, 16 P
gc 2958 @38.824s 1%: 0.13+0.55+0.13 ms clock, 2.1+0.61/0.83/0.023+2.2 ms cpu, 3->4->2 MB, 4 MB goal, 0 MB stacks, 0 MB globals, 16 P
gc 2959 @38.826s 1%: 0.11+0.52+0.16 ms clock, 1.9+0.52/0.82/0+2.6 ms cpu, 3->4->1 MB, 4 MB goal, 0 MB stacks, 0 MB globals, 16 P
gc 2960 @38.827s 1%: 0.14+0.65+0.020 ms clock, 2.3+0.54/0.72/0+0.32 ms cpu, 3->4->1 MB, 4 MB goal, 0 MB stacks, 0 MB globals, 16 P
gc 2961 @38.829s 1%: 0.12+0.59+0.086 ms clock, 2.0+0.51/0.81/0.003+1.3 ms cpu, 3->4->1 MB, 4 MB goal, 0 MB stacks, 0 MB globals, 16 P
gc 2962 @38.831s 1%: 0.12+0.73+0.055 ms clock, 2.0+0.57/0.87/0+0.89 ms cpu, 3->4->1 MB, 4 MB goal, 0 MB stacks, 0 MB globals, 16 P
gc 2963 @38.832s 1%: 0.18+0.57+0.12 ms clock, 2.9+0.67/0.67/0+2.0 ms cpu, 3->4->1 MB, 4 MB goal, 0 MB stacks, 0 MB globals, 16 P
gc 2964 @38.834s 1%: 0.13+0.67+0.10 ms clock, 2.2+0.48/0.83/0.063+1.6 ms cpu, 3->4->1 MB, 4 MB goal, 0 MB stacks, 0 MB globals, 16 P
gc 2965 @38.836s 1%: 0.11+0.51+0.15 ms clock, 1.8+0.51/0.81/0+2.5 ms cpu, 3->4->1 MB, 4 MB goal, 0 MB stacks, 0 MB globals, 16 P
gc 2966 @38.837s 1%: 0.13+0.59+0.069 ms clock, 2.2+0.47/1.1/0+1.1 ms cpu, 3->4->2 MB, 4 MB goal, 0 MB stacks, 0 MB globals, 16 P
gc 2967 @38.839s 1%: 0.10+0.75+0.090 ms clock, 1.6+0.59/0.78/0+1.4 ms cpu, 3->4->2 MB, 4 MB goal, 0 MB stacks, 0 MB globals, 16 P
gc 2968 @38.841s 1%: 0.10+0.90+0.095 ms clock, 1.6+0.55/0.79/0+1.5 ms cpu, 3->4->2 MB, 4 MB goal, 0 MB stacks, 0 MB globals, 16 P
gc 2969 @38.843s 1%: 0.12+0.57+0.13 ms clock, 1.9+0.56/0.78/0.074+2.2 ms cpu, 4->4->2 MB, 4 MB goal, 0 MB stacks, 0 MB globals, 16 P
gc 2970 @38.845s 1%: 0.15+0.51+0.19 ms clock, 2.4+0.53/0.87/0+3.0 ms cpu, 3->4->1 MB, 4 MB goal, 0 MB stacks, 0 MB globals, 16 P
gc 2971 @38.846s 1%: 0.11+0.56+0.090 ms clock, 1.8+0.50/0.87/0+1.4 ms cpu, 3->4->1 MB, 4 MB goal, 0 MB stacks, 0 MB globals, 16 P
gc 2972 @38.848s 1%: 0.16+0.57+0.11 ms clock, 2.6+0.58/0.79/0+1.8 ms cpu, 3->4->2 MB, 4 MB goal, 0 MB stacks, 0 MB globals, 16 P
gc 2973 @38.850s 1%: 0.13+0.52+0.096 ms clock, 2.1+0.59/0.71/0.002+1.5 ms cpu, 3->4->1 MB, 4 MB goal, 0 MB stacks, 0 MB globals, 16 P
gc 2974 @38.851s 1%: 0.080+0.52+0.12 ms clock, 1.2+0.55/0.82/0.036+2.0 ms cpu, 3->4->1 MB, 4 MB goal, 0 MB stacks, 0 MB globals, 16 P
gc 2975 @38.852s 1%: 0.11+0.54+0.10 ms clock, 1.9+0.60/0.83/0+1.7 ms cpu, 3->4->1 MB, 4 MB goal, 0 MB stacks, 0 MB globals, 16 P
gc 2976 @38.854s 1%: 0.096+0.55+0.091 ms clock, 1.5+0.41/0.87/0+1.4 ms cpu, 3->4->1 MB, 4 MB goal, 0 MB stacks, 0 MB globals, 16 P
gc 2977 @38.856s 1%: 0.18+0.57+0.098 ms clock, 3.0+0.59/0.83/0+1.5 ms cpu, 3->4->2 MB, 4 MB goal, 0 MB stacks, 0 MB globals, 16 P
gc 2978 @38.857s 1%: 0.10+0.71+0.096 ms clock, 1.7+0.52/0.91/0.004+1.5 ms cpu, 3->4->2 MB, 4 MB goal, 0 MB stacks, 0 MB globals, 16 P
gc 2979 @38.859s 1%: 0.12+0.51+0.11 ms clock, 2.0+0.57/0.83/0.004+1.8 ms cpu, 3->4->1 MB, 4 MB goal, 0 MB stacks, 0 MB globals, 16 P
gc 2980 @38.861s 1%: 0.11+0.76+0.078 ms clock, 1.9+0.69/0.87/0.004+1.2 ms cpu, 3->4->2 MB, 4 MB goal, 0 MB stacks, 0 MB globals, 16 P
gc 2981 @38.863s 1%: 0.14+0.58+0.13 ms clock, 2.3+0.62/0.75/0.002+2.1 ms cpu, 3->4->2 MB, 4 MB goal, 0 MB stacks, 0 MB globals, 16 P
gc 2982 @38.864s 1%: 0.16+0.70+0.10 ms clock, 2.6+0.52/0.70/0.073+1.6 ms cpu, 3->4->2 MB, 4 MB goal, 0 MB stacks, 0 MB globals, 16 P
gc 2983 @38.866s 1%: 0.11+0.67+0.092 ms clock, 1.9+0.55/0.86/0.003+1.4 ms cpu, 3->4->2 MB, 4 MB goal, 0 MB stacks, 0 MB globals, 16 P
gc 2984 @38.868s 1%: 0.16+0.57+0.10 ms clock, 2.6+0.78/0.73/0+1.6 ms cpu, 3->4->1 MB, 4 MB goal, 0 MB stacks, 0 MB globals, 16 P
gc 2985 @38.870s 1%: 0.099+0.51+0.090 ms clock, 1.5+0.53/0.88/0.004+1.4 ms cpu, 3->4->1 MB, 4 MB goal, 0 MB stacks, 0 MB globals, 16 P
gc 2986 @38.871s 1%: 0.087+0.71+0.13 ms clock, 1.4+0.74/0.69/0.004+2.2 ms cpu, 3->4->1 MB, 4 MB goal, 0 MB stacks, 0 MB globals, 16 P
gc 2987 @38.873s 1%: 0.11+0.50+0.10 ms clock, 1.8+0.51/0.79/0+1.7 ms cpu, 3->4->1 MB, 4 MB goal, 0 MB stacks, 0 MB globals, 16 P
gc 2988 @38.875s 1%: 0.11+0.64+0.11 ms clock, 1.8+0.59/0.84/0+1.7 ms cpu, 3->4->2 MB, 4 MB goal, 0 MB stacks, 0 MB globals, 16 P
gc 2989 @38.877s 1%: 0.11+0.40+0.13 ms clock, 1.8+0.46/0.79/0.039+2.1 ms cpu, 3->4->1 MB, 4 MB goal, 0 MB stacks, 0 MB globals, 16 P
gc 2990 @38.878s 1%: 0.12+0.38+0.12 ms clock, 1.9+0.39/0.76/0+1.9 ms cpu, 3->3->1 MB, 4 MB goal, 0 MB stacks, 0 MB globals, 16 P
gc 2991 @38.879s 1%: 0.14+0.55+0.16 ms clock, 2.2+0.47/0.76/0.004+2.6 ms cpu, 3->3->1 MB, 4 MB goal, 0 MB stacks, 0 MB globals, 16 P
gc 2992 @38.881s 1%: 0.068+0.60+0.094 ms clock, 1.0+0.55/0.72/0.010+1.5 ms cpu, 3->4->1 MB, 4 MB goal, 0 MB stacks, 0 MB globals, 16 P
gc 2993 @38.883s 1%: 0.12+0.59+0.098 ms clock, 1.9+0.63/0.79/0+1.5 ms cpu, 3->4->1 MB, 4 MB goal, 0 MB stacks, 0 MB globals, 16 P
gc 2994 @38.884s 1%: 0.12+0.68+0.094 ms clock, 1.9+0.72/0.81/0+1.5 ms cpu, 3->4->2 MB, 4 MB goal, 0 MB stacks, 0 MB globals, 16 P
gc 2995 @38.886s 1%: 0.13+0.64+0.095 ms clock, 2.2+0.50/0.79/0.049+1.5 ms cpu, 3->4->2 MB, 4 MB goal, 0 MB stacks, 0 MB globals, 16 P
gc 2996 @38.888s 1%: 0.12+0.54+0.15 ms clock, 2.0+0.79/0.75/0+2.5 ms cpu, 3->4->2 MB, 4 MB goal, 0 MB stacks, 0 MB globals, 16 P
gc 2997 @38.890s 1%: 0.097+0.64+0.098 ms clock, 1.5+0.54/0.83/0.044+1.5 ms cpu, 3->4->1 MB, 4 MB goal, 0 MB stacks, 0 MB globals, 16 P
gc 2998 @38.891s 1%: 0.14+0.57+0.10 ms clock, 2.2+0.59/0.87/0+1.7 ms cpu, 3->4->2 MB, 4 MB goal, 0 MB stacks, 0 MB globals, 16 P
gc 2999 @38.893s 1%: 0.11+0.45+0.066 ms clock, 1.8+0.50/0.72/0.10+1.0 ms cpu, 3->4->1 MB, 4 MB goal, 0 MB stacks, 0 MB globals, 16 P
gc 3000 @38.894s 1%: 0.15+0.63+0.087 ms clock, 2.4+0.58/0.89/0+1.4 ms cpu, 3->4->2 MB, 4 MB goal, 0 MB stacks, 0 MB globals, 16 P
gc 3001 @38.896s 1%: 0.17+0.41+0.20 ms clock, 2.8+0.58/0.79/0+3.2 ms cpu, 3->4->1 MB, 4 MB goal, 0 MB stacks, 0 MB globals, 16 P
gc 3002 @38.898s 1%: 0.15+0.52+0.094 ms clock, 2.5+0.79/0.87/0+1.5 ms cpu, 3->4->1 MB, 4 MB goal, 0 MB stacks, 0 MB globals, 16 P
gc 3003 @38.899s 1%: 0.16+0.55+0.13 ms clock, 2.6+0.75/0.87/0+2.1 ms cpu, 3->4->1 MB, 4 MB goal, 0 MB stacks, 0 MB globals, 16 P
gc 3004 @38.901s 1%: 0.097+0.51+0.029 ms clock, 1.5+0.49/0.80/0.020+0.46 ms cpu, 3->4->1 MB, 4 MB goal, 0 MB stacks, 0 MB globals, 16 P
gc 3005 @38.902s 1%: 0.12+0.61+0.10 ms clock, 1.9+0.50/0.90/0+1.6 ms cpu, 3->4->1 MB, 4 MB goal, 0 MB stacks, 0 MB globals, 16 P
gc 3006 @38.904s 1%: 0.14+0.43+0.10 ms clock, 2.3+0.59/0.85/0+1.6 ms cpu, 3->4->1 MB, 4 MB goal, 0 MB stacks, 0 MB globals, 16 P
gc 3007 @38.906s 1%: 0.10+0.68+0.048 ms clock, 1.7+0.62/0.71/0.041+0.78 ms cpu, 3->4->1 MB, 4 MB goal, 0 MB stacks, 0 MB globals, 16 P
gc 3008 @38.907s 1%: 0.10+0.55+0.094 ms clock, 1.6+0.47/0.81/0+1.5 ms cpu, 3->4->1 MB, 4 MB goal, 0 MB stacks, 0 MB globals, 16 P
gc 3009 @38.909s 1%: 0.096+0.55+0.10 ms clock, 1.5+0.46/0.82/0.007+1.6 ms cpu, 3->4->1 MB, 4 MB goal, 0 MB stacks, 0 MB globals, 16 P
gc 3010 @38.910s 1%: 0.10+0.67+0.077 ms clock, 1.6+0.54/0.96/0.011+1.2 ms cpu, 3->4->2 MB, 4 MB goal, 0 MB stacks, 0 MB globals, 16 P
gc 3011 @38.912s 1%: 0.090+0.64+0.14 ms clock, 1.4+0.68/0.83/0+2.2 ms cpu, 3->4->2 MB, 4 MB goal, 0 MB stacks, 0 MB globals, 16 P
gc 3012 @38.914s 1%: 0.13+0.60+0.10 ms clock, 2.1+0.55/0.90/0+1.6 ms cpu, 3->4->2 MB, 4 MB goal, 0 MB stacks, 0 MB globals, 16 P
gc 3013 @38.916s 1%: 0.10+0.69+0.10 ms clock, 1.7+0.41/0.80/0.020+1.6 ms cpu, 3->4->2 MB, 4 MB goal, 0 MB stacks, 0 MB globals, 16 P
gc 3014 @38.918s 1%: 0.11+0.67+0.14 ms clock, 1.8+0.61/0.87/0+2.2 ms cpu, 3->4->2 MB, 4 MB goal, 0 MB stacks, 0 MB globals, 16 P
gc 3015 @38.920s 1%: 0.11+0.58+0.075 ms clock, 1.7+0.71/0.72/0.033+1.2 ms cpu, 3->4->1 MB, 4 MB goal, 0 MB stacks, 0 MB globals, 16 P
gc 3016 @38.921s 1%: 0.12+0.67+0.097 ms clock, 1.9+0.66/0.81/0+1.5 ms cpu, 3->4->2 MB, 4 MB goal, 0 MB stacks, 0 MB globals, 16 P
gc 3017 @38.923s 1%: 0.11+0.55+0.10 ms clock, 1.8+0.54/0.90/0.021+1.6 ms cpu, 3->4->1 MB, 4 MB goal, 0 MB stacks, 0 MB globals, 16 P
gc 3018 @38.925s 1%: 0.10+0.51+0.15 ms clock, 1.6+0.61/0.72/0+2.5 ms cpu, 3->4->1 MB, 4 MB goal, 0 MB stacks, 0 MB globals, 16 P
gc 3019 @38.926s 1%: 0.16+0.56+0.063 ms clock, 2.7+0.73/0.79/0+1.0 ms cpu, 3->4->1 MB, 4 MB goal, 0 MB stacks, 0 MB globals, 16 P
gc 3020 @38.928s 1%: 0.12+0.48+0.16 ms clock, 2.0+0.63/0.85/0+2.6 ms cpu, 3->4->1 MB, 4 MB goal, 0 MB stacks, 0 MB globals, 16 P
gc 3021 @38.929s 1%: 0.14+0.52+0.12 ms clock, 2.3+0.51/0.81/0+1.9 ms cpu, 3->4->1 MB, 4 MB goal, 0 MB stacks, 0 MB globals, 16 P
gc 3022 @38.931s 1%: 0.14+0.52+0.095 ms clock, 2.3+0.55/0.78/0.010+1.5 ms cpu, 3->4->1 MB, 4 MB goal, 0 MB stacks, 0 MB globals, 16 P
gc 3023 @38.932s 1%: 0.17+0.56+0.10 ms clock, 2.8+0.53/0.87/0+1.6 ms cpu, 3->4->1 MB, 4 MB goal, 0 MB stacks, 0 MB globals, 16 P
gc 3024 @38.934s 1%: 0.18+0.47+0.17 ms clock, 2.9+0.40/0.70/0+2.7 ms cpu, 3->4->1 MB, 4 MB goal, 0 MB stacks, 0 MB globals, 16 P
gc 3025 @38.935s 1%: 0.10+0.48+0.090 ms clock, 1.7+0.48/0.87/0+1.4 ms cpu, 3->4->1 MB, 4 MB goal, 0 MB stacks, 0 MB globals, 16 P
gc 3026 @38.937s 1%: 0.12+0.65+0.086 ms clock, 2.0+0.59/0.82/0.002+1.3 ms cpu, 3->4->2 MB, 4 MB goal, 0 MB stacks, 0 MB globals, 16 P
gc 3027 @38.939s 1%: 0.10+0.58+0.092 ms clock, 1.6+0.58/0.70/0.10+1.4 ms cpu, 3->4->1 MB, 4 MB goal, 0 MB stacks, 0 MB globals, 16 P
gc 3028 @38.940s 1%: 0.11+0.61+0.095 ms clock, 1.8+0.78/0.87/0+1.5 ms cpu, 3->4->2 MB, 4 MB goal, 0 MB stacks, 0 MB globals, 16 P
gc 3029 @38.942s 1%: 0.14+0.63+0.11 ms clock, 2.2+0.56/0.81/0.022+1.7 ms cpu, 3->4->2 MB, 4 MB goal, 0 MB stacks, 0 MB globals, 16 P
gc 3030 @38.944s 1%: 0.14+0.70+0.11 ms clock, 2.3+0.64/0.88/0+1.8 ms cpu, 3->4->2 MB, 4 MB goal, 0 MB stacks, 0 MB globals, 16 P
gc 3031 @38.946s 1%: 0.16+0.74+0.10 ms clock, 2.6+0.58/0.90/0+1.6 ms cpu, 3->4->2 MB, 4 MB goal, 0 MB stacks, 0 MB globals, 16 P
gc 3032 @38.948s 1%: 0.14+0.62+0.11 ms clock, 2.3+0.70/0.82/0+1.8 ms cpu, 4->4->2 MB, 4 MB goal, 0 MB stacks, 0 MB globals, 16 P
gc 3033 @38.950s 1%: 0.14+0.53+0.11 ms clock, 2.3+0.72/0.88/0+1.7 ms cpu, 3->4->1 MB, 4 MB goal, 0 MB stacks, 0 MB globals, 16 P
gc 3034 @38.952s 1%: 0.12+0.75+0.11 ms clock, 2.0+0.45/0.96/0.062+1.8 ms cpu, 3->4->2 MB, 4 MB goal, 0 MB stacks, 0 MB globals, 16 P
gc 3035 @38.953s 1%: 0.16+0.52+0.093 ms clock, 2.6+0.57/0.80/0.020+1.4 ms cpu, 3->4->1 MB, 4 MB goal, 0 MB stacks, 0 MB globals, 16 P
gc 3036 @38.955s 1%: 0.10+0.68+0.10 ms clock, 1.7+0.44/0.90/0.10+1.6 ms cpu, 3->4->2 MB, 4 MB goal, 0 MB stacks, 0 MB globals, 16 P
gc 3037 @38.957s 1%: 0.15+0.57+0.091 ms clock, 2.4+0.63/0.75/0+1.4 ms cpu, 3->4->1 MB, 4 MB goal, 0 MB stacks, 0 MB globals, 16 P
gc 3038 @38.959s 1%: 0.17+0.66+0.086 ms clock, 2.7+0.65/0.86/0.005+1.3 ms cpu, 3->4->2 MB, 4 MB goal, 0 MB stacks, 0 MB globals, 16 P
gc 3039 @38.961s 1%: 0.098+0.47+0.13 ms clock, 1.5+0.66/0.73/0.027+2.1 ms cpu, 3->4->1 MB, 4 MB goal, 0 MB stacks, 0 MB globals, 16 P
gc 3040 @38.962s 1%: 0.12+0.55+0.16 ms clock, 2.0+0.56/0.77/0+2.5 ms cpu, 3->3->1 MB, 4 MB goal, 0 MB stacks, 0 MB globals, 16 P
gc 3041 @38.963s 1%: 0.079+0.63+0.11 ms clock, 1.2+0.61/0.78/0+1.8 ms cpu, 3->4->1 MB, 4 MB goal, 0 MB stacks, 0 MB globals, 16 P
gc 3042 @38.965s 1%: 0.14+0.69+0.050 ms clock, 2.2+0.65/0.80/0+0.80 ms cpu, 3->4->1 MB, 4 MB goal, 0 MB stacks, 0 MB globals, 16 P
gc 3043 @38.967s 1%: 0.10+0.52+0.075 ms clock, 1.7+0.68/0.78/0.045+1.2 ms cpu, 3->4->1 MB, 4 MB goal, 0 MB stacks, 0 MB globals, 16 P
gc 3044 @38.968s 1%: 0.13+0.65+0.089 ms clock, 2.2+0.59/0.79/0.001+1.4 ms cpu, 3->4->2 MB, 4 MB goal, 0 MB stacks, 0 MB globals, 16 P
gc 3045 @38.970s 1%: 0.15+0.75+0.14 ms clock, 2.4+0.53/0.82/0+2.3 ms cpu, 3->4->2 MB, 4 MB goal, 0 MB stacks, 0 MB globals, 16 P
gc 3046 @38.972s 1%: 0.096+0.46+0.16 ms clock, 1.5+0.44/0.75/0.093+2.7 ms cpu, 3->4->1 MB, 4 MB goal, 0 MB stacks, 0 MB globals, 16 P
gc 3047 @38.974s 1%: 0.12+0.62+0.14 ms clock, 1.9+0.50/0.91/0+2.2 ms cpu, 3->4->2 MB, 4 MB goal, 0 MB stacks, 0 MB globals, 16 P
gc 3048 @38.975s 1%: 0.15+0.66+0.045 ms clock, 2.4+0.64/0.89/0+0.73 ms cpu, 3->4->1 MB, 4 MB goal, 0 MB stacks, 0 MB globals, 16 P
gc 3049 @38.977s 1%: 0.17+0.58+0.097 ms clock, 2.8+0.62/0.93/0+1.5 ms cpu, 3->4->2 MB, 4 MB goal, 0 MB stacks, 0 MB globals, 16 P
gc 3050 @38.979s 1%: 0.12+0.59+0.087 ms clock, 1.9+0.39/0.85/0+1.3 ms cpu, 3->4->1 MB, 4 MB goal, 0 MB stacks, 0 MB globals, 16 P
gc 3051 @38.981s 1%: 0.11+0.57+0.10 ms clock, 1.8+0.69/0.79/0+1.6 ms cpu, 3->4->1 MB, 4 MB goal, 0 MB stacks, 0 MB globals, 16 P
gc 3052 @38.982s 1%: 0.19+0.58+0.11 ms clock, 3.0+0.56/0.83/0+1.7 ms cpu, 3->4->1 MB, 4 MB goal, 0 MB stacks, 0 MB globals, 16 P
gc 3053 @38.984s 1%: 0.12+0.51+0.16 ms clock, 2.0+0.56/0.81/0.025+2.6 ms cpu, 3->4->1 MB, 4 MB goal, 0 MB stacks, 0 MB globals, 16 P
gc 3054 @38.986s 1%: 0.10+0.47+0.17 ms clock, 1.7+0.58/0.81/0+2.7 ms cpu, 3->4->1 MB, 4 MB goal, 0 MB stacks, 0 MB globals, 16 P
gc 3055 @38.987s 1%: 0.18+0.60+0.090 ms clock, 2.9+0.49/0.84/0+1.4 ms cpu, 3->4->2 MB, 4 MB goal, 0 MB stacks, 0 MB globals, 16 P
gc 3056 @38.989s 1%: 0.057+0.58+0.10 ms clock, 0.92+0.48/0.78/0.055+1.6 ms cpu, 3->4->1 MB, 4 MB goal, 0 MB stacks, 0 MB globals, 16 P
gc 3057 @38.990s 1%: 0.13+0.57+0.082 ms clock, 2.2+0.64/0.80/0.008+1.3 ms cpu, 3->4->2 MB, 4 MB goal, 0 MB stacks, 0 MB globals, 16 P
gc 3058 @38.992s 1%: 0.12+0.44+0.17 ms clock, 2.0+0.57/0.80/0.001+2.7 ms cpu, 3->4->1 MB, 4 MB goal, 0 MB stacks, 0 MB globals, 16 P
gc 3059 @38.994s 1%: 0.12+0.63+0.13 ms clock, 1.9+0.70/0.97/0.011+2.1 ms cpu, 3->4->2 MB, 4 MB goal, 0 MB stacks, 0 MB globals, 16 P
gc 3060 @38.996s 1%: 0.096+0.56+0.10 ms clock, 1.5+0.50/0.79/0.017+1.6 ms cpu, 3->4->1 MB, 4 MB goal, 0 MB stacks, 0 MB globals, 16 P
gc 3061 @38.997s 1%: 0.10+0.52+0.093 ms clock, 1.7+0.62/0.71/0+1.5 ms cpu, 3->4->1 MB, 4 MB goal, 0 MB stacks, 0 MB globals, 16 P
gc 3062 @38.999s 1%: 0.14+0.71+0.092 ms clock, 2.2+0.60/0.90/0+1.4 ms cpu, 3->4->2 MB, 4 MB goal, 0 MB stacks, 0 MB globals, 16 P
gc 3063 @39.001s 1%: 0.14+0.58+0.11 ms clock, 2.3+0.58/0.80/0.041+1.8 ms cpu, 3->4->2 MB, 4 MB goal, 0 MB stacks, 0 MB globals, 16 P
gc 3064 @39.002s 1%: 0.11+0.50+0.11 ms clock, 1.7+0.58/0.82/0+1.8 ms cpu, 3->4->1 MB, 4 MB goal, 0 MB stacks, 0 MB globals, 16 P
gc 3065 @39.004s 1%: 0.13+0.69+0.082 ms clock, 2.1+0.67/0.79/0+1.3 ms cpu, 3->4->1 MB, 4 MB goal, 0 MB stacks, 0 MB globals, 16 P
gc 3066 @39.006s 1%: 0.10+0.57+0.16 ms clock, 1.7+0.58/0.85/0+2.5 ms cpu, 3->4->1 MB, 4 MB goal, 0 MB stacks, 0 MB globals, 16 P
gc 3067 @39.007s 1%: 0.13+0.58+0.084 ms clock, 2.1+0.62/0.93/0+1.3 ms cpu, 3->4->1 MB, 4 MB goal, 0 MB stacks, 0 MB globals, 16 P
gc 3068 @39.009s 1%: 0.12+0.46+0.13 ms clock, 1.9+0.60/0.73/0+2.1 ms cpu, 3->4->1 MB, 4 MB goal, 0 MB stacks, 0 MB globals, 16 P
gc 3069 @39.010s 1%: 0.22+0.84+0.11 ms clock, 3.6+0.72/0.76/0+1.8 ms cpu, 3->4->2 MB, 4 MB goal, 0 MB stacks, 0 MB globals, 16 P
gc 3070 @39.013s 1%: 0.11+0.46+0.12 ms clock, 1.9+0.54/0.80/0+1.9 ms cpu, 4->4->1 MB, 4 MB goal, 0 MB stacks, 0 MB globals, 16 P
gc 3071 @39.014s 1%: 0.11+0.78+0.12 ms clock, 1.8+0.56/0.94/0+1.9 ms cpu, 3->4->2 MB, 4 MB goal, 0 MB stacks, 0 MB globals, 16 P
gc 3072 @39.016s 1%: 0.11+0.64+0.10 ms clock, 1.8+0.61/0.84/0+1.7 ms cpu, 3->4->1 MB, 4 MB goal, 0 MB stacks, 0 MB globals, 16 P
gc 3073 @39.018s 1%: 0.11+0.53+0.10 ms clock, 1.8+0.61/0.78/0+1.6 ms cpu, 3->4->1 MB, 4 MB goal, 0 MB stacks, 0 MB globals, 16 P
gc 3074 @39.019s 1%: 0.16+0.53+0.11 ms clock, 2.6+0.60/0.84/0+1.8 ms cpu, 3->4->1 MB, 4 MB goal, 0 MB stacks, 0 MB globals, 16 P
gc 3075 @39.021s 1%: 0.13+0.53+0.11 ms clock, 2.1+0.44/0.93/0+1.7 ms cpu, 3->4->1 MB, 4 MB goal, 0 MB stacks, 0 MB globals, 16 P
gc 3076 @39.022s 1%: 0.15+0.59+0.083 ms clock, 2.5+0.69/0.80/0+1.3 ms cpu, 3->4->2 MB, 4 MB goal, 0 MB stacks, 0 MB globals, 16 P
gc 3077 @39.024s 1%: 0.15+0.51+0.068 ms clock, 2.4+0.64/0.76/0+1.0 ms cpu, 3->4->1 MB, 4 MB goal, 0 MB stacks, 0 MB globals, 16 P
gc 3078 @39.026s 1%: 0.11+0.47+0.16 ms clock, 1.8+0.55/0.76/0.008+2.6 ms cpu, 3->4->1 MB, 4 MB goal, 0 MB stacks, 0 MB globals, 16 P
gc 3079 @39.027s 1%: 0.13+0.60+0.073 ms clock, 2.1+0.54/0.81/0+1.1 ms cpu, 3->4->1 MB, 4 MB goal, 0 MB stacks, 0 MB globals, 16 P
gc 3080 @39.029s 1%: 0.079+0.48+0.097 ms clock, 1.2+0.71/0.67/0.019+1.5 ms cpu, 3->4->1 MB, 4 MB goal, 0 MB stacks, 0 MB globals, 16 P
gc 3081 @39.031s 1%: 0.13+0.52+0.12 ms clock, 2.1+0.64/0.75/0+1.9 ms cpu, 3->4->1 MB, 4 MB goal, 0 MB stacks, 0 MB globals, 16 P
gc 3082 @39.032s 1%: 0.18+0.48+0.10 ms clock, 3.0+0.69/0.83/0+1.6 ms cpu, 3->3->1 MB, 4 MB goal, 0 MB stacks, 0 MB globals, 16 P
gc 3083 @39.034s 1%: 0.12+0.49+0.11 ms clock, 2.0+0.70/0.76/0.003+1.8 ms cpu, 3->4->1 MB, 4 MB goal, 0 MB stacks, 0 MB globals, 16 P
gc 3084 @39.035s 1%: 0.18+0.81+0.093 ms clock, 3.0+0.61/0.78/0+1.4 ms cpu, 3->4->2 MB, 4 MB goal, 0 MB stacks, 0 MB globals, 16 P
gc 3085 @39.037s 1%: 0.15+0.61+0.14 ms clock, 2.4+0.61/0.71/0.033+2.3 ms cpu, 4->4->1 MB, 4 MB goal, 0 MB stacks, 0 MB globals, 16 P
gc 3086 @39.039s 1%: 0.11+0.50+0.11 ms clock, 1.8+0.59/0.72/0+1.8 ms cpu, 3->4->1 MB, 4 MB goal, 0 MB stacks, 0 MB globals, 16 P
gc 3087 @39.041s 1%: 0.11+0.66+0.10 ms clock, 1.8+0.61/0.86/0+1.7 ms cpu, 3->4->2 MB, 4 MB goal, 0 MB stacks, 0 MB globals, 16 P
gc 3088 @39.042s 1%: 0.12+0.41+0.16 ms clock, 1.9+0.57/0.68/0.056+2.7 ms cpu, 3->4->1 MB, 4 MB goal, 0 MB stacks, 0 MB globals, 16 P
gc 3089 @39.044s 1%: 0.099+0.57+0.13 ms clock, 1.5+0.66/0.82/0+2.1 ms cpu, 3->4->1 MB, 4 MB goal, 0 MB stacks, 0 MB globals, 16 P
gc 3090 @39.045s 1%: 0.11+0.50+0.10 ms clock, 1.9+0.63/0.79/0+1.6 ms cpu, 3->4->1 MB, 4 MB goal, 0 MB stacks, 0 MB globals, 16 P
gc 3091 @39.047s 1%: 0.095+0.53+0.13 ms clock, 1.5+0.47/0.90/0+2.1 ms cpu, 3->4->1 MB, 4 MB goal, 0 MB stacks, 0 MB globals, 16 P
gc 3092 @39.048s 1%: 0.11+0.66+0.10 ms clock, 1.7+0.64/0.85/0+1.6 ms cpu, 3->4->2 MB, 4 MB goal, 0 MB stacks, 0 MB globals, 16 P
gc 3093 @39.050s 1%: 0.13+0.56+0.098 ms clock, 2.1+0.56/0.81/0+1.5 ms cpu, 3->4->1 MB, 4 MB goal, 0 MB stacks, 0 MB globals, 16 P
gc 3094 @39.052s 1%: 0.10+0.49+0.18 ms clock, 1.7+0.49/0.77/0.014+2.8 ms cpu, 3->4->1 MB, 4 MB goal, 0 MB stacks, 0 MB globals, 16 P
gc 3095 @39.053s 1%: 0.15+0.51+0.11 ms clock, 2.4+0.61/0.79/0+1.8 ms cpu, 3->4->1 MB, 4 MB goal, 0 MB stacks, 0 MB globals, 16 P
gc 3096 @39.055s 1%: 0.18+0.70+0.13 ms clock, 2.9+0.58/0.75/0+2.1 ms cpu, 3->4->2 MB, 4 MB goal, 0 MB stacks, 0 MB globals, 16 P
gc 3097 @39.057s 1%: 0.15+0.79+0.097 ms clock, 2.4+0.62/0.83/0+1.5 ms cpu, 3->4->2 MB, 4 MB goal, 0 MB stacks, 0 MB globals, 16 P
gc 3098 @39.059s 1%: 0.099+0.59+0.095 ms clock, 1.5+0.51/0.88/0+1.5 ms cpu, 3->4->1 MB, 4 MB goal, 0 MB stacks, 0 MB globals, 16 P
gc 3099 @39.060s 1%: 0.098+0.62+0.071 ms clock, 1.5+0.49/0.84/0+1.1 ms cpu, 3->4->1 MB, 4 MB goal, 0 MB stacks, 0 MB globals, 16 P
gc 3100 @39.062s 1%: 0.10+0.65+0.085 ms clock, 1.7+0.46/0.85/0+1.3 ms cpu, 3->4->1 MB, 4 MB goal, 0 MB stacks, 0 MB globals, 16 P
gc 3101 @39.064s 1%: 0.11+0.70+0.097 ms clock, 1.9+0.61/0.90/0+1.5 ms cpu, 3->4->2 MB, 4 MB goal, 0 MB stacks, 0 MB globals, 16 P
gc 3102 @39.066s 1%: 0.11+0.42+0.16 ms clock, 1.8+0.57/0.73/0+2.6 ms cpu, 3->4->1 MB, 4 MB goal, 0 MB stacks, 0 MB globals, 16 P
gc 3103 @39.067s 1%: 0.14+0.51+0.080 ms clock, 2.2+0.57/0.79/0.002+1.2 ms cpu, 3->4->1 MB, 4 MB goal, 0 MB stacks, 0 MB globals, 16 P
gc 3104 @39.069s 1%: 0.13+0.54+0.091 ms clock, 2.1+0.66/0.80/0.028+1.4 ms cpu, 3->4->1 MB, 4 MB goal, 0 MB stacks, 0 MB globals, 16 P
gc 3105 @39.070s 1%: 0.17+0.64+0.088 ms clock, 2.7+0.60/0.82/0+1.4 ms cpu, 3->4->2 MB, 4 MB goal, 0 MB stacks, 0 MB globals, 16 P
gc 3106 @39.072s 1%: 0.12+0.73+0.066 ms clock, 2.0+0.59/0.82/0+1.0 ms cpu, 3->4->2 MB, 4 MB goal, 0 MB stacks, 0 MB globals, 16 P
gc 3107 @39.074s 1%: 0.15+0.63+0.084 ms clock, 2.4+0.55/0.78/0+1.3 ms cpu, 3->4->1 MB, 4 MB goal, 0 MB stacks, 0 MB globals, 16 P
gc 3108 @39.076s 1%: 0.12+0.66+0.10 ms clock, 2.0+0.54/0.87/0+1.7 ms cpu, 3->4->2 MB, 4 MB goal, 0 MB stacks, 0 MB globals, 16 P
gc 3109 @39.078s 1%: 0.12+0.43+0.22 ms clock, 2.0+0.57/0.77/0+3.6 ms cpu, 3->4->1 MB, 4 MB goal, 0 MB stacks, 0 MB globals, 16 P
gc 3110 @39.079s 1%: 0.16+0.61+0.14 ms clock, 2.5+0.44/0.89/0.011+2.3 ms cpu, 3->4->1 MB, 4 MB goal, 0 MB stacks, 0 MB globals, 16 P
gc 3111 @39.081s 1%: 0.11+0.72+0.094 ms clock, 1.7+0.56/0.90/0.049+1.5 ms cpu, 3->4->2 MB, 4 MB goal, 0 MB stacks, 0 MB globals, 16 P
gc 3112 @39.083s 1%: 0.11+0.49+0.097 ms clock, 1.8+0.50/0.77/0+1.5 ms cpu, 3->4->1 MB, 4 MB goal, 0 MB stacks, 0 MB globals, 16 P
gc 3113 @39.084s 1%: 0.13+0.66+0.15 ms clock, 2.1+0.75/0.75/0+2.4 ms cpu, 3->4->2 MB, 4 MB goal, 0 MB stacks, 0 MB globals, 16 P
gc 3114 @39.086s 1%: 0.12+0.59+0.17 ms clock, 1.9+0.55/0.84/0.016+2.7 ms cpu, 3->4->2 MB, 4 MB goal, 0 MB stacks, 0 MB globals, 16 P
gc 3115 @39.088s 1%: 0.12+0.49+0.12 ms clock, 1.9+0.65/0.79/0+2.0 ms cpu, 3->4->1 MB, 4 MB goal, 0 MB stacks, 0 MB globals, 16 P
gc 3116 @39.089s 1%: 0.15+0.66+0.054 ms clock, 2.4+0.52/0.85/0+0.87 ms cpu, 3->4->1 MB, 4 MB goal, 0 MB stacks, 0 MB globals, 16 P
gc 3117 @39.091s 1%: 0.11+0.59+0.10 ms clock, 1.7+0.52/0.80/0.024+1.6 ms cpu, 3->4->1 MB, 4 MB goal, 0 MB stacks, 0 MB globals, 16 P
gc 3118 @39.093s 1%: 0.13+0.44+0.11 ms clock, 2.1+0.45/0.75/0.031+1.8 ms cpu, 3->4->1 MB, 4 MB goal, 0 MB stacks, 0 MB globals, 16 P
gc 3119 @39.094s 1%: 0.12+0.65+0.080 ms clock, 2.0+0.64/0.73/0+1.2 ms cpu, 3->4->1 MB, 4 MB goal, 0 MB stacks, 0 MB globals, 16 P
gc 3120 @39.096s 1%: 0.13+0.86+0.098 ms clock, 2.0+0.63/0.77/0+1.5 ms cpu, 3->4->2 MB, 4 MB goal, 0 MB stacks, 0 MB globals, 16 P
gc 3121 @39.098s 1%: 0.10+0.52+0.13 ms clock, 1.7+0.49/0.75/0.074+2.1 ms cpu, 4->4->1 MB, 4 MB goal, 0 MB stacks, 0 MB globals, 16 P
gc 3122 @39.100s 1%: 0.085+0.61+0.095 ms clock, 1.3+0.61/0.91/0.015+1.5 ms cpu, 3->4->1 MB, 4 MB goal, 0 MB stacks, 0 MB globals, 16 P
gc 3123 @39.101s 1%: 0.11+0.62+0.061 ms clock, 1.8+0.46/0.82/0.011+0.98 ms cpu, 3->4->1 MB, 4 MB goal, 0 MB stacks, 0 MB globals, 16 P
gc 3124 @39.103s 1%: 0.11+0.48+0.14 ms clock, 1.9+0.55/0.82/0.023+2.2 ms cpu, 3->4->1 MB, 4 MB goal, 0 MB stacks, 0 MB globals, 16 P
gc 3125 @39.104s 1%: 0.13+0.54+0.086 ms clock, 2.2+0.48/0.96/0+1.3 ms cpu, 3->4->1 MB, 4 MB goal, 0 MB stacks, 0 MB globals, 16 P
gc 3126 @39.106s 1%: 0.12+0.63+0.066 ms clock, 1.9+0.52/0.76/0+1.0 ms cpu, 3->4->1 MB, 4 MB goal, 0 MB stacks, 0 MB globals, 16 P
gc 3127 @39.108s 1%: 0.15+0.53+0.16 ms clock, 2.4+0.51/0.89/0+2.6 ms cpu, 3->4->1 MB, 4 MB goal, 0 MB stacks, 0 MB globals, 16 P
gc 3128 @39.109s 1%: 0.11+0.67+0.13 ms clock, 1.8+0.65/0.81/0+2.1 ms cpu, 3->4->2 MB, 4 MB goal, 0 MB stacks, 0 MB globals, 16 P
gc 3129 @39.111s 1%: 0.11+0.69+0.073 ms clock, 1.8+0.51/0.84/0+1.1 ms cpu, 3->4->2 MB, 4 MB goal, 0 MB stacks, 0 MB globals, 16 P
gc 3130 @39.113s 1%: 0.13+0.47+0.12 ms clock, 2.1+0.56/0.73/0.022+2.0 ms cpu, 3->4->1 MB, 4 MB goal, 0 MB stacks, 0 MB globals, 16 P
gc 3131 @39.114s 1%: 0.10+0.54+0.094 ms clock, 1.6+0.45/0.90/0.033+1.5 ms cpu, 3->4->1 MB, 4 MB goal, 0 MB stacks, 0 MB globals, 16 P
gc 3132 @39.116s 1%: 0.19+0.65+0.094 ms clock, 3.1+0.48/0.85/0.011+1.5 ms cpu, 3->4->1 MB, 4 MB goal, 0 MB stacks, 0 MB globals, 16 P
gc 3133 @39.118s 1%: 0.11+0.66+0.11 ms clock, 1.8+0.73/0.85/0+1.8 ms cpu, 3->4->2 MB, 4 MB goal, 0 MB stacks, 0 MB globals, 16 P
gc 3134 @39.119s 1%: 0.15+0.47+0.21 ms clock, 2.4+0.60/0.78/0+3.4 ms cpu, 3->4->1 MB, 4 MB goal, 0 MB stacks, 0 MB globals, 16 P
gc 3135 @39.121s 1%: 0.12+0.48+0.15 ms clock, 2.0+0.53/0.77/0.028+2.5 ms cpu, 3->4->1 MB, 4 MB goal, 0 MB stacks, 0 MB globals, 16 P
gc 3136 @39.122s 1%: 0.11+0.42+0.12 ms clock, 1.8+0.58/0.73/0+1.9 ms cpu, 3->4->1 MB, 4 MB goal, 0 MB stacks, 0 MB globals, 16 P
gc 3137 @39.124s 1%: 0.16+0.84+0.060 ms clock, 2.5+0.58/0.95/0.061+0.97 ms cpu, 3->4->2 MB, 4 MB goal, 0 MB stacks, 0 MB globals, 16 P
gc 3138 @39.126s 1%: 0.13+0.48+0.14 ms clock, 2.1+0.65/0.74/0+2.3 ms cpu, 4->4->1 MB, 4 MB goal, 0 MB stacks, 0 MB globals, 16 P
gc 3139 @39.127s 1%: 0.11+0.61+0.11 ms clock, 1.8+0.58/0.94/0+1.7 ms cpu, 3->4->2 MB, 4 MB goal, 0 MB stacks, 0 MB globals, 16 P
gc 3140 @39.129s 1%: 0.11+0.56+0.091 ms clock, 1.8+0.61/0.83/0+1.4 ms cpu, 3->4->2 MB, 4 MB goal, 0 MB stacks, 0 MB globals, 16 P
gc 3141 @39.131s 1%: 0.11+0.64+0.081 ms clock, 1.8+0.46/1.0/0.027+1.3 ms cpu, 3->4->1 MB, 4 MB goal, 0 MB stacks, 0 MB globals, 16 P
gc 3142 @39.132s 1%: 0.099+0.49+0.10 ms clock, 1.5+0.64/0.77/0+1.6 ms cpu, 3->4->1 MB, 4 MB goal, 0 MB stacks, 0 MB globals, 16 P
gc 3143 @39.134s 1%: 0.11+0.74+0.10 ms clock, 1.8+0.56/0.85/0.004+1.7 ms cpu, 3->4->2 MB, 4 MB goal, 0 MB stacks, 0 MB globals, 16 P
gc 3144 @39.136s 1%: 0.15+0.48+0.16 ms clock, 2.5+0.35/0.78/0.055+2.5 ms cpu, 3->4->1 MB, 4 MB goal, 0 MB stacks, 0 MB globals, 16 P
gc 3145 @39.137s 1%: 0.11+0.64+0.086 ms clock, 1.8+0.41/0.94/0+1.3 ms cpu, 3->4->1 MB, 4 MB goal, 0 MB stacks, 0 MB globals, 16 P
gc 3146 @39.139s 1%: 0.11+0.58+0.10 ms clock, 1.8+0.64/0.90/0.009+1.6 ms cpu, 3->4->1 MB, 4 MB goal, 0 MB stacks, 0 MB globals, 16 P
gc 3147 @39.140s 1%: 0.11+0.65+0.10 ms clock, 1.9+0.68/0.88/0.005+1.6 ms cpu, 3->4->2 MB, 4 MB goal, 0 MB stacks, 0 MB globals, 16 P
gc 3148 @39.142s 1%: 0.089+0.65+0.082 ms clock, 1.4+0.47/0.94/0.020+1.3 ms cpu, 3->4->1 MB, 4 MB goal, 0 MB stacks, 0 MB globals, 16 P
gc 3149 @39.144s 1%: 0.13+0.45+0.093 ms clock, 2.0+0.67/0.69/0.003+1.4 ms cpu, 3->4->1 MB, 4 MB goal, 0 MB stacks, 0 MB globals, 16 P
gc 3150 @39.145s 1%: 0.16+0.59+0.16 ms clock, 2.5+0.69/0.64/0.007+2.6 ms cpu, 3->4->1 MB, 4 MB goal, 0 MB stacks, 0 MB globals, 16 P
gc 3151 @39.147s 1%: 0.13+0.62+0.074 ms clock, 2.1+0.64/0.80/0+1.1 ms cpu, 3->4->1 MB, 4 MB goal, 0 MB stacks, 0 MB globals, 16 P
gc 3152 @39.149s 1%: 0.14+0.42+0.14 ms clock, 2.3+0.63/0.70/0.028+2.2 ms cpu, 3->4->1 MB, 4 MB goal, 0 MB stacks, 0 MB globals, 16 P
gc 3153 @39.150s 1%: 0.15+0.50+0.17 ms clock, 2.4+0.71/0.81/0+2.7 ms cpu, 3->3->1 MB, 4 MB goal, 0 MB stacks, 0 MB globals, 16 P
gc 3154 @39.152s 1%: 0.11+0.64+0.13 ms clock, 1.7+0.68/0.94/0+2.0 ms cpu, 3->4->2 MB, 4 MB goal, 0 MB stacks, 0 MB globals, 16 P
gc 3155 @39.154s 1%: 0.13+0.48+0.093 ms clock, 2.0+0.56/0.73/0.004+1.4 ms cpu, 3->4->1 MB, 4 MB goal, 0 MB stacks, 0 MB globals, 16 P
gc 3156 @39.155s 1%: 0.12+0.53+0.10 ms clock, 1.9+0.62/0.84/0.013+1.7 ms cpu, 3->4->1 MB, 4 MB goal, 0 MB stacks, 0 MB globals, 16 P
gc 3157 @39.157s 1%: 0.12+0.60+0.056 ms clock, 1.9+0.54/0.83/0+0.91 ms cpu, 3->4->2 MB, 4 MB goal, 0 MB stacks, 0 MB globals, 16 P
gc 3158 @39.158s 1%: 0.18+0.45+0.13 ms clock, 3.0+0.58/0.73/0+2.1 ms cpu, 3->4->1 MB, 4 MB goal, 0 MB stacks, 0 MB globals, 16 P
gc 3159 @39.160s 1%: 0.13+0.50+0.096 ms clock, 2.1+0.62/0.76/0.015+1.5 ms cpu, 3->4->1 MB, 4 MB goal, 0 MB stacks, 0 MB globals, 16 P
gc 3160 @39.161s 1%: 0.098+0.47+0.10 ms clock, 1.5+0.55/0.82/0+1.6 ms cpu, 3->3->1 MB, 4 MB goal, 0 MB stacks, 0 MB globals, 16 P
gc 3161 @39.163s 1%: 0.11+0.55+0.091 ms clock, 1.8+0.54/0.94/0+1.4 ms cpu, 3->4->1 MB, 4 MB goal, 0 MB stacks, 0 MB globals, 16 P
gc 3162 @39.164s 1%: 0.13+0.66+0.10 ms clock, 2.1+0.67/0.84/0+1.6 ms cpu, 3->4->2 MB, 4 MB goal, 0 MB stacks, 0 MB globals, 16 P
gc 3163 @39.166s 1%: 0.076+0.65+0.093 ms clock, 1.2+0.50/0.93/0.017+1.5 ms cpu, 3->4->1 MB, 4 MB goal, 0 MB stacks, 0 MB globals, 16 P
gc 3164 @39.168s 1%: 0.086+0.47+0.091 ms clock, 1.3+0.57/0.74/0+1.4 ms cpu, 3->4->1 MB, 4 MB goal, 0 MB stacks, 0 MB globals, 16 P
gc 3165 @39.169s 1%: 0.17+0.51+0.15 ms clock, 2.7+0.67/0.85/0+2.4 ms cpu, 3->4->2 MB, 4 MB goal, 0 MB stacks, 0 MB globals, 16 P
gc 3166 @39.171s 1%: 0.13+0.56+0.19 ms clock, 2.1+0.52/0.82/0.022+3.1 ms cpu, 3->4->1 MB, 4 MB goal, 0 MB stacks, 0 MB globals, 16 P
gc 3167 @39.173s 1%: 0.085+0.63+0.063 ms clock, 1.3+0.64/0.94/0+1.0 ms cpu, 3->4->1 MB, 4 MB goal, 0 MB stacks, 0 MB globals, 16 P
gc 3168 @39.175s 1%: 0.16+0.56+0.079 ms clock, 2.7+0.56/0.84/0+1.2 ms cpu, 3->4->2 MB, 4 MB goal, 0 MB stacks, 0 MB globals, 16 P
gc 3169 @39.176s 1%: 0.10+0.48+0.11 ms clock, 1.6+0.56/0.84/0.011+1.7 ms cpu, 3->4->1 MB, 4 MB goal, 0 MB stacks, 0 MB globals, 16 P
gc 3170 @39.178s 1%: 0.10+0.65+0.099 ms clock, 1.7+0.48/0.71/0.073+1.5 ms cpu, 3->4->1 MB, 4 MB goal, 0 MB stacks, 0 MB globals, 16 P
gc 3171 @39.179s 1%: 0.14+0.54+0.097 ms clock, 2.3+0.55/0.87/0+1.5 ms cpu, 3->4->1 MB, 4 MB goal, 0 MB stacks, 0 MB globals, 16 P
gc 3172 @39.181s 1%: 0.20+0.53+0.14 ms clock, 3.3+0.63/0.95/0+2.3 ms cpu, 3->4->2 MB, 4 MB goal, 0 MB stacks, 0 MB globals, 16 P
gc 3173 @39.183s 1%: 0.14+0.63+0.10 ms clock, 2.3+0.57/0.86/0.003+1.6 ms cpu, 3->4->2 MB, 4 MB goal, 0 MB stacks, 0 MB globals, 16 P
gc 3174 @39.185s 1%: 0.14+0.61+0.12 ms clock, 2.3+0.56/0.88/0+1.9 ms cpu, 3->4->2 MB, 4 MB goal, 0 MB stacks, 0 MB globals, 16 P
gc 3175 @39.186s 1%: 0.11+0.49+0.091 ms clock, 1.8+0.66/0.72/0+1.4 ms cpu, 3->4->1 MB, 4 MB goal, 0 MB stacks, 0 MB globals, 16 P
gc 3176 @39.188s 1%: 0.13+0.59+0.095 ms clock, 2.1+0.55/0.91/0.003+1.5 ms cpu, 3->4->1 MB, 4 MB goal, 0 MB stacks, 0 MB globals, 16 P
gc 3177 @39.189s 1%: 0.12+0.72+0.10 ms clock, 1.9+0.63/0.69/0+1.6 ms cpu, 3->4->2 MB, 4 MB goal, 0 MB stacks, 0 MB globals, 16 P
gc 3178 @39.191s 1%: 0.11+0.49+0.10 ms clock, 1.7+0.61/0.76/0.009+1.6 ms cpu, 3->4->1 MB, 4 MB goal, 0 MB stacks, 0 MB globals, 16 P
gc 3179 @39.193s 1%: 0.095+0.64+0.10 ms clock, 1.5+0.49/0.97/0.007+1.6 ms cpu, 3->4->2 MB, 4 MB goal, 0 MB stacks, 0 MB globals, 16 P
gc 3180 @39.194s 1%: 0.077+0.57+0.10 ms clock, 1.2+0.62/0.82/0.045+1.6 ms cpu, 3->4->1 MB, 4 MB goal, 0 MB stacks, 0 MB globals, 16 P
gc 3181 @39.196s 1%: 0.13+0.61+0.074 ms clock, 2.1+0.50/0.82/0.019+1.1 ms cpu, 3->4->2 MB, 4 MB goal, 0 MB stacks, 0 MB globals, 16 P
gc 3182 @39.198s 1%: 0.18+0.61+0.18 ms clock, 2.9+0.61/0.95/0+3.0 ms cpu, 3->4->2 MB, 4 MB goal, 0 MB stacks, 0 MB globals, 16 P
gc 3183 @39.200s 1%: 0.13+0.77+0.087 ms clock, 2.1+0.65/1.0/0.005+1.3 ms cpu, 3->4->2 MB, 4 MB goal, 0 MB stacks, 0 MB globals, 16 P
gc 3184 @39.202s 1%: 0.11+0.74+0.12 ms clock, 1.7+0.63/0.74/0+1.9 ms cpu, 4->4->2 MB, 4 MB goal, 0 MB stacks, 0 MB globals, 16 P
gc 3185 @39.204s 1%: 0.12+0.72+0.12 ms clock, 1.9+0.57/0.76/0+1.9 ms cpu, 3->4->2 MB, 4 MB goal, 0 MB stacks, 0 MB globals, 16 P
gc 3186 @39.206s 1%: 0.10+0.67+0.067 ms clock, 1.6+0.56/0.77/0.029+1.0 ms cpu, 3->4->1 MB, 4 MB goal, 0 MB stacks, 0 MB globals, 16 P
gc 3187 @39.207s 1%: 0.17+0.60+0.10 ms clock, 2.7+0.48/0.84/0+1.6 ms cpu, 3->4->1 MB, 4 MB goal, 0 MB stacks, 0 MB globals, 16 P
gc 3188 @39.209s 1%: 0.15+0.54+0.11 ms clock, 2.4+0.60/0.82/0+1.8 ms cpu, 3->4->1 MB, 4 MB goal, 0 MB stacks, 0 MB globals, 16 P
gc 3189 @39.211s 1%: 0.14+0.49+0.11 ms clock, 2.2+0.59/0.80/0.037+1.8 ms cpu, 3->4->1 MB, 4 MB goal, 0 MB stacks, 0 MB globals, 16 P
gc 3190 @39.212s 1%: 0.11+0.58+0.097 ms clock, 1.8+0.62/0.82/0+1.5 ms cpu, 3->4->1 MB, 4 MB goal, 0 MB stacks, 0 MB globals, 16 P
gc 3191 @39.214s 1%: 0.15+0.59+0.11 ms clock, 2.4+0.56/0.79/0+1.8 ms cpu, 3->4->1 MB, 4 MB goal, 0 MB stacks, 0 MB globals, 16 P
gc 3192 @39.215s 1%: 0.10+0.57+0.089 ms clock, 1.7+0.50/0.85/0+1.4 ms cpu, 3->4->1 MB, 4 MB goal, 0 MB stacks, 0 MB globals, 16 P
gc 3193 @39.217s 1%: 0.11+0.47+0.055 ms clock, 1.8+0.64/0.77/0.002+0.89 ms cpu, 3->4->1 MB, 4 MB goal, 0 MB stacks, 0 MB globals, 16 P
gc 3194 @39.219s 1%: 0.18+0.63+0.077 ms clock, 2.8+0.57/0.96/0+1.2 ms cpu, 3->4->2 MB, 4 MB goal, 0 MB stacks, 0 MB globals, 16 P
gc 3195 @39.220s 1%: 0.13+0.59+0.094 ms clock, 2.2+0.73/0.75/0+1.5 ms cpu, 3->4->2 MB, 4 MB goal, 0 MB stacks, 0 MB globals, 16 P
gc 3196 @39.222s 1%: 0.11+0.41+0.10 ms clock, 1.8+0.51/0.78/0+1.7 ms cpu, 3->4->1 MB, 4 MB goal, 0 MB stacks, 0 MB globals, 16 P
gc 3197 @39.223s 1%: 0.12+0.62+0.079 ms clock, 2.0+0.74/0.82/0+1.2 ms cpu, 3->3->1 MB, 4 MB goal, 0 MB stacks, 0 MB globals, 16 P
gc 3198 @39.225s 1%: 0.12+0.56+0.11 ms clock, 1.9+0.58/0.82/0.017+1.9 ms cpu, 3->4->1 MB, 4 MB goal, 0 MB stacks, 0 MB globals, 16 P
gc 3199 @39.227s 1%: 0.15+0.53+0.13 ms clock, 2.4+0.45/0.80/0+2.1 ms cpu, 3->4->1 MB, 4 MB goal, 0 MB stacks, 0 MB globals, 16 P
gc 3200 @39.228s 1%: 0.11+0.56+0.11 ms clock, 1.7+0.48/0.94/0+1.9 ms cpu, 3->4->1 MB, 4 MB goal, 0 MB stacks, 0 MB globals, 16 P
gc 3201 @39.230s 1%: 0.11+0.51+0.20 ms clock, 1.9+0.69/0.73/0+3.2 ms cpu, 3->4->1 MB, 4 MB goal, 0 MB stacks, 0 MB globals, 16 P
gc 3202 @39.232s 1%: 0.12+0.53+0.10 ms clock, 2.0+0.53/0.85/0+1.7 ms cpu, 3->4->1 MB, 4 MB goal, 0 MB stacks, 0 MB globals, 16 P
gc 3203 @39.233s 1%: 0.10+0.58+0.14 ms clock, 1.6+0.54/0.73/0.035+2.3 ms cpu, 3->4->1 MB, 4 MB goal, 0 MB stacks, 0 MB globals, 16 P
gc 3204 @39.235s 1%: 0.12+0.56+0.091 ms clock, 2.0+0.63/0.75/0+1.4 ms cpu, 3->4->1 MB, 4 MB goal, 0 MB stacks, 0 MB globals, 16 P
gc 3205 @39.236s 1%: 0.20+0.62+0.087 ms clock, 3.2+0.68/0.92/0+1.3 ms cpu, 3->4->2 MB, 4 MB goal, 0 MB stacks, 0 MB globals, 16 P
gc 3206 @39.238s 1%: 0.10+0.62+0.086 ms clock, 1.6+0.50/0.92/0+1.3 ms cpu, 3->4->1 MB, 4 MB goal, 0 MB stacks, 0 MB globals, 16 P
gc 3207 @39.240s 1%: 0.11+0.54+0.11 ms clock, 1.7+0.63/0.74/0.003+1.8 ms cpu, 3->4->1 MB, 4 MB goal, 0 MB stacks, 0 MB globals, 16 P
gc 3208 @39.241s 1%: 0.085+0.64+0.080 ms clock, 1.3+0.61/0.93/0+1.2 ms cpu, 3->4->2 MB, 4 MB goal, 0 MB stacks, 0 MB globals, 16 P
gc 3209 @39.243s 1%: 0.13+0.58+0.081 ms clock, 2.1+0.68/0.85/0+1.3 ms cpu, 3->4->1 MB, 4 MB goal, 0 MB stacks, 0 MB globals, 16 P
gc 3210 @39.245s 1%: 0.098+0.48+0.078 ms clock, 1.5+0.67/0.79/0.082+1.2 ms cpu, 3->4->1 MB, 4 MB goal, 0 MB stacks, 0 MB globals, 16 P
gc 3211 @39.246s 1%: 0.10+0.65+0.092 ms clock, 1.7+0.57/0.85/0+1.4 ms cpu, 3->4->1 MB, 4 MB goal, 0 MB stacks, 0 MB globals, 16 P
gc 3212 @39.248s 1%: 0.14+0.51+0.088 ms clock, 2.2+0.60/0.86/0+1.4 ms cpu, 3->4->1 MB, 4 MB goal, 0 MB stacks, 0 MB globals, 16 P
gc 3213 @39.249s 1%: 0.14+0.49+0.11 ms clock, 2.3+0.56/0.77/0+1.7 ms cpu, 3->4->1 MB, 4 MB goal, 0 MB stacks, 0 MB globals, 16 P
gc 3214 @39.251s 1%: 0.097+0.79+0.062 ms clock, 1.5+0.59/1.0/0.022+0.99 ms cpu, 3->4->2 MB, 4 MB goal, 0 MB stacks, 0 MB globals, 16 P
gc 3215 @39.253s 1%: 0.15+0.59+0.12 ms clock, 2.4+0.68/0.79/0+1.9 ms cpu, 3->4->2 MB, 4 MB goal, 0 MB stacks, 0 MB globals, 16 P
gc 3216 @39.255s 1%: 0.10+0.58+0.18 ms clock, 1.7+0.56/0.82/0+2.9 ms cpu, 3->4->1 MB, 4 MB goal, 0 MB stacks, 0 MB globals, 16 P
gc 3217 @39.256s 1%: 0.14+0.69+0.077 ms clock, 2.2+0.62/0.96/0.002+1.2 ms cpu, 3->4->2 MB, 4 MB goal, 0 MB stacks, 0 MB globals, 16 P
gc 3218 @39.258s 1%: 0.12+0.71+0.078 ms clock, 1.9+0.66/0.83/0+1.2 ms cpu, 3->4->2 MB, 4 MB goal, 0 MB stacks, 0 MB globals, 16 P
gc 3219 @39.260s 1%: 0.10+0.61+0.071 ms clock, 1.6+0.60/0.69/0.054+1.1 ms cpu, 3->4->1 MB, 4 MB goal, 0 MB stacks, 0 MB globals, 16 P
gc 3220 @39.261s 1%: 0.12+0.62+0.12 ms clock, 2.0+0.61/0.84/0+2.0 ms cpu, 3->4->2 MB, 4 MB goal, 0 MB stacks, 0 MB globals, 16 P
gc 3221 @39.263s 1%: 0.13+0.74+0.081 ms clock, 2.0+0.66/0.80/0+1.2 ms cpu, 3->4->2 MB, 4 MB goal, 0 MB stacks, 0 MB globals, 16 P
gc 3222 @39.265s 1%: 0.11+0.53+0.098 ms clock, 1.8+0.52/0.88/0.021+1.5 ms cpu, 3->4->1 MB, 4 MB goal, 0 MB stacks, 0 MB globals, 16 P
gc 3223 @39.266s 1%: 0.099+0.55+0.10 ms clock, 1.5+0.57/0.93/0.037+1.6 ms cpu, 3->4->1 MB, 4 MB goal, 0 MB stacks, 0 MB globals, 16 P
gc 3224 @39.268s 1%: 0.11+0.50+0.11 ms clock, 1.8+0.69/0.80/0.034+1.8 ms cpu, 3->4->1 MB, 4 MB goal, 0 MB stacks, 0 MB globals, 16 P
gc 3225 @39.270s 1%: 0.14+0.61+0.12 ms clock, 2.3+0.60/0.92/0+1.9 ms cpu, 3->4->2 MB, 4 MB goal, 0 MB stacks, 0 MB globals, 16 P
gc 3226 @39.271s 1%: 0.10+0.76+0.13 ms clock, 1.6+0.54/0.76/0+2.1 ms cpu, 3->4->2 MB, 4 MB goal, 0 MB stacks, 0 MB globals, 16 P
gc 3227 @39.273s 1%: 0.17+0.54+0.086 ms clock, 2.7+0.44/0.72/0.054+1.3 ms cpu, 3->4->1 MB, 4 MB goal, 0 MB stacks, 0 MB globals, 16 P
gc 3228 @39.275s 1%: 0.17+0.57+0.095 ms clock, 2.7+0.66/0.81/0+1.5 ms cpu, 3->4->1 MB, 4 MB goal, 0 MB stacks, 0 MB globals, 16 P
gc 3229 @39.276s 1%: 0.19+0.63+0.080 ms clock, 3.1+0.76/0.72/0+1.2 ms cpu, 3->4->2 MB, 4 MB goal, 0 MB stacks, 0 MB globals, 16 P
gc 3230 @39.278s 1%: 0.14+0.54+0.082 ms clock, 2.3+0.54/0.82/0.010+1.3 ms cpu, 3->4->1 MB, 4 MB goal, 0 MB stacks, 0 MB globals, 16 P
gc 3231 @39.280s 1%: 0.12+0.53+0.11 ms clock, 1.9+0.53/0.84/0+1.8 ms cpu, 3->4->1 MB, 4 MB goal, 0 MB stacks, 0 MB globals, 16 P
gc 3232 @39.281s 1%: 0.10+0.46+0.13 ms clock, 1.7+0.59/0.73/0.025+2.2 ms cpu, 3->4->1 MB, 4 MB goal, 0 MB stacks, 0 MB globals, 16 P
gc 3233 @39.283s 1%: 0.084+0.78+0.047 ms clock, 1.3+0.49/0.82/0.012+0.76 ms cpu, 3->4->2 MB, 4 MB goal, 0 MB stacks, 0 MB globals, 16 P
gc 3234 @39.285s 1%: 0.13+0.53+0.10 ms clock, 2.1+0.61/0.81/0+1.6 ms cpu, 3->4->1 MB, 4 MB goal, 0 MB stacks, 0 MB globals, 16 P
gc 3235 @39.286s 1%: 0.13+0.46+0.12 ms clock, 2.1+0.54/0.91/0.005+2.0 ms cpu, 3->4->1 MB, 4 MB goal, 0 MB stacks, 0 MB globals, 16 P
gc 3236 @39.288s 1%: 0.10+0.57+0.086 ms clock, 1.7+0.70/0.83/0.014+1.3 ms cpu, 3->4->1 MB, 4 MB goal, 0 MB stacks, 0 MB globals, 16 P
gc 3237 @39.289s 1%: 0.12+0.82+0.094 ms clock, 2.0+0.65/0.85/0+1.5 ms cpu, 3->4->2 MB, 4 MB goal, 0 MB stacks, 0 MB globals, 16 P
gc 3238 @39.291s 1%: 0.11+0.80+0.12 ms clock, 1.7+0.45/1.0/0.003+2.0 ms cpu, 3->4->2 MB, 4 MB goal, 0 MB stacks, 0 MB globals, 16 P
gc 3239 @39.293s 1%: 0.12+0.46+0.094 ms clock, 2.0+0.60/0.81/0+1.5 ms cpu, 3->4->1 MB, 4 MB goal, 0 MB stacks, 0 MB globals, 16 P
gc 3240 @39.295s 1%: 0.11+0.57+0.12 ms clock, 1.8+0.69/0.86/0+1.9 ms cpu, 3->4->1 MB, 4 MB goal, 0 MB stacks, 0 MB globals, 16 P
gc 3241 @39.296s 1%: 0.12+0.45+0.15 ms clock, 2.0+0.57/0.75/0.004+2.5 ms cpu, 3->4->1 MB, 4 MB goal, 0 MB stacks, 0 MB globals, 16 P
gc 3242 @39.298s 1%: 0.15+0.68+0.10 ms clock, 2.5+0.62/0.83/0.033+1.6 ms cpu, 3->4->2 MB, 4 MB goal, 0 MB stacks, 0 MB globals, 16 P
gc 3243 @39.300s 1%: 0.11+0.52+0.084 ms clock, 1.8+0.46/0.97/0.001+1.3 ms cpu, 3->4->1 MB, 4 MB goal, 0 MB stacks, 0 MB globals, 16 P
gc 3244 @39.301s 1%: 0.15+0.59+0.17 ms clock, 2.4+0.57/0.83/0+2.8 ms cpu, 3->4->2 MB, 4 MB goal, 0 MB stacks, 0 MB globals, 16 P
gc 3245 @39.303s 1%: 0.13+0.43+0.10 ms clock, 2.2+0.71/0.68/0.003+1.6 ms cpu, 3->4->1 MB, 4 MB goal, 0 MB stacks, 0 MB globals, 16 P
gc 3246 @39.304s 1%: 0.16+0.48+0.15 ms clock, 2.7+0.39/0.79/0+2.4 ms cpu, 3->4->1 MB, 4 MB goal, 0 MB stacks, 0 MB globals, 16 P
gc 3247 @39.306s 1%: 0.14+0.51+0.086 ms clock, 2.3+0.65/0.79/0+1.3 ms cpu, 3->4->1 MB, 4 MB goal, 0 MB stacks, 0 MB globals, 16 P
gc 3248 @39.308s 1%: 0.20+0.64+0.10 ms clock, 3.2+0.60/0.93/0.010+1.7 ms cpu, 3->4->2 MB, 4 MB goal, 0 MB stacks, 0 MB globals, 16 P
gc 3249 @39.310s 1%: 0.087+0.62+0.056 ms clock, 1.3+0.54/0.83/0+0.89 ms cpu, 3->4->1 MB, 4 MB goal, 0 MB stacks, 0 MB globals, 16 P
gc 3250 @39.311s 1%: 0.14+0.68+0.10 ms clock, 2.3+0.65/0.91/0.006+1.6 ms cpu, 3->4->2 MB, 4 MB goal, 0 MB stacks, 0 MB globals, 16 P
gc 3251 @39.313s 1%: 0.13+0.49+0.12 ms clock, 2.1+0.62/0.84/0.021+2.0 ms cpu, 3->4->1 MB, 4 MB goal, 0 MB stacks, 0 MB globals, 16 P
gc 3252 @39.315s 1%: 0.13+0.75+0.12 ms clock, 2.1+0.59/0.87/0.040+2.0 ms cpu, 3->4->2 MB, 4 MB goal, 0 MB stacks, 0 MB globals, 16 P
gc 3253 @39.317s 1%: 0.10+0.62+0.12 ms clock, 1.7+0.51/0.98/0+2.0 ms cpu, 3->4->2 MB, 4 MB goal, 0 MB stacks, 0 MB globals, 16 P
gc 3254 @39.318s 1%: 0.18+0.67+0.11 ms clock, 2.9+0.66/0.92/0+1.9 ms cpu, 3->4->2 MB, 4 MB goal, 0 MB stacks, 0 MB globals, 16 P
gc 3255 @39.320s 1%: 0.18+0.44+0.11 ms clock, 3.0+0.54/0.87/0.003+1.8 ms cpu, 3->4->1 MB, 4 MB goal, 0 MB stacks, 0 MB globals, 16 P
gc 3256 @39.322s 1%: 0.17+0.56+0.13 ms clock, 2.7+0.63/0.96/0+2.1 ms cpu, 3->4->1 MB, 4 MB goal, 0 MB stacks, 0 MB globals, 16 P
gc 3257 @39.324s 1%: 0.099+0.63+0.15 ms clock, 1.5+0.59/0.98/0.045+2.4 ms cpu, 3->4->2 MB, 4 MB goal, 0 MB stacks, 0 MB globals, 16 P
gc 3258 @39.325s 1%: 0.10+0.53+0.075 ms clock, 1.6+0.63/0.77/0+1.2 ms cpu, 3->4->1 MB, 4 MB goal, 0 MB stacks, 0 MB globals, 16 P
gc 3259 @39.327s 1%: 0.13+0.71+0.073 ms clock, 2.1+0.49/0.84/0+1.1 ms cpu, 3->4->1 MB, 4 MB goal, 0 MB stacks, 0 MB globals, 16 P
gc 3260 @39.328s 1%: 0.11+0.54+0.17 ms clock, 1.7+0.77/0.80/0.015+2.8 ms cpu, 3->4->1 MB, 4 MB goal, 0 MB stacks, 0 MB globals, 16 P
gc 3261 @39.330s 1%: 0.14+0.62+0.066 ms clock, 2.3+0.61/0.82/0.006+1.0 ms cpu, 3->4->1 MB, 4 MB goal, 0 MB stacks, 0 MB globals, 16 P
gc 3262 @39.332s 1%: 0.11+0.63+0.12 ms clock, 1.7+0.55/1.0/0.073+2.0 ms cpu, 3->4->2 MB, 4 MB goal, 0 MB stacks, 0 MB globals, 16 P
gc 3263 @39.334s 1%: 0.096+0.63+0.088 ms clock, 1.5+0.55/0.76/0+1.4 ms cpu, 3->4->1 MB, 4 MB goal, 0 MB stacks, 0 MB globals, 16 P
gc 3264 @39.335s 1%: 0.11+0.64+0.14 ms clock, 1.8+0.44/0.82/0.093+2.2 ms cpu, 3->4->1 MB, 4 MB goal, 0 MB stacks, 0 MB globals, 16 P
gc 3265 @39.337s 1%: 0.13+0.52+0.15 ms clock, 2.1+0.62/0.84/0+2.4 ms cpu, 3->4->1 MB, 4 MB goal, 0 MB stacks, 0 MB globals, 16 P
gc 3266 @39.339s 1%: 0.10+0.56+0.055 ms clock, 1.6+0.58/0.91/0.009+0.88 ms cpu, 3->4->1 MB, 4 MB goal, 0 MB stacks, 0 MB globals, 16 P
gc 3267 @39.340s 1%: 0.11+0.55+0.081 ms clock, 1.8+0.46/0.87/0+1.2 ms cpu, 3->4->1 MB, 4 MB goal, 0 MB stacks, 0 MB globals, 16 P
gc 3268 @39.342s 1%: 0.12+0.55+0.094 ms clock, 1.9+0.65/0.89/0+1.5 ms cpu, 3->4->1 MB, 4 MB goal, 0 MB stacks, 0 MB globals, 16 P
gc 3269 @39.343s 1%: 0.096+0.51+0.074 ms clock, 1.5+0.52/0.86/0.016+1.1 ms cpu, 3->4->1 MB, 4 MB goal, 0 MB stacks, 0 MB globals, 16 P
gc 3270 @39.345s 1%: 0.10+0.50+0.15 ms clock, 1.7+0.42/0.81/0.013+2.4 ms cpu, 3->3->1 MB, 4 MB goal, 0 MB stacks, 0 MB globals, 16 P
gc 3271 @39.346s 1%: 0.12+0.48+0.10 ms clock, 2.0+0.61/0.79/0.001+1.6 ms cpu, 3->4->1 MB, 4 MB goal, 0 MB stacks, 0 MB globals, 16 P
gc 3272 @39.348s 1%: 0.12+0.66+0.097 ms clock, 1.9+0.69/0.88/0+1.5 ms cpu, 3->4->2 MB, 4 MB goal, 0 MB stacks, 0 MB globals, 16 P
gc 3273 @39.350s 1%: 0.12+0.48+0.10 ms clock, 1.9+0.49/0.87/0+1.6 ms cpu, 3->4->1 MB, 4 MB goal, 0 MB stacks, 0 MB globals, 16 P
gc 3274 @39.351s 1%: 0.11+0.59+0.083 ms clock, 1.8+0.47/0.78/0.070+1.3 ms cpu, 3->4->1 MB, 4 MB goal, 0 MB stacks, 0 MB globals, 16 P
gc 3275 @39.353s 1%: 0.11+0.54+0.20 ms clock, 1.7+0.59/0.78/0.003+3.3 ms cpu, 3->4->1 MB, 4 MB goal, 0 MB stacks, 0 MB globals, 16 P
gc 3276 @39.354s 1%: 0.17+0.64+0.098 ms clock, 2.7+0.64/0.72/0+1.5 ms cpu, 3->4->1 MB, 4 MB goal, 0 MB stacks, 0 MB globals, 16 P
gc 3277 @39.356s 1%: 0.12+0.45+0.082 ms clock, 2.0+0.65/0.72/0+1.3 ms cpu, 3->3->1 MB, 4 MB goal, 0 MB stacks, 0 MB globals, 16 P
gc 3278 @39.357s 1%: 0.14+0.58+0.087 ms clock, 2.2+0.66/0.90/0+1.4 ms cpu, 3->3->1 MB, 4 MB goal, 0 MB stacks, 0 MB globals, 16 P
gc 3279 @39.359s 1%: 0.15+0.62+0.11 ms clock, 2.4+0.71/0.87/0+1.7 ms cpu, 3->4->2 MB, 4 MB goal, 0 MB stacks, 0 MB globals, 16 P
gc 3280 @39.360s 1%: 0.11+0.50+0.13 ms clock, 1.8+0.70/0.67/0+2.1 ms cpu, 3->4->1 MB, 4 MB goal, 0 MB stacks, 0 MB globals, 16 P
gc 3281 @39.362s 1%: 0.11+0.65+0.062 ms clock, 1.8+0.67/0.94/0.013+1.0 ms cpu, 3->4->2 MB, 4 MB goal, 0 MB stacks, 0 MB globals, 16 P
gc 3282 @39.364s 1%: 0.12+0.49+0.15 ms clock, 1.9+0.91/0.72/0+2.4 ms cpu, 3->4->1 MB, 4 MB goal, 0 MB stacks, 0 MB globals, 16 P
gc 3283 @39.365s 1%: 0.16+0.49+0.085 ms clock, 2.5+0.61/0.76/0.003+1.3 ms cpu, 3->4->1 MB, 4 MB goal, 0 MB stacks, 0 MB globals, 16 P
gc 3284 @39.367s 1%: 0.093+0.53+0.15 ms clock, 1.5+0.64/0.80/0+2.5 ms cpu, 3->4->1 MB, 4 MB goal, 0 MB stacks, 0 MB globals, 16 P
gc 3285 @39.369s 1%: 0.12+0.61+0.097 ms clock, 1.9+0.62/0.83/0+1.5 ms cpu, 3->4->2 MB, 4 MB goal, 0 MB stacks, 0 MB globals, 16 P
gc 3286 @39.370s 1%: 0.14+0.69+0.13 ms clock, 2.2+0.46/0.97/0.015+2.1 ms cpu, 3->4->2 MB, 4 MB goal, 0 MB stacks, 0 MB globals, 16 P
gc 3287 @39.372s 1%: 0.10+0.48+0.11 ms clock, 1.7+0.73/0.71/0+1.8 ms cpu, 3->4->1 MB, 4 MB goal, 0 MB stacks, 0 MB globals, 16 P
gc 3288 @39.374s 1%: 0.10+0.51+0.11 ms clock, 1.7+0.43/0.69/0.20+1.7 ms cpu, 3->4->1 MB, 4 MB goal, 0 MB stacks, 0 MB globals, 16 P
gc 3289 @39.375s 1%: 0.11+0.59+0.094 ms clock, 1.8+0.49/0.93/0+1.5 ms cpu, 3->4->1 MB, 4 MB goal, 0 MB stacks, 0 MB globals, 16 P
gc 3290 @39.377s 1%: 0.12+0.51+0.18 ms clock, 2.0+0.59/0.80/0+3.0 ms cpu, 3->4->1 MB, 4 MB goal, 0 MB stacks, 0 MB globals, 16 P
gc 3291 @39.378s 1%: 0.11+0.68+0.079 ms clock, 1.8+0.74/0.70/0+1.2 ms cpu, 3->4->1 MB, 4 MB goal, 0 MB stacks, 0 MB globals, 16 P
gc 3292 @39.380s 1%: 0.14+0.49+0.17 ms clock, 2.2+0.56/0.94/0+2.8 ms cpu, 3->4->1 MB, 4 MB goal, 0 MB stacks, 0 MB globals, 16 P
gc 3293 @39.382s 1%: 0.13+0.67+0.083 ms clock, 2.2+0.60/1.0/0.002+1.3 ms cpu, 3->4->2 MB, 4 MB goal, 0 MB stacks, 0 MB globals, 16 P
gc 3294 @39.383s 1%: 0.12+0.59+0.14 ms clock, 1.9+0.58/0.77/0.009+2.3 ms cpu, 3->4->1 MB, 4 MB goal, 0 MB stacks, 0 MB globals, 16 P
gc 3295 @39.385s 1%: 0.11+0.55+0.10 ms clock, 1.7+0.49/0.71/0.043+1.6 ms cpu, 3->4->1 MB, 4 MB goal, 0 MB stacks, 0 MB globals, 16 P
gc 3296 @39.387s 1%: 0.12+0.52+0.080 ms clock, 2.0+0.66/0.80/0+1.2 ms cpu, 3->4->1 MB, 4 MB goal, 0 MB stacks, 0 MB globals, 16 P
gc 3297 @39.388s 1%: 0.13+0.48+0.071 ms clock, 2.1+0.63/0.68/0.047+1.1 ms cpu, 3->4->1 MB, 4 MB goal, 0 MB stacks, 0 MB globals, 16 P
gc 3298 @39.390s 1%: 0.16+0.55+0.087 ms clock, 2.6+0.58/0.88/0+1.3 ms cpu, 3->4->1 MB, 4 MB goal, 0 MB stacks, 0 MB globals, 16 P
gc 3299 @39.391s 1%: 0.12+0.50+0.13 ms clock, 1.9+0.54/0.85/0+2.0 ms cpu, 3->4->1 MB, 4 MB goal, 0 MB stacks, 0 MB globals, 16 P
gc 3300 @39.393s 1%: 0.13+0.61+0.15 ms clock, 2.1+0.60/0.91/0.015+2.4 ms cpu, 3->4->2 MB, 4 MB goal, 0 MB stacks, 0 MB globals, 16 P
gc 3301 @39.395s 1%: 0.16+0.63+0.15 ms clock, 2.6+0.55/0.91/0+2.4 ms cpu, 3->4->2 MB, 4 MB goal, 0 MB stacks, 0 MB globals, 16 P
gc 3302 @39.396s 1%: 0.12+0.41+0.15 ms clock, 2.0+0.58/0.71/0+2.4 ms cpu, 3->4->1 MB, 4 MB goal, 0 MB stacks, 0 MB globals, 16 P
gc 3303 @39.398s 1%: 0.12+0.57+0.17 ms clock, 2.0+0.70/0.87/0+2.7 ms cpu, 3->4->1 MB, 4 MB goal, 0 MB stacks, 0 MB globals, 16 P
gc 3304 @39.399s 1%: 0.12+0.80+0.091 ms clock, 1.9+0.59/0.84/0+1.4 ms cpu, 3->4->2 MB, 4 MB goal, 0 MB stacks, 0 MB globals, 16 P
gc 3305 @39.402s 1%: 0.11+0.60+0.10 ms clock, 1.9+0.58/0.77/0+1.6 ms cpu, 4->4->2 MB, 4 MB goal, 0 MB stacks, 0 MB globals, 16 P
gc 3306 @39.403s 1%: 0.10+0.44+0.10 ms clock, 1.6+0.64/0.69/0+1.6 ms cpu, 3->4->1 MB, 4 MB goal, 0 MB stacks, 0 MB globals, 16 P
gc 3307 @39.405s 1%: 0.20+0.46+0.11 ms clock, 3.2+0.76/0.85/0+1.8 ms cpu, 3->4->1 MB, 4 MB goal, 0 MB stacks, 0 MB globals, 16 P
gc 3308 @39.406s 1%: 0.13+0.67+0.12 ms clock, 2.1+0.68/0.74/0.032+1.9 ms cpu, 3->4->2 MB, 4 MB goal, 0 MB stacks, 0 MB globals, 16 P
gc 3309 @39.408s 1%: 0.15+0.57+0.12 ms clock, 2.4+0.70/0.72/0+2.0 ms cpu, 3->4->1 MB, 4 MB goal, 0 MB stacks, 0 MB globals, 16 P
gc 3310 @39.410s 1%: 0.10+0.66+0.083 ms clock, 1.6+0.51/0.90/0+1.3 ms cpu, 3->4->1 MB, 4 MB goal, 0 MB stacks, 0 MB globals, 16 P
gc 3311 @39.412s 1%: 0.11+0.69+0.15 ms clock, 1.8+0.59/1.0/0+2.4 ms cpu, 3->4->2 MB, 4 MB goal, 0 MB stacks, 0 MB globals, 16 P
gc 3312 @39.413s 1%: 0.10+0.49+0.094 ms clock, 1.7+0.55/0.71/0+1.5 ms cpu, 3->4->1 MB, 4 MB goal, 0 MB stacks, 0 MB globals, 16 P
gc 3313 @39.415s 1%: 0.13+0.62+0.12 ms clock, 2.1+0.70/0.78/0+1.9 ms cpu, 3->4->2 MB, 4 MB goal, 0 MB stacks, 0 MB globals, 16 P
gc 3314 @39.416s 1%: 0.13+0.68+0.061 ms clock, 2.1+0.66/0.88/0+0.99 ms cpu, 3->4->2 MB, 4 MB goal, 0 MB stacks, 0 MB globals, 16 P
gc 3315 @39.418s 1%: 0.11+0.52+0.10 ms clock, 1.8+0.61/0.82/0+1.6 ms cpu, 3->4->1 MB, 4 MB goal, 0 MB stacks, 0 MB globals, 16 P
gc 3316 @39.420s 1%: 0.16+0.61+0.098 ms clock, 2.6+0.55/0.90/0.020+1.5 ms cpu, 3->4->2 MB, 4 MB goal, 0 MB stacks, 0 MB globals, 16 P
gc 3317 @39.422s 1%: 0.11+0.50+0.12 ms clock, 1.7+0.44/0.78/0+1.9 ms cpu, 3->4->1 MB, 4 MB goal, 0 MB stacks, 0 MB globals, 16 P
gc 3318 @39.423s 1%: 0.10+0.67+0.081 ms clock, 1.7+0.60/0.87/0.006+1.2 ms cpu, 3->4->1 MB, 4 MB goal, 0 MB stacks, 0 MB globals, 16 P
gc 3319 @39.425s 1%: 0.091+0.47+0.082 ms clock, 1.4+0.50/0.81/0.010+1.3 ms cpu, 3->4->1 MB, 4 MB goal, 0 MB stacks, 0 MB globals, 16 P
gc 3320 @39.426s 1%: 0.15+0.49+0.091 ms clock, 2.4+0.53/0.80/0+1.4 ms cpu, 3->3->1 MB, 4 MB goal, 0 MB stacks, 0 MB globals, 16 P
gc 3321 @39.428s 1%: 0.16+0.57+0.11 ms clock, 2.6+0.72/0.83/0+1.8 ms cpu, 3->4->1 MB, 4 MB goal, 0 MB stacks, 0 MB globals, 16 P
gc 3322 @39.430s 1%: 0.12+0.70+0.15 ms clock, 2.0+0.66/0.95/0+2.4 ms cpu, 3->4->2 MB, 4 MB goal, 0 MB stacks, 0 MB globals, 16 P
gc 3323 @39.432s 1%: 0.15+0.53+0.091 ms clock, 2.5+0.61/0.82/0.001+1.4 ms cpu, 3->4->1 MB, 4 MB goal, 0 MB stacks, 0 MB globals, 16 P
gc 3324 @39.433s 1%: 0.11+0.42+0.10 ms clock, 1.8+0.50/0.87/0+1.7 ms cpu, 3->4->1 MB, 4 MB goal, 0 MB stacks, 0 MB globals, 16 P
gc 3325 @39.434s 1%: 0.099+0.49+0.10 ms clock, 1.5+0.76/0.79/0+1.6 ms cpu, 3->3->1 MB, 4 MB goal, 0 MB stacks, 0 MB globals, 16 P
gc 3326 @39.436s 1%: 0.10+0.58+0.081 ms clock, 1.7+0.46/0.96/0.025+1.3 ms cpu, 3->4->1 MB, 4 MB goal, 0 MB stacks, 0 MB globals, 16 P
gc 3327 @39.438s 1%: 0.11+0.58+0.080 ms clock, 1.8+0.55/0.70/0.030+1.2 ms cpu, 3->4->1 MB, 4 MB goal, 0 MB stacks, 0 MB globals, 16 P
gc 3328 @39.439s 1%: 0.15+0.74+0.050 ms clock, 2.4+0.48/0.76/0+0.80 ms cpu, 3->4->2 MB, 4 MB goal, 0 MB stacks, 0 MB globals, 16 P
gc 3329 @39.441s 1%: 0.11+0.70+0.076 ms clock, 1.8+0.54/0.83/0.002+1.2 ms cpu, 3->4->1 MB, 4 MB goal, 0 MB stacks, 0 MB globals, 16 P
gc 3330 @39.443s 1%: 0.20+0.49+0.099 ms clock, 3.2+0.53/0.77/0+1.5 ms cpu, 3->4->1 MB, 4 MB goal, 0 MB stacks, 0 MB globals, 16 P
gc 3331 @39.444s 1%: 0.12+0.55+0.090 ms clock, 1.9+0.76/0.78/0+1.4 ms cpu, 3->4->1 MB, 4 MB goal, 0 MB stacks, 0 MB globals, 16 P
gc 3332 @39.446s 1%: 0.21+0.58+0.12 ms clock, 3.3+0.58/0.74/0+2.0 ms cpu, 3->4->2 MB, 4 MB goal, 0 MB stacks, 0 MB globals, 16 P
gc 3333 @39.447s 1%: 0.11+0.61+0.11 ms clock, 1.7+0.64/0.86/0.036+1.8 ms cpu, 3->4->2 MB, 4 MB goal, 0 MB stacks, 0 MB globals, 16 P
gc 3334 @39.449s 1%: 0.14+0.44+0.11 ms clock, 2.3+0.69/0.67/0+1.8 ms cpu, 3->4->1 MB, 4 MB goal, 0 MB stacks, 0 MB globals, 16 P
gc 3335 @39.451s 1%: 0.15+0.45+0.10 ms clock, 2.4+0.64/0.74/0+1.7 ms cpu, 3->4->1 MB, 4 MB goal, 0 MB stacks, 0 MB globals, 16 P
gc 3336 @39.452s 1%: 0.16+0.52+0.13 ms clock, 2.6+0.65/0.82/0.024+2.2 ms cpu, 3->4->2 MB, 4 MB goal, 0 MB stacks, 0 MB globals, 16 P
gc 3337 @39.454s 1%: 0.11+0.44+0.17 ms clock, 1.8+0.59/0.76/0.004+2.7 ms cpu, 3->4->1 MB, 4 MB goal, 0 MB stacks, 0 MB globals, 16 P
gc 3338 @39.455s 1%: 0.11+0.52+0.14 ms clock, 1.8+0.70/0.73/0+2.3 ms cpu, 3->4->1 MB, 4 MB goal, 0 MB stacks, 0 MB globals, 16 P
gc 3339 @39.457s 1%: 0.14+0.75+0.094 ms clock, 2.2+0.60/0.89/0+1.5 ms cpu, 3->4->2 MB, 4 MB goal, 0 MB stacks, 0 MB globals, 16 P
gc 3340 @39.459s 1%: 0.13+0.62+0.13 ms clock, 2.1+0.69/0.83/0+2.1 ms cpu, 3->4->2 MB, 4 MB goal, 0 MB stacks, 0 MB globals, 16 P
gc 3341 @39.461s 1%: 0.15+0.51+0.15 ms clock, 2.4+0.48/0.76/0.031+2.4 ms cpu, 3->4->1 MB, 4 MB goal, 0 MB stacks, 0 MB globals, 16 P
gc 3342 @39.462s 1%: 0.13+0.57+0.12 ms clock, 2.1+0.68/0.76/0+1.9 ms cpu, 3->4->2 MB, 4 MB goal, 0 MB stacks, 0 MB globals, 16 P
gc 3343 @39.464s 1%: 0.11+0.54+0.16 ms clock, 1.8+0.65/0.85/0+2.5 ms cpu, 3->4->1 MB, 4 MB goal, 0 MB stacks, 0 MB globals, 16 P
gc 3344 @39.466s 1%: 0.13+0.54+0.099 ms clock, 2.0+0.57/0.79/0.037+1.5 ms cpu, 3->4->1 MB, 4 MB goal, 0 MB stacks, 0 MB globals, 16 P
gc 3345 @39.467s 1%: 0.11+0.60+0.10 ms clock, 1.8+0.59/0.77/0.003+1.7 ms cpu, 3->4->1 MB, 4 MB goal, 0 MB stacks, 0 MB globals, 16 P
gc 3346 @39.469s 1%: 0.13+0.54+0.059 ms clock, 2.2+0.52/0.78/0.014+0.94 ms cpu, 3->4->1 MB, 4 MB goal, 0 MB stacks, 0 MB globals, 16 P
gc 3347 @39.471s 1%: 0.095+0.69+0.11 ms clock, 1.5+0.54/0.80/0+1.8 ms cpu, 3->4->1 MB, 4 MB goal, 0 MB stacks, 0 MB globals, 16 P
gc 3348 @39.472s 1%: 0.13+0.53+0.12 ms clock, 2.1+0.46/0.80/0.10+2.0 ms cpu, 3->4->1 MB, 4 MB goal, 0 MB stacks, 0 MB globals, 16 P
gc 3349 @39.474s 1%: 0.11+0.63+0.065 ms clock, 1.8+0.81/0.98/0.005+1.0 ms cpu, 3->4->2 MB, 4 MB goal, 0 MB stacks, 0 MB globals, 16 P
gc 3350 @39.476s 1%: 0.11+0.73+0.080 ms clock, 1.8+0.37/0.92/0.002+1.2 ms cpu, 3->4->2 MB, 4 MB goal, 0 MB stacks, 0 MB globals, 16 P
gc 3351 @39.477s 1%: 0.13+0.57+0.10 ms clock, 2.1+0.54/0.82/0+1.6 ms cpu, 3->4->1 MB, 4 MB goal, 0 MB stacks, 0 MB globals, 16 P
gc 3352 @39.479s 1%: 0.13+0.49+0.065 ms clock, 2.2+0.59/0.83/0.044+1.0 ms cpu, 3->4->1 MB, 4 MB goal, 0 MB stacks, 0 MB globals, 16 P
gc 3353 @39.480s 1%: 0.12+0.54+0.12 ms clock, 2.0+0.70/0.82/0+2.0 ms cpu, 3->4->1 MB, 4 MB goal, 0 MB stacks, 0 MB globals, 16 P
gc 3354 @39.482s 1%: 0.16+0.62+0.12 ms clock, 2.5+0.50/0.89/0+1.9 ms cpu, 3->4->2 MB, 4 MB goal, 0 MB stacks, 0 MB globals, 16 P
gc 3355 @39.484s 1%: 0.12+0.56+0.12 ms clock, 2.0+0.68/0.89/0+1.9 ms cpu, 3->4->2 MB, 4 MB goal, 0 MB stacks, 0 MB globals, 16 P
gc 3356 @39.486s 1%: 0.11+0.74+0.077 ms clock, 1.9+0.56/0.82/0+1.2 ms cpu, 3->4->2 MB, 4 MB goal, 0 MB stacks, 0 MB globals, 16 P
gc 3357 @39.487s 1%: 0.12+0.41+0.13 ms clock, 2.0+0.58/0.78/0.008+2.1 ms cpu, 3->4->1 MB, 4 MB goal, 0 MB stacks, 0 MB globals, 16 P
gc 3358 @39.489s 1%: 0.15+0.34+0.18 ms clock, 2.4+0.67/0.71/0+2.9 ms cpu, 3->3->1 MB, 4 MB goal, 0 MB stacks, 0 MB globals, 16 P
gc 3359 @39.490s 1%: 0.11+0.53+0.10 ms clock, 1.8+0.59/0.81/0+1.6 ms cpu, 3->4->1 MB, 4 MB goal, 0 MB stacks, 0 MB globals, 16 P
gc 3360 @39.492s 1%: 0.14+0.64+0.084 ms clock, 2.3+0.59/0.87/0+1.3 ms cpu, 3->4->1 MB, 4 MB goal, 0 MB stacks, 0 MB globals, 16 P
gc 3361 @39.494s 1%: 0.11+0.49+0.15 ms clock, 1.8+0.68/0.69/0.003+2.4 ms cpu, 3->4->1 MB, 4 MB goal, 0 MB stacks, 0 MB globals, 16 P
gc 3362 @39.495s 1%: 0.11+0.55+0.078 ms clock, 1.7+0.57/0.82/0+1.2 ms cpu, 3->4->1 MB, 4 MB goal, 0 MB stacks, 0 MB globals, 16 P
gc 3363 @39.497s 1%: 0.11+0.62+0.093 ms clock, 1.9+0.55/0.85/0.007+1.4 ms cpu, 3->4->1 MB, 4 MB goal, 0 MB stacks, 0 MB globals, 16 P
gc 3364 @39.498s 1%: 0.10+0.61+0.12 ms clock, 1.7+0.59/0.82/0+2.0 ms cpu, 3->4->1 MB, 4 MB goal, 0 MB stacks, 0 MB globals, 16 P
gc 3365 @39.500s 1%: 0.17+0.50+0.12 ms clock, 2.7+0.45/0.77/0.003+2.0 ms cpu, 3->4->1 MB, 4 MB goal, 0 MB stacks, 0 MB globals, 16 P
gc 3366 @39.501s 1%: 0.13+0.62+0.13 ms clock, 2.2+0.52/0.87/0+2.2 ms cpu, 3->4->1 MB, 4 MB goal, 0 MB stacks, 0 MB globals, 16 P
gc 3367 @39.503s 1%: 0.14+0.56+0.092 ms clock, 2.3+0.56/0.89/0.031+1.4 ms cpu, 3->4->2 MB, 4 MB goal, 0 MB stacks, 0 MB globals, 16 P
gc 3368 @39.505s 1%: 0.10+0.53+0.15 ms clock, 1.7+0.48/0.83/0.028+2.5 ms cpu, 3->4->1 MB, 4 MB goal, 0 MB stacks, 0 MB globals, 16 P
gc 3369 @39.506s 1%: 0.10+0.60+0.17 ms clock, 1.6+0.54/0.77/0+2.8 ms cpu, 3->4->1 MB, 4 MB goal, 0 MB stacks, 0 MB globals, 16 P
gc 3370 @39.508s 1%: 0.19+0.58+0.10 ms clock, 3.1+0.52/0.88/0+1.7 ms cpu, 3->4->1 MB, 4 MB goal, 0 MB stacks, 0 MB globals, 16 P
gc 3371 @39.510s 1%: 0.15+0.67+0.12 ms clock, 2.5+0.44/0.92/0+1.9 ms cpu, 3->4->2 MB, 4 MB goal, 0 MB stacks, 0 MB globals, 16 P
gc 3372 @39.512s 1%: 0.10+0.56+0.10 ms clock, 1.6+0.45/0.87/0+1.7 ms cpu, 3->4->1 MB, 4 MB goal, 0 MB stacks, 0 MB globals, 16 P
gc 3373 @39.513s 1%: 0.15+0.83+0.048 ms clock, 2.5+0.69/0.92/0+0.77 ms cpu, 3->4->2 MB, 4 MB goal, 0 MB stacks, 0 MB globals, 16 P
gc 3374 @39.515s 1%: 0.11+0.50+0.10 ms clock, 1.8+0.53/0.88/0.005+1.6 ms cpu, 3->4->1 MB, 4 MB goal, 0 MB stacks, 0 MB globals, 16 P
gc 3375 @39.517s 1%: 0.12+0.58+0.091 ms clock, 2.0+0.58/0.90/0+1.4 ms cpu, 3->4->1 MB, 4 MB goal, 0 MB stacks, 0 MB globals, 16 P
gc 3376 @39.518s 1%: 0.10+0.48+0.15 ms clock, 1.7+0.55/0.90/0+2.5 ms cpu, 3->4->1 MB, 4 MB goal, 0 MB stacks, 0 MB globals, 16 P
gc 3377 @39.520s 1%: 0.10+0.66+0.082 ms clock, 1.6+0.49/0.92/0.005+1.3 ms cpu, 3->4->1 MB, 4 MB goal, 0 MB stacks, 0 MB globals, 16 P
gc 3378 @39.521s 1%: 0.10+0.47+0.12 ms clock, 1.7+0.70/0.77/0+1.9 ms cpu, 3->4->1 MB, 4 MB goal, 0 MB stacks, 0 MB globals, 16 P
gc 3379 @39.523s 1%: 0.12+0.53+0.13 ms clock, 1.9+0.59/0.90/0+2.1 ms cpu, 3->4->1 MB, 4 MB goal, 0 MB stacks, 0 MB globals, 16 P
gc 3380 @39.525s 1%: 0.10+0.59+0.13 ms clock, 1.7+0.63/0.85/0+2.1 ms cpu, 3->4->2 MB, 4 MB goal, 0 MB stacks, 0 MB globals, 16 P
gc 3381 @39.526s 1%: 0.10+0.57+0.090 ms clock, 1.7+0.49/0.89/0.037+1.4 ms cpu, 3->4->1 MB, 4 MB goal, 0 MB stacks, 0 MB globals, 16 P
gc 3382 @39.528s 1%: 0.13+0.57+0.12 ms clock, 2.2+0.66/0.73/0+2.0 ms cpu, 3->4->1 MB, 4 MB goal, 0 MB stacks, 0 MB globals, 16 P
gc 3383 @39.530s 1%: 0.12+0.66+0.034 ms clock, 2.0+0.50/0.83/0+0.55 ms cpu, 3->4->1 MB, 4 MB goal, 0 MB stacks, 0 MB globals, 16 P
gc 3384 @39.531s 1%: 0.11+0.51+0.077 ms clock, 1.8+0.45/0.86/0.027+1.2 ms cpu, 3->4->1 MB, 4 MB goal, 0 MB stacks, 0 MB globals, 16 P
gc 3385 @39.533s 1%: 0.10+0.57+0.10 ms clock, 1.6+0.53/0.86/0+1.6 ms cpu, 3->4->1 MB, 4 MB goal, 0 MB stacks, 0 MB globals, 16 P
gc 3386 @39.534s 1%: 0.12+0.59+0.059 ms clock, 2.0+0.53/0.82/0+0.95 ms cpu, 3->4->1 MB, 4 MB goal, 0 MB stacks, 0 MB globals, 16 P
gc 3387 @39.536s 1%: 0.075+0.58+0.094 ms clock, 1.2+0.53/0.79/0.078+1.5 ms cpu, 3->4->1 MB, 4 MB goal, 0 MB stacks, 0 MB globals, 16 P
gc 3388 @39.538s 1%: 0.075+0.79+0.12 ms clock, 1.2+0.58/0.90/0.011+2.0 ms cpu, 3->4->2 MB, 4 MB goal, 0 MB stacks, 0 MB globals, 16 P
gc 3389 @39.540s 1%: 0.093+0.60+0.12 ms clock, 1.4+0.57/0.78/0.082+1.9 ms cpu, 3->4->2 MB, 4 MB goal, 0 MB stacks, 0 MB globals, 16 P
gc 3390 @39.541s 1%: 0.13+0.59+0.076 ms clock, 2.1+0.63/0.80/0.030+1.2 ms cpu, 3->4->1 MB, 4 MB goal, 0 MB stacks, 0 MB globals, 16 P
gc 3391 @39.543s 1%: 0.14+0.52+0.10 ms clock, 2.2+0.52/0.82/0+1.6 ms cpu, 3->4->1 MB, 4 MB goal, 0 MB stacks, 0 MB globals, 16 P
gc 3392 @39.545s 1%: 0.098+0.69+0.083 ms clock, 1.5+0.64/0.83/0+1.3 ms cpu, 3->4->2 MB, 4 MB goal, 0 MB stacks, 0 MB globals, 16 P
gc 3393 @39.546s 1%: 0.10+0.59+0.12 ms clock, 1.6+0.49/0.80/0.012+1.9 ms cpu, 3->4->1 MB, 4 MB goal, 0 MB stacks, 0 MB globals, 16 P
gc 3394 @39.548s 1%: 0.088+0.80+0.10 ms clock, 1.4+0.52/0.83/0+1.6 ms cpu, 3->4->2 MB, 4 MB goal, 0 MB stacks, 0 MB globals, 16 P
gc 3395 @39.550s 1%: 0.14+0.77+0.073 ms clock, 2.3+0.59/0.95/0+1.1 ms cpu, 3->4->2 MB, 4 MB goal, 0 MB stacks, 0 MB globals, 16 P
gc 3396 @39.552s 1%: 0.11+0.58+0.080 ms clock, 1.8+0.50/0.89/0+1.2 ms cpu, 3->4->1 MB, 4 MB goal, 0 MB stacks, 0 MB globals, 16 P
gc 3397 @39.554s 1%: 0.10+0.54+0.079 ms clock, 1.6+0.68/0.67/0.021+1.2 ms cpu, 3->4->1 MB, 4 MB goal, 0 MB stacks, 0 MB globals, 16 P
gc 3398 @39.555s 1%: 0.13+0.57+0.14 ms clock, 2.2+0.59/0.87/0.011+2.2 ms cpu, 3->4->1 MB, 4 MB goal, 0 MB stacks, 0 MB globals, 16 P
gc 3399 @39.557s 1%: 0.13+0.54+0.12 ms clock, 2.1+0.63/0.89/0+1.9 ms cpu, 3->4->1 MB, 4 MB goal, 0 MB stacks, 0 MB globals, 16 P
gc 3400 @39.559s 1%: 0.10+0.61+0.081 ms clock, 1.6+0.51/0.81/0.012+1.3 ms cpu, 3->4->1 MB, 4 MB goal, 0 MB stacks, 0 MB globals, 16 P
gc 3401 @39.560s 1%: 0.10+0.72+0.11 ms clock, 1.7+0.42/0.93/0.070+1.8 ms cpu, 3->4->1 MB, 4 MB goal, 0 MB stacks, 0 MB globals, 16 P
gc 3402 @39.562s 1%: 0.17+0.49+0.11 ms clock, 2.7+0.54/0.81/0.030+1.8 ms cpu, 3->4->1 MB, 4 MB goal, 0 MB stacks, 0 MB globals, 16 P
gc 3403 @39.564s 1%: 0.16+0.71+0.14 ms clock, 2.7+0.66/0.94/0+2.3 ms cpu, 3->4->2 MB, 4 MB goal, 0 MB stacks, 0 MB globals, 16 P
gc 3404 @39.566s 1%: 0.14+0.55+0.14 ms clock, 2.3+0.59/0.82/0+2.3 ms cpu, 3->4->1 MB, 4 MB goal, 0 MB stacks, 0 MB globals, 16 P
gc 3405 @39.567s 1%: 0.097+0.68+0.071 ms clock, 1.5+0.54/0.90/0.010+1.1 ms cpu, 3->4->1 MB, 4 MB goal, 0 MB stacks, 0 MB globals, 16 P
gc 3406 @39.569s 1%: 0.13+0.48+0.096 ms clock, 2.1+0.28/0.79/0+1.5 ms cpu, 3->4->1 MB, 4 MB goal, 0 MB stacks, 0 MB globals, 16 P
gc 3407 @39.570s 1%: 0.12+0.50+0.10 ms clock, 2.0+0.68/0.75/0+1.6 ms cpu, 3->4->1 MB, 4 MB goal, 0 MB stacks, 0 MB globals, 16 P
gc 3408 @39.572s 1%: 0.13+0.43+0.14 ms clock, 2.1+0.59/0.83/0+2.2 ms cpu, 3->4->1 MB, 4 MB goal, 0 MB stacks, 0 MB globals, 16 P
gc 3409 @39.573s 1%: 0.11+0.48+0.10 ms clock, 1.8+0.67/0.79/0+1.6 ms cpu, 3->4->1 MB, 4 MB goal, 0 MB stacks, 0 MB globals, 16 P
gc 3410 @39.575s 1%: 0.13+0.68+0.10 ms clock, 2.2+0.59/0.71/0+1.7 ms cpu, 3->4->1 MB, 4 MB goal, 0 MB stacks, 0 MB globals, 16 P
gc 3411 @39.576s 1%: 0.14+0.71+0.10 ms clock, 2.2+0.58/0.79/0+1.6 ms cpu, 3->4->2 MB, 4 MB goal, 0 MB stacks, 0 MB globals, 16 P
gc 3412 @39.578s 1%: 0.11+0.53+0.064 ms clock, 1.8+0.54/0.78/0+1.0 ms cpu, 3->4->1 MB, 4 MB goal, 0 MB stacks, 0 MB globals, 16 P
gc 3413 @39.580s 1%: 0.11+0.76+0.13 ms clock, 1.9+0.52/0.91/0+2.2 ms cpu, 3->4->2 MB, 4 MB goal, 0 MB stacks, 0 MB globals, 16 P
gc 3414 @39.582s 1%: 0.11+0.56+0.070 ms clock, 1.7+0.69/0.71/0+1.1 ms cpu, 3->4->1 MB, 4 MB goal, 0 MB stacks, 0 MB globals, 16 P
gc 3415 @39.583s 1%: 0.16+0.60+0.10 ms clock, 2.6+0.74/0.84/0+1.6 ms cpu, 3->4->2 MB, 4 MB goal, 0 MB stacks, 0 MB globals, 16 P
gc 3416 @39.585s 1%: 0.095+0.71+0.11 ms clock, 1.5+0.47/0.92/0+1.8 ms cpu, 3->4->1 MB, 4 MB goal, 0 MB stacks, 0 MB globals, 16 P
gc 3417 @39.587s 1%: 0.11+0.54+0.072 ms clock, 1.8+0.55/0.73/0+1.1 ms cpu, 3->4->1 MB, 4 MB goal, 0 MB stacks, 0 MB globals, 16 P
gc 3418 @39.589s 1%: 0.14+0.52+0.13 ms clock, 2.3+0.55/0.88/0+2.2 ms cpu, 3->4->1 MB, 4 MB goal, 0 MB stacks, 0 MB globals, 16 P
gc 3419 @39.590s 1%: 0.10+0.42+0.099 ms clock, 1.6+0.57/0.74/0.005+1.5 ms cpu, 3->4->1 MB, 4 MB goal, 0 MB stacks, 0 MB globals, 16 P
gc 3420 @39.592s 1%: 0.11+0.60+0.10 ms clock, 1.8+0.61/0.74/0+1.6 ms cpu, 3->4->1 MB, 4 MB goal, 0 MB stacks, 0 MB globals, 16 P
gc 3421 @39.593s 1%: 0.091+0.62+0.11 ms clock, 1.4+0.55/0.82/0.007+1.8 ms cpu, 3->4->1 MB, 4 MB goal, 0 MB stacks, 0 MB globals, 16 P
gc 3422 @39.595s 1%: 0.14+0.61+0.10 ms clock, 2.3+0.66/0.80/0.004+1.6 ms cpu, 3->4->1 MB, 4 MB goal, 0 MB stacks, 0 MB globals, 16 P
gc 3423 @39.597s 1%: 0.11+0.46+0.14 ms clock, 1.8+0.50/0.86/0+2.2 ms cpu, 3->4->1 MB, 4 MB goal, 0 MB stacks, 0 MB globals, 16 P
gc 3424 @39.598s 1%: 0.17+0.54+0.077 ms clock, 2.7+0.66/0.81/0.010+1.2 ms cpu, 3->4->1 MB, 4 MB goal, 0 MB stacks, 0 MB globals, 16 P
gc 3425 @39.600s 1%: 0.11+0.58+0.10 ms clock, 1.9+0.61/0.83/0+1.6 ms cpu, 3->4->1 MB, 4 MB goal, 0 MB stacks, 0 MB globals, 16 P
gc 3426 @39.602s 1%: 0.18+0.75+0.081 ms clock, 2.9+0.63/0.78/0+1.2 ms cpu, 3->4->2 MB, 4 MB goal, 0 MB stacks, 0 MB globals, 16 P
gc 3427 @39.603s 1%: 0.10+0.50+0.062 ms clock, 1.7+0.45/0.80/0.021+1.0 ms cpu, 3->4->1 MB, 4 MB goal, 0 MB stacks, 0 MB globals, 16 P
gc 3428 @39.605s 1%: 0.11+0.59+0.15 ms clock, 1.8+0.64/0.74/0.054+2.4 ms cpu, 3->3->1 MB, 4 MB goal, 0 MB stacks, 0 MB globals, 16 P
gc 3429 @39.607s 1%: 0.13+0.52+0.11 ms clock, 2.1+0.67/0.86/0.010+1.8 ms cpu, 3->4->2 MB, 4 MB goal, 0 MB stacks, 0 MB globals, 16 P
gc 3430 @39.608s 1%: 0.16+0.50+0.13 ms clock, 2.6+0.54/0.78/0+2.1 ms cpu, 3->4->1 MB, 4 MB goal, 0 MB stacks, 0 MB globals, 16 P
gc 3431 @39.610s 1%: 0.12+0.44+0.11 ms clock, 1.9+0.61/0.80/0+1.8 ms cpu, 3->4->1 MB, 4 MB goal, 0 MB stacks, 0 MB globals, 16 P
gc 3432 @39.611s 1%: 0.10+0.50+0.11 ms clock, 1.6+0.68/0.81/0+1.8 ms cpu, 3->4->1 MB, 4 MB goal, 0 MB stacks, 0 MB globals, 16 P
gc 3433 @39.613s 1%: 0.11+0.66+0.087 ms clock, 1.7+0.59/0.84/0.043+1.4 ms cpu, 3->4->2 MB, 4 MB goal, 0 MB stacks, 0 MB globals, 16 P
gc 3434 @39.615s 1%: 0.10+0.62+0.10 ms clock, 1.7+0.52/0.80/0+1.6 ms cpu, 3->4->1 MB, 4 MB goal, 0 MB stacks, 0 MB globals, 16 P
gc 3435 @39.616s 1%: 0.18+0.56+0.11 ms clock, 2.9+0.61/0.81/0+1.7 ms cpu, 3->4->2 MB, 4 MB goal, 0 MB stacks, 0 MB globals, 16 P
gc 3436 @39.618s 1%: 0.12+0.45+0.10 ms clock, 1.9+0.64/0.76/0+1.7 ms cpu, 3->4->1 MB, 4 MB goal, 0 MB stacks, 0 MB globals, 16 P
gc 3437 @39.619s 1%: 0.15+0.71+0.11 ms clock, 2.5+0.56/0.83/0.006+1.8 ms cpu, 3->4->2 MB, 4 MB goal, 0 MB stacks, 0 MB globals, 16 P
gc 3438 @39.621s 1%: 0.11+0.49+0.13 ms clock, 1.7+0.53/0.75/0.010+2.0 ms cpu, 3->4->1 MB, 4 MB goal, 0 MB stacks, 0 MB globals, 16 P
gc 3439 @39.623s 1%: 0.15+0.58+0.086 ms clock, 2.5+0.62/0.76/0+1.3 ms cpu, 3->4->1 MB, 4 MB goal, 0 MB stacks, 0 MB globals, 16 P
gc 3440 @39.625s 1%: 0.094+0.58+0.10 ms clock, 1.5+0.52/0.76/0+1.7 ms cpu, 3->4->1 MB, 4 MB goal, 0 MB stacks, 0 MB globals, 16 P
gc 3441 @39.626s 1%: 0.10+0.51+0.11 ms clock, 1.7+0.58/0.71/0+1.8 ms cpu, 3->4->1 MB, 4 MB goal, 0 MB stacks, 0 MB globals, 16 P
gc 3442 @39.628s 1%: 0.11+0.75+0.060 ms clock, 1.7+0.61/0.90/0+0.96 ms cpu, 3->4->1 MB, 4 MB goal, 0 MB stacks, 0 MB globals, 16 P
gc 3443 @39.630s 1%: 0.10+0.47+0.097 ms clock, 1.7+0.48/0.74/0.068+1.5 ms cpu, 3->4->1 MB, 4 MB goal, 0 MB stacks, 0 MB globals, 16 P
gc 3444 @39.631s 1%: 0.11+0.61+0.072 ms clock, 1.9+0.57/0.85/0+1.1 ms cpu, 3->4->2 MB, 4 MB goal, 0 MB stacks, 0 MB globals, 16 P
gc 3445 @39.633s 1%: 0.12+0.85+0.097 ms clock, 2.0+0.60/0.77/0+1.5 ms cpu, 3->4->2 MB, 4 MB goal, 0 MB stacks, 0 MB globals, 16 P
gc 3446 @39.635s 1%: 0.13+0.56+0.073 ms clock, 2.1+0.67/0.71/0+1.1 ms cpu, 3->4->1 MB, 4 MB goal, 0 MB stacks, 0 MB globals, 16 P
gc 3447 @39.636s 1%: 0.13+0.55+0.10 ms clock, 2.1+0.33/0.82/0.022+1.7 ms cpu, 3->4->1 MB, 4 MB goal, 0 MB stacks, 0 MB globals, 16 P
gc 3448 @39.638s 1%: 0.10+0.61+0.091 ms clock, 1.7+0.43/0.88/0+1.4 ms cpu, 3->4->1 MB, 4 MB goal, 0 MB stacks, 0 MB globals, 16 P
gc 3449 @39.640s 1%: 0.12+0.67+0.099 ms clock, 2.0+0.60/0.79/0.001+1.5 ms cpu, 3->4->2 MB, 4 MB goal, 0 MB stacks, 0 MB globals, 16 P
gc 3450 @39.641s 1%: 0.095+0.60+0.095 ms clock, 1.5+0.46/0.86/0.064+1.5 ms cpu, 3->4->1 MB, 4 MB goal, 0 MB stacks, 0 MB globals, 16 P
gc 3451 @39.643s 1%: 0.16+0.58+0.10 ms clock, 2.6+0.61/0.81/0+1.6 ms cpu, 3->4->1 MB, 4 MB goal, 0 MB stacks, 0 MB globals, 16 P
gc 3452 @39.645s 1%: 0.10+0.51+0.12 ms clock, 1.6+0.61/0.88/0.002+2.0 ms cpu, 3->4->1 MB, 4 MB goal, 0 MB stacks, 0 MB globals, 16 P
gc 3453 @39.646s 1%: 0.12+0.45+0.14 ms clock, 1.9+0.58/0.70/0.069+2.3 ms cpu, 3->4->1 MB, 4 MB goal, 0 MB stacks, 0 MB globals, 16 P
gc 3454 @39.648s 1%: 0.11+0.72+0.058 ms clock, 1.7+0.51/0.78/0.043+0.94 ms cpu, 3->4->1 MB, 4 MB goal, 0 MB stacks, 0 MB globals, 16 P
gc 3455 @39.649s 1%: 0.10+0.58+0.097 ms clock, 1.7+0.60/0.72/0+1.5 ms cpu, 3->4->1 MB, 4 MB goal, 0 MB stacks, 0 MB globals, 16 P
gc 3456 @39.651s 1%: 0.10+0.59+0.11 ms clock, 1.7+0.58/0.74/0+1.8 ms cpu, 3->4->2 MB, 4 MB goal, 0 MB stacks, 0 MB globals, 16 P
gc 3457 @39.653s 1%: 0.15+0.53+0.11 ms clock, 2.4+0.46/0.82/0.005+1.7 ms cpu, 3->4->1 MB, 4 MB goal, 0 MB stacks, 0 MB globals, 16 P
gc 3458 @39.654s 1%: 0.10+0.73+0.14 ms clock, 1.6+0.53/0.99/0.070+2.2 ms cpu, 3->4->2 MB, 4 MB goal, 0 MB stacks, 0 MB globals, 16 P
gc 3459 @39.656s 1%: 0.11+0.58+0.10 ms clock, 1.9+0.59/0.84/0+1.7 ms cpu, 3->4->1 MB, 4 MB goal, 0 MB stacks, 0 MB globals, 16 P
gc 3460 @39.658s 1%: 0.10+0.49+0.12 ms clock, 1.6+0.51/0.81/0.014+1.9 ms cpu, 3->4->1 MB, 4 MB goal, 0 MB stacks, 0 MB globals, 16 P
gc 3461 @39.660s 1%: 0.15+0.57+0.080 ms clock, 2.4+0.80/0.85/0.009+1.2 ms cpu, 3->4->1 MB, 4 MB goal, 0 MB stacks, 0 MB globals, 16 P
gc 3462 @39.661s 1%: 0.11+0.73+0.050 ms clock, 1.8+0.50/0.89/0.007+0.80 ms cpu, 3->4->2 MB, 4 MB goal, 0 MB stacks, 0 MB globals, 16 P
gc 3463 @39.663s 1%: 0.10+0.78+0.15 ms clock, 1.6+0.64/0.86/0+2.4 ms cpu, 3->4->2 MB, 4 MB goal, 0 MB stacks, 0 MB globals, 16 P
gc 3464 @39.665s 1%: 0.13+0.58+0.094 ms clock, 2.1+0.69/0.76/0+1.5 ms cpu, 4->4->2 MB, 4 MB goal, 0 MB stacks, 0 MB globals, 16 P
gc 3465 @39.667s 1%: 0.12+0.79+0.15 ms clock, 1.9+0.65/0.98/0.035+2.4 ms cpu, 3->4->2 MB, 4 MB goal, 0 MB stacks, 0 MB globals, 16 P
gc 3466 @39.669s 1%: 0.14+0.55+0.081 ms clock, 2.2+0.57/0.84/0.043+1.3 ms cpu, 3->4->1 MB, 4 MB goal, 0 MB stacks, 0 MB globals, 16 P
gc 3467 @39.671s 1%: 0.076+0.64+0.12 ms clock, 1.2+0.55/0.84/0.10+2.0 ms cpu, 3->4->1 MB, 4 MB goal, 0 MB stacks, 0 MB globals, 16 P
gc 3468 @39.672s 1%: 0.19+0.68+0.10 ms clock, 3.1+0.65/0.82/0+1.6 ms cpu, 3->4->2 MB, 4 MB goal, 0 MB stacks, 0 MB globals, 16 P
gc 3469 @39.674s 1%: 0.097+0.58+0.16 ms clock, 1.5+0.55/0.82/0+2.7 ms cpu, 3->4->1 MB, 4 MB goal, 0 MB stacks, 0 MB globals, 16 P
gc 3470 @39.676s 1%: 0.14+0.63+0.097 ms clock, 2.2+0.56/0.87/0+1.5 ms cpu, 3->4->2 MB, 4 MB goal, 0 MB stacks, 0 MB globals, 16 P
gc 3471 @39.678s 1%: 0.050+0.48+0.10 ms clock, 0.81+0.45/0.77/0+1.6 ms cpu, 3->4->1 MB, 4 MB goal, 0 MB stacks, 0 MB globals, 16 P
gc 3472 @39.679s 1%: 0.10+0.59+0.13 ms clock, 1.6+0.66/0.82/0.002+2.1 ms cpu, 3->4->1 MB, 4 MB goal, 0 MB stacks, 0 MB globals, 16 P
gc 3473 @39.681s 1%: 0.10+0.45+0.16 ms clock, 1.6+0.61/0.81/0.002+2.6 ms cpu, 3->4->1 MB, 4 MB goal, 0 MB stacks, 0 MB globals, 16 P
gc 3474 @39.682s 1%: 0.20+0.61+0.095 ms clock, 3.2+0.59/0.82/0+1.5 ms cpu, 3->4->2 MB, 4 MB goal, 0 MB stacks, 0 MB globals, 16 P
gc 3475 @39.684s 1%: 0.18+0.73+0.12 ms clock, 2.9+0.56/0.86/0+1.9 ms cpu, 3->4->2 MB, 4 MB goal, 0 MB stacks, 0 MB globals, 16 P
gc 3476 @39.686s 1%: 0.095+0.49+0.095 ms clock, 1.5+0.49/0.74/0.009+1.5 ms cpu, 4->4->1 MB, 4 MB goal, 0 MB stacks, 0 MB globals, 16 P
gc 3477 @39.688s 1%: 0.17+0.63+0.15 ms clock, 2.7+0.73/0.72/0+2.4 ms cpu, 3->4->1 MB, 4 MB goal, 0 MB stacks, 0 MB globals, 16 P
gc 3478 @39.689s 1%: 0.12+0.49+0.10 ms clock, 1.9+0.64/0.71/0.043+1.7 ms cpu, 3->4->1 MB, 4 MB goal, 0 MB stacks, 0 MB globals, 16 P
gc 3479 @39.691s 1%: 0.088+0.85+0.074 ms clock, 1.4+0.59/0.81/0+1.1 ms cpu, 3->4->2 MB, 4 MB goal, 0 MB stacks, 0 MB globals, 16 P
gc 3480 @39.693s 1%: 0.11+0.61+0.10 ms clock, 1.7+0.60/0.84/0+1.6 ms cpu, 3->4->1 MB, 4 MB goal, 0 MB stacks, 0 MB globals, 16 P
gc 3481 @39.694s 1%: 0.11+0.80+0.085 ms clock, 1.8+0.71/0.78/0.067+1.3 ms cpu, 3->4->2 MB, 4 MB goal, 0 MB stacks, 0 MB globals, 16 P
gc 3482 @39.696s 1%: 0.14+0.53+0.14 ms clock, 2.3+0.54/0.81/0.045+2.3 ms cpu, 3->4->1 MB, 4 MB goal, 0 MB stacks, 0 MB globals, 16 P
gc 3483 @39.698s 1%: 0.10+0.53+0.11 ms clock, 1.7+0.51/0.81/0+1.8 ms cpu, 3->4->1 MB, 4 MB goal, 0 MB stacks, 0 MB globals, 16 P
gc 3484 @39.699s 1%: 0.099+0.59+0.085 ms clock, 1.5+0.51/0.82/0.002+1.3 ms cpu, 3->4->1 MB, 4 MB goal, 0 MB stacks, 0 MB globals, 16 P
gc 3485 @39.701s 1%: 0.12+0.66+0.099 ms clock, 2.0+0.50/0.90/0.009+1.5 ms cpu, 3->4->2 MB, 4 MB goal, 0 MB stacks, 0 MB globals, 16 P
gc 3486 @39.703s 1%: 0.11+0.56+0.080 ms clock, 1.9+0.64/0.80/0.007+1.2 ms cpu, 3->4->1 MB, 4 MB goal, 0 MB stacks, 0 MB globals, 16 P
gc 3487 @39.705s 1%: 0.14+0.52+0.14 ms clock, 2.3+0.61/0.71/0.051+2.3 ms cpu, 3->4->1 MB, 4 MB goal, 0 MB stacks, 0 MB globals, 16 P
gc 3488 @39.706s 1%: 0.10+0.47+0.093 ms clock, 1.6+0.75/0.81/0+1.4 ms cpu, 3->4->1 MB, 4 MB goal, 0 MB stacks, 0 MB globals, 16 P
gc 3489 @39.708s 1%: 0.15+0.65+0.033 ms clock, 2.4+0.57/0.76/0+0.54 ms cpu, 3->4->1 MB, 4 MB goal, 0 MB stacks, 0 MB globals, 16 P
gc 3490 @39.709s 1%: 0.092+0.47+0.13 ms clock, 1.4+0.63/0.67/0.014+2.1 ms cpu, 3->4->1 MB, 4 MB goal, 0 MB stacks, 0 MB globals, 16 P
gc 3491 @39.711s 1%: 0.12+0.39+0.13 ms clock, 2.0+0.55/0.79/0.051+2.1 ms cpu, 3->3->1 MB, 4 MB goal, 0 MB stacks, 0 MB globals, 16 P
gc 3492 @39.712s 1%: 0.12+0.58+0.066 ms clock, 1.9+0.59/0.76/0+1.0 ms cpu, 3->4->1 MB, 4 MB goal, 0 MB stacks, 0 MB globals, 16 P
gc 3493 @39.714s 1%: 0.10+0.50+0.083 ms clock, 1.7+0.56/0.81/0.004+1.3 ms cpu, 3->4->1 MB, 4 MB goal, 0 MB stacks, 0 MB globals, 16 P
gc 3494 @39.715s 1%: 0.12+0.53+0.12 ms clock, 2.0+0.60/0.81/0.004+1.9 ms cpu, 3->4->1 MB, 4 MB goal, 0 MB stacks, 0 MB globals, 16 P
gc 3495 @39.717s 1%: 0.12+0.73+0.075 ms clock, 2.0+0.59/0.95/0.004+1.2 ms cpu, 3->4->2 MB, 4 MB goal, 0 MB stacks, 0 MB globals, 16 P
gc 3496 @39.719s 1%: 0.10+0.51+0.12 ms clock, 1.7+0.44/0.93/0.004+1.9 ms cpu, 3->4->1 MB, 4 MB goal, 0 MB stacks, 0 MB globals, 16 P
gc 3497 @39.720s 1%: 0.12+0.67+0.073 ms clock, 2.0+0.66/0.82/0.008+1.1 ms cpu, 3->4->2 MB, 4 MB goal, 0 MB stacks, 0 MB globals, 16 P
gc 3498 @39.722s 1%: 0.13+0.55+0.13 ms clock, 2.1+0.59/0.71/0.035+2.1 ms cpu, 3->4->1 MB, 4 MB goal, 0 MB stacks, 0 MB globals, 16 P
gc 3499 @39.724s 1%: 0.13+0.68+0.13 ms clock, 2.1+0.61/0.77/0+2.1 ms cpu, 3->4->2 MB, 4 MB goal, 0 MB stacks, 0 MB globals, 16 P
gc 3500 @39.726s 1%: 0.11+0.58+0.092 ms clock, 1.8+0.58/0.74/0+1.4 ms cpu, 3->4->1 MB, 4 MB goal, 0 MB stacks, 0 MB globals, 16 P
gc 3501 @39.728s 1%: 0.11+0.41+0.095 ms clock, 1.8+0.48/0.74/0+1.5 ms cpu, 3->4->1 MB, 4 MB goal, 0 MB stacks, 0 MB globals, 16 P
gc 3502 @39.729s 1%: 0.14+0.63+0.10 ms clock, 2.3+0.67/0.84/0.001+1.6 ms cpu, 3->4->1 MB, 4 MB goal, 0 MB stacks, 0 MB globals, 16 P
gc 3503 @39.731s 1%: 0.086+0.60+0.086 ms clock, 1.3+0.63/0.72/0+1.3 ms cpu, 3->4->1 MB, 4 MB goal, 0 MB stacks, 0 MB globals, 16 P
gc 3504 @39.732s 1%: 0.18+0.62+0.079 ms clock, 3.0+0.55/0.74/0+1.2 ms cpu, 3->4->1 MB, 4 MB goal, 0 MB stacks, 0 MB globals, 16 P
gc 3505 @39.734s 1%: 0.10+0.59+0.068 ms clock, 1.7+0.57/0.82/0+1.0 ms cpu, 3->4->2 MB, 4 MB goal, 0 MB stacks, 0 MB globals, 16 P
gc 3506 @39.736s 1%: 0.12+0.57+0.17 ms clock, 1.9+0.52/0.85/0.002+2.7 ms cpu, 3->4->1 MB, 4 MB goal, 0 MB stacks, 0 MB globals, 16 P
gc 3507 @39.737s 1%: 0.12+0.52+0.078 ms clock, 2.0+0.54/0.82/0+1.2 ms cpu, 3->4->1 MB, 4 MB goal, 0 MB stacks, 0 MB globals, 16 P
gc 3508 @39.739s 1%: 0.16+0.51+0.17 ms clock, 2.6+0.61/0.83/0.003+2.8 ms cpu, 3->4->2 MB, 4 MB goal, 0 MB stacks, 0 MB globals, 16 P
gc 3509 @39.741s 1%: 0.10+0.56+0.12 ms clock, 1.7+0.60/0.91/0.053+2.0 ms cpu, 3->4->1 MB, 4 MB goal, 0 MB stacks, 0 MB globals, 16 P
gc 3510 @39.742s 1%: 0.17+0.51+0.13 ms clock, 2.8+0.60/0.83/0+2.0 ms cpu, 3->4->1 MB, 4 MB goal, 0 MB stacks, 0 MB globals, 16 P
gc 3511 @39.744s 1%: 0.10+0.46+0.10 ms clock, 1.7+0.56/0.82/0.014+1.6 ms cpu, 3->4->1 MB, 4 MB goal, 0 MB stacks, 0 MB globals, 16 P
gc 3512 @39.746s 1%: 0.10+0.48+0.14 ms clock, 1.6+0.52/0.87/0+2.2 ms cpu, 3->4->1 MB, 4 MB goal, 0 MB stacks, 0 MB globals, 16 P
gc 3513 @39.747s 1%: 0.12+0.69+0.087 ms clock, 2.0+0.49/0.85/0+1.4 ms cpu, 3->4->2 MB, 4 MB goal, 0 MB stacks, 0 MB globals, 16 P
gc 3514 @39.749s 1%: 0.17+0.58+0.15 ms clock, 2.7+0.78/0.66/0.030+2.5 ms cpu, 3->4->1 MB, 4 MB goal, 0 MB stacks, 0 MB globals, 16 P
gc 3515 @39.751s 1%: 0.11+0.51+0.11 ms clock, 1.8+0.45/0.85/0+1.8 ms cpu, 3->4->1 MB, 4 MB goal, 0 MB stacks, 0 MB globals, 16 P
gc 3516 @39.752s 1%: 0.12+0.43+0.14 ms clock, 2.0+0.46/0.80/0.038+2.3 ms cpu, 3->4->1 MB, 4 MB goal, 0 MB stacks, 0 MB globals, 16 P
gc 3517 @39.754s 1%: 0.16+0.50+0.091 ms clock, 2.6+0.44/0.83/0+1.4 ms cpu, 3->4->1 MB, 4 MB goal, 0 MB stacks, 0 MB globals, 16 P
gc 3518 @39.755s 1%: 0.16+0.50+0.14 ms clock, 2.6+0.51/0.84/0+2.2 ms cpu, 3->4->1 MB, 4 MB goal, 0 MB stacks, 0 MB globals, 16 P
gc 3519 @39.757s 1%: 0.12+0.59+0.10 ms clock, 1.9+0.51/0.89/0.007+1.6 ms cpu, 3->4->1 MB, 4 MB goal, 0 MB stacks, 0 MB globals, 16 P
gc 3520 @39.758s 1%: 0.15+0.60+0.14 ms clock, 2.4+0.50/0.91/0+2.3 ms cpu, 3->4->2 MB, 4 MB goal, 0 MB stacks, 0 MB globals, 16 P
gc 3521 @39.760s 1%: 0.10+0.59+0.13 ms clock, 1.6+0.65/0.72/0+2.2 ms cpu, 3->4->1 MB, 4 MB goal, 0 MB stacks, 0 MB globals, 16 P
gc 3522 @39.762s 1%: 0.16+0.47+0.14 ms clock, 2.6+0.62/0.77/0+2.3 ms cpu, 3->4->1 MB, 4 MB goal, 0 MB stacks, 0 MB globals, 16 P
gc 3523 @39.764s 1%: 0.10+0.63+0.097 ms clock, 1.6+0.58/0.80/0.008+1.5 ms cpu, 3->4->1 MB, 4 MB goal, 0 MB stacks, 0 MB globals, 16 P
gc 3524 @39.765s 1%: 0.10+0.63+0.049 ms clock, 1.7+0.56/0.83/0.025+0.79 ms cpu, 3->4->1 MB, 4 MB goal, 0 MB stacks, 0 MB globals, 16 P
gc 3525 @39.767s 1%: 0.11+0.72+0.10 ms clock, 1.7+0.57/0.74/0+1.7 ms cpu, 3->4->2 MB, 4 MB goal, 0 MB stacks, 0 MB globals, 16 P
gc 3526 @39.769s 1%: 0.10+0.68+0.10 ms clock, 1.6+0.55/0.85/0.002+1.7 ms cpu, 3->4->2 MB, 4 MB goal, 0 MB stacks, 0 MB globals, 16 P
gc 3527 @39.771s 1%: 0.092+0.74+0.094 ms clock, 1.4+0.51/0.84/0.077+1.5 ms cpu, 3->4->2 MB, 4 MB goal, 0 MB stacks, 0 MB globals, 16 P
gc 3528 @39.773s 1%: 0.12+0.49+0.10 ms clock, 1.9+0.64/0.93/0.017+1.7 ms cpu, 3->4->1 MB, 4 MB goal, 0 MB stacks, 0 MB globals, 16 P
gc 3529 @39.774s 1%: 0.10+0.69+0.060 ms clock, 1.6+0.52/1.0/0.002+0.97 ms cpu, 3->4->1 MB, 4 MB goal, 0 MB stacks, 0 MB globals, 16 P
gc 3530 @39.776s 1%: 0.11+0.63+0.077 ms clock, 1.7+0.50/0.95/0.003+1.2 ms cpu, 3->4->2 MB, 4 MB goal, 0 MB stacks, 0 MB globals, 16 P
gc 3531 @39.778s 1%: 0.17+0.59+0.14 ms clock, 2.7+0.54/0.98/0.012+2.3 ms cpu, 3->4->2 MB, 4 MB goal, 0 MB stacks, 0 MB globals, 16 P
gc 3532 @39.780s 1%: 0.14+0.57+0.094 ms clock, 2.2+0.52/0.86/0.072+1.5 ms cpu, 3->4->1 MB, 4 MB goal, 0 MB stacks, 0 MB globals, 16 P
gc 3533 @39.781s 1%: 0.13+0.68+0.095 ms clock, 2.1+0.48/0.82/0+1.5 ms cpu, 3->4->1 MB, 4 MB goal, 0 MB stacks, 0 MB globals, 16 P
gc 3534 @39.783s 1%: 0.13+0.73+0.10 ms clock, 2.1+0.60/0.88/0+1.6 ms cpu, 3->4->2 MB, 4 MB goal, 0 MB stacks, 0 MB globals, 16 P
gc 3535 @39.785s 1%: 0.10+0.55+0.15 ms clock, 1.7+0.65/0.71/0+2.4 ms cpu, 3->4->1 MB, 4 MB goal, 0 MB stacks, 0 MB globals, 16 P
gc 3536 @39.786s 1%: 0.11+0.59+0.079 ms clock, 1.8+0.43/0.89/0.020+1.2 ms cpu, 3->4->1 MB, 4 MB goal, 0 MB stacks, 0 MB globals, 16 P
gc 3537 @39.788s 1%: 0.13+0.51+0.17 ms clock, 2.1+0.55/0.81/0.009+2.7 ms cpu, 3->4->1 MB, 4 MB goal, 0 MB stacks, 0 MB globals, 16 P
gc 3538 @39.790s 1%: 0.19+0.55+0.12 ms clock, 3.0+0.58/0.79/0+2.0 ms cpu, 3->4->2 MB, 4 MB goal, 0 MB stacks, 0 MB globals, 16 P
gc 3539 @39.792s 1%: 0.13+0.60+0.13 ms clock, 2.2+0.68/0.81/0+2.1 ms cpu, 3->4->1 MB, 4 MB goal, 0 MB stacks, 0 MB globals, 16 P
gc 3540 @39.793s 1%: 0.19+0.65+0.11 ms clock, 3.1+0.64/0.71/0.029+1.7 ms cpu, 3->4->1 MB, 4 MB goal, 0 MB stacks, 0 MB globals, 16 P
gc 3541 @39.795s 1%: 0.12+0.43+0.14 ms clock, 1.9+0.30/0.80/0.042+2.3 ms cpu, 3->4->1 MB, 4 MB goal, 0 MB stacks, 0 MB globals, 16 P
gc 3542 @39.797s 1%: 0.12+0.65+0.12 ms clock, 2.0+0.52/1.0/0+1.9 ms cpu, 3->4->2 MB, 4 MB goal, 0 MB stacks, 0 MB globals, 16 P
gc 3543 @39.798s 1%: 0.11+0.65+0.10 ms clock, 1.8+0.55/0.83/0.002+1.6 ms cpu, 3->4->1 MB, 4 MB goal, 0 MB stacks, 0 MB globals, 16 P
gc 3544 @39.800s 1%: 0.10+0.52+0.11 ms clock, 1.7+0.61/0.82/0.043+1.8 ms cpu, 3->4->1 MB, 4 MB goal, 0 MB stacks, 0 MB globals, 16 P
gc 3545 @39.802s 1%: 0.11+0.44+0.098 ms clock, 1.8+0.51/0.80/0.003+1.5 ms cpu, 3->4->1 MB, 4 MB goal, 0 MB stacks, 0 MB globals, 16 P
gc 3546 @39.803s 1%: 0.12+0.69+0.10 ms clock, 2.0+0.62/0.94/0.002+1.7 ms cpu, 3->4->2 MB, 4 MB goal, 0 MB stacks, 0 MB globals, 16 P
gc 3547 @39.805s 1%: 0.10+0.48+0.20 ms clock, 1.7+0.47/0.73/0.051+3.2 ms cpu, 3->4->1 MB, 4 MB goal, 0 MB stacks, 0 MB globals, 16 P
gc 3548 @39.806s 1%: 0.14+0.55+0.15 ms clock, 2.3+0.54/0.88/0+2.4 ms cpu, 3->4->2 MB, 4 MB goal, 0 MB stacks, 0 MB globals, 16 P
gc 3549 @39.808s 1%: 0.13+0.67+0.084 ms clock, 2.2+0.42/0.73/0.041+1.3 ms cpu, 3->4->1 MB, 4 MB goal, 0 MB stacks, 0 MB globals, 16 P
gc 3550 @39.810s 1%: 0.19+0.52+0.083 ms clock, 3.0+0.67/0.71/0+1.3 ms cpu, 3->4->2 MB, 4 MB goal, 0 MB stacks, 0 MB globals, 16 P
gc 3551 @39.812s 1%: 0.11+0.49+0.11 ms clock, 1.7+0.60/0.78/0+1.8 ms cpu, 3->4->1 MB, 4 MB goal, 0 MB stacks, 0 MB globals, 16 P
gc 3552 @39.813s 1%: 0.11+0.66+0.12 ms clock, 1.7+0.60/0.84/0.017+1.9 ms cpu, 3->4->2 MB, 4 MB goal, 0 MB stacks, 0 MB globals, 16 P
gc 3553 @39.815s 1%: 0.12+0.52+0.10 ms clock, 2.0+0.60/0.84/0+1.6 ms cpu, 3->4->1 MB, 4 MB goal, 0 MB stacks, 0 MB globals, 16 P
gc 3554 @39.816s 1%: 0.15+0.45+0.12 ms clock, 2.4+0.61/0.79/0+1.9 ms cpu, 3->4->1 MB, 4 MB goal, 0 MB stacks, 0 MB globals, 16 P
gc 3555 @39.818s 1%: 0.12+0.55+0.060 ms clock, 2.0+0.52/0.78/0+0.96 ms cpu, 3->4->1 MB, 4 MB goal, 0 MB stacks, 0 MB globals, 16 P
gc 3556 @39.820s 1%: 0.095+0.44+0.15 ms clock, 1.5+0.48/0.84/0+2.4 ms cpu, 3->3->1 MB, 4 MB goal, 0 MB stacks, 0 MB globals, 16 P
gc 3557 @39.821s 1%: 0.13+0.56+0.11 ms clock, 2.1+0.67/0.73/0+1.8 ms cpu, 3->4->2 MB, 4 MB goal, 0 MB stacks, 0 MB globals, 16 P
gc 3558 @39.823s 1%: 0.17+0.51+0.16 ms clock, 2.8+0.64/0.72/0+2.5 ms cpu, 3->4->2 MB, 4 MB goal, 0 MB stacks, 0 MB globals, 16 P
gc 3559 @39.824s 1%: 0.12+0.58+0.086 ms clock, 2.0+0.56/0.71/0+1.3 ms cpu, 3->4->1 MB, 4 MB goal, 0 MB stacks, 0 MB globals, 16 P
gc 3560 @39.826s 1%: 0.10+0.53+0.11 ms clock, 1.7+0.70/0.90/0.004+1.8 ms cpu, 3->4->1 MB, 4 MB goal, 0 MB stacks, 0 MB globals, 16 P
gc 3561 @39.828s 1%: 0.12+0.65+0.092 ms clock, 2.0+0.57/0.84/0+1.4 ms cpu, 3->4->1 MB, 4 MB goal, 0 MB stacks, 0 MB globals, 16 P
gc 3562 @39.829s 1%: 0.10+0.51+0.11 ms clock, 1.6+0.55/0.78/0+1.7 ms cpu, 3->4->1 MB, 4 MB goal, 0 MB stacks, 0 MB globals, 16 P
gc 3563 @39.831s 1%: 0.11+0.65+0.096 ms clock, 1.8+0.65/0.88/0.001+1.5 ms cpu, 3->4->2 MB, 4 MB goal, 0 MB stacks, 0 MB globals, 16 P
gc 3564 @39.833s 1%: 0.10+0.50+0.092 ms clock, 1.7+0.64/0.71/0+1.4 ms cpu, 3->4->1 MB, 4 MB goal, 0 MB stacks, 0 MB globals, 16 P
gc 3565 @39.834s 1%: 0.11+0.80+0.11 ms clock, 1.8+0.49/0.72/0+1.8 ms cpu, 3->4->2 MB, 4 MB goal, 0 MB stacks, 0 MB globals, 16 P
gc 3566 @39.836s 1%: 0.13+0.63+0.090 ms clock, 2.1+0.57/0.79/0+1.4 ms cpu, 4->4->2 MB, 4 MB goal, 0 MB stacks, 0 MB globals, 16 P
gc 3567 @39.838s 1%: 0.092+0.83+0.071 ms clock, 1.4+0.70/0.81/0.002+1.1 ms cpu, 3->4->2 MB, 4 MB goal, 0 MB stacks, 0 MB globals, 16 P
gc 3568 @39.840s 1%: 0.10+0.48+0.080 ms clock, 1.7+0.60/0.77/0+1.2 ms cpu, 3->4->1 MB, 4 MB goal, 0 MB stacks, 0 MB globals, 16 P
gc 3569 @39.841s 1%: 0.12+0.48+0.080 ms clock, 2.0+0.59/0.76/0+1.2 ms cpu, 3->3->1 MB, 4 MB goal, 0 MB stacks, 0 MB globals, 16 P
gc 3570 @39.843s 1%: 0.11+0.50+0.17 ms clock, 1.7+0.46/0.78/0+2.7 ms cpu, 3->3->1 MB, 4 MB goal, 0 MB stacks, 0 MB globals, 16 P
gc 3571 @39.844s 1%: 0.11+0.76+0.093 ms clock, 1.9+0.52/0.94/0.017+1.5 ms cpu, 3->4->2 MB, 4 MB goal, 0 MB stacks, 0 MB globals, 16 P
gc 3572 @39.846s 1%: 0.090+0.63+0.073 ms clock, 1.4+0.49/0.89/0.010+1.1 ms cpu, 3->4->1 MB, 4 MB goal, 0 MB stacks, 0 MB globals, 16 P
gc 3573 @39.848s 1%: 0.12+0.49+0.091 ms clock, 2.0+0.58/0.73/0+1.4 ms cpu, 3->4->1 MB, 4 MB goal, 0 MB stacks, 0 MB globals, 16 P
gc 3574 @39.849s 1%: 0.14+0.69+0.17 ms clock, 2.3+0.74/0.97/0.022+2.8 ms cpu, 3->4->2 MB, 4 MB goal, 0 MB stacks, 0 MB globals, 16 P
gc 3575 @39.851s 1%: 0.14+0.61+0.13 ms clock, 2.3+0.55/0.90/0+2.1 ms cpu, 3->4->2 MB, 4 MB goal, 0 MB stacks, 0 MB globals, 16 P
gc 3576 @39.853s 1%: 0.17+0.58+0.10 ms clock, 2.8+0.53/0.70/0+1.7 ms cpu, 3->4->1 MB, 4 MB goal, 0 MB stacks, 0 MB globals, 16 P
gc 3577 @39.855s 1%: 0.16+0.72+0.080 ms clock, 2.6+0.74/0.78/0+1.2 ms cpu, 3->4->2 MB, 4 MB goal, 0 MB stacks, 0 MB globals, 16 P
gc 3578 @39.857s 1%: 0.099+0.59+0.097 ms clock, 1.5+0.41/0.92/0.003+1.5 ms cpu, 3->4->1 MB, 4 MB goal, 0 MB stacks, 0 MB globals, 16 P
gc 3579 @39.859s 1%: 0.11+0.51+0.096 ms clock, 1.8+0.57/0.79/0.002+1.5 ms cpu, 3->4->1 MB, 4 MB goal, 0 MB stacks, 0 MB globals, 16 P
gc 3580 @39.860s 1%: 0.16+0.64+0.10 ms clock, 2.6+0.64/0.76/0+1.6 ms cpu, 3->4->1 MB, 4 MB goal, 0 MB stacks, 0 MB globals, 16 P
gc 3581 @39.862s 1%: 0.10+0.48+0.12 ms clock, 1.6+0.68/0.73/0.023+1.9 ms cpu, 3->4->1 MB, 4 MB goal, 0 MB stacks, 0 MB globals, 16 P
gc 3582 @39.863s 1%: 0.12+0.51+0.13 ms clock, 2.0+0.69/0.87/0.003+2.0 ms cpu, 3->4->1 MB, 4 MB goal, 0 MB stacks, 0 MB globals, 16 P
gc 3583 @39.865s 1%: 0.13+0.58+0.093 ms clock, 2.1+0.57/0.87/0+1.4 ms cpu, 3->4->1 MB, 4 MB goal, 0 MB stacks, 0 MB globals, 16 P
gc 3584 @39.866s 1%: 0.096+0.55+0.090 ms clock, 1.5+0.30/0.84/0.048+1.4 ms cpu, 3->4->1 MB, 4 MB goal, 0 MB stacks, 0 MB globals, 16 P
gc 3585 @39.868s 1%: 0.12+0.61+0.079 ms clock, 1.9+0.62/0.90/0+1.2 ms cpu, 3->4->1 MB, 4 MB goal, 0 MB stacks, 0 MB globals, 16 P
gc 3586 @39.870s 1%: 0.11+0.64+0.098 ms clock, 1.8+0.56/0.90/0.013+1.5 ms cpu, 3->4->1 MB, 4 MB goal, 0 MB stacks, 0 MB globals, 16 P
gc 3587 @39.871s 1%: 0.11+0.72+0.094 ms clock, 1.7+0.56/0.83/0+1.5 ms cpu, 3->4->2 MB, 4 MB goal, 0 MB stacks, 0 MB globals, 16 P
gc 3588 @39.873s 1%: 0.18+0.55+0.14 ms clock, 3.0+0.58/0.80/0+2.2 ms cpu, 3->4->2 MB, 4 MB goal, 0 MB stacks, 0 MB globals, 16 P
gc 3589 @39.875s 1%: 0.11+0.62+0.11 ms clock, 1.8+0.59/0.85/0.041+1.7 ms cpu, 3->4->1 MB, 4 MB goal, 0 MB stacks, 0 MB globals, 16 P
gc 3590 @39.876s 1%: 0.11+0.66+0.088 ms clock, 1.9+0.57/0.83/0+1.4 ms cpu, 3->4->1 MB, 4 MB goal, 0 MB stacks, 0 MB globals, 16 P
gc 3591 @39.878s 1%: 0.16+0.57+0.10 ms clock, 2.5+0.60/0.90/0+1.6 ms cpu, 3->4->1 MB, 4 MB goal, 0 MB stacks, 0 MB globals, 16 P
gc 3592 @39.880s 1%: 0.21+0.66+0.083 ms clock, 3.3+0.66/0.76/0+1.3 ms cpu, 3->4->2 MB, 4 MB goal, 0 MB stacks, 0 MB globals, 16 P
gc 3593 @39.882s 1%: 0.12+0.50+0.14 ms clock, 2.0+0.58/0.86/0+2.3 ms cpu, 3->4->1 MB, 4 MB goal, 0 MB stacks, 0 MB globals, 16 P
gc 3594 @39.883s 1%: 0.11+0.60+0.091 ms clock, 1.8+0.56/0.71/0+1.4 ms cpu, 3->4->1 MB, 4 MB goal, 0 MB stacks, 0 MB globals, 16 P
gc 3595 @39.885s 1%: 0.14+0.70+0.068 ms clock, 2.2+0.61/0.92/0+1.1 ms cpu, 3->4->2 MB, 4 MB goal, 0 MB stacks, 0 MB globals, 16 P
gc 3596 @39.886s 1%: 0.11+0.48+0.084 ms clock, 1.8+0.52/0.84/0+1.3 ms cpu, 3->4->1 MB, 4 MB goal, 0 MB stacks, 0 MB globals, 16 P
gc 3597 @39.888s 1%: 0.11+0.47+0.13 ms clock, 1.8+0.67/0.87/0+2.2 ms cpu, 3->4->1 MB, 4 MB goal, 0 MB stacks, 0 MB globals, 16 P
gc 3598 @39.889s 1%: 0.16+0.57+0.089 ms clock, 2.5+0.70/0.69/0+1.4 ms cpu, 3->4->1 MB, 4 MB goal, 0 MB stacks, 0 MB globals, 16 P
gc 3599 @39.891s 1%: 0.14+0.62+0.073 ms clock, 2.3+0.71/0.70/0+1.1 ms cpu, 3->4->2 MB, 4 MB goal, 0 MB stacks, 0 MB globals, 16 P
gc 3600 @39.893s 1%: 0.13+0.69+0.10 ms clock, 2.1+0.50/0.88/0.003+1.6 ms cpu, 3->4->2 MB, 4 MB goal, 0 MB stacks, 0 MB globals, 16 P
gc 3601 @39.895s 1%: 0.12+0.60+0.10 ms clock, 2.0+0.63/0.94/0.003+1.6 ms cpu, 3->4->2 MB, 4 MB goal, 0 MB stacks, 0 MB globals, 16 P
gc 3602 @39.896s 1%: 0.12+0.62+0.098 ms clock, 1.9+0.52/0.80/0+1.5 ms cpu, 3->4->1 MB, 4 MB goal, 0 MB stacks, 0 MB globals, 16 P
gc 3603 @39.898s 1%: 0.15+0.55+0.14 ms clock, 2.5+0.66/0.89/0+2.3 ms cpu, 3->4->1 MB, 4 MB goal, 0 MB stacks, 0 MB globals, 16 P
gc 3604 @39.900s 1%: 0.14+0.55+0.064 ms clock, 2.2+0.54/0.79/0+1.0 ms cpu, 3->4->1 MB, 4 MB goal, 0 MB stacks, 0 MB globals, 16 P
gc 3605 @39.901s 1%: 0.16+0.55+0.14 ms clock, 2.5+0.70/0.83/0.005+2.2 ms cpu, 3->4->1 MB, 4 MB goal, 0 MB stacks, 0 MB globals, 16 P
gc 3606 @39.903s 2%: 0.099+0.68+0.10 ms clock, 1.5+0.54/0.85/0+1.6 ms cpu, 3->4->2 MB, 4 MB goal, 0 MB stacks, 0 MB globals, 16 P
gc 3607 @39.905s 2%: 0.10+0.84+0.16 ms clock, 1.6+0.74/0.77/0+2.6 ms cpu, 3->4->2 MB, 4 MB goal, 0 MB stacks, 0 MB globals, 16 P
gc 3608 @39.907s 2%: 0.13+0.61+0.096 ms clock, 2.0+0.54/0.99/0.004+1.5 ms cpu, 3->4->2 MB, 4 MB goal, 0 MB stacks, 0 MB globals, 16 P
gc 3609 @39.909s 2%: 0.16+0.51+0.042 ms clock, 2.7+0.59/0.82/0+0.67 ms cpu, 3->4->1 MB, 4 MB goal, 0 MB stacks, 0 MB globals, 16 P
gc 3610 @39.910s 2%: 0.14+0.63+0.097 ms clock, 2.3+0.59/0.71/0.016+1.5 ms cpu, 3->4->1 MB, 4 MB goal, 0 MB stacks, 0 MB globals, 16 P
gc 3611 @39.912s 2%: 0.11+0.56+0.10 ms clock, 1.8+0.60/0.83/0.002+1.7 ms cpu, 3->4->1 MB, 4 MB goal, 0 MB stacks, 0 MB globals, 16 P
gc 3612 @39.913s 2%: 0.11+0.53+0.16 ms clock, 1.8+0.61/0.85/0+2.7 ms cpu, 3->4->1 MB, 4 MB goal, 0 MB stacks, 0 MB globals, 16 P
gc 3613 @39.915s 2%: 0.13+0.92+0.11 ms clock, 2.2+0.65/0.77/0+1.8 ms cpu, 3->4->2 MB, 4 MB goal, 0 MB stacks, 0 MB globals, 16 P
gc 3614 @39.917s 2%: 0.12+0.61+0.087 ms clock, 1.9+0.67/0.82/0.028+1.3 ms cpu, 3->4->1 MB, 4 MB goal, 0 MB stacks, 0 MB globals, 16 P
gc 3615 @39.919s 2%: 0.075+0.47+0.13 ms clock, 1.2+0.61/0.75/0+2.1 ms cpu, 3->4->1 MB, 4 MB goal, 0 MB stacks, 0 MB globals, 16 P
gc 3616 @39.920s 2%: 0.10+0.39+0.16 ms clock, 1.7+0.54/0.74/0+2.5 ms cpu, 3->3->1 MB, 4 MB goal, 0 MB stacks, 0 MB globals, 16 P
gc 3617 @39.922s 2%: 0.13+0.66+0.11 ms clock, 2.1+0.65/0.87/0+1.8 ms cpu, 3->4->2 MB, 4 MB goal, 0 MB stacks, 0 MB globals, 16 P
gc 3618 @39.923s 2%: 0.096+0.51+0.14 ms clock, 1.5+0.54/0.83/0+2.3 ms cpu, 3->4->1 MB, 4 MB goal, 0 MB stacks, 0 MB globals, 16 P
gc 3619 @39.925s 2%: 0.15+0.71+0.090 ms clock, 2.4+0.58/0.87/0+1.4 ms cpu, 3->4->2 MB, 4 MB goal, 0 MB stacks, 0 MB globals, 16 P
gc 3620 @39.927s 2%: 0.13+0.56+0.14 ms clock, 2.1+0.63/0.84/0+2.3 ms cpu, 3->4->1 MB, 4 MB goal, 0 MB stacks, 0 MB globals, 16 P
gc 3621 @39.928s 2%: 0.13+0.50+0.097 ms clock, 2.2+0.66/0.75/0.013+1.5 ms cpu, 3->4->1 MB, 4 MB goal, 0 MB stacks, 0 MB globals, 16 P
gc 3622 @39.930s 2%: 0.099+0.66+0.060 ms clock, 1.5+0.46/0.94/0.012+0.97 ms cpu, 3->4->2 MB, 4 MB goal, 0 MB stacks, 0 MB globals, 16 P
gc 3623 @39.932s 2%: 0.14+0.59+0.10 ms clock, 2.3+0.59/0.88/0+1.7 ms cpu, 3->4->2 MB, 4 MB goal, 0 MB stacks, 0 MB globals, 16 P
gc 3624 @39.933s 2%: 0.17+0.61+0.15 ms clock, 2.7+0.50/0.63/0.071+2.4 ms cpu, 3->4->1 MB, 4 MB goal, 0 MB stacks, 0 MB globals, 16 P
gc 3625 @39.935s 2%: 0.16+0.63+0.068 ms clock, 2.6+0.59/0.85/0+1.0 ms cpu, 3->4->1 MB, 4 MB goal, 0 MB stacks, 0 MB globals, 16 P
gc 3626 @39.937s 2%: 0.16+0.42+0.14 ms clock, 2.6+0.74/0.68/0+2.2 ms cpu, 3->4->1 MB, 4 MB goal, 0 MB stacks, 0 MB globals, 16 P
gc 3627 @39.938s 2%: 0.14+0.71+0.086 ms clock, 2.3+0.67/0.79/0+1.3 ms cpu, 3->4->2 MB, 4 MB goal, 0 MB stacks, 0 MB globals, 16 P
gc 3628 @39.940s 2%: 0.10+0.63+0.094 ms clock, 1.7+0.61/0.89/0.050+1.5 ms cpu, 3->4->2 MB, 4 MB goal, 0 MB stacks, 0 MB globals, 16 P
gc 3629 @39.942s 2%: 0.15+0.56+0.11 ms clock, 2.4+0.51/0.88/0+1.8 ms cpu, 3->4->1 MB, 4 MB goal, 0 MB stacks, 0 MB globals, 16 P
gc 3630 @39.944s 2%: 0.12+0.57+0.13 ms clock, 2.0+0.57/0.81/0.023+2.1 ms cpu, 3->4->1 MB, 4 MB goal, 0 MB stacks, 0 MB globals, 16 P
gc 3631 @39.945s 2%: 0.10+0.47+0.12 ms clock, 1.6+0.70/0.77/0+2.0 ms cpu, 3->4->1 MB, 4 MB goal, 0 MB stacks, 0 MB globals, 16 P
gc 3632 @39.947s 2%: 0.12+0.63+0.092 ms clock, 1.9+0.62/0.83/0+1.4 ms cpu, 3->4->2 MB, 4 MB goal, 0 MB stacks, 0 MB globals, 16 P
gc 3633 @39.949s 2%: 0.11+0.73+0.13 ms clock, 1.8+0.50/0.88/0.002+2.1 ms cpu, 3->4->2 MB, 4 MB goal, 0 MB stacks, 0 MB globals, 16 P
gc 3634 @39.950s 2%: 0.12+0.59+0.090 ms clock, 1.9+0.52/0.79/0.014+1.4 ms cpu, 3->4->1 MB, 4 MB goal, 0 MB stacks, 0 MB globals, 16 P
gc 3635 @39.952s 2%: 0.093+0.54+0.088 ms clock, 1.5+0.51/0.75/0.032+1.4 ms cpu, 3->4->1 MB, 4 MB goal, 0 MB stacks, 0 MB globals, 16 P
gc 3636 @39.954s 2%: 0.12+0.63+0.077 ms clock, 1.9+0.61/0.91/0.011+1.2 ms cpu, 3->4->1 MB, 4 MB goal, 0 MB stacks, 0 MB globals, 16 P
gc 3637 @39.955s 2%: 0.10+0.60+0.094 ms clock, 1.7+0.64/0.77/0+1.5 ms cpu, 3->4->1 MB, 4 MB goal, 0 MB stacks, 0 MB globals, 16 P
gc 3638 @39.957s 2%: 0.12+0.46+0.083 ms clock, 1.9+0.66/0.68/0.042+1.3 ms cpu, 3->4->1 MB, 4 MB goal, 0 MB stacks, 0 MB globals, 16 P
gc 3639 @39.958s 2%: 0.13+0.75+0.10 ms clock, 2.1+0.68/0.79/0+1.6 ms cpu, 3->4->2 MB, 4 MB goal, 0 MB stacks, 0 MB globals, 16 P
gc 3640 @39.960s 2%: 0.12+0.66+0.097 ms clock, 2.0+0.53/0.76/0.036+1.5 ms cpu, 4->4->2 MB, 4 MB goal, 0 MB stacks, 0 MB globals, 16 P
gc 3641 @39.962s 2%: 0.12+0.42+0.12 ms clock, 2.0+0.74/0.88/0+2.0 ms cpu, 3->4->1 MB, 4 MB goal, 0 MB stacks, 0 MB globals, 16 P
gc 3642 @39.964s 2%: 0.10+0.48+0.13 ms clock, 1.6+0.62/0.81/0.026+2.2 ms cpu, 3->4->1 MB, 4 MB goal, 0 MB stacks, 0 MB globals, 16 P
gc 3643 @39.965s 2%: 0.12+0.62+0.11 ms clock, 1.9+0.68/0.80/0.008+1.8 ms cpu, 3->4->2 MB, 4 MB goal, 0 MB stacks, 0 MB globals, 16 P
gc 3644 @39.967s 2%: 0.14+0.47+0.17 ms clock, 2.3+0.54/0.81/0.014+2.7 ms cpu, 3->4->1 MB, 4 MB goal, 0 MB stacks, 0 MB globals, 16 P
gc 3645 @39.968s 2%: 0.13+0.66+0.10 ms clock, 2.1+0.73/0.82/0+1.7 ms cpu, 3->4->2 MB, 4 MB goal, 0 MB stacks, 0 MB globals, 16 P
gc 3646 @39.970s 2%: 0.10+0.70+0.074 ms clock, 1.7+0.59/0.72/0+1.1 ms cpu, 3->4->2 MB, 4 MB goal, 0 MB stacks, 0 MB globals, 16 P
gc 3647 @39.972s 2%: 0.13+0.50+0.11 ms clock, 2.1+0.60/0.77/0.015+1.7 ms cpu, 3->4->1 MB, 4 MB goal, 0 MB stacks, 0 MB globals, 16 P
gc 3648 @39.974s 2%: 0.17+0.49+0.11 ms clock, 2.8+0.53/0.79/0+1.8 ms cpu, 3->4->1 MB, 4 MB goal, 0 MB stacks, 0 MB globals, 16 P
gc 3649 @39.975s 2%: 0.11+0.45+0.17 ms clock, 1.8+0.58/0.79/0.004+2.7 ms cpu, 3->4->1 MB, 4 MB goal, 0 MB stacks, 0 MB globals, 16 P
gc 3650 @39.977s 2%: 0.15+0.50+0.15 ms clock, 2.4+0.70/0.75/0+2.4 ms cpu, 3->4->1 MB, 4 MB goal, 0 MB stacks, 0 MB globals, 16 P
gc 3651 @39.978s 2%: 0.085+0.53+0.10 ms clock, 1.3+0.45/0.86/0.024+1.7 ms cpu, 3->4->1 MB, 4 MB goal, 0 MB stacks, 0 MB globals, 16 P
gc 3652 @39.980s 2%: 0.10+0.52+0.13 ms clock, 1.6+0.75/0.83/0+2.1 ms cpu, 3->4->2 MB, 4 MB goal, 0 MB stacks, 0 MB globals, 16 P
gc 3653 @39.982s 2%: 0.11+0.71+0.097 ms clock, 1.8+0.61/0.81/0.005+1.5 ms cpu, 3->4->2 MB, 4 MB goal, 0 MB stacks, 0 MB globals, 16 P
gc 3654 @39.983s 2%: 0.10+0.68+0.13 ms clock, 1.7+0.61/0.90/0.028+2.0 ms cpu, 3->4->2 MB, 4 MB goal, 0 MB stacks, 0 MB globals, 16 P
gc 3655 @39.985s 2%: 0.11+0.50+0.094 ms clock, 1.8+0.47/0.88/0.003+1.5 ms cpu, 3->4->1 MB, 4 MB goal, 0 MB stacks, 0 MB globals, 16 P
gc 3656 @39.987s 2%: 0.11+0.59+0.035 ms clock, 1.7+0.61/0.81/0+0.56 ms cpu, 3->4->1 MB, 4 MB goal, 0 MB stacks, 0 MB globals, 16 P
gc 3657 @39.989s 2%: 0.10+0.54+0.057 ms clock, 1.6+0.57/0.74/0+0.91 ms cpu, 3->4->1 MB, 4 MB goal, 0 MB stacks, 0 MB globals, 16 P
gc 3658 @39.990s 2%: 0.15+0.54+0.084 ms clock, 2.5+0.65/0.84/0+1.3 ms cpu, 3->4->1 MB, 4 MB goal, 0 MB stacks, 0 MB globals, 16 P
gc 3659 @39.992s 2%: 0.12+0.52+0.12 ms clock, 2.0+0.54/0.91/0.014+1.9 ms cpu, 3->4->1 MB, 4 MB goal, 0 MB stacks, 0 MB globals, 16 P
gc 3660 @39.993s 2%: 0.12+0.65+0.10 ms clock, 2.0+0.65/0.78/0.008+1.6 ms cpu, 3->4->2 MB, 4 MB goal, 0 MB stacks, 0 MB globals, 16 P
gc 3661 @39.995s 2%: 0.13+0.59+0.058 ms clock, 2.1+0.70/0.73/0+0.93 ms cpu, 3->4->2 MB, 4 MB goal, 0 MB stacks, 0 MB globals, 16 P
gc 3662 @39.997s 2%: 0.14+0.70+0.098 ms clock, 2.3+0.62/0.79/0+1.5 ms cpu, 3->4->2 MB, 4 MB goal, 0 MB stacks, 0 MB globals, 16 P
gc 3663 @39.999s 2%: 0.11+0.68+0.077 ms clock, 1.8+0.62/0.94/0.003+1.2 ms cpu, 3->4->2 MB, 4 MB goal, 0 MB stacks, 0 MB globals, 16 P
gc 3664 @40.001s 2%: 0.11+0.61+0.078 ms clock, 1.8+0.65/0.71/0+1.2 ms cpu, 3->4->1 MB, 4 MB goal, 0 MB stacks, 0 MB globals, 16 P
gc 3665 @40.002s 2%: 0.13+0.75+0.14 ms clock, 2.0+0.70/0.85/0+2.3 ms cpu, 3->4->2 MB, 4 MB goal, 0 MB stacks, 0 MB globals, 16 P
gc 3666 @40.004s 2%: 0.16+0.51+0.19 ms clock, 2.6+0.57/0.89/0+3.1 ms cpu, 3->4->1 MB, 4 MB goal, 0 MB stacks, 0 MB globals, 16 P
gc 3667 @40.006s 2%: 0.18+0.53+0.11 ms clock, 2.9+0.73/0.91/0+1.7 ms cpu, 3->4->2 MB, 4 MB goal, 0 MB stacks, 0 MB globals, 16 P
gc 3668 @40.008s 2%: 0.11+0.79+0.10 ms clock, 1.7+0.61/0.92/0+1.6 ms cpu, 3->4->2 MB, 4 MB goal, 0 MB stacks, 0 MB globals, 16 P
gc 3669 @40.010s 2%: 0.087+0.53+0.10 ms clock, 1.4+0.44/0.84/0.023+1.7 ms cpu, 3->4->1 MB, 4 MB goal, 0 MB stacks, 0 MB globals, 16 P
gc 3670 @40.011s 2%: 0.16+0.54+0.11 ms clock, 2.5+0.71/0.84/0+1.7 ms cpu, 3->4->2 MB, 4 MB goal, 0 MB stacks, 0 MB globals, 16 P
gc 3671 @40.013s 2%: 0.10+0.60+0.13 ms clock, 1.7+0.64/0.87/0+2.1 ms cpu, 3->4->2 MB, 4 MB goal, 0 MB stacks, 0 MB globals, 16 P
gc 3672 @40.015s 2%: 0.13+0.68+0.11 ms clock, 2.1+0.53/0.91/0+1.7 ms cpu, 3->4->2 MB, 4 MB goal, 0 MB stacks, 0 MB globals, 16 P
gc 3673 @40.017s 2%: 0.15+0.45+0.14 ms clock, 2.5+0.45/0.81/0+2.2 ms cpu, 3->4->1 MB, 4 MB goal, 0 MB stacks, 0 MB globals, 16 P
gc 3674 @40.018s 2%: 0.12+0.52+0.18 ms clock, 1.9+0.49/0.78/0.068+2.9 ms cpu, 3->3->1 MB, 4 MB goal, 0 MB stacks, 0 MB globals, 16 P
gc 3675 @40.020s 2%: 0.13+0.69+0.073 ms clock, 2.1+0.61/0.94/0+1.1 ms cpu, 3->4->2 MB, 4 MB goal, 0 MB stacks, 0 MB globals, 16 P
gc 3676 @40.021s 2%: 0.14+0.48+0.085 ms clock, 2.3+0.53/0.78/0+1.3 ms cpu, 3->4->1 MB, 4 MB goal, 0 MB stacks, 0 MB globals, 16 P
gc 3677 @40.023s 2%: 0.12+0.61+0.037 ms clock, 2.0+0.68/0.77/0+0.59 ms cpu, 3->4->1 MB, 4 MB goal, 0 MB stacks, 0 MB globals, 16 P
gc 3678 @40.025s 2%: 0.097+0.66+0.089 ms clock, 1.5+0.59/0.84/0.022+1.4 ms cpu, 3->4->1 MB, 4 MB goal, 0 MB stacks, 0 MB globals, 16 P
gc 3679 @40.026s 2%: 0.12+0.58+0.10 ms clock, 2.0+0.47/0.93/0.041+1.7 ms cpu, 3->4->1 MB, 4 MB goal, 0 MB stacks, 0 MB globals, 16 P
gc 3680 @40.028s 2%: 0.10+0.61+0.13 ms clock, 1.6+0.62/0.83/0+2.1 ms cpu, 3->4->1 MB, 4 MB goal, 0 MB stacks, 0 MB globals, 16 P
gc 3681 @40.030s 2%: 0.12+0.50+0.13 ms clock, 2.0+0.55/0.81/0.031+2.1 ms cpu, 3->4->1 MB, 4 MB goal, 0 MB stacks, 0 MB globals, 16 P
gc 3682 @40.031s 2%: 0.12+0.57+0.071 ms clock, 2.0+0.52/0.83/0+1.1 ms cpu, 3->4->1 MB, 4 MB goal, 0 MB stacks, 0 MB globals, 16 P
gc 3683 @40.033s 2%: 0.097+0.54+0.089 ms clock, 1.5+0.66/0.81/0+1.4 ms cpu, 3->4->1 MB, 4 MB goal, 0 MB stacks, 0 MB globals, 16 P
gc 3684 @40.034s 2%: 0.13+0.58+0.079 ms clock, 2.2+0.55/0.85/0+1.2 ms cpu, 3->4->1 MB, 4 MB goal, 0 MB stacks, 0 MB globals, 16 P
gc 3685 @40.036s 2%: 0.10+0.47+0.16 ms clock, 1.7+0.66/0.78/0.001+2.6 ms cpu, 3->4->1 MB, 4 MB goal, 0 MB stacks, 0 MB globals, 16 P
gc 3686 @40.038s 2%: 0.15+0.52+0.16 ms clock, 2.4+0.59/0.87/0+2.6 ms cpu, 3->4->2 MB, 4 MB goal, 0 MB stacks, 0 MB globals, 16 P
gc 3687 @40.039s 2%: 0.078+0.62+0.10 ms clock, 1.2+0.38/0.94/0.045+1.7 ms cpu, 3->4->1 MB, 4 MB goal, 0 MB stacks, 0 MB globals, 16 P
gc 3688 @40.041s 2%: 0.10+0.62+0.12 ms clock, 1.6+0.53/0.80/0.059+2.0 ms cpu, 3->4->1 MB, 4 MB goal, 0 MB stacks, 0 MB globals, 16 P
gc 3689 @40.043s 2%: 0.11+0.45+0.16 ms clock, 1.7+0.59/0.77/0.018+2.6 ms cpu, 3->4->1 MB, 4 MB goal, 0 MB stacks, 0 MB globals, 16 P
gc 3690 @40.044s 2%: 0.13+0.59+0.091 ms clock, 2.1+0.63/0.87/0+1.4 ms cpu, 3->4->2 MB, 4 MB goal, 0 MB stacks, 0 MB globals, 16 P
gc 3691 @40.046s 2%: 0.12+0.72+0.078 ms clock, 2.0+0.49/0.89/0+1.2 ms cpu, 3->4->2 MB, 4 MB goal, 0 MB stacks, 0 MB globals, 16 P
gc 3692 @40.048s 2%: 0.13+0.49+0.10 ms clock, 2.1+0.62/0.68/0+1.6 ms cpu, 3->4->1 MB, 4 MB goal, 0 MB stacks, 0 MB globals, 16 P
gc 3693 @40.049s 2%: 0.16+0.51+0.15 ms clock, 2.6+0.44/0.79/0.002+2.4 ms cpu, 3->4->1 MB, 4 MB goal, 0 MB stacks, 0 MB globals, 16 P
gc 3694 @40.051s 2%: 0.15+0.67+0.094 ms clock, 2.5+0.49/0.77/0.021+1.5 ms cpu, 3->4->2 MB, 4 MB goal, 0 MB stacks, 0 MB globals, 16 P
gc 3695 @40.053s 2%: 0.10+0.61+0.080 ms clock, 1.6+0.47/0.88/0.007+1.2 ms cpu, 3->4->1 MB, 4 MB goal, 0 MB stacks, 0 MB globals, 16 P
gc 3696 @40.054s 2%: 0.13+0.62+0.14 ms clock, 2.1+0.62/0.94/0+2.2 ms cpu, 3->4->2 MB, 4 MB goal, 0 MB stacks, 0 MB globals, 16 P
gc 3697 @40.056s 2%: 0.11+0.57+0.049 ms clock, 1.8+0.71/0.77/0+0.79 ms cpu, 3->4->1 MB, 4 MB goal, 0 MB stacks, 0 MB globals, 16 P
gc 3698 @40.057s 2%: 0.13+0.55+0.13 ms clock, 2.1+0.68/0.72/0.002+2.1 ms cpu, 3->4->2 MB, 4 MB goal, 0 MB stacks, 0 MB globals, 16 P
gc 3699 @40.059s 2%: 0.12+0.65+0.084 ms clock, 1.9+0.62/0.78/0.066+1.3 ms cpu, 3->4->2 MB, 4 MB goal, 0 MB stacks, 0 MB globals, 16 P
gc 3700 @40.061s 2%: 0.15+0.48+0.13 ms clock, 2.4+0.52/0.73/0.008+2.1 ms cpu, 3->4->1 MB, 4 MB goal, 0 MB stacks, 0 MB globals, 16 P
gc 3701 @40.062s 2%: 0.17+0.55+0.14 ms clock, 2.7+0.78/0.74/0+2.3 ms cpu, 3->4->2 MB, 4 MB goal, 0 MB stacks, 0 MB globals, 16 P
gc 3702 @40.064s 2%: 0.11+0.69+0.081 ms clock, 1.8+0.44/0.88/0.005+1.2 ms cpu, 3->4->2 MB, 4 MB goal, 0 MB stacks, 0 MB globals, 16 P
gc 3703 @40.066s 2%: 0.12+0.58+0.10 ms clock, 2.0+0.55/0.76/0.001+1.7 ms cpu, 3->4->1 MB, 4 MB goal, 0 MB stacks, 0 MB globals, 16 P
gc 3704 @40.068s 2%: 0.13+0.67+0.092 ms clock, 2.0+0.58/0.80/0.035+1.4 ms cpu, 3->4->2 MB, 4 MB goal, 0 MB stacks, 0 MB globals, 16 P
gc 3705 @40.069s 2%: 0.079+0.46+0.11 ms clock, 1.2+0.50/0.69/0.036+1.8 ms cpu, 3->4->1 MB, 4 MB goal, 0 MB stacks, 0 MB globals, 16 P
gc 3706 @40.071s 2%: 0.15+0.56+0.10 ms clock, 2.5+0.54/0.84/0.022+1.7 ms cpu, 3->3->1 MB, 4 MB goal, 0 MB stacks, 0 MB globals, 16 P
gc 3707 @40.072s 2%: 0.21+0.51+0.10 ms clock, 3.4+0.71/0.92/0+1.6 ms cpu, 3->4->1 MB, 4 MB goal, 0 MB stacks, 0 MB globals, 16 P
gc 3708 @40.074s 2%: 0.11+0.51+0.11 ms clock, 1.7+0.68/0.69/0.017+1.8 ms cpu, 3->4->1 MB, 4 MB goal, 0 MB stacks, 0 MB globals, 16 P
gc 3709 @40.075s 2%: 0.12+0.63+0.058 ms clock, 2.0+0.64/0.80/0.003+0.93 ms cpu, 3->4->1 MB, 4 MB goal, 0 MB stacks, 0 MB globals, 16 P
gc 3710 @40.077s 2%: 0.13+0.72+0.11 ms clock, 2.1+0.53/0.82/0.034+1.9 ms cpu, 3->4->2 MB, 4 MB goal, 0 MB stacks, 0 MB globals, 16 P
gc 3711 @40.079s 2%: 0.11+0.49+0.14 ms clock, 1.8+0.64/0.84/0+2.2 ms cpu, 3->4->1 MB, 4 MB goal, 0 MB stacks, 0 MB globals, 16 P
gc 3712 @40.081s 2%: 0.13+0.57+0.17 ms clock, 2.1+0.64/0.75/0.028+2.8 ms cpu, 3->4->1 MB, 4 MB goal, 0 MB stacks, 0 MB globals, 16 P
gc 3713 @40.082s 2%: 0.17+0.44+0.14 ms clock, 2.7+0.48/0.83/0+2.3 ms cpu, 3->4->1 MB, 4 MB goal, 0 MB stacks, 0 MB globals, 16 P
gc 3714 @40.084s 2%: 0.21+0.61+0.16 ms clock, 3.4+0.63/0.91/0+2.6 ms cpu, 3->4->2 MB, 4 MB goal, 0 MB stacks, 0 MB globals, 16 P
gc 3715 @40.086s 2%: 0.16+0.69+0.082 ms clock, 2.6+0.67/0.88/0.032+1.3 ms cpu, 3->4->2 MB, 4 MB goal, 0 MB stacks, 0 MB globals, 16 P
gc 3716 @40.088s 2%: 0.091+0.74+0.085 ms clock, 1.4+0.50/0.80/0+1.3 ms cpu, 3->4->1 MB, 4 MB goal, 0 MB stacks, 0 MB globals, 16 P
gc 3717 @40.090s 2%: 0.14+0.51+0.17 ms clock, 2.2+0.69/0.80/0+2.7 ms cpu, 3->4->1 MB, 4 MB goal, 0 MB stacks, 0 MB globals, 16 P
gc 3718 @40.091s 2%: 0.12+0.79+0.094 ms clock, 1.9+0.57/0.87/0+1.5 ms cpu, 3->4->2 MB, 4 MB goal, 0 MB stacks, 0 MB globals, 16 P
gc 3719 @40.093s 2%: 0.13+0.68+0.082 ms clock, 2.1+0.65/0.80/0.023+1.3 ms cpu, 3->4->1 MB, 4 MB goal, 0 MB stacks, 0 MB globals, 16 P
gc 3720 @40.095s 2%: 0.13+0.49+0.11 ms clock, 2.1+0.54/0.77/0+1.8 ms cpu, 3->4->1 MB, 4 MB goal, 0 MB stacks, 0 MB globals, 16 P
gc 3721 @40.096s 2%: 0.12+0.70+0.040 ms clock, 1.9+0.55/0.99/0.019+0.64 ms cpu, 3->4->2 MB, 4 MB goal, 0 MB stacks, 0 MB globals, 16 P
gc 3722 @40.098s 2%: 0.12+0.68+0.097 ms clock, 1.9+0.56/0.86/0.035+1.5 ms cpu, 3->4->2 MB, 4 MB goal, 0 MB stacks, 0 MB globals, 16 P
gc 3723 @40.100s 2%: 0.071+0.63+0.13 ms clock, 1.1+0.62/0.87/0.021+2.1 ms cpu, 3->4->2 MB, 4 MB goal, 0 MB stacks, 0 MB globals, 16 P
gc 3724 @40.102s 2%: 0.11+0.73+0.092 ms clock, 1.8+0.57/0.98/0+1.4 ms cpu, 3->4->2 MB, 4 MB goal, 0 MB stacks, 0 MB globals, 16 P
gc 3725 @40.104s 2%: 0.11+0.54+0.13 ms clock, 1.8+0.66/0.76/0+2.2 ms cpu, 3->4->1 MB, 4 MB goal, 0 MB stacks, 0 MB globals, 16 P
gc 3726 @40.105s 2%: 0.17+0.67+0.091 ms clock, 2.7+0.69/0.92/0+1.4 ms cpu, 3->4->2 MB, 4 MB goal, 0 MB stacks, 0 MB globals, 16 P
gc 3727 @40.107s 2%: 0.12+0.68+0.093 ms clock, 2.0+0.60/0.95/0+1.4 ms cpu, 3->4->2 MB, 4 MB goal, 0 MB stacks, 0 MB globals, 16 P
gc 3728 @40.109s 2%: 0.13+1.0+0.097 ms clock, 2.1+0.48/0.83/0.013+1.5 ms cpu, 3->4->2 MB, 4 MB goal, 0 MB stacks, 0 MB globals, 16 P
gc 3729 @40.111s 2%: 0.14+0.66+0.10 ms clock, 2.2+0.58/0.77/0.016+1.6 ms cpu, 4->4->2 MB, 4 MB goal, 0 MB stacks, 0 MB globals, 16 P
gc 3730 @40.113s 2%: 0.13+0.50+0.11 ms clock, 2.2+0.57/0.77/0+1.8 ms cpu, 3->4->1 MB, 4 MB goal, 0 MB stacks, 0 MB globals, 16 P
gc 3731 @40.114s 2%: 0.13+0.66+0.10 ms clock, 2.0+0.58/0.89/0.003+1.6 ms cpu, 3->4->2 MB, 4 MB goal, 0 MB stacks, 0 MB globals, 16 P
gc 3732 @40.116s 2%: 0.14+0.44+0.13 ms clock, 2.3+0.66/0.83/0+2.1 ms cpu, 3->4->1 MB, 4 MB goal, 0 MB stacks, 0 MB globals, 16 P
gc 3733 @40.118s 2%: 0.12+0.59+0.10 ms clock, 1.9+0.47/0.92/0.017+1.6 ms cpu, 3->4->1 MB, 4 MB goal, 0 MB stacks, 0 MB globals, 16 P
gc 3734 @40.119s 2%: 0.11+0.65+0.10 ms clock, 1.9+0.62/0.77/0.010+1.6 ms cpu, 3->4->1 MB, 4 MB goal, 0 MB stacks, 0 MB globals, 16 P
gc 3735 @40.121s 2%: 0.11+0.56+0.082 ms clock, 1.8+0.59/0.81/0.009+1.3 ms cpu, 3->4->1 MB, 4 MB goal, 0 MB stacks, 0 MB globals, 16 P
gc 3736 @40.122s 2%: 0.16+0.47+0.15 ms clock, 2.6+0.76/0.66/0.028+2.5 ms cpu, 3->4->1 MB, 4 MB goal, 0 MB stacks, 0 MB globals, 16 P
gc 3737 @40.124s 2%: 0.10+0.52+0.094 ms clock, 1.7+0.51/0.86/0+1.5 ms cpu, 3->4->1 MB, 4 MB goal, 0 MB stacks, 0 MB globals, 16 P
gc 3738 @40.126s 2%: 0.10+0.53+0.11 ms clock, 1.7+0.50/0.84/0.007+1.7 ms cpu, 3->4->1 MB, 4 MB goal, 0 MB stacks, 0 MB globals, 16 P
gc 3739 @40.127s 2%: 0.18+0.62+0.19 ms clock, 2.8+0.57/0.67/0+3.0 ms cpu, 3->4->2 MB, 4 MB goal, 0 MB stacks, 0 MB globals, 16 P
gc 3740 @40.129s 2%: 0.10+0.69+0.090 ms clock, 1.7+0.62/0.78/0+1.4 ms cpu, 4->4->2 MB, 4 MB goal, 0 MB stacks, 0 MB globals, 16 P
gc 3741 @40.131s 2%: 0.12+0.45+0.16 ms clock, 1.9+0.54/0.73/0.017+2.6 ms cpu, 3->4->1 MB, 4 MB goal, 0 MB stacks, 0 MB globals, 16 P
gc 3742 @40.132s 2%: 0.18+0.62+0.062 ms clock, 3.0+0.40/0.87/0+1.0 ms cpu, 3->4->1 MB, 4 MB goal, 0 MB stacks, 0 MB globals, 16 P
gc 3743 @40.134s 2%: 0.12+0.62+0.095 ms clock, 2.0+0.73/0.73/0.004+1.5 ms cpu, 3->4->1 MB, 4 MB goal, 0 MB stacks, 0 MB globals, 16 P
gc 3744 @40.136s 2%: 0.12+0.65+0.084 ms clock, 2.0+0.56/0.86/0+1.3 ms cpu, 3->4->2 MB, 4 MB goal, 0 MB stacks, 0 MB globals, 16 P
gc 3745 @40.137s 2%: 0.12+0.85+0.11 ms clock, 1.9+0.59/0.93/0.001+1.8 ms cpu, 3->4->2 MB, 4 MB goal, 0 MB stacks, 0 MB globals, 16 P
gc 3746 @40.139s 2%: 0.13+0.53+0.13 ms clock, 2.0+0.51/0.88/0+2.1 ms cpu, 3->4->1 MB, 4 MB goal, 0 MB stacks, 0 MB globals, 16 P
gc 3747 @40.141s 2%: 0.12+0.49+0.088 ms clock, 2.0+0.51/0.79/0.005+1.4 ms cpu, 3->4->1 MB, 4 MB goal, 0 MB stacks, 0 MB globals, 16 P
gc 3748 @40.143s 2%: 0.17+0.62+0.12 ms clock, 2.7+0.42/0.75/0.10+1.9 ms cpu, 3->4->1 MB, 4 MB goal, 0 MB stacks, 0 MB globals, 16 P
gc 3749 @40.144s 2%: 0.14+0.50+0.14 ms clock, 2.2+0.52/0.75/0+2.2 ms cpu, 3->4->2 MB, 4 MB goal, 0 MB stacks, 0 MB globals, 16 P
gc 3750 @40.146s 2%: 0.20+0.49+0.12 ms clock, 3.2+0.51/0.82/0+1.9 ms cpu, 3->4->1 MB, 4 MB goal, 0 MB stacks, 0 MB globals, 16 P
gc 3751 @40.147s 2%: 0.10+0.52+0.099 ms clock, 1.6+0.67/0.80/0.024+1.5 ms cpu, 3->4->1 MB, 4 MB goal, 0 MB stacks, 0 MB globals, 16 P
gc 3752 @40.149s 2%: 0.15+0.60+0.13 ms clock, 2.5+0.56/0.89/0+2.1 ms cpu, 3->4->2 MB, 4 MB goal, 0 MB stacks, 0 MB globals, 16 P
gc 3753 @40.151s 2%: 0.12+0.50+0.096 ms clock, 2.0+0.50/0.89/0.011+1.5 ms cpu, 3->4->1 MB, 4 MB goal, 0 MB stacks, 0 MB globals, 16 P
gc 3754 @40.152s 2%: 0.11+0.56+0.13 ms clock, 1.7+0.52/0.83/0.003+2.1 ms cpu, 3->4->1 MB, 4 MB goal, 0 MB stacks, 0 MB globals, 16 P
gc 3755 @40.154s 2%: 0.11+0.48+0.11 ms clock, 1.8+0.53/0.83/0+1.8 ms cpu, 3->4->1 MB, 4 MB goal, 0 MB stacks, 0 MB globals, 16 P
gc 3756 @40.155s 2%: 0.092+0.53+0.10 ms clock, 1.4+0.60/0.68/0+1.6 ms cpu, 3->4->1 MB, 4 MB goal, 0 MB stacks, 0 MB globals, 16 P
gc 3757 @40.157s 2%: 0.12+0.66+0.10 ms clock, 2.0+0.48/0.81/0+1.6 ms cpu, 3->4->1 MB, 4 MB goal, 0 MB stacks, 0 MB globals, 16 P
gc 3758 @40.159s 2%: 0.12+0.61+0.076 ms clock, 1.9+0.55/0.84/0+1.2 ms cpu, 3->4->1 MB, 4 MB goal, 0 MB stacks, 0 MB globals, 16 P
gc 3759 @40.160s 2%: 0.099+0.48+0.088 ms clock, 1.5+0.48/0.82/0+1.4 ms cpu, 3->4->1 MB, 4 MB goal, 0 MB stacks, 0 MB globals, 16 P
gc 3760 @40.162s 2%: 0.10+0.70+0.060 ms clock, 1.6+0.44/0.79/0.006+0.96 ms cpu, 3->4->1 MB, 4 MB goal, 0 MB stacks, 0 MB globals, 16 P
gc 3761 @40.163s 2%: 0.12+0.49+0.15 ms clock, 1.9+0.67/0.70/0+2.4 ms cpu, 3->4->1 MB, 4 MB goal, 0 MB stacks, 0 MB globals, 16 P
gc 3762 @40.165s 2%: 0.17+0.49+0.055 ms clock, 2.7+0.68/0.72/0.009+0.89 ms cpu, 3->4->1 MB, 4 MB goal, 0 MB stacks, 0 MB globals, 16 P
gc 3763 @40.167s 2%: 0.11+0.62+0.10 ms clock, 1.8+0.70/0.78/0+1.6 ms cpu, 3->4->2 MB, 4 MB goal, 0 MB stacks, 0 MB globals, 16 P
gc 3764 @40.168s 2%: 0.11+0.55+0.009 ms clock, 1.9+0.60/0.74/0.004+0.15 ms cpu, 3->4->1 MB, 4 MB goal, 0 MB stacks, 0 MB globals, 16 P
gc 3765 @40.170s 2%: 0.093+0.54+0.13 ms clock, 1.4+0.48/0.84/0+2.2 ms cpu, 3->4->1 MB, 4 MB goal, 0 MB stacks, 0 MB globals, 16 P
gc 3766 @40.171s 2%: 0.14+0.47+0.13 ms clock, 2.3+0.68/0.80/0.001+2.2 ms cpu, 3->4->1 MB, 4 MB goal, 0 MB stacks, 0 MB globals, 16 P
gc 3767 @40.173s 2%: 0.11+0.65+0.036 ms clock, 1.8+0.52/0.85/0+0.57 ms cpu, 3->4->1 MB, 4 MB goal, 0 MB stacks, 0 MB globals, 16 P
gc 3768 @40.175s 2%: 0.16+0.52+0.088 ms clock, 2.6+0.52/0.82/0+1.4 ms cpu, 3->4->1 MB, 4 MB goal, 0 MB stacks, 0 MB globals, 16 P
gc 3769 @40.176s 2%: 0.11+0.72+0.13 ms clock, 1.9+0.45/0.83/0.086+2.1 ms cpu, 3->4->2 MB, 4 MB goal, 0 MB stacks, 0 MB globals, 16 P
gc 3770 @40.178s 2%: 0.10+0.55+0.10 ms clock, 1.6+0.48/0.76/0.037+1.7 ms cpu, 3->4->1 MB, 4 MB goal, 0 MB stacks, 0 MB globals, 16 P
gc 3771 @40.180s 2%: 0.12+0.62+0.068 ms clock, 2.0+0.58/0.88/0+1.0 ms cpu, 3->4->1 MB, 4 MB goal, 0 MB stacks, 0 MB globals, 16 P
gc 3772 @40.181s 2%: 0.10+0.68+0.098 ms clock, 1.6+0.59/0.81/0+1.5 ms cpu, 3->4->2 MB, 4 MB goal, 0 MB stacks, 0 MB globals, 16 P
gc 3773 @40.183s 2%: 0.13+0.67+0.10 ms clock, 2.1+0.63/0.81/0.009+1.6 ms cpu, 3->4->2 MB, 4 MB goal, 0 MB stacks, 0 MB globals, 16 P
gc 3774 @40.185s 2%: 0.10+0.46+0.13 ms clock, 1.6+0.62/0.80/0.022+2.2 ms cpu, 3->4->1 MB, 4 MB goal, 0 MB stacks, 0 MB globals, 16 P
gc 3775 @40.186s 2%: 0.11+0.64+0.11 ms clock, 1.9+0.67/0.74/0+1.7 ms cpu, 3->4->2 MB, 4 MB goal, 0 MB stacks, 0 MB globals, 16 P
gc 3776 @40.188s 2%: 0.12+0.48+0.10 ms clock, 1.9+0.57/0.74/0.031+1.6 ms cpu, 3->4->1 MB, 4 MB goal, 0 MB stacks, 0 MB globals, 16 P
gc 3777 @40.190s 2%: 0.14+0.52+0.060 ms clock, 2.3+0.72/0.67/0+0.97 ms cpu, 3->4->1 MB, 4 MB goal, 0 MB stacks, 0 MB globals, 16 P
gc 3778 @40.191s 2%: 0.13+0.52+0.14 ms clock, 2.2+0.51/0.88/0+2.3 ms cpu, 3->4->1 MB, 4 MB goal, 0 MB stacks, 0 MB globals, 16 P
gc 3779 @40.193s 2%: 0.082+0.68+0.073 ms clock, 1.3+0.64/0.88/0.009+1.1 ms cpu, 3->4->2 MB, 4 MB goal, 0 MB stacks, 0 MB globals, 16 P
gc 3780 @40.194s 2%: 0.13+0.67+0.12 ms clock, 2.1+0.54/0.83/0.043+2.0 ms cpu, 3->4->2 MB, 4 MB goal, 0 MB stacks, 0 MB globals, 16 P
gc 3781 @40.196s 2%: 0.12+0.60+0.10 ms clock, 1.9+0.55/0.86/0.050+1.6 ms cpu, 3->4->2 MB, 4 MB goal, 0 MB stacks, 0 MB globals, 16 P
gc 3782 @40.198s 2%: 0.081+0.54+0.083 ms clock, 1.3+0.52/0.72/0.031+1.3 ms cpu, 3->4->1 MB, 4 MB goal, 0 MB stacks, 0 MB globals, 16 P
gc 3783 @40.199s 2%: 0.13+0.56+0.10 ms clock, 2.2+0.53/0.86/0+1.6 ms cpu, 3->4->1 MB, 4 MB goal, 0 MB stacks, 0 MB globals, 16 P
gc 3784 @40.201s 2%: 0.13+0.66+0.15 ms clock, 2.2+0.51/0.74/0.014+2.4 ms cpu, 3->4->1 MB, 4 MB goal, 0 MB stacks, 0 MB globals, 16 P
gc 3785 @40.203s 2%: 0.16+0.51+0.12 ms clock, 2.5+0.72/0.75/0.016+2.0 ms cpu, 3->4->1 MB, 4 MB goal, 0 MB stacks, 0 MB globals, 16 P
gc 3786 @40.204s 2%: 0.16+0.51+0.10 ms clock, 2.7+0.56/0.81/0.004+1.7 ms cpu, 3->4->1 MB, 4 MB goal, 0 MB stacks, 0 MB globals, 16 P
gc 3787 @40.206s 2%: 0.12+0.57+0.19 ms clock, 1.9+0.67/0.80/0+3.1 ms cpu, 3->4->1 MB, 4 MB goal, 0 MB stacks, 0 MB globals, 16 P
gc 3788 @40.207s 2%: 0.15+0.61+0.10 ms clock, 2.4+0.74/0.88/0+1.7 ms cpu, 3->4->2 MB, 4 MB goal, 0 MB stacks, 0 MB globals, 16 P
gc 3789 @40.209s 2%: 0.11+0.58+0.18 ms clock, 1.8+0.54/0.96/0+3.0 ms cpu, 3->4->2 MB, 4 MB goal, 0 MB stacks, 0 MB globals, 16 P
gc 3790 @40.211s 2%: 0.10+0.86+0.076 ms clock, 1.7+0.43/0.93/0.002+1.2 ms cpu, 3->4->2 MB, 4 MB goal, 0 MB stacks, 0 MB globals, 16 P
gc 3791 @40.213s 2%: 0.11+0.55+0.10 ms clock, 1.9+0.58/0.68/0+1.6 ms cpu, 3->4->1 MB, 4 MB goal, 0 MB stacks, 0 MB globals, 16 P
gc 3792 @40.214s 2%: 0.13+0.51+0.11 ms clock, 2.1+0.61/0.89/0.003+1.8 ms cpu, 3->4->1 MB, 4 MB goal, 0 MB stacks, 0 MB globals, 16 P
gc 3793 @40.216s 2%: 0.12+0.70+0.076 ms clock, 2.0+0.57/0.81/0+1.2 ms cpu, 3->4->1 MB, 4 MB goal, 0 MB stacks, 0 MB globals, 16 P
gc 3794 @40.218s 2%: 0.19+0.58+0.13 ms clock, 3.0+0.75/0.76/0+2.1 ms cpu, 3->4->2 MB, 4 MB goal, 0 MB stacks, 0 MB globals, 16 P
gc 3795 @40.220s 2%: 0.13+0.55+0.12 ms clock, 2.0+0.66/0.78/0.025+2.0 ms cpu, 3->4->1 MB, 4 MB goal, 0 MB stacks, 0 MB globals, 16 P
gc 3796 @40.221s 2%: 0.11+0.54+0.13 ms clock, 1.8+0.55/0.84/0.019+2.1 ms cpu, 3->4->1 MB, 4 MB goal, 0 MB stacks, 0 MB globals, 16 P
gc 3797 @40.223s 2%: 0.16+0.62+0.10 ms clock, 2.6+0.59/0.85/0.006+1.7 ms cpu, 3->4->2 MB, 4 MB goal, 0 MB stacks, 0 MB globals, 16 P
gc 3798 @40.225s 2%: 0.11+0.47+0.11 ms clock, 1.8+0.50/0.72/0+1.8 ms cpu, 3->4->1 MB, 4 MB goal, 0 MB stacks, 0 MB globals, 16 P
gc 3799 @40.226s 2%: 0.14+0.59+0.079 ms clock, 2.3+0.61/0.81/0+1.2 ms cpu, 3->4->1 MB, 4 MB goal, 0 MB stacks, 0 MB globals, 16 P
gc 3800 @40.228s 2%: 0.14+0.59+0.12 ms clock, 2.3+0.57/0.97/0+1.9 ms cpu, 3->4->2 MB, 4 MB goal, 0 MB stacks, 0 MB globals, 16 P
gc 3801 @40.230s 2%: 0.14+0.55+0.094 ms clock, 2.2+0.49/0.82/0+1.5 ms cpu, 3->4->1 MB, 4 MB goal, 0 MB stacks, 0 MB globals, 16 P
gc 3802 @40.231s 2%: 0.14+0.56+0.14 ms clock, 2.2+0.62/0.79/0+2.2 ms cpu, 3->4->1 MB, 4 MB goal, 0 MB stacks, 0 MB globals, 16 P
gc 3803 @40.233s 2%: 0.12+0.53+0.098 ms clock, 1.9+0.51/0.83/0.011+1.5 ms cpu, 3->4->1 MB, 4 MB goal, 0 MB stacks, 0 MB globals, 16 P
gc 3804 @40.234s 2%: 0.14+0.57+0.15 ms clock, 2.2+0.57/0.88/0+2.4 ms cpu, 3->4->2 MB, 4 MB goal, 0 MB stacks, 0 MB globals, 16 P
gc 3805 @40.236s 2%: 0.13+0.64+0.10 ms clock, 2.1+0.64/0.74/0.035+1.6 ms cpu, 3->4->2 MB, 4 MB goal, 0 MB stacks, 0 MB globals, 16 P
gc 3806 @40.238s 2%: 0.12+0.71+0.13 ms clock, 2.0+0.65/0.86/0.001+2.1 ms cpu, 3->4->2 MB, 4 MB goal, 0 MB stacks, 0 MB globals, 16 P
gc 3807 @40.240s 2%: 0.13+0.71+0.077 ms clock, 2.1+0.60/0.89/0.038+1.2 ms cpu, 3->4->2 MB, 4 MB goal, 0 MB stacks, 0 MB globals, 16 P
gc 3808 @40.242s 2%: 0.11+0.40+0.19 ms clock, 1.8+0.70/0.77/0+3.0 ms cpu, 3->4->1 MB, 4 MB goal, 0 MB stacks, 0 MB globals, 16 P
gc 3809 @40.243s 2%: 0.10+0.60+0.097 ms clock, 1.6+0.65/0.81/0+1.5 ms cpu, 3->4->2 MB, 4 MB goal, 0 MB stacks, 0 MB globals, 16 P
gc 3810 @40.245s 2%: 0.14+0.79+0.038 ms clock, 2.2+0.48/0.77/0.057+0.62 ms cpu, 3->4->2 MB, 4 MB goal, 0 MB stacks, 0 MB globals, 16 P
gc 3811 @40.247s 2%: 0.10+0.66+0.11 ms clock, 1.6+0.55/0.82/0.004+1.8 ms cpu, 3->4->1 MB, 4 MB goal, 0 MB stacks, 0 MB globals, 16 P
gc 3812 @40.248s 2%: 0.12+0.69+0.058 ms clock, 1.9+0.54/0.90/0+0.94 ms cpu, 3->4->1 MB, 4 MB goal, 0 MB stacks, 0 MB globals, 16 P
gc 3813 @40.250s 2%: 0.15+0.48+0.10 ms clock, 2.4+0.60/0.84/0+1.6 ms cpu, 3->4->1 MB, 4 MB goal, 0 MB stacks, 0 MB globals, 16 P
gc 3814 @40.252s 2%: 0.14+0.58+0.10 ms clock, 2.2+0.60/0.92/0.001+1.6 ms cpu, 3->4->2 MB, 4 MB goal, 0 MB stacks, 0 MB globals, 16 P
gc 3815 @40.253s 2%: 0.11+0.46+0.14 ms clock, 1.7+0.60/0.66/0.004+2.2 ms cpu, 3->4->1 MB, 4 MB goal, 0 MB stacks, 0 MB globals, 16 P
gc 3816 @40.255s 2%: 0.10+0.62+0.079 ms clock, 1.6+0.63/0.82/0+1.2 ms cpu, 3->4->2 MB, 4 MB goal, 0 MB stacks, 0 MB globals, 16 P
gc 3817 @40.257s 2%: 0.14+0.73+0.072 ms clock, 2.2+0.51/0.83/0+1.1 ms cpu, 3->4->2 MB, 4 MB goal, 0 MB stacks, 0 MB globals, 16 P
gc 3818 @40.258s 2%: 0.13+0.52+0.17 ms clock, 2.2+0.61/0.81/0+2.7 ms cpu, 3->4->1 MB, 4 MB goal, 0 MB stacks, 0 MB globals, 16 P
gc 3819 @40.260s 2%: 0.17+0.71+0.10 ms clock, 2.8+0.68/0.79/0+1.7 ms cpu, 3->4->2 MB, 4 MB goal, 0 MB stacks, 0 MB globals, 16 P
gc 3820 @40.262s 2%: 0.12+0.63+0.095 ms clock, 1.9+0.47/0.83/0.006+1.5 ms cpu, 3->4->2 MB, 4 MB goal, 0 MB stacks, 0 MB globals, 16 P
gc 3821 @40.264s 2%: 0.14+0.48+0.15 ms clock, 2.3+0.82/0.71/0+2.4 ms cpu, 3->4->1 MB, 4 MB goal, 0 MB stacks, 0 MB globals, 16 P
gc 3822 @40.265s 2%: 0.11+0.52+0.13 ms clock, 1.8+0.60/0.85/0.051+2.1 ms cpu, 3->4->1 MB, 4 MB goal, 0 MB stacks, 0 MB globals, 16 P
gc 3823 @40.267s 2%: 0.14+0.75+0.11 ms clock, 2.2+0.59/0.84/0.022+1.8 ms cpu, 3->4->2 MB, 4 MB goal, 0 MB stacks, 0 MB globals, 16 P
gc 3824 @40.269s 2%: 0.071+0.66+0.17 ms clock, 1.1+0.53/0.92/0+2.8 ms cpu, 3->4->2 MB, 4 MB goal, 0 MB stacks, 0 MB globals, 16 P
gc 3825 @40.271s 2%: 0.14+0.58+0.10 ms clock, 2.3+0.56/0.83/0+1.7 ms cpu, 3->4->1 MB, 4 MB goal, 0 MB stacks, 0 MB globals, 16 P
gc 3826 @40.273s 2%: 0.15+0.47+0.092 ms clock, 2.4+0.59/0.81/0.011+1.4 ms cpu, 3->4->1 MB, 4 MB goal, 0 MB stacks, 0 MB globals, 16 P
gc 3827 @40.274s 2%: 0.17+0.60+0.10 ms clock, 2.8+0.59/0.84/0.011+1.6 ms cpu, 3->4->2 MB, 4 MB goal, 0 MB stacks, 0 MB globals, 16 P
gc 3828 @40.276s 2%: 0.14+0.48+0.16 ms clock, 2.2+0.55/0.83/0+2.6 ms cpu, 3->4->1 MB, 4 MB goal, 0 MB stacks, 0 MB globals, 16 P
gc 3829 @40.277s 2%: 0.18+0.77+0.10 ms clock, 2.9+0.54/0.76/0+1.6 ms cpu, 3->4->2 MB, 4 MB goal, 0 MB stacks, 0 MB globals, 16 P
gc 3830 @40.279s 2%: 0.13+0.62+0.079 ms clock, 2.1+0.42/0.85/0.025+1.2 ms cpu, 3->4->2 MB, 4 MB goal, 0 MB stacks, 0 MB globals, 16 P
gc 3831 @40.281s 2%: 0.11+0.54+0.089 ms clock, 1.8+0.55/0.86/0.020+1.4 ms cpu, 3->4->1 MB, 4 MB goal, 0 MB stacks, 0 MB globals, 16 P
gc 3832 @40.282s 2%: 0.17+0.59+0.16 ms clock, 2.7+0.57/0.75/0.064+2.6 ms cpu, 3->4->2 MB, 4 MB goal, 0 MB stacks, 0 MB globals, 16 P
gc 3833 @40.284s 2%: 0.11+0.65+0.079 ms clock, 1.8+0.49/0.96/0+1.2 ms cpu, 3->4->1 MB, 4 MB goal, 0 MB stacks, 0 MB globals, 16 P
gc 3834 @40.286s 2%: 0.11+0.60+0.097 ms clock, 1.7+0.60/0.80/0+1.5 ms cpu, 3->4->2 MB, 4 MB goal, 0 MB stacks, 0 MB globals, 16 P
gc 3835 @40.288s 2%: 0.13+0.47+0.094 ms clock, 2.1+0.47/0.81/0+1.5 ms cpu, 3->4->1 MB, 4 MB goal, 0 MB stacks, 0 MB globals, 16 P
gc 3836 @40.289s 2%: 0.10+0.57+0.15 ms clock, 1.6+0.61/0.83/0+2.4 ms cpu, 3->4->2 MB, 4 MB goal, 0 MB stacks, 0 MB globals, 16 P
gc 3837 @40.291s 2%: 0.12+0.75+0.10 ms clock, 1.9+0.69/0.84/0.006+1.7 ms cpu, 3->4->2 MB, 4 MB goal, 0 MB stacks, 0 MB globals, 16 P
gc 3838 @40.293s 2%: 0.13+0.57+0.10 ms clock, 2.0+0.54/0.92/0+1.6 ms cpu, 3->4->1 MB, 4 MB goal, 0 MB stacks, 0 MB globals, 16 P
gc 3839 @40.295s 2%: 0.11+0.53+0.16 ms clock, 1.8+0.60/0.80/0.001+2.5 ms cpu, 3->4->1 MB, 4 MB goal, 0 MB stacks, 0 MB globals, 16 P
gc 3840 @40.296s 2%: 0.10+0.66+0.12 ms clock, 1.6+0.47/0.85/0.006+2.0 ms cpu, 3->4->2 MB, 4 MB goal, 0 MB stacks, 0 MB globals, 16 P
gc 3841 @40.298s 2%: 0.11+0.81+0.088 ms clock, 1.9+0.49/1.1/0.001+1.4 ms cpu, 3->4->2 MB, 4 MB goal, 0 MB stacks, 0 MB globals, 16 P
gc 3842 @40.300s 2%: 0.079+0.47+0.13 ms clock, 1.2+0.48/0.82/0.026+2.0 ms cpu, 3->4->1 MB, 4 MB goal, 0 MB stacks, 0 MB globals, 16 P
gc 3843 @40.302s 2%: 0.14+0.63+0.090 ms clock, 2.3+0.55/0.90/0.033+1.4 ms cpu, 3->4->2 MB, 4 MB goal, 0 MB stacks, 0 MB globals, 16 P
gc 3844 @40.303s 2%: 0.14+0.56+0.20 ms clock, 2.3+0.52/0.81/0+3.2 ms cpu, 3->4->2 MB, 4 MB goal, 0 MB stacks, 0 MB globals, 16 P
gc 3845 @40.305s 2%: 0.10+0.73+0.10 ms clock, 1.7+0.49/0.91/0+1.6 ms cpu, 3->4->2 MB, 4 MB goal, 0 MB stacks, 0 MB globals, 16 P
gc 3846 @40.307s 2%: 0.15+0.55+0.089 ms clock, 2.5+0.55/0.83/0.006+1.4 ms cpu, 3->4->1 MB, 4 MB goal, 0 MB stacks, 0 MB globals, 16 P
gc 3847 @40.309s 2%: 0.15+0.53+0.068 ms clock, 2.4+0.59/0.90/0+1.1 ms cpu, 3->4->1 MB, 4 MB goal, 0 MB stacks, 0 MB globals, 16 P
gc 3848 @40.310s 2%: 0.12+0.53+0.098 ms clock, 1.9+0.63/0.91/0.002+1.5 ms cpu, 3->4->1 MB, 4 MB goal, 0 MB stacks, 0 MB globals, 16 P
gc 3849 @40.312s 2%: 0.16+0.55+0.020 ms clock, 2.6+0.58/0.93/0.009+0.33 ms cpu, 3->4->1 MB, 4 MB goal, 0 MB stacks, 0 MB globals, 16 P
gc 3850 @40.313s 2%: 0.17+0.57+0.082 ms clock, 2.7+0.64/0.89/0+1.3 ms cpu, 3->4->2 MB, 4 MB goal, 0 MB stacks, 0 MB globals, 16 P
gc 3851 @40.315s 2%: 0.10+0.63+0.11 ms clock, 1.7+0.50/0.83/0.009+1.7 ms cpu, 3->4->1 MB, 4 MB goal, 0 MB stacks, 0 MB globals, 16 P
gc 3852 @40.317s 2%: 0.11+0.54+0.13 ms clock, 1.8+0.48/0.84/0+2.1 ms cpu, 3->4->1 MB, 4 MB goal, 0 MB stacks, 0 MB globals, 16 P
gc 3853 @40.319s 2%: 0.11+0.46+0.067 ms clock, 1.8+0.49/0.82/0.026+1.0 ms cpu, 3->4->1 MB, 4 MB goal, 0 MB stacks, 0 MB globals, 16 P
gc 3854 @40.320s 2%: 0.11+0.59+0.16 ms clock, 1.8+0.63/0.85/0+2.7 ms cpu, 3->4->1 MB, 4 MB goal, 0 MB stacks, 0 MB globals, 16 P
gc 3855 @40.322s 2%: 0.14+0.44+0.13 ms clock, 2.3+0.63/0.73/0+2.1 ms cpu, 3->4->1 MB, 4 MB goal, 0 MB stacks, 0 MB globals, 16 P
gc 3856 @40.323s 2%: 0.11+0.47+0.13 ms clock, 1.7+0.62/0.77/0.023+2.2 ms cpu, 3->4->1 MB, 4 MB goal, 0 MB stacks, 0 MB globals, 16 P
gc 3857 @40.325s 2%: 0.14+0.49+0.10 ms clock, 2.3+0.61/0.83/0+1.7 ms cpu, 3->4->1 MB, 4 MB goal, 0 MB stacks, 0 MB globals, 16 P
gc 3858 @40.326s 2%: 0.11+0.52+0.099 ms clock, 1.7+0.50/0.84/0+1.5 ms cpu, 3->4->1 MB, 4 MB goal, 0 MB stacks, 0 MB globals, 16 P
gc 3859 @40.328s 2%: 0.11+0.69+0.084 ms clock, 1.8+0.61/0.91/0.008+1.3 ms cpu, 3->4->2 MB, 4 MB goal, 0 MB stacks, 0 MB globals, 16 P
gc 3860 @40.329s 2%: 0.17+0.52+0.10 ms clock, 2.7+0.44/0.89/0+1.6 ms cpu, 3->4->1 MB, 4 MB goal, 0 MB stacks, 0 MB globals, 16 P
gc 3861 @40.331s 2%: 0.20+0.61+0.087 ms clock, 3.2+0.82/0.64/0+1.3 ms cpu, 3->4->2 MB, 4 MB goal, 0 MB stacks, 0 MB globals, 16 P
gc 3862 @40.333s 2%: 0.12+0.61+0.11 ms clock, 2.0+0.53/0.88/0+1.7 ms cpu, 3->4->1 MB, 4 MB goal, 0 MB stacks, 0 MB globals, 16 P
gc 3863 @40.335s 2%: 0.16+0.67+0.11 ms clock, 2.7+0.80/0.77/0.047+1.8 ms cpu, 3->4->2 MB, 4 MB goal, 0 MB stacks, 0 MB globals, 16 P
gc 3864 @40.337s 2%: 0.10+0.50+0.095 ms clock, 1.6+0.46/0.87/0+1.5 ms cpu, 3->4->1 MB, 4 MB goal, 0 MB stacks, 0 MB globals, 16 P
gc 3865 @40.338s 2%: 0.11+0.56+0.10 ms clock, 1.7+0.63/0.83/0+1.7 ms cpu, 3->4->1 MB, 4 MB goal, 0 MB stacks, 0 MB globals, 16 P
gc 3866 @40.340s 2%: 0.14+0.59+0.093 ms clock, 2.3+0.52/0.88/0+1.4 ms cpu, 3->4->2 MB, 4 MB goal, 0 MB stacks, 0 MB globals, 16 P
gc 3867 @40.341s 2%: 0.13+0.49+0.093 ms clock, 2.1+0.55/0.91/0+1.4 ms cpu, 3->4->1 MB, 4 MB goal, 0 MB stacks, 0 MB globals, 16 P
gc 3868 @40.343s 2%: 0.12+0.65+0.080 ms clock, 1.9+0.62/0.88/0.006+1.2 ms cpu, 3->4->1 MB, 4 MB goal, 0 MB stacks, 0 MB globals, 16 P
gc 3869 @40.345s 2%: 0.11+0.54+0.090 ms clock, 1.7+0.57/0.85/0+1.4 ms cpu, 3->4->1 MB, 4 MB goal, 0 MB stacks, 0 MB globals, 16 P
gc 3870 @40.346s 2%: 0.11+0.60+0.12 ms clock, 1.9+0.52/0.70/0.029+2.0 ms cpu, 3->4->1 MB, 4 MB goal, 0 MB stacks, 0 MB globals, 16 P
gc 3871 @40.348s 2%: 0.10+0.47+0.11 ms clock, 1.7+0.66/0.73/0+1.7 ms cpu, 3->4->1 MB, 4 MB goal, 0 MB stacks, 0 MB globals, 16 P
gc 3872 @40.349s 2%: 0.10+0.61+0.061 ms clock, 1.7+0.43/0.93/0+0.98 ms cpu, 3->4->1 MB, 4 MB goal, 0 MB stacks, 0 MB globals, 16 P
gc 3873 @40.351s 2%: 0.16+0.52+0.10 ms clock, 2.6+0.60/0.79/0+1.7 ms cpu, 3->4->1 MB, 4 MB goal, 0 MB stacks, 0 MB globals, 16 P
gc 3874 @40.353s 2%: 0.13+0.56+0.17 ms clock, 2.2+0.68/0.68/0+2.8 ms cpu, 3->4->1 MB, 4 MB goal, 0 MB stacks, 0 MB globals, 16 P
gc 3875 @40.354s 2%: 0.11+0.42+0.094 ms clock, 1.8+0.60/0.69/0+1.5 ms cpu, 3->4->1 MB, 4 MB goal, 0 MB stacks, 0 MB globals, 16 P
gc 3876 @40.356s 2%: 0.13+0.63+0.10 ms clock, 2.0+0.79/0.71/0.061+1.6 ms cpu, 3->4->1 MB, 4 MB goal, 0 MB stacks, 0 MB globals, 16 P
gc 3877 @40.357s 2%: 0.16+0.62+0.089 ms clock, 2.5+0.55/0.77/0+1.4 ms cpu, 3->4->2 MB, 4 MB goal, 0 MB stacks, 0 MB globals, 16 P
gc 3878 @40.359s 2%: 0.14+0.65+0.10 ms clock, 2.2+0.46/0.89/0+1.6 ms cpu, 3->4->2 MB, 4 MB goal, 0 MB stacks, 0 MB globals, 16 P
gc 3879 @40.361s 2%: 0.12+0.56+0.055 ms clock, 1.9+0.66/0.77/0.002+0.88 ms cpu, 3->4->1 MB, 4 MB goal, 0 MB stacks, 0 MB globals, 16 P
gc 3880 @40.363s 2%: 0.11+0.52+0.11 ms clock, 1.8+0.40/0.81/0.005+1.8 ms cpu, 3->4->1 MB, 4 MB goal, 0 MB stacks, 0 MB globals, 16 P
gc 3881 @40.364s 2%: 0.13+0.72+0.060 ms clock, 2.1+0.73/0.79/0+0.96 ms cpu, 3->4->2 MB, 4 MB goal, 0 MB stacks, 0 MB globals, 16 P
gc 3882 @40.366s 2%: 0.10+0.67+0.10 ms clock, 1.6+0.46/0.94/0+1.6 ms cpu, 3->4->2 MB, 4 MB goal, 0 MB stacks, 0 MB globals, 16 P
gc 3883 @40.368s 2%: 0.12+0.60+0.052 ms clock, 2.0+0.67/0.86/0.002+0.83 ms cpu, 3->4->1 MB, 4 MB goal, 0 MB stacks, 0 MB globals, 16 P
gc 3884 @40.369s 2%: 0.10+0.59+0.12 ms clock, 1.7+0.43/0.98/0.016+2.0 ms cpu, 3->4->1 MB, 4 MB goal, 0 MB stacks, 0 MB globals, 16 P
gc 3885 @40.371s 2%: 0.11+0.59+0.16 ms clock, 1.7+0.49/0.93/0+2.7 ms cpu, 3->4->2 MB, 4 MB goal, 0 MB stacks, 0 MB globals, 16 P
gc 3886 @40.373s 2%: 0.10+0.60+0.10 ms clock, 1.6+0.59/0.82/0.008+1.7 ms cpu, 3->4->1 MB, 4 MB goal, 0 MB stacks, 0 MB globals, 16 P
gc 3887 @40.375s 2%: 0.16+0.64+0.11 ms clock, 2.6+0.61/0.91/0+1.8 ms cpu, 3->4->1 MB, 4 MB goal, 0 MB stacks, 0 MB globals, 16 P
gc 3888 @40.376s 2%: 0.15+0.59+0.14 ms clock, 2.4+0.58/0.93/0+2.2 ms cpu, 3->4->2 MB, 4 MB goal, 0 MB stacks, 0 MB globals, 16 P
gc 3889 @40.378s 2%: 0.13+0.53+0.10 ms clock, 2.2+0.66/0.82/0+1.6 ms cpu, 3->4->1 MB, 4 MB goal, 0 MB stacks, 0 MB globals, 16 P
gc 3890 @40.380s 2%: 0.10+0.59+0.080 ms clock, 1.6+0.51/0.93/0+1.2 ms cpu, 3->4->1 MB, 4 MB goal, 0 MB stacks, 0 MB globals, 16 P
gc 3891 @40.381s 2%: 0.12+0.53+0.11 ms clock, 2.0+0.62/0.84/0+1.7 ms cpu, 3->4->1 MB, 4 MB goal, 0 MB stacks, 0 MB globals, 16 P
gc 3892 @40.383s 2%: 0.12+0.75+0.075 ms clock, 1.9+0.56/0.99/0+1.2 ms cpu, 3->4->2 MB, 4 MB goal, 0 MB stacks, 0 MB globals, 16 P
gc 3893 @40.385s 2%: 0.18+0.71+0.095 ms clock, 2.9+0.65/0.79/0+1.5 ms cpu, 3->4->2 MB, 4 MB goal, 0 MB stacks, 0 MB globals, 16 P
gc 3894 @40.387s 2%: 0.11+0.63+0.10 ms clock, 1.8+0.65/0.77/0+1.7 ms cpu, 3->4->2 MB, 4 MB goal, 0 MB stacks, 0 MB globals, 16 P
gc 3895 @40.388s 2%: 0.12+0.71+0.10 ms clock, 1.9+0.57/0.85/0+1.6 ms cpu, 3->4->2 MB, 4 MB goal, 0 MB stacks, 0 MB globals, 16 P
gc 3896 @40.390s 2%: 0.14+0.72+0.12 ms clock, 2.3+0.56/0.82/0.005+2.0 ms cpu, 3->4->2 MB, 4 MB goal, 0 MB stacks, 0 MB globals, 16 P
gc 3897 @40.392s 2%: 0.17+0.67+0.10 ms clock, 2.7+0.60/1.0/0+1.6 ms cpu, 3->4->2 MB, 4 MB goal, 0 MB stacks, 0 MB globals, 16 P
gc 3898 @40.394s 2%: 0.14+0.44+0.10 ms clock, 2.2+0.66/0.72/0.009+1.6 ms cpu, 3->4->1 MB, 4 MB goal, 0 MB stacks, 0 MB globals, 16 P
gc 3899 @40.396s 2%: 0.12+0.52+0.14 ms clock, 1.9+0.68/0.71/0+2.3 ms cpu, 3->3->1 MB, 4 MB goal, 0 MB stacks, 0 MB globals, 16 P
gc 3900 @40.397s 2%: 0.12+0.58+0.17 ms clock, 2.0+0.58/0.94/0+2.7 ms cpu, 3->4->2 MB, 4 MB goal, 0 MB stacks, 0 MB globals, 16 P
gc 3901 @40.399s 2%: 0.14+0.64+0.078 ms clock, 2.3+0.60/0.84/0.010+1.2 ms cpu, 3->4->2 MB, 4 MB goal, 0 MB stacks, 0 MB globals, 16 P
gc 3902 @40.401s 2%: 0.11+0.62+0.061 ms clock, 1.8+0.50/0.91/0.006+0.98 ms cpu, 3->4->1 MB, 4 MB goal, 0 MB stacks, 0 MB globals, 16 P
gc 3903 @40.403s 2%: 0.11+0.51+0.071 ms clock, 1.7+0.47/0.76/0+1.1 ms cpu, 3->4->1 MB, 4 MB goal, 0 MB stacks, 0 MB globals, 16 P
gc 3904 @40.404s 2%: 0.13+0.60+0.11 ms clock, 2.1+0.63/0.85/0+1.7 ms cpu, 3->4->2 MB, 4 MB goal, 0 MB stacks, 0 MB globals, 16 P
gc 3905 @40.406s 2%: 0.10+0.62+0.052 ms clock, 1.6+0.60/0.85/0+0.84 ms cpu, 3->4->2 MB, 4 MB goal, 0 MB stacks, 0 MB globals, 16 P
gc 3906 @40.408s 2%: 0.10+0.43+0.17 ms clock, 1.6+0.62/0.76/0+2.7 ms cpu, 3->4->1 MB, 4 MB goal, 0 MB stacks, 0 MB globals, 16 P
gc 3907 @40.409s 2%: 0.10+0.57+0.087 ms clock, 1.6+0.61/0.91/0.009+1.4 ms cpu, 3->3->1 MB, 4 MB goal, 0 MB stacks, 0 MB globals, 16 P
gc 3908 @40.411s 2%: 0.16+0.51+0.082 ms clock, 2.7+0.51/0.79/0+1.3 ms cpu, 3->4->1 MB, 4 MB goal, 0 MB stacks, 0 MB globals, 16 P
gc 3909 @40.412s 2%: 0.16+0.62+0.12 ms clock, 2.5+0.60/0.79/0+1.9 ms cpu, 3->4->2 MB, 4 MB goal, 0 MB stacks, 0 MB globals, 16 P
gc 3910 @40.414s 2%: 0.12+0.83+0.098 ms clock, 2.0+0.58/0.84/0.004+1.5 ms cpu, 3->4->2 MB, 4 MB goal, 0 MB stacks, 0 MB globals, 16 P
gc 3911 @40.416s 2%: 0.12+0.63+0.095 ms clock, 2.0+0.61/0.86/0.011+1.5 ms cpu, 4->4->2 MB, 4 MB goal, 0 MB stacks, 0 MB globals, 16 P
gc 3912 @40.418s 2%: 0.10+0.67+0.095 ms clock, 1.6+0.55/0.92/0+1.5 ms cpu, 3->4->2 MB, 4 MB goal, 0 MB stacks, 0 MB globals, 16 P
gc 3913 @40.419s 2%: 0.12+0.79+0.065 ms clock, 1.9+0.54/0.77/0+1.0 ms cpu, 3->4->2 MB, 4 MB goal, 0 MB stacks, 0 MB globals, 16 P
gc 3914 @40.421s 2%: 0.12+0.63+0.13 ms clock, 1.9+0.54/0.81/0+2.1 ms cpu, 3->4->1 MB, 4 MB goal, 0 MB stacks, 0 MB globals, 16 P
gc 3915 @40.423s 2%: 0.15+0.59+0.11 ms clock, 2.4+0.56/0.72/0+1.8 ms cpu, 3->4->2 MB, 4 MB goal, 0 MB stacks, 0 MB globals, 16 P
gc 3916 @40.425s 2%: 0.10+0.46+0.13 ms clock, 1.7+0.59/0.83/0.021+2.1 ms cpu, 3->4->1 MB, 4 MB goal, 0 MB stacks, 0 MB globals, 16 P
gc 3917 @40.426s 2%: 0.14+0.50+0.088 ms clock, 2.3+0.63/0.80/0+1.4 ms cpu, 3->4->1 MB, 4 MB goal, 0 MB stacks, 0 MB globals, 16 P
gc 3918 @40.428s 2%: 0.11+0.50+0.067 ms clock, 1.8+0.59/0.84/0.003+1.0 ms cpu, 3->4->1 MB, 4 MB goal, 0 MB stacks, 0 MB globals, 16 P
gc 3919 @40.429s 2%: 0.16+0.54+0.13 ms clock, 2.5+0.65/0.81/0.050+2.2 ms cpu, 3->4->1 MB, 4 MB goal, 0 MB stacks, 0 MB globals, 16 P
gc 3920 @40.431s 2%: 0.13+0.65+0.080 ms clock, 2.1+0.52/1.0/0.010+1.2 ms cpu, 3->4->2 MB, 4 MB goal, 0 MB stacks, 0 MB globals, 16 P
gc 3921 @40.433s 2%: 0.097+0.45+0.12 ms clock, 1.5+0.55/0.84/0.003+1.9 ms cpu, 3->4->1 MB, 4 MB goal, 0 MB stacks, 0 MB globals, 16 P
gc 3922 @40.434s 2%: 0.11+0.54+0.090 ms clock, 1.8+0.58/0.72/0.003+1.4 ms cpu, 3->4->1 MB, 4 MB goal, 0 MB stacks, 0 MB globals, 16 P
gc 3923 @40.436s 2%: 0.16+0.71+0.10 ms clock, 2.6+0.49/1.0/0+1.6 ms cpu, 3->4->2 MB, 4 MB goal, 0 MB stacks, 0 MB globals, 16 P
gc 3924 @40.438s 2%: 0.16+0.47+0.11 ms clock, 2.5+0.66/0.77/0.022+1.8 ms cpu, 3->4->1 MB, 4 MB goal, 0 MB stacks, 0 MB globals, 16 P
gc 3925 @40.439s 2%: 0.13+0.66+0.088 ms clock, 2.1+0.53/0.94/0+1.4 ms cpu, 3->4->2 MB, 4 MB goal, 0 MB stacks, 0 MB globals, 16 P
gc 3926 @40.441s 2%: 0.12+0.58+0.11 ms clock, 2.0+0.48/0.91/0.006+1.7 ms cpu, 3->4->1 MB, 4 MB goal, 0 MB stacks, 0 MB globals, 16 P
gc 3927 @40.443s 2%: 0.15+0.66+0.061 ms clock, 2.4+0.74/0.75/0+0.97 ms cpu, 3->4->1 MB, 4 MB goal, 0 MB stacks, 0 MB globals, 16 P
gc 3928 @40.444s 2%: 0.10+0.61+0.081 ms clock, 1.7+0.48/0.83/0.024+1.3 ms cpu, 3->4->1 MB, 4 MB goal, 0 MB stacks, 0 MB globals, 16 P
gc 3929 @40.446s 2%: 0.12+0.51+0.14 ms clock, 2.0+0.56/0.77/0.011+2.3 ms cpu, 3->4->1 MB, 4 MB goal, 0 MB stacks, 0 MB globals, 16 P
gc 3930 @40.448s 2%: 0.17+0.42+0.12 ms clock, 2.8+0.61/0.70/0.005+1.9 ms cpu, 3->4->1 MB, 4 MB goal, 0 MB stacks, 0 MB globals, 16 P
gc 3931 @40.449s 2%: 0.19+0.75+0.056 ms clock, 3.1+0.76/0.84/0+0.89 ms cpu, 3->4->2 MB, 4 MB goal, 0 MB stacks, 0 MB globals, 16 P
gc 3932 @40.451s 2%: 0.16+0.52+0.13 ms clock, 2.7+0.57/0.78/0+2.1 ms cpu, 3->4->1 MB, 4 MB goal, 0 MB stacks, 0 MB globals, 16 P
gc 3933 @40.453s 2%: 0.13+0.63+0.11 ms clock, 2.1+0.53/0.90/0+1.8 ms cpu, 3->4->2 MB, 4 MB goal, 0 MB stacks, 0 MB globals, 16 P
gc 3934 @40.454s 2%: 0.16+0.59+0.14 ms clock, 2.6+0.67/0.81/0+2.2 ms cpu, 3->4->2 MB, 4 MB goal, 0 MB stacks, 0 MB globals, 16 P
gc 3935 @40.456s 2%: 0.072+0.46+0.10 ms clock, 1.1+0.64/0.75/0.004+1.6 ms cpu, 3->4->1 MB, 4 MB goal, 0 MB stacks, 0 MB globals, 16 P
gc 3936 @40.458s 2%: 0.10+0.59+0.099 ms clock, 1.6+0.63/0.97/0+1.5 ms cpu, 3->4->1 MB, 4 MB goal, 0 MB stacks, 0 MB globals, 16 P
gc 3937 @40.459s 2%: 0.11+0.70+0.14 ms clock, 1.7+0.58/0.82/0+2.2 ms cpu, 3->4->2 MB, 4 MB goal, 0 MB stacks, 0 MB globals, 16 P
gc 3938 @40.461s 2%: 0.22+0.51+0.15 ms clock, 3.5+0.62/0.85/0+2.5 ms cpu, 3->4->1 MB, 4 MB goal, 0 MB stacks, 0 MB globals, 16 P
gc 3939 @40.463s 2%: 0.11+0.61+0.090 ms clock, 1.8+0.42/0.80/0+1.4 ms cpu, 3->4->1 MB, 4 MB goal, 0 MB stacks, 0 MB globals, 16 P
gc 3940 @40.464s 2%: 0.15+0.59+0.20 ms clock, 2.4+0.52/0.83/0+3.2 ms cpu, 3->4->1 MB, 4 MB goal, 0 MB stacks, 0 MB globals, 16 P
gc 3941 @40.466s 2%: 0.14+0.55+0.085 ms clock, 2.3+0.59/0.93/0.009+1.3 ms cpu, 3->4->1 MB, 4 MB goal, 0 MB stacks, 0 MB globals, 16 P
gc 3942 @40.468s 2%: 0.14+0.71+0.096 ms clock, 2.2+0.56/0.92/0.070+1.5 ms cpu, 3->4->2 MB, 4 MB goal, 0 MB stacks, 0 MB globals, 16 P
gc 3943 @40.469s 2%: 0.096+0.58+0.081 ms clock, 1.5+0.53/0.86/0+1.2 ms cpu, 3->4->1 MB, 4 MB goal, 0 MB stacks, 0 MB globals, 16 P
gc 3944 @40.471s 2%: 0.10+0.56+0.12 ms clock, 1.7+0.58/0.87/0+1.9 ms cpu, 3->4->1 MB, 4 MB goal, 0 MB stacks, 0 MB globals, 16 P
gc 3945 @40.473s 2%: 0.13+0.41+0.18 ms clock, 2.1+0.61/0.69/0+2.9 ms cpu, 3->4->1 MB, 4 MB goal, 0 MB stacks, 0 MB globals, 16 P
gc 3946 @40.474s 2%: 0.15+0.50+0.14 ms clock, 2.4+0.69/0.83/0+2.3 ms cpu, 3->4->1 MB, 4 MB goal, 0 MB stacks, 0 MB globals, 16 P
gc 3947 @40.476s 2%: 0.18+0.51+0.16 ms clock, 2.8+0.81/0.83/0+2.5 ms cpu, 3->4->1 MB, 4 MB goal, 0 MB stacks, 0 MB globals, 16 P
gc 3948 @40.477s 2%: 0.20+0.58+0.11 ms clock, 3.3+0.63/0.78/0.031+1.7 ms cpu, 3->4->2 MB, 4 MB goal, 0 MB stacks, 0 MB globals, 16 P
gc 3949 @40.479s 2%: 0.13+0.55+0.12 ms clock, 2.2+0.67/0.82/0.001+2.0 ms cpu, 3->4->1 MB, 4 MB goal, 0 MB stacks, 0 MB globals, 16 P
gc 3950 @40.481s 2%: 0.13+0.52+0.15 ms clock, 2.2+0.76/0.69/0+2.4 ms cpu, 3->4->1 MB, 4 MB goal, 0 MB stacks, 0 MB globals, 16 P
gc 3951 @40.483s 2%: 0.095+0.77+0.084 ms clock, 1.5+0.57/1.0/0+1.3 ms cpu, 3->4->2 MB, 4 MB goal, 0 MB stacks, 0 MB globals, 16 P
gc 3952 @40.484s 2%: 0.12+0.49+0.13 ms clock, 1.9+0.56/0.76/0+2.2 ms cpu, 3->4->1 MB, 4 MB goal, 0 MB stacks, 0 MB globals, 16 P
gc 3953 @40.486s 2%: 0.15+0.79+0.083 ms clock, 2.4+0.63/0.74/0+1.3 ms cpu, 3->4->2 MB, 4 MB goal, 0 MB stacks, 0 MB globals, 16 P
gc 3954 @40.488s 2%: 0.11+0.58+0.066 ms clock, 1.8+0.61/0.83/0.010+1.0 ms cpu, 4->4->1 MB, 4 MB goal, 0 MB stacks, 0 MB globals, 16 P
gc 3955 @40.490s 2%: 0.14+0.49+0.13 ms clock, 2.3+0.63/0.76/0+2.1 ms cpu, 3->4->2 MB, 4 MB goal, 0 MB stacks, 0 MB globals, 16 P
gc 3956 @40.491s 2%: 0.10+0.68+0.086 ms clock, 1.6+0.46/0.79/0+1.3 ms cpu, 3->4->1 MB, 4 MB goal, 0 MB stacks, 0 MB globals, 16 P
gc 3957 @40.493s 2%: 0.13+0.55+0.11 ms clock, 2.1+0.73/0.75/0+1.7 ms cpu, 3->4->1 MB, 4 MB goal, 0 MB stacks, 0 MB globals, 16 P
gc 3958 @40.495s 2%: 0.18+0.56+0.13 ms clock, 2.9+0.59/0.74/0.021+2.1 ms cpu, 3->4->1 MB, 4 MB goal, 0 MB stacks, 0 MB globals, 16 P
gc 3959 @40.496s 2%: 0.13+0.46+0.17 ms clock, 2.2+0.65/0.72/0+2.8 ms cpu, 3->4->1 MB, 4 MB goal, 0 MB stacks, 0 MB globals, 16 P
gc 3960 @40.498s 2%: 0.12+0.53+0.062 ms clock, 1.9+0.48/0.85/0+1.0 ms cpu, 3->4->1 MB, 4 MB goal, 0 MB stacks, 0 MB globals, 16 P
gc 3961 @40.499s 2%: 0.13+0.57+0.10 ms clock, 2.1+0.69/0.80/0.002+1.7 ms cpu, 3->4->1 MB, 4 MB goal, 0 MB stacks, 0 MB globals, 16 P
gc 3962 @40.501s 2%: 0.12+0.56+0.12 ms clock, 2.0+0.55/0.84/0.001+1.9 ms cpu, 3->4->2 MB, 4 MB goal, 0 MB stacks, 0 MB globals, 16 P
gc 3963 @40.503s 2%: 0.13+0.52+0.13 ms clock, 2.0+0.55/0.84/0.006+2.0 ms cpu, 3->4->1 MB, 4 MB goal, 0 MB stacks, 0 MB globals, 16 P
gc 3964 @40.504s 2%: 0.12+0.44+0.16 ms clock, 2.0+0.66/0.74/0+2.6 ms cpu, 3->4->1 MB, 4 MB goal, 0 MB stacks, 0 MB globals, 16 P
gc 3965 @40.506s 2%: 0.10+0.44+0.10 ms clock, 1.6+0.56/0.68/0+1.6 ms cpu, 3->3->1 MB, 4 MB goal, 0 MB stacks, 0 MB globals, 16 P
gc 3966 @40.507s 2%: 0.10+0.73+0.040 ms clock, 1.7+0.53/0.83/0.029+0.64 ms cpu, 3->4->1 MB, 4 MB goal, 0 MB stacks, 0 MB globals, 16 P
gc 3967 @40.509s 2%: 0.13+0.74+0.056 ms clock, 2.1+0.62/0.78/0.012+0.90 ms cpu, 3->4->2 MB, 4 MB goal, 0 MB stacks, 0 MB globals, 16 P
gc 3968 @40.511s 2%: 0.14+0.51+0.14 ms clock, 2.3+0.53/0.79/0+2.2 ms cpu, 3->4->1 MB, 4 MB goal, 0 MB stacks, 0 MB globals, 16 P
gc 3969 @40.512s 2%: 0.11+0.52+0.11 ms clock, 1.8+0.56/0.88/0.018+1.9 ms cpu, 3->4->1 MB, 4 MB goal, 0 MB stacks, 0 MB globals, 16 P
gc 3970 @40.514s 2%: 0.15+0.46+0.14 ms clock, 2.4+0.59/0.80/0.002+2.2 ms cpu, 3->4->1 MB, 4 MB goal, 0 MB stacks, 0 MB globals, 16 P
gc 3971 @40.515s 2%: 0.17+0.52+0.17 ms clock, 2.8+0.58/0.83/0+2.8 ms cpu, 3->4->1 MB, 4 MB goal, 0 MB stacks, 0 MB globals, 16 P
gc 3972 @40.517s 2%: 0.11+0.46+0.12 ms clock, 1.7+0.70/0.73/0+2.0 ms cpu, 3->4->1 MB, 4 MB goal, 0 MB stacks, 0 MB globals, 16 P
gc 3973 @40.519s 2%: 0.15+0.56+0.11 ms clock, 2.4+0.73/0.74/0.005+1.7 ms cpu, 3->4->1 MB, 4 MB goal, 0 MB stacks, 0 MB globals, 16 P
gc 3974 @40.520s 2%: 0.11+0.59+0.099 ms clock, 1.8+0.58/0.77/0.011+1.5 ms cpu, 3->4->1 MB, 4 MB goal, 0 MB stacks, 0 MB globals, 16 P
gc 3975 @40.522s 2%: 0.18+0.55+0.12 ms clock, 2.9+0.48/0.87/0+1.9 ms cpu, 3->4->2 MB, 4 MB goal, 0 MB stacks, 0 MB globals, 16 P
gc 3976 @40.524s 2%: 0.13+0.76+0.090 ms clock, 2.1+0.64/0.72/0+1.4 ms cpu, 3->4->2 MB, 4 MB goal, 0 MB stacks, 0 MB globals, 16 P
gc 3977 @40.526s 2%: 0.15+0.59+0.13 ms clock, 2.4+0.64/0.83/0.080+2.2 ms cpu, 3->4->2 MB, 4 MB goal, 0 MB stacks, 0 MB globals, 16 P
gc 3978 @40.527s 2%: 0.17+0.74+0.098 ms clock, 2.8+0.72/0.74/0+1.5 ms cpu, 3->4->2 MB, 4 MB goal, 0 MB stacks, 0 MB globals, 16 P
gc 3979 @40.529s 2%: 0.15+0.56+0.16 ms clock, 2.4+0.59/0.69/0+2.6 ms cpu, 3->4->1 MB, 4 MB goal, 0 MB stacks, 0 MB globals, 16 P
gc 3980 @40.531s 2%: 0.10+0.48+0.14 ms clock, 1.6+0.56/0.83/0+2.2 ms cpu, 3->4->1 MB, 4 MB goal, 0 MB stacks, 0 MB globals, 16 P
gc 3981 @40.532s 2%: 0.18+0.54+0.14 ms clock, 2.9+0.54/0.86/0.021+2.3 ms cpu, 3->4->2 MB, 4 MB goal, 0 MB stacks, 0 MB globals, 16 P
gc 3982 @40.534s 2%: 0.12+0.55+0.11 ms clock, 1.9+0.59/0.85/0+1.8 ms cpu, 3->4->1 MB, 4 MB goal, 0 MB stacks, 0 MB globals, 16 P
gc 3983 @40.536s 2%: 0.12+0.52+0.082 ms clock, 2.0+0.57/0.82/0+1.3 ms cpu, 3->4->1 MB, 4 MB goal, 0 MB stacks, 0 MB globals, 16 P
gc 3984 @40.537s 2%: 0.10+0.48+0.10 ms clock, 1.7+0.58/0.75/0+1.7 ms cpu, 3->4->1 MB, 4 MB goal, 0 MB stacks, 0 MB globals, 16 P
gc 3985 @40.539s 2%: 0.10+0.77+0.10 ms clock, 1.7+0.60/0.93/0.035+1.6 ms cpu, 3->4->2 MB, 4 MB goal, 0 MB stacks, 0 MB globals, 16 P
gc 3986 @40.541s 2%: 0.10+0.54+0.12 ms clock, 1.7+0.48/0.81/0.005+1.9 ms cpu, 4->4->1 MB, 4 MB goal, 0 MB stacks, 0 MB globals, 16 P
gc 3987 @40.543s 2%: 0.16+0.63+0.12 ms clock, 2.6+0.61/0.96/0.008+1.9 ms cpu, 3->4->2 MB, 4 MB goal, 0 MB stacks, 0 MB globals, 16 P
gc 3988 @40.544s 2%: 0.14+0.44+0.14 ms clock, 2.3+0.61/0.81/0+2.2 ms cpu, 3->4->1 MB, 4 MB goal, 0 MB stacks, 0 MB globals, 16 P
gc 3989 @40.546s 2%: 0.13+0.49+0.12 ms clock, 2.0+0.64/0.81/0+2.0 ms cpu, 3->4->1 MB, 4 MB goal, 0 MB stacks, 0 MB globals, 16 P
gc 3990 @40.548s 2%: 0.14+0.67+0.15 ms clock, 2.2+0.54/0.89/0.002+2.5 ms cpu, 3->4->2 MB, 4 MB goal, 0 MB stacks, 0 MB globals, 16 P
gc 3991 @40.549s 2%: 0.13+0.63+0.15 ms clock, 2.2+0.67/0.71/0.032+2.4 ms cpu, 3->4->2 MB, 4 MB goal, 0 MB stacks, 0 MB globals, 16 P
gc 3992 @40.551s 2%: 0.11+0.57+0.076 ms clock, 1.8+0.64/0.80/0+1.2 ms cpu, 3->4->1 MB, 4 MB goal, 0 MB stacks, 0 MB globals, 16 P
gc 3993 @40.553s 2%: 0.11+0.72+0.10 ms clock, 1.9+0.59/0.77/0.009+1.6 ms cpu, 3->4->2 MB, 4 MB goal, 0 MB stacks, 0 MB globals, 16 P
gc 3994 @40.555s 2%: 0.11+0.60+0.12 ms clock, 1.8+0.43/0.90/0+2.0 ms cpu, 3->4->1 MB, 4 MB goal, 0 MB stacks, 0 MB globals, 16 P
gc 3995 @40.556s 2%: 0.090+0.62+0.090 ms clock, 1.4+0.53/0.86/0.016+1.4 ms cpu, 3->4->2 MB, 4 MB goal, 0 MB stacks, 0 MB globals, 16 P
gc 3996 @40.558s 2%: 0.11+0.68+0.090 ms clock, 1.9+0.63/0.87/0.003+1.4 ms cpu, 3->4->2 MB, 4 MB goal, 0 MB stacks, 0 MB globals, 16 P
gc 3997 @40.560s 2%: 0.21+0.62+0.10 ms clock, 3.3+0.51/0.77/0.004+1.7 ms cpu, 3->4->2 MB, 4 MB goal, 0 MB stacks, 0 MB globals, 16 P
gc 3998 @40.562s 2%: 0.19+0.49+0.11 ms clock, 3.1+0.78/0.75/0.004+1.8 ms cpu, 3->4->1 MB, 4 MB goal, 0 MB stacks, 0 MB globals, 16 P
gc 3999 @40.563s 2%: 0.12+0.65+0.10 ms clock, 1.9+0.56/0.84/0.008+1.7 ms cpu, 3->4->2 MB, 4 MB goal, 0 MB stacks, 0 MB globals, 16 P
gc 4000 @40.565s 2%: 0.084+0.48+0.12 ms clock, 1.3+0.41/0.78/0.019+2.0 ms cpu, 3->4->1 MB, 4 MB goal, 0 MB stacks, 0 MB globals, 16 P
gc 4001 @40.567s 2%: 0.14+0.61+0.10 ms clock, 2.2+0.60/0.71/0.067+1.6 ms cpu, 3->4->1 MB, 4 MB goal, 0 MB stacks, 0 MB globals, 16 P
gc 4002 @40.568s 2%: 0.14+0.70+0.11 ms clock, 2.2+0.65/0.82/0+1.7 ms cpu, 3->4->2 MB, 4 MB goal, 0 MB stacks, 0 MB globals, 16 P
gc 4003 @40.570s 2%: 0.079+0.55+0.082 ms clock, 1.2+0.61/0.79/0+1.3 ms cpu, 3->4->1 MB, 4 MB goal, 0 MB stacks, 0 MB globals, 16 P
gc 4004 @40.572s 2%: 0.13+0.54+0.16 ms clock, 2.1+0.58/0.77/0+2.6 ms cpu, 3->4->1 MB, 4 MB goal, 0 MB stacks, 0 MB globals, 16 P
gc 4005 @40.573s 2%: 0.10+0.60+0.088 ms clock, 1.6+0.42/0.97/0.009+1.4 ms cpu, 3->4->1 MB, 4 MB goal, 0 MB stacks, 0 MB globals, 16 P
gc 4006 @40.575s 2%: 0.12+0.48+0.14 ms clock, 2.0+0.62/0.69/0.002+2.3 ms cpu, 3->4->1 MB, 4 MB goal, 0 MB stacks, 0 MB globals, 16 P
gc 4007 @40.577s 2%: 0.16+0.59+0.15 ms clock, 2.7+0.60/0.95/0.006+2.4 ms cpu, 3->4->1 MB, 4 MB goal, 0 MB stacks, 0 MB globals, 16 P
gc 4008 @40.578s 2%: 0.14+0.44+0.12 ms clock, 2.3+0.67/0.80/0+1.9 ms cpu, 3->4->1 MB, 4 MB goal, 0 MB stacks, 0 MB globals, 16 P
gc 4009 @40.580s 2%: 0.11+0.71+0.083 ms clock, 1.8+0.53/0.70/0.069+1.3 ms cpu, 3->4->1 MB, 4 MB goal, 0 MB stacks, 0 MB globals, 16 P
gc 4010 @40.581s 2%: 0.18+0.75+0.095 ms clock, 2.9+0.65/0.76/0.001+1.5 ms cpu, 3->4->2 MB, 4 MB goal, 0 MB stacks, 0 MB globals, 16 P
gc 4011 @40.584s 2%: 0.11+0.56+0.12 ms clock, 1.7+0.60/0.91/0.006+2.0 ms cpu, 4->4->1 MB, 4 MB goal, 0 MB stacks, 0 MB globals, 16 P
gc 4012 @40.585s 2%: 0.12+0.61+0.10 ms clock, 1.9+0.62/0.83/0+1.7 ms cpu, 3->4->1 MB, 4 MB goal, 0 MB stacks, 0 MB globals, 16 P
gc 4013 @40.587s 2%: 0.10+0.71+0.035 ms clock, 1.7+0.55/0.81/0+0.56 ms cpu, 3->4->2 MB, 4 MB goal, 0 MB stacks, 0 MB globals, 16 P
gc 4014 @40.589s 2%: 0.10+0.62+0.060 ms clock, 1.6+0.45/0.86/0+0.97 ms cpu, 3->4->1 MB, 4 MB goal, 0 MB stacks, 0 MB globals, 16 P
gc 4015 @40.590s 2%: 0.11+0.41+0.16 ms clock, 1.7+0.46/0.75/0+2.6 ms cpu, 3->4->1 MB, 4 MB goal, 0 MB stacks, 0 MB globals, 16 P
gc 4016 @40.592s 2%: 0.16+0.41+0.13 ms clock, 2.5+0.56/0.73/0.026+2.0 ms cpu, 3->3->1 MB, 4 MB goal, 0 MB stacks, 0 MB globals, 16 P
gc 4017 @40.593s 2%: 0.11+0.60+0.083 ms clock, 1.8+0.66/0.88/0+1.3 ms cpu, 3->4->1 MB, 4 MB goal, 0 MB stacks, 0 MB globals, 16 P
gc 4018 @40.595s 2%: 0.11+0.55+0.15 ms clock, 1.9+0.55/0.80/0.050+2.4 ms cpu, 3->4->1 MB, 4 MB goal, 0 MB stacks, 0 MB globals, 16 P
gc 4019 @40.596s 2%: 0.15+0.60+0.14 ms clock, 2.4+0.64/0.76/0.047+2.2 ms cpu, 3->4->1 MB, 4 MB goal, 0 MB stacks, 0 MB globals, 16 P
gc 4020 @40.598s 2%: 0.14+0.50+0.10 ms clock, 2.3+0.52/0.84/0+1.6 ms cpu, 3->4->1 MB, 4 MB goal, 0 MB stacks, 0 MB globals, 16 P
gc 4021 @40.600s 2%: 0.13+0.61+0.11 ms clock, 2.1+0.53/0.88/0+1.8 ms cpu, 3->4->1 MB, 4 MB goal, 0 MB stacks, 0 MB globals, 16 P
gc 4022 @40.601s 2%: 0.11+0.62+0.045 ms clock, 1.8+0.49/0.84/0+0.73 ms cpu, 3->4->1 MB, 4 MB goal, 0 MB stacks, 0 MB globals, 16 P
gc 4023 @40.603s 2%: 0.13+0.54+0.073 ms clock, 2.2+0.40/0.81/0+1.1 ms cpu, 3->4->1 MB, 4 MB goal, 0 MB stacks, 0 MB globals, 16 P
gc 4024 @40.605s 2%: 0.13+0.49+0.10 ms clock, 2.2+0.72/0.77/0.015+1.7 ms cpu, 3->4->1 MB, 4 MB goal, 0 MB stacks, 0 MB globals, 16 P
gc 4025 @40.606s 2%: 0.11+0.73+0.15 ms clock, 1.8+0.62/0.95/0.034+2.4 ms cpu, 3->4->2 MB, 4 MB goal, 0 MB stacks, 0 MB globals, 16 P
gc 4026 @40.608s 2%: 0.11+0.59+0.12 ms clock, 1.7+0.55/0.85/0+2.0 ms cpu, 3->4->1 MB, 4 MB goal, 0 MB stacks, 0 MB globals, 16 P
gc 4027 @40.610s 2%: 0.10+0.75+0.076 ms clock, 1.6+0.45/0.90/0+1.2 ms cpu, 3->4->2 MB, 4 MB goal, 0 MB stacks, 0 MB globals, 16 P
gc 4028 @40.612s 2%: 0.11+0.54+0.071 ms clock, 1.8+0.54/0.87/0.12+1.1 ms cpu, 3->4->1 MB, 4 MB goal, 0 MB stacks, 0 MB globals, 16 P
gc 4029 @40.613s 2%: 0.16+0.58+0.12 ms clock, 2.5+0.71/0.74/0+1.9 ms cpu, 3->4->1 MB, 4 MB goal, 0 MB stacks, 0 MB globals, 16 P
gc 4030 @40.615s 2%: 0.11+0.71+0.083 ms clock, 1.8+0.40/0.80/0+1.3 ms cpu, 3->4->2 MB, 4 MB goal, 0 MB stacks, 0 MB globals, 16 P
gc 4031 @40.617s 2%: 0.094+0.62+0.15 ms clock, 1.5+0.53/0.65/0.039+2.4 ms cpu, 3->4->1 MB, 4 MB goal, 0 MB stacks, 0 MB globals, 16 P
gc 4032 @40.618s 2%: 0.13+0.46+0.13 ms clock, 2.1+0.60/0.72/0.024+2.0 ms cpu, 3->4->1 MB, 4 MB goal, 0 MB stacks, 0 MB globals, 16 P
gc 4033 @40.620s 2%: 0.15+0.62+0.056 ms clock, 2.5+0.61/0.81/0+0.90 ms cpu, 3->4->1 MB, 4 MB goal, 0 MB stacks, 0 MB globals, 16 P
gc 4034 @40.622s 2%: 0.12+0.60+0.064 ms clock, 2.0+0.62/0.76/0+1.0 ms cpu, 3->4->1 MB, 4 MB goal, 0 MB stacks, 0 MB globals, 16 P
gc 4035 @40.623s 2%: 0.14+0.51+0.12 ms clock, 2.3+0.68/0.68/0.10+1.9 ms cpu, 3->4->1 MB, 4 MB goal, 0 MB stacks, 0 MB globals, 16 P
gc 4036 @40.625s 2%: 0.085+0.55+0.061 ms clock, 1.3+0.52/0.82/0.004+0.97 ms cpu, 3->4->1 MB, 4 MB goal, 0 MB stacks, 0 MB globals, 16 P
gc 4037 @40.626s 2%: 0.15+0.59+0.080 ms clock, 2.4+0.65/0.87/0+1.2 ms cpu, 3->4->2 MB, 4 MB goal, 0 MB stacks, 0 MB globals, 16 P
gc 4038 @40.628s 2%: 0.12+0.68+0.044 ms clock, 2.0+0.58/0.95/0+0.70 ms cpu, 3->4->1 MB, 4 MB goal, 0 MB stacks, 0 MB globals, 16 P
gc 4039 @40.630s 2%: 0.14+0.68+0.052 ms clock, 2.2+0.47/0.89/0+0.84 ms cpu, 3->4->2 MB, 4 MB goal, 0 MB stacks, 0 MB globals, 16 P
gc 4040 @40.632s 2%: 0.12+0.53+0.11 ms clock, 1.9+0.61/0.69/0+1.8 ms cpu, 3->4->1 MB, 4 MB goal, 0 MB stacks, 0 MB globals, 16 P
gc 4041 @40.633s 2%: 0.15+0.64+0.077 ms clock, 2.5+0.61/0.86/0+1.2 ms cpu, 3->4->2 MB, 4 MB goal, 0 MB stacks, 0 MB globals, 16 P
gc 4042 @40.635s 2%: 0.089+0.70+0.13 ms clock, 1.4+0.52/0.91/0.008+2.0 ms cpu, 3->4->2 MB, 4 MB goal, 0 MB stacks, 0 MB globals, 16 P
gc 4043 @40.637s 2%: 0.091+0.63+0.081 ms clock, 1.4+0.49/0.67/0.032+1.3 ms cpu, 3->4->1 MB, 4 MB goal, 0 MB stacks, 0 MB globals, 16 P
gc 4044 @40.638s 2%: 0.17+0.51+0.12 ms clock, 2.7+0.63/0.75/0+2.0 ms cpu, 3->4->1 MB, 4 MB goal, 0 MB stacks, 0 MB globals, 16 P
gc 4045 @40.640s 2%: 0.12+0.62+0.19 ms clock, 2.0+0.62/0.78/0+3.1 ms cpu, 3->4->1 MB, 4 MB goal, 0 MB stacks, 0 MB globals, 16 P
gc 4046 @40.642s 2%: 0.13+0.55+0.23 ms clock, 2.2+0.63/0.78/0+3.7 ms cpu, 3->4->2 MB, 4 MB goal, 0 MB stacks, 0 MB globals, 16 P
gc 4047 @40.643s 2%: 0.14+0.51+0.17 ms clock, 2.2+0.68/0.67/0.008+2.7 ms cpu, 3->4->1 MB, 4 MB goal, 0 MB stacks, 0 MB globals, 16 P
gc 4048 @40.645s 2%: 0.10+0.60+0.10 ms clock, 1.6+0.63/0.84/0+1.6 ms cpu, 3->4->1 MB, 4 MB goal, 0 MB stacks, 0 MB globals, 16 P
gc 4049 @40.647s 2%: 0.15+0.51+0.17 ms clock, 2.5+0.55/0.76/0.005+2.7 ms cpu, 3->4->1 MB, 4 MB goal, 0 MB stacks, 0 MB globals, 16 P
gc 4050 @40.648s 2%: 0.10+0.58+0.11 ms clock, 1.7+0.58/0.81/0.005+1.7 ms cpu, 3->4->1 MB, 4 MB goal, 0 MB stacks, 0 MB globals, 16 P
gc 4051 @40.650s 2%: 0.17+0.47+0.13 ms clock, 2.7+0.57/0.59/0.11+2.2 ms cpu, 3->4->1 MB, 4 MB goal, 0 MB stacks, 0 MB globals, 16 P
gc 4052 @40.651s 2%: 0.13+0.66+0.098 ms clock, 2.2+0.56/0.97/0+1.5 ms cpu, 3->4->2 MB, 4 MB goal, 0 MB stacks, 0 MB globals, 16 P
gc 4053 @40.653s 2%: 0.092+0.72+0.12 ms clock, 1.4+0.66/0.88/0.049+1.9 ms cpu, 3->4->2 MB, 4 MB goal, 0 MB stacks, 0 MB globals, 16 P
gc 4054 @40.655s 2%: 0.11+0.75+0.10 ms clock, 1.8+0.52/1.0/0+1.7 ms cpu, 3->4->2 MB, 4 MB goal, 0 MB stacks, 0 MB globals, 16 P
gc 4055 @40.657s 2%: 0.16+0.50+0.12 ms clock, 2.7+0.57/0.81/0+2.0 ms cpu, 3->4->1 MB, 4 MB goal, 0 MB stacks, 0 MB globals, 16 P
gc 4056 @40.659s 2%: 0.16+0.50+0.14 ms clock, 2.6+0.54/0.78/0+2.2 ms cpu, 3->4->1 MB, 4 MB goal, 0 MB stacks, 0 MB globals, 16 P
gc 4057 @40.660s 2%: 0.13+0.57+0.038 ms clock, 2.1+0.57/0.87/0+0.62 ms cpu, 3->4->1 MB, 4 MB goal, 0 MB stacks, 0 MB globals, 16 P
gc 4058 @40.662s 2%: 0.13+0.53+0.078 ms clock, 2.1+0.62/0.84/0.031+1.2 ms cpu, 3->4->1 MB, 4 MB goal, 0 MB stacks, 0 MB globals, 16 P
gc 4059 @40.664s 2%: 0.13+0.60+0.087 ms clock, 2.1+0.60/0.78/0+1.4 ms cpu, 3->4->1 MB, 4 MB goal, 0 MB stacks, 0 MB globals, 16 P
gc 4060 @40.665s 2%: 0.12+0.49+0.10 ms clock, 2.0+0.61/0.79/0+1.6 ms cpu, 3->4->1 MB, 4 MB goal, 0 MB stacks, 0 MB globals, 16 P
gc 4061 @40.667s 2%: 0.16+0.55+0.11 ms clock, 2.6+0.51/0.82/0.10+1.8 ms cpu, 3->4->1 MB, 4 MB goal, 0 MB stacks, 0 MB globals, 16 P
gc 4062 @40.668s 2%: 0.16+0.57+0.10 ms clock, 2.6+0.48/0.85/0+1.6 ms cpu, 3->4->1 MB, 4 MB goal, 0 MB stacks, 0 MB globals, 16 P
gc 4063 @40.670s 2%: 0.13+0.44+0.17 ms clock, 2.1+0.60/0.70/0.002+2.7 ms cpu, 3->4->1 MB, 4 MB goal, 0 MB stacks, 0 MB globals, 16 P
gc 4064 @40.671s 2%: 0.14+0.69+0.10 ms clock, 2.2+0.49/0.89/0+1.6 ms cpu, 3->4->2 MB, 4 MB goal, 0 MB stacks, 0 MB globals, 16 P
gc 4065 @40.673s 2%: 0.12+0.55+0.12 ms clock, 1.9+0.57/0.83/0.026+1.9 ms cpu, 4->4->1 MB, 4 MB goal, 0 MB stacks, 0 MB globals, 16 P
gc 4066 @40.675s 2%: 0.12+0.50+0.16 ms clock, 2.0+0.67/0.84/0+2.6 ms cpu, 3->4->1 MB, 4 MB goal, 0 MB stacks, 0 MB globals, 16 P
gc 4067 @40.677s 2%: 0.15+0.85+0.059 ms clock, 2.4+0.66/0.79/0+0.94 ms cpu, 3->4->2 MB, 4 MB goal, 0 MB stacks, 0 MB globals, 16 P
gc 4068 @40.679s 2%: 0.13+0.49+0.11 ms clock, 2.1+0.72/0.77/0+1.7 ms cpu, 3->4->1 MB, 4 MB goal, 0 MB stacks, 0 MB globals, 16 P
gc 4069 @40.680s 2%: 0.098+0.60+0.10 ms clock, 1.5+0.59/0.76/0+1.6 ms cpu, 3->4->1 MB, 4 MB goal, 0 MB stacks, 0 MB globals, 16 P
gc 4070 @40.682s 2%: 0.14+0.49+0.11 ms clock, 2.3+0.58/0.85/0+1.8 ms cpu, 3->4->1 MB, 4 MB goal, 0 MB stacks, 0 MB globals, 16 P
gc 4071 @40.684s 2%: 0.13+0.49+0.14 ms clock, 2.1+0.60/0.68/0+2.3 ms cpu, 3->4->1 MB, 4 MB goal, 0 MB stacks, 0 MB globals, 16 P
gc 4072 @40.685s 2%: 0.13+0.69+0.11 ms clock, 2.1+0.64/0.83/0+1.9 ms cpu, 3->4->2 MB, 4 MB goal, 0 MB stacks, 0 MB globals, 16 P
gc 4073 @40.687s 2%: 0.097+0.56+0.084 ms clock, 1.5+0.43/0.81/0.17+1.3 ms cpu, 3->4->1 MB, 4 MB goal, 0 MB stacks, 0 MB globals, 16 P
gc 4074 @40.688s 2%: 0.14+0.71+0.043 ms clock, 2.3+0.59/0.78/0+0.70 ms cpu, 3->4->2 MB, 4 MB goal, 0 MB stacks, 0 MB globals, 16 P
gc 4075 @40.690s 2%: 0.10+0.52+0.13 ms clock, 1.6+0.72/0.71/0.006+2.0 ms cpu, 3->4->1 MB, 4 MB goal, 0 MB stacks, 0 MB globals, 16 P
gc 4076 @40.692s 2%: 0.19+0.53+0.16 ms clock, 3.0+0.72/0.82/0+2.5 ms cpu, 3->4->2 MB, 4 MB goal, 0 MB stacks, 0 MB globals, 16 P
gc 4077 @40.694s 2%: 0.11+0.58+0.097 ms clock, 1.8+0.70/0.80/0+1.5 ms cpu, 3->4->1 MB, 4 MB goal, 0 MB stacks, 0 MB globals, 16 P
gc 4078 @40.695s 2%: 0.10+0.53+0.098 ms clock, 1.6+0.34/0.90/0+1.5 ms cpu, 3->4->1 MB, 4 MB goal, 0 MB stacks, 0 MB globals, 16 P
gc 4079 @40.697s 2%: 0.15+0.77+0.092 ms clock, 2.4+0.58/0.80/0+1.4 ms cpu, 3->4->2 MB, 4 MB goal, 0 MB stacks, 0 MB globals, 16 P
gc 4080 @40.699s 2%: 0.10+0.65+0.12 ms clock, 1.6+0.42/0.82/0.010+2.0 ms cpu, 3->4->1 MB, 4 MB goal, 0 MB stacks, 0 MB globals, 16 P
gc 4081 @40.700s 2%: 0.13+0.75+0.044 ms clock, 2.1+0.67/1.0/0+0.70 ms cpu, 3->4->2 MB, 4 MB goal, 0 MB stacks, 0 MB globals, 16 P
gc 4082 @40.702s 2%: 0.11+0.51+0.060 ms clock, 1.7+0.49/0.83/0.012+0.96 ms cpu, 3->4->1 MB, 4 MB goal, 0 MB stacks, 0 MB globals, 16 P
gc 4083 @40.704s 2%: 0.12+0.62+0.038 ms clock, 1.9+0.54/0.85/0+0.61 ms cpu, 3->4->1 MB, 4 MB goal, 0 MB stacks, 0 MB globals, 16 P
gc 4084 @40.705s 2%: 0.097+0.54+0.088 ms clock, 1.5+0.70/0.77/0+1.4 ms cpu, 3->4->1 MB, 4 MB goal, 0 MB stacks, 0 MB globals, 16 P
gc 4085 @40.707s 2%: 0.11+0.50+0.15 ms clock, 1.8+0.55/0.81/0+2.4 ms cpu, 3->4->1 MB, 4 MB goal, 0 MB stacks, 0 MB globals, 16 P
gc 4086 @40.709s 2%: 0.12+0.74+0.082 ms clock, 2.0+0.52/0.94/0+1.3 ms cpu, 3->4->2 MB, 4 MB goal, 0 MB stacks, 0 MB globals, 16 P
gc 4087 @40.710s 2%: 0.11+0.62+0.11 ms clock, 1.8+0.55/0.86/0+1.7 ms cpu, 3->4->1 MB, 4 MB goal, 0 MB stacks, 0 MB globals, 16 P
gc 4088 @40.712s 2%: 0.16+0.49+0.11 ms clock, 2.6+0.55/0.96/0.002+1.7 ms cpu, 3->4->1 MB, 4 MB goal, 0 MB stacks, 0 MB globals, 16 P
gc 4089 @40.714s 2%: 0.13+0.48+0.12 ms clock, 2.1+0.58/0.75/0+2.0 ms cpu, 3->4->1 MB, 4 MB goal, 0 MB stacks, 0 MB globals, 16 P
gc 4090 @40.715s 2%: 0.16+0.68+0.099 ms clock, 2.6+0.57/0.94/0.006+1.5 ms cpu, 3->4->2 MB, 4 MB goal, 0 MB stacks, 0 MB globals, 16 P
gc 4091 @40.717s 2%: 0.073+0.54+0.10 ms clock, 1.1+0.53/0.84/0.026+1.6 ms cpu, 3->4->1 MB, 4 MB goal, 0 MB stacks, 0 MB globals, 16 P
gc 4092 @40.719s 2%: 0.084+0.46+0.063 ms clock, 1.3+0.50/0.75/0.009+1.0 ms cpu, 3->4->1 MB, 4 MB goal, 0 MB stacks, 0 MB globals, 16 P
gc 4093 @40.720s 2%: 0.12+0.50+0.13 ms clock, 1.9+0.74/0.73/0.017+2.1 ms cpu, 3->4->1 MB, 4 MB goal, 0 MB stacks, 0 MB globals, 16 P
gc 4094 @40.722s 2%: 0.12+0.47+0.18 ms clock, 1.9+0.49/0.83/0.011+2.9 ms cpu, 3->4->1 MB, 4 MB goal, 0 MB stacks, 0 MB globals, 16 P
gc 4095 @40.723s 2%: 0.085+0.59+0.060 ms clock, 1.3+0.51/0.81/0+0.96 ms cpu, 3->4->1 MB, 4 MB goal, 0 MB stacks, 0 MB globals, 16 P
gc 4096 @40.725s 2%: 0.12+0.51+0.10 ms clock, 1.9+0.54/0.81/0.028+1.6 ms cpu, 3->4->1 MB, 4 MB goal, 0 MB stacks, 0 MB globals, 16 P
gc 4097 @40.726s 2%: 0.16+0.76+0.092 ms clock, 2.5+0.66/0.84/0+1.4 ms cpu, 3->4->2 MB, 4 MB goal, 0 MB stacks, 0 MB globals, 16 P
gc 4098 @40.728s 2%: 0.15+0.58+0.10 ms clock, 2.5+0.50/0.83/0+1.6 ms cpu, 3->4->1 MB, 4 MB goal, 0 MB stacks, 0 MB globals, 16 P
gc 4099 @40.730s 2%: 0.13+0.69+0.087 ms clock, 2.1+0.52/0.83/0.016+1.4 ms cpu, 3->4->1 MB, 4 MB goal, 0 MB stacks, 0 MB globals, 16 P
gc 4100 @40.731s 2%: 0.10+0.54+0.094 ms clock, 1.7+0.51/0.84/0+1.5 ms cpu, 3->4->1 MB, 4 MB goal, 0 MB stacks, 0 MB globals, 16 P
gc 4101 @40.733s 2%: 0.11+0.53+0.11 ms clock, 1.8+0.52/0.87/0+1.9 ms cpu, 3->4->1 MB, 4 MB goal, 0 MB stacks, 0 MB globals, 16 P
gc 4102 @40.735s 2%: 0.11+0.71+0.10 ms clock, 1.7+0.60/0.82/0+1.7 ms cpu, 3->4->2 MB, 4 MB goal, 0 MB stacks, 0 MB globals, 16 P
gc 4103 @40.737s 2%: 0.10+0.57+0.081 ms clock, 1.6+0.50/0.85/0+1.2 ms cpu, 3->4->1 MB, 4 MB goal, 0 MB stacks, 0 MB globals, 16 P
gc 4104 @40.738s 2%: 0.19+0.52+0.17 ms clock, 3.1+0.75/0.75/0.020+2.7 ms cpu, 3->4->1 MB, 4 MB goal, 0 MB stacks, 0 MB globals, 16 P
gc 4105 @40.740s 2%: 0.11+0.58+0.11 ms clock, 1.7+0.45/0.88/0.005+1.8 ms cpu, 3->4->1 MB, 4 MB goal, 0 MB stacks, 0 MB globals, 16 P
gc 4106 @40.741s 2%: 0.10+0.72+0.092 ms clock, 1.6+0.58/0.90/0+1.4 ms cpu, 3->4->2 MB, 4 MB goal, 0 MB stacks, 0 MB globals, 16 P
gc 4107 @40.743s 2%: 0.16+0.65+0.094 ms clock, 2.6+0.60/0.77/0+1.5 ms cpu, 3->4->1 MB, 4 MB goal, 0 MB stacks, 0 MB globals, 16 P
gc 4108 @40.745s 2%: 0.13+0.62+0.066 ms clock, 2.1+0.57/0.86/0.009+1.0 ms cpu, 3->4->1 MB, 4 MB goal, 0 MB stacks, 0 MB globals, 16 P
gc 4109 @40.747s 2%: 0.11+0.64+0.082 ms clock, 1.8+0.50/0.83/0.082+1.3 ms cpu, 3->4->1 MB, 4 MB goal, 0 MB stacks, 0 MB globals, 16 P
gc 4110 @40.748s 2%: 0.15+0.56+0.10 ms clock, 2.4+0.65/0.77/0+1.6 ms cpu, 3->4->1 MB, 4 MB goal, 0 MB stacks, 0 MB globals, 16 P
gc 4111 @40.750s 2%: 0.10+0.58+0.12 ms clock, 1.6+0.49/0.75/0.049+1.9 ms cpu, 3->4->1 MB, 4 MB goal, 0 MB stacks, 0 MB globals, 16 P
gc 4112 @40.751s 2%: 0.18+0.46+0.18 ms clock, 2.9+0.73/0.63/0+2.9 ms cpu, 3->4->1 MB, 4 MB goal, 0 MB stacks, 0 MB globals, 16 P
gc 4113 @40.753s 2%: 0.11+0.66+0.12 ms clock, 1.8+0.50/0.82/0.018+1.9 ms cpu, 3->4->2 MB, 4 MB goal, 0 MB stacks, 0 MB globals, 16 P
gc 4114 @40.755s 2%: 0.13+0.51+0.12 ms clock, 2.1+0.53/0.70/0.095+1.9 ms cpu, 3->4->1 MB, 4 MB goal, 0 MB stacks, 0 MB globals, 16 P
gc 4115 @40.756s 2%: 0.10+0.51+0.081 ms clock, 1.6+0.65/0.70/0.043+1.3 ms cpu, 3->3->1 MB, 4 MB goal, 0 MB stacks, 0 MB globals, 16 P
gc 4116 @40.758s 2%: 0.11+0.58+0.14 ms clock, 1.8+0.62/0.78/0+2.2 ms cpu, 3->4->1 MB, 4 MB goal, 0 MB stacks, 0 MB globals, 16 P
gc 4117 @40.759s 2%: 0.13+0.74+0.088 ms clock, 2.1+0.58/0.75/0+1.4 ms cpu, 3->4->2 MB, 4 MB goal, 0 MB stacks, 0 MB globals, 16 P
gc 4118 @40.761s 2%: 0.12+0.64+0.11 ms clock, 2.0+0.60/0.82/0+1.8 ms cpu, 3->4->2 MB, 4 MB goal, 0 MB stacks, 0 MB globals, 16 P
gc 4119 @40.763s 2%: 0.14+0.67+0.11 ms clock, 2.2+0.70/0.70/0+1.8 ms cpu, 3->4->2 MB, 4 MB goal, 0 MB stacks, 0 MB globals, 16 P
gc 4120 @40.765s 2%: 0.12+0.61+0.10 ms clock, 1.9+0.60/0.90/0+1.7 ms cpu, 3->4->2 MB, 4 MB goal, 0 MB stacks, 0 MB globals, 16 P
gc 4121 @40.767s 2%: 0.12+0.75+0.093 ms clock, 1.9+0.60/0.78/0+1.4 ms cpu, 3->4->2 MB, 4 MB goal, 0 MB stacks, 0 MB globals, 16 P
gc 4122 @40.769s 2%: 0.13+0.50+0.089 ms clock, 2.1+0.70/0.80/0+1.4 ms cpu, 3->4->1 MB, 4 MB goal, 0 MB stacks, 0 MB globals, 16 P
gc 4123 @40.770s 2%: 0.078+0.68+0.10 ms clock, 1.2+0.59/0.79/0.007+1.6 ms cpu, 3->4->2 MB, 4 MB goal, 0 MB stacks, 0 MB globals, 16 P
gc 4124 @40.772s 2%: 0.17+0.60+0.14 ms clock, 2.8+0.60/0.83/0+2.3 ms cpu, 3->4->2 MB, 4 MB goal, 0 MB stacks, 0 MB globals, 16 P
gc 4125 @40.774s 2%: 0.10+0.67+0.10 ms clock, 1.7+0.48/0.96/0.011+1.6 ms cpu, 3->4->2 MB, 4 MB goal, 0 MB stacks, 0 MB globals, 16 P
gc 4126 @40.776s 2%: 0.13+0.71+0.12 ms clock, 2.1+0.48/1.0/0+2.0 ms cpu, 3->4->2 MB, 4 MB goal, 0 MB stacks, 0 MB globals, 16 P
gc 4127 @40.778s 2%: 0.12+0.53+0.071 ms clock, 1.9+0.61/0.85/0.042+1.1 ms cpu, 3->4->1 MB, 4 MB goal, 0 MB stacks, 0 MB globals, 16 P
gc 4128 @40.779s 2%: 0.11+0.47+0.10 ms clock, 1.9+0.43/0.78/0+1.6 ms cpu, 3->4->1 MB, 4 MB goal, 0 MB stacks, 0 MB globals, 16 P
gc 4129 @40.781s 2%: 0.14+0.70+0.094 ms clock, 2.2+0.63/0.75/0+1.5 ms cpu, 3->4->2 MB, 4 MB goal, 0 MB stacks, 0 MB globals, 16 P
gc 4130 @40.783s 2%: 0.15+0.58+0.10 ms clock, 2.5+0.58/0.93/0+1.7 ms cpu, 3->4->1 MB, 4 MB goal, 0 MB stacks, 0 MB globals, 16 P
gc 4131 @40.785s 2%: 0.10+0.51+0.083 ms clock, 1.7+0.64/0.82/0.016+1.3 ms cpu, 3->4->1 MB, 4 MB goal, 0 MB stacks, 0 MB globals, 16 P
gc 4132 @40.786s 2%: 0.11+0.61+0.12 ms clock, 1.8+0.49/0.98/0+1.9 ms cpu, 3->4->1 MB, 4 MB goal, 0 MB stacks, 0 MB globals, 16 P
gc 4133 @40.788s 2%: 0.098+0.47+0.10 ms clock, 1.5+0.44/0.76/0.059+1.6 ms cpu, 3->4->1 MB, 4 MB goal, 0 MB stacks, 0 MB globals, 16 P
gc 4134 @40.789s 2%: 0.12+0.71+0.073 ms clock, 2.0+0.61/0.73/0+1.1 ms cpu, 3->4->1 MB, 4 MB goal, 0 MB stacks, 0 MB globals, 16 P
gc 4135 @40.791s 2%: 0.14+0.56+0.10 ms clock, 2.3+0.59/0.83/0+1.6 ms cpu, 3->4->1 MB, 4 MB goal, 0 MB stacks, 0 MB globals, 16 P
gc 4136 @40.792s 2%: 0.11+0.75+0.095 ms clock, 1.8+0.56/0.81/0.004+1.5 ms cpu, 3->4->2 MB, 4 MB goal, 0 MB stacks, 0 MB globals, 16 P
gc 4137 @40.794s 2%: 0.12+0.49+0.15 ms clock, 1.9+0.55/0.81/0+2.4 ms cpu, 3->4->1 MB, 4 MB goal, 0 MB stacks, 0 MB globals, 16 P
gc 4138 @40.796s 2%: 0.11+0.79+0.057 ms clock, 1.7+0.49/0.88/0.006+0.91 ms cpu, 3->4->2 MB, 4 MB goal, 0 MB stacks, 0 MB globals, 16 P
gc 4139 @40.798s 2%: 0.10+0.59+0.18 ms clock, 1.6+0.59/0.84/0+2.8 ms cpu, 3->4->1 MB, 4 MB goal, 0 MB stacks, 0 MB globals, 16 P
gc 4140 @40.799s 2%: 0.16+0.53+0.10 ms clock, 2.5+0.74/0.86/0.001+1.7 ms cpu, 3->4->1 MB, 4 MB goal, 0 MB stacks, 0 MB globals, 16 P
gc 4141 @40.801s 2%: 0.12+0.40+0.12 ms clock, 1.9+0.57/0.79/0+1.9 ms cpu, 3->4->1 MB, 4 MB goal, 0 MB stacks, 0 MB globals, 16 P
gc 4142 @40.802s 2%: 0.12+0.92+0.10 ms clock, 1.9+0.68/0.70/0+1.6 ms cpu, 3->4->2 MB, 4 MB goal, 0 MB stacks, 0 MB globals, 16 P
gc 4143 @40.805s 2%: 0.14+0.64+0.081 ms clock, 2.2+0.64/0.94/0.012+1.3 ms cpu, 4->4->2 MB, 4 MB goal, 0 MB stacks, 0 MB globals, 16 P
gc 4144 @40.806s 2%: 0.13+0.55+0.14 ms clock, 2.1+0.51/0.82/0+2.2 ms cpu, 3->4->2 MB, 4 MB goal, 0 MB stacks, 0 MB globals, 16 P
gc 4145 @40.808s 2%: 0.091+0.60+0.083 ms clock, 1.4+0.46/0.97/0+1.3 ms cpu, 3->4->1 MB, 4 MB goal, 0 MB stacks, 0 MB globals, 16 P
gc 4146 @40.810s 2%: 0.16+0.64+0.089 ms clock, 2.6+0.51/0.81/0+1.4 ms cpu, 3->4->2 MB, 4 MB goal, 0 MB stacks, 0 MB globals, 16 P
gc 4147 @40.811s 2%: 0.11+0.53+0.11 ms clock, 1.7+0.65/0.75/0.018+1.8 ms cpu, 3->4->1 MB, 4 MB goal, 0 MB stacks, 0 MB globals, 16 P
gc 4148 @40.813s 2%: 0.11+0.58+0.13 ms clock, 1.7+0.56/0.93/0+2.1 ms cpu, 3->4->1 MB, 4 MB goal, 0 MB stacks, 0 MB globals, 16 P
gc 4149 @40.815s 2%: 0.099+0.49+0.11 ms clock, 1.5+0.59/0.75/0.043+1.8 ms cpu, 3->4->1 MB, 4 MB goal, 0 MB stacks, 0 MB globals, 16 P
gc 4150 @40.816s 2%: 0.11+0.52+0.089 ms clock, 1.9+0.69/0.81/0.003+1.4 ms cpu, 3->4->1 MB, 4 MB goal, 0 MB stacks, 0 MB globals, 16 P
gc 4151 @40.818s 2%: 0.090+0.63+0.089 ms clock, 1.4+0.61/0.86/0+1.4 ms cpu, 3->4->2 MB, 4 MB goal, 0 MB stacks, 0 MB globals, 16 P
gc 4152 @40.820s 2%: 0.12+0.39+0.14 ms clock, 1.9+0.71/0.67/0.076+2.2 ms cpu, 3->4->1 MB, 4 MB goal, 0 MB stacks, 0 MB globals, 16 P
gc 4153 @40.821s 2%: 0.12+0.61+0.085 ms clock, 1.9+0.56/0.78/0+1.3 ms cpu, 3->4->2 MB, 4 MB goal, 0 MB stacks, 0 MB globals, 16 P
gc 4154 @40.823s 2%: 0.12+0.64+0.17 ms clock, 2.0+0.60/0.86/0+2.7 ms cpu, 3->4->2 MB, 4 MB goal, 0 MB stacks, 0 MB globals, 16 P
gc 4155 @40.825s 2%: 0.13+0.63+0.11 ms clock, 2.1+0.58/0.79/0+1.8 ms cpu, 3->4->2 MB, 4 MB goal, 0 MB stacks, 0 MB globals, 16 P
gc 4156 @40.826s 2%: 0.14+0.51+0.16 ms clock, 2.3+0.60/0.82/0+2.5 ms cpu, 3->4->1 MB, 4 MB goal, 0 MB stacks, 0 MB globals, 16 P
gc 4157 @40.828s 2%: 0.20+0.60+0.11 ms clock, 3.2+0.57/0.77/0+1.7 ms cpu, 3->4->2 MB, 4 MB goal, 0 MB stacks, 0 MB globals, 16 P
gc 4158 @40.830s 2%: 0.11+0.44+0.11 ms clock, 1.8+0.58/0.81/0.001+1.8 ms cpu, 3->4->1 MB, 4 MB goal, 0 MB stacks, 0 MB globals, 16 P
gc 4159 @40.831s 2%: 0.15+0.49+0.19 ms clock, 2.5+0.57/0.80/0+3.0 ms cpu, 3->4->1 MB, 4 MB goal, 0 MB stacks, 0 MB globals, 16 P
gc 4160 @40.833s 2%: 0.12+0.62+0.083 ms clock, 2.0+0.58/0.71/0.053+1.3 ms cpu, 3->4->1 MB, 4 MB goal, 0 MB stacks, 0 MB globals, 16 P
gc 4161 @40.835s 2%: 0.15+0.56+0.14 ms clock, 2.5+0.64/0.73/0+2.3 ms cpu, 3->4->1 MB, 4 MB goal, 0 MB stacks, 0 MB globals, 16 P
gc 4162 @40.836s 2%: 0.11+0.70+0.10 ms clock, 1.8+0.37/0.75/0.074+1.6 ms cpu, 3->4->2 MB, 4 MB goal, 0 MB stacks, 0 MB globals, 16 P
gc 4163 @40.838s 2%: 0.13+0.52+0.14 ms clock, 2.1+0.49/0.80/0+2.3 ms cpu, 3->4->1 MB, 4 MB goal, 0 MB stacks, 0 MB globals, 16 P
gc 4164 @40.840s 2%: 0.14+0.58+0.13 ms clock, 2.3+0.56/0.76/0.002+2.1 ms cpu, 3->4->2 MB, 4 MB goal, 0 MB stacks, 0 MB globals, 16 P
gc 4165 @40.841s 2%: 0.12+0.59+0.091 ms clock, 2.0+0.57/0.78/0+1.4 ms cpu, 3->4->1 MB, 4 MB goal, 0 MB stacks, 0 MB globals, 16 P
gc 4166 @40.843s 2%: 0.24+0.45+0.12 ms clock, 3.8+0.50/0.71/0+1.9 ms cpu, 3->4->1 MB, 4 MB goal, 0 MB stacks, 0 MB globals, 16 P
gc 4167 @40.845s 2%: 0.15+0.68+0.087 ms clock, 2.5+0.70/0.74/0.013+1.4 ms cpu, 3->4->2 MB, 4 MB goal, 0 MB stacks, 0 MB globals, 16 P
gc 4168 @40.846s 2%: 0.14+0.66+0.057 ms clock, 2.3+0.50/0.82/0.018+0.92 ms cpu, 3->4->2 MB, 4 MB goal, 0 MB stacks, 0 MB globals, 16 P
gc 4169 @40.848s 2%: 0.098+0.53+0.13 ms clock, 1.5+0.49/0.76/0.004+2.1 ms cpu, 3->4->1 MB, 4 MB goal, 0 MB stacks, 0 MB globals, 16 P
gc 4170 @40.850s 2%: 0.11+0.56+0.089 ms clock, 1.8+0.57/0.67/0+1.4 ms cpu, 3->4->1 MB, 4 MB goal, 0 MB stacks, 0 MB globals, 16 P
gc 4171 @40.852s 2%: 0.18+0.66+0.067 ms clock, 2.8+0.61/0.78/0.002+1.0 ms cpu, 3->4->2 MB, 4 MB goal, 0 MB stacks, 0 MB globals, 16 P
gc 4172 @40.853s 2%: 0.11+0.60+0.049 ms clock, 1.8+0.48/0.81/0.004+0.78 ms cpu, 3->4->1 MB, 4 MB goal, 0 MB stacks, 0 MB globals, 16 P
gc 4173 @40.855s 2%: 0.15+0.74+0.10 ms clock, 2.4+0.57/0.92/0.066+1.6 ms cpu, 3->4->2 MB, 4 MB goal, 0 MB stacks, 0 MB globals, 16 P
gc 4174 @40.857s 2%: 0.21+0.55+0.085 ms clock, 3.5+0.68/0.85/0+1.3 ms cpu, 3->4->2 MB, 4 MB goal, 0 MB stacks, 0 MB globals, 16 P
gc 4175 @40.859s 2%: 0.14+0.51+0.10 ms clock, 2.2+0.63/0.87/0+1.6 ms cpu, 3->4->1 MB, 4 MB goal, 0 MB stacks, 0 MB globals, 16 P
gc 4176 @40.861s 2%: 0.099+0.54+0.090 ms clock, 1.5+0.62/0.83/0+1.4 ms cpu, 3->4->1 MB, 4 MB goal, 0 MB stacks, 0 MB globals, 16 P
gc 4177 @40.862s 2%: 0.14+0.50+0.18 ms clock, 2.2+0.67/0.80/0+2.9 ms cpu, 3->4->1 MB, 4 MB goal, 0 MB stacks, 0 MB globals, 16 P
gc 4178 @40.864s 2%: 0.11+0.77+0.10 ms clock, 1.7+0.54/0.97/0.008+1.6 ms cpu, 3->4->2 MB, 4 MB goal, 0 MB stacks, 0 MB globals, 16 P
gc 4179 @40.866s 2%: 0.11+0.48+0.11 ms clock, 1.8+0.56/0.77/0+1.8 ms cpu, 3->4->1 MB, 4 MB goal, 0 MB stacks, 0 MB globals, 16 P
gc 4180 @40.867s 2%: 0.16+0.62+0.19 ms clock, 2.7+0.62/0.82/0+3.1 ms cpu, 3->4->2 MB, 4 MB goal, 0 MB stacks, 0 MB globals, 16 P
gc 4181 @40.869s 2%: 0.13+0.59+0.11 ms clock, 2.1+0.57/0.93/0.003+1.7 ms cpu, 3->4->2 MB, 4 MB goal, 0 MB stacks, 0 MB globals, 16 P
gc 4182 @40.871s 2%: 0.23+0.55+0.14 ms clock, 3.7+0.58/0.79/0+2.2 ms cpu, 3->4->2 MB, 4 MB goal, 0 MB stacks, 0 MB globals, 16 P
gc 4183 @40.873s 2%: 0.13+0.65+0.10 ms clock, 2.2+0.83/0.81/0+1.6 ms cpu, 3->4->2 MB, 4 MB goal, 0 MB stacks, 0 MB globals, 16 P
gc 4184 @40.875s 2%: 0.11+0.66+0.10 ms clock, 1.7+0.49/0.73/0.013+1.7 ms cpu, 3->4->1 MB, 4 MB goal, 0 MB stacks, 0 MB globals, 16 P
gc 4185 @40.876s 2%: 0.093+0.64+0.22 ms clock, 1.4+0.56/0.90/0+3.5 ms cpu, 3->4->2 MB, 4 MB goal, 0 MB stacks, 0 MB globals, 16 P
gc 4186 @40.878s 2%: 0.13+0.62+0.12 ms clock, 2.2+0.80/0.86/0+1.9 ms cpu, 3->4->2 MB, 4 MB goal, 0 MB stacks, 0 MB globals, 16 P
gc 4187 @40.880s 2%: 0.11+0.57+0.078 ms clock, 1.7+0.66/0.79/0+1.2 ms cpu, 3->4->1 MB, 4 MB goal, 0 MB stacks, 0 MB globals, 16 P
gc 4188 @40.881s 2%: 0.11+0.45+0.21 ms clock, 1.8+0.49/0.79/0+3.4 ms cpu, 3->4->1 MB, 4 MB goal, 0 MB stacks, 0 MB globals, 16 P
gc 4189 @40.883s 2%: 0.11+0.57+0.15 ms clock, 1.7+0.67/0.87/0+2.5 ms cpu, 3->4->1 MB, 4 MB goal, 0 MB stacks, 0 MB globals, 16 P
gc 4190 @40.885s 2%: 0.13+0.63+0.11 ms clock, 2.1+0.66/0.88/0+1.8 ms cpu, 3->4->2 MB, 4 MB goal, 0 MB stacks, 0 MB globals, 16 P
gc 4191 @40.886s 2%: 0.14+0.42+0.11 ms clock, 2.3+0.58/0.72/0.014+1.8 ms cpu, 3->4->1 MB, 4 MB goal, 0 MB stacks, 0 MB globals, 16 P
gc 4192 @40.888s 2%: 0.15+0.62+0.094 ms clock, 2.4+0.72/0.86/0.014+1.5 ms cpu, 3->4->2 MB, 4 MB goal, 0 MB stacks, 0 MB globals, 16 P
gc 4193 @40.890s 2%: 0.10+0.56+0.11 ms clock, 1.6+0.62/0.78/0+1.9 ms cpu, 3->4->1 MB, 4 MB goal, 0 MB stacks, 0 MB globals, 16 P
gc 4194 @40.891s 2%: 0.11+0.68+0.10 ms clock, 1.7+0.52/0.84/0+1.6 ms cpu, 3->4->2 MB, 4 MB goal, 0 MB stacks, 0 MB globals, 16 P
gc 4195 @40.893s 2%: 0.11+0.57+0.086 ms clock, 1.9+0.46/0.90/0+1.3 ms cpu, 3->4->1 MB, 4 MB goal, 0 MB stacks, 0 MB globals, 16 P
gc 4196 @40.894s 2%: 0.20+0.44+0.10 ms clock, 3.3+0.71/0.73/0+1.6 ms cpu, 3->4->1 MB, 4 MB goal, 0 MB stacks, 0 MB globals, 16 P
gc 4197 @40.896s 2%: 0.11+0.66+0.076 ms clock, 1.8+0.57/0.96/0+1.2 ms cpu, 3->4->2 MB, 4 MB goal, 0 MB stacks, 0 MB globals, 16 P
gc 4198 @40.898s 2%: 0.11+0.59+0.13 ms clock, 1.8+0.48/0.97/0.012+2.1 ms cpu, 3->4->1 MB, 4 MB goal, 0 MB stacks, 0 MB globals, 16 P
gc 4199 @40.899s 2%: 0.12+0.51+0.14 ms clock, 1.9+0.61/0.72/0+2.3 ms cpu, 3->4->1 MB, 4 MB goal, 0 MB stacks, 0 MB globals, 16 P
gc 4200 @40.901s 2%: 0.12+0.53+0.086 ms clock, 2.0+0.56/0.76/0.025+1.3 ms cpu, 3->4->1 MB, 4 MB goal, 0 MB stacks, 0 MB globals, 16 P
gc 4201 @40.902s 2%: 0.14+0.58+0.10 ms clock, 2.2+0.62/0.85/0+1.6 ms cpu, 3->4->1 MB, 4 MB goal, 0 MB stacks, 0 MB globals, 16 P
gc 4202 @40.904s 2%: 0.11+0.42+0.14 ms clock, 1.8+0.54/0.72/0+2.2 ms cpu, 3->4->1 MB, 4 MB goal, 0 MB stacks, 0 MB globals, 16 P
gc 4203 @40.906s 2%: 0.12+0.47+0.10 ms clock, 2.0+0.47/0.78/0+1.6 ms cpu, 3->4->1 MB, 4 MB goal, 0 MB stacks, 0 MB globals, 16 P
gc 4204 @40.907s 2%: 0.11+0.53+0.18 ms clock, 1.8+0.59/0.79/0+3.0 ms cpu, 3->4->1 MB, 4 MB goal, 0 MB stacks, 0 MB globals, 16 P
gc 4205 @40.909s 2%: 0.11+0.78+0.053 ms clock, 1.8+0.48/0.80/0+0.86 ms cpu, 3->4->2 MB, 4 MB goal, 0 MB stacks, 0 MB globals, 16 P
gc 4206 @40.910s 2%: 0.13+0.56+0.12 ms clock, 2.1+0.66/0.77/0.003+1.9 ms cpu, 3->4->2 MB, 4 MB goal, 0 MB stacks, 0 MB globals, 16 P
gc 4207 @40.912s 2%: 0.090+0.58+0.11 ms clock, 1.4+0.45/0.83/0.054+1.8 ms cpu, 3->4->1 MB, 4 MB goal, 0 MB stacks, 0 MB globals, 16 P
gc 4208 @40.914s 2%: 0.14+0.67+0.080 ms clock, 2.3+0.64/0.87/0+1.2 ms cpu, 3->4->1 MB, 4 MB goal, 0 MB stacks, 0 MB globals, 16 P
gc 4209 @40.915s 2%: 0.11+0.48+0.090 ms clock, 1.9+0.60/0.87/0.005+1.4 ms cpu, 3->4->1 MB, 4 MB goal, 0 MB stacks, 0 MB globals, 16 P
gc 4210 @40.917s 2%: 0.12+0.68+0.18 ms clock, 1.9+0.72/0.94/0+2.9 ms cpu, 3->4->2 MB, 4 MB goal, 0 MB stacks, 0 MB globals, 16 P
gc 4211 @40.919s 2%: 0.15+0.55+0.11 ms clock, 2.4+0.58/0.80/0.011+1.7 ms cpu, 3->4->1 MB, 4 MB goal, 0 MB stacks, 0 MB globals, 16 P
gc 4212 @40.921s 2%: 0.17+0.48+0.14 ms clock, 2.8+0.47/0.77/0+2.3 ms cpu, 3->4->1 MB, 4 MB goal, 0 MB stacks, 0 MB globals, 16 P
gc 4213 @40.922s 2%: 0.086+0.56+0.11 ms clock, 1.3+0.42/0.93/0+1.8 ms cpu, 3->4->1 MB, 4 MB goal, 0 MB stacks, 0 MB globals, 16 P
gc 4214 @40.924s 2%: 0.13+0.71+0.11 ms clock, 2.2+0.65/0.88/0+1.8 ms cpu, 3->4->2 MB, 4 MB goal, 0 MB stacks, 0 MB globals, 16 P
gc 4215 @40.926s 2%: 0.11+0.60+0.095 ms clock, 1.8+0.58/0.66/0.056+1.5 ms cpu, 3->4->2 MB, 4 MB goal, 0 MB stacks, 0 MB globals, 16 P
gc 4216 @40.927s 2%: 0.10+0.59+0.11 ms clock, 1.6+0.60/0.98/0.044+1.8 ms cpu, 3->4->1 MB, 4 MB goal, 0 MB stacks, 0 MB globals, 16 P
gc 4217 @40.929s 2%: 0.11+0.50+0.085 ms clock, 1.8+0.58/0.82/0+1.3 ms cpu, 3->4->1 MB, 4 MB goal, 0 MB stacks, 0 MB globals, 16 P
gc 4218 @40.931s 2%: 0.098+0.53+0.10 ms clock, 1.5+0.59/0.77/0.003+1.7 ms cpu, 3->4->1 MB, 4 MB goal, 0 MB stacks, 0 MB globals, 16 P
gc 4219 @40.932s 2%: 0.12+0.63+0.15 ms clock, 1.9+0.64/0.93/0.013+2.4 ms cpu, 3->4->2 MB, 4 MB goal, 0 MB stacks, 0 MB globals, 16 P
gc 4220 @40.934s 2%: 0.12+0.57+0.17 ms clock, 2.0+0.49/0.75/0+2.8 ms cpu, 3->4->1 MB, 4 MB goal, 0 MB stacks, 0 MB globals, 16 P
gc 4221 @40.936s 2%: 0.12+0.57+0.078 ms clock, 2.0+0.56/0.95/0.009+1.2 ms cpu, 3->4->1 MB, 4 MB goal, 0 MB stacks, 0 MB globals, 16 P
gc 4222 @40.937s 2%: 0.14+0.56+0.12 ms clock, 2.3+0.63/0.89/0.003+2.0 ms cpu, 3->4->2 MB, 4 MB goal, 0 MB stacks, 0 MB globals, 16 P
gc 4223 @40.939s 2%: 0.13+0.60+0.10 ms clock, 2.1+0.56/0.71/0+1.6 ms cpu, 3->4->2 MB, 4 MB goal, 0 MB stacks, 0 MB globals, 16 P
gc 4224 @40.941s 2%: 0.11+0.50+0.093 ms clock, 1.8+0.63/0.92/0.024+1.4 ms cpu, 3->4->1 MB, 4 MB goal, 0 MB stacks, 0 MB globals, 16 P
gc 4225 @40.942s 2%: 0.14+0.46+0.097 ms clock, 2.2+0.66/0.71/0.008+1.5 ms cpu, 3->3->1 MB, 4 MB goal, 0 MB stacks, 0 MB globals, 16 P
gc 4226 @40.944s 2%: 0.12+0.52+0.16 ms clock, 1.9+0.48/0.84/0.019+2.6 ms cpu, 3->4->1 MB, 4 MB goal, 0 MB stacks, 0 MB globals, 16 P
gc 4227 @40.945s 2%: 0.12+0.42+0.16 ms clock, 1.9+0.69/0.74/0+2.6 ms cpu, 3->4->1 MB, 4 MB goal, 0 MB stacks, 0 MB globals, 16 P
gc 4228 @40.947s 2%: 0.10+0.55+0.091 ms clock, 1.6+0.54/0.81/0.044+1.4 ms cpu, 3->4->1 MB, 4 MB goal, 0 MB stacks, 0 MB globals, 16 P
gc 4229 @40.948s 2%: 0.12+0.55+0.10 ms clock, 1.9+0.49/0.80/0+1.6 ms cpu, 3->4->1 MB, 4 MB goal, 0 MB stacks, 0 MB globals, 16 P
gc 4230 @40.950s 2%: 0.19+0.77+0.099 ms clock, 3.1+0.63/0.77/0+1.5 ms cpu, 3->4->2 MB, 4 MB goal, 0 MB stacks, 0 MB globals, 16 P
gc 4231 @40.952s 2%: 0.095+0.39+0.15 ms clock, 1.5+0.58/0.68/0.018+2.5 ms cpu, 3->4->1 MB, 4 MB goal, 0 MB stacks, 0 MB globals, 16 P
gc 4232 @40.953s 2%: 0.11+0.71+0.10 ms clock, 1.8+0.70/0.88/0+1.6 ms cpu, 3->4->2 MB, 4 MB goal, 0 MB stacks, 0 MB globals, 16 P
gc 4233 @40.955s 2%: 0.15+0.46+0.15 ms clock, 2.5+0.52/0.81/0+2.4 ms cpu, 3->4->1 MB, 4 MB goal, 0 MB stacks, 0 MB globals, 16 P
gc 4234 @40.957s 2%: 0.12+0.60+0.087 ms clock, 1.9+0.69/0.88/0+1.3 ms cpu, 3->4->2 MB, 4 MB goal, 0 MB stacks, 0 MB globals, 16 P
gc 4235 @40.958s 2%: 0.11+0.63+0.11 ms clock, 1.8+0.63/0.82/0+1.8 ms cpu, 3->4->2 MB, 4 MB goal, 0 MB stacks, 0 MB globals, 16 P
gc 4236 @40.960s 2%: 0.11+0.61+0.13 ms clock, 1.7+0.58/0.93/0.042+2.2 ms cpu, 3->4->2 MB, 4 MB goal, 0 MB stacks, 0 MB globals, 16 P
gc 4237 @40.962s 2%: 0.14+0.62+0.099 ms clock, 2.3+0.68/0.72/0.009+1.5 ms cpu, 3->4->2 MB, 4 MB goal, 0 MB stacks, 0 MB globals, 16 P
gc 4238 @40.964s 2%: 0.15+0.59+0.12 ms clock, 2.5+0.87/0.83/0+1.9 ms cpu, 3->4->2 MB, 4 MB goal, 0 MB stacks, 0 MB globals, 16 P
gc 4239 @40.966s 2%: 0.11+0.56+0.18 ms clock, 1.8+0.51/0.77/0+2.9 ms cpu, 3->4->1 MB, 4 MB goal, 0 MB stacks, 0 MB globals, 16 P
gc 4240 @40.967s 2%: 0.10+0.51+0.14 ms clock, 1.6+0.50/0.94/0+2.2 ms cpu, 3->4->1 MB, 4 MB goal, 0 MB stacks, 0 MB globals, 16 P
gc 4241 @40.969s 2%: 0.10+0.66+0.11 ms clock, 1.7+0.45/0.83/0.009+1.8 ms cpu, 3->4->1 MB, 4 MB goal, 0 MB stacks, 0 MB globals, 16 P
gc 4242 @40.970s 2%: 0.13+0.56+0.093 ms clock, 2.1+0.69/0.88/0+1.4 ms cpu, 3->4->1 MB, 4 MB goal, 0 MB stacks, 0 MB globals, 16 P
gc 4243 @40.972s 2%: 0.12+0.54+0.086 ms clock, 1.9+0.57/0.69/0+1.3 ms cpu, 3->4->1 MB, 4 MB goal, 0 MB stacks, 0 MB globals, 16 P
gc 4244 @40.974s 2%: 0.080+0.55+0.11 ms clock, 1.2+0.42/0.89/0.004+1.7 ms cpu, 3->4->1 MB, 4 MB goal, 0 MB stacks, 0 MB globals, 16 P
gc 4245 @40.975s 2%: 0.13+0.48+0.10 ms clock, 2.1+0.46/0.80/0+1.6 ms cpu, 3->4->1 MB, 4 MB goal, 0 MB stacks, 0 MB globals, 16 P
gc 4246 @40.977s 2%: 0.17+0.72+0.12 ms clock, 2.7+0.57/0.88/0+1.9 ms cpu, 3->4->2 MB, 4 MB goal, 0 MB stacks, 0 MB globals, 16 P
gc 4247 @40.979s 2%: 0.12+0.56+0.12 ms clock, 2.0+0.66/0.78/0.012+1.9 ms cpu, 3->4->1 MB, 4 MB goal, 0 MB stacks, 0 MB globals, 16 P
gc 4248 @40.980s 2%: 0.13+0.58+0.12 ms clock, 2.1+0.59/0.68/0+1.9 ms cpu, 3->4->1 MB, 4 MB goal, 0 MB stacks, 0 MB globals, 16 P
gc 4249 @40.982s 2%: 0.13+0.54+0.077 ms clock, 2.0+0.48/0.94/0+1.2 ms cpu, 3->4->1 MB, 4 MB goal, 0 MB stacks, 0 MB globals, 16 P
gc 4250 @40.984s 2%: 0.13+0.60+0.10 ms clock, 2.2+0.63/0.75/0+1.6 ms cpu, 3->4->1 MB, 4 MB goal, 0 MB stacks, 0 MB globals, 16 P
gc 4251 @40.985s 2%: 0.13+0.62+0.16 ms clock, 2.1+0.47/0.75/0.10+2.6 ms cpu, 3->4->1 MB, 4 MB goal, 0 MB stacks, 0 MB globals, 16 P
gc 4252 @40.987s 2%: 0.16+0.70+0.14 ms clock, 2.6+0.60/0.81/0.053+2.3 ms cpu, 3->4->2 MB, 4 MB goal, 0 MB stacks, 0 MB globals, 16 P
gc 4253 @40.988s 2%: 0.18+0.50+0.16 ms clock, 2.9+0.46/0.86/0+2.6 ms cpu, 3->4->1 MB, 4 MB goal, 0 MB stacks, 0 MB globals, 16 P
gc 4254 @40.990s 2%: 0.11+0.64+0.068 ms clock, 1.8+0.55/0.85/0+1.0 ms cpu, 3->4->1 MB, 4 MB goal, 0 MB stacks, 0 MB globals, 16 P
gc 4255 @40.992s 2%: 0.097+0.61+0.076 ms clock, 1.5+0.73/0.83/0.009+1.2 ms cpu, 3->4->1 MB, 4 MB goal, 0 MB stacks, 0 MB globals, 16 P
gc 4256 @40.993s 2%: 0.14+0.50+0.10 ms clock, 2.2+0.65/0.85/0.004+1.6 ms cpu, 3->4->1 MB, 4 MB goal, 0 MB stacks, 0 MB globals, 16 P
gc 4257 @40.995s 2%: 0.11+0.60+0.074 ms clock, 1.8+0.63/0.92/0+1.1 ms cpu, 3->4->1 MB, 4 MB goal, 0 MB stacks, 0 MB globals, 16 P
gc 4258 @40.997s 2%: 0.15+0.64+0.048 ms clock, 2.5+0.52/0.89/0.008+0.78 ms cpu, 3->4->2 MB, 4 MB goal, 0 MB stacks, 0 MB globals, 16 P
gc 4259 @40.998s 2%: 0.18+0.51+0.086 ms clock, 2.8+0.47/0.81/0+1.3 ms cpu, 3->4->1 MB, 4 MB goal, 0 MB stacks, 0 MB globals, 16 P
gc 4260 @41.000s 2%: 0.11+0.57+0.062 ms clock, 1.8+0.47/0.94/0.018+1.0 ms cpu, 3->4->1 MB, 4 MB goal, 0 MB stacks, 0 MB globals, 16 P
gc 4261 @41.001s 2%: 0.14+0.55+0.096 ms clock, 2.3+0.63/0.81/0+1.5 ms cpu, 3->4->1 MB, 4 MB goal, 0 MB stacks, 0 MB globals, 16 P
gc 4262 @41.003s 2%: 0.098+0.63+0.088 ms clock, 1.5+0.46/0.89/0.068+1.4 ms cpu, 3->4->1 MB, 4 MB goal, 0 MB stacks, 0 MB globals, 16 P
gc 4263 @41.005s 2%: 0.12+0.61+0.079 ms clock, 1.9+0.48/0.86/0.023+1.2 ms cpu, 3->4->1 MB, 4 MB goal, 0 MB stacks, 0 MB globals, 16 P
gc 4264 @41.007s 2%: 0.13+0.65+0.088 ms clock, 2.1+0.59/0.81/0+1.4 ms cpu, 3->4->2 MB, 4 MB goal, 0 MB stacks, 0 MB globals, 16 P
gc 4265 @41.008s 2%: 0.18+0.56+0.086 ms clock, 2.9+0.70/0.78/0+1.3 ms cpu, 3->4->2 MB, 4 MB goal, 0 MB stacks, 0 MB globals, 16 P
gc 4266 @41.010s 2%: 0.14+0.61+0.089 ms clock, 2.3+0.72/0.90/0+1.4 ms cpu, 3->4->1 MB, 4 MB goal, 0 MB stacks, 0 MB globals, 16 P
gc 4267 @41.012s 2%: 0.12+0.59+0.11 ms clock, 1.9+0.72/0.79/0+1.7 ms cpu, 3->4->1 MB, 4 MB goal, 0 MB stacks, 0 MB globals, 16 P
gc 4268 @41.013s 2%: 0.088+0.47+0.12 ms clock, 1.4+0.56/0.78/0.001+1.9 ms cpu, 3->4->1 MB, 4 MB goal, 0 MB stacks, 0 MB globals, 16 P
gc 4269 @41.015s 2%: 0.14+0.51+0.10 ms clock, 2.2+0.75/0.65/0.010+1.6 ms cpu, 3->4->1 MB, 4 MB goal, 0 MB stacks, 0 MB globals, 16 P
gc 4270 @41.016s 2%: 0.11+0.66+0.057 ms clock, 1.8+0.70/0.71/0.001+0.91 ms cpu, 3->4->1 MB, 4 MB goal, 0 MB stacks, 0 MB globals, 16 P
gc 4271 @41.018s 2%: 0.088+0.53+0.090 ms clock, 1.4+0.55/0.77/0.014+1.4 ms cpu, 3->4->1 MB, 4 MB goal, 0 MB stacks, 0 MB globals, 16 P
gc 4272 @41.020s 2%: 0.10+0.52+0.19 ms clock, 1.7+0.55/0.84/0+3.1 ms cpu, 3->4->1 MB, 4 MB goal, 0 MB stacks, 0 MB globals, 16 P
gc 4273 @41.021s 2%: 0.20+0.62+0.088 ms clock, 3.2+0.56/0.80/0.003+1.4 ms cpu, 3->4->2 MB, 4 MB goal, 0 MB stacks, 0 MB globals, 16 P
gc 4274 @41.023s 2%: 0.14+0.64+0.087 ms clock, 2.2+0.58/0.81/0.056+1.4 ms cpu, 3->4->2 MB, 4 MB goal, 0 MB stacks, 0 MB globals, 16 P
gc 4275 @41.025s 2%: 0.11+0.45+0.12 ms clock, 1.8+0.57/0.75/0+2.0 ms cpu, 3->4->1 MB, 4 MB goal, 0 MB stacks, 0 MB globals, 16 P
gc 4276 @41.027s 2%: 0.11+0.61+0.14 ms clock, 1.8+0.50/0.79/0+2.3 ms cpu, 3->4->2 MB, 4 MB goal, 0 MB stacks, 0 MB globals, 16 P
gc 4277 @41.028s 2%: 0.14+0.56+0.20 ms clock, 2.3+0.61/0.80/0+3.2 ms cpu, 3->4->2 MB, 4 MB goal, 0 MB stacks, 0 MB globals, 16 P
gc 4278 @41.030s 2%: 0.12+0.65+0.10 ms clock, 1.9+0.46/0.90/0+1.6 ms cpu, 3->4->2 MB, 4 MB goal, 0 MB stacks, 0 MB globals, 16 P
gc 4279 @41.032s 2%: 0.14+0.76+0.098 ms clock, 2.2+0.61/0.90/0+1.5 ms cpu, 3->4->2 MB, 4 MB goal, 0 MB stacks, 0 MB globals, 16 P
gc 4280 @41.034s 2%: 0.16+0.56+0.097 ms clock, 2.6+0.54/0.86/0.018+1.5 ms cpu, 3->4->1 MB, 4 MB goal, 0 MB stacks, 0 MB globals, 16 P
gc 4281 @41.036s 2%: 0.097+0.69+0.098 ms clock, 1.5+0.54/0.91/0.007+1.5 ms cpu, 3->4->2 MB, 4 MB goal, 0 MB stacks, 0 MB globals, 16 P
gc 4282 @41.037s 2%: 0.12+0.67+0.095 ms clock, 1.9+0.61/0.69/0+1.5 ms cpu, 3->4->2 MB, 4 MB goal, 0 MB stacks, 0 MB globals, 16 P
gc 4283 @41.039s 2%: 0.14+0.55+0.15 ms clock, 2.2+0.54/0.82/0+2.5 ms cpu, 3->4->2 MB, 4 MB goal, 0 MB stacks, 0 MB globals, 16 P
gc 4284 @41.041s 2%: 0.092+0.67+0.078 ms clock, 1.4+0.58/0.85/0+1.2 ms cpu, 3->4->1 MB, 4 MB goal, 0 MB stacks, 0 MB globals, 16 P
gc 4285 @41.042s 2%: 0.11+0.56+0.12 ms clock, 1.9+0.53/0.76/0+1.9 ms cpu, 3->4->1 MB, 4 MB goal, 0 MB stacks, 0 MB globals, 16 P
gc 4286 @41.044s 2%: 0.11+0.63+0.10 ms clock, 1.9+0.52/0.95/0+1.6 ms cpu, 3->4->2 MB, 4 MB goal, 0 MB stacks, 0 MB globals, 16 P
gc 4287 @41.046s 2%: 0.090+0.59+0.082 ms clock, 1.4+0.45/0.95/0+1.3 ms cpu, 3->4->1 MB, 4 MB goal, 0 MB stacks, 0 MB globals, 16 P
gc 4288 @41.048s 2%: 0.099+0.51+0.077 ms clock, 1.5+0.52/0.87/0.003+1.2 ms cpu, 3->4->1 MB, 4 MB goal, 0 MB stacks, 0 MB globals, 16 P
gc 4289 @41.049s 2%: 0.13+0.56+0.12 ms clock, 2.1+0.53/0.74/0.063+2.0 ms cpu, 3->4->1 MB, 4 MB goal, 0 MB stacks, 0 MB globals, 16 P
gc 4290 @41.051s 2%: 0.13+0.81+0.10 ms clock, 2.0+0.66/0.89/0.014+1.6 ms cpu, 3->4->2 MB, 4 MB goal, 0 MB stacks, 0 MB globals, 16 P
gc 4291 @41.053s 2%: 0.12+0.73+0.095 ms clock, 1.9+0.50/0.85/0.001+1.5 ms cpu, 4->4->2 MB, 4 MB goal, 0 MB stacks, 0 MB globals, 16 P
gc 4292 @41.055s 2%: 0.16+0.51+0.19 ms clock, 2.7+0.66/0.81/0+3.0 ms cpu, 3->4->1 MB, 4 MB goal, 0 MB stacks, 0 MB globals, 16 P
gc 4293 @41.056s 2%: 0.12+0.51+0.083 ms clock, 2.0+0.48/0.81/0.062+1.3 ms cpu, 3->4->1 MB, 4 MB goal, 0 MB stacks, 0 MB globals, 16 P
gc 4294 @41.058s 2%: 0.14+0.54+0.10 ms clock, 2.2+0.63/0.78/0+1.7 ms cpu, 3->4->1 MB, 4 MB goal, 0 MB stacks, 0 MB globals, 16 P
gc 4295 @41.059s 2%: 0.10+0.52+0.19 ms clock, 1.6+0.63/0.78/0+3.1 ms cpu, 3->4->1 MB, 4 MB goal, 0 MB stacks, 0 MB globals, 16 P
gc 4296 @41.061s 2%: 0.12+0.61+0.16 ms clock, 2.0+0.52/0.79/0+2.6 ms cpu, 3->4->1 MB, 4 MB goal, 0 MB stacks, 0 MB globals, 16 P
gc 4297 @41.063s 2%: 0.11+0.61+0.091 ms clock, 1.8+0.67/0.90/0+1.4 ms cpu, 3->4->1 MB, 4 MB goal, 0 MB stacks, 0 MB globals, 16 P
gc 4298 @41.064s 2%: 0.19+0.58+0.093 ms clock, 3.0+0.44/0.86/0+1.4 ms cpu, 3->4->2 MB, 4 MB goal, 0 MB stacks, 0 MB globals, 16 P
gc 4299 @41.066s 2%: 0.16+0.83+0.10 ms clock, 2.6+0.71/0.84/0+1.7 ms cpu, 3->4->2 MB, 4 MB goal, 0 MB stacks, 0 MB globals, 16 P
gc 4300 @41.068s 2%: 0.10+1.0+0.094 ms clock, 1.6+0.66/0.87/0.023+1.5 ms cpu, 4->5->2 MB, 5 MB goal, 0 MB stacks, 0 MB globals, 16 P
gc 4301 @41.071s 2%: 0.13+0.71+0.076 ms clock, 2.1+0.70/0.67/0+1.2 ms cpu, 4->5->2 MB, 5 MB goal, 0 MB stacks, 0 MB globals, 16 P
gc 4302 @41.073s 2%: 0.15+0.54+0.13 ms clock, 2.4+0.72/0.87/0+2.1 ms cpu, 3->4->2 MB, 4 MB goal, 0 MB stacks, 0 MB globals, 16 P
gc 4303 @41.075s 2%: 0.18+0.59+0.14 ms clock, 2.9+0.63/0.81/0+2.3 ms cpu, 3->4->2 MB, 4 MB goal, 0 MB stacks, 0 MB globals, 16 P
gc 4304 @41.076s 2%: 0.12+0.56+0.10 ms clock, 1.9+0.61/0.88/0.005+1.6 ms cpu, 3->4->1 MB, 4 MB goal, 0 MB stacks, 0 MB globals, 16 P
gc 4305 @41.078s 2%: 0.14+0.58+0.093 ms clock, 2.3+0.51/0.90/0+1.4 ms cpu, 3->4->1 MB, 4 MB goal, 0 MB stacks, 0 MB globals, 16 P
gc 4306 @41.080s 2%: 0.10+0.52+0.12 ms clock, 1.7+0.42/0.86/0+1.9 ms cpu, 3->4->1 MB, 4 MB goal, 0 MB stacks, 0 MB globals, 16 P
gc 4307 @41.081s 2%: 0.11+0.62+0.11 ms clock, 1.8+0.59/0.82/0+1.8 ms cpu, 3->4->1 MB, 4 MB goal, 0 MB stacks, 0 MB globals, 16 P
gc 4308 @41.083s 2%: 0.10+0.50+0.096 ms clock, 1.7+0.65/0.80/0+1.5 ms cpu, 3->4->1 MB, 4 MB goal, 0 MB stacks, 0 MB globals, 16 P
gc 4309 @41.085s 2%: 0.14+0.51+0.14 ms clock, 2.3+0.56/0.86/0+2.3 ms cpu, 3->4->1 MB, 4 MB goal, 0 MB stacks, 0 MB globals, 16 P
gc 4310 @41.086s 2%: 0.12+0.57+0.10 ms clock, 1.9+0.68/0.84/0+1.6 ms cpu, 3->4->1 MB, 4 MB goal, 0 MB stacks, 0 MB globals, 16 P
gc 4311 @41.088s 2%: 0.12+0.54+0.11 ms clock, 1.9+0.60/0.88/0+1.8 ms cpu, 3->4->1 MB, 4 MB goal, 0 MB stacks, 0 MB globals, 16 P
gc 4312 @41.089s 2%: 0.098+0.62+0.090 ms clock, 1.5+0.61/0.74/0.032+1.4 ms cpu, 3->4->1 MB, 4 MB goal, 0 MB stacks, 0 MB globals, 16 P
gc 4313 @41.091s 2%: 0.13+0.56+0.14 ms clock, 2.2+0.69/0.79/0+2.3 ms cpu, 3->4->1 MB, 4 MB goal, 0 MB stacks, 0 MB globals, 16 P
gc 4314 @41.093s 2%: 0.10+0.52+0.10 ms clock, 1.7+0.39/0.85/0.026+1.7 ms cpu, 3->4->1 MB, 4 MB goal, 0 MB stacks, 0 MB globals, 16 P
gc 4315 @41.094s 2%: 0.12+0.57+0.12 ms clock, 2.0+0.60/0.94/0+1.9 ms cpu, 3->4->2 MB, 4 MB goal, 0 MB stacks, 0 MB globals, 16 P
gc 4316 @41.096s 2%: 0.093+0.56+0.095 ms clock, 1.4+0.59/0.68/0+1.5 ms cpu, 3->4->1 MB, 4 MB goal, 0 MB stacks, 0 MB globals, 16 P
gc 4317 @41.097s 2%: 0.13+0.50+0.18 ms clock, 2.1+0.56/0.79/0+2.9 ms cpu, 3->4->1 MB, 4 MB goal, 0 MB stacks, 0 MB globals, 16 P
gc 4318 @41.099s 2%: 0.13+0.46+0.15 ms clock, 2.1+0.61/0.69/0+2.4 ms cpu, 3->4->1 MB, 4 MB goal, 0 MB stacks, 0 MB globals, 16 P
gc 4319 @41.101s 2%: 0.11+0.50+0.095 ms clock, 1.7+0.58/0.85/0+1.5 ms cpu, 3->4->1 MB, 4 MB goal, 0 MB stacks, 0 MB globals, 16 P
gc 4320 @41.102s 2%: 0.098+0.65+0.12 ms clock, 1.5+0.52/0.93/0.007+2.0 ms cpu, 3->4->1 MB, 4 MB goal, 0 MB stacks, 0 MB globals, 16 P
gc 4321 @41.104s 2%: 0.10+0.64+0.083 ms clock, 1.7+0.53/0.89/0+1.3 ms cpu, 3->4->1 MB, 4 MB goal, 0 MB stacks, 0 MB globals, 16 P
gc 4322 @41.106s 2%: 0.11+0.51+0.087 ms clock, 1.8+0.66/0.69/0+1.3 ms cpu, 3->4->1 MB, 4 MB goal, 0 MB stacks, 0 MB globals, 16 P
gc 4323 @41.107s 2%: 0.13+0.56+0.097 ms clock, 2.0+0.44/0.77/0.005+1.5 ms cpu, 3->4->1 MB, 4 MB goal, 0 MB stacks, 0 MB globals, 16 P
gc 4324 @41.109s 2%: 0.13+0.41+0.11 ms clock, 2.2+0.57/0.72/0+1.7 ms cpu, 3->4->1 MB, 4 MB goal, 0 MB stacks, 0 MB globals, 16 P
gc 4325 @41.110s 2%: 0.10+0.46+0.084 ms clock, 1.7+0.44/0.77/0+1.3 ms cpu, 3->3->1 MB, 4 MB goal, 0 MB stacks, 0 MB globals, 16 P
gc 4326 @41.112s 2%: 0.15+0.65+0.085 ms clock, 2.5+0.65/0.71/0+1.3 ms cpu, 3->4->2 MB, 4 MB goal, 0 MB stacks, 0 MB globals, 16 P
gc 4327 @41.113s 2%: 0.10+0.49+0.11 ms clock, 1.6+0.38/0.80/0.096+1.8 ms cpu, 3->4->1 MB, 4 MB goal, 0 MB stacks, 0 MB globals, 16 P
gc 4328 @41.115s 2%: 0.16+0.53+0.088 ms clock, 2.5+0.50/0.90/0+1.4 ms cpu, 3->4->1 MB, 4 MB goal, 0 MB stacks, 0 MB globals, 16 P
gc 4329 @41.117s 2%: 0.14+0.53+0.098 ms clock, 2.3+0.54/0.82/0+1.5 ms cpu, 3->4->1 MB, 4 MB goal, 0 MB stacks, 0 MB globals, 16 P
gc 4330 @41.118s 2%: 0.13+0.44+0.089 ms clock, 2.1+0.58/0.70/0.022+1.4 ms cpu, 3->4->1 MB, 4 MB goal, 0 MB stacks, 0 MB globals, 16 P
gc 4331 @41.120s 2%: 0.14+0.66+0.090 ms clock, 2.2+0.69/0.81/0.012+1.4 ms cpu, 3->4->2 MB, 4 MB goal, 0 MB stacks, 0 MB globals, 16 P
gc 4332 @41.121s 2%: 0.14+0.53+0.13 ms clock, 2.3+0.65/0.82/0.002+2.1 ms cpu, 3->4->1 MB, 4 MB goal, 0 MB stacks, 0 MB globals, 16 P
gc 4333 @41.123s 2%: 0.13+0.92+0.10 ms clock, 2.1+0.58/0.77/0+1.6 ms cpu, 3->4->2 MB, 4 MB goal, 0 MB stacks, 0 MB globals, 16 P
gc 4334 @41.125s 2%: 0.10+0.55+0.11 ms clock, 1.7+0.58/0.74/0+1.7 ms cpu, 4->4->1 MB, 5 MB goal, 0 MB stacks, 0 MB globals, 16 P
gc 4335 @41.127s 2%: 0.12+0.58+0.097 ms clock, 2.0+0.72/0.69/0.045+1.5 ms cpu, 3->4->1 MB, 4 MB goal, 0 MB stacks, 0 MB globals, 16 P
gc 4336 @41.128s 2%: 0.12+0.65+0.14 ms clock, 2.0+0.44/0.82/0.10+2.3 ms cpu, 3->4->1 MB, 4 MB goal, 0 MB stacks, 0 MB globals, 16 P
gc 4337 @41.130s 2%: 0.14+0.59+0.17 ms clock, 2.3+0.65/0.93/0+2.7 ms cpu, 3->4->2 MB, 4 MB goal, 0 MB stacks, 0 MB globals, 16 P
gc 4338 @41.132s 2%: 0.11+0.82+0.080 ms clock, 1.8+0.50/1.1/0.020+1.2 ms cpu, 3->4->2 MB, 4 MB goal, 0 MB stacks, 0 MB globals, 16 P
gc 4339 @41.134s 2%: 0.10+0.63+0.080 ms clock, 1.7+0.50/0.83/0+1.2 ms cpu, 3->4->1 MB, 4 MB goal, 0 MB stacks, 0 MB globals, 16 P
gc 4340 @41.135s 2%: 0.11+0.71+0.11 ms clock, 1.8+0.60/0.75/0+1.9 ms cpu, 3->4->2 MB, 4 MB goal, 0 MB stacks, 0 MB globals, 16 P
gc 4341 @41.137s 2%: 0.11+0.50+0.14 ms clock, 1.7+0.65/0.81/0.002+2.3 ms cpu, 3->4->1 MB, 4 MB goal, 0 MB stacks, 0 MB globals, 16 P
gc 4342 @41.139s 2%: 0.14+0.76+0.066 ms clock, 2.2+0.48/0.85/0+1.0 ms cpu, 3->4->2 MB, 4 MB goal, 0 MB stacks, 0 MB globals, 16 P
gc 4343 @41.141s 2%: 0.14+0.51+0.14 ms clock, 2.3+0.62/0.76/0.008+2.3 ms cpu, 3->4->1 MB, 4 MB goal, 0 MB stacks, 0 MB globals, 16 P
gc 4344 @41.143s 2%: 0.11+0.77+0.094 ms clock, 1.8+0.63/0.93/0+1.5 ms cpu, 3->4->2 MB, 4 MB goal, 0 MB stacks, 0 MB globals, 16 P
gc 4345 @41.144s 2%: 0.11+0.55+0.082 ms clock, 1.8+0.53/0.98/0.002+1.3 ms cpu, 3->4->1 MB, 4 MB goal, 0 MB stacks, 0 MB globals, 16 P
gc 4346 @41.146s 2%: 0.12+0.60+0.14 ms clock, 1.9+0.65/0.96/0.039+2.3 ms cpu, 3->4->1 MB, 4 MB goal, 0 MB stacks, 0 MB globals, 16 P
gc 4347 @41.148s 2%: 0.13+0.50+0.17 ms clock, 2.2+0.77/0.80/0+2.8 ms cpu, 3->4->1 MB, 4 MB goal, 0 MB stacks, 0 MB globals, 16 P
gc 4348 @41.149s 2%: 0.15+0.68+0.091 ms clock, 2.4+0.58/0.80/0+1.4 ms cpu, 3->4->2 MB, 4 MB goal, 0 MB stacks, 0 MB globals, 16 P
gc 4349 @41.151s 2%: 0.17+0.74+0.10 ms clock, 2.8+1.0/0.78/0+1.6 ms cpu, 3->4->2 MB, 4 MB goal, 0 MB stacks, 0 MB globals, 16 P
gc 4350 @41.153s 2%: 0.13+0.56+0.11 ms clock, 2.1+0.67/0.70/0.003+1.8 ms cpu, 4->4->1 MB, 4 MB goal, 0 MB stacks, 0 MB globals, 16 P
gc 4351 @41.155s 2%: 0.12+0.54+0.063 ms clock, 1.9+0.48/0.85/0+1.0 ms cpu, 3->4->1 MB, 4 MB goal, 0 MB stacks, 0 MB globals, 16 P
gc 4352 @41.157s 2%: 0.11+0.47+0.063 ms clock, 1.8+0.57/0.78/0+1.0 ms cpu, 3->4->1 MB, 4 MB goal, 0 MB stacks, 0 MB globals, 16 P
gc 4353 @41.158s 2%: 0.17+0.47+0.10 ms clock, 2.8+0.56/0.80/0+1.7 ms cpu, 3->4->1 MB, 4 MB goal, 0 MB stacks, 0 MB globals, 16 P
gc 4354 @41.160s 2%: 0.10+0.51+0.10 ms clock, 1.7+0.53/0.81/0.016+1.7 ms cpu, 3->4->1 MB, 4 MB goal, 0 MB stacks, 0 MB globals, 16 P
gc 4355 @41.161s 2%: 0.11+0.45+0.13 ms clock, 1.8+0.60/0.78/0+2.1 ms cpu, 3->3->1 MB, 4 MB goal, 0 MB stacks, 0 MB globals, 16 P
gc 4356 @41.162s 2%: 0.16+0.52+0.19 ms clock, 2.6+0.57/0.85/0+3.0 ms cpu, 3->4->1 MB, 4 MB goal, 0 MB stacks, 0 MB globals, 16 P
gc 4357 @41.164s 2%: 0.11+0.53+0.088 ms clock, 1.8+0.58/0.87/0.015+1.4 ms cpu, 3->4->1 MB, 4 MB goal, 0 MB stacks, 0 MB globals, 16 P
gc 4358 @41.166s 2%: 0.097+0.56+0.031 ms clock, 1.5+0.63/0.70/0.003+0.50 ms cpu, 3->4->1 MB, 4 MB goal, 0 MB stacks, 0 MB globals, 16 P
gc 4359 @41.167s 2%: 0.14+0.61+0.10 ms clock, 2.2+0.64/0.80/0.055+1.7 ms cpu, 3->4->2 MB, 4 MB goal, 0 MB stacks, 0 MB globals, 16 P
gc 4360 @41.169s 2%: 0.095+0.65+0.093 ms clock, 1.5+0.50/1.0/0.019+1.4 ms cpu, 3->4->1 MB, 4 MB goal, 0 MB stacks, 0 MB globals, 16 P
gc 4361 @41.171s 2%: 0.13+0.48+0.093 ms clock, 2.0+0.50/0.82/0+1.5 ms cpu, 3->4->1 MB, 4 MB goal, 0 MB stacks, 0 MB globals, 16 P
gc 4362 @41.172s 2%: 0.11+0.69+0.087 ms clock, 1.8+0.57/0.78/0+1.3 ms cpu, 3->4->1 MB, 4 MB goal, 0 MB stacks, 0 MB globals, 16 P
gc 4363 @41.174s 2%: 0.13+0.60+0.14 ms clock, 2.0+0.73/0.75/0+2.3 ms cpu, 3->4->1 MB, 4 MB goal, 0 MB stacks, 0 MB globals, 16 P
gc 4364 @41.176s 2%: 0.18+0.72+0.099 ms clock, 2.9+0.58/0.78/0+1.5 ms cpu, 3->4->2 MB, 4 MB goal, 0 MB stacks, 0 MB globals, 16 P
gc 4365 @41.177s 2%: 0.096+0.54+0.050 ms clock, 1.5+0.52/0.79/0.018+0.81 ms cpu, 3->4->1 MB, 4 MB goal, 0 MB stacks, 0 MB globals, 16 P
gc 4366 @41.179s 2%: 0.088+0.58+0.073 ms clock, 1.4+0.60/0.71/0+1.1 ms cpu, 3->4->1 MB, 4 MB goal, 0 MB stacks, 0 MB globals, 16 P
gc 4367 @41.181s 2%: 0.12+0.50+0.16 ms clock, 1.9+0.59/0.79/0+2.5 ms cpu, 3->4->1 MB, 4 MB goal, 0 MB stacks, 0 MB globals, 16 P
gc 4368 @41.182s 2%: 0.081+0.49+0.14 ms clock, 1.2+0.58/0.77/0+2.3 ms cpu, 3->4->1 MB, 4 MB goal, 0 MB stacks, 0 MB globals, 16 P
gc 4369 @41.184s 2%: 0.11+0.53+0.10 ms clock, 1.7+0.60/0.72/0+1.6 ms cpu, 3->4->1 MB, 4 MB goal, 0 MB stacks, 0 MB globals, 16 P
gc 4370 @41.185s 2%: 0.15+0.61+0.090 ms clock, 2.4+0.67/0.79/0.004+1.4 ms cpu, 3->4->2 MB, 4 MB goal, 0 MB stacks, 0 MB globals, 16 P
gc 4371 @41.187s 2%: 0.14+0.52+0.10 ms clock, 2.3+0.50/0.84/0+1.6 ms cpu, 3->4->1 MB, 4 MB goal, 0 MB stacks, 0 MB globals, 16 P
gc 4372 @41.189s 2%: 0.12+0.67+0.10 ms clock, 1.9+0.67/0.84/0+1.7 ms cpu, 3->4->2 MB, 4 MB goal, 0 MB stacks, 0 MB globals, 16 P
gc 4373 @41.191s 2%: 0.081+0.61+0.070 ms clock, 1.3+0.56/0.88/0.034+1.1 ms cpu, 3->4->2 MB, 4 MB goal, 0 MB stacks, 0 MB globals, 16 P
gc 4374 @41.193s 2%: 0.10+0.60+0.10 ms clock, 1.6+0.57/0.90/0+1.6 ms cpu, 3->4->1 MB, 4 MB goal, 0 MB stacks, 0 MB globals, 16 P
gc 4375 @41.194s 2%: 0.13+0.51+0.10 ms clock, 2.1+0.61/0.76/0+1.6 ms cpu, 3->4->1 MB, 4 MB goal, 0 MB stacks, 0 MB globals, 16 P
gc 4376 @41.196s 2%: 0.12+0.48+0.13 ms clock, 2.0+0.59/0.92/0.007+2.2 ms cpu, 3->4->1 MB, 4 MB goal, 0 MB stacks, 0 MB globals, 16 P
gc 4377 @41.197s 2%: 0.11+0.49+0.12 ms clock, 1.8+0.60/0.77/0+1.9 ms cpu, 3->4->1 MB, 4 MB goal, 0 MB stacks, 0 MB globals, 16 P
gc 4378 @41.199s 2%: 0.073+0.62+0.045 ms clock, 1.1+0.46/0.97/0+0.72 ms cpu, 3->4->1 MB, 4 MB goal, 0 MB stacks, 0 MB globals, 16 P
gc 4379 @41.200s 2%: 0.11+0.62+0.11 ms clock, 1.8+0.61/0.75/0.024+1.8 ms cpu, 3->4->1 MB, 4 MB goal, 0 MB stacks, 0 MB globals, 16 P
gc 4380 @41.202s 2%: 0.15+0.67+0.11 ms clock, 2.5+0.63/0.91/0+1.8 ms cpu, 3->4->2 MB, 4 MB goal, 0 MB stacks, 0 MB globals, 16 P
gc 4381 @41.204s 2%: 0.14+0.39+0.15 ms clock, 2.2+0.49/0.69/0.072+2.5 ms cpu, 3->4->1 MB, 4 MB goal, 0 MB stacks, 0 MB globals, 16 P
gc 4382 @41.206s 2%: 0.12+0.62+0.12 ms clock, 1.9+0.56/1.0/0.003+2.0 ms cpu, 3->4->2 MB, 4 MB goal, 0 MB stacks, 0 MB globals, 16 P
gc 4383 @41.207s 2%: 0.099+0.44+0.11 ms clock, 1.5+0.51/0.73/0.061+1.7 ms cpu, 3->4->1 MB, 4 MB goal, 0 MB stacks, 0 MB globals, 16 P
gc 4384 @41.209s 2%: 0.14+0.40+0.19 ms clock, 2.3+0.66/0.83/0+3.0 ms cpu, 3->3->1 MB, 4 MB goal, 0 MB stacks, 0 MB globals, 16 P
gc 4385 @41.210s 2%: 0.10+0.46+0.099 ms clock, 1.7+0.54/0.80/0+1.5 ms cpu, 3->3->1 MB, 4 MB goal, 0 MB stacks, 0 MB globals, 16 P
gc 4386 @41.211s 2%: 0.13+0.51+0.11 ms clock, 2.1+0.56/0.78/0+1.8 ms cpu, 3->3->1 MB, 4 MB goal, 0 MB stacks, 0 MB globals, 16 P
gc 4387 @41.213s 2%: 0.19+0.59+0.11 ms clock, 3.0+0.56/0.79/0.005+1.9 ms cpu, 3->4->1 MB, 4 MB goal, 0 MB stacks, 0 MB globals, 16 P
gc 4388 @41.215s 2%: 0.21+0.37+0.16 ms clock, 3.4+0.58/0.67/0.072+2.6 ms cpu, 3->3->1 MB, 4 MB goal, 0 MB stacks, 0 MB globals, 16 P
gc 4389 @41.216s 2%: 0.14+0.51+0.096 ms clock, 2.3+0.65/0.87/0+1.5 ms cpu, 3->3->1 MB, 4 MB goal, 0 MB stacks, 0 MB globals, 16 P
gc 4390 @41.217s 2%: 0.12+0.69+0.10 ms clock, 2.0+0.58/0.77/0.025+1.7 ms cpu, 3->4->1 MB, 4 MB goal, 0 MB stacks, 0 MB globals, 16 P
gc 4391 @41.219s 2%: 0.12+0.47+0.11 ms clock, 2.0+0.54/0.78/0+1.9 ms cpu, 3->4->1 MB, 4 MB goal, 0 MB stacks, 0 MB globals, 16 P
gc 4392 @41.221s 2%: 0.20+0.67+0.085 ms clock, 3.2+0.71/0.88/0+1.3 ms cpu, 3->4->2 MB, 4 MB goal, 0 MB stacks, 0 MB globals, 16 P
gc 4393 @41.223s 2%: 0.094+0.59+0.10 ms clock, 1.5+0.55/0.78/0+1.6 ms cpu, 3->4->1 MB, 4 MB goal, 0 MB stacks, 0 MB globals, 16 P
gc 4394 @41.224s 2%: 0.17+0.62+0.082 ms clock, 2.7+0.65/0.88/0+1.3 ms cpu, 3->4->2 MB, 4 MB goal, 0 MB stacks, 0 MB globals, 16 P
gc 4395 @41.226s 2%: 0.14+0.52+0.091 ms clock, 2.2+0.62/0.84/0+1.4 ms cpu, 3->4->1 MB, 4 MB goal, 0 MB stacks, 0 MB globals, 16 P
gc 4396 @41.228s 2%: 0.10+0.66+0.10 ms clock, 1.6+0.55/0.96/0.004+1.7 ms cpu, 3->4->2 MB, 4 MB goal, 0 MB stacks, 0 MB globals, 16 P
gc 4397 @41.229s 2%: 0.10+0.63+0.11 ms clock, 1.6+0.68/0.89/0+1.7 ms cpu, 3->4->1 MB, 4 MB goal, 0 MB stacks, 0 MB globals, 16 P
gc 4398 @41.231s 2%: 0.12+0.61+0.081 ms clock, 2.0+0.58/0.67/0.047+1.3 ms cpu, 3->4->1 MB, 4 MB goal, 0 MB stacks, 0 MB globals, 16 P
gc 4399 @41.233s 2%: 0.16+0.57+0.089 ms clock, 2.6+0.63/0.84/0+1.4 ms cpu, 3->4->2 MB, 4 MB goal, 0 MB stacks, 0 MB globals, 16 P
gc 4400 @41.235s 2%: 0.17+0.53+0.096 ms clock, 2.8+0.65/0.74/0.032+1.5 ms cpu, 3->4->1 MB, 4 MB goal, 0 MB stacks, 0 MB globals, 16 P
gc 4401 @41.236s 2%: 0.16+0.46+0.17 ms clock, 2.6+0.71/0.80/0+2.7 ms cpu, 3->4->1 MB, 4 MB goal, 0 MB stacks, 0 MB globals, 16 P
gc 4402 @41.238s 2%: 0.11+0.56+0.094 ms clock, 1.8+0.56/0.88/0.003+1.5 ms cpu, 3->4->2 MB, 4 MB goal, 0 MB stacks, 0 MB globals, 16 P
gc 4403 @41.239s 2%: 0.13+0.53+0.13 ms clock, 2.0+0.68/0.89/0+2.1 ms cpu, 3->4->1 MB, 4 MB goal, 0 MB stacks, 0 MB globals, 16 P
gc 4404 @41.241s 2%: 0.095+0.57+0.12 ms clock, 1.5+0.49/0.81/0.034+1.9 ms cpu, 3->4->1 MB, 4 MB goal, 0 MB stacks, 0 MB globals, 16 P
gc 4405 @41.243s 2%: 0.10+0.58+0.095 ms clock, 1.6+0.64/0.80/0+1.5 ms cpu, 3->4->1 MB, 4 MB goal, 0 MB stacks, 0 MB globals, 16 P
gc 4406 @41.244s 2%: 0.10+0.66+0.078 ms clock, 1.6+0.46/0.86/0+1.2 ms cpu, 3->4->1 MB, 4 MB goal, 0 MB stacks, 0 MB globals, 16 P
gc 4407 @41.246s 2%: 0.11+0.65+0.10 ms clock, 1.7+0.45/0.88/0.007+1.6 ms cpu, 3->4->2 MB, 4 MB goal, 0 MB stacks, 0 MB globals, 16 P
gc 4408 @41.248s 2%: 0.14+0.64+0.062 ms clock, 2.3+0.57/0.76/0.011+0.99 ms cpu, 3->4->2 MB, 4 MB goal, 0 MB stacks, 0 MB globals, 16 P
gc 4409 @41.249s 2%: 0.13+0.47+0.11 ms clock, 2.0+0.53/0.61/0.095+1.8 ms cpu, 3->4->1 MB, 4 MB goal, 0 MB stacks, 0 MB globals, 16 P
gc 4410 @41.251s 2%: 0.17+0.64+0.12 ms clock, 2.8+0.68/0.90/0.046+1.9 ms cpu, 3->4->2 MB, 4 MB goal, 0 MB stacks, 0 MB globals, 16 P
gc 4411 @41.253s 2%: 0.15+0.58+0.095 ms clock, 2.4+0.70/0.67/0+1.5 ms cpu, 3->4->1 MB, 4 MB goal, 0 MB stacks, 0 MB globals, 16 P
gc 4412 @41.255s 2%: 0.15+0.62+0.098 ms clock, 2.4+0.48/0.76/0.012+1.5 ms cpu, 3->4->2 MB, 4 MB goal, 0 MB stacks, 0 MB globals, 16 P
gc 4413 @41.256s 2%: 0.13+0.53+0.11 ms clock, 2.2+0.74/0.88/0+1.7 ms cpu, 3->4->1 MB, 4 MB goal, 0 MB stacks, 0 MB globals, 16 P
gc 4414 @41.258s 2%: 0.15+0.62+0.11 ms clock, 2.4+0.52/0.77/0.004+1.9 ms cpu, 3->4->2 MB, 4 MB goal, 0 MB stacks, 0 MB globals, 16 P
gc 4415 @41.260s 2%: 0.14+0.52+0.19 ms clock, 2.3+0.85/0.77/0+3.0 ms cpu, 3->4->1 MB, 4 MB goal, 0 MB stacks, 0 MB globals, 16 P
gc 4416 @41.261s 2%: 0.14+0.66+0.091 ms clock, 2.2+0.65/0.77/0+1.4 ms cpu, 3->4->2 MB, 4 MB goal, 0 MB stacks, 0 MB globals, 16 P
gc 4417 @41.263s 2%: 0.13+0.61+0.071 ms clock, 2.2+0.60/0.99/0+1.1 ms cpu, 3->4->1 MB, 4 MB goal, 0 MB stacks, 0 MB globals, 16 P
gc 4418 @41.265s 2%: 0.10+0.58+0.10 ms clock, 1.7+0.52/0.90/0.009+1.7 ms cpu, 3->4->1 MB, 4 MB goal, 0 MB stacks, 0 MB globals, 16 P
gc 4419 @41.267s 2%: 0.13+0.59+0.10 ms clock, 2.1+0.61/0.93/0+1.6 ms cpu, 3->4->2 MB, 4 MB goal, 0 MB stacks, 0 MB globals, 16 P
gc 4420 @41.268s 2%: 0.13+0.60+0.086 ms clock, 2.1+0.69/0.78/0.008+1.3 ms cpu, 3->4->1 MB, 4 MB goal, 0 MB stacks, 0 MB globals, 16 P
gc 4421 @41.270s 2%: 0.17+0.49+0.13 ms clock, 2.7+0.78/0.77/0+2.1 ms cpu, 3->4->1 MB, 4 MB goal, 0 MB stacks, 0 MB globals, 16 P
gc 4422 @41.272s 2%: 0.10+0.43+0.12 ms clock, 1.6+0.61/0.69/0.020+1.9 ms cpu, 3->3->1 MB, 4 MB goal, 0 MB stacks, 0 MB globals, 16 P
gc 4423 @41.273s 2%: 0.10+0.57+0.12 ms clock, 1.6+0.41/0.86/0+2.0 ms cpu, 3->4->1 MB, 4 MB goal, 0 MB stacks, 0 MB globals, 16 P
gc 4424 @41.275s 2%: 0.17+0.52+0.11 ms clock, 2.7+0.40/0.84/0.026+1.8 ms cpu, 3->4->1 MB, 4 MB goal, 0 MB stacks, 0 MB globals, 16 P
gc 4425 @41.276s 2%: 0.11+0.52+0.17 ms clock, 1.7+0.56/0.84/0.018+2.7 ms cpu, 3->4->1 MB, 4 MB goal, 0 MB stacks, 0 MB globals, 16 P
gc 4426 @41.278s 2%: 0.16+0.48+0.18 ms clock, 2.5+0.69/0.73/0+2.8 ms cpu, 3->4->1 MB, 4 MB goal, 0 MB stacks, 0 MB globals, 16 P
gc 4427 @41.280s 2%: 0.10+0.53+0.10 ms clock, 1.7+0.66/0.83/0.002+1.6 ms cpu, 3->4->1 MB, 4 MB goal, 0 MB stacks, 0 MB globals, 16 P
gc 4428 @41.281s 2%: 0.15+0.61+0.10 ms clock, 2.4+0.56/0.87/0+1.7 ms cpu, 3->4->1 MB, 4 MB goal, 0 MB stacks, 0 MB globals, 16 P
gc 4429 @41.283s 2%: 0.10+0.54+0.12 ms clock, 1.7+0.55/0.91/0.002+1.9 ms cpu, 3->4->1 MB, 4 MB goal, 0 MB stacks, 0 MB globals, 16 P
gc 4430 @41.284s 2%: 0.098+0.73+0.034 ms clock, 1.5+0.46/0.88/0.008+0.55 ms cpu, 3->4->1 MB, 4 MB goal, 0 MB stacks, 0 MB globals, 16 P
gc 4431 @41.286s 2%: 0.15+0.56+0.17 ms clock, 2.5+0.70/0.70/0+2.7 ms cpu, 3->4->2 MB, 4 MB goal, 0 MB stacks, 0 MB globals, 16 P
gc 4432 @41.288s 2%: 0.16+0.59+0.12 ms clock, 2.6+0.67/0.89/0+1.9 ms cpu, 3->4->1 MB, 4 MB goal, 0 MB stacks, 0 MB globals, 16 P
gc 4433 @41.289s 2%: 0.11+0.52+0.090 ms clock, 1.7+0.46/0.89/0.001+1.4 ms cpu, 3->4->1 MB, 4 MB goal, 0 MB stacks, 0 MB globals, 16 P
gc 4434 @41.291s 2%: 0.14+0.59+0.16 ms clock, 2.2+0.58/0.75/0.059+2.6 ms cpu, 3->4->1 MB, 4 MB goal, 0 MB stacks, 0 MB globals, 16 P
gc 4435 @41.292s 2%: 0.16+0.61+0.081 ms clock, 2.5+0.65/0.78/0+1.3 ms cpu, 3->4->2 MB, 4 MB goal, 0 MB stacks, 0 MB globals, 16 P
gc 4436 @41.294s 2%: 0.12+0.59+0.10 ms clock, 2.0+0.56/0.88/0+1.6 ms cpu, 3->4->1 MB, 4 MB goal, 0 MB stacks, 0 MB globals, 16 P
gc 4437 @41.296s 2%: 0.17+0.52+0.10 ms clock, 2.8+0.65/0.85/0+1.6 ms cpu, 3->4->1 MB, 4 MB goal, 0 MB stacks, 0 MB globals, 16 P
gc 4438 @41.298s 2%: 0.10+0.49+0.10 ms clock, 1.6+0.54/0.86/0+1.6 ms cpu, 3->4->1 MB, 4 MB goal, 0 MB stacks, 0 MB globals, 16 P
gc 4439 @41.299s 2%: 0.10+0.63+0.094 ms clock, 1.7+0.57/0.81/0+1.5 ms cpu, 3->4->1 MB, 4 MB goal, 0 MB stacks, 0 MB globals, 16 P
gc 4440 @41.301s 2%: 0.12+0.52+0.13 ms clock, 2.0+0.64/0.79/0+2.1 ms cpu, 3->4->1 MB, 4 MB goal, 0 MB stacks, 0 MB globals, 16 P
gc 4441 @41.302s 2%: 0.12+0.65+0.10 ms clock, 1.9+0.52/0.82/0+1.6 ms cpu, 3->4->2 MB, 4 MB goal, 0 MB stacks, 0 MB globals, 16 P
gc 4442 @41.304s 2%: 0.091+0.59+0.065 ms clock, 1.4+0.41/1.0/0.014+1.0 ms cpu, 3->4->1 MB, 4 MB goal, 0 MB stacks, 0 MB globals, 16 P
gc 4443 @41.306s 2%: 0.12+0.61+0.074 ms clock, 2.0+0.57/0.77/0+1.1 ms cpu, 3->4->1 MB, 4 MB goal, 0 MB stacks, 0 MB globals, 16 P
gc 4444 @41.307s 2%: 0.10+0.45+0.096 ms clock, 1.6+0.67/0.58/0.070+1.5 ms cpu, 3->4->1 MB, 4 MB goal, 0 MB stacks, 0 MB globals, 16 P
gc 4445 @41.309s 2%: 0.11+0.45+0.10 ms clock, 1.8+0.61/0.72/0+1.6 ms cpu, 3->3->1 MB, 4 MB goal, 0 MB stacks, 0 MB globals, 16 P
gc 4446 @41.310s 2%: 0.12+0.54+0.088 ms clock, 1.9+0.53/0.83/0+1.4 ms cpu, 3->4->1 MB, 4 MB goal, 0 MB stacks, 0 MB globals, 16 P
gc 4447 @41.312s 2%: 0.13+0.53+0.21 ms clock, 2.1+0.58/0.83/0+3.3 ms cpu, 3->4->1 MB, 4 MB goal, 0 MB stacks, 0 MB globals, 16 P
gc 4448 @41.313s 2%: 0.12+0.51+0.12 ms clock, 1.9+0.65/0.82/0+1.9 ms cpu, 3->4->1 MB, 4 MB goal, 0 MB stacks, 0 MB globals, 16 P
gc 4449 @41.315s 2%: 0.14+0.59+0.15 ms clock, 2.2+0.61/0.79/0.003+2.4 ms cpu, 3->4->1 MB, 4 MB goal, 0 MB stacks, 0 MB globals, 16 P
gc 4450 @41.317s 2%: 0.12+0.46+0.093 ms clock, 2.0+0.57/0.83/0+1.5 ms cpu, 3->4->1 MB, 4 MB goal, 0 MB stacks, 0 MB globals, 16 P
gc 4451 @41.318s 2%: 0.10+0.55+0.093 ms clock, 1.6+0.56/0.89/0.004+1.4 ms cpu, 3->3->1 MB, 4 MB goal, 0 MB stacks, 0 MB globals, 16 P
gc 4452 @41.319s 2%: 0.10+0.48+0.12 ms clock, 1.7+0.46/0.79/0+2.0 ms cpu, 3->4->1 MB, 4 MB goal, 0 MB stacks, 0 MB globals, 16 P
gc 4453 @41.321s 2%: 0.12+0.64+0.045 ms clock, 1.9+0.61/0.92/0+0.72 ms cpu, 3->4->1 MB, 4 MB goal, 0 MB stacks, 0 MB globals, 16 P
gc 4454 @41.323s 2%: 0.090+0.45+0.085 ms clock, 1.4+0.45/0.82/0+1.3 ms cpu, 3->4->1 MB, 4 MB goal, 0 MB stacks, 0 MB globals, 16 P
gc 4455 @41.324s 2%: 0.12+0.59+0.073 ms clock, 1.9+0.47/0.72/0.024+1.1 ms cpu, 3->3->1 MB, 4 MB goal, 0 MB stacks, 0 MB globals, 16 P
gc 4456 @41.326s 2%: 0.13+0.59+0.16 ms clock, 2.1+0.64/0.76/0+2.6 ms cpu, 3->4->1 MB, 4 MB goal, 0 MB stacks, 0 MB globals, 16 P
gc 4457 @41.327s 2%: 0.11+0.69+0.11 ms clock, 1.7+0.66/0.74/0+1.8 ms cpu, 3->4->2 MB, 4 MB goal, 0 MB stacks, 0 MB globals, 16 P
gc 4458 @41.329s 2%: 0.11+0.72+0.089 ms clock, 1.9+0.44/0.91/0.012+1.4 ms cpu, 3->4->2 MB, 4 MB goal, 0 MB stacks, 0 MB globals, 16 P
gc 4459 @41.331s 2%: 0.12+0.58+0.12 ms clock, 1.9+0.58/0.78/0.022+2.0 ms cpu, 3->4->1 MB, 4 MB goal, 0 MB stacks, 0 MB globals, 16 P
gc 4460 @41.333s 2%: 0.10+0.63+0.082 ms clock, 1.7+0.52/0.85/0.023+1.3 ms cpu, 3->4->1 MB, 4 MB goal, 0 MB stacks, 0 MB globals, 16 P
gc 4461 @41.334s 2%: 0.18+0.67+0.11 ms clock, 3.0+0.56/0.88/0+1.7 ms cpu, 3->4->2 MB, 4 MB goal, 0 MB stacks, 0 MB globals, 16 P
gc 4462 @41.336s 2%: 0.15+0.58+0.12 ms clock, 2.5+0.59/0.82/0+1.9 ms cpu, 3->4->2 MB, 4 MB goal, 0 MB stacks, 0 MB globals, 16 P
gc 4463 @41.338s 2%: 0.11+0.45+0.087 ms clock, 1.8+0.62/0.72/0+1.4 ms cpu, 3->4->1 MB, 4 MB goal, 0 MB stacks, 0 MB globals, 16 P
gc 4464 @41.339s 2%: 0.17+0.64+0.094 ms clock, 2.7+0.75/0.71/0+1.5 ms cpu, 3->3->1 MB, 4 MB goal, 0 MB stacks, 0 MB globals, 16 P
gc 4465 @41.341s 2%: 0.12+0.62+0.077 ms clock, 2.0+0.53/0.94/0.003+1.2 ms cpu, 3->4->1 MB, 4 MB goal, 0 MB stacks, 0 MB globals, 16 P
gc 4466 @41.342s 2%: 0.13+0.54+0.12 ms clock, 2.1+0.55/0.80/0+2.0 ms cpu, 3->4->1 MB, 4 MB goal, 0 MB stacks, 0 MB globals, 16 P
gc 4467 @41.344s 2%: 0.10+0.58+0.095 ms clock, 1.7+0.58/0.82/0+1.5 ms cpu, 3->4->1 MB, 4 MB goal, 0 MB stacks, 0 MB globals, 16 P
gc 4468 @41.346s 2%: 0.12+0.64+0.093 ms clock, 1.9+0.53/0.72/0.047+1.4 ms cpu, 3->4->1 MB, 4 MB goal, 0 MB stacks, 0 MB globals, 16 P
gc 4469 @41.347s 2%: 0.11+0.63+0.092 ms clock, 1.9+0.51/0.78/0+1.4 ms cpu, 3->4->2 MB, 4 MB goal, 0 MB stacks, 0 MB globals, 16 P
gc 4470 @41.349s 2%: 0.15+0.49+0.11 ms clock, 2.5+0.67/0.82/0.005+1.8 ms cpu, 3->4->1 MB, 4 MB goal, 0 MB stacks, 0 MB globals, 16 P
gc 4471 @41.351s 2%: 0.19+0.49+0.11 ms clock, 3.0+0.58/0.86/0+1.8 ms cpu, 3->4->1 MB, 4 MB goal, 0 MB stacks, 0 MB globals, 16 P
gc 4472 @41.352s 2%: 0.11+0.54+0.13 ms clock, 1.8+0.53/0.79/0+2.2 ms cpu, 3->4->1 MB, 4 MB goal, 0 MB stacks, 0 MB globals, 16 P
gc 4473 @41.354s 2%: 0.13+0.74+0.098 ms clock, 2.2+0.62/0.78/0+1.5 ms cpu, 3->4->2 MB, 4 MB goal, 0 MB stacks, 0 MB globals, 16 P
gc 4474 @41.356s 2%: 0.10+0.47+0.093 ms clock, 1.6+0.54/0.86/0+1.4 ms cpu, 3->4->1 MB, 4 MB goal, 0 MB stacks, 0 MB globals, 16 P
gc 4475 @41.357s 2%: 0.18+0.62+0.12 ms clock, 3.0+0.89/0.80/0+1.9 ms cpu, 3->4->2 MB, 4 MB goal, 0 MB stacks, 0 MB globals, 16 P
gc 4476 @41.359s 2%: 0.13+0.79+0.15 ms clock, 2.1+0.61/0.77/0+2.5 ms cpu, 3->4->2 MB, 4 MB goal, 0 MB stacks, 0 MB globals, 16 P
gc 4477 @41.361s 2%: 0.10+0.68+0.089 ms clock, 1.6+0.52/0.82/0+1.4 ms cpu, 3->4->2 MB, 4 MB goal, 0 MB stacks, 0 MB globals, 16 P
gc 4478 @41.363s 2%: 0.16+0.71+0.092 ms clock, 2.6+0.61/0.97/0+1.4 ms cpu, 3->4->2 MB, 4 MB goal, 0 MB stacks, 0 MB globals, 16 P
gc 4479 @41.365s 2%: 0.12+0.56+0.084 ms clock, 1.9+0.61/0.87/0+1.3 ms cpu, 3->4->1 MB, 4 MB goal, 0 MB stacks, 0 MB globals, 16 P
gc 4480 @41.366s 2%: 0.14+0.57+0.090 ms clock, 2.3+0.56/0.84/0+1.4 ms cpu, 3->4->1 MB, 4 MB goal, 0 MB stacks, 0 MB globals, 16 P
gc 4481 @41.368s 2%: 0.14+0.64+0.087 ms clock, 2.2+0.51/0.87/0+1.3 ms cpu, 3->4->2 MB, 4 MB goal, 0 MB stacks, 0 MB globals, 16 P
gc 4482 @41.370s 2%: 0.12+0.55+0.10 ms clock, 2.0+0.52/0.84/0+1.6 ms cpu, 3->4->1 MB, 4 MB goal, 0 MB stacks, 0 MB globals, 16 P
gc 4483 @41.372s 2%: 0.14+0.65+0.11 ms clock, 2.2+0.49/0.80/0+1.7 ms cpu, 3->4->2 MB, 4 MB goal, 0 MB stacks, 0 MB globals, 16 P
gc 4484 @41.373s 2%: 0.17+0.55+0.11 ms clock, 2.7+0.55/0.76/0.032+1.8 ms cpu, 3->4->1 MB, 4 MB goal, 0 MB stacks, 0 MB globals, 16 P
gc 4485 @41.375s 2%: 0.13+0.51+0.10 ms clock, 2.1+0.53/0.83/0+1.7 ms cpu, 3->4->1 MB, 4 MB goal, 0 MB stacks, 0 MB globals, 16 P
gc 4486 @41.377s 2%: 0.10+0.82+0.10 ms clock, 1.7+0.60/0.89/0+1.6 ms cpu, 3->4->2 MB, 4 MB goal, 0 MB stacks, 0 MB globals, 16 P
gc 4487 @41.379s 2%: 0.13+0.51+0.10 ms clock, 2.1+0.46/0.84/0.036+1.7 ms cpu, 4->4->1 MB, 4 MB goal, 0 MB stacks, 0 MB globals, 16 P
gc 4488 @41.380s 2%: 0.10+0.61+0.097 ms clock, 1.6+0.69/0.63/0.071+1.5 ms cpu, 3->4->1 MB, 4 MB goal, 0 MB stacks, 0 MB globals, 16 P
gc 4489 @41.382s 2%: 0.12+0.54+0.12 ms clock, 1.9+0.58/0.79/0.049+1.9 ms cpu, 3->4->1 MB, 4 MB goal, 0 MB stacks, 0 MB globals, 16 P
gc 4490 @41.383s 2%: 0.14+0.60+0.14 ms clock, 2.3+0.67/0.87/0+2.2 ms cpu, 3->4->2 MB, 4 MB goal, 0 MB stacks, 0 MB globals, 16 P
gc 4491 @41.385s 2%: 0.11+0.82+0.064 ms clock, 1.8+0.60/0.92/0.041+1.0 ms cpu, 3->4->2 MB, 4 MB goal, 0 MB stacks, 0 MB globals, 16 P
gc 4492 @41.387s 2%: 0.14+0.92+0.10 ms clock, 2.3+0.46/0.82/0+1.6 ms cpu, 3->4->2 MB, 4 MB goal, 0 MB stacks, 0 MB globals, 16 P
gc 4493 @41.389s 2%: 0.11+0.43+0.088 ms clock, 1.7+0.55/0.74/0.016+1.4 ms cpu, 4->4->1 MB, 4 MB goal, 0 MB stacks, 0 MB globals, 16 P
gc 4494 @41.391s 2%: 0.19+0.47+0.18 ms clock, 3.1+0.63/0.76/0+2.9 ms cpu, 3->3->1 MB, 4 MB goal, 0 MB stacks, 0 MB globals, 16 P
gc 4495 @41.392s 2%: 0.15+0.56+0.089 ms clock, 2.5+0.59/0.79/0+1.4 ms cpu, 3->4->2 MB, 4 MB goal, 0 MB stacks, 0 MB globals, 16 P
gc 4496 @41.394s 2%: 0.096+0.61+0.093 ms clock, 1.5+0.41/0.78/0+1.5 ms cpu, 3->4->1 MB, 4 MB goal, 0 MB stacks, 0 MB globals, 16 P
gc 4497 @41.396s 2%: 0.12+0.44+0.17 ms clock, 1.9+0.40/0.68/0.17+2.8 ms cpu, 3->4->1 MB, 4 MB goal, 0 MB stacks, 0 MB globals, 16 P
gc 4498 @41.397s 2%: 0.16+0.67+0.14 ms clock, 2.6+0.54/0.72/0+2.3 ms cpu, 3->4->2 MB, 4 MB goal, 0 MB stacks, 0 MB globals, 16 P
gc 4499 @41.399s 2%: 0.11+0.61+0.15 ms clock, 1.8+0.59/0.75/0+2.4 ms cpu, 3->4->1 MB, 4 MB goal, 0 MB stacks, 0 MB globals, 16 P
gc 4500 @41.401s 2%: 0.10+0.62+0.17 ms clock, 1.7+0.69/0.88/0+2.7 ms cpu, 3->4->2 MB, 4 MB goal, 0 MB stacks, 0 MB globals, 16 P
gc 4501 @41.403s 2%: 0.12+0.53+0.10 ms clock, 2.0+0.51/0.85/0.003+1.6 ms cpu, 3->4->1 MB, 4 MB goal, 0 MB stacks, 0 MB globals, 16 P
gc 4502 @41.404s 2%: 0.15+0.50+0.11 ms clock, 2.4+0.61/0.78/0+1.8 ms cpu, 3->4->1 MB, 4 MB goal, 0 MB stacks, 0 MB globals, 16 P
gc 4503 @41.406s 2%: 0.12+0.65+0.091 ms clock, 2.0+0.59/0.99/0.009+1.4 ms cpu, 3->4->1 MB, 4 MB goal, 0 MB stacks, 0 MB globals, 16 P
gc 4504 @41.408s 2%: 0.13+0.45+0.17 ms clock, 2.2+0.50/0.69/0.14+2.7 ms cpu, 3->4->1 MB, 4 MB goal, 0 MB stacks, 0 MB globals, 16 P
gc 4505 @41.409s 2%: 0.12+0.51+0.14 ms clock, 2.0+0.51/0.75/0.030+2.2 ms cpu, 3->4->1 MB, 4 MB goal, 0 MB stacks, 0 MB globals, 16 P
gc 4506 @41.411s 2%: 0.11+0.53+0.16 ms clock, 1.8+0.58/0.78/0+2.6 ms cpu, 3->4->2 MB, 4 MB goal, 0 MB stacks, 0 MB globals, 16 P
gc 4507 @41.412s 2%: 0.14+0.69+0.098 ms clock, 2.3+0.58/0.92/0.001+1.5 ms cpu, 3->4->2 MB, 4 MB goal, 0 MB stacks, 0 MB globals, 16 P
gc 4508 @41.414s 2%: 0.16+0.51+0.14 ms clock, 2.6+0.71/0.73/0+2.3 ms cpu, 3->4->1 MB, 4 MB goal, 0 MB stacks, 0 MB globals, 16 P
gc 4509 @41.416s 2%: 0.12+0.57+0.13 ms clock, 2.0+0.66/0.72/0+2.1 ms cpu, 3->4->1 MB, 4 MB goal, 0 MB stacks, 0 MB globals, 16 P
gc 4510 @41.418s 2%: 0.12+0.48+0.094 ms clock, 1.9+0.56/0.77/0.045+1.5 ms cpu, 3->4->1 MB, 4 MB goal, 0 MB stacks, 0 MB globals, 16 P
gc 4511 @41.419s 2%: 0.15+0.43+0.11 ms clock, 2.4+0.67/0.65/0+1.8 ms cpu, 3->3->1 MB, 4 MB goal, 0 MB stacks, 0 MB globals, 16 P
gc 4512 @41.421s 2%: 0.10+0.63+0.10 ms clock, 1.7+0.53/0.71/0+1.6 ms cpu, 3->4->1 MB, 4 MB goal, 0 MB stacks, 0 MB globals, 16 P
gc 4513 @41.422s 2%: 0.13+0.63+0.10 ms clock, 2.1+0.63/0.85/0.002+1.6 ms cpu, 3->4->2 MB, 4 MB goal, 0 MB stacks, 0 MB globals, 16 P
gc 4514 @41.424s 2%: 0.083+0.45+0.12 ms clock, 1.3+0.62/0.79/0+2.0 ms cpu, 3->4->1 MB, 4 MB goal, 0 MB stacks, 0 MB globals, 16 P
gc 4515 @41.426s 2%: 0.12+0.58+0.10 ms clock, 1.9+0.58/0.79/0+1.6 ms cpu, 3->4->1 MB, 4 MB goal, 0 MB stacks, 0 MB globals, 16 P
gc 4516 @41.427s 2%: 0.14+0.61+0.066 ms clock, 2.2+0.61/0.79/0+1.0 ms cpu, 3->4->2 MB, 4 MB goal, 0 MB stacks, 0 MB globals, 16 P
gc 4517 @41.429s 2%: 0.11+0.59+0.067 ms clock, 1.8+0.47/0.75/0+1.0 ms cpu, 3->4->1 MB, 4 MB goal, 0 MB stacks, 0 MB globals, 16 P
gc 4518 @41.431s 2%: 0.088+0.57+0.091 ms clock, 1.4+0.45/0.89/0.070+1.4 ms cpu, 3->4->1 MB, 4 MB goal, 0 MB stacks, 0 MB globals, 16 P
gc 4519 @41.432s 2%: 0.14+0.56+0.094 ms clock, 2.2+0.54/0.72/0+1.5 ms cpu, 3->4->1 MB, 4 MB goal, 0 MB stacks, 0 MB globals, 16 P
gc 4520 @41.434s 2%: 0.11+0.74+0.083 ms clock, 1.8+0.79/0.88/0.023+1.3 ms cpu, 3->4->2 MB, 4 MB goal, 0 MB stacks, 0 MB globals, 16 P
gc 4521 @41.436s 2%: 0.10+0.72+0.089 ms clock, 1.6+0.41/0.92/0+1.4 ms cpu, 3->4->2 MB, 4 MB goal, 0 MB stacks, 0 MB globals, 16 P
gc 4522 @41.438s 2%: 0.11+0.74+0.10 ms clock, 1.8+0.59/0.88/0+1.6 ms cpu, 3->4->2 MB, 4 MB goal, 0 MB stacks, 0 MB globals, 16 P
gc 4523 @41.440s 2%: 0.15+0.70+0.090 ms clock, 2.4+0.56/0.80/0+1.4 ms cpu, 3->4->2 MB, 4 MB goal, 0 MB stacks, 0 MB globals, 16 P
gc 4524 @41.441s 2%: 0.11+0.50+0.18 ms clock, 1.8+0.51/0.84/0.030+2.9 ms cpu, 3->4->1 MB, 4 MB goal, 0 MB stacks, 0 MB globals, 16 P
gc 4525 @41.443s 2%: 0.15+0.55+0.12 ms clock, 2.4+0.75/0.75/0+1.9 ms cpu, 3->4->2 MB, 4 MB goal, 0 MB stacks, 0 MB globals, 16 P
gc 4526 @41.445s 2%: 0.15+0.57+0.098 ms clock, 2.4+0.62/0.86/0+1.5 ms cpu, 4->4->2 MB, 4 MB goal, 0 MB stacks, 0 MB globals, 16 P
gc 4527 @41.447s 2%: 0.14+0.56+0.069 ms clock, 2.3+0.56/0.81/0+1.1 ms cpu, 3->4->1 MB, 4 MB goal, 0 MB stacks, 0 MB globals, 16 P
gc 4528 @41.448s 2%: 0.17+0.58+0.065 ms clock, 2.8+0.59/0.78/0+1.0 ms cpu, 3->4->1 MB, 4 MB goal, 0 MB stacks, 0 MB globals, 16 P
gc 4529 @41.450s 2%: 0.14+0.60+0.11 ms clock, 2.2+0.66/0.85/0+1.8 ms cpu, 3->4->1 MB, 4 MB goal, 0 MB stacks, 0 MB globals, 16 P
gc 4530 @41.452s 2%: 0.12+0.56+0.15 ms clock, 2.0+0.53/0.78/0.077+2.5 ms cpu, 3->4->1 MB, 4 MB goal, 0 MB stacks, 0 MB globals, 16 P
gc 4531 @41.453s 2%: 0.12+0.60+0.11 ms clock, 2.0+0.58/0.89/0.002+1.9 ms cpu, 3->4->2 MB, 4 MB goal, 0 MB stacks, 0 MB globals, 16 P
gc 4532 @41.455s 2%: 0.18+0.62+0.091 ms clock, 2.9+0.54/0.94/0+1.4 ms cpu, 3->4->2 MB, 4 MB goal, 0 MB stacks, 0 MB globals, 16 P
gc 4533 @41.457s 2%: 0.11+0.55+0.17 ms clock, 1.8+0.49/0.88/0+2.8 ms cpu, 3->4->1 MB, 4 MB goal, 0 MB stacks, 0 MB globals, 16 P
gc 4534 @41.458s 2%: 0.088+0.55+0.16 ms clock, 1.4+0.50/0.91/0+2.5 ms cpu, 3->4->1 MB, 4 MB goal, 0 MB stacks, 0 MB globals, 16 P
gc 4535 @41.460s 2%: 0.18+0.53+0.098 ms clock, 2.9+0.63/0.78/0+1.5 ms cpu, 3->4->2 MB, 4 MB goal, 0 MB stacks, 0 MB globals, 16 P
gc 4536 @41.462s 2%: 0.13+0.60+0.067 ms clock, 2.1+0.60/0.83/0+1.0 ms cpu, 3->4->1 MB, 4 MB goal, 0 MB stacks, 0 MB globals, 16 P
gc 4537 @41.463s 2%: 0.12+0.71+0.048 ms clock, 1.9+0.50/0.96/0.068+0.78 ms cpu, 3->4->1 MB, 4 MB goal, 0 MB stacks, 0 MB globals, 16 P
gc 4538 @41.465s 2%: 0.12+0.56+0.12 ms clock, 2.0+0.45/0.90/0+1.9 ms cpu, 3->4->1 MB, 4 MB goal, 0 MB stacks, 0 MB globals, 16 P
gc 4539 @41.467s 2%: 0.11+0.53+0.10 ms clock, 1.8+0.53/0.84/0.009+1.6 ms cpu, 3->4->1 MB, 4 MB goal, 0 MB stacks, 0 MB globals, 16 P
gc 4540 @41.468s 2%: 0.10+0.58+0.16 ms clock, 1.6+0.53/0.92/0.011+2.5 ms cpu, 3->4->1 MB, 4 MB goal, 0 MB stacks, 0 MB globals, 16 P
gc 4541 @41.470s 2%: 0.12+0.68+0.087 ms clock, 1.9+0.59/0.98/0.036+1.4 ms cpu, 3->4->2 MB, 4 MB goal, 0 MB stacks, 0 MB globals, 16 P
gc 4542 @41.472s 2%: 0.13+0.89+0.091 ms clock, 2.1+0.47/0.84/0+1.4 ms cpu, 3->4->2 MB, 4 MB goal, 0 MB stacks, 0 MB globals, 16 P
gc 4543 @41.474s 2%: 0.13+0.50+0.13 ms clock, 2.1+0.59/0.84/0+2.0 ms cpu, 4->4->1 MB, 4 MB goal, 0 MB stacks, 0 MB globals, 16 P
gc 4544 @41.475s 2%: 0.093+0.65+0.15 ms clock, 1.4+0.62/0.88/0+2.4 ms cpu, 3->4->2 MB, 4 MB goal, 0 MB stacks, 0 MB globals, 16 P
gc 4545 @41.477s 2%: 0.14+0.68+0.10 ms clock, 2.2+0.58/0.83/0+1.6 ms cpu, 3->4->2 MB, 4 MB goal, 0 MB stacks, 0 MB globals, 16 P
gc 4546 @41.479s 2%: 0.12+0.52+0.16 ms clock, 2.0+0.56/0.78/0+2.7 ms cpu, 3->4->1 MB, 4 MB goal, 0 MB stacks, 0 MB globals, 16 P
gc 4547 @41.481s 2%: 0.12+0.46+0.13 ms clock, 2.0+0.47/0.92/0.010+2.0 ms cpu, 3->4->1 MB, 4 MB goal, 0 MB stacks, 0 MB globals, 16 P
gc 4548 @41.482s 2%: 0.13+0.52+0.10 ms clock, 2.2+0.67/0.75/0.014+1.6 ms cpu, 3->4->1 MB, 4 MB goal, 0 MB stacks, 0 MB globals, 16 P
gc 4549 @41.484s 2%: 0.15+0.50+0.10 ms clock, 2.4+0.69/0.78/0.016+1.7 ms cpu, 3->4->1 MB, 4 MB goal, 0 MB stacks, 0 MB globals, 16 P
gc 4550 @41.485s 2%: 0.14+0.58+0.092 ms clock, 2.3+0.66/0.84/0.025+1.4 ms cpu, 3->4->2 MB, 4 MB goal, 0 MB stacks, 0 MB globals, 16 P
gc 4551 @41.487s 2%: 0.15+0.68+0.094 ms clock, 2.4+0.50/0.79/0.025+1.5 ms cpu, 3->4->2 MB, 4 MB goal, 0 MB stacks, 0 MB globals, 16 P
gc 4552 @41.489s 2%: 0.15+0.68+0.080 ms clock, 2.4+0.64/0.67/0+1.2 ms cpu, 4->4->2 MB, 4 MB goal, 0 MB stacks, 0 MB globals, 16 P
gc 4553 @41.491s 2%: 0.12+0.61+0.040 ms clock, 2.0+0.61/0.83/0+0.64 ms cpu, 3->4->2 MB, 4 MB goal, 0 MB stacks, 0 MB globals, 16 P
gc 4554 @41.493s 2%: 0.11+0.70+0.054 ms clock, 1.8+0.58/0.76/0.028+0.87 ms cpu, 3->4->2 MB, 4 MB goal, 0 MB stacks, 0 MB globals, 16 P
gc 4555 @41.495s 2%: 0.094+0.67+0.057 ms clock, 1.5+0.52/0.74/0+0.92 ms cpu, 3->4->1 MB, 4 MB goal, 0 MB stacks, 0 MB globals, 16 P
gc 4556 @41.496s 2%: 0.14+0.55+0.16 ms clock, 2.2+0.66/0.83/0+2.6 ms cpu, 3->4->2 MB, 4 MB goal, 0 MB stacks, 0 MB globals, 16 P
gc 4557 @41.498s 2%: 0.10+0.72+0.092 ms clock, 1.6+0.63/0.77/0.029+1.4 ms cpu, 3->4->1 MB, 4 MB goal, 0 MB stacks, 0 MB globals, 16 P
gc 4558 @41.500s 2%: 0.095+0.53+0.12 ms clock, 1.5+0.64/0.83/0+2.0 ms cpu, 3->4->1 MB, 4 MB goal, 0 MB stacks, 0 MB globals, 16 P
gc 4559 @41.501s 2%: 0.12+0.53+0.075 ms clock, 2.0+0.48/0.81/0.004+1.2 ms cpu, 3->4->1 MB, 4 MB goal, 0 MB stacks, 0 MB globals, 16 P
gc 4560 @41.503s 2%: 0.11+0.56+0.092 ms clock, 1.8+0.57/0.87/0+1.4 ms cpu, 3->4->1 MB, 4 MB goal, 0 MB stacks, 0 MB globals, 16 P
gc 4561 @41.504s 2%: 0.12+0.61+0.12 ms clock, 1.9+0.54/0.90/0+1.9 ms cpu, 3->4->2 MB, 4 MB goal, 0 MB stacks, 0 MB globals, 16 P
gc 4562 @41.506s 2%: 0.12+0.76+0.086 ms clock, 2.0+0.61/0.69/0+1.3 ms cpu, 3->4->2 MB, 4 MB goal, 0 MB stacks, 0 MB globals, 16 P
gc 4563 @41.508s 2%: 0.12+0.53+0.15 ms clock, 1.9+0.55/0.88/0.001+2.4 ms cpu, 3->4->1 MB, 4 MB goal, 0 MB stacks, 0 MB globals, 16 P
gc 4564 @41.509s 2%: 0.13+0.72+0.075 ms clock, 2.1+0.57/0.86/0+1.2 ms cpu, 3->4->2 MB, 4 MB goal, 0 MB stacks, 0 MB globals, 16 P
gc 4565 @41.511s 2%: 0.11+0.58+0.093 ms clock, 1.7+0.50/0.80/0+1.4 ms cpu, 3->4->1 MB, 4 MB goal, 0 MB stacks, 0 MB globals, 16 P
gc 4566 @41.513s 2%: 0.12+0.60+0.10 ms clock, 2.0+0.56/0.91/0.049+1.7 ms cpu, 3->4->2 MB, 4 MB goal, 0 MB stacks, 0 MB globals, 16 P
gc 4567 @41.515s 2%: 0.10+0.54+0.12 ms clock, 1.6+0.58/0.75/0+2.0 ms cpu, 3->4->1 MB, 4 MB goal, 0 MB stacks, 0 MB globals, 16 P
gc 4568 @41.516s 2%: 0.18+0.59+0.11 ms clock, 2.9+0.80/0.65/0+1.8 ms cpu, 3->4->1 MB, 4 MB goal, 0 MB stacks, 0 MB globals, 16 P
gc 4569 @41.518s 2%: 0.11+0.60+0.076 ms clock, 1.8+0.72/0.68/0+1.2 ms cpu, 3->4->1 MB, 4 MB goal, 0 MB stacks, 0 MB globals, 16 P
gc 4570 @41.519s 2%: 0.17+0.54+0.19 ms clock, 2.7+0.50/0.83/0+3.1 ms cpu, 3->4->1 MB, 4 MB goal, 0 MB stacks, 0 MB globals, 16 P
gc 4571 @41.521s 2%: 0.12+0.62+0.13 ms clock, 2.0+0.68/0.95/0+2.0 ms cpu, 3->4->2 MB, 4 MB goal, 0 MB stacks, 0 MB globals, 16 P
gc 4572 @41.523s 2%: 0.12+0.69+0.073 ms clock, 2.0+0.53/0.79/0+1.1 ms cpu, 3->4->2 MB, 4 MB goal, 0 MB stacks, 0 MB globals, 16 P
gc 4573 @41.525s 2%: 0.10+0.57+0.12 ms clock, 1.6+0.66/0.80/0+1.9 ms cpu, 3->4->1 MB, 4 MB goal, 0 MB stacks, 0 MB globals, 16 P
gc 4574 @41.526s 2%: 0.088+0.50+0.10 ms clock, 1.4+0.44/0.78/0.070+1.6 ms cpu, 3->4->1 MB, 4 MB goal, 0 MB stacks, 0 MB globals, 16 P
gc 4575 @41.528s 2%: 0.12+0.67+0.093 ms clock, 1.9+0.71/0.89/0.003+1.5 ms cpu, 3->4->2 MB, 4 MB goal, 0 MB stacks, 0 MB globals, 16 P
gc 4576 @41.530s 2%: 0.17+0.64+0.10 ms clock, 2.8+0.67/0.73/0+1.7 ms cpu, 3->4->2 MB, 4 MB goal, 0 MB stacks, 0 MB globals, 16 P
gc 4577 @41.532s 2%: 0.10+0.61+0.099 ms clock, 1.6+0.57/0.83/0.016+1.5 ms cpu, 3->4->2 MB, 4 MB goal, 0 MB stacks, 0 MB globals, 16 P
gc 4578 @41.533s 2%: 0.12+0.56+0.10 ms clock, 1.9+0.58/0.79/0+1.6 ms cpu, 3->4->1 MB, 4 MB goal, 0 MB stacks, 0 MB globals, 16 P
gc 4579 @41.535s 2%: 0.12+0.70+0.15 ms clock, 1.9+0.59/0.99/0+2.4 ms cpu, 3->4->2 MB, 4 MB goal, 0 MB stacks, 0 MB globals, 16 P
gc 4580 @41.537s 2%: 0.10+0.46+0.089 ms clock, 1.7+0.54/0.76/0.013+1.4 ms cpu, 3->4->1 MB, 4 MB goal, 0 MB stacks, 0 MB globals, 16 P
gc 4581 @41.538s 2%: 0.11+0.63+0.10 ms clock, 1.9+0.53/0.72/0+1.6 ms cpu, 3->4->1 MB, 4 MB goal, 0 MB stacks, 0 MB globals, 16 P
gc 4582 @41.540s 2%: 0.13+0.74+0.080 ms clock, 2.2+0.70/0.73/0+1.2 ms cpu, 3->4->2 MB, 4 MB goal, 0 MB stacks, 0 MB globals, 16 P
gc 4583 @41.542s 2%: 0.11+0.59+0.13 ms clock, 1.8+0.61/1.0/0.005+2.1 ms cpu, 3->4->1 MB, 4 MB goal, 0 MB stacks, 0 MB globals, 16 P
gc 4584 @41.544s 2%: 0.12+0.51+0.16 ms clock, 2.0+0.63/0.86/0+2.7 ms cpu, 3->4->1 MB, 4 MB goal, 0 MB stacks, 0 MB globals, 16 P
gc 4585 @41.546s 2%: 0.10+0.52+0.091 ms clock, 1.6+0.57/0.85/0.016+1.4 ms cpu, 3->4->1 MB, 4 MB goal, 0 MB stacks, 0 MB globals, 16 P
gc 4586 @41.547s 2%: 0.11+0.56+0.10 ms clock, 1.8+0.68/0.96/0+1.7 ms cpu, 3->4->1 MB, 4 MB goal, 0 MB stacks, 0 MB globals, 16 P
gc 4587 @41.549s 2%: 0.12+0.62+0.11 ms clock, 2.0+0.60/0.83/0+1.8 ms cpu, 3->4->1 MB, 4 MB goal, 0 MB stacks, 0 MB globals, 16 P
gc 4588 @41.550s 2%: 0.12+0.78+0.073 ms clock, 2.0+0.51/0.95/0+1.1 ms cpu, 3->4->2 MB, 4 MB goal, 0 MB stacks, 0 MB globals, 16 P
gc 4589 @41.552s 2%: 0.13+0.50+0.19 ms clock, 2.1+0.61/0.77/0+3.1 ms cpu, 3->4->1 MB, 4 MB goal, 0 MB stacks, 0 MB globals, 16 P
gc 4590 @41.554s 2%: 0.13+0.50+0.13 ms clock, 2.1+0.60/0.91/0+2.2 ms cpu, 3->4->1 MB, 4 MB goal, 0 MB stacks, 0 MB globals, 16 P
gc 4591 @41.556s 2%: 0.11+0.58+0.12 ms clock, 1.9+0.65/0.90/0+1.9 ms cpu, 3->4->1 MB, 4 MB goal, 0 MB stacks, 0 MB globals, 16 P
gc 4592 @41.557s 2%: 0.14+0.62+0.097 ms clock, 2.3+0.43/0.83/0.082+1.5 ms cpu, 3->4->1 MB, 4 MB goal, 0 MB stacks, 0 MB globals, 16 P
gc 4593 @41.559s 2%: 0.19+0.85+0.095 ms clock, 3.0+0.60/0.80/0.016+1.5 ms cpu, 3->4->2 MB, 4 MB goal, 0 MB stacks, 0 MB globals, 16 P
gc 4594 @41.561s 2%: 0.12+0.59+0.17 ms clock, 1.9+0.57/0.72/0.003+2.8 ms cpu, 4->4->1 MB, 4 MB goal, 0 MB stacks, 0 MB globals, 16 P
gc 4595 @41.563s 2%: 0.10+0.63+0.074 ms clock, 1.7+0.60/0.79/0+1.1 ms cpu, 3->4->1 MB, 4 MB goal, 0 MB stacks, 0 MB globals, 16 P
gc 4596 @41.564s 2%: 0.18+0.73+0.082 ms clock, 2.9+0.62/0.80/0+1.3 ms cpu, 3->4->2 MB, 4 MB goal, 0 MB stacks, 0 MB globals, 16 P
gc 4597 @41.566s 2%: 0.091+0.74+0.13 ms clock, 1.4+0.64/0.93/0.044+2.1 ms cpu, 4->4->2 MB, 4 MB goal, 0 MB stacks, 0 MB globals, 16 P
gc 4598 @41.568s 2%: 0.18+0.60+0.091 ms clock, 2.9+0.55/0.84/0+1.4 ms cpu, 3->4->2 MB, 4 MB goal, 0 MB stacks, 0 MB globals, 16 P
gc 4599 @41.570s 2%: 0.12+0.49+0.086 ms clock, 1.9+0.43/0.91/0+1.3 ms cpu, 3->4->1 MB, 4 MB goal, 0 MB stacks, 0 MB globals, 16 P
gc 4600 @41.571s 2%: 0.12+0.45+0.13 ms clock, 2.0+0.53/0.78/0.028+2.0 ms cpu, 3->3->1 MB, 4 MB goal, 0 MB stacks, 0 MB globals, 16 P
gc 4601 @41.573s 2%: 0.14+0.58+0.14 ms clock, 2.3+0.71/0.68/0+2.2 ms cpu, 3->4->1 MB, 4 MB goal, 0 MB stacks, 0 MB globals, 16 P
gc 4602 @41.574s 2%: 0.11+0.63+0.058 ms clock, 1.7+0.65/0.85/0+0.94 ms cpu, 3->4->1 MB, 4 MB goal, 0 MB stacks, 0 MB globals, 16 P
gc 4603 @41.576s 2%: 0.15+0.49+0.12 ms clock, 2.5+0.50/0.80/0+1.9 ms cpu, 3->4->1 MB, 4 MB goal, 0 MB stacks, 0 MB globals, 16 P
gc 4604 @41.578s 2%: 0.13+0.56+0.098 ms clock, 2.1+0.63/0.86/0+1.5 ms cpu, 3->4->1 MB, 4 MB goal, 0 MB stacks, 0 MB globals, 16 P
gc 4605 @41.579s 2%: 0.11+0.53+0.14 ms clock, 1.7+0.62/0.84/0+2.2 ms cpu, 3->4->1 MB, 4 MB goal, 0 MB stacks, 0 MB globals, 16 P
gc 4606 @41.581s 2%: 0.11+0.58+0.084 ms clock, 1.8+0.55/0.70/0+1.3 ms cpu, 3->4->1 MB, 4 MB goal, 0 MB stacks, 0 MB globals, 16 P
gc 4607 @41.583s 2%: 0.093+0.52+0.15 ms clock, 1.5+0.49/0.81/0.12+2.5 ms cpu, 3->4->1 MB, 4 MB goal, 0 MB stacks, 0 MB globals, 16 P
gc 4608 @41.584s 2%: 0.092+0.58+0.11 ms clock, 1.4+0.45/0.90/0+1.8 ms cpu, 3->4->1 MB, 4 MB goal, 0 MB stacks, 0 MB globals, 16 P
gc 4609 @41.586s 2%: 0.11+0.58+0.14 ms clock, 1.7+0.56/0.73/0+2.2 ms cpu, 3->4->1 MB, 4 MB goal, 0 MB stacks, 0 MB globals, 16 P
gc 4610 @41.587s 2%: 0.10+0.50+0.22 ms clock, 1.7+0.53/0.91/0+3.5 ms cpu, 3->4->1 MB, 4 MB goal, 0 MB stacks, 0 MB globals, 16 P
gc 4611 @41.589s 2%: 0.13+0.69+0.14 ms clock, 2.1+0.62/0.84/0+2.3 ms cpu, 3->4->2 MB, 4 MB goal, 0 MB stacks, 0 MB globals, 16 P
gc 4612 @41.591s 2%: 0.16+0.48+0.12 ms clock, 2.6+0.71/0.75/0+1.9 ms cpu, 3->4->1 MB, 4 MB goal, 0 MB stacks, 0 MB globals, 16 P
gc 4613 @41.593s 2%: 0.15+0.59+0.089 ms clock, 2.4+0.56/0.84/0+1.4 ms cpu, 3->4->2 MB, 4 MB goal, 0 MB stacks, 0 MB globals, 16 P
gc 4614 @41.594s 2%: 0.11+0.53+0.11 ms clock, 1.9+0.51/0.81/0+1.8 ms cpu, 3->4->1 MB, 4 MB goal, 0 MB stacks, 0 MB globals, 16 P
gc 4615 @41.596s 2%: 0.11+0.53+0.16 ms clock, 1.8+0.45/0.89/0.008+2.6 ms cpu, 3->4->1 MB, 4 MB goal, 0 MB stacks, 0 MB globals, 16 P
gc 4616 @41.598s 2%: 0.17+0.75+0.092 ms clock, 2.7+0.56/0.80/0.062+1.4 ms cpu, 3->4->2 MB, 4 MB goal, 0 MB stacks, 0 MB globals, 16 P
gc 4617 @41.599s 2%: 0.099+0.59+0.091 ms clock, 1.5+0.56/0.80/0+1.4 ms cpu, 3->4->1 MB, 4 MB goal, 0 MB stacks, 0 MB globals, 16 P
gc 4618 @41.601s 2%: 0.13+0.64+0.12 ms clock, 2.1+0.71/0.72/0.002+1.9 ms cpu, 3->4->2 MB, 4 MB goal, 0 MB stacks, 0 MB globals, 16 P
gc 4619 @41.603s 2%: 0.14+0.75+0.12 ms clock, 2.3+0.65/0.73/0+1.9 ms cpu, 3->4->2 MB, 4 MB goal, 0 MB stacks, 0 MB globals, 16 P
gc 4620 @41.605s 2%: 0.11+0.48+0.14 ms clock, 1.8+0.64/0.77/0+2.2 ms cpu, 4->4->1 MB, 4 MB goal, 0 MB stacks, 0 MB globals, 16 P
gc 4621 @41.607s 2%: 0.12+0.69+0.047 ms clock, 2.0+0.51/0.92/0+0.75 ms cpu, 3->4->2 MB, 4 MB goal, 0 MB stacks, 0 MB globals, 16 P
gc 4622 @41.608s 2%: 0.099+0.51+0.071 ms clock, 1.5+0.45/0.71/0.080+1.1 ms cpu, 3->4->1 MB, 4 MB goal, 0 MB stacks, 0 MB globals, 16 P
gc 4623 @41.610s 2%: 0.14+0.47+0.16 ms clock, 2.2+0.33/0.79/0+2.7 ms cpu, 3->3->1 MB, 4 MB goal, 0 MB stacks, 0 MB globals, 16 P
gc 4624 @41.611s 2%: 0.11+0.64+0.10 ms clock, 1.8+0.52/0.89/0+1.6 ms cpu, 3->4->2 MB, 4 MB goal, 0 MB stacks, 0 MB globals, 16 P
gc 4625 @41.613s 2%: 0.17+0.52+0.20 ms clock, 2.7+0.62/0.81/0+3.2 ms cpu, 3->4->1 MB, 4 MB goal, 0 MB stacks, 0 MB globals, 16 P
gc 4626 @41.615s 2%: 0.091+0.72+0.099 ms clock, 1.4+0.45/0.85/0.021+1.5 ms cpu, 3->4->2 MB, 4 MB goal, 0 MB stacks, 0 MB globals, 16 P
gc 4627 @41.616s 2%: 0.10+0.92+0.065 ms clock, 1.7+0.41/0.87/0+1.0 ms cpu, 3->4->2 MB, 4 MB goal, 0 MB stacks, 0 MB globals, 16 P
gc 4628 @41.619s 2%: 0.13+0.72+0.11 ms clock, 2.0+0.63/0.81/0+1.8 ms cpu, 4->4->2 MB, 4 MB goal, 0 MB stacks, 0 MB globals, 16 P
gc 4629 @41.620s 2%: 0.15+0.61+0.093 ms clock, 2.5+0.58/0.90/0+1.4 ms cpu, 3->4->2 MB, 4 MB goal, 0 MB stacks, 0 MB globals, 16 P
gc 4630 @41.622s 2%: 0.18+0.56+0.099 ms clock, 2.9+0.49/0.88/0+1.5 ms cpu, 3->4->2 MB, 4 MB goal, 0 MB stacks, 0 MB globals, 16 P
gc 4631 @41.624s 2%: 0.11+0.50+0.094 ms clock, 1.9+0.52/0.77/0.020+1.5 ms cpu, 3->4->1 MB, 4 MB goal, 0 MB stacks, 0 MB globals, 16 P
gc 4632 @41.625s 2%: 0.11+0.65+0.10 ms clock, 1.7+0.58/0.70/0+1.7 ms cpu, 3->4->2 MB, 4 MB goal, 0 MB stacks, 0 MB globals, 16 P
gc 4633 @41.627s 2%: 0.14+0.45+0.099 ms clock, 2.3+0.61/0.86/0.057+1.5 ms cpu, 3->4->1 MB, 4 MB goal, 0 MB stacks, 0 MB globals, 16 P
gc 4634 @41.629s 2%: 0.18+0.54+0.17 ms clock, 2.9+0.49/0.83/0+2.7 ms cpu, 3->4->2 MB, 4 MB goal, 0 MB stacks, 0 MB globals, 16 P
gc 4635 @41.630s 2%: 0.15+0.52+0.073 ms clock, 2.5+0.48/0.84/0+1.1 ms cpu, 3->4->1 MB, 4 MB goal, 0 MB stacks, 0 MB globals, 16 P
gc 4636 @41.632s 2%: 0.12+0.47+0.061 ms clock, 2.0+0.53/0.79/0+0.99 ms cpu, 3->4->1 MB, 4 MB goal, 0 MB stacks, 0 MB globals, 16 P
gc 4637 @41.633s 2%: 0.13+0.47+0.15 ms clock, 2.0+0.49/0.74/0+2.4 ms cpu, 3->4->1 MB, 4 MB goal, 0 MB stacks, 0 MB globals, 16 P
gc 4638 @41.635s 2%: 0.11+0.54+0.12 ms clock, 1.8+0.69/0.75/0+2.0 ms cpu, 3->4->1 MB, 4 MB goal, 0 MB stacks, 0 MB globals, 16 P
gc 4639 @41.636s 2%: 0.13+0.46+0.12 ms clock, 2.0+0.58/0.77/0.001+1.9 ms cpu, 3->4->1 MB, 4 MB goal, 0 MB stacks, 0 MB globals, 16 P
gc 4640 @41.638s 2%: 0.17+0.70+0.082 ms clock, 2.7+0.62/0.68/0.075+1.3 ms cpu, 3->4->2 MB, 4 MB goal, 0 MB stacks, 0 MB globals, 16 P
gc 4641 @41.640s 2%: 0.12+0.73+0.098 ms clock, 2.0+0.47/0.98/0.001+1.5 ms cpu, 3->4->2 MB, 4 MB goal, 0 MB stacks, 0 MB globals, 16 P
gc 4642 @41.642s 2%: 0.14+0.54+0.14 ms clock, 2.2+0.69/0.69/0.011+2.3 ms cpu, 3->4->1 MB, 4 MB goal, 0 MB stacks, 0 MB globals, 16 P
gc 4643 @41.644s 2%: 0.13+0.61+0.18 ms clock, 2.1+0.62/0.97/0+2.9 ms cpu, 3->4->2 MB, 4 MB goal, 0 MB stacks, 0 MB globals, 16 P
gc 4644 @41.645s 2%: 0.11+0.64+0.090 ms clock, 1.8+0.45/0.89/0+1.4 ms cpu, 3->4->2 MB, 4 MB goal, 0 MB stacks, 0 MB globals, 16 P
gc 4645 @41.647s 2%: 0.13+0.57+0.077 ms clock, 2.1+0.65/0.71/0+1.2 ms cpu, 3->4->1 MB, 4 MB goal, 0 MB stacks, 0 MB globals, 16 P
gc 4646 @41.649s 2%: 0.12+0.47+0.15 ms clock, 1.9+0.58/0.73/0.013+2.4 ms cpu, 3->4->1 MB, 4 MB goal, 0 MB stacks, 0 MB globals, 16 P
gc 4647 @41.650s 2%: 0.12+0.60+0.084 ms clock, 1.9+0.59/0.78/0+1.3 ms cpu, 3->4->1 MB, 4 MB goal, 0 MB stacks, 0 MB globals, 16 P
gc 4648 @41.652s 2%: 0.071+0.85+0.077 ms clock, 1.1+0.46/0.87/0+1.2 ms cpu, 3->4->2 MB, 4 MB goal, 0 MB stacks, 0 MB globals, 16 P
gc 4649 @41.654s 2%: 0.11+0.74+0.064 ms clock, 1.8+0.51/0.90/0.015+1.0 ms cpu, 3->4->2 MB, 4 MB goal, 0 MB stacks, 0 MB globals, 16 P
gc 4650 @41.656s 2%: 0.12+0.61+0.054 ms clock, 1.9+0.56/0.78/0.001+0.86 ms cpu, 3->4->1 MB, 4 MB goal, 0 MB stacks, 0 MB globals, 16 P
gc 4651 @41.657s 2%: 0.12+0.85+0.061 ms clock, 1.9+0.65/0.77/0+0.98 ms cpu, 3->4->2 MB, 4 MB goal, 0 MB stacks, 0 MB globals, 16 P
gc 4652 @41.659s 2%: 0.13+0.67+0.10 ms clock, 2.2+0.61/0.98/0.005+1.7 ms cpu, 4->4->1 MB, 4 MB goal, 0 MB stacks, 0 MB globals, 16 P
gc 4653 @41.661s 2%: 0.26+0.67+0.098 ms clock, 4.2+0.65/0.97/0+1.5 ms cpu, 3->4->2 MB, 4 MB goal, 0 MB stacks, 0 MB globals, 16 P
gc 4654 @41.663s 2%: 0.12+0.66+0.12 ms clock, 2.0+0.46/0.87/0.031+1.9 ms cpu, 3->4->2 MB, 4 MB goal, 0 MB stacks, 0 MB globals, 16 P
gc 4655 @41.665s 2%: 0.11+0.52+0.15 ms clock, 1.7+0.66/0.90/0+2.4 ms cpu, 3->4->1 MB, 4 MB goal, 0 MB stacks, 0 MB globals, 16 P
gc 4656 @41.666s 2%: 0.13+0.73+0.11 ms clock, 2.2+0.57/0.86/0+1.7 ms cpu, 3->4->2 MB, 4 MB goal, 0 MB stacks, 0 MB globals, 16 P
gc 4657 @41.669s 2%: 0.14+0.90+0.12 ms clock, 2.2+0.73/0.76/0+1.9 ms cpu, 3->5->2 MB, 4 MB goal, 0 MB stacks, 0 MB globals, 16 P
gc 4658 @41.671s 2%: 0.12+0.59+0.082 ms clock, 1.9+0.72/0.96/0.005+1.3 ms cpu, 4->4->2 MB, 4 MB goal, 0 MB stacks, 0 MB globals, 16 P
gc 4659 @41.672s 2%: 0.095+0.69+0.074 ms clock, 1.5+0.50/0.80/0.006+1.1 ms cpu, 3->4->1 MB, 4 MB goal, 0 MB stacks, 0 MB globals, 16 P
gc 4660 @41.674s 2%: 0.10+0.53+0.15 ms clock, 1.7+0.42/0.85/0+2.5 ms cpu, 3->4->1 MB, 4 MB goal, 0 MB stacks, 0 MB globals, 16 P
gc 4661 @41.676s 2%: 0.16+0.48+0.15 ms clock, 2.5+0.73/0.77/0.055+2.4 ms cpu, 3->4->1 MB, 4 MB goal, 0 MB stacks, 0 MB globals, 16 P
gc 4662 @41.677s 2%: 0.10+0.72+0.088 ms clock, 1.7+0.46/0.94/0.005+1.4 ms cpu, 3->4->2 MB, 4 MB goal, 0 MB stacks, 0 MB globals, 16 P
gc 4663 @41.679s 2%: 0.11+0.48+0.10 ms clock, 1.7+0.53/0.89/0+1.6 ms cpu, 3->4->1 MB, 4 MB goal, 0 MB stacks, 0 MB globals, 16 P
gc 4664 @41.680s 2%: 0.16+0.61+0.10 ms clock, 2.6+0.63/0.81/0+1.7 ms cpu, 3->4->2 MB, 4 MB goal, 0 MB stacks, 0 MB globals, 16 P
gc 4665 @41.682s 2%: 0.10+0.66+0.18 ms clock, 1.6+0.70/0.85/0+2.8 ms cpu, 3->4->2 MB, 4 MB goal, 0 MB stacks, 0 MB globals, 16 P
gc 4666 @41.684s 2%: 0.12+0.61+0.062 ms clock, 1.9+0.64/0.71/0.006+0.99 ms cpu, 3->4->1 MB, 4 MB goal, 0 MB stacks, 0 MB globals, 16 P
gc 4667 @41.686s 2%: 0.15+0.59+0.10 ms clock, 2.4+0.65/0.87/0.004+1.6 ms cpu, 3->4->1 MB, 4 MB goal, 0 MB stacks, 0 MB globals, 16 P
gc 4668 @41.688s 2%: 0.13+0.44+0.12 ms clock, 2.2+0.58/0.72/0.042+2.0 ms cpu, 3->4->1 MB, 4 MB goal, 0 MB stacks, 0 MB globals, 16 P
gc 4669 @41.689s 2%: 0.16+0.57+0.10 ms clock, 2.6+0.70/0.79/0+1.6 ms cpu, 3->4->2 MB, 4 MB goal, 0 MB stacks, 0 MB globals, 16 P
gc 4670 @41.691s 2%: 0.10+0.52+0.076 ms clock, 1.6+0.47/0.76/0.061+1.2 ms cpu, 3->4->1 MB, 4 MB goal, 0 MB stacks, 0 MB globals, 16 P
gc 4671 @41.692s 2%: 0.097+0.63+0.14 ms clock, 1.5+0.56/0.97/0.005+2.3 ms cpu, 3->4->1 MB, 4 MB goal, 0 MB stacks, 0 MB globals, 16 P
gc 4672 @41.694s 2%: 0.11+0.58+0.082 ms clock, 1.7+0.62/0.89/0.003+1.3 ms cpu, 3->4->1 MB, 4 MB goal, 0 MB stacks, 0 MB globals, 16 P
gc 4673 @41.696s 2%: 0.15+0.52+0.14 ms clock, 2.5+0.65/0.84/0+2.2 ms cpu, 3->4->1 MB, 4 MB goal, 0 MB stacks, 0 MB globals, 16 P
gc 4674 @41.697s 2%: 0.12+0.70+0.095 ms clock, 1.9+0.56/0.75/0+1.5 ms cpu, 3->4->2 MB, 4 MB goal, 0 MB stacks, 0 MB globals, 16 P
gc 4675 @41.699s 2%: 0.13+0.66+0.17 ms clock, 2.2+0.60/0.82/0.030+2.7 ms cpu, 3->4->2 MB, 4 MB goal, 0 MB stacks, 0 MB globals, 16 P
gc 4676 @41.701s 2%: 0.11+0.68+0.19 ms clock, 1.8+0.58/0.91/0+3.1 ms cpu, 3->4->2 MB, 4 MB goal, 0 MB stacks, 0 MB globals, 16 P
gc 4677 @41.703s 2%: 0.19+0.51+0.16 ms clock, 3.0+0.52/0.80/0+2.6 ms cpu, 3->4->1 MB, 4 MB goal, 0 MB stacks, 0 MB globals, 16 P
gc 4678 @41.705s 2%: 0.17+0.60+0.086 ms clock, 2.7+0.51/0.82/0.016+1.3 ms cpu, 3->4->2 MB, 4 MB goal, 0 MB stacks, 0 MB globals, 16 P
gc 4679 @41.707s 2%: 0.11+0.63+0.085 ms clock, 1.9+0.61/0.77/0+1.3 ms cpu, 3->4->1 MB, 4 MB goal, 0 MB stacks, 0 MB globals, 16 P
gc 4680 @41.708s 2%: 0.11+0.60+0.099 ms clock, 1.8+0.55/0.95/0.003+1.5 ms cpu, 3->4->2 MB, 4 MB goal, 0 MB stacks, 0 MB globals, 16 P
gc 4681 @41.710s 2%: 0.17+0.50+0.099 ms clock, 2.7+0.64/0.79/0+1.5 ms cpu, 3->4->1 MB, 4 MB goal, 0 MB stacks, 0 MB globals, 16 P
gc 4682 @41.711s 2%: 0.15+0.71+0.092 ms clock, 2.4+0.60/0.95/0.002+1.4 ms cpu, 3->4->2 MB, 4 MB goal, 0 MB stacks, 0 MB globals, 16 P
gc 4683 @41.713s 2%: 0.14+0.64+0.095 ms clock, 2.3+0.61/0.95/0.056+1.5 ms cpu, 3->4->2 MB, 4 MB goal, 0 MB stacks, 0 MB globals, 16 P
gc 4684 @41.715s 2%: 0.13+0.88+0.10 ms clock, 2.1+0.53/0.93/0+1.6 ms cpu, 3->4->2 MB, 4 MB goal, 0 MB stacks, 0 MB globals, 16 P
gc 4685 @41.717s 2%: 0.12+0.51+0.096 ms clock, 1.9+0.56/0.85/0.016+1.5 ms cpu, 4->4->1 MB, 4 MB goal, 0 MB stacks, 0 MB globals, 16 P
gc 4686 @41.719s 2%: 0.10+0.49+0.090 ms clock, 1.7+0.49/0.80/0.005+1.4 ms cpu, 3->4->1 MB, 4 MB goal, 0 MB stacks, 0 MB globals, 16 P
gc 4687 @41.720s 2%: 0.15+0.66+0.10 ms clock, 2.4+0.59/0.77/0+1.7 ms cpu, 3->4->2 MB, 4 MB goal, 0 MB stacks, 0 MB globals, 16 P
gc 4688 @41.722s 2%: 0.10+0.49+0.10 ms clock, 1.7+0.48/0.76/0+1.7 ms cpu, 3->4->1 MB, 4 MB goal, 0 MB stacks, 0 MB globals, 16 P
gc 4689 @41.724s 2%: 0.11+0.64+0.13 ms clock, 1.8+0.55/0.79/0.011+2.1 ms cpu, 3->4->1 MB, 4 MB goal, 0 MB stacks, 0 MB globals, 16 P
gc 4690 @41.725s 2%: 0.17+0.53+0.11 ms clock, 2.8+0.58/0.83/0+1.8 ms cpu, 3->4->2 MB, 4 MB goal, 0 MB stacks, 0 MB globals, 16 P
gc 4691 @41.727s 2%: 0.19+0.64+0.15 ms clock, 3.1+0.60/0.86/0+2.5 ms cpu, 3->4->2 MB, 4 MB goal, 0 MB stacks, 0 MB globals, 16 P
gc 4692 @41.729s 2%: 0.16+0.45+0.093 ms clock, 2.6+0.69/0.78/0+1.4 ms cpu, 3->4->1 MB, 4 MB goal, 0 MB stacks, 0 MB globals, 16 P
gc 4693 @41.730s 2%: 0.12+0.56+0.088 ms clock, 1.9+0.48/0.85/0+1.4 ms cpu, 3->4->1 MB, 4 MB goal, 0 MB stacks, 0 MB globals, 16 P
gc 4694 @41.732s 2%: 0.17+0.86+0.083 ms clock, 2.8+0.68/0.81/0+1.3 ms cpu, 3->4->2 MB, 4 MB goal, 0 MB stacks, 0 MB globals, 16 P
gc 4695 @41.734s 2%: 0.14+0.61+0.10 ms clock, 2.3+0.59/0.89/0.017+1.7 ms cpu, 4->4->2 MB, 4 MB goal, 0 MB stacks, 0 MB globals, 16 P
gc 4696 @41.736s 2%: 0.10+0.62+0.081 ms clock, 1.6+0.70/0.93/0.015+1.3 ms cpu, 3->4->1 MB, 4 MB goal, 0 MB stacks, 0 MB globals, 16 P
gc 4697 @41.737s 2%: 0.13+0.56+0.098 ms clock, 2.1+0.68/0.92/0+1.5 ms cpu, 3->4->1 MB, 4 MB goal, 0 MB stacks, 0 MB globals, 16 P
gc 4698 @41.739s 2%: 0.10+0.61+0.094 ms clock, 1.6+0.57/0.76/0+1.5 ms cpu, 3->4->2 MB, 4 MB goal, 0 MB stacks, 0 MB globals, 16 P
gc 4699 @41.741s 2%: 0.20+0.47+0.10 ms clock, 3.2+0.76/0.79/0+1.6 ms cpu, 3->4->1 MB, 4 MB goal, 0 MB stacks, 0 MB globals, 16 P
gc 4700 @41.743s 2%: 0.10+0.79+0.13 ms clock, 1.6+0.44/1.0/0.001+2.1 ms cpu, 3->4->2 MB, 4 MB goal, 0 MB stacks, 0 MB globals, 16 P
gc 4701 @41.745s 2%: 0.12+0.72+0.10 ms clock, 2.0+0.69/0.89/0+1.7 ms cpu, 3->4->2 MB, 4 MB goal, 0 MB stacks, 0 MB globals, 16 P
gc 4702 @41.746s 2%: 0.076+0.65+0.11 ms clock, 1.2+0.48/0.81/0+1.7 ms cpu, 3->4->1 MB, 4 MB goal, 0 MB stacks, 0 MB globals, 16 P
gc 4703 @41.748s 2%: 0.12+0.59+0.084 ms clock, 1.9+0.54/0.79/0.001+1.3 ms cpu, 3->4->1 MB, 4 MB goal, 0 MB stacks, 0 MB globals, 16 P
gc 4704 @41.750s 2%: 0.16+0.47+0.12 ms clock, 2.5+0.54/0.87/0+1.9 ms cpu, 3->4->1 MB, 4 MB goal, 0 MB stacks, 0 MB globals, 16 P
gc 4705 @41.751s 2%: 0.11+0.58+0.061 ms clock, 1.8+0.64/0.80/0+0.98 ms cpu, 3->4->1 MB, 4 MB goal, 0 MB stacks, 0 MB globals, 16 P
gc 4706 @41.753s 2%: 0.076+0.62+0.11 ms clock, 1.2+0.57/0.76/0.025+1.7 ms cpu, 3->4->1 MB, 4 MB goal, 0 MB stacks, 0 MB globals, 16 P
gc 4707 @41.755s 2%: 0.14+0.63+0.084 ms clock, 2.3+0.71/0.85/0+1.3 ms cpu, 3->4->2 MB, 4 MB goal, 0 MB stacks, 0 MB globals, 16 P
gc 4708 @41.756s 2%: 0.10+0.54+0.11 ms clock, 1.7+0.39/0.86/0+1.8 ms cpu, 3->4->1 MB, 4 MB goal, 0 MB stacks, 0 MB globals, 16 P
gc 4709 @41.758s 2%: 0.11+0.63+0.071 ms clock, 1.9+0.57/0.79/0+1.1 ms cpu, 3->4->1 MB, 4 MB goal, 0 MB stacks, 0 MB globals, 16 P
gc 4710 @41.760s 2%: 0.094+0.54+0.090 ms clock, 1.5+0.64/0.78/0.002+1.4 ms cpu, 3->4->1 MB, 4 MB goal, 0 MB stacks, 0 MB globals, 16 P
gc 4711 @41.761s 2%: 0.14+0.63+0.11 ms clock, 2.3+0.55/0.95/0+1.8 ms cpu, 3->4->2 MB, 4 MB goal, 0 MB stacks, 0 MB globals, 16 P
gc 4712 @41.763s 2%: 0.12+0.64+0.10 ms clock, 1.9+0.68/0.78/0.051+1.7 ms cpu, 3->4->2 MB, 4 MB goal, 0 MB stacks, 0 MB globals, 16 P
gc 4713 @41.765s 2%: 0.15+0.66+0.10 ms clock, 2.4+0.64/0.78/0.082+1.6 ms cpu, 3->4->2 MB, 4 MB goal, 0 MB stacks, 0 MB globals, 16 P
gc 4714 @41.767s 2%: 0.12+0.54+0.12 ms clock, 2.0+0.53/0.88/0+2.0 ms cpu, 3->4->2 MB, 4 MB goal, 0 MB stacks, 0 MB globals, 16 P
gc 4715 @41.768s 2%: 0.13+0.71+0.10 ms clock, 2.2+0.61/0.88/0+1.7 ms cpu, 3->4->2 MB, 4 MB goal, 0 MB stacks, 0 MB globals, 16 P
gc 4716 @41.770s 2%: 0.14+0.55+0.13 ms clock, 2.3+0.52/0.84/0+2.2 ms cpu, 3->4->1 MB, 4 MB goal, 0 MB stacks, 0 MB globals, 16 P
gc 4717 @41.772s 2%: 0.097+0.59+0.11 ms clock, 1.5+0.56/0.75/0.046+1.9 ms cpu, 3->4->1 MB, 4 MB goal, 0 MB stacks, 0 MB globals, 16 P
gc 4718 @41.774s 2%: 0.18+0.65+0.083 ms clock, 2.8+0.67/0.74/0+1.3 ms cpu, 3->4->2 MB, 4 MB goal, 0 MB stacks, 0 MB globals, 16 P
gc 4719 @41.775s 2%: 0.15+0.59+0.12 ms clock, 2.5+0.65/0.88/0+2.0 ms cpu, 3->4->1 MB, 4 MB goal, 0 MB stacks, 0 MB globals, 16 P
gc 4720 @41.777s 2%: 0.16+0.57+0.083 ms clock, 2.5+0.61/0.80/0.025+1.3 ms cpu, 3->4->1 MB, 4 MB goal, 0 MB stacks, 0 MB globals, 16 P
gc 4721 @41.779s 2%: 0.12+0.59+0.088 ms clock, 2.0+0.57/0.81/0+1.4 ms cpu, 3->4->1 MB, 4 MB goal, 0 MB stacks, 0 MB globals, 16 P
gc 4722 @41.780s 2%: 0.11+0.59+0.11 ms clock, 1.8+0.53/0.82/0.039+1.8 ms cpu, 3->4->2 MB, 4 MB goal, 0 MB stacks, 0 MB globals, 16 P
gc 4723 @41.782s 2%: 0.14+0.53+0.10 ms clock, 2.3+0.59/0.76/0+1.7 ms cpu, 3->4->1 MB, 4 MB goal, 0 MB stacks, 0 MB globals, 16 P
gc 4724 @41.784s 2%: 0.15+0.55+0.16 ms clock, 2.4+0.74/0.86/0+2.6 ms cpu, 3->4->1 MB, 4 MB goal, 0 MB stacks, 0 MB globals, 16 P
gc 4725 @41.785s 2%: 0.12+0.64+0.089 ms clock, 2.0+0.66/0.96/0+1.4 ms cpu, 3->4->2 MB, 4 MB goal, 0 MB stacks, 0 MB globals, 16 P
gc 4726 @41.787s 2%: 0.12+0.71+0.10 ms clock, 2.0+0.46/0.92/0+1.6 ms cpu, 3->4->1 MB, 4 MB goal, 0 MB stacks, 0 MB globals, 16 P
gc 4727 @41.789s 2%: 0.16+0.45+0.11 ms clock, 2.6+0.65/0.76/0+1.8 ms cpu, 3->4->1 MB, 4 MB goal, 0 MB stacks, 0 MB globals, 16 P
gc 4728 @41.790s 2%: 0.11+0.59+0.060 ms clock, 1.7+0.54/0.81/0+0.96 ms cpu, 3->4->1 MB, 4 MB goal, 0 MB stacks, 0 MB globals, 16 P
gc 4729 @41.792s 2%: 0.11+0.49+0.078 ms clock, 1.9+0.58/0.84/0+1.2 ms cpu, 3->4->1 MB, 4 MB goal, 0 MB stacks, 0 MB globals, 16 P
gc 4730 @41.793s 2%: 0.11+0.76+0.068 ms clock, 1.7+0.64/0.80/0+1.0 ms cpu, 3->4->2 MB, 4 MB goal, 0 MB stacks, 0 MB globals, 16 P
gc 4731 @41.795s 2%: 0.11+0.65+0.072 ms clock, 1.7+0.49/0.76/0.035+1.1 ms cpu, 3->4->1 MB, 4 MB goal, 0 MB stacks, 0 MB globals, 16 P
gc 4732 @41.797s 2%: 0.11+0.52+0.12 ms clock, 1.9+0.64/0.74/0+1.9 ms cpu, 3->4->1 MB, 4 MB goal, 0 MB stacks, 0 MB globals, 16 P
gc 4733 @41.798s 2%: 0.12+0.58+0.10 ms clock, 2.0+0.48/0.84/0+1.6 ms cpu, 3->4->1 MB, 4 MB goal, 0 MB stacks, 0 MB globals, 16 P
gc 4734 @41.800s 2%: 0.15+0.38+0.12 ms clock, 2.5+0.50/0.74/0.086+2.0 ms cpu, 3->3->1 MB, 4 MB goal, 0 MB stacks, 0 MB globals, 16 P
gc 4735 @41.801s 2%: 0.24+0.51+0.17 ms clock, 3.8+0.68/0.75/0+2.7 ms cpu, 3->4->1 MB, 4 MB goal, 0 MB stacks, 0 MB globals, 16 P
gc 4736 @41.803s 2%: 0.15+0.55+0.17 ms clock, 2.5+0.64/0.82/0.002+2.7 ms cpu, 3->4->2 MB, 4 MB goal, 0 MB stacks, 0 MB globals, 16 P
gc 4737 @41.805s 2%: 0.15+0.42+0.15 ms clock, 2.5+0.57/0.73/0+2.4 ms cpu, 3->4->1 MB, 4 MB goal, 0 MB stacks, 0 MB globals, 16 P
gc 4738 @41.806s 2%: 0.18+0.62+0.13 ms clock, 2.8+0.66/0.84/0+2.1 ms cpu, 3->4->2 MB, 4 MB goal, 0 MB stacks, 0 MB globals, 16 P
gc 4739 @41.808s 2%: 0.10+0.48+0.17 ms clock, 1.7+0.70/0.78/0.031+2.8 ms cpu, 3->4->1 MB, 4 MB goal, 0 MB stacks, 0 MB globals, 16 P
gc 4740 @41.810s 2%: 0.17+0.51+0.22 ms clock, 2.8+0.62/0.63/0+3.6 ms cpu, 3->4->1 MB, 4 MB goal, 0 MB stacks, 0 MB globals, 16 P
gc 4741 @41.811s 2%: 0.14+0.67+0.12 ms clock, 2.2+0.67/0.84/0.057+1.9 ms cpu, 3->4->2 MB, 4 MB goal, 0 MB stacks, 0 MB globals, 16 P
gc 4742 @41.813s 2%: 0.13+0.50+0.15 ms clock, 2.1+0.52/0.81/0.017+2.5 ms cpu, 3->4->1 MB, 4 MB goal, 0 MB stacks, 0 MB globals, 16 P
gc 4743 @41.815s 2%: 0.14+0.63+0.085 ms clock, 2.2+0.64/0.86/0.008+1.3 ms cpu, 3->4->2 MB, 4 MB goal, 0 MB stacks, 0 MB globals, 16 P
gc 4744 @41.817s 2%: 0.15+0.49+0.12 ms clock, 2.5+0.51/0.83/0+1.9 ms cpu, 3->4->1 MB, 4 MB goal, 0 MB stacks, 0 MB globals, 16 P
gc 4745 @41.818s 2%: 0.13+0.63+0.11 ms clock, 2.1+0.51/0.86/0+1.9 ms cpu, 3->4->2 MB, 4 MB goal, 0 MB stacks, 0 MB globals, 16 P
gc 4746 @41.820s 2%: 0.11+0.58+0.10 ms clock, 1.8+0.42/0.95/0+1.7 ms cpu, 3->4->1 MB, 4 MB goal, 0 MB stacks, 0 MB globals, 16 P
gc 4747 @41.822s 2%: 0.11+0.44+0.081 ms clock, 1.8+0.65/0.69/0+1.2 ms cpu, 3->4->1 MB, 4 MB goal, 0 MB stacks, 0 MB globals, 16 P
gc 4748 @41.823s 2%: 0.12+0.50+0.18 ms clock, 2.0+0.76/0.76/0+2.9 ms cpu, 3->3->1 MB, 4 MB goal, 0 MB stacks, 0 MB globals, 16 P
gc 4749 @41.825s 2%: 0.11+0.48+0.098 ms clock, 1.8+0.61/0.76/0.004+1.5 ms cpu, 3->4->1 MB, 4 MB goal, 0 MB stacks, 0 MB globals, 16 P
gc 4750 @41.826s 2%: 0.10+0.82+0.096 ms clock, 1.7+0.67/0.90/0+1.5 ms cpu, 3->4->2 MB, 4 MB goal, 0 MB stacks, 0 MB globals, 16 P
gc 4751 @41.828s 2%: 0.13+0.57+0.088 ms clock, 2.1+0.57/0.81/0.044+1.4 ms cpu, 3->4->2 MB, 4 MB goal, 0 MB stacks, 0 MB globals, 16 P
gc 4752 @41.830s 2%: 0.14+0.58+0.10 ms clock, 2.3+0.70/0.84/0+1.6 ms cpu, 3->4->2 MB, 4 MB goal, 0 MB stacks, 0 MB globals, 16 P
gc 4753 @41.832s 2%: 0.15+0.51+0.14 ms clock, 2.4+0.67/0.75/0+2.3 ms cpu, 3->4->1 MB, 4 MB goal, 0 MB stacks, 0 MB globals, 16 P
gc 4754 @41.833s 2%: 0.11+0.48+0.10 ms clock, 1.7+0.54/0.83/0.030+1.6 ms cpu, 3->4->1 MB, 4 MB goal, 0 MB stacks, 0 MB globals, 16 P
gc 4755 @41.835s 2%: 0.10+0.70+0.11 ms clock, 1.6+0.60/0.76/0.008+1.8 ms cpu, 3->4->1 MB, 4 MB goal, 0 MB stacks, 0 MB globals, 16 P
gc 4756 @41.836s 2%: 0.10+0.50+0.13 ms clock, 1.7+0.57/0.84/0+2.0 ms cpu, 3->4->1 MB, 4 MB goal, 0 MB stacks, 0 MB globals, 16 P
gc 4757 @41.838s 2%: 0.15+0.67+0.10 ms clock, 2.4+0.64/0.79/0+1.7 ms cpu, 3->4->1 MB, 4 MB goal, 0 MB stacks, 0 MB globals, 16 P
gc 4758 @41.840s 2%: 0.14+0.57+0.094 ms clock, 2.3+0.56/0.83/0.002+1.5 ms cpu, 3->4->2 MB, 4 MB goal, 0 MB stacks, 0 MB globals, 16 P
gc 4759 @41.841s 2%: 0.11+0.44+0.10 ms clock, 1.7+0.61/0.77/0+1.7 ms cpu, 3->4->1 MB, 4 MB goal, 0 MB stacks, 0 MB globals, 16 P
gc 4760 @41.843s 2%: 0.10+0.69+0.083 ms clock, 1.6+0.56/0.87/0.008+1.3 ms cpu, 3->4->2 MB, 4 MB goal, 0 MB stacks, 0 MB globals, 16 P
gc 4761 @41.844s 2%: 0.12+0.62+0.088 ms clock, 2.0+0.55/0.89/0+1.4 ms cpu, 3->4->2 MB, 4 MB goal, 0 MB stacks, 0 MB globals, 16 P
gc 4762 @41.846s 2%: 0.13+0.84+0.072 ms clock, 2.1+0.62/0.81/0+1.1 ms cpu, 3->4->2 MB, 4 MB goal, 0 MB stacks, 0 MB globals, 16 P
gc 4763 @41.849s 2%: 0.10+0.64+0.11 ms clock, 1.7+0.58/0.85/0.003+1.8 ms cpu, 4->4->2 MB, 4 MB goal, 0 MB stacks, 0 MB globals, 16 P
gc 4764 @41.850s 2%: 0.16+0.52+0.16 ms clock, 2.6+0.63/0.79/0+2.6 ms cpu, 3->4->1 MB, 4 MB goal, 0 MB stacks, 0 MB globals, 16 P
gc 4765 @41.852s 2%: 0.13+0.56+0.13 ms clock, 2.2+0.69/0.78/0+2.1 ms cpu, 3->4->2 MB, 4 MB goal, 0 MB stacks, 0 MB globals, 16 P
gc 4766 @41.854s 2%: 0.14+0.74+0.093 ms clock, 2.3+0.61/0.73/0+1.4 ms cpu, 3->4->2 MB, 4 MB goal, 0 MB stacks, 0 MB globals, 16 P
gc 4767 @41.856s 2%: 0.12+0.69+0.10 ms clock, 2.0+0.67/0.82/0+1.6 ms cpu, 3->4->2 MB, 4 MB goal, 0 MB stacks, 0 MB globals, 16 P
gc 4768 @41.858s 2%: 0.10+0.69+0.096 ms clock, 1.7+0.49/0.84/0+1.5 ms cpu, 3->4->1 MB, 4 MB goal, 0 MB stacks, 0 MB globals, 16 P
gc 4769 @41.859s 2%: 0.092+0.63+0.081 ms clock, 1.4+0.52/0.89/0.004+1.2 ms cpu, 3->4->1 MB, 4 MB goal, 0 MB stacks, 0 MB globals, 16 P
gc 4770 @41.861s 2%: 0.12+0.56+0.13 ms clock, 2.0+0.53/0.89/0.015+2.0 ms cpu, 3->4->1 MB, 4 MB goal, 0 MB stacks, 0 MB globals, 16 P
gc 4771 @41.863s 2%: 0.074+0.46+0.10 ms clock, 1.1+0.53/0.88/0.008+1.6 ms cpu, 3->4->1 MB, 4 MB goal, 0 MB stacks, 0 MB globals, 16 P
gc 4772 @41.864s 2%: 0.13+0.86+0.11 ms clock, 2.1+0.59/0.80/0+1.8 ms cpu, 3->4->2 MB, 4 MB goal, 0 MB stacks, 0 MB globals, 16 P
gc 4773 @41.866s 2%: 0.10+0.51+0.13 ms clock, 1.7+0.56/0.93/0+2.1 ms cpu, 4->4->1 MB, 4 MB goal, 0 MB stacks, 0 MB globals, 16 P
gc 4774 @41.868s 2%: 0.12+0.68+0.099 ms clock, 2.0+0.66/0.93/0+1.5 ms cpu, 3->4->2 MB, 4 MB goal, 0 MB stacks, 0 MB globals, 16 P
gc 4775 @41.870s 2%: 0.15+0.55+0.10 ms clock, 2.4+0.64/0.81/0.038+1.6 ms cpu, 3->4->1 MB, 4 MB goal, 0 MB stacks, 0 MB globals, 16 P
gc 4776 @41.871s 2%: 0.15+0.63+0.12 ms clock, 2.4+0.64/0.86/0.028+1.9 ms cpu, 3->4->2 MB, 4 MB goal, 0 MB stacks, 0 MB globals, 16 P
gc 4777 @41.873s 2%: 0.10+0.50+0.10 ms clock, 1.7+0.64/0.79/0+1.6 ms cpu, 3->4->1 MB, 4 MB goal, 0 MB stacks, 0 MB globals, 16 P
gc 4778 @41.875s 2%: 0.17+0.52+0.11 ms clock, 2.8+0.54/0.81/0+1.8 ms cpu, 3->4->1 MB, 4 MB goal, 0 MB stacks, 0 MB globals, 16 P
gc 4779 @41.876s 2%: 0.11+0.63+0.078 ms clock, 1.8+0.51/0.93/0+1.2 ms cpu, 3->4->1 MB, 4 MB goal, 0 MB stacks, 0 MB globals, 16 P
gc 4780 @41.878s 2%: 0.13+0.65+0.14 ms clock, 2.1+0.71/0.75/0+2.2 ms cpu, 3->4->2 MB, 4 MB goal, 0 MB stacks, 0 MB globals, 16 P
gc 4781 @41.880s 2%: 0.14+0.75+0.14 ms clock, 2.2+0.61/0.76/0+2.2 ms cpu, 3->4->2 MB, 4 MB goal, 0 MB stacks, 0 MB globals, 16 P
gc 4782 @41.882s 2%: 0.14+0.52+0.13 ms clock, 2.3+0.62/0.77/0+2.2 ms cpu, 4->4->1 MB, 4 MB goal, 0 MB stacks, 0 MB globals, 16 P
gc 4783 @41.883s 2%: 0.11+0.58+0.11 ms clock, 1.8+0.56/0.82/0.019+1.7 ms cpu, 3->4->1 MB, 4 MB goal, 0 MB stacks, 0 MB globals, 16 P
gc 4784 @41.885s 2%: 0.14+0.44+0.12 ms clock, 2.2+0.68/0.85/0.022+2.0 ms cpu, 3->4->1 MB, 4 MB goal, 0 MB stacks, 0 MB globals, 16 P
gc 4785 @41.887s 2%: 0.15+0.54+0.11 ms clock, 2.4+0.47/0.87/0.018+1.8 ms cpu, 3->4->1 MB, 4 MB goal, 0 MB stacks, 0 MB globals, 16 P
gc 4786 @41.888s 2%: 0.22+0.78+0.063 ms clock, 3.6+0.23/0.75/0+1.0 ms cpu, 3->4->2 MB, 4 MB goal, 0 MB stacks, 0 MB globals, 16 P
gc 4787 @41.890s 2%: 0.13+0.53+0.14 ms clock, 2.2+0.67/0.88/0.014+2.3 ms cpu, 3->4->2 MB, 4 MB goal, 0 MB stacks, 0 MB globals, 16 P
gc 4788 @41.892s 2%: 0.17+0.86+0.075 ms clock, 2.7+0.54/0.93/0+1.2 ms cpu, 3->4->2 MB, 4 MB goal, 0 MB stacks, 0 MB globals, 16 P
gc 4789 @41.895s 2%: 0.089+0.68+0.091 ms clock, 1.4+0.48/0.99/0.011+1.4 ms cpu, 4->5->1 MB, 5 MB goal, 0 MB stacks, 0 MB globals, 16 P
gc 4790 @41.896s 2%: 0.14+0.71+0.15 ms clock, 2.3+0.84/0.86/0+2.4 ms cpu, 3->4->2 MB, 4 MB goal, 0 MB stacks, 0 MB globals, 16 P
gc 4791 @41.898s 2%: 0.11+0.54+0.11 ms clock, 1.7+0.61/0.85/0.060+1.8 ms cpu, 4->4->1 MB, 4 MB goal, 0 MB stacks, 0 MB globals, 16 P
gc 4792 @41.900s 2%: 0.22+0.46+0.11 ms clock, 3.5+0.46/0.81/0+1.7 ms cpu, 3->4->1 MB, 4 MB goal, 0 MB stacks, 0 MB globals, 16 P
gc 4793 @41.901s 2%: 0.14+0.47+0.14 ms clock, 2.3+0.52/0.90/0+2.3 ms cpu, 3->4->1 MB, 4 MB goal, 0 MB stacks, 0 MB globals, 16 P
gc 4794 @41.903s 2%: 0.18+0.70+0.086 ms clock, 2.9+0.63/0.94/0+1.3 ms cpu, 3->4->2 MB, 4 MB goal, 0 MB stacks, 0 MB globals, 16 P
gc 4795 @41.905s 2%: 0.11+0.64+0.082 ms clock, 1.8+0.51/0.90/0.014+1.3 ms cpu, 3->4->1 MB, 4 MB goal, 0 MB stacks, 0 MB globals, 16 P
gc 4796 @41.906s 2%: 0.10+0.59+0.076 ms clock, 1.7+0.56/0.77/0.044+1.2 ms cpu, 3->4->1 MB, 4 MB goal, 0 MB stacks, 0 MB globals, 16 P
gc 4797 @41.908s 2%: 0.10+0.54+0.13 ms clock, 1.6+0.46/0.89/0+2.2 ms cpu, 3->4->1 MB, 4 MB goal, 0 MB stacks, 0 MB globals, 16 P
gc 4798 @41.909s 2%: 0.11+0.62+0.10 ms clock, 1.8+0.69/0.85/0+1.7 ms cpu, 3->4->2 MB, 4 MB goal, 0 MB stacks, 0 MB globals, 16 P
gc 4799 @41.911s 2%: 0.12+0.73+0.10 ms clock, 1.9+0.59/0.78/0+1.6 ms cpu, 3->4->1 MB, 4 MB goal, 0 MB stacks, 0 MB globals, 16 P
gc 4800 @41.913s 2%: 0.12+0.72+0.095 ms clock, 2.0+0.65/0.74/0+1.5 ms cpu, 3->4->2 MB, 4 MB goal, 0 MB stacks, 0 MB globals, 16 P
gc 4801 @41.915s 2%: 0.11+0.42+0.037 ms clock, 1.7+0.46/0.84/0+0.60 ms cpu, 3->4->1 MB, 4 MB goal, 0 MB stacks, 0 MB globals, 16 P
gc 4802 @41.916s 2%: 0.13+0.74+0.088 ms clock, 2.1+0.56/0.92/0+1.4 ms cpu, 3->4->2 MB, 4 MB goal, 0 MB stacks, 0 MB globals, 16 P
gc 4803 @41.918s 2%: 0.14+0.72+0.079 ms clock, 2.2+0.66/0.84/0+1.2 ms cpu, 3->4->2 MB, 4 MB goal, 0 MB stacks, 0 MB globals, 16 P
gc 4804 @41.920s 2%: 0.14+0.57+0.11 ms clock, 2.3+0.64/0.82/0+1.8 ms cpu, 3->4->1 MB, 4 MB goal, 0 MB stacks, 0 MB globals, 16 P
gc 4805 @41.922s 2%: 0.11+0.49+0.12 ms clock, 1.8+0.56/0.74/0+1.9 ms cpu, 3->4->1 MB, 4 MB goal, 0 MB stacks, 0 MB globals, 16 P
gc 4806 @41.923s 2%: 0.15+0.57+0.11 ms clock, 2.5+0.56/0.79/0.025+1.8 ms cpu, 3->4->1 MB, 4 MB goal, 0 MB stacks, 0 MB globals, 16 P
gc 4807 @41.925s 2%: 0.11+0.56+0.096 ms clock, 1.7+0.48/0.82/0+1.5 ms cpu, 3->4->1 MB, 4 MB goal, 0 MB stacks, 0 MB globals, 16 P
gc 4808 @41.927s 2%: 0.098+0.64+0.10 ms clock, 1.5+0.49/0.79/0+1.6 ms cpu, 3->4->1 MB, 4 MB goal, 0 MB stacks, 0 MB globals, 16 P
gc 4809 @41.928s 2%: 0.11+0.48+0.16 ms clock, 1.8+0.55/0.80/0.009+2.5 ms cpu, 3->4->1 MB, 4 MB goal, 0 MB stacks, 0 MB globals, 16 P
gc 4810 @41.930s 2%: 0.13+0.38+0.054 ms clock, 2.0+0.64/0.76/0+0.87 ms cpu, 3->3->1 MB, 4 MB goal, 0 MB stacks, 0 MB globals, 16 P
gc 4811 @41.931s 2%: 0.11+0.82+0.039 ms clock, 1.8+0.46/0.93/0.025+0.62 ms cpu, 3->4->2 MB, 4 MB goal, 0 MB stacks, 0 MB globals, 16 P
gc 4812 @41.933s 2%: 0.11+0.59+0.11 ms clock, 1.7+0.52/0.81/0+1.7 ms cpu, 3->4->1 MB, 4 MB goal, 0 MB stacks, 0 MB globals, 16 P
gc 4813 @41.935s 2%: 0.14+0.45+0.089 ms clock, 2.3+0.65/0.77/0.004+1.4 ms cpu, 3->4->1 MB, 4 MB goal, 0 MB stacks, 0 MB globals, 16 P
gc 4814 @41.936s 2%: 0.11+0.82+0.092 ms clock, 1.8+0.68/0.87/0+1.4 ms cpu, 3->4->2 MB, 4 MB goal, 0 MB stacks, 0 MB globals, 16 P
gc 4815 @41.938s 2%: 0.13+0.86+0.078 ms clock, 2.0+0.50/0.88/0+1.2 ms cpu, 3->5->2 MB, 4 MB goal, 0 MB stacks, 0 MB globals, 16 P
gc 4816 @41.940s 2%: 0.14+0.54+0.084 ms clock, 2.2+0.55/0.83/0+1.3 ms cpu, 4->4->1 MB, 5 MB goal, 0 MB stacks, 0 MB globals, 16 P
gc 4817 @41.942s 2%: 0.12+0.50+0.081 ms clock, 2.0+0.67/0.88/0.003+1.3 ms cpu, 3->4->1 MB, 4 MB goal, 0 MB stacks, 0 MB globals, 16 P
gc 4818 @41.944s 2%: 0.14+0.53+0.16 ms clock, 2.2+0.73/0.83/0+2.6 ms cpu, 3->4->1 MB, 4 MB goal, 0 MB stacks, 0 MB globals, 16 P
gc 4819 @41.945s 2%: 0.11+0.55+0.094 ms clock, 1.7+0.51/0.83/0+1.5 ms cpu, 3->4->1 MB, 4 MB goal, 0 MB stacks, 0 MB globals, 16 P
gc 4820 @41.947s 2%: 0.10+0.47+0.10 ms clock, 1.6+0.48/0.79/0.030+1.6 ms cpu, 3->4->1 MB, 4 MB goal, 0 MB stacks, 0 MB globals, 16 P
gc 4821 @41.948s 2%: 0.16+0.60+0.084 ms clock, 2.7+0.58/0.82/0+1.3 ms cpu, 3->4->2 MB, 4 MB goal, 0 MB stacks, 0 MB globals, 16 P
gc 4822 @41.950s 2%: 0.13+0.51+0.088 ms clock, 2.2+0.67/0.70/0+1.4 ms cpu, 3->4->1 MB, 4 MB goal, 0 MB stacks, 0 MB globals, 16 P
gc 4823 @41.952s 2%: 0.11+0.66+0.12 ms clock, 1.7+0.55/0.88/0.007+2.0 ms cpu, 3->4->2 MB, 4 MB goal, 0 MB stacks, 0 MB globals, 16 P
gc 4824 @41.953s 2%: 0.12+0.54+0.091 ms clock, 2.0+0.70/0.74/0+1.4 ms cpu, 3->4->1 MB, 4 MB goal, 0 MB stacks, 0 MB globals, 16 P
gc 4825 @41.955s 2%: 0.12+0.50+0.092 ms clock, 1.9+0.47/0.85/0+1.4 ms cpu, 3->4->1 MB, 4 MB goal, 0 MB stacks, 0 MB globals, 16 P
gc 4826 @41.957s 2%: 0.20+0.62+0.11 ms clock, 3.3+0.63/1.0/0.002+1.7 ms cpu, 3->4->2 MB, 4 MB goal, 0 MB stacks, 0 MB globals, 16 P
gc 4827 @41.959s 2%: 0.10+0.57+0.11 ms clock, 1.7+0.48/0.89/0+1.7 ms cpu, 3->4->1 MB, 4 MB goal, 0 MB stacks, 0 MB globals, 16 P
gc 4828 @41.960s 2%: 0.13+0.48+0.085 ms clock, 2.1+0.59/0.71/0.014+1.3 ms cpu, 3->4->1 MB, 4 MB goal, 0 MB stacks, 0 MB globals, 16 P
gc 4829 @41.962s 2%: 0.13+0.89+0.065 ms clock, 2.2+0.80/0.92/0+1.0 ms cpu, 3->4->2 MB, 4 MB goal, 0 MB stacks, 0 MB globals, 16 P
gc 4830 @41.964s 2%: 0.12+0.82+0.10 ms clock, 2.0+0.69/0.84/0+1.6 ms cpu, 3->4->2 MB, 4 MB goal, 0 MB stacks, 0 MB globals, 16 P
gc 4831 @41.966s 2%: 0.16+0.68+0.084 ms clock, 2.5+0.71/0.83/0.007+1.3 ms cpu, 4->5->2 MB, 4 MB goal, 0 MB stacks, 0 MB globals, 16 P
gc 4832 @41.968s 2%: 0.15+0.66+0.12 ms clock, 2.4+0.74/0.89/0.004+1.9 ms cpu, 3->4->2 MB, 4 MB goal, 0 MB stacks, 0 MB globals, 16 P
gc 4833 @41.970s 2%: 0.16+0.64+0.096 ms clock, 2.6+0.57/0.89/0+1.5 ms cpu, 3->4->1 MB, 4 MB goal, 0 MB stacks, 0 MB globals, 16 P
gc 4834 @41.971s 2%: 0.12+0.51+0.087 ms clock, 1.9+0.52/0.75/0.001+1.3 ms cpu, 3->4->1 MB, 4 MB goal, 0 MB stacks, 0 MB globals, 16 P
gc 4835 @41.973s 2%: 0.18+0.49+0.14 ms clock, 2.8+0.76/0.65/0.053+2.2 ms cpu, 3->3->1 MB, 4 MB goal, 0 MB stacks, 0 MB globals, 16 P
gc 4836 @41.974s 2%: 0.17+0.62+0.10 ms clock, 2.7+0.57/0.75/0+1.6 ms cpu, 3->4->2 MB, 4 MB goal, 0 MB stacks, 0 MB globals, 16 P
gc 4837 @41.976s 2%: 0.12+0.61+0.086 ms clock, 1.9+0.63/0.80/0.016+1.3 ms cpu, 3->4->1 MB, 4 MB goal, 0 MB stacks, 0 MB globals, 16 P
gc 4838 @41.978s 2%: 0.084+0.39+0.18 ms clock, 1.3+0.55/0.74/0.001+3.0 ms cpu, 3->4->1 MB, 4 MB goal, 0 MB stacks, 0 MB globals, 16 P
gc 4839 @41.979s 2%: 0.19+0.56+0.11 ms clock, 3.1+0.63/0.96/0+1.8 ms cpu, 3->4->2 MB, 4 MB goal, 0 MB stacks, 0 MB globals, 16 P
gc 4840 @41.981s 2%: 0.11+0.67+0.086 ms clock, 1.8+0.53/0.79/0.051+1.3 ms cpu, 3->4->1 MB, 4 MB goal, 0 MB stacks, 0 MB globals, 16 P
gc 4841 @41.983s 2%: 0.091+0.56+0.15 ms clock, 1.4+0.74/0.83/0.034+2.4 ms cpu, 3->4->1 MB, 4 MB goal, 0 MB stacks, 0 MB globals, 16 P
gc 4842 @41.984s 2%: 0.10+0.50+0.099 ms clock, 1.6+0.61/0.82/0.007+1.5 ms cpu, 3->4->1 MB, 4 MB goal, 0 MB stacks, 0 MB globals, 16 P
gc 4843 @41.986s 2%: 0.17+0.68+0.10 ms clock, 2.7+0.62/0.83/0+1.6 ms cpu, 3->4->2 MB, 4 MB goal, 0 MB stacks, 0 MB globals, 16 P
gc 4844 @41.988s 2%: 0.17+0.62+0.19 ms clock, 2.7+0.55/0.76/0+3.0 ms cpu, 3->4->2 MB, 4 MB goal, 0 MB stacks, 0 MB globals, 16 P
gc 4845 @41.990s 2%: 0.11+0.57+0.10 ms clock, 1.8+0.57/0.96/0.011+1.7 ms cpu, 3->4->1 MB, 4 MB goal, 0 MB stacks, 0 MB globals, 16 P
gc 4846 @41.991s 2%: 0.086+0.51+0.15 ms clock, 1.3+0.65/0.80/0.012+2.4 ms cpu, 3->4->1 MB, 4 MB goal, 0 MB stacks, 0 MB globals, 16 P
gc 4847 @41.993s 2%: 0.10+0.63+0.084 ms clock, 1.6+0.57/0.80/0+1.3 ms cpu, 3->4->1 MB, 4 MB goal, 0 MB stacks, 0 MB globals, 16 P
gc 4848 @41.994s 2%: 0.14+0.40+0.14 ms clock, 2.3+0.57/0.77/0.011+2.2 ms cpu, 3->4->1 MB, 4 MB goal, 0 MB stacks, 0 MB globals, 16 P
gc 4849 @41.996s 2%: 0.17+0.70+0.088 ms clock, 2.8+0.75/0.92/0+1.4 ms cpu, 3->4->2 MB, 4 MB goal, 0 MB stacks, 0 MB globals, 16 P
gc 4850 @41.998s 2%: 0.14+0.58+0.16 ms clock, 2.3+0.62/0.92/0+2.6 ms cpu, 3->4->1 MB, 4 MB goal, 0 MB stacks, 0 MB globals, 16 P
gc 4851 @41.999s 2%: 0.15+0.74+0.081 ms clock, 2.5+0.53/0.89/0.006+1.3 ms cpu, 3->4->2 MB, 4 MB goal, 0 MB stacks, 0 MB globals, 16 P
gc 4852 @42.001s 2%: 0.12+0.63+0.17 ms clock, 2.0+0.61/0.79/0.013+2.8 ms cpu, 3->4->2 MB, 4 MB goal, 0 MB stacks, 0 MB globals, 16 P
gc 4853 @42.003s 2%: 0.14+1.1+0.10 ms clock, 2.2+0.77/0.91/0.013+1.6 ms cpu, 3->4->2 MB, 4 MB goal, 0 MB stacks, 0 MB globals, 16 P
gc 4854 @42.005s 2%: 0.14+0.49+0.16 ms clock, 2.3+0.65/0.74/0+2.6 ms cpu, 4->5->1 MB, 5 MB goal, 0 MB stacks, 0 MB globals, 16 P
gc 4855 @42.007s 2%: 0.15+0.76+0.12 ms clock, 2.4+0.68/0.98/0+2.0 ms cpu, 3->4->2 MB, 4 MB goal, 0 MB stacks, 0 MB globals, 16 P
gc 4856 @42.009s 2%: 0.14+0.55+0.14 ms clock, 2.3+0.47/0.90/0+2.2 ms cpu, 3->4->1 MB, 4 MB goal, 0 MB stacks, 0 MB globals, 16 P
gc 4857 @42.011s 2%: 0.12+0.61+0.077 ms clock, 2.0+0.51/0.89/0+1.2 ms cpu, 3->4->1 MB, 4 MB goal, 0 MB stacks, 0 MB globals, 16 P
gc 4858 @42.012s 2%: 0.16+0.68+0.10 ms clock, 2.7+0.62/0.77/0+1.7 ms cpu, 3->4->2 MB, 4 MB goal, 0 MB stacks, 0 MB globals, 16 P
gc 4859 @42.014s 2%: 0.10+0.55+0.10 ms clock, 1.6+0.48/0.95/0+1.7 ms cpu, 3->4->1 MB, 4 MB goal, 0 MB stacks, 0 MB globals, 16 P
gc 4860 @42.016s 2%: 0.068+0.67+0.084 ms clock, 1.0+0.43/0.90/0.004+1.3 ms cpu, 3->4->1 MB, 4 MB goal, 0 MB stacks, 0 MB globals, 16 P
gc 4861 @42.018s 2%: 0.12+0.55+0.053 ms clock, 2.0+0.60/0.82/0.002+0.85 ms cpu, 3->4->1 MB, 4 MB goal, 0 MB stacks, 0 MB globals, 16 P
gc 4862 @42.019s 2%: 0.16+0.67+0.069 ms clock, 2.6+0.63/0.94/0.054+1.1 ms cpu, 3->4->2 MB, 4 MB goal, 0 MB stacks, 0 MB globals, 16 P
gc 4863 @42.021s 2%: 0.11+0.62+0.014 ms clock, 1.8+0.48/0.92/0.008+0.23 ms cpu, 3->4->1 MB, 4 MB goal, 0 MB stacks, 0 MB globals, 16 P
gc 4864 @42.023s 2%: 0.12+0.61+0.095 ms clock, 1.9+0.61/0.81/0.002+1.5 ms cpu, 3->4->1 MB, 4 MB goal, 0 MB stacks, 0 MB globals, 16 P
gc 4865 @42.024s 2%: 0.16+0.53+0.13 ms clock, 2.6+0.61/0.76/0+2.1 ms cpu, 3->4->1 MB, 4 MB goal, 0 MB stacks, 0 MB globals, 16 P
gc 4866 @42.026s 2%: 0.10+0.45+0.10 ms clock, 1.7+0.57/0.71/0.016+1.7 ms cpu, 3->4->1 MB, 4 MB goal, 0 MB stacks, 0 MB globals, 16 P
gc 4867 @42.028s 2%: 0.14+0.64+0.14 ms clock, 2.2+0.70/0.79/0+2.2 ms cpu, 3->4->2 MB, 4 MB goal, 0 MB stacks, 0 MB globals, 16 P
gc 4868 @42.029s 2%: 0.15+0.46+0.10 ms clock, 2.5+0.58/0.74/0+1.6 ms cpu, 3->4->1 MB, 4 MB goal, 0 MB stacks, 0 MB globals, 16 P
gc 4869 @42.031s 2%: 0.12+0.55+0.092 ms clock, 1.9+0.56/0.80/0+1.4 ms cpu, 3->4->1 MB, 4 MB goal, 0 MB stacks, 0 MB globals, 16 P
gc 4870 @42.032s 2%: 0.13+0.55+0.10 ms clock, 2.2+0.57/0.76/0+1.7 ms cpu, 3->4->1 MB, 4 MB goal, 0 MB stacks, 0 MB globals, 16 P
gc 4871 @42.034s 2%: 0.096+0.74+0.073 ms clock, 1.5+0.59/0.84/0+1.1 ms cpu, 3->4->1 MB, 4 MB goal, 0 MB stacks, 0 MB globals, 16 P
gc 4872 @42.036s 2%: 0.11+0.56+0.093 ms clock, 1.8+0.51/0.79/0.053+1.5 ms cpu, 3->4->1 MB, 4 MB goal, 0 MB stacks, 0 MB globals, 16 P
gc 4873 @42.037s 2%: 0.14+0.64+0.099 ms clock, 2.2+0.68/0.68/0+1.5 ms cpu, 3->4->2 MB, 4 MB goal, 0 MB stacks, 0 MB globals, 16 P
gc 4874 @42.039s 2%: 0.17+0.62+0.085 ms clock, 2.8+0.59/0.90/0+1.3 ms cpu, 3->4->2 MB, 4 MB goal, 0 MB stacks, 0 MB globals, 16 P
gc 4875 @42.041s 2%: 0.10+0.60+0.092 ms clock, 1.7+0.59/0.88/0+1.4 ms cpu, 3->4->1 MB, 4 MB goal, 0 MB stacks, 0 MB globals, 16 P
gc 4876 @42.043s 2%: 0.11+0.65+0.10 ms clock, 1.8+0.62/0.88/0+1.6 ms cpu, 3->4->2 MB, 4 MB goal, 0 MB stacks, 0 MB globals, 16 P
gc 4877 @42.044s 2%: 0.13+0.54+0.089 ms clock, 2.0+0.49/0.93/0+1.4 ms cpu, 3->4->1 MB, 4 MB goal, 0 MB stacks, 0 MB globals, 16 P
gc 4878 @42.046s 2%: 0.11+0.55+0.18 ms clock, 1.8+0.54/0.86/0+2.9 ms cpu, 3->4->1 MB, 4 MB goal, 0 MB stacks, 0 MB globals, 16 P
gc 4879 @42.048s 2%: 0.11+0.46+0.092 ms clock, 1.8+0.48/0.81/0+1.4 ms cpu, 3->4->1 MB, 4 MB goal, 0 MB stacks, 0 MB globals, 16 P
gc 4880 @42.049s 2%: 0.088+0.53+0.10 ms clock, 1.4+0.56/0.74/0.042+1.6 ms cpu, 3->4->1 MB, 4 MB goal, 0 MB stacks, 0 MB globals, 16 P
gc 4881 @42.050s 2%: 0.18+0.62+0.11 ms clock, 2.9+0.64/0.78/0+1.7 ms cpu, 3->4->2 MB, 4 MB goal, 0 MB stacks, 0 MB globals, 16 P
gc 4882 @42.052s 2%: 0.10+0.64+0.081 ms clock, 1.7+0.59/0.81/0.006+1.3 ms cpu, 3->4->1 MB, 4 MB goal, 0 MB stacks, 0 MB globals, 16 P
gc 4883 @42.054s 2%: 0.10+0.62+0.097 ms clock, 1.6+0.55/0.90/0.003+1.5 ms cpu, 3->4->2 MB, 4 MB goal, 0 MB stacks, 0 MB globals, 16 P
gc 4884 @42.056s 2%: 0.13+0.63+0.092 ms clock, 2.0+0.58/0.95/0+1.4 ms cpu, 3->4->2 MB, 4 MB goal, 0 MB stacks, 0 MB globals, 16 P
gc 4885 @42.058s 2%: 0.11+0.67+0.11 ms clock, 1.8+0.66/0.89/0+1.9 ms cpu, 3->4->2 MB, 4 MB goal, 0 MB stacks, 0 MB globals, 16 P
gc 4886 @42.059s 2%: 0.080+0.55+0.12 ms clock, 1.2+0.49/0.98/0.10+1.9 ms cpu, 3->4->1 MB, 4 MB goal, 0 MB stacks, 0 MB globals, 16 P
gc 4887 @42.061s 2%: 0.13+0.40+0.11 ms clock, 2.1+0.67/0.78/0+1.8 ms cpu, 3->4->1 MB, 4 MB goal, 0 MB stacks, 0 MB globals, 16 P
gc 4888 @42.063s 2%: 0.12+0.57+0.14 ms clock, 1.9+0.60/0.95/0.002+2.2 ms cpu, 3->4->1 MB, 4 MB goal, 0 MB stacks, 0 MB globals, 16 P
gc 4889 @42.064s 2%: 0.086+0.63+0.16 ms clock, 1.3+0.67/0.81/0+2.5 ms cpu, 3->4->1 MB, 4 MB goal, 0 MB stacks, 0 MB globals, 16 P
gc 4890 @42.066s 2%: 0.17+0.62+0.10 ms clock, 2.8+0.74/0.95/0+1.7 ms cpu, 3->4->2 MB, 4 MB goal, 0 MB stacks, 0 MB globals, 16 P
gc 4891 @42.068s 2%: 0.14+0.49+0.17 ms clock, 2.3+0.75/0.77/0+2.7 ms cpu, 3->4->1 MB, 4 MB goal, 0 MB stacks, 0 MB globals, 16 P
gc 4892 @42.070s 2%: 0.15+0.71+0.16 ms clock, 2.4+0.59/0.92/0+2.5 ms cpu, 3->4->2 MB, 4 MB goal, 0 MB stacks, 0 MB globals, 16 P
gc 4893 @42.072s 2%: 0.14+0.52+0.15 ms clock, 2.3+0.67/0.95/0+2.4 ms cpu, 4->5->2 MB, 5 MB goal, 0 MB stacks, 0 MB globals, 16 P
gc 4894 @42.074s 2%: 0.17+0.69+0.069 ms clock, 2.7+0.64/0.72/0+1.1 ms cpu, 3->4->2 MB, 4 MB goal, 0 MB stacks, 0 MB globals, 16 P
gc 4895 @42.076s 2%: 0.11+0.79+0.056 ms clock, 1.9+0.57/0.99/0.014+0.89 ms cpu, 3->4->2 MB, 4 MB goal, 0 MB stacks, 0 MB globals, 16 P
gc 4896 @42.078s 2%: 0.11+0.60+0.14 ms clock, 1.9+0.65/0.89/0.030+2.3 ms cpu, 3->4->1 MB, 4 MB goal, 0 MB stacks, 0 MB globals, 16 P
gc 4897 @42.079s 2%: 0.17+0.60+0.17 ms clock, 2.7+0.72/0.84/0+2.7 ms cpu, 3->4->2 MB, 4 MB goal, 0 MB stacks, 0 MB globals, 16 P
gc 4898 @42.081s 2%: 0.13+0.59+0.10 ms clock, 2.1+0.50/0.83/0.004+1.6 ms cpu, 3->4->2 MB, 4 MB goal, 0 MB stacks, 0 MB globals, 16 P
gc 4899 @42.083s 2%: 0.10+0.59+0.098 ms clock, 1.6+0.43/0.85/0+1.5 ms cpu, 3->4->1 MB, 4 MB goal, 0 MB stacks, 0 MB globals, 16 P
gc 4900 @42.085s 2%: 0.13+0.50+0.11 ms clock, 2.0+0.51/0.86/0.052+1.8 ms cpu, 3->4->1 MB, 4 MB goal, 0 MB stacks, 0 MB globals, 16 P
gc 4901 @42.086s 2%: 0.12+0.48+0.11 ms clock, 1.9+0.53/0.91/0+1.7 ms cpu, 3->4->1 MB, 4 MB goal, 0 MB stacks, 0 MB globals, 16 P
gc 4902 @42.088s 2%: 0.11+0.58+0.10 ms clock, 1.8+0.58/0.89/0.003+1.7 ms cpu, 3->4->1 MB, 4 MB goal, 0 MB stacks, 0 MB globals, 16 P
gc 4903 @42.089s 2%: 0.10+0.61+0.10 ms clock, 1.6+0.67/0.93/0.017+1.7 ms cpu, 3->4->2 MB, 4 MB goal, 0 MB stacks, 0 MB globals, 16 P
gc 4904 @42.091s 2%: 0.14+0.56+0.088 ms clock, 2.3+0.56/0.82/0+1.4 ms cpu, 3->4->1 MB, 4 MB goal, 0 MB stacks, 0 MB globals, 16 P
gc 4905 @42.093s 2%: 0.10+0.54+0.10 ms clock, 1.6+0.51/0.81/0.003+1.6 ms cpu, 3->4->1 MB, 4 MB goal, 0 MB stacks, 0 MB globals, 16 P
gc 4906 @42.094s 2%: 0.13+0.57+0.10 ms clock, 2.1+0.56/0.81/0+1.6 ms cpu, 3->4->1 MB, 4 MB goal, 0 MB stacks, 0 MB globals, 16 P
gc 4907 @42.096s 2%: 0.13+0.49+0.17 ms clock, 2.0+0.67/0.79/0+2.8 ms cpu, 3->4->1 MB, 4 MB goal, 0 MB stacks, 0 MB globals, 16 P
gc 4908 @42.097s 2%: 0.13+0.50+0.13 ms clock, 2.1+0.57/0.79/0.003+2.1 ms cpu, 3->4->1 MB, 4 MB goal, 0 MB stacks, 0 MB globals, 16 P
gc 4909 @42.099s 2%: 0.096+0.64+0.11 ms clock, 1.5+0.57/0.87/0+1.8 ms cpu, 3->4->2 MB, 4 MB goal, 0 MB stacks, 0 MB globals, 16 P
gc 4910 @42.100s 2%: 0.20+0.61+0.090 ms clock, 3.2+0.55/0.88/0+1.4 ms cpu, 3->4->2 MB, 4 MB goal, 0 MB stacks, 0 MB globals, 16 P
gc 4911 @42.102s 2%: 0.13+0.51+0.14 ms clock, 2.1+0.52/0.85/0+2.2 ms cpu, 3->4->1 MB, 4 MB goal, 0 MB stacks, 0 MB globals, 16 P
gc 4912 @42.104s 2%: 0.11+0.52+0.12 ms clock, 1.8+0.62/0.80/0+2.0 ms cpu, 3->4->1 MB, 4 MB goal, 0 MB stacks, 0 MB globals, 16 P
gc 4913 @42.106s 2%: 0.14+0.58+0.11 ms clock, 2.3+0.60/0.78/0.007+1.7 ms cpu, 3->4->2 MB, 4 MB goal, 0 MB stacks, 0 MB globals, 16 P
gc 4914 @42.107s 2%: 0.14+0.68+0.091 ms clock, 2.3+0.66/0.99/0+1.4 ms cpu, 3->4->2 MB, 4 MB goal, 0 MB stacks, 0 MB globals, 16 P
gc 4915 @42.109s 2%: 0.11+0.70+0.072 ms clock, 1.8+0.71/0.75/0.002+1.1 ms cpu, 3->4->2 MB, 4 MB goal, 0 MB stacks, 0 MB globals, 16 P
gc 4916 @42.111s 2%: 0.16+0.73+0.025 ms clock, 2.6+0.65/0.87/0+0.40 ms cpu, 3->4->2 MB, 4 MB goal, 0 MB stacks, 0 MB globals, 16 P
gc 4917 @42.113s 2%: 0.14+0.68+0.11 ms clock, 2.3+0.58/0.89/0.004+1.7 ms cpu, 3->4->2 MB, 4 MB goal, 0 MB stacks, 0 MB globals, 16 P
gc 4918 @42.115s 2%: 0.096+0.90+0.096 ms clock, 1.5+0.54/0.94/0+1.5 ms cpu, 3->4->2 MB, 4 MB goal, 0 MB stacks, 0 MB globals, 16 P
gc 4919 @42.117s 2%: 0.15+0.58+0.10 ms clock, 2.5+0.67/0.80/0+1.6 ms cpu, 4->4->2 MB, 4 MB goal, 0 MB stacks, 0 MB globals, 16 P
gc 4920 @42.119s 2%: 0.14+0.50+0.082 ms clock, 2.2+0.55/0.91/0.013+1.3 ms cpu, 3->4->1 MB, 4 MB goal, 0 MB stacks, 0 MB globals, 16 P
gc 4921 @42.120s 2%: 0.10+0.57+0.11 ms clock, 1.7+0.62/0.87/0+1.8 ms cpu, 3->4->1 MB, 4 MB goal, 0 MB stacks, 0 MB globals, 16 P
gc 4922 @42.122s 2%: 0.14+0.57+0.10 ms clock, 2.2+0.62/0.72/0.003+1.7 ms cpu, 3->4->2 MB, 4 MB goal, 0 MB stacks, 0 MB globals, 16 P
gc 4923 @42.124s 2%: 0.16+0.58+0.14 ms clock, 2.7+0.73/0.69/0+2.3 ms cpu, 3->4->1 MB, 4 MB goal, 0 MB stacks, 0 MB globals, 16 P
gc 4924 @42.125s 2%: 0.15+0.44+0.11 ms clock, 2.5+0.57/0.71/0.025+1.8 ms cpu, 3->4->1 MB, 4 MB goal, 0 MB stacks, 0 MB globals, 16 P
gc 4925 @42.127s 2%: 0.13+0.47+0.14 ms clock, 2.2+0.52/0.76/0.058+2.3 ms cpu, 3->4->1 MB, 4 MB goal, 0 MB stacks, 0 MB globals, 16 P
gc 4926 @42.128s 2%: 0.12+0.41+0.14 ms clock, 1.9+0.64/0.74/0+2.2 ms cpu, 3->4->1 MB, 4 MB goal, 0 MB stacks, 0 MB globals, 16 P
gc 4927 @42.130s 2%: 0.18+0.51+0.089 ms clock, 2.9+0.52/0.80/0+1.4 ms cpu, 3->3->1 MB, 4 MB goal, 0 MB stacks, 0 MB globals, 16 P
gc 4928 @42.131s 2%: 0.15+0.45+0.16 ms clock, 2.4+0.60/0.78/0+2.7 ms cpu, 3->4->1 MB, 4 MB goal, 0 MB stacks, 0 MB globals, 16 P
gc 4929 @42.133s 2%: 0.13+0.63+0.090 ms clock, 2.1+0.52/0.92/0+1.4 ms cpu, 3->4->2 MB, 4 MB goal, 0 MB stacks, 0 MB globals, 16 P
gc 4930 @42.135s 2%: 0.10+0.46+0.086 ms clock, 1.7+0.62/0.83/0+1.3 ms cpu, 3->4->1 MB, 4 MB goal, 0 MB stacks, 0 MB globals, 16 P
gc 4931 @42.136s 2%: 0.13+0.70+0.16 ms clock, 2.1+0.71/1.0/0.016+2.5 ms cpu, 3->4->2 MB, 4 MB goal, 0 MB stacks, 0 MB globals, 16 P
gc 4932 @42.138s 2%: 0.096+0.51+0.13 ms clock, 1.5+0.45/0.75/0.061+2.2 ms cpu, 3->4->1 MB, 4 MB goal, 0 MB stacks, 0 MB globals, 16 P
gc 4933 @42.140s 2%: 0.13+0.76+0.092 ms clock, 2.1+0.57/0.78/0+1.4 ms cpu, 3->4->2 MB, 4 MB goal, 0 MB stacks, 0 MB globals, 16 P
gc 4934 @42.142s 2%: 0.13+0.63+0.11 ms clock, 2.1+0.54/0.91/0.002+1.8 ms cpu, 4->4->2 MB, 4 MB goal, 0 MB stacks, 0 MB globals, 16 P
gc 4935 @42.143s 2%: 0.10+0.46+0.13 ms clock, 1.6+0.58/0.79/0.020+2.1 ms cpu, 3->4->1 MB, 4 MB goal, 0 MB stacks, 0 MB globals, 16 P
gc 4936 @42.145s 2%: 0.097+0.59+0.10 ms clock, 1.5+0.70/0.95/0+1.6 ms cpu, 3->4->1 MB, 4 MB goal, 0 MB stacks, 0 MB globals, 16 P
gc 4937 @42.147s 2%: 0.14+0.56+0.19 ms clock, 2.2+0.57/0.86/0+3.0 ms cpu, 3->4->1 MB, 4 MB goal, 0 MB stacks, 0 MB globals, 16 P
gc 4938 @42.148s 2%: 0.13+0.62+0.089 ms clock, 2.1+0.55/0.78/0+1.4 ms cpu, 3->4->2 MB, 4 MB goal, 0 MB stacks, 0 MB globals, 16 P
gc 4939 @42.150s 2%: 0.13+0.59+0.073 ms clock, 2.1+0.58/0.79/0.012+1.1 ms cpu, 3->4->1 MB, 4 MB goal, 0 MB stacks, 0 MB globals, 16 P
gc 4940 @42.152s 2%: 0.086+0.76+0.089 ms clock, 1.3+0.60/0.78/0.014+1.4 ms cpu, 3->4->1 MB, 4 MB goal, 0 MB stacks, 0 MB globals, 16 P
gc 4941 @42.153s 2%: 0.13+0.50+0.13 ms clock, 2.1+0.59/0.78/0.080+2.1 ms cpu, 3->4->1 MB, 4 MB goal, 0 MB stacks, 0 MB globals, 16 P
gc 4942 @42.155s 2%: 0.11+0.77+0.11 ms clock, 1.8+0.48/0.82/0+1.9 ms cpu, 3->4->2 MB, 4 MB goal, 0 MB stacks, 0 MB globals, 16 P
gc 4943 @42.157s 2%: 0.19+0.53+0.13 ms clock, 3.1+0.57/0.81/0+2.1 ms cpu, 3->4->1 MB, 4 MB goal, 0 MB stacks, 0 MB globals, 16 P
gc 4944 @42.159s 2%: 0.12+0.68+0.10 ms clock, 2.0+0.70/1.0/0+1.7 ms cpu, 3->4->2 MB, 4 MB goal, 0 MB stacks, 0 MB globals, 16 P
gc 4945 @42.160s 2%: 0.10+0.62+0.17 ms clock, 1.6+0.61/0.89/0+2.8 ms cpu, 3->4->1 MB, 4 MB goal, 0 MB stacks, 0 MB globals, 16 P
gc 4946 @42.162s 2%: 0.14+0.55+0.086 ms clock, 2.3+0.84/0.78/0+1.3 ms cpu, 3->4->1 MB, 4 MB goal, 0 MB stacks, 0 MB globals, 16 P
gc 4947 @42.164s 2%: 0.16+0.50+0.17 ms clock, 2.5+0.86/0.80/0+2.7 ms cpu, 3->4->1 MB, 4 MB goal, 0 MB stacks, 0 MB globals, 16 P
gc 4948 @42.165s 2%: 0.13+0.55+0.13 ms clock, 2.1+0.69/0.80/0+2.1 ms cpu, 3->4->1 MB, 4 MB goal, 0 MB stacks, 0 MB globals, 16 P
gc 4949 @42.167s 2%: 0.18+0.75+0.099 ms clock, 3.0+0.61/0.79/0.081+1.5 ms cpu, 3->4->2 MB, 4 MB goal, 0 MB stacks, 0 MB globals, 16 P
gc 4950 @42.169s 2%: 0.20+0.79+0.10 ms clock, 3.2+0.47/0.95/0.024+1.6 ms cpu, 4->5->2 MB, 4 MB goal, 0 MB stacks, 0 MB globals, 16 P
gc 4951 @42.171s 2%: 0.16+0.70+0.12 ms clock, 2.6+0.42/1.0/0+2.0 ms cpu, 3->4->2 MB, 4 MB goal, 0 MB stacks, 0 MB globals, 16 P
gc 4952 @42.173s 2%: 0.15+0.48+0.11 ms clock, 2.4+0.72/0.84/0+1.8 ms cpu, 3->4->1 MB, 4 MB goal, 0 MB stacks, 0 MB globals, 16 P
gc 4953 @42.175s 2%: 0.13+0.42+0.20 ms clock, 2.2+0.67/0.72/0+3.3 ms cpu, 3->4->1 MB, 4 MB goal, 0 MB stacks, 0 MB globals, 16 P
gc 4954 @42.176s 2%: 0.10+0.59+0.10 ms clock, 1.6+0.66/0.82/0+1.7 ms cpu, 3->4->1 MB, 4 MB goal, 0 MB stacks, 0 MB globals, 16 P
gc 4955 @42.178s 2%: 0.17+0.45+0.17 ms clock, 2.7+0.56/0.81/0.002+2.7 ms cpu, 3->4->1 MB, 4 MB goal, 0 MB stacks, 0 MB globals, 16 P
gc 4956 @42.179s 2%: 0.10+0.59+0.11 ms clock, 1.6+0.65/0.85/0+1.8 ms cpu, 3->4->2 MB, 4 MB goal, 0 MB stacks, 0 MB globals, 16 P
gc 4957 @42.181s 2%: 0.12+0.67+0.093 ms clock, 2.0+0.70/0.64/0.045+1.4 ms cpu, 3->4->2 MB, 4 MB goal, 0 MB stacks, 0 MB globals, 16 P
gc 4958 @42.183s 2%: 0.15+0.54+0.14 ms clock, 2.5+0.67/0.93/0+2.3 ms cpu, 3->4->1 MB, 4 MB goal, 0 MB stacks, 0 MB globals, 16 P
gc 4959 @42.185s 2%: 0.13+0.68+0.16 ms clock, 2.1+0.62/0.89/0+2.5 ms cpu, 3->4->2 MB, 4 MB goal, 0 MB stacks, 0 MB globals, 16 P
gc 4960 @42.187s 2%: 0.10+0.71+0.12 ms clock, 1.7+0.59/0.77/0.047+2.0 ms cpu, 3->4->2 MB, 4 MB goal, 0 MB stacks, 0 MB globals, 16 P
gc 4961 @42.188s 2%: 0.11+0.61+0.14 ms clock, 1.8+0.47/0.86/0.016+2.2 ms cpu, 3->4->1 MB, 4 MB goal, 0 MB stacks, 0 MB globals, 16 P
gc 4962 @42.190s 2%: 0.11+0.57+0.075 ms clock, 1.8+0.65/0.64/0.063+1.2 ms cpu, 3->4->1 MB, 4 MB goal, 0 MB stacks, 0 MB globals, 16 P
gc 4963 @42.191s 2%: 0.17+0.68+0.11 ms clock, 2.8+0.56/0.77/0+1.7 ms cpu, 3->4->2 MB, 4 MB goal, 0 MB stacks, 0 MB globals, 16 P
gc 4964 @42.193s 2%: 0.14+0.59+0.12 ms clock, 2.2+0.63/0.80/0.057+1.9 ms cpu, 3->4->1 MB, 4 MB goal, 0 MB stacks, 0 MB globals, 16 P
gc 4965 @42.195s 2%: 0.10+0.57+0.065 ms clock, 1.7+0.66/0.88/0.003+1.0 ms cpu, 3->4->1 MB, 4 MB goal, 0 MB stacks, 0 MB globals, 16 P
gc 4966 @42.197s 2%: 0.14+0.59+0.12 ms clock, 2.2+0.53/0.89/0.009+1.9 ms cpu, 3->4->2 MB, 4 MB goal, 0 MB stacks, 0 MB globals, 16 P
gc 4967 @42.198s 2%: 0.11+0.57+0.093 ms clock, 1.8+0.63/0.91/0+1.5 ms cpu, 3->4->1 MB, 4 MB goal, 0 MB stacks, 0 MB globals, 16 P
gc 4968 @42.200s 2%: 0.12+0.48+0.17 ms clock, 2.0+0.40/0.89/0+2.7 ms cpu, 3->4->1 MB, 4 MB goal, 0 MB stacks, 0 MB globals, 16 P
gc 4969 @42.202s 2%: 0.15+0.60+0.14 ms clock, 2.4+0.55/0.74/0+2.3 ms cpu, 3->4->1 MB, 4 MB goal, 0 MB stacks, 0 MB globals, 16 P
gc 4970 @42.203s 2%: 0.12+0.51+0.097 ms clock, 1.9+0.56/0.74/0+1.5 ms cpu, 3->4->1 MB, 4 MB goal, 0 MB stacks, 0 MB globals, 16 P
gc 4971 @42.205s 2%: 0.16+0.47+0.14 ms clock, 2.6+0.59/0.80/0+2.3 ms cpu, 3->4->1 MB, 4 MB goal, 0 MB stacks, 0 MB globals, 16 P
gc 4972 @42.206s 2%: 0.14+0.53+0.15 ms clock, 2.3+0.62/0.76/0+2.4 ms cpu, 3->4->1 MB, 4 MB goal, 0 MB stacks, 0 MB globals, 16 P
gc 4973 @42.208s 2%: 0.12+0.53+0.10 ms clock, 2.0+0.46/0.89/0+1.7 ms cpu, 3->4->1 MB, 4 MB goal, 0 MB stacks, 0 MB globals, 16 P
gc 4974 @42.210s 2%: 0.15+0.84+0.099 ms clock, 2.4+0.52/0.89/0+1.5 ms cpu, 3->4->2 MB, 4 MB goal, 0 MB stacks, 0 MB globals, 16 P
gc 4975 @42.212s 2%: 0.10+0.81+0.12 ms clock, 1.6+0.55/0.97/0.021+1.9 ms cpu, 4->5->2 MB, 4 MB goal, 0 MB stacks, 0 MB globals, 16 P
gc 4976 @42.214s 2%: 0.13+0.67+0.083 ms clock, 2.1+0.63/0.99/0.015+1.3 ms cpu, 3->4->2 MB, 4 MB goal, 0 MB stacks, 0 MB globals, 16 P
gc 4977 @42.216s 2%: 0.10+0.53+0.067 ms clock, 1.6+0.61/0.94/0.024+1.0 ms cpu, 3->4->1 MB, 4 MB goal, 0 MB stacks, 0 MB globals, 16 P
gc 4978 @42.217s 2%: 0.12+0.57+0.037 ms clock, 2.0+0.57/0.83/0+0.60 ms cpu, 3->4->1 MB, 4 MB goal, 0 MB stacks, 0 MB globals, 16 P
gc 4979 @42.219s 2%: 0.11+0.48+0.099 ms clock, 1.8+0.61/0.80/0.080+1.5 ms cpu, 3->4->1 MB, 4 MB goal, 0 MB stacks, 0 MB globals, 16 P
gc 4980 @42.220s 2%: 0.16+0.66+0.055 ms clock, 2.6+0.38/0.93/0+0.88 ms cpu, 3->4->2 MB, 4 MB goal, 0 MB stacks, 0 MB globals, 16 P
gc 4981 @42.222s 2%: 0.093+0.52+0.089 ms clock, 1.4+0.63/0.77/0.009+1.4 ms cpu, 3->4->1 MB, 4 MB goal, 0 MB stacks, 0 MB globals, 16 P
gc 4982 @42.224s 2%: 0.12+0.57+0.10 ms clock, 2.0+0.53/0.90/0+1.6 ms cpu, 3->4->1 MB, 4 MB goal, 0 MB stacks, 0 MB globals, 16 P
gc 4983 @42.225s 2%: 0.12+0.54+0.11 ms clock, 1.9+0.61/0.83/0+1.7 ms cpu, 3->4->1 MB, 4 MB goal, 0 MB stacks, 0 MB globals, 16 P
gc 4984 @42.227s 2%: 0.11+0.53+0.062 ms clock, 1.8+0.58/0.82/0+0.99 ms cpu, 3->4->1 MB, 4 MB goal, 0 MB stacks, 0 MB globals, 16 P
gc 4985 @42.228s 2%: 0.16+0.49+0.11 ms clock, 2.7+0.66/0.78/0+1.9 ms cpu, 3->4->1 MB, 4 MB goal, 0 MB stacks, 0 MB globals, 16 P
gc 4986 @42.230s 2%: 0.12+0.51+0.11 ms clock, 2.0+0.68/0.85/0+1.7 ms cpu, 3->4->1 MB, 4 MB goal, 0 MB stacks, 0 MB globals, 16 P
gc 4987 @42.231s 2%: 0.13+0.53+0.087 ms clock, 2.2+0.62/0.74/0+1.3 ms cpu, 3->4->1 MB, 4 MB goal, 0 MB stacks, 0 MB globals, 16 P
gc 4988 @42.233s 2%: 0.11+0.58+0.12 ms clock, 1.8+0.51/0.90/0+2.0 ms cpu, 3->4->1 MB, 4 MB goal, 0 MB stacks, 0 MB globals, 16 P
gc 4989 @42.235s 2%: 0.15+0.59+0.13 ms clock, 2.4+0.51/0.89/0.042+2.1 ms cpu, 3->4->2 MB, 4 MB goal, 0 MB stacks, 0 MB globals, 16 P
gc 4990 @42.236s 2%: 0.11+0.72+0.058 ms clock, 1.8+0.47/0.97/0+0.92 ms cpu, 3->4->2 MB, 4 MB goal, 0 MB stacks, 0 MB globals, 16 P
gc 4991 @42.238s 2%: 0.17+0.68+0.097 ms clock, 2.7+0.56/0.92/0+1.5 ms cpu, 3->4->2 MB, 4 MB goal, 0 MB stacks, 0 MB globals, 16 P
gc 4992 @42.240s 2%: 0.12+0.47+0.19 ms clock, 2.0+0.48/0.88/0+3.0 ms cpu, 3->4->1 MB, 4 MB goal, 0 MB stacks, 0 MB globals, 16 P
gc 4993 @42.242s 2%: 0.10+0.58+0.087 ms clock, 1.7+0.46/0.83/0.12+1.3 ms cpu, 3->4->1 MB, 4 MB goal, 0 MB stacks, 0 MB globals, 16 P
gc 4994 @42.243s 2%: 0.11+0.65+0.16 ms clock, 1.7+0.65/0.88/0.001+2.5 ms cpu, 3->4->2 MB, 4 MB goal, 0 MB stacks, 0 MB globals, 16 P
gc 4995 @42.245s 2%: 0.10+0.65+0.13 ms clock, 1.6+0.46/0.84/0+2.0 ms cpu, 3->4->2 MB, 4 MB goal, 0 MB stacks, 0 MB globals, 16 P
gc 4996 @42.247s 2%: 0.15+0.52+0.11 ms clock, 2.4+0.60/0.74/0.10+1.8 ms cpu, 3->4->1 MB, 4 MB goal, 0 MB stacks, 0 MB globals, 16 P
gc 4997 @42.248s 2%: 0.17+0.55+0.15 ms clock, 2.7+0.66/0.69/0+2.4 ms cpu, 3->4->1 MB, 4 MB goal, 0 MB stacks, 0 MB globals, 16 P
gc 4998 @42.250s 2%: 0.16+0.54+0.17 ms clock, 2.7+0.59/0.87/0+2.8 ms cpu, 3->4->2 MB, 4 MB goal, 0 MB stacks, 0 MB globals, 16 P
gc 4999 @42.252s 2%: 0.12+0.58+0.091 ms clock, 1.9+0.59/0.85/0+1.4 ms cpu, 3->4->1 MB, 4 MB goal, 0 MB stacks, 0 MB globals, 16 P
gc 5000 @42.253s 2%: 0.11+0.77+0.075 ms clock, 1.8+0.46/0.90/0.010+1.2 ms cpu, 3->4->2 MB, 4 MB goal, 0 MB stacks, 0 MB globals, 16 P
gc 5001 @42.255s 2%: 0.12+0.59+0.094 ms clock, 1.9+0.65/0.89/0+1.5 ms cpu, 3->4->1 MB, 4 MB goal, 0 MB stacks, 0 MB globals, 16 P
gc 5002 @42.257s 2%: 0.11+0.62+0.13 ms clock, 1.7+0.51/0.80/0+2.1 ms cpu, 3->4->2 MB, 4 MB goal, 0 MB stacks, 0 MB globals, 16 P
gc 5003 @42.259s 2%: 0.10+0.53+0.10 ms clock, 1.7+0.54/0.77/0+1.7 ms cpu, 3->4->1 MB, 4 MB goal, 0 MB stacks, 0 MB globals, 16 P
gc 5004 @42.260s 2%: 0.11+0.59+0.090 ms clock, 1.7+0.58/0.83/0+1.4 ms cpu, 3->4->1 MB, 4 MB goal, 0 MB stacks, 0 MB globals, 16 P
gc 5005 @42.262s 2%: 0.11+0.54+0.11 ms clock, 1.8+0.61/0.79/0+1.7 ms cpu, 3->4->1 MB, 4 MB goal, 0 MB stacks, 0 MB globals, 16 P
gc 5006 @42.264s 2%: 0.17+0.68+0.035 ms clock, 2.8+0.65/0.91/0+0.56 ms cpu, 3->4->2 MB, 4 MB goal, 0 MB stacks, 0 MB globals, 16 P
gc 5007 @42.266s 2%: 0.16+0.57+0.080 ms clock, 2.7+0.54/0.81/0.038+1.2 ms cpu, 3->4->1 MB, 4 MB goal, 0 MB stacks, 0 MB globals, 16 P
gc 5008 @42.267s 2%: 0.18+0.52+0.12 ms clock, 3.0+0.70/0.93/0+2.0 ms cpu, 3->4->1 MB, 4 MB goal, 0 MB stacks, 0 MB globals, 16 P
gc 5009 @42.269s 2%: 0.24+0.50+0.11 ms clock, 3.9+0.53/0.85/0+1.8 ms cpu, 3->4->2 MB, 4 MB goal, 0 MB stacks, 0 MB globals, 16 P
gc 5010 @42.270s 2%: 0.14+0.54+0.11 ms clock, 2.3+0.81/0.81/0.007+1.8 ms cpu, 3->4->1 MB, 4 MB goal, 0 MB stacks, 0 MB globals, 16 P
gc 5011 @42.272s 2%: 0.16+0.73+0.12 ms clock, 2.6+0.68/1.0/0.004+1.9 ms cpu, 3->4->2 MB, 4 MB goal, 0 MB stacks, 0 MB globals, 16 P
gc 5012 @42.274s 2%: 0.087+0.46+0.12 ms clock, 1.4+0.66/0.90/0+2.0 ms cpu, 3->4->1 MB, 4 MB goal, 0 MB stacks, 0 MB globals, 16 P
gc 5013 @42.276s 2%: 0.12+0.49+0.10 ms clock, 1.9+0.57/0.71/0.015+1.6 ms cpu, 3->4->1 MB, 4 MB goal, 0 MB stacks, 0 MB globals, 16 P
gc 5014 @42.277s 2%: 0.18+0.63+0.074 ms clock, 2.9+0.64/0.81/0+1.1 ms cpu, 3->4->2 MB, 4 MB goal, 0 MB stacks, 0 MB globals, 16 P
gc 5015 @42.279s 2%: 0.10+0.67+0.089 ms clock, 1.7+0.68/0.83/0.004+1.4 ms cpu, 3->4->2 MB, 4 MB goal, 0 MB stacks, 0 MB globals, 16 P
gc 5016 @42.281s 2%: 0.11+0.54+0.10 ms clock, 1.9+0.59/0.79/0+1.7 ms cpu, 3->4->1 MB, 4 MB goal, 0 MB stacks, 0 MB globals, 16 P
gc 5017 @42.282s 2%: 0.10+0.46+0.094 ms clock, 1.7+0.51/0.72/0+1.5 ms cpu, 3->4->1 MB, 4 MB goal, 0 MB stacks, 0 MB globals, 16 P
gc 5018 @42.284s 2%: 0.094+0.77+0.093 ms clock, 1.5+0.55/0.87/0+1.4 ms cpu, 3->4->2 MB, 4 MB goal, 0 MB stacks, 0 MB globals, 16 P
gc 5019 @42.286s 2%: 0.13+0.64+0.10 ms clock, 2.0+0.70/0.74/0+1.6 ms cpu, 3->4->2 MB, 4 MB goal, 0 MB stacks, 0 MB globals, 16 P
gc 5020 @42.287s 2%: 0.14+0.40+0.17 ms clock, 2.3+0.91/0.74/0+2.7 ms cpu, 3->4->1 MB, 4 MB goal, 0 MB stacks, 0 MB globals, 16 P
gc 5021 @42.289s 2%: 0.18+0.59+0.10 ms clock, 2.9+0.64/0.75/0+1.6 ms cpu, 3->4->1 MB, 4 MB goal, 0 MB stacks, 0 MB globals, 16 P
gc 5022 @42.290s 2%: 0.19+0.59+0.094 ms clock, 3.1+0.61/0.80/0+1.5 ms cpu, 3->4->2 MB, 4 MB goal, 0 MB stacks, 0 MB globals, 16 P
gc 5023 @42.292s 2%: 0.086+0.64+0.15 ms clock, 1.3+0.51/0.91/0+2.4 ms cpu, 3->4->2 MB, 4 MB goal, 0 MB stacks, 0 MB globals, 16 P
gc 5024 @42.294s 2%: 0.14+0.41+0.13 ms clock, 2.2+0.65/0.73/0.021+2.2 ms cpu, 3->4->1 MB, 4 MB goal, 0 MB stacks, 0 MB globals, 16 P
gc 5025 @42.295s 2%: 0.15+0.56+0.095 ms clock, 2.5+0.47/0.83/0+1.5 ms cpu, 3->4->1 MB, 4 MB goal, 0 MB stacks, 0 MB globals, 16 P
gc 5026 @42.297s 2%: 0.10+0.67+0.10 ms clock, 1.6+0.50/0.91/0.038+1.6 ms cpu, 3->4->2 MB, 4 MB goal, 0 MB stacks, 0 MB globals, 16 P
gc 5027 @42.299s 2%: 0.18+0.61+0.089 ms clock, 2.9+0.64/0.83/0+1.4 ms cpu, 3->4->2 MB, 4 MB goal, 0 MB stacks, 0 MB globals, 16 P
gc 5028 @42.301s 2%: 0.10+0.81+0.055 ms clock, 1.6+0.51/0.86/0.037+0.89 ms cpu, 3->4->1 MB, 4 MB goal, 0 MB stacks, 0 MB globals, 16 P
gc 5029 @42.302s 2%: 0.16+0.58+0.11 ms clock, 2.6+0.51/0.73/0+1.8 ms cpu, 3->4->1 MB, 4 MB goal, 0 MB stacks, 0 MB globals, 16 P
gc 5030 @42.304s 2%: 0.12+0.63+0.085 ms clock, 1.9+0.56/0.82/0.025+1.3 ms cpu, 3->4->1 MB, 4 MB goal, 0 MB stacks, 0 MB globals, 16 P
gc 5031 @42.306s 2%: 0.14+0.70+0.11 ms clock, 2.2+0.79/0.96/0+1.7 ms cpu, 3->4->2 MB, 4 MB goal, 0 MB stacks, 0 MB globals, 16 P
gc 5032 @42.308s 2%: 0.11+0.76+0.12 ms clock, 1.8+0.65/0.66/0+2.0 ms cpu, 3->4->2 MB, 4 MB goal, 0 MB stacks, 0 MB globals, 16 P
gc 5033 @42.310s 2%: 0.13+0.61+0.086 ms clock, 2.1+0.53/0.75/0+1.3 ms cpu, 3->4->2 MB, 4 MB goal, 0 MB stacks, 0 MB globals, 16 P
gc 5034 @42.311s 2%: 0.11+0.56+0.097 ms clock, 1.9+0.55/0.83/0+1.5 ms cpu, 3->4->1 MB, 4 MB goal, 0 MB stacks, 0 MB globals, 16 P
gc 5035 @42.313s 2%: 0.13+0.71+0.073 ms clock, 2.1+0.59/0.94/0.008+1.1 ms cpu, 3->4->2 MB, 4 MB goal, 0 MB stacks, 0 MB globals, 16 P
gc 5036 @42.315s 2%: 0.15+0.70+0.11 ms clock, 2.4+0.52/0.85/0+1.8 ms cpu, 3->4->2 MB, 4 MB goal, 0 MB stacks, 0 MB globals, 16 P
gc 5037 @42.317s 2%: 0.12+0.64+0.051 ms clock, 2.0+0.57/0.85/0.043+0.81 ms cpu, 3->4->1 MB, 4 MB goal, 0 MB stacks, 0 MB globals, 16 P
gc 5038 @42.318s 2%: 0.15+0.54+0.14 ms clock, 2.4+0.44/0.81/0+2.3 ms cpu, 3->4->2 MB, 4 MB goal, 0 MB stacks, 0 MB globals, 16 P
gc 5039 @42.320s 2%: 0.15+0.59+0.12 ms clock, 2.4+0.64/0.80/0.001+1.9 ms cpu, 3->4->2 MB, 4 MB goal, 0 MB stacks, 0 MB globals, 16 P
gc 5040 @42.322s 2%: 0.12+0.56+0.11 ms clock, 1.9+0.58/0.68/0+1.8 ms cpu, 3->4->1 MB, 4 MB goal, 0 MB stacks, 0 MB globals, 16 P
gc 5041 @42.323s 2%: 0.14+0.79+0.066 ms clock, 2.3+0.54/0.80/0.026+1.0 ms cpu, 3->4->2 MB, 4 MB goal, 0 MB stacks, 0 MB globals, 16 P
gc 5042 @42.326s 2%: 0.15+0.62+0.097 ms clock, 2.4+0.61/0.85/0.003+1.5 ms cpu, 4->4->2 MB, 4 MB goal, 0 MB stacks, 0 MB globals, 16 P
gc 5043 @42.327s 2%: 0.15+0.69+0.094 ms clock, 2.5+0.70/0.85/0+1.5 ms cpu, 3->4->2 MB, 4 MB goal, 0 MB stacks, 0 MB globals, 16 P
gc 5044 @42.329s 2%: 0.14+0.64+0.091 ms clock, 2.2+0.48/0.99/0.005+1.4 ms cpu, 3->4->2 MB, 4 MB goal, 0 MB stacks, 0 MB globals, 16 P
gc 5045 @42.331s 2%: 0.17+0.60+0.12 ms clock, 2.7+0.67/0.91/0+2.0 ms cpu, 3->4->2 MB, 4 MB goal, 0 MB stacks, 0 MB globals, 16 P
gc 5046 @42.333s 2%: 0.11+0.46+0.15 ms clock, 1.9+0.50/0.73/0+2.5 ms cpu, 3->4->1 MB, 4 MB goal, 0 MB stacks, 0 MB globals, 16 P
gc 5047 @42.334s 2%: 0.12+0.55+0.12 ms clock, 1.9+0.69/0.83/0+2.0 ms cpu, 3->3->1 MB, 4 MB goal, 0 MB stacks, 0 MB globals, 16 P
gc 5048 @42.336s 2%: 0.12+0.55+0.16 ms clock, 1.9+0.53/0.84/0+2.6 ms cpu, 3->4->1 MB, 4 MB goal, 0 MB stacks, 0 MB globals, 16 P
gc 5049 @42.337s 2%: 0.10+0.48+0.050 ms clock, 1.6+0.53/0.79/0+0.80 ms cpu, 3->4->1 MB, 4 MB goal, 0 MB stacks, 0 MB globals, 16 P
gc 5050 @42.339s 2%: 0.15+0.74+0.10 ms clock, 2.5+0.61/0.92/0+1.6 ms cpu, 3->4->2 MB, 4 MB goal, 0 MB stacks, 0 MB globals, 16 P
gc 5051 @42.341s 2%: 0.13+0.62+0.092 ms clock, 2.0+0.47/0.81/0+1.4 ms cpu, 4->4->1 MB, 4 MB goal, 0 MB stacks, 0 MB globals, 16 P
gc 5052 @42.343s 2%: 0.10+0.67+0.059 ms clock, 1.7+0.62/1.0/0+0.94 ms cpu, 3->4->2 MB, 4 MB goal, 0 MB stacks, 0 MB globals, 16 P
gc 5053 @42.344s 2%: 0.15+0.63+0.071 ms clock, 2.4+0.62/0.94/0+1.1 ms cpu, 3->4->2 MB, 4 MB goal, 0 MB stacks, 0 MB globals, 16 P
gc 5054 @42.346s 2%: 0.16+0.64+0.096 ms clock, 2.7+0.59/0.73/0+1.5 ms cpu, 3->4->2 MB, 4 MB goal, 0 MB stacks, 0 MB globals, 16 P
gc 5055 @42.348s 2%: 0.10+0.47+0.16 ms clock, 1.6+0.79/0.88/0.001+2.6 ms cpu, 3->4->1 MB, 4 MB goal, 0 MB stacks, 0 MB globals, 16 P
gc 5056 @42.349s 2%: 0.15+0.62+0.081 ms clock, 2.4+0.64/0.79/0+1.3 ms cpu, 3->4->2 MB, 4 MB goal, 0 MB stacks, 0 MB globals, 16 P
gc 5057 @42.351s 2%: 0.10+0.58+0.10 ms clock, 1.6+0.50/0.80/0+1.6 ms cpu, 3->4->1 MB, 4 MB goal, 0 MB stacks, 0 MB globals, 16 P
gc 5058 @42.353s 2%: 0.11+0.63+0.075 ms clock, 1.8+0.50/0.86/0+1.2 ms cpu, 3->4->1 MB, 4 MB goal, 0 MB stacks, 0 MB globals, 16 P
gc 5059 @42.355s 2%: 0.089+0.62+0.098 ms clock, 1.4+0.47/0.80/0.058+1.5 ms cpu, 3->4->1 MB, 4 MB goal, 0 MB stacks, 0 MB globals, 16 P
gc 5060 @42.356s 2%: 0.10+0.66+0.028 ms clock, 1.6+0.58/1.0/0+0.45 ms cpu, 3->4->1 MB, 4 MB goal, 0 MB stacks, 0 MB globals, 16 P
gc 5061 @42.358s 2%: 0.14+0.59+0.067 ms clock, 2.2+0.62/0.78/0+1.0 ms cpu, 3->4->1 MB, 4 MB goal, 0 MB stacks, 0 MB globals, 16 P
gc 5062 @42.359s 2%: 0.10+0.66+0.10 ms clock, 1.6+0.51/0.80/0+1.7 ms cpu, 3->4->1 MB, 4 MB goal, 0 MB stacks, 0 MB globals, 16 P
gc 5063 @42.361s 2%: 0.16+0.52+0.10 ms clock, 2.7+0.64/0.76/0+1.6 ms cpu, 3->4->1 MB, 4 MB goal, 0 MB stacks, 0 MB globals, 16 P
gc 5064 @42.363s 2%: 0.11+0.66+0.096 ms clock, 1.7+0.59/1.0/0.035+1.5 ms cpu, 3->4->1 MB, 4 MB goal, 0 MB stacks, 0 MB globals, 16 P
gc 5065 @42.364s 2%: 0.11+0.65+0.11 ms clock, 1.7+0.59/0.88/0+1.7 ms cpu, 3->4->2 MB, 4 MB goal, 0 MB stacks, 0 MB globals, 16 P
gc 5066 @42.366s 2%: 0.13+0.59+0.15 ms clock, 2.1+0.72/0.73/0+2.5 ms cpu, 3->4->1 MB, 4 MB goal, 0 MB stacks, 0 MB globals, 16 P
gc 5067 @42.368s 2%: 0.13+0.58+0.082 ms clock, 2.1+0.56/0.90/0+1.3 ms cpu, 3->4->2 MB, 4 MB goal, 0 MB stacks, 0 MB globals, 16 P
gc 5068 @42.369s 2%: 0.12+0.54+0.15 ms clock, 2.0+0.71/0.89/0.003+2.4 ms cpu, 3->4->1 MB, 4 MB goal, 0 MB stacks, 0 MB globals, 16 P
gc 5069 @42.371s 2%: 0.16+0.48+0.13 ms clock, 2.6+0.68/0.82/0+2.1 ms cpu, 3->4->1 MB, 4 MB goal, 0 MB stacks, 0 MB globals, 16 P
gc 5070 @42.373s 2%: 0.15+0.47+0.046 ms clock, 2.4+0.46/0.92/0.015+0.74 ms cpu, 3->4->1 MB, 4 MB goal, 0 MB stacks, 0 MB globals, 16 P
gc 5071 @42.374s 2%: 0.12+0.49+0.17 ms clock, 2.0+0.54/0.76/0+2.8 ms cpu, 3->4->1 MB, 4 MB goal, 0 MB stacks, 0 MB globals, 16 P
gc 5072 @42.376s 2%: 0.16+0.59+0.15 ms clock, 2.6+0.65/0.92/0+2.4 ms cpu, 3->4->2 MB, 4 MB goal, 0 MB stacks, 0 MB globals, 16 P
gc 5073 @42.378s 2%: 0.12+0.49+0.17 ms clock, 1.9+0.68/0.73/0+2.8 ms cpu, 3->4->1 MB, 4 MB goal, 0 MB stacks, 0 MB globals, 16 P
gc 5074 @42.379s 2%: 0.15+0.64+0.097 ms clock, 2.4+0.63/0.86/0+1.5 ms cpu, 3->4->2 MB, 4 MB goal, 0 MB stacks, 0 MB globals, 16 P
gc 5075 @42.381s 2%: 0.17+0.55+0.15 ms clock, 2.7+0.61/0.86/0+2.4 ms cpu, 3->4->2 MB, 4 MB goal, 0 MB stacks, 0 MB globals, 16 P
gc 5076 @42.383s 2%: 0.12+0.49+0.018 ms clock, 1.9+0.70/0.80/0+0.29 ms cpu, 3->4->1 MB, 4 MB goal, 0 MB stacks, 0 MB globals, 16 P
gc 5077 @42.384s 2%: 0.15+0.64+0.062 ms clock, 2.4+0.54/0.84/0+1.0 ms cpu, 3->4->1 MB, 4 MB goal, 0 MB stacks, 0 MB globals, 16 P
gc 5078 @42.386s 2%: 0.14+0.53+0.10 ms clock, 2.3+0.49/0.70/0.075+1.6 ms cpu, 3->4->1 MB, 4 MB goal, 0 MB stacks, 0 MB globals, 16 P
gc 5079 @42.388s 2%: 0.084+0.72+0.074 ms clock, 1.3+0.56/0.99/0.004+1.1 ms cpu, 3->4->2 MB, 4 MB goal, 0 MB stacks, 0 MB globals, 16 P
gc 5080 @42.390s 2%: 0.094+0.79+0.089 ms clock, 1.5+0.55/0.79/0.064+1.4 ms cpu, 3->4->2 MB, 4 MB goal, 0 MB stacks, 0 MB globals, 16 P
gc 5081 @42.391s 2%: 0.16+0.48+0.10 ms clock, 2.5+0.55/0.79/0+1.7 ms cpu, 3->4->1 MB, 4 MB goal, 0 MB stacks, 0 MB globals, 16 P
gc 5082 @42.393s 2%: 0.16+0.54+0.11 ms clock, 2.5+0.55/0.85/0.011+1.8 ms cpu, 3->4->1 MB, 4 MB goal, 0 MB stacks, 0 MB globals, 16 P
gc 5083 @42.394s 2%: 0.10+0.58+0.12 ms clock, 1.6+0.49/0.78/0.003+2.0 ms cpu, 3->4->2 MB, 4 MB goal, 0 MB stacks, 0 MB globals, 16 P
gc 5084 @42.396s 2%: 0.11+0.52+0.10 ms clock, 1.8+0.52/0.86/0+1.6 ms cpu, 3->4->1 MB, 4 MB goal, 0 MB stacks, 0 MB globals, 16 P
gc 5085 @42.398s 2%: 0.10+0.51+0.16 ms clock, 1.6+0.57/0.76/0+2.5 ms cpu, 3->4->1 MB, 4 MB goal, 0 MB stacks, 0 MB globals, 16 P
gc 5086 @42.399s 2%: 0.10+0.66+0.097 ms clock, 1.6+0.58/0.82/0+1.5 ms cpu, 3->4->1 MB, 4 MB goal, 0 MB stacks, 0 MB globals, 16 P
gc 5087 @42.401s 2%: 0.11+0.64+0.10 ms clock, 1.7+0.50/0.96/0+1.6 ms cpu, 3->4->1 MB, 4 MB goal, 0 MB stacks, 0 MB globals, 16 P
gc 5088 @42.403s 2%: 0.19+0.59+0.10 ms clock, 3.0+0.70/0.68/0.005+1.6 ms cpu, 3->4->2 MB, 4 MB goal, 0 MB stacks, 0 MB globals, 16 P
gc 5089 @42.404s 2%: 0.11+0.58+0.091 ms clock, 1.8+0.53/0.94/0+1.4 ms cpu, 3->4->2 MB, 4 MB goal, 0 MB stacks, 0 MB globals, 16 P
gc 5090 @42.406s 2%: 0.16+0.46+0.17 ms clock, 2.6+0.68/0.73/0+2.8 ms cpu, 3->4->1 MB, 4 MB goal, 0 MB stacks, 0 MB globals, 16 P
gc 5091 @42.408s 2%: 0.17+0.72+0.15 ms clock, 2.7+0.94/0.78/0+2.5 ms cpu, 3->4->2 MB, 4 MB goal, 0 MB stacks, 0 MB globals, 16 P
gc 5092 @42.410s 2%: 0.12+0.67+0.10 ms clock, 2.0+0.55/0.75/0.056+1.7 ms cpu, 3->4->2 MB, 4 MB goal, 0 MB stacks, 0 MB globals, 16 P
gc 5093 @42.412s 2%: 0.11+0.53+0.091 ms clock, 1.7+0.46/0.87/0.016+1.4 ms cpu, 3->4->1 MB, 4 MB goal, 0 MB stacks, 0 MB globals, 16 P
gc 5094 @42.413s 2%: 0.13+0.51+0.10 ms clock, 2.1+0.62/0.79/0+1.6 ms cpu, 3->4->1 MB, 4 MB goal, 0 MB stacks, 0 MB globals, 16 P
gc 5095 @42.415s 2%: 0.12+0.63+0.093 ms clock, 1.9+0.53/0.98/0.002+1.4 ms cpu, 3->4->1 MB, 4 MB goal, 0 MB stacks, 0 MB globals, 16 P
gc 5096 @42.416s 2%: 0.13+0.81+0.11 ms clock, 2.2+0.55/0.83/0+1.7 ms cpu, 3->4->2 MB, 4 MB goal, 0 MB stacks, 0 MB globals, 16 P
gc 5097 @42.419s 2%: 0.12+0.47+0.18 ms clock, 1.9+0.62/0.76/0.003+2.9 ms cpu, 3->4->1 MB, 4 MB goal, 0 MB stacks, 0 MB globals, 16 P
gc 5098 @42.420s 2%: 0.13+0.41+0.17 ms clock, 2.1+0.59/0.78/0.058+2.7 ms cpu, 3->4->1 MB, 4 MB goal, 0 MB stacks, 0 MB globals, 16 P
gc 5099 @42.422s 2%: 0.12+0.46+0.16 ms clock, 2.0+0.67/0.71/0.009+2.5 ms cpu, 3->4->1 MB, 4 MB goal, 0 MB stacks, 0 MB globals, 16 P
gc 5100 @42.423s 2%: 0.11+0.71+0.046 ms clock, 1.7+0.56/0.78/0+0.74 ms cpu, 3->4->1 MB, 4 MB goal, 0 MB stacks, 0 MB globals, 16 P
gc 5101 @42.425s 2%: 0.12+0.45+0.041 ms clock, 2.0+0.58/0.79/0+0.67 ms cpu, 3->4->1 MB, 4 MB goal, 0 MB stacks, 0 MB globals, 16 P
gc 5102 @42.426s 2%: 0.15+0.44+0.15 ms clock, 2.4+0.59/0.68/0.062+2.4 ms cpu, 3->3->1 MB, 4 MB goal, 0 MB stacks, 0 MB globals, 16 P
gc 5103 @42.428s 2%: 0.11+0.54+0.16 ms clock, 1.7+0.63/0.81/0+2.5 ms cpu, 3->3->1 MB, 4 MB goal, 0 MB stacks, 0 MB globals, 16 P
gc 5104 @42.429s 2%: 0.10+0.49+0.17 ms clock, 1.7+0.62/0.76/0.015+2.8 ms cpu, 3->4->1 MB, 4 MB goal, 0 MB stacks, 0 MB globals, 16 P
gc 5105 @42.430s 2%: 0.12+0.72+0.11 ms clock, 1.9+0.67/0.74/0.009+1.8 ms cpu, 3->4->2 MB, 4 MB goal, 0 MB stacks, 0 MB globals, 16 P
gc 5106 @42.432s 2%: 0.11+0.71+0.095 ms clock, 1.8+0.52/0.80/0+1.5 ms cpu, 3->4->2 MB, 4 MB goal, 0 MB stacks, 0 MB globals, 16 P
gc 5107 @42.434s 2%: 0.10+0.57+0.14 ms clock, 1.7+0.59/1.0/0+2.3 ms cpu, 3->4->1 MB, 4 MB goal, 0 MB stacks, 0 MB globals, 16 P
gc 5108 @42.436s 2%: 0.12+0.63+0.10 ms clock, 1.9+0.70/0.78/0+1.6 ms cpu, 3->4->1 MB, 4 MB goal, 0 MB stacks, 0 MB globals, 16 P
gc 5109 @42.437s 2%: 0.11+0.46+0.099 ms clock, 1.8+0.54/0.75/0.018+1.5 ms cpu, 3->4->1 MB, 4 MB goal, 0 MB stacks, 0 MB globals, 16 P
gc 5110 @42.439s 2%: 0.13+0.53+0.15 ms clock, 2.2+0.49/0.76/0+2.4 ms cpu, 3->4->1 MB, 4 MB goal, 0 MB stacks, 0 MB globals, 16 P
gc 5111 @42.440s 2%: 0.16+0.49+0.084 ms clock, 2.6+0.56/0.82/0+1.3 ms cpu, 3->4->1 MB, 4 MB goal, 0 MB stacks, 0 MB globals, 16 P
gc 5112 @42.442s 2%: 0.12+0.68+0.097 ms clock, 2.0+0.55/0.88/0+1.5 ms cpu, 3->4->2 MB, 4 MB goal, 0 MB stacks, 0 MB globals, 16 P
gc 5113 @42.444s 2%: 0.098+0.61+0.091 ms clock, 1.5+0.48/0.77/0.002+1.4 ms cpu, 3->4->1 MB, 4 MB goal, 0 MB stacks, 0 MB globals, 16 P
gc 5114 @42.445s 2%: 0.10+0.71+0.11 ms clock, 1.6+0.45/0.87/0+1.9 ms cpu, 3->4->2 MB, 4 MB goal, 0 MB stacks, 0 MB globals, 16 P
gc 5115 @42.447s 2%: 0.15+0.52+0.11 ms clock, 2.4+0.55/0.77/0+1.9 ms cpu, 3->4->1 MB, 4 MB goal, 0 MB stacks, 0 MB globals, 16 P
gc 5116 @42.449s 2%: 0.10+0.47+0.095 ms clock, 1.7+0.57/0.79/0+1.5 ms cpu, 3->4->1 MB, 4 MB goal, 0 MB stacks, 0 MB globals, 16 P
gc 5117 @42.450s 2%: 0.11+0.57+0.059 ms clock, 1.8+0.64/0.73/0+0.95 ms cpu, 3->4->1 MB, 4 MB goal, 0 MB stacks, 0 MB globals, 16 P
gc 5118 @42.452s 2%: 0.15+0.50+0.091 ms clock, 2.4+0.64/0.80/0.017+1.4 ms cpu, 3->4->1 MB, 4 MB goal, 0 MB stacks, 0 MB globals, 16 P
gc 5119 @42.454s 2%: 0.13+0.69+0.077 ms clock, 2.0+0.57/0.85/0+1.2 ms cpu, 3->4->2 MB, 4 MB goal, 0 MB stacks, 0 MB globals, 16 P
gc 5120 @42.456s 2%: 0.20+0.69+0.097 ms clock, 3.2+0.71/0.88/0.002+1.5 ms cpu, 3->4->2 MB, 4 MB goal, 0 MB stacks, 0 MB globals, 16 P
gc 5121 @42.458s 2%: 0.13+0.61+0.10 ms clock, 2.0+0.58/0.78/0.037+1.6 ms cpu, 4->4->2 MB, 4 MB goal, 0 MB stacks, 0 MB globals, 16 P
gc 5122 @42.459s 2%: 0.11+0.59+0.096 ms clock, 1.8+0.64/0.89/0+1.5 ms cpu, 3->4->2 MB, 4 MB goal, 0 MB stacks, 0 MB globals, 16 P
gc 5123 @42.461s 2%: 0.15+0.68+0.10 ms clock, 2.4+0.53/0.85/0+1.6 ms cpu, 3->4->2 MB, 4 MB goal, 0 MB stacks, 0 MB globals, 16 P
gc 5124 @42.463s 2%: 0.14+0.62+0.092 ms clock, 2.3+0.61/0.91/0+1.4 ms cpu, 3->4->2 MB, 4 MB goal, 0 MB stacks, 0 MB globals, 16 P
gc 5125 @42.465s 2%: 0.14+0.65+0.13 ms clock, 2.3+0.60/0.85/0.024+2.2 ms cpu, 3->4->2 MB, 4 MB goal, 0 MB stacks, 0 MB globals, 16 P
gc 5126 @42.467s 2%: 0.12+0.55+0.10 ms clock, 2.0+0.74/0.68/0+1.6 ms cpu, 3->4->1 MB, 4 MB goal, 0 MB stacks, 0 MB globals, 16 P
gc 5127 @42.469s 2%: 0.14+0.60+0.10 ms clock, 2.3+0.69/0.75/0+1.6 ms cpu, 3->4->1 MB, 4 MB goal, 0 MB stacks, 0 MB globals, 16 P
gc 5128 @42.470s 2%: 0.13+0.43+0.13 ms clock, 2.1+0.57/0.77/0.015+2.1 ms cpu, 3->4->1 MB, 4 MB goal, 0 MB stacks, 0 MB globals, 16 P
gc 5129 @42.472s 2%: 0.10+0.62+0.082 ms clock, 1.6+0.50/0.95/0.010+1.3 ms cpu, 3->4->1 MB, 4 MB goal, 0 MB stacks, 0 MB globals, 16 P
gc 5130 @42.473s 2%: 0.11+0.67+0.13 ms clock, 1.8+0.71/0.80/0.001+2.0 ms cpu, 3->4->2 MB, 4 MB goal, 0 MB stacks, 0 MB globals, 16 P
gc 5131 @42.475s 2%: 0.10+0.67+0.088 ms clock, 1.6+0.51/0.78/0.004+1.4 ms cpu, 3->4->2 MB, 4 MB goal, 0 MB stacks, 0 MB globals, 16 P
gc 5132 @42.477s 2%: 0.12+0.62+0.093 ms clock, 1.9+0.52/0.98/0+1.5 ms cpu, 3->4->2 MB, 4 MB goal, 0 MB stacks, 0 MB globals, 16 P
gc 5133 @42.479s 2%: 0.11+0.52+0.10 ms clock, 1.8+0.62/0.82/0+1.7 ms cpu, 3->4->1 MB, 4 MB goal, 0 MB stacks, 0 MB globals, 16 P
gc 5134 @42.480s 2%: 0.13+0.52+0.14 ms clock, 2.0+0.53/0.78/0+2.3 ms cpu, 3->4->1 MB, 4 MB goal, 0 MB stacks, 0 MB globals, 16 P
gc 5135 @42.482s 2%: 0.12+0.49+0.12 ms clock, 2.0+0.53/0.78/0+2.0 ms cpu, 3->4->1 MB, 4 MB goal, 0 MB stacks, 0 MB globals, 16 P
gc 5136 @42.483s 2%: 0.13+0.58+0.13 ms clock, 2.2+0.63/0.81/0+2.0 ms cpu, 3->4->1 MB, 4 MB goal, 0 MB stacks, 0 MB globals, 16 P
gc 5137 @42.485s 2%: 0.10+0.78+0.11 ms clock, 1.7+0.57/0.95/0.007+1.8 ms cpu, 3->4->2 MB, 4 MB goal, 0 MB stacks, 0 MB globals, 16 P
gc 5138 @42.487s 2%: 0.12+0.57+0.10 ms clock, 2.0+0.69/0.82/0+1.6 ms cpu, 4->4->1 MB, 4 MB goal, 0 MB stacks, 0 MB globals, 16 P
gc 5139 @42.489s 2%: 0.10+0.60+0.12 ms clock, 1.6+0.51/0.83/0.011+2.0 ms cpu, 3->4->1 MB, 4 MB goal, 0 MB stacks, 0 MB globals, 16 P
gc 5140 @42.490s 2%: 0.19+0.53+0.15 ms clock, 3.0+0.59/0.79/0+2.4 ms cpu, 3->4->2 MB, 4 MB goal, 0 MB stacks, 0 MB globals, 16 P
gc 5141 @42.492s 2%: 0.14+0.57+0.13 ms clock, 2.2+0.52/0.84/0+2.2 ms cpu, 3->4->1 MB, 4 MB goal, 0 MB stacks, 0 MB globals, 16 P
gc 5142 @42.494s 2%: 0.14+0.72+0.075 ms clock, 2.2+0.58/0.84/0+1.2 ms cpu, 3->4->2 MB, 4 MB goal, 0 MB stacks, 0 MB globals, 16 P
gc 5143 @42.496s 2%: 0.11+0.55+0.10 ms clock, 1.8+0.47/0.93/0.004+1.6 ms cpu, 3->4->1 MB, 4 MB goal, 0 MB stacks, 0 MB globals, 16 P
gc 5144 @42.497s 2%: 0.10+0.69+0.093 ms clock, 1.7+0.55/0.91/0+1.4 ms cpu, 3->4->2 MB, 4 MB goal, 0 MB stacks, 0 MB globals, 16 P
gc 5145 @42.499s 2%: 0.12+0.44+0.17 ms clock, 2.0+0.68/0.60/0.031+2.7 ms cpu, 3->4->1 MB, 4 MB goal, 0 MB stacks, 0 MB globals, 16 P
gc 5146 @42.501s 2%: 0.14+0.63+0.049 ms clock, 2.2+0.74/0.86/0.023+0.79 ms cpu, 3->4->2 MB, 4 MB goal, 0 MB stacks, 0 MB globals, 16 P
gc 5147 @42.502s 2%: 0.14+0.52+0.069 ms clock, 2.3+0.51/0.82/0+1.1 ms cpu, 3->4->1 MB, 4 MB goal, 0 MB stacks, 0 MB globals, 16 P
gc 5148 @42.504s 2%: 0.15+0.42+0.16 ms clock, 2.4+0.60/0.74/0+2.6 ms cpu, 3->4->1 MB, 4 MB goal, 0 MB stacks, 0 MB globals, 16 P
gc 5149 @42.506s 2%: 0.13+0.72+0.11 ms clock, 2.1+0.71/0.80/0.002+1.9 ms cpu, 3->4->2 MB, 4 MB goal, 0 MB stacks, 0 MB globals, 16 P
gc 5150 @42.508s 2%: 0.11+0.75+0.077 ms clock, 1.8+0.56/0.81/0+1.2 ms cpu, 4->4->2 MB, 4 MB goal, 0 MB stacks, 0 MB globals, 16 P
gc 5151 @42.509s 2%: 0.12+0.56+0.10 ms clock, 1.9+0.56/0.89/0+1.7 ms cpu, 3->4->1 MB, 4 MB goal, 0 MB stacks, 0 MB globals, 16 P
gc 5152 @42.511s 2%: 0.11+0.57+0.090 ms clock, 1.7+0.51/0.78/0+1.4 ms cpu, 3->4->1 MB, 4 MB goal, 0 MB stacks, 0 MB globals, 16 P
gc 5153 @42.513s 2%: 0.092+0.55+0.10 ms clock, 1.4+0.60/0.82/0.004+1.7 ms cpu, 3->4->1 MB, 4 MB goal, 0 MB stacks, 0 MB globals, 16 P
gc 5154 @42.514s 2%: 0.16+0.45+0.076 ms clock, 2.5+0.45/0.75/0+1.2 ms cpu, 3->4->1 MB, 4 MB goal, 0 MB stacks, 0 MB globals, 16 P
gc 5155 @42.516s 2%: 0.11+0.68+0.060 ms clock, 1.8+0.52/0.85/0.036+0.96 ms cpu, 3->4->1 MB, 4 MB goal, 0 MB stacks, 0 MB globals, 16 P
gc 5156 @42.517s 2%: 0.11+0.52+0.11 ms clock, 1.8+0.55/0.92/0+1.8 ms cpu, 3->4->1 MB, 4 MB goal, 0 MB stacks, 0 MB globals, 16 P
gc 5157 @42.519s 2%: 0.13+0.66+0.14 ms clock, 2.1+0.50/0.94/0.005+2.2 ms cpu, 3->4->2 MB, 4 MB goal, 0 MB stacks, 0 MB globals, 16 P
gc 5158 @42.521s 2%: 0.12+0.50+0.11 ms clock, 1.9+0.65/0.66/0+1.8 ms cpu, 3->4->1 MB, 4 MB goal, 0 MB stacks, 0 MB globals, 16 P
gc 5159 @42.523s 2%: 0.095+0.63+0.085 ms clock, 1.5+0.51/0.81/0+1.3 ms cpu, 3->4->1 MB, 4 MB goal, 0 MB stacks, 0 MB globals, 16 P
gc 5160 @42.524s 2%: 0.11+0.52+0.12 ms clock, 1.8+0.70/0.65/0.063+2.0 ms cpu, 3->4->1 MB, 4 MB goal, 0 MB stacks, 0 MB globals, 16 P
gc 5161 @42.526s 2%: 0.10+0.69+0.034 ms clock, 1.6+0.69/0.81/0+0.54 ms cpu, 3->4->1 MB, 4 MB goal, 0 MB stacks, 0 MB globals, 16 P
gc 5162 @42.528s 2%: 0.12+0.51+0.16 ms clock, 1.9+0.62/0.73/0+2.5 ms cpu, 3->4->1 MB, 4 MB goal, 0 MB stacks, 0 MB globals, 16 P
gc 5163 @42.529s 2%: 0.12+0.51+0.077 ms clock, 1.9+0.46/0.81/0+1.2 ms cpu, 3->4->1 MB, 4 MB goal, 0 MB stacks, 0 MB globals, 16 P
gc 5164 @42.531s 2%: 0.11+0.70+0.094 ms clock, 1.8+0.69/0.82/0.011+1.5 ms cpu, 3->4->2 MB, 4 MB goal, 0 MB stacks, 0 MB globals, 16 P
gc 5165 @42.533s 2%: 0.17+0.61+0.19 ms clock, 2.8+0.72/0.98/0+3.1 ms cpu, 3->4->2 MB, 4 MB goal, 0 MB stacks, 0 MB globals, 16 P
gc 5166 @42.534s 2%: 0.098+0.61+0.14 ms clock, 1.5+0.63/0.70/0.009+2.2 ms cpu, 3->4->1 MB, 4 MB goal, 0 MB stacks, 0 MB globals, 16 P
gc 5167 @42.536s 2%: 0.086+0.61+0.089 ms clock, 1.3+0.49/0.87/0.003+1.4 ms cpu, 3->4->2 MB, 4 MB goal, 0 MB stacks, 0 MB globals, 16 P
gc 5168 @42.538s 2%: 0.10+0.52+0.097 ms clock, 1.6+0.55/0.79/0+1.5 ms cpu, 3->4->1 MB, 4 MB goal, 0 MB stacks, 0 MB globals, 16 P
gc 5169 @42.539s 2%: 0.20+0.65+0.10 ms clock, 3.3+0.72/0.90/0+1.7 ms cpu, 3->4->2 MB, 4 MB goal, 0 MB stacks, 0 MB globals, 16 P
gc 5170 @42.541s 2%: 0.11+0.57+0.13 ms clock, 1.8+0.55/0.82/0.001+2.1 ms cpu, 3->4->1 MB, 4 MB goal, 0 MB stacks, 0 MB globals, 16 P
gc 5171 @42.543s 2%: 0.12+0.50+0.12 ms clock, 2.0+0.50/0.77/0+2.0 ms cpu, 3->4->1 MB, 4 MB goal, 0 MB stacks, 0 MB globals, 16 P
gc 5172 @42.544s 2%: 0.10+0.69+0.088 ms clock, 1.6+0.64/0.72/0+1.4 ms cpu, 3->4->1 MB, 4 MB goal, 0 MB stacks, 0 MB globals, 16 P
gc 5173 @42.546s 2%: 0.12+0.72+0.10 ms clock, 2.0+0.40/0.81/0.049+1.7 ms cpu, 3->4->2 MB, 4 MB goal, 0 MB stacks, 0 MB globals, 16 P
gc 5174 @42.548s 2%: 0.14+0.60+0.086 ms clock, 2.2+0.81/0.82/0+1.3 ms cpu, 3->4->2 MB, 4 MB goal, 0 MB stacks, 0 MB globals, 16 P
gc 5175 @42.550s 2%: 0.17+0.67+0.11 ms clock, 2.7+0.66/0.90/0.032+1.7 ms cpu, 3->4->2 MB, 4 MB goal, 0 MB stacks, 0 MB globals, 16 P
gc 5176 @42.552s 2%: 0.10+0.67+0.086 ms clock, 1.7+0.50/0.93/0+1.3 ms cpu, 3->4->1 MB, 4 MB goal, 0 MB stacks, 0 MB globals, 16 P
gc 5177 @42.553s 2%: 0.20+0.54+0.067 ms clock, 3.2+0.82/0.77/0+1.0 ms cpu, 3->4->1 MB, 4 MB goal, 0 MB stacks, 0 MB globals, 16 P
gc 5178 @42.555s 2%: 0.13+0.59+0.095 ms clock, 2.1+0.57/0.93/0+1.5 ms cpu, 3->4->1 MB, 4 MB goal, 0 MB stacks, 0 MB globals, 16 P
gc 5179 @42.557s 2%: 0.13+0.68+0.10 ms clock, 2.1+0.64/0.83/0+1.6 ms cpu, 3->4->1 MB, 4 MB goal, 0 MB stacks, 0 MB globals, 16 P
gc 5180 @42.558s 2%: 0.12+0.62+0.10 ms clock, 1.9+0.56/0.75/0+1.6 ms cpu, 3->4->1 MB, 4 MB goal, 0 MB stacks, 0 MB globals, 16 P
gc 5181 @42.560s 2%: 0.13+0.46+0.18 ms clock, 2.1+0.66/0.79/0+3.0 ms cpu, 3->4->1 MB, 4 MB goal, 0 MB stacks, 0 MB globals, 16 P
gc 5182 @42.562s 2%: 0.12+0.58+0.096 ms clock, 1.9+0.54/0.81/0+1.5 ms cpu, 3->4->1 MB, 4 MB goal, 0 MB stacks, 0 MB globals, 16 P
gc 5183 @42.563s 2%: 0.099+0.58+0.093 ms clock, 1.5+0.38/0.90/0+1.4 ms cpu, 3->4->1 MB, 4 MB goal, 0 MB stacks, 0 MB globals, 16 P
gc 5184 @42.565s 2%: 0.11+0.64+0.15 ms clock, 1.9+0.57/0.95/0.025+2.5 ms cpu, 3->4->2 MB, 4 MB goal, 0 MB stacks, 0 MB globals, 16 P
gc 5185 @42.567s 2%: 0.099+0.52+0.093 ms clock, 1.5+0.46/0.91/0.003+1.5 ms cpu, 3->4->1 MB, 4 MB goal, 0 MB stacks, 0 MB globals, 16 P
gc 5186 @42.568s 2%: 0.16+0.51+0.12 ms clock, 2.5+0.51/0.86/0+1.9 ms cpu, 3->4->1 MB, 4 MB goal, 0 MB stacks, 0 MB globals, 16 P
gc 5187 @42.570s 2%: 0.13+0.59+0.067 ms clock, 2.1+0.59/0.80/0+1.0 ms cpu, 3->4->1 MB, 4 MB goal, 0 MB stacks, 0 MB globals, 16 P
gc 5188 @42.571s 2%: 0.11+0.65+0.10 ms clock, 1.8+0.45/0.83/0.001+1.6 ms cpu, 3->4->2 MB, 4 MB goal, 0 MB stacks, 0 MB globals, 16 P
gc 5189 @42.573s 2%: 0.15+0.76+0.039 ms clock, 2.4+0.60/0.86/0+0.63 ms cpu, 3->4->2 MB, 4 MB goal, 0 MB stacks, 0 MB globals, 16 P
gc 5190 @42.575s 2%: 0.072+0.46+0.18 ms clock, 1.1+0.15/0.92/0+2.9 ms cpu, 3->4->1 MB, 4 MB goal, 0 MB stacks, 0 MB globals, 16 P
gc 5191 @42.577s 2%: 0.13+0.59+0.17 ms clock, 2.2+0.51/1.0/0+2.8 ms cpu, 3->4->2 MB, 4 MB goal, 0 MB stacks, 0 MB globals, 16 P
gc 5192 @42.578s 2%: 0.14+0.50+0.10 ms clock, 2.2+0.67/0.76/0.002+1.6 ms cpu, 3->4->1 MB, 4 MB goal, 0 MB stacks, 0 MB globals, 16 P
gc 5193 @42.580s 2%: 0.13+0.65+0.071 ms clock, 2.2+0.39/0.98/0.011+1.1 ms cpu, 3->4->1 MB, 4 MB goal, 0 MB stacks, 0 MB globals, 16 P
gc 5194 @42.582s 2%: 0.10+0.63+0.098 ms clock, 1.6+0.52/0.83/0.043+1.5 ms cpu, 3->4->1 MB, 4 MB goal, 0 MB stacks, 0 MB globals, 16 P
gc 5195 @42.583s 2%: 0.12+0.57+0.11 ms clock, 1.9+0.72/0.87/0+1.8 ms cpu, 3->4->1 MB, 4 MB goal, 0 MB stacks, 0 MB globals, 16 P
gc 5196 @42.585s 2%: 0.11+0.68+0.13 ms clock, 1.8+0.69/0.98/0+2.1 ms cpu, 3->4->2 MB, 4 MB goal, 0 MB stacks, 0 MB globals, 16 P
gc 5197 @42.587s 2%: 0.12+0.70+0.088 ms clock, 1.9+0.45/0.91/0+1.4 ms cpu, 3->4->2 MB, 4 MB goal, 0 MB stacks, 0 MB globals, 16 P
gc 5198 @42.589s 2%: 0.14+0.57+0.10 ms clock, 2.2+0.61/0.81/0+1.6 ms cpu, 3->4->2 MB, 4 MB goal, 0 MB stacks, 0 MB globals, 16 P
gc 5199 @42.590s 2%: 0.13+0.52+0.099 ms clock, 2.2+0.59/0.83/0+1.5 ms cpu, 3->4->1 MB, 4 MB goal, 0 MB stacks, 0 MB globals, 16 P
gc 5200 @42.592s 2%: 0.14+0.90+0.10 ms clock, 2.2+0.60/0.86/0.041+1.6 ms cpu, 3->4->2 MB, 4 MB goal, 0 MB stacks, 0 MB globals, 16 P
gc 5201 @42.594s 2%: 0.12+0.53+0.13 ms clock, 1.9+0.39/0.91/0+2.0 ms cpu, 3->4->1 MB, 4 MB goal, 0 MB stacks, 0 MB globals, 16 P
gc 5202 @42.596s 2%: 0.097+0.48+0.086 ms clock, 1.5+0.54/0.82/0+1.3 ms cpu, 3->4->1 MB, 4 MB goal, 0 MB stacks, 0 MB globals, 16 P
gc 5203 @42.597s 2%: 0.11+0.56+0.096 ms clock, 1.8+0.65/0.68/0+1.5 ms cpu, 3->3->1 MB, 4 MB goal, 0 MB stacks, 0 MB globals, 16 P
gc 5204 @42.598s 2%: 0.13+0.72+0.14 ms clock, 2.2+0.60/0.77/0+2.3 ms cpu, 3->4->2 MB, 4 MB goal, 0 MB stacks, 0 MB globals, 16 P
gc 5205 @42.600s 2%: 0.071+0.62+0.12 ms clock, 1.1+0.52/0.89/0+1.9 ms cpu, 3->4->1 MB, 4 MB goal, 0 MB stacks, 0 MB globals, 16 P
gc 5206 @42.602s 2%: 0.13+0.70+0.12 ms clock, 2.1+0.59/0.79/0+2.0 ms cpu, 3->4->2 MB, 4 MB goal, 0 MB stacks, 0 MB globals, 16 P
gc 5207 @42.604s 2%: 0.18+0.56+0.082 ms clock, 2.8+0.43/0.91/0+1.3 ms cpu, 3->4->1 MB, 4 MB goal, 0 MB stacks, 0 MB globals, 16 P
gc 5208 @42.606s 2%: 0.10+0.64+0.16 ms clock, 1.7+0.65/0.88/0.016+2.6 ms cpu, 3->4->2 MB, 4 MB goal, 0 MB stacks, 0 MB globals, 16 P
gc 5209 @42.607s 2%: 0.14+0.52+0.080 ms clock, 2.2+0.61/0.71/0.022+1.2 ms cpu, 3->4->1 MB, 4 MB goal, 0 MB stacks, 0 MB globals, 16 P
gc 5210 @42.609s 2%: 0.14+0.54+0.10 ms clock, 2.3+0.52/0.77/0+1.6 ms cpu, 3->4->1 MB, 4 MB goal, 0 MB stacks, 0 MB globals, 16 P
gc 5211 @42.611s 2%: 0.10+0.64+0.091 ms clock, 1.7+0.57/0.91/0.022+1.4 ms cpu, 3->4->1 MB, 4 MB goal, 0 MB stacks, 0 MB globals, 16 P
gc 5212 @42.612s 2%: 0.12+0.55+0.15 ms clock, 2.0+0.58/0.74/0.022+2.4 ms cpu, 3->4->1 MB, 4 MB goal, 0 MB stacks, 0 MB globals, 16 P
gc 5213 @42.614s 2%: 0.10+0.54+0.094 ms clock, 1.7+0.48/0.76/0+1.5 ms cpu, 3->4->1 MB, 4 MB goal, 0 MB stacks, 0 MB globals, 16 P
gc 5214 @42.616s 2%: 0.12+0.48+0.14 ms clock, 1.9+0.49/0.85/0+2.2 ms cpu, 3->4->1 MB, 4 MB goal, 0 MB stacks, 0 MB globals, 16 P
gc 5215 @42.617s 2%: 0.15+0.81+0.17 ms clock, 2.4+0.73/0.94/0.017+2.8 ms cpu, 3->4->2 MB, 4 MB goal, 0 MB stacks, 0 MB globals, 16 P
gc 5216 @42.619s 2%: 0.13+1.0+0.10 ms clock, 2.1+0.65/0.81/0+1.6 ms cpu, 4->5->2 MB, 4 MB goal, 0 MB stacks, 0 MB globals, 16 P
gc 5217 @42.622s 2%: 0.10+0.50+0.10 ms clock, 1.6+0.44/0.79/0+1.6 ms cpu, 4->4->1 MB, 5 MB goal, 0 MB stacks, 0 MB globals, 16 P
gc 5218 @42.623s 2%: 0.12+0.63+0.20 ms clock, 1.9+0.63/0.80/0+3.2 ms cpu, 3->4->2 MB, 4 MB goal, 0 MB stacks, 0 MB globals, 16 P
gc 5219 @42.625s 2%: 0.12+0.50+0.11 ms clock, 1.9+0.58/0.82/0+1.8 ms cpu, 3->4->1 MB, 4 MB goal, 0 MB stacks, 0 MB globals, 16 P
gc 5220 @42.627s 2%: 0.13+0.58+0.12 ms clock, 2.1+0.57/0.74/0+2.0 ms cpu, 3->4->1 MB, 4 MB goal, 0 MB stacks, 0 MB globals, 16 P
gc 5221 @42.628s 2%: 0.11+0.73+0.11 ms clock, 1.8+0.49/0.83/0+1.7 ms cpu, 3->4->2 MB, 4 MB goal, 0 MB stacks, 0 MB globals, 16 P
gc 5222 @42.630s 2%: 0.13+0.43+0.11 ms clock, 2.1+0.49/0.77/0+1.8 ms cpu, 3->4->1 MB, 4 MB goal, 0 MB stacks, 0 MB globals, 16 P
gc 5223 @42.631s 2%: 0.092+0.65+0.080 ms clock, 1.4+0.69/0.76/0.006+1.2 ms cpu, 3->4->1 MB, 4 MB goal, 0 MB stacks, 0 MB globals, 16 P
gc 5224 @42.633s 2%: 0.16+0.56+0.093 ms clock, 2.6+0.65/0.65/0+1.4 ms cpu, 3->4->1 MB, 4 MB goal, 0 MB stacks, 0 MB globals, 16 P
gc 5225 @42.635s 2%: 0.12+0.80+0.097 ms clock, 2.0+0.64/0.78/0+1.5 ms cpu, 3->4->1 MB, 4 MB goal, 0 MB stacks, 0 MB globals, 16 P
gc 5226 @42.637s 2%: 0.11+0.47+0.14 ms clock, 1.7+0.55/0.79/0+2.2 ms cpu, 3->4->1 MB, 4 MB goal, 0 MB stacks, 0 MB globals, 16 P
gc 5227 @42.638s 2%: 0.13+0.58+0.10 ms clock, 2.1+0.65/0.76/0+1.6 ms cpu, 3->4->2 MB, 4 MB goal, 0 MB stacks, 0 MB globals, 16 P
gc 5228 @42.640s 2%: 0.18+0.63+0.13 ms clock, 2.9+0.65/0.76/0.011+2.1 ms cpu, 3->4->2 MB, 4 MB goal, 0 MB stacks, 0 MB globals, 16 P
gc 5229 @42.642s 2%: 0.13+0.70+0.084 ms clock, 2.1+0.66/0.74/0+1.3 ms cpu, 3->4->2 MB, 4 MB goal, 0 MB stacks, 0 MB globals, 16 P
gc 5230 @42.644s 2%: 0.10+0.63+0.062 ms clock, 1.7+0.47/0.94/0+1.0 ms cpu, 3->4->1 MB, 4 MB goal, 0 MB stacks, 0 MB globals, 16 P
gc 5231 @42.645s 2%: 0.13+0.45+0.14 ms clock, 2.0+0.69/0.70/0+2.3 ms cpu, 3->4->1 MB, 4 MB goal, 0 MB stacks, 0 MB globals, 16 P
gc 5232 @42.647s 2%: 0.18+0.74+0.083 ms clock, 2.9+0.68/0.74/0+1.3 ms cpu, 3->4->2 MB, 4 MB goal, 0 MB stacks, 0 MB globals, 16 P
gc 5233 @42.649s 2%: 0.19+0.48+0.10 ms clock, 3.1+0.64/0.78/0.004+1.6 ms cpu, 3->4->1 MB, 4 MB goal, 0 MB stacks, 0 MB globals, 16 P
gc 5234 @42.651s 2%: 0.11+0.49+0.12 ms clock, 1.8+0.49/0.90/0+1.9 ms cpu, 3->4->1 MB, 4 MB goal, 0 MB stacks, 0 MB globals, 16 P
gc 5235 @42.652s 2%: 0.13+0.55+0.10 ms clock, 2.1+0.51/0.83/0.004+1.6 ms cpu, 3->4->1 MB, 4 MB goal, 0 MB stacks, 0 MB globals, 16 P
gc 5236 @42.654s 2%: 0.094+0.53+0.065 ms clock, 1.5+0.54/0.80/0.001+1.0 ms cpu, 3->4->1 MB, 4 MB goal, 0 MB stacks, 0 MB globals, 16 P
gc 5237 @42.655s 2%: 0.13+0.53+0.10 ms clock, 2.1+0.54/0.83/0.001+1.7 ms cpu, 3->4->1 MB, 4 MB goal, 0 MB stacks, 0 MB globals, 16 P
gc 5238 @42.657s 2%: 0.13+0.67+0.091 ms clock, 2.1+0.65/0.76/0+1.4 ms cpu, 3->4->1 MB, 4 MB goal, 0 MB stacks, 0 MB globals, 16 P
gc 5239 @42.659s 2%: 0.089+0.69+0.060 ms clock, 1.4+0.42/0.75/0.14+0.96 ms cpu, 3->4->1 MB, 4 MB goal, 0 MB stacks, 0 MB globals, 16 P
gc 5240 @42.660s 2%: 0.097+0.66+0.094 ms clock, 1.5+0.63/0.78/0.14+1.5 ms cpu, 3->4->1 MB, 4 MB goal, 0 MB stacks, 0 MB globals, 16 P
gc 5241 @42.662s 2%: 0.087+0.68+0.092 ms clock, 1.3+0.55/0.85/0.031+1.4 ms cpu, 3->4->1 MB, 4 MB goal, 0 MB stacks, 0 MB globals, 16 P
gc 5242 @42.664s 2%: 0.15+0.55+0.12 ms clock, 2.4+0.56/0.91/0.018+2.0 ms cpu, 3->4->1 MB, 4 MB goal, 0 MB stacks, 0 MB globals, 16 P
gc 5243 @42.665s 2%: 0.12+0.67+0.081 ms clock, 1.9+0.55/0.72/0+1.3 ms cpu, 3->4->1 MB, 4 MB goal, 0 MB stacks, 0 MB globals, 16 P
gc 5244 @42.667s 2%: 0.10+0.86+0.16 ms clock, 1.7+0.60/0.93/0+2.5 ms cpu, 3->4->2 MB, 4 MB goal, 0 MB stacks, 0 MB globals, 16 P
gc 5245 @42.669s 2%: 0.13+0.65+0.10 ms clock, 2.2+0.65/0.75/0.033+1.6 ms cpu, 4->5->2 MB, 4 MB goal, 0 MB stacks, 0 MB globals, 16 P
gc 5246 @42.671s 2%: 0.15+0.53+0.098 ms clock, 2.4+0.53/0.80/0.002+1.5 ms cpu, 3->4->1 MB, 4 MB goal, 0 MB stacks, 0 MB globals, 16 P
gc 5247 @42.673s 2%: 0.14+0.57+0.13 ms clock, 2.2+0.72/0.77/0.082+2.0 ms cpu, 3->4->1 MB, 4 MB goal, 0 MB stacks, 0 MB globals, 16 P
gc 5248 @42.674s 2%: 0.079+0.63+0.089 ms clock, 1.2+0.54/0.80/0+1.4 ms cpu, 3->4->1 MB, 4 MB goal, 0 MB stacks, 0 MB globals, 16 P
gc 5249 @42.676s 2%: 0.16+0.58+0.14 ms clock, 2.5+0.64/0.80/0.076+2.3 ms cpu, 3->4->2 MB, 4 MB goal, 0 MB stacks, 0 MB globals, 16 P
gc 5250 @42.678s 2%: 0.13+0.72+0.074 ms clock, 2.1+0.43/0.79/0.045+1.1 ms cpu, 3->4->2 MB, 4 MB goal, 0 MB stacks, 0 MB globals, 16 P
gc 5251 @42.679s 2%: 0.13+0.53+0.20 ms clock, 2.0+0.71/0.85/0+3.2 ms cpu, 3->4->2 MB, 4 MB goal, 0 MB stacks, 0 MB globals, 16 P
gc 5252 @42.681s 2%: 0.17+0.78+0.071 ms clock, 2.7+0.62/0.84/0.047+1.1 ms cpu, 3->4->2 MB, 4 MB goal, 0 MB stacks, 0 MB globals, 16 P
gc 5253 @42.683s 2%: 0.13+0.58+0.17 ms clock, 2.1+0.60/0.76/0+2.7 ms cpu, 3->4->1 MB, 4 MB goal, 0 MB stacks, 0 MB globals, 16 P
gc 5254 @42.685s 2%: 0.12+0.56+0.10 ms clock, 2.0+0.63/0.78/0.054+1.6 ms cpu, 3->4->1 MB, 4 MB goal, 0 MB stacks, 0 MB globals, 16 P
gc 5255 @42.686s 2%: 0.084+0.62+0.063 ms clock, 1.3+0.51/0.81/0+1.0 ms cpu, 3->4->1 MB, 4 MB goal, 0 MB stacks, 0 MB globals, 16 P
gc 5256 @42.688s 2%: 0.12+0.50+0.10 ms clock, 2.0+0.44/0.78/0.036+1.6 ms cpu, 3->4->1 MB, 4 MB goal, 0 MB stacks, 0 MB globals, 16 P
gc 5257 @42.690s 2%: 0.10+0.52+0.099 ms clock, 1.7+0.52/0.95/0+1.5 ms cpu, 3->4->1 MB, 4 MB goal, 0 MB stacks, 0 MB globals, 16 P
gc 5258 @42.691s 2%: 0.070+0.40+0.094 ms clock, 1.1+0.65/0.70/0.046+1.5 ms cpu, 3->4->1 MB, 4 MB goal, 0 MB stacks, 0 MB globals, 16 P
gc 5259 @42.693s 2%: 0.13+0.52+0.10 ms clock, 2.0+0.76/0.78/0+1.6 ms cpu, 3->4->1 MB, 4 MB goal, 0 MB stacks, 0 MB globals, 16 P
gc 5260 @42.694s 2%: 0.13+0.58+0.090 ms clock, 2.1+0.39/0.96/0.005+1.4 ms cpu, 3->4->1 MB, 4 MB goal, 0 MB stacks, 0 MB globals, 16 P
gc 5261 @42.696s 2%: 0.14+0.87+0.083 ms clock, 2.3+0.67/0.95/0.001+1.3 ms cpu, 3->4->2 MB, 4 MB goal, 0 MB stacks, 0 MB globals, 16 P
gc 5262 @42.698s 2%: 0.11+0.61+0.061 ms clock, 1.7+0.53/0.90/0+0.98 ms cpu, 4->4->1 MB, 4 MB goal, 0 MB stacks, 0 MB globals, 16 P
gc 5263 @42.700s 2%: 0.13+0.59+0.10 ms clock, 2.1+0.56/0.77/0+1.6 ms cpu, 3->4->1 MB, 4 MB goal, 0 MB stacks, 0 MB globals, 16 P
gc 5264 @42.701s 2%: 0.12+0.48+0.19 ms clock, 2.0+0.57/0.78/0+3.1 ms cpu, 3->4->1 MB, 4 MB goal, 0 MB stacks, 0 MB globals, 16 P
gc 5265 @42.703s 2%: 0.21+0.51+0.10 ms clock, 3.4+0.61/0.83/0+1.6 ms cpu, 3->4->1 MB, 4 MB goal, 0 MB stacks, 0 MB globals, 16 P
gc 5266 @42.704s 2%: 0.14+0.45+0.10 ms clock, 2.2+0.53/0.77/0+1.7 ms cpu, 3->4->1 MB, 4 MB goal, 0 MB stacks, 0 MB globals, 16 P
gc 5267 @42.706s 2%: 0.16+0.60+0.089 ms clock, 2.6+0.84/0.91/0+1.4 ms cpu, 3->4->2 MB, 4 MB goal, 0 MB stacks, 0 MB globals, 16 P
gc 5268 @42.708s 2%: 0.16+0.73+0.16 ms clock, 2.5+0.76/0.71/0+2.6 ms cpu, 3->4->2 MB, 4 MB goal, 0 MB stacks, 0 MB globals, 16 P
gc 5269 @42.710s 2%: 0.18+0.85+0.031 ms clock, 2.9+0.58/0.82/0+0.51 ms cpu, 3->4->2 MB, 4 MB goal, 0 MB stacks, 0 MB globals, 16 P
gc 5270 @42.712s 2%: 0.14+0.60+0.089 ms clock, 2.2+0.74/0.69/0+1.4 ms cpu, 4->4->2 MB, 4 MB goal, 0 MB stacks, 0 MB globals, 16 P
gc 5271 @42.714s 2%: 0.11+0.51+0.12 ms clock, 1.8+0.68/0.76/0+1.9 ms cpu, 3->4->1 MB, 4 MB goal, 0 MB stacks, 0 MB globals, 16 P
gc 5272 @42.715s 2%: 0.11+0.69+0.080 ms clock, 1.7+0.53/0.79/0.12+1.2 ms cpu, 3->4->1 MB, 4 MB goal, 0 MB stacks, 0 MB globals, 16 P
gc 5273 @42.717s 2%: 0.11+0.86+0.11 ms clock, 1.8+0.67/0.96/0.049+1.7 ms cpu, 3->4->2 MB, 4 MB goal, 0 MB stacks, 0 MB globals, 16 P
gc 5274 @42.719s 2%: 0.13+0.61+0.10 ms clock, 2.1+0.68/0.75/0+1.6 ms cpu, 4->4->2 MB, 4 MB goal, 0 MB stacks, 0 MB globals, 16 P
gc 5275 @42.721s 2%: 0.10+0.46+0.13 ms clock, 1.6+0.57/0.74/0.039+2.1 ms cpu, 3->4->1 MB, 4 MB goal, 0 MB stacks, 0 MB globals, 16 P
gc 5276 @42.722s 2%: 0.13+0.71+0.10 ms clock, 2.1+0.65/0.84/0+1.6 ms cpu, 3->4->2 MB, 4 MB goal, 0 MB stacks, 0 MB globals, 16 P
gc 5277 @42.724s 2%: 0.10+0.65+0.13 ms clock, 1.7+0.58/0.80/0+2.1 ms cpu, 3->4->2 MB, 4 MB goal, 0 MB stacks, 0 MB globals, 16 P
gc 5278 @42.726s 2%: 0.12+0.72+0.086 ms clock, 1.9+0.49/0.84/0.032+1.3 ms cpu, 3->4->2 MB, 4 MB goal, 0 MB stacks, 0 MB globals, 16 P
gc 5279 @42.728s 2%: 0.11+0.75+0.13 ms clock, 1.8+0.56/0.72/0+2.0 ms cpu, 3->4->2 MB, 4 MB goal, 0 MB stacks, 0 MB globals, 16 P
gc 5280 @42.730s 2%: 0.12+0.63+0.068 ms clock, 2.0+0.60/0.77/0+1.0 ms cpu, 3->4->1 MB, 4 MB goal, 0 MB stacks, 0 MB globals, 16 P
gc 5281 @42.731s 2%: 0.12+0.61+0.088 ms clock, 2.0+0.68/0.80/0+1.4 ms cpu, 3->4->2 MB, 4 MB goal, 0 MB stacks, 0 MB globals, 16 P
gc 5282 @42.733s 2%: 0.096+0.53+0.13 ms clock, 1.5+0.62/0.85/0+2.2 ms cpu, 3->4->1 MB, 4 MB goal, 0 MB stacks, 0 MB globals, 16 P
gc 5283 @42.735s 2%: 0.20+0.63+0.10 ms clock, 3.3+0.63/0.89/0.018+1.6 ms cpu, 3->4->2 MB, 4 MB goal, 0 MB stacks, 0 MB globals, 16 P
gc 5284 @42.737s 2%: 0.13+0.62+0.15 ms clock, 2.1+0.60/0.85/0+2.5 ms cpu, 3->4->2 MB, 4 MB goal, 0 MB stacks, 0 MB globals, 16 P
gc 5285 @42.738s 2%: 0.11+0.59+0.13 ms clock, 1.7+0.46/0.80/0.030+2.2 ms cpu, 3->4->1 MB, 4 MB goal, 0 MB stacks, 0 MB globals, 16 P
gc 5286 @42.740s 2%: 0.14+0.65+0.11 ms clock, 2.3+0.66/0.92/0+1.8 ms cpu, 3->4->2 MB, 4 MB goal, 0 MB stacks, 0 MB globals, 16 P
gc 5287 @42.742s 2%: 0.12+0.63+0.090 ms clock, 2.0+0.64/0.76/0.019+1.4 ms cpu, 3->4->1 MB, 4 MB goal, 0 MB stacks, 0 MB globals, 16 P
gc 5288 @42.744s 2%: 0.17+0.57+0.070 ms clock, 2.8+0.68/0.75/0+1.1 ms cpu, 3->4->1 MB, 4 MB goal, 0 MB stacks, 0 MB globals, 16 P
gc 5289 @42.745s 2%: 0.10+0.66+0.10 ms clock, 1.7+0.56/0.81/0+1.7 ms cpu, 3->4->1 MB, 4 MB goal, 0 MB stacks, 0 MB globals, 16 P
gc 5290 @42.747s 2%: 0.13+0.63+0.10 ms clock, 2.1+0.52/0.76/0.060+1.6 ms cpu, 3->4->2 MB, 4 MB goal, 0 MB stacks, 0 MB globals, 16 P
gc 5291 @42.749s 2%: 0.15+0.68+0.11 ms clock, 2.4+0.58/0.80/0.001+1.7 ms cpu, 3->4->2 MB, 4 MB goal, 0 MB stacks, 0 MB globals, 16 P
gc 5292 @42.751s 2%: 0.13+0.39+0.14 ms clock, 2.1+0.58/0.65/0.095+2.3 ms cpu, 3->4->1 MB, 4 MB goal, 0 MB stacks, 0 MB globals, 16 P
gc 5293 @42.752s 2%: 0.16+0.52+0.13 ms clock, 2.5+0.61/0.88/0+2.1 ms cpu, 3->3->1 MB, 4 MB goal, 0 MB stacks, 0 MB globals, 16 P
gc 5294 @42.754s 2%: 0.11+0.52+0.10 ms clock, 1.8+0.53/0.83/0+1.7 ms cpu, 3->4->1 MB, 4 MB goal, 0 MB stacks, 0 MB globals, 16 P
gc 5295 @42.755s 2%: 0.11+0.53+0.13 ms clock, 1.8+0.61/0.83/0+2.1 ms cpu, 3->4->1 MB, 4 MB goal, 0 MB stacks, 0 MB globals, 16 P
gc 5296 @42.757s 2%: 0.10+0.67+0.080 ms clock, 1.6+0.55/0.82/0.023+1.2 ms cpu, 3->4->1 MB, 4 MB goal, 0 MB stacks, 0 MB globals, 16 P
gc 5297 @42.759s 2%: 0.10+0.56+0.088 ms clock, 1.7+0.59/0.82/0+1.4 ms cpu, 3->4->1 MB, 4 MB goal, 0 MB stacks, 0 MB globals, 16 P
gc 5298 @42.760s 2%: 0.12+0.49+0.11 ms clock, 1.9+0.61/0.76/0.004+1.8 ms cpu, 3->4->1 MB, 4 MB goal, 0 MB stacks, 0 MB globals, 16 P
gc 5299 @42.762s 2%: 0.12+0.46+0.11 ms clock, 1.9+0.59/0.78/0+1.8 ms cpu, 3->4->1 MB, 4 MB goal, 0 MB stacks, 0 MB globals, 16 P
gc 5300 @42.763s 2%: 0.12+0.61+0.14 ms clock, 2.0+0.65/0.82/0+2.3 ms cpu, 3->4->2 MB, 4 MB goal, 0 MB stacks, 0 MB globals, 16 P
gc 5301 @42.765s 2%: 0.20+0.51+0.13 ms clock, 3.2+0.57/0.83/0+2.1 ms cpu, 3->4->2 MB, 4 MB goal, 0 MB stacks, 0 MB globals, 16 P
gc 5302 @42.767s 2%: 0.13+0.62+0.10 ms clock, 2.1+0.53/0.88/0.11+1.6 ms cpu, 3->4->2 MB, 4 MB goal, 0 MB stacks, 0 MB globals, 16 P
gc 5303 @42.769s 2%: 0.11+0.67+0.068 ms clock, 1.8+0.68/0.78/0.053+1.0 ms cpu, 3->4->2 MB, 4 MB goal, 0 MB stacks, 0 MB globals, 16 P
gc 5304 @42.771s 2%: 0.091+0.51+0.089 ms clock, 1.4+0.49/0.86/0.006+1.4 ms cpu, 3->4->1 MB, 4 MB goal, 0 MB stacks, 0 MB globals, 16 P
gc 5305 @42.772s 2%: 0.10+0.64+0.10 ms clock, 1.7+0.57/0.83/0.011+1.6 ms cpu, 3->4->1 MB, 4 MB goal, 0 MB stacks, 0 MB globals, 16 P
gc 5306 @42.774s 2%: 0.16+0.53+0.11 ms clock, 2.6+0.69/0.72/0+1.9 ms cpu, 3->4->1 MB, 4 MB goal, 0 MB stacks, 0 MB globals, 16 P
gc 5307 @42.775s 2%: 0.15+0.51+0.085 ms clock, 2.4+0.67/0.82/0+1.3 ms cpu, 3->4->1 MB, 4 MB goal, 0 MB stacks, 0 MB globals, 16 P
gc 5308 @42.777s 2%: 0.15+0.61+0.10 ms clock, 2.5+0.56/0.76/0+1.6 ms cpu, 3->4->1 MB, 4 MB goal, 0 MB stacks, 0 MB globals, 16 P
gc 5309 @42.779s 2%: 0.11+0.56+0.14 ms clock, 1.8+0.60/0.74/0+2.2 ms cpu, 3->4->1 MB, 4 MB goal, 0 MB stacks, 0 MB globals, 16 P
gc 5310 @42.780s 2%: 0.15+0.47+0.11 ms clock, 2.5+0.53/0.83/0.019+1.8 ms cpu, 3->4->1 MB, 4 MB goal, 0 MB stacks, 0 MB globals, 16 P
gc 5311 @42.782s 2%: 0.15+0.61+0.034 ms clock, 2.4+0.58/0.80/0+0.55 ms cpu, 3->4->2 MB, 4 MB goal, 0 MB stacks, 0 MB globals, 16 P
gc 5312 @42.784s 2%: 0.16+0.64+0.12 ms clock, 2.6+0.53/0.91/0.001+2.0 ms cpu, 3->4->2 MB, 4 MB goal, 0 MB stacks, 0 MB globals, 16 P
gc 5313 @42.786s 2%: 0.10+0.50+0.15 ms clock, 1.7+0.53/0.81/0.003+2.4 ms cpu, 3->4->1 MB, 4 MB goal, 0 MB stacks, 0 MB globals, 16 P
gc 5314 @42.787s 2%: 0.10+0.52+0.10 ms clock, 1.7+0.68/0.70/0.003+1.6 ms cpu, 3->4->1 MB, 4 MB goal, 0 MB stacks, 0 MB globals, 16 P
gc 5315 @42.789s 2%: 0.11+0.60+0.088 ms clock, 1.8+0.57/0.86/0.031+1.4 ms cpu, 3->4->1 MB, 4 MB goal, 0 MB stacks, 0 MB globals, 16 P
gc 5316 @42.790s 2%: 0.15+0.63+0.16 ms clock, 2.4+0.60/0.77/0+2.6 ms cpu, 3->4->2 MB, 4 MB goal, 0 MB stacks, 0 MB globals, 16 P
gc 5317 @42.792s 2%: 0.13+0.45+0.081 ms clock, 2.1+0.55/0.78/0.013+1.3 ms cpu, 3->4->1 MB, 4 MB goal, 0 MB stacks, 0 MB globals, 16 P
gc 5318 @42.794s 2%: 0.10+0.77+0.088 ms clock, 1.7+0.55/0.88/0+1.4 ms cpu, 3->4->2 MB, 4 MB goal, 0 MB stacks, 0 MB globals, 16 P
gc 5319 @42.796s 2%: 0.10+0.67+0.10 ms clock, 1.6+0.52/0.86/0+1.7 ms cpu, 3->4->2 MB, 4 MB goal, 0 MB stacks, 0 MB globals, 16 P
gc 5320 @42.797s 2%: 0.14+0.63+0.075 ms clock, 2.3+0.52/0.73/0.020+1.2 ms cpu, 3->4->1 MB, 4 MB goal, 0 MB stacks, 0 MB globals, 16 P
gc 5321 @42.799s 2%: 0.11+0.39+0.097 ms clock, 1.9+0.75/0.76/0+1.5 ms cpu, 3->4->1 MB, 4 MB goal, 0 MB stacks, 0 MB globals, 16 P
gc 5322 @42.800s 2%: 0.12+0.54+0.22 ms clock, 2.0+0.64/0.82/0.002+3.5 ms cpu, 3->3->1 MB, 4 MB goal, 0 MB stacks, 0 MB globals, 16 P
gc 5323 @42.802s 2%: 0.11+0.79+0.071 ms clock, 1.8+0.46/0.84/0+1.1 ms cpu, 3->4->2 MB, 4 MB goal, 0 MB stacks, 0 MB globals, 16 P
gc 5324 @42.804s 2%: 0.12+0.54+0.10 ms clock, 1.9+0.49/0.95/0.004+1.7 ms cpu, 3->4->1 MB, 4 MB goal, 0 MB stacks, 0 MB globals, 16 P
gc 5325 @42.805s 2%: 0.11+0.60+0.12 ms clock, 1.8+0.66/0.86/0+2.0 ms cpu, 3->4->2 MB, 4 MB goal, 0 MB stacks, 0 MB globals, 16 P
gc 5326 @42.807s 2%: 0.18+0.59+0.11 ms clock, 2.9+0.72/0.78/0+1.8 ms cpu, 3->4->2 MB, 4 MB goal, 0 MB stacks, 0 MB globals, 16 P
gc 5327 @42.809s 2%: 0.10+0.49+0.095 ms clock, 1.7+0.57/0.89/0+1.5 ms cpu, 3->4->1 MB, 4 MB goal, 0 MB stacks, 0 MB globals, 16 P
gc 5328 @42.811s 2%: 0.13+0.53+0.081 ms clock, 2.2+0.54/0.76/0+1.3 ms cpu, 3->4->1 MB, 4 MB goal, 0 MB stacks, 0 MB globals, 16 P
gc 5329 @42.812s 2%: 0.14+0.53+0.18 ms clock, 2.3+0.53/0.77/0+2.8 ms cpu, 3->4->1 MB, 4 MB goal, 0 MB stacks, 0 MB globals, 16 P
gc 5330 @42.814s 2%: 0.13+0.48+0.16 ms clock, 2.2+0.62/0.74/0+2.6 ms cpu, 3->4->1 MB, 4 MB goal, 0 MB stacks, 0 MB globals, 16 P
gc 5331 @42.815s 2%: 0.16+0.43+0.089 ms clock, 2.5+0.63/0.70/0+1.4 ms cpu, 3->4->1 MB, 4 MB goal, 0 MB stacks, 0 MB globals, 16 P
gc 5332 @42.817s 2%: 0.11+0.53+0.10 ms clock, 1.9+0.72/0.72/0+1.6 ms cpu, 3->4->1 MB, 4 MB goal, 0 MB stacks, 0 MB globals, 16 P
gc 5333 @42.818s 2%: 0.10+0.46+0.10 ms clock, 1.6+0.55/0.72/0.021+1.6 ms cpu, 3->4->1 MB, 4 MB goal, 0 MB stacks, 0 MB globals, 16 P
gc 5334 @42.820s 2%: 0.15+0.53+0.094 ms clock, 2.4+0.63/0.79/0+1.5 ms cpu, 3->4->1 MB, 4 MB goal, 0 MB stacks, 0 MB globals, 16 P
gc 5335 @42.822s 2%: 0.092+0.44+0.18 ms clock, 1.4+0.76/0.77/0+2.9 ms cpu, 3->4->1 MB, 4 MB goal, 0 MB stacks, 0 MB globals, 16 P
gc 5336 @42.823s 2%: 0.15+0.59+0.086 ms clock, 2.5+0.57/0.91/0+1.3 ms cpu, 3->4->2 MB, 4 MB goal, 0 MB stacks, 0 MB globals, 16 P
gc 5337 @42.825s 2%: 0.098+0.53+0.11 ms clock, 1.5+0.48/0.82/0.001+1.7 ms cpu, 3->4->1 MB, 4 MB goal, 0 MB stacks, 0 MB globals, 16 P
gc 5338 @42.826s 2%: 0.12+0.55+0.11 ms clock, 1.9+0.50/0.83/0.011+1.8 ms cpu, 3->4->1 MB, 4 MB goal, 0 MB stacks, 0 MB globals, 16 P
gc 5339 @42.828s 2%: 0.11+0.53+0.15 ms clock, 1.8+0.73/0.66/0+2.4 ms cpu, 3->4->1 MB, 4 MB goal, 0 MB stacks, 0 MB globals, 16 P
gc 5340 @42.829s 2%: 0.11+0.50+0.15 ms clock, 1.8+0.45/0.83/0+2.5 ms cpu, 3->4->1 MB, 4 MB goal, 0 MB stacks, 0 MB globals, 16 P
gc 5341 @42.831s 2%: 0.19+0.47+0.13 ms clock, 3.0+0.63/0.79/0+2.1 ms cpu, 3->4->1 MB, 4 MB goal, 0 MB stacks, 0 MB globals, 16 P
gc 5342 @42.833s 2%: 0.12+0.53+0.16 ms clock, 1.9+0.61/0.77/0+2.5 ms cpu, 3->4->1 MB, 4 MB goal, 0 MB stacks, 0 MB globals, 16 P
gc 5343 @42.834s 2%: 0.11+0.47+0.13 ms clock, 1.9+0.50/0.73/0.090+2.0 ms cpu, 3->4->1 MB, 4 MB goal, 0 MB stacks, 0 MB globals, 16 P
gc 5344 @42.836s 2%: 0.16+0.52+0.12 ms clock, 2.6+0.71/0.84/0+1.9 ms cpu, 3->4->1 MB, 4 MB goal, 0 MB stacks, 0 MB globals, 16 P
gc 5345 @42.837s 2%: 0.13+0.66+0.061 ms clock, 2.2+0.61/0.80/0.014+0.98 ms cpu, 3->4->2 MB, 4 MB goal, 0 MB stacks, 0 MB globals, 16 P
gc 5346 @42.839s 2%: 0.11+0.60+0.092 ms clock, 1.8+0.47/0.76/0+1.4 ms cpu, 3->4->1 MB, 4 MB goal, 0 MB stacks, 0 MB globals, 16 P
gc 5347 @42.841s 2%: 0.14+0.56+0.13 ms clock, 2.2+0.57/0.76/0.072+2.1 ms cpu, 3->4->1 MB, 4 MB goal, 0 MB stacks, 0 MB globals, 16 P
gc 5348 @42.842s 2%: 0.17+0.54+0.14 ms clock, 2.8+0.67/0.95/0+2.2 ms cpu, 3->4->2 MB, 4 MB goal, 0 MB stacks, 0 MB globals, 16 P
gc 5349 @42.844s 2%: 0.15+0.67+0.060 ms clock, 2.4+0.56/0.87/0.002+0.96 ms cpu, 3->4->1 MB, 4 MB goal, 0 MB stacks, 0 MB globals, 16 P
gc 5350 @42.846s 2%: 0.17+0.56+0.11 ms clock, 2.8+0.57/0.79/0.091+1.7 ms cpu, 3->4->1 MB, 4 MB goal, 0 MB stacks, 0 MB globals, 16 P
gc 5351 @42.847s 2%: 0.10+0.60+0.087 ms clock, 1.6+0.49/0.73/0.037+1.4 ms cpu, 3->4->1 MB, 4 MB goal, 0 MB stacks, 0 MB globals, 16 P
gc 5352 @42.849s 2%: 0.19+0.53+0.18 ms clock, 3.0+0.55/0.72/0+2.9 ms cpu, 3->4->1 MB, 4 MB goal, 0 MB stacks, 0 MB globals, 16 P
gc 5353 @42.851s 2%: 0.13+0.60+0.14 ms clock, 2.2+0.51/0.77/0+2.2 ms cpu, 3->4->1 MB, 4 MB goal, 0 MB stacks, 0 MB globals, 16 P
gc 5354 @42.852s 2%: 0.23+0.77+0.12 ms clock, 3.7+0.58/0.92/0+2.0 ms cpu, 3->4->2 MB, 4 MB goal, 0 MB stacks, 0 MB globals, 16 P
gc 5355 @42.855s 2%: 0.14+0.51+0.16 ms clock, 2.2+0.54/0.85/0.006+2.6 ms cpu, 4->5->1 MB, 5 MB goal, 0 MB stacks, 0 MB globals, 16 P
gc 5356 @42.856s 2%: 0.11+0.62+0.074 ms clock, 1.8+0.58/0.79/0+1.1 ms cpu, 3->4->1 MB, 4 MB goal, 0 MB stacks, 0 MB globals, 16 P
gc 5357 @42.858s 2%: 0.10+0.51+0.081 ms clock, 1.7+0.45/0.81/0+1.2 ms cpu, 3->4->1 MB, 4 MB goal, 0 MB stacks, 0 MB globals, 16 P
gc 5358 @42.859s 2%: 0.12+0.69+0.078 ms clock, 1.9+0.47/0.74/0+1.2 ms cpu, 3->4->2 MB, 4 MB goal, 0 MB stacks, 0 MB globals, 16 P
gc 5359 @42.861s 2%: 0.11+0.66+0.10 ms clock, 1.9+0.58/0.83/0.028+1.6 ms cpu, 3->4->2 MB, 4 MB goal, 0 MB stacks, 0 MB globals, 16 P
gc 5360 @42.863s 2%: 0.16+0.59+0.15 ms clock, 2.6+0.56/0.72/0+2.4 ms cpu, 3->4->2 MB, 4 MB goal, 0 MB stacks, 0 MB globals, 16 P
gc 5361 @42.865s 2%: 0.17+0.54+0.079 ms clock, 2.8+0.37/0.77/0.019+1.2 ms cpu, 3->4->1 MB, 4 MB goal, 0 MB stacks, 0 MB globals, 16 P
gc 5362 @42.866s 2%: 0.10+0.51+0.14 ms clock, 1.7+0.61/0.78/0+2.3 ms cpu, 3->4->1 MB, 4 MB goal, 0 MB stacks, 0 MB globals, 16 P
gc 5363 @42.868s 2%: 0.11+0.54+0.097 ms clock, 1.8+0.69/0.87/0+1.5 ms cpu, 3->4->1 MB, 4 MB goal, 0 MB stacks, 0 MB globals, 16 P
gc 5364 @42.869s 2%: 0.13+0.48+0.10 ms clock, 2.1+0.49/0.73/0+1.6 ms cpu, 3->4->1 MB, 4 MB goal, 0 MB stacks, 0 MB globals, 16 P
gc 5365 @42.871s 2%: 0.16+0.63+0.16 ms clock, 2.6+0.51/0.88/0.020+2.6 ms cpu, 3->4->2 MB, 4 MB goal, 0 MB stacks, 0 MB globals, 16 P
gc 5366 @42.873s 2%: 0.11+0.57+0.10 ms clock, 1.8+0.44/0.88/0.026+1.6 ms cpu, 3->4->1 MB, 4 MB goal, 0 MB stacks, 0 MB globals, 16 P
gc 5367 @42.874s 2%: 0.11+0.53+0.050 ms clock, 1.7+0.46/0.80/0.085+0.80 ms cpu, 3->4->1 MB, 4 MB goal, 0 MB stacks, 0 MB globals, 16 P
gc 5368 @42.876s 2%: 0.12+0.48+0.17 ms clock, 2.0+0.86/0.79/0.005+2.7 ms cpu, 3->3->1 MB, 4 MB goal, 0 MB stacks, 0 MB globals, 16 P
gc 5369 @42.877s 2%: 0.10+0.60+0.093 ms clock, 1.6+0.63/0.74/0.042+1.4 ms cpu, 3->4->1 MB, 4 MB goal, 0 MB stacks, 0 MB globals, 16 P
gc 5370 @42.879s 2%: 0.11+0.61+0.090 ms clock, 1.8+0.66/0.88/0+1.4 ms cpu, 3->4->1 MB, 4 MB goal, 0 MB stacks, 0 MB globals, 16 P
gc 5371 @42.881s 2%: 0.10+0.58+0.10 ms clock, 1.6+0.45/0.95/0.044+1.7 ms cpu, 3->4->1 MB, 4 MB goal, 0 MB stacks, 0 MB globals, 16 P
gc 5372 @42.882s 2%: 0.14+0.72+0.090 ms clock, 2.2+0.77/0.69/0+1.4 ms cpu, 3->4->2 MB, 4 MB goal, 0 MB stacks, 0 MB globals, 16 P
gc 5373 @42.884s 2%: 0.10+0.58+0.12 ms clock, 1.7+0.64/0.79/0.014+1.9 ms cpu, 3->4->2 MB, 4 MB goal, 0 MB stacks, 0 MB globals, 16 P
gc 5374 @42.886s 2%: 0.12+0.45+0.11 ms clock, 2.0+0.47/0.75/0+1.9 ms cpu, 3->4->1 MB, 4 MB goal, 0 MB stacks, 0 MB globals, 16 P
gc 5375 @42.887s 2%: 0.11+0.55+0.11 ms clock, 1.8+0.52/0.75/0+1.8 ms cpu, 3->4->1 MB, 4 MB goal, 0 MB stacks, 0 MB globals, 16 P
gc 5376 @42.889s 2%: 0.17+0.56+0.19 ms clock, 2.7+0.58/0.74/0+3.0 ms cpu, 3->4->1 MB, 4 MB goal, 0 MB stacks, 0 MB globals, 16 P
gc 5377 @42.890s 2%: 0.11+0.43+0.11 ms clock, 1.9+0.56/0.72/0+1.8 ms cpu, 3->4->1 MB, 4 MB goal, 0 MB stacks, 0 MB globals, 16 P
gc 5378 @42.892s 2%: 0.18+0.57+0.11 ms clock, 2.9+0.58/0.85/0.001+1.8 ms cpu, 3->4->2 MB, 4 MB goal, 0 MB stacks, 0 MB globals, 16 P
gc 5379 @42.894s 2%: 0.12+0.56+0.10 ms clock, 1.9+0.56/0.78/0+1.6 ms cpu, 3->4->1 MB, 4 MB goal, 0 MB stacks, 0 MB globals, 16 P
gc 5380 @42.895s 2%: 0.10+0.65+0.099 ms clock, 1.6+0.64/0.79/0+1.5 ms cpu, 3->4->2 MB, 4 MB goal, 0 MB stacks, 0 MB globals, 16 P
gc 5381 @42.897s 2%: 0.087+0.59+0.081 ms clock, 1.3+0.38/0.85/0.044+1.2 ms cpu, 3->4->1 MB, 4 MB goal, 0 MB stacks, 0 MB globals, 16 P
gc 5382 @42.899s 2%: 0.12+0.55+0.14 ms clock, 2.0+0.66/0.80/0+2.2 ms cpu, 3->4->1 MB, 4 MB goal, 0 MB stacks, 0 MB globals, 16 P
gc 5383 @42.900s 2%: 0.14+0.62+0.12 ms clock, 2.3+0.67/0.92/0+2.0 ms cpu, 3->4->2 MB, 4 MB goal, 0 MB stacks, 0 MB globals, 16 P
gc 5384 @42.902s 2%: 0.096+0.75+0.080 ms clock, 1.5+0.54/0.88/0.093+1.2 ms cpu, 3->4->2 MB, 4 MB goal, 0 MB stacks, 0 MB globals, 16 P
gc 5385 @42.904s 2%: 0.10+0.57+0.074 ms clock, 1.7+0.62/0.82/0.002+1.1 ms cpu, 3->4->1 MB, 4 MB goal, 0 MB stacks, 0 MB globals, 16 P
gc 5386 @42.905s 2%: 0.13+0.60+0.098 ms clock, 2.1+0.46/0.72/0+1.5 ms cpu, 3->4->1 MB, 4 MB goal, 0 MB stacks, 0 MB globals, 16 P
gc 5387 @42.907s 2%: 0.18+0.65+0.10 ms clock, 3.0+0.57/0.87/0.003+1.6 ms cpu, 3->4->1 MB, 4 MB goal, 0 MB stacks, 0 MB globals, 16 P
gc 5388 @42.909s 2%: 0.11+0.58+0.14 ms clock, 1.8+0.68/0.95/0.040+2.3 ms cpu, 3->4->1 MB, 4 MB goal, 0 MB stacks, 0 MB globals, 16 P
gc 5389 @42.911s 2%: 0.10+0.48+0.091 ms clock, 1.6+0.48/0.80/0+1.4 ms cpu, 3->4->1 MB, 4 MB goal, 0 MB stacks, 0 MB globals, 16 P
gc 5390 @42.912s 2%: 0.12+0.75+0.074 ms clock, 2.0+0.65/0.88/0.007+1.1 ms cpu, 3->4->2 MB, 4 MB goal, 0 MB stacks, 0 MB globals, 16 P
gc 5391 @42.914s 2%: 0.13+0.57+0.084 ms clock, 2.1+0.46/0.81/0+1.3 ms cpu, 3->4->1 MB, 4 MB goal, 0 MB stacks, 0 MB globals, 16 P
gc 5392 @42.915s 2%: 0.22+0.59+0.12 ms clock, 3.6+0.65/0.73/0+1.9 ms cpu, 3->4->1 MB, 4 MB goal, 0 MB stacks, 0 MB globals, 16 P
gc 5393 @42.917s 2%: 0.15+0.50+0.094 ms clock, 2.4+0.79/0.77/0+1.5 ms cpu, 3->4->1 MB, 4 MB goal, 0 MB stacks, 0 MB globals, 16 P
gc 5394 @42.918s 2%: 0.15+0.47+0.12 ms clock, 2.5+0.60/0.86/0+1.9 ms cpu, 3->4->1 MB, 4 MB goal, 0 MB stacks, 0 MB globals, 16 P
gc 5395 @42.920s 2%: 0.12+0.83+0.10 ms clock, 2.0+0.61/0.80/0.003+1.6 ms cpu, 3->4->2 MB, 4 MB goal, 0 MB stacks, 0 MB globals, 16 P
gc 5396 @42.922s 2%: 0.093+0.60+0.062 ms clock, 1.5+0.62/0.93/0+0.99 ms cpu, 4->4->1 MB, 4 MB goal, 0 MB stacks, 0 MB globals, 16 P
gc 5397 @42.924s 2%: 0.12+0.49+0.087 ms clock, 2.0+0.72/0.78/0.001+1.3 ms cpu, 3->4->1 MB, 4 MB goal, 0 MB stacks, 0 MB globals, 16 P
gc 5398 @42.925s 2%: 0.16+0.47+0.13 ms clock, 2.6+0.71/0.73/0.002+2.1 ms cpu, 3->4->1 MB, 4 MB goal, 0 MB stacks, 0 MB globals, 16 P
gc 5399 @42.927s 2%: 0.099+0.59+0.10 ms clock, 1.5+0.52/0.96/0.007+1.6 ms cpu, 3->4->1 MB, 4 MB goal, 0 MB stacks, 0 MB globals, 16 P
gc 5400 @42.929s 2%: 0.13+0.46+0.19 ms clock, 2.1+0.59/0.82/0.002+3.1 ms cpu, 3->4->1 MB, 4 MB goal, 0 MB stacks, 0 MB globals, 16 P
gc 5401 @42.930s 2%: 0.10+0.41+0.11 ms clock, 1.7+0.52/0.78/0.028+1.8 ms cpu, 3->4->1 MB, 4 MB goal, 0 MB stacks, 0 MB globals, 16 P
gc 5402 @42.932s 2%: 0.13+0.57+0.058 ms clock, 2.2+0.61/0.83/0.008+0.93 ms cpu, 3->4->1 MB, 4 MB goal, 0 MB stacks, 0 MB globals, 16 P
gc 5403 @42.933s 2%: 0.17+0.70+0.11 ms clock, 2.8+0.69/0.81/0+1.8 ms cpu, 3->4->2 MB, 4 MB goal, 0 MB stacks, 0 MB globals, 16 P
gc 5404 @42.935s 2%: 0.10+0.52+0.11 ms clock, 1.7+0.62/0.78/0.003+1.7 ms cpu, 3->4->1 MB, 4 MB goal, 0 MB stacks, 0 MB globals, 16 P
gc 5405 @42.937s 2%: 0.11+0.53+0.16 ms clock, 1.8+0.50/0.89/0.060+2.7 ms cpu, 3->4->1 MB, 4 MB goal, 0 MB stacks, 0 MB globals, 16 P
gc 5406 @42.939s 2%: 0.18+0.62+0.10 ms clock, 2.8+0.58/0.79/0+1.6 ms cpu, 3->4->2 MB, 4 MB goal, 0 MB stacks, 0 MB globals, 16 P
gc 5407 @42.940s 2%: 0.16+0.51+0.18 ms clock, 2.7+0.59/0.79/0.033+2.8 ms cpu, 3->4->1 MB, 4 MB goal, 0 MB stacks, 0 MB globals, 16 P
gc 5408 @42.942s 2%: 0.11+0.57+0.13 ms clock, 1.8+0.58/0.67/0+2.1 ms cpu, 3->4->1 MB, 4 MB goal, 0 MB stacks, 0 MB globals, 16 P
gc 5409 @42.944s 2%: 0.12+0.62+0.093 ms clock, 1.9+0.45/0.86/0.021+1.4 ms cpu, 3->4->1 MB, 4 MB goal, 0 MB stacks, 0 MB globals, 16 P
gc 5410 @42.945s 2%: 0.11+0.70+0.097 ms clock, 1.8+0.51/0.92/0.007+1.5 ms cpu, 3->4->2 MB, 4 MB goal, 0 MB stacks, 0 MB globals, 16 P
gc 5411 @42.947s 2%: 0.14+0.51+0.16 ms clock, 2.3+0.57/0.82/0+2.7 ms cpu, 3->4->1 MB, 4 MB goal, 0 MB stacks, 0 MB globals, 16 P
gc 5412 @42.949s 2%: 0.14+0.51+0.16 ms clock, 2.3+0.80/0.71/0+2.6 ms cpu, 3->4->1 MB, 4 MB goal, 0 MB stacks, 0 MB globals, 16 P
gc 5413 @42.950s 2%: 0.11+0.47+0.14 ms clock, 1.8+0.60/0.70/0+2.2 ms cpu, 3->4->1 MB, 4 MB goal, 0 MB stacks, 0 MB globals, 16 P
gc 5414 @42.952s 2%: 0.13+0.55+0.13 ms clock, 2.0+0.80/1.0/0+2.1 ms cpu, 3->4->1 MB, 4 MB goal, 0 MB stacks, 0 MB globals, 16 P
gc 5415 @42.953s 2%: 0.10+0.59+0.042 ms clock, 1.7+0.59/0.79/0.046+0.67 ms cpu, 3->4->1 MB, 4 MB goal, 0 MB stacks, 0 MB globals, 16 P
gc 5416 @42.955s 2%: 0.12+0.92+0.11 ms clock, 1.9+0.57/0.76/0.001+1.8 ms cpu, 3->4->2 MB, 4 MB goal, 0 MB stacks, 0 MB globals, 16 P
gc 5417 @42.957s 2%: 0.12+0.54+0.099 ms clock, 1.9+0.56/0.85/0+1.5 ms cpu, 3->4->1 MB, 4 MB goal, 0 MB stacks, 0 MB globals, 16 P
gc 5418 @42.959s 2%: 0.13+0.71+0.10 ms clock, 2.0+0.50/0.80/0+1.7 ms cpu, 3->4->1 MB, 4 MB goal, 0 MB stacks, 0 MB globals, 16 P
gc 5419 @42.960s 2%: 0.11+0.46+0.094 ms clock, 1.8+0.59/0.71/0.006+1.5 ms cpu, 3->4->1 MB, 4 MB goal, 0 MB stacks, 0 MB globals, 16 P
gc 5420 @42.962s 2%: 0.17+0.63+0.050 ms clock, 2.7+0.72/0.90/0+0.80 ms cpu, 3->4->2 MB, 4 MB goal, 0 MB stacks, 0 MB globals, 16 P
gc 5421 @42.964s 2%: 0.11+0.79+0.092 ms clock, 1.8+0.57/0.82/0.005+1.4 ms cpu, 3->4->2 MB, 4 MB goal, 0 MB stacks, 0 MB globals, 16 P
gc 5422 @42.966s 2%: 0.11+0.60+0.13 ms clock, 1.7+0.57/0.84/0+2.2 ms cpu, 4->4->1 MB, 4 MB goal, 0 MB stacks, 0 MB globals, 16 P
gc 5423 @42.967s 2%: 0.12+0.59+0.15 ms clock, 2.0+0.53/0.91/0+2.4 ms cpu, 3->4->1 MB, 4 MB goal, 0 MB stacks, 0 MB globals, 16 P
gc 5424 @42.969s 2%: 0.10+0.58+0.11 ms clock, 1.7+0.55/0.87/0+1.8 ms cpu, 3->4->1 MB, 4 MB goal, 0 MB stacks, 0 MB globals, 16 P
gc 5425 @42.971s 2%: 0.092+0.56+0.12 ms clock, 1.4+0.61/0.89/0.016+1.9 ms cpu, 3->4->1 MB, 4 MB goal, 0 MB stacks, 0 MB globals, 16 P
gc 5426 @42.972s 2%: 0.12+0.61+0.12 ms clock, 2.0+0.59/1.0/0+2.0 ms cpu, 3->4->2 MB, 4 MB goal, 0 MB stacks, 0 MB globals, 16 P
gc 5427 @42.974s 2%: 0.16+0.85+0.16 ms clock, 2.6+0.61/0.99/0.005+2.5 ms cpu, 3->4->2 MB, 4 MB goal, 0 MB stacks, 0 MB globals, 16 P
gc 5428 @42.976s 2%: 0.13+0.74+0.086 ms clock, 2.2+0.59/0.87/0.005+1.3 ms cpu, 4->4->2 MB, 4 MB goal, 0 MB stacks, 0 MB globals, 16 P
gc 5429 @42.978s 2%: 0.12+0.54+0.12 ms clock, 1.9+0.64/0.77/0+2.0 ms cpu, 3->4->1 MB, 4 MB goal, 0 MB stacks, 0 MB globals, 16 P
gc 5430 @42.980s 2%: 0.11+0.50+0.10 ms clock, 1.8+0.64/0.85/0+1.6 ms cpu, 3->4->1 MB, 4 MB goal, 0 MB stacks, 0 MB globals, 16 P
gc 5431 @42.981s 2%: 0.15+0.76+0.059 ms clock, 2.5+0.76/0.85/0.004+0.95 ms cpu, 3->4->2 MB, 4 MB goal, 0 MB stacks, 0 MB globals, 16 P
gc 5432 @42.983s 2%: 0.16+0.55+0.14 ms clock, 2.5+0.57/0.81/0.011+2.3 ms cpu, 3->4->2 MB, 4 MB goal, 0 MB stacks, 0 MB globals, 16 P
gc 5433 @42.985s 2%: 0.11+0.71+0.11 ms clock, 1.8+0.56/0.91/0+1.8 ms cpu, 3->4->2 MB, 4 MB goal, 0 MB stacks, 0 MB globals, 16 P
gc 5434 @42.987s 2%: 0.13+0.60+0.10 ms clock, 2.1+0.54/0.87/0.026+1.7 ms cpu, 3->4->2 MB, 4 MB goal, 0 MB stacks, 0 MB globals, 16 P
gc 5435 @42.989s 2%: 0.19+0.52+0.13 ms clock, 3.0+0.64/0.88/0+2.0 ms cpu, 3->4->2 MB, 4 MB goal, 0 MB stacks, 0 MB globals, 16 P
gc 5436 @42.990s 2%: 0.10+0.48+0.095 ms clock, 1.6+0.59/0.73/0.004+1.5 ms cpu, 3->4->1 MB, 4 MB goal, 0 MB stacks, 0 MB globals, 16 P
gc 5437 @42.992s 2%: 0.12+0.55+0.090 ms clock, 2.0+0.63/0.79/0+1.4 ms cpu, 3->4->2 MB, 4 MB goal, 0 MB stacks, 0 MB globals, 16 P
gc 5438 @42.994s 2%: 0.11+0.56+0.089 ms clock, 1.7+0.42/0.94/0.005+1.4 ms cpu, 3->4->1 MB, 4 MB goal, 0 MB stacks, 0 MB globals, 16 P
gc 5439 @42.995s 2%: 0.14+0.41+0.17 ms clock, 2.2+0.70/0.71/0+2.8 ms cpu, 3->4->1 MB, 4 MB goal, 0 MB stacks, 0 MB globals, 16 P
gc 5440 @42.997s 2%: 0.13+0.55+0.094 ms clock, 2.0+0.67/0.81/0+1.5 ms cpu, 3->4->1 MB, 4 MB goal, 0 MB stacks, 0 MB globals, 16 P
gc 5441 @42.998s 2%: 0.11+0.51+0.10 ms clock, 1.8+0.63/0.70/0.037+1.6 ms cpu, 3->4->1 MB, 4 MB goal, 0 MB stacks, 0 MB globals, 16 P
gc 5442 @43.000s 2%: 0.15+0.69+0.098 ms clock, 2.4+0.73/0.86/0+1.5 ms cpu, 3->4->2 MB, 4 MB goal, 0 MB stacks, 0 MB globals, 16 P
gc 5443 @43.001s 2%: 0.10+0.59+0.092 ms clock, 1.7+0.48/0.79/0.001+1.4 ms cpu, 3->4->1 MB, 4 MB goal, 0 MB stacks, 0 MB globals, 16 P
gc 5444 @43.003s 2%: 0.10+0.49+0.19 ms clock, 1.7+0.63/0.74/0.001+3.0 ms cpu, 3->4->1 MB, 4 MB goal, 0 MB stacks, 0 MB globals, 16 P
gc 5445 @43.005s 2%: 0.17+0.48+0.092 ms clock, 2.8+0.60/0.83/0+1.4 ms cpu, 3->4->1 MB, 4 MB goal, 0 MB stacks, 0 MB globals, 16 P
gc 5446 @43.006s 2%: 0.20+0.52+0.15 ms clock, 3.2+0.50/0.84/0+2.5 ms cpu, 3->4->1 MB, 4 MB goal, 0 MB stacks, 0 MB globals, 16 P
gc 5447 @43.008s 2%: 0.12+0.61+0.14 ms clock, 1.9+0.69/0.95/0.012+2.3 ms cpu, 3->4->2 MB, 4 MB goal, 0 MB stacks, 0 MB globals, 16 P
gc 5448 @43.010s 2%: 0.19+0.52+0.15 ms clock, 3.1+0.70/0.81/0+2.4 ms cpu, 3->4->1 MB, 4 MB goal, 0 MB stacks, 0 MB globals, 16 P
gc 5449 @43.012s 2%: 0.16+0.64+0.16 ms clock, 2.6+0.66/0.75/0.089+2.5 ms cpu, 3->4->1 MB, 4 MB goal, 0 MB stacks, 0 MB globals, 16 P
gc 5450 @43.013s 2%: 0.13+0.66+0.066 ms clock, 2.1+0.63/0.90/0+1.0 ms cpu, 3->4->2 MB, 4 MB goal, 0 MB stacks, 0 MB globals, 16 P
gc 5451 @43.015s 2%: 0.081+0.63+0.096 ms clock, 1.3+0.50/0.87/0.036+1.5 ms cpu, 3->4->1 MB, 4 MB goal, 0 MB stacks, 0 MB globals, 16 P
gc 5452 @43.017s 2%: 0.10+0.65+0.10 ms clock, 1.7+0.63/0.73/0.002+1.6 ms cpu, 3->4->1 MB, 4 MB goal, 0 MB stacks, 0 MB globals, 16 P
gc 5453 @43.018s 2%: 0.15+0.60+0.10 ms clock, 2.5+0.63/0.86/0+1.7 ms cpu, 3->4->2 MB, 4 MB goal, 0 MB stacks, 0 MB globals, 16 P
gc 5454 @43.020s 2%: 0.10+0.64+0.067 ms clock, 1.6+0.55/0.79/0+1.0 ms cpu, 3->4->1 MB, 4 MB goal, 0 MB stacks, 0 MB globals, 16 P
gc 5455 @43.022s 2%: 0.12+0.60+0.084 ms clock, 2.0+0.42/0.86/0.048+1.3 ms cpu, 3->4->1 MB, 4 MB goal, 0 MB stacks, 0 MB globals, 16 P
gc 5456 @43.024s 2%: 0.14+0.76+0.091 ms clock, 2.2+0.55/0.74/0+1.4 ms cpu, 3->4->2 MB, 4 MB goal, 0 MB stacks, 0 MB globals, 16 P
gc 5457 @43.026s 2%: 0.11+0.53+0.073 ms clock, 1.8+0.67/0.71/0+1.1 ms cpu, 3->4->1 MB, 4 MB goal, 0 MB stacks, 0 MB globals, 16 P
gc 5458 @43.027s 2%: 0.11+0.64+0.10 ms clock, 1.8+0.50/0.75/0+1.6 ms cpu, 3->4->2 MB, 4 MB goal, 0 MB stacks, 0 MB globals, 16 P
gc 5459 @43.029s 2%: 0.10+0.54+0.097 ms clock, 1.7+0.57/0.76/0.038+1.5 ms cpu, 3->4->1 MB, 4 MB goal, 0 MB stacks, 0 MB globals, 16 P
gc 5460 @43.030s 2%: 0.16+0.62+0.10 ms clock, 2.6+0.72/0.86/0+1.7 ms cpu, 3->4->2 MB, 4 MB goal, 0 MB stacks, 0 MB globals, 16 P
gc 5461 @43.032s 2%: 0.12+0.61+0.18 ms clock, 1.9+0.41/0.90/0.024+2.9 ms cpu, 3->4->2 MB, 4 MB goal, 0 MB stacks, 0 MB globals, 16 P
gc 5462 @43.034s 2%: 0.081+0.70+0.080 ms clock, 1.3+0.64/0.78/0.002+1.2 ms cpu, 3->4->1 MB, 4 MB goal, 0 MB stacks, 0 MB globals, 16 P
gc 5463 @43.036s 2%: 0.22+0.65+0.076 ms clock, 3.5+0.67/0.82/0+1.2 ms cpu, 3->4->2 MB, 4 MB goal, 0 MB stacks, 0 MB globals, 16 P
gc 5464 @43.038s 2%: 0.14+0.52+0.16 ms clock, 2.2+0.69/0.85/0+2.7 ms cpu, 3->4->1 MB, 4 MB goal, 0 MB stacks, 0 MB globals, 16 P
gc 5465 @43.039s 2%: 0.095+0.84+0.081 ms clock, 1.5+0.64/0.97/0.002+1.2 ms cpu, 3->4->2 MB, 4 MB goal, 0 MB stacks, 0 MB globals, 16 P
gc 5466 @43.042s 2%: 0.12+0.58+0.10 ms clock, 1.9+0.59/0.83/0+1.6 ms cpu, 4->4->1 MB, 4 MB goal, 0 MB stacks, 0 MB globals, 16 P
gc 5467 @43.043s 2%: 0.11+0.58+0.086 ms clock, 1.9+0.49/0.79/0+1.3 ms cpu, 3->4->1 MB, 4 MB goal, 0 MB stacks, 0 MB globals, 16 P
gc 5468 @43.045s 2%: 0.14+0.48+0.11 ms clock, 2.3+0.56/0.86/0.008+1.8 ms cpu, 3->4->1 MB, 4 MB goal, 0 MB stacks, 0 MB globals, 16 P
gc 5469 @43.046s 2%: 0.14+0.45+0.13 ms clock, 2.3+0.57/0.82/0.060+2.1 ms cpu, 3->3->1 MB, 4 MB goal, 0 MB stacks, 0 MB globals, 16 P
gc 5470 @43.048s 2%: 0.19+0.82+0.11 ms clock, 3.0+0.63/0.96/0.008+1.8 ms cpu, 3->4->2 MB, 4 MB goal, 0 MB stacks, 0 MB globals, 16 P
gc 5471 @43.050s 2%: 0.10+0.73+0.077 ms clock, 1.7+0.64/0.89/0+1.2 ms cpu, 4->5->2 MB, 4 MB goal, 0 MB stacks, 0 MB globals, 16 P
gc 5472 @43.052s 2%: 0.19+0.48+0.17 ms clock, 3.0+0.75/0.88/0.002+2.7 ms cpu, 3->4->1 MB, 4 MB goal, 0 MB stacks, 0 MB globals, 16 P
gc 5473 @43.054s 2%: 0.11+0.56+0.11 ms clock, 1.8+0.65/0.86/0.013+1.8 ms cpu, 3->4->1 MB, 4 MB goal, 0 MB stacks, 0 MB globals, 16 P
gc 5474 @43.055s 2%: 0.17+0.57+0.10 ms clock, 2.7+0.65/0.90/0+1.7 ms cpu, 3->4->2 MB, 4 MB goal, 0 MB stacks, 0 MB globals, 16 P
gc 5475 @43.057s 2%: 0.078+0.72+0.098 ms clock, 1.2+0.58/0.89/0+1.5 ms cpu, 3->4->1 MB, 4 MB goal, 0 MB stacks, 0 MB globals, 16 P
gc 5476 @43.059s 2%: 0.12+0.51+0.10 ms clock, 2.0+0.60/0.78/0.063+1.7 ms cpu, 3->4->1 MB, 4 MB goal, 0 MB stacks, 0 MB globals, 16 P
gc 5477 @43.061s 2%: 0.16+0.60+0.13 ms clock, 2.6+0.59/0.72/0+2.2 ms cpu, 3->4->1 MB, 4 MB goal, 0 MB stacks, 0 MB globals, 16 P
gc 5478 @43.062s 2%: 0.15+0.53+0.12 ms clock, 2.4+0.61/0.77/0+1.9 ms cpu, 3->4->1 MB, 4 MB goal, 0 MB stacks, 0 MB globals, 16 P
gc 5479 @43.064s 2%: 0.12+0.56+0.077 ms clock, 2.0+0.60/0.72/0+1.2 ms cpu, 3->4->1 MB, 4 MB goal, 0 MB stacks, 0 MB globals, 16 P
gc 5480 @43.066s 2%: 0.11+0.51+0.10 ms clock, 1.8+0.54/0.74/0+1.7 ms cpu, 3->4->1 MB, 4 MB goal, 0 MB stacks, 0 MB globals, 16 P
gc 5481 @43.067s 2%: 0.13+0.66+0.10 ms clock, 2.1+0.53/0.99/0.005+1.7 ms cpu, 3->4->2 MB, 4 MB goal, 0 MB stacks, 0 MB globals, 16 P
gc 5482 @43.069s 2%: 0.16+0.50+0.10 ms clock, 2.7+0.56/0.85/0.052+1.7 ms cpu, 3->4->1 MB, 4 MB goal, 0 MB stacks, 0 MB globals, 16 P
gc 5483 @43.071s 2%: 0.12+0.63+0.072 ms clock, 2.0+0.61/0.69/0.007+1.1 ms cpu, 3->4->1 MB, 4 MB goal, 0 MB stacks, 0 MB globals, 16 P
gc 5484 @43.072s 2%: 0.11+0.59+0.12 ms clock, 1.8+0.58/0.75/0+2.0 ms cpu, 3->4->1 MB, 4 MB goal, 0 MB stacks, 0 MB globals, 16 P
gc 5485 @43.074s 2%: 0.12+0.53+0.096 ms clock, 1.9+0.68/0.94/0+1.5 ms cpu, 3->4->1 MB, 4 MB goal, 0 MB stacks, 0 MB globals, 16 P
gc 5486 @43.076s 2%: 0.10+0.52+0.10 ms clock, 1.6+0.49/0.84/0+1.6 ms cpu, 3->4->1 MB, 4 MB goal, 0 MB stacks, 0 MB globals, 16 P
gc 5487 @43.077s 2%: 0.13+0.59+0.13 ms clock, 2.2+0.60/0.70/0+2.1 ms cpu, 3->4->1 MB, 4 MB goal, 0 MB stacks, 0 MB globals, 16 P
gc 5488 @43.079s 2%: 0.21+0.54+0.093 ms clock, 3.4+0.61/0.76/0+1.4 ms cpu, 3->4->1 MB, 4 MB goal, 0 MB stacks, 0 MB globals, 16 P
gc 5489 @43.080s 2%: 0.18+0.59+0.073 ms clock, 2.9+0.54/0.78/0+1.1 ms cpu, 3->4->2 MB, 4 MB goal, 0 MB stacks, 0 MB globals, 16 P
gc 5490 @43.082s 2%: 0.13+0.67+0.11 ms clock, 2.0+0.60/0.77/0+1.8 ms cpu, 3->4->2 MB, 4 MB goal, 0 MB stacks, 0 MB globals, 16 P
gc 5491 @43.084s 2%: 0.099+0.62+0.082 ms clock, 1.5+0.58/0.83/0+1.3 ms cpu, 3->4->1 MB, 4 MB goal, 0 MB stacks, 0 MB globals, 16 P
gc 5492 @43.086s 2%: 0.21+0.48+0.13 ms clock, 3.4+0.64/0.80/0.005+2.1 ms cpu, 3->4->2 MB, 4 MB goal, 0 MB stacks, 0 MB globals, 16 P
gc 5493 @43.087s 2%: 0.14+0.54+0.085 ms clock, 2.3+0.54/0.78/0+1.3 ms cpu, 3->4->1 MB, 4 MB goal, 0 MB stacks, 0 MB globals, 16 P
gc 5494 @43.089s 2%: 0.10+0.46+0.070 ms clock, 1.6+0.50/0.79/0+1.1 ms cpu, 3->3->1 MB, 4 MB goal, 0 MB stacks, 0 MB globals, 16 P
gc 5495 @43.090s 2%: 0.10+0.52+0.086 ms clock, 1.7+0.60/0.70/0.009+1.3 ms cpu, 3->3->1 MB, 4 MB goal, 0 MB stacks, 0 MB globals, 16 P
gc 5496 @43.092s 2%: 0.14+0.54+0.055 ms clock, 2.3+0.68/0.76/0+0.88 ms cpu, 3->4->1 MB, 4 MB goal, 0 MB stacks, 0 MB globals, 16 P
gc 5497 @43.093s 2%: 0.11+0.55+0.070 ms clock, 1.8+0.51/0.83/0.011+1.1 ms cpu, 3->4->1 MB, 4 MB goal, 0 MB stacks, 0 MB globals, 16 P
gc 5498 @43.095s 2%: 0.11+0.62+0.10 ms clock, 1.8+0.58/0.88/0.032+1.6 ms cpu, 3->4->2 MB, 4 MB goal, 0 MB stacks, 0 MB globals, 16 P
gc 5499 @43.097s 2%: 0.15+0.48+0.11 ms clock, 2.5+0.83/0.69/0+1.8 ms cpu, 3->4->1 MB, 4 MB goal, 0 MB stacks, 0 MB globals, 16 P
gc 5500 @43.098s 2%: 0.10+0.57+0.10 ms clock, 1.6+0.52/0.89/0+1.7 ms cpu, 3->4->1 MB, 4 MB goal, 0 MB stacks, 0 MB globals, 16 P
gc 5501 @43.100s 2%: 0.12+0.75+0.037 ms clock, 1.9+0.62/0.90/0+0.60 ms cpu, 3->4->2 MB, 4 MB goal, 0 MB stacks, 0 MB globals, 16 P
gc 5502 @43.102s 2%: 0.12+0.92+0.099 ms clock, 2.0+0.54/0.82/0.043+1.5 ms cpu, 3->4->2 MB, 4 MB goal, 0 MB stacks, 0 MB globals, 16 P
gc 5503 @43.104s 2%: 0.14+0.54+0.11 ms clock, 2.3+0.59/0.88/0+1.8 ms cpu, 4->4->1 MB, 4 MB goal, 0 MB stacks, 0 MB globals, 16 P
gc 5504 @43.105s 2%: 0.13+0.54+0.10 ms clock, 2.1+0.62/0.76/0+1.6 ms cpu, 3->4->1 MB, 4 MB goal, 0 MB stacks, 0 MB globals, 16 P
gc 5505 @43.107s 2%: 0.15+0.48+0.17 ms clock, 2.5+0.39/0.97/0.035+2.7 ms cpu, 3->4->1 MB, 4 MB goal, 0 MB stacks, 0 MB globals, 16 P
gc 5506 @43.109s 2%: 0.14+0.53+0.13 ms clock, 2.3+0.59/0.77/0+2.2 ms cpu, 3->4->1 MB, 4 MB goal, 0 MB stacks, 0 MB globals, 16 P
gc 5507 @43.110s 2%: 0.11+0.76+0.10 ms clock, 1.8+0.57/0.77/0.019+1.6 ms cpu, 3->4->2 MB, 4 MB goal, 0 MB stacks, 0 MB globals, 16 P
gc 5508 @43.112s 2%: 0.14+0.51+0.11 ms clock, 2.3+0.71/0.80/0+1.7 ms cpu, 3->4->1 MB, 4 MB goal, 0 MB stacks, 0 MB globals, 16 P
gc 5509 @43.114s 2%: 0.20+0.51+0.090 ms clock, 3.3+0.65/0.77/0+1.4 ms cpu, 3->4->2 MB, 4 MB goal, 0 MB stacks, 0 MB globals, 16 P
gc 5510 @43.115s 2%: 0.10+0.72+0.080 ms clock, 1.6+0.35/0.87/0.11+1.2 ms cpu, 3->4->1 MB, 4 MB goal, 0 MB stacks, 0 MB globals, 16 P
gc 5511 @43.117s 2%: 0.12+0.61+0.13 ms clock, 1.9+0.52/0.97/0.046+2.1 ms cpu, 3->4->2 MB, 4 MB goal, 0 MB stacks, 0 MB globals, 16 P
gc 5512 @43.119s 2%: 0.13+0.59+0.10 ms clock, 2.0+0.74/0.77/0+1.7 ms cpu, 3->4->2 MB, 4 MB goal, 0 MB stacks, 0 MB globals, 16 P
gc 5513 @43.121s 2%: 0.14+0.62+0.14 ms clock, 2.2+0.51/0.82/0+2.3 ms cpu, 3->4->2 MB, 4 MB goal, 0 MB stacks, 0 MB globals, 16 P
gc 5514 @43.122s 2%: 0.14+0.58+0.11 ms clock, 2.2+0.65/0.82/0.003+1.8 ms cpu, 3->4->2 MB, 4 MB goal, 0 MB stacks, 0 MB globals, 16 P
gc 5515 @43.124s 2%: 0.11+0.52+0.12 ms clock, 1.8+0.56/0.92/0.016+1.9 ms cpu, 3->4->1 MB, 4 MB goal, 0 MB stacks, 0 MB globals, 16 P
gc 5516 @43.126s 2%: 0.13+0.49+0.096 ms clock, 2.1+0.59/0.75/0+1.5 ms cpu, 3->4->1 MB, 4 MB goal, 0 MB stacks, 0 MB globals, 16 P
gc 5517 @43.127s 2%: 0.12+0.63+0.13 ms clock, 1.9+0.66/0.78/0+2.1 ms cpu, 3->4->2 MB, 4 MB goal, 0 MB stacks, 0 MB globals, 16 P
gc 5518 @43.129s 2%: 0.10+0.61+0.10 ms clock, 1.6+0.65/0.70/0+1.6 ms cpu, 3->4->2 MB, 4 MB goal, 0 MB stacks, 0 MB globals, 16 P
gc 5519 @43.131s 2%: 0.12+0.48+0.13 ms clock, 1.9+0.67/0.74/0+2.1 ms cpu, 3->4->1 MB, 4 MB goal, 0 MB stacks, 0 MB globals, 16 P
gc 5520 @43.132s 2%: 0.087+0.52+0.10 ms clock, 1.4+0.63/0.81/0.031+1.7 ms cpu, 3->4->1 MB, 4 MB goal, 0 MB stacks, 0 MB globals, 16 P
gc 5521 @43.134s 2%: 0.11+0.61+0.12 ms clock, 1.8+0.53/0.90/0+2.0 ms cpu, 3->4->1 MB, 4 MB goal, 0 MB stacks, 0 MB globals, 16 P
gc 5522 @43.136s 2%: 0.14+0.51+0.21 ms clock, 2.3+0.60/0.84/0+3.5 ms cpu, 3->4->1 MB, 4 MB goal, 0 MB stacks, 0 MB globals, 16 P
gc 5523 @43.137s 2%: 0.11+0.54+0.11 ms clock, 1.8+0.49/0.85/0+1.9 ms cpu, 3->4->1 MB, 4 MB goal, 0 MB stacks, 0 MB globals, 16 P
gc 5524 @43.139s 2%: 0.14+0.70+0.053 ms clock, 2.2+0.61/0.80/0+0.85 ms cpu, 3->4->1 MB, 4 MB goal, 0 MB stacks, 0 MB globals, 16 P
gc 5525 @43.140s 2%: 0.10+0.54+0.11 ms clock, 1.7+0.67/0.80/0+1.8 ms cpu, 3->4->1 MB, 4 MB goal, 0 MB stacks, 0 MB globals, 16 P
gc 5526 @43.142s 2%: 0.10+0.57+0.080 ms clock, 1.6+0.44/0.80/0+1.2 ms cpu, 3->4->1 MB, 4 MB goal, 0 MB stacks, 0 MB globals, 16 P
gc 5527 @43.144s 2%: 0.10+0.53+0.087 ms clock, 1.7+0.51/0.78/0+1.3 ms cpu, 3->4->1 MB, 4 MB goal, 0 MB stacks, 0 MB globals, 16 P
gc 5528 @43.145s 2%: 0.11+0.46+0.13 ms clock, 1.7+0.56/0.76/0+2.0 ms cpu, 3->4->1 MB, 4 MB goal, 0 MB stacks, 0 MB globals, 16 P
gc 5529 @43.146s 2%: 0.19+0.41+0.13 ms clock, 3.1+0.63/0.81/0.004+2.1 ms cpu, 3->4->1 MB, 4 MB goal, 0 MB stacks, 0 MB globals, 16 P
gc 5530 @43.148s 2%: 0.10+0.73+0.10 ms clock, 1.7+0.66/0.80/0.028+1.6 ms cpu, 3->4->2 MB, 4 MB goal, 0 MB stacks, 0 MB globals, 16 P
gc 5531 @43.150s 2%: 0.12+0.60+0.043 ms clock, 2.0+0.56/0.78/0+0.69 ms cpu, 3->4->1 MB, 4 MB goal, 0 MB stacks, 0 MB globals, 16 P
gc 5532 @43.151s 2%: 0.14+0.63+0.060 ms clock, 2.2+0.57/1.0/0+0.96 ms cpu, 3->4->2 MB, 4 MB goal, 0 MB stacks, 0 MB globals, 16 P
gc 5533 @43.153s 2%: 0.11+0.55+0.097 ms clock, 1.8+0.47/0.79/0.008+1.5 ms cpu, 3->4->1 MB, 4 MB goal, 0 MB stacks, 0 MB globals, 16 P
gc 5534 @43.155s 2%: 0.12+0.54+0.10 ms clock, 1.9+0.64/0.79/0.015+1.6 ms cpu, 3->4->1 MB, 4 MB goal, 0 MB stacks, 0 MB globals, 16 P
gc 5535 @43.156s 2%: 0.10+0.49+0.14 ms clock, 1.6+0.54/0.80/0.033+2.3 ms cpu, 3->4->1 MB, 4 MB goal, 0 MB stacks, 0 MB globals, 16 P
gc 5536 @43.158s 2%: 0.12+0.51+0.18 ms clock, 1.9+0.69/0.79/0+2.9 ms cpu, 3->4->1 MB, 4 MB goal, 0 MB stacks, 0 MB globals, 16 P
gc 5537 @43.160s 2%: 0.091+0.50+0.047 ms clock, 1.4+0.66/0.80/0.071+0.76 ms cpu, 3->4->1 MB, 4 MB goal, 0 MB stacks, 0 MB globals, 16 P
gc 5538 @43.161s 2%: 0.15+0.57+0.090 ms clock, 2.4+0.67/0.80/0+1.4 ms cpu, 3->4->2 MB, 4 MB goal, 0 MB stacks, 0 MB globals, 16 P
gc 5539 @43.163s 2%: 0.10+0.48+0.11 ms clock, 1.7+0.52/0.79/0+1.8 ms cpu, 3->4->1 MB, 4 MB goal, 0 MB stacks, 0 MB globals, 16 P
gc 5540 @43.164s 2%: 0.19+0.49+0.13 ms clock, 3.1+0.66/0.79/0+2.1 ms cpu, 3->3->1 MB, 4 MB goal, 0 MB stacks, 0 MB globals, 16 P
gc 5541 @43.166s 2%: 0.13+0.60+0.10 ms clock, 2.2+0.49/0.91/0+1.7 ms cpu, 3->4->2 MB, 4 MB goal, 0 MB stacks, 0 MB globals, 16 P
gc 5542 @43.167s 2%: 0.11+0.59+0.093 ms clock, 1.8+0.57/0.83/0+1.5 ms cpu, 3->4->2 MB, 4 MB goal, 0 MB stacks, 0 MB globals, 16 P
gc 5543 @43.169s 2%: 0.13+0.60+0.10 ms clock, 2.0+0.68/0.86/0.053+1.6 ms cpu, 3->4->2 MB, 4 MB goal, 0 MB stacks, 0 MB globals, 16 P
gc 5544 @43.171s 2%: 0.13+0.47+0.15 ms clock, 2.2+0.60/0.82/0+2.4 ms cpu, 3->4->1 MB, 4 MB goal, 0 MB stacks, 0 MB globals, 16 P
gc 5545 @43.173s 2%: 0.15+0.64+0.054 ms clock, 2.4+0.49/0.80/0+0.86 ms cpu, 3->4->1 MB, 4 MB goal, 0 MB stacks, 0 MB globals, 16 P
gc 5546 @43.174s 2%: 0.17+0.59+0.050 ms clock, 2.7+0.58/0.81/0.003+0.81 ms cpu, 3->4->1 MB, 4 MB goal, 0 MB stacks, 0 MB globals, 16 P
gc 5547 @43.176s 2%: 0.10+0.67+0.10 ms clock, 1.6+0.56/0.76/0.029+1.6 ms cpu, 3->4->1 MB, 4 MB goal, 0 MB stacks, 0 MB globals, 16 P
gc 5548 @43.177s 2%: 0.13+0.57+0.12 ms clock, 2.1+0.65/0.80/0+1.9 ms cpu, 3->4->2 MB, 4 MB goal, 0 MB stacks, 0 MB globals, 16 P
gc 5549 @43.179s 2%: 0.10+0.57+0.093 ms clock, 1.6+0.60/0.78/0+1.4 ms cpu, 3->4->1 MB, 4 MB goal, 0 MB stacks, 0 MB globals, 16 P
gc 5550 @43.181s 2%: 0.11+0.59+0.13 ms clock, 1.8+0.63/0.82/0+2.2 ms cpu, 3->4->1 MB, 4 MB goal, 0 MB stacks, 0 MB globals, 16 P
gc 5551 @43.183s 2%: 0.16+0.76+0.14 ms clock, 2.6+0.65/0.92/0+2.3 ms cpu, 3->4->2 MB, 4 MB goal, 0 MB stacks, 0 MB globals, 16 P
gc 5552 @43.185s 2%: 0.099+0.72+0.095 ms clock, 1.5+0.53/1.0/0.014+1.5 ms cpu, 4->5->2 MB, 4 MB goal, 0 MB stacks, 0 MB globals, 16 P
gc 5553 @43.187s 2%: 0.12+0.60+0.087 ms clock, 1.9+0.51/0.94/0.003+1.3 ms cpu, 3->4->1 MB, 4 MB goal, 0 MB stacks, 0 MB globals, 16 P
gc 5554 @43.188s 2%: 0.085+0.64+0.085 ms clock, 1.3+0.62/0.81/0+1.3 ms cpu, 3->4->1 MB, 4 MB goal, 0 MB stacks, 0 MB globals, 16 P
gc 5555 @43.190s 2%: 0.17+0.53+0.11 ms clock, 2.7+0.69/0.74/0+1.8 ms cpu, 3->4->1 MB, 4 MB goal, 0 MB stacks, 0 MB globals, 16 P
gc 5556 @43.192s 2%: 0.17+0.77+0.11 ms clock, 2.8+0.66/0.84/0.013+1.8 ms cpu, 3->4->2 MB, 4 MB goal, 0 MB stacks, 0 MB globals, 16 P
gc 5557 @43.193s 2%: 0.18+0.57+0.086 ms clock, 2.9+0.63/0.76/0+1.3 ms cpu, 3->4->2 MB, 4 MB goal, 0 MB stacks, 0 MB globals, 16 P
gc 5558 @43.195s 2%: 0.10+0.55+0.096 ms clock, 1.7+0.51/0.92/0.011+1.5 ms cpu, 3->4->1 MB, 4 MB goal, 0 MB stacks, 0 MB globals, 16 P
gc 5559 @43.197s 2%: 0.11+0.58+0.083 ms clock, 1.8+0.54/0.93/0+1.3 ms cpu, 3->4->1 MB, 4 MB goal, 0 MB stacks, 0 MB globals, 16 P
gc 5560 @43.198s 2%: 0.13+0.44+0.077 ms clock, 2.2+0.61/0.80/0+1.2 ms cpu, 3->4->1 MB, 4 MB goal, 0 MB stacks, 0 MB globals, 16 P
gc 5561 @43.200s 2%: 0.10+0.54+0.12 ms clock, 1.7+0.71/0.78/0+1.9 ms cpu, 3->3->1 MB, 4 MB goal, 0 MB stacks, 0 MB globals, 16 P
gc 5562 @43.201s 2%: 0.11+0.65+0.082 ms clock, 1.8+0.52/0.75/0.012+1.3 ms cpu, 3->4->1 MB, 4 MB goal, 0 MB stacks, 0 MB globals, 16 P
gc 5563 @43.203s 2%: 0.11+0.60+0.10 ms clock, 1.8+0.58/0.89/0.005+1.7 ms cpu, 3->4->1 MB, 4 MB goal, 0 MB stacks, 0 MB globals, 16 P
gc 5564 @43.205s 2%: 0.11+0.53+0.093 ms clock, 1.8+0.51/0.88/0+1.5 ms cpu, 3->4->1 MB, 4 MB goal, 0 MB stacks, 0 MB globals, 16 P
gc 5565 @43.206s 2%: 0.12+0.55+0.13 ms clock, 1.9+0.56/0.89/0.005+2.1 ms cpu, 3->4->1 MB, 4 MB goal, 0 MB stacks, 0 MB globals, 16 P
gc 5566 @43.208s 2%: 0.13+0.55+0.065 ms clock, 2.1+0.63/0.82/0.017+1.0 ms cpu, 3->4->1 MB, 4 MB goal, 0 MB stacks, 0 MB globals, 16 P
gc 5567 @43.210s 2%: 0.11+0.61+0.13 ms clock, 1.8+0.57/0.84/0.056+2.2 ms cpu, 3->4->1 MB, 4 MB goal, 0 MB stacks, 0 MB globals, 16 P
gc 5568 @43.211s 2%: 0.10+0.58+0.10 ms clock, 1.7+0.57/0.88/0+1.7 ms cpu, 3->4->2 MB, 4 MB goal, 0 MB stacks, 0 MB globals, 16 P
gc 5569 @43.213s 2%: 0.16+0.54+0.12 ms clock, 2.5+0.62/0.82/0.047+1.9 ms cpu, 3->4->1 MB, 4 MB goal, 0 MB stacks, 0 MB globals, 16 P
gc 5570 @43.215s 2%: 0.11+0.67+0.083 ms clock, 1.8+0.47/0.93/0+1.3 ms cpu, 3->4->1 MB, 4 MB goal, 0 MB stacks, 0 MB globals, 16 P
gc 5571 @43.217s 2%: 0.17+0.64+0.098 ms clock, 2.7+0.55/0.63/0.084+1.5 ms cpu, 3->4->2 MB, 4 MB goal, 0 MB stacks, 0 MB globals, 16 P
gc 5572 @43.218s 2%: 0.18+0.58+0.11 ms clock, 2.9+0.53/0.83/0+1.7 ms cpu, 3->4->2 MB, 4 MB goal, 0 MB stacks, 0 MB globals, 16 P
gc 5573 @43.220s 2%: 0.16+0.68+0.059 ms clock, 2.6+0.61/0.86/0.011+0.95 ms cpu, 3->4->2 MB, 4 MB goal, 0 MB stacks, 0 MB globals, 16 P
gc 5574 @43.222s 2%: 0.10+0.67+0.10 ms clock, 1.6+0.72/0.71/0.040+1.6 ms cpu, 3->4->1 MB, 4 MB goal, 0 MB stacks, 0 MB globals, 16 P
gc 5575 @43.224s 2%: 0.15+0.64+0.13 ms clock, 2.5+0.64/0.95/0+2.2 ms cpu, 3->4->2 MB, 4 MB goal, 0 MB stacks, 0 MB globals, 16 P
gc 5576 @43.226s 2%: 0.12+0.41+0.12 ms clock, 1.9+0.68/0.74/0+2.0 ms cpu, 3->4->1 MB, 4 MB goal, 0 MB stacks, 0 MB globals, 16 P
gc 5577 @43.227s 2%: 0.12+0.59+0.088 ms clock, 1.9+0.63/0.76/0.005+1.4 ms cpu, 3->4->1 MB, 4 MB goal, 0 MB stacks, 0 MB globals, 16 P
gc 5578 @43.229s 2%: 0.10+0.72+0.090 ms clock, 1.6+0.51/0.85/0+1.4 ms cpu, 3->4->2 MB, 4 MB goal, 0 MB stacks, 0 MB globals, 16 P
gc 5579 @43.231s 2%: 0.13+0.57+0.093 ms clock, 2.1+0.61/0.75/0+1.4 ms cpu, 3->4->1 MB, 4 MB goal, 0 MB stacks, 0 MB globals, 16 P
gc 5580 @43.232s 2%: 0.13+0.53+0.16 ms clock, 2.2+0.63/0.83/0+2.5 ms cpu, 3->4->2 MB, 4 MB goal, 0 MB stacks, 0 MB globals, 16 P
gc 5581 @43.234s 2%: 0.13+0.63+0.11 ms clock, 2.2+0.56/1.0/0.004+1.9 ms cpu, 3->4->2 MB, 4 MB goal, 0 MB stacks, 0 MB globals, 16 P
gc 5582 @43.236s 2%: 0.15+0.74+0.081 ms clock, 2.4+0.53/0.76/0+1.3 ms cpu, 3->4->1 MB, 4 MB goal, 0 MB stacks, 0 MB globals, 16 P
gc 5583 @43.238s 2%: 0.14+0.63+0.12 ms clock, 2.3+0.53/0.85/0+1.9 ms cpu, 3->4->2 MB, 4 MB goal, 0 MB stacks, 0 MB globals, 16 P
gc 5584 @43.239s 2%: 0.17+0.60+0.13 ms clock, 2.7+0.62/0.79/0.022+2.1 ms cpu, 3->4->2 MB, 4 MB goal, 0 MB stacks, 0 MB globals, 16 P
gc 5585 @43.241s 2%: 0.14+0.72+0.039 ms clock, 2.2+0.67/0.65/0.048+0.63 ms cpu, 3->4->1 MB, 4 MB goal, 0 MB stacks, 0 MB globals, 16 P
gc 5586 @43.243s 2%: 0.10+0.65+0.098 ms clock, 1.7+0.45/0.97/0.002+1.5 ms cpu, 3->4->2 MB, 4 MB goal, 0 MB stacks, 0 MB globals, 16 P
gc 5587 @43.245s 2%: 0.11+0.50+0.10 ms clock, 1.8+0.44/0.80/0.024+1.7 ms cpu, 3->4->1 MB, 4 MB goal, 0 MB stacks, 0 MB globals, 16 P
gc 5588 @43.246s 2%: 0.10+0.55+0.097 ms clock, 1.6+0.54/0.82/0+1.5 ms cpu, 3->4->1 MB, 4 MB goal, 0 MB stacks, 0 MB globals, 16 P
gc 5589 @43.248s 2%: 0.18+0.52+0.10 ms clock, 2.8+0.54/0.86/0.015+1.7 ms cpu, 3->4->2 MB, 4 MB goal, 0 MB stacks, 0 MB globals, 16 P
gc 5590 @43.250s 2%: 0.13+0.48+0.11 ms clock, 2.1+0.56/0.77/0+1.8 ms cpu, 3->4->1 MB, 4 MB goal, 0 MB stacks, 0 MB globals, 16 P
gc 5591 @43.251s 2%: 0.11+0.55+0.064 ms clock, 1.7+0.55/0.80/0+1.0 ms cpu, 3->4->1 MB, 4 MB goal, 0 MB stacks, 0 MB globals, 16 P
gc 5592 @43.253s 2%: 0.12+0.64+0.082 ms clock, 1.9+0.46/0.87/0+1.3 ms cpu, 3->4->1 MB, 4 MB goal, 0 MB stacks, 0 MB globals, 16 P
gc 5593 @43.255s 2%: 0.13+0.50+0.16 ms clock, 2.1+0.70/0.82/0+2.6 ms cpu, 3->4->1 MB, 4 MB goal, 0 MB stacks, 0 MB globals, 16 P
gc 5594 @43.256s 2%: 0.12+0.63+0.077 ms clock, 1.9+0.51/0.84/0.010+1.2 ms cpu, 3->4->1 MB, 4 MB goal, 0 MB stacks, 0 MB globals, 16 P
gc 5595 @43.258s 2%: 0.11+0.46+0.14 ms clock, 1.8+0.55/0.80/0+2.3 ms cpu, 3->4->1 MB, 4 MB goal, 0 MB stacks, 0 MB globals, 16 P
gc 5596 @43.259s 2%: 0.13+0.71+0.071 ms clock, 2.1+0.60/0.85/0.020+1.1 ms cpu, 3->4->2 MB, 4 MB goal, 0 MB stacks, 0 MB globals, 16 P
gc 5597 @43.261s 2%: 0.14+0.56+0.12 ms clock, 2.3+0.56/0.79/0+1.9 ms cpu, 3->4->1 MB, 4 MB goal, 0 MB stacks, 0 MB globals, 16 P
gc 5598 @43.262s 2%: 0.12+0.61+0.12 ms clock, 1.9+0.59/0.83/0+2.0 ms cpu, 3->4->2 MB, 4 MB goal, 0 MB stacks, 0 MB globals, 16 P
gc 5599 @43.264s 2%: 0.13+0.47+0.11 ms clock, 2.1+0.47/0.88/0.013+1.7 ms cpu, 3->4->1 MB, 4 MB goal, 0 MB stacks, 0 MB globals, 16 P
gc 5600 @43.266s 2%: 0.13+0.55+0.10 ms clock, 2.2+0.60/0.81/0.001+1.6 ms cpu, 3->4->1 MB, 4 MB goal, 0 MB stacks, 0 MB globals, 16 P
gc 5601 @43.268s 2%: 0.12+0.53+0.095 ms clock, 2.0+0.53/0.71/0+1.5 ms cpu, 3->4->1 MB, 4 MB goal, 0 MB stacks, 0 MB globals, 16 P
gc 5602 @43.269s 2%: 0.19+0.48+0.17 ms clock, 3.1+0.62/0.76/0.022+2.7 ms cpu, 3->4->1 MB, 4 MB goal, 0 MB stacks, 0 MB globals, 16 P
gc 5603 @43.271s 2%: 0.17+0.51+0.11 ms clock, 2.7+0.54/0.83/0+1.8 ms cpu, 3->4->1 MB, 4 MB goal, 0 MB stacks, 0 MB globals, 16 P
gc 5604 @43.272s 2%: 0.12+0.57+0.13 ms clock, 1.9+0.60/0.80/0+2.1 ms cpu, 3->4->1 MB, 4 MB goal, 0 MB stacks, 0 MB globals, 16 P
gc 5605 @43.274s 2%: 0.16+0.48+0.075 ms clock, 2.6+0.59/0.78/0+1.2 ms cpu, 3->4->1 MB, 4 MB goal, 0 MB stacks, 0 MB globals, 16 P
gc 5606 @43.276s 2%: 0.11+0.65+0.10 ms clock, 1.7+0.50/0.85/0.016+1.6 ms cpu, 3->4->1 MB, 4 MB goal, 0 MB stacks, 0 MB globals, 16 P
gc 5607 @43.277s 2%: 0.16+0.81+0.064 ms clock, 2.6+0.68/0.85/0+1.0 ms cpu, 3->4->2 MB, 4 MB goal, 0 MB stacks, 0 MB globals, 16 P
gc 5608 @43.279s 2%: 0.10+0.81+0.090 ms clock, 1.7+0.67/0.84/0.030+1.4 ms cpu, 4->5->2 MB, 4 MB goal, 0 MB stacks, 0 MB globals, 16 P
gc 5609 @43.281s 2%: 0.11+0.48+0.16 ms clock, 1.7+0.55/0.84/0.014+2.6 ms cpu, 4->4->1 MB, 4 MB goal, 0 MB stacks, 0 MB globals, 16 P
gc 5610 @43.283s 2%: 0.14+0.56+0.13 ms clock, 2.3+0.73/0.80/0+2.1 ms cpu, 3->4->2 MB, 4 MB goal, 0 MB stacks, 0 MB globals, 16 P
gc 5611 @43.285s 2%: 0.11+0.54+0.10 ms clock, 1.9+0.59/0.73/0+1.7 ms cpu, 3->4->1 MB, 4 MB goal, 0 MB stacks, 0 MB globals, 16 P
gc 5612 @43.286s 2%: 0.14+0.55+0.11 ms clock, 2.3+0.58/0.85/0.014+1.8 ms cpu, 3->4->2 MB, 4 MB goal, 0 MB stacks, 0 MB globals, 16 P
gc 5613 @43.288s 2%: 0.11+0.78+0.076 ms clock, 1.8+0.72/0.86/0.013+1.2 ms cpu, 3->4->2 MB, 4 MB goal, 0 MB stacks, 0 MB globals, 16 P
gc 5614 @43.290s 2%: 0.14+0.59+0.084 ms clock, 2.3+0.46/0.80/0+1.3 ms cpu, 3->4->1 MB, 4 MB goal, 0 MB stacks, 0 MB globals, 16 P
gc 5615 @43.292s 2%: 0.11+0.61+0.14 ms clock, 1.8+0.59/0.87/0+2.3 ms cpu, 3->4->2 MB, 4 MB goal, 0 MB stacks, 0 MB globals, 16 P
gc 5616 @43.293s 2%: 0.13+0.52+0.082 ms clock, 2.1+0.61/0.74/0.028+1.3 ms cpu, 3->4->1 MB, 4 MB goal, 0 MB stacks, 0 MB globals, 16 P
gc 5617 @43.295s 2%: 0.11+0.80+0.13 ms clock, 1.8+0.51/0.97/0.012+2.2 ms cpu, 3->4->2 MB, 4 MB goal, 0 MB stacks, 0 MB globals, 16 P
gc 5618 @43.297s 2%: 0.14+0.54+0.14 ms clock, 2.2+0.53/0.91/0.023+2.3 ms cpu, 3->4->1 MB, 4 MB goal, 0 MB stacks, 0 MB globals, 16 P
gc 5619 @43.298s 2%: 0.15+0.57+0.12 ms clock, 2.4+0.70/0.82/0+1.9 ms cpu, 3->4->2 MB, 4 MB goal, 0 MB stacks, 0 MB globals, 16 P
gc 5620 @43.300s 2%: 0.11+0.62+0.12 ms clock, 1.9+0.55/0.84/0.030+2.0 ms cpu, 3->4->1 MB, 4 MB goal, 0 MB stacks, 0 MB globals, 16 P
gc 5621 @43.302s 2%: 0.12+0.51+0.11 ms clock, 2.0+0.68/0.74/0+1.9 ms cpu, 3->4->1 MB, 4 MB goal, 0 MB stacks, 0 MB globals, 16 P
gc 5622 @43.303s 2%: 0.11+0.67+0.099 ms clock, 1.9+0.64/0.87/0+1.5 ms cpu, 3->4->2 MB, 4 MB goal, 0 MB stacks, 0 MB globals, 16 P
gc 5623 @43.305s 2%: 0.12+0.66+0.10 ms clock, 1.9+0.45/0.83/0+1.6 ms cpu, 3->4->2 MB, 4 MB goal, 0 MB stacks, 0 MB globals, 16 P
gc 5624 @43.307s 2%: 0.13+0.52+0.18 ms clock, 2.1+0.67/0.84/0+2.9 ms cpu, 3->4->1 MB, 4 MB goal, 0 MB stacks, 0 MB globals, 16 P
gc 5625 @43.309s 2%: 0.14+0.61+0.098 ms clock, 2.2+0.55/0.90/0.002+1.5 ms cpu, 3->4->2 MB, 4 MB goal, 0 MB stacks, 0 MB globals, 16 P
gc 5626 @43.310s 2%: 0.11+0.49+0.094 ms clock, 1.7+0.63/0.74/0+1.5 ms cpu, 3->4->1 MB, 4 MB goal, 0 MB stacks, 0 MB globals, 16 P
gc 5627 @43.312s 2%: 0.11+0.40+0.11 ms clock, 1.8+0.58/0.76/0+1.8 ms cpu, 3->3->1 MB, 4 MB goal, 0 MB stacks, 0 MB globals, 16 P
gc 5628 @43.313s 2%: 0.12+0.61+0.084 ms clock, 1.9+0.72/0.90/0+1.3 ms cpu, 3->4->2 MB, 4 MB goal, 0 MB stacks, 0 MB globals, 16 P
gc 5629 @43.315s 2%: 0.12+0.57+0.073 ms clock, 1.9+0.52/0.81/0+1.1 ms cpu, 3->4->1 MB, 4 MB goal, 0 MB stacks, 0 MB globals, 16 P
gc 5630 @43.317s 2%: 0.12+0.82+0.15 ms clock, 1.9+0.60/0.86/0+2.5 ms cpu, 3->4->2 MB, 4 MB goal, 0 MB stacks, 0 MB globals, 16 P
gc 5631 @43.319s 2%: 0.11+0.67+0.051 ms clock, 1.8+0.45/0.91/0.025+0.82 ms cpu, 4->4->1 MB, 4 MB goal, 0 MB stacks, 0 MB globals, 16 P
gc 5632 @43.321s 2%: 0.12+0.57+0.17 ms clock, 2.0+0.55/0.92/0+2.7 ms cpu, 3->4->1 MB, 4 MB goal, 0 MB stacks, 0 MB globals, 16 P
gc 5633 @43.322s 2%: 0.10+0.50+0.21 ms clock, 1.6+0.65/0.82/0+3.4 ms cpu, 3->4->1 MB, 4 MB goal, 0 MB stacks, 0 MB globals, 16 P
gc 5634 @43.324s 2%: 0.11+0.61+0.079 ms clock, 1.8+0.53/0.92/0.005+1.2 ms cpu, 3->4->1 MB, 4 MB goal, 0 MB stacks, 0 MB globals, 16 P
gc 5635 @43.325s 2%: 0.11+0.43+0.091 ms clock, 1.8+0.55/0.81/0+1.4 ms cpu, 3->4->1 MB, 4 MB goal, 0 MB stacks, 0 MB globals, 16 P
gc 5636 @43.327s 2%: 0.10+0.50+0.10 ms clock, 1.6+0.62/0.77/0+1.6 ms cpu, 3->3->1 MB, 4 MB goal, 0 MB stacks, 0 MB globals, 16 P
gc 5637 @43.328s 2%: 0.13+0.53+0.13 ms clock, 2.2+0.74/0.74/0+2.0 ms cpu, 3->4->1 MB, 4 MB goal, 0 MB stacks, 0 MB globals, 16 P
gc 5638 @43.330s 2%: 0.11+0.76+0.096 ms clock, 1.7+0.61/0.89/0.037+1.5 ms cpu, 3->4->2 MB, 4 MB goal, 0 MB stacks, 0 MB globals, 16 P
gc 5639 @43.332s 2%: 0.11+0.48+0.16 ms clock, 1.8+0.65/0.71/0+2.6 ms cpu, 3->4->1 MB, 4 MB goal, 0 MB stacks, 0 MB globals, 16 P
gc 5640 @43.333s 2%: 0.089+0.57+0.097 ms clock, 1.4+0.47/0.85/0+1.5 ms cpu, 3->3->1 MB, 4 MB goal, 0 MB stacks, 0 MB globals, 16 P
gc 5641 @43.335s 2%: 0.14+0.46+0.16 ms clock, 2.2+0.51/0.81/0+2.6 ms cpu, 3->4->1 MB, 4 MB goal, 0 MB stacks, 0 MB globals, 16 P
gc 5642 @43.336s 2%: 0.14+0.44+0.13 ms clock, 2.3+0.53/0.77/0.001+2.1 ms cpu, 3->4->1 MB, 4 MB goal, 0 MB stacks, 0 MB globals, 16 P
gc 5643 @43.338s 2%: 0.11+0.58+0.11 ms clock, 1.8+0.73/0.78/0.001+1.8 ms cpu, 3->4->2 MB, 4 MB goal, 0 MB stacks, 0 MB globals, 16 P
gc 5644 @43.340s 2%: 0.15+0.69+0.066 ms clock, 2.4+0.56/0.88/0.003+1.0 ms cpu, 3->4->2 MB, 4 MB goal, 0 MB stacks, 0 MB globals, 16 P
gc 5645 @43.342s 2%: 0.11+0.46+0.15 ms clock, 1.8+0.51/0.84/0+2.4 ms cpu, 3->4->1 MB, 4 MB goal, 0 MB stacks, 0 MB globals, 16 P
gc 5646 @43.343s 2%: 0.14+0.55+0.085 ms clock, 2.3+0.59/0.81/0+1.3 ms cpu, 3->4->1 MB, 4 MB goal, 0 MB stacks, 0 MB globals, 16 P
gc 5647 @43.345s 2%: 0.12+0.60+0.11 ms clock, 2.0+0.51/0.77/0+1.8 ms cpu, 3->4->1 MB, 4 MB goal, 0 MB stacks, 0 MB globals, 16 P
gc 5648 @43.346s 2%: 0.11+0.55+0.098 ms clock, 1.8+0.65/0.76/0+1.5 ms cpu, 3->4->1 MB, 4 MB goal, 0 MB stacks, 0 MB globals, 16 P
gc 5649 @43.348s 2%: 0.11+0.73+0.10 ms clock, 1.8+0.54/0.78/0+1.7 ms cpu, 3->4->2 MB, 4 MB goal, 0 MB stacks, 0 MB globals, 16 P
gc 5650 @43.350s 2%: 0.11+0.56+0.13 ms clock, 1.8+0.62/0.79/0+2.2 ms cpu, 3->4->1 MB, 4 MB goal, 0 MB stacks, 0 MB globals, 16 P
gc 5651 @43.352s 2%: 0.11+0.67+0.11 ms clock, 1.7+0.65/0.77/0+1.8 ms cpu, 3->4->2 MB, 4 MB goal, 0 MB stacks, 0 MB globals, 16 P
gc 5652 @43.354s 2%: 0.13+0.54+0.091 ms clock, 2.0+0.61/0.79/0+1.4 ms cpu, 3->4->1 MB, 4 MB goal, 0 MB stacks, 0 MB globals, 16 P
gc 5653 @43.355s 2%: 0.11+0.50+0.17 ms clock, 1.8+0.57/0.79/0.015+2.7 ms cpu, 3->4->1 MB, 4 MB goal, 0 MB stacks, 0 MB globals, 16 P
gc 5654 @43.357s 2%: 0.10+0.86+0.099 ms clock, 1.6+0.69/0.76/0.007+1.5 ms cpu, 3->4->2 MB, 4 MB goal, 0 MB stacks, 0 MB globals, 16 P
gc 5655 @43.359s 2%: 0.11+0.52+0.11 ms clock, 1.7+0.53/0.80/0.034+1.7 ms cpu, 3->4->1 MB, 4 MB goal, 0 MB stacks, 0 MB globals, 16 P
gc 5656 @43.360s 2%: 0.14+0.51+0.074 ms clock, 2.2+0.56/0.86/0+1.1 ms cpu, 3->4->1 MB, 4 MB goal, 0 MB stacks, 0 MB globals, 16 P
gc 5657 @43.362s 2%: 0.17+0.56+0.091 ms clock, 2.8+0.64/0.77/0+1.4 ms cpu, 3->4->2 MB, 4 MB goal, 0 MB stacks, 0 MB globals, 16 P
gc 5658 @43.364s 2%: 0.13+0.70+0.064 ms clock, 2.1+0.47/0.81/0+1.0 ms cpu, 3->4->1 MB, 4 MB goal, 0 MB stacks, 0 MB globals, 16 P
gc 5659 @43.365s 2%: 0.12+0.73+0.087 ms clock, 2.0+0.63/0.89/0+1.4 ms cpu, 3->4->2 MB, 4 MB goal, 0 MB stacks, 0 MB globals, 16 P
gc 5660 @43.367s 2%: 0.13+0.77+0.11 ms clock, 2.1+0.74/0.86/0.007+1.8 ms cpu, 3->4->2 MB, 4 MB goal, 0 MB stacks, 0 MB globals, 16 P
gc 5661 @43.369s 2%: 0.15+0.77+0.092 ms clock, 2.4+0.66/1.0/0+1.4 ms cpu, 4->5->2 MB, 4 MB goal, 0 MB stacks, 0 MB globals, 16 P
gc 5662 @43.371s 2%: 0.10+0.56+0.10 ms clock, 1.6+0.57/0.86/0.10+1.6 ms cpu, 3->4->1 MB, 4 MB goal, 0 MB stacks, 0 MB globals, 16 P
gc 5663 @43.373s 2%: 0.14+0.65+0.16 ms clock, 2.2+0.52/0.87/0.035+2.6 ms cpu, 3->4->2 MB, 4 MB goal, 0 MB stacks, 0 MB globals, 16 P
gc 5664 @43.375s 2%: 0.090+0.85+0.019 ms clock, 1.4+0.48/0.82/0.052+0.31 ms cpu, 3->4->2 MB, 4 MB goal, 0 MB stacks, 0 MB globals, 16 P
gc 5665 @43.377s 2%: 0.11+0.52+0.097 ms clock, 1.8+0.64/0.83/0+1.5 ms cpu, 3->4->1 MB, 4 MB goal, 0 MB stacks, 0 MB globals, 16 P
gc 5666 @43.378s 2%: 0.16+0.65+0.10 ms clock, 2.6+0.71/0.90/0+1.6 ms cpu, 3->4->2 MB, 4 MB goal, 0 MB stacks, 0 MB globals, 16 P
gc 5667 @43.380s 2%: 0.10+0.89+0.086 ms clock, 1.7+0.53/0.92/0+1.3 ms cpu, 3->4->2 MB, 4 MB goal, 0 MB stacks, 0 MB globals, 16 P
gc 5668 @43.382s 2%: 0.10+0.60+0.18 ms clock, 1.6+0.50/0.89/0.019+2.9 ms cpu, 4->4->2 MB, 4 MB goal, 0 MB stacks, 0 MB globals, 16 P
gc 5669 @43.384s 2%: 0.092+0.53+0.089 ms clock, 1.4+0.55/0.81/0.039+1.4 ms cpu, 3->4->1 MB, 4 MB goal, 0 MB stacks, 0 MB globals, 16 P
gc 5670 @43.386s 2%: 0.10+0.67+0.089 ms clock, 1.6+0.63/0.83/0+1.4 ms cpu, 3->4->1 MB, 4 MB goal, 0 MB stacks, 0 MB globals, 16 P
gc 5671 @43.387s 2%: 0.13+0.51+0.13 ms clock, 2.1+0.59/0.77/0+2.1 ms cpu, 3->4->1 MB, 4 MB goal, 0 MB stacks, 0 MB globals, 16 P
gc 5672 @43.389s 2%: 0.12+0.62+0.097 ms clock, 1.9+0.56/0.90/0+1.5 ms cpu, 3->4->1 MB, 4 MB goal, 0 MB stacks, 0 MB globals, 16 P
gc 5673 @43.390s 2%: 0.12+0.49+0.13 ms clock, 1.9+0.44/0.90/0.002+2.1 ms cpu, 3->4->1 MB, 4 MB goal, 0 MB stacks, 0 MB globals, 16 P
gc 5674 @43.392s 2%: 0.11+0.58+0.11 ms clock, 1.7+0.63/0.74/0+1.8 ms cpu, 3->4->1 MB, 4 MB goal, 0 MB stacks, 0 MB globals, 16 P
gc 5675 @43.394s 2%: 0.11+0.64+0.13 ms clock, 1.9+0.55/0.92/0+2.0 ms cpu, 3->4->1 MB, 4 MB goal, 0 MB stacks, 0 MB globals, 16 P
gc 5676 @43.395s 2%: 0.18+0.94+0.085 ms clock, 3.0+0.68/0.68/0.031+1.3 ms cpu, 3->4->2 MB, 4 MB goal, 0 MB stacks, 0 MB globals, 16 P
gc 5677 @43.397s 2%: 0.13+0.52+0.15 ms clock, 2.1+0.53/0.87/0+2.4 ms cpu, 3->4->1 MB, 4 MB goal, 0 MB stacks, 0 MB globals, 16 P
gc 5678 @43.399s 2%: 0.096+0.60+0.089 ms clock, 1.5+0.64/0.88/0.001+1.4 ms cpu, 3->4->1 MB, 4 MB goal, 0 MB stacks, 0 MB globals, 16 P
gc 5679 @43.401s 2%: 0.17+0.58+0.078 ms clock, 2.7+0.50/0.81/0.010+1.2 ms cpu, 3->4->1 MB, 4 MB goal, 0 MB stacks, 0 MB globals, 16 P
gc 5680 @43.402s 2%: 0.17+0.80+0.10 ms clock, 2.7+0.66/0.86/0.003+1.6 ms cpu, 3->4->2 MB, 4 MB goal, 0 MB stacks, 0 MB globals, 16 P
gc 5681 @43.404s 2%: 0.13+0.51+0.091 ms clock, 2.2+0.60/0.76/0.007+1.4 ms cpu, 4->4->1 MB, 4 MB goal, 0 MB stacks, 0 MB globals, 16 P
gc 5682 @43.406s 2%: 0.15+0.64+0.097 ms clock, 2.4+0.63/0.87/0.028+1.5 ms cpu, 3->4->2 MB, 4 MB goal, 0 MB stacks, 0 MB globals, 16 P
gc 5683 @43.408s 2%: 0.13+0.63+0.099 ms clock, 2.1+0.56/0.87/0+1.5 ms cpu, 3->4->2 MB, 4 MB goal, 0 MB stacks, 0 MB globals, 16 P
gc 5684 @43.410s 2%: 0.076+0.48+0.094 ms clock, 1.2+0.47/0.78/0+1.5 ms cpu, 3->4->1 MB, 4 MB goal, 0 MB stacks, 0 MB globals, 16 P
gc 5685 @43.411s 2%: 0.18+0.47+0.11 ms clock, 2.9+0.62/0.78/0+1.8 ms cpu, 3->4->1 MB, 4 MB goal, 0 MB stacks, 0 MB globals, 16 P
gc 5686 @43.413s 2%: 0.11+0.53+0.19 ms clock, 1.8+0.54/0.70/0+3.1 ms cpu, 3->4->1 MB, 4 MB goal, 0 MB stacks, 0 MB globals, 16 P
gc 5687 @43.414s 2%: 0.12+0.68+0.099 ms clock, 2.0+0.41/0.86/0.011+1.5 ms cpu, 3->4->2 MB, 4 MB goal, 0 MB stacks, 0 MB globals, 16 P
gc 5688 @43.416s 2%: 0.12+0.78+0.074 ms clock, 1.9+0.60/0.83/0.018+1.1 ms cpu, 3->4->2 MB, 4 MB goal, 0 MB stacks, 0 MB globals, 16 P
gc 5689 @43.418s 2%: 0.10+0.53+0.12 ms clock, 1.7+0.51/0.78/0.094+1.9 ms cpu, 3->4->1 MB, 4 MB goal, 0 MB stacks, 0 MB globals, 16 P
gc 5690 @43.419s 2%: 0.14+0.55+0.15 ms clock, 2.3+0.65/0.69/0.031+2.4 ms cpu, 3->4->1 MB, 4 MB goal, 0 MB stacks, 0 MB globals, 16 P
gc 5691 @43.421s 2%: 0.17+0.74+0.11 ms clock, 2.7+0.56/0.82/0+1.7 ms cpu, 3->4->2 MB, 4 MB goal, 0 MB stacks, 0 MB globals, 16 P
gc 5692 @43.423s 2%: 0.13+0.48+0.14 ms clock, 2.1+0.52/0.79/0.013+2.3 ms cpu, 3->4->1 MB, 4 MB goal, 0 MB stacks, 0 MB globals, 16 P
gc 5693 @43.424s 2%: 0.15+0.53+0.14 ms clock, 2.5+0.55/0.87/0+2.3 ms cpu, 3->4->2 MB, 4 MB goal, 0 MB stacks, 0 MB globals, 16 P
gc 5694 @43.426s 2%: 0.10+0.58+0.12 ms clock, 1.7+0.58/0.85/0.008+2.0 ms cpu, 3->4->1 MB, 4 MB goal, 0 MB stacks, 0 MB globals, 16 P
gc 5695 @43.428s 2%: 0.11+0.70+0.093 ms clock, 1.7+0.76/0.98/0+1.4 ms cpu, 3->4->2 MB, 4 MB goal, 0 MB stacks, 0 MB globals, 16 P
gc 5696 @43.430s 2%: 0.12+0.60+0.085 ms clock, 1.9+0.62/0.78/0+1.3 ms cpu, 3->4->1 MB, 4 MB goal, 0 MB stacks, 0 MB globals, 16 P
gc 5697 @43.431s 2%: 0.11+0.61+0.10 ms clock, 1.8+0.79/0.70/0.006+1.6 ms cpu, 3->4->1 MB, 4 MB goal, 0 MB stacks, 0 MB globals, 16 P
gc 5698 @43.433s 2%: 0.12+0.58+0.090 ms clock, 1.9+0.58/0.86/0+1.4 ms cpu, 3->4->2 MB, 4 MB goal, 0 MB stacks, 0 MB globals, 16 P
gc 5699 @43.435s 2%: 0.13+0.57+0.082 ms clock, 2.2+0.57/0.93/0+1.3 ms cpu, 3->4->1 MB, 4 MB goal, 0 MB stacks, 0 MB globals, 16 P
gc 5700 @43.436s 2%: 0.15+0.53+0.051 ms clock, 2.4+0.54/0.85/0.008+0.82 ms cpu, 3->4->1 MB, 4 MB goal, 0 MB stacks, 0 MB globals, 16 P
gc 5701 @43.438s 2%: 0.11+0.51+0.13 ms clock, 1.8+0.74/0.75/0.001+2.1 ms cpu, 3->4->1 MB, 4 MB goal, 0 MB stacks, 0 MB globals, 16 P
gc 5702 @43.440s 2%: 0.14+0.74+0.15 ms clock, 2.3+0.55/0.85/0+2.5 ms cpu, 3->4->2 MB, 4 MB goal, 0 MB stacks, 0 MB globals, 16 P
gc 5703 @43.441s 2%: 0.12+0.47+0.093 ms clock, 1.9+0.72/0.72/0+1.4 ms cpu, 3->4->1 MB, 4 MB goal, 0 MB stacks, 0 MB globals, 16 P
gc 5704 @43.443s 2%: 0.10+0.52+0.10 ms clock, 1.6+0.35/0.80/0+1.6 ms cpu, 3->4->1 MB, 4 MB goal, 0 MB stacks, 0 MB globals, 16 P
gc 5705 @43.444s 2%: 0.095+0.58+0.086 ms clock, 1.5+0.76/0.86/0.007+1.3 ms cpu, 3->4->1 MB, 4 MB goal, 0 MB stacks, 0 MB globals, 16 P
gc 5706 @43.446s 2%: 0.13+0.47+0.13 ms clock, 2.1+0.65/0.78/0+2.1 ms cpu, 3->4->1 MB, 4 MB goal, 0 MB stacks, 0 MB globals, 16 P
gc 5707 @43.447s 2%: 0.12+0.47+0.10 ms clock, 2.0+0.50/0.87/0.003+1.6 ms cpu, 3->4->1 MB, 4 MB goal, 0 MB stacks, 0 MB globals, 16 P
gc 5708 @43.449s 2%: 0.12+0.55+0.10 ms clock, 2.0+0.60/0.84/0+1.6 ms cpu, 3->4->1 MB, 4 MB goal, 0 MB stacks, 0 MB globals, 16 P
gc 5709 @43.451s 2%: 0.13+0.59+0.12 ms clock, 2.1+0.60/0.89/0.014+1.9 ms cpu, 3->4->1 MB, 4 MB goal, 0 MB stacks, 0 MB globals, 16 P
gc 5710 @43.452s 2%: 0.15+0.53+0.092 ms clock, 2.4+0.66/0.85/0+1.4 ms cpu, 3->4->1 MB, 4 MB goal, 0 MB stacks, 0 MB globals, 16 P
gc 5711 @43.454s 2%: 0.13+0.55+0.17 ms clock, 2.1+0.63/0.71/0+2.8 ms cpu, 3->4->1 MB, 4 MB goal, 0 MB stacks, 0 MB globals, 16 P
gc 5712 @43.455s 2%: 0.17+0.83+0.068 ms clock, 2.7+0.67/0.85/0+1.0 ms cpu, 3->4->2 MB, 4 MB goal, 0 MB stacks, 0 MB globals, 16 P
gc 5713 @43.457s 2%: 0.11+0.54+0.11 ms clock, 1.9+0.56/0.80/0+1.8 ms cpu, 3->4->1 MB, 4 MB goal, 0 MB stacks, 0 MB globals, 16 P
gc 5714 @43.459s 2%: 0.14+0.58+0.20 ms clock, 2.2+0.60/0.83/0+3.2 ms cpu, 3->4->1 MB, 4 MB goal, 0 MB stacks, 0 MB globals, 16 P
gc 5715 @43.461s 2%: 0.10+0.52+0.083 ms clock, 1.7+0.56/0.93/0+1.3 ms cpu, 3->4->1 MB, 4 MB goal, 0 MB stacks, 0 MB globals, 16 P
gc 5716 @43.462s 2%: 0.11+0.62+0.10 ms clock, 1.7+0.67/0.79/0+1.6 ms cpu, 3->4->1 MB, 4 MB goal, 0 MB stacks, 0 MB globals, 16 P
gc 5717 @43.464s 2%: 0.10+0.64+0.073 ms clock, 1.7+0.68/0.75/0+1.1 ms cpu, 3->4->1 MB, 4 MB goal, 0 MB stacks, 0 MB globals, 16 P
gc 5718 @43.466s 2%: 0.12+0.48+0.16 ms clock, 2.0+0.49/0.83/0.039+2.6 ms cpu, 3->4->1 MB, 4 MB goal, 0 MB stacks, 0 MB globals, 16 P
gc 5719 @43.467s 2%: 0.12+0.58+0.088 ms clock, 2.0+0.56/0.89/0+1.4 ms cpu, 3->4->1 MB, 4 MB goal, 0 MB stacks, 0 MB globals, 16 P
gc 5720 @43.469s 2%: 0.11+0.54+0.10 ms clock, 1.7+0.58/0.88/0+1.7 ms cpu, 3->4->1 MB, 4 MB goal, 0 MB stacks, 0 MB globals, 16 P
gc 5721 @43.471s 2%: 0.17+0.40+0.11 ms clock, 2.7+0.50/0.71/0+1.8 ms cpu, 3->4->1 MB, 4 MB goal, 0 MB stacks, 0 MB globals, 16 P
gc 5722 @43.472s 2%: 0.19+0.56+0.088 ms clock, 3.1+0.74/0.81/0+1.4 ms cpu, 3->4->1 MB, 4 MB goal, 0 MB stacks, 0 MB globals, 16 P
gc 5723 @43.474s 2%: 0.12+0.67+0.10 ms clock, 1.9+0.58/0.92/0.005+1.6 ms cpu, 3->4->2 MB, 4 MB goal, 0 MB stacks, 0 MB globals, 16 P
gc 5724 @43.476s 2%: 0.084+0.46+0.18 ms clock, 1.3+0.46/0.80/0+3.0 ms cpu, 3->4->1 MB, 4 MB goal, 0 MB stacks, 0 MB globals, 16 P
gc 5725 @43.477s 2%: 0.14+0.52+0.13 ms clock, 2.2+0.67/0.86/0+2.2 ms cpu, 3->4->1 MB, 4 MB goal, 0 MB stacks, 0 MB globals, 16 P
gc 5726 @43.479s 2%: 0.12+0.50+0.11 ms clock, 1.9+0.56/0.76/0.002+1.8 ms cpu, 3->4->1 MB, 4 MB goal, 0 MB stacks, 0 MB globals, 16 P
gc 5727 @43.480s 2%: 0.11+0.50+0.10 ms clock, 1.8+0.58/0.84/0+1.6 ms cpu, 3->4->1 MB, 4 MB goal, 0 MB stacks, 0 MB globals, 16 P
gc 5728 @43.482s 2%: 0.13+0.51+0.13 ms clock, 2.2+0.62/0.76/0+2.1 ms cpu, 3->4->1 MB, 4 MB goal, 0 MB stacks, 0 MB globals, 16 P
gc 5729 @43.483s 2%: 0.10+0.62+0.058 ms clock, 1.6+0.46/0.96/0+0.93 ms cpu, 3->4->1 MB, 4 MB goal, 0 MB stacks, 0 MB globals, 16 P
gc 5730 @43.485s 2%: 0.14+0.75+0.12 ms clock, 2.3+0.49/0.86/0.070+1.9 ms cpu, 3->4->2 MB, 4 MB goal, 0 MB stacks, 0 MB globals, 16 P
gc 5731 @43.487s 2%: 0.12+0.55+0.097 ms clock, 1.9+0.51/0.89/0+1.5 ms cpu, 3->4->1 MB, 4 MB goal, 0 MB stacks, 0 MB globals, 16 P
gc 5732 @43.488s 2%: 0.11+0.72+0.14 ms clock, 1.8+0.57/0.94/0+2.3 ms cpu, 3->4->2 MB, 4 MB goal, 0 MB stacks, 0 MB globals, 16 P
gc 5733 @43.491s 2%: 0.093+0.59+0.13 ms clock, 1.4+0.46/0.92/0+2.1 ms cpu, 3->4->1 MB, 4 MB goal, 0 MB stacks, 0 MB globals, 16 P
gc 5734 @43.492s 2%: 0.16+0.49+0.14 ms clock, 2.5+0.73/0.79/0+2.2 ms cpu, 3->4->1 MB, 4 MB goal, 0 MB stacks, 0 MB globals, 16 P
gc 5735 @43.494s 2%: 0.13+0.69+0.11 ms clock, 2.1+0.58/0.74/0.036+1.9 ms cpu, 3->4->2 MB, 4 MB goal, 0 MB stacks, 0 MB globals, 16 P
gc 5736 @43.496s 2%: 0.12+0.49+0.14 ms clock, 1.9+0.69/0.87/0+2.2 ms cpu, 3->4->1 MB, 4 MB goal, 0 MB stacks, 0 MB globals, 16 P
gc 5737 @43.497s 2%: 0.15+0.56+0.13 ms clock, 2.4+0.66/0.76/0+2.1 ms cpu, 3->4->1 MB, 4 MB goal, 0 MB stacks, 0 MB globals, 16 P
gc 5738 @43.499s 2%: 0.20+0.67+0.092 ms clock, 3.3+0.51/0.82/0.034+1.4 ms cpu, 3->4->2 MB, 4 MB goal, 0 MB stacks, 0 MB globals, 16 P
gc 5739 @43.501s 2%: 0.083+0.55+0.058 ms clock, 1.3+0.56/0.83/0.008+0.92 ms cpu, 3->4->1 MB, 4 MB goal, 0 MB stacks, 0 MB globals, 16 P
gc 5740 @43.502s 2%: 0.12+0.46+0.10 ms clock, 1.9+0.60/0.75/0+1.6 ms cpu, 3->3->1 MB, 4 MB goal, 0 MB stacks, 0 MB globals, 16 P
gc 5741 @43.504s 2%: 0.15+0.62+0.031 ms clock, 2.5+0.52/0.89/0+0.50 ms cpu, 3->4->1 MB, 4 MB goal, 0 MB stacks, 0 MB globals, 16 P
gc 5742 @43.506s 2%: 0.11+0.43+0.14 ms clock, 1.8+0.51/0.76/0+2.3 ms cpu, 3->4->1 MB, 4 MB goal, 0 MB stacks, 0 MB globals, 16 P
gc 5743 @43.507s 2%: 0.12+0.60+0.075 ms clock, 1.9+0.62/0.79/0+1.2 ms cpu, 3->4->2 MB, 4 MB goal, 0 MB stacks, 0 MB globals, 16 P
gc 5744 @43.509s 2%: 0.16+0.63+0.091 ms clock, 2.6+0.61/0.85/0+1.4 ms cpu, 3->4->2 MB, 4 MB goal, 0 MB stacks, 0 MB globals, 16 P
gc 5745 @43.511s 2%: 0.13+0.55+0.079 ms clock, 2.1+0.67/0.88/0.008+1.2 ms cpu, 3->4->1 MB, 4 MB goal, 0 MB stacks, 0 MB globals, 16 P
gc 5746 @43.512s 2%: 0.11+0.58+0.10 ms clock, 1.8+0.62/0.76/0.024+1.6 ms cpu, 3->4->1 MB, 4 MB goal, 0 MB stacks, 0 MB globals, 16 P
gc 5747 @43.514s 2%: 0.15+0.43+0.097 ms clock, 2.4+0.67/0.82/0+1.5 ms cpu, 3->4->1 MB, 4 MB goal, 0 MB stacks, 0 MB globals, 16 P
gc 5748 @43.515s 2%: 0.12+0.54+0.10 ms clock, 1.9+0.71/0.73/0+1.7 ms cpu, 3->4->1 MB, 4 MB goal, 0 MB stacks, 0 MB globals, 16 P
gc 5749 @43.517s 2%: 0.14+0.60+0.081 ms clock, 2.2+0.49/0.83/0+1.2 ms cpu, 3->4->1 MB, 4 MB goal, 0 MB stacks, 0 MB globals, 16 P
gc 5750 @43.519s 2%: 0.13+0.58+0.11 ms clock, 2.1+0.53/0.85/0+1.9 ms cpu, 3->4->1 MB, 4 MB goal, 0 MB stacks, 0 MB globals, 16 P
gc 5751 @43.520s 2%: 0.10+0.47+0.12 ms clock, 1.6+0.53/0.76/0.006+2.0 ms cpu, 3->4->1 MB, 4 MB goal, 0 MB stacks, 0 MB globals, 16 P
gc 5752 @43.522s 2%: 0.12+0.57+0.18 ms clock, 1.9+0.54/0.77/0.004+2.9 ms cpu, 3->4->1 MB, 4 MB goal, 0 MB stacks, 0 MB globals, 16 P
gc 5753 @43.523s 2%: 0.10+0.62+0.10 ms clock, 1.6+0.63/0.90/0.002+1.6 ms cpu, 3->4->1 MB, 4 MB goal, 0 MB stacks, 0 MB globals, 16 P
gc 5754 @43.525s 2%: 0.11+0.57+0.10 ms clock, 1.7+0.61/0.84/0.019+1.7 ms cpu, 3->4->1 MB, 4 MB goal, 0 MB stacks, 0 MB globals, 16 P
gc 5755 @43.527s 2%: 0.098+0.47+0.15 ms clock, 1.5+0.61/0.74/0.007+2.5 ms cpu, 3->4->1 MB, 4 MB goal, 0 MB stacks, 0 MB globals, 16 P
gc 5756 @43.528s 2%: 0.11+0.41+0.11 ms clock, 1.8+0.51/0.79/0.069+1.8 ms cpu, 3->3->1 MB, 4 MB goal, 0 MB stacks, 0 MB globals, 16 P
gc 5757 @43.529s 2%: 0.19+0.59+0.11 ms clock, 3.1+0.55/0.90/0+1.7 ms cpu, 3->4->1 MB, 4 MB goal, 0 MB stacks, 0 MB globals, 16 P
gc 5758 @43.531s 2%: 0.17+0.74+0.10 ms clock, 2.8+0.58/0.80/0+1.6 ms cpu, 3->4->2 MB, 4 MB goal, 0 MB stacks, 0 MB globals, 16 P
gc 5759 @43.533s 2%: 0.091+0.60+0.10 ms clock, 1.4+0.59/0.89/0+1.6 ms cpu, 3->4->1 MB, 4 MB goal, 0 MB stacks, 0 MB globals, 16 P
gc 5760 @43.535s 2%: 0.096+0.82+0.097 ms clock, 1.5+0.54/0.86/0.066+1.5 ms cpu, 3->4->2 MB, 4 MB goal, 0 MB stacks, 0 MB globals, 16 P
gc 5761 @43.537s 2%: 0.11+0.52+0.13 ms clock, 1.8+0.59/0.91/0+2.2 ms cpu, 3->4->1 MB, 4 MB goal, 0 MB stacks, 0 MB globals, 16 P
gc 5762 @43.538s 2%: 0.13+0.47+0.093 ms clock, 2.1+0.54/0.70/0+1.5 ms cpu, 3->4->1 MB, 4 MB goal, 0 MB stacks, 0 MB globals, 16 P
gc 5763 @43.540s 2%: 0.15+0.66+0.14 ms clock, 2.4+0.66/0.91/0+2.3 ms cpu, 3->4->2 MB, 4 MB goal, 0 MB stacks, 0 MB globals, 16 P
gc 5764 @43.542s 2%: 0.16+0.57+0.094 ms clock, 2.5+0.52/0.86/0.070+1.5 ms cpu, 3->4->1 MB, 4 MB goal, 0 MB stacks, 0 MB globals, 16 P
gc 5765 @43.544s 2%: 0.16+0.50+0.12 ms clock, 2.6+0.63/0.81/0.012+1.9 ms cpu, 3->4->1 MB, 4 MB goal, 0 MB stacks, 0 MB globals, 16 P
gc 5766 @43.545s 2%: 0.13+0.61+0.081 ms clock, 2.1+0.62/0.89/0+1.2 ms cpu, 3->4->2 MB, 4 MB goal, 0 MB stacks, 0 MB globals, 16 P
gc 5767 @43.547s 2%: 0.15+0.52+0.17 ms clock, 2.4+0.72/0.69/0+2.8 ms cpu, 3->4->1 MB, 4 MB goal, 0 MB stacks, 0 MB globals, 16 P
gc 5768 @43.549s 2%: 0.18+0.70+0.11 ms clock, 3.0+0.53/0.97/0+1.9 ms cpu, 3->4->2 MB, 4 MB goal, 0 MB stacks, 0 MB globals, 16 P
gc 5769 @43.551s 2%: 0.092+0.54+0.099 ms clock, 1.4+0.62/0.74/0+1.5 ms cpu, 3->4->1 MB, 4 MB goal, 0 MB stacks, 0 MB globals, 16 P
gc 5770 @43.552s 2%: 0.093+0.54+0.10 ms clock, 1.4+0.52/0.84/0.018+1.6 ms cpu, 3->4->1 MB, 4 MB goal, 0 MB stacks, 0 MB globals, 16 P
gc 5771 @43.554s 2%: 0.12+0.55+0.069 ms clock, 1.9+0.55/0.89/0+1.1 ms cpu, 3->4->1 MB, 4 MB goal, 0 MB stacks, 0 MB globals, 16 P
gc 5772 @43.555s 2%: 0.057+0.45+0.10 ms clock, 0.91+0.50/0.80/0.049+1.7 ms cpu, 3->4->1 MB, 4 MB goal, 0 MB stacks, 0 MB globals, 16 P
gc 5773 @43.557s 2%: 0.13+0.48+0.13 ms clock, 2.1+0.71/0.60/0+2.1 ms cpu, 3->3->1 MB, 4 MB goal, 0 MB stacks, 0 MB globals, 16 P
gc 5774 @43.558s 2%: 0.14+0.52+0.11 ms clock, 2.3+0.62/0.73/0.028+1.8 ms cpu, 3->4->1 MB, 4 MB goal, 0 MB stacks, 0 MB globals, 16 P
gc 5775 @43.560s 2%: 0.10+0.50+0.12 ms clock, 1.6+0.58/0.78/0.003+2.0 ms cpu, 3->4->1 MB, 4 MB goal, 0 MB stacks, 0 MB globals, 16 P
gc 5776 @43.561s 2%: 0.17+0.57+0.12 ms clock, 2.7+0.63/0.82/0.045+2.0 ms cpu, 3->4->1 MB, 4 MB goal, 0 MB stacks, 0 MB globals, 16 P
gc 5777 @43.563s 2%: 0.10+0.79+0.11 ms clock, 1.7+0.50/0.79/0+1.7 ms cpu, 3->4->2 MB, 4 MB goal, 0 MB stacks, 0 MB globals, 16 P
gc 5778 @43.565s 2%: 0.14+0.47+0.12 ms clock, 2.2+0.59/0.79/0+2.0 ms cpu, 3->4->1 MB, 4 MB goal, 0 MB stacks, 0 MB globals, 16 P
gc 5779 @43.566s 2%: 0.16+0.50+0.14 ms clock, 2.6+0.53/0.89/0+2.3 ms cpu, 3->4->1 MB, 4 MB goal, 0 MB stacks, 0 MB globals, 16 P
gc 5780 @43.568s 2%: 0.079+0.54+0.10 ms clock, 1.2+0.54/0.85/0.041+1.7 ms cpu, 3->4->1 MB, 4 MB goal, 0 MB stacks, 0 MB globals, 16 P
gc 5781 @43.569s 2%: 0.075+0.66+0.094 ms clock, 1.2+0.72/0.86/0.052+1.5 ms cpu, 3->4->1 MB, 4 MB goal, 0 MB stacks, 0 MB globals, 16 P
gc 5782 @43.571s 2%: 0.12+0.45+0.12 ms clock, 1.9+0.55/0.77/0+1.9 ms cpu, 3->4->1 MB, 4 MB goal, 0 MB stacks, 0 MB globals, 16 P
gc 5783 @43.572s 2%: 0.15+0.72+0.11 ms clock, 2.4+0.52/0.91/0+1.8 ms cpu, 3->4->2 MB, 4 MB goal, 0 MB stacks, 0 MB globals, 16 P
gc 5784 @43.574s 2%: 0.13+0.86+0.089 ms clock, 2.1+0.54/0.85/0.003+1.4 ms cpu, 3->4->2 MB, 4 MB goal, 0 MB stacks, 0 MB globals, 16 P
gc 5785 @43.576s 2%: 0.11+0.65+0.12 ms clock, 1.8+0.55/0.90/0.009+2.0 ms cpu, 3->4->2 MB, 4 MB goal, 0 MB stacks, 0 MB globals, 16 P
gc 5786 @43.578s 2%: 0.14+0.54+0.10 ms clock, 2.3+0.65/0.82/0.034+1.6 ms cpu, 3->4->1 MB, 4 MB goal, 0 MB stacks, 0 MB globals, 16 P
gc 5787 @43.580s 2%: 0.11+0.67+0.085 ms clock, 1.8+0.71/0.77/0.072+1.3 ms cpu, 3->4->2 MB, 4 MB goal, 0 MB stacks, 0 MB globals, 16 P
gc 5788 @43.581s 2%: 0.13+0.50+0.10 ms clock, 2.1+0.71/0.76/0.005+1.7 ms cpu, 3->4->1 MB, 4 MB goal, 0 MB stacks, 0 MB globals, 16 P
gc 5789 @43.583s 2%: 0.14+0.46+0.10 ms clock, 2.2+0.61/0.80/0.002+1.7 ms cpu, 3->4->1 MB, 4 MB goal, 0 MB stacks, 0 MB globals, 16 P
gc 5790 @43.584s 2%: 0.11+0.54+0.11 ms clock, 1.8+0.52/0.79/0+1.7 ms cpu, 3->4->1 MB, 4 MB goal, 0 MB stacks, 0 MB globals, 16 P
gc 5791 @43.586s 2%: 0.11+0.58+0.086 ms clock, 1.8+0.63/0.74/0.026+1.3 ms cpu, 3->4->1 MB, 4 MB goal, 0 MB stacks, 0 MB globals, 16 P
gc 5792 @43.588s 2%: 0.11+0.65+0.081 ms clock, 1.7+0.57/0.74/0.066+1.3 ms cpu, 3->4->1 MB, 4 MB goal, 0 MB stacks, 0 MB globals, 16 P
gc 5793 @43.589s 2%: 0.18+0.65+0.091 ms clock, 3.0+0.58/0.89/0.039+1.4 ms cpu, 3->4->2 MB, 4 MB goal, 0 MB stacks, 0 MB globals, 16 P
gc 5794 @43.591s 2%: 0.14+0.68+0.080 ms clock, 2.2+0.59/0.82/0+1.2 ms cpu, 3->4->2 MB, 4 MB goal, 0 MB stacks, 0 MB globals, 16 P
gc 5795 @43.593s 2%: 0.13+0.57+0.098 ms clock, 2.1+0.52/0.92/0+1.5 ms cpu, 3->4->2 MB, 4 MB goal, 0 MB stacks, 0 MB globals, 16 P
gc 5796 @43.595s 2%: 0.12+0.70+0.072 ms clock, 1.9+0.44/0.84/0.001+1.1 ms cpu, 3->4->2 MB, 4 MB goal, 0 MB stacks, 0 MB globals, 16 P
gc 5797 @43.596s 2%: 0.16+0.60+0.12 ms clock, 2.6+0.70/0.77/0.005+2.0 ms cpu, 3->4->2 MB, 4 MB goal, 0 MB stacks, 0 MB globals, 16 P
gc 5798 @43.598s 2%: 0.13+0.53+0.10 ms clock, 2.1+0.52/0.83/0+1.6 ms cpu, 3->4->1 MB, 4 MB goal, 0 MB stacks, 0 MB globals, 16 P
gc 5799 @43.600s 2%: 0.17+0.61+0.12 ms clock, 2.7+0.75/0.78/0+1.9 ms cpu, 3->4->2 MB, 4 MB goal, 0 MB stacks, 0 MB globals, 16 P
gc 5800 @43.602s 2%: 0.15+0.57+0.10 ms clock, 2.4+0.48/0.89/0+1.6 ms cpu, 3->4->1 MB, 4 MB goal, 0 MB stacks, 0 MB globals, 16 P
gc 5801 @43.603s 2%: 0.11+0.68+0.12 ms clock, 1.9+0.54/0.86/0+2.0 ms cpu, 3->4->2 MB, 4 MB goal, 0 MB stacks, 0 MB globals, 16 P
gc 5802 @43.605s 2%: 0.13+0.50+0.18 ms clock, 2.0+0.62/0.91/0.002+3.0 ms cpu, 3->4->1 MB, 4 MB goal, 0 MB stacks, 0 MB globals, 16 P
gc 5803 @43.607s 2%: 0.17+0.61+0.058 ms clock, 2.7+0.61/0.76/0+0.93 ms cpu, 3->4->1 MB, 4 MB goal, 0 MB stacks, 0 MB globals, 16 P
gc 5804 @43.608s 2%: 0.11+0.55+0.11 ms clock, 1.8+0.71/0.83/0+1.8 ms cpu, 3->4->2 MB, 4 MB goal, 0 MB stacks, 0 MB globals, 16 P
gc 5805 @43.610s 2%: 0.18+0.61+0.16 ms clock, 2.8+0.51/0.87/0+2.6 ms cpu, 3->4->2 MB, 4 MB goal, 0 MB stacks, 0 MB globals, 16 P
gc 5806 @43.612s 2%: 0.17+0.50+0.10 ms clock, 2.7+0.72/0.69/0+1.7 ms cpu, 3->4->1 MB, 4 MB goal, 0 MB stacks, 0 MB globals, 16 P
gc 5807 @43.613s 2%: 0.15+0.58+0.065 ms clock, 2.4+0.61/0.90/0+1.0 ms cpu, 3->4->2 MB, 4 MB goal, 0 MB stacks, 0 MB globals, 16 P
gc 5808 @43.615s 2%: 0.13+0.61+0.085 ms clock, 2.1+0.48/0.78/0+1.3 ms cpu, 3->4->1 MB, 4 MB goal, 0 MB stacks, 0 MB globals, 16 P
gc 5809 @43.617s 2%: 0.10+0.56+0.14 ms clock, 1.6+0.51/0.92/0+2.3 ms cpu, 3->4->1 MB, 4 MB goal, 0 MB stacks, 0 MB globals, 16 P
gc 5810 @43.618s 2%: 0.11+0.53+0.084 ms clock, 1.8+0.67/0.75/0.002+1.3 ms cpu, 3->4->1 MB, 4 MB goal, 0 MB stacks, 0 MB globals, 16 P
gc 5811 @43.620s 2%: 0.18+0.51+0.093 ms clock, 2.9+0.76/0.82/0+1.4 ms cpu, 3->4->1 MB, 4 MB goal, 0 MB stacks, 0 MB globals, 16 P
gc 5812 @43.622s 2%: 0.11+0.62+0.094 ms clock, 1.8+0.58/0.85/0.014+1.5 ms cpu, 3->4->1 MB, 4 MB goal, 0 MB stacks, 0 MB globals, 16 P
gc 5813 @43.623s 2%: 0.19+0.58+0.039 ms clock, 3.0+0.67/0.86/0+0.63 ms cpu, 3->4->1 MB, 4 MB goal, 0 MB stacks, 0 MB globals, 16 P
gc 5814 @43.625s 2%: 0.079+0.52+0.12 ms clock, 1.2+0.53/0.84/0+2.0 ms cpu, 3->4->1 MB, 4 MB goal, 0 MB stacks, 0 MB globals, 16 P
gc 5815 @43.627s 2%: 0.18+0.72+0.071 ms clock, 3.0+0.57/0.93/0.001+1.1 ms cpu, 3->4->2 MB, 4 MB goal, 0 MB stacks, 0 MB globals, 16 P
gc 5816 @43.628s 2%: 0.087+0.56+0.11 ms clock, 1.4+0.55/0.88/0.009+1.8 ms cpu, 3->4->1 MB, 4 MB goal, 0 MB stacks, 0 MB globals, 16 P
gc 5817 @43.630s 2%: 0.12+0.67+0.11 ms clock, 1.9+0.57/0.96/0.023+1.8 ms cpu, 3->4->2 MB, 4 MB goal, 0 MB stacks, 0 MB globals, 16 P
gc 5818 @43.632s 2%: 0.10+0.63+0.076 ms clock, 1.6+0.52/0.90/0.009+1.2 ms cpu, 3->4->1 MB, 4 MB goal, 0 MB stacks, 0 MB globals, 16 P
gc 5819 @43.634s 2%: 0.16+0.49+0.14 ms clock, 2.6+0.63/0.73/0+2.3 ms cpu, 3->4->1 MB, 4 MB goal, 0 MB stacks, 0 MB globals, 16 P
gc 5820 @43.635s 2%: 0.10+0.61+0.090 ms clock, 1.6+0.60/0.78/0+1.4 ms cpu, 3->4->1 MB, 4 MB goal, 0 MB stacks, 0 MB globals, 16 P
gc 5821 @43.637s 2%: 0.13+0.78+0.045 ms clock, 2.2+0.57/0.86/0+0.72 ms cpu, 3->4->2 MB, 4 MB goal, 0 MB stacks, 0 MB globals, 16 P
gc 5822 @43.639s 2%: 0.10+0.58+0.10 ms clock, 1.6+0.47/0.90/0+1.7 ms cpu, 3->4->1 MB, 4 MB goal, 0 MB stacks, 0 MB globals, 16 P
gc 5823 @43.640s 2%: 0.12+0.64+0.095 ms clock, 2.0+0.54/0.90/0.010+1.5 ms cpu, 3->4->2 MB, 4 MB goal, 0 MB stacks, 0 MB globals, 16 P
gc 5824 @43.642s 2%: 0.17+0.59+0.11 ms clock, 2.8+0.59/0.91/0+1.7 ms cpu, 3->4->1 MB, 4 MB goal, 0 MB stacks, 0 MB globals, 16 P
gc 5825 @43.644s 2%: 0.13+0.53+0.11 ms clock, 2.1+0.56/0.83/0+1.8 ms cpu, 3->4->1 MB, 4 MB goal, 0 MB stacks, 0 MB globals, 16 P
gc 5826 @43.646s 2%: 0.11+0.53+0.11 ms clock, 1.8+0.62/0.82/0.016+1.8 ms cpu, 3->4->1 MB, 4 MB goal, 0 MB stacks, 0 MB globals, 16 P
gc 5827 @43.647s 2%: 0.13+0.50+0.079 ms clock, 2.1+0.66/1.0/0+1.2 ms cpu, 3->4->1 MB, 4 MB goal, 0 MB stacks, 0 MB globals, 16 P
gc 5828 @43.649s 2%: 0.14+0.60+0.083 ms clock, 2.2+0.62/0.93/0+1.3 ms cpu, 3->4->1 MB, 4 MB goal, 0 MB stacks, 0 MB globals, 16 P
gc 5829 @43.650s 2%: 0.10+0.47+0.081 ms clock, 1.6+0.46/0.86/0+1.3 ms cpu, 3->4->1 MB, 4 MB goal, 0 MB stacks, 0 MB globals, 16 P
gc 5830 @43.652s 2%: 0.10+0.63+0.13 ms clock, 1.6+0.49/0.90/0.004+2.2 ms cpu, 3->4->1 MB, 4 MB goal, 0 MB stacks, 0 MB globals, 16 P
gc 5831 @43.653s 2%: 0.10+0.63+0.094 ms clock, 1.6+0.64/0.74/0+1.5 ms cpu, 3->4->1 MB, 4 MB goal, 0 MB stacks, 0 MB globals, 16 P
gc 5832 @43.655s 2%: 0.10+0.71+0.080 ms clock, 1.7+0.69/0.88/0+1.2 ms cpu, 3->4->2 MB, 4 MB goal, 0 MB stacks, 0 MB globals, 16 P
gc 5833 @43.657s 2%: 0.12+0.50+0.10 ms clock, 2.0+0.62/0.77/0+1.6 ms cpu, 3->4->1 MB, 4 MB goal, 0 MB stacks, 0 MB globals, 16 P
gc 5834 @43.659s 2%: 0.15+0.67+0.054 ms clock, 2.5+0.61/0.78/0+0.86 ms cpu, 3->4->2 MB, 4 MB goal, 0 MB stacks, 0 MB globals, 16 P
gc 5835 @43.661s 2%: 0.12+0.50+0.082 ms clock, 2.0+0.45/0.88/0.036+1.3 ms cpu, 3->4->1 MB, 4 MB goal, 0 MB stacks, 0 MB globals, 16 P
gc 5836 @43.662s 2%: 0.12+0.82+0.051 ms clock, 1.9+0.63/0.69/0+0.81 ms cpu, 3->4->2 MB, 4 MB goal, 0 MB stacks, 0 MB globals, 16 P
gc 5837 @43.664s 2%: 0.10+0.51+0.12 ms clock, 1.7+0.65/0.77/0+2.0 ms cpu, 4->4->1 MB, 4 MB goal, 0 MB stacks, 0 MB globals, 16 P
gc 5838 @43.666s 2%: 0.11+0.66+0.10 ms clock, 1.8+0.43/0.88/0+1.6 ms cpu, 3->4->1 MB, 4 MB goal, 0 MB stacks, 0 MB globals, 16 P
gc 5839 @43.668s 2%: 0.11+0.60+0.070 ms clock, 1.9+0.56/0.78/0.054+1.1 ms cpu, 3->4->1 MB, 4 MB goal, 0 MB stacks, 0 MB globals, 16 P
gc 5840 @43.669s 2%: 0.11+0.90+0.10 ms clock, 1.8+0.51/0.77/0.034+1.6 ms cpu, 3->4->2 MB, 4 MB goal, 0 MB stacks, 0 MB globals, 16 P
gc 5841 @43.671s 2%: 0.15+0.46+0.094 ms clock, 2.4+0.56/0.76/0+1.5 ms cpu, 4->4->1 MB, 4 MB goal, 0 MB stacks, 0 MB globals, 16 P
gc 5842 @43.673s 2%: 0.11+0.68+0.085 ms clock, 1.7+0.59/0.76/0.018+1.3 ms cpu, 3->4->2 MB, 4 MB goal, 0 MB stacks, 0 MB globals, 16 P
gc 5843 @43.675s 2%: 0.12+0.56+0.10 ms clock, 1.9+0.48/0.86/0+1.6 ms cpu, 3->4->1 MB, 4 MB goal, 0 MB stacks, 0 MB globals, 16 P
gc 5844 @43.676s 2%: 0.12+0.51+0.14 ms clock, 2.0+0.64/0.75/0+2.2 ms cpu, 3->4->1 MB, 4 MB goal, 0 MB stacks, 0 MB globals, 16 P
gc 5845 @43.678s 2%: 0.13+0.49+0.18 ms clock, 2.0+0.70/0.70/0+2.9 ms cpu, 3->4->1 MB, 4 MB goal, 0 MB stacks, 0 MB globals, 16 P
gc 5846 @43.680s 2%: 0.076+0.64+0.10 ms clock, 1.2+0.49/0.84/0+1.7 ms cpu, 3->4->1 MB, 4 MB goal, 0 MB stacks, 0 MB globals, 16 P
gc 5847 @43.681s 2%: 0.10+0.53+0.079 ms clock, 1.7+0.55/0.88/0+1.2 ms cpu, 3->4->1 MB, 4 MB goal, 0 MB stacks, 0 MB globals, 16 P
gc 5848 @43.683s 2%: 0.097+0.45+0.16 ms clock, 1.5+0.59/0.77/0+2.5 ms cpu, 3->4->1 MB, 4 MB goal, 0 MB stacks, 0 MB globals, 16 P
gc 5849 @43.684s 2%: 0.14+0.62+0.12 ms clock, 2.3+0.65/0.85/0+2.0 ms cpu, 3->4->2 MB, 4 MB goal, 0 MB stacks, 0 MB globals, 16 P
gc 5850 @43.686s 2%: 0.18+0.54+0.18 ms clock, 3.0+0.63/0.72/0.039+2.9 ms cpu, 3->4->1 MB, 4 MB goal, 0 MB stacks, 0 MB globals, 16 P
gc 5851 @43.688s 2%: 0.15+0.53+0.13 ms clock, 2.4+0.76/0.78/0.002+2.1 ms cpu, 3->4->2 MB, 4 MB goal, 0 MB stacks, 0 MB globals, 16 P
gc 5852 @43.689s 2%: 0.085+0.58+0.10 ms clock, 1.3+0.58/0.75/0+1.6 ms cpu, 3->4->1 MB, 4 MB goal, 0 MB stacks, 0 MB globals, 16 P
gc 5853 @43.691s 2%: 0.13+0.60+0.13 ms clock, 2.2+0.34/0.84/0.045+2.1 ms cpu, 3->4->1 MB, 4 MB goal, 0 MB stacks, 0 MB globals, 16 P
gc 5854 @43.693s 2%: 0.10+0.56+0.12 ms clock, 1.6+0.53/0.80/0.025+1.9 ms cpu, 3->4->1 MB, 4 MB goal, 0 MB stacks, 0 MB globals, 16 P
gc 5855 @43.694s 2%: 0.12+0.92+0.046 ms clock, 1.9+0.45/0.83/0.006+0.75 ms cpu, 3->4->2 MB, 4 MB goal, 0 MB stacks, 0 MB globals, 16 P
gc 5856 @43.696s 2%: 0.19+0.47+0.18 ms clock, 3.0+0.70/0.85/0.006+2.9 ms cpu, 3->4->1 MB, 4 MB goal, 0 MB stacks, 0 MB globals, 16 P
gc 5857 @43.698s 2%: 0.11+0.62+0.070 ms clock, 1.9+0.61/0.77/0.007+1.1 ms cpu, 3->4->1 MB, 4 MB goal, 0 MB stacks, 0 MB globals, 16 P
gc 5858 @43.699s 2%: 0.13+0.55+0.13 ms clock, 2.1+0.53/0.95/0.005+2.1 ms cpu, 3->4->2 MB, 4 MB goal, 0 MB stacks, 0 MB globals, 16 P
gc 5859 @43.701s 2%: 0.15+0.59+0.084 ms clock, 2.4+0.53/0.85/0+1.3 ms cpu, 3->4->1 MB, 4 MB goal, 0 MB stacks, 0 MB globals, 16 P
gc 5860 @43.703s 2%: 0.13+0.58+0.093 ms clock, 2.1+0.58/0.79/0+1.5 ms cpu, 3->4->1 MB, 4 MB goal, 0 MB stacks, 0 MB globals, 16 P
gc 5861 @43.704s 2%: 0.12+0.63+0.11 ms clock, 2.0+0.65/0.71/0+1.9 ms cpu, 3->4->2 MB, 4 MB goal, 0 MB stacks, 0 MB globals, 16 P
gc 5862 @43.706s 2%: 0.14+0.62+0.11 ms clock, 2.3+0.62/0.87/0+1.8 ms cpu, 3->4->2 MB, 4 MB goal, 0 MB stacks, 0 MB globals, 16 P
gc 5863 @43.708s 2%: 0.11+0.47+0.14 ms clock, 1.7+0.64/0.81/0.006+2.2 ms cpu, 3->4->1 MB, 4 MB goal, 0 MB stacks, 0 MB globals, 16 P
gc 5864 @43.709s 2%: 0.12+0.57+0.095 ms clock, 1.9+0.51/0.84/0+1.5 ms cpu, 3->4->1 MB, 4 MB goal, 0 MB stacks, 0 MB globals, 16 P
gc 5865 @43.711s 2%: 0.11+0.71+0.12 ms clock, 1.9+0.64/0.72/0+2.0 ms cpu, 3->4->2 MB, 4 MB goal, 0 MB stacks, 0 MB globals, 16 P
gc 5866 @43.713s 2%: 0.14+0.58+0.097 ms clock, 2.3+0.49/0.69/0.18+1.5 ms cpu, 3->4->1 MB, 4 MB goal, 0 MB stacks, 0 MB globals, 16 P
gc 5867 @43.715s 2%: 0.13+0.66+0.13 ms clock, 2.1+0.67/0.90/0+2.0 ms cpu, 3->4->2 MB, 4 MB goal, 0 MB stacks, 0 MB globals, 16 P
gc 5868 @43.717s 2%: 0.16+0.63+0.15 ms clock, 2.6+0.67/0.76/0+2.4 ms cpu, 3->4->2 MB, 4 MB goal, 0 MB stacks, 0 MB globals, 16 P
gc 5869 @43.718s 2%: 0.16+0.59+0.091 ms clock, 2.5+0.58/0.80/0+1.4 ms cpu, 3->4->2 MB, 4 MB goal, 0 MB stacks, 0 MB globals, 16 P
gc 5870 @43.720s 2%: 0.11+0.74+0.10 ms clock, 1.7+0.46/0.85/0+1.6 ms cpu, 3->4->2 MB, 4 MB goal, 0 MB stacks, 0 MB globals, 16 P
gc 5871 @43.722s 2%: 0.10+0.64+0.10 ms clock, 1.6+0.61/0.80/0.019+1.6 ms cpu, 3->4->2 MB, 4 MB goal, 0 MB stacks, 0 MB globals, 16 P
gc 5872 @43.724s 2%: 0.15+0.64+0.14 ms clock, 2.5+0.45/0.89/0+2.3 ms cpu, 3->4->2 MB, 4 MB goal, 0 MB stacks, 0 MB globals, 16 P
gc 5873 @43.726s 2%: 0.13+0.62+0.099 ms clock, 2.2+0.59/0.87/0+1.5 ms cpu, 3->4->2 MB, 4 MB goal, 0 MB stacks, 0 MB globals, 16 P
gc 5874 @43.728s 2%: 0.17+0.65+0.080 ms clock, 2.7+0.61/0.86/0+1.2 ms cpu, 3->4->2 MB, 4 MB goal, 0 MB stacks, 0 MB globals, 16 P
gc 5875 @43.729s 2%: 0.14+0.50+0.095 ms clock, 2.3+0.53/0.78/0+1.5 ms cpu, 3->4->1 MB, 4 MB goal, 0 MB stacks, 0 MB globals, 16 P
gc 5876 @43.731s 2%: 0.12+0.43+0.078 ms clock, 2.0+0.48/0.80/0+1.2 ms cpu, 3->4->1 MB, 4 MB goal, 0 MB stacks, 0 MB globals, 16 P
gc 5877 @43.732s 2%: 0.11+0.63+0.094 ms clock, 1.8+0.70/0.75/0+1.5 ms cpu, 3->4->2 MB, 4 MB goal, 0 MB stacks, 0 MB globals, 16 P
gc 5878 @43.734s 2%: 0.13+0.53+0.11 ms clock, 2.1+0.61/0.78/0+1.7 ms cpu, 3->4->1 MB, 4 MB goal, 0 MB stacks, 0 MB globals, 16 P
gc 5879 @43.736s 2%: 0.13+0.50+0.095 ms clock, 2.1+0.74/0.67/0+1.5 ms cpu, 3->4->1 MB, 4 MB goal, 0 MB stacks, 0 MB globals, 16 P
gc 5880 @43.737s 2%: 0.11+0.45+0.080 ms clock, 1.8+0.54/0.81/0.001+1.2 ms cpu, 3->4->1 MB, 4 MB goal, 0 MB stacks, 0 MB globals, 16 P
gc 5881 @43.738s 2%: 0.15+0.72+0.072 ms clock, 2.4+0.52/0.87/0+1.1 ms cpu, 3->4->1 MB, 4 MB goal, 0 MB stacks, 0 MB globals, 16 P
gc 5882 @43.740s 2%: 0.19+0.72+0.075 ms clock, 3.1+0.56/0.82/0.023+1.2 ms cpu, 3->4->2 MB, 4 MB goal, 0 MB stacks, 0 MB globals, 16 P
gc 5883 @43.742s 2%: 0.11+0.69+0.10 ms clock, 1.9+0.64/0.79/0+1.6 ms cpu, 3->4->2 MB, 4 MB goal, 0 MB stacks, 0 MB globals, 16 P
gc 5884 @43.744s 2%: 0.088+0.62+0.090 ms clock, 1.4+0.45/0.90/0+1.4 ms cpu, 3->4->1 MB, 4 MB goal, 0 MB stacks, 0 MB globals, 16 P
gc 5885 @43.746s 2%: 0.14+0.54+0.087 ms clock, 2.2+0.66/0.69/0.051+1.4 ms cpu, 3->4->1 MB, 4 MB goal, 0 MB stacks, 0 MB globals, 16 P
gc 5886 @43.747s 2%: 0.10+0.51+0.14 ms clock, 1.6+0.60/0.87/0.010+2.2 ms cpu, 3->4->1 MB, 4 MB goal, 0 MB stacks, 0 MB globals, 16 P
gc 5887 @43.749s 2%: 0.13+0.47+0.13 ms clock, 2.0+0.72/0.73/0+2.1 ms cpu, 3->4->1 MB, 4 MB goal, 0 MB stacks, 0 MB globals, 16 P
gc 5888 @43.750s 2%: 0.10+0.63+0.13 ms clock, 1.7+0.58/0.65/0+2.1 ms cpu, 3->4->1 MB, 4 MB goal, 0 MB stacks, 0 MB globals, 16 P
gc 5889 @43.752s 2%: 0.10+0.57+0.16 ms clock, 1.7+0.57/0.79/0+2.6 ms cpu, 3->4->1 MB, 4 MB goal, 0 MB stacks, 0 MB globals, 16 P
gc 5890 @43.753s 2%: 0.17+0.81+0.075 ms clock, 2.8+0.65/0.87/0+1.2 ms cpu, 3->4->2 MB, 4 MB goal, 0 MB stacks, 0 MB globals, 16 P
gc 5891 @43.756s 2%: 0.12+0.53+0.14 ms clock, 1.9+0.53/0.92/0.002+2.3 ms cpu, 4->4->1 MB, 4 MB goal, 0 MB stacks, 0 MB globals, 16 P
gc 5892 @43.757s 2%: 0.15+0.51+0.13 ms clock, 2.4+0.65/0.82/0+2.2 ms cpu, 3->4->1 MB, 4 MB goal, 0 MB stacks, 0 MB globals, 16 P
gc 5893 @43.759s 2%: 0.15+0.60+0.15 ms clock, 2.5+0.72/0.69/0.007+2.4 ms cpu, 3->4->1 MB, 4 MB goal, 0 MB stacks, 0 MB globals, 16 P
gc 5894 @43.761s 2%: 0.15+0.57+0.18 ms clock, 2.5+0.76/0.87/0+2.9 ms cpu, 3->4->1 MB, 4 MB goal, 0 MB stacks, 0 MB globals, 16 P
gc 5895 @43.762s 2%: 0.14+0.51+0.11 ms clock, 2.3+0.58/0.76/0+1.7 ms cpu, 3->4->1 MB, 4 MB goal, 0 MB stacks, 0 MB globals, 16 P
gc 5896 @43.764s 2%: 0.14+0.55+0.11 ms clock, 2.3+0.78/0.69/0+1.8 ms cpu, 3->4->1 MB, 4 MB goal, 0 MB stacks, 0 MB globals, 16 P
gc 5897 @43.765s 2%: 0.13+0.54+0.11 ms clock, 2.1+0.66/0.70/0.053+1.8 ms cpu, 3->4->1 MB, 4 MB goal, 0 MB stacks, 0 MB globals, 16 P
gc 5898 @43.767s 2%: 0.10+0.55+0.097 ms clock, 1.6+0.57/0.90/0+1.5 ms cpu, 3->4->1 MB, 4 MB goal, 0 MB stacks, 0 MB globals, 16 P
gc 5899 @43.768s 2%: 0.15+0.60+0.11 ms clock, 2.5+0.62/0.83/0.003+1.8 ms cpu, 3->4->2 MB, 4 MB goal, 0 MB stacks, 0 MB globals, 16 P
gc 5900 @43.770s 2%: 0.11+0.61+0.099 ms clock, 1.8+0.60/0.93/0.050+1.5 ms cpu, 3->4->1 MB, 4 MB goal, 0 MB stacks, 0 MB globals, 16 P
gc 5901 @43.772s 2%: 0.11+0.61+0.12 ms clock, 1.8+0.57/0.77/0+1.9 ms cpu, 3->4->1 MB, 4 MB goal, 0 MB stacks, 0 MB globals, 16 P
gc 5902 @43.774s 2%: 0.10+0.56+0.099 ms clock, 1.7+0.48/0.79/0+1.5 ms cpu, 3->4->1 MB, 4 MB goal, 0 MB stacks, 0 MB globals, 16 P
gc 5903 @43.775s 2%: 0.14+0.53+0.12 ms clock, 2.3+0.63/0.77/0.001+1.9 ms cpu, 3->4->2 MB, 4 MB goal, 0 MB stacks, 0 MB globals, 16 P
gc 5904 @43.777s 2%: 0.13+0.54+0.14 ms clock, 2.1+0.63/0.75/0+2.3 ms cpu, 3->4->2 MB, 4 MB goal, 0 MB stacks, 0 MB globals, 16 P
gc 5905 @43.779s 2%: 0.13+0.45+0.10 ms clock, 2.1+0.53/0.73/0+1.7 ms cpu, 3->4->1 MB, 4 MB goal, 0 MB stacks, 0 MB globals, 16 P
gc 5906 @43.780s 2%: 0.11+0.48+0.087 ms clock, 1.7+0.53/0.85/0.004+1.4 ms cpu, 3->4->1 MB, 4 MB goal, 0 MB stacks, 0 MB globals, 16 P
gc 5907 @43.782s 2%: 0.10+0.46+0.18 ms clock, 1.6+0.60/0.75/0.037+2.9 ms cpu, 3->3->1 MB, 4 MB goal, 0 MB stacks, 0 MB globals, 16 P
gc 5908 @43.783s 2%: 0.16+0.51+0.13 ms clock, 2.5+0.74/0.76/0+2.1 ms cpu, 3->3->1 MB, 4 MB goal, 0 MB stacks, 0 MB globals, 16 P
gc 5909 @43.785s 2%: 0.10+0.66+0.018 ms clock, 1.7+0.61/0.82/0+0.30 ms cpu, 3->4->1 MB, 4 MB goal, 0 MB stacks, 0 MB globals, 16 P
gc 5910 @43.786s 2%: 0.14+0.49+0.10 ms clock, 2.2+0.56/0.77/0+1.6 ms cpu, 3->4->1 MB, 4 MB goal, 0 MB stacks, 0 MB globals, 16 P
gc 5911 @43.788s 2%: 0.077+0.53+0.12 ms clock, 1.2+0.52/0.93/0.046+2.0 ms cpu, 3->4->1 MB, 4 MB goal, 0 MB stacks, 0 MB globals, 16 P
gc 5912 @43.790s 2%: 0.14+0.55+0.10 ms clock, 2.3+0.48/0.88/0.012+1.6 ms cpu, 3->4->1 MB, 4 MB goal, 0 MB stacks, 0 MB globals, 16 P
gc 5913 @43.791s 2%: 0.11+0.61+0.087 ms clock, 1.8+0.33/0.90/0+1.3 ms cpu, 3->4->1 MB, 4 MB goal, 0 MB stacks, 0 MB globals, 16 P
gc 5914 @43.793s 2%: 0.16+0.56+0.086 ms clock, 2.5+0.58/0.85/0+1.3 ms cpu, 3->4->1 MB, 4 MB goal, 0 MB stacks, 0 MB globals, 16 P
gc 5915 @43.794s 2%: 0.097+0.50+0.085 ms clock, 1.5+0.54/0.70/0+1.3 ms cpu, 3->4->1 MB, 4 MB goal, 0 MB stacks, 0 MB globals, 16 P
gc 5916 @43.796s 2%: 0.11+0.51+0.13 ms clock, 1.8+0.43/0.85/0.022+2.1 ms cpu, 3->4->1 MB, 4 MB goal, 0 MB stacks, 0 MB globals, 16 P
gc 5917 @43.797s 2%: 0.17+0.52+0.15 ms clock, 2.8+0.61/0.78/0.038+2.5 ms cpu, 3->4->1 MB, 4 MB goal, 0 MB stacks, 0 MB globals, 16 P
gc 5918 @43.799s 2%: 0.11+0.65+0.085 ms clock, 1.8+0.54/0.78/0.022+1.3 ms cpu, 3->4->1 MB, 4 MB goal, 0 MB stacks, 0 MB globals, 16 P
gc 5919 @43.800s 2%: 0.12+0.58+0.084 ms clock, 2.0+0.53/0.87/0+1.3 ms cpu, 3->4->1 MB, 4 MB goal, 0 MB stacks, 0 MB globals, 16 P
gc 5920 @43.802s 2%: 0.15+0.63+0.069 ms clock, 2.4+0.63/0.88/0.013+1.1 ms cpu, 3->4->2 MB, 4 MB goal, 0 MB stacks, 0 MB globals, 16 P
gc 5921 @43.804s 2%: 0.20+0.57+0.17 ms clock, 3.2+0.56/0.80/0+2.7 ms cpu, 3->4->2 MB, 4 MB goal, 0 MB stacks, 0 MB globals, 16 P
gc 5922 @43.806s 2%: 0.11+0.58+0.095 ms clock, 1.9+0.74/0.76/0+1.5 ms cpu, 3->4->1 MB, 4 MB goal, 0 MB stacks, 0 MB globals, 16 P
gc 5923 @43.807s 2%: 0.14+0.51+0.13 ms clock, 2.3+0.70/0.69/0+2.1 ms cpu, 3->4->1 MB, 4 MB goal, 0 MB stacks, 0 MB globals, 16 P
gc 5924 @43.809s 2%: 0.084+0.60+0.069 ms clock, 1.3+0.50/0.97/0.010+1.1 ms cpu, 3->4->1 MB, 4 MB goal, 0 MB stacks, 0 MB globals, 16 P
gc 5925 @43.810s 2%: 0.10+0.64+0.11 ms clock, 1.6+0.70/0.70/0+1.9 ms cpu, 3->4->1 MB, 4 MB goal, 0 MB stacks, 0 MB globals, 16 P
gc 5926 @43.812s 2%: 0.14+0.57+0.056 ms clock, 2.3+0.62/0.69/0+0.91 ms cpu, 3->4->1 MB, 4 MB goal, 0 MB stacks, 0 MB globals, 16 P
gc 5927 @43.813s 2%: 0.13+0.63+0.12 ms clock, 2.1+0.58/0.89/0+2.0 ms cpu, 3->4->1 MB, 4 MB goal, 0 MB stacks, 0 MB globals, 16 P
gc 5928 @43.815s 2%: 0.12+0.75+0.12 ms clock, 2.0+0.56/0.88/0.010+1.9 ms cpu, 3->4->2 MB, 4 MB goal, 0 MB stacks, 0 MB globals, 16 P
gc 5929 @43.817s 2%: 0.11+0.54+0.11 ms clock, 1.8+0.58/0.79/0+1.8 ms cpu, 3->4->1 MB, 4 MB goal, 0 MB stacks, 0 MB globals, 16 P
gc 5930 @43.819s 2%: 0.10+0.59+0.088 ms clock, 1.6+0.48/0.91/0.012+1.4 ms cpu, 3->4->1 MB, 4 MB goal, 0 MB stacks, 0 MB globals, 16 P
gc 5931 @43.820s 2%: 0.10+0.60+0.17 ms clock, 1.7+0.52/0.90/0+2.8 ms cpu, 3->4->1 MB, 4 MB goal, 0 MB stacks, 0 MB globals, 16 P
gc 5932 @43.822s 2%: 0.12+0.50+0.088 ms clock, 1.9+0.52/0.85/0+1.4 ms cpu, 3->4->1 MB, 4 MB goal, 0 MB stacks, 0 MB globals, 16 P
gc 5933 @43.824s 2%: 0.11+0.55+0.11 ms clock, 1.8+0.73/0.83/0+1.8 ms cpu, 3->4->1 MB, 4 MB goal, 0 MB stacks, 0 MB globals, 16 P
gc 5934 @43.825s 2%: 0.13+0.68+0.092 ms clock, 2.2+0.63/0.81/0.031+1.4 ms cpu, 3->4->1 MB, 4 MB goal, 0 MB stacks, 0 MB globals, 16 P
gc 5935 @43.827s 2%: 0.10+0.51+0.10 ms clock, 1.6+0.50/0.71/0.015+1.6 ms cpu, 3->4->1 MB, 4 MB goal, 0 MB stacks, 0 MB globals, 16 P
gc 5936 @43.829s 2%: 0.13+0.48+0.091 ms clock, 2.0+0.48/0.83/0+1.4 ms cpu, 3->4->1 MB, 4 MB goal, 0 MB stacks, 0 MB globals, 16 P
gc 5937 @43.830s 2%: 0.093+0.52+0.17 ms clock, 1.4+0.61/0.79/0+2.7 ms cpu, 3->4->1 MB, 4 MB goal, 0 MB stacks, 0 MB globals, 16 P
gc 5938 @43.832s 2%: 0.16+0.68+0.10 ms clock, 2.5+0.63/1.0/0+1.6 ms cpu, 3->4->2 MB, 4 MB goal, 0 MB stacks, 0 MB globals, 16 P
gc 5939 @43.834s 2%: 0.10+0.51+0.091 ms clock, 1.6+0.62/0.81/0+1.4 ms cpu, 3->4->1 MB, 4 MB goal, 0 MB stacks, 0 MB globals, 16 P
gc 5940 @43.835s 2%: 0.11+0.63+0.10 ms clock, 1.8+0.71/0.76/0+1.7 ms cpu, 3->4->1 MB, 4 MB goal, 0 MB stacks, 0 MB globals, 16 P
gc 5941 @43.837s 3%: 0.17+0.50+0.15 ms clock, 2.8+0.63/0.81/0.012+2.5 ms cpu, 3->4->1 MB, 4 MB goal, 0 MB stacks, 0 MB globals, 16 P
gc 5942 @43.839s 3%: 0.11+0.54+0.11 ms clock, 1.7+0.49/0.84/0.030+1.9 ms cpu, 3->4->1 MB, 4 MB goal, 0 MB stacks, 0 MB globals, 16 P
gc 5943 @43.840s 3%: 0.10+0.51+0.14 ms clock, 1.6+0.64/0.76/0+2.3 ms cpu, 3->4->1 MB, 4 MB goal, 0 MB stacks, 0 MB globals, 16 P
gc 5944 @43.842s 3%: 0.13+0.56+0.16 ms clock, 2.1+0.68/0.71/0.043+2.5 ms cpu, 3->4->1 MB, 4 MB goal, 0 MB stacks, 0 MB globals, 16 P
gc 5945 @43.843s 3%: 0.11+0.59+0.098 ms clock, 1.8+0.59/0.86/0+1.5 ms cpu, 3->4->1 MB, 4 MB goal, 0 MB stacks, 0 MB globals, 16 P
gc 5946 @43.845s 3%: 0.15+0.47+0.11 ms clock, 2.5+0.56/0.75/0+1.8 ms cpu, 3->4->1 MB, 4 MB goal, 0 MB stacks, 0 MB globals, 16 P
gc 5947 @43.847s 3%: 0.12+0.54+0.17 ms clock, 2.0+0.59/0.90/0.001+2.7 ms cpu, 3->4->1 MB, 4 MB goal, 0 MB stacks, 0 MB globals, 16 P
gc 5948 @43.848s 3%: 0.16+0.67+0.080 ms clock, 2.6+0.53/0.93/0.028+1.2 ms cpu, 3->4->2 MB, 4 MB goal, 0 MB stacks, 0 MB globals, 16 P
gc 5949 @43.850s 3%: 0.12+0.55+0.095 ms clock, 2.0+0.68/0.79/0+1.5 ms cpu, 3->4->1 MB, 4 MB goal, 0 MB stacks, 0 MB globals, 16 P
gc 5950 @43.852s 3%: 0.12+0.50+0.13 ms clock, 2.0+0.58/0.80/0.018+2.1 ms cpu, 3->4->1 MB, 4 MB goal, 0 MB stacks, 0 MB globals, 16 P
gc 5951 @43.853s 3%: 0.13+0.57+0.10 ms clock, 2.2+0.53/0.78/0+1.6 ms cpu, 3->4->1 MB, 4 MB goal, 0 MB stacks, 0 MB globals, 16 P
gc 5952 @43.855s 3%: 0.18+0.54+0.17 ms clock, 2.9+0.52/0.84/0+2.8 ms cpu, 3->4->2 MB, 4 MB goal, 0 MB stacks, 0 MB globals, 16 P
gc 5953 @43.857s 3%: 0.13+0.53+0.13 ms clock, 2.1+0.73/0.80/0.005+2.0 ms cpu, 3->4->1 MB, 4 MB goal, 0 MB stacks, 0 MB globals, 16 P
gc 5954 @43.859s 3%: 0.16+0.56+0.12 ms clock, 2.5+0.59/0.84/0+1.9 ms cpu, 3->4->1 MB, 4 MB goal, 0 MB stacks, 0 MB globals, 16 P
gc 5955 @43.860s 3%: 0.11+0.60+0.095 ms clock, 1.8+0.65/0.81/0+1.5 ms cpu, 3->4->1 MB, 4 MB goal, 0 MB stacks, 0 MB globals, 16 P
gc 5956 @43.862s 3%: 0.10+0.59+0.099 ms clock, 1.7+0.27/0.89/0+1.5 ms cpu, 3->4->1 MB, 4 MB goal, 0 MB stacks, 0 MB globals, 16 P
gc 5957 @43.863s 3%: 0.10+0.69+0.099 ms clock, 1.6+0.53/0.88/0+1.5 ms cpu, 3->4->2 MB, 4 MB goal, 0 MB stacks, 0 MB globals, 16 P
gc 5958 @43.865s 3%: 0.10+0.63+0.074 ms clock, 1.7+0.63/0.76/0+1.1 ms cpu, 3->4->1 MB, 4 MB goal, 0 MB stacks, 0 MB globals, 16 P
gc 5959 @43.867s 3%: 0.15+0.74+0.055 ms clock, 2.5+0.57/0.84/0+0.88 ms cpu, 3->4->2 MB, 4 MB goal, 0 MB stacks, 0 MB globals, 16 P
gc 5960 @43.869s 3%: 0.10+0.62+0.11 ms clock, 1.7+0.66/0.80/0+1.8 ms cpu, 3->4->1 MB, 4 MB goal, 0 MB stacks, 0 MB globals, 16 P
gc 5961 @43.871s 3%: 0.11+0.66+0.13 ms clock, 1.9+0.62/0.71/0.006+2.1 ms cpu, 3->4->2 MB, 4 MB goal, 0 MB stacks, 0 MB globals, 16 P
gc 5962 @43.873s 3%: 0.11+0.53+0.096 ms clock, 1.7+0.47/0.78/0+1.5 ms cpu, 3->4->1 MB, 4 MB goal, 0 MB stacks, 0 MB globals, 16 P
gc 5963 @43.874s 3%: 0.13+0.48+0.16 ms clock, 2.0+0.63/0.73/0+2.5 ms cpu, 3->4->1 MB, 4 MB goal, 0 MB stacks, 0 MB globals, 16 P
gc 5964 @43.876s 3%: 0.13+0.51+0.14 ms clock, 2.1+0.75/0.81/0+2.3 ms cpu, 3->4->1 MB, 4 MB goal, 0 MB stacks, 0 MB globals, 16 P
gc 5965 @43.877s 3%: 0.11+0.53+0.13 ms clock, 1.7+0.44/0.80/0+2.1 ms cpu, 3->4->1 MB, 4 MB goal, 0 MB stacks, 0 MB globals, 16 P
gc 5966 @43.879s 3%: 0.11+0.68+0.15 ms clock, 1.7+0.65/0.77/0+2.5 ms cpu, 3->4->2 MB, 4 MB goal, 0 MB stacks, 0 MB globals, 16 P
gc 5967 @43.881s 3%: 0.11+0.52+0.084 ms clock, 1.8+0.70/0.85/0+1.3 ms cpu, 3->4->1 MB, 4 MB goal, 0 MB stacks, 0 MB globals, 16 P
gc 5968 @43.882s 3%: 0.096+0.73+0.089 ms clock, 1.5+0.57/1.0/0.002+1.4 ms cpu, 3->4->2 MB, 4 MB goal, 0 MB stacks, 0 MB globals, 16 P
gc 5969 @43.884s 3%: 0.14+0.46+0.17 ms clock, 2.2+0.57/0.80/0+2.7 ms cpu, 3->4->1 MB, 4 MB goal, 0 MB stacks, 0 MB globals, 16 P
gc 5970 @43.886s 3%: 0.12+0.58+0.12 ms clock, 2.0+0.65/0.89/0.039+1.9 ms cpu, 3->4->2 MB, 4 MB goal, 0 MB stacks, 0 MB globals, 16 P
gc 5971 @43.887s 3%: 0.13+0.46+0.061 ms clock, 2.1+0.65/0.68/0+0.98 ms cpu, 3->4->1 MB, 4 MB goal, 0 MB stacks, 0 MB globals, 16 P
gc 5972 @43.889s 3%: 0.12+0.49+0.075 ms clock, 1.9+0.54/0.88/0+1.2 ms cpu, 3->4->1 MB, 4 MB goal, 0 MB stacks, 0 MB globals, 16 P
gc 5973 @43.891s 3%: 0.12+0.65+0.10 ms clock, 2.0+0.69/0.93/0+1.6 ms cpu, 3->4->2 MB, 4 MB goal, 0 MB stacks, 0 MB globals, 16 P
gc 5974 @43.892s 3%: 0.11+0.72+0.11 ms clock, 1.8+0.63/0.76/0.042+1.8 ms cpu, 3->4->2 MB, 4 MB goal, 0 MB stacks, 0 MB globals, 16 P
gc 5975 @43.894s 3%: 0.18+0.55+0.11 ms clock, 2.9+0.58/0.84/0.004+1.8 ms cpu, 3->4->2 MB, 4 MB goal, 0 MB stacks, 0 MB globals, 16 P
gc 5976 @43.896s 3%: 0.099+0.55+0.14 ms clock, 1.5+0.63/0.80/0.033+2.3 ms cpu, 3->4->1 MB, 4 MB goal, 0 MB stacks, 0 MB globals, 16 P
gc 5977 @43.897s 3%: 0.13+0.48+0.078 ms clock, 2.1+0.42/0.88/0+1.2 ms cpu, 3->4->1 MB, 4 MB goal, 0 MB stacks, 0 MB globals, 16 P
gc 5978 @43.899s 3%: 0.13+0.61+0.11 ms clock, 2.1+0.56/0.79/0.001+1.8 ms cpu, 3->4->2 MB, 4 MB goal, 0 MB stacks, 0 MB globals, 16 P
gc 5979 @43.901s 3%: 0.13+0.67+0.094 ms clock, 2.1+0.60/0.94/0.033+1.5 ms cpu, 3->4->2 MB, 4 MB goal, 0 MB stacks, 0 MB globals, 16 P
gc 5980 @43.903s 3%: 0.10+0.50+0.15 ms clock, 1.7+0.55/0.76/0+2.4 ms cpu, 3->4->1 MB, 4 MB goal, 0 MB stacks, 0 MB globals, 16 P
gc 5981 @43.904s 3%: 0.22+0.62+0.099 ms clock, 3.5+0.59/0.78/0+1.5 ms cpu, 3->4->2 MB, 4 MB goal, 0 MB stacks, 0 MB globals, 16 P
gc 5982 @43.906s 3%: 0.14+0.50+0.14 ms clock, 2.3+0.65/0.73/0+2.3 ms cpu, 3->4->1 MB, 4 MB goal, 0 MB stacks, 0 MB globals, 16 P
gc 5983 @43.907s 3%: 0.15+0.76+0.083 ms clock, 2.5+0.56/0.86/0+1.3 ms cpu, 3->4->2 MB, 4 MB goal, 0 MB stacks, 0 MB globals, 16 P
gc 5984 @43.909s 3%: 0.12+0.54+0.10 ms clock, 1.9+0.49/0.88/0.010+1.7 ms cpu, 3->4->1 MB, 4 MB goal, 0 MB stacks, 0 MB globals, 16 P
gc 5985 @43.911s 3%: 0.18+0.42+0.17 ms clock, 2.9+0.66/0.75/0+2.7 ms cpu, 3->4->1 MB, 4 MB goal, 0 MB stacks, 0 MB globals, 16 P
gc 5986 @43.913s 3%: 0.11+0.57+0.14 ms clock, 1.8+0.66/0.80/0+2.3 ms cpu, 3->4->2 MB, 4 MB goal, 0 MB stacks, 0 MB globals, 16 P
gc 5987 @43.914s 3%: 0.15+0.70+0.089 ms clock, 2.4+0.59/0.88/0+1.4 ms cpu, 3->4->2 MB, 4 MB goal, 0 MB stacks, 0 MB globals, 16 P
gc 5988 @43.916s 3%: 0.13+0.61+0.16 ms clock, 2.1+0.60/0.79/0+2.5 ms cpu, 3->4->1 MB, 4 MB goal, 0 MB stacks, 0 MB globals, 16 P
gc 5989 @43.918s 3%: 0.11+0.49+0.14 ms clock, 1.8+0.59/0.87/0+2.2 ms cpu, 3->4->1 MB, 4 MB goal, 0 MB stacks, 0 MB globals, 16 P
gc 5990 @43.920s 3%: 0.12+0.47+0.12 ms clock, 2.0+0.56/0.86/0+1.9 ms cpu, 3->4->1 MB, 4 MB goal, 0 MB stacks, 0 MB globals, 16 P
gc 5991 @43.921s 3%: 0.15+0.55+0.11 ms clock, 2.5+0.68/0.93/0+1.7 ms cpu, 3->4->1 MB, 4 MB goal, 0 MB stacks, 0 MB globals, 16 P
gc 5992 @43.923s 3%: 0.17+0.48+0.096 ms clock, 2.7+0.67/0.72/0.035+1.5 ms cpu, 3->4->1 MB, 4 MB goal, 0 MB stacks, 0 MB globals, 16 P
gc 5993 @43.925s 3%: 0.14+0.54+0.14 ms clock, 2.3+0.56/0.86/0+2.2 ms cpu, 3->4->1 MB, 4 MB goal, 0 MB stacks, 0 MB globals, 16 P
gc 5994 @43.926s 3%: 0.12+0.44+0.088 ms clock, 1.9+0.57/0.79/0+1.4 ms cpu, 3->4->1 MB, 4 MB goal, 0 MB stacks, 0 MB globals, 16 P
gc 5995 @43.928s 3%: 0.10+0.49+0.11 ms clock, 1.7+0.54/0.95/0+1.8 ms cpu, 3->4->1 MB, 4 MB goal, 0 MB stacks, 0 MB globals, 16 P
gc 5996 @43.929s 3%: 0.12+0.61+0.062 ms clock, 2.0+0.56/0.77/0+1.0 ms cpu, 3->4->1 MB, 4 MB goal, 0 MB stacks, 0 MB globals, 16 P
gc 5997 @43.931s 3%: 0.12+0.54+0.089 ms clock, 1.9+0.74/0.74/0.016+1.4 ms cpu, 3->4->2 MB, 4 MB goal, 0 MB stacks, 0 MB globals, 16 P
gc 5998 @43.933s 3%: 0.14+0.42+0.12 ms clock, 2.2+0.67/0.68/0.001+1.9 ms cpu, 3->4->1 MB, 4 MB goal, 0 MB stacks, 0 MB globals, 16 P
gc 5999 @43.934s 3%: 0.13+0.66+0.082 ms clock, 2.1+0.57/0.82/0.049+1.3 ms cpu, 3->4->2 MB, 4 MB goal, 0 MB stacks, 0 MB globals, 16 P
gc 6000 @43.936s 3%: 0.14+0.67+0.079 ms clock, 2.3+0.63/0.92/0.007+1.2 ms cpu, 3->4->2 MB, 4 MB goal, 0 MB stacks, 0 MB globals, 16 P
gc 6001 @43.938s 3%: 0.11+0.47+0.13 ms clock, 1.8+0.53/0.80/0+2.2 ms cpu, 3->4->1 MB, 4 MB goal, 0 MB stacks, 0 MB globals, 16 P
gc 6002 @43.939s 3%: 0.18+0.73+0.099 ms clock, 3.0+0.64/1.0/0.001+1.5 ms cpu, 3->4->2 MB, 4 MB goal, 0 MB stacks, 0 MB globals, 16 P
gc 6003 @43.941s 3%: 0.10+0.58+0.10 ms clock, 1.6+0.50/0.80/0.026+1.7 ms cpu, 4->4->1 MB, 4 MB goal, 0 MB stacks, 0 MB globals, 16 P
gc 6004 @43.943s 3%: 0.083+0.46+0.12 ms clock, 1.3+0.66/0.79/0.087+2.0 ms cpu, 3->4->1 MB, 4 MB goal, 0 MB stacks, 0 MB globals, 16 P
gc 6005 @43.945s 3%: 0.13+0.62+0.10 ms clock, 2.1+0.61/0.84/0+1.6 ms cpu, 3->4->1 MB, 4 MB goal, 0 MB stacks, 0 MB globals, 16 P
gc 6006 @43.946s 3%: 0.10+0.60+0.079 ms clock, 1.7+0.72/0.77/0+1.2 ms cpu, 3->4->1 MB, 4 MB goal, 0 MB stacks, 0 MB globals, 16 P
gc 6007 @43.948s 3%: 0.12+0.49+0.13 ms clock, 2.0+0.44/0.81/0+2.1 ms cpu, 3->4->1 MB, 4 MB goal, 0 MB stacks, 0 MB globals, 16 P
gc 6008 @43.949s 3%: 0.11+0.56+0.16 ms clock, 1.8+0.67/0.84/0+2.6 ms cpu, 3->4->1 MB, 4 MB goal, 0 MB stacks, 0 MB globals, 16 P
gc 6009 @43.951s 3%: 0.12+0.71+0.10 ms clock, 1.9+0.58/0.78/0+1.7 ms cpu, 3->4->1 MB, 4 MB goal, 0 MB stacks, 0 MB globals, 16 P
gc 6010 @43.953s 3%: 0.10+0.84+0.082 ms clock, 1.7+0.44/0.81/0.002+1.3 ms cpu, 3->4->2 MB, 4 MB goal, 0 MB stacks, 0 MB globals, 16 P
gc 6011 @43.955s 3%: 0.16+0.54+0.18 ms clock, 2.6+0.70/0.81/0.016+2.9 ms cpu, 3->4->1 MB, 4 MB goal, 0 MB stacks, 0 MB globals, 16 P
gc 6012 @43.956s 3%: 0.13+0.64+0.099 ms clock, 2.1+0.52/0.89/0+1.5 ms cpu, 3->4->1 MB, 4 MB goal, 0 MB stacks, 0 MB globals, 16 P
gc 6013 @43.958s 3%: 0.12+0.57+0.14 ms clock, 1.9+0.65/0.84/0.044+2.3 ms cpu, 3->4->1 MB, 4 MB goal, 0 MB stacks, 0 MB globals, 16 P
gc 6014 @43.960s 3%: 0.10+0.73+0.060 ms clock, 1.6+0.59/0.81/0.023+0.96 ms cpu, 3->4->2 MB, 4 MB goal, 0 MB stacks, 0 MB globals, 16 P
gc 6015 @43.962s 3%: 0.13+0.48+0.11 ms clock, 2.1+0.51/0.89/0+1.8 ms cpu, 3->4->1 MB, 4 MB goal, 0 MB stacks, 0 MB globals, 16 P
gc 6016 @43.963s 3%: 0.18+0.64+0.096 ms clock, 2.9+0.58/0.79/0+1.5 ms cpu, 3->4->2 MB, 4 MB goal, 0 MB stacks, 0 MB globals, 16 P
gc 6017 @43.965s 3%: 0.11+0.55+0.15 ms clock, 1.8+0.62/0.84/0+2.4 ms cpu, 3->4->1 MB, 4 MB goal, 0 MB stacks, 0 MB globals, 16 P
gc 6018 @43.967s 3%: 0.11+0.52+0.095 ms clock, 1.9+0.45/0.79/0+1.5 ms cpu, 3->4->1 MB, 4 MB goal, 0 MB stacks, 0 MB globals, 16 P
gc 6019 @43.968s 3%: 0.10+0.68+0.090 ms clock, 1.6+0.71/0.81/0+1.4 ms cpu, 3->4->2 MB, 4 MB goal, 0 MB stacks, 0 MB globals, 16 P
gc 6020 @43.970s 3%: 0.14+0.62+0.14 ms clock, 2.3+0.58/0.94/0.003+2.3 ms cpu, 3->4->2 MB, 4 MB goal, 0 MB stacks, 0 MB globals, 16 P
gc 6021 @43.972s 3%: 0.20+0.50+0.10 ms clock, 3.2+0.60/0.83/0+1.6 ms cpu, 3->4->1 MB, 4 MB goal, 0 MB stacks, 0 MB globals, 16 P
gc 6022 @43.974s 3%: 0.15+0.46+0.11 ms clock, 2.4+0.56/0.90/0+1.7 ms cpu, 3->4->1 MB, 4 MB goal, 0 MB stacks, 0 MB globals, 16 P
gc 6023 @43.975s 3%: 0.094+0.56+0.11 ms clock, 1.5+0.51/0.72/0+1.8 ms cpu, 3->4->1 MB, 4 MB goal, 0 MB stacks, 0 MB globals, 16 P
gc 6024 @43.977s 3%: 0.13+0.55+0.096 ms clock, 2.0+0.69/0.73/0.016+1.5 ms cpu, 3->4->1 MB, 4 MB goal, 0 MB stacks, 0 MB globals, 16 P
gc 6025 @43.978s 3%: 0.10+0.54+0.071 ms clock, 1.6+0.55/0.80/0+1.1 ms cpu, 3->4->1 MB, 4 MB goal, 0 MB stacks, 0 MB globals, 16 P
gc 6026 @43.980s 3%: 0.11+0.54+0.10 ms clock, 1.8+0.52/0.88/0+1.6 ms cpu, 3->4->1 MB, 4 MB goal, 0 MB stacks, 0 MB globals, 16 P
gc 6027 @43.981s 3%: 0.12+0.64+0.11 ms clock, 1.9+0.60/0.77/0.006+1.7 ms cpu, 3->4->1 MB, 4 MB goal, 0 MB stacks, 0 MB globals, 16 P
gc 6028 @43.983s 3%: 0.12+0.54+0.13 ms clock, 2.0+0.61/0.86/0+2.2 ms cpu, 3->4->1 MB, 4 MB goal, 0 MB stacks, 0 MB globals, 16 P
gc 6029 @43.985s 3%: 0.11+0.52+0.13 ms clock, 1.7+0.62/0.70/0.019+2.1 ms cpu, 3->4->1 MB, 4 MB goal, 0 MB stacks, 0 MB globals, 16 P
gc 6030 @43.986s 3%: 0.11+0.54+0.073 ms clock, 1.7+0.63/0.79/0.004+1.1 ms cpu, 3->4->1 MB, 4 MB goal, 0 MB stacks, 0 MB globals, 16 P
gc 6031 @43.988s 3%: 0.11+0.65+0.11 ms clock, 1.8+0.55/0.80/0+1.8 ms cpu, 3->4->1 MB, 4 MB goal, 0 MB stacks, 0 MB globals, 16 P
gc 6032 @43.989s 3%: 0.14+0.63+0.10 ms clock, 2.3+0.59/1.0/0+1.7 ms cpu, 3->4->2 MB, 4 MB goal, 0 MB stacks, 0 MB globals, 16 P
gc 6033 @43.991s 3%: 0.15+0.57+0.16 ms clock, 2.4+0.55/0.84/0+2.6 ms cpu, 3->4->2 MB, 4 MB goal, 0 MB stacks, 0 MB globals, 16 P
gc 6034 @43.993s 3%: 0.10+0.50+0.12 ms clock, 1.7+0.49/0.80/0+2.0 ms cpu, 3->4->1 MB, 4 MB goal, 0 MB stacks, 0 MB globals, 16 P
gc 6035 @43.995s 3%: 0.12+0.70+0.060 ms clock, 2.0+0.68/0.88/0.006+0.97 ms cpu, 3->4->2 MB, 4 MB goal, 0 MB stacks, 0 MB globals, 16 P
gc 6036 @43.996s 3%: 0.13+0.50+0.13 ms clock, 2.2+0.58/0.84/0+2.0 ms cpu, 3->4->1 MB, 4 MB goal, 0 MB stacks, 0 MB globals, 16 P
gc 6037 @43.998s 3%: 0.14+0.60+0.14 ms clock, 2.2+0.54/0.86/0.031+2.3 ms cpu, 3->4->2 MB, 4 MB goal, 0 MB stacks, 0 MB globals, 16 P
gc 6038 @44.000s 3%: 0.098+0.47+0.15 ms clock, 1.5+0.55/0.70/0+2.5 ms cpu, 3->4->1 MB, 4 MB goal, 0 MB stacks, 0 MB globals, 16 P
gc 6039 @44.001s 3%: 0.14+0.57+0.13 ms clock, 2.2+0.48/0.80/0+2.2 ms cpu, 3->4->1 MB, 4 MB goal, 0 MB stacks, 0 MB globals, 16 P
gc 6040 @44.003s 3%: 0.12+0.67+0.13 ms clock, 2.0+0.72/0.95/0.024+2.1 ms cpu, 3->4->2 MB, 4 MB goal, 0 MB stacks, 0 MB globals, 16 P
gc 6041 @44.005s 3%: 0.11+0.75+0.087 ms clock, 1.9+0.67/0.91/0.015+1.3 ms cpu, 3->4->2 MB, 4 MB goal, 0 MB stacks, 0 MB globals, 16 P
gc 6042 @44.007s 3%: 0.12+0.61+0.12 ms clock, 2.0+0.64/0.88/0+1.9 ms cpu, 3->4->2 MB, 4 MB goal, 0 MB stacks, 0 MB globals, 16 P
gc 6043 @44.009s 3%: 0.12+0.73+0.11 ms clock, 2.0+0.80/0.88/0+1.8 ms cpu, 3->4->2 MB, 4 MB goal, 0 MB stacks, 0 MB globals, 16 P
gc 6044 @44.011s 3%: 0.14+0.66+0.12 ms clock, 2.3+0.61/0.83/0+1.9 ms cpu, 3->4->2 MB, 4 MB goal, 0 MB stacks, 0 MB globals, 16 P
gc 6045 @44.012s 3%: 0.24+0.74+0.10 ms clock, 3.8+0.57/0.93/0.004+1.6 ms cpu, 3->4->2 MB, 4 MB goal, 0 MB stacks, 0 MB globals, 16 P
gc 6046 @44.014s 3%: 0.11+0.76+0.094 ms clock, 1.8+0.64/0.84/0.048+1.5 ms cpu, 3->4->2 MB, 4 MB goal, 0 MB stacks, 0 MB globals, 16 P
gc 6047 @44.016s 3%: 0.13+0.66+0.082 ms clock, 2.0+0.57/0.90/0+1.3 ms cpu, 3->4->2 MB, 4 MB goal, 0 MB stacks, 0 MB globals, 16 P
gc 6048 @44.018s 3%: 0.10+0.43+0.17 ms clock, 1.6+0.61/0.71/0.050+2.8 ms cpu, 3->4->1 MB, 4 MB goal, 0 MB stacks, 0 MB globals, 16 P
gc 6049 @44.020s 3%: 0.20+0.46+0.18 ms clock, 3.3+0.66/0.80/0+2.9 ms cpu, 3->4->1 MB, 4 MB goal, 0 MB stacks, 0 MB globals, 16 P
gc 6050 @44.021s 3%: 0.11+0.44+0.10 ms clock, 1.7+0.55/0.80/0+1.6 ms cpu, 3->4->1 MB, 4 MB goal, 0 MB stacks, 0 MB globals, 16 P
gc 6051 @44.023s 3%: 0.11+0.44+0.17 ms clock, 1.8+0.53/0.84/0.002+2.7 ms cpu, 3->3->1 MB, 4 MB goal, 0 MB stacks, 0 MB globals, 16 P
gc 6052 @44.024s 3%: 0.15+0.81+0.083 ms clock, 2.4+0.59/0.95/0.018+1.3 ms cpu, 3->4->2 MB, 4 MB goal, 0 MB stacks, 0 MB globals, 16 P
gc 6053 @44.026s 3%: 0.12+0.52+0.065 ms clock, 1.9+0.67/0.75/0.036+1.0 ms cpu, 3->4->1 MB, 4 MB goal, 0 MB stacks, 0 MB globals, 16 P
gc 6054 @44.027s 3%: 0.21+0.60+0.095 ms clock, 3.3+0.62/0.91/0+1.5 ms cpu, 3->4->2 MB, 4 MB goal, 0 MB stacks, 0 MB globals, 16 P
gc 6055 @44.029s 3%: 0.14+0.58+0.079 ms clock, 2.2+0.55/0.80/0+1.2 ms cpu, 3->4->2 MB, 4 MB goal, 0 MB stacks, 0 MB globals, 16 P
gc 6056 @44.031s 3%: 0.11+0.48+0.12 ms clock, 1.8+0.67/0.88/0+1.9 ms cpu, 3->4->1 MB, 4 MB goal, 0 MB stacks, 0 MB globals, 16 P
gc 6057 @44.033s 3%: 0.15+0.50+0.14 ms clock, 2.4+0.73/0.79/0.002+2.3 ms cpu, 3->4->1 MB, 4 MB goal, 0 MB stacks, 0 MB globals, 16 P
gc 6058 @44.034s 3%: 0.12+0.62+0.10 ms clock, 2.0+0.62/0.78/0+1.6 ms cpu, 3->4->2 MB, 4 MB goal, 0 MB stacks, 0 MB globals, 16 P
gc 6059 @44.036s 3%: 0.11+0.52+0.10 ms clock, 1.9+0.56/0.87/0+1.7 ms cpu, 3->4->1 MB, 4 MB goal, 0 MB stacks, 0 MB globals, 16 P
gc 6060 @44.038s 3%: 0.10+0.55+0.059 ms clock, 1.6+0.61/0.70/0+0.94 ms cpu, 3->4->1 MB, 4 MB goal, 0 MB stacks, 0 MB globals, 16 P
gc 6061 @44.039s 3%: 0.10+0.62+0.11 ms clock, 1.7+0.62/0.91/0+1.8 ms cpu, 3->4->1 MB, 4 MB goal, 0 MB stacks, 0 MB globals, 16 P
gc 6062 @44.041s 3%: 0.16+0.58+0.13 ms clock, 2.6+0.78/0.85/0+2.1 ms cpu, 3->4->2 MB, 4 MB goal, 0 MB stacks, 0 MB globals, 16 P
gc 6063 @44.043s 3%: 0.11+0.60+0.14 ms clock, 1.8+0.65/0.91/0+2.3 ms cpu, 3->4->2 MB, 4 MB goal, 0 MB stacks, 0 MB globals, 16 P
gc 6064 @44.045s 3%: 0.10+0.55+0.19 ms clock, 1.6+0.57/0.85/0+3.1 ms cpu, 3->4->1 MB, 4 MB goal, 0 MB stacks, 0 MB globals, 16 P
gc 6065 @44.046s 3%: 0.11+0.58+0.10 ms clock, 1.8+0.69/0.82/0.001+1.6 ms cpu, 3->4->1 MB, 4 MB goal, 0 MB stacks, 0 MB globals, 16 P
gc 6066 @44.048s 3%: 0.15+0.45+0.11 ms clock, 2.5+0.64/0.85/0.005+1.8 ms cpu, 3->4->1 MB, 4 MB goal, 0 MB stacks, 0 MB globals, 16 P
gc 6067 @44.049s 3%: 0.11+0.64+0.084 ms clock, 1.8+0.58/0.88/0.012+1.3 ms cpu, 3->4->1 MB, 4 MB goal, 0 MB stacks, 0 MB globals, 16 P
gc 6068 @44.051s 3%: 0.14+0.59+0.11 ms clock, 2.3+0.53/0.78/0+1.8 ms cpu, 3->4->1 MB, 4 MB goal, 0 MB stacks, 0 MB globals, 16 P
gc 6069 @44.053s 3%: 0.11+0.45+0.10 ms clock, 1.8+0.54/0.74/0+1.7 ms cpu, 3->4->1 MB, 4 MB goal, 0 MB stacks, 0 MB globals, 16 P
gc 6070 @44.054s 3%: 0.14+0.57+0.085 ms clock, 2.2+0.58/0.76/0+1.3 ms cpu, 3->4->2 MB, 4 MB goal, 0 MB stacks, 0 MB globals, 16 P
gc 6071 @44.056s 3%: 0.11+0.89+0.073 ms clock, 1.9+0.59/0.92/0.011+1.1 ms cpu, 3->4->2 MB, 4 MB goal, 0 MB stacks, 0 MB globals, 16 P
gc 6072 @44.058s 3%: 0.14+0.67+0.13 ms clock, 2.3+0.67/0.78/0.015+2.1 ms cpu, 3->4->2 MB, 4 MB goal, 0 MB stacks, 0 MB globals, 16 P
gc 6073 @44.060s 3%: 0.10+0.53+0.13 ms clock, 1.6+0.49/0.94/0+2.1 ms cpu, 3->4->1 MB, 4 MB goal, 0 MB stacks, 0 MB globals, 16 P
gc 6074 @44.061s 3%: 0.16+0.58+0.10 ms clock, 2.7+0.63/0.91/0+1.6 ms cpu, 3->4->2 MB, 4 MB goal, 0 MB stacks, 0 MB globals, 16 P
gc 6075 @44.063s 3%: 0.13+0.46+0.12 ms clock, 2.2+0.66/0.74/0+2.0 ms cpu, 3->4->1 MB, 4 MB goal, 0 MB stacks, 0 MB globals, 16 P
gc 6076 @44.065s 3%: 0.15+0.66+0.11 ms clock, 2.4+0.58/0.78/0+1.8 ms cpu, 3->4->2 MB, 4 MB goal, 0 MB stacks, 0 MB globals, 16 P
gc 6077 @44.066s 3%: 0.11+0.52+0.11 ms clock, 1.9+0.49/0.79/0.058+1.8 ms cpu, 3->4->1 MB, 4 MB goal, 0 MB stacks, 0 MB globals, 16 P
gc 6078 @44.068s 3%: 0.10+0.53+0.18 ms clock, 1.7+0.55/0.80/0+3.0 ms cpu, 3->4->1 MB, 4 MB goal, 0 MB stacks, 0 MB globals, 16 P
gc 6079 @44.070s 3%: 0.15+0.48+0.10 ms clock, 2.5+0.72/0.83/0.004+1.7 ms cpu, 3->4->1 MB, 4 MB goal, 0 MB stacks, 0 MB globals, 16 P
gc 6080 @44.071s 3%: 0.16+0.45+0.10 ms clock, 2.5+0.50/0.72/0.11+1.7 ms cpu, 3->4->1 MB, 4 MB goal, 0 MB stacks, 0 MB globals, 16 P
gc 6081 @44.073s 3%: 0.10+0.61+0.12 ms clock, 1.7+0.55/0.72/0.026+1.9 ms cpu, 3->4->1 MB, 4 MB goal, 0 MB stacks, 0 MB globals, 16 P
gc 6082 @44.074s 3%: 0.17+0.49+0.15 ms clock, 2.7+0.69/0.72/0+2.4 ms cpu, 3->4->1 MB, 4 MB goal, 0 MB stacks, 0 MB globals, 16 P
gc 6083 @44.076s 3%: 0.10+0.75+0.094 ms clock, 1.7+0.52/0.96/0.036+1.5 ms cpu, 3->4->2 MB, 4 MB goal, 0 MB stacks, 0 MB globals, 16 P
gc 6084 @44.078s 3%: 0.12+0.56+0.087 ms clock, 2.0+0.61/0.83/0.009+1.3 ms cpu, 3->4->1 MB, 4 MB goal, 0 MB stacks, 0 MB globals, 16 P
gc 6085 @44.079s 3%: 0.11+0.74+0.15 ms clock, 1.8+0.53/0.91/0.027+2.5 ms cpu, 3->4->2 MB, 4 MB goal, 0 MB stacks, 0 MB globals, 16 P
gc 6086 @44.081s 3%: 0.13+0.49+0.15 ms clock, 2.1+0.44/0.88/0+2.4 ms cpu, 3->4->1 MB, 4 MB goal, 0 MB stacks, 0 MB globals, 16 P
gc 6087 @44.083s 3%: 0.10+0.54+0.065 ms clock, 1.6+0.47/0.84/0+1.0 ms cpu, 3->4->1 MB, 4 MB goal, 0 MB stacks, 0 MB globals, 16 P
gc 6088 @44.084s 3%: 0.13+0.61+0.098 ms clock, 2.2+0.58/0.99/0+1.5 ms cpu, 3->4->2 MB, 4 MB goal, 0 MB stacks, 0 MB globals, 16 P
gc 6089 @44.086s 3%: 0.13+0.62+0.085 ms clock, 2.1+0.74/0.77/0+1.3 ms cpu, 3->4->2 MB, 4 MB goal, 0 MB stacks, 0 MB globals, 16 P
gc 6090 @44.088s 3%: 0.11+0.59+0.080 ms clock, 1.8+0.51/0.81/0+1.2 ms cpu, 3->4->1 MB, 4 MB goal, 0 MB stacks, 0 MB globals, 16 P
gc 6091 @44.090s 3%: 0.14+0.52+0.15 ms clock, 2.2+0.60/0.91/0.018+2.4 ms cpu, 3->4->2 MB, 4 MB goal, 0 MB stacks, 0 MB globals, 16 P
gc 6092 @44.091s 3%: 0.098+0.54+0.091 ms clock, 1.5+0.42/0.99/0+1.4 ms cpu, 3->4->1 MB, 4 MB goal, 0 MB stacks, 0 MB globals, 16 P
gc 6093 @44.093s 3%: 0.16+0.73+0.083 ms clock, 2.6+0.58/0.83/0+1.3 ms cpu, 3->4->2 MB, 4 MB goal, 0 MB stacks, 0 MB globals, 16 P
gc 6094 @44.095s 3%: 0.12+0.46+0.17 ms clock, 1.9+0.47/0.83/0.003+2.7 ms cpu, 3->4->1 MB, 4 MB goal, 0 MB stacks, 0 MB globals, 16 P
gc 6095 @44.096s 3%: 0.17+0.72+0.088 ms clock, 2.7+0.72/0.83/0+1.4 ms cpu, 3->4->2 MB, 4 MB goal, 0 MB stacks, 0 MB globals, 16 P
gc 6096 @44.098s 3%: 0.15+0.42+0.15 ms clock, 2.5+0.63/0.72/0+2.4 ms cpu, 3->4->1 MB, 4 MB goal, 0 MB stacks, 0 MB globals, 16 P
gc 6097 @44.099s 3%: 0.10+0.53+0.12 ms clock, 1.6+0.60/0.87/0.026+1.9 ms cpu, 3->4->1 MB, 4 MB goal, 0 MB stacks, 0 MB globals, 16 P
gc 6098 @44.101s 3%: 0.10+0.63+0.10 ms clock, 1.6+0.62/0.82/0.003+1.6 ms cpu, 3->4->1 MB, 4 MB goal, 0 MB stacks, 0 MB globals, 16 P
gc 6099 @44.102s 3%: 0.10+0.52+0.15 ms clock, 1.7+0.42/0.83/0+2.4 ms cpu, 3->4->1 MB, 4 MB goal, 0 MB stacks, 0 MB globals, 16 P
gc 6100 @44.104s 3%: 0.16+0.67+0.10 ms clock, 2.6+0.52/0.97/0+1.6 ms cpu, 3->4->2 MB, 4 MB goal, 0 MB stacks, 0 MB globals, 16 P
gc 6101 @44.106s 3%: 0.10+0.63+0.080 ms clock, 1.7+0.56/0.77/0.016+1.2 ms cpu, 3->4->2 MB, 4 MB goal, 0 MB stacks, 0 MB globals, 16 P
gc 6102 @44.108s 3%: 0.14+0.75+0.079 ms clock, 2.2+0.54/0.82/0.015+1.2 ms cpu, 3->4->2 MB, 4 MB goal, 0 MB stacks, 0 MB globals, 16 P
gc 6103 @44.109s 3%: 0.14+0.55+0.099 ms clock, 2.2+0.68/0.74/0+1.5 ms cpu, 3->4->2 MB, 4 MB goal, 0 MB stacks, 0 MB globals, 16 P
gc 6104 @44.111s 3%: 0.12+0.56+0.10 ms clock, 1.9+0.51/0.87/0+1.6 ms cpu, 3->4->1 MB, 4 MB goal, 0 MB stacks, 0 MB globals, 16 P
gc 6105 @44.113s 3%: 0.14+0.70+0.053 ms clock, 2.2+0.69/0.91/0+0.85 ms cpu, 3->4->2 MB, 4 MB goal, 0 MB stacks, 0 MB globals, 16 P
gc 6106 @44.115s 3%: 0.15+0.44+0.18 ms clock, 2.5+0.61/0.74/0+2.9 ms cpu, 3->4->1 MB, 4 MB goal, 0 MB stacks, 0 MB globals, 16 P
gc 6107 @44.116s 3%: 0.11+0.65+0.10 ms clock, 1.8+0.54/0.86/0+1.6 ms cpu, 3->4->2 MB, 4 MB goal, 0 MB stacks, 0 MB globals, 16 P
gc 6108 @44.118s 3%: 0.13+0.63+0.10 ms clock, 2.1+0.59/0.80/0+1.7 ms cpu, 3->4->2 MB, 4 MB goal, 0 MB stacks, 0 MB globals, 16 P
gc 6109 @44.120s 3%: 0.15+0.50+0.079 ms clock, 2.5+0.54/0.86/0+1.2 ms cpu, 3->4->1 MB, 4 MB goal, 0 MB stacks, 0 MB globals, 16 P
gc 6110 @44.122s 3%: 0.14+0.73+0.099 ms clock, 2.2+0.68/0.95/0+1.5 ms cpu, 3->4->2 MB, 4 MB goal, 0 MB stacks, 0 MB globals, 16 P
gc 6111 @44.124s 3%: 0.13+0.57+0.12 ms clock, 2.1+0.51/0.96/0.012+2.0 ms cpu, 3->4->2 MB, 4 MB goal, 0 MB stacks, 0 MB globals, 16 P
gc 6112 @44.125s 3%: 0.16+0.94+0.098 ms clock, 2.7+0.59/0.97/0.049+1.5 ms cpu, 3->4->2 MB, 4 MB goal, 0 MB stacks, 0 MB globals, 16 P
gc 6113 @44.128s 3%: 0.12+0.54+0.073 ms clock, 1.9+0.54/0.82/0+1.1 ms cpu, 4->5->1 MB, 5 MB goal, 0 MB stacks, 0 MB globals, 16 P
gc 6114 @44.129s 3%: 0.091+0.54+0.10 ms clock, 1.4+0.51/0.80/0.038+1.7 ms cpu, 3->4->1 MB, 4 MB goal, 0 MB stacks, 0 MB globals, 16 P
gc 6115 @44.131s 3%: 0.15+0.48+0.14 ms clock, 2.4+0.53/0.90/0+2.3 ms cpu, 3->4->1 MB, 4 MB goal, 0 MB stacks, 0 MB globals, 16 P
gc 6116 @44.133s 3%: 0.14+0.53+0.13 ms clock, 2.2+0.77/0.76/0+2.2 ms cpu, 3->4->1 MB, 4 MB goal, 0 MB stacks, 0 MB globals, 16 P
gc 6117 @44.134s 3%: 0.10+0.48+0.13 ms clock, 1.6+0.67/0.74/0.037+2.1 ms cpu, 3->4->1 MB, 4 MB goal, 0 MB stacks, 0 MB globals, 16 P
gc 6118 @44.136s 3%: 0.10+0.62+0.087 ms clock, 1.6+0.62/0.84/0+1.4 ms cpu, 3->4->1 MB, 4 MB goal, 0 MB stacks, 0 MB globals, 16 P
gc 6119 @44.138s 3%: 0.15+0.37+0.15 ms clock, 2.4+0.70/0.67/0+2.4 ms cpu, 3->4->1 MB, 4 MB goal, 0 MB stacks, 0 MB globals, 16 P
gc 6120 @44.139s 3%: 0.082+0.51+0.18 ms clock, 1.3+0.50/0.83/0+2.9 ms cpu, 3->4->1 MB, 4 MB goal, 0 MB stacks, 0 MB globals, 16 P
gc 6121 @44.141s 3%: 0.087+0.53+0.093 ms clock, 1.3+0.42/0.90/0+1.4 ms cpu, 3->4->1 MB, 4 MB goal, 0 MB stacks, 0 MB globals, 16 P
gc 6122 @44.142s 3%: 0.10+0.56+0.10 ms clock, 1.7+0.48/0.89/0+1.6 ms cpu, 3->4->1 MB, 4 MB goal, 0 MB stacks, 0 MB globals, 16 P
gc 6123 @44.144s 3%: 0.15+0.64+0.13 ms clock, 2.5+0.64/0.83/0.090+2.1 ms cpu, 3->4->2 MB, 4 MB goal, 0 MB stacks, 0 MB globals, 16 P
gc 6124 @44.146s 3%: 0.10+0.50+0.13 ms clock, 1.7+0.62/0.85/0+2.1 ms cpu, 3->4->1 MB, 4 MB goal, 0 MB stacks, 0 MB globals, 16 P
gc 6125 @44.147s 3%: 0.13+0.61+0.076 ms clock, 2.2+0.69/0.79/0+1.2 ms cpu, 3->4->2 MB, 4 MB goal, 0 MB stacks, 0 MB globals, 16 P
gc 6126 @44.149s 3%: 0.11+0.59+0.12 ms clock, 1.7+0.64/0.77/0+1.9 ms cpu, 3->4->2 MB, 4 MB goal, 0 MB stacks, 0 MB globals, 16 P
gc 6127 @44.151s 3%: 0.12+0.61+0.15 ms clock, 1.9+0.55/0.68/0.021+2.4 ms cpu, 3->4->1 MB, 4 MB goal, 0 MB stacks, 0 MB globals, 16 P
gc 6128 @44.152s 3%: 0.18+0.44+0.17 ms clock, 3.0+0.67/0.76/0.035+2.7 ms cpu, 3->4->1 MB, 4 MB goal, 0 MB stacks, 0 MB globals, 16 P
gc 6129 @44.154s 3%: 0.15+0.58+0.082 ms clock, 2.4+0.61/0.92/0+1.3 ms cpu, 3->4->2 MB, 4 MB goal, 0 MB stacks, 0 MB globals, 16 P
gc 6130 @44.156s 3%: 0.10+0.73+0.065 ms clock, 1.7+0.53/0.86/0.029+1.0 ms cpu, 3->4->2 MB, 4 MB goal, 0 MB stacks, 0 MB globals, 16 P
gc 6131 @44.158s 3%: 0.18+0.57+0.095 ms clock, 2.9+0.55/0.91/0.001+1.5 ms cpu, 3->4->2 MB, 4 MB goal, 0 MB stacks, 0 MB globals, 16 P
gc 6132 @44.159s 3%: 0.087+0.67+0.10 ms clock, 1.4+0.54/1.0/0.006+1.6 ms cpu, 3->4->2 MB, 4 MB goal, 0 MB stacks, 0 MB globals, 16 P
gc 6133 @44.161s 3%: 0.14+1.0+0.14 ms clock, 2.3+0.62/0.80/0+2.3 ms cpu, 3->5->2 MB, 4 MB goal, 0 MB stacks, 0 MB globals, 16 P
gc 6134 @44.164s 3%: 0.11+0.67+0.096 ms clock, 1.8+0.62/0.82/0+1.5 ms cpu, 4->5->2 MB, 5 MB goal, 0 MB stacks, 0 MB globals, 16 P
gc 6135 @44.166s 3%: 0.12+0.71+0.077 ms clock, 1.9+0.56/0.81/0+1.2 ms cpu, 3->4->2 MB, 4 MB goal, 0 MB stacks, 0 MB globals, 16 P
gc 6136 @44.168s 3%: 0.14+0.65+0.10 ms clock, 2.3+0.63/0.87/0+1.7 ms cpu, 3->4->2 MB, 4 MB goal, 0 MB stacks, 0 MB globals, 16 P
gc 6137 @44.169s 3%: 0.15+0.62+0.14 ms clock, 2.4+0.66/0.70/0+2.3 ms cpu, 3->4->2 MB, 4 MB goal, 0 MB stacks, 0 MB globals, 16 P
gc 6138 @44.171s 3%: 0.11+0.62+0.12 ms clock, 1.8+0.55/0.88/0.019+2.0 ms cpu, 3->4->2 MB, 4 MB goal, 0 MB stacks, 0 MB globals, 16 P
gc 6139 @44.173s 3%: 0.12+0.52+0.095 ms clock, 1.9+0.42/0.84/0+1.5 ms cpu, 3->4->1 MB, 4 MB goal, 0 MB stacks, 0 MB globals, 16 P
gc 6140 @44.175s 3%: 0.096+0.56+0.16 ms clock, 1.5+0.56/0.87/0+2.5 ms cpu, 3->4->2 MB, 4 MB goal, 0 MB stacks, 0 MB globals, 16 P
gc 6141 @44.176s 3%: 0.16+0.50+0.10 ms clock, 2.6+0.50/0.79/0+1.6 ms cpu, 3->4->1 MB, 4 MB goal, 0 MB stacks, 0 MB globals, 16 P
gc 6142 @44.178s 3%: 0.13+0.62+0.11 ms clock, 2.2+0.70/0.87/0+1.8 ms cpu, 3->4->2 MB, 4 MB goal, 0 MB stacks, 0 MB globals, 16 P
gc 6143 @44.180s 3%: 0.13+0.63+0.19 ms clock, 2.2+0.63/0.80/0+3.1 ms cpu, 3->4->2 MB, 4 MB goal, 0 MB stacks, 0 MB globals, 16 P
gc 6144 @44.181s 3%: 0.15+0.54+0.12 ms clock, 2.4+0.60/0.88/0+1.9 ms cpu, 3->4->1 MB, 4 MB goal, 0 MB stacks, 0 MB globals, 16 P
gc 6145 @44.183s 3%: 0.10+0.63+0.12 ms clock, 1.7+0.68/0.90/0.010+2.0 ms cpu, 3->4->2 MB, 4 MB goal, 0 MB stacks, 0 MB globals, 16 P
gc 6146 @44.185s 3%: 0.087+0.80+0.11 ms clock, 1.4+0.52/0.86/0.084+1.8 ms cpu, 3->4->2 MB, 4 MB goal, 0 MB stacks, 0 MB globals, 16 P
gc 6147 @44.187s 3%: 0.10+0.63+0.083 ms clock, 1.6+0.44/0.96/0+1.3 ms cpu, 3->4->2 MB, 4 MB goal, 0 MB stacks, 0 MB globals, 16 P
gc 6148 @44.189s 3%: 0.11+0.78+0.097 ms clock, 1.8+0.54/0.95/0.004+1.5 ms cpu, 3->4->2 MB, 4 MB goal, 0 MB stacks, 0 MB globals, 16 P
gc 6149 @44.191s 3%: 0.10+0.63+0.094 ms clock, 1.6+0.51/0.74/0.075+1.5 ms cpu, 4->4->2 MB, 4 MB goal, 0 MB stacks, 0 MB globals, 16 P
gc 6150 @44.192s 3%: 0.11+0.56+0.12 ms clock, 1.8+0.71/0.95/0+2.0 ms cpu, 3->4->1 MB, 4 MB goal, 0 MB stacks, 0 MB globals, 16 P
gc 6151 @44.194s 3%: 0.12+0.80+0.087 ms clock, 1.9+0.55/0.81/0.022+1.3 ms cpu, 3->4->2 MB, 4 MB goal, 0 MB stacks, 0 MB globals, 16 P
gc 6152 @44.196s 3%: 0.10+0.51+0.10 ms clock, 1.7+0.71/0.75/0+1.7 ms cpu, 3->4->1 MB, 4 MB goal, 0 MB stacks, 0 MB globals, 16 P
gc 6153 @44.197s 3%: 0.10+0.53+0.095 ms clock, 1.7+0.47/0.92/0+1.5 ms cpu, 3->4->1 MB, 4 MB goal, 0 MB stacks, 0 MB globals, 16 P
gc 6154 @44.199s 3%: 0.12+0.62+0.093 ms clock, 1.9+0.70/0.77/0.003+1.4 ms cpu, 3->4->2 MB, 4 MB goal, 0 MB stacks, 0 MB globals, 16 P
gc 6155 @44.201s 3%: 0.12+0.51+0.088 ms clock, 1.9+0.48/0.94/0+1.4 ms cpu, 3->4->1 MB, 4 MB goal, 0 MB stacks, 0 MB globals, 16 P
gc 6156 @44.202s 3%: 0.10+0.63+0.10 ms clock, 1.7+0.58/0.76/0+1.6 ms cpu, 3->4->1 MB, 4 MB goal, 0 MB stacks, 0 MB globals, 16 P
gc 6157 @44.204s 3%: 0.12+0.52+0.096 ms clock, 1.9+0.51/0.89/0+1.5 ms cpu, 3->4->1 MB, 4 MB goal, 0 MB stacks, 0 MB globals, 16 P
gc 6158 @44.206s 3%: 0.13+0.72+0.096 ms clock, 2.2+0.65/0.86/0+1.5 ms cpu, 3->4->2 MB, 4 MB goal, 0 MB stacks, 0 MB globals, 16 P
gc 6159 @44.207s 3%: 0.13+0.49+0.12 ms clock, 2.1+0.53/0.76/0.085+1.9 ms cpu, 3->4->1 MB, 4 MB goal, 0 MB stacks, 0 MB globals, 16 P
gc 6160 @44.209s 3%: 0.12+0.53+0.099 ms clock, 1.9+0.62/0.95/0+1.5 ms cpu, 3->4->1 MB, 4 MB goal, 0 MB stacks, 0 MB globals, 16 P
gc 6161 @44.210s 3%: 0.12+0.62+0.15 ms clock, 1.9+0.59/0.72/0.006+2.5 ms cpu, 3->4->2 MB, 4 MB goal, 0 MB stacks, 0 MB globals, 16 P
gc 6162 @44.212s 3%: 0.11+0.80+0.10 ms clock, 1.8+0.48/0.93/0+1.7 ms cpu, 3->4->2 MB, 4 MB goal, 0 MB stacks, 0 MB globals, 16 P
gc 6163 @44.214s 3%: 0.10+0.58+0.065 ms clock, 1.6+0.53/0.87/0+1.0 ms cpu, 3->4->1 MB, 4 MB goal, 0 MB stacks, 0 MB globals, 16 P
gc 6164 @44.216s 3%: 0.12+0.56+0.18 ms clock, 1.9+0.67/0.91/0+2.9 ms cpu, 3->4->2 MB, 4 MB goal, 0 MB stacks, 0 MB globals, 16 P
gc 6165 @44.218s 3%: 0.10+0.49+0.12 ms clock, 1.6+0.54/0.78/0.002+2.0 ms cpu, 3->4->1 MB, 4 MB goal, 0 MB stacks, 0 MB globals, 16 P
gc 6166 @44.219s 3%: 0.11+0.56+0.11 ms clock, 1.8+0.51/0.69/0.059+1.7 ms cpu, 3->4->1 MB, 4 MB goal, 0 MB stacks, 0 MB globals, 16 P
gc 6167 @44.221s 3%: 0.11+0.54+0.12 ms clock, 1.7+0.57/0.72/0+1.9 ms cpu, 3->4->1 MB, 4 MB goal, 0 MB stacks, 0 MB globals, 16 P
gc 6168 @44.222s 3%: 0.092+0.61+0.073 ms clock, 1.4+0.54/0.89/0.003+1.1 ms cpu, 3->4->1 MB, 4 MB goal, 0 MB stacks, 0 MB globals, 16 P
gc 6169 @44.224s 3%: 0.18+0.74+0.081 ms clock, 2.9+0.65/0.80/0.002+1.3 ms cpu, 3->4->2 MB, 4 MB goal, 0 MB stacks, 0 MB globals, 16 P
gc 6170 @44.226s 3%: 0.11+0.53+0.099 ms clock, 1.8+0.62/0.92/0+1.5 ms cpu, 3->4->1 MB, 4 MB goal, 0 MB stacks, 0 MB globals, 16 P
gc 6171 @44.227s 3%: 0.10+0.60+0.085 ms clock, 1.6+0.57/0.88/0+1.3 ms cpu, 3->4->1 MB, 4 MB goal, 0 MB stacks, 0 MB globals, 16 P
gc 6172 @44.229s 3%: 0.12+0.57+0.16 ms clock, 2.0+0.56/0.86/0+2.6 ms cpu, 3->4->2 MB, 4 MB goal, 0 MB stacks, 0 MB globals, 16 P
gc 6173 @44.231s 3%: 0.11+0.72+0.11 ms clock, 1.8+0.55/0.74/0.012+1.8 ms cpu, 3->4->2 MB, 4 MB goal, 0 MB stacks, 0 MB globals, 16 P
gc 6174 @44.232s 3%: 0.13+0.45+0.17 ms clock, 2.1+0.76/0.68/0+2.7 ms cpu, 3->4->1 MB, 4 MB goal, 0 MB stacks, 0 MB globals, 16 P
gc 6175 @44.234s 3%: 0.14+0.60+0.10 ms clock, 2.3+0.70/0.78/0+1.7 ms cpu, 3->4->2 MB, 4 MB goal, 0 MB stacks, 0 MB globals, 16 P
gc 6176 @44.236s 3%: 0.14+0.62+0.10 ms clock, 2.3+0.78/0.73/0.037+1.6 ms cpu, 3->4->2 MB, 4 MB goal, 0 MB stacks, 0 MB globals, 16 P
gc 6177 @44.238s 3%: 0.10+0.65+0.094 ms clock, 1.7+0.47/0.92/0.058+1.5 ms cpu, 3->4->2 MB, 4 MB goal, 0 MB stacks, 0 MB globals, 16 P
gc 6178 @44.239s 3%: 0.14+0.65+0.079 ms clock, 2.2+0.51/0.93/0.058+1.2 ms cpu, 3->4->2 MB, 4 MB goal, 0 MB stacks, 0 MB globals, 16 P
gc 6179 @44.241s 3%: 0.12+0.53+0.12 ms clock, 1.9+0.65/0.74/0+1.9 ms cpu, 3->4->1 MB, 4 MB goal, 0 MB stacks, 0 MB globals, 16 P
gc 6180 @44.243s 3%: 0.16+0.61+0.080 ms clock, 2.6+0.48/0.62/0.11+1.2 ms cpu, 3->4->1 MB, 4 MB goal, 0 MB stacks, 0 MB globals, 16 P
gc 6181 @44.244s 3%: 0.21+0.72+0.11 ms clock, 3.4+0.56/0.92/0.052+1.7 ms cpu, 3->4->2 MB, 4 MB goal, 0 MB stacks, 0 MB globals, 16 P
gc 6182 @44.246s 3%: 0.16+0.62+0.093 ms clock, 2.6+0.60/0.78/0.029+1.4 ms cpu, 4->5->2 MB, 4 MB goal, 0 MB stacks, 0 MB globals, 16 P
gc 6183 @44.248s 3%: 0.11+0.66+0.10 ms clock, 1.8+0.42/0.91/0+1.6 ms cpu, 3->4->2 MB, 4 MB goal, 0 MB stacks, 0 MB globals, 16 P
gc 6184 @44.250s 3%: 0.10+0.51+0.10 ms clock, 1.6+0.54/0.90/0+1.6 ms cpu, 3->4->1 MB, 4 MB goal, 0 MB stacks, 0 MB globals, 16 P
gc 6185 @44.252s 3%: 0.10+0.82+0.063 ms clock, 1.7+0.55/0.73/0+1.0 ms cpu, 3->4->2 MB, 4 MB goal, 0 MB stacks, 0 MB globals, 16 P
gc 6186 @44.253s 3%: 0.099+0.56+0.11 ms clock, 1.5+0.54/0.79/0.002+1.9 ms cpu, 3->4->1 MB, 4 MB goal, 0 MB stacks, 0 MB globals, 16 P
gc 6187 @44.255s 3%: 0.16+0.52+0.14 ms clock, 2.6+0.50/0.82/0.006+2.3 ms cpu, 3->4->1 MB, 4 MB goal, 0 MB stacks, 0 MB globals, 16 P
gc 6188 @44.257s 3%: 0.10+0.55+0.087 ms clock, 1.6+0.55/0.86/0+1.3 ms cpu, 3->4->1 MB, 4 MB goal, 0 MB stacks, 0 MB globals, 16 P
gc 6189 @44.258s 3%: 0.17+0.63+0.10 ms clock, 2.8+0.55/0.75/0+1.7 ms cpu, 3->4->2 MB, 4 MB goal, 0 MB stacks, 0 MB globals, 16 P
gc 6190 @44.260s 3%: 0.15+0.78+0.085 ms clock, 2.4+0.46/0.98/0+1.3 ms cpu, 3->4->2 MB, 4 MB goal, 0 MB stacks, 0 MB globals, 16 P
gc 6191 @44.262s 3%: 0.10+0.52+0.089 ms clock, 1.6+0.46/0.84/0+1.4 ms cpu, 3->4->1 MB, 4 MB goal, 0 MB stacks, 0 MB globals, 16 P
gc 6192 @44.264s 3%: 0.10+0.58+0.081 ms clock, 1.7+0.57/0.85/0.011+1.3 ms cpu, 3->4->1 MB, 4 MB goal, 0 MB stacks, 0 MB globals, 16 P
gc 6193 @44.265s 3%: 0.15+0.46+0.16 ms clock, 2.4+0.64/0.79/0+2.6 ms cpu, 3->4->1 MB, 4 MB goal, 0 MB stacks, 0 MB globals, 16 P
gc 6194 @44.267s 3%: 0.11+0.56+0.12 ms clock, 1.8+0.51/0.89/0.010+1.9 ms cpu, 3->4->1 MB, 4 MB goal, 0 MB stacks, 0 MB globals, 16 P
gc 6195 @44.268s 3%: 0.12+0.57+0.094 ms clock, 1.9+0.64/0.89/0+1.5 ms cpu, 3->4->2 MB, 4 MB goal, 0 MB stacks, 0 MB globals, 16 P
gc 6196 @44.270s 3%: 0.10+0.55+0.17 ms clock, 1.6+0.55/0.90/0+2.8 ms cpu, 3->4->1 MB, 4 MB goal, 0 MB stacks, 0 MB globals, 16 P
gc 6197 @44.272s 3%: 0.11+0.50+0.11 ms clock, 1.8+0.51/0.89/0+1.8 ms cpu, 3->4->1 MB, 4 MB goal, 0 MB stacks, 0 MB globals, 16 P
gc 6198 @44.273s 3%: 0.10+0.61+0.11 ms clock, 1.7+0.61/0.92/0.008+1.8 ms cpu, 3->4->2 MB, 4 MB goal, 0 MB stacks, 0 MB globals, 16 P
gc 6199 @44.275s 3%: 0.15+0.65+0.068 ms clock, 2.5+0.54/0.95/0+1.1 ms cpu, 3->4->2 MB, 4 MB goal, 0 MB stacks, 0 MB globals, 16 P
gc 6200 @44.277s 3%: 0.15+0.57+0.13 ms clock, 2.4+0.64/0.86/0.003+2.2 ms cpu, 3->4->1 MB, 4 MB goal, 0 MB stacks, 0 MB globals, 16 P
gc 6201 @44.279s 3%: 0.17+0.72+0.11 ms clock, 2.8+0.70/0.99/0+1.8 ms cpu, 3->4->2 MB, 4 MB goal, 0 MB stacks, 0 MB globals, 16 P
gc 6202 @44.281s 3%: 0.12+0.48+0.098 ms clock, 1.9+0.58/0.79/0.028+1.5 ms cpu, 3->4->1 MB, 4 MB goal, 0 MB stacks, 0 MB globals, 16 P
gc 6203 @44.282s 3%: 0.12+0.57+0.077 ms clock, 2.0+0.65/0.91/0+1.2 ms cpu, 3->4->1 MB, 4 MB goal, 0 MB stacks, 0 MB globals, 16 P
gc 6204 @44.284s 3%: 0.11+0.49+0.14 ms clock, 1.7+0.53/0.93/0+2.2 ms cpu, 3->4->1 MB, 4 MB goal, 0 MB stacks, 0 MB globals, 16 P
gc 6205 @44.285s 3%: 0.17+0.79+0.15 ms clock, 2.7+0.64/0.79/0.017+2.5 ms cpu, 3->4->2 MB, 4 MB goal, 0 MB stacks, 0 MB globals, 16 P
gc 6206 @44.287s 3%: 0.12+0.66+0.074 ms clock, 1.9+0.52/0.89/0.002+1.1 ms cpu, 4->4->2 MB, 4 MB goal, 0 MB stacks, 0 MB globals, 16 P
gc 6207 @44.289s 3%: 0.11+0.55+0.099 ms clock, 1.7+0.67/0.77/0+1.5 ms cpu, 3->4->1 MB, 4 MB goal, 0 MB stacks, 0 MB globals, 16 P
gc 6208 @44.291s 3%: 0.14+0.55+0.080 ms clock, 2.2+0.59/0.87/0.012+1.2 ms cpu, 3->4->1 MB, 4 MB goal, 0 MB stacks, 0 MB globals, 16 P
gc 6209 @44.292s 3%: 0.18+0.67+0.094 ms clock, 3.0+0.67/0.78/0+1.5 ms cpu, 3->4->2 MB, 4 MB goal, 0 MB stacks, 0 MB globals, 16 P
gc 6210 @44.294s 3%: 0.11+0.73+0.10 ms clock, 1.8+0.65/0.69/0.059+1.6 ms cpu, 3->4->2 MB, 4 MB goal, 0 MB stacks, 0 MB globals, 16 P
gc 6211 @44.296s 3%: 0.10+0.55+0.14 ms clock, 1.6+0.65/0.78/0.003+2.2 ms cpu, 3->4->2 MB, 4 MB goal, 0 MB stacks, 0 MB globals, 16 P
gc 6212 @44.298s 3%: 0.14+0.84+0.067 ms clock, 2.2+0.50/0.92/0+1.0 ms cpu, 3->4->2 MB, 4 MB goal, 0 MB stacks, 0 MB globals, 16 P
gc 6213 @44.300s 3%: 0.15+0.62+0.15 ms clock, 2.4+0.71/0.73/0+2.4 ms cpu, 3->4->2 MB, 4 MB goal, 0 MB stacks, 0 MB globals, 16 P
gc 6214 @44.302s 3%: 0.10+1.0+0.098 ms clock, 1.6+0.56/0.73/0+1.5 ms cpu, 3->4->2 MB, 4 MB goal, 0 MB stacks, 0 MB globals, 16 P
gc 6215 @44.304s 3%: 0.092+0.45+0.15 ms clock, 1.4+0.56/0.84/0.006+2.4 ms cpu, 4->4->1 MB, 4 MB goal, 0 MB stacks, 0 MB globals, 16 P
gc 6216 @44.305s 3%: 0.11+0.61+0.12 ms clock, 1.8+0.54/0.88/0.001+1.9 ms cpu, 3->4->2 MB, 4 MB goal, 0 MB stacks, 0 MB globals, 16 P
gc 6217 @44.307s 3%: 0.14+0.89+0.10 ms clock, 2.3+0.50/0.78/0.13+1.6 ms cpu, 3->4->2 MB, 4 MB goal, 0 MB stacks, 0 MB globals, 16 P
gc 6218 @44.309s 3%: 0.14+0.72+0.12 ms clock, 2.2+0.58/0.94/0.017+1.9 ms cpu, 4->5->2 MB, 4 MB goal, 0 MB stacks, 0 MB globals, 16 P
gc 6219 @44.311s 3%: 0.17+0.69+0.16 ms clock, 2.7+0.60/0.73/0+2.5 ms cpu, 3->4->2 MB, 4 MB goal, 0 MB stacks, 0 MB globals, 16 P
gc 6220 @44.313s 3%: 0.14+0.56+0.17 ms clock, 2.3+0.74/0.89/0+2.7 ms cpu, 3->4->1 MB, 4 MB goal, 0 MB stacks, 0 MB globals, 16 P
gc 6221 @44.315s 3%: 0.11+0.67+0.12 ms clock, 1.9+0.62/0.91/0+1.9 ms cpu, 3->4->1 MB, 4 MB goal, 0 MB stacks, 0 MB globals, 16 P
gc 6222 @44.316s 3%: 0.12+0.58+0.11 ms clock, 1.9+0.62/0.78/0.003+1.7 ms cpu, 3->4->2 MB, 4 MB goal, 0 MB stacks, 0 MB globals, 16 P
gc 6223 @44.318s 3%: 0.10+0.55+0.090 ms clock, 1.7+0.56/0.77/0.020+1.4 ms cpu, 3->4->1 MB, 4 MB goal, 0 MB stacks, 0 MB globals, 16 P
gc 6224 @44.320s 3%: 0.089+0.68+0.051 ms clock, 1.4+0.53/0.79/0+0.81 ms cpu, 3->4->1 MB, 4 MB goal, 0 MB stacks, 0 MB globals, 16 P
gc 6225 @44.321s 3%: 0.11+0.52+0.071 ms clock, 1.8+0.56/0.84/0.029+1.1 ms cpu, 3->4->1 MB, 4 MB goal, 0 MB stacks, 0 MB globals, 16 P
gc 6226 @44.323s 3%: 0.12+0.61+0.089 ms clock, 2.0+0.50/0.83/0+1.4 ms cpu, 3->4->2 MB, 4 MB goal, 0 MB stacks, 0 MB globals, 16 P
gc 6227 @44.325s 3%: 0.098+0.47+0.16 ms clock, 1.5+0.56/0.72/0+2.7 ms cpu, 3->4->1 MB, 4 MB goal, 0 MB stacks, 0 MB globals, 16 P
gc 6228 @44.326s 3%: 0.12+0.56+0.10 ms clock, 2.0+0.71/0.78/0+1.6 ms cpu, 3->4->2 MB, 4 MB goal, 0 MB stacks, 0 MB globals, 16 P
gc 6229 @44.328s 3%: 0.21+0.59+0.11 ms clock, 3.4+0.53/0.84/0+1.8 ms cpu, 3->4->1 MB, 4 MB goal, 0 MB stacks, 0 MB globals, 16 P
gc 6230 @44.330s 3%: 0.12+0.56+0.10 ms clock, 2.0+0.47/0.88/0+1.6 ms cpu, 3->4->1 MB, 4 MB goal, 0 MB stacks, 0 MB globals, 16 P
gc 6231 @44.331s 3%: 0.13+0.46+0.15 ms clock, 2.1+0.55/0.87/0.014+2.5 ms cpu, 3->4->1 MB, 4 MB goal, 0 MB stacks, 0 MB globals, 16 P
gc 6232 @44.333s 3%: 0.16+0.68+0.091 ms clock, 2.5+0.53/0.88/0.026+1.4 ms cpu, 3->4->2 MB, 4 MB goal, 0 MB stacks, 0 MB globals, 16 P
gc 6233 @44.335s 3%: 0.14+0.55+0.11 ms clock, 2.2+0.49/0.81/0.007+1.8 ms cpu, 3->4->1 MB, 4 MB goal, 0 MB stacks, 0 MB globals, 16 P
gc 6234 @44.336s 3%: 0.10+0.52+0.10 ms clock, 1.7+0.58/0.80/0.074+1.6 ms cpu, 3->4->1 MB, 4 MB goal, 0 MB stacks, 0 MB globals, 16 P
gc 6235 @44.338s 3%: 0.16+0.51+0.10 ms clock, 2.6+0.59/0.70/0+1.6 ms cpu, 3->4->1 MB, 4 MB goal, 0 MB stacks, 0 MB globals, 16 P
gc 6236 @44.339s 3%: 0.11+0.68+0.052 ms clock, 1.9+0.47/0.87/0+0.84 ms cpu, 3->4->2 MB, 4 MB goal, 0 MB stacks, 0 MB globals, 16 P
gc 6237 @44.341s 3%: 0.13+0.54+0.083 ms clock, 2.1+0.39/0.86/0+1.3 ms cpu, 3->4->1 MB, 4 MB goal, 0 MB stacks, 0 MB globals, 16 P
gc 6238 @44.343s 3%: 0.14+0.53+0.071 ms clock, 2.3+0.52/0.83/0+1.1 ms cpu, 3->4->1 MB, 4 MB goal, 0 MB stacks, 0 MB globals, 16 P
gc 6239 @44.344s 3%: 0.11+0.56+0.11 ms clock, 1.9+0.57/0.79/0+1.8 ms cpu, 3->4->2 MB, 4 MB goal, 0 MB stacks, 0 MB globals, 16 P
gc 6240 @44.346s 3%: 0.11+0.55+0.10 ms clock, 1.8+0.58/0.88/0+1.6 ms cpu, 3->4->1 MB, 4 MB goal, 0 MB stacks, 0 MB globals, 16 P
gc 6241 @44.348s 3%: 0.11+0.63+0.091 ms clock, 1.7+0.65/1.0/0+1.4 ms cpu, 3->4->2 MB, 4 MB goal, 0 MB stacks, 0 MB globals, 16 P
gc 6242 @44.350s 3%: 0.18+0.57+0.088 ms clock, 2.9+0.68/0.91/0.005+1.4 ms cpu, 3->4->2 MB, 4 MB goal, 0 MB stacks, 0 MB globals, 16 P
gc 6243 @44.351s 3%: 0.11+0.61+0.098 ms clock, 1.8+0.54/0.93/0+1.5 ms cpu, 3->4->1 MB, 4 MB goal, 0 MB stacks, 0 MB globals, 16 P
gc 6244 @44.353s 3%: 0.12+0.44+0.11 ms clock, 2.0+0.43/0.83/0.001+1.8 ms cpu, 3->4->1 MB, 4 MB goal, 0 MB stacks, 0 MB globals, 16 P
gc 6245 @44.355s 3%: 0.16+0.60+0.099 ms clock, 2.7+0.59/0.90/0+1.5 ms cpu, 3->4->2 MB, 4 MB goal, 0 MB stacks, 0 MB globals, 16 P
gc 6246 @44.356s 3%: 0.11+0.57+0.14 ms clock, 1.7+0.50/0.99/0+2.3 ms cpu, 3->4->1 MB, 4 MB goal, 0 MB stacks, 0 MB globals, 16 P
gc 6247 @44.358s 3%: 0.13+0.51+0.13 ms clock, 2.1+0.66/0.78/0+2.2 ms cpu, 3->4->1 MB, 4 MB goal, 0 MB stacks, 0 MB globals, 16 P
gc 6248 @44.359s 3%: 0.17+0.55+0.098 ms clock, 2.8+0.80/0.87/0+1.5 ms cpu, 3->4->2 MB, 4 MB goal, 0 MB stacks, 0 MB globals, 16 P
gc 6249 @44.361s 3%: 0.14+0.71+0.078 ms clock, 2.3+0.68/0.77/0.026+1.2 ms cpu, 3->4->2 MB, 4 MB goal, 0 MB stacks, 0 MB globals, 16 P
gc 6250 @44.363s 3%: 0.11+0.49+0.11 ms clock, 1.7+0.54/0.82/0+1.8 ms cpu, 3->4->1 MB, 4 MB goal, 0 MB stacks, 0 MB globals, 16 P
gc 6251 @44.365s 3%: 0.13+0.59+0.13 ms clock, 2.1+0.65/0.85/0+2.2 ms cpu, 3->4->2 MB, 4 MB goal, 0 MB stacks, 0 MB globals, 16 P
gc 6252 @44.366s 3%: 0.12+0.78+0.062 ms clock, 1.9+0.60/0.81/0+1.0 ms cpu, 3->4->2 MB, 4 MB goal, 0 MB stacks, 0 MB globals, 16 P
gc 6253 @44.368s 3%: 0.12+0.51+0.099 ms clock, 1.9+0.47/0.93/0.016+1.5 ms cpu, 3->4->1 MB, 4 MB goal, 0 MB stacks, 0 MB globals, 16 P
gc 6254 @44.370s 3%: 0.11+0.55+0.15 ms clock, 1.8+0.58/0.80/0+2.5 ms cpu, 3->4->1 MB, 4 MB goal, 0 MB stacks, 0 MB globals, 16 P
gc 6255 @44.371s 3%: 0.10+0.63+0.086 ms clock, 1.6+0.52/0.96/0+1.3 ms cpu, 3->4->1 MB, 4 MB goal, 0 MB stacks, 0 MB globals, 16 P
gc 6256 @44.373s 3%: 0.088+0.55+0.10 ms clock, 1.4+0.51/0.83/0+1.6 ms cpu, 3->4->1 MB, 4 MB goal, 0 MB stacks, 0 MB globals, 16 P
gc 6257 @44.375s 3%: 0.14+0.50+0.10 ms clock, 2.2+0.61/0.79/0+1.6 ms cpu, 3->4->1 MB, 4 MB goal, 0 MB stacks, 0 MB globals, 16 P
gc 6258 @44.376s 3%: 0.12+0.63+0.12 ms clock, 1.9+0.65/0.94/0.011+2.0 ms cpu, 3->4->2 MB, 4 MB goal, 0 MB stacks, 0 MB globals, 16 P
gc 6259 @44.378s 3%: 0.11+0.53+0.089 ms clock, 1.7+0.62/0.82/0.042+1.4 ms cpu, 3->4->1 MB, 4 MB goal, 0 MB stacks, 0 MB globals, 16 P
gc 6260 @44.380s 3%: 0.14+0.80+0.087 ms clock, 2.2+0.70/0.90/0+1.4 ms cpu, 3->4->2 MB, 4 MB goal, 0 MB stacks, 0 MB globals, 16 P
gc 6261 @44.382s 3%: 0.080+0.54+0.15 ms clock, 1.2+0.35/0.89/0+2.5 ms cpu, 4->4->1 MB, 4 MB goal, 0 MB stacks, 0 MB globals, 16 P
gc 6262 @44.383s 3%: 0.11+0.75+0.10 ms clock, 1.8+0.59/0.94/0+1.6 ms cpu, 3->4->2 MB, 4 MB goal, 0 MB stacks, 0 MB globals, 16 P
gc 6263 @44.385s 3%: 0.11+0.71+0.096 ms clock, 1.7+0.56/0.99/0.026+1.5 ms cpu, 3->4->2 MB, 4 MB goal, 0 MB stacks, 0 MB globals, 16 P
gc 6264 @44.387s 3%: 0.12+0.41+0.19 ms clock, 1.9+0.72/0.79/0.007+3.1 ms cpu, 3->4->1 MB, 4 MB goal, 0 MB stacks, 0 MB globals, 16 P
gc 6265 @44.389s 3%: 0.12+0.54+0.11 ms clock, 2.0+0.70/0.87/0+1.7 ms cpu, 3->4->1 MB, 4 MB goal, 0 MB stacks, 0 MB globals, 16 P
gc 6266 @44.390s 3%: 0.083+0.61+0.088 ms clock, 1.3+0.61/0.74/0+1.4 ms cpu, 3->4->1 MB, 4 MB goal, 0 MB stacks, 0 MB globals, 16 P
gc 6267 @44.392s 3%: 0.13+0.73+0.066 ms clock, 2.2+0.70/0.83/0+1.0 ms cpu, 3->4->2 MB, 4 MB goal, 0 MB stacks, 0 MB globals, 16 P
gc 6268 @44.394s 3%: 0.090+0.51+0.10 ms clock, 1.4+0.54/0.84/0.017+1.7 ms cpu, 3->4->1 MB, 4 MB goal, 0 MB stacks, 0 MB globals, 16 P
gc 6269 @44.395s 3%: 0.10+0.54+0.097 ms clock, 1.7+0.54/0.82/0+1.5 ms cpu, 3->4->1 MB, 4 MB goal, 0 MB stacks, 0 MB globals, 16 P
gc 6270 @44.397s 3%: 0.091+0.54+0.10 ms clock, 1.4+0.56/0.78/0.001+1.6 ms cpu, 3->4->1 MB, 4 MB goal, 0 MB stacks, 0 MB globals, 16 P
gc 6271 @44.398s 3%: 0.13+0.63+0.11 ms clock, 2.1+0.67/0.77/0+1.8 ms cpu, 3->4->2 MB, 4 MB goal, 0 MB stacks, 0 MB globals, 16 P
gc 6272 @44.400s 3%: 0.15+0.50+0.13 ms clock, 2.4+0.75/0.81/0+2.0 ms cpu, 3->4->1 MB, 4 MB goal, 0 MB stacks, 0 MB globals, 16 P
gc 6273 @44.401s 3%: 0.18+0.58+0.14 ms clock, 3.0+0.64/0.74/0+2.3 ms cpu, 3->4->1 MB, 4 MB goal, 0 MB stacks, 0 MB globals, 16 P
gc 6274 @44.403s 3%: 0.14+0.62+0.12 ms clock, 2.2+0.70/0.86/0+2.0 ms cpu, 3->4->2 MB, 4 MB goal, 0 MB stacks, 0 MB globals, 16 P
gc 6275 @44.405s 3%: 0.13+0.62+0.10 ms clock, 2.1+0.74/0.92/0+1.6 ms cpu, 3->4->1 MB, 4 MB goal, 0 MB stacks, 0 MB globals, 16 P
gc 6276 @44.406s 3%: 0.12+0.67+0.14 ms clock, 1.9+0.64/0.77/0+2.2 ms cpu, 3->4->2 MB, 4 MB goal, 0 MB stacks, 0 MB globals, 16 P
gc 6277 @44.408s 3%: 0.18+0.69+0.11 ms clock, 3.0+0.56/1.0/0.016+1.8 ms cpu, 3->4->2 MB, 4 MB goal, 0 MB stacks, 0 MB globals, 16 P
gc 6278 @44.410s 3%: 0.15+0.53+0.15 ms clock, 2.5+0.53/0.82/0.032+2.4 ms cpu, 4->4->1 MB, 4 MB goal, 0 MB stacks, 0 MB globals, 16 P
gc 6279 @44.412s 3%: 0.14+0.55+0.093 ms clock, 2.3+0.63/0.88/0+1.4 ms cpu, 3->4->1 MB, 4 MB goal, 0 MB stacks, 0 MB globals, 16 P
gc 6280 @44.413s 3%: 0.12+0.72+0.13 ms clock, 1.9+0.68/0.74/0+2.2 ms cpu, 3->4->2 MB, 4 MB goal, 0 MB stacks, 0 MB globals, 16 P
gc 6281 @44.415s 3%: 0.10+0.58+0.12 ms clock, 1.6+0.55/0.83/0+2.0 ms cpu, 3->4->1 MB, 4 MB goal, 0 MB stacks, 0 MB globals, 16 P
gc 6282 @44.417s 3%: 0.15+0.69+0.020 ms clock, 2.4+0.70/1.0/0.001+0.33 ms cpu, 3->4->1 MB, 4 MB goal, 0 MB stacks, 0 MB globals, 16 P
gc 6283 @44.419s 3%: 0.12+0.51+0.088 ms clock, 1.9+0.62/0.84/0+1.4 ms cpu, 3->4->1 MB, 4 MB goal, 0 MB stacks, 0 MB globals, 16 P
gc 6284 @44.420s 3%: 0.12+0.51+0.12 ms clock, 1.9+0.65/0.93/0+1.9 ms cpu, 3->4->1 MB, 4 MB goal, 0 MB stacks, 0 MB globals, 16 P
gc 6285 @44.422s 3%: 0.16+0.54+0.098 ms clock, 2.6+0.64/0.80/0+1.5 ms cpu, 3->4->2 MB, 4 MB goal, 0 MB stacks, 0 MB globals, 16 P
gc 6286 @44.424s 3%: 0.18+0.63+0.14 ms clock, 2.9+0.81/0.84/0+2.3 ms cpu, 3->4->2 MB, 4 MB goal, 0 MB stacks, 0 MB globals, 16 P
gc 6287 @44.426s 3%: 0.10+0.50+0.099 ms clock, 1.6+0.60/0.75/0.002+1.5 ms cpu, 3->4->1 MB, 4 MB goal, 0 MB stacks, 0 MB globals, 16 P
gc 6288 @44.428s 3%: 0.14+0.55+0.083 ms clock, 2.3+0.79/0.71/0+1.3 ms cpu, 3->4->2 MB, 4 MB goal, 0 MB stacks, 0 MB globals, 16 P
gc 6289 @44.429s 3%: 0.14+0.54+0.10 ms clock, 2.3+0.59/0.84/0+1.6 ms cpu, 3->4->1 MB, 4 MB goal, 0 MB stacks, 0 MB globals, 16 P
gc 6290 @44.431s 3%: 0.17+0.79+0.10 ms clock, 2.7+0.77/0.74/0.047+1.7 ms cpu, 3->4->2 MB, 4 MB goal, 0 MB stacks, 0 MB globals, 16 P
gc 6291 @44.433s 3%: 0.11+0.61+0.092 ms clock, 1.8+0.58/0.90/0.004+1.4 ms cpu, 4->4->1 MB, 4 MB goal, 0 MB stacks, 0 MB globals, 16 P
gc 6292 @44.435s 3%: 0.11+0.51+0.14 ms clock, 1.8+0.47/0.95/0.007+2.3 ms cpu, 3->4->1 MB, 4 MB goal, 0 MB stacks, 0 MB globals, 16 P
gc 6293 @44.436s 3%: 0.10+0.51+0.11 ms clock, 1.6+0.52/0.84/0+1.8 ms cpu, 3->4->1 MB, 4 MB goal, 0 MB stacks, 0 MB globals, 16 P
gc 6294 @44.438s 3%: 0.12+0.59+0.099 ms clock, 1.9+0.60/0.85/0.007+1.5 ms cpu, 3->4->2 MB, 4 MB goal, 0 MB stacks, 0 MB globals, 16 P
gc 6295 @44.440s 3%: 0.14+0.62+0.096 ms clock, 2.2+0.68/0.79/0+1.5 ms cpu, 3->4->1 MB, 4 MB goal, 0 MB stacks, 0 MB globals, 16 P
gc 6296 @44.441s 3%: 0.17+0.57+0.059 ms clock, 2.7+0.56/0.82/0+0.94 ms cpu, 3->4->2 MB, 4 MB goal, 0 MB stacks, 0 MB globals, 16 P
gc 6297 @44.443s 3%: 0.14+0.61+0.085 ms clock, 2.2+0.60/0.74/0+1.3 ms cpu, 3->4->2 MB, 4 MB goal, 0 MB stacks, 0 MB globals, 16 P
gc 6298 @44.445s 3%: 0.11+0.63+0.11 ms clock, 1.9+0.71/0.80/0+1.9 ms cpu, 3->4->2 MB, 4 MB goal, 0 MB stacks, 0 MB globals, 16 P
gc 6299 @44.447s 3%: 0.14+0.55+0.14 ms clock, 2.2+0.64/0.83/0.075+2.2 ms cpu, 3->4->1 MB, 4 MB goal, 0 MB stacks, 0 MB globals, 16 P
gc 6300 @44.448s 3%: 0.11+0.58+0.099 ms clock, 1.7+0.62/1.0/0.027+1.5 ms cpu, 3->4->2 MB, 4 MB goal, 0 MB stacks, 0 MB globals, 16 P
gc 6301 @44.450s 3%: 0.15+0.62+0.10 ms clock, 2.4+0.59/0.85/0+1.7 ms cpu, 3->4->2 MB, 4 MB goal, 0 MB stacks, 0 MB globals, 16 P
gc 6302 @44.452s 3%: 0.11+0.58+0.063 ms clock, 1.8+0.66/0.73/0.046+1.0 ms cpu, 3->4->1 MB, 4 MB goal, 0 MB stacks, 0 MB globals, 16 P
gc 6303 @44.453s 3%: 0.13+0.64+0.086 ms clock, 2.1+0.72/0.76/0.010+1.3 ms cpu, 3->4->2 MB, 4 MB goal, 0 MB stacks, 0 MB globals, 16 P
gc 6304 @44.455s 3%: 0.11+0.65+0.042 ms clock, 1.9+0.61/0.74/0+0.68 ms cpu, 3->4->2 MB, 4 MB goal, 0 MB stacks, 0 MB globals, 16 P
gc 6305 @44.457s 3%: 0.11+0.60+0.088 ms clock, 1.8+0.64/0.79/0.014+1.4 ms cpu, 3->4->1 MB, 4 MB goal, 0 MB stacks, 0 MB globals, 16 P
gc 6306 @44.459s 3%: 0.13+0.62+0.11 ms clock, 2.1+0.75/0.86/0+1.8 ms cpu, 3->4->2 MB, 4 MB goal, 0 MB stacks, 0 MB globals, 16 P
gc 6307 @44.461s 3%: 0.17+0.52+0.15 ms clock, 2.7+0.63/0.75/0+2.4 ms cpu, 3->4->1 MB, 4 MB goal, 0 MB stacks, 0 MB globals, 16 P
gc 6308 @44.462s 3%: 0.15+0.60+0.090 ms clock, 2.4+0.62/0.89/0+1.4 ms cpu, 3->4->2 MB, 4 MB goal, 0 MB stacks, 0 MB globals, 16 P
gc 6309 @44.464s 3%: 0.14+0.47+0.16 ms clock, 2.3+0.50/0.89/0.004+2.6 ms cpu, 3->4->1 MB, 4 MB goal, 0 MB stacks, 0 MB globals, 16 P
gc 6310 @44.465s 3%: 0.16+0.56+0.10 ms clock, 2.5+0.63/0.82/0.007+1.7 ms cpu, 3->4->1 MB, 4 MB goal, 0 MB stacks, 0 MB globals, 16 P
gc 6311 @44.467s 3%: 0.18+0.73+0.10 ms clock, 2.9+0.62/1.0/0.014+1.6 ms cpu, 3->4->2 MB, 4 MB goal, 0 MB stacks, 0 MB globals, 16 P
gc 6312 @44.469s 3%: 0.14+0.68+0.099 ms clock, 2.3+0.65/0.83/0.003+1.5 ms cpu, 3->4->2 MB, 4 MB goal, 0 MB stacks, 0 MB globals, 16 P
gc 6313 @44.471s 3%: 0.10+0.49+0.13 ms clock, 1.6+0.54/0.78/0+2.1 ms cpu, 3->4->1 MB, 4 MB goal, 0 MB stacks, 0 MB globals, 16 P
gc 6314 @44.472s 3%: 0.13+0.57+0.10 ms clock, 2.2+0.25/0.99/0+1.7 ms cpu, 3->4->1 MB, 4 MB goal, 0 MB stacks, 0 MB globals, 16 P
gc 6315 @44.474s 3%: 0.16+0.66+0.12 ms clock, 2.5+0.57/0.88/0.064+2.0 ms cpu, 3->4->2 MB, 4 MB goal, 0 MB stacks, 0 MB globals, 16 P
gc 6316 @44.476s 3%: 0.13+0.59+0.088 ms clock, 2.1+0.55/0.93/0+1.4 ms cpu, 3->4->2 MB, 4 MB goal, 0 MB stacks, 0 MB globals, 16 P
gc 6317 @44.478s 3%: 0.11+0.70+0.10 ms clock, 1.7+0.52/0.91/0+1.6 ms cpu, 3->4->2 MB, 4 MB goal, 0 MB stacks, 0 MB globals, 16 P
gc 6318 @44.480s 3%: 0.16+0.48+0.11 ms clock, 2.5+0.74/0.71/0+1.7 ms cpu, 3->4->1 MB, 4 MB goal, 0 MB stacks, 0 MB globals, 16 P
gc 6319 @44.481s 3%: 0.17+0.51+0.097 ms clock, 2.7+0.80/0.86/0+1.5 ms cpu, 3->4->1 MB, 4 MB goal, 0 MB stacks, 0 MB globals, 16 P
gc 6320 @44.483s 3%: 0.15+0.47+0.17 ms clock, 2.5+0.52/0.87/0+2.7 ms cpu, 3->4->1 MB, 4 MB goal, 0 MB stacks, 0 MB globals, 16 P
gc 6321 @44.484s 3%: 0.12+0.57+0.091 ms clock, 2.0+0.60/0.94/0.009+1.4 ms cpu, 3->4->2 MB, 4 MB goal, 0 MB stacks, 0 MB globals, 16 P
gc 6322 @44.486s 3%: 0.10+0.45+0.097 ms clock, 1.7+0.55/0.80/0.001+1.5 ms cpu, 3->4->1 MB, 4 MB goal, 0 MB stacks, 0 MB globals, 16 P
gc 6323 @44.487s 3%: 0.12+0.70+0.10 ms clock, 1.9+0.57/1.0/0.009+1.6 ms cpu, 3->4->2 MB, 4 MB goal, 0 MB stacks, 0 MB globals, 16 P
gc 6324 @44.489s 3%: 0.10+0.58+0.090 ms clock, 1.6+0.61/0.76/0+1.4 ms cpu, 3->4->1 MB, 4 MB goal, 0 MB stacks, 0 MB globals, 16 P
gc 6325 @44.491s 3%: 0.12+0.47+0.17 ms clock, 1.9+0.61/0.81/0.012+2.8 ms cpu, 3->4->1 MB, 4 MB goal, 0 MB stacks, 0 MB globals, 16 P
gc 6326 @44.492s 3%: 0.16+0.57+0.11 ms clock, 2.5+0.65/0.80/0+1.9 ms cpu, 3->4->1 MB, 4 MB goal, 0 MB stacks, 0 MB globals, 16 P
gc 6327 @44.494s 3%: 0.12+0.57+0.10 ms clock, 1.9+0.65/0.90/0.001+1.7 ms cpu, 3->4->2 MB, 4 MB goal, 0 MB stacks, 0 MB globals, 16 P
gc 6328 @44.496s 3%: 0.14+0.78+0.17 ms clock, 2.3+0.71/0.85/0+2.7 ms cpu, 3->4->2 MB, 4 MB goal, 0 MB stacks, 0 MB globals, 16 P
gc 6329 @44.498s 3%: 0.11+0.50+0.18 ms clock, 1.8+0.63/0.86/0.006+2.9 ms cpu, 4->4->1 MB, 4 MB goal, 0 MB stacks, 0 MB globals, 16 P
gc 6330 @44.499s 3%: 0.11+0.61+0.085 ms clock, 1.9+0.64/0.86/0+1.3 ms cpu, 3->4->1 MB, 4 MB goal, 0 MB stacks, 0 MB globals, 16 P
gc 6331 @44.501s 3%: 0.083+0.53+0.14 ms clock, 1.3+0.40/0.92/0.001+2.3 ms cpu, 3->4->1 MB, 4 MB goal, 0 MB stacks, 0 MB globals, 16 P
gc 6332 @44.503s 3%: 0.12+0.51+0.14 ms clock, 1.9+0.58/0.80/0+2.3 ms cpu, 3->4->1 MB, 4 MB goal, 0 MB stacks, 0 MB globals, 16 P
gc 6333 @44.504s 3%: 0.10+0.54+0.10 ms clock, 1.7+0.65/0.82/0+1.6 ms cpu, 3->4->2 MB, 4 MB goal, 0 MB stacks, 0 MB globals, 16 P
gc 6334 @44.506s 3%: 0.12+0.48+0.10 ms clock, 1.9+0.50/0.78/0+1.7 ms cpu, 3->4->1 MB, 4 MB goal, 0 MB stacks, 0 MB globals, 16 P
gc 6335 @44.507s 3%: 0.14+0.49+0.15 ms clock, 2.3+0.76/0.74/0+2.5 ms cpu, 3->4->1 MB, 4 MB goal, 0 MB stacks, 0 MB globals, 16 P
gc 6336 @44.509s 3%: 0.16+0.69+0.071 ms clock, 2.6+0.61/0.74/0.014+1.1 ms cpu, 3->4->2 MB, 4 MB goal, 0 MB stacks, 0 MB globals, 16 P
gc 6337 @44.511s 3%: 0.10+0.66+0.047 ms clock, 1.7+0.57/0.77/0+0.75 ms cpu, 3->4->2 MB, 4 MB goal, 0 MB stacks, 0 MB globals, 16 P
gc 6338 @44.512s 3%: 0.14+0.55+0.14 ms clock, 2.3+0.63/0.84/0+2.3 ms cpu, 3->4->1 MB, 4 MB goal, 0 MB stacks, 0 MB globals, 16 P
gc 6339 @44.514s 3%: 0.13+0.57+0.095 ms clock, 2.1+0.72/0.99/0+1.5 ms cpu, 3->4->2 MB, 4 MB goal, 0 MB stacks, 0 MB globals, 16 P
gc 6340 @44.516s 3%: 0.19+0.80+0.10 ms clock, 3.0+0.71/0.87/0.006+1.6 ms cpu, 3->4->2 MB, 4 MB goal, 0 MB stacks, 0 MB globals, 16 P
gc 6341 @44.518s 3%: 0.11+0.63+0.090 ms clock, 1.7+0.57/0.84/0+1.4 ms cpu, 3->4->2 MB, 4 MB goal, 0 MB stacks, 0 MB globals, 16 P
gc 6342 @44.520s 3%: 0.11+0.68+0.13 ms clock, 1.7+0.64/0.93/0.019+2.1 ms cpu, 3->4->2 MB, 4 MB goal, 0 MB stacks, 0 MB globals, 16 P
gc 6343 @44.521s 3%: 0.13+0.58+0.10 ms clock, 2.1+0.65/0.97/0+1.7 ms cpu, 3->4->2 MB, 4 MB goal, 0 MB stacks, 0 MB globals, 16 P
gc 6344 @44.523s 3%: 0.12+0.69+0.15 ms clock, 1.9+0.59/0.98/0.001+2.5 ms cpu, 3->4->2 MB, 4 MB goal, 0 MB stacks, 0 MB globals, 16 P
gc 6345 @44.525s 3%: 0.13+0.48+0.17 ms clock, 2.2+0.63/0.72/0+2.8 ms cpu, 3->4->1 MB, 4 MB goal, 0 MB stacks, 0 MB globals, 16 P
gc 6346 @44.527s 3%: 0.13+0.51+0.12 ms clock, 2.2+0.60/0.89/0.005+2.0 ms cpu, 3->4->1 MB, 4 MB goal, 0 MB stacks, 0 MB globals, 16 P
gc 6347 @44.528s 3%: 0.12+0.59+0.11 ms clock, 1.9+0.62/0.84/0.008+1.9 ms cpu, 3->4->2 MB, 4 MB goal, 0 MB stacks, 0 MB globals, 16 P
gc 6348 @44.530s 3%: 0.098+0.57+0.12 ms clock, 1.5+0.59/0.76/0.005+1.9 ms cpu, 3->4->1 MB, 4 MB goal, 0 MB stacks, 0 MB globals, 16 P
gc 6349 @44.531s 3%: 0.13+0.67+0.10 ms clock, 2.2+0.72/0.84/0.003+1.6 ms cpu, 3->4->2 MB, 4 MB goal, 0 MB stacks, 0 MB globals, 16 P
gc 6350 @44.533s 3%: 0.11+0.70+0.097 ms clock, 1.7+0.63/0.82/0.035+1.5 ms cpu, 3->4->2 MB, 4 MB goal, 0 MB stacks, 0 MB globals, 16 P
gc 6351 @44.535s 3%: 0.17+0.55+0.093 ms clock, 2.8+0.65/0.97/0+1.4 ms cpu, 3->4->2 MB, 4 MB goal, 0 MB stacks, 0 MB globals, 16 P
gc 6352 @44.537s 3%: 0.11+0.68+0.10 ms clock, 1.8+0.53/0.82/0.002+1.6 ms cpu, 3->4->2 MB, 4 MB goal, 0 MB stacks, 0 MB globals, 16 P
gc 6353 @44.539s 3%: 0.11+0.62+0.099 ms clock, 1.7+0.68/0.78/0+1.5 ms cpu, 3->4->2 MB, 4 MB goal, 0 MB stacks, 0 MB globals, 16 P
gc 6354 @44.541s 3%: 0.13+0.65+0.042 ms clock, 2.1+0.58/0.84/0.001+0.68 ms cpu, 3->4->2 MB, 4 MB goal, 0 MB stacks, 0 MB globals, 16 P
gc 6355 @44.543s 3%: 0.10+0.54+0.080 ms clock, 1.6+0.44/0.74/0.058+1.2 ms cpu, 3->4->1 MB, 4 MB goal, 0 MB stacks, 0 MB globals, 16 P
gc 6356 @44.544s 3%: 0.14+0.69+0.066 ms clock, 2.3+0.68/1.1/0+1.0 ms cpu, 3->4->2 MB, 4 MB goal, 0 MB stacks, 0 MB globals, 16 P
gc 6357 @44.546s 3%: 0.11+0.54+0.10 ms clock, 1.7+0.57/0.85/0+1.7 ms cpu, 3->4->1 MB, 4 MB goal, 0 MB stacks, 0 MB globals, 16 P
gc 6358 @44.548s 3%: 0.10+0.66+0.076 ms clock, 1.6+0.55/0.84/0.018+1.2 ms cpu, 3->4->1 MB, 4 MB goal, 0 MB stacks, 0 MB globals, 16 P
gc 6359 @44.549s 3%: 0.13+0.65+0.10 ms clock, 2.1+0.58/0.85/0+1.7 ms cpu, 3->4->2 MB, 4 MB goal, 0 MB stacks, 0 MB globals, 16 P
gc 6360 @44.551s 3%: 0.12+0.49+0.12 ms clock, 2.0+0.73/0.76/0+2.0 ms cpu, 3->4->1 MB, 4 MB goal, 0 MB stacks, 0 MB globals, 16 P
gc 6361 @44.553s 3%: 0.14+0.47+0.12 ms clock, 2.3+0.62/0.83/0.009+1.9 ms cpu, 3->4->1 MB, 4 MB goal, 0 MB stacks, 0 MB globals, 16 P
gc 6362 @44.554s 3%: 0.12+0.54+0.070 ms clock, 2.0+0.64/0.77/0+1.1 ms cpu, 3->4->1 MB, 4 MB goal, 0 MB stacks, 0 MB globals, 16 P
gc 6363 @44.556s 3%: 0.11+0.57+0.12 ms clock, 1.8+0.50/0.80/0.11+2.0 ms cpu, 3->4->1 MB, 4 MB goal, 0 MB stacks, 0 MB globals, 16 P
gc 6364 @44.557s 3%: 0.14+0.74+0.045 ms clock, 2.2+0.62/0.85/0+0.72 ms cpu, 3->4->2 MB, 4 MB goal, 0 MB stacks, 0 MB globals, 16 P
gc 6365 @44.559s 3%: 0.12+0.46+0.075 ms clock, 1.9+0.65/0.73/0.013+1.2 ms cpu, 3->4->1 MB, 4 MB goal, 0 MB stacks, 0 MB globals, 16 P
gc 6366 @44.561s 3%: 0.11+0.51+0.17 ms clock, 1.9+0.60/0.91/0.001+2.7 ms cpu, 3->4->1 MB, 4 MB goal, 0 MB stacks, 0 MB globals, 16 P
gc 6367 @44.562s 3%: 0.14+0.65+0.14 ms clock, 2.2+0.56/1.0/0+2.3 ms cpu, 3->4->2 MB, 4 MB goal, 0 MB stacks, 0 MB globals, 16 P
gc 6368 @44.564s 3%: 0.11+0.50+0.097 ms clock, 1.8+0.68/0.72/0.001+1.5 ms cpu, 3->4->1 MB, 4 MB goal, 0 MB stacks, 0 MB globals, 16 P
gc 6369 @44.566s 3%: 0.13+0.56+0.12 ms clock, 2.1+0.58/0.81/0+2.0 ms cpu, 3->4->1 MB, 4 MB goal, 0 MB stacks, 0 MB globals, 16 P
gc 6370 @44.568s 3%: 0.12+0.53+0.11 ms clock, 2.0+0.53/0.78/0+1.8 ms cpu, 3->4->1 MB, 4 MB goal, 0 MB stacks, 0 MB globals, 16 P
gc 6371 @44.569s 3%: 0.10+0.66+0.086 ms clock, 1.6+0.49/0.95/0+1.3 ms cpu, 3->4->1 MB, 4 MB goal, 0 MB stacks, 0 MB globals, 16 P
gc 6372 @44.571s 3%: 0.18+0.65+0.086 ms clock, 2.9+0.60/0.79/0+1.3 ms cpu, 3->4->2 MB, 4 MB goal, 0 MB stacks, 0 MB globals, 16 P
gc 6373 @44.573s 3%: 0.17+0.51+0.19 ms clock, 2.7+0.61/0.79/0.007+3.0 ms cpu, 3->4->1 MB, 4 MB goal, 0 MB stacks, 0 MB globals, 16 P
gc 6374 @44.574s 3%: 0.14+0.68+0.073 ms clock, 2.3+0.66/0.93/0+1.1 ms cpu, 3->4->2 MB, 4 MB goal, 0 MB stacks, 0 MB globals, 16 P
gc 6375 @44.576s 3%: 0.11+0.60+0.16 ms clock, 1.8+0.55/0.75/0.057+2.6 ms cpu, 3->4->1 MB, 4 MB goal, 0 MB stacks, 0 MB globals, 16 P
gc 6376 @44.578s 3%: 0.11+0.54+0.091 ms clock, 1.7+0.70/0.82/0+1.4 ms cpu, 3->4->1 MB, 4 MB goal, 0 MB stacks, 0 MB globals, 16 P
gc 6377 @44.579s 3%: 0.14+0.51+0.11 ms clock, 2.3+0.50/0.75/0+1.8 ms cpu, 3->4->1 MB, 4 MB goal, 0 MB stacks, 0 MB globals, 16 P
gc 6378 @44.581s 3%: 0.15+0.54+0.11 ms clock, 2.5+0.60/0.85/0+1.8 ms cpu, 3->4->2 MB, 4 MB goal, 0 MB stacks, 0 MB globals, 16 P
gc 6379 @44.583s 3%: 0.11+0.47+0.16 ms clock, 1.7+0.64/0.81/0+2.5 ms cpu, 3->4->1 MB, 4 MB goal, 0 MB stacks, 0 MB globals, 16 P
gc 6380 @44.584s 3%: 0.13+0.61+0.088 ms clock, 2.0+0.55/0.81/0+1.4 ms cpu, 3->4->2 MB, 4 MB goal, 0 MB stacks, 0 MB globals, 16 P
gc 6381 @44.586s 3%: 0.10+0.45+0.13 ms clock, 1.7+0.78/0.78/0.004+2.1 ms cpu, 3->4->1 MB, 4 MB goal, 0 MB stacks, 0 MB globals, 16 P
gc 6382 @44.587s 3%: 0.11+0.59+0.097 ms clock, 1.8+0.64/0.79/0.002+1.5 ms cpu, 3->4->2 MB, 4 MB goal, 0 MB stacks, 0 MB globals, 16 P
gc 6383 @44.589s 3%: 0.12+0.53+0.11 ms clock, 2.0+0.62/0.87/0+1.8 ms cpu, 3->4->1 MB, 4 MB goal, 0 MB stacks, 0 MB globals, 16 P
gc 6384 @44.591s 3%: 0.11+0.76+0.10 ms clock, 1.7+0.60/0.94/0.002+1.6 ms cpu, 3->4->2 MB, 4 MB goal, 0 MB stacks, 0 MB globals, 16 P
gc 6385 @44.593s 3%: 0.17+0.61+0.10 ms clock, 2.7+0.56/0.87/0+1.6 ms cpu, 3->4->2 MB, 4 MB goal, 0 MB stacks, 0 MB globals, 16 P
gc 6386 @44.595s 3%: 0.11+0.56+0.076 ms clock, 1.8+0.63/0.86/0.058+1.2 ms cpu, 3->4->2 MB, 4 MB goal, 0 MB stacks, 0 MB globals, 16 P
gc 6387 @44.596s 3%: 0.095+0.57+0.17 ms clock, 1.5+0.50/0.97/0+2.7 ms cpu, 3->4->1 MB, 4 MB goal, 0 MB stacks, 0 MB globals, 16 P
gc 6388 @44.598s 3%: 0.13+0.61+0.066 ms clock, 2.1+0.56/0.97/0+1.0 ms cpu, 3->4->2 MB, 4 MB goal, 0 MB stacks, 0 MB globals, 16 P
gc 6389 @44.600s 3%: 0.17+0.47+0.11 ms clock, 2.7+0.67/0.76/0+1.7 ms cpu, 3->4->1 MB, 4 MB goal, 0 MB stacks, 0 MB globals, 16 P
gc 6390 @44.601s 3%: 0.10+0.50+0.088 ms clock, 1.6+0.62/0.80/0+1.4 ms cpu, 3->4->1 MB, 4 MB goal, 0 MB stacks, 0 MB globals, 16 P
gc 6391 @44.603s 3%: 0.094+0.68+0.11 ms clock, 1.5+0.62/0.69/0+1.8 ms cpu, 3->4->2 MB, 4 MB goal, 0 MB stacks, 0 MB globals, 16 P
gc 6392 @44.605s 3%: 0.14+0.46+0.18 ms clock, 2.3+0.62/0.75/0.003+2.9 ms cpu, 3->4->1 MB, 4 MB goal, 0 MB stacks, 0 MB globals, 16 P
gc 6393 @44.606s 3%: 0.10+0.51+0.13 ms clock, 1.6+0.56/0.80/0.013+2.1 ms cpu, 3->4->1 MB, 4 MB goal, 0 MB stacks, 0 MB globals, 16 P
gc 6394 @44.608s 3%: 0.12+0.51+0.13 ms clock, 2.0+0.65/0.86/0+2.2 ms cpu, 3->4->1 MB, 4 MB goal, 0 MB stacks, 0 MB globals, 16 P
gc 6395 @44.609s 3%: 0.14+0.53+0.10 ms clock, 2.3+0.58/0.83/0+1.6 ms cpu, 3->4->1 MB, 4 MB goal, 0 MB stacks, 0 MB globals, 16 P
gc 6396 @44.611s 3%: 0.10+0.53+0.11 ms clock, 1.7+0.65/0.86/0+1.9 ms cpu, 3->4->1 MB, 4 MB goal, 0 MB stacks, 0 MB globals, 16 P
gc 6397 @44.613s 3%: 0.12+0.82+0.077 ms clock, 2.0+0.76/0.75/0.027+1.2 ms cpu, 3->4->2 MB, 4 MB goal, 0 MB stacks, 0 MB globals, 16 P
gc 6398 @44.615s 3%: 0.18+0.61+0.11 ms clock, 2.9+0.51/0.96/0+1.7 ms cpu, 3->4->2 MB, 4 MB goal, 0 MB stacks, 0 MB globals, 16 P
gc 6399 @44.616s 3%: 0.11+0.55+0.097 ms clock, 1.8+0.64/0.74/0+1.5 ms cpu, 3->4->1 MB, 4 MB goal, 0 MB stacks, 0 MB globals, 16 P
gc 6400 @44.618s 3%: 0.13+0.42+0.17 ms clock, 2.1+0.49/0.85/0+2.8 ms cpu, 3->4->1 MB, 4 MB goal, 0 MB stacks, 0 MB globals, 16 P
gc 6401 @44.619s 3%: 0.18+0.66+0.083 ms clock, 3.0+0.61/0.87/0+1.3 ms cpu, 3->4->2 MB, 4 MB goal, 0 MB stacks, 0 MB globals, 16 P
gc 6402 @44.621s 3%: 0.13+0.58+0.10 ms clock, 2.1+0.48/0.91/0.004+1.6 ms cpu, 3->4->1 MB, 4 MB goal, 0 MB stacks, 0 MB globals, 16 P
gc 6403 @44.623s 3%: 0.12+0.66+0.10 ms clock, 2.0+0.68/0.72/0+1.6 ms cpu, 3->4->2 MB, 4 MB goal, 0 MB stacks, 0 MB globals, 16 P
gc 6404 @44.625s 3%: 0.12+0.58+0.10 ms clock, 1.9+0.63/0.84/0.005+1.6 ms cpu, 3->4->2 MB, 4 MB goal, 0 MB stacks, 0 MB globals, 16 P
gc 6405 @44.626s 3%: 0.10+0.44+0.097 ms clock, 1.6+0.55/0.70/0.10+1.5 ms cpu, 3->4->1 MB, 4 MB goal, 0 MB stacks, 0 MB globals, 16 P
gc 6406 @44.628s 3%: 0.12+0.49+0.18 ms clock, 1.9+0.54/0.81/0.020+2.9 ms cpu, 3->4->1 MB, 4 MB goal, 0 MB stacks, 0 MB globals, 16 P
gc 6407 @44.629s 3%: 0.14+0.58+0.094 ms clock, 2.3+0.57/0.81/0+1.5 ms cpu, 3->4->2 MB, 4 MB goal, 0 MB stacks, 0 MB globals, 16 P
gc 6408 @44.631s 3%: 0.10+0.60+0.081 ms clock, 1.7+0.48/0.86/0+1.3 ms cpu, 3->4->1 MB, 4 MB goal, 0 MB stacks, 0 MB globals, 16 P
gc 6409 @44.633s 3%: 0.12+0.63+0.088 ms clock, 1.9+0.49/0.87/0.005+1.4 ms cpu, 3->4->2 MB, 4 MB goal, 0 MB stacks, 0 MB globals, 16 P
gc 6410 @44.635s 3%: 0.13+0.66+0.095 ms clock, 2.0+0.41/0.88/0.074+1.5 ms cpu, 3->4->2 MB, 4 MB goal, 0 MB stacks, 0 MB globals, 16 P
gc 6411 @44.636s 3%: 0.099+0.54+0.18 ms clock, 1.5+0.59/0.76/0+2.9 ms cpu, 3->4->1 MB, 4 MB goal, 0 MB stacks, 0 MB globals, 16 P
gc 6412 @44.638s 3%: 0.096+0.53+0.13 ms clock, 1.5+0.58/0.76/0.035+2.1 ms cpu, 3->4->1 MB, 4 MB goal, 0 MB stacks, 0 MB globals, 16 P
gc 6413 @44.640s 3%: 0.12+0.75+0.055 ms clock, 1.9+0.61/0.87/0+0.88 ms cpu, 3->4->2 MB, 4 MB goal, 0 MB stacks, 0 MB globals, 16 P
gc 6414 @44.641s 3%: 0.10+0.48+0.11 ms clock, 1.6+0.51/0.80/0.030+1.9 ms cpu, 3->4->1 MB, 4 MB goal, 0 MB stacks, 0 MB globals, 16 P
gc 6415 @44.643s 3%: 0.14+0.54+0.093 ms clock, 2.3+0.62/0.79/0+1.4 ms cpu, 3->4->2 MB, 4 MB goal, 0 MB stacks, 0 MB globals, 16 P
gc 6416 @44.645s 3%: 0.11+0.50+0.13 ms clock, 1.8+0.58/0.74/0+2.1 ms cpu, 3->4->1 MB, 4 MB goal, 0 MB stacks, 0 MB globals, 16 P
gc 6417 @44.646s 3%: 0.088+0.60+0.084 ms clock, 1.4+0.51/0.90/0+1.3 ms cpu, 3->4->1 MB, 4 MB goal, 0 MB stacks, 0 MB globals, 16 P
gc 6418 @44.648s 3%: 0.13+0.49+0.081 ms clock, 2.1+0.48/0.89/0+1.2 ms cpu, 3->4->1 MB, 4 MB goal, 0 MB stacks, 0 MB globals, 16 P
gc 6419 @44.649s 3%: 0.11+0.61+0.10 ms clock, 1.7+0.56/0.92/0.001+1.6 ms cpu, 3->4->2 MB, 4 MB goal, 0 MB stacks, 0 MB globals, 16 P
gc 6420 @44.651s 3%: 0.10+0.63+0.086 ms clock, 1.7+0.55/0.86/0+1.3 ms cpu, 3->4->1 MB, 4 MB goal, 0 MB stacks, 0 MB globals, 16 P
gc 6421 @44.653s 3%: 0.10+0.53+0.094 ms clock, 1.7+0.49/0.90/0+1.5 ms cpu, 3->4->1 MB, 4 MB goal, 0 MB stacks, 0 MB globals, 16 P
gc 6422 @44.655s 3%: 0.071+0.56+0.074 ms clock, 1.1+0.46/0.84/0+1.1 ms cpu, 3->4->1 MB, 4 MB goal, 0 MB stacks, 0 MB globals, 16 P
gc 6423 @44.656s 3%: 0.12+0.58+0.16 ms clock, 2.0+0.58/0.78/0+2.6 ms cpu, 3->4->1 MB, 4 MB goal, 0 MB stacks, 0 MB globals, 16 P
gc 6424 @44.658s 3%: 0.17+0.60+0.11 ms clock, 2.7+0.62/0.79/0+1.8 ms cpu, 3->4->2 MB, 4 MB goal, 0 MB stacks, 0 MB globals, 16 P
gc 6425 @44.659s 3%: 0.11+0.57+0.074 ms clock, 1.8+0.56/0.85/0.001+1.1 ms cpu, 3->4->1 MB, 4 MB goal, 0 MB stacks, 0 MB globals, 16 P
gc 6426 @44.661s 3%: 0.13+0.58+0.057 ms clock, 2.1+0.74/0.76/0+0.92 ms cpu, 3->4->1 MB, 4 MB goal, 0 MB stacks, 0 MB globals, 16 P
gc 6427 @44.663s 3%: 0.13+0.58+0.14 ms clock, 2.1+0.48/0.82/0+2.2 ms cpu, 3->4->2 MB, 4 MB goal, 0 MB stacks, 0 MB globals, 16 P
gc 6428 @44.665s 3%: 0.10+0.68+0.050 ms clock, 1.6+0.63/0.85/0+0.81 ms cpu, 3->4->2 MB, 4 MB goal, 0 MB stacks, 0 MB globals, 16 P
gc 6429 @44.666s 3%: 0.11+0.71+0.11 ms clock, 1.8+0.52/0.84/0.079+1.8 ms cpu, 3->4->2 MB, 4 MB goal, 0 MB stacks, 0 MB globals, 16 P
gc 6430 @44.668s 3%: 0.15+0.67+0.077 ms clock, 2.4+0.55/0.86/0+1.2 ms cpu, 3->4->2 MB, 4 MB goal, 0 MB stacks, 0 MB globals, 16 P
gc 6431 @44.670s 3%: 0.11+0.55+0.090 ms clock, 1.8+0.53/0.82/0.003+1.4 ms cpu, 3->4->1 MB, 4 MB goal, 0 MB stacks, 0 MB globals, 16 P
gc 6432 @44.672s 3%: 0.19+0.66+0.083 ms clock, 3.0+0.62/0.86/0.014+1.3 ms cpu, 3->4->2 MB, 4 MB goal, 0 MB stacks, 0 MB globals, 16 P
gc 6433 @44.673s 3%: 0.12+0.50+0.11 ms clock, 2.0+0.45/0.92/0+1.8 ms cpu, 3->4->1 MB, 4 MB goal, 0 MB stacks, 0 MB globals, 16 P
gc 6434 @44.675s 3%: 0.14+0.60+0.11 ms clock, 2.3+0.59/0.87/0+1.7 ms cpu, 3->4->2 MB, 4 MB goal, 0 MB stacks, 0 MB globals, 16 P
gc 6435 @44.677s 3%: 0.11+0.52+0.17 ms clock, 1.8+0.55/0.73/0+2.7 ms cpu, 3->4->1 MB, 4 MB goal, 0 MB stacks, 0 MB globals, 16 P
gc 6436 @44.678s 3%: 0.12+0.52+0.065 ms clock, 1.9+0.69/0.75/0+1.0 ms cpu, 3->4->1 MB, 4 MB goal, 0 MB stacks, 0 MB globals, 16 P
gc 6437 @44.680s 3%: 0.11+0.54+0.099 ms clock, 1.9+0.49/0.81/0.006+1.5 ms cpu, 3->4->1 MB, 4 MB goal, 0 MB stacks, 0 MB globals, 16 P
gc 6438 @44.682s 3%: 0.12+0.54+0.11 ms clock, 2.0+0.65/0.83/0+1.7 ms cpu, 3->4->2 MB, 4 MB goal, 0 MB stacks, 0 MB globals, 16 P
gc 6439 @44.683s 3%: 0.11+0.57+0.093 ms clock, 1.9+0.49/0.90/0+1.4 ms cpu, 3->4->1 MB, 4 MB goal, 0 MB stacks, 0 MB globals, 16 P
gc 6440 @44.685s 3%: 0.11+0.53+0.13 ms clock, 1.8+0.69/0.78/0+2.1 ms cpu, 3->4->1 MB, 4 MB goal, 0 MB stacks, 0 MB globals, 16 P
gc 6441 @44.687s 3%: 0.15+0.65+0.097 ms clock, 2.4+0.53/0.86/0.015+1.5 ms cpu, 3->4->2 MB, 4 MB goal, 0 MB stacks, 0 MB globals, 16 P
gc 6442 @44.688s 3%: 0.11+0.56+0.14 ms clock, 1.8+0.57/0.80/0+2.3 ms cpu, 3->4->1 MB, 4 MB goal, 0 MB stacks, 0 MB globals, 16 P
gc 6443 @44.690s 3%: 0.12+0.72+0.074 ms clock, 2.0+0.57/0.86/0+1.1 ms cpu, 3->4->2 MB, 4 MB goal, 0 MB stacks, 0 MB globals, 16 P
gc 6444 @44.692s 3%: 0.12+0.63+0.031 ms clock, 2.0+0.65/0.74/0.017+0.50 ms cpu, 3->4->1 MB, 4 MB goal, 0 MB stacks, 0 MB globals, 16 P
gc 6445 @44.694s 3%: 0.11+0.60+0.14 ms clock, 1.7+0.61/0.79/0+2.3 ms cpu, 3->4->1 MB, 4 MB goal, 0 MB stacks, 0 MB globals, 16 P
gc 6446 @44.695s 3%: 0.086+0.61+0.099 ms clock, 1.3+0.48/0.86/0.003+1.5 ms cpu, 3->4->1 MB, 4 MB goal, 0 MB stacks, 0 MB globals, 16 P
gc 6447 @44.697s 3%: 0.10+0.52+0.11 ms clock, 1.7+0.56/0.69/0+1.8 ms cpu, 3->4->1 MB, 4 MB goal, 0 MB stacks, 0 MB globals, 16 P
gc 6448 @44.699s 3%: 0.11+0.77+0.11 ms clock, 1.8+0.57/0.93/0+1.8 ms cpu, 3->4->2 MB, 4 MB goal, 0 MB stacks, 0 MB globals, 16 P
gc 6449 @44.701s 3%: 0.10+0.49+0.10 ms clock, 1.6+0.59/0.84/0+1.6 ms cpu, 3->4->1 MB, 4 MB goal, 0 MB stacks, 0 MB globals, 16 P
gc 6450 @44.702s 3%: 0.12+0.42+0.10 ms clock, 2.0+0.67/0.66/0+1.6 ms cpu, 3->3->1 MB, 4 MB goal, 0 MB stacks, 0 MB globals, 16 P
gc 6451 @44.703s 3%: 0.15+0.50+0.16 ms clock, 2.5+0.58/0.83/0+2.6 ms cpu, 3->4->2 MB, 4 MB goal, 0 MB stacks, 0 MB globals, 16 P
gc 6452 @44.705s 3%: 0.13+0.54+0.13 ms clock, 2.0+0.37/0.72/0.002+2.1 ms cpu, 3->4->1 MB, 4 MB goal, 0 MB stacks, 0 MB globals, 16 P
gc 6453 @44.707s 3%: 0.15+0.49+0.14 ms clock, 2.5+0.68/0.83/0+2.2 ms cpu, 3->4->1 MB, 4 MB goal, 0 MB stacks, 0 MB globals, 16 P
gc 6454 @44.709s 3%: 0.097+0.59+0.085 ms clock, 1.5+0.49/0.83/0+1.3 ms cpu, 3->4->1 MB, 4 MB goal, 0 MB stacks, 0 MB globals, 16 P
gc 6455 @44.710s 3%: 0.11+0.61+0.10 ms clock, 1.8+0.50/0.89/0+1.6 ms cpu, 3->4->1 MB, 4 MB goal, 0 MB stacks, 0 MB globals, 16 P
gc 6456 @44.712s 3%: 0.11+0.61+0.098 ms clock, 1.8+0.60/0.91/0+1.5 ms cpu, 3->4->2 MB, 4 MB goal, 0 MB stacks, 0 MB globals, 16 P
gc 6457 @44.714s 3%: 0.12+0.49+0.094 ms clock, 2.0+0.60/0.88/0+1.5 ms cpu, 3->4->1 MB, 4 MB goal, 0 MB stacks, 0 MB globals, 16 P
gc 6458 @44.715s 3%: 0.11+0.56+0.089 ms clock, 1.8+0.62/0.91/0+1.4 ms cpu, 3->4->1 MB, 4 MB goal, 0 MB stacks, 0 MB globals, 16 P
gc 6459 @44.717s 3%: 0.10+0.52+0.11 ms clock, 1.7+0.57/0.79/0.031+1.8 ms cpu, 3->4->1 MB, 4 MB goal, 0 MB stacks, 0 MB globals, 16 P
gc 6460 @44.718s 3%: 0.10+0.44+0.15 ms clock, 1.6+0.60/0.73/0+2.4 ms cpu, 3->4->1 MB, 4 MB goal, 0 MB stacks, 0 MB globals, 16 P
gc 6461 @44.720s 3%: 0.14+0.92+0.087 ms clock, 2.3+0.75/0.75/0+1.4 ms cpu, 3->4->2 MB, 4 MB goal, 0 MB stacks, 0 MB globals, 16 P
gc 6462 @44.722s 3%: 0.11+0.74+0.13 ms clock, 1.8+0.53/0.87/0.021+2.1 ms cpu, 4->5->2 MB, 4 MB goal, 0 MB stacks, 0 MB globals, 16 P
gc 6463 @44.724s 3%: 0.17+0.50+0.085 ms clock, 2.8+0.75/0.75/0+1.3 ms cpu, 4->4->1 MB, 4 MB goal, 0 MB stacks, 0 MB globals, 16 P
gc 6464 @44.726s 3%: 0.16+0.54+0.15 ms clock, 2.6+0.61/0.78/0+2.4 ms cpu, 3->4->2 MB, 4 MB goal, 0 MB stacks, 0 MB globals, 16 P
gc 6465 @44.727s 3%: 0.12+0.67+0.084 ms clock, 2.0+0.63/1.0/0.016+1.3 ms cpu, 3->4->2 MB, 4 MB goal, 0 MB stacks, 0 MB globals, 16 P
gc 6466 @44.729s 3%: 0.14+0.60+0.037 ms clock, 2.3+0.52/0.77/0+0.59 ms cpu, 3->4->1 MB, 4 MB goal, 0 MB stacks, 0 MB globals, 16 P
gc 6467 @44.731s 3%: 0.12+0.59+0.13 ms clock, 1.9+0.68/0.85/0+2.1 ms cpu, 3->4->2 MB, 4 MB goal, 0 MB stacks, 0 MB globals, 16 P
gc 6468 @44.733s 3%: 0.15+0.54+0.095 ms clock, 2.4+0.59/0.78/0.001+1.5 ms cpu, 3->4->1 MB, 4 MB goal, 0 MB stacks, 0 MB globals, 16 P
gc 6469 @44.734s 3%: 0.099+0.56+0.12 ms clock, 1.5+0.60/0.70/0.020+2.0 ms cpu, 3->4->1 MB, 4 MB goal, 0 MB stacks, 0 MB globals, 16 P
gc 6470 @44.736s 3%: 0.10+0.53+0.13 ms clock, 1.6+0.65/0.74/0.077+2.2 ms cpu, 3->4->1 MB, 4 MB goal, 0 MB stacks, 0 MB globals, 16 P
gc 6471 @44.737s 3%: 0.19+0.97+0.13 ms clock, 3.0+0.72/0.77/0.002+2.2 ms cpu, 3->4->2 MB, 4 MB goal, 0 MB stacks, 0 MB globals, 16 P
gc 6472 @44.740s 3%: 0.14+0.64+0.096 ms clock, 2.3+0.51/0.89/0.028+1.5 ms cpu, 4->5->2 MB, 5 MB goal, 0 MB stacks, 0 MB globals, 16 P
gc 6473 @44.742s 3%: 0.13+0.71+0.13 ms clock, 2.2+0.55/0.92/0.007+2.2 ms cpu, 3->4->2 MB, 4 MB goal, 0 MB stacks, 0 MB globals, 16 P
gc 6474 @44.744s 3%: 0.15+0.72+0.095 ms clock, 2.4+0.54/0.90/0+1.5 ms cpu, 3->4->2 MB, 4 MB goal, 0 MB stacks, 0 MB globals, 16 P
gc 6475 @44.746s 3%: 0.12+0.71+0.15 ms clock, 1.9+0.57/0.89/0+2.5 ms cpu, 3->4->2 MB, 4 MB goal, 0 MB stacks, 0 MB globals, 16 P
gc 6476 @44.748s 3%: 0.11+0.45+0.13 ms clock, 1.8+0.55/0.81/0+2.1 ms cpu, 3->4->1 MB, 4 MB goal, 0 MB stacks, 0 MB globals, 16 P
gc 6477 @44.749s 3%: 0.15+0.51+0.13 ms clock, 2.5+0.65/0.80/0.002+2.1 ms cpu, 3->4->1 MB, 4 MB goal, 0 MB stacks, 0 MB globals, 16 P
gc 6478 @44.751s 3%: 0.12+0.69+0.072 ms clock, 2.0+0.66/0.78/0+1.1 ms cpu, 3->4->1 MB, 4 MB goal, 0 MB stacks, 0 MB globals, 16 P
gc 6479 @44.753s 3%: 0.098+0.54+0.086 ms clock, 1.5+0.54/0.88/0+1.3 ms cpu, 3->4->1 MB, 4 MB goal, 0 MB stacks, 0 MB globals, 16 P
gc 6480 @44.754s 3%: 0.10+0.67+0.13 ms clock, 1.7+0.61/0.72/0.001+2.2 ms cpu, 3->4->2 MB, 4 MB goal, 0 MB stacks, 0 MB globals, 16 P
gc 6481 @44.756s 3%: 0.14+0.48+0.092 ms clock, 2.3+0.50/0.88/0+1.4 ms cpu, 3->4->1 MB, 4 MB goal, 0 MB stacks, 0 MB globals, 16 P
gc 6482 @44.757s 3%: 0.14+0.48+0.11 ms clock, 2.2+0.60/0.81/0+1.9 ms cpu, 3->4->1 MB, 4 MB goal, 0 MB stacks, 0 MB globals, 16 P
gc 6483 @44.759s 3%: 0.12+0.58+0.049 ms clock, 1.9+0.59/0.83/0+0.79 ms cpu, 3->4->1 MB, 4 MB goal, 0 MB stacks, 0 MB globals, 16 P
gc 6484 @44.761s 3%: 0.11+0.45+0.089 ms clock, 1.7+0.54/0.71/0+1.4 ms cpu, 3->4->1 MB, 4 MB goal, 0 MB stacks, 0 MB globals, 16 P
gc 6485 @44.762s 3%: 0.10+0.61+0.10 ms clock, 1.6+0.61/0.87/0+1.7 ms cpu, 3->4->1 MB, 4 MB goal, 0 MB stacks, 0 MB globals, 16 P
gc 6486 @44.764s 3%: 0.10+0.61+0.094 ms clock, 1.7+0.54/0.94/0+1.5 ms cpu, 3->4->1 MB, 4 MB goal, 0 MB stacks, 0 MB globals, 16 P
gc 6487 @44.765s 3%: 0.11+0.47+0.18 ms clock, 1.8+0.52/0.83/0+2.9 ms cpu, 3->4->1 MB, 4 MB goal, 0 MB stacks, 0 MB globals, 16 P
gc 6488 @44.767s 3%: 0.11+0.76+0.096 ms clock, 1.7+0.58/0.88/0+1.5 ms cpu, 3->4->2 MB, 4 MB goal, 0 MB stacks, 0 MB globals, 16 P
gc 6489 @44.769s 3%: 0.11+0.59+0.049 ms clock, 1.8+0.65/0.87/0+0.79 ms cpu, 3->4->1 MB, 4 MB goal, 0 MB stacks, 0 MB globals, 16 P
gc 6490 @44.770s 3%: 0.13+0.57+0.17 ms clock, 2.2+0.57/0.67/0+2.7 ms cpu, 3->4->1 MB, 4 MB goal, 0 MB stacks, 0 MB globals, 16 P
gc 6491 @44.772s 3%: 0.20+0.55+0.10 ms clock, 3.2+0.71/0.85/0+1.7 ms cpu, 3->4->2 MB, 4 MB goal, 0 MB stacks, 0 MB globals, 16 P
gc 6492 @44.774s 3%: 0.18+0.48+0.13 ms clock, 2.9+0.66/0.79/0+2.2 ms cpu, 3->4->1 MB, 4 MB goal, 0 MB stacks, 0 MB globals, 16 P
gc 6493 @44.775s 3%: 0.19+0.58+0.11 ms clock, 3.1+0.70/0.86/0+1.8 ms cpu, 3->4->2 MB, 4 MB goal, 0 MB stacks, 0 MB globals, 16 P
gc 6494 @44.777s 3%: 0.12+0.75+0.10 ms clock, 1.9+0.49/0.96/0+1.7 ms cpu, 3->4->2 MB, 4 MB goal, 0 MB stacks, 0 MB globals, 16 P
gc 6495 @44.779s 3%: 0.097+0.52+0.15 ms clock, 1.5+0.52/0.86/0+2.4 ms cpu, 3->4->1 MB, 4 MB goal, 0 MB stacks, 0 MB globals, 16 P
gc 6496 @44.781s 3%: 0.17+0.54+0.10 ms clock, 2.7+0.74/0.82/0+1.6 ms cpu, 3->4->2 MB, 4 MB goal, 0 MB stacks, 0 MB globals, 16 P
gc 6497 @44.782s 3%: 0.10+0.58+0.12 ms clock, 1.7+0.60/0.87/0.001+2.0 ms cpu, 3->4->2 MB, 4 MB goal, 0 MB stacks, 0 MB globals, 16 P
gc 6498 @44.784s 3%: 0.10+0.56+0.090 ms clock, 1.6+0.57/0.81/0+1.4 ms cpu, 3->4->1 MB, 4 MB goal, 0 MB stacks, 0 MB globals, 16 P
gc 6499 @44.786s 3%: 0.11+0.53+0.076 ms clock, 1.8+0.53/0.85/0.004+1.2 ms cpu, 3->4->1 MB, 4 MB goal, 0 MB stacks, 0 MB globals, 16 P
gc 6500 @44.787s 3%: 0.10+0.65+0.11 ms clock, 1.6+0.62/0.93/0+1.7 ms cpu, 3->4->1 MB, 4 MB goal, 0 MB stacks, 0 MB globals, 16 P
gc 6501 @44.789s 3%: 0.14+0.69+0.097 ms clock, 2.3+0.62/0.82/0.010+1.5 ms cpu, 3->4->2 MB, 4 MB goal, 0 MB stacks, 0 MB globals, 16 P
gc 6502 @44.791s 3%: 0.10+0.60+0.10 ms clock, 1.6+0.56/0.76/0+1.6 ms cpu, 3->4->2 MB, 4 MB goal, 0 MB stacks, 0 MB globals, 16 P
gc 6503 @44.793s 3%: 0.10+0.69+0.069 ms clock, 1.7+0.59/0.79/0+1.1 ms cpu, 3->4->1 MB, 4 MB goal, 0 MB stacks, 0 MB globals, 16 P
gc 6504 @44.794s 3%: 0.13+0.81+0.082 ms clock, 2.0+0.46/0.90/0.004+1.3 ms cpu, 3->4->2 MB, 4 MB goal, 0 MB stacks, 0 MB globals, 16 P
gc 6505 @44.796s 3%: 0.15+0.55+0.11 ms clock, 2.5+0.58/0.80/0+1.9 ms cpu, 3->4->1 MB, 4 MB goal, 0 MB stacks, 0 MB globals, 16 P
gc 6506 @44.798s 3%: 0.12+0.51+0.085 ms clock, 2.0+0.71/0.68/0.035+1.3 ms cpu, 3->4->1 MB, 4 MB goal, 0 MB stacks, 0 MB globals, 16 P
gc 6507 @44.800s 3%: 0.10+0.59+0.084 ms clock, 1.7+0.66/0.96/0+1.3 ms cpu, 3->4->1 MB, 4 MB goal, 0 MB stacks, 0 MB globals, 16 P
gc 6508 @44.801s 3%: 0.11+0.71+0.10 ms clock, 1.8+0.69/0.75/0+1.6 ms cpu, 3->4->2 MB, 4 MB goal, 0 MB stacks, 0 MB globals, 16 P
gc 6509 @44.803s 3%: 0.12+0.48+0.20 ms clock, 1.9+0.44/0.82/0.006+3.2 ms cpu, 3->4->1 MB, 4 MB goal, 0 MB stacks, 0 MB globals, 16 P
gc 6510 @44.805s 3%: 0.12+0.69+0.071 ms clock, 1.9+0.58/0.92/0.010+1.1 ms cpu, 3->4->2 MB, 4 MB goal, 0 MB stacks, 0 MB globals, 16 P
gc 6511 @44.807s 3%: 0.19+0.61+0.20 ms clock, 3.0+0.62/0.75/0.020+3.3 ms cpu, 3->4->1 MB, 4 MB goal, 0 MB stacks, 0 MB globals, 16 P
gc 6512 @44.808s 3%: 0.098+0.55+0.034 ms clock, 1.5+0.58/0.72/0+0.54 ms cpu, 3->4->1 MB, 4 MB goal, 0 MB stacks, 0 MB globals, 16 P
gc 6513 @44.810s 3%: 0.11+0.59+0.11 ms clock, 1.8+0.49/0.91/0+1.7 ms cpu, 3->4->1 MB, 4 MB goal, 0 MB stacks, 0 MB globals, 16 P
gc 6514 @44.811s 3%: 0.12+0.56+0.098 ms clock, 1.9+0.54/0.79/0.012+1.5 ms cpu, 3->4->1 MB, 4 MB goal, 0 MB stacks, 0 MB globals, 16 P
gc 6515 @44.813s 3%: 0.12+0.68+0.095 ms clock, 1.9+0.56/0.88/0.020+1.5 ms cpu, 3->4->2 MB, 4 MB goal, 0 MB stacks, 0 MB globals, 16 P
gc 6516 @44.815s 3%: 0.11+0.53+0.094 ms clock, 1.7+0.67/0.66/0.080+1.5 ms cpu, 3->4->1 MB, 4 MB goal, 0 MB stacks, 0 MB globals, 16 P
gc 6517 @44.816s 3%: 0.15+0.68+0.098 ms clock, 2.4+0.44/0.90/0+1.5 ms cpu, 3->4->2 MB, 4 MB goal, 0 MB stacks, 0 MB globals, 16 P
gc 6518 @44.818s 3%: 0.13+0.73+0.11 ms clock, 2.2+0.63/0.95/0.027+1.8 ms cpu, 3->4->2 MB, 4 MB goal, 0 MB stacks, 0 MB globals, 16 P
gc 6519 @44.820s 3%: 0.097+0.57+0.095 ms clock, 1.5+0.68/0.72/0+1.5 ms cpu, 3->4->1 MB, 4 MB goal, 0 MB stacks, 0 MB globals, 16 P
gc 6520 @44.822s 3%: 0.12+0.51+0.17 ms clock, 1.9+0.66/0.93/0+2.8 ms cpu, 3->4->1 MB, 4 MB goal, 0 MB stacks, 0 MB globals, 16 P
gc 6521 @44.824s 3%: 0.14+0.55+0.15 ms clock, 2.2+0.57/0.85/0+2.5 ms cpu, 3->4->1 MB, 4 MB goal, 0 MB stacks, 0 MB globals, 16 P
gc 6522 @44.825s 3%: 0.15+0.59+0.086 ms clock, 2.4+0.72/0.79/0+1.3 ms cpu, 3->4->2 MB, 4 MB goal, 0 MB stacks, 0 MB globals, 16 P
gc 6523 @44.827s 3%: 0.11+0.48+0.12 ms clock, 1.8+0.47/0.77/0+2.0 ms cpu, 3->4->1 MB, 4 MB goal, 0 MB stacks, 0 MB globals, 16 P
gc 6524 @44.829s 3%: 0.12+0.60+0.099 ms clock, 2.0+0.72/0.91/0+1.5 ms cpu, 3->4->1 MB, 4 MB goal, 0 MB stacks, 0 MB globals, 16 P
gc 6525 @44.830s 3%: 0.12+0.53+0.13 ms clock, 2.0+0.57/0.88/0+2.1 ms cpu, 3->4->1 MB, 4 MB goal, 0 MB stacks, 0 MB globals, 16 P
gc 6526 @44.832s 3%: 0.092+0.48+0.084 ms clock, 1.4+0.42/0.81/0+1.3 ms cpu, 3->4->1 MB, 4 MB goal, 0 MB stacks, 0 MB globals, 16 P
gc 6527 @44.834s 3%: 0.11+0.47+0.13 ms clock, 1.8+0.53/0.77/0+2.0 ms cpu, 3->4->1 MB, 4 MB goal, 0 MB stacks, 0 MB globals, 16 P
gc 6528 @44.835s 3%: 0.11+0.49+0.16 ms clock, 1.8+0.49/0.76/0+2.5 ms cpu, 3->4->1 MB, 4 MB goal, 0 MB stacks, 0 MB globals, 16 P
gc 6529 @44.837s 3%: 0.12+0.56+0.089 ms clock, 1.9+0.53/0.82/0+1.4 ms cpu, 3->4->1 MB, 4 MB goal, 0 MB stacks, 0 MB globals, 16 P
gc 6530 @44.838s 3%: 0.12+0.50+0.10 ms clock, 2.0+0.56/0.82/0+1.6 ms cpu, 3->4->1 MB, 4 MB goal, 0 MB stacks, 0 MB globals, 16 P
gc 6531 @44.840s 3%: 0.12+0.59+0.092 ms clock, 2.0+0.54/0.79/0+1.4 ms cpu, 3->4->2 MB, 4 MB goal, 0 MB stacks, 0 MB globals, 16 P
gc 6532 @44.842s 3%: 0.15+0.51+0.099 ms clock, 2.4+0.55/0.86/0.039+1.5 ms cpu, 3->4->1 MB, 4 MB goal, 0 MB stacks, 0 MB globals, 16 P
gc 6533 @44.843s 3%: 0.14+0.48+0.10 ms clock, 2.2+0.55/0.86/0+1.6 ms cpu, 3->4->1 MB, 4 MB goal, 0 MB stacks, 0 MB globals, 16 P
gc 6534 @44.845s 3%: 0.13+0.49+0.13 ms clock, 2.1+0.67/0.73/0+2.2 ms cpu, 3->4->1 MB, 4 MB goal, 0 MB stacks, 0 MB globals, 16 P
gc 6535 @44.847s 3%: 0.14+1.2+0.13 ms clock, 2.3+0.61/0.79/0.004+2.1 ms cpu, 3->4->2 MB, 4 MB goal, 0 MB stacks, 0 MB globals, 16 P
gc 6536 @44.849s 3%: 0.12+0.51+0.16 ms clock, 2.0+0.70/0.75/0+2.6 ms cpu, 3->4->1 MB, 4 MB goal, 0 MB stacks, 0 MB globals, 16 P
gc 6537 @44.850s 3%: 0.13+0.49+0.14 ms clock, 2.1+0.57/0.79/0.015+2.3 ms cpu, 3->4->1 MB, 4 MB goal, 0 MB stacks, 0 MB globals, 16 P
gc 6538 @44.852s 3%: 0.18+0.58+0.069 ms clock, 2.9+0.61/0.86/0+1.1 ms cpu, 3->4->2 MB, 4 MB goal, 0 MB stacks, 0 MB globals, 16 P
gc 6539 @44.853s 3%: 0.13+0.55+0.096 ms clock, 2.2+0.53/0.85/0+1.5 ms cpu, 3->4->1 MB, 4 MB goal, 0 MB stacks, 0 MB globals, 16 P
gc 6540 @44.855s 3%: 0.12+0.50+0.13 ms clock, 2.0+0.69/0.77/0+2.2 ms cpu, 3->4->1 MB, 4 MB goal, 0 MB stacks, 0 MB globals, 16 P
gc 6541 @44.857s 3%: 0.15+0.51+0.10 ms clock, 2.4+0.65/0.84/0+1.7 ms cpu, 3->4->1 MB, 4 MB goal, 0 MB stacks, 0 MB globals, 16 P
gc 6542 @44.858s 3%: 0.16+0.67+0.046 ms clock, 2.6+0.48/0.83/0.001+0.74 ms cpu, 3->4->1 MB, 4 MB goal, 0 MB stacks, 0 MB globals, 16 P
gc 6543 @44.860s 3%: 0.12+0.71+0.084 ms clock, 1.9+0.58/0.89/0.014+1.3 ms cpu, 3->4->2 MB, 4 MB goal, 0 MB stacks, 0 MB globals, 16 P
gc 6544 @44.862s 3%: 0.092+0.54+0.15 ms clock, 1.4+0.47/0.86/0+2.5 ms cpu, 3->4->1 MB, 4 MB goal, 0 MB stacks, 0 MB globals, 16 P
gc 6545 @44.864s 3%: 0.11+0.55+0.12 ms clock, 1.8+0.70/0.89/0.001+1.9 ms cpu, 3->4->1 MB, 4 MB goal, 0 MB stacks, 0 MB globals, 16 P
gc 6546 @44.865s 3%: 0.10+0.62+0.11 ms clock, 1.6+0.46/0.85/0.001+1.7 ms cpu, 3->4->2 MB, 4 MB goal, 0 MB stacks, 0 MB globals, 16 P
gc 6547 @44.867s 3%: 0.11+0.48+0.12 ms clock, 1.8+0.49/0.86/0+2.0 ms cpu, 3->4->1 MB, 4 MB goal, 0 MB stacks, 0 MB globals, 16 P
gc 6548 @44.869s 3%: 0.077+0.60+0.13 ms clock, 1.2+0.58/0.75/0.028+2.1 ms cpu, 3->4->1 MB, 4 MB goal, 0 MB stacks, 0 MB globals, 16 P
gc 6549 @44.870s 3%: 0.11+0.53+0.14 ms clock, 1.8+0.61/0.80/0+2.3 ms cpu, 3->4->1 MB, 4 MB goal, 0 MB stacks, 0 MB globals, 16 P
gc 6550 @44.872s 3%: 0.12+0.67+0.11 ms clock, 2.0+0.63/0.83/0+1.9 ms cpu, 3->4->2 MB, 4 MB goal, 0 MB stacks, 0 MB globals, 16 P
gc 6551 @44.874s 3%: 0.084+0.58+0.097 ms clock, 1.3+0.53/0.85/0.007+1.5 ms cpu, 3->4->1 MB, 4 MB goal, 0 MB stacks, 0 MB globals, 16 P
gc 6552 @44.875s 3%: 0.13+0.63+0.10 ms clock, 2.2+0.67/0.78/0+1.6 ms cpu, 3->4->2 MB, 4 MB goal, 0 MB stacks, 0 MB globals, 16 P
gc 6553 @44.877s 3%: 0.12+0.51+0.097 ms clock, 2.0+0.63/0.75/0+1.5 ms cpu, 3->4->1 MB, 4 MB goal, 0 MB stacks, 0 MB globals, 16 P
gc 6554 @44.879s 3%: 0.16+0.38+0.13 ms clock, 2.6+0.54/0.74/0.056+2.2 ms cpu, 3->3->1 MB, 4 MB goal, 0 MB stacks, 0 MB globals, 16 P
gc 6555 @44.880s 3%: 0.12+0.53+0.17 ms clock, 1.9+0.83/0.92/0+2.8 ms cpu, 3->3->1 MB, 4 MB goal, 0 MB stacks, 0 MB globals, 16 P
gc 6556 @44.881s 3%: 0.12+0.68+0.11 ms clock, 1.9+0.51/0.85/0+1.8 ms cpu, 3->4->2 MB, 4 MB goal, 0 MB stacks, 0 MB globals, 16 P
gc 6557 @44.883s 3%: 0.11+0.58+0.098 ms clock, 1.7+0.46/0.84/0+1.5 ms cpu, 3->4->1 MB, 4 MB goal, 0 MB stacks, 0 MB globals, 16 P
gc 6558 @44.885s 3%: 0.15+0.53+0.097 ms clock, 2.4+0.65/0.80/0+1.5 ms cpu, 3->4->1 MB, 4 MB goal, 0 MB stacks, 0 MB globals, 16 P
gc 6559 @44.887s 3%: 0.11+0.52+0.11 ms clock, 1.8+0.52/0.89/0+1.9 ms cpu, 3->4->1 MB, 4 MB goal, 0 MB stacks, 0 MB globals, 16 P
gc 6560 @44.888s 3%: 0.13+0.48+0.19 ms clock, 2.1+0.52/0.77/0+3.0 ms cpu, 3->4->1 MB, 4 MB goal, 0 MB stacks, 0 MB globals, 16 P
gc 6561 @44.890s 3%: 0.13+0.57+0.088 ms clock, 2.2+0.57/0.79/0+1.4 ms cpu, 3->4->2 MB, 4 MB goal, 0 MB stacks, 0 MB globals, 16 P
gc 6562 @44.891s 3%: 0.17+0.74+0.095 ms clock, 2.7+0.72/0.66/0+1.5 ms cpu, 3->4->2 MB, 4 MB goal, 0 MB stacks, 0 MB globals, 16 P
gc 6563 @44.893s 3%: 0.12+0.83+0.11 ms clock, 1.9+0.56/0.88/0+1.7 ms cpu, 3->4->2 MB, 4 MB goal, 0 MB stacks, 0 MB globals, 16 P
gc 6564 @44.896s 3%: 0.11+0.65+0.078 ms clock, 1.9+0.58/0.85/0+1.2 ms cpu, 4->4->2 MB, 4 MB goal, 0 MB stacks, 0 MB globals, 16 P
gc 6565 @44.897s 3%: 0.13+0.64+0.14 ms clock, 2.1+0.49/0.98/0+2.3 ms cpu, 3->4->2 MB, 4 MB goal, 0 MB stacks, 0 MB globals, 16 P
gc 6566 @44.899s 3%: 0.17+0.53+0.11 ms clock, 2.8+0.60/0.80/0+1.8 ms cpu, 3->4->1 MB, 4 MB goal, 0 MB stacks, 0 MB globals, 16 P
gc 6567 @44.901s 3%: 0.20+0.62+0.12 ms clock, 3.2+0.44/0.98/0+2.0 ms cpu, 3->4->2 MB, 4 MB goal, 0 MB stacks, 0 MB globals, 16 P
gc 6568 @44.903s 3%: 0.13+0.57+0.15 ms clock, 2.1+0.70/0.93/0+2.5 ms cpu, 3->4->2 MB, 4 MB goal, 0 MB stacks, 0 MB globals, 16 P
gc 6569 @44.904s 3%: 0.10+0.63+0.081 ms clock, 1.6+0.45/0.86/0.035+1.3 ms cpu, 3->4->1 MB, 4 MB goal, 0 MB stacks, 0 MB globals, 16 P
gc 6570 @44.906s 3%: 0.10+0.60+0.13 ms clock, 1.6+0.61/0.74/0+2.2 ms cpu, 3->4->1 MB, 4 MB goal, 0 MB stacks, 0 MB globals, 16 P
gc 6571 @44.908s 3%: 0.11+0.69+0.10 ms clock, 1.7+0.81/0.88/0.032+1.7 ms cpu, 3->4->2 MB, 4 MB goal, 0 MB stacks, 0 MB globals, 16 P
gc 6572 @44.910s 3%: 0.12+0.52+0.11 ms clock, 2.0+0.71/0.84/0+1.7 ms cpu, 3->4->1 MB, 4 MB goal, 0 MB stacks, 0 MB globals, 16 P
gc 6573 @44.911s 3%: 0.22+0.53+0.11 ms clock, 3.5+0.63/0.86/0.002+1.9 ms cpu, 3->4->2 MB, 4 MB goal, 0 MB stacks, 0 MB globals, 16 P
gc 6574 @44.913s 3%: 0.10+0.67+0.076 ms clock, 1.7+0.68/0.80/0+1.2 ms cpu, 3->4->2 MB, 4 MB goal, 0 MB stacks, 0 MB globals, 16 P
gc 6575 @44.915s 3%: 0.093+0.79+0.12 ms clock, 1.4+0.52/0.88/0+1.9 ms cpu, 3->4->2 MB, 4 MB goal, 0 MB stacks, 0 MB globals, 16 P
gc 6576 @44.917s 3%: 0.13+0.66+0.11 ms clock, 2.2+0.61/0.87/0+1.7 ms cpu, 3->4->2 MB, 4 MB goal, 0 MB stacks, 0 MB globals, 16 P
gc 6577 @44.919s 3%: 0.099+0.50+0.077 ms clock, 1.5+0.51/0.77/0+1.2 ms cpu, 3->4->1 MB, 4 MB goal, 0 MB stacks, 0 MB globals, 16 P
gc 6578 @44.920s 3%: 0.10+0.55+0.11 ms clock, 1.6+0.50/0.85/0.026+1.8 ms cpu, 3->4->1 MB, 4 MB goal, 0 MB stacks, 0 MB globals, 16 P
gc 6579 @44.922s 3%: 0.11+0.63+0.10 ms clock, 1.7+0.67/0.95/0+1.7 ms cpu, 3->4->2 MB, 4 MB goal, 0 MB stacks, 0 MB globals, 16 P
gc 6580 @44.923s 3%: 0.14+0.55+0.14 ms clock, 2.2+0.54/0.78/0.001+2.3 ms cpu, 3->4->1 MB, 4 MB goal, 0 MB stacks, 0 MB globals, 16 P
gc 6581 @44.925s 3%: 0.13+0.50+0.15 ms clock, 2.2+0.65/0.86/0+2.4 ms cpu, 3->4->2 MB, 4 MB goal, 0 MB stacks, 0 MB globals, 16 P
gc 6582 @44.927s 3%: 0.16+0.57+0.12 ms clock, 2.7+0.63/0.88/0+1.9 ms cpu, 3->4->2 MB, 4 MB goal, 0 MB stacks, 0 MB globals, 16 P
gc 6583 @44.928s 3%: 0.12+0.62+0.19 ms clock, 2.0+0.54/0.89/0+3.1 ms cpu, 3->4->2 MB, 4 MB goal, 0 MB stacks, 0 MB globals, 16 P
gc 6584 @44.930s 3%: 0.12+0.54+0.081 ms clock, 1.9+0.46/0.84/0.028+1.2 ms cpu, 3->4->1 MB, 4 MB goal, 0 MB stacks, 0 MB globals, 16 P
gc 6585 @44.932s 3%: 0.11+0.77+0.10 ms clock, 1.7+0.69/0.94/0+1.6 ms cpu, 3->4->2 MB, 4 MB goal, 0 MB stacks, 0 MB globals, 16 P
gc 6586 @44.934s 3%: 0.13+0.66+0.13 ms clock, 2.2+0.61/0.88/0.035+2.2 ms cpu, 4->4->2 MB, 4 MB goal, 0 MB stacks, 0 MB globals, 16 P
gc 6587 @44.936s 3%: 0.13+0.57+0.089 ms clock, 2.1+0.54/0.83/0+1.4 ms cpu, 3->4->1 MB, 4 MB goal, 0 MB stacks, 0 MB globals, 16 P
gc 6588 @44.937s 3%: 0.13+0.67+0.090 ms clock, 2.0+0.62/0.79/0+1.4 ms cpu, 3->4->2 MB, 4 MB goal, 0 MB stacks, 0 MB globals, 16 P
gc 6589 @44.939s 3%: 0.12+0.93+0.056 ms clock, 1.9+0.46/0.97/0.018+0.91 ms cpu, 3->4->2 MB, 4 MB goal, 0 MB stacks, 0 MB globals, 16 P
gc 6590 @44.941s 3%: 0.13+0.53+0.13 ms clock, 2.1+0.54/0.83/0+2.1 ms cpu, 3->4->2 MB, 4 MB goal, 0 MB stacks, 0 MB globals, 16 P
gc 6591 @44.943s 3%: 0.17+0.48+0.15 ms clock, 2.8+0.58/0.80/0.024+2.4 ms cpu, 3->4->1 MB, 4 MB goal, 0 MB stacks, 0 MB globals, 16 P
gc 6592 @44.945s 3%: 0.10+0.59+0.10 ms clock, 1.6+0.49/0.92/0+1.7 ms cpu, 3->4->2 MB, 4 MB goal, 0 MB stacks, 0 MB globals, 16 P
gc 6593 @44.946s 3%: 0.18+0.78+0.10 ms clock, 2.8+0.64/0.89/0.014+1.6 ms cpu, 3->4->2 MB, 4 MB goal, 0 MB stacks, 0 MB globals, 16 P
gc 6594 @44.948s 3%: 0.12+0.64+0.099 ms clock, 2.0+0.61/0.91/0.029+1.5 ms cpu, 4->4->2 MB, 4 MB goal, 0 MB stacks, 0 MB globals, 16 P
gc 6595 @44.950s 3%: 0.12+0.54+0.10 ms clock, 1.9+0.53/0.87/0.001+1.6 ms cpu, 3->4->1 MB, 4 MB goal, 0 MB stacks, 0 MB globals, 16 P
gc 6596 @44.952s 3%: 0.14+0.66+0.15 ms clock, 2.2+0.69/0.93/0.002+2.5 ms cpu, 3->4->2 MB, 4 MB goal, 0 MB stacks, 0 MB globals, 16 P
gc 6597 @44.954s 3%: 0.10+0.66+0.096 ms clock, 1.6+0.48/0.87/0+1.5 ms cpu, 3->4->1 MB, 4 MB goal, 0 MB stacks, 0 MB globals, 16 P
gc 6598 @44.956s 3%: 0.13+0.73+0.072 ms clock, 2.0+0.58/0.87/0.010+1.1 ms cpu, 3->4->2 MB, 4 MB goal, 0 MB stacks, 0 MB globals, 16 P
gc 6599 @44.958s 3%: 0.12+0.63+0.15 ms clock, 2.0+0.48/0.93/0+2.5 ms cpu, 3->4->2 MB, 4 MB goal, 0 MB stacks, 0 MB globals, 16 P
gc 6600 @44.959s 3%: 0.11+0.62+0.11 ms clock, 1.8+0.55/0.89/0+1.7 ms cpu, 3->4->1 MB, 4 MB goal, 0 MB stacks, 0 MB globals, 16 P
gc 6601 @44.961s 3%: 0.11+0.63+0.15 ms clock, 1.8+0.55/0.71/0.007+2.4 ms cpu, 3->4->2 MB, 4 MB goal, 0 MB stacks, 0 MB globals, 16 P
gc 6602 @44.963s 3%: 0.14+0.80+0.082 ms clock, 2.3+0.66/0.92/0+1.3 ms cpu, 3->4->2 MB, 4 MB goal, 0 MB stacks, 0 MB globals, 16 P
gc 6603 @44.965s 3%: 0.14+0.57+0.14 ms clock, 2.3+0.56/0.84/0.044+2.2 ms cpu, 4->4->1 MB, 4 MB goal, 0 MB stacks, 0 MB globals, 16 P
gc 6604 @44.967s 3%: 0.14+0.51+0.15 ms clock, 2.3+0.74/0.87/0.003+2.4 ms cpu, 3->4->2 MB, 4 MB goal, 0 MB stacks, 0 MB globals, 16 P
gc 6605 @44.968s 3%: 0.18+0.60+0.097 ms clock, 2.9+0.54/0.74/0.021+1.5 ms cpu, 3->4->2 MB, 4 MB goal, 0 MB stacks, 0 MB globals, 16 P
gc 6606 @44.970s 3%: 0.16+0.51+0.086 ms clock, 2.6+0.62/0.81/0+1.3 ms cpu, 3->4->1 MB, 4 MB goal, 0 MB stacks, 0 MB globals, 16 P
gc 6607 @44.972s 3%: 0.10+0.60+0.086 ms clock, 1.6+0.50/0.98/0.006+1.3 ms cpu, 3->4->2 MB, 4 MB goal, 0 MB stacks, 0 MB globals, 16 P
gc 6608 @44.974s 3%: 0.13+0.62+0.13 ms clock, 2.1+0.64/0.76/0+2.1 ms cpu, 3->4->1 MB, 4 MB goal, 0 MB stacks, 0 MB globals, 16 P
gc 6609 @44.975s 3%: 0.13+0.70+0.074 ms clock, 2.1+0.61/0.82/0.020+1.1 ms cpu, 3->4->2 MB, 4 MB goal, 0 MB stacks, 0 MB globals, 16 P
gc 6610 @44.977s 3%: 0.15+0.56+0.12 ms clock, 2.4+0.49/0.79/0+1.9 ms cpu, 3->4->1 MB, 4 MB goal, 0 MB stacks, 0 MB globals, 16 P
gc 6611 @44.979s 3%: 0.14+0.71+0.099 ms clock, 2.3+0.63/0.82/0+1.5 ms cpu, 3->4->2 MB, 4 MB goal, 0 MB stacks, 0 MB globals, 16 P
gc 6612 @44.981s 3%: 0.11+0.83+0.081 ms clock, 1.7+0.60/0.84/0+1.3 ms cpu, 3->4->2 MB, 4 MB goal, 0 MB stacks, 0 MB globals, 16 P
gc 6613 @44.983s 3%: 0.10+0.62+0.069 ms clock, 1.6+0.36/0.97/0.011+1.1 ms cpu, 3->4->1 MB, 4 MB goal, 0 MB stacks, 0 MB globals, 16 P
gc 6614 @44.984s 3%: 0.14+0.63+0.056 ms clock, 2.3+0.64/0.77/0+0.90 ms cpu, 3->4->1 MB, 4 MB goal, 0 MB stacks, 0 MB globals, 16 P
gc 6615 @44.986s 3%: 0.11+0.68+0.053 ms clock, 1.7+0.67/0.78/0+0.85 ms cpu, 3->4->2 MB, 4 MB goal, 0 MB stacks, 0 MB globals, 16 P
gc 6616 @44.987s 3%: 0.13+0.57+0.11 ms clock, 2.1+0.56/0.84/0+1.7 ms cpu, 3->4->1 MB, 4 MB goal, 0 MB stacks, 0 MB globals, 16 P
gc 6617 @44.989s 3%: 0.12+0.51+0.093 ms clock, 1.9+0.65/0.81/0+1.4 ms cpu, 3->4->1 MB, 4 MB goal, 0 MB stacks, 0 MB globals, 16 P
gc 6618 @44.991s 3%: 0.11+0.51+0.088 ms clock, 1.8+0.49/0.90/0+1.4 ms cpu, 3->4->1 MB, 4 MB goal, 0 MB stacks, 0 MB globals, 16 P
gc 6619 @44.992s 3%: 0.18+0.63+0.15 ms clock, 2.9+0.44/0.88/0+2.4 ms cpu, 3->4->1 MB, 4 MB goal, 0 MB stacks, 0 MB globals, 16 P
gc 6620 @44.994s 3%: 0.13+0.56+0.085 ms clock, 2.1+0.57/0.87/0+1.3 ms cpu, 3->4->1 MB, 4 MB goal, 0 MB stacks, 0 MB globals, 16 P
gc 6621 @44.996s 3%: 0.095+0.68+0.087 ms clock, 1.5+0.46/0.82/0+1.4 ms cpu, 3->4->1 MB, 4 MB goal, 0 MB stacks, 0 MB globals, 16 P
gc 6622 @44.997s 3%: 0.14+0.52+0.091 ms clock, 2.2+0.64/0.73/0+1.4 ms cpu, 3->4->1 MB, 4 MB goal, 0 MB stacks, 0 MB globals, 16 P
gc 6623 @44.999s 3%: 0.14+0.77+0.082 ms clock, 2.3+0.62/0.78/0.020+1.3 ms cpu, 3->4->2 MB, 4 MB goal, 0 MB stacks, 0 MB globals, 16 P
gc 6624 @45.001s 3%: 0.069+0.49+0.11 ms clock, 1.1+0.44/1.0/0.034+1.8 ms cpu, 3->4->1 MB, 4 MB goal, 0 MB stacks, 0 MB globals, 16 P
gc 6625 @45.002s 3%: 0.11+0.65+0.062 ms clock, 1.7+0.60/0.89/0.015+0.99 ms cpu, 3->4->1 MB, 4 MB goal, 0 MB stacks, 0 MB globals, 16 P
gc 6626 @45.004s 3%: 0.10+0.60+0.12 ms clock, 1.6+0.55/0.94/0+1.9 ms cpu, 3->4->2 MB, 4 MB goal, 0 MB stacks, 0 MB globals, 16 P
gc 6627 @45.006s 3%: 0.12+0.68+0.093 ms clock, 2.0+0.51/0.86/0+1.4 ms cpu, 3->4->2 MB, 4 MB goal, 0 MB stacks, 0 MB globals, 16 P
gc 6628 @45.008s 3%: 0.12+0.65+0.11 ms clock, 1.9+0.57/0.83/0+1.7 ms cpu, 3->4->2 MB, 4 MB goal, 0 MB stacks, 0 MB globals, 16 P
gc 6629 @45.010s 3%: 0.14+0.57+0.11 ms clock, 2.3+0.57/0.82/0.002+1.8 ms cpu, 3->4->2 MB, 4 MB goal, 0 MB stacks, 0 MB globals, 16 P
gc 6630 @45.011s 3%: 0.15+0.42+0.17 ms clock, 2.4+0.70/0.80/0.002+2.8 ms cpu, 3->4->1 MB, 4 MB goal, 0 MB stacks, 0 MB globals, 16 P
gc 6631 @45.013s 3%: 0.11+0.64+0.068 ms clock, 1.8+0.40/0.94/0.071+1.0 ms cpu, 3->4->1 MB, 4 MB goal, 0 MB stacks, 0 MB globals, 16 P
gc 6632 @45.015s 3%: 0.091+0.62+0.045 ms clock, 1.4+0.67/0.85/0.029+0.73 ms cpu, 3->4->1 MB, 4 MB goal, 0 MB stacks, 0 MB globals, 16 P
gc 6633 @45.016s 3%: 0.20+0.67+0.12 ms clock, 3.2+0.65/0.92/0+2.0 ms cpu, 3->4->2 MB, 4 MB goal, 0 MB stacks, 0 MB globals, 16 P
gc 6634 @45.018s 3%: 0.14+0.63+0.13 ms clock, 2.3+0.72/0.79/0+2.2 ms cpu, 4->4->2 MB, 4 MB goal, 0 MB stacks, 0 MB globals, 16 P
gc 6635 @45.020s 3%: 0.14+0.50+0.14 ms clock, 2.2+0.54/0.79/0.011+2.3 ms cpu, 3->4->1 MB, 4 MB goal, 0 MB stacks, 0 MB globals, 16 P
gc 6636 @45.022s 3%: 0.19+0.48+0.12 ms clock, 3.0+0.69/0.70/0+2.0 ms cpu, 3->4->1 MB, 4 MB goal, 0 MB stacks, 0 MB globals, 16 P
gc 6637 @45.023s 3%: 0.16+0.72+0.072 ms clock, 2.6+0.53/1.0/0+1.1 ms cpu, 3->4->2 MB, 4 MB goal, 0 MB stacks, 0 MB globals, 16 P
gc 6638 @45.025s 3%: 0.099+0.66+0.060 ms clock, 1.5+0.71/0.86/0+0.97 ms cpu, 3->4->1 MB, 4 MB goal, 0 MB stacks, 0 MB globals, 16 P
gc 6639 @45.027s 3%: 0.11+0.63+0.11 ms clock, 1.8+0.66/0.74/0+1.8 ms cpu, 3->4->2 MB, 4 MB goal, 0 MB stacks, 0 MB globals, 16 P
gc 6640 @45.029s 3%: 0.077+0.70+0.12 ms clock, 1.2+0.52/1.1/0+2.0 ms cpu, 3->4->2 MB, 4 MB goal, 0 MB stacks, 0 MB globals, 16 P
gc 6641 @45.031s 3%: 0.12+0.53+0.12 ms clock, 1.9+0.43/0.85/0+2.0 ms cpu, 3->4->1 MB, 4 MB goal, 0 MB stacks, 0 MB globals, 16 P
gc 6642 @45.032s 3%: 0.11+0.58+0.10 ms clock, 1.8+0.59/0.81/0+1.7 ms cpu, 3->4->2 MB, 4 MB goal, 0 MB stacks, 0 MB globals, 16 P
gc 6643 @45.034s 3%: 0.10+0.43+0.063 ms clock, 1.7+0.47/0.72/0.072+1.0 ms cpu, 3->4->1 MB, 4 MB goal, 0 MB stacks, 0 MB globals, 16 P
gc 6644 @45.035s 3%: 0.090+0.53+0.12 ms clock, 1.4+0.66/0.76/0+1.9 ms cpu, 3->3->1 MB, 4 MB goal, 0 MB stacks, 0 MB globals, 16 P
gc 6645 @45.037s 3%: 0.11+0.65+0.10 ms clock, 1.8+0.53/0.84/0.004+1.7 ms cpu, 3->4->1 MB, 4 MB goal, 0 MB stacks, 0 MB globals, 16 P
gc 6646 @45.039s 3%: 0.13+0.46+0.14 ms clock, 2.2+0.71/0.88/0+2.2 ms cpu, 3->4->1 MB, 4 MB goal, 0 MB stacks, 0 MB globals, 16 P
gc 6647 @45.040s 3%: 0.14+0.64+0.10 ms clock, 2.2+0.67/0.83/0+1.6 ms cpu, 3->4->2 MB, 4 MB goal, 0 MB stacks, 0 MB globals, 16 P
gc 6648 @45.042s 3%: 0.14+0.76+0.15 ms clock, 2.3+0.71/0.72/0+2.4 ms cpu, 3->4->2 MB, 4 MB goal, 0 MB stacks, 0 MB globals, 16 P
gc 6649 @45.044s 3%: 0.12+0.64+0.12 ms clock, 1.9+0.52/0.92/0.019+2.0 ms cpu, 4->4->1 MB, 4 MB goal, 0 MB stacks, 0 MB globals, 16 P
gc 6650 @45.046s 3%: 0.14+0.56+0.20 ms clock, 2.2+0.51/0.98/0+3.3 ms cpu, 3->4->1 MB, 4 MB goal, 0 MB stacks, 0 MB globals, 16 P
gc 6651 @45.047s 3%: 0.16+0.68+0.19 ms clock, 2.5+0.69/0.82/0.028+3.0 ms cpu, 3->4->2 MB, 4 MB goal, 0 MB stacks, 0 MB globals, 16 P
gc 6652 @45.049s 3%: 0.10+0.46+0.12 ms clock, 1.7+0.50/0.80/0.001+1.9 ms cpu, 3->4->1 MB, 4 MB goal, 0 MB stacks, 0 MB globals, 16 P
gc 6653 @45.051s 3%: 0.11+0.66+0.093 ms clock, 1.9+0.51/0.88/0.001+1.5 ms cpu, 3->4->2 MB, 4 MB goal, 0 MB stacks, 0 MB globals, 16 P
gc 6654 @45.053s 3%: 0.11+0.62+0.083 ms clock, 1.8+0.64/0.83/0.019+1.3 ms cpu, 3->4->1 MB, 4 MB goal, 0 MB stacks, 0 MB globals, 16 P
gc 6655 @45.054s 3%: 0.10+0.74+0.067 ms clock, 1.6+0.49/1.0/0.016+1.0 ms cpu, 3->4->2 MB, 4 MB goal, 0 MB stacks, 0 MB globals, 16 P
gc 6656 @45.056s 3%: 0.11+0.50+0.20 ms clock, 1.8+0.61/0.76/0.026+3.3 ms cpu, 3->4->1 MB, 4 MB goal, 0 MB stacks, 0 MB globals, 16 P
gc 6657 @45.058s 3%: 0.13+0.43+0.10 ms clock, 2.1+0.66/0.74/0+1.6 ms cpu, 3->3->1 MB, 4 MB goal, 0 MB stacks, 0 MB globals, 16 P
gc 6658 @45.059s 3%: 0.13+0.67+0.11 ms clock, 2.1+0.73/0.77/0+1.8 ms cpu, 3->4->2 MB, 4 MB goal, 0 MB stacks, 0 MB globals, 16 P
gc 6659 @45.061s 3%: 0.13+0.54+0.11 ms clock, 2.1+0.60/0.82/0.037+1.8 ms cpu, 3->4->1 MB, 4 MB goal, 0 MB stacks, 0 MB globals, 16 P
gc 6660 @45.062s 3%: 0.12+0.63+0.099 ms clock, 1.9+0.45/1.0/0.002+1.5 ms cpu, 3->4->2 MB, 4 MB goal, 0 MB stacks, 0 MB globals, 16 P
gc 6661 @45.064s 3%: 0.10+0.70+0.15 ms clock, 1.6+0.68/0.82/0+2.5 ms cpu, 3->4->2 MB, 4 MB goal, 0 MB stacks, 0 MB globals, 16 P
gc 6662 @45.066s 3%: 0.15+0.61+0.090 ms clock, 2.4+0.54/0.82/0+1.4 ms cpu, 3->4->1 MB, 4 MB goal, 0 MB stacks, 0 MB globals, 16 P
gc 6663 @45.067s 3%: 0.11+0.54+0.10 ms clock, 1.7+0.49/0.83/0.058+1.7 ms cpu, 3->4->1 MB, 4 MB goal, 0 MB stacks, 0 MB globals, 16 P
gc 6664 @45.069s 3%: 0.10+0.62+0.010 ms clock, 1.7+0.60/0.99/0.015+0.16 ms cpu, 3->4->1 MB, 4 MB goal, 0 MB stacks, 0 MB globals, 16 P
gc 6665 @45.070s 3%: 0.15+0.54+0.13 ms clock, 2.4+0.64/0.87/0+2.1 ms cpu, 3->4->1 MB, 4 MB goal, 0 MB stacks, 0 MB globals, 16 P
gc 6666 @45.072s 3%: 0.16+0.51+0.14 ms clock, 2.7+0.56/0.76/0+2.3 ms cpu, 3->4->1 MB, 4 MB goal, 0 MB stacks, 0 MB globals, 16 P
gc 6667 @45.074s 3%: 0.13+0.49+0.14 ms clock, 2.1+0.59/0.82/0+2.3 ms cpu, 3->4->1 MB, 4 MB goal, 0 MB stacks, 0 MB globals, 16 P
gc 6668 @45.075s 3%: 0.11+0.52+0.10 ms clock, 1.8+0.57/0.77/0+1.7 ms cpu, 3->4->1 MB, 4 MB goal, 0 MB stacks, 0 MB globals, 16 P
gc 6669 @45.076s 3%: 0.11+0.57+0.10 ms clock, 1.8+0.58/0.95/0+1.6 ms cpu, 3->4->1 MB, 4 MB goal, 0 MB stacks, 0 MB globals, 16 P
gc 6670 @45.078s 3%: 0.10+0.67+0.10 ms clock, 1.6+0.47/0.81/0+1.7 ms cpu, 3->4->2 MB, 4 MB goal, 0 MB stacks, 0 MB globals, 16 P
gc 6671 @45.080s 3%: 0.085+0.72+0.13 ms clock, 1.3+0.39/0.80/0.018+2.1 ms cpu, 3->4->2 MB, 4 MB goal, 0 MB stacks, 0 MB globals, 16 P
gc 6672 @45.082s 3%: 0.19+0.54+0.12 ms clock, 3.1+0.48/0.83/0.004+2.0 ms cpu, 3->4->2 MB, 4 MB goal, 0 MB stacks, 0 MB globals, 16 P
gc 6673 @45.083s 3%: 0.10+0.71+0.11 ms clock, 1.6+0.50/0.83/0+1.8 ms cpu, 3->4->2 MB, 4 MB goal, 0 MB stacks, 0 MB globals, 16 P
gc 6674 @45.085s 3%: 0.15+0.62+0.11 ms clock, 2.5+0.68/0.78/0.030+1.8 ms cpu, 3->4->2 MB, 4 MB goal, 0 MB stacks, 0 MB globals, 16 P
gc 6675 @45.087s 3%: 0.11+0.58+0.11 ms clock, 1.7+0.40/0.85/0+1.7 ms cpu, 3->4->1 MB, 4 MB goal, 0 MB stacks, 0 MB globals, 16 P
gc 6676 @45.089s 3%: 0.12+0.51+0.078 ms clock, 2.0+0.61/0.75/0.024+1.2 ms cpu, 3->4->1 MB, 4 MB goal, 0 MB stacks, 0 MB globals, 16 P
gc 6677 @45.090s 3%: 0.13+0.47+0.13 ms clock, 2.1+0.62/0.69/0.011+2.2 ms cpu, 3->3->1 MB, 4 MB goal, 0 MB stacks, 0 MB globals, 16 P
gc 6678 @45.092s 3%: 0.18+0.47+0.14 ms clock, 2.9+0.53/0.84/0.021+2.2 ms cpu, 3->4->1 MB, 4 MB goal, 0 MB stacks, 0 MB globals, 16 P
gc 6679 @45.093s 3%: 0.11+0.58+0.13 ms clock, 1.8+0.57/0.86/0.019+2.1 ms cpu, 3->4->1 MB, 4 MB goal, 0 MB stacks, 0 MB globals, 16 P
gc 6680 @45.095s 3%: 0.13+0.61+0.11 ms clock, 2.0+0.49/0.77/0+1.8 ms cpu, 3->4->1 MB, 4 MB goal, 0 MB stacks, 0 MB globals, 16 P
gc 6681 @45.097s 3%: 0.10+0.64+0.096 ms clock, 1.7+0.46/0.99/0.002+1.5 ms cpu, 3->4->2 MB, 4 MB goal, 0 MB stacks, 0 MB globals, 16 P
gc 6682 @45.098s 3%: 0.11+0.63+0.10 ms clock, 1.8+0.60/0.78/0+1.6 ms cpu, 3->4->2 MB, 4 MB goal, 0 MB stacks, 0 MB globals, 16 P
gc 6683 @45.100s 3%: 0.13+0.58+0.10 ms clock, 2.1+0.63/0.85/0+1.6 ms cpu, 3->4->2 MB, 4 MB goal, 0 MB stacks, 0 MB globals, 16 P
gc 6684 @45.102s 3%: 0.15+0.54+0.10 ms clock, 2.5+0.58/0.90/0.004+1.6 ms cpu, 3->4->1 MB, 4 MB goal, 0 MB stacks, 0 MB globals, 16 P
gc 6685 @45.104s 3%: 0.11+0.62+0.066 ms clock, 1.8+0.52/0.80/0.048+1.0 ms cpu, 3->4->1 MB, 4 MB goal, 0 MB stacks, 0 MB globals, 16 P
gc 6686 @45.105s 3%: 0.11+0.67+0.085 ms clock, 1.8+0.58/0.87/0+1.3 ms cpu, 3->4->2 MB, 4 MB goal, 0 MB stacks, 0 MB globals, 16 P
gc 6687 @45.107s 3%: 0.10+0.69+0.14 ms clock, 1.6+0.57/0.89/0+2.2 ms cpu, 3->4->2 MB, 4 MB goal, 0 MB stacks, 0 MB globals, 16 P
gc 6688 @45.109s 3%: 0.11+0.53+0.068 ms clock, 1.9+0.46/0.91/0+1.1 ms cpu, 3->4->1 MB, 4 MB goal, 0 MB stacks, 0 MB globals, 16 P
gc 6689 @45.110s 3%: 0.11+0.47+0.14 ms clock, 1.7+0.65/0.84/0+2.3 ms cpu, 3->4->1 MB, 4 MB goal, 0 MB stacks, 0 MB globals, 16 P
gc 6690 @45.112s 3%: 0.10+0.56+0.086 ms clock, 1.7+0.48/0.85/0+1.3 ms cpu, 3->4->1 MB, 4 MB goal, 0 MB stacks, 0 MB globals, 16 P
gc 6691 @45.114s 3%: 0.12+0.52+0.090 ms clock, 1.9+0.68/0.70/0+1.4 ms cpu, 3->4->1 MB, 4 MB goal, 0 MB stacks, 0 MB globals, 16 P
gc 6692 @45.115s 3%: 0.091+0.46+0.17 ms clock, 1.4+0.41/0.72/0.10+2.8 ms cpu, 3->4->1 MB, 4 MB goal, 0 MB stacks, 0 MB globals, 16 P
gc 6693 @45.117s 3%: 0.17+0.56+0.090 ms clock, 2.8+0.68/0.92/0+1.4 ms cpu, 3->4->2 MB, 4 MB goal, 0 MB stacks, 0 MB globals, 16 P
gc 6694 @45.118s 3%: 0.12+0.56+0.038 ms clock, 1.9+0.48/0.85/0.008+0.61 ms cpu, 3->4->1 MB, 4 MB goal, 0 MB stacks, 0 MB globals, 16 P
gc 6695 @45.120s 3%: 0.097+0.58+0.10 ms clock, 1.5+0.47/0.95/0+1.7 ms cpu, 3->4->1 MB, 4 MB goal, 0 MB stacks, 0 MB globals, 16 P
gc 6696 @45.122s 3%: 0.13+0.68+0.11 ms clock, 2.1+0.53/0.89/0.001+1.7 ms cpu, 3->4->2 MB, 4 MB goal, 0 MB stacks, 0 MB globals, 16 P
gc 6697 @45.123s 3%: 0.12+0.43+0.15 ms clock, 2.0+0.53/0.77/0+2.5 ms cpu, 3->4->1 MB, 4 MB goal, 0 MB stacks, 0 MB globals, 16 P
gc 6698 @45.125s 3%: 0.12+0.50+0.086 ms clock, 2.0+0.46/0.84/0+1.3 ms cpu, 3->3->1 MB, 4 MB goal, 0 MB stacks, 0 MB globals, 16 P
gc 6699 @45.126s 3%: 0.11+0.67+0.084 ms clock, 1.8+0.57/0.96/0+1.3 ms cpu, 3->4->2 MB, 4 MB goal, 0 MB stacks, 0 MB globals, 16 P
gc 6700 @45.128s 3%: 0.12+0.61+0.13 ms clock, 1.9+0.51/0.87/0.12+2.1 ms cpu, 3->4->1 MB, 4 MB goal, 0 MB stacks, 0 MB globals, 16 P
gc 6701 @45.130s 3%: 0.17+0.63+0.079 ms clock, 2.7+0.69/0.73/0.038+1.2 ms cpu, 3->4->1 MB, 4 MB goal, 0 MB stacks, 0 MB globals, 16 P
gc 6702 @45.131s 3%: 0.12+0.61+0.089 ms clock, 1.9+0.46/0.85/0+1.4 ms cpu, 3->4->2 MB, 4 MB goal, 0 MB stacks, 0 MB globals, 16 P
gc 6703 @45.133s 3%: 0.12+0.52+0.13 ms clock, 2.0+0.60/0.81/0+2.1 ms cpu, 3->4->2 MB, 4 MB goal, 0 MB stacks, 0 MB globals, 16 P
gc 6704 @45.135s 3%: 0.15+0.55+0.099 ms clock, 2.4+0.60/0.85/0+1.5 ms cpu, 3->4->2 MB, 4 MB goal, 0 MB stacks, 0 MB globals, 16 P
gc 6705 @45.137s 3%: 0.10+0.45+0.053 ms clock, 1.6+0.64/0.76/0.029+0.85 ms cpu, 3->4->1 MB, 4 MB goal, 0 MB stacks, 0 MB globals, 16 P
gc 6706 @45.138s 3%: 0.11+0.56+0.062 ms clock, 1.8+0.68/0.79/0+1.0 ms cpu, 3->3->1 MB, 4 MB goal, 0 MB stacks, 0 MB globals, 16 P
gc 6707 @45.139s 3%: 0.14+0.53+0.033 ms clock, 2.3+0.47/0.81/0+0.53 ms cpu, 3->4->1 MB, 4 MB goal, 0 MB stacks, 0 MB globals, 16 P
gc 6708 @45.141s 3%: 0.11+0.52+0.11 ms clock, 1.9+0.45/0.88/0+1.8 ms cpu, 3->4->1 MB, 4 MB goal, 0 MB stacks, 0 MB globals, 16 P
gc 6709 @45.143s 3%: 0.13+0.55+0.073 ms clock, 2.1+0.66/0.88/0+1.1 ms cpu, 3->4->1 MB, 4 MB goal, 0 MB stacks, 0 MB globals, 16 P
gc 6710 @45.144s 3%: 0.12+0.68+0.13 ms clock, 2.0+0.68/0.90/0.001+2.1 ms cpu, 3->4->2 MB, 4 MB goal, 0 MB stacks, 0 MB globals, 16 P
gc 6711 @45.146s 3%: 0.11+0.55+0.18 ms clock, 1.8+0.45/0.86/0+2.9 ms cpu, 3->4->1 MB, 4 MB goal, 0 MB stacks, 0 MB globals, 16 P
gc 6712 @45.148s 3%: 0.14+0.55+0.18 ms clock, 2.3+0.47/0.84/0+3.0 ms cpu, 3->4->1 MB, 4 MB goal, 0 MB stacks, 0 MB globals, 16 P
gc 6713 @45.149s 3%: 0.14+0.50+0.099 ms clock, 2.3+0.74/0.82/0+1.5 ms cpu, 3->4->1 MB, 4 MB goal, 0 MB stacks, 0 MB globals, 16 P
gc 6714 @45.151s 3%: 0.11+0.49+0.11 ms clock, 1.8+0.46/0.91/0.018+1.7 ms cpu, 3->4->1 MB, 4 MB goal, 0 MB stacks, 0 MB globals, 16 P
gc 6715 @45.153s 3%: 0.19+0.54+0.14 ms clock, 3.0+0.63/0.62/0.15+2.3 ms cpu, 3->4->1 MB, 4 MB goal, 0 MB stacks, 0 MB globals, 16 P
gc 6716 @45.154s 3%: 0.17+0.48+0.17 ms clock, 2.8+0.55/0.79/0+2.8 ms cpu, 3->4->2 MB, 4 MB goal, 0 MB stacks, 0 MB globals, 16 P
gc 6717 @45.156s 3%: 0.19+0.62+0.13 ms clock, 3.0+0.66/0.98/0.003+2.1 ms cpu, 3->4->2 MB, 4 MB goal, 0 MB stacks, 0 MB globals, 16 P
gc 6718 @45.158s 3%: 0.11+0.54+0.11 ms clock, 1.8+0.58/0.74/0.001+1.7 ms cpu, 3->4->1 MB, 4 MB goal, 0 MB stacks, 0 MB globals, 16 P
gc 6719 @45.159s 3%: 0.16+0.64+0.095 ms clock, 2.6+0.56/0.83/0.072+1.5 ms cpu, 3->4->2 MB, 4 MB goal, 0 MB stacks, 0 MB globals, 16 P
gc 6720 @45.161s 3%: 0.10+0.56+0.10 ms clock, 1.7+0.55/0.97/0.006+1.7 ms cpu, 3->4->1 MB, 4 MB goal, 0 MB stacks, 0 MB globals, 16 P
gc 6721 @45.163s 3%: 0.080+0.54+0.10 ms clock, 1.2+0.45/0.87/0+1.6 ms cpu, 3->4->1 MB, 4 MB goal, 0 MB stacks, 0 MB globals, 16 P
gc 6722 @45.164s 3%: 0.13+0.68+0.14 ms clock, 2.1+0.58/0.77/0+2.3 ms cpu, 3->4->2 MB, 4 MB goal, 0 MB stacks, 0 MB globals, 16 P
gc 6723 @45.166s 3%: 0.12+0.63+0.088 ms clock, 1.9+0.58/0.78/0+1.4 ms cpu, 3->4->2 MB, 4 MB goal, 0 MB stacks, 0 MB globals, 16 P
gc 6724 @45.168s 3%: 0.10+0.73+0.037 ms clock, 1.7+0.60/0.95/0.001+0.60 ms cpu, 3->4->2 MB, 4 MB goal, 0 MB stacks, 0 MB globals, 16 P
gc 6725 @45.170s 3%: 0.14+0.69+0.092 ms clock, 2.3+0.64/0.73/0+1.4 ms cpu, 3->4->2 MB, 4 MB goal, 0 MB stacks, 0 MB globals, 16 P
gc 6726 @45.171s 3%: 0.13+0.46+0.12 ms clock, 2.1+0.54/0.88/0.003+2.0 ms cpu, 3->4->1 MB, 4 MB goal, 0 MB stacks, 0 MB globals, 16 P
gc 6727 @45.173s 3%: 0.17+0.72+0.086 ms clock, 2.8+0.66/0.95/0+1.3 ms cpu, 3->4->2 MB, 4 MB goal, 0 MB stacks, 0 MB globals, 16 P
gc 6728 @45.175s 3%: 0.10+0.64+0.093 ms clock, 1.6+0.63/0.87/0+1.5 ms cpu, 3->4->1 MB, 4 MB goal, 0 MB stacks, 0 MB globals, 16 P
gc 6729 @45.176s 3%: 0.17+0.55+0.10 ms clock, 2.8+0.66/0.83/0+1.7 ms cpu, 3->4->2 MB, 4 MB goal, 0 MB stacks, 0 MB globals, 16 P
gc 6730 @45.178s 3%: 0.14+0.64+0.12 ms clock, 2.3+0.56/0.86/0.046+2.0 ms cpu, 3->4->2 MB, 4 MB goal, 0 MB stacks, 0 MB globals, 16 P
gc 6731 @45.180s 3%: 0.18+0.59+0.14 ms clock, 3.0+0.71/0.87/0+2.2 ms cpu, 3->4->2 MB, 4 MB goal, 0 MB stacks, 0 MB globals, 16 P
gc 6732 @45.182s 3%: 0.13+0.79+0.063 ms clock, 2.2+0.60/0.72/0+1.0 ms cpu, 3->4->2 MB, 4 MB goal, 0 MB stacks, 0 MB globals, 16 P
gc 6733 @45.184s 3%: 0.11+0.82+0.091 ms clock, 1.8+0.60/0.94/0+1.4 ms cpu, 3->4->2 MB, 4 MB goal, 0 MB stacks, 0 MB globals, 16 P
gc 6734 @45.186s 3%: 0.23+0.72+0.095 ms clock, 3.6+0.57/0.98/0.005+1.5 ms cpu, 3->4->2 MB, 4 MB goal, 0 MB stacks, 0 MB globals, 16 P
gc 6735 @45.188s 3%: 0.10+0.58+0.12 ms clock, 1.6+0.49/1.0/0+1.9 ms cpu, 4->4->1 MB, 4 MB goal, 0 MB stacks, 0 MB globals, 16 P
gc 6736 @45.190s 3%: 0.12+0.81+0.14 ms clock, 2.0+0.61/1.0/0.001+2.2 ms cpu, 3->4->2 MB, 4 MB goal, 0 MB stacks, 0 MB globals, 16 P
gc 6737 @45.192s 3%: 0.11+0.65+0.11 ms clock, 1.8+0.69/0.91/0+1.7 ms cpu, 4->4->2 MB, 4 MB goal, 0 MB stacks, 0 MB globals, 16 P
gc 6738 @45.193s 3%: 0.13+0.60+0.11 ms clock, 2.1+0.65/0.78/0+1.7 ms cpu, 3->4->1 MB, 4 MB goal, 0 MB stacks, 0 MB globals, 16 P
gc 6739 @45.195s 3%: 0.12+0.47+0.12 ms clock, 2.0+0.59/0.90/0+1.9 ms cpu, 3->4->1 MB, 4 MB goal, 0 MB stacks, 0 MB globals, 16 P
gc 6740 @45.197s 3%: 0.12+0.56+0.10 ms clock, 1.9+0.70/0.76/0+1.7 ms cpu, 3->4->1 MB, 4 MB goal, 0 MB stacks, 0 MB globals, 16 P
gc 6741 @45.198s 3%: 0.11+0.47+0.10 ms clock, 1.9+0.61/0.77/0+1.6 ms cpu, 3->4->1 MB, 4 MB goal, 0 MB stacks, 0 MB globals, 16 P
gc 6742 @45.200s 3%: 0.13+0.55+0.13 ms clock, 2.2+0.70/0.80/0.071+2.1 ms cpu, 3->4->2 MB, 4 MB goal, 0 MB stacks, 0 MB globals, 16 P
gc 6743 @45.201s 3%: 0.12+0.68+0.099 ms clock, 1.9+0.38/0.90/0.003+1.5 ms cpu, 3->4->2 MB, 4 MB goal, 0 MB stacks, 0 MB globals, 16 P
gc 6744 @45.203s 3%: 0.11+0.75+0.093 ms clock, 1.8+0.60/0.75/0+1.4 ms cpu, 3->4->2 MB, 4 MB goal, 0 MB stacks, 0 MB globals, 16 P
gc 6745 @45.205s 3%: 0.12+0.46+0.17 ms clock, 1.9+0.59/0.79/0+2.7 ms cpu, 3->4->1 MB, 4 MB goal, 0 MB stacks, 0 MB globals, 16 P
gc 6746 @45.206s 3%: 0.16+0.52+0.15 ms clock, 2.6+0.80/0.80/0+2.4 ms cpu, 3->4->1 MB, 4 MB goal, 0 MB stacks, 0 MB globals, 16 P
gc 6747 @45.208s 3%: 0.14+0.57+0.091 ms clock, 2.3+0.61/0.85/0+1.4 ms cpu, 3->4->2 MB, 4 MB goal, 0 MB stacks, 0 MB globals, 16 P
gc 6748 @45.210s 3%: 0.10+0.55+0.10 ms clock, 1.7+0.56/0.86/0+1.6 ms cpu, 3->4->1 MB, 4 MB goal, 0 MB stacks, 0 MB globals, 16 P
gc 6749 @45.211s 3%: 0.12+0.69+0.099 ms clock, 1.9+0.56/0.82/0.052+1.5 ms cpu, 3->4->1 MB, 4 MB goal, 0 MB stacks, 0 MB globals, 16 P
gc 6750 @45.213s 3%: 0.11+0.56+0.097 ms clock, 1.8+0.54/0.83/0+1.5 ms cpu, 3->4->1 MB, 4 MB goal, 0 MB stacks, 0 MB globals, 16 P
gc 6751 @45.214s 3%: 0.13+0.60+0.14 ms clock, 2.0+0.71/0.74/0+2.2 ms cpu, 3->4->2 MB, 4 MB goal, 0 MB stacks, 0 MB globals, 16 P
gc 6752 @45.216s 3%: 0.14+0.55+0.16 ms clock, 2.2+0.62/0.68/0+2.7 ms cpu, 3->4->1 MB, 4 MB goal, 0 MB stacks, 0 MB globals, 16 P
gc 6753 @45.218s 3%: 0.13+0.45+0.17 ms clock, 2.2+0.65/0.87/0+2.8 ms cpu, 3->4->1 MB, 4 MB goal, 0 MB stacks, 0 MB globals, 16 P
gc 6754 @45.219s 3%: 0.21+0.55+0.20 ms clock, 3.3+0.75/0.78/0+3.2 ms cpu, 3->4->2 MB, 4 MB goal, 0 MB stacks, 0 MB globals, 16 P
gc 6755 @45.221s 3%: 0.12+0.63+0.050 ms clock, 2.0+0.51/0.86/0.006+0.81 ms cpu, 3->4->1 MB, 4 MB goal, 0 MB stacks, 0 MB globals, 16 P
gc 6756 @45.223s 3%: 0.10+0.61+0.098 ms clock, 1.7+0.61/0.71/0+1.5 ms cpu, 3->4->1 MB, 4 MB goal, 0 MB stacks, 0 MB globals, 16 P
gc 6757 @45.224s 3%: 0.11+0.49+0.095 ms clock, 1.9+0.60/0.79/0+1.5 ms cpu, 3->4->1 MB, 4 MB goal, 0 MB stacks, 0 MB globals, 16 P
gc 6758 @45.226s 3%: 0.17+0.72+0.085 ms clock, 2.7+0.67/0.85/0.014+1.3 ms cpu, 3->4->2 MB, 4 MB goal, 0 MB stacks, 0 MB globals, 16 P
gc 6759 @45.228s 3%: 0.12+0.53+0.093 ms clock, 1.9+0.60/0.91/0+1.4 ms cpu, 3->4->1 MB, 4 MB goal, 0 MB stacks, 0 MB globals, 16 P
gc 6760 @45.230s 3%: 0.11+0.58+0.035 ms clock, 1.8+0.51/0.86/0+0.57 ms cpu, 3->4->1 MB, 4 MB goal, 0 MB stacks, 0 MB globals, 16 P
gc 6761 @45.231s 3%: 0.13+0.55+0.10 ms clock, 2.1+0.63/0.77/0.008+1.6 ms cpu, 3->4->1 MB, 4 MB goal, 0 MB stacks, 0 MB globals, 16 P
gc 6762 @45.233s 3%: 0.12+0.57+0.10 ms clock, 2.0+0.65/0.80/0.003+1.6 ms cpu, 3->4->2 MB, 4 MB goal, 0 MB stacks, 0 MB globals, 16 P
gc 6763 @45.235s 3%: 0.084+0.59+0.088 ms clock, 1.3+0.54/0.73/0.088+1.4 ms cpu, 3->4->1 MB, 4 MB goal, 0 MB stacks, 0 MB globals, 16 P
gc 6764 @45.236s 3%: 0.11+0.49+0.14 ms clock, 1.8+0.59/0.89/0+2.3 ms cpu, 3->4->1 MB, 4 MB goal, 0 MB stacks, 0 MB globals, 16 P
gc 6765 @45.238s 3%: 0.11+0.59+0.068 ms clock, 1.8+0.61/0.76/0+1.0 ms cpu, 3->4->1 MB, 4 MB goal, 0 MB stacks, 0 MB globals, 16 P
gc 6766 @45.239s 3%: 0.16+0.58+0.10 ms clock, 2.5+0.63/0.90/0.015+1.7 ms cpu, 3->4->2 MB, 4 MB goal, 0 MB stacks, 0 MB globals, 16 P
gc 6767 @45.241s 3%: 0.11+0.66+0.10 ms clock, 1.7+0.75/0.85/0.003+1.6 ms cpu, 3->4->2 MB, 4 MB goal, 0 MB stacks, 0 MB globals, 16 P
gc 6768 @45.243s 3%: 0.11+0.50+0.10 ms clock, 1.7+0.63/0.80/0+1.6 ms cpu, 3->4->1 MB, 4 MB goal, 0 MB stacks, 0 MB globals, 16 P
gc 6769 @45.244s 3%: 0.14+0.67+0.098 ms clock, 2.2+0.48/0.90/0.017+1.5 ms cpu, 3->4->2 MB, 4 MB goal, 0 MB stacks, 0 MB globals, 16 P
gc 6770 @45.246s 3%: 0.11+0.66+0.14 ms clock, 1.8+0.60/0.91/0.001+2.2 ms cpu, 3->4->2 MB, 4 MB goal, 0 MB stacks, 0 MB globals, 16 P
gc 6771 @45.248s 3%: 0.095+0.82+0.10 ms clock, 1.5+0.51/0.89/0.016+1.6 ms cpu, 3->4->2 MB, 4 MB goal, 0 MB stacks, 0 MB globals, 16 P
gc 6772 @45.250s 3%: 0.12+0.70+0.073 ms clock, 1.9+0.53/0.87/0.078+1.1 ms cpu, 3->4->2 MB, 4 MB goal, 0 MB stacks, 0 MB globals, 16 P
gc 6773 @45.252s 3%: 0.10+0.66+0.088 ms clock, 1.6+0.62/0.86/0.043+1.4 ms cpu, 3->4->2 MB, 4 MB goal, 0 MB stacks, 0 MB globals, 16 P
gc 6774 @45.254s 3%: 0.099+0.70+0.096 ms clock, 1.5+0.55/0.81/0.038+1.5 ms cpu, 3->4->1 MB, 4 MB goal, 0 MB stacks, 0 MB globals, 16 P
gc 6775 @45.256s 3%: 0.12+0.80+0.16 ms clock, 1.9+0.62/0.81/0+2.5 ms cpu, 3->4->2 MB, 4 MB goal, 0 MB stacks, 0 MB globals, 16 P
gc 6776 @45.258s 3%: 0.11+0.66+0.068 ms clock, 1.9+0.63/0.71/0.020+1.1 ms cpu, 3->4->1 MB, 4 MB goal, 0 MB stacks, 0 MB globals, 16 P
gc 6777 @45.259s 3%: 0.15+0.50+0.11 ms clock, 2.5+0.55/0.94/0+1.8 ms cpu, 3->4->1 MB, 4 MB goal, 0 MB stacks, 0 MB globals, 16 P
gc 6778 @45.261s 3%: 0.17+0.53+0.096 ms clock, 2.7+0.50/0.87/0.010+1.5 ms cpu, 3->4->1 MB, 4 MB goal, 0 MB stacks, 0 MB globals, 16 P
gc 6779 @45.263s 3%: 0.10+0.70+0.10 ms clock, 1.6+0.48/0.91/0.070+1.6 ms cpu, 3->4->2 MB, 4 MB goal, 0 MB stacks, 0 MB globals, 16 P
gc 6780 @45.264s 3%: 0.12+0.66+0.053 ms clock, 2.0+0.72/0.75/0.040+0.84 ms cpu, 3->4->2 MB, 4 MB goal, 0 MB stacks, 0 MB globals, 16 P
gc 6781 @45.266s 3%: 0.10+0.63+0.12 ms clock, 1.7+0.64/0.78/0.008+1.9 ms cpu, 3->4->2 MB, 4 MB goal, 0 MB stacks, 0 MB globals, 16 P
gc 6782 @45.268s 3%: 0.13+0.50+0.13 ms clock, 2.1+0.62/0.74/0.030+2.1 ms cpu, 3->4->1 MB, 4 MB goal, 0 MB stacks, 0 MB globals, 16 P
gc 6783 @45.270s 3%: 0.15+0.67+0.075 ms clock, 2.5+0.73/0.75/0+1.2 ms cpu, 3->4->2 MB, 4 MB goal, 0 MB stacks, 0 MB globals, 16 P
gc 6784 @45.271s 3%: 0.15+0.52+0.14 ms clock, 2.5+0.70/0.85/0+2.3 ms cpu, 3->4->2 MB, 4 MB goal, 0 MB stacks, 0 MB globals, 16 P
gc 6785 @45.273s 3%: 0.18+0.58+0.15 ms clock, 3.0+0.74/0.74/0+2.4 ms cpu, 3->4->1 MB, 4 MB goal, 0 MB stacks, 0 MB globals, 16 P
gc 6786 @45.275s 3%: 0.12+0.55+0.080 ms clock, 2.0+0.48/0.85/0.001+1.2 ms cpu, 3->4->1 MB, 4 MB goal, 0 MB stacks, 0 MB globals, 16 P
gc 6787 @45.276s 3%: 0.13+0.68+0.11 ms clock, 2.1+0.67/0.79/0+1.8 ms cpu, 3->4->2 MB, 4 MB goal, 0 MB stacks, 0 MB globals, 16 P
gc 6788 @45.278s 3%: 0.18+0.53+0.11 ms clock, 2.9+0.46/0.86/0.001+1.7 ms cpu, 3->4->2 MB, 4 MB goal, 0 MB stacks, 0 MB globals, 16 P
gc 6789 @45.280s 3%: 0.11+0.64+0.10 ms clock, 1.7+0.63/0.88/0.017+1.7 ms cpu, 3->4->2 MB, 4 MB goal, 0 MB stacks, 0 MB globals, 16 P
gc 6790 @45.282s 3%: 0.11+0.65+0.096 ms clock, 1.8+0.58/0.87/0+1.5 ms cpu, 3->4->2 MB, 4 MB goal, 0 MB stacks, 0 MB globals, 16 P
gc 6791 @45.284s 3%: 0.10+0.66+0.055 ms clock, 1.7+0.54/0.93/0.003+0.88 ms cpu, 3->4->1 MB, 4 MB goal, 0 MB stacks, 0 MB globals, 16 P
gc 6792 @45.285s 3%: 0.15+0.60+0.15 ms clock, 2.4+0.60/0.81/0.008+2.4 ms cpu, 3->4->1 MB, 4 MB goal, 0 MB stacks, 0 MB globals, 16 P
gc 6793 @45.287s 3%: 0.12+0.61+0.10 ms clock, 2.0+0.49/0.84/0.074+1.7 ms cpu, 3->4->2 MB, 4 MB goal, 0 MB stacks, 0 MB globals, 16 P
gc 6794 @45.289s 3%: 0.12+0.49+0.087 ms clock, 1.9+0.62/0.74/0+1.3 ms cpu, 3->4->1 MB, 4 MB goal, 0 MB stacks, 0 MB globals, 16 P
gc 6795 @45.290s 3%: 0.12+0.71+0.091 ms clock, 1.9+0.53/0.88/0+1.4 ms cpu, 3->4->2 MB, 4 MB goal, 0 MB stacks, 0 MB globals, 16 P
gc 6796 @45.292s 3%: 0.12+0.58+0.091 ms clock, 2.0+0.45/0.87/0+1.4 ms cpu, 3->4->1 MB, 4 MB goal, 0 MB stacks, 0 MB globals, 16 P
gc 6797 @45.294s 3%: 0.099+0.50+0.096 ms clock, 1.5+0.50/0.77/0+1.5 ms cpu, 3->4->1 MB, 4 MB goal, 0 MB stacks, 0 MB globals, 16 P
gc 6798 @45.295s 3%: 0.11+0.60+0.16 ms clock, 1.8+0.55/0.91/0+2.6 ms cpu, 3->4->2 MB, 4 MB goal, 0 MB stacks, 0 MB globals, 16 P
gc 6799 @45.297s 3%: 0.10+0.62+0.099 ms clock, 1.7+0.56/0.91/0.10+1.5 ms cpu, 3->4->1 MB, 4 MB goal, 0 MB stacks, 0 MB globals, 16 P
gc 6800 @45.299s 3%: 0.12+0.40+0.15 ms clock, 2.0+0.68/0.73/0+2.5 ms cpu, 3->4->1 MB, 4 MB goal, 0 MB stacks, 0 MB globals, 16 P
gc 6801 @45.300s 3%: 0.093+0.60+0.083 ms clock, 1.4+0.66/0.73/0+1.3 ms cpu, 3->4->1 MB, 4 MB goal, 0 MB stacks, 0 MB globals, 16 P
gc 6802 @45.302s 3%: 0.15+0.52+0.15 ms clock, 2.4+0.47/0.86/0.012+2.4 ms cpu, 3->4->1 MB, 4 MB goal, 0 MB stacks, 0 MB globals, 16 P
gc 6803 @45.304s 3%: 0.11+0.66+0.096 ms clock, 1.8+0.58/0.85/0+1.5 ms cpu, 3->4->1 MB, 4 MB goal, 0 MB stacks, 0 MB globals, 16 P
gc 6804 @45.305s 3%: 0.12+0.52+0.10 ms clock, 2.0+0.54/0.93/0+1.7 ms cpu, 3->4->1 MB, 4 MB goal, 0 MB stacks, 0 MB globals, 16 P
gc 6805 @45.307s 3%: 0.10+0.54+0.14 ms clock, 1.6+0.52/0.78/0.098+2.3 ms cpu, 3->4->1 MB, 4 MB goal, 0 MB stacks, 0 MB globals, 16 P
gc 6806 @45.308s 3%: 0.11+0.52+0.052 ms clock, 1.8+0.48/0.76/0+0.84 ms cpu, 3->4->1 MB, 4 MB goal, 0 MB stacks, 0 MB globals, 16 P
gc 6807 @45.310s 3%: 0.12+0.54+0.12 ms clock, 1.9+0.51/0.90/0.011+1.9 ms cpu, 3->4->1 MB, 4 MB goal, 0 MB stacks, 0 MB globals, 16 P
gc 6808 @45.311s 3%: 0.10+0.45+0.094 ms clock, 1.6+0.54/0.76/0.042+1.5 ms cpu, 3->4->1 MB, 4 MB goal, 0 MB stacks, 0 MB globals, 16 P
gc 6809 @45.313s 3%: 0.12+0.54+0.13 ms clock, 2.0+0.54/0.80/0.059+2.2 ms cpu, 3->4->1 MB, 4 MB goal, 0 MB stacks, 0 MB globals, 16 P
gc 6810 @45.314s 3%: 0.11+0.50+0.098 ms clock, 1.8+0.65/0.78/0+1.5 ms cpu, 3->4->1 MB, 4 MB goal, 0 MB stacks, 0 MB globals, 16 P
gc 6811 @45.316s 3%: 0.15+0.75+0.058 ms clock, 2.4+0.56/0.77/0.022+0.92 ms cpu, 3->4->1 MB, 4 MB goal, 0 MB stacks, 0 MB globals, 16 P
gc 6812 @45.318s 3%: 0.15+0.65+0.092 ms clock, 2.4+0.54/0.78/0+1.4 ms cpu, 3->4->2 MB, 4 MB goal, 0 MB stacks, 0 MB globals, 16 P
gc 6813 @45.319s 3%: 0.12+0.58+0.11 ms clock, 2.0+0.54/0.92/0.010+1.8 ms cpu, 3->4->2 MB, 4 MB goal, 0 MB stacks, 0 MB globals, 16 P
gc 6814 @45.321s 3%: 0.13+0.62+0.060 ms clock, 2.2+0.64/0.82/0.026+0.97 ms cpu, 3->4->2 MB, 4 MB goal, 0 MB stacks, 0 MB globals, 16 P
gc 6815 @45.323s 3%: 0.12+0.58+0.12 ms clock, 2.0+0.58/0.72/0+1.9 ms cpu, 3->4->1 MB, 4 MB goal, 0 MB stacks, 0 MB globals, 16 P
gc 6816 @45.325s 3%: 0.13+0.75+0.098 ms clock, 2.1+0.59/1.0/0.051+1.5 ms cpu, 3->4->2 MB, 4 MB goal, 0 MB stacks, 0 MB globals, 16 P
gc 6817 @45.327s 3%: 0.14+0.47+0.16 ms clock, 2.2+0.43/0.75/0.17+2.6 ms cpu, 3->4->1 MB, 4 MB goal, 0 MB stacks, 0 MB globals, 16 P
gc 6818 @45.328s 3%: 0.099+0.51+0.17 ms clock, 1.5+0.58/0.85/0.013+2.7 ms cpu, 3->4->1 MB, 4 MB goal, 0 MB stacks, 0 MB globals, 16 P
gc 6819 @45.330s 3%: 0.16+0.50+0.096 ms clock, 2.6+0.53/0.89/0+1.5 ms cpu, 3->4->2 MB, 4 MB goal, 0 MB stacks, 0 MB globals, 16 P
gc 6820 @45.331s 3%: 0.16+0.50+0.18 ms clock, 2.6+0.76/0.76/0.037+3.0 ms cpu, 3->4->1 MB, 4 MB goal, 0 MB stacks, 0 MB globals, 16 P
gc 6821 @45.333s 3%: 0.11+0.53+0.086 ms clock, 1.9+0.62/0.85/0+1.3 ms cpu, 3->4->1 MB, 4 MB goal, 0 MB stacks, 0 MB globals, 16 P
gc 6822 @45.335s 3%: 0.11+0.62+0.067 ms clock, 1.8+0.53/0.88/0+1.0 ms cpu, 3->4->2 MB, 4 MB goal, 0 MB stacks, 0 MB globals, 16 P
gc 6823 @45.336s 3%: 0.10+0.57+0.084 ms clock, 1.6+0.63/0.91/0+1.3 ms cpu, 3->4->1 MB, 4 MB goal, 0 MB stacks, 0 MB globals, 16 P
gc 6824 @45.338s 3%: 0.11+0.59+0.089 ms clock, 1.8+0.58/0.84/0.022+1.4 ms cpu, 3->4->1 MB, 4 MB goal, 0 MB stacks, 0 MB globals, 16 P
gc 6825 @45.340s 3%: 0.12+0.57+0.16 ms clock, 2.0+0.49/0.90/0+2.5 ms cpu, 3->4->1 MB, 4 MB goal, 0 MB stacks, 0 MB globals, 16 P
gc 6826 @45.341s 3%: 0.12+0.58+0.068 ms clock, 2.0+0.59/0.76/0+1.0 ms cpu, 3->4->1 MB, 4 MB goal, 0 MB stacks, 0 MB globals, 16 P
gc 6827 @45.343s 3%: 0.13+0.55+0.081 ms clock, 2.1+0.54/0.89/0+1.3 ms cpu, 3->4->1 MB, 4 MB goal, 0 MB stacks, 0 MB globals, 16 P
gc 6828 @45.345s 3%: 0.14+0.44+0.13 ms clock, 2.3+0.66/0.71/0+2.1 ms cpu, 3->4->1 MB, 4 MB goal, 0 MB stacks, 0 MB globals, 16 P
gc 6829 @45.346s 3%: 0.093+0.61+0.10 ms clock, 1.4+0.65/0.84/0.003+1.6 ms cpu, 3->4->2 MB, 4 MB goal, 0 MB stacks, 0 MB globals, 16 P
gc 6830 @45.348s 3%: 0.11+0.61+0.15 ms clock, 1.8+0.68/0.89/0.013+2.5 ms cpu, 3->4->2 MB, 4 MB goal, 0 MB stacks, 0 MB globals, 16 P
gc 6831 @45.350s 3%: 0.15+0.54+0.12 ms clock, 2.4+0.51/0.85/0+2.0 ms cpu, 3->4->1 MB, 4 MB goal, 0 MB stacks, 0 MB globals, 16 P
gc 6832 @45.351s 3%: 0.14+0.60+0.092 ms clock, 2.2+0.76/0.80/0+1.4 ms cpu, 3->4->2 MB, 4 MB goal, 0 MB stacks, 0 MB globals, 16 P
gc 6833 @45.353s 3%: 0.15+0.69+0.077 ms clock, 2.5+0.68/0.75/0+1.2 ms cpu, 3->4->2 MB, 4 MB goal, 0 MB stacks, 0 MB globals, 16 P
gc 6834 @45.355s 3%: 0.11+0.63+0.089 ms clock, 1.8+0.62/0.90/0+1.4 ms cpu, 3->4->2 MB, 4 MB goal, 0 MB stacks, 0 MB globals, 16 P
gc 6835 @45.357s 3%: 0.15+0.57+0.10 ms clock, 2.5+0.44/0.82/0+1.6 ms cpu, 3->4->1 MB, 4 MB goal, 0 MB stacks, 0 MB globals, 16 P
gc 6836 @45.358s 3%: 0.19+0.53+0.11 ms clock, 3.0+0.63/0.80/0+1.8 ms cpu, 3->4->2 MB, 4 MB goal, 0 MB stacks, 0 MB globals, 16 P
gc 6837 @45.360s 3%: 0.13+0.57+0.089 ms clock, 2.0+0.59/0.81/0+1.4 ms cpu, 3->4->1 MB, 4 MB goal, 0 MB stacks, 0 MB globals, 16 P
gc 6838 @45.362s 3%: 0.14+0.68+0.091 ms clock, 2.3+0.59/0.89/0+1.4 ms cpu, 3->4->2 MB, 4 MB goal, 0 MB stacks, 0 MB globals, 16 P
gc 6839 @45.364s 3%: 0.13+0.58+0.081 ms clock, 2.1+0.59/0.90/0.028+1.3 ms cpu, 3->4->2 MB, 4 MB goal, 0 MB stacks, 0 MB globals, 16 P
gc 6840 @45.365s 3%: 0.12+0.53+0.10 ms clock, 1.9+0.59/0.97/0.044+1.7 ms cpu, 3->4->1 MB, 4 MB goal, 0 MB stacks, 0 MB globals, 16 P
gc 6841 @45.367s 3%: 0.13+0.46+0.16 ms clock, 2.1+0.67/0.78/0.003+2.6 ms cpu, 3->4->1 MB, 4 MB goal, 0 MB stacks, 0 MB globals, 16 P
gc 6842 @45.368s 3%: 0.10+0.62+0.078 ms clock, 1.6+0.83/0.81/0.006+1.2 ms cpu, 3->4->2 MB, 4 MB goal, 0 MB stacks, 0 MB globals, 16 P
gc 6843 @45.370s 3%: 0.12+0.56+0.16 ms clock, 1.9+0.61/0.84/0.001+2.6 ms cpu, 3->4->2 MB, 4 MB goal, 0 MB stacks, 0 MB globals, 16 P
gc 6844 @45.372s 3%: 0.11+0.52+0.12 ms clock, 1.7+0.56/0.81/0+2.0 ms cpu, 3->4->1 MB, 4 MB goal, 0 MB stacks, 0 MB globals, 16 P
gc 6845 @45.374s 3%: 0.10+0.50+0.12 ms clock, 1.7+0.51/0.80/0.017+1.9 ms cpu, 3->4->1 MB, 4 MB goal, 0 MB stacks, 0 MB globals, 16 P
gc 6846 @45.375s 3%: 0.10+0.66+0.088 ms clock, 1.7+0.62/0.89/0+1.4 ms cpu, 3->4->1 MB, 4 MB goal, 0 MB stacks, 0 MB globals, 16 P
gc 6847 @45.377s 3%: 0.11+0.52+0.16 ms clock, 1.8+0.59/0.91/0+2.6 ms cpu, 3->4->1 MB, 4 MB goal, 0 MB stacks, 0 MB globals, 16 P
gc 6848 @45.379s 3%: 0.13+0.66+0.081 ms clock, 2.0+0.65/0.91/0+1.2 ms cpu, 3->4->2 MB, 4 MB goal, 0 MB stacks, 0 MB globals, 16 P
gc 6849 @45.380s 3%: 0.15+0.58+0.082 ms clock, 2.4+0.62/0.82/0.002+1.3 ms cpu, 3->4->2 MB, 4 MB goal, 0 MB stacks, 0 MB globals, 16 P
gc 6850 @45.382s 3%: 0.10+0.69+0.065 ms clock, 1.7+0.50/0.93/0.007+1.0 ms cpu, 3->4->2 MB, 4 MB goal, 0 MB stacks, 0 MB globals, 16 P
gc 6851 @45.384s 3%: 0.16+0.45+0.16 ms clock, 2.6+0.55/0.71/0.039+2.5 ms cpu, 3->4->1 MB, 4 MB goal, 0 MB stacks, 0 MB globals, 16 P
gc 6852 @45.385s 3%: 0.13+0.50+0.12 ms clock, 2.2+0.75/0.85/0+1.9 ms cpu, 3->3->1 MB, 4 MB goal, 0 MB stacks, 0 MB globals, 16 P
gc 6853 @45.387s 3%: 0.093+0.52+0.13 ms clock, 1.4+0.46/0.92/0.096+2.1 ms cpu, 3->4->1 MB, 4 MB goal, 0 MB stacks, 0 MB globals, 16 P
gc 6854 @45.388s 3%: 0.17+0.47+0.16 ms clock, 2.8+0.60/0.80/0+2.6 ms cpu, 3->4->1 MB, 4 MB goal, 0 MB stacks, 0 MB globals, 16 P
gc 6855 @45.390s 3%: 0.10+0.81+0.097 ms clock, 1.6+0.62/0.78/0+1.5 ms cpu, 3->4->2 MB, 4 MB goal, 0 MB stacks, 0 MB globals, 16 P
gc 6856 @45.392s 3%: 0.14+0.57+0.12 ms clock, 2.3+0.62/0.94/0+2.0 ms cpu, 3->4->2 MB, 4 MB goal, 0 MB stacks, 0 MB globals, 16 P
gc 6857 @45.394s 3%: 0.11+0.80+0.11 ms clock, 1.8+0.69/0.82/0.025+1.8 ms cpu, 3->4->2 MB, 4 MB goal, 0 MB stacks, 0 MB globals, 16 P
gc 6858 @45.396s 3%: 0.15+0.57+0.11 ms clock, 2.5+0.55/0.90/0+1.7 ms cpu, 4->4->1 MB, 4 MB goal, 0 MB stacks, 0 MB globals, 16 P
gc 6859 @45.398s 3%: 0.13+0.51+0.10 ms clock, 2.1+0.51/0.78/0+1.6 ms cpu, 3->4->1 MB, 4 MB goal, 0 MB stacks, 0 MB globals, 16 P
gc 6860 @45.399s 3%: 0.094+0.46+0.15 ms clock, 1.5+0.57/0.77/0.047+2.4 ms cpu, 3->4->1 MB, 4 MB goal, 0 MB stacks, 0 MB globals, 16 P
gc 6861 @45.401s 3%: 0.13+0.67+0.095 ms clock, 2.1+0.64/0.89/0+1.5 ms cpu, 3->4->2 MB, 4 MB goal, 0 MB stacks, 0 MB globals, 16 P
gc 6862 @45.403s 3%: 0.14+0.41+0.11 ms clock, 2.3+0.67/0.84/0.005+1.7 ms cpu, 3->4->1 MB, 4 MB goal, 0 MB stacks, 0 MB globals, 16 P
gc 6863 @45.404s 3%: 0.12+0.57+0.11 ms clock, 2.0+0.76/0.75/0+1.8 ms cpu, 3->4->1 MB, 4 MB goal, 0 MB stacks, 0 MB globals, 16 P
gc 6864 @45.406s 3%: 0.10+0.63+0.16 ms clock, 1.6+0.61/0.90/0+2.5 ms cpu, 3->4->2 MB, 4 MB goal, 0 MB stacks, 0 MB globals, 16 P
gc 6865 @45.407s 3%: 0.12+0.47+0.17 ms clock, 2.0+0.63/0.81/0+2.7 ms cpu, 3->4->1 MB, 4 MB goal, 0 MB stacks, 0 MB globals, 16 P
gc 6866 @45.409s 3%: 0.10+0.48+0.053 ms clock, 1.6+0.54/0.83/0+0.85 ms cpu, 3->4->1 MB, 4 MB goal, 0 MB stacks, 0 MB globals, 16 P
gc 6867 @45.410s 3%: 0.17+0.54+0.16 ms clock, 2.7+0.60/0.83/0.019+2.6 ms cpu, 3->4->1 MB, 4 MB goal, 0 MB stacks, 0 MB globals, 16 P
gc 6868 @45.412s 3%: 0.14+0.62+0.055 ms clock, 2.3+0.53/0.81/0+0.88 ms cpu, 3->4->2 MB, 4 MB goal, 0 MB stacks, 0 MB globals, 16 P
gc 6869 @45.414s 3%: 0.17+0.59+0.17 ms clock, 2.7+0.70/0.82/0+2.8 ms cpu, 3->4->2 MB, 4 MB goal, 0 MB stacks, 0 MB globals, 16 P
gc 6870 @45.415s 3%: 0.11+0.76+0.098 ms clock, 1.8+0.67/0.72/0+1.5 ms cpu, 3->4->2 MB, 4 MB goal, 0 MB stacks, 0 MB globals, 16 P
gc 6871 @45.418s 3%: 0.10+0.56+0.095 ms clock, 1.7+0.67/0.71/0+1.5 ms cpu, 4->4->1 MB, 4 MB goal, 0 MB stacks, 0 MB globals, 16 P
gc 6872 @45.419s 3%: 0.13+0.64+0.082 ms clock, 2.1+0.56/0.73/0.034+1.3 ms cpu, 3->4->2 MB, 4 MB goal, 0 MB stacks, 0 MB globals, 16 P
gc 6873 @45.421s 3%: 0.13+0.63+0.072 ms clock, 2.1+0.58/0.78/0.019+1.1 ms cpu, 3->4->2 MB, 4 MB goal, 0 MB stacks, 0 MB globals, 16 P
gc 6874 @45.423s 3%: 0.11+0.62+0.070 ms clock, 1.8+0.61/0.78/0+1.1 ms cpu, 3->4->2 MB, 4 MB goal, 0 MB stacks, 0 MB globals, 16 P
gc 6875 @45.424s 3%: 0.14+0.68+0.15 ms clock, 2.2+0.67/0.94/0+2.4 ms cpu, 3->4->2 MB, 4 MB goal, 0 MB stacks, 0 MB globals, 16 P
gc 6876 @45.427s 3%: 0.13+0.57+0.098 ms clock, 2.1+0.41/0.88/0+1.5 ms cpu, 3->4->1 MB, 4 MB goal, 0 MB stacks, 0 MB globals, 16 P
gc 6877 @45.428s 3%: 0.16+0.50+0.16 ms clock, 2.5+0.49/0.69/0+2.5 ms cpu, 3->4->1 MB, 4 MB goal, 0 MB stacks, 0 MB globals, 16 P
gc 6878 @45.430s 3%: 0.15+0.63+0.065 ms clock, 2.4+0.74/0.97/0+1.0 ms cpu, 3->4->2 MB, 4 MB goal, 0 MB stacks, 0 MB globals, 16 P
gc 6879 @45.431s 3%: 0.12+0.52+0.086 ms clock, 1.9+0.52/0.90/0+1.3 ms cpu, 3->4->1 MB, 4 MB goal, 0 MB stacks, 0 MB globals, 16 P
gc 6880 @45.433s 3%: 0.11+0.48+0.11 ms clock, 1.8+0.66/0.90/0.012+1.8 ms cpu, 3->4->1 MB, 4 MB goal, 0 MB stacks, 0 MB globals, 16 P
gc 6881 @45.434s 3%: 0.10+0.52+0.087 ms clock, 1.6+0.50/0.81/0.035+1.4 ms cpu, 3->4->1 MB, 4 MB goal, 0 MB stacks, 0 MB globals, 16 P
gc 6882 @45.436s 3%: 0.13+0.63+0.11 ms clock, 2.1+0.79/0.73/0+1.8 ms cpu, 3->4->2 MB, 4 MB goal, 0 MB stacks, 0 MB globals, 16 P
gc 6883 @45.438s 3%: 0.13+0.64+0.085 ms clock, 2.2+0.62/0.80/0.014+1.3 ms cpu, 3->4->2 MB, 4 MB goal, 0 MB stacks, 0 MB globals, 16 P
gc 6884 @45.440s 3%: 0.12+0.49+0.14 ms clock, 1.9+0.49/0.84/0+2.3 ms cpu, 3->4->1 MB, 4 MB goal, 0 MB stacks, 0 MB globals, 16 P
gc 6885 @45.441s 3%: 0.17+0.52+0.12 ms clock, 2.7+0.64/0.75/0+1.9 ms cpu, 3->4->1 MB, 4 MB goal, 0 MB stacks, 0 MB globals, 16 P
gc 6886 @45.443s 3%: 0.12+0.47+0.13 ms clock, 2.0+0.64/0.82/0+2.2 ms cpu, 3->4->1 MB, 4 MB goal, 0 MB stacks, 0 MB globals, 16 P
gc 6887 @45.444s 3%: 0.18+0.48+0.17 ms clock, 2.9+0.73/0.79/0+2.7 ms cpu, 3->4->1 MB, 4 MB goal, 0 MB stacks, 0 MB globals, 16 P
gc 6888 @45.446s 3%: 0.13+0.72+0.075 ms clock, 2.1+0.56/0.81/0.008+1.2 ms cpu, 3->4->2 MB, 4 MB goal, 0 MB stacks, 0 MB globals, 16 P
gc 6889 @45.448s 3%: 0.11+0.44+0.13 ms clock, 1.8+0.69/0.76/0+2.1 ms cpu, 3->4->1 MB, 4 MB goal, 0 MB stacks, 0 MB globals, 16 P
gc 6890 @45.449s 3%: 0.11+0.58+0.097 ms clock, 1.7+0.48/0.82/0.036+1.5 ms cpu, 3->4->1 MB, 4 MB goal, 0 MB stacks, 0 MB globals, 16 P
gc 6891 @45.451s 3%: 0.12+0.55+0.17 ms clock, 2.0+0.74/0.72/0+2.7 ms cpu, 3->4->1 MB, 4 MB goal, 0 MB stacks, 0 MB globals, 16 P
gc 6892 @45.453s 3%: 0.15+0.51+0.11 ms clock, 2.4+0.64/0.77/0+1.7 ms cpu, 3->4->1 MB, 4 MB goal, 0 MB stacks, 0 MB globals, 16 P
gc 6893 @45.454s 3%: 0.13+0.54+0.10 ms clock, 2.1+0.70/0.89/0+1.6 ms cpu, 3->4->2 MB, 4 MB goal, 0 MB stacks, 0 MB globals, 16 P
gc 6894 @45.456s 3%: 0.10+0.56+0.17 ms clock, 1.6+0.77/0.77/0+2.8 ms cpu, 3->4->1 MB, 4 MB goal, 0 MB stacks, 0 MB globals, 16 P
gc 6895 @45.457s 3%: 0.16+0.62+0.098 ms clock, 2.6+0.60/0.90/0+1.5 ms cpu, 3->4->2 MB, 4 MB goal, 0 MB stacks, 0 MB globals, 16 P
gc 6896 @45.459s 3%: 0.11+0.61+0.10 ms clock, 1.8+0.53/0.83/0.045+1.7 ms cpu, 3->4->2 MB, 4 MB goal, 0 MB stacks, 0 MB globals, 16 P
gc 6897 @45.461s 3%: 0.13+0.46+0.17 ms clock, 2.1+0.68/0.73/0+2.7 ms cpu, 3->4->1 MB, 4 MB goal, 0 MB stacks, 0 MB globals, 16 P
gc 6898 @45.463s 3%: 0.11+0.59+0.12 ms clock, 1.9+0.75/0.88/0+1.9 ms cpu, 3->4->1 MB, 4 MB goal, 0 MB stacks, 0 MB globals, 16 P
gc 6899 @45.464s 3%: 0.11+0.56+0.12 ms clock, 1.8+0.47/1.0/0+2.0 ms cpu, 3->4->1 MB, 4 MB goal, 0 MB stacks, 0 MB globals, 16 P
gc 6900 @45.466s 3%: 0.12+0.44+0.10 ms clock, 1.9+0.58/0.79/0+1.7 ms cpu, 3->4->1 MB, 4 MB goal, 0 MB stacks, 0 MB globals, 16 P
gc 6901 @45.467s 3%: 0.14+0.49+0.12 ms clock, 2.3+0.54/0.91/0+2.0 ms cpu, 3->4->1 MB, 4 MB goal, 0 MB stacks, 0 MB globals, 16 P
gc 6902 @45.469s 3%: 0.10+0.64+0.083 ms clock, 1.6+0.66/0.72/0+1.3 ms cpu, 3->4->1 MB, 4 MB goal, 0 MB stacks, 0 MB globals, 16 P
gc 6903 @45.471s 3%: 0.10+0.74+0.080 ms clock, 1.6+0.73/0.79/0+1.2 ms cpu, 3->4->2 MB, 4 MB goal, 0 MB stacks, 0 MB globals, 16 P
gc 6904 @45.472s 3%: 0.15+0.48+0.13 ms clock, 2.5+0.57/0.77/0+2.1 ms cpu, 3->4->1 MB, 4 MB goal, 0 MB stacks, 0 MB globals, 16 P
gc 6905 @45.474s 3%: 0.14+0.79+0.095 ms clock, 2.2+0.75/0.75/0.084+1.5 ms cpu, 3->4->2 MB, 4 MB goal, 0 MB stacks, 0 MB globals, 16 P
gc 6906 @45.476s 3%: 0.16+0.51+0.17 ms clock, 2.5+0.59/0.91/0.012+2.7 ms cpu, 4->4->1 MB, 4 MB goal, 0 MB stacks, 0 MB globals, 16 P
gc 6907 @45.478s 3%: 0.10+0.64+0.11 ms clock, 1.7+0.67/0.99/0.013+1.7 ms cpu, 3->4->2 MB, 4 MB goal, 0 MB stacks, 0 MB globals, 16 P
gc 6908 @45.480s 3%: 0.12+0.54+0.10 ms clock, 1.9+0.51/0.80/0.067+1.6 ms cpu, 3->4->1 MB, 4 MB goal, 0 MB stacks, 0 MB globals, 16 P
gc 6909 @45.481s 3%: 0.16+0.56+0.086 ms clock, 2.6+0.60/0.85/0+1.3 ms cpu, 3->4->1 MB, 4 MB goal, 0 MB stacks, 0 MB globals, 16 P
gc 6910 @45.483s 3%: 0.14+0.46+0.15 ms clock, 2.3+0.64/0.80/0+2.4 ms cpu, 3->4->1 MB, 4 MB goal, 0 MB stacks, 0 MB globals, 16 P
gc 6911 @45.484s 3%: 0.13+0.69+0.12 ms clock, 2.1+0.61/1.0/0+1.9 ms cpu, 3->4->2 MB, 4 MB goal, 0 MB stacks, 0 MB globals, 16 P
gc 6912 @45.486s 3%: 0.15+0.66+0.10 ms clock, 2.4+0.58/0.88/0+1.7 ms cpu, 3->4->2 MB, 4 MB goal, 0 MB stacks, 0 MB globals, 16 P
gc 6913 @45.488s 3%: 0.17+0.59+0.10 ms clock, 2.7+0.57/0.77/0+1.6 ms cpu, 3->4->2 MB, 4 MB goal, 0 MB stacks, 0 MB globals, 16 P
gc 6914 @45.490s 3%: 0.12+0.70+0.10 ms clock, 1.9+0.63/0.83/0+1.7 ms cpu, 3->4->2 MB, 4 MB goal, 0 MB stacks, 0 MB globals, 16 P
gc 6915 @45.492s 3%: 0.15+0.60+0.11 ms clock, 2.4+0.68/0.85/0+1.8 ms cpu, 3->4->2 MB, 4 MB goal, 0 MB stacks, 0 MB globals, 16 P
gc 6916 @45.494s 3%: 0.13+0.65+0.10 ms clock, 2.1+0.47/0.85/0+1.7 ms cpu, 3->4->2 MB, 4 MB goal, 0 MB stacks, 0 MB globals, 16 P
gc 6917 @45.496s 3%: 0.12+0.48+0.14 ms clock, 2.0+0.47/0.81/0+2.3 ms cpu, 3->4->1 MB, 4 MB goal, 0 MB stacks, 0 MB globals, 16 P
gc 6918 @45.497s 3%: 0.15+0.61+0.12 ms clock, 2.4+0.65/0.88/0+2.0 ms cpu, 3->4->2 MB, 4 MB goal, 0 MB stacks, 0 MB globals, 16 P
gc 6919 @45.499s 3%: 0.13+0.66+0.11 ms clock, 2.1+0.60/0.87/0.010+1.8 ms cpu, 3->4->2 MB, 4 MB goal, 0 MB stacks, 0 MB globals, 16 P
gc 6920 @45.501s 3%: 0.11+0.62+0.081 ms clock, 1.9+0.53/0.85/0+1.2 ms cpu, 3->4->1 MB, 4 MB goal, 0 MB stacks, 0 MB globals, 16 P
gc 6921 @45.502s 3%: 0.11+0.45+0.10 ms clock, 1.8+0.56/0.77/0+1.6 ms cpu, 3->4->1 MB, 4 MB goal, 0 MB stacks, 0 MB globals, 16 P
gc 6922 @45.504s 3%: 0.10+0.58+0.10 ms clock, 1.7+0.58/1.0/0+1.7 ms cpu, 3->4->1 MB, 4 MB goal, 0 MB stacks, 0 MB globals, 16 P
gc 6923 @45.506s 3%: 0.12+0.63+0.11 ms clock, 1.9+0.62/0.79/0+1.7 ms cpu, 3->4->2 MB, 4 MB goal, 0 MB stacks, 0 MB globals, 16 P
gc 6924 @45.507s 3%: 0.15+0.59+0.11 ms clock, 2.4+0.56/0.90/0.004+1.8 ms cpu, 3->4->2 MB, 4 MB goal, 0 MB stacks, 0 MB globals, 16 P
gc 6925 @45.509s 3%: 0.22+0.59+0.099 ms clock, 3.5+0.64/0.95/0+1.5 ms cpu, 3->4->2 MB, 4 MB goal, 0 MB stacks, 0 MB globals, 16 P
gc 6926 @45.511s 3%: 0.14+0.61+0.094 ms clock, 2.3+0.58/0.95/0.003+1.5 ms cpu, 3->4->1 MB, 4 MB goal, 0 MB stacks, 0 MB globals, 16 P
gc 6927 @45.513s 3%: 0.10+0.50+0.062 ms clock, 1.6+0.48/0.87/0.024+0.99 ms cpu, 3->4->1 MB, 4 MB goal, 0 MB stacks, 0 MB globals, 16 P
gc 6928 @45.514s 3%: 0.10+0.47+0.084 ms clock, 1.7+0.43/0.87/0+1.3 ms cpu, 3->3->1 MB, 4 MB goal, 0 MB stacks, 0 MB globals, 16 P
gc 6929 @45.516s 3%: 0.15+0.51+0.10 ms clock, 2.4+0.73/0.78/0.023+1.6 ms cpu, 3->4->1 MB, 4 MB goal, 0 MB stacks, 0 MB globals, 16 P
gc 6930 @45.517s 3%: 0.14+0.49+0.11 ms clock, 2.2+0.61/0.82/0+1.8 ms cpu, 3->4->1 MB, 4 MB goal, 0 MB stacks, 0 MB globals, 16 P
gc 6931 @45.519s 3%: 0.15+0.44+0.13 ms clock, 2.4+0.66/0.76/0+2.1 ms cpu, 3->4->1 MB, 4 MB goal, 0 MB stacks, 0 MB globals, 16 P
gc 6932 @45.520s 3%: 0.14+0.58+0.14 ms clock, 2.2+0.63/0.73/0+2.2 ms cpu, 3->4->2 MB, 4 MB goal, 0 MB stacks, 0 MB globals, 16 P
gc 6933 @45.522s 3%: 0.13+0.62+0.11 ms clock, 2.1+0.70/0.76/0.012+1.7 ms cpu, 3->4->1 MB, 4 MB goal, 0 MB stacks, 0 MB globals, 16 P
gc 6934 @45.524s 3%: 0.18+0.80+0.085 ms clock, 2.9+0.56/0.74/0+1.3 ms cpu, 3->4->2 MB, 4 MB goal, 0 MB stacks, 0 MB globals, 16 P
gc 6935 @45.526s 3%: 0.093+0.65+0.080 ms clock, 1.5+0.55/0.94/0.020+1.2 ms cpu, 3->4->2 MB, 4 MB goal, 0 MB stacks, 0 MB globals, 16 P
gc 6936 @45.528s 3%: 0.12+0.61+0.093 ms clock, 1.9+0.57/0.87/0+1.5 ms cpu, 3->4->2 MB, 4 MB goal, 0 MB stacks, 0 MB globals, 16 P
gc 6937 @45.529s 3%: 0.14+0.54+0.074 ms clock, 2.3+0.53/0.82/0.004+1.1 ms cpu, 3->4->1 MB, 4 MB goal, 0 MB stacks, 0 MB globals, 16 P
gc 6938 @45.531s 3%: 0.12+0.48+0.12 ms clock, 1.9+0.54/0.84/0.022+2.0 ms cpu, 3->4->1 MB, 4 MB goal, 0 MB stacks, 0 MB globals, 16 P
gc 6939 @45.533s 3%: 0.14+0.59+0.10 ms clock, 2.3+0.62/0.68/0+1.6 ms cpu, 3->4->1 MB, 4 MB goal, 0 MB stacks, 0 MB globals, 16 P
gc 6940 @45.534s 3%: 0.10+0.71+0.088 ms clock, 1.7+0.66/0.84/0+1.4 ms cpu, 3->4->1 MB, 4 MB goal, 0 MB stacks, 0 MB globals, 16 P
gc 6941 @45.536s 3%: 0.099+0.54+0.095 ms clock, 1.5+0.58/0.79/0+1.5 ms cpu, 3->4->1 MB, 4 MB goal, 0 MB stacks, 0 MB globals, 16 P
gc 6942 @45.537s 3%: 0.13+0.53+0.045 ms clock, 2.2+0.35/0.89/0.006+0.72 ms cpu, 3->4->1 MB, 4 MB goal, 0 MB stacks, 0 MB globals, 16 P
gc 6943 @45.539s 3%: 0.14+0.44+0.10 ms clock, 2.3+0.63/0.66/0.005+1.6 ms cpu, 3->4->1 MB, 4 MB goal, 0 MB stacks, 0 MB globals, 16 P
gc 6944 @45.540s 3%: 0.15+0.45+0.13 ms clock, 2.5+0.56/0.73/0.037+2.1 ms cpu, 3->3->1 MB, 4 MB goal, 0 MB stacks, 0 MB globals, 16 P
gc 6945 @45.542s 3%: 0.14+0.47+0.10 ms clock, 2.2+0.52/0.83/0.002+1.7 ms cpu, 3->4->1 MB, 4 MB goal, 0 MB stacks, 0 MB globals, 16 P
gc 6946 @45.543s 3%: 0.087+0.56+0.094 ms clock, 1.4+0.46/0.95/0.007+1.5 ms cpu, 3->4->1 MB, 4 MB goal, 0 MB stacks, 0 MB globals, 16 P
gc 6947 @45.545s 3%: 0.12+0.61+0.16 ms clock, 1.9+0.63/0.88/0+2.6 ms cpu, 3->4->2 MB, 4 MB goal, 0 MB stacks, 0 MB globals, 16 P
gc 6948 @45.547s 3%: 0.15+0.75+0.097 ms clock, 2.4+0.54/0.85/0+1.5 ms cpu, 3->4->2 MB, 4 MB goal, 0 MB stacks, 0 MB globals, 16 P
gc 6949 @45.548s 3%: 0.14+0.82+0.11 ms clock, 2.2+0.64/0.79/0+1.7 ms cpu, 3->4->2 MB, 4 MB goal, 0 MB stacks, 0 MB globals, 16 P
gc 6950 @45.550s 3%: 0.10+0.45+0.11 ms clock, 1.6+0.51/0.72/0.028+1.8 ms cpu, 3->4->1 MB, 4 MB goal, 0 MB stacks, 0 MB globals, 16 P
gc 6951 @45.552s 3%: 0.17+0.59+0.084 ms clock, 2.8+0.70/0.90/0+1.3 ms cpu, 3->4->2 MB, 4 MB goal, 0 MB stacks, 0 MB globals, 16 P
gc 6952 @45.554s 3%: 0.10+0.53+0.096 ms clock, 1.7+0.58/0.80/0.013+1.5 ms cpu, 3->4->1 MB, 4 MB goal, 0 MB stacks, 0 MB globals, 16 P
gc 6953 @45.555s 3%: 0.11+0.68+0.12 ms clock, 1.8+0.51/0.93/0.003+1.9 ms cpu, 3->4->2 MB, 4 MB goal, 0 MB stacks, 0 MB globals, 16 P
gc 6954 @45.557s 3%: 0.11+0.56+0.21 ms clock, 1.8+0.59/0.83/0+3.4 ms cpu, 3->4->1 MB, 4 MB goal, 0 MB stacks, 0 MB globals, 16 P
gc 6955 @45.559s 3%: 0.20+0.58+0.10 ms clock, 3.2+0.59/0.91/0+1.6 ms cpu, 3->4->2 MB, 4 MB goal, 0 MB stacks, 0 MB globals, 16 P
gc 6956 @45.561s 3%: 0.14+0.60+0.091 ms clock, 2.2+0.76/0.94/0.002+1.4 ms cpu, 3->4->2 MB, 4 MB goal, 0 MB stacks, 0 MB globals, 16 P
gc 6957 @45.562s 3%: 0.10+0.65+0.091 ms clock, 1.7+0.49/0.86/0+1.4 ms cpu, 3->4->1 MB, 4 MB goal, 0 MB stacks, 0 MB globals, 16 P
gc 6958 @45.564s 3%: 0.13+0.59+0.067 ms clock, 2.0+0.58/0.91/0.10+1.0 ms cpu, 3->4->1 MB, 4 MB goal, 0 MB stacks, 0 MB globals, 16 P
gc 6959 @45.566s 3%: 0.13+0.53+0.093 ms clock, 2.2+0.60/0.90/0.029+1.4 ms cpu, 3->4->1 MB, 4 MB goal, 0 MB stacks, 0 MB globals, 16 P
gc 6960 @45.567s 3%: 0.16+0.71+0.097 ms clock, 2.5+0.58/0.94/0+1.5 ms cpu, 3->4->2 MB, 4 MB goal, 0 MB stacks, 0 MB globals, 16 P
gc 6961 @45.569s 3%: 0.12+0.51+0.069 ms clock, 2.0+0.54/0.86/0.021+1.1 ms cpu, 3->4->1 MB, 4 MB goal, 0 MB stacks, 0 MB globals, 16 P
gc 6962 @45.571s 3%: 0.12+0.51+0.10 ms clock, 1.9+0.59/0.75/0.057+1.6 ms cpu, 3->4->1 MB, 4 MB goal, 0 MB stacks, 0 MB globals, 16 P
gc 6963 @45.572s 3%: 0.099+0.64+0.062 ms clock, 1.5+0.64/0.82/0+1.0 ms cpu, 3->4->1 MB, 4 MB goal, 0 MB stacks, 0 MB globals, 16 P
gc 6964 @45.574s 3%: 0.10+0.58+0.17 ms clock, 1.7+0.43/0.75/0.10+2.8 ms cpu, 3->4->1 MB, 4 MB goal, 0 MB stacks, 0 MB globals, 16 P
gc 6965 @45.575s 3%: 0.14+0.52+0.14 ms clock, 2.2+0.60/0.93/0+2.3 ms cpu, 3->4->1 MB, 4 MB goal, 0 MB stacks, 0 MB globals, 16 P
gc 6966 @45.577s 3%: 0.13+0.69+0.10 ms clock, 2.2+0.65/0.85/0+1.7 ms cpu, 3->4->2 MB, 4 MB goal, 0 MB stacks, 0 MB globals, 16 P
gc 6967 @45.579s 3%: 0.13+0.85+0.066 ms clock, 2.1+0.66/0.75/0+1.0 ms cpu, 4->4->2 MB, 4 MB goal, 0 MB stacks, 0 MB globals, 16 P
gc 6968 @45.581s 3%: 0.11+0.61+0.16 ms clock, 1.7+0.51/0.92/0+2.6 ms cpu, 3->4->2 MB, 4 MB goal, 0 MB stacks, 0 MB globals, 16 P
gc 6969 @45.583s 3%: 0.20+0.55+0.12 ms clock, 3.3+0.67/0.92/0+1.9 ms cpu, 3->4->2 MB, 4 MB goal, 0 MB stacks, 0 MB globals, 16 P
gc 6970 @45.585s 3%: 0.11+0.51+0.14 ms clock, 1.8+0.54/0.79/0.015+2.2 ms cpu, 3->4->1 MB, 4 MB goal, 0 MB stacks, 0 MB globals, 16 P
gc 6971 @45.586s 3%: 0.10+0.57+0.097 ms clock, 1.7+0.54/0.80/0.066+1.5 ms cpu, 3->4->1 MB, 4 MB goal, 0 MB stacks, 0 MB globals, 16 P
gc 6972 @45.588s 3%: 0.12+0.62+0.10 ms clock, 1.9+0.60/0.77/0+1.6 ms cpu, 3->4->1 MB, 4 MB goal, 0 MB stacks, 0 MB globals, 16 P
gc 6973 @45.589s 3%: 0.10+0.60+0.087 ms clock, 1.7+0.48/0.89/0+1.3 ms cpu, 3->4->1 MB, 4 MB goal, 0 MB stacks, 0 MB globals, 16 P
gc 6974 @45.591s 3%: 0.11+0.58+0.077 ms clock, 1.8+0.68/0.84/0+1.2 ms cpu, 3->4->2 MB, 4 MB goal, 0 MB stacks, 0 MB globals, 16 P
gc 6975 @45.593s 3%: 0.11+0.52+0.17 ms clock, 1.8+0.86/0.84/0+2.8 ms cpu, 3->4->1 MB, 4 MB goal, 0 MB stacks, 0 MB globals, 16 P
gc 6976 @45.594s 3%: 0.14+0.56+0.14 ms clock, 2.2+0.55/0.85/0+2.3 ms cpu, 3->4->1 MB, 4 MB goal, 0 MB stacks, 0 MB globals, 16 P
gc 6977 @45.596s 3%: 0.13+0.67+0.081 ms clock, 2.2+0.73/1.0/0+1.3 ms cpu, 3->4->2 MB, 4 MB goal, 0 MB stacks, 0 MB globals, 16 P
gc 6978 @45.598s 3%: 0.12+0.69+0.12 ms clock, 1.9+0.46/0.86/0.009+1.9 ms cpu, 3->4->2 MB, 4 MB goal, 0 MB stacks, 0 MB globals, 16 P
gc 6979 @45.600s 3%: 0.10+0.56+0.11 ms clock, 1.6+0.66/0.84/0.14+1.8 ms cpu, 3->4->1 MB, 4 MB goal, 0 MB stacks, 0 MB globals, 16 P
gc 6980 @45.601s 3%: 0.15+0.76+0.096 ms clock, 2.4+0.64/0.94/0.015+1.5 ms cpu, 3->4->2 MB, 4 MB goal, 0 MB stacks, 0 MB globals, 16 P
gc 6981 @45.603s 3%: 0.099+0.59+0.12 ms clock, 1.5+0.66/0.81/0+1.9 ms cpu, 3->4->2 MB, 4 MB goal, 0 MB stacks, 0 MB globals, 16 P
gc 6982 @45.605s 3%: 0.11+0.51+0.13 ms clock, 1.8+0.60/0.85/0+2.2 ms cpu, 3->4->1 MB, 4 MB goal, 0 MB stacks, 0 MB globals, 16 P
gc 6983 @45.606s 3%: 0.11+0.63+0.14 ms clock, 1.8+0.60/0.76/0+2.2 ms cpu, 3->4->2 MB, 4 MB goal, 0 MB stacks, 0 MB globals, 16 P
gc 6984 @45.608s 3%: 0.12+0.53+0.092 ms clock, 1.9+0.60/0.82/0+1.4 ms cpu, 3->4->1 MB, 4 MB goal, 0 MB stacks, 0 MB globals, 16 P
gc 6985 @45.610s 3%: 0.071+0.58+0.16 ms clock, 1.1+0.59/0.80/0.074+2.6 ms cpu, 3->4->1 MB, 4 MB goal, 0 MB stacks, 0 MB globals, 16 P
gc 6986 @45.611s 3%: 0.12+0.71+0.082 ms clock, 2.0+0.65/0.89/0+1.3 ms cpu, 3->4->2 MB, 4 MB goal, 0 MB stacks, 0 MB globals, 16 P
gc 6987 @45.613s 3%: 0.12+0.67+0.11 ms clock, 2.0+0.48/0.88/0+1.7 ms cpu, 3->4->2 MB, 4 MB goal, 0 MB stacks, 0 MB globals, 16 P
gc 6988 @45.615s 3%: 0.12+0.52+0.12 ms clock, 2.0+0.52/0.82/0+1.9 ms cpu, 3->4->1 MB, 4 MB goal, 0 MB stacks, 0 MB globals, 16 P
gc 6989 @45.617s 3%: 0.14+0.56+0.067 ms clock, 2.3+0.48/0.87/0+1.0 ms cpu, 3->4->1 MB, 4 MB goal, 0 MB stacks, 0 MB globals, 16 P
gc 6990 @45.618s 3%: 0.092+0.58+0.17 ms clock, 1.4+0.52/0.76/0.10+2.7 ms cpu, 3->4->1 MB, 4 MB goal, 0 MB stacks, 0 MB globals, 16 P
gc 6991 @45.620s 3%: 0.20+0.64+0.16 ms clock, 3.2+0.74/0.82/0+2.6 ms cpu, 3->4->2 MB, 4 MB goal, 0 MB stacks, 0 MB globals, 16 P
gc 6992 @45.622s 3%: 0.15+0.60+0.17 ms clock, 2.5+0.51/0.88/0.017+2.8 ms cpu, 3->4->1 MB, 4 MB goal, 0 MB stacks, 0 MB globals, 16 P
gc 6993 @45.623s 3%: 0.13+0.72+0.10 ms clock, 2.1+0.51/1.0/0+1.6 ms cpu, 3->4->2 MB, 4 MB goal, 0 MB stacks, 0 MB globals, 16 P
gc 6994 @45.625s 3%: 0.10+0.81+0.098 ms clock, 1.7+0.43/0.99/0.008+1.5 ms cpu, 3->4->2 MB, 4 MB goal, 0 MB stacks, 0 MB globals, 16 P
gc 6995 @45.627s 3%: 0.12+0.66+0.19 ms clock, 1.9+0.61/0.90/0.003+3.1 ms cpu, 3->4->2 MB, 4 MB goal, 0 MB stacks, 0 MB globals, 16 P
gc 6996 @45.629s 3%: 0.15+0.62+0.090 ms clock, 2.5+0.61/0.86/0+1.4 ms cpu, 3->4->2 MB, 4 MB goal, 0 MB stacks, 0 MB globals, 16 P
gc 6997 @45.631s 3%: 0.17+0.51+0.16 ms clock, 2.7+0.60/0.81/0+2.6 ms cpu, 3->4->1 MB, 4 MB goal, 0 MB stacks, 0 MB globals, 16 P
gc 6998 @45.633s 3%: 0.15+0.59+0.047 ms clock, 2.5+0.66/0.78/0+0.75 ms cpu, 3->4->1 MB, 4 MB goal, 0 MB stacks, 0 MB globals, 16 P
gc 6999 @45.634s 3%: 0.16+0.50+0.17 ms clock, 2.5+0.65/0.86/0.016+2.7 ms cpu, 3->4->1 MB, 4 MB goal, 0 MB stacks, 0 MB globals, 16 P
gc 7000 @45.636s 3%: 0.15+0.50+0.15 ms clock, 2.5+0.49/0.80/0+2.4 ms cpu, 3->4->1 MB, 4 MB goal, 0 MB stacks, 0 MB globals, 16 P
gc 7001 @45.638s 3%: 0.10+0.57+0.16 ms clock, 1.6+0.56/0.83/0.003+2.6 ms cpu, 3->4->1 MB, 4 MB goal, 0 MB stacks, 0 MB globals, 16 P
gc 7002 @45.639s 3%: 0.13+0.65+0.082 ms clock, 2.0+0.55/0.80/0+1.3 ms cpu, 3->4->2 MB, 4 MB goal, 0 MB stacks, 0 MB globals, 16 P
gc 7003 @45.641s 3%: 0.12+0.56+0.15 ms clock, 2.0+0.58/0.85/0.008+2.4 ms cpu, 3->4->2 MB, 4 MB goal, 0 MB stacks, 0 MB globals, 16 P
gc 7004 @45.643s 3%: 0.13+0.50+0.083 ms clock, 2.1+0.55/0.91/0+1.3 ms cpu, 3->4->1 MB, 4 MB goal, 0 MB stacks, 0 MB globals, 16 P
gc 7005 @45.644s 3%: 0.11+0.65+0.042 ms clock, 1.8+0.69/0.83/0+0.67 ms cpu, 3->4->2 MB, 4 MB goal, 0 MB stacks, 0 MB globals, 16 P
gc 7006 @45.646s 3%: 0.11+0.56+0.081 ms clock, 1.8+0.44/0.85/0.017+1.3 ms cpu, 3->4->1 MB, 4 MB goal, 0 MB stacks, 0 MB globals, 16 P
gc 7007 @45.648s 3%: 0.10+0.60+0.059 ms clock, 1.6+0.51/0.98/0+0.95 ms cpu, 3->4->1 MB, 4 MB goal, 0 MB stacks, 0 MB globals, 16 P
gc 7008 @45.649s 3%: 0.10+0.63+0.084 ms clock, 1.7+0.57/0.76/0.012+1.3 ms cpu, 3->4->1 MB, 4 MB goal, 0 MB stacks, 0 MB globals, 16 P
gc 7009 @45.651s 3%: 0.15+0.56+0.11 ms clock, 2.4+0.49/0.85/0+1.8 ms cpu, 3->4->2 MB, 4 MB goal, 0 MB stacks, 0 MB globals, 16 P
gc 7010 @45.653s 3%: 0.14+0.57+0.18 ms clock, 2.2+0.65/0.88/0+3.0 ms cpu, 3->4->2 MB, 4 MB goal, 0 MB stacks, 0 MB globals, 16 P
gc 7011 @45.654s 3%: 0.10+0.55+0.077 ms clock, 1.7+0.64/0.81/0.002+1.2 ms cpu, 3->4->1 MB, 4 MB goal, 0 MB stacks, 0 MB globals, 16 P
gc 7012 @45.656s 3%: 0.12+0.53+0.12 ms clock, 2.0+0.67/0.86/0+1.9 ms cpu, 3->4->1 MB, 4 MB goal, 0 MB stacks, 0 MB globals, 16 P
gc 7013 @45.658s 3%: 0.10+0.56+0.091 ms clock, 1.6+0.52/0.78/0.003+1.4 ms cpu, 3->4->1 MB, 4 MB goal, 0 MB stacks, 0 MB globals, 16 P
gc 7014 @45.659s 3%: 0.12+0.52+0.11 ms clock, 2.0+0.49/0.98/0+1.8 ms cpu, 3->4->1 MB, 4 MB goal, 0 MB stacks, 0 MB globals, 16 P
gc 7015 @45.661s 3%: 0.12+0.59+0.12 ms clock, 1.9+0.64/0.75/0+2.0 ms cpu, 3->4->2 MB, 4 MB goal, 0 MB stacks, 0 MB globals, 16 P
gc 7016 @45.663s 3%: 0.10+0.60+0.090 ms clock, 1.6+0.54/0.77/0.009+1.4 ms cpu, 3->4->1 MB, 4 MB goal, 0 MB stacks, 0 MB globals, 16 P
gc 7017 @45.664s 3%: 0.12+0.65+0.10 ms clock, 1.9+0.53/0.92/0+1.6 ms cpu, 3->4->2 MB, 4 MB goal, 0 MB stacks, 0 MB globals, 16 P
gc 7018 @45.666s 3%: 0.11+0.56+0.10 ms clock, 1.8+0.54/0.74/0.039+1.7 ms cpu, 3->4->1 MB, 4 MB goal, 0 MB stacks, 0 MB globals, 16 P
gc 7019 @45.668s 3%: 0.14+0.76+0.081 ms clock, 2.3+0.70/0.86/0+1.3 ms cpu, 3->4->2 MB, 4 MB goal, 0 MB stacks, 0 MB globals, 16 P
gc 7020 @45.670s 3%: 0.15+0.66+0.15 ms clock, 2.4+0.54/0.88/0.001+2.4 ms cpu, 3->4->2 MB, 4 MB goal, 0 MB stacks, 0 MB globals, 16 P
gc 7021 @45.672s 3%: 0.13+0.53+0.12 ms clock, 2.0+0.61/0.81/0+2.0 ms cpu, 3->4->1 MB, 4 MB goal, 0 MB stacks, 0 MB globals, 16 P
gc 7022 @45.673s 3%: 0.10+0.58+0.089 ms clock, 1.6+0.76/0.99/0.010+1.4 ms cpu, 3->4->2 MB, 4 MB goal, 0 MB stacks, 0 MB globals, 16 P
gc 7023 @45.675s 3%: 0.19+0.54+0.13 ms clock, 3.1+0.64/0.87/0+2.1 ms cpu, 3->4->1 MB, 4 MB goal, 0 MB stacks, 0 MB globals, 16 P
gc 7024 @45.676s 3%: 0.16+0.58+0.093 ms clock, 2.6+0.60/0.81/0+1.4 ms cpu, 3->4->2 MB, 4 MB goal, 0 MB stacks, 0 MB globals, 16 P
gc 7025 @45.678s 3%: 0.13+0.60+0.063 ms clock, 2.1+0.65/0.85/0.003+1.0 ms cpu, 3->4->1 MB, 4 MB goal, 0 MB stacks, 0 MB globals, 16 P
gc 7026 @45.680s 3%: 0.16+0.52+0.10 ms clock, 2.6+0.54/0.86/0.027+1.6 ms cpu, 3->4->1 MB, 4 MB goal, 0 MB stacks, 0 MB globals, 16 P
gc 7027 @45.682s 3%: 0.12+0.52+0.18 ms clock, 2.0+0.61/0.81/0+3.0 ms cpu, 3->4->1 MB, 4 MB goal, 0 MB stacks, 0 MB globals, 16 P
gc 7028 @45.683s 3%: 0.12+0.57+0.055 ms clock, 1.9+0.49/0.82/0.033+0.88 ms cpu, 3->4->1 MB, 4 MB goal, 0 MB stacks, 0 MB globals, 16 P
gc 7029 @45.685s 3%: 0.12+0.42+0.15 ms clock, 1.9+0.51/0.66/0.16+2.4 ms cpu, 3->4->1 MB, 4 MB goal, 0 MB stacks, 0 MB globals, 16 P
gc 7030 @45.686s 3%: 0.097+0.53+0.14 ms clock, 1.5+0.62/0.90/0+2.3 ms cpu, 3->4->1 MB, 4 MB goal, 0 MB stacks, 0 MB globals, 16 P
gc 7031 @45.688s 3%: 0.10+0.78+0.060 ms clock, 1.7+0.66/0.93/0.049+0.97 ms cpu, 3->4->2 MB, 4 MB goal, 0 MB stacks, 0 MB globals, 16 P
gc 7032 @45.690s 3%: 0.11+0.57+0.12 ms clock, 1.9+0.64/0.81/0+1.9 ms cpu, 3->4->1 MB, 4 MB goal, 0 MB stacks, 0 MB globals, 16 P
gc 7033 @45.691s 3%: 0.22+0.49+0.14 ms clock, 3.6+0.66/0.71/0.036+2.2 ms cpu, 3->4->1 MB, 4 MB goal, 0 MB stacks, 0 MB globals, 16 P
gc 7034 @45.693s 3%: 0.15+0.50+0.17 ms clock, 2.5+0.48/0.67/0.095+2.8 ms cpu, 3->4->1 MB, 4 MB goal, 0 MB stacks, 0 MB globals, 16 P
gc 7035 @45.694s 3%: 0.16+0.56+0.10 ms clock, 2.5+0.58/0.81/0+1.6 ms cpu, 3->4->1 MB, 4 MB goal, 0 MB stacks, 0 MB globals, 16 P
gc 7036 @45.696s 3%: 0.12+0.69+0.093 ms clock, 2.0+0.46/1.0/0+1.5 ms cpu, 3->4->2 MB, 4 MB goal, 0 MB stacks, 0 MB globals, 16 P
gc 7037 @45.698s 3%: 0.12+0.64+0.14 ms clock, 1.9+0.64/0.83/0+2.2 ms cpu, 3->4->1 MB, 4 MB goal, 0 MB stacks, 0 MB globals, 16 P
gc 7038 @45.700s 3%: 0.12+0.53+0.10 ms clock, 2.0+0.38/0.86/0+1.7 ms cpu, 3->4->1 MB, 4 MB goal, 0 MB stacks, 0 MB globals, 16 P
gc 7039 @45.701s 3%: 0.10+0.61+0.083 ms clock, 1.7+0.66/0.77/0.021+1.3 ms cpu, 3->4->1 MB, 4 MB goal, 0 MB stacks, 0 MB globals, 16 P
gc 7040 @45.703s 3%: 0.14+0.45+0.18 ms clock, 2.3+0.66/0.83/0+2.9 ms cpu, 3->4->1 MB, 4 MB goal, 0 MB stacks, 0 MB globals, 16 P
gc 7041 @45.704s 3%: 0.12+0.49+0.12 ms clock, 2.0+0.60/0.79/0+1.9 ms cpu, 3->4->1 MB, 4 MB goal, 0 MB stacks, 0 MB globals, 16 P
gc 7042 @45.706s 3%: 0.13+0.56+0.13 ms clock, 2.1+0.58/0.83/0+2.1 ms cpu, 3->4->1 MB, 4 MB goal, 0 MB stacks, 0 MB globals, 16 P
gc 7043 @45.708s 3%: 0.13+0.64+0.10 ms clock, 2.2+0.63/0.79/0+1.6 ms cpu, 3->4->2 MB, 4 MB goal, 0 MB stacks, 0 MB globals, 16 P
gc 7044 @45.709s 3%: 0.12+0.69+0.099 ms clock, 1.9+0.49/0.95/0+1.5 ms cpu, 3->4->2 MB, 4 MB goal, 0 MB stacks, 0 MB globals, 16 P
gc 7045 @45.711s 3%: 0.16+0.54+0.13 ms clock, 2.7+0.72/0.83/0+2.1 ms cpu, 3->4->1 MB, 4 MB goal, 0 MB stacks, 0 MB globals, 16 P
gc 7046 @45.713s 3%: 0.16+0.50+0.10 ms clock, 2.6+0.45/0.87/0+1.6 ms cpu, 3->4->1 MB, 4 MB goal, 0 MB stacks, 0 MB globals, 16 P
gc 7047 @45.714s 3%: 0.13+0.75+0.091 ms clock, 2.2+0.71/0.98/0+1.4 ms cpu, 3->4->2 MB, 4 MB goal, 0 MB stacks, 0 MB globals, 16 P
gc 7048 @45.716s 3%: 0.11+0.49+0.12 ms clock, 1.8+0.60/0.79/0.012+1.9 ms cpu, 3->4->1 MB, 4 MB goal, 0 MB stacks, 0 MB globals, 16 P
gc 7049 @45.718s 3%: 0.22+0.60+0.10 ms clock, 3.5+0.69/0.94/0.007+1.7 ms cpu, 3->4->2 MB, 4 MB goal, 0 MB stacks, 0 MB globals, 16 P
gc 7050 @45.720s 3%: 0.10+0.60+0.060 ms clock, 1.7+0.49/0.95/0+0.97 ms cpu, 3->4->1 MB, 4 MB goal, 0 MB stacks, 0 MB globals, 16 P
gc 7051 @45.721s 3%: 0.17+0.59+0.090 ms clock, 2.7+0.48/0.89/0+1.4 ms cpu, 3->4->1 MB, 4 MB goal, 0 MB stacks, 0 MB globals, 16 P
gc 7052 @45.723s 3%: 0.11+0.66+0.067 ms clock, 1.8+0.60/0.90/0+1.0 ms cpu, 3->4->2 MB, 4 MB goal, 0 MB stacks, 0 MB globals, 16 P
gc 7053 @45.725s 3%: 0.13+0.59+0.10 ms clock, 2.1+0.78/0.85/0+1.6 ms cpu, 3->4->2 MB, 4 MB goal, 0 MB stacks, 0 MB globals, 16 P
gc 7054 @45.727s 3%: 0.13+0.67+0.087 ms clock, 2.1+0.68/0.95/0+1.3 ms cpu, 3->4->2 MB, 4 MB goal, 0 MB stacks, 0 MB globals, 16 P
gc 7055 @45.729s 3%: 0.11+0.84+0.099 ms clock, 1.8+0.50/0.82/0.030+1.5 ms cpu, 3->4->2 MB, 4 MB goal, 0 MB stacks, 0 MB globals, 16 P
gc 7056 @45.731s 3%: 0.14+0.51+0.093 ms clock, 2.3+0.57/0.94/0.037+1.4 ms cpu, 3->4->1 MB, 4 MB goal, 0 MB stacks, 0 MB globals, 16 P
gc 7057 @45.732s 3%: 0.15+0.65+0.11 ms clock, 2.5+0.72/0.86/0+1.8 ms cpu, 3->4->2 MB, 4 MB goal, 0 MB stacks, 0 MB globals, 16 P
gc 7058 @45.734s 3%: 0.14+0.56+0.12 ms clock, 2.2+0.56/0.85/0.011+1.9 ms cpu, 3->4->2 MB, 4 MB goal, 0 MB stacks, 0 MB globals, 16 P
gc 7059 @45.736s 3%: 0.10+0.64+0.10 ms clock, 1.6+0.52/1.0/0.055+1.6 ms cpu, 3->4->2 MB, 4 MB goal, 0 MB stacks, 0 MB globals, 16 P
gc 7060 @45.737s 3%: 0.16+0.63+0.11 ms clock, 2.5+0.65/0.77/0+1.8 ms cpu, 3->4->2 MB, 4 MB goal, 0 MB stacks, 0 MB globals, 16 P
gc 7061 @45.739s 3%: 0.13+0.67+0.099 ms clock, 2.2+0.60/0.96/0.023+1.5 ms cpu, 3->4->2 MB, 4 MB goal, 0 MB stacks, 0 MB globals, 16 P
gc 7062 @45.741s 3%: 0.076+0.53+0.089 ms clock, 1.2+0.47/0.88/0.005+1.4 ms cpu, 3->4->1 MB, 4 MB goal, 0 MB stacks, 0 MB globals, 16 P
gc 7063 @45.742s 3%: 0.14+0.77+0.098 ms clock, 2.3+0.70/0.95/0+1.5 ms cpu, 3->4->2 MB, 4 MB goal, 0 MB stacks, 0 MB globals, 16 P
gc 7064 @45.744s 3%: 0.12+0.81+0.15 ms clock, 2.0+0.60/0.95/0.007+2.4 ms cpu, 4->5->2 MB, 4 MB goal, 0 MB stacks, 0 MB globals, 16 P
gc 7065 @45.747s 3%: 0.10+0.50+0.18 ms clock, 1.6+0.43/0.85/0.029+2.9 ms cpu, 4->4->1 MB, 4 MB goal, 0 MB stacks, 0 MB globals, 16 P
gc 7066 @45.748s 3%: 0.16+0.84+0.082 ms clock, 2.6+0.56/1.0/0+1.3 ms cpu, 3->4->2 MB, 4 MB goal, 0 MB stacks, 0 MB globals, 16 P
gc 7067 @45.750s 3%: 0.10+0.59+0.13 ms clock, 1.6+0.44/0.85/0+2.1 ms cpu, 4->4->2 MB, 4 MB goal, 0 MB stacks, 0 MB globals, 16 P
gc 7068 @45.752s 3%: 0.075+0.69+0.11 ms clock, 1.2+0.62/0.82/0.007+1.8 ms cpu, 3->4->2 MB, 4 MB goal, 0 MB stacks, 0 MB globals, 16 P
gc 7069 @45.754s 3%: 0.12+0.69+0.13 ms clock, 2.0+0.72/0.72/0+2.1 ms cpu, 3->4->1 MB, 4 MB goal, 0 MB stacks, 0 MB globals, 16 P
gc 7070 @45.756s 3%: 0.11+0.51+0.095 ms clock, 1.7+0.50/0.81/0+1.5 ms cpu, 3->4->1 MB, 4 MB goal, 0 MB stacks, 0 MB globals, 16 P
gc 7071 @45.757s 3%: 0.11+0.62+0.14 ms clock, 1.7+0.63/0.90/0+2.2 ms cpu, 3->4->2 MB, 4 MB goal, 0 MB stacks, 0 MB globals, 16 P
gc 7072 @45.759s 3%: 0.12+0.60+0.10 ms clock, 1.9+0.53/0.78/0+1.6 ms cpu, 3->4->2 MB, 4 MB goal, 0 MB stacks, 0 MB globals, 16 P
gc 7073 @45.761s 3%: 0.13+0.49+0.13 ms clock, 2.0+0.55/0.84/0+2.1 ms cpu, 3->4->1 MB, 4 MB goal, 0 MB stacks, 0 MB globals, 16 P
gc 7074 @45.762s 3%: 0.18+0.51+0.086 ms clock, 2.9+0.68/0.76/0+1.3 ms cpu, 3->4->1 MB, 4 MB goal, 0 MB stacks, 0 MB globals, 16 P
gc 7075 @45.764s 3%: 0.15+0.50+0.12 ms clock, 2.4+0.54/0.83/0+1.9 ms cpu, 3->4->1 MB, 4 MB goal, 0 MB stacks, 0 MB globals, 16 P
gc 7076 @45.766s 3%: 0.12+0.46+0.098 ms clock, 2.0+0.70/0.75/0+1.5 ms cpu, 3->4->1 MB, 4 MB goal, 0 MB stacks, 0 MB globals, 16 P
gc 7077 @45.767s 3%: 0.082+0.46+0.13 ms clock, 1.3+0.55/0.89/0.007+2.1 ms cpu, 3->4->1 MB, 4 MB goal, 0 MB stacks, 0 MB globals, 16 P
gc 7078 @45.768s 3%: 0.14+0.59+0.11 ms clock, 2.3+0.57/0.81/0+1.8 ms cpu, 3->4->2 MB, 4 MB goal, 0 MB stacks, 0 MB globals, 16 P
gc 7079 @45.770s 3%: 0.10+0.59+0.20 ms clock, 1.7+0.52/0.82/0+3.2 ms cpu, 3->4->1 MB, 4 MB goal, 0 MB stacks, 0 MB globals, 16 P
gc 7080 @45.772s 3%: 0.16+0.60+0.12 ms clock, 2.6+0.56/0.97/0+2.0 ms cpu, 3->4->2 MB, 4 MB goal, 0 MB stacks, 0 MB globals, 16 P
gc 7081 @45.774s 3%: 0.13+0.57+0.14 ms clock, 2.1+0.53/0.84/0+2.3 ms cpu, 3->4->1 MB, 4 MB goal, 0 MB stacks, 0 MB globals, 16 P
gc 7082 @45.775s 3%: 0.15+0.57+0.14 ms clock, 2.4+0.64/0.85/0.018+2.3 ms cpu, 3->4->1 MB, 4 MB goal, 0 MB stacks, 0 MB globals, 16 P
gc 7083 @45.777s 3%: 0.12+0.56+0.082 ms clock, 1.9+0.59/0.88/0.004+1.3 ms cpu, 3->4->1 MB, 4 MB goal, 0 MB stacks, 0 MB globals, 16 P
gc 7084 @45.779s 3%: 0.14+0.67+0.10 ms clock, 2.3+0.68/0.86/0+1.6 ms cpu, 3->4->2 MB, 4 MB goal, 0 MB stacks, 0 MB globals, 16 P
gc 7085 @45.780s 3%: 0.13+0.45+0.18 ms clock, 2.1+0.65/0.84/0.033+2.9 ms cpu, 3->4->1 MB, 4 MB goal, 0 MB stacks, 0 MB globals, 16 P
gc 7086 @45.782s 3%: 0.15+0.45+0.20 ms clock, 2.4+0.59/0.76/0+3.2 ms cpu, 3->4->1 MB, 4 MB goal, 0 MB stacks, 0 MB globals, 16 P
gc 7087 @45.783s 3%: 0.14+0.68+0.069 ms clock, 2.3+0.64/0.72/0+1.1 ms cpu, 3->4->2 MB, 4 MB goal, 0 MB stacks, 0 MB globals, 16 P
gc 7088 @45.785s 3%: 0.16+0.47+0.16 ms clock, 2.5+0.67/0.84/0+2.7 ms cpu, 3->4->1 MB, 4 MB goal, 0 MB stacks, 0 MB globals, 16 P
gc 7089 @45.787s 3%: 0.17+0.60+0.13 ms clock, 2.8+0.60/0.90/0+2.1 ms cpu, 3->4->2 MB, 4 MB goal, 0 MB stacks, 0 MB globals, 16 P
gc 7090 @45.789s 3%: 0.14+0.48+0.14 ms clock, 2.3+0.62/0.83/0.033+2.2 ms cpu, 3->4->1 MB, 4 MB goal, 0 MB stacks, 0 MB globals, 16 P
gc 7091 @45.790s 3%: 0.12+0.70+0.12 ms clock, 1.9+0.49/0.68/0.042+2.0 ms cpu, 3->4->1 MB, 4 MB goal, 0 MB stacks, 0 MB globals, 16 P
gc 7092 @45.792s 3%: 0.12+0.70+0.13 ms clock, 1.9+0.72/0.68/0+2.2 ms cpu, 3->4->2 MB, 4 MB goal, 0 MB stacks, 0 MB globals, 16 P
gc 7093 @45.794s 3%: 0.14+0.60+0.097 ms clock, 2.3+0.58/0.73/0+1.5 ms cpu, 3->4->2 MB, 4 MB goal, 0 MB stacks, 0 MB globals, 16 P
gc 7094 @45.795s 3%: 0.15+0.62+0.080 ms clock, 2.4+0.65/0.81/0+1.2 ms cpu, 3->4->2 MB, 4 MB goal, 0 MB stacks, 0 MB globals, 16 P
gc 7095 @45.797s 3%: 0.12+0.70+0.11 ms clock, 1.9+0.57/0.88/0.022+1.8 ms cpu, 3->4->2 MB, 4 MB goal, 0 MB stacks, 0 MB globals, 16 P
gc 7096 @45.799s 3%: 0.12+0.50+0.15 ms clock, 1.9+0.62/0.84/0+2.4 ms cpu, 3->4->1 MB, 4 MB goal, 0 MB stacks, 0 MB globals, 16 P
gc 7097 @45.801s 3%: 0.14+0.59+0.10 ms clock, 2.3+0.62/0.90/0+1.6 ms cpu, 3->4->2 MB, 4 MB goal, 0 MB stacks, 0 MB globals, 16 P
gc 7098 @45.803s 3%: 0.13+0.85+0.084 ms clock, 2.1+0.69/1.0/0.013+1.3 ms cpu, 3->4->2 MB, 4 MB goal, 0 MB stacks, 0 MB globals, 16 P
gc 7099 @45.805s 3%: 0.11+0.83+0.096 ms clock, 1.8+0.63/0.94/0.031+1.5 ms cpu, 4->5->2 MB, 4 MB goal, 0 MB stacks, 0 MB globals, 16 P
gc 7100 @45.807s 3%: 0.11+0.55+0.094 ms clock, 1.8+0.53/0.80/0+1.5 ms cpu, 4->4->1 MB, 4 MB goal, 0 MB stacks, 0 MB globals, 16 P
gc 7101 @45.808s 3%: 0.14+0.66+0.077 ms clock, 2.2+0.57/1.0/0+1.2 ms cpu, 3->4->1 MB, 4 MB goal, 0 MB stacks, 0 MB globals, 16 P
gc 7102 @45.810s 3%: 0.20+0.76+0.097 ms clock, 3.2+0.66/0.88/0+1.5 ms cpu, 3->4->2 MB, 4 MB goal, 0 MB stacks, 0 MB globals, 16 P
gc 7103 @45.812s 3%: 0.19+0.48+0.12 ms clock, 3.1+0.69/0.82/0+1.9 ms cpu, 3->4->1 MB, 4 MB goal, 0 MB stacks, 0 MB globals, 16 P
gc 7104 @45.814s 3%: 0.11+0.49+0.11 ms clock, 1.8+0.49/0.90/0+1.8 ms cpu, 3->4->1 MB, 4 MB goal, 0 MB stacks, 0 MB globals, 16 P
gc 7105 @45.815s 3%: 0.11+0.61+0.083 ms clock, 1.8+0.56/0.88/0.009+1.3 ms cpu, 3->4->2 MB, 4 MB goal, 0 MB stacks, 0 MB globals, 16 P
gc 7106 @45.817s 3%: 0.12+0.54+0.18 ms clock, 1.9+0.67/0.77/0+2.9 ms cpu, 3->4->1 MB, 4 MB goal, 0 MB stacks, 0 MB globals, 16 P
gc 7107 @45.819s 3%: 0.12+0.59+0.12 ms clock, 1.9+0.68/0.86/0+1.9 ms cpu, 3->4->2 MB, 4 MB goal, 0 MB stacks, 0 MB globals, 16 P
gc 7108 @45.820s 3%: 0.12+0.51+0.10 ms clock, 2.0+0.60/0.78/0.019+1.6 ms cpu, 3->4->1 MB, 4 MB goal, 0 MB stacks, 0 MB globals, 16 P
gc 7109 @45.822s 3%: 0.13+0.57+0.13 ms clock, 2.2+0.80/0.85/0+2.2 ms cpu, 3->4->2 MB, 4 MB goal, 0 MB stacks, 0 MB globals, 16 P
gc 7110 @45.824s 3%: 0.13+0.70+0.14 ms clock, 2.1+0.68/0.84/0+2.2 ms cpu, 3->4->2 MB, 4 MB goal, 0 MB stacks, 0 MB globals, 16 P
gc 7111 @45.826s 3%: 0.12+0.54+0.14 ms clock, 2.0+0.55/0.90/0+2.3 ms cpu, 3->4->1 MB, 4 MB goal, 0 MB stacks, 0 MB globals, 16 P
gc 7112 @45.827s 3%: 0.18+0.47+0.14 ms clock, 2.9+0.68/0.80/0.005+2.3 ms cpu, 3->4->1 MB, 4 MB goal, 0 MB stacks, 0 MB globals, 16 P
gc 7113 @45.829s 3%: 0.16+0.66+0.11 ms clock, 2.5+0.64/1.1/0+1.8 ms cpu, 3->4->2 MB, 4 MB goal, 0 MB stacks, 0 MB globals, 16 P
gc 7114 @45.831s 3%: 0.16+0.66+0.097 ms clock, 2.5+0.69/0.73/0.083+1.5 ms cpu, 3->4->2 MB, 4 MB goal, 0 MB stacks, 0 MB globals, 16 P
gc 7115 @45.833s 3%: 0.11+0.62+0.087 ms clock, 1.8+0.55/0.91/0+1.4 ms cpu, 3->4->2 MB, 4 MB goal, 0 MB stacks, 0 MB globals, 16 P
gc 7116 @45.834s 3%: 0.14+0.61+0.17 ms clock, 2.2+0.63/0.95/0.026+2.8 ms cpu, 3->4->2 MB, 4 MB goal, 0 MB stacks, 0 MB globals, 16 P
gc 7117 @45.836s 3%: 0.12+0.68+0.10 ms clock, 2.0+0.61/0.82/0+1.6 ms cpu, 3->4->2 MB, 4 MB goal, 0 MB stacks, 0 MB globals, 16 P
gc 7118 @45.838s 3%: 0.10+0.52+0.099 ms clock, 1.7+0.54/0.83/0.017+1.5 ms cpu, 3->4->1 MB, 4 MB goal, 0 MB stacks, 0 MB globals, 16 P
gc 7119 @45.840s 3%: 0.11+0.65+0.16 ms clock, 1.8+0.55/0.88/0+2.5 ms cpu, 3->4->2 MB, 4 MB goal, 0 MB stacks, 0 MB globals, 16 P
gc 7120 @45.842s 3%: 0.18+0.50+0.13 ms clock, 2.9+0.57/0.75/0.002+2.1 ms cpu, 3->4->1 MB, 4 MB goal, 0 MB stacks, 0 MB globals, 16 P
gc 7121 @45.843s 3%: 0.11+0.66+0.075 ms clock, 1.7+0.58/0.95/0.032+1.2 ms cpu, 3->4->2 MB, 4 MB goal, 0 MB stacks, 0 MB globals, 16 P
gc 7122 @45.845s 3%: 0.11+0.72+0.091 ms clock, 1.7+0.50/0.85/0.003+1.4 ms cpu, 3->4->2 MB, 4 MB goal, 0 MB stacks, 0 MB globals, 16 P
gc 7123 @45.847s 3%: 0.10+0.65+0.15 ms clock, 1.6+0.54/0.85/0+2.4 ms cpu, 3->4->2 MB, 4 MB goal, 0 MB stacks, 0 MB globals, 16 P
gc 7124 @45.849s 3%: 0.12+0.41+0.12 ms clock, 2.0+0.68/0.69/0.016+2.0 ms cpu, 3->4->1 MB, 4 MB goal, 0 MB stacks, 0 MB globals, 16 P
gc 7125 @45.850s 3%: 0.18+0.56+0.11 ms clock, 2.9+0.80/0.92/0.005+1.8 ms cpu, 3->4->2 MB, 4 MB goal, 0 MB stacks, 0 MB globals, 16 P
gc 7126 @45.852s 3%: 0.14+0.49+0.15 ms clock, 2.3+0.51/0.74/0+2.4 ms cpu, 3->4->1 MB, 4 MB goal, 0 MB stacks, 0 MB globals, 16 P
gc 7127 @45.854s 3%: 0.10+0.55+0.099 ms clock, 1.7+0.63/0.84/0+1.5 ms cpu, 3->4->1 MB, 4 MB goal, 0 MB stacks, 0 MB globals, 16 P
gc 7128 @45.855s 3%: 0.15+0.63+0.12 ms clock, 2.4+0.64/0.93/0.009+1.9 ms cpu, 3->4->2 MB, 4 MB goal, 0 MB stacks, 0 MB globals, 16 P
gc 7129 @45.857s 3%: 0.12+0.62+0.074 ms clock, 2.0+0.56/0.81/0+1.1 ms cpu, 3->4->1 MB, 4 MB goal, 0 MB stacks, 0 MB globals, 16 P
gc 7130 @45.859s 3%: 0.13+0.67+0.12 ms clock, 2.1+0.56/0.88/0.016+1.9 ms cpu, 3->4->2 MB, 4 MB goal, 0 MB stacks, 0 MB globals, 16 P
gc 7131 @45.861s 3%: 0.13+0.50+0.099 ms clock, 2.1+0.56/0.90/0.003+1.5 ms cpu, 3->4->1 MB, 4 MB goal, 0 MB stacks, 0 MB globals, 16 P
gc 7132 @45.862s 3%: 0.12+0.65+0.078 ms clock, 1.9+0.63/0.80/0.005+1.2 ms cpu, 3->4->2 MB, 4 MB goal, 0 MB stacks, 0 MB globals, 16 P
gc 7133 @45.864s 3%: 0.11+0.44+0.17 ms clock, 1.8+0.76/0.65/0+2.7 ms cpu, 3->4->1 MB, 4 MB goal, 0 MB stacks, 0 MB globals, 16 P
gc 7134 @45.866s 3%: 0.13+0.75+0.098 ms clock, 2.1+0.60/0.85/0+1.5 ms cpu, 3->4->2 MB, 4 MB goal, 0 MB stacks, 0 MB globals, 16 P
gc 7135 @45.868s 3%: 0.13+0.61+0.077 ms clock, 2.0+0.54/0.95/0+1.2 ms cpu, 3->4->2 MB, 4 MB goal, 0 MB stacks, 0 MB globals, 16 P
gc 7136 @45.869s 3%: 0.12+0.54+0.091 ms clock, 2.0+0.60/0.83/0.072+1.4 ms cpu, 3->4->1 MB, 4 MB goal, 0 MB stacks, 0 MB globals, 16 P
gc 7137 @45.871s 3%: 0.14+0.56+0.12 ms clock, 2.3+0.55/0.89/0.019+1.9 ms cpu, 3->4->2 MB, 4 MB goal, 0 MB stacks, 0 MB globals, 16 P
gc 7138 @45.873s 3%: 0.21+0.69+0.12 ms clock, 3.4+0.68/0.86/0+2.0 ms cpu, 3->4->2 MB, 4 MB goal, 0 MB stacks, 0 MB globals, 16 P
gc 7139 @45.875s 3%: 0.10+0.48+0.16 ms clock, 1.6+0.57/0.78/0+2.5 ms cpu, 3->4->1 MB, 4 MB goal, 0 MB stacks, 0 MB globals, 16 P
gc 7140 @45.876s 3%: 0.10+0.59+0.032 ms clock, 1.7+0.64/0.81/0.003+0.51 ms cpu, 3->4->1 MB, 4 MB goal, 0 MB stacks, 0 MB globals, 16 P
gc 7141 @45.878s 3%: 0.12+0.60+0.058 ms clock, 2.0+0.52/0.76/0+0.94 ms cpu, 3->4->1 MB, 4 MB goal, 0 MB stacks, 0 MB globals, 16 P
gc 7142 @45.880s 3%: 0.17+0.57+0.19 ms clock, 2.8+0.62/0.76/0+3.0 ms cpu, 3->4->2 MB, 4 MB goal, 0 MB stacks, 0 MB globals, 16 P
gc 7143 @45.881s 3%: 0.15+0.60+0.12 ms clock, 2.4+0.75/0.93/0+2.0 ms cpu, 3->4->2 MB, 4 MB goal, 0 MB stacks, 0 MB globals, 16 P
gc 7144 @45.883s 3%: 0.11+0.55+0.14 ms clock, 1.7+0.56/1.0/0.032+2.2 ms cpu, 3->4->1 MB, 4 MB goal, 0 MB stacks, 0 MB globals, 16 P
gc 7145 @45.885s 3%: 0.12+0.54+0.072 ms clock, 1.9+0.56/0.76/0.016+1.1 ms cpu, 3->4->1 MB, 4 MB goal, 0 MB stacks, 0 MB globals, 16 P
gc 7146 @45.886s 3%: 0.068+0.65+0.094 ms clock, 1.0+0.60/0.93/0.065+1.5 ms cpu, 3->4->1 MB, 4 MB goal, 0 MB stacks, 0 MB globals, 16 P
gc 7147 @45.888s 3%: 0.11+0.63+0.095 ms clock, 1.8+0.57/0.89/0+1.5 ms cpu, 3->4->1 MB, 4 MB goal, 0 MB stacks, 0 MB globals, 16 P
gc 7148 @45.890s 3%: 0.11+0.82+0.097 ms clock, 1.8+0.56/0.81/0.023+1.5 ms cpu, 3->4->2 MB, 4 MB goal, 0 MB stacks, 0 MB globals, 16 P
gc 7149 @45.892s 3%: 0.12+0.65+0.18 ms clock, 1.9+0.38/0.81/0+2.8 ms cpu, 3->4->1 MB, 4 MB goal, 0 MB stacks, 0 MB globals, 16 P
gc 7150 @45.893s 3%: 0.10+0.63+0.10 ms clock, 1.7+0.48/0.85/0+1.7 ms cpu, 3->4->2 MB, 4 MB goal, 0 MB stacks, 0 MB globals, 16 P
gc 7151 @45.895s 3%: 0.094+0.67+0.12 ms clock, 1.5+0.53/0.83/0+1.9 ms cpu, 3->4->2 MB, 4 MB goal, 0 MB stacks, 0 MB globals, 16 P
gc 7152 @45.897s 3%: 0.12+0.56+0.12 ms clock, 1.9+0.54/0.84/0+1.9 ms cpu, 3->4->2 MB, 4 MB goal, 0 MB stacks, 0 MB globals, 16 P
gc 7153 @45.899s 3%: 0.10+0.53+0.17 ms clock, 1.6+0.62/0.92/0.036+2.7 ms cpu, 3->4->1 MB, 4 MB goal, 0 MB stacks, 0 MB globals, 16 P
gc 7154 @45.900s 3%: 0.11+0.64+0.068 ms clock, 1.8+0.47/0.79/0.078+1.0 ms cpu, 3->4->1 MB, 4 MB goal, 0 MB stacks, 0 MB globals, 16 P
gc 7155 @45.902s 3%: 0.13+0.69+0.11 ms clock, 2.1+0.69/0.74/0.006+1.8 ms cpu, 3->4->1 MB, 4 MB goal, 0 MB stacks, 0 MB globals, 16 P
gc 7156 @45.904s 3%: 0.14+0.69+0.11 ms clock, 2.3+0.55/1.0/0+1.9 ms cpu, 3->4->2 MB, 4 MB goal, 0 MB stacks, 0 MB globals, 16 P
gc 7157 @45.906s 3%: 0.11+0.48+0.14 ms clock, 1.8+0.65/0.86/0+2.3 ms cpu, 3->4->1 MB, 4 MB goal, 0 MB stacks, 0 MB globals, 16 P
gc 7158 @45.907s 3%: 0.11+0.44+0.13 ms clock, 1.8+0.55/0.74/0.001+2.0 ms cpu, 3->4->1 MB, 4 MB goal, 0 MB stacks, 0 MB globals, 16 P
gc 7159 @45.908s 3%: 0.12+0.51+0.16 ms clock, 2.0+0.67/0.89/0+2.5 ms cpu, 3->4->2 MB, 4 MB goal, 0 MB stacks, 0 MB globals, 16 P
gc 7160 @45.910s 3%: 0.13+0.62+0.14 ms clock, 2.0+0.69/0.89/0+2.3 ms cpu, 3->4->2 MB, 4 MB goal, 0 MB stacks, 0 MB globals, 16 P
gc 7161 @45.912s 3%: 0.16+0.55+0.071 ms clock, 2.5+0.65/0.82/0+1.1 ms cpu, 3->4->1 MB, 4 MB goal, 0 MB stacks, 0 MB globals, 16 P
gc 7162 @45.914s 3%: 0.13+0.74+0.11 ms clock, 2.1+0.72/0.82/0.004+1.9 ms cpu, 3->4->2 MB, 4 MB goal, 0 MB stacks, 0 MB globals, 16 P
gc 7163 @45.915s 3%: 0.16+0.69+0.10 ms clock, 2.7+0.56/0.93/0+1.6 ms cpu, 3->4->2 MB, 4 MB goal, 0 MB stacks, 0 MB globals, 16 P
gc 7164 @45.917s 3%: 0.11+0.57+0.12 ms clock, 1.8+0.64/0.79/0.020+1.9 ms cpu, 3->4->1 MB, 4 MB goal, 0 MB stacks, 0 MB globals, 16 P
gc 7165 @45.919s 3%: 0.11+0.53+0.11 ms clock, 1.8+0.59/0.88/0.029+1.8 ms cpu, 3->4->1 MB, 4 MB goal, 0 MB stacks, 0 MB globals, 16 P
gc 7166 @45.921s 3%: 0.13+0.54+0.086 ms clock, 2.1+0.59/0.80/0+1.3 ms cpu, 3->4->1 MB, 4 MB goal, 0 MB stacks, 0 MB globals, 16 P
gc 7167 @45.922s 3%: 0.078+0.57+0.10 ms clock, 1.2+0.52/0.84/0.003+1.6 ms cpu, 3->4->1 MB, 4 MB goal, 0 MB stacks, 0 MB globals, 16 P
gc 7168 @45.924s 3%: 0.19+0.49+0.10 ms clock, 3.1+0.79/0.79/0+1.6 ms cpu, 3->4->1 MB, 4 MB goal, 0 MB stacks, 0 MB globals, 16 P
gc 7169 @45.925s 3%: 0.11+0.61+0.11 ms clock, 1.7+0.65/0.77/0+1.8 ms cpu, 3->4->2 MB, 4 MB goal, 0 MB stacks, 0 MB globals, 16 P
gc 7170 @45.927s 3%: 0.13+0.52+0.093 ms clock, 2.1+0.56/0.84/0+1.4 ms cpu, 3->4->1 MB, 4 MB goal, 0 MB stacks, 0 MB globals, 16 P
gc 7171 @45.929s 3%: 0.13+0.56+0.12 ms clock, 2.1+0.61/0.80/0+2.0 ms cpu, 3->4->1 MB, 4 MB goal, 0 MB stacks, 0 MB globals, 16 P
gc 7172 @45.930s 3%: 0.13+0.56+0.12 ms clock, 2.1+0.51/0.88/0+2.0 ms cpu, 3->4->1 MB, 4 MB goal, 0 MB stacks, 0 MB globals, 16 P
gc 7173 @45.932s 3%: 0.15+0.52+0.17 ms clock, 2.4+0.72/0.81/0+2.8 ms cpu, 3->4->1 MB, 4 MB goal, 0 MB stacks, 0 MB globals, 16 P
gc 7174 @45.934s 3%: 0.11+0.68+0.096 ms clock, 1.7+0.49/0.93/0+1.5 ms cpu, 3->4->2 MB, 4 MB goal, 0 MB stacks, 0 MB globals, 16 P
gc 7175 @45.935s 3%: 0.10+0.53+0.098 ms clock, 1.7+0.47/0.83/0+1.5 ms cpu, 3->4->1 MB, 4 MB goal, 0 MB stacks, 0 MB globals, 16 P
gc 7176 @45.937s 3%: 0.16+0.55+0.18 ms clock, 2.5+0.70/0.87/0+2.9 ms cpu, 3->4->1 MB, 4 MB goal, 0 MB stacks, 0 MB globals, 16 P
gc 7177 @45.939s 3%: 0.12+0.52+0.11 ms clock, 2.0+0.48/0.84/0+1.7 ms cpu, 3->4->1 MB, 4 MB goal, 0 MB stacks, 0 MB globals, 16 P
gc 7178 @45.940s 3%: 0.12+0.66+0.026 ms clock, 1.9+0.56/0.87/0+0.42 ms cpu, 3->4->2 MB, 4 MB goal, 0 MB stacks, 0 MB globals, 16 P
gc 7179 @45.942s 3%: 0.14+0.63+0.11 ms clock, 2.2+0.42/0.89/0+1.9 ms cpu, 3->4->1 MB, 4 MB goal, 0 MB stacks, 0 MB globals, 16 P
gc 7180 @45.944s 3%: 0.10+0.65+0.098 ms clock, 1.6+0.56/0.74/0.041+1.5 ms cpu, 3->4->1 MB, 4 MB goal, 0 MB stacks, 0 MB globals, 16 P
gc 7181 @45.945s 3%: 0.12+0.48+0.13 ms clock, 2.0+0.58/0.73/0+2.1 ms cpu, 3->4->1 MB, 4 MB goal, 0 MB stacks, 0 MB globals, 16 P
gc 7182 @45.947s 3%: 0.16+0.51+0.16 ms clock, 2.6+0.56/0.75/0+2.7 ms cpu, 3->4->2 MB, 4 MB goal, 0 MB stacks, 0 MB globals, 16 P
gc 7183 @45.949s 3%: 0.14+0.44+0.11 ms clock, 2.3+0.76/0.68/0+1.8 ms cpu, 3->4->1 MB, 4 MB goal, 0 MB stacks, 0 MB globals, 16 P
gc 7184 @45.950s 3%: 0.12+0.47+0.099 ms clock, 2.0+0.54/0.81/0+1.5 ms cpu, 3->4->1 MB, 4 MB goal, 0 MB stacks, 0 MB globals, 16 P
gc 7185 @45.951s 3%: 0.10+0.54+0.081 ms clock, 1.6+0.45/0.88/0.017+1.3 ms cpu, 3->4->1 MB, 4 MB goal, 0 MB stacks, 0 MB globals, 16 P
gc 7186 @45.953s 3%: 0.094+0.67+0.062 ms clock, 1.5+0.63/0.71/0.070+1.0 ms cpu, 3->4->1 MB, 4 MB goal, 0 MB stacks, 0 MB globals, 16 P
gc 7187 @45.955s 3%: 0.11+0.64+0.11 ms clock, 1.9+0.65/0.73/0.012+1.7 ms cpu, 3->4->1 MB, 4 MB goal, 0 MB stacks, 0 MB globals, 16 P
gc 7188 @45.956s 3%: 0.097+0.60+0.12 ms clock, 1.5+0.62/0.72/0+2.0 ms cpu, 3->4->1 MB, 4 MB goal, 0 MB stacks, 0 MB globals, 16 P
gc 7189 @45.958s 3%: 0.11+0.62+0.15 ms clock, 1.8+0.61/0.83/0+2.5 ms cpu, 3->4->2 MB, 4 MB goal, 0 MB stacks, 0 MB globals, 16 P
gc 7190 @45.960s 3%: 0.15+0.46+0.085 ms clock, 2.4+0.66/0.72/0.001+1.3 ms cpu, 3->4->1 MB, 4 MB goal, 0 MB stacks, 0 MB globals, 16 P
gc 7191 @45.961s 3%: 0.12+0.61+0.10 ms clock, 2.0+0.59/0.80/0+1.7 ms cpu, 3->4->1 MB, 4 MB goal, 0 MB stacks, 0 MB globals, 16 P
gc 7192 @45.963s 3%: 0.11+0.67+0.097 ms clock, 1.9+0.49/0.84/0+1.5 ms cpu, 3->4->2 MB, 4 MB goal, 0 MB stacks, 0 MB globals, 16 P
gc 7193 @45.965s 3%: 0.14+0.54+0.16 ms clock, 2.2+0.68/0.76/0.016+2.6 ms cpu, 3->4->1 MB, 4 MB goal, 0 MB stacks, 0 MB globals, 16 P
gc 7194 @45.966s 3%: 0.11+0.56+0.14 ms clock, 1.7+0.50/0.84/0.003+2.3 ms cpu, 3->4->1 MB, 4 MB goal, 0 MB stacks, 0 MB globals, 16 P
gc 7195 @45.968s 3%: 0.11+0.51+0.090 ms clock, 1.8+0.52/0.72/0.023+1.4 ms cpu, 3->4->1 MB, 4 MB goal, 0 MB stacks, 0 MB globals, 16 P
gc 7196 @45.970s 3%: 0.18+0.42+0.10 ms clock, 2.9+0.68/0.87/0+1.6 ms cpu, 3->4->1 MB, 4 MB goal, 0 MB stacks, 0 MB globals, 16 P
gc 7197 @45.971s 3%: 0.081+0.68+0.097 ms clock, 1.2+0.61/0.78/0+1.5 ms cpu, 3->4->1 MB, 4 MB goal, 0 MB stacks, 0 MB globals, 16 P
gc 7198 @45.973s 3%: 0.15+0.61+0.11 ms clock, 2.4+0.57/0.90/0+1.8 ms cpu, 3->4->2 MB, 4 MB goal, 0 MB stacks, 0 MB globals, 16 P
gc 7199 @45.975s 3%: 0.13+0.51+0.13 ms clock, 2.1+0.61/0.92/0.038+2.0 ms cpu, 3->4->1 MB, 4 MB goal, 0 MB stacks, 0 MB globals, 16 P
gc 7200 @45.976s 3%: 0.16+0.64+0.065 ms clock, 2.6+0.56/0.90/0.001+1.0 ms cpu, 3->4->2 MB, 4 MB goal, 0 MB stacks, 0 MB globals, 16 P
gc 7201 @45.978s 3%: 0.12+0.59+0.090 ms clock, 2.0+0.52/0.93/0+1.4 ms cpu, 3->4->2 MB, 4 MB goal, 0 MB stacks, 0 MB globals, 16 P
gc 7202 @45.980s 3%: 0.14+0.53+0.10 ms clock, 2.2+0.60/0.82/0+1.7 ms cpu, 3->4->1 MB, 4 MB goal, 0 MB stacks, 0 MB globals, 16 P
gc 7203 @45.981s 3%: 0.13+0.51+0.10 ms clock, 2.0+0.69/0.81/0.029+1.6 ms cpu, 3->4->1 MB, 4 MB goal, 0 MB stacks, 0 MB globals, 16 P
gc 7204 @45.983s 3%: 0.15+0.66+0.11 ms clock, 2.4+0.68/0.80/0+1.8 ms cpu, 3->4->2 MB, 4 MB goal, 0 MB stacks, 0 MB globals, 16 P
gc 7205 @45.985s 3%: 0.17+0.72+0.11 ms clock, 2.7+0.62/0.91/0+1.8 ms cpu, 3->4->2 MB, 4 MB goal, 0 MB stacks, 0 MB globals, 16 P
gc 7206 @45.987s 3%: 0.13+0.60+0.074 ms clock, 2.1+0.59/0.81/0+1.1 ms cpu, 3->4->1 MB, 4 MB goal, 0 MB stacks, 0 MB globals, 16 P
gc 7207 @45.988s 3%: 0.15+0.75+0.12 ms clock, 2.4+0.53/0.75/0.091+1.9 ms cpu, 3->4->2 MB, 4 MB goal, 0 MB stacks, 0 MB globals, 16 P
gc 7208 @45.990s 3%: 0.10+0.60+0.10 ms clock, 1.6+0.72/0.84/0+1.7 ms cpu, 3->4->1 MB, 4 MB goal, 0 MB stacks, 0 MB globals, 16 P
gc 7209 @45.992s 3%: 0.14+0.47+0.20 ms clock, 2.3+0.77/0.78/0+3.2 ms cpu, 3->4->1 MB, 4 MB goal, 0 MB stacks, 0 MB globals, 16 P
gc 7210 @45.993s 3%: 0.18+0.62+0.17 ms clock, 2.9+0.81/0.74/0+2.7 ms cpu, 3->4->2 MB, 4 MB goal, 0 MB stacks, 0 MB globals, 16 P
gc 7211 @45.995s 3%: 0.092+0.52+0.12 ms clock, 1.4+0.52/0.89/0.002+1.9 ms cpu, 3->4->1 MB, 4 MB goal, 0 MB stacks, 0 MB globals, 16 P
gc 7212 @45.997s 3%: 0.12+0.56+0.11 ms clock, 1.9+0.70/0.88/0+1.9 ms cpu, 3->4->1 MB, 4 MB goal, 0 MB stacks, 0 MB globals, 16 P
gc 7213 @45.998s 3%: 0.093+0.56+0.063 ms clock, 1.4+0.46/0.80/0+1.0 ms cpu, 3->4->1 MB, 4 MB goal, 0 MB stacks, 0 MB globals, 16 P
gc 7214 @46.000s 3%: 0.15+0.55+0.11 ms clock, 2.4+0.68/0.92/0+1.8 ms cpu, 3->4->2 MB, 4 MB goal, 0 MB stacks, 0 MB globals, 16 P
gc 7215 @46.002s 3%: 0.089+0.51+0.10 ms clock, 1.4+0.51/0.78/0+1.7 ms cpu, 3->4->1 MB, 4 MB goal, 0 MB stacks, 0 MB globals, 16 P
gc 7216 @46.003s 3%: 0.15+0.59+0.10 ms clock, 2.5+0.57/0.87/0+1.6 ms cpu, 3->4->1 MB, 4 MB goal, 0 MB stacks, 0 MB globals, 16 P
gc 7217 @46.005s 3%: 0.12+0.55+0.076 ms clock, 1.9+0.70/0.73/0+1.2 ms cpu, 3->4->1 MB, 4 MB goal, 0 MB stacks, 0 MB globals, 16 P
gc 7218 @46.006s 3%: 0.12+0.59+0.12 ms clock, 1.9+0.79/0.84/0.023+1.9 ms cpu, 3->4->1 MB, 4 MB goal, 0 MB stacks, 0 MB globals, 16 P
gc 7219 @46.008s 3%: 0.11+0.60+0.099 ms clock, 1.8+0.51/0.83/0.002+1.5 ms cpu, 3->4->1 MB, 4 MB goal, 0 MB stacks, 0 MB globals, 16 P
gc 7220 @46.010s 3%: 0.12+0.54+0.12 ms clock, 1.9+0.69/0.82/0.019+1.9 ms cpu, 3->4->1 MB, 4 MB goal, 0 MB stacks, 0 MB globals, 16 P
gc 7221 @46.012s 3%: 0.090+0.67+0.10 ms clock, 1.4+0.56/0.82/0.015+1.6 ms cpu, 3->4->1 MB, 4 MB goal, 0 MB stacks, 0 MB globals, 16 P
gc 7222 @46.013s 3%: 0.14+0.65+0.16 ms clock, 2.2+0.61/1.0/0+2.6 ms cpu, 3->4->2 MB, 4 MB goal, 0 MB stacks, 0 MB globals, 16 P
gc 7223 @46.015s 3%: 0.11+0.51+0.17 ms clock, 1.8+0.59/0.84/0+2.8 ms cpu, 3->4->1 MB, 4 MB goal, 0 MB stacks, 0 MB globals, 16 P
gc 7224 @46.017s 3%: 0.13+0.69+0.14 ms clock, 2.1+0.56/0.81/0+2.2 ms cpu, 3->4->2 MB, 4 MB goal, 0 MB stacks, 0 MB globals, 16 P
gc 7225 @46.019s 3%: 0.10+0.47+0.095 ms clock, 1.7+0.49/0.86/0+1.5 ms cpu, 3->4->1 MB, 4 MB goal, 0 MB stacks, 0 MB globals, 16 P
gc 7226 @46.020s 3%: 0.14+0.45+0.19 ms clock, 2.3+0.49/0.80/0.030+3.0 ms cpu, 3->4->1 MB, 4 MB goal, 0 MB stacks, 0 MB globals, 16 P
gc 7227 @46.022s 3%: 0.18+0.63+0.087 ms clock, 2.9+0.36/0.87/0+1.3 ms cpu, 3->4->1 MB, 4 MB goal, 0 MB stacks, 0 MB globals, 16 P
gc 7228 @46.024s 3%: 0.12+0.46+0.095 ms clock, 1.9+0.71/0.80/0+1.5 ms cpu, 3->4->1 MB, 4 MB goal, 0 MB stacks, 0 MB globals, 16 P
gc 7229 @46.025s 3%: 0.12+0.82+0.10 ms clock, 2.0+0.57/1.0/0.001+1.6 ms cpu, 3->4->2 MB, 4 MB goal, 0 MB stacks, 0 MB globals, 16 P
gc 7230 @46.027s 3%: 0.10+0.63+0.11 ms clock, 1.6+0.57/0.80/0.007+1.8 ms cpu, 4->4->2 MB, 4 MB goal, 0 MB stacks, 0 MB globals, 16 P
gc 7231 @46.029s 3%: 0.14+0.54+0.13 ms clock, 2.3+0.55/0.73/0+2.1 ms cpu, 3->4->1 MB, 4 MB goal, 0 MB stacks, 0 MB globals, 16 P
gc 7232 @46.030s 3%: 0.12+0.61+0.085 ms clock, 1.9+0.61/0.88/0+1.3 ms cpu, 3->4->1 MB, 4 MB goal, 0 MB stacks, 0 MB globals, 16 P
gc 7233 @46.032s 3%: 0.16+0.61+0.12 ms clock, 2.6+0.63/0.73/0+1.9 ms cpu, 3->4->2 MB, 4 MB goal, 0 MB stacks, 0 MB globals, 16 P
gc 7234 @46.034s 3%: 0.12+0.60+0.095 ms clock, 2.0+0.66/0.69/0+1.5 ms cpu, 3->4->1 MB, 4 MB goal, 0 MB stacks, 0 MB globals, 16 P
gc 7235 @46.035s 3%: 0.13+0.48+0.13 ms clock, 2.1+0.71/0.78/0+2.1 ms cpu, 3->4->1 MB, 4 MB goal, 0 MB stacks, 0 MB globals, 16 P
gc 7236 @46.037s 3%: 0.14+0.43+0.12 ms clock, 2.2+0.55/0.81/0+1.9 ms cpu, 3->4->1 MB, 4 MB goal, 0 MB stacks, 0 MB globals, 16 P
gc 7237 @46.038s 3%: 0.11+0.58+0.11 ms clock, 1.7+0.57/0.88/0+1.9 ms cpu, 3->4->1 MB, 4 MB goal, 0 MB stacks, 0 MB globals, 16 P
gc 7238 @46.040s 3%: 0.15+0.50+0.16 ms clock, 2.4+0.55/0.89/0.001+2.6 ms cpu, 3->4->2 MB, 4 MB goal, 0 MB stacks, 0 MB globals, 16 P
gc 7239 @46.042s 3%: 0.13+0.54+0.14 ms clock, 2.2+0.56/0.79/0.084+2.3 ms cpu, 3->4->1 MB, 4 MB goal, 0 MB stacks, 0 MB globals, 16 P
gc 7240 @46.043s 3%: 0.12+0.50+0.11 ms clock, 1.9+0.58/0.78/0+1.8 ms cpu, 3->4->1 MB, 4 MB goal, 0 MB stacks, 0 MB globals, 16 P
gc 7241 @46.045s 3%: 0.084+0.56+0.12 ms clock, 1.3+0.55/0.76/0.001+1.9 ms cpu, 3->4->1 MB, 4 MB goal, 0 MB stacks, 0 MB globals, 16 P
gc 7242 @46.046s 3%: 0.14+0.50+0.16 ms clock, 2.2+0.57/0.71/0.030+2.7 ms cpu, 3->4->1 MB, 4 MB goal, 0 MB stacks, 0 MB globals, 16 P
gc 7243 @46.048s 3%: 0.11+0.47+0.13 ms clock, 1.8+0.57/0.90/0.046+2.2 ms cpu, 3->3->1 MB, 4 MB goal, 0 MB stacks, 0 MB globals, 16 P
gc 7244 @46.049s 3%: 0.16+0.64+0.095 ms clock, 2.6+0.58/0.96/0+1.5 ms cpu, 3->4->2 MB, 4 MB goal, 0 MB stacks, 0 MB globals, 16 P
gc 7245 @46.051s 3%: 0.11+0.53+0.10 ms clock, 1.7+0.60/0.80/0+1.6 ms cpu, 3->4->1 MB, 4 MB goal, 0 MB stacks, 0 MB globals, 16 P
gc 7246 @46.053s 3%: 0.10+0.44+0.16 ms clock, 1.6+0.51/0.76/0.002+2.6 ms cpu, 3->4->1 MB, 4 MB goal, 0 MB stacks, 0 MB globals, 16 P
gc 7247 @46.054s 3%: 0.17+0.52+0.11 ms clock, 2.7+0.73/0.89/0+1.7 ms cpu, 3->4->1 MB, 4 MB goal, 0 MB stacks, 0 MB globals, 16 P
gc 7248 @46.056s 3%: 0.14+0.62+0.19 ms clock, 2.3+0.48/1.0/0+3.1 ms cpu, 3->4->2 MB, 4 MB goal, 0 MB stacks, 0 MB globals, 16 P
gc 7249 @46.058s 3%: 0.10+0.59+0.16 ms clock, 1.7+0.64/0.99/0.007+2.7 ms cpu, 3->4->1 MB, 4 MB goal, 0 MB stacks, 0 MB globals, 16 P
gc 7250 @46.059s 3%: 0.10+0.45+0.14 ms clock, 1.6+0.51/0.80/0+2.3 ms cpu, 3->4->1 MB, 4 MB goal, 0 MB stacks, 0 MB globals, 16 P
gc 7251 @46.061s 3%: 0.15+0.46+0.15 ms clock, 2.4+0.65/0.70/0+2.4 ms cpu, 3->4->1 MB, 4 MB goal, 0 MB stacks, 0 MB globals, 16 P
gc 7252 @46.062s 3%: 0.15+0.79+0.12 ms clock, 2.4+0.64/0.81/0+2.0 ms cpu, 3->4->2 MB, 4 MB goal, 0 MB stacks, 0 MB globals, 16 P
gc 7253 @46.064s 3%: 0.12+0.69+0.083 ms clock, 2.0+0.47/0.90/0+1.3 ms cpu, 3->4->2 MB, 4 MB goal, 0 MB stacks, 0 MB globals, 16 P
gc 7254 @46.066s 3%: 0.15+0.60+0.050 ms clock, 2.4+0.59/0.87/0.006+0.81 ms cpu, 3->4->1 MB, 4 MB goal, 0 MB stacks, 0 MB globals, 16 P
gc 7255 @46.068s 3%: 0.12+0.46+0.18 ms clock, 2.0+0.64/0.81/0+2.9 ms cpu, 3->4->1 MB, 4 MB goal, 0 MB stacks, 0 MB globals, 16 P
gc 7256 @46.069s 3%: 0.093+0.51+0.14 ms clock, 1.4+0.73/0.84/0.003+2.2 ms cpu, 3->4->1 MB, 4 MB goal, 0 MB stacks, 0 MB globals, 16 P
gc 7257 @46.071s 3%: 0.13+0.67+0.12 ms clock, 2.0+0.59/0.79/0.14+1.9 ms cpu, 3->4->1 MB, 4 MB goal, 0 MB stacks, 0 MB globals, 16 P
gc 7258 @46.073s 3%: 0.11+0.55+0.040 ms clock, 1.8+0.52/0.83/0+0.64 ms cpu, 3->4->1 MB, 4 MB goal, 0 MB stacks, 0 MB globals, 16 P
gc 7259 @46.074s 3%: 0.15+0.68+0.20 ms clock, 2.4+0.64/0.92/0+3.2 ms cpu, 3->4->2 MB, 4 MB goal, 0 MB stacks, 0 MB globals, 16 P
gc 7260 @46.076s 3%: 0.14+0.59+0.10 ms clock, 2.3+0.49/0.79/0+1.7 ms cpu, 3->4->2 MB, 4 MB goal, 0 MB stacks, 0 MB globals, 16 P
gc 7261 @46.078s 3%: 0.11+0.54+0.17 ms clock, 1.8+0.53/0.85/0+2.8 ms cpu, 3->4->1 MB, 4 MB goal, 0 MB stacks, 0 MB globals, 16 P
gc 7262 @46.079s 3%: 0.12+0.65+0.089 ms clock, 2.0+0.54/0.73/0.043+1.4 ms cpu, 3->4->1 MB, 4 MB goal, 0 MB stacks, 0 MB globals, 16 P
gc 7263 @46.081s 3%: 0.20+0.73+0.025 ms clock, 3.2+0.65/0.96/0.032+0.40 ms cpu, 3->4->2 MB, 4 MB goal, 0 MB stacks, 0 MB globals, 16 P
gc 7264 @46.083s 3%: 0.19+0.60+0.11 ms clock, 3.0+0.58/0.85/0+1.7 ms cpu, 3->4->2 MB, 4 MB goal, 0 MB stacks, 0 MB globals, 16 P
gc 7265 @46.085s 3%: 0.10+0.57+0.14 ms clock, 1.6+0.48/0.85/0+2.3 ms cpu, 3->4->2 MB, 4 MB goal, 0 MB stacks, 0 MB globals, 16 P
gc 7266 @46.086s 3%: 0.14+0.57+0.17 ms clock, 2.3+0.68/0.82/0+2.8 ms cpu, 3->4->2 MB, 4 MB goal, 0 MB stacks, 0 MB globals, 16 P
gc 7267 @46.088s 3%: 0.11+0.57+0.11 ms clock, 1.8+0.52/0.71/0+1.8 ms cpu, 3->4->1 MB, 4 MB goal, 0 MB stacks, 0 MB globals, 16 P
gc 7268 @46.090s 3%: 0.14+0.57+0.14 ms clock, 2.3+0.63/0.86/0+2.2 ms cpu, 3->4->2 MB, 4 MB goal, 0 MB stacks, 0 MB globals, 16 P
gc 7269 @46.092s 3%: 0.087+0.77+0.13 ms clock, 1.3+0.48/0.95/0.014+2.0 ms cpu, 3->4->2 MB, 4 MB goal, 0 MB stacks, 0 MB globals, 16 P
gc 7270 @46.093s 3%: 0.14+0.54+0.12 ms clock, 2.3+0.69/0.76/0+2.0 ms cpu, 3->4->2 MB, 4 MB goal, 0 MB stacks, 0 MB globals, 16 P
gc 7271 @46.095s 3%: 0.16+0.56+0.090 ms clock, 2.6+0.52/0.89/0.006+1.4 ms cpu, 3->4->2 MB, 4 MB goal, 0 MB stacks, 0 MB globals, 16 P
gc 7272 @46.097s 3%: 0.10+0.62+0.074 ms clock, 1.7+0.54/0.78/0+1.1 ms cpu, 3->4->2 MB, 4 MB goal, 0 MB stacks, 0 MB globals, 16 P
gc 7273 @46.099s 3%: 0.12+0.59+0.12 ms clock, 1.9+0.57/0.83/0+1.9 ms cpu, 3->4->2 MB, 4 MB goal, 0 MB stacks, 0 MB globals, 16 P
gc 7274 @46.101s 3%: 0.11+0.49+0.093 ms clock, 1.8+0.54/0.79/0.016+1.4 ms cpu, 3->4->1 MB, 4 MB goal, 0 MB stacks, 0 MB globals, 16 P
gc 7275 @46.102s 3%: 0.13+0.67+0.087 ms clock, 2.1+0.47/0.81/0+1.4 ms cpu, 3->4->2 MB, 4 MB goal, 0 MB stacks, 0 MB globals, 16 P
gc 7276 @46.104s 3%: 0.13+0.53+0.13 ms clock, 2.2+0.61/0.89/0+2.0 ms cpu, 3->4->1 MB, 4 MB goal, 0 MB stacks, 0 MB globals, 16 P
gc 7277 @46.105s 3%: 0.13+0.54+0.17 ms clock, 2.1+0.63/0.84/0+2.7 ms cpu, 3->4->2 MB, 4 MB goal, 0 MB stacks, 0 MB globals, 16 P
gc 7278 @46.107s 3%: 0.16+0.62+0.14 ms clock, 2.6+0.57/0.81/0+2.2 ms cpu, 3->4->2 MB, 4 MB goal, 0 MB stacks, 0 MB globals, 16 P
gc 7279 @46.109s 3%: 0.11+0.50+0.089 ms clock, 1.8+0.68/0.78/0+1.4 ms cpu, 3->4->1 MB, 4 MB goal, 0 MB stacks, 0 MB globals, 16 P
gc 7280 @46.111s 3%: 0.11+0.58+0.14 ms clock, 1.8+0.62/0.76/0+2.3 ms cpu, 3->4->1 MB, 4 MB goal, 0 MB stacks, 0 MB globals, 16 P
gc 7281 @46.112s 3%: 0.15+0.58+0.079 ms clock, 2.4+0.51/0.77/0+1.2 ms cpu, 3->4->1 MB, 4 MB goal, 0 MB stacks, 0 MB globals, 16 P
gc 7282 @46.114s 3%: 0.12+0.65+0.092 ms clock, 1.9+0.54/0.88/0.013+1.4 ms cpu, 3->4->2 MB, 4 MB goal, 0 MB stacks, 0 MB globals, 16 P
gc 7283 @46.116s 3%: 0.11+0.62+0.10 ms clock, 1.9+0.71/0.83/0+1.6 ms cpu, 3->4->2 MB, 4 MB goal, 0 MB stacks, 0 MB globals, 16 P
gc 7284 @46.118s 3%: 0.13+0.56+0.18 ms clock, 2.1+0.56/0.76/0+2.8 ms cpu, 3->4->2 MB, 4 MB goal, 0 MB stacks, 0 MB globals, 16 P
gc 7285 @46.119s 3%: 0.11+0.60+0.11 ms clock, 1.8+0.63/0.94/0+1.8 ms cpu, 3->4->2 MB, 4 MB goal, 0 MB stacks, 0 MB globals, 16 P
gc 7286 @46.121s 3%: 0.19+0.74+0.10 ms clock, 3.1+0.71/0.71/0.007+1.7 ms cpu, 3->4->2 MB, 4 MB goal, 0 MB stacks, 0 MB globals, 16 P
gc 7287 @46.123s 3%: 0.13+0.46+0.12 ms clock, 2.1+0.58/0.79/0+2.0 ms cpu, 4->4->1 MB, 4 MB goal, 0 MB stacks, 0 MB globals, 16 P
gc 7288 @46.125s 3%: 0.12+0.49+0.13 ms clock, 1.9+0.46/0.89/0+2.1 ms cpu, 3->4->1 MB, 4 MB goal, 0 MB stacks, 0 MB globals, 16 P
gc 7289 @46.126s 3%: 0.13+0.44+0.13 ms clock, 2.2+0.56/0.81/0.017+2.1 ms cpu, 3->4->1 MB, 4 MB goal, 0 MB stacks, 0 MB globals, 16 P
gc 7290 @46.128s 3%: 0.15+0.47+0.10 ms clock, 2.4+0.65/0.76/0+1.7 ms cpu, 3->4->1 MB, 4 MB goal, 0 MB stacks, 0 MB globals, 16 P
gc 7291 @46.129s 3%: 0.095+0.51+0.16 ms clock, 1.5+0.46/0.85/0+2.5 ms cpu, 3->4->1 MB, 4 MB goal, 0 MB stacks, 0 MB globals, 16 P
gc 7292 @46.131s 3%: 0.16+0.74+0.12 ms clock, 2.6+0.57/0.99/0+2.0 ms cpu, 3->4->2 MB, 4 MB goal, 0 MB stacks, 0 MB globals, 16 P
gc 7293 @46.133s 3%: 0.10+0.55+0.086 ms clock, 1.7+0.63/0.89/0.024+1.3 ms cpu, 4->4->1 MB, 4 MB goal, 0 MB stacks, 0 MB globals, 16 P
gc 7294 @46.134s 3%: 0.20+0.60+0.11 ms clock, 3.2+0.68/0.99/0.008+1.9 ms cpu, 3->3->1 MB, 4 MB goal, 0 MB stacks, 0 MB globals, 16 P
gc 7295 @46.136s 3%: 0.18+0.57+0.16 ms clock, 2.9+0.62/0.93/0+2.6 ms cpu, 3->3->2 MB, 4 MB goal, 0 MB stacks, 0 MB globals, 16 P
gc 7296 @46.137s 3%: 0.11+0.54+0.16 ms clock, 1.9+0.49/0.80/0+2.6 ms cpu, 3->4->1 MB, 4 MB goal, 0 MB stacks, 0 MB globals, 16 P
gc 7297 @46.139s 3%: 0.17+0.46+0.15 ms clock, 2.8+0.68/0.74/0+2.5 ms cpu, 3->4->1 MB, 4 MB goal, 0 MB stacks, 0 MB globals, 16 P
gc 7298 @46.141s 3%: 0.13+0.50+0.11 ms clock, 2.2+0.65/0.73/0+1.9 ms cpu, 3->4->1 MB, 4 MB goal, 0 MB stacks, 0 MB globals, 16 P
gc 7299 @46.142s 3%: 0.16+0.50+0.14 ms clock, 2.6+0.65/0.80/0+2.2 ms cpu, 3->4->1 MB, 4 MB goal, 0 MB stacks, 0 MB globals, 16 P
gc 7300 @46.144s 3%: 0.12+0.54+0.088 ms clock, 1.9+0.61/0.85/0+1.4 ms cpu, 3->4->1 MB, 4 MB goal, 0 MB stacks, 0 MB globals, 16 P
gc 7301 @46.145s 3%: 0.089+0.46+0.16 ms clock, 1.4+0.54/0.75/0+2.6 ms cpu, 3->4->1 MB, 4 MB goal, 0 MB stacks, 0 MB globals, 16 P
gc 7302 @46.147s 3%: 0.12+0.54+0.11 ms clock, 1.9+0.79/0.67/0+1.8 ms cpu, 3->4->1 MB, 4 MB goal, 0 MB stacks, 0 MB globals, 16 P
gc 7303 @46.148s 3%: 0.14+0.57+0.13 ms clock, 2.2+0.68/0.80/0+2.1 ms cpu, 3->4->2 MB, 4 MB goal, 0 MB stacks, 0 MB globals, 16 P
gc 7304 @46.150s 3%: 0.14+0.91+0.095 ms clock, 2.3+0.59/0.81/0+1.5 ms cpu, 3->4->2 MB, 4 MB goal, 0 MB stacks, 0 MB globals, 16 P
gc 7305 @46.152s 3%: 0.11+0.38+0.19 ms clock, 1.8+0.65/0.74/0+3.0 ms cpu, 4->4->1 MB, 5 MB goal, 0 MB stacks, 0 MB globals, 16 P
gc 7306 @46.154s 3%: 0.15+0.56+0.15 ms clock, 2.4+0.50/0.97/0.004+2.4 ms cpu, 3->4->2 MB, 4 MB goal, 0 MB stacks, 0 MB globals, 16 P
gc 7307 @46.155s 3%: 0.11+0.52+0.18 ms clock, 1.8+0.55/0.92/0+2.9 ms cpu, 3->4->1 MB, 4 MB goal, 0 MB stacks, 0 MB globals, 16 P
gc 7308 @46.157s 3%: 0.11+0.54+0.11 ms clock, 1.9+0.65/0.73/0.002+1.8 ms cpu, 3->4->2 MB, 4 MB goal, 0 MB stacks, 0 MB globals, 16 P
gc 7309 @46.159s 3%: 0.076+0.61+0.086 ms clock, 1.2+0.53/0.87/0+1.3 ms cpu, 3->4->1 MB, 4 MB goal, 0 MB stacks, 0 MB globals, 16 P
gc 7310 @46.160s 3%: 0.11+0.48+0.17 ms clock, 1.8+0.65/0.73/0+2.8 ms cpu, 3->4->1 MB, 4 MB goal, 0 MB stacks, 0 MB globals, 16 P
gc 7311 @46.162s 3%: 0.18+0.67+0.12 ms clock, 2.9+0.58/0.75/0+2.0 ms cpu, 3->4->2 MB, 4 MB goal, 0 MB stacks, 0 MB globals, 16 P
gc 7312 @46.164s 3%: 0.14+0.61+0.19 ms clock, 2.3+0.51/0.80/0.027+3.1 ms cpu, 3->4->2 MB, 4 MB goal, 0 MB stacks, 0 MB globals, 16 P
gc 7313 @46.166s 3%: 0.077+0.62+0.076 ms clock, 1.2+0.42/0.85/0+1.2 ms cpu, 3->4->1 MB, 4 MB goal, 0 MB stacks, 0 MB globals, 16 P
gc 7314 @46.167s 3%: 0.12+0.64+0.078 ms clock, 2.0+0.72/0.66/0.010+1.2 ms cpu, 3->4->1 MB, 4 MB goal, 0 MB stacks, 0 MB globals, 16 P
gc 7315 @46.169s 3%: 0.15+0.67+0.10 ms clock, 2.4+0.61/1.0/0+1.6 ms cpu, 3->4->2 MB, 4 MB goal, 0 MB stacks, 0 MB globals, 16 P
gc 7316 @46.171s 3%: 0.12+0.55+0.16 ms clock, 1.9+0.60/0.79/0+2.6 ms cpu, 3->4->2 MB, 4 MB goal, 0 MB stacks, 0 MB globals, 16 P
gc 7317 @46.172s 3%: 0.12+0.61+0.11 ms clock, 1.9+0.63/0.84/0+1.8 ms cpu, 3->4->1 MB, 4 MB goal, 0 MB stacks, 0 MB globals, 16 P
gc 7318 @46.174s 3%: 0.10+0.77+0.047 ms clock, 1.6+0.54/0.75/0.056+0.76 ms cpu, 3->4->2 MB, 4 MB goal, 0 MB stacks, 0 MB globals, 16 P
gc 7319 @46.176s 3%: 0.12+0.52+0.11 ms clock, 1.9+0.57/0.90/0.001+1.8 ms cpu, 3->4->1 MB, 4 MB goal, 0 MB stacks, 0 MB globals, 16 P
gc 7320 @46.178s 3%: 0.12+0.63+0.088 ms clock, 2.0+0.59/0.88/0+1.4 ms cpu, 3->4->1 MB, 4 MB goal, 0 MB stacks, 0 MB globals, 16 P
gc 7321 @46.179s 3%: 0.13+0.63+0.11 ms clock, 2.1+0.50/0.77/0+1.7 ms cpu, 3->4->1 MB, 4 MB goal, 0 MB stacks, 0 MB globals, 16 P
gc 7322 @46.181s 3%: 0.11+0.52+0.12 ms clock, 1.8+0.71/0.75/0.002+1.9 ms cpu, 3->4->2 MB, 4 MB goal, 0 MB stacks, 0 MB globals, 16 P
gc 7323 @46.183s 3%: 0.13+0.69+0.087 ms clock, 2.1+0.64/0.80/0+1.3 ms cpu, 3->4->2 MB, 4 MB goal, 0 MB stacks, 0 MB globals, 16 P
gc 7324 @46.184s 3%: 0.10+0.50+0.14 ms clock, 1.6+0.43/0.80/0+2.3 ms cpu, 3->4->1 MB, 4 MB goal, 0 MB stacks, 0 MB globals, 16 P
gc 7325 @46.186s 3%: 0.16+0.56+0.10 ms clock, 2.5+0.51/0.94/0+1.7 ms cpu, 3->4->2 MB, 4 MB goal, 0 MB stacks, 0 MB globals, 16 P
gc 7326 @46.188s 3%: 0.13+0.52+0.16 ms clock, 2.0+0.54/0.91/0+2.5 ms cpu, 3->4->1 MB, 4 MB goal, 0 MB stacks, 0 MB globals, 16 P
gc 7327 @46.189s 3%: 0.17+0.79+0.082 ms clock, 2.8+0.67/0.93/0+1.3 ms cpu, 3->4->2 MB, 4 MB goal, 0 MB stacks, 0 MB globals, 16 P
gc 7328 @46.192s 3%: 0.10+0.63+0.11 ms clock, 1.6+0.57/0.85/0+1.8 ms cpu, 4->4->2 MB, 4 MB goal, 0 MB stacks, 0 MB globals, 16 P
gc 7329 @46.193s 3%: 0.11+0.71+0.11 ms clock, 1.8+0.49/0.95/0.015+1.8 ms cpu, 3->4->2 MB, 4 MB goal, 0 MB stacks, 0 MB globals, 16 P
gc 7330 @46.195s 3%: 0.11+0.61+0.10 ms clock, 1.9+0.50/0.89/0+1.6 ms cpu, 3->4->2 MB, 4 MB goal, 0 MB stacks, 0 MB globals, 16 P
gc 7331 @46.197s 3%: 0.14+0.67+0.14 ms clock, 2.3+0.63/0.87/0.007+2.3 ms cpu, 3->4->2 MB, 4 MB goal, 0 MB stacks, 0 MB globals, 16 P
gc 7332 @46.199s 3%: 0.15+0.49+0.11 ms clock, 2.4+0.50/0.92/0+1.9 ms cpu, 3->4->1 MB, 4 MB goal, 0 MB stacks, 0 MB globals, 16 P
gc 7333 @46.201s 3%: 0.15+0.66+0.099 ms clock, 2.5+0.55/0.76/0+1.5 ms cpu, 3->4->2 MB, 4 MB goal, 0 MB stacks, 0 MB globals, 16 P
gc 7334 @46.202s 3%: 0.11+0.71+0.074 ms clock, 1.7+0.49/0.79/0.006+1.1 ms cpu, 3->4->2 MB, 4 MB goal, 0 MB stacks, 0 MB globals, 16 P
gc 7335 @46.204s 3%: 0.11+0.52+0.090 ms clock, 1.7+0.64/0.89/0+1.4 ms cpu, 3->4->1 MB, 4 MB goal, 0 MB stacks, 0 MB globals, 16 P
gc 7336 @46.206s 3%: 0.14+0.63+0.11 ms clock, 2.3+0.58/0.90/0+1.8 ms cpu, 3->4->2 MB, 4 MB goal, 0 MB stacks, 0 MB globals, 16 P
gc 7337 @46.208s 3%: 0.10+0.53+0.10 ms clock, 1.6+0.66/0.85/0+1.6 ms cpu, 3->4->1 MB, 4 MB goal, 0 MB stacks, 0 MB globals, 16 P
gc 7338 @46.209s 3%: 0.14+0.55+0.089 ms clock, 2.3+0.69/0.82/0+1.4 ms cpu, 3->4->1 MB, 4 MB goal, 0 MB stacks, 0 MB globals, 16 P
gc 7339 @46.211s 3%: 0.10+0.55+0.10 ms clock, 1.7+0.64/0.75/0.065+1.7 ms cpu, 3->4->1 MB, 4 MB goal, 0 MB stacks, 0 MB globals, 16 P
gc 7340 @46.212s 3%: 0.14+0.58+0.065 ms clock, 2.3+0.57/0.77/0+1.0 ms cpu, 3->4->1 MB, 4 MB goal, 0 MB stacks, 0 MB globals, 16 P
gc 7341 @46.214s 3%: 0.11+0.51+0.10 ms clock, 1.8+0.56/0.81/0+1.6 ms cpu, 3->4->1 MB, 4 MB goal, 0 MB stacks, 0 MB globals, 16 P
gc 7342 @46.216s 3%: 0.18+0.64+0.081 ms clock, 2.9+0.36/0.92/0+1.3 ms cpu, 3->4->1 MB, 4 MB goal, 0 MB stacks, 0 MB globals, 16 P
gc 7343 @46.217s 3%: 0.14+0.59+0.082 ms clock, 2.3+0.57/0.97/0.015+1.3 ms cpu, 3->4->2 MB, 4 MB goal, 0 MB stacks, 0 MB globals, 16 P
gc 7344 @46.219s 3%: 0.10+0.49+0.17 ms clock, 1.7+0.59/0.76/0.001+2.8 ms cpu, 3->4->1 MB, 4 MB goal, 0 MB stacks, 0 MB globals, 16 P
gc 7345 @46.221s 3%: 0.11+0.47+0.11 ms clock, 1.8+0.50/0.79/0+1.7 ms cpu, 3->4->1 MB, 4 MB goal, 0 MB stacks, 0 MB globals, 16 P
gc 7346 @46.222s 3%: 0.11+0.57+0.18 ms clock, 1.8+0.62/0.89/0+2.9 ms cpu, 3->4->2 MB, 4 MB goal, 0 MB stacks, 0 MB globals, 16 P
gc 7347 @46.224s 3%: 0.17+0.63+0.085 ms clock, 2.8+0.63/0.78/0+1.3 ms cpu, 3->4->2 MB, 4 MB goal, 0 MB stacks, 0 MB globals, 16 P
gc 7348 @46.226s 3%: 0.14+0.52+0.17 ms clock, 2.2+0.54/0.87/0+2.7 ms cpu, 3->4->1 MB, 4 MB goal, 0 MB stacks, 0 MB globals, 16 P
gc 7349 @46.228s 3%: 0.13+0.69+0.10 ms clock, 2.1+0.47/0.88/0+1.6 ms cpu, 3->4->2 MB, 4 MB goal, 0 MB stacks, 0 MB globals, 16 P
gc 7350 @46.229s 3%: 0.11+0.60+0.13 ms clock, 1.9+0.70/0.74/0+2.1 ms cpu, 3->4->2 MB, 4 MB goal, 0 MB stacks, 0 MB globals, 16 P
gc 7351 @46.231s 3%: 0.15+0.58+0.11 ms clock, 2.4+0.49/0.73/0.023+1.8 ms cpu, 3->4->1 MB, 4 MB goal, 0 MB stacks, 0 MB globals, 16 P
gc 7352 @46.233s 3%: 0.13+0.62+0.10 ms clock, 2.1+0.62/0.91/0+1.6 ms cpu, 3->4->2 MB, 4 MB goal, 0 MB stacks, 0 MB globals, 16 P
gc 7353 @46.234s 3%: 0.16+0.60+0.098 ms clock, 2.6+0.56/0.87/0.046+1.5 ms cpu, 3->4->2 MB, 4 MB goal, 0 MB stacks, 0 MB globals, 16 P
gc 7354 @46.236s 3%: 0.14+0.52+0.15 ms clock, 2.2+0.57/0.78/0.003+2.5 ms cpu, 3->4->1 MB, 4 MB goal, 0 MB stacks, 0 MB globals, 16 P
gc 7355 @46.238s 3%: 0.097+0.54+0.092 ms clock, 1.5+0.62/0.84/0.008+1.4 ms cpu, 3->4->1 MB, 4 MB goal, 0 MB stacks, 0 MB globals, 16 P
gc 7356 @46.239s 3%: 0.11+0.67+0.10 ms clock, 1.7+0.59/0.77/0.011+1.6 ms cpu, 3->4->1 MB, 4 MB goal, 0 MB stacks, 0 MB globals, 16 P
gc 7357 @46.241s 3%: 0.13+0.53+0.087 ms clock, 2.0+0.38/0.87/0.003+1.3 ms cpu, 3->4->1 MB, 4 MB goal, 0 MB stacks, 0 MB globals, 16 P
gc 7358 @46.243s 3%: 0.12+0.51+0.093 ms clock, 2.0+0.43/0.86/0.002+1.4 ms cpu, 3->4->1 MB, 4 MB goal, 0 MB stacks, 0 MB globals, 16 P
gc 7359 @46.244s 3%: 0.10+0.52+0.090 ms clock, 1.7+0.61/0.82/0.016+1.4 ms cpu, 3->4->1 MB, 4 MB goal, 0 MB stacks, 0 MB globals, 16 P
gc 7360 @46.246s 3%: 0.15+0.67+0.11 ms clock, 2.4+0.61/0.84/0.003+1.8 ms cpu, 3->4->2 MB, 4 MB goal, 0 MB stacks, 0 MB globals, 16 P
gc 7361 @46.248s 3%: 0.12+0.74+0.099 ms clock, 1.9+0.71/0.96/0.005+1.5 ms cpu, 3->4->2 MB, 4 MB goal, 0 MB stacks, 0 MB globals, 16 P
gc 7362 @46.250s 3%: 0.17+0.57+0.12 ms clock, 2.8+0.63/0.77/0+2.0 ms cpu, 3->4->2 MB, 4 MB goal, 0 MB stacks, 0 MB globals, 16 P
gc 7363 @46.251s 3%: 0.11+0.72+0.063 ms clock, 1.8+0.59/0.87/0+1.0 ms cpu, 3->4->2 MB, 4 MB goal, 0 MB stacks, 0 MB globals, 16 P
gc 7364 @46.253s 3%: 0.12+0.75+0.095 ms clock, 2.0+0.64/1.0/0.051+1.5 ms cpu, 3->4->2 MB, 4 MB goal, 0 MB stacks, 0 MB globals, 16 P
gc 7365 @46.255s 3%: 0.10+0.45+0.11 ms clock, 1.6+0.67/0.74/0.002+1.8 ms cpu, 3->4->1 MB, 4 MB goal, 0 MB stacks, 0 MB globals, 16 P
gc 7366 @46.257s 3%: 0.12+0.62+0.10 ms clock, 1.9+0.64/0.79/0.018+1.7 ms cpu, 3->4->2 MB, 4 MB goal, 0 MB stacks, 0 MB globals, 16 P
gc 7367 @46.259s 3%: 0.12+0.54+0.12 ms clock, 2.0+0.51/0.74/0.008+2.0 ms cpu, 3->4->1 MB, 4 MB goal, 0 MB stacks, 0 MB globals, 16 P
gc 7368 @46.260s 3%: 0.10+0.53+0.097 ms clock, 1.7+0.49/0.92/0.003+1.5 ms cpu, 3->4->2 MB, 4 MB goal, 0 MB stacks, 0 MB globals, 16 P
gc 7369 @46.262s 3%: 0.12+0.73+0.13 ms clock, 1.9+0.53/0.77/0.069+2.2 ms cpu, 3->4->2 MB, 4 MB goal, 0 MB stacks, 0 MB globals, 16 P
gc 7370 @46.263s 3%: 0.17+0.54+0.14 ms clock, 2.7+0.44/0.83/0+2.3 ms cpu, 3->4->1 MB, 4 MB goal, 0 MB stacks, 0 MB globals, 16 P
gc 7371 @46.265s 3%: 0.13+0.67+0.11 ms clock, 2.1+0.70/0.76/0+1.8 ms cpu, 3->4->2 MB, 4 MB goal, 0 MB stacks, 0 MB globals, 16 P
gc 7372 @46.267s 3%: 0.13+0.60+0.10 ms clock, 2.1+0.57/0.75/0+1.6 ms cpu, 3->4->2 MB, 4 MB goal, 0 MB stacks, 0 MB globals, 16 P
gc 7373 @46.269s 3%: 0.15+0.59+0.11 ms clock, 2.5+0.57/0.80/0.030+1.8 ms cpu, 3->4->2 MB, 4 MB goal, 0 MB stacks, 0 MB globals, 16 P
gc 7374 @46.271s 3%: 0.11+0.66+0.097 ms clock, 1.9+0.68/0.78/0+1.5 ms cpu, 3->4->2 MB, 4 MB goal, 0 MB stacks, 0 MB globals, 16 P
gc 7375 @46.272s 3%: 0.11+0.60+0.11 ms clock, 1.8+0.54/0.82/0.002+1.8 ms cpu, 3->4->1 MB, 4 MB goal, 0 MB stacks, 0 MB globals, 16 P
gc 7376 @46.274s 3%: 0.10+0.55+0.18 ms clock, 1.6+0.53/0.81/0.003+2.8 ms cpu, 3->4->1 MB, 4 MB goal, 0 MB stacks, 0 MB globals, 16 P
gc 7377 @46.276s 3%: 0.16+0.55+0.13 ms clock, 2.6+0.45/0.80/0+2.2 ms cpu, 3->4->1 MB, 4 MB goal, 0 MB stacks, 0 MB globals, 16 P
gc 7378 @46.277s 3%: 0.10+0.68+0.093 ms clock, 1.7+0.56/0.86/0.035+1.4 ms cpu, 3->4->2 MB, 4 MB goal, 0 MB stacks, 0 MB globals, 16 P
gc 7379 @46.279s 3%: 0.10+0.52+0.10 ms clock, 1.7+0.51/0.87/0.012+1.7 ms cpu, 3->4->1 MB, 4 MB goal, 0 MB stacks, 0 MB globals, 16 P
gc 7380 @46.281s 3%: 0.16+0.54+0.11 ms clock, 2.5+0.70/0.90/0.003+1.7 ms cpu, 3->4->2 MB, 4 MB goal, 0 MB stacks, 0 MB globals, 16 P
gc 7381 @46.283s 3%: 0.11+0.65+0.078 ms clock, 1.7+0.46/0.95/0+1.2 ms cpu, 3->4->1 MB, 4 MB goal, 0 MB stacks, 0 MB globals, 16 P
gc 7382 @46.284s 3%: 0.11+0.58+0.078 ms clock, 1.8+0.53/0.68/0.039+1.2 ms cpu, 3->4->1 MB, 4 MB goal, 0 MB stacks, 0 MB globals, 16 P
gc 7383 @46.286s 3%: 0.16+0.58+0.085 ms clock, 2.6+0.63/0.91/0+1.3 ms cpu, 3->4->2 MB, 4 MB goal, 0 MB stacks, 0 MB globals, 16 P
gc 7384 @46.287s 3%: 0.090+0.81+0.076 ms clock, 1.4+0.58/1.0/0+1.2 ms cpu, 3->4->2 MB, 4 MB goal, 0 MB stacks, 0 MB globals, 16 P
gc 7385 @46.289s 3%: 0.11+0.59+0.11 ms clock, 1.8+0.50/0.88/0+1.8 ms cpu, 3->4->1 MB, 4 MB goal, 0 MB stacks, 0 MB globals, 16 P
gc 7386 @46.291s 3%: 0.14+0.71+0.097 ms clock, 2.2+0.78/0.83/0+1.5 ms cpu, 3->4->2 MB, 4 MB goal, 0 MB stacks, 0 MB globals, 16 P
gc 7387 @46.293s 3%: 0.15+0.62+0.091 ms clock, 2.4+0.54/0.94/0.013+1.4 ms cpu, 3->4->2 MB, 4 MB goal, 0 MB stacks, 0 MB globals, 16 P
gc 7388 @46.295s 3%: 0.13+0.56+0.083 ms clock, 2.1+0.60/0.72/0.036+1.3 ms cpu, 3->4->1 MB, 4 MB goal, 0 MB stacks, 0 MB globals, 16 P
gc 7389 @46.296s 3%: 0.18+0.50+0.16 ms clock, 2.9+0.59/0.75/0+2.6 ms cpu, 3->4->1 MB, 4 MB goal, 0 MB stacks, 0 MB globals, 16 P
gc 7390 @46.298s 3%: 0.11+0.65+0.074 ms clock, 1.7+0.51/0.85/0+1.1 ms cpu, 3->4->2 MB, 4 MB goal, 0 MB stacks, 0 MB globals, 16 P
gc 7391 @46.300s 3%: 0.092+0.58+0.088 ms clock, 1.4+0.48/0.92/0.070+1.4 ms cpu, 3->4->1 MB, 4 MB goal, 0 MB stacks, 0 MB globals, 16 P
gc 7392 @46.301s 3%: 0.10+0.61+0.10 ms clock, 1.6+0.56/0.83/0+1.6 ms cpu, 3->4->1 MB, 4 MB goal, 0 MB stacks, 0 MB globals, 16 P
gc 7393 @46.303s 3%: 0.11+0.59+0.043 ms clock, 1.7+0.51/0.87/0+0.70 ms cpu, 3->4->1 MB, 4 MB goal, 0 MB stacks, 0 MB globals, 16 P
gc 7394 @46.304s 3%: 0.19+0.42+0.20 ms clock, 3.0+0.60/0.72/0+3.2 ms cpu, 3->4->1 MB, 4 MB goal, 0 MB stacks, 0 MB globals, 16 P
gc 7395 @46.306s 3%: 0.17+0.53+0.10 ms clock, 2.8+0.66/0.80/0+1.6 ms cpu, 3->4->1 MB, 4 MB goal, 0 MB stacks, 0 MB globals, 16 P
gc 7396 @46.308s 3%: 0.10+0.49+0.13 ms clock, 1.6+0.48/0.85/0.025+2.0 ms cpu, 3->4->1 MB, 4 MB goal, 0 MB stacks, 0 MB globals, 16 P
gc 7397 @46.309s 3%: 0.12+0.69+0.11 ms clock, 1.9+0.58/0.75/0+1.8 ms cpu, 3->4->2 MB, 4 MB goal, 0 MB stacks, 0 MB globals, 16 P
gc 7398 @46.311s 3%: 0.17+0.45+0.12 ms clock, 2.7+0.70/0.82/0.006+1.9 ms cpu, 3->4->1 MB, 4 MB goal, 0 MB stacks, 0 MB globals, 16 P
gc 7399 @46.313s 3%: 0.12+0.54+0.074 ms clock, 2.0+0.60/0.83/0+1.1 ms cpu, 3->4->1 MB, 4 MB goal, 0 MB stacks, 0 MB globals, 16 P
gc 7400 @46.314s 3%: 0.17+0.46+0.092 ms clock, 2.7+0.79/0.82/0+1.4 ms cpu, 3->4->1 MB, 4 MB goal, 0 MB stacks, 0 MB globals, 16 P
gc 7401 @46.316s 3%: 0.17+0.58+0.13 ms clock, 2.8+0.63/0.72/0+2.1 ms cpu, 3->4->1 MB, 4 MB goal, 0 MB stacks, 0 MB globals, 16 P
gc 7402 @46.318s 3%: 0.13+0.62+0.075 ms clock, 2.2+0.55/0.80/0.011+1.2 ms cpu, 3->4->2 MB, 4 MB goal, 0 MB stacks, 0 MB globals, 16 P
gc 7403 @46.320s 3%: 0.10+0.56+0.074 ms clock, 1.6+0.61/0.71/0.023+1.1 ms cpu, 3->4->1 MB, 4 MB goal, 0 MB stacks, 0 MB globals, 16 P
gc 7404 @46.321s 3%: 0.10+0.73+0.087 ms clock, 1.7+0.55/0.80/0+1.4 ms cpu, 3->4->2 MB, 4 MB goal, 0 MB stacks, 0 MB globals, 16 P
gc 7405 @46.323s 3%: 0.11+0.58+0.064 ms clock, 1.8+0.41/0.86/0.10+1.0 ms cpu, 3->4->1 MB, 4 MB goal, 0 MB stacks, 0 MB globals, 16 P
gc 7406 @46.325s 3%: 0.087+0.66+0.10 ms clock, 1.4+0.59/0.80/0+1.7 ms cpu, 3->4->2 MB, 4 MB goal, 0 MB stacks, 0 MB globals, 16 P
gc 7407 @46.327s 3%: 0.12+0.54+0.096 ms clock, 1.9+0.54/0.91/0+1.5 ms cpu, 3->4->1 MB, 4 MB goal, 0 MB stacks, 0 MB globals, 16 P
gc 7408 @46.328s 3%: 0.11+0.59+0.057 ms clock, 1.8+0.41/0.93/0+0.91 ms cpu, 3->4->1 MB, 4 MB goal, 0 MB stacks, 0 MB globals, 16 P
gc 7409 @46.330s 3%: 0.093+0.49+0.17 ms clock, 1.4+0.56/0.87/0+2.7 ms cpu, 3->4->1 MB, 4 MB goal, 0 MB stacks, 0 MB globals, 16 P
gc 7410 @46.331s 3%: 0.17+0.62+0.12 ms clock, 2.7+0.66/0.91/0+1.9 ms cpu, 3->4->2 MB, 4 MB goal, 0 MB stacks, 0 MB globals, 16 P
gc 7411 @46.333s 3%: 0.11+0.72+0.10 ms clock, 1.8+0.57/0.88/0+1.7 ms cpu, 3->4->2 MB, 4 MB goal, 0 MB stacks, 0 MB globals, 16 P
gc 7412 @46.335s 3%: 0.078+0.74+0.11 ms clock, 1.2+0.41/0.97/0+1.7 ms cpu, 3->4->2 MB, 4 MB goal, 0 MB stacks, 0 MB globals, 16 P
gc 7413 @46.337s 3%: 0.13+0.68+0.044 ms clock, 2.1+0.58/0.85/0.009+0.70 ms cpu, 3->4->2 MB, 4 MB goal, 0 MB stacks, 0 MB globals, 16 P
gc 7414 @46.339s 3%: 0.12+0.62+0.093 ms clock, 1.9+0.58/0.77/0.053+1.4 ms cpu, 3->4->1 MB, 4 MB goal, 0 MB stacks, 0 MB globals, 16 P
gc 7415 @46.340s 3%: 0.14+0.64+0.081 ms clock, 2.2+0.48/0.86/0+1.2 ms cpu, 3->4->1 MB, 4 MB goal, 0 MB stacks, 0 MB globals, 16 P
gc 7416 @46.342s 3%: 0.10+0.62+0.12 ms clock, 1.7+0.59/0.78/0+2.0 ms cpu, 3->4->2 MB, 4 MB goal, 0 MB stacks, 0 MB globals, 16 P
gc 7417 @46.344s 3%: 0.15+0.64+0.14 ms clock, 2.5+0.59/0.83/0+2.2 ms cpu, 3->4->2 MB, 4 MB goal, 0 MB stacks, 0 MB globals, 16 P
gc 7418 @46.346s 3%: 0.097+0.59+0.060 ms clock, 1.5+0.50/0.83/0.021+0.96 ms cpu, 3->4->1 MB, 4 MB goal, 0 MB stacks, 0 MB globals, 16 P
gc 7419 @46.347s 3%: 0.13+0.74+0.058 ms clock, 2.1+0.48/0.85/0+0.92 ms cpu, 3->4->2 MB, 4 MB goal, 0 MB stacks, 0 MB globals, 16 P
gc 7420 @46.349s 3%: 0.14+0.56+0.12 ms clock, 2.3+0.64/0.83/0.007+1.9 ms cpu, 3->4->2 MB, 4 MB goal, 0 MB stacks, 0 MB globals, 16 P
gc 7421 @46.351s 3%: 0.13+0.64+0.13 ms clock, 2.1+0.61/0.81/0.004+2.1 ms cpu, 3->4->2 MB, 4 MB goal, 0 MB stacks, 0 MB globals, 16 P
gc 7422 @46.353s 3%: 0.10+0.53+0.078 ms clock, 1.6+0.67/0.82/0.003+1.2 ms cpu, 3->4->1 MB, 4 MB goal, 0 MB stacks, 0 MB globals, 16 P
gc 7423 @46.354s 3%: 0.11+0.49+0.094 ms clock, 1.8+0.53/0.75/0.014+1.5 ms cpu, 3->4->1 MB, 4 MB goal, 0 MB stacks, 0 MB globals, 16 P
gc 7424 @46.356s 3%: 0.17+0.63+0.11 ms clock, 2.7+0.70/0.88/0+1.8 ms cpu, 3->4->2 MB, 4 MB goal, 0 MB stacks, 0 MB globals, 16 P
gc 7425 @46.358s 3%: 0.097+0.52+0.10 ms clock, 1.5+0.49/0.80/0.017+1.6 ms cpu, 3->4->1 MB, 4 MB goal, 0 MB stacks, 0 MB globals, 16 P
gc 7426 @46.359s 3%: 0.10+0.65+0.075 ms clock, 1.6+0.57/0.71/0+1.2 ms cpu, 3->4->1 MB, 4 MB goal, 0 MB stacks, 0 MB globals, 16 P
gc 7427 @46.361s 3%: 0.12+0.43+0.13 ms clock, 2.0+0.46/0.86/0+2.1 ms cpu, 3->4->1 MB, 4 MB goal, 0 MB stacks, 0 MB globals, 16 P
gc 7428 @46.362s 3%: 0.15+0.58+0.039 ms clock, 2.5+0.63/0.76/0.024+0.62 ms cpu, 3->4->1 MB, 4 MB goal, 0 MB stacks, 0 MB globals, 16 P
gc 7429 @46.364s 3%: 0.15+0.66+0.080 ms clock, 2.4+0.63/0.93/0+1.2 ms cpu, 3->4->2 MB, 4 MB goal, 0 MB stacks, 0 MB globals, 16 P
gc 7430 @46.366s 3%: 0.093+0.52+0.063 ms clock, 1.4+0.45/0.85/0.005+1.0 ms cpu, 3->4->1 MB, 4 MB goal, 0 MB stacks, 0 MB globals, 16 P
gc 7431 @46.367s 3%: 0.11+0.51+0.13 ms clock, 1.8+0.53/0.85/0+2.2 ms cpu, 3->4->1 MB, 4 MB goal, 0 MB stacks, 0 MB globals, 16 P
gc 7432 @46.369s 3%: 0.14+0.73+0.085 ms clock, 2.3+0.52/0.82/0.002+1.3 ms cpu, 3->4->2 MB, 4 MB goal, 0 MB stacks, 0 MB globals, 16 P
gc 7433 @46.370s 3%: 0.13+0.66+0.058 ms clock, 2.1+0.57/0.82/0+0.93 ms cpu, 3->4->2 MB, 4 MB goal, 0 MB stacks, 0 MB globals, 16 P
gc 7434 @46.372s 3%: 0.090+0.50+0.14 ms clock, 1.4+0.62/0.75/0+2.3 ms cpu, 3->4->1 MB, 4 MB goal, 0 MB stacks, 0 MB globals, 16 P
gc 7435 @46.374s 3%: 0.11+0.55+0.089 ms clock, 1.7+0.69/0.71/0+1.4 ms cpu, 3->3->1 MB, 4 MB goal, 0 MB stacks, 0 MB globals, 16 P
gc 7436 @46.375s 3%: 0.10+0.45+0.14 ms clock, 1.6+0.66/0.82/0+2.2 ms cpu, 3->4->1 MB, 4 MB goal, 0 MB stacks, 0 MB globals, 16 P
gc 7437 @46.377s 3%: 0.11+0.52+0.065 ms clock, 1.8+0.70/0.83/0+1.0 ms cpu, 3->4->1 MB, 4 MB goal, 0 MB stacks, 0 MB globals, 16 P
gc 7438 @46.378s 3%: 0.14+0.49+0.10 ms clock, 2.3+0.75/0.82/0+1.7 ms cpu, 3->4->1 MB, 4 MB goal, 0 MB stacks, 0 MB globals, 16 P
gc 7439 @46.380s 3%: 0.12+0.58+0.082 ms clock, 1.9+0.54/0.97/0.004+1.3 ms cpu, 3->4->1 MB, 4 MB goal, 0 MB stacks, 0 MB globals, 16 P
gc 7440 @46.382s 3%: 0.11+0.71+0.039 ms clock, 1.8+0.64/0.75/0.032+0.63 ms cpu, 3->4->1 MB, 4 MB goal, 0 MB stacks, 0 MB globals, 16 P
gc 7441 @46.383s 3%: 0.16+0.51+0.11 ms clock, 2.5+0.63/0.74/0+1.8 ms cpu, 3->4->2 MB, 4 MB goal, 0 MB stacks, 0 MB globals, 16 P
gc 7442 @46.385s 3%: 0.11+0.68+0.086 ms clock, 1.7+0.64/0.80/0+1.3 ms cpu, 3->4->2 MB, 4 MB goal, 0 MB stacks, 0 MB globals, 16 P
gc 7443 @46.387s 3%: 0.15+0.63+0.11 ms clock, 2.4+0.41/0.88/0+1.8 ms cpu, 3->4->2 MB, 4 MB goal, 0 MB stacks, 0 MB globals, 16 P
gc 7444 @46.389s 3%: 0.13+0.50+0.18 ms clock, 2.1+0.56/0.77/0.032+3.0 ms cpu, 3->4->1 MB, 4 MB goal, 0 MB stacks, 0 MB globals, 16 P
gc 7445 @46.390s 3%: 0.12+0.70+0.096 ms clock, 2.0+0.60/0.84/0.004+1.5 ms cpu, 3->4->2 MB, 4 MB goal, 0 MB stacks, 0 MB globals, 16 P
gc 7446 @46.392s 3%: 0.11+0.62+0.094 ms clock, 1.8+0.52/0.93/0+1.5 ms cpu, 3->4->2 MB, 4 MB goal, 0 MB stacks, 0 MB globals, 16 P
gc 7447 @46.394s 3%: 0.13+0.49+0.074 ms clock, 2.1+0.56/0.82/0+1.1 ms cpu, 3->4->1 MB, 4 MB goal, 0 MB stacks, 0 MB globals, 16 P
gc 7448 @46.395s 3%: 0.11+0.63+0.11 ms clock, 1.8+0.54/0.74/0+1.8 ms cpu, 3->4->2 MB, 4 MB goal, 0 MB stacks, 0 MB globals, 16 P
gc 7449 @46.397s 3%: 0.11+0.60+0.13 ms clock, 1.9+0.51/0.83/0+2.2 ms cpu, 3->4->2 MB, 4 MB goal, 0 MB stacks, 0 MB globals, 16 P
gc 7450 @46.399s 3%: 0.11+0.56+0.084 ms clock, 1.9+0.58/0.89/0.051+1.3 ms cpu, 3->4->1 MB, 4 MB goal, 0 MB stacks, 0 MB globals, 16 P
gc 7451 @46.400s 3%: 0.11+0.60+0.11 ms clock, 1.8+0.61/0.82/0+1.8 ms cpu, 3->4->2 MB, 4 MB goal, 0 MB stacks, 0 MB globals, 16 P
gc 7452 @46.402s 3%: 0.12+0.64+0.13 ms clock, 2.0+0.55/1.0/0.12+2.0 ms cpu, 3->4->2 MB, 4 MB goal, 0 MB stacks, 0 MB globals, 16 P
gc 7453 @46.404s 3%: 0.17+0.78+0.095 ms clock, 2.8+0.60/0.78/0.003+1.5 ms cpu, 3->4->2 MB, 4 MB goal, 0 MB stacks, 0 MB globals, 16 P
gc 7454 @46.406s 3%: 0.15+0.54+0.11 ms clock, 2.4+0.44/0.80/0.071+1.8 ms cpu, 3->4->1 MB, 4 MB goal, 0 MB stacks, 0 MB globals, 16 P
gc 7455 @46.407s 3%: 0.13+0.58+0.15 ms clock, 2.1+0.58/0.93/0+2.5 ms cpu, 3->4->1 MB, 4 MB goal, 0 MB stacks, 0 MB globals, 16 P
gc 7456 @46.409s 3%: 0.13+0.65+0.099 ms clock, 2.1+0.54/0.99/0+1.5 ms cpu, 3->4->2 MB, 4 MB goal, 0 MB stacks, 0 MB globals, 16 P
gc 7457 @46.411s 3%: 0.13+0.52+0.17 ms clock, 2.1+0.59/0.77/0+2.8 ms cpu, 3->4->1 MB, 4 MB goal, 0 MB stacks, 0 MB globals, 16 P
gc 7458 @46.413s 3%: 0.12+0.63+0.13 ms clock, 1.9+0.53/0.85/0.003+2.1 ms cpu, 3->4->2 MB, 4 MB goal, 0 MB stacks, 0 MB globals, 16 P
gc 7459 @46.414s 3%: 0.16+0.60+0.10 ms clock, 2.6+0.55/0.88/0+1.6 ms cpu, 3->4->2 MB, 4 MB goal, 0 MB stacks, 0 MB globals, 16 P
gc 7460 @46.416s 3%: 0.12+0.55+0.15 ms clock, 2.0+0.66/0.93/0+2.4 ms cpu, 3->4->1 MB, 4 MB goal, 0 MB stacks, 0 MB globals, 16 P
gc 7461 @46.418s 3%: 0.11+0.55+0.10 ms clock, 1.9+0.60/0.72/0.032+1.6 ms cpu, 3->4->1 MB, 4 MB goal, 0 MB stacks, 0 MB globals, 16 P
gc 7462 @46.419s 3%: 0.11+0.47+0.098 ms clock, 1.9+0.46/0.85/0+1.5 ms cpu, 3->4->1 MB, 4 MB goal, 0 MB stacks, 0 MB globals, 16 P
gc 7463 @46.421s 3%: 0.13+0.55+0.16 ms clock, 2.0+0.54/0.91/0.018+2.6 ms cpu, 3->4->2 MB, 4 MB goal, 0 MB stacks, 0 MB globals, 16 P
gc 7464 @46.422s 3%: 0.10+0.61+0.054 ms clock, 1.6+0.49/0.90/0.025+0.86 ms cpu, 3->4->1 MB, 4 MB goal, 0 MB stacks, 0 MB globals, 16 P
gc 7465 @46.424s 3%: 0.13+0.67+0.10 ms clock, 2.1+0.69/0.84/0+1.6 ms cpu, 3->4->2 MB, 4 MB goal, 0 MB stacks, 0 MB globals, 16 P
gc 7466 @46.426s 3%: 0.10+0.52+0.10 ms clock, 1.6+0.59/0.81/0.002+1.6 ms cpu, 3->4->1 MB, 4 MB goal, 0 MB stacks, 0 MB globals, 16 P
gc 7467 @46.427s 3%: 0.12+0.50+0.11 ms clock, 2.0+0.60/0.77/0.016+1.8 ms cpu, 3->4->1 MB, 4 MB goal, 0 MB stacks, 0 MB globals, 16 P
gc 7468 @46.429s 3%: 0.15+0.56+0.096 ms clock, 2.4+0.58/0.82/0+1.5 ms cpu, 3->4->2 MB, 4 MB goal, 0 MB stacks, 0 MB globals, 16 P
gc 7469 @46.431s 3%: 0.11+0.55+0.096 ms clock, 1.8+0.56/0.83/0+1.5 ms cpu, 3->4->1 MB, 4 MB goal, 0 MB stacks, 0 MB globals, 16 P
gc 7470 @46.432s 3%: 0.11+0.51+0.10 ms clock, 1.7+0.62/0.81/0+1.6 ms cpu, 3->4->1 MB, 4 MB goal, 0 MB stacks, 0 MB globals, 16 P
gc 7471 @46.434s 3%: 0.11+0.57+0.093 ms clock, 1.8+0.63/0.72/0.020+1.4 ms cpu, 3->4->1 MB, 4 MB goal, 0 MB stacks, 0 MB globals, 16 P
gc 7472 @46.435s 3%: 0.078+0.63+0.098 ms clock, 1.2+0.32/0.77/0.031+1.5 ms cpu, 3->4->1 MB, 4 MB goal, 0 MB stacks, 0 MB globals, 16 P
gc 7473 @46.437s 3%: 0.16+0.67+0.087 ms clock, 2.6+0.43/0.72/0+1.3 ms cpu, 3->4->2 MB, 4 MB goal, 0 MB stacks, 0 MB globals, 16 P
gc 7474 @46.439s 3%: 0.11+0.66+0.12 ms clock, 1.9+0.57/0.95/0+2.0 ms cpu, 3->4->2 MB, 4 MB goal, 0 MB stacks, 0 MB globals, 16 P
gc 7475 @46.441s 3%: 0.15+0.71+0.12 ms clock, 2.4+0.70/0.78/0+1.9 ms cpu, 3->4->2 MB, 4 MB goal, 0 MB stacks, 0 MB globals, 16 P
gc 7476 @46.443s 3%: 0.13+0.64+0.076 ms clock, 2.2+0.50/0.94/0+1.2 ms cpu, 4->4->2 MB, 4 MB goal, 0 MB stacks, 0 MB globals, 16 P
gc 7477 @46.445s 3%: 0.11+0.45+0.13 ms clock, 1.7+0.62/0.78/0.001+2.2 ms cpu, 3->4->1 MB, 4 MB goal, 0 MB stacks, 0 MB globals, 16 P
gc 7478 @46.446s 3%: 0.11+0.58+0.092 ms clock, 1.8+0.70/0.82/0+1.4 ms cpu, 3->4->2 MB, 4 MB goal, 0 MB stacks, 0 MB globals, 16 P
gc 7479 @46.448s 3%: 0.12+0.62+0.10 ms clock, 2.0+0.61/0.77/0.002+1.6 ms cpu, 3->4->1 MB, 4 MB goal, 0 MB stacks, 0 MB globals, 16 P
gc 7480 @46.449s 3%: 0.13+0.58+0.12 ms clock, 2.1+0.61/0.93/0.016+2.0 ms cpu, 3->4->1 MB, 4 MB goal, 0 MB stacks, 0 MB globals, 16 P
gc 7481 @46.451s 3%: 0.13+0.46+0.094 ms clock, 2.2+0.67/0.78/0+1.5 ms cpu, 3->4->1 MB, 4 MB goal, 0 MB stacks, 0 MB globals, 16 P
gc 7482 @46.452s 3%: 0.15+0.57+0.10 ms clock, 2.4+0.52/0.87/0+1.7 ms cpu, 3->4->2 MB, 4 MB goal, 0 MB stacks, 0 MB globals, 16 P
gc 7483 @46.454s 3%: 0.11+0.54+0.18 ms clock, 1.7+0.64/0.75/0.068+3.0 ms cpu, 3->4->1 MB, 4 MB goal, 0 MB stacks, 0 MB globals, 16 P
gc 7484 @46.456s 3%: 0.12+0.63+0.17 ms clock, 2.0+0.56/0.79/0.049+2.8 ms cpu, 3->4->2 MB, 4 MB goal, 0 MB stacks, 0 MB globals, 16 P
gc 7485 @46.458s 3%: 0.12+0.51+0.22 ms clock, 1.9+0.65/0.76/0.002+3.6 ms cpu, 3->4->1 MB, 4 MB goal, 0 MB stacks, 0 MB globals, 16 P
gc 7486 @46.459s 3%: 0.15+0.61+0.11 ms clock, 2.5+0.64/0.83/0+1.8 ms cpu, 3->4->2 MB, 4 MB goal, 0 MB stacks, 0 MB globals, 16 P
gc 7487 @46.461s 3%: 0.11+0.70+0.098 ms clock, 1.8+0.46/0.99/0.052+1.5 ms cpu, 3->4->2 MB, 4 MB goal, 0 MB stacks, 0 MB globals, 16 P
gc 7488 @46.463s 3%: 0.13+0.57+0.18 ms clock, 2.1+0.72/0.75/0+2.9 ms cpu, 3->4->1 MB, 4 MB goal, 0 MB stacks, 0 MB globals, 16 P
gc 7489 @46.465s 3%: 0.12+0.60+0.063 ms clock, 2.0+0.54/0.91/0+1.0 ms cpu, 3->4->1 MB, 4 MB goal, 0 MB stacks, 0 MB globals, 16 P
gc 7490 @46.466s 3%: 0.11+0.56+0.12 ms clock, 1.8+0.55/0.92/0.005+1.9 ms cpu, 3->4->1 MB, 4 MB goal, 0 MB stacks, 0 MB globals, 16 P
gc 7491 @46.468s 3%: 0.11+0.50+0.092 ms clock, 1.8+0.70/0.72/0+1.4 ms cpu, 3->4->1 MB, 4 MB goal, 0 MB stacks, 0 MB globals, 16 P
gc 7492 @46.470s 3%: 0.11+0.50+0.10 ms clock, 1.7+0.65/0.84/0+1.7 ms cpu, 3->4->1 MB, 4 MB goal, 0 MB stacks, 0 MB globals, 16 P
gc 7493 @46.471s 3%: 0.10+0.71+0.088 ms clock, 1.6+0.45/0.99/0.019+1.4 ms cpu, 3->4->2 MB, 4 MB goal, 0 MB stacks, 0 MB globals, 16 P
gc 7494 @46.473s 3%: 0.12+0.46+0.17 ms clock, 1.9+0.60/0.77/0+2.7 ms cpu, 3->4->1 MB, 4 MB goal, 0 MB stacks, 0 MB globals, 16 P
gc 7495 @46.475s 3%: 0.11+0.47+0.11 ms clock, 1.8+0.55/0.76/0+1.8 ms cpu, 3->4->1 MB, 4 MB goal, 0 MB stacks, 0 MB globals, 16 P
gc 7496 @46.476s 3%: 0.10+0.59+0.15 ms clock, 1.7+0.58/0.82/0+2.4 ms cpu, 3->4->1 MB, 4 MB goal, 0 MB stacks, 0 MB globals, 16 P
gc 7497 @46.478s 3%: 0.097+0.63+0.081 ms clock, 1.5+0.60/0.90/0+1.3 ms cpu, 3->4->1 MB, 4 MB goal, 0 MB stacks, 0 MB globals, 16 P
gc 7498 @46.479s 3%: 0.11+0.56+0.099 ms clock, 1.7+0.66/0.79/0+1.5 ms cpu, 3->4->1 MB, 4 MB goal, 0 MB stacks, 0 MB globals, 16 P
gc 7499 @46.481s 3%: 0.21+0.56+0.12 ms clock, 3.4+0.70/0.76/0+1.9 ms cpu, 3->4->2 MB, 4 MB goal, 0 MB stacks, 0 MB globals, 16 P
gc 7500 @46.483s 3%: 0.13+0.67+0.099 ms clock, 2.1+0.65/0.83/0+1.5 ms cpu, 3->4->2 MB, 4 MB goal, 0 MB stacks, 0 MB globals, 16 P
gc 7501 @46.485s 3%: 0.10+0.62+0.097 ms clock, 1.7+0.61/0.73/0.012+1.5 ms cpu, 3->4->1 MB, 4 MB goal, 0 MB stacks, 0 MB globals, 16 P
gc 7502 @46.486s 3%: 0.10+0.46+0.15 ms clock, 1.7+0.62/0.75/0.057+2.4 ms cpu, 3->4->1 MB, 4 MB goal, 0 MB stacks, 0 MB globals, 16 P
gc 7503 @46.488s 3%: 0.12+0.56+0.12 ms clock, 1.9+0.50/0.83/0+2.0 ms cpu, 3->4->1 MB, 4 MB goal, 0 MB stacks, 0 MB globals, 16 P
gc 7504 @46.490s 3%: 0.13+0.64+0.089 ms clock, 2.1+0.54/0.85/0+1.4 ms cpu, 3->4->1 MB, 4 MB goal, 0 MB stacks, 0 MB globals, 16 P
gc 7505 @46.491s 3%: 0.17+0.56+0.11 ms clock, 2.8+0.61/0.75/0+1.7 ms cpu, 3->4->1 MB, 4 MB goal, 0 MB stacks, 0 MB globals, 16 P
gc 7506 @46.493s 3%: 0.076+0.59+0.077 ms clock, 1.2+0.57/0.79/0.004+1.2 ms cpu, 3->4->1 MB, 4 MB goal, 0 MB stacks, 0 MB globals, 16 P
gc 7507 @46.495s 3%: 0.14+0.59+0.16 ms clock, 2.2+0.51/0.85/0+2.6 ms cpu, 3->4->1 MB, 4 MB goal, 0 MB stacks, 0 MB globals, 16 P
gc 7508 @46.496s 3%: 0.15+0.58+0.15 ms clock, 2.4+0.63/0.74/0+2.4 ms cpu, 3->4->2 MB, 4 MB goal, 0 MB stacks, 0 MB globals, 16 P
gc 7509 @46.498s 3%: 0.11+0.71+0.11 ms clock, 1.7+0.41/0.99/0.003+1.8 ms cpu, 3->4->2 MB, 4 MB goal, 0 MB stacks, 0 MB globals, 16 P
gc 7510 @46.500s 3%: 0.12+0.54+0.12 ms clock, 1.9+0.54/0.74/0+2.0 ms cpu, 3->4->1 MB, 4 MB goal, 0 MB stacks, 0 MB globals, 16 P
gc 7511 @46.502s 3%: 0.11+0.57+0.090 ms clock, 1.8+0.54/0.81/0+1.4 ms cpu, 3->4->2 MB, 4 MB goal, 0 MB stacks, 0 MB globals, 16 P
gc 7512 @46.503s 3%: 0.11+0.47+0.098 ms clock, 1.7+0.58/0.75/0.034+1.5 ms cpu, 3->4->1 MB, 4 MB goal, 0 MB stacks, 0 MB globals, 16 P
gc 7513 @46.505s 3%: 0.12+0.53+0.12 ms clock, 1.9+0.43/0.76/0.10+2.0 ms cpu, 3->4->1 MB, 4 MB goal, 0 MB stacks, 0 MB globals, 16 P
gc 7514 @46.506s 3%: 0.17+0.73+0.059 ms clock, 2.7+0.65/0.79/0+0.95 ms cpu, 3->4->2 MB, 4 MB goal, 0 MB stacks, 0 MB globals, 16 P
gc 7515 @46.508s 3%: 0.13+0.38+0.13 ms clock, 2.0+0.68/0.69/0+2.1 ms cpu, 3->4->1 MB, 4 MB goal, 0 MB stacks, 0 MB globals, 16 P
gc 7516 @46.509s 3%: 0.15+0.62+0.099 ms clock, 2.4+0.55/0.86/0+1.5 ms cpu, 3->4->2 MB, 4 MB goal, 0 MB stacks, 0 MB globals, 16 P
gc 7517 @46.511s 3%: 0.12+0.74+0.085 ms clock, 1.9+0.60/0.82/0+1.3 ms cpu, 3->4->2 MB, 4 MB goal, 0 MB stacks, 0 MB globals, 16 P
gc 7518 @46.513s 3%: 0.11+0.57+0.13 ms clock, 1.8+0.62/0.81/0+2.2 ms cpu, 3->4->2 MB, 4 MB goal, 0 MB stacks, 0 MB globals, 16 P
gc 7519 @46.515s 3%: 0.13+0.54+0.10 ms clock, 2.1+0.52/0.82/0.052+1.7 ms cpu, 3->4->1 MB, 4 MB goal, 0 MB stacks, 0 MB globals, 16 P
gc 7520 @46.516s 3%: 0.13+0.68+0.097 ms clock, 2.1+0.66/0.74/0+1.5 ms cpu, 3->4->2 MB, 4 MB goal, 0 MB stacks, 0 MB globals, 16 P
gc 7521 @46.518s 3%: 0.12+0.69+0.15 ms clock, 1.9+0.57/0.95/0.051+2.5 ms cpu, 3->4->2 MB, 4 MB goal, 0 MB stacks, 0 MB globals, 16 P
gc 7522 @46.520s 3%: 0.16+0.60+0.15 ms clock, 2.5+0.47/0.88/0.026+2.4 ms cpu, 3->4->2 MB, 4 MB goal, 0 MB stacks, 0 MB globals, 16 P
gc 7523 @46.522s 3%: 0.094+0.68+0.12 ms clock, 1.5+0.41/0.74/0.031+1.9 ms cpu, 3->4->1 MB, 4 MB goal, 0 MB stacks, 0 MB globals, 16 P
gc 7524 @46.524s 3%: 0.14+0.66+0.089 ms clock, 2.3+0.69/0.94/0+1.4 ms cpu, 3->4->2 MB, 4 MB goal, 0 MB stacks, 0 MB globals, 16 P
gc 7525 @46.526s 3%: 0.10+0.64+0.067 ms clock, 1.7+0.58/0.93/0.002+1.0 ms cpu, 3->4->2 MB, 4 MB goal, 0 MB stacks, 0 MB globals, 16 P
gc 7526 @46.527s 3%: 0.090+0.60+0.15 ms clock, 1.4+0.58/0.87/0+2.5 ms cpu, 3->4->1 MB, 4 MB goal, 0 MB stacks, 0 MB globals, 16 P
gc 7527 @46.529s 3%: 0.10+0.66+0.10 ms clock, 1.6+0.69/0.93/0.014+1.6 ms cpu, 3->4->2 MB, 4 MB goal, 0 MB stacks, 0 MB globals, 16 P
gc 7528 @46.531s 3%: 0.13+0.62+0.10 ms clock, 2.1+0.52/0.89/0.001+1.7 ms cpu, 3->4->2 MB, 4 MB goal, 0 MB stacks, 0 MB globals, 16 P
gc 7529 @46.533s 3%: 0.14+0.56+0.16 ms clock, 2.3+0.64/0.85/0.021+2.6 ms cpu, 3->4->2 MB, 4 MB goal, 0 MB stacks, 0 MB globals, 16 P
gc 7530 @46.534s 3%: 0.14+0.94+0.099 ms clock, 2.3+0.77/0.96/0+1.5 ms cpu, 3->4->2 MB, 4 MB goal, 0 MB stacks, 0 MB globals, 16 P
gc 7531 @46.537s 3%: 0.13+0.60+0.17 ms clock, 2.2+0.67/0.77/0.003+2.7 ms cpu, 4->4->2 MB, 4 MB goal, 0 MB stacks, 0 MB globals, 16 P
gc 7532 @46.538s 3%: 0.16+0.54+0.077 ms clock, 2.5+0.58/0.80/0+1.2 ms cpu, 3->4->1 MB, 4 MB goal, 0 MB stacks, 0 MB globals, 16 P
gc 7533 @46.540s 3%: 0.12+0.48+0.13 ms clock, 2.0+0.53/0.86/0+2.1 ms cpu, 3->4->1 MB, 4 MB goal, 0 MB stacks, 0 MB globals, 16 P
gc 7534 @46.541s 3%: 0.12+0.55+0.11 ms clock, 2.0+0.69/0.76/0+1.7 ms cpu, 3->4->1 MB, 4 MB goal, 0 MB stacks, 0 MB globals, 16 P
gc 7535 @46.543s 3%: 0.12+0.55+0.10 ms clock, 2.0+0.54/0.86/0+1.6 ms cpu, 3->4->1 MB, 4 MB goal, 0 MB stacks, 0 MB globals, 16 P
gc 7536 @46.545s 3%: 0.12+0.72+0.15 ms clock, 1.9+0.60/0.74/0+2.4 ms cpu, 3->4->2 MB, 4 MB goal, 0 MB stacks, 0 MB globals, 16 P
gc 7537 @46.547s 3%: 0.10+0.43+0.10 ms clock, 1.7+0.54/0.81/0+1.6 ms cpu, 3->4->1 MB, 4 MB goal, 0 MB stacks, 0 MB globals, 16 P
gc 7538 @46.548s 3%: 0.18+0.56+0.093 ms clock, 2.9+0.71/0.83/0.009+1.4 ms cpu, 3->4->2 MB, 4 MB goal, 0 MB stacks, 0 MB globals, 16 P
gc 7539 @46.550s 3%: 0.19+0.51+0.14 ms clock, 3.0+0.54/0.77/0+2.2 ms cpu, 3->4->1 MB, 4 MB goal, 0 MB stacks, 0 MB globals, 16 P
gc 7540 @46.552s 3%: 0.14+0.63+0.10 ms clock, 2.3+0.58/0.94/0+1.7 ms cpu, 3->4->2 MB, 4 MB goal, 0 MB stacks, 0 MB globals, 16 P
gc 7541 @46.554s 3%: 0.11+0.67+0.14 ms clock, 1.8+0.59/0.83/0+2.3 ms cpu, 3->4->2 MB, 4 MB goal, 0 MB stacks, 0 MB globals, 16 P
gc 7542 @46.555s 3%: 0.11+0.67+0.16 ms clock, 1.9+0.65/0.82/0.12+2.6 ms cpu, 3->4->2 MB, 4 MB goal, 0 MB stacks, 0 MB globals, 16 P
gc 7543 @46.557s 3%: 0.11+0.56+0.089 ms clock, 1.8+0.56/0.80/0.007+1.4 ms cpu, 3->4->1 MB, 4 MB goal, 0 MB stacks, 0 MB globals, 16 P
gc 7544 @46.559s 3%: 0.13+0.51+0.052 ms clock, 2.0+0.58/0.85/0+0.83 ms cpu, 3->4->1 MB, 4 MB goal, 0 MB stacks, 0 MB globals, 16 P
gc 7545 @46.560s 3%: 0.097+0.62+0.078 ms clock, 1.5+0.42/0.86/0.003+1.2 ms cpu, 3->4->1 MB, 4 MB goal, 0 MB stacks, 0 MB globals, 16 P
gc 7546 @46.562s 3%: 0.12+0.62+0.078 ms clock, 1.9+0.73/0.69/0+1.2 ms cpu, 3->4->1 MB, 4 MB goal, 0 MB stacks, 0 MB globals, 16 P
gc 7547 @46.563s 3%: 0.12+0.66+0.10 ms clock, 2.0+0.67/0.83/0+1.6 ms cpu, 3->4->2 MB, 4 MB goal, 0 MB stacks, 0 MB globals, 16 P
gc 7548 @46.565s 3%: 0.13+0.52+0.11 ms clock, 2.1+0.63/0.69/0+1.8 ms cpu, 3->4->1 MB, 4 MB goal, 0 MB stacks, 0 MB globals, 16 P
gc 7549 @46.567s 3%: 0.14+0.74+0.15 ms clock, 2.3+0.60/0.86/0+2.4 ms cpu, 3->4->2 MB, 4 MB goal, 0 MB stacks, 0 MB globals, 16 P
gc 7550 @46.569s 3%: 0.16+0.73+0.099 ms clock, 2.6+0.54/0.87/0.012+1.5 ms cpu, 4->4->2 MB, 4 MB goal, 0 MB stacks, 0 MB globals, 16 P
gc 7551 @46.571s 3%: 0.14+0.53+0.15 ms clock, 2.2+0.72/0.77/0.036+2.4 ms cpu, 3->4->2 MB, 4 MB goal, 0 MB stacks, 0 MB globals, 16 P
gc 7552 @46.573s 3%: 0.11+0.76+0.13 ms clock, 1.7+0.51/0.88/0+2.2 ms cpu, 3->4->2 MB, 4 MB goal, 0 MB stacks, 0 MB globals, 16 P
gc 7553 @46.575s 3%: 0.20+0.55+0.13 ms clock, 3.3+0.62/0.88/0+2.1 ms cpu, 4->4->2 MB, 4 MB goal, 0 MB stacks, 0 MB globals, 16 P
gc 7554 @46.577s 3%: 0.11+0.71+0.042 ms clock, 1.7+0.56/0.77/0.034+0.68 ms cpu, 3->4->1 MB, 4 MB goal, 0 MB stacks, 0 MB globals, 16 P
gc 7555 @46.578s 3%: 0.14+0.70+0.089 ms clock, 2.2+0.59/1.0/0+1.4 ms cpu, 3->4->2 MB, 4 MB goal, 0 MB stacks, 0 MB globals, 16 P
gc 7556 @46.580s 3%: 0.12+0.63+0.10 ms clock, 1.9+0.60/0.78/0.022+1.6 ms cpu, 3->4->2 MB, 4 MB goal, 0 MB stacks, 0 MB globals, 16 P
gc 7557 @46.582s 3%: 0.12+0.53+0.066 ms clock, 1.9+0.57/0.86/0+1.0 ms cpu, 3->4->1 MB, 4 MB goal, 0 MB stacks, 0 MB globals, 16 P
gc 7558 @46.584s 3%: 0.12+0.75+0.062 ms clock, 1.9+0.51/0.82/0.001+0.99 ms cpu, 3->4->2 MB, 4 MB goal, 0 MB stacks, 0 MB globals, 16 P
gc 7559 @46.585s 3%: 0.14+0.65+0.10 ms clock, 2.3+0.64/0.86/0+1.7 ms cpu, 3->4->2 MB, 4 MB goal, 0 MB stacks, 0 MB globals, 16 P
gc 7560 @46.587s 3%: 0.14+0.57+0.10 ms clock, 2.3+0.61/0.79/0+1.7 ms cpu, 3->4->1 MB, 4 MB goal, 0 MB stacks, 0 MB globals, 16 P
gc 7561 @46.589s 3%: 0.12+0.55+0.069 ms clock, 2.0+0.49/0.85/0+1.1 ms cpu, 3->4->1 MB, 4 MB goal, 0 MB stacks, 0 MB globals, 16 P
gc 7562 @46.591s 3%: 0.15+0.58+0.11 ms clock, 2.4+0.72/0.89/0+1.7 ms cpu, 3->4->2 MB, 4 MB goal, 0 MB stacks, 0 MB globals, 16 P
gc 7563 @46.592s 3%: 0.15+0.53+0.080 ms clock, 2.5+0.57/0.70/0+1.2 ms cpu, 3->4->1 MB, 4 MB goal, 0 MB stacks, 0 MB globals, 16 P
gc 7564 @46.594s 3%: 0.13+0.57+0.11 ms clock, 2.0+0.54/0.84/0.007+1.7 ms cpu, 3->4->2 MB, 4 MB goal, 0 MB stacks, 0 MB globals, 16 P
gc 7565 @46.596s 3%: 0.097+0.68+0.088 ms clock, 1.5+0.60/0.78/0+1.4 ms cpu, 3->4->2 MB, 4 MB goal, 0 MB stacks, 0 MB globals, 16 P
gc 7566 @46.597s 3%: 0.11+0.68+0.088 ms clock, 1.7+0.56/0.82/0.001+1.4 ms cpu, 3->4->2 MB, 4 MB goal, 0 MB stacks, 0 MB globals, 16 P
gc 7567 @46.599s 3%: 0.14+0.58+0.16 ms clock, 2.3+0.50/0.75/0+2.6 ms cpu, 3->4->1 MB, 4 MB goal, 0 MB stacks, 0 MB globals, 16 P
gc 7568 @46.601s 3%: 0.14+0.57+0.11 ms clock, 2.2+0.60/0.95/0+1.8 ms cpu, 3->4->1 MB, 4 MB goal, 0 MB stacks, 0 MB globals, 16 P
gc 7569 @46.603s 3%: 0.15+0.65+0.14 ms clock, 2.5+0.61/0.75/0+2.2 ms cpu, 3->4->2 MB, 4 MB goal, 0 MB stacks, 0 MB globals, 16 P
gc 7570 @46.604s 3%: 0.12+0.56+0.098 ms clock, 1.9+0.70/0.91/0+1.5 ms cpu, 3->4->1 MB, 4 MB goal, 0 MB stacks, 0 MB globals, 16 P
gc 7571 @46.606s 3%: 0.11+0.69+0.073 ms clock, 1.8+0.57/1.0/0+1.1 ms cpu, 3->4->2 MB, 4 MB goal, 0 MB stacks, 0 MB globals, 16 P
gc 7572 @46.608s 3%: 0.12+0.59+0.13 ms clock, 2.0+0.59/0.82/0+2.1 ms cpu, 3->4->1 MB, 4 MB goal, 0 MB stacks, 0 MB globals, 16 P
gc 7573 @46.609s 3%: 0.10+0.58+0.083 ms clock, 1.6+0.60/0.84/0+1.3 ms cpu, 3->4->2 MB, 4 MB goal, 0 MB stacks, 0 MB globals, 16 P
gc 7574 @46.611s 3%: 0.15+0.60+0.085 ms clock, 2.5+0.67/0.81/0+1.3 ms cpu, 3->4->2 MB, 4 MB goal, 0 MB stacks, 0 MB globals, 16 P
gc 7575 @46.613s 3%: 0.12+0.58+0.12 ms clock, 2.0+0.57/0.78/0+1.9 ms cpu, 3->4->1 MB, 4 MB goal, 0 MB stacks, 0 MB globals, 16 P
gc 7576 @46.614s 3%: 0.17+0.54+0.19 ms clock, 2.8+0.61/0.88/0+3.1 ms cpu, 3->4->2 MB, 4 MB goal, 0 MB stacks, 0 MB globals, 16 P
gc 7577 @46.616s 3%: 0.15+0.60+0.13 ms clock, 2.5+0.60/0.90/0.004+2.1 ms cpu, 3->4->2 MB, 4 MB goal, 0 MB stacks, 0 MB globals, 16 P
gc 7578 @46.618s 3%: 0.16+0.63+0.12 ms clock, 2.7+0.53/0.98/0+1.9 ms cpu, 3->4->2 MB, 4 MB goal, 0 MB stacks, 0 MB globals, 16 P
gc 7579 @46.620s 3%: 0.14+0.59+0.086 ms clock, 2.3+0.68/0.80/0+1.3 ms cpu, 3->4->2 MB, 4 MB goal, 0 MB stacks, 0 MB globals, 16 P
gc 7580 @46.622s 3%: 0.12+0.43+0.14 ms clock, 2.0+0.41/0.78/0+2.3 ms cpu, 3->4->1 MB, 4 MB goal, 0 MB stacks, 0 MB globals, 16 P
gc 7581 @46.623s 3%: 0.18+0.64+0.099 ms clock, 3.0+0.65/0.88/0+1.5 ms cpu, 3->4->2 MB, 4 MB goal, 0 MB stacks, 0 MB globals, 16 P
gc 7582 @46.625s 3%: 0.10+0.50+0.13 ms clock, 1.7+0.59/0.84/0.012+2.1 ms cpu, 3->4->1 MB, 4 MB goal, 0 MB stacks, 0 MB globals, 16 P
gc 7583 @46.626s 3%: 0.099+0.64+0.10 ms clock, 1.5+0.48/0.84/0+1.7 ms cpu, 3->4->2 MB, 4 MB goal, 0 MB stacks, 0 MB globals, 16 P
gc 7584 @46.628s 3%: 0.13+0.55+0.072 ms clock, 2.1+0.61/0.84/0+1.1 ms cpu, 3->4->1 MB, 4 MB goal, 0 MB stacks, 0 MB globals, 16 P
gc 7585 @46.630s 3%: 0.085+0.60+0.099 ms clock, 1.3+0.42/0.72/0.089+1.5 ms cpu, 3->4->1 MB, 4 MB goal, 0 MB stacks, 0 MB globals, 16 P
gc 7586 @46.631s 3%: 0.13+0.48+0.14 ms clock, 2.1+0.70/0.77/0+2.2 ms cpu, 3->4->1 MB, 4 MB goal, 0 MB stacks, 0 MB globals, 16 P
gc 7587 @46.633s 3%: 0.15+0.47+0.17 ms clock, 2.4+0.57/0.90/0.012+2.7 ms cpu, 3->4->1 MB, 4 MB goal, 0 MB stacks, 0 MB globals, 16 P
gc 7588 @46.634s 3%: 0.15+0.71+0.11 ms clock, 2.5+0.64/0.87/0+1.7 ms cpu, 3->4->2 MB, 4 MB goal, 0 MB stacks, 0 MB globals, 16 P
gc 7589 @46.636s 3%: 0.17+0.62+0.12 ms clock, 2.7+0.58/0.98/0+1.9 ms cpu, 3->4->2 MB, 4 MB goal, 0 MB stacks, 0 MB globals, 16 P
gc 7590 @46.638s 3%: 0.14+0.49+0.10 ms clock, 2.3+0.69/0.81/0.023+1.6 ms cpu, 3->4->1 MB, 4 MB goal, 0 MB stacks, 0 MB globals, 16 P
gc 7591 @46.640s 3%: 0.12+0.65+0.11 ms clock, 2.0+0.54/0.80/0.002+1.7 ms cpu, 3->4->2 MB, 4 MB goal, 0 MB stacks, 0 MB globals, 16 P
gc 7592 @46.641s 3%: 0.14+0.60+0.17 ms clock, 2.3+0.64/0.85/0.002+2.7 ms cpu, 3->4->2 MB, 4 MB goal, 0 MB stacks, 0 MB globals, 16 P
gc 7593 @46.643s 3%: 0.14+0.53+0.17 ms clock, 2.3+0.55/0.82/0+2.7 ms cpu, 3->4->2 MB, 4 MB goal, 0 MB stacks, 0 MB globals, 16 P
gc 7594 @46.645s 3%: 0.10+0.80+0.078 ms clock, 1.7+0.48/0.94/0.068+1.2 ms cpu, 3->4->2 MB, 4 MB goal, 0 MB stacks, 0 MB globals, 16 P
gc 7595 @46.647s 3%: 0.14+0.50+0.094 ms clock, 2.2+0.53/0.81/0+1.5 ms cpu, 4->4->1 MB, 4 MB goal, 0 MB stacks, 0 MB globals, 16 P
gc 7596 @46.649s 3%: 0.10+0.73+0.11 ms clock, 1.7+0.45/0.89/0+1.8 ms cpu, 3->4->2 MB, 4 MB goal, 0 MB stacks, 0 MB globals, 16 P
gc 7597 @46.651s 3%: 0.10+0.52+0.10 ms clock, 1.7+0.66/0.82/0+1.6 ms cpu, 3->4->1 MB, 4 MB goal, 0 MB stacks, 0 MB globals, 16 P
gc 7598 @46.652s 3%: 0.11+0.52+0.12 ms clock, 1.8+0.56/0.94/0+1.9 ms cpu, 3->4->1 MB, 4 MB goal, 0 MB stacks, 0 MB globals, 16 P
gc 7599 @46.654s 3%: 0.16+0.49+0.071 ms clock, 2.5+0.41/0.84/0+1.1 ms cpu, 3->4->1 MB, 4 MB goal, 0 MB stacks, 0 MB globals, 16 P
gc 7600 @46.655s 3%: 0.15+0.60+0.071 ms clock, 2.4+0.61/0.80/0+1.1 ms cpu, 3->4->1 MB, 4 MB goal, 0 MB stacks, 0 MB globals, 16 P
gc 7601 @46.657s 3%: 0.10+0.65+0.10 ms clock, 1.7+0.57/0.87/0.009+1.7 ms cpu, 3->4->2 MB, 4 MB goal, 0 MB stacks, 0 MB globals, 16 P
gc 7602 @46.659s 3%: 0.15+0.59+0.12 ms clock, 2.4+0.63/0.85/0.035+2.0 ms cpu, 3->4->2 MB, 4 MB goal, 0 MB stacks, 0 MB globals, 16 P
gc 7603 @46.661s 3%: 0.13+0.50+0.11 ms clock, 2.2+0.68/0.84/0+1.8 ms cpu, 3->4->1 MB, 4 MB goal, 0 MB stacks, 0 MB globals, 16 P
gc 7604 @46.662s 3%: 0.12+0.49+0.097 ms clock, 1.9+0.48/0.87/0.002+1.5 ms cpu, 3->4->1 MB, 4 MB goal, 0 MB stacks, 0 MB globals, 16 P
gc 7605 @46.664s 3%: 0.16+0.66+0.10 ms clock, 2.5+0.75/0.93/0+1.6 ms cpu, 3->4->2 MB, 4 MB goal, 0 MB stacks, 0 MB globals, 16 P
gc 7606 @46.666s 3%: 0.16+0.59+0.16 ms clock, 2.6+0.68/0.78/0+2.6 ms cpu, 3->4->1 MB, 4 MB goal, 0 MB stacks, 0 MB globals, 16 P
gc 7607 @46.667s 3%: 0.12+0.65+0.15 ms clock, 1.9+0.61/0.86/0+2.4 ms cpu, 3->4->2 MB, 4 MB goal, 0 MB stacks, 0 MB globals, 16 P
gc 7608 @46.669s 3%: 0.10+0.69+0.092 ms clock, 1.6+0.50/0.96/0+1.4 ms cpu, 4->4->2 MB, 4 MB goal, 0 MB stacks, 0 MB globals, 16 P
gc 7609 @46.671s 3%: 0.099+0.65+0.040 ms clock, 1.5+0.45/0.91/0+0.65 ms cpu, 3->4->1 MB, 4 MB goal, 0 MB stacks, 0 MB globals, 16 P
gc 7610 @46.673s 3%: 0.17+0.64+0.091 ms clock, 2.7+0.75/1.0/0.005+1.4 ms cpu, 3->4->2 MB, 4 MB goal, 0 MB stacks, 0 MB globals, 16 P
gc 7611 @46.675s 3%: 0.13+0.66+0.12 ms clock, 2.1+0.60/0.83/0+2.0 ms cpu, 3->4->2 MB, 4 MB goal, 0 MB stacks, 0 MB globals, 16 P
gc 7612 @46.677s 3%: 0.11+0.63+0.12 ms clock, 1.8+0.58/0.94/0+1.9 ms cpu, 3->4->2 MB, 4 MB goal, 0 MB stacks, 0 MB globals, 16 P
gc 7613 @46.678s 3%: 0.12+0.70+0.11 ms clock, 2.0+0.58/0.91/0.023+1.8 ms cpu, 3->4->2 MB, 4 MB goal, 0 MB stacks, 0 MB globals, 16 P
gc 7614 @46.680s 3%: 0.12+0.61+0.11 ms clock, 2.0+0.72/0.89/0+1.7 ms cpu, 3->4->2 MB, 4 MB goal, 0 MB stacks, 0 MB globals, 16 P
gc 7615 @46.682s 3%: 0.10+0.54+0.093 ms clock, 1.6+0.59/0.87/0.010+1.4 ms cpu, 3->4->1 MB, 4 MB goal, 0 MB stacks, 0 MB globals, 16 P
gc 7616 @46.684s 3%: 0.11+0.56+0.17 ms clock, 1.8+0.46/0.88/0+2.8 ms cpu, 3->4->2 MB, 4 MB goal, 0 MB stacks, 0 MB globals, 16 P
gc 7617 @46.685s 3%: 0.10+0.65+0.083 ms clock, 1.6+0.66/0.79/0+1.3 ms cpu, 3->4->2 MB, 4 MB goal, 0 MB stacks, 0 MB globals, 16 P
gc 7618 @46.687s 3%: 0.11+0.58+0.11 ms clock, 1.8+0.64/0.70/0+1.9 ms cpu, 3->4->1 MB, 4 MB goal, 0 MB stacks, 0 MB globals, 16 P
gc 7619 @46.689s 3%: 0.13+0.64+0.15 ms clock, 2.1+0.55/0.79/0+2.5 ms cpu, 3->4->2 MB, 4 MB goal, 0 MB stacks, 0 MB globals, 16 P
gc 7620 @46.691s 3%: 0.11+0.49+0.13 ms clock, 1.8+0.38/0.96/0+2.1 ms cpu, 3->4->1 MB, 4 MB goal, 0 MB stacks, 0 MB globals, 16 P
gc 7621 @46.692s 3%: 0.20+0.61+0.10 ms clock, 3.2+0.68/0.72/0+1.6 ms cpu, 3->4->2 MB, 4 MB goal, 0 MB stacks, 0 MB globals, 16 P
gc 7622 @46.694s 3%: 0.14+0.65+0.098 ms clock, 2.3+0.61/0.91/0.001+1.5 ms cpu, 3->4->2 MB, 4 MB goal, 0 MB stacks, 0 MB globals, 16 P
gc 7623 @46.696s 3%: 0.13+0.59+0.11 ms clock, 2.1+0.50/0.87/0+1.9 ms cpu, 3->4->2 MB, 4 MB goal, 0 MB stacks, 0 MB globals, 16 P
gc 7624 @46.698s 3%: 0.18+0.53+0.081 ms clock, 2.8+0.62/0.78/0+1.3 ms cpu, 3->4->1 MB, 4 MB goal, 0 MB stacks, 0 MB globals, 16 P
gc 7625 @46.699s 3%: 0.16+0.73+0.090 ms clock, 2.6+0.63/0.82/0.010+1.4 ms cpu, 3->4->2 MB, 4 MB goal, 0 MB stacks, 0 MB globals, 16 P
gc 7626 @46.701s 3%: 0.10+0.63+0.11 ms clock, 1.7+0.51/0.98/0.007+1.8 ms cpu, 3->4->2 MB, 4 MB goal, 0 MB stacks, 0 MB globals, 16 P
gc 7627 @46.703s 3%: 0.10+0.51+0.097 ms clock, 1.7+0.43/0.88/0+1.5 ms cpu, 3->4->1 MB, 4 MB goal, 0 MB stacks, 0 MB globals, 16 P
gc 7628 @46.705s 3%: 0.19+0.59+0.10 ms clock, 3.1+0.57/0.88/0.001+1.6 ms cpu, 3->4->2 MB, 4 MB goal, 0 MB stacks, 0 MB globals, 16 P
gc 7629 @46.706s 3%: 0.17+0.64+0.15 ms clock, 2.7+0.56/0.94/0+2.4 ms cpu, 3->4->2 MB, 4 MB goal, 0 MB stacks, 0 MB globals, 16 P
gc 7630 @46.708s 3%: 0.11+0.69+0.078 ms clock, 1.7+0.48/0.88/0+1.2 ms cpu, 3->4->2 MB, 4 MB goal, 0 MB stacks, 0 MB globals, 16 P
gc 7631 @46.710s 3%: 0.13+0.64+0.13 ms clock, 2.1+0.61/0.91/0+2.0 ms cpu, 3->4->2 MB, 4 MB goal, 0 MB stacks, 0 MB globals, 16 P
gc 7632 @46.712s 3%: 0.12+0.72+0.10 ms clock, 1.9+0.53/0.87/0+1.6 ms cpu, 3->4->2 MB, 4 MB goal, 0 MB stacks, 0 MB globals, 16 P
gc 7633 @46.714s 3%: 0.17+0.71+0.13 ms clock, 2.7+0.62/0.77/0+2.2 ms cpu, 3->4->2 MB, 4 MB goal, 0 MB stacks, 0 MB globals, 16 P
gc 7634 @46.716s 3%: 0.10+0.71+0.10 ms clock, 1.7+0.34/1.0/0.011+1.7 ms cpu, 4->4->1 MB, 4 MB goal, 0 MB stacks, 0 MB globals, 16 P
gc 7635 @46.718s 3%: 0.14+0.49+0.12 ms clock, 2.3+0.70/0.76/0.002+1.9 ms cpu, 3->4->1 MB, 4 MB goal, 0 MB stacks, 0 MB globals, 16 P
gc 7636 @46.719s 3%: 0.12+0.56+0.083 ms clock, 1.9+0.51/0.91/0+1.3 ms cpu, 3->4->1 MB, 4 MB goal, 0 MB stacks, 0 MB globals, 16 P
gc 7637 @46.721s 3%: 0.092+0.49+0.10 ms clock, 1.4+0.53/0.78/0+1.6 ms cpu, 3->4->1 MB, 4 MB goal, 0 MB stacks, 0 MB globals, 16 P
gc 7638 @46.722s 3%: 0.093+0.54+0.10 ms clock, 1.4+0.48/0.84/0.021+1.6 ms cpu, 3->4->1 MB, 4 MB goal, 0 MB stacks, 0 MB globals, 16 P
gc 7639 @46.724s 3%: 0.11+0.56+0.095 ms clock, 1.8+0.65/0.82/0.010+1.5 ms cpu, 3->4->1 MB, 4 MB goal, 0 MB stacks, 0 MB globals, 16 P
gc 7640 @46.726s 3%: 0.16+0.64+0.059 ms clock, 2.5+0.57/0.85/0.050+0.95 ms cpu, 3->4->1 MB, 4 MB goal, 0 MB stacks, 0 MB globals, 16 P
gc 7641 @46.727s 3%: 0.12+0.68+0.13 ms clock, 2.0+0.55/0.73/0.043+2.1 ms cpu, 3->4->1 MB, 4 MB goal, 0 MB stacks, 0 MB globals, 16 P
gc 7642 @46.729s 3%: 0.11+0.84+0.043 ms clock, 1.7+0.58/0.81/0.014+0.70 ms cpu, 3->4->2 MB, 4 MB goal, 0 MB stacks, 0 MB globals, 16 P
gc 7643 @46.731s 3%: 0.13+0.53+0.11 ms clock, 2.1+0.59/0.82/0+1.8 ms cpu, 3->4->1 MB, 4 MB goal, 0 MB stacks, 0 MB globals, 16 P
gc 7644 @46.733s 3%: 0.11+0.59+0.071 ms clock, 1.8+0.50/0.80/0.004+1.1 ms cpu, 3->4->1 MB, 4 MB goal, 0 MB stacks, 0 MB globals, 16 P
gc 7645 @46.734s 3%: 0.10+0.45+0.099 ms clock, 1.7+0.48/0.81/0+1.5 ms cpu, 3->4->1 MB, 4 MB goal, 0 MB stacks, 0 MB globals, 16 P
gc 7646 @46.736s 3%: 0.11+0.52+0.089 ms clock, 1.7+0.62/0.71/0+1.4 ms cpu, 3->4->1 MB, 4 MB goal, 0 MB stacks, 0 MB globals, 16 P
gc 7647 @46.737s 3%: 0.091+0.56+0.10 ms clock, 1.4+0.55/0.82/0.059+1.6 ms cpu, 3->4->1 MB, 4 MB goal, 0 MB stacks, 0 MB globals, 16 P
gc 7648 @46.739s 3%: 0.10+0.54+0.13 ms clock, 1.7+0.59/0.71/0.045+2.1 ms cpu, 3->4->1 MB, 4 MB goal, 0 MB stacks, 0 MB globals, 16 P
gc 7649 @46.740s 3%: 0.10+0.83+0.10 ms clock, 1.7+0.71/0.84/0.010+1.6 ms cpu, 3->4->2 MB, 4 MB goal, 0 MB stacks, 0 MB globals, 16 P
gc 7650 @46.742s 3%: 0.10+0.58+0.070 ms clock, 1.7+0.47/0.78/0+1.1 ms cpu, 3->4->1 MB, 4 MB goal, 0 MB stacks, 0 MB globals, 16 P
gc 7651 @46.744s 3%: 0.14+0.45+0.078 ms clock, 2.3+0.56/0.80/0+1.2 ms cpu, 3->4->1 MB, 4 MB goal, 0 MB stacks, 0 MB globals, 16 P
gc 7652 @46.746s 3%: 0.10+0.46+0.093 ms clock, 1.7+0.47/0.78/0.031+1.4 ms cpu, 3->4->1 MB, 4 MB goal, 0 MB stacks, 0 MB globals, 16 P
gc 7653 @46.747s 3%: 0.12+0.56+0.086 ms clock, 1.9+0.70/0.76/0+1.3 ms cpu, 3->4->1 MB, 4 MB goal, 0 MB stacks, 0 MB globals, 16 P
gc 7654 @46.749s 3%: 0.14+0.56+0.094 ms clock, 2.3+0.55/0.80/0+1.5 ms cpu, 3->4->2 MB, 4 MB goal, 0 MB stacks, 0 MB globals, 16 P
gc 7655 @46.751s 3%: 0.11+0.58+0.12 ms clock, 1.8+0.64/0.88/0.025+1.9 ms cpu, 3->4->1 MB, 4 MB goal, 0 MB stacks, 0 MB globals, 16 P
gc 7656 @46.752s 3%: 0.11+0.56+0.065 ms clock, 1.8+0.60/0.76/0+1.0 ms cpu, 3->4->1 MB, 4 MB goal, 0 MB stacks, 0 MB globals, 16 P
gc 7657 @46.754s 3%: 0.091+0.53+0.084 ms clock, 1.4+0.53/0.89/0.002+1.3 ms cpu, 3->4->1 MB, 4 MB goal, 0 MB stacks, 0 MB globals, 16 P
gc 7658 @46.755s 3%: 0.11+0.66+0.099 ms clock, 1.8+0.62/0.76/0+1.5 ms cpu, 3->4->2 MB, 4 MB goal, 0 MB stacks, 0 MB globals, 16 P
gc 7659 @46.757s 3%: 0.10+0.51+0.072 ms clock, 1.6+0.56/0.91/0+1.1 ms cpu, 3->4->1 MB, 4 MB goal, 0 MB stacks, 0 MB globals, 16 P
gc 7660 @46.759s 3%: 0.18+0.51+0.19 ms clock, 2.9+0.53/0.80/0.014+3.1 ms cpu, 3->4->1 MB, 4 MB goal, 0 MB stacks, 0 MB globals, 16 P
gc 7661 @46.760s 3%: 0.11+0.63+0.081 ms clock, 1.8+0.52/0.80/0+1.3 ms cpu, 3->4->1 MB, 4 MB goal, 0 MB stacks, 0 MB globals, 16 P
gc 7662 @46.762s 3%: 0.15+0.45+0.15 ms clock, 2.5+0.58/0.77/0.002+2.4 ms cpu, 3->4->1 MB, 4 MB goal, 0 MB stacks, 0 MB globals, 16 P
gc 7663 @46.764s 3%: 0.10+0.56+0.11 ms clock, 1.7+0.51/0.95/0.025+1.7 ms cpu, 3->4->1 MB, 4 MB goal, 0 MB stacks, 0 MB globals, 16 P
gc 7664 @46.765s 3%: 0.14+0.47+0.099 ms clock, 2.3+0.62/0.79/0+1.5 ms cpu, 3->4->1 MB, 4 MB goal, 0 MB stacks, 0 MB globals, 16 P
gc 7665 @46.767s 3%: 0.13+0.53+0.12 ms clock, 2.2+0.65/0.83/0.002+2.0 ms cpu, 3->4->1 MB, 4 MB goal, 0 MB stacks, 0 MB globals, 16 P
gc 7666 @46.768s 3%: 0.13+0.64+0.088 ms clock, 2.2+0.54/0.89/0+1.4 ms cpu, 3->4->2 MB, 4 MB goal, 0 MB stacks, 0 MB globals, 16 P
gc 7667 @46.770s 3%: 0.10+0.50+0.085 ms clock, 1.6+0.51/0.80/0.018+1.3 ms cpu, 3->4->1 MB, 4 MB goal, 0 MB stacks, 0 MB globals, 16 P
gc 7668 @46.772s 3%: 0.13+0.64+0.13 ms clock, 2.1+0.75/0.80/0+2.1 ms cpu, 3->4->2 MB, 4 MB goal, 0 MB stacks, 0 MB globals, 16 P
gc 7669 @46.774s 3%: 0.13+0.61+0.13 ms clock, 2.1+0.64/0.85/0.026+2.1 ms cpu, 3->4->2 MB, 4 MB goal, 0 MB stacks, 0 MB globals, 16 P
gc 7670 @46.775s 3%: 0.12+0.67+0.086 ms clock, 1.9+0.63/0.87/0+1.3 ms cpu, 3->4->2 MB, 4 MB goal, 0 MB stacks, 0 MB globals, 16 P
gc 7671 @46.777s 3%: 0.13+0.64+0.11 ms clock, 2.0+0.61/0.81/0+1.8 ms cpu, 3->4->2 MB, 4 MB goal, 0 MB stacks, 0 MB globals, 16 P
gc 7672 @46.779s 3%: 0.16+0.50+0.11 ms clock, 2.7+0.54/0.74/0.025+1.7 ms cpu, 3->4->1 MB, 4 MB goal, 0 MB stacks, 0 MB globals, 16 P
gc 7673 @46.781s 3%: 0.14+0.71+0.11 ms clock, 2.2+0.58/0.74/0+1.7 ms cpu, 3->4->2 MB, 4 MB goal, 0 MB stacks, 0 MB globals, 16 P
gc 7674 @46.782s 3%: 0.10+0.48+0.13 ms clock, 1.7+0.62/0.80/0.012+2.1 ms cpu, 3->4->1 MB, 4 MB goal, 0 MB stacks, 0 MB globals, 16 P
gc 7675 @46.784s 3%: 0.11+0.52+0.15 ms clock, 1.8+0.54/0.84/0.044+2.4 ms cpu, 3->4->1 MB, 4 MB goal, 0 MB stacks, 0 MB globals, 16 P
gc 7676 @46.785s 3%: 0.11+0.45+0.12 ms clock, 1.8+0.61/0.74/0.012+1.9 ms cpu, 3->4->1 MB, 4 MB goal, 0 MB stacks, 0 MB globals, 16 P
gc 7677 @46.787s 3%: 0.12+0.48+0.12 ms clock, 2.0+0.70/0.72/0+2.0 ms cpu, 3->4->1 MB, 4 MB goal, 0 MB stacks, 0 MB globals, 16 P
gc 7678 @46.788s 3%: 0.14+0.69+0.091 ms clock, 2.3+0.73/0.81/0+1.4 ms cpu, 3->4->2 MB, 4 MB goal, 0 MB stacks, 0 MB globals, 16 P
gc 7679 @46.790s 3%: 0.11+0.60+0.12 ms clock, 1.8+0.53/0.79/0+2.0 ms cpu, 3->4->2 MB, 4 MB goal, 0 MB stacks, 0 MB globals, 16 P
gc 7680 @46.792s 3%: 0.15+0.63+0.083 ms clock, 2.4+0.71/0.98/0+1.3 ms cpu, 3->4->2 MB, 4 MB goal, 0 MB stacks, 0 MB globals, 16 P
gc 7681 @46.794s 3%: 0.14+0.66+0.14 ms clock, 2.3+0.69/0.87/0+2.2 ms cpu, 3->4->2 MB, 4 MB goal, 0 MB stacks, 0 MB globals, 16 P
gc 7682 @46.796s 3%: 0.13+0.74+0.090 ms clock, 2.1+0.61/0.79/0.060+1.4 ms cpu, 3->4->2 MB, 4 MB goal, 0 MB stacks, 0 MB globals, 16 P
gc 7683 @46.798s 3%: 0.12+0.71+0.097 ms clock, 2.0+0.46/0.93/0+1.5 ms cpu, 3->4->2 MB, 4 MB goal, 0 MB stacks, 0 MB globals, 16 P
gc 7684 @46.799s 3%: 0.16+0.73+0.058 ms clock, 2.5+0.71/0.74/0+0.93 ms cpu, 3->4->2 MB, 4 MB goal, 0 MB stacks, 0 MB globals, 16 P
gc 7685 @46.801s 3%: 0.13+0.82+0.097 ms clock, 2.1+0.48/0.85/0.002+1.5 ms cpu, 3->4->2 MB, 4 MB goal, 0 MB stacks, 0 MB globals, 16 P
gc 7686 @46.803s 3%: 0.10+0.68+0.071 ms clock, 1.6+0.61/0.83/0+1.1 ms cpu, 4->4->1 MB, 4 MB goal, 0 MB stacks, 0 MB globals, 16 P
gc 7687 @46.805s 3%: 0.13+0.55+0.11 ms clock, 2.1+0.68/0.88/0.020+1.8 ms cpu, 3->4->1 MB, 4 MB goal, 0 MB stacks, 0 MB globals, 16 P
gc 7688 @46.807s 3%: 0.13+0.67+0.091 ms clock, 2.1+0.61/0.82/0+1.4 ms cpu, 3->4->2 MB, 4 MB goal, 0 MB stacks, 0 MB globals, 16 P
gc 7689 @46.809s 3%: 0.18+0.71+0.13 ms clock, 2.9+0.62/0.89/0+2.2 ms cpu, 3->4->2 MB, 4 MB goal, 0 MB stacks, 0 MB globals, 16 P
gc 7690 @46.811s 3%: 0.11+0.60+0.17 ms clock, 1.7+0.74/0.74/0+2.8 ms cpu, 4->4->2 MB, 4 MB goal, 0 MB stacks, 0 MB globals, 16 P
gc 7691 @46.813s 3%: 0.11+0.54+0.11 ms clock, 1.8+0.57/0.82/0.019+1.8 ms cpu, 3->4->1 MB, 4 MB goal, 0 MB stacks, 0 MB globals, 16 P
gc 7692 @46.814s 3%: 0.11+0.44+0.16 ms clock, 1.8+0.44/0.84/0+2.6 ms cpu, 3->4->1 MB, 4 MB goal, 0 MB stacks, 0 MB globals, 16 P
gc 7693 @46.816s 3%: 0.12+0.53+0.13 ms clock, 2.0+0.62/0.80/0+2.1 ms cpu, 3->4->1 MB, 4 MB goal, 0 MB stacks, 0 MB globals, 16 P
gc 7694 @46.817s 3%: 0.19+0.51+0.13 ms clock, 3.1+0.64/0.75/0+2.0 ms cpu, 3->4->2 MB, 4 MB goal, 0 MB stacks, 0 MB globals, 16 P
gc 7695 @46.819s 3%: 0.12+0.53+0.16 ms clock, 2.0+0.58/0.82/0+2.6 ms cpu, 3->4->1 MB, 4 MB goal, 0 MB stacks, 0 MB globals, 16 P
gc 7696 @46.821s 3%: 0.10+0.56+0.087 ms clock, 1.6+0.45/0.83/0+1.4 ms cpu, 3->4->1 MB, 4 MB goal, 0 MB stacks, 0 MB globals, 16 P
gc 7697 @46.822s 3%: 0.084+0.57+0.15 ms clock, 1.3+0.50/0.85/0.032+2.5 ms cpu, 3->4->1 MB, 4 MB goal, 0 MB stacks, 0 MB globals, 16 P
gc 7698 @46.824s 3%: 0.097+0.50+0.17 ms clock, 1.5+0.56/0.83/0+2.8 ms cpu, 3->4->1 MB, 4 MB goal, 0 MB stacks, 0 MB globals, 16 P
gc 7699 @46.826s 3%: 0.13+0.72+0.10 ms clock, 2.1+0.73/0.77/0+1.7 ms cpu, 3->4->2 MB, 4 MB goal, 0 MB stacks, 0 MB globals, 16 P
gc 7700 @46.828s 3%: 0.14+0.69+0.074 ms clock, 2.3+0.60/0.70/0+1.1 ms cpu, 3->4->2 MB, 4 MB goal, 0 MB stacks, 0 MB globals, 16 P
gc 7701 @46.829s 3%: 0.15+0.61+0.096 ms clock, 2.4+0.57/0.78/0+1.5 ms cpu, 3->4->2 MB, 4 MB goal, 0 MB stacks, 0 MB globals, 16 P
gc 7702 @46.831s 3%: 0.11+0.65+0.12 ms clock, 1.7+0.56/0.77/0+1.9 ms cpu, 3->4->2 MB, 4 MB goal, 0 MB stacks, 0 MB globals, 16 P
gc 7703 @46.833s 3%: 0.12+0.58+0.10 ms clock, 1.9+0.57/0.92/0+1.6 ms cpu, 3->4->1 MB, 4 MB goal, 0 MB stacks, 0 MB globals, 16 P
gc 7704 @46.835s 3%: 0.13+0.72+0.074 ms clock, 2.1+0.63/0.71/0.044+1.1 ms cpu, 3->4->2 MB, 4 MB goal, 0 MB stacks, 0 MB globals, 16 P
gc 7705 @46.837s 3%: 0.11+0.92+0.11 ms clock, 1.8+0.57/0.89/0.027+1.7 ms cpu, 3->4->2 MB, 4 MB goal, 0 MB stacks, 0 MB globals, 16 P
gc 7706 @46.839s 3%: 0.10+0.76+0.068 ms clock, 1.7+0.69/0.72/0+1.0 ms cpu, 4->4->2 MB, 4 MB goal, 0 MB stacks, 0 MB globals, 16 P
gc 7707 @46.841s 3%: 0.12+0.54+0.18 ms clock, 1.9+0.58/0.86/0+2.9 ms cpu, 3->4->2 MB, 4 MB goal, 0 MB stacks, 0 MB globals, 16 P
gc 7708 @46.842s 3%: 0.15+0.55+0.13 ms clock, 2.5+0.65/0.86/0+2.2 ms cpu, 3->4->1 MB, 4 MB goal, 0 MB stacks, 0 MB globals, 16 P
gc 7709 @46.844s 3%: 0.12+0.63+0.12 ms clock, 1.9+0.62/0.92/0+2.0 ms cpu, 3->4->2 MB, 4 MB goal, 0 MB stacks, 0 MB globals, 16 P
gc 7710 @46.846s 3%: 0.12+0.64+0.085 ms clock, 2.0+0.57/0.84/0+1.3 ms cpu, 3->4->2 MB, 4 MB goal, 0 MB stacks, 0 MB globals, 16 P
gc 7711 @46.848s 3%: 0.11+0.53+0.12 ms clock, 1.7+0.71/0.73/0+1.9 ms cpu, 3->4->1 MB, 4 MB goal, 0 MB stacks, 0 MB globals, 16 P
gc 7712 @46.849s 3%: 0.11+0.67+0.093 ms clock, 1.9+0.55/0.91/0+1.5 ms cpu, 3->4->2 MB, 4 MB goal, 0 MB stacks, 0 MB globals, 16 P
gc 7713 @46.851s 3%: 0.11+0.60+0.19 ms clock, 1.8+0.54/0.72/0.094+3.0 ms cpu, 3->4->1 MB, 4 MB goal, 0 MB stacks, 0 MB globals, 16 P
gc 7714 @46.852s 3%: 0.14+0.68+0.12 ms clock, 2.3+0.68/0.74/0+2.0 ms cpu, 3->4->2 MB, 4 MB goal, 0 MB stacks, 0 MB globals, 16 P
gc 7715 @46.854s 3%: 0.10+0.66+0.10 ms clock, 1.7+0.46/0.89/0+1.6 ms cpu, 3->4->2 MB, 4 MB goal, 0 MB stacks, 0 MB globals, 16 P
gc 7716 @46.856s 3%: 0.10+0.58+0.067 ms clock, 1.7+0.63/0.84/0+1.0 ms cpu, 3->4->1 MB, 4 MB goal, 0 MB stacks, 0 MB globals, 16 P
gc 7717 @46.858s 3%: 0.080+0.63+0.14 ms clock, 1.2+0.47/0.89/0.048+2.3 ms cpu, 3->4->1 MB, 4 MB goal, 0 MB stacks, 0 MB globals, 16 P
gc 7718 @46.859s 3%: 0.21+0.51+0.14 ms clock, 3.4+0.55/0.74/0+2.2 ms cpu, 3->4->1 MB, 4 MB goal, 0 MB stacks, 0 MB globals, 16 P
gc 7719 @46.861s 3%: 0.12+0.52+0.17 ms clock, 2.0+0.70/0.78/0+2.8 ms cpu, 3->4->2 MB, 4 MB goal, 0 MB stacks, 0 MB globals, 16 P
gc 7720 @46.863s 3%: 0.12+0.67+0.099 ms clock, 1.9+0.53/0.80/0+1.5 ms cpu, 3->4->2 MB, 4 MB goal, 0 MB stacks, 0 MB globals, 16 P
gc 7721 @46.864s 3%: 0.18+0.60+0.095 ms clock, 2.9+0.45/0.76/0.002+1.5 ms cpu, 3->4->2 MB, 4 MB goal, 0 MB stacks, 0 MB globals, 16 P
gc 7722 @46.866s 3%: 0.13+0.49+0.10 ms clock, 2.2+0.51/0.81/0+1.6 ms cpu, 3->4->1 MB, 4 MB goal, 0 MB stacks, 0 MB globals, 16 P
gc 7723 @46.868s 3%: 0.10+0.66+0.083 ms clock, 1.6+0.55/0.87/0.011+1.3 ms cpu, 3->4->2 MB, 4 MB goal, 0 MB stacks, 0 MB globals, 16 P
gc 7724 @46.870s 3%: 0.10+0.64+0.094 ms clock, 1.6+0.53/0.75/0.021+1.5 ms cpu, 3->4->1 MB, 4 MB goal, 0 MB stacks, 0 MB globals, 16 P
gc 7725 @46.871s 3%: 0.14+0.52+0.13 ms clock, 2.3+0.54/0.85/0+2.1 ms cpu, 3->4->1 MB, 4 MB goal, 0 MB stacks, 0 MB globals, 16 P
gc 7726 @46.873s 3%: 0.10+0.75+0.089 ms clock, 1.7+0.61/0.80/0.033+1.4 ms cpu, 3->4->2 MB, 4 MB goal, 0 MB stacks, 0 MB globals, 16 P
gc 7727 @46.875s 3%: 0.12+0.45+0.11 ms clock, 1.9+0.69/0.75/0+1.8 ms cpu, 3->4->1 MB, 4 MB goal, 0 MB stacks, 0 MB globals, 16 P
gc 7728 @46.876s 3%: 0.13+0.54+0.13 ms clock, 2.0+0.51/0.81/0+2.1 ms cpu, 3->4->1 MB, 4 MB goal, 0 MB stacks, 0 MB globals, 16 P
gc 7729 @46.878s 3%: 0.13+0.52+0.16 ms clock, 2.2+0.67/0.96/0.006+2.6 ms cpu, 3->4->1 MB, 4 MB goal, 0 MB stacks, 0 MB globals, 16 P
gc 7730 @46.879s 3%: 0.13+0.81+0.11 ms clock, 2.1+0.72/0.75/0.023+1.8 ms cpu, 3->4->2 MB, 4 MB goal, 0 MB stacks, 0 MB globals, 16 P
gc 7731 @46.881s 3%: 0.18+0.44+0.10 ms clock, 2.9+0.54/0.78/0.012+1.6 ms cpu, 3->4->1 MB, 4 MB goal, 0 MB stacks, 0 MB globals, 16 P
gc 7732 @46.883s 3%: 0.19+0.66+0.10 ms clock, 3.1+0.58/0.87/0+1.7 ms cpu, 3->4->2 MB, 4 MB goal, 0 MB stacks, 0 MB globals, 16 P
gc 7733 @46.885s 3%: 0.12+0.52+0.13 ms clock, 2.0+0.54/0.75/0.003+2.1 ms cpu, 3->4->1 MB, 4 MB goal, 0 MB stacks, 0 MB globals, 16 P
gc 7734 @46.886s 3%: 0.14+0.58+0.038 ms clock, 2.3+0.64/0.82/0+0.60 ms cpu, 3->4->1 MB, 4 MB goal, 0 MB stacks, 0 MB globals, 16 P
gc 7735 @46.888s 3%: 0.21+0.48+0.10 ms clock, 3.4+0.64/0.79/0+1.6 ms cpu, 3->4->1 MB, 4 MB goal, 0 MB stacks, 0 MB globals, 16 P
gc 7736 @46.890s 3%: 0.095+0.49+0.11 ms clock, 1.5+0.45/0.79/0.006+1.7 ms cpu, 3->4->1 MB, 4 MB goal, 0 MB stacks, 0 MB globals, 16 P
gc 7737 @46.891s 3%: 0.091+0.44+0.090 ms clock, 1.4+0.52/0.79/0.021+1.4 ms cpu, 3->3->1 MB, 4 MB goal, 0 MB stacks, 0 MB globals, 16 P
gc 7738 @46.893s 3%: 0.12+0.52+0.10 ms clock, 1.9+0.61/0.79/0.004+1.6 ms cpu, 3->4->1 MB, 4 MB goal, 0 MB stacks, 0 MB globals, 16 P
gc 7739 @46.894s 3%: 0.14+0.59+0.11 ms clock, 2.2+0.48/0.88/0.031+1.8 ms cpu, 3->4->2 MB, 4 MB goal, 0 MB stacks, 0 MB globals, 16 P
gc 7740 @46.896s 3%: 0.11+0.68+0.079 ms clock, 1.8+0.74/0.91/0+1.2 ms cpu, 3->4->2 MB, 4 MB goal, 0 MB stacks, 0 MB globals, 16 P
gc 7741 @46.898s 3%: 0.13+0.53+0.088 ms clock, 2.1+0.56/0.87/0+1.4 ms cpu, 3->4->1 MB, 4 MB goal, 0 MB stacks, 0 MB globals, 16 P
gc 7742 @46.900s 3%: 0.10+0.60+0.10 ms clock, 1.7+0.65/0.68/0+1.7 ms cpu, 3->4->1 MB, 4 MB goal, 0 MB stacks, 0 MB globals, 16 P
gc 7743 @46.901s 3%: 0.14+0.61+0.070 ms clock, 2.2+0.44/0.86/0+1.1 ms cpu, 3->4->1 MB, 4 MB goal, 0 MB stacks, 0 MB globals, 16 P
gc 7744 @46.903s 3%: 0.11+0.56+0.18 ms clock, 1.8+0.68/0.95/0.014+3.0 ms cpu, 3->4->1 MB, 4 MB goal, 0 MB stacks, 0 MB globals, 16 P
gc 7745 @46.905s 3%: 0.091+0.83+0.074 ms clock, 1.4+0.73/0.89/0+1.1 ms cpu, 3->4->2 MB, 4 MB goal, 0 MB stacks, 0 MB globals, 16 P
gc 7746 @46.907s 3%: 0.14+0.59+0.11 ms clock, 2.2+0.63/0.88/0+1.7 ms cpu, 4->4->2 MB, 4 MB goal, 0 MB stacks, 0 MB globals, 16 P
gc 7747 @46.909s 3%: 0.13+0.54+0.13 ms clock, 2.1+0.53/0.88/0+2.2 ms cpu, 3->4->1 MB, 4 MB goal, 0 MB stacks, 0 MB globals, 16 P
gc 7748 @46.910s 3%: 0.14+0.61+0.087 ms clock, 2.3+0.64/0.80/0+1.4 ms cpu, 3->4->2 MB, 4 MB goal, 0 MB stacks, 0 MB globals, 16 P
gc 7749 @46.912s 3%: 0.13+0.65+0.058 ms clock, 2.2+0.55/0.76/0.002+0.93 ms cpu, 3->4->2 MB, 4 MB goal, 0 MB stacks, 0 MB globals, 16 P
gc 7750 @46.914s 3%: 0.13+0.67+0.074 ms clock, 2.1+0.54/0.87/0+1.1 ms cpu, 3->4->2 MB, 4 MB goal, 0 MB stacks, 0 MB globals, 16 P
gc 7751 @46.916s 3%: 0.13+0.54+0.10 ms clock, 2.2+0.60/0.77/0.005+1.6 ms cpu, 3->4->1 MB, 4 MB goal, 0 MB stacks, 0 MB globals, 16 P
gc 7752 @46.917s 3%: 0.11+0.46+0.13 ms clock, 1.8+0.67/0.83/0+2.2 ms cpu, 3->4->1 MB, 4 MB goal, 0 MB stacks, 0 MB globals, 16 P
gc 7753 @46.919s 3%: 0.14+0.87+0.081 ms clock, 2.3+0.59/0.75/0.045+1.3 ms cpu, 3->4->2 MB, 4 MB goal, 0 MB stacks, 0 MB globals, 16 P
gc 7754 @46.921s 3%: 0.11+0.70+0.10 ms clock, 1.8+0.54/0.81/0+1.6 ms cpu, 3->4->2 MB, 4 MB goal, 0 MB stacks, 0 MB globals, 16 P
gc 7755 @46.923s 3%: 0.13+0.69+0.090 ms clock, 2.1+0.61/0.87/0.035+1.4 ms cpu, 3->4->2 MB, 4 MB goal, 0 MB stacks, 0 MB globals, 16 P
gc 7756 @46.924s 3%: 0.12+0.59+0.094 ms clock, 2.0+0.32/0.83/0.036+1.5 ms cpu, 3->4->1 MB, 4 MB goal, 0 MB stacks, 0 MB globals, 16 P
gc 7757 @46.926s 3%: 0.10+0.66+0.064 ms clock, 1.6+0.54/1.0/0.003+1.0 ms cpu, 3->4->2 MB, 4 MB goal, 0 MB stacks, 0 MB globals, 16 P
gc 7758 @46.928s 3%: 0.10+0.62+0.081 ms clock, 1.7+0.66/0.90/0+1.2 ms cpu, 3->4->2 MB, 4 MB goal, 0 MB stacks, 0 MB globals, 16 P
gc 7759 @46.930s 3%: 0.10+0.69+0.059 ms clock, 1.7+0.57/1.0/0+0.94 ms cpu, 3->4->2 MB, 4 MB goal, 0 MB stacks, 0 MB globals, 16 P
gc 7760 @46.932s 3%: 0.12+0.56+0.15 ms clock, 2.0+0.63/0.76/0.001+2.5 ms cpu, 3->4->2 MB, 4 MB goal, 0 MB stacks, 0 MB globals, 16 P
gc 7761 @46.933s 3%: 0.14+0.58+0.089 ms clock, 2.3+0.62/0.92/0+1.4 ms cpu, 3->4->1 MB, 4 MB goal, 0 MB stacks, 0 MB globals, 16 P
gc 7762 @46.935s 3%: 0.14+0.60+0.14 ms clock, 2.2+0.59/0.76/0.029+2.2 ms cpu, 3->4->2 MB, 4 MB goal, 0 MB stacks, 0 MB globals, 16 P
gc 7763 @46.937s 3%: 0.14+0.52+0.099 ms clock, 2.3+0.71/0.74/0+1.5 ms cpu, 3->4->1 MB, 4 MB goal, 0 MB stacks, 0 MB globals, 16 P
gc 7764 @46.938s 3%: 0.12+0.47+0.085 ms clock, 1.9+0.57/0.69/0.043+1.3 ms cpu, 3->4->1 MB, 4 MB goal, 0 MB stacks, 0 MB globals, 16 P
gc 7765 @46.940s 3%: 0.12+0.67+0.096 ms clock, 1.9+0.56/1.0/0+1.5 ms cpu, 3->4->2 MB, 4 MB goal, 0 MB stacks, 0 MB globals, 16 P
gc 7766 @46.942s 3%: 0.13+0.55+0.16 ms clock, 2.1+0.61/0.78/0.020+2.7 ms cpu, 3->4->1 MB, 4 MB goal, 0 MB stacks, 0 MB globals, 16 P
gc 7767 @46.943s 3%: 0.13+0.57+0.092 ms clock, 2.1+0.79/0.76/0+1.4 ms cpu, 3->4->2 MB, 4 MB goal, 0 MB stacks, 0 MB globals, 16 P
gc 7768 @46.945s 3%: 0.090+0.60+0.10 ms clock, 1.4+0.47/0.92/0.001+1.6 ms cpu, 3->4->1 MB, 4 MB goal, 0 MB stacks, 0 MB globals, 16 P
gc 7769 @46.947s 3%: 0.16+0.60+0.074 ms clock, 2.5+0.43/0.85/0.002+1.1 ms cpu, 3->4->2 MB, 4 MB goal, 0 MB stacks, 0 MB globals, 16 P
gc 7770 @46.949s 3%: 0.16+0.54+0.11 ms clock, 2.5+0.57/0.74/0.003+1.7 ms cpu, 3->4->1 MB, 4 MB goal, 0 MB stacks, 0 MB globals, 16 P
gc 7771 @46.950s 3%: 0.17+0.61+0.095 ms clock, 2.7+0.71/0.78/0+1.5 ms cpu, 3->4->2 MB, 4 MB goal, 0 MB stacks, 0 MB globals, 16 P
gc 7772 @46.952s 3%: 0.10+0.51+0.11 ms clock, 1.6+0.66/0.80/0+1.8 ms cpu, 3->4->1 MB, 4 MB goal, 0 MB stacks, 0 MB globals, 16 P
gc 7773 @46.954s 3%: 0.13+0.70+0.050 ms clock, 2.2+0.64/0.68/0.009+0.80 ms cpu, 3->4->2 MB, 4 MB goal, 0 MB stacks, 0 MB globals, 16 P
gc 7774 @46.956s 3%: 0.16+0.54+0.088 ms clock, 2.6+0.61/0.80/0+1.4 ms cpu, 3->4->1 MB, 4 MB goal, 0 MB stacks, 0 MB globals, 16 P
gc 7775 @46.957s 3%: 0.12+0.46+0.16 ms clock, 2.0+0.54/0.78/0.003+2.6 ms cpu, 3->4->1 MB, 4 MB goal, 0 MB stacks, 0 MB globals, 16 P
gc 7776 @46.959s 3%: 0.13+0.66+0.075 ms clock, 2.1+0.67/0.85/0+1.2 ms cpu, 3->4->2 MB, 4 MB goal, 0 MB stacks, 0 MB globals, 16 P
gc 7777 @46.961s 3%: 0.14+0.72+0.14 ms clock, 2.3+0.63/0.82/0+2.3 ms cpu, 3->4->2 MB, 4 MB goal, 0 MB stacks, 0 MB globals, 16 P
gc 7778 @46.963s 3%: 0.12+0.56+0.031 ms clock, 1.9+0.64/0.90/0.070+0.50 ms cpu, 3->4->1 MB, 4 MB goal, 0 MB stacks, 0 MB globals, 16 P
gc 7779 @46.964s 3%: 0.22+0.74+0.090 ms clock, 3.5+0.61/0.80/0+1.4 ms cpu, 3->4->2 MB, 4 MB goal, 0 MB stacks, 0 MB globals, 16 P
gc 7780 @46.966s 3%: 0.12+0.56+0.15 ms clock, 2.0+0.63/0.79/0.039+2.5 ms cpu, 4->4->1 MB, 4 MB goal, 0 MB stacks, 0 MB globals, 16 P
gc 7781 @46.968s 3%: 0.13+0.67+0.11 ms clock, 2.1+0.50/0.93/0.020+1.7 ms cpu, 3->4->2 MB, 4 MB goal, 0 MB stacks, 0 MB globals, 16 P
gc 7782 @46.970s 3%: 0.15+0.46+0.22 ms clock, 2.4+0.55/0.73/0.026+3.6 ms cpu, 3->4->1 MB, 4 MB goal, 0 MB stacks, 0 MB globals, 16 P
gc 7783 @46.971s 3%: 0.12+0.54+0.075 ms clock, 2.0+0.50/0.80/0+1.2 ms cpu, 3->4->1 MB, 4 MB goal, 0 MB stacks, 0 MB globals, 16 P
gc 7784 @46.973s 3%: 0.12+0.77+0.099 ms clock, 1.9+0.62/1.0/0+1.5 ms cpu, 3->4->2 MB, 4 MB goal, 0 MB stacks, 0 MB globals, 16 P
gc 7785 @46.975s 3%: 0.15+0.50+0.11 ms clock, 2.4+0.60/0.81/0+1.8 ms cpu, 3->4->1 MB, 4 MB goal, 0 MB stacks, 0 MB globals, 16 P
gc 7786 @46.976s 3%: 0.17+0.66+0.12 ms clock, 2.7+0.66/0.88/0+2.0 ms cpu, 3->4->2 MB, 4 MB goal, 0 MB stacks, 0 MB globals, 16 P
gc 7787 @46.978s 3%: 0.11+0.53+0.10 ms clock, 1.8+0.72/0.74/0+1.7 ms cpu, 3->4->1 MB, 4 MB goal, 0 MB stacks, 0 MB globals, 16 P
gc 7788 @46.980s 3%: 0.13+0.50+0.14 ms clock, 2.0+0.55/0.76/0+2.2 ms cpu, 3->4->1 MB, 4 MB goal, 0 MB stacks, 0 MB globals, 16 P
gc 7789 @46.982s 3%: 0.13+0.54+0.10 ms clock, 2.0+0.60/0.87/0.009+1.6 ms cpu, 3->4->2 MB, 4 MB goal, 0 MB stacks, 0 MB globals, 16 P
gc 7790 @46.983s 3%: 0.19+0.50+0.13 ms clock, 3.1+0.46/0.85/0+2.1 ms cpu, 3->4->1 MB, 4 MB goal, 0 MB stacks, 0 MB globals, 16 P
gc 7791 @46.985s 3%: 0.11+0.59+0.12 ms clock, 1.7+0.52/0.78/0.006+2.0 ms cpu, 3->4->1 MB, 4 MB goal, 0 MB stacks, 0 MB globals, 16 P
gc 7792 @46.987s 3%: 0.10+0.67+0.10 ms clock, 1.6+0.59/0.84/0+1.6 ms cpu, 3->4->2 MB, 4 MB goal, 0 MB stacks, 0 MB globals, 16 P
gc 7793 @46.988s 3%: 0.095+0.62+0.088 ms clock, 1.5+0.51/0.83/0+1.4 ms cpu, 3->4->2 MB, 4 MB goal, 0 MB stacks, 0 MB globals, 16 P
gc 7794 @46.990s 3%: 0.16+0.82+0.071 ms clock, 2.5+0.59/0.77/0.026+1.1 ms cpu, 3->4->2 MB, 4 MB goal, 0 MB stacks, 0 MB globals, 16 P
gc 7795 @46.992s 3%: 0.11+0.49+0.097 ms clock, 1.8+0.53/0.72/0.13+1.5 ms cpu, 3->4->1 MB, 4 MB goal, 0 MB stacks, 0 MB globals, 16 P
gc 7796 @46.994s 3%: 0.098+0.60+0.084 ms clock, 1.5+0.53/0.85/0.024+1.3 ms cpu, 3->4->1 MB, 4 MB goal, 0 MB stacks, 0 MB globals, 16 P
gc 7797 @46.995s 3%: 0.14+0.63+0.13 ms clock, 2.2+0.56/0.96/0.009+2.1 ms cpu, 3->4->2 MB, 4 MB goal, 0 MB stacks, 0 MB globals, 16 P
gc 7798 @46.997s 3%: 0.12+0.63+0.060 ms clock, 1.9+0.47/0.84/0+0.96 ms cpu, 3->4->1 MB, 4 MB goal, 0 MB stacks, 0 MB globals, 16 P
gc 7799 @46.999s 3%: 0.11+0.57+0.094 ms clock, 1.8+0.73/0.76/0+1.5 ms cpu, 3->4->1 MB, 4 MB goal, 0 MB stacks, 0 MB globals, 16 P
gc 7800 @47.000s 3%: 0.16+0.47+0.13 ms clock, 2.6+0.69/0.88/0+2.2 ms cpu, 3->4->1 MB, 4 MB goal, 0 MB stacks, 0 MB globals, 16 P
gc 7801 @47.002s 3%: 0.11+0.56+0.19 ms clock, 1.8+0.67/0.70/0.036+3.1 ms cpu, 3->4->2 MB, 4 MB goal, 0 MB stacks, 0 MB globals, 16 P
gc 7802 @47.003s 3%: 0.16+0.62+0.18 ms clock, 2.6+0.65/0.76/0+3.0 ms cpu, 3->4->2 MB, 4 MB goal, 0 MB stacks, 0 MB globals, 16 P
gc 7803 @47.005s 3%: 0.12+0.63+0.11 ms clock, 2.0+0.66/0.86/0+1.7 ms cpu, 3->4->2 MB, 4 MB goal, 0 MB stacks, 0 MB globals, 16 P
gc 7804 @47.007s 3%: 0.12+0.60+0.068 ms clock, 1.9+0.64/0.66/0+1.1 ms cpu, 3->4->1 MB, 4 MB goal, 0 MB stacks, 0 MB globals, 16 P
gc 7805 @47.009s 3%: 0.12+0.56+0.15 ms clock, 1.9+0.70/0.77/0+2.4 ms cpu, 3->4->1 MB, 4 MB goal, 0 MB stacks, 0 MB globals, 16 P
gc 7806 @47.010s 3%: 0.13+0.52+0.10 ms clock, 2.2+0.60/0.82/0+1.6 ms cpu, 3->4->1 MB, 4 MB goal, 0 MB stacks, 0 MB globals, 16 P
gc 7807 @47.012s 3%: 0.11+0.62+0.10 ms clock, 1.8+0.47/0.91/0.001+1.6 ms cpu, 3->4->2 MB, 4 MB goal, 0 MB stacks, 0 MB globals, 16 P
gc 7808 @47.014s 3%: 0.12+0.53+0.094 ms clock, 1.9+0.58/0.81/0.003+1.5 ms cpu, 3->4->1 MB, 4 MB goal, 0 MB stacks, 0 MB globals, 16 P
gc 7809 @47.016s 3%: 0.12+0.55+0.10 ms clock, 2.0+0.65/0.80/0+1.6 ms cpu, 3->4->1 MB, 4 MB goal, 0 MB stacks, 0 MB globals, 16 P
gc 7810 @47.017s 3%: 0.10+0.62+0.088 ms clock, 1.7+0.59/0.85/0+1.4 ms cpu, 3->4->1 MB, 4 MB goal, 0 MB stacks, 0 MB globals, 16 P
gc 7811 @47.019s 3%: 0.13+0.56+0.099 ms clock, 2.0+0.56/0.83/0+1.5 ms cpu, 3->4->1 MB, 4 MB goal, 0 MB stacks, 0 MB globals, 16 P
gc 7812 @47.021s 3%: 0.096+0.56+0.099 ms clock, 1.5+0.64/0.89/0+1.5 ms cpu, 3->4->1 MB, 4 MB goal, 0 MB stacks, 0 MB globals, 16 P
gc 7813 @47.022s 3%: 0.13+0.60+0.14 ms clock, 2.1+0.68/0.87/0+2.3 ms cpu, 3->4->2 MB, 4 MB goal, 0 MB stacks, 0 MB globals, 16 P
gc 7814 @47.024s 3%: 0.11+0.62+0.098 ms clock, 1.7+0.63/0.89/0+1.5 ms cpu, 3->4->1 MB, 4 MB goal, 0 MB stacks, 0 MB globals, 16 P
gc 7815 @47.026s 3%: 0.10+0.51+0.16 ms clock, 1.6+0.50/0.77/0.015+2.6 ms cpu, 3->4->1 MB, 4 MB goal, 0 MB stacks, 0 MB globals, 16 P
gc 7816 @47.027s 3%: 0.11+0.52+0.13 ms clock, 1.8+0.56/0.82/0+2.1 ms cpu, 3->4->1 MB, 4 MB goal, 0 MB stacks, 0 MB globals, 16 P
gc 7817 @47.029s 3%: 0.12+0.59+0.10 ms clock, 2.0+0.55/0.91/0+1.6 ms cpu, 3->4->2 MB, 4 MB goal, 0 MB stacks, 0 MB globals, 16 P
gc 7818 @47.031s 3%: 0.18+0.45+0.13 ms clock, 2.8+0.61/0.80/0+2.1 ms cpu, 3->4->1 MB, 4 MB goal, 0 MB stacks, 0 MB globals, 16 P
gc 7819 @47.032s 3%: 0.11+0.59+0.18 ms clock, 1.8+0.60/0.79/0+2.8 ms cpu, 3->4->2 MB, 4 MB goal, 0 MB stacks, 0 MB globals, 16 P
gc 7820 @47.034s 3%: 0.094+0.64+0.062 ms clock, 1.5+0.66/0.73/0.044+1.0 ms cpu, 3->4->1 MB, 4 MB goal, 0 MB stacks, 0 MB globals, 16 P
gc 7821 @47.036s 3%: 0.10+0.53+0.11 ms clock, 1.6+0.39/0.84/0+1.8 ms cpu, 3->4->1 MB, 4 MB goal, 0 MB stacks, 0 MB globals, 16 P
gc 7822 @47.037s 3%: 0.11+0.62+0.090 ms clock, 1.8+0.54/0.80/0.040+1.4 ms cpu, 3->4->1 MB, 4 MB goal, 0 MB stacks, 0 MB globals, 16 P
gc 7823 @47.039s 3%: 0.12+0.67+0.12 ms clock, 2.0+0.53/0.60/0.080+1.9 ms cpu, 3->4->1 MB, 4 MB goal, 0 MB stacks, 0 MB globals, 16 P
gc 7824 @47.040s 3%: 0.17+0.55+0.091 ms clock, 2.7+0.69/0.92/0+1.4 ms cpu, 3->4->2 MB, 4 MB goal, 0 MB stacks, 0 MB globals, 16 P
gc 7825 @47.042s 3%: 0.12+0.76+0.13 ms clock, 2.0+0.64/0.72/0.001+2.2 ms cpu, 3->4->2 MB, 4 MB goal, 0 MB stacks, 0 MB globals, 16 P
gc 7826 @47.044s 3%: 0.18+0.68+0.099 ms clock, 3.0+0.56/0.89/0.002+1.5 ms cpu, 3->4->2 MB, 4 MB goal, 0 MB stacks, 0 MB globals, 16 P
gc 7827 @47.046s 3%: 0.13+0.69+0.13 ms clock, 2.1+0.62/0.92/0+2.1 ms cpu, 3->4->2 MB, 4 MB goal, 0 MB stacks, 0 MB globals, 16 P
gc 7828 @47.048s 3%: 0.096+0.64+0.076 ms clock, 1.5+0.56/0.73/0.086+1.2 ms cpu, 3->4->2 MB, 4 MB goal, 0 MB stacks, 0 MB globals, 16 P
gc 7829 @47.049s 3%: 0.11+0.72+0.10 ms clock, 1.9+0.49/0.96/0.005+1.6 ms cpu, 3->4->2 MB, 4 MB goal, 0 MB stacks, 0 MB globals, 16 P
gc 7830 @47.051s 3%: 0.13+0.75+0.093 ms clock, 2.2+0.55/0.73/0+1.4 ms cpu, 3->4->2 MB, 4 MB goal, 0 MB stacks, 0 MB globals, 16 P
gc 7831 @47.053s 3%: 0.11+0.50+0.16 ms clock, 1.8+0.72/0.80/0+2.6 ms cpu, 3->4->1 MB, 4 MB goal, 0 MB stacks, 0 MB globals, 16 P
gc 7832 @47.055s 3%: 0.13+0.43+0.21 ms clock, 2.1+0.57/0.70/0+3.3 ms cpu, 3->4->1 MB, 4 MB goal, 0 MB stacks, 0 MB globals, 16 P
gc 7833 @47.056s 3%: 0.10+0.64+0.12 ms clock, 1.7+0.72/0.89/0+1.9 ms cpu, 3->4->2 MB, 4 MB goal, 0 MB stacks, 0 MB globals, 16 P
gc 7834 @47.058s 3%: 0.18+0.69+0.098 ms clock, 2.9+0.70/1.0/0+1.5 ms cpu, 3->4->2 MB, 4 MB goal, 0 MB stacks, 0 MB globals, 16 P
gc 7835 @47.060s 3%: 0.12+0.65+0.096 ms clock, 1.9+0.70/0.87/0.021+1.5 ms cpu, 3->4->2 MB, 4 MB goal, 0 MB stacks, 0 MB globals, 16 P
gc 7836 @47.062s 3%: 0.10+0.48+0.10 ms clock, 1.7+0.62/0.76/0+1.6 ms cpu, 3->4->1 MB, 4 MB goal, 0 MB stacks, 0 MB globals, 16 P
gc 7837 @47.063s 3%: 0.13+0.76+0.14 ms clock, 2.1+0.56/0.96/0.029+2.3 ms cpu, 3->4->2 MB, 4 MB goal, 0 MB stacks, 0 MB globals, 16 P
gc 7838 @47.065s 3%: 0.13+0.74+0.087 ms clock, 2.0+0.67/0.73/0.011+1.3 ms cpu, 3->4->2 MB, 4 MB goal, 0 MB stacks, 0 MB globals, 16 P
gc 7839 @47.067s 3%: 0.16+0.66+0.11 ms clock, 2.6+0.56/0.82/0.002+1.8 ms cpu, 3->4->2 MB, 4 MB goal, 0 MB stacks, 0 MB globals, 16 P
gc 7840 @47.069s 3%: 0.17+0.59+0.19 ms clock, 2.8+0.73/0.92/0+3.0 ms cpu, 3->4->2 MB, 4 MB goal, 0 MB stacks, 0 MB globals, 16 P
gc 7841 @47.071s 3%: 0.10+0.48+0.19 ms clock, 1.6+0.65/0.76/0+3.0 ms cpu, 3->4->1 MB, 4 MB goal, 0 MB stacks, 0 MB globals, 16 P
gc 7842 @47.072s 3%: 0.12+0.45+0.10 ms clock, 2.0+0.62/0.72/0+1.7 ms cpu, 3->4->1 MB, 4 MB goal, 0 MB stacks, 0 MB globals, 16 P
gc 7843 @47.074s 3%: 0.14+0.76+0.066 ms clock, 2.2+0.67/0.95/0+1.0 ms cpu, 3->4->2 MB, 4 MB goal, 0 MB stacks, 0 MB globals, 16 P
gc 7844 @47.076s 3%: 0.11+0.56+0.080 ms clock, 1.8+0.55/0.96/0.065+1.2 ms cpu, 4->4->1 MB, 4 MB goal, 0 MB stacks, 0 MB globals, 16 P
gc 7845 @47.077s 3%: 0.12+0.66+0.086 ms clock, 1.9+0.59/0.96/0+1.3 ms cpu, 3->4->1 MB, 4 MB goal, 0 MB stacks, 0 MB globals, 16 P
gc 7846 @47.079s 3%: 0.14+0.46+0.20 ms clock, 2.3+0.70/0.76/0+3.2 ms cpu, 3->4->1 MB, 4 MB goal, 0 MB stacks, 0 MB globals, 16 P
gc 7847 @47.081s 3%: 0.10+0.60+0.10 ms clock, 1.7+0.47/0.93/0.012+1.6 ms cpu, 3->4->1 MB, 4 MB goal, 0 MB stacks, 0 MB globals, 16 P
gc 7848 @47.082s 3%: 0.12+0.61+0.12 ms clock, 1.9+0.63/0.87/0+2.0 ms cpu, 3->4->2 MB, 4 MB goal, 0 MB stacks, 0 MB globals, 16 P
gc 7849 @47.084s 3%: 0.12+0.54+0.22 ms clock, 1.9+0.60/0.86/0.013+3.5 ms cpu, 3->4->1 MB, 4 MB goal, 0 MB stacks, 0 MB globals, 16 P
gc 7850 @47.086s 3%: 0.12+0.66+0.11 ms clock, 1.9+0.67/0.83/0.063+1.8 ms cpu, 3->4->2 MB, 4 MB goal, 0 MB stacks, 0 MB globals, 16 P
gc 7851 @47.088s 3%: 0.14+0.69+0.12 ms clock, 2.3+0.47/1.0/0.006+2.0 ms cpu, 3->4->2 MB, 4 MB goal, 0 MB stacks, 0 MB globals, 16 P
gc 7852 @47.090s 3%: 0.087+0.64+0.082 ms clock, 1.3+0.57/0.84/0.021+1.3 ms cpu, 3->4->2 MB, 4 MB goal, 0 MB stacks, 0 MB globals, 16 P
gc 7853 @47.091s 3%: 0.13+0.52+0.14 ms clock, 2.2+0.58/0.87/0+2.2 ms cpu, 3->4->1 MB, 4 MB goal, 0 MB stacks, 0 MB globals, 16 P
gc 7854 @47.093s 3%: 0.10+0.59+0.16 ms clock, 1.7+0.36/0.90/0.018+2.5 ms cpu, 3->4->1 MB, 4 MB goal, 0 MB stacks, 0 MB globals, 16 P
gc 7855 @47.095s 3%: 0.19+0.53+0.16 ms clock, 3.0+0.68/0.78/0+2.6 ms cpu, 3->4->2 MB, 4 MB goal, 0 MB stacks, 0 MB globals, 16 P
gc 7856 @47.097s 3%: 0.12+0.39+0.12 ms clock, 1.9+0.51/0.68/0.10+1.9 ms cpu, 3->4->1 MB, 4 MB goal, 0 MB stacks, 0 MB globals, 16 P
gc 7857 @47.098s 3%: 0.12+0.63+0.063 ms clock, 2.0+0.52/0.84/0+1.0 ms cpu, 3->4->1 MB, 4 MB goal, 0 MB stacks, 0 MB globals, 16 P
gc 7858 @47.099s 3%: 0.11+0.75+0.084 ms clock, 1.9+0.65/0.81/0+1.3 ms cpu, 3->4->2 MB, 4 MB goal, 0 MB stacks, 0 MB globals, 16 P
gc 7859 @47.101s 3%: 0.10+0.54+0.15 ms clock, 1.6+0.75/0.74/0+2.5 ms cpu, 3->4->1 MB, 4 MB goal, 0 MB stacks, 0 MB globals, 16 P
gc 7860 @47.103s 3%: 0.12+0.46+0.11 ms clock, 2.0+0.52/0.76/0.10+1.7 ms cpu, 3->3->1 MB, 4 MB goal, 0 MB stacks, 0 MB globals, 16 P
gc 7861 @47.104s 3%: 0.16+0.61+0.076 ms clock, 2.6+0.60/0.99/0+1.2 ms cpu, 3->4->2 MB, 4 MB goal, 0 MB stacks, 0 MB globals, 16 P
gc 7862 @47.106s 3%: 0.11+0.72+0.093 ms clock, 1.8+0.68/0.84/0+1.4 ms cpu, 3->4->2 MB, 4 MB goal, 0 MB stacks, 0 MB globals, 16 P
gc 7863 @47.108s 3%: 0.13+0.53+0.10 ms clock, 2.1+0.59/0.90/0.001+1.6 ms cpu, 3->4->2 MB, 4 MB goal, 0 MB stacks, 0 MB globals, 16 P
gc 7864 @47.109s 3%: 0.18+0.45+0.11 ms clock, 2.9+0.58/0.84/0.011+1.7 ms cpu, 3->4->1 MB, 4 MB goal, 0 MB stacks, 0 MB globals, 16 P
gc 7865 @47.111s 3%: 0.14+0.48+0.098 ms clock, 2.3+0.68/0.80/0+1.5 ms cpu, 3->4->1 MB, 4 MB goal, 0 MB stacks, 0 MB globals, 16 P
gc 7866 @47.113s 3%: 0.15+0.56+0.10 ms clock, 2.4+0.59/0.83/0+1.7 ms cpu, 3->4->2 MB, 4 MB goal, 0 MB stacks, 0 MB globals, 16 P
gc 7867 @47.115s 3%: 0.11+0.50+0.22 ms clock, 1.8+0.60/0.84/0+3.6 ms cpu, 3->4->1 MB, 4 MB goal, 0 MB stacks, 0 MB globals, 16 P
gc 7868 @47.116s 3%: 0.15+0.65+0.14 ms clock, 2.5+0.46/0.82/0.060+2.2 ms cpu, 3->4->1 MB, 4 MB goal, 0 MB stacks, 0 MB globals, 16 P
gc 7869 @47.118s 3%: 0.14+0.55+0.11 ms clock, 2.3+0.54/0.93/0+1.7 ms cpu, 3->4->2 MB, 4 MB goal, 0 MB stacks, 0 MB globals, 16 P
gc 7870 @47.120s 3%: 0.12+0.56+0.12 ms clock, 2.0+0.59/0.89/0+1.9 ms cpu, 3->4->2 MB, 4 MB goal, 0 MB stacks, 0 MB globals, 16 P
gc 7871 @47.121s 3%: 0.10+0.60+0.057 ms clock, 1.7+0.76/0.69/0+0.91 ms cpu, 3->4->1 MB, 4 MB goal, 0 MB stacks, 0 MB globals, 16 P
gc 7872 @47.123s 3%: 0.11+0.66+0.10 ms clock, 1.8+0.56/0.89/0.001+1.6 ms cpu, 3->4->2 MB, 4 MB goal, 0 MB stacks, 0 MB globals, 16 P
gc 7873 @47.125s 3%: 0.11+0.65+0.080 ms clock, 1.7+0.61/0.81/0+1.2 ms cpu, 3->4->1 MB, 4 MB goal, 0 MB stacks, 0 MB globals, 16 P
gc 7874 @47.126s 3%: 0.11+0.52+0.088 ms clock, 1.7+0.60/0.80/0.038+1.4 ms cpu, 3->4->1 MB, 4 MB goal, 0 MB stacks, 0 MB globals, 16 P
gc 7875 @47.128s 3%: 0.10+0.72+0.093 ms clock, 1.6+0.47/0.82/0.066+1.4 ms cpu, 3->4->2 MB, 4 MB goal, 0 MB stacks, 0 MB globals, 16 P
gc 7876 @47.130s 3%: 0.12+0.56+0.15 ms clock, 2.0+0.55/0.85/0.027+2.5 ms cpu, 3->4->1 MB, 4 MB goal, 0 MB stacks, 0 MB globals, 16 P
gc 7877 @47.131s 3%: 0.099+0.50+0.11 ms clock, 1.5+0.54/0.83/0+1.8 ms cpu, 3->4->1 MB, 4 MB goal, 0 MB stacks, 0 MB globals, 16 P
gc 7878 @47.133s 3%: 0.12+0.64+0.097 ms clock, 2.0+0.55/0.85/0.036+1.5 ms cpu, 3->4->2 MB, 4 MB goal, 0 MB stacks, 0 MB globals, 16 P
gc 7879 @47.135s 3%: 0.11+0.57+0.094 ms clock, 1.8+0.59/0.86/0+1.5 ms cpu, 3->4->1 MB, 4 MB goal, 0 MB stacks, 0 MB globals, 16 P
gc 7880 @47.136s 3%: 0.090+0.81+0.098 ms clock, 1.4+0.60/0.88/0.11+1.5 ms cpu, 3->4->2 MB, 4 MB goal, 0 MB stacks, 0 MB globals, 16 P
gc 7881 @47.138s 3%: 0.11+0.77+0.098 ms clock, 1.7+0.65/0.75/0.053+1.5 ms cpu, 3->4->2 MB, 4 MB goal, 0 MB stacks, 0 MB globals, 16 P
gc 7882 @47.140s 3%: 0.10+0.60+0.088 ms clock, 1.6+0.46/0.85/0+1.4 ms cpu, 3->4->1 MB, 4 MB goal, 0 MB stacks, 0 MB globals, 16 P
gc 7883 @47.142s 3%: 0.13+0.39+0.16 ms clock, 2.1+0.62/0.77/0+2.6 ms cpu, 3->4->1 MB, 4 MB goal, 0 MB stacks, 0 MB globals, 16 P
gc 7884 @47.143s 3%: 0.17+0.59+0.15 ms clock, 2.8+0.60/0.86/0.001+2.4 ms cpu, 3->4->2 MB, 4 MB goal, 0 MB stacks, 0 MB globals, 16 P
gc 7885 @47.145s 3%: 0.12+0.60+0.10 ms clock, 2.0+0.61/0.84/0+1.7 ms cpu, 3->4->1 MB, 4 MB goal, 0 MB stacks, 0 MB globals, 16 P
gc 7886 @47.147s 3%: 0.13+0.64+0.066 ms clock, 2.2+0.68/0.80/0+1.0 ms cpu, 3->4->1 MB, 4 MB goal, 0 MB stacks, 0 MB globals, 16 P
gc 7887 @47.148s 3%: 0.13+0.61+0.11 ms clock, 2.1+0.78/0.66/0+1.8 ms cpu, 3->4->1 MB, 4 MB goal, 0 MB stacks, 0 MB globals, 16 P
gc 7888 @47.150s 3%: 0.10+0.52+0.11 ms clock, 1.6+0.46/0.88/0.002+1.7 ms cpu, 3->4->1 MB, 4 MB goal, 0 MB stacks, 0 MB globals, 16 P
gc 7889 @47.152s 3%: 0.20+0.71+0.16 ms clock, 3.2+0.66/1.0/0+2.6 ms cpu, 3->4->2 MB, 4 MB goal, 0 MB stacks, 0 MB globals, 16 P
gc 7890 @47.154s 3%: 0.10+0.60+0.090 ms clock, 1.7+0.48/0.81/0+1.4 ms cpu, 4->4->1 MB, 4 MB goal, 0 MB stacks, 0 MB globals, 16 P
gc 7891 @47.155s 3%: 0.099+0.56+0.13 ms clock, 1.5+0.42/0.83/0+2.1 ms cpu, 3->4->1 MB, 4 MB goal, 0 MB stacks, 0 MB globals, 16 P
gc 7892 @47.157s 3%: 0.14+0.70+0.10 ms clock, 2.2+0.72/0.84/0+1.6 ms cpu, 3->4->2 MB, 4 MB goal, 0 MB stacks, 0 MB globals, 16 P
gc 7893 @47.159s 3%: 0.11+0.67+0.10 ms clock, 1.8+0.57/0.84/0+1.6 ms cpu, 3->4->2 MB, 4 MB goal, 0 MB stacks, 0 MB globals, 16 P
gc 7894 @47.161s 3%: 0.13+0.55+0.097 ms clock, 2.2+0.56/0.85/0+1.5 ms cpu, 3->4->1 MB, 4 MB goal, 0 MB stacks, 0 MB globals, 16 P
gc 7895 @47.162s 3%: 0.10+0.62+0.094 ms clock, 1.7+0.74/0.76/0+1.5 ms cpu, 3->4->1 MB, 4 MB goal, 0 MB stacks, 0 MB globals, 16 P
gc 7896 @47.164s 3%: 0.19+0.52+0.15 ms clock, 3.1+0.73/0.81/0+2.4 ms cpu, 3->4->2 MB, 4 MB goal, 0 MB stacks, 0 MB globals, 16 P
gc 7897 @47.166s 3%: 0.15+0.42+0.16 ms clock, 2.4+0.58/0.74/0+2.6 ms cpu, 3->4->1 MB, 4 MB goal, 0 MB stacks, 0 MB globals, 16 P
gc 7898 @47.167s 3%: 0.12+0.42+0.16 ms clock, 1.9+0.60/0.77/0.022+2.6 ms cpu, 3->3->1 MB, 4 MB goal, 0 MB stacks, 0 MB globals, 16 P
gc 7899 @47.169s 3%: 0.12+0.58+0.11 ms clock, 2.0+0.67/0.76/0+1.8 ms cpu, 3->4->1 MB, 4 MB goal, 0 MB stacks, 0 MB globals, 16 P
gc 7900 @47.170s 3%: 0.10+0.52+0.082 ms clock, 1.6+0.62/0.80/0+1.3 ms cpu, 3->4->1 MB, 4 MB goal, 0 MB stacks, 0 MB globals, 16 P
gc 7901 @47.172s 3%: 0.10+0.58+0.077 ms clock, 1.7+0.59/0.86/0.033+1.2 ms cpu, 3->4->1 MB, 4 MB goal, 0 MB stacks, 0 MB globals, 16 P
gc 7902 @47.173s 3%: 0.14+0.61+0.12 ms clock, 2.3+0.45/0.78/0+1.9 ms cpu, 3->4->1 MB, 4 MB goal, 0 MB stacks, 0 MB globals, 16 P
gc 7903 @47.175s 3%: 0.14+0.61+0.10 ms clock, 2.2+0.67/1.0/0.016+1.7 ms cpu, 3->4->1 MB, 4 MB goal, 0 MB stacks, 0 MB globals, 16 P
gc 7904 @47.177s 3%: 0.15+0.52+0.15 ms clock, 2.4+0.75/0.91/0+2.5 ms cpu, 3->4->1 MB, 4 MB goal, 0 MB stacks, 0 MB globals, 16 P
gc 7905 @47.178s 3%: 0.12+0.76+0.12 ms clock, 1.9+0.76/0.98/0+1.9 ms cpu, 3->4->2 MB, 4 MB goal, 0 MB stacks, 0 MB globals, 16 P
gc 7906 @47.181s 3%: 0.091+0.66+0.14 ms clock, 1.4+0.57/0.77/0.026+2.3 ms cpu, 4->4->2 MB, 4 MB goal, 0 MB stacks, 0 MB globals, 16 P
gc 7907 @47.182s 3%: 0.15+0.63+0.10 ms clock, 2.4+0.63/1.0/0.034+1.7 ms cpu, 3->4->2 MB, 4 MB goal, 0 MB stacks, 0 MB globals, 16 P
gc 7908 @47.184s 3%: 0.18+0.81+0.11 ms clock, 2.9+0.75/0.81/0.007+1.7 ms cpu, 3->4->2 MB, 4 MB goal, 0 MB stacks, 0 MB globals, 16 P
gc 7909 @47.186s 3%: 0.15+0.55+0.12 ms clock, 2.4+0.54/0.86/0+2.0 ms cpu, 3->4->1 MB, 4 MB goal, 0 MB stacks, 0 MB globals, 16 P
gc 7910 @47.188s 3%: 0.16+0.57+0.081 ms clock, 2.5+0.63/0.87/0+1.3 ms cpu, 3->4->2 MB, 4 MB goal, 0 MB stacks, 0 MB globals, 16 P
gc 7911 @47.190s 3%: 0.12+0.50+0.11 ms clock, 1.9+0.72/0.71/0.023+1.8 ms cpu, 3->4->1 MB, 4 MB goal, 0 MB stacks, 0 MB globals, 16 P
gc 7912 @47.191s 3%: 0.15+0.57+0.13 ms clock, 2.4+0.56/0.83/0.036+2.1 ms cpu, 3->4->1 MB, 4 MB goal, 0 MB stacks, 0 MB globals, 16 P
gc 7913 @47.193s 3%: 0.15+0.54+0.16 ms clock, 2.4+0.65/0.94/0+2.6 ms cpu, 3->4->1 MB, 4 MB goal, 0 MB stacks, 0 MB globals, 16 P
gc 7914 @47.195s 3%: 0.13+0.51+0.17 ms clock, 2.2+0.51/0.76/0.002+2.7 ms cpu, 3->4->1 MB, 4 MB goal, 0 MB stacks, 0 MB globals, 16 P
gc 7915 @47.196s 3%: 0.14+0.54+0.17 ms clock, 2.3+0.55/0.82/0.005+2.8 ms cpu, 3->4->2 MB, 4 MB goal, 0 MB stacks, 0 MB globals, 16 P
gc 7916 @47.198s 3%: 0.13+0.61+0.11 ms clock, 2.1+0.53/0.84/0.045+1.7 ms cpu, 3->4->1 MB, 4 MB goal, 0 MB stacks, 0 MB globals, 16 P
gc 7917 @47.200s 3%: 0.13+0.61+0.12 ms clock, 2.1+0.64/0.78/0+1.9 ms cpu, 3->4->1 MB, 4 MB goal, 0 MB stacks, 0 MB globals, 16 P
gc 7918 @47.201s 3%: 0.17+0.49+0.11 ms clock, 2.8+0.58/0.85/0+1.8 ms cpu, 3->4->1 MB, 4 MB goal, 0 MB stacks, 0 MB globals, 16 P
gc 7919 @47.203s 3%: 0.12+0.57+0.099 ms clock, 1.9+0.57/0.97/0.012+1.5 ms cpu, 3->4->1 MB, 4 MB goal, 0 MB stacks, 0 MB globals, 16 P
gc 7920 @47.205s 3%: 0.13+0.55+0.18 ms clock, 2.2+0.56/0.85/0+2.9 ms cpu, 3->4->2 MB, 4 MB goal, 0 MB stacks, 0 MB globals, 16 P
gc 7921 @47.206s 3%: 0.12+0.45+0.077 ms clock, 2.0+0.84/0.86/0.001+1.2 ms cpu, 3->4->1 MB, 4 MB goal, 0 MB stacks, 0 MB globals, 16 P
gc 7922 @47.208s 3%: 0.12+0.51+0.12 ms clock, 2.0+0.71/0.84/0+2.0 ms cpu, 3->4->1 MB, 4 MB goal, 0 MB stacks, 0 MB globals, 16 P
gc 7923 @47.209s 3%: 0.14+0.54+0.14 ms clock, 2.3+0.53/0.75/0.002+2.2 ms cpu, 3->4->1 MB, 4 MB goal, 0 MB stacks, 0 MB globals, 16 P
gc 7924 @47.211s 3%: 0.15+0.59+0.13 ms clock, 2.4+0.50/0.89/0+2.1 ms cpu, 3->4->2 MB, 4 MB goal, 0 MB stacks, 0 MB globals, 16 P
gc 7925 @47.213s 3%: 0.13+0.63+0.13 ms clock, 2.0+0.58/0.86/0.001+2.1 ms cpu, 3->4->2 MB, 4 MB goal, 0 MB stacks, 0 MB globals, 16 P
gc 7926 @47.215s 3%: 0.14+0.70+0.097 ms clock, 2.2+0.64/1.0/0.008+1.5 ms cpu, 3->4->2 MB, 4 MB goal, 0 MB stacks, 0 MB globals, 16 P
gc 7927 @47.217s 3%: 0.12+0.48+0.17 ms clock, 1.9+0.68/0.75/0.011+2.8 ms cpu, 3->4->1 MB, 4 MB goal, 0 MB stacks, 0 MB globals, 16 P
gc 7928 @47.218s 3%: 0.16+0.53+0.079 ms clock, 2.7+0.72/0.77/0+1.2 ms cpu, 3->4->2 MB, 4 MB goal, 0 MB stacks, 0 MB globals, 16 P
gc 7929 @47.220s 3%: 0.11+0.75+0.063 ms clock, 1.9+0.64/0.77/0.001+1.0 ms cpu, 3->4->2 MB, 4 MB goal, 0 MB stacks, 0 MB globals, 16 P
gc 7930 @47.222s 3%: 0.13+0.62+0.089 ms clock, 2.1+0.62/0.89/0.014+1.4 ms cpu, 3->4->2 MB, 4 MB goal, 0 MB stacks, 0 MB globals, 16 P
gc 7931 @47.224s 3%: 0.14+0.62+0.13 ms clock, 2.3+0.46/0.98/0.012+2.0 ms cpu, 3->4->2 MB, 4 MB goal, 0 MB stacks, 0 MB globals, 16 P
gc 7932 @47.226s 3%: 0.10+0.66+0.14 ms clock, 1.6+0.38/0.94/0.011+2.3 ms cpu, 3->4->2 MB, 4 MB goal, 0 MB stacks, 0 MB globals, 16 P
gc 7933 @47.227s 3%: 0.15+0.80+0.083 ms clock, 2.4+0.46/0.87/0+1.3 ms cpu, 3->4->2 MB, 4 MB goal, 0 MB stacks, 0 MB globals, 16 P
gc 7934 @47.229s 3%: 0.12+0.76+0.10 ms clock, 1.9+0.51/0.88/0.007+1.6 ms cpu, 3->4->2 MB, 4 MB goal, 0 MB stacks, 0 MB globals, 16 P
gc 7935 @47.231s 3%: 0.12+0.57+0.097 ms clock, 2.0+0.63/0.80/0.006+1.5 ms cpu, 3->4->1 MB, 4 MB goal, 0 MB stacks, 0 MB globals, 16 P
gc 7936 @47.233s 3%: 0.11+0.64+0.085 ms clock, 1.8+0.41/0.73/0.029+1.3 ms cpu, 3->4->1 MB, 4 MB goal, 0 MB stacks, 0 MB globals, 16 P
gc 7937 @47.234s 3%: 0.12+0.57+0.11 ms clock, 1.9+0.60/0.92/0.016+1.7 ms cpu, 3->4->1 MB, 4 MB goal, 0 MB stacks, 0 MB globals, 16 P
gc 7938 @47.236s 3%: 0.14+0.54+0.12 ms clock, 2.3+0.59/0.75/0+2.0 ms cpu, 3->4->1 MB, 4 MB goal, 0 MB stacks, 0 MB globals, 16 P
gc 7939 @47.238s 3%: 0.14+0.54+0.10 ms clock, 2.3+0.55/0.87/0+1.7 ms cpu, 3->4->2 MB, 4 MB goal, 0 MB stacks, 0 MB globals, 16 P
gc 7940 @47.239s 3%: 0.15+0.48+0.10 ms clock, 2.4+0.63/0.76/0+1.6 ms cpu, 3->4->1 MB, 4 MB goal, 0 MB stacks, 0 MB globals, 16 P
gc 7941 @47.241s 3%: 0.13+0.53+0.12 ms clock, 2.1+0.46/0.74/0.12+1.9 ms cpu, 3->4->1 MB, 4 MB goal, 0 MB stacks, 0 MB globals, 16 P
gc 7942 @47.243s 3%: 0.18+0.55+0.10 ms clock, 3.0+0.69/0.78/0+1.6 ms cpu, 3->4->2 MB, 4 MB goal, 0 MB stacks, 0 MB globals, 16 P
gc 7943 @47.244s 3%: 0.11+0.47+0.19 ms clock, 1.8+0.69/0.73/0+3.0 ms cpu, 3->4->1 MB, 4 MB goal, 0 MB stacks, 0 MB globals, 16 P
gc 7944 @47.246s 3%: 0.19+0.57+0.090 ms clock, 3.1+0.52/0.93/0.014+1.4 ms cpu, 3->4->1 MB, 4 MB goal, 0 MB stacks, 0 MB globals, 16 P
gc 7945 @47.247s 3%: 0.14+0.69+0.11 ms clock, 2.3+0.64/0.81/0.004+1.7 ms cpu, 3->4->2 MB, 4 MB goal, 0 MB stacks, 0 MB globals, 16 P
gc 7946 @47.249s 3%: 0.11+0.61+0.10 ms clock, 1.9+0.49/0.91/0+1.7 ms cpu, 4->4->2 MB, 4 MB goal, 0 MB stacks, 0 MB globals, 16 P
gc 7947 @47.251s 3%: 0.11+0.58+0.075 ms clock, 1.8+0.52/0.88/0+1.2 ms cpu, 3->4->1 MB, 4 MB goal, 0 MB stacks, 0 MB globals, 16 P
gc 7948 @47.253s 3%: 0.11+0.64+0.083 ms clock, 1.9+0.67/0.69/0+1.3 ms cpu, 3->4->1 MB, 4 MB goal, 0 MB stacks, 0 MB globals, 16 P
gc 7949 @47.255s 3%: 0.19+0.67+0.10 ms clock, 3.1+0.56/0.81/0+1.7 ms cpu, 3->4->2 MB, 4 MB goal, 0 MB stacks, 0 MB globals, 16 P
gc 7950 @47.256s 3%: 0.075+0.63+0.10 ms clock, 1.2+0.55/0.75/0.023+1.7 ms cpu, 3->4->1 MB, 4 MB goal, 0 MB stacks, 0 MB globals, 16 P
gc 7951 @47.258s 3%: 0.11+0.63+0.10 ms clock, 1.8+0.50/0.94/0.007+1.6 ms cpu, 3->4->2 MB, 4 MB goal, 0 MB stacks, 0 MB globals, 16 P
gc 7952 @47.260s 3%: 0.13+0.79+0.10 ms clock, 2.1+0.48/0.96/0.001+1.7 ms cpu, 3->4->2 MB, 4 MB goal, 0 MB stacks, 0 MB globals, 16 P
gc 7953 @47.262s 3%: 0.11+0.54+0.13 ms clock, 1.7+0.62/0.86/0+2.1 ms cpu, 3->4->1 MB, 4 MB goal, 0 MB stacks, 0 MB globals, 16 P
gc 7954 @47.263s 3%: 0.15+0.50+0.11 ms clock, 2.4+0.63/0.75/0.002+1.8 ms cpu, 3->4->1 MB, 4 MB goal, 0 MB stacks, 0 MB globals, 16 P
gc 7955 @47.265s 3%: 0.12+0.53+0.14 ms clock, 2.0+0.56/0.87/0+2.2 ms cpu, 3->4->1 MB, 4 MB goal, 0 MB stacks, 0 MB globals, 16 P
gc 7956 @47.267s 3%: 0.11+0.68+0.10 ms clock, 1.7+0.55/0.93/0+1.6 ms cpu, 3->4->2 MB, 4 MB goal, 0 MB stacks, 0 MB globals, 16 P
gc 7957 @47.269s 3%: 0.16+0.58+0.079 ms clock, 2.6+0.55/1.0/0+1.2 ms cpu, 3->4->2 MB, 4 MB goal, 0 MB stacks, 0 MB globals, 16 P
gc 7958 @47.270s 3%: 0.099+0.52+0.10 ms clock, 1.5+0.66/0.72/0+1.6 ms cpu, 3->4->1 MB, 4 MB goal, 0 MB stacks, 0 MB globals, 16 P
gc 7959 @47.272s 3%: 0.10+0.60+0.091 ms clock, 1.6+0.58/0.83/0.010+1.4 ms cpu, 3->4->1 MB, 4 MB goal, 0 MB stacks, 0 MB globals, 16 P
gc 7960 @47.274s 3%: 0.076+0.60+0.086 ms clock, 1.2+0.58/0.97/0.001+1.3 ms cpu, 3->4->1 MB, 4 MB goal, 0 MB stacks, 0 MB globals, 16 P
gc 7961 @47.275s 3%: 0.15+0.72+0.090 ms clock, 2.5+0.66/0.79/0+1.4 ms cpu, 3->4->2 MB, 4 MB goal, 0 MB stacks, 0 MB globals, 16 P
gc 7962 @47.277s 3%: 0.13+0.47+0.15 ms clock, 2.1+0.71/0.87/0.004+2.5 ms cpu, 3->4->1 MB, 4 MB goal, 0 MB stacks, 0 MB globals, 16 P
gc 7963 @47.279s 3%: 0.14+0.67+0.084 ms clock, 2.2+0.70/0.99/0+1.3 ms cpu, 3->4->2 MB, 4 MB goal, 0 MB stacks, 0 MB globals, 16 P
gc 7964 @47.281s 3%: 0.073+0.52+0.068 ms clock, 1.1+0.50/0.85/0.010+1.0 ms cpu, 3->4->1 MB, 4 MB goal, 0 MB stacks, 0 MB globals, 16 P
gc 7965 @47.282s 3%: 0.18+0.62+0.13 ms clock, 2.9+0.62/0.97/0+2.1 ms cpu, 3->4->2 MB, 4 MB goal, 0 MB stacks, 0 MB globals, 16 P
gc 7966 @47.284s 3%: 0.11+0.61+0.15 ms clock, 1.8+0.57/0.93/0+2.5 ms cpu, 3->4->1 MB, 4 MB goal, 0 MB stacks, 0 MB globals, 16 P
gc 7967 @47.286s 3%: 0.13+0.81+0.13 ms clock, 2.1+0.76/1.0/0+2.1 ms cpu, 3->4->2 MB, 4 MB goal, 0 MB stacks, 0 MB globals, 16 P
gc 7968 @47.288s 3%: 0.11+0.51+0.071 ms clock, 1.8+0.53/0.89/0+1.1 ms cpu, 4->4->1 MB, 4 MB goal, 0 MB stacks, 0 MB globals, 16 P
gc 7969 @47.289s 3%: 0.15+0.54+0.095 ms clock, 2.4+0.50/0.89/0.024+1.5 ms cpu, 3->4->1 MB, 4 MB goal, 0 MB stacks, 0 MB globals, 16 P
gc 7970 @47.291s 3%: 0.11+0.64+0.12 ms clock, 1.8+0.67/0.87/0+1.9 ms cpu, 3->4->2 MB, 4 MB goal, 0 MB stacks, 0 MB globals, 16 P
gc 7971 @47.293s 3%: 0.11+0.50+0.091 ms clock, 1.9+0.59/0.82/0+1.4 ms cpu, 3->4->1 MB, 4 MB goal, 0 MB stacks, 0 MB globals, 16 P
gc 7972 @47.294s 3%: 0.19+0.62+0.067 ms clock, 3.1+0.75/0.89/0+1.0 ms cpu, 3->4->2 MB, 4 MB goal, 0 MB stacks, 0 MB globals, 16 P
gc 7973 @47.296s 3%: 0.12+0.54+0.11 ms clock, 1.9+0.54/0.82/0+1.8 ms cpu, 3->4->1 MB, 4 MB goal, 0 MB stacks, 0 MB globals, 16 P
gc 7974 @47.298s 3%: 0.12+0.53+0.072 ms clock, 2.0+0.53/0.88/0+1.1 ms cpu, 3->4->1 MB, 4 MB goal, 0 MB stacks, 0 MB globals, 16 P
gc 7975 @47.299s 3%: 0.10+0.52+0.11 ms clock, 1.7+0.64/0.83/0+1.7 ms cpu, 3->4->2 MB, 4 MB goal, 0 MB stacks, 0 MB globals, 16 P
gc 7976 @47.301s 3%: 0.18+0.55+0.13 ms clock, 3.0+0.71/0.83/0+2.1 ms cpu, 3->4->2 MB, 4 MB goal, 0 MB stacks, 0 MB globals, 16 P
gc 7977 @47.303s 3%: 0.12+0.57+0.16 ms clock, 1.9+0.58/0.85/0+2.5 ms cpu, 3->4->1 MB, 4 MB goal, 0 MB stacks, 0 MB globals, 16 P
gc 7978 @47.304s 3%: 0.12+0.59+0.082 ms clock, 1.9+0.54/0.85/0.005+1.3 ms cpu, 3->4->1 MB, 4 MB goal, 0 MB stacks, 0 MB globals, 16 P
gc 7979 @47.306s 3%: 0.11+0.52+0.079 ms clock, 1.8+0.55/0.80/0+1.2 ms cpu, 3->4->1 MB, 4 MB goal, 0 MB stacks, 0 MB globals, 16 P
gc 7980 @47.307s 3%: 0.11+0.50+0.11 ms clock, 1.8+0.69/0.73/0+1.8 ms cpu, 3->4->1 MB, 4 MB goal, 0 MB stacks, 0 MB globals, 16 P
gc 7981 @47.309s 3%: 0.11+0.52+0.087 ms clock, 1.8+0.53/0.90/0+1.3 ms cpu, 3->4->1 MB, 4 MB goal, 0 MB stacks, 0 MB globals, 16 P
gc 7982 @47.311s 3%: 0.12+0.53+0.12 ms clock, 1.9+0.42/0.84/0+1.9 ms cpu, 3->4->1 MB, 4 MB goal, 0 MB stacks, 0 MB globals, 16 P
gc 7983 @47.312s 3%: 0.11+0.62+0.14 ms clock, 1.8+0.57/0.90/0.002+2.2 ms cpu, 3->4->2 MB, 4 MB goal, 0 MB stacks, 0 MB globals, 16 P
gc 7984 @47.314s 3%: 0.10+0.49+0.074 ms clock, 1.6+0.53/0.89/0+1.1 ms cpu, 3->4->1 MB, 4 MB goal, 0 MB stacks, 0 MB globals, 16 P
gc 7985 @47.315s 3%: 0.099+0.69+0.10 ms clock, 1.5+0.59/0.81/0.012+1.7 ms cpu, 3->4->1 MB, 4 MB goal, 0 MB stacks, 0 MB globals, 16 P
gc 7986 @47.317s 3%: 0.10+0.72+0.083 ms clock, 1.7+0.48/0.85/0.025+1.3 ms cpu, 3->4->1 MB, 4 MB goal, 0 MB stacks, 0 MB globals, 16 P
gc 7987 @47.319s 3%: 0.14+0.57+0.095 ms clock, 2.2+0.55/0.78/0.012+1.5 ms cpu, 3->4->1 MB, 4 MB goal, 0 MB stacks, 0 MB globals, 16 P
gc 7988 @47.320s 3%: 0.12+0.63+0.13 ms clock, 1.9+0.61/0.80/0.025+2.1 ms cpu, 3->4->1 MB, 4 MB goal, 0 MB stacks, 0 MB globals, 16 P
gc 7989 @47.322s 3%: 0.14+0.57+0.096 ms clock, 2.3+0.63/0.84/0+1.5 ms cpu, 3->4->2 MB, 4 MB goal, 0 MB stacks, 0 MB globals, 16 P
gc 7990 @47.324s 3%: 0.13+0.53+0.13 ms clock, 2.2+0.55/0.92/0.020+2.1 ms cpu, 3->4->1 MB, 4 MB goal, 0 MB stacks, 0 MB globals, 16 P
gc 7991 @47.325s 3%: 0.17+0.53+0.15 ms clock, 2.7+0.68/0.80/0.004+2.4 ms cpu, 3->4->1 MB, 4 MB goal, 0 MB stacks, 0 MB globals, 16 P
gc 7992 @47.327s 3%: 0.11+0.72+0.092 ms clock, 1.8+0.51/0.86/0.012+1.4 ms cpu, 3->4->1 MB, 4 MB goal, 0 MB stacks, 0 MB globals, 16 P
gc 7993 @47.329s 3%: 0.12+0.55+0.16 ms clock, 1.9+0.62/0.83/0+2.6 ms cpu, 3->4->1 MB, 4 MB goal, 0 MB stacks, 0 MB globals, 16 P
gc 7994 @47.330s 3%: 0.12+0.56+0.15 ms clock, 1.9+0.51/0.78/0.003+2.5 ms cpu, 3->4->1 MB, 4 MB goal, 0 MB stacks, 0 MB globals, 16 P
gc 7995 @47.332s 3%: 0.11+0.63+0.10 ms clock, 1.9+0.58/0.90/0+1.6 ms cpu, 3->4->2 MB, 4 MB goal, 0 MB stacks, 0 MB globals, 16 P
gc 7996 @47.334s 3%: 0.13+0.56+0.12 ms clock, 2.1+0.48/0.91/0+2.0 ms cpu, 3->4->1 MB, 4 MB goal, 0 MB stacks, 0 MB globals, 16 P
gc 7997 @47.335s 3%: 0.15+0.68+0.086 ms clock, 2.4+0.54/0.86/0.015+1.3 ms cpu, 3->4->2 MB, 4 MB goal, 0 MB stacks, 0 MB globals, 16 P
gc 7998 @47.337s 3%: 0.15+0.51+0.16 ms clock, 2.5+0.63/0.77/0.012+2.6 ms cpu, 3->4->1 MB, 4 MB goal, 0 MB stacks, 0 MB globals, 16 P
gc 7999 @47.339s 3%: 0.16+0.55+0.15 ms clock, 2.6+0.66/0.85/0.006+2.4 ms cpu, 3->4->2 MB, 4 MB goal, 0 MB stacks, 0 MB globals, 16 P
gc 8000 @47.341s 3%: 0.12+0.59+0.10 ms clock, 2.0+0.58/0.86/0+1.6 ms cpu, 3->4->1 MB, 4 MB goal, 0 MB stacks, 0 MB globals, 16 P
gc 8001 @47.342s 3%: 0.14+0.60+0.13 ms clock, 2.3+0.62/0.82/0+2.1 ms cpu, 3->4->2 MB, 4 MB goal, 0 MB stacks, 0 MB globals, 16 P
gc 8002 @47.344s 3%: 0.12+0.51+0.11 ms clock, 2.0+0.69/0.81/0.027+1.8 ms cpu, 3->4->1 MB, 4 MB goal, 0 MB stacks, 0 MB globals, 16 P
gc 8003 @47.345s 3%: 0.10+0.64+0.079 ms clock, 1.7+0.47/0.86/0.010+1.2 ms cpu, 3->4->2 MB, 4 MB goal, 0 MB stacks, 0 MB globals, 16 P
gc 8004 @47.347s 3%: 0.10+0.56+0.091 ms clock, 1.6+0.67/0.82/0.002+1.4 ms cpu, 3->4->1 MB, 4 MB goal, 0 MB stacks, 0 MB globals, 16 P
gc 8005 @47.349s 3%: 0.17+0.57+0.11 ms clock, 2.7+0.61/0.83/0.002+1.8 ms cpu, 3->4->1 MB, 4 MB goal, 0 MB stacks, 0 MB globals, 16 P
gc 8006 @47.350s 3%: 0.17+0.65+0.093 ms clock, 2.8+0.76/0.88/0+1.5 ms cpu, 3->4->2 MB, 4 MB goal, 0 MB stacks, 0 MB globals, 16 P
gc 8007 @47.352s 3%: 0.12+0.63+0.069 ms clock, 2.0+0.74/0.76/0+1.1 ms cpu, 3->4->2 MB, 4 MB goal, 0 MB stacks, 0 MB globals, 16 P
gc 8008 @47.354s 3%: 0.11+0.57+0.10 ms clock, 1.7+0.59/0.89/0+1.7 ms cpu, 3->4->2 MB, 4 MB goal, 0 MB stacks, 0 MB globals, 16 P
gc 8009 @47.356s 3%: 0.11+0.63+0.10 ms clock, 1.8+0.58/0.96/0.064+1.7 ms cpu, 3->4->1 MB, 4 MB goal, 0 MB stacks, 0 MB globals, 16 P
gc 8010 @47.358s 3%: 0.12+0.72+0.068 ms clock, 2.0+0.64/0.65/0+1.0 ms cpu, 3->4->2 MB, 4 MB goal, 0 MB stacks, 0 MB globals, 16 P
gc 8011 @47.359s 3%: 0.16+0.56+0.15 ms clock, 2.6+0.55/0.85/0+2.5 ms cpu, 3->4->2 MB, 4 MB goal, 0 MB stacks, 0 MB globals, 16 P
gc 8012 @47.361s 3%: 0.13+0.61+0.063 ms clock, 2.0+0.54/0.89/0+1.0 ms cpu, 3->4->2 MB, 4 MB goal, 0 MB stacks, 0 MB globals, 16 P
gc 8013 @47.363s 3%: 0.090+0.58+0.10 ms clock, 1.4+0.40/0.93/0.012+1.6 ms cpu, 3->4->1 MB, 4 MB goal, 0 MB stacks, 0 MB globals, 16 P
gc 8014 @47.365s 3%: 0.14+0.58+0.18 ms clock, 2.3+0.58/0.90/0.015+2.9 ms cpu, 3->4->2 MB, 4 MB goal, 0 MB stacks, 0 MB globals, 16 P
gc 8015 @47.366s 3%: 0.10+0.70+0.090 ms clock, 1.6+0.50/0.82/0+1.4 ms cpu, 3->4->1 MB, 4 MB goal, 0 MB stacks, 0 MB globals, 16 P
gc 8016 @47.368s 3%: 0.20+0.53+0.14 ms clock, 3.2+0.68/0.81/0+2.2 ms cpu, 3->4->2 MB, 4 MB goal, 0 MB stacks, 0 MB globals, 16 P
gc 8017 @47.370s 3%: 0.13+0.58+0.17 ms clock, 2.0+0.58/0.77/0+2.7 ms cpu, 3->4->1 MB, 4 MB goal, 0 MB stacks, 0 MB globals, 16 P
gc 8018 @47.371s 3%: 0.13+0.61+0.10 ms clock, 2.0+0.67/0.91/0.023+1.7 ms cpu, 3->4->1 MB, 4 MB goal, 0 MB stacks, 0 MB globals, 16 P
gc 8019 @47.373s 3%: 0.13+0.43+0.11 ms clock, 2.1+0.61/0.74/0+1.8 ms cpu, 3->4->1 MB, 4 MB goal, 0 MB stacks, 0 MB globals, 16 P
gc 8020 @47.374s 3%: 0.10+0.55+0.11 ms clock, 1.7+0.51/0.85/0+1.8 ms cpu, 3->4->1 MB, 4 MB goal, 0 MB stacks, 0 MB globals, 16 P
gc 8021 @47.376s 3%: 0.21+0.62+0.14 ms clock, 3.3+0.47/1.0/0.013+2.2 ms cpu, 3->4->2 MB, 4 MB goal, 0 MB stacks, 0 MB globals, 16 P
gc 8022 @47.378s 3%: 0.16+0.55+0.088 ms clock, 2.6+0.66/0.88/0+1.4 ms cpu, 3->4->1 MB, 4 MB goal, 0 MB stacks, 0 MB globals, 16 P
gc 8023 @47.380s 3%: 0.13+0.69+0.098 ms clock, 2.1+0.60/0.75/0.008+1.5 ms cpu, 3->4->1 MB, 4 MB goal, 0 MB stacks, 0 MB globals, 16 P
gc 8024 @47.381s 3%: 0.18+0.58+0.096 ms clock, 2.9+0.65/0.81/0+1.5 ms cpu, 3->4->1 MB, 4 MB goal, 0 MB stacks, 0 MB globals, 16 P
gc 8025 @47.383s 3%: 0.10+0.67+0.087 ms clock, 1.6+0.51/0.91/0+1.3 ms cpu, 3->4->2 MB, 4 MB goal, 0 MB stacks, 0 MB globals, 16 P
gc 8026 @47.385s 3%: 0.16+0.44+0.13 ms clock, 2.6+0.70/0.79/0+2.0 ms cpu, 3->4->1 MB, 4 MB goal, 0 MB stacks, 0 MB globals, 16 P
gc 8027 @47.386s 3%: 0.13+0.77+0.12 ms clock, 2.1+0.69/0.85/0+1.9 ms cpu, 3->4->2 MB, 4 MB goal, 0 MB stacks, 0 MB globals, 16 P
gc 8028 @47.388s 3%: 0.092+0.47+0.13 ms clock, 1.4+0.56/0.85/0.003+2.1 ms cpu, 3->4->1 MB, 4 MB goal, 0 MB stacks, 0 MB globals, 16 P
gc 8029 @47.389s 3%: 0.11+0.53+0.089 ms clock, 1.7+0.57/0.80/0+1.4 ms cpu, 3->4->1 MB, 4 MB goal, 0 MB stacks, 0 MB globals, 16 P
gc 8030 @47.391s 3%: 0.11+0.66+0.10 ms clock, 1.7+0.54/1.0/0+1.7 ms cpu, 3->4->2 MB, 4 MB goal, 0 MB stacks, 0 MB globals, 16 P
gc 8031 @47.393s 3%: 0.12+0.56+0.11 ms clock, 2.0+0.64/0.84/0+1.8 ms cpu, 3->4->1 MB, 4 MB goal, 0 MB stacks, 0 MB globals, 16 P
gc 8032 @47.394s 3%: 0.089+0.62+0.10 ms clock, 1.4+0.50/0.89/0+1.7 ms cpu, 3->4->1 MB, 4 MB goal, 0 MB stacks, 0 MB globals, 16 P
gc 8033 @47.396s 3%: 0.14+0.47+0.11 ms clock, 2.3+0.59/0.84/0.015+1.8 ms cpu, 3->4->1 MB, 4 MB goal, 0 MB stacks, 0 MB globals, 16 P
gc 8034 @47.398s 3%: 0.18+0.69+0.099 ms clock, 2.9+0.65/0.76/0+1.5 ms cpu, 3->4->2 MB, 4 MB goal, 0 MB stacks, 0 MB globals, 16 P
gc 8035 @47.400s 3%: 0.15+0.51+0.11 ms clock, 2.4+0.54/0.84/0.10+1.9 ms cpu, 3->4->1 MB, 4 MB goal, 0 MB stacks, 0 MB globals, 16 P
gc 8036 @47.401s 3%: 0.15+0.63+0.069 ms clock, 2.4+0.55/1.0/0+1.1 ms cpu, 3->4->2 MB, 4 MB goal, 0 MB stacks, 0 MB globals, 16 P
gc 8037 @47.403s 3%: 0.11+0.61+0.16 ms clock, 1.8+0.55/0.85/0+2.6 ms cpu, 3->4->1 MB, 4 MB goal, 0 MB stacks, 0 MB globals, 16 P
gc 8038 @47.405s 3%: 0.11+0.51+0.12 ms clock, 1.9+0.51/0.88/0.006+1.9 ms cpu, 3->4->1 MB, 4 MB goal, 0 MB stacks, 0 MB globals, 16 P
gc 8039 @47.406s 3%: 0.11+0.66+0.12 ms clock, 1.8+0.61/0.82/0+1.9 ms cpu, 3->4->2 MB, 4 MB goal, 0 MB stacks, 0 MB globals, 16 P
gc 8040 @47.408s 3%: 0.10+0.54+0.082 ms clock, 1.7+0.59/0.85/0.008+1.3 ms cpu, 3->4->1 MB, 4 MB goal, 0 MB stacks, 0 MB globals, 16 P
gc 8041 @47.409s 3%: 0.10+0.73+0.088 ms clock, 1.7+0.44/0.77/0.023+1.4 ms cpu, 3->4->2 MB, 4 MB goal, 0 MB stacks, 0 MB globals, 16 P
gc 8042 @47.411s 3%: 0.096+0.60+0.085 ms clock, 1.5+0.45/0.84/0+1.3 ms cpu, 3->4->1 MB, 4 MB goal, 0 MB stacks, 0 MB globals, 16 P
gc 8043 @47.413s 3%: 0.098+0.55+0.17 ms clock, 1.5+0.53/0.88/0.021+2.7 ms cpu, 3->4->1 MB, 4 MB goal, 0 MB stacks, 0 MB globals, 16 P
gc 8044 @47.415s 3%: 0.093+0.67+0.098 ms clock, 1.4+0.60/0.72/0.004+1.5 ms cpu, 3->4->2 MB, 4 MB goal, 0 MB stacks, 0 MB globals, 16 P
gc 8045 @47.416s 3%: 0.13+0.58+0.088 ms clock, 2.1+0.50/0.74/0+1.4 ms cpu, 3->4->2 MB, 4 MB goal, 0 MB stacks, 0 MB globals, 16 P
gc 8046 @47.418s 3%: 0.11+0.66+0.097 ms clock, 1.8+0.49/0.96/0.053+1.5 ms cpu, 3->4->2 MB, 4 MB goal, 0 MB stacks, 0 MB globals, 16 P
gc 8047 @47.420s 3%: 0.12+0.70+0.048 ms clock, 1.9+0.63/0.81/0+0.77 ms cpu, 3->4->2 MB, 4 MB goal, 0 MB stacks, 0 MB globals, 16 P
gc 8048 @47.422s 3%: 0.13+0.45+0.095 ms clock, 2.2+0.56/0.82/0.002+1.5 ms cpu, 3->4->1 MB, 4 MB goal, 0 MB stacks, 0 MB globals, 16 P
gc 8049 @47.423s 3%: 0.15+0.66+0.088 ms clock, 2.5+0.62/0.83/0.002+1.4 ms cpu, 3->4->2 MB, 4 MB goal, 0 MB stacks, 0 MB globals, 16 P
gc 8050 @47.425s 3%: 0.13+0.52+0.11 ms clock, 2.1+0.65/0.80/0+1.8 ms cpu, 3->4->1 MB, 4 MB goal, 0 MB stacks, 0 MB globals, 16 P
gc 8051 @47.426s 3%: 0.12+0.52+0.17 ms clock, 1.9+0.60/0.89/0.014+2.7 ms cpu, 3->4->1 MB, 4 MB goal, 0 MB stacks, 0 MB globals, 16 P
gc 8052 @47.428s 3%: 0.14+0.48+0.11 ms clock, 2.2+0.77/0.88/0+1.8 ms cpu, 3->4->1 MB, 4 MB goal, 0 MB stacks, 0 MB globals, 16 P
gc 8053 @47.430s 3%: 0.12+0.59+0.089 ms clock, 2.0+0.49/0.90/0+1.4 ms cpu, 3->4->2 MB, 4 MB goal, 0 MB stacks, 0 MB globals, 16 P
gc 8054 @47.432s 3%: 0.11+0.53+0.13 ms clock, 1.8+0.68/0.82/0+2.1 ms cpu, 3->4->1 MB, 4 MB goal, 0 MB stacks, 0 MB globals, 16 P
gc 8055 @47.433s 3%: 0.15+0.57+0.13 ms clock, 2.4+0.67/0.89/0+2.1 ms cpu, 3->4->2 MB, 4 MB goal, 0 MB stacks, 0 MB globals, 16 P
gc 8056 @47.435s 3%: 0.096+0.62+0.11 ms clock, 1.5+0.49/0.83/0.026+1.8 ms cpu, 3->4->1 MB, 4 MB goal, 0 MB stacks, 0 MB globals, 16 P
gc 8057 @47.437s 3%: 0.11+0.48+0.093 ms clock, 1.8+0.56/0.78/0+1.4 ms cpu, 3->4->1 MB, 4 MB goal, 0 MB stacks, 0 MB globals, 16 P
gc 8058 @47.438s 3%: 0.15+0.71+0.12 ms clock, 2.4+0.50/0.81/0+2.0 ms cpu, 3->4->2 MB, 4 MB goal, 0 MB stacks, 0 MB globals, 16 P
gc 8059 @47.440s 3%: 0.095+0.54+0.073 ms clock, 1.5+0.67/0.80/0+1.1 ms cpu, 3->4->1 MB, 4 MB goal, 0 MB stacks, 0 MB globals, 16 P
gc 8060 @47.442s 3%: 0.18+0.70+0.098 ms clock, 2.9+0.63/0.83/0+1.5 ms cpu, 3->4->2 MB, 4 MB goal, 0 MB stacks, 0 MB globals, 16 P
gc 8061 @47.444s 3%: 0.11+0.72+0.069 ms clock, 1.8+0.58/0.79/0.028+1.1 ms cpu, 3->4->2 MB, 4 MB goal, 0 MB stacks, 0 MB globals, 16 P
gc 8062 @47.445s 3%: 0.11+0.55+0.18 ms clock, 1.9+0.52/0.96/0.002+3.0 ms cpu, 3->4->1 MB, 4 MB goal, 0 MB stacks, 0 MB globals, 16 P
gc 8063 @47.447s 3%: 0.12+0.51+0.17 ms clock, 1.9+0.45/0.88/0+2.8 ms cpu, 3->4->1 MB, 4 MB goal, 0 MB stacks, 0 MB globals, 16 P
gc 8064 @47.449s 3%: 0.10+0.53+0.11 ms clock, 1.6+0.67/0.82/0+1.8 ms cpu, 3->4->1 MB, 4 MB goal, 0 MB stacks, 0 MB globals, 16 P
gc 8065 @47.450s 3%: 0.12+0.55+0.11 ms clock, 1.9+0.56/0.95/0.033+1.7 ms cpu, 3->4->1 MB, 4 MB goal, 0 MB stacks, 0 MB globals, 16 P
gc 8066 @47.452s 3%: 0.14+0.58+0.10 ms clock, 2.3+0.59/0.88/0+1.6 ms cpu, 3->4->2 MB, 4 MB goal, 0 MB stacks, 0 MB globals, 16 P
gc 8067 @47.454s 3%: 0.10+0.63+0.16 ms clock, 1.7+0.61/0.69/0+2.5 ms cpu, 3->4->2 MB, 4 MB goal, 0 MB stacks, 0 MB globals, 16 P
gc 8068 @47.456s 3%: 0.12+0.64+0.14 ms clock, 1.9+0.58/0.81/0+2.2 ms cpu, 3->4->2 MB, 4 MB goal, 0 MB stacks, 0 MB globals, 16 P
gc 8069 @47.457s 3%: 0.10+0.75+0.049 ms clock, 1.7+0.53/0.94/0+0.79 ms cpu, 3->4->1 MB, 4 MB goal, 0 MB stacks, 0 MB globals, 16 P
gc 8070 @47.459s 3%: 0.18+0.48+0.13 ms clock, 2.9+0.62/0.87/0+2.1 ms cpu, 3->4->1 MB, 4 MB goal, 0 MB stacks, 0 MB globals, 16 P
gc 8071 @47.461s 3%: 0.11+0.77+0.062 ms clock, 1.8+0.52/0.84/0.026+1.0 ms cpu, 3->4->2 MB, 4 MB goal, 0 MB stacks, 0 MB globals, 16 P
gc 8072 @47.462s 3%: 0.11+0.54+0.12 ms clock, 1.8+0.52/0.85/0.003+2.0 ms cpu, 3->4->2 MB, 4 MB goal, 0 MB stacks, 0 MB globals, 16 P
gc 8073 @47.464s 3%: 0.11+0.59+0.087 ms clock, 1.9+0.63/0.81/0+1.4 ms cpu, 3->4->1 MB, 4 MB goal, 0 MB stacks, 0 MB globals, 16 P
gc 8074 @47.466s 3%: 0.11+0.68+0.13 ms clock, 1.8+0.57/0.88/0.041+2.2 ms cpu, 3->4->2 MB, 4 MB goal, 0 MB stacks, 0 MB globals, 16 P
gc 8075 @47.468s 3%: 0.15+0.52+0.11 ms clock, 2.5+0.62/0.80/0+1.9 ms cpu, 3->4->1 MB, 4 MB goal, 0 MB stacks, 0 MB globals, 16 P
gc 8076 @47.469s 3%: 0.16+0.57+0.16 ms clock, 2.5+0.64/0.84/0+2.5 ms cpu, 3->4->2 MB, 4 MB goal, 0 MB stacks, 0 MB globals, 16 P
gc 8077 @47.471s 3%: 0.10+0.70+0.089 ms clock, 1.7+0.66/0.75/0.033+1.4 ms cpu, 3->4->2 MB, 4 MB goal, 0 MB stacks, 0 MB globals, 16 P
gc 8078 @47.473s 3%: 0.099+0.71+0.12 ms clock, 1.5+0.52/0.86/0.038+2.0 ms cpu, 3->4->2 MB, 4 MB goal, 0 MB stacks, 0 MB globals, 16 P
gc 8079 @47.474s 3%: 0.13+0.65+0.084 ms clock, 2.1+0.60/0.83/0+1.3 ms cpu, 3->4->1 MB, 4 MB goal, 0 MB stacks, 0 MB globals, 16 P
gc 8080 @47.476s 3%: 0.13+0.68+0.21 ms clock, 2.2+0.68/0.85/0+3.4 ms cpu, 3->4->2 MB, 4 MB goal, 0 MB stacks, 0 MB globals, 16 P
gc 8081 @47.478s 3%: 0.15+0.59+0.11 ms clock, 2.4+0.64/1.0/0.011+1.8 ms cpu, 3->4->2 MB, 4 MB goal, 0 MB stacks, 0 MB globals, 16 P
gc 8082 @47.480s 3%: 0.12+0.61+0.10 ms clock, 1.9+0.56/0.90/0+1.6 ms cpu, 3->4->1 MB, 4 MB goal, 0 MB stacks, 0 MB globals, 16 P
gc 8083 @47.481s 3%: 0.097+0.51+0.12 ms clock, 1.5+0.79/0.72/0+1.9 ms cpu, 3->4->1 MB, 4 MB goal, 0 MB stacks, 0 MB globals, 16 P
gc 8084 @47.483s 3%: 0.13+0.63+0.15 ms clock, 2.2+0.66/0.77/0+2.4 ms cpu, 3->4->2 MB, 4 MB goal, 0 MB stacks, 0 MB globals, 16 P
gc 8085 @47.485s 3%: 0.14+0.72+0.15 ms clock, 2.2+0.71/0.90/0.007+2.4 ms cpu, 3->4->2 MB, 4 MB goal, 0 MB stacks, 0 MB globals, 16 P
gc 8086 @47.487s 3%: 0.10+0.65+0.11 ms clock, 1.6+0.59/1.0/0+1.8 ms cpu, 3->4->2 MB, 4 MB goal, 0 MB stacks, 0 MB globals, 16 P
gc 8087 @47.488s 3%: 0.16+0.74+0.10 ms clock, 2.6+0.50/0.86/0+1.6 ms cpu, 3->4->2 MB, 4 MB goal, 0 MB stacks, 0 MB globals, 16 P
gc 8088 @47.490s 3%: 0.12+0.62+0.11 ms clock, 1.9+0.56/0.88/0.032+1.9 ms cpu, 3->4->2 MB, 4 MB goal, 0 MB stacks, 0 MB globals, 16 P
gc 8089 @47.492s 3%: 0.10+0.65+0.12 ms clock, 1.6+0.54/0.84/0+1.9 ms cpu, 3->4->2 MB, 4 MB goal, 0 MB stacks, 0 MB globals, 16 P
gc 8090 @47.494s 3%: 0.11+0.63+0.073 ms clock, 1.7+0.62/0.90/0+1.1 ms cpu, 3->4->1 MB, 4 MB goal, 0 MB stacks, 0 MB globals, 16 P
gc 8091 @47.496s 3%: 0.12+0.59+0.11 ms clock, 2.0+0.56/0.83/0+1.7 ms cpu, 3->4->2 MB, 4 MB goal, 0 MB stacks, 0 MB globals, 16 P
gc 8092 @47.497s 3%: 0.15+0.51+0.12 ms clock, 2.5+0.45/0.79/0+2.0 ms cpu, 3->4->1 MB, 4 MB goal, 0 MB stacks, 0 MB globals, 16 P
gc 8093 @47.499s 3%: 0.12+0.54+0.13 ms clock, 1.9+0.38/0.86/0.022+2.2 ms cpu, 3->4->1 MB, 4 MB goal, 0 MB stacks, 0 MB globals, 16 P
gc 8094 @47.501s 3%: 0.20+0.66+0.13 ms clock, 3.2+0.63/0.86/0+2.1 ms cpu, 3->4->2 MB, 4 MB goal, 0 MB stacks, 0 MB globals, 16 P
gc 8095 @47.503s 3%: 0.10+0.55+0.15 ms clock, 1.7+0.63/0.74/0+2.4 ms cpu, 3->4->1 MB, 4 MB goal, 0 MB stacks, 0 MB globals, 16 P
gc 8096 @47.504s 3%: 0.10+0.79+0.070 ms clock, 1.7+0.48/0.97/0.006+1.1 ms cpu, 3->4->2 MB, 4 MB goal, 0 MB stacks, 0 MB globals, 16 P
gc 8097 @47.506s 3%: 0.11+0.59+0.087 ms clock, 1.8+0.54/0.89/0+1.4 ms cpu, 3->4->1 MB, 4 MB goal, 0 MB stacks, 0 MB globals, 16 P
gc 8098 @47.508s 3%: 0.14+0.68+0.087 ms clock, 2.2+0.73/0.92/0+1.3 ms cpu, 3->4->2 MB, 4 MB goal, 0 MB stacks, 0 MB globals, 16 P
gc 8099 @47.510s 3%: 0.13+0.52+0.13 ms clock, 2.2+0.65/0.83/0.046+2.2 ms cpu, 3->4->1 MB, 4 MB goal, 0 MB stacks, 0 MB globals, 16 P
gc 8100 @47.511s 3%: 0.11+0.93+0.082 ms clock, 1.8+0.54/0.95/0+1.3 ms cpu, 3->4->2 MB, 4 MB goal, 0 MB stacks, 0 MB globals, 16 P
gc 8101 @47.513s 3%: 0.12+0.53+0.10 ms clock, 1.9+0.57/0.92/0+1.6 ms cpu, 3->4->1 MB, 4 MB goal, 0 MB stacks, 0 MB globals, 16 P
gc 8102 @47.515s 3%: 0.15+0.66+0.10 ms clock, 2.4+0.64/0.79/0+1.7 ms cpu, 3->4->2 MB, 4 MB goal, 0 MB stacks, 0 MB globals, 16 P
gc 8103 @47.517s 3%: 0.12+0.52+0.13 ms clock, 2.0+0.62/0.88/0+2.1 ms cpu, 3->4->1 MB, 4 MB goal, 0 MB stacks, 0 MB globals, 16 P
gc 8104 @47.519s 3%: 0.11+0.59+0.084 ms clock, 1.9+0.67/0.93/0+1.3 ms cpu, 3->4->2 MB, 4 MB goal, 0 MB stacks, 0 MB globals, 16 P
gc 8105 @47.520s 3%: 0.12+0.64+0.15 ms clock, 2.0+0.70/0.89/0+2.5 ms cpu, 3->4->2 MB, 4 MB goal, 0 MB stacks, 0 MB globals, 16 P
gc 8106 @47.522s 3%: 0.17+0.51+0.18 ms clock, 2.8+0.82/0.84/0+2.9 ms cpu, 3->4->1 MB, 4 MB goal, 0 MB stacks, 0 MB globals, 16 P
gc 8107 @47.524s 3%: 0.10+0.58+0.15 ms clock, 1.7+0.60/0.88/0+2.5 ms cpu, 3->4->1 MB, 4 MB goal, 0 MB stacks, 0 MB globals, 16 P
gc 8108 @47.525s 3%: 0.14+0.61+0.11 ms clock, 2.3+0.65/0.93/0+1.7 ms cpu, 3->4->1 MB, 4 MB goal, 0 MB stacks, 0 MB globals, 16 P
gc 8109 @47.527s 3%: 0.13+0.49+0.13 ms clock, 2.1+0.64/0.83/0+2.1 ms cpu, 3->4->1 MB, 4 MB goal, 0 MB stacks, 0 MB globals, 16 P
gc 8110 @47.529s 3%: 0.16+0.57+0.065 ms clock, 2.7+0.63/0.76/0+1.0 ms cpu, 3->4->2 MB, 4 MB goal, 0 MB stacks, 0 MB globals, 16 P
gc 8111 @47.530s 3%: 0.11+0.78+0.093 ms clock, 1.8+0.45/0.87/0.037+1.4 ms cpu, 3->4->2 MB, 4 MB goal, 0 MB stacks, 0 MB globals, 16 P
gc 8112 @47.532s 3%: 0.098+0.52+0.11 ms clock, 1.5+0.59/0.76/0+1.9 ms cpu, 3->4->1 MB, 4 MB goal, 0 MB stacks, 0 MB globals, 16 P
gc 8113 @47.534s 3%: 0.12+0.69+0.090 ms clock, 1.9+0.69/0.86/0.004+1.4 ms cpu, 3->4->2 MB, 4 MB goal, 0 MB stacks, 0 MB globals, 16 P
gc 8114 @47.536s 3%: 0.12+0.56+0.14 ms clock, 2.0+0.57/0.84/0.051+2.3 ms cpu, 3->4->2 MB, 4 MB goal, 0 MB stacks, 0 MB globals, 16 P
gc 8115 @47.538s 3%: 0.13+0.58+0.073 ms clock, 2.1+0.69/0.82/0+1.1 ms cpu, 3->4->1 MB, 4 MB goal, 0 MB stacks, 0 MB globals, 16 P
gc 8116 @47.539s 3%: 0.13+0.56+0.10 ms clock, 2.1+0.63/0.84/0+1.7 ms cpu, 3->4->2 MB, 4 MB goal, 0 MB stacks, 0 MB globals, 16 P
gc 8117 @47.541s 3%: 0.12+0.63+0.10 ms clock, 1.9+0.70/0.68/0.059+1.6 ms cpu, 3->4->1 MB, 4 MB goal, 0 MB stacks, 0 MB globals, 16 P
gc 8118 @47.543s 3%: 0.20+0.53+0.10 ms clock, 3.2+0.59/0.83/0.033+1.6 ms cpu, 3->4->1 MB, 4 MB goal, 0 MB stacks, 0 MB globals, 16 P
gc 8119 @47.544s 3%: 0.12+0.73+0.13 ms clock, 1.9+0.44/0.96/0.057+2.2 ms cpu, 3->4->2 MB, 4 MB goal, 0 MB stacks, 0 MB globals, 16 P
gc 8120 @47.546s 3%: 0.15+0.54+0.13 ms clock, 2.5+0.70/0.76/0+2.0 ms cpu, 4->4->2 MB, 4 MB goal, 0 MB stacks, 0 MB globals, 16 P
gc 8121 @47.548s 3%: 0.13+0.60+0.086 ms clock, 2.0+0.57/0.85/0+1.3 ms cpu, 3->4->1 MB, 4 MB goal, 0 MB stacks, 0 MB globals, 16 P
gc 8122 @47.550s 3%: 0.16+0.69+0.071 ms clock, 2.5+0.62/0.76/0.014+1.1 ms cpu, 3->4->2 MB, 4 MB goal, 0 MB stacks, 0 MB globals, 16 P
gc 8123 @47.552s 3%: 0.092+0.58+0.093 ms clock, 1.4+0.49/0.98/0+1.5 ms cpu, 3->4->1 MB, 4 MB goal, 0 MB stacks, 0 MB globals, 16 P
gc 8124 @47.553s 3%: 0.11+0.59+0.075 ms clock, 1.7+0.58/0.87/0+1.2 ms cpu, 3->4->1 MB, 4 MB goal, 0 MB stacks, 0 MB globals, 16 P
gc 8125 @47.555s 3%: 0.11+0.52+0.14 ms clock, 1.8+0.51/0.82/0.012+2.3 ms cpu, 3->4->1 MB, 4 MB goal, 0 MB stacks, 0 MB globals, 16 P
gc 8126 @47.556s 3%: 0.11+0.62+0.087 ms clock, 1.8+0.58/0.75/0+1.4 ms cpu, 3->4->1 MB, 4 MB goal, 0 MB stacks, 0 MB globals, 16 P
gc 8127 @47.558s 3%: 0.14+0.53+0.096 ms clock, 2.3+0.59/0.80/0.011+1.5 ms cpu, 3->4->1 MB, 4 MB goal, 0 MB stacks, 0 MB globals, 16 P
gc 8128 @47.560s 3%: 0.11+0.72+0.086 ms clock, 1.8+0.58/0.69/0.049+1.3 ms cpu, 3->4->1 MB, 4 MB goal, 0 MB stacks, 0 MB globals, 16 P
gc 8129 @47.561s 3%: 0.10+0.45+0.10 ms clock, 1.6+0.57/0.86/0.005+1.6 ms cpu, 3->4->1 MB, 4 MB goal, 0 MB stacks, 0 MB globals, 16 P
gc 8130 @47.563s 3%: 0.16+0.62+0.087 ms clock, 2.5+0.67/0.76/0.017+1.3 ms cpu, 3->4->1 MB, 4 MB goal, 0 MB stacks, 0 MB globals, 16 P
gc 8131 @47.564s 3%: 0.12+0.59+0.11 ms clock, 2.0+0.72/0.89/0+1.8 ms cpu, 3->4->2 MB, 4 MB goal, 0 MB stacks, 0 MB globals, 16 P
gc 8132 @47.566s 3%: 0.14+0.65+0.14 ms clock, 2.3+0.62/0.82/0+2.2 ms cpu, 3->4->2 MB, 4 MB goal, 0 MB stacks, 0 MB globals, 16 P
gc 8133 @47.568s 3%: 0.17+0.66+0.097 ms clock, 2.8+0.71/0.83/0+1.5 ms cpu, 3->4->2 MB, 4 MB goal, 0 MB stacks, 0 MB globals, 16 P
gc 8134 @47.569s 3%: 0.11+0.56+0.13 ms clock, 1.8+0.51/0.86/0+2.1 ms cpu, 3->4->2 MB, 4 MB goal, 0 MB stacks, 0 MB globals, 16 P
gc 8135 @47.571s 3%: 0.10+0.59+0.14 ms clock, 1.7+0.60/0.97/0+2.3 ms cpu, 3->4->2 MB, 4 MB goal, 0 MB stacks, 0 MB globals, 16 P
gc 8136 @47.573s 3%: 0.10+0.57+0.071 ms clock, 1.7+0.50/0.82/0+1.1 ms cpu, 3->4->1 MB, 4 MB goal, 0 MB stacks, 0 MB globals, 16 P
gc 8137 @47.574s 3%: 0.14+0.77+0.062 ms clock, 2.3+0.61/0.93/0+0.99 ms cpu, 3->4->2 MB, 4 MB goal, 0 MB stacks, 0 MB globals, 16 P
gc 8138 @47.576s 3%: 0.15+0.84+0.16 ms clock, 2.5+0.46/0.92/0.010+2.6 ms cpu, 4->5->2 MB, 4 MB goal, 0 MB stacks, 0 MB globals, 16 P
gc 8139 @47.579s 3%: 0.11+0.65+0.12 ms clock, 1.8+0.54/0.94/0+2.0 ms cpu, 4->4->2 MB, 4 MB goal, 0 MB stacks, 0 MB globals, 16 P
gc 8140 @47.580s 3%: 0.11+0.54+0.11 ms clock, 1.8+0.52/0.91/0.045+1.8 ms cpu, 3->4->1 MB, 4 MB goal, 0 MB stacks, 0 MB globals, 16 P
gc 8141 @47.582s 3%: 0.085+0.68+0.10 ms clock, 1.3+0.53/0.85/0.070+1.7 ms cpu, 3->4->1 MB, 4 MB goal, 0 MB stacks, 0 MB globals, 16 P
gc 8142 @47.584s 3%: 0.13+0.58+0.093 ms clock, 2.2+0.52/0.83/0+1.4 ms cpu, 3->4->2 MB, 4 MB goal, 0 MB stacks, 0 MB globals, 16 P
gc 8143 @47.585s 3%: 0.13+0.59+0.10 ms clock, 2.1+0.58/0.87/0.002+1.6 ms cpu, 3->4->2 MB, 4 MB goal, 0 MB stacks, 0 MB globals, 16 P
gc 8144 @47.587s 3%: 0.14+0.81+0.073 ms clock, 2.2+0.65/0.83/0+1.1 ms cpu, 3->4->2 MB, 4 MB goal, 0 MB stacks, 0 MB globals, 16 P
gc 8145 @47.589s 3%: 0.12+0.71+0.073 ms clock, 2.0+0.65/0.89/0.027+1.1 ms cpu, 3->4->2 MB, 4 MB goal, 0 MB stacks, 0 MB globals, 16 P
gc 8146 @47.591s 3%: 0.20+0.52+0.11 ms clock, 3.2+0.43/0.89/0.035+1.8 ms cpu, 4->4->1 MB, 4 MB goal, 0 MB stacks, 0 MB globals, 16 P
gc 8147 @47.593s 3%: 0.16+0.49+0.077 ms clock, 2.7+0.61/1.0/0.002+1.2 ms cpu, 3->4->1 MB, 4 MB goal, 0 MB stacks, 0 MB globals, 16 P
gc 8148 @47.595s 3%: 0.15+0.53+0.13 ms clock, 2.5+0.59/0.83/0+2.1 ms cpu, 3->4->1 MB, 4 MB goal, 0 MB stacks, 0 MB globals, 16 P
gc 8149 @47.596s 3%: 0.14+0.53+0.095 ms clock, 2.2+0.59/0.82/0+1.5 ms cpu, 3->4->1 MB, 4 MB goal, 0 MB stacks, 0 MB globals, 16 P
gc 8150 @47.598s 3%: 0.19+0.50+0.17 ms clock, 3.1+0.67/0.81/0+2.7 ms cpu, 3->4->1 MB, 4 MB goal, 0 MB stacks, 0 MB globals, 16 P
gc 8151 @47.600s 3%: 0.10+0.55+0.10 ms clock, 1.7+0.46/0.92/0.009+1.7 ms cpu, 3->4->1 MB, 4 MB goal, 0 MB stacks, 0 MB globals, 16 P
gc 8152 @47.601s 3%: 0.15+0.68+0.073 ms clock, 2.4+0.70/0.91/0.004+1.1 ms cpu, 3->4->2 MB, 4 MB goal, 0 MB stacks, 0 MB globals, 16 P
gc 8153 @47.603s 3%: 0.10+0.60+0.096 ms clock, 1.7+0.48/0.97/0+1.5 ms cpu, 3->4->1 MB, 4 MB goal, 0 MB stacks, 0 MB globals, 16 P
gc 8154 @47.605s 3%: 0.074+0.64+0.098 ms clock, 1.1+0.55/0.92/0+1.5 ms cpu, 3->4->1 MB, 4 MB goal, 0 MB stacks, 0 MB globals, 16 P
gc 8155 @47.606s 3%: 0.14+0.55+0.099 ms clock, 2.2+0.71/0.81/0+1.5 ms cpu, 3->4->1 MB, 4 MB goal, 0 MB stacks, 0 MB globals, 16 P
gc 8156 @47.608s 3%: 0.16+0.57+0.080 ms clock, 2.6+0.73/0.75/0+1.2 ms cpu, 3->4->2 MB, 4 MB goal, 0 MB stacks, 0 MB globals, 16 P
gc 8157 @47.610s 3%: 0.11+0.66+0.13 ms clock, 1.8+0.48/0.87/0+2.1 ms cpu, 3->4->1 MB, 4 MB goal, 0 MB stacks, 0 MB globals, 16 P
gc 8158 @47.611s 3%: 0.14+0.56+0.16 ms clock, 2.3+0.54/0.83/0.094+2.5 ms cpu, 3->4->1 MB, 4 MB goal, 0 MB stacks, 0 MB globals, 16 P
gc 8159 @47.613s 3%: 0.12+0.67+0.092 ms clock, 2.0+0.51/0.81/0.002+1.4 ms cpu, 3->4->2 MB, 4 MB goal, 0 MB stacks, 0 MB globals, 16 P
gc 8160 @47.615s 3%: 0.12+0.47+0.13 ms clock, 2.0+0.52/0.84/0+2.1 ms cpu, 3->4->1 MB, 4 MB goal, 0 MB stacks, 0 MB globals, 16 P
gc 8161 @47.616s 3%: 0.095+0.60+0.088 ms clock, 1.5+0.62/0.85/0+1.4 ms cpu, 3->4->1 MB, 4 MB goal, 0 MB stacks, 0 MB globals, 16 P
gc 8162 @47.618s 3%: 0.12+0.61+0.066 ms clock, 2.0+0.49/0.84/0+1.0 ms cpu, 3->4->1 MB, 4 MB goal, 0 MB stacks, 0 MB globals, 16 P
gc 8163 @47.620s 3%: 0.11+0.65+0.15 ms clock, 1.8+0.53/0.85/0.026+2.4 ms cpu, 3->4->2 MB, 4 MB goal, 0 MB stacks, 0 MB globals, 16 P
gc 8164 @47.621s 3%: 0.12+0.76+0.097 ms clock, 2.0+0.68/0.83/0.021+1.5 ms cpu, 3->4->2 MB, 4 MB goal, 0 MB stacks, 0 MB globals, 16 P
gc 8165 @47.623s 3%: 0.13+0.76+0.029 ms clock, 2.2+0.38/0.98/0+0.47 ms cpu, 3->4->2 MB, 4 MB goal, 0 MB stacks, 0 MB globals, 16 P
gc 8166 @47.625s 3%: 0.19+0.62+0.085 ms clock, 3.1+0.54/0.87/0.003+1.3 ms cpu, 3->4->2 MB, 4 MB goal, 0 MB stacks, 0 MB globals, 16 P
gc 8167 @47.627s 3%: 0.15+0.65+0.11 ms clock, 2.4+0.78/0.94/0+1.8 ms cpu, 3->4->2 MB, 4 MB goal, 0 MB stacks, 0 MB globals, 16 P
gc 8168 @47.629s 3%: 0.10+0.65+0.085 ms clock, 1.7+0.59/0.84/0.008+1.3 ms cpu, 3->4->1 MB, 4 MB goal, 0 MB stacks, 0 MB globals, 16 P
gc 8169 @47.630s 3%: 0.15+0.55+0.14 ms clock, 2.5+0.75/0.86/0+2.3 ms cpu, 3->4->1 MB, 4 MB goal, 0 MB stacks, 0 MB globals, 16 P
gc 8170 @47.632s 3%: 0.11+0.86+0.080 ms clock, 1.8+0.49/0.88/0.068+1.2 ms cpu, 3->4->2 MB, 4 MB goal, 0 MB stacks, 0 MB globals, 16 P
gc 8171 @47.634s 3%: 0.12+0.62+0.079 ms clock, 2.0+0.54/0.90/0.030+1.2 ms cpu, 3->4->1 MB, 4 MB goal, 0 MB stacks, 0 MB globals, 16 P
gc 8172 @47.636s 3%: 0.16+0.47+0.088 ms clock, 2.5+0.59/0.78/0.019+1.4 ms cpu, 3->4->1 MB, 4 MB goal, 0 MB stacks, 0 MB globals, 16 P
gc 8173 @47.637s 3%: 0.18+0.72+0.079 ms clock, 2.9+0.65/0.82/0+1.2 ms cpu, 3->4->2 MB, 4 MB goal, 0 MB stacks, 0 MB globals, 16 P
gc 8174 @47.639s 3%: 0.17+0.48+0.10 ms clock, 2.8+0.81/0.72/0+1.6 ms cpu, 3->4->1 MB, 4 MB goal, 0 MB stacks, 0 MB globals, 16 P
gc 8175 @47.641s 3%: 0.20+0.50+0.14 ms clock, 3.2+0.65/0.83/0+2.3 ms cpu, 3->4->1 MB, 4 MB goal, 0 MB stacks, 0 MB globals, 16 P
gc 8176 @47.642s 3%: 0.14+0.60+0.13 ms clock, 2.3+0.68/0.95/0+2.1 ms cpu, 3->4->2 MB, 4 MB goal, 0 MB stacks, 0 MB globals, 16 P
gc 8177 @47.644s 3%: 0.083+0.55+0.087 ms clock, 1.3+0.56/0.85/0+1.4 ms cpu, 3->4->1 MB, 4 MB goal, 0 MB stacks, 0 MB globals, 16 P
gc 8178 @47.646s 3%: 0.10+0.54+0.075 ms clock, 1.6+0.62/0.75/0+1.2 ms cpu, 3->4->1 MB, 4 MB goal, 0 MB stacks, 0 MB globals, 16 P
gc 8179 @47.647s 3%: 0.12+0.52+0.088 ms clock, 1.9+0.58/0.83/0+1.4 ms cpu, 3->4->1 MB, 4 MB goal, 0 MB stacks, 0 MB globals, 16 P
gc 8180 @47.649s 3%: 0.15+0.58+0.10 ms clock, 2.4+0.69/0.79/0+1.6 ms cpu, 3->4->2 MB, 4 MB goal, 0 MB stacks, 0 MB globals, 16 P
gc 8181 @47.651s 3%: 0.12+0.82+0.076 ms clock, 1.9+0.51/1.0/0.035+1.2 ms cpu, 3->4->2 MB, 4 MB goal, 0 MB stacks, 0 MB globals, 16 P
gc 8182 @47.653s 3%: 0.11+0.58+0.086 ms clock, 1.8+0.72/0.85/0.004+1.3 ms cpu, 3->4->1 MB, 4 MB goal, 0 MB stacks, 0 MB globals, 16 P
gc 8183 @47.654s 3%: 0.15+0.59+0.11 ms clock, 2.4+0.73/0.76/0+1.8 ms cpu, 3->4->2 MB, 4 MB goal, 0 MB stacks, 0 MB globals, 16 P
gc 8184 @47.656s 3%: 0.12+0.56+0.11 ms clock, 2.0+0.53/0.89/0.068+1.8 ms cpu, 3->4->1 MB, 4 MB goal, 0 MB stacks, 0 MB globals, 16 P
gc 8185 @47.658s 3%: 0.18+0.81+0.10 ms clock, 2.9+0.76/1.0/0+1.6 ms cpu, 3->4->2 MB, 4 MB goal, 0 MB stacks, 0 MB globals, 16 P
gc 8186 @47.660s 3%: 0.24+0.57+0.17 ms clock, 3.9+0.61/0.92/0+2.7 ms cpu, 4->5->2 MB, 5 MB goal, 0 MB stacks, 0 MB globals, 16 P
gc 8187 @47.662s 3%: 0.11+0.68+0.095 ms clock, 1.8+0.54/1.0/0+1.5 ms cpu, 3->4->2 MB, 4 MB goal, 0 MB stacks, 0 MB globals, 16 P
gc 8188 @47.664s 3%: 0.14+0.71+0.11 ms clock, 2.3+0.51/1.0/0.002+1.8 ms cpu, 3->4->2 MB, 4 MB goal, 0 MB stacks, 0 MB globals, 16 P
gc 8189 @47.665s 3%: 0.17+0.51+0.21 ms clock, 2.8+0.55/0.79/0+3.4 ms cpu, 3->4->1 MB, 4 MB goal, 0 MB stacks, 0 MB globals, 16 P
gc 8190 @47.667s 3%: 0.13+0.52+0.15 ms clock, 2.1+0.58/0.81/0+2.4 ms cpu, 3->4->1 MB, 4 MB goal, 0 MB stacks, 0 MB globals, 16 P
gc 8191 @47.669s 3%: 0.10+0.55+0.14 ms clock, 1.6+0.46/0.88/0+2.2 ms cpu, 3->4->1 MB, 4 MB goal, 0 MB stacks, 0 MB globals, 16 P
gc 8192 @47.670s 3%: 0.13+0.49+0.15 ms clock, 2.1+0.65/0.82/0+2.4 ms cpu, 3->4->1 MB, 4 MB goal, 0 MB stacks, 0 MB globals, 16 P
gc 8193 @47.672s 3%: 0.15+0.65+0.10 ms clock, 2.4+0.67/0.88/0.047+1.6 ms cpu, 3->4->1 MB, 4 MB goal, 0 MB stacks, 0 MB globals, 16 P
gc 8194 @47.674s 3%: 0.11+0.50+0.17 ms clock, 1.9+0.62/0.80/0+2.7 ms cpu, 3->4->1 MB, 4 MB goal, 0 MB stacks, 0 MB globals, 16 P
gc 8195 @47.675s 3%: 0.15+0.49+0.094 ms clock, 2.5+0.57/0.82/0.003+1.5 ms cpu, 3->4->1 MB, 4 MB goal, 0 MB stacks, 0 MB globals, 16 P
gc 8196 @47.677s 3%: 0.13+0.54+0.099 ms clock, 2.1+0.70/0.80/0.021+1.5 ms cpu, 3->4->1 MB, 4 MB goal, 0 MB stacks, 0 MB globals, 16 P
gc 8197 @47.678s 3%: 0.12+0.69+0.083 ms clock, 2.0+0.58/0.83/0+1.3 ms cpu, 3->4->2 MB, 4 MB goal, 0 MB stacks, 0 MB globals, 16 P
gc 8198 @47.680s 3%: 0.12+0.64+0.11 ms clock, 1.9+0.57/0.86/0+1.8 ms cpu, 3->4->1 MB, 4 MB goal, 0 MB stacks, 0 MB globals, 16 P
gc 8199 @47.682s 3%: 0.18+0.55+0.12 ms clock, 2.9+0.61/0.90/0.004+2.0 ms cpu, 3->4->2 MB, 4 MB goal, 0 MB stacks, 0 MB globals, 16 P
gc 8200 @47.684s 3%: 0.096+0.52+0.083 ms clock, 1.5+0.60/0.81/0.004+1.3 ms cpu, 3->4->1 MB, 4 MB goal, 0 MB stacks, 0 MB globals, 16 P
gc 8201 @47.685s 3%: 0.15+0.74+0.056 ms clock, 2.5+0.66/0.79/0.003+0.91 ms cpu, 3->4->2 MB, 4 MB goal, 0 MB stacks, 0 MB globals, 16 P
gc 8202 @47.687s 3%: 0.095+0.59+0.086 ms clock, 1.5+0.55/0.88/0.001+1.3 ms cpu, 3->4->1 MB, 4 MB goal, 0 MB stacks, 0 MB globals, 16 P
gc 8203 @47.688s 3%: 0.11+0.58+0.11 ms clock, 1.8+0.56/0.82/0+1.7 ms cpu, 3->4->1 MB, 4 MB goal, 0 MB stacks, 0 MB globals, 16 P
gc 8204 @47.690s 3%: 0.14+0.63+0.10 ms clock, 2.2+0.76/0.72/0.004+1.6 ms cpu, 3->4->2 MB, 4 MB goal, 0 MB stacks, 0 MB globals, 16 P
gc 8205 @47.692s 3%: 0.13+0.50+0.13 ms clock, 2.1+0.58/0.86/0+2.2 ms cpu, 3->4->1 MB, 4 MB goal, 0 MB stacks, 0 MB globals, 16 P
gc 8206 @47.693s 3%: 0.12+0.48+0.13 ms clock, 2.0+0.59/0.83/0.003+2.1 ms cpu, 3->4->1 MB, 4 MB goal, 0 MB stacks, 0 MB globals, 16 P
gc 8207 @47.695s 3%: 0.14+0.55+0.13 ms clock, 2.2+0.70/0.73/0+2.2 ms cpu, 3->4->1 MB, 4 MB goal, 0 MB stacks, 0 MB globals, 16 P
gc 8208 @47.696s 3%: 0.12+0.48+0.13 ms clock, 2.0+0.69/0.79/0.001+2.1 ms cpu, 3->4->1 MB, 4 MB goal, 0 MB stacks, 0 MB globals, 16 P
gc 8209 @47.698s 3%: 0.11+0.51+0.059 ms clock, 1.8+0.56/0.86/0.010+0.95 ms cpu, 3->4->1 MB, 4 MB goal, 0 MB stacks, 0 MB globals, 16 P
gc 8210 @47.699s 3%: 0.10+0.56+0.10 ms clock, 1.6+0.55/0.69/0+1.7 ms cpu, 3->4->1 MB, 4 MB goal, 0 MB stacks, 0 MB globals, 16 P
gc 8211 @47.701s 3%: 0.19+0.59+0.082 ms clock, 3.0+0.59/0.77/0.001+1.3 ms cpu, 3->4->2 MB, 4 MB goal, 0 MB stacks, 0 MB globals, 16 P
gc 8212 @47.703s 3%: 0.16+0.46+0.13 ms clock, 2.6+0.59/0.78/0.090+2.1 ms cpu, 3->4->1 MB, 4 MB goal, 0 MB stacks, 0 MB globals, 16 P
gc 8213 @47.704s 3%: 0.10+0.71+0.089 ms clock, 1.7+0.52/0.99/0.036+1.4 ms cpu, 3->4->2 MB, 4 MB goal, 0 MB stacks, 0 MB globals, 16 P
gc 8214 @47.706s 3%: 0.074+0.56+0.11 ms clock, 1.1+0.51/0.80/0+1.7 ms cpu, 3->4->1 MB, 4 MB goal, 0 MB stacks, 0 MB globals, 16 P
gc 8215 @47.708s 3%: 0.11+0.55+0.11 ms clock, 1.8+0.72/0.91/0+1.7 ms cpu, 3->4->1 MB, 4 MB goal, 0 MB stacks, 0 MB globals, 16 P
gc 8216 @47.709s 3%: 0.082+0.54+0.10 ms clock, 1.3+0.57/0.76/0.047+1.6 ms cpu, 3->4->1 MB, 4 MB goal, 0 MB stacks, 0 MB globals, 16 P
gc 8217 @47.711s 3%: 0.11+0.74+0.070 ms clock, 1.8+0.56/0.83/0.016+1.1 ms cpu, 3->4->2 MB, 4 MB goal, 0 MB stacks, 0 MB globals, 16 P
gc 8218 @47.713s 3%: 0.10+0.52+0.16 ms clock, 1.6+0.50/0.81/0+2.6 ms cpu, 3->4->1 MB, 4 MB goal, 0 MB stacks, 0 MB globals, 16 P
gc 8219 @47.715s 3%: 0.11+0.42+0.17 ms clock, 1.7+0.40/0.81/0+2.8 ms cpu, 3->4->1 MB, 4 MB goal, 0 MB stacks, 0 MB globals, 16 P
gc 8220 @47.716s 3%: 0.11+0.60+0.082 ms clock, 1.7+0.59/0.88/0.004+1.3 ms cpu, 3->4->1 MB, 4 MB goal, 0 MB stacks, 0 MB globals, 16 P
gc 8221 @47.718s 3%: 0.13+0.61+0.10 ms clock, 2.1+0.48/0.81/0+1.7 ms cpu, 3->4->1 MB, 4 MB goal, 0 MB stacks, 0 MB globals, 16 P
gc 8222 @47.719s 3%: 0.10+0.62+0.091 ms clock, 1.6+0.46/0.87/0.006+1.4 ms cpu, 3->4->2 MB, 4 MB goal, 0 MB stacks, 0 MB globals, 16 P
gc 8223 @47.721s 3%: 0.17+0.58+0.17 ms clock, 2.8+0.59/0.92/0.005+2.8 ms cpu, 3->4->2 MB, 4 MB goal, 0 MB stacks, 0 MB globals, 16 P
gc 8224 @47.723s 3%: 0.10+0.58+0.092 ms clock, 1.7+0.52/0.83/0.001+1.4 ms cpu, 3->4->1 MB, 4 MB goal, 0 MB stacks, 0 MB globals, 16 P
gc 8225 @47.724s 3%: 0.11+0.80+0.10 ms clock, 1.9+0.53/1.0/0+1.7 ms cpu, 3->4->2 MB, 4 MB goal, 0 MB stacks, 0 MB globals, 16 P
gc 8226 @47.727s 3%: 0.12+0.61+0.13 ms clock, 2.0+0.45/1.0/0.005+2.0 ms cpu, 4->4->2 MB, 4 MB goal, 0 MB stacks, 0 MB globals, 16 P
gc 8227 @47.728s 3%: 0.10+0.60+0.083 ms clock, 1.6+0.54/0.84/0.022+1.3 ms cpu, 3->4->1 MB, 4 MB goal, 0 MB stacks, 0 MB globals, 16 P
gc 8228 @47.730s 3%: 0.18+0.50+0.14 ms clock, 2.9+0.55/0.82/0+2.3 ms cpu, 3->4->1 MB, 4 MB goal, 0 MB stacks, 0 MB globals, 16 P
gc 8229 @47.732s 3%: 0.13+0.62+0.10 ms clock, 2.1+0.56/0.94/0+1.6 ms cpu, 3->4->2 MB, 4 MB goal, 0 MB stacks, 0 MB globals, 16 P
gc 8230 @47.733s 3%: 0.11+0.72+0.18 ms clock, 1.8+0.69/0.81/0+2.8 ms cpu, 3->4->2 MB, 4 MB goal, 0 MB stacks, 0 MB globals, 16 P
gc 8231 @47.735s 3%: 0.15+0.50+0.11 ms clock, 2.5+0.64/0.84/0+1.8 ms cpu, 3->4->1 MB, 4 MB goal, 0 MB stacks, 0 MB globals, 16 P
gc 8232 @47.737s 3%: 0.12+0.64+0.055 ms clock, 1.9+0.59/0.86/0.013+0.89 ms cpu, 3->4->1 MB, 4 MB goal, 0 MB stacks, 0 MB globals, 16 P
gc 8233 @47.739s 3%: 0.10+0.60+0.11 ms clock, 1.7+0.55/0.84/0+1.9 ms cpu, 3->4->1 MB, 4 MB goal, 0 MB stacks, 0 MB globals, 16 P
gc 8234 @47.740s 3%: 0.12+0.70+0.12 ms clock, 2.0+0.76/0.87/0.010+1.9 ms cpu, 3->4->2 MB, 4 MB goal, 0 MB stacks, 0 MB globals, 16 P
gc 8235 @47.742s 3%: 0.15+0.77+0.097 ms clock, 2.4+0.69/0.85/0+1.5 ms cpu, 3->4->2 MB, 4 MB goal, 0 MB stacks, 0 MB globals, 16 P
gc 8236 @47.744s 3%: 0.12+0.60+0.044 ms clock, 2.0+0.56/0.87/0+0.70 ms cpu, 3->4->2 MB, 4 MB goal, 0 MB stacks, 0 MB globals, 16 P
gc 8237 @47.746s 3%: 0.11+0.70+0.12 ms clock, 1.8+0.50/0.92/0+1.9 ms cpu, 3->4->2 MB, 4 MB goal, 0 MB stacks, 0 MB globals, 16 P
gc 8238 @47.748s 3%: 0.13+0.62+0.13 ms clock, 2.0+0.63/0.91/0+2.1 ms cpu, 3->4->2 MB, 4 MB goal, 0 MB stacks, 0 MB globals, 16 P
gc 8239 @47.750s 3%: 0.10+0.59+0.16 ms clock, 1.7+0.41/0.84/0+2.6 ms cpu, 3->4->1 MB, 4 MB goal, 0 MB stacks, 0 MB globals, 16 P
gc 8240 @47.751s 3%: 0.12+0.72+0.11 ms clock, 2.0+0.67/0.81/0+1.8 ms cpu, 3->4->2 MB, 4 MB goal, 0 MB stacks, 0 MB globals, 16 P
gc 8241 @47.753s 3%: 0.11+0.57+0.074 ms clock, 1.7+0.48/0.81/0.067+1.1 ms cpu, 3->4->1 MB, 4 MB goal, 0 MB stacks, 0 MB globals, 16 P
gc 8242 @47.754s 3%: 0.14+0.54+0.11 ms clock, 2.3+0.64/0.87/0.007+1.8 ms cpu, 3->4->1 MB, 4 MB goal, 0 MB stacks, 0 MB globals, 16 P
gc 8243 @47.756s 3%: 0.090+0.51+0.084 ms clock, 1.4+0.67/0.80/0+1.3 ms cpu, 3->4->1 MB, 4 MB goal, 0 MB stacks, 0 MB globals, 16 P
gc 8244 @47.758s 3%: 0.13+0.48+0.15 ms clock, 2.1+0.67/0.85/0+2.5 ms cpu, 3->4->1 MB, 4 MB goal, 0 MB stacks, 0 MB globals, 16 P
gc 8245 @47.759s 3%: 0.11+0.48+0.11 ms clock, 1.8+0.53/0.88/0+1.8 ms cpu, 3->4->1 MB, 4 MB goal, 0 MB stacks, 0 MB globals, 16 P
gc 8246 @47.761s 3%: 0.14+0.93+0.11 ms clock, 2.3+0.69/0.99/0.008+1.7 ms cpu, 3->4->2 MB, 4 MB goal, 0 MB stacks, 0 MB globals, 16 P
gc 8247 @47.763s 3%: 0.11+0.53+0.13 ms clock, 1.8+0.57/0.75/0+2.1 ms cpu, 4->4->1 MB, 5 MB goal, 0 MB stacks, 0 MB globals, 16 P
gc 8248 @47.765s 3%: 0.13+0.68+0.099 ms clock, 2.0+0.70/1.0/0+1.5 ms cpu, 3->4->2 MB, 4 MB goal, 0 MB stacks, 0 MB globals, 16 P
gc 8249 @47.767s 3%: 0.11+0.66+0.030 ms clock, 1.8+0.62/0.80/0.013+0.48 ms cpu, 3->4->1 MB, 4 MB goal, 0 MB stacks, 0 MB globals, 16 P
gc 8250 @47.768s 3%: 0.11+0.83+0.094 ms clock, 1.8+0.59/0.89/0.010+1.5 ms cpu, 3->4->2 MB, 4 MB goal, 0 MB stacks, 0 MB globals, 16 P
gc 8251 @47.770s 3%: 0.10+0.68+0.10 ms clock, 1.7+0.68/0.80/0+1.6 ms cpu, 4->4->2 MB, 4 MB goal, 0 MB stacks, 0 MB globals, 16 P
gc 8252 @47.772s 3%: 0.13+0.67+0.10 ms clock, 2.1+0.64/0.93/0+1.7 ms cpu, 3->4->2 MB, 4 MB goal, 0 MB stacks, 0 MB globals, 16 P
gc 8253 @47.774s 3%: 0.13+0.69+0.13 ms clock, 2.1+0.53/0.91/0.008+2.1 ms cpu, 3->4->2 MB, 4 MB goal, 0 MB stacks, 0 MB globals, 16 P
gc 8254 @47.776s 3%: 0.12+0.69+0.097 ms clock, 1.9+0.61/0.92/0.013+1.5 ms cpu, 3->4->2 MB, 4 MB goal, 0 MB stacks, 0 MB globals, 16 P
gc 8255 @47.778s 3%: 0.12+0.80+0.075 ms clock, 1.9+0.50/0.93/0+1.2 ms cpu, 3->4->2 MB, 4 MB goal, 0 MB stacks, 0 MB globals, 16 P
gc 8256 @47.780s 3%: 0.12+0.66+0.10 ms clock, 1.9+0.56/0.86/0+1.7 ms cpu, 3->4->1 MB, 4 MB goal, 0 MB stacks, 0 MB globals, 16 P
gc 8257 @47.781s 3%: 0.16+0.56+0.12 ms clock, 2.5+0.63/0.87/0+2.0 ms cpu, 3->4->2 MB, 4 MB goal, 0 MB stacks, 0 MB globals, 16 P
gc 8258 @47.783s 3%: 0.14+0.69+0.14 ms clock, 2.2+0.60/1.0/0.007+2.3 ms cpu, 3->4->2 MB, 4 MB goal, 0 MB stacks, 0 MB globals, 16 P
gc 8259 @47.785s 3%: 0.097+0.57+0.078 ms clock, 1.5+0.45/0.93/0+1.2 ms cpu, 3->4->1 MB, 4 MB goal, 0 MB stacks, 0 MB globals, 16 P
gc 8260 @47.787s 3%: 0.11+0.61+0.056 ms clock, 1.8+0.50/0.85/0.004+0.89 ms cpu, 3->4->1 MB, 4 MB goal, 0 MB stacks, 0 MB globals, 16 P
gc 8261 @47.789s 3%: 0.11+0.72+0.097 ms clock, 1.8+0.65/0.80/0.051+1.5 ms cpu, 3->4->2 MB, 4 MB goal, 0 MB stacks, 0 MB globals, 16 P
gc 8262 @47.790s 3%: 0.13+0.60+0.088 ms clock, 2.1+0.58/0.77/0+1.4 ms cpu, 3->4->2 MB, 4 MB goal, 0 MB stacks, 0 MB globals, 16 P
gc 8263 @47.792s 3%: 0.12+0.44+0.11 ms clock, 2.0+0.58/0.74/0+1.8 ms cpu, 3->4->1 MB, 4 MB goal, 0 MB stacks, 0 MB globals, 16 P
gc 8264 @47.794s 3%: 0.17+0.61+0.064 ms clock, 2.8+0.65/0.85/0+1.0 ms cpu, 3->4->2 MB, 4 MB goal, 0 MB stacks, 0 MB globals, 16 P
gc 8265 @47.795s 3%: 0.11+0.46+0.15 ms clock, 1.8+0.63/0.78/0+2.4 ms cpu, 3->4->1 MB, 4 MB goal, 0 MB stacks, 0 MB globals, 16 P
gc 8266 @47.797s 3%: 0.10+0.64+0.073 ms clock, 1.6+0.52/0.96/0+1.1 ms cpu, 3->4->1 MB, 4 MB goal, 0 MB stacks, 0 MB globals, 16 P
gc 8267 @47.798s 3%: 0.12+0.79+0.097 ms clock, 2.0+0.67/0.79/0+1.5 ms cpu, 3->4->2 MB, 4 MB goal, 0 MB stacks, 0 MB globals, 16 P
gc 8268 @47.800s 3%: 0.096+0.49+0.18 ms clock, 1.5+0.69/0.82/0.064+2.8 ms cpu, 4->4->1 MB, 4 MB goal, 0 MB stacks, 0 MB globals, 16 P
gc 8269 @47.802s 3%: 0.19+0.69+0.10 ms clock, 3.1+0.64/0.91/0+1.6 ms cpu, 3->4->2 MB, 4 MB goal, 0 MB stacks, 0 MB globals, 16 P
gc 8270 @47.804s 3%: 0.13+0.72+0.093 ms clock, 2.1+0.44/0.93/0+1.4 ms cpu, 3->4->2 MB, 4 MB goal, 0 MB stacks, 0 MB globals, 16 P
gc 8271 @47.806s 3%: 0.12+0.45+0.11 ms clock, 2.0+0.49/0.88/0+1.8 ms cpu, 3->4->1 MB, 4 MB goal, 0 MB stacks, 0 MB globals, 16 P
gc 8272 @47.807s 3%: 0.14+0.61+0.14 ms clock, 2.3+0.77/0.85/0+2.3 ms cpu, 3->4->2 MB, 4 MB goal, 0 MB stacks, 0 MB globals, 16 P
gc 8273 @47.809s 3%: 0.11+0.65+0.14 ms clock, 1.7+0.54/0.99/0.003+2.3 ms cpu, 3->4->2 MB, 4 MB goal, 0 MB stacks, 0 MB globals, 16 P
gc 8274 @47.811s 3%: 0.14+0.69+0.093 ms clock, 2.3+0.69/0.77/0+1.4 ms cpu, 3->4->2 MB, 4 MB goal, 0 MB stacks, 0 MB globals, 16 P
gc 8275 @47.813s 3%: 0.15+0.67+0.093 ms clock, 2.5+0.43/0.92/0+1.5 ms cpu, 3->4->2 MB, 4 MB goal, 0 MB stacks, 0 MB globals, 16 P
gc 8276 @47.815s 3%: 0.17+0.53+0.075 ms clock, 2.8+0.61/0.85/0.010+1.2 ms cpu, 3->4->1 MB, 4 MB goal, 0 MB stacks, 0 MB globals, 16 P
gc 8277 @47.816s 3%: 0.11+0.62+0.11 ms clock, 1.8+0.50/0.88/0.020+1.8 ms cpu, 3->4->2 MB, 4 MB goal, 0 MB stacks, 0 MB globals, 16 P
gc 8278 @47.818s 3%: 0.10+0.56+0.097 ms clock, 1.7+0.48/0.90/0.001+1.5 ms cpu, 3->4->1 MB, 4 MB goal, 0 MB stacks, 0 MB globals, 16 P
gc 8279 @47.820s 3%: 0.19+0.58+0.077 ms clock, 3.1+0.45/0.89/0.002+1.2 ms cpu, 3->4->2 MB, 4 MB goal, 0 MB stacks, 0 MB globals, 16 P
gc 8280 @47.821s 3%: 0.15+0.65+0.047 ms clock, 2.4+0.56/0.96/0+0.76 ms cpu, 3->4->2 MB, 4 MB goal, 0 MB stacks, 0 MB globals, 16 P
gc 8281 @47.823s 3%: 0.10+0.41+0.11 ms clock, 1.6+0.70/0.72/0.033+1.8 ms cpu, 3->4->1 MB, 4 MB goal, 0 MB stacks, 0 MB globals, 16 P
gc 8282 @47.824s 3%: 0.15+0.50+0.093 ms clock, 2.5+0.69/0.79/0+1.4 ms cpu, 3->4->1 MB, 4 MB goal, 0 MB stacks, 0 MB globals, 16 P
gc 8283 @47.826s 3%: 0.13+0.47+0.19 ms clock, 2.0+0.61/0.77/0+3.0 ms cpu, 3->4->1 MB, 4 MB goal, 0 MB stacks, 0 MB globals, 16 P
gc 8284 @47.828s 3%: 0.15+0.70+0.090 ms clock, 2.5+0.76/0.82/0+1.4 ms cpu, 3->4->2 MB, 4 MB goal, 0 MB stacks, 0 MB globals, 16 P
gc 8285 @47.830s 3%: 0.12+0.65+0.091 ms clock, 1.9+0.38/0.87/0.026+1.4 ms cpu, 3->4->1 MB, 4 MB goal, 0 MB stacks, 0 MB globals, 16 P
gc 8286 @47.831s 3%: 0.16+0.58+0.17 ms clock, 2.7+0.62/0.85/0+2.8 ms cpu, 3->4->2 MB, 4 MB goal, 0 MB stacks, 0 MB globals, 16 P
gc 8287 @47.833s 3%: 0.13+0.79+0.029 ms clock, 2.0+0.61/1.0/0.013+0.46 ms cpu, 3->4->2 MB, 4 MB goal, 0 MB stacks, 0 MB globals, 16 P
gc 8288 @47.835s 3%: 0.18+0.51+0.11 ms clock, 2.9+0.63/0.75/0.007+1.7 ms cpu, 3->4->1 MB, 4 MB goal, 0 MB stacks, 0 MB globals, 16 P
gc 8289 @47.837s 3%: 0.13+0.62+0.096 ms clock, 2.0+0.64/0.86/0+1.5 ms cpu, 3->4->2 MB, 4 MB goal, 0 MB stacks, 0 MB globals, 16 P
gc 8290 @47.838s 3%: 0.10+0.71+0.093 ms clock, 1.6+0.66/0.82/0.049+1.4 ms cpu, 3->4->2 MB, 4 MB goal, 0 MB stacks, 0 MB globals, 16 P
gc 8291 @47.840s 3%: 0.12+0.69+0.10 ms clock, 2.0+0.58/0.89/0+1.7 ms cpu, 3->4->2 MB, 4 MB goal, 0 MB stacks, 0 MB globals, 16 P
gc 8292 @47.842s 3%: 0.14+0.56+0.056 ms clock, 2.3+0.58/0.79/0.004+0.91 ms cpu, 3->4->1 MB, 4 MB goal, 0 MB stacks, 0 MB globals, 16 P
gc 8293 @47.844s 3%: 0.13+0.59+0.13 ms clock, 2.1+0.57/0.88/0.001+2.1 ms cpu, 3->4->1 MB, 4 MB goal, 0 MB stacks, 0 MB globals, 16 P
gc 8294 @47.845s 3%: 0.11+0.64+0.061 ms clock, 1.9+0.53/0.88/0.099+0.98 ms cpu, 3->4->2 MB, 4 MB goal, 0 MB stacks, 0 MB globals, 16 P
gc 8295 @47.847s 3%: 0.15+0.51+0.13 ms clock, 2.4+0.62/0.79/0+2.1 ms cpu, 3->4->2 MB, 4 MB goal, 0 MB stacks, 0 MB globals, 16 P
gc 8296 @47.849s 3%: 0.13+0.50+0.10 ms clock, 2.1+0.63/0.70/0+1.6 ms cpu, 3->4->1 MB, 4 MB goal, 0 MB stacks, 0 MB globals, 16 P
gc 8297 @47.850s 3%: 0.16+0.47+0.15 ms clock, 2.6+0.64/0.74/0.009+2.4 ms cpu, 3->4->1 MB, 4 MB goal, 0 MB stacks, 0 MB globals, 16 P
gc 8298 @47.852s 3%: 0.13+0.65+0.10 ms clock, 2.2+0.49/0.94/0.006+1.6 ms cpu, 3->4->2 MB, 4 MB goal, 0 MB stacks, 0 MB globals, 16 P
gc 8299 @47.854s 3%: 0.12+0.57+0.10 ms clock, 1.9+0.56/0.89/0+1.6 ms cpu, 3->4->1 MB, 4 MB goal, 0 MB stacks, 0 MB globals, 16 P
gc 8300 @47.855s 3%: 0.15+0.61+0.15 ms clock, 2.4+0.82/0.89/0+2.5 ms cpu, 3->4->2 MB, 4 MB goal, 0 MB stacks, 0 MB globals, 16 P
gc 8301 @47.857s 3%: 0.19+0.57+0.11 ms clock, 3.1+0.62/0.89/0+1.8 ms cpu, 3->4->2 MB, 4 MB goal, 0 MB stacks, 0 MB globals, 16 P
gc 8302 @47.859s 3%: 0.12+0.57+0.13 ms clock, 2.0+0.60/0.83/0.003+2.1 ms cpu, 3->4->1 MB, 4 MB goal, 0 MB stacks, 0 MB globals, 16 P
gc 8303 @47.861s 3%: 0.16+0.50+0.095 ms clock, 2.7+0.56/0.87/0+1.5 ms cpu, 3->4->1 MB, 4 MB goal, 0 MB stacks, 0 MB globals, 16 P
gc 8304 @47.862s 3%: 0.12+0.46+0.11 ms clock, 1.9+0.55/0.85/0.020+1.8 ms cpu, 3->4->1 MB, 4 MB goal, 0 MB stacks, 0 MB globals, 16 P
gc 8305 @47.864s 3%: 0.10+0.60+0.10 ms clock, 1.7+0.61/0.83/0.041+1.6 ms cpu, 3->4->1 MB, 4 MB goal, 0 MB stacks, 0 MB globals, 16 P
gc 8306 @47.866s 3%: 0.080+0.62+0.11 ms clock, 1.2+0.66/0.82/0+1.7 ms cpu, 3->4->2 MB, 4 MB goal, 0 MB stacks, 0 MB globals, 16 P
gc 8307 @47.867s 3%: 0.11+0.55+0.14 ms clock, 1.8+0.61/0.72/0.035+2.3 ms cpu, 3->4->1 MB, 4 MB goal, 0 MB stacks, 0 MB globals, 16 P
gc 8308 @47.869s 3%: 0.10+0.55+0.081 ms clock, 1.7+0.63/0.79/0.048+1.2 ms cpu, 3->4->1 MB, 4 MB goal, 0 MB stacks, 0 MB globals, 16 P
gc 8309 @47.871s 3%: 0.11+0.88+0.085 ms clock, 1.8+0.53/0.80/0+1.3 ms cpu, 3->4->2 MB, 4 MB goal, 0 MB stacks, 0 MB globals, 16 P
gc 8310 @47.873s 3%: 0.17+0.58+0.10 ms clock, 2.8+0.66/0.79/0.004+1.7 ms cpu, 3->4->2 MB, 4 MB goal, 0 MB stacks, 0 MB globals, 16 P
gc 8311 @47.874s 3%: 0.11+0.59+0.15 ms clock, 1.8+0.71/0.71/0+2.4 ms cpu, 3->4->2 MB, 4 MB goal, 0 MB stacks, 0 MB globals, 16 P
gc 8312 @47.876s 3%: 0.19+0.51+0.16 ms clock, 3.0+0.61/0.85/0+2.6 ms cpu, 3->4->1 MB, 4 MB goal, 0 MB stacks, 0 MB globals, 16 P
gc 8313 @47.878s 3%: 0.16+0.68+0.14 ms clock, 2.6+0.64/0.80/0.018+2.3 ms cpu, 3->4->2 MB, 4 MB goal, 0 MB stacks, 0 MB globals, 16 P
gc 8314 @47.880s 3%: 0.10+0.64+0.18 ms clock, 1.7+0.63/0.89/0+2.9 ms cpu, 4->4->1 MB, 4 MB goal, 0 MB stacks, 0 MB globals, 16 P
gc 8315 @47.881s 3%: 0.10+0.53+0.11 ms clock, 1.7+0.57/0.90/0.010+1.8 ms cpu, 3->4->1 MB, 4 MB goal, 0 MB stacks, 0 MB globals, 16 P
gc 8316 @47.883s 3%: 0.10+0.44+0.10 ms clock, 1.6+0.45/0.84/0+1.7 ms cpu, 3->4->1 MB, 4 MB goal, 0 MB stacks, 0 MB globals, 16 P
gc 8317 @47.884s 3%: 0.14+0.67+0.056 ms clock, 2.3+0.61/0.85/0+0.89 ms cpu, 3->4->2 MB, 4 MB goal, 0 MB stacks, 0 MB globals, 16 P
gc 8318 @47.886s 3%: 0.15+0.54+0.076 ms clock, 2.4+0.60/0.64/0.049+1.2 ms cpu, 3->4->1 MB, 4 MB goal, 0 MB stacks, 0 MB globals, 16 P
gc 8319 @47.888s 3%: 0.10+0.58+0.16 ms clock, 1.7+0.61/0.81/0.006+2.5 ms cpu, 3->4->1 MB, 4 MB goal, 0 MB stacks, 0 MB globals, 16 P
gc 8320 @47.889s 3%: 0.088+0.53+0.16 ms clock, 1.4+0.36/0.88/0+2.5 ms cpu, 3->4->1 MB, 4 MB goal, 0 MB stacks, 0 MB globals, 16 P
gc 8321 @47.891s 3%: 0.12+0.65+0.11 ms clock, 2.0+0.45/0.98/0+1.8 ms cpu, 3->4->2 MB, 4 MB goal, 0 MB stacks, 0 MB globals, 16 P
gc 8322 @47.893s 3%: 0.13+0.57+0.13 ms clock, 2.1+0.54/0.99/0+2.1 ms cpu, 3->4->2 MB, 4 MB goal, 0 MB stacks, 0 MB globals, 16 P
gc 8323 @47.894s 3%: 0.12+0.56+0.11 ms clock, 2.0+0.44/0.95/0+1.8 ms cpu, 3->4->1 MB, 4 MB goal, 0 MB stacks, 0 MB globals, 16 P
gc 8324 @47.896s 3%: 0.090+0.48+0.11 ms clock, 1.4+0.50/0.81/0.013+1.8 ms cpu, 3->4->1 MB, 4 MB goal, 0 MB stacks, 0 MB globals, 16 P
gc 8325 @47.898s 3%: 0.12+0.48+0.066 ms clock, 2.0+0.52/0.73/0+1.0 ms cpu, 3->4->1 MB, 4 MB goal, 0 MB stacks, 0 MB globals, 16 P
gc 8326 @47.899s 3%: 0.11+0.51+0.12 ms clock, 1.8+0.48/0.91/0.005+1.9 ms cpu, 3->4->1 MB, 4 MB goal, 0 MB stacks, 0 MB globals, 16 P
gc 8327 @47.901s 3%: 0.14+0.73+0.097 ms clock, 2.2+0.64/0.85/0+1.5 ms cpu, 3->4->2 MB, 4 MB goal, 0 MB stacks, 0 MB globals, 16 P
gc 8328 @47.903s 3%: 0.10+0.52+0.086 ms clock, 1.6+0.61/0.80/0+1.3 ms cpu, 3->4->1 MB, 4 MB goal, 0 MB stacks, 0 MB globals, 16 P
gc 8329 @47.904s 3%: 0.10+0.56+0.10 ms clock, 1.6+0.53/0.75/0+1.6 ms cpu, 3->4->1 MB, 4 MB goal, 0 MB stacks, 0 MB globals, 16 P
gc 8330 @47.906s 3%: 0.16+0.43+0.11 ms clock, 2.5+0.63/0.71/0+1.7 ms cpu, 3->4->1 MB, 4 MB goal, 0 MB stacks, 0 MB globals, 16 P
gc 8331 @47.907s 3%: 0.13+0.61+0.17 ms clock, 2.2+0.58/0.86/0+2.8 ms cpu, 3->4->2 MB, 4 MB goal, 0 MB stacks, 0 MB globals, 16 P
gc 8332 @47.909s 3%: 0.11+0.65+0.10 ms clock, 1.9+0.66/0.98/0.031+1.6 ms cpu, 3->4->2 MB, 4 MB goal, 0 MB stacks, 0 MB globals, 16 P
gc 8333 @47.911s 3%: 0.12+0.49+0.11 ms clock, 1.9+0.46/0.92/0.007+1.7 ms cpu, 3->4->1 MB, 4 MB goal, 0 MB stacks, 0 MB globals, 16 P
gc 8334 @47.912s 3%: 0.15+0.60+0.10 ms clock, 2.5+0.57/0.84/0+1.6 ms cpu, 3->4->1 MB, 4 MB goal, 0 MB stacks, 0 MB globals, 16 P
gc 8335 @47.914s 3%: 0.13+0.53+0.091 ms clock, 2.2+0.69/0.80/0.036+1.4 ms cpu, 3->4->1 MB, 4 MB goal, 0 MB stacks, 0 MB globals, 16 P
gc 8336 @47.916s 3%: 0.12+0.67+0.10 ms clock, 1.9+0.50/0.93/0.10+1.6 ms cpu, 3->4->1 MB, 4 MB goal, 0 MB stacks, 0 MB globals, 16 P
gc 8337 @47.917s 3%: 0.14+0.63+0.095 ms clock, 2.3+0.69/0.95/0+1.5 ms cpu, 3->4->2 MB, 4 MB goal, 0 MB stacks, 0 MB globals, 16 P
gc 8338 @47.919s 3%: 0.15+0.60+0.11 ms clock, 2.4+0.65/0.77/0+1.7 ms cpu, 3->4->1 MB, 4 MB goal, 0 MB stacks, 0 MB globals, 16 P
gc 8339 @47.921s 3%: 0.11+0.60+0.083 ms clock, 1.8+0.71/0.81/0+1.3 ms cpu, 3->4->2 MB, 4 MB goal, 0 MB stacks, 0 MB globals, 16 P
gc 8340 @47.923s 3%: 0.15+0.51+0.12 ms clock, 2.5+0.59/0.78/0+1.9 ms cpu, 3->4->1 MB, 4 MB goal, 0 MB stacks, 0 MB globals, 16 P
gc 8341 @47.924s 3%: 0.11+0.66+0.13 ms clock, 1.7+0.64/0.85/0+2.1 ms cpu, 3->4->2 MB, 4 MB goal, 0 MB stacks, 0 MB globals, 16 P
gc 8342 @47.926s 3%: 0.12+0.54+0.14 ms clock, 1.9+0.58/0.71/0+2.3 ms cpu, 3->4->1 MB, 4 MB goal, 0 MB stacks, 0 MB globals, 16 P
gc 8343 @47.928s 3%: 0.11+0.57+0.11 ms clock, 1.8+0.48/0.91/0.005+1.7 ms cpu, 3->4->1 MB, 4 MB goal, 0 MB stacks, 0 MB globals, 16 P
gc 8344 @47.929s 3%: 0.14+0.57+0.11 ms clock, 2.2+0.73/0.78/0+1.8 ms cpu, 3->4->2 MB, 4 MB goal, 0 MB stacks, 0 MB globals, 16 P
gc 8345 @47.931s 3%: 0.11+0.64+0.14 ms clock, 1.8+0.50/0.82/0+2.2 ms cpu, 3->4->2 MB, 4 MB goal, 0 MB stacks, 0 MB globals, 16 P
gc 8346 @47.933s 3%: 0.14+0.65+0.14 ms clock, 2.2+0.73/0.79/0.021+2.3 ms cpu, 3->4->2 MB, 4 MB goal, 0 MB stacks, 0 MB globals, 16 P
gc 8347 @47.935s 3%: 0.14+0.48+0.098 ms clock, 2.3+0.57/0.76/0+1.5 ms cpu, 3->4->1 MB, 4 MB goal, 0 MB stacks, 0 MB globals, 16 P
gc 8348 @47.936s 3%: 0.12+0.63+0.098 ms clock, 2.0+0.79/0.82/0+1.5 ms cpu, 3->4->2 MB, 4 MB goal, 0 MB stacks, 0 MB globals, 16 P
gc 8349 @47.938s 3%: 0.11+0.67+0.086 ms clock, 1.8+0.53/0.93/0+1.3 ms cpu, 3->4->2 MB, 4 MB goal, 0 MB stacks, 0 MB globals, 16 P
gc 8350 @47.940s 3%: 0.11+0.74+0.10 ms clock, 1.7+0.66/0.92/0+1.6 ms cpu, 3->4->2 MB, 4 MB goal, 0 MB stacks, 0 MB globals, 16 P
gc 8351 @47.942s 3%: 0.16+0.61+0.095 ms clock, 2.6+0.64/0.77/0.008+1.5 ms cpu, 3->4->1 MB, 4 MB goal, 0 MB stacks, 0 MB globals, 16 P
gc 8352 @47.943s 3%: 0.11+0.51+0.15 ms clock, 1.8+0.56/0.88/0+2.4 ms cpu, 3->4->1 MB, 4 MB goal, 0 MB stacks, 0 MB globals, 16 P
gc 8353 @47.945s 3%: 0.12+0.57+0.089 ms clock, 2.0+0.58/0.77/0+1.4 ms cpu, 3->4->1 MB, 4 MB goal, 0 MB stacks, 0 MB globals, 16 P
gc 8354 @47.947s 3%: 0.12+0.59+0.082 ms clock, 2.0+0.42/0.88/0+1.3 ms cpu, 3->4->1 MB, 4 MB goal, 0 MB stacks, 0 MB globals, 16 P
gc 8355 @47.948s 3%: 0.17+0.59+0.11 ms clock, 2.7+0.49/0.86/0.026+1.7 ms cpu, 3->4->2 MB, 4 MB goal, 0 MB stacks, 0 MB globals, 16 P
gc 8356 @47.950s 3%: 0.12+0.61+0.087 ms clock, 2.0+0.54/0.76/0.011+1.3 ms cpu, 3->4->2 MB, 4 MB goal, 0 MB stacks, 0 MB globals, 16 P
gc 8357 @47.952s 3%: 0.10+0.71+0.093 ms clock, 1.7+0.48/0.93/0.005+1.4 ms cpu, 3->4->2 MB, 4 MB goal, 0 MB stacks, 0 MB globals, 16 P
gc 8358 @47.954s 3%: 0.12+0.45+0.12 ms clock, 2.0+0.58/0.85/0.021+2.0 ms cpu, 3->4->1 MB, 4 MB goal, 0 MB stacks, 0 MB globals, 16 P
gc 8359 @47.955s 3%: 0.10+0.72+0.096 ms clock, 1.7+0.69/0.83/0.011+1.5 ms cpu, 3->4->1 MB, 4 MB goal, 0 MB stacks, 0 MB globals, 16 P
gc 8360 @47.957s 3%: 0.18+0.72+0.079 ms clock, 2.9+0.56/1.0/0.058+1.2 ms cpu, 3->4->2 MB, 4 MB goal, 0 MB stacks, 0 MB globals, 16 P
gc 8361 @47.959s 3%: 0.15+0.72+0.14 ms clock, 2.4+0.69/0.80/0+2.3 ms cpu, 3->4->2 MB, 4 MB goal, 0 MB stacks, 0 MB globals, 16 P
gc 8362 @47.961s 3%: 0.11+0.60+0.10 ms clock, 1.8+0.64/0.78/0+1.6 ms cpu, 3->4->1 MB, 4 MB goal, 0 MB stacks, 0 MB globals, 16 P
gc 8363 @47.963s 3%: 0.14+0.44+0.12 ms clock, 2.3+0.65/0.72/0+2.0 ms cpu, 3->4->1 MB, 4 MB goal, 0 MB stacks, 0 MB globals, 16 P
gc 8364 @47.964s 3%: 0.11+0.56+0.15 ms clock, 1.9+0.60/0.87/0.005+2.4 ms cpu, 3->4->2 MB, 4 MB goal, 0 MB stacks, 0 MB globals, 16 P
gc 8365 @47.966s 3%: 0.12+0.63+0.11 ms clock, 2.0+0.65/0.86/0+1.7 ms cpu, 3->4->2 MB, 4 MB goal, 0 MB stacks, 0 MB globals, 16 P
gc 8366 @47.968s 3%: 0.12+0.57+0.16 ms clock, 1.9+0.29/0.88/0+2.6 ms cpu, 3->4->1 MB, 4 MB goal, 0 MB stacks, 0 MB globals, 16 P
gc 8367 @47.969s 3%: 0.17+0.63+0.10 ms clock, 2.8+0.61/0.87/0+1.6 ms cpu, 3->4->2 MB, 4 MB goal, 0 MB stacks, 0 MB globals, 16 P
gc 8368 @47.971s 3%: 0.11+0.54+0.083 ms clock, 1.7+0.64/0.84/0+1.3 ms cpu, 3->4->1 MB, 4 MB goal, 0 MB stacks, 0 MB globals, 16 P
gc 8369 @47.973s 3%: 0.18+0.55+0.055 ms clock, 2.9+0.64/0.72/0+0.89 ms cpu, 3->4->1 MB, 4 MB goal, 0 MB stacks, 0 MB globals, 16 P
gc 8370 @47.974s 3%: 0.12+0.66+0.069 ms clock, 1.9+0.53/0.87/0.005+1.1 ms cpu, 3->4->2 MB, 4 MB goal, 0 MB stacks, 0 MB globals, 16 P
gc 8371 @47.976s 3%: 0.13+0.86+0.075 ms clock, 2.1+0.76/0.77/0+1.2 ms cpu, 3->4->2 MB, 4 MB goal, 0 MB stacks, 0 MB globals, 16 P
gc 8372 @47.978s 3%: 0.16+0.52+0.15 ms clock, 2.7+0.54/0.85/0+2.4 ms cpu, 3->4->2 MB, 4 MB goal, 0 MB stacks, 0 MB globals, 16 P
gc 8373 @47.980s 3%: 0.079+0.91+0.10 ms clock, 1.2+0.48/0.96/0.003+1.7 ms cpu, 3->4->2 MB, 4 MB goal, 0 MB stacks, 0 MB globals, 16 P
gc 8374 @47.982s 3%: 0.099+0.57+0.14 ms clock, 1.5+0.61/0.79/0+2.3 ms cpu, 4->4->1 MB, 4 MB goal, 0 MB stacks, 0 MB globals, 16 P
gc 8375 @47.984s 3%: 0.16+0.50+0.14 ms clock, 2.6+0.45/0.72/0.060+2.3 ms cpu, 3->4->1 MB, 4 MB goal, 0 MB stacks, 0 MB globals, 16 P
gc 8376 @47.985s 3%: 0.13+0.63+0.056 ms clock, 2.0+0.54/0.99/0+0.89 ms cpu, 3->4->2 MB, 4 MB goal, 0 MB stacks, 0 MB globals, 16 P
gc 8377 @47.987s 3%: 0.12+0.70+0.070 ms clock, 2.0+0.58/0.96/0.001+1.1 ms cpu, 3->4->2 MB, 4 MB goal, 0 MB stacks, 0 MB globals, 16 P
gc 8378 @47.989s 3%: 0.12+0.48+0.19 ms clock, 1.9+0.67/0.81/0+3.1 ms cpu, 3->4->1 MB, 4 MB goal, 0 MB stacks, 0 MB globals, 16 P
gc 8379 @47.990s 3%: 0.13+0.50+0.11 ms clock, 2.1+0.57/0.88/0.027+1.7 ms cpu, 3->4->1 MB, 4 MB goal, 0 MB stacks, 0 MB globals, 16 P
gc 8380 @47.992s 3%: 0.12+0.92+0.098 ms clock, 1.9+0.62/0.96/0+1.5 ms cpu, 3->4->2 MB, 4 MB goal, 0 MB stacks, 0 MB globals, 16 P
gc 8381 @47.994s 3%: 0.13+0.64+0.094 ms clock, 2.1+0.65/0.71/0+1.5 ms cpu, 4->4->2 MB, 4 MB goal, 0 MB stacks, 0 MB globals, 16 P
gc 8382 @47.996s 3%: 0.12+0.70+0.091 ms clock, 2.0+0.54/0.79/0.063+1.4 ms cpu, 3->4->2 MB, 4 MB goal, 0 MB stacks, 0 MB globals, 16 P
gc 8383 @47.998s 3%: 0.10+0.57+0.072 ms clock, 1.7+0.64/0.88/0+1.1 ms cpu, 3->4->1 MB, 4 MB goal, 0 MB stacks, 0 MB globals, 16 P
gc 8384 @47.999s 3%: 0.13+0.78+0.10 ms clock, 2.2+0.62/1.0/0+1.7 ms cpu, 3->4->2 MB, 4 MB goal, 0 MB stacks, 0 MB globals, 16 P
gc 8385 @48.001s 3%: 0.11+0.55+0.10 ms clock, 1.7+0.54/0.78/0+1.6 ms cpu, 3->4->1 MB, 4 MB goal, 0 MB stacks, 0 MB globals, 16 P
gc 8386 @48.003s 3%: 0.12+0.52+0.15 ms clock, 1.9+0.46/0.94/0+2.4 ms cpu, 3->4->1 MB, 4 MB goal, 0 MB stacks, 0 MB globals, 16 P
gc 8387 @48.004s 3%: 0.11+0.60+0.11 ms clock, 1.8+0.78/0.77/0+1.7 ms cpu, 3->4->2 MB, 4 MB goal, 0 MB stacks, 0 MB globals, 16 P
gc 8388 @48.006s 3%: 0.11+0.62+0.096 ms clock, 1.9+0.52/0.86/0.004+1.5 ms cpu, 3->4->1 MB, 4 MB goal, 0 MB stacks, 0 MB globals, 16 P
gc 8389 @48.008s 3%: 0.12+0.63+0.10 ms clock, 1.9+0.68/0.88/0+1.7 ms cpu, 3->4->2 MB, 4 MB goal, 0 MB stacks, 0 MB globals, 16 P
gc 8390 @48.009s 3%: 0.12+0.61+0.065 ms clock, 1.9+0.51/0.80/0.027+1.0 ms cpu, 3->4->1 MB, 4 MB goal, 0 MB stacks, 0 MB globals, 16 P
gc 8391 @48.011s 3%: 0.11+0.60+0.14 ms clock, 1.8+0.62/0.84/0.037+2.3 ms cpu, 3->4->1 MB, 4 MB goal, 0 MB stacks, 0 MB globals, 16 P
gc 8392 @48.013s 3%: 0.13+0.54+0.12 ms clock, 2.0+0.53/0.83/0+1.9 ms cpu, 3->4->1 MB, 4 MB goal, 0 MB stacks, 0 MB globals, 16 P
gc 8393 @48.014s 3%: 0.16+0.54+0.10 ms clock, 2.5+0.71/0.77/0+1.7 ms cpu, 3->4->1 MB, 4 MB goal, 0 MB stacks, 0 MB globals, 16 P
gc 8394 @48.016s 3%: 0.13+0.73+0.10 ms clock, 2.1+0.60/0.94/0+1.7 ms cpu, 3->4->2 MB, 4 MB goal, 0 MB stacks, 0 MB globals, 16 P
gc 8395 @48.018s 3%: 0.12+0.58+0.11 ms clock, 1.9+0.52/0.93/0.019+1.8 ms cpu, 3->4->1 MB, 4 MB goal, 0 MB stacks, 0 MB globals, 16 P
gc 8396 @48.019s 3%: 0.11+0.62+0.079 ms clock, 1.7+0.65/0.74/0.007+1.2 ms cpu, 3->4->1 MB, 4 MB goal, 0 MB stacks, 0 MB globals, 16 P
gc 8397 @48.021s 3%: 0.18+0.62+0.075 ms clock, 2.8+0.60/0.80/0+1.2 ms cpu, 3->4->2 MB, 4 MB goal, 0 MB stacks, 0 MB globals, 16 P
gc 8398 @48.023s 3%: 0.14+0.50+0.076 ms clock, 2.3+0.53/0.97/0+1.2 ms cpu, 3->4->1 MB, 4 MB goal, 0 MB stacks, 0 MB globals, 16 P
gc 8399 @48.024s 3%: 0.10+0.78+0.12 ms clock, 1.6+0.70/0.82/0+1.9 ms cpu, 3->4->2 MB, 4 MB goal, 0 MB stacks, 0 MB globals, 16 P
gc 8400 @48.026s 3%: 0.11+0.60+0.16 ms clock, 1.7+0.47/0.82/0+2.5 ms cpu, 4->4->1 MB, 4 MB goal, 0 MB stacks, 0 MB globals, 16 P
gc 8401 @48.028s 3%: 0.23+0.63+0.11 ms clock, 3.6+0.69/0.84/0+1.9 ms cpu, 3->4->2 MB, 4 MB goal, 0 MB stacks, 0 MB globals, 16 P
gc 8402 @48.030s 3%: 0.10+0.59+0.13 ms clock, 1.7+0.60/0.81/0.002+2.1 ms cpu, 3->4->2 MB, 4 MB goal, 0 MB stacks, 0 MB globals, 16 P
gc 8403 @48.032s 3%: 0.13+0.59+0.098 ms clock, 2.2+0.67/0.92/0.090+1.5 ms cpu, 3->4->2 MB, 4 MB goal, 0 MB stacks, 0 MB globals, 16 P
gc 8404 @48.033s 3%: 0.11+0.60+0.096 ms clock, 1.9+0.54/0.95/0+1.5 ms cpu, 3->4->1 MB, 4 MB goal, 0 MB stacks, 0 MB globals, 16 P
gc 8405 @48.035s 3%: 0.11+0.81+0.048 ms clock, 1.8+0.47/0.91/0.042+0.77 ms cpu, 3->4->2 MB, 4 MB goal, 0 MB stacks, 0 MB globals, 16 P
gc 8406 @48.037s 3%: 0.12+0.56+0.088 ms clock, 1.9+0.61/0.80/0.020+1.4 ms cpu, 3->4->1 MB, 4 MB goal, 0 MB stacks, 0 MB globals, 16 P
gc 8407 @48.039s 3%: 0.11+0.75+0.087 ms clock, 1.7+0.63/0.98/0+1.4 ms cpu, 3->4->2 MB, 4 MB goal, 0 MB stacks, 0 MB globals, 16 P
gc 8408 @48.041s 3%: 0.11+0.51+0.19 ms clock, 1.8+0.59/0.93/0+3.0 ms cpu, 3->4->1 MB, 4 MB goal, 0 MB stacks, 0 MB globals, 16 P
gc 8409 @48.042s 3%: 0.14+0.59+0.13 ms clock, 2.3+0.51/0.98/0.009+2.1 ms cpu, 3->4->2 MB, 4 MB goal, 0 MB stacks, 0 MB globals, 16 P
gc 8410 @48.044s 3%: 0.11+0.63+0.16 ms clock, 1.8+0.65/0.86/0+2.6 ms cpu, 3->4->1 MB, 4 MB goal, 0 MB stacks, 0 MB globals, 16 P
gc 8411 @48.046s 3%: 0.16+0.66+0.15 ms clock, 2.6+0.72/0.90/0.002+2.4 ms cpu, 3->4->2 MB, 4 MB goal, 0 MB stacks, 0 MB globals, 16 P
gc 8412 @48.048s 3%: 0.13+0.66+0.11 ms clock, 2.0+0.51/0.81/0+1.8 ms cpu, 3->4->2 MB, 4 MB goal, 0 MB stacks, 0 MB globals, 16 P
gc 8413 @48.049s 3%: 0.15+0.68+0.074 ms clock, 2.4+0.54/0.76/0.15+1.1 ms cpu, 3->4->2 MB, 4 MB goal, 0 MB stacks, 0 MB globals, 16 P
gc 8414 @48.051s 3%: 0.10+0.86+0.075 ms clock, 1.7+0.69/0.92/0.009+1.2 ms cpu, 3->4->2 MB, 4 MB goal, 0 MB stacks, 0 MB globals, 16 P
gc 8415 @48.053s 3%: 0.12+0.42+0.14 ms clock, 2.0+0.54/0.78/0+2.3 ms cpu, 4->4->1 MB, 4 MB goal, 0 MB stacks, 0 MB globals, 16 P
gc 8416 @48.055s 3%: 0.12+0.60+0.13 ms clock, 2.0+0.74/0.97/0+2.1 ms cpu, 3->4->2 MB, 4 MB goal, 0 MB stacks, 0 MB globals, 16 P
gc 8417 @48.056s 3%: 0.10+0.61+0.061 ms clock, 1.6+0.49/0.86/0+0.97 ms cpu, 3->4->1 MB, 4 MB goal, 0 MB stacks, 0 MB globals, 16 P
gc 8418 @48.058s 3%: 0.092+0.91+0.075 ms clock, 1.4+0.52/0.91/0.004+1.2 ms cpu, 3->4->2 MB, 4 MB goal, 0 MB stacks, 0 MB globals, 16 P
gc 8419 @48.060s 3%: 0.12+0.67+0.091 ms clock, 1.9+0.57/0.77/0+1.4 ms cpu, 4->4->2 MB, 4 MB goal, 0 MB stacks, 0 MB globals, 16 P
gc 8420 @48.062s 3%: 0.13+0.51+0.12 ms clock, 2.1+0.46/0.92/0+1.9 ms cpu, 3->4->1 MB, 4 MB goal, 0 MB stacks, 0 MB globals, 16 P
gc 8421 @48.064s 3%: 0.11+0.70+0.088 ms clock, 1.8+0.63/0.84/0.026+1.4 ms cpu, 3->4->2 MB, 4 MB goal, 0 MB stacks, 0 MB globals, 16 P
gc 8422 @48.066s 3%: 0.13+0.46+0.13 ms clock, 2.2+0.64/0.78/0+2.2 ms cpu, 3->4->1 MB, 4 MB goal, 0 MB stacks, 0 MB globals, 16 P
gc 8423 @48.067s 3%: 0.10+0.65+0.10 ms clock, 1.6+0.61/0.74/0+1.7 ms cpu, 3->4->1 MB, 4 MB goal, 0 MB stacks, 0 MB globals, 16 P
gc 8424 @48.069s 3%: 0.19+0.53+0.086 ms clock, 3.0+0.61/0.96/0+1.3 ms cpu, 3->4->2 MB, 4 MB goal, 0 MB stacks, 0 MB globals, 16 P
gc 8425 @48.071s 3%: 0.12+0.49+0.11 ms clock, 1.9+0.56/0.83/0.029+1.7 ms cpu, 3->4->1 MB, 4 MB goal, 0 MB stacks, 0 MB globals, 16 P
gc 8426 @48.072s 3%: 0.12+0.62+0.087 ms clock, 2.0+0.56/0.97/0+1.4 ms cpu, 3->4->1 MB, 4 MB goal, 0 MB stacks, 0 MB globals, 16 P
gc 8427 @48.074s 3%: 0.12+0.53+0.15 ms clock, 1.9+0.65/0.87/0.003+2.5 ms cpu, 3->4->1 MB, 4 MB goal, 0 MB stacks, 0 MB globals, 16 P
gc 8428 @48.076s 3%: 0.12+0.77+0.14 ms clock, 1.9+0.72/0.85/0+2.2 ms cpu, 3->4->2 MB, 4 MB goal, 0 MB stacks, 0 MB globals, 16 P
gc 8429 @48.078s 3%: 0.13+0.49+0.15 ms clock, 2.1+0.74/0.76/0.018+2.4 ms cpu, 3->4->1 MB, 4 MB goal, 0 MB stacks, 0 MB globals, 16 P
gc 8430 @48.079s 3%: 0.10+0.54+0.12 ms clock, 1.7+0.56/0.84/0.025+2.0 ms cpu, 3->4->1 MB, 4 MB goal, 0 MB stacks, 0 MB globals, 16 P
gc 8431 @48.081s 3%: 0.11+0.74+0.076 ms clock, 1.8+0.57/1.0/0+1.2 ms cpu, 3->4->2 MB, 4 MB goal, 0 MB stacks, 0 MB globals, 16 P
gc 8432 @48.083s 3%: 0.13+0.65+0.096 ms clock, 2.1+0.66/0.85/0.029+1.5 ms cpu, 3->4->2 MB, 4 MB goal, 0 MB stacks, 0 MB globals, 16 P
gc 8433 @48.084s 3%: 0.15+0.71+0.051 ms clock, 2.4+0.74/0.78/0+0.82 ms cpu, 3->4->2 MB, 4 MB goal, 0 MB stacks, 0 MB globals, 16 P
gc 8434 @48.086s 3%: 0.11+0.63+0.094 ms clock, 1.8+0.50/0.97/0.030+1.5 ms cpu, 3->4->2 MB, 4 MB goal, 0 MB stacks, 0 MB globals, 16 P
gc 8435 @48.088s 3%: 0.12+0.65+0.11 ms clock, 1.9+0.63/0.66/0.070+1.9 ms cpu, 3->4->2 MB, 4 MB goal, 0 MB stacks, 0 MB globals, 16 P
gc 8436 @48.090s 3%: 0.098+0.49+0.076 ms clock, 1.5+0.59/0.83/0+1.2 ms cpu, 3->4->1 MB, 4 MB goal, 0 MB stacks, 0 MB globals, 16 P
gc 8437 @48.091s 3%: 0.13+0.49+0.15 ms clock, 2.1+0.50/0.86/0+2.4 ms cpu, 3->4->1 MB, 4 MB goal, 0 MB stacks, 0 MB globals, 16 P
gc 8438 @48.093s 3%: 0.12+0.53+0.15 ms clock, 2.0+0.57/0.74/0.035+2.4 ms cpu, 3->4->2 MB, 4 MB goal, 0 MB stacks, 0 MB globals, 16 P
gc 8439 @48.095s 3%: 0.11+0.50+0.14 ms clock, 1.7+0.55/0.81/0.012+2.3 ms cpu, 3->4->1 MB, 4 MB goal, 0 MB stacks, 0 MB globals, 16 P
gc 8440 @48.096s 3%: 0.12+0.69+0.091 ms clock, 1.9+0.63/0.74/0+1.4 ms cpu, 3->4->2 MB, 4 MB goal, 0 MB stacks, 0 MB globals, 16 P
gc 8441 @48.098s 3%: 0.11+0.70+0.098 ms clock, 1.8+0.64/0.83/0.067+1.5 ms cpu, 3->4->2 MB, 4 MB goal, 0 MB stacks, 0 MB globals, 16 P
gc 8442 @48.100s 3%: 0.11+0.51+0.13 ms clock, 1.7+0.46/0.86/0.006+2.1 ms cpu, 3->4->1 MB, 4 MB goal, 0 MB stacks, 0 MB globals, 16 P
gc 8443 @48.101s 3%: 0.10+0.57+0.086 ms clock, 1.7+0.56/0.83/0+1.3 ms cpu, 3->4->1 MB, 4 MB goal, 0 MB stacks, 0 MB globals, 16 P
gc 8444 @48.103s 3%: 0.16+0.54+0.11 ms clock, 2.6+0.56/0.83/0.034+1.9 ms cpu, 3->4->1 MB, 4 MB goal, 0 MB stacks, 0 MB globals, 16 P
gc 8445 @48.104s 3%: 0.15+0.55+0.058 ms clock, 2.5+0.72/0.83/0+0.93 ms cpu, 3->4->1 MB, 4 MB goal, 0 MB stacks, 0 MB globals, 16 P
gc 8446 @48.106s 3%: 0.13+0.61+0.12 ms clock, 2.1+0.67/0.79/0+2.0 ms cpu, 3->4->2 MB, 4 MB goal, 0 MB stacks, 0 MB globals, 16 P
gc 8447 @48.108s 3%: 0.14+0.50+0.14 ms clock, 2.3+0.64/0.86/0+2.3 ms cpu, 3->4->1 MB, 4 MB goal, 0 MB stacks, 0 MB globals, 16 P
gc 8448 @48.110s 3%: 0.11+0.50+0.082 ms clock, 1.7+0.55/0.76/0+1.3 ms cpu, 3->4->1 MB, 4 MB goal, 0 MB stacks, 0 MB globals, 16 P
gc 8449 @48.111s 3%: 0.11+0.71+0.15 ms clock, 1.8+0.57/0.72/0.13+2.4 ms cpu, 3->4->2 MB, 4 MB goal, 0 MB stacks, 0 MB globals, 16 P
gc 8450 @48.113s 3%: 0.18+0.73+0.093 ms clock, 2.9+0.54/0.95/0.002+1.4 ms cpu, 3->4->2 MB, 4 MB goal, 0 MB stacks, 0 MB globals, 16 P
gc 8451 @48.115s 3%: 0.089+0.47+0.097 ms clock, 1.4+0.60/0.82/0+1.5 ms cpu, 3->4->1 MB, 4 MB goal, 0 MB stacks, 0 MB globals, 16 P
gc 8452 @48.116s 3%: 0.11+0.48+0.094 ms clock, 1.9+0.59/0.76/0.008+1.5 ms cpu, 3->4->1 MB, 4 MB goal, 0 MB stacks, 0 MB globals, 16 P
gc 8453 @48.118s 3%: 0.11+0.66+0.14 ms clock, 1.8+0.75/0.92/0+2.2 ms cpu, 3->4->2 MB, 4 MB goal, 0 MB stacks, 0 MB globals, 16 P
gc 8454 @48.120s 3%: 0.10+0.57+0.11 ms clock, 1.7+0.46/0.90/0+1.8 ms cpu, 3->4->1 MB, 4 MB goal, 0 MB stacks, 0 MB globals, 16 P
gc 8455 @48.121s 3%: 0.11+0.66+0.11 ms clock, 1.8+0.61/0.82/0.001+1.8 ms cpu, 3->4->2 MB, 4 MB goal, 0 MB stacks, 0 MB globals, 16 P
gc 8456 @48.123s 3%: 0.11+0.44+0.18 ms clock, 1.7+0.52/0.77/0+2.9 ms cpu, 3->4->1 MB, 4 MB goal, 0 MB stacks, 0 MB globals, 16 P
gc 8457 @48.125s 3%: 0.13+0.41+0.10 ms clock, 2.2+0.70/0.79/0+1.7 ms cpu, 3->4->1 MB, 4 MB goal, 0 MB stacks, 0 MB globals, 16 P
gc 8458 @48.126s 3%: 0.099+0.51+0.11 ms clock, 1.5+0.54/0.87/0+1.8 ms cpu, 3->4->1 MB, 4 MB goal, 0 MB stacks, 0 MB globals, 16 P
gc 8459 @48.128s 3%: 0.10+0.59+0.031 ms clock, 1.6+0.71/0.95/0.020+0.49 ms cpu, 3->4->1 MB, 4 MB goal, 0 MB stacks, 0 MB globals, 16 P
gc 8460 @48.129s 3%: 0.16+0.41+0.16 ms clock, 2.6+0.71/0.75/0+2.6 ms cpu, 3->4->1 MB, 4 MB goal, 0 MB stacks, 0 MB globals, 16 P
gc 8461 @48.131s 3%: 0.11+0.61+0.082 ms clock, 1.8+0.68/0.92/0+1.3 ms cpu, 3->4->2 MB, 4 MB goal, 0 MB stacks, 0 MB globals, 16 P
gc 8462 @48.132s 3%: 0.12+0.77+0.082 ms clock, 2.0+0.48/0.94/0.039+1.3 ms cpu, 3->4->1 MB, 4 MB goal, 0 MB stacks, 0 MB globals, 16 P
gc 8463 @48.134s 3%: 0.10+0.63+0.086 ms clock, 1.6+0.50/0.74/0.032+1.3 ms cpu, 3->4->1 MB, 4 MB goal, 0 MB stacks, 0 MB globals, 16 P
gc 8464 @48.136s 3%: 0.098+0.81+0.097 ms clock, 1.5+0.59/0.81/0+1.5 ms cpu, 3->4->2 MB, 4 MB goal, 0 MB stacks, 0 MB globals, 16 P
gc 8465 @48.138s 3%: 0.16+0.59+0.13 ms clock, 2.5+0.64/0.80/0+2.1 ms cpu, 3->4->2 MB, 4 MB goal, 0 MB stacks, 0 MB globals, 16 P
gc 8466 @48.140s 3%: 0.18+0.66+0.11 ms clock, 2.9+0.64/0.86/0+1.8 ms cpu, 3->4->2 MB, 4 MB goal, 0 MB stacks, 0 MB globals, 16 P
gc 8467 @48.141s 3%: 0.12+0.72+0.12 ms clock, 2.0+0.52/0.93/0+2.0 ms cpu, 3->4->2 MB, 4 MB goal, 0 MB stacks, 0 MB globals, 16 P
gc 8468 @48.143s 3%: 0.12+0.56+0.10 ms clock, 2.0+0.58/0.85/0+1.6 ms cpu, 3->4->1 MB, 4 MB goal, 0 MB stacks, 0 MB globals, 16 P
gc 8469 @48.145s 3%: 0.11+0.66+0.092 ms clock, 1.8+0.59/0.94/0.059+1.4 ms cpu, 3->4->2 MB, 4 MB goal, 0 MB stacks, 0 MB globals, 16 P
gc 8470 @48.147s 3%: 0.12+0.65+0.073 ms clock, 1.9+0.70/0.83/0+1.1 ms cpu, 3->4->1 MB, 4 MB goal, 0 MB stacks, 0 MB globals, 16 P
gc 8471 @48.149s 3%: 0.13+0.48+0.096 ms clock, 2.1+0.55/0.93/0+1.5 ms cpu, 3->4->1 MB, 4 MB goal, 0 MB stacks, 0 MB globals, 16 P
gc 8472 @48.150s 3%: 0.11+0.68+0.046 ms clock, 1.8+0.60/0.94/0.002+0.75 ms cpu, 3->4->2 MB, 4 MB goal, 0 MB stacks, 0 MB globals, 16 P
gc 8473 @48.152s 3%: 0.11+0.58+0.16 ms clock, 1.9+0.60/0.85/0+2.6 ms cpu, 3->4->1 MB, 4 MB goal, 0 MB stacks, 0 MB globals, 16 P
gc 8474 @48.154s 3%: 0.15+0.42+0.12 ms clock, 2.5+0.65/0.73/0+2.0 ms cpu, 3->4->1 MB, 4 MB goal, 0 MB stacks, 0 MB globals, 16 P
gc 8475 @48.155s 3%: 0.12+0.60+0.11 ms clock, 1.9+0.54/0.83/0+1.8 ms cpu, 3->4->2 MB, 4 MB goal, 0 MB stacks, 0 MB globals, 16 P
gc 8476 @48.157s 3%: 0.15+0.57+0.084 ms clock, 2.4+0.54/0.81/0.001+1.3 ms cpu, 3->4->1 MB, 4 MB goal, 0 MB stacks, 0 MB globals, 16 P
gc 8477 @48.158s 3%: 0.099+0.56+0.11 ms clock, 1.5+0.50/0.86/0+1.8 ms cpu, 3->4->1 MB, 4 MB goal, 0 MB stacks, 0 MB globals, 16 P
gc 8478 @48.160s 3%: 0.15+0.60+0.091 ms clock, 2.5+0.53/0.80/0+1.4 ms cpu, 3->4->2 MB, 4 MB goal, 0 MB stacks, 0 MB globals, 16 P
gc 8479 @48.162s 3%: 0.12+0.65+0.12 ms clock, 1.9+0.48/0.91/0+2.0 ms cpu, 3->4->2 MB, 4 MB goal, 0 MB stacks, 0 MB globals, 16 P
gc 8480 @48.163s 3%: 0.11+0.63+0.11 ms clock, 1.8+0.51/0.90/0.012+1.7 ms cpu, 3->4->2 MB, 4 MB goal, 0 MB stacks, 0 MB globals, 16 P
gc 8481 @48.165s 3%: 0.14+0.58+0.086 ms clock, 2.2+0.71/0.78/0+1.3 ms cpu, 3->4->1 MB, 4 MB goal, 0 MB stacks, 0 MB globals, 16 P
gc 8482 @48.167s 3%: 0.11+0.84+0.044 ms clock, 1.9+0.56/0.87/0+0.71 ms cpu, 3->4->2 MB, 4 MB goal, 0 MB stacks, 0 MB globals, 16 P
gc 8483 @48.169s 3%: 0.15+0.65+0.094 ms clock, 2.4+0.47/0.87/0+1.5 ms cpu, 3->4->2 MB, 4 MB goal, 0 MB stacks, 0 MB globals, 16 P
gc 8484 @48.170s 3%: 0.15+0.50+0.092 ms clock, 2.4+0.51/0.83/0.001+1.4 ms cpu, 3->4->1 MB, 4 MB goal, 0 MB stacks, 0 MB globals, 16 P
gc 8485 @48.172s 3%: 0.11+0.54+0.15 ms clock, 1.8+0.65/0.76/0+2.5 ms cpu, 3->4->1 MB, 4 MB goal, 0 MB stacks, 0 MB globals, 16 P
gc 8486 @48.174s 3%: 0.15+0.75+0.098 ms clock, 2.4+0.69/0.75/0+1.5 ms cpu, 3->4->2 MB, 4 MB goal, 0 MB stacks, 0 MB globals, 16 P
gc 8487 @48.176s 3%: 0.10+0.50+0.16 ms clock, 1.7+0.60/0.80/0+2.5 ms cpu, 4->4->1 MB, 4 MB goal, 0 MB stacks, 0 MB globals, 16 P
gc 8488 @48.177s 3%: 0.11+0.65+0.12 ms clock, 1.8+0.55/0.82/0.099+1.9 ms cpu, 3->4->1 MB, 4 MB goal, 0 MB stacks, 0 MB globals, 16 P
gc 8489 @48.179s 3%: 0.20+0.60+0.18 ms clock, 3.2+0.53/0.91/0+3.0 ms cpu, 3->4->2 MB, 4 MB goal, 0 MB stacks, 0 MB globals, 16 P
gc 8490 @48.181s 3%: 0.12+0.56+0.19 ms clock, 1.9+0.52/0.86/0.002+3.1 ms cpu, 3->4->1 MB, 4 MB goal, 0 MB stacks, 0 MB globals, 16 P
gc 8491 @48.182s 3%: 0.11+0.57+0.11 ms clock, 1.7+0.65/0.79/0+1.7 ms cpu, 3->4->1 MB, 4 MB goal, 0 MB stacks, 0 MB globals, 16 P
gc 8492 @48.184s 3%: 0.11+0.51+0.083 ms clock, 1.7+0.45/0.89/0+1.3 ms cpu, 3->4->1 MB, 4 MB goal, 0 MB stacks, 0 MB globals, 16 P
gc 8493 @48.185s 3%: 0.10+0.56+0.15 ms clock, 1.7+0.58/0.86/0.023+2.4 ms cpu, 3->4->1 MB, 4 MB goal, 0 MB stacks, 0 MB globals, 16 P
gc 8494 @48.187s 3%: 0.16+0.82+0.088 ms clock, 2.5+0.61/0.91/0+1.4 ms cpu, 3->4->2 MB, 4 MB goal, 0 MB stacks, 0 MB globals, 16 P
gc 8495 @48.189s 3%: 0.11+0.56+0.052 ms clock, 1.8+0.56/0.83/0+0.84 ms cpu, 3->4->1 MB, 4 MB goal, 0 MB stacks, 0 MB globals, 16 P
gc 8496 @48.191s 3%: 0.14+0.76+0.11 ms clock, 2.3+0.41/0.86/0.002+1.7 ms cpu, 3->4->1 MB, 4 MB goal, 0 MB stacks, 0 MB globals, 16 P
gc 8497 @48.192s 3%: 0.17+0.71+0.094 ms clock, 2.7+0.65/0.90/0+1.5 ms cpu, 3->4->2 MB, 4 MB goal, 0 MB stacks, 0 MB globals, 16 P
gc 8498 @48.194s 3%: 0.17+0.50+0.10 ms clock, 2.7+0.52/0.87/0.024+1.6 ms cpu, 4->4->1 MB, 4 MB goal, 0 MB stacks, 0 MB globals, 16 P
gc 8499 @48.196s 3%: 0.16+0.64+0.11 ms clock, 2.6+0.61/0.83/0+1.9 ms cpu, 3->4->1 MB, 4 MB goal, 0 MB stacks, 0 MB globals, 16 P
gc 8500 @48.198s 3%: 0.11+0.71+0.10 ms clock, 1.8+0.65/0.87/0.016+1.6 ms cpu, 3->4->2 MB, 4 MB goal, 0 MB stacks, 0 MB globals, 16 P
gc 8501 @48.199s 3%: 0.11+0.63+0.055 ms clock, 1.8+0.51/1.0/0+0.89 ms cpu, 3->4->2 MB, 4 MB goal, 0 MB stacks, 0 MB globals, 16 P
gc 8502 @48.201s 3%: 0.15+0.64+0.10 ms clock, 2.4+0.40/0.95/0.046+1.6 ms cpu, 3->4->1 MB, 4 MB goal, 0 MB stacks, 0 MB globals, 16 P
gc 8503 @48.203s 3%: 0.12+0.69+0.057 ms clock, 2.0+0.71/0.93/0+0.92 ms cpu, 3->4->2 MB, 4 MB goal, 0 MB stacks, 0 MB globals, 16 P
gc 8504 @48.205s 3%: 0.10+0.78+0.096 ms clock, 1.6+0.56/0.87/0+1.5 ms cpu, 3->4->2 MB, 4 MB goal, 0 MB stacks, 0 MB globals, 16 P
gc 8505 @48.207s 3%: 0.10+0.63+0.10 ms clock, 1.7+0.58/0.84/0+1.6 ms cpu, 3->4->2 MB, 4 MB goal, 0 MB stacks, 0 MB globals, 16 P
gc 8506 @48.208s 3%: 0.15+0.61+0.084 ms clock, 2.4+0.67/0.81/0.005+1.3 ms cpu, 3->4->2 MB, 4 MB goal, 0 MB stacks, 0 MB globals, 16 P
gc 8507 @48.210s 3%: 0.12+0.61+0.10 ms clock, 1.9+0.45/0.86/0+1.6 ms cpu, 3->4->1 MB, 4 MB goal, 0 MB stacks, 0 MB globals, 16 P
gc 8508 @48.212s 3%: 0.17+0.44+0.16 ms clock, 2.7+0.55/0.96/0+2.6 ms cpu, 3->4->1 MB, 4 MB goal, 0 MB stacks, 0 MB globals, 16 P
gc 8509 @48.213s 3%: 0.16+0.45+0.18 ms clock, 2.6+0.72/0.85/0+2.8 ms cpu, 3->4->1 MB, 4 MB goal, 0 MB stacks, 0 MB globals, 16 P
gc 8510 @48.215s 3%: 0.17+0.67+0.10 ms clock, 2.8+0.73/0.72/0+1.6 ms cpu, 3->4->2 MB, 4 MB goal, 0 MB stacks, 0 MB globals, 16 P
gc 8511 @48.217s 3%: 0.13+0.61+0.11 ms clock, 2.1+0.59/0.70/0.068+1.9 ms cpu, 3->4->1 MB, 4 MB goal, 0 MB stacks, 0 MB globals, 16 P
gc 8512 @48.218s 3%: 0.12+0.69+0.095 ms clock, 1.9+0.64/0.69/0.065+1.5 ms cpu, 3->4->2 MB, 4 MB goal, 0 MB stacks, 0 MB globals, 16 P
gc 8513 @48.220s 3%: 0.096+0.60+0.11 ms clock, 1.5+0.57/0.82/0+1.7 ms cpu, 3->4->1 MB, 4 MB goal, 0 MB stacks, 0 MB globals, 16 P
gc 8514 @48.222s 3%: 0.17+0.55+0.15 ms clock, 2.8+0.65/0.92/0+2.4 ms cpu, 3->4->2 MB, 4 MB goal, 0 MB stacks, 0 MB globals, 16 P
gc 8515 @48.224s 3%: 0.11+0.63+0.10 ms clock, 1.8+0.58/0.90/0+1.6 ms cpu, 3->4->1 MB, 4 MB goal, 0 MB stacks, 0 MB globals, 16 P
gc 8516 @48.225s 3%: 0.11+0.53+0.10 ms clock, 1.9+0.57/0.88/0+1.6 ms cpu, 3->4->1 MB, 4 MB goal, 0 MB stacks, 0 MB globals, 16 P
gc 8517 @48.227s 3%: 0.11+0.62+0.094 ms clock, 1.7+0.52/0.91/0.001+1.5 ms cpu, 3->4->2 MB, 4 MB goal, 0 MB stacks, 0 MB globals, 16 P
gc 8518 @48.229s 3%: 0.13+0.61+0.10 ms clock, 2.1+0.49/0.94/0+1.7 ms cpu, 3->4->1 MB, 4 MB goal, 0 MB stacks, 0 MB globals, 16 P
gc 8519 @48.231s 3%: 0.11+0.53+0.12 ms clock, 1.8+0.53/0.81/0.075+2.0 ms cpu, 3->4->1 MB, 4 MB goal, 0 MB stacks, 0 MB globals, 16 P
gc 8520 @48.232s 3%: 0.10+0.59+0.10 ms clock, 1.7+0.54/0.84/0+1.6 ms cpu, 3->4->2 MB, 4 MB goal, 0 MB stacks, 0 MB globals, 16 P
gc 8521 @48.234s 3%: 0.10+0.47+0.054 ms clock, 1.7+0.54/0.82/0.010+0.87 ms cpu, 3->4->1 MB, 4 MB goal, 0 MB stacks, 0 MB globals, 16 P
gc 8522 @48.235s 3%: 0.12+0.52+0.14 ms clock, 2.0+0.65/0.90/0+2.3 ms cpu, 3->4->1 MB, 4 MB goal, 0 MB stacks, 0 MB globals, 16 P
gc 8523 @48.237s 3%: 0.12+0.57+0.094 ms clock, 2.0+0.59/1.0/0+1.5 ms cpu, 3->4->2 MB, 4 MB goal, 0 MB stacks, 0 MB globals, 16 P
gc 8524 @48.239s 3%: 0.12+0.61+0.11 ms clock, 1.9+0.48/0.91/0.007+1.8 ms cpu, 3->4->2 MB, 4 MB goal, 0 MB stacks, 0 MB globals, 16 P
gc 8525 @48.240s 3%: 0.10+0.57+0.10 ms clock, 1.7+0.54/0.78/0.014+1.6 ms cpu, 3->4->1 MB, 4 MB goal, 0 MB stacks, 0 MB globals, 16 P
gc 8526 @48.242s 3%: 0.21+0.51+0.13 ms clock, 3.3+0.37/0.90/0+2.0 ms cpu, 3->4->1 MB, 4 MB goal, 0 MB stacks, 0 MB globals, 16 P
gc 8527 @48.244s 3%: 0.10+0.50+0.13 ms clock, 1.6+0.62/0.90/0.012+2.1 ms cpu, 3->4->1 MB, 4 MB goal, 0 MB stacks, 0 MB globals, 16 P
gc 8528 @48.245s 3%: 0.18+0.54+0.078 ms clock, 2.8+0.55/0.84/0.001+1.2 ms cpu, 3->4->1 MB, 4 MB goal, 0 MB stacks, 0 MB globals, 16 P
gc 8529 @48.247s 3%: 0.15+0.67+0.067 ms clock, 2.4+0.57/0.84/0.010+1.0 ms cpu, 3->4->1 MB, 4 MB goal, 0 MB stacks, 0 MB globals, 16 P
gc 8530 @48.248s 3%: 0.12+0.63+0.072 ms clock, 1.9+0.64/0.93/0.011+1.1 ms cpu, 3->4->2 MB, 4 MB goal, 0 MB stacks, 0 MB globals, 16 P
gc 8531 @48.250s 3%: 0.12+0.61+0.091 ms clock, 2.0+0.50/0.95/0+1.4 ms cpu, 3->4->1 MB, 4 MB goal, 0 MB stacks, 0 MB globals, 16 P
gc 8532 @48.252s 3%: 0.14+0.61+0.064 ms clock, 2.2+0.60/0.95/0+1.0 ms cpu, 3->4->1 MB, 4 MB goal, 0 MB stacks, 0 MB globals, 16 P
gc 8533 @48.254s 3%: 0.11+0.60+0.098 ms clock, 1.8+0.58/0.92/0+1.5 ms cpu, 3->4->2 MB, 4 MB goal, 0 MB stacks, 0 MB globals, 16 P
gc 8534 @48.255s 3%: 0.16+0.54+0.14 ms clock, 2.7+0.68/0.80/0.005+2.3 ms cpu, 3->4->2 MB, 4 MB goal, 0 MB stacks, 0 MB globals, 16 P
gc 8535 @48.257s 3%: 0.12+0.64+0.095 ms clock, 1.9+0.52/0.84/0+1.5 ms cpu, 3->4->2 MB, 4 MB goal, 0 MB stacks, 0 MB globals, 16 P
gc 8536 @48.259s 3%: 0.12+0.59+0.091 ms clock, 1.9+0.49/0.85/0.015+1.4 ms cpu, 3->4->1 MB, 4 MB goal, 0 MB stacks, 0 MB globals, 16 P
gc 8537 @48.261s 3%: 0.10+0.71+0.068 ms clock, 1.7+0.66/0.81/0.020+1.0 ms cpu, 3->4->1 MB, 4 MB goal, 0 MB stacks, 0 MB globals, 16 P
gc 8538 @48.262s 3%: 0.14+0.46+0.18 ms clock, 2.3+0.66/0.79/0+2.9 ms cpu, 3->4->1 MB, 4 MB goal, 0 MB stacks, 0 MB globals, 16 P
gc 8539 @48.264s 3%: 0.12+0.53+0.087 ms clock, 1.9+0.48/0.87/0.001+1.4 ms cpu, 3->4->1 MB, 4 MB goal, 0 MB stacks, 0 MB globals, 16 P
gc 8540 @48.265s 3%: 0.12+0.56+0.081 ms clock, 1.9+0.39/0.95/0+1.3 ms cpu, 3->4->1 MB, 4 MB goal, 0 MB stacks, 0 MB globals, 16 P
gc 8541 @48.267s 3%: 0.18+0.57+0.068 ms clock, 2.9+0.50/0.81/0+1.0 ms cpu, 3->4->2 MB, 4 MB goal, 0 MB stacks, 0 MB globals, 16 P
gc 8542 @48.269s 3%: 0.10+0.47+0.068 ms clock, 1.7+0.37/0.64/0.18+1.1 ms cpu, 3->4->1 MB, 4 MB goal, 0 MB stacks, 0 MB globals, 16 P
gc 8543 @48.270s 3%: 0.15+0.64+0.14 ms clock, 2.4+0.64/0.85/0.029+2.3 ms cpu, 3->4->2 MB, 4 MB goal, 0 MB stacks, 0 MB globals, 16 P
gc 8544 @48.272s 3%: 0.10+0.51+0.077 ms clock, 1.7+0.47/0.76/0+1.2 ms cpu, 3->4->1 MB, 4 MB goal, 0 MB stacks, 0 MB globals, 16 P
gc 8545 @48.274s 3%: 0.11+0.46+0.080 ms clock, 1.8+0.48/0.74/0+1.2 ms cpu, 3->4->1 MB, 4 MB goal, 0 MB stacks, 0 MB globals, 16 P
gc 8546 @48.275s 3%: 0.11+0.52+0.096 ms clock, 1.8+0.68/0.70/0+1.5 ms cpu, 3->4->1 MB, 4 MB goal, 0 MB stacks, 0 MB globals, 16 P
gc 8547 @48.277s 3%: 0.14+0.54+0.12 ms clock, 2.3+0.58/0.94/0+2.0 ms cpu, 3->4->1 MB, 4 MB goal, 0 MB stacks, 0 MB globals, 16 P
gc 8548 @48.278s 3%: 0.088+0.58+0.13 ms clock, 1.4+0.66/0.74/0+2.1 ms cpu, 3->4->1 MB, 4 MB goal, 0 MB stacks, 0 MB globals, 16 P
gc 8549 @48.280s 3%: 0.10+0.58+0.14 ms clock, 1.7+0.53/0.82/0.022+2.2 ms cpu, 3->4->2 MB, 4 MB goal, 0 MB stacks, 0 MB globals, 16 P
gc 8550 @48.282s 3%: 0.15+0.55+0.12 ms clock, 2.4+0.55/0.79/0.019+1.9 ms cpu, 3->4->2 MB, 4 MB goal, 0 MB stacks, 0 MB globals, 16 P
gc 8551 @48.283s 3%: 0.16+0.61+0.11 ms clock, 2.6+0.68/0.79/0+1.9 ms cpu, 3->4->2 MB, 4 MB goal, 0 MB stacks, 0 MB globals, 16 P
gc 8552 @48.285s 3%: 0.15+0.65+0.066 ms clock, 2.5+0.52/0.87/0.032+1.0 ms cpu, 3->4->2 MB, 4 MB goal, 0 MB stacks, 0 MB globals, 16 P
gc 8553 @48.287s 3%: 0.13+0.56+0.10 ms clock, 2.2+0.54/0.81/0.087+1.6 ms cpu, 3->4->2 MB, 4 MB goal, 0 MB stacks, 0 MB globals, 16 P
gc 8554 @48.289s 3%: 0.13+0.50+0.095 ms clock, 2.1+0.52/0.83/0.022+1.5 ms cpu, 3->4->1 MB, 4 MB goal, 0 MB stacks, 0 MB globals, 16 P
gc 8555 @48.290s 3%: 0.12+0.52+0.092 ms clock, 1.9+0.62/0.77/0+1.4 ms cpu, 3->4->1 MB, 4 MB goal, 0 MB stacks, 0 MB globals, 16 P
gc 8556 @48.292s 3%: 0.13+0.89+0.092 ms clock, 2.1+0.69/0.75/0+1.4 ms cpu, 3->4->2 MB, 4 MB goal, 0 MB stacks, 0 MB globals, 16 P
gc 8557 @48.294s 3%: 0.10+0.90+0.11 ms clock, 1.7+0.50/0.73/0.17+1.7 ms cpu, 3->4->2 MB, 4 MB goal, 0 MB stacks, 0 MB globals, 16 P
gc 8558 @48.296s 3%: 0.15+0.69+0.073 ms clock, 2.4+0.52/0.98/0.004+1.1 ms cpu, 4->4->2 MB, 4 MB goal, 0 MB stacks, 0 MB globals, 16 P
gc 8559 @48.298s 3%: 0.17+0.56+0.083 ms clock, 2.7+0.63/0.79/0+1.3 ms cpu, 3->4->1 MB, 4 MB goal, 0 MB stacks, 0 MB globals, 16 P
gc 8560 @48.299s 3%: 0.13+0.49+0.10 ms clock, 2.1+0.67/0.75/0+1.7 ms cpu, 3->4->1 MB, 4 MB goal, 0 MB stacks, 0 MB globals, 16 P
gc 8561 @48.301s 3%: 0.10+0.72+0.12 ms clock, 1.7+0.55/0.85/0+1.9 ms cpu, 3->4->2 MB, 4 MB goal, 0 MB stacks, 0 MB globals, 16 P
gc 8562 @48.303s 3%: 0.15+0.73+0.10 ms clock, 2.4+0.57/0.95/0+1.6 ms cpu, 3->4->2 MB, 4 MB goal, 0 MB stacks, 0 MB globals, 16 P
gc 8563 @48.305s 3%: 0.10+0.77+0.10 ms clock, 1.7+0.53/1.0/0+1.7 ms cpu, 3->4->2 MB, 4 MB goal, 0 MB stacks, 0 MB globals, 16 P
gc 8564 @48.307s 3%: 0.14+0.63+0.11 ms clock, 2.3+0.69/0.90/0+1.7 ms cpu, 3->4->2 MB, 4 MB goal, 0 MB stacks, 0 MB globals, 16 P
gc 8565 @48.309s 3%: 0.22+0.51+0.15 ms clock, 3.5+0.51/0.84/0+2.5 ms cpu, 3->4->1 MB, 4 MB goal, 0 MB stacks, 0 MB globals, 16 P
gc 8566 @48.310s 3%: 0.13+0.46+0.093 ms clock, 2.2+0.56/0.82/0+1.5 ms cpu, 3->4->1 MB, 4 MB goal, 0 MB stacks, 0 MB globals, 16 P
gc 8567 @48.312s 3%: 0.10+0.66+0.12 ms clock, 1.6+0.57/0.90/0+1.9 ms cpu, 3->4->1 MB, 4 MB goal, 0 MB stacks, 0 MB globals, 16 P
gc 8568 @48.313s 3%: 0.14+0.67+0.098 ms clock, 2.3+0.52/0.90/0.012+1.5 ms cpu, 3->4->2 MB, 4 MB goal, 0 MB stacks, 0 MB globals, 16 P
gc 8569 @48.315s 3%: 0.13+0.44+0.14 ms clock, 2.1+0.56/0.84/0+2.3 ms cpu, 3->4->1 MB, 4 MB goal, 0 MB stacks, 0 MB globals, 16 P
gc 8570 @48.317s 3%: 0.11+0.59+0.19 ms clock, 1.8+0.57/0.84/0.034+3.0 ms cpu, 3->4->1 MB, 4 MB goal, 0 MB stacks, 0 MB globals, 16 P
gc 8571 @48.318s 3%: 0.14+0.64+0.10 ms clock, 2.2+0.72/0.95/0.007+1.6 ms cpu, 3->4->2 MB, 4 MB goal, 0 MB stacks, 0 MB globals, 16 P
gc 8572 @48.320s 3%: 0.16+0.66+0.12 ms clock, 2.5+0.64/0.87/0+1.9 ms cpu, 3->4->2 MB, 4 MB goal, 0 MB stacks, 0 MB globals, 16 P
gc 8573 @48.322s 3%: 0.15+0.53+0.11 ms clock, 2.4+0.59/0.87/0+1.8 ms cpu, 3->4->1 MB, 4 MB goal, 0 MB stacks, 0 MB globals, 16 P
gc 8574 @48.323s 3%: 0.14+0.53+0.096 ms clock, 2.2+0.62/0.85/0.018+1.5 ms cpu, 3->4->1 MB, 4 MB goal, 0 MB stacks, 0 MB globals, 16 P
gc 8575 @48.325s 3%: 0.14+0.66+0.10 ms clock, 2.3+0.45/0.86/0.025+1.6 ms cpu, 3->4->1 MB, 4 MB goal, 0 MB stacks, 0 MB globals, 16 P
gc 8576 @48.327s 3%: 0.12+0.58+0.081 ms clock, 1.9+0.50/0.85/0.044+1.3 ms cpu, 3->4->1 MB, 4 MB goal, 0 MB stacks, 0 MB globals, 16 P
gc 8577 @48.328s 3%: 0.095+0.42+0.15 ms clock, 1.5+0.55/0.74/0.003+2.5 ms cpu, 3->4->1 MB, 4 MB goal, 0 MB stacks, 0 MB globals, 16 P
gc 8578 @48.330s 3%: 0.13+0.60+0.098 ms clock, 2.1+0.58/0.83/0+1.5 ms cpu, 3->4->2 MB, 4 MB goal, 0 MB stacks, 0 MB globals, 16 P
gc 8579 @48.331s 3%: 0.11+0.66+0.084 ms clock, 1.7+0.65/0.81/0.002+1.3 ms cpu, 3->4->2 MB, 4 MB goal, 0 MB stacks, 0 MB globals, 16 P
gc 8580 @48.333s 3%: 0.10+0.52+0.13 ms clock, 1.7+0.74/0.88/0.002+2.1 ms cpu, 3->4->1 MB, 4 MB goal, 0 MB stacks, 0 MB globals, 16 P
gc 8581 @48.335s 3%: 0.12+0.43+0.18 ms clock, 2.0+0.70/0.73/0+2.9 ms cpu, 3->4->1 MB, 4 MB goal, 0 MB stacks, 0 MB globals, 16 P
gc 8582 @48.336s 3%: 0.20+0.59+0.20 ms clock, 3.3+0.54/0.82/0+3.2 ms cpu, 3->4->1 MB, 4 MB goal, 0 MB stacks, 0 MB globals, 16 P
gc 8583 @48.338s 3%: 0.13+0.57+0.17 ms clock, 2.1+0.67/0.72/0.001+2.8 ms cpu, 3->4->1 MB, 4 MB goal, 0 MB stacks, 0 MB globals, 16 P
gc 8584 @48.340s 3%: 0.19+0.53+0.11 ms clock, 3.1+0.65/0.84/0+1.8 ms cpu, 3->4->2 MB, 4 MB goal, 0 MB stacks, 0 MB globals, 16 P
gc 8585 @48.341s 3%: 0.10+0.51+0.074 ms clock, 1.6+0.48/0.87/0+1.1 ms cpu, 3->4->1 MB, 4 MB goal, 0 MB stacks, 0 MB globals, 16 P
gc 8586 @48.343s 3%: 0.13+0.62+0.093 ms clock, 2.1+0.61/0.86/0+1.4 ms cpu, 3->4->2 MB, 4 MB goal, 0 MB stacks, 0 MB globals, 16 P
gc 8587 @48.345s 3%: 0.11+0.51+0.10 ms clock, 1.8+0.47/0.84/0.016+1.7 ms cpu, 3->4->1 MB, 4 MB goal, 0 MB stacks, 0 MB globals, 16 P
gc 8588 @48.346s 3%: 0.12+0.63+0.11 ms clock, 1.9+0.58/0.84/0+1.7 ms cpu, 3->4->2 MB, 4 MB goal, 0 MB stacks, 0 MB globals, 16 P
gc 8589 @48.348s 3%: 0.10+0.56+0.066 ms clock, 1.6+0.52/0.90/0+1.0 ms cpu, 3->4->1 MB, 4 MB goal, 0 MB stacks, 0 MB globals, 16 P
gc 8590 @48.349s 3%: 0.16+0.55+0.091 ms clock, 2.5+0.58/0.84/0+1.4 ms cpu, 3->4->1 MB, 4 MB goal, 0 MB stacks, 0 MB globals, 16 P
gc 8591 @48.351s 3%: 0.15+0.54+0.11 ms clock, 2.4+0.55/0.81/0+1.7 ms cpu, 3->4->1 MB, 4 MB goal, 0 MB stacks, 0 MB globals, 16 P
gc 8592 @48.353s 3%: 0.15+0.53+0.15 ms clock, 2.5+0.71/0.77/0+2.4 ms cpu, 3->4->1 MB, 4 MB goal, 0 MB stacks, 0 MB globals, 16 P
gc 8593 @48.354s 3%: 0.16+0.67+0.071 ms clock, 2.6+0.62/0.94/0.004+1.1 ms cpu, 3->4->2 MB, 4 MB goal, 0 MB stacks, 0 MB globals, 16 P
gc 8594 @48.356s 3%: 0.098+0.48+0.099 ms clock, 1.5+0.57/0.77/0+1.5 ms cpu, 3->4->1 MB, 4 MB goal, 0 MB stacks, 0 MB globals, 16 P
gc 8595 @48.358s 3%: 0.10+0.68+0.066 ms clock, 1.6+0.54/0.86/0+1.0 ms cpu, 3->4->1 MB, 4 MB goal, 0 MB stacks, 0 MB globals, 16 P
gc 8596 @48.359s 3%: 0.14+0.58+0.15 ms clock, 2.2+0.64/0.78/0.002+2.4 ms cpu, 3->4->1 MB, 4 MB goal, 0 MB stacks, 0 MB globals, 16 P
gc 8597 @48.361s 3%: 0.11+0.68+0.097 ms clock, 1.8+0.47/0.86/0+1.5 ms cpu, 3->4->1 MB, 4 MB goal, 0 MB stacks, 0 MB globals, 16 P
gc 8598 @48.363s 3%: 0.15+0.63+0.13 ms clock, 2.5+0.51/0.71/0.15+2.1 ms cpu, 3->4->2 MB, 4 MB goal, 0 MB stacks, 0 MB globals, 16 P
gc 8599 @48.364s 3%: 0.11+0.69+0.097 ms clock, 1.8+0.46/0.91/0+1.5 ms cpu, 3->4->2 MB, 4 MB goal, 0 MB stacks, 0 MB globals, 16 P
gc 8600 @48.366s 3%: 0.12+0.53+0.12 ms clock, 1.9+0.60/0.85/0+1.9 ms cpu, 3->4->1 MB, 4 MB goal, 0 MB stacks, 0 MB globals, 16 P
gc 8601 @48.368s 3%: 0.11+0.59+0.086 ms clock, 1.8+0.49/0.89/0+1.3 ms cpu, 3->4->1 MB, 4 MB goal, 0 MB stacks, 0 MB globals, 16 P
gc 8602 @48.369s 3%: 0.10+0.58+0.096 ms clock, 1.7+0.56/0.79/0+1.5 ms cpu, 3->4->1 MB, 4 MB goal, 0 MB stacks, 0 MB globals, 16 P
gc 8603 @48.371s 3%: 0.10+0.46+0.10 ms clock, 1.6+0.50/0.74/0+1.6 ms cpu, 3->4->1 MB, 4 MB goal, 0 MB stacks, 0 MB globals, 16 P
gc 8604 @48.373s 3%: 0.17+0.55+0.10 ms clock, 2.7+0.57/0.95/0+1.6 ms cpu, 3->4->1 MB, 4 MB goal, 0 MB stacks, 0 MB globals, 16 P
gc 8605 @48.374s 3%: 0.12+0.74+0.051 ms clock, 2.0+0.61/0.87/0+0.82 ms cpu, 3->4->2 MB, 4 MB goal, 0 MB stacks, 0 MB globals, 16 P
gc 8606 @48.376s 3%: 0.13+0.87+0.095 ms clock, 2.0+0.53/0.87/0+1.5 ms cpu, 3->4->2 MB, 4 MB goal, 0 MB stacks, 0 MB globals, 16 P
gc 8607 @48.378s 3%: 0.10+0.59+0.16 ms clock, 1.7+0.53/0.78/0+2.7 ms cpu, 4->4->1 MB, 4 MB goal, 0 MB stacks, 0 MB globals, 16 P
gc 8608 @48.380s 3%: 0.18+0.57+0.10 ms clock, 2.9+0.58/0.90/0.098+1.7 ms cpu, 3->4->1 MB, 4 MB goal, 0 MB stacks, 0 MB globals, 16 P
gc 8609 @48.381s 3%: 0.12+0.62+0.15 ms clock, 2.0+0.58/0.84/0+2.4 ms cpu, 3->4->2 MB, 4 MB goal, 0 MB stacks, 0 MB globals, 16 P
gc 8610 @48.383s 3%: 0.10+0.59+0.17 ms clock, 1.6+0.66/0.83/0+2.8 ms cpu, 3->4->2 MB, 4 MB goal, 0 MB stacks, 0 MB globals, 16 P
gc 8611 @48.385s 3%: 0.13+0.68+0.098 ms clock, 2.0+0.66/0.80/0+1.5 ms cpu, 3->4->2 MB, 4 MB goal, 0 MB stacks, 0 MB globals, 16 P
gc 8612 @48.387s 3%: 0.13+0.60+0.16 ms clock, 2.0+0.67/0.86/0.001+2.6 ms cpu, 3->4->2 MB, 4 MB goal, 0 MB stacks, 0 MB globals, 16 P
gc 8613 @48.389s 3%: 0.10+0.62+0.10 ms clock, 1.6+0.67/0.74/0.038+1.6 ms cpu, 3->4->2 MB, 4 MB goal, 0 MB stacks, 0 MB globals, 16 P
gc 8614 @48.390s 3%: 0.086+0.68+0.099 ms clock, 1.3+0.70/0.76/0+1.5 ms cpu, 3->4->1 MB, 4 MB goal, 0 MB stacks, 0 MB globals, 16 P
gc 8615 @48.392s 3%: 0.12+0.54+0.16 ms clock, 1.9+0.67/0.85/0+2.6 ms cpu, 3->4->1 MB, 4 MB goal, 0 MB stacks, 0 MB globals, 16 P
gc 8616 @48.394s 3%: 0.14+0.53+0.12 ms clock, 2.2+0.66/0.79/0.028+1.9 ms cpu, 3->4->2 MB, 4 MB goal, 0 MB stacks, 0 MB globals, 16 P
gc 8617 @48.395s 3%: 0.13+0.60+0.096 ms clock, 2.0+0.78/0.85/0+1.5 ms cpu, 3->4->2 MB, 4 MB goal, 0 MB stacks, 0 MB globals, 16 P
gc 8618 @48.397s 3%: 0.14+0.46+0.11 ms clock, 2.3+0.71/0.79/0+1.8 ms cpu, 3->4->1 MB, 4 MB goal, 0 MB stacks, 0 MB globals, 16 P
gc 8619 @48.399s 3%: 0.12+0.59+0.10 ms clock, 1.9+0.55/0.76/0.006+1.6 ms cpu, 3->4->1 MB, 4 MB goal, 0 MB stacks, 0 MB globals, 16 P
gc 8620 @48.400s 3%: 0.12+0.52+0.075 ms clock, 2.0+0.56/0.82/0+1.2 ms cpu, 3->4->1 MB, 4 MB goal, 0 MB stacks, 0 MB globals, 16 P
gc 8621 @48.402s 3%: 0.18+0.48+0.12 ms clock, 2.9+0.78/0.68/0+1.9 ms cpu, 3->4->1 MB, 4 MB goal, 0 MB stacks, 0 MB globals, 16 P
gc 8622 @48.404s 3%: 0.095+0.54+0.10 ms clock, 1.5+0.34/0.84/0.008+1.7 ms cpu, 3->4->1 MB, 4 MB goal, 0 MB stacks, 0 MB globals, 16 P
gc 8623 @48.405s 3%: 0.11+0.56+0.091 ms clock, 1.8+0.66/0.86/0+1.4 ms cpu, 3->4->1 MB, 4 MB goal, 0 MB stacks, 0 MB globals, 16 P
gc 8624 @48.407s 3%: 0.13+0.60+0.13 ms clock, 2.1+0.63/0.91/0+2.0 ms cpu, 3->4->1 MB, 4 MB goal, 0 MB stacks, 0 MB globals, 16 P
gc 8625 @48.408s 3%: 0.18+0.52+0.15 ms clock, 2.9+0.67/0.75/0+2.4 ms cpu, 3->4->1 MB, 4 MB goal, 0 MB stacks, 0 MB globals, 16 P
gc 8626 @48.410s 3%: 0.12+0.47+0.078 ms clock, 1.9+0.47/0.83/0.009+1.2 ms cpu, 3->4->1 MB, 4 MB goal, 0 MB stacks, 0 MB globals, 16 P
gc 8627 @48.411s 3%: 0.17+0.51+0.10 ms clock, 2.8+0.51/0.83/0.022+1.7 ms cpu, 3->4->1 MB, 4 MB goal, 0 MB stacks, 0 MB globals, 16 P
gc 8628 @48.413s 3%: 0.13+0.48+0.16 ms clock, 2.0+0.73/0.71/0.010+2.5 ms cpu, 3->4->1 MB, 4 MB goal, 0 MB stacks, 0 MB globals, 16 P
gc 8629 @48.415s 3%: 0.11+0.70+0.088 ms clock, 1.8+0.73/0.85/0+1.4 ms cpu, 3->4->2 MB, 4 MB goal, 0 MB stacks, 0 MB globals, 16 P
gc 8630 @48.417s 3%: 0.10+0.63+0.081 ms clock, 1.6+0.68/0.85/0+1.3 ms cpu, 3->4->1 MB, 4 MB goal, 0 MB stacks, 0 MB globals, 16 P
gc 8631 @48.418s 3%: 0.13+0.65+0.11 ms clock, 2.0+0.46/0.90/0.081+1.8 ms cpu, 3->4->1 MB, 4 MB goal, 0 MB stacks, 0 MB globals, 16 P
gc 8632 @48.420s 3%: 0.12+0.57+0.12 ms clock, 1.9+0.56/0.88/0.001+2.0 ms cpu, 3->4->2 MB, 4 MB goal, 0 MB stacks, 0 MB globals, 16 P
gc 8633 @48.422s 3%: 0.11+0.45+0.14 ms clock, 1.8+0.47/0.78/0.028+2.3 ms cpu, 3->4->1 MB, 4 MB goal, 0 MB stacks, 0 MB globals, 16 P
gc 8634 @48.423s 3%: 0.19+0.64+0.093 ms clock, 3.0+0.65/0.86/0+1.4 ms cpu, 3->4->2 MB, 4 MB goal, 0 MB stacks, 0 MB globals, 16 P
gc 8635 @48.425s 3%: 0.13+0.61+0.14 ms clock, 2.2+0.55/0.89/0.069+2.2 ms cpu, 3->4->2 MB, 4 MB goal, 0 MB stacks, 0 MB globals, 16 P
gc 8636 @48.427s 3%: 0.11+0.65+0.17 ms clock, 1.7+0.61/0.83/0+2.7 ms cpu, 3->4->2 MB, 4 MB goal, 0 MB stacks, 0 MB globals, 16 P
gc 8637 @48.429s 3%: 0.16+0.53+0.11 ms clock, 2.6+0.54/0.86/0+1.7 ms cpu, 3->4->1 MB, 4 MB goal, 0 MB stacks, 0 MB globals, 16 P
gc 8638 @48.430s 3%: 0.11+0.73+0.11 ms clock, 1.8+0.55/0.99/0.048+1.7 ms cpu, 3->4->2 MB, 4 MB goal, 0 MB stacks, 0 MB globals, 16 P
gc 8639 @48.432s 3%: 0.11+0.58+0.15 ms clock, 1.8+0.81/0.76/0+2.4 ms cpu, 3->4->1 MB, 4 MB goal, 0 MB stacks, 0 MB globals, 16 P
gc 8640 @48.434s 3%: 0.15+0.52+0.081 ms clock, 2.5+0.68/0.85/0+1.2 ms cpu, 3->4->2 MB, 4 MB goal, 0 MB stacks, 0 MB globals, 16 P
gc 8641 @48.436s 3%: 0.12+0.63+0.16 ms clock, 1.9+0.54/0.91/0+2.7 ms cpu, 3->4->2 MB, 4 MB goal, 0 MB stacks, 0 MB globals, 16 P
gc 8642 @48.437s 3%: 0.12+0.58+0.094 ms clock, 1.9+0.67/0.83/0+1.5 ms cpu, 3->4->2 MB, 4 MB goal, 0 MB stacks, 0 MB globals, 16 P
gc 8643 @48.439s 3%: 0.12+0.69+0.12 ms clock, 1.9+0.98/0.76/0+1.9 ms cpu, 3->4->2 MB, 4 MB goal, 0 MB stacks, 0 MB globals, 16 P
gc 8644 @48.441s 3%: 0.16+0.44+0.13 ms clock, 2.7+0.49/0.83/0+2.0 ms cpu, 3->4->1 MB, 4 MB goal, 0 MB stacks, 0 MB globals, 16 P
gc 8645 @48.442s 3%: 0.094+0.72+0.14 ms clock, 1.5+0.59/0.89/0.007+2.3 ms cpu, 3->4->2 MB, 4 MB goal, 0 MB stacks, 0 MB globals, 16 P
gc 8646 @48.444s 3%: 0.096+0.69+0.087 ms clock, 1.5+0.62/0.87/0+1.3 ms cpu, 3->4->2 MB, 4 MB goal, 0 MB stacks, 0 MB globals, 16 P
gc 8647 @48.446s 3%: 0.14+0.71+0.10 ms clock, 2.2+0.47/0.78/0.047+1.7 ms cpu, 3->4->2 MB, 4 MB goal, 0 MB stacks, 0 MB globals, 16 P
gc 8648 @48.448s 3%: 0.12+0.61+0.096 ms clock, 2.0+0.49/0.83/0+1.5 ms cpu, 3->4->1 MB, 4 MB goal, 0 MB stacks, 0 MB globals, 16 P
gc 8649 @48.450s 3%: 0.088+0.56+0.10 ms clock, 1.4+0.60/0.77/0.084+1.7 ms cpu, 3->4->1 MB, 4 MB goal, 0 MB stacks, 0 MB globals, 16 P
gc 8650 @48.451s 3%: 0.12+0.63+0.10 ms clock, 1.9+0.60/0.82/0+1.6 ms cpu, 3->4->2 MB, 4 MB goal, 0 MB stacks, 0 MB globals, 16 P
gc 8651 @48.453s 3%: 0.15+0.64+0.087 ms clock, 2.5+0.56/0.87/0+1.4 ms cpu, 3->4->1 MB, 4 MB goal, 0 MB stacks, 0 MB globals, 16 P
gc 8652 @48.455s 3%: 0.14+0.63+0.11 ms clock, 2.2+0.75/0.76/0+1.8 ms cpu, 3->4->1 MB, 4 MB goal, 0 MB stacks, 0 MB globals, 16 P
gc 8653 @48.457s 3%: 0.14+0.71+0.090 ms clock, 2.2+0.61/0.81/0.043+1.4 ms cpu, 3->4->2 MB, 4 MB goal, 0 MB stacks, 0 MB globals, 16 P
gc 8654 @48.459s 3%: 0.10+0.58+0.10 ms clock, 1.7+0.64/0.86/0.016+1.6 ms cpu, 3->4->1 MB, 4 MB goal, 0 MB stacks, 0 MB globals, 16 P
gc 8655 @48.460s 3%: 0.10+0.45+0.14 ms clock, 1.6+0.45/0.85/0+2.3 ms cpu, 3->4->1 MB, 4 MB goal, 0 MB stacks, 0 MB globals, 16 P
gc 8656 @48.462s 3%: 0.19+0.67+0.16 ms clock, 3.0+0.77/0.83/0+2.6 ms cpu, 3->4->2 MB, 4 MB goal, 0 MB stacks, 0 MB globals, 16 P
gc 8657 @48.464s 3%: 0.17+0.54+0.14 ms clock, 2.7+0.54/0.83/0.002+2.3 ms cpu, 3->4->2 MB, 4 MB goal, 0 MB stacks, 0 MB globals, 16 P
gc 8658 @48.465s 3%: 0.10+0.55+0.055 ms clock, 1.7+0.55/0.73/0+0.88 ms cpu, 3->4->1 MB, 4 MB goal, 0 MB stacks, 0 MB globals, 16 P
gc 8659 @48.467s 3%: 0.18+0.55+0.10 ms clock, 3.0+0.75/0.69/0+1.7 ms cpu, 3->4->1 MB, 4 MB goal, 0 MB stacks, 0 MB globals, 16 P
gc 8660 @48.468s 3%: 0.15+0.49+0.17 ms clock, 2.5+0.81/0.73/0+2.8 ms cpu, 3->4->1 MB, 4 MB goal, 0 MB stacks, 0 MB globals, 16 P
gc 8661 @48.470s 3%: 0.098+0.59+0.082 ms clock, 1.5+0.49/0.84/0+1.3 ms cpu, 3->4->1 MB, 4 MB goal, 0 MB stacks, 0 MB globals, 16 P
gc 8662 @48.472s 3%: 0.14+0.96+0.19 ms clock, 2.2+0.52/0.79/0.071+3.1 ms cpu, 3->4->2 MB, 4 MB goal, 0 MB stacks, 0 MB globals, 16 P
gc 8663 @48.474s 3%: 0.12+0.60+0.15 ms clock, 1.9+0.52/0.91/0.029+2.4 ms cpu, 4->5->1 MB, 5 MB goal, 0 MB stacks, 0 MB globals, 16 P
gc 8664 @48.476s 3%: 0.14+0.60+0.062 ms clock, 2.3+0.72/0.77/0+1.0 ms cpu, 3->4->1 MB, 4 MB goal, 0 MB stacks, 0 MB globals, 16 P
gc 8665 @48.477s 3%: 0.14+0.59+0.12 ms clock, 2.3+0.62/0.82/0+1.9 ms cpu, 3->4->1 MB, 4 MB goal, 0 MB stacks, 0 MB globals, 16 P
gc 8666 @48.479s 3%: 0.11+0.48+0.19 ms clock, 1.9+0.57/0.85/0+3.0 ms cpu, 3->4->1 MB, 4 MB goal, 0 MB stacks, 0 MB globals, 16 P
gc 8667 @48.481s 3%: 0.12+0.73+0.097 ms clock, 2.0+0.66/1.0/0+1.5 ms cpu, 3->4->2 MB, 4 MB goal, 0 MB stacks, 0 MB globals, 16 P
gc 8668 @48.483s 3%: 0.15+0.63+0.18 ms clock, 2.4+0.48/0.96/0.026+2.9 ms cpu, 3->4->1 MB, 4 MB goal, 0 MB stacks, 0 MB globals, 16 P
gc 8669 @48.484s 3%: 0.13+0.57+0.12 ms clock, 2.0+0.75/0.85/0.007+1.9 ms cpu, 3->4->2 MB, 4 MB goal, 0 MB stacks, 0 MB globals, 16 P
gc 8670 @48.486s 3%: 0.13+0.44+0.13 ms clock, 2.2+0.61/0.79/0.001+2.2 ms cpu, 3->4->1 MB, 4 MB goal, 0 MB stacks, 0 MB globals, 16 P
gc 8671 @48.487s 3%: 0.18+0.57+0.15 ms clock, 2.9+0.65/0.79/0.009+2.4 ms cpu, 3->3->1 MB, 4 MB goal, 0 MB stacks, 0 MB globals, 16 P
gc 8672 @48.489s 3%: 0.13+0.84+0.10 ms clock, 2.0+0.60/0.81/0+1.6 ms cpu, 3->4->2 MB, 4 MB goal, 0 MB stacks, 0 MB globals, 16 P
gc 8673 @48.491s 3%: 0.12+0.46+0.14 ms clock, 1.9+0.61/0.83/0.008+2.3 ms cpu, 4->4->1 MB, 4 MB goal, 0 MB stacks, 0 MB globals, 16 P
gc 8674 @48.493s 3%: 0.16+0.57+0.13 ms clock, 2.6+0.62/0.81/0+2.2 ms cpu, 3->4->2 MB, 4 MB goal, 0 MB stacks, 0 MB globals, 16 P
gc 8675 @48.494s 3%: 0.18+0.60+0.10 ms clock, 2.8+0.53/0.97/0+1.7 ms cpu, 3->4->2 MB, 4 MB goal, 0 MB stacks, 0 MB globals, 16 P
gc 8676 @48.496s 3%: 0.12+0.70+0.10 ms clock, 2.0+0.49/0.99/0+1.6 ms cpu, 3->4->2 MB, 4 MB goal, 0 MB stacks, 0 MB globals, 16 P
gc 8677 @48.498s 3%: 0.11+0.69+0.10 ms clock, 1.8+0.57/1.0/0+1.6 ms cpu, 3->4->2 MB, 4 MB goal, 0 MB stacks, 0 MB globals, 16 P
gc 8678 @48.500s 3%: 0.11+0.60+0.099 ms clock, 1.9+0.74/0.76/0.020+1.5 ms cpu, 3->4->1 MB, 4 MB goal, 0 MB stacks, 0 MB globals, 16 P
gc 8679 @48.501s 3%: 0.16+0.61+0.13 ms clock, 2.6+0.80/0.88/0+2.0 ms cpu, 3->4->2 MB, 4 MB goal, 0 MB stacks, 0 MB globals, 16 P
gc 8680 @48.503s 3%: 0.10+0.62+0.093 ms clock, 1.6+0.46/0.86/0+1.4 ms cpu, 3->4->1 MB, 4 MB goal, 0 MB stacks, 0 MB globals, 16 P
gc 8681 @48.505s 3%: 0.10+0.64+0.10 ms clock, 1.6+0.60/0.89/0+1.6 ms cpu, 3->4->2 MB, 4 MB goal, 0 MB stacks, 0 MB globals, 16 P
gc 8682 @48.507s 3%: 0.10+0.46+0.13 ms clock, 1.6+0.63/0.78/0.006+2.1 ms cpu, 3->4->1 MB, 4 MB goal, 0 MB stacks, 0 MB globals, 16 P
gc 8683 @48.508s 3%: 0.15+0.58+0.10 ms clock, 2.5+0.70/0.71/0+1.7 ms cpu, 3->4->2 MB, 4 MB goal, 0 MB stacks, 0 MB globals, 16 P
gc 8684 @48.510s 3%: 0.10+0.63+0.086 ms clock, 1.6+0.54/0.92/0+1.3 ms cpu, 3->4->1 MB, 4 MB goal, 0 MB stacks, 0 MB globals, 16 P
gc 8685 @48.511s 3%: 0.16+0.57+0.13 ms clock, 2.7+0.56/0.89/0+2.1 ms cpu, 3->4->1 MB, 4 MB goal, 0 MB stacks, 0 MB globals, 16 P
gc 8686 @48.513s 3%: 0.099+0.56+0.12 ms clock, 1.5+0.50/0.84/0.021+1.9 ms cpu, 3->4->1 MB, 4 MB goal, 0 MB stacks, 0 MB globals, 16 P
gc 8687 @48.515s 3%: 0.10+0.83+0.090 ms clock, 1.6+0.63/0.96/0.053+1.4 ms cpu, 3->4->2 MB, 4 MB goal, 0 MB stacks, 0 MB globals, 16 P
gc 8688 @48.517s 3%: 0.10+0.66+0.097 ms clock, 1.6+0.67/0.77/0+1.5 ms cpu, 4->4->2 MB, 4 MB goal, 0 MB stacks, 0 MB globals, 16 P
gc 8689 @48.519s 3%: 0.14+0.65+0.19 ms clock, 2.2+0.64/0.94/0+3.0 ms cpu, 3->4->1 MB, 4 MB goal, 0 MB stacks, 0 MB globals, 16 P
gc 8690 @48.520s 3%: 0.15+0.68+0.084 ms clock, 2.4+0.61/0.86/0.003+1.3 ms cpu, 3->4->2 MB, 4 MB goal, 0 MB stacks, 0 MB globals, 16 P
gc 8691 @48.522s 3%: 0.13+0.66+0.10 ms clock, 2.1+0.77/0.89/0+1.6 ms cpu, 3->4->2 MB, 4 MB goal, 0 MB stacks, 0 MB globals, 16 P
gc 8692 @48.524s 3%: 0.10+0.57+0.10 ms clock, 1.7+0.45/0.88/0.047+1.6 ms cpu, 3->4->1 MB, 4 MB goal, 0 MB stacks, 0 MB globals, 16 P
gc 8693 @48.526s 3%: 0.15+0.59+0.080 ms clock, 2.4+0.53/0.81/0+1.2 ms cpu, 3->4->2 MB, 4 MB goal, 0 MB stacks, 0 MB globals, 16 P
gc 8694 @48.527s 3%: 0.11+0.57+0.11 ms clock, 1.8+0.61/0.83/0.037+1.8 ms cpu, 3->4->1 MB, 4 MB goal, 0 MB stacks, 0 MB globals, 16 P
gc 8695 @48.529s 3%: 0.15+0.55+0.092 ms clock, 2.4+0.58/0.84/0+1.4 ms cpu, 3->4->1 MB, 4 MB goal, 0 MB stacks, 0 MB globals, 16 P
gc 8696 @48.531s 3%: 0.14+0.64+0.096 ms clock, 2.2+0.61/0.81/0.034+1.5 ms cpu, 3->4->2 MB, 4 MB goal, 0 MB stacks, 0 MB globals, 16 P
gc 8697 @48.533s 3%: 0.097+0.53+0.11 ms clock, 1.5+0.63/0.77/0.003+1.7 ms cpu, 3->4->1 MB, 4 MB goal, 0 MB stacks, 0 MB globals, 16 P
gc 8698 @48.534s 3%: 0.10+0.64+0.10 ms clock, 1.7+0.65/0.82/0+1.7 ms cpu, 3->4->2 MB, 4 MB goal, 0 MB stacks, 0 MB globals, 16 P
gc 8699 @48.536s 3%: 0.13+0.65+0.065 ms clock, 2.2+0.51/0.97/0+1.0 ms cpu, 3->4->2 MB, 4 MB goal, 0 MB stacks, 0 MB globals, 16 P
gc 8700 @48.538s 3%: 0.12+0.68+0.11 ms clock, 2.0+0.61/0.90/0+1.8 ms cpu, 3->4->2 MB, 4 MB goal, 0 MB stacks, 0 MB globals, 16 P
gc 8701 @48.539s 3%: 0.10+0.49+0.064 ms clock, 1.6+0.56/0.87/0+1.0 ms cpu, 3->4->1 MB, 4 MB goal, 0 MB stacks, 0 MB globals, 16 P
gc 8702 @48.541s 3%: 0.17+0.52+0.11 ms clock, 2.8+0.75/0.75/0+1.8 ms cpu, 3->4->2 MB, 4 MB goal, 0 MB stacks, 0 MB globals, 16 P
gc 8703 @48.543s 3%: 0.14+0.65+0.12 ms clock, 2.3+0.61/0.86/0+2.0 ms cpu, 3->4->2 MB, 4 MB goal, 0 MB stacks, 0 MB globals, 16 P
gc 8704 @48.544s 3%: 0.10+0.50+0.10 ms clock, 1.7+0.46/0.92/0+1.6 ms cpu, 3->4->1 MB, 4 MB goal, 0 MB stacks, 0 MB globals, 16 P
gc 8705 @48.546s 3%: 0.11+0.58+0.091 ms clock, 1.8+0.58/0.96/0.022+1.4 ms cpu, 3->4->1 MB, 4 MB goal, 0 MB stacks, 0 MB globals, 16 P
gc 8706 @48.548s 3%: 0.13+0.46+0.14 ms clock, 2.1+0.69/0.80/0+2.3 ms cpu, 3->4->1 MB, 4 MB goal, 0 MB stacks, 0 MB globals, 16 P
gc 8707 @48.549s 3%: 0.10+0.56+0.096 ms clock, 1.6+0.73/0.78/0+1.5 ms cpu, 3->4->1 MB, 4 MB goal, 0 MB stacks, 0 MB globals, 16 P
gc 8708 @48.551s 3%: 0.13+0.53+0.16 ms clock, 2.1+0.63/0.78/0+2.6 ms cpu, 3->4->2 MB, 4 MB goal, 0 MB stacks, 0 MB globals, 16 P
gc 8709 @48.553s 3%: 0.12+0.62+0.065 ms clock, 2.0+0.57/0.91/0.001+1.0 ms cpu, 3->4->2 MB, 4 MB goal, 0 MB stacks, 0 MB globals, 16 P
gc 8710 @48.554s 3%: 0.098+0.68+0.051 ms clock, 1.5+0.49/0.89/0+0.81 ms cpu, 3->4->2 MB, 4 MB goal, 0 MB stacks, 0 MB globals, 16 P
gc 8711 @48.556s 3%: 0.13+0.46+0.14 ms clock, 2.1+0.72/0.87/0+2.3 ms cpu, 3->4->1 MB, 4 MB goal, 0 MB stacks, 0 MB globals, 16 P
gc 8712 @48.558s 3%: 0.12+0.59+0.10 ms clock, 2.0+0.53/0.77/0+1.6 ms cpu, 3->4->1 MB, 4 MB goal, 0 MB stacks, 0 MB globals, 16 P
gc 8713 @48.559s 3%: 0.15+0.67+0.051 ms clock, 2.5+0.62/0.80/0+0.83 ms cpu, 3->4->2 MB, 4 MB goal, 0 MB stacks, 0 MB globals, 16 P
gc 8714 @48.561s 3%: 0.12+0.72+0.11 ms clock, 1.9+0.51/0.92/0.018+1.7 ms cpu, 3->4->2 MB, 4 MB goal, 0 MB stacks, 0 MB globals, 16 P
gc 8715 @48.563s 3%: 0.11+0.53+0.10 ms clock, 1.9+0.62/0.76/0+1.6 ms cpu, 3->4->1 MB, 4 MB goal, 0 MB stacks, 0 MB globals, 16 P
gc 8716 @48.565s 3%: 0.11+0.50+0.085 ms clock, 1.8+0.46/0.90/0+1.3 ms cpu, 3->4->1 MB, 4 MB goal, 0 MB stacks, 0 MB globals, 16 P
gc 8717 @48.566s 3%: 0.12+0.67+0.10 ms clock, 2.0+0.63/0.81/0+1.6 ms cpu, 3->4->2 MB, 4 MB goal, 0 MB stacks, 0 MB globals, 16 P
gc 8718 @48.568s 3%: 0.10+0.50+0.092 ms clock, 1.7+0.52/0.77/0.002+1.4 ms cpu, 3->4->1 MB, 4 MB goal, 0 MB stacks, 0 MB globals, 16 P
gc 8719 @48.570s 3%: 0.12+0.65+0.16 ms clock, 1.9+0.53/0.89/0+2.6 ms cpu, 3->4->2 MB, 4 MB goal, 0 MB stacks, 0 MB globals, 16 P
gc 8720 @48.571s 3%: 0.12+0.50+0.14 ms clock, 2.0+0.67/0.81/0.025+2.3 ms cpu, 3->4->1 MB, 4 MB goal, 0 MB stacks, 0 MB globals, 16 P
gc 8721 @48.573s 3%: 0.12+0.71+0.089 ms clock, 2.0+0.52/0.93/0.019+1.4 ms cpu, 3->4->2 MB, 4 MB goal, 0 MB stacks, 0 MB globals, 16 P
gc 8722 @48.575s 3%: 0.11+0.73+0.14 ms clock, 1.8+0.49/1.0/0.030+2.3 ms cpu, 3->4->2 MB, 4 MB goal, 0 MB stacks, 0 MB globals, 16 P
gc 8723 @48.577s 3%: 0.10+0.63+0.15 ms clock, 1.7+0.56/0.82/0.009+2.4 ms cpu, 3->4->2 MB, 4 MB goal, 0 MB stacks, 0 MB globals, 16 P
gc 8724 @48.579s 3%: 0.083+0.45+0.16 ms clock, 1.3+0.67/0.84/0+2.6 ms cpu, 3->4->1 MB, 4 MB goal, 0 MB stacks, 0 MB globals, 16 P
gc 8725 @48.580s 3%: 0.10+0.59+0.13 ms clock, 1.6+0.67/0.85/0.010+2.2 ms cpu, 3->4->2 MB, 4 MB goal, 0 MB stacks, 0 MB globals, 16 P
gc 8726 @48.582s 3%: 0.11+0.56+0.10 ms clock, 1.7+0.54/0.78/0.008+1.7 ms cpu, 3->4->2 MB, 4 MB goal, 0 MB stacks, 0 MB globals, 16 P
gc 8727 @48.584s 3%: 0.13+0.69+0.10 ms clock, 2.1+0.53/0.92/0+1.6 ms cpu, 3->4->2 MB, 4 MB goal, 0 MB stacks, 0 MB globals, 16 P
gc 8728 @48.586s 3%: 0.093+0.60+0.095 ms clock, 1.4+0.55/1.0/0.003+1.5 ms cpu, 3->4->1 MB, 4 MB goal, 0 MB stacks, 0 MB globals, 16 P
gc 8729 @48.587s 3%: 0.13+0.62+0.081 ms clock, 2.1+0.53/0.85/0+1.2 ms cpu, 3->4->2 MB, 4 MB goal, 0 MB stacks, 0 MB globals, 16 P
gc 8730 @48.589s 3%: 0.12+0.50+0.20 ms clock, 2.0+0.60/0.72/0+3.3 ms cpu, 3->4->1 MB, 4 MB goal, 0 MB stacks, 0 MB globals, 16 P
gc 8731 @48.591s 3%: 0.16+0.60+0.14 ms clock, 2.6+0.65/0.95/0+2.2 ms cpu, 3->4->2 MB, 4 MB goal, 0 MB stacks, 0 MB globals, 16 P
gc 8732 @48.593s 3%: 0.13+0.55+0.10 ms clock, 2.1+0.77/0.79/0.029+1.7 ms cpu, 3->4->2 MB, 4 MB goal, 0 MB stacks, 0 MB globals, 16 P
gc 8733 @48.595s 3%: 0.11+0.62+0.080 ms clock, 1.8+0.59/0.88/0.001+1.2 ms cpu, 3->4->1 MB, 4 MB goal, 0 MB stacks, 0 MB globals, 16 P
gc 8734 @48.596s 3%: 0.19+0.65+0.080 ms clock, 3.0+0.57/1.0/0+1.2 ms cpu, 3->4->2 MB, 4 MB goal, 0 MB stacks, 0 MB globals, 16 P
gc 8735 @48.598s 3%: 0.12+0.66+0.15 ms clock, 2.0+0.52/0.91/0.036+2.5 ms cpu, 3->4->2 MB, 4 MB goal, 0 MB stacks, 0 MB globals, 16 P
gc 8736 @48.600s 3%: 0.13+0.68+0.039 ms clock, 2.1+0.67/0.82/0.004+0.62 ms cpu, 3->4->2 MB, 4 MB goal, 0 MB stacks, 0 MB globals, 16 P
gc 8737 @48.602s 3%: 0.092+0.62+0.083 ms clock, 1.4+0.44/0.95/0+1.3 ms cpu, 3->4->1 MB, 4 MB goal, 0 MB stacks, 0 MB globals, 16 P
gc 8738 @48.603s 3%: 0.11+0.83+0.047 ms clock, 1.8+0.52/0.95/0+0.76 ms cpu, 3->4->2 MB, 4 MB goal, 0 MB stacks, 0 MB globals, 16 P
gc 8739 @48.605s 3%: 0.13+0.55+0.12 ms clock, 2.1+0.53/0.92/0+2.0 ms cpu, 3->4->2 MB, 4 MB goal, 0 MB stacks, 0 MB globals, 16 P
gc 8740 @48.607s 3%: 0.11+0.73+0.15 ms clock, 1.8+0.51/0.93/0.004+2.4 ms cpu, 3->4->2 MB, 4 MB goal, 0 MB stacks, 0 MB globals, 16 P
gc 8741 @48.609s 3%: 0.10+0.55+0.10 ms clock, 1.7+0.76/0.79/0+1.7 ms cpu, 3->4->1 MB, 4 MB goal, 0 MB stacks, 0 MB globals, 16 P
gc 8742 @48.611s 3%: 0.11+0.62+0.091 ms clock, 1.8+0.48/1.0/0.018+1.4 ms cpu, 3->4->1 MB, 4 MB goal, 0 MB stacks, 0 MB globals, 16 P
gc 8743 @48.612s 3%: 0.12+0.51+0.11 ms clock, 2.0+0.62/0.87/0+1.9 ms cpu, 3->4->1 MB, 4 MB goal, 0 MB stacks, 0 MB globals, 16 P
gc 8744 @48.614s 3%: 0.16+0.60+0.11 ms clock, 2.6+0.73/0.85/0+1.7 ms cpu, 3->4->2 MB, 4 MB goal, 0 MB stacks, 0 MB globals, 16 P
gc 8745 @48.616s 3%: 0.13+0.69+0.10 ms clock, 2.1+0.54/0.84/0.12+1.7 ms cpu, 3->4->2 MB, 4 MB goal, 0 MB stacks, 0 MB globals, 16 P
gc 8746 @48.617s 3%: 0.13+0.67+0.10 ms clock, 2.1+0.64/0.79/0.011+1.7 ms cpu, 3->4->2 MB, 4 MB goal, 0 MB stacks, 0 MB globals, 16 P
gc 8747 @48.619s 3%: 0.14+0.69+0.13 ms clock, 2.2+0.67/0.74/0+2.2 ms cpu, 3->4->2 MB, 4 MB goal, 0 MB stacks, 0 MB globals, 16 P
gc 8748 @48.621s 3%: 0.14+0.50+0.17 ms clock, 2.3+0.56/0.90/0+2.7 ms cpu, 3->4->1 MB, 4 MB goal, 0 MB stacks, 0 MB globals, 16 P
gc 8749 @48.623s 3%: 0.16+0.59+0.15 ms clock, 2.7+0.44/0.94/0+2.4 ms cpu, 3->4->2 MB, 4 MB goal, 0 MB stacks, 0 MB globals, 16 P
gc 8750 @48.625s 3%: 0.11+0.58+0.048 ms clock, 1.8+0.65/0.75/0.026+0.78 ms cpu, 3->4->2 MB, 4 MB goal, 0 MB stacks, 0 MB globals, 16 P
gc 8751 @48.626s 3%: 0.14+0.49+0.16 ms clock, 2.3+0.65/0.77/0+2.5 ms cpu, 3->4->1 MB, 4 MB goal, 0 MB stacks, 0 MB globals, 16 P
gc 8752 @48.628s 3%: 0.11+0.66+0.098 ms clock, 1.8+0.47/0.92/0+1.5 ms cpu, 3->4->2 MB, 4 MB goal, 0 MB stacks, 0 MB globals, 16 P
gc 8753 @48.630s 3%: 0.12+0.67+0.11 ms clock, 1.9+0.58/0.86/0.038+1.7 ms cpu, 3->4->2 MB, 4 MB goal, 0 MB stacks, 0 MB globals, 16 P
gc 8754 @48.632s 3%: 0.12+0.49+0.15 ms clock, 1.9+0.60/0.62/0.075+2.4 ms cpu, 3->4->1 MB, 4 MB goal, 0 MB stacks, 0 MB globals, 16 P
gc 8755 @48.633s 3%: 0.092+0.58+0.087 ms clock, 1.4+0.49/1.0/0+1.3 ms cpu, 3->4->1 MB, 4 MB goal, 0 MB stacks, 0 MB globals, 16 P
gc 8756 @48.635s 4%: 0.11+0.70+0.14 ms clock, 1.8+0.64/0.93/0+2.2 ms cpu, 3->4->2 MB, 4 MB goal, 0 MB stacks, 0 MB globals, 16 P
gc 8757 @48.637s 4%: 0.16+0.58+0.12 ms clock, 2.5+0.63/0.92/0.005+1.9 ms cpu, 3->4->2 MB, 4 MB goal, 0 MB stacks, 0 MB globals, 16 P
gc 8758 @48.638s 4%: 0.17+0.62+0.13 ms clock, 2.7+0.66/0.82/0.031+2.1 ms cpu, 3->4->2 MB, 4 MB goal, 0 MB stacks, 0 MB globals, 16 P
gc 8759 @48.640s 4%: 0.10+0.54+0.16 ms clock, 1.7+0.50/0.86/0.010+2.7 ms cpu, 3->4->1 MB, 4 MB goal, 0 MB stacks, 0 MB globals, 16 P
gc 8760 @48.642s 4%: 0.18+0.81+0.083 ms clock, 2.9+0.68/0.74/0.002+1.3 ms cpu, 3->4->2 MB, 4 MB goal, 0 MB stacks, 0 MB globals, 16 P
gc 8761 @48.644s 4%: 0.093+0.63+0.17 ms clock, 1.4+0.45/0.76/0.094+2.7 ms cpu, 4->4->1 MB, 4 MB goal, 0 MB stacks, 0 MB globals, 16 P
gc 8762 @48.645s 4%: 0.15+0.54+0.096 ms clock, 2.5+0.49/0.91/0.004+1.5 ms cpu, 3->4->2 MB, 4 MB goal, 0 MB stacks, 0 MB globals, 16 P
gc 8763 @48.647s 4%: 0.10+0.69+0.14 ms clock, 1.7+0.58/0.90/0.034+2.3 ms cpu, 3->4->2 MB, 4 MB goal, 0 MB stacks, 0 MB globals, 16 P
gc 8764 @48.649s 4%: 0.12+0.58+0.099 ms clock, 1.9+0.60/0.76/0.022+1.5 ms cpu, 3->4->1 MB, 4 MB goal, 0 MB stacks, 0 MB globals, 16 P
gc 8765 @48.651s 4%: 0.15+0.57+0.12 ms clock, 2.5+0.60/0.81/0.002+1.9 ms cpu, 3->4->2 MB, 4 MB goal, 0 MB stacks, 0 MB globals, 16 P
gc 8766 @48.653s 4%: 0.15+0.67+0.10 ms clock, 2.5+0.63/0.88/0.007+1.7 ms cpu, 3->4->2 MB, 4 MB goal, 0 MB stacks, 0 MB globals, 16 P
gc 8767 @48.654s 4%: 0.11+0.57+0.097 ms clock, 1.7+0.62/0.82/0.012+1.5 ms cpu, 3->4->1 MB, 4 MB goal, 0 MB stacks, 0 MB globals, 16 P
gc 8768 @48.656s 4%: 0.16+0.65+0.091 ms clock, 2.5+0.66/0.77/0+1.4 ms cpu, 3->4->2 MB, 4 MB goal, 0 MB stacks, 0 MB globals, 16 P
gc 8769 @48.658s 4%: 0.14+0.59+0.10 ms clock, 2.3+0.56/0.77/0.009+1.7 ms cpu, 3->4->1 MB, 4 MB goal, 0 MB stacks, 0 MB globals, 16 P
gc 8770 @48.660s 4%: 0.086+0.73+0.058 ms clock, 1.3+0.53/0.87/0.011+0.92 ms cpu, 3->4->1 MB, 4 MB goal, 0 MB stacks, 0 MB globals, 16 P
gc 8771 @48.661s 4%: 0.10+0.55+0.10 ms clock, 1.7+0.45/0.85/0+1.6 ms cpu, 3->4->1 MB, 4 MB goal, 0 MB stacks, 0 MB globals, 16 P
gc 8772 @48.663s 4%: 0.13+0.52+0.11 ms clock, 2.1+0.56/0.86/0+1.8 ms cpu, 3->4->1 MB, 4 MB goal, 0 MB stacks, 0 MB globals, 16 P
gc 8773 @48.664s 4%: 0.10+0.49+0.11 ms clock, 1.7+0.61/0.76/0.037+1.8 ms cpu, 3->4->1 MB, 4 MB goal, 0 MB stacks, 0 MB globals, 16 P
gc 8774 @48.666s 4%: 0.10+0.49+0.10 ms clock, 1.7+0.47/0.77/0+1.6 ms cpu, 3->4->1 MB, 4 MB goal, 0 MB stacks, 0 MB globals, 16 P
gc 8775 @48.667s 4%: 0.14+0.58+0.072 ms clock, 2.3+0.55/0.84/0.004+1.1 ms cpu, 3->4->1 MB, 4 MB goal, 0 MB stacks, 0 MB globals, 16 P
gc 8776 @48.669s 4%: 0.14+0.64+0.074 ms clock, 2.2+0.62/0.80/0+1.1 ms cpu, 3->4->1 MB, 4 MB goal, 0 MB stacks, 0 MB globals, 16 P
gc 8777 @48.671s 4%: 0.10+0.56+0.12 ms clock, 1.7+0.57/0.83/0.005+1.9 ms cpu, 3->4->1 MB, 4 MB goal, 0 MB stacks, 0 MB globals, 16 P
gc 8778 @48.672s 4%: 0.12+0.49+0.16 ms clock, 2.0+0.65/0.71/0.013+2.6 ms cpu, 3->4->1 MB, 4 MB goal, 0 MB stacks, 0 MB globals, 16 P
gc 8779 @48.674s 4%: 0.12+0.53+0.047 ms clock, 2.0+0.59/0.87/0+0.76 ms cpu, 3->4->1 MB, 4 MB goal, 0 MB stacks, 0 MB globals, 16 P
gc 8780 @48.675s 4%: 0.11+0.58+0.11 ms clock, 1.8+0.39/0.94/0+1.8 ms cpu, 3->4->1 MB, 4 MB goal, 0 MB stacks, 0 MB globals, 16 P
gc 8781 @48.677s 4%: 0.14+0.51+0.10 ms clock, 2.2+0.71/0.78/0.001+1.6 ms cpu, 3->4->1 MB, 4 MB goal, 0 MB stacks, 0 MB globals, 16 P
gc 8782 @48.679s 4%: 0.13+0.56+0.10 ms clock, 2.1+0.62/0.85/0+1.7 ms cpu, 3->4->1 MB, 4 MB goal, 0 MB stacks, 0 MB globals, 16 P
gc 8783 @48.680s 4%: 0.13+0.66+0.10 ms clock, 2.1+0.61/0.90/0.034+1.6 ms cpu, 3->4->2 MB, 4 MB goal, 0 MB stacks, 0 MB globals, 16 P
gc 8784 @48.682s 4%: 0.13+0.67+0.090 ms clock, 2.1+0.57/0.79/0+1.4 ms cpu, 3->4->2 MB, 4 MB goal, 0 MB stacks, 0 MB globals, 16 P
gc 8785 @48.684s 4%: 0.099+0.58+0.17 ms clock, 1.5+0.62/0.90/0+2.7 ms cpu, 3->4->2 MB, 4 MB goal, 0 MB stacks, 0 MB globals, 16 P
gc 8786 @48.686s 4%: 0.13+0.57+0.095 ms clock, 2.1+0.46/0.87/0.003+1.5 ms cpu, 3->4->1 MB, 4 MB goal, 0 MB stacks, 0 MB globals, 16 P
gc 8787 @48.687s 4%: 0.11+0.69+0.085 ms clock, 1.8+0.41/0.85/0.004+1.3 ms cpu, 3->4->2 MB, 4 MB goal, 0 MB stacks, 0 MB globals, 16 P
gc 8788 @48.689s 4%: 0.11+0.53+0.13 ms clock, 1.8+0.50/0.83/0+2.0 ms cpu, 3->4->1 MB, 4 MB goal, 0 MB stacks, 0 MB globals, 16 P
gc 8789 @48.691s 4%: 0.11+0.46+0.15 ms clock, 1.8+0.70/0.77/0+2.4 ms cpu, 3->4->1 MB, 4 MB goal, 0 MB stacks, 0 MB globals, 16 P
gc 8790 @48.692s 4%: 0.12+0.56+0.10 ms clock, 2.0+0.74/0.76/0+1.6 ms cpu, 3->4->1 MB, 4 MB goal, 0 MB stacks, 0 MB globals, 16 P
gc 8791 @48.694s 4%: 0.075+0.62+0.10 ms clock, 1.2+0.72/0.87/0.058+1.7 ms cpu, 3->4->1 MB, 4 MB goal, 0 MB stacks, 0 MB globals, 16 P
gc 8792 @48.696s 4%: 0.10+0.58+0.15 ms clock, 1.7+0.48/0.98/0+2.4 ms cpu, 3->4->2 MB, 4 MB goal, 0 MB stacks, 0 MB globals, 16 P
gc 8793 @48.697s 4%: 0.10+0.47+0.12 ms clock, 1.7+0.48/0.79/0.052+2.0 ms cpu, 3->4->1 MB, 4 MB goal, 0 MB stacks, 0 MB globals, 16 P
gc 8794 @48.699s 4%: 0.16+0.58+0.081 ms clock, 2.5+0.67/0.77/0+1.3 ms cpu, 3->4->1 MB, 4 MB goal, 0 MB stacks, 0 MB globals, 16 P
gc 8795 @48.700s 4%: 0.13+0.51+0.11 ms clock, 2.1+0.48/0.85/0.002+1.9 ms cpu, 3->4->1 MB, 4 MB goal, 0 MB stacks, 0 MB globals, 16 P
gc 8796 @48.702s 4%: 0.10+0.53+0.14 ms clock, 1.6+0.66/0.82/0+2.2 ms cpu, 3->4->1 MB, 4 MB goal, 0 MB stacks, 0 MB globals, 16 P
gc 8797 @48.704s 4%: 0.13+0.56+0.14 ms clock, 2.1+0.63/0.81/0.055+2.3 ms cpu, 3->4->2 MB, 4 MB goal, 0 MB stacks, 0 MB globals, 16 P
gc 8798 @48.705s 4%: 0.14+0.68+0.10 ms clock, 2.3+0.55/0.82/0.014+1.7 ms cpu, 3->4->2 MB, 4 MB goal, 0 MB stacks, 0 MB globals, 16 P
gc 8799 @48.707s 4%: 0.13+0.49+0.13 ms clock, 2.1+0.65/0.86/0+2.2 ms cpu, 3->4->1 MB, 4 MB goal, 0 MB stacks, 0 MB globals, 16 P
gc 8800 @48.709s 4%: 0.092+0.47+0.17 ms clock, 1.4+0.68/0.77/0.004+2.8 ms cpu, 3->4->1 MB, 4 MB goal, 0 MB stacks, 0 MB globals, 16 P
gc 8801 @48.710s 4%: 0.11+0.48+0.11 ms clock, 1.8+0.58/0.77/0+1.7 ms cpu, 3->4->1 MB, 4 MB goal, 0 MB stacks, 0 MB globals, 16 P
gc 8802 @48.712s 4%: 0.15+0.61+0.088 ms clock, 2.4+0.63/0.90/0+1.4 ms cpu, 3->4->2 MB, 4 MB goal, 0 MB stacks, 0 MB globals, 16 P
gc 8803 @48.713s 4%: 0.15+0.49+0.11 ms clock, 2.5+0.53/0.82/0+1.8 ms cpu, 3->4->1 MB, 4 MB goal, 0 MB stacks, 0 MB globals, 16 P
gc 8804 @48.715s 4%: 0.10+0.61+0.10 ms clock, 1.6+0.63/0.78/0.039+1.6 ms cpu, 3->4->2 MB, 4 MB goal, 0 MB stacks, 0 MB globals, 16 P
gc 8805 @48.717s 4%: 0.11+0.54+0.082 ms clock, 1.8+0.53/0.67/0.056+1.3 ms cpu, 3->4->1 MB, 4 MB goal, 0 MB stacks, 0 MB globals, 16 P
gc 8806 @48.718s 4%: 0.12+0.64+0.050 ms clock, 1.9+0.48/1.0/0+0.81 ms cpu, 3->4->2 MB, 4 MB goal, 0 MB stacks, 0 MB globals, 16 P
gc 8807 @48.720s 4%: 0.16+0.81+0.086 ms clock, 2.6+0.66/0.83/0.066+1.3 ms cpu, 3->4->2 MB, 4 MB goal, 0 MB stacks, 0 MB globals, 16 P
gc 8808 @48.722s 4%: 0.15+0.50+0.11 ms clock, 2.5+0.67/0.87/0+1.7 ms cpu, 4->4->1 MB, 4 MB goal, 0 MB stacks, 0 MB globals, 16 P
gc 8809 @48.724s 4%: 0.14+0.55+0.14 ms clock, 2.3+0.69/0.77/0+2.3 ms cpu, 3->4->1 MB, 4 MB goal, 0 MB stacks, 0 MB globals, 16 P
gc 8810 @48.726s 4%: 0.10+0.52+0.074 ms clock, 1.7+0.44/0.93/0.004+1.1 ms cpu, 3->4->1 MB, 4 MB goal, 0 MB stacks, 0 MB globals, 16 P
gc 8811 @48.727s 4%: 0.13+0.69+0.10 ms clock, 2.1+0.55/0.76/0.089+1.6 ms cpu, 3->4->1 MB, 4 MB goal, 0 MB stacks, 0 MB globals, 16 P
gc 8812 @48.729s 4%: 0.17+0.53+0.092 ms clock, 2.7+0.64/0.70/0.042+1.4 ms cpu, 3->4->2 MB, 4 MB goal, 0 MB stacks, 0 MB globals, 16 P
gc 8813 @48.731s 4%: 0.094+0.63+0.048 ms clock, 1.5+0.51/0.94/0.023+0.76 ms cpu, 3->4->1 MB, 4 MB goal, 0 MB stacks, 0 MB globals, 16 P
gc 8814 @48.732s 4%: 0.18+0.57+0.11 ms clock, 2.9+0.52/0.84/0+1.8 ms cpu, 3->4->2 MB, 4 MB goal, 0 MB stacks, 0 MB globals, 16 P
gc 8815 @48.734s 4%: 0.11+0.75+0.10 ms clock, 1.8+0.53/0.84/0+1.6 ms cpu, 3->4->2 MB, 4 MB goal, 0 MB stacks, 0 MB globals, 16 P
gc 8816 @48.736s 4%: 0.18+0.72+0.11 ms clock, 2.9+0.47/0.75/0+1.8 ms cpu, 3->4->2 MB, 4 MB goal, 0 MB stacks, 0 MB globals, 16 P
gc 8817 @48.738s 4%: 0.10+0.62+0.090 ms clock, 1.7+0.61/0.84/0.003+1.4 ms cpu, 3->4->1 MB, 4 MB goal, 0 MB stacks, 0 MB globals, 16 P
gc 8818 @48.740s 4%: 0.11+0.75+0.10 ms clock, 1.8+0.68/0.99/0.020+1.6 ms cpu, 3->4->2 MB, 4 MB goal, 0 MB stacks, 0 MB globals, 16 P
gc 8819 @48.742s 4%: 0.12+0.52+0.11 ms clock, 2.0+0.52/0.88/0.077+1.7 ms cpu, 3->4->1 MB, 4 MB goal, 0 MB stacks, 0 MB globals, 16 P
gc 8820 @48.743s 4%: 0.15+0.58+0.12 ms clock, 2.4+0.45/0.87/0+2.0 ms cpu, 3->4->2 MB, 4 MB goal, 0 MB stacks, 0 MB globals, 16 P
gc 8821 @48.745s 4%: 0.16+0.56+0.075 ms clock, 2.6+0.65/0.74/0+1.2 ms cpu, 3->4->1 MB, 4 MB goal, 0 MB stacks, 0 MB globals, 16 P
gc 8822 @48.747s 4%: 0.10+0.42+0.14 ms clock, 1.7+0.65/0.75/0.021+2.2 ms cpu, 3->4->1 MB, 4 MB goal, 0 MB stacks, 0 MB globals, 16 P
gc 8823 @48.748s 4%: 0.17+0.61+0.14 ms clock, 2.7+0.59/0.86/0+2.2 ms cpu, 3->4->2 MB, 4 MB goal, 0 MB stacks, 0 MB globals, 16 P
gc 8824 @48.750s 4%: 0.11+0.68+0.084 ms clock, 1.7+0.59/0.80/0.022+1.3 ms cpu, 3->4->2 MB, 4 MB goal, 0 MB stacks, 0 MB globals, 16 P
gc 8825 @48.752s 4%: 0.11+0.55+0.098 ms clock, 1.8+0.56/0.85/0+1.5 ms cpu, 3->4->1 MB, 4 MB goal, 0 MB stacks, 0 MB globals, 16 P
gc 8826 @48.753s 4%: 0.18+0.61+0.10 ms clock, 2.9+0.62/0.74/0+1.6 ms cpu, 3->4->2 MB, 4 MB goal, 0 MB stacks, 0 MB globals, 16 P
gc 8827 @48.755s 4%: 0.12+0.64+0.15 ms clock, 1.9+0.52/0.92/0+2.4 ms cpu, 3->4->2 MB, 4 MB goal, 0 MB stacks, 0 MB globals, 16 P
gc 8828 @48.757s 4%: 0.12+0.71+0.10 ms clock, 2.0+0.62/0.78/0+1.6 ms cpu, 3->4->2 MB, 4 MB goal, 0 MB stacks, 0 MB globals, 16 P
gc 8829 @48.759s 4%: 0.18+0.64+0.14 ms clock, 2.9+0.57/0.81/0+2.3 ms cpu, 3->4->2 MB, 4 MB goal, 0 MB stacks, 0 MB globals, 16 P
gc 8830 @48.761s 4%: 0.091+0.58+0.11 ms clock, 1.4+0.57/0.91/0+1.7 ms cpu, 3->4->1 MB, 4 MB goal, 0 MB stacks, 0 MB globals, 16 P
gc 8831 @48.763s 4%: 0.12+0.58+0.066 ms clock, 1.9+0.81/0.80/0.022+1.0 ms cpu, 3->4->2 MB, 4 MB goal, 0 MB stacks, 0 MB globals, 16 P
gc 8832 @48.765s 4%: 0.11+0.71+0.098 ms clock, 1.8+0.41/0.85/0.021+1.5 ms cpu, 3->4->2 MB, 4 MB goal, 0 MB stacks, 0 MB globals, 16 P
gc 8833 @48.766s 4%: 0.18+0.62+0.098 ms clock, 2.9+0.64/0.87/0+1.5 ms cpu, 3->4->2 MB, 4 MB goal, 0 MB stacks, 0 MB globals, 16 P
gc 8834 @48.768s 4%: 0.11+0.48+0.11 ms clock, 1.8+0.60/0.78/0.005+1.7 ms cpu, 3->4->1 MB, 4 MB goal, 0 MB stacks, 0 MB globals, 16 P
gc 8835 @48.770s 4%: 0.10+0.50+0.10 ms clock, 1.6+0.43/0.75/0.088+1.6 ms cpu, 3->3->1 MB, 4 MB goal, 0 MB stacks, 0 MB globals, 16 P
gc 8836 @48.771s 4%: 0.15+0.65+0.095 ms clock, 2.4+0.61/0.95/0.004+1.5 ms cpu, 3->4->2 MB, 4 MB goal, 0 MB stacks, 0 MB globals, 16 P
gc 8837 @48.773s 4%: 0.14+0.77+0.057 ms clock, 2.3+0.59/0.88/0.026+0.92 ms cpu, 3->4->2 MB, 4 MB goal, 0 MB stacks, 0 MB globals, 16 P
gc 8838 @48.775s 4%: 0.18+0.54+0.10 ms clock, 2.9+0.66/0.74/0+1.6 ms cpu, 3->4->2 MB, 4 MB goal, 0 MB stacks, 0 MB globals, 16 P
gc 8839 @48.777s 4%: 0.10+0.60+0.086 ms clock, 1.6+0.55/0.88/0.001+1.3 ms cpu, 3->4->1 MB, 4 MB goal, 0 MB stacks, 0 MB globals, 16 P
gc 8840 @48.778s 4%: 0.11+0.51+0.087 ms clock, 1.8+0.49/0.81/0.023+1.4 ms cpu, 3->4->1 MB, 4 MB goal, 0 MB stacks, 0 MB globals, 16 P
gc 8841 @48.780s 4%: 0.10+0.46+0.11 ms clock, 1.7+0.50/0.71/0+1.8 ms cpu, 3->3->1 MB, 4 MB goal, 0 MB stacks, 0 MB globals, 16 P
gc 8842 @48.781s 4%: 0.17+0.60+0.10 ms clock, 2.8+0.77/1.0/0+1.6 ms cpu, 3->4->2 MB, 4 MB goal, 0 MB stacks, 0 MB globals, 16 P
gc 8843 @48.783s 4%: 0.15+0.52+0.15 ms clock, 2.5+0.58/0.79/0.005+2.4 ms cpu, 3->4->1 MB, 4 MB goal, 0 MB stacks, 0 MB globals, 16 P
gc 8844 @48.785s 4%: 0.15+0.53+0.11 ms clock, 2.4+0.60/0.73/0.022+1.7 ms cpu, 3->4->1 MB, 4 MB goal, 0 MB stacks, 0 MB globals, 16 P
gc 8845 @48.786s 4%: 0.15+0.57+0.087 ms clock, 2.5+0.62/0.78/0+1.4 ms cpu, 3->4->1 MB, 4 MB goal, 0 MB stacks, 0 MB globals, 16 P
gc 8846 @48.788s 4%: 0.12+0.69+0.095 ms clock, 2.0+0.70/0.75/0.069+1.5 ms cpu, 3->4->2 MB, 4 MB goal, 0 MB stacks, 0 MB globals, 16 P
gc 8847 @48.790s 4%: 0.14+0.66+0.10 ms clock, 2.3+0.41/0.71/0.14+1.6 ms cpu, 3->4->1 MB, 4 MB goal, 0 MB stacks, 0 MB globals, 16 P
gc 8848 @48.791s 4%: 0.15+0.63+0.11 ms clock, 2.5+0.50/0.91/0+1.9 ms cpu, 3->4->2 MB, 4 MB goal, 0 MB stacks, 0 MB globals, 16 P
gc 8849 @48.793s 4%: 0.12+0.69+0.093 ms clock, 2.0+0.58/0.78/0+1.4 ms cpu, 3->4->1 MB, 4 MB goal, 0 MB stacks, 0 MB globals, 16 P
gc 8850 @48.795s 4%: 0.11+0.72+0.061 ms clock, 1.8+0.58/0.81/0.003+0.98 ms cpu, 3->4->2 MB, 4 MB goal, 0 MB stacks, 0 MB globals, 16 P
gc 8851 @48.797s 4%: 0.17+0.48+0.12 ms clock, 2.7+0.74/0.69/0+1.9 ms cpu, 3->4->1 MB, 4 MB goal, 0 MB stacks, 0 MB globals, 16 P
gc 8852 @48.798s 4%: 0.11+0.38+0.21 ms clock, 1.8+0.67/0.67/0.029+3.4 ms cpu, 3->4->1 MB, 4 MB goal, 0 MB stacks, 0 MB globals, 16 P
gc 8853 @48.800s 4%: 0.15+0.86+0.077 ms clock, 2.4+0.69/1.0/0+1.2 ms cpu, 3->4->2 MB, 4 MB goal, 0 MB stacks, 0 MB globals, 16 P
gc 8854 @48.802s 4%: 0.11+0.69+0.14 ms clock, 1.8+0.60/0.84/0.033+2.3 ms cpu, 4->5->2 MB, 5 MB goal, 0 MB stacks, 0 MB globals, 16 P
gc 8855 @48.804s 4%: 0.14+0.58+0.12 ms clock, 2.3+0.66/0.86/0+1.9 ms cpu, 3->4->1 MB, 4 MB goal, 0 MB stacks, 0 MB globals, 16 P
gc 8856 @48.805s 4%: 0.11+0.49+0.11 ms clock, 1.8+0.57/0.88/0.015+1.8 ms cpu, 3->4->1 MB, 4 MB goal, 0 MB stacks, 0 MB globals, 16 P
gc 8857 @48.807s 4%: 0.084+0.51+0.11 ms clock, 1.3+0.69/0.85/0+1.8 ms cpu, 3->4->1 MB, 4 MB goal, 0 MB stacks, 0 MB globals, 16 P
gc 8858 @48.809s 4%: 0.10+0.78+0.090 ms clock, 1.7+0.52/0.80/0.022+1.4 ms cpu, 3->4->2 MB, 4 MB goal, 0 MB stacks, 0 MB globals, 16 P
gc 8859 @48.810s 4%: 0.12+0.51+0.12 ms clock, 2.0+0.52/0.78/0.034+2.0 ms cpu, 3->4->1 MB, 4 MB goal, 0 MB stacks, 0 MB globals, 16 P
gc 8860 @48.812s 4%: 0.10+0.58+0.096 ms clock, 1.6+0.72/0.80/0+1.5 ms cpu, 3->4->1 MB, 4 MB goal, 0 MB stacks, 0 MB globals, 16 P
gc 8861 @48.813s 4%: 0.17+0.52+0.093 ms clock, 2.7+0.75/0.74/0+1.4 ms cpu, 3->4->1 MB, 4 MB goal, 0 MB stacks, 0 MB globals, 16 P
gc 8862 @48.815s 4%: 0.16+0.50+0.15 ms clock, 2.6+0.60/0.73/0+2.4 ms cpu, 3->4->1 MB, 4 MB goal, 0 MB stacks, 0 MB globals, 16 P
gc 8863 @48.816s 4%: 0.16+0.59+0.072 ms clock, 2.5+0.60/0.91/0+1.1 ms cpu, 3->4->2 MB, 4 MB goal, 0 MB stacks, 0 MB globals, 16 P
gc 8864 @48.818s 4%: 0.16+0.64+0.10 ms clock, 2.5+0.67/0.85/0.005+1.6 ms cpu, 3->4->2 MB, 4 MB goal, 0 MB stacks, 0 MB globals, 16 P
gc 8865 @48.820s 4%: 0.17+0.60+0.10 ms clock, 2.7+0.64/0.89/0.002+1.7 ms cpu, 3->4->2 MB, 4 MB goal, 0 MB stacks, 0 MB globals, 16 P
gc 8866 @48.822s 4%: 0.21+0.51+0.15 ms clock, 3.4+0.59/0.85/0.005+2.4 ms cpu, 3->4->1 MB, 4 MB goal, 0 MB stacks, 0 MB globals, 16 P
gc 8867 @48.824s 4%: 0.11+0.46+0.13 ms clock, 1.8+0.46/0.81/0+2.0 ms cpu, 3->4->1 MB, 4 MB goal, 0 MB stacks, 0 MB globals, 16 P
gc 8868 @48.825s 4%: 0.13+0.61+0.10 ms clock, 2.1+0.65/0.86/0+1.6 ms cpu, 3->4->2 MB, 4 MB goal, 0 MB stacks, 0 MB globals, 16 P
gc 8869 @48.827s 4%: 0.13+0.56+0.11 ms clock, 2.1+0.48/0.81/0+1.8 ms cpu, 3->4->1 MB, 4 MB goal, 0 MB stacks, 0 MB globals, 16 P
gc 8870 @48.828s 4%: 0.11+0.69+0.091 ms clock, 1.8+0.54/0.90/0.020+1.4 ms cpu, 3->4->1 MB, 4 MB goal, 0 MB stacks, 0 MB globals, 16 P
gc 8871 @48.830s 4%: 0.13+0.58+0.11 ms clock, 2.2+0.57/0.90/0+1.8 ms cpu, 3->4->1 MB, 4 MB goal, 0 MB stacks, 0 MB globals, 16 P
gc 8872 @48.832s 4%: 0.11+0.58+0.089 ms clock, 1.7+0.56/0.84/0.045+1.4 ms cpu, 3->4->1 MB, 4 MB goal, 0 MB stacks, 0 MB globals, 16 P
gc 8873 @48.833s 4%: 0.12+0.62+0.11 ms clock, 1.9+0.55/0.87/0+1.7 ms cpu, 3->4->2 MB, 4 MB goal, 0 MB stacks, 0 MB globals, 16 P
gc 8874 @48.835s 4%: 0.15+0.50+0.13 ms clock, 2.5+0.50/0.84/0.063+2.1 ms cpu, 3->4->1 MB, 4 MB goal, 0 MB stacks, 0 MB globals, 16 P
gc 8875 @48.837s 4%: 0.15+0.68+0.087 ms clock, 2.5+0.72/0.89/0.030+1.4 ms cpu, 3->4->2 MB, 4 MB goal, 0 MB stacks, 0 MB globals, 16 P
gc 8876 @48.839s 4%: 0.17+0.78+0.10 ms clock, 2.8+0.64/0.98/0+1.6 ms cpu, 3->4->2 MB, 4 MB goal, 0 MB stacks, 0 MB globals, 16 P
gc 8877 @48.841s 4%: 0.12+0.60+0.084 ms clock, 1.9+0.44/0.85/0+1.3 ms cpu, 4->4->1 MB, 4 MB goal, 0 MB stacks, 0 MB globals, 16 P
gc 8878 @48.843s 4%: 0.13+0.49+0.14 ms clock, 2.1+0.63/0.81/0.022+2.2 ms cpu, 3->4->1 MB, 4 MB goal, 0 MB stacks, 0 MB globals, 16 P
gc 8879 @48.844s 4%: 0.23+0.60+0.098 ms clock, 3.7+0.24/0.87/0.056+1.5 ms cpu, 3->4->1 MB, 4 MB goal, 0 MB stacks, 0 MB globals, 16 P
gc 8880 @48.846s 4%: 0.13+0.72+0.10 ms clock, 2.1+0.54/0.86/0+1.6 ms cpu, 3->4->2 MB, 4 MB goal, 0 MB stacks, 0 MB globals, 16 P
gc 8881 @48.847s 4%: 0.13+0.58+0.13 ms clock, 2.0+0.64/0.81/0.041+2.1 ms cpu, 3->4->1 MB, 4 MB goal, 0 MB stacks, 0 MB globals, 16 P
gc 8882 @48.849s 4%: 0.13+0.50+0.14 ms clock, 2.1+0.69/0.92/0+2.2 ms cpu, 3->4->1 MB, 4 MB goal, 0 MB stacks, 0 MB globals, 16 P
gc 8883 @48.851s 4%: 0.10+0.56+0.076 ms clock, 1.6+0.66/0.81/0.021+1.2 ms cpu, 3->4->1 MB, 4 MB goal, 0 MB stacks, 0 MB globals, 16 P
gc 8884 @48.852s 4%: 0.13+0.53+0.098 ms clock, 2.1+0.62/0.83/0.010+1.5 ms cpu, 3->4->1 MB, 4 MB goal, 0 MB stacks, 0 MB globals, 16 P
gc 8885 @48.854s 4%: 0.10+0.51+0.10 ms clock, 1.7+0.63/0.87/0+1.7 ms cpu, 3->4->1 MB, 4 MB goal, 0 MB stacks, 0 MB globals, 16 P
gc 8886 @48.856s 4%: 0.12+0.54+0.12 ms clock, 1.9+0.58/0.85/0+2.0 ms cpu, 3->4->1 MB, 4 MB goal, 0 MB stacks, 0 MB globals, 16 P
gc 8887 @48.857s 4%: 0.13+0.68+0.13 ms clock, 2.1+0.71/0.76/0+2.1 ms cpu, 3->4->2 MB, 4 MB goal, 0 MB stacks, 0 MB globals, 16 P
gc 8888 @48.859s 4%: 0.15+0.62+0.15 ms clock, 2.5+0.63/0.76/0.036+2.5 ms cpu, 3->4->1 MB, 4 MB goal, 0 MB stacks, 0 MB globals, 16 P
gc 8889 @48.861s 4%: 0.12+0.53+0.10 ms clock, 2.0+0.48/0.81/0.062+1.6 ms cpu, 3->4->1 MB, 4 MB goal, 0 MB stacks, 0 MB globals, 16 P
gc 8890 @48.862s 4%: 0.13+0.46+0.11 ms clock, 2.1+0.60/0.84/0+1.8 ms cpu, 3->4->1 MB, 4 MB goal, 0 MB stacks, 0 MB globals, 16 P
gc 8891 @48.864s 4%: 0.14+0.69+0.088 ms clock, 2.3+0.59/0.91/0+1.4 ms cpu, 3->4->1 MB, 4 MB goal, 0 MB stacks, 0 MB globals, 16 P
gc 8892 @48.865s 4%: 0.15+0.56+0.15 ms clock, 2.4+0.62/0.91/0.007+2.4 ms cpu, 3->4->2 MB, 4 MB goal, 0 MB stacks, 0 MB globals, 16 P
gc 8893 @48.867s 4%: 0.12+0.54+0.10 ms clock, 2.0+0.73/0.75/0.057+1.6 ms cpu, 3->4->1 MB, 4 MB goal, 0 MB stacks, 0 MB globals, 16 P
gc 8894 @48.869s 4%: 0.15+0.56+0.14 ms clock, 2.4+0.59/0.80/0.062+2.3 ms cpu, 3->4->2 MB, 4 MB goal, 0 MB stacks, 0 MB globals, 16 P
gc 8895 @48.870s 4%: 0.12+0.67+0.084 ms clock, 2.0+0.56/0.96/0.010+1.3 ms cpu, 3->4->2 MB, 4 MB goal, 0 MB stacks, 0 MB globals, 16 P
gc 8896 @48.872s 4%: 0.10+0.50+0.079 ms clock, 1.7+0.58/0.69/0.015+1.2 ms cpu, 3->4->1 MB, 4 MB goal, 0 MB stacks, 0 MB globals, 16 P
gc 8897 @48.874s 4%: 0.10+0.55+0.11 ms clock, 1.7+0.42/0.95/0.085+1.8 ms cpu, 3->4->1 MB, 4 MB goal, 0 MB stacks, 0 MB globals, 16 P
gc 8898 @48.875s 4%: 0.13+0.66+0.083 ms clock, 2.1+0.52/1.0/0.018+1.3 ms cpu, 3->4->2 MB, 4 MB goal, 0 MB stacks, 0 MB globals, 16 P
gc 8899 @48.877s 4%: 0.12+0.54+0.10 ms clock, 2.0+0.69/0.81/0.001+1.7 ms cpu, 3->4->1 MB, 4 MB goal, 0 MB stacks, 0 MB globals, 16 P
gc 8900 @48.879s 4%: 0.12+0.59+0.094 ms clock, 1.9+0.65/0.82/0+1.5 ms cpu, 3->4->2 MB, 4 MB goal, 0 MB stacks, 0 MB globals, 16 P
gc 8901 @48.881s 4%: 0.14+0.55+0.12 ms clock, 2.2+0.60/0.87/0.009+2.0 ms cpu, 3->4->1 MB, 4 MB goal, 0 MB stacks, 0 MB globals, 16 P
gc 8902 @48.882s 4%: 0.18+0.62+0.085 ms clock, 2.8+0.65/0.83/0+1.3 ms cpu, 3->4->1 MB, 4 MB goal, 0 MB stacks, 0 MB globals, 16 P
gc 8903 @48.884s 4%: 0.12+0.59+0.11 ms clock, 1.9+0.52/0.95/0.002+1.8 ms cpu, 3->4->2 MB, 4 MB goal, 0 MB stacks, 0 MB globals, 16 P
gc 8904 @48.885s 4%: 0.11+0.46+0.099 ms clock, 1.7+0.64/0.75/0+1.5 ms cpu, 3->4->1 MB, 4 MB goal, 0 MB stacks, 0 MB globals, 16 P
gc 8905 @48.887s 4%: 0.12+0.63+0.11 ms clock, 1.9+0.47/1.0/0.001+1.8 ms cpu, 3->4->2 MB, 4 MB goal, 0 MB stacks, 0 MB globals, 16 P
gc 8906 @48.889s 4%: 0.11+0.53+0.13 ms clock, 1.9+0.58/0.79/0+2.1 ms cpu, 3->4->1 MB, 4 MB goal, 0 MB stacks, 0 MB globals, 16 P
gc 8907 @48.890s 4%: 0.18+0.58+0.16 ms clock, 2.9+0.62/0.90/0+2.6 ms cpu, 3->4->2 MB, 4 MB goal, 0 MB stacks, 0 MB globals, 16 P
gc 8908 @48.892s 4%: 0.15+0.68+0.13 ms clock, 2.4+0.74/0.69/0+2.2 ms cpu, 3->4->2 MB, 4 MB goal, 0 MB stacks, 0 MB globals, 16 P
gc 8909 @48.894s 4%: 0.15+0.60+0.10 ms clock, 2.4+0.64/0.89/0+1.6 ms cpu, 3->4->2 MB, 4 MB goal, 0 MB stacks, 0 MB globals, 16 P
gc 8910 @48.896s 4%: 0.14+0.66+0.094 ms clock, 2.2+0.65/0.96/0+1.5 ms cpu, 3->4->2 MB, 4 MB goal, 0 MB stacks, 0 MB globals, 16 P
gc 8911 @48.897s 4%: 0.091+0.56+0.076 ms clock, 1.4+0.58/0.86/0.035+1.2 ms cpu, 3->4->1 MB, 4 MB goal, 0 MB stacks, 0 MB globals, 16 P
gc 8912 @48.899s 4%: 0.14+0.61+0.096 ms clock, 2.3+0.61/0.83/0+1.5 ms cpu, 3->4->2 MB, 4 MB goal, 0 MB stacks, 0 MB globals, 16 P
gc 8913 @48.901s 4%: 0.15+0.59+0.092 ms clock, 2.4+0.58/0.80/0+1.4 ms cpu, 3->4->1 MB, 4 MB goal, 0 MB stacks, 0 MB globals, 16 P
gc 8914 @48.903s 4%: 0.12+0.52+0.092 ms clock, 1.9+0.63/0.83/0+1.4 ms cpu, 3->4->1 MB, 4 MB goal, 0 MB stacks, 0 MB globals, 16 P
gc 8915 @48.904s 4%: 0.13+0.63+0.080 ms clock, 2.1+0.60/0.92/0+1.2 ms cpu, 3->4->1 MB, 4 MB goal, 0 MB stacks, 0 MB globals, 16 P
gc 8916 @48.906s 4%: 0.16+0.68+0.058 ms clock, 2.6+0.59/0.97/0+0.94 ms cpu, 3->4->2 MB, 4 MB goal, 0 MB stacks, 0 MB globals, 16 P
gc 8917 @48.908s 4%: 0.12+0.63+0.13 ms clock, 2.0+0.53/0.93/0.001+2.2 ms cpu, 3->4->2 MB, 4 MB goal, 0 MB stacks, 0 MB globals, 16 P
gc 8918 @48.910s 4%: 0.092+0.61+0.11 ms clock, 1.4+0.46/0.87/0+1.7 ms cpu, 3->4->1 MB, 4 MB goal, 0 MB stacks, 0 MB globals, 16 P
gc 8919 @48.911s 4%: 0.11+0.62+0.11 ms clock, 1.8+0.59/0.81/0+1.7 ms cpu, 3->4->1 MB, 4 MB goal, 0 MB stacks, 0 MB globals, 16 P
gc 8920 @48.913s 4%: 0.20+0.76+0.098 ms clock, 3.2+0.69/1.1/0.005+1.5 ms cpu, 3->4->2 MB, 4 MB goal, 0 MB stacks, 0 MB globals, 16 P
gc 8921 @48.915s 4%: 0.13+0.62+0.090 ms clock, 2.0+0.68/0.73/0+1.4 ms cpu, 4->4->2 MB, 4 MB goal, 0 MB stacks, 0 MB globals, 16 P
gc 8922 @48.917s 4%: 0.10+0.57+0.083 ms clock, 1.6+0.48/0.89/0.035+1.3 ms cpu, 3->4->1 MB, 4 MB goal, 0 MB stacks, 0 MB globals, 16 P
gc 8923 @48.918s 4%: 0.15+0.54+0.14 ms clock, 2.5+0.53/0.72/0+2.2 ms cpu, 3->4->1 MB, 4 MB goal, 0 MB stacks, 0 MB globals, 16 P
gc 8924 @48.920s 4%: 0.12+0.57+0.099 ms clock, 2.0+0.71/0.96/0+1.5 ms cpu, 3->4->2 MB, 4 MB goal, 0 MB stacks, 0 MB globals, 16 P
gc 8925 @48.922s 4%: 0.14+0.80+0.12 ms clock, 2.2+0.53/0.83/0.005+1.9 ms cpu, 3->4->2 MB, 4 MB goal, 0 MB stacks, 0 MB globals, 16 P
gc 8926 @48.924s 4%: 0.11+0.61+0.088 ms clock, 1.8+0.59/0.91/0+1.4 ms cpu, 4->4->2 MB, 4 MB goal, 0 MB stacks, 0 MB globals, 16 P
gc 8927 @48.925s 4%: 0.13+0.62+0.098 ms clock, 2.0+0.75/0.73/0+1.5 ms cpu, 3->4->1 MB, 4 MB goal, 0 MB stacks, 0 MB globals, 16 P
gc 8928 @48.927s 4%: 0.13+0.63+0.084 ms clock, 2.1+0.69/0.92/0+1.3 ms cpu, 3->4->1 MB, 4 MB goal, 0 MB stacks, 0 MB globals, 16 P
gc 8929 @48.929s 4%: 0.15+0.54+0.13 ms clock, 2.4+0.54/0.85/0+2.1 ms cpu, 3->4->1 MB, 4 MB goal, 0 MB stacks, 0 MB globals, 16 P
gc 8930 @48.930s 4%: 0.12+0.63+0.097 ms clock, 1.9+0.51/0.73/0.067+1.5 ms cpu, 3->4->2 MB, 4 MB goal, 0 MB stacks, 0 MB globals, 16 P
gc 8931 @48.932s 4%: 0.10+0.84+0.15 ms clock, 1.6+0.75/0.79/0+2.4 ms cpu, 3->4->2 MB, 4 MB goal, 0 MB stacks, 0 MB globals, 16 P
gc 8932 @48.934s 4%: 0.11+0.52+0.093 ms clock, 1.8+0.56/0.85/0+1.5 ms cpu, 4->4->1 MB, 4 MB goal, 0 MB stacks, 0 MB globals, 16 P
gc 8933 @48.936s 4%: 0.11+0.39+0.14 ms clock, 1.8+0.59/0.70/0.029+2.3 ms cpu, 3->3->1 MB, 4 MB goal, 0 MB stacks, 0 MB globals, 16 P
gc 8934 @48.937s 4%: 0.099+0.58+0.13 ms clock, 1.5+0.64/0.83/0+2.2 ms cpu, 3->4->2 MB, 4 MB goal, 0 MB stacks, 0 MB globals, 16 P
gc 8935 @48.939s 4%: 0.11+0.52+0.11 ms clock, 1.8+0.65/0.72/0+1.8 ms cpu, 3->4->1 MB, 4 MB goal, 0 MB stacks, 0 MB globals, 16 P
gc 8936 @48.941s 4%: 0.11+0.49+0.10 ms clock, 1.8+0.53/0.96/0.027+1.6 ms cpu, 3->4->1 MB, 4 MB goal, 0 MB stacks, 0 MB globals, 16 P
gc 8937 @48.942s 4%: 0.14+0.53+0.15 ms clock, 2.3+0.64/0.84/0+2.5 ms cpu, 3->4->2 MB, 4 MB goal, 0 MB stacks, 0 MB globals, 16 P
gc 8938 @48.944s 4%: 0.16+0.60+0.12 ms clock, 2.6+0.62/0.84/0+2.0 ms cpu, 3->4->2 MB, 4 MB goal, 0 MB stacks, 0 MB globals, 16 P
gc 8939 @48.946s 4%: 0.15+0.73+0.11 ms clock, 2.5+0.80/0.81/0+1.7 ms cpu, 3->4->2 MB, 4 MB goal, 0 MB stacks, 0 MB globals, 16 P
gc 8940 @48.948s 4%: 0.13+0.57+0.14 ms clock, 2.2+0.55/0.98/0.008+2.3 ms cpu, 3->4->2 MB, 4 MB goal, 0 MB stacks, 0 MB globals, 16 P
gc 8941 @48.950s 4%: 0.13+0.50+0.091 ms clock, 2.1+0.58/0.83/0+1.4 ms cpu, 3->4->1 MB, 4 MB goal, 0 MB stacks, 0 MB globals, 16 P
gc 8942 @48.951s 4%: 0.14+0.56+0.099 ms clock, 2.3+0.64/0.91/0.002+1.5 ms cpu, 3->4->1 MB, 4 MB goal, 0 MB stacks, 0 MB globals, 16 P
gc 8943 @48.953s 4%: 0.10+0.77+0.096 ms clock, 1.7+0.69/0.85/0+1.5 ms cpu, 3->4->2 MB, 4 MB goal, 0 MB stacks, 0 MB globals, 16 P
gc 8944 @48.955s 4%: 0.10+0.67+0.082 ms clock, 1.7+0.51/0.78/0+1.3 ms cpu, 3->4->2 MB, 4 MB goal, 0 MB stacks, 0 MB globals, 16 P
gc 8945 @48.957s 4%: 0.13+0.57+0.082 ms clock, 2.1+0.54/0.76/0.10+1.3 ms cpu, 3->4->1 MB, 4 MB goal, 0 MB stacks, 0 MB globals, 16 P
gc 8946 @48.958s 4%: 0.13+0.53+0.10 ms clock, 2.1+0.61/0.83/0.005+1.6 ms cpu, 3->4->1 MB, 4 MB goal, 0 MB stacks, 0 MB globals, 16 P
gc 8947 @48.960s 4%: 0.13+0.67+0.097 ms clock, 2.1+0.63/1.0/0+1.5 ms cpu, 3->4->2 MB, 4 MB goal, 0 MB stacks, 0 MB globals, 16 P
gc 8948 @48.962s 4%: 0.11+0.57+0.087 ms clock, 1.8+0.56/0.89/0.005+1.3 ms cpu, 3->4->1 MB, 4 MB goal, 0 MB stacks, 0 MB globals, 16 P
gc 8949 @48.963s 4%: 0.10+0.44+0.11 ms clock, 1.6+0.53/0.82/0.039+1.8 ms cpu, 3->4->1 MB, 4 MB goal, 0 MB stacks, 0 MB globals, 16 P
gc 8950 @48.965s 4%: 0.15+0.68+0.090 ms clock, 2.4+0.58/0.84/0+1.4 ms cpu, 3->4->2 MB, 4 MB goal, 0 MB stacks, 0 MB globals, 16 P
gc 8951 @48.966s 4%: 0.15+0.56+0.094 ms clock, 2.5+0.62/0.87/0+1.5 ms cpu, 3->4->2 MB, 4 MB goal, 0 MB stacks, 0 MB globals, 16 P
gc 8952 @48.968s 4%: 0.14+0.52+0.12 ms clock, 2.3+0.77/0.69/0.022+1.9 ms cpu, 3->4->2 MB, 4 MB goal, 0 MB stacks, 0 MB globals, 16 P
gc 8953 @48.970s 4%: 0.11+0.51+0.11 ms clock, 1.7+0.45/0.83/0+1.7 ms cpu, 3->4->1 MB, 4 MB goal, 0 MB stacks, 0 MB globals, 16 P
gc 8954 @48.971s 4%: 0.10+0.65+0.078 ms clock, 1.6+0.56/0.96/0.003+1.2 ms cpu, 3->4->2 MB, 4 MB goal, 0 MB stacks, 0 MB globals, 16 P
gc 8955 @48.973s 4%: 0.11+0.62+0.097 ms clock, 1.7+0.48/0.91/0+1.5 ms cpu, 3->4->1 MB, 4 MB goal, 0 MB stacks, 0 MB globals, 16 P
gc 8956 @48.975s 4%: 0.15+0.56+0.18 ms clock, 2.4+0.59/0.76/0+2.9 ms cpu, 3->4->1 MB, 4 MB goal, 0 MB stacks, 0 MB globals, 16 P
gc 8957 @48.977s 4%: 0.12+0.61+0.10 ms clock, 1.9+0.56/0.87/0.007+1.7 ms cpu, 3->4->1 MB, 4 MB goal, 0 MB stacks, 0 MB globals, 16 P
gc 8958 @48.978s 4%: 0.14+0.58+0.11 ms clock, 2.3+0.60/0.91/0+1.7 ms cpu, 3->4->2 MB, 4 MB goal, 0 MB stacks, 0 MB globals, 16 P
gc 8959 @48.980s 4%: 0.10+0.57+0.070 ms clock, 1.7+0.64/0.89/0+1.1 ms cpu, 3->4->1 MB, 4 MB goal, 0 MB stacks, 0 MB globals, 16 P
gc 8960 @48.981s 4%: 0.13+0.67+0.16 ms clock, 2.1+0.58/0.92/0.001+2.6 ms cpu, 3->4->2 MB, 4 MB goal, 0 MB stacks, 0 MB globals, 16 P
gc 8961 @48.983s 4%: 0.15+0.77+0.055 ms clock, 2.4+0.54/1.0/0+0.89 ms cpu, 3->4->2 MB, 4 MB goal, 0 MB stacks, 0 MB globals, 16 P
gc 8962 @48.986s 4%: 0.11+0.57+0.12 ms clock, 1.8+0.78/0.73/0+1.9 ms cpu, 4->4->2 MB, 4 MB goal, 0 MB stacks, 0 MB globals, 16 P
gc 8963 @48.987s 4%: 0.18+0.54+0.088 ms clock, 2.9+0.51/0.81/0+1.4 ms cpu, 3->4->2 MB, 4 MB goal, 0 MB stacks, 0 MB globals, 16 P
gc 8964 @48.989s 4%: 0.16+0.58+0.11 ms clock, 2.6+0.64/0.78/0+1.7 ms cpu, 3->4->1 MB, 4 MB goal, 0 MB stacks, 0 MB globals, 16 P
gc 8965 @48.991s 4%: 0.13+0.82+0.060 ms clock, 2.1+0.66/0.73/0.012+0.97 ms cpu, 3->4->2 MB, 4 MB goal, 0 MB stacks, 0 MB globals, 16 P
gc 8966 @48.993s 4%: 0.11+0.57+0.11 ms clock, 1.8+0.53/0.89/0.048+1.8 ms cpu, 4->4->2 MB, 4 MB goal, 0 MB stacks, 0 MB globals, 16 P
gc 8967 @48.995s 4%: 0.11+0.69+0.088 ms clock, 1.7+0.63/0.90/0.008+1.4 ms cpu, 3->4->2 MB, 4 MB goal, 0 MB stacks, 0 MB globals, 16 P
gc 8968 @48.996s 4%: 0.14+0.55+0.10 ms clock, 2.3+0.53/0.85/0+1.7 ms cpu, 3->4->1 MB, 4 MB goal, 0 MB stacks, 0 MB globals, 16 P
gc 8969 @48.998s 4%: 0.15+0.56+0.10 ms clock, 2.5+0.67/0.92/0+1.6 ms cpu, 3->4->2 MB, 4 MB goal, 0 MB stacks, 0 MB globals, 16 P
gc 8970 @49.000s 4%: 0.13+0.60+0.083 ms clock, 2.1+0.57/0.83/0.033+1.3 ms cpu, 3->4->2 MB, 4 MB goal, 0 MB stacks, 0 MB globals, 16 P
gc 8971 @49.002s 4%: 0.11+0.82+0.11 ms clock, 1.8+0.69/0.85/0+1.7 ms cpu, 3->4->2 MB, 4 MB goal, 0 MB stacks, 0 MB globals, 16 P
gc 8972 @49.004s 4%: 0.16+0.51+0.11 ms clock, 2.7+0.73/0.84/0.013+1.7 ms cpu, 4->4->1 MB, 4 MB goal, 0 MB stacks, 0 MB globals, 16 P
gc 8973 @49.005s 4%: 0.22+0.62+0.089 ms clock, 3.6+0.58/0.98/0.005+1.4 ms cpu, 3->4->2 MB, 4 MB goal, 0 MB stacks, 0 MB globals, 16 P
gc 8974 @49.007s 4%: 0.11+0.59+0.14 ms clock, 1.8+0.61/0.83/0+2.3 ms cpu, 3->4->1 MB, 4 MB goal, 0 MB stacks, 0 MB globals, 16 P
gc 8975 @49.009s 4%: 0.12+0.78+0.055 ms clock, 2.0+0.61/0.93/0.002+0.88 ms cpu, 3->4->2 MB, 4 MB goal, 0 MB stacks, 0 MB globals, 16 P
gc 8976 @49.011s 4%: 0.10+0.64+0.10 ms clock, 1.6+0.63/0.81/0.034+1.6 ms cpu, 3->4->1 MB, 4 MB goal, 0 MB stacks, 0 MB globals, 16 P
gc 8977 @49.012s 4%: 0.13+0.58+0.091 ms clock, 2.0+0.65/0.83/0+1.4 ms cpu, 3->4->2 MB, 4 MB goal, 0 MB stacks, 0 MB globals, 16 P
gc 8978 @49.014s 4%: 0.15+0.83+0.069 ms clock, 2.5+0.61/0.88/0+1.1 ms cpu, 3->4->2 MB, 4 MB goal, 0 MB stacks, 0 MB globals, 16 P
gc 8979 @49.016s 4%: 0.11+0.58+0.11 ms clock, 1.8+0.61/0.87/0.050+1.8 ms cpu, 3->4->2 MB, 4 MB goal, 0 MB stacks, 0 MB globals, 16 P
gc 8980 @49.018s 4%: 0.13+0.71+0.063 ms clock, 2.2+0.58/0.80/0+1.0 ms cpu, 3->4->2 MB, 4 MB goal, 0 MB stacks, 0 MB globals, 16 P
gc 8981 @49.020s 4%: 0.14+0.54+0.12 ms clock, 2.2+0.56/0.86/0+2.0 ms cpu, 3->4->1 MB, 4 MB goal, 0 MB stacks, 0 MB globals, 16 P
gc 8982 @49.021s 4%: 0.11+0.52+0.072 ms clock, 1.7+0.52/0.90/0.005+1.1 ms cpu, 3->4->1 MB, 4 MB goal, 0 MB stacks, 0 MB globals, 16 P
gc 8983 @49.023s 4%: 0.18+0.49+0.18 ms clock, 3.0+0.61/0.73/0+2.9 ms cpu, 3->4->1 MB, 4 MB goal, 0 MB stacks, 0 MB globals, 16 P
gc 8984 @49.025s 4%: 0.12+0.54+0.090 ms clock, 1.9+0.61/0.84/0.022+1.4 ms cpu, 3->4->1 MB, 4 MB goal, 0 MB stacks, 0 MB globals, 16 P
gc 8985 @49.026s 4%: 0.13+0.67+0.082 ms clock, 2.1+0.55/0.89/0.067+1.3 ms cpu, 3->4->1 MB, 4 MB goal, 0 MB stacks, 0 MB globals, 16 P
gc 8986 @49.028s 4%: 0.084+0.50+0.10 ms clock, 1.3+0.41/0.80/0.001+1.7 ms cpu, 3->4->1 MB, 4 MB goal, 0 MB stacks, 0 MB globals, 16 P
gc 8987 @49.030s 4%: 0.18+0.66+0.10 ms clock, 2.9+0.76/0.75/0.004+1.6 ms cpu, 3->4->2 MB, 4 MB goal, 0 MB stacks, 0 MB globals, 16 P
gc 8988 @49.031s 4%: 0.15+0.63+0.092 ms clock, 2.4+0.52/0.86/0+1.4 ms cpu, 3->4->2 MB, 4 MB goal, 0 MB stacks, 0 MB globals, 16 P
gc 8989 @49.033s 4%: 0.089+0.58+0.077 ms clock, 1.4+0.51/0.84/0.032+1.2 ms cpu, 3->4->1 MB, 4 MB goal, 0 MB stacks, 0 MB globals, 16 P
gc 8990 @49.035s 4%: 0.16+0.57+0.079 ms clock, 2.7+0.54/0.74/0.058+1.2 ms cpu, 3->4->1 MB, 4 MB goal, 0 MB stacks, 0 MB globals, 16 P
gc 8991 @49.036s 4%: 0.14+0.51+0.13 ms clock, 2.2+0.51/0.79/0.004+2.2 ms cpu, 3->4->1 MB, 4 MB goal, 0 MB stacks, 0 MB globals, 16 P
gc 8992 @49.038s 4%: 0.11+0.66+0.066 ms clock, 1.8+0.55/0.85/0+1.0 ms cpu, 3->4->2 MB, 4 MB goal, 0 MB stacks, 0 MB globals, 16 P
gc 8993 @49.040s 4%: 0.11+0.52+0.12 ms clock, 1.8+0.53/0.99/0.007+1.9 ms cpu, 3->4->1 MB, 4 MB goal, 0 MB stacks, 0 MB globals, 16 P
gc 8994 @49.041s 4%: 0.11+0.58+0.10 ms clock, 1.7+0.51/0.84/0+1.6 ms cpu, 3->4->2 MB, 4 MB goal, 0 MB stacks, 0 MB globals, 16 P
gc 8995 @49.043s 4%: 0.12+0.73+0.10 ms clock, 1.9+0.48/0.89/0.086+1.6 ms cpu, 3->4->1 MB, 4 MB goal, 0 MB stacks, 0 MB globals, 16 P
gc 8996 @49.045s 4%: 0.12+0.66+0.091 ms clock, 2.0+0.69/1.0/0.007+1.4 ms cpu, 3->4->2 MB, 4 MB goal, 0 MB stacks, 0 MB globals, 16 P
gc 8997 @49.047s 4%: 0.13+0.54+0.088 ms clock, 2.1+0.49/0.83/0+1.4 ms cpu, 3->4->1 MB, 4 MB goal, 0 MB stacks, 0 MB globals, 16 P
gc 8998 @49.048s 4%: 0.15+0.44+0.18 ms clock, 2.4+0.59/0.74/0+2.9 ms cpu, 3->4->1 MB, 4 MB goal, 0 MB stacks, 0 MB globals, 16 P
gc 8999 @49.050s 4%: 0.10+0.56+0.17 ms clock, 1.6+0.54/0.76/0.020+2.7 ms cpu, 3->4->1 MB, 4 MB goal, 0 MB stacks, 0 MB globals, 16 P
gc 9000 @49.051s 4%: 0.11+0.64+0.13 ms clock, 1.7+0.67/0.81/0+2.1 ms cpu, 3->4->2 MB, 4 MB goal, 0 MB stacks, 0 MB globals, 16 P
gc 9001 @49.053s 4%: 0.12+0.60+0.094 ms clock, 1.9+0.56/0.73/0.015+1.5 ms cpu, 3->4->1 MB, 4 MB goal, 0 MB stacks, 0 MB globals, 16 P
gc 9002 @49.055s 4%: 0.12+0.54+0.13 ms clock, 1.9+0.49/0.89/0.003+2.1 ms cpu, 3->4->1 MB, 4 MB goal, 0 MB stacks, 0 MB globals, 16 P
gc 9003 @49.056s 4%: 0.14+0.60+0.12 ms clock, 2.2+0.49/0.98/0+1.9 ms cpu, 3->4->1 MB, 4 MB goal, 0 MB stacks, 0 MB globals, 16 P
gc 9004 @49.058s 4%: 0.10+0.62+0.11 ms clock, 1.6+0.54/0.85/0+1.9 ms cpu, 3->4->2 MB, 4 MB goal, 0 MB stacks, 0 MB globals, 16 P
gc 9005 @49.060s 4%: 0.12+0.65+0.080 ms clock, 1.9+0.68/0.86/0.044+1.2 ms cpu, 3->4->2 MB, 4 MB goal, 0 MB stacks, 0 MB globals, 16 P
gc 9006 @49.062s 4%: 0.10+0.65+0.16 ms clock, 1.6+0.76/0.75/0+2.6 ms cpu, 3->4->2 MB, 4 MB goal, 0 MB stacks, 0 MB globals, 16 P
gc 9007 @49.063s 4%: 0.12+0.66+0.063 ms clock, 2.0+0.42/0.87/0+1.0 ms cpu, 3->4->1 MB, 4 MB goal, 0 MB stacks, 0 MB globals, 16 P
gc 9008 @49.065s 4%: 0.11+0.52+0.15 ms clock, 1.8+0.57/0.89/0+2.4 ms cpu, 3->4->1 MB, 4 MB goal, 0 MB stacks, 0 MB globals, 16 P
gc 9009 @49.067s 4%: 0.13+0.61+0.068 ms clock, 2.1+0.52/0.80/0+1.0 ms cpu, 3->4->1 MB, 4 MB goal, 0 MB stacks, 0 MB globals, 16 P
gc 9010 @49.068s 4%: 0.14+0.55+0.11 ms clock, 2.3+0.63/0.81/0+1.7 ms cpu, 3->4->2 MB, 4 MB goal, 0 MB stacks, 0 MB globals, 16 P
gc 9011 @49.070s 4%: 0.10+0.63+0.082 ms clock, 1.6+0.60/0.88/0+1.3 ms cpu, 3->4->1 MB, 4 MB goal, 0 MB stacks, 0 MB globals, 16 P
gc 9012 @49.072s 4%: 0.18+0.63+0.093 ms clock, 2.9+0.71/0.85/0.014+1.4 ms cpu, 3->4->2 MB, 4 MB goal, 0 MB stacks, 0 MB globals, 16 P
gc 9013 @49.074s 4%: 0.10+0.41+0.10 ms clock, 1.6+0.59/0.78/0+1.7 ms cpu, 3->4->1 MB, 4 MB goal, 0 MB stacks, 0 MB globals, 16 P
gc 9014 @49.075s 4%: 0.19+0.58+0.080 ms clock, 3.0+0.52/1.0/0+1.2 ms cpu, 3->4->2 MB, 4 MB goal, 0 MB stacks, 0 MB globals, 16 P
gc 9015 @49.077s 4%: 0.12+0.59+0.083 ms clock, 2.0+0.44/0.96/0+1.3 ms cpu, 3->4->2 MB, 4 MB goal, 0 MB stacks, 0 MB globals, 16 P
gc 9016 @49.079s 4%: 0.10+0.52+0.10 ms clock, 1.7+0.66/0.76/0+1.6 ms cpu, 3->4->1 MB, 4 MB goal, 0 MB stacks, 0 MB globals, 16 P
gc 9017 @49.080s 4%: 0.13+0.67+0.13 ms clock, 2.1+0.40/0.77/0.082+2.1 ms cpu, 3->4->2 MB, 4 MB goal, 0 MB stacks, 0 MB globals, 16 P
gc 9018 @49.082s 4%: 0.12+0.58+0.13 ms clock, 2.0+0.65/0.81/0.006+2.1 ms cpu, 3->4->2 MB, 4 MB goal, 0 MB stacks, 0 MB globals, 16 P
gc 9019 @49.084s 4%: 0.15+0.55+0.13 ms clock, 2.4+0.56/0.84/0+2.0 ms cpu, 3->4->1 MB, 4 MB goal, 0 MB stacks, 0 MB globals, 16 P
gc 9020 @49.085s 4%: 0.20+0.71+0.072 ms clock, 3.2+0.46/0.86/0.062+1.1 ms cpu, 3->4->1 MB, 4 MB goal, 0 MB stacks, 0 MB globals, 16 P
gc 9021 @49.087s 4%: 0.16+0.56+0.13 ms clock, 2.6+0.73/0.86/0+2.1 ms cpu, 3->4->2 MB, 4 MB goal, 0 MB stacks, 0 MB globals, 16 P
gc 9022 @49.089s 4%: 0.13+0.54+0.18 ms clock, 2.2+0.50/0.85/0+2.8 ms cpu, 3->4->2 MB, 4 MB goal, 0 MB stacks, 0 MB globals, 16 P
gc 9023 @49.091s 4%: 0.17+0.59+0.12 ms clock, 2.7+0.70/0.89/0+2.0 ms cpu, 3->4->2 MB, 4 MB goal, 0 MB stacks, 0 MB globals, 16 P
gc 9024 @49.093s 4%: 0.14+0.47+0.14 ms clock, 2.3+0.58/0.81/0.021+2.3 ms cpu, 3->4->1 MB, 4 MB goal, 0 MB stacks, 0 MB globals, 16 P
gc 9025 @49.094s 4%: 0.11+0.49+0.074 ms clock, 1.8+0.63/0.74/0.017+1.1 ms cpu, 3->4->1 MB, 4 MB goal, 0 MB stacks, 0 MB globals, 16 P
gc 9026 @49.096s 4%: 0.13+0.63+0.15 ms clock, 2.1+0.57/0.78/0+2.4 ms cpu, 3->4->2 MB, 4 MB goal, 0 MB stacks, 0 MB globals, 16 P
gc 9027 @49.098s 4%: 0.11+0.52+0.11 ms clock, 1.8+0.61/0.83/0+1.7 ms cpu, 3->4->1 MB, 4 MB goal, 0 MB stacks, 0 MB globals, 16 P
gc 9028 @49.099s 4%: 0.13+0.54+0.20 ms clock, 2.1+0.53/0.72/0.010+3.2 ms cpu, 3->4->1 MB, 4 MB goal, 0 MB stacks, 0 MB globals, 16 P
gc 9029 @49.101s 4%: 0.16+0.61+0.058 ms clock, 2.7+0.51/0.88/0+0.92 ms cpu, 3->4->2 MB, 4 MB goal, 0 MB stacks, 0 MB globals, 16 P
gc 9030 @49.102s 4%: 0.15+0.76+0.14 ms clock, 2.4+0.50/0.80/0.016+2.2 ms cpu, 3->4->2 MB, 4 MB goal, 0 MB stacks, 0 MB globals, 16 P
gc 9031 @49.104s 4%: 0.10+0.62+0.057 ms clock, 1.7+0.62/0.88/0+0.92 ms cpu, 3->4->1 MB, 4 MB goal, 0 MB stacks, 0 MB globals, 16 P
gc 9032 @49.106s 4%: 0.10+0.46+0.14 ms clock, 1.7+0.58/0.73/0+2.2 ms cpu, 3->4->1 MB, 4 MB goal, 0 MB stacks, 0 MB globals, 16 P
gc 9033 @49.108s 4%: 0.17+0.71+0.079 ms clock, 2.8+0.72/1.0/0+1.2 ms cpu, 3->4->2 MB, 4 MB goal, 0 MB stacks, 0 MB globals, 16 P
gc 9034 @49.109s 4%: 0.14+0.71+0.21 ms clock, 2.3+0.75/0.88/0+3.4 ms cpu, 3->4->2 MB, 4 MB goal, 0 MB stacks, 0 MB globals, 16 P
gc 9035 @49.111s 4%: 0.096+0.62+0.066 ms clock, 1.5+0.53/0.87/0.037+1.0 ms cpu, 3->4->1 MB, 4 MB goal, 0 MB stacks, 0 MB globals, 16 P
gc 9036 @49.113s 4%: 0.12+0.71+0.11 ms clock, 1.9+0.46/0.97/0.038+1.8 ms cpu, 3->4->2 MB, 4 MB goal, 0 MB stacks, 0 MB globals, 16 P
gc 9037 @49.115s 4%: 0.11+0.71+0.17 ms clock, 1.8+0.69/0.82/0+2.7 ms cpu, 3->4->2 MB, 4 MB goal, 0 MB stacks, 0 MB globals, 16 P
gc 9038 @49.117s 4%: 0.12+0.52+0.085 ms clock, 2.0+0.50/0.84/0+1.3 ms cpu, 3->4->1 MB, 4 MB goal, 0 MB stacks, 0 MB globals, 16 P
gc 9039 @49.119s 4%: 0.12+0.53+0.089 ms clock, 1.9+0.49/0.83/0+1.4 ms cpu, 3->4->1 MB, 4 MB goal, 0 MB stacks, 0 MB globals, 16 P
gc 9040 @49.120s 4%: 0.13+0.54+0.13 ms clock, 2.0+0.61/0.79/0+2.2 ms cpu, 3->4->1 MB, 4 MB goal, 0 MB stacks, 0 MB globals, 16 P
gc 9041 @49.122s 4%: 0.14+0.58+0.090 ms clock, 2.2+0.56/0.88/0.003+1.4 ms cpu, 3->4->2 MB, 4 MB goal, 0 MB stacks, 0 MB globals, 16 P
gc 9042 @49.123s 4%: 0.13+0.70+0.18 ms clock, 2.1+0.53/0.79/0.024+2.9 ms cpu, 3->4->2 MB, 4 MB goal, 0 MB stacks, 0 MB globals, 16 P
gc 9043 @49.125s 4%: 0.14+0.60+0.089 ms clock, 2.3+0.68/0.72/0.031+1.4 ms cpu, 3->4->2 MB, 4 MB goal, 0 MB stacks, 0 MB globals, 16 P
gc 9044 @49.127s 4%: 0.13+0.45+0.11 ms clock, 2.0+0.56/0.75/0+1.8 ms cpu, 3->4->1 MB, 4 MB goal, 0 MB stacks, 0 MB globals, 16 P
gc 9045 @49.129s 4%: 0.15+0.61+0.10 ms clock, 2.4+0.56/0.83/0+1.7 ms cpu, 3->4->2 MB, 4 MB goal, 0 MB stacks, 0 MB globals, 16 P
gc 9046 @49.130s 4%: 0.13+0.73+0.11 ms clock, 2.0+0.62/0.88/0.006+1.8 ms cpu, 3->4->2 MB, 4 MB goal, 0 MB stacks, 0 MB globals, 16 P
gc 9047 @49.132s 4%: 0.096+0.55+0.078 ms clock, 1.5+0.45/0.90/0+1.2 ms cpu, 3->4->1 MB, 4 MB goal, 0 MB stacks, 0 MB globals, 16 P
gc 9048 @49.134s 4%: 0.099+0.60+0.086 ms clock, 1.5+0.58/0.82/0+1.3 ms cpu, 3->4->1 MB, 4 MB goal, 0 MB stacks, 0 MB globals, 16 P
gc 9049 @49.135s 4%: 0.10+0.43+0.14 ms clock, 1.6+0.40/0.83/0.013+2.2 ms cpu, 3->4->1 MB, 4 MB goal, 0 MB stacks, 0 MB globals, 16 P
gc 9050 @49.137s 4%: 0.11+0.80+0.073 ms clock, 1.8+0.56/0.81/0.031+1.1 ms cpu, 3->4->2 MB, 4 MB goal, 0 MB stacks, 0 MB globals, 16 P
gc 9051 @49.139s 4%: 0.11+0.51+0.11 ms clock, 1.9+0.53/0.88/0+1.8 ms cpu, 3->4->1 MB, 4 MB goal, 0 MB stacks, 0 MB globals, 16 P
gc 9052 @49.140s 4%: 0.10+0.69+0.080 ms clock, 1.6+0.53/0.79/0+1.2 ms cpu, 3->4->2 MB, 4 MB goal, 0 MB stacks, 0 MB globals, 16 P
gc 9053 @49.142s 4%: 0.13+0.63+0.077 ms clock, 2.1+0.60/1.0/0.022+1.2 ms cpu, 3->4->2 MB, 4 MB goal, 0 MB stacks, 0 MB globals, 16 P
gc 9054 @49.144s 4%: 0.13+0.69+0.16 ms clock, 2.1+0.58/0.93/0+2.5 ms cpu, 3->4->2 MB, 4 MB goal, 0 MB stacks, 0 MB globals, 16 P
gc 9055 @49.146s 4%: 0.091+0.57+0.10 ms clock, 1.4+0.42/0.93/0.027+1.7 ms cpu, 3->4->1 MB, 4 MB goal, 0 MB stacks, 0 MB globals, 16 P
gc 9056 @49.147s 4%: 0.16+0.55+0.15 ms clock, 2.6+0.59/0.78/0.018+2.4 ms cpu, 3->4->2 MB, 4 MB goal, 0 MB stacks, 0 MB globals, 16 P
gc 9057 @49.149s 4%: 0.11+0.63+0.10 ms clock, 1.8+0.57/0.90/0+1.7 ms cpu, 3->4->2 MB, 4 MB goal, 0 MB stacks, 0 MB globals, 16 P
gc 9058 @49.151s 4%: 0.12+0.56+0.086 ms clock, 1.9+0.61/0.90/0.012+1.3 ms cpu, 3->4->2 MB, 4 MB goal, 0 MB stacks, 0 MB globals, 16 P
gc 9059 @49.153s 4%: 0.14+0.50+0.089 ms clock, 2.3+0.73/0.84/0+1.4 ms cpu, 3->4->1 MB, 4 MB goal, 0 MB stacks, 0 MB globals, 16 P
gc 9060 @49.154s 4%: 0.15+0.57+0.071 ms clock, 2.5+0.69/0.83/0+1.1 ms cpu, 3->4->2 MB, 4 MB goal, 0 MB stacks, 0 MB globals, 16 P
gc 9061 @49.156s 4%: 0.17+0.68+0.072 ms clock, 2.7+0.54/0.87/0+1.1 ms cpu, 3->4->2 MB, 4 MB goal, 0 MB stacks, 0 MB globals, 16 P
gc 9062 @49.158s 4%: 0.13+0.58+0.10 ms clock, 2.2+0.55/0.93/0+1.6 ms cpu, 3->4->1 MB, 4 MB goal, 0 MB stacks, 0 MB globals, 16 P
gc 9063 @49.159s 4%: 0.092+0.56+0.097 ms clock, 1.4+0.51/0.79/0+1.5 ms cpu, 3->4->1 MB, 4 MB goal, 0 MB stacks, 0 MB globals, 16 P
gc 9064 @49.161s 4%: 0.10+0.57+0.055 ms clock, 1.6+0.62/0.76/0.022+0.88 ms cpu, 3->4->1 MB, 4 MB goal, 0 MB stacks, 0 MB globals, 16 P
gc 9065 @49.163s 4%: 0.19+0.46+0.11 ms clock, 3.0+0.57/0.70/0+1.7 ms cpu, 3->4->2 MB, 4 MB goal, 0 MB stacks, 0 MB globals, 16 P
gc 9066 @49.164s 4%: 0.11+0.53+0.10 ms clock, 1.9+0.70/0.83/0.006+1.6 ms cpu, 3->4->1 MB, 4 MB goal, 0 MB stacks, 0 MB globals, 16 P
gc 9067 @49.166s 4%: 0.10+0.52+0.10 ms clock, 1.7+0.47/0.77/0.25+1.7 ms cpu, 3->4->1 MB, 4 MB goal, 0 MB stacks, 0 MB globals, 16 P
gc 9068 @49.167s 4%: 0.10+0.56+0.092 ms clock, 1.7+0.72/0.83/0+1.4 ms cpu, 3->4->1 MB, 4 MB goal, 0 MB stacks, 0 MB globals, 16 P
gc 9069 @49.169s 4%: 0.11+0.63+0.10 ms clock, 1.8+0.58/0.79/0+1.7 ms cpu, 3->4->1 MB, 4 MB goal, 0 MB stacks, 0 MB globals, 16 P
gc 9070 @49.171s 4%: 0.12+0.83+0.062 ms clock, 1.9+0.56/0.89/0.039+0.99 ms cpu, 3->4->2 MB, 4 MB goal, 0 MB stacks, 0 MB globals, 16 P
gc 9071 @49.173s 4%: 0.16+0.66+0.10 ms clock, 2.6+0.62/0.87/0.003+1.7 ms cpu, 3->4->2 MB, 4 MB goal, 0 MB stacks, 0 MB globals, 16 P
gc 9072 @49.175s 4%: 0.11+0.54+0.19 ms clock, 1.8+0.68/0.90/0.025+3.0 ms cpu, 3->4->1 MB, 4 MB goal, 0 MB stacks, 0 MB globals, 16 P
gc 9073 @49.176s 4%: 0.13+0.67+0.083 ms clock, 2.1+0.58/1.0/0.012+1.3 ms cpu, 3->4->2 MB, 4 MB goal, 0 MB stacks, 0 MB globals, 16 P
gc 9074 @49.178s 4%: 0.13+0.59+0.12 ms clock, 2.2+0.67/0.91/0+2.0 ms cpu, 3->4->1 MB, 4 MB goal, 0 MB stacks, 0 MB globals, 16 P
gc 9075 @49.180s 4%: 0.16+0.70+0.097 ms clock, 2.6+0.69/0.78/0.041+1.5 ms cpu, 3->4->2 MB, 4 MB goal, 0 MB stacks, 0 MB globals, 16 P
gc 9076 @49.182s 4%: 0.11+0.65+0.13 ms clock, 1.8+0.66/0.83/0.039+2.1 ms cpu, 3->4->1 MB, 4 MB goal, 0 MB stacks, 0 MB globals, 16 P
gc 9077 @49.183s 4%: 0.16+0.51+0.15 ms clock, 2.5+0.66/0.82/0+2.5 ms cpu, 3->4->1 MB, 4 MB goal, 0 MB stacks, 0 MB globals, 16 P
gc 9078 @49.185s 4%: 0.10+0.49+0.12 ms clock, 1.7+0.45/0.86/0+1.9 ms cpu, 3->4->1 MB, 4 MB goal, 0 MB stacks, 0 MB globals, 16 P
gc 9079 @49.186s 4%: 0.10+0.52+0.12 ms clock, 1.6+0.55/0.86/0.041+1.9 ms cpu, 3->4->1 MB, 4 MB goal, 0 MB stacks, 0 MB globals, 16 P
gc 9080 @49.188s 4%: 0.12+0.55+0.096 ms clock, 1.9+0.48/0.89/0+1.5 ms cpu, 3->4->1 MB, 4 MB goal, 0 MB stacks, 0 MB globals, 16 P
gc 9081 @49.189s 4%: 0.11+0.74+0.10 ms clock, 1.8+0.73/0.79/0.047+1.7 ms cpu, 3->4->2 MB, 4 MB goal, 0 MB stacks, 0 MB globals, 16 P
gc 9082 @49.191s 4%: 0.10+0.58+0.11 ms clock, 1.6+0.46/0.96/0+1.8 ms cpu, 3->4->1 MB, 4 MB goal, 0 MB stacks, 0 MB globals, 16 P
gc 9083 @49.193s 4%: 0.14+0.67+0.16 ms clock, 2.2+0.71/0.83/0.014+2.6 ms cpu, 3->4->2 MB, 4 MB goal, 0 MB stacks, 0 MB globals, 16 P
gc 9084 @49.195s 4%: 0.15+0.60+0.070 ms clock, 2.4+0.65/0.82/0.004+1.1 ms cpu, 3->4->2 MB, 4 MB goal, 0 MB stacks, 0 MB globals, 16 P
gc 9085 @49.197s 4%: 0.10+0.63+0.042 ms clock, 1.7+0.58/0.90/0.007+0.67 ms cpu, 3->4->1 MB, 4 MB goal, 0 MB stacks, 0 MB globals, 16 P
gc 9086 @49.198s 4%: 0.12+0.51+0.082 ms clock, 1.9+0.49/0.82/0+1.3 ms cpu, 3->4->1 MB, 4 MB goal, 0 MB stacks, 0 MB globals, 16 P
gc 9087 @49.200s 4%: 0.13+0.69+0.11 ms clock, 2.1+0.60/0.93/0+1.8 ms cpu, 3->4->2 MB, 4 MB goal, 0 MB stacks, 0 MB globals, 16 P
gc 9088 @49.202s 4%: 0.10+0.55+0.11 ms clock, 1.7+0.43/0.90/0+1.8 ms cpu, 3->4->1 MB, 4 MB goal, 0 MB stacks, 0 MB globals, 16 P
gc 9089 @49.204s 4%: 0.17+0.53+0.12 ms clock, 2.8+0.57/0.82/0+2.0 ms cpu, 3->4->1 MB, 4 MB goal, 0 MB stacks, 0 MB globals, 16 P
gc 9090 @49.205s 4%: 0.10+0.70+0.072 ms clock, 1.7+0.44/0.90/0.042+1.1 ms cpu, 3->4->1 MB, 4 MB goal, 0 MB stacks, 0 MB globals, 16 P
gc 9091 @49.207s 4%: 0.16+0.56+0.093 ms clock, 2.6+0.60/0.79/0+1.5 ms cpu, 3->4->2 MB, 4 MB goal, 0 MB stacks, 0 MB globals, 16 P
gc 9092 @49.209s 4%: 0.15+0.71+0.11 ms clock, 2.4+0.50/0.89/0+1.9 ms cpu, 3->4->2 MB, 4 MB goal, 0 MB stacks, 0 MB globals, 16 P
gc 9093 @49.211s 4%: 0.14+0.51+0.14 ms clock, 2.3+0.54/0.76/0.011+2.2 ms cpu, 4->4->1 MB, 4 MB goal, 0 MB stacks, 0 MB globals, 16 P
gc 9094 @49.212s 4%: 0.14+0.48+0.16 ms clock, 2.2+0.51/0.68/0.17+2.6 ms cpu, 3->4->1 MB, 4 MB goal, 0 MB stacks, 0 MB globals, 16 P
gc 9095 @49.214s 4%: 0.19+0.55+0.16 ms clock, 3.1+0.72/0.89/0.006+2.6 ms cpu, 3->4->2 MB, 4 MB goal, 0 MB stacks, 0 MB globals, 16 P
gc 9096 @49.216s 4%: 0.13+0.67+0.10 ms clock, 2.1+0.70/0.89/0.064+1.7 ms cpu, 3->4->2 MB, 4 MB goal, 0 MB stacks, 0 MB globals, 16 P
gc 9097 @49.218s 4%: 0.12+0.57+0.11 ms clock, 1.9+0.61/0.80/0+1.8 ms cpu, 3->4->1 MB, 4 MB goal, 0 MB stacks, 0 MB globals, 16 P
gc 9098 @49.219s 4%: 0.14+0.57+0.17 ms clock, 2.3+0.67/0.91/0+2.8 ms cpu, 3->4->2 MB, 4 MB goal, 0 MB stacks, 0 MB globals, 16 P
gc 9099 @49.221s 4%: 0.15+0.52+0.20 ms clock, 2.4+0.55/0.71/0.027+3.2 ms cpu, 3->4->1 MB, 4 MB goal, 0 MB stacks, 0 MB globals, 16 P
gc 9100 @49.223s 4%: 0.13+0.61+0.14 ms clock, 2.2+0.62/0.75/0+2.3 ms cpu, 3->4->2 MB, 4 MB goal, 0 MB stacks, 0 MB globals, 16 P
gc 9101 @49.224s 4%: 0.18+0.74+0.086 ms clock, 2.9+0.57/0.82/0+1.3 ms cpu, 3->4->2 MB, 4 MB goal, 0 MB stacks, 0 MB globals, 16 P
gc 9102 @49.227s 4%: 0.090+0.62+0.092 ms clock, 1.4+0.46/0.86/0.030+1.4 ms cpu, 4->4->1 MB, 4 MB goal, 0 MB stacks, 0 MB globals, 16 P
gc 9103 @49.228s 4%: 0.13+0.58+0.092 ms clock, 2.1+0.62/0.90/0.006+1.4 ms cpu, 3->4->1 MB, 4 MB goal, 0 MB stacks, 0 MB globals, 16 P
gc 9104 @49.230s 4%: 0.10+0.64+0.14 ms clock, 1.6+0.47/0.87/0+2.3 ms cpu, 3->4->2 MB, 4 MB goal, 0 MB stacks, 0 MB globals, 16 P
gc 9105 @49.232s 4%: 0.12+0.58+0.10 ms clock, 1.9+0.54/0.81/0+1.6 ms cpu, 3->4->1 MB, 4 MB goal, 0 MB stacks, 0 MB globals, 16 P
gc 9106 @49.233s 4%: 0.11+0.73+0.091 ms clock, 1.8+0.49/0.96/0.039+1.4 ms cpu, 3->4->2 MB, 4 MB goal, 0 MB stacks, 0 MB globals, 16 P
gc 9107 @49.235s 4%: 0.11+0.58+0.047 ms clock, 1.7+0.52/0.85/0+0.76 ms cpu, 3->4->1 MB, 4 MB goal, 0 MB stacks, 0 MB globals, 16 P
gc 9108 @49.237s 4%: 0.14+0.75+0.096 ms clock, 2.2+0.52/0.97/0.013+1.5 ms cpu, 3->4->2 MB, 4 MB goal, 0 MB stacks, 0 MB globals, 16 P
gc 9109 @49.239s 4%: 0.12+0.68+0.10 ms clock, 2.0+0.48/1.0/0.013+1.7 ms cpu, 3->4->2 MB, 4 MB goal, 0 MB stacks, 0 MB globals, 16 P
gc 9110 @49.240s 4%: 0.094+0.53+0.14 ms clock, 1.5+0.60/0.78/0+2.3 ms cpu, 3->4->1 MB, 4 MB goal, 0 MB stacks, 0 MB globals, 16 P
gc 9111 @49.242s 4%: 0.11+0.49+0.088 ms clock, 1.8+0.63/0.72/0.014+1.4 ms cpu, 3->4->1 MB, 4 MB goal, 0 MB stacks, 0 MB globals, 16 P
gc 9112 @49.243s 4%: 0.097+0.66+0.084 ms clock, 1.5+0.46/0.79/0+1.3 ms cpu, 3->4->1 MB, 4 MB goal, 0 MB stacks, 0 MB globals, 16 P
gc 9113 @49.245s 4%: 0.12+0.72+0.069 ms clock, 1.9+0.65/0.67/0.037+1.1 ms cpu, 3->4->2 MB, 4 MB goal, 0 MB stacks, 0 MB globals, 16 P
gc 9114 @49.247s 4%: 0.13+0.67+0.087 ms clock, 2.0+0.57/0.88/0.005+1.3 ms cpu, 3->4->2 MB, 4 MB goal, 0 MB stacks, 0 MB globals, 16 P
gc 9115 @49.249s 4%: 0.18+0.53+0.12 ms clock, 2.9+0.70/0.94/0.034+2.0 ms cpu, 3->4->2 MB, 4 MB goal, 0 MB stacks, 0 MB globals, 16 P
gc 9116 @49.250s 4%: 0.13+0.70+0.10 ms clock, 2.2+0.42/0.87/0.023+1.7 ms cpu, 3->4->2 MB, 4 MB goal, 0 MB stacks, 0 MB globals, 16 P
gc 9117 @49.252s 4%: 0.14+0.56+0.10 ms clock, 2.3+0.66/0.80/0+1.6 ms cpu, 3->4->2 MB, 4 MB goal, 0 MB stacks, 0 MB globals, 16 P
gc 9118 @49.254s 4%: 0.10+0.48+0.11 ms clock, 1.7+0.50/0.83/0+1.9 ms cpu, 3->4->1 MB, 4 MB goal, 0 MB stacks, 0 MB globals, 16 P
gc 9119 @49.256s 4%: 0.15+0.79+0.092 ms clock, 2.4+0.69/0.86/0+1.4 ms cpu, 3->4->2 MB, 4 MB goal, 0 MB stacks, 0 MB globals, 16 P
gc 9120 @49.258s 4%: 0.10+0.62+0.079 ms clock, 1.6+0.48/0.94/0+1.2 ms cpu, 4->4->2 MB, 4 MB goal, 0 MB stacks, 0 MB globals, 16 P
gc 9121 @49.259s 4%: 0.12+0.66+0.12 ms clock, 1.9+0.58/0.90/0+2.0 ms cpu, 3->4->2 MB, 4 MB goal, 0 MB stacks, 0 MB globals, 16 P
gc 9122 @49.261s 4%: 0.14+0.62+0.10 ms clock, 2.2+0.50/0.88/0+1.6 ms cpu, 3->4->2 MB, 4 MB goal, 0 MB stacks, 0 MB globals, 16 P
gc 9123 @49.263s 4%: 0.11+0.51+0.13 ms clock, 1.8+0.48/0.74/0.055+2.0 ms cpu, 3->4->1 MB, 4 MB goal, 0 MB stacks, 0 MB globals, 16 P
gc 9124 @49.264s 4%: 0.15+0.58+0.12 ms clock, 2.4+0.67/0.88/0.001+2.0 ms cpu, 3->4->2 MB, 4 MB goal, 0 MB stacks, 0 MB globals, 16 P
gc 9125 @49.266s 4%: 0.099+0.60+0.089 ms clock, 1.5+0.44/0.99/0+1.4 ms cpu, 3->4->1 MB, 4 MB goal, 0 MB stacks, 0 MB globals, 16 P
gc 9126 @49.268s 4%: 0.10+0.58+0.093 ms clock, 1.7+0.61/0.85/0.003+1.4 ms cpu, 3->4->1 MB, 4 MB goal, 0 MB stacks, 0 MB globals, 16 P
gc 9127 @49.269s 4%: 0.11+0.59+0.10 ms clock, 1.8+0.58/0.87/0+1.7 ms cpu, 3->4->1 MB, 4 MB goal, 0 MB stacks, 0 MB globals, 16 P
gc 9128 @49.271s 4%: 0.10+0.74+0.11 ms clock, 1.6+0.70/0.76/0+1.7 ms cpu, 3->4->2 MB, 4 MB goal, 0 MB stacks, 0 MB globals, 16 P
gc 9129 @49.273s 4%: 0.15+0.47+0.12 ms clock, 2.4+0.66/0.84/0+1.9 ms cpu, 3->4->1 MB, 4 MB goal, 0 MB stacks, 0 MB globals, 16 P
gc 9130 @49.275s 4%: 0.15+0.73+0.093 ms clock, 2.4+0.65/0.89/0.009+1.4 ms cpu, 3->4->2 MB, 4 MB goal, 0 MB stacks, 0 MB globals, 16 P
gc 9131 @49.276s 4%: 0.097+0.61+0.13 ms clock, 1.5+0.51/0.81/0+2.2 ms cpu, 3->4->1 MB, 4 MB goal, 0 MB stacks, 0 MB globals, 16 P
gc 9132 @49.278s 4%: 0.20+0.62+0.067 ms clock, 3.3+0.56/0.87/0.002+1.0 ms cpu, 3->4->2 MB, 4 MB goal, 0 MB stacks, 0 MB globals, 16 P
gc 9133 @49.280s 4%: 0.20+0.62+0.16 ms clock, 3.2+0.50/0.79/0.003+2.6 ms cpu, 3->4->2 MB, 4 MB goal, 0 MB stacks, 0 MB globals, 16 P
gc 9134 @49.282s 4%: 0.084+0.79+0.078 ms clock, 1.3+0.64/0.84/0.011+1.2 ms cpu, 3->4->2 MB, 4 MB goal, 0 MB stacks, 0 MB globals, 16 P
gc 9135 @49.283s 4%: 0.15+0.50+0.12 ms clock, 2.4+0.74/0.78/0+1.9 ms cpu, 3->4->1 MB, 4 MB goal, 0 MB stacks, 0 MB globals, 16 P
gc 9136 @49.285s 4%: 0.15+0.53+0.10 ms clock, 2.4+0.61/0.71/0+1.6 ms cpu, 3->3->1 MB, 4 MB goal, 0 MB stacks, 0 MB globals, 16 P
gc 9137 @49.286s 4%: 0.12+0.60+0.13 ms clock, 2.0+0.73/0.90/0.002+2.1 ms cpu, 3->4->2 MB, 4 MB goal, 0 MB stacks, 0 MB globals, 16 P
gc 9138 @49.288s 4%: 0.10+0.61+0.087 ms clock, 1.7+0.57/0.83/0.060+1.3 ms cpu, 3->4->1 MB, 4 MB goal, 0 MB stacks, 0 MB globals, 16 P
gc 9139 @49.290s 4%: 0.097+0.66+0.11 ms clock, 1.5+0.55/0.77/0+1.9 ms cpu, 3->4->2 MB, 4 MB goal, 0 MB stacks, 0 MB globals, 16 P
gc 9140 @49.292s 4%: 0.11+0.72+0.098 ms clock, 1.7+0.67/0.90/0+1.5 ms cpu, 3->4->2 MB, 4 MB goal, 0 MB stacks, 0 MB globals, 16 P
gc 9141 @49.294s 4%: 0.12+0.70+0.077 ms clock, 2.0+0.48/0.85/0+1.2 ms cpu, 3->4->1 MB, 4 MB goal, 0 MB stacks, 0 MB globals, 16 P
gc 9142 @49.295s 4%: 0.12+0.62+0.063 ms clock, 2.0+0.70/0.88/0+1.0 ms cpu, 3->4->1 MB, 4 MB goal, 0 MB stacks, 0 MB globals, 16 P
gc 9143 @49.297s 4%: 0.18+0.59+0.097 ms clock, 3.0+0.68/0.85/0+1.5 ms cpu, 3->4->2 MB, 4 MB goal, 0 MB stacks, 0 MB globals, 16 P
gc 9144 @49.299s 4%: 0.11+0.45+0.11 ms clock, 1.7+0.71/0.77/0.042+1.8 ms cpu, 3->4->1 MB, 4 MB goal, 0 MB stacks, 0 MB globals, 16 P
gc 9145 @49.300s 4%: 0.092+0.45+0.080 ms clock, 1.4+0.57/0.80/0+1.2 ms cpu, 3->4->1 MB, 4 MB goal, 0 MB stacks, 0 MB globals, 16 P
gc 9146 @49.302s 4%: 0.13+0.59+0.092 ms clock, 2.0+0.57/0.95/0.005+1.4 ms cpu, 3->4->2 MB, 4 MB goal, 0 MB stacks, 0 MB globals, 16 P
gc 9147 @49.303s 4%: 0.14+0.56+0.10 ms clock, 2.3+0.62/0.79/0+1.6 ms cpu, 3->4->1 MB, 4 MB goal, 0 MB stacks, 0 MB globals, 16 P
gc 9148 @49.305s 4%: 0.12+0.64+0.090 ms clock, 1.9+0.48/0.81/0.063+1.4 ms cpu, 3->4->1 MB, 4 MB goal, 0 MB stacks, 0 MB globals, 16 P
gc 9149 @49.307s 4%: 0.18+0.47+0.16 ms clock, 2.8+0.66/0.71/0+2.5 ms cpu, 3->4->1 MB, 4 MB goal, 0 MB stacks, 0 MB globals, 16 P
gc 9150 @49.308s 4%: 0.10+0.59+0.13 ms clock, 1.7+0.55/0.91/0.004+2.0 ms cpu, 3->4->2 MB, 4 MB goal, 0 MB stacks, 0 MB globals, 16 P
gc 9151 @49.310s 4%: 0.15+0.51+0.13 ms clock, 2.4+0.64/0.74/0+2.2 ms cpu, 3->4->1 MB, 4 MB goal, 0 MB stacks, 0 MB globals, 16 P
gc 9152 @49.312s 4%: 0.12+0.68+0.095 ms clock, 2.0+0.58/0.82/0+1.5 ms cpu, 3->4->2 MB, 4 MB goal, 0 MB stacks, 0 MB globals, 16 P
gc 9153 @49.313s 4%: 0.11+0.49+0.19 ms clock, 1.8+0.56/0.92/0+3.1 ms cpu, 3->4->1 MB, 4 MB goal, 0 MB stacks, 0 MB globals, 16 P
gc 9154 @49.315s 4%: 0.10+0.58+0.074 ms clock, 1.6+0.66/0.93/0.009+1.1 ms cpu, 3->4->2 MB, 4 MB goal, 0 MB stacks, 0 MB globals, 16 P
gc 9155 @49.317s 4%: 0.13+0.62+0.095 ms clock, 2.1+0.52/0.75/0.16+1.5 ms cpu, 3->4->1 MB, 4 MB goal, 0 MB stacks, 0 MB globals, 16 P
gc 9156 @49.318s 4%: 0.16+0.62+0.11 ms clock, 2.6+0.81/0.92/0+1.8 ms cpu, 3->4->2 MB, 4 MB goal, 0 MB stacks, 0 MB globals, 16 P
gc 9157 @49.320s 4%: 0.15+0.59+0.11 ms clock, 2.4+0.63/0.84/0.076+1.8 ms cpu, 3->4->1 MB, 4 MB goal, 0 MB stacks, 0 MB globals, 16 P
gc 9158 @49.322s 4%: 0.11+0.55+0.093 ms clock, 1.8+0.57/0.92/0.001+1.4 ms cpu, 3->4->1 MB, 4 MB goal, 0 MB stacks, 0 MB globals, 16 P
gc 9159 @49.323s 4%: 0.12+0.69+0.10 ms clock, 2.0+0.51/0.84/0.080+1.7 ms cpu, 3->4->2 MB, 4 MB goal, 0 MB stacks, 0 MB globals, 16 P
gc 9160 @49.325s 4%: 0.16+0.54+0.051 ms clock, 2.6+0.55/0.87/0+0.82 ms cpu, 3->4->1 MB, 4 MB goal, 0 MB stacks, 0 MB globals, 16 P
gc 9161 @49.327s 4%: 0.12+0.63+0.089 ms clock, 2.0+0.52/0.88/0+1.4 ms cpu, 3->4->2 MB, 4 MB goal, 0 MB stacks, 0 MB globals, 16 P
gc 9162 @49.329s 4%: 0.15+0.69+0.10 ms clock, 2.4+0.58/0.79/0+1.7 ms cpu, 3->4->2 MB, 4 MB goal, 0 MB stacks, 0 MB globals, 16 P
gc 9163 @49.330s 4%: 0.13+0.59+0.10 ms clock, 2.1+0.59/0.88/0+1.7 ms cpu, 3->4->2 MB, 4 MB goal, 0 MB stacks, 0 MB globals, 16 P
gc 9164 @49.332s 4%: 0.15+0.91+0.094 ms clock, 2.4+0.65/0.76/0.006+1.5 ms cpu, 3->4->2 MB, 4 MB goal, 0 MB stacks, 0 MB globals, 16 P
gc 9165 @49.334s 4%: 0.14+0.57+0.087 ms clock, 2.2+0.59/0.72/0.008+1.4 ms cpu, 4->4->1 MB, 4 MB goal, 0 MB stacks, 0 MB globals, 16 P
gc 9166 @49.336s 4%: 0.20+0.54+0.10 ms clock, 3.2+0.65/0.89/0+1.6 ms cpu, 3->4->2 MB, 4 MB goal, 0 MB stacks, 0 MB globals, 16 P
gc 9167 @49.338s 4%: 0.13+0.60+0.13 ms clock, 2.2+0.61/0.86/0+2.2 ms cpu, 3->4->2 MB, 4 MB goal, 0 MB stacks, 0 MB globals, 16 P
gc 9168 @49.340s 4%: 0.12+0.74+0.049 ms clock, 1.9+0.62/0.97/0.10+0.78 ms cpu, 3->4->2 MB, 4 MB goal, 0 MB stacks, 0 MB globals, 16 P
gc 9169 @49.342s 4%: 0.11+0.65+0.093 ms clock, 1.8+0.58/0.82/0+1.4 ms cpu, 3->4->1 MB, 4 MB goal, 0 MB stacks, 0 MB globals, 16 P
gc 9170 @49.343s 4%: 0.18+0.70+0.097 ms clock, 2.9+0.60/0.70/0+1.5 ms cpu, 3->4->2 MB, 4 MB goal, 0 MB stacks, 0 MB globals, 16 P
gc 9171 @49.345s 4%: 0.069+0.51+0.088 ms clock, 1.1+0.51/0.76/0+1.4 ms cpu, 3->4->1 MB, 4 MB goal, 0 MB stacks, 0 MB globals, 16 P
gc 9172 @49.347s 4%: 0.16+0.76+0.052 ms clock, 2.5+0.70/0.90/0.053+0.84 ms cpu, 3->4->2 MB, 4 MB goal, 0 MB stacks, 0 MB globals, 16 P
gc 9173 @49.349s 4%: 0.10+0.54+0.093 ms clock, 1.6+0.47/0.84/0+1.4 ms cpu, 3->4->1 MB, 4 MB goal, 0 MB stacks, 0 MB globals, 16 P
gc 9174 @49.350s 4%: 0.12+0.50+0.14 ms clock, 2.0+0.43/0.95/0+2.3 ms cpu, 3->4->1 MB, 4 MB goal, 0 MB stacks, 0 MB globals, 16 P
gc 9175 @49.352s 4%: 0.20+0.56+0.10 ms clock, 3.3+0.66/0.90/0+1.7 ms cpu, 3->4->2 MB, 4 MB goal, 0 MB stacks, 0 MB globals, 16 P
gc 9176 @49.354s 4%: 0.094+0.50+0.10 ms clock, 1.5+0.58/0.83/0.039+1.6 ms cpu, 3->4->1 MB, 4 MB goal, 0 MB stacks, 0 MB globals, 16 P
gc 9177 @49.355s 4%: 0.11+0.72+0.11 ms clock, 1.8+0.78/0.69/0+1.8 ms cpu, 3->4->2 MB, 4 MB goal, 0 MB stacks, 0 MB globals, 16 P
gc 9178 @49.357s 4%: 0.14+0.55+0.082 ms clock, 2.3+0.70/0.79/0.004+1.3 ms cpu, 3->4->2 MB, 4 MB goal, 0 MB stacks, 0 MB globals, 16 P
gc 9179 @49.359s 4%: 0.12+0.72+0.11 ms clock, 2.0+0.67/1.0/0+1.8 ms cpu, 3->4->2 MB, 4 MB goal, 0 MB stacks, 0 MB globals, 16 P
gc 9180 @49.361s 4%: 0.17+0.49+0.13 ms clock, 2.8+0.61/0.86/0+2.1 ms cpu, 3->4->1 MB, 4 MB goal, 0 MB stacks, 0 MB globals, 16 P
gc 9181 @49.362s 4%: 0.14+0.65+0.10 ms clock, 2.3+0.68/0.95/0+1.7 ms cpu, 3->4->1 MB, 4 MB goal, 0 MB stacks, 0 MB globals, 16 P
gc 9182 @49.364s 4%: 0.11+0.57+0.12 ms clock, 1.7+0.60/1.0/0+2.0 ms cpu, 3->4->2 MB, 4 MB goal, 0 MB stacks, 0 MB globals, 16 P
gc 9183 @49.365s 4%: 0.11+0.84+0.12 ms clock, 1.8+0.69/0.84/0+1.9 ms cpu, 3->4->2 MB, 4 MB goal, 0 MB stacks, 0 MB globals, 16 P
gc 9184 @49.367s 4%: 0.13+0.62+0.066 ms clock, 2.1+0.41/0.93/0+1.0 ms cpu, 3->4->2 MB, 4 MB goal, 0 MB stacks, 0 MB globals, 16 P
gc 9185 @49.369s 4%: 0.10+0.61+0.076 ms clock, 1.6+0.64/0.88/0+1.2 ms cpu, 3->4->1 MB, 4 MB goal, 0 MB stacks, 0 MB globals, 16 P
gc 9186 @49.371s 4%: 0.15+0.46+0.12 ms clock, 2.4+0.64/0.91/0+1.9 ms cpu, 3->4->1 MB, 4 MB goal, 0 MB stacks, 0 MB globals, 16 P
gc 9187 @49.372s 4%: 0.16+0.57+0.085 ms clock, 2.6+0.62/0.84/0.003+1.3 ms cpu, 3->4->1 MB, 4 MB goal, 0 MB stacks, 0 MB globals, 16 P
gc 9188 @49.374s 4%: 0.099+0.50+0.093 ms clock, 1.5+0.49/0.82/0.047+1.4 ms cpu, 3->4->1 MB, 4 MB goal, 0 MB stacks, 0 MB globals, 16 P
gc 9189 @49.375s 4%: 0.16+0.56+0.11 ms clock, 2.5+0.58/0.75/0.003+1.7 ms cpu, 3->4->2 MB, 4 MB goal, 0 MB stacks, 0 MB globals, 16 P
gc 9190 @49.377s 4%: 0.14+0.50+0.16 ms clock, 2.3+0.67/0.82/0+2.6 ms cpu, 3->4->1 MB, 4 MB goal, 0 MB stacks, 0 MB globals, 16 P
gc 9191 @49.379s 4%: 0.12+0.51+0.10 ms clock, 1.9+0.55/0.87/0+1.6 ms cpu, 3->4->1 MB, 4 MB goal, 0 MB stacks, 0 MB globals, 16 P
gc 9192 @49.380s 4%: 0.10+0.53+0.13 ms clock, 1.6+0.58/0.89/0+2.1 ms cpu, 3->4->1 MB, 4 MB goal, 0 MB stacks, 0 MB globals, 16 P
gc 9193 @49.382s 4%: 0.14+0.50+0.072 ms clock, 2.3+0.51/0.73/0.003+1.1 ms cpu, 3->4->1 MB, 4 MB goal, 0 MB stacks, 0 MB globals, 16 P
gc 9194 @49.383s 4%: 0.16+0.61+0.15 ms clock, 2.5+0.61/0.73/0+2.5 ms cpu, 3->4->1 MB, 4 MB goal, 0 MB stacks, 0 MB globals, 16 P
gc 9195 @49.385s 4%: 0.12+0.57+0.12 ms clock, 1.9+0.66/0.87/0+1.9 ms cpu, 3->4->1 MB, 4 MB goal, 0 MB stacks, 0 MB globals, 16 P
gc 9196 @49.387s 4%: 0.11+0.52+0.041 ms clock, 1.8+0.58/0.67/0+0.66 ms cpu, 3->4->1 MB, 4 MB goal, 0 MB stacks, 0 MB globals, 16 P
gc 9197 @49.388s 4%: 0.13+0.58+0.096 ms clock, 2.2+0.55/0.81/0+1.5 ms cpu, 3->4->1 MB, 4 MB goal, 0 MB stacks, 0 MB globals, 16 P
gc 9198 @49.390s 4%: 0.13+0.44+0.14 ms clock, 2.2+0.55/0.74/0.004+2.3 ms cpu, 3->4->1 MB, 4 MB goal, 0 MB stacks, 0 MB globals, 16 P
gc 9199 @49.391s 4%: 0.11+0.66+0.10 ms clock, 1.8+0.48/0.89/0+1.6 ms cpu, 3->4->1 MB, 4 MB goal, 0 MB stacks, 0 MB globals, 16 P
gc 9200 @49.393s 4%: 0.14+0.57+0.10 ms clock, 2.3+0.58/0.86/0+1.6 ms cpu, 3->4->2 MB, 4 MB goal, 0 MB stacks, 0 MB globals, 16 P
gc 9201 @49.395s 4%: 0.12+0.60+0.095 ms clock, 1.9+0.38/0.95/0+1.5 ms cpu, 3->4->1 MB, 4 MB goal, 0 MB stacks, 0 MB globals, 16 P
gc 9202 @49.396s 4%: 0.18+0.62+0.13 ms clock, 2.8+0.73/0.77/0+2.1 ms cpu, 3->4->2 MB, 4 MB goal, 0 MB stacks, 0 MB globals, 16 P
gc 9203 @49.398s 4%: 0.10+0.59+0.079 ms clock, 1.6+0.64/0.79/0.001+1.2 ms cpu, 3->4->1 MB, 4 MB goal, 0 MB stacks, 0 MB globals, 16 P
gc 9204 @49.400s 4%: 0.12+0.52+0.15 ms clock, 2.0+0.58/0.88/0+2.5 ms cpu, 3->4->1 MB, 4 MB goal, 0 MB stacks, 0 MB globals, 16 P
gc 9205 @49.401s 4%: 0.12+0.51+0.095 ms clock, 1.9+0.49/0.92/0.008+1.5 ms cpu, 3->4->1 MB, 4 MB goal, 0 MB stacks, 0 MB globals, 16 P
gc 9206 @49.403s 4%: 0.10+0.60+0.072 ms clock, 1.7+0.64/0.84/0+1.1 ms cpu, 3->4->1 MB, 4 MB goal, 0 MB stacks, 0 MB globals, 16 P
gc 9207 @49.405s 4%: 0.11+0.50+0.077 ms clock, 1.8+0.43/0.89/0.002+1.2 ms cpu, 3->4->1 MB, 4 MB goal, 0 MB stacks, 0 MB globals, 16 P
gc 9208 @49.406s 4%: 0.10+0.72+0.090 ms clock, 1.6+0.59/1.0/0.027+1.4 ms cpu, 3->4->2 MB, 4 MB goal, 0 MB stacks, 0 MB globals, 16 P
gc 9209 @49.408s 4%: 0.10+0.57+0.16 ms clock, 1.7+0.51/0.88/0+2.6 ms cpu, 3->4->1 MB, 4 MB goal, 0 MB stacks, 0 MB globals, 16 P
gc 9210 @49.410s 4%: 0.12+0.46+0.13 ms clock, 2.0+0.60/0.73/0+2.1 ms cpu, 3->4->1 MB, 4 MB goal, 0 MB stacks, 0 MB globals, 16 P
gc 9211 @49.411s 4%: 0.12+0.56+0.078 ms clock, 2.0+0.60/0.97/0.010+1.2 ms cpu, 3->4->2 MB, 4 MB goal, 0 MB stacks, 0 MB globals, 16 P
gc 9212 @49.413s 4%: 0.13+0.61+0.12 ms clock, 2.2+0.54/0.80/0.034+2.0 ms cpu, 3->4->1 MB, 4 MB goal, 0 MB stacks, 0 MB globals, 16 P
gc 9213 @49.415s 4%: 0.12+0.73+0.090 ms clock, 2.0+0.45/0.90/0+1.4 ms cpu, 3->4->2 MB, 4 MB goal, 0 MB stacks, 0 MB globals, 16 P
gc 9214 @49.416s 4%: 0.11+0.73+0.10 ms clock, 1.8+0.60/0.85/0+1.6 ms cpu, 3->4->2 MB, 4 MB goal, 0 MB stacks, 0 MB globals, 16 P
gc 9215 @49.418s 4%: 0.099+0.58+0.089 ms clock, 1.5+0.60/0.87/0+1.4 ms cpu, 3->4->1 MB, 4 MB goal, 0 MB stacks, 0 MB globals, 16 P
gc 9216 @49.420s 4%: 0.15+0.55+0.093 ms clock, 2.4+0.59/0.82/0+1.4 ms cpu, 3->4->1 MB, 4 MB goal, 0 MB stacks, 0 MB globals, 16 P
gc 9217 @49.422s 4%: 0.11+0.41+0.16 ms clock, 1.8+0.60/0.88/0.003+2.5 ms cpu, 3->4->1 MB, 4 MB goal, 0 MB stacks, 0 MB globals, 16 P
gc 9218 @49.423s 4%: 0.10+0.50+0.15 ms clock, 1.6+0.66/0.70/0+2.4 ms cpu, 3->4->1 MB, 4 MB goal, 0 MB stacks, 0 MB globals, 16 P
gc 9219 @49.425s 4%: 0.13+0.64+0.13 ms clock, 2.1+0.48/0.82/0+2.2 ms cpu, 3->4->1 MB, 4 MB goal, 0 MB stacks, 0 MB globals, 16 P
gc 9220 @49.426s 4%: 0.12+0.76+0.078 ms clock, 1.9+0.59/0.74/0.005+1.2 ms cpu, 3->4->2 MB, 4 MB goal, 0 MB stacks, 0 MB globals, 16 P
gc 9221 @49.428s 4%: 0.15+0.54+0.10 ms clock, 2.4+0.56/0.87/0+1.7 ms cpu, 3->4->1 MB, 4 MB goal, 0 MB stacks, 0 MB globals, 16 P
gc 9222 @49.430s 4%: 0.14+0.54+0.081 ms clock, 2.3+0.56/0.79/0.013+1.2 ms cpu, 3->4->1 MB, 4 MB goal, 0 MB stacks, 0 MB globals, 16 P
gc 9223 @49.431s 4%: 0.13+0.44+0.24 ms clock, 2.1+0.65/0.71/0+3.8 ms cpu, 3->4->1 MB, 4 MB goal, 0 MB stacks, 0 MB globals, 16 P
gc 9224 @49.433s 4%: 0.12+0.46+0.089 ms clock, 2.0+0.47/0.89/0+1.4 ms cpu, 3->4->1 MB, 4 MB goal, 0 MB stacks, 0 MB globals, 16 P
gc 9225 @49.434s 4%: 0.11+0.49+0.14 ms clock, 1.8+0.70/0.71/0+2.2 ms cpu, 3->4->1 MB, 4 MB goal, 0 MB stacks, 0 MB globals, 16 P
gc 9226 @49.436s 4%: 0.11+0.49+0.14 ms clock, 1.8+0.53/0.77/0+2.2 ms cpu, 3->4->1 MB, 4 MB goal, 0 MB stacks, 0 MB globals, 16 P
gc 9227 @49.437s 4%: 0.11+0.61+0.10 ms clock, 1.7+0.62/0.92/0.016+1.7 ms cpu, 3->4->1 MB, 4 MB goal, 0 MB stacks, 0 MB globals, 16 P
gc 9228 @49.439s 4%: 0.12+0.56+0.11 ms clock, 1.9+0.51/0.92/0.018+1.8 ms cpu, 3->4->1 MB, 4 MB goal, 0 MB stacks, 0 MB globals, 16 P
gc 9229 @49.441s 4%: 0.13+0.66+0.10 ms clock, 2.1+0.63/0.82/0.021+1.7 ms cpu, 3->4->2 MB, 4 MB goal, 0 MB stacks, 0 MB globals, 16 P
gc 9230 @49.443s 4%: 0.13+0.48+0.14 ms clock, 2.0+0.72/0.86/0+2.3 ms cpu, 3->4->1 MB, 4 MB goal, 0 MB stacks, 0 MB globals, 16 P
gc 9231 @49.444s 4%: 0.18+0.69+0.16 ms clock, 2.9+0.65/0.85/0.016+2.6 ms cpu, 3->4->2 MB, 4 MB goal, 0 MB stacks, 0 MB globals, 16 P
gc 9232 @49.446s 4%: 0.096+0.84+0.097 ms clock, 1.5+0.48/0.85/0.050+1.5 ms cpu, 3->4->2 MB, 4 MB goal, 0 MB stacks, 0 MB globals, 16 P
gc 9233 @49.448s 4%: 0.13+0.63+0.081 ms clock, 2.0+0.47/0.88/0+1.3 ms cpu, 4->4->1 MB, 4 MB goal, 0 MB stacks, 0 MB globals, 16 P
gc 9234 @49.450s 4%: 0.11+0.67+0.096 ms clock, 1.9+0.86/0.83/0+1.5 ms cpu, 3->4->2 MB, 4 MB goal, 0 MB stacks, 0 MB globals, 16 P
gc 9235 @49.452s 4%: 0.11+0.50+0.18 ms clock, 1.7+0.53/0.90/0.008+2.9 ms cpu, 3->4->1 MB, 4 MB goal, 0 MB stacks, 0 MB globals, 16 P
gc 9236 @49.453s 4%: 0.14+0.46+0.11 ms clock, 2.3+0.56/0.81/0+1.8 ms cpu, 3->4->1 MB, 4 MB goal, 0 MB stacks, 0 MB globals, 16 P
gc 9237 @49.455s 4%: 0.20+0.61+0.14 ms clock, 3.2+0.53/0.88/0+2.3 ms cpu, 3->4->2 MB, 4 MB goal, 0 MB stacks, 0 MB globals, 16 P
gc 9238 @49.457s 4%: 0.10+0.48+0.13 ms clock, 1.6+0.56/0.88/0.035+2.1 ms cpu, 3->4->1 MB, 4 MB goal, 0 MB stacks, 0 MB globals, 16 P
gc 9239 @49.458s 4%: 0.11+0.68+0.10 ms clock, 1.8+0.39/0.85/0.016+1.6 ms cpu, 3->4->2 MB, 4 MB goal, 0 MB stacks, 0 MB globals, 16 P
gc 9240 @49.460s 4%: 0.097+0.61+0.089 ms clock, 1.5+0.57/1.0/0+1.4 ms cpu, 3->4->1 MB, 4 MB goal, 0 MB stacks, 0 MB globals, 16 P
gc 9241 @49.461s 4%: 0.12+0.81+0.10 ms clock, 1.9+0.58/1.0/0+1.6 ms cpu, 3->4->2 MB, 4 MB goal, 0 MB stacks, 0 MB globals, 16 P
gc 9242 @49.464s 4%: 0.15+0.55+0.17 ms clock, 2.4+0.51/0.83/0.030+2.8 ms cpu, 4->4->1 MB, 4 MB goal, 0 MB stacks, 0 MB globals, 16 P
gc 9243 @49.465s 4%: 0.12+0.84+0.15 ms clock, 1.9+0.76/0.89/0+2.4 ms cpu, 3->4->2 MB, 4 MB goal, 0 MB stacks, 0 MB globals, 16 P
gc 9244 @49.467s 4%: 0.15+0.56+0.11 ms clock, 2.4+0.57/0.82/0+1.8 ms cpu, 4->4->1 MB, 4 MB goal, 0 MB stacks, 0 MB globals, 16 P
gc 9245 @49.469s 4%: 0.11+0.66+0.079 ms clock, 1.8+0.61/0.99/0+1.2 ms cpu, 3->4->2 MB, 4 MB goal, 0 MB stacks, 0 MB globals, 16 P
gc 9246 @49.471s 4%: 0.10+0.61+0.065 ms clock, 1.6+0.63/0.73/0.021+1.0 ms cpu, 3->4->1 MB, 4 MB goal, 0 MB stacks, 0 MB globals, 16 P
gc 9247 @49.472s 4%: 0.10+0.60+0.084 ms clock, 1.6+0.64/0.88/0.057+1.3 ms cpu, 3->4->2 MB, 4 MB goal, 0 MB stacks, 0 MB globals, 16 P
gc 9248 @49.474s 4%: 0.15+0.53+0.099 ms clock, 2.4+0.73/0.65/0+1.5 ms cpu, 3->4->1 MB, 4 MB goal, 0 MB stacks, 0 MB globals, 16 P
gc 9249 @49.476s 4%: 0.18+0.56+0.13 ms clock, 2.9+0.56/0.92/0.012+2.1 ms cpu, 3->4->2 MB, 4 MB goal, 0 MB stacks, 0 MB globals, 16 P
gc 9250 @49.477s 4%: 0.17+0.73+0.14 ms clock, 2.7+0.65/0.91/0+2.2 ms cpu, 3->4->2 MB, 4 MB goal, 0 MB stacks, 0 MB globals, 16 P
gc 9251 @49.479s 4%: 0.12+0.67+0.099 ms clock, 1.9+0.65/0.76/0+1.5 ms cpu, 3->4->2 MB, 4 MB goal, 0 MB stacks, 0 MB globals, 16 P
gc 9252 @49.481s 4%: 0.12+0.49+0.14 ms clock, 1.9+0.69/0.79/0+2.3 ms cpu, 3->4->1 MB, 4 MB goal, 0 MB stacks, 0 MB globals, 16 P
gc 9253 @49.483s 4%: 0.16+0.66+0.13 ms clock, 2.6+0.94/0.91/0+2.0 ms cpu, 3->4->2 MB, 4 MB goal, 0 MB stacks, 0 MB globals, 16 P
gc 9254 @49.485s 4%: 0.13+0.76+0.083 ms clock, 2.2+0.71/0.80/0+1.3 ms cpu, 3->4->2 MB, 4 MB goal, 0 MB stacks, 0 MB globals, 16 P
gc 9255 @49.487s 4%: 0.096+0.63+0.053 ms clock, 1.5+0.57/0.90/0+0.84 ms cpu, 4->4->1 MB, 4 MB goal, 0 MB stacks, 0 MB globals, 16 P
gc 9256 @49.489s 4%: 0.11+0.79+0.098 ms clock, 1.8+0.55/0.96/0+1.5 ms cpu, 3->4->2 MB, 4 MB goal, 0 MB stacks, 0 MB globals, 16 P
gc 9257 @49.491s 4%: 0.11+0.45+0.12 ms clock, 1.8+0.65/0.70/0+1.9 ms cpu, 3->4->1 MB, 4 MB goal, 0 MB stacks, 0 MB globals, 16 P
gc 9258 @49.492s 4%: 0.12+0.73+0.048 ms clock, 1.9+0.63/1.0/0+0.78 ms cpu, 3->4->2 MB, 4 MB goal, 0 MB stacks, 0 MB globals, 16 P
gc 9259 @49.494s 4%: 0.13+0.57+0.11 ms clock, 2.1+0.56/0.86/0.003+1.7 ms cpu, 3->4->1 MB, 4 MB goal, 0 MB stacks, 0 MB globals, 16 P
gc 9260 @49.496s 4%: 0.10+0.54+0.15 ms clock, 1.6+0.64/0.73/0.072+2.4 ms cpu, 3->4->1 MB, 4 MB goal, 0 MB stacks, 0 MB globals, 16 P
gc 9261 @49.497s 4%: 0.11+0.46+0.12 ms clock, 1.8+0.62/0.80/0.001+1.9 ms cpu, 3->4->1 MB, 4 MB goal, 0 MB stacks, 0 MB globals, 16 P
gc 9262 @49.499s 4%: 0.13+0.59+0.11 ms clock, 2.1+0.50/0.82/0+1.7 ms cpu, 3->4->1 MB, 4 MB goal, 0 MB stacks, 0 MB globals, 16 P
gc 9263 @49.500s 4%: 0.18+0.48+0.14 ms clock, 2.8+0.63/0.87/0+2.3 ms cpu, 3->4->1 MB, 4 MB goal, 0 MB stacks, 0 MB globals, 16 P
gc 9264 @49.502s 4%: 0.12+0.41+0.14 ms clock, 2.0+0.72/0.71/0+2.2 ms cpu, 3->4->1 MB, 4 MB goal, 0 MB stacks, 0 MB globals, 16 P
gc 9265 @49.504s 4%: 0.10+0.53+0.18 ms clock, 1.6+0.56/0.75/0+2.8 ms cpu, 3->4->1 MB, 4 MB goal, 0 MB stacks, 0 MB globals, 16 P
gc 9266 @49.505s 4%: 0.12+0.59+0.094 ms clock, 1.9+0.59/0.90/0+1.5 ms cpu, 3->4->2 MB, 4 MB goal, 0 MB stacks, 0 MB globals, 16 P
gc 9267 @49.507s 4%: 0.14+0.71+0.098 ms clock, 2.2+0.63/0.78/0+1.5 ms cpu, 3->4->1 MB, 4 MB goal, 0 MB stacks, 0 MB globals, 16 P
gc 9268 @49.508s 4%: 0.14+0.59+0.12 ms clock, 2.3+0.69/0.72/0.030+1.9 ms cpu, 3->4->1 MB, 4 MB goal, 0 MB stacks, 0 MB globals, 16 P
gc 9269 @49.510s 4%: 0.10+0.51+0.12 ms clock, 1.7+0.49/0.83/0+2.0 ms cpu, 3->4->1 MB, 4 MB goal, 0 MB stacks, 0 MB globals, 16 P
gc 9270 @49.512s 4%: 0.11+0.62+0.070 ms clock, 1.8+0.62/1.0/0+1.1 ms cpu, 3->4->2 MB, 4 MB goal, 0 MB stacks, 0 MB globals, 16 P
gc 9271 @49.513s 4%: 0.11+0.65+0.074 ms clock, 1.8+0.65/0.87/0+1.1 ms cpu, 3->4->2 MB, 4 MB goal, 0 MB stacks, 0 MB globals, 16 P
gc 9272 @49.515s 4%: 0.13+0.49+0.11 ms clock, 2.1+0.58/0.78/0+1.8 ms cpu, 3->4->1 MB, 4 MB goal, 0 MB stacks, 0 MB globals, 16 P
gc 9273 @49.517s 4%: 0.11+0.53+0.10 ms clock, 1.8+0.62/0.78/0.004+1.7 ms cpu, 3->4->1 MB, 4 MB goal, 0 MB stacks, 0 MB globals, 16 P
gc 9274 @49.519s 4%: 0.11+0.44+0.15 ms clock, 1.8+0.56/0.84/0+2.4 ms cpu, 3->4->1 MB, 4 MB goal, 0 MB stacks, 0 MB globals, 16 P
gc 9275 @49.520s 4%: 0.11+0.49+0.16 ms clock, 1.8+0.68/0.80/0+2.6 ms cpu, 3->3->1 MB, 4 MB goal, 0 MB stacks, 0 MB globals, 16 P
gc 9276 @49.522s 4%: 0.10+0.50+0.13 ms clock, 1.6+0.58/0.84/0+2.1 ms cpu, 3->4->1 MB, 4 MB goal, 0 MB stacks, 0 MB globals, 16 P
gc 9277 @49.523s 4%: 0.16+0.60+0.11 ms clock, 2.6+0.61/0.98/0.016+1.8 ms cpu, 3->4->1 MB, 4 MB goal, 0 MB stacks, 0 MB globals, 16 P
gc 9278 @49.525s 4%: 0.080+0.68+0.076 ms clock, 1.2+0.49/0.89/0.029+1.2 ms cpu, 3->4->2 MB, 4 MB goal, 0 MB stacks, 0 MB globals, 16 P
gc 9279 @49.527s 4%: 0.15+0.65+0.086 ms clock, 2.5+0.60/0.79/0+1.3 ms cpu, 3->4->2 MB, 4 MB goal, 0 MB stacks, 0 MB globals, 16 P
gc 9280 @49.529s 4%: 0.20+0.56+0.14 ms clock, 3.2+0.64/0.77/0+2.3 ms cpu, 3->4->1 MB, 4 MB goal, 0 MB stacks, 0 MB globals, 16 P
gc 9281 @49.530s 4%: 0.10+0.62+0.10 ms clock, 1.7+0.63/0.87/0.003+1.7 ms cpu, 3->4->2 MB, 4 MB goal, 0 MB stacks, 0 MB globals, 16 P
gc 9282 @49.532s 4%: 0.13+0.49+0.11 ms clock, 2.1+0.60/0.76/0.045+1.8 ms cpu, 3->4->1 MB, 4 MB goal, 0 MB stacks, 0 MB globals, 16 P
gc 9283 @49.533s 4%: 0.14+0.68+0.11 ms clock, 2.3+0.88/0.69/0.001+1.7 ms cpu, 3->4->2 MB, 4 MB goal, 0 MB stacks, 0 MB globals, 16 P
gc 9284 @49.535s 4%: 0.13+0.50+0.086 ms clock, 2.1+0.62/0.81/0.003+1.3 ms cpu, 3->4->1 MB, 4 MB goal, 0 MB stacks, 0 MB globals, 16 P
gc 9285 @49.537s 4%: 0.10+0.71+0.094 ms clock, 1.6+0.55/0.92/0.028+1.5 ms cpu, 3->4->2 MB, 4 MB goal, 0 MB stacks, 0 MB globals, 16 P
gc 9286 @49.539s 4%: 0.12+0.61+0.090 ms clock, 2.0+0.62/0.81/0+1.4 ms cpu, 3->4->2 MB, 4 MB goal, 0 MB stacks, 0 MB globals, 16 P
gc 9287 @49.540s 4%: 0.11+0.46+0.10 ms clock, 1.7+0.52/0.75/0+1.6 ms cpu, 3->4->1 MB, 4 MB goal, 0 MB stacks, 0 MB globals, 16 P
gc 9288 @49.542s 4%: 0.18+0.58+0.14 ms clock, 2.9+0.61/0.88/0.033+2.3 ms cpu, 3->4->2 MB, 4 MB goal, 0 MB stacks, 0 MB globals, 16 P
gc 9289 @49.544s 4%: 0.087+0.60+0.11 ms clock, 1.4+0.56/0.97/0+1.8 ms cpu, 3->4->1 MB, 4 MB goal, 0 MB stacks, 0 MB globals, 16 P
gc 9290 @49.545s 4%: 0.12+0.52+0.17 ms clock, 1.9+0.70/0.84/0+2.8 ms cpu, 3->4->1 MB, 4 MB goal, 0 MB stacks, 0 MB globals, 16 P
gc 9291 @49.547s 4%: 0.11+0.51+0.10 ms clock, 1.8+0.69/0.75/0.004+1.6 ms cpu, 3->4->1 MB, 4 MB goal, 0 MB stacks, 0 MB globals, 16 P
gc 9292 @49.549s 4%: 0.13+0.53+0.14 ms clock, 2.1+0.57/0.83/0+2.3 ms cpu, 3->4->1 MB, 4 MB goal, 0 MB stacks, 0 MB globals, 16 P
gc 9293 @49.550s 4%: 0.11+0.73+0.071 ms clock, 1.8+0.66/0.87/0+1.1 ms cpu, 3->4->2 MB, 4 MB goal, 0 MB stacks, 0 MB globals, 16 P
gc 9294 @49.552s 4%: 0.12+0.67+0.098 ms clock, 1.9+0.58/1.0/0+1.5 ms cpu, 3->4->2 MB, 4 MB goal, 0 MB stacks, 0 MB globals, 16 P
gc 9295 @49.554s 4%: 0.10+0.52+0.10 ms clock, 1.7+0.62/0.75/0+1.6 ms cpu, 3->4->1 MB, 4 MB goal, 0 MB stacks, 0 MB globals, 16 P
gc 9296 @49.555s 4%: 0.14+0.65+0.099 ms clock, 2.3+0.55/0.80/0.011+1.5 ms cpu, 3->4->2 MB, 4 MB goal, 0 MB stacks, 0 MB globals, 16 P
gc 9297 @49.557s 4%: 0.13+0.62+0.10 ms clock, 2.1+0.49/0.84/0+1.7 ms cpu, 3->4->1 MB, 4 MB goal, 0 MB stacks, 0 MB globals, 16 P
gc 9298 @49.559s 4%: 0.16+0.46+0.13 ms clock, 2.6+0.61/0.86/0+2.1 ms cpu, 3->4->1 MB, 4 MB goal, 0 MB stacks, 0 MB globals, 16 P
gc 9299 @49.560s 4%: 0.11+0.80+0.051 ms clock, 1.9+0.72/0.83/0+0.82 ms cpu, 3->4->2 MB, 4 MB goal, 0 MB stacks, 0 MB globals, 16 P
gc 9300 @49.562s 4%: 0.20+0.47+0.19 ms clock, 3.2+0.49/0.83/0+3.1 ms cpu, 3->4->1 MB, 4 MB goal, 0 MB stacks, 0 MB globals, 16 P
gc 9301 @49.564s 4%: 0.11+0.70+0.18 ms clock, 1.7+0.68/0.92/0+2.9 ms cpu, 3->4->2 MB, 4 MB goal, 0 MB stacks, 0 MB globals, 16 P
gc 9302 @49.566s 4%: 0.14+0.57+0.12 ms clock, 2.2+0.73/0.76/0+2.0 ms cpu, 3->4->2 MB, 4 MB goal, 0 MB stacks, 0 MB globals, 16 P
gc 9303 @49.567s 4%: 0.16+0.56+0.11 ms clock, 2.6+0.65/0.87/0.011+1.8 ms cpu, 3->4->1 MB, 4 MB goal, 0 MB stacks, 0 MB globals, 16 P
gc 9304 @49.569s 4%: 0.093+0.56+0.093 ms clock, 1.4+0.51/0.92/0.002+1.4 ms cpu, 3->4->1 MB, 4 MB goal, 0 MB stacks, 0 MB globals, 16 P
gc 9305 @49.571s 4%: 0.14+0.46+0.11 ms clock, 2.3+0.51/0.73/0.005+1.8 ms cpu, 3->4->1 MB, 4 MB goal, 0 MB stacks, 0 MB globals, 16 P
gc 9306 @49.572s 4%: 0.12+0.71+0.038 ms clock, 1.9+0.72/0.80/0+0.61 ms cpu, 3->4->2 MB, 4 MB goal, 0 MB stacks, 0 MB globals, 16 P
gc 9307 @49.574s 4%: 0.10+0.56+0.10 ms clock, 1.7+0.63/0.77/0.008+1.6 ms cpu, 3->4->1 MB, 4 MB goal, 0 MB stacks, 0 MB globals, 16 P
gc 9308 @49.575s 4%: 0.096+0.56+0.12 ms clock, 1.5+0.66/0.75/0.007+2.0 ms cpu, 3->4->1 MB, 4 MB goal, 0 MB stacks, 0 MB globals, 16 P
gc 9309 @49.577s 4%: 0.14+0.48+0.15 ms clock, 2.3+0.54/0.85/0+2.4 ms cpu, 3->4->1 MB, 4 MB goal, 0 MB stacks, 0 MB globals, 16 P
gc 9310 @49.579s 4%: 0.14+0.72+0.080 ms clock, 2.3+0.66/0.87/0.003+1.2 ms cpu, 3->4->2 MB, 4 MB goal, 0 MB stacks, 0 MB globals, 16 P
gc 9311 @49.580s 4%: 0.11+0.68+0.079 ms clock, 1.8+0.63/0.89/0.004+1.2 ms cpu, 3->4->2 MB, 4 MB goal, 0 MB stacks, 0 MB globals, 16 P
gc 9312 @49.582s 4%: 0.11+0.51+0.074 ms clock, 1.8+0.44/0.89/0+1.1 ms cpu, 3->4->1 MB, 4 MB goal, 0 MB stacks, 0 MB globals, 16 P
gc 9313 @49.584s 4%: 0.14+0.86+0.085 ms clock, 2.3+0.62/0.91/0+1.3 ms cpu, 3->4->2 MB, 4 MB goal, 0 MB stacks, 0 MB globals, 16 P
gc 9314 @49.586s 4%: 0.11+0.49+0.094 ms clock, 1.8+0.65/0.78/0+1.5 ms cpu, 3->4->1 MB, 4 MB goal, 0 MB stacks, 0 MB globals, 16 P
gc 9315 @49.587s 4%: 0.12+0.51+0.083 ms clock, 2.0+0.48/0.78/0.019+1.3 ms cpu, 3->3->1 MB, 4 MB goal, 0 MB stacks, 0 MB globals, 16 P
gc 9316 @49.589s 4%: 0.16+0.55+0.13 ms clock, 2.6+0.66/0.91/0+2.1 ms cpu, 3->4->2 MB, 4 MB goal, 0 MB stacks, 0 MB globals, 16 P
gc 9317 @49.590s 4%: 0.10+0.49+0.20 ms clock, 1.6+0.63/0.88/0+3.2 ms cpu, 3->4->1 MB, 4 MB goal, 0 MB stacks, 0 MB globals, 16 P
gc 9318 @49.592s 4%: 0.099+0.65+0.11 ms clock, 1.5+0.69/0.94/0.023+1.9 ms cpu, 3->4->2 MB, 4 MB goal, 0 MB stacks, 0 MB globals, 16 P
gc 9319 @49.594s 4%: 0.11+0.51+0.096 ms clock, 1.8+0.56/0.79/0.028+1.5 ms cpu, 3->4->1 MB, 4 MB goal, 0 MB stacks, 0 MB globals, 16 P
gc 9320 @49.595s 4%: 0.10+0.55+0.11 ms clock, 1.6+0.71/0.87/0.015+1.8 ms cpu, 3->4->1 MB, 4 MB goal, 0 MB stacks, 0 MB globals, 16 P
gc 9321 @49.597s 4%: 0.13+0.47+0.092 ms clock, 2.1+0.58/0.80/0+1.4 ms cpu, 3->4->1 MB, 4 MB goal, 0 MB stacks, 0 MB globals, 16 P
gc 9322 @49.599s 4%: 0.15+0.61+0.11 ms clock, 2.5+0.56/0.83/0+1.8 ms cpu, 3->4->1 MB, 4 MB goal, 0 MB stacks, 0 MB globals, 16 P
gc 9323 @49.600s 4%: 0.10+0.60+0.12 ms clock, 1.6+0.52/0.78/0+2.0 ms cpu, 3->4->1 MB, 4 MB goal, 0 MB stacks, 0 MB globals, 16 P
gc 9324 @49.602s 4%: 0.16+0.65+0.036 ms clock, 2.6+0.55/0.80/0+0.57 ms cpu, 3->4->2 MB, 4 MB goal, 0 MB stacks, 0 MB globals, 16 P
gc 9325 @49.604s 4%: 0.11+0.60+0.078 ms clock, 1.7+0.49/0.86/0+1.2 ms cpu, 3->4->1 MB, 4 MB goal, 0 MB stacks, 0 MB globals, 16 P
gc 9326 @49.605s 4%: 0.20+0.55+0.12 ms clock, 3.2+0.62/0.92/0+1.9 ms cpu, 3->4->1 MB, 4 MB goal, 0 MB stacks, 0 MB globals, 16 P
gc 9327 @49.607s 4%: 0.11+0.71+0.15 ms clock, 1.8+0.63/1.0/0.016+2.4 ms cpu, 3->4->2 MB, 4 MB goal, 0 MB stacks, 0 MB globals, 16 P
gc 9328 @49.609s 4%: 0.15+0.57+0.12 ms clock, 2.5+0.57/0.77/0.018+1.9 ms cpu, 3->4->1 MB, 4 MB goal, 0 MB stacks, 0 MB globals, 16 P
gc 9329 @49.610s 4%: 0.14+0.41+0.13 ms clock, 2.3+0.70/0.78/0+2.1 ms cpu, 3->4->1 MB, 4 MB goal, 0 MB stacks, 0 MB globals, 16 P
gc 9330 @49.612s 4%: 0.13+0.62+0.14 ms clock, 2.1+0.79/0.77/0.067+2.2 ms cpu, 3->4->1 MB, 4 MB goal, 0 MB stacks, 0 MB globals, 16 P
gc 9331 @49.613s 4%: 0.14+0.66+0.10 ms clock, 2.3+0.45/0.89/0.007+1.6 ms cpu, 3->4->2 MB, 4 MB goal, 0 MB stacks, 0 MB globals, 16 P
gc 9332 @49.615s 4%: 0.16+0.64+0.082 ms clock, 2.6+0.60/0.85/0.001+1.3 ms cpu, 3->4->1 MB, 4 MB goal, 0 MB stacks, 0 MB globals, 16 P
gc 9333 @49.617s 4%: 0.11+0.56+0.031 ms clock, 1.9+0.43/0.87/0.001+0.49 ms cpu, 3->4->1 MB, 4 MB goal, 0 MB stacks, 0 MB globals, 16 P
gc 9334 @49.618s 4%: 0.14+0.70+0.090 ms clock, 2.3+0.75/0.69/0.016+1.4 ms cpu, 3->4->2 MB, 4 MB goal, 0 MB stacks, 0 MB globals, 16 P
gc 9335 @49.620s 4%: 0.16+0.66+0.10 ms clock, 2.6+0.48/0.84/0.015+1.6 ms cpu, 3->4->2 MB, 4 MB goal, 0 MB stacks, 0 MB globals, 16 P
gc 9336 @49.622s 4%: 0.12+0.56+0.19 ms clock, 2.0+0.56/0.78/0.033+3.0 ms cpu, 3->4->1 MB, 4 MB goal, 0 MB stacks, 0 MB globals, 16 P
gc 9337 @49.624s 4%: 0.10+0.42+0.092 ms clock, 1.6+0.58/0.75/0.013+1.4 ms cpu, 3->4->1 MB, 4 MB goal, 0 MB stacks, 0 MB globals, 16 P
gc 9338 @49.625s 4%: 0.16+0.65+0.12 ms clock, 2.6+0.59/0.72/0+2.0 ms cpu, 3->4->2 MB, 4 MB goal, 0 MB stacks, 0 MB globals, 16 P
gc 9339 @49.627s 4%: 0.087+0.64+0.046 ms clock, 1.3+0.61/0.67/0+0.74 ms cpu, 3->4->1 MB, 4 MB goal, 0 MB stacks, 0 MB globals, 16 P
gc 9340 @49.628s 4%: 0.14+0.70+0.070 ms clock, 2.2+0.61/0.94/0+1.1 ms cpu, 3->4->2 MB, 4 MB goal, 0 MB stacks, 0 MB globals, 16 P
gc 9341 @49.630s 4%: 0.14+0.58+0.070 ms clock, 2.3+0.57/0.88/0+1.1 ms cpu, 3->4->2 MB, 4 MB goal, 0 MB stacks, 0 MB globals, 16 P
gc 9342 @49.632s 4%: 0.19+0.55+0.18 ms clock, 3.1+0.76/0.77/0+2.8 ms cpu, 3->4->2 MB, 4 MB goal, 0 MB stacks, 0 MB globals, 16 P
gc 9343 @49.634s 4%: 0.16+0.62+0.097 ms clock, 2.6+0.66/0.87/0.030+1.5 ms cpu, 3->4->1 MB, 4 MB goal, 0 MB stacks, 0 MB globals, 16 P
gc 9344 @49.635s 4%: 0.12+0.64+0.078 ms clock, 1.9+0.54/0.89/0.056+1.2 ms cpu, 3->4->2 MB, 4 MB goal, 0 MB stacks, 0 MB globals, 16 P
gc 9345 @49.637s 4%: 0.13+0.47+0.077 ms clock, 2.1+0.53/0.83/0+1.2 ms cpu, 3->4->1 MB, 4 MB goal, 0 MB stacks, 0 MB globals, 16 P
gc 9346 @49.639s 4%: 0.10+0.61+0.085 ms clock, 1.7+0.72/0.92/0+1.3 ms cpu, 3->4->1 MB, 4 MB goal, 0 MB stacks, 0 MB globals, 16 P
gc 9347 @49.640s 4%: 0.13+0.58+0.12 ms clock, 2.1+0.57/0.86/0+1.9 ms cpu, 3->4->1 MB, 4 MB goal, 0 MB stacks, 0 MB globals, 16 P
gc 9348 @49.642s 4%: 0.19+0.62+0.10 ms clock, 3.1+0.67/0.82/0+1.7 ms cpu, 3->4->2 MB, 4 MB goal, 0 MB stacks, 0 MB globals, 16 P
gc 9349 @49.644s 4%: 0.15+0.57+0.17 ms clock, 2.5+0.46/0.93/0.070+2.7 ms cpu, 3->4->1 MB, 4 MB goal, 0 MB stacks, 0 MB globals, 16 P
gc 9350 @49.645s 4%: 0.11+0.65+0.074 ms clock, 1.8+0.61/0.89/0.020+1.1 ms cpu, 3->4->2 MB, 4 MB goal, 0 MB stacks, 0 MB globals, 16 P
gc 9351 @49.647s 4%: 0.18+0.51+0.088 ms clock, 2.9+0.57/0.76/0+1.4 ms cpu, 3->4->1 MB, 4 MB goal, 0 MB stacks, 0 MB globals, 16 P
gc 9352 @49.648s 4%: 0.16+0.64+0.10 ms clock, 2.6+0.52/0.89/0+1.7 ms cpu, 3->4->2 MB, 4 MB goal, 0 MB stacks, 0 MB globals, 16 P
gc 9353 @49.650s 4%: 0.086+0.72+0.093 ms clock, 1.3+0.54/0.83/0+1.5 ms cpu, 3->4->2 MB, 4 MB goal, 0 MB stacks, 0 MB globals, 16 P
gc 9354 @49.652s 4%: 0.14+0.51+0.13 ms clock, 2.2+0.65/0.64/0+2.1 ms cpu, 3->4->1 MB, 4 MB goal, 0 MB stacks, 0 MB globals, 16 P
gc 9355 @49.654s 4%: 0.11+0.63+0.051 ms clock, 1.8+0.58/0.88/0.097+0.82 ms cpu, 3->4->2 MB, 4 MB goal, 0 MB stacks, 0 MB globals, 16 P
gc 9356 @49.655s 4%: 0.12+0.60+0.12 ms clock, 1.9+0.46/0.89/0+2.0 ms cpu, 3->4->1 MB, 4 MB goal, 0 MB stacks, 0 MB globals, 16 P
gc 9357 @49.657s 4%: 0.10+0.61+0.11 ms clock, 1.7+0.68/0.80/0+1.8 ms cpu, 3->4->2 MB, 4 MB goal, 0 MB stacks, 0 MB globals, 16 P
gc 9358 @49.659s 4%: 0.11+0.51+0.11 ms clock, 1.9+0.53/0.82/0.028+1.7 ms cpu, 3->4->1 MB, 4 MB goal, 0 MB stacks, 0 MB globals, 16 P
gc 9359 @49.660s 4%: 0.13+0.50+0.11 ms clock, 2.1+0.63/0.81/0+1.8 ms cpu, 3->4->1 MB, 4 MB goal, 0 MB stacks, 0 MB globals, 16 P
gc 9360 @49.662s 4%: 0.10+0.68+0.087 ms clock, 1.7+0.50/0.80/0.034+1.3 ms cpu, 3->4->1 MB, 4 MB goal, 0 MB stacks, 0 MB globals, 16 P
gc 9361 @49.664s 4%: 0.14+0.67+0.12 ms clock, 2.3+0.47/0.76/0.10+1.9 ms cpu, 3->4->2 MB, 4 MB goal, 0 MB stacks, 0 MB globals, 16 P
gc 9362 @49.665s 4%: 0.13+0.51+0.090 ms clock, 2.1+0.63/0.85/0+1.4 ms cpu, 3->4->1 MB, 4 MB goal, 0 MB stacks, 0 MB globals, 16 P
gc 9363 @49.667s 4%: 0.13+0.56+0.11 ms clock, 2.0+0.64/0.75/0+1.8 ms cpu, 3->4->2 MB, 4 MB goal, 0 MB stacks, 0 MB globals, 16 P
gc 9364 @49.669s 4%: 0.11+0.57+0.073 ms clock, 1.7+0.66/0.70/0+1.1 ms cpu, 3->4->1 MB, 4 MB goal, 0 MB stacks, 0 MB globals, 16 P
gc 9365 @49.670s 4%: 0.11+0.72+0.070 ms clock, 1.7+0.62/0.86/0+1.1 ms cpu, 3->4->2 MB, 4 MB goal, 0 MB stacks, 0 MB globals, 16 P
gc 9366 @49.672s 4%: 0.17+0.54+0.18 ms clock, 2.7+0.45/0.93/0.029+2.9 ms cpu, 3->4->2 MB, 4 MB goal, 0 MB stacks, 0 MB globals, 16 P
gc 9367 @49.674s 4%: 0.11+0.53+0.21 ms clock, 1.7+0.71/0.87/0+3.5 ms cpu, 3->4->1 MB, 4 MB goal, 0 MB stacks, 0 MB globals, 16 P
gc 9368 @49.675s 4%: 0.098+0.80+0.10 ms clock, 1.5+0.61/0.96/0+1.6 ms cpu, 3->4->2 MB, 4 MB goal, 0 MB stacks, 0 MB globals, 16 P
gc 9369 @49.677s 4%: 0.11+0.55+0.20 ms clock, 1.8+0.69/0.82/0.060+3.3 ms cpu, 4->4->1 MB, 4 MB goal, 0 MB stacks, 0 MB globals, 16 P
gc 9370 @49.679s 4%: 0.10+0.66+0.053 ms clock, 1.6+0.64/0.81/0.016+0.85 ms cpu, 3->4->2 MB, 4 MB goal, 0 MB stacks, 0 MB globals, 16 P
gc 9371 @49.681s 4%: 0.13+0.50+0.10 ms clock, 2.1+0.52/0.72/0.042+1.6 ms cpu, 3->4->1 MB, 4 MB goal, 0 MB stacks, 0 MB globals, 16 P
gc 9372 @49.682s 4%: 0.12+0.73+0.050 ms clock, 1.9+0.42/0.89/0+0.80 ms cpu, 3->4->1 MB, 4 MB goal, 0 MB stacks, 0 MB globals, 16 P
gc 9373 @49.684s 4%: 0.18+0.61+0.11 ms clock, 2.9+0.64/0.94/0+1.8 ms cpu, 3->4->2 MB, 4 MB goal, 0 MB stacks, 0 MB globals, 16 P
gc 9374 @49.686s 4%: 0.13+0.57+0.21 ms clock, 2.2+0.68/0.81/0+3.3 ms cpu, 3->4->2 MB, 4 MB goal, 0 MB stacks, 0 MB globals, 16 P
gc 9375 @49.688s 4%: 0.10+0.64+0.13 ms clock, 1.7+0.62/0.80/0+2.2 ms cpu, 3->4->1 MB, 4 MB goal, 0 MB stacks, 0 MB globals, 16 P
gc 9376 @49.689s 4%: 0.12+0.61+0.16 ms clock, 1.9+0.68/0.82/0+2.5 ms cpu, 3->4->2 MB, 4 MB goal, 0 MB stacks, 0 MB globals, 16 P
gc 9377 @49.691s 4%: 0.11+0.65+0.12 ms clock, 1.7+0.50/0.99/0.019+1.9 ms cpu, 3->4->2 MB, 4 MB goal, 0 MB stacks, 0 MB globals, 16 P
gc 9378 @49.693s 4%: 0.10+0.60+0.088 ms clock, 1.7+0.46/0.87/0+1.4 ms cpu, 3->4->1 MB, 4 MB goal, 0 MB stacks, 0 MB globals, 16 P
gc 9379 @49.695s 4%: 0.16+0.52+0.082 ms clock, 2.7+0.57/0.89/0+1.3 ms cpu, 3->4->1 MB, 4 MB goal, 0 MB stacks, 0 MB globals, 16 P
gc 9380 @49.696s 4%: 0.11+0.61+0.076 ms clock, 1.9+0.58/0.88/0+1.2 ms cpu, 3->4->1 MB, 4 MB goal, 0 MB stacks, 0 MB globals, 16 P
gc 9381 @49.698s 4%: 0.11+0.58+0.076 ms clock, 1.9+0.54/0.98/0+1.2 ms cpu, 3->4->1 MB, 4 MB goal, 0 MB stacks, 0 MB globals, 16 P
gc 9382 @49.700s 4%: 0.10+0.53+0.17 ms clock, 1.7+0.64/0.84/0+2.7 ms cpu, 3->4->1 MB, 4 MB goal, 0 MB stacks, 0 MB globals, 16 P
gc 9383 @49.701s 4%: 0.18+0.50+0.15 ms clock, 2.9+0.59/0.77/0.049+2.4 ms cpu, 3->4->1 MB, 4 MB goal, 0 MB stacks, 0 MB globals, 16 P
gc 9384 @49.703s 4%: 0.16+0.77+0.051 ms clock, 2.6+0.73/0.91/0+0.81 ms cpu, 3->4->2 MB, 4 MB goal, 0 MB stacks, 0 MB globals, 16 P
gc 9385 @49.705s 4%: 0.14+0.63+0.12 ms clock, 2.3+0.56/0.74/0+1.9 ms cpu, 3->4->2 MB, 4 MB goal, 0 MB stacks, 0 MB globals, 16 P
gc 9386 @49.707s 4%: 0.098+0.66+0.13 ms clock, 1.5+0.45/0.93/0.003+2.1 ms cpu, 3->4->2 MB, 4 MB goal, 0 MB stacks, 0 MB globals, 16 P
gc 9387 @49.708s 4%: 0.10+0.54+0.086 ms clock, 1.7+0.53/0.84/0.033+1.3 ms cpu, 3->4->1 MB, 4 MB goal, 0 MB stacks, 0 MB globals, 16 P
gc 9388 @49.710s 4%: 0.14+0.54+0.12 ms clock, 2.2+0.82/0.83/0.001+2.0 ms cpu, 3->4->1 MB, 4 MB goal, 0 MB stacks, 0 MB globals, 16 P
gc 9389 @49.712s 4%: 0.15+0.62+0.094 ms clock, 2.4+0.51/0.93/0.003+1.5 ms cpu, 3->4->1 MB, 4 MB goal, 0 MB stacks, 0 MB globals, 16 P
gc 9390 @49.713s 4%: 0.16+0.45+0.10 ms clock, 2.6+0.44/0.77/0+1.6 ms cpu, 3->4->1 MB, 4 MB goal, 0 MB stacks, 0 MB globals, 16 P
gc 9391 @49.715s 4%: 0.17+0.51+0.10 ms clock, 2.7+0.73/0.71/0+1.7 ms cpu, 3->4->2 MB, 4 MB goal, 0 MB stacks, 0 MB globals, 16 P
gc 9392 @49.717s 4%: 0.11+0.55+0.091 ms clock, 1.8+0.62/0.78/0+1.4 ms cpu, 3->4->1 MB, 4 MB goal, 0 MB stacks, 0 MB globals, 16 P
gc 9393 @49.718s 4%: 0.11+0.60+0.092 ms clock, 1.9+0.53/0.82/0.005+1.4 ms cpu, 3->4->2 MB, 4 MB goal, 0 MB stacks, 0 MB globals, 16 P
gc 9394 @49.720s 4%: 0.11+0.70+0.10 ms clock, 1.8+0.60/0.92/0+1.7 ms cpu, 3->4->2 MB, 4 MB goal, 0 MB stacks, 0 MB globals, 16 P
gc 9395 @49.722s 4%: 0.11+0.52+0.10 ms clock, 1.7+0.57/0.84/0+1.6 ms cpu, 3->4->1 MB, 4 MB goal, 0 MB stacks, 0 MB globals, 16 P
gc 9396 @49.724s 4%: 0.10+0.56+0.14 ms clock, 1.6+0.62/0.84/0.002+2.3 ms cpu, 3->4->2 MB, 4 MB goal, 0 MB stacks, 0 MB globals, 16 P
gc 9397 @49.725s 4%: 0.16+0.70+0.076 ms clock, 2.6+0.54/0.96/0+1.2 ms cpu, 3->4->2 MB, 4 MB goal, 0 MB stacks, 0 MB globals, 16 P
gc 9398 @49.727s 4%: 0.12+0.68+0.096 ms clock, 2.0+0.49/0.91/0+1.5 ms cpu, 3->4->2 MB, 4 MB goal, 0 MB stacks, 0 MB globals, 16 P
gc 9399 @49.729s 4%: 0.11+0.51+0.17 ms clock, 1.7+0.65/0.79/0.025+2.7 ms cpu, 3->4->1 MB, 4 MB goal, 0 MB stacks, 0 MB globals, 16 P
gc 9400 @49.731s 4%: 0.11+0.59+0.048 ms clock, 1.8+0.65/0.82/0+0.78 ms cpu, 3->4->2 MB, 4 MB goal, 0 MB stacks, 0 MB globals, 16 P
gc 9401 @49.732s 4%: 0.10+0.57+0.13 ms clock, 1.6+0.60/0.76/0.035+2.2 ms cpu, 3->4->1 MB, 4 MB goal, 0 MB stacks, 0 MB globals, 16 P
gc 9402 @49.734s 4%: 0.11+0.56+0.14 ms clock, 1.8+0.65/0.88/0+2.3 ms cpu, 3->4->2 MB, 4 MB goal, 0 MB stacks, 0 MB globals, 16 P
gc 9403 @49.736s 4%: 0.13+0.62+0.12 ms clock, 2.0+0.60/0.91/0.023+2.0 ms cpu, 3->4->2 MB, 4 MB goal, 0 MB stacks, 0 MB globals, 16 P
gc 9404 @49.738s 4%: 0.13+0.51+0.064 ms clock, 2.1+0.49/0.82/0+1.0 ms cpu, 3->4->1 MB, 4 MB goal, 0 MB stacks, 0 MB globals, 16 P
gc 9405 @49.739s 4%: 0.13+0.67+0.094 ms clock, 2.2+0.47/0.96/0+1.5 ms cpu, 3->4->2 MB, 4 MB goal, 0 MB stacks, 0 MB globals, 16 P
gc 9406 @49.741s 4%: 0.11+0.64+0.12 ms clock, 1.8+0.55/0.86/0.002+2.0 ms cpu, 3->4->1 MB, 4 MB goal, 0 MB stacks, 0 MB globals, 16 P
gc 9407 @49.743s 4%: 0.10+0.62+0.15 ms clock, 1.6+0.67/0.78/0+2.4 ms cpu, 3->4->2 MB, 4 MB goal, 0 MB stacks, 0 MB globals, 16 P
gc 9408 @49.744s 4%: 0.10+0.63+0.094 ms clock, 1.6+0.66/0.85/0+1.5 ms cpu, 3->4->2 MB, 4 MB goal, 0 MB stacks, 0 MB globals, 16 P
gc 9409 @49.746s 4%: 0.12+0.49+0.13 ms clock, 1.9+0.76/0.71/0.003+2.2 ms cpu, 3->4->1 MB, 4 MB goal, 0 MB stacks, 0 MB globals, 16 P
gc 9410 @49.748s 4%: 0.13+0.68+0.14 ms clock, 2.2+0.73/0.94/0+2.2 ms cpu, 3->4->2 MB, 4 MB goal, 0 MB stacks, 0 MB globals, 16 P
gc 9411 @49.750s 4%: 0.087+0.59+0.11 ms clock, 1.4+0.55/0.82/0+1.8 ms cpu, 3->4->1 MB, 4 MB goal, 0 MB stacks, 0 MB globals, 16 P
gc 9412 @49.752s 4%: 0.096+0.59+0.099 ms clock, 1.5+0.55/0.81/0+1.5 ms cpu, 3->4->1 MB, 4 MB goal, 0 MB stacks, 0 MB globals, 16 P
gc 9413 @49.753s 4%: 0.10+0.51+0.11 ms clock, 1.6+0.62/0.75/0.008+1.8 ms cpu, 3->4->1 MB, 4 MB goal, 0 MB stacks, 0 MB globals, 16 P
gc 9414 @49.755s 4%: 0.13+0.50+0.11 ms clock, 2.0+0.67/0.89/0+1.8 ms cpu, 3->4->1 MB, 4 MB goal, 0 MB stacks, 0 MB globals, 16 P
gc 9415 @49.756s 4%: 0.13+0.51+0.14 ms clock, 2.1+0.68/0.78/0+2.3 ms cpu, 3->4->1 MB, 4 MB goal, 0 MB stacks, 0 MB globals, 16 P
gc 9416 @49.758s 4%: 0.13+0.55+0.10 ms clock, 2.2+0.67/0.82/0.002+1.6 ms cpu, 3->4->2 MB, 4 MB goal, 0 MB stacks, 0 MB globals, 16 P
gc 9417 @49.760s 4%: 0.18+0.58+0.13 ms clock, 2.8+0.66/0.84/0.031+2.1 ms cpu, 3->4->2 MB, 4 MB goal, 0 MB stacks, 0 MB globals, 16 P
gc 9418 @49.761s 4%: 0.10+0.60+0.091 ms clock, 1.6+0.52/0.87/0+1.4 ms cpu, 3->4->2 MB, 4 MB goal, 0 MB stacks, 0 MB globals, 16 P
gc 9419 @49.763s 4%: 0.13+0.49+0.13 ms clock, 2.0+0.64/0.77/0.018+2.0 ms cpu, 3->4->1 MB, 4 MB goal, 0 MB stacks, 0 MB globals, 16 P
gc 9420 @49.765s 4%: 0.14+0.69+0.11 ms clock, 2.3+0.67/0.82/0+1.8 ms cpu, 3->4->2 MB, 4 MB goal, 0 MB stacks, 0 MB globals, 16 P
gc 9421 @49.767s 4%: 0.13+0.61+0.13 ms clock, 2.1+0.64/0.90/0.013+2.1 ms cpu, 3->4->1 MB, 4 MB goal, 0 MB stacks, 0 MB globals, 16 P
gc 9422 @49.768s 4%: 0.14+0.73+0.10 ms clock, 2.3+0.72/0.89/0+1.7 ms cpu, 3->4->2 MB, 4 MB goal, 0 MB stacks, 0 MB globals, 16 P
gc 9423 @49.770s 4%: 0.10+0.63+0.12 ms clock, 1.7+0.59/0.89/0+2.0 ms cpu, 3->4->2 MB, 4 MB goal, 0 MB stacks, 0 MB globals, 16 P
gc 9424 @49.772s 4%: 0.13+0.70+0.16 ms clock, 2.1+0.72/0.81/0+2.6 ms cpu, 3->4->2 MB, 4 MB goal, 0 MB stacks, 0 MB globals, 16 P
gc 9425 @49.774s 4%: 0.10+0.46+0.15 ms clock, 1.6+0.68/0.80/0+2.5 ms cpu, 3->4->1 MB, 4 MB goal, 0 MB stacks, 0 MB globals, 16 P
gc 9426 @49.775s 4%: 0.17+0.54+0.16 ms clock, 2.7+0.61/0.95/0+2.5 ms cpu, 3->4->2 MB, 4 MB goal, 0 MB stacks, 0 MB globals, 16 P
gc 9427 @49.777s 4%: 0.12+0.66+0.15 ms clock, 1.9+0.57/0.80/0+2.5 ms cpu, 3->4->2 MB, 4 MB goal, 0 MB stacks, 0 MB globals, 16 P
gc 9428 @49.779s 4%: 0.13+0.62+0.12 ms clock, 2.2+0.65/0.95/0+1.9 ms cpu, 3->4->2 MB, 4 MB goal, 0 MB stacks, 0 MB globals, 16 P
gc 9429 @49.781s 4%: 0.13+0.57+0.10 ms clock, 2.1+0.70/0.85/0.026+1.6 ms cpu, 3->4->2 MB, 4 MB goal, 0 MB stacks, 0 MB globals, 16 P
gc 9430 @49.783s 4%: 0.14+0.53+0.10 ms clock, 2.3+0.51/0.82/0+1.6 ms cpu, 3->4->1 MB, 4 MB goal, 0 MB stacks, 0 MB globals, 16 P
gc 9431 @49.784s 4%: 0.14+0.83+0.042 ms clock, 2.3+0.63/0.95/0.007+0.68 ms cpu, 3->4->2 MB, 4 MB goal, 0 MB stacks, 0 MB globals, 16 P
gc 9432 @49.786s 4%: 0.15+0.51+0.14 ms clock, 2.4+0.78/0.79/0.002+2.3 ms cpu, 3->4->1 MB, 4 MB goal, 0 MB stacks, 0 MB globals, 16 P
gc 9433 @49.788s 4%: 0.13+0.48+0.11 ms clock, 2.1+0.59/0.82/0.009+1.9 ms cpu, 3->4->1 MB, 4 MB goal, 0 MB stacks, 0 MB globals, 16 P
gc 9434 @49.789s 4%: 0.096+0.66+0.091 ms clock, 1.5+0.70/0.78/0+1.4 ms cpu, 3->4->1 MB, 4 MB goal, 0 MB stacks, 0 MB globals, 16 P
gc 9435 @49.791s 4%: 0.083+0.46+0.11 ms clock, 1.3+0.49/0.75/0+1.8 ms cpu, 3->4->1 MB, 4 MB goal, 0 MB stacks, 0 MB globals, 16 P
gc 9436 @49.792s 4%: 0.097+0.79+0.098 ms clock, 1.5+0.46/0.83/0.009+1.5 ms cpu, 3->4->2 MB, 4 MB goal, 0 MB stacks, 0 MB globals, 16 P
gc 9437 @49.794s 4%: 0.093+0.82+0.072 ms clock, 1.5+0.35/0.89/0+1.1 ms cpu, 3->4->2 MB, 4 MB goal, 0 MB stacks, 0 MB globals, 16 P
gc 9438 @49.796s 4%: 0.12+0.70+0.19 ms clock, 1.9+0.70/0.91/0+3.1 ms cpu, 3->4->2 MB, 4 MB goal, 0 MB stacks, 0 MB globals, 16 P
gc 9439 @49.798s 4%: 0.11+0.55+0.078 ms clock, 1.8+0.60/0.75/0.043+1.2 ms cpu, 3->4->1 MB, 4 MB goal, 0 MB stacks, 0 MB globals, 16 P
gc 9440 @49.799s 4%: 0.10+0.67+0.099 ms clock, 1.6+0.60/0.90/0+1.5 ms cpu, 3->4->2 MB, 4 MB goal, 0 MB stacks, 0 MB globals, 16 P
gc 9441 @49.801s 4%: 0.11+0.78+0.096 ms clock, 1.8+0.52/1.1/0+1.5 ms cpu, 3->4->2 MB, 4 MB goal, 0 MB stacks, 0 MB globals, 16 P
gc 9442 @49.803s 4%: 0.15+0.64+0.12 ms clock, 2.5+0.57/0.91/0+2.0 ms cpu, 3->4->2 MB, 4 MB goal, 0 MB stacks, 0 MB globals, 16 P
gc 9443 @49.805s 4%: 0.17+0.65+0.11 ms clock, 2.7+0.50/0.86/0+1.9 ms cpu, 3->4->2 MB, 4 MB goal, 0 MB stacks, 0 MB globals, 16 P
gc 9444 @49.807s 4%: 0.12+0.60+0.097 ms clock, 2.0+0.62/0.78/0+1.5 ms cpu, 3->4->1 MB, 4 MB goal, 0 MB stacks, 0 MB globals, 16 P
gc 9445 @49.809s 4%: 0.13+0.54+0.094 ms clock, 2.2+0.73/0.71/0+1.5 ms cpu, 3->4->1 MB, 4 MB goal, 0 MB stacks, 0 MB globals, 16 P
gc 9446 @49.810s 4%: 0.099+0.67+0.11 ms clock, 1.5+0.56/0.68/0.11+1.7 ms cpu, 3->4->1 MB, 4 MB goal, 0 MB stacks, 0 MB globals, 16 P
gc 9447 @49.812s 4%: 0.18+0.49+0.14 ms clock, 3.0+0.64/0.78/0+2.3 ms cpu, 3->4->1 MB, 4 MB goal, 0 MB stacks, 0 MB globals, 16 P
gc 9448 @49.814s 4%: 0.15+0.68+0.094 ms clock, 2.4+0.76/0.77/0+1.5 ms cpu, 3->4->2 MB, 4 MB goal, 0 MB stacks, 0 MB globals, 16 P
gc 9449 @49.815s 4%: 0.11+0.59+0.10 ms clock, 1.8+0.46/0.90/0+1.6 ms cpu, 3->4->1 MB, 4 MB goal, 0 MB stacks, 0 MB globals, 16 P
gc 9450 @49.817s 4%: 0.14+0.54+0.071 ms clock, 2.3+0.56/0.74/0+1.1 ms cpu, 3->4->1 MB, 4 MB goal, 0 MB stacks, 0 MB globals, 16 P
gc 9451 @49.819s 4%: 0.16+0.44+0.12 ms clock, 2.6+0.77/0.71/0.015+2.0 ms cpu, 3->4->1 MB, 4 MB goal, 0 MB stacks, 0 MB globals, 16 P
gc 9452 @49.820s 4%: 0.10+0.54+0.10 ms clock, 1.6+0.74/0.86/0+1.7 ms cpu, 3->4->1 MB, 4 MB goal, 0 MB stacks, 0 MB globals, 16 P
gc 9453 @49.822s 4%: 0.11+0.47+0.12 ms clock, 1.8+0.66/0.80/0+2.0 ms cpu, 3->4->1 MB, 4 MB goal, 0 MB stacks, 0 MB globals, 16 P
gc 9454 @49.823s 4%: 0.12+0.64+0.13 ms clock, 1.9+0.63/0.81/0.004+2.1 ms cpu, 3->4->2 MB, 4 MB goal, 0 MB stacks, 0 MB globals, 16 P
gc 9455 @49.825s 4%: 0.14+0.79+0.086 ms clock, 2.3+0.48/1.0/0+1.3 ms cpu, 3->4->2 MB, 4 MB goal, 0 MB stacks, 0 MB globals, 16 P
gc 9456 @49.827s 4%: 0.10+0.55+0.13 ms clock, 1.6+0.43/0.90/0.012+2.1 ms cpu, 3->4->1 MB, 4 MB goal, 0 MB stacks, 0 MB globals, 16 P
gc 9457 @49.829s 4%: 0.089+0.48+0.14 ms clock, 1.4+0.58/0.75/0+2.3 ms cpu, 3->4->1 MB, 4 MB goal, 0 MB stacks, 0 MB globals, 16 P
gc 9458 @49.830s 4%: 0.11+0.63+0.094 ms clock, 1.8+0.68/0.81/0+1.5 ms cpu, 3->4->2 MB, 4 MB goal, 0 MB stacks, 0 MB globals, 16 P
gc 9459 @49.832s 4%: 0.20+0.47+0.10 ms clock, 3.2+0.86/0.78/0+1.7 ms cpu, 3->4->1 MB, 4 MB goal, 0 MB stacks, 0 MB globals, 16 P
gc 9460 @49.834s 4%: 0.12+0.51+0.15 ms clock, 2.0+0.53/0.72/0+2.4 ms cpu, 3->4->1 MB, 4 MB goal, 0 MB stacks, 0 MB globals, 16 P
gc 9461 @49.835s 4%: 0.19+0.56+0.13 ms clock, 3.0+0.58/0.83/0+2.0 ms cpu, 3->4->2 MB, 4 MB goal, 0 MB stacks, 0 MB globals, 16 P
gc 9462 @49.837s 4%: 0.15+0.63+0.061 ms clock, 2.4+0.49/0.84/0+0.98 ms cpu, 3->4->1 MB, 4 MB goal, 0 MB stacks, 0 MB globals, 16 P
gc 9463 @49.839s 4%: 0.13+0.63+0.10 ms clock, 2.2+0.64/0.80/0.006+1.6 ms cpu, 3->4->2 MB, 4 MB goal, 0 MB stacks, 0 MB globals, 16 P
gc 9464 @49.841s 4%: 0.13+0.58+0.077 ms clock, 2.2+0.66/0.77/0+1.2 ms cpu, 3->4->2 MB, 4 MB goal, 0 MB stacks, 0 MB globals, 16 P
gc 9465 @49.843s 4%: 0.18+0.50+0.16 ms clock, 2.9+0.65/0.73/0+2.7 ms cpu, 3->4->2 MB, 4 MB goal, 0 MB stacks, 0 MB globals, 16 P
gc 9466 @49.844s 4%: 0.11+0.64+0.050 ms clock, 1.9+0.49/0.83/0.001+0.80 ms cpu, 3->4->1 MB, 4 MB goal, 0 MB stacks, 0 MB globals, 16 P
gc 9467 @49.846s 4%: 0.081+0.55+0.12 ms clock, 1.3+0.49/0.99/0+1.9 ms cpu, 3->4->1 MB, 4 MB goal, 0 MB stacks, 0 MB globals, 16 P
gc 9468 @49.847s 4%: 0.11+0.61+0.10 ms clock, 1.7+0.60/0.77/0+1.6 ms cpu, 3->4->2 MB, 4 MB goal, 0 MB stacks, 0 MB globals, 16 P
gc 9469 @49.849s 4%: 0.12+0.44+0.16 ms clock, 2.0+0.47/0.77/0.002+2.6 ms cpu, 3->4->1 MB, 4 MB goal, 0 MB stacks, 0 MB globals, 16 P
gc 9470 @49.851s 4%: 0.12+0.54+0.10 ms clock, 2.0+0.67/0.75/0.043+1.7 ms cpu, 3->4->1 MB, 4 MB goal, 0 MB stacks, 0 MB globals, 16 P
gc 9471 @49.852s 4%: 0.12+0.60+0.11 ms clock, 2.0+0.56/0.86/0.031+1.7 ms cpu, 3->4->1 MB, 4 MB goal, 0 MB stacks, 0 MB globals, 16 P
gc 9472 @49.854s 4%: 0.11+0.66+0.12 ms clock, 1.8+0.58/0.83/0+1.9 ms cpu, 3->4->2 MB, 4 MB goal, 0 MB stacks, 0 MB globals, 16 P
gc 9473 @49.856s 4%: 0.12+0.58+0.11 ms clock, 2.0+0.76/0.87/0+1.8 ms cpu, 3->4->1 MB, 4 MB goal, 0 MB stacks, 0 MB globals, 16 P
gc 9474 @49.857s 4%: 0.14+0.71+0.085 ms clock, 2.3+0.61/0.77/0+1.3 ms cpu, 3->4->2 MB, 4 MB goal, 0 MB stacks, 0 MB globals, 16 P
gc 9475 @49.859s 4%: 0.13+0.46+0.14 ms clock, 2.1+0.64/0.78/0.001+2.2 ms cpu, 3->4->1 MB, 4 MB goal, 0 MB stacks, 0 MB globals, 16 P
gc 9476 @49.861s 4%: 0.19+0.53+0.097 ms clock, 3.0+0.68/0.81/0.10+1.5 ms cpu, 3->4->2 MB, 4 MB goal, 0 MB stacks, 0 MB globals, 16 P
gc 9477 @49.863s 4%: 0.13+0.53+0.13 ms clock, 2.2+0.62/0.85/0.098+2.2 ms cpu, 3->4->1 MB, 4 MB goal, 0 MB stacks, 0 MB globals, 16 P
gc 9478 @49.864s 4%: 0.10+0.53+0.17 ms clock, 1.7+0.54/0.91/0+2.7 ms cpu, 3->4->1 MB, 4 MB goal, 0 MB stacks, 0 MB globals, 16 P
gc 9479 @49.866s 4%: 0.21+0.44+0.18 ms clock, 3.4+0.46/0.72/0.16+2.9 ms cpu, 3->4->1 MB, 4 MB goal, 0 MB stacks, 0 MB globals, 16 P
gc 9480 @49.867s 4%: 0.18+0.54+0.14 ms clock, 2.8+0.59/0.79/0+2.3 ms cpu, 3->4->2 MB, 4 MB goal, 0 MB stacks, 0 MB globals, 16 P
gc 9481 @49.869s 4%: 0.11+0.47+0.095 ms clock, 1.8+0.54/0.80/0.018+1.5 ms cpu, 3->4->1 MB, 4 MB goal, 0 MB stacks, 0 MB globals, 16 P
gc 9482 @49.871s 4%: 0.12+0.64+0.072 ms clock, 1.9+0.61/0.78/0.006+1.1 ms cpu, 3->4->1 MB, 4 MB goal, 0 MB stacks, 0 MB globals, 16 P
gc 9483 @49.872s 4%: 0.10+0.51+0.088 ms clock, 1.7+0.45/0.84/0.024+1.4 ms cpu, 3->4->1 MB, 4 MB goal, 0 MB stacks, 0 MB globals, 16 P
gc 9484 @49.874s 4%: 0.10+0.57+0.15 ms clock, 1.6+0.62/0.86/0.001+2.4 ms cpu, 3->4->1 MB, 4 MB goal, 0 MB stacks, 0 MB globals, 16 P
gc 9485 @49.875s 4%: 0.12+0.51+0.10 ms clock, 1.9+0.60/0.83/0+1.6 ms cpu, 3->4->1 MB, 4 MB goal, 0 MB stacks, 0 MB globals, 16 P
gc 9486 @49.877s 4%: 0.20+0.50+0.12 ms clock, 3.2+0.47/0.88/0.001+2.0 ms cpu, 3->4->1 MB, 4 MB goal, 0 MB stacks, 0 MB globals, 16 P
gc 9487 @49.879s 4%: 0.10+0.47+0.093 ms clock, 1.6+0.59/0.74/0.005+1.5 ms cpu, 3->4->1 MB, 4 MB goal, 0 MB stacks, 0 MB globals, 16 P
gc 9488 @49.880s 4%: 0.18+0.61+0.073 ms clock, 2.9+0.44/0.92/0+1.1 ms cpu, 3->4->2 MB, 4 MB goal, 0 MB stacks, 0 MB globals, 16 P
gc 9489 @49.882s 4%: 0.14+0.52+0.10 ms clock, 2.2+0.45/0.86/0+1.7 ms cpu, 3->4->1 MB, 4 MB goal, 0 MB stacks, 0 MB globals, 16 P
gc 9490 @49.883s 4%: 0.10+0.66+0.10 ms clock, 1.7+0.53/0.91/0+1.6 ms cpu, 3->4->2 MB, 4 MB goal, 0 MB stacks, 0 MB globals, 16 P
gc 9491 @49.885s 4%: 0.11+0.63+0.079 ms clock, 1.7+0.49/0.89/0+1.2 ms cpu, 3->4->1 MB, 4 MB goal, 0 MB stacks, 0 MB globals, 16 P
gc 9492 @49.887s 4%: 0.11+0.47+0.14 ms clock, 1.8+0.62/0.72/0.046+2.3 ms cpu, 3->4->1 MB, 4 MB goal, 0 MB stacks, 0 MB globals, 16 P
gc 9493 @49.888s 4%: 0.13+0.57+0.068 ms clock, 2.1+0.54/0.93/0.003+1.1 ms cpu, 3->4->1 MB, 4 MB goal, 0 MB stacks, 0 MB globals, 16 P
gc 9494 @49.890s 4%: 0.12+0.68+0.065 ms clock, 2.0+0.60/0.82/0+1.0 ms cpu, 3->4->1 MB, 4 MB goal, 0 MB stacks, 0 MB globals, 16 P
gc 9495 @49.892s 4%: 0.13+0.59+0.15 ms clock, 2.1+0.68/0.79/0+2.4 ms cpu, 3->4->1 MB, 4 MB goal, 0 MB stacks, 0 MB globals, 16 P
gc 9496 @49.893s 4%: 0.094+0.57+0.14 ms clock, 1.5+0.56/0.92/0+2.3 ms cpu, 3->4->1 MB, 4 MB goal, 0 MB stacks, 0 MB globals, 16 P
gc 9497 @49.895s 4%: 0.19+0.80+0.11 ms clock, 3.1+0.58/0.84/0+1.8 ms cpu, 3->4->2 MB, 4 MB goal, 0 MB stacks, 0 MB globals, 16 P
gc 9498 @49.897s 4%: 0.16+0.56+0.11 ms clock, 2.6+0.60/0.92/0+1.8 ms cpu, 4->4->1 MB, 4 MB goal, 0 MB stacks, 0 MB globals, 16 P
gc 9499 @49.899s 4%: 0.16+0.65+0.14 ms clock, 2.6+0.56/1.1/0.020+2.3 ms cpu, 3->4->2 MB, 4 MB goal, 0 MB stacks, 0 MB globals, 16 P
gc 9500 @49.901s 4%: 0.13+0.87+0.12 ms clock, 2.0+0.62/0.67/0.019+2.0 ms cpu, 3->4->2 MB, 4 MB goal, 0 MB stacks, 0 MB globals, 16 P
gc 9501 @49.903s 4%: 0.11+0.52+0.10 ms clock, 1.8+0.45/0.79/0+1.6 ms cpu, 4->4->1 MB, 4 MB goal, 0 MB stacks, 0 MB globals, 16 P
gc 9502 @49.904s 4%: 0.17+0.54+0.17 ms clock, 2.8+0.64/0.86/0+2.8 ms cpu, 3->4->1 MB, 4 MB goal, 0 MB stacks, 0 MB globals, 16 P
gc 9503 @49.906s 4%: 0.16+0.78+0.12 ms clock, 2.6+0.57/0.92/0+2.0 ms cpu, 3->4->2 MB, 4 MB goal, 0 MB stacks, 0 MB globals, 16 P
gc 9504 @49.908s 4%: 0.10+0.51+0.11 ms clock, 1.6+0.59/0.73/0+1.9 ms cpu, 4->4->1 MB, 4 MB goal, 0 MB stacks, 0 MB globals, 16 P
gc 9505 @49.910s 4%: 0.12+0.57+0.13 ms clock, 2.0+0.71/0.78/0+2.1 ms cpu, 3->4->1 MB, 4 MB goal, 0 MB stacks, 0 MB globals, 16 P
gc 9506 @49.911s 4%: 0.12+0.47+0.12 ms clock, 2.0+0.58/0.70/0.025+1.9 ms cpu, 3->4->1 MB, 4 MB goal, 0 MB stacks, 0 MB globals, 16 P
gc 9507 @49.913s 4%: 0.20+0.63+0.071 ms clock, 3.2+0.59/0.80/0.019+1.1 ms cpu, 3->4->1 MB, 4 MB goal, 0 MB stacks, 0 MB globals, 16 P
gc 9508 @49.914s 4%: 0.13+0.55+0.13 ms clock, 2.2+0.64/0.86/0.003+2.2 ms cpu, 3->4->1 MB, 4 MB goal, 0 MB stacks, 0 MB globals, 16 P
gc 9509 @49.916s 4%: 0.11+0.51+0.15 ms clock, 1.7+0.56/0.79/0+2.4 ms cpu, 3->4->1 MB, 4 MB goal, 0 MB stacks, 0 MB globals, 16 P
gc 9510 @49.918s 4%: 0.11+0.57+0.12 ms clock, 1.8+0.72/0.74/0+2.0 ms cpu, 3->4->1 MB, 4 MB goal, 0 MB stacks, 0 MB globals, 16 P
gc 9511 @49.919s 4%: 0.11+0.64+0.075 ms clock, 1.8+0.54/0.91/0+1.2 ms cpu, 3->4->2 MB, 4 MB goal, 0 MB stacks, 0 MB globals, 16 P
gc 9512 @49.921s 4%: 0.21+0.62+0.11 ms clock, 3.4+0.69/0.84/0+1.7 ms cpu, 3->4->2 MB, 4 MB goal, 0 MB stacks, 0 MB globals, 16 P
gc 9513 @49.923s 4%: 0.11+0.48+0.12 ms clock, 1.7+0.55/0.81/0.003+2.0 ms cpu, 3->4->1 MB, 4 MB goal, 0 MB stacks, 0 MB globals, 16 P
gc 9514 @49.925s 4%: 0.11+0.53+0.084 ms clock, 1.8+0.47/0.84/0+1.3 ms cpu, 3->4->1 MB, 4 MB goal, 0 MB stacks, 0 MB globals, 16 P
gc 9515 @49.926s 4%: 0.095+0.53+0.072 ms clock, 1.5+0.51/0.77/0+1.1 ms cpu, 3->4->1 MB, 4 MB goal, 0 MB stacks, 0 MB globals, 16 P
gc 9516 @49.928s 4%: 0.15+0.74+0.094 ms clock, 2.4+0.63/0.85/0.003+1.5 ms cpu, 3->4->2 MB, 4 MB goal, 0 MB stacks, 0 MB globals, 16 P
gc 9517 @49.930s 4%: 0.10+0.47+0.075 ms clock, 1.7+0.74/0.74/0+1.2 ms cpu, 3->4->1 MB, 4 MB goal, 0 MB stacks, 0 MB globals, 16 P
gc 9518 @49.931s 4%: 0.15+0.66+0.10 ms clock, 2.5+0.69/0.91/0.001+1.6 ms cpu, 3->4->2 MB, 4 MB goal, 0 MB stacks, 0 MB globals, 16 P
gc 9519 @49.933s 4%: 0.082+0.57+0.092 ms clock, 1.3+0.46/0.97/0+1.4 ms cpu, 3->4->1 MB, 4 MB goal, 0 MB stacks, 0 MB globals, 16 P
gc 9520 @49.934s 4%: 0.15+0.55+0.096 ms clock, 2.4+0.56/0.85/0+1.5 ms cpu, 3->4->1 MB, 4 MB goal, 0 MB stacks, 0 MB globals, 16 P
gc 9521 @49.936s 4%: 0.16+0.49+0.073 ms clock, 2.6+0.51/0.78/0+1.1 ms cpu, 3->4->1 MB, 4 MB goal, 0 MB stacks, 0 MB globals, 16 P
gc 9522 @49.938s 4%: 0.10+0.51+0.10 ms clock, 1.6+0.52/0.84/0+1.6 ms cpu, 3->4->1 MB, 4 MB goal, 0 MB stacks, 0 MB globals, 16 P
gc 9523 @49.939s 4%: 0.12+0.58+0.079 ms clock, 2.0+0.51/0.81/0+1.2 ms cpu, 3->4->1 MB, 4 MB goal, 0 MB stacks, 0 MB globals, 16 P
gc 9524 @49.941s 4%: 0.15+0.62+0.13 ms clock, 2.4+0.53/0.87/0+2.2 ms cpu, 3->4->2 MB, 4 MB goal, 0 MB stacks, 0 MB globals, 16 P
gc 9525 @49.943s 4%: 0.17+0.59+0.13 ms clock, 2.8+0.51/0.91/0.007+2.1 ms cpu, 3->4->2 MB, 4 MB goal, 0 MB stacks, 0 MB globals, 16 P
gc 9526 @49.945s 4%: 0.084+0.57+0.086 ms clock, 1.3+0.48/0.95/0+1.3 ms cpu, 3->4->1 MB, 4 MB goal, 0 MB stacks, 0 MB globals, 16 P
gc 9527 @49.946s 4%: 0.17+0.56+0.17 ms clock, 2.7+0.66/0.90/0+2.8 ms cpu, 3->4->2 MB, 4 MB goal, 0 MB stacks, 0 MB globals, 16 P
gc 9528 @49.948s 4%: 0.11+0.65+0.15 ms clock, 1.7+0.61/0.77/0+2.4 ms cpu, 3->4->2 MB, 4 MB goal, 0 MB stacks, 0 MB globals, 16 P
gc 9529 @49.950s 4%: 0.17+0.66+0.096 ms clock, 2.7+0.59/0.80/0+1.5 ms cpu, 3->4->2 MB, 4 MB goal, 0 MB stacks, 0 MB globals, 16 P
gc 9530 @49.952s 4%: 0.13+0.60+0.074 ms clock, 2.2+0.69/0.79/0+1.1 ms cpu, 3->4->1 MB, 4 MB goal, 0 MB stacks, 0 MB globals, 16 P
gc 9531 @49.953s 4%: 0.14+0.68+0.11 ms clock, 2.2+0.57/0.82/0+1.8 ms cpu, 3->4->2 MB, 4 MB goal, 0 MB stacks, 0 MB globals, 16 P
gc 9532 @49.955s 4%: 0.087+0.58+0.087 ms clock, 1.3+0.41/0.90/0.006+1.4 ms cpu, 3->4->1 MB, 4 MB goal, 0 MB stacks, 0 MB globals, 16 P
gc 9533 @49.957s 4%: 0.15+0.49+0.15 ms clock, 2.5+0.57/0.83/0.052+2.4 ms cpu, 3->4->1 MB, 4 MB goal, 0 MB stacks, 0 MB globals, 16 P
gc 9534 @49.958s 4%: 0.10+0.51+0.10 ms clock, 1.6+0.63/0.79/0.037+1.6 ms cpu, 3->3->1 MB, 4 MB goal, 0 MB stacks, 0 MB globals, 16 P
gc 9535 @49.960s 4%: 0.10+0.51+0.20 ms clock, 1.6+0.70/0.72/0+3.2 ms cpu, 3->4->1 MB, 4 MB goal, 0 MB stacks, 0 MB globals, 16 P
gc 9536 @49.961s 4%: 0.12+0.53+0.10 ms clock, 1.9+0.77/0.80/0+1.6 ms cpu, 3->4->1 MB, 4 MB goal, 0 MB stacks, 0 MB globals, 16 P
gc 9537 @49.963s 4%: 0.12+0.47+0.14 ms clock, 1.9+0.67/0.73/0+2.3 ms cpu, 3->4->1 MB, 4 MB goal, 0 MB stacks, 0 MB globals, 16 P
gc 9538 @49.964s 4%: 0.16+0.57+0.16 ms clock, 2.6+0.57/0.80/0+2.5 ms cpu, 3->4->2 MB, 4 MB goal, 0 MB stacks, 0 MB globals, 16 P
gc 9539 @49.966s 4%: 0.11+0.51+0.083 ms clock, 1.7+0.52/0.90/0+1.3 ms cpu, 3->4->1 MB, 4 MB goal, 0 MB stacks, 0 MB globals, 16 P
gc 9540 @49.968s 4%: 0.20+0.58+0.067 ms clock, 3.2+0.70/0.73/0+1.0 ms cpu, 3->4->2 MB, 4 MB goal, 0 MB stacks, 0 MB globals, 16 P
gc 9541 @49.969s 4%: 0.13+0.53+0.14 ms clock, 2.1+0.83/0.71/0+2.3 ms cpu, 3->4->1 MB, 4 MB goal, 0 MB stacks, 0 MB globals, 16 P
gc 9542 @49.971s 4%: 0.16+0.64+0.13 ms clock, 2.6+0.68/0.90/0+2.1 ms cpu, 3->4->2 MB, 4 MB goal, 0 MB stacks, 0 MB globals, 16 P
gc 9543 @49.973s 4%: 0.12+0.70+0.079 ms clock, 2.0+0.34/0.84/0+1.2 ms cpu, 3->4->1 MB, 4 MB goal, 0 MB stacks, 0 MB globals, 16 P
gc 9544 @49.975s 4%: 0.12+0.61+0.093 ms clock, 2.0+0.49/0.81/0+1.4 ms cpu, 3->4->2 MB, 4 MB goal, 0 MB stacks, 0 MB globals, 16 P
gc 9545 @49.976s 4%: 0.11+0.63+0.092 ms clock, 1.9+0.63/0.85/0.026+1.4 ms cpu, 3->4->1 MB, 4 MB goal, 0 MB stacks, 0 MB globals, 16 P
gc 9546 @49.978s 4%: 0.10+0.84+0.088 ms clock, 1.7+0.50/0.96/0.007+1.4 ms cpu, 3->4->2 MB, 4 MB goal, 0 MB stacks, 0 MB globals, 16 P
gc 9547 @49.980s 4%: 0.10+0.54+0.16 ms clock, 1.6+0.61/0.70/0+2.6 ms cpu, 3->4->1 MB, 4 MB goal, 0 MB stacks, 0 MB globals, 16 P
gc 9548 @49.982s 4%: 0.15+0.50+0.12 ms clock, 2.4+0.69/0.88/0+1.9 ms cpu, 3->4->1 MB, 4 MB goal, 0 MB stacks, 0 MB globals, 16 P
gc 9549 @49.983s 4%: 0.10+0.49+0.11 ms clock, 1.6+0.46/0.93/0.077+1.8 ms cpu, 3->4->1 MB, 4 MB goal, 0 MB stacks, 0 MB globals, 16 P
gc 9550 @49.985s 4%: 0.15+0.62+0.097 ms clock, 2.5+0.57/0.77/0+1.5 ms cpu, 3->4->2 MB, 4 MB goal, 0 MB stacks, 0 MB globals, 16 P
gc 9551 @49.986s 4%: 0.14+0.67+0.10 ms clock, 2.2+0.52/0.82/0.041+1.6 ms cpu, 3->4->1 MB, 4 MB goal, 0 MB stacks, 0 MB globals, 16 P
gc 9552 @49.988s 4%: 0.12+0.49+0.13 ms clock, 1.9+0.64/0.80/0+2.1 ms cpu, 3->4->1 MB, 4 MB goal, 0 MB stacks, 0 MB globals, 16 P
gc 9553 @49.990s 4%: 0.11+0.68+0.094 ms clock, 1.7+0.57/0.86/0+1.5 ms cpu, 3->4->2 MB, 4 MB goal, 0 MB stacks, 0 MB globals, 16 P
gc 9554 @49.991s 4%: 0.12+0.47+0.11 ms clock, 2.0+0.58/0.80/0+1.8 ms cpu, 3->4->1 MB, 4 MB goal, 0 MB stacks, 0 MB globals, 16 P
gc 9555 @49.993s 4%: 0.16+0.59+0.10 ms clock, 2.5+0.63/0.93/0+1.6 ms cpu, 3->4->2 MB, 4 MB goal, 0 MB stacks, 0 MB globals, 16 P
gc 9556 @49.995s 4%: 0.12+0.77+0.087 ms clock, 2.0+0.49/0.90/0+1.4 ms cpu, 3->4->2 MB, 4 MB goal, 0 MB stacks, 0 MB globals, 16 P
gc 9557 @49.997s 4%: 0.14+0.70+0.083 ms clock, 2.3+0.62/0.84/0+1.3 ms cpu, 3->4->2 MB, 4 MB goal, 0 MB stacks, 0 MB globals, 16 P
gc 9558 @49.998s 4%: 0.13+0.53+0.083 ms clock, 2.2+0.59/0.87/0.016+1.3 ms cpu, 3->4->1 MB, 4 MB goal, 0 MB stacks, 0 MB globals, 16 P
gc 9559 @50.000s 4%: 0.10+0.57+0.10 ms clock, 1.6+0.60/0.82/0.083+1.6 ms cpu, 3->4->1 MB, 4 MB goal, 0 MB stacks, 0 MB globals, 16 P
gc 9560 @50.002s 4%: 0.12+0.64+0.090 ms clock, 2.0+0.62/0.81/0+1.4 ms cpu, 3->4->2 MB, 4 MB goal, 0 MB stacks, 0 MB globals, 16 P
gc 9561 @50.004s 4%: 0.14+0.65+0.12 ms clock, 2.2+0.45/0.91/0+2.0 ms cpu, 3->4->1 MB, 4 MB goal, 0 MB stacks, 0 MB globals, 16 P
gc 9562 @50.005s 4%: 0.12+0.63+0.11 ms clock, 2.0+0.50/0.86/0+1.7 ms cpu, 3->4->2 MB, 4 MB goal, 0 MB stacks, 0 MB globals, 16 P
gc 9563 @50.007s 4%: 0.10+0.59+0.085 ms clock, 1.6+0.81/0.66/0+1.3 ms cpu, 3->4->1 MB, 4 MB goal, 0 MB stacks, 0 MB globals, 16 P
gc 9564 @50.009s 4%: 0.11+0.63+0.10 ms clock, 1.9+0.44/1.0/0.006+1.6 ms cpu, 3->4->2 MB, 4 MB goal, 0 MB stacks, 0 MB globals, 16 P
gc 9565 @50.010s 4%: 0.17+0.64+0.14 ms clock, 2.7+0.68/0.86/0.010+2.2 ms cpu, 3->4->2 MB, 4 MB goal, 0 MB stacks, 0 MB globals, 16 P
gc 9566 @50.012s 4%: 0.099+0.53+0.093 ms clock, 1.5+0.57/0.74/0+1.4 ms cpu, 3->4->1 MB, 4 MB goal, 0 MB stacks, 0 MB globals, 16 P
gc 9567 @50.014s 4%: 0.11+0.50+0.10 ms clock, 1.8+0.60/0.77/0+1.6 ms cpu, 3->4->1 MB, 4 MB goal, 0 MB stacks, 0 MB globals, 16 P
gc 9568 @50.015s 4%: 0.11+0.65+0.088 ms clock, 1.7+0.54/0.82/0+1.4 ms cpu, 3->4->1 MB, 4 MB goal, 0 MB stacks, 0 MB globals, 16 P
gc 9569 @50.017s 4%: 0.076+0.56+0.084 ms clock, 1.2+0.61/0.72/0+1.3 ms cpu, 3->4->1 MB, 4 MB goal, 0 MB stacks, 0 MB globals, 16 P
gc 9570 @50.019s 4%: 0.11+0.46+0.14 ms clock, 1.9+0.67/0.74/0.037+2.2 ms cpu, 3->4->1 MB, 4 MB goal, 0 MB stacks, 0 MB globals, 16 P
gc 9571 @50.020s 4%: 0.12+0.57+0.14 ms clock, 2.0+0.70/0.85/0.006+2.3 ms cpu, 3->4->2 MB, 4 MB goal, 0 MB stacks, 0 MB globals, 16 P
gc 9572 @50.022s 4%: 0.14+0.80+0.092 ms clock, 2.2+0.51/0.90/0.038+1.4 ms cpu, 3->4->2 MB, 4 MB goal, 0 MB stacks, 0 MB globals, 16 P
gc 9573 @50.024s 4%: 0.13+0.63+0.098 ms clock, 2.2+0.39/0.90/0+1.5 ms cpu, 3->4->2 MB, 4 MB goal, 0 MB stacks, 0 MB globals, 16 P
gc 9574 @50.026s 4%: 0.12+0.52+0.10 ms clock, 1.9+0.38/0.90/0.016+1.7 ms cpu, 3->4->1 MB, 4 MB goal, 0 MB stacks, 0 MB globals, 16 P
gc 9575 @50.027s 4%: 0.11+0.47+0.11 ms clock, 1.9+0.64/0.80/0+1.8 ms cpu, 3->4->1 MB, 4 MB goal, 0 MB stacks, 0 MB globals, 16 P
gc 9576 @50.029s 4%: 0.099+0.60+0.15 ms clock, 1.5+0.65/0.78/0.004+2.5 ms cpu, 3->4->1 MB, 4 MB goal, 0 MB stacks, 0 MB globals, 16 P
gc 9577 @50.030s 4%: 0.14+0.43+0.12 ms clock, 2.3+0.47/0.81/0+1.9 ms cpu, 3->4->1 MB, 4 MB goal, 0 MB stacks, 0 MB globals, 16 P
gc 9578 @50.032s 4%: 0.12+0.63+0.071 ms clock, 1.9+0.60/0.96/0+1.1 ms cpu, 3->4->2 MB, 4 MB goal, 0 MB stacks, 0 MB globals, 16 P
gc 9579 @50.034s 4%: 0.15+0.57+0.10 ms clock, 2.4+0.58/0.90/0+1.6 ms cpu, 3->4->1 MB, 4 MB goal, 0 MB stacks, 0 MB globals, 16 P
gc 9580 @50.035s 4%: 0.13+0.58+0.13 ms clock, 2.0+0.72/0.77/0.006+2.1 ms cpu, 3->4->2 MB, 4 MB goal, 0 MB stacks, 0 MB globals, 16 P
gc 9581 @50.037s 4%: 0.20+0.59+0.088 ms clock, 3.2+0.65/0.74/0.022+1.4 ms cpu, 3->4->2 MB, 4 MB goal, 0 MB stacks, 0 MB globals, 16 P
gc 9582 @50.039s 4%: 0.10+0.77+0.10 ms clock, 1.6+0.59/0.91/0+1.6 ms cpu, 3->4->2 MB, 4 MB goal, 0 MB stacks, 0 MB globals, 16 P
gc 9583 @50.041s 4%: 0.12+0.61+0.14 ms clock, 1.9+0.59/1.0/0.070+2.2 ms cpu, 3->4->2 MB, 4 MB goal, 0 MB stacks, 0 MB globals, 16 P
gc 9584 @50.043s 4%: 0.15+0.51+0.095 ms clock, 2.4+0.57/0.83/0.011+1.5 ms cpu, 3->4->1 MB, 4 MB goal, 0 MB stacks, 0 MB globals, 16 P
gc 9585 @50.044s 4%: 0.12+0.56+0.044 ms clock, 2.0+0.72/0.76/0+0.71 ms cpu, 3->4->1 MB, 4 MB goal, 0 MB stacks, 0 MB globals, 16 P
gc 9586 @50.046s 4%: 0.11+0.74+0.10 ms clock, 1.9+0.67/0.95/0.045+1.6 ms cpu, 3->4->2 MB, 4 MB goal, 0 MB stacks, 0 MB globals, 16 P
gc 9587 @50.048s 4%: 0.11+0.57+0.091 ms clock, 1.8+0.56/0.83/0.049+1.4 ms cpu, 3->4->1 MB, 4 MB goal, 0 MB stacks, 0 MB globals, 16 P
gc 9588 @50.049s 4%: 0.12+0.45+0.091 ms clock, 2.0+0.57/0.79/0+1.4 ms cpu, 3->4->1 MB, 4 MB goal, 0 MB stacks, 0 MB globals, 16 P
gc 9589 @50.051s 4%: 0.15+0.55+0.092 ms clock, 2.5+0.66/0.88/0+1.4 ms cpu, 3->4->1 MB, 4 MB goal, 0 MB stacks, 0 MB globals, 16 P
gc 9590 @50.053s 4%: 0.12+0.48+0.15 ms clock, 2.0+0.57/0.88/0+2.5 ms cpu, 3->4->1 MB, 4 MB goal, 0 MB stacks, 0 MB globals, 16 P
gc 9591 @50.054s 4%: 0.12+0.57+0.053 ms clock, 2.0+0.68/0.78/0.047+0.86 ms cpu, 3->3->1 MB, 4 MB goal, 0 MB stacks, 0 MB globals, 16 P
gc 9592 @50.055s 4%: 0.12+0.52+0.13 ms clock, 1.9+0.50/0.87/0+2.2 ms cpu, 3->4->1 MB, 4 MB goal, 0 MB stacks, 0 MB globals, 16 P
gc 9593 @50.057s 4%: 0.12+0.60+0.12 ms clock, 1.9+0.60/0.73/0.040+1.9 ms cpu, 3->4->2 MB, 4 MB goal, 0 MB stacks, 0 MB globals, 16 P
gc 9594 @50.059s 4%: 0.14+0.56+0.10 ms clock, 2.3+0.68/0.83/0+1.6 ms cpu, 3->4->2 MB, 4 MB goal, 0 MB stacks, 0 MB globals, 16 P
gc 9595 @50.061s 4%: 0.089+0.63+0.17 ms clock, 1.4+0.54/0.74/0.015+2.8 ms cpu, 3->4->1 MB, 4 MB goal, 0 MB stacks, 0 MB globals, 16 P
gc 9596 @50.062s 4%: 0.13+0.65+0.13 ms clock, 2.1+0.60/1.0/0+2.1 ms cpu, 3->4->2 MB, 4 MB goal, 0 MB stacks, 0 MB globals, 16 P
gc 9597 @50.064s 4%: 0.17+0.50+0.12 ms clock, 2.8+0.62/0.79/0+1.9 ms cpu, 3->4->1 MB, 4 MB goal, 0 MB stacks, 0 MB globals, 16 P
gc 9598 @50.066s 4%: 0.11+0.66+0.098 ms clock, 1.8+0.73/0.79/0+1.5 ms cpu, 3->4->1 MB, 4 MB goal, 0 MB stacks, 0 MB globals, 16 P
gc 9599 @50.067s 4%: 0.10+0.57+0.10 ms clock, 1.7+0.57/0.93/0+1.6 ms cpu, 3->4->1 MB, 4 MB goal, 0 MB stacks, 0 MB globals, 16 P
gc 9600 @50.069s 4%: 0.15+0.54+0.21 ms clock, 2.4+0.53/0.91/0+3.4 ms cpu, 3->4->2 MB, 4 MB goal, 0 MB stacks, 0 MB globals, 16 P
gc 9601 @50.071s 4%: 0.10+0.76+0.093 ms clock, 1.6+0.66/0.73/0+1.4 ms cpu, 3->4->2 MB, 4 MB goal, 0 MB stacks, 0 MB globals, 16 P
gc 9602 @50.073s 4%: 0.11+0.49+0.19 ms clock, 1.7+0.50/0.85/0+3.1 ms cpu, 3->4->1 MB, 4 MB goal, 0 MB stacks, 0 MB globals, 16 P
gc 9603 @50.074s 4%: 0.12+0.52+0.11 ms clock, 1.9+0.56/0.76/0+1.8 ms cpu, 3->4->1 MB, 4 MB goal, 0 MB stacks, 0 MB globals, 16 P
gc 9604 @50.076s 4%: 0.16+0.87+0.048 ms clock, 2.7+0.76/0.96/0+0.78 ms cpu, 3->4->2 MB, 4 MB goal, 0 MB stacks, 0 MB globals, 16 P
gc 9605 @50.078s 4%: 0.12+0.59+0.19 ms clock, 1.9+0.79/0.69/0+3.1 ms cpu, 4->4->1 MB, 4 MB goal, 0 MB stacks, 0 MB globals, 16 P
gc 9606 @50.080s 4%: 0.12+0.62+0.10 ms clock, 2.0+0.59/0.85/0+1.6 ms cpu, 3->4->2 MB, 4 MB goal, 0 MB stacks, 0 MB globals, 16 P
gc 9607 @50.081s 4%: 0.13+0.67+0.074 ms clock, 2.1+0.68/0.79/0.052+1.1 ms cpu, 3->4->2 MB, 4 MB goal, 0 MB stacks, 0 MB globals, 16 P
gc 9608 @50.083s 4%: 0.10+0.53+0.080 ms clock, 1.6+0.48/0.82/0+1.2 ms cpu, 3->4->1 MB, 4 MB goal, 0 MB stacks, 0 MB globals, 16 P
gc 9609 @50.085s 4%: 0.21+0.54+0.16 ms clock, 3.4+0.54/1.0/0+2.6 ms cpu, 3->4->2 MB, 4 MB goal, 0 MB stacks, 0 MB globals, 16 P
gc 9610 @50.086s 4%: 0.12+0.54+0.097 ms clock, 1.9+0.57/0.79/0+1.5 ms cpu, 3->4->1 MB, 4 MB goal, 0 MB stacks, 0 MB globals, 16 P
gc 9611 @50.088s 4%: 0.15+0.52+0.12 ms clock, 2.5+0.62/0.83/0.021+1.9 ms cpu, 3->4->1 MB, 4 MB goal, 0 MB stacks, 0 MB globals, 16 P
gc 9612 @50.090s 4%: 0.15+0.61+0.096 ms clock, 2.4+0.63/0.80/0.011+1.5 ms cpu, 3->4->2 MB, 4 MB goal, 0 MB stacks, 0 MB globals, 16 P
gc 9613 @50.091s 4%: 0.11+0.51+0.11 ms clock, 1.8+0.51/0.85/0.013+1.9 ms cpu, 3->4->1 MB, 4 MB goal, 0 MB stacks, 0 MB globals, 16 P
gc 9614 @50.093s 4%: 0.14+0.63+0.11 ms clock, 2.2+0.63/0.95/0.004+1.8 ms cpu, 3->4->2 MB, 4 MB goal, 0 MB stacks, 0 MB globals, 16 P
gc 9615 @50.095s 4%: 0.16+0.52+0.11 ms clock, 2.5+0.64/0.88/0.004+1.8 ms cpu, 3->4->1 MB, 4 MB goal, 0 MB stacks, 0 MB globals, 16 P
gc 9616 @50.096s 4%: 0.10+0.58+0.10 ms clock, 1.6+0.77/0.85/0.002+1.6 ms cpu, 3->4->1 MB, 4 MB goal, 0 MB stacks, 0 MB globals, 16 P
gc 9617 @50.098s 4%: 0.12+0.50+0.060 ms clock, 1.9+0.58/0.81/0+0.96 ms cpu, 3->4->1 MB, 4 MB goal, 0 MB stacks, 0 MB globals, 16 P
gc 9618 @50.100s 4%: 0.11+0.78+0.10 ms clock, 1.8+0.58/0.79/0+1.7 ms cpu, 3->4->2 MB, 4 MB goal, 0 MB stacks, 0 MB globals, 16 P
gc 9619 @50.101s 4%: 0.072+0.58+0.081 ms clock, 1.1+0.52/0.78/0+1.2 ms cpu, 3->4->1 MB, 4 MB goal, 0 MB stacks, 0 MB globals, 16 P
gc 9620 @50.103s 4%: 0.099+0.65+0.096 ms clock, 1.5+0.60/0.73/0.030+1.5 ms cpu, 3->4->1 MB, 4 MB goal, 0 MB stacks, 0 MB globals, 16 P
gc 9621 @50.105s 4%: 0.13+0.56+0.10 ms clock, 2.1+0.61/0.86/0+1.6 ms cpu, 3->4->1 MB, 4 MB goal, 0 MB stacks, 0 MB globals, 16 P
gc 9622 @50.106s 4%: 0.12+0.56+0.081 ms clock, 2.0+0.61/0.96/0+1.3 ms cpu, 3->4->1 MB, 4 MB goal, 0 MB stacks, 0 MB globals, 16 P
gc 9623 @50.108s 4%: 0.15+0.49+0.14 ms clock, 2.4+0.61/0.80/0.011+2.2 ms cpu, 3->4->1 MB, 4 MB goal, 0 MB stacks, 0 MB globals, 16 P
gc 9624 @50.109s 4%: 0.10+0.45+0.13 ms clock, 1.6+0.45/0.85/0+2.1 ms cpu, 3->4->1 MB, 4 MB goal, 0 MB stacks, 0 MB globals, 16 P
gc 9625 @50.111s 4%: 0.20+0.52+0.15 ms clock, 3.3+0.54/0.80/0+2.4 ms cpu, 3->4->2 MB, 4 MB goal, 0 MB stacks, 0 MB globals, 16 P
gc 9626 @50.112s 4%: 0.10+0.52+0.11 ms clock, 1.6+0.70/0.80/0.11+1.8 ms cpu, 3->4->1 MB, 4 MB goal, 0 MB stacks, 0 MB globals, 16 P
gc 9627 @50.114s 4%: 0.11+0.50+0.11 ms clock, 1.8+0.63/0.93/0.023+1.8 ms cpu, 3->4->1 MB, 4 MB goal, 0 MB stacks, 0 MB globals, 16 P
gc 9628 @50.115s 4%: 0.11+0.66+0.10 ms clock, 1.7+0.50/0.86/0.027+1.7 ms cpu, 3->4->1 MB, 4 MB goal, 0 MB stacks, 0 MB globals, 16 P
gc 9629 @50.117s 4%: 0.095+0.56+0.093 ms clock, 1.5+0.45/0.86/0+1.4 ms cpu, 3->4->1 MB, 4 MB goal, 0 MB stacks, 0 MB globals, 16 P
gc 9630 @50.119s 4%: 0.14+0.72+0.11 ms clock, 2.3+0.69/0.83/0+1.9 ms cpu, 3->4->2 MB, 4 MB goal, 0 MB stacks, 0 MB globals, 16 P
gc 9631 @50.121s 4%: 0.14+0.72+0.074 ms clock, 2.3+0.59/1.0/0.048+1.1 ms cpu, 4->4->2 MB, 4 MB goal, 0 MB stacks, 0 MB globals, 16 P
gc 9632 @50.123s 4%: 0.15+0.49+0.096 ms clock, 2.4+0.58/0.79/0.006+1.5 ms cpu, 3->4->1 MB, 4 MB goal, 0 MB stacks, 0 MB globals, 16 P
gc 9633 @50.124s 4%: 0.18+0.46+0.061 ms clock, 3.0+0.60/0.81/0.029+0.98 ms cpu, 3->4->1 MB, 4 MB goal, 0 MB stacks, 0 MB globals, 16 P
gc 9634 @50.126s 4%: 0.12+0.62+0.065 ms clock, 2.0+0.58/0.82/0+1.0 ms cpu, 3->4->2 MB, 4 MB goal, 0 MB stacks, 0 MB globals, 16 P
gc 9635 @50.127s 4%: 0.19+0.51+0.12 ms clock, 3.1+0.63/0.77/0+1.9 ms cpu, 3->4->2 MB, 4 MB goal, 0 MB stacks, 0 MB globals, 16 P
gc 9636 @50.129s 4%: 0.14+0.66+0.081 ms clock, 2.2+0.65/0.84/0.001+1.2 ms cpu, 3->4->2 MB, 4 MB goal, 0 MB stacks, 0 MB globals, 16 P
gc 9637 @50.131s 4%: 0.13+0.45+0.12 ms clock, 2.1+0.68/0.78/0+1.9 ms cpu, 3->4->1 MB, 4 MB goal, 0 MB stacks, 0 MB globals, 16 P
gc 9638 @50.132s 4%: 0.093+0.58+0.085 ms clock, 1.4+0.58/0.92/0.012+1.3 ms cpu, 3->4->1 MB, 4 MB goal, 0 MB stacks, 0 MB globals, 16 P
gc 9639 @50.134s 4%: 0.18+0.54+0.12 ms clock, 2.9+0.62/0.81/0+1.9 ms cpu, 3->4->1 MB, 4 MB goal, 0 MB stacks, 0 MB globals, 16 P
gc 9640 @50.136s 4%: 0.14+0.52+0.11 ms clock, 2.2+0.70/0.93/0.030+1.8 ms cpu, 3->4->1 MB, 4 MB goal, 0 MB stacks, 0 MB globals, 16 P
gc 9641 @50.137s 4%: 0.18+0.51+0.16 ms clock, 2.9+0.67/0.91/0+2.6 ms cpu, 3->4->1 MB, 4 MB goal, 0 MB stacks, 0 MB globals, 16 P
gc 9642 @50.139s 4%: 0.14+0.53+0.16 ms clock, 2.3+0.73/0.85/0+2.6 ms cpu, 3->4->2 MB, 4 MB goal, 0 MB stacks, 0 MB globals, 16 P
gc 9643 @50.141s 4%: 0.17+0.62+0.10 ms clock, 2.8+0.78/0.72/0+1.7 ms cpu, 3->4->2 MB, 4 MB goal, 0 MB stacks, 0 MB globals, 16 P
gc 9644 @50.143s 4%: 0.12+0.69+0.099 ms clock, 1.9+0.63/0.91/0.003+1.5 ms cpu, 3->4->2 MB, 4 MB goal, 0 MB stacks, 0 MB globals, 16 P
gc 9645 @50.145s 4%: 0.094+0.88+0.10 ms clock, 1.5+0.54/0.84/0.015+1.7 ms cpu, 3->4->2 MB, 4 MB goal, 0 MB stacks, 0 MB globals, 16 P
gc 9646 @50.147s 4%: 0.11+0.53+0.16 ms clock, 1.8+0.67/0.86/0+2.6 ms cpu, 3->4->2 MB, 4 MB goal, 0 MB stacks, 0 MB globals, 16 P
gc 9647 @50.148s 4%: 0.10+0.69+0.093 ms clock, 1.7+0.59/0.77/0.10+1.5 ms cpu, 3->4->2 MB, 4 MB goal, 0 MB stacks, 0 MB globals, 16 P
gc 9648 @50.150s 4%: 0.17+0.46+0.12 ms clock, 2.8+0.68/0.77/0+1.9 ms cpu, 3->4->1 MB, 4 MB goal, 0 MB stacks, 0 MB globals, 16 P
gc 9649 @50.152s 4%: 0.11+0.62+0.15 ms clock, 1.7+0.61/0.91/0+2.4 ms cpu, 3->4->2 MB, 4 MB goal, 0 MB stacks, 0 MB globals, 16 P
gc 9650 @50.154s 4%: 0.10+0.56+0.094 ms clock, 1.6+0.56/0.84/0.003+1.5 ms cpu, 3->4->1 MB, 4 MB goal, 0 MB stacks, 0 MB globals, 16 P
gc 9651 @50.155s 4%: 0.19+0.48+0.13 ms clock, 3.1+0.68/0.85/0+2.0 ms cpu, 3->4->1 MB, 4 MB goal, 0 MB stacks, 0 MB globals, 16 P
gc 9652 @50.157s 4%: 0.12+0.82+0.10 ms clock, 1.9+0.53/1.0/0.003+1.6 ms cpu, 3->4->2 MB, 4 MB goal, 0 MB stacks, 0 MB globals, 16 P
gc 9653 @50.159s 4%: 0.17+0.53+0.090 ms clock, 2.7+0.66/0.78/0+1.4 ms cpu, 4->4->1 MB, 4 MB goal, 0 MB stacks, 0 MB globals, 16 P
gc 9654 @50.161s 4%: 0.16+0.65+0.10 ms clock, 2.6+0.70/0.79/0.001+1.6 ms cpu, 3->4->2 MB, 4 MB goal, 0 MB stacks, 0 MB globals, 16 P
gc 9655 @50.162s 4%: 0.13+0.59+0.10 ms clock, 2.0+0.61/0.87/0+1.7 ms cpu, 3->4->2 MB, 4 MB goal, 0 MB stacks, 0 MB globals, 16 P
gc 9656 @50.164s 4%: 0.11+0.59+0.11 ms clock, 1.9+0.68/0.77/0+1.8 ms cpu, 3->4->2 MB, 4 MB goal, 0 MB stacks, 0 MB globals, 16 P
gc 9657 @50.166s 4%: 0.11+0.69+0.12 ms clock, 1.8+0.56/0.88/0+1.9 ms cpu, 3->4->2 MB, 4 MB goal, 0 MB stacks, 0 MB globals, 16 P
gc 9658 @50.168s 4%: 0.11+0.65+0.077 ms clock, 1.7+0.60/0.88/0+1.2 ms cpu, 3->4->2 MB, 4 MB goal, 0 MB stacks, 0 MB globals, 16 P
gc 9659 @50.170s 4%: 0.16+0.59+0.13 ms clock, 2.6+0.57/0.90/0.003+2.2 ms cpu, 3->4->2 MB, 4 MB goal, 0 MB stacks, 0 MB globals, 16 P
gc 9660 @50.171s 4%: 0.22+0.65+0.11 ms clock, 3.5+0.62/0.87/0.008+1.8 ms cpu, 3->4->2 MB, 4 MB goal, 0 MB stacks, 0 MB globals, 16 P
gc 9661 @50.173s 4%: 0.10+1.0+0.029 ms clock, 1.6+0.60/0.95/0.022+0.47 ms cpu, 3->4->2 MB, 4 MB goal, 0 MB stacks, 0 MB globals, 16 P
gc 9662 @50.175s 4%: 0.098+0.58+0.11 ms clock, 1.5+0.73/0.78/0.10+1.7 ms cpu, 4->4->1 MB, 5 MB goal, 0 MB stacks, 0 MB globals, 16 P
gc 9663 @50.177s 4%: 0.095+0.55+0.11 ms clock, 1.5+0.60/0.93/0.032+1.8 ms cpu, 3->4->1 MB, 4 MB goal, 0 MB stacks, 0 MB globals, 16 P
gc 9664 @50.179s 4%: 0.096+0.57+0.085 ms clock, 1.5+0.53/0.88/0.001+1.3 ms cpu, 3->4->1 MB, 4 MB goal, 0 MB stacks, 0 MB globals, 16 P
gc 9665 @50.180s 4%: 0.11+0.54+0.16 ms clock, 1.8+0.59/0.88/0+2.6 ms cpu, 3->4->1 MB, 4 MB goal, 0 MB stacks, 0 MB globals, 16 P
gc 9666 @50.182s 4%: 0.15+0.64+0.12 ms clock, 2.5+0.49/0.92/0.022+1.9 ms cpu, 3->4->2 MB, 4 MB goal, 0 MB stacks, 0 MB globals, 16 P
gc 9667 @50.184s 4%: 0.14+0.59+0.14 ms clock, 2.3+0.70/0.73/0.010+2.2 ms cpu, 3->4->1 MB, 4 MB goal, 0 MB stacks, 0 MB globals, 16 P
gc 9668 @50.185s 4%: 0.18+0.58+0.14 ms clock, 3.0+0.69/0.87/0+2.3 ms cpu, 3->4->2 MB, 4 MB goal, 0 MB stacks, 0 MB globals, 16 P
gc 9669 @50.187s 4%: 0.11+0.75+0.10 ms clock, 1.8+0.66/1.0/0+1.6 ms cpu, 3->4->2 MB, 4 MB goal, 0 MB stacks, 0 MB globals, 16 P
gc 9670 @50.189s 4%: 0.10+0.57+0.11 ms clock, 1.6+0.50/0.85/0+1.8 ms cpu, 3->4->1 MB, 4 MB goal, 0 MB stacks, 0 MB globals, 16 P
gc 9671 @50.191s 4%: 0.11+0.69+0.072 ms clock, 1.9+0.61/0.99/0.003+1.1 ms cpu, 3->4->2 MB, 4 MB goal, 0 MB stacks, 0 MB globals, 16 P
gc 9672 @50.193s 4%: 0.13+0.61+0.12 ms clock, 2.2+0.47/0.80/0.006+2.0 ms cpu, 3->4->2 MB, 4 MB goal, 0 MB stacks, 0 MB globals, 16 P
gc 9673 @50.194s 4%: 0.11+0.72+0.10 ms clock, 1.9+0.54/1.0/0.026+1.6 ms cpu, 3->4->2 MB, 4 MB goal, 0 MB stacks, 0 MB globals, 16 P
gc 9674 @50.196s 4%: 0.13+0.66+0.091 ms clock, 2.0+0.59/0.79/0+1.4 ms cpu, 3->4->2 MB, 4 MB goal, 0 MB stacks, 0 MB globals, 16 P
gc 9675 @50.198s 4%: 0.17+0.65+0.11 ms clock, 2.8+0.57/1.0/0+1.8 ms cpu, 3->4->2 MB, 4 MB goal, 0 MB stacks, 0 MB globals, 16 P
gc 9676 @50.200s 4%: 0.14+0.60+0.12 ms clock, 2.3+0.63/0.86/0+1.9 ms cpu, 3->4->2 MB, 4 MB goal, 0 MB stacks, 0 MB globals, 16 P
gc 9677 @50.202s 4%: 0.11+0.78+0.085 ms clock, 1.8+0.80/0.85/0.008+1.3 ms cpu, 3->4->2 MB, 4 MB goal, 0 MB stacks, 0 MB globals, 16 P
gc 9678 @50.204s 4%: 0.14+0.60+0.14 ms clock, 2.3+0.53/0.84/0+2.3 ms cpu, 4->4->2 MB, 4 MB goal, 0 MB stacks, 0 MB globals, 16 P
gc 9679 @50.206s 4%: 0.12+0.49+0.14 ms clock, 2.0+0.62/0.88/0+2.2 ms cpu, 3->4->1 MB, 4 MB goal, 0 MB stacks, 0 MB globals, 16 P
gc 9680 @50.207s 4%: 0.17+0.62+0.12 ms clock, 2.8+0.59/0.91/0.025+1.9 ms cpu, 3->4->2 MB, 4 MB goal, 0 MB stacks, 0 MB globals, 16 P
gc 9681 @50.209s 4%: 0.15+0.60+0.050 ms clock, 2.4+0.70/0.73/0.040+0.80 ms cpu, 3->4->2 MB, 4 MB goal, 0 MB stacks, 0 MB globals, 16 P
gc 9682 @50.211s 4%: 0.12+0.69+0.12 ms clock, 2.0+0.74/0.73/0+1.9 ms cpu, 3->4->2 MB, 4 MB goal, 0 MB stacks, 0 MB globals, 16 P
gc 9683 @50.213s 4%: 0.11+0.53+0.092 ms clock, 1.9+0.54/0.82/0.010+1.4 ms cpu, 3->4->2 MB, 4 MB goal, 0 MB stacks, 0 MB globals, 16 P
gc 9684 @50.215s 4%: 0.11+0.67+0.14 ms clock, 1.8+0.57/0.87/0+2.2 ms cpu, 3->4->2 MB, 4 MB goal, 0 MB stacks, 0 MB globals, 16 P
gc 9685 @50.216s 4%: 0.12+0.63+0.067 ms clock, 2.0+0.61/0.82/0+1.0 ms cpu, 3->4->2 MB, 4 MB goal, 0 MB stacks, 0 MB globals, 16 P
gc 9686 @50.218s 4%: 0.15+0.65+0.038 ms clock, 2.4+0.48/0.94/0+0.61 ms cpu, 3->4->2 MB, 4 MB goal, 0 MB stacks, 0 MB globals, 16 P
gc 9687 @50.220s 4%: 0.13+0.54+0.12 ms clock, 2.1+0.66/0.76/0.046+1.9 ms cpu, 3->4->1 MB, 4 MB goal, 0 MB stacks, 0 MB globals, 16 P
gc 9688 @50.222s 4%: 0.10+0.61+0.10 ms clock, 1.7+0.63/1.0/0.002+1.7 ms cpu, 3->4->1 MB, 4 MB goal, 0 MB stacks, 0 MB globals, 16 P
gc 9689 @50.223s 4%: 0.17+0.67+0.12 ms clock, 2.8+0.59/0.77/0+2.0 ms cpu, 3->4->2 MB, 4 MB goal, 0 MB stacks, 0 MB globals, 16 P
gc 9690 @50.225s 4%: 0.13+0.61+0.18 ms clock, 2.1+0.54/0.84/0.089+2.9 ms cpu, 3->4->2 MB, 4 MB goal, 0 MB stacks, 0 MB globals, 16 P
gc 9691 @50.227s 4%: 0.13+0.59+0.15 ms clock, 2.1+0.48/0.85/0+2.4 ms cpu, 3->4->2 MB, 4 MB goal, 0 MB stacks, 0 MB globals, 16 P
gc 9692 @50.229s 4%: 0.16+0.72+0.069 ms clock, 2.6+0.76/0.89/0.001+1.1 ms cpu, 3->4->2 MB, 4 MB goal, 0 MB stacks, 0 MB globals, 16 P
gc 9693 @50.231s 4%: 0.13+0.59+0.12 ms clock, 2.1+0.56/0.84/0+1.9 ms cpu, 3->4->2 MB, 4 MB goal, 0 MB stacks, 0 MB globals, 16 P
gc 9694 @50.233s 4%: 0.12+0.47+0.090 ms clock, 1.9+0.46/0.70/0.001+1.4 ms cpu, 3->4->1 MB, 4 MB goal, 0 MB stacks, 0 MB globals, 16 P
gc 9695 @50.234s 4%: 0.16+0.49+0.16 ms clock, 2.5+0.66/0.86/0+2.7 ms cpu, 3->4->1 MB, 4 MB goal, 0 MB stacks, 0 MB globals, 16 P
gc 9696 @50.236s 4%: 0.12+0.47+0.14 ms clock, 2.0+0.65/0.79/0.004+2.3 ms cpu, 3->4->1 MB, 4 MB goal, 0 MB stacks, 0 MB globals, 16 P
gc 9697 @50.237s 4%: 0.13+0.61+0.12 ms clock, 2.1+0.68/0.86/0+2.0 ms cpu, 3->4->2 MB, 4 MB goal, 0 MB stacks, 0 MB globals, 16 P
gc 9698 @50.239s 4%: 0.16+0.44+0.14 ms clock, 2.6+0.52/0.79/0+2.3 ms cpu, 3->4->1 MB, 4 MB goal, 0 MB stacks, 0 MB globals, 16 P
gc 9699 @50.240s 4%: 0.16+0.59+0.14 ms clock, 2.6+0.67/0.82/0.011+2.2 ms cpu, 3->4->1 MB, 4 MB goal, 0 MB stacks, 0 MB globals, 16 P
gc 9700 @50.242s 4%: 0.17+0.53+0.13 ms clock, 2.7+0.60/0.88/0+2.1 ms cpu, 3->4->2 MB, 4 MB goal, 0 MB stacks, 0 MB globals, 16 P
gc 9701 @50.244s 4%: 0.14+0.58+0.12 ms clock, 2.2+0.59/0.74/0+2.0 ms cpu, 3->4->1 MB, 4 MB goal, 0 MB stacks, 0 MB globals, 16 P
gc 9702 @50.245s 4%: 0.12+0.53+0.11 ms clock, 2.0+0.66/0.82/0.003+1.8 ms cpu, 3->4->1 MB, 4 MB goal, 0 MB stacks, 0 MB globals, 16 P
gc 9703 @50.247s 4%: 0.14+0.57+0.12 ms clock, 2.2+0.67/0.80/0+2.0 ms cpu, 3->4->2 MB, 4 MB goal, 0 MB stacks, 0 MB globals, 16 P
gc 9704 @50.249s 4%: 0.15+0.59+0.062 ms clock, 2.5+0.38/0.90/0+0.99 ms cpu, 3->4->1 MB, 4 MB goal, 0 MB stacks, 0 MB globals, 16 P
gc 9705 @50.250s 4%: 0.17+0.60+0.14 ms clock, 2.8+0.70/0.79/0+2.3 ms cpu, 3->4->1 MB, 4 MB goal, 0 MB stacks, 0 MB globals, 16 P
gc 9706 @50.252s 4%: 0.19+0.49+0.16 ms clock, 3.1+0.61/0.78/0+2.6 ms cpu, 3->4->2 MB, 4 MB goal, 0 MB stacks, 0 MB globals, 16 P
gc 9707 @50.254s 4%: 0.12+0.57+0.091 ms clock, 1.9+0.61/0.98/0+1.4 ms cpu, 3->4->1 MB, 4 MB goal, 0 MB stacks, 0 MB globals, 16 P
gc 9708 @50.256s 4%: 0.099+0.59+0.10 ms clock, 1.5+0.60/0.79/0+1.6 ms cpu, 3->4->1 MB, 4 MB goal, 0 MB stacks, 0 MB globals, 16 P
gc 9709 @50.257s 4%: 0.18+0.57+0.15 ms clock, 2.9+0.72/0.74/0.007+2.5 ms cpu, 3->4->1 MB, 4 MB goal, 0 MB stacks, 0 MB globals, 16 P
gc 9710 @50.259s 4%: 0.16+0.61+0.10 ms clock, 2.7+0.61/0.72/0+1.6 ms cpu, 3->4->1 MB, 4 MB goal, 0 MB stacks, 0 MB globals, 16 P
gc 9711 @50.261s 4%: 0.16+0.75+0.091 ms clock, 2.6+0.85/0.71/0.025+1.4 ms cpu, 3->4->2 MB, 4 MB goal, 0 MB stacks, 0 MB globals, 16 P
gc 9712 @50.263s 4%: 0.10+0.48+0.10 ms clock, 1.6+0.60/0.74/0.030+1.6 ms cpu, 4->4->1 MB, 4 MB goal, 0 MB stacks, 0 MB globals, 16 P
gc 9713 @50.264s 4%: 0.089+0.54+0.096 ms clock, 1.4+0.54/0.79/0.011+1.5 ms cpu, 3->4->1 MB, 4 MB goal, 0 MB stacks, 0 MB globals, 16 P
gc 9714 @50.266s 4%: 0.12+0.65+0.071 ms clock, 1.9+0.65/0.82/0+1.1 ms cpu, 3->4->2 MB, 4 MB goal, 0 MB stacks, 0 MB globals, 16 P
gc 9715 @50.268s 4%: 0.13+0.49+0.069 ms clock, 2.1+0.60/0.79/0.002+1.1 ms cpu, 3->4->1 MB, 4 MB goal, 0 MB stacks, 0 MB globals, 16 P
gc 9716 @50.269s 4%: 0.11+0.55+0.13 ms clock, 1.8+0.57/0.82/0.002+2.1 ms cpu, 3->4->2 MB, 4 MB goal, 0 MB stacks, 0 MB globals, 16 P
gc 9717 @50.271s 4%: 0.11+0.68+0.093 ms clock, 1.8+0.55/0.78/0+1.4 ms cpu, 3->4->2 MB, 4 MB goal, 0 MB stacks, 0 MB globals, 16 P
gc 9718 @50.272s 4%: 0.14+0.50+0.080 ms clock, 2.3+0.58/0.84/0+1.2 ms cpu, 3->4->1 MB, 4 MB goal, 0 MB stacks, 0 MB globals, 16 P
gc 9719 @50.274s 4%: 0.10+0.68+0.10 ms clock, 1.7+0.50/0.90/0.004+1.7 ms cpu, 3->4->2 MB, 4 MB goal, 0 MB stacks, 0 MB globals, 16 P
gc 9720 @50.276s 4%: 0.11+0.64+0.030 ms clock, 1.7+0.63/0.92/0+0.49 ms cpu, 3->4->1 MB, 4 MB goal, 0 MB stacks, 0 MB globals, 16 P
gc 9721 @50.277s 4%: 0.15+0.53+0.15 ms clock, 2.4+0.68/0.77/0.019+2.4 ms cpu, 3->4->1 MB, 4 MB goal, 0 MB stacks, 0 MB globals, 16 P
gc 9722 @50.279s 4%: 0.13+0.59+0.081 ms clock, 2.1+0.52/0.80/0+1.2 ms cpu, 3->4->1 MB, 4 MB goal, 0 MB stacks, 0 MB globals, 16 P
gc 9723 @50.281s 4%: 0.16+0.53+0.082 ms clock, 2.7+0.63/0.83/0+1.3 ms cpu, 3->4->1 MB, 4 MB goal, 0 MB stacks, 0 MB globals, 16 P
gc 9724 @50.283s 4%: 0.13+0.48+0.17 ms clock, 2.2+0.70/0.79/0+2.7 ms cpu, 3->4->1 MB, 4 MB goal, 0 MB stacks, 0 MB globals, 16 P
gc 9725 @50.284s 4%: 0.12+0.54+0.10 ms clock, 1.9+0.62/0.88/0.009+1.7 ms cpu, 3->4->2 MB, 4 MB goal, 0 MB stacks, 0 MB globals, 16 P
gc 9726 @50.286s 4%: 0.12+0.73+0.096 ms clock, 1.9+0.61/0.95/0+1.5 ms cpu, 3->4->2 MB, 4 MB goal, 0 MB stacks, 0 MB globals, 16 P
gc 9727 @50.288s 4%: 0.15+0.75+0.071 ms clock, 2.5+0.52/0.92/0.012+1.1 ms cpu, 3->4->2 MB, 4 MB goal, 0 MB stacks, 0 MB globals, 16 P
gc 9728 @50.290s 4%: 0.12+0.71+0.071 ms clock, 1.9+0.57/0.89/0.023+1.1 ms cpu, 4->4->2 MB, 4 MB goal, 0 MB stacks, 0 MB globals, 16 P
gc 9729 @50.292s 4%: 0.12+0.69+0.13 ms clock, 1.9+0.70/0.88/0.011+2.1 ms cpu, 3->4->2 MB, 4 MB goal, 0 MB stacks, 0 MB globals, 16 P
gc 9730 @50.294s 4%: 0.11+0.48+0.10 ms clock, 1.7+0.50/0.78/0+1.7 ms cpu, 3->4->1 MB, 4 MB goal, 0 MB stacks, 0 MB globals, 16 P
gc 9731 @50.295s 4%: 0.097+0.71+0.061 ms clock, 1.5+0.65/0.83/0.005+0.97 ms cpu, 3->4->2 MB, 4 MB goal, 0 MB stacks, 0 MB globals, 16 P
gc 9732 @50.297s 4%: 0.10+0.53+0.12 ms clock, 1.7+0.51/0.83/0.032+2.0 ms cpu, 3->4->1 MB, 4 MB goal, 0 MB stacks, 0 MB globals, 16 P
gc 9733 @50.299s 4%: 0.10+0.45+0.15 ms clock, 1.7+0.54/0.73/0.034+2.4 ms cpu, 3->4->1 MB, 4 MB goal, 0 MB stacks, 0 MB globals, 16 P
gc 9734 @50.300s 4%: 0.12+0.54+0.081 ms clock, 1.9+0.59/0.82/0.003+1.3 ms cpu, 3->4->1 MB, 4 MB goal, 0 MB stacks, 0 MB globals, 16 P
gc 9735 @50.302s 4%: 0.12+0.50+0.16 ms clock, 1.9+0.51/0.94/0.001+2.6 ms cpu, 3->4->1 MB, 4 MB goal, 0 MB stacks, 0 MB globals, 16 P
gc 9736 @50.303s 4%: 0.087+0.46+0.14 ms clock, 1.3+0.45/0.82/0.026+2.3 ms cpu, 3->4->1 MB, 4 MB goal, 0 MB stacks, 0 MB globals, 16 P
gc 9737 @50.305s 4%: 0.13+0.92+0.10 ms clock, 2.2+0.54/0.84/0+1.6 ms cpu, 3->4->2 MB, 4 MB goal, 0 MB stacks, 0 MB globals, 16 P
gc 9738 @50.307s 4%: 0.17+0.50+0.11 ms clock, 2.8+0.72/0.72/0+1.9 ms cpu, 4->4->1 MB, 4 MB goal, 0 MB stacks, 0 MB globals, 16 P
gc 9739 @50.309s 4%: 0.11+0.74+0.072 ms clock, 1.8+0.60/0.69/0+1.1 ms cpu, 3->4->2 MB, 4 MB goal, 0 MB stacks, 0 MB globals, 16 P
gc 9740 @50.310s 4%: 0.10+0.50+0.11 ms clock, 1.6+0.60/0.78/0.037+1.8 ms cpu, 3->4->1 MB, 4 MB goal, 0 MB stacks, 0 MB globals, 16 P
gc 9741 @50.312s 4%: 0.11+0.55+0.11 ms clock, 1.9+0.63/0.79/0+1.8 ms cpu, 3->4->1 MB, 4 MB goal, 0 MB stacks, 0 MB globals, 16 P
gc 9742 @50.313s 4%: 0.13+0.65+0.051 ms clock, 2.1+0.61/0.76/0+0.82 ms cpu, 3->4->1 MB, 4 MB goal, 0 MB stacks, 0 MB globals, 16 P
gc 9743 @50.315s 4%: 0.11+0.65+0.084 ms clock, 1.8+0.61/0.81/0.017+1.3 ms cpu, 3->4->1 MB, 4 MB goal, 0 MB stacks, 0 MB globals, 16 P
gc 9744 @50.317s 4%: 0.11+0.58+0.074 ms clock, 1.8+0.52/0.97/0+1.1 ms cpu, 3->4->2 MB, 4 MB goal, 0 MB stacks, 0 MB globals, 16 P
gc 9745 @50.318s 4%: 0.10+0.62+0.090 ms clock, 1.6+0.49/0.79/0+1.4 ms cpu, 3->4->1 MB, 4 MB goal, 0 MB stacks, 0 MB globals, 16 P
gc 9746 @50.320s 4%: 0.16+0.58+0.093 ms clock, 2.7+0.63/0.77/0+1.4 ms cpu, 3->4->2 MB, 4 MB goal, 0 MB stacks, 0 MB globals, 16 P
gc 9747 @50.322s 4%: 0.17+0.75+0.075 ms clock, 2.7+0.68/0.83/0+1.2 ms cpu, 3->4->2 MB, 4 MB goal, 0 MB stacks, 0 MB globals, 16 P
gc 9748 @50.324s 4%: 0.10+0.61+0.095 ms clock, 1.6+0.42/0.91/0.017+1.5 ms cpu, 3->4->1 MB, 4 MB goal, 0 MB stacks, 0 MB globals, 16 P
gc 9749 @50.325s 4%: 0.099+0.71+0.072 ms clock, 1.5+0.56/0.84/0+1.1 ms cpu, 3->4->2 MB, 4 MB goal, 0 MB stacks, 0 MB globals, 16 P
gc 9750 @50.327s 4%: 0.12+0.70+0.071 ms clock, 1.9+0.40/0.96/0.022+1.1 ms cpu, 3->4->2 MB, 4 MB goal, 0 MB stacks, 0 MB globals, 16 P
gc 9751 @50.329s 4%: 0.092+0.52+0.20 ms clock, 1.4+0.49/0.80/0+3.3 ms cpu, 3->4->1 MB, 4 MB goal, 0 MB stacks, 0 MB globals, 16 P
gc 9752 @50.330s 4%: 0.15+0.69+0.085 ms clock, 2.4+0.69/0.98/0+1.3 ms cpu, 3->4->2 MB, 4 MB goal, 0 MB stacks, 0 MB globals, 16 P
gc 9753 @50.332s 4%: 0.10+0.60+0.11 ms clock, 1.7+0.58/0.89/0.001+1.8 ms cpu, 3->4->1 MB, 4 MB goal, 0 MB stacks, 0 MB globals, 16 P
gc 9754 @50.334s 4%: 0.12+0.64+0.10 ms clock, 1.9+0.59/0.83/0.004+1.6 ms cpu, 3->4->1 MB, 4 MB goal, 0 MB stacks, 0 MB globals, 16 P
gc 9755 @50.336s 4%: 0.11+0.54+0.17 ms clock, 1.8+0.59/0.72/0.001+2.8 ms cpu, 3->4->1 MB, 4 MB goal, 0 MB stacks, 0 MB globals, 16 P
gc 9756 @50.337s 4%: 0.15+0.77+0.095 ms clock, 2.5+0.57/1.0/0+1.5 ms cpu, 3->4->2 MB, 4 MB goal, 0 MB stacks, 0 MB globals, 16 P
gc 9757 @50.339s 4%: 0.10+0.48+0.15 ms clock, 1.7+0.50/0.82/0+2.4 ms cpu, 4->4->1 MB, 4 MB goal, 0 MB stacks, 0 MB globals, 16 P
gc 9758 @50.341s 4%: 0.13+0.67+0.15 ms clock, 2.0+0.57/0.84/0+2.4 ms cpu, 3->4->2 MB, 4 MB goal, 0 MB stacks, 0 MB globals, 16 P
gc 9759 @50.342s 4%: 0.12+0.72+0.092 ms clock, 1.9+0.55/0.78/0+1.4 ms cpu, 3->4->2 MB, 4 MB goal, 0 MB stacks, 0 MB globals, 16 P
gc 9760 @50.344s 4%: 0.11+0.54+0.16 ms clock, 1.8+0.42/0.89/0.18+2.6 ms cpu, 3->4->2 MB, 4 MB goal, 0 MB stacks, 0 MB globals, 16 P
gc 9761 @50.346s 4%: 0.14+0.57+0.12 ms clock, 2.3+0.71/0.75/0+1.9 ms cpu, 3->4->1 MB, 4 MB goal, 0 MB stacks, 0 MB globals, 16 P
gc 9762 @50.348s 4%: 0.19+0.60+0.13 ms clock, 3.1+0.54/0.87/0+2.0 ms cpu, 3->4->2 MB, 4 MB goal, 0 MB stacks, 0 MB globals, 16 P
gc 9763 @50.349s 4%: 0.10+0.70+0.082 ms clock, 1.6+0.51/0.95/0+1.3 ms cpu, 3->4->2 MB, 4 MB goal, 0 MB stacks, 0 MB globals, 16 P
gc 9764 @50.351s 4%: 0.10+0.60+0.082 ms clock, 1.7+0.41/0.98/0+1.3 ms cpu, 3->4->1 MB, 4 MB goal, 0 MB stacks, 0 MB globals, 16 P
gc 9765 @50.353s 4%: 0.13+0.74+0.071 ms clock, 2.1+0.57/0.87/0.004+1.1 ms cpu, 3->4->1 MB, 4 MB goal, 0 MB stacks, 0 MB globals, 16 P
gc 9766 @50.355s 4%: 0.15+0.63+0.094 ms clock, 2.4+0.46/0.94/0.001+1.5 ms cpu, 3->4->2 MB, 4 MB goal, 0 MB stacks, 0 MB globals, 16 P
gc 9767 @50.356s 4%: 0.12+0.59+0.12 ms clock, 2.0+0.70/0.82/0+2.0 ms cpu, 3->4->2 MB, 4 MB goal, 0 MB stacks, 0 MB globals, 16 P
gc 9768 @50.358s 4%: 0.14+0.81+0.021 ms clock, 2.3+0.62/0.96/0.023+0.33 ms cpu, 3->4->2 MB, 4 MB goal, 0 MB stacks, 0 MB globals, 16 P
gc 9769 @50.360s 4%: 0.18+0.82+0.069 ms clock, 2.9+0.67/0.76/0.003+1.1 ms cpu, 3->4->2 MB, 4 MB goal, 0 MB stacks, 0 MB globals, 16 P
gc 9770 @50.362s 4%: 0.16+0.57+0.11 ms clock, 2.5+0.67/0.90/0.046+1.8 ms cpu, 3->4->1 MB, 4 MB goal, 0 MB stacks, 0 MB globals, 16 P
gc 9771 @50.364s 4%: 0.12+0.58+0.20 ms clock, 1.9+0.70/1.0/0+3.2 ms cpu, 3->4->2 MB, 4 MB goal, 0 MB stacks, 0 MB globals, 16 P
gc 9772 @50.366s 4%: 0.11+0.71+0.085 ms clock, 1.8+0.52/0.80/0.008+1.3 ms cpu, 3->4->2 MB, 4 MB goal, 0 MB stacks, 0 MB globals, 16 P
gc 9773 @50.367s 4%: 0.20+0.60+0.11 ms clock, 3.2+0.69/0.82/0+1.9 ms cpu, 3->4->2 MB, 4 MB goal, 0 MB stacks, 0 MB globals, 16 P
gc 9774 @50.369s 4%: 0.10+0.65+0.070 ms clock, 1.6+0.51/0.83/0+1.1 ms cpu, 3->4->2 MB, 4 MB goal, 0 MB stacks, 0 MB globals, 16 P
gc 9775 @50.371s 4%: 0.11+0.50+0.15 ms clock, 1.9+0.67/0.80/0+2.4 ms cpu, 3->4->1 MB, 4 MB goal, 0 MB stacks, 0 MB globals, 16 P
gc 9776 @50.373s 4%: 0.18+0.60+0.059 ms clock, 2.9+0.54/0.87/0+0.94 ms cpu, 3->4->1 MB, 4 MB goal, 0 MB stacks, 0 MB globals, 16 P
gc 9777 @50.374s 4%: 0.15+0.53+0.11 ms clock, 2.5+0.58/0.80/0+1.7 ms cpu, 3->4->1 MB, 4 MB goal, 0 MB stacks, 0 MB globals, 16 P
gc 9778 @50.376s 4%: 0.11+0.54+0.17 ms clock, 1.7+0.68/0.83/0+2.8 ms cpu, 3->4->1 MB, 4 MB goal, 0 MB stacks, 0 MB globals, 16 P
gc 9779 @50.377s 4%: 0.079+0.50+0.10 ms clock, 1.2+0.51/0.83/0.046+1.7 ms cpu, 3->4->1 MB, 4 MB goal, 0 MB stacks, 0 MB globals, 16 P
gc 9780 @50.379s 4%: 0.12+0.66+0.12 ms clock, 2.0+0.76/0.77/0+1.9 ms cpu, 3->4->2 MB, 4 MB goal, 0 MB stacks, 0 MB globals, 16 P
gc 9781 @50.381s 4%: 0.19+0.65+0.089 ms clock, 3.0+0.62/0.83/0+1.4 ms cpu, 3->4->2 MB, 4 MB goal, 0 MB stacks, 0 MB globals, 16 P
gc 9782 @50.383s 4%: 0.13+0.53+0.12 ms clock, 2.1+0.50/0.95/0.002+2.0 ms cpu, 3->4->1 MB, 4 MB goal, 0 MB stacks, 0 MB globals, 16 P
gc 9783 @50.384s 4%: 0.11+0.49+0.18 ms clock, 1.9+0.55/0.88/0+2.9 ms cpu, 3->4->1 MB, 4 MB goal, 0 MB stacks, 0 MB globals, 16 P
gc 9784 @50.386s 4%: 0.12+0.61+0.10 ms clock, 1.9+0.69/0.85/0+1.7 ms cpu, 3->4->2 MB, 4 MB goal, 0 MB stacks, 0 MB globals, 16 P
gc 9785 @50.388s 4%: 0.14+0.62+0.10 ms clock, 2.3+0.63/0.94/0+1.6 ms cpu, 3->4->2 MB, 4 MB goal, 0 MB stacks, 0 MB globals, 16 P
gc 9786 @50.390s 4%: 0.13+0.48+0.15 ms clock, 2.0+0.61/0.78/0+2.4 ms cpu, 3->4->1 MB, 4 MB goal, 0 MB stacks, 0 MB globals, 16 P
gc 9787 @50.391s 4%: 0.17+0.88+0.11 ms clock, 2.8+0.56/0.76/0.027+1.7 ms cpu, 3->4->2 MB, 4 MB goal, 0 MB stacks, 0 MB globals, 16 P
gc 9788 @50.393s 4%: 0.10+0.46+0.17 ms clock, 1.7+0.61/0.79/0+2.7 ms cpu, 4->4->1 MB, 4 MB goal, 0 MB stacks, 0 MB globals, 16 P
gc 9789 @50.395s 4%: 0.19+0.65+0.10 ms clock, 3.0+0.71/0.87/0.009+1.6 ms cpu, 3->4->2 MB, 4 MB goal, 0 MB stacks, 0 MB globals, 16 P
gc 9790 @50.397s 4%: 0.12+0.63+0.12 ms clock, 1.9+0.63/0.81/0.012+2.0 ms cpu, 3->4->2 MB, 4 MB goal, 0 MB stacks, 0 MB globals, 16 P
gc 9791 @50.398s 4%: 0.14+0.61+0.10 ms clock, 2.3+0.59/0.96/0+1.7 ms cpu, 3->4->2 MB, 4 MB goal, 0 MB stacks, 0 MB globals, 16 P
gc 9792 @50.400s 4%: 0.11+0.43+0.12 ms clock, 1.7+0.59/0.75/0.097+1.9 ms cpu, 3->4->1 MB, 4 MB goal, 0 MB stacks, 0 MB globals, 16 P
gc 9793 @50.402s 4%: 0.18+0.68+0.063 ms clock, 2.9+0.68/0.86/0.014+1.0 ms cpu, 3->4->2 MB, 4 MB goal, 0 MB stacks, 0 MB globals, 16 P
gc 9794 @50.404s 4%: 0.12+0.84+0.11 ms clock, 1.9+0.60/0.72/0.050+1.7 ms cpu, 3->4->2 MB, 4 MB goal, 0 MB stacks, 0 MB globals, 16 P
gc 9795 @50.406s 4%: 0.11+0.52+0.076 ms clock, 1.8+0.58/0.84/0+1.2 ms cpu, 3->4->1 MB, 4 MB goal, 0 MB stacks, 0 MB globals, 16 P
gc 9796 @50.407s 4%: 0.10+0.58+0.092 ms clock, 1.7+0.65/0.88/0+1.4 ms cpu, 3->4->1 MB, 4 MB goal, 0 MB stacks, 0 MB globals, 16 P
gc 9797 @50.409s 4%: 0.12+0.50+0.11 ms clock, 1.9+0.54/0.86/0.013+1.8 ms cpu, 3->4->1 MB, 4 MB goal, 0 MB stacks, 0 MB globals, 16 P
gc 9798 @50.410s 4%: 0.15+0.50+0.085 ms clock, 2.4+0.56/0.81/0.003+1.3 ms cpu, 3->4->1 MB, 4 MB goal, 0 MB stacks, 0 MB globals, 16 P
gc 9799 @50.412s 4%: 0.12+0.56+0.081 ms clock, 2.0+0.65/0.81/0+1.3 ms cpu, 3->4->2 MB, 4 MB goal, 0 MB stacks, 0 MB globals, 16 P
gc 9800 @50.413s 4%: 0.10+0.66+0.12 ms clock, 1.7+0.63/0.78/0.009+2.0 ms cpu, 3->4->2 MB, 4 MB goal, 0 MB stacks, 0 MB globals, 16 P
gc 9801 @50.415s 4%: 0.12+0.70+0.096 ms clock, 2.0+0.55/1.0/0.014+1.5 ms cpu, 3->4->2 MB, 4 MB goal, 0 MB stacks, 0 MB globals, 16 P
gc 9802 @50.417s 4%: 0.16+0.72+0.087 ms clock, 2.6+0.69/0.72/0+1.4 ms cpu, 3->4->2 MB, 4 MB goal, 0 MB stacks, 0 MB globals, 16 P
gc 9803 @50.419s 4%: 0.098+0.49+0.15 ms clock, 1.5+0.48/0.80/0.037+2.5 ms cpu, 3->4->1 MB, 4 MB goal, 0 MB stacks, 0 MB globals, 16 P
gc 9804 @50.421s 4%: 0.12+0.58+0.078 ms clock, 1.9+0.59/0.77/0.061+1.2 ms cpu, 3->4->1 MB, 4 MB goal, 0 MB stacks, 0 MB globals, 16 P
gc 9805 @50.422s 4%: 0.12+0.58+0.12 ms clock, 2.0+0.60/0.87/0+1.9 ms cpu, 3->4->2 MB, 4 MB goal, 0 MB stacks, 0 MB globals, 16 P
gc 9806 @50.424s 4%: 0.17+0.59+0.13 ms clock, 2.7+0.66/0.87/0.002+2.1 ms cpu, 3->4->2 MB, 4 MB goal, 0 MB stacks, 0 MB globals, 16 P
gc 9807 @50.426s 4%: 0.12+0.68+0.086 ms clock, 1.9+0.57/0.83/0+1.3 ms cpu, 3->4->2 MB, 4 MB goal, 0 MB stacks, 0 MB globals, 16 P
gc 9808 @50.428s 4%: 0.13+0.48+0.14 ms clock, 2.1+0.55/0.89/0.013+2.3 ms cpu, 3->4->1 MB, 4 MB goal, 0 MB stacks, 0 MB globals, 16 P
gc 9809 @50.429s 4%: 0.13+0.56+0.087 ms clock, 2.0+0.62/0.85/0+1.3 ms cpu, 3->4->1 MB, 4 MB goal, 0 MB stacks, 0 MB globals, 16 P
gc 9810 @50.431s 4%: 0.11+0.58+0.042 ms clock, 1.8+0.52/0.83/0+0.67 ms cpu, 3->4->1 MB, 4 MB goal, 0 MB stacks, 0 MB globals, 16 P
gc 9811 @50.432s 4%: 0.13+0.58+0.083 ms clock, 2.1+0.59/0.79/0+1.3 ms cpu, 3->4->1 MB, 4 MB goal, 0 MB stacks, 0 MB globals, 16 P
gc 9812 @50.434s 4%: 0.12+0.46+0.093 ms clock, 1.9+0.57/0.79/0+1.4 ms cpu, 3->4->1 MB, 4 MB goal, 0 MB stacks, 0 MB globals, 16 P
gc 9813 @50.436s 4%: 0.14+0.66+0.096 ms clock, 2.3+0.58/0.98/0+1.5 ms cpu, 3->4->2 MB, 4 MB goal, 0 MB stacks, 0 MB globals, 16 P
gc 9814 @50.438s 4%: 0.11+0.46+0.14 ms clock, 1.8+0.55/0.70/0.001+2.3 ms cpu, 3->4->1 MB, 4 MB goal, 0 MB stacks, 0 MB globals, 16 P
gc 9815 @50.439s 4%: 0.23+0.58+0.10 ms clock, 3.7+0.68/0.96/0+1.6 ms cpu, 3->4->2 MB, 4 MB goal, 0 MB stacks, 0 MB globals, 16 P
gc 9816 @50.441s 4%: 0.17+0.71+0.072 ms clock, 2.7+0.48/0.91/0+1.1 ms cpu, 3->4->2 MB, 4 MB goal, 0 MB stacks, 0 MB globals, 16 P
gc 9817 @50.443s 4%: 0.11+0.68+0.050 ms clock, 1.7+0.57/0.95/0+0.81 ms cpu, 4->4->2 MB, 4 MB goal, 0 MB stacks, 0 MB globals, 16 P
gc 9818 @50.445s 4%: 0.12+0.48+0.13 ms clock, 1.9+0.58/0.76/0+2.1 ms cpu, 3->4->1 MB, 4 MB goal, 0 MB stacks, 0 MB globals, 16 P
gc 9819 @50.446s 4%: 0.16+0.56+0.11 ms clock, 2.6+0.56/0.82/0+1.8 ms cpu, 3->4->2 MB, 4 MB goal, 0 MB stacks, 0 MB globals, 16 P
gc 9820 @50.448s 4%: 0.14+0.55+0.052 ms clock, 2.3+0.48/1.0/0.039+0.84 ms cpu, 3->4->1 MB, 4 MB goal, 0 MB stacks, 0 MB globals, 16 P
gc 9821 @50.450s 4%: 0.15+0.47+0.15 ms clock, 2.5+0.59/0.75/0.007+2.4 ms cpu, 3->4->1 MB, 4 MB goal, 0 MB stacks, 0 MB globals, 16 P
gc 9822 @50.451s 4%: 0.12+0.62+0.056 ms clock, 2.0+0.46/0.84/0+0.89 ms cpu, 3->4->1 MB, 4 MB goal, 0 MB stacks, 0 MB globals, 16 P
gc 9823 @50.453s 4%: 0.14+0.64+0.090 ms clock, 2.3+0.62/0.87/0.027+1.4 ms cpu, 3->4->2 MB, 4 MB goal, 0 MB stacks, 0 MB globals, 16 P
gc 9824 @50.455s 4%: 0.17+0.45+0.14 ms clock, 2.8+0.54/0.85/0+2.2 ms cpu, 3->4->1 MB, 4 MB goal, 0 MB stacks, 0 MB globals, 16 P
gc 9825 @50.456s 4%: 0.15+0.51+0.10 ms clock, 2.4+0.55/0.85/0+1.6 ms cpu, 3->4->1 MB, 4 MB goal, 0 MB stacks, 0 MB globals, 16 P
gc 9826 @50.458s 4%: 0.10+0.57+0.091 ms clock, 1.6+0.63/0.85/0+1.4 ms cpu, 3->4->1 MB, 4 MB goal, 0 MB stacks, 0 MB globals, 16 P
gc 9827 @50.460s 4%: 0.10+0.72+0.092 ms clock, 1.7+0.68/0.93/0.009+1.4 ms cpu, 3->4->2 MB, 4 MB goal, 0 MB stacks, 0 MB globals, 16 P
gc 9828 @50.462s 4%: 0.15+0.53+0.16 ms clock, 2.4+0.47/0.88/0+2.5 ms cpu, 3->4->2 MB, 4 MB goal, 0 MB stacks, 0 MB globals, 16 P
gc 9829 @50.463s 4%: 0.13+0.65+0.12 ms clock, 2.2+0.69/0.86/0.069+1.9 ms cpu, 3->4->2 MB, 4 MB goal, 0 MB stacks, 0 MB globals, 16 P
gc 9830 @50.465s 4%: 0.12+0.59+0.088 ms clock, 2.0+0.52/0.89/0+1.4 ms cpu, 3->4->1 MB, 4 MB goal, 0 MB stacks, 0 MB globals, 16 P
gc 9831 @50.467s 4%: 0.12+0.59+0.10 ms clock, 2.0+0.69/0.79/0.082+1.6 ms cpu, 3->4->2 MB, 4 MB goal, 0 MB stacks, 0 MB globals, 16 P
gc 9832 @50.468s 4%: 0.099+0.51+0.095 ms clock, 1.5+0.66/0.84/0.004+1.5 ms cpu, 3->4->1 MB, 4 MB goal, 0 MB stacks, 0 MB globals, 16 P
gc 9833 @50.470s 4%: 0.10+0.48+0.098 ms clock, 1.6+0.70/0.83/0+1.5 ms cpu, 3->4->1 MB, 4 MB goal, 0 MB stacks, 0 MB globals, 16 P
gc 9834 @50.472s 4%: 0.12+0.52+0.12 ms clock, 2.0+0.64/0.75/0.033+2.0 ms cpu, 3->4->1 MB, 4 MB goal, 0 MB stacks, 0 MB globals, 16 P
gc 9835 @50.473s 4%: 0.12+0.62+0.11 ms clock, 2.0+0.53/1.0/0+1.9 ms cpu, 3->4->2 MB, 4 MB goal, 0 MB stacks, 0 MB globals, 16 P
gc 9836 @50.475s 4%: 0.070+0.63+0.091 ms clock, 1.1+0.59/0.86/0.009+1.4 ms cpu, 3->4->1 MB, 4 MB goal, 0 MB stacks, 0 MB globals, 16 P
gc 9837 @50.477s 4%: 0.19+0.58+0.13 ms clock, 3.1+0.68/0.78/0+2.2 ms cpu, 3->4->2 MB, 4 MB goal, 0 MB stacks, 0 MB globals, 16 P
gc 9838 @50.479s 4%: 0.11+0.52+0.081 ms clock, 1.8+0.71/0.80/0.007+1.3 ms cpu, 3->4->2 MB, 4 MB goal, 0 MB stacks, 0 MB globals, 16 P
gc 9839 @50.481s 4%: 0.12+0.53+0.092 ms clock, 1.9+0.55/0.86/0.001+1.4 ms cpu, 3->4->1 MB, 4 MB goal, 0 MB stacks, 0 MB globals, 16 P
gc 9840 @50.482s 4%: 0.12+0.50+0.073 ms clock, 2.0+0.55/0.74/0.002+1.1 ms cpu, 3->4->1 MB, 4 MB goal, 0 MB stacks, 0 MB globals, 16 P
gc 9841 @50.484s 4%: 0.14+0.96+0.062 ms clock, 2.3+0.56/0.68/0+1.0 ms cpu, 3->4->2 MB, 4 MB goal, 0 MB stacks, 0 MB globals, 16 P
gc 9842 @50.486s 4%: 0.10+0.63+0.12 ms clock, 1.6+0.68/0.81/0+2.0 ms cpu, 4->4->2 MB, 4 MB goal, 0 MB stacks, 0 MB globals, 16 P
gc 9843 @50.488s 4%: 0.094+0.53+0.094 ms clock, 1.5+0.50/0.88/0+1.5 ms cpu, 3->4->1 MB, 4 MB goal, 0 MB stacks, 0 MB globals, 16 P
gc 9844 @50.489s 4%: 0.13+0.55+0.12 ms clock, 2.1+0.46/0.92/0+1.9 ms cpu, 3->4->2 MB, 4 MB goal, 0 MB stacks, 0 MB globals, 16 P
gc 9845 @50.491s 4%: 0.13+0.70+0.10 ms clock, 2.1+0.54/0.98/0.029+1.6 ms cpu, 3->4->2 MB, 4 MB goal, 0 MB stacks, 0 MB globals, 16 P
gc 9846 @50.493s 4%: 0.10+0.51+0.099 ms clock, 1.7+0.68/0.76/0+1.5 ms cpu, 3->4->1 MB, 4 MB goal, 0 MB stacks, 0 MB globals, 16 P
gc 9847 @50.494s 4%: 0.12+0.54+0.063 ms clock, 1.9+0.62/0.80/0.039+1.0 ms cpu, 3->4->1 MB, 4 MB goal, 0 MB stacks, 0 MB globals, 16 P
gc 9848 @50.496s 4%: 0.10+0.75+0.12 ms clock, 1.6+0.62/0.83/0+1.9 ms cpu, 3->4->2 MB, 4 MB goal, 0 MB stacks, 0 MB globals, 16 P
gc 9849 @50.498s 4%: 0.12+0.53+0.081 ms clock, 2.0+0.60/0.82/0+1.2 ms cpu, 3->4->1 MB, 4 MB goal, 0 MB stacks, 0 MB globals, 16 P
gc 9850 @50.499s 4%: 0.13+0.51+0.10 ms clock, 2.1+0.51/0.63/0.16+1.7 ms cpu, 3->4->1 MB, 4 MB goal, 0 MB stacks, 0 MB globals, 16 P
gc 9851 @50.501s 4%: 0.12+0.47+0.12 ms clock, 1.9+0.51/0.80/0.029+2.0 ms cpu, 3->3->1 MB, 4 MB goal, 0 MB stacks, 0 MB globals, 16 P
gc 9852 @50.502s 4%: 0.10+0.49+0.11 ms clock, 1.6+0.67/0.82/0.004+1.8 ms cpu, 3->4->1 MB, 4 MB goal, 0 MB stacks, 0 MB globals, 16 P
gc 9853 @50.504s 4%: 0.11+0.41+0.13 ms clock, 1.9+0.64/0.84/0+2.1 ms cpu, 3->4->1 MB, 4 MB goal, 0 MB stacks, 0 MB globals, 16 P
gc 9854 @50.505s 4%: 0.14+0.56+0.15 ms clock, 2.3+0.65/1.0/0.011+2.4 ms cpu, 3->4->2 MB, 4 MB goal, 0 MB stacks, 0 MB globals, 16 P
gc 9855 @50.507s 4%: 0.10+0.59+0.12 ms clock, 1.7+0.62/0.85/0.012+2.0 ms cpu, 3->4->1 MB, 4 MB goal, 0 MB stacks, 0 MB globals, 16 P
gc 9856 @50.509s 4%: 0.12+0.77+0.10 ms clock, 1.9+0.57/0.76/0.019+1.6 ms cpu, 3->4->2 MB, 4 MB goal, 0 MB stacks, 0 MB globals, 16 P
gc 9857 @50.511s 4%: 0.11+0.73+0.11 ms clock, 1.7+0.45/0.85/0+1.7 ms cpu, 3->4->2 MB, 4 MB goal, 0 MB stacks, 0 MB globals, 16 P
gc 9858 @50.512s 4%: 0.11+0.55+0.095 ms clock, 1.7+0.65/0.75/0+1.5 ms cpu, 3->4->1 MB, 4 MB goal, 0 MB stacks, 0 MB globals, 16 P
gc 9859 @50.514s 4%: 0.12+0.78+0.10 ms clock, 1.9+0.51/1.0/0.012+1.6 ms cpu, 3->4->2 MB, 4 MB goal, 0 MB stacks, 0 MB globals, 16 P
gc 9860 @50.516s 4%: 0.12+0.56+0.15 ms clock, 1.9+0.62/0.89/0+2.5 ms cpu, 3->4->1 MB, 4 MB goal, 0 MB stacks, 0 MB globals, 16 P
gc 9861 @50.518s 4%: 0.14+0.54+0.11 ms clock, 2.3+0.34/0.76/0+1.8 ms cpu, 3->4->1 MB, 4 MB goal, 0 MB stacks, 0 MB globals, 16 P
gc 9862 @50.519s 4%: 0.088+0.59+0.051 ms clock, 1.4+0.51/0.77/0+0.82 ms cpu, 3->4->1 MB, 4 MB goal, 0 MB stacks, 0 MB globals, 16 P
gc 9863 @50.521s 4%: 0.11+0.53+0.098 ms clock, 1.8+0.42/0.89/0+1.5 ms cpu, 3->4->1 MB, 4 MB goal, 0 MB stacks, 0 MB globals, 16 P
gc 9864 @50.523s 4%: 0.096+0.46+0.11 ms clock, 1.5+0.61/0.78/0+1.8 ms cpu, 3->4->1 MB, 4 MB goal, 0 MB stacks, 0 MB globals, 16 P
gc 9865 @50.524s 4%: 0.11+0.62+0.10 ms clock, 1.8+0.54/0.80/0.012+1.6 ms cpu, 3->4->2 MB, 4 MB goal, 0 MB stacks, 0 MB globals, 16 P
gc 9866 @50.526s 4%: 0.15+0.62+0.080 ms clock, 2.5+0.61/0.84/0+1.2 ms cpu, 3->4->2 MB, 4 MB goal, 0 MB stacks, 0 MB globals, 16 P
gc 9867 @50.528s 4%: 0.12+0.64+0.11 ms clock, 2.0+0.51/1.0/0.034+1.8 ms cpu, 3->4->2 MB, 4 MB goal, 0 MB stacks, 0 MB globals, 16 P
gc 9868 @50.530s 4%: 0.12+0.60+0.089 ms clock, 1.9+0.54/0.91/0+1.4 ms cpu, 3->4->1 MB, 4 MB goal, 0 MB stacks, 0 MB globals, 16 P
gc 9869 @50.531s 4%: 0.12+0.63+0.068 ms clock, 1.9+0.60/1.0/0+1.0 ms cpu, 3->4->2 MB, 4 MB goal, 0 MB stacks, 0 MB globals, 16 P
gc 9870 @50.533s 4%: 0.11+0.45+0.17 ms clock, 1.7+0.58/0.75/0+2.7 ms cpu, 3->4->1 MB, 4 MB goal, 0 MB stacks, 0 MB globals, 16 P
gc 9871 @50.534s 4%: 0.11+0.59+0.099 ms clock, 1.8+0.67/1.0/0.015+1.5 ms cpu, 3->4->1 MB, 4 MB goal, 0 MB stacks, 0 MB globals, 16 P
gc 9872 @50.536s 4%: 0.11+0.50+0.13 ms clock, 1.7+0.56/0.77/0+2.1 ms cpu, 3->4->1 MB, 4 MB goal, 0 MB stacks, 0 MB globals, 16 P
gc 9873 @50.538s 4%: 0.11+0.75+0.093 ms clock, 1.8+0.53/0.85/0.009+1.4 ms cpu, 3->4->2 MB, 4 MB goal, 0 MB stacks, 0 MB globals, 16 P
gc 9874 @50.540s 4%: 0.11+0.69+0.12 ms clock, 1.8+0.65/0.79/0+2.0 ms cpu, 3->4->2 MB, 4 MB goal, 0 MB stacks, 0 MB globals, 16 P
gc 9875 @50.541s 4%: 0.23+0.68+0.17 ms clock, 3.7+0.72/0.88/0+2.7 ms cpu, 3->4->2 MB, 4 MB goal, 0 MB stacks, 0 MB globals, 16 P
gc 9876 @50.543s 4%: 0.20+0.67+0.11 ms clock, 3.2+0.46/0.90/0+1.9 ms cpu, 4->5->2 MB, 4 MB goal, 0 MB stacks, 0 MB globals, 16 P
gc 9877 @50.545s 4%: 0.12+0.52+0.19 ms clock, 2.0+0.58/0.77/0.041+3.0 ms cpu, 3->4->1 MB, 4 MB goal, 0 MB stacks, 0 MB globals, 16 P
gc 9878 @50.547s 4%: 0.11+0.55+0.036 ms clock, 1.7+0.49/0.89/0+0.59 ms cpu, 3->4->1 MB, 4 MB goal, 0 MB stacks, 0 MB globals, 16 P
gc 9879 @50.549s 4%: 0.12+0.53+0.090 ms clock, 1.9+0.53/0.69/0.16+1.4 ms cpu, 3->4->1 MB, 4 MB goal, 0 MB stacks, 0 MB globals, 16 P
gc 9880 @50.550s 4%: 0.11+0.64+0.11 ms clock, 1.7+0.59/0.92/0+1.8 ms cpu, 3->4->2 MB, 4 MB goal, 0 MB stacks, 0 MB globals, 16 P
gc 9881 @50.552s 4%: 0.13+0.80+0.049 ms clock, 2.1+0.47/0.98/0+0.79 ms cpu, 3->4->2 MB, 4 MB goal, 0 MB stacks, 0 MB globals, 16 P
gc 9882 @50.554s 4%: 0.12+0.68+0.11 ms clock, 1.9+0.61/0.80/0.012+1.8 ms cpu, 3->4->2 MB, 4 MB goal, 0 MB stacks, 0 MB globals, 16 P
gc 9883 @50.555s 4%: 0.17+0.66+0.10 ms clock, 2.7+0.58/0.88/0+1.6 ms cpu, 3->4->2 MB, 4 MB goal, 0 MB stacks, 0 MB globals, 16 P
gc 9884 @50.557s 4%: 0.060+0.57+0.16 ms clock, 0.96+0.43/0.78/0.19+2.6 ms cpu, 3->4->1 MB, 4 MB goal, 0 MB stacks, 0 MB globals, 16 P
gc 9885 @50.559s 4%: 0.089+0.51+0.080 ms clock, 1.4+0.65/0.91/0.020+1.2 ms cpu, 3->4->1 MB, 4 MB goal, 0 MB stacks, 0 MB globals, 16 P
gc 9886 @50.560s 4%: 0.11+0.62+0.10 ms clock, 1.8+0.73/0.80/0.015+1.7 ms cpu, 3->4->2 MB, 4 MB goal, 0 MB stacks, 0 MB globals, 16 P
gc 9887 @50.562s 4%: 0.090+0.72+0.073 ms clock, 1.4+0.48/0.95/0+1.1 ms cpu, 3->4->2 MB, 4 MB goal, 0 MB stacks, 0 MB globals, 16 P
gc 9888 @50.564s 4%: 0.10+0.60+0.10 ms clock, 1.7+0.55/0.92/0+1.6 ms cpu, 3->4->2 MB, 4 MB goal, 0 MB stacks, 0 MB globals, 16 P
gc 9889 @50.565s 4%: 0.13+0.57+0.10 ms clock, 2.2+0.60/0.75/0.011+1.6 ms cpu, 3->4->1 MB, 4 MB goal, 0 MB stacks, 0 MB globals, 16 P
gc 9890 @50.567s 4%: 0.15+0.62+0.098 ms clock, 2.5+0.52/0.83/0+1.5 ms cpu, 3->4->2 MB, 4 MB goal, 0 MB stacks, 0 MB globals, 16 P
gc 9891 @50.569s 4%: 0.10+0.49+0.10 ms clock, 1.7+0.50/0.93/0.003+1.6 ms cpu, 3->4->1 MB, 4 MB goal, 0 MB stacks, 0 MB globals, 16 P
gc 9892 @50.571s 4%: 0.12+0.56+0.11 ms clock, 1.9+0.63/0.95/0+1.7 ms cpu, 3->4->2 MB, 4 MB goal, 0 MB stacks, 0 MB globals, 16 P
gc 9893 @50.572s 4%: 0.13+0.60+0.10 ms clock, 2.0+0.55/1.0/0+1.6 ms cpu, 3->4->1 MB, 4 MB goal, 0 MB stacks, 0 MB globals, 16 P
gc 9894 @50.574s 4%: 0.11+0.64+0.051 ms clock, 1.8+0.59/0.91/0.011+0.82 ms cpu, 3->4->2 MB, 4 MB goal, 0 MB stacks, 0 MB globals, 16 P
gc 9895 @50.576s 4%: 0.12+0.47+0.11 ms clock, 1.9+0.64/0.74/0.001+1.8 ms cpu, 3->4->1 MB, 4 MB goal, 0 MB stacks, 0 MB globals, 16 P
gc 9896 @50.577s 4%: 0.20+0.51+0.11 ms clock, 3.3+0.76/0.97/0+1.8 ms cpu, 3->4->2 MB, 4 MB goal, 0 MB stacks, 0 MB globals, 16 P
gc 9897 @50.579s 4%: 0.12+0.66+0.16 ms clock, 2.0+0.58/0.88/0+2.7 ms cpu, 3->4->2 MB, 4 MB goal, 0 MB stacks, 0 MB globals, 16 P
gc 9898 @50.581s 4%: 0.14+0.59+0.14 ms clock, 2.2+0.62/1.0/0+2.2 ms cpu, 3->4->1 MB, 4 MB goal, 0 MB stacks, 0 MB globals, 16 P
gc 9899 @50.582s 4%: 0.15+0.60+0.097 ms clock, 2.4+0.85/0.87/0+1.5 ms cpu, 3->4->2 MB, 4 MB goal, 0 MB stacks, 0 MB globals, 16 P
gc 9900 @50.584s 4%: 0.13+0.49+0.11 ms clock, 2.1+0.50/0.80/0.019+1.7 ms cpu, 3->4->1 MB, 4 MB goal, 0 MB stacks, 0 MB globals, 16 P
gc 9901 @50.586s 4%: 0.15+0.53+0.079 ms clock, 2.5+0.68/0.90/0+1.2 ms cpu, 3->4->1 MB, 4 MB goal, 0 MB stacks, 0 MB globals, 16 P
gc 9902 @50.587s 4%: 0.11+0.49+0.10 ms clock, 1.8+0.58/0.82/0+1.7 ms cpu, 3->4->1 MB, 4 MB goal, 0 MB stacks, 0 MB globals, 16 P
gc 9903 @50.589s 4%: 0.12+0.57+0.083 ms clock, 2.0+0.57/0.91/0+1.3 ms cpu, 3->4->2 MB, 4 MB goal, 0 MB stacks, 0 MB globals, 16 P
gc 9904 @50.591s 4%: 0.11+0.61+0.11 ms clock, 1.9+0.42/0.82/0+1.8 ms cpu, 3->4->2 MB, 4 MB goal, 0 MB stacks, 0 MB globals, 16 P
gc 9905 @50.592s 4%: 0.15+0.47+0.13 ms clock, 2.4+0.65/0.68/0.11+2.1 ms cpu, 3->4->1 MB, 4 MB goal, 0 MB stacks, 0 MB globals, 16 P
gc 9906 @50.594s 4%: 0.18+0.46+0.13 ms clock, 2.9+0.60/0.84/0+2.1 ms cpu, 3->4->1 MB, 4 MB goal, 0 MB stacks, 0 MB globals, 16 P
gc 9907 @50.596s 4%: 0.12+0.56+0.15 ms clock, 1.9+0.45/0.90/0.003+2.5 ms cpu, 3->4->1 MB, 4 MB goal, 0 MB stacks, 0 MB globals, 16 P
gc 9908 @50.597s 4%: 0.13+0.51+0.19 ms clock, 2.1+0.55/0.86/0+3.1 ms cpu, 3->4->1 MB, 4 MB goal, 0 MB stacks, 0 MB globals, 16 P
gc 9909 @50.599s 4%: 0.10+0.82+0.10 ms clock, 1.7+0.60/0.85/0+1.7 ms cpu, 3->4->2 MB, 4 MB goal, 0 MB stacks, 0 MB globals, 16 P
gc 9910 @50.601s 4%: 0.17+0.67+0.084 ms clock, 2.7+0.74/0.89/0+1.3 ms cpu, 4->4->2 MB, 4 MB goal, 0 MB stacks, 0 MB globals, 16 P
gc 9911 @50.603s 4%: 0.12+0.54+0.11 ms clock, 1.9+0.66/0.88/0.001+1.7 ms cpu, 3->4->1 MB, 4 MB goal, 0 MB stacks, 0 MB globals, 16 P
gc 9912 @50.605s 4%: 0.13+0.77+0.080 ms clock, 2.2+0.57/0.90/0+1.2 ms cpu, 3->4->2 MB, 4 MB goal, 0 MB stacks, 0 MB globals, 16 P
gc 9913 @50.607s 4%: 0.12+0.55+0.11 ms clock, 2.0+0.60/0.93/0+1.8 ms cpu, 3->4->1 MB, 4 MB goal, 0 MB stacks, 0 MB globals, 16 P
gc 9914 @50.608s 4%: 0.15+0.67+0.15 ms clock, 2.4+0.75/0.91/0.005+2.5 ms cpu, 3->4->2 MB, 4 MB goal, 0 MB stacks, 0 MB globals, 16 P
gc 9915 @50.610s 4%: 0.19+0.74+0.16 ms clock, 3.0+0.68/0.95/0+2.6 ms cpu, 3->4->2 MB, 4 MB goal, 0 MB stacks, 0 MB globals, 16 P
gc 9916 @50.612s 4%: 0.10+0.63+0.12 ms clock, 1.6+0.70/0.82/0+2.0 ms cpu, 4->4->2 MB, 4 MB goal, 0 MB stacks, 0 MB globals, 16 P
gc 9917 @50.614s 4%: 0.19+0.67+0.10 ms clock, 3.0+0.65/0.99/0+1.6 ms cpu, 3->4->2 MB, 4 MB goal, 0 MB stacks, 0 MB globals, 16 P
gc 9918 @50.616s 4%: 0.089+0.53+0.098 ms clock, 1.4+0.48/0.86/0+1.5 ms cpu, 3->4->1 MB, 4 MB goal, 0 MB stacks, 0 MB globals, 16 P
gc 9919 @50.618s 4%: 0.19+0.68+0.10 ms clock, 3.1+0.60/0.91/0+1.6 ms cpu, 3->4->2 MB, 4 MB goal, 0 MB stacks, 0 MB globals, 16 P
gc 9920 @50.619s 4%: 0.18+0.73+0.069 ms clock, 2.9+0.57/0.96/0+1.1 ms cpu, 3->4->2 MB, 4 MB goal, 0 MB stacks, 0 MB globals, 16 P
gc 9921 @50.621s 4%: 0.13+0.63+0.083 ms clock, 2.1+0.54/0.91/0+1.3 ms cpu, 4->4->2 MB, 4 MB goal, 0 MB stacks, 0 MB globals, 16 P
gc 9922 @50.623s 4%: 0.067+0.71+0.085 ms clock, 1.0+0.41/0.93/0.002+1.3 ms cpu, 3->4->2 MB, 4 MB goal, 0 MB stacks, 0 MB globals, 16 P
gc 9923 @50.625s 4%: 0.099+0.54+0.14 ms clock, 1.5+0.48/0.82/0+2.3 ms cpu, 3->4->1 MB, 4 MB goal, 0 MB stacks, 0 MB globals, 16 P
gc 9924 @50.627s 4%: 0.10+0.61+0.11 ms clock, 1.7+0.54/0.88/0+1.8 ms cpu, 3->4->1 MB, 4 MB goal, 0 MB stacks, 0 MB globals, 16 P
gc 9925 @50.628s 4%: 0.12+0.53+0.15 ms clock, 1.9+0.63/0.85/0+2.5 ms cpu, 3->4->2 MB, 4 MB goal, 0 MB stacks, 0 MB globals, 16 P
gc 9926 @50.630s 4%: 0.088+0.54+0.11 ms clock, 1.4+0.48/0.86/0.006+1.8 ms cpu, 3->4->1 MB, 4 MB goal, 0 MB stacks, 0 MB globals, 16 P
gc 9927 @50.632s 4%: 0.13+0.57+0.13 ms clock, 2.2+0.75/0.86/0+2.0 ms cpu, 3->4->1 MB, 4 MB goal, 0 MB stacks, 0 MB globals, 16 P
gc 9928 @50.634s 4%: 0.14+0.58+0.057 ms clock, 2.2+0.56/0.80/0.013+0.91 ms cpu, 3->4->1 MB, 4 MB goal, 0 MB stacks, 0 MB globals, 16 P
gc 9929 @50.635s 4%: 0.15+0.54+0.097 ms clock, 2.4+0.67/0.86/0+1.5 ms cpu, 3->4->2 MB, 4 MB goal, 0 MB stacks, 0 MB globals, 16 P
gc 9930 @50.637s 4%: 0.14+0.57+0.11 ms clock, 2.3+0.66/0.88/0+1.8 ms cpu, 3->4->2 MB, 4 MB goal, 0 MB stacks, 0 MB globals, 16 P
gc 9931 @50.639s 4%: 0.13+0.61+0.11 ms clock, 2.0+0.46/0.95/0+1.8 ms cpu, 3->4->1 MB, 4 MB goal, 0 MB stacks, 0 MB globals, 16 P
gc 9932 @50.641s 4%: 0.10+0.56+0.092 ms clock, 1.6+0.70/0.68/0.020+1.4 ms cpu, 3->4->1 MB, 4 MB goal, 0 MB stacks, 0 MB globals, 16 P
gc 9933 @50.642s 4%: 0.12+0.56+0.12 ms clock, 2.0+0.49/0.88/0.004+1.9 ms cpu, 3->4->1 MB, 4 MB goal, 0 MB stacks, 0 MB globals, 16 P
gc 9934 @50.644s 4%: 0.13+0.53+0.13 ms clock, 2.1+0.64/0.85/0.030+2.2 ms cpu, 3->4->1 MB, 4 MB goal, 0 MB stacks, 0 MB globals, 16 P
gc 9935 @50.645s 4%: 0.10+0.63+0.12 ms clock, 1.6+0.62/0.89/0.12+1.9 ms cpu, 3->4->2 MB, 4 MB goal, 0 MB stacks, 0 MB globals, 16 P
gc 9936 @50.647s 4%: 0.10+0.63+0.098 ms clock, 1.6+0.50/0.85/0+1.5 ms cpu, 3->4->1 MB, 4 MB goal, 0 MB stacks, 0 MB globals, 16 P
gc 9937 @50.649s 4%: 0.15+0.63+0.10 ms clock, 2.5+0.72/0.78/0.068+1.6 ms cpu, 3->4->1 MB, 4 MB goal, 0 MB stacks, 0 MB globals, 16 P
gc 9938 @50.650s 4%: 0.10+0.61+0.099 ms clock, 1.6+0.47/0.85/0+1.5 ms cpu, 3->4->1 MB, 4 MB goal, 0 MB stacks, 0 MB globals, 16 P
gc 9939 @50.652s 4%: 0.16+0.54+0.18 ms clock, 2.6+0.58/0.92/0+2.9 ms cpu, 3->4->1 MB, 4 MB goal, 0 MB stacks, 0 MB globals, 16 P
gc 9940 @50.653s 4%: 0.12+0.70+0.030 ms clock, 2.0+0.60/0.85/0+0.48 ms cpu, 3->4->2 MB, 4 MB goal, 0 MB stacks, 0 MB globals, 16 P
gc 9941 @50.655s 4%: 0.12+0.57+0.13 ms clock, 1.9+0.70/0.75/0.013+2.1 ms cpu, 3->4->1 MB, 4 MB goal, 0 MB stacks, 0 MB globals, 16 P
gc 9942 @50.657s 4%: 0.12+0.60+0.098 ms clock, 2.0+0.55/0.96/0.017+1.5 ms cpu, 3->4->1 MB, 4 MB goal, 0 MB stacks, 0 MB globals, 16 P
gc 9943 @50.658s 4%: 0.14+0.51+0.22 ms clock, 2.2+0.58/0.86/0+3.6 ms cpu, 3->4->1 MB, 4 MB goal, 0 MB stacks, 0 MB globals, 16 P
gc 9944 @50.660s 4%: 0.12+0.55+0.16 ms clock, 2.0+0.62/0.87/0+2.6 ms cpu, 3->4->2 MB, 4 MB goal, 0 MB stacks, 0 MB globals, 16 P
gc 9945 @50.662s 4%: 0.080+0.57+0.094 ms clock, 1.2+0.51/0.82/0.008+1.5 ms cpu, 3->4->1 MB, 4 MB goal, 0 MB stacks, 0 MB globals, 16 P
gc 9946 @50.663s 4%: 0.13+0.62+0.14 ms clock, 2.1+0.72/0.93/0+2.3 ms cpu, 3->4->2 MB, 4 MB goal, 0 MB stacks, 0 MB globals, 16 P
gc 9947 @50.665s 4%: 0.10+0.69+0.10 ms clock, 1.7+0.54/0.94/0+1.6 ms cpu, 4->4->2 MB, 4 MB goal, 0 MB stacks, 0 MB globals, 16 P
gc 9948 @50.667s 4%: 0.091+0.66+0.10 ms clock, 1.4+0.68/0.81/0+1.6 ms cpu, 3->4->1 MB, 4 MB goal, 0 MB stacks, 0 MB globals, 16 P
gc 9949 @50.669s 4%: 0.11+0.60+0.12 ms clock, 1.7+0.62/0.82/0+2.0 ms cpu, 3->4->2 MB, 4 MB goal, 0 MB stacks, 0 MB globals, 16 P
gc 9950 @50.671s 4%: 0.10+0.65+0.088 ms clock, 1.7+0.59/0.94/0+1.4 ms cpu, 3->4->2 MB, 4 MB goal, 0 MB stacks, 0 MB globals, 16 P
gc 9951 @50.672s 4%: 0.14+0.54+0.15 ms clock, 2.3+0.67/0.79/0.002+2.5 ms cpu, 3->4->1 MB, 4 MB goal, 0 MB stacks, 0 MB globals, 16 P
gc 9952 @50.674s 4%: 0.15+0.51+0.11 ms clock, 2.4+0.55/0.84/0+1.9 ms cpu, 3->4->1 MB, 4 MB goal, 0 MB stacks, 0 MB globals, 16 P
gc 9953 @50.676s 4%: 0.14+0.66+0.091 ms clock, 2.3+0.64/0.71/0+1.4 ms cpu, 3->4->2 MB, 4 MB goal, 0 MB stacks, 0 MB globals, 16 P
gc 9954 @50.677s 4%: 0.094+0.65+0.13 ms clock, 1.5+0.44/0.91/0.009+2.1 ms cpu, 3->4->2 MB, 4 MB goal, 0 MB stacks, 0 MB globals, 16 P
gc 9955 @50.679s 4%: 0.13+0.52+0.17 ms clock, 2.2+0.57/0.94/0.029+2.7 ms cpu, 3->4->1 MB, 4 MB goal, 0 MB stacks, 0 MB globals, 16 P
gc 9956 @50.681s 4%: 0.13+0.57+0.096 ms clock, 2.1+0.61/0.94/0+1.5 ms cpu, 3->4->1 MB, 4 MB goal, 0 MB stacks, 0 MB globals, 16 P
gc 9957 @50.682s 4%: 0.088+0.71+0.077 ms clock, 1.4+0.47/0.93/0.018+1.2 ms cpu, 3->4->2 MB, 4 MB goal, 0 MB stacks, 0 MB globals, 16 P
gc 9958 @50.684s 4%: 0.10+0.68+0.12 ms clock, 1.6+0.68/0.95/0+2.0 ms cpu, 3->4->2 MB, 4 MB goal, 0 MB stacks, 0 MB globals, 16 P
gc 9959 @50.686s 4%: 0.13+0.83+0.094 ms clock, 2.1+0.65/0.84/0+1.5 ms cpu, 3->4->2 MB, 4 MB goal, 0 MB stacks, 0 MB globals, 16 P
gc 9960 @50.688s 4%: 0.15+0.51+0.12 ms clock, 2.5+0.59/0.82/0+1.9 ms cpu, 4->4->1 MB, 4 MB goal, 0 MB stacks, 0 MB globals, 16 P
gc 9961 @50.690s 4%: 0.14+0.51+0.072 ms clock, 2.3+0.79/0.81/0+1.1 ms cpu, 3->4->1 MB, 4 MB goal, 0 MB stacks, 0 MB globals, 16 P
gc 9962 @50.691s 4%: 0.10+0.72+0.11 ms clock, 1.7+0.56/0.72/0.017+1.8 ms cpu, 3->4->2 MB, 4 MB goal, 0 MB stacks, 0 MB globals, 16 P
gc 9963 @50.693s 4%: 0.12+0.55+0.14 ms clock, 1.9+0.61/0.87/0+2.3 ms cpu, 3->4->1 MB, 4 MB goal, 0 MB stacks, 0 MB globals, 16 P
gc 9964 @50.695s 4%: 0.093+0.60+0.068 ms clock, 1.4+0.51/0.86/0+1.0 ms cpu, 3->4->1 MB, 4 MB goal, 0 MB stacks, 0 MB globals, 16 P
gc 9965 @50.697s 4%: 0.089+0.65+0.093 ms clock, 1.4+0.49/0.89/0+1.4 ms cpu, 3->4->2 MB, 4 MB goal, 0 MB stacks, 0 MB globals, 16 P
gc 9966 @50.698s 4%: 0.11+0.64+0.077 ms clock, 1.8+0.69/0.81/0+1.2 ms cpu, 3->4->1 MB, 4 MB goal, 0 MB stacks, 0 MB globals, 16 P
gc 9967 @50.700s 4%: 0.15+0.65+0.12 ms clock, 2.5+0.64/0.81/0+1.9 ms cpu, 3->4->2 MB, 4 MB goal, 0 MB stacks, 0 MB globals, 16 P
gc 9968 @50.702s 4%: 0.13+0.53+0.11 ms clock, 2.1+0.53/0.84/0+1.8 ms cpu, 3->4->1 MB, 4 MB goal, 0 MB stacks, 0 MB globals, 16 P
gc 9969 @50.704s 4%: 0.12+0.46+0.15 ms clock, 2.0+0.66/0.78/0+2.5 ms cpu, 3->4->1 MB, 4 MB goal, 0 MB stacks, 0 MB globals, 16 P
gc 9970 @50.705s 4%: 0.15+0.64+0.11 ms clock, 2.4+0.58/0.85/0+1.8 ms cpu, 3->4->2 MB, 4 MB goal, 0 MB stacks, 0 MB globals, 16 P
gc 9971 @50.707s 4%: 0.13+0.55+0.11 ms clock, 2.0+0.45/0.79/0.10+1.9 ms cpu, 3->4->1 MB, 4 MB goal, 0 MB stacks, 0 MB globals, 16 P
gc 9972 @50.708s 4%: 0.14+0.67+0.10 ms clock, 2.3+0.58/0.87/0+1.7 ms cpu, 3->4->2 MB, 4 MB goal, 0 MB stacks, 0 MB globals, 16 P
gc 9973 @50.710s 4%: 0.13+0.67+0.10 ms clock, 2.1+0.78/0.85/0+1.6 ms cpu, 3->4->2 MB, 4 MB goal, 0 MB stacks, 0 MB globals, 16 P
gc 9974 @50.712s 4%: 0.12+0.66+0.091 ms clock, 1.9+0.74/0.78/0+1.4 ms cpu, 3->4->2 MB, 4 MB goal, 0 MB stacks, 0 MB globals, 16 P
gc 9975 @50.714s 4%: 0.11+0.58+0.092 ms clock, 1.8+0.50/0.92/0+1.4 ms cpu, 3->4->1 MB, 4 MB goal, 0 MB stacks, 0 MB globals, 16 P
gc 9976 @50.715s 4%: 0.16+0.77+0.16 ms clock, 2.5+0.61/0.96/0.012+2.6 ms cpu, 3->4->2 MB, 4 MB goal, 0 MB stacks, 0 MB globals, 16 P
gc 9977 @50.718s 4%: 0.11+0.53+0.12 ms clock, 1.8+0.57/0.83/0+1.9 ms cpu, 4->4->1 MB, 4 MB goal, 0 MB stacks, 0 MB globals, 16 P
gc 9978 @50.719s 4%: 0.11+0.61+0.10 ms clock, 1.8+0.55/0.81/0+1.7 ms cpu, 3->4->1 MB, 4 MB goal, 0 MB stacks, 0 MB globals, 16 P
gc 9979 @50.721s 4%: 0.11+0.69+0.11 ms clock, 1.7+0.52/0.92/0.008+1.8 ms cpu, 3->4->2 MB, 4 MB goal, 0 MB stacks, 0 MB globals, 16 P
gc 9980 @50.723s 4%: 0.12+0.56+0.087 ms clock, 1.9+0.61/0.89/0+1.4 ms cpu, 3->4->1 MB, 4 MB goal, 0 MB stacks, 0 MB globals, 16 P
gc 9981 @50.724s 4%: 0.14+0.65+0.15 ms clock, 2.2+0.61/0.76/0+2.5 ms cpu, 3->4->2 MB, 4 MB goal, 0 MB stacks, 0 MB globals, 16 P
gc 9982 @50.726s 4%: 0.11+0.60+0.10 ms clock, 1.9+0.57/0.71/0+1.7 ms cpu, 3->4->2 MB, 4 MB goal, 0 MB stacks, 0 MB globals, 16 P
gc 9983 @50.728s 4%: 0.085+0.53+0.12 ms clock, 1.3+0.57/0.89/0+1.9 ms cpu, 3->4->1 MB, 4 MB goal, 0 MB stacks, 0 MB globals, 16 P
gc 9984 @50.729s 4%: 0.14+0.47+0.13 ms clock, 2.3+0.55/0.79/0.002+2.2 ms cpu, 3->4->1 MB, 4 MB goal, 0 MB stacks, 0 MB globals, 16 P
gc 9985 @50.731s 4%: 0.15+0.67+0.17 ms clock, 2.4+0.68/0.87/0+2.8 ms cpu, 3->4->2 MB, 4 MB goal, 0 MB stacks, 0 MB globals, 16 P
gc 9986 @50.733s 4%: 0.11+0.51+0.12 ms clock, 1.7+0.56/0.75/0+1.9 ms cpu, 4->4->1 MB, 4 MB goal, 0 MB stacks, 0 MB globals, 16 P
gc 9987 @50.734s 4%: 0.12+0.61+0.13 ms clock, 2.0+0.63/0.85/0+2.1 ms cpu, 3->4->2 MB, 4 MB goal, 0 MB stacks, 0 MB globals, 16 P
gc 9988 @50.736s 4%: 0.12+0.76+0.096 ms clock, 2.0+0.70/0.93/0.001+1.5 ms cpu, 3->4->2 MB, 4 MB goal, 0 MB stacks, 0 MB globals, 16 P
gc 9989 @50.738s 4%: 0.13+0.51+0.027 ms clock, 2.2+0.47/0.81/0.023+0.43 ms cpu, 3->4->1 MB, 4 MB goal, 0 MB stacks, 0 MB globals, 16 P
gc 9990 @50.740s 4%: 0.12+0.52+0.12 ms clock, 2.0+0.43/0.84/0+1.9 ms cpu, 3->4->1 MB, 4 MB goal, 0 MB stacks, 0 MB globals, 16 P
gc 9991 @50.741s 4%: 0.17+0.73+0.12 ms clock, 2.7+0.68/1.0/0+2.0 ms cpu, 3->4->2 MB, 4 MB goal, 0 MB stacks, 0 MB globals, 16 P
gc 9992 @50.743s 4%: 0.12+0.80+0.10 ms clock, 2.0+0.56/0.96/0.020+1.6 ms cpu, 4->5->2 MB, 4 MB goal, 0 MB stacks, 0 MB globals, 16 P
gc 9993 @50.745s 4%: 0.090+0.47+0.14 ms clock, 1.4+0.48/0.77/0+2.3 ms cpu, 3->4->1 MB, 4 MB goal, 0 MB stacks, 0 MB globals, 16 P
gc 9994 @50.747s 4%: 0.13+0.66+0.10 ms clock, 2.2+0.70/0.77/0.004+1.6 ms cpu, 3->4->2 MB, 4 MB goal, 0 MB stacks, 0 MB globals, 16 P
gc 9995 @50.749s 4%: 0.14+0.58+0.10 ms clock, 2.3+0.71/0.77/0+1.6 ms cpu, 3->4->1 MB, 4 MB goal, 0 MB stacks, 0 MB globals, 16 P
gc 9996 @50.750s 4%: 0.15+0.54+0.12 ms clock, 2.4+0.71/0.77/0+1.9 ms cpu, 3->4->2 MB, 4 MB goal, 0 MB stacks, 0 MB globals, 16 P
gc 9997 @50.752s 4%: 0.12+0.48+0.13 ms clock, 2.0+0.50/0.89/0+2.2 ms cpu, 3->4->1 MB, 4 MB goal, 0 MB stacks, 0 MB globals, 16 P
gc 9998 @50.754s 4%: 0.12+0.72+0.084 ms clock, 1.9+0.65/0.84/0.014+1.3 ms cpu, 3->4->2 MB, 4 MB goal, 0 MB stacks, 0 MB globals, 16 P
gc 9999 @50.755s 4%: 0.098+0.65+0.11 ms clock, 1.5+0.55/0.83/0.017+1.7 ms cpu, 3->4->2 MB, 4 MB goal, 0 MB stacks, 0 MB globals, 16 P
gc 10000 @50.757s 4%: 0.11+0.48+0.18 ms clock, 1.9+0.59/0.87/0.001+2.9 ms cpu, 3->4->1 MB, 4 MB goal, 0 MB stacks, 0 MB globals, 16 P
gc 10001 @50.759s 4%: 0.11+0.56+0.13 ms clock, 1.8+0.65/0.70/0+2.1 ms cpu, 3->4->1 MB, 4 MB goal, 0 MB stacks, 0 MB globals, 16 P
gc 10002 @50.760s 4%: 0.13+0.52+0.16 ms clock, 2.1+0.80/0.78/0+2.6 ms cpu, 3->4->1 MB, 4 MB goal, 0 MB stacks, 0 MB globals, 16 P
gc 10003 @50.762s 4%: 0.10+0.65+0.097 ms clock, 1.6+0.56/0.85/0.011+1.5 ms cpu, 3->4->2 MB, 4 MB goal, 0 MB stacks, 0 MB globals, 16 P
gc 10004 @50.764s 4%: 0.14+0.51+0.10 ms clock, 2.2+0.49/0.93/0.007+1.6 ms cpu, 3->4->1 MB, 4 MB goal, 0 MB stacks, 0 MB globals, 16 P
gc 10005 @50.765s 4%: 0.11+0.53+0.082 ms clock, 1.8+0.55/0.89/0.091+1.3 ms cpu, 3->4->1 MB, 4 MB goal, 0 MB stacks, 0 MB globals, 16 P
gc 10006 @50.767s 4%: 0.10+0.54+0.15 ms clock, 1.7+0.59/0.91/0+2.4 ms cpu, 3->4->2 MB, 4 MB goal, 0 MB stacks, 0 MB globals, 16 P
gc 10007 @50.769s 4%: 0.12+0.52+0.13 ms clock, 1.9+0.56/0.85/0.006+2.2 ms cpu, 3->4->1 MB, 4 MB goal, 0 MB stacks, 0 MB globals, 16 P
gc 10008 @50.770s 4%: 0.14+0.60+0.12 ms clock, 2.3+0.63/0.80/0+1.9 ms cpu, 3->4->2 MB, 4 MB goal, 0 MB stacks, 0 MB globals, 16 P
gc 10009 @50.772s 4%: 0.12+0.69+0.086 ms clock, 1.9+0.69/0.68/0+1.3 ms cpu, 3->4->2 MB, 4 MB goal, 0 MB stacks, 0 MB globals, 16 P
gc 10010 @50.774s 4%: 0.13+0.54+0.072 ms clock, 2.1+0.61/0.71/0.037+1.1 ms cpu, 3->4->1 MB, 4 MB goal, 0 MB stacks, 0 MB globals, 16 P
gc 10011 @50.775s 4%: 0.13+0.49+0.13 ms clock, 2.1+0.43/0.79/0.041+2.1 ms cpu, 3->4->1 MB, 4 MB goal, 0 MB stacks, 0 MB globals, 16 P
gc 10012 @50.777s 4%: 0.081+0.59+0.15 ms clock, 1.2+0.43/0.87/0+2.4 ms cpu, 3->4->1 MB, 4 MB goal, 0 MB stacks, 0 MB globals, 16 P
gc 10013 @50.779s 4%: 0.10+0.58+0.13 ms clock, 1.7+0.68/0.76/0+2.1 ms cpu, 3->4->1 MB, 4 MB goal, 0 MB stacks, 0 MB globals, 16 P
gc 10014 @50.780s 4%: 0.11+0.61+0.11 ms clock, 1.8+0.75/0.69/0.011+1.8 ms cpu, 3->4->1 MB, 4 MB goal, 0 MB stacks, 0 MB globals, 16 P
gc 10015 @50.782s 4%: 0.12+0.61+0.090 ms clock, 1.9+0.50/0.81/0.074+1.4 ms cpu, 3->4->1 MB, 4 MB goal, 0 MB stacks, 0 MB globals, 16 P
gc 10016 @50.783s 4%: 0.13+0.61+0.084 ms clock, 2.1+0.51/0.80/0+1.3 ms cpu, 3->4->2 MB, 4 MB goal, 0 MB stacks, 0 MB globals, 16 P
gc 10017 @50.785s 4%: 0.17+0.56+0.12 ms clock, 2.8+0.75/0.75/0+1.9 ms cpu, 3->4->2 MB, 4 MB goal, 0 MB stacks, 0 MB globals, 16 P
gc 10018 @50.787s 4%: 0.096+0.50+0.085 ms clock, 1.5+0.46/0.83/0+1.3 ms cpu, 3->4->1 MB, 4 MB goal, 0 MB stacks, 0 MB globals, 16 P
gc 10019 @50.789s 4%: 0.10+0.52+0.085 ms clock, 1.7+0.60/0.87/0+1.3 ms cpu, 3->4->1 MB, 4 MB goal, 0 MB stacks, 0 MB globals, 16 P
gc 10020 @50.790s 4%: 0.11+0.58+0.086 ms clock, 1.8+0.54/0.96/0+1.3 ms cpu, 3->4->1 MB, 4 MB goal, 0 MB stacks, 0 MB globals, 16 P
gc 10021 @50.792s 4%: 0.12+0.78+0.11 ms clock, 2.0+0.68/0.85/0.018+1.9 ms cpu, 3->4->2 MB, 4 MB goal, 0 MB stacks, 0 MB globals, 16 P
gc 10022 @50.794s 4%: 0.12+0.55+0.070 ms clock, 1.9+0.43/0.88/0.055+1.1 ms cpu, 4->4->1 MB, 4 MB goal, 0 MB stacks, 0 MB globals, 16 P
gc 10023 @50.795s 4%: 0.17+0.59+0.19 ms clock, 2.8+0.69/0.77/0+3.1 ms cpu, 3->4->2 MB, 4 MB goal, 0 MB stacks, 0 MB globals, 16 P
gc 10024 @50.797s 4%: 0.096+0.66+0.13 ms clock, 1.5+0.62/0.86/0+2.2 ms cpu, 3->4->2 MB, 4 MB goal, 0 MB stacks, 0 MB globals, 16 P
gc 10025 @50.799s 4%: 0.10+0.68+0.079 ms clock, 1.6+0.53/0.93/0+1.2 ms cpu, 3->4->1 MB, 4 MB goal, 0 MB stacks, 0 MB globals, 16 P
gc 10026 @50.801s 4%: 0.10+0.62+0.10 ms clock, 1.6+0.58/0.95/0.001+1.7 ms cpu, 3->4->2 MB, 4 MB goal, 0 MB stacks, 0 MB globals, 16 P
gc 10027 @50.802s 4%: 0.095+0.61+0.19 ms clock, 1.5+0.53/0.73/0+3.1 ms cpu, 3->4->1 MB, 4 MB goal, 0 MB stacks, 0 MB globals, 16 P
gc 10028 @50.804s 4%: 0.11+0.66+0.098 ms clock, 1.9+0.57/0.85/0+1.5 ms cpu, 3->4->2 MB, 4 MB goal, 0 MB stacks, 0 MB globals, 16 P
gc 10029 @50.806s 4%: 0.10+0.80+0.040 ms clock, 1.7+0.57/0.84/0+0.64 ms cpu, 3->4->2 MB, 4 MB goal, 0 MB stacks, 0 MB globals, 16 P
gc 10030 @50.808s 4%: 0.11+0.65+0.091 ms clock, 1.7+0.52/0.87/0+1.4 ms cpu, 3->4->2 MB, 4 MB goal, 0 MB stacks, 0 MB globals, 16 P
gc 10031 @50.809s 4%: 0.096+0.58+0.12 ms clock, 1.5+0.55/0.78/0+2.0 ms cpu, 3->4->1 MB, 4 MB goal, 0 MB stacks, 0 MB globals, 16 P
gc 10032 @50.811s 4%: 0.15+0.64+0.078 ms clock, 2.4+0.53/0.91/0+1.2 ms cpu, 3->4->2 MB, 4 MB goal, 0 MB stacks, 0 MB globals, 16 P
gc 10033 @50.813s 4%: 0.14+0.64+0.12 ms clock, 2.2+0.66/0.85/0+1.9 ms cpu, 3->4->2 MB, 4 MB goal, 0 MB stacks, 0 MB globals, 16 P
gc 10034 @50.815s 4%: 0.11+0.59+0.10 ms clock, 1.8+0.54/0.89/0.019+1.6 ms cpu, 3->4->1 MB, 4 MB goal, 0 MB stacks, 0 MB globals, 16 P
gc 10035 @50.816s 4%: 0.11+0.58+0.087 ms clock, 1.8+0.60/0.84/0+1.3 ms cpu, 3->4->2 MB, 4 MB goal, 0 MB stacks, 0 MB globals, 16 P
gc 10036 @50.818s 4%: 0.14+0.69+0.061 ms clock, 2.2+0.60/0.89/0+0.99 ms cpu, 3->4->2 MB, 4 MB goal, 0 MB stacks, 0 MB globals, 16 P
gc 10037 @50.820s 4%: 0.12+0.54+0.14 ms clock, 2.0+0.57/0.73/0.044+2.2 ms cpu, 3->4->1 MB, 4 MB goal, 0 MB stacks, 0 MB globals, 16 P
gc 10038 @50.822s 4%: 0.12+0.54+0.060 ms clock, 2.0+0.58/0.78/0.004+0.96 ms cpu, 3->4->1 MB, 4 MB goal, 0 MB stacks, 0 MB globals, 16 P
gc 10039 @50.823s 4%: 0.12+0.49+0.11 ms clock, 2.0+0.55/0.77/0.002+1.8 ms cpu, 3->4->1 MB, 4 MB goal, 0 MB stacks, 0 MB globals, 16 P
gc 10040 @50.825s 4%: 0.12+0.75+0.11 ms clock, 2.0+0.65/0.88/0+1.8 ms cpu, 3->4->2 MB, 4 MB goal, 0 MB stacks, 0 MB globals, 16 P
gc 10041 @50.827s 4%: 0.14+0.64+0.11 ms clock, 2.3+0.64/0.70/0+1.8 ms cpu, 3->4->2 MB, 4 MB goal, 0 MB stacks, 0 MB globals, 16 P
gc 10042 @50.829s 4%: 0.13+0.45+0.12 ms clock, 2.0+0.64/0.78/0.009+2.0 ms cpu, 3->4->1 MB, 4 MB goal, 0 MB stacks, 0 MB globals, 16 P
gc 10043 @50.830s 4%: 0.16+0.65+0.10 ms clock, 2.6+0.70/0.88/0+1.7 ms cpu, 3->4->2 MB, 4 MB goal, 0 MB stacks, 0 MB globals, 16 P
gc 10044 @50.832s 4%: 0.19+0.51+0.15 ms clock, 3.1+0.61/0.81/0+2.4 ms cpu, 4->4->2 MB, 4 MB goal, 0 MB stacks, 0 MB globals, 16 P
gc 10045 @50.834s 4%: 0.093+0.56+0.063 ms clock, 1.5+0.42/0.90/0+1.0 ms cpu, 3->4->1 MB, 4 MB goal, 0 MB stacks, 0 MB globals, 16 P
gc 10046 @50.835s 4%: 0.15+0.62+0.10 ms clock, 2.5+0.52/0.78/0+1.6 ms cpu, 3->4->1 MB, 4 MB goal, 0 MB stacks, 0 MB globals, 16 P
gc 10047 @50.837s 4%: 0.16+0.58+0.095 ms clock, 2.7+0.60/0.82/0+1.5 ms cpu, 3->4->1 MB, 4 MB goal, 0 MB stacks, 0 MB globals, 16 P
gc 10048 @50.839s 4%: 0.14+0.59+0.14 ms clock, 2.2+0.65/0.81/0.003+2.3 ms cpu, 3->4->2 MB, 4 MB goal, 0 MB stacks, 0 MB globals, 16 P
gc 10049 @50.841s 4%: 0.075+0.63+0.072 ms clock, 1.2+0.68/0.80/0+1.1 ms cpu, 3->4->2 MB, 4 MB goal, 0 MB stacks, 0 MB globals, 16 P
gc 10050 @50.842s 4%: 0.12+0.61+0.15 ms clock, 1.9+0.57/0.92/0.001+2.5 ms cpu, 3->4->2 MB, 4 MB goal, 0 MB stacks, 0 MB globals, 16 P
gc 10051 @50.844s 4%: 0.11+0.61+0.090 ms clock, 1.8+0.57/0.92/0+1.4 ms cpu, 3->4->1 MB, 4 MB goal, 0 MB stacks, 0 MB globals, 16 P
gc 10052 @50.846s 4%: 0.12+0.66+0.11 ms clock, 1.9+0.77/0.86/0+1.8 ms cpu, 3->4->2 MB, 4 MB goal, 0 MB stacks, 0 MB globals, 16 P
gc 10053 @50.848s 4%: 0.14+0.73+0.10 ms clock, 2.2+0.47/0.92/0+1.6 ms cpu, 3->4->2 MB, 4 MB goal, 0 MB stacks, 0 MB globals, 16 P
gc 10054 @50.850s 4%: 0.12+0.55+0.096 ms clock, 1.9+0.61/0.78/0+1.5 ms cpu, 3->4->1 MB, 4 MB goal, 0 MB stacks, 0 MB globals, 16 P
gc 10055 @50.851s 4%: 0.15+0.67+0.096 ms clock, 2.4+0.49/0.81/0+1.5 ms cpu, 3->4->2 MB, 4 MB goal, 0 MB stacks, 0 MB globals, 16 P
gc 10056 @50.853s 4%: 0.18+0.60+0.071 ms clock, 3.0+0.51/0.93/0+1.1 ms cpu, 3->4->2 MB, 4 MB goal, 0 MB stacks, 0 MB globals, 16 P
gc 10057 @50.855s 4%: 0.11+0.61+0.080 ms clock, 1.7+0.56/0.89/0.010+1.2 ms cpu, 3->4->2 MB, 4 MB goal, 0 MB stacks, 0 MB globals, 16 P
gc 10058 @50.857s 4%: 0.11+0.55+0.11 ms clock, 1.9+0.54/0.81/0+1.7 ms cpu, 3->4->1 MB, 4 MB goal, 0 MB stacks, 0 MB globals, 16 P
gc 10059 @50.858s 4%: 0.078+0.64+0.084 ms clock, 1.2+0.53/0.85/0.001+1.3 ms cpu, 3->4->1 MB, 4 MB goal, 0 MB stacks, 0 MB globals, 16 P
gc 10060 @50.860s 4%: 0.11+0.56+0.080 ms clock, 1.8+0.48/0.83/0.002+1.2 ms cpu, 3->4->1 MB, 4 MB goal, 0 MB stacks, 0 MB globals, 16 P
gc 10061 @50.862s 4%: 0.17+0.53+0.10 ms clock, 2.7+0.63/0.80/0+1.7 ms cpu, 3->4->1 MB, 4 MB goal, 0 MB stacks, 0 MB globals, 16 P
gc 10062 @50.863s 4%: 0.10+0.57+0.10 ms clock, 1.7+0.48/0.85/0+1.6 ms cpu, 3->4->1 MB, 4 MB goal, 0 MB stacks, 0 MB globals, 16 P
gc 10063 @50.865s 4%: 0.083+0.71+0.11 ms clock, 1.3+0.47/0.90/0.082+1.9 ms cpu, 3->4->2 MB, 4 MB goal, 0 MB stacks, 0 MB globals, 16 P
gc 10064 @50.867s 4%: 0.17+1.0+0.12 ms clock, 2.8+0.63/0.79/0+1.9 ms cpu, 3->4->2 MB, 4 MB goal, 0 MB stacks, 0 MB globals, 16 P
gc 10065 @50.869s 4%: 0.13+0.66+0.11 ms clock, 2.1+0.60/0.88/0+1.8 ms cpu, 4->5->2 MB, 5 MB goal, 0 MB stacks, 0 MB globals, 16 P
gc 10066 @50.871s 4%: 0.14+0.74+0.15 ms clock, 2.3+0.49/0.89/0.001+2.4 ms cpu, 3->4->2 MB, 4 MB goal, 0 MB stacks, 0 MB globals, 16 P
gc 10067 @50.873s 4%: 0.16+0.47+0.15 ms clock, 2.5+0.70/0.78/0+2.5 ms cpu, 3->4->1 MB, 4 MB goal, 0 MB stacks, 0 MB globals, 16 P
gc 10068 @50.875s 4%: 0.10+0.63+0.12 ms clock, 1.6+0.61/0.95/0.016+1.9 ms cpu, 3->4->2 MB, 4 MB goal, 0 MB stacks, 0 MB globals, 16 P
gc 10069 @50.876s 4%: 0.14+0.53+0.11 ms clock, 2.2+0.58/0.88/0.001+1.8 ms cpu, 3->4->1 MB, 4 MB goal, 0 MB stacks, 0 MB globals, 16 P
gc 10070 @50.878s 4%: 0.11+0.51+0.15 ms clock, 1.9+0.53/0.83/0+2.4 ms cpu, 3->4->1 MB, 4 MB goal, 0 MB stacks, 0 MB globals, 16 P
gc 10071 @50.880s 4%: 0.15+0.71+0.10 ms clock, 2.4+0.55/0.90/0+1.6 ms cpu, 3->4->2 MB, 4 MB goal, 0 MB stacks, 0 MB globals, 16 P
gc 10072 @50.882s 4%: 0.14+0.67+0.11 ms clock, 2.3+0.62/0.85/0+1.8 ms cpu, 3->4->2 MB, 4 MB goal, 0 MB stacks, 0 MB globals, 16 P
gc 10073 @50.884s 4%: 0.12+0.72+0.083 ms clock, 1.9+0.57/0.90/0.022+1.3 ms cpu, 3->4->2 MB, 4 MB goal, 0 MB stacks, 0 MB globals, 16 P
gc 10074 @50.885s 4%: 0.14+0.78+0.091 ms clock, 2.3+0.59/0.79/0.044+1.4 ms cpu, 3->4->2 MB, 4 MB goal, 0 MB stacks, 0 MB globals, 16 P
gc 10075 @50.887s 4%: 0.13+0.63+0.13 ms clock, 2.1+0.57/0.88/0.053+2.1 ms cpu, 4->4->1 MB, 4 MB goal, 0 MB stacks, 0 MB globals, 16 P
gc 10076 @50.889s 4%: 0.17+0.48+0.17 ms clock, 2.7+0.69/0.77/0+2.8 ms cpu, 3->4->1 MB, 4 MB goal, 0 MB stacks, 0 MB globals, 16 P
gc 10077 @50.891s 4%: 0.14+0.66+0.097 ms clock, 2.3+0.71/0.86/0+1.5 ms cpu, 3->4->2 MB, 4 MB goal, 0 MB stacks, 0 MB globals, 16 P
gc 10078 @50.893s 4%: 0.10+0.51+0.10 ms clock, 1.7+0.54/0.89/0.013+1.6 ms cpu, 3->4->1 MB, 4 MB goal, 0 MB stacks, 0 MB globals, 16 P
gc 10079 @50.894s 4%: 0.12+0.65+0.12 ms clock, 1.9+0.59/0.89/0.003+1.9 ms cpu, 3->4->2 MB, 4 MB goal, 0 MB stacks, 0 MB globals, 16 P
gc 10080 @50.896s 4%: 0.092+0.84+0.11 ms clock, 1.4+0.38/0.93/0+1.7 ms cpu, 3->4->2 MB, 4 MB goal, 0 MB stacks, 0 MB globals, 16 P
gc 10081 @50.898s 4%: 0.11+0.63+0.093 ms clock, 1.7+0.52/1.0/0.010+1.4 ms cpu, 4->4->2 MB, 4 MB goal, 0 MB stacks, 0 MB globals, 16 P
gc 10082 @50.900s 4%: 0.14+0.58+0.12 ms clock, 2.2+0.62/0.73/0+2.0 ms cpu, 3->4->1 MB, 4 MB goal, 0 MB stacks, 0 MB globals, 16 P
gc 10083 @50.902s 4%: 0.12+0.60+0.092 ms clock, 2.0+0.59/0.84/0.004+1.4 ms cpu, 3->4->1 MB, 4 MB goal, 0 MB stacks, 0 MB globals, 16 P
gc 10084 @50.903s 4%: 0.17+0.62+0.10 ms clock, 2.7+0.71/0.79/0.043+1.7 ms cpu, 3->4->2 MB, 4 MB goal, 0 MB stacks, 0 MB globals, 16 P
gc 10085 @50.905s 4%: 0.10+0.52+0.061 ms clock, 1.6+0.52/0.93/0+0.97 ms cpu, 3->4->1 MB, 4 MB goal, 0 MB stacks, 0 MB globals, 16 P
gc 10086 @50.907s 4%: 0.20+0.45+0.16 ms clock, 3.2+0.64/0.77/0+2.6 ms cpu, 3->4->1 MB, 4 MB goal, 0 MB stacks, 0 MB globals, 16 P
gc 10087 @50.908s 4%: 0.18+0.74+0.14 ms clock, 2.9+0.59/0.92/0+2.3 ms cpu, 3->4->2 MB, 4 MB goal, 0 MB stacks, 0 MB globals, 16 P
gc 10088 @50.910s 4%: 0.19+0.56+0.13 ms clock, 3.1+0.55/0.78/0.034+2.1 ms cpu, 3->4->1 MB, 4 MB goal, 0 MB stacks, 0 MB globals, 16 P
gc 10089 @50.912s 4%: 0.16+0.57+0.11 ms clock, 2.6+0.65/0.90/0+1.7 ms cpu, 3->4->1 MB, 4 MB goal, 0 MB stacks, 0 MB globals, 16 P
gc 10090 @50.913s 4%: 0.11+0.47+0.11 ms clock, 1.8+0.51/0.80/0+1.7 ms cpu, 3->4->1 MB, 4 MB goal, 0 MB stacks, 0 MB globals, 16 P
gc 10091 @50.915s 4%: 0.17+0.58+0.11 ms clock, 2.7+0.64/0.78/0+1.8 ms cpu, 3->4->1 MB, 4 MB goal, 0 MB stacks, 0 MB globals, 16 P
gc 10092 @50.916s 4%: 0.16+0.65+0.071 ms clock, 2.5+0.46/0.83/0+1.1 ms cpu, 3->4->2 MB, 4 MB goal, 0 MB stacks, 0 MB globals, 16 P
gc 10093 @50.918s 4%: 0.11+0.77+0.068 ms clock, 1.9+0.67/0.83/0+1.0 ms cpu, 3->4->2 MB, 4 MB goal, 0 MB stacks, 0 MB globals, 16 P
gc 10094 @50.920s 4%: 0.17+0.50+0.089 ms clock, 2.8+0.48/0.83/0+1.4 ms cpu, 3->4->1 MB, 4 MB goal, 0 MB stacks, 0 MB globals, 16 P
gc 10095 @50.922s 4%: 0.17+0.51+0.11 ms clock, 2.7+0.73/0.68/0+1.9 ms cpu, 3->4->1 MB, 4 MB goal, 0 MB stacks, 0 MB globals, 16 P
gc 10096 @50.923s 4%: 0.14+0.60+0.061 ms clock, 2.2+0.65/0.76/0+0.99 ms cpu, 3->4->2 MB, 4 MB goal, 0 MB stacks, 0 MB globals, 16 P
gc 10097 @50.925s 4%: 0.10+0.90+0.095 ms clock, 1.6+0.43/0.87/0.040+1.5 ms cpu, 3->4->2 MB, 4 MB goal, 0 MB stacks, 0 MB globals, 16 P
gc 10098 @50.927s 4%: 0.15+0.52+0.098 ms clock, 2.4+0.67/0.77/0+1.5 ms cpu, 3->4->1 MB, 4 MB goal, 0 MB stacks, 0 MB globals, 16 P
gc 10099 @50.928s 4%: 0.17+0.47+0.14 ms clock, 2.7+0.69/0.82/0.007+2.3 ms cpu, 3->4->1 MB, 4 MB goal, 0 MB stacks, 0 MB globals, 16 P
gc 10100 @50.930s 4%: 0.11+0.45+0.087 ms clock, 1.9+0.67/0.79/0+1.3 ms cpu, 3->4->1 MB, 4 MB goal, 0 MB stacks, 0 MB globals, 16 P
gc 10101 @50.931s 4%: 0.16+0.59+0.12 ms clock, 2.6+0.67/0.88/0+1.9 ms cpu, 3->4->1 MB, 4 MB goal, 0 MB stacks, 0 MB globals, 16 P
gc 10102 @50.933s 4%: 0.17+0.54+0.18 ms clock, 2.8+0.68/0.70/0+2.9 ms cpu, 3->4->1 MB, 4 MB goal, 0 MB stacks, 0 MB globals, 16 P
gc 10103 @50.935s 4%: 0.13+0.92+0.079 ms clock, 2.2+0.51/0.86/0+1.2 ms cpu, 3->4->2 MB, 4 MB goal, 0 MB stacks, 0 MB globals, 16 P
gc 10104 @50.937s 4%: 0.096+0.66+0.13 ms clock, 1.5+0.66/0.87/0.031+2.1 ms cpu, 4->5->2 MB, 4 MB goal, 0 MB stacks, 0 MB globals, 16 P
gc 10105 @50.939s 4%: 0.15+0.47+0.15 ms clock, 2.4+0.58/0.72/0+2.4 ms cpu, 3->4->1 MB, 4 MB goal, 0 MB stacks, 0 MB globals, 16 P
gc 10106 @50.940s 4%: 0.11+0.69+0.10 ms clock, 1.7+0.68/0.82/0+1.6 ms cpu, 3->4->2 MB, 4 MB goal, 0 MB stacks, 0 MB globals, 16 P
gc 10107 @50.942s 4%: 0.16+0.45+0.17 ms clock, 2.5+0.63/0.78/0+2.7 ms cpu, 3->4->1 MB, 4 MB goal, 0 MB stacks, 0 MB globals, 16 P
gc 10108 @50.944s 4%: 0.17+0.68+0.082 ms clock, 2.8+0.57/0.98/0+1.3 ms cpu, 3->4->2 MB, 4 MB goal, 0 MB stacks, 0 MB globals, 16 P
gc 10109 @50.946s 4%: 0.12+0.54+0.087 ms clock, 1.9+0.53/1.0/0.011+1.4 ms cpu, 3->4->1 MB, 4 MB goal, 0 MB stacks, 0 MB globals, 16 P
gc 10110 @50.947s 4%: 0.18+0.51+0.11 ms clock, 2.9+0.52/0.74/0.009+1.8 ms cpu, 3->4->1 MB, 4 MB goal, 0 MB stacks, 0 MB globals, 16 P
gc 10111 @50.949s 4%: 0.15+0.52+0.14 ms clock, 2.4+0.75/0.87/0+2.3 ms cpu, 3->4->1 MB, 4 MB goal, 0 MB stacks, 0 MB globals, 16 P
gc 10112 @50.951s 4%: 0.12+0.55+0.10 ms clock, 2.0+0.66/0.83/0+1.6 ms cpu, 3->4->1 MB, 4 MB goal, 0 MB stacks, 0 MB globals, 16 P
gc 10113 @50.952s 4%: 0.17+0.53+0.097 ms clock, 2.7+0.72/0.73/0+1.5 ms cpu, 3->4->1 MB, 4 MB goal, 0 MB stacks, 0 MB globals, 16 P
gc 10114 @50.954s 4%: 0.13+0.77+0.089 ms clock, 2.2+0.58/0.83/0+1.4 ms cpu, 3->4->2 MB, 4 MB goal, 0 MB stacks, 0 MB globals, 16 P
gc 10115 @50.956s 4%: 0.15+0.65+0.10 ms clock, 2.4+0.61/0.90/0+1.6 ms cpu, 3->4->2 MB, 4 MB goal, 0 MB stacks, 0 MB globals, 16 P
gc 10116 @50.958s 4%: 0.12+0.78+0.087 ms clock, 1.9+0.52/0.89/0+1.3 ms cpu, 3->4->2 MB, 4 MB goal, 0 MB stacks, 0 MB globals, 16 P
gc 10117 @50.960s 4%: 0.13+0.66+0.13 ms clock, 2.1+0.55/0.90/0+2.0 ms cpu, 3->4->2 MB, 4 MB goal, 0 MB stacks, 0 MB globals, 16 P
gc 10118 @50.961s 4%: 0.13+0.66+0.11 ms clock, 2.2+0.55/0.82/0+1.8 ms cpu, 3->4->2 MB, 4 MB goal, 0 MB stacks, 0 MB globals, 16 P
gc 10119 @50.963s 4%: 0.21+0.71+0.10 ms clock, 3.4+0.68/0.74/0+1.7 ms cpu, 3->4->2 MB, 4 MB goal, 0 MB stacks, 0 MB globals, 16 P
gc 10120 @50.965s 4%: 0.10+0.58+0.14 ms clock, 1.7+0.60/0.76/0+2.3 ms cpu, 4->4->1 MB, 4 MB goal, 0 MB stacks, 0 MB globals, 16 P
gc 10121 @50.967s 4%: 0.082+0.50+0.047 ms clock, 1.3+0.54/0.79/0+0.76 ms cpu, 3->4->1 MB, 4 MB goal, 0 MB stacks, 0 MB globals, 16 P
gc 10122 @50.968s 4%: 0.16+0.50+0.10 ms clock, 2.5+0.68/0.78/0+1.7 ms cpu, 3->4->1 MB, 4 MB goal, 0 MB stacks, 0 MB globals, 16 P
gc 10123 @50.970s 4%: 0.11+0.80+0.10 ms clock, 1.8+0.67/0.69/0+1.6 ms cpu, 3->4->2 MB, 4 MB goal, 0 MB stacks, 0 MB globals, 16 P
gc 10124 @50.972s 4%: 0.10+0.79+0.077 ms clock, 1.7+0.50/0.84/0+1.2 ms cpu, 3->4->2 MB, 4 MB goal, 0 MB stacks, 0 MB globals, 16 P
gc 10125 @50.974s 4%: 0.10+0.78+0.034 ms clock, 1.7+0.55/0.74/0.001+0.54 ms cpu, 3->4->2 MB, 4 MB goal, 0 MB stacks, 0 MB globals, 16 P
gc 10126 @50.975s 4%: 0.11+0.73+0.092 ms clock, 1.9+0.64/0.92/0.066+1.4 ms cpu, 3->4->2 MB, 4 MB goal, 0 MB stacks, 0 MB globals, 16 P
gc 10127 @50.977s 4%: 0.12+0.43+0.14 ms clock, 1.9+0.69/0.76/0.005+2.3 ms cpu, 3->4->1 MB, 4 MB goal, 0 MB stacks, 0 MB globals, 16 P
gc 10128 @50.979s 4%: 0.17+0.52+0.15 ms clock, 2.8+0.56/0.92/0+2.4 ms cpu, 3->4->1 MB, 4 MB goal, 0 MB stacks, 0 MB globals, 16 P
gc 10129 @50.981s 4%: 0.10+0.50+0.11 ms clock, 1.6+0.71/0.87/0+1.8 ms cpu, 3->4->1 MB, 4 MB goal, 0 MB stacks, 0 MB globals, 16 P
gc 10130 @50.982s 4%: 0.17+0.56+0.11 ms clock, 2.7+0.57/0.85/0.005+1.8 ms cpu, 3->4->2 MB, 4 MB goal, 0 MB stacks, 0 MB globals, 16 P
gc 10131 @50.984s 4%: 0.11+0.58+0.068 ms clock, 1.8+0.52/0.93/0+1.0 ms cpu, 3->4->1 MB, 4 MB goal, 0 MB stacks, 0 MB globals, 16 P
gc 10132 @50.985s 4%: 0.15+0.49+0.11 ms clock, 2.5+0.72/0.74/0+1.8 ms cpu, 3->4->1 MB, 4 MB goal, 0 MB stacks, 0 MB globals, 16 P
gc 10133 @50.987s 4%: 0.13+0.73+0.088 ms clock, 2.1+0.52/0.94/0+1.4 ms cpu, 3->4->2 MB, 4 MB goal, 0 MB stacks, 0 MB globals, 16 P
gc 10134 @50.989s 4%: 0.10+0.55+0.13 ms clock, 1.7+0.53/0.81/0+2.2 ms cpu, 3->4->2 MB, 4 MB goal, 0 MB stacks, 0 MB globals, 16 P
gc 10135 @50.991s 4%: 0.10+0.50+0.13 ms clock, 1.7+0.59/0.78/0.036+2.0 ms cpu, 3->4->1 MB, 4 MB goal, 0 MB stacks, 0 MB globals, 16 P
gc 10136 @50.992s 4%: 0.12+0.53+0.13 ms clock, 1.9+0.63/0.69/0+2.1 ms cpu, 3->4->1 MB, 4 MB goal, 0 MB stacks, 0 MB globals, 16 P
gc 10137 @50.994s 4%: 0.13+0.65+0.089 ms clock, 2.1+0.65/1.0/0+1.4 ms cpu, 3->4->2 MB, 4 MB goal, 0 MB stacks, 0 MB globals, 16 P
gc 10138 @50.996s 4%: 0.11+0.71+0.070 ms clock, 1.8+0.74/0.81/0+1.1 ms cpu, 3->4->2 MB, 4 MB goal, 0 MB stacks, 0 MB globals, 16 P
gc 10139 @50.998s 4%: 0.090+0.69+0.075 ms clock, 1.4+0.41/0.88/0.047+1.2 ms cpu, 3->4->1 MB, 4 MB goal, 0 MB stacks, 0 MB globals, 16 P
gc 10140 @50.999s 4%: 0.11+0.49+0.11 ms clock, 1.8+0.70/0.73/0.013+1.8 ms cpu, 3->4->1 MB, 4 MB goal, 0 MB stacks, 0 MB globals, 16 P
gc 10141 @51.001s 4%: 0.081+0.41+0.10 ms clock, 1.3+0.46/0.83/0+1.7 ms cpu, 3->4->1 MB, 4 MB goal, 0 MB stacks, 0 MB globals, 16 P
gc 10142 @51.002s 4%: 0.18+0.57+0.13 ms clock, 2.9+0.61/0.81/0.014+2.0 ms cpu, 3->4->2 MB, 4 MB goal, 0 MB stacks, 0 MB globals, 16 P
gc 10143 @51.004s 4%: 0.14+0.61+0.065 ms clock, 2.2+0.58/0.73/0+1.0 ms cpu, 3->4->1 MB, 4 MB goal, 0 MB stacks, 0 MB globals, 16 P
gc 10144 @51.006s 4%: 0.097+0.50+0.081 ms clock, 1.5+0.42/0.83/0+1.2 ms cpu, 3->4->1 MB, 4 MB goal, 0 MB stacks, 0 MB globals, 16 P
gc 10145 @51.007s 4%: 0.13+0.51+0.12 ms clock, 2.1+0.70/0.78/0+1.9 ms cpu, 3->4->1 MB, 4 MB goal, 0 MB stacks, 0 MB globals, 16 P
gc 10146 @51.009s 4%: 0.14+0.56+0.093 ms clock, 2.3+0.68/0.82/0+1.4 ms cpu, 3->4->1 MB, 4 MB goal, 0 MB stacks, 0 MB globals, 16 P
gc 10147 @51.010s 4%: 0.12+0.47+0.14 ms clock, 2.0+0.55/0.77/0+2.2 ms cpu, 3->4->1 MB, 4 MB goal, 0 MB stacks, 0 MB globals, 16 P
gc 10148 @51.012s 4%: 0.22+0.56+0.076 ms clock, 3.5+0.70/0.83/0+1.2 ms cpu, 3->4->2 MB, 4 MB goal, 0 MB stacks, 0 MB globals, 16 P
gc 10149 @51.014s 4%: 0.13+0.57+0.076 ms clock, 2.1+0.47/0.87/0.035+1.2 ms cpu, 3->4->1 MB, 4 MB goal, 0 MB stacks, 0 MB globals, 16 P
gc 10150 @51.015s 4%: 0.11+0.70+0.094 ms clock, 1.7+0.55/0.84/0+1.5 ms cpu, 3->4->2 MB, 4 MB goal, 0 MB stacks, 0 MB globals, 16 P
gc 10151 @51.017s 4%: 0.11+0.51+0.080 ms clock, 1.8+0.34/0.81/0.003+1.2 ms cpu, 3->4->1 MB, 4 MB goal, 0 MB stacks, 0 MB globals, 16 P
gc 10152 @51.018s 4%: 0.10+0.67+0.12 ms clock, 1.7+0.50/0.87/0.048+1.9 ms cpu, 3->4->1 MB, 4 MB goal, 0 MB stacks, 0 MB globals, 16 P
gc 10153 @51.020s 4%: 0.16+0.52+0.097 ms clock, 2.7+0.46/0.81/0+1.5 ms cpu, 3->4->1 MB, 4 MB goal, 0 MB stacks, 0 MB globals, 16 P
gc 10154 @51.022s 4%: 0.12+0.43+0.11 ms clock, 2.0+0.56/0.76/0+1.8 ms cpu, 3->4->1 MB, 4 MB goal, 0 MB stacks, 0 MB globals, 16 P
gc 10155 @51.023s 4%: 0.10+0.49+0.090 ms clock, 1.7+0.65/0.80/0+1.4 ms cpu, 3->4->1 MB, 4 MB goal, 0 MB stacks, 0 MB globals, 16 P
gc 10156 @51.024s 4%: 0.16+0.55+0.093 ms clock, 2.7+0.63/0.74/0+1.4 ms cpu, 3->4->1 MB, 4 MB goal, 0 MB stacks, 0 MB globals, 16 P
gc 10157 @51.026s 4%: 0.11+0.42+0.19 ms clock, 1.7+0.65/0.81/0+3.0 ms cpu, 3->4->1 MB, 4 MB goal, 0 MB stacks, 0 MB globals, 16 P
gc 10158 @51.028s 4%: 0.15+0.52+0.15 ms clock, 2.4+0.57/0.82/0+2.4 ms cpu, 3->4->1 MB, 4 MB goal, 0 MB stacks, 0 MB globals, 16 P
gc 10159 @51.029s 4%: 0.14+0.59+0.079 ms clock, 2.3+0.62/0.85/0.002+1.2 ms cpu, 3->4->2 MB, 4 MB goal, 0 MB stacks, 0 MB globals, 16 P
gc 10160 @51.031s 4%: 0.12+0.68+0.10 ms clock, 2.0+0.63/0.89/0.004+1.6 ms cpu, 3->4->2 MB, 4 MB goal, 0 MB stacks, 0 MB globals, 16 P
gc 10161 @51.033s 4%: 0.10+0.67+0.10 ms clock, 1.6+0.51/0.90/0+1.6 ms cpu, 3->4->2 MB, 4 MB goal, 0 MB stacks, 0 MB globals, 16 P
gc 10162 @51.035s 4%: 0.10+0.55+0.093 ms clock, 1.6+0.60/0.77/0+1.4 ms cpu, 3->4->1 MB, 4 MB goal, 0 MB stacks, 0 MB globals, 16 P
gc 10163 @51.036s 4%: 0.13+0.80+0.099 ms clock, 2.1+0.56/0.86/0.038+1.5 ms cpu, 3->4->2 MB, 4 MB goal, 0 MB stacks, 0 MB globals, 16 P
gc 10164 @51.038s 4%: 0.14+0.55+0.16 ms clock, 2.2+0.59/0.76/0.068+2.5 ms cpu, 4->4->2 MB, 4 MB goal, 0 MB stacks, 0 MB globals, 16 P
gc 10165 @51.040s 4%: 0.14+0.48+0.14 ms clock, 2.2+0.64/0.80/0.043+2.3 ms cpu, 3->4->1 MB, 4 MB goal, 0 MB stacks, 0 MB globals, 16 P
gc 10166 @51.041s 4%: 0.11+0.68+0.085 ms clock, 1.7+0.66/1.0/0.003+1.3 ms cpu, 3->4->2 MB, 4 MB goal, 0 MB stacks, 0 MB globals, 16 P
gc 10167 @51.043s 4%: 0.099+0.57+0.098 ms clock, 1.5+0.57/0.82/0.007+1.5 ms cpu, 3->4->1 MB, 4 MB goal, 0 MB stacks, 0 MB globals, 16 P
gc 10168 @51.045s 4%: 0.11+0.69+0.088 ms clock, 1.9+0.60/0.81/0+1.4 ms cpu, 3->4->2 MB, 4 MB goal, 0 MB stacks, 0 MB globals, 16 P
gc 10169 @51.047s 4%: 0.096+0.64+0.10 ms clock, 1.5+0.64/0.83/0.001+1.6 ms cpu, 3->4->1 MB, 4 MB goal, 0 MB stacks, 0 MB globals, 16 P
gc 10170 @51.048s 4%: 0.11+0.66+0.10 ms clock, 1.7+0.52/0.98/0+1.6 ms cpu, 3->4->2 MB, 4 MB goal, 0 MB stacks, 0 MB globals, 16 P
gc 10171 @51.050s 4%: 0.11+0.57+0.20 ms clock, 1.8+0.53/0.71/0.032+3.2 ms cpu, 3->4->1 MB, 4 MB goal, 0 MB stacks, 0 MB globals, 16 P
gc 10172 @51.052s 4%: 0.15+0.67+0.12 ms clock, 2.4+0.60/0.96/0.002+1.9 ms cpu, 3->4->2 MB, 4 MB goal, 0 MB stacks, 0 MB globals, 16 P
gc 10173 @51.054s 4%: 0.16+0.58+0.16 ms clock, 2.6+0.69/0.95/0+2.5 ms cpu, 4->5->2 MB, 4 MB goal, 0 MB stacks, 0 MB globals, 16 P
gc 10174 @51.056s 4%: 0.11+0.62+0.096 ms clock, 1.9+0.52/1.0/0.001+1.5 ms cpu, 3->4->2 MB, 4 MB goal, 0 MB stacks, 0 MB globals, 16 P
gc 10175 @51.057s 4%: 0.12+0.63+0.11 ms clock, 2.0+0.63/0.81/0.005+1.8 ms cpu, 3->4->2 MB, 4 MB goal, 0 MB stacks, 0 MB globals, 16 P
gc 10176 @51.059s 4%: 0.12+0.55+0.11 ms clock, 2.0+0.56/0.89/0.002+1.9 ms cpu, 3->4->2 MB, 4 MB goal, 0 MB stacks, 0 MB globals, 16 P
gc 10177 @51.061s 4%: 0.14+0.55+0.15 ms clock, 2.2+0.49/0.78/0.036+2.5 ms cpu, 3->4->1 MB, 4 MB goal, 0 MB stacks, 0 MB globals, 16 P
gc 10178 @51.063s 4%: 0.19+0.50+0.19 ms clock, 3.0+0.53/0.81/0.010+3.1 ms cpu, 3->4->2 MB, 4 MB goal, 0 MB stacks, 0 MB globals, 16 P
gc 10179 @51.064s 4%: 0.12+0.65+0.13 ms clock, 1.9+0.57/0.86/0.006+2.0 ms cpu, 3->4->2 MB, 4 MB goal, 0 MB stacks, 0 MB globals, 16 P
gc 10180 @51.066s 4%: 0.10+0.48+0.16 ms clock, 1.6+0.38/0.87/0.024+2.5 ms cpu, 3->4->1 MB, 4 MB goal, 0 MB stacks, 0 MB globals, 16 P
gc 10181 @51.068s 4%: 0.11+0.58+0.10 ms clock, 1.8+0.49/0.96/0.026+1.7 ms cpu, 3->4->1 MB, 4 MB goal, 0 MB stacks, 0 MB globals, 16 P
gc 10182 @51.069s 4%: 0.14+0.47+0.12 ms clock, 2.3+0.52/0.75/0.002+2.0 ms cpu, 3->4->1 MB, 4 MB goal, 0 MB stacks, 0 MB globals, 16 P
gc 10183 @51.071s 4%: 0.12+0.71+0.090 ms clock, 2.0+0.70/0.83/0+1.4 ms cpu, 3->4->2 MB, 4 MB goal, 0 MB stacks, 0 MB globals, 16 P
gc 10184 @51.073s 4%: 0.14+0.49+0.16 ms clock, 2.3+0.49/0.78/0+2.6 ms cpu, 3->4->1 MB, 4 MB goal, 0 MB stacks, 0 MB globals, 16 P
gc 10185 @51.074s 4%: 0.16+0.69+0.10 ms clock, 2.5+0.56/0.85/0.023+1.6 ms cpu, 3->4->2 MB, 4 MB goal, 0 MB stacks, 0 MB globals, 16 P
gc 10186 @51.076s 4%: 0.17+0.51+0.091 ms clock, 2.7+0.60/0.87/0.001+1.4 ms cpu, 3->4->1 MB, 4 MB goal, 0 MB stacks, 0 MB globals, 16 P
gc 10187 @51.078s 4%: 0.13+0.74+0.095 ms clock, 2.1+0.76/0.87/0.004+1.5 ms cpu, 3->4->2 MB, 4 MB goal, 0 MB stacks, 0 MB globals, 16 P
gc 10188 @51.080s 4%: 0.11+0.57+0.15 ms clock, 1.8+0.47/0.84/0.062+2.4 ms cpu, 3->4->1 MB, 4 MB goal, 0 MB stacks, 0 MB globals, 16 P
gc 10189 @51.082s 4%: 0.12+0.59+0.12 ms clock, 1.9+0.65/0.77/0+2.0 ms cpu, 3->4->2 MB, 4 MB goal, 0 MB stacks, 0 MB globals, 16 P
gc 10190 @51.083s 4%: 0.16+0.77+0.11 ms clock, 2.7+0.70/0.83/0+1.8 ms cpu, 3->4->2 MB, 4 MB goal, 0 MB stacks, 0 MB globals, 16 P
gc 10191 @51.085s 4%: 0.11+0.62+0.11 ms clock, 1.8+0.48/0.84/0.005+1.7 ms cpu, 4->4->1 MB, 4 MB goal, 0 MB stacks, 0 MB globals, 16 P
gc 10192 @51.087s 4%: 0.15+0.48+0.12 ms clock, 2.4+0.68/0.81/0+1.9 ms cpu, 3->4->1 MB, 4 MB goal, 0 MB stacks, 0 MB globals, 16 P
gc 10193 @51.089s 4%: 0.081+0.60+0.11 ms clock, 1.2+0.63/0.81/0+1.8 ms cpu, 3->4->1 MB, 4 MB goal, 0 MB stacks, 0 MB globals, 16 P
gc 10194 @51.090s 4%: 0.12+0.60+0.10 ms clock, 2.0+0.70/0.86/0.020+1.7 ms cpu, 3->4->2 MB, 4 MB goal, 0 MB stacks, 0 MB globals, 16 P
gc 10195 @51.092s 4%: 0.11+0.76+0.082 ms clock, 1.8+0.52/0.86/0+1.3 ms cpu, 3->4->2 MB, 4 MB goal, 0 MB stacks, 0 MB globals, 16 P
gc 10196 @51.094s 4%: 0.13+0.49+0.18 ms clock, 2.1+0.64/0.79/0+2.9 ms cpu, 3->4->1 MB, 4 MB goal, 0 MB stacks, 0 MB globals, 16 P
gc 10197 @51.096s 4%: 0.12+0.53+0.12 ms clock, 2.0+0.58/0.88/0+2.0 ms cpu, 3->4->1 MB, 4 MB goal, 0 MB stacks, 0 MB globals, 16 P
gc 10198 @51.097s 4%: 0.15+0.60+0.075 ms clock, 2.4+0.58/0.83/0.003+1.2 ms cpu, 3->4->2 MB, 4 MB goal, 0 MB stacks, 0 MB globals, 16 P
gc 10199 @51.099s 4%: 0.16+0.58+0.062 ms clock, 2.6+0.58/0.86/0+0.99 ms cpu, 3->4->2 MB, 4 MB goal, 0 MB stacks, 0 MB globals, 16 P
gc 10200 @51.101s 4%: 0.12+0.50+0.11 ms clock, 2.0+0.62/0.81/0+1.8 ms cpu, 3->4->1 MB, 4 MB goal, 0 MB stacks, 0 MB globals, 16 P
gc 10201 @51.102s 4%: 0.11+0.64+0.077 ms clock, 1.8+0.52/0.90/0.001+1.2 ms cpu, 3->4->1 MB, 4 MB goal, 0 MB stacks, 0 MB globals, 16 P
gc 10202 @51.104s 4%: 0.12+0.89+0.047 ms clock, 2.0+0.57/0.80/0+0.76 ms cpu, 3->4->2 MB, 4 MB goal, 0 MB stacks, 0 MB globals, 16 P
gc 10203 @51.106s 4%: 0.14+0.59+0.11 ms clock, 2.3+0.57/0.86/0.010+1.8 ms cpu, 4->4->2 MB, 4 MB goal, 0 MB stacks, 0 MB globals, 16 P
gc 10204 @51.108s 4%: 0.14+0.62+0.12 ms clock, 2.2+0.57/1.0/0.008+2.0 ms cpu, 3->4->2 MB, 4 MB goal, 0 MB stacks, 0 MB globals, 16 P
gc 10205 @51.110s 4%: 0.14+0.71+0.10 ms clock, 2.3+0.50/0.76/0+1.7 ms cpu, 3->4->2 MB, 4 MB goal, 0 MB stacks, 0 MB globals, 16 P
gc 10206 @51.112s 4%: 0.11+0.77+0.069 ms clock, 1.8+0.65/1.0/0+1.1 ms cpu, 3->4->2 MB, 4 MB goal, 0 MB stacks, 0 MB globals, 16 P
gc 10207 @51.114s 4%: 0.12+0.55+0.14 ms clock, 1.9+0.53/0.88/0.009+2.3 ms cpu, 4->4->2 MB, 4 MB goal, 0 MB stacks, 0 MB globals, 16 P
gc 10208 @51.115s 4%: 0.14+0.58+0.11 ms clock, 2.2+0.69/0.77/0.012+1.8 ms cpu, 3->4->1 MB, 4 MB goal, 0 MB stacks, 0 MB globals, 16 P
gc 10209 @51.117s 4%: 0.20+0.73+0.10 ms clock, 3.2+0.53/0.96/0+1.7 ms cpu, 3->4->2 MB, 4 MB goal, 0 MB stacks, 0 MB globals, 16 P
gc 10210 @51.119s 4%: 0.11+0.46+0.14 ms clock, 1.8+0.63/0.74/0.029+2.3 ms cpu, 3->4->1 MB, 4 MB goal, 0 MB stacks, 0 MB globals, 16 P
gc 10211 @51.120s 4%: 0.10+0.51+0.16 ms clock, 1.7+0.57/0.84/0+2.6 ms cpu, 3->4->1 MB, 4 MB goal, 0 MB stacks, 0 MB globals, 16 P
gc 10212 @51.122s 4%: 0.14+0.65+0.099 ms clock, 2.3+0.59/0.80/0+1.5 ms cpu, 3->4->2 MB, 4 MB goal, 0 MB stacks, 0 MB globals, 16 P
gc 10213 @51.124s 4%: 0.13+0.46+0.14 ms clock, 2.1+0.68/0.82/0+2.3 ms cpu, 3->4->1 MB, 4 MB goal, 0 MB stacks, 0 MB globals, 16 P
gc 10214 @51.125s 4%: 0.10+0.53+0.13 ms clock, 1.7+0.66/0.63/0+2.1 ms cpu, 3->4->1 MB, 4 MB goal, 0 MB stacks, 0 MB globals, 16 P
gc 10215 @51.127s 4%: 0.17+0.53+0.091 ms clock, 2.7+0.67/0.81/0+1.4 ms cpu, 3->4->1 MB, 4 MB goal, 0 MB stacks, 0 MB globals, 16 P
gc 10216 @51.128s 4%: 0.11+0.70+0.086 ms clock, 1.7+0.48/0.89/0.064+1.3 ms cpu, 3->4->2 MB, 4 MB goal, 0 MB stacks, 0 MB globals, 16 P
gc 10217 @51.130s 4%: 0.13+0.53+0.087 ms clock, 2.1+0.52/0.78/0.072+1.4 ms cpu, 3->4->1 MB, 4 MB goal, 0 MB stacks, 0 MB globals, 16 P
gc 10218 @51.132s 4%: 0.16+0.50+0.18 ms clock, 2.6+0.61/1.0/0+2.9 ms cpu, 3->4->1 MB, 4 MB goal, 0 MB stacks, 0 MB globals, 16 P
gc 10219 @51.133s 4%: 0.11+0.58+0.10 ms clock, 1.8+0.57/0.92/0.045+1.7 ms cpu, 3->4->1 MB, 4 MB goal, 0 MB stacks, 0 MB globals, 16 P
gc 10220 @51.135s 4%: 0.10+0.52+0.099 ms clock, 1.6+0.51/0.85/0.048+1.5 ms cpu, 3->4->1 MB, 4 MB goal, 0 MB stacks, 0 MB globals, 16 P
gc 10221 @51.137s 4%: 0.10+0.80+0.096 ms clock, 1.6+0.52/0.94/0.003+1.5 ms cpu, 3->4->2 MB, 4 MB goal, 0 MB stacks, 0 MB globals, 16 P
gc 10222 @51.139s 4%: 0.12+0.62+0.10 ms clock, 2.0+0.54/0.88/0+1.7 ms cpu, 4->4->2 MB, 4 MB goal, 0 MB stacks, 0 MB globals, 16 P
gc 10223 @51.140s 4%: 0.11+0.65+0.084 ms clock, 1.8+0.63/0.89/0.001+1.3 ms cpu, 3->4->2 MB, 4 MB goal, 0 MB stacks, 0 MB globals, 16 P
gc 10224 @51.142s 4%: 0.11+0.71+0.10 ms clock, 1.7+0.58/0.84/0+1.7 ms cpu, 3->4->2 MB, 4 MB goal, 0 MB stacks, 0 MB globals, 16 P
gc 10225 @51.144s 4%: 0.13+0.61+0.074 ms clock, 2.1+0.60/0.87/0.009+1.1 ms cpu, 3->4->2 MB, 4 MB goal, 0 MB stacks, 0 MB globals, 16 P
gc 10226 @51.146s 4%: 0.12+0.64+0.086 ms clock, 2.0+0.62/0.75/0+1.3 ms cpu, 3->4->2 MB, 4 MB goal, 0 MB stacks, 0 MB globals, 16 P
gc 10227 @51.148s 4%: 0.15+0.51+0.12 ms clock, 2.4+0.52/0.76/0.028+2.0 ms cpu, 3->4->1 MB, 4 MB goal, 0 MB stacks, 0 MB globals, 16 P
gc 10228 @51.149s 4%: 0.17+0.61+0.091 ms clock, 2.7+0.61/0.94/0.060+1.4 ms cpu, 3->4->2 MB, 4 MB goal, 0 MB stacks, 0 MB globals, 16 P
gc 10229 @51.151s 4%: 0.11+0.59+0.078 ms clock, 1.7+0.45/0.90/0+1.2 ms cpu, 3->4->1 MB, 4 MB goal, 0 MB stacks, 0 MB globals, 16 P
gc 10230 @51.153s 4%: 0.11+0.55+0.20 ms clock, 1.8+0.52/0.81/0.098+3.3 ms cpu, 3->4->1 MB, 4 MB goal, 0 MB stacks, 0 MB globals, 16 P
gc 10231 @51.155s 4%: 0.10+0.54+0.19 ms clock, 1.7+0.54/0.76/0+3.0 ms cpu, 3->4->1 MB, 4 MB goal, 0 MB stacks, 0 MB globals, 16 P
gc 10232 @51.156s 4%: 0.10+0.54+0.15 ms clock, 1.6+0.62/0.95/0+2.4 ms cpu, 3->4->1 MB, 4 MB goal, 0 MB stacks, 0 MB globals, 16 P
gc 10233 @51.158s 4%: 0.12+0.51+0.082 ms clock, 2.0+0.50/0.85/0+1.3 ms cpu, 3->4->1 MB, 4 MB goal, 0 MB stacks, 0 MB globals, 16 P
gc 10234 @51.159s 4%: 0.10+0.64+0.055 ms clock, 1.6+0.61/0.76/0.015+0.89 ms cpu, 3->4->2 MB, 4 MB goal, 0 MB stacks, 0 MB globals, 16 P
gc 10235 @51.161s 4%: 0.12+0.60+0.087 ms clock, 1.9+0.59/0.83/0+1.4 ms cpu, 3->4->2 MB, 4 MB goal, 0 MB stacks, 0 MB globals, 16 P
gc 10236 @51.163s 4%: 0.23+0.53+0.19 ms clock, 3.7+0.59/0.78/0+3.1 ms cpu, 3->4->2 MB, 4 MB goal, 0 MB stacks, 0 MB globals, 16 P
gc 10237 @51.164s 4%: 0.095+0.53+0.093 ms clock, 1.5+0.60/0.81/0+1.4 ms cpu, 3->4->1 MB, 4 MB goal, 0 MB stacks, 0 MB globals, 16 P
gc 10238 @51.166s 4%: 0.10+0.51+0.082 ms clock, 1.7+0.63/0.74/0+1.3 ms cpu, 3->4->1 MB, 4 MB goal, 0 MB stacks, 0 MB globals, 16 P
gc 10239 @51.168s 4%: 0.15+0.49+0.10 ms clock, 2.5+0.48/0.86/0.010+1.6 ms cpu, 3->4->1 MB, 4 MB goal, 0 MB stacks, 0 MB globals, 16 P
gc 10240 @51.169s 4%: 0.14+0.78+0.091 ms clock, 2.2+0.58/0.94/0.015+1.4 ms cpu, 3->4->2 MB, 4 MB goal, 0 MB stacks, 0 MB globals, 16 P
gc 10241 @51.171s 4%: 0.12+0.64+0.090 ms clock, 1.9+0.48/0.90/0.014+1.4 ms cpu, 3->4->2 MB, 4 MB goal, 0 MB stacks, 0 MB globals, 16 P
gc 10242 @51.173s 4%: 0.13+0.70+0.10 ms clock, 2.0+0.57/0.96/0.038+1.7 ms cpu, 3->4->2 MB, 4 MB goal, 0 MB stacks, 0 MB globals, 16 P
gc 10243 @51.175s 4%: 0.11+0.53+0.13 ms clock, 1.8+0.39/0.89/0.11+2.1 ms cpu, 3->4->1 MB, 4 MB goal, 0 MB stacks, 0 MB globals, 16 P
gc 10244 @51.176s 4%: 0.14+0.59+0.14 ms clock, 2.3+0.68/0.90/0+2.2 ms cpu, 3->4->2 MB, 4 MB goal, 0 MB stacks, 0 MB globals, 16 P
gc 10245 @51.178s 4%: 0.19+0.72+0.080 ms clock, 3.1+0.56/0.86/0.004+1.2 ms cpu, 3->4->2 MB, 4 MB goal, 0 MB stacks, 0 MB globals, 16 P
gc 10246 @51.180s 4%: 0.18+0.51+0.13 ms clock, 2.9+0.69/0.79/0.006+2.2 ms cpu, 3->4->1 MB, 4 MB goal, 0 MB stacks, 0 MB globals, 16 P
gc 10247 @51.182s 4%: 0.16+0.80+0.10 ms clock, 2.6+0.64/0.88/0+1.6 ms cpu, 3->4->2 MB, 4 MB goal, 0 MB stacks, 0 MB globals, 16 P
gc 10248 @51.184s 4%: 0.16+0.68+0.14 ms clock, 2.6+0.71/0.89/0+2.3 ms cpu, 4->5->2 MB, 5 MB goal, 0 MB stacks, 0 MB globals, 16 P
gc 10249 @51.186s 4%: 0.10+0.63+0.12 ms clock, 1.6+0.52/0.87/0+2.0 ms cpu, 3->4->1 MB, 4 MB goal, 0 MB stacks, 0 MB globals, 16 P
gc 10250 @51.188s 4%: 0.15+0.70+0.10 ms clock, 2.5+0.62/0.82/0+1.6 ms cpu, 3->4->2 MB, 4 MB goal, 0 MB stacks, 0 MB globals, 16 P
gc 10251 @51.190s 4%: 0.14+0.79+0.084 ms clock, 2.3+0.61/0.98/0+1.3 ms cpu, 3->4->2 MB, 4 MB goal, 0 MB stacks, 0 MB globals, 16 P
gc 10252 @51.192s 4%: 0.096+0.67+0.17 ms clock, 1.5+0.63/0.95/0+2.8 ms cpu, 4->4->2 MB, 4 MB goal, 0 MB stacks, 0 MB globals, 16 P
gc 10253 @51.194s 4%: 0.14+0.58+0.10 ms clock, 2.3+0.61/0.98/0+1.6 ms cpu, 3->4->2 MB, 4 MB goal, 0 MB stacks, 0 MB globals, 16 P
gc 10254 @51.195s 4%: 0.10+0.59+0.088 ms clock, 1.6+0.74/0.73/0.007+1.4 ms cpu, 3->4->1 MB, 4 MB goal, 0 MB stacks, 0 MB globals, 16 P
gc 10255 @51.197s 4%: 0.15+0.50+0.12 ms clock, 2.4+0.74/0.73/0+2.0 ms cpu, 3->4->1 MB, 4 MB goal, 0 MB stacks, 0 MB globals, 16 P
gc 10256 @51.199s 4%: 0.13+0.48+0.15 ms clock, 2.1+0.46/0.80/0.008+2.4 ms cpu, 3->4->1 MB, 4 MB goal, 0 MB stacks, 0 MB globals, 16 P
gc 10257 @51.200s 4%: 0.16+0.68+0.11 ms clock, 2.6+0.63/0.87/0.001+1.8 ms cpu, 3->4->2 MB, 4 MB goal, 0 MB stacks, 0 MB globals, 16 P
gc 10258 @51.202s 4%: 0.12+0.46+0.10 ms clock, 1.9+0.70/0.72/0+1.7 ms cpu, 3->4->1 MB, 4 MB goal, 0 MB stacks, 0 MB globals, 16 P
gc 10259 @51.203s 4%: 0.14+0.75+0.13 ms clock, 2.3+0.58/0.84/0.055+2.1 ms cpu, 3->4->2 MB, 4 MB goal, 0 MB stacks, 0 MB globals, 16 P
gc 10260 @51.205s 4%: 0.11+0.49+0.11 ms clock, 1.9+0.58/0.74/0+1.8 ms cpu, 3->4->1 MB, 4 MB goal, 0 MB stacks, 0 MB globals, 16 P
gc 10261 @51.207s 4%: 0.13+0.77+0.12 ms clock, 2.1+0.64/1.0/0+1.9 ms cpu, 3->4->2 MB, 4 MB goal, 0 MB stacks, 0 MB globals, 16 P
gc 10262 @51.209s 4%: 0.10+0.67+0.068 ms clock, 1.7+0.72/0.85/0.017+1.0 ms cpu, 4->4->2 MB, 4 MB goal, 0 MB stacks, 0 MB globals, 16 P
gc 10263 @51.211s 4%: 0.15+0.51+0.091 ms clock, 2.5+0.66/0.87/0+1.4 ms cpu, 3->4->1 MB, 4 MB goal, 0 MB stacks, 0 MB globals, 16 P
gc 10264 @51.212s 4%: 0.23+0.64+0.14 ms clock, 3.7+0.69/0.83/0+2.2 ms cpu, 3->4->1 MB, 4 MB goal, 0 MB stacks, 0 MB globals, 16 P
gc 10265 @51.214s 4%: 0.14+0.61+0.10 ms clock, 2.3+0.53/0.90/0+1.7 ms cpu, 3->4->2 MB, 4 MB goal, 0 MB stacks, 0 MB globals, 16 P
gc 10266 @51.216s 4%: 0.11+0.48+0.10 ms clock, 1.8+0.61/0.96/0.035+1.7 ms cpu, 3->4->1 MB, 4 MB goal, 0 MB stacks, 0 MB globals, 16 P
gc 10267 @51.217s 4%: 0.15+0.53+0.099 ms clock, 2.5+0.61/0.89/0.057+1.5 ms cpu, 3->4->1 MB, 4 MB goal, 0 MB stacks, 0 MB globals, 16 P
gc 10268 @51.219s 4%: 0.12+0.51+0.11 ms clock, 2.0+0.66/0.90/0.001+1.8 ms cpu, 3->4->1 MB, 4 MB goal, 0 MB stacks, 0 MB globals, 16 P
gc 10269 @51.220s 4%: 0.082+0.67+0.061 ms clock, 1.3+0.52/0.86/0+0.98 ms cpu, 3->4->1 MB, 4 MB goal, 0 MB stacks, 0 MB globals, 16 P
gc 10270 @51.222s 4%: 0.11+0.65+0.095 ms clock, 1.8+0.47/0.98/0+1.5 ms cpu, 3->4->2 MB, 4 MB goal, 0 MB stacks, 0 MB globals, 16 P
gc 10271 @51.224s 4%: 0.10+0.66+0.13 ms clock, 1.7+0.51/0.84/0+2.1 ms cpu, 3->4->2 MB, 4 MB goal, 0 MB stacks, 0 MB globals, 16 P
gc 10272 @51.226s 4%: 0.17+0.64+0.10 ms clock, 2.7+0.64/0.79/0+1.7 ms cpu, 3->4->2 MB, 4 MB goal, 0 MB stacks, 0 MB globals, 16 P
gc 10273 @51.227s 4%: 0.13+0.52+0.13 ms clock, 2.2+0.60/0.74/0+2.1 ms cpu, 3->4->1 MB, 4 MB goal, 0 MB stacks, 0 MB globals, 16 P
gc 10274 @51.229s 4%: 0.14+0.55+0.091 ms clock, 2.3+0.60/0.86/0.001+1.4 ms cpu, 3->4->2 MB, 4 MB goal, 0 MB stacks, 0 MB globals, 16 P
gc 10275 @51.231s 4%: 0.11+0.69+0.098 ms clock, 1.9+0.60/0.86/0.025+1.5 ms cpu, 3->4->2 MB, 4 MB goal, 0 MB stacks, 0 MB globals, 16 P
gc 10276 @51.233s 4%: 0.10+0.65+0.097 ms clock, 1.6+0.41/0.86/0.015+1.5 ms cpu, 3->4->2 MB, 4 MB goal, 0 MB stacks, 0 MB globals, 16 P
gc 10277 @51.234s 4%: 0.14+0.60+0.13 ms clock, 2.3+0.59/0.81/0+2.1 ms cpu, 3->4->1 MB, 4 MB goal, 0 MB stacks, 0 MB globals, 16 P
gc 10278 @51.236s 4%: 0.17+0.49+0.11 ms clock, 2.8+0.43/0.93/0.003+1.8 ms cpu, 3->4->2 MB, 4 MB goal, 0 MB stacks, 0 MB globals, 16 P
gc 10279 @51.238s 4%: 0.16+0.43+0.12 ms clock, 2.5+0.69/0.71/0+1.9 ms cpu, 3->4->1 MB, 4 MB goal, 0 MB stacks, 0 MB globals, 16 P
gc 10280 @51.239s 4%: 0.12+0.47+0.087 ms clock, 2.0+0.67/0.83/0+1.3 ms cpu, 3->3->1 MB, 4 MB goal, 0 MB stacks, 0 MB globals, 16 P
gc 10281 @51.241s 4%: 0.11+0.67+0.094 ms clock, 1.8+0.65/0.89/0.001+1.5 ms cpu, 3->4->2 MB, 4 MB goal, 0 MB stacks, 0 MB globals, 16 P
gc 10282 @51.242s 4%: 0.10+0.55+0.19 ms clock, 1.7+0.57/1.0/0.009+3.1 ms cpu, 3->4->1 MB, 4 MB goal, 0 MB stacks, 0 MB globals, 16 P
gc 10283 @51.244s 4%: 0.20+0.52+0.13 ms clock, 3.2+0.65/0.89/0.034+2.1 ms cpu, 3->4->1 MB, 4 MB goal, 0 MB stacks, 0 MB globals, 16 P
gc 10284 @51.246s 4%: 0.14+0.59+0.096 ms clock, 2.3+0.80/0.91/0+1.5 ms cpu, 3->4->2 MB, 4 MB goal, 0 MB stacks, 0 MB globals, 16 P
gc 10285 @51.247s 4%: 0.14+0.64+0.13 ms clock, 2.3+0.67/0.95/0.037+2.1 ms cpu, 3->4->2 MB, 4 MB goal, 0 MB stacks, 0 MB globals, 16 P
gc 10286 @51.249s 4%: 0.11+0.70+0.10 ms clock, 1.7+0.70/0.94/0+1.7 ms cpu, 3->4->2 MB, 4 MB goal, 0 MB stacks, 0 MB globals, 16 P
gc 10287 @51.251s 4%: 0.13+0.58+0.087 ms clock, 2.1+0.67/0.84/0.012+1.4 ms cpu, 3->4->2 MB, 4 MB goal, 0 MB stacks, 0 MB globals, 16 P
gc 10288 @51.253s 4%: 0.11+0.54+0.15 ms clock, 1.8+0.63/0.88/0+2.4 ms cpu, 3->4->2 MB, 4 MB goal, 0 MB stacks, 0 MB globals, 16 P
gc 10289 @51.255s 4%: 0.10+0.58+0.13 ms clock, 1.7+0.55/0.76/0+2.1 ms cpu, 3->4->1 MB, 4 MB goal, 0 MB stacks, 0 MB globals, 16 P
gc 10290 @51.256s 4%: 0.11+0.54+0.067 ms clock, 1.8+0.53/0.83/0+1.0 ms cpu, 3->4->1 MB, 4 MB goal, 0 MB stacks, 0 MB globals, 16 P
gc 10291 @51.258s 4%: 0.17+0.50+0.10 ms clock, 2.7+0.62/0.82/0+1.6 ms cpu, 3->4->1 MB, 4 MB goal, 0 MB stacks, 0 MB globals, 16 P
gc 10292 @51.259s 4%: 0.10+0.53+0.10 ms clock, 1.6+0.43/0.86/0.010+1.6 ms cpu, 3->4->1 MB, 4 MB goal, 0 MB stacks, 0 MB globals, 16 P
gc 10293 @51.261s 4%: 0.13+0.59+0.14 ms clock, 2.1+0.47/0.92/0.019+2.3 ms cpu, 3->4->1 MB, 4 MB goal, 0 MB stacks, 0 MB globals, 16 P
gc 10294 @51.262s 4%: 0.11+0.62+0.11 ms clock, 1.8+0.48/0.86/0.015+1.7 ms cpu, 3->4->1 MB, 4 MB goal, 0 MB stacks, 0 MB globals, 16 P
gc 10295 @51.264s 4%: 0.095+0.76+0.13 ms clock, 1.5+0.51/0.82/0.030+2.2 ms cpu, 3->4->2 MB, 4 MB goal, 0 MB stacks, 0 MB globals, 16 P
gc 10296 @51.266s 4%: 0.11+0.49+0.15 ms clock, 1.7+0.52/0.84/0.001+2.4 ms cpu, 3->4->1 MB, 4 MB goal, 0 MB stacks, 0 MB globals, 16 P
gc 10297 @51.268s 4%: 0.14+0.54+0.13 ms clock, 2.2+0.53/0.83/0.008+2.1 ms cpu, 3->4->1 MB, 4 MB goal, 0 MB stacks, 0 MB globals, 16 P
gc 10298 @51.269s 4%: 0.11+0.40+0.10 ms clock, 1.8+0.61/0.85/0+1.6 ms cpu, 3->4->1 MB, 4 MB goal, 0 MB stacks, 0 MB globals, 16 P
gc 10299 @51.270s 4%: 0.13+0.59+0.061 ms clock, 2.1+0.70/0.80/0+0.97 ms cpu, 3->4->1 MB, 4 MB goal, 0 MB stacks, 0 MB globals, 16 P
gc 10300 @51.272s 4%: 0.11+0.49+0.14 ms clock, 1.8+0.50/0.83/0.014+2.3 ms cpu, 3->4->1 MB, 4 MB goal, 0 MB stacks, 0 MB globals, 16 P
gc 10301 @51.274s 4%: 0.14+0.52+0.14 ms clock, 2.3+0.57/0.79/0+2.3 ms cpu, 3->4->1 MB, 4 MB goal, 0 MB stacks, 0 MB globals, 16 P
gc 10302 @51.275s 4%: 0.14+0.50+0.11 ms clock, 2.2+0.68/0.79/0+1.8 ms cpu, 3->4->2 MB, 4 MB goal, 0 MB stacks, 0 MB globals, 16 P
gc 10303 @51.277s 4%: 0.14+0.60+0.12 ms clock, 2.3+0.60/0.80/0+2.0 ms cpu, 3->4->1 MB, 4 MB goal, 0 MB stacks, 0 MB globals, 16 P
gc 10304 @51.279s 4%: 0.11+0.67+0.15 ms clock, 1.8+0.51/0.69/0.082+2.5 ms cpu, 3->4->2 MB, 4 MB goal, 0 MB stacks, 0 MB globals, 16 P
gc 10305 @51.280s 4%: 0.13+0.57+0.068 ms clock, 2.1+0.48/0.84/0+1.1 ms cpu, 3->4->1 MB, 4 MB goal, 0 MB stacks, 0 MB globals, 16 P
gc 10306 @51.282s 4%: 0.12+0.49+0.11 ms clock, 2.0+0.70/0.78/0.030+1.8 ms cpu, 3->4->1 MB, 4 MB goal, 0 MB stacks, 0 MB globals, 16 P
gc 10307 @51.284s 4%: 0.11+0.58+0.095 ms clock, 1.8+0.54/0.99/0.003+1.5 ms cpu, 3->4->1 MB, 4 MB goal, 0 MB stacks, 0 MB globals, 16 P
gc 10308 @51.285s 4%: 0.12+0.60+0.11 ms clock, 2.0+0.54/0.90/0.035+1.8 ms cpu, 3->4->1 MB, 4 MB goal, 0 MB stacks, 0 MB globals, 16 P
gc 10309 @51.287s 4%: 0.13+0.66+0.12 ms clock, 2.1+0.53/0.86/0+1.9 ms cpu, 3->4->2 MB, 4 MB goal, 0 MB stacks, 0 MB globals, 16 P
gc 10310 @51.289s 4%: 0.11+0.62+0.15 ms clock, 1.8+0.51/0.92/0+2.5 ms cpu, 3->4->2 MB, 4 MB goal, 0 MB stacks, 0 MB globals, 16 P
gc 10311 @51.290s 4%: 0.13+0.71+0.11 ms clock, 2.0+0.73/0.83/0+1.7 ms cpu, 3->4->2 MB, 4 MB goal, 0 MB stacks, 0 MB globals, 16 P
gc 10312 @51.292s 4%: 0.12+0.46+0.17 ms clock, 1.9+0.64/0.80/0.045+2.8 ms cpu, 3->4->1 MB, 4 MB goal, 0 MB stacks, 0 MB globals, 16 P
gc 10313 @51.294s 4%: 0.18+0.65+0.12 ms clock, 3.0+0.68/0.81/0+1.9 ms cpu, 3->4->2 MB, 4 MB goal, 0 MB stacks, 0 MB globals, 16 P
gc 10314 @51.296s 4%: 0.17+0.54+0.13 ms clock, 2.7+0.76/0.84/0+2.2 ms cpu, 3->4->2 MB, 4 MB goal, 0 MB stacks, 0 MB globals, 16 P
gc 10315 @51.297s 4%: 0.095+0.51+0.11 ms clock, 1.5+0.51/0.92/0+1.7 ms cpu, 3->4->1 MB, 4 MB goal, 0 MB stacks, 0 MB globals, 16 P
gc 10316 @51.299s 4%: 0.16+0.63+0.10 ms clock, 2.6+0.53/0.78/0.010+1.6 ms cpu, 3->4->2 MB, 4 MB goal, 0 MB stacks, 0 MB globals, 16 P
gc 10317 @51.301s 4%: 0.10+0.49+0.10 ms clock, 1.7+0.52/0.81/0.009+1.6 ms cpu, 3->4->1 MB, 4 MB goal, 0 MB stacks, 0 MB globals, 16 P
gc 10318 @51.302s 4%: 0.11+0.49+0.098 ms clock, 1.8+0.58/0.73/0.015+1.5 ms cpu, 3->4->1 MB, 4 MB goal, 0 MB stacks, 0 MB globals, 16 P
gc 10319 @51.304s 4%: 0.092+0.58+0.095 ms clock, 1.4+0.52/0.78/0.017+1.5 ms cpu, 3->4->1 MB, 4 MB goal, 0 MB stacks, 0 MB globals, 16 P
gc 10320 @51.305s 4%: 0.20+0.55+0.11 ms clock, 3.3+0.62/0.95/0+1.7 ms cpu, 3->4->1 MB, 4 MB goal, 0 MB stacks, 0 MB globals, 16 P
gc 10321 @51.307s 4%: 0.15+0.59+0.10 ms clock, 2.4+0.66/0.80/0.032+1.6 ms cpu, 3->4->2 MB, 4 MB goal, 0 MB stacks, 0 MB globals, 16 P
gc 10322 @51.309s 4%: 0.10+0.65+0.073 ms clock, 1.7+0.48/0.88/0+1.1 ms cpu, 3->4->2 MB, 4 MB goal, 0 MB stacks, 0 MB globals, 16 P
gc 10323 @51.311s 4%: 0.15+0.56+0.071 ms clock, 2.4+0.48/0.79/0.074+1.1 ms cpu, 3->4->1 MB, 4 MB goal, 0 MB stacks, 0 MB globals, 16 P
gc 10324 @51.312s 4%: 0.12+0.60+0.10 ms clock, 1.9+0.52/0.86/0.005+1.7 ms cpu, 3->4->1 MB, 4 MB goal, 0 MB stacks, 0 MB globals, 16 P
gc 10325 @51.314s 4%: 0.12+0.59+0.15 ms clock, 1.9+0.44/0.87/0+2.4 ms cpu, 3->4->2 MB, 4 MB goal, 0 MB stacks, 0 MB globals, 16 P
gc 10326 @51.316s 4%: 0.13+0.56+0.12 ms clock, 2.1+0.74/0.81/0+1.9 ms cpu, 3->4->1 MB, 4 MB goal, 0 MB stacks, 0 MB globals, 16 P
gc 10327 @51.317s 4%: 0.13+0.51+0.14 ms clock, 2.1+0.54/0.84/0+2.3 ms cpu, 3->4->1 MB, 4 MB goal, 0 MB stacks, 0 MB globals, 16 P
gc 10328 @51.319s 4%: 0.092+0.58+0.10 ms clock, 1.4+0.57/0.91/0+1.6 ms cpu, 3->4->1 MB, 4 MB goal, 0 MB stacks, 0 MB globals, 16 P
gc 10329 @51.320s 4%: 0.11+0.69+0.11 ms clock, 1.8+0.59/0.91/0+1.7 ms cpu, 3->4->2 MB, 4 MB goal, 0 MB stacks, 0 MB globals, 16 P
gc 10330 @51.322s 4%: 0.14+0.53+0.11 ms clock, 2.3+0.62/0.87/0.008+1.9 ms cpu, 3->4->2 MB, 4 MB goal, 0 MB stacks, 0 MB globals, 16 P
gc 10331 @51.324s 4%: 0.13+0.49+0.18 ms clock, 2.1+0.46/0.78/0+2.9 ms cpu, 3->4->1 MB, 4 MB goal, 0 MB stacks, 0 MB globals, 16 P
gc 10332 @51.326s 4%: 0.099+0.62+0.20 ms clock, 1.5+0.70/0.77/0+3.3 ms cpu, 3->4->2 MB, 4 MB goal, 0 MB stacks, 0 MB globals, 16 P
gc 10333 @51.327s 4%: 0.13+0.57+0.092 ms clock, 2.1+0.46/0.90/0+1.4 ms cpu, 3->4->1 MB, 4 MB goal, 0 MB stacks, 0 MB globals, 16 P
gc 10334 @51.329s 4%: 0.099+0.52+0.084 ms clock, 1.5+0.49/0.76/0.053+1.3 ms cpu, 3->4->1 MB, 4 MB goal, 0 MB stacks, 0 MB globals, 16 P
gc 10335 @51.330s 4%: 0.12+0.60+0.080 ms clock, 2.0+0.49/0.83/0+1.2 ms cpu, 3->4->1 MB, 4 MB goal, 0 MB stacks, 0 MB globals, 16 P
gc 10336 @51.332s 4%: 0.11+0.56+0.11 ms clock, 1.8+0.43/1.0/0+1.7 ms cpu, 3->4->1 MB, 4 MB goal, 0 MB stacks, 0 MB globals, 16 P
gc 10337 @51.334s 4%: 0.13+0.58+0.054 ms clock, 2.1+0.59/0.85/0.021+0.87 ms cpu, 3->4->1 MB, 4 MB goal, 0 MB stacks, 0 MB globals, 16 P
gc 10338 @51.336s 4%: 0.10+0.63+0.092 ms clock, 1.6+0.58/0.70/0+1.4 ms cpu, 3->4->2 MB, 4 MB goal, 0 MB stacks, 0 MB globals, 16 P
gc 10339 @51.337s 4%: 0.16+0.64+0.077 ms clock, 2.6+0.57/0.82/0+1.2 ms cpu, 3->4->2 MB, 4 MB goal, 0 MB stacks, 0 MB globals, 16 P
gc 10340 @51.339s 4%: 0.11+0.57+0.099 ms clock, 1.7+0.46/0.87/0.020+1.5 ms cpu, 3->4->1 MB, 4 MB goal, 0 MB stacks, 0 MB globals, 16 P
gc 10341 @51.341s 4%: 0.12+0.68+0.12 ms clock, 2.0+0.62/0.86/0+2.0 ms cpu, 3->4->2 MB, 4 MB goal, 0 MB stacks, 0 MB globals, 16 P
gc 10342 @51.343s 4%: 0.13+0.53+0.11 ms clock, 2.1+0.72/0.80/0+1.8 ms cpu, 3->4->1 MB, 4 MB goal, 0 MB stacks, 0 MB globals, 16 P
gc 10343 @51.344s 4%: 0.14+0.86+0.084 ms clock, 2.3+0.48/0.96/0+1.3 ms cpu, 3->4->2 MB, 4 MB goal, 0 MB stacks, 0 MB globals, 16 P
gc 10344 @51.347s 4%: 0.16+0.45+0.082 ms clock, 2.7+0.59/0.68/0+1.3 ms cpu, 4->4->1 MB, 4 MB goal, 0 MB stacks, 0 MB globals, 16 P
gc 10345 @51.348s 4%: 0.16+0.49+0.14 ms clock, 2.6+0.53/0.79/0+2.2 ms cpu, 3->4->1 MB, 4 MB goal, 0 MB stacks, 0 MB globals, 16 P
gc 10346 @51.350s 4%: 0.11+0.70+0.084 ms clock, 1.7+0.56/0.95/0.014+1.3 ms cpu, 3->4->2 MB, 4 MB goal, 0 MB stacks, 0 MB globals, 16 P
gc 10347 @51.352s 4%: 0.16+0.68+0.092 ms clock, 2.6+0.63/0.73/0+1.4 ms cpu, 3->4->2 MB, 4 MB goal, 0 MB stacks, 0 MB globals, 16 P
gc 10348 @51.353s 4%: 0.12+0.72+0.10 ms clock, 2.0+0.67/0.90/0.032+1.6 ms cpu, 3->4->2 MB, 4 MB goal, 0 MB stacks, 0 MB globals, 16 P
gc 10349 @51.356s 4%: 0.15+0.58+0.15 ms clock, 2.5+0.54/0.91/0.029+2.5 ms cpu, 3->4->2 MB, 4 MB goal, 0 MB stacks, 0 MB globals, 16 P
gc 10350 @51.357s 4%: 0.10+0.51+0.11 ms clock, 1.7+0.54/0.81/0+1.8 ms cpu, 3->4->1 MB, 4 MB goal, 0 MB stacks, 0 MB globals, 16 P
gc 10351 @51.359s 4%: 0.11+0.46+0.15 ms clock, 1.7+0.70/0.76/0.031+2.5 ms cpu, 3->4->1 MB, 4 MB goal, 0 MB stacks, 0 MB globals, 16 P
gc 10352 @51.360s 4%: 0.13+0.54+0.16 ms clock, 2.1+0.76/0.75/0+2.6 ms cpu, 3->4->1 MB, 4 MB goal, 0 MB stacks, 0 MB globals, 16 P
gc 10353 @51.362s 4%: 0.10+0.67+0.10 ms clock, 1.6+0.59/0.86/0.057+1.6 ms cpu, 3->4->1 MB, 4 MB goal, 0 MB stacks, 0 MB globals, 16 P
gc 10354 @51.364s 4%: 0.12+0.62+0.091 ms clock, 1.9+0.50/0.89/0+1.4 ms cpu, 3->4->1 MB, 4 MB goal, 0 MB stacks, 0 MB globals, 16 P
gc 10355 @51.365s 4%: 0.14+0.57+0.15 ms clock, 2.2+0.56/0.76/0+2.4 ms cpu, 3->4->1 MB, 4 MB goal, 0 MB stacks, 0 MB globals, 16 P
gc 10356 @51.367s 4%: 0.21+0.60+0.10 ms clock, 3.4+0.68/0.77/0.032+1.6 ms cpu, 3->4->1 MB, 4 MB goal, 0 MB stacks, 0 MB globals, 16 P
gc 10357 @51.369s 4%: 0.12+0.55+0.12 ms clock, 1.9+0.60/0.84/0.008+1.9 ms cpu, 3->4->1 MB, 4 MB goal, 0 MB stacks, 0 MB globals, 16 P
gc 10358 @51.370s 4%: 0.11+0.58+0.15 ms clock, 1.8+0.59/0.94/0.018+2.4 ms cpu, 3->4->1 MB, 4 MB goal, 0 MB stacks, 0 MB globals, 16 P
gc 10359 @51.372s 4%: 0.12+0.65+0.096 ms clock, 2.0+0.64/0.89/0.056+1.5 ms cpu, 3->4->2 MB, 4 MB goal, 0 MB stacks, 0 MB globals, 16 P
gc 10360 @51.374s 4%: 0.14+0.60+0.10 ms clock, 2.3+0.63/0.78/0.007+1.6 ms cpu, 3->4->2 MB, 4 MB goal, 0 MB stacks, 0 MB globals, 16 P
gc 10361 @51.376s 4%: 0.20+0.63+0.10 ms clock, 3.2+0.61/0.90/0+1.6 ms cpu, 3->4->2 MB, 4 MB goal, 0 MB stacks, 0 MB globals, 16 P
gc 10362 @51.378s 4%: 0.12+0.69+0.10 ms clock, 1.9+0.53/0.92/0.003+1.6 ms cpu, 3->4->2 MB, 4 MB goal, 0 MB stacks, 0 MB globals, 16 P
gc 10363 @51.380s 4%: 0.13+0.66+0.097 ms clock, 2.0+0.51/0.93/0.042+1.5 ms cpu, 3->4->2 MB, 4 MB goal, 0 MB stacks, 0 MB globals, 16 P
gc 10364 @51.382s 4%: 0.062+0.82+0.099 ms clock, 1.0+0.52/0.93/0.035+1.5 ms cpu, 3->4->2 MB, 4 MB goal, 0 MB stacks, 0 MB globals, 16 P
gc 10365 @51.383s 4%: 0.14+0.68+0.16 ms clock, 2.3+0.65/0.87/0.002+2.6 ms cpu, 3->4->2 MB, 4 MB goal, 0 MB stacks, 0 MB globals, 16 P
gc 10366 @51.385s 4%: 0.12+0.70+0.091 ms clock, 2.0+0.44/0.91/0.013+1.4 ms cpu, 3->4->2 MB, 4 MB goal, 0 MB stacks, 0 MB globals, 16 P
gc 10367 @51.387s 4%: 0.13+0.63+0.12 ms clock, 2.1+0.55/0.91/0+1.9 ms cpu, 3->4->2 MB, 4 MB goal, 0 MB stacks, 0 MB globals, 16 P
gc 10368 @51.389s 4%: 0.11+0.53+0.11 ms clock, 1.7+0.53/0.81/0.043+1.8 ms cpu, 3->4->1 MB, 4 MB goal, 0 MB stacks, 0 MB globals, 16 P
gc 10369 @51.391s 4%: 0.20+0.70+0.070 ms clock, 3.2+0.63/0.92/0.059+1.1 ms cpu, 3->4->2 MB, 4 MB goal, 0 MB stacks, 0 MB globals, 16 P
gc 10370 @51.392s 4%: 0.13+0.65+0.15 ms clock, 2.1+0.38/0.89/0.009+2.4 ms cpu, 3->4->2 MB, 4 MB goal, 0 MB stacks, 0 MB globals, 16 P
gc 10371 @51.394s 4%: 0.15+0.66+0.18 ms clock, 2.5+0.69/0.85/0+2.9 ms cpu, 3->4->2 MB, 4 MB goal, 0 MB stacks, 0 MB globals, 16 P
gc 10372 @51.396s 4%: 0.11+0.75+0.10 ms clock, 1.8+0.68/0.79/0+1.7 ms cpu, 3->4->2 MB, 4 MB goal, 0 MB stacks, 0 MB globals, 16 P
gc 10373 @51.398s 4%: 0.16+0.68+0.086 ms clock, 2.5+0.65/0.70/0+1.3 ms cpu, 3->4->2 MB, 4 MB goal, 0 MB stacks, 0 MB globals, 16 P
gc 10374 @51.400s 4%: 0.11+0.62+0.097 ms clock, 1.8+0.46/1.0/0+1.5 ms cpu, 3->4->2 MB, 4 MB goal, 0 MB stacks, 0 MB globals, 16 P
gc 10375 @51.402s 4%: 0.10+0.55+0.072 ms clock, 1.6+0.66/0.79/0+1.1 ms cpu, 3->4->1 MB, 4 MB goal, 0 MB stacks, 0 MB globals, 16 P
gc 10376 @51.403s 4%: 0.15+0.45+0.11 ms clock, 2.4+0.44/0.90/0+1.8 ms cpu, 3->4->1 MB, 4 MB goal, 0 MB stacks, 0 MB globals, 16 P
gc 10377 @51.405s 4%: 0.11+0.78+0.068 ms clock, 1.8+0.67/0.84/0+1.0 ms cpu, 3->4->2 MB, 4 MB goal, 0 MB stacks, 0 MB globals, 16 P
gc 10378 @51.407s 4%: 0.11+0.70+0.078 ms clock, 1.7+0.58/0.81/0.001+1.2 ms cpu, 3->4->2 MB, 4 MB goal, 0 MB stacks, 0 MB globals, 16 P
gc 10379 @51.409s 4%: 0.11+0.43+0.097 ms clock, 1.7+0.65/0.85/0+1.5 ms cpu, 3->4->1 MB, 4 MB goal, 0 MB stacks, 0 MB globals, 16 P
gc 10380 @51.410s 4%: 0.11+0.50+0.14 ms clock, 1.7+0.67/0.79/0+2.3 ms cpu, 3->4->1 MB, 4 MB goal, 0 MB stacks, 0 MB globals, 16 P
gc 10381 @51.412s 4%: 0.10+0.47+0.14 ms clock, 1.6+0.62/0.74/0+2.3 ms cpu, 3->4->1 MB, 4 MB goal, 0 MB stacks, 0 MB globals, 16 P
gc 10382 @51.413s 4%: 0.16+0.49+0.11 ms clock, 2.6+0.63/0.80/0+1.8 ms cpu, 3->4->1 MB, 4 MB goal, 0 MB stacks, 0 MB globals, 16 P
gc 10383 @51.415s 4%: 0.10+0.65+0.14 ms clock, 1.6+0.59/0.95/0.002+2.3 ms cpu, 3->4->2 MB, 4 MB goal, 0 MB stacks, 0 MB globals, 16 P
gc 10384 @51.416s 4%: 0.13+0.45+0.12 ms clock, 2.1+0.57/0.83/0+1.9 ms cpu, 3->4->1 MB, 4 MB goal, 0 MB stacks, 0 MB globals, 16 P
gc 10385 @51.418s 4%: 0.15+0.61+0.13 ms clock, 2.4+0.70/0.80/0+2.1 ms cpu, 3->4->2 MB, 4 MB goal, 0 MB stacks, 0 MB globals, 16 P
gc 10386 @51.420s 4%: 0.094+0.57+0.10 ms clock, 1.5+0.58/1.0/0+1.7 ms cpu, 3->4->1 MB, 4 MB goal, 0 MB stacks, 0 MB globals, 16 P
gc 10387 @51.421s 4%: 0.12+0.66+0.094 ms clock, 1.9+0.73/0.78/0+1.5 ms cpu, 3->4->2 MB, 4 MB goal, 0 MB stacks, 0 MB globals, 16 P
gc 10388 @51.423s 4%: 0.10+0.66+0.085 ms clock, 1.6+0.49/0.95/0.020+1.3 ms cpu, 3->4->2 MB, 4 MB goal, 0 MB stacks, 0 MB globals, 16 P
gc 10389 @51.425s 4%: 0.16+0.54+0.10 ms clock, 2.5+0.56/0.90/0+1.6 ms cpu, 3->4->1 MB, 4 MB goal, 0 MB stacks, 0 MB globals, 16 P
gc 10390 @51.427s 4%: 0.068+0.63+0.11 ms clock, 1.1+0.65/0.81/0.001+1.9 ms cpu, 3->4->1 MB, 4 MB goal, 0 MB stacks, 0 MB globals, 16 P
gc 10391 @51.428s 4%: 0.11+0.57+0.15 ms clock, 1.7+0.63/0.77/0+2.4 ms cpu, 3->4->2 MB, 4 MB goal, 0 MB stacks, 0 MB globals, 16 P
gc 10392 @51.430s 4%: 0.17+0.53+0.098 ms clock, 2.7+0.62/0.75/0.014+1.5 ms cpu, 3->4->1 MB, 4 MB goal, 0 MB stacks, 0 MB globals, 16 P
gc 10393 @51.432s 4%: 0.14+0.77+0.089 ms clock, 2.3+0.64/0.90/0+1.4 ms cpu, 3->4->2 MB, 4 MB goal, 0 MB stacks, 0 MB globals, 16 P
gc 10394 @51.434s 4%: 0.11+0.62+0.075 ms clock, 1.7+0.42/1.0/0.003+1.2 ms cpu, 4->4->1 MB, 4 MB goal, 0 MB stacks, 0 MB globals, 16 P
gc 10395 @51.436s 4%: 0.12+0.51+0.10 ms clock, 1.9+0.60/0.83/0.010+1.6 ms cpu, 3->4->1 MB, 4 MB goal, 0 MB stacks, 0 MB globals, 16 P
gc 10396 @51.437s 4%: 0.13+0.67+0.091 ms clock, 2.1+0.44/0.77/0.025+1.4 ms cpu, 3->4->1 MB, 4 MB goal, 0 MB stacks, 0 MB globals, 16 P
gc 10397 @51.439s 4%: 0.11+0.55+0.15 ms clock, 1.8+0.50/0.93/0+2.5 ms cpu, 3->4->2 MB, 4 MB goal, 0 MB stacks, 0 MB globals, 16 P
gc 10398 @51.440s 4%: 0.10+0.55+0.15 ms clock, 1.7+0.49/0.90/0+2.5 ms cpu, 3->4->1 MB, 4 MB goal, 0 MB stacks, 0 MB globals, 16 P
gc 10399 @51.442s 4%: 0.12+0.70+0.10 ms clock, 2.0+0.66/0.82/0.009+1.6 ms cpu, 3->4->1 MB, 4 MB goal, 0 MB stacks, 0 MB globals, 16 P
gc 10400 @51.444s 4%: 0.17+0.48+0.12 ms clock, 2.7+0.53/0.91/0+1.9 ms cpu, 3->4->1 MB, 4 MB goal, 0 MB stacks, 0 MB globals, 16 P
gc 10401 @51.446s 4%: 0.12+0.58+0.12 ms clock, 1.9+0.60/0.72/0+1.9 ms cpu, 3->4->1 MB, 4 MB goal, 0 MB stacks, 0 MB globals, 16 P
gc 10402 @51.447s 4%: 0.094+0.55+0.17 ms clock, 1.5+0.49/0.79/0+2.8 ms cpu, 3->4->1 MB, 4 MB goal, 0 MB stacks, 0 MB globals, 16 P
gc 10403 @51.449s 4%: 0.19+0.52+0.14 ms clock, 3.1+0.60/0.77/0+2.3 ms cpu, 3->4->1 MB, 4 MB goal, 0 MB stacks, 0 MB globals, 16 P
gc 10404 @51.450s 4%: 0.16+0.62+0.13 ms clock, 2.7+0.59/0.85/0+2.2 ms cpu, 3->4->2 MB, 4 MB goal, 0 MB stacks, 0 MB globals, 16 P
gc 10405 @51.452s 4%: 0.11+0.85+0.096 ms clock, 1.8+0.55/1.0/0.004+1.5 ms cpu, 3->4->2 MB, 4 MB goal, 0 MB stacks, 0 MB globals, 16 P
gc 10406 @51.454s 4%: 0.11+0.66+0.089 ms clock, 1.8+0.70/0.79/0.029+1.4 ms cpu, 3->4->2 MB, 4 MB goal, 0 MB stacks, 0 MB globals, 16 P
gc 10407 @51.456s 4%: 0.15+0.46+0.18 ms clock, 2.5+0.53/0.90/0.002+3.0 ms cpu, 3->4->1 MB, 4 MB goal, 0 MB stacks, 0 MB globals, 16 P
gc 10408 @51.458s 4%: 0.11+0.67+0.10 ms clock, 1.9+0.75/1.0/0+1.6 ms cpu, 3->4->2 MB, 4 MB goal, 0 MB stacks, 0 MB globals, 16 P
gc 10409 @51.460s 4%: 0.14+0.58+0.18 ms clock, 2.2+0.72/0.91/0+2.9 ms cpu, 3->4->2 MB, 4 MB goal, 0 MB stacks, 0 MB globals, 16 P
gc 10410 @51.461s 4%: 0.13+0.57+0.11 ms clock, 2.1+0.66/0.91/0+1.9 ms cpu, 3->4->2 MB, 4 MB goal, 0 MB stacks, 0 MB globals, 16 P
gc 10411 @51.463s 4%: 0.12+0.64+0.090 ms clock, 2.0+0.59/0.79/0+1.4 ms cpu, 3->4->2 MB, 4 MB goal, 0 MB stacks, 0 MB globals, 16 P
gc 10412 @51.465s 4%: 0.10+0.52+0.15 ms clock, 1.7+0.66/0.95/0.002+2.4 ms cpu, 3->4->1 MB, 4 MB goal, 0 MB stacks, 0 MB globals, 16 P
gc 10413 @51.467s 4%: 0.11+0.59+0.15 ms clock, 1.8+0.51/0.79/0+2.4 ms cpu, 3->4->1 MB, 4 MB goal, 0 MB stacks, 0 MB globals, 16 P
gc 10414 @51.468s 4%: 0.12+0.63+0.15 ms clock, 2.0+0.56/0.83/0+2.5 ms cpu, 3->4->2 MB, 4 MB goal, 0 MB stacks, 0 MB globals, 16 P
gc 10415 @51.470s 4%: 0.082+0.67+0.080 ms clock, 1.3+0.56/0.86/0.021+1.2 ms cpu, 3->4->2 MB, 4 MB goal, 0 MB stacks, 0 MB globals, 16 P
gc 10416 @51.472s 4%: 0.15+0.47+0.12 ms clock, 2.5+0.47/0.91/0+1.9 ms cpu, 3->4->1 MB, 4 MB goal, 0 MB stacks, 0 MB globals, 16 P
gc 10417 @51.473s 4%: 0.11+0.43+0.10 ms clock, 1.8+0.54/0.71/0+1.7 ms cpu, 3->4->1 MB, 4 MB goal, 0 MB stacks, 0 MB globals, 16 P
gc 10418 @51.475s 4%: 0.11+0.52+0.080 ms clock, 1.8+0.48/0.86/0.090+1.2 ms cpu, 3->4->1 MB, 4 MB goal, 0 MB stacks, 0 MB globals, 16 P
gc 10419 @51.476s 4%: 0.10+0.62+0.11 ms clock, 1.6+0.49/0.84/0.019+1.8 ms cpu, 3->4->1 MB, 4 MB goal, 0 MB stacks, 0 MB globals, 16 P
gc 10420 @51.478s 4%: 0.13+0.58+0.12 ms clock, 2.1+0.58/0.78/0+1.9 ms cpu, 3->4->2 MB, 4 MB goal, 0 MB stacks, 0 MB globals, 16 P
gc 10421 @51.480s 4%: 0.10+0.71+0.080 ms clock, 1.6+0.56/0.93/0+1.2 ms cpu, 3->4->2 MB, 4 MB goal, 0 MB stacks, 0 MB globals, 16 P
gc 10422 @51.482s 4%: 0.10+0.71+0.092 ms clock, 1.6+0.51/0.95/0+1.4 ms cpu, 3->4->2 MB, 4 MB goal, 0 MB stacks, 0 MB globals, 16 P
gc 10423 @51.483s 4%: 0.13+0.65+0.096 ms clock, 2.0+0.50/0.82/0+1.5 ms cpu, 3->4->2 MB, 4 MB goal, 0 MB stacks, 0 MB globals, 16 P
gc 10424 @51.485s 4%: 0.11+0.66+0.068 ms clock, 1.8+0.54/0.98/0+1.0 ms cpu, 3->4->2 MB, 4 MB goal, 0 MB stacks, 0 MB globals, 16 P
gc 10425 @51.487s 4%: 0.13+0.64+0.10 ms clock, 2.0+0.45/0.92/0+1.6 ms cpu, 3->4->2 MB, 4 MB goal, 0 MB stacks, 0 MB globals, 16 P
gc 10426 @51.489s 4%: 0.13+0.66+0.10 ms clock, 2.1+0.54/0.83/0+1.6 ms cpu, 3->4->2 MB, 4 MB goal, 0 MB stacks, 0 MB globals, 16 P
gc 10427 @51.491s 4%: 0.12+0.52+0.15 ms clock, 1.9+0.55/0.79/0.045+2.5 ms cpu, 3->4->1 MB, 4 MB goal, 0 MB stacks, 0 MB globals, 16 P
gc 10428 @51.492s 4%: 0.14+0.62+0.099 ms clock, 2.3+0.68/0.80/0+1.5 ms cpu, 3->4->2 MB, 4 MB goal, 0 MB stacks, 0 MB globals, 16 P
gc 10429 @51.494s 4%: 0.10+0.73+0.091 ms clock, 1.6+0.67/0.87/0.012+1.4 ms cpu, 3->4->2 MB, 4 MB goal, 0 MB stacks, 0 MB globals, 16 P
gc 10430 @51.496s 4%: 0.10+0.63+0.079 ms clock, 1.7+0.57/0.84/0.032+1.2 ms cpu, 3->4->2 MB, 4 MB goal, 0 MB stacks, 0 MB globals, 16 P
gc 10431 @51.498s 4%: 0.14+0.58+0.12 ms clock, 2.2+0.64/0.85/0.027+2.0 ms cpu, 3->4->2 MB, 4 MB goal, 0 MB stacks, 0 MB globals, 16 P
gc 10432 @51.500s 4%: 0.13+0.51+0.13 ms clock, 2.1+0.60/0.92/0.002+2.1 ms cpu, 3->4->1 MB, 4 MB goal, 0 MB stacks, 0 MB globals, 16 P
gc 10433 @51.501s 4%: 0.11+0.83+0.094 ms clock, 1.8+0.55/0.98/0.013+1.5 ms cpu, 3->4->2 MB, 4 MB goal, 0 MB stacks, 0 MB globals, 16 P
gc 10434 @51.503s 4%: 0.11+0.49+0.12 ms clock, 1.8+0.39/0.81/0.010+2.0 ms cpu, 4->4->1 MB, 4 MB goal, 0 MB stacks, 0 MB globals, 16 P
gc 10435 @51.505s 4%: 0.11+0.60+0.11 ms clock, 1.8+0.65/0.77/0+1.8 ms cpu, 3->4->1 MB, 4 MB goal, 0 MB stacks, 0 MB globals, 16 P
gc 10436 @51.507s 4%: 0.11+0.73+0.11 ms clock, 1.8+0.76/0.86/0+1.8 ms cpu, 3->4->2 MB, 4 MB goal, 0 MB stacks, 0 MB globals, 16 P
gc 10437 @51.509s 4%: 0.14+0.62+0.10 ms clock, 2.2+0.66/0.80/0+1.6 ms cpu, 3->4->2 MB, 4 MB goal, 0 MB stacks, 0 MB globals, 16 P
gc 10438 @51.510s 4%: 0.15+0.65+0.076 ms clock, 2.4+0.67/0.69/0.025+1.2 ms cpu, 3->4->1 MB, 4 MB goal, 0 MB stacks, 0 MB globals, 16 P
gc 10439 @51.512s 4%: 0.16+0.56+0.13 ms clock, 2.5+0.60/0.94/0+2.2 ms cpu, 3->4->1 MB, 4 MB goal, 0 MB stacks, 0 MB globals, 16 P
gc 10440 @51.514s 4%: 0.11+0.61+0.12 ms clock, 1.8+0.53/1.0/0.008+1.9 ms cpu, 3->4->2 MB, 4 MB goal, 0 MB stacks, 0 MB globals, 16 P
gc 10441 @51.515s 4%: 0.089+0.70+0.12 ms clock, 1.4+0.52/0.91/0.003+1.9 ms cpu, 3->4->2 MB, 4 MB goal, 0 MB stacks, 0 MB globals, 16 P
gc 10442 @51.517s 4%: 0.14+0.73+0.073 ms clock, 2.3+0.61/1.1/0+1.1 ms cpu, 3->4->2 MB, 4 MB goal, 0 MB stacks, 0 MB globals, 16 P
gc 10443 @51.519s 4%: 0.11+0.67+0.11 ms clock, 1.7+0.64/0.75/0.065+1.8 ms cpu, 3->4->2 MB, 4 MB goal, 0 MB stacks, 0 MB globals, 16 P
gc 10444 @51.521s 4%: 0.10+0.56+0.050 ms clock, 1.7+0.45/0.83/0.017+0.81 ms cpu, 3->4->1 MB, 4 MB goal, 0 MB stacks, 0 MB globals, 16 P
gc 10445 @51.522s 4%: 0.10+0.68+0.054 ms clock, 1.7+0.66/0.66/0.088+0.86 ms cpu, 3->4->1 MB, 4 MB goal, 0 MB stacks, 0 MB globals, 16 P
gc 10446 @51.524s 4%: 0.11+0.51+0.082 ms clock, 1.8+0.62/0.78/0+1.3 ms cpu, 3->4->1 MB, 4 MB goal, 0 MB stacks, 0 MB globals, 16 P
gc 10447 @51.525s 4%: 0.13+0.61+0.13 ms clock, 2.1+0.52/0.97/0+2.1 ms cpu, 3->4->2 MB, 4 MB goal, 0 MB stacks, 0 MB globals, 16 P
gc 10448 @51.527s 4%: 0.14+0.54+0.14 ms clock, 2.2+0.58/0.79/0+2.2 ms cpu, 3->4->1 MB, 4 MB goal, 0 MB stacks, 0 MB globals, 16 P
gc 10449 @51.529s 4%: 0.11+0.48+0.091 ms clock, 1.8+0.65/0.84/0+1.4 ms cpu, 3->4->1 MB, 4 MB goal, 0 MB stacks, 0 MB globals, 16 P
gc 10450 @51.530s 4%: 0.10+0.58+0.045 ms clock, 1.6+0.44/0.92/0.040+0.73 ms cpu, 3->4->1 MB, 4 MB goal, 0 MB stacks, 0 MB globals, 16 P
gc 10451 @51.532s 4%: 0.13+0.88+0.088 ms clock, 2.2+0.67/0.64/0+1.4 ms cpu, 3->4->2 MB, 4 MB goal, 0 MB stacks, 0 MB globals, 16 P
gc 10452 @51.534s 4%: 0.16+0.47+0.17 ms clock, 2.6+0.65/0.81/0+2.8 ms cpu, 3->4->1 MB, 4 MB goal, 0 MB stacks, 0 MB globals, 16 P
gc 10453 @51.535s 4%: 0.13+0.62+0.10 ms clock, 2.1+0.64/0.79/0+1.6 ms cpu, 3->4->1 MB, 4 MB goal, 0 MB stacks, 0 MB globals, 16 P
gc 10454 @51.537s 4%: 0.14+0.63+0.095 ms clock, 2.3+0.62/0.90/0+1.5 ms cpu, 3->4->2 MB, 4 MB goal, 0 MB stacks, 0 MB globals, 16 P
gc 10455 @51.539s 4%: 0.11+0.51+0.14 ms clock, 1.8+0.42/0.74/0.10+2.2 ms cpu, 3->4->1 MB, 4 MB goal, 0 MB stacks, 0 MB globals, 16 P
gc 10456 @51.540s 4%: 0.12+0.56+0.11 ms clock, 1.9+0.57/0.89/0+1.8 ms cpu, 3->4->2 MB, 4 MB goal, 0 MB stacks, 0 MB globals, 16 P
gc 10457 @51.542s 4%: 0.15+0.55+0.077 ms clock, 2.5+0.58/0.78/0+1.2 ms cpu, 3->4->1 MB, 4 MB goal, 0 MB stacks, 0 MB globals, 16 P
gc 10458 @51.544s 4%: 0.12+0.55+0.066 ms clock, 1.9+0.55/0.83/0.015+1.0 ms cpu, 3->4->1 MB, 4 MB goal, 0 MB stacks, 0 MB globals, 16 P
gc 10459 @51.545s 4%: 0.16+0.58+0.096 ms clock, 2.6+0.56/0.82/0+1.5 ms cpu, 3->4->2 MB, 4 MB goal, 0 MB stacks, 0 MB globals, 16 P
gc 10460 @51.547s 4%: 0.13+0.43+0.13 ms clock, 2.2+0.51/0.70/0+2.2 ms cpu, 3->4->1 MB, 4 MB goal, 0 MB stacks, 0 MB globals, 16 P
gc 10461 @51.548s 4%: 0.18+0.57+0.10 ms clock, 2.9+0.62/0.70/0.083+1.7 ms cpu, 3->4->2 MB, 4 MB goal, 0 MB stacks, 0 MB globals, 16 P
gc 10462 @51.550s 4%: 0.093+0.66+0.099 ms clock, 1.5+0.48/0.86/0.001+1.5 ms cpu, 3->4->2 MB, 4 MB goal, 0 MB stacks, 0 MB globals, 16 P
gc 10463 @51.552s 4%: 0.16+0.71+0.088 ms clock, 2.6+0.51/0.81/0+1.4 ms cpu, 3->4->2 MB, 4 MB goal, 0 MB stacks, 0 MB globals, 16 P
gc 10464 @51.554s 4%: 0.11+0.50+0.10 ms clock, 1.8+0.68/0.83/0+1.6 ms cpu, 3->4->1 MB, 4 MB goal, 0 MB stacks, 0 MB globals, 16 P
gc 10465 @51.555s 4%: 0.15+0.62+0.12 ms clock, 2.5+0.69/0.81/0+2.0 ms cpu, 3->4->2 MB, 4 MB goal, 0 MB stacks, 0 MB globals, 16 P
gc 10466 @51.557s 4%: 0.11+0.53+0.17 ms clock, 1.8+0.65/0.77/0.061+2.7 ms cpu, 3->4->1 MB, 4 MB goal, 0 MB stacks, 0 MB globals, 16 P
gc 10467 @51.559s 4%: 0.11+0.58+0.10 ms clock, 1.8+0.59/0.68/0.11+1.7 ms cpu, 3->4->1 MB, 4 MB goal, 0 MB stacks, 0 MB globals, 16 P
gc 10468 @51.561s 4%: 0.14+0.55+0.11 ms clock, 2.2+0.60/0.82/0+1.8 ms cpu, 3->4->1 MB, 4 MB goal, 0 MB stacks, 0 MB globals, 16 P
gc 10469 @51.562s 4%: 0.13+0.52+0.11 ms clock, 2.1+0.61/0.79/0.006+1.8 ms cpu, 3->4->1 MB, 4 MB goal, 0 MB stacks, 0 MB globals, 16 P
gc 10470 @51.564s 4%: 0.12+0.64+0.16 ms clock, 1.9+0.76/0.84/0+2.6 ms cpu, 3->4->2 MB, 4 MB goal, 0 MB stacks, 0 MB globals, 16 P
gc 10471 @51.566s 4%: 0.12+0.47+0.12 ms clock, 1.9+0.55/0.84/0.001+2.0 ms cpu, 3->4->1 MB, 4 MB goal, 0 MB stacks, 0 MB globals, 16 P
gc 10472 @51.567s 4%: 0.14+0.60+0.12 ms clock, 2.3+0.52/0.84/0.003+2.0 ms cpu, 3->4->2 MB, 4 MB goal, 0 MB stacks, 0 MB globals, 16 P
gc 10473 @51.569s 4%: 0.10+0.66+0.10 ms clock, 1.6+0.63/0.80/0.006+1.6 ms cpu, 3->4->2 MB, 4 MB goal, 0 MB stacks, 0 MB globals, 16 P
gc 10474 @51.571s 4%: 0.098+0.67+0.094 ms clock, 1.5+0.49/0.80/0.020+1.5 ms cpu, 3->4->2 MB, 4 MB goal, 0 MB stacks, 0 MB globals, 16 P
gc 10475 @51.573s 4%: 0.15+0.57+0.071 ms clock, 2.4+0.65/0.86/0+1.1 ms cpu, 3->4->2 MB, 4 MB goal, 0 MB stacks, 0 MB globals, 16 P
gc 10476 @51.575s 4%: 0.12+0.83+0.091 ms clock, 2.0+0.57/0.83/0+1.4 ms cpu, 3->4->2 MB, 4 MB goal, 0 MB stacks, 0 MB globals, 16 P
gc 10477 @51.577s 4%: 0.11+0.45+0.18 ms clock, 1.8+0.61/0.84/0+2.9 ms cpu, 4->4->1 MB, 4 MB goal, 0 MB stacks, 0 MB globals, 16 P
gc 10478 @51.578s 4%: 0.19+0.60+0.14 ms clock, 3.1+0.55/0.93/0+2.3 ms cpu, 3->4->2 MB, 4 MB goal, 0 MB stacks, 0 MB globals, 16 P
gc 10479 @51.580s 4%: 0.12+0.66+0.077 ms clock, 2.0+0.65/0.82/0.008+1.2 ms cpu, 3->4->2 MB, 4 MB goal, 0 MB stacks, 0 MB globals, 16 P
gc 10480 @51.582s 4%: 0.096+0.55+0.073 ms clock, 1.5+0.39/0.78/0+1.1 ms cpu, 3->4->1 MB, 4 MB goal, 0 MB stacks, 0 MB globals, 16 P
gc 10481 @51.583s 4%: 0.12+0.64+0.14 ms clock, 1.9+0.70/0.70/0.021+2.2 ms cpu, 3->4->2 MB, 4 MB goal, 0 MB stacks, 0 MB globals, 16 P
gc 10482 @51.585s 4%: 0.17+0.76+0.17 ms clock, 2.7+0.58/0.88/0+2.7 ms cpu, 3->4->2 MB, 4 MB goal, 0 MB stacks, 0 MB globals, 16 P
gc 10483 @51.587s 4%: 0.15+0.64+0.085 ms clock, 2.4+0.53/0.87/0+1.3 ms cpu, 4->4->2 MB, 4 MB goal, 0 MB stacks, 0 MB globals, 16 P
gc 10484 @51.589s 4%: 0.13+0.57+0.12 ms clock, 2.1+0.52/0.80/0.062+1.9 ms cpu, 3->4->2 MB, 4 MB goal, 0 MB stacks, 0 MB globals, 16 P
gc 10485 @51.591s 4%: 0.12+0.52+0.14 ms clock, 1.9+0.55/0.86/0+2.2 ms cpu, 3->4->1 MB, 4 MB goal, 0 MB stacks, 0 MB globals, 16 P
gc 10486 @51.593s 4%: 0.13+0.49+0.13 ms clock, 2.2+0.48/0.77/0+2.1 ms cpu, 3->4->1 MB, 4 MB goal, 0 MB stacks, 0 MB globals, 16 P
gc 10487 @51.594s 4%: 0.10+0.44+0.10 ms clock, 1.6+0.51/0.84/0+1.6 ms cpu, 3->4->1 MB, 4 MB goal, 0 MB stacks, 0 MB globals, 16 P
gc 10488 @51.596s 4%: 0.12+0.63+0.10 ms clock, 2.0+0.63/0.79/0+1.6 ms cpu, 3->4->1 MB, 4 MB goal, 0 MB stacks, 0 MB globals, 16 P
gc 10489 @51.597s 4%: 0.19+0.64+0.13 ms clock, 3.1+0.61/0.82/0+2.1 ms cpu, 3->4->2 MB, 4 MB goal, 0 MB stacks, 0 MB globals, 16 P
gc 10490 @51.599s 4%: 0.15+0.74+0.19 ms clock, 2.5+0.59/0.97/0+3.0 ms cpu, 3->4->2 MB, 4 MB goal, 0 MB stacks, 0 MB globals, 16 P
gc 10491 @51.601s 4%: 0.11+0.79+0.15 ms clock, 1.8+0.62/0.72/0+2.4 ms cpu, 4->4->2 MB, 4 MB goal, 0 MB stacks, 0 MB globals, 16 P
gc 10492 @51.603s 4%: 0.13+0.60+0.10 ms clock, 2.2+0.63/0.81/0.001+1.7 ms cpu, 3->4->1 MB, 4 MB goal, 0 MB stacks, 0 MB globals, 16 P
gc 10493 @51.605s 4%: 0.17+0.71+0.076 ms clock, 2.7+0.86/0.77/0+1.2 ms cpu, 3->4->2 MB, 4 MB goal, 0 MB stacks, 0 MB globals, 16 P
gc 10494 @51.607s 4%: 0.10+0.50+0.12 ms clock, 1.6+0.53/0.85/0.005+1.9 ms cpu, 4->4->1 MB, 4 MB goal, 0 MB stacks, 0 MB globals, 16 P
gc 10495 @51.608s 4%: 0.19+0.50+0.14 ms clock, 3.1+0.50/0.85/0.028+2.3 ms cpu, 3->4->1 MB, 4 MB goal, 0 MB stacks, 0 MB globals, 16 P
gc 10496 @51.610s 4%: 0.091+0.67+0.10 ms clock, 1.4+0.59/0.73/0.057+1.6 ms cpu, 3->4->2 MB, 4 MB goal, 0 MB stacks, 0 MB globals, 16 P
gc 10497 @51.612s 4%: 0.14+0.57+0.098 ms clock, 2.3+0.38/1.0/0.016+1.5 ms cpu, 3->4->1 MB, 4 MB goal, 0 MB stacks, 0 MB globals, 16 P
gc 10498 @51.614s 4%: 0.18+0.50+0.14 ms clock, 2.9+0.61/0.87/0+2.3 ms cpu, 3->4->1 MB, 4 MB goal, 0 MB stacks, 0 MB globals, 16 P
gc 10499 @51.615s 4%: 0.11+0.50+0.11 ms clock, 1.8+0.62/0.70/0+1.9 ms cpu, 3->4->1 MB, 4 MB goal, 0 MB stacks, 0 MB globals, 16 P
gc 10500 @51.617s 4%: 0.11+0.58+0.12 ms clock, 1.8+0.57/0.79/0.025+2.0 ms cpu, 3->4->1 MB, 4 MB goal, 0 MB stacks, 0 MB globals, 16 P
gc 10501 @51.619s 4%: 0.092+0.87+0.16 ms clock, 1.4+0.66/0.83/0+2.5 ms cpu, 3->4->1 MB, 4 MB goal, 0 MB stacks, 0 MB globals, 16 P
gc 10502 @51.620s 4%: 0.16+0.59+0.13 ms clock, 2.6+0.60/1.0/0+2.2 ms cpu, 3->4->2 MB, 4 MB goal, 0 MB stacks, 0 MB globals, 16 P
gc 10503 @51.622s 4%: 0.17+0.63+0.085 ms clock, 2.8+0.56/1.0/0+1.3 ms cpu, 3->4->2 MB, 4 MB goal, 0 MB stacks, 0 MB globals, 16 P
gc 10504 @51.624s 4%: 0.12+0.67+0.10 ms clock, 1.9+0.67/0.92/0.006+1.6 ms cpu, 3->4->2 MB, 4 MB goal, 0 MB stacks, 0 MB globals, 16 P
gc 10505 @51.626s 4%: 0.14+0.47+0.15 ms clock, 2.3+0.68/0.84/0+2.5 ms cpu, 3->4->1 MB, 4 MB goal, 0 MB stacks, 0 MB globals, 16 P
gc 10506 @51.627s 4%: 0.19+0.80+0.081 ms clock, 3.1+0.72/0.80/0+1.3 ms cpu, 3->4->2 MB, 4 MB goal, 0 MB stacks, 0 MB globals, 16 P
gc 10507 @51.629s 4%: 0.11+0.52+0.14 ms clock, 1.8+0.63/0.86/0+2.2 ms cpu, 4->4->2 MB, 5 MB goal, 0 MB stacks, 0 MB globals, 16 P
gc 10508 @51.631s 4%: 0.10+0.57+0.11 ms clock, 1.6+0.54/0.77/0+1.8 ms cpu, 3->4->1 MB, 4 MB goal, 0 MB stacks, 0 MB globals, 16 P
gc 10509 @51.633s 4%: 0.12+0.60+0.099 ms clock, 2.0+0.65/0.95/0+1.5 ms cpu, 3->4->2 MB, 4 MB goal, 0 MB stacks, 0 MB globals, 16 P
gc 10510 @51.634s 4%: 0.14+0.48+0.18 ms clock, 2.2+0.54/0.81/0+2.9 ms cpu, 3->4->1 MB, 4 MB goal, 0 MB stacks, 0 MB globals, 16 P
gc 10511 @51.636s 4%: 0.12+0.50+0.17 ms clock, 2.0+0.60/0.89/0.003+2.7 ms cpu, 3->4->1 MB, 4 MB goal, 0 MB stacks, 0 MB globals, 16 P
gc 10512 @51.638s 4%: 0.15+0.56+0.17 ms clock, 2.4+0.64/0.94/0.011+2.8 ms cpu, 3->4->2 MB, 4 MB goal, 0 MB stacks, 0 MB globals, 16 P
gc 10513 @51.640s 4%: 0.15+0.69+0.10 ms clock, 2.4+0.52/0.88/0.012+1.6 ms cpu, 3->4->2 MB, 4 MB goal, 0 MB stacks, 0 MB globals, 16 P
gc 10514 @51.642s 4%: 0.11+0.80+0.096 ms clock, 1.8+0.54/0.92/0.068+1.5 ms cpu, 3->4->2 MB, 4 MB goal, 0 MB stacks, 0 MB globals, 16 P
gc 10515 @51.644s 4%: 0.12+0.74+0.074 ms clock, 1.9+0.39/1.0/0.007+1.1 ms cpu, 3->4->2 MB, 4 MB goal, 0 MB stacks, 0 MB globals, 16 P
gc 10516 @51.646s 4%: 0.20+0.55+0.16 ms clock, 3.2+0.70/0.87/0+2.5 ms cpu, 3->4->1 MB, 4 MB goal, 0 MB stacks, 0 MB globals, 16 P
gc 10517 @51.647s 4%: 0.14+0.74+0.13 ms clock, 2.3+0.79/0.89/0.019+2.2 ms cpu, 3->4->2 MB, 4 MB goal, 0 MB stacks, 0 MB globals, 16 P
gc 10518 @51.649s 4%: 0.14+0.61+0.17 ms clock, 2.2+0.61/0.88/0+2.8 ms cpu, 4->4->1 MB, 4 MB goal, 0 MB stacks, 0 MB globals, 16 P
gc 10519 @51.651s 4%: 0.14+0.66+0.10 ms clock, 2.2+0.61/0.82/0+1.6 ms cpu, 3->4->2 MB, 4 MB goal, 0 MB stacks, 0 MB globals, 16 P
gc 10520 @51.653s 4%: 0.12+0.68+0.089 ms clock, 2.0+0.46/0.78/0.071+1.4 ms cpu, 3->4->1 MB, 4 MB goal, 0 MB stacks, 0 MB globals, 16 P
gc 10521 @51.654s 4%: 0.12+0.61+0.12 ms clock, 1.9+0.57/0.95/0+1.9 ms cpu, 3->4->2 MB, 4 MB goal, 0 MB stacks, 0 MB globals, 16 P
gc 10522 @51.656s 4%: 0.10+0.60+0.095 ms clock, 1.6+0.69/0.77/0.032+1.5 ms cpu, 3->4->2 MB, 4 MB goal, 0 MB stacks, 0 MB globals, 16 P
gc 10523 @51.658s 4%: 0.14+0.62+0.10 ms clock, 2.3+0.45/0.92/0+1.7 ms cpu, 3->4->2 MB, 4 MB goal, 0 MB stacks, 0 MB globals, 16 P
gc 10524 @51.660s 4%: 0.12+0.59+0.12 ms clock, 1.9+0.67/0.94/0.033+1.9 ms cpu, 3->4->2 MB, 4 MB goal, 0 MB stacks, 0 MB globals, 16 P
gc 10525 @51.661s 4%: 0.12+0.42+0.14 ms clock, 2.0+0.54/0.67/0+2.3 ms cpu, 3->4->1 MB, 4 MB goal, 0 MB stacks, 0 MB globals, 16 P
gc 10526 @51.663s 4%: 0.11+0.47+0.15 ms clock, 1.8+0.57/0.88/0+2.5 ms cpu, 3->3->1 MB, 4 MB goal, 0 MB stacks, 0 MB globals, 16 P
gc 10527 @51.664s 4%: 0.11+0.54+0.19 ms clock, 1.9+0.43/0.91/0+3.0 ms cpu, 3->4->2 MB, 4 MB goal, 0 MB stacks, 0 MB globals, 16 P
gc 10528 @51.666s 4%: 0.14+0.44+0.18 ms clock, 2.2+0.67/0.70/0+2.9 ms cpu, 3->4->1 MB, 4 MB goal, 0 MB stacks, 0 MB globals, 16 P
gc 10529 @51.667s 4%: 0.18+0.55+0.085 ms clock, 2.9+0.75/0.84/0+1.3 ms cpu, 3->4->2 MB, 4 MB goal, 0 MB stacks, 0 MB globals, 16 P
gc 10530 @51.669s 4%: 0.11+0.52+0.10 ms clock, 1.8+0.52/0.82/0+1.6 ms cpu, 3->4->1 MB, 4 MB goal, 0 MB stacks, 0 MB globals, 16 P
gc 10531 @51.671s 4%: 0.097+0.59+0.11 ms clock, 1.5+0.47/0.85/0+1.7 ms cpu, 3->4->1 MB, 4 MB goal, 0 MB stacks, 0 MB globals, 16 P
gc 10532 @51.672s 4%: 0.16+0.53+0.13 ms clock, 2.5+0.63/0.80/0.028+2.1 ms cpu, 3->4->1 MB, 4 MB goal, 0 MB stacks, 0 MB globals, 16 P
gc 10533 @51.674s 4%: 0.12+0.52+0.15 ms clock, 2.0+0.58/0.79/0.027+2.4 ms cpu, 3->4->1 MB, 4 MB goal, 0 MB stacks, 0 MB globals, 16 P
gc 10534 @51.676s 4%: 0.079+0.84+0.10 ms clock, 1.2+0.60/0.69/0+1.6 ms cpu, 3->4->2 MB, 4 MB goal, 0 MB stacks, 0 MB globals, 16 P
gc 10535 @51.678s 4%: 0.12+0.53+0.14 ms clock, 1.9+0.68/0.78/0.018+2.3 ms cpu, 3->4->1 MB, 4 MB goal, 0 MB stacks, 0 MB globals, 16 P
gc 10536 @51.679s 4%: 0.11+0.51+0.20 ms clock, 1.8+0.56/0.78/0+3.2 ms cpu, 3->4->1 MB, 4 MB goal, 0 MB stacks, 0 MB globals, 16 P
gc 10537 @51.681s 4%: 0.17+0.71+0.094 ms clock, 2.7+0.63/0.91/0.041+1.5 ms cpu, 3->4->2 MB, 4 MB goal, 0 MB stacks, 0 MB globals, 16 P
gc 10538 @51.683s 4%: 0.11+0.49+0.091 ms clock, 1.7+0.61/0.65/0.002+1.4 ms cpu, 3->4->1 MB, 4 MB goal, 0 MB stacks, 0 MB globals, 16 P
gc 10539 @51.684s 4%: 0.12+0.45+0.15 ms clock, 2.0+0.59/0.78/0+2.4 ms cpu, 3->4->1 MB, 4 MB goal, 0 MB stacks, 0 MB globals, 16 P
gc 10540 @51.686s 4%: 0.080+0.53+0.14 ms clock, 1.2+0.54/0.83/0+2.3 ms cpu, 3->4->1 MB, 4 MB goal, 0 MB stacks, 0 MB globals, 16 P
gc 10541 @51.687s 4%: 0.13+0.54+0.14 ms clock, 2.1+0.33/0.85/0+2.2 ms cpu, 3->4->1 MB, 4 MB goal, 0 MB stacks, 0 MB globals, 16 P
gc 10542 @51.689s 4%: 0.22+0.51+0.14 ms clock, 3.5+0.87/0.91/0+2.3 ms cpu, 3->3->1 MB, 4 MB goal, 0 MB stacks, 0 MB globals, 16 P
gc 10543 @51.690s 4%: 0.15+0.73+0.082 ms clock, 2.5+0.57/0.90/0+1.3 ms cpu, 3->4->2 MB, 4 MB goal, 0 MB stacks, 0 MB globals, 16 P
gc 10544 @51.692s 4%: 0.11+0.64+0.067 ms clock, 1.9+0.54/0.93/0+1.0 ms cpu, 3->4->1 MB, 4 MB goal, 0 MB stacks, 0 MB globals, 16 P
gc 10545 @51.694s 4%: 0.11+0.51+0.13 ms clock, 1.8+0.52/0.85/0+2.1 ms cpu, 3->4->1 MB, 4 MB goal, 0 MB stacks, 0 MB globals, 16 P
gc 10546 @51.696s 4%: 0.13+0.56+0.17 ms clock, 2.2+0.59/0.88/0+2.7 ms cpu, 3->4->2 MB, 4 MB goal, 0 MB stacks, 0 MB globals, 16 P
gc 10547 @51.697s 4%: 0.11+0.55+0.11 ms clock, 1.7+0.55/0.78/0.015+1.9 ms cpu, 3->4->2 MB, 4 MB goal, 0 MB stacks, 0 MB globals, 16 P
gc 10548 @51.699s 4%: 0.14+0.52+0.070 ms clock, 2.3+0.57/0.87/0.020+1.1 ms cpu, 3->4->2 MB, 4 MB goal, 0 MB stacks, 0 MB globals, 16 P
gc 10549 @51.701s 4%: 0.13+0.56+0.083 ms clock, 2.1+0.44/0.96/0.010+1.3 ms cpu, 3->4->1 MB, 4 MB goal, 0 MB stacks, 0 MB globals, 16 P
gc 10550 @51.702s 4%: 0.13+0.61+0.091 ms clock, 2.1+0.52/0.83/0+1.4 ms cpu, 3->4->2 MB, 4 MB goal, 0 MB stacks, 0 MB globals, 16 P
gc 10551 @51.704s 4%: 0.10+0.55+0.069 ms clock, 1.7+0.47/0.83/0+1.1 ms cpu, 3->4->1 MB, 4 MB goal, 0 MB stacks, 0 MB globals, 16 P
gc 10552 @51.706s 4%: 0.14+0.89+0.083 ms clock, 2.3+0.51/0.90/0.023+1.3 ms cpu, 3->4->2 MB, 4 MB goal, 0 MB stacks, 0 MB globals, 16 P
gc 10553 @51.708s 4%: 0.15+0.66+0.15 ms clock, 2.4+0.53/0.95/0+2.4 ms cpu, 3->4->2 MB, 4 MB goal, 0 MB stacks, 0 MB globals, 16 P
gc 10554 @51.710s 4%: 0.12+0.77+0.086 ms clock, 1.9+0.48/0.86/0.042+1.3 ms cpu, 3->4->2 MB, 4 MB goal, 0 MB stacks, 0 MB globals, 16 P
gc 10555 @51.711s 4%: 0.15+0.61+0.15 ms clock, 2.4+0.54/0.73/0+2.5 ms cpu, 3->4->2 MB, 4 MB goal, 0 MB stacks, 0 MB globals, 16 P
gc 10556 @51.713s 4%: 0.13+0.51+0.11 ms clock, 2.1+0.46/0.81/0+1.8 ms cpu, 3->4->1 MB, 4 MB goal, 0 MB stacks, 0 MB globals, 16 P
gc 10557 @51.715s 4%: 0.12+0.65+0.092 ms clock, 1.9+0.59/0.84/0+1.4 ms cpu, 3->4->2 MB, 4 MB goal, 0 MB stacks, 0 MB globals, 16 P
gc 10558 @51.717s 4%: 0.099+0.58+0.17 ms clock, 1.5+0.70/0.78/0+2.7 ms cpu, 3->4->1 MB, 4 MB goal, 0 MB stacks, 0 MB globals, 16 P
gc 10559 @51.718s 4%: 0.10+0.53+0.16 ms clock, 1.7+0.55/0.77/0+2.5 ms cpu, 3->4->1 MB, 4 MB goal, 0 MB stacks, 0 MB globals, 16 P
gc 10560 @51.720s 4%: 0.18+0.45+0.080 ms clock, 2.9+0.62/0.87/0+1.2 ms cpu, 3->4->1 MB, 4 MB goal, 0 MB stacks, 0 MB globals, 16 P
gc 10561 @51.721s 4%: 0.15+0.56+0.10 ms clock, 2.5+0.71/0.79/0+1.6 ms cpu, 3->4->2 MB, 4 MB goal, 0 MB stacks, 0 MB globals, 16 P
gc 10562 @51.723s 4%: 0.11+0.63+0.10 ms clock, 1.8+0.59/0.88/0.002+1.6 ms cpu, 3->4->2 MB, 4 MB goal, 0 MB stacks, 0 MB globals, 16 P
gc 10563 @51.725s 4%: 0.096+0.56+0.17 ms clock, 1.5+0.76/0.70/0+2.8 ms cpu, 3->4->1 MB, 4 MB goal, 0 MB stacks, 0 MB globals, 16 P
gc 10564 @51.727s 4%: 0.22+0.59+0.12 ms clock, 3.5+0.57/0.85/0+2.0 ms cpu, 3->4->2 MB, 4 MB goal, 0 MB stacks, 0 MB globals, 16 P
gc 10565 @51.729s 4%: 0.15+0.56+0.078 ms clock, 2.4+0.52/0.85/0+1.2 ms cpu, 3->4->1 MB, 4 MB goal, 0 MB stacks, 0 MB globals, 16 P
gc 10566 @51.730s 4%: 0.10+0.56+0.16 ms clock, 1.7+0.63/0.91/0+2.7 ms cpu, 3->4->2 MB, 4 MB goal, 0 MB stacks, 0 MB globals, 16 P
gc 10567 @51.732s 4%: 0.16+0.64+0.051 ms clock, 2.6+0.58/0.89/0+0.83 ms cpu, 3->4->2 MB, 4 MB goal, 0 MB stacks, 0 MB globals, 16 P
gc 10568 @51.734s 4%: 0.10+0.48+0.13 ms clock, 1.6+0.51/0.79/0+2.1 ms cpu, 3->4->1 MB, 4 MB goal, 0 MB stacks, 0 MB globals, 16 P
gc 10569 @51.735s 4%: 0.12+0.64+0.089 ms clock, 1.9+0.55/0.78/0+1.4 ms cpu, 3->4->1 MB, 4 MB goal, 0 MB stacks, 0 MB globals, 16 P
gc 10570 @51.737s 4%: 0.13+0.48+0.11 ms clock, 2.2+0.61/0.80/0+1.8 ms cpu, 3->4->1 MB, 4 MB goal, 0 MB stacks, 0 MB globals, 16 P
gc 10571 @51.738s 4%: 0.12+0.52+0.11 ms clock, 1.9+0.53/0.76/0+1.7 ms cpu, 3->4->1 MB, 4 MB goal, 0 MB stacks, 0 MB globals, 16 P
gc 10572 @51.740s 4%: 0.12+0.51+0.10 ms clock, 1.9+0.70/0.75/0+1.6 ms cpu, 3->4->1 MB, 4 MB goal, 0 MB stacks, 0 MB globals, 16 P
gc 10573 @51.741s 4%: 0.13+0.66+0.090 ms clock, 2.0+0.75/0.89/0.010+1.4 ms cpu, 3->4->2 MB, 4 MB goal, 0 MB stacks, 0 MB globals, 16 P
gc 10574 @51.743s 4%: 0.15+0.55+0.16 ms clock, 2.4+0.56/0.92/0.012+2.5 ms cpu, 3->4->1 MB, 4 MB goal, 0 MB stacks, 0 MB globals, 16 P
gc 10575 @51.745s 4%: 0.10+0.49+0.22 ms clock, 1.7+0.54/0.86/0+3.6 ms cpu, 3->4->1 MB, 4 MB goal, 0 MB stacks, 0 MB globals, 16 P
gc 10576 @51.746s 4%: 0.19+0.63+0.10 ms clock, 3.1+0.81/0.98/0.002+1.6 ms cpu, 3->4->2 MB, 4 MB goal, 0 MB stacks, 0 MB globals, 16 P
gc 10577 @51.748s 4%: 0.13+0.60+0.12 ms clock, 2.1+0.61/0.89/0.005+2.0 ms cpu, 3->4->2 MB, 4 MB goal, 0 MB stacks, 0 MB globals, 16 P
gc 10578 @51.750s 4%: 0.094+0.56+0.057 ms clock, 1.5+0.44/0.89/0.008+0.91 ms cpu, 3->4->1 MB, 4 MB goal, 0 MB stacks, 0 MB globals, 16 P
gc 10579 @51.752s 4%: 0.11+0.51+0.12 ms clock, 1.8+0.59/0.75/0+2.0 ms cpu, 3->4->1 MB, 4 MB goal, 0 MB stacks, 0 MB globals, 16 P
gc 10580 @51.753s 4%: 0.14+0.51+0.12 ms clock, 2.3+0.62/0.80/0+2.0 ms cpu, 3->4->1 MB, 4 MB goal, 0 MB stacks, 0 MB globals, 16 P
gc 10581 @51.755s 4%: 0.10+0.59+0.089 ms clock, 1.6+0.54/0.82/0.009+1.4 ms cpu, 3->4->1 MB, 4 MB goal, 0 MB stacks, 0 MB globals, 16 P
gc 10582 @51.757s 4%: 0.10+0.60+0.11 ms clock, 1.6+0.52/0.86/0+1.8 ms cpu, 3->4->1 MB, 4 MB goal, 0 MB stacks, 0 MB globals, 16 P
gc 10583 @51.758s 4%: 0.18+0.47+0.11 ms clock, 2.9+0.51/0.80/0.052+1.8 ms cpu, 3->4->1 MB, 4 MB goal, 0 MB stacks, 0 MB globals, 16 P
gc 10584 @51.760s 4%: 0.15+0.65+0.11 ms clock, 2.4+0.58/0.96/0+1.8 ms cpu, 3->4->2 MB, 4 MB goal, 0 MB stacks, 0 MB globals, 16 P
gc 10585 @51.761s 4%: 0.13+0.56+0.043 ms clock, 2.0+0.53/0.94/0.012+0.69 ms cpu, 3->4->1 MB, 4 MB goal, 0 MB stacks, 0 MB globals, 16 P
gc 10586 @51.763s 4%: 0.14+0.66+0.10 ms clock, 2.3+0.50/0.93/0.001+1.6 ms cpu, 3->4->2 MB, 4 MB goal, 0 MB stacks, 0 MB globals, 16 P
gc 10587 @51.765s 4%: 0.10+0.76+0.11 ms clock, 1.7+0.69/0.86/0+1.7 ms cpu, 3->4->2 MB, 4 MB goal, 0 MB stacks, 0 MB globals, 16 P
gc 10588 @51.767s 4%: 0.10+0.53+0.11 ms clock, 1.6+0.55/0.78/0.030+1.8 ms cpu, 3->4->1 MB, 4 MB goal, 0 MB stacks, 0 MB globals, 16 P
gc 10589 @51.769s 4%: 0.13+0.58+0.10 ms clock, 2.1+0.74/0.71/0+1.6 ms cpu, 3->4->1 MB, 4 MB goal, 0 MB stacks, 0 MB globals, 16 P
gc 10590 @51.770s 4%: 0.10+0.47+0.10 ms clock, 1.6+0.64/0.79/0+1.6 ms cpu, 3->4->1 MB, 4 MB goal, 0 MB stacks, 0 MB globals, 16 P
gc 10591 @51.771s 4%: 0.11+0.63+0.14 ms clock, 1.7+0.66/0.74/0+2.3 ms cpu, 3->4->1 MB, 4 MB goal, 0 MB stacks, 0 MB globals, 16 P
gc 10592 @51.773s 4%: 0.11+0.61+0.10 ms clock, 1.7+0.43/0.91/0+1.6 ms cpu, 3->4->1 MB, 4 MB goal, 0 MB stacks, 0 MB globals, 16 P
gc 10593 @51.775s 4%: 0.11+0.63+0.078 ms clock, 1.7+0.52/0.85/0.045+1.2 ms cpu, 3->4->1 MB, 4 MB goal, 0 MB stacks, 0 MB globals, 16 P
gc 10594 @51.776s 4%: 0.090+0.69+0.13 ms clock, 1.4+0.57/0.95/0+2.1 ms cpu, 3->4->2 MB, 4 MB goal, 0 MB stacks, 0 MB globals, 16 P
gc 10595 @51.778s 4%: 0.12+0.64+0.12 ms clock, 1.9+0.72/0.86/0+1.9 ms cpu, 3->4->2 MB, 4 MB goal, 0 MB stacks, 0 MB globals, 16 P
gc 10596 @51.780s 4%: 0.10+0.44+0.091 ms clock, 1.7+0.69/0.75/0+1.4 ms cpu, 3->4->1 MB, 4 MB goal, 0 MB stacks, 0 MB globals, 16 P
gc 10597 @51.781s 4%: 0.10+0.74+0.14 ms clock, 1.6+0.64/0.82/0+2.3 ms cpu, 3->4->2 MB, 4 MB goal, 0 MB stacks, 0 MB globals, 16 P
gc 10598 @51.783s 4%: 0.12+0.58+0.10 ms clock, 1.9+0.48/0.79/0+1.6 ms cpu, 3->4->1 MB, 4 MB goal, 0 MB stacks, 0 MB globals, 16 P
gc 10599 @51.785s 4%: 0.19+0.47+0.12 ms clock, 3.1+0.70/0.80/0+2.0 ms cpu, 3->4->1 MB, 4 MB goal, 0 MB stacks, 0 MB globals, 16 P
gc 10600 @51.786s 4%: 0.13+0.66+0.085 ms clock, 2.2+0.64/0.79/0.001+1.3 ms cpu, 3->4->2 MB, 4 MB goal, 0 MB stacks, 0 MB globals, 16 P
gc 10601 @51.788s 4%: 0.11+0.56+0.11 ms clock, 1.8+0.64/0.75/0+1.8 ms cpu, 3->4->1 MB, 4 MB goal, 0 MB stacks, 0 MB globals, 16 P
gc 10602 @51.790s 4%: 0.17+0.51+0.094 ms clock, 2.7+0.84/0.79/0.067+1.5 ms cpu, 3->4->1 MB, 4 MB goal, 0 MB stacks, 0 MB globals, 16 P
gc 10603 @51.791s 4%: 0.14+0.55+0.13 ms clock, 2.2+0.55/0.89/0+2.1 ms cpu, 3->4->2 MB, 4 MB goal, 0 MB stacks, 0 MB globals, 16 P
gc 10604 @51.793s 4%: 0.11+0.52+0.14 ms clock, 1.8+0.71/0.73/0+2.2 ms cpu, 3->4->1 MB, 4 MB goal, 0 MB stacks, 0 MB globals, 16 P
gc 10605 @51.795s 4%: 0.10+0.64+0.13 ms clock, 1.7+0.57/0.94/0.004+2.2 ms cpu, 3->4->2 MB, 4 MB goal, 0 MB stacks, 0 MB globals, 16 P
gc 10606 @51.796s 4%: 0.10+0.69+0.056 ms clock, 1.6+0.56/0.93/0.001+0.89 ms cpu, 3->4->2 MB, 4 MB goal, 0 MB stacks, 0 MB globals, 16 P
gc 10607 @51.798s 4%: 0.084+0.50+0.097 ms clock, 1.3+0.64/0.71/0+1.5 ms cpu, 3->4->1 MB, 4 MB goal, 0 MB stacks, 0 MB globals, 16 P
gc 10608 @51.800s 4%: 0.10+0.66+0.10 ms clock, 1.6+0.65/0.79/0+1.6 ms cpu, 3->4->2 MB, 4 MB goal, 0 MB stacks, 0 MB globals, 16 P
gc 10609 @51.802s 4%: 0.11+0.54+0.13 ms clock, 1.7+0.56/0.90/0.002+2.1 ms cpu, 3->4->1 MB, 4 MB goal, 0 MB stacks, 0 MB globals, 16 P
gc 10610 @51.803s 4%: 0.12+0.46+0.18 ms clock, 2.0+0.57/0.81/0.004+2.8 ms cpu, 3->4->1 MB, 4 MB goal, 0 MB stacks, 0 MB globals, 16 P
gc 10611 @51.805s 4%: 0.12+0.59+0.12 ms clock, 1.9+0.47/0.97/0+1.9 ms cpu, 3->4->2 MB, 4 MB goal, 0 MB stacks, 0 MB globals, 16 P
gc 10612 @51.806s 4%: 0.12+0.51+0.082 ms clock, 1.9+0.56/0.69/0+1.3 ms cpu, 3->4->1 MB, 4 MB goal, 0 MB stacks, 0 MB globals, 16 P
gc 10613 @51.808s 4%: 0.10+0.72+0.094 ms clock, 1.7+0.46/0.92/0+1.5 ms cpu, 3->4->2 MB, 4 MB goal, 0 MB stacks, 0 MB globals, 16 P
gc 10614 @51.810s 4%: 0.12+0.55+0.15 ms clock, 2.0+0.51/0.85/0.034+2.5 ms cpu, 3->4->2 MB, 4 MB goal, 0 MB stacks, 0 MB globals, 16 P
gc 10615 @51.811s 4%: 0.16+0.48+0.10 ms clock, 2.7+0.56/0.81/0+1.6 ms cpu, 3->4->1 MB, 4 MB goal, 0 MB stacks, 0 MB globals, 16 P
gc 10616 @51.813s 4%: 0.16+0.60+0.089 ms clock, 2.6+0.66/0.82/0+1.4 ms cpu, 3->4->2 MB, 4 MB goal, 0 MB stacks, 0 MB globals, 16 P
gc 10617 @51.815s 4%: 0.097+0.54+0.097 ms clock, 1.5+0.44/0.86/0.042+1.5 ms cpu, 3->4->1 MB, 4 MB goal, 0 MB stacks, 0 MB globals, 16 P
gc 10618 @51.816s 4%: 0.099+0.70+0.083 ms clock, 1.5+0.41/0.79/0.028+1.3 ms cpu, 3->4->1 MB, 4 MB goal, 0 MB stacks, 0 MB globals, 16 P
gc 10619 @51.818s 4%: 0.13+0.57+0.083 ms clock, 2.1+0.51/0.79/0.031+1.3 ms cpu, 3->4->1 MB, 4 MB goal, 0 MB stacks, 0 MB globals, 16 P
gc 10620 @51.819s 4%: 0.16+0.60+0.094 ms clock, 2.6+0.59/0.75/0.071+1.5 ms cpu, 3->4->1 MB, 4 MB goal, 0 MB stacks, 0 MB globals, 16 P
gc 10621 @51.821s 4%: 0.13+0.52+0.12 ms clock, 2.2+0.62/0.80/0.004+1.9 ms cpu, 3->4->1 MB, 4 MB goal, 0 MB stacks, 0 MB globals, 16 P
gc 10622 @51.823s 4%: 0.13+0.60+0.082 ms clock, 2.1+0.55/0.98/0+1.3 ms cpu, 3->4->2 MB, 4 MB goal, 0 MB stacks, 0 MB globals, 16 P
gc 10623 @51.824s 4%: 0.092+0.71+0.095 ms clock, 1.4+0.75/0.81/0+1.5 ms cpu, 3->4->2 MB, 4 MB goal, 0 MB stacks, 0 MB globals, 16 P
gc 10624 @51.826s 4%: 0.16+0.46+0.11 ms clock, 2.6+0.67/0.87/0+1.7 ms cpu, 3->4->1 MB, 4 MB goal, 0 MB stacks, 0 MB globals, 16 P
gc 10625 @51.828s 4%: 0.15+0.58+0.17 ms clock, 2.4+0.79/0.77/0+2.7 ms cpu, 3->4->2 MB, 4 MB goal, 0 MB stacks, 0 MB globals, 16 P
gc 10626 @51.830s 4%: 0.10+0.77+0.10 ms clock, 1.7+0.51/0.80/0.054+1.6 ms cpu, 3->4->2 MB, 4 MB goal, 0 MB stacks, 0 MB globals, 16 P
gc 10627 @51.831s 4%: 0.15+0.56+0.050 ms clock, 2.5+0.64/0.83/0+0.81 ms cpu, 3->4->2 MB, 4 MB goal, 0 MB stacks, 0 MB globals, 16 P
gc 10628 @51.833s 4%: 0.16+0.60+0.14 ms clock, 2.6+0.59/0.86/0+2.2 ms cpu, 3->4->2 MB, 4 MB goal, 0 MB stacks, 0 MB globals, 16 P
gc 10629 @51.835s 4%: 0.18+0.68+0.13 ms clock, 2.9+0.65/0.81/0.079+2.0 ms cpu, 3->4->2 MB, 4 MB goal, 0 MB stacks, 0 MB globals, 16 P
gc 10630 @51.837s 4%: 0.14+0.65+0.069 ms clock, 2.2+0.65/0.77/0+1.1 ms cpu, 3->4->2 MB, 4 MB goal, 0 MB stacks, 0 MB globals, 16 P
gc 10631 @51.839s 4%: 0.13+0.63+0.10 ms clock, 2.1+0.50/0.91/0+1.6 ms cpu, 3->4->2 MB, 4 MB goal, 0 MB stacks, 0 MB globals, 16 P
gc 10632 @51.841s 4%: 0.11+0.54+0.11 ms clock, 1.8+0.54/0.82/0+1.9 ms cpu, 3->4->1 MB, 4 MB goal, 0 MB stacks, 0 MB globals, 16 P
gc 10633 @51.842s 4%: 0.19+0.46+0.10 ms clock, 3.0+0.70/0.80/0+1.6 ms cpu, 3->4->1 MB, 4 MB goal, 0 MB stacks, 0 MB globals, 16 P
gc 10634 @51.844s 4%: 0.097+0.55+0.057 ms clock, 1.5+0.57/0.91/0+0.91 ms cpu, 3->4->1 MB, 4 MB goal, 0 MB stacks, 0 MB globals, 16 P
gc 10635 @51.845s 4%: 0.13+0.52+0.13 ms clock, 2.1+0.62/0.81/0.009+2.1 ms cpu, 3->4->2 MB, 4 MB goal, 0 MB stacks, 0 MB globals, 16 P
gc 10636 @51.847s 4%: 0.13+0.62+0.097 ms clock, 2.1+0.61/0.87/0+1.5 ms cpu, 3->4->2 MB, 4 MB goal, 0 MB stacks, 0 MB globals, 16 P
gc 10637 @51.849s 4%: 0.071+0.68+0.057 ms clock, 1.1+0.54/0.85/0+0.92 ms cpu, 3->4->1 MB, 4 MB goal, 0 MB stacks, 0 MB globals, 16 P
gc 10638 @51.851s 4%: 0.19+0.52+0.11 ms clock, 3.1+0.52/0.86/0+1.8 ms cpu, 3->4->1 MB, 4 MB goal, 0 MB stacks, 0 MB globals, 16 P
gc 10639 @51.852s 4%: 0.12+0.47+0.13 ms clock, 1.9+0.62/0.78/0+2.1 ms cpu, 3->4->1 MB, 4 MB goal, 0 MB stacks, 0 MB globals, 16 P
gc 10640 @51.854s 4%: 0.18+0.55+0.18 ms clock, 2.9+0.54/0.81/0.002+3.0 ms cpu, 3->4->2 MB, 4 MB goal, 0 MB stacks, 0 MB globals, 16 P
gc 10641 @51.856s 4%: 0.12+0.52+0.11 ms clock, 1.9+0.52/0.77/0+1.8 ms cpu, 3->4->1 MB, 4 MB goal, 0 MB stacks, 0 MB globals, 16 P
gc 10642 @51.857s 4%: 0.10+0.48+0.15 ms clock, 1.6+0.55/0.78/0.001+2.4 ms cpu, 3->4->1 MB, 4 MB goal, 0 MB stacks, 0 MB globals, 16 P
gc 10643 @51.859s 4%: 0.11+0.50+0.12 ms clock, 1.7+0.46/0.85/0.001+2.0 ms cpu, 3->4->1 MB, 4 MB goal, 0 MB stacks, 0 MB globals, 16 P
gc 10644 @51.860s 4%: 0.18+0.82+0.12 ms clock, 2.9+0.58/0.86/0+1.9 ms cpu, 3->4->2 MB, 4 MB goal, 0 MB stacks, 0 MB globals, 16 P
gc 10645 @51.862s 4%: 0.13+0.57+0.15 ms clock, 2.0+0.55/0.76/0.062+2.5 ms cpu, 4->4->1 MB, 4 MB goal, 0 MB stacks, 0 MB globals, 16 P
gc 10646 @51.864s 4%: 0.22+0.67+0.094 ms clock, 3.6+0.58/0.83/0+1.5 ms cpu, 3->4->2 MB, 4 MB goal, 0 MB stacks, 0 MB globals, 16 P
gc 10647 @51.866s 4%: 0.14+0.47+0.11 ms clock, 2.3+0.64/0.81/0+1.9 ms cpu, 3->4->1 MB, 4 MB goal, 0 MB stacks, 0 MB globals, 16 P
gc 10648 @51.867s 4%: 0.13+0.54+0.13 ms clock, 2.2+0.65/0.93/0.006+2.1 ms cpu, 3->4->1 MB, 4 MB goal, 0 MB stacks, 0 MB globals, 16 P
gc 10649 @51.869s 4%: 0.16+0.78+0.071 ms clock, 2.6+0.61/0.88/0+1.1 ms cpu, 3->4->2 MB, 4 MB goal, 0 MB stacks, 0 MB globals, 16 P
gc 10650 @51.871s 4%: 0.16+0.61+0.10 ms clock, 2.6+0.59/0.84/0.002+1.7 ms cpu, 3->4->2 MB, 4 MB goal, 0 MB stacks, 0 MB globals, 16 P
gc 10651 @51.873s 4%: 0.12+0.80+0.11 ms clock, 2.0+0.71/0.94/0+1.8 ms cpu, 3->4->2 MB, 4 MB goal, 0 MB stacks, 0 MB globals, 16 P
gc 10652 @51.875s 4%: 0.13+0.75+0.063 ms clock, 2.1+0.57/1.2/0+1.0 ms cpu, 4->5->2 MB, 4 MB goal, 0 MB stacks, 0 MB globals, 16 P
gc 10653 @51.877s 4%: 0.10+0.47+0.11 ms clock, 1.6+0.54/0.83/0.002+1.7 ms cpu, 3->4->1 MB, 4 MB goal, 0 MB stacks, 0 MB globals, 16 P
gc 10654 @51.878s 4%: 0.12+0.41+0.13 ms clock, 1.9+0.61/0.72/0.024+2.0 ms cpu, 3->4->1 MB, 4 MB goal, 0 MB stacks, 0 MB globals, 16 P
gc 10655 @51.880s 4%: 0.17+0.64+0.079 ms clock, 2.7+0.64/0.86/0+1.2 ms cpu, 3->4->2 MB, 4 MB goal, 0 MB stacks, 0 MB globals, 16 P
gc 10656 @51.881s 4%: 0.095+0.50+0.097 ms clock, 1.5+0.54/0.87/0.054+1.5 ms cpu, 3->4->1 MB, 4 MB goal, 0 MB stacks, 0 MB globals, 16 P
gc 10657 @51.883s 4%: 0.11+0.71+0.070 ms clock, 1.8+0.64/0.99/0.007+1.1 ms cpu, 3->4->2 MB, 4 MB goal, 0 MB stacks, 0 MB globals, 16 P
gc 10658 @51.885s 4%: 0.11+0.54+0.091 ms clock, 1.7+0.42/0.86/0.018+1.4 ms cpu, 4->4->1 MB, 4 MB goal, 0 MB stacks, 0 MB globals, 16 P
gc 10659 @51.886s 4%: 0.11+0.62+0.13 ms clock, 1.8+0.57/0.86/0+2.1 ms cpu, 3->4->2 MB, 4 MB goal, 0 MB stacks, 0 MB globals, 16 P
gc 10660 @51.888s 4%: 0.13+0.56+0.083 ms clock, 2.0+0.44/0.87/0.005+1.3 ms cpu, 3->4->1 MB, 4 MB goal, 0 MB stacks, 0 MB globals, 16 P
gc 10661 @51.890s 4%: 0.14+0.48+0.17 ms clock, 2.2+0.57/0.75/0.003+2.8 ms cpu, 3->4->1 MB, 4 MB goal, 0 MB stacks, 0 MB globals, 16 P
gc 10662 @51.892s 4%: 0.085+0.59+0.089 ms clock, 1.3+0.40/0.83/0.010+1.4 ms cpu, 3->4->1 MB, 4 MB goal, 0 MB stacks, 0 MB globals, 16 P
gc 10663 @51.893s 4%: 0.12+0.55+0.083 ms clock, 2.0+0.58/0.75/0.043+1.3 ms cpu, 3->4->2 MB, 4 MB goal, 0 MB stacks, 0 MB globals, 16 P
gc 10664 @51.895s 4%: 0.12+0.63+0.13 ms clock, 1.9+0.71/0.78/0+2.0 ms cpu, 3->4->2 MB, 4 MB goal, 0 MB stacks, 0 MB globals, 16 P
gc 10665 @51.897s 4%: 0.11+0.49+0.18 ms clock, 1.8+0.64/0.76/0+2.9 ms cpu, 3->4->1 MB, 4 MB goal, 0 MB stacks, 0 MB globals, 16 P
gc 10666 @51.898s 4%: 0.15+0.54+0.089 ms clock, 2.4+0.63/0.87/0+1.4 ms cpu, 3->4->1 MB, 4 MB goal, 0 MB stacks, 0 MB globals, 16 P
gc 10667 @51.900s 4%: 0.11+0.66+0.099 ms clock, 1.7+0.55/0.87/0+1.5 ms cpu, 3->4->2 MB, 4 MB goal, 0 MB stacks, 0 MB globals, 16 P
gc 10668 @51.902s 4%: 0.091+0.64+0.094 ms clock, 1.4+0.48/0.90/0+1.5 ms cpu, 3->4->2 MB, 4 MB goal, 0 MB stacks, 0 MB globals, 16 P
gc 10669 @51.903s 4%: 0.14+0.74+0.089 ms clock, 2.2+0.61/0.93/0+1.4 ms cpu, 3->4->2 MB, 4 MB goal, 0 MB stacks, 0 MB globals, 16 P
gc 10670 @51.905s 4%: 0.15+0.50+0.13 ms clock, 2.5+0.64/0.74/0.016+2.2 ms cpu, 3->4->1 MB, 4 MB goal, 0 MB stacks, 0 MB globals, 16 P
gc 10671 @51.907s 4%: 0.16+0.69+0.10 ms clock, 2.6+0.65/0.77/0+1.7 ms cpu, 3->4->2 MB, 4 MB goal, 0 MB stacks, 0 MB globals, 16 P
gc 10672 @51.909s 4%: 0.16+0.58+0.13 ms clock, 2.5+0.69/0.73/0+2.1 ms cpu, 3->4->2 MB, 4 MB goal, 0 MB stacks, 0 MB globals, 16 P
gc 10673 @51.910s 4%: 0.10+0.67+0.098 ms clock, 1.6+0.51/0.83/0+1.5 ms cpu, 3->4->2 MB, 4 MB goal, 0 MB stacks, 0 MB globals, 16 P
gc 10674 @51.912s 4%: 0.12+0.52+0.12 ms clock, 2.0+0.76/0.74/0+2.0 ms cpu, 3->4->1 MB, 4 MB goal, 0 MB stacks, 0 MB globals, 16 P
gc 10675 @51.914s 4%: 0.10+0.68+0.071 ms clock, 1.7+0.54/0.94/0+1.1 ms cpu, 3->4->2 MB, 4 MB goal, 0 MB stacks, 0 MB globals, 16 P
gc 10676 @51.916s 4%: 0.12+0.54+0.10 ms clock, 1.9+0.52/0.88/0+1.7 ms cpu, 3->4->1 MB, 4 MB goal, 0 MB stacks, 0 MB globals, 16 P
gc 10677 @51.917s 4%: 0.13+0.58+0.10 ms clock, 2.0+0.67/0.78/0+1.7 ms cpu, 3->4->2 MB, 4 MB goal, 0 MB stacks, 0 MB globals, 16 P
gc 10678 @51.919s 4%: 0.12+0.48+0.093 ms clock, 2.0+0.69/0.79/0+1.4 ms cpu, 3->4->1 MB, 4 MB goal, 0 MB stacks, 0 MB globals, 16 P
gc 10679 @51.920s 4%: 0.12+0.73+0.15 ms clock, 1.9+0.51/0.79/0+2.4 ms cpu, 3->4->2 MB, 4 MB goal, 0 MB stacks, 0 MB globals, 16 P
gc 10680 @51.923s 4%: 0.096+0.48+0.13 ms clock, 1.5+0.49/0.84/0.005+2.1 ms cpu, 3->4->1 MB, 4 MB goal, 0 MB stacks, 0 MB globals, 16 P
gc 10681 @51.924s 4%: 0.14+0.48+0.14 ms clock, 2.2+0.63/0.81/0+2.2 ms cpu, 3->4->1 MB, 4 MB goal, 0 MB stacks, 0 MB globals, 16 P
gc 10682 @51.926s 4%: 0.12+0.46+0.10 ms clock, 2.0+0.44/0.87/0+1.6 ms cpu, 3->4->1 MB, 4 MB goal, 0 MB stacks, 0 MB globals, 16 P
gc 10683 @51.927s 4%: 0.11+0.52+0.10 ms clock, 1.8+0.50/0.89/0.004+1.6 ms cpu, 3->4->1 MB, 4 MB goal, 0 MB stacks, 0 MB globals, 16 P
gc 10684 @51.929s 4%: 0.14+0.58+0.12 ms clock, 2.3+0.66/0.74/0+1.9 ms cpu, 3->4->2 MB, 4 MB goal, 0 MB stacks, 0 MB globals, 16 P
gc 10685 @51.931s 4%: 0.17+0.51+0.17 ms clock, 2.8+0.59/0.93/0+2.7 ms cpu, 3->4->2 MB, 4 MB goal, 0 MB stacks, 0 MB globals, 16 P
gc 10686 @51.932s 4%: 0.13+0.53+0.18 ms clock, 2.1+0.68/0.77/0.008+2.9 ms cpu, 3->4->1 MB, 4 MB goal, 0 MB stacks, 0 MB globals, 16 P
gc 10687 @51.934s 4%: 0.13+0.64+0.088 ms clock, 2.1+0.64/0.82/0+1.4 ms cpu, 3->4->2 MB, 4 MB goal, 0 MB stacks, 0 MB globals, 16 P
gc 10688 @51.936s 4%: 0.14+0.55+0.13 ms clock, 2.3+0.54/0.81/0+2.2 ms cpu, 3->4->1 MB, 4 MB goal, 0 MB stacks, 0 MB globals, 16 P
gc 10689 @51.937s 4%: 0.11+0.75+0.058 ms clock, 1.7+0.68/0.93/0.001+0.92 ms cpu, 3->4->2 MB, 4 MB goal, 0 MB stacks, 0 MB globals, 16 P
gc 10690 @51.939s 4%: 0.14+0.65+0.068 ms clock, 2.3+0.61/0.75/0.007+1.1 ms cpu, 3->4->2 MB, 4 MB goal, 0 MB stacks, 0 MB globals, 16 P
gc 10691 @51.941s 4%: 0.12+0.63+0.094 ms clock, 2.0+0.54/0.94/0+1.5 ms cpu, 3->4->2 MB, 4 MB goal, 0 MB stacks, 0 MB globals, 16 P
gc 10692 @51.943s 4%: 0.10+0.45+0.17 ms clock, 1.6+0.57/0.79/0+2.7 ms cpu, 3->4->1 MB, 4 MB goal, 0 MB stacks, 0 MB globals, 16 P
gc 10693 @51.944s 4%: 0.11+0.70+0.093 ms clock, 1.7+0.48/0.79/0+1.5 ms cpu, 3->4->2 MB, 4 MB goal, 0 MB stacks, 0 MB globals, 16 P
gc 10694 @51.946s 4%: 0.14+0.69+0.098 ms clock, 2.3+0.67/1.0/0.016+1.5 ms cpu, 3->4->2 MB, 4 MB goal, 0 MB stacks, 0 MB globals, 16 P
gc 10695 @51.948s 4%: 0.087+0.55+0.090 ms clock, 1.4+0.50/0.87/0.002+1.4 ms cpu, 3->4->1 MB, 4 MB goal, 0 MB stacks, 0 MB globals, 16 P
gc 10696 @51.949s 4%: 0.11+0.45+0.15 ms clock, 1.8+0.51/0.77/0+2.4 ms cpu, 3->4->1 MB, 4 MB goal, 0 MB stacks, 0 MB globals, 16 P
gc 10697 @51.951s 4%: 0.10+0.58+0.091 ms clock, 1.7+0.54/0.92/0+1.4 ms cpu, 3->4->1 MB, 4 MB goal, 0 MB stacks, 0 MB globals, 16 P
gc 10698 @51.953s 4%: 0.15+0.53+0.074 ms clock, 2.4+0.51/0.80/0+1.1 ms cpu, 3->4->1 MB, 4 MB goal, 0 MB stacks, 0 MB globals, 16 P
gc 10699 @51.954s 4%: 0.12+0.49+0.16 ms clock, 1.9+0.51/0.85/0+2.6 ms cpu, 3->4->1 MB, 4 MB goal, 0 MB stacks, 0 MB globals, 16 P
gc 10700 @51.956s 4%: 0.12+0.62+0.10 ms clock, 1.9+0.46/0.99/0.019+1.6 ms cpu, 3->4->2 MB, 4 MB goal, 0 MB stacks, 0 MB globals, 16 P
gc 10701 @51.957s 4%: 0.10+0.61+0.12 ms clock, 1.6+0.50/0.88/0+1.9 ms cpu, 3->4->1 MB, 4 MB goal, 0 MB stacks, 0 MB globals, 16 P
gc 10702 @51.959s 4%: 0.13+0.50+0.13 ms clock, 2.1+0.72/0.78/0+2.1 ms cpu, 3->4->1 MB, 4 MB goal, 0 MB stacks, 0 MB globals, 16 P
gc 10703 @51.961s 4%: 0.087+0.61+0.10 ms clock, 1.4+0.52/0.92/0.004+1.6 ms cpu, 3->4->2 MB, 4 MB goal, 0 MB stacks, 0 MB globals, 16 P
gc 10704 @51.963s 4%: 0.14+0.51+0.095 ms clock, 2.2+0.53/0.81/0+1.5 ms cpu, 3->4->1 MB, 4 MB goal, 0 MB stacks, 0 MB globals, 16 P
gc 10705 @51.964s 4%: 0.17+0.59+0.13 ms clock, 2.8+0.71/0.78/0+2.1 ms cpu, 3->4->2 MB, 4 MB goal, 0 MB stacks, 0 MB globals, 16 P
gc 10706 @51.966s 4%: 0.10+0.63+0.10 ms clock, 1.7+0.54/0.92/0.073+1.6 ms cpu, 3->4->2 MB, 4 MB goal, 0 MB stacks, 0 MB globals, 16 P
gc 10707 @51.968s 4%: 0.10+0.66+0.12 ms clock, 1.7+0.47/0.81/0+1.9 ms cpu, 3->4->2 MB, 4 MB goal, 0 MB stacks, 0 MB globals, 16 P
gc 10708 @51.969s 4%: 0.11+0.57+0.18 ms clock, 1.8+0.45/0.80/0+2.8 ms cpu, 3->4->1 MB, 4 MB goal, 0 MB stacks, 0 MB globals, 16 P
gc 10709 @51.971s 4%: 0.17+0.58+0.15 ms clock, 2.7+0.70/0.93/0+2.5 ms cpu, 3->4->2 MB, 4 MB goal, 0 MB stacks, 0 MB globals, 16 P
gc 10710 @51.973s 4%: 0.17+0.64+0.10 ms clock, 2.7+0.62/0.80/0+1.6 ms cpu, 3->4->2 MB, 4 MB goal, 0 MB stacks, 0 MB globals, 16 P
gc 10711 @51.975s 4%: 0.14+0.57+0.12 ms clock, 2.3+0.55/0.85/0+1.9 ms cpu, 3->4->2 MB, 4 MB goal, 0 MB stacks, 0 MB globals, 16 P
gc 10712 @51.977s 4%: 0.13+0.58+0.082 ms clock, 2.2+0.60/0.85/0+1.3 ms cpu, 3->4->1 MB, 4 MB goal, 0 MB stacks, 0 MB globals, 16 P
gc 10713 @51.978s 4%: 0.098+0.46+0.11 ms clock, 1.5+0.49/0.82/0.004+1.8 ms cpu, 3->4->1 MB, 4 MB goal, 0 MB stacks, 0 MB globals, 16 P
gc 10714 @51.980s 4%: 0.14+0.56+0.13 ms clock, 2.2+0.58/0.80/0+2.1 ms cpu, 3->4->2 MB, 4 MB goal, 0 MB stacks, 0 MB globals, 16 P
gc 10715 @51.981s 4%: 0.11+0.56+0.17 ms clock, 1.8+0.46/0.83/0.040+2.7 ms cpu, 3->4->1 MB, 4 MB goal, 0 MB stacks, 0 MB globals, 16 P
gc 10716 @51.983s 4%: 0.15+0.54+0.18 ms clock, 2.4+0.68/0.81/0+2.9 ms cpu, 3->4->1 MB, 4 MB goal, 0 MB stacks, 0 MB globals, 16 P
gc 10717 @51.985s 4%: 0.15+0.59+0.098 ms clock, 2.5+0.72/0.89/0.014+1.5 ms cpu, 3->4->2 MB, 4 MB goal, 0 MB stacks, 0 MB globals, 16 P
gc 10718 @51.986s 4%: 0.12+0.50+0.10 ms clock, 2.0+0.54/0.77/0.014+1.7 ms cpu, 3->4->1 MB, 4 MB goal, 0 MB stacks, 0 MB globals, 16 P
gc 10719 @51.988s 4%: 0.13+0.62+0.099 ms clock, 2.1+0.50/0.77/0+1.5 ms cpu, 3->4->1 MB, 4 MB goal, 0 MB stacks, 0 MB globals, 16 P
gc 10720 @51.990s 4%: 0.11+0.57+0.11 ms clock, 1.7+0.64/0.95/0+1.7 ms cpu, 3->4->2 MB, 4 MB goal, 0 MB stacks, 0 MB globals, 16 P
gc 10721 @51.991s 4%: 0.11+0.51+0.11 ms clock, 1.9+0.47/0.83/0.040+1.8 ms cpu, 3->4->1 MB, 4 MB goal, 0 MB stacks, 0 MB globals, 16 P
gc 10722 @51.993s 4%: 0.12+0.76+0.057 ms clock, 2.0+0.56/0.83/0.011+0.92 ms cpu, 3->4->2 MB, 4 MB goal, 0 MB stacks, 0 MB globals, 16 P
gc 10723 @51.995s 4%: 0.11+0.70+0.10 ms clock, 1.8+0.48/0.88/0.044+1.6 ms cpu, 3->4->2 MB, 4 MB goal, 0 MB stacks, 0 MB globals, 16 P
gc 10724 @51.997s 4%: 0.15+0.52+0.13 ms clock, 2.5+0.59/0.92/0+2.2 ms cpu, 3->4->1 MB, 4 MB goal, 0 MB stacks, 0 MB globals, 16 P
gc 10725 @51.998s 4%: 0.14+0.54+0.068 ms clock, 2.3+0.59/0.81/0+1.1 ms cpu, 3->4->1 MB, 4 MB goal, 0 MB stacks, 0 MB globals, 16 P
gc 10726 @52.000s 4%: 0.16+0.51+0.11 ms clock, 2.6+0.44/0.97/0+1.9 ms cpu, 3->4->2 MB, 4 MB goal, 0 MB stacks, 0 MB globals, 16 P
gc 10727 @52.001s 4%: 0.14+0.52+0.11 ms clock, 2.2+0.57/0.79/0.001+1.8 ms cpu, 3->4->1 MB, 4 MB goal, 0 MB stacks, 0 MB globals, 16 P
gc 10728 @52.003s 4%: 0.12+0.54+0.16 ms clock, 1.9+0.72/0.74/0+2.6 ms cpu, 3->4->2 MB, 4 MB goal, 0 MB stacks, 0 MB globals, 16 P
gc 10729 @52.005s 4%: 0.10+0.54+0.16 ms clock, 1.7+0.50/0.89/0+2.6 ms cpu, 3->4->1 MB, 4 MB goal, 0 MB stacks, 0 MB globals, 16 P
gc 10730 @52.007s 4%: 0.12+0.61+0.18 ms clock, 1.9+0.60/0.92/0+2.9 ms cpu, 3->4->2 MB, 4 MB goal, 0 MB stacks, 0 MB globals, 16 P
gc 10731 @52.008s 4%: 0.11+0.50+0.089 ms clock, 1.8+0.53/0.77/0+1.4 ms cpu, 3->4->1 MB, 4 MB goal, 0 MB stacks, 0 MB globals, 16 P
gc 10732 @52.010s 4%: 0.15+0.74+0.078 ms clock, 2.4+0.68/0.73/0+1.2 ms cpu, 3->4->2 MB, 4 MB goal, 0 MB stacks, 0 MB globals, 16 P
gc 10733 @52.012s 4%: 0.12+0.78+0.18 ms clock, 2.0+0.58/0.90/0+2.9 ms cpu, 3->4->2 MB, 4 MB goal, 0 MB stacks, 0 MB globals, 16 P
gc 10734 @52.014s 4%: 0.21+0.58+0.099 ms clock, 3.3+0.59/0.88/0+1.5 ms cpu, 3->4->2 MB, 4 MB goal, 0 MB stacks, 0 MB globals, 16 P
gc 10735 @52.016s 4%: 0.10+0.88+0.11 ms clock, 1.6+0.53/0.92/0+1.7 ms cpu, 3->4->2 MB, 4 MB goal, 0 MB stacks, 0 MB globals, 16 P
gc 10736 @52.018s 4%: 0.12+0.63+0.094 ms clock, 1.9+0.51/0.78/0.024+1.5 ms cpu, 3->4->1 MB, 4 MB goal, 0 MB stacks, 0 MB globals, 16 P
gc 10737 @52.019s 4%: 0.15+0.69+0.092 ms clock, 2.5+0.57/0.94/0+1.4 ms cpu, 3->4->2 MB, 4 MB goal, 0 MB stacks, 0 MB globals, 16 P
gc 10738 @52.021s 4%: 0.12+0.51+0.092 ms clock, 2.0+0.79/0.76/0+1.4 ms cpu, 3->4->1 MB, 4 MB goal, 0 MB stacks, 0 MB globals, 16 P
gc 10739 @52.023s 4%: 0.11+0.38+0.13 ms clock, 1.7+0.54/0.74/0+2.2 ms cpu, 3->4->1 MB, 4 MB goal, 0 MB stacks, 0 MB globals, 16 P
gc 10740 @52.024s 4%: 0.19+0.47+0.11 ms clock, 3.0+0.62/0.85/0+1.8 ms cpu, 3->3->1 MB, 4 MB goal, 0 MB stacks, 0 MB globals, 16 P
gc 10741 @52.026s 4%: 0.12+0.59+0.12 ms clock, 1.9+0.54/0.86/0.060+2.0 ms cpu, 3->4->2 MB, 4 MB goal, 0 MB stacks, 0 MB globals, 16 P
gc 10742 @52.027s 4%: 0.12+0.59+0.20 ms clock, 1.9+0.62/0.84/0+3.2 ms cpu, 3->4->2 MB, 4 MB goal, 0 MB stacks, 0 MB globals, 16 P
gc 10743 @52.029s 4%: 0.14+0.70+0.11 ms clock, 2.2+0.59/0.74/0+1.8 ms cpu, 3->4->2 MB, 4 MB goal, 0 MB stacks, 0 MB globals, 16 P
gc 10744 @52.031s 4%: 0.13+0.61+0.11 ms clock, 2.0+0.67/0.81/0+1.8 ms cpu, 3->4->2 MB, 4 MB goal, 0 MB stacks, 0 MB globals, 16 P
gc 10745 @52.033s 4%: 0.13+0.68+0.099 ms clock, 2.1+0.52/0.90/0.048+1.5 ms cpu, 3->4->2 MB, 4 MB goal, 0 MB stacks, 0 MB globals, 16 P
gc 10746 @52.035s 4%: 0.10+0.77+0.088 ms clock, 1.7+0.41/0.95/0+1.4 ms cpu, 3->4->2 MB, 4 MB goal, 0 MB stacks, 0 MB globals, 16 P
gc 10747 @52.037s 4%: 0.16+0.59+0.15 ms clock, 2.6+0.57/0.98/0.003+2.4 ms cpu, 3->4->2 MB, 4 MB goal, 0 MB stacks, 0 MB globals, 16 P
gc 10748 @52.038s 4%: 0.082+0.57+0.10 ms clock, 1.3+0.62/0.81/0.009+1.6 ms cpu, 3->4->1 MB, 4 MB goal, 0 MB stacks, 0 MB globals, 16 P
gc 10749 @52.040s 4%: 0.15+0.53+0.14 ms clock, 2.4+0.63/0.88/0+2.2 ms cpu, 3->4->1 MB, 4 MB goal, 0 MB stacks, 0 MB globals, 16 P
gc 10750 @52.042s 4%: 0.10+0.52+0.10 ms clock, 1.7+0.66/0.82/0.006+1.6 ms cpu, 3->4->1 MB, 4 MB goal, 0 MB stacks, 0 MB globals, 16 P
gc 10751 @52.043s 4%: 0.16+0.57+0.038 ms clock, 2.6+0.73/0.94/0.008+0.61 ms cpu, 3->4->1 MB, 4 MB goal, 0 MB stacks, 0 MB globals, 16 P
gc 10752 @52.045s 4%: 0.11+0.69+0.11 ms clock, 1.8+0.65/0.83/0+1.8 ms cpu, 3->4->2 MB, 4 MB goal, 0 MB stacks, 0 MB globals, 16 P
gc 10753 @52.047s 4%: 0.11+0.56+0.092 ms clock, 1.9+0.48/0.78/0.010+1.4 ms cpu, 3->4->1 MB, 4 MB goal, 0 MB stacks, 0 MB globals, 16 P
gc 10754 @52.048s 4%: 0.094+0.52+0.11 ms clock, 1.5+0.56/0.88/0+1.8 ms cpu, 3->4->1 MB, 4 MB goal, 0 MB stacks, 0 MB globals, 16 P
gc 10755 @52.050s 4%: 0.16+0.70+0.10 ms clock, 2.6+0.64/0.86/0+1.6 ms cpu, 3->4->2 MB, 4 MB goal, 0 MB stacks, 0 MB globals, 16 P
gc 10756 @52.052s 4%: 0.10+0.59+0.10 ms clock, 1.7+0.74/0.95/0+1.6 ms cpu, 4->4->1 MB, 4 MB goal, 0 MB stacks, 0 MB globals, 16 P
gc 10757 @52.054s 4%: 0.11+0.59+0.082 ms clock, 1.8+0.58/0.82/0+1.3 ms cpu, 3->4->1 MB, 4 MB goal, 0 MB stacks, 0 MB globals, 16 P
gc 10758 @52.055s 4%: 0.12+0.64+0.087 ms clock, 2.0+0.52/0.92/0+1.4 ms cpu, 3->4->2 MB, 4 MB goal, 0 MB stacks, 0 MB globals, 16 P
gc 10759 @52.057s 4%: 0.13+0.51+0.096 ms clock, 2.2+0.70/0.68/0+1.5 ms cpu, 3->4->1 MB, 4 MB goal, 0 MB stacks, 0 MB globals, 16 P
gc 10760 @52.059s 4%: 0.13+0.64+0.096 ms clock, 2.1+0.58/0.80/0.008+1.5 ms cpu, 3->4->2 MB, 4 MB goal, 0 MB stacks, 0 MB globals, 16 P
gc 10761 @52.060s 4%: 0.11+0.66+0.054 ms clock, 1.8+0.62/0.77/0+0.86 ms cpu, 3->4->1 MB, 4 MB goal, 0 MB stacks, 0 MB globals, 16 P
gc 10762 @52.062s 4%: 0.15+0.73+0.10 ms clock, 2.5+0.61/0.76/0+1.6 ms cpu, 3->4->2 MB, 4 MB goal, 0 MB stacks, 0 MB globals, 16 P
gc 10763 @52.064s 4%: 0.11+0.50+0.065 ms clock, 1.8+0.60/0.82/0+1.0 ms cpu, 3->4->1 MB, 4 MB goal, 0 MB stacks, 0 MB globals, 16 P
gc 10764 @52.065s 4%: 0.16+0.56+0.15 ms clock, 2.6+0.62/0.83/0.032+2.5 ms cpu, 3->4->1 MB, 4 MB goal, 0 MB stacks, 0 MB globals, 16 P
gc 10765 @52.067s 4%: 0.11+0.52+0.13 ms clock, 1.8+0.60/0.93/0.009+2.0 ms cpu, 3->4->2 MB, 4 MB goal, 0 MB stacks, 0 MB globals, 16 P
gc 10766 @52.069s 4%: 0.14+0.57+0.088 ms clock, 2.3+0.53/0.85/0+1.4 ms cpu, 3->4->1 MB, 4 MB goal, 0 MB stacks, 0 MB globals, 16 P
gc 10767 @52.070s 4%: 0.12+0.64+0.095 ms clock, 2.0+0.43/0.95/0+1.5 ms cpu, 3->4->2 MB, 4 MB goal, 0 MB stacks, 0 MB globals, 16 P
gc 10768 @52.072s 4%: 0.12+0.66+0.079 ms clock, 2.0+0.62/0.83/0+1.2 ms cpu, 3->4->2 MB, 4 MB goal, 0 MB stacks, 0 MB globals, 16 P
gc 10769 @52.074s 4%: 0.15+0.67+0.055 ms clock, 2.5+0.59/0.77/0+0.88 ms cpu, 3->4->2 MB, 4 MB goal, 0 MB stacks, 0 MB globals, 16 P
gc 10770 @52.076s 4%: 0.11+0.54+0.11 ms clock, 1.7+0.56/0.82/0.006+1.8 ms cpu, 3->4->1 MB, 4 MB goal, 0 MB stacks, 0 MB globals, 16 P
gc 10771 @52.078s 4%: 0.12+0.80+0.080 ms clock, 2.0+0.51/0.91/0+1.2 ms cpu, 3->4->2 MB, 4 MB goal, 0 MB stacks, 0 MB globals, 16 P
gc 10772 @52.080s 4%: 0.12+0.92+0.088 ms clock, 1.9+0.65/0.86/0+1.4 ms cpu, 4->5->2 MB, 4 MB goal, 0 MB stacks, 0 MB globals, 16 P
gc 10773 @52.082s 4%: 0.12+0.53+0.12 ms clock, 1.9+0.48/0.85/0.019+2.0 ms cpu, 4->4->1 MB, 4 MB goal, 0 MB stacks, 0 MB globals, 16 P
gc 10774 @52.084s 4%: 0.11+0.45+0.11 ms clock, 1.8+0.49/0.84/0.008+1.9 ms cpu, 3->4->1 MB, 4 MB goal, 0 MB stacks, 0 MB globals, 16 P
gc 10775 @52.085s 4%: 0.11+0.57+0.15 ms clock, 1.9+0.59/0.83/0.023+2.4 ms cpu, 3->4->2 MB, 4 MB goal, 0 MB stacks, 0 MB globals, 16 P
gc 10776 @52.087s 4%: 0.10+0.60+0.054 ms clock, 1.6+0.65/0.87/0+0.87 ms cpu, 3->4->1 MB, 4 MB goal, 0 MB stacks, 0 MB globals, 16 P
gc 10777 @52.088s 4%: 0.14+0.51+0.10 ms clock, 2.2+0.51/0.81/0+1.7 ms cpu, 3->4->1 MB, 4 MB goal, 0 MB stacks, 0 MB globals, 16 P
gc 10778 @52.090s 4%: 0.15+0.52+0.11 ms clock, 2.4+0.56/0.83/0+1.7 ms cpu, 3->4->1 MB, 4 MB goal, 0 MB stacks, 0 MB globals, 16 P
gc 10779 @52.092s 4%: 0.11+0.53+0.058 ms clock, 1.8+0.54/0.80/0+0.93 ms cpu, 3->4->1 MB, 4 MB goal, 0 MB stacks, 0 MB globals, 16 P
gc 10780 @52.093s 4%: 0.15+0.45+0.19 ms clock, 2.4+0.72/0.69/0.081+3.0 ms cpu, 3->3->1 MB, 4 MB goal, 0 MB stacks, 0 MB globals, 16 P
gc 10781 @52.094s 4%: 0.18+0.49+0.11 ms clock, 2.8+0.59/0.90/0+1.8 ms cpu, 3->4->2 MB, 4 MB goal, 0 MB stacks, 0 MB globals, 16 P
gc 10782 @52.096s 4%: 0.15+0.70+0.12 ms clock, 2.5+0.64/0.91/0+2.0 ms cpu, 3->4->2 MB, 4 MB goal, 0 MB stacks, 0 MB globals, 16 P
gc 10783 @52.098s 4%: 0.15+0.72+0.091 ms clock, 2.5+0.59/0.89/0.015+1.4 ms cpu, 3->4->2 MB, 4 MB goal, 0 MB stacks, 0 MB globals, 16 P
gc 10784 @52.100s 4%: 0.10+0.52+0.099 ms clock, 1.6+0.45/0.81/0+1.5 ms cpu, 4->4->1 MB, 4 MB goal, 0 MB stacks, 0 MB globals, 16 P
gc 10785 @52.102s 4%: 0.11+0.51+0.17 ms clock, 1.8+0.63/0.81/0+2.7 ms cpu, 3->4->1 MB, 4 MB goal, 0 MB stacks, 0 MB globals, 16 P
gc 10786 @52.103s 4%: 0.14+0.48+0.13 ms clock, 2.3+0.56/0.80/0.021+2.1 ms cpu, 3->4->1 MB, 4 MB goal, 0 MB stacks, 0 MB globals, 16 P
gc 10787 @52.105s 4%: 0.11+0.56+0.091 ms clock, 1.9+0.64/0.82/0+1.4 ms cpu, 3->4->1 MB, 4 MB goal, 0 MB stacks, 0 MB globals, 16 P
gc 10788 @52.106s 4%: 0.12+0.45+0.18 ms clock, 1.9+0.58/0.76/0.004+2.9 ms cpu, 3->4->1 MB, 4 MB goal, 0 MB stacks, 0 MB globals, 16 P
gc 10789 @52.108s 4%: 0.19+0.45+0.14 ms clock, 3.1+0.63/0.77/0+2.2 ms cpu, 3->4->1 MB, 4 MB goal, 0 MB stacks, 0 MB globals, 16 P
gc 10790 @52.109s 4%: 0.13+0.71+0.031 ms clock, 2.2+0.66/0.80/0.044+0.49 ms cpu, 3->4->2 MB, 4 MB goal, 0 MB stacks, 0 MB globals, 16 P
gc 10791 @52.111s 4%: 0.11+0.50+0.12 ms clock, 1.7+0.56/0.81/0+1.9 ms cpu, 3->4->1 MB, 4 MB goal, 0 MB stacks, 0 MB globals, 16 P
gc 10792 @52.113s 4%: 0.12+0.62+0.12 ms clock, 1.9+0.60/0.79/0+2.0 ms cpu, 3->4->1 MB, 4 MB goal, 0 MB stacks, 0 MB globals, 16 P
gc 10793 @52.114s 4%: 0.11+0.55+0.054 ms clock, 1.8+0.69/0.74/0+0.87 ms cpu, 3->4->1 MB, 4 MB goal, 0 MB stacks, 0 MB globals, 16 P
gc 10794 @52.116s 4%: 0.15+0.55+0.065 ms clock, 2.4+0.65/0.82/0+1.0 ms cpu, 3->4->1 MB, 4 MB goal, 0 MB stacks, 0 MB globals, 16 P
gc 10795 @52.118s 4%: 0.12+0.53+0.16 ms clock, 1.9+0.48/0.96/0.011+2.5 ms cpu, 3->4->1 MB, 4 MB goal, 0 MB stacks, 0 MB globals, 16 P
gc 10796 @52.119s 4%: 0.11+0.70+0.087 ms clock, 1.9+0.66/0.84/0.004+1.3 ms cpu, 3->4->2 MB, 4 MB goal, 0 MB stacks, 0 MB globals, 16 P
gc 10797 @52.121s 4%: 0.10+0.51+0.058 ms clock, 1.7+0.53/0.84/0+0.93 ms cpu, 3->4->1 MB, 4 MB goal, 0 MB stacks, 0 MB globals, 16 P
gc 10798 @52.123s 4%: 0.12+0.74+0.065 ms clock, 1.9+0.65/0.84/0+1.0 ms cpu, 3->4->2 MB, 4 MB goal, 0 MB stacks, 0 MB globals, 16 P
gc 10799 @52.124s 4%: 0.11+0.83+0.090 ms clock, 1.8+0.52/0.87/0.023+1.4 ms cpu, 3->4->2 MB, 4 MB goal, 0 MB stacks, 0 MB globals, 16 P
gc 10800 @52.127s 4%: 0.12+0.41+0.12 ms clock, 2.0+0.62/0.70/0+2.0 ms cpu, 4->4->1 MB, 4 MB goal, 0 MB stacks, 0 MB globals, 16 P
gc 10801 @52.128s 4%: 0.13+0.53+0.14 ms clock, 2.2+0.74/0.90/0+2.2 ms cpu, 3->4->1 MB, 4 MB goal, 0 MB stacks, 0 MB globals, 16 P
gc 10802 @52.130s 4%: 0.095+0.70+0.10 ms clock, 1.5+0.56/1.0/0+1.6 ms cpu, 3->4->2 MB, 4 MB goal, 0 MB stacks, 0 MB globals, 16 P
gc 10803 @52.131s 4%: 0.15+0.59+0.11 ms clock, 2.4+0.52/0.84/0+1.8 ms cpu, 3->4->1 MB, 4 MB goal, 0 MB stacks, 0 MB globals, 16 P
gc 10804 @52.133s 4%: 0.10+0.55+0.10 ms clock, 1.7+0.52/0.90/0+1.6 ms cpu, 3->4->1 MB, 4 MB goal, 0 MB stacks, 0 MB globals, 16 P
gc 10805 @52.135s 4%: 0.11+0.62+0.15 ms clock, 1.8+0.48/0.80/0.055+2.4 ms cpu, 3->4->1 MB, 4 MB goal, 0 MB stacks, 0 MB globals, 16 P
gc 10806 @52.136s 4%: 0.20+0.69+0.044 ms clock, 3.2+0.62/0.82/0+0.71 ms cpu, 3->4->2 MB, 4 MB goal, 0 MB stacks, 0 MB globals, 16 P
gc 10807 @52.138s 4%: 0.12+0.64+0.11 ms clock, 2.0+0.57/0.85/0+1.8 ms cpu, 3->4->2 MB, 4 MB goal, 0 MB stacks, 0 MB globals, 16 P
gc 10808 @52.140s 4%: 0.10+0.62+0.10 ms clock, 1.7+0.50/0.95/0+1.6 ms cpu, 3->4->1 MB, 4 MB goal, 0 MB stacks, 0 MB globals, 16 P
gc 10809 @52.142s 4%: 0.15+0.63+0.076 ms clock, 2.4+0.63/0.87/0+1.2 ms cpu, 3->4->2 MB, 4 MB goal, 0 MB stacks, 0 MB globals, 16 P
gc 10810 @52.144s 4%: 0.11+0.52+0.17 ms clock, 1.8+0.65/0.96/0.039+2.8 ms cpu, 3->4->1 MB, 4 MB goal, 0 MB stacks, 0 MB globals, 16 P
gc 10811 @52.145s 4%: 0.14+0.58+0.11 ms clock, 2.2+0.57/0.71/0+1.8 ms cpu, 3->4->2 MB, 4 MB goal, 0 MB stacks, 0 MB globals, 16 P
gc 10812 @52.147s 4%: 0.13+0.68+0.086 ms clock, 2.2+0.61/0.88/0+1.3 ms cpu, 3->4->2 MB, 4 MB goal, 0 MB stacks, 0 MB globals, 16 P
gc 10813 @52.149s 4%: 0.18+0.56+0.11 ms clock, 2.8+0.70/0.83/0+1.8 ms cpu, 3->4->2 MB, 4 MB goal, 0 MB stacks, 0 MB globals, 16 P
gc 10814 @52.151s 4%: 0.10+0.58+0.043 ms clock, 1.7+0.57/0.80/0.019+0.70 ms cpu, 3->4->1 MB, 4 MB goal, 0 MB stacks, 0 MB globals, 16 P
gc 10815 @52.152s 4%: 0.15+0.44+0.20 ms clock, 2.4+0.68/0.66/0+3.2 ms cpu, 3->4->1 MB, 4 MB goal, 0 MB stacks, 0 MB globals, 16 P
gc 10816 @52.154s 4%: 0.11+0.51+0.14 ms clock, 1.8+0.48/0.86/0+2.3 ms cpu, 3->4->1 MB, 4 MB goal, 0 MB stacks, 0 MB globals, 16 P
gc 10817 @52.156s 4%: 0.10+0.50+0.11 ms clock, 1.7+0.49/0.86/0+1.7 ms cpu, 3->4->1 MB, 4 MB goal, 0 MB stacks, 0 MB globals, 16 P
gc 10818 @52.157s 4%: 0.10+0.75+0.035 ms clock, 1.7+0.50/0.85/0.020+0.56 ms cpu, 3->4->2 MB, 4 MB goal, 0 MB stacks, 0 MB globals, 16 P
gc 10819 @52.159s 4%: 0.13+0.54+0.18 ms clock, 2.1+0.66/0.78/0+2.9 ms cpu, 3->4->2 MB, 4 MB goal, 0 MB stacks, 0 MB globals, 16 P
gc 10820 @52.161s 4%: 0.14+0.61+0.083 ms clock, 2.3+0.64/0.90/0.013+1.3 ms cpu, 3->4->1 MB, 4 MB goal, 0 MB stacks, 0 MB globals, 16 P
gc 10821 @52.162s 4%: 0.10+0.78+0.084 ms clock, 1.7+0.53/0.84/0+1.3 ms cpu, 3->4->2 MB, 4 MB goal, 0 MB stacks, 0 MB globals, 16 P
gc 10822 @52.164s 4%: 0.10+0.56+0.074 ms clock, 1.6+0.41/0.88/0+1.1 ms cpu, 3->4->1 MB, 4 MB goal, 0 MB stacks, 0 MB globals, 16 P
gc 10823 @52.166s 4%: 0.14+0.77+0.11 ms clock, 2.2+0.61/0.95/0+1.8 ms cpu, 3->4->2 MB, 4 MB goal, 0 MB stacks, 0 MB globals, 16 P
gc 10824 @52.168s 4%: 0.15+0.63+0.084 ms clock, 2.4+0.62/0.85/0+1.3 ms cpu, 4->4->2 MB, 4 MB goal, 0 MB stacks, 0 MB globals, 16 P
gc 10825 @52.170s 4%: 0.11+0.65+0.088 ms clock, 1.8+0.55/0.96/0+1.4 ms cpu, 3->4->1 MB, 4 MB goal, 0 MB stacks, 0 MB globals, 16 P
gc 10826 @52.171s 4%: 0.098+0.61+0.14 ms clock, 1.5+0.52/0.75/0+2.2 ms cpu, 3->4->1 MB, 4 MB goal, 0 MB stacks, 0 MB globals, 16 P
gc 10827 @52.173s 4%: 0.12+0.70+0.11 ms clock, 2.0+0.65/0.93/0.028+1.8 ms cpu, 3->4->2 MB, 4 MB goal, 0 MB stacks, 0 MB globals, 16 P
gc 10828 @52.175s 4%: 0.14+0.64+0.076 ms clock, 2.3+0.48/0.88/0+1.2 ms cpu, 3->4->1 MB, 4 MB goal, 0 MB stacks, 0 MB globals, 16 P
gc 10829 @52.176s 4%: 0.15+0.64+0.12 ms clock, 2.5+0.52/0.75/0+2.0 ms cpu, 3->4->2 MB, 4 MB goal, 0 MB stacks, 0 MB globals, 16 P
gc 10830 @52.178s 4%: 0.12+0.48+0.098 ms clock, 2.0+0.64/0.79/0+1.5 ms cpu, 3->4->1 MB, 4 MB goal, 0 MB stacks, 0 MB globals, 16 P
gc 10831 @52.180s 4%: 0.12+0.63+0.053 ms clock, 2.0+0.80/0.69/0+0.86 ms cpu, 3->4->2 MB, 4 MB goal, 0 MB stacks, 0 MB globals, 16 P
gc 10832 @52.181s 4%: 0.097+0.52+0.082 ms clock, 1.5+0.54/0.81/0+1.3 ms cpu, 3->4->1 MB, 4 MB goal, 0 MB stacks, 0 MB globals, 16 P
gc 10833 @52.183s 4%: 0.11+0.62+0.11 ms clock, 1.7+0.52/0.82/0.006+1.9 ms cpu, 3->4->1 MB, 4 MB goal, 0 MB stacks, 0 MB globals, 16 P
gc 10834 @52.185s 4%: 0.11+0.50+0.043 ms clock, 1.8+0.43/0.91/0+0.70 ms cpu, 3->4->1 MB, 4 MB goal, 0 MB stacks, 0 MB globals, 16 P
gc 10835 @52.186s 4%: 0.13+0.60+0.13 ms clock, 2.0+0.68/0.68/0+2.1 ms cpu, 3->4->1 MB, 4 MB goal, 0 MB stacks, 0 MB globals, 16 P
gc 10836 @52.188s 4%: 0.14+0.58+0.087 ms clock, 2.2+0.62/0.91/0+1.4 ms cpu, 3->4->1 MB, 4 MB goal, 0 MB stacks, 0 MB globals, 16 P
gc 10837 @52.189s 4%: 0.15+0.66+0.074 ms clock, 2.4+0.60/0.68/0+1.1 ms cpu, 3->4->1 MB, 4 MB goal, 0 MB stacks, 0 MB globals, 16 P
gc 10838 @52.191s 4%: 0.14+0.58+0.14 ms clock, 2.2+0.56/0.76/0+2.2 ms cpu, 3->4->1 MB, 4 MB goal, 0 MB stacks, 0 MB globals, 16 P
gc 10839 @52.193s 4%: 0.14+0.58+0.091 ms clock, 2.2+0.52/0.89/0+1.4 ms cpu, 3->4->1 MB, 4 MB goal, 0 MB stacks, 0 MB globals, 16 P
gc 10840 @52.194s 4%: 0.14+0.63+0.12 ms clock, 2.3+0.68/0.83/0.023+2.0 ms cpu, 3->4->2 MB, 4 MB goal, 0 MB stacks, 0 MB globals, 16 P
gc 10841 @52.196s 4%: 0.17+0.63+0.089 ms clock, 2.7+0.76/0.83/0+1.4 ms cpu, 3->4->2 MB, 4 MB goal, 0 MB stacks, 0 MB globals, 16 P
gc 10842 @52.198s 4%: 0.10+0.55+0.096 ms clock, 1.6+0.69/0.96/0.006+1.5 ms cpu, 3->4->2 MB, 4 MB goal, 0 MB stacks, 0 MB globals, 16 P
gc 10843 @52.200s 4%: 0.12+0.50+0.13 ms clock, 1.9+0.51/0.82/0+2.2 ms cpu, 3->4->1 MB, 4 MB goal, 0 MB stacks, 0 MB globals, 16 P
gc 10844 @52.202s 4%: 0.13+0.53+0.13 ms clock, 2.1+0.46/0.86/0.025+2.1 ms cpu, 3->4->1 MB, 4 MB goal, 0 MB stacks, 0 MB globals, 16 P
gc 10845 @52.203s 4%: 0.12+0.85+0.10 ms clock, 2.0+0.50/0.91/0+1.7 ms cpu, 3->4->2 MB, 4 MB goal, 0 MB stacks, 0 MB globals, 16 P
gc 10846 @52.205s 4%: 0.13+0.45+0.11 ms clock, 2.0+0.53/0.77/0+1.8 ms cpu, 4->4->1 MB, 4 MB goal, 0 MB stacks, 0 MB globals, 16 P
gc 10847 @52.207s 4%: 0.10+0.66+0.10 ms clock, 1.6+1.1/0.93/0+1.6 ms cpu, 3->4->2 MB, 4 MB goal, 0 MB stacks, 0 MB globals, 16 P
gc 10848 @52.209s 4%: 0.15+0.64+0.13 ms clock, 2.5+0.60/0.73/0.016+2.1 ms cpu, 3->4->2 MB, 4 MB goal, 0 MB stacks, 0 MB globals, 16 P
gc 10849 @52.210s 4%: 0.13+0.57+0.20 ms clock, 2.1+0.67/0.70/0+3.2 ms cpu, 3->4->1 MB, 4 MB goal, 0 MB stacks, 0 MB globals, 16 P
gc 10850 @52.212s 4%: 0.12+0.50+0.096 ms clock, 2.0+0.75/0.82/0+1.5 ms cpu, 3->4->1 MB, 4 MB goal, 0 MB stacks, 0 MB globals, 16 P
gc 10851 @52.214s 4%: 0.14+0.62+0.055 ms clock, 2.3+0.59/0.79/0+0.88 ms cpu, 3->4->1 MB, 4 MB goal, 0 MB stacks, 0 MB globals, 16 P
gc 10852 @52.215s 4%: 0.10+0.66+0.093 ms clock, 1.6+0.52/0.81/0+1.5 ms cpu, 3->4->2 MB, 4 MB goal, 0 MB stacks, 0 MB globals, 16 P
gc 10853 @52.217s 4%: 0.13+0.48+0.10 ms clock, 2.2+0.47/0.75/0+1.6 ms cpu, 3->4->1 MB, 4 MB goal, 0 MB stacks, 0 MB globals, 16 P
gc 10854 @52.219s 4%: 0.14+0.54+0.099 ms clock, 2.3+0.58/0.89/0+1.5 ms cpu, 3->4->1 MB, 4 MB goal, 0 MB stacks, 0 MB globals, 16 P
gc 10855 @52.220s 4%: 0.14+0.66+0.10 ms clock, 2.3+0.61/0.87/0+1.6 ms cpu, 3->4->1 MB, 4 MB goal, 0 MB stacks, 0 MB globals, 16 P
gc 10856 @52.222s 4%: 0.13+0.65+0.11 ms clock, 2.1+0.63/0.85/0.013+1.8 ms cpu, 3->4->2 MB, 4 MB goal, 0 MB stacks, 0 MB globals, 16 P
gc 10857 @52.224s 4%: 0.10+0.68+0.16 ms clock, 1.6+0.54/0.89/0.054+2.6 ms cpu, 3->4->2 MB, 4 MB goal, 0 MB stacks, 0 MB globals, 16 P
gc 10858 @52.226s 4%: 0.11+0.62+0.098 ms clock, 1.9+0.68/0.81/0.007+1.5 ms cpu, 3->4->1 MB, 4 MB goal, 0 MB stacks, 0 MB globals, 16 P
gc 10859 @52.227s 4%: 0.12+0.74+0.070 ms clock, 2.0+0.58/0.86/0+1.1 ms cpu, 3->4->2 MB, 4 MB goal, 0 MB stacks, 0 MB globals, 16 P
gc 10860 @52.229s 4%: 0.14+0.49+0.11 ms clock, 2.3+0.50/0.83/0.011+1.8 ms cpu, 3->4->1 MB, 4 MB goal, 0 MB stacks, 0 MB globals, 16 P
gc 10861 @52.231s 4%: 0.12+0.74+0.040 ms clock, 2.0+0.56/0.89/0+0.64 ms cpu, 3->4->2 MB, 4 MB goal, 0 MB stacks, 0 MB globals, 16 P
gc 10862 @52.233s 4%: 0.085+0.54+0.093 ms clock, 1.3+0.47/0.80/0+1.5 ms cpu, 3->4->1 MB, 4 MB goal, 0 MB stacks, 0 MB globals, 16 P
gc 10863 @52.234s 4%: 0.12+0.60+0.077 ms clock, 1.9+0.66/0.84/0+1.2 ms cpu, 3->4->2 MB, 4 MB goal, 0 MB stacks, 0 MB globals, 16 P
gc 10864 @52.236s 4%: 0.18+0.64+0.12 ms clock, 3.0+0.71/0.74/0.017+1.9 ms cpu, 3->4->2 MB, 4 MB goal, 0 MB stacks, 0 MB globals, 16 P
gc 10865 @52.238s 4%: 0.15+0.83+0.10 ms clock, 2.4+0.68/0.97/0+1.7 ms cpu, 3->4->2 MB, 4 MB goal, 0 MB stacks, 0 MB globals, 16 P
gc 10866 @52.240s 4%: 0.15+0.55+0.10 ms clock, 2.5+0.61/0.77/0.080+1.6 ms cpu, 4->4->2 MB, 4 MB goal, 0 MB stacks, 0 MB globals, 16 P
gc 10867 @52.242s 4%: 0.12+0.55+0.092 ms clock, 2.0+0.61/0.63/0.040+1.4 ms cpu, 3->4->1 MB, 4 MB goal, 0 MB stacks, 0 MB globals, 16 P
gc 10868 @52.244s 4%: 0.14+0.59+0.10 ms clock, 2.3+0.74/0.74/0+1.7 ms cpu, 3->4->2 MB, 4 MB goal, 0 MB stacks, 0 MB globals, 16 P
gc 10869 @52.245s 4%: 0.18+0.51+0.13 ms clock, 3.0+0.51/0.77/0.007+2.2 ms cpu, 3->4->1 MB, 4 MB goal, 0 MB stacks, 0 MB globals, 16 P
gc 10870 @52.247s 4%: 0.13+0.45+0.10 ms clock, 2.1+0.65/0.77/0+1.7 ms cpu, 3->4->1 MB, 4 MB goal, 0 MB stacks, 0 MB globals, 16 P
gc 10871 @52.248s 4%: 0.11+0.66+0.056 ms clock, 1.8+0.66/0.94/0+0.90 ms cpu, 3->4->2 MB, 4 MB goal, 0 MB stacks, 0 MB globals, 16 P
gc 10872 @52.250s 4%: 0.12+0.59+0.11 ms clock, 1.9+0.54/0.79/0+1.7 ms cpu, 3->4->1 MB, 4 MB goal, 0 MB stacks, 0 MB globals, 16 P
gc 10873 @52.252s 4%: 0.16+0.56+0.15 ms clock, 2.7+0.60/0.78/0+2.4 ms cpu, 3->4->1 MB, 4 MB goal, 0 MB stacks, 0 MB globals, 16 P
gc 10874 @52.254s 4%: 0.14+0.48+0.14 ms clock, 2.2+0.85/0.84/0+2.2 ms cpu, 3->4->1 MB, 4 MB goal, 0 MB stacks, 0 MB globals, 16 P
gc 10875 @52.255s 4%: 0.11+0.67+0.13 ms clock, 1.8+0.64/0.79/0+2.1 ms cpu, 3->4->2 MB, 4 MB goal, 0 MB stacks, 0 MB globals, 16 P
gc 10876 @52.257s 4%: 0.12+0.58+0.047 ms clock, 1.9+0.69/0.71/0+0.76 ms cpu, 3->4->1 MB, 4 MB goal, 0 MB stacks, 0 MB globals, 16 P
gc 10877 @52.258s 4%: 0.12+0.66+0.14 ms clock, 2.0+0.75/0.90/0.004+2.2 ms cpu, 3->4->2 MB, 4 MB goal, 0 MB stacks, 0 MB globals, 16 P
gc 10878 @52.260s 4%: 0.10+0.45+0.18 ms clock, 1.6+0.54/0.67/0.11+2.9 ms cpu, 3->4->1 MB, 4 MB goal, 0 MB stacks, 0 MB globals, 16 P
gc 10879 @52.262s 4%: 0.18+0.65+0.13 ms clock, 2.9+0.61/0.89/0+2.2 ms cpu, 3->4->2 MB, 4 MB goal, 0 MB stacks, 0 MB globals, 16 P
gc 10880 @52.263s 4%: 0.11+0.64+0.11 ms clock, 1.8+0.54/0.81/0.001+1.7 ms cpu, 3->4->1 MB, 4 MB goal, 0 MB stacks, 0 MB globals, 16 P
gc 10881 @52.265s 4%: 0.12+0.70+0.10 ms clock, 1.9+0.61/0.84/0.003+1.6 ms cpu, 3->4->2 MB, 4 MB goal, 0 MB stacks, 0 MB globals, 16 P
gc 10882 @52.267s 4%: 0.13+0.50+0.11 ms clock, 2.2+0.53/0.78/0.088+1.7 ms cpu, 3->4->1 MB, 4 MB goal, 0 MB stacks, 0 MB globals, 16 P
gc 10883 @52.269s 4%: 0.12+0.49+0.14 ms clock, 2.0+0.62/0.78/0+2.2 ms cpu, 3->4->1 MB, 4 MB goal, 0 MB stacks, 0 MB globals, 16 P
gc 10884 @52.270s 4%: 0.12+0.53+0.13 ms clock, 1.9+0.60/0.87/0.054+2.1 ms cpu, 3->4->1 MB, 4 MB goal, 0 MB stacks, 0 MB globals, 16 P
gc 10885 @52.272s 4%: 0.13+0.52+0.12 ms clock, 2.1+0.54/0.82/0+2.0 ms cpu, 3->4->1 MB, 4 MB goal, 0 MB stacks, 0 MB globals, 16 P
gc 10886 @52.273s 4%: 0.12+0.49+0.080 ms clock, 2.0+0.68/0.83/0+1.2 ms cpu, 3->4->1 MB, 4 MB goal, 0 MB stacks, 0 MB globals, 16 P
gc 10887 @52.275s 4%: 0.13+0.66+0.098 ms clock, 2.1+0.55/1.0/0+1.5 ms cpu, 3->4->2 MB, 4 MB goal, 0 MB stacks, 0 MB globals, 16 P
gc 10888 @52.277s 4%: 0.14+0.62+0.11 ms clock, 2.2+0.51/0.83/0.13+1.7 ms cpu, 3->4->2 MB, 4 MB goal, 0 MB stacks, 0 MB globals, 16 P
gc 10889 @52.278s 4%: 0.11+0.61+0.10 ms clock, 1.8+0.57/0.83/0+1.7 ms cpu, 3->4->1 MB, 4 MB goal, 0 MB stacks, 0 MB globals, 16 P
gc 10890 @52.280s 4%: 0.13+0.50+0.16 ms clock, 2.2+0.56/0.85/0.003+2.6 ms cpu, 3->4->1 MB, 4 MB goal, 0 MB stacks, 0 MB globals, 16 P
gc 10891 @52.282s 4%: 0.11+0.72+0.11 ms clock, 1.7+0.72/0.78/0+1.9 ms cpu, 3->4->2 MB, 4 MB goal, 0 MB stacks, 0 MB globals, 16 P
gc 10892 @52.284s 4%: 0.12+0.57+0.093 ms clock, 1.9+0.54/0.88/0+1.4 ms cpu, 3->4->1 MB, 4 MB goal, 0 MB stacks, 0 MB globals, 16 P
gc 10893 @52.285s 4%: 0.11+0.55+0.085 ms clock, 1.8+0.63/0.82/0.006+1.3 ms cpu, 3->4->1 MB, 4 MB goal, 0 MB stacks, 0 MB globals, 16 P
gc 10894 @52.287s 4%: 0.11+0.85+0.10 ms clock, 1.8+0.46/0.83/0+1.6 ms cpu, 3->4->2 MB, 4 MB goal, 0 MB stacks, 0 MB globals, 16 P
gc 10895 @52.289s 4%: 0.18+0.67+0.099 ms clock, 2.8+0.63/0.84/0+1.5 ms cpu, 3->4->2 MB, 4 MB goal, 0 MB stacks, 0 MB globals, 16 P
gc 10896 @52.290s 4%: 0.14+0.68+0.088 ms clock, 2.2+0.42/0.82/0.038+1.4 ms cpu, 3->4->2 MB, 4 MB goal, 0 MB stacks, 0 MB globals, 16 P
gc 10897 @52.292s 4%: 0.16+0.68+0.097 ms clock, 2.5+0.56/0.86/0.034+1.5 ms cpu, 3->4->2 MB, 4 MB goal, 0 MB stacks, 0 MB globals, 16 P
gc 10898 @52.294s 4%: 0.14+0.51+0.11 ms clock, 2.3+0.81/0.85/0+1.8 ms cpu, 3->4->1 MB, 4 MB goal, 0 MB stacks, 0 MB globals, 16 P
gc 10899 @52.296s 4%: 0.14+0.64+0.090 ms clock, 2.2+0.59/0.87/0+1.4 ms cpu, 3->4->2 MB, 4 MB goal, 0 MB stacks, 0 MB globals, 16 P
gc 10900 @52.297s 4%: 0.092+0.65+0.087 ms clock, 1.4+0.61/0.84/0+1.3 ms cpu, 3->4->2 MB, 4 MB goal, 0 MB stacks, 0 MB globals, 16 P
gc 10901 @52.299s 4%: 0.12+0.71+0.12 ms clock, 1.9+0.41/0.85/0.026+2.0 ms cpu, 3->4->1 MB, 4 MB goal, 0 MB stacks, 0 MB globals, 16 P
gc 10902 @52.301s 4%: 0.17+0.60+0.098 ms clock, 2.7+0.58/0.71/0.011+1.5 ms cpu, 3->4->2 MB, 4 MB goal, 0 MB stacks, 0 MB globals, 16 P
gc 10903 @52.303s 4%: 0.078+0.66+0.10 ms clock, 1.2+0.60/0.86/0.001+1.6 ms cpu, 3->4->1 MB, 4 MB goal, 0 MB stacks, 0 MB globals, 16 P
gc 10904 @52.304s 4%: 0.14+0.52+0.14 ms clock, 2.3+0.49/0.75/0.049+2.3 ms cpu, 3->4->1 MB, 4 MB goal, 0 MB stacks, 0 MB globals, 16 P
gc 10905 @52.306s 4%: 0.15+0.70+0.067 ms clock, 2.5+0.59/0.82/0+1.0 ms cpu, 3->4->2 MB, 4 MB goal, 0 MB stacks, 0 MB globals, 16 P
gc 10906 @52.308s 4%: 0.13+0.67+0.094 ms clock, 2.1+0.65/0.79/0+1.5 ms cpu, 3->4->2 MB, 4 MB goal, 0 MB stacks, 0 MB globals, 16 P
gc 10907 @52.310s 4%: 0.13+0.54+0.099 ms clock, 2.1+0.61/0.78/0.012+1.5 ms cpu, 3->4->1 MB, 4 MB goal, 0 MB stacks, 0 MB globals, 16 P
gc 10908 @52.311s 4%: 0.17+0.54+0.097 ms clock, 2.8+0.60/0.91/0.009+1.5 ms cpu, 3->4->2 MB, 4 MB goal, 0 MB stacks, 0 MB globals, 16 P
gc 10909 @52.313s 4%: 0.064+0.48+0.13 ms clock, 1.0+0.50/0.85/0.026+2.0 ms cpu, 3->4->1 MB, 4 MB goal, 0 MB stacks, 0 MB globals, 16 P
gc 10910 @52.314s 4%: 0.10+0.55+0.091 ms clock, 1.7+0.61/0.79/0+1.4 ms cpu, 3->4->1 MB, 4 MB goal, 0 MB stacks, 0 MB globals, 16 P
gc 10911 @52.316s 4%: 0.11+0.52+0.13 ms clock, 1.8+0.51/0.90/0+2.1 ms cpu, 3->4->1 MB, 4 MB goal, 0 MB stacks, 0 MB globals, 16 P
gc 10912 @52.318s 4%: 0.16+0.49+0.13 ms clock, 2.6+0.80/0.79/0.004+2.2 ms cpu, 3->4->1 MB, 4 MB goal, 0 MB stacks, 0 MB globals, 16 P
gc 10913 @52.319s 4%: 0.19+0.59+0.088 ms clock, 3.1+0.62/1.0/0+1.4 ms cpu, 3->4->2 MB, 4 MB goal, 0 MB stacks, 0 MB globals, 16 P
gc 10914 @52.321s 4%: 0.13+0.63+0.10 ms clock, 2.0+0.60/0.86/0+1.6 ms cpu, 3->4->1 MB, 4 MB goal, 0 MB stacks, 0 MB globals, 16 P
gc 10915 @52.323s 4%: 0.12+0.65+0.052 ms clock, 2.0+0.66/0.86/0.010+0.84 ms cpu, 3->4->2 MB, 4 MB goal, 0 MB stacks, 0 MB globals, 16 P
gc 10916 @52.325s 4%: 0.13+0.61+0.10 ms clock, 2.2+0.62/0.88/0+1.7 ms cpu, 3->4->2 MB, 4 MB goal, 0 MB stacks, 0 MB globals, 16 P
gc 10917 @52.326s 4%: 0.14+0.51+0.17 ms clock, 2.2+0.55/0.89/0+2.7 ms cpu, 3->4->1 MB, 4 MB goal, 0 MB stacks, 0 MB globals, 16 P
gc 10918 @52.328s 4%: 0.15+0.56+0.16 ms clock, 2.5+0.67/0.91/0+2.5 ms cpu, 3->4->1 MB, 4 MB goal, 0 MB stacks, 0 MB globals, 16 P
gc 10919 @52.330s 4%: 0.14+0.77+0.096 ms clock, 2.3+0.75/0.69/0+1.5 ms cpu, 3->4->2 MB, 4 MB goal, 0 MB stacks, 0 MB globals, 16 P
gc 10920 @52.332s 4%: 0.15+0.67+0.096 ms clock, 2.4+0.58/0.77/0+1.5 ms cpu, 4->4->2 MB, 4 MB goal, 0 MB stacks, 0 MB globals, 16 P
gc 10921 @52.333s 4%: 0.12+0.69+0.091 ms clock, 2.0+0.57/0.82/0+1.4 ms cpu, 3->4->2 MB, 4 MB goal, 0 MB stacks, 0 MB globals, 16 P
gc 10922 @52.335s 4%: 0.15+0.69+0.12 ms clock, 2.4+0.63/0.84/0+2.0 ms cpu, 3->4->2 MB, 4 MB goal, 0 MB stacks, 0 MB globals, 16 P
gc 10923 @52.337s 4%: 0.11+0.69+0.10 ms clock, 1.7+0.58/0.88/0+1.6 ms cpu, 3->4->2 MB, 4 MB goal, 0 MB stacks, 0 MB globals, 16 P
gc 10924 @52.339s 4%: 0.16+0.72+0.084 ms clock, 2.7+0.57/0.90/0+1.3 ms cpu, 3->4->2 MB, 4 MB goal, 0 MB stacks, 0 MB globals, 16 P
gc 10925 @52.341s 4%: 0.10+0.59+0.094 ms clock, 1.7+0.47/0.88/0+1.5 ms cpu, 4->4->1 MB, 4 MB goal, 0 MB stacks, 0 MB globals, 16 P
gc 10926 @52.342s 4%: 0.11+0.50+0.15 ms clock, 1.7+0.73/0.76/0+2.5 ms cpu, 3->4->1 MB, 4 MB goal, 0 MB stacks, 0 MB globals, 16 P
gc 10927 @52.344s 4%: 0.13+0.57+0.14 ms clock, 2.1+0.55/0.92/0+2.2 ms cpu, 3->4->1 MB, 4 MB goal, 0 MB stacks, 0 MB globals, 16 P
gc 10928 @52.346s 4%: 0.099+0.72+0.094 ms clock, 1.5+0.66/0.85/0.003+1.5 ms cpu, 3->4->2 MB, 4 MB goal, 0 MB stacks, 0 MB globals, 16 P
gc 10929 @52.347s 4%: 0.10+0.75+0.081 ms clock, 1.6+0.69/0.84/0+1.2 ms cpu, 3->4->2 MB, 4 MB goal, 0 MB stacks, 0 MB globals, 16 P
gc 10930 @52.349s 4%: 0.11+0.71+0.096 ms clock, 1.8+0.67/0.94/0.042+1.5 ms cpu, 3->4->2 MB, 4 MB goal, 0 MB stacks, 0 MB globals, 16 P
gc 10931 @52.351s 4%: 0.13+0.61+0.18 ms clock, 2.1+0.70/0.74/0+3.0 ms cpu, 3->4->2 MB, 4 MB goal, 0 MB stacks, 0 MB globals, 16 P
gc 10932 @52.353s 4%: 0.14+0.64+0.15 ms clock, 2.3+0.79/0.77/0+2.4 ms cpu, 3->4->2 MB, 4 MB goal, 0 MB stacks, 0 MB globals, 16 P
gc 10933 @52.355s 4%: 0.12+0.67+0.096 ms clock, 2.0+0.57/0.82/0.009+1.5 ms cpu, 3->4->2 MB, 4 MB goal, 0 MB stacks, 0 MB globals, 16 P
gc 10934 @52.357s 4%: 0.092+0.83+0.070 ms clock, 1.4+0.58/0.87/0.004+1.1 ms cpu, 3->4->2 MB, 4 MB goal, 0 MB stacks, 0 MB globals, 16 P
gc 10935 @52.359s 4%: 0.13+0.53+0.15 ms clock, 2.2+0.50/0.90/0+2.4 ms cpu, 3->4->1 MB, 4 MB goal, 0 MB stacks, 0 MB globals, 16 P
gc 10936 @52.360s 4%: 0.12+0.45+0.12 ms clock, 1.9+0.50/0.84/0+1.9 ms cpu, 3->4->1 MB, 4 MB goal, 0 MB stacks, 0 MB globals, 16 P
gc 10937 @52.362s 4%: 0.10+0.59+0.073 ms clock, 1.7+0.51/0.80/0.082+1.1 ms cpu, 3->4->1 MB, 4 MB goal, 0 MB stacks, 0 MB globals, 16 P
gc 10938 @52.364s 4%: 0.12+0.49+0.089 ms clock, 1.9+0.55/0.83/0.019+1.4 ms cpu, 3->4->1 MB, 4 MB goal, 0 MB stacks, 0 MB globals, 16 P
gc 10939 @52.365s 4%: 0.13+0.51+0.089 ms clock, 2.1+0.54/0.79/0+1.4 ms cpu, 3->4->1 MB, 4 MB goal, 0 MB stacks, 0 MB globals, 16 P
gc 10940 @52.367s 4%: 0.17+0.52+0.11 ms clock, 2.7+0.56/0.86/0+1.8 ms cpu, 3->4->1 MB, 4 MB goal, 0 MB stacks, 0 MB globals, 16 P
gc 10941 @52.368s 4%: 0.14+0.60+0.098 ms clock, 2.2+0.52/0.81/0+1.5 ms cpu, 3->4->1 MB, 4 MB goal, 0 MB stacks, 0 MB globals, 16 P
gc 10942 @52.370s 4%: 0.10+0.43+0.057 ms clock, 1.7+0.56/0.70/0+0.91 ms cpu, 3->4->1 MB, 4 MB goal, 0 MB stacks, 0 MB globals, 16 P
gc 10943 @52.371s 4%: 0.11+0.52+0.14 ms clock, 1.8+0.59/0.79/0+2.2 ms cpu, 3->4->1 MB, 4 MB goal, 0 MB stacks, 0 MB globals, 16 P
gc 10944 @52.373s 4%: 0.12+0.61+0.084 ms clock, 1.9+0.52/0.94/0+1.3 ms cpu, 3->4->1 MB, 4 MB goal, 0 MB stacks, 0 MB globals, 16 P
gc 10945 @52.374s 4%: 0.12+0.58+0.094 ms clock, 1.9+0.57/0.79/0+1.5 ms cpu, 3->4->1 MB, 4 MB goal, 0 MB stacks, 0 MB globals, 16 P
gc 10946 @52.376s 4%: 0.13+0.55+0.10 ms clock, 2.1+0.52/0.79/0+1.7 ms cpu, 3->4->1 MB, 4 MB goal, 0 MB stacks, 0 MB globals, 16 P
gc 10947 @52.378s 4%: 0.18+0.68+0.086 ms clock, 2.9+0.76/0.76/0+1.3 ms cpu, 3->4->2 MB, 4 MB goal, 0 MB stacks, 0 MB globals, 16 P
gc 10948 @52.379s 4%: 0.16+0.43+0.18 ms clock, 2.5+0.57/0.73/0+2.9 ms cpu, 3->4->1 MB, 4 MB goal, 0 MB stacks, 0 MB globals, 16 P
gc 10949 @52.381s 4%: 0.14+0.67+0.099 ms clock, 2.2+0.74/0.80/0+1.5 ms cpu, 3->4->2 MB, 4 MB goal, 0 MB stacks, 0 MB globals, 16 P
gc 10950 @52.383s 4%: 0.19+0.59+0.10 ms clock, 3.1+0.57/0.75/0.026+1.7 ms cpu, 3->4->2 MB, 4 MB goal, 0 MB stacks, 0 MB globals, 16 P
gc 10951 @52.384s 4%: 0.13+0.52+0.11 ms clock, 2.1+0.53/0.89/0+1.9 ms cpu, 3->4->2 MB, 4 MB goal, 0 MB stacks, 0 MB globals, 16 P
gc 10952 @52.386s 4%: 0.11+0.54+0.11 ms clock, 1.8+0.52/0.85/0.008+1.8 ms cpu, 3->4->1 MB, 4 MB goal, 0 MB stacks, 0 MB globals, 16 P
gc 10953 @52.388s 4%: 0.16+0.56+0.096 ms clock, 2.6+0.63/0.80/0+1.5 ms cpu, 3->4->2 MB, 4 MB goal, 0 MB stacks, 0 MB globals, 16 P
gc 10954 @52.390s 4%: 0.11+0.59+0.096 ms clock, 1.7+0.53/0.67/0.041+1.5 ms cpu, 3->4->1 MB, 4 MB goal, 0 MB stacks, 0 MB globals, 16 P
gc 10955 @52.391s 4%: 0.11+0.71+0.12 ms clock, 1.8+0.62/0.87/0+2.0 ms cpu, 3->4->2 MB, 4 MB goal, 0 MB stacks, 0 MB globals, 16 P
gc 10956 @52.393s 4%: 0.11+0.61+0.098 ms clock, 1.7+0.43/0.90/0.009+1.5 ms cpu, 3->4->2 MB, 4 MB goal, 0 MB stacks, 0 MB globals, 16 P
gc 10957 @52.395s 4%: 0.10+0.47+0.14 ms clock, 1.7+0.55/0.74/0+2.2 ms cpu, 3->4->1 MB, 4 MB goal, 0 MB stacks, 0 MB globals, 16 P
gc 10958 @52.396s 4%: 0.17+0.52+0.093 ms clock, 2.8+0.63/0.78/0+1.4 ms cpu, 3->4->1 MB, 4 MB goal, 0 MB stacks, 0 MB globals, 16 P
gc 10959 @52.398s 4%: 0.11+0.64+0.095 ms clock, 1.8+0.45/0.94/0+1.5 ms cpu, 3->4->2 MB, 4 MB goal, 0 MB stacks, 0 MB globals, 16 P
gc 10960 @52.400s 4%: 0.14+0.50+0.083 ms clock, 2.3+0.61/0.72/0+1.3 ms cpu, 3->4->1 MB, 4 MB goal, 0 MB stacks, 0 MB globals, 16 P
gc 10961 @52.401s 4%: 0.11+0.46+0.099 ms clock, 1.8+0.53/0.82/0.041+1.5 ms cpu, 3->4->1 MB, 4 MB goal, 0 MB stacks, 0 MB globals, 16 P
gc 10962 @52.403s 4%: 0.16+0.75+0.086 ms clock, 2.5+0.73/0.70/0+1.3 ms cpu, 3->4->2 MB, 4 MB goal, 0 MB stacks, 0 MB globals, 16 P
gc 10963 @52.404s 4%: 0.14+0.58+0.062 ms clock, 2.3+0.61/0.84/0+0.99 ms cpu, 3->4->2 MB, 4 MB goal, 0 MB stacks, 0 MB globals, 16 P
gc 10964 @52.406s 4%: 0.12+0.50+0.10 ms clock, 2.0+0.71/0.77/0+1.6 ms cpu, 3->4->1 MB, 4 MB goal, 0 MB stacks, 0 MB globals, 16 P
gc 10965 @52.408s 4%: 0.13+0.64+0.097 ms clock, 2.1+0.77/0.87/0.025+1.5 ms cpu, 3->4->1 MB, 4 MB goal, 0 MB stacks, 0 MB globals, 16 P
gc 10966 @52.409s 4%: 0.12+0.73+0.081 ms clock, 1.9+0.64/0.72/0+1.3 ms cpu, 3->4->2 MB, 4 MB goal, 0 MB stacks, 0 MB globals, 16 P
gc 10967 @52.411s 4%: 0.10+0.74+0.085 ms clock, 1.6+0.44/0.88/0+1.3 ms cpu, 3->4->2 MB, 4 MB goal, 0 MB stacks, 0 MB globals, 16 P
gc 10968 @52.413s 4%: 0.068+0.65+0.11 ms clock, 1.1+0.57/0.80/0.002+1.8 ms cpu, 3->4->1 MB, 4 MB goal, 0 MB stacks, 0 MB globals, 16 P
gc 10969 @52.415s 4%: 0.11+0.61+0.084 ms clock, 1.7+0.50/0.83/0.005+1.3 ms cpu, 3->4->1 MB, 4 MB goal, 0 MB stacks, 0 MB globals, 16 P
gc 10970 @52.416s 4%: 0.10+0.48+0.10 ms clock, 1.6+0.61/0.88/0+1.7 ms cpu, 3->4->1 MB, 4 MB goal, 0 MB stacks, 0 MB globals, 16 P
gc 10971 @52.418s 4%: 0.16+0.49+0.15 ms clock, 2.6+0.64/0.83/0.012+2.4 ms cpu, 3->4->1 MB, 4 MB goal, 0 MB stacks, 0 MB globals, 16 P
gc 10972 @52.420s 4%: 0.10+0.51+0.15 ms clock, 1.6+0.53/0.83/0.005+2.4 ms cpu, 3->4->1 MB, 4 MB goal, 0 MB stacks, 0 MB globals, 16 P
gc 10973 @52.421s 4%: 0.11+0.52+0.13 ms clock, 1.8+0.47/0.88/0+2.1 ms cpu, 3->4->1 MB, 4 MB goal, 0 MB stacks, 0 MB globals, 16 P
gc 10974 @52.423s 4%: 0.16+0.57+0.086 ms clock, 2.6+0.66/0.83/0+1.3 ms cpu, 3->4->2 MB, 4 MB goal, 0 MB stacks, 0 MB globals, 16 P
gc 10975 @52.424s 4%: 0.10+0.56+0.18 ms clock, 1.7+0.65/0.71/0.047+2.9 ms cpu, 3->4->2 MB, 4 MB goal, 0 MB stacks, 0 MB globals, 16 P
gc 10976 @52.426s 4%: 0.11+0.40+0.17 ms clock, 1.8+0.69/0.78/0.003+2.8 ms cpu, 3->4->1 MB, 4 MB goal, 0 MB stacks, 0 MB globals, 16 P
gc 10977 @52.428s 4%: 0.11+0.65+0.099 ms clock, 1.8+0.71/0.92/0+1.5 ms cpu, 3->4->2 MB, 4 MB goal, 0 MB stacks, 0 MB globals, 16 P
gc 10978 @52.429s 4%: 0.13+0.53+0.088 ms clock, 2.1+0.52/0.79/0+1.4 ms cpu, 3->4->1 MB, 4 MB goal, 0 MB stacks, 0 MB globals, 16 P
gc 10979 @52.431s 4%: 0.11+0.38+0.16 ms clock, 1.7+0.40/0.75/0.066+2.6 ms cpu, 3->3->1 MB, 4 MB goal, 0 MB stacks, 0 MB globals, 16 P
gc 10980 @52.432s 4%: 0.18+0.58+0.074 ms clock, 2.9+0.70/0.82/0+1.1 ms cpu, 3->4->2 MB, 4 MB goal, 0 MB stacks, 0 MB globals, 16 P
gc 10981 @52.434s 4%: 0.13+0.61+0.10 ms clock, 2.2+0.61/0.81/0.019+1.6 ms cpu, 3->4->2 MB, 4 MB goal, 0 MB stacks, 0 MB globals, 16 P
gc 10982 @52.436s 4%: 0.12+0.55+0.066 ms clock, 2.0+0.52/0.83/0+1.0 ms cpu, 3->4->1 MB, 4 MB goal, 0 MB stacks, 0 MB globals, 16 P
gc 10983 @52.438s 4%: 0.15+0.58+0.099 ms clock, 2.5+0.57/0.77/0+1.5 ms cpu, 3->4->2 MB, 4 MB goal, 0 MB stacks, 0 MB globals, 16 P
gc 10984 @52.439s 4%: 0.12+0.49+0.10 ms clock, 1.9+0.58/0.83/0+1.6 ms cpu, 3->4->1 MB, 4 MB goal, 0 MB stacks, 0 MB globals, 16 P
gc 10985 @52.441s 4%: 0.12+0.55+0.090 ms clock, 2.0+0.64/0.86/0+1.4 ms cpu, 3->4->1 MB, 4 MB goal, 0 MB stacks, 0 MB globals, 16 P
gc 10986 @52.443s 4%: 0.11+0.66+0.11 ms clock, 1.8+0.46/0.90/0.036+1.7 ms cpu, 3->4->1 MB, 4 MB goal, 0 MB stacks, 0 MB globals, 16 P
gc 10987 @52.444s 4%: 0.15+0.60+0.094 ms clock, 2.5+0.58/0.99/0.011+1.5 ms cpu, 3->4->2 MB, 4 MB goal, 0 MB stacks, 0 MB globals, 16 P
gc 10988 @52.446s 4%: 0.12+0.51+0.11 ms clock, 2.0+0.61/0.80/0+1.8 ms cpu, 3->4->1 MB, 4 MB goal, 0 MB stacks, 0 MB globals, 16 P
gc 10989 @52.448s 4%: 0.15+0.78+0.11 ms clock, 2.4+0.76/0.74/0.016+1.8 ms cpu, 3->4->2 MB, 4 MB goal, 0 MB stacks, 0 MB globals, 16 P
gc 10990 @52.450s 4%: 0.19+0.54+0.11 ms clock, 3.1+0.65/0.82/0+1.8 ms cpu, 4->4->2 MB, 4 MB goal, 0 MB stacks, 0 MB globals, 16 P
gc 10991 @52.452s 4%: 0.14+0.68+0.078 ms clock, 2.3+0.55/0.85/0.001+1.2 ms cpu, 3->4->2 MB, 4 MB goal, 0 MB stacks, 0 MB globals, 16 P
gc 10992 @52.454s 4%: 0.11+0.58+0.13 ms clock, 1.7+0.72/0.76/0.030+2.2 ms cpu, 3->4->1 MB, 4 MB goal, 0 MB stacks, 0 MB globals, 16 P
gc 10993 @52.455s 4%: 0.14+0.67+0.14 ms clock, 2.3+0.66/0.89/0.019+2.3 ms cpu, 3->4->2 MB, 4 MB goal, 0 MB stacks, 0 MB globals, 16 P
gc 10994 @52.457s 4%: 0.14+0.62+0.12 ms clock, 2.3+0.58/0.83/0+1.9 ms cpu, 3->4->1 MB, 4 MB goal, 0 MB stacks, 0 MB globals, 16 P
gc 10995 @52.459s 4%: 0.13+0.63+0.14 ms clock, 2.1+0.63/0.76/0+2.3 ms cpu, 3->4->2 MB, 4 MB goal, 0 MB stacks, 0 MB globals, 16 P
gc 10996 @52.461s 4%: 0.10+0.72+0.047 ms clock, 1.6+0.48/0.98/0+0.76 ms cpu, 3->4->2 MB, 4 MB goal, 0 MB stacks, 0 MB globals, 16 P
gc 10997 @52.462s 4%: 0.18+0.59+0.12 ms clock, 2.9+0.64/0.83/0+1.9 ms cpu, 3->4->2 MB, 4 MB goal, 0 MB stacks, 0 MB globals, 16 P
gc 10998 @52.464s 4%: 0.11+0.60+0.13 ms clock, 1.8+0.46/0.87/0.020+2.1 ms cpu, 3->4->1 MB, 4 MB goal, 0 MB stacks, 0 MB globals, 16 P
gc 10999 @52.466s 4%: 0.10+0.55+0.10 ms clock, 1.7+0.53/0.79/0+1.7 ms cpu, 3->4->1 MB, 4 MB goal, 0 MB stacks, 0 MB globals, 16 P
gc 11000 @52.467s 4%: 0.15+0.68+0.11 ms clock, 2.5+0.59/0.88/0.001+1.8 ms cpu, 3->4->2 MB, 4 MB goal, 0 MB stacks, 0 MB globals, 16 P
gc 11001 @52.469s 4%: 0.11+0.56+0.10 ms clock, 1.7+0.52/0.81/0+1.6 ms cpu, 3->4->1 MB, 4 MB goal, 0 MB stacks, 0 MB globals, 16 P
gc 11002 @52.471s 4%: 0.11+0.52+0.10 ms clock, 1.7+0.63/0.82/0.002+1.6 ms cpu, 3->4->1 MB, 4 MB goal, 0 MB stacks, 0 MB globals, 16 P
gc 11003 @52.472s 4%: 0.15+0.61+0.10 ms clock, 2.4+0.54/0.80/0.017+1.6 ms cpu, 3->4->2 MB, 4 MB goal, 0 MB stacks, 0 MB globals, 16 P
gc 11004 @52.474s 4%: 0.12+0.53+0.11 ms clock, 1.9+0.49/0.90/0.001+1.8 ms cpu, 3->4->1 MB, 4 MB goal, 0 MB stacks, 0 MB globals, 16 P
gc 11005 @52.476s 4%: 0.16+0.61+0.12 ms clock, 2.6+0.54/0.88/0.019+2.0 ms cpu, 3->4->2 MB, 4 MB goal, 0 MB stacks, 0 MB globals, 16 P
gc 11006 @52.478s 4%: 0.10+0.64+0.16 ms clock, 1.6+0.70/0.70/0.018+2.7 ms cpu, 3->4->1 MB, 4 MB goal, 0 MB stacks, 0 MB globals, 16 P
gc 11007 @52.479s 4%: 0.10+0.64+0.11 ms clock, 1.6+0.54/0.93/0+1.8 ms cpu, 3->4->1 MB, 4 MB goal, 0 MB stacks, 0 MB globals, 16 P
gc 11008 @52.481s 4%: 0.14+0.52+0.095 ms clock, 2.3+0.53/0.81/0.005+1.5 ms cpu, 3->4->1 MB, 4 MB goal, 0 MB stacks, 0 MB globals, 16 P
gc 11009 @52.483s 4%: 0.15+0.76+0.077 ms clock, 2.5+0.70/0.79/0+1.2 ms cpu, 3->4->2 MB, 4 MB goal, 0 MB stacks, 0 MB globals, 16 P
gc 11010 @52.485s 4%: 0.13+0.63+0.088 ms clock, 2.1+0.70/0.86/0.003+1.4 ms cpu, 3->4->2 MB, 4 MB goal, 0 MB stacks, 0 MB globals, 16 P
gc 11011 @52.486s 4%: 0.15+0.47+0.11 ms clock, 2.4+0.66/0.76/0.017+1.7 ms cpu, 3->4->1 MB, 4 MB goal, 0 MB stacks, 0 MB globals, 16 P
gc 11012 @52.488s 4%: 0.099+0.71+0.088 ms clock, 1.5+0.59/0.80/0+1.4 ms cpu, 3->4->2 MB, 4 MB goal, 0 MB stacks, 0 MB globals, 16 P
gc 11013 @52.490s 4%: 0.12+0.53+0.090 ms clock, 2.0+0.52/0.92/0.005+1.4 ms cpu, 3->4->1 MB, 4 MB goal, 0 MB stacks, 0 MB globals, 16 P
gc 11014 @52.492s 4%: 0.16+0.59+0.090 ms clock, 2.6+0.56/0.91/0.011+1.4 ms cpu, 3->4->1 MB, 4 MB goal, 0 MB stacks, 0 MB globals, 16 P
gc 11015 @52.493s 4%: 0.17+0.50+0.20 ms clock, 2.7+0.67/0.73/0.002+3.2 ms cpu, 3->4->1 MB, 4 MB goal, 0 MB stacks, 0 MB globals, 16 P
gc 11016 @52.495s 4%: 0.10+0.65+0.077 ms clock, 1.6+0.54/0.84/0.007+1.2 ms cpu, 3->4->1 MB, 4 MB goal, 0 MB stacks, 0 MB globals, 16 P
gc 11017 @52.496s 4%: 0.16+0.55+0.15 ms clock, 2.6+0.45/0.78/0.057+2.5 ms cpu, 3->4->1 MB, 4 MB goal, 0 MB stacks, 0 MB globals, 16 P
gc 11018 @52.498s 4%: 0.097+0.71+0.077 ms clock, 1.5+0.54/0.85/0.029+1.2 ms cpu, 3->4->1 MB, 4 MB goal, 0 MB stacks, 0 MB globals, 16 P
gc 11019 @52.500s 4%: 0.15+0.55+0.15 ms clock, 2.5+0.62/0.84/0+2.4 ms cpu, 3->4->1 MB, 4 MB goal, 0 MB stacks, 0 MB globals, 16 P
gc 11020 @52.501s 4%: 0.12+0.53+0.083 ms clock, 2.0+0.55/0.83/0.002+1.3 ms cpu, 3->4->1 MB, 4 MB goal, 0 MB stacks, 0 MB globals, 16 P
gc 11021 @52.503s 4%: 0.16+0.49+0.14 ms clock, 2.5+0.58/0.76/0.027+2.3 ms cpu, 3->4->1 MB, 4 MB goal, 0 MB stacks, 0 MB globals, 16 P
gc 11022 @52.504s 4%: 0.10+0.52+0.10 ms clock, 1.7+0.42/0.85/0.001+1.6 ms cpu, 3->4->1 MB, 4 MB goal, 0 MB stacks, 0 MB globals, 16 P
gc 11023 @52.506s 4%: 0.14+0.62+0.17 ms clock, 2.2+0.62/0.84/0+2.7 ms cpu, 3->4->2 MB, 4 MB goal, 0 MB stacks, 0 MB globals, 16 P
gc 11024 @52.508s 4%: 0.10+0.58+0.092 ms clock, 1.7+0.57/0.81/0+1.4 ms cpu, 3->4->1 MB, 4 MB goal, 0 MB stacks, 0 MB globals, 16 P
gc 11025 @52.509s 4%: 0.18+0.60+0.16 ms clock, 3.0+0.60/0.79/0+2.6 ms cpu, 3->4->2 MB, 4 MB goal, 0 MB stacks, 0 MB globals, 16 P
gc 11026 @52.511s 4%: 0.11+0.62+0.10 ms clock, 1.9+0.46/0.72/0.079+1.6 ms cpu, 3->4->1 MB, 4 MB goal, 0 MB stacks, 0 MB globals, 16 P
gc 11027 @52.513s 4%: 0.13+0.62+0.13 ms clock, 2.2+0.50/0.98/0+2.0 ms cpu, 3->4->2 MB, 4 MB goal, 0 MB stacks, 0 MB globals, 16 P
gc 11028 @52.514s 4%: 0.11+0.51+0.12 ms clock, 1.9+0.56/0.83/0+2.0 ms cpu, 3->4->1 MB, 4 MB goal, 0 MB stacks, 0 MB globals, 16 P
gc 11029 @52.516s 4%: 0.099+0.63+0.15 ms clock, 1.5+0.51/0.86/0.025+2.4 ms cpu, 3->4->2 MB, 4 MB goal, 0 MB stacks, 0 MB globals, 16 P
gc 11030 @52.518s 4%: 0.12+0.64+0.13 ms clock, 2.0+0.59/0.82/0+2.0 ms cpu, 3->4->2 MB, 4 MB goal, 0 MB stacks, 0 MB globals, 16 P
gc 11031 @52.519s 4%: 0.11+0.52+0.077 ms clock, 1.8+0.66/0.83/0+1.2 ms cpu, 3->4->1 MB, 4 MB goal, 0 MB stacks, 0 MB globals, 16 P
gc 11032 @52.521s 4%: 0.21+0.54+0.11 ms clock, 3.4+0.56/0.74/0.020+1.9 ms cpu, 3->4->1 MB, 4 MB goal, 0 MB stacks, 0 MB globals, 16 P
gc 11033 @52.523s 4%: 0.10+0.62+0.11 ms clock, 1.6+0.57/0.74/0+1.8 ms cpu, 3->4->1 MB, 4 MB goal, 0 MB stacks, 0 MB globals, 16 P
gc 11034 @52.524s 4%: 0.10+0.63+0.073 ms clock, 1.7+0.54/0.78/0+1.1 ms cpu, 3->4->1 MB, 4 MB goal, 0 MB stacks, 0 MB globals, 16 P
gc 11035 @52.526s 4%: 0.13+0.62+0.11 ms clock, 2.2+0.58/0.92/0+1.7 ms cpu, 3->4->2 MB, 4 MB goal, 0 MB stacks, 0 MB globals, 16 P
gc 11036 @52.528s 4%: 0.11+0.53+0.11 ms clock, 1.7+0.61/0.83/0+1.8 ms cpu, 3->4->1 MB, 4 MB goal, 0 MB stacks, 0 MB globals, 16 P
gc 11037 @52.529s 4%: 0.18+0.68+0.091 ms clock, 3.0+0.54/0.84/0+1.4 ms cpu, 3->4->2 MB, 4 MB goal, 0 MB stacks, 0 MB globals, 16 P
gc 11038 @52.531s 4%: 0.12+0.60+0.17 ms clock, 2.0+0.58/0.86/0.002+2.8 ms cpu, 3->4->2 MB, 4 MB goal, 0 MB stacks, 0 MB globals, 16 P
gc 11039 @52.533s 4%: 0.12+0.52+0.17 ms clock, 1.9+0.56/0.73/0.058+2.7 ms cpu, 3->4->1 MB, 4 MB goal, 0 MB stacks, 0 MB globals, 16 P
gc 11040 @52.535s 4%: 0.22+0.60+0.15 ms clock, 3.5+0.66/0.87/0+2.4 ms cpu, 3->4->2 MB, 4 MB goal, 0 MB stacks, 0 MB globals, 16 P
gc 11041 @52.536s 4%: 0.17+0.58+0.14 ms clock, 2.7+0.65/0.86/0+2.2 ms cpu, 3->4->2 MB, 4 MB goal, 0 MB stacks, 0 MB globals, 16 P
gc 11042 @52.538s 4%: 0.14+0.64+0.13 ms clock, 2.2+0.60/0.71/0+2.1 ms cpu, 3->4->2 MB, 4 MB goal, 0 MB stacks, 0 MB globals, 16 P
gc 11043 @52.540s 4%: 0.11+0.54+0.078 ms clock, 1.8+0.54/0.81/0+1.2 ms cpu, 3->4->1 MB, 4 MB goal, 0 MB stacks, 0 MB globals, 16 P
gc 11044 @52.542s 4%: 0.12+0.62+0.12 ms clock, 2.0+0.60/0.88/0+1.9 ms cpu, 3->4->1 MB, 4 MB goal, 0 MB stacks, 0 MB globals, 16 P
gc 11045 @52.543s 4%: 0.12+0.60+0.080 ms clock, 2.0+0.53/0.87/0+1.2 ms cpu, 3->4->1 MB, 4 MB goal, 0 MB stacks, 0 MB globals, 16 P
gc 11046 @52.545s 4%: 0.12+0.51+0.13 ms clock, 2.0+0.65/0.80/0+2.2 ms cpu, 3->4->1 MB, 4 MB goal, 0 MB stacks, 0 MB globals, 16 P
gc 11047 @52.547s 4%: 0.11+0.46+0.096 ms clock, 1.8+0.67/0.75/0+1.5 ms cpu, 3->4->1 MB, 4 MB goal, 0 MB stacks, 0 MB globals, 16 P
gc 11048 @52.548s 4%: 0.11+0.63+0.10 ms clock, 1.7+0.58/0.82/0+1.6 ms cpu, 3->4->2 MB, 4 MB goal, 0 MB stacks, 0 MB globals, 16 P
gc 11049 @52.550s 4%: 0.13+0.57+0.12 ms clock, 2.0+0.55/0.80/0+2.0 ms cpu, 3->4->1 MB, 4 MB goal, 0 MB stacks, 0 MB globals, 16 P
gc 11050 @52.552s 4%: 0.12+0.58+0.096 ms clock, 1.9+0.66/0.98/0.019+1.5 ms cpu, 3->4->2 MB, 4 MB goal, 0 MB stacks, 0 MB globals, 16 P
gc 11051 @52.553s 4%: 0.12+0.67+0.099 ms clock, 1.9+0.58/0.82/0+1.5 ms cpu, 3->4->2 MB, 4 MB goal, 0 MB stacks, 0 MB globals, 16 P
gc 11052 @52.555s 4%: 0.10+0.71+0.14 ms clock, 1.7+0.46/0.87/0+2.3 ms cpu, 3->4->2 MB, 4 MB goal, 0 MB stacks, 0 MB globals, 16 P
gc 11053 @52.557s 4%: 0.11+0.59+0.13 ms clock, 1.8+0.69/0.85/0+2.1 ms cpu, 3->4->2 MB, 4 MB goal, 0 MB stacks, 0 MB globals, 16 P
gc 11054 @52.559s 4%: 0.10+0.61+0.10 ms clock, 1.7+0.57/0.93/0+1.6 ms cpu, 3->4->2 MB, 4 MB goal, 0 MB stacks, 0 MB globals, 16 P
gc 11055 @52.561s 4%: 0.13+0.49+0.20 ms clock, 2.1+0.66/0.79/0.001+3.2 ms cpu, 3->4->1 MB, 4 MB goal, 0 MB stacks, 0 MB globals, 16 P
gc 11056 @52.562s 4%: 0.17+0.48+0.14 ms clock, 2.8+0.66/0.76/0+2.3 ms cpu, 3->4->1 MB, 4 MB goal, 0 MB stacks, 0 MB globals, 16 P
gc 11057 @52.564s 4%: 0.11+0.54+0.11 ms clock, 1.8+0.54/0.98/0.057+1.8 ms cpu, 3->4->1 MB, 4 MB goal, 0 MB stacks, 0 MB globals, 16 P
gc 11058 @52.565s 4%: 0.12+0.54+0.12 ms clock, 2.0+0.56/0.81/0+1.9 ms cpu, 3->4->1 MB, 4 MB goal, 0 MB stacks, 0 MB globals, 16 P
gc 11059 @52.567s 4%: 0.13+0.59+0.12 ms clock, 2.0+0.59/0.87/0+1.9 ms cpu, 3->4->2 MB, 4 MB goal, 0 MB stacks, 0 MB globals, 16 P
gc 11060 @52.569s 4%: 0.13+0.50+0.19 ms clock, 2.1+0.62/0.72/0+3.1 ms cpu, 3->4->1 MB, 4 MB goal, 0 MB stacks, 0 MB globals, 16 P
gc 11061 @52.570s 4%: 0.11+0.59+0.088 ms clock, 1.8+0.80/0.80/0.012+1.4 ms cpu, 3->4->1 MB, 4 MB goal, 0 MB stacks, 0 MB globals, 16 P
gc 11062 @52.572s 4%: 0.097+0.57+0.12 ms clock, 1.5+0.59/0.75/0+2.0 ms cpu, 3->4->1 MB, 4 MB goal, 0 MB stacks, 0 MB globals, 16 P
gc 11063 @52.573s 4%: 0.12+0.56+0.097 ms clock, 1.9+0.46/0.98/0.011+1.5 ms cpu, 3->4->2 MB, 4 MB goal, 0 MB stacks, 0 MB globals, 16 P
gc 11064 @52.575s 4%: 0.12+0.66+0.086 ms clock, 1.9+0.46/0.95/0.026+1.3 ms cpu, 3->4->2 MB, 4 MB goal, 0 MB stacks, 0 MB globals, 16 P
gc 11065 @52.577s 4%: 0.12+0.49+0.092 ms clock, 2.0+0.53/0.84/0+1.4 ms cpu, 3->4->1 MB, 4 MB goal, 0 MB stacks, 0 MB globals, 16 P
gc 11066 @52.578s 4%: 0.21+0.71+0.14 ms clock, 3.4+0.75/0.81/0+2.3 ms cpu, 3->4->2 MB, 4 MB goal, 0 MB stacks, 0 MB globals, 16 P
gc 11067 @52.580s 4%: 0.13+0.66+0.13 ms clock, 2.1+0.61/0.73/0.002+2.2 ms cpu, 4->5->2 MB, 4 MB goal, 0 MB stacks, 0 MB globals, 16 P
gc 11068 @52.582s 4%: 0.13+0.68+0.089 ms clock, 2.1+0.68/0.84/0+1.4 ms cpu, 3->4->2 MB, 4 MB goal, 0 MB stacks, 0 MB globals, 16 P
gc 11069 @52.584s 4%: 0.11+0.50+0.10 ms clock, 1.7+0.77/0.77/0+1.6 ms cpu, 3->4->1 MB, 4 MB goal, 0 MB stacks, 0 MB globals, 16 P
gc 11070 @52.586s 4%: 0.13+0.43+0.14 ms clock, 2.1+0.57/0.70/0.045+2.2 ms cpu, 3->4->1 MB, 4 MB goal, 0 MB stacks, 0 MB globals, 16 P
gc 11071 @52.587s 4%: 0.15+0.51+0.10 ms clock, 2.4+0.59/0.76/0.031+1.6 ms cpu, 3->4->1 MB, 4 MB goal, 0 MB stacks, 0 MB globals, 16 P
gc 11072 @52.589s 4%: 0.18+0.51+0.11 ms clock, 2.9+0.53/0.83/0+1.8 ms cpu, 3->4->2 MB, 4 MB goal, 0 MB stacks, 0 MB globals, 16 P
gc 11073 @52.590s 4%: 0.11+0.59+0.13 ms clock, 1.8+0.60/0.74/0.062+2.1 ms cpu, 3->4->1 MB, 4 MB goal, 0 MB stacks, 0 MB globals, 16 P
gc 11074 @52.592s 4%: 0.22+0.68+0.098 ms clock, 3.5+0.66/0.85/0+1.5 ms cpu, 3->4->2 MB, 4 MB goal, 0 MB stacks, 0 MB globals, 16 P
gc 11075 @52.594s 4%: 0.14+0.74+0.088 ms clock, 2.3+0.47/0.91/0+1.4 ms cpu, 3->4->2 MB, 4 MB goal, 0 MB stacks, 0 MB globals, 16 P
gc 11076 @52.596s 4%: 0.17+0.53+0.10 ms clock, 2.7+0.59/0.95/0.037+1.7 ms cpu, 4->4->2 MB, 4 MB goal, 0 MB stacks, 0 MB globals, 16 P
gc 11077 @52.598s 4%: 0.10+0.64+0.11 ms clock, 1.7+0.52/0.89/0.093+1.8 ms cpu, 3->4->1 MB, 4 MB goal, 0 MB stacks, 0 MB globals, 16 P
gc 11078 @52.600s 4%: 0.098+0.76+0.10 ms clock, 1.5+0.63/0.69/0.003+1.6 ms cpu, 3->4->1 MB, 4 MB goal, 0 MB stacks, 0 MB globals, 16 P
gc 11079 @52.601s 4%: 0.18+0.51+0.13 ms clock, 2.9+0.66/0.80/0+2.2 ms cpu, 3->4->2 MB, 4 MB goal, 0 MB stacks, 0 MB globals, 16 P
gc 11080 @52.603s 4%: 0.14+0.81+0.080 ms clock, 2.2+0.66/0.82/0+1.2 ms cpu, 3->4->2 MB, 4 MB goal, 0 MB stacks, 0 MB globals, 16 P
gc 11081 @52.605s 4%: 0.11+0.52+0.14 ms clock, 1.9+0.73/0.81/0.005+2.3 ms cpu, 4->4->1 MB, 4 MB goal, 0 MB stacks, 0 MB globals, 16 P
gc 11082 @52.607s 4%: 0.13+0.68+0.14 ms clock, 2.1+0.62/0.82/0+2.3 ms cpu, 3->4->2 MB, 4 MB goal, 0 MB stacks, 0 MB globals, 16 P
gc 11083 @52.609s 4%: 0.15+0.76+0.10 ms clock, 2.4+0.60/0.81/0+1.6 ms cpu, 3->4->2 MB, 4 MB goal, 0 MB stacks, 0 MB globals, 16 P
gc 11084 @52.611s 4%: 0.11+0.47+0.13 ms clock, 1.8+0.63/0.74/0.051+2.2 ms cpu, 3->4->1 MB, 4 MB goal, 0 MB stacks, 0 MB globals, 16 P
gc 11085 @52.612s 4%: 0.10+0.61+0.050 ms clock, 1.7+0.56/0.87/0.003+0.80 ms cpu, 3->4->1 MB, 4 MB goal, 0 MB stacks, 0 MB globals, 16 P
gc 11086 @52.614s 4%: 0.13+0.69+0.093 ms clock, 2.1+0.64/0.86/0.005+1.4 ms cpu, 3->4->2 MB, 4 MB goal, 0 MB stacks, 0 MB globals, 16 P
gc 11087 @52.616s 4%: 0.087+0.59+0.087 ms clock, 1.3+0.49/0.81/0.003+1.4 ms cpu, 3->4->1 MB, 4 MB goal, 0 MB stacks, 0 MB globals, 16 P
gc 11088 @52.617s 4%: 0.14+0.66+0.095 ms clock, 2.3+0.51/0.90/0.009+1.5 ms cpu, 3->4->2 MB, 4 MB goal, 0 MB stacks, 0 MB globals, 16 P
gc 11089 @52.619s 4%: 0.10+0.57+0.080 ms clock, 1.6+0.49/0.82/0+1.2 ms cpu, 3->4->1 MB, 4 MB goal, 0 MB stacks, 0 MB globals, 16 P
gc 11090 @52.621s 4%: 0.13+0.49+0.12 ms clock, 2.1+0.58/0.72/0+1.9 ms cpu, 3->4->1 MB, 4 MB goal, 0 MB stacks, 0 MB globals, 16 P
gc 11091 @52.622s 4%: 0.11+0.52+0.081 ms clock, 1.8+0.59/0.78/0+1.3 ms cpu, 3->4->1 MB, 4 MB goal, 0 MB stacks, 0 MB globals, 16 P
gc 11092 @52.624s 4%: 0.11+0.75+0.095 ms clock, 1.8+0.59/0.81/0+1.5 ms cpu, 3->4->1 MB, 4 MB goal, 0 MB stacks, 0 MB globals, 16 P
gc 11093 @52.626s 4%: 0.16+0.51+0.13 ms clock, 2.5+0.64/0.75/0+2.1 ms cpu, 3->4->2 MB, 4 MB goal, 0 MB stacks, 0 MB globals, 16 P
gc 11094 @52.627s 4%: 0.12+0.52+0.094 ms clock, 1.9+0.50/0.85/0.022+1.5 ms cpu, 3->4->1 MB, 4 MB goal, 0 MB stacks, 0 MB globals, 16 P
gc 11095 @52.629s 4%: 0.14+0.56+0.10 ms clock, 2.3+0.67/0.75/0+1.6 ms cpu, 3->4->1 MB, 4 MB goal, 0 MB stacks, 0 MB globals, 16 P
gc 11096 @52.631s 4%: 0.12+0.55+0.074 ms clock, 2.0+0.58/0.83/0+1.1 ms cpu, 3->4->1 MB, 4 MB goal, 0 MB stacks, 0 MB globals, 16 P
gc 11097 @52.632s 4%: 0.10+0.62+0.085 ms clock, 1.7+0.45/0.89/0.055+1.3 ms cpu, 3->4->1 MB, 4 MB goal, 0 MB stacks, 0 MB globals, 16 P
gc 11098 @52.634s 4%: 0.13+0.61+0.097 ms clock, 2.2+0.53/0.83/0.010+1.5 ms cpu, 3->4->1 MB, 4 MB goal, 0 MB stacks, 0 MB globals, 16 P
gc 11099 @52.636s 4%: 0.099+0.72+0.090 ms clock, 1.5+0.53/0.86/0.003+1.4 ms cpu, 3->4->1 MB, 4 MB goal, 0 MB stacks, 0 MB globals, 16 P
gc 11100 @52.637s 4%: 0.13+0.52+0.11 ms clock, 2.1+0.57/0.78/0+1.8 ms cpu, 3->4->1 MB, 4 MB goal, 0 MB stacks, 0 MB globals, 16 P
gc 11101 @52.639s 4%: 0.13+0.54+0.078 ms clock, 2.1+0.55/0.80/0.011+1.2 ms cpu, 3->4->1 MB, 4 MB goal, 0 MB stacks, 0 MB globals, 16 P
gc 11102 @52.641s 4%: 0.16+0.55+0.14 ms clock, 2.5+0.72/1.0/0+2.3 ms cpu, 3->4->2 MB, 4 MB goal, 0 MB stacks, 0 MB globals, 16 P
gc 11103 @52.642s 4%: 0.11+0.51+0.086 ms clock, 1.7+0.49/0.82/0+1.3 ms cpu, 3->4->1 MB, 4 MB goal, 0 MB stacks, 0 MB globals, 16 P
gc 11104 @52.644s 4%: 0.10+0.58+0.096 ms clock, 1.7+0.67/0.73/0+1.5 ms cpu, 3->4->1 MB, 4 MB goal, 0 MB stacks, 0 MB globals, 16 P
gc 11105 @52.645s 4%: 0.13+0.71+0.093 ms clock, 2.2+0.62/0.91/0.002+1.5 ms cpu, 3->4->2 MB, 4 MB goal, 0 MB stacks, 0 MB globals, 16 P
gc 11106 @52.647s 4%: 0.13+0.57+0.15 ms clock, 2.1+0.54/0.74/0+2.4 ms cpu, 4->4->1 MB, 4 MB goal, 0 MB stacks, 0 MB globals, 16 P
gc 11107 @52.649s 4%: 0.26+0.64+0.080 ms clock, 4.1+0.57/0.87/0.003+1.2 ms cpu, 3->4->2 MB, 4 MB goal, 0 MB stacks, 0 MB globals, 16 P
gc 11108 @52.651s 4%: 0.10+0.53+0.11 ms clock, 1.6+0.58/0.80/0.009+1.8 ms cpu, 3->4->1 MB, 4 MB goal, 0 MB stacks, 0 MB globals, 16 P
gc 11109 @52.652s 4%: 0.11+0.65+0.075 ms clock, 1.8+0.58/0.85/0+1.2 ms cpu, 3->4->1 MB, 4 MB goal, 0 MB stacks, 0 MB globals, 16 P
gc 11110 @52.654s 4%: 0.12+0.52+0.11 ms clock, 2.0+0.64/0.78/0.040+1.8 ms cpu, 3->4->1 MB, 4 MB goal, 0 MB stacks, 0 MB globals, 16 P
gc 11111 @52.656s 4%: 0.12+0.91+0.082 ms clock, 1.9+0.55/0.91/0.062+1.3 ms cpu, 3->4->2 MB, 4 MB goal, 0 MB stacks, 0 MB globals, 16 P
gc 11112 @52.658s 4%: 0.13+0.51+0.18 ms clock, 2.1+0.82/0.79/0+2.8 ms cpu, 4->4->1 MB, 4 MB goal, 0 MB stacks, 0 MB globals, 16 P
gc 11113 @52.660s 4%: 0.13+0.51+0.11 ms clock, 2.1+0.63/0.73/0+1.8 ms cpu, 3->4->1 MB, 4 MB goal, 0 MB stacks, 0 MB globals, 16 P
gc 11114 @52.661s 4%: 0.16+0.63+0.13 ms clock, 2.6+0.63/0.85/0+2.2 ms cpu, 3->4->2 MB, 4 MB goal, 0 MB stacks, 0 MB globals, 16 P
gc 11115 @52.663s 4%: 0.12+0.59+0.12 ms clock, 2.0+0.50/0.87/0.020+1.9 ms cpu, 3->4->2 MB, 4 MB goal, 0 MB stacks, 0 MB globals, 16 P
gc 11116 @52.665s 4%: 0.10+0.62+0.10 ms clock, 1.6+0.63/0.83/0.007+1.6 ms cpu, 3->4->1 MB, 4 MB goal, 0 MB stacks, 0 MB globals, 16 P
gc 11117 @52.666s 4%: 0.12+0.66+0.11 ms clock, 1.9+0.62/0.76/0.004+1.7 ms cpu, 3->4->2 MB, 4 MB goal, 0 MB stacks, 0 MB globals, 16 P
gc 11118 @52.668s 4%: 0.11+0.50+0.077 ms clock, 1.8+0.50/0.91/0+1.2 ms cpu, 3->4->1 MB, 4 MB goal, 0 MB stacks, 0 MB globals, 16 P
gc 11119 @52.670s 4%: 0.13+0.64+0.068 ms clock, 2.2+0.64/0.73/0.035+1.0 ms cpu, 3->4->2 MB, 4 MB goal, 0 MB stacks, 0 MB globals, 16 P
gc 11120 @52.672s 4%: 0.13+0.51+0.10 ms clock, 2.1+0.68/0.71/0+1.7 ms cpu, 3->4->1 MB, 4 MB goal, 0 MB stacks, 0 MB globals, 16 P
gc 11121 @52.673s 4%: 0.17+0.49+0.13 ms clock, 2.8+0.64/0.79/0+2.1 ms cpu, 3->4->1 MB, 4 MB goal, 0 MB stacks, 0 MB globals, 16 P
gc 11122 @52.675s 4%: 0.11+0.59+0.077 ms clock, 1.8+0.55/0.88/0+1.2 ms cpu, 3->4->2 MB, 4 MB goal, 0 MB stacks, 0 MB globals, 16 P
gc 11123 @52.677s 4%: 0.14+0.59+0.14 ms clock, 2.3+0.63/0.89/0+2.2 ms cpu, 3->4->2 MB, 4 MB goal, 0 MB stacks, 0 MB globals, 16 P
gc 11124 @52.678s 4%: 0.17+0.61+0.18 ms clock, 2.8+0.60/0.79/0+2.9 ms cpu, 3->4->2 MB, 4 MB goal, 0 MB stacks, 0 MB globals, 16 P
gc 11125 @52.680s 4%: 0.14+0.67+0.10 ms clock, 2.2+0.55/0.82/0+1.6 ms cpu, 3->4->2 MB, 4 MB goal, 0 MB stacks, 0 MB globals, 16 P
gc 11126 @52.682s 4%: 0.13+0.50+0.11 ms clock, 2.1+0.49/0.79/0.003+1.7 ms cpu, 3->4->1 MB, 4 MB goal, 0 MB stacks, 0 MB globals, 16 P
gc 11127 @52.684s 4%: 0.12+0.75+0.096 ms clock, 2.0+0.56/0.85/0.037+1.5 ms cpu, 3->4->2 MB, 4 MB goal, 0 MB stacks, 0 MB globals, 16 P
gc 11128 @52.686s 4%: 0.10+0.52+0.11 ms clock, 1.7+0.48/0.83/0+1.9 ms cpu, 3->4->1 MB, 4 MB goal, 0 MB stacks, 0 MB globals, 16 P
gc 11129 @52.687s 4%: 0.20+0.50+0.10 ms clock, 3.3+0.64/0.80/0+1.6 ms cpu, 3->4->1 MB, 4 MB goal, 0 MB stacks, 0 MB globals, 16 P
gc 11130 @52.689s 4%: 0.12+0.69+0.098 ms clock, 2.0+0.49/0.82/0+1.5 ms cpu, 3->4->2 MB, 4 MB goal, 0 MB stacks, 0 MB globals, 16 P
gc 11131 @52.690s 4%: 0.10+0.53+0.12 ms clock, 1.7+0.53/0.82/0.004+2.0 ms cpu, 3->4->1 MB, 4 MB goal, 0 MB stacks, 0 MB globals, 16 P
gc 11132 @52.692s 4%: 0.10+0.58+0.10 ms clock, 1.6+0.62/0.80/0+1.6 ms cpu, 3->4->1 MB, 4 MB goal, 0 MB stacks, 0 MB globals, 16 P
gc 11133 @52.693s 4%: 0.14+0.63+0.086 ms clock, 2.3+0.57/0.82/0.038+1.3 ms cpu, 3->4->2 MB, 4 MB goal, 0 MB stacks, 0 MB globals, 16 P
gc 11134 @52.695s 4%: 0.14+0.58+0.13 ms clock, 2.3+0.73/0.84/0.007+2.1 ms cpu, 3->4->2 MB, 4 MB goal, 0 MB stacks, 0 MB globals, 16 P
gc 11135 @52.697s 4%: 0.12+0.53+0.15 ms clock, 2.0+0.71/0.74/0+2.4 ms cpu, 3->4->1 MB, 4 MB goal, 0 MB stacks, 0 MB globals, 16 P
gc 11136 @52.699s 4%: 0.10+0.65+0.090 ms clock, 1.7+0.61/0.86/0+1.4 ms cpu, 3->4->1 MB, 4 MB goal, 0 MB stacks, 0 MB globals, 16 P
gc 11137 @52.700s 4%: 0.18+0.57+0.11 ms clock, 2.9+0.46/0.87/0+1.8 ms cpu, 3->4->2 MB, 4 MB goal, 0 MB stacks, 0 MB globals, 16 P
gc 11138 @52.702s 4%: 0.10+0.78+0.081 ms clock, 1.6+0.45/0.86/0+1.3 ms cpu, 3->4->2 MB, 4 MB goal, 0 MB stacks, 0 MB globals, 16 P
gc 11139 @52.704s 4%: 0.15+0.48+0.16 ms clock, 2.5+0.59/0.90/0.002+2.5 ms cpu, 3->4->1 MB, 4 MB goal, 0 MB stacks, 0 MB globals, 16 P
gc 11140 @52.706s 4%: 0.12+0.52+0.070 ms clock, 1.9+0.56/0.78/0.009+1.1 ms cpu, 3->4->1 MB, 4 MB goal, 0 MB stacks, 0 MB globals, 16 P
gc 11141 @52.707s 4%: 0.15+0.83+0.14 ms clock, 2.4+0.59/0.73/0+2.3 ms cpu, 3->4->2 MB, 4 MB goal, 0 MB stacks, 0 MB globals, 16 P
gc 11142 @52.709s 4%: 0.17+0.48+0.13 ms clock, 2.8+0.23/0.81/0+2.1 ms cpu, 4->4->1 MB, 4 MB goal, 0 MB stacks, 0 MB globals, 16 P
gc 11143 @52.711s 4%: 0.13+0.63+0.085 ms clock, 2.1+0.59/0.98/0+1.3 ms cpu, 3->4->1 MB, 4 MB goal, 0 MB stacks, 0 MB globals, 16 P
gc 11144 @52.712s 4%: 0.13+0.55+0.10 ms clock, 2.2+0.57/0.82/0+1.6 ms cpu, 3->4->1 MB, 4 MB goal, 0 MB stacks, 0 MB globals, 16 P
gc 11145 @52.714s 4%: 0.094+0.59+0.10 ms clock, 1.5+0.53/0.87/0.083+1.6 ms cpu, 3->4->2 MB, 4 MB goal, 0 MB stacks, 0 MB globals, 16 P
gc 11146 @52.716s 4%: 0.16+0.64+0.15 ms clock, 2.5+0.74/0.88/0.040+2.5 ms cpu, 3->4->2 MB, 4 MB goal, 0 MB stacks, 0 MB globals, 16 P
gc 11147 @52.718s 4%: 0.091+0.49+0.080 ms clock, 1.4+0.57/0.75/0.016+1.2 ms cpu, 3->4->1 MB, 4 MB goal, 0 MB stacks, 0 MB globals, 16 P
gc 11148 @52.719s 4%: 0.098+0.43+0.084 ms clock, 1.5+0.71/0.75/0+1.3 ms cpu, 3->4->1 MB, 4 MB goal, 0 MB stacks, 0 MB globals, 16 P
gc 11149 @52.720s 4%: 0.093+0.81+0.095 ms clock, 1.5+0.56/0.89/0+1.5 ms cpu, 3->4->2 MB, 4 MB goal, 0 MB stacks, 0 MB globals, 16 P
gc 11150 @52.722s 4%: 0.089+0.56+0.091 ms clock, 1.4+0.49/0.82/0.030+1.4 ms cpu, 3->4->1 MB, 4 MB goal, 0 MB stacks, 0 MB globals, 16 P
gc 11151 @52.724s 4%: 0.15+0.78+0.17 ms clock, 2.5+0.59/0.79/0+2.7 ms cpu, 3->4->2 MB, 4 MB goal, 0 MB stacks, 0 MB globals, 16 P
gc 11152 @52.726s 4%: 0.073+0.61+0.094 ms clock, 1.1+0.43/0.93/0.014+1.5 ms cpu, 4->4->1 MB, 4 MB goal, 0 MB stacks, 0 MB globals, 16 P
gc 11153 @52.728s 4%: 0.13+0.58+0.10 ms clock, 2.2+0.49/0.88/0+1.6 ms cpu, 3->4->2 MB, 4 MB goal, 0 MB stacks, 0 MB globals, 16 P
gc 11154 @52.729s 4%: 0.10+0.57+0.086 ms clock, 1.7+0.46/0.82/0+1.3 ms cpu, 3->4->1 MB, 4 MB goal, 0 MB stacks, 0 MB globals, 16 P
gc 11155 @52.731s 4%: 0.11+0.64+0.076 ms clock, 1.8+0.53/0.83/0+1.2 ms cpu, 3->4->2 MB, 4 MB goal, 0 MB stacks, 0 MB globals, 16 P
gc 11156 @52.733s 4%: 0.14+0.66+0.10 ms clock, 2.3+0.58/0.80/0.084+1.6 ms cpu, 3->4->2 MB, 4 MB goal, 0 MB stacks, 0 MB globals, 16 P
gc 11157 @52.735s 4%: 0.081+0.50+0.13 ms clock, 1.2+0.65/0.84/0.017+2.0 ms cpu, 3->4->1 MB, 4 MB goal, 0 MB stacks, 0 MB globals, 16 P
gc 11158 @52.736s 4%: 0.17+0.85+0.094 ms clock, 2.7+0.93/0.71/0.016+1.5 ms cpu, 3->4->2 MB, 4 MB goal, 0 MB stacks, 0 MB globals, 16 P
gc 11159 @52.738s 4%: 0.12+0.46+0.14 ms clock, 1.9+0.54/0.77/0.080+2.3 ms cpu, 4->4->1 MB, 4 MB goal, 0 MB stacks, 0 MB globals, 16 P
gc 11160 @52.740s 4%: 0.13+0.66+0.071 ms clock, 2.1+0.49/0.96/0+1.1 ms cpu, 3->4->2 MB, 4 MB goal, 0 MB stacks, 0 MB globals, 16 P
gc 11161 @52.741s 4%: 0.12+0.50+0.12 ms clock, 1.9+0.52/0.81/0.026+2.0 ms cpu, 3->4->1 MB, 4 MB goal, 0 MB stacks, 0 MB globals, 16 P
gc 11162 @52.743s 4%: 0.12+0.49+0.11 ms clock, 1.9+0.67/0.71/0+1.7 ms cpu, 3->4->1 MB, 4 MB goal, 0 MB stacks, 0 MB globals, 16 P
gc 11163 @52.745s 4%: 0.17+0.73+0.087 ms clock, 2.7+0.48/0.89/0.024+1.3 ms cpu, 3->4->2 MB, 4 MB goal, 0 MB stacks, 0 MB globals, 16 P
gc 11164 @52.746s 4%: 0.11+0.55+0.097 ms clock, 1.8+0.74/0.72/0.007+1.5 ms cpu, 3->4->1 MB, 4 MB goal, 0 MB stacks, 0 MB globals, 16 P
gc 11165 @52.748s 4%: 0.11+0.63+0.089 ms clock, 1.8+0.45/0.68/0.080+1.4 ms cpu, 3->4->2 MB, 4 MB goal, 0 MB stacks, 0 MB globals, 16 P
gc 11166 @52.750s 4%: 0.10+0.65+0.10 ms clock, 1.6+0.58/0.79/0.001+1.6 ms cpu, 3->4->2 MB, 4 MB goal, 0 MB stacks, 0 MB globals, 16 P
gc 11167 @52.752s 4%: 0.10+0.56+0.088 ms clock, 1.7+0.56/0.77/0+1.4 ms cpu, 3->4->1 MB, 4 MB goal, 0 MB stacks, 0 MB globals, 16 P
gc 11168 @52.753s 4%: 0.10+0.48+0.10 ms clock, 1.6+0.52/0.69/0.097+1.6 ms cpu, 3->4->1 MB, 4 MB goal, 0 MB stacks, 0 MB globals, 16 P
gc 11169 @52.755s 4%: 0.14+0.63+0.054 ms clock, 2.2+0.73/0.85/0.006+0.86 ms cpu, 3->4->1 MB, 4 MB goal, 0 MB stacks, 0 MB globals, 16 P
gc 11170 @52.756s 4%: 0.13+0.60+0.072 ms clock, 2.1+0.55/0.90/0.011+1.1 ms cpu, 3->4->1 MB, 4 MB goal, 0 MB stacks, 0 MB globals, 16 P
gc 11171 @52.758s 4%: 0.13+0.70+0.059 ms clock, 2.1+0.54/0.86/0.017+0.94 ms cpu, 3->4->2 MB, 4 MB goal, 0 MB stacks, 0 MB globals, 16 P
gc 11172 @52.760s 4%: 0.11+0.50+0.13 ms clock, 1.7+0.60/0.74/0.009+2.2 ms cpu, 3->4->1 MB, 4 MB goal, 0 MB stacks, 0 MB globals, 16 P
gc 11173 @52.762s 4%: 0.11+0.57+0.098 ms clock, 1.7+0.67/0.78/0+1.5 ms cpu, 3->4->1 MB, 4 MB goal, 0 MB stacks, 0 MB globals, 16 P
gc 11174 @52.763s 4%: 0.15+0.45+0.13 ms clock, 2.4+0.69/0.80/0+2.1 ms cpu, 3->4->1 MB, 4 MB goal, 0 MB stacks, 0 MB globals, 16 P
gc 11175 @52.765s 4%: 0.12+0.63+0.037 ms clock, 1.9+0.66/0.85/0+0.59 ms cpu, 3->4->1 MB, 4 MB goal, 0 MB stacks, 0 MB globals, 16 P
gc 11176 @52.766s 4%: 0.13+0.64+0.12 ms clock, 2.2+0.65/0.87/0.001+1.9 ms cpu, 3->4->2 MB, 4 MB goal, 0 MB stacks, 0 MB globals, 16 P
gc 11177 @52.768s 4%: 0.14+0.60+0.12 ms clock, 2.2+0.59/0.90/0.002+1.9 ms cpu, 3->4->2 MB, 4 MB goal, 0 MB stacks, 0 MB globals, 16 P
gc 11178 @52.770s 4%: 0.093+0.47+0.11 ms clock, 1.4+0.52/0.85/0.003+1.7 ms cpu, 3->4->1 MB, 4 MB goal, 0 MB stacks, 0 MB globals, 16 P
gc 11179 @52.771s 4%: 0.11+0.77+0.14 ms clock, 1.8+0.49/0.94/0+2.2 ms cpu, 3->4->2 MB, 4 MB goal, 0 MB stacks, 0 MB globals, 16 P
gc 11180 @52.773s 4%: 0.15+0.67+0.093 ms clock, 2.5+0.62/0.79/0.026+1.4 ms cpu, 3->4->2 MB, 4 MB goal, 0 MB stacks, 0 MB globals, 16 P
gc 11181 @52.775s 4%: 0.10+0.48+0.11 ms clock, 1.6+0.49/0.83/0.005+1.8 ms cpu, 3->4->1 MB, 4 MB goal, 0 MB stacks, 0 MB globals, 16 P
gc 11182 @52.777s 4%: 0.14+0.64+0.13 ms clock, 2.2+0.61/0.87/0.034+2.1 ms cpu, 3->4->2 MB, 4 MB goal, 0 MB stacks, 0 MB globals, 16 P
gc 11183 @52.778s 4%: 0.11+0.57+0.14 ms clock, 1.8+0.44/0.90/0.011+2.2 ms cpu, 3->4->1 MB, 4 MB goal, 0 MB stacks, 0 MB globals, 16 P
gc 11184 @52.780s 4%: 0.15+0.51+0.13 ms clock, 2.5+0.53/0.82/0+2.1 ms cpu, 3->4->1 MB, 4 MB goal, 0 MB stacks, 0 MB globals, 16 P
gc 11185 @52.782s 4%: 0.12+0.52+0.098 ms clock, 1.9+0.44/0.85/0+1.5 ms cpu, 3->4->1 MB, 4 MB goal, 0 MB stacks, 0 MB globals, 16 P
gc 11186 @52.783s 4%: 0.15+0.53+0.17 ms clock, 2.4+0.43/0.86/0+2.8 ms cpu, 3->4->1 MB, 4 MB goal, 0 MB stacks, 0 MB globals, 16 P
gc 11187 @52.785s 4%: 0.12+0.57+0.093 ms clock, 2.0+0.42/1.0/0.002+1.4 ms cpu, 3->4->1 MB, 4 MB goal, 0 MB stacks, 0 MB globals, 16 P
gc 11188 @52.786s 4%: 0.13+0.59+0.039 ms clock, 2.1+0.58/0.84/0+0.63 ms cpu, 3->4->1 MB, 4 MB goal, 0 MB stacks, 0 MB globals, 16 P
gc 11189 @52.788s 4%: 0.12+0.54+0.18 ms clock, 2.0+0.64/0.92/0+2.9 ms cpu, 3->4->1 MB, 4 MB goal, 0 MB stacks, 0 MB globals, 16 P
gc 11190 @52.790s 4%: 0.14+0.50+0.10 ms clock, 2.3+0.49/0.84/0+1.6 ms cpu, 3->4->1 MB, 4 MB goal, 0 MB stacks, 0 MB globals, 16 P
gc 11191 @52.791s 4%: 0.10+0.57+0.094 ms clock, 1.7+0.63/0.75/0+1.5 ms cpu, 3->4->1 MB, 4 MB goal, 0 MB stacks, 0 MB globals, 16 P
gc 11192 @52.793s 4%: 0.093+0.63+0.11 ms clock, 1.5+0.53/0.87/0+1.7 ms cpu, 3->4->1 MB, 4 MB goal, 0 MB stacks, 0 MB globals, 16 P
gc 11193 @52.795s 4%: 0.095+0.58+0.091 ms clock, 1.5+0.53/0.94/0+1.4 ms cpu, 3->4->1 MB, 4 MB goal, 0 MB stacks, 0 MB globals, 16 P
gc 11194 @52.796s 4%: 0.15+0.67+0.089 ms clock, 2.5+0.64/0.79/0+1.4 ms cpu, 3->4->2 MB, 4 MB goal, 0 MB stacks, 0 MB globals, 16 P
gc 11195 @52.798s 4%: 0.18+0.53+0.14 ms clock, 3.0+0.69/0.73/0+2.3 ms cpu, 3->4->1 MB, 4 MB goal, 0 MB stacks, 0 MB globals, 16 P
gc 11196 @52.800s 4%: 0.12+0.51+0.15 ms clock, 2.0+0.59/0.67/0+2.4 ms cpu, 3->4->1 MB, 4 MB goal, 0 MB stacks, 0 MB globals, 16 P
gc 11197 @52.801s 4%: 0.12+0.74+0.10 ms clock, 2.0+0.71/0.93/0+1.7 ms cpu, 3->4->2 MB, 4 MB goal, 0 MB stacks, 0 MB globals, 16 P
gc 11198 @52.803s 4%: 0.12+0.61+0.088 ms clock, 2.0+0.50/0.80/0.014+1.4 ms cpu, 3->4->1 MB, 4 MB goal, 0 MB stacks, 0 MB globals, 16 P
gc 11199 @52.805s 4%: 0.18+0.58+0.16 ms clock, 2.9+0.62/0.67/0+2.6 ms cpu, 3->4->2 MB, 4 MB goal, 0 MB stacks, 0 MB globals, 16 P
gc 11200 @52.806s 4%: 0.17+0.64+0.093 ms clock, 2.7+0.54/0.98/0.021+1.4 ms cpu, 3->4->2 MB, 4 MB goal, 0 MB stacks, 0 MB globals, 16 P
gc 11201 @52.808s 4%: 0.16+0.52+0.10 ms clock, 2.6+0.68/0.84/0+1.7 ms cpu, 3->4->2 MB, 4 MB goal, 0 MB stacks, 0 MB globals, 16 P
gc 11202 @52.810s 4%: 0.18+0.54+0.13 ms clock, 2.9+0.52/0.88/0+2.1 ms cpu, 3->4->1 MB, 4 MB goal, 0 MB stacks, 0 MB globals, 16 P
gc 11203 @52.811s 4%: 0.12+0.55+0.13 ms clock, 1.9+0.50/0.84/0+2.2 ms cpu, 3->4->2 MB, 4 MB goal, 0 MB stacks, 0 MB globals, 16 P
gc 11204 @52.813s 4%: 0.10+0.44+0.14 ms clock, 1.7+0.57/0.89/0.006+2.3 ms cpu, 3->4->1 MB, 4 MB goal, 0 MB stacks, 0 MB globals, 16 P
gc 11205 @52.815s 4%: 0.17+0.54+0.11 ms clock, 2.7+0.61/0.78/0+1.8 ms cpu, 3->3->1 MB, 4 MB goal, 0 MB stacks, 0 MB globals, 16 P
gc 11206 @52.816s 4%: 0.12+0.55+0.12 ms clock, 1.9+0.67/0.75/0+1.9 ms cpu, 3->4->1 MB, 4 MB goal, 0 MB stacks, 0 MB globals, 16 P
gc 11207 @52.818s 4%: 0.13+0.44+0.16 ms clock, 2.1+0.60/0.71/0.054+2.7 ms cpu, 3->4->1 MB, 4 MB goal, 0 MB stacks, 0 MB globals, 16 P
gc 11208 @52.819s 4%: 0.12+0.69+0.11 ms clock, 1.9+0.66/1.0/0+1.8 ms cpu, 3->4->2 MB, 4 MB goal, 0 MB stacks, 0 MB globals, 16 P
gc 11209 @52.821s 4%: 0.10+0.57+0.10 ms clock, 1.6+0.65/0.75/0+1.6 ms cpu, 3->4->1 MB, 4 MB goal, 0 MB stacks, 0 MB globals, 16 P
gc 11210 @52.822s 4%: 0.12+0.56+0.15 ms clock, 2.0+0.51/0.77/0.14+2.5 ms cpu, 3->4->2 MB, 4 MB goal, 0 MB stacks, 0 MB globals, 16 P
gc 11211 @52.824s 4%: 0.14+0.56+0.16 ms clock, 2.2+0.51/0.86/0+2.6 ms cpu, 3->4->1 MB, 4 MB goal, 0 MB stacks, 0 MB globals, 16 P
gc 11212 @52.826s 4%: 0.13+0.54+0.091 ms clock, 2.1+0.53/0.77/0+1.4 ms cpu, 3->4->1 MB, 4 MB goal, 0 MB stacks, 0 MB globals, 16 P
gc 11213 @52.827s 4%: 0.10+0.52+0.091 ms clock, 1.6+0.51/0.82/0+1.4 ms cpu, 3->4->1 MB, 4 MB goal, 0 MB stacks, 0 MB globals, 16 P
gc 11214 @52.829s 4%: 0.11+0.57+0.14 ms clock, 1.8+0.70/0.86/0+2.3 ms cpu, 3->4->2 MB, 4 MB goal, 0 MB stacks, 0 MB globals, 16 P
gc 11215 @52.831s 4%: 0.13+0.60+0.11 ms clock, 2.1+0.60/0.75/0.002+1.7 ms cpu, 3->4->1 MB, 4 MB goal, 0 MB stacks, 0 MB globals, 16 P
gc 11216 @52.832s 4%: 0.12+0.57+0.10 ms clock, 2.0+0.62/0.79/0+1.6 ms cpu, 3->4->2 MB, 4 MB goal, 0 MB stacks, 0 MB globals, 16 P
gc 11217 @52.834s 4%: 0.13+0.54+0.12 ms clock, 2.1+0.60/0.85/0.004+2.0 ms cpu, 3->4->1 MB, 4 MB goal, 0 MB stacks, 0 MB globals, 16 P
gc 11218 @52.835s 4%: 0.10+0.55+0.10 ms clock, 1.7+0.60/0.83/0+1.7 ms cpu, 3->4->1 MB, 4 MB goal, 0 MB stacks, 0 MB globals, 16 P
gc 11219 @52.837s 4%: 0.10+0.52+0.10 ms clock, 1.6+0.50/0.80/0.045+1.6 ms cpu, 3->4->1 MB, 4 MB goal, 0 MB stacks, 0 MB globals, 16 P
gc 11220 @52.839s 4%: 0.13+0.63+0.12 ms clock, 2.1+0.55/0.72/0.034+1.9 ms cpu, 3->4->1 MB, 4 MB goal, 0 MB stacks, 0 MB globals, 16 P
gc 11221 @52.840s 4%: 0.12+0.57+0.15 ms clock, 1.9+0.66/0.69/0+2.4 ms cpu, 3->4->1 MB, 4 MB goal, 0 MB stacks, 0 MB globals, 16 P
gc 11222 @52.842s 4%: 0.13+0.54+0.087 ms clock, 2.2+0.52/0.85/0+1.3 ms cpu, 3->4->1 MB, 4 MB goal, 0 MB stacks, 0 MB globals, 16 P
gc 11223 @52.844s 4%: 0.18+0.56+0.19 ms clock, 3.0+0.65/0.83/0.024+3.0 ms cpu, 3->4->1 MB, 4 MB goal, 0 MB stacks, 0 MB globals, 16 P
gc 11224 @52.845s 4%: 0.12+0.55+0.13 ms clock, 1.9+0.81/0.73/0+2.1 ms cpu, 3->4->2 MB, 4 MB goal, 0 MB stacks, 0 MB globals, 16 P
gc 11225 @52.847s 4%: 0.14+0.63+0.066 ms clock, 2.2+0.64/0.73/0.065+1.0 ms cpu, 3->4->2 MB, 4 MB goal, 0 MB stacks, 0 MB globals, 16 P
gc 11226 @52.849s 4%: 0.12+0.71+0.086 ms clock, 1.9+0.63/0.89/0.007+1.3 ms cpu, 3->4->2 MB, 4 MB goal, 0 MB stacks, 0 MB globals, 16 P
gc 11227 @52.851s 4%: 0.14+0.51+0.11 ms clock, 2.3+0.71/0.88/0+1.9 ms cpu, 3->4->2 MB, 4 MB goal, 0 MB stacks, 0 MB globals, 16 P
gc 11228 @52.852s 4%: 0.17+0.48+0.12 ms clock, 2.8+0.65/0.84/0.011+1.9 ms cpu, 3->4->1 MB, 4 MB goal, 0 MB stacks, 0 MB globals, 16 P
gc 11229 @52.854s 4%: 0.13+0.69+0.087 ms clock, 2.1+0.57/0.83/0+1.4 ms cpu, 3->4->2 MB, 4 MB goal, 0 MB stacks, 0 MB globals, 16 P
gc 11230 @52.856s 4%: 0.16+0.60+0.053 ms clock, 2.6+0.46/0.84/0+0.85 ms cpu, 3->4->2 MB, 4 MB goal, 0 MB stacks, 0 MB globals, 16 P
gc 11231 @52.858s 4%: 0.13+0.55+0.086 ms clock, 2.1+0.54/0.74/0+1.3 ms cpu, 3->4->1 MB, 4 MB goal, 0 MB stacks, 0 MB globals, 16 P
gc 11232 @52.859s 4%: 0.16+0.55+0.11 ms clock, 2.5+0.66/0.73/0+1.8 ms cpu, 3->4->1 MB, 4 MB goal, 0 MB stacks, 0 MB globals, 16 P
gc 11233 @52.861s 4%: 0.14+0.58+0.14 ms clock, 2.3+0.80/0.69/0+2.3 ms cpu, 3->4->1 MB, 4 MB goal, 0 MB stacks, 0 MB globals, 16 P
gc 11234 @52.862s 4%: 0.12+0.57+0.076 ms clock, 1.9+0.57/0.87/0.002+1.2 ms cpu, 3->4->2 MB, 4 MB goal, 0 MB stacks, 0 MB globals, 16 P
gc 11235 @52.864s 4%: 0.10+0.64+0.087 ms clock, 1.6+0.47/0.87/0+1.3 ms cpu, 3->4->1 MB, 4 MB goal, 0 MB stacks, 0 MB globals, 16 P
gc 11236 @52.866s 4%: 0.10+0.71+0.12 ms clock, 1.6+0.39/0.92/0+2.0 ms cpu, 3->4->2 MB, 4 MB goal, 0 MB stacks, 0 MB globals, 16 P
gc 11237 @52.868s 4%: 0.096+0.56+0.10 ms clock, 1.5+0.53/0.90/0+1.6 ms cpu, 3->4->1 MB, 4 MB goal, 0 MB stacks, 0 MB globals, 16 P
gc 11238 @52.869s 4%: 0.11+0.59+0.084 ms clock, 1.8+0.66/0.81/0+1.3 ms cpu, 3->4->1 MB, 4 MB goal, 0 MB stacks, 0 MB globals, 16 P
gc 11239 @52.871s 4%: 0.13+0.82+0.098 ms clock, 2.1+0.69/0.80/0+1.5 ms cpu, 3->4->2 MB, 4 MB goal, 0 MB stacks, 0 MB globals, 16 P
gc 11240 @52.873s 4%: 0.11+0.46+0.10 ms clock, 1.8+0.44/0.81/0.008+1.6 ms cpu, 4->4->1 MB, 4 MB goal, 0 MB stacks, 0 MB globals, 16 P
gc 11241 @52.874s 4%: 0.19+0.58+0.10 ms clock, 3.0+0.81/0.88/0+1.6 ms cpu, 3->4->2 MB, 4 MB goal, 0 MB stacks, 0 MB globals, 16 P
gc 11242 @52.876s 4%: 0.10+0.77+0.079 ms clock, 1.7+0.62/0.82/0.055+1.2 ms cpu, 3->4->2 MB, 4 MB goal, 0 MB stacks, 0 MB globals, 16 P
gc 11243 @52.878s 4%: 0.15+0.50+0.098 ms clock, 2.4+0.51/0.76/0.038+1.5 ms cpu, 3->4->1 MB, 4 MB goal, 0 MB stacks, 0 MB globals, 16 P
gc 11244 @52.880s 4%: 0.15+0.60+0.095 ms clock, 2.5+0.68/0.91/0.003+1.5 ms cpu, 3->4->2 MB, 4 MB goal, 0 MB stacks, 0 MB globals, 16 P
gc 11245 @52.881s 4%: 0.16+0.64+0.099 ms clock, 2.5+0.51/0.91/0.049+1.5 ms cpu, 3->4->2 MB, 4 MB goal, 0 MB stacks, 0 MB globals, 16 P
gc 11246 @52.883s 4%: 0.12+0.77+0.14 ms clock, 2.0+0.61/0.81/0+2.3 ms cpu, 3->4->2 MB, 4 MB goal, 0 MB stacks, 0 MB globals, 16 P
gc 11247 @52.885s 4%: 0.11+0.54+0.11 ms clock, 1.8+0.50/0.85/0.002+1.8 ms cpu, 4->4->1 MB, 4 MB goal, 0 MB stacks, 0 MB globals, 16 P
gc 11248 @52.887s 4%: 0.12+0.48+0.13 ms clock, 2.0+0.55/0.79/0.014+2.2 ms cpu, 3->4->1 MB, 4 MB goal, 0 MB stacks, 0 MB globals, 16 P
gc 11249 @52.889s 4%: 0.10+0.55+0.080 ms clock, 1.7+0.44/0.88/0.028+1.2 ms cpu, 3->4->1 MB, 4 MB goal, 0 MB stacks, 0 MB globals, 16 P
gc 11250 @52.890s 4%: 0.16+0.56+0.17 ms clock, 2.5+0.59/0.94/0+2.7 ms cpu, 3->4->2 MB, 4 MB goal, 0 MB stacks, 0 MB globals, 16 P
gc 11251 @52.892s 4%: 0.12+0.62+0.12 ms clock, 1.9+0.63/0.71/0.088+2.0 ms cpu, 3->4->1 MB, 4 MB goal, 0 MB stacks, 0 MB globals, 16 P
gc 11252 @52.894s 4%: 0.16+0.65+0.057 ms clock, 2.6+0.69/0.81/0+0.91 ms cpu, 3->4->2 MB, 4 MB goal, 0 MB stacks, 0 MB globals, 16 P
gc 11253 @52.895s 4%: 0.19+0.71+0.090 ms clock, 3.1+0.63/0.96/0.015+1.4 ms cpu, 3->4->2 MB, 4 MB goal, 0 MB stacks, 0 MB globals, 16 P
gc 11254 @52.897s 4%: 0.094+0.71+0.097 ms clock, 1.5+0.64/0.93/0.006+1.5 ms cpu, 3->4->2 MB, 4 MB goal, 0 MB stacks, 0 MB globals, 16 P
gc 11255 @52.899s 4%: 0.13+0.66+0.21 ms clock, 2.1+0.65/0.94/0.009+3.4 ms cpu, 3->4->2 MB, 4 MB goal, 0 MB stacks, 0 MB globals, 16 P
gc 11256 @52.901s 4%: 0.14+0.47+0.16 ms clock, 2.3+0.45/0.82/0+2.6 ms cpu, 3->4->1 MB, 4 MB goal, 0 MB stacks, 0 MB globals, 16 P
gc 11257 @52.903s 4%: 0.17+0.66+0.097 ms clock, 2.8+0.61/0.80/0+1.5 ms cpu, 3->4->2 MB, 4 MB goal, 0 MB stacks, 0 MB globals, 16 P
gc 11258 @52.905s 4%: 0.13+0.60+0.15 ms clock, 2.1+0.54/0.75/0+2.4 ms cpu, 3->4->2 MB, 4 MB goal, 0 MB stacks, 0 MB globals, 16 P
gc 11259 @52.907s 4%: 0.10+0.59+0.10 ms clock, 1.7+0.62/0.78/0+1.7 ms cpu, 3->4->2 MB, 4 MB goal, 0 MB stacks, 0 MB globals, 16 P
gc 11260 @52.908s 4%: 0.12+0.59+0.16 ms clock, 2.0+0.54/0.91/0.005+2.7 ms cpu, 3->4->2 MB, 4 MB goal, 0 MB stacks, 0 MB globals, 16 P
gc 11261 @52.910s 4%: 0.17+0.52+0.097 ms clock, 2.7+0.68/0.76/0+1.5 ms cpu, 3->4->2 MB, 4 MB goal, 0 MB stacks, 0 MB globals, 16 P
gc 11262 @52.912s 4%: 0.13+0.48+0.13 ms clock, 2.2+0.55/0.81/0.018+2.1 ms cpu, 3->4->1 MB, 4 MB goal, 0 MB stacks, 0 MB globals, 16 P
gc 11263 @52.913s 4%: 0.20+0.81+0.10 ms clock, 3.3+0.62/0.84/0.013+1.6 ms cpu, 3->4->2 MB, 4 MB goal, 0 MB stacks, 0 MB globals, 16 P
gc 11264 @52.916s 4%: 0.14+0.52+0.089 ms clock, 2.3+0.84/0.83/0+1.4 ms cpu, 4->4->1 MB, 4 MB goal, 0 MB stacks, 0 MB globals, 16 P
gc 11265 @52.917s 4%: 0.14+0.77+0.13 ms clock, 2.2+0.59/0.92/0+2.1 ms cpu, 3->4->2 MB, 4 MB goal, 0 MB stacks, 0 MB globals, 16 P
gc 11266 @52.919s 4%: 0.14+0.52+0.12 ms clock, 2.2+0.72/0.78/0+1.9 ms cpu, 4->4->1 MB, 4 MB goal, 0 MB stacks, 0 MB globals, 16 P
gc 11267 @52.921s 4%: 0.13+0.59+0.086 ms clock, 2.1+0.64/0.76/0+1.3 ms cpu, 3->4->1 MB, 4 MB goal, 0 MB stacks, 0 MB globals, 16 P
gc 11268 @52.923s 4%: 0.13+0.69+0.074 ms clock, 2.1+0.46/1.0/0.031+1.1 ms cpu, 3->4->2 MB, 4 MB goal, 0 MB stacks, 0 MB globals, 16 P
gc 11269 @52.924s 4%: 0.11+0.62+0.14 ms clock, 1.7+0.55/0.92/0.037+2.2 ms cpu, 3->4->2 MB, 4 MB goal, 0 MB stacks, 0 MB globals, 16 P
gc 11270 @52.926s 4%: 0.16+0.52+0.12 ms clock, 2.6+0.52/0.78/0.024+1.9 ms cpu, 3->4->1 MB, 4 MB goal, 0 MB stacks, 0 MB globals, 16 P
gc 11271 @52.928s 4%: 0.14+0.49+0.17 ms clock, 2.3+0.46/0.86/0+2.7 ms cpu, 3->4->1 MB, 4 MB goal, 0 MB stacks, 0 MB globals, 16 P
gc 11272 @52.929s 4%: 0.12+0.68+0.10 ms clock, 1.9+0.57/0.78/0.052+1.6 ms cpu, 3->4->1 MB, 4 MB goal, 0 MB stacks, 0 MB globals, 16 P
gc 11273 @52.931s 4%: 0.10+0.50+0.093 ms clock, 1.7+0.49/0.97/0+1.4 ms cpu, 3->4->1 MB, 4 MB goal, 0 MB stacks, 0 MB globals, 16 P
gc 11274 @52.933s 4%: 0.10+0.58+0.11 ms clock, 1.7+0.62/0.89/0+1.7 ms cpu, 3->4->1 MB, 4 MB goal, 0 MB stacks, 0 MB globals, 16 P
gc 11275 @52.934s 4%: 0.15+0.67+0.064 ms clock, 2.4+0.56/0.74/0+1.0 ms cpu, 3->4->1 MB, 4 MB goal, 0 MB stacks, 0 MB globals, 16 P
gc 11276 @52.936s 4%: 0.12+0.57+0.095 ms clock, 2.0+0.57/0.87/0+1.5 ms cpu, 3->4->1 MB, 4 MB goal, 0 MB stacks, 0 MB globals, 16 P
gc 11277 @52.938s 4%: 0.12+0.63+0.084 ms clock, 1.9+0.66/0.66/0+1.3 ms cpu, 3->4->1 MB, 4 MB goal, 0 MB stacks, 0 MB globals, 16 P
gc 11278 @52.939s 4%: 0.10+0.53+0.15 ms clock, 1.6+0.47/0.86/0.022+2.4 ms cpu, 3->4->1 MB, 4 MB goal, 0 MB stacks, 0 MB globals, 16 P
gc 11279 @52.941s 4%: 0.13+0.49+0.17 ms clock, 2.1+0.56/0.81/0.075+2.8 ms cpu, 3->4->2 MB, 4 MB goal, 0 MB stacks, 0 MB globals, 16 P
gc 11280 @52.943s 4%: 0.13+0.59+0.098 ms clock, 2.1+0.55/0.80/0+1.5 ms cpu, 3->4->1 MB, 4 MB goal, 0 MB stacks, 0 MB globals, 16 P
gc 11281 @52.944s 4%: 0.11+0.57+0.093 ms clock, 1.9+0.57/0.77/0+1.4 ms cpu, 3->4->1 MB, 4 MB goal, 0 MB stacks, 0 MB globals, 16 P
gc 11282 @52.946s 4%: 0.12+0.64+0.10 ms clock, 2.0+0.64/0.85/0+1.6 ms cpu, 3->4->1 MB, 4 MB goal, 0 MB stacks, 0 MB globals, 16 P
gc 11283 @52.948s 4%: 0.12+0.54+0.10 ms clock, 1.9+0.50/0.91/0.025+1.7 ms cpu, 3->4->1 MB, 4 MB goal, 0 MB stacks, 0 MB globals, 16 P
gc 11284 @52.949s 4%: 0.11+0.56+0.14 ms clock, 1.8+0.56/0.75/0+2.3 ms cpu, 3->4->1 MB, 4 MB goal, 0 MB stacks, 0 MB globals, 16 P
gc 11285 @52.951s 4%: 0.11+0.39+0.096 ms clock, 1.8+0.60/0.85/0.009+1.5 ms cpu, 3->4->1 MB, 4 MB goal, 0 MB stacks, 0 MB globals, 16 P
gc 11286 @52.952s 4%: 0.090+0.51+0.18 ms clock, 1.4+0.44/0.79/0.022+3.0 ms cpu, 3->3->1 MB, 4 MB goal, 0 MB stacks, 0 MB globals, 16 P
gc 11287 @52.954s 4%: 0.12+0.52+0.090 ms clock, 1.9+0.64/0.91/0+1.4 ms cpu, 3->4->1 MB, 4 MB goal, 0 MB stacks, 0 MB globals, 16 P
gc 11288 @52.955s 4%: 0.14+0.85+0.093 ms clock, 2.3+0.62/0.80/0.038+1.4 ms cpu, 3->4->2 MB, 4 MB goal, 0 MB stacks, 0 MB globals, 16 P
gc 11289 @52.957s 4%: 0.10+0.51+0.11 ms clock, 1.6+0.49/0.83/0.015+1.9 ms cpu, 3->4->1 MB, 4 MB goal, 0 MB stacks, 0 MB globals, 16 P
gc 11290 @52.959s 4%: 0.11+0.51+0.11 ms clock, 1.7+0.45/0.82/0+1.7 ms cpu, 3->4->1 MB, 4 MB goal, 0 MB stacks, 0 MB globals, 16 P
gc 11291 @52.960s 4%: 0.13+0.76+0.10 ms clock, 2.1+0.48/0.86/0+1.6 ms cpu, 3->4->2 MB, 4 MB goal, 0 MB stacks, 0 MB globals, 16 P
gc 11292 @52.962s 4%: 0.089+0.63+0.10 ms clock, 1.4+0.67/0.74/0.047+1.7 ms cpu, 3->4->2 MB, 4 MB goal, 0 MB stacks, 0 MB globals, 16 P
gc 11293 @52.964s 4%: 0.12+0.59+0.11 ms clock, 2.0+0.66/0.94/0+1.8 ms cpu, 3->4->2 MB, 4 MB goal, 0 MB stacks, 0 MB globals, 16 P
gc 11294 @52.965s 4%: 0.12+0.66+0.078 ms clock, 2.0+0.69/0.74/0+1.2 ms cpu, 3->4->2 MB, 4 MB goal, 0 MB stacks, 0 MB globals, 16 P
gc 11295 @52.967s 4%: 0.12+0.56+0.077 ms clock, 1.9+0.61/0.77/0+1.2 ms cpu, 3->4->1 MB, 4 MB goal, 0 MB stacks, 0 MB globals, 16 P
gc 11296 @52.969s 4%: 0.13+0.67+0.058 ms clock, 2.1+0.45/0.71/0+0.93 ms cpu, 3->4->1 MB, 4 MB goal, 0 MB stacks, 0 MB globals, 16 P
gc 11297 @52.971s 4%: 0.13+0.68+0.10 ms clock, 2.2+0.82/0.78/0+1.7 ms cpu, 3->4->2 MB, 4 MB goal, 0 MB stacks, 0 MB globals, 16 P
gc 11298 @52.973s 4%: 0.083+0.67+0.082 ms clock, 1.3+0.52/0.93/0+1.3 ms cpu, 3->4->2 MB, 4 MB goal, 0 MB stacks, 0 MB globals, 16 P
gc 11299 @52.974s 4%: 0.11+0.51+0.14 ms clock, 1.8+0.64/0.80/0+2.2 ms cpu, 3->4->2 MB, 4 MB goal, 0 MB stacks, 0 MB globals, 16 P
gc 11300 @52.976s 4%: 0.14+0.51+0.12 ms clock, 2.2+0.58/0.86/0+2.0 ms cpu, 3->4->2 MB, 4 MB goal, 0 MB stacks, 0 MB globals, 16 P
gc 11301 @52.978s 4%: 0.13+0.70+0.16 ms clock, 2.1+0.55/0.87/0+2.7 ms cpu, 3->4->2 MB, 4 MB goal, 0 MB stacks, 0 MB globals, 16 P
gc 11302 @52.980s 4%: 0.13+0.58+0.13 ms clock, 2.2+0.63/0.80/0.042+2.1 ms cpu, 3->4->1 MB, 4 MB goal, 0 MB stacks, 0 MB globals, 16 P
gc 11303 @52.981s 4%: 0.10+0.72+0.036 ms clock, 1.7+0.38/1.0/0.009+0.58 ms cpu, 3->4->2 MB, 4 MB goal, 0 MB stacks, 0 MB globals, 16 P
gc 11304 @52.983s 4%: 0.15+0.47+0.14 ms clock, 2.4+0.52/0.79/0+2.2 ms cpu, 3->4->1 MB, 4 MB goal, 0 MB stacks, 0 MB globals, 16 P
gc 11305 @52.984s 4%: 0.12+0.66+0.085 ms clock, 2.0+0.62/0.77/0+1.3 ms cpu, 3->4->2 MB, 4 MB goal, 0 MB stacks, 0 MB globals, 16 P
gc 11306 @52.986s 4%: 0.12+0.59+0.074 ms clock, 2.0+0.60/0.92/0+1.1 ms cpu, 3->4->2 MB, 4 MB goal, 0 MB stacks, 0 MB globals, 16 P
gc 11307 @52.988s 4%: 0.13+0.67+0.074 ms clock, 2.2+0.70/0.73/0+1.1 ms cpu, 3->4->2 MB, 4 MB goal, 0 MB stacks, 0 MB globals, 16 P
gc 11308 @52.990s 4%: 0.10+0.45+0.095 ms clock, 1.7+0.53/0.73/0.013+1.5 ms cpu, 3->4->1 MB, 4 MB goal, 0 MB stacks, 0 MB globals, 16 P
gc 11309 @52.991s 4%: 0.13+0.67+0.070 ms clock, 2.2+0.44/0.85/0+1.1 ms cpu, 3->4->2 MB, 4 MB goal, 0 MB stacks, 0 MB globals, 16 P
gc 11310 @52.993s 4%: 0.11+0.52+0.078 ms clock, 1.8+0.68/0.83/0+1.2 ms cpu, 3->4->1 MB, 4 MB goal, 0 MB stacks, 0 MB globals, 16 P
gc 11311 @52.994s 4%: 0.15+0.64+0.089 ms clock, 2.5+0.59/0.87/0.012+1.4 ms cpu, 3->4->1 MB, 4 MB goal, 0 MB stacks, 0 MB globals, 16 P
gc 11312 @52.996s 4%: 0.17+0.47+0.16 ms clock, 2.8+0.61/0.84/0+2.6 ms cpu, 3->4->1 MB, 4 MB goal, 0 MB stacks, 0 MB globals, 16 P
gc 11313 @52.998s 4%: 0.16+0.54+0.093 ms clock, 2.6+0.52/0.73/0.030+1.4 ms cpu, 3->4->2 MB, 4 MB goal, 0 MB stacks, 0 MB globals, 16 P
gc 11314 @52.999s 4%: 0.12+0.52+0.095 ms clock, 2.0+0.63/0.73/0+1.5 ms cpu, 3->4->1 MB, 4 MB goal, 0 MB stacks, 0 MB globals, 16 P
gc 11315 @53.001s 4%: 0.11+0.51+0.10 ms clock, 1.8+0.71/0.71/0+1.7 ms cpu, 3->4->1 MB, 4 MB goal, 0 MB stacks, 0 MB globals, 16 P
gc 11316 @53.003s 4%: 0.11+0.63+0.10 ms clock, 1.7+0.65/0.75/0.013+1.6 ms cpu, 3->4->2 MB, 4 MB goal, 0 MB stacks, 0 MB globals, 16 P
gc 11317 @53.004s 4%: 0.11+0.61+0.043 ms clock, 1.8+0.55/0.83/0.006+0.69 ms cpu, 3->4->1 MB, 4 MB goal, 0 MB stacks, 0 MB globals, 16 P
gc 11318 @53.006s 4%: 0.14+0.52+0.11 ms clock, 2.3+0.66/0.69/0+1.7 ms cpu, 3->4->1 MB, 4 MB goal, 0 MB stacks, 0 MB globals, 16 P
gc 11319 @53.008s 4%: 0.093+0.48+0.21 ms clock, 1.4+0.48/0.88/0.003+3.4 ms cpu, 3->4->1 MB, 4 MB goal, 0 MB stacks, 0 MB globals, 16 P
gc 11320 @53.009s 4%: 0.13+0.46+0.16 ms clock, 2.1+0.55/0.78/0+2.6 ms cpu, 3->3->1 MB, 4 MB goal, 0 MB stacks, 0 MB globals, 16 P
gc 11321 @53.011s 4%: 0.15+0.66+0.12 ms clock, 2.5+0.56/0.81/0+2.0 ms cpu, 3->4->2 MB, 4 MB goal, 0 MB stacks, 0 MB globals, 16 P
gc 11322 @53.012s 4%: 0.10+0.53+0.10 ms clock, 1.7+0.55/0.76/0+1.6 ms cpu, 3->4->1 MB, 4 MB goal, 0 MB stacks, 0 MB globals, 16 P
gc 11323 @53.014s 4%: 0.15+0.57+0.12 ms clock, 2.4+0.58/0.88/0.041+2.0 ms cpu, 3->4->2 MB, 4 MB goal, 0 MB stacks, 0 MB globals, 16 P
gc 11324 @53.016s 4%: 0.066+0.66+0.10 ms clock, 1.0+0.72/0.88/0.039+1.6 ms cpu, 3->4->2 MB, 4 MB goal, 0 MB stacks, 0 MB globals, 16 P
gc 11325 @53.018s 4%: 0.14+0.63+0.10 ms clock, 2.2+0.55/0.97/0+1.6 ms cpu, 3->4->2 MB, 4 MB goal, 0 MB stacks, 0 MB globals, 16 P
gc 11326 @53.020s 4%: 0.14+0.54+0.12 ms clock, 2.3+0.54/0.89/0.005+1.9 ms cpu, 3->4->1 MB, 4 MB goal, 0 MB stacks, 0 MB globals, 16 P
gc 11327 @53.021s 4%: 0.15+0.51+0.098 ms clock, 2.4+0.67/0.77/0+1.5 ms cpu, 3->4->1 MB, 4 MB goal, 0 MB stacks, 0 MB globals, 16 P
gc 11328 @53.023s 4%: 0.12+0.80+0.068 ms clock, 2.0+0.74/0.78/0.012+1.0 ms cpu, 3->4->2 MB, 4 MB goal, 0 MB stacks, 0 MB globals, 16 P
gc 11329 @53.025s 4%: 0.10+0.68+0.10 ms clock, 1.6+0.58/0.90/0.016+1.6 ms cpu, 4->4->2 MB, 4 MB goal, 0 MB stacks, 0 MB globals, 16 P
gc 11330 @53.027s 4%: 0.092+0.66+0.10 ms clock, 1.4+0.43/0.85/0.005+1.6 ms cpu, 3->4->1 MB, 4 MB goal, 0 MB stacks, 0 MB globals, 16 P
gc 11331 @53.028s 4%: 0.13+0.53+0.18 ms clock, 2.2+0.63/0.82/0+2.9 ms cpu, 3->4->2 MB, 4 MB goal, 0 MB stacks, 0 MB globals, 16 P
gc 11332 @53.030s 4%: 0.18+0.47+0.14 ms clock, 3.0+0.30/0.84/0.019+2.2 ms cpu, 3->4->1 MB, 4 MB goal, 0 MB stacks, 0 MB globals, 16 P
gc 11333 @53.032s 4%: 0.15+0.66+0.11 ms clock, 2.4+0.78/0.84/0+1.8 ms cpu, 3->4->1 MB, 4 MB goal, 0 MB stacks, 0 MB globals, 16 P
gc 11334 @53.033s 4%: 0.12+0.59+0.057 ms clock, 2.0+0.49/0.90/0.013+0.91 ms cpu, 3->4->1 MB, 4 MB goal, 0 MB stacks, 0 MB globals, 16 P
gc 11335 @53.035s 4%: 0.14+0.73+0.093 ms clock, 2.2+0.50/0.91/0.038+1.4 ms cpu, 3->4->2 MB, 4 MB goal, 0 MB stacks, 0 MB globals, 16 P
gc 11336 @53.037s 4%: 0.13+0.53+0.11 ms clock, 2.1+0.55/0.93/0.004+1.8 ms cpu, 3->4->1 MB, 4 MB goal, 0 MB stacks, 0 MB globals, 16 P
gc 11337 @53.038s 4%: 0.18+0.57+0.10 ms clock, 2.9+0.64/0.91/0+1.6 ms cpu, 3->4->2 MB, 4 MB goal, 0 MB stacks, 0 MB globals, 16 P
gc 11338 @53.040s 4%: 0.12+0.51+0.097 ms clock, 1.9+0.58/0.86/0+1.5 ms cpu, 3->4->1 MB, 4 MB goal, 0 MB stacks, 0 MB globals, 16 P
gc 11339 @53.042s 4%: 0.12+0.53+0.13 ms clock, 2.0+0.66/0.87/0.010+2.2 ms cpu, 3->4->1 MB, 4 MB goal, 0 MB stacks, 0 MB globals, 16 P
gc 11340 @53.043s 4%: 0.12+0.62+0.17 ms clock, 1.9+0.63/0.92/0.020+2.7 ms cpu, 3->4->2 MB, 4 MB goal, 0 MB stacks, 0 MB globals, 16 P
gc 11341 @53.045s 4%: 0.13+0.63+0.070 ms clock, 2.2+0.70/0.87/0.003+1.1 ms cpu, 3->4->2 MB, 4 MB goal, 0 MB stacks, 0 MB globals, 16 P
gc 11342 @53.047s 4%: 0.11+0.76+0.10 ms clock, 1.8+0.69/0.88/0+1.6 ms cpu, 3->4->2 MB, 4 MB goal, 0 MB stacks, 0 MB globals, 16 P
gc 11343 @53.049s 4%: 0.11+0.45+0.14 ms clock, 1.7+0.64/0.70/0+2.3 ms cpu, 3->4->1 MB, 4 MB goal, 0 MB stacks, 0 MB globals, 16 P
gc 11344 @53.050s 4%: 0.19+0.61+0.078 ms clock, 3.0+0.71/0.85/0.022+1.2 ms cpu, 3->4->2 MB, 4 MB goal, 0 MB stacks, 0 MB globals, 16 P
gc 11345 @53.052s 4%: 0.14+0.53+0.13 ms clock, 2.2+0.57/0.86/0+2.1 ms cpu, 3->4->1 MB, 4 MB goal, 0 MB stacks, 0 MB globals, 16 P
gc 11346 @53.054s 4%: 0.13+0.75+0.076 ms clock, 2.2+0.68/0.67/0+1.2 ms cpu, 3->4->2 MB, 4 MB goal, 0 MB stacks, 0 MB globals, 16 P
gc 11347 @53.056s 4%: 0.14+0.61+0.13 ms clock, 2.3+0.65/0.81/0+2.1 ms cpu, 3->4->1 MB, 4 MB goal, 0 MB stacks, 0 MB globals, 16 P
gc 11348 @53.057s 4%: 0.14+0.61+0.10 ms clock, 2.3+0.71/0.76/0.056+1.6 ms cpu, 3->4->1 MB, 4 MB goal, 0 MB stacks, 0 MB globals, 16 P
gc 11349 @53.059s 4%: 0.15+0.56+0.12 ms clock, 2.4+0.56/0.92/0+1.9 ms cpu, 3->4->1 MB, 4 MB goal, 0 MB stacks, 0 MB globals, 16 P
gc 11350 @53.061s 4%: 0.17+0.54+0.10 ms clock, 2.7+0.55/0.76/0+1.6 ms cpu, 3->4->1 MB, 4 MB goal, 0 MB stacks, 0 MB globals, 16 P
gc 11351 @53.062s 4%: 0.10+0.59+0.11 ms clock, 1.7+0.59/0.72/0.023+1.8 ms cpu, 3->4->1 MB, 4 MB goal, 0 MB stacks, 0 MB globals, 16 P
gc 11352 @53.064s 4%: 0.15+0.57+0.12 ms clock, 2.5+0.69/0.76/0.021+2.0 ms cpu, 3->4->2 MB, 4 MB goal, 0 MB stacks, 0 MB globals, 16 P
gc 11353 @53.066s 4%: 0.11+0.79+0.079 ms clock, 1.8+0.54/0.85/0+1.2 ms cpu, 3->4->2 MB, 4 MB goal, 0 MB stacks, 0 MB globals, 16 P
gc 11354 @53.068s 4%: 0.17+0.59+0.14 ms clock, 2.7+0.54/0.86/0+2.3 ms cpu, 3->4->2 MB, 4 MB goal, 0 MB stacks, 0 MB globals, 16 P
gc 11355 @53.069s 4%: 0.16+0.56+0.13 ms clock, 2.5+0.52/0.89/0+2.1 ms cpu, 3->4->2 MB, 4 MB goal, 0 MB stacks, 0 MB globals, 16 P
gc 11356 @53.071s 4%: 0.14+0.65+0.079 ms clock, 2.3+0.60/0.71/0+1.2 ms cpu, 3->4->1 MB, 4 MB goal, 0 MB stacks, 0 MB globals, 16 P
gc 11357 @53.073s 4%: 0.12+0.48+0.10 ms clock, 1.9+0.63/0.73/0.030+1.7 ms cpu, 3->4->1 MB, 4 MB goal, 0 MB stacks, 0 MB globals, 16 P
gc 11358 @53.074s 4%: 0.15+0.51+0.12 ms clock, 2.5+0.61/0.74/0.003+1.9 ms cpu, 3->4->1 MB, 4 MB goal, 0 MB stacks, 0 MB globals, 16 P
gc 11359 @53.076s 4%: 0.14+0.57+0.11 ms clock, 2.3+0.59/0.77/0.070+1.8 ms cpu, 3->4->2 MB, 4 MB goal, 0 MB stacks, 0 MB globals, 16 P
gc 11360 @53.078s 4%: 0.17+0.70+0.14 ms clock, 2.7+0.55/0.84/0+2.3 ms cpu, 3->4->2 MB, 4 MB goal, 0 MB stacks, 0 MB globals, 16 P
gc 11361 @53.080s 4%: 0.15+0.54+0.14 ms clock, 2.4+0.64/0.74/0.020+2.3 ms cpu, 3->4->1 MB, 4 MB goal, 0 MB stacks, 0 MB globals, 16 P
gc 11362 @53.081s 4%: 0.11+0.52+0.12 ms clock, 1.7+0.43/0.87/0+2.0 ms cpu, 3->4->1 MB, 4 MB goal, 0 MB stacks, 0 MB globals, 16 P
gc 11363 @53.083s 4%: 0.13+0.71+0.12 ms clock, 2.1+0.66/0.82/0+1.9 ms cpu, 3->4->2 MB, 4 MB goal, 0 MB stacks, 0 MB globals, 16 P
gc 11364 @53.085s 4%: 0.098+0.61+0.10 ms clock, 1.5+0.41/0.80/0+1.6 ms cpu, 3->4->1 MB, 4 MB goal, 0 MB stacks, 0 MB globals, 16 P
gc 11365 @53.086s 4%: 0.12+0.57+0.098 ms clock, 2.0+0.55/0.87/0+1.5 ms cpu, 3->4->1 MB, 4 MB goal, 0 MB stacks, 0 MB globals, 16 P
gc 11366 @53.088s 4%: 0.17+0.63+0.10 ms clock, 2.7+0.52/0.87/0+1.6 ms cpu, 3->4->2 MB, 4 MB goal, 0 MB stacks, 0 MB globals, 16 P
gc 11367 @53.090s 4%: 0.11+0.72+0.078 ms clock, 1.8+0.47/0.88/0+1.2 ms cpu, 3->4->1 MB, 4 MB goal, 0 MB stacks, 0 MB globals, 16 P
gc 11368 @53.091s 4%: 0.13+0.65+0.12 ms clock, 2.1+0.62/0.94/0+2.0 ms cpu, 3->4->2 MB, 4 MB goal, 0 MB stacks, 0 MB globals, 16 P
gc 11369 @53.093s 4%: 0.10+0.53+0.095 ms clock, 1.7+0.49/0.85/0+1.5 ms cpu, 3->4->1 MB, 4 MB goal, 0 MB stacks, 0 MB globals, 16 P
gc 11370 @53.095s 4%: 0.10+0.82+0.093 ms clock, 1.7+0.51/0.83/0.049+1.5 ms cpu, 3->4->2 MB, 4 MB goal, 0 MB stacks, 0 MB globals, 16 P
gc 11371 @53.097s 4%: 0.13+0.57+0.13 ms clock, 2.1+0.58/0.81/0+2.1 ms cpu, 3->4->1 MB, 4 MB goal, 0 MB stacks, 0 MB globals, 16 P
gc 11372 @53.098s 4%: 0.095+0.64+0.090 ms clock, 1.5+0.51/0.92/0.007+1.4 ms cpu, 3->4->1 MB, 4 MB goal, 0 MB stacks, 0 MB globals, 16 P
gc 11373 @53.100s 4%: 0.18+0.44+0.19 ms clock, 3.0+0.49/0.76/0.002+3.1 ms cpu, 3->4->1 MB, 4 MB goal, 0 MB stacks, 0 MB globals, 16 P
gc 11374 @53.101s 4%: 0.13+0.76+0.12 ms clock, 2.1+0.51/0.86/0.016+1.9 ms cpu, 3->4->2 MB, 4 MB goal, 0 MB stacks, 0 MB globals, 16 P
gc 11375 @53.103s 4%: 0.13+0.57+0.054 ms clock, 2.1+0.62/0.76/0+0.86 ms cpu, 4->4->2 MB, 4 MB goal, 0 MB stacks, 0 MB globals, 16 P
gc 11376 @53.105s 4%: 0.14+0.58+0.14 ms clock, 2.3+0.58/0.76/0.004+2.3 ms cpu, 3->4->1 MB, 4 MB goal, 0 MB stacks, 0 MB globals, 16 P
gc 11377 @53.107s 4%: 0.15+0.50+0.15 ms clock, 2.5+0.64/0.72/0+2.5 ms cpu, 3->4->1 MB, 4 MB goal, 0 MB stacks, 0 MB globals, 16 P
gc 11378 @53.108s 4%: 0.11+0.61+0.093 ms clock, 1.7+0.58/0.81/0.020+1.4 ms cpu, 3->4->1 MB, 4 MB goal, 0 MB stacks, 0 MB globals, 16 P
gc 11379 @53.110s 4%: 0.12+0.58+0.075 ms clock, 2.0+0.63/0.81/0+1.2 ms cpu, 3->4->1 MB, 4 MB goal, 0 MB stacks, 0 MB globals, 16 P
gc 11380 @53.112s 4%: 0.11+0.53+0.17 ms clock, 1.8+0.57/0.88/0+2.7 ms cpu, 3->4->1 MB, 4 MB goal, 0 MB stacks, 0 MB globals, 16 P
gc 11381 @53.113s 4%: 0.16+0.73+0.12 ms clock, 2.6+0.75/0.82/0+2.0 ms cpu, 3->4->2 MB, 4 MB goal, 0 MB stacks, 0 MB globals, 16 P
gc 11382 @53.116s 4%: 0.10+0.60+0.10 ms clock, 1.6+0.62/0.76/0.003+1.6 ms cpu, 4->4->1 MB, 4 MB goal, 0 MB stacks, 0 MB globals, 16 P
gc 11383 @53.117s 4%: 0.12+0.59+0.067 ms clock, 2.0+0.56/0.88/0.039+1.0 ms cpu, 3->4->1 MB, 4 MB goal, 0 MB stacks, 0 MB globals, 16 P
gc 11384 @53.119s 4%: 0.14+0.62+0.11 ms clock, 2.3+0.55/0.79/0.012+1.8 ms cpu, 3->4->2 MB, 4 MB goal, 0 MB stacks, 0 MB globals, 16 P
gc 11385 @53.120s 4%: 0.10+0.77+0.17 ms clock, 1.6+0.64/1.0/0.011+2.8 ms cpu, 3->4->2 MB, 4 MB goal, 0 MB stacks, 0 MB globals, 16 P
gc 11386 @53.123s 4%: 0.13+0.55+0.10 ms clock, 2.1+0.50/0.95/0+1.6 ms cpu, 4->4->2 MB, 4 MB goal, 0 MB stacks, 0 MB globals, 16 P
gc 11387 @53.124s 4%: 0.12+0.47+0.15 ms clock, 1.9+0.57/0.77/0.046+2.4 ms cpu, 3->4->1 MB, 4 MB goal, 0 MB stacks, 0 MB globals, 16 P
gc 11388 @53.126s 4%: 0.12+0.62+0.15 ms clock, 1.9+0.51/0.80/0+2.5 ms cpu, 3->4->2 MB, 4 MB goal, 0 MB stacks, 0 MB globals, 16 P
gc 11389 @53.127s 4%: 0.15+0.70+0.088 ms clock, 2.4+0.65/0.89/0+1.4 ms cpu, 3->4->2 MB, 4 MB goal, 0 MB stacks, 0 MB globals, 16 P
gc 11390 @53.129s 4%: 0.11+0.54+0.097 ms clock, 1.8+0.52/0.80/0.001+1.5 ms cpu, 3->4->1 MB, 4 MB goal, 0 MB stacks, 0 MB globals, 16 P
gc 11391 @53.131s 4%: 0.14+0.51+0.095 ms clock, 2.2+0.55/0.84/0.015+1.5 ms cpu, 3->4->1 MB, 4 MB goal, 0 MB stacks, 0 MB globals, 16 P
gc 11392 @53.132s 4%: 0.13+0.69+0.10 ms clock, 2.0+0.69/0.73/0+1.6 ms cpu, 3->4->1 MB, 4 MB goal, 0 MB stacks, 0 MB globals, 16 P
gc 11393 @53.134s 4%: 0.14+0.49+0.090 ms clock, 2.2+0.62/0.80/0+1.4 ms cpu, 3->4->1 MB, 4 MB goal, 0 MB stacks, 0 MB globals, 16 P
gc 11394 @53.136s 4%: 0.10+0.58+0.074 ms clock, 1.6+0.68/0.76/0+1.1 ms cpu, 3->4->1 MB, 4 MB goal, 0 MB stacks, 0 MB globals, 16 P
gc 11395 @53.137s 4%: 0.10+0.48+0.10 ms clock, 1.7+0.58/0.82/0+1.6 ms cpu, 3->4->1 MB, 4 MB goal, 0 MB stacks, 0 MB globals, 16 P
gc 11396 @53.139s 4%: 0.13+0.68+0.12 ms clock, 2.1+0.69/0.79/0+2.0 ms cpu, 3->4->2 MB, 4 MB goal, 0 MB stacks, 0 MB globals, 16 P
gc 11397 @53.141s 4%: 0.12+0.56+0.082 ms clock, 1.9+0.66/0.80/0+1.3 ms cpu, 3->4->1 MB, 4 MB goal, 0 MB stacks, 0 MB globals, 16 P
gc 11398 @53.142s 4%: 0.15+0.51+0.10 ms clock, 2.4+0.52/0.85/0.016+1.6 ms cpu, 3->4->1 MB, 4 MB goal, 0 MB stacks, 0 MB globals, 16 P
gc 11399 @53.144s 4%: 0.12+0.59+0.17 ms clock, 2.0+0.60/0.71/0.004+2.7 ms cpu, 3->4->1 MB, 4 MB goal, 0 MB stacks, 0 MB globals, 16 P
gc 11400 @53.146s 4%: 0.13+0.49+0.11 ms clock, 2.0+0.64/0.79/0.11+1.8 ms cpu, 3->4->1 MB, 4 MB goal, 0 MB stacks, 0 MB globals, 16 P
gc 11401 @53.147s 4%: 0.15+0.68+0.076 ms clock, 2.5+0.50/0.79/0+1.2 ms cpu, 3->4->2 MB, 4 MB goal, 0 MB stacks, 0 MB globals, 16 P
gc 11402 @53.149s 4%: 0.10+0.55+0.10 ms clock, 1.7+0.65/0.85/0.002+1.6 ms cpu, 3->4->1 MB, 4 MB goal, 0 MB stacks, 0 MB globals, 16 P
gc 11403 @53.151s 4%: 0.11+0.49+0.095 ms clock, 1.7+0.73/0.77/0+1.5 ms cpu, 3->4->1 MB, 4 MB goal, 0 MB stacks, 0 MB globals, 16 P
gc 11404 @53.152s 4%: 0.14+0.52+0.17 ms clock, 2.3+0.65/0.79/0+2.8 ms cpu, 3->4->1 MB, 4 MB goal, 0 MB stacks, 0 MB globals, 16 P
gc 11405 @53.154s 4%: 0.16+0.52+0.16 ms clock, 2.5+0.66/0.79/0+2.6 ms cpu, 3->4->2 MB, 4 MB goal, 0 MB stacks, 0 MB globals, 16 P
gc 11406 @53.156s 4%: 0.13+0.47+0.10 ms clock, 2.1+0.64/0.79/0+1.7 ms cpu, 3->4->1 MB, 4 MB goal, 0 MB stacks, 0 MB globals, 16 P
gc 11407 @53.157s 4%: 0.12+0.53+0.16 ms clock, 2.0+0.68/0.83/0+2.5 ms cpu, 3->4->1 MB, 4 MB goal, 0 MB stacks, 0 MB globals, 16 P
gc 11408 @53.159s 4%: 0.11+0.68+0.11 ms clock, 1.7+0.44/0.86/0.002+1.9 ms cpu, 3->4->2 MB, 4 MB goal, 0 MB stacks, 0 MB globals, 16 P
gc 11409 @53.160s 4%: 0.095+0.48+0.10 ms clock, 1.5+0.60/0.73/0.10+1.6 ms cpu, 3->4->1 MB, 4 MB goal, 0 MB stacks, 0 MB globals, 16 P
gc 11410 @53.162s 4%: 0.12+0.63+0.092 ms clock, 2.0+0.52/0.87/0+1.4 ms cpu, 3->4->1 MB, 4 MB goal, 0 MB stacks, 0 MB globals, 16 P
gc 11411 @53.163s 4%: 0.15+0.55+0.083 ms clock, 2.5+0.64/0.90/0.008+1.3 ms cpu, 3->4->2 MB, 4 MB goal, 0 MB stacks, 0 MB globals, 16 P
gc 11412 @53.165s 4%: 0.12+0.49+0.11 ms clock, 1.9+0.54/0.68/0+1.7 ms cpu, 3->4->1 MB, 4 MB goal, 0 MB stacks, 0 MB globals, 16 P
gc 11413 @53.167s 4%: 0.14+0.67+0.092 ms clock, 2.2+0.60/0.85/0+1.4 ms cpu, 3->4->2 MB, 4 MB goal, 0 MB stacks, 0 MB globals, 16 P
gc 11414 @53.169s 4%: 0.095+0.60+0.094 ms clock, 1.5+0.62/0.76/0.016+1.5 ms cpu, 4->4->1 MB, 4 MB goal, 0 MB stacks, 0 MB globals, 16 P
gc 11415 @53.170s 4%: 0.10+0.48+0.11 ms clock, 1.7+0.51/0.72/0.091+1.9 ms cpu, 3->4->1 MB, 4 MB goal, 0 MB stacks, 0 MB globals, 16 P
gc 11416 @53.172s 4%: 0.16+0.49+0.17 ms clock, 2.5+0.55/0.83/0+2.8 ms cpu, 3->4->1 MB, 4 MB goal, 0 MB stacks, 0 MB globals, 16 P
gc 11417 @53.173s 4%: 0.16+0.57+0.092 ms clock, 2.6+0.44/0.89/0.030+1.4 ms cpu, 3->4->1 MB, 4 MB goal, 0 MB stacks, 0 MB globals, 16 P
gc 11418 @53.175s 4%: 0.13+0.56+0.14 ms clock, 2.1+0.50/0.81/0+2.3 ms cpu, 3->4->2 MB, 4 MB goal, 0 MB stacks, 0 MB globals, 16 P
gc 11419 @53.177s 4%: 0.097+0.85+0.087 ms clock, 1.5+0.52/0.72/0.076+1.4 ms cpu, 3->4->2 MB, 4 MB goal, 0 MB stacks, 0 MB globals, 16 P
gc 11420 @53.179s 4%: 0.10+0.51+0.14 ms clock, 1.6+0.53/0.88/0+2.2 ms cpu, 4->4->1 MB, 4 MB goal, 0 MB stacks, 0 MB globals, 16 P
gc 11421 @53.180s 4%: 0.085+0.54+0.10 ms clock, 1.3+0.62/0.78/0.002+1.6 ms cpu, 3->4->1 MB, 4 MB goal, 0 MB stacks, 0 MB globals, 16 P
gc 11422 @53.182s 4%: 0.12+0.79+0.020 ms clock, 1.9+0.61/0.86/0+0.33 ms cpu, 3->4->2 MB, 4 MB goal, 0 MB stacks, 0 MB globals, 16 P
gc 11423 @53.184s 4%: 0.15+0.70+0.077 ms clock, 2.5+0.53/0.95/0.010+1.2 ms cpu, 3->4->2 MB, 4 MB goal, 0 MB stacks, 0 MB globals, 16 P
gc 11424 @53.185s 4%: 0.13+0.56+0.11 ms clock, 2.1+0.68/0.81/0+1.7 ms cpu, 3->4->2 MB, 4 MB goal, 0 MB stacks, 0 MB globals, 16 P
gc 11425 @53.187s 4%: 0.13+0.51+0.081 ms clock, 2.1+0.42/0.88/0.021+1.3 ms cpu, 3->4->1 MB, 4 MB goal, 0 MB stacks, 0 MB globals, 16 P
gc 11426 @53.189s 4%: 0.17+0.77+0.089 ms clock, 2.7+0.65/0.75/0.017+1.4 ms cpu, 3->4->2 MB, 4 MB goal, 0 MB stacks, 0 MB globals, 16 P
gc 11427 @53.191s 4%: 0.10+0.49+0.12 ms clock, 1.6+0.45/0.86/0.010+2.0 ms cpu, 3->4->1 MB, 4 MB goal, 0 MB stacks, 0 MB globals, 16 P
gc 11428 @53.192s 4%: 0.13+0.56+0.14 ms clock, 2.0+0.50/0.92/0+2.3 ms cpu, 3->4->2 MB, 4 MB goal, 0 MB stacks, 0 MB globals, 16 P
gc 11429 @53.194s 4%: 0.11+0.49+0.087 ms clock, 1.8+0.50/0.90/0.025+1.4 ms cpu, 3->4->1 MB, 4 MB goal, 0 MB stacks, 0 MB globals, 16 P
gc 11430 @53.195s 4%: 0.14+0.66+0.086 ms clock, 2.2+0.45/0.83/0+1.3 ms cpu, 3->4->2 MB, 4 MB goal, 0 MB stacks, 0 MB globals, 16 P
gc 11431 @53.197s 4%: 0.12+0.69+0.10 ms clock, 2.0+0.67/0.59/0.093+1.6 ms cpu, 3->4->2 MB, 4 MB goal, 0 MB stacks, 0 MB globals, 16 P
gc 11432 @53.199s 4%: 0.13+0.69+0.055 ms clock, 2.2+0.64/0.89/0+0.88 ms cpu, 3->4->2 MB, 4 MB goal, 0 MB stacks, 0 MB globals, 16 P
gc 11433 @53.201s 4%: 0.12+0.79+0.087 ms clock, 2.0+0.63/0.85/0+1.4 ms cpu, 3->4->2 MB, 4 MB goal, 0 MB stacks, 0 MB globals, 16 P
gc 11434 @53.203s 4%: 0.11+0.43+0.10 ms clock, 1.7+0.65/0.77/0+1.7 ms cpu, 3->4->1 MB, 4 MB goal, 0 MB stacks, 0 MB globals, 16 P
gc 11435 @53.205s 4%: 0.12+0.59+0.099 ms clock, 2.0+0.70/0.91/0+1.5 ms cpu, 3->4->1 MB, 4 MB goal, 0 MB stacks, 0 MB globals, 16 P
gc 11436 @53.206s 4%: 0.12+0.64+0.068 ms clock, 1.9+0.55/0.81/0.001+1.0 ms cpu, 3->4->2 MB, 4 MB goal, 0 MB stacks, 0 MB globals, 16 P
gc 11437 @53.208s 4%: 0.15+0.54+0.10 ms clock, 2.5+0.68/0.87/0+1.6 ms cpu, 3->4->1 MB, 4 MB goal, 0 MB stacks, 0 MB globals, 16 P
gc 11438 @53.210s 4%: 0.12+0.50+0.10 ms clock, 2.0+0.58/0.81/0.002+1.6 ms cpu, 3->4->1 MB, 4 MB goal, 0 MB stacks, 0 MB globals, 16 P
gc 11439 @53.211s 4%: 0.14+0.56+0.14 ms clock, 2.3+0.55/0.87/0+2.3 ms cpu, 3->4->1 MB, 4 MB goal, 0 MB stacks, 0 MB globals, 16 P
gc 11440 @53.213s 4%: 0.10+0.53+0.082 ms clock, 1.6+0.48/0.83/0.002+1.3 ms cpu, 3->4->1 MB, 4 MB goal, 0 MB stacks, 0 MB globals, 16 P
gc 11441 @53.215s 4%: 0.13+0.66+0.088 ms clock, 2.0+0.59/0.85/0+1.4 ms cpu, 3->4->2 MB, 4 MB goal, 0 MB stacks, 0 MB globals, 16 P
gc 11442 @53.216s 4%: 0.15+0.47+0.18 ms clock, 2.5+0.64/0.74/0+3.0 ms cpu, 3->4->1 MB, 4 MB goal, 0 MB stacks, 0 MB globals, 16 P
gc 11443 @53.218s 4%: 0.17+0.59+0.14 ms clock, 2.7+0.71/0.90/0.002+2.2 ms cpu, 3->4->2 MB, 4 MB goal, 0 MB stacks, 0 MB globals, 16 P
gc 11444 @53.220s 4%: 0.14+0.64+0.14 ms clock, 2.3+0.65/0.91/0+2.3 ms cpu, 3->4->2 MB, 4 MB goal, 0 MB stacks, 0 MB globals, 16 P
gc 11445 @53.222s 4%: 0.11+0.67+0.10 ms clock, 1.7+0.42/0.89/0.037+1.6 ms cpu, 3->4->1 MB, 4 MB goal, 0 MB stacks, 0 MB globals, 16 P
gc 11446 @53.223s 4%: 0.16+0.51+0.20 ms clock, 2.6+0.63/0.77/0+3.2 ms cpu, 3->4->2 MB, 4 MB goal, 0 MB stacks, 0 MB globals, 16 P
gc 11447 @53.225s 4%: 0.14+0.67+0.095 ms clock, 2.2+0.60/0.92/0.006+1.5 ms cpu, 3->4->2 MB, 4 MB goal, 0 MB stacks, 0 MB globals, 16 P
gc 11448 @53.227s 4%: 0.18+0.64+0.088 ms clock, 2.9+0.68/0.85/0.005+1.4 ms cpu, 3->4->2 MB, 4 MB goal, 0 MB stacks, 0 MB globals, 16 P
gc 11449 @53.229s 4%: 0.13+0.46+0.12 ms clock, 2.2+0.63/0.79/0+2.0 ms cpu, 3->4->1 MB, 4 MB goal, 0 MB stacks, 0 MB globals, 16 P
gc 11450 @53.230s 4%: 0.13+0.60+0.12 ms clock, 2.2+0.71/0.75/0.007+1.9 ms cpu, 3->4->2 MB, 4 MB goal, 0 MB stacks, 0 MB globals, 16 P
gc 11451 @53.232s 4%: 0.17+0.61+0.085 ms clock, 2.7+0.48/0.82/0+1.3 ms cpu, 3->4->2 MB, 4 MB goal, 0 MB stacks, 0 MB globals, 16 P
gc 11452 @53.234s 4%: 0.15+0.53+0.088 ms clock, 2.4+0.49/0.80/0.076+1.4 ms cpu, 3->4->1 MB, 4 MB goal, 0 MB stacks, 0 MB globals, 16 P
gc 11453 @53.236s 4%: 0.12+0.67+0.14 ms clock, 2.0+0.62/0.88/0+2.3 ms cpu, 3->4->2 MB, 4 MB goal, 0 MB stacks, 0 MB globals, 16 P
gc 11454 @53.238s 4%: 0.10+0.68+0.10 ms clock, 1.7+0.56/0.87/0+1.6 ms cpu, 3->4->2 MB, 4 MB goal, 0 MB stacks, 0 MB globals, 16 P
gc 11455 @53.240s 4%: 0.12+0.67+0.14 ms clock, 2.0+0.67/0.75/0.001+2.2 ms cpu, 3->4->2 MB, 4 MB goal, 0 MB stacks, 0 MB globals, 16 P
gc 11456 @53.241s 4%: 0.10+0.54+0.17 ms clock, 1.7+0.59/0.79/0+2.7 ms cpu, 3->4->1 MB, 4 MB goal, 0 MB stacks, 0 MB globals, 16 P
gc 11457 @53.243s 4%: 0.13+0.53+0.10 ms clock, 2.1+0.53/0.74/0+1.6 ms cpu, 3->4->1 MB, 4 MB goal, 0 MB stacks, 0 MB globals, 16 P
gc 11458 @53.245s 4%: 0.11+0.61+0.048 ms clock, 1.7+0.57/0.72/0+0.77 ms cpu, 3->4->1 MB, 4 MB goal, 0 MB stacks, 0 MB globals, 16 P
gc 11459 @53.246s 4%: 0.11+0.76+0.11 ms clock, 1.7+0.60/0.82/0.001+1.8 ms cpu, 3->4->2 MB, 4 MB goal, 0 MB stacks, 0 MB globals, 16 P
gc 11460 @53.248s 4%: 0.11+0.51+0.15 ms clock, 1.8+0.49/0.81/0+2.4 ms cpu, 3->4->1 MB, 4 MB goal, 0 MB stacks, 0 MB globals, 16 P
gc 11461 @53.250s 4%: 0.18+0.75+0.085 ms clock, 3.0+0.63/0.80/0+1.3 ms cpu, 3->4->2 MB, 4 MB goal, 0 MB stacks, 0 MB globals, 16 P
gc 11462 @53.252s 4%: 0.11+0.68+0.066 ms clock, 1.7+0.49/0.95/0+1.0 ms cpu, 4->4->2 MB, 4 MB goal, 0 MB stacks, 0 MB globals, 16 P
gc 11463 @53.253s 4%: 0.10+0.66+0.069 ms clock, 1.7+0.49/0.80/0.057+1.1 ms cpu, 3->4->2 MB, 4 MB goal, 0 MB stacks, 0 MB globals, 16 P
gc 11464 @53.255s 4%: 0.12+0.56+0.075 ms clock, 2.0+0.61/0.83/0+1.2 ms cpu, 3->4->1 MB, 4 MB goal, 0 MB stacks, 0 MB globals, 16 P
gc 11465 @53.257s 4%: 0.11+0.61+0.096 ms clock, 1.8+0.58/0.73/0.039+1.5 ms cpu, 3->4->2 MB, 4 MB goal, 0 MB stacks, 0 MB globals, 16 P
gc 11466 @53.259s 4%: 0.11+0.90+0.11 ms clock, 1.8+0.55/1.0/0+1.7 ms cpu, 3->4->2 MB, 4 MB goal, 0 MB stacks, 0 MB globals, 16 P
gc 11467 @53.261s 4%: 0.12+0.51+0.17 ms clock, 2.0+0.61/0.76/0+2.7 ms cpu, 4->4->1 MB, 5 MB goal, 0 MB stacks, 0 MB globals, 16 P
gc 11468 @53.263s 4%: 0.12+0.64+0.063 ms clock, 2.0+0.68/0.91/0.005+1.0 ms cpu, 3->4->1 MB, 4 MB goal, 0 MB stacks, 0 MB globals, 16 P
gc 11469 @53.264s 4%: 0.14+0.50+0.10 ms clock, 2.2+0.68/0.94/0+1.6 ms cpu, 3->4->1 MB, 4 MB goal, 0 MB stacks, 0 MB globals, 16 P
gc 11470 @53.266s 4%: 0.10+0.76+0.11 ms clock, 1.7+0.55/0.85/0.005+1.7 ms cpu, 3->4->2 MB, 4 MB goal, 0 MB stacks, 0 MB globals, 16 P
gc 11471 @53.268s 4%: 0.18+0.58+0.096 ms clock, 2.8+0.79/0.79/0.016+1.5 ms cpu, 3->4->2 MB, 4 MB goal, 0 MB stacks, 0 MB globals, 16 P
gc 11472 @53.270s 4%: 0.10+0.71+0.083 ms clock, 1.7+0.67/0.86/0+1.3 ms cpu, 3->4->2 MB, 4 MB goal, 0 MB stacks, 0 MB globals, 16 P
gc 11473 @53.271s 4%: 0.16+0.55+0.12 ms clock, 2.5+0.61/0.73/0+1.9 ms cpu, 3->4->1 MB, 4 MB goal, 0 MB stacks, 0 MB globals, 16 P
gc 11474 @53.273s 4%: 0.17+0.52+0.075 ms clock, 2.7+0.62/0.76/0.008+1.2 ms cpu, 3->4->2 MB, 4 MB goal, 0 MB stacks, 0 MB globals, 16 P
gc 11475 @53.275s 4%: 0.10+0.60+0.16 ms clock, 1.7+0.42/0.88/0.007+2.6 ms cpu, 3->4->1 MB, 4 MB goal, 0 MB stacks, 0 MB globals, 16 P
gc 11476 @53.276s 4%: 0.092+0.62+0.083 ms clock, 1.4+0.62/0.94/0+1.3 ms cpu, 3->4->1 MB, 4 MB goal, 0 MB stacks, 0 MB globals, 16 P
gc 11477 @53.278s 4%: 0.14+0.59+0.13 ms clock, 2.2+0.56/0.77/0.003+2.2 ms cpu, 3->4->2 MB, 4 MB goal, 0 MB stacks, 0 MB globals, 16 P
gc 11478 @53.280s 4%: 0.15+0.70+0.11 ms clock, 2.4+0.66/1.0/0.027+1.9 ms cpu, 3->4->2 MB, 4 MB goal, 0 MB stacks, 0 MB globals, 16 P
gc 11479 @53.282s 4%: 0.093+0.60+0.092 ms clock, 1.5+0.46/0.86/0.034+1.4 ms cpu, 3->4->1 MB, 4 MB goal, 0 MB stacks, 0 MB globals, 16 P
gc 11480 @53.284s 4%: 0.10+0.61+0.13 ms clock, 1.7+0.50/0.73/0.16+2.1 ms cpu, 3->4->2 MB, 4 MB goal, 0 MB stacks, 0 MB globals, 16 P
gc 11481 @53.285s 4%: 0.091+0.61+0.13 ms clock, 1.4+0.63/0.83/0.030+2.0 ms cpu, 3->4->2 MB, 4 MB goal, 0 MB stacks, 0 MB globals, 16 P
gc 11482 @53.287s 4%: 0.095+0.42+0.18 ms clock, 1.5+0.49/0.77/0.014+2.9 ms cpu, 3->4->1 MB, 4 MB goal, 0 MB stacks, 0 MB globals, 16 P
gc 11483 @53.289s 4%: 0.11+0.53+0.072 ms clock, 1.9+0.63/0.77/0+1.1 ms cpu, 3->3->1 MB, 4 MB goal, 0 MB stacks, 0 MB globals, 16 P
gc 11484 @53.290s 4%: 0.13+0.48+0.15 ms clock, 2.1+0.71/0.72/0+2.4 ms cpu, 3->4->1 MB, 4 MB goal, 0 MB stacks, 0 MB globals, 16 P
gc 11485 @53.292s 4%: 0.13+0.58+0.13 ms clock, 2.1+0.42/0.82/0.097+2.2 ms cpu, 3->4->1 MB, 4 MB goal, 0 MB stacks, 0 MB globals, 16 P
gc 11486 @53.293s 4%: 0.12+0.61+0.11 ms clock, 1.9+0.58/0.95/0+1.9 ms cpu, 3->4->2 MB, 4 MB goal, 0 MB stacks, 0 MB globals, 16 P
gc 11487 @53.295s 4%: 0.14+0.61+0.094 ms clock, 2.2+0.50/0.84/0+1.5 ms cpu, 3->4->2 MB, 4 MB goal, 0 MB stacks, 0 MB globals, 16 P
gc 11488 @53.297s 4%: 0.14+0.45+0.17 ms clock, 2.2+0.46/0.80/0+2.7 ms cpu, 3->4->1 MB, 4 MB goal, 0 MB stacks, 0 MB globals, 16 P
gc 11489 @53.298s 4%: 0.12+0.63+0.10 ms clock, 2.0+0.65/0.88/0+1.6 ms cpu, 3->4->2 MB, 4 MB goal, 0 MB stacks, 0 MB globals, 16 P
gc 11490 @53.300s 4%: 0.15+0.63+0.16 ms clock, 2.4+0.43/0.82/0.015+2.6 ms cpu, 3->4->2 MB, 4 MB goal, 0 MB stacks, 0 MB globals, 16 P
gc 11491 @53.302s 4%: 0.10+0.59+0.099 ms clock, 1.7+0.56/0.81/0.071+1.5 ms cpu, 3->4->1 MB, 4 MB goal, 0 MB stacks, 0 MB globals, 16 P
gc 11492 @53.304s 4%: 0.17+0.69+0.12 ms clock, 2.8+0.54/0.84/0+2.0 ms cpu, 3->4->2 MB, 4 MB goal, 0 MB stacks, 0 MB globals, 16 P
gc 11493 @53.306s 4%: 0.13+0.53+0.097 ms clock, 2.2+0.48/0.83/0.005+1.5 ms cpu, 3->4->1 MB, 4 MB goal, 0 MB stacks, 0 MB globals, 16 P
gc 11494 @53.307s 4%: 0.12+0.65+0.13 ms clock, 2.0+0.63/0.96/0+2.1 ms cpu, 3->4->2 MB, 4 MB goal, 0 MB stacks, 0 MB globals, 16 P
gc 11495 @53.309s 4%: 0.15+0.54+0.11 ms clock, 2.4+0.57/0.83/0.002+1.8 ms cpu, 3->4->1 MB, 4 MB goal, 0 MB stacks, 0 MB globals, 16 P
gc 11496 @53.311s 4%: 0.10+0.57+0.068 ms clock, 1.7+0.41/0.76/0.13+1.0 ms cpu, 3->4->1 MB, 4 MB goal, 0 MB stacks, 0 MB globals, 16 P
gc 11497 @53.312s 4%: 0.16+0.57+0.075 ms clock, 2.6+0.48/0.92/0.005+1.2 ms cpu, 3->4->2 MB, 4 MB goal, 0 MB stacks, 0 MB globals, 16 P
gc 11498 @53.314s 4%: 0.11+0.53+0.10 ms clock, 1.8+0.71/0.84/0.020+1.7 ms cpu, 3->4->1 MB, 4 MB goal, 0 MB stacks, 0 MB globals, 16 P
gc 11499 @53.316s 4%: 0.11+0.60+0.12 ms clock, 1.7+0.49/0.87/0+2.0 ms cpu, 3->4->1 MB, 4 MB goal, 0 MB stacks, 0 MB globals, 16 P
gc 11500 @53.317s 4%: 0.11+0.54+0.15 ms clock, 1.7+0.45/0.91/0.025+2.5 ms cpu, 3->4->1 MB, 4 MB goal, 0 MB stacks, 0 MB globals, 16 P
gc 11501 @53.319s 4%: 0.18+0.55+0.15 ms clock, 2.9+0.50/0.82/0+2.4 ms cpu, 3->4->1 MB, 4 MB goal, 0 MB stacks, 0 MB globals, 16 P
gc 11502 @53.321s 4%: 0.12+0.50+0.11 ms clock, 2.0+0.60/0.85/0.004+1.8 ms cpu, 3->4->1 MB, 4 MB goal, 0 MB stacks, 0 MB globals, 16 P
gc 11503 @53.322s 4%: 0.14+0.60+0.14 ms clock, 2.2+0.63/0.94/0+2.2 ms cpu, 3->4->2 MB, 4 MB goal, 0 MB stacks, 0 MB globals, 16 P
gc 11504 @53.324s 4%: 0.079+0.47+0.14 ms clock, 1.2+0.56/0.91/0+2.3 ms cpu, 3->4->1 MB, 4 MB goal, 0 MB stacks, 0 MB globals, 16 P
gc 11505 @53.325s 4%: 0.12+0.51+0.15 ms clock, 2.0+0.59/0.93/0+2.4 ms cpu, 3->4->1 MB, 4 MB goal, 0 MB stacks, 0 MB globals, 16 P
gc 11506 @53.327s 4%: 0.11+0.61+0.090 ms clock, 1.8+0.57/0.90/0.007+1.4 ms cpu, 3->4->2 MB, 4 MB goal, 0 MB stacks, 0 MB globals, 16 P
gc 11507 @53.329s 4%: 0.10+0.67+0.087 ms clock, 1.6+0.55/0.84/0+1.3 ms cpu, 3->4->2 MB, 4 MB goal, 0 MB stacks, 0 MB globals, 16 P
gc 11508 @53.331s 4%: 0.14+0.64+0.054 ms clock, 2.3+0.58/0.66/0.045+0.86 ms cpu, 3->4->1 MB, 4 MB goal, 0 MB stacks, 0 MB globals, 16 P
gc 11509 @53.332s 4%: 0.12+0.64+0.094 ms clock, 1.9+0.63/0.91/0+1.5 ms cpu, 3->4->2 MB, 4 MB goal, 0 MB stacks, 0 MB globals, 16 P
gc 11510 @53.334s 4%: 0.11+0.79+0.11 ms clock, 1.8+0.59/1.0/0+1.7 ms cpu, 3->4->2 MB, 4 MB goal, 0 MB stacks, 0 MB globals, 16 P
gc 11511 @53.336s 4%: 0.13+0.73+0.097 ms clock, 2.1+0.57/0.86/0.030+1.5 ms cpu, 4->4->2 MB, 4 MB goal, 0 MB stacks, 0 MB globals, 16 P
gc 11512 @53.338s 4%: 0.16+0.72+0.084 ms clock, 2.6+0.83/0.79/0+1.3 ms cpu, 3->4->2 MB, 4 MB goal, 0 MB stacks, 0 MB globals, 16 P
gc 11513 @53.340s 4%: 0.11+0.60+0.11 ms clock, 1.7+0.54/0.88/0.014+1.8 ms cpu, 3->4->1 MB, 4 MB goal, 0 MB stacks, 0 MB globals, 16 P
gc 11514 @53.342s 4%: 0.14+0.57+0.094 ms clock, 2.2+0.53/0.81/0.095+1.5 ms cpu, 3->4->2 MB, 4 MB goal, 0 MB stacks, 0 MB globals, 16 P
gc 11515 @53.344s 4%: 0.11+0.49+0.14 ms clock, 1.8+0.63/0.83/0.017+2.3 ms cpu, 3->4->1 MB, 4 MB goal, 0 MB stacks, 0 MB globals, 16 P
gc 11516 @53.345s 4%: 0.10+0.73+0.087 ms clock, 1.6+0.51/1.0/0+1.3 ms cpu, 3->4->2 MB, 4 MB goal, 0 MB stacks, 0 MB globals, 16 P
gc 11517 @53.347s 4%: 0.11+0.59+0.10 ms clock, 1.9+0.55/0.97/0+1.6 ms cpu, 3->4->2 MB, 4 MB goal, 0 MB stacks, 0 MB globals, 16 P
gc 11518 @53.349s 4%: 0.11+0.60+0.17 ms clock, 1.7+0.33/1.0/0.027+2.7 ms cpu, 3->4->1 MB, 4 MB goal, 0 MB stacks, 0 MB globals, 16 P
gc 11519 @53.350s 4%: 0.10+0.66+0.098 ms clock, 1.6+0.51/0.86/0+1.5 ms cpu, 3->4->2 MB, 4 MB goal, 0 MB stacks, 0 MB globals, 16 P
gc 11520 @53.352s 4%: 0.11+0.71+0.12 ms clock, 1.7+0.66/0.78/0+1.9 ms cpu, 3->4->2 MB, 4 MB goal, 0 MB stacks, 0 MB globals, 16 P
gc 11521 @53.354s 4%: 0.15+0.57+0.087 ms clock, 2.4+0.60/0.80/0+1.4 ms cpu, 3->4->1 MB, 4 MB goal, 0 MB stacks, 0 MB globals, 16 P
gc 11522 @53.356s 4%: 0.16+0.71+0.099 ms clock, 2.6+0.69/1.1/0.012+1.5 ms cpu, 3->4->2 MB, 4 MB goal, 0 MB stacks, 0 MB globals, 16 P
gc 11523 @53.358s 4%: 0.18+0.64+0.11 ms clock, 2.9+0.64/0.78/0.021+1.8 ms cpu, 3->4->2 MB, 4 MB goal, 0 MB stacks, 0 MB globals, 16 P
gc 11524 @53.360s 4%: 0.10+0.64+0.10 ms clock, 1.6+0.65/0.84/0+1.6 ms cpu, 3->4->1 MB, 4 MB goal, 0 MB stacks, 0 MB globals, 16 P
gc 11525 @53.361s 4%: 0.12+0.63+0.15 ms clock, 1.9+0.55/0.97/0+2.5 ms cpu, 3->4->2 MB, 4 MB goal, 0 MB stacks, 0 MB globals, 16 P
gc 11526 @53.363s 4%: 0.14+0.66+0.14 ms clock, 2.3+0.65/0.89/0+2.2 ms cpu, 3->4->1 MB, 4 MB goal, 0 MB stacks, 0 MB globals, 16 P
gc 11527 @53.365s 4%: 0.11+0.43+0.14 ms clock, 1.8+0.55/0.71/0.062+2.3 ms cpu, 3->4->1 MB, 4 MB goal, 0 MB stacks, 0 MB globals, 16 P
gc 11528 @53.366s 4%: 0.14+0.46+0.087 ms clock, 2.2+0.52/0.71/0+1.4 ms cpu, 3->3->1 MB, 4 MB goal, 0 MB stacks, 0 MB globals, 16 P
gc 11529 @53.368s 4%: 0.13+0.59+0.10 ms clock, 2.2+0.48/0.99/0+1.6 ms cpu, 3->4->1 MB, 4 MB goal, 0 MB stacks, 0 MB globals, 16 P
gc 11530 @53.369s 4%: 0.096+0.55+0.16 ms clock, 1.5+0.47/0.85/0.008+2.6 ms cpu, 3->4->1 MB, 4 MB goal, 0 MB stacks, 0 MB globals, 16 P
gc 11531 @53.371s 4%: 0.11+0.68+0.11 ms clock, 1.8+0.55/0.88/0+1.8 ms cpu, 3->4->2 MB, 4 MB goal, 0 MB stacks, 0 MB globals, 16 P
gc 11532 @53.373s 4%: 0.14+0.82+0.10 ms clock, 2.2+0.65/0.82/0+1.6 ms cpu, 3->4->2 MB, 4 MB goal, 0 MB stacks, 0 MB globals, 16 P
gc 11533 @53.375s 4%: 0.14+0.62+0.14 ms clock, 2.3+0.56/0.81/0.018+2.3 ms cpu, 4->4->2 MB, 4 MB goal, 0 MB stacks, 0 MB globals, 16 P
gc 11534 @53.377s 4%: 0.12+0.47+0.18 ms clock, 1.9+0.44/0.77/0.048+2.8 ms cpu, 3->4->1 MB, 4 MB goal, 0 MB stacks, 0 MB globals, 16 P
gc 11535 @53.378s 4%: 0.14+0.56+0.12 ms clock, 2.3+0.72/0.90/0.003+2.0 ms cpu, 3->4->1 MB, 4 MB goal, 0 MB stacks, 0 MB globals, 16 P
gc 11536 @53.380s 4%: 0.11+0.51+0.12 ms clock, 1.8+0.58/0.81/0+1.9 ms cpu, 3->4->1 MB, 4 MB goal, 0 MB stacks, 0 MB globals, 16 P
gc 11537 @53.381s 4%: 0.12+0.74+0.082 ms clock, 1.9+0.52/0.89/0.001+1.3 ms cpu, 3->4->2 MB, 4 MB goal, 0 MB stacks, 0 MB globals, 16 P
gc 11538 @53.383s 4%: 0.10+0.50+0.096 ms clock, 1.6+0.44/0.87/0+1.5 ms cpu, 3->4->1 MB, 4 MB goal, 0 MB stacks, 0 MB globals, 16 P
gc 11539 @53.384s 4%: 0.17+0.59+0.13 ms clock, 2.7+0.68/0.87/0.006+2.1 ms cpu, 3->4->2 MB, 4 MB goal, 0 MB stacks, 0 MB globals, 16 P
gc 11540 @53.386s 4%: 0.17+0.51+0.076 ms clock, 2.8+0.59/0.87/0+1.2 ms cpu, 3->4->1 MB, 4 MB goal, 0 MB stacks, 0 MB globals, 16 P
gc 11541 @53.388s 4%: 0.11+0.68+0.063 ms clock, 1.8+0.47/0.81/0.099+1.0 ms cpu, 3->4->2 MB, 4 MB goal, 0 MB stacks, 0 MB globals, 16 P
gc 11542 @53.390s 4%: 0.10+0.61+0.13 ms clock, 1.7+0.59/0.89/0+2.1 ms cpu, 3->4->2 MB, 4 MB goal, 0 MB stacks, 0 MB globals, 16 P
gc 11543 @53.391s 4%: 0.15+0.62+0.11 ms clock, 2.5+0.54/0.87/0+1.8 ms cpu, 3->4->2 MB, 4 MB goal, 0 MB stacks, 0 MB globals, 16 P
gc 11544 @53.393s 4%: 0.10+0.51+0.097 ms clock, 1.7+0.60/0.78/0+1.5 ms cpu, 3->4->1 MB, 4 MB goal, 0 MB stacks, 0 MB globals, 16 P
gc 11545 @53.395s 4%: 0.13+0.77+0.10 ms clock, 2.1+0.76/0.86/0+1.6 ms cpu, 3->4->2 MB, 4 MB goal, 0 MB stacks, 0 MB globals, 16 P
gc 11546 @53.397s 4%: 0.18+0.52+0.11 ms clock, 2.9+0.55/0.85/0+1.7 ms cpu, 3->4->2 MB, 4 MB goal, 0 MB stacks, 0 MB globals, 16 P
gc 11547 @53.398s 4%: 0.097+0.56+0.097 ms clock, 1.5+0.50/0.84/0+1.5 ms cpu, 3->4->1 MB, 4 MB goal, 0 MB stacks, 0 MB globals, 16 P
gc 11548 @53.400s 4%: 0.16+0.52+0.10 ms clock, 2.5+0.54/0.89/0.004+1.7 ms cpu, 3->4->1 MB, 4 MB goal, 0 MB stacks, 0 MB globals, 16 P
gc 11549 @53.402s 4%: 0.18+0.46+0.19 ms clock, 2.9+0.61/0.70/0+3.0 ms cpu, 3->4->1 MB, 4 MB goal, 0 MB stacks, 0 MB globals, 16 P
gc 11550 @53.403s 4%: 0.15+0.47+0.12 ms clock, 2.4+0.54/0.81/0+2.0 ms cpu, 3->4->1 MB, 4 MB goal, 0 MB stacks, 0 MB globals, 16 P
gc 11551 @53.405s 4%: 0.12+0.68+0.10 ms clock, 2.0+0.62/0.82/0.016+1.6 ms cpu, 3->4->2 MB, 4 MB goal, 0 MB stacks, 0 MB globals, 16 P
gc 11552 @53.407s 4%: 0.10+0.51+0.18 ms clock, 1.7+0.63/0.79/0+3.0 ms cpu, 3->4->1 MB, 4 MB goal, 0 MB stacks, 0 MB globals, 16 P
gc 11553 @53.408s 4%: 0.10+0.57+0.089 ms clock, 1.7+0.85/0.75/0+1.4 ms cpu, 3->4->1 MB, 4 MB goal, 0 MB stacks, 0 MB globals, 16 P
gc 11554 @53.410s 4%: 0.13+0.76+0.093 ms clock, 2.1+0.63/0.87/0.002+1.4 ms cpu, 3->4->2 MB, 4 MB goal, 0 MB stacks, 0 MB globals, 16 P
gc 11555 @53.412s 4%: 0.10+0.59+0.081 ms clock, 1.6+0.56/0.78/0+1.3 ms cpu, 3->4->2 MB, 4 MB goal, 0 MB stacks, 0 MB globals, 16 P
gc 11556 @53.413s 4%: 0.15+0.64+0.11 ms clock, 2.4+0.53/0.97/0.018+1.8 ms cpu, 3->4->2 MB, 4 MB goal, 0 MB stacks, 0 MB globals, 16 P
gc 11557 @53.415s 4%: 0.14+0.58+0.13 ms clock, 2.2+0.54/0.83/0.022+2.0 ms cpu, 3->4->1 MB, 4 MB goal, 0 MB stacks, 0 MB globals, 16 P
gc 11558 @53.417s 4%: 0.17+0.71+0.030 ms clock, 2.7+0.55/1.0/0.014+0.48 ms cpu, 3->4->2 MB, 4 MB goal, 0 MB stacks, 0 MB globals, 16 P
gc 11559 @53.419s 4%: 0.14+0.46+0.13 ms clock, 2.2+0.54/0.81/0+2.1 ms cpu, 3->4->1 MB, 4 MB goal, 0 MB stacks, 0 MB globals, 16 P
gc 11560 @53.420s 4%: 0.17+0.53+0.14 ms clock, 2.7+0.67/0.79/0+2.3 ms cpu, 3->4->1 MB, 4 MB goal, 0 MB stacks, 0 MB globals, 16 P
gc 11561 @53.422s 4%: 0.13+0.73+0.079 ms clock, 2.2+0.61/0.85/0.050+1.2 ms cpu, 3->4->2 MB, 4 MB goal, 0 MB stacks, 0 MB globals, 16 P
gc 11562 @53.424s 4%: 0.10+0.57+0.16 ms clock, 1.6+0.65/0.78/0+2.7 ms cpu, 3->4->1 MB, 4 MB goal, 0 MB stacks, 0 MB globals, 16 P
gc 11563 @53.425s 4%: 0.15+0.60+0.074 ms clock, 2.5+0.52/0.86/0+1.1 ms cpu, 3->4->2 MB, 4 MB goal, 0 MB stacks, 0 MB globals, 16 P
gc 11564 @53.427s 4%: 0.14+0.51+0.11 ms clock, 2.3+0.49/0.81/0+1.8 ms cpu, 3->4->1 MB, 4 MB goal, 0 MB stacks, 0 MB globals, 16 P
gc 11565 @53.428s 4%: 0.11+0.45+0.12 ms clock, 1.8+0.53/0.87/0.013+1.9 ms cpu, 3->4->1 MB, 4 MB goal, 0 MB stacks, 0 MB globals, 16 P
gc 11566 @53.430s 4%: 0.11+0.67+0.095 ms clock, 1.8+0.55/0.81/0.012+1.5 ms cpu, 3->4->2 MB, 4 MB goal, 0 MB stacks, 0 MB globals, 16 P
gc 11567 @53.432s 4%: 0.15+0.66+0.13 ms clock, 2.5+0.37/1.0/0+2.1 ms cpu, 3->4->2 MB, 4 MB goal, 0 MB stacks, 0 MB globals, 16 P
gc 11568 @53.433s 4%: 0.14+0.59+0.10 ms clock, 2.2+0.54/0.89/0+1.7 ms cpu, 3->4->1 MB, 4 MB goal, 0 MB stacks, 0 MB globals, 16 P
gc 11569 @53.435s 4%: 0.14+0.55+0.13 ms clock, 2.3+0.56/0.89/0.004+2.1 ms cpu, 3->4->2 MB, 4 MB goal, 0 MB stacks, 0 MB globals, 16 P
gc 11570 @53.437s 4%: 0.096+0.69+0.081 ms clock, 1.5+0.53/0.86/0+1.3 ms cpu, 3->4->2 MB, 4 MB goal, 0 MB stacks, 0 MB globals, 16 P
gc 11571 @53.439s 4%: 0.13+0.59+0.12 ms clock, 2.2+0.62/0.85/0+1.9 ms cpu, 3->4->1 MB, 4 MB goal, 0 MB stacks, 0 MB globals, 16 P
gc 11572 @53.440s 4%: 0.17+0.68+0.079 ms clock, 2.7+0.63/0.79/0+1.2 ms cpu, 3->4->2 MB, 4 MB goal, 0 MB stacks, 0 MB globals, 16 P
gc 11573 @53.442s 4%: 0.13+0.52+0.089 ms clock, 2.1+0.58/0.73/0.025+1.4 ms cpu, 3->4->1 MB, 4 MB goal, 0 MB stacks, 0 MB globals, 16 P
gc 11574 @53.444s 4%: 0.17+0.64+0.10 ms clock, 2.7+0.71/0.94/0+1.6 ms cpu, 3->4->2 MB, 4 MB goal, 0 MB stacks, 0 MB globals, 16 P
gc 11575 @53.445s 4%: 0.12+0.57+0.15 ms clock, 1.9+0.57/0.80/0.003+2.5 ms cpu, 3->4->2 MB, 4 MB goal, 0 MB stacks, 0 MB globals, 16 P
gc 11576 @53.447s 4%: 0.10+0.50+0.14 ms clock, 1.6+0.55/0.84/0+2.2 ms cpu, 3->4->1 MB, 4 MB goal, 0 MB stacks, 0 MB globals, 16 P
gc 11577 @53.449s 4%: 0.18+0.61+0.090 ms clock, 2.8+0.62/0.82/0+1.4 ms cpu, 3->4->1 MB, 4 MB goal, 0 MB stacks, 0 MB globals, 16 P
gc 11578 @53.450s 4%: 0.15+0.73+0.10 ms clock, 2.4+0.70/0.67/0+1.6 ms cpu, 3->4->2 MB, 4 MB goal, 0 MB stacks, 0 MB globals, 16 P
gc 11579 @53.452s 4%: 0.11+0.57+0.11 ms clock, 1.7+0.47/0.91/0+1.8 ms cpu, 3->4->1 MB, 4 MB goal, 0 MB stacks, 0 MB globals, 16 P
gc 11580 @53.454s 4%: 0.14+0.58+0.072 ms clock, 2.2+0.54/0.84/0.019+1.1 ms cpu, 3->4->1 MB, 4 MB goal, 0 MB stacks, 0 MB globals, 16 P
gc 11581 @53.455s 4%: 0.14+0.45+0.054 ms clock, 2.3+0.78/0.79/0+0.87 ms cpu, 3->4->1 MB, 4 MB goal, 0 MB stacks, 0 MB globals, 16 P
gc 11582 @53.457s 4%: 0.11+0.63+0.11 ms clock, 1.8+0.63/0.80/0.052+1.7 ms cpu, 3->4->2 MB, 4 MB goal, 0 MB stacks, 0 MB globals, 16 P
gc 11583 @53.459s 4%: 0.11+0.49+0.15 ms clock, 1.9+0.66/0.77/0+2.5 ms cpu, 3->4->1 MB, 4 MB goal, 0 MB stacks, 0 MB globals, 16 P
gc 11584 @53.460s 4%: 0.12+0.72+0.080 ms clock, 2.0+0.70/0.86/0.011+1.2 ms cpu, 3->4->2 MB, 4 MB goal, 0 MB stacks, 0 MB globals, 16 P
gc 11585 @53.462s 4%: 0.10+0.77+0.11 ms clock, 1.7+0.58/0.89/0+1.8 ms cpu, 3->4->2 MB, 4 MB goal, 0 MB stacks, 0 MB globals, 16 P
gc 11586 @53.464s 4%: 0.15+0.54+0.15 ms clock, 2.4+0.59/0.91/0.002+2.4 ms cpu, 3->4->1 MB, 4 MB goal, 0 MB stacks, 0 MB globals, 16 P
gc 11587 @53.466s 4%: 0.11+0.71+0.10 ms clock, 1.7+0.45/0.88/0+1.7 ms cpu, 3->4->2 MB, 4 MB goal, 0 MB stacks, 0 MB globals, 16 P
gc 11588 @53.468s 4%: 0.14+0.51+0.11 ms clock, 2.3+0.64/0.84/0+1.8 ms cpu, 3->4->1 MB, 4 MB goal, 0 MB stacks, 0 MB globals, 16 P
gc 11589 @53.469s 4%: 0.12+0.69+0.093 ms clock, 2.0+0.64/0.83/0+1.4 ms cpu, 3->4->2 MB, 4 MB goal, 0 MB stacks, 0 MB globals, 16 P
gc 11590 @53.471s 4%: 0.10+0.55+0.11 ms clock, 1.6+0.58/0.84/0.003+1.7 ms cpu, 3->4->1 MB, 4 MB goal, 0 MB stacks, 0 MB globals, 16 P
gc 11591 @53.473s 4%: 0.14+0.58+0.087 ms clock, 2.2+0.50/0.82/0+1.4 ms cpu, 3->4->1 MB, 4 MB goal, 0 MB stacks, 0 MB globals, 16 P
gc 11592 @53.474s 4%: 0.13+0.69+0.082 ms clock, 2.1+0.47/0.90/0+1.3 ms cpu, 3->4->2 MB, 4 MB goal, 0 MB stacks, 0 MB globals, 16 P
gc 11593 @53.476s 4%: 0.12+0.75+0.10 ms clock, 1.9+0.66/0.84/0+1.6 ms cpu, 3->4->2 MB, 4 MB goal, 0 MB stacks, 0 MB globals, 16 P
gc 11594 @53.478s 4%: 0.10+0.54+0.057 ms clock, 1.6+0.51/0.86/0+0.91 ms cpu, 3->4->1 MB, 4 MB goal, 0 MB stacks, 0 MB globals, 16 P
gc 11595 @53.480s 4%: 0.12+0.57+0.17 ms clock, 2.0+0.61/0.76/0+2.7 ms cpu, 3->4->1 MB, 4 MB goal, 0 MB stacks, 0 MB globals, 16 P
gc 11596 @53.482s 4%: 0.11+0.57+0.14 ms clock, 1.8+0.53/0.95/0+2.2 ms cpu, 3->4->1 MB, 4 MB goal, 0 MB stacks, 0 MB globals, 16 P
gc 11597 @53.483s 4%: 0.13+0.57+0.088 ms clock, 2.1+0.57/0.82/0.030+1.4 ms cpu, 3->4->2 MB, 4 MB goal, 0 MB stacks, 0 MB globals, 16 P
gc 11598 @53.485s 4%: 0.12+0.61+0.10 ms clock, 2.0+0.76/0.75/0.039+1.6 ms cpu, 3->4->2 MB, 4 MB goal, 0 MB stacks, 0 MB globals, 16 P
gc 11599 @53.487s 4%: 0.13+0.58+0.087 ms clock, 2.1+0.58/0.83/0.004+1.4 ms cpu, 3->4->1 MB, 4 MB goal, 0 MB stacks, 0 MB globals, 16 P
gc 11600 @53.488s 4%: 0.12+0.71+0.087 ms clock, 2.0+0.69/0.80/0+1.4 ms cpu, 3->4->2 MB, 4 MB goal, 0 MB stacks, 0 MB globals, 16 P
gc 11601 @53.490s 4%: 0.11+0.59+0.11 ms clock, 1.8+0.68/0.77/0+1.8 ms cpu, 3->4->1 MB, 4 MB goal, 0 MB stacks, 0 MB globals, 16 P
gc 11602 @53.492s 4%: 0.11+0.78+0.099 ms clock, 1.8+0.56/0.93/0+1.5 ms cpu, 3->4->2 MB, 4 MB goal, 0 MB stacks, 0 MB globals, 16 P
gc 11603 @53.494s 4%: 0.13+0.77+0.10 ms clock, 2.1+0.53/0.77/0+1.6 ms cpu, 3->4->2 MB, 4 MB goal, 0 MB stacks, 0 MB globals, 16 P
gc 11604 @53.496s 4%: 0.21+0.57+0.082 ms clock, 3.4+0.58/0.83/0+1.3 ms cpu, 3->4->2 MB, 4 MB goal, 0 MB stacks, 0 MB globals, 16 P
gc 11605 @53.497s 4%: 0.11+0.56+0.12 ms clock, 1.8+0.57/0.81/0+1.9 ms cpu, 3->4->2 MB, 4 MB goal, 0 MB stacks, 0 MB globals, 16 P
gc 11606 @53.499s 4%: 0.10+0.54+0.089 ms clock, 1.7+0.50/0.87/0.009+1.4 ms cpu, 3->4->1 MB, 4 MB goal, 0 MB stacks, 0 MB globals, 16 P
gc 11607 @53.501s 4%: 0.10+0.53+0.18 ms clock, 1.7+0.53/0.88/0+2.9 ms cpu, 3->4->1 MB, 4 MB goal, 0 MB stacks, 0 MB globals, 16 P
gc 11608 @53.502s 4%: 0.097+0.52+0.097 ms clock, 1.5+0.62/0.83/0.017+1.5 ms cpu, 3->4->1 MB, 4 MB goal, 0 MB stacks, 0 MB globals, 16 P
gc 11609 @53.504s 4%: 0.14+0.63+0.14 ms clock, 2.3+0.72/0.90/0+2.2 ms cpu, 3->4->2 MB, 4 MB goal, 0 MB stacks, 0 MB globals, 16 P
gc 11610 @53.506s 4%: 0.086+0.57+0.12 ms clock, 1.3+0.42/0.88/0+2.0 ms cpu, 3->4->1 MB, 4 MB goal, 0 MB stacks, 0 MB globals, 16 P
gc 11611 @53.507s 4%: 0.18+0.71+0.062 ms clock, 2.9+0.58/0.93/0.005+1.0 ms cpu, 3->4->2 MB, 4 MB goal, 0 MB stacks, 0 MB globals, 16 P
gc 11612 @53.509s 4%: 0.10+0.62+0.090 ms clock, 1.6+0.53/0.80/0+1.4 ms cpu, 3->4->2 MB, 4 MB goal, 0 MB stacks, 0 MB globals, 16 P
gc 11613 @53.511s 4%: 0.12+0.83+0.13 ms clock, 1.9+0.44/0.69/0.072+2.2 ms cpu, 3->4->2 MB, 4 MB goal, 0 MB stacks, 0 MB globals, 16 P
gc 11614 @53.513s 4%: 0.12+0.54+0.12 ms clock, 1.9+0.62/0.82/0+1.9 ms cpu, 3->4->1 MB, 4 MB goal, 0 MB stacks, 0 MB globals, 16 P
gc 11615 @53.514s 4%: 0.13+0.49+0.12 ms clock, 2.2+0.55/0.83/0.038+2.0 ms cpu, 3->4->1 MB, 4 MB goal, 0 MB stacks, 0 MB globals, 16 P
gc 11616 @53.516s 4%: 0.14+0.63+0.14 ms clock, 2.3+0.68/0.88/0+2.3 ms cpu, 3->4->2 MB, 4 MB goal, 0 MB stacks, 0 MB globals, 16 P
gc 11617 @53.518s 4%: 0.10+0.68+0.080 ms clock, 1.7+0.47/0.91/0.007+1.2 ms cpu, 3->4->1 MB, 4 MB goal, 0 MB stacks, 0 MB globals, 16 P
gc 11618 @53.519s 4%: 0.096+0.57+0.15 ms clock, 1.5+0.56/0.78/0.054+2.4 ms cpu, 3->4->1 MB, 4 MB goal, 0 MB stacks, 0 MB globals, 16 P
gc 11619 @53.521s 4%: 0.13+0.57+0.14 ms clock, 2.0+0.65/0.89/0+2.2 ms cpu, 3->4->2 MB, 4 MB goal, 0 MB stacks, 0 MB globals, 16 P
gc 11620 @53.522s 4%: 0.15+0.57+0.051 ms clock, 2.4+0.57/0.77/0+0.82 ms cpu, 3->4->1 MB, 4 MB goal, 0 MB stacks, 0 MB globals, 16 P
gc 11621 @53.524s 4%: 0.11+0.53+0.087 ms clock, 1.7+0.64/0.79/0+1.4 ms cpu, 3->4->1 MB, 4 MB goal, 0 MB stacks, 0 MB globals, 16 P
gc 11622 @53.526s 4%: 0.12+0.48+0.094 ms clock, 2.0+0.50/0.80/0+1.5 ms cpu, 3->4->1 MB, 4 MB goal, 0 MB stacks, 0 MB globals, 16 P
gc 11623 @53.527s 4%: 0.12+0.75+0.088 ms clock, 2.0+0.55/0.89/0.020+1.4 ms cpu, 3->4->2 MB, 4 MB goal, 0 MB stacks, 0 MB globals, 16 P
gc 11624 @53.529s 4%: 0.13+0.52+0.095 ms clock, 2.2+0.49/0.90/0.006+1.5 ms cpu, 3->4->1 MB, 4 MB goal, 0 MB stacks, 0 MB globals, 16 P
gc 11625 @53.531s 4%: 0.10+0.54+0.20 ms clock, 1.6+0.51/0.73/0.008+3.3 ms cpu, 3->4->1 MB, 4 MB goal, 0 MB stacks, 0 MB globals, 16 P
gc 11626 @53.532s 4%: 0.14+0.55+0.11 ms clock, 2.2+0.54/0.81/0+1.7 ms cpu, 3->4->2 MB, 4 MB goal, 0 MB stacks, 0 MB globals, 16 P
gc 11627 @53.534s 4%: 0.15+0.54+0.21 ms clock, 2.4+0.57/0.92/0.013+3.4 ms cpu, 3->4->2 MB, 4 MB goal, 0 MB stacks, 0 MB globals, 16 P
gc 11628 @53.536s 4%: 0.092+0.87+0.10 ms clock, 1.4+0.65/0.82/0+1.6 ms cpu, 3->4->2 MB, 4 MB goal, 0 MB stacks, 0 MB globals, 16 P
gc 11629 @53.538s 4%: 0.10+0.49+0.12 ms clock, 1.7+0.44/0.85/0.008+1.9 ms cpu, 4->4->1 MB, 4 MB goal, 0 MB stacks, 0 MB globals, 16 P
gc 11630 @53.539s 4%: 0.19+0.73+0.050 ms clock, 3.0+0.51/0.89/0.004+0.80 ms cpu, 3->4->2 MB, 4 MB goal, 0 MB stacks, 0 MB globals, 16 P
gc 11631 @53.541s 4%: 0.12+0.52+0.13 ms clock, 2.0+0.62/0.85/0+2.1 ms cpu, 3->4->1 MB, 4 MB goal, 0 MB stacks, 0 MB globals, 16 P
gc 11632 @53.543s 4%: 0.11+0.63+0.10 ms clock, 1.7+0.61/0.78/0.018+1.6 ms cpu, 3->4->2 MB, 4 MB goal, 0 MB stacks, 0 MB globals, 16 P
gc 11633 @53.545s 4%: 0.15+0.60+0.11 ms clock, 2.4+0.80/0.81/0+1.8 ms cpu, 3->4->2 MB, 4 MB goal, 0 MB stacks, 0 MB globals, 16 P
gc 11634 @53.547s 4%: 0.15+0.56+0.15 ms clock, 2.5+0.57/0.77/0.004+2.5 ms cpu, 3->4->1 MB, 4 MB goal, 0 MB stacks, 0 MB globals, 16 P
gc 11635 @53.548s 4%: 0.11+0.48+0.12 ms clock, 1.9+0.68/0.86/0.006+2.0 ms cpu, 3->4->1 MB, 4 MB goal, 0 MB stacks, 0 MB globals, 16 P
gc 11636 @53.550s 4%: 0.12+0.54+0.11 ms clock, 2.0+0.56/0.83/0+1.8 ms cpu, 3->4->1 MB, 4 MB goal, 0 MB stacks, 0 MB globals, 16 P
gc 11637 @53.552s 4%: 0.12+0.55+0.053 ms clock, 2.0+0.65/0.76/0+0.85 ms cpu, 3->4->1 MB, 4 MB goal, 0 MB stacks, 0 MB globals, 16 P
gc 11638 @53.553s 4%: 0.12+0.71+0.10 ms clock, 2.0+0.69/0.85/0+1.6 ms cpu, 3->4->2 MB, 4 MB goal, 0 MB stacks, 0 MB globals, 16 P
gc 11639 @53.555s 4%: 0.12+0.58+0.11 ms clock, 2.0+0.56/0.85/0.002+1.8 ms cpu, 3->4->2 MB, 4 MB goal, 0 MB stacks, 0 MB globals, 16 P
gc 11640 @53.557s 4%: 0.14+0.69+0.096 ms clock, 2.2+0.76/0.68/0+1.5 ms cpu, 3->4->2 MB, 4 MB goal, 0 MB stacks, 0 MB globals, 16 P
gc 11641 @53.559s 4%: 0.14+0.59+0.080 ms clock, 2.2+0.53/0.87/0+1.2 ms cpu, 3->4->2 MB, 4 MB goal, 0 MB stacks, 0 MB globals, 16 P
gc 11642 @53.560s 4%: 0.13+0.66+0.095 ms clock, 2.1+0.67/0.75/0+1.5 ms cpu, 3->4->2 MB, 4 MB goal, 0 MB stacks, 0 MB globals, 16 P
gc 11643 @53.562s 4%: 0.14+0.68+0.092 ms clock, 2.3+0.52/0.85/0+1.4 ms cpu, 3->4->2 MB, 4 MB goal, 0 MB stacks, 0 MB globals, 16 P
gc 11644 @53.564s 4%: 0.11+0.58+0.099 ms clock, 1.8+0.49/0.91/0+1.5 ms cpu, 3->4->1 MB, 4 MB goal, 0 MB stacks, 0 MB globals, 16 P
gc 11645 @53.565s 4%: 0.10+0.52+0.16 ms clock, 1.7+0.67/0.78/0.018+2.7 ms cpu, 3->4->1 MB, 4 MB goal, 0 MB stacks, 0 MB globals, 16 P
gc 11646 @53.567s 4%: 0.12+0.58+0.14 ms clock, 2.0+0.57/0.87/0.014+2.3 ms cpu, 3->4->2 MB, 4 MB goal, 0 MB stacks, 0 MB globals, 16 P
gc 11647 @53.569s 4%: 0.14+0.71+0.099 ms clock, 2.3+0.61/0.80/0+1.5 ms cpu, 3->4->2 MB, 4 MB goal, 0 MB stacks, 0 MB globals, 16 P
gc 11648 @53.571s 4%: 0.12+0.47+0.087 ms clock, 1.9+0.57/0.82/0+1.4 ms cpu, 3->4->1 MB, 4 MB goal, 0 MB stacks, 0 MB globals, 16 P
gc 11649 @53.572s 4%: 0.13+0.74+0.086 ms clock, 2.2+0.62/0.78/0+1.3 ms cpu, 3->4->2 MB, 4 MB goal, 0 MB stacks, 0 MB globals, 16 P
gc 11650 @53.574s 4%: 0.12+0.59+0.13 ms clock, 2.0+0.63/0.93/0+2.1 ms cpu, 3->4->2 MB, 4 MB goal, 0 MB stacks, 0 MB globals, 16 P
gc 11651 @53.576s 4%: 0.090+0.47+0.079 ms clock, 1.4+0.57/0.82/0+1.2 ms cpu, 3->4->1 MB, 4 MB goal, 0 MB stacks, 0 MB globals, 16 P
gc 11652 @53.577s 4%: 0.15+0.55+0.083 ms clock, 2.4+0.55/0.92/0.038+1.3 ms cpu, 3->4->1 MB, 4 MB goal, 0 MB stacks, 0 MB globals, 16 P
gc 11653 @53.579s 4%: 0.13+0.72+0.060 ms clock, 2.2+0.48/0.89/0+0.96 ms cpu, 3->4->2 MB, 4 MB goal, 0 MB stacks, 0 MB globals, 16 P
gc 11654 @53.581s 4%: 0.20+0.83+0.084 ms clock, 3.2+0.60/0.85/0.002+1.3 ms cpu, 3->4->2 MB, 4 MB goal, 0 MB stacks, 0 MB globals, 16 P
gc 11655 @53.582s 4%: 0.12+0.82+0.10 ms clock, 1.9+0.73/0.82/0.041+1.6 ms cpu, 3->4->2 MB, 4 MB goal, 0 MB stacks, 0 MB globals, 16 P
gc 11656 @53.585s 4%: 0.11+0.79+0.090 ms clock, 1.8+0.65/0.80/0.001+1.4 ms cpu, 4->4->2 MB, 4 MB goal, 0 MB stacks, 0 MB globals, 16 P
gc 11657 @53.586s 4%: 0.099+0.58+0.092 ms clock, 1.5+0.48/0.90/0+1.4 ms cpu, 3->4->1 MB, 4 MB goal, 0 MB stacks, 0 MB globals, 16 P
gc 11658 @53.588s 4%: 0.19+0.68+0.055 ms clock, 3.1+0.52/0.83/0+0.88 ms cpu, 3->4->1 MB, 4 MB goal, 0 MB stacks, 0 MB globals, 16 P
gc 11659 @53.590s 4%: 0.17+0.66+0.073 ms clock, 2.7+0.58/0.87/0+1.1 ms cpu, 3->4->2 MB, 4 MB goal, 0 MB stacks, 0 MB globals, 16 P
gc 11660 @53.592s 4%: 0.13+0.69+0.11 ms clock, 2.2+0.58/1.0/0+1.8 ms cpu, 3->4->2 MB, 4 MB goal, 0 MB stacks, 0 MB globals, 16 P
gc 11661 @53.594s 4%: 0.10+0.53+0.094 ms clock, 1.6+0.69/0.80/0+1.5 ms cpu, 3->4->1 MB, 4 MB goal, 0 MB stacks, 0 MB globals, 16 P
gc 11662 @53.595s 4%: 0.13+0.60+0.12 ms clock, 2.2+0.59/0.72/0.10+1.9 ms cpu, 3->4->1 MB, 4 MB goal, 0 MB stacks, 0 MB globals, 16 P
gc 11663 @53.597s 4%: 0.13+0.55+0.14 ms clock, 2.2+0.53/0.80/0+2.3 ms cpu, 3->4->2 MB, 4 MB goal, 0 MB stacks, 0 MB globals, 16 P
gc 11664 @53.599s 4%: 0.10+0.65+0.10 ms clock, 1.7+0.58/0.88/0+1.6 ms cpu, 3->4->2 MB, 4 MB goal, 0 MB stacks, 0 MB globals, 16 P
gc 11665 @53.601s 4%: 0.15+0.64+0.12 ms clock, 2.4+0.50/0.88/0.018+1.9 ms cpu, 3->4->2 MB, 4 MB goal, 0 MB stacks, 0 MB globals, 16 P
gc 11666 @53.602s 4%: 0.086+0.69+0.11 ms clock, 1.3+0.56/0.90/0.011+1.7 ms cpu, 3->4->2 MB, 4 MB goal, 0 MB stacks, 0 MB globals, 16 P
gc 11667 @53.604s 4%: 0.16+0.57+0.10 ms clock, 2.6+0.55/0.82/0+1.7 ms cpu, 3->4->2 MB, 4 MB goal, 0 MB stacks, 0 MB globals, 16 P
gc 11668 @53.606s 4%: 0.10+0.43+0.23 ms clock, 1.7+0.41/0.85/0.003+3.7 ms cpu, 3->4->1 MB, 4 MB goal, 0 MB stacks, 0 MB globals, 16 P
gc 11669 @53.607s 4%: 0.13+0.72+0.10 ms clock, 2.2+0.64/0.91/0.043+1.6 ms cpu, 3->4->1 MB, 4 MB goal, 0 MB stacks, 0 MB globals, 16 P
gc 11670 @53.609s 4%: 0.11+0.76+0.096 ms clock, 1.9+0.46/0.97/0+1.5 ms cpu, 3->4->2 MB, 4 MB goal, 0 MB stacks, 0 MB globals, 16 P
gc 11671 @53.611s 4%: 0.10+0.62+0.097 ms clock, 1.6+0.66/0.78/0.003+1.5 ms cpu, 3->4->1 MB, 4 MB goal, 0 MB stacks, 0 MB globals, 16 P
gc 11672 @53.613s 4%: 0.099+0.67+0.12 ms clock, 1.5+0.64/0.81/0+1.9 ms cpu, 3->4->2 MB, 4 MB goal, 0 MB stacks, 0 MB globals, 16 P
gc 11673 @53.614s 4%: 0.11+0.72+0.056 ms clock, 1.8+0.56/0.70/0+0.90 ms cpu, 3->4->1 MB, 4 MB goal, 0 MB stacks, 0 MB globals, 16 P
gc 11674 @53.616s 4%: 0.14+0.50+0.14 ms clock, 2.3+0.72/0.78/0+2.3 ms cpu, 3->4->1 MB, 4 MB goal, 0 MB stacks, 0 MB globals, 16 P
gc 11675 @53.618s 4%: 0.12+0.51+0.097 ms clock, 2.0+0.51/0.79/0+1.5 ms cpu, 3->4->1 MB, 4 MB goal, 0 MB stacks, 0 MB globals, 16 P
gc 11676 @53.619s 4%: 0.13+0.51+0.12 ms clock, 2.1+0.59/0.87/0+2.0 ms cpu, 3->4->1 MB, 4 MB goal, 0 MB stacks, 0 MB globals, 16 P
gc 11677 @53.621s 4%: 0.13+0.60+0.12 ms clock, 2.1+0.53/0.81/0+2.0 ms cpu, 3->4->2 MB, 4 MB goal, 0 MB stacks, 0 MB globals, 16 P
gc 11678 @53.622s 4%: 0.10+0.47+0.17 ms clock, 1.7+0.55/0.77/0+2.8 ms cpu, 3->4->1 MB, 4 MB goal, 0 MB stacks, 0 MB globals, 16 P
gc 11679 @53.624s 4%: 0.12+0.53+0.082 ms clock, 1.9+0.55/0.90/0+1.3 ms cpu, 3->4->1 MB, 4 MB goal, 0 MB stacks, 0 MB globals, 16 P
gc 11680 @53.626s 4%: 0.10+0.56+0.13 ms clock, 1.7+0.56/0.78/0+2.1 ms cpu, 3->4->1 MB, 4 MB goal, 0 MB stacks, 0 MB globals, 16 P
gc 11681 @53.627s 4%: 0.13+0.45+0.18 ms clock, 2.1+0.57/0.75/0.050+3.0 ms cpu, 3->4->1 MB, 4 MB goal, 0 MB stacks, 0 MB globals, 16 P
gc 11682 @53.629s 4%: 0.097+0.73+0.088 ms clock, 1.5+0.54/0.93/0+1.4 ms cpu, 3->4->2 MB, 4 MB goal, 0 MB stacks, 0 MB globals, 16 P
gc 11683 @53.630s 4%: 0.14+0.54+0.11 ms clock, 2.3+0.57/0.88/0+1.7 ms cpu, 3->4->2 MB, 4 MB goal, 0 MB stacks, 0 MB globals, 16 P
gc 11684 @53.632s 4%: 0.15+0.59+0.13 ms clock, 2.4+0.46/0.84/0.004+2.1 ms cpu, 3->4->2 MB, 4 MB goal, 0 MB stacks, 0 MB globals, 16 P
gc 11685 @53.634s 4%: 0.15+0.58+0.098 ms clock, 2.5+0.73/0.80/0+1.5 ms cpu, 3->4->2 MB, 4 MB goal, 0 MB stacks, 0 MB globals, 16 P
gc 11686 @53.636s 4%: 0.095+0.65+0.092 ms clock, 1.5+0.46/0.98/0.004+1.4 ms cpu, 3->4->2 MB, 4 MB goal, 0 MB stacks, 0 MB globals, 16 P
gc 11687 @53.638s 4%: 0.11+0.61+0.097 ms clock, 1.9+0.43/0.81/0+1.5 ms cpu, 3->4->2 MB, 4 MB goal, 0 MB stacks, 0 MB globals, 16 P
gc 11688 @53.639s 4%: 0.11+0.53+0.10 ms clock, 1.8+0.55/0.68/0.064+1.7 ms cpu, 3->4->1 MB, 4 MB goal, 0 MB stacks, 0 MB globals, 16 P
gc 11689 @53.641s 4%: 0.13+0.58+0.11 ms clock, 2.2+0.44/0.93/0+1.8 ms cpu, 3->4->1 MB, 4 MB goal, 0 MB stacks, 0 MB globals, 16 P
gc 11690 @53.643s 4%: 0.076+0.39+0.14 ms clock, 1.2+0.52/0.68/0.045+2.2 ms cpu, 3->3->1 MB, 4 MB goal, 0 MB stacks, 0 MB globals, 16 P
gc 11691 @53.644s 4%: 0.17+0.59+0.14 ms clock, 2.8+0.76/0.81/0+2.2 ms cpu, 3->4->1 MB, 4 MB goal, 0 MB stacks, 0 MB globals, 16 P
gc 11692 @53.646s 4%: 0.090+0.57+0.12 ms clock, 1.4+0.66/0.83/0+2.0 ms cpu, 3->4->2 MB, 4 MB goal, 0 MB stacks, 0 MB globals, 16 P
gc 11693 @53.647s 4%: 0.13+0.80+0.099 ms clock, 2.1+0.68/0.80/0+1.5 ms cpu, 3->4->2 MB, 4 MB goal, 0 MB stacks, 0 MB globals, 16 P
gc 11694 @53.649s 4%: 0.11+0.74+0.098 ms clock, 1.9+0.57/0.98/0.003+1.5 ms cpu, 3->4->2 MB, 4 MB goal, 0 MB stacks, 0 MB globals, 16 P
gc 11695 @53.651s 4%: 0.15+0.63+0.13 ms clock, 2.5+0.58/0.87/0+2.2 ms cpu, 3->4->2 MB, 4 MB goal, 0 MB stacks, 0 MB globals, 16 P
gc 11696 @53.653s 4%: 0.14+0.52+0.12 ms clock, 2.3+0.45/0.94/0+2.0 ms cpu, 3->4->1 MB, 4 MB goal, 0 MB stacks, 0 MB globals, 16 P
gc 11697 @53.655s 4%: 0.12+0.48+0.16 ms clock, 1.9+0.54/0.77/0.067+2.5 ms cpu, 3->4->1 MB, 4 MB goal, 0 MB stacks, 0 MB globals, 16 P
gc 11698 @53.656s 4%: 0.12+0.67+0.10 ms clock, 2.0+0.76/0.93/0+1.6 ms cpu, 3->4->2 MB, 4 MB goal, 0 MB stacks, 0 MB globals, 16 P
gc 11699 @53.658s 4%: 0.13+0.50+0.10 ms clock, 2.2+0.68/0.71/0.034+1.7 ms cpu, 3->4->1 MB, 4 MB goal, 0 MB stacks, 0 MB globals, 16 P
gc 11700 @53.660s 4%: 0.12+0.66+0.062 ms clock, 1.9+0.58/0.84/0.011+1.0 ms cpu, 3->4->2 MB, 4 MB goal, 0 MB stacks, 0 MB globals, 16 P
gc 11701 @53.661s 4%: 0.14+0.63+0.10 ms clock, 2.3+0.60/0.76/0.063+1.6 ms cpu, 3->4->1 MB, 4 MB goal, 0 MB stacks, 0 MB globals, 16 P
gc 11702 @53.663s 4%: 0.11+0.68+0.053 ms clock, 1.9+0.48/0.85/0.023+0.84 ms cpu, 3->4->2 MB, 4 MB goal, 0 MB stacks, 0 MB globals, 16 P
gc 11703 @53.665s 4%: 0.12+0.82+0.10 ms clock, 1.9+0.57/0.79/0+1.6 ms cpu, 3->4->2 MB, 4 MB goal, 0 MB stacks, 0 MB globals, 16 P
gc 11704 @53.667s 4%: 0.14+0.52+0.11 ms clock, 2.2+0.59/0.85/0+1.8 ms cpu, 4->4->1 MB, 4 MB goal, 0 MB stacks, 0 MB globals, 16 P
gc 11705 @53.669s 4%: 0.11+0.68+0.13 ms clock, 1.8+0.48/0.79/0+2.1 ms cpu, 3->4->2 MB, 4 MB goal, 0 MB stacks, 0 MB globals, 16 P
gc 11706 @53.670s 4%: 0.12+0.67+0.10 ms clock, 1.9+0.58/0.88/0+1.7 ms cpu, 3->4->2 MB, 4 MB goal, 0 MB stacks, 0 MB globals, 16 P
gc 11707 @53.672s 4%: 0.12+0.64+0.13 ms clock, 2.0+0.69/0.78/0.053+2.1 ms cpu, 3->4->2 MB, 4 MB goal, 0 MB stacks, 0 MB globals, 16 P
gc 11708 @53.674s 4%: 0.098+0.63+0.082 ms clock, 1.5+0.61/0.76/0+1.3 ms cpu, 3->4->1 MB, 4 MB goal, 0 MB stacks, 0 MB globals, 16 P
gc 11709 @53.676s 4%: 0.12+0.54+0.10 ms clock, 1.9+0.76/0.84/0+1.6 ms cpu, 3->4->1 MB, 4 MB goal, 0 MB stacks, 0 MB globals, 16 P
gc 11710 @53.677s 4%: 0.14+0.76+0.097 ms clock, 2.3+0.55/0.71/0+1.5 ms cpu, 3->4->2 MB, 4 MB goal, 0 MB stacks, 0 MB globals, 16 P
gc 11711 @53.680s 4%: 0.10+0.72+0.11 ms clock, 1.7+0.59/0.77/0+1.8 ms cpu, 4->4->1 MB, 4 MB goal, 0 MB stacks, 0 MB globals, 16 P
gc 11712 @53.681s 4%: 0.11+0.48+0.085 ms clock, 1.8+0.56/0.81/0+1.3 ms cpu, 3->4->1 MB, 4 MB goal, 0 MB stacks, 0 MB globals, 16 P
gc 11713 @53.683s 4%: 0.099+0.51+0.14 ms clock, 1.5+0.56/0.79/0.007+2.3 ms cpu, 3->4->1 MB, 4 MB goal, 0 MB stacks, 0 MB globals, 16 P
gc 11714 @53.684s 4%: 0.20+0.54+0.084 ms clock, 3.2+0.54/0.88/0+1.3 ms cpu, 3->4->2 MB, 4 MB goal, 0 MB stacks, 0 MB globals, 16 P
gc 11715 @53.686s 4%: 0.095+0.58+0.086 ms clock, 1.5+0.52/0.98/0+1.3 ms cpu, 3->4->1 MB, 4 MB goal, 0 MB stacks, 0 MB globals, 16 P
gc 11716 @53.688s 4%: 0.14+0.65+0.10 ms clock, 2.2+0.75/0.93/0+1.6 ms cpu, 3->4->2 MB, 4 MB goal, 0 MB stacks, 0 MB globals, 16 P
gc 11717 @53.690s 4%: 0.14+0.50+0.21 ms clock, 2.3+0.48/0.92/0.001+3.4 ms cpu, 3->4->1 MB, 4 MB goal, 0 MB stacks, 0 MB globals, 16 P
gc 11718 @53.691s 4%: 0.13+1.0+0.10 ms clock, 2.0+0.67/0.91/0+1.6 ms cpu, 3->4->2 MB, 4 MB goal, 0 MB stacks, 0 MB globals, 16 P
gc 11719 @53.693s 4%: 0.14+0.76+0.091 ms clock, 2.3+0.52/0.84/0.011+1.4 ms cpu, 4->4->2 MB, 4 MB goal, 0 MB stacks, 0 MB globals, 16 P
gc 11720 @53.695s 4%: 0.13+0.55+0.19 ms clock, 2.1+0.56/0.82/0.006+3.0 ms cpu, 3->4->1 MB, 4 MB goal, 0 MB stacks, 0 MB globals, 16 P
gc 11721 @53.697s 4%: 0.11+0.70+0.099 ms clock, 1.9+0.63/0.89/0+1.5 ms cpu, 3->4->2 MB, 4 MB goal, 0 MB stacks, 0 MB globals, 16 P
gc 11722 @53.699s 4%: 0.082+0.55+0.11 ms clock, 1.3+0.64/0.83/0.016+1.8 ms cpu, 3->4->1 MB, 4 MB goal, 0 MB stacks, 0 MB globals, 16 P
gc 11723 @53.700s 4%: 0.079+0.46+0.10 ms clock, 1.2+0.69/0.78/0.014+1.7 ms cpu, 3->4->1 MB, 4 MB goal, 0 MB stacks, 0 MB globals, 16 P
gc 11724 @53.702s 4%: 0.13+0.40+0.11 ms clock, 2.2+0.70/0.69/0+1.8 ms cpu, 3->3->1 MB, 4 MB goal, 0 MB stacks, 0 MB globals, 16 P
gc 11725 @53.703s 4%: 0.10+0.49+0.10 ms clock, 1.7+0.68/0.79/0+1.6 ms cpu, 3->4->1 MB, 4 MB goal, 0 MB stacks, 0 MB globals, 16 P
gc 11726 @53.705s 4%: 0.14+0.53+0.15 ms clock, 2.3+0.54/0.87/0+2.4 ms cpu, 3->4->1 MB, 4 MB goal, 0 MB stacks, 0 MB globals, 16 P
gc 11727 @53.706s 4%: 0.16+0.50+0.20 ms clock, 2.5+0.70/0.79/0.005+3.2 ms cpu, 3->4->2 MB, 4 MB goal, 0 MB stacks, 0 MB globals, 16 P
gc 11728 @53.708s 4%: 0.11+0.60+0.089 ms clock, 1.8+0.63/0.78/0+1.4 ms cpu, 3->4->2 MB, 4 MB goal, 0 MB stacks, 0 MB globals, 16 P
gc 11729 @53.710s 4%: 0.16+0.56+0.14 ms clock, 2.5+0.61/0.84/0+2.3 ms cpu, 3->4->2 MB, 4 MB goal, 0 MB stacks, 0 MB globals, 16 P
gc 11730 @53.711s 4%: 0.12+0.65+0.097 ms clock, 2.0+0.58/0.81/0+1.5 ms cpu, 3->4->1 MB, 4 MB goal, 0 MB stacks, 0 MB globals, 16 P
gc 11731 @53.713s 4%: 0.12+0.56+0.085 ms clock, 2.0+0.53/0.86/0.014+1.3 ms cpu, 3->4->2 MB, 4 MB goal, 0 MB stacks, 0 MB globals, 16 P
gc 11732 @53.715s 4%: 0.12+0.58+0.083 ms clock, 1.9+0.64/0.74/0.094+1.3 ms cpu, 3->4->2 MB, 4 MB goal, 0 MB stacks, 0 MB globals, 16 P
gc 11733 @53.717s 4%: 0.11+0.82+0.079 ms clock, 1.7+0.54/0.93/0.019+1.2 ms cpu, 3->4->2 MB, 4 MB goal, 0 MB stacks, 0 MB globals, 16 P
gc 11734 @53.719s 4%: 0.14+0.57+0.092 ms clock, 2.3+0.61/0.88/0+1.4 ms cpu, 3->4->2 MB, 4 MB goal, 0 MB stacks, 0 MB globals, 16 P
gc 11735 @53.721s 4%: 0.13+0.70+0.065 ms clock, 2.1+0.57/0.95/0.003+1.0 ms cpu, 3->4->2 MB, 4 MB goal, 0 MB stacks, 0 MB globals, 16 P
gc 11736 @53.722s 4%: 0.11+0.62+0.17 ms clock, 1.8+0.70/0.73/0.019+2.7 ms cpu, 3->4->2 MB, 4 MB goal, 0 MB stacks, 0 MB globals, 16 P
gc 11737 @53.724s 4%: 0.13+0.56+0.084 ms clock, 2.1+0.53/0.92/0+1.3 ms cpu, 3->4->1 MB, 4 MB goal, 0 MB stacks, 0 MB globals, 16 P
gc 11738 @53.726s 4%: 0.11+0.63+0.088 ms clock, 1.8+0.62/0.92/0.002+1.4 ms cpu, 3->4->2 MB, 4 MB goal, 0 MB stacks, 0 MB globals, 16 P
gc 11739 @53.728s 4%: 0.10+0.62+0.094 ms clock, 1.7+0.50/0.84/0+1.5 ms cpu, 3->4->2 MB, 4 MB goal, 0 MB stacks, 0 MB globals, 16 P
gc 11740 @53.729s 4%: 0.12+0.51+0.13 ms clock, 2.0+0.65/0.78/0.024+2.0 ms cpu, 3->4->1 MB, 4 MB goal, 0 MB stacks, 0 MB globals, 16 P
gc 11741 @53.731s 4%: 0.11+0.69+0.13 ms clock, 1.8+0.57/0.83/0+2.2 ms cpu, 3->4->1 MB, 4 MB goal, 0 MB stacks, 0 MB globals, 16 P
gc 11742 @53.733s 4%: 0.085+0.45+0.10 ms clock, 1.3+0.55/0.77/0+1.7 ms cpu, 3->4->1 MB, 4 MB goal, 0 MB stacks, 0 MB globals, 16 P
gc 11743 @53.734s 4%: 0.11+0.57+0.10 ms clock, 1.8+0.65/0.93/0.025+1.6 ms cpu, 3->4->1 MB, 4 MB goal, 0 MB stacks, 0 MB globals, 16 P
gc 11744 @53.736s 4%: 0.16+0.49+0.12 ms clock, 2.6+0.61/0.77/0.028+2.0 ms cpu, 3->4->1 MB, 4 MB goal, 0 MB stacks, 0 MB globals, 16 P
gc 11745 @53.738s 4%: 0.14+0.58+0.097 ms clock, 2.3+0.71/0.91/0+1.5 ms cpu, 3->4->2 MB, 4 MB goal, 0 MB stacks, 0 MB globals, 16 P
gc 11746 @53.739s 4%: 0.099+0.56+0.12 ms clock, 1.5+0.67/0.87/0+1.9 ms cpu, 3->4->2 MB, 4 MB goal, 0 MB stacks, 0 MB globals, 16 P
gc 11747 @53.741s 4%: 0.13+0.48+0.13 ms clock, 2.1+0.43/0.96/0+2.2 ms cpu, 3->4->1 MB, 4 MB goal, 0 MB stacks, 0 MB globals, 16 P
gc 11748 @53.742s 4%: 0.14+0.47+0.13 ms clock, 2.3+0.59/0.84/0.001+2.1 ms cpu, 3->4->1 MB, 4 MB goal, 0 MB stacks, 0 MB globals, 16 P
gc 11749 @53.744s 4%: 0.19+0.47+0.13 ms clock, 3.1+0.67/0.67/0.043+2.1 ms cpu, 3->4->1 MB, 4 MB goal, 0 MB stacks, 0 MB globals, 16 P
gc 11750 @53.746s 4%: 0.11+0.52+0.10 ms clock, 1.8+0.71/0.79/0+1.6 ms cpu, 3->4->1 MB, 4 MB goal, 0 MB stacks, 0 MB globals, 16 P
gc 11751 @53.747s 4%: 0.081+0.53+0.11 ms clock, 1.3+0.61/0.83/0+1.8 ms cpu, 3->4->1 MB, 4 MB goal, 0 MB stacks, 0 MB globals, 16 P
gc 11752 @53.749s 4%: 0.12+0.51+0.17 ms clock, 2.0+0.52/0.82/0+2.8 ms cpu, 3->4->1 MB, 4 MB goal, 0 MB stacks, 0 MB globals, 16 P
gc 11753 @53.750s 4%: 0.11+0.60+0.10 ms clock, 1.8+0.46/0.79/0+1.6 ms cpu, 3->4->2 MB, 4 MB goal, 0 MB stacks, 0 MB globals, 16 P
gc 11754 @53.752s 4%: 0.16+0.83+0.087 ms clock, 2.6+0.69/0.73/0+1.3 ms cpu, 3->4->2 MB, 4 MB goal, 0 MB stacks, 0 MB globals, 16 P
gc 11755 @53.754s 4%: 0.12+0.52+0.096 ms clock, 1.9+0.58/0.72/0.032+1.5 ms cpu, 3->4->1 MB, 4 MB goal, 0 MB stacks, 0 MB globals, 16 P
gc 11756 @53.756s 4%: 0.10+0.72+0.069 ms clock, 1.6+0.54/0.74/0.029+1.1 ms cpu, 3->4->2 MB, 4 MB goal, 0 MB stacks, 0 MB globals, 16 P
gc 11757 @53.757s 4%: 0.082+0.60+0.10 ms clock, 1.3+0.50/0.81/0+1.7 ms cpu, 3->4->1 MB, 4 MB goal, 0 MB stacks, 0 MB globals, 16 P
gc 11758 @53.759s 4%: 0.10+0.44+0.15 ms clock, 1.6+0.52/0.69/0.092+2.4 ms cpu, 3->4->1 MB, 4 MB goal, 0 MB stacks, 0 MB globals, 16 P
gc 11759 @53.760s 4%: 0.11+0.60+0.083 ms clock, 1.8+0.53/0.79/0+1.3 ms cpu, 3->4->2 MB, 4 MB goal, 0 MB stacks, 0 MB globals, 16 P
gc 11760 @53.762s 4%: 0.15+0.64+0.099 ms clock, 2.4+0.76/0.90/0.019+1.5 ms cpu, 3->4->2 MB, 4 MB goal, 0 MB stacks, 0 MB globals, 16 P
gc 11761 @53.764s 4%: 0.13+0.56+0.10 ms clock, 2.1+0.57/0.80/0+1.7 ms cpu, 3->4->1 MB, 4 MB goal, 0 MB stacks, 0 MB globals, 16 P
gc 11762 @53.765s 4%: 0.11+0.62+0.14 ms clock, 1.9+0.68/0.86/0+2.2 ms cpu, 3->4->2 MB, 4 MB goal, 0 MB stacks, 0 MB globals, 16 P
gc 11763 @53.767s 4%: 0.13+0.49+0.10 ms clock, 2.2+0.64/0.85/0+1.6 ms cpu, 3->4->1 MB, 4 MB goal, 0 MB stacks, 0 MB globals, 16 P
gc 11764 @53.769s 4%: 0.12+0.51+0.11 ms clock, 2.0+0.69/0.85/0+1.8 ms cpu, 3->4->1 MB, 4 MB goal, 0 MB stacks, 0 MB globals, 16 P
gc 11765 @53.770s 4%: 0.13+0.52+0.14 ms clock, 2.1+0.61/0.74/0.030+2.2 ms cpu, 3->4->1 MB, 4 MB goal, 0 MB stacks, 0 MB globals, 16 P
gc 11766 @53.772s 4%: 0.20+0.65+0.099 ms clock, 3.3+0.65/0.91/0+1.5 ms cpu, 3->4->2 MB, 4 MB goal, 0 MB stacks, 0 MB globals, 16 P
gc 11767 @53.774s 4%: 0.12+0.55+0.13 ms clock, 2.0+0.64/0.79/0.015+2.1 ms cpu, 3->4->2 MB, 4 MB goal, 0 MB stacks, 0 MB globals, 16 P
gc 11768 @53.775s 4%: 0.15+0.82+0.11 ms clock, 2.4+0.60/0.81/0+1.7 ms cpu, 3->4->2 MB, 4 MB goal, 0 MB stacks, 0 MB globals, 16 P
gc 11769 @53.778s 4%: 0.11+0.49+0.15 ms clock, 1.7+0.58/0.83/0+2.4 ms cpu, 4->4->1 MB, 4 MB goal, 0 MB stacks, 0 MB globals, 16 P
gc 11770 @53.779s 4%: 0.10+0.67+0.088 ms clock, 1.7+0.59/0.95/0.022+1.4 ms cpu, 3->4->2 MB, 4 MB goal, 0 MB stacks, 0 MB globals, 16 P
gc 11771 @53.781s 4%: 0.13+0.63+0.082 ms clock, 2.1+0.57/0.95/0+1.3 ms cpu, 3->4->1 MB, 4 MB goal, 0 MB stacks, 0 MB globals, 16 P
gc 11772 @53.783s 4%: 0.10+0.53+0.11 ms clock, 1.6+0.57/0.91/0+1.8 ms cpu, 3->4->1 MB, 4 MB goal, 0 MB stacks, 0 MB globals, 16 P
gc 11773 @53.784s 4%: 0.18+0.75+0.095 ms clock, 2.9+0.74/0.91/0+1.5 ms cpu, 3->4->2 MB, 4 MB goal, 0 MB stacks, 0 MB globals, 16 P
gc 11774 @53.786s 4%: 0.13+0.60+0.062 ms clock, 2.1+0.55/0.89/0+1.0 ms cpu, 4->4->1 MB, 4 MB goal, 0 MB stacks, 0 MB globals, 16 P
gc 11775 @53.788s 4%: 0.094+0.46+0.14 ms clock, 1.5+0.19/0.83/0+2.3 ms cpu, 3->4->1 MB, 4 MB goal, 0 MB stacks, 0 MB globals, 16 P
gc 11776 @53.789s 4%: 0.14+0.51+0.087 ms clock, 2.3+0.53/0.93/0+1.4 ms cpu, 3->4->1 MB, 4 MB goal, 0 MB stacks, 0 MB globals, 16 P
gc 11777 @53.791s 4%: 0.14+0.62+0.11 ms clock, 2.2+0.63/0.74/0+1.8 ms cpu, 3->4->1 MB, 4 MB goal, 0 MB stacks, 0 MB globals, 16 P
gc 11778 @53.793s 4%: 0.11+0.57+0.080 ms clock, 1.8+0.53/0.80/0+1.2 ms cpu, 3->4->1 MB, 4 MB goal, 0 MB stacks, 0 MB globals, 16 P
gc 11779 @53.794s 4%: 0.12+0.57+0.13 ms clock, 1.9+0.59/0.76/0+2.1 ms cpu, 3->4->1 MB, 4 MB goal, 0 MB stacks, 0 MB globals, 16 P
gc 11780 @53.796s 4%: 0.13+0.63+0.12 ms clock, 2.1+0.49/0.85/0.019+1.9 ms cpu, 3->4->2 MB, 4 MB goal, 0 MB stacks, 0 MB globals, 16 P
gc 11781 @53.798s 4%: 0.11+0.66+0.10 ms clock, 1.8+0.55/0.96/0.009+1.7 ms cpu, 3->4->2 MB, 4 MB goal, 0 MB stacks, 0 MB globals, 16 P
gc 11782 @53.800s 4%: 0.11+0.63+0.11 ms clock, 1.8+0.52/0.88/0+1.8 ms cpu, 3->4->2 MB, 4 MB goal, 0 MB stacks, 0 MB globals, 16 P
gc 11783 @53.802s 4%: 0.15+0.58+0.078 ms clock, 2.4+0.79/0.77/0+1.2 ms cpu, 3->4->2 MB, 4 MB goal, 0 MB stacks, 0 MB globals, 16 P
gc 11784 @53.803s 4%: 0.10+0.76+0.10 ms clock, 1.7+0.67/0.75/0.077+1.7 ms cpu, 3->4->2 MB, 4 MB goal, 0 MB stacks, 0 MB globals, 16 P
gc 11785 @53.805s 4%: 0.10+0.51+0.081 ms clock, 1.6+0.48/0.78/0.066+1.2 ms cpu, 3->4->1 MB, 4 MB goal, 0 MB stacks, 0 MB globals, 16 P
gc 11786 @53.807s 4%: 0.11+0.51+0.13 ms clock, 1.7+0.53/0.79/0+2.1 ms cpu, 3->4->1 MB, 4 MB goal, 0 MB stacks, 0 MB globals, 16 P
gc 11787 @53.808s 4%: 0.090+0.72+0.092 ms clock, 1.4+0.66/0.73/0+1.4 ms cpu, 3->4->2 MB, 4 MB goal, 0 MB stacks, 0 MB globals, 16 P
gc 11788 @53.810s 4%: 0.16+0.64+0.082 ms clock, 2.5+0.56/0.79/0+1.3 ms cpu, 3->4->1 MB, 4 MB goal, 0 MB stacks, 0 MB globals, 16 P
gc 11789 @53.812s 4%: 0.11+0.57+0.10 ms clock, 1.8+0.35/0.76/0+1.6 ms cpu, 3->4->1 MB, 4 MB goal, 0 MB stacks, 0 MB globals, 16 P
gc 11790 @53.813s 4%: 0.11+0.62+0.080 ms clock, 1.8+0.56/0.86/0.033+1.2 ms cpu, 3->4->1 MB, 4 MB goal, 0 MB stacks, 0 MB globals, 16 P
gc 11791 @53.815s 4%: 0.15+0.48+0.10 ms clock, 2.5+0.68/0.71/0+1.6 ms cpu, 3->4->1 MB, 4 MB goal, 0 MB stacks, 0 MB globals, 16 P
gc 11792 @53.816s 4%: 0.094+0.59+0.061 ms clock, 1.5+0.49/0.81/0.036+0.98 ms cpu, 3->4->1 MB, 4 MB goal, 0 MB stacks, 0 MB globals, 16 P
gc 11793 @53.818s 4%: 0.14+0.53+0.11 ms clock, 2.3+0.83/0.66/0+1.8 ms cpu, 3->4->1 MB, 4 MB goal, 0 MB stacks, 0 MB globals, 16 P
gc 11794 @53.819s 4%: 0.15+0.50+0.21 ms clock, 2.5+0.62/0.76/0+3.3 ms cpu, 3->4->1 MB, 4 MB goal, 0 MB stacks, 0 MB globals, 16 P
gc 11795 @53.821s 4%: 0.10+0.62+0.056 ms clock, 1.6+0.48/0.89/0+0.90 ms cpu, 3->4->1 MB, 4 MB goal, 0 MB stacks, 0 MB globals, 16 P
gc 11796 @53.823s 4%: 0.10+0.68+0.097 ms clock, 1.7+0.55/0.85/0.008+1.5 ms cpu, 3->4->2 MB, 4 MB goal, 0 MB stacks, 0 MB globals, 16 P
gc 11797 @53.824s 4%: 0.087+0.61+0.049 ms clock, 1.4+0.58/0.79/0.057+0.78 ms cpu, 3->4->1 MB, 4 MB goal, 0 MB stacks, 0 MB globals, 16 P
gc 11798 @53.826s 4%: 0.13+0.52+0.093 ms clock, 2.1+0.64/0.79/0+1.5 ms cpu, 3->4->1 MB, 4 MB goal, 0 MB stacks, 0 MB globals, 16 P
gc 11799 @53.828s 4%: 0.11+0.52+0.15 ms clock, 1.8+0.52/0.87/0+2.4 ms cpu, 3->4->1 MB, 4 MB goal, 0 MB stacks, 0 MB globals, 16 P
gc 11800 @53.829s 4%: 0.18+0.66+0.10 ms clock, 3.0+0.75/0.75/0.007+1.6 ms cpu, 3->4->2 MB, 4 MB goal, 0 MB stacks, 0 MB globals, 16 P
gc 11801 @53.831s 4%: 0.14+0.69+0.077 ms clock, 2.3+0.59/0.86/0.006+1.2 ms cpu, 3->4->2 MB, 4 MB goal, 0 MB stacks, 0 MB globals, 16 P
gc 11802 @53.833s 4%: 0.14+0.62+0.075 ms clock, 2.2+0.52/0.85/0+1.2 ms cpu, 3->4->2 MB, 4 MB goal, 0 MB stacks, 0 MB globals, 16 P
gc 11803 @53.835s 4%: 0.10+0.75+0.082 ms clock, 1.6+0.63/0.88/0.008+1.3 ms cpu, 3->4->2 MB, 4 MB goal, 0 MB stacks, 0 MB globals, 16 P
gc 11804 @53.837s 4%: 0.13+0.54+0.13 ms clock, 2.1+0.55/0.89/0+2.0 ms cpu, 3->4->1 MB, 4 MB goal, 0 MB stacks, 0 MB globals, 16 P
gc 11805 @53.838s 4%: 0.15+0.67+0.091 ms clock, 2.4+0.58/0.78/0.003+1.4 ms cpu, 3->4->1 MB, 4 MB goal, 0 MB stacks, 0 MB globals, 16 P
gc 11806 @53.840s 4%: 0.14+0.48+0.10 ms clock, 2.3+0.67/0.76/0.002+1.6 ms cpu, 3->4->1 MB, 4 MB goal, 0 MB stacks, 0 MB globals, 16 P
gc 11807 @53.842s 4%: 0.13+0.55+0.12 ms clock, 2.1+0.59/0.77/0+1.9 ms cpu, 3->4->1 MB, 4 MB goal, 0 MB stacks, 0 MB globals, 16 P
gc 11808 @53.843s 4%: 0.078+0.43+0.18 ms clock, 1.2+0.50/0.77/0+2.9 ms cpu, 3->4->1 MB, 4 MB goal, 0 MB stacks, 0 MB globals, 16 P
gc 11809 @53.845s 4%: 0.11+0.60+0.074 ms clock, 1.8+0.58/0.90/0+1.1 ms cpu, 3->3->1 MB, 4 MB goal, 0 MB stacks, 0 MB globals, 16 P
gc 11810 @53.846s 4%: 0.10+0.54+0.10 ms clock, 1.6+0.61/0.86/0.030+1.6 ms cpu, 3->4->1 MB, 4 MB goal, 0 MB stacks, 0 MB globals, 16 P
gc 11811 @53.848s 4%: 0.12+0.67+0.052 ms clock, 1.9+0.67/0.83/0.031+0.83 ms cpu, 3->4->2 MB, 4 MB goal, 0 MB stacks, 0 MB globals, 16 P
gc 11812 @53.850s 4%: 0.16+0.63+0.12 ms clock, 2.5+0.64/0.83/0+2.0 ms cpu, 3->4->2 MB, 4 MB goal, 0 MB stacks, 0 MB globals, 16 P
gc 11813 @53.852s 4%: 0.11+0.53+0.10 ms clock, 1.8+0.57/0.78/0.013+1.6 ms cpu, 3->4->1 MB, 4 MB goal, 0 MB stacks, 0 MB globals, 16 P
gc 11814 @53.853s 4%: 0.14+0.74+0.079 ms clock, 2.2+0.66/0.77/0.018+1.2 ms cpu, 3->4->2 MB, 4 MB goal, 0 MB stacks, 0 MB globals, 16 P
gc 11815 @53.855s 4%: 0.096+0.51+0.12 ms clock, 1.5+0.58/0.87/0+2.0 ms cpu, 3->4->1 MB, 4 MB goal, 0 MB stacks, 0 MB globals, 16 P
gc 11816 @53.857s 4%: 0.10+0.56+0.084 ms clock, 1.7+0.61/0.93/0+1.3 ms cpu, 3->4->1 MB, 4 MB goal, 0 MB stacks, 0 MB globals, 16 P
gc 11817 @53.858s 4%: 0.13+0.54+0.10 ms clock, 2.0+0.56/0.86/0.014+1.7 ms cpu, 3->4->1 MB, 4 MB goal, 0 MB stacks, 0 MB globals, 16 P
gc 11818 @53.860s 4%: 0.18+0.56+0.20 ms clock, 2.9+0.64/0.88/0+3.3 ms cpu, 3->4->2 MB, 4 MB goal, 0 MB stacks, 0 MB globals, 16 P
gc 11819 @53.862s 4%: 0.14+0.67+0.086 ms clock, 2.3+0.46/0.86/0+1.3 ms cpu, 3->4->2 MB, 4 MB goal, 0 MB stacks, 0 MB globals, 16 P
gc 11820 @53.864s 4%: 0.16+0.64+0.068 ms clock, 2.5+0.52/0.82/0.011+1.1 ms cpu, 3->4->2 MB, 4 MB goal, 0 MB stacks, 0 MB globals, 16 P
gc 11821 @53.865s 4%: 0.17+0.51+0.14 ms clock, 2.7+0.58/0.79/0.026+2.2 ms cpu, 3->4->1 MB, 4 MB goal, 0 MB stacks, 0 MB globals, 16 P
gc 11822 @53.867s 4%: 0.15+0.65+0.14 ms clock, 2.4+0.51/0.89/0+2.3 ms cpu, 3->4->1 MB, 4 MB goal, 0 MB stacks, 0 MB globals, 16 P
gc 11823 @53.869s 4%: 0.17+0.65+0.078 ms clock, 2.7+0.58/0.88/0+1.2 ms cpu, 3->4->2 MB, 4 MB goal, 0 MB stacks, 0 MB globals, 16 P
gc 11824 @53.871s 4%: 0.15+0.56+0.15 ms clock, 2.5+0.56/0.81/0+2.4 ms cpu, 3->4->2 MB, 4 MB goal, 0 MB stacks, 0 MB globals, 16 P
gc 11825 @53.872s 4%: 0.10+0.47+0.15 ms clock, 1.7+0.63/0.93/0+2.4 ms cpu, 3->4->1 MB, 4 MB goal, 0 MB stacks, 0 MB globals, 16 P
gc 11826 @53.874s 4%: 0.14+0.63+0.13 ms clock, 2.3+0.67/0.86/0+2.1 ms cpu, 3->4->2 MB, 4 MB goal, 0 MB stacks, 0 MB globals, 16 P
gc 11827 @53.876s 4%: 0.11+0.44+0.16 ms clock, 1.8+0.58/0.68/0.053+2.6 ms cpu, 3->4->1 MB, 4 MB goal, 0 MB stacks, 0 MB globals, 16 P
gc 11828 @53.877s 4%: 0.18+0.49+0.068 ms clock, 2.9+0.49/0.83/0+1.1 ms cpu, 3->4->2 MB, 4 MB goal, 0 MB stacks, 0 MB globals, 16 P
gc 11829 @53.879s 4%: 0.10+0.75+0.10 ms clock, 1.6+0.56/0.91/0.004+1.6 ms cpu, 3->4->2 MB, 4 MB goal, 0 MB stacks, 0 MB globals, 16 P
gc 11830 @53.881s 4%: 0.11+0.56+0.084 ms clock, 1.8+0.63/0.94/0.001+1.3 ms cpu, 3->4->1 MB, 4 MB goal, 0 MB stacks, 0 MB globals, 16 P
gc 11831 @53.882s 4%: 0.16+0.70+0.097 ms clock, 2.5+0.78/0.91/0+1.5 ms cpu, 3->4->2 MB, 4 MB goal, 0 MB stacks, 0 MB globals, 16 P
gc 11832 @53.884s 4%: 0.17+0.61+0.11 ms clock, 2.8+0.56/0.84/0.10+1.9 ms cpu, 3->4->2 MB, 4 MB goal, 0 MB stacks, 0 MB globals, 16 P
gc 11833 @53.886s 4%: 0.14+0.55+0.15 ms clock, 2.3+0.61/0.92/0+2.4 ms cpu, 3->4->1 MB, 4 MB goal, 0 MB stacks, 0 MB globals, 16 P
gc 11834 @53.888s 4%: 0.13+0.62+0.17 ms clock, 2.2+0.83/0.73/0+2.8 ms cpu, 3->4->1 MB, 4 MB goal, 0 MB stacks, 0 MB globals, 16 P
gc 11835 @53.889s 4%: 0.15+0.48+0.13 ms clock, 2.5+0.58/0.81/0+2.2 ms cpu, 3->4->1 MB, 4 MB goal, 0 MB stacks, 0 MB globals, 16 P
gc 11836 @53.891s 4%: 0.11+0.61+0.11 ms clock, 1.8+0.64/0.67/0+1.8 ms cpu, 3->4->1 MB, 4 MB goal, 0 MB stacks, 0 MB globals, 16 P
gc 11837 @53.893s 4%: 0.14+0.49+0.13 ms clock, 2.2+0.71/0.82/0+2.2 ms cpu, 3->4->1 MB, 4 MB goal, 0 MB stacks, 0 MB globals, 16 P
gc 11838 @53.894s 4%: 0.10+0.65+0.080 ms clock, 1.6+0.58/0.82/0.033+1.2 ms cpu, 3->4->2 MB, 4 MB goal, 0 MB stacks, 0 MB globals, 16 P
gc 11839 @53.896s 4%: 0.13+0.65+0.088 ms clock, 2.1+0.51/0.92/0+1.4 ms cpu, 3->4->1 MB, 4 MB goal, 0 MB stacks, 0 MB globals, 16 P
gc 11840 @53.897s 4%: 0.10+0.56+0.18 ms clock, 1.6+0.54/0.69/0+2.9 ms cpu, 3->4->1 MB, 4 MB goal, 0 MB stacks, 0 MB globals, 16 P
gc 11841 @53.899s 4%: 0.16+0.53+0.10 ms clock, 2.6+0.58/0.85/0.010+1.6 ms cpu, 3->4->1 MB, 4 MB goal, 0 MB stacks, 0 MB globals, 16 P
gc 11842 @53.901s 4%: 0.10+0.50+0.15 ms clock, 1.7+0.51/0.81/0+2.4 ms cpu, 3->4->1 MB, 4 MB goal, 0 MB stacks, 0 MB globals, 16 P
gc 11843 @53.902s 4%: 0.17+0.52+0.12 ms clock, 2.7+0.55/0.88/0+2.0 ms cpu, 3->4->1 MB, 4 MB goal, 0 MB stacks, 0 MB globals, 16 P
gc 11844 @53.904s 4%: 0.13+0.64+0.072 ms clock, 2.1+0.71/0.94/0+1.1 ms cpu, 3->4->2 MB, 4 MB goal, 0 MB stacks, 0 MB globals, 16 P
gc 11845 @53.906s 4%: 0.12+0.67+0.093 ms clock, 2.0+0.69/0.98/0+1.5 ms cpu, 3->4->2 MB, 4 MB goal, 0 MB stacks, 0 MB globals, 16 P
gc 11846 @53.908s 4%: 0.14+0.57+0.15 ms clock, 2.2+0.55/0.83/0.009+2.4 ms cpu, 3->4->1 MB, 4 MB goal, 0 MB stacks, 0 MB globals, 16 P
gc 11847 @53.909s 4%: 0.12+0.64+0.10 ms clock, 1.9+0.60/0.74/0+1.7 ms cpu, 3->4->2 MB, 4 MB goal, 0 MB stacks, 0 MB globals, 16 P
gc 11848 @53.911s 4%: 0.10+0.71+0.090 ms clock, 1.6+0.57/0.86/0.006+1.4 ms cpu, 3->4->2 MB, 4 MB goal, 0 MB stacks, 0 MB globals, 16 P
gc 11849 @53.913s 4%: 0.11+0.43+0.041 ms clock, 1.8+0.55/0.84/0.004+0.66 ms cpu, 3->4->1 MB, 4 MB goal, 0 MB stacks, 0 MB globals, 16 P
gc 11850 @53.914s 4%: 0.19+0.56+0.11 ms clock, 3.1+0.72/0.69/0.071+1.8 ms cpu, 3->4->2 MB, 4 MB goal, 0 MB stacks, 0 MB globals, 16 P
gc 11851 @53.916s 4%: 0.18+0.80+0.089 ms clock, 2.8+0.51/0.81/0+1.4 ms cpu, 3->4->2 MB, 4 MB goal, 0 MB stacks, 0 MB globals, 16 P
gc 11852 @53.918s 4%: 0.14+0.74+0.12 ms clock, 2.2+0.79/0.69/0+2.0 ms cpu, 4->4->2 MB, 4 MB goal, 0 MB stacks, 0 MB globals, 16 P
gc 11853 @53.920s 4%: 0.093+0.50+0.14 ms clock, 1.4+0.57/0.87/0.005+2.3 ms cpu, 3->4->1 MB, 4 MB goal, 0 MB stacks, 0 MB globals, 16 P
gc 11854 @53.922s 4%: 0.14+0.69+0.10 ms clock, 2.2+0.61/0.82/0+1.6 ms cpu, 3->4->2 MB, 4 MB goal, 0 MB stacks, 0 MB globals, 16 P
gc 11855 @53.924s 4%: 0.11+0.65+0.10 ms clock, 1.7+0.66/0.84/0+1.6 ms cpu, 3->4->2 MB, 4 MB goal, 0 MB stacks, 0 MB globals, 16 P
gc 11856 @53.925s 4%: 0.11+0.62+0.072 ms clock, 1.8+0.47/0.86/0.010+1.1 ms cpu, 3->4->2 MB, 4 MB goal, 0 MB stacks, 0 MB globals, 16 P
gc 11857 @53.927s 4%: 0.13+0.54+0.083 ms clock, 2.0+0.69/0.80/0+1.3 ms cpu, 3->4->1 MB, 4 MB goal, 0 MB stacks, 0 MB globals, 16 P
gc 11858 @53.929s 4%: 0.11+0.76+0.095 ms clock, 1.8+0.59/0.78/0+1.5 ms cpu, 3->4->2 MB, 4 MB goal, 0 MB stacks, 0 MB globals, 16 P
gc 11859 @53.930s 4%: 0.11+0.67+0.10 ms clock, 1.9+0.58/0.82/0.032+1.7 ms cpu, 3->4->1 MB, 4 MB goal, 0 MB stacks, 0 MB globals, 16 P
gc 11860 @53.932s 4%: 0.12+0.52+0.11 ms clock, 1.9+0.64/0.80/0+1.8 ms cpu, 3->4->2 MB, 4 MB goal, 0 MB stacks, 0 MB globals, 16 P
gc 11861 @53.934s 4%: 0.10+0.45+0.16 ms clock, 1.6+0.74/0.76/0.015+2.5 ms cpu, 3->4->1 MB, 4 MB goal, 0 MB stacks, 0 MB globals, 16 P
gc 11862 @53.935s 4%: 0.19+0.67+0.11 ms clock, 3.1+0.67/0.78/0+1.8 ms cpu, 3->4->2 MB, 4 MB goal, 0 MB stacks, 0 MB globals, 16 P
gc 11863 @53.937s 4%: 0.17+0.59+0.043 ms clock, 2.7+0.79/0.64/0+0.68 ms cpu, 3->4->1 MB, 4 MB goal, 0 MB stacks, 0 MB globals, 16 P
gc 11864 @53.939s 4%: 0.17+0.71+0.089 ms clock, 2.7+0.47/1.0/0+1.4 ms cpu, 3->4->2 MB, 4 MB goal, 0 MB stacks, 0 MB globals, 16 P
gc 11865 @53.941s 4%: 0.10+0.49+0.10 ms clock, 1.6+0.68/0.76/0.048+1.6 ms cpu, 4->4->1 MB, 4 MB goal, 0 MB stacks, 0 MB globals, 16 P
gc 11866 @53.943s 4%: 0.13+0.54+0.19 ms clock, 2.1+0.69/0.87/0.007+3.1 ms cpu, 3->4->2 MB, 4 MB goal, 0 MB stacks, 0 MB globals, 16 P
gc 11867 @53.944s 4%: 0.17+0.57+0.11 ms clock, 2.7+0.50/0.89/0+1.8 ms cpu, 3->4->2 MB, 4 MB goal, 0 MB stacks, 0 MB globals, 16 P
gc 11868 @53.946s 4%: 0.13+0.53+0.096 ms clock, 2.1+0.62/0.90/0+1.5 ms cpu, 3->4->1 MB, 4 MB goal, 0 MB stacks, 0 MB globals, 16 P
gc 11869 @53.948s 4%: 0.14+0.69+0.10 ms clock, 2.3+0.64/0.75/0.053+1.7 ms cpu, 3->4->2 MB, 4 MB goal, 0 MB stacks, 0 MB globals, 16 P
gc 11870 @53.950s 4%: 0.11+0.66+0.11 ms clock, 1.7+0.55/0.79/0.030+1.7 ms cpu, 3->4->1 MB, 4 MB goal, 0 MB stacks, 0 MB globals, 16 P
gc 11871 @53.951s 4%: 0.11+0.47+0.17 ms clock, 1.8+0.56/0.75/0.041+2.8 ms cpu, 3->4->1 MB, 4 MB goal, 0 MB stacks, 0 MB globals, 16 P
gc 11872 @53.953s 4%: 0.11+0.52+0.16 ms clock, 1.9+0.53/0.73/0+2.6 ms cpu, 3->4->1 MB, 4 MB goal, 0 MB stacks, 0 MB globals, 16 P
gc 11873 @53.954s 4%: 0.13+0.62+0.10 ms clock, 2.1+0.66/0.80/0+1.7 ms cpu, 3->4->2 MB, 4 MB goal, 0 MB stacks, 0 MB globals, 16 P
gc 11874 @53.956s 4%: 0.10+0.66+0.094 ms clock, 1.6+0.56/0.74/0+1.5 ms cpu, 3->4->1 MB, 4 MB goal, 0 MB stacks, 0 MB globals, 16 P
gc 11875 @53.958s 4%: 0.10+0.60+0.097 ms clock, 1.7+0.66/0.89/0.003+1.5 ms cpu, 3->4->2 MB, 4 MB goal, 0 MB stacks, 0 MB globals, 16 P
gc 11876 @53.960s 4%: 0.13+0.70+0.077 ms clock, 2.1+0.52/0.85/0.005+1.2 ms cpu, 3->4->1 MB, 4 MB goal, 0 MB stacks, 0 MB globals, 16 P
gc 11877 @53.961s 4%: 0.12+0.48+0.11 ms clock, 2.0+0.62/0.73/0.009+1.7 ms cpu, 3->4->1 MB, 4 MB goal, 0 MB stacks, 0 MB globals, 16 P
gc 11878 @53.963s 4%: 0.16+0.58+0.11 ms clock, 2.6+0.69/0.74/0+1.8 ms cpu, 3->4->1 MB, 4 MB goal, 0 MB stacks, 0 MB globals, 16 P
gc 11879 @53.965s 4%: 0.12+0.51+0.12 ms clock, 2.0+0.55/0.87/0+2.0 ms cpu, 3->4->1 MB, 4 MB goal, 0 MB stacks, 0 MB globals, 16 P
gc 11880 @53.966s 4%: 0.13+0.54+0.12 ms clock, 2.1+0.62/0.80/0+1.9 ms cpu, 3->4->2 MB, 4 MB goal, 0 MB stacks, 0 MB globals, 16 P
gc 11881 @53.968s 4%: 0.18+0.58+0.12 ms clock, 2.9+0.63/0.78/0+1.9 ms cpu, 3->4->2 MB, 4 MB goal, 0 MB stacks, 0 MB globals, 16 P
gc 11882 @53.970s 4%: 0.10+0.63+0.10 ms clock, 1.6+0.72/0.77/0+1.6 ms cpu, 3->4->1 MB, 4 MB goal, 0 MB stacks, 0 MB globals, 16 P
gc 11883 @53.971s 4%: 0.12+0.51+0.10 ms clock, 2.0+0.61/0.82/0+1.6 ms cpu, 3->4->1 MB, 4 MB goal, 0 MB stacks, 0 MB globals, 16 P
gc 11884 @53.973s 4%: 0.12+0.57+0.11 ms clock, 2.0+0.66/0.80/0.014+1.7 ms cpu, 3->4->2 MB, 4 MB goal, 0 MB stacks, 0 MB globals, 16 P
gc 11885 @53.975s 4%: 0.094+0.59+0.14 ms clock, 1.5+0.61/0.85/0.004+2.2 ms cpu, 3->4->1 MB, 4 MB goal, 0 MB stacks, 0 MB globals, 16 P
gc 11886 @53.976s 4%: 0.10+0.51+0.12 ms clock, 1.7+0.58/0.82/0+2.0 ms cpu, 3->4->1 MB, 4 MB goal, 0 MB stacks, 0 MB globals, 16 P
gc 11887 @53.978s 4%: 0.10+0.61+0.096 ms clock, 1.6+0.50/0.84/0+1.5 ms cpu, 3->4->1 MB, 4 MB goal, 0 MB stacks, 0 MB globals, 16 P
gc 11888 @53.980s 4%: 0.12+0.59+0.10 ms clock, 1.9+0.46/0.70/0.096+1.7 ms cpu, 3->4->1 MB, 4 MB goal, 0 MB stacks, 0 MB globals, 16 P
gc 11889 @53.981s 4%: 0.11+0.95+0.10 ms clock, 1.8+0.51/0.99/0.020+1.6 ms cpu, 3->4->2 MB, 4 MB goal, 0 MB stacks, 0 MB globals, 16 P
gc 11890 @53.983s 4%: 0.15+0.53+0.16 ms clock, 2.4+0.54/0.93/0.016+2.6 ms cpu, 4->4->1 MB, 4 MB goal, 0 MB stacks, 0 MB globals, 16 P
gc 11891 @53.985s 4%: 0.12+0.49+0.13 ms clock, 2.0+0.54/0.83/0.042+2.1 ms cpu, 3->4->1 MB, 4 MB goal, 0 MB stacks, 0 MB globals, 16 P
gc 11892 @53.986s 4%: 0.18+0.68+0.083 ms clock, 2.9+0.69/1.0/0+1.3 ms cpu, 3->4->2 MB, 4 MB goal, 0 MB stacks, 0 MB globals, 16 P
gc 11893 @53.989s 4%: 0.14+0.70+0.14 ms clock, 2.2+0.71/0.75/0+2.3 ms cpu, 4->4->2 MB, 4 MB goal, 0 MB stacks, 0 MB globals, 16 P
gc 11894 @53.991s 4%: 0.11+0.50+0.15 ms clock, 1.7+0.51/0.77/0.002+2.4 ms cpu, 3->4->1 MB, 4 MB goal, 0 MB stacks, 0 MB globals, 16 P
gc 11895 @53.992s 4%: 0.19+0.53+0.083 ms clock, 3.0+0.53/0.76/0+1.3 ms cpu, 3->4->1 MB, 4 MB goal, 0 MB stacks, 0 MB globals, 16 P
gc 11896 @53.994s 4%: 0.14+0.59+0.075 ms clock, 2.2+0.70/0.68/0+1.2 ms cpu, 3->4->1 MB, 4 MB goal, 0 MB stacks, 0 MB globals, 16 P
gc 11897 @53.995s 4%: 0.17+0.74+0.094 ms clock, 2.7+0.61/0.73/0.022+1.5 ms cpu, 3->4->2 MB, 4 MB goal, 0 MB stacks, 0 MB globals, 16 P
gc 11898 @53.997s 4%: 0.11+0.48+0.14 ms clock, 1.8+0.49/0.86/0+2.2 ms cpu, 3->4->1 MB, 4 MB goal, 0 MB stacks, 0 MB globals, 16 P
gc 11899 @53.999s 4%: 0.10+0.47+0.13 ms clock, 1.6+0.70/0.73/0+2.1 ms cpu, 3->4->1 MB, 4 MB goal, 0 MB stacks, 0 MB globals, 16 P
gc 11900 @54.000s 4%: 0.14+0.72+0.10 ms clock, 2.3+0.73/0.87/0+1.7 ms cpu, 3->4->2 MB, 4 MB goal, 0 MB stacks, 0 MB globals, 16 P
gc 11901 @54.002s 4%: 0.11+0.74+0.10 ms clock, 1.7+0.54/0.75/0.098+1.7 ms cpu, 4->4->2 MB, 4 MB goal, 0 MB stacks, 0 MB globals, 16 P
gc 11902 @54.004s 4%: 0.13+0.68+0.10 ms clock, 2.1+0.51/0.87/0.038+1.6 ms cpu, 3->4->2 MB, 4 MB goal, 0 MB stacks, 0 MB globals, 16 P
gc 11903 @54.006s 4%: 0.13+0.48+0.14 ms clock, 2.1+0.51/0.70/0.15+2.3 ms cpu, 3->4->1 MB, 4 MB goal, 0 MB stacks, 0 MB globals, 16 P
gc 11904 @54.007s 4%: 0.12+0.59+0.082 ms clock, 1.9+0.49/0.87/0+1.3 ms cpu, 3->4->2 MB, 4 MB goal, 0 MB stacks, 0 MB globals, 16 P
gc 11905 @54.009s 4%: 0.21+0.60+0.21 ms clock, 3.4+0.56/0.84/0.020+3.4 ms cpu, 3->4->2 MB, 4 MB goal, 0 MB stacks, 0 MB globals, 16 P
gc 11906 @54.011s 4%: 0.10+0.53+0.17 ms clock, 1.7+0.60/0.86/0+2.8 ms cpu, 3->4->1 MB, 4 MB goal, 0 MB stacks, 0 MB globals, 16 P
gc 11907 @54.013s 4%: 0.12+0.56+0.084 ms clock, 1.9+0.49/0.85/0.039+1.3 ms cpu, 3->4->1 MB, 4 MB goal, 0 MB stacks, 0 MB globals, 16 P
gc 11908 @54.014s 4%: 0.14+0.51+0.18 ms clock, 2.3+0.68/0.78/0.010+2.8 ms cpu, 3->4->2 MB, 4 MB goal, 0 MB stacks, 0 MB globals, 16 P
gc 11909 @54.016s 4%: 0.12+0.66+0.10 ms clock, 2.0+0.78/0.71/0+1.6 ms cpu, 3->4->2 MB, 4 MB goal, 0 MB stacks, 0 MB globals, 16 P
gc 11910 @54.018s 4%: 0.11+0.55+0.050 ms clock, 1.8+0.72/0.87/0+0.80 ms cpu, 3->4->1 MB, 4 MB goal, 0 MB stacks, 0 MB globals, 16 P
gc 11911 @54.020s 4%: 0.12+0.50+0.091 ms clock, 2.0+0.45/0.81/0.021+1.4 ms cpu, 3->4->1 MB, 4 MB goal, 0 MB stacks, 0 MB globals, 16 P
gc 11912 @54.021s 4%: 0.10+0.75+0.083 ms clock, 1.7+0.55/0.80/0.036+1.3 ms cpu, 3->4->1 MB, 4 MB goal, 0 MB stacks, 0 MB globals, 16 P
gc 11913 @54.023s 4%: 0.13+0.54+0.19 ms clock, 2.1+0.52/0.85/0+3.0 ms cpu, 3->4->2 MB, 4 MB goal, 0 MB stacks, 0 MB globals, 16 P
gc 11914 @54.025s 4%: 0.11+0.80+0.060 ms clock, 1.8+0.61/0.80/0.008+0.97 ms cpu, 3->4->2 MB, 4 MB goal, 0 MB stacks, 0 MB globals, 16 P
gc 11915 @54.027s 4%: 0.13+0.59+0.15 ms clock, 2.0+0.59/0.92/0+2.5 ms cpu, 3->4->1 MB, 4 MB goal, 0 MB stacks, 0 MB globals, 16 P
gc 11916 @54.028s 4%: 0.14+0.58+0.11 ms clock, 2.3+0.59/0.87/0.016+1.8 ms cpu, 3->4->2 MB, 4 MB goal, 0 MB stacks, 0 MB globals, 16 P
gc 11917 @54.030s 4%: 0.10+0.50+0.12 ms clock, 1.6+0.59/0.82/0+1.9 ms cpu, 3->4->1 MB, 4 MB goal, 0 MB stacks, 0 MB globals, 16 P
gc 11918 @54.032s 4%: 0.094+0.46+0.15 ms clock, 1.5+0.56/0.85/0+2.5 ms cpu, 3->4->1 MB, 4 MB goal, 0 MB stacks, 0 MB globals, 16 P
gc 11919 @54.033s 4%: 0.10+0.60+0.10 ms clock, 1.7+0.63/0.82/0.024+1.7 ms cpu, 3->4->2 MB, 4 MB goal, 0 MB stacks, 0 MB globals, 16 P
gc 11920 @54.035s 4%: 0.11+0.54+0.12 ms clock, 1.8+0.48/0.77/0+1.9 ms cpu, 3->4->1 MB, 4 MB goal, 0 MB stacks, 0 MB globals, 16 P
gc 11921 @54.036s 4%: 0.097+0.53+0.11 ms clock, 1.5+0.50/0.60/0.079+1.8 ms cpu, 3->4->1 MB, 4 MB goal, 0 MB stacks, 0 MB globals, 16 P
gc 11922 @54.038s 4%: 0.16+0.50+0.14 ms clock, 2.5+0.67/0.72/0+2.2 ms cpu, 3->4->1 MB, 4 MB goal, 0 MB stacks, 0 MB globals, 16 P
gc 11923 @54.039s 4%: 0.12+0.55+0.19 ms clock, 2.0+0.69/0.81/0.002+3.1 ms cpu, 3->4->2 MB, 4 MB goal, 0 MB stacks, 0 MB globals, 16 P
gc 11924 @54.041s 4%: 0.11+0.51+0.12 ms clock, 1.7+0.60/0.91/0+1.9 ms cpu, 3->4->1 MB, 4 MB goal, 0 MB stacks, 0 MB globals, 16 P
gc 11925 @54.043s 4%: 0.16+0.52+0.15 ms clock, 2.5+0.74/0.75/0.028+2.5 ms cpu, 3->4->2 MB, 4 MB goal, 0 MB stacks, 0 MB globals, 16 P
gc 11926 @54.044s 4%: 0.16+0.52+0.13 ms clock, 2.6+0.48/0.85/0+2.1 ms cpu, 3->4->1 MB, 4 MB goal, 0 MB stacks, 0 MB globals, 16 P
gc 11927 @54.046s 4%: 0.13+0.66+0.10 ms clock, 2.2+0.56/0.81/0+1.6 ms cpu, 3->4->2 MB, 4 MB goal, 0 MB stacks, 0 MB globals, 16 P
gc 11928 @54.048s 4%: 0.11+0.52+0.13 ms clock, 1.8+0.56/0.75/0+2.2 ms cpu, 3->4->1 MB, 4 MB goal, 0 MB stacks, 0 MB globals, 16 P
gc 11929 @54.049s 4%: 0.12+0.57+0.12 ms clock, 2.0+0.73/0.81/0+1.9 ms cpu, 3->4->1 MB, 4 MB goal, 0 MB stacks, 0 MB globals, 16 P
gc 11930 @54.051s 4%: 0.14+0.51+0.12 ms clock, 2.2+0.77/0.78/0+1.9 ms cpu, 3->4->2 MB, 4 MB goal, 0 MB stacks, 0 MB globals, 16 P
gc 11931 @54.053s 4%: 0.090+0.53+0.080 ms clock, 1.4+0.61/0.80/0.001+1.2 ms cpu, 3->4->1 MB, 4 MB goal, 0 MB stacks, 0 MB globals, 16 P
gc 11932 @54.054s 4%: 0.14+0.53+0.082 ms clock, 2.3+0.59/0.83/0.008+1.3 ms cpu, 3->4->1 MB, 4 MB goal, 0 MB stacks, 0 MB globals, 16 P
gc 11933 @54.056s 4%: 0.13+0.61+0.13 ms clock, 2.2+0.58/0.88/0.008+2.1 ms cpu, 3->4->1 MB, 4 MB goal, 0 MB stacks, 0 MB globals, 16 P
gc 11934 @54.058s 4%: 0.10+0.90+0.090 ms clock, 1.7+0.55/0.77/0+1.4 ms cpu, 3->4->2 MB, 4 MB goal, 0 MB stacks, 0 MB globals, 16 P
gc 11935 @54.060s 4%: 0.13+0.57+0.060 ms clock, 2.1+0.65/1.0/0+0.96 ms cpu, 4->4->2 MB, 4 MB goal, 0 MB stacks, 0 MB globals, 16 P
gc 11936 @54.061s 4%: 0.11+0.60+0.084 ms clock, 1.9+0.55/0.74/0.016+1.3 ms cpu, 3->4->2 MB, 4 MB goal, 0 MB stacks, 0 MB globals, 16 P
gc 11937 @54.063s 4%: 0.13+0.57+0.097 ms clock, 2.2+0.59/0.84/0+1.5 ms cpu, 3->4->2 MB, 4 MB goal, 0 MB stacks, 0 MB globals, 16 P
gc 11938 @54.065s 4%: 0.14+0.76+0.085 ms clock, 2.3+0.57/0.72/0+1.3 ms cpu, 3->4->2 MB, 4 MB goal, 0 MB stacks, 0 MB globals, 16 P
gc 11939 @54.067s 4%: 0.12+0.52+0.10 ms clock, 2.0+0.61/0.74/0+1.7 ms cpu, 3->4->1 MB, 4 MB goal, 0 MB stacks, 0 MB globals, 16 P
gc 11940 @54.068s 4%: 0.12+0.69+0.092 ms clock, 1.9+0.67/0.76/0+1.4 ms cpu, 3->4->1 MB, 4 MB goal, 0 MB stacks, 0 MB globals, 16 P
gc 11941 @54.070s 4%: 0.12+0.43+0.090 ms clock, 1.9+0.65/0.78/0.002+1.4 ms cpu, 3->4->1 MB, 4 MB goal, 0 MB stacks, 0 MB globals, 16 P
gc 11942 @54.071s 4%: 0.15+0.61+0.090 ms clock, 2.4+0.47/0.84/0.035+1.4 ms cpu, 3->4->2 MB, 4 MB goal, 0 MB stacks, 0 MB globals, 16 P
gc 11943 @54.073s 4%: 0.13+0.46+0.13 ms clock, 2.2+0.58/0.79/0+2.1 ms cpu, 3->4->1 MB, 4 MB goal, 0 MB stacks, 0 MB globals, 16 P
gc 11944 @54.075s 4%: 0.13+0.45+0.14 ms clock, 2.2+0.74/0.74/0+2.2 ms cpu, 3->4->1 MB, 4 MB goal, 0 MB stacks, 0 MB globals, 16 P
gc 11945 @54.076s 4%: 0.12+0.60+0.11 ms clock, 1.9+0.63/0.82/0+1.8 ms cpu, 3->4->1 MB, 4 MB goal, 0 MB stacks, 0 MB globals, 16 P
gc 11946 @54.078s 4%: 0.13+0.47+0.16 ms clock, 2.2+0.73/0.71/0.035+2.7 ms cpu, 3->4->1 MB, 4 MB goal, 0 MB stacks, 0 MB globals, 16 P
gc 11947 @54.079s 4%: 0.16+0.66+0.16 ms clock, 2.7+0.81/0.82/0+2.5 ms cpu, 3->4->2 MB, 4 MB goal, 0 MB stacks, 0 MB globals, 16 P
gc 11948 @54.081s 4%: 0.11+0.57+0.096 ms clock, 1.8+0.61/0.78/0.011+1.5 ms cpu, 3->4->1 MB, 4 MB goal, 0 MB stacks, 0 MB globals, 16 P
gc 11949 @54.083s 4%: 0.10+0.63+0.13 ms clock, 1.7+0.58/0.75/0+2.1 ms cpu, 3->4->2 MB, 4 MB goal, 0 MB stacks, 0 MB globals, 16 P
gc 11950 @54.085s 4%: 0.13+0.48+0.14 ms clock, 2.2+0.50/0.84/0+2.2 ms cpu, 3->4->1 MB, 4 MB goal, 0 MB stacks, 0 MB globals, 16 P
gc 11951 @54.086s 4%: 0.12+0.67+0.098 ms clock, 1.9+0.66/0.97/0.006+1.5 ms cpu, 3->4->2 MB, 4 MB goal, 0 MB stacks, 0 MB globals, 16 P
gc 11952 @54.088s 4%: 0.12+0.47+0.099 ms clock, 1.9+0.65/0.71/0+1.5 ms cpu, 3->4->1 MB, 4 MB goal, 0 MB stacks, 0 MB globals, 16 P
gc 11953 @54.090s 4%: 0.14+0.48+0.12 ms clock, 2.2+0.70/0.76/0+1.9 ms cpu, 3->4->1 MB, 4 MB goal, 0 MB stacks, 0 MB globals, 16 P
gc 11954 @54.091s 4%: 0.17+0.50+0.18 ms clock, 2.7+0.58/0.86/0+2.9 ms cpu, 3->4->2 MB, 4 MB goal, 0 MB stacks, 0 MB globals, 16 P
gc 11955 @54.093s 4%: 0.11+0.63+0.11 ms clock, 1.8+0.64/0.86/0+1.8 ms cpu, 3->4->2 MB, 4 MB goal, 0 MB stacks, 0 MB globals, 16 P
gc 11956 @54.095s 4%: 0.16+0.51+0.11 ms clock, 2.6+0.47/0.81/0+1.8 ms cpu, 3->4->1 MB, 4 MB goal, 0 MB stacks, 0 MB globals, 16 P
gc 11957 @54.097s 4%: 0.14+0.45+0.12 ms clock, 2.2+0.53/0.84/0.002+1.9 ms cpu, 3->4->1 MB, 4 MB goal, 0 MB stacks, 0 MB globals, 16 P
gc 11958 @54.098s 4%: 0.12+0.71+0.11 ms clock, 1.9+0.45/0.86/0+1.8 ms cpu, 3->4->2 MB, 4 MB goal, 0 MB stacks, 0 MB globals, 16 P
gc 11959 @54.100s 4%: 0.11+0.57+0.088 ms clock, 1.8+0.45/0.89/0.021+1.4 ms cpu, 3->4->1 MB, 4 MB goal, 0 MB stacks, 0 MB globals, 16 P
gc 11960 @54.102s 4%: 0.11+0.44+0.098 ms clock, 1.8+0.61/0.88/0.034+1.5 ms cpu, 3->4->1 MB, 4 MB goal, 0 MB stacks, 0 MB globals, 16 P
gc 11961 @54.103s 4%: 0.096+0.50+0.18 ms clock, 1.5+0.65/0.84/0+2.9 ms cpu, 3->4->1 MB, 4 MB goal, 0 MB stacks, 0 MB globals, 16 P
gc 11962 @54.105s 4%: 0.10+0.48+0.10 ms clock, 1.7+0.52/0.83/0.019+1.6 ms cpu, 3->4->1 MB, 4 MB goal, 0 MB stacks, 0 MB globals, 16 P
gc 11963 @54.106s 4%: 0.12+0.49+0.11 ms clock, 2.0+0.56/0.88/0+1.8 ms cpu, 3->4->1 MB, 4 MB goal, 0 MB stacks, 0 MB globals, 16 P
gc 11964 @54.107s 4%: 0.16+0.59+0.12 ms clock, 2.5+0.65/0.97/0.006+1.9 ms cpu, 3->4->2 MB, 4 MB goal, 0 MB stacks, 0 MB globals, 16 P
gc 11965 @54.109s 4%: 0.10+0.77+0.10 ms clock, 1.7+0.55/0.78/0+1.6 ms cpu, 3->4->2 MB, 4 MB goal, 0 MB stacks, 0 MB globals, 16 P
gc 11966 @54.111s 4%: 0.12+0.53+0.080 ms clock, 2.0+0.48/0.73/0.019+1.2 ms cpu, 3->4->1 MB, 4 MB goal, 0 MB stacks, 0 MB globals, 16 P
gc 11967 @54.112s 4%: 0.13+0.59+0.13 ms clock, 2.1+0.49/0.90/0+2.1 ms cpu, 3->4->2 MB, 4 MB goal, 0 MB stacks, 0 MB globals, 16 P
gc 11968 @54.114s 4%: 0.11+0.58+0.10 ms clock, 1.8+0.52/0.77/0+1.6 ms cpu, 3->4->1 MB, 4 MB goal, 0 MB stacks, 0 MB globals, 16 P
gc 11969 @54.116s 4%: 0.13+0.69+0.082 ms clock, 2.1+0.57/0.84/0+1.3 ms cpu, 3->4->2 MB, 4 MB goal, 0 MB stacks, 0 MB globals, 16 P
gc 11970 @54.118s 4%: 0.13+0.73+0.080 ms clock, 2.1+0.57/0.86/0+1.2 ms cpu, 3->4->2 MB, 4 MB goal, 0 MB stacks, 0 MB globals, 16 P
gc 11971 @54.120s 4%: 0.10+0.54+0.085 ms clock, 1.7+0.61/0.68/0+1.3 ms cpu, 3->4->1 MB, 4 MB goal, 0 MB stacks, 0 MB globals, 16 P
gc 11972 @54.121s 4%: 0.12+0.65+0.17 ms clock, 2.0+0.66/0.85/0+2.7 ms cpu, 3->4->2 MB, 4 MB goal, 0 MB stacks, 0 MB globals, 16 P
gc 11973 @54.123s 4%: 0.12+0.53+0.12 ms clock, 2.0+0.60/0.83/0.009+2.0 ms cpu, 3->4->1 MB, 4 MB goal, 0 MB stacks, 0 MB globals, 16 P
gc 11974 @54.125s 4%: 0.13+0.68+0.084 ms clock, 2.1+0.55/0.91/0.009+1.3 ms cpu, 3->4->2 MB, 4 MB goal, 0 MB stacks, 0 MB globals, 16 P
gc 11975 @54.127s 4%: 0.13+0.61+0.13 ms clock, 2.1+0.49/0.83/0+2.1 ms cpu, 3->4->2 MB, 4 MB goal, 0 MB stacks, 0 MB globals, 16 P
gc 11976 @54.129s 4%: 0.12+0.67+0.11 ms clock, 1.9+0.64/0.82/0.003+1.7 ms cpu, 3->4->2 MB, 4 MB goal, 0 MB stacks, 0 MB globals, 16 P
gc 11977 @54.131s 4%: 0.13+0.64+0.11 ms clock, 2.1+0.67/0.78/0+1.8 ms cpu, 3->4->2 MB, 4 MB goal, 0 MB stacks, 0 MB globals, 16 P
gc 11978 @54.133s 4%: 0.11+0.56+0.096 ms clock, 1.8+0.46/0.86/0.026+1.5 ms cpu, 3->4->1 MB, 4 MB goal, 0 MB stacks, 0 MB globals, 16 P
gc 11979 @54.134s 4%: 0.13+0.58+0.086 ms clock, 2.1+0.58/0.87/0+1.3 ms cpu, 3->4->1 MB, 4 MB goal, 0 MB stacks, 0 MB globals, 16 P
gc 11980 @54.136s 4%: 0.14+0.48+0.15 ms clock, 2.2+0.42/0.89/0.047+2.4 ms cpu, 3->4->1 MB, 4 MB goal, 0 MB stacks, 0 MB globals, 16 P
gc 11981 @54.137s 4%: 0.12+0.54+0.070 ms clock, 2.0+0.58/0.96/0+1.1 ms cpu, 3->4->1 MB, 4 MB goal, 0 MB stacks, 0 MB globals, 16 P
gc 11982 @54.139s 4%: 0.096+0.55+0.085 ms clock, 1.5+0.54/0.94/0+1.3 ms cpu, 3->4->1 MB, 4 MB goal, 0 MB stacks, 0 MB globals, 16 P
gc 11983 @54.140s 4%: 0.067+0.61+0.11 ms clock, 1.0+0.60/0.83/0.053+1.8 ms cpu, 3->4->1 MB, 4 MB goal, 0 MB stacks, 0 MB globals, 16 P
gc 11984 @54.142s 4%: 0.12+0.54+0.13 ms clock, 1.9+0.45/0.82/0.056+2.1 ms cpu, 3->4->1 MB, 4 MB goal, 0 MB stacks, 0 MB globals, 16 P
gc 11985 @54.144s 4%: 0.11+0.45+0.091 ms clock, 1.8+0.73/0.65/0.021+1.4 ms cpu, 3->4->1 MB, 4 MB goal, 0 MB stacks, 0 MB globals, 16 P
gc 11986 @54.145s 4%: 0.12+0.57+0.067 ms clock, 2.0+0.43/0.91/0+1.0 ms cpu, 3->4->1 MB, 4 MB goal, 0 MB stacks, 0 MB globals, 16 P
gc 11987 @54.147s 4%: 0.12+0.50+0.10 ms clock, 1.9+0.39/0.83/0+1.6 ms cpu, 3->4->1 MB, 4 MB goal, 0 MB stacks, 0 MB globals, 16 P
gc 11988 @54.149s 4%: 0.11+0.55+0.094 ms clock, 1.8+0.64/0.80/0+1.5 ms cpu, 3->4->1 MB, 4 MB goal, 0 MB stacks, 0 MB globals, 16 P
gc 11989 @54.150s 4%: 0.13+0.67+0.16 ms clock, 2.1+0.49/0.90/0+2.6 ms cpu, 3->4->1 MB, 4 MB goal, 0 MB stacks, 0 MB globals, 16 P
gc 11990 @54.152s 4%: 0.11+0.57+0.084 ms clock, 1.7+0.50/0.91/0.033+1.3 ms cpu, 3->4->1 MB, 4 MB goal, 0 MB stacks, 0 MB globals, 16 P
gc 11991 @54.153s 4%: 0.12+0.57+0.12 ms clock, 2.0+0.57/0.77/0+1.9 ms cpu, 3->4->1 MB, 4 MB goal, 0 MB stacks, 0 MB globals, 16 P
gc 11992 @54.155s 4%: 0.091+0.67+0.14 ms clock, 1.4+0.61/0.82/0.060+2.2 ms cpu, 3->4->2 MB, 4 MB goal, 0 MB stacks, 0 MB globals, 16 P
gc 11993 @54.157s 4%: 0.12+0.70+0.15 ms clock, 1.9+0.53/0.94/0.008+2.4 ms cpu, 3->4->2 MB, 4 MB goal, 0 MB stacks, 0 MB globals, 16 P
gc 11994 @54.159s 4%: 0.10+0.51+0.093 ms clock, 1.7+0.59/0.82/0+1.4 ms cpu, 3->4->1 MB, 4 MB goal, 0 MB stacks, 0 MB globals, 16 P
gc 11995 @54.160s 4%: 0.14+0.52+0.12 ms clock, 2.3+0.61/0.85/0+1.9 ms cpu, 3->4->1 MB, 4 MB goal, 0 MB stacks, 0 MB globals, 16 P
gc 11996 @54.162s 4%: 0.11+0.65+0.098 ms clock, 1.8+0.61/0.94/0.013+1.5 ms cpu, 3->4->2 MB, 4 MB goal, 0 MB stacks, 0 MB globals, 16 P
gc 11997 @54.164s 4%: 0.15+0.70+0.083 ms clock, 2.4+0.57/0.94/0+1.3 ms cpu, 3->4->2 MB, 4 MB goal, 0 MB stacks, 0 MB globals, 16 P
gc 11998 @54.166s 4%: 0.20+0.52+0.12 ms clock, 3.2+0.61/0.87/0.011+2.0 ms cpu, 3->4->2 MB, 4 MB goal, 0 MB stacks, 0 MB globals, 16 P
gc 11999 @54.168s 4%: 0.11+0.66+0.099 ms clock, 1.8+0.60/0.85/0+1.5 ms cpu, 3->4->2 MB, 4 MB goal, 0 MB stacks, 0 MB globals, 16 P
gc 12000 @54.169s 4%: 0.13+0.50+0.099 ms clock, 2.1+0.48/0.88/0+1.5 ms cpu, 3->4->1 MB, 4 MB goal, 0 MB stacks, 0 MB globals, 16 P
gc 12001 @54.171s 4%: 0.13+0.55+0.12 ms clock, 2.1+0.64/0.75/0+1.9 ms cpu, 3->4->1 MB, 4 MB goal, 0 MB stacks, 0 MB globals, 16 P
gc 12002 @54.173s 4%: 0.14+0.68+0.10 ms clock, 2.3+0.59/0.93/0.019+1.7 ms cpu, 3->4->2 MB, 4 MB goal, 0 MB stacks, 0 MB globals, 16 P
gc 12003 @54.174s 4%: 0.099+0.46+0.18 ms clock, 1.5+0.46/0.73/0.073+2.9 ms cpu, 3->4->1 MB, 4 MB goal, 0 MB stacks, 0 MB globals, 16 P
gc 12004 @54.176s 4%: 0.21+1.0+0.066 ms clock, 3.3+0.77/0.94/0+1.0 ms cpu, 3->4->2 MB, 4 MB goal, 0 MB stacks, 0 MB globals, 16 P
gc 12005 @54.178s 4%: 0.15+0.70+0.047 ms clock, 2.4+0.47/0.73/0.082+0.76 ms cpu, 4->4->2 MB, 4 MB goal, 0 MB stacks, 0 MB globals, 16 P
gc 12006 @54.180s 4%: 0.095+0.43+0.035 ms clock, 1.5+0.62/0.72/0+0.57 ms cpu, 3->4->1 MB, 4 MB goal, 0 MB stacks, 0 MB globals, 16 P
gc 12007 @54.181s 4%: 0.14+0.63+0.11 ms clock, 2.3+0.66/0.92/0+1.8 ms cpu, 3->4->2 MB, 4 MB goal, 0 MB stacks, 0 MB globals, 16 P
gc 12008 @54.183s 4%: 0.12+0.65+0.10 ms clock, 1.9+0.53/0.86/0+1.6 ms cpu, 3->4->2 MB, 4 MB goal, 0 MB stacks, 0 MB globals, 16 P
gc 12009 @54.185s 4%: 0.10+0.72+0.094 ms clock, 1.6+0.71/0.75/0+1.5 ms cpu, 3->4->2 MB, 4 MB goal, 0 MB stacks, 0 MB globals, 16 P
gc 12010 @54.186s 4%: 0.12+0.80+0.095 ms clock, 1.9+0.55/0.95/0.034+1.5 ms cpu, 3->4->2 MB, 4 MB goal, 0 MB stacks, 0 MB globals, 16 P
gc 12011 @54.189s 4%: 0.12+0.56+0.086 ms clock, 2.0+0.66/0.96/0+1.3 ms cpu, 3->4->1 MB, 4 MB goal, 0 MB stacks, 0 MB globals, 16 P
gc 12012 @54.190s 4%: 0.14+0.81+0.087 ms clock, 2.2+0.56/0.82/0+1.3 ms cpu, 3->4->2 MB, 4 MB goal, 0 MB stacks, 0 MB globals, 16 P
gc 12013 @54.192s 4%: 0.16+0.86+0.089 ms clock, 2.6+0.59/0.90/0.027+1.4 ms cpu, 3->4->2 MB, 4 MB goal, 0 MB stacks, 0 MB globals, 16 P
gc 12014 @54.194s 4%: 0.11+0.52+0.086 ms clock, 1.8+0.52/0.72/0+1.3 ms cpu, 4->4->1 MB, 4 MB goal, 0 MB stacks, 0 MB globals, 16 P
gc 12015 @54.196s 4%: 0.10+0.53+0.11 ms clock, 1.7+0.54/0.83/0+1.7 ms cpu, 3->4->1 MB, 4 MB goal, 0 MB stacks, 0 MB globals, 16 P
gc 12016 @54.197s 4%: 0.13+0.37+0.16 ms clock, 2.1+0.61/0.70/0+2.7 ms cpu, 3->4->1 MB, 4 MB goal, 0 MB stacks, 0 MB globals, 16 P
gc 12017 @54.198s 4%: 0.12+0.68+0.050 ms clock, 2.0+0.57/0.77/0+0.81 ms cpu, 3->4->2 MB, 4 MB goal, 0 MB stacks, 0 MB globals, 16 P
gc 12018 @54.200s 4%: 0.10+0.82+0.13 ms clock, 1.7+0.57/1.0/0.010+2.2 ms cpu, 3->4->2 MB, 4 MB goal, 0 MB stacks, 0 MB globals, 16 P
gc 12019 @54.202s 4%: 0.13+0.57+0.16 ms clock, 2.1+0.56/0.90/0+2.5 ms cpu, 4->4->2 MB, 4 MB goal, 0 MB stacks, 0 MB globals, 16 P
gc 12020 @54.204s 4%: 0.13+0.76+0.080 ms clock, 2.0+0.56/0.98/0+1.2 ms cpu, 3->4->2 MB, 4 MB goal, 0 MB stacks, 0 MB globals, 16 P
gc 12021 @54.206s 4%: 0.10+0.63+0.087 ms clock, 1.7+0.53/0.92/0.014+1.3 ms cpu, 3->4->2 MB, 4 MB goal, 0 MB stacks, 0 MB globals, 16 P
gc 12022 @54.208s 4%: 0.12+0.56+0.093 ms clock, 1.9+0.47/0.92/0+1.4 ms cpu, 3->4->1 MB, 4 MB goal, 0 MB stacks, 0 MB globals, 16 P
gc 12023 @54.209s 4%: 0.11+0.58+0.13 ms clock, 1.8+0.57/0.83/0.022+2.2 ms cpu, 3->4->1 MB, 4 MB goal, 0 MB stacks, 0 MB globals, 16 P
gc 12024 @54.211s 4%: 0.14+0.54+0.078 ms clock, 2.2+0.60/0.89/0+1.2 ms cpu, 3->4->1 MB, 4 MB goal, 0 MB stacks, 0 MB globals, 16 P
gc 12025 @54.213s 4%: 0.11+0.50+0.16 ms clock, 1.8+0.66/0.79/0+2.6 ms cpu, 3->4->1 MB, 4 MB goal, 0 MB stacks, 0 MB globals, 16 P
gc 12026 @54.214s 4%: 0.14+0.56+0.11 ms clock, 2.2+0.69/0.80/0+1.9 ms cpu, 3->4->2 MB, 4 MB goal, 0 MB stacks, 0 MB globals, 16 P
gc 12027 @54.216s 4%: 0.089+0.58+0.10 ms clock, 1.4+0.66/0.80/0+1.7 ms cpu, 3->4->1 MB, 4 MB goal, 0 MB stacks, 0 MB globals, 16 P
gc 12028 @54.218s 4%: 0.16+0.86+0.062 ms clock, 2.5+0.60/0.94/0+1.0 ms cpu, 3->4->2 MB, 4 MB goal, 0 MB stacks, 0 MB globals, 16 P
gc 12029 @54.220s 4%: 0.10+0.73+0.10 ms clock, 1.6+0.67/0.99/0.020+1.7 ms cpu, 4->5->2 MB, 4 MB goal, 0 MB stacks, 0 MB globals, 16 P
gc 12030 @54.222s 4%: 0.12+0.83+0.12 ms clock, 1.9+0.63/0.80/0+2.0 ms cpu, 4->4->2 MB, 4 MB goal, 0 MB stacks, 0 MB globals, 16 P
gc 12031 @54.224s 4%: 0.097+0.53+0.10 ms clock, 1.5+0.41/0.83/0+1.7 ms cpu, 4->4->1 MB, 4 MB goal, 0 MB stacks, 0 MB globals, 16 P
gc 12032 @54.226s 4%: 0.16+0.58+0.14 ms clock, 2.7+0.66/0.90/0+2.3 ms cpu, 3->4->1 MB, 4 MB goal, 0 MB stacks, 0 MB globals, 16 P
gc 12033 @54.227s 4%: 0.12+0.74+0.044 ms clock, 1.9+0.63/0.87/0+0.71 ms cpu, 3->4->2 MB, 4 MB goal, 0 MB stacks, 0 MB globals, 16 P
gc 12034 @54.229s 4%: 0.14+0.42+0.15 ms clock, 2.3+0.54/0.73/0+2.5 ms cpu, 3->4->1 MB, 4 MB goal, 0 MB stacks, 0 MB globals, 16 P
gc 12035 @54.230s 4%: 0.21+0.48+0.19 ms clock, 3.4+0.62/0.80/0.014+3.0 ms cpu, 3->4->1 MB, 4 MB goal, 0 MB stacks, 0 MB globals, 16 P
gc 12036 @54.232s 4%: 0.13+0.46+0.16 ms clock, 2.2+0.62/0.89/0+2.6 ms cpu, 3->4->1 MB, 4 MB goal, 0 MB stacks, 0 MB globals, 16 P
gc 12037 @54.234s 4%: 0.12+0.64+0.099 ms clock, 2.0+0.69/0.85/0+1.5 ms cpu, 3->4->2 MB, 4 MB goal, 0 MB stacks, 0 MB globals, 16 P
gc 12038 @54.235s 4%: 0.12+0.56+0.16 ms clock, 1.9+0.52/0.94/0+2.5 ms cpu, 3->4->1 MB, 4 MB goal, 0 MB stacks, 0 MB globals, 16 P
gc 12039 @54.237s 4%: 0.19+0.71+0.078 ms clock, 3.0+0.57/0.88/0+1.2 ms cpu, 3->4->2 MB, 4 MB goal, 0 MB stacks, 0 MB globals, 16 P
gc 12040 @54.239s 4%: 0.10+0.62+0.17 ms clock, 1.6+0.48/0.81/0.17+2.7 ms cpu, 3->4->1 MB, 4 MB goal, 0 MB stacks, 0 MB globals, 16 P
gc 12041 @54.241s 4%: 0.10+0.66+0.083 ms clock, 1.7+0.66/0.78/0+1.3 ms cpu, 3->4->1 MB, 4 MB goal, 0 MB stacks, 0 MB globals, 16 P
gc 12042 @54.242s 4%: 0.13+0.55+0.061 ms clock, 2.2+0.57/0.85/0+0.98 ms cpu, 3->4->1 MB, 4 MB goal, 0 MB stacks, 0 MB globals, 16 P
gc 12043 @54.244s 4%: 0.15+0.63+0.16 ms clock, 2.4+0.65/1.0/0.001+2.5 ms cpu, 3->4->2 MB, 4 MB goal, 0 MB stacks, 0 MB globals, 16 P
gc 12044 @54.246s 4%: 0.18+0.60+0.10 ms clock, 2.9+0.60/0.89/0.011+1.6 ms cpu, 3->4->2 MB, 4 MB goal, 0 MB stacks, 0 MB globals, 16 P
gc 12045 @54.248s 4%: 0.14+0.61+0.056 ms clock, 2.2+0.50/0.78/0+0.90 ms cpu, 3->4->1 MB, 4 MB goal, 0 MB stacks, 0 MB globals, 16 P
gc 12046 @54.249s 4%: 0.12+0.55+0.14 ms clock, 1.9+0.56/0.86/0.006+2.2 ms cpu, 3->4->1 MB, 4 MB goal, 0 MB stacks, 0 MB globals, 16 P
gc 12047 @54.251s 4%: 0.12+0.54+0.12 ms clock, 1.9+0.49/0.82/0+2.0 ms cpu, 3->4->1 MB, 4 MB goal, 0 MB stacks, 0 MB globals, 16 P
gc 12048 @54.252s 4%: 0.13+0.50+0.10 ms clock, 2.1+0.45/0.92/0+1.7 ms cpu, 3->4->1 MB, 4 MB goal, 0 MB stacks, 0 MB globals, 16 P
gc 12049 @54.254s 4%: 0.14+0.69+0.053 ms clock, 2.2+0.50/1.0/0+0.84 ms cpu, 3->4->2 MB, 4 MB goal, 0 MB stacks, 0 MB globals, 16 P
gc 12050 @54.256s 4%: 0.10+0.66+0.068 ms clock, 1.6+0.55/0.83/0.023+1.0 ms cpu, 3->4->1 MB, 4 MB goal, 0 MB stacks, 0 MB globals, 16 P
gc 12051 @54.257s 4%: 0.11+0.68+0.086 ms clock, 1.8+0.54/0.88/0+1.3 ms cpu, 3->4->1 MB, 4 MB goal, 0 MB stacks, 0 MB globals, 16 P
gc 12052 @54.259s 4%: 0.11+0.54+0.098 ms clock, 1.7+0.61/0.82/0+1.5 ms cpu, 3->4->1 MB, 4 MB goal, 0 MB stacks, 0 MB globals, 16 P
gc 12053 @54.261s 4%: 0.10+0.56+0.097 ms clock, 1.7+0.54/0.83/0+1.5 ms cpu, 3->4->1 MB, 4 MB goal, 0 MB stacks, 0 MB globals, 16 P
gc 12054 @54.262s 4%: 0.19+0.47+0.21 ms clock, 3.0+0.65/0.73/0+3.3 ms cpu, 3->4->1 MB, 4 MB goal, 0 MB stacks, 0 MB globals, 16 P
gc 12055 @54.264s 4%: 0.12+0.59+0.10 ms clock, 2.0+0.70/0.85/0+1.6 ms cpu, 3->4->1 MB, 4 MB goal, 0 MB stacks, 0 MB globals, 16 P
gc 12056 @54.266s 4%: 0.12+0.66+0.11 ms clock, 1.9+0.65/0.83/0+1.8 ms cpu, 3->4->2 MB, 4 MB goal, 0 MB stacks, 0 MB globals, 16 P
gc 12057 @54.267s 4%: 0.11+0.63+0.087 ms clock, 1.8+0.65/0.81/0.010+1.3 ms cpu, 3->4->2 MB, 4 MB goal, 0 MB stacks, 0 MB globals, 16 P
gc 12058 @54.269s 4%: 0.12+0.51+0.15 ms clock, 1.9+0.61/0.88/0.029+2.4 ms cpu, 3->4->1 MB, 4 MB goal, 0 MB stacks, 0 MB globals, 16 P
gc 12059 @54.271s 4%: 0.12+0.60+0.075 ms clock, 1.9+0.50/0.83/0.004+1.2 ms cpu, 3->4->1 MB, 4 MB goal, 0 MB stacks, 0 MB globals, 16 P
gc 12060 @54.272s 4%: 0.12+0.61+0.052 ms clock, 2.0+0.66/0.65/0+0.84 ms cpu, 3->4->1 MB, 4 MB goal, 0 MB stacks, 0 MB globals, 16 P
gc 12061 @54.274s 4%: 0.14+0.53+0.11 ms clock, 2.3+0.71/0.80/0.026+1.7 ms cpu, 3->4->1 MB, 4 MB goal, 0 MB stacks, 0 MB globals, 16 P
gc 12062 @54.275s 4%: 0.17+0.45+0.15 ms clock, 2.7+0.62/0.73/0+2.4 ms cpu, 3->4->1 MB, 4 MB goal, 0 MB stacks, 0 MB globals, 16 P
gc 12063 @54.277s 4%: 0.14+0.54+0.10 ms clock, 2.3+0.56/0.85/0.050+1.6 ms cpu, 3->4->1 MB, 4 MB goal, 0 MB stacks, 0 MB globals, 16 P
gc 12064 @54.279s 4%: 0.18+0.46+0.13 ms clock, 2.9+0.67/0.77/0+2.2 ms cpu, 3->4->1 MB, 4 MB goal, 0 MB stacks, 0 MB globals, 16 P
gc 12065 @54.280s 4%: 0.14+0.60+0.17 ms clock, 2.2+0.61/0.82/0.005+2.7 ms cpu, 3->4->1 MB, 4 MB goal, 0 MB stacks, 0 MB globals, 16 P
gc 12066 @54.282s 4%: 0.16+0.61+0.12 ms clock, 2.7+0.60/0.77/0.016+2.0 ms cpu, 3->4->1 MB, 4 MB goal, 0 MB stacks, 0 MB globals, 16 P
gc 12067 @54.284s 4%: 0.12+0.68+0.14 ms clock, 1.9+0.64/0.74/0.019+2.2 ms cpu, 3->4->2 MB, 4 MB goal, 0 MB stacks, 0 MB globals, 16 P
gc 12068 @54.285s 4%: 0.12+0.51+0.15 ms clock, 1.9+0.63/0.88/0.007+2.5 ms cpu, 3->4->1 MB, 4 MB goal, 0 MB stacks, 0 MB globals, 16 P
gc 12069 @54.287s 4%: 0.11+0.60+0.10 ms clock, 1.8+0.47/0.85/0.008+1.6 ms cpu, 3->4->1 MB, 4 MB goal, 0 MB stacks, 0 MB globals, 16 P
gc 12070 @54.289s 4%: 0.16+0.55+0.095 ms clock, 2.7+0.55/0.86/0+1.5 ms cpu, 3->4->2 MB, 4 MB goal, 0 MB stacks, 0 MB globals, 16 P
gc 12071 @54.290s 4%: 0.12+0.74+0.13 ms clock, 2.0+0.52/1.0/0.017+2.1 ms cpu, 3->4->2 MB, 4 MB goal, 0 MB stacks, 0 MB globals, 16 P
gc 12072 @54.292s 4%: 0.095+0.80+0.074 ms clock, 1.5+0.58/0.84/0+1.1 ms cpu, 3->4->2 MB, 4 MB goal, 0 MB stacks, 0 MB globals, 16 P
gc 12073 @54.294s 4%: 0.13+0.69+0.097 ms clock, 2.1+0.46/0.84/0+1.5 ms cpu, 3->4->2 MB, 4 MB goal, 0 MB stacks, 0 MB globals, 16 P
gc 12074 @54.296s 4%: 0.16+0.47+0.20 ms clock, 2.6+0.49/0.74/0+3.2 ms cpu, 3->4->1 MB, 4 MB goal, 0 MB stacks, 0 MB globals, 16 P
gc 12075 @54.298s 4%: 0.14+0.66+0.048 ms clock, 2.3+0.58/0.92/0+0.76 ms cpu, 3->4->1 MB, 4 MB goal, 0 MB stacks, 0 MB globals, 16 P
gc 12076 @54.299s 4%: 0.14+0.52+0.10 ms clock, 2.3+0.47/0.85/0.001+1.6 ms cpu, 3->4->1 MB, 4 MB goal, 0 MB stacks, 0 MB globals, 16 P
gc 12077 @54.301s 4%: 0.12+0.48+0.12 ms clock, 2.0+0.50/0.81/0+2.0 ms cpu, 3->4->1 MB, 4 MB goal, 0 MB stacks, 0 MB globals, 16 P
gc 12078 @54.302s 4%: 0.12+0.56+0.11 ms clock, 2.0+0.61/0.77/0+1.8 ms cpu, 3->4->1 MB, 4 MB goal, 0 MB stacks, 0 MB globals, 16 P
gc 12079 @54.304s 4%: 0.20+0.68+0.15 ms clock, 3.2+0.54/0.84/0.083+2.4 ms cpu, 3->4->2 MB, 4 MB goal, 0 MB stacks, 0 MB globals, 16 P
gc 12080 @54.306s 4%: 0.11+0.51+0.13 ms clock, 1.8+0.55/0.83/0+2.1 ms cpu, 3->4->1 MB, 4 MB goal, 0 MB stacks, 0 MB globals, 16 P
gc 12081 @54.307s 4%: 0.11+0.63+0.14 ms clock, 1.8+0.46/0.80/0+2.3 ms cpu, 3->4->1 MB, 4 MB goal, 0 MB stacks, 0 MB globals, 16 P
gc 12082 @54.309s 4%: 0.093+0.60+0.096 ms clock, 1.5+0.77/0.71/0.011+1.5 ms cpu, 3->4->1 MB, 4 MB goal, 0 MB stacks, 0 MB globals, 16 P
gc 12083 @54.311s 4%: 0.10+0.66+0.17 ms clock, 1.7+0.58/0.90/0+2.8 ms cpu, 3->4->2 MB, 4 MB goal, 0 MB stacks, 0 MB globals, 16 P
gc 12084 @54.313s 4%: 0.088+0.50+0.090 ms clock, 1.4+0.59/0.81/0.001+1.4 ms cpu, 3->4->1 MB, 4 MB goal, 0 MB stacks, 0 MB globals, 16 P
gc 12085 @54.314s 4%: 0.11+0.59+0.12 ms clock, 1.7+0.59/0.77/0+1.9 ms cpu, 3->4->1 MB, 4 MB goal, 0 MB stacks, 0 MB globals, 16 P
gc 12086 @54.316s 4%: 0.15+0.67+0.094 ms clock, 2.4+0.59/1.0/0.009+1.5 ms cpu, 3->4->2 MB, 4 MB goal, 0 MB stacks, 0 MB globals, 16 P
gc 12087 @54.317s 4%: 0.12+0.55+0.16 ms clock, 1.9+0.64/0.73/0.055+2.5 ms cpu, 3->4->1 MB, 4 MB goal, 0 MB stacks, 0 MB globals, 16 P
gc 12088 @54.319s 4%: 0.14+0.56+0.13 ms clock, 2.3+0.47/0.91/0+2.1 ms cpu, 3->4->2 MB, 4 MB goal, 0 MB stacks, 0 MB globals, 16 P
gc 12089 @54.321s 4%: 0.17+0.50+0.080 ms clock, 2.7+0.57/0.95/0+1.2 ms cpu, 3->4->1 MB, 4 MB goal, 0 MB stacks, 0 MB globals, 16 P
gc 12090 @54.322s 4%: 0.19+0.60+0.11 ms clock, 3.1+0.63/0.90/0+1.8 ms cpu, 3->4->2 MB, 4 MB goal, 0 MB stacks, 0 MB globals, 16 P
gc 12091 @54.324s 4%: 0.10+0.51+0.082 ms clock, 1.6+0.58/0.87/0+1.3 ms cpu, 3->4->1 MB, 4 MB goal, 0 MB stacks, 0 MB globals, 16 P
gc 12092 @54.325s 4%: 0.12+0.42+0.14 ms clock, 1.9+0.59/0.83/0.034+2.3 ms cpu, 3->3->1 MB, 4 MB goal, 0 MB stacks, 0 MB globals, 16 P
gc 12093 @54.327s 4%: 0.16+0.54+0.10 ms clock, 2.6+0.61/0.76/0.019+1.6 ms cpu, 3->4->1 MB, 4 MB goal, 0 MB stacks, 0 MB globals, 16 P
gc 12094 @54.328s 4%: 0.11+0.49+0.16 ms clock, 1.8+0.70/0.71/0.039+2.5 ms cpu, 3->4->1 MB, 4 MB goal, 0 MB stacks, 0 MB globals, 16 P
gc 12095 @54.330s 4%: 0.12+0.66+0.11 ms clock, 2.0+0.48/0.87/0+1.8 ms cpu, 3->4->2 MB, 4 MB goal, 0 MB stacks, 0 MB globals, 16 P
gc 12096 @54.332s 4%: 0.15+0.61+0.095 ms clock, 2.5+0.51/1.0/0.038+1.5 ms cpu, 3->4->2 MB, 4 MB goal, 0 MB stacks, 0 MB globals, 16 P
gc 12097 @54.333s 4%: 0.11+0.83+0.11 ms clock, 1.8+0.55/0.80/0+1.8 ms cpu, 3->4->2 MB, 4 MB goal, 0 MB stacks, 0 MB globals, 16 P
gc 12098 @54.336s 4%: 0.14+0.53+0.19 ms clock, 2.2+0.67/0.84/0+3.1 ms cpu, 4->4->2 MB, 4 MB goal, 0 MB stacks, 0 MB globals, 16 P
gc 12099 @54.337s 4%: 0.12+0.59+0.12 ms clock, 2.0+0.65/0.92/0.014+1.9 ms cpu, 3->4->2 MB, 4 MB goal, 0 MB stacks, 0 MB globals, 16 P
gc 12100 @54.339s 4%: 0.14+0.62+0.067 ms clock, 2.2+0.73/0.79/0+1.0 ms cpu, 3->4->2 MB, 4 MB goal, 0 MB stacks, 0 MB globals, 16 P
gc 12101 @54.341s 4%: 0.11+0.53+0.084 ms clock, 1.9+0.55/0.75/0.022+1.3 ms cpu, 3->4->1 MB, 4 MB goal, 0 MB stacks, 0 MB globals, 16 P
gc 12102 @54.342s 4%: 0.099+0.75+0.11 ms clock, 1.5+0.47/0.90/0.002+1.9 ms cpu, 3->4->1 MB, 4 MB goal, 0 MB stacks, 0 MB globals, 16 P
gc 12103 @54.344s 4%: 0.20+0.66+0.095 ms clock, 3.3+0.68/0.95/0.005+1.5 ms cpu, 3->4->2 MB, 4 MB goal, 0 MB stacks, 0 MB globals, 16 P
gc 12104 @54.346s 4%: 0.13+0.56+0.080 ms clock, 2.1+0.61/0.82/0+1.2 ms cpu, 4->4->1 MB, 4 MB goal, 0 MB stacks, 0 MB globals, 16 P
gc 12105 @54.348s 4%: 0.13+0.50+0.15 ms clock, 2.1+0.61/0.90/0.001+2.4 ms cpu, 3->4->1 MB, 4 MB goal, 0 MB stacks, 0 MB globals, 16 P
gc 12106 @54.349s 4%: 0.12+0.49+0.068 ms clock, 1.9+0.66/0.78/0+1.0 ms cpu, 3->4->1 MB, 4 MB goal, 0 MB stacks, 0 MB globals, 16 P
gc 12107 @54.351s 4%: 0.10+0.56+0.074 ms clock, 1.7+0.56/0.91/0+1.1 ms cpu, 3->4->1 MB, 4 MB goal, 0 MB stacks, 0 MB globals, 16 P
gc 12108 @54.352s 4%: 0.12+0.62+0.10 ms clock, 1.9+0.64/0.87/0.003+1.7 ms cpu, 3->4->2 MB, 4 MB goal, 0 MB stacks, 0 MB globals, 16 P
gc 12109 @54.354s 4%: 0.15+0.53+0.10 ms clock, 2.4+0.65/0.82/0+1.6 ms cpu, 3->4->2 MB, 4 MB goal, 0 MB stacks, 0 MB globals, 16 P
gc 12110 @54.356s 4%: 0.10+0.65+0.12 ms clock, 1.6+0.66/0.89/0.019+2.0 ms cpu, 3->4->1 MB, 4 MB goal, 0 MB stacks, 0 MB globals, 16 P
gc 12111 @54.358s 4%: 0.10+0.75+0.085 ms clock, 1.7+0.49/0.93/0.002+1.3 ms cpu, 3->4->2 MB, 4 MB goal, 0 MB stacks, 0 MB globals, 16 P
gc 12112 @54.359s 4%: 0.16+0.45+0.19 ms clock, 2.6+0.63/0.82/0+3.1 ms cpu, 3->4->1 MB, 4 MB goal, 0 MB stacks, 0 MB globals, 16 P
gc 12113 @54.361s 4%: 0.14+0.71+0.090 ms clock, 2.3+0.61/0.83/0+1.4 ms cpu, 3->4->2 MB, 4 MB goal, 0 MB stacks, 0 MB globals, 16 P
gc 12114 @54.363s 4%: 0.11+0.52+0.16 ms clock, 1.8+0.53/0.72/0+2.5 ms cpu, 3->4->1 MB, 4 MB goal, 0 MB stacks, 0 MB globals, 16 P
gc 12115 @54.364s 4%: 0.12+0.69+0.065 ms clock, 1.9+0.55/0.96/0+1.0 ms cpu, 3->4->2 MB, 4 MB goal, 0 MB stacks, 0 MB globals, 16 P
gc 12116 @54.366s 4%: 0.14+0.68+0.13 ms clock, 2.3+0.56/0.82/0+2.1 ms cpu, 3->4->2 MB, 4 MB goal, 0 MB stacks, 0 MB globals, 16 P
gc 12117 @54.368s 4%: 0.13+0.49+0.13 ms clock, 2.1+0.72/0.68/0+2.1 ms cpu, 3->4->1 MB, 4 MB goal, 0 MB stacks, 0 MB globals, 16 P
gc 12118 @54.370s 4%: 0.11+0.54+0.11 ms clock, 1.8+0.57/0.74/0.001+1.8 ms cpu, 3->4->1 MB, 4 MB goal, 0 MB stacks, 0 MB globals, 16 P
gc 12119 @54.371s 4%: 0.15+0.55+0.12 ms clock, 2.4+0.56/0.89/0+2.0 ms cpu, 3->4->2 MB, 4 MB goal, 0 MB stacks, 0 MB globals, 16 P
gc 12120 @54.373s 4%: 0.096+0.66+0.089 ms clock, 1.5+0.59/0.78/0.003+1.4 ms cpu, 3->4->1 MB, 4 MB goal, 0 MB stacks, 0 MB globals, 16 P
gc 12121 @54.375s 4%: 0.099+0.61+0.10 ms clock, 1.5+0.54/0.87/0+1.6 ms cpu, 3->4->1 MB, 4 MB goal, 0 MB stacks, 0 MB globals, 16 P
gc 12122 @54.376s 4%: 0.13+0.56+0.061 ms clock, 2.1+0.60/0.82/0+0.98 ms cpu, 3->4->1 MB, 4 MB goal, 0 MB stacks, 0 MB globals, 16 P
gc 12123 @54.378s 4%: 0.12+0.70+0.11 ms clock, 1.9+0.63/0.91/0.009+1.8 ms cpu, 3->4->2 MB, 4 MB goal, 0 MB stacks, 0 MB globals, 16 P
gc 12124 @54.380s 4%: 0.15+0.75+0.073 ms clock, 2.4+0.66/0.92/0+1.1 ms cpu, 3->4->2 MB, 4 MB goal, 0 MB stacks, 0 MB globals, 16 P
gc 12125 @54.382s 4%: 0.098+0.51+0.12 ms clock, 1.5+0.48/0.85/0+2.0 ms cpu, 3->4->1 MB, 4 MB goal, 0 MB stacks, 0 MB globals, 16 P
gc 12126 @54.383s 4%: 0.072+0.70+0.059 ms clock, 1.1+0.51/0.81/0+0.95 ms cpu, 3->4->1 MB, 4 MB goal, 0 MB stacks, 0 MB globals, 16 P
gc 12127 @54.385s 4%: 0.11+0.58+0.10 ms clock, 1.8+0.67/0.89/0+1.7 ms cpu, 3->4->1 MB, 4 MB goal, 0 MB stacks, 0 MB globals, 16 P
gc 12128 @54.387s 4%: 0.14+0.49+0.12 ms clock, 2.3+0.68/0.73/0+2.0 ms cpu, 3->4->1 MB, 4 MB goal, 0 MB stacks, 0 MB globals, 16 P
gc 12129 @54.388s 4%: 0.11+0.57+0.065 ms clock, 1.7+0.50/0.95/0.015+1.0 ms cpu, 3->4->1 MB, 4 MB goal, 0 MB stacks, 0 MB globals, 16 P
gc 12130 @54.390s 4%: 0.10+0.49+0.10 ms clock, 1.7+0.60/0.75/0+1.6 ms cpu, 3->4->1 MB, 4 MB goal, 0 MB stacks, 0 MB globals, 16 P
gc 12131 @54.391s 4%: 0.18+0.62+0.14 ms clock, 2.9+0.59/0.73/0+2.3 ms cpu, 3->4->1 MB, 4 MB goal, 0 MB stacks, 0 MB globals, 16 P
gc 12132 @54.393s 4%: 0.11+0.53+0.083 ms clock, 1.7+0.69/0.83/0.017+1.3 ms cpu, 3->4->1 MB, 4 MB goal, 0 MB stacks, 0 MB globals, 16 P
gc 12133 @54.395s 4%: 0.13+0.48+0.10 ms clock, 2.2+0.52/0.84/0+1.7 ms cpu, 3->4->1 MB, 4 MB goal, 0 MB stacks, 0 MB globals, 16 P
gc 12134 @54.396s 4%: 0.16+0.74+0.098 ms clock, 2.5+0.69/0.78/0.072+1.5 ms cpu, 3->4->2 MB, 4 MB goal, 0 MB stacks, 0 MB globals, 16 P
gc 12135 @54.398s 4%: 0.12+0.46+0.12 ms clock, 1.9+0.53/0.80/0+1.9 ms cpu, 3->4->1 MB, 4 MB goal, 0 MB stacks, 0 MB globals, 16 P
gc 12136 @54.400s 4%: 0.076+0.65+0.13 ms clock, 1.2+0.40/0.84/0.10+2.2 ms cpu, 3->4->1 MB, 4 MB goal, 0 MB stacks, 0 MB globals, 16 P
gc 12137 @54.401s 4%: 0.17+0.60+0.082 ms clock, 2.7+0.69/0.73/0+1.3 ms cpu, 3->4->1 MB, 4 MB goal, 0 MB stacks, 0 MB globals, 16 P
gc 12138 @54.403s 4%: 0.12+0.68+0.10 ms clock, 2.0+0.56/0.79/0+1.7 ms cpu, 3->4->2 MB, 4 MB goal, 0 MB stacks, 0 MB globals, 16 P
gc 12139 @54.405s 4%: 0.13+0.64+0.10 ms clock, 2.1+0.69/0.73/0+1.6 ms cpu, 3->4->2 MB, 4 MB goal, 0 MB stacks, 0 MB globals, 16 P
gc 12140 @54.407s 4%: 0.075+0.56+0.094 ms clock, 1.2+0.45/0.84/0.004+1.5 ms cpu, 3->4->1 MB, 4 MB goal, 0 MB stacks, 0 MB globals, 16 P
gc 12141 @54.408s 4%: 0.097+0.48+0.10 ms clock, 1.5+0.51/0.85/0+1.6 ms cpu, 3->4->1 MB, 4 MB goal, 0 MB stacks, 0 MB globals, 16 P
gc 12142 @54.410s 4%: 0.12+0.56+0.056 ms clock, 2.0+0.60/0.91/0.045+0.90 ms cpu, 3->4->1 MB, 4 MB goal, 0 MB stacks, 0 MB globals, 16 P
gc 12143 @54.411s 4%: 0.13+0.64+0.15 ms clock, 2.1+0.58/0.88/0.029+2.5 ms cpu, 3->4->2 MB, 4 MB goal, 0 MB stacks, 0 MB globals, 16 P
gc 12144 @54.413s 4%: 0.12+0.47+0.14 ms clock, 2.0+0.49/0.78/0+2.2 ms cpu, 3->4->1 MB, 4 MB goal, 0 MB stacks, 0 MB globals, 16 P
gc 12145 @54.415s 4%: 0.16+0.77+0.15 ms clock, 2.6+0.67/0.93/0+2.4 ms cpu, 3->4->2 MB, 4 MB goal, 0 MB stacks, 0 MB globals, 16 P
gc 12146 @54.417s 4%: 0.083+0.52+0.16 ms clock, 1.3+0.58/0.81/0+2.6 ms cpu, 4->4->1 MB, 4 MB goal, 0 MB stacks, 0 MB globals, 16 P
gc 12147 @54.418s 4%: 0.10+0.66+0.11 ms clock, 1.7+0.51/0.85/0.080+1.8 ms cpu, 3->4->2 MB, 4 MB goal, 0 MB stacks, 0 MB globals, 16 P
gc 12148 @54.420s 4%: 0.13+0.50+0.11 ms clock, 2.1+0.53/0.85/0.005+1.9 ms cpu, 3->4->1 MB, 4 MB goal, 0 MB stacks, 0 MB globals, 16 P
gc 12149 @54.422s 4%: 0.16+0.72+0.11 ms clock, 2.6+0.72/0.69/0+1.8 ms cpu, 3->4->2 MB, 4 MB goal, 0 MB stacks, 0 MB globals, 16 P
gc 12150 @54.424s 4%: 0.13+0.70+0.086 ms clock, 2.1+0.44/0.96/0+1.3 ms cpu, 3->4->2 MB, 4 MB goal, 0 MB stacks, 0 MB globals, 16 P
gc 12151 @54.426s 4%: 0.15+0.57+0.13 ms clock, 2.5+0.71/0.80/0.13+2.1 ms cpu, 3->4->2 MB, 4 MB goal, 0 MB stacks, 0 MB globals, 16 P
gc 12152 @54.427s 4%: 0.11+0.57+0.11 ms clock, 1.8+0.53/1.0/0+1.7 ms cpu, 3->4->1 MB, 4 MB goal, 0 MB stacks, 0 MB globals, 16 P
gc 12153 @54.429s 4%: 0.16+0.56+0.062 ms clock, 2.6+0.53/0.83/0.004+1.0 ms cpu, 3->4->1 MB, 4 MB goal, 0 MB stacks, 0 MB globals, 16 P
gc 12154 @54.431s 4%: 0.089+0.61+0.14 ms clock, 1.4+0.44/0.87/0+2.2 ms cpu, 3->4->1 MB, 4 MB goal, 0 MB stacks, 0 MB globals, 16 P
gc 12155 @54.432s 4%: 0.14+0.63+0.11 ms clock, 2.3+0.65/0.77/0.007+1.8 ms cpu, 3->4->1 MB, 4 MB goal, 0 MB stacks, 0 MB globals, 16 P
gc 12156 @54.434s 4%: 0.15+0.59+0.10 ms clock, 2.4+0.70/0.81/0+1.6 ms cpu, 3->4->1 MB, 4 MB goal, 0 MB stacks, 0 MB globals, 16 P
gc 12157 @54.436s 4%: 0.11+0.69+0.12 ms clock, 1.8+0.50/0.87/0.013+2.0 ms cpu, 3->4->2 MB, 4 MB goal, 0 MB stacks, 0 MB globals, 16 P
gc 12158 @54.437s 4%: 0.17+0.48+0.081 ms clock, 2.8+0.50/0.75/0.029+1.3 ms cpu, 3->4->1 MB, 4 MB goal, 0 MB stacks, 0 MB globals, 16 P
gc 12159 @54.439s 4%: 0.13+0.66+0.14 ms clock, 2.2+0.60/0.94/0.079+2.3 ms cpu, 3->4->2 MB, 4 MB goal, 0 MB stacks, 0 MB globals, 16 P
gc 12160 @54.441s 4%: 0.11+0.50+0.083 ms clock, 1.8+0.63/0.71/0+1.3 ms cpu, 3->4->1 MB, 4 MB goal, 0 MB stacks, 0 MB globals, 16 P
gc 12161 @54.442s 4%: 0.14+0.60+0.067 ms clock, 2.3+0.69/0.81/0.014+1.0 ms cpu, 3->4->1 MB, 4 MB goal, 0 MB stacks, 0 MB globals, 16 P
gc 12162 @54.444s 4%: 0.13+0.71+0.079 ms clock, 2.1+0.78/0.93/0+1.2 ms cpu, 3->4->2 MB, 4 MB goal, 0 MB stacks, 0 MB globals, 16 P
gc 12163 @54.446s 4%: 0.13+0.57+0.14 ms clock, 2.2+0.56/0.90/0+2.2 ms cpu, 3->4->2 MB, 4 MB goal, 0 MB stacks, 0 MB globals, 16 P
gc 12164 @54.447s 4%: 0.10+0.56+0.089 ms clock, 1.7+0.52/0.79/0.032+1.4 ms cpu, 3->4->1 MB, 4 MB goal, 0 MB stacks, 0 MB globals, 16 P
gc 12165 @54.449s 4%: 0.10+0.75+0.090 ms clock, 1.7+0.51/0.92/0+1.4 ms cpu, 3->4->2 MB, 4 MB goal, 0 MB stacks, 0 MB globals, 16 P
gc 12166 @54.451s 4%: 0.12+0.50+0.11 ms clock, 2.0+0.54/0.94/0.001+1.9 ms cpu, 3->4->1 MB, 4 MB goal, 0 MB stacks, 0 MB globals, 16 P
gc 12167 @54.452s 4%: 0.14+0.66+0.082 ms clock, 2.3+0.48/0.93/0.002+1.3 ms cpu, 3->4->2 MB, 4 MB goal, 0 MB stacks, 0 MB globals, 16 P
gc 12168 @54.454s 4%: 0.15+0.57+0.10 ms clock, 2.5+0.74/0.86/0+1.7 ms cpu, 3->4->2 MB, 4 MB goal, 0 MB stacks, 0 MB globals, 16 P
gc 12169 @54.456s 4%: 0.11+0.49+0.17 ms clock, 1.9+0.71/0.74/0+2.8 ms cpu, 3->4->1 MB, 4 MB goal, 0 MB stacks, 0 MB globals, 16 P
gc 12170 @54.458s 4%: 0.13+0.53+0.11 ms clock, 2.0+0.62/0.88/0+1.9 ms cpu, 3->4->1 MB, 4 MB goal, 0 MB stacks, 0 MB globals, 16 P
gc 12171 @54.459s 4%: 0.11+0.78+0.090 ms clock, 1.8+0.61/0.77/0.019+1.4 ms cpu, 3->4->2 MB, 4 MB goal, 0 MB stacks, 0 MB globals, 16 P
gc 12172 @54.461s 4%: 0.13+0.49+0.10 ms clock, 2.1+0.49/0.89/0+1.6 ms cpu, 3->4->1 MB, 4 MB goal, 0 MB stacks, 0 MB globals, 16 P
gc 12173 @54.463s 4%: 0.17+0.56+0.099 ms clock, 2.8+0.66/0.76/0+1.5 ms cpu, 3->4->2 MB, 4 MB goal, 0 MB stacks, 0 MB globals, 16 P
gc 12174 @54.465s 4%: 0.091+0.52+0.089 ms clock, 1.4+0.50/0.86/0.010+1.4 ms cpu, 3->4->1 MB, 4 MB goal, 0 MB stacks, 0 MB globals, 16 P
gc 12175 @54.466s 4%: 0.11+0.47+0.16 ms clock, 1.9+0.55/0.88/0.018+2.6 ms cpu, 3->4->1 MB, 4 MB goal, 0 MB stacks, 0 MB globals, 16 P
gc 12176 @54.468s 4%: 0.11+0.85+0.066 ms clock, 1.8+0.57/0.89/0+1.0 ms cpu, 3->4->2 MB, 4 MB goal, 0 MB stacks, 0 MB globals, 16 P
gc 12177 @54.470s 4%: 0.16+0.94+0.047 ms clock, 2.5+0.55/0.91/0.030+0.76 ms cpu, 4->5->2 MB, 4 MB goal, 0 MB stacks, 0 MB globals, 16 P
gc 12178 @54.472s 4%: 0.11+0.68+0.10 ms clock, 1.8+0.61/0.86/0+1.6 ms cpu, 4->5->2 MB, 5 MB goal, 0 MB stacks, 0 MB globals, 16 P
gc 12179 @54.474s 4%: 0.10+0.50+0.076 ms clock, 1.7+0.41/0.84/0+1.2 ms cpu, 3->4->1 MB, 4 MB goal, 0 MB stacks, 0 MB globals, 16 P
gc 12180 @54.476s 4%: 0.13+0.60+0.12 ms clock, 2.1+0.71/0.95/0.008+2.0 ms cpu, 3->4->2 MB, 4 MB goal, 0 MB stacks, 0 MB globals, 16 P
gc 12181 @54.477s 4%: 0.12+0.48+0.11 ms clock, 1.9+0.65/0.77/0.028+1.8 ms cpu, 3->4->1 MB, 4 MB goal, 0 MB stacks, 0 MB globals, 16 P
gc 12182 @54.479s 4%: 0.12+0.65+0.089 ms clock, 2.0+0.71/0.92/0.008+1.4 ms cpu, 3->4->2 MB, 4 MB goal, 0 MB stacks, 0 MB globals, 16 P
gc 12183 @54.481s 4%: 0.11+0.48+0.12 ms clock, 1.8+0.66/0.74/0+2.0 ms cpu, 3->4->1 MB, 4 MB goal, 0 MB stacks, 0 MB globals, 16 P
gc 12184 @54.482s 4%: 0.16+0.55+0.12 ms clock, 2.5+0.66/0.89/0+2.0 ms cpu, 3->4->2 MB, 4 MB goal, 0 MB stacks, 0 MB globals, 16 P
gc 12185 @54.484s 4%: 0.16+0.48+0.12 ms clock, 2.6+0.80/0.85/0+2.0 ms cpu, 3->4->1 MB, 4 MB goal, 0 MB stacks, 0 MB globals, 16 P
gc 12186 @54.486s 4%: 0.094+0.64+0.094 ms clock, 1.5+0.64/0.94/0+1.5 ms cpu, 3->4->2 MB, 4 MB goal, 0 MB stacks, 0 MB globals, 16 P
gc 12187 @54.488s 4%: 0.10+0.44+0.064 ms clock, 1.6+0.34/0.80/0.24+1.0 ms cpu, 3->4->1 MB, 4 MB goal, 0 MB stacks, 0 MB globals, 16 P
gc 12188 @54.489s 4%: 0.17+0.56+0.13 ms clock, 2.7+0.64/0.80/0+2.1 ms cpu, 3->4->1 MB, 4 MB goal, 0 MB stacks, 0 MB globals, 16 P
gc 12189 @54.491s 4%: 0.097+0.55+0.075 ms clock, 1.5+0.56/0.87/0.033+1.2 ms cpu, 3->4->1 MB, 4 MB goal, 0 MB stacks, 0 MB globals, 16 P
gc 12190 @54.492s 4%: 0.11+0.72+0.12 ms clock, 1.8+0.53/0.83/0.036+1.9 ms cpu, 3->4->2 MB, 4 MB goal, 0 MB stacks, 0 MB globals, 16 P
gc 12191 @54.494s 4%: 0.14+0.56+0.13 ms clock, 2.3+0.58/0.80/0+2.0 ms cpu, 3->4->1 MB, 4 MB goal, 0 MB stacks, 0 MB globals, 16 P
gc 12192 @54.496s 4%: 0.20+0.60+0.10 ms clock, 3.2+0.69/0.68/0+1.7 ms cpu, 3->4->2 MB, 4 MB goal, 0 MB stacks, 0 MB globals, 16 P
gc 12193 @54.497s 4%: 0.11+0.55+0.092 ms clock, 1.8+0.62/0.87/0.003+1.4 ms cpu, 3->4->1 MB, 4 MB goal, 0 MB stacks, 0 MB globals, 16 P
gc 12194 @54.499s 4%: 0.098+0.48+0.097 ms clock, 1.5+0.33/0.74/0.037+1.5 ms cpu, 3->4->1 MB, 4 MB goal, 0 MB stacks, 0 MB globals, 16 P
gc 12195 @54.500s 4%: 0.14+0.45+0.14 ms clock, 2.3+0.69/0.77/0+2.2 ms cpu, 3->3->1 MB, 4 MB goal, 0 MB stacks, 0 MB globals, 16 P
gc 12196 @54.502s 4%: 0.13+0.52+0.12 ms clock, 2.1+0.58/0.77/0+1.9 ms cpu, 3->4->2 MB, 4 MB goal, 0 MB stacks, 0 MB globals, 16 P
gc 12197 @54.504s 4%: 0.10+0.79+0.099 ms clock, 1.6+0.42/1.0/0.003+1.5 ms cpu, 3->4->2 MB, 4 MB goal, 0 MB stacks, 0 MB globals, 16 P
gc 12198 @54.505s 4%: 0.10+0.66+0.071 ms clock, 1.7+0.54/0.93/0.003+1.1 ms cpu, 3->4->2 MB, 4 MB goal, 0 MB stacks, 0 MB globals, 16 P
gc 12199 @54.507s 4%: 0.091+0.59+0.13 ms clock, 1.4+0.55/0.86/0+2.0 ms cpu, 3->4->1 MB, 4 MB goal, 0 MB stacks, 0 MB globals, 16 P
gc 12200 @54.509s 4%: 0.13+0.63+0.092 ms clock, 2.1+0.62/0.81/0.032+1.4 ms cpu, 3->4->1 MB, 4 MB goal, 0 MB stacks, 0 MB globals, 16 P
gc 12201 @54.511s 4%: 0.088+0.59+0.077 ms clock, 1.4+0.64/0.84/0.011+1.2 ms cpu, 3->4->1 MB, 4 MB goal, 0 MB stacks, 0 MB globals, 16 P
gc 12202 @54.512s 4%: 0.11+0.56+0.12 ms clock, 1.9+0.39/0.93/0.024+1.9 ms cpu, 3->4->1 MB, 4 MB goal, 0 MB stacks, 0 MB globals, 16 P
gc 12203 @54.514s 4%: 0.11+0.59+0.12 ms clock, 1.8+0.58/0.77/0+1.9 ms cpu, 3->4->2 MB, 4 MB goal, 0 MB stacks, 0 MB globals, 16 P
gc 12204 @54.516s 4%: 0.17+0.50+0.10 ms clock, 2.7+0.60/0.80/0+1.7 ms cpu, 3->4->1 MB, 4 MB goal, 0 MB stacks, 0 MB globals, 16 P
gc 12205 @54.517s 4%: 0.11+0.48+0.11 ms clock, 1.8+0.64/0.77/0.001+1.8 ms cpu, 3->4->1 MB, 4 MB goal, 0 MB stacks, 0 MB globals, 16 P
gc 12206 @54.519s 4%: 0.15+0.51+0.16 ms clock, 2.5+0.53/0.80/0.015+2.5 ms cpu, 3->4->1 MB, 4 MB goal, 0 MB stacks, 0 MB globals, 16 P
gc 12207 @54.520s 4%: 0.14+0.65+0.10 ms clock, 2.3+0.56/0.83/0+1.7 ms cpu, 3->4->2 MB, 4 MB goal, 0 MB stacks, 0 MB globals, 16 P
gc 12208 @54.522s 4%: 0.11+0.65+0.084 ms clock, 1.7+0.57/0.80/0+1.3 ms cpu, 3->4->2 MB, 4 MB goal, 0 MB stacks, 0 MB globals, 16 P
gc 12209 @54.524s 4%: 0.11+0.76+0.16 ms clock, 1.8+0.68/0.96/0+2.6 ms cpu, 3->4->2 MB, 4 MB goal, 0 MB stacks, 0 MB globals, 16 P
gc 12210 @54.526s 4%: 0.12+0.77+0.099 ms clock, 2.0+0.54/0.89/0+1.5 ms cpu, 3->4->2 MB, 4 MB goal, 0 MB stacks, 0 MB globals, 16 P
gc 12211 @54.528s 4%: 0.099+0.75+0.082 ms clock, 1.5+0.62/0.84/0.013+1.3 ms cpu, 4->4->2 MB, 4 MB goal, 0 MB stacks, 0 MB globals, 16 P
gc 12212 @54.530s 4%: 0.11+0.56+0.10 ms clock, 1.8+0.65/0.85/0+1.6 ms cpu, 3->4->1 MB, 4 MB goal, 0 MB stacks, 0 MB globals, 16 P
gc 12213 @54.532s 4%: 0.12+0.61+0.094 ms clock, 2.0+0.63/0.75/0.014+1.5 ms cpu, 3->4->2 MB, 4 MB goal, 0 MB stacks, 0 MB globals, 16 P
gc 12214 @54.533s 4%: 0.10+0.67+0.083 ms clock, 1.6+0.57/0.80/0+1.3 ms cpu, 3->4->1 MB, 4 MB goal, 0 MB stacks, 0 MB globals, 16 P
gc 12215 @54.535s 4%: 0.11+0.69+0.13 ms clock, 1.7+0.60/0.89/0+2.1 ms cpu, 3->4->2 MB, 4 MB goal, 0 MB stacks, 0 MB globals, 16 P
gc 12216 @54.537s 4%: 0.10+0.88+0.10 ms clock, 1.6+0.53/0.82/0.006+1.6 ms cpu, 3->4->2 MB, 4 MB goal, 0 MB stacks, 0 MB globals, 16 P
gc 12217 @54.539s 4%: 0.10+0.61+0.17 ms clock, 1.6+0.58/0.81/0.031+2.7 ms cpu, 3->4->1 MB, 4 MB goal, 0 MB stacks, 0 MB globals, 16 P
gc 12218 @54.541s 4%: 0.092+0.70+0.095 ms clock, 1.4+0.59/0.77/0+1.5 ms cpu, 3->4->2 MB, 4 MB goal, 0 MB stacks, 0 MB globals, 16 P
gc 12219 @54.542s 4%: 0.19+0.52+0.089 ms clock, 3.1+0.51/0.68/0.13+1.4 ms cpu, 3->4->1 MB, 4 MB goal, 0 MB stacks, 0 MB globals, 16 P
gc 12220 @54.544s 4%: 0.10+0.54+0.17 ms clock, 1.6+0.65/0.77/0+2.7 ms cpu, 3->4->1 MB, 4 MB goal, 0 MB stacks, 0 MB globals, 16 P
gc 12221 @54.546s 4%: 0.13+0.54+0.12 ms clock, 2.0+0.50/0.81/0.10+1.9 ms cpu, 3->4->2 MB, 4 MB goal, 0 MB stacks, 0 MB globals, 16 P
gc 12222 @54.547s 4%: 0.13+0.47+0.15 ms clock, 2.2+0.63/0.82/0+2.5 ms cpu, 3->4->1 MB, 4 MB goal, 0 MB stacks, 0 MB globals, 16 P
gc 12223 @54.549s 4%: 0.16+0.52+0.12 ms clock, 2.5+0.59/0.84/0+1.9 ms cpu, 3->4->1 MB, 4 MB goal, 0 MB stacks, 0 MB globals, 16 P
gc 12224 @54.550s 4%: 0.12+0.47+0.12 ms clock, 2.0+0.47/0.75/0.003+2.0 ms cpu, 3->4->1 MB, 4 MB goal, 0 MB stacks, 0 MB globals, 16 P
gc 12225 @54.552s 4%: 0.10+0.48+0.15 ms clock, 1.7+0.61/0.77/0+2.5 ms cpu, 3->4->1 MB, 4 MB goal, 0 MB stacks, 0 MB globals, 16 P
gc 12226 @54.553s 4%: 0.14+0.38+0.15 ms clock, 2.2+0.62/0.68/0.038+2.4 ms cpu, 3->3->1 MB, 4 MB goal, 0 MB stacks, 0 MB globals, 16 P
gc 12227 @54.555s 4%: 0.16+0.54+0.17 ms clock, 2.7+0.62/0.85/0+2.7 ms cpu, 3->4->2 MB, 4 MB goal, 0 MB stacks, 0 MB globals, 16 P
gc 12228 @54.556s 4%: 0.10+0.55+0.16 ms clock, 1.7+0.45/0.78/0+2.6 ms cpu, 3->4->1 MB, 4 MB goal, 0 MB stacks, 0 MB globals, 16 P
gc 12229 @54.558s 4%: 0.10+0.50+0.10 ms clock, 1.7+0.69/0.85/0+1.6 ms cpu, 3->4->1 MB, 4 MB goal, 0 MB stacks, 0 MB globals, 16 P
gc 12230 @54.559s 4%: 0.12+0.48+0.12 ms clock, 1.9+0.46/0.88/0.001+1.9 ms cpu, 3->4->1 MB, 4 MB goal, 0 MB stacks, 0 MB globals, 16 P
gc 12231 @54.561s 4%: 0.15+0.67+0.12 ms clock, 2.4+0.55/0.88/0.020+1.9 ms cpu, 3->4->2 MB, 4 MB goal, 0 MB stacks, 0 MB globals, 16 P
gc 12232 @54.563s 4%: 0.12+0.77+0.097 ms clock, 1.9+0.53/0.86/0+1.5 ms cpu, 3->4->2 MB, 4 MB goal, 0 MB stacks, 0 MB globals, 16 P
gc 12233 @54.565s 4%: 0.12+0.62+0.061 ms clock, 2.0+0.50/0.81/0.003+0.98 ms cpu, 3->4->2 MB, 4 MB goal, 0 MB stacks, 0 MB globals, 16 P
gc 12234 @54.566s 4%: 0.12+0.55+0.15 ms clock, 1.9+0.55/0.84/0+2.5 ms cpu, 3->4->1 MB, 4 MB goal, 0 MB stacks, 0 MB globals, 16 P
gc 12235 @54.568s 4%: 0.11+0.64+0.22 ms clock, 1.8+0.70/0.80/0+3.5 ms cpu, 3->4->2 MB, 4 MB goal, 0 MB stacks, 0 MB globals, 16 P
gc 12236 @54.570s 4%: 0.12+0.49+0.13 ms clock, 1.9+0.45/0.84/0+2.1 ms cpu, 3->4->1 MB, 4 MB goal, 0 MB stacks, 0 MB globals, 16 P
gc 12237 @54.571s 4%: 0.13+0.61+0.17 ms clock, 2.0+0.67/0.87/0+2.7 ms cpu, 3->4->1 MB, 4 MB goal, 0 MB stacks, 0 MB globals, 16 P
gc 12238 @54.573s 4%: 0.12+0.66+0.079 ms clock, 2.0+0.54/0.76/0.057+1.2 ms cpu, 3->4->2 MB, 4 MB goal, 0 MB stacks, 0 MB globals, 16 P
gc 12239 @54.575s 4%: 0.19+0.49+0.17 ms clock, 3.1+0.47/0.86/0+2.7 ms cpu, 3->4->1 MB, 4 MB goal, 0 MB stacks, 0 MB globals, 16 P
gc 12240 @54.577s 4%: 0.11+0.72+0.093 ms clock, 1.9+0.62/0.89/0+1.4 ms cpu, 3->4->2 MB, 4 MB goal, 0 MB stacks, 0 MB globals, 16 P
gc 12241 @54.578s 4%: 0.13+0.55+0.085 ms clock, 2.1+0.73/0.84/0+1.3 ms cpu, 3->4->1 MB, 4 MB goal, 0 MB stacks, 0 MB globals, 16 P
gc 12242 @54.580s 4%: 0.11+0.59+0.092 ms clock, 1.7+0.45/0.85/0.035+1.4 ms cpu, 3->4->2 MB, 4 MB goal, 0 MB stacks, 0 MB globals, 16 P
gc 12243 @54.582s 4%: 0.13+0.76+0.10 ms clock, 2.1+0.59/0.69/0.063+1.6 ms cpu, 3->4->2 MB, 4 MB goal, 0 MB stacks, 0 MB globals, 16 P
gc 12244 @54.584s 4%: 0.14+0.72+0.13 ms clock, 2.2+0.57/0.83/0+2.1 ms cpu, 3->4->2 MB, 4 MB goal, 0 MB stacks, 0 MB globals, 16 P
gc 12245 @54.586s 4%: 0.15+0.60+0.091 ms clock, 2.5+0.52/0.98/0+1.4 ms cpu, 3->4->2 MB, 4 MB goal, 0 MB stacks, 0 MB globals, 16 P
gc 12246 @54.588s 4%: 0.11+0.58+0.080 ms clock, 1.8+0.62/0.80/0.050+1.2 ms cpu, 3->4->1 MB, 4 MB goal, 0 MB stacks, 0 MB globals, 16 P
gc 12247 @54.589s 4%: 0.10+0.67+0.11 ms clock, 1.7+0.55/0.92/0+1.8 ms cpu, 3->4->2 MB, 4 MB goal, 0 MB stacks, 0 MB globals, 16 P
gc 12248 @54.591s 4%: 0.13+0.59+0.096 ms clock, 2.1+0.47/0.71/0.001+1.5 ms cpu, 3->4->1 MB, 4 MB goal, 0 MB stacks, 0 MB globals, 16 P
gc 12249 @54.593s 4%: 0.14+0.70+0.076 ms clock, 2.3+0.51/0.96/0+1.2 ms cpu, 3->4->2 MB, 4 MB goal, 0 MB stacks, 0 MB globals, 16 P
gc 12250 @54.594s 4%: 0.11+0.52+0.088 ms clock, 1.7+0.51/0.86/0+1.4 ms cpu, 3->4->1 MB, 4 MB goal, 0 MB stacks, 0 MB globals, 16 P
gc 12251 @54.596s 4%: 0.092+0.57+0.072 ms clock, 1.4+0.56/0.80/0.062+1.1 ms cpu, 3->4->1 MB, 4 MB goal, 0 MB stacks, 0 MB globals, 16 P
gc 12252 @54.598s 4%: 0.15+0.42+0.21 ms clock, 2.4+0.62/0.72/0+3.4 ms cpu, 3->4->1 MB, 4 MB goal, 0 MB stacks, 0 MB globals, 16 P
gc 12253 @54.599s 4%: 0.13+0.70+0.13 ms clock, 2.1+0.68/0.90/0.006+2.1 ms cpu, 3->4->2 MB, 4 MB goal, 0 MB stacks, 0 MB globals, 16 P
gc 12254 @54.601s 4%: 0.12+0.59+0.099 ms clock, 1.9+0.42/0.85/0.021+1.5 ms cpu, 3->4->1 MB, 4 MB goal, 0 MB stacks, 0 MB globals, 16 P
gc 12255 @54.603s 4%: 0.10+0.71+0.086 ms clock, 1.6+0.48/0.86/0.019+1.3 ms cpu, 3->4->2 MB, 4 MB goal, 0 MB stacks, 0 MB globals, 16 P
gc 12256 @54.605s 4%: 0.12+0.60+0.12 ms clock, 2.0+0.61/0.74/0.003+1.9 ms cpu, 3->4->1 MB, 4 MB goal, 0 MB stacks, 0 MB globals, 16 P
gc 12257 @54.606s 4%: 0.098+0.49+0.14 ms clock, 1.5+0.46/0.81/0+2.2 ms cpu, 3->4->1 MB, 4 MB goal, 0 MB stacks, 0 MB globals, 16 P
gc 12258 @54.608s 4%: 0.19+0.56+0.091 ms clock, 3.0+0.81/0.78/0+1.4 ms cpu, 3->4->2 MB, 4 MB goal, 0 MB stacks, 0 MB globals, 16 P
gc 12259 @54.610s 4%: 0.10+0.48+0.15 ms clock, 1.6+0.51/0.81/0+2.5 ms cpu, 3->4->1 MB, 4 MB goal, 0 MB stacks, 0 MB globals, 16 P
gc 12260 @54.611s 4%: 0.11+0.83+0.093 ms clock, 1.7+0.60/0.80/0+1.4 ms cpu, 3->4->2 MB, 4 MB goal, 0 MB stacks, 0 MB globals, 16 P
gc 12261 @54.613s 4%: 0.12+0.52+0.17 ms clock, 2.0+0.58/0.85/0.011+2.7 ms cpu, 3->4->1 MB, 4 MB goal, 0 MB stacks, 0 MB globals, 16 P
gc 12262 @54.615s 4%: 0.16+0.54+0.090 ms clock, 2.6+0.68/0.85/0+1.4 ms cpu, 3->4->1 MB, 4 MB goal, 0 MB stacks, 0 MB globals, 16 P
gc 12263 @54.616s 4%: 0.13+0.47+0.11 ms clock, 2.2+0.56/0.84/0+1.8 ms cpu, 3->4->1 MB, 4 MB goal, 0 MB stacks, 0 MB globals, 16 P
gc 12264 @54.618s 4%: 0.10+0.64+0.16 ms clock, 1.6+0.54/0.81/0.003+2.5 ms cpu, 3->4->2 MB, 4 MB goal, 0 MB stacks, 0 MB globals, 16 P
gc 12265 @54.619s 4%: 0.13+0.63+0.10 ms clock, 2.1+0.62/0.97/0.005+1.7 ms cpu, 3->4->2 MB, 4 MB goal, 0 MB stacks, 0 MB globals, 16 P
gc 12266 @54.621s 4%: 0.13+0.61+0.11 ms clock, 2.1+0.83/0.86/0.009+1.7 ms cpu, 3->4->2 MB, 4 MB goal, 0 MB stacks, 0 MB globals, 16 P
gc 12267 @54.623s 4%: 0.12+0.56+0.11 ms clock, 1.9+0.56/0.83/0.075+1.8 ms cpu, 3->4->1 MB, 4 MB goal, 0 MB stacks, 0 MB globals, 16 P
gc 12268 @54.625s 4%: 0.13+0.39+0.13 ms clock, 2.1+0.55/0.76/0.010+2.2 ms cpu, 3->4->1 MB, 4 MB goal, 0 MB stacks, 0 MB globals, 16 P
gc 12269 @54.626s 4%: 0.18+0.55+0.17 ms clock, 2.9+0.81/0.75/0+2.8 ms cpu, 3->4->2 MB, 4 MB goal, 0 MB stacks, 0 MB globals, 16 P
gc 12270 @54.628s 4%: 0.088+0.74+0.055 ms clock, 1.4+0.68/0.96/0.003+0.88 ms cpu, 3->4->2 MB, 4 MB goal, 0 MB stacks, 0 MB globals, 16 P
gc 12271 @54.630s 4%: 0.10+0.70+0.068 ms clock, 1.7+0.65/0.91/0+1.0 ms cpu, 3->4->2 MB, 4 MB goal, 0 MB stacks, 0 MB globals, 16 P
gc 12272 @54.632s 4%: 0.15+0.62+0.10 ms clock, 2.4+0.72/0.77/0+1.7 ms cpu, 3->4->2 MB, 4 MB goal, 0 MB stacks, 0 MB globals, 16 P
gc 12273 @54.633s 4%: 0.16+0.55+0.10 ms clock, 2.6+0.56/0.86/0+1.6 ms cpu, 3->4->2 MB, 4 MB goal, 0 MB stacks, 0 MB globals, 16 P
gc 12274 @54.635s 4%: 0.15+0.59+0.10 ms clock, 2.4+0.54/0.93/0+1.6 ms cpu, 3->4->1 MB, 4 MB goal, 0 MB stacks, 0 MB globals, 16 P
gc 12275 @54.637s 4%: 0.10+0.46+0.12 ms clock, 1.7+0.63/0.82/0.005+2.0 ms cpu, 3->4->1 MB, 4 MB goal, 0 MB stacks, 0 MB globals, 16 P
gc 12276 @54.638s 4%: 0.12+0.84+0.071 ms clock, 1.9+0.61/0.87/0+1.1 ms cpu, 3->4->2 MB, 4 MB goal, 0 MB stacks, 0 MB globals, 16 P
gc 12277 @54.640s 4%: 0.10+0.60+0.089 ms clock, 1.6+0.46/0.91/0+1.4 ms cpu, 4->4->1 MB, 4 MB goal, 0 MB stacks, 0 MB globals, 16 P
gc 12278 @54.642s 4%: 0.10+0.60+0.099 ms clock, 1.7+0.38/0.82/0+1.5 ms cpu, 3->4->1 MB, 4 MB goal, 0 MB stacks, 0 MB globals, 16 P
gc 12279 @54.644s 4%: 0.12+0.47+0.13 ms clock, 2.0+0.68/0.69/0.001+2.2 ms cpu, 3->4->1 MB, 4 MB goal, 0 MB stacks, 0 MB globals, 16 P
gc 12280 @54.645s 5%: 0.11+0.71+0.083 ms clock, 1.8+0.75/0.86/0+1.3 ms cpu, 3->4->2 MB, 4 MB goal, 0 MB stacks, 0 MB globals, 16 P
gc 12281 @54.647s 5%: 0.15+0.52+0.15 ms clock, 2.4+0.65/0.81/0+2.4 ms cpu, 3->4->1 MB, 4 MB goal, 0 MB stacks, 0 MB globals, 16 P
gc 12282 @54.649s 5%: 0.092+0.68+0.084 ms clock, 1.4+0.64/0.84/0+1.3 ms cpu, 3->4->1 MB, 4 MB goal, 0 MB stacks, 0 MB globals, 16 P
gc 12283 @54.650s 5%: 0.12+0.58+0.14 ms clock, 2.0+0.53/0.84/0+2.2 ms cpu, 3->4->2 MB, 4 MB goal, 0 MB stacks, 0 MB globals, 16 P
gc 12284 @54.652s 5%: 0.10+0.45+0.089 ms clock, 1.6+0.43/0.83/0+1.4 ms cpu, 3->4->1 MB, 4 MB goal, 0 MB stacks, 0 MB globals, 16 P
gc 12285 @54.654s 5%: 0.12+0.55+0.068 ms clock, 1.9+0.59/0.70/0+1.0 ms cpu, 3->4->1 MB, 4 MB goal, 0 MB stacks, 0 MB globals, 16 P
gc 12286 @54.655s 5%: 0.14+0.47+0.14 ms clock, 2.2+0.72/0.79/0+2.3 ms cpu, 3->4->1 MB, 4 MB goal, 0 MB stacks, 0 MB globals, 16 P
gc 12287 @54.657s 5%: 0.11+0.52+0.15 ms clock, 1.8+0.54/0.91/0+2.4 ms cpu, 3->4->1 MB, 4 MB goal, 0 MB stacks, 0 MB globals, 16 P
gc 12288 @54.658s 5%: 0.11+0.51+0.12 ms clock, 1.7+0.51/0.76/0.10+1.9 ms cpu, 3->4->1 MB, 4 MB goal, 0 MB stacks, 0 MB globals, 16 P
gc 12289 @54.660s 5%: 0.12+0.60+0.098 ms clock, 1.9+0.58/0.89/0+1.5 ms cpu, 3->4->1 MB, 4 MB goal, 0 MB stacks, 0 MB globals, 16 P
gc 12290 @54.662s 5%: 0.13+0.62+0.17 ms clock, 2.1+0.46/0.94/0+2.7 ms cpu, 3->4->2 MB, 4 MB goal, 0 MB stacks, 0 MB globals, 16 P
gc 12291 @54.663s 5%: 0.10+0.60+0.094 ms clock, 1.6+0.63/0.82/0+1.5 ms cpu, 3->4->1 MB, 4 MB goal, 0 MB stacks, 0 MB globals, 16 P
gc 12292 @54.665s 5%: 0.11+0.64+0.086 ms clock, 1.7+0.68/0.89/0.010+1.3 ms cpu, 3->4->2 MB, 4 MB goal, 0 MB stacks, 0 MB globals, 16 P
gc 12293 @54.667s 5%: 0.11+0.69+0.081 ms clock, 1.7+0.58/0.92/0+1.2 ms cpu, 3->4->1 MB, 4 MB goal, 0 MB stacks, 0 MB globals, 16 P
gc 12294 @54.669s 5%: 0.11+0.49+0.10 ms clock, 1.8+0.37/0.91/0+1.6 ms cpu, 3->4->1 MB, 4 MB goal, 0 MB stacks, 0 MB globals, 16 P
gc 12295 @54.670s 5%: 0.12+0.49+0.12 ms clock, 1.9+0.62/0.78/0.001+2.0 ms cpu, 3->4->1 MB, 4 MB goal, 0 MB stacks, 0 MB globals, 16 P
gc 12296 @54.672s 5%: 0.19+0.68+0.075 ms clock, 3.1+0.62/0.87/0+1.2 ms cpu, 3->4->2 MB, 4 MB goal, 0 MB stacks, 0 MB globals, 16 P
gc 12297 @54.674s 5%: 0.18+0.57+0.13 ms clock, 2.9+0.44/0.90/0+2.1 ms cpu, 3->4->1 MB, 4 MB goal, 0 MB stacks, 0 MB globals, 16 P
gc 12298 @54.675s 5%: 0.16+0.58+0.14 ms clock, 2.6+0.74/0.72/0+2.3 ms cpu, 3->4->1 MB, 4 MB goal, 0 MB stacks, 0 MB globals, 16 P
gc 12299 @54.677s 5%: 0.14+0.53+0.10 ms clock, 2.2+0.64/0.76/0+1.6 ms cpu, 3->4->2 MB, 4 MB goal, 0 MB stacks, 0 MB globals, 16 P
gc 12300 @54.679s 5%: 0.086+0.58+0.061 ms clock, 1.3+0.61/0.90/0+0.98 ms cpu, 3->4->1 MB, 4 MB goal, 0 MB stacks, 0 MB globals, 16 P
gc 12301 @54.680s 5%: 0.11+0.51+0.082 ms clock, 1.8+0.52/0.88/0+1.3 ms cpu, 3->4->1 MB, 4 MB goal, 0 MB stacks, 0 MB globals, 16 P
gc 12302 @54.682s 5%: 0.14+0.52+0.097 ms clock, 2.2+0.47/0.91/0.022+1.5 ms cpu, 3->4->1 MB, 4 MB goal, 0 MB stacks, 0 MB globals, 16 P
gc 12303 @54.683s 5%: 0.090+0.48+0.10 ms clock, 1.4+0.61/0.76/0.053+1.7 ms cpu, 3->4->1 MB, 4 MB goal, 0 MB stacks, 0 MB globals, 16 P
gc 12304 @54.685s 5%: 0.10+0.65+0.086 ms clock, 1.6+0.60/0.85/0+1.3 ms cpu, 3->4->1 MB, 4 MB goal, 0 MB stacks, 0 MB globals, 16 P
gc 12305 @54.686s 5%: 0.14+0.52+0.12 ms clock, 2.2+0.51/0.88/0+1.9 ms cpu, 3->4->1 MB, 4 MB goal, 0 MB stacks, 0 MB globals, 16 P
gc 12306 @54.688s 5%: 0.12+0.68+0.15 ms clock, 2.0+0.58/0.72/0+2.5 ms cpu, 3->4->2 MB, 4 MB goal, 0 MB stacks, 0 MB globals, 16 P
gc 12307 @54.690s 5%: 0.16+0.67+0.13 ms clock, 2.6+0.58/0.78/0+2.0 ms cpu, 3->4->2 MB, 4 MB goal, 0 MB stacks, 0 MB globals, 16 P
gc 12308 @54.692s 5%: 0.13+0.58+0.13 ms clock, 2.1+0.62/0.81/0.002+2.1 ms cpu, 3->4->2 MB, 4 MB goal, 0 MB stacks, 0 MB globals, 16 P
gc 12309 @54.694s 5%: 0.11+0.58+0.14 ms clock, 1.8+0.52/0.80/0+2.3 ms cpu, 3->4->2 MB, 4 MB goal, 0 MB stacks, 0 MB globals, 16 P
gc 12310 @54.696s 5%: 0.14+0.53+0.17 ms clock, 2.3+0.59/0.82/0.036+2.8 ms cpu, 3->4->1 MB, 4 MB goal, 0 MB stacks, 0 MB globals, 16 P
gc 12311 @54.697s 5%: 0.13+0.52+0.097 ms clock, 2.1+0.58/0.80/0+1.5 ms cpu, 3->4->2 MB, 4 MB goal, 0 MB stacks, 0 MB globals, 16 P
gc 12312 @54.699s 5%: 0.10+0.68+0.086 ms clock, 1.6+0.49/0.84/0+1.3 ms cpu, 3->4->1 MB, 4 MB goal, 0 MB stacks, 0 MB globals, 16 P
gc 12313 @54.700s 5%: 0.11+0.54+0.11 ms clock, 1.9+0.65/0.78/0.051+1.8 ms cpu, 3->4->1 MB, 4 MB goal, 0 MB stacks, 0 MB globals, 16 P
gc 12314 @54.702s 5%: 0.10+0.43+0.10 ms clock, 1.7+0.59/0.74/0+1.6 ms cpu, 3->3->1 MB, 4 MB goal, 0 MB stacks, 0 MB globals, 16 P
gc 12315 @54.703s 5%: 0.15+0.54+0.16 ms clock, 2.4+0.40/0.80/0.026+2.6 ms cpu, 3->3->1 MB, 4 MB goal, 0 MB stacks, 0 MB globals, 16 P
gc 12316 @54.705s 5%: 0.13+0.54+0.085 ms clock, 2.1+0.59/0.76/0.044+1.3 ms cpu, 3->3->1 MB, 4 MB goal, 0 MB stacks, 0 MB globals, 16 P
gc 12317 @54.706s 5%: 0.14+0.58+0.099 ms clock, 2.2+0.64/0.90/0+1.5 ms cpu, 3->3->1 MB, 4 MB goal, 0 MB stacks, 0 MB globals, 16 P
gc 12318 @54.708s 5%: 0.15+0.61+0.16 ms clock, 2.4+0.64/0.79/0+2.6 ms cpu, 3->4->1 MB, 4 MB goal, 0 MB stacks, 0 MB globals, 16 P
gc 12319 @54.709s 5%: 0.16+0.65+0.081 ms clock, 2.5+0.65/0.99/0.005+1.2 ms cpu, 3->4->1 MB, 4 MB goal, 0 MB stacks, 0 MB globals, 16 P
gc 12320 @54.711s 5%: 0.13+0.65+0.12 ms clock, 2.0+0.68/0.78/0.030+2.0 ms cpu, 3->4->1 MB, 4 MB goal, 0 MB stacks, 0 MB globals, 16 P
gc 12321 @54.713s 5%: 0.14+0.46+0.16 ms clock, 2.2+0.50/0.79/0+2.6 ms cpu, 3->4->1 MB, 4 MB goal, 0 MB stacks, 0 MB globals, 16 P
gc 12322 @54.714s 5%: 0.15+0.56+0.095 ms clock, 2.4+0.61/0.91/0.012+1.5 ms cpu, 3->4->2 MB, 4 MB goal, 0 MB stacks, 0 MB globals, 16 P
gc 12323 @54.716s 5%: 0.11+0.81+0.10 ms clock, 1.8+0.63/0.72/0+1.7 ms cpu, 3->4->2 MB, 4 MB goal, 0 MB stacks, 0 MB globals, 16 P
gc 12324 @54.718s 5%: 0.075+0.72+0.10 ms clock, 1.2+0.57/0.86/0+1.6 ms cpu, 4->4->2 MB, 4 MB goal, 0 MB stacks, 0 MB globals, 16 P
gc 12325 @54.720s 5%: 0.18+0.61+0.069 ms clock, 2.9+0.59/0.80/0+1.1 ms cpu, 3->4->2 MB, 4 MB goal, 0 MB stacks, 0 MB globals, 16 P
gc 12326 @54.722s 5%: 0.13+0.72+0.097 ms clock, 2.1+0.63/0.75/0+1.5 ms cpu, 3->4->2 MB, 4 MB goal, 0 MB stacks, 0 MB globals, 16 P
gc 12327 @54.724s 5%: 0.11+0.71+0.096 ms clock, 1.7+0.65/0.90/0+1.5 ms cpu, 3->4->2 MB, 4 MB goal, 0 MB stacks, 0 MB globals, 16 P
gc 12328 @54.726s 5%: 0.12+0.43+0.11 ms clock, 1.9+0.62/0.70/0+1.8 ms cpu, 3->4->1 MB, 4 MB goal, 0 MB stacks, 0 MB globals, 16 P
gc 12329 @54.727s 5%: 0.12+0.45+0.061 ms clock, 1.9+0.47/0.67/0.17+0.97 ms cpu, 3->3->1 MB, 4 MB goal, 0 MB stacks, 0 MB globals, 16 P
gc 12330 @54.729s 5%: 0.12+0.80+0.060 ms clock, 1.9+0.66/0.91/0+0.97 ms cpu, 3->4->2 MB, 4 MB goal, 0 MB stacks, 0 MB globals, 16 P
gc 12331 @54.730s 5%: 0.11+0.66+0.11 ms clock, 1.8+0.59/0.85/0+1.7 ms cpu, 3->4->2 MB, 4 MB goal, 0 MB stacks, 0 MB globals, 16 P
gc 12332 @54.732s 5%: 0.12+0.50+0.12 ms clock, 1.9+0.55/0.80/0+1.9 ms cpu, 3->4->1 MB, 4 MB goal, 0 MB stacks, 0 MB globals, 16 P
gc 12333 @54.734s 5%: 0.15+0.69+0.11 ms clock, 2.4+0.56/0.79/0+1.7 ms cpu, 3->4->2 MB, 4 MB goal, 0 MB stacks, 0 MB globals, 16 P
gc 12334 @54.736s 5%: 0.13+0.46+0.11 ms clock, 2.1+0.59/0.68/0.039+1.9 ms cpu, 3->4->1 MB, 4 MB goal, 0 MB stacks, 0 MB globals, 16 P
gc 12335 @54.737s 5%: 0.23+0.48+0.14 ms clock, 3.7+0.70/0.82/0.002+2.3 ms cpu, 3->4->2 MB, 4 MB goal, 0 MB stacks, 0 MB globals, 16 P
gc 12336 @54.739s 5%: 0.12+0.44+0.18 ms clock, 1.9+0.64/0.74/0+2.9 ms cpu, 3->4->1 MB, 4 MB goal, 0 MB stacks, 0 MB globals, 16 P
gc 12337 @54.740s 5%: 0.14+0.54+0.12 ms clock, 2.2+0.61/0.73/0+1.9 ms cpu, 3->4->1 MB, 4 MB goal, 0 MB stacks, 0 MB globals, 16 P
gc 12338 @54.742s 5%: 0.13+0.45+0.12 ms clock, 2.1+0.70/0.70/0+2.0 ms cpu, 3->4->1 MB, 4 MB goal, 0 MB stacks, 0 MB globals, 16 P
gc 12339 @54.743s 5%: 0.12+0.72+0.10 ms clock, 2.0+0.60/0.96/0+1.6 ms cpu, 3->4->2 MB, 4 MB goal, 0 MB stacks, 0 MB globals, 16 P
gc 12340 @54.745s 5%: 0.14+0.56+0.13 ms clock, 2.2+0.63/0.74/0.005+2.1 ms cpu, 4->4->1 MB, 4 MB goal, 0 MB stacks, 0 MB globals, 16 P
gc 12341 @54.747s 5%: 0.12+0.49+0.10 ms clock, 1.9+0.58/0.74/0.008+1.6 ms cpu, 3->4->1 MB, 4 MB goal, 0 MB stacks, 0 MB globals, 16 P
gc 12342 @54.748s 5%: 0.13+0.70+0.067 ms clock, 2.1+0.47/0.84/0+1.0 ms cpu, 3->4->2 MB, 4 MB goal, 0 MB stacks, 0 MB globals, 16 P
gc 12343 @54.750s 5%: 0.11+0.67+0.099 ms clock, 1.7+0.58/0.81/0+1.5 ms cpu, 3->4->2 MB, 4 MB goal, 0 MB stacks, 0 MB globals, 16 P
gc 12344 @54.752s 5%: 0.13+0.65+0.19 ms clock, 2.0+0.77/0.89/0+3.0 ms cpu, 3->4->2 MB, 4 MB goal, 0 MB stacks, 0 MB globals, 16 P
gc 12345 @54.754s 5%: 0.17+0.85+0.083 ms clock, 2.7+0.47/1.1/0.017+1.3 ms cpu, 3->4->2 MB, 4 MB goal, 0 MB stacks, 0 MB globals, 16 P
gc 12346 @54.756s 5%: 0.12+0.50+0.15 ms clock, 2.0+0.75/0.85/0+2.5 ms cpu, 3->4->1 MB, 4 MB goal, 0 MB stacks, 0 MB globals, 16 P
gc 12347 @54.757s 5%: 0.14+0.58+0.13 ms clock, 2.3+0.67/0.72/0+2.1 ms cpu, 3->4->1 MB, 4 MB goal, 0 MB stacks, 0 MB globals, 16 P
gc 12348 @54.759s 5%: 0.17+0.52+0.14 ms clock, 2.8+0.51/0.82/0+2.3 ms cpu, 3->4->1 MB, 4 MB goal, 0 MB stacks, 0 MB globals, 16 P
gc 12349 @54.761s 5%: 0.21+0.52+0.18 ms clock, 3.4+0.67/1.0/0+2.9 ms cpu, 3->4->2 MB, 4 MB goal, 0 MB stacks, 0 MB globals, 16 P
gc 12350 @54.763s 5%: 0.12+0.64+0.057 ms clock, 2.0+0.67/1.0/0+0.92 ms cpu, 3->4->1 MB, 4 MB goal, 0 MB stacks, 0 MB globals, 16 P
gc 12351 @54.764s 5%: 0.15+0.71+0.092 ms clock, 2.4+0.61/1.0/0+1.4 ms cpu, 3->4->2 MB, 4 MB goal, 0 MB stacks, 0 MB globals, 16 P
gc 12352 @54.766s 5%: 0.11+0.64+0.11 ms clock, 1.8+0.56/0.88/0+1.9 ms cpu, 3->4->2 MB, 4 MB goal, 0 MB stacks, 0 MB globals, 16 P
gc 12353 @54.768s 5%: 0.10+0.67+0.10 ms clock, 1.7+0.46/0.80/0+1.6 ms cpu, 3->4->1 MB, 4 MB goal, 0 MB stacks, 0 MB globals, 16 P
gc 12354 @54.770s 5%: 0.20+0.69+0.091 ms clock, 3.2+0.71/0.92/0+1.4 ms cpu, 3->4->2 MB, 4 MB goal, 0 MB stacks, 0 MB globals, 16 P
gc 12355 @54.772s 5%: 0.14+0.86+0.13 ms clock, 2.2+0.54/0.86/0+2.0 ms cpu, 3->4->2 MB, 4 MB goal, 0 MB stacks, 0 MB globals, 16 P
gc 12356 @54.774s 5%: 0.14+0.66+0.13 ms clock, 2.3+0.61/0.82/0+2.1 ms cpu, 3->4->2 MB, 4 MB goal, 0 MB stacks, 0 MB globals, 16 P
gc 12357 @54.776s 5%: 0.10+0.53+0.099 ms clock, 1.6+0.50/1.0/0.002+1.5 ms cpu, 3->4->1 MB, 4 MB goal, 0 MB stacks, 0 MB globals, 16 P
gc 12358 @54.777s 5%: 0.15+0.57+0.11 ms clock, 2.4+0.61/0.78/0+1.7 ms cpu, 3->4->1 MB, 4 MB goal, 0 MB stacks, 0 MB globals, 16 P
gc 12359 @54.779s 5%: 0.13+0.54+0.10 ms clock, 2.2+0.57/0.84/0.014+1.6 ms cpu, 3->4->1 MB, 4 MB goal, 0 MB stacks, 0 MB globals, 16 P
gc 12360 @54.780s 5%: 0.11+0.60+0.069 ms clock, 1.8+0.49/0.90/0+1.1 ms cpu, 3->4->2 MB, 4 MB goal, 0 MB stacks, 0 MB globals, 16 P
gc 12361 @54.782s 5%: 0.10+0.62+0.093 ms clock, 1.6+0.60/0.80/0.053+1.4 ms cpu, 3->4->1 MB, 4 MB goal, 0 MB stacks, 0 MB globals, 16 P
gc 12362 @54.784s 5%: 0.12+0.56+0.090 ms clock, 2.0+0.64/0.87/0+1.4 ms cpu, 3->4->1 MB, 4 MB goal, 0 MB stacks, 0 MB globals, 16 P
gc 12363 @54.785s 5%: 0.19+0.45+0.11 ms clock, 3.0+0.66/0.74/0.006+1.8 ms cpu, 3->4->1 MB, 4 MB goal, 0 MB stacks, 0 MB globals, 16 P
gc 12364 @54.787s 5%: 0.11+0.66+0.084 ms clock, 1.8+0.48/0.83/0.013+1.3 ms cpu, 3->4->2 MB, 4 MB goal, 0 MB stacks, 0 MB globals, 16 P
gc 12365 @54.789s 5%: 0.13+0.50+0.10 ms clock, 2.2+0.57/0.76/0+1.6 ms cpu, 3->4->1 MB, 4 MB goal, 0 MB stacks, 0 MB globals, 16 P
gc 12366 @54.790s 5%: 0.14+0.52+0.15 ms clock, 2.3+0.58/0.68/0.049+2.4 ms cpu, 3->4->1 MB, 4 MB goal, 0 MB stacks, 0 MB globals, 16 P
gc 12367 @54.792s 5%: 0.11+0.57+0.099 ms clock, 1.7+0.59/0.93/0.013+1.5 ms cpu, 3->4->1 MB, 4 MB goal, 0 MB stacks, 0 MB globals, 16 P
gc 12368 @54.794s 5%: 0.10+0.57+0.080 ms clock, 1.7+0.47/0.85/0.010+1.2 ms cpu, 3->4->1 MB, 4 MB goal, 0 MB stacks, 0 MB globals, 16 P
gc 12369 @54.795s 5%: 0.12+0.65+0.12 ms clock, 1.9+0.58/0.89/0.062+1.9 ms cpu, 3->4->2 MB, 4 MB goal, 0 MB stacks, 0 MB globals, 16 P
gc 12370 @54.797s 5%: 0.11+0.51+0.094 ms clock, 1.7+0.58/0.81/0+1.5 ms cpu, 3->4->1 MB, 4 MB goal, 0 MB stacks, 0 MB globals, 16 P
gc 12371 @54.799s 5%: 0.12+0.65+0.086 ms clock, 2.0+0.64/0.94/0+1.3 ms cpu, 3->4->2 MB, 4 MB goal, 0 MB stacks, 0 MB globals, 16 P
gc 12372 @54.800s 5%: 0.11+0.57+0.10 ms clock, 1.8+0.51/0.82/0.009+1.6 ms cpu, 3->4->1 MB, 4 MB goal, 0 MB stacks, 0 MB globals, 16 P
gc 12373 @54.802s 5%: 0.12+0.54+0.13 ms clock, 1.9+0.50/0.79/0.051+2.0 ms cpu, 3->4->1 MB, 4 MB goal, 0 MB stacks, 0 MB globals, 16 P
gc 12374 @54.804s 5%: 0.11+0.85+0.064 ms clock, 1.8+0.57/1.1/0.011+1.0 ms cpu, 3->4->2 MB, 4 MB goal, 0 MB stacks, 0 MB globals, 16 P
gc 12375 @54.806s 5%: 0.15+0.58+0.10 ms clock, 2.4+0.58/0.91/0.048+1.6 ms cpu, 3->4->2 MB, 4 MB goal, 0 MB stacks, 0 MB globals, 16 P
gc 12376 @54.807s 5%: 0.12+0.60+0.10 ms clock, 1.9+0.45/0.83/0+1.7 ms cpu, 3->4->2 MB, 4 MB goal, 0 MB stacks, 0 MB globals, 16 P
gc 12377 @54.809s 5%: 0.10+0.57+0.098 ms clock, 1.7+0.52/0.77/0+1.5 ms cpu, 3->4->1 MB, 4 MB goal, 0 MB stacks, 0 MB globals, 16 P
gc 12378 @54.811s 5%: 0.099+0.72+0.12 ms clock, 1.5+0.62/0.83/0+2.0 ms cpu, 3->4->2 MB, 4 MB goal, 0 MB stacks, 0 MB globals, 16 P
gc 12379 @54.812s 5%: 0.18+0.46+0.097 ms clock, 2.9+0.69/0.88/0+1.5 ms cpu, 3->4->1 MB, 4 MB goal, 0 MB stacks, 0 MB globals, 16 P
gc 12380 @54.814s 5%: 0.11+0.79+0.087 ms clock, 1.8+0.44/0.94/0+1.3 ms cpu, 3->4->2 MB, 4 MB goal, 0 MB stacks, 0 MB globals, 16 P
gc 12381 @54.816s 5%: 0.14+0.63+0.11 ms clock, 2.3+0.71/0.71/0+1.7 ms cpu, 3->4->2 MB, 4 MB goal, 0 MB stacks, 0 MB globals, 16 P
gc 12382 @54.818s 5%: 0.13+0.46+0.12 ms clock, 2.1+0.56/0.86/0+1.9 ms cpu, 3->4->1 MB, 4 MB goal, 0 MB stacks, 0 MB globals, 16 P
gc 12383 @54.819s 5%: 0.13+0.64+0.080 ms clock, 2.2+0.56/0.89/0+1.2 ms cpu, 3->4->2 MB, 4 MB goal, 0 MB stacks, 0 MB globals, 16 P
gc 12384 @54.821s 5%: 0.11+0.58+0.12 ms clock, 1.8+0.76/0.84/0+1.9 ms cpu, 3->4->2 MB, 4 MB goal, 0 MB stacks, 0 MB globals, 16 P
gc 12385 @54.823s 5%: 0.12+0.51+0.10 ms clock, 1.9+0.50/0.80/0.003+1.6 ms cpu, 3->4->1 MB, 4 MB goal, 0 MB stacks, 0 MB globals, 16 P
gc 12386 @54.825s 5%: 0.11+0.48+0.10 ms clock, 1.8+0.50/0.78/0+1.6 ms cpu, 3->4->1 MB, 4 MB goal, 0 MB stacks, 0 MB globals, 16 P
gc 12387 @54.826s 5%: 0.11+0.66+0.084 ms clock, 1.8+0.69/0.88/0+1.3 ms cpu, 3->4->1 MB, 4 MB goal, 0 MB stacks, 0 MB globals, 16 P
gc 12388 @54.828s 5%: 0.13+0.63+0.12 ms clock, 2.1+0.56/0.87/0+2.0 ms cpu, 3->4->1 MB, 4 MB goal, 0 MB stacks, 0 MB globals, 16 P
gc 12389 @54.829s 5%: 0.12+0.57+0.075 ms clock, 1.9+0.57/0.90/0.004+1.2 ms cpu, 3->4->1 MB, 4 MB goal, 0 MB stacks, 0 MB globals, 16 P
gc 12390 @54.831s 5%: 0.11+0.62+0.11 ms clock, 1.7+0.65/0.81/0.003+1.7 ms cpu, 3->4->2 MB, 4 MB goal, 0 MB stacks, 0 MB globals, 16 P
gc 12391 @54.833s 5%: 0.11+0.56+0.085 ms clock, 1.8+0.52/0.87/0+1.3 ms cpu, 3->4->1 MB, 4 MB goal, 0 MB stacks, 0 MB globals, 16 P
gc 12392 @54.834s 5%: 0.11+0.49+0.12 ms clock, 1.8+0.48/0.84/0+1.9 ms cpu, 3->4->1 MB, 4 MB goal, 0 MB stacks, 0 MB globals, 16 P
gc 12393 @54.836s 5%: 0.12+0.67+0.10 ms clock, 1.9+0.76/0.86/0+1.7 ms cpu, 3->4->2 MB, 4 MB goal, 0 MB stacks, 0 MB globals, 16 P
gc 12394 @54.838s 5%: 0.12+0.52+0.12 ms clock, 1.9+0.56/0.85/0.008+1.9 ms cpu, 3->4->1 MB, 4 MB goal, 0 MB stacks, 0 MB globals, 16 P
gc 12395 @54.839s 5%: 0.12+0.58+0.14 ms clock, 2.0+0.56/0.84/0.001+2.3 ms cpu, 3->4->1 MB, 4 MB goal, 0 MB stacks, 0 MB globals, 16 P
gc 12396 @54.841s 5%: 0.11+0.47+0.12 ms clock, 1.8+0.54/0.81/0+1.9 ms cpu, 3->4->1 MB, 4 MB goal, 0 MB stacks, 0 MB globals, 16 P
gc 12397 @54.843s 5%: 0.070+0.53+0.11 ms clock, 1.1+0.61/0.69/0+1.8 ms cpu, 3->4->1 MB, 4 MB goal, 0 MB stacks, 0 MB globals, 16 P
gc 12398 @54.844s 5%: 0.15+0.54+0.089 ms clock, 2.5+0.56/0.79/0.029+1.4 ms cpu, 3->4->1 MB, 4 MB goal, 0 MB stacks, 0 MB globals, 16 P
gc 12399 @54.846s 5%: 0.088+0.63+0.089 ms clock, 1.4+0.74/0.67/0.055+1.4 ms cpu, 3->4->2 MB, 4 MB goal, 0 MB stacks, 0 MB globals, 16 P
gc 12400 @54.847s 5%: 0.099+0.59+0.10 ms clock, 1.5+0.61/0.92/0+1.6 ms cpu, 3->4->1 MB, 4 MB goal, 0 MB stacks, 0 MB globals, 16 P
gc 12401 @54.849s 5%: 0.14+0.52+0.094 ms clock, 2.2+0.64/0.80/0+1.5 ms cpu, 3->4->1 MB, 4 MB goal, 0 MB stacks, 0 MB globals, 16 P
gc 12402 @54.851s 5%: 0.13+0.61+0.059 ms clock, 2.2+0.49/0.86/0+0.95 ms cpu, 3->4->1 MB, 4 MB goal, 0 MB stacks, 0 MB globals, 16 P
gc 12403 @54.852s 5%: 0.16+0.67+0.050 ms clock, 2.6+0.16/0.86/0+0.80 ms cpu, 3->4->2 MB, 4 MB goal, 0 MB stacks, 0 MB globals, 16 P
gc 12404 @54.854s 5%: 0.13+0.69+0.087 ms clock, 2.1+0.69/0.78/0+1.4 ms cpu, 3->4->1 MB, 4 MB goal, 0 MB stacks, 0 MB globals, 16 P
gc 12405 @54.856s 5%: 0.19+0.57+0.10 ms clock, 3.1+0.46/0.88/0+1.6 ms cpu, 3->4->2 MB, 4 MB goal, 0 MB stacks, 0 MB globals, 16 P
gc 12406 @54.858s 5%: 0.074+0.54+0.061 ms clock, 1.1+0.46/0.84/0+0.98 ms cpu, 3->4->1 MB, 4 MB goal, 0 MB stacks, 0 MB globals, 16 P
gc 12407 @54.859s 5%: 0.11+0.53+0.12 ms clock, 1.9+0.58/0.85/0.001+1.9 ms cpu, 3->4->1 MB, 4 MB goal, 0 MB stacks, 0 MB globals, 16 P
gc 12408 @54.861s 5%: 0.11+0.57+0.12 ms clock, 1.8+0.47/0.90/0+1.9 ms cpu, 3->4->1 MB, 4 MB goal, 0 MB stacks, 0 MB globals, 16 P
gc 12409 @54.862s 5%: 0.14+0.56+0.069 ms clock, 2.3+0.64/0.80/0+1.1 ms cpu, 3->4->1 MB, 4 MB goal, 0 MB stacks, 0 MB globals, 16 P
gc 12410 @54.864s 5%: 0.12+0.58+0.090 ms clock, 2.0+0.50/0.81/0+1.4 ms cpu, 3->4->1 MB, 4 MB goal, 0 MB stacks, 0 MB globals, 16 P
gc 12411 @54.866s 5%: 0.12+0.66+0.091 ms clock, 1.9+0.51/0.93/0+1.4 ms cpu, 3->4->2 MB, 4 MB goal, 0 MB stacks, 0 MB globals, 16 P
gc 12412 @54.868s 5%: 0.21+0.53+0.11 ms clock, 3.3+0.65/0.74/0+1.7 ms cpu, 3->4->1 MB, 4 MB goal, 0 MB stacks, 0 MB globals, 16 P
gc 12413 @54.869s 5%: 0.099+0.58+0.11 ms clock, 1.5+0.39/0.81/0.009+1.8 ms cpu, 3->4->1 MB, 4 MB goal, 0 MB stacks, 0 MB globals, 16 P
gc 12414 @54.871s 5%: 0.11+0.71+0.092 ms clock, 1.8+0.27/0.84/0.088+1.4 ms cpu, 3->4->2 MB, 4 MB goal, 0 MB stacks, 0 MB globals, 16 P
gc 12415 @54.873s 5%: 0.17+0.68+0.11 ms clock, 2.7+0.68/0.83/0+1.8 ms cpu, 3->4->2 MB, 4 MB goal, 0 MB stacks, 0 MB globals, 16 P
gc 12416 @54.875s 5%: 0.13+0.43+0.19 ms clock, 2.1+0.54/0.75/0.017+3.0 ms cpu, 3->4->1 MB, 4 MB goal, 0 MB stacks, 0 MB globals, 16 P
gc 12417 @54.876s 5%: 0.14+0.57+0.16 ms clock, 2.3+0.68/0.77/0.077+2.6 ms cpu, 3->4->1 MB, 4 MB goal, 0 MB stacks, 0 MB globals, 16 P
gc 12418 @54.878s 5%: 0.12+0.50+0.097 ms clock, 1.9+0.65/0.85/0+1.5 ms cpu, 3->4->1 MB, 4 MB goal, 0 MB stacks, 0 MB globals, 16 P
gc 12419 @54.879s 5%: 0.11+0.64+0.10 ms clock, 1.9+0.52/0.96/0.018+1.7 ms cpu, 3->4->1 MB, 4 MB goal, 0 MB stacks, 0 MB globals, 16 P
gc 12420 @54.881s 5%: 0.086+0.64+0.16 ms clock, 1.3+0.51/0.98/0+2.6 ms cpu, 3->4->2 MB, 4 MB goal, 0 MB stacks, 0 MB globals, 16 P
gc 12421 @54.883s 5%: 0.10+0.75+0.069 ms clock, 1.7+0.47/0.88/0+1.1 ms cpu, 3->4->2 MB, 4 MB goal, 0 MB stacks, 0 MB globals, 16 P
gc 12422 @54.885s 5%: 0.13+0.55+0.14 ms clock, 2.1+0.83/0.68/0.044+2.3 ms cpu, 3->4->1 MB, 4 MB goal, 0 MB stacks, 0 MB globals, 16 P
gc 12423 @54.886s 5%: 0.13+0.56+0.23 ms clock, 2.2+0.62/0.81/0.015+3.8 ms cpu, 3->4->1 MB, 4 MB goal, 0 MB stacks, 0 MB globals, 16 P
gc 12424 @54.888s 5%: 0.15+0.57+0.17 ms clock, 2.5+0.69/0.73/0.072+2.8 ms cpu, 3->4->2 MB, 4 MB goal, 0 MB stacks, 0 MB globals, 16 P
gc 12425 @54.890s 5%: 0.16+0.56+0.14 ms clock, 2.6+0.57/0.83/0.019+2.2 ms cpu, 3->4->1 MB, 4 MB goal, 0 MB stacks, 0 MB globals, 16 P
gc 12426 @54.891s 5%: 0.17+0.53+0.18 ms clock, 2.7+0.61/0.83/0+2.8 ms cpu, 3->4->2 MB, 4 MB goal, 0 MB stacks, 0 MB globals, 16 P
gc 12427 @54.893s 5%: 0.21+0.72+0.083 ms clock, 3.4+0.60/0.87/0+1.3 ms cpu, 3->4->2 MB, 4 MB goal, 0 MB stacks, 0 MB globals, 16 P
gc 12428 @54.895s 5%: 0.13+0.58+0.10 ms clock, 2.1+0.56/0.75/0+1.7 ms cpu, 4->4->1 MB, 4 MB goal, 0 MB stacks, 0 MB globals, 16 P
gc 12429 @54.897s 5%: 0.14+0.55+0.10 ms clock, 2.2+0.78/0.92/0+1.6 ms cpu, 3->4->2 MB, 4 MB goal, 0 MB stacks, 0 MB globals, 16 P
gc 12430 @54.899s 5%: 0.13+0.62+0.12 ms clock, 2.1+0.55/0.94/0.045+2.0 ms cpu, 3->4->2 MB, 4 MB goal, 0 MB stacks, 0 MB globals, 16 P
gc 12431 @54.901s 5%: 0.15+0.68+0.057 ms clock, 2.5+0.60/0.95/0.011+0.92 ms cpu, 3->4->2 MB, 4 MB goal, 0 MB stacks, 0 MB globals, 16 P
gc 12432 @54.902s 5%: 0.10+0.67+0.097 ms clock, 1.6+0.49/0.81/0.004+1.5 ms cpu, 3->4->1 MB, 4 MB goal, 0 MB stacks, 0 MB globals, 16 P
gc 12433 @54.904s 5%: 0.093+0.62+0.10 ms clock, 1.4+0.59/0.83/0.021+1.6 ms cpu, 3->4->1 MB, 4 MB goal, 0 MB stacks, 0 MB globals, 16 P
gc 12434 @54.906s 5%: 0.10+0.50+0.090 ms clock, 1.6+0.54/0.74/0.026+1.4 ms cpu, 3->4->1 MB, 4 MB goal, 0 MB stacks, 0 MB globals, 16 P
gc 12435 @54.907s 5%: 0.14+0.54+0.11 ms clock, 2.3+0.78/0.69/0+1.8 ms cpu, 3->4->1 MB, 4 MB goal, 0 MB stacks, 0 MB globals, 16 P
gc 12436 @54.909s 5%: 0.15+0.47+0.20 ms clock, 2.4+0.57/0.83/0.021+3.2 ms cpu, 3->4->1 MB, 4 MB goal, 0 MB stacks, 0 MB globals, 16 P
gc 12437 @54.910s 5%: 0.15+0.59+0.11 ms clock, 2.5+0.59/0.83/0+1.8 ms cpu, 3->4->1 MB, 4 MB goal, 0 MB stacks, 0 MB globals, 16 P
gc 12438 @54.912s 5%: 0.13+0.51+0.087 ms clock, 2.1+0.46/0.82/0.005+1.3 ms cpu, 3->4->1 MB, 4 MB goal, 0 MB stacks, 0 MB globals, 16 P
gc 12439 @54.914s 5%: 0.12+0.68+0.075 ms clock, 2.0+0.71/0.86/0.039+1.2 ms cpu, 3->4->2 MB, 4 MB goal, 0 MB stacks, 0 MB globals, 16 P
gc 12440 @54.915s 5%: 0.097+0.68+0.11 ms clock, 1.5+0.58/0.87/0.041+1.8 ms cpu, 3->4->2 MB, 4 MB goal, 0 MB stacks, 0 MB globals, 16 P
gc 12441 @54.917s 5%: 0.12+0.49+0.10 ms clock, 1.9+0.59/0.77/0+1.6 ms cpu, 3->4->1 MB, 4 MB goal, 0 MB stacks, 0 MB globals, 16 P
gc 12442 @54.919s 5%: 0.11+0.62+0.11 ms clock, 1.8+0.57/0.88/0+1.7 ms cpu, 3->4->2 MB, 4 MB goal, 0 MB stacks, 0 MB globals, 16 P
gc 12443 @54.920s 5%: 0.12+0.57+0.064 ms clock, 1.9+0.54/0.80/0.002+1.0 ms cpu, 3->4->1 MB, 4 MB goal, 0 MB stacks, 0 MB globals, 16 P
gc 12444 @54.922s 5%: 0.16+0.63+0.091 ms clock, 2.6+0.50/0.84/0+1.4 ms cpu, 3->4->2 MB, 4 MB goal, 0 MB stacks, 0 MB globals, 16 P
gc 12445 @54.924s 5%: 0.10+0.51+0.12 ms clock, 1.6+0.67/0.82/0.029+2.0 ms cpu, 3->4->1 MB, 4 MB goal, 0 MB stacks, 0 MB globals, 16 P
gc 12446 @54.925s 5%: 0.10+0.67+0.098 ms clock, 1.6+0.58/0.74/0+1.5 ms cpu, 3->4->2 MB, 4 MB goal, 0 MB stacks, 0 MB globals, 16 P
gc 12447 @54.927s 5%: 0.15+0.57+0.10 ms clock, 2.4+0.76/0.84/0+1.6 ms cpu, 3->4->1 MB, 4 MB goal, 0 MB stacks, 0 MB globals, 16 P
gc 12448 @54.929s 5%: 0.12+0.55+0.14 ms clock, 1.9+0.44/0.84/0+2.2 ms cpu, 3->4->1 MB, 4 MB goal, 0 MB stacks, 0 MB globals, 16 P
gc 12449 @54.931s 5%: 0.13+0.57+0.061 ms clock, 2.1+0.60/0.82/0.003+0.98 ms cpu, 3->4->1 MB, 4 MB goal, 0 MB stacks, 0 MB globals, 16 P
gc 12450 @54.932s 5%: 0.13+0.71+0.093 ms clock, 2.1+0.71/0.89/0+1.4 ms cpu, 3->4->1 MB, 4 MB goal, 0 MB stacks, 0 MB globals, 16 P
gc 12451 @54.934s 5%: 0.12+0.58+0.11 ms clock, 2.0+0.54/0.83/0.009+1.8 ms cpu, 3->4->1 MB, 4 MB goal, 0 MB stacks, 0 MB globals, 16 P
gc 12452 @54.936s 5%: 0.14+0.67+0.10 ms clock, 2.3+0.65/0.93/0+1.6 ms cpu, 3->4->2 MB, 4 MB goal, 0 MB stacks, 0 MB globals, 16 P
gc 12453 @54.937s 5%: 0.13+0.59+0.078 ms clock, 2.2+0.55/1.0/0+1.2 ms cpu, 3->4->1 MB, 4 MB goal, 0 MB stacks, 0 MB globals, 16 P
gc 12454 @54.939s 5%: 0.098+0.59+0.099 ms clock, 1.5+0.63/0.85/0+1.5 ms cpu, 3->4->2 MB, 4 MB goal, 0 MB stacks, 0 MB globals, 16 P
gc 12455 @54.941s 5%: 0.098+0.59+0.088 ms clock, 1.5+0.55/0.87/0+1.4 ms cpu, 3->4->1 MB, 4 MB goal, 0 MB stacks, 0 MB globals, 16 P
gc 12456 @54.943s 5%: 0.12+0.50+0.096 ms clock, 2.0+0.64/0.82/0+1.5 ms cpu, 3->4->1 MB, 4 MB goal, 0 MB stacks, 0 MB globals, 16 P
gc 12457 @54.944s 5%: 0.11+0.57+0.095 ms clock, 1.8+0.66/0.80/0.005+1.5 ms cpu, 3->4->1 MB, 4 MB goal, 0 MB stacks, 0 MB globals, 16 P
gc 12458 @54.946s 5%: 0.14+0.70+0.093 ms clock, 2.3+0.54/0.86/0+1.4 ms cpu, 3->4->2 MB, 4 MB goal, 0 MB stacks, 0 MB globals, 16 P
gc 12459 @54.948s 5%: 0.10+0.65+0.093 ms clock, 1.6+0.58/0.95/0.011+1.4 ms cpu, 3->4->1 MB, 4 MB goal, 0 MB stacks, 0 MB globals, 16 P
gc 12460 @54.949s 5%: 0.11+0.59+0.12 ms clock, 1.7+0.58/0.77/0.024+2.0 ms cpu, 3->4->2 MB, 4 MB goal, 0 MB stacks, 0 MB globals, 16 P
gc 12461 @54.951s 5%: 0.13+0.68+0.075 ms clock, 2.1+0.65/0.92/0.037+1.2 ms cpu, 3->4->2 MB, 4 MB goal, 0 MB stacks, 0 MB globals, 16 P
gc 12462 @54.953s 5%: 0.15+0.58+0.084 ms clock, 2.4+0.62/0.89/0.002+1.3 ms cpu, 3->4->1 MB, 4 MB goal, 0 MB stacks, 0 MB globals, 16 P
gc 12463 @54.955s 5%: 0.12+0.50+0.091 ms clock, 1.9+0.55/0.82/0+1.4 ms cpu, 3->4->1 MB, 4 MB goal, 0 MB stacks, 0 MB globals, 16 P
gc 12464 @54.956s 5%: 0.11+0.52+0.056 ms clock, 1.8+0.69/0.86/0+0.90 ms cpu, 3->4->1 MB, 4 MB goal, 0 MB stacks, 0 MB globals, 16 P
gc 12465 @54.958s 5%: 0.14+0.66+0.093 ms clock, 2.3+0.60/0.74/0.014+1.4 ms cpu, 3->4->2 MB, 4 MB goal, 0 MB stacks, 0 MB globals, 16 P
gc 12466 @54.960s 5%: 0.10+0.72+0.16 ms clock, 1.7+0.50/1.0/0+2.6 ms cpu, 3->4->2 MB, 4 MB goal, 0 MB stacks, 0 MB globals, 16 P
gc 12467 @54.962s 5%: 0.080+0.78+0.10 ms clock, 1.2+0.62/0.77/0.10+1.6 ms cpu, 3->4->2 MB, 4 MB goal, 0 MB stacks, 0 MB globals, 16 P
gc 12468 @54.963s 5%: 0.10+0.64+0.12 ms clock, 1.7+0.66/0.76/0.006+1.9 ms cpu, 3->4->2 MB, 4 MB goal, 0 MB stacks, 0 MB globals, 16 P
gc 12469 @54.965s 5%: 0.10+0.56+0.11 ms clock, 1.7+0.55/0.82/0+1.8 ms cpu, 3->4->1 MB, 4 MB goal, 0 MB stacks, 0 MB globals, 16 P
gc 12470 @54.967s 5%: 0.10+0.60+0.10 ms clock, 1.7+0.75/0.67/0.076+1.6 ms cpu, 3->4->1 MB, 4 MB goal, 0 MB stacks, 0 MB globals, 16 P
gc 12471 @54.968s 5%: 0.11+0.79+0.11 ms clock, 1.8+0.56/0.91/0.020+1.7 ms cpu, 3->4->2 MB, 4 MB goal, 0 MB stacks, 0 MB globals, 16 P
gc 12472 @54.971s 5%: 0.10+0.61+0.099 ms clock, 1.6+0.54/0.86/0.030+1.5 ms cpu, 3->4->2 MB, 4 MB goal, 0 MB stacks, 0 MB globals, 16 P
gc 12473 @54.972s 5%: 0.11+0.55+0.15 ms clock, 1.7+0.57/0.88/0+2.5 ms cpu, 3->4->1 MB, 4 MB goal, 0 MB stacks, 0 MB globals, 16 P
gc 12474 @54.974s 5%: 0.13+0.45+0.11 ms clock, 2.1+0.74/0.71/0+1.7 ms cpu, 3->4->1 MB, 4 MB goal, 0 MB stacks, 0 MB globals, 16 P
gc 12475 @54.975s 5%: 0.17+0.66+0.13 ms clock, 2.8+0.64/0.82/0.003+2.0 ms cpu, 3->4->2 MB, 4 MB goal, 0 MB stacks, 0 MB globals, 16 P
gc 12476 @54.977s 5%: 0.13+0.67+0.11 ms clock, 2.1+0.56/0.82/0.071+1.7 ms cpu, 3->4->2 MB, 4 MB goal, 0 MB stacks, 0 MB globals, 16 P
gc 12477 @54.979s 5%: 0.13+0.56+0.12 ms clock, 2.1+0.62/0.92/0.006+1.9 ms cpu, 3->4->2 MB, 4 MB goal, 0 MB stacks, 0 MB globals, 16 P
gc 12478 @54.981s 5%: 0.16+0.54+0.073 ms clock, 2.6+0.60/0.90/0+1.1 ms cpu, 3->4->2 MB, 4 MB goal, 0 MB stacks, 0 MB globals, 16 P
gc 12479 @54.983s 5%: 0.14+0.59+0.068 ms clock, 2.3+0.60/0.84/0+1.1 ms cpu, 3->4->2 MB, 4 MB goal, 0 MB stacks, 0 MB globals, 16 P
gc 12480 @54.984s 5%: 0.10+0.69+0.10 ms clock, 1.6+0.46/0.90/0+1.6 ms cpu, 3->4->2 MB, 4 MB goal, 0 MB stacks, 0 MB globals, 16 P
gc 12481 @54.986s 5%: 0.19+0.49+0.14 ms clock, 3.1+0.55/0.69/0+2.2 ms cpu, 3->4->1 MB, 4 MB goal, 0 MB stacks, 0 MB globals, 16 P
gc 12482 @54.988s 5%: 0.12+0.56+0.11 ms clock, 2.0+0.66/0.79/0+1.7 ms cpu, 3->4->2 MB, 4 MB goal, 0 MB stacks, 0 MB globals, 16 P
gc 12483 @54.990s 5%: 0.091+0.75+0.12 ms clock, 1.4+0.52/1.0/0.010+1.9 ms cpu, 3->4->2 MB, 4 MB goal, 0 MB stacks, 0 MB globals, 16 P
gc 12484 @54.992s 5%: 0.099+0.53+0.10 ms clock, 1.5+0.51/0.82/0.018+1.7 ms cpu, 3->4->1 MB, 4 MB goal, 0 MB stacks, 0 MB globals, 16 P
gc 12485 @54.993s 5%: 0.13+0.55+0.14 ms clock, 2.1+0.47/0.96/0.091+2.3 ms cpu, 3->4->1 MB, 4 MB goal, 0 MB stacks, 0 MB globals, 16 P
gc 12486 @54.995s 5%: 0.13+0.65+0.11 ms clock, 2.1+0.69/0.74/0+1.7 ms cpu, 3->4->2 MB, 4 MB goal, 0 MB stacks, 0 MB globals, 16 P
gc 12487 @54.997s 5%: 0.18+0.58+0.17 ms clock, 2.9+0.72/0.77/0+2.7 ms cpu, 3->4->2 MB, 4 MB goal, 0 MB stacks, 0 MB globals, 16 P
gc 12488 @54.999s 5%: 0.093+0.55+0.12 ms clock, 1.4+0.57/0.85/0.007+2.0 ms cpu, 3->4->1 MB, 4 MB goal, 0 MB stacks, 0 MB globals, 16 P
gc 12489 @55.000s 5%: 0.12+0.52+0.098 ms clock, 1.9+0.57/0.78/0.026+1.5 ms cpu, 3->4->1 MB, 4 MB goal, 0 MB stacks, 0 MB globals, 16 P
gc 12490 @55.002s 5%: 0.13+0.57+0.12 ms clock, 2.1+0.65/0.84/0+1.9 ms cpu, 3->4->1 MB, 4 MB goal, 0 MB stacks, 0 MB globals, 16 P
gc 12491 @55.003s 5%: 0.11+0.54+0.14 ms clock, 1.7+0.59/0.73/0+2.3 ms cpu, 3->4->1 MB, 4 MB goal, 0 MB stacks, 0 MB globals, 16 P
gc 12492 @55.005s 5%: 0.14+0.62+0.044 ms clock, 2.3+0.64/0.82/0+0.70 ms cpu, 3->4->2 MB, 4 MB goal, 0 MB stacks, 0 MB globals, 16 P
gc 12493 @55.007s 5%: 0.14+0.52+0.14 ms clock, 2.3+0.63/0.74/0.054+2.3 ms cpu, 3->4->1 MB, 4 MB goal, 0 MB stacks, 0 MB globals, 16 P
gc 12494 @55.008s 5%: 0.11+0.48+0.12 ms clock, 1.8+0.66/0.83/0.003+2.0 ms cpu, 3->4->1 MB, 4 MB goal, 0 MB stacks, 0 MB globals, 16 P
gc 12495 @55.010s 5%: 0.10+0.64+0.10 ms clock, 1.7+0.63/0.94/0+1.6 ms cpu, 3->4->2 MB, 4 MB goal, 0 MB stacks, 0 MB globals, 16 P
gc 12496 @55.012s 5%: 0.19+0.62+0.071 ms clock, 3.1+0.65/0.80/0.026+1.1 ms cpu, 3->4->2 MB, 4 MB goal, 0 MB stacks, 0 MB globals, 16 P
gc 12497 @55.013s 5%: 0.14+0.59+0.10 ms clock, 2.3+0.70/0.83/0.013+1.7 ms cpu, 3->4->2 MB, 4 MB goal, 0 MB stacks, 0 MB globals, 16 P
gc 12498 @55.015s 5%: 0.16+0.68+0.11 ms clock, 2.6+0.59/0.98/0+1.8 ms cpu, 3->4->2 MB, 4 MB goal, 0 MB stacks, 0 MB globals, 16 P
gc 12499 @55.017s 5%: 0.10+0.56+0.083 ms clock, 1.7+0.60/0.88/0+1.3 ms cpu, 3->4->1 MB, 4 MB goal, 0 MB stacks, 0 MB globals, 16 P
gc 12500 @55.019s 5%: 0.11+0.70+0.092 ms clock, 1.8+0.63/0.72/0+1.4 ms cpu, 3->4->1 MB, 4 MB goal, 0 MB stacks, 0 MB globals, 16 P
gc 12501 @55.021s 5%: 0.090+0.52+0.093 ms clock, 1.4+0.59/0.80/0.003+1.4 ms cpu, 3->4->1 MB, 4 MB goal, 0 MB stacks, 0 MB globals, 16 P
gc 12502 @55.022s 5%: 0.11+0.47+0.18 ms clock, 1.8+0.69/0.75/0.002+2.9 ms cpu, 3->4->1 MB, 4 MB goal, 0 MB stacks, 0 MB globals, 16 P
gc 12503 @55.024s 5%: 0.14+0.54+0.11 ms clock, 2.3+0.64/0.81/0.008+1.7 ms cpu, 3->4->1 MB, 4 MB goal, 0 MB stacks, 0 MB globals, 16 P
gc 12504 @55.025s 5%: 0.13+0.47+0.13 ms clock, 2.1+0.68/0.83/0+2.2 ms cpu, 3->4->1 MB, 4 MB goal, 0 MB stacks, 0 MB globals, 16 P
gc 12505 @55.027s 5%: 0.15+0.49+0.19 ms clock, 2.5+0.56/0.82/0.008+3.0 ms cpu, 3->4->1 MB, 4 MB goal, 0 MB stacks, 0 MB globals, 16 P
gc 12506 @55.029s 5%: 0.090+0.59+0.095 ms clock, 1.4+0.57/0.88/0.003+1.5 ms cpu, 3->4->1 MB, 4 MB goal, 0 MB stacks, 0 MB globals, 16 P
gc 12507 @55.030s 5%: 0.12+0.63+0.12 ms clock, 1.9+0.59/0.90/0+1.9 ms cpu, 3->4->2 MB, 4 MB goal, 0 MB stacks, 0 MB globals, 16 P
gc 12508 @55.032s 5%: 0.10+0.50+0.045 ms clock, 1.6+0.43/0.94/0.005+0.72 ms cpu, 3->4->1 MB, 4 MB goal, 0 MB stacks, 0 MB globals, 16 P
gc 12509 @55.034s 5%: 0.13+0.65+0.13 ms clock, 2.1+0.64/0.90/0.001+2.1 ms cpu, 3->4->2 MB, 4 MB goal, 0 MB stacks, 0 MB globals, 16 P
gc 12510 @55.035s 5%: 0.10+0.48+0.19 ms clock, 1.7+0.44/0.84/0.003+3.1 ms cpu, 3->4->1 MB, 4 MB goal, 0 MB stacks, 0 MB globals, 16 P
gc 12511 @55.037s 5%: 0.14+0.54+0.10 ms clock, 2.2+0.53/0.81/0+1.6 ms cpu, 3->4->1 MB, 4 MB goal, 0 MB stacks, 0 MB globals, 16 P
gc 12512 @55.038s 5%: 0.12+0.62+0.11 ms clock, 2.0+0.66/0.71/0.074+1.8 ms cpu, 3->4->1 MB, 4 MB goal, 0 MB stacks, 0 MB globals, 16 P
gc 12513 @55.040s 5%: 0.14+0.69+0.11 ms clock, 2.2+0.50/0.92/0+1.8 ms cpu, 3->4->2 MB, 4 MB goal, 0 MB stacks, 0 MB globals, 16 P
gc 12514 @55.042s 5%: 0.13+0.60+0.10 ms clock, 2.1+0.70/0.86/0+1.7 ms cpu, 3->4->2 MB, 4 MB goal, 0 MB stacks, 0 MB globals, 16 P
gc 12515 @55.044s 5%: 0.14+0.57+0.098 ms clock, 2.3+0.62/0.79/0.008+1.5 ms cpu, 3->4->2 MB, 4 MB goal, 0 MB stacks, 0 MB globals, 16 P
gc 12516 @55.046s 5%: 0.13+0.71+0.10 ms clock, 2.1+0.58/0.98/0.018+1.6 ms cpu, 3->4->2 MB, 4 MB goal, 0 MB stacks, 0 MB globals, 16 P
gc 12517 @55.048s 5%: 0.10+0.51+0.14 ms clock, 1.6+0.51/0.90/0+2.2 ms cpu, 3->4->1 MB, 4 MB goal, 0 MB stacks, 0 MB globals, 16 P
gc 12518 @55.049s 5%: 0.13+0.45+0.17 ms clock, 2.1+0.72/0.86/0+2.8 ms cpu, 3->4->1 MB, 4 MB goal, 0 MB stacks, 0 MB globals, 16 P
gc 12519 @55.051s 5%: 0.081+0.76+0.089 ms clock, 1.2+0.54/0.88/0+1.4 ms cpu, 3->4->2 MB, 4 MB goal, 0 MB stacks, 0 MB globals, 16 P
gc 12520 @55.053s 5%: 0.15+0.49+0.15 ms clock, 2.4+0.67/0.87/0+2.5 ms cpu, 3->4->2 MB, 4 MB goal, 0 MB stacks, 0 MB globals, 16 P
gc 12521 @55.054s 5%: 0.12+0.47+0.14 ms clock, 1.9+0.66/0.71/0+2.3 ms cpu, 3->4->1 MB, 4 MB goal, 0 MB stacks, 0 MB globals, 16 P
gc 12522 @55.056s 5%: 0.11+0.85+0.084 ms clock, 1.8+0.62/1.0/0.018+1.3 ms cpu, 3->4->2 MB, 4 MB goal, 0 MB stacks, 0 MB globals, 16 P
gc 12523 @55.058s 5%: 0.14+0.59+0.14 ms clock, 2.3+0.72/0.81/0+2.3 ms cpu, 4->4->2 MB, 4 MB goal, 0 MB stacks, 0 MB globals, 16 P
gc 12524 @55.060s 5%: 0.086+0.57+0.094 ms clock, 1.3+0.48/0.99/0.009+1.5 ms cpu, 3->4->1 MB, 4 MB goal, 0 MB stacks, 0 MB globals, 16 P
gc 12525 @55.061s 5%: 0.10+0.68+0.10 ms clock, 1.6+0.67/1.0/0.045+1.7 ms cpu, 3->4->2 MB, 4 MB goal, 0 MB stacks, 0 MB globals, 16 P
gc 12526 @55.063s 5%: 0.10+0.77+0.070 ms clock, 1.7+0.49/0.94/0.012+1.1 ms cpu, 3->4->1 MB, 4 MB goal, 0 MB stacks, 0 MB globals, 16 P
gc 12527 @55.065s 5%: 0.093+0.67+0.083 ms clock, 1.4+0.54/0.91/0.023+1.3 ms cpu, 3->4->2 MB, 4 MB goal, 0 MB stacks, 0 MB globals, 16 P
gc 12528 @55.067s 5%: 0.15+0.56+0.066 ms clock, 2.4+0.57/0.88/0+1.0 ms cpu, 3->4->1 MB, 4 MB goal, 0 MB stacks, 0 MB globals, 16 P
gc 12529 @55.068s 5%: 0.14+0.58+0.088 ms clock, 2.3+0.62/0.99/0+1.4 ms cpu, 3->4->2 MB, 4 MB goal, 0 MB stacks, 0 MB globals, 16 P
gc 12530 @55.070s 5%: 0.11+0.64+0.12 ms clock, 1.8+0.47/0.97/0.17+2.0 ms cpu, 3->4->2 MB, 4 MB goal, 0 MB stacks, 0 MB globals, 16 P
gc 12531 @55.072s 5%: 0.12+0.55+0.11 ms clock, 2.0+0.67/0.83/0+1.8 ms cpu, 3->4->2 MB, 4 MB goal, 0 MB stacks, 0 MB globals, 16 P
gc 12532 @55.073s 5%: 0.13+0.65+0.10 ms clock, 2.1+0.61/0.85/0.065+1.7 ms cpu, 3->4->2 MB, 4 MB goal, 0 MB stacks, 0 MB globals, 16 P
gc 12533 @55.075s 5%: 0.15+0.65+0.057 ms clock, 2.5+0.63/0.93/0+0.92 ms cpu, 3->4->2 MB, 4 MB goal, 0 MB stacks, 0 MB globals, 16 P
gc 12534 @55.077s 5%: 0.11+0.65+0.049 ms clock, 1.8+0.41/0.86/0+0.79 ms cpu, 3->4->2 MB, 4 MB goal, 0 MB stacks, 0 MB globals, 16 P
gc 12535 @55.079s 5%: 0.096+0.46+0.14 ms clock, 1.5+0.65/0.74/0.011+2.2 ms cpu, 3->4->1 MB, 4 MB goal, 0 MB stacks, 0 MB globals, 16 P
gc 12536 @55.081s 5%: 0.15+1.0+0.051 ms clock, 2.4+0.60/0.90/0.043+0.82 ms cpu, 3->4->2 MB, 4 MB goal, 0 MB stacks, 0 MB globals, 16 P
gc 12537 @55.083s 5%: 0.14+0.65+0.11 ms clock, 2.3+0.52/0.84/0.027+1.7 ms cpu, 4->4->2 MB, 4 MB goal, 0 MB stacks, 0 MB globals, 16 P
gc 12538 @55.084s 5%: 0.11+0.67+0.11 ms clock, 1.9+0.65/0.78/0.025+1.9 ms cpu, 3->4->2 MB, 4 MB goal, 0 MB stacks, 0 MB globals, 16 P
gc 12539 @55.086s 5%: 0.15+0.47+0.098 ms clock, 2.4+0.65/0.89/0+1.5 ms cpu, 3->4->1 MB, 4 MB goal, 0 MB stacks, 0 MB globals, 16 P
gc 12540 @55.088s 5%: 0.15+0.53+0.12 ms clock, 2.4+0.57/0.86/0.038+1.9 ms cpu, 3->4->1 MB, 4 MB goal, 0 MB stacks, 0 MB globals, 16 P
gc 12541 @55.089s 5%: 0.17+0.51+0.10 ms clock, 2.7+0.50/0.80/0.094+1.6 ms cpu, 3->4->1 MB, 4 MB goal, 0 MB stacks, 0 MB globals, 16 P
gc 12542 @55.091s 5%: 0.19+0.58+0.12 ms clock, 3.1+0.71/0.93/0.006+2.0 ms cpu, 3->4->2 MB, 4 MB goal, 0 MB stacks, 0 MB globals, 16 P
gc 12543 @55.093s 5%: 0.13+0.50+0.11 ms clock, 2.1+0.59/0.85/0+1.8 ms cpu, 3->4->1 MB, 4 MB goal, 0 MB stacks, 0 MB globals, 16 P
gc 12544 @55.095s 5%: 0.17+0.55+0.16 ms clock, 2.8+0.54/0.83/0+2.6 ms cpu, 3->4->2 MB, 4 MB goal, 0 MB stacks, 0 MB globals, 16 P
gc 12545 @55.096s 5%: 0.24+0.76+0.072 ms clock, 3.8+0.35/0.75/0+1.1 ms cpu, 3->4->2 MB, 4 MB goal, 0 MB stacks, 0 MB globals, 16 P
gc 12546 @55.098s 5%: 0.12+0.59+0.12 ms clock, 2.0+0.55/0.85/0+1.9 ms cpu, 3->4->2 MB, 4 MB goal, 0 MB stacks, 0 MB globals, 16 P
gc 12547 @55.100s 5%: 0.15+0.72+0.10 ms clock, 2.4+0.71/0.96/0+1.6 ms cpu, 3->4->2 MB, 4 MB goal, 0 MB stacks, 0 MB globals, 16 P
gc 12548 @55.102s 5%: 0.15+0.72+0.13 ms clock, 2.5+0.55/0.87/0+2.1 ms cpu, 4->4->2 MB, 4 MB goal, 0 MB stacks, 0 MB globals, 16 P
gc 12549 @55.104s 5%: 0.13+0.65+0.17 ms clock, 2.1+0.63/0.70/0+2.8 ms cpu, 3->4->2 MB, 4 MB goal, 0 MB stacks, 0 MB globals, 16 P
gc 12550 @55.106s 5%: 0.11+0.62+0.081 ms clock, 1.8+0.62/0.82/0+1.2 ms cpu, 3->4->2 MB, 4 MB goal, 0 MB stacks, 0 MB globals, 16 P
gc 12551 @55.108s 5%: 0.14+0.48+0.095 ms clock, 2.3+0.56/0.78/0.001+1.5 ms cpu, 3->4->2 MB, 4 MB goal, 0 MB stacks, 0 MB globals, 16 P
gc 12552 @55.109s 5%: 0.10+0.71+0.054 ms clock, 1.6+0.56/0.79/0+0.87 ms cpu, 3->4->2 MB, 4 MB goal, 0 MB stacks, 0 MB globals, 16 P
gc 12553 @55.111s 5%: 0.13+0.83+0.069 ms clock, 2.1+0.69/0.89/0+1.1 ms cpu, 3->4->2 MB, 4 MB goal, 0 MB stacks, 0 MB globals, 16 P
gc 12554 @55.113s 5%: 0.10+0.57+0.092 ms clock, 1.6+0.63/0.84/0.035+1.4 ms cpu, 4->4->1 MB, 4 MB goal, 0 MB stacks, 0 MB globals, 16 P
gc 12555 @55.115s 5%: 0.12+0.66+0.11 ms clock, 2.0+0.69/0.82/0+1.8 ms cpu, 3->4->1 MB, 4 MB goal, 0 MB stacks, 0 MB globals, 16 P
gc 12556 @55.117s 5%: 0.16+0.45+0.13 ms clock, 2.6+0.65/0.83/0.013+2.2 ms cpu, 3->4->1 MB, 4 MB goal, 0 MB stacks, 0 MB globals, 16 P
gc 12557 @55.118s 5%: 0.17+0.53+0.17 ms clock, 2.7+0.72/0.82/0+2.7 ms cpu, 3->4->2 MB, 4 MB goal, 0 MB stacks, 0 MB globals, 16 P
gc 12558 @55.120s 5%: 0.085+0.53+0.081 ms clock, 1.3+0.59/0.96/0+1.2 ms cpu, 3->4->1 MB, 4 MB goal, 0 MB stacks, 0 MB globals, 16 P
gc 12559 @55.121s 5%: 0.16+0.51+0.12 ms clock, 2.5+0.41/0.92/0+1.9 ms cpu, 3->4->1 MB, 4 MB goal, 0 MB stacks, 0 MB globals, 16 P
gc 12560 @55.123s 5%: 0.088+0.43+0.14 ms clock, 1.4+0.39/0.79/0.072+2.2 ms cpu, 3->3->1 MB, 4 MB goal, 0 MB stacks, 0 MB globals, 16 P
gc 12561 @55.124s 5%: 0.11+0.54+0.16 ms clock, 1.8+0.66/0.91/0+2.5 ms cpu, 3->4->2 MB, 4 MB goal, 0 MB stacks, 0 MB globals, 16 P
gc 12562 @55.126s 5%: 0.11+0.54+0.10 ms clock, 1.9+0.56/0.78/0.024+1.7 ms cpu, 3->4->1 MB, 4 MB goal, 0 MB stacks, 0 MB globals, 16 P
gc 12563 @55.127s 5%: 0.092+0.56+0.14 ms clock, 1.4+0.68/0.77/0+2.3 ms cpu, 3->4->1 MB, 4 MB goal, 0 MB stacks, 0 MB globals, 16 P
gc 12564 @55.129s 5%: 0.14+0.60+0.063 ms clock, 2.2+0.60/0.84/0+1.0 ms cpu, 3->4->2 MB, 4 MB goal, 0 MB stacks, 0 MB globals, 16 P
gc 12565 @55.131s 5%: 0.15+0.56+0.10 ms clock, 2.4+0.74/0.80/0.026+1.7 ms cpu, 3->4->2 MB, 4 MB goal, 0 MB stacks, 0 MB globals, 16 P
gc 12566 @55.133s 5%: 0.14+0.66+0.081 ms clock, 2.3+0.56/0.87/0+1.2 ms cpu, 3->4->2 MB, 4 MB goal, 0 MB stacks, 0 MB globals, 16 P
gc 12567 @55.134s 5%: 0.15+0.53+0.14 ms clock, 2.4+0.66/0.68/0+2.3 ms cpu, 3->4->1 MB, 4 MB goal, 0 MB stacks, 0 MB globals, 16 P
gc 12568 @55.136s 5%: 0.16+0.51+0.071 ms clock, 2.6+0.50/0.82/0+1.1 ms cpu, 3->4->1 MB, 4 MB goal, 0 MB stacks, 0 MB globals, 16 P
gc 12569 @55.138s 5%: 0.10+0.59+0.087 ms clock, 1.7+0.54/0.94/0.001+1.4 ms cpu, 3->4->1 MB, 4 MB goal, 0 MB stacks, 0 MB globals, 16 P
gc 12570 @55.139s 5%: 0.12+0.49+0.097 ms clock, 1.9+0.49/0.84/0.007+1.5 ms cpu, 3->4->1 MB, 4 MB goal, 0 MB stacks, 0 MB globals, 16 P
gc 12571 @55.141s 5%: 0.097+0.48+0.078 ms clock, 1.5+0.56/0.78/0.034+1.2 ms cpu, 3->4->1 MB, 4 MB goal, 0 MB stacks, 0 MB globals, 16 P
gc 12572 @55.142s 5%: 0.12+0.69+0.035 ms clock, 2.0+0.48/0.88/0+0.57 ms cpu, 3->4->1 MB, 4 MB goal, 0 MB stacks, 0 MB globals, 16 P
gc 12573 @55.144s 5%: 0.13+0.77+0.11 ms clock, 2.2+0.44/0.86/0+1.7 ms cpu, 3->4->2 MB, 4 MB goal, 0 MB stacks, 0 MB globals, 16 P
gc 12574 @55.146s 5%: 0.16+0.67+0.097 ms clock, 2.5+0.50/0.86/0+1.5 ms cpu, 3->4->2 MB, 4 MB goal, 0 MB stacks, 0 MB globals, 16 P
gc 12575 @55.148s 5%: 0.12+0.54+0.11 ms clock, 2.0+0.55/0.84/0+1.8 ms cpu, 3->4->1 MB, 4 MB goal, 0 MB stacks, 0 MB globals, 16 P
gc 12576 @55.149s 5%: 0.16+0.50+0.15 ms clock, 2.6+0.68/0.76/0.028+2.5 ms cpu, 3->4->1 MB, 4 MB goal, 0 MB stacks, 0 MB globals, 16 P
gc 12577 @55.151s 5%: 0.10+0.55+0.17 ms clock, 1.6+0.62/0.71/0+2.8 ms cpu, 3->4->1 MB, 4 MB goal, 0 MB stacks, 0 MB globals, 16 P
gc 12578 @55.152s 5%: 0.15+0.54+0.088 ms clock, 2.4+0.59/0.92/0+1.4 ms cpu, 3->4->2 MB, 4 MB goal, 0 MB stacks, 0 MB globals, 16 P
gc 12579 @55.154s 5%: 0.17+0.69+0.14 ms clock, 2.8+0.47/0.79/0.020+2.3 ms cpu, 3->4->1 MB, 4 MB goal, 0 MB stacks, 0 MB globals, 16 P
gc 12580 @55.156s 5%: 0.16+0.77+0.066 ms clock, 2.6+0.39/1.0/0.009+1.0 ms cpu, 3->4->2 MB, 4 MB goal, 0 MB stacks, 0 MB globals, 16 P
gc 12581 @55.158s 5%: 0.15+0.62+0.10 ms clock, 2.4+0.60/0.73/0.067+1.7 ms cpu, 4->5->2 MB, 4 MB goal, 0 MB stacks, 0 MB globals, 16 P
gc 12582 @55.160s 5%: 0.11+0.61+0.061 ms clock, 1.8+0.56/0.90/0.017+0.97 ms cpu, 3->4->1 MB, 4 MB goal, 0 MB stacks, 0 MB globals, 16 P
gc 12583 @55.161s 5%: 0.11+0.71+0.10 ms clock, 1.8+0.64/0.89/0+1.6 ms cpu, 3->4->2 MB, 4 MB goal, 0 MB stacks, 0 MB globals, 16 P
gc 12584 @55.163s 5%: 0.12+0.72+0.080 ms clock, 2.0+0.72/0.81/0.004+1.2 ms cpu, 3->4->2 MB, 4 MB goal, 0 MB stacks, 0 MB globals, 16 P
gc 12585 @55.165s 5%: 0.085+0.64+0.099 ms clock, 1.3+0.57/0.87/0.017+1.5 ms cpu, 3->4->2 MB, 4 MB goal, 0 MB stacks, 0 MB globals, 16 P
gc 12586 @55.167s 5%: 0.20+0.55+0.14 ms clock, 3.2+0.69/0.93/0+2.3 ms cpu, 3->4->2 MB, 4 MB goal, 0 MB stacks, 0 MB globals, 16 P
gc 12587 @55.169s 5%: 0.15+0.65+0.13 ms clock, 2.4+0.62/0.81/0+2.1 ms cpu, 3->4->2 MB, 4 MB goal, 0 MB stacks, 0 MB globals, 16 P
gc 12588 @55.171s 5%: 0.14+0.51+0.14 ms clock, 2.3+0.51/0.82/0+2.2 ms cpu, 3->4->1 MB, 4 MB goal, 0 MB stacks, 0 MB globals, 16 P
gc 12589 @55.172s 5%: 0.19+0.48+0.12 ms clock, 3.0+0.51/0.87/0+2.0 ms cpu, 3->4->1 MB, 4 MB goal, 0 MB stacks, 0 MB globals, 16 P
gc 12590 @55.174s 5%: 0.12+0.72+0.10 ms clock, 1.9+0.60/0.86/0.002+1.7 ms cpu, 3->4->2 MB, 4 MB goal, 0 MB stacks, 0 MB globals, 16 P
gc 12591 @55.176s 5%: 0.12+0.57+0.10 ms clock, 2.0+0.61/0.96/0+1.7 ms cpu, 3->4->2 MB, 4 MB goal, 0 MB stacks, 0 MB globals, 16 P
gc 12592 @55.178s 5%: 0.14+0.61+0.072 ms clock, 2.2+0.53/0.80/0.014+1.1 ms cpu, 3->4->1 MB, 4 MB goal, 0 MB stacks, 0 MB globals, 16 P
gc 12593 @55.179s 5%: 0.11+0.58+0.097 ms clock, 1.7+0.62/0.75/0+1.5 ms cpu, 3->4->2 MB, 4 MB goal, 0 MB stacks, 0 MB globals, 16 P
gc 12594 @55.181s 5%: 0.15+0.55+0.12 ms clock, 2.4+0.62/0.85/0.026+2.0 ms cpu, 3->4->2 MB, 4 MB goal, 0 MB stacks, 0 MB globals, 16 P
gc 12595 @55.183s 5%: 0.14+0.86+0.11 ms clock, 2.3+0.59/1.0/0+1.8 ms cpu, 3->4->2 MB, 4 MB goal, 0 MB stacks, 0 MB globals, 16 P
gc 12596 @55.185s 5%: 0.14+0.52+0.18 ms clock, 2.2+0.63/0.85/0+3.0 ms cpu, 4->4->1 MB, 4 MB goal, 0 MB stacks, 0 MB globals, 16 P
gc 12597 @55.187s 5%: 0.13+0.61+0.10 ms clock, 2.2+0.71/0.94/0+1.7 ms cpu, 3->4->2 MB, 4 MB goal, 0 MB stacks, 0 MB globals, 16 P
gc 12598 @55.188s 5%: 0.11+0.57+0.11 ms clock, 1.8+0.73/0.81/0+1.8 ms cpu, 3->4->1 MB, 4 MB goal, 0 MB stacks, 0 MB globals, 16 P
gc 12599 @55.190s 5%: 0.12+0.73+0.086 ms clock, 1.9+0.56/0.79/0+1.3 ms cpu, 3->4->2 MB, 4 MB goal, 0 MB stacks, 0 MB globals, 16 P
gc 12600 @55.192s 5%: 0.13+0.73+0.10 ms clock, 2.1+0.63/1.1/0+1.6 ms cpu, 3->4->2 MB, 4 MB goal, 0 MB stacks, 0 MB globals, 16 P
gc 12601 @55.194s 5%: 0.092+0.61+0.059 ms clock, 1.4+0.45/0.99/0.003+0.95 ms cpu, 3->4->1 MB, 4 MB goal, 0 MB stacks, 0 MB globals, 16 P
gc 12602 @55.195s 5%: 0.13+0.53+0.091 ms clock, 2.1+0.49/0.94/0+1.4 ms cpu, 3->4->1 MB, 4 MB goal, 0 MB stacks, 0 MB globals, 16 P
gc 12603 @55.197s 5%: 0.096+0.69+0.051 ms clock, 1.5+0.47/0.81/0.047+0.82 ms cpu, 3->4->1 MB, 4 MB goal, 0 MB stacks, 0 MB globals, 16 P
gc 12604 @55.199s 5%: 0.14+0.69+0.090 ms clock, 2.3+0.50/0.87/0+1.4 ms cpu, 3->4->2 MB, 4 MB goal, 0 MB stacks, 0 MB globals, 16 P
gc 12605 @55.201s 5%: 0.12+0.59+0.10 ms clock, 2.0+0.65/0.89/0.001+1.7 ms cpu, 3->4->1 MB, 4 MB goal, 0 MB stacks, 0 MB globals, 16 P
gc 12606 @55.202s 5%: 0.17+0.53+0.085 ms clock, 2.7+0.55/0.80/0+1.3 ms cpu, 3->4->1 MB, 4 MB goal, 0 MB stacks, 0 MB globals, 16 P
gc 12607 @55.204s 5%: 0.089+0.60+0.081 ms clock, 1.4+0.60/0.90/0.040+1.3 ms cpu, 3->4->1 MB, 4 MB goal, 0 MB stacks, 0 MB globals, 16 P
gc 12608 @55.205s 5%: 0.11+0.51+0.12 ms clock, 1.8+0.39/0.79/0.025+2.0 ms cpu, 3->4->1 MB, 4 MB goal, 0 MB stacks, 0 MB globals, 16 P
gc 12609 @55.207s 5%: 0.10+0.48+0.20 ms clock, 1.6+0.65/0.76/0.001+3.2 ms cpu, 3->4->1 MB, 4 MB goal, 0 MB stacks, 0 MB globals, 16 P
gc 12610 @55.208s 5%: 0.17+0.63+0.071 ms clock, 2.8+0.81/0.83/0+1.1 ms cpu, 3->4->2 MB, 4 MB goal, 0 MB stacks, 0 MB globals, 16 P
gc 12611 @55.210s 5%: 0.14+0.85+0.063 ms clock, 2.3+0.54/0.80/0+1.0 ms cpu, 3->4->2 MB, 4 MB goal, 0 MB stacks, 0 MB globals, 16 P
gc 12612 @55.212s 5%: 0.17+0.51+0.10 ms clock, 2.8+0.63/0.78/0+1.7 ms cpu, 3->4->1 MB, 4 MB goal, 0 MB stacks, 0 MB globals, 16 P
gc 12613 @55.214s 5%: 0.19+0.56+0.10 ms clock, 3.1+0.76/0.84/0+1.6 ms cpu, 3->4->2 MB, 4 MB goal, 0 MB stacks, 0 MB globals, 16 P
gc 12614 @55.216s 5%: 0.12+0.63+0.15 ms clock, 1.9+0.65/0.84/0.002+2.5 ms cpu, 3->4->2 MB, 4 MB goal, 0 MB stacks, 0 MB globals, 16 P
gc 12615 @55.218s 5%: 0.11+0.49+0.10 ms clock, 1.8+0.55/0.75/0.011+1.7 ms cpu, 3->4->1 MB, 4 MB goal, 0 MB stacks, 0 MB globals, 16 P
gc 12616 @55.219s 5%: 0.12+0.54+0.11 ms clock, 1.9+0.49/0.84/0.003+1.9 ms cpu, 3->4->1 MB, 4 MB goal, 0 MB stacks, 0 MB globals, 16 P
gc 12617 @55.221s 5%: 0.15+0.53+0.19 ms clock, 2.4+0.63/0.86/0.005+3.1 ms cpu, 3->4->2 MB, 4 MB goal, 0 MB stacks, 0 MB globals, 16 P
gc 12618 @55.222s 5%: 0.10+0.58+0.13 ms clock, 1.7+0.47/0.89/0.019+2.1 ms cpu, 3->4->2 MB, 4 MB goal, 0 MB stacks, 0 MB globals, 16 P
gc 12619 @55.224s 5%: 0.10+0.47+0.13 ms clock, 1.7+0.62/0.82/0+2.1 ms cpu, 3->4->1 MB, 4 MB goal, 0 MB stacks, 0 MB globals, 16 P
gc 12620 @55.226s 5%: 0.10+0.58+0.052 ms clock, 1.7+0.62/0.88/0.006+0.84 ms cpu, 3->4->1 MB, 4 MB goal, 0 MB stacks, 0 MB globals, 16 P
gc 12621 @55.227s 5%: 0.14+0.68+0.11 ms clock, 2.2+0.55/0.84/0.008+1.8 ms cpu, 3->4->2 MB, 4 MB goal, 0 MB stacks, 0 MB globals, 16 P
gc 12622 @55.229s 5%: 0.10+0.62+0.13 ms clock, 1.6+0.59/0.91/0.011+2.2 ms cpu, 3->4->2 MB, 4 MB goal, 0 MB stacks, 0 MB globals, 16 P
gc 12623 @55.231s 5%: 0.14+0.48+0.10 ms clock, 2.3+0.48/0.86/0+1.7 ms cpu, 3->4->1 MB, 4 MB goal, 0 MB stacks, 0 MB globals, 16 P
gc 12624 @55.233s 5%: 0.10+0.48+0.12 ms clock, 1.7+0.62/0.80/0.023+2.0 ms cpu, 3->4->1 MB, 4 MB goal, 0 MB stacks, 0 MB globals, 16 P
gc 12625 @55.234s 5%: 0.18+0.58+0.12 ms clock, 2.9+0.69/0.81/0+1.9 ms cpu, 3->4->2 MB, 4 MB goal, 0 MB stacks, 0 MB globals, 16 P
gc 12626 @55.236s 5%: 0.12+0.53+0.041 ms clock, 2.0+0.61/0.92/0.002+0.67 ms cpu, 3->4->1 MB, 4 MB goal, 0 MB stacks, 0 MB globals, 16 P
gc 12627 @55.237s 5%: 0.13+0.60+0.12 ms clock, 2.1+0.57/0.70/0.066+2.0 ms cpu, 3->4->1 MB, 4 MB goal, 0 MB stacks, 0 MB globals, 16 P
gc 12628 @55.239s 5%: 0.18+0.54+0.099 ms clock, 2.9+0.71/0.80/0+1.5 ms cpu, 3->4->2 MB, 4 MB goal, 0 MB stacks, 0 MB globals, 16 P
gc 12629 @55.241s 5%: 0.13+0.46+0.15 ms clock, 2.0+0.54/0.81/0.060+2.4 ms cpu, 3->4->1 MB, 4 MB goal, 0 MB stacks, 0 MB globals, 16 P
gc 12630 @55.242s 5%: 0.14+0.83+0.099 ms clock, 2.2+0.60/0.77/0+1.5 ms cpu, 3->4->2 MB, 4 MB goal, 0 MB stacks, 0 MB globals, 16 P
gc 12631 @55.244s 5%: 0.10+0.69+0.10 ms clock, 1.6+0.61/0.87/0+1.6 ms cpu, 4->4->2 MB, 4 MB goal, 0 MB stacks, 0 MB globals, 16 P
gc 12632 @55.246s 5%: 0.087+0.57+0.12 ms clock, 1.3+0.42/0.90/0+2.0 ms cpu, 3->4->1 MB, 4 MB goal, 0 MB stacks, 0 MB globals, 16 P
gc 12633 @55.248s 5%: 0.13+0.49+0.12 ms clock, 2.0+0.52/0.89/0.025+2.0 ms cpu, 3->4->1 MB, 4 MB goal, 0 MB stacks, 0 MB globals, 16 P
gc 12634 @55.249s 5%: 0.089+0.62+0.073 ms clock, 1.4+0.57/0.98/0.076+1.1 ms cpu, 3->4->1 MB, 4 MB goal, 0 MB stacks, 0 MB globals, 16 P
gc 12635 @55.251s 5%: 0.16+0.48+0.18 ms clock, 2.5+0.55/0.88/0.001+2.9 ms cpu, 3->4->1 MB, 4 MB goal, 0 MB stacks, 0 MB globals, 16 P
gc 12636 @55.252s 5%: 0.094+0.54+0.11 ms clock, 1.5+0.55/0.85/0+1.7 ms cpu, 3->4->1 MB, 4 MB goal, 0 MB stacks, 0 MB globals, 16 P
gc 12637 @55.254s 5%: 0.071+0.53+0.074 ms clock, 1.1+0.54/0.83/0.015+1.1 ms cpu, 3->4->1 MB, 4 MB goal, 0 MB stacks, 0 MB globals, 16 P
gc 12638 @55.256s 5%: 0.10+0.52+0.11 ms clock, 1.7+0.50/0.85/0+1.7 ms cpu, 3->4->1 MB, 4 MB goal, 0 MB stacks, 0 MB globals, 16 P
gc 12639 @55.257s 5%: 0.14+0.52+0.15 ms clock, 2.2+0.64/0.84/0.007+2.4 ms cpu, 3->4->1 MB, 4 MB goal, 0 MB stacks, 0 MB globals, 16 P
gc 12640 @55.259s 5%: 0.17+0.62+0.096 ms clock, 2.8+0.50/0.93/0+1.5 ms cpu, 3->4->1 MB, 4 MB goal, 0 MB stacks, 0 MB globals, 16 P
gc 12641 @55.260s 5%: 0.16+0.46+0.12 ms clock, 2.5+0.61/0.68/0+2.0 ms cpu, 3->4->1 MB, 4 MB goal, 0 MB stacks, 0 MB globals, 16 P
gc 12642 @55.262s 5%: 0.10+0.68+0.12 ms clock, 1.6+0.77/0.78/0+2.0 ms cpu, 3->4->1 MB, 4 MB goal, 0 MB stacks, 0 MB globals, 16 P
gc 12643 @55.263s 5%: 0.13+0.53+0.16 ms clock, 2.1+0.65/0.73/0+2.6 ms cpu, 3->4->1 MB, 4 MB goal, 0 MB stacks, 0 MB globals, 16 P
gc 12644 @55.265s 5%: 0.12+0.64+0.052 ms clock, 2.0+0.52/0.84/0+0.84 ms cpu, 3->4->2 MB, 4 MB goal, 0 MB stacks, 0 MB globals, 16 P
gc 12645 @55.267s 5%: 0.16+0.55+0.11 ms clock, 2.6+0.78/0.69/0+1.8 ms cpu, 3->4->1 MB, 4 MB goal, 0 MB stacks, 0 MB globals, 16 P
gc 12646 @55.268s 5%: 0.14+0.54+0.11 ms clock, 2.3+0.67/0.92/0+1.8 ms cpu, 3->4->2 MB, 4 MB goal, 0 MB stacks, 0 MB globals, 16 P
gc 12647 @55.270s 5%: 0.10+0.61+0.073 ms clock, 1.7+0.51/0.90/0.055+1.1 ms cpu, 3->4->1 MB, 4 MB goal, 0 MB stacks, 0 MB globals, 16 P
gc 12648 @55.272s 5%: 0.067+0.55+0.092 ms clock, 1.0+0.49/0.73/0+1.4 ms cpu, 3->4->1 MB, 4 MB goal, 0 MB stacks, 0 MB globals, 16 P
gc 12649 @55.273s 5%: 0.12+0.64+0.15 ms clock, 1.9+0.73/0.83/0.027+2.4 ms cpu, 3->4->2 MB, 4 MB goal, 0 MB stacks, 0 MB globals, 16 P
gc 12650 @55.275s 5%: 0.10+0.61+0.11 ms clock, 1.6+0.47/0.94/0.014+1.7 ms cpu, 3->4->1 MB, 4 MB goal, 0 MB stacks, 0 MB globals, 16 P
gc 12651 @55.277s 5%: 0.15+0.58+0.15 ms clock, 2.4+0.67/0.91/0+2.4 ms cpu, 3->4->2 MB, 4 MB goal, 0 MB stacks, 0 MB globals, 16 P
gc 12652 @55.279s 5%: 0.15+0.66+0.10 ms clock, 2.4+0.65/0.72/0.012+1.6 ms cpu, 3->4->2 MB, 4 MB goal, 0 MB stacks, 0 MB globals, 16 P
gc 12653 @55.281s 5%: 0.11+0.72+0.11 ms clock, 1.9+0.52/0.98/0+1.7 ms cpu, 3->4->2 MB, 4 MB goal, 0 MB stacks, 0 MB globals, 16 P
gc 12654 @55.283s 5%: 0.085+0.73+0.063 ms clock, 1.3+0.53/0.85/0.017+1.0 ms cpu, 3->4->2 MB, 4 MB goal, 0 MB stacks, 0 MB globals, 16 P
gc 12655 @55.284s 5%: 0.12+0.55+0.090 ms clock, 1.9+0.63/0.76/0+1.4 ms cpu, 3->4->1 MB, 4 MB goal, 0 MB stacks, 0 MB globals, 16 P
gc 12656 @55.286s 5%: 0.11+0.58+0.094 ms clock, 1.9+0.63/0.80/0+1.5 ms cpu, 3->4->1 MB, 4 MB goal, 0 MB stacks, 0 MB globals, 16 P
gc 12657 @55.288s 5%: 0.12+0.69+0.088 ms clock, 1.9+0.60/1.0/0+1.4 ms cpu, 3->4->2 MB, 4 MB goal, 0 MB stacks, 0 MB globals, 16 P
gc 12658 @55.290s 5%: 0.11+0.79+0.081 ms clock, 1.8+0.59/0.99/0+1.2 ms cpu, 3->4->2 MB, 4 MB goal, 0 MB stacks, 0 MB globals, 16 P
gc 12659 @55.291s 5%: 0.16+0.69+0.13 ms clock, 2.6+0.63/0.92/0.006+2.1 ms cpu, 3->4->2 MB, 4 MB goal, 0 MB stacks, 0 MB globals, 16 P
gc 12660 @55.293s 5%: 0.16+0.73+0.097 ms clock, 2.6+0.62/0.87/0.014+1.5 ms cpu, 3->4->2 MB, 4 MB goal, 0 MB stacks, 0 MB globals, 16 P
gc 12661 @55.296s 5%: 0.091+0.65+0.14 ms clock, 1.4+0.54/0.88/0+2.3 ms cpu, 4->4->1 MB, 4 MB goal, 0 MB stacks, 0 MB globals, 16 P
gc 12662 @55.297s 5%: 0.13+0.78+0.075 ms clock, 2.1+0.58/0.72/0+1.2 ms cpu, 3->4->2 MB, 4 MB goal, 0 MB stacks, 0 MB globals, 16 P
gc 12663 @55.299s 5%: 0.13+0.63+0.17 ms clock, 2.1+0.64/0.82/0.019+2.7 ms cpu, 3->4->1 MB, 4 MB goal, 0 MB stacks, 0 MB globals, 16 P
gc 12664 @55.301s 5%: 0.13+0.54+0.096 ms clock, 2.2+0.56/0.96/0.005+1.5 ms cpu, 3->4->1 MB, 4 MB goal, 0 MB stacks, 0 MB globals, 16 P
gc 12665 @55.302s 5%: 0.11+0.56+0.074 ms clock, 1.8+0.64/0.87/0.001+1.1 ms cpu, 3->4->1 MB, 4 MB goal, 0 MB stacks, 0 MB globals, 16 P
gc 12666 @55.304s 5%: 0.15+0.47+0.11 ms clock, 2.4+0.58/0.87/0.002+1.8 ms cpu, 3->4->1 MB, 4 MB goal, 0 MB stacks, 0 MB globals, 16 P
gc 12667 @55.306s 5%: 0.14+0.74+0.12 ms clock, 2.3+0.69/0.83/0+1.9 ms cpu, 3->4->2 MB, 4 MB goal, 0 MB stacks, 0 MB globals, 16 P
gc 12668 @55.307s 5%: 0.10+0.59+0.11 ms clock, 1.6+0.48/0.94/0.027+1.8 ms cpu, 3->4->1 MB, 4 MB goal, 0 MB stacks, 0 MB globals, 16 P
gc 12669 @55.309s 5%: 0.10+0.65+0.093 ms clock, 1.7+0.53/0.96/0.007+1.4 ms cpu, 3->4->2 MB, 4 MB goal, 0 MB stacks, 0 MB globals, 16 P
gc 12670 @55.311s 5%: 0.10+0.62+0.089 ms clock, 1.6+0.57/0.82/0+1.4 ms cpu, 3->4->2 MB, 4 MB goal, 0 MB stacks, 0 MB globals, 16 P
gc 12671 @55.313s 5%: 0.13+0.58+0.10 ms clock, 2.2+0.76/0.78/0+1.7 ms cpu, 3->4->1 MB, 4 MB goal, 0 MB stacks, 0 MB globals, 16 P
gc 12672 @55.314s 5%: 0.10+0.52+0.12 ms clock, 1.7+0.47/0.88/0.003+2.0 ms cpu, 3->4->1 MB, 4 MB goal, 0 MB stacks, 0 MB globals, 16 P
gc 12673 @55.316s 5%: 0.11+0.89+0.10 ms clock, 1.8+0.77/0.85/0+1.6 ms cpu, 3->4->2 MB, 4 MB goal, 0 MB stacks, 0 MB globals, 16 P
gc 12674 @55.318s 5%: 0.17+0.47+0.13 ms clock, 2.7+0.60/0.79/0.026+2.1 ms cpu, 4->4->1 MB, 4 MB goal, 0 MB stacks, 0 MB globals, 16 P
gc 12675 @55.320s 5%: 0.15+0.55+0.10 ms clock, 2.4+0.58/0.87/0+1.7 ms cpu, 3->4->2 MB, 4 MB goal, 0 MB stacks, 0 MB globals, 16 P
gc 12676 @55.321s 5%: 0.12+0.84+0.085 ms clock, 1.9+0.72/0.70/0+1.3 ms cpu, 3->4->2 MB, 4 MB goal, 0 MB stacks, 0 MB globals, 16 P
gc 12677 @55.323s 5%: 0.10+0.41+0.14 ms clock, 1.6+0.59/0.79/0+2.3 ms cpu, 3->4->1 MB, 4 MB goal, 0 MB stacks, 0 MB globals, 16 P
gc 12678 @55.325s 5%: 0.14+0.74+0.099 ms clock, 2.3+0.49/1.0/0+1.5 ms cpu, 3->4->2 MB, 4 MB goal, 0 MB stacks, 0 MB globals, 16 P
gc 12679 @55.327s 5%: 0.13+0.59+0.087 ms clock, 2.2+0.58/0.79/0.085+1.4 ms cpu, 4->4->2 MB, 4 MB goal, 0 MB stacks, 0 MB globals, 16 P
gc 12680 @55.329s 5%: 0.10+0.68+0.10 ms clock, 1.6+0.39/0.89/0.052+1.6 ms cpu, 3->4->1 MB, 4 MB goal, 0 MB stacks, 0 MB globals, 16 P
gc 12681 @55.330s 5%: 0.15+0.55+0.10 ms clock, 2.4+0.65/0.89/0+1.7 ms cpu, 3->4->1 MB, 4 MB goal, 0 MB stacks, 0 MB globals, 16 P
gc 12682 @55.332s 5%: 0.13+0.98+0.096 ms clock, 2.1+0.68/0.93/0+1.5 ms cpu, 3->4->2 MB, 4 MB goal, 0 MB stacks, 0 MB globals, 16 P
gc 12683 @55.334s 5%: 0.093+0.64+0.091 ms clock, 1.4+0.51/0.79/0+1.4 ms cpu, 4->4->1 MB, 5 MB goal, 0 MB stacks, 0 MB globals, 16 P
gc 12684 @55.336s 5%: 0.12+0.45+0.15 ms clock, 1.9+0.60/0.74/0+2.4 ms cpu, 3->4->1 MB, 4 MB goal, 0 MB stacks, 0 MB globals, 16 P
gc 12685 @55.337s 5%: 0.15+0.62+0.089 ms clock, 2.5+0.64/0.94/0+1.4 ms cpu, 3->4->2 MB, 4 MB goal, 0 MB stacks, 0 MB globals, 16 P
gc 12686 @55.339s 5%: 0.13+0.59+0.13 ms clock, 2.1+0.47/0.82/0.037+2.1 ms cpu, 3->4->1 MB, 4 MB goal, 0 MB stacks, 0 MB globals, 16 P
gc 12687 @55.341s 5%: 0.12+0.51+0.11 ms clock, 2.0+0.56/0.82/0+1.7 ms cpu, 3->4->1 MB, 4 MB goal, 0 MB stacks, 0 MB globals, 16 P
gc 12688 @55.342s 5%: 0.10+0.65+0.069 ms clock, 1.6+0.59/0.79/0+1.1 ms cpu, 3->4->2 MB, 4 MB goal, 0 MB stacks, 0 MB globals, 16 P
gc 12689 @55.344s 5%: 0.10+0.58+0.12 ms clock, 1.7+0.51/0.84/0.009+2.0 ms cpu, 3->4->1 MB, 4 MB goal, 0 MB stacks, 0 MB globals, 16 P
gc 12690 @55.346s 5%: 0.11+0.69+0.13 ms clock, 1.9+0.71/0.91/0+2.1 ms cpu, 3->4->2 MB, 4 MB goal, 0 MB stacks, 0 MB globals, 16 P
gc 12691 @55.347s 5%: 0.11+0.57+0.12 ms clock, 1.7+0.63/0.78/0.002+2.0 ms cpu, 3->4->1 MB, 4 MB goal, 0 MB stacks, 0 MB globals, 16 P
gc 12692 @55.349s 5%: 0.14+0.55+0.18 ms clock, 2.2+0.73/0.82/0+2.8 ms cpu, 3->4->1 MB, 4 MB goal, 0 MB stacks, 0 MB globals, 16 P
gc 12693 @55.351s 5%: 0.12+0.52+0.091 ms clock, 1.9+0.49/0.78/0+1.4 ms cpu, 3->4->1 MB, 4 MB goal, 0 MB stacks, 0 MB globals, 16 P
gc 12694 @55.352s 5%: 0.10+0.47+0.077 ms clock, 1.6+0.53/0.80/0+1.2 ms cpu, 3->4->1 MB, 4 MB goal, 0 MB stacks, 0 MB globals, 16 P
gc 12695 @55.354s 5%: 0.12+0.52+0.10 ms clock, 1.9+0.56/0.78/0+1.7 ms cpu, 3->4->1 MB, 4 MB goal, 0 MB stacks, 0 MB globals, 16 P
gc 12696 @55.355s 5%: 0.16+0.54+0.15 ms clock, 2.6+0.61/0.87/0.017+2.4 ms cpu, 3->4->1 MB, 4 MB goal, 0 MB stacks, 0 MB globals, 16 P
gc 12697 @55.357s 5%: 0.11+0.45+0.10 ms clock, 1.8+0.59/0.75/0+1.7 ms cpu, 3->4->1 MB, 4 MB goal, 0 MB stacks, 0 MB globals, 16 P
gc 12698 @55.358s 5%: 0.21+0.84+0.065 ms clock, 3.3+0.47/0.85/0+1.0 ms cpu, 3->4->2 MB, 4 MB goal, 0 MB stacks, 0 MB globals, 16 P
gc 12699 @55.360s 5%: 0.23+0.54+0.11 ms clock, 3.8+0.55/0.88/0+1.8 ms cpu, 3->4->2 MB, 4 MB goal, 0 MB stacks, 0 MB globals, 16 P
gc 12700 @55.362s 5%: 0.10+0.49+0.19 ms clock, 1.7+0.50/0.82/0.004+3.1 ms cpu, 3->4->1 MB, 4 MB goal, 0 MB stacks, 0 MB globals, 16 P
gc 12701 @55.364s 5%: 0.15+0.48+0.11 ms clock, 2.5+0.66/0.90/0+1.8 ms cpu, 3->4->1 MB, 4 MB goal, 0 MB stacks, 0 MB globals, 16 P
gc 12702 @55.365s 5%: 0.14+0.73+0.093 ms clock, 2.2+0.61/0.79/0+1.4 ms cpu, 3->4->2 MB, 4 MB goal, 0 MB stacks, 0 MB globals, 16 P
gc 12703 @55.367s 5%: 0.14+0.75+0.099 ms clock, 2.2+0.51/0.84/0.17+1.5 ms cpu, 3->4->2 MB, 4 MB goal, 0 MB stacks, 0 MB globals, 16 P
gc 12704 @55.369s 5%: 0.11+0.63+0.093 ms clock, 1.8+0.55/0.94/0+1.4 ms cpu, 4->4->2 MB, 4 MB goal, 0 MB stacks, 0 MB globals, 16 P
gc 12705 @55.371s 5%: 0.15+0.58+0.091 ms clock, 2.5+0.67/0.85/0+1.4 ms cpu, 3->4->2 MB, 4 MB goal, 0 MB stacks, 0 MB globals, 16 P
gc 12706 @55.373s 5%: 0.13+0.68+0.15 ms clock, 2.1+0.51/0.96/0.014+2.5 ms cpu, 3->4->2 MB, 4 MB goal, 0 MB stacks, 0 MB globals, 16 P
gc 12707 @55.375s 5%: 0.11+0.48+0.095 ms clock, 1.8+0.59/0.87/0+1.5 ms cpu, 3->4->1 MB, 4 MB goal, 0 MB stacks, 0 MB globals, 16 P
gc 12708 @55.376s 5%: 0.11+0.60+0.093 ms clock, 1.8+0.52/0.97/0+1.4 ms cpu, 3->4->1 MB, 4 MB goal, 0 MB stacks, 0 MB globals, 16 P
gc 12709 @55.378s 5%: 0.12+0.52+0.094 ms clock, 1.9+0.62/0.82/0+1.5 ms cpu, 3->4->1 MB, 4 MB goal, 0 MB stacks, 0 MB globals, 16 P
gc 12710 @55.379s 5%: 0.13+0.56+0.10 ms clock, 2.1+0.68/0.84/0.022+1.6 ms cpu, 3->4->1 MB, 4 MB goal, 0 MB stacks, 0 MB globals, 16 P
gc 12711 @55.381s 5%: 0.14+0.69+0.054 ms clock, 2.3+0.56/0.83/0+0.87 ms cpu, 3->4->2 MB, 4 MB goal, 0 MB stacks, 0 MB globals, 16 P
gc 12712 @55.383s 5%: 0.13+0.72+0.098 ms clock, 2.1+0.54/0.88/0+1.5 ms cpu, 3->4->2 MB, 4 MB goal, 0 MB stacks, 0 MB globals, 16 P
gc 12713 @55.384s 5%: 0.16+0.89+0.074 ms clock, 2.5+0.65/0.74/0.006+1.1 ms cpu, 3->4->2 MB, 4 MB goal, 0 MB stacks, 0 MB globals, 16 P
gc 12714 @55.387s 5%: 0.12+0.66+0.12 ms clock, 1.9+0.68/0.98/0.004+1.9 ms cpu, 3->4->2 MB, 4 MB goal, 0 MB stacks, 0 MB globals, 16 P
gc 12715 @55.388s 5%: 0.11+0.72+0.12 ms clock, 1.8+0.53/0.79/0.016+2.0 ms cpu, 3->4->2 MB, 4 MB goal, 0 MB stacks, 0 MB globals, 16 P
gc 12716 @55.390s 5%: 0.10+0.42+0.15 ms clock, 1.6+0.47/0.78/0+2.4 ms cpu, 3->4->1 MB, 4 MB goal, 0 MB stacks, 0 MB globals, 16 P
gc 12717 @55.392s 5%: 0.16+0.51+0.11 ms clock, 2.6+0.70/0.89/0+1.9 ms cpu, 3->4->1 MB, 4 MB goal, 0 MB stacks, 0 MB globals, 16 P
gc 12718 @55.393s 5%: 0.10+0.61+0.13 ms clock, 1.6+0.55/0.89/0.001+2.1 ms cpu, 3->4->2 MB, 4 MB goal, 0 MB stacks, 0 MB globals, 16 P
gc 12719 @55.395s 5%: 0.15+0.72+0.14 ms clock, 2.5+0.75/0.87/0.010+2.2 ms cpu, 3->4->2 MB, 4 MB goal, 0 MB stacks, 0 MB globals, 16 P
gc 12720 @55.397s 5%: 0.11+0.61+0.10 ms clock, 1.8+0.60/0.75/0.014+1.6 ms cpu, 4->4->1 MB, 4 MB goal, 0 MB stacks, 0 MB globals, 16 P
gc 12721 @55.399s 5%: 0.11+0.71+0.053 ms clock, 1.7+0.64/0.75/0+0.86 ms cpu, 3->4->1 MB, 4 MB goal, 0 MB stacks, 0 MB globals, 16 P
gc 12722 @55.400s 5%: 0.098+0.56+0.11 ms clock, 1.5+0.56/0.85/0.018+1.7 ms cpu, 3->4->1 MB, 4 MB goal, 0 MB stacks, 0 MB globals, 16 P
gc 12723 @55.402s 5%: 0.11+0.66+0.080 ms clock, 1.8+0.52/0.81/0+1.2 ms cpu, 3->4->2 MB, 4 MB goal, 0 MB stacks, 0 MB globals, 16 P
gc 12724 @55.404s 5%: 0.13+0.58+0.13 ms clock, 2.1+0.67/0.92/0.001+2.0 ms cpu, 3->4->2 MB, 4 MB goal, 0 MB stacks, 0 MB globals, 16 P
gc 12725 @55.406s 5%: 0.10+0.61+0.080 ms clock, 1.6+0.55/0.87/0+1.2 ms cpu, 3->4->1 MB, 4 MB goal, 0 MB stacks, 0 MB globals, 16 P
gc 12726 @55.407s 5%: 0.15+0.60+0.095 ms clock, 2.4+0.62/0.77/0+1.5 ms cpu, 3->4->2 MB, 4 MB goal, 0 MB stacks, 0 MB globals, 16 P
gc 12727 @55.409s 5%: 0.085+0.54+0.13 ms clock, 1.3+0.42/0.87/0.002+2.0 ms cpu, 3->4->1 MB, 4 MB goal, 0 MB stacks, 0 MB globals, 16 P
gc 12728 @55.411s 5%: 0.14+0.69+0.094 ms clock, 2.3+0.51/1.0/0.002+1.5 ms cpu, 3->4->2 MB, 4 MB goal, 0 MB stacks, 0 MB globals, 16 P
gc 12729 @55.412s 5%: 0.12+0.73+0.065 ms clock, 1.9+0.46/0.80/0+1.0 ms cpu, 3->4->2 MB, 4 MB goal, 0 MB stacks, 0 MB globals, 16 P
gc 12730 @55.414s 5%: 0.15+0.64+0.093 ms clock, 2.4+0.55/0.94/0.004+1.4 ms cpu, 3->4->2 MB, 4 MB goal, 0 MB stacks, 0 MB globals, 16 P
gc 12731 @55.416s 5%: 0.12+0.49+0.092 ms clock, 1.9+0.53/0.74/0+1.4 ms cpu, 3->4->1 MB, 4 MB goal, 0 MB stacks, 0 MB globals, 16 P
gc 12732 @55.418s 5%: 0.12+0.53+0.17 ms clock, 1.9+0.68/0.84/0+2.7 ms cpu, 3->4->1 MB, 4 MB goal, 0 MB stacks, 0 MB globals, 16 P
gc 12733 @55.419s 5%: 0.088+0.58+0.14 ms clock, 1.4+0.61/0.90/0.056+2.3 ms cpu, 3->4->1 MB, 4 MB goal, 0 MB stacks, 0 MB globals, 16 P
gc 12734 @55.421s 5%: 0.16+0.47+0.18 ms clock, 2.5+0.58/0.74/0.004+2.9 ms cpu, 3->4->1 MB, 4 MB goal, 0 MB stacks, 0 MB globals, 16 P
gc 12735 @55.423s 5%: 0.11+0.54+0.10 ms clock, 1.8+0.61/0.82/0+1.6 ms cpu, 3->4->1 MB, 4 MB goal, 0 MB stacks, 0 MB globals, 16 P
gc 12736 @55.424s 5%: 0.10+0.57+0.079 ms clock, 1.6+0.39/0.96/0+1.2 ms cpu, 3->4->1 MB, 4 MB goal, 0 MB stacks, 0 MB globals, 16 P
gc 12737 @55.426s 5%: 0.093+0.62+0.13 ms clock, 1.5+0.57/1.0/0+2.0 ms cpu, 3->4->1 MB, 4 MB goal, 0 MB stacks, 0 MB globals, 16 P
gc 12738 @55.428s 5%: 0.11+0.51+0.19 ms clock, 1.8+0.49/0.87/0.058+3.1 ms cpu, 3->4->1 MB, 4 MB goal, 0 MB stacks, 0 MB globals, 16 P
gc 12739 @55.429s 5%: 0.10+0.64+0.058 ms clock, 1.7+0.47/0.84/0+0.92 ms cpu, 3->4->1 MB, 4 MB goal, 0 MB stacks, 0 MB globals, 16 P
gc 12740 @55.431s 5%: 0.12+0.49+0.10 ms clock, 1.9+0.69/0.78/0.011+1.6 ms cpu, 3->4->1 MB, 4 MB goal, 0 MB stacks, 0 MB globals, 16 P
gc 12741 @55.433s 5%: 0.12+0.60+0.13 ms clock, 2.0+0.66/0.76/0+2.1 ms cpu, 3->4->2 MB, 4 MB goal, 0 MB stacks, 0 MB globals, 16 P
gc 12742 @55.434s 5%: 0.10+0.78+0.14 ms clock, 1.6+0.56/0.82/0+2.3 ms cpu, 3->4->2 MB, 4 MB goal, 0 MB stacks, 0 MB globals, 16 P
gc 12743 @55.436s 5%: 0.16+0.49+0.11 ms clock, 2.6+0.62/0.80/0+1.8 ms cpu, 3->4->1 MB, 4 MB goal, 0 MB stacks, 0 MB globals, 16 P
gc 12744 @55.438s 5%: 0.12+0.68+0.094 ms clock, 2.0+0.61/0.85/0+1.5 ms cpu, 3->4->2 MB, 4 MB goal, 0 MB stacks, 0 MB globals, 16 P
gc 12745 @55.440s 5%: 0.12+0.66+0.081 ms clock, 1.9+0.71/0.82/0+1.3 ms cpu, 3->4->2 MB, 4 MB goal, 0 MB stacks, 0 MB globals, 16 P
gc 12746 @55.442s 5%: 0.11+0.63+0.079 ms clock, 1.8+0.50/0.96/0.003+1.2 ms cpu, 3->4->1 MB, 4 MB goal, 0 MB stacks, 0 MB globals, 16 P
gc 12747 @55.443s 5%: 0.13+0.69+0.058 ms clock, 2.1+0.64/0.87/0+0.94 ms cpu, 3->4->2 MB, 4 MB goal, 0 MB stacks, 0 MB globals, 16 P
gc 12748 @55.445s 5%: 0.10+0.51+0.096 ms clock, 1.6+0.60/0.81/0.008+1.5 ms cpu, 3->4->1 MB, 4 MB goal, 0 MB stacks, 0 MB globals, 16 P
gc 12749 @55.447s 5%: 0.11+0.56+0.10 ms clock, 1.8+0.76/0.75/0.003+1.6 ms cpu, 3->4->1 MB, 4 MB goal, 0 MB stacks, 0 MB globals, 16 P
gc 12750 @55.448s 5%: 0.15+0.48+0.16 ms clock, 2.4+0.66/0.75/0+2.6 ms cpu, 3->4->1 MB, 4 MB goal, 0 MB stacks, 0 MB globals, 16 P
gc 12751 @55.450s 5%: 0.14+0.60+0.10 ms clock, 2.2+0.52/0.90/0+1.6 ms cpu, 3->4->2 MB, 4 MB goal, 0 MB stacks, 0 MB globals, 16 P
gc 12752 @55.452s 5%: 0.10+0.57+0.086 ms clock, 1.6+0.54/0.82/0+1.3 ms cpu, 3->4->1 MB, 4 MB goal, 0 MB stacks, 0 MB globals, 16 P
gc 12753 @55.453s 5%: 0.12+0.67+0.20 ms clock, 2.0+0.74/0.73/0+3.3 ms cpu, 3->4->2 MB, 4 MB goal, 0 MB stacks, 0 MB globals, 16 P
gc 12754 @55.455s 5%: 0.16+0.58+0.10 ms clock, 2.5+0.55/0.86/0.010+1.6 ms cpu, 3->4->2 MB, 4 MB goal, 0 MB stacks, 0 MB globals, 16 P
gc 12755 @55.457s 5%: 0.11+0.52+0.086 ms clock, 1.8+0.55/0.88/0.007+1.3 ms cpu, 3->4->1 MB, 4 MB goal, 0 MB stacks, 0 MB globals, 16 P
gc 12756 @55.458s 5%: 0.11+0.65+0.12 ms clock, 1.7+0.55/0.90/0+1.9 ms cpu, 3->4->2 MB, 4 MB goal, 0 MB stacks, 0 MB globals, 16 P
gc 12757 @55.460s 5%: 0.14+0.68+0.13 ms clock, 2.3+0.55/0.96/0+2.2 ms cpu, 3->4->2 MB, 4 MB goal, 0 MB stacks, 0 MB globals, 16 P
gc 12758 @55.462s 5%: 0.14+0.53+0.098 ms clock, 2.2+0.63/0.78/0.021+1.5 ms cpu, 3->4->1 MB, 4 MB goal, 0 MB stacks, 0 MB globals, 16 P
gc 12759 @55.464s 5%: 0.15+0.51+0.11 ms clock, 2.4+0.83/0.68/0+1.7 ms cpu, 3->4->1 MB, 4 MB goal, 0 MB stacks, 0 MB globals, 16 P
gc 12760 @55.466s 5%: 0.12+0.48+0.091 ms clock, 2.0+0.64/0.81/0+1.4 ms cpu, 3->4->1 MB, 4 MB goal, 0 MB stacks, 0 MB globals, 16 P
gc 12761 @55.467s 5%: 0.16+0.51+0.15 ms clock, 2.6+0.77/0.83/0+2.4 ms cpu, 3->4->1 MB, 4 MB goal, 0 MB stacks, 0 MB globals, 16 P
gc 12762 @55.469s 5%: 0.15+0.59+0.15 ms clock, 2.4+0.52/0.80/0.003+2.4 ms cpu, 3->4->1 MB, 4 MB goal, 0 MB stacks, 0 MB globals, 16 P
gc 12763 @55.470s 5%: 0.15+0.63+0.12 ms clock, 2.4+0.59/0.92/0.001+1.9 ms cpu, 3->4->2 MB, 4 MB goal, 0 MB stacks, 0 MB globals, 16 P
gc 12764 @55.472s 5%: 0.10+0.53+0.098 ms clock, 1.6+0.65/0.75/0+1.5 ms cpu, 3->4->1 MB, 4 MB goal, 0 MB stacks, 0 MB globals, 16 P
gc 12765 @55.474s 5%: 0.13+0.58+0.080 ms clock, 2.1+0.55/0.80/0+1.2 ms cpu, 3->4->1 MB, 4 MB goal, 0 MB stacks, 0 MB globals, 16 P
gc 12766 @55.475s 5%: 0.11+0.54+0.10 ms clock, 1.7+0.54/0.76/0+1.6 ms cpu, 3->4->1 MB, 4 MB goal, 0 MB stacks, 0 MB globals, 16 P
gc 12767 @55.477s 5%: 0.14+0.48+0.13 ms clock, 2.3+0.64/0.78/0+2.1 ms cpu, 3->4->1 MB, 4 MB goal, 0 MB stacks, 0 MB globals, 16 P
gc 12768 @55.479s 5%: 0.12+0.58+0.095 ms clock, 1.9+0.54/0.85/0.012+1.5 ms cpu, 3->4->1 MB, 4 MB goal, 0 MB stacks, 0 MB globals, 16 P
gc 12769 @55.480s 5%: 0.13+0.50+0.085 ms clock, 2.1+0.59/0.79/0+1.3 ms cpu, 3->4->1 MB, 4 MB goal, 0 MB stacks, 0 MB globals, 16 P
gc 12770 @55.482s 5%: 0.12+0.48+0.099 ms clock, 2.0+0.71/0.64/0.003+1.5 ms cpu, 3->4->1 MB, 4 MB goal, 0 MB stacks, 0 MB globals, 16 P
gc 12771 @55.483s 5%: 0.14+0.63+0.12 ms clock, 2.3+0.59/0.79/0+2.0 ms cpu, 3->4->2 MB, 4 MB goal, 0 MB stacks, 0 MB globals, 16 P
gc 12772 @55.485s 5%: 0.12+0.61+0.17 ms clock, 1.9+0.65/0.79/0+2.7 ms cpu, 3->4->1 MB, 4 MB goal, 0 MB stacks, 0 MB globals, 16 P
gc 12773 @55.487s 5%: 0.14+0.80+0.089 ms clock, 2.3+0.63/0.89/0+1.4 ms cpu, 3->4->2 MB, 4 MB goal, 0 MB stacks, 0 MB globals, 16 P
gc 12774 @55.489s 5%: 0.16+0.51+0.11 ms clock, 2.6+0.63/0.84/0+1.8 ms cpu, 3->4->1 MB, 4 MB goal, 0 MB stacks, 0 MB globals, 16 P
gc 12775 @55.490s 5%: 0.10+0.44+0.17 ms clock, 1.6+0.63/0.78/0+2.7 ms cpu, 3->4->1 MB, 4 MB goal, 0 MB stacks, 0 MB globals, 16 P
gc 12776 @55.492s 5%: 0.15+0.67+0.089 ms clock, 2.4+0.59/0.98/0.001+1.4 ms cpu, 3->4->2 MB, 4 MB goal, 0 MB stacks, 0 MB globals, 16 P
gc 12777 @55.493s 5%: 0.10+0.63+0.10 ms clock, 1.6+0.49/0.92/0+1.6 ms cpu, 3->4->2 MB, 4 MB goal, 0 MB stacks, 0 MB globals, 16 P
gc 12778 @55.495s 5%: 0.18+0.53+0.13 ms clock, 3.0+0.47/0.91/0.004+2.1 ms cpu, 3->4->1 MB, 4 MB goal, 0 MB stacks, 0 MB globals, 16 P
gc 12779 @55.497s 5%: 0.16+0.46+0.19 ms clock, 2.5+0.63/0.82/0+3.1 ms cpu, 3->4->1 MB, 4 MB goal, 0 MB stacks, 0 MB globals, 16 P
gc 12780 @55.498s 5%: 0.12+0.50+0.093 ms clock, 1.9+0.64/0.81/0+1.4 ms cpu, 3->4->1 MB, 4 MB goal, 0 MB stacks, 0 MB globals, 16 P
gc 12781 @55.500s 5%: 0.10+0.76+0.062 ms clock, 1.7+0.55/0.85/0+1.0 ms cpu, 3->4->1 MB, 4 MB goal, 0 MB stacks, 0 MB globals, 16 P
gc 12782 @55.502s 5%: 0.18+0.61+0.14 ms clock, 2.9+0.65/0.69/0+2.2 ms cpu, 3->4->2 MB, 4 MB goal, 0 MB stacks, 0 MB globals, 16 P
gc 12783 @55.503s 5%: 0.12+0.58+0.10 ms clock, 1.9+0.52/0.79/0+1.7 ms cpu, 3->4->1 MB, 4 MB goal, 0 MB stacks, 0 MB globals, 16 P
gc 12784 @55.505s 5%: 0.12+0.63+0.12 ms clock, 2.0+0.61/0.98/0+1.9 ms cpu, 3->4->2 MB, 4 MB goal, 0 MB stacks, 0 MB globals, 16 P
gc 12785 @55.507s 5%: 0.13+0.49+0.083 ms clock, 2.2+0.70/0.66/0.022+1.3 ms cpu, 3->4->1 MB, 4 MB goal, 0 MB stacks, 0 MB globals, 16 P
gc 12786 @55.508s 5%: 0.11+0.73+0.083 ms clock, 1.8+0.60/0.84/0.038+1.3 ms cpu, 3->4->1 MB, 4 MB goal, 0 MB stacks, 0 MB globals, 16 P
gc 12787 @55.510s 5%: 0.12+0.51+0.091 ms clock, 1.9+0.56/0.83/0+1.4 ms cpu, 3->4->1 MB, 4 MB goal, 0 MB stacks, 0 MB globals, 16 P
gc 12788 @55.512s 5%: 0.11+0.54+0.11 ms clock, 1.8+0.54/0.92/0+1.8 ms cpu, 3->4->1 MB, 4 MB goal, 0 MB stacks, 0 MB globals, 16 P
gc 12789 @55.513s 5%: 0.16+0.66+0.14 ms clock, 2.6+0.61/0.71/0+2.3 ms cpu, 3->4->2 MB, 4 MB goal, 0 MB stacks, 0 MB globals, 16 P
gc 12790 @55.515s 5%: 0.13+0.62+0.070 ms clock, 2.1+0.61/0.89/0+1.1 ms cpu, 3->4->2 MB, 4 MB goal, 0 MB stacks, 0 MB globals, 16 P
gc 12791 @55.517s 5%: 0.10+0.49+0.10 ms clock, 1.6+0.35/0.89/0.003+1.7 ms cpu, 3->4->1 MB, 4 MB goal, 0 MB stacks, 0 MB globals, 16 P
gc 12792 @55.518s 5%: 0.19+0.56+0.13 ms clock, 3.0+0.54/0.76/0+2.1 ms cpu, 3->4->2 MB, 4 MB goal, 0 MB stacks, 0 MB globals, 16 P
gc 12793 @55.520s 5%: 0.10+0.74+0.095 ms clock, 1.6+0.53/0.94/0+1.5 ms cpu, 3->4->2 MB, 4 MB goal, 0 MB stacks, 0 MB globals, 16 P
gc 12794 @55.522s 5%: 0.10+0.67+0.11 ms clock, 1.7+0.44/0.87/0+1.8 ms cpu, 3->4->2 MB, 4 MB goal, 0 MB stacks, 0 MB globals, 16 P
gc 12795 @55.523s 5%: 0.14+0.68+0.069 ms clock, 2.2+0.60/0.75/0+1.1 ms cpu, 3->4->2 MB, 4 MB goal, 0 MB stacks, 0 MB globals, 16 P
gc 12796 @55.525s 5%: 0.13+0.84+0.087 ms clock, 2.1+0.51/0.94/0+1.4 ms cpu, 3->4->2 MB, 4 MB goal, 0 MB stacks, 0 MB globals, 16 P
gc 12797 @55.527s 5%: 0.12+0.57+0.13 ms clock, 2.0+0.60/0.82/0.022+2.0 ms cpu, 3->4->2 MB, 4 MB goal, 0 MB stacks, 0 MB globals, 16 P
gc 12798 @55.529s 5%: 0.12+0.57+0.16 ms clock, 1.9+0.57/0.76/0+2.6 ms cpu, 3->4->2 MB, 4 MB goal, 0 MB stacks, 0 MB globals, 16 P
gc 12799 @55.531s 5%: 0.14+0.63+0.11 ms clock, 2.2+0.66/0.83/0+1.8 ms cpu, 3->4->2 MB, 4 MB goal, 0 MB stacks, 0 MB globals, 16 P
gc 12800 @55.533s 5%: 0.10+0.88+0.10 ms clock, 1.6+0.49/0.93/0.030+1.6 ms cpu, 3->4->2 MB, 4 MB goal, 0 MB stacks, 0 MB globals, 16 P
gc 12801 @55.535s 5%: 0.11+0.63+0.10 ms clock, 1.7+0.48/0.91/0+1.7 ms cpu, 4->4->2 MB, 4 MB goal, 0 MB stacks, 0 MB globals, 16 P
gc 12802 @55.536s 5%: 0.14+0.56+0.11 ms clock, 2.3+0.66/0.95/0+1.8 ms cpu, 3->4->1 MB, 4 MB goal, 0 MB stacks, 0 MB globals, 16 P
gc 12803 @55.538s 5%: 0.10+0.56+0.083 ms clock, 1.7+0.72/0.72/0.001+1.3 ms cpu, 3->4->1 MB, 4 MB goal, 0 MB stacks, 0 MB globals, 16 P
gc 12804 @55.540s 5%: 0.090+0.47+0.20 ms clock, 1.4+0.44/0.79/0.024+3.2 ms cpu, 3->4->1 MB, 4 MB goal, 0 MB stacks, 0 MB globals, 16 P
gc 12805 @55.541s 5%: 0.18+0.62+0.13 ms clock, 2.9+0.49/0.89/0+2.1 ms cpu, 3->4->2 MB, 4 MB goal, 0 MB stacks, 0 MB globals, 16 P
gc 12806 @55.543s 5%: 0.10+0.63+0.11 ms clock, 1.6+0.70/0.70/0+1.9 ms cpu, 3->4->2 MB, 4 MB goal, 0 MB stacks, 0 MB globals, 16 P
gc 12807 @55.545s 5%: 0.13+0.55+0.11 ms clock, 2.1+0.58/0.85/0+1.8 ms cpu, 3->4->1 MB, 4 MB goal, 0 MB stacks, 0 MB globals, 16 P
gc 12808 @55.546s 5%: 0.12+0.49+0.12 ms clock, 1.9+0.63/0.84/0.024+1.9 ms cpu, 3->4->1 MB, 4 MB goal, 0 MB stacks, 0 MB globals, 16 P
gc 12809 @55.548s 5%: 0.11+0.54+0.10 ms clock, 1.9+0.43/0.96/0+1.6 ms cpu, 3->4->1 MB, 4 MB goal, 0 MB stacks, 0 MB globals, 16 P
gc 12810 @55.549s 5%: 0.17+0.50+0.15 ms clock, 2.7+0.66/0.88/0+2.5 ms cpu, 3->4->1 MB, 4 MB goal, 0 MB stacks, 0 MB globals, 16 P
gc 12811 @55.551s 5%: 0.14+0.50+0.14 ms clock, 2.2+0.47/0.94/0+2.3 ms cpu, 3->4->1 MB, 4 MB goal, 0 MB stacks, 0 MB globals, 16 P
gc 12812 @55.553s 5%: 0.13+0.43+0.14 ms clock, 2.2+0.65/0.77/0.002+2.2 ms cpu, 3->4->1 MB, 4 MB goal, 0 MB stacks, 0 MB globals, 16 P
gc 12813 @55.554s 5%: 0.12+0.50+0.21 ms clock, 2.0+0.74/0.86/0+3.3 ms cpu, 3->4->2 MB, 4 MB goal, 0 MB stacks, 0 MB globals, 16 P
gc 12814 @55.556s 5%: 0.12+0.67+0.15 ms clock, 1.9+0.53/0.92/0+2.4 ms cpu, 3->4->2 MB, 4 MB goal, 0 MB stacks, 0 MB globals, 16 P
gc 12815 @55.558s 5%: 0.11+0.59+0.078 ms clock, 1.7+0.59/0.82/0+1.2 ms cpu, 3->4->2 MB, 4 MB goal, 0 MB stacks, 0 MB globals, 16 P
gc 12816 @55.559s 5%: 0.13+0.58+0.078 ms clock, 2.1+0.50/0.85/0+1.2 ms cpu, 3->4->1 MB, 4 MB goal, 0 MB stacks, 0 MB globals, 16 P
gc 12817 @55.561s 5%: 0.12+0.46+0.10 ms clock, 2.0+0.54/0.76/0+1.6 ms cpu, 3->4->1 MB, 4 MB goal, 0 MB stacks, 0 MB globals, 16 P
gc 12818 @55.562s 5%: 0.14+0.57+0.16 ms clock, 2.2+0.70/0.87/0+2.6 ms cpu, 3->4->2 MB, 4 MB goal, 0 MB stacks, 0 MB globals, 16 P
gc 12819 @55.564s 5%: 0.12+0.61+0.10 ms clock, 1.9+0.65/0.78/0+1.6 ms cpu, 3->4->2 MB, 4 MB goal, 0 MB stacks, 0 MB globals, 16 P
gc 12820 @55.566s 5%: 0.10+0.64+0.11 ms clock, 1.6+0.61/0.83/0+1.7 ms cpu, 3->4->2 MB, 4 MB goal, 0 MB stacks, 0 MB globals, 16 P
gc 12821 @55.568s 5%: 0.13+0.60+0.14 ms clock, 2.2+0.60/0.84/0+2.3 ms cpu, 3->4->2 MB, 4 MB goal, 0 MB stacks, 0 MB globals, 16 P
gc 12822 @55.569s 5%: 0.11+0.63+0.057 ms clock, 1.7+0.49/0.96/0.016+0.92 ms cpu, 3->4->1 MB, 4 MB goal, 0 MB stacks, 0 MB globals, 16 P
gc 12823 @55.571s 5%: 0.12+0.50+0.089 ms clock, 2.0+0.56/0.78/0.012+1.4 ms cpu, 3->4->1 MB, 4 MB goal, 0 MB stacks, 0 MB globals, 16 P
gc 12824 @55.573s 5%: 0.11+0.47+0.12 ms clock, 1.7+0.56/0.80/0+2.0 ms cpu, 3->4->1 MB, 4 MB goal, 0 MB stacks, 0 MB globals, 16 P
gc 12825 @55.574s 5%: 0.11+0.63+0.11 ms clock, 1.8+0.55/0.80/0.017+1.8 ms cpu, 3->4->2 MB, 4 MB goal, 0 MB stacks, 0 MB globals, 16 P
gc 12826 @55.576s 5%: 0.12+0.67+0.11 ms clock, 2.0+0.61/0.78/0+1.8 ms cpu, 3->4->1 MB, 4 MB goal, 0 MB stacks, 0 MB globals, 16 P
gc 12827 @55.577s 5%: 0.17+0.67+0.074 ms clock, 2.7+0.64/0.77/0+1.1 ms cpu, 3->4->2 MB, 4 MB goal, 0 MB stacks, 0 MB globals, 16 P
gc 12828 @55.579s 5%: 0.13+0.66+0.079 ms clock, 2.1+0.57/0.96/0.004+1.2 ms cpu, 3->4->2 MB, 4 MB goal, 0 MB stacks, 0 MB globals, 16 P
gc 12829 @55.581s 5%: 0.12+0.69+0.10 ms clock, 2.0+0.47/0.89/0.004+1.6 ms cpu, 3->4->2 MB, 4 MB goal, 0 MB stacks, 0 MB globals, 16 P
gc 12830 @55.583s 5%: 0.14+0.55+0.098 ms clock, 2.3+0.43/0.87/0.067+1.5 ms cpu, 3->4->2 MB, 4 MB goal, 0 MB stacks, 0 MB globals, 16 P
gc 12831 @55.585s 5%: 0.13+0.73+0.089 ms clock, 2.1+0.56/0.82/0.020+1.4 ms cpu, 3->4->2 MB, 4 MB goal, 0 MB stacks, 0 MB globals, 16 P
gc 12832 @55.586s 5%: 0.14+0.57+0.18 ms clock, 2.3+0.81/0.80/0+2.9 ms cpu, 3->4->2 MB, 4 MB goal, 0 MB stacks, 0 MB globals, 16 P
gc 12833 @55.588s 5%: 0.11+0.49+0.11 ms clock, 1.8+0.73/0.85/0.002+1.8 ms cpu, 3->4->1 MB, 4 MB goal, 0 MB stacks, 0 MB globals, 16 P
gc 12834 @55.590s 5%: 0.14+0.58+0.15 ms clock, 2.2+0.73/0.68/0+2.4 ms cpu, 3->4->1 MB, 4 MB goal, 0 MB stacks, 0 MB globals, 16 P
gc 12835 @55.591s 5%: 0.20+0.66+0.19 ms clock, 3.2+0.60/0.82/0+3.1 ms cpu, 3->4->2 MB, 4 MB goal, 0 MB stacks, 0 MB globals, 16 P
gc 12836 @55.594s 5%: 0.10+0.63+0.16 ms clock, 1.7+0.48/0.82/0+2.6 ms cpu, 4->4->2 MB, 4 MB goal, 0 MB stacks, 0 MB globals, 16 P
gc 12837 @55.595s 5%: 0.10+0.65+0.10 ms clock, 1.7+0.64/0.78/0+1.6 ms cpu, 3->4->1 MB, 4 MB goal, 0 MB stacks, 0 MB globals, 16 P
gc 12838 @55.597s 5%: 0.21+0.54+0.12 ms clock, 3.3+0.72/0.78/0+2.0 ms cpu, 3->4->2 MB, 4 MB goal, 0 MB stacks, 0 MB globals, 16 P
gc 12839 @55.599s 5%: 0.13+0.44+0.13 ms clock, 2.2+0.58/0.74/0.010+2.1 ms cpu, 3->4->1 MB, 4 MB goal, 0 MB stacks, 0 MB globals, 16 P
gc 12840 @55.600s 5%: 0.11+0.71+0.10 ms clock, 1.7+0.59/0.84/0.007+1.6 ms cpu, 3->4->2 MB, 4 MB goal, 0 MB stacks, 0 MB globals, 16 P
gc 12841 @55.602s 5%: 0.14+0.51+0.17 ms clock, 2.2+0.66/0.82/0+2.8 ms cpu, 3->4->1 MB, 4 MB goal, 0 MB stacks, 0 MB globals, 16 P
gc 12842 @55.604s 5%: 0.11+0.77+0.11 ms clock, 1.9+0.54/0.93/0.023+1.7 ms cpu, 3->4->2 MB, 4 MB goal, 0 MB stacks, 0 MB globals, 16 P
gc 12843 @55.606s 5%: 0.11+0.68+0.099 ms clock, 1.8+0.64/0.97/0+1.5 ms cpu, 3->4->2 MB, 4 MB goal, 0 MB stacks, 0 MB globals, 16 P
gc 12844 @55.608s 5%: 0.13+0.71+0.17 ms clock, 2.1+0.76/0.89/0.003+2.8 ms cpu, 3->4->2 MB, 4 MB goal, 0 MB stacks, 0 MB globals, 16 P
gc 12845 @55.610s 5%: 0.10+0.53+0.085 ms clock, 1.6+0.63/0.87/0.031+1.3 ms cpu, 4->4->1 MB, 4 MB goal, 0 MB stacks, 0 MB globals, 16 P
gc 12846 @55.611s 5%: 0.11+0.55+0.11 ms clock, 1.9+0.70/0.92/0+1.7 ms cpu, 3->4->1 MB, 4 MB goal, 0 MB stacks, 0 MB globals, 16 P
gc 12847 @55.613s 5%: 0.11+0.65+0.12 ms clock, 1.8+0.65/0.88/0+1.9 ms cpu, 3->4->1 MB, 4 MB goal, 0 MB stacks, 0 MB globals, 16 P
gc 12848 @55.615s 5%: 0.15+0.65+0.11 ms clock, 2.5+0.62/0.71/0+1.9 ms cpu, 3->4->2 MB, 4 MB goal, 0 MB stacks, 0 MB globals, 16 P
gc 12849 @55.617s 5%: 0.13+0.66+0.095 ms clock, 2.1+0.59/0.79/0.009+1.5 ms cpu, 3->4->2 MB, 4 MB goal, 0 MB stacks, 0 MB globals, 16 P
gc 12850 @55.618s 5%: 0.13+0.67+0.12 ms clock, 2.2+0.73/0.81/0+1.9 ms cpu, 3->4->2 MB, 4 MB goal, 0 MB stacks, 0 MB globals, 16 P
gc 12851 @55.620s 5%: 0.17+0.62+0.19 ms clock, 2.8+0.60/0.95/0+3.1 ms cpu, 3->4->2 MB, 4 MB goal, 0 MB stacks, 0 MB globals, 16 P
gc 12852 @55.622s 5%: 0.10+0.56+0.097 ms clock, 1.6+0.52/0.78/0.077+1.5 ms cpu, 3->4->1 MB, 4 MB goal, 0 MB stacks, 0 MB globals, 16 P
gc 12853 @55.624s 5%: 0.14+0.47+0.088 ms clock, 2.3+0.53/0.85/0+1.4 ms cpu, 3->4->1 MB, 4 MB goal, 0 MB stacks, 0 MB globals, 16 P
gc 12854 @55.625s 5%: 0.10+0.57+0.086 ms clock, 1.6+0.46/0.84/0+1.3 ms cpu, 3->4->1 MB, 4 MB goal, 0 MB stacks, 0 MB globals, 16 P
gc 12855 @55.627s 5%: 0.11+0.52+0.12 ms clock, 1.8+0.63/0.81/0+2.0 ms cpu, 3->4->1 MB, 4 MB goal, 0 MB stacks, 0 MB globals, 16 P
gc 12856 @55.629s 5%: 0.14+0.52+0.062 ms clock, 2.3+0.76/0.70/0+0.99 ms cpu, 3->4->1 MB, 4 MB goal, 0 MB stacks, 0 MB globals, 16 P
gc 12857 @55.630s 5%: 0.13+0.49+0.11 ms clock, 2.0+0.67/0.68/0+1.8 ms cpu, 3->4->1 MB, 4 MB goal, 0 MB stacks, 0 MB globals, 16 P
gc 12858 @55.632s 5%: 0.10+0.58+0.13 ms clock, 1.7+0.66/0.76/0+2.1 ms cpu, 3->4->1 MB, 4 MB goal, 0 MB stacks, 0 MB globals, 16 P
gc 12859 @55.633s 5%: 0.12+0.58+0.13 ms clock, 1.9+0.52/0.82/0+2.1 ms cpu, 3->4->2 MB, 4 MB goal, 0 MB stacks, 0 MB globals, 16 P
gc 12860 @55.635s 5%: 0.13+0.56+0.090 ms clock, 2.1+0.58/0.87/0.013+1.4 ms cpu, 3->4->1 MB, 4 MB goal, 0 MB stacks, 0 MB globals, 16 P
gc 12861 @55.637s 5%: 0.17+0.57+0.089 ms clock, 2.8+0.45/0.75/0.031+1.4 ms cpu, 3->4->1 MB, 4 MB goal, 0 MB stacks, 0 MB globals, 16 P
gc 12862 @55.639s 5%: 0.13+0.52+0.11 ms clock, 2.1+0.66/0.87/0+1.8 ms cpu, 3->4->1 MB, 4 MB goal, 0 MB stacks, 0 MB globals, 16 P
gc 12863 @55.640s 5%: 0.13+0.59+0.082 ms clock, 2.1+0.51/0.92/0.003+1.3 ms cpu, 3->4->1 MB, 4 MB goal, 0 MB stacks, 0 MB globals, 16 P
gc 12864 @55.642s 5%: 0.10+0.48+0.20 ms clock, 1.6+0.62/0.84/0+3.2 ms cpu, 3->4->1 MB, 4 MB goal, 0 MB stacks, 0 MB globals, 16 P
gc 12865 @55.643s 5%: 0.15+0.55+0.15 ms clock, 2.4+0.52/0.84/0.010+2.4 ms cpu, 3->4->2 MB, 4 MB goal, 0 MB stacks, 0 MB globals, 16 P
gc 12866 @55.645s 5%: 0.14+0.40+0.13 ms clock, 2.3+0.57/0.71/0+2.2 ms cpu, 3->4->1 MB, 4 MB goal, 0 MB stacks, 0 MB globals, 16 P
gc 12867 @55.647s 5%: 0.10+0.54+0.13 ms clock, 1.6+0.58/0.80/0+2.1 ms cpu, 3->4->1 MB, 4 MB goal, 0 MB stacks, 0 MB globals, 16 P
gc 12868 @55.648s 5%: 0.17+0.57+0.094 ms clock, 2.7+0.54/0.85/0+1.5 ms cpu, 3->4->1 MB, 4 MB goal, 0 MB stacks, 0 MB globals, 16 P
gc 12869 @55.650s 5%: 0.12+0.66+0.10 ms clock, 2.0+0.57/0.87/0+1.6 ms cpu, 3->4->2 MB, 4 MB goal, 0 MB stacks, 0 MB globals, 16 P
gc 12870 @55.652s 5%: 0.12+0.64+0.093 ms clock, 1.9+0.53/0.85/0.023+1.4 ms cpu, 3->4->2 MB, 4 MB goal, 0 MB stacks, 0 MB globals, 16 P
gc 12871 @55.653s 5%: 0.14+0.73+0.11 ms clock, 2.3+0.69/0.75/0+1.8 ms cpu, 3->4->2 MB, 4 MB goal, 0 MB stacks, 0 MB globals, 16 P
gc 12872 @55.655s 5%: 0.16+0.56+0.12 ms clock, 2.5+0.61/0.84/0.012+1.9 ms cpu, 3->4->2 MB, 4 MB goal, 0 MB stacks, 0 MB globals, 16 P
gc 12873 @55.657s 5%: 0.16+0.50+0.13 ms clock, 2.6+0.64/0.89/0.011+2.1 ms cpu, 3->4->1 MB, 4 MB goal, 0 MB stacks, 0 MB globals, 16 P
gc 12874 @55.659s 5%: 0.15+0.66+0.16 ms clock, 2.5+0.54/0.84/0+2.6 ms cpu, 3->4->2 MB, 4 MB goal, 0 MB stacks, 0 MB globals, 16 P
gc 12875 @55.660s 5%: 0.11+0.60+0.077 ms clock, 1.8+0.55/0.87/0+1.2 ms cpu, 3->4->1 MB, 4 MB goal, 0 MB stacks, 0 MB globals, 16 P
gc 12876 @55.662s 5%: 0.15+0.63+0.10 ms clock, 2.4+0.64/0.81/0.004+1.6 ms cpu, 3->4->1 MB, 4 MB goal, 0 MB stacks, 0 MB globals, 16 P
gc 12877 @55.664s 5%: 0.13+0.40+0.15 ms clock, 2.1+0.57/0.68/0.11+2.4 ms cpu, 3->3->1 MB, 4 MB goal, 0 MB stacks, 0 MB globals, 16 P
gc 12878 @55.665s 5%: 0.12+0.54+0.099 ms clock, 2.0+0.67/0.95/0+1.5 ms cpu, 3->4->1 MB, 4 MB goal, 0 MB stacks, 0 MB globals, 16 P
gc 12879 @55.667s 5%: 0.11+0.54+0.094 ms clock, 1.8+0.43/0.88/0.033+1.5 ms cpu, 3->4->1 MB, 4 MB goal, 0 MB stacks, 0 MB globals, 16 P
gc 12880 @55.668s 5%: 0.11+0.48+0.12 ms clock, 1.8+0.61/0.86/0+1.9 ms cpu, 3->3->1 MB, 4 MB goal, 0 MB stacks, 0 MB globals, 16 P
gc 12881 @55.670s 5%: 0.12+0.49+0.12 ms clock, 1.9+0.62/0.95/0+2.0 ms cpu, 3->4->1 MB, 4 MB goal, 0 MB stacks, 0 MB globals, 16 P
gc 12882 @55.671s 5%: 0.13+0.65+0.13 ms clock, 2.2+0.58/0.86/0.009+2.1 ms cpu, 3->4->2 MB, 4 MB goal, 0 MB stacks, 0 MB globals, 16 P
gc 12883 @55.673s 5%: 0.12+0.64+0.081 ms clock, 1.9+0.58/0.84/0+1.3 ms cpu, 3->4->2 MB, 4 MB goal, 0 MB stacks, 0 MB globals, 16 P
gc 12884 @55.675s 5%: 0.11+0.71+0.093 ms clock, 1.7+0.65/0.75/0+1.4 ms cpu, 3->4->2 MB, 4 MB goal, 0 MB stacks, 0 MB globals, 16 P
gc 12885 @55.676s 5%: 0.11+0.66+0.092 ms clock, 1.8+0.51/0.82/0+1.4 ms cpu, 3->4->2 MB, 4 MB goal, 0 MB stacks, 0 MB globals, 16 P
gc 12886 @55.678s 5%: 0.12+0.53+0.12 ms clock, 2.0+0.66/0.81/0+2.0 ms cpu, 3->4->1 MB, 4 MB goal, 0 MB stacks, 0 MB globals, 16 P
gc 12887 @55.680s 5%: 0.11+0.50+0.11 ms clock, 1.7+0.55/0.79/0+1.8 ms cpu, 3->3->1 MB, 4 MB goal, 0 MB stacks, 0 MB globals, 16 P
gc 12888 @55.681s 5%: 0.20+0.44+0.12 ms clock, 3.3+0.74/0.85/0+2.0 ms cpu, 3->4->1 MB, 4 MB goal, 0 MB stacks, 0 MB globals, 16 P
gc 12889 @55.683s 5%: 0.18+0.53+0.11 ms clock, 2.9+0.58/0.76/0+1.8 ms cpu, 3->4->1 MB, 4 MB goal, 0 MB stacks, 0 MB globals, 16 P
gc 12890 @55.684s 5%: 0.18+0.72+0.11 ms clock, 2.8+0.62/0.74/0+1.8 ms cpu, 3->4->2 MB, 4 MB goal, 0 MB stacks, 0 MB globals, 16 P
gc 12891 @55.686s 5%: 0.12+0.55+0.11 ms clock, 2.0+0.58/0.96/0+1.8 ms cpu, 4->4->2 MB, 4 MB goal, 0 MB stacks, 0 MB globals, 16 P
gc 12892 @55.688s 5%: 0.13+0.57+0.068 ms clock, 2.2+0.59/1.0/0+1.0 ms cpu, 3->4->1 MB, 4 MB goal, 0 MB stacks, 0 MB globals, 16 P
gc 12893 @55.690s 5%: 0.11+0.50+0.17 ms clock, 1.7+0.62/0.86/0.012+2.8 ms cpu, 3->4->1 MB, 4 MB goal, 0 MB stacks, 0 MB globals, 16 P
gc 12894 @55.691s 5%: 0.12+0.62+0.098 ms clock, 1.9+0.68/0.88/0.004+1.5 ms cpu, 3->4->2 MB, 4 MB goal, 0 MB stacks, 0 MB globals, 16 P
gc 12895 @55.693s 5%: 0.11+0.75+0.20 ms clock, 1.8+0.59/0.91/0.023+3.2 ms cpu, 3->4->2 MB, 4 MB goal, 0 MB stacks, 0 MB globals, 16 P
gc 12896 @55.695s 5%: 0.11+0.60+0.086 ms clock, 1.8+0.51/0.92/0+1.3 ms cpu, 3->4->2 MB, 4 MB goal, 0 MB stacks, 0 MB globals, 16 P
gc 12897 @55.697s 5%: 0.17+0.72+0.096 ms clock, 2.7+0.66/0.80/0+1.5 ms cpu, 3->4->2 MB, 4 MB goal, 0 MB stacks, 0 MB globals, 16 P
gc 12898 @55.699s 5%: 0.10+0.66+0.095 ms clock, 1.7+0.085/0.97/0+1.5 ms cpu, 4->4->2 MB, 4 MB goal, 0 MB stacks, 0 MB globals, 16 P
gc 12899 @55.701s 5%: 0.13+0.68+0.064 ms clock, 2.1+0.69/0.81/0+1.0 ms cpu, 3->4->1 MB, 4 MB goal, 0 MB stacks, 0 MB globals, 16 P
gc 12900 @55.703s 5%: 0.12+0.50+0.10 ms clock, 2.0+0.73/0.80/0+1.6 ms cpu, 3->4->1 MB, 4 MB goal, 0 MB stacks, 0 MB globals, 16 P
gc 12901 @55.704s 5%: 0.13+0.79+0.12 ms clock, 2.1+0.84/0.80/0+2.0 ms cpu, 3->4->2 MB, 4 MB goal, 0 MB stacks, 0 MB globals, 16 P
gc 12902 @55.706s 5%: 0.10+0.60+0.14 ms clock, 1.7+0.50/0.92/0.002+2.2 ms cpu, 4->4->2 MB, 4 MB goal, 0 MB stacks, 0 MB globals, 16 P
gc 12903 @55.708s 5%: 0.12+0.70+0.086 ms clock, 1.9+0.70/0.83/0+1.3 ms cpu, 3->4->2 MB, 4 MB goal, 0 MB stacks, 0 MB globals, 16 P
gc 12904 @55.710s 5%: 0.099+0.75+0.075 ms clock, 1.5+0.51/0.88/0.006+1.2 ms cpu, 3->4->2 MB, 4 MB goal, 0 MB stacks, 0 MB globals, 16 P
gc 12905 @55.712s 5%: 0.11+0.65+0.12 ms clock, 1.9+0.55/1.0/0.043+2.0 ms cpu, 3->4->2 MB, 4 MB goal, 0 MB stacks, 0 MB globals, 16 P
gc 12906 @55.713s 5%: 0.11+0.47+0.17 ms clock, 1.8+0.75/0.74/0+2.7 ms cpu, 3->4->1 MB, 4 MB goal, 0 MB stacks, 0 MB globals, 16 P
gc 12907 @55.715s 5%: 0.16+0.65+0.050 ms clock, 2.6+0.66/0.94/0+0.80 ms cpu, 3->4->2 MB, 4 MB goal, 0 MB stacks, 0 MB globals, 16 P
gc 12908 @55.717s 5%: 0.11+0.70+0.092 ms clock, 1.7+0.46/0.92/0.002+1.4 ms cpu, 3->4->2 MB, 4 MB goal, 0 MB stacks, 0 MB globals, 16 P
gc 12909 @55.719s 5%: 0.12+0.87+0.047 ms clock, 2.0+0.42/0.88/0+0.75 ms cpu, 3->4->2 MB, 4 MB goal, 0 MB stacks, 0 MB globals, 16 P
gc 12910 @55.721s 5%: 0.15+0.56+0.098 ms clock, 2.4+0.54/0.75/0+1.5 ms cpu, 3->4->1 MB, 4 MB goal, 0 MB stacks, 0 MB globals, 16 P
gc 12911 @55.722s 5%: 0.13+0.52+0.090 ms clock, 2.0+0.62/0.90/0+1.4 ms cpu, 3->4->1 MB, 4 MB goal, 0 MB stacks, 0 MB globals, 16 P
gc 12912 @55.724s 5%: 0.11+0.44+0.11 ms clock, 1.8+0.58/0.88/0.002+1.8 ms cpu, 3->4->1 MB, 4 MB goal, 0 MB stacks, 0 MB globals, 16 P
gc 12913 @55.725s 5%: 0.11+0.89+0.056 ms clock, 1.9+0.72/0.93/0.033+0.90 ms cpu, 3->4->2 MB, 4 MB goal, 0 MB stacks, 0 MB globals, 16 P
gc 12914 @55.727s 5%: 0.12+0.51+0.13 ms clock, 1.9+0.67/0.75/0+2.1 ms cpu, 4->4->1 MB, 4 MB goal, 0 MB stacks, 0 MB globals, 16 P
gc 12915 @55.729s 5%: 0.14+0.56+0.11 ms clock, 2.3+0.72/0.89/0+1.9 ms cpu, 3->4->2 MB, 4 MB goal, 0 MB stacks, 0 MB globals, 16 P
gc 12916 @55.731s 5%: 0.12+0.58+0.11 ms clock, 2.0+0.60/0.82/0+1.8 ms cpu, 3->4->1 MB, 4 MB goal, 0 MB stacks, 0 MB globals, 16 P
gc 12917 @55.732s 5%: 0.12+0.76+0.11 ms clock, 2.0+0.66/0.78/0.009+1.7 ms cpu, 3->4->2 MB, 4 MB goal, 0 MB stacks, 0 MB globals, 16 P
gc 12918 @55.734s 5%: 0.11+0.62+0.11 ms clock, 1.7+0.53/0.90/0.019+1.8 ms cpu, 3->4->2 MB, 4 MB goal, 0 MB stacks, 0 MB globals, 16 P
gc 12919 @55.736s 5%: 0.091+0.65+0.10 ms clock, 1.4+0.54/0.94/0.015+1.6 ms cpu, 3->4->2 MB, 4 MB goal, 0 MB stacks, 0 MB globals, 16 P
gc 12920 @55.738s 5%: 0.11+0.57+0.20 ms clock, 1.9+0.52/0.81/0.073+3.3 ms cpu, 3->4->1 MB, 4 MB goal, 0 MB stacks, 0 MB globals, 16 P
gc 12921 @55.739s 5%: 0.18+0.53+0.16 ms clock, 2.9+0.70/0.84/0.016+2.6 ms cpu, 3->4->2 MB, 4 MB goal, 0 MB stacks, 0 MB globals, 16 P
gc 12922 @55.741s 5%: 0.10+0.58+0.15 ms clock, 1.6+0.51/0.83/0+2.4 ms cpu, 3->4->1 MB, 4 MB goal, 0 MB stacks, 0 MB globals, 16 P
gc 12923 @55.743s 5%: 0.13+0.65+0.10 ms clock, 2.0+0.54/0.83/0+1.6 ms cpu, 3->4->2 MB, 4 MB goal, 0 MB stacks, 0 MB globals, 16 P
gc 12924 @55.744s 5%: 0.10+0.56+0.077 ms clock, 1.6+0.54/0.75/0.001+1.2 ms cpu, 3->4->1 MB, 4 MB goal, 0 MB stacks, 0 MB globals, 16 P
gc 12925 @55.746s 5%: 0.14+0.66+0.11 ms clock, 2.3+0.75/0.98/0+1.9 ms cpu, 3->4->2 MB, 4 MB goal, 0 MB stacks, 0 MB globals, 16 P
gc 12926 @55.748s 5%: 0.10+0.48+0.13 ms clock, 1.6+0.56/0.84/0.10+2.1 ms cpu, 3->4->1 MB, 4 MB goal, 0 MB stacks, 0 MB globals, 16 P
gc 12927 @55.749s 5%: 0.14+0.42+0.19 ms clock, 2.2+0.70/0.70/0+3.1 ms cpu, 3->3->1 MB, 4 MB goal, 0 MB stacks, 0 MB globals, 16 P
gc 12928 @55.751s 5%: 0.087+0.65+0.092 ms clock, 1.4+0.51/0.92/0.003+1.4 ms cpu, 3->4->2 MB, 4 MB goal, 0 MB stacks, 0 MB globals, 16 P
gc 12929 @55.752s 5%: 0.11+0.56+0.17 ms clock, 1.7+0.46/0.84/0+2.8 ms cpu, 3->4->1 MB, 4 MB goal, 0 MB stacks, 0 MB globals, 16 P
gc 12930 @55.754s 5%: 0.14+0.55+0.16 ms clock, 2.3+0.67/0.92/0.004+2.6 ms cpu, 3->4->2 MB, 4 MB goal, 0 MB stacks, 0 MB globals, 16 P
gc 12931 @55.756s 5%: 0.10+0.53+0.077 ms clock, 1.7+0.70/0.95/0+1.2 ms cpu, 3->4->1 MB, 4 MB goal, 0 MB stacks, 0 MB globals, 16 P
gc 12932 @55.757s 5%: 0.16+0.51+0.18 ms clock, 2.6+0.36/0.82/0.005+3.0 ms cpu, 3->4->1 MB, 4 MB goal, 0 MB stacks, 0 MB globals, 16 P
gc 12933 @55.759s 5%: 0.089+0.67+0.12 ms clock, 1.4+0.47/0.83/0+1.9 ms cpu, 3->4->2 MB, 4 MB goal, 0 MB stacks, 0 MB globals, 16 P
gc 12934 @55.761s 5%: 0.12+0.63+0.15 ms clock, 2.0+0.55/0.93/0+2.4 ms cpu, 3->4->2 MB, 4 MB goal, 0 MB stacks, 0 MB globals, 16 P
gc 12935 @55.763s 5%: 0.11+0.73+0.12 ms clock, 1.8+0.78/0.74/0.017+1.9 ms cpu, 3->4->2 MB, 4 MB goal, 0 MB stacks, 0 MB globals, 16 P
gc 12936 @55.765s 5%: 0.10+0.51+0.10 ms clock, 1.7+0.58/0.89/0.003+1.7 ms cpu, 3->4->1 MB, 4 MB goal, 0 MB stacks, 0 MB globals, 16 P
gc 12937 @55.766s 5%: 0.12+0.42+0.14 ms clock, 2.0+0.69/0.63/0.040+2.3 ms cpu, 3->4->1 MB, 4 MB goal, 0 MB stacks, 0 MB globals, 16 P
gc 12938 @55.768s 5%: 0.13+0.61+0.098 ms clock, 2.0+0.67/0.85/0+1.5 ms cpu, 3->4->2 MB, 4 MB goal, 0 MB stacks, 0 MB globals, 16 P
gc 12939 @55.769s 5%: 0.093+0.53+0.13 ms clock, 1.4+0.53/0.79/0.11+2.1 ms cpu, 3->4->1 MB, 4 MB goal, 0 MB stacks, 0 MB globals, 16 P
gc 12940 @55.771s 5%: 0.11+0.56+0.11 ms clock, 1.7+0.55/0.98/0+1.7 ms cpu, 3->4->1 MB, 4 MB goal, 0 MB stacks, 0 MB globals, 16 P
gc 12941 @55.773s 5%: 0.19+0.47+0.12 ms clock, 3.1+0.39/0.76/0+1.9 ms cpu, 3->4->1 MB, 4 MB goal, 0 MB stacks, 0 MB globals, 16 P
gc 12942 @55.774s 5%: 0.085+0.62+0.063 ms clock, 1.3+0.65/0.81/0.037+1.0 ms cpu, 3->4->2 MB, 4 MB goal, 0 MB stacks, 0 MB globals, 16 P
gc 12943 @55.776s 5%: 0.12+0.79+0.14 ms clock, 2.0+0.68/1.0/0+2.2 ms cpu, 3->4->2 MB, 4 MB goal, 0 MB stacks, 0 MB globals, 16 P
gc 12944 @55.778s 5%: 0.13+0.67+0.10 ms clock, 2.1+0.45/0.91/0+1.6 ms cpu, 4->4->2 MB, 4 MB goal, 0 MB stacks, 0 MB globals, 16 P
gc 12945 @55.780s 5%: 0.13+0.66+0.085 ms clock, 2.1+0.65/1.0/0.013+1.3 ms cpu, 3->4->2 MB, 4 MB goal, 0 MB stacks, 0 MB globals, 16 P
gc 12946 @55.782s 5%: 0.11+0.58+0.11 ms clock, 1.8+0.58/0.87/0.022+1.8 ms cpu, 3->4->2 MB, 4 MB goal, 0 MB stacks, 0 MB globals, 16 P
gc 12947 @55.784s 5%: 0.14+0.52+0.14 ms clock, 2.3+0.78/0.93/0+2.2 ms cpu, 3->4->1 MB, 4 MB goal, 0 MB stacks, 0 MB globals, 16 P
gc 12948 @55.785s 5%: 0.12+0.62+0.13 ms clock, 2.0+0.77/0.78/0+2.2 ms cpu, 3->4->2 MB, 4 MB goal, 0 MB stacks, 0 MB globals, 16 P
gc 12949 @55.787s 5%: 0.17+0.56+0.095 ms clock, 2.7+0.56/0.90/0.013+1.5 ms cpu, 3->4->2 MB, 4 MB goal, 0 MB stacks, 0 MB globals, 16 P
gc 12950 @55.789s 5%: 0.14+0.67+0.081 ms clock, 2.3+0.46/0.86/0.021+1.3 ms cpu, 3->4->2 MB, 4 MB goal, 0 MB stacks, 0 MB globals, 16 P
gc 12951 @55.790s 5%: 0.094+0.60+0.10 ms clock, 1.5+0.68/0.90/0.013+1.7 ms cpu, 3->4->2 MB, 4 MB goal, 0 MB stacks, 0 MB globals, 16 P
gc 12952 @55.792s 5%: 0.10+0.50+0.11 ms clock, 1.6+0.54/0.80/0.001+1.8 ms cpu, 3->4->1 MB, 4 MB goal, 0 MB stacks, 0 MB globals, 16 P
gc 12953 @55.794s 5%: 0.11+0.69+0.082 ms clock, 1.8+0.59/0.87/0+1.3 ms cpu, 3->4->2 MB, 4 MB goal, 0 MB stacks, 0 MB globals, 16 P
gc 12954 @55.796s 5%: 0.10+0.71+0.11 ms clock, 1.6+0.63/0.91/0.003+1.8 ms cpu, 3->4->2 MB, 4 MB goal, 0 MB stacks, 0 MB globals, 16 P
gc 12955 @55.797s 5%: 0.11+0.54+0.085 ms clock, 1.8+0.52/0.89/0+1.3 ms cpu, 3->4->1 MB, 4 MB goal, 0 MB stacks, 0 MB globals, 16 P
gc 12956 @55.799s 5%: 0.089+0.51+0.090 ms clock, 1.4+0.50/0.86/0.001+1.4 ms cpu, 3->4->1 MB, 4 MB goal, 0 MB stacks, 0 MB globals, 16 P
gc 12957 @55.800s 5%: 0.11+0.65+0.10 ms clock, 1.8+0.47/0.82/0+1.6 ms cpu, 3->4->2 MB, 4 MB goal, 0 MB stacks, 0 MB globals, 16 P
gc 12958 @55.802s 5%: 0.19+0.56+0.092 ms clock, 3.0+0.62/0.78/0+1.4 ms cpu, 3->4->2 MB, 4 MB goal, 0 MB stacks, 0 MB globals, 16 P
gc 12959 @55.804s 5%: 0.10+0.60+0.077 ms clock, 1.7+0.62/0.93/0+1.2 ms cpu, 3->4->1 MB, 4 MB goal, 0 MB stacks, 0 MB globals, 16 P
gc 12960 @55.805s 5%: 0.14+0.67+0.10 ms clock, 2.3+0.76/1.0/0+1.6 ms cpu, 3->4->2 MB, 4 MB goal, 0 MB stacks, 0 MB globals, 16 P
gc 12961 @55.807s 5%: 0.12+0.52+0.092 ms clock, 1.9+0.56/1.0/0+1.4 ms cpu, 3->4->1 MB, 4 MB goal, 0 MB stacks, 0 MB globals, 16 P
gc 12962 @55.809s 5%: 0.14+0.53+0.12 ms clock, 2.2+0.68/0.88/0+1.9 ms cpu, 3->4->1 MB, 4 MB goal, 0 MB stacks, 0 MB globals, 16 P
gc 12963 @55.811s 5%: 0.14+0.66+0.089 ms clock, 2.2+0.58/0.96/0+1.4 ms cpu, 3->4->2 MB, 4 MB goal, 0 MB stacks, 0 MB globals, 16 P
gc 12964 @55.813s 5%: 0.15+0.52+0.17 ms clock, 2.4+0.62/0.90/0+2.7 ms cpu, 3->4->2 MB, 4 MB goal, 0 MB stacks, 0 MB globals, 16 P
gc 12965 @55.814s 5%: 0.15+0.70+0.16 ms clock, 2.4+0.65/0.81/0+2.6 ms cpu, 3->4->2 MB, 4 MB goal, 0 MB stacks, 0 MB globals, 16 P
gc 12966 @55.816s 5%: 0.13+0.66+0.065 ms clock, 2.0+0.60/0.82/0+1.0 ms cpu, 3->4->2 MB, 4 MB goal, 0 MB stacks, 0 MB globals, 16 P
gc 12967 @55.818s 5%: 0.11+0.63+0.098 ms clock, 1.8+0.61/0.89/0+1.5 ms cpu, 3->4->2 MB, 4 MB goal, 0 MB stacks, 0 MB globals, 16 P
gc 12968 @55.820s 5%: 0.16+0.58+0.092 ms clock, 2.5+0.63/0.84/0.031+1.4 ms cpu, 3->4->1 MB, 4 MB goal, 0 MB stacks, 0 MB globals, 16 P
gc 12969 @55.821s 5%: 0.11+0.65+0.096 ms clock, 1.8+0.63/0.94/0+1.5 ms cpu, 3->4->2 MB, 4 MB goal, 0 MB stacks, 0 MB globals, 16 P
gc 12970 @55.823s 5%: 0.12+0.47+0.12 ms clock, 1.9+0.60/0.78/0+2.0 ms cpu, 3->4->1 MB, 4 MB goal, 0 MB stacks, 0 MB globals, 16 P
gc 12971 @55.825s 5%: 0.14+0.51+0.12 ms clock, 2.3+0.58/0.89/0.042+2.0 ms cpu, 3->4->1 MB, 4 MB goal, 0 MB stacks, 0 MB globals, 16 P
gc 12972 @55.826s 5%: 0.12+0.56+0.12 ms clock, 2.0+0.66/0.91/0+2.0 ms cpu, 3->4->1 MB, 4 MB goal, 0 MB stacks, 0 MB globals, 16 P
gc 12973 @55.828s 5%: 0.14+0.45+0.19 ms clock, 2.3+0.72/0.64/0.10+3.0 ms cpu, 3->4->1 MB, 4 MB goal, 0 MB stacks, 0 MB globals, 16 P
gc 12974 @55.830s 5%: 0.11+0.45+0.11 ms clock, 1.8+0.64/0.68/0+1.7 ms cpu, 3->3->1 MB, 4 MB goal, 0 MB stacks, 0 MB globals, 16 P
gc 12975 @55.831s 5%: 0.15+0.55+0.10 ms clock, 2.4+0.68/0.81/0.043+1.6 ms cpu, 3->4->1 MB, 4 MB goal, 0 MB stacks, 0 MB globals, 16 P
gc 12976 @55.833s 5%: 0.11+0.61+0.084 ms clock, 1.9+0.67/0.83/0+1.3 ms cpu, 3->4->2 MB, 4 MB goal, 0 MB stacks, 0 MB globals, 16 P
gc 12977 @55.834s 5%: 0.16+0.60+0.14 ms clock, 2.6+0.60/0.98/0+2.3 ms cpu, 3->4->2 MB, 4 MB goal, 0 MB stacks, 0 MB globals, 16 P
gc 12978 @55.836s 5%: 0.12+0.70+0.11 ms clock, 1.9+0.62/0.70/0.11+1.7 ms cpu, 3->4->2 MB, 4 MB goal, 0 MB stacks, 0 MB globals, 16 P
gc 12979 @55.838s 5%: 0.11+0.63+0.14 ms clock, 1.7+0.52/0.80/0.033+2.2 ms cpu, 3->4->1 MB, 4 MB goal, 0 MB stacks, 0 MB globals, 16 P
gc 12980 @55.840s 5%: 0.17+0.64+0.11 ms clock, 2.8+0.50/0.88/0+1.7 ms cpu, 3->4->2 MB, 4 MB goal, 0 MB stacks, 0 MB globals, 16 P
gc 12981 @55.842s 5%: 0.11+0.61+0.12 ms clock, 1.9+0.62/0.72/0.041+2.0 ms cpu, 3->4->2 MB, 4 MB goal, 0 MB stacks, 0 MB globals, 16 P
gc 12982 @55.843s 5%: 0.13+0.54+0.11 ms clock, 2.1+0.65/0.86/0+1.8 ms cpu, 3->4->1 MB, 4 MB goal, 0 MB stacks, 0 MB globals, 16 P
gc 12983 @55.845s 5%: 0.15+0.73+0.097 ms clock, 2.4+0.57/0.98/0+1.5 ms cpu, 3->4->2 MB, 4 MB goal, 0 MB stacks, 0 MB globals, 16 P
gc 12984 @55.847s 5%: 0.19+0.63+0.12 ms clock, 3.0+0.63/0.74/0+1.9 ms cpu, 3->4->2 MB, 4 MB goal, 0 MB stacks, 0 MB globals, 16 P
gc 12985 @55.849s 5%: 0.15+0.61+0.099 ms clock, 2.4+0.41/0.99/0+1.5 ms cpu, 3->4->2 MB, 4 MB goal, 0 MB stacks, 0 MB globals, 16 P
gc 12986 @55.851s 5%: 0.20+0.64+0.10 ms clock, 3.3+0.68/0.78/0+1.6 ms cpu, 3->4->1 MB, 4 MB goal, 0 MB stacks, 0 MB globals, 16 P
gc 12987 @55.852s 5%: 0.14+0.57+0.10 ms clock, 2.2+0.73/0.84/0.006+1.7 ms cpu, 3->4->2 MB, 4 MB goal, 0 MB stacks, 0 MB globals, 16 P
gc 12988 @55.854s 5%: 0.10+0.61+0.086 ms clock, 1.7+0.53/0.94/0+1.3 ms cpu, 3->4->2 MB, 4 MB goal, 0 MB stacks, 0 MB globals, 16 P
gc 12989 @55.856s 5%: 0.17+0.79+0.11 ms clock, 2.8+0.61/0.72/0+1.8 ms cpu, 3->4->2 MB, 4 MB goal, 0 MB stacks, 0 MB globals, 16 P
gc 12990 @55.858s 5%: 0.11+0.55+0.10 ms clock, 1.8+0.45/0.91/0+1.7 ms cpu, 3->4->1 MB, 4 MB goal, 0 MB stacks, 0 MB globals, 16 P
gc 12991 @55.859s 5%: 0.17+0.45+0.25 ms clock, 2.7+0.85/0.79/0+4.0 ms cpu, 3->4->1 MB, 4 MB goal, 0 MB stacks, 0 MB globals, 16 P
gc 12992 @55.861s 5%: 0.18+0.53+0.080 ms clock, 2.9+0.72/0.76/0+1.2 ms cpu, 3->4->1 MB, 4 MB goal, 0 MB stacks, 0 MB globals, 16 P
gc 12993 @55.863s 5%: 0.15+0.52+0.15 ms clock, 2.4+0.51/0.79/0+2.4 ms cpu, 3->4->1 MB, 4 MB goal, 0 MB stacks, 0 MB globals, 16 P
gc 12994 @55.864s 5%: 0.15+0.55+0.18 ms clock, 2.4+0.52/0.92/0.006+3.0 ms cpu, 3->4->1 MB, 4 MB goal, 0 MB stacks, 0 MB globals, 16 P
gc 12995 @55.866s 5%: 0.12+0.68+0.090 ms clock, 1.9+0.61/0.98/0+1.4 ms cpu, 3->4->2 MB, 4 MB goal, 0 MB stacks, 0 MB globals, 16 P
gc 12996 @55.868s 5%: 0.14+0.68+0.090 ms clock, 2.3+0.66/0.81/0+1.4 ms cpu, 3->4->2 MB, 4 MB goal, 0 MB stacks, 0 MB globals, 16 P
gc 12997 @55.870s 5%: 0.12+0.55+0.18 ms clock, 1.9+0.54/0.93/0.027+2.9 ms cpu, 3->4->2 MB, 4 MB goal, 0 MB stacks, 0 MB globals, 16 P
gc 12998 @55.871s 5%: 0.11+0.59+0.10 ms clock, 1.8+0.62/0.92/0.015+1.6 ms cpu, 3->4->1 MB, 4 MB goal, 0 MB stacks, 0 MB globals, 16 P
gc 12999 @55.873s 5%: 0.14+0.62+0.13 ms clock, 2.2+0.64/0.79/0+2.2 ms cpu, 3->4->2 MB, 4 MB goal, 0 MB stacks, 0 MB globals, 16 P
gc 13000 @55.875s 5%: 0.11+0.72+0.11 ms clock, 1.7+0.49/1.0/0.006+1.9 ms cpu, 3->4->2 MB, 4 MB goal, 0 MB stacks, 0 MB globals, 16 P
gc 13001 @55.877s 5%: 0.096+0.58+0.075 ms clock, 1.5+0.61/0.90/0+1.2 ms cpu, 3->4->1 MB, 4 MB goal, 0 MB stacks, 0 MB globals, 16 P
gc 13002 @55.878s 5%: 0.11+0.50+0.10 ms clock, 1.8+0.48/0.88/0+1.7 ms cpu, 3->4->1 MB, 4 MB goal, 0 MB stacks, 0 MB globals, 16 P
gc 13003 @55.880s 5%: 0.16+0.58+0.099 ms clock, 2.7+0.67/0.83/0.010+1.5 ms cpu, 3->4->1 MB, 4 MB goal, 0 MB stacks, 0 MB globals, 16 P
gc 13004 @55.881s 5%: 0.12+0.65+0.092 ms clock, 1.9+0.60/0.90/0.002+1.4 ms cpu, 3->4->2 MB, 4 MB goal, 0 MB stacks, 0 MB globals, 16 P
gc 13005 @55.883s 5%: 0.10+0.62+0.12 ms clock, 1.6+0.61/0.85/0.013+1.9 ms cpu, 3->4->2 MB, 4 MB goal, 0 MB stacks, 0 MB globals, 16 P
gc 13006 @55.885s 5%: 0.13+0.57+0.14 ms clock, 2.0+0.72/0.90/0.010+2.3 ms cpu, 3->4->2 MB, 4 MB goal, 0 MB stacks, 0 MB globals, 16 P
gc 13007 @55.887s 5%: 0.13+0.65+0.15 ms clock, 2.2+0.49/0.95/0+2.5 ms cpu, 3->4->2 MB, 4 MB goal, 0 MB stacks, 0 MB globals, 16 P
gc 13008 @55.888s 5%: 0.12+0.62+0.10 ms clock, 1.9+0.57/1.0/0.004+1.7 ms cpu, 3->4->2 MB, 4 MB goal, 0 MB stacks, 0 MB globals, 16 P
gc 13009 @55.890s 5%: 0.12+0.66+0.12 ms clock, 2.0+0.49/0.93/0+2.0 ms cpu, 3->4->2 MB, 4 MB goal, 0 MB stacks, 0 MB globals, 16 P
gc 13010 @55.892s 5%: 0.19+0.52+0.13 ms clock, 3.0+0.51/0.85/0.003+2.1 ms cpu, 3->4->1 MB, 4 MB goal, 0 MB stacks, 0 MB globals, 16 P
gc 13011 @55.894s 5%: 0.15+0.51+0.086 ms clock, 2.5+0.66/0.69/0+1.3 ms cpu, 3->4->1 MB, 4 MB goal, 0 MB stacks, 0 MB globals, 16 P
gc 13012 @55.895s 5%: 0.13+0.59+0.12 ms clock, 2.2+0.57/0.88/0+1.9 ms cpu, 3->4->1 MB, 4 MB goal, 0 MB stacks, 0 MB globals, 16 P
gc 13013 @55.897s 5%: 0.10+0.66+0.072 ms clock, 1.7+0.58/0.81/0+1.1 ms cpu, 3->4->1 MB, 4 MB goal, 0 MB stacks, 0 MB globals, 16 P
gc 13014 @55.899s 5%: 0.14+0.57+0.19 ms clock, 2.3+0.66/0.84/0+3.1 ms cpu, 3->4->2 MB, 4 MB goal, 0 MB stacks, 0 MB globals, 16 P
gc 13015 @55.901s 5%: 0.12+0.53+0.083 ms clock, 2.0+0.54/0.79/0+1.3 ms cpu, 3->4->1 MB, 4 MB goal, 0 MB stacks, 0 MB globals, 16 P
gc 13016 @55.902s 5%: 0.11+0.60+0.13 ms clock, 1.9+0.61/0.78/0+2.1 ms cpu, 3->4->2 MB, 4 MB goal, 0 MB stacks, 0 MB globals, 16 P
gc 13017 @55.904s 5%: 0.19+0.66+0.10 ms clock, 3.0+0.60/0.92/0+1.6 ms cpu, 3->4->2 MB, 4 MB goal, 0 MB stacks, 0 MB globals, 16 P
gc 13018 @55.906s 5%: 0.12+0.64+0.064 ms clock, 2.0+0.55/0.91/0.017+1.0 ms cpu, 3->4->1 MB, 4 MB goal, 0 MB stacks, 0 MB globals, 16 P
gc 13019 @55.908s 5%: 0.16+0.44+0.12 ms clock, 2.7+0.59/0.80/0+1.9 ms cpu, 3->4->1 MB, 4 MB goal, 0 MB stacks, 0 MB globals, 16 P
gc 13020 @55.909s 5%: 0.11+0.56+0.14 ms clock, 1.8+0.59/0.90/0+2.2 ms cpu, 3->4->1 MB, 4 MB goal, 0 MB stacks, 0 MB globals, 16 P
gc 13021 @55.911s 5%: 0.12+0.57+0.088 ms clock, 2.0+0.63/0.80/0.035+1.4 ms cpu, 3->4->1 MB, 4 MB goal, 0 MB stacks, 0 MB globals, 16 P
gc 13022 @55.913s 5%: 0.11+0.59+0.10 ms clock, 1.9+0.68/0.75/0+1.6 ms cpu, 3->4->1 MB, 4 MB goal, 0 MB stacks, 0 MB globals, 16 P
gc 13023 @55.914s 5%: 0.10+0.73+0.091 ms clock, 1.6+0.51/0.93/0+1.4 ms cpu, 3->4->2 MB, 4 MB goal, 0 MB stacks, 0 MB globals, 16 P
gc 13024 @55.916s 5%: 0.11+0.56+0.10 ms clock, 1.8+0.64/0.86/0+1.7 ms cpu, 3->4->1 MB, 4 MB goal, 0 MB stacks, 0 MB globals, 16 P
gc 13025 @55.918s 5%: 0.18+0.70+0.093 ms clock, 2.8+0.71/0.67/0.012+1.4 ms cpu, 3->4->2 MB, 4 MB goal, 0 MB stacks, 0 MB globals, 16 P
gc 13026 @55.920s 5%: 0.18+0.78+0.039 ms clock, 2.9+0.75/0.94/0.004+0.63 ms cpu, 3->4->2 MB, 4 MB goal, 0 MB stacks, 0 MB globals, 16 P
gc 13027 @55.921s 5%: 0.15+0.61+0.14 ms clock, 2.4+0.63/0.83/0.008+2.3 ms cpu, 3->4->2 MB, 4 MB goal, 0 MB stacks, 0 MB globals, 16 P
gc 13028 @55.923s 5%: 0.11+0.60+0.072 ms clock, 1.7+0.53/0.89/0.001+1.1 ms cpu, 3->4->1 MB, 4 MB goal, 0 MB stacks, 0 MB globals, 16 P
gc 13029 @55.925s 5%: 0.10+0.63+0.098 ms clock, 1.7+0.52/0.87/0.009+1.5 ms cpu, 3->4->2 MB, 4 MB goal, 0 MB stacks, 0 MB globals, 16 P
gc 13030 @55.927s 5%: 0.11+0.62+0.093 ms clock, 1.7+0.58/0.90/0+1.4 ms cpu, 3->4->1 MB, 4 MB goal, 0 MB stacks, 0 MB globals, 16 P
gc 13031 @55.929s 5%: 0.11+0.59+0.10 ms clock, 1.7+0.62/0.86/0+1.6 ms cpu, 3->4->2 MB, 4 MB goal, 0 MB stacks, 0 MB globals, 16 P
gc 13032 @55.930s 5%: 0.093+0.43+0.12 ms clock, 1.4+0.56/0.75/0.028+2.0 ms cpu, 3->4->1 MB, 4 MB goal, 0 MB stacks, 0 MB globals, 16 P
gc 13033 @55.932s 5%: 0.18+0.64+0.088 ms clock, 2.9+0.77/0.77/0+1.4 ms cpu, 3->4->2 MB, 4 MB goal, 0 MB stacks, 0 MB globals, 16 P
gc 13034 @55.934s 5%: 0.11+0.61+0.082 ms clock, 1.7+0.62/0.79/0+1.3 ms cpu, 3->4->2 MB, 4 MB goal, 0 MB stacks, 0 MB globals, 16 P
gc 13035 @55.935s 5%: 0.11+0.55+0.25 ms clock, 1.7+0.48/0.82/0+4.1 ms cpu, 3->4->1 MB, 4 MB goal, 0 MB stacks, 0 MB globals, 16 P
gc 13036 @55.937s 5%: 0.13+0.63+0.044 ms clock, 2.1+0.63/0.95/0+0.71 ms cpu, 3->4->2 MB, 4 MB goal, 0 MB stacks, 0 MB globals, 16 P
gc 13037 @55.939s 5%: 0.11+0.74+0.11 ms clock, 1.8+0.57/0.87/0+1.8 ms cpu, 3->4->2 MB, 4 MB goal, 0 MB stacks, 0 MB globals, 16 P
gc 13038 @55.941s 5%: 0.10+0.56+0.12 ms clock, 1.6+0.54/0.90/0+1.9 ms cpu, 3->4->1 MB, 4 MB goal, 0 MB stacks, 0 MB globals, 16 P
gc 13039 @55.942s 5%: 0.11+0.71+0.12 ms clock, 1.8+0.66/0.93/0+1.9 ms cpu, 3->4->2 MB, 4 MB goal, 0 MB stacks, 0 MB globals, 16 P
gc 13040 @55.944s 5%: 0.10+0.63+0.15 ms clock, 1.7+0.61/0.89/0+2.4 ms cpu, 3->4->2 MB, 4 MB goal, 0 MB stacks, 0 MB globals, 16 P
gc 13041 @55.946s 5%: 0.16+0.45+0.19 ms clock, 2.5+0.66/0.74/0.034+3.0 ms cpu, 3->4->1 MB, 4 MB goal, 0 MB stacks, 0 MB globals, 16 P
gc 13042 @55.948s 5%: 0.15+0.60+0.17 ms clock, 2.4+0.26/0.98/0+2.7 ms cpu, 3->4->2 MB, 4 MB goal, 0 MB stacks, 0 MB globals, 16 P
gc 13043 @55.949s 5%: 0.087+0.51+0.086 ms clock, 1.4+0.47/0.85/0.031+1.3 ms cpu, 3->4->1 MB, 4 MB goal, 0 MB stacks, 0 MB globals, 16 P
gc 13044 @55.951s 5%: 0.14+0.63+0.075 ms clock, 2.3+0.57/0.95/0+1.2 ms cpu, 3->4->2 MB, 4 MB goal, 0 MB stacks, 0 MB globals, 16 P
gc 13045 @55.953s 5%: 0.10+0.59+0.10 ms clock, 1.7+0.53/0.79/0.037+1.7 ms cpu, 3->4->1 MB, 4 MB goal, 0 MB stacks, 0 MB globals, 16 P
gc 13046 @55.954s 5%: 0.11+0.53+0.080 ms clock, 1.8+0.58/0.89/0.005+1.2 ms cpu, 3->4->1 MB, 4 MB goal, 0 MB stacks, 0 MB globals, 16 P
gc 13047 @55.956s 5%: 0.15+0.55+0.17 ms clock, 2.4+0.52/0.80/0+2.8 ms cpu, 3->4->1 MB, 4 MB goal, 0 MB stacks, 0 MB globals, 16 P
gc 13048 @55.957s 5%: 0.12+0.57+0.079 ms clock, 1.9+0.53/0.85/0.032+1.2 ms cpu, 3->4->1 MB, 4 MB goal, 0 MB stacks, 0 MB globals, 16 P
gc 13049 @55.959s 5%: 0.12+0.65+0.13 ms clock, 1.9+0.71/0.87/0.028+2.1 ms cpu, 3->4->2 MB, 4 MB goal, 0 MB stacks, 0 MB globals, 16 P
gc 13050 @55.961s 5%: 0.14+0.53+0.15 ms clock, 2.3+0.55/0.80/0.003+2.5 ms cpu, 3->4->1 MB, 4 MB goal, 0 MB stacks, 0 MB globals, 16 P
gc 13051 @55.962s 5%: 0.15+0.56+0.11 ms clock, 2.4+0.52/0.93/0+1.8 ms cpu, 3->4->2 MB, 4 MB goal, 0 MB stacks, 0 MB globals, 16 P
gc 13052 @55.964s 5%: 0.11+0.66+0.089 ms clock, 1.8+0.50/0.76/0+1.4 ms cpu, 3->4->1 MB, 4 MB goal, 0 MB stacks, 0 MB globals, 16 P
gc 13053 @55.966s 5%: 0.12+0.67+0.11 ms clock, 1.9+0.62/0.86/0+1.9 ms cpu, 3->4->2 MB, 4 MB goal, 0 MB stacks, 0 MB globals, 16 P
gc 13054 @55.968s 5%: 0.12+0.54+0.13 ms clock, 2.0+0.67/0.88/0+2.1 ms cpu, 3->4->1 MB, 4 MB goal, 0 MB stacks, 0 MB globals, 16 P
gc 13055 @55.969s 5%: 0.10+0.51+0.12 ms clock, 1.7+0.54/0.90/0.026+2.0 ms cpu, 3->4->1 MB, 4 MB goal, 0 MB stacks, 0 MB globals, 16 P
gc 13056 @55.971s 5%: 0.14+0.52+0.18 ms clock, 2.3+0.72/0.79/0+3.0 ms cpu, 3->4->1 MB, 4 MB goal, 0 MB stacks, 0 MB globals, 16 P
gc 13057 @55.973s 5%: 0.10+0.63+0.10 ms clock, 1.6+0.47/0.92/0.007+1.6 ms cpu, 3->4->2 MB, 4 MB goal, 0 MB stacks, 0 MB globals, 16 P
gc 13058 @55.974s 5%: 0.13+0.64+0.080 ms clock, 2.1+0.59/0.76/0+1.2 ms cpu, 3->4->2 MB, 4 MB goal, 0 MB stacks, 0 MB globals, 16 P
gc 13059 @55.976s 5%: 0.16+0.49+0.13 ms clock, 2.5+0.75/0.90/0+2.2 ms cpu, 3->4->1 MB, 4 MB goal, 0 MB stacks, 0 MB globals, 16 P
gc 13060 @55.978s 5%: 0.17+0.55+0.098 ms clock, 2.7+0.53/0.88/0+1.5 ms cpu, 3->4->1 MB, 4 MB goal, 0 MB stacks, 0 MB globals, 16 P
gc 13061 @55.979s 5%: 0.10+0.55+0.13 ms clock, 1.6+0.65/0.86/0.053+2.1 ms cpu, 3->4->1 MB, 4 MB goal, 0 MB stacks, 0 MB globals, 16 P
gc 13062 @55.981s 5%: 0.13+0.84+0.088 ms clock, 2.1+0.55/0.94/0+1.4 ms cpu, 3->4->2 MB, 4 MB goal, 0 MB stacks, 0 MB globals, 16 P
gc 13063 @55.983s 5%: 0.15+0.54+0.14 ms clock, 2.4+0.66/0.74/0.039+2.2 ms cpu, 4->4->2 MB, 4 MB goal, 0 MB stacks, 0 MB globals, 16 P
gc 13064 @55.985s 5%: 0.12+0.80+0.12 ms clock, 2.0+0.62/1.0/0+2.0 ms cpu, 3->4->2 MB, 4 MB goal, 0 MB stacks, 0 MB globals, 16 P
gc 13065 @55.987s 5%: 0.14+0.72+0.10 ms clock, 2.2+0.74/0.77/0+1.6 ms cpu, 4->4->2 MB, 4 MB goal, 0 MB stacks, 0 MB globals, 16 P
gc 13066 @55.989s 5%: 0.18+0.61+0.17 ms clock, 2.9+0.63/1.0/0.032+2.8 ms cpu, 3->4->2 MB, 4 MB goal, 0 MB stacks, 0 MB globals, 16 P
gc 13067 @55.991s 5%: 0.083+0.53+0.11 ms clock, 1.3+0.58/0.83/0+1.8 ms cpu, 3->4->1 MB, 4 MB goal, 0 MB stacks, 0 MB globals, 16 P
gc 13068 @55.992s 5%: 0.15+0.51+0.13 ms clock, 2.4+0.60/0.80/0+2.1 ms cpu, 3->4->1 MB, 4 MB goal, 0 MB stacks, 0 MB globals, 16 P
gc 13069 @55.994s 5%: 0.14+0.55+0.14 ms clock, 2.2+0.61/0.86/0.009+2.2 ms cpu, 3->4->2 MB, 4 MB goal, 0 MB stacks, 0 MB globals, 16 P
gc 13070 @55.995s 5%: 0.12+0.54+0.17 ms clock, 1.9+0.58/0.84/0+2.8 ms cpu, 3->4->1 MB, 4 MB goal, 0 MB stacks, 0 MB globals, 16 P
gc 13071 @55.997s 5%: 0.10+0.67+0.087 ms clock, 1.6+0.61/0.73/0+1.4 ms cpu, 3->4->1 MB, 4 MB goal, 0 MB stacks, 0 MB globals, 16 P
gc 13072 @55.999s 5%: 0.090+0.55+0.12 ms clock, 1.4+0.58/0.79/0+2.0 ms cpu, 3->4->1 MB, 4 MB goal, 0 MB stacks, 0 MB globals, 16 P
gc 13073 @56.000s 5%: 0.15+0.69+0.082 ms clock, 2.5+0.65/0.96/0+1.3 ms cpu, 3->4->2 MB, 4 MB goal, 0 MB stacks, 0 MB globals, 16 P
gc 13074 @56.002s 5%: 0.11+0.50+0.082 ms clock, 1.8+0.53/0.92/0+1.3 ms cpu, 3->4->1 MB, 4 MB goal, 0 MB stacks, 0 MB globals, 16 P
gc 13075 @56.004s 5%: 0.10+0.73+0.11 ms clock, 1.7+0.64/0.99/0+1.8 ms cpu, 3->4->2 MB, 4 MB goal, 0 MB stacks, 0 MB globals, 16 P
gc 13076 @56.006s 5%: 0.10+0.44+0.12 ms clock, 1.7+0.55/0.74/0.085+2.0 ms cpu, 3->4->1 MB, 4 MB goal, 0 MB stacks, 0 MB globals, 16 P
gc 13077 @56.007s 5%: 0.13+0.71+0.098 ms clock, 2.1+0.60/0.99/0+1.5 ms cpu, 3->4->2 MB, 4 MB goal, 0 MB stacks, 0 MB globals, 16 P
gc 13078 @56.009s 5%: 0.15+0.60+0.13 ms clock, 2.4+0.82/0.69/0.021+2.0 ms cpu, 3->4->1 MB, 4 MB goal, 0 MB stacks, 0 MB globals, 16 P
gc 13079 @56.011s 5%: 0.18+0.67+0.093 ms clock, 3.0+0.64/0.88/0.037+1.4 ms cpu, 3->4->2 MB, 4 MB goal, 0 MB stacks, 0 MB globals, 16 P
gc 13080 @56.013s 5%: 0.12+0.58+0.12 ms clock, 1.9+0.60/0.83/0.015+2.0 ms cpu, 3->4->1 MB, 4 MB goal, 0 MB stacks, 0 MB globals, 16 P
gc 13081 @56.014s 5%: 0.10+0.59+0.11 ms clock, 1.6+0.63/0.66/0+1.7 ms cpu, 3->4->2 MB, 4 MB goal, 0 MB stacks, 0 MB globals, 16 P
gc 13082 @56.016s 5%: 0.13+0.76+0.098 ms clock, 2.1+0.64/0.85/0+1.5 ms cpu, 3->4->2 MB, 4 MB goal, 0 MB stacks, 0 MB globals, 16 P
gc 13083 @56.018s 5%: 0.13+0.62+0.094 ms clock, 2.1+0.68/0.82/0+1.5 ms cpu, 3->4->2 MB, 4 MB goal, 0 MB stacks, 0 MB globals, 16 P
gc 13084 @56.020s 5%: 0.14+0.54+0.056 ms clock, 2.3+0.75/0.84/0.013+0.89 ms cpu, 3->4->1 MB, 4 MB goal, 0 MB stacks, 0 MB globals, 16 P
gc 13085 @56.021s 5%: 0.10+0.54+0.14 ms clock, 1.7+0.39/0.80/0+2.3 ms cpu, 3->4->1 MB, 4 MB goal, 0 MB stacks, 0 MB globals, 16 P
gc 13086 @56.023s 5%: 0.10+0.46+0.16 ms clock, 1.7+0.57/0.72/0.007+2.5 ms cpu, 3->4->1 MB, 4 MB goal, 0 MB stacks, 0 MB globals, 16 P
gc 13087 @56.024s 5%: 0.17+0.62+0.11 ms clock, 2.7+0.66/0.87/0+1.8 ms cpu, 3->4->2 MB, 4 MB goal, 0 MB stacks, 0 MB globals, 16 P
gc 13088 @56.026s 5%: 0.12+0.48+0.13 ms clock, 1.9+0.54/0.83/0+2.1 ms cpu, 3->4->1 MB, 4 MB goal, 0 MB stacks, 0 MB globals, 16 P
gc 13089 @56.028s 5%: 0.18+0.62+0.097 ms clock, 2.9+0.68/0.88/0.014+1.5 ms cpu, 3->4->2 MB, 4 MB goal, 0 MB stacks, 0 MB globals, 16 P
gc 13090 @56.030s 5%: 0.12+0.64+0.087 ms clock, 1.9+0.57/0.80/0.040+1.4 ms cpu, 3->4->1 MB, 4 MB goal, 0 MB stacks, 0 MB globals, 16 P
gc 13091 @56.031s 5%: 0.10+0.71+0.15 ms clock, 1.6+0.51/0.86/0.004+2.4 ms cpu, 3->4->2 MB, 4 MB goal, 0 MB stacks, 0 MB globals, 16 P
gc 13092 @56.033s 5%: 0.18+0.67+0.093 ms clock, 2.8+0.50/0.97/0+1.4 ms cpu, 3->4->2 MB, 4 MB goal, 0 MB stacks, 0 MB globals, 16 P
gc 13093 @56.035s 5%: 0.17+0.71+0.094 ms clock, 2.7+0.67/0.88/0.005+1.5 ms cpu, 3->4->2 MB, 4 MB goal, 0 MB stacks, 0 MB globals, 16 P
gc 13094 @56.037s 5%: 0.23+0.61+0.18 ms clock, 3.8+0.72/0.76/0+2.9 ms cpu, 3->4->2 MB, 4 MB goal, 0 MB stacks, 0 MB globals, 16 P
gc 13095 @56.039s 5%: 0.17+0.52+0.14 ms clock, 2.7+0.74/0.87/0+2.3 ms cpu, 3->4->1 MB, 4 MB goal, 0 MB stacks, 0 MB globals, 16 P
gc 13096 @56.040s 5%: 0.11+0.65+0.075 ms clock, 1.9+0.52/1.0/0+1.2 ms cpu, 3->4->2 MB, 4 MB goal, 0 MB stacks, 0 MB globals, 16 P
gc 13097 @56.042s 5%: 0.14+0.66+0.12 ms clock, 2.3+0.70/0.85/0+2.0 ms cpu, 3->4->2 MB, 4 MB goal, 0 MB stacks, 0 MB globals, 16 P
gc 13098 @56.044s 5%: 0.11+0.62+0.098 ms clock, 1.8+0.49/0.99/0.021+1.5 ms cpu, 3->4->1 MB, 4 MB goal, 0 MB stacks, 0 MB globals, 16 P
gc 13099 @56.046s 5%: 0.11+0.59+0.086 ms clock, 1.8+0.55/0.97/0.009+1.3 ms cpu, 3->4->1 MB, 4 MB goal, 0 MB stacks, 0 MB globals, 16 P
gc 13100 @56.048s 5%: 0.10+0.51+0.092 ms clock, 1.7+0.46/0.83/0+1.4 ms cpu, 3->4->1 MB, 4 MB goal, 0 MB stacks, 0 MB globals, 16 P
gc 13101 @56.049s 5%: 0.12+0.56+0.14 ms clock, 2.0+0.52/0.93/0.002+2.3 ms cpu, 3->4->1 MB, 4 MB goal, 0 MB stacks, 0 MB globals, 16 P
gc 13102 @56.051s 5%: 0.14+0.63+0.072 ms clock, 2.3+0.61/0.87/0.026+1.1 ms cpu, 3->4->2 MB, 4 MB goal, 0 MB stacks, 0 MB globals, 16 P
gc 13103 @56.053s 5%: 0.13+0.59+0.070 ms clock, 2.0+0.73/0.71/0.022+1.1 ms cpu, 3->4->1 MB, 4 MB goal, 0 MB stacks, 0 MB globals, 16 P
gc 13104 @56.054s 5%: 0.18+0.64+0.096 ms clock, 2.9+0.66/1.1/0.005+1.5 ms cpu, 3->4->1 MB, 4 MB goal, 0 MB stacks, 0 MB globals, 16 P
gc 13105 @56.056s 5%: 0.14+0.56+0.11 ms clock, 2.2+0.51/0.86/0.011+1.8 ms cpu, 3->4->1 MB, 4 MB goal, 0 MB stacks, 0 MB globals, 16 P
gc 13106 @56.057s 5%: 0.13+0.62+0.094 ms clock, 2.2+0.49/0.86/0.003+1.5 ms cpu, 3->4->2 MB, 4 MB goal, 0 MB stacks, 0 MB globals, 16 P
gc 13107 @56.059s 5%: 0.11+0.67+0.078 ms clock, 1.9+0.54/0.87/0.003+1.2 ms cpu, 3->4->1 MB, 4 MB goal, 0 MB stacks, 0 MB globals, 16 P
gc 13108 @56.061s 5%: 0.15+0.68+0.089 ms clock, 2.4+0.45/0.94/0+1.4 ms cpu, 3->4->2 MB, 4 MB goal, 0 MB stacks, 0 MB globals, 16 P
gc 13109 @56.063s 5%: 0.10+0.66+0.13 ms clock, 1.6+0.80/0.70/0+2.1 ms cpu, 3->4->2 MB, 4 MB goal, 0 MB stacks, 0 MB globals, 16 P
gc 13110 @56.065s 5%: 0.10+0.77+0.087 ms clock, 1.7+0.54/0.86/0.006+1.3 ms cpu, 3->4->2 MB, 4 MB goal, 0 MB stacks, 0 MB globals, 16 P
gc 13111 @56.067s 5%: 0.11+0.66+0.11 ms clock, 1.8+0.46/0.88/0+1.8 ms cpu, 3->4->2 MB, 4 MB goal, 0 MB stacks, 0 MB globals, 16 P
gc 13112 @56.068s 5%: 0.14+0.65+0.10 ms clock, 2.3+0.56/0.96/0.031+1.6 ms cpu, 3->4->2 MB, 4 MB goal, 0 MB stacks, 0 MB globals, 16 P
gc 13113 @56.070s 5%: 0.095+0.48+0.083 ms clock, 1.5+0.52/0.88/0+1.3 ms cpu, 3->4->1 MB, 4 MB goal, 0 MB stacks, 0 MB globals, 16 P
gc 13114 @56.072s 5%: 0.11+0.49+0.044 ms clock, 1.8+0.69/0.72/0.085+0.71 ms cpu, 3->3->1 MB, 4 MB goal, 0 MB stacks, 0 MB globals, 16 P
gc 13115 @56.073s 5%: 0.11+0.55+0.083 ms clock, 1.8+0.54/0.85/0.001+1.3 ms cpu, 3->3->1 MB, 4 MB goal, 0 MB stacks, 0 MB globals, 16 P
gc 13116 @56.075s 5%: 0.11+0.51+0.10 ms clock, 1.8+0.45/0.87/0+1.6 ms cpu, 3->4->1 MB, 4 MB goal, 0 MB stacks, 0 MB globals, 16 P
gc 13117 @56.076s 5%: 0.11+0.77+0.091 ms clock, 1.8+0.60/0.86/0.005+1.4 ms cpu, 3->4->2 MB, 4 MB goal, 0 MB stacks, 0 MB globals, 16 P
gc 13118 @56.079s 5%: 0.10+0.60+0.10 ms clock, 1.6+0.41/0.98/0+1.7 ms cpu, 4->4->1 MB, 4 MB goal, 0 MB stacks, 0 MB globals, 16 P
gc 13119 @56.080s 5%: 0.15+0.70+0.10 ms clock, 2.4+0.64/0.93/0.028+1.7 ms cpu, 3->4->2 MB, 4 MB goal, 0 MB stacks, 0 MB globals, 16 P
gc 13120 @56.082s 5%: 0.11+0.67+0.12 ms clock, 1.8+0.55/0.87/0.011+2.0 ms cpu, 3->4->2 MB, 4 MB goal, 0 MB stacks, 0 MB globals, 16 P
gc 13121 @56.084s 5%: 0.14+0.49+0.16 ms clock, 2.3+0.56/0.88/0+2.5 ms cpu, 3->4->1 MB, 4 MB goal, 0 MB stacks, 0 MB globals, 16 P
gc 13122 @56.086s 5%: 0.12+0.69+0.18 ms clock, 2.0+0.67/0.77/0+2.9 ms cpu, 3->4->2 MB, 4 MB goal, 0 MB stacks, 0 MB globals, 16 P
gc 13123 @56.087s 5%: 0.11+0.67+0.10 ms clock, 1.7+0.53/0.95/0.005+1.6 ms cpu, 3->4->2 MB, 4 MB goal, 0 MB stacks, 0 MB globals, 16 P
gc 13124 @56.089s 5%: 0.14+0.75+0.086 ms clock, 2.2+0.47/0.90/0+1.3 ms cpu, 3->4->2 MB, 4 MB goal, 0 MB stacks, 0 MB globals, 16 P
gc 13125 @56.091s 5%: 0.13+0.64+0.12 ms clock, 2.1+0.68/0.77/0+1.9 ms cpu, 3->4->2 MB, 4 MB goal, 0 MB stacks, 0 MB globals, 16 P
gc 13126 @56.093s 5%: 0.14+0.61+0.11 ms clock, 2.2+0.60/0.75/0+1.8 ms cpu, 3->4->2 MB, 4 MB goal, 0 MB stacks, 0 MB globals, 16 P
gc 13127 @56.095s 5%: 0.11+0.51+0.090 ms clock, 1.8+0.48/0.83/0.006+1.4 ms cpu, 3->4->1 MB, 4 MB goal, 0 MB stacks, 0 MB globals, 16 P
gc 13128 @56.096s 5%: 0.11+0.65+0.20 ms clock, 1.8+0.43/0.86/0+3.2 ms cpu, 3->4->2 MB, 4 MB goal, 0 MB stacks, 0 MB globals, 16 P
gc 13129 @56.098s 5%: 0.12+0.76+0.090 ms clock, 2.0+0.72/0.81/0+1.4 ms cpu, 3->4->2 MB, 4 MB goal, 0 MB stacks, 0 MB globals, 16 P
gc 13130 @56.100s 5%: 0.13+0.58+0.091 ms clock, 2.2+0.54/0.88/0.009+1.4 ms cpu, 3->4->2 MB, 4 MB goal, 0 MB stacks, 0 MB globals, 16 P
gc 13131 @56.102s 5%: 0.11+0.56+0.13 ms clock, 1.9+0.49/0.72/0+2.1 ms cpu, 3->4->1 MB, 4 MB goal, 0 MB stacks, 0 MB globals, 16 P
gc 13132 @56.103s 5%: 0.12+0.49+0.11 ms clock, 2.0+0.50/0.78/0+1.9 ms cpu, 3->4->1 MB, 4 MB goal, 0 MB stacks, 0 MB globals, 16 P
gc 13133 @56.105s 5%: 0.17+0.54+0.091 ms clock, 2.8+0.54/0.90/0+1.4 ms cpu, 3->4->1 MB, 4 MB goal, 0 MB stacks, 0 MB globals, 16 P
gc 13134 @56.107s 5%: 0.11+0.56+0.11 ms clock, 1.9+0.49/0.86/0.013+1.8 ms cpu, 3->4->2 MB, 4 MB goal, 0 MB stacks, 0 MB globals, 16 P
gc 13135 @56.108s 5%: 0.14+0.58+0.10 ms clock, 2.3+0.55/0.72/0.006+1.7 ms cpu, 3->4->1 MB, 4 MB goal, 0 MB stacks, 0 MB globals, 16 P
gc 13136 @56.110s 5%: 0.16+0.64+0.17 ms clock, 2.7+0.34/0.96/0.041+2.7 ms cpu, 3->4->2 MB, 4 MB goal, 0 MB stacks, 0 MB globals, 16 P
gc 13137 @56.112s 5%: 0.19+0.51+0.19 ms clock, 3.1+0.44/0.94/0+3.1 ms cpu, 3->4->1 MB, 4 MB goal, 0 MB stacks, 0 MB globals, 16 P
gc 13138 @56.114s 5%: 0.12+0.64+0.093 ms clock, 1.9+0.66/1.0/0+1.5 ms cpu, 3->4->2 MB, 4 MB goal, 0 MB stacks, 0 MB globals, 16 P
gc 13139 @56.115s 5%: 0.16+0.53+0.15 ms clock, 2.7+0.67/0.89/0.003+2.5 ms cpu, 3->4->1 MB, 4 MB goal, 0 MB stacks, 0 MB globals, 16 P
gc 13140 @56.117s 5%: 0.095+0.63+0.11 ms clock, 1.5+0.49/0.89/0+1.7 ms cpu, 3->4->1 MB, 4 MB goal, 0 MB stacks, 0 MB globals, 16 P
gc 13141 @56.119s 5%: 0.15+0.57+0.14 ms clock, 2.4+0.68/0.88/0+2.3 ms cpu, 3->4->2 MB, 4 MB goal, 0 MB stacks, 0 MB globals, 16 P
gc 13142 @56.121s 5%: 0.14+0.57+0.13 ms clock, 2.3+0.81/0.96/0+2.1 ms cpu, 3->4->2 MB, 4 MB goal, 0 MB stacks, 0 MB globals, 16 P
gc 13143 @56.122s 5%: 0.11+0.50+0.13 ms clock, 1.8+0.41/0.84/0+2.2 ms cpu, 3->4->1 MB, 4 MB goal, 0 MB stacks, 0 MB globals, 16 P
gc 13144 @56.124s 5%: 0.13+0.77+0.10 ms clock, 2.1+0.62/0.95/0.004+1.6 ms cpu, 3->4->2 MB, 4 MB goal, 0 MB stacks, 0 MB globals, 16 P
gc 13145 @56.126s 5%: 0.13+0.51+0.097 ms clock, 2.1+0.58/0.81/0+1.5 ms cpu, 3->4->2 MB, 4 MB goal, 0 MB stacks, 0 MB globals, 16 P
gc 13146 @56.128s 5%: 0.12+0.52+0.076 ms clock, 1.9+0.78/0.74/0+1.2 ms cpu, 3->4->1 MB, 4 MB goal, 0 MB stacks, 0 MB globals, 16 P
gc 13147 @56.129s 5%: 0.14+0.61+0.068 ms clock, 2.3+0.43/0.91/0+1.1 ms cpu, 3->4->1 MB, 4 MB goal, 0 MB stacks, 0 MB globals, 16 P
gc 13148 @56.131s 5%: 0.13+0.66+0.11 ms clock, 2.1+0.51/0.83/0.003+1.7 ms cpu, 3->4->2 MB, 4 MB goal, 0 MB stacks, 0 MB globals, 16 P
gc 13149 @56.133s 5%: 0.16+0.72+0.10 ms clock, 2.6+0.60/0.89/0+1.6 ms cpu, 3->4->2 MB, 4 MB goal, 0 MB stacks, 0 MB globals, 16 P
gc 13150 @56.135s 5%: 0.13+0.58+0.13 ms clock, 2.0+0.58/0.84/0+2.1 ms cpu, 3->4->2 MB, 4 MB goal, 0 MB stacks, 0 MB globals, 16 P
gc 13151 @56.137s 5%: 0.12+0.51+0.095 ms clock, 2.0+0.70/0.78/0+1.5 ms cpu, 3->4->1 MB, 4 MB goal, 0 MB stacks, 0 MB globals, 16 P
gc 13152 @56.138s 5%: 0.12+0.75+0.11 ms clock, 1.9+0.66/1.0/0+1.8 ms cpu, 3->4->2 MB, 4 MB goal, 0 MB stacks, 0 MB globals, 16 P
gc 13153 @56.140s 5%: 0.11+0.72+0.066 ms clock, 1.8+0.59/0.90/0.005+1.0 ms cpu, 3->4->2 MB, 4 MB goal, 0 MB stacks, 0 MB globals, 16 P
gc 13154 @56.142s 5%: 0.15+0.59+0.11 ms clock, 2.5+0.69/0.92/0+1.7 ms cpu, 3->4->2 MB, 4 MB goal, 0 MB stacks, 0 MB globals, 16 P
gc 13155 @56.144s 5%: 0.11+0.53+0.11 ms clock, 1.8+0.55/0.84/0+1.8 ms cpu, 3->4->1 MB, 4 MB goal, 0 MB stacks, 0 MB globals, 16 P
gc 13156 @56.145s 5%: 0.11+0.67+0.080 ms clock, 1.8+0.59/0.80/0.015+1.2 ms cpu, 3->4->2 MB, 4 MB goal, 0 MB stacks, 0 MB globals, 16 P
gc 13157 @56.147s 5%: 0.10+0.64+0.10 ms clock, 1.7+0.51/0.81/0+1.6 ms cpu, 3->4->1 MB, 4 MB goal, 0 MB stacks, 0 MB globals, 16 P
gc 13158 @56.149s 5%: 0.11+0.52+0.096 ms clock, 1.8+0.70/0.78/0.002+1.5 ms cpu, 3->4->1 MB, 4 MB goal, 0 MB stacks, 0 MB globals, 16 P
gc 13159 @56.150s 5%: 0.093+0.52+0.13 ms clock, 1.4+0.44/0.90/0+2.0 ms cpu, 3->4->1 MB, 4 MB goal, 0 MB stacks, 0 MB globals, 16 P
gc 13160 @56.152s 5%: 0.13+0.66+0.10 ms clock, 2.0+0.68/0.94/0.011+1.6 ms cpu, 3->4->2 MB, 4 MB goal, 0 MB stacks, 0 MB globals, 16 P
gc 13161 @56.154s 5%: 0.13+0.53+0.095 ms clock, 2.1+0.70/0.76/0+1.5 ms cpu, 3->4->1 MB, 4 MB goal, 0 MB stacks, 0 MB globals, 16 P
gc 13162 @56.155s 5%: 0.14+0.59+0.069 ms clock, 2.3+0.59/0.91/0.003+1.1 ms cpu, 3->4->1 MB, 4 MB goal, 0 MB stacks, 0 MB globals, 16 P
gc 13163 @56.157s 5%: 0.19+0.64+0.13 ms clock, 3.1+0.71/0.76/0+2.1 ms cpu, 3->4->2 MB, 4 MB goal, 0 MB stacks, 0 MB globals, 16 P
gc 13164 @56.159s 5%: 0.13+0.65+0.10 ms clock, 2.1+0.65/0.93/0+1.7 ms cpu, 3->4->2 MB, 4 MB goal, 0 MB stacks, 0 MB globals, 16 P
gc 13165 @56.161s 5%: 0.10+0.59+0.11 ms clock, 1.6+0.37/0.93/0.079+1.8 ms cpu, 3->4->1 MB, 4 MB goal, 0 MB stacks, 0 MB globals, 16 P
gc 13166 @56.162s 5%: 0.12+0.50+0.10 ms clock, 1.9+0.49/0.96/0+1.7 ms cpu, 3->4->1 MB, 4 MB goal, 0 MB stacks, 0 MB globals, 16 P
gc 13167 @56.164s 5%: 0.14+0.62+0.17 ms clock, 2.3+0.63/0.88/0.016+2.7 ms cpu, 3->4->2 MB, 4 MB goal, 0 MB stacks, 0 MB globals, 16 P
gc 13168 @56.166s 5%: 0.14+0.79+0.058 ms clock, 2.3+0.56/0.98/0+0.94 ms cpu, 3->4->2 MB, 4 MB goal, 0 MB stacks, 0 MB globals, 16 P
gc 13169 @56.168s 5%: 0.13+0.58+0.15 ms clock, 2.1+0.68/0.70/0+2.4 ms cpu, 3->4->1 MB, 4 MB goal, 0 MB stacks, 0 MB globals, 16 P
gc 13170 @56.169s 5%: 0.10+0.74+0.10 ms clock, 1.7+0.72/0.85/0+1.7 ms cpu, 3->4->2 MB, 4 MB goal, 0 MB stacks, 0 MB globals, 16 P
gc 13171 @56.171s 5%: 0.10+0.57+0.14 ms clock, 1.6+0.51/0.87/0.082+2.3 ms cpu, 3->4->1 MB, 4 MB goal, 0 MB stacks, 0 MB globals, 16 P
gc 13172 @56.173s 5%: 0.14+0.55+0.079 ms clock, 2.2+0.58/0.87/0+1.2 ms cpu, 3->4->1 MB, 4 MB goal, 0 MB stacks, 0 MB globals, 16 P
gc 13173 @56.174s 5%: 0.11+0.60+0.096 ms clock, 1.8+0.56/0.93/0.052+1.5 ms cpu, 3->4->1 MB, 4 MB goal, 0 MB stacks, 0 MB globals, 16 P
gc 13174 @56.176s 5%: 0.13+0.48+0.16 ms clock, 2.1+0.55/0.78/0+2.7 ms cpu, 3->4->1 MB, 4 MB goal, 0 MB stacks, 0 MB globals, 16 P
gc 13175 @56.177s 5%: 0.11+0.76+0.079 ms clock, 1.7+0.71/0.83/0+1.2 ms cpu, 3->4->2 MB, 4 MB goal, 0 MB stacks, 0 MB globals, 16 P
gc 13176 @56.179s 5%: 0.15+0.57+0.11 ms clock, 2.4+0.69/0.91/0+1.8 ms cpu, 3->4->2 MB, 4 MB goal, 0 MB stacks, 0 MB globals, 16 P
gc 13177 @56.181s 5%: 0.13+0.91+0.081 ms clock, 2.1+0.57/0.73/0.052+1.3 ms cpu, 3->4->2 MB, 4 MB goal, 0 MB stacks, 0 MB globals, 16 P
gc 13178 @56.183s 5%: 0.11+0.68+0.12 ms clock, 1.8+0.46/0.84/0.068+2.0 ms cpu, 3->4->2 MB, 4 MB goal, 0 MB stacks, 0 MB globals, 16 P
gc 13179 @56.185s 5%: 0.095+0.56+0.12 ms clock, 1.5+0.52/0.83/0+2.0 ms cpu, 3->4->1 MB, 4 MB goal, 0 MB stacks, 0 MB globals, 16 P
gc 13180 @56.187s 5%: 0.10+0.62+0.15 ms clock, 1.6+0.63/0.98/0+2.4 ms cpu, 3->4->2 MB, 4 MB goal, 0 MB stacks, 0 MB globals, 16 P
gc 13181 @56.188s 5%: 0.16+0.63+0.079 ms clock, 2.6+0.71/0.84/0+1.2 ms cpu, 3->4->2 MB, 4 MB goal, 0 MB stacks, 0 MB globals, 16 P
gc 13182 @56.190s 5%: 0.15+0.56+0.12 ms clock, 2.4+0.63/0.86/0+1.9 ms cpu, 3->4->2 MB, 4 MB goal, 0 MB stacks, 0 MB globals, 16 P
gc 13183 @56.192s 5%: 0.11+0.58+0.14 ms clock, 1.8+0.68/0.92/0+2.3 ms cpu, 3->4->2 MB, 4 MB goal, 0 MB stacks, 0 MB globals, 16 P
gc 13184 @56.194s 5%: 0.10+0.53+0.13 ms clock, 1.7+0.56/0.73/0+2.1 ms cpu, 3->4->1 MB, 4 MB goal, 0 MB stacks, 0 MB globals, 16 P
gc 13185 @56.195s 5%: 0.19+0.68+0.078 ms clock, 3.1+0.62/0.81/0+1.2 ms cpu, 3->4->2 MB, 4 MB goal, 0 MB stacks, 0 MB globals, 16 P
gc 13186 @56.197s 5%: 0.12+0.53+0.17 ms clock, 2.0+0.55/0.86/0.035+2.7 ms cpu, 3->4->2 MB, 4 MB goal, 0 MB stacks, 0 MB globals, 16 P
gc 13187 @56.199s 5%: 0.13+0.58+0.13 ms clock, 2.1+0.71/0.86/0+2.1 ms cpu, 3->4->2 MB, 4 MB goal, 0 MB stacks, 0 MB globals, 16 P
gc 13188 @56.201s 5%: 0.11+0.49+0.15 ms clock, 1.8+0.57/0.89/0.055+2.5 ms cpu, 3->4->1 MB, 4 MB goal, 0 MB stacks, 0 MB globals, 16 P
gc 13189 @56.202s 5%: 0.10+0.63+0.10 ms clock, 1.7+0.62/0.87/0.049+1.6 ms cpu, 3->4->2 MB, 4 MB goal, 0 MB stacks, 0 MB globals, 16 P
gc 13190 @56.204s 5%: 0.16+0.47+0.10 ms clock, 2.6+0.63/0.75/0+1.6 ms cpu, 3->4->1 MB, 4 MB goal, 0 MB stacks, 0 MB globals, 16 P
gc 13191 @56.205s 5%: 0.098+0.54+0.12 ms clock, 1.5+0.57/0.83/0.015+1.9 ms cpu, 3->4->1 MB, 4 MB goal, 0 MB stacks, 0 MB globals, 16 P
gc 13192 @56.207s 5%: 0.092+0.62+0.095 ms clock, 1.4+0.47/0.96/0.006+1.5 ms cpu, 3->4->1 MB, 4 MB goal, 0 MB stacks, 0 MB globals, 16 P
gc 13193 @56.209s 5%: 0.13+0.66+0.13 ms clock, 2.1+0.75/0.82/0.038+2.1 ms cpu, 3->4->2 MB, 4 MB goal, 0 MB stacks, 0 MB globals, 16 P
gc 13194 @56.210s 5%: 0.14+0.69+0.13 ms clock, 2.3+0.51/0.88/0+2.1 ms cpu, 3->4->2 MB, 4 MB goal, 0 MB stacks, 0 MB globals, 16 P
gc 13195 @56.212s 5%: 0.12+0.59+0.097 ms clock, 2.0+0.56/0.84/0+1.5 ms cpu, 3->4->2 MB, 4 MB goal, 0 MB stacks, 0 MB globals, 16 P
gc 13196 @56.214s 5%: 0.11+0.50+0.15 ms clock, 1.8+0.75/0.75/0+2.4 ms cpu, 3->4->1 MB, 4 MB goal, 0 MB stacks, 0 MB globals, 16 P
gc 13197 @56.216s 5%: 0.15+0.64+0.064 ms clock, 2.4+0.58/0.85/0+1.0 ms cpu, 3->4->2 MB, 4 MB goal, 0 MB stacks, 0 MB globals, 16 P
gc 13198 @56.218s 5%: 0.10+0.49+0.093 ms clock, 1.6+0.65/0.76/0+1.4 ms cpu, 3->4->1 MB, 4 MB goal, 0 MB stacks, 0 MB globals, 16 P
gc 13199 @56.219s 5%: 0.16+0.63+0.14 ms clock, 2.5+0.46/0.94/0.012+2.3 ms cpu, 3->4->1 MB, 4 MB goal, 0 MB stacks, 0 MB globals, 16 P
gc 13200 @56.221s 5%: 0.16+0.48+0.14 ms clock, 2.5+0.61/0.87/0+2.3 ms cpu, 3->4->1 MB, 4 MB goal, 0 MB stacks, 0 MB globals, 16 P
gc 13201 @56.222s 5%: 0.12+0.54+0.11 ms clock, 1.9+0.59/0.89/0+1.8 ms cpu, 3->4->1 MB, 4 MB goal, 0 MB stacks, 0 MB globals, 16 P
gc 13202 @56.224s 5%: 0.11+0.60+0.13 ms clock, 1.7+0.55/0.80/0.005+2.1 ms cpu, 3->4->1 MB, 4 MB goal, 0 MB stacks, 0 MB globals, 16 P
gc 13203 @56.226s 5%: 0.12+0.78+0.043 ms clock, 1.9+0.55/0.83/0+0.69 ms cpu, 3->4->2 MB, 4 MB goal, 0 MB stacks, 0 MB globals, 16 P
gc 13204 @56.228s 5%: 0.11+0.63+0.051 ms clock, 1.8+0.76/0.90/0+0.83 ms cpu, 3->4->2 MB, 4 MB goal, 0 MB stacks, 0 MB globals, 16 P
gc 13205 @56.229s 5%: 0.17+0.64+0.15 ms clock, 2.8+0.63/0.84/0+2.4 ms cpu, 3->4->2 MB, 4 MB goal, 0 MB stacks, 0 MB globals, 16 P
gc 13206 @56.231s 5%: 0.091+0.55+0.11 ms clock, 1.4+0.47/0.83/0.056+1.9 ms cpu, 3->4->1 MB, 4 MB goal, 0 MB stacks, 0 MB globals, 16 P
gc 13207 @56.233s 5%: 0.13+0.62+0.071 ms clock, 2.0+0.57/0.90/0+1.1 ms cpu, 3->4->2 MB, 4 MB goal, 0 MB stacks, 0 MB globals, 16 P
gc 13208 @56.235s 5%: 0.092+0.48+0.15 ms clock, 1.4+0.51/0.86/0+2.4 ms cpu, 3->4->1 MB, 4 MB goal, 0 MB stacks, 0 MB globals, 16 P
gc 13209 @56.236s 5%: 0.10+0.67+0.056 ms clock, 1.6+0.52/0.81/0.015+0.90 ms cpu, 3->4->2 MB, 4 MB goal, 0 MB stacks, 0 MB globals, 16 P
gc 13210 @56.238s 5%: 0.16+0.63+0.084 ms clock, 2.6+0.73/0.80/0+1.3 ms cpu, 3->4->2 MB, 4 MB goal, 0 MB stacks, 0 MB globals, 16 P
gc 13211 @56.240s 5%: 0.14+0.70+0.084 ms clock, 2.3+0.40/0.92/0.029+1.3 ms cpu, 3->4->2 MB, 4 MB goal, 0 MB stacks, 0 MB globals, 16 P
gc 13212 @56.242s 5%: 0.15+0.56+0.12 ms clock, 2.4+0.70/0.90/0+1.9 ms cpu, 3->4->2 MB, 4 MB goal, 0 MB stacks, 0 MB globals, 16 P
gc 13213 @56.243s 5%: 0.18+0.55+0.16 ms clock, 3.0+0.76/0.87/0.032+2.7 ms cpu, 3->4->2 MB, 4 MB goal, 0 MB stacks, 0 MB globals, 16 P
gc 13214 @56.245s 5%: 0.11+0.66+0.11 ms clock, 1.9+0.63/0.86/0.016+1.7 ms cpu, 3->4->1 MB, 4 MB goal, 0 MB stacks, 0 MB globals, 16 P
gc 13215 @56.247s 5%: 0.13+0.63+0.12 ms clock, 2.0+0.52/0.88/0.003+2.0 ms cpu, 3->4->2 MB, 4 MB goal, 0 MB stacks, 0 MB globals, 16 P
gc 13216 @56.249s 5%: 0.13+0.56+0.10 ms clock, 2.2+0.68/0.69/0.051+1.6 ms cpu, 3->4->1 MB, 4 MB goal, 0 MB stacks, 0 MB globals, 16 P
gc 13217 @56.250s 5%: 0.11+0.55+0.14 ms clock, 1.8+0.61/0.91/0+2.3 ms cpu, 3->4->2 MB, 4 MB goal, 0 MB stacks, 0 MB globals, 16 P
gc 13218 @56.252s 5%: 0.16+0.59+0.11 ms clock, 2.6+0.50/0.86/0+1.8 ms cpu, 3->4->2 MB, 4 MB goal, 0 MB stacks, 0 MB globals, 16 P
gc 13219 @56.254s 5%: 0.12+0.44+0.14 ms clock, 1.9+0.62/0.72/0+2.3 ms cpu, 3->4->1 MB, 4 MB goal, 0 MB stacks, 0 MB globals, 16 P
gc 13220 @56.255s 5%: 0.15+0.54+0.19 ms clock, 2.5+0.53/0.90/0.003+3.1 ms cpu, 3->4->2 MB, 4 MB goal, 0 MB stacks, 0 MB globals, 16 P
gc 13221 @56.257s 5%: 0.13+0.55+0.13 ms clock, 2.2+0.69/0.82/0+2.1 ms cpu, 3->4->1 MB, 4 MB goal, 0 MB stacks, 0 MB globals, 16 P
gc 13222 @56.259s 5%: 0.11+0.60+0.099 ms clock, 1.8+0.62/0.86/0+1.5 ms cpu, 3->4->2 MB, 4 MB goal, 0 MB stacks, 0 MB globals, 16 P
gc 13223 @56.260s 5%: 0.11+0.56+0.032 ms clock, 1.8+0.48/0.82/0+0.51 ms cpu, 3->4->1 MB, 4 MB goal, 0 MB stacks, 0 MB globals, 16 P
gc 13224 @56.262s 5%: 0.12+0.87+0.079 ms clock, 2.0+0.52/0.87/0.10+1.2 ms cpu, 3->4->2 MB, 4 MB goal, 0 MB stacks, 0 MB globals, 16 P
gc 13225 @56.264s 5%: 0.095+0.49+0.11 ms clock, 1.5+0.59/0.86/0.007+1.7 ms cpu, 3->4->1 MB, 4 MB goal, 0 MB stacks, 0 MB globals, 16 P
gc 13226 @56.265s 5%: 0.17+0.48+0.16 ms clock, 2.8+0.63/0.75/0+2.7 ms cpu, 3->4->1 MB, 4 MB goal, 0 MB stacks, 0 MB globals, 16 P
gc 13227 @56.267s 5%: 0.12+0.57+0.13 ms clock, 1.9+0.61/0.84/0+2.1 ms cpu, 3->4->1 MB, 4 MB goal, 0 MB stacks, 0 MB globals, 16 P
gc 13228 @56.269s 5%: 0.15+0.54+0.14 ms clock, 2.4+0.67/0.92/0+2.3 ms cpu, 3->4->2 MB, 4 MB goal, 0 MB stacks, 0 MB globals, 16 P
gc 13229 @56.270s 5%: 0.12+0.70+0.11 ms clock, 1.9+0.60/0.86/0+1.7 ms cpu, 3->4->2 MB, 4 MB goal, 0 MB stacks, 0 MB globals, 16 P
gc 13230 @56.272s 5%: 0.12+0.46+0.17 ms clock, 1.9+0.40/0.88/0+2.7 ms cpu, 3->4->1 MB, 4 MB goal, 0 MB stacks, 0 MB globals, 16 P
gc 13231 @56.274s 5%: 0.11+0.64+0.082 ms clock, 1.8+0.59/0.84/0.008+1.3 ms cpu, 3->4->2 MB, 4 MB goal, 0 MB stacks, 0 MB globals, 16 P
gc 13232 @56.275s 5%: 0.15+0.52+0.12 ms clock, 2.4+0.47/0.89/0.034+1.9 ms cpu, 3->4->1 MB, 4 MB goal, 0 MB stacks, 0 MB globals, 16 P
gc 13233 @56.277s 5%: 0.12+0.70+0.13 ms clock, 1.9+0.70/0.96/0.031+2.0 ms cpu, 3->4->2 MB, 4 MB goal, 0 MB stacks, 0 MB globals, 16 P
gc 13234 @56.279s 5%: 0.11+0.50+0.11 ms clock, 1.8+0.63/0.77/0+1.7 ms cpu, 4->4->1 MB, 4 MB goal, 0 MB stacks, 0 MB globals, 16 P
gc 13235 @56.281s 5%: 0.064+0.74+0.079 ms clock, 1.0+0.41/0.90/0+1.2 ms cpu, 3->4->2 MB, 4 MB goal, 0 MB stacks, 0 MB globals, 16 P
gc 13236 @56.282s 5%: 0.096+0.74+0.094 ms clock, 1.5+0.55/0.75/0.018+1.5 ms cpu, 3->4->2 MB, 4 MB goal, 0 MB stacks, 0 MB globals, 16 P
gc 13237 @56.284s 5%: 0.16+0.62+0.11 ms clock, 2.6+0.64/0.83/0+1.8 ms cpu, 3->4->2 MB, 4 MB goal, 0 MB stacks, 0 MB globals, 16 P
gc 13238 @56.286s 5%: 0.18+0.45+0.17 ms clock, 3.0+0.66/0.79/0+2.8 ms cpu, 3->4->1 MB, 4 MB goal, 0 MB stacks, 0 MB globals, 16 P
gc 13239 @56.288s 5%: 0.11+0.72+0.091 ms clock, 1.8+0.54/0.81/0.16+1.4 ms cpu, 3->4->2 MB, 4 MB goal, 0 MB stacks, 0 MB globals, 16 P
gc 13240 @56.290s 5%: 0.15+0.71+0.20 ms clock, 2.4+0.55/0.74/0+3.2 ms cpu, 3->4->2 MB, 4 MB goal, 0 MB stacks, 0 MB globals, 16 P
gc 13241 @56.292s 5%: 0.12+0.71+0.096 ms clock, 2.0+0.54/1.0/0+1.5 ms cpu, 3->4->2 MB, 4 MB goal, 0 MB stacks, 0 MB globals, 16 P
gc 13242 @56.293s 5%: 0.14+0.48+0.14 ms clock, 2.3+0.70/0.85/0+2.3 ms cpu, 3->4->1 MB, 4 MB goal, 0 MB stacks, 0 MB globals, 16 P
gc 13243 @56.295s 5%: 0.12+0.51+0.16 ms clock, 1.9+0.57/0.79/0+2.6 ms cpu, 3->4->1 MB, 4 MB goal, 0 MB stacks, 0 MB globals, 16 P
gc 13244 @56.296s 5%: 0.15+0.57+0.12 ms clock, 2.4+0.71/1.0/0.004+1.9 ms cpu, 3->4->2 MB, 4 MB goal, 0 MB stacks, 0 MB globals, 16 P
gc 13245 @56.298s 5%: 0.13+0.63+0.12 ms clock, 2.1+0.72/0.82/0+2.0 ms cpu, 3->4->2 MB, 4 MB goal, 0 MB stacks, 0 MB globals, 16 P
gc 13246 @56.300s 5%: 0.13+0.54+0.12 ms clock, 2.2+0.61/0.83/0+1.9 ms cpu, 3->4->1 MB, 4 MB goal, 0 MB stacks, 0 MB globals, 16 P
gc 13247 @56.302s 5%: 0.16+0.49+0.17 ms clock, 2.5+0.52/0.83/0+2.8 ms cpu, 3->4->1 MB, 4 MB goal, 0 MB stacks, 0 MB globals, 16 P
gc 13248 @56.303s 5%: 0.10+0.53+0.10 ms clock, 1.6+0.56/0.95/0+1.6 ms cpu, 3->4->1 MB, 4 MB goal, 0 MB stacks, 0 MB globals, 16 P
gc 13249 @56.305s 5%: 0.14+0.55+0.096 ms clock, 2.3+0.52/0.82/0+1.5 ms cpu, 3->4->1 MB, 4 MB goal, 0 MB stacks, 0 MB globals, 16 P
gc 13250 @56.306s 5%: 0.11+0.54+0.15 ms clock, 1.8+0.57/0.79/0+2.5 ms cpu, 3->4->1 MB, 4 MB goal, 0 MB stacks, 0 MB globals, 16 P
gc 13251 @56.308s 5%: 0.14+0.51+0.11 ms clock, 2.2+0.62/0.90/0+1.8 ms cpu, 3->4->1 MB, 4 MB goal, 0 MB stacks, 0 MB globals, 16 P
gc 13252 @56.310s 5%: 0.10+0.78+0.016 ms clock, 1.6+0.56/0.86/0+0.26 ms cpu, 3->4->2 MB, 4 MB goal, 0 MB stacks, 0 MB globals, 16 P
gc 13253 @56.311s 5%: 0.15+0.50+0.16 ms clock, 2.5+0.58/0.80/0+2.5 ms cpu, 3->4->1 MB, 4 MB goal, 0 MB stacks, 0 MB globals, 16 P
gc 13254 @56.313s 5%: 0.12+0.56+0.13 ms clock, 1.9+0.57/0.89/0+2.1 ms cpu, 3->4->1 MB, 4 MB goal, 0 MB stacks, 0 MB globals, 16 P
gc 13255 @56.314s 5%: 0.15+0.76+0.15 ms clock, 2.5+0.54/0.96/0.021+2.4 ms cpu, 3->4->2 MB, 4 MB goal, 0 MB stacks, 0 MB globals, 16 P
gc 13256 @56.316s 5%: 0.10+0.47+0.13 ms clock, 1.7+0.54/0.84/0+2.2 ms cpu, 4->4->1 MB, 4 MB goal, 0 MB stacks, 0 MB globals, 16 P
gc 13257 @56.318s 5%: 0.11+0.58+0.097 ms clock, 1.8+0.67/0.80/0+1.5 ms cpu, 3->4->1 MB, 4 MB goal, 0 MB stacks, 0 MB globals, 16 P
gc 13258 @56.320s 5%: 0.13+0.63+0.099 ms clock, 2.1+0.64/1.0/0+1.5 ms cpu, 3->4->2 MB, 4 MB goal, 0 MB stacks, 0 MB globals, 16 P
gc 13259 @56.321s 5%: 0.12+0.60+0.11 ms clock, 2.0+0.59/0.93/0.021+1.8 ms cpu, 3->4->1 MB, 4 MB goal, 0 MB stacks, 0 MB globals, 16 P
gc 13260 @56.323s 5%: 0.10+0.55+0.16 ms clock, 1.7+0.55/0.83/0+2.7 ms cpu, 3->4->1 MB, 4 MB goal, 0 MB stacks, 0 MB globals, 16 P
gc 13261 @56.325s 5%: 0.13+0.55+0.12 ms clock, 2.1+0.64/0.91/0+1.9 ms cpu, 3->4->2 MB, 4 MB goal, 0 MB stacks, 0 MB globals, 16 P
gc 13262 @56.326s 5%: 0.16+0.51+0.14 ms clock, 2.6+0.53/0.84/0.003+2.3 ms cpu, 3->4->1 MB, 4 MB goal, 0 MB stacks, 0 MB globals, 16 P
gc 13263 @56.328s 5%: 0.12+0.77+0.073 ms clock, 1.9+0.52/0.78/0.044+1.1 ms cpu, 3->4->2 MB, 4 MB goal, 0 MB stacks, 0 MB globals, 16 P
gc 13264 @56.330s 5%: 0.11+0.72+0.13 ms clock, 1.9+0.57/0.91/0.002+2.2 ms cpu, 3->4->2 MB, 4 MB goal, 0 MB stacks, 0 MB globals, 16 P
gc 13265 @56.332s 5%: 0.14+0.47+0.092 ms clock, 2.3+0.57/0.77/0+1.4 ms cpu, 3->4->1 MB, 4 MB goal, 0 MB stacks, 0 MB globals, 16 P
gc 13266 @56.334s 5%: 0.11+0.58+0.10 ms clock, 1.7+0.53/0.91/0+1.6 ms cpu, 3->4->2 MB, 4 MB goal, 0 MB stacks, 0 MB globals, 16 P
gc 13267 @56.335s 5%: 0.10+0.52+0.098 ms clock, 1.6+0.65/0.78/0+1.5 ms cpu, 3->4->1 MB, 4 MB goal, 0 MB stacks, 0 MB globals, 16 P
gc 13268 @56.337s 5%: 0.086+0.60+0.059 ms clock, 1.3+0.45/0.80/0+0.95 ms cpu, 3->4->1 MB, 4 MB goal, 0 MB stacks, 0 MB globals, 16 P
gc 13269 @56.338s 5%: 0.14+0.69+0.14 ms clock, 2.2+0.55/1.0/0+2.2 ms cpu, 3->4->2 MB, 4 MB goal, 0 MB stacks, 0 MB globals, 16 P
gc 13270 @56.340s 5%: 0.099+0.62+0.086 ms clock, 1.5+0.41/0.92/0+1.3 ms cpu, 3->4->1 MB, 4 MB goal, 0 MB stacks, 0 MB globals, 16 P
gc 13271 @56.342s 5%: 0.12+0.51+0.15 ms clock, 2.0+0.59/0.81/0.049+2.5 ms cpu, 3->4->1 MB, 4 MB goal, 0 MB stacks, 0 MB globals, 16 P
gc 13272 @56.343s 5%: 0.11+0.58+0.088 ms clock, 1.8+0.51/0.96/0+1.4 ms cpu, 3->4->1 MB, 4 MB goal, 0 MB stacks, 0 MB globals, 16 P
gc 13273 @56.345s 5%: 0.11+0.69+0.10 ms clock, 1.9+0.58/0.89/0.028+1.7 ms cpu, 3->4->2 MB, 4 MB goal, 0 MB stacks, 0 MB globals, 16 P
gc 13274 @56.347s 5%: 0.13+0.70+0.11 ms clock, 2.2+0.54/0.75/0.015+1.8 ms cpu, 3->4->2 MB, 4 MB goal, 0 MB stacks, 0 MB globals, 16 P
gc 13275 @56.349s 5%: 0.13+0.48+0.13 ms clock, 2.0+0.54/0.86/0.020+2.1 ms cpu, 3->4->1 MB, 4 MB goal, 0 MB stacks, 0 MB globals, 16 P
gc 13276 @56.350s 5%: 0.20+0.58+0.10 ms clock, 3.2+0.66/0.87/0+1.6 ms cpu, 3->4->2 MB, 4 MB goal, 0 MB stacks, 0 MB globals, 16 P
gc 13277 @56.352s 5%: 0.10+0.63+0.092 ms clock, 1.6+0.55/0.83/0+1.4 ms cpu, 3->4->1 MB, 4 MB goal, 0 MB stacks, 0 MB globals, 16 P
gc 13278 @56.354s 5%: 0.12+0.59+0.12 ms clock, 1.9+0.65/0.88/0+2.0 ms cpu, 3->4->2 MB, 4 MB goal, 0 MB stacks, 0 MB globals, 16 P
gc 13279 @56.355s 5%: 0.10+0.49+0.18 ms clock, 1.6+0.47/0.86/0+2.9 ms cpu, 3->4->1 MB, 4 MB goal, 0 MB stacks, 0 MB globals, 16 P
gc 13280 @56.357s 5%: 0.11+0.76+0.15 ms clock, 1.8+0.70/0.93/0+2.4 ms cpu, 3->4->2 MB, 4 MB goal, 0 MB stacks, 0 MB globals, 16 P
gc 13281 @56.359s 5%: 0.098+0.68+0.10 ms clock, 1.5+0.58/0.85/0.005+1.6 ms cpu, 4->4->2 MB, 4 MB goal, 0 MB stacks, 0 MB globals, 16 P
gc 13282 @56.361s 5%: 0.10+0.53+0.15 ms clock, 1.6+0.52/0.80/0.009+2.4 ms cpu, 3->4->1 MB, 4 MB goal, 0 MB stacks, 0 MB globals, 16 P
gc 13283 @56.362s 5%: 0.14+0.54+0.13 ms clock, 2.3+0.61/0.87/0+2.1 ms cpu, 3->4->2 MB, 4 MB goal, 0 MB stacks, 0 MB globals, 16 P
gc 13284 @56.364s 5%: 0.099+0.48+0.16 ms clock, 1.5+0.50/0.75/0.010+2.6 ms cpu, 3->4->1 MB, 4 MB goal, 0 MB stacks, 0 MB globals, 16 P
gc 13285 @56.366s 5%: 0.11+0.53+0.11 ms clock, 1.8+0.58/0.88/0+1.7 ms cpu, 3->4->1 MB, 4 MB goal, 0 MB stacks, 0 MB globals, 16 P
gc 13286 @56.367s 5%: 0.12+0.67+0.14 ms clock, 2.0+0.67/0.82/0+2.2 ms cpu, 3->4->2 MB, 4 MB goal, 0 MB stacks, 0 MB globals, 16 P
gc 13287 @56.369s 5%: 0.11+0.59+0.12 ms clock, 1.8+0.56/0.94/0.007+2.0 ms cpu, 3->4->2 MB, 4 MB goal, 0 MB stacks, 0 MB globals, 16 P
gc 13288 @56.371s 5%: 0.11+0.53+0.12 ms clock, 1.8+0.48/0.94/0+2.0 ms cpu, 3->4->1 MB, 4 MB goal, 0 MB stacks, 0 MB globals, 16 P
gc 13289 @56.372s 5%: 0.13+0.56+0.099 ms clock, 2.1+0.66/0.82/0+1.5 ms cpu, 3->4->2 MB, 4 MB goal, 0 MB stacks, 0 MB globals, 16 P
gc 13290 @56.374s 5%: 0.14+0.67+0.10 ms clock, 2.2+0.56/0.94/0.016+1.6 ms cpu, 3->4->2 MB, 4 MB goal, 0 MB stacks, 0 MB globals, 16 P
gc 13291 @56.376s 5%: 0.11+0.60+0.13 ms clock, 1.8+0.57/0.96/0+2.1 ms cpu, 3->4->2 MB, 4 MB goal, 0 MB stacks, 0 MB globals, 16 P
gc 13292 @56.377s 5%: 0.10+0.52+0.15 ms clock, 1.7+0.48/0.87/0.017+2.5 ms cpu, 3->4->1 MB, 4 MB goal, 0 MB stacks, 0 MB globals, 16 P
gc 13293 @56.379s 5%: 0.10+0.66+0.084 ms clock, 1.6+0.50/0.83/0+1.3 ms cpu, 3->4->2 MB, 4 MB goal, 0 MB stacks, 0 MB globals, 16 P
gc 13294 @56.381s 5%: 0.12+0.53+0.11 ms clock, 2.0+0.59/0.88/0.020+1.7 ms cpu, 3->4->1 MB, 4 MB goal, 0 MB stacks, 0 MB globals, 16 P
gc 13295 @56.382s 5%: 0.071+0.58+0.075 ms clock, 1.1+0.46/0.80/0+1.2 ms cpu, 3->4->1 MB, 4 MB goal, 0 MB stacks, 0 MB globals, 16 P
gc 13296 @56.384s 5%: 0.14+0.55+0.12 ms clock, 2.2+0.81/0.81/0+1.9 ms cpu, 3->4->1 MB, 4 MB goal, 0 MB stacks, 0 MB globals, 16 P
gc 13297 @56.386s 5%: 0.11+0.48+0.19 ms clock, 1.9+0.63/0.75/0+3.1 ms cpu, 3->4->1 MB, 4 MB goal, 0 MB stacks, 0 MB globals, 16 P
gc 13298 @56.387s 5%: 0.18+0.47+0.11 ms clock, 3.0+0.41/0.85/0+1.8 ms cpu, 3->4->1 MB, 4 MB goal, 0 MB stacks, 0 MB globals, 16 P
gc 13299 @56.389s 5%: 0.15+0.63+0.042 ms clock, 2.5+0.63/0.85/0+0.68 ms cpu, 3->4->2 MB, 4 MB goal, 0 MB stacks, 0 MB globals, 16 P
gc 13300 @56.390s 5%: 0.11+0.54+0.080 ms clock, 1.8+0.61/0.71/0.098+1.2 ms cpu, 3->4->1 MB, 4 MB goal, 0 MB stacks, 0 MB globals, 16 P
gc 13301 @56.392s 5%: 0.091+0.61+0.12 ms clock, 1.4+0.58/0.74/0.094+2.0 ms cpu, 3->4->1 MB, 4 MB goal, 0 MB stacks, 0 MB globals, 16 P
gc 13302 @56.393s 5%: 0.13+0.56+0.053 ms clock, 2.1+0.47/0.83/0+0.86 ms cpu, 3->4->1 MB, 4 MB goal, 0 MB stacks, 0 MB globals, 16 P
gc 13303 @56.395s 5%: 0.12+0.68+0.084 ms clock, 1.9+0.43/0.90/0.022+1.3 ms cpu, 3->4->2 MB, 4 MB goal, 0 MB stacks, 0 MB globals, 16 P
gc 13304 @56.397s 5%: 0.12+0.65+0.10 ms clock, 2.0+0.65/0.73/0+1.7 ms cpu, 3->4->2 MB, 4 MB goal, 0 MB stacks, 0 MB globals, 16 P
gc 13305 @56.399s 5%: 0.11+0.45+0.13 ms clock, 1.8+0.61/0.79/0.035+2.0 ms cpu, 3->4->1 MB, 4 MB goal, 0 MB stacks, 0 MB globals, 16 P
gc 13306 @56.400s 5%: 0.14+0.47+0.14 ms clock, 2.3+0.70/0.80/0.001+2.3 ms cpu, 3->4->1 MB, 4 MB goal, 0 MB stacks, 0 MB globals, 16 P
gc 13307 @56.402s 5%: 0.10+0.61+0.14 ms clock, 1.6+0.61/0.90/0+2.3 ms cpu, 3->4->2 MB, 4 MB goal, 0 MB stacks, 0 MB globals, 16 P
gc 13308 @56.403s 5%: 0.10+0.68+0.079 ms clock, 1.6+0.57/0.77/0.030+1.2 ms cpu, 3->4->1 MB, 4 MB goal, 0 MB stacks, 0 MB globals, 16 P
gc 13309 @56.405s 5%: 0.10+0.66+0.074 ms clock, 1.7+0.59/0.77/0.016+1.1 ms cpu, 3->4->1 MB, 4 MB goal, 0 MB stacks, 0 MB globals, 16 P
gc 13310 @56.407s 5%: 0.18+0.57+0.14 ms clock, 3.0+0.74/0.83/0.003+2.3 ms cpu, 3->4->2 MB, 4 MB goal, 0 MB stacks, 0 MB globals, 16 P
gc 13311 @56.409s 5%: 0.12+0.63+0.092 ms clock, 2.0+0.64/0.83/0+1.4 ms cpu, 3->4->2 MB, 4 MB goal, 0 MB stacks, 0 MB globals, 16 P
gc 13312 @56.410s 5%: 0.10+0.55+0.13 ms clock, 1.7+0.72/0.75/0.024+2.0 ms cpu, 3->4->1 MB, 4 MB goal, 0 MB stacks, 0 MB globals, 16 P
gc 13313 @56.412s 5%: 0.18+0.56+0.11 ms clock, 2.9+0.73/0.78/0+1.8 ms cpu, 3->4->2 MB, 4 MB goal, 0 MB stacks, 0 MB globals, 16 P
gc 13314 @56.414s 5%: 0.10+0.66+0.10 ms clock, 1.6+0.51/0.87/0.013+1.6 ms cpu, 3->4->1 MB, 4 MB goal, 0 MB stacks, 0 MB globals, 16 P
gc 13315 @56.416s 5%: 0.13+0.61+0.062 ms clock, 2.1+0.48/0.81/0.009+1.0 ms cpu, 3->4->1 MB, 4 MB goal, 0 MB stacks, 0 MB globals, 16 P
gc 13316 @56.417s 5%: 0.11+0.57+0.11 ms clock, 1.8+0.59/1.0/0+1.8 ms cpu, 3->4->2 MB, 4 MB goal, 0 MB stacks, 0 MB globals, 16 P
gc 13317 @56.419s 5%: 0.12+0.71+0.095 ms clock, 2.0+0.62/0.83/0+1.5 ms cpu, 3->4->2 MB, 4 MB goal, 0 MB stacks, 0 MB globals, 16 P
gc 13318 @56.421s 5%: 0.081+0.49+0.058 ms clock, 1.3+0.55/0.76/0.019+0.93 ms cpu, 3->4->1 MB, 4 MB goal, 0 MB stacks, 0 MB globals, 16 P
gc 13319 @56.422s 5%: 0.13+0.52+0.14 ms clock, 2.1+0.61/0.81/0+2.3 ms cpu, 3->4->1 MB, 4 MB goal, 0 MB stacks, 0 MB globals, 16 P
gc 13320 @56.424s 5%: 0.12+0.76+0.055 ms clock, 2.0+0.57/0.99/0+0.89 ms cpu, 3->4->2 MB, 4 MB goal, 0 MB stacks, 0 MB globals, 16 P
gc 13321 @56.426s 5%: 0.12+0.61+0.099 ms clock, 1.9+0.53/0.79/0.037+1.5 ms cpu, 3->4->1 MB, 4 MB goal, 0 MB stacks, 0 MB globals, 16 P
gc 13322 @56.427s 5%: 0.094+0.67+0.050 ms clock, 1.5+0.46/0.79/0+0.80 ms cpu, 3->4->1 MB, 4 MB goal, 0 MB stacks, 0 MB globals, 16 P
gc 13323 @56.429s 5%: 0.15+0.64+0.11 ms clock, 2.5+0.51/0.81/0.008+1.8 ms cpu, 3->4->2 MB, 4 MB goal, 0 MB stacks, 0 MB globals, 16 P
gc 13324 @56.431s 5%: 0.11+0.61+0.12 ms clock, 1.8+0.56/0.81/0+1.9 ms cpu, 3->4->1 MB, 4 MB goal, 0 MB stacks, 0 MB globals, 16 P
gc 13325 @56.433s 5%: 0.13+0.68+0.11 ms clock, 2.2+0.63/0.78/0+1.8 ms cpu, 3->4->2 MB, 4 MB goal, 0 MB stacks, 0 MB globals, 16 P
gc 13326 @56.434s 5%: 0.16+0.51+0.14 ms clock, 2.5+0.64/0.72/0+2.2 ms cpu, 3->4->2 MB, 4 MB goal, 0 MB stacks, 0 MB globals, 16 P
gc 13327 @56.436s 5%: 0.16+0.66+0.10 ms clock, 2.6+0.55/0.87/0+1.7 ms cpu, 3->4->2 MB, 4 MB goal, 0 MB stacks, 0 MB globals, 16 P
gc 13328 @56.438s 5%: 0.21+0.73+0.052 ms clock, 3.4+0.64/0.83/0+0.83 ms cpu, 3->4->2 MB, 4 MB goal, 0 MB stacks, 0 MB globals, 16 P
gc 13329 @56.440s 5%: 0.14+0.47+0.074 ms clock, 2.2+0.52/0.77/0+1.1 ms cpu, 3->4->1 MB, 4 MB goal, 0 MB stacks, 0 MB globals, 16 P
gc 13330 @56.442s 5%: 0.13+0.78+0.055 ms clock, 2.2+0.54/0.84/0.030+0.88 ms cpu, 3->4->2 MB, 4 MB goal, 0 MB stacks, 0 MB globals, 16 P
gc 13331 @56.443s 5%: 0.11+0.57+0.12 ms clock, 1.8+0.56/0.95/0.001+2.0 ms cpu, 3->4->1 MB, 4 MB goal, 0 MB stacks, 0 MB globals, 16 P
gc 13332 @56.445s 5%: 0.10+0.75+0.12 ms clock, 1.7+0.53/1.0/0.008+2.0 ms cpu, 3->4->2 MB, 4 MB goal, 0 MB stacks, 0 MB globals, 16 P
gc 13333 @56.447s 5%: 0.15+0.56+0.12 ms clock, 2.4+0.51/0.89/0+1.9 ms cpu, 3->4->1 MB, 4 MB goal, 0 MB stacks, 0 MB globals, 16 P
gc 13334 @56.449s 5%: 0.11+0.65+0.037 ms clock, 1.8+0.64/0.82/0+0.60 ms cpu, 3->4->1 MB, 4 MB goal, 0 MB stacks, 0 MB globals, 16 P
gc 13335 @56.450s 5%: 0.10+0.63+0.10 ms clock, 1.7+0.53/0.84/0+1.6 ms cpu, 3->4->2 MB, 4 MB goal, 0 MB stacks, 0 MB globals, 16 P
gc 13336 @56.452s 5%: 0.10+0.77+0.11 ms clock, 1.6+0.43/0.93/0.044+1.8 ms cpu, 3->4->2 MB, 4 MB goal, 0 MB stacks, 0 MB globals, 16 P
gc 13337 @56.454s 5%: 0.15+0.49+0.088 ms clock, 2.5+0.57/0.77/0+1.4 ms cpu, 3->4->1 MB, 4 MB goal, 0 MB stacks, 0 MB globals, 16 P
gc 13338 @56.456s 5%: 0.22+0.61+0.13 ms clock, 3.5+0.64/0.90/0.015+2.1 ms cpu, 3->4->1 MB, 4 MB goal, 0 MB stacks, 0 MB globals, 16 P
gc 13339 @56.457s 5%: 0.075+0.55+0.14 ms clock, 1.2+0.47/0.85/0+2.3 ms cpu, 3->4->1 MB, 4 MB goal, 0 MB stacks, 0 MB globals, 16 P
gc 13340 @56.459s 5%: 0.11+0.56+0.086 ms clock, 1.8+0.46/0.83/0.032+1.3 ms cpu, 3->4->1 MB, 4 MB goal, 0 MB stacks, 0 MB globals, 16 P
gc 13341 @56.460s 5%: 0.15+0.47+0.14 ms clock, 2.4+0.66/0.80/0+2.3 ms cpu, 3->4->1 MB, 4 MB goal, 0 MB stacks, 0 MB globals, 16 P
gc 13342 @56.462s 5%: 0.11+0.54+0.098 ms clock, 1.8+0.55/0.78/0+1.5 ms cpu, 3->4->1 MB, 4 MB goal, 0 MB stacks, 0 MB globals, 16 P
gc 13343 @56.463s 5%: 0.11+0.50+0.10 ms clock, 1.7+0.58/0.77/0.017+1.6 ms cpu, 3->4->1 MB, 4 MB goal, 0 MB stacks, 0 MB globals, 16 P
gc 13344 @56.465s 5%: 0.10+0.61+0.10 ms clock, 1.6+0.58/0.89/0+1.6 ms cpu, 3->4->1 MB, 4 MB goal, 0 MB stacks, 0 MB globals, 16 P
gc 13345 @56.467s 5%: 0.15+0.54+0.093 ms clock, 2.4+0.57/0.79/0+1.4 ms cpu, 3->4->1 MB, 4 MB goal, 0 MB stacks, 0 MB globals, 16 P
gc 13346 @56.468s 5%: 0.18+0.51+0.11 ms clock, 2.9+0.59/0.88/0+1.8 ms cpu, 3->4->2 MB, 4 MB goal, 0 MB stacks, 0 MB globals, 16 P
gc 13347 @56.470s 5%: 0.19+0.52+0.11 ms clock, 3.1+0.84/0.72/0.008+1.7 ms cpu, 3->4->1 MB, 4 MB goal, 0 MB stacks, 0 MB globals, 16 P
gc 13348 @56.472s 5%: 0.18+0.81+0.091 ms clock, 2.9+0.60/0.87/0+1.4 ms cpu, 3->4->2 MB, 4 MB goal, 0 MB stacks, 0 MB globals, 16 P
gc 13349 @56.474s 5%: 0.10+0.62+0.091 ms clock, 1.7+0.60/0.83/0+1.4 ms cpu, 4->4->1 MB, 4 MB goal, 0 MB stacks, 0 MB globals, 16 P
gc 13350 @56.476s 5%: 0.11+0.64+0.097 ms clock, 1.8+0.65/0.84/0.003+1.5 ms cpu, 3->4->1 MB, 4 MB goal, 0 MB stacks, 0 MB globals, 16 P
gc 13351 @56.477s 5%: 0.12+0.62+0.10 ms clock, 1.9+0.64/0.93/0+1.6 ms cpu, 3->4->2 MB, 4 MB goal, 0 MB stacks, 0 MB globals, 16 P
gc 13352 @56.479s 5%: 0.090+0.78+0.10 ms clock, 1.4+0.62/0.86/0.032+1.6 ms cpu, 3->4->2 MB, 4 MB goal, 0 MB stacks, 0 MB globals, 16 P
gc 13353 @56.481s 5%: 0.10+0.48+0.081 ms clock, 1.7+0.45/0.84/0.028+1.3 ms cpu, 3->4->1 MB, 4 MB goal, 0 MB stacks, 0 MB globals, 16 P
gc 13354 @56.482s 5%: 0.11+0.47+0.12 ms clock, 1.8+0.71/0.85/0+1.9 ms cpu, 3->4->1 MB, 4 MB goal, 0 MB stacks, 0 MB globals, 16 P
gc 13355 @56.484s 5%: 0.13+0.49+0.13 ms clock, 2.2+0.62/0.81/0+2.1 ms cpu, 3->4->1 MB, 4 MB goal, 0 MB stacks, 0 MB globals, 16 P
gc 13356 @56.486s 5%: 0.12+0.67+0.15 ms clock, 2.0+0.68/0.75/0.042+2.4 ms cpu, 3->4->2 MB, 4 MB goal, 0 MB stacks, 0 MB globals, 16 P
gc 13357 @56.487s 5%: 0.12+0.56+0.16 ms clock, 2.0+0.62/0.82/0.026+2.7 ms cpu, 3->4->1 MB, 4 MB goal, 0 MB stacks, 0 MB globals, 16 P
gc 13358 @56.489s 5%: 0.16+0.52+0.15 ms clock, 2.6+0.60/0.85/0.003+2.4 ms cpu, 3->4->1 MB, 4 MB goal, 0 MB stacks, 0 MB globals, 16 P
gc 13359 @56.491s 5%: 0.094+0.51+0.13 ms clock, 1.5+0.69/0.82/0+2.2 ms cpu, 3->4->1 MB, 4 MB goal, 0 MB stacks, 0 MB globals, 16 P
gc 13360 @56.492s 5%: 0.13+0.56+0.15 ms clock, 2.1+0.76/0.73/0+2.4 ms cpu, 3->4->1 MB, 4 MB goal, 0 MB stacks, 0 MB globals, 16 P
gc 13361 @56.494s 5%: 0.19+0.42+0.14 ms clock, 3.0+0.73/0.77/0+2.3 ms cpu, 3->4->1 MB, 4 MB goal, 0 MB stacks, 0 MB globals, 16 P
gc 13362 @56.495s 5%: 0.16+0.56+0.12 ms clock, 2.7+0.80/0.80/0+1.9 ms cpu, 3->4->2 MB, 4 MB goal, 0 MB stacks, 0 MB globals, 16 P
gc 13363 @56.497s 5%: 0.14+0.63+0.086 ms clock, 2.3+0.61/0.79/0.039+1.3 ms cpu, 3->4->1 MB, 4 MB goal, 0 MB stacks, 0 MB globals, 16 P
gc 13364 @56.499s 5%: 0.11+0.50+0.17 ms clock, 1.8+0.58/0.82/0+2.7 ms cpu, 3->4->1 MB, 4 MB goal, 0 MB stacks, 0 MB globals, 16 P
gc 13365 @56.501s 5%: 0.13+0.55+0.13 ms clock, 2.0+0.64/0.82/0.037+2.2 ms cpu, 3->4->1 MB, 4 MB goal, 0 MB stacks, 0 MB globals, 16 P
gc 13366 @56.502s 5%: 0.12+0.48+0.11 ms clock, 2.0+0.56/0.82/0+1.8 ms cpu, 3->4->1 MB, 4 MB goal, 0 MB stacks, 0 MB globals, 16 P
gc 13367 @56.504s 5%: 0.13+0.63+0.091 ms clock, 2.1+0.71/0.78/0+1.4 ms cpu, 3->4->2 MB, 4 MB goal, 0 MB stacks, 0 MB globals, 16 P
gc 13368 @56.506s 5%: 0.10+0.75+0.076 ms clock, 1.6+0.54/0.80/0.051+1.2 ms cpu, 3->4->1 MB, 4 MB goal, 0 MB stacks, 0 MB globals, 16 P
gc 13369 @56.507s 5%: 0.16+0.58+0.14 ms clock, 2.6+0.72/0.75/0+2.2 ms cpu, 3->4->1 MB, 4 MB goal, 0 MB stacks, 0 MB globals, 16 P
gc 13370 @56.509s 5%: 0.10+0.74+0.097 ms clock, 1.6+0.67/0.75/0+1.5 ms cpu, 3->4->2 MB, 4 MB goal, 0 MB stacks, 0 MB globals, 16 P
gc 13371 @56.511s 5%: 0.16+0.57+0.13 ms clock, 2.6+0.57/0.83/0+2.0 ms cpu, 3->4->1 MB, 4 MB goal, 0 MB stacks, 0 MB globals, 16 P
gc 13372 @56.513s 5%: 0.15+0.66+0.081 ms clock, 2.5+0.61/0.98/0+1.3 ms cpu, 3->4->2 MB, 4 MB goal, 0 MB stacks, 0 MB globals, 16 P
gc 13373 @56.514s 5%: 0.18+0.82+0.12 ms clock, 2.9+0.69/0.83/0.060+2.0 ms cpu, 3->5->2 MB, 4 MB goal, 0 MB stacks, 0 MB globals, 16 P
gc 13374 @56.517s 5%: 0.20+0.54+0.13 ms clock, 3.2+0.60/0.87/0+2.0 ms cpu, 4->5->2 MB, 5 MB goal, 0 MB stacks, 0 MB globals, 16 P
gc 13375 @56.519s 5%: 0.13+0.53+0.17 ms clock, 2.1+0.53/0.83/0+2.7 ms cpu, 3->4->1 MB, 4 MB goal, 0 MB stacks, 0 MB globals, 16 P
gc 13376 @56.520s 5%: 0.13+0.55+0.091 ms clock, 2.1+0.53/0.86/0+1.4 ms cpu, 3->4->1 MB, 4 MB goal, 0 MB stacks, 0 MB globals, 16 P
gc 13377 @56.522s 5%: 0.086+0.49+0.15 ms clock, 1.3+0.49/1.0/0.003+2.4 ms cpu, 3->4->1 MB, 4 MB goal, 0 MB stacks, 0 MB globals, 16 P
gc 13378 @56.523s 5%: 0.17+0.69+0.14 ms clock, 2.8+0.62/0.87/0.029+2.3 ms cpu, 3->4->2 MB, 4 MB goal, 0 MB stacks, 0 MB globals, 16 P
gc 13379 @56.525s 5%: 0.14+0.58+0.13 ms clock, 2.2+0.52/0.81/0.025+2.1 ms cpu, 3->4->2 MB, 4 MB goal, 0 MB stacks, 0 MB globals, 16 P
gc 13380 @56.527s 5%: 0.11+0.51+0.23 ms clock, 1.8+0.48/0.89/0+3.6 ms cpu, 3->4->1 MB, 4 MB goal, 0 MB stacks, 0 MB globals, 16 P
gc 13381 @56.529s 5%: 0.087+0.70+0.085 ms clock, 1.3+0.60/0.83/0+1.3 ms cpu, 3->4->2 MB, 4 MB goal, 0 MB stacks, 0 MB globals, 16 P
gc 13382 @56.531s 5%: 0.14+0.62+0.10 ms clock, 2.3+0.58/0.95/0.008+1.7 ms cpu, 3->4->2 MB, 4 MB goal, 0 MB stacks, 0 MB globals, 16 P
gc 13383 @56.533s 5%: 0.17+0.63+0.16 ms clock, 2.7+0.65/0.78/0+2.6 ms cpu, 3->4->2 MB, 4 MB goal, 0 MB stacks, 0 MB globals, 16 P
gc 13384 @56.534s 5%: 0.13+0.46+0.10 ms clock, 2.0+0.55/0.84/0.006+1.6 ms cpu, 3->4->1 MB, 4 MB goal, 0 MB stacks, 0 MB globals, 16 P
gc 13385 @56.536s 5%: 0.12+0.49+0.14 ms clock, 1.9+0.63/0.77/0.002+2.3 ms cpu, 3->4->1 MB, 4 MB goal, 0 MB stacks, 0 MB globals, 16 P
gc 13386 @56.537s 5%: 0.10+0.61+0.14 ms clock, 1.6+0.39/0.82/0.066+2.2 ms cpu, 3->4->1 MB, 4 MB goal, 0 MB stacks, 0 MB globals, 16 P
gc 13387 @56.539s 5%: 0.15+0.72+0.057 ms clock, 2.4+0.74/0.92/0.010+0.92 ms cpu, 3->4->2 MB, 4 MB goal, 0 MB stacks, 0 MB globals, 16 P
gc 13388 @56.541s 5%: 0.12+0.80+0.13 ms clock, 2.0+0.68/0.70/0+2.1 ms cpu, 3->4->2 MB, 4 MB goal, 0 MB stacks, 0 MB globals, 16 P
gc 13389 @56.543s 5%: 0.10+0.53+0.11 ms clock, 1.6+0.51/0.75/0.036+1.8 ms cpu, 4->4->1 MB, 4 MB goal, 0 MB stacks, 0 MB globals, 16 P
gc 13390 @56.545s 5%: 0.12+0.79+0.099 ms clock, 1.9+0.60/0.89/0+1.5 ms cpu, 3->4->2 MB, 4 MB goal, 0 MB stacks, 0 MB globals, 16 P
gc 13391 @56.547s 5%: 0.11+0.64+0.12 ms clock, 1.8+0.61/0.81/0+1.9 ms cpu, 3->4->2 MB, 4 MB goal, 0 MB stacks, 0 MB globals, 16 P
gc 13392 @56.548s 5%: 0.12+0.56+0.078 ms clock, 1.9+0.41/0.89/0.027+1.2 ms cpu, 3->4->1 MB, 4 MB goal, 0 MB stacks, 0 MB globals, 16 P
gc 13393 @56.550s 5%: 0.12+0.58+0.10 ms clock, 1.9+0.68/0.74/0+1.6 ms cpu, 3->4->1 MB, 4 MB goal, 0 MB stacks, 0 MB globals, 16 P
gc 13394 @56.552s 5%: 0.17+0.55+0.10 ms clock, 2.8+0.57/0.78/0+1.6 ms cpu, 3->4->2 MB, 4 MB goal, 0 MB stacks, 0 MB globals, 16 P
gc 13395 @56.553s 5%: 0.12+0.60+0.11 ms clock, 2.0+0.57/0.79/0.012+1.8 ms cpu, 3->4->1 MB, 4 MB goal, 0 MB stacks, 0 MB globals, 16 P
gc 13396 @56.555s 5%: 0.17+0.50+0.10 ms clock, 2.7+0.66/0.76/0+1.6 ms cpu, 3->4->2 MB, 4 MB goal, 0 MB stacks, 0 MB globals, 16 P
gc 13397 @56.557s 5%: 0.11+0.53+0.13 ms clock, 1.8+0.73/0.67/0.026+2.1 ms cpu, 3->4->1 MB, 4 MB goal, 0 MB stacks, 0 MB globals, 16 P
gc 13398 @56.558s 5%: 0.14+0.64+0.087 ms clock, 2.3+0.75/0.85/0+1.4 ms cpu, 3->4->2 MB, 4 MB goal, 0 MB stacks, 0 MB globals, 16 P
gc 13399 @56.560s 5%: 0.14+0.50+0.047 ms clock, 2.2+0.59/0.76/0+0.75 ms cpu, 3->4->1 MB, 4 MB goal, 0 MB stacks, 0 MB globals, 16 P
gc 13400 @56.562s 5%: 0.15+0.68+0.092 ms clock, 2.4+0.48/0.97/0+1.4 ms cpu, 3->4->2 MB, 4 MB goal, 0 MB stacks, 0 MB globals, 16 P
gc 13401 @56.563s 5%: 0.15+0.51+0.098 ms clock, 2.4+0.59/0.81/0+1.5 ms cpu, 3->4->1 MB, 4 MB goal, 0 MB stacks, 0 MB globals, 16 P
gc 13402 @56.565s 5%: 0.13+0.79+0.10 ms clock, 2.2+0.60/0.84/0+1.7 ms cpu, 3->4->2 MB, 4 MB goal, 0 MB stacks, 0 MB globals, 16 P
gc 13403 @56.567s 5%: 0.098+0.52+0.13 ms clock, 1.5+0.52/0.94/0+2.1 ms cpu, 3->4->1 MB, 4 MB goal, 0 MB stacks, 0 MB globals, 16 P
gc 13404 @56.569s 5%: 0.10+0.81+0.083 ms clock, 1.7+0.60/0.85/0+1.3 ms cpu, 3->4->2 MB, 4 MB goal, 0 MB stacks, 0 MB globals, 16 P
gc 13405 @56.571s 5%: 0.10+0.81+0.11 ms clock, 1.7+0.52/0.96/0+1.8 ms cpu, 3->4->2 MB, 4 MB goal, 0 MB stacks, 0 MB globals, 16 P
gc 13406 @56.573s 5%: 0.11+0.57+0.10 ms clock, 1.8+0.47/0.85/0+1.6 ms cpu, 4->4->1 MB, 4 MB goal, 0 MB stacks, 0 MB globals, 16 P
gc 13407 @56.574s 5%: 0.15+0.48+0.11 ms clock, 2.4+0.71/0.85/0+1.8 ms cpu, 3->4->1 MB, 4 MB goal, 0 MB stacks, 0 MB globals, 16 P
gc 13408 @56.576s 5%: 0.12+0.61+0.13 ms clock, 1.9+0.69/0.85/0.006+2.1 ms cpu, 3->4->2 MB, 4 MB goal, 0 MB stacks, 0 MB globals, 16 P
gc 13409 @56.578s 5%: 0.11+0.59+0.089 ms clock, 1.9+0.42/0.96/0+1.4 ms cpu, 4->4->2 MB, 4 MB goal, 0 MB stacks, 0 MB globals, 16 P
gc 13410 @56.579s 5%: 0.11+0.49+0.10 ms clock, 1.7+0.52/0.78/0.016+1.6 ms cpu, 3->4->1 MB, 4 MB goal, 0 MB stacks, 0 MB globals, 16 P
gc 13411 @56.581s 5%: 0.10+0.54+0.042 ms clock, 1.7+0.50/0.83/0+0.67 ms cpu, 3->4->1 MB, 4 MB goal, 0 MB stacks, 0 MB globals, 16 P
gc 13412 @56.582s 5%: 0.15+0.68+0.074 ms clock, 2.5+0.57/0.94/0.038+1.1 ms cpu, 3->4->2 MB, 4 MB goal, 0 MB stacks, 0 MB globals, 16 P
gc 13413 @56.584s 5%: 0.12+0.66+0.099 ms clock, 2.0+0.53/0.91/0+1.5 ms cpu, 3->4->2 MB, 4 MB goal, 0 MB stacks, 0 MB globals, 16 P
gc 13414 @56.586s 5%: 0.10+0.53+0.12 ms clock, 1.7+0.54/0.78/0+2.0 ms cpu, 3->4->1 MB, 4 MB goal, 0 MB stacks, 0 MB globals, 16 P
gc 13415 @56.588s 5%: 0.10+0.58+0.10 ms clock, 1.7+0.54/0.82/0.001+1.7 ms cpu, 3->4->1 MB, 4 MB goal, 0 MB stacks, 0 MB globals, 16 P
gc 13416 @56.589s 5%: 0.11+0.76+0.10 ms clock, 1.7+0.50/0.98/0.012+1.6 ms cpu, 3->4->2 MB, 4 MB goal, 0 MB stacks, 0 MB globals, 16 P
gc 13417 @56.591s 5%: 0.11+0.72+0.10 ms clock, 1.7+0.56/0.86/0.001+1.6 ms cpu, 3->4->2 MB, 4 MB goal, 0 MB stacks, 0 MB globals, 16 P
gc 13418 @56.593s 5%: 0.13+0.51+0.12 ms clock, 2.1+0.57/0.80/0+1.9 ms cpu, 3->4->1 MB, 4 MB goal, 0 MB stacks, 0 MB globals, 16 P
gc 13419 @56.595s 5%: 0.10+0.62+0.087 ms clock, 1.6+0.47/1.0/0+1.4 ms cpu, 3->4->2 MB, 4 MB goal, 0 MB stacks, 0 MB globals, 16 P
gc 13420 @56.597s 5%: 0.11+0.57+0.10 ms clock, 1.8+0.55/0.80/0+1.7 ms cpu, 3->4->1 MB, 4 MB goal, 0 MB stacks, 0 MB globals, 16 P
gc 13421 @56.598s 5%: 0.11+0.60+0.12 ms clock, 1.7+0.58/0.88/0+2.0 ms cpu, 3->4->2 MB, 4 MB goal, 0 MB stacks, 0 MB globals, 16 P
gc 13422 @56.600s 5%: 0.12+0.49+0.15 ms clock, 2.0+0.68/0.77/0+2.5 ms cpu, 3->4->1 MB, 4 MB goal, 0 MB stacks, 0 MB globals, 16 P
gc 13423 @56.602s 5%: 0.15+0.71+0.099 ms clock, 2.4+0.78/0.78/0+1.5 ms cpu, 3->4->2 MB, 4 MB goal, 0 MB stacks, 0 MB globals, 16 P
gc 13424 @56.604s 5%: 0.14+0.63+0.096 ms clock, 2.2+0.55/0.88/0+1.5 ms cpu, 3->4->2 MB, 4 MB goal, 0 MB stacks, 0 MB globals, 16 P
gc 13425 @56.605s 5%: 0.12+0.70+0.076 ms clock, 1.9+0.46/0.85/0.032+1.2 ms cpu, 3->4->1 MB, 4 MB goal, 0 MB stacks, 0 MB globals, 16 P
gc 13426 @56.607s 5%: 0.11+0.47+0.085 ms clock, 1.8+0.59/0.86/0+1.3 ms cpu, 3->4->1 MB, 4 MB goal, 0 MB stacks, 0 MB globals, 16 P
gc 13427 @56.608s 5%: 0.16+0.51+0.15 ms clock, 2.6+0.60/0.84/0+2.4 ms cpu, 3->4->2 MB, 4 MB goal, 0 MB stacks, 0 MB globals, 16 P
gc 13428 @56.610s 5%: 0.087+0.72+0.14 ms clock, 1.4+0.55/0.85/0.033+2.2 ms cpu, 3->4->2 MB, 4 MB goal, 0 MB stacks, 0 MB globals, 16 P
gc 13429 @56.612s 5%: 0.098+0.53+0.093 ms clock, 1.5+0.60/0.83/0+1.5 ms cpu, 3->4->1 MB, 4 MB goal, 0 MB stacks, 0 MB globals, 16 P
gc 13430 @56.614s 5%: 0.10+0.53+0.10 ms clock, 1.6+0.43/0.84/0.008+1.7 ms cpu, 3->4->1 MB, 4 MB goal, 0 MB stacks, 0 MB globals, 16 P
gc 13431 @56.615s 5%: 0.10+0.79+0.046 ms clock, 1.7+0.58/1.0/0.014+0.73 ms cpu, 3->4->2 MB, 4 MB goal, 0 MB stacks, 0 MB globals, 16 P
gc 13432 @56.617s 5%: 0.12+0.61+0.094 ms clock, 2.0+0.62/0.77/0.008+1.5 ms cpu, 3->4->2 MB, 4 MB goal, 0 MB stacks, 0 MB globals, 16 P
gc 13433 @56.619s 5%: 0.21+0.63+0.11 ms clock, 3.3+0.57/0.74/0+1.7 ms cpu, 3->4->2 MB, 4 MB goal, 0 MB stacks, 0 MB globals, 16 P
gc 13434 @56.621s 5%: 0.13+0.56+0.14 ms clock, 2.1+0.52/0.90/0+2.3 ms cpu, 3->4->2 MB, 4 MB goal, 0 MB stacks, 0 MB globals, 16 P
gc 13435 @56.623s 5%: 0.13+0.54+0.17 ms clock, 2.2+0.63/0.76/0+2.8 ms cpu, 3->4->2 MB, 4 MB goal, 0 MB stacks, 0 MB globals, 16 P
gc 13436 @56.624s 5%: 0.15+0.52+0.11 ms clock, 2.4+0.60/0.84/0+1.8 ms cpu, 3->4->1 MB, 4 MB goal, 0 MB stacks, 0 MB globals, 16 P
gc 13437 @56.626s 5%: 0.12+0.41+0.13 ms clock, 2.0+0.65/0.73/0.045+2.2 ms cpu, 3->4->1 MB, 4 MB goal, 0 MB stacks, 0 MB globals, 16 P
gc 13438 @56.627s 5%: 0.15+0.67+0.11 ms clock, 2.4+0.56/0.84/0+1.8 ms cpu, 3->4->2 MB, 4 MB goal, 0 MB stacks, 0 MB globals, 16 P
gc 13439 @56.629s 5%: 0.11+0.42+0.10 ms clock, 1.8+0.61/0.79/0+1.6 ms cpu, 3->4->1 MB, 4 MB goal, 0 MB stacks, 0 MB globals, 16 P
gc 13440 @56.631s 5%: 0.12+0.53+0.11 ms clock, 2.0+0.55/0.79/0+1.8 ms cpu, 3->4->1 MB, 4 MB goal, 0 MB stacks, 0 MB globals, 16 P
gc 13441 @56.632s 5%: 0.10+0.43+0.12 ms clock, 1.7+0.51/0.76/0.017+1.9 ms cpu, 3->4->1 MB, 4 MB goal, 0 MB stacks, 0 MB globals, 16 P
gc 13442 @56.634s 5%: 0.12+0.66+0.12 ms clock, 1.9+0.59/0.88/0.005+2.0 ms cpu, 3->4->2 MB, 4 MB goal, 0 MB stacks, 0 MB globals, 16 P
gc 13443 @56.636s 5%: 0.10+0.70+0.10 ms clock, 1.7+0.73/0.75/0.002+1.7 ms cpu, 3->4->1 MB, 4 MB goal, 0 MB stacks, 0 MB globals, 16 P
gc 13444 @56.637s 5%: 0.11+0.57+0.12 ms clock, 1.8+0.75/0.86/0+2.0 ms cpu, 3->4->1 MB, 4 MB goal, 0 MB stacks, 0 MB globals, 16 P
gc 13445 @56.639s 5%: 0.12+0.64+0.11 ms clock, 1.9+0.61/0.96/0+1.8 ms cpu, 3->4->2 MB, 4 MB goal, 0 MB stacks, 0 MB globals, 16 P
gc 13446 @56.641s 5%: 0.16+0.61+0.11 ms clock, 2.5+0.78/0.88/0.005+1.8 ms cpu, 3->4->2 MB, 4 MB goal, 0 MB stacks, 0 MB globals, 16 P
gc 13447 @56.643s 5%: 0.13+0.60+0.085 ms clock, 2.1+0.71/0.82/0+1.3 ms cpu, 3->4->2 MB, 4 MB goal, 0 MB stacks, 0 MB globals, 16 P
gc 13448 @56.644s 5%: 0.11+0.55+0.10 ms clock, 1.8+0.74/0.78/0+1.6 ms cpu, 3->4->1 MB, 4 MB goal, 0 MB stacks, 0 MB globals, 16 P
gc 13449 @56.646s 5%: 0.13+0.62+0.10 ms clock, 2.1+0.68/0.79/0.001+1.6 ms cpu, 3->4->2 MB, 4 MB goal, 0 MB stacks, 0 MB globals, 16 P
gc 13450 @56.648s 5%: 0.12+0.57+0.11 ms clock, 1.9+0.65/0.89/0+1.8 ms cpu, 3->4->2 MB, 4 MB goal, 0 MB stacks, 0 MB globals, 16 P
gc 13451 @56.650s 5%: 0.15+0.65+0.080 ms clock, 2.4+0.67/0.87/0.004+1.2 ms cpu, 3->4->2 MB, 4 MB goal, 0 MB stacks, 0 MB globals, 16 P
gc 13452 @56.651s 5%: 0.13+0.48+0.11 ms clock, 2.2+0.66/0.80/0+1.8 ms cpu, 3->4->1 MB, 4 MB goal, 0 MB stacks, 0 MB globals, 16 P
gc 13453 @56.653s 5%: 0.11+0.51+0.13 ms clock, 1.8+0.53/0.82/0.012+2.1 ms cpu, 3->4->1 MB, 4 MB goal, 0 MB stacks, 0 MB globals, 16 P
gc 13454 @56.655s 5%: 0.10+0.60+0.12 ms clock, 1.7+0.59/0.82/0+1.9 ms cpu, 3->4->1 MB, 4 MB goal, 0 MB stacks, 0 MB globals, 16 P
gc 13455 @56.656s 5%: 0.11+0.85+0.10 ms clock, 1.8+0.64/0.87/0.006+1.6 ms cpu, 3->4->2 MB, 4 MB goal, 0 MB stacks, 0 MB globals, 16 P
gc 13456 @56.658s 5%: 0.16+0.57+0.11 ms clock, 2.6+0.59/0.79/0.055+1.8 ms cpu, 4->4->1 MB, 4 MB goal, 0 MB stacks, 0 MB globals, 16 P
gc 13457 @56.660s 5%: 0.15+0.47+0.12 ms clock, 2.5+0.72/0.87/0+1.9 ms cpu, 3->4->1 MB, 4 MB goal, 0 MB stacks, 0 MB globals, 16 P
gc 13458 @56.662s 5%: 0.15+0.49+0.13 ms clock, 2.4+0.55/0.74/0+2.1 ms cpu, 3->4->1 MB, 4 MB goal, 0 MB stacks, 0 MB globals, 16 P
gc 13459 @56.663s 5%: 0.14+0.55+0.084 ms clock, 2.3+0.65/0.76/0.003+1.3 ms cpu, 3->4->1 MB, 4 MB goal, 0 MB stacks, 0 MB globals, 16 P
gc 13460 @56.665s 5%: 0.11+0.52+0.10 ms clock, 1.8+0.73/0.81/0+1.7 ms cpu, 3->4->1 MB, 4 MB goal, 0 MB stacks, 0 MB globals, 16 P
gc 13461 @56.666s 5%: 0.12+0.52+0.15 ms clock, 1.9+0.41/0.73/0.061+2.5 ms cpu, 3->4->1 MB, 4 MB goal, 0 MB stacks, 0 MB globals, 16 P
gc 13462 @56.668s 5%: 0.17+0.61+0.12 ms clock, 2.8+0.77/0.73/0.13+1.9 ms cpu, 3->4->1 MB, 4 MB goal, 0 MB stacks, 0 MB globals, 16 P
gc 13463 @56.669s 5%: 0.12+0.64+0.13 ms clock, 2.0+0.63/0.96/0.003+2.1 ms cpu, 3->4->2 MB, 4 MB goal, 0 MB stacks, 0 MB globals, 16 P
gc 13464 @56.671s 5%: 0.16+0.65+0.087 ms clock, 2.5+0.41/0.96/0+1.4 ms cpu, 3->4->2 MB, 4 MB goal, 0 MB stacks, 0 MB globals, 16 P
gc 13465 @56.673s 5%: 0.16+0.50+0.076 ms clock, 2.5+0.43/0.82/0.001+1.2 ms cpu, 3->4->1 MB, 4 MB goal, 0 MB stacks, 0 MB globals, 16 P
gc 13466 @56.675s 5%: 0.11+0.70+0.050 ms clock, 1.8+0.60/0.70/0.009+0.80 ms cpu, 3->4->2 MB, 4 MB goal, 0 MB stacks, 0 MB globals, 16 P
gc 13467 @56.677s 5%: 0.11+0.52+0.090 ms clock, 1.8+0.66/0.80/0+1.4 ms cpu, 3->4->1 MB, 4 MB goal, 0 MB stacks, 0 MB globals, 16 P
gc 13468 @56.678s 5%: 0.11+0.56+0.13 ms clock, 1.8+0.54/0.75/0+2.1 ms cpu, 3->4->1 MB, 4 MB goal, 0 MB stacks, 0 MB globals, 16 P
gc 13469 @56.680s 5%: 0.13+0.62+0.099 ms clock, 2.1+0.66/0.92/0+1.5 ms cpu, 3->4->2 MB, 4 MB goal, 0 MB stacks, 0 MB globals, 16 P
gc 13470 @56.682s 5%: 0.11+0.57+0.097 ms clock, 1.8+0.51/0.78/0+1.5 ms cpu, 3->4->1 MB, 4 MB goal, 0 MB stacks, 0 MB globals, 16 P
gc 13471 @56.683s 5%: 0.15+0.62+0.12 ms clock, 2.4+0.54/0.81/0+1.9 ms cpu, 3->4->2 MB, 4 MB goal, 0 MB stacks, 0 MB globals, 16 P
gc 13472 @56.685s 5%: 0.13+0.62+0.13 ms clock, 2.1+0.59/0.98/0.001+2.0 ms cpu, 3->4->2 MB, 4 MB goal, 0 MB stacks, 0 MB globals, 16 P
gc 13473 @56.687s 5%: 0.10+0.55+0.074 ms clock, 1.7+0.66/0.85/0.001+1.1 ms cpu, 3->4->2 MB, 4 MB goal, 0 MB stacks, 0 MB globals, 16 P
gc 13474 @56.688s 5%: 0.15+0.64+0.10 ms clock, 2.4+0.59/0.93/0+1.6 ms cpu, 3->4->2 MB, 4 MB goal, 0 MB stacks, 0 MB globals, 16 P
gc 13475 @56.690s 5%: 0.12+0.50+0.17 ms clock, 2.0+0.71/0.84/0+2.7 ms cpu, 3->4->1 MB, 4 MB goal, 0 MB stacks, 0 MB globals, 16 P
gc 13476 @56.692s 5%: 0.16+0.68+0.12 ms clock, 2.6+0.82/0.88/0.011+1.9 ms cpu, 3->4->2 MB, 4 MB goal, 0 MB stacks, 0 MB globals, 16 P
gc 13477 @56.694s 5%: 0.11+0.63+0.098 ms clock, 1.8+0.55/0.99/0+1.5 ms cpu, 4->4->2 MB, 4 MB goal, 0 MB stacks, 0 MB globals, 16 P
gc 13478 @56.696s 5%: 0.10+0.64+0.089 ms clock, 1.7+0.47/0.87/0.001+1.4 ms cpu, 3->4->2 MB, 4 MB goal, 0 MB stacks, 0 MB globals, 16 P
gc 13479 @56.698s 5%: 0.14+0.77+0.037 ms clock, 2.2+0.73/0.95/0+0.60 ms cpu, 3->4->2 MB, 4 MB goal, 0 MB stacks, 0 MB globals, 16 P
gc 13480 @56.700s 5%: 0.10+0.85+0.088 ms clock, 1.7+0.53/0.96/0.077+1.4 ms cpu, 3->4->2 MB, 4 MB goal, 0 MB stacks, 0 MB globals, 16 P
gc 13481 @56.702s 5%: 0.13+0.59+0.12 ms clock, 2.2+0.47/0.83/0+2.0 ms cpu, 4->4->2 MB, 4 MB goal, 0 MB stacks, 0 MB globals, 16 P
gc 13482 @56.703s 5%: 0.14+0.86+0.11 ms clock, 2.2+0.73/0.77/0+1.8 ms cpu, 3->4->2 MB, 4 MB goal, 0 MB stacks, 0 MB globals, 16 P
gc 13483 @56.706s 5%: 0.11+0.58+0.18 ms clock, 1.8+0.67/0.80/0.001+2.8 ms cpu, 4->5->1 MB, 5 MB goal, 0 MB stacks, 0 MB globals, 16 P
gc 13484 @56.708s 5%: 0.12+0.49+0.19 ms clock, 1.9+0.75/0.77/0+3.1 ms cpu, 3->4->1 MB, 4 MB goal, 0 MB stacks, 0 MB globals, 16 P
gc 13485 @56.709s 5%: 0.14+0.52+0.091 ms clock, 2.2+0.45/0.90/0.004+1.4 ms cpu, 3->4->1 MB, 4 MB goal, 0 MB stacks, 0 MB globals, 16 P
gc 13486 @56.711s 5%: 0.13+0.60+0.065 ms clock, 2.2+0.64/0.76/0+1.0 ms cpu, 3->4->1 MB, 4 MB goal, 0 MB stacks, 0 MB globals, 16 P
gc 13487 @56.712s 5%: 0.17+0.77+0.097 ms clock, 2.7+0.56/0.91/0.018+1.5 ms cpu, 3->4->2 MB, 4 MB goal, 0 MB stacks, 0 MB globals, 16 P
gc 13488 @56.714s 5%: 0.18+0.64+0.14 ms clock, 2.9+0.66/0.72/0+2.3 ms cpu, 3->4->2 MB, 4 MB goal, 0 MB stacks, 0 MB globals, 16 P
gc 13489 @56.716s 5%: 0.10+0.60+0.15 ms clock, 1.6+0.49/0.92/0+2.4 ms cpu, 3->4->2 MB, 4 MB goal, 0 MB stacks, 0 MB globals, 16 P
gc 13490 @56.718s 5%: 0.15+0.61+0.065 ms clock, 2.4+0.46/0.87/0+1.0 ms cpu, 3->4->2 MB, 4 MB goal, 0 MB stacks, 0 MB globals, 16 P
gc 13491 @56.720s 5%: 0.076+0.73+0.10 ms clock, 1.2+0.48/0.87/0+1.6 ms cpu, 3->4->2 MB, 4 MB goal, 0 MB stacks, 0 MB globals, 16 P
gc 13492 @56.722s 5%: 0.12+0.66+0.15 ms clock, 2.0+0.70/0.95/0+2.4 ms cpu, 3->4->2 MB, 4 MB goal, 0 MB stacks, 0 MB globals, 16 P
gc 13493 @56.723s 5%: 0.18+0.60+0.077 ms clock, 3.0+0.70/0.81/0+1.2 ms cpu, 3->4->2 MB, 4 MB goal, 0 MB stacks, 0 MB globals, 16 P
gc 13494 @56.725s 5%: 0.16+0.64+0.10 ms clock, 2.5+0.59/0.80/0+1.6 ms cpu, 3->4->2 MB, 4 MB goal, 0 MB stacks, 0 MB globals, 16 P
gc 13495 @56.727s 5%: 0.11+0.45+0.17 ms clock, 1.8+0.61/0.83/0+2.7 ms cpu, 3->4->1 MB, 4 MB goal, 0 MB stacks, 0 MB globals, 16 P
gc 13496 @56.729s 5%: 0.11+0.47+0.059 ms clock, 1.8+0.46/0.89/0+0.95 ms cpu, 3->3->1 MB, 4 MB goal, 0 MB stacks, 0 MB globals, 16 P
gc 13497 @56.730s 5%: 0.12+0.65+0.076 ms clock, 1.9+0.64/0.81/0+1.2 ms cpu, 3->4->2 MB, 4 MB goal, 0 MB stacks, 0 MB globals, 16 P
gc 13498 @56.732s 5%: 0.095+0.62+0.11 ms clock, 1.5+0.76/0.75/0+1.7 ms cpu, 3->4->1 MB, 4 MB goal, 0 MB stacks, 0 MB globals, 16 P
gc 13499 @56.733s 5%: 0.11+0.74+0.079 ms clock, 1.9+0.52/0.90/0.005+1.2 ms cpu, 3->4->2 MB, 4 MB goal, 0 MB stacks, 0 MB globals, 16 P
gc 13500 @56.735s 5%: 0.13+0.68+0.080 ms clock, 2.1+0.47/0.94/0+1.2 ms cpu, 3->4->2 MB, 4 MB goal, 0 MB stacks, 0 MB globals, 16 P
gc 13501 @56.737s 5%: 0.19+0.62+0.059 ms clock, 3.1+0.61/0.84/0.053+0.94 ms cpu, 3->4->2 MB, 4 MB goal, 0 MB stacks, 0 MB globals, 16 P
gc 13502 @56.739s 5%: 0.096+0.57+0.097 ms clock, 1.5+0.56/0.80/0.023+1.5 ms cpu, 3->4->1 MB, 4 MB goal, 0 MB stacks, 0 MB globals, 16 P
gc 13503 @56.741s 5%: 0.10+0.50+0.12 ms clock, 1.6+0.55/0.69/0.036+2.0 ms cpu, 3->4->1 MB, 4 MB goal, 0 MB stacks, 0 MB globals, 16 P
gc 13504 @56.742s 5%: 0.12+0.59+0.10 ms clock, 2.0+0.56/0.80/0.023+1.6 ms cpu, 3->4->1 MB, 4 MB goal, 0 MB stacks, 0 MB globals, 16 P
gc 13505 @56.744s 5%: 0.11+0.51+0.12 ms clock, 1.9+0.64/0.86/0+2.0 ms cpu, 3->4->1 MB, 4 MB goal, 0 MB stacks, 0 MB globals, 16 P
gc 13506 @56.745s 5%: 0.10+0.62+0.072 ms clock, 1.7+0.52/0.83/0+1.1 ms cpu, 3->4->1 MB, 4 MB goal, 0 MB stacks, 0 MB globals, 16 P
gc 13507 @56.747s 5%: 0.15+0.49+0.12 ms clock, 2.4+0.54/0.80/0+2.0 ms cpu, 3->4->1 MB, 4 MB goal, 0 MB stacks, 0 MB globals, 16 P
gc 13508 @56.749s 5%: 0.11+0.58+0.11 ms clock, 1.8+0.67/0.80/0.026+1.8 ms cpu, 3->4->1 MB, 4 MB goal, 0 MB stacks, 0 MB globals, 16 P
gc 13509 @56.750s 5%: 0.11+0.71+0.16 ms clock, 1.8+0.65/0.94/0+2.6 ms cpu, 3->4->2 MB, 4 MB goal, 0 MB stacks, 0 MB globals, 16 P
gc 13510 @56.752s 5%: 0.11+0.60+0.15 ms clock, 1.8+0.64/0.87/0+2.4 ms cpu, 3->4->2 MB, 4 MB goal, 0 MB stacks, 0 MB globals, 16 P
gc 13511 @56.754s 5%: 0.13+0.56+0.17 ms clock, 2.0+0.72/0.65/0+2.8 ms cpu, 3->4->1 MB, 4 MB goal, 0 MB stacks, 0 MB globals, 16 P
gc 13512 @56.756s 5%: 0.16+0.70+0.086 ms clock, 2.5+0.49/0.98/0.001+1.3 ms cpu, 3->4->2 MB, 4 MB goal, 0 MB stacks, 0 MB globals, 16 P
gc 13513 @56.758s 5%: 0.13+0.51+0.19 ms clock, 2.1+0.59/0.79/0+3.0 ms cpu, 3->4->1 MB, 4 MB goal, 0 MB stacks, 0 MB globals, 16 P
gc 13514 @56.759s 5%: 0.16+0.48+0.11 ms clock, 2.6+0.59/0.88/0+1.7 ms cpu, 3->4->1 MB, 4 MB goal, 0 MB stacks, 0 MB globals, 16 P
gc 13515 @56.761s 5%: 0.10+0.53+0.11 ms clock, 1.6+0.51/0.90/0.004+1.8 ms cpu, 3->4->1 MB, 4 MB goal, 0 MB stacks, 0 MB globals, 16 P
gc 13516 @56.763s 5%: 0.13+0.62+0.087 ms clock, 2.1+0.62/0.76/0+1.3 ms cpu, 3->4->2 MB, 4 MB goal, 0 MB stacks, 0 MB globals, 16 P
gc 13517 @56.764s 5%: 0.13+0.60+0.086 ms clock, 2.1+0.56/0.90/0.021+1.3 ms cpu, 3->4->2 MB, 4 MB goal, 0 MB stacks, 0 MB globals, 16 P
gc 13518 @56.766s 5%: 0.13+0.72+0.10 ms clock, 2.2+0.66/0.91/0.011+1.6 ms cpu, 3->4->2 MB, 4 MB goal, 0 MB stacks, 0 MB globals, 16 P
gc 13519 @56.768s 5%: 0.10+0.49+0.11 ms clock, 1.6+0.51/0.81/0.001+1.7 ms cpu, 3->4->1 MB, 4 MB goal, 0 MB stacks, 0 MB globals, 16 P
gc 13520 @56.770s 5%: 0.11+0.49+0.13 ms clock, 1.8+0.58/0.86/0+2.1 ms cpu, 3->4->1 MB, 4 MB goal, 0 MB stacks, 0 MB globals, 16 P
gc 13521 @56.771s 5%: 0.17+0.63+0.10 ms clock, 2.8+0.57/0.82/0+1.6 ms cpu, 3->4->2 MB, 4 MB goal, 0 MB stacks, 0 MB globals, 16 P
gc 13522 @56.773s 5%: 0.12+0.62+0.095 ms clock, 2.0+0.62/0.91/0+1.5 ms cpu, 3->4->1 MB, 4 MB goal, 0 MB stacks, 0 MB globals, 16 P
gc 13523 @56.775s 5%: 0.12+0.81+0.064 ms clock, 1.9+0.55/0.97/0.001+1.0 ms cpu, 3->4->2 MB, 4 MB goal, 0 MB stacks, 0 MB globals, 16 P
gc 13524 @56.777s 5%: 0.086+0.49+0.17 ms clock, 1.3+0.63/0.74/0+2.7 ms cpu, 3->4->1 MB, 4 MB goal, 0 MB stacks, 0 MB globals, 16 P
gc 13525 @56.778s 5%: 0.11+0.50+0.11 ms clock, 1.8+0.55/0.76/0.011+1.8 ms cpu, 3->4->1 MB, 4 MB goal, 0 MB stacks, 0 MB globals, 16 P
gc 13526 @56.780s 5%: 0.12+0.59+0.077 ms clock, 1.9+0.55/0.87/0.035+1.2 ms cpu, 3->4->1 MB, 4 MB goal, 0 MB stacks, 0 MB globals, 16 P
gc 13527 @56.782s 5%: 0.19+0.54+0.12 ms clock, 3.0+0.66/0.89/0+2.0 ms cpu, 3->4->2 MB, 4 MB goal, 0 MB stacks, 0 MB globals, 16 P
gc 13528 @56.783s 5%: 0.10+0.44+0.15 ms clock, 1.6+0.59/0.89/0+2.5 ms cpu, 3->4->1 MB, 4 MB goal, 0 MB stacks, 0 MB globals, 16 P
gc 13529 @56.785s 5%: 0.11+0.54+0.092 ms clock, 1.7+0.55/0.80/0.002+1.4 ms cpu, 3->4->1 MB, 4 MB goal, 0 MB stacks, 0 MB globals, 16 P
gc 13530 @56.786s 5%: 0.12+0.48+0.11 ms clock, 1.9+0.56/0.71/0.083+1.8 ms cpu, 3->4->1 MB, 4 MB goal, 0 MB stacks, 0 MB globals, 16 P
gc 13531 @56.788s 5%: 0.11+0.46+0.11 ms clock, 1.8+0.75/0.76/0+1.8 ms cpu, 3->4->1 MB, 4 MB goal, 0 MB stacks, 0 MB globals, 16 P
gc 13532 @56.789s 5%: 0.11+0.49+0.092 ms clock, 1.7+0.54/0.75/0+1.4 ms cpu, 3->4->1 MB, 4 MB goal, 0 MB stacks, 0 MB globals, 16 P
gc 13533 @56.791s 5%: 0.15+0.79+0.17 ms clock, 2.4+0.64/0.79/0+2.7 ms cpu, 3->4->2 MB, 4 MB goal, 0 MB stacks, 0 MB globals, 16 P
gc 13534 @56.793s 5%: 0.12+0.55+0.085 ms clock, 2.0+0.64/0.97/0+1.3 ms cpu, 4->4->2 MB, 4 MB goal, 0 MB stacks, 0 MB globals, 16 P
gc 13535 @56.795s 5%: 0.12+0.51+0.11 ms clock, 2.0+0.60/0.76/0+1.7 ms cpu, 3->4->1 MB, 4 MB goal, 0 MB stacks, 0 MB globals, 16 P
gc 13536 @56.796s 5%: 0.10+0.56+0.11 ms clock, 1.6+0.70/0.70/0+1.8 ms cpu, 3->4->2 MB, 4 MB goal, 0 MB stacks, 0 MB globals, 16 P
gc 13537 @56.798s 5%: 0.11+0.55+0.11 ms clock, 1.7+0.61/0.90/0+1.9 ms cpu, 3->4->1 MB, 4 MB goal, 0 MB stacks, 0 MB globals, 16 P
gc 13538 @56.800s 5%: 0.14+0.59+0.082 ms clock, 2.2+0.52/0.98/0.004+1.3 ms cpu, 3->4->1 MB, 4 MB goal, 0 MB stacks, 0 MB globals, 16 P
gc 13539 @56.802s 5%: 0.11+0.49+0.16 ms clock, 1.8+0.60/0.88/0+2.6 ms cpu, 3->4->1 MB, 4 MB goal, 0 MB stacks, 0 MB globals, 16 P
gc 13540 @56.803s 5%: 0.12+0.53+0.12 ms clock, 1.9+0.41/0.93/0.027+2.0 ms cpu, 3->4->1 MB, 4 MB goal, 0 MB stacks, 0 MB globals, 16 P
gc 13541 @56.805s 5%: 0.15+0.49+0.16 ms clock, 2.4+0.67/0.86/0.003+2.6 ms cpu, 3->4->1 MB, 4 MB goal, 0 MB stacks, 0 MB globals, 16 P
gc 13542 @56.806s 5%: 0.13+0.48+0.090 ms clock, 2.2+0.52/0.73/0+1.4 ms cpu, 3->4->1 MB, 4 MB goal, 0 MB stacks, 0 MB globals, 16 P
gc 13543 @56.808s 5%: 0.097+0.54+0.067 ms clock, 1.5+0.66/0.88/0+1.0 ms cpu, 3->4->1 MB, 4 MB goal, 0 MB stacks, 0 MB globals, 16 P
gc 13544 @56.809s 5%: 0.15+0.59+0.11 ms clock, 2.5+0.59/0.81/0+1.8 ms cpu, 3->4->2 MB, 4 MB goal, 0 MB stacks, 0 MB globals, 16 P
gc 13545 @56.811s 5%: 0.15+0.61+0.13 ms clock, 2.4+0.56/0.88/0.004+2.1 ms cpu, 3->4->2 MB, 4 MB goal, 0 MB stacks, 0 MB globals, 16 P
gc 13546 @56.813s 5%: 0.096+0.60+0.10 ms clock, 1.5+0.56/0.87/0.002+1.7 ms cpu, 3->4->1 MB, 4 MB goal, 0 MB stacks, 0 MB globals, 16 P
gc 13547 @56.815s 5%: 0.12+0.48+0.14 ms clock, 1.9+0.67/0.78/0+2.3 ms cpu, 3->4->1 MB, 4 MB goal, 0 MB stacks, 0 MB globals, 16 P
gc 13548 @56.816s 5%: 0.12+0.49+0.13 ms clock, 1.9+0.70/0.88/0.002+2.2 ms cpu, 3->4->1 MB, 4 MB goal, 0 MB stacks, 0 MB globals, 16 P
gc 13549 @56.818s 5%: 0.14+0.46+0.13 ms clock, 2.3+0.49/0.82/0+2.1 ms cpu, 3->4->1 MB, 4 MB goal, 0 MB stacks, 0 MB globals, 16 P
gc 13550 @56.819s 5%: 0.12+0.53+0.13 ms clock, 2.0+0.72/0.76/0.004+2.2 ms cpu, 3->4->1 MB, 4 MB goal, 0 MB stacks, 0 MB globals, 16 P
gc 13551 @56.821s 5%: 0.11+0.54+0.12 ms clock, 1.7+0.45/0.79/0+1.9 ms cpu, 3->4->1 MB, 4 MB goal, 0 MB stacks, 0 MB globals, 16 P
gc 13552 @56.823s 5%: 0.093+0.64+0.089 ms clock, 1.5+0.39/0.89/0+1.4 ms cpu, 3->4->2 MB, 4 MB goal, 0 MB stacks, 0 MB globals, 16 P
gc 13553 @56.824s 5%: 0.12+0.52+0.10 ms clock, 1.9+0.74/0.84/0+1.7 ms cpu, 3->4->1 MB, 4 MB goal, 0 MB stacks, 0 MB globals, 16 P
gc 13554 @56.826s 5%: 0.11+0.51+0.091 ms clock, 1.8+0.53/0.78/0+1.4 ms cpu, 3->4->1 MB, 4 MB goal, 0 MB stacks, 0 MB globals, 16 P
gc 13555 @56.828s 5%: 0.11+0.58+0.12 ms clock, 1.8+0.71/0.75/0+2.0 ms cpu, 3->4->2 MB, 4 MB goal, 0 MB stacks, 0 MB globals, 16 P
gc 13556 @56.829s 5%: 0.12+0.64+0.12 ms clock, 1.9+0.53/0.75/0.007+1.9 ms cpu, 3->4->2 MB, 4 MB goal, 0 MB stacks, 0 MB globals, 16 P
gc 13557 @56.831s 5%: 0.12+0.42+0.10 ms clock, 2.0+0.55/0.77/0+1.6 ms cpu, 3->4->1 MB, 4 MB goal, 0 MB stacks, 0 MB globals, 16 P
gc 13558 @56.833s 5%: 0.10+0.54+0.16 ms clock, 1.7+0.77/0.71/0+2.7 ms cpu, 3->4->1 MB, 4 MB goal, 0 MB stacks, 0 MB globals, 16 P
gc 13559 @56.834s 5%: 0.17+0.71+0.089 ms clock, 2.8+0.53/0.87/0.007+1.4 ms cpu, 3->4->2 MB, 4 MB goal, 0 MB stacks, 0 MB globals, 16 P
gc 13560 @56.836s 5%: 0.10+0.62+0.096 ms clock, 1.7+0.47/0.86/0.005+1.5 ms cpu, 3->4->2 MB, 4 MB goal, 0 MB stacks, 0 MB globals, 16 P
gc 13561 @56.838s 5%: 0.10+0.43+0.14 ms clock, 1.6+0.59/0.81/0.009+2.3 ms cpu, 3->4->1 MB, 4 MB goal, 0 MB stacks, 0 MB globals, 16 P
gc 13562 @56.839s 5%: 0.11+0.73+0.10 ms clock, 1.8+0.68/0.98/0+1.7 ms cpu, 3->4->2 MB, 4 MB goal, 0 MB stacks, 0 MB globals, 16 P
gc 13563 @56.841s 5%: 0.14+0.60+0.081 ms clock, 2.3+0.67/0.79/0+1.2 ms cpu, 3->4->2 MB, 4 MB goal, 0 MB stacks, 0 MB globals, 16 P
gc 13564 @56.843s 5%: 0.12+0.51+0.12 ms clock, 2.0+0.72/0.73/0+2.0 ms cpu, 3->4->2 MB, 4 MB goal, 0 MB stacks, 0 MB globals, 16 P
gc 13565 @56.845s 5%: 0.11+0.40+0.17 ms clock, 1.9+0.62/0.73/0+2.7 ms cpu, 3->4->1 MB, 4 MB goal, 0 MB stacks, 0 MB globals, 16 P
gc 13566 @56.846s 5%: 0.12+0.60+0.095 ms clock, 2.0+0.65/0.79/0+1.5 ms cpu, 3->4->1 MB, 4 MB goal, 0 MB stacks, 0 MB globals, 16 P
gc 13567 @56.848s 5%: 0.12+0.55+0.11 ms clock, 1.9+0.70/0.82/0.002+1.8 ms cpu, 3->4->2 MB, 4 MB goal, 0 MB stacks, 0 MB globals, 16 P
gc 13568 @56.850s 5%: 0.20+0.44+0.13 ms clock, 3.3+0.60/0.80/0.030+2.1 ms cpu, 3->4->1 MB, 4 MB goal, 0 MB stacks, 0 MB globals, 16 P
gc 13569 @56.851s 5%: 0.12+0.58+0.089 ms clock, 1.9+0.52/0.76/0+1.4 ms cpu, 3->4->1 MB, 4 MB goal, 0 MB stacks, 0 MB globals, 16 P
gc 13570 @56.853s 5%: 0.13+0.54+0.16 ms clock, 2.1+0.58/0.83/0+2.7 ms cpu, 3->4->1 MB, 4 MB goal, 0 MB stacks, 0 MB globals, 16 P
gc 13571 @56.854s 5%: 0.11+0.56+0.12 ms clock, 1.8+0.69/0.89/0+2.0 ms cpu, 3->4->1 MB, 4 MB goal, 0 MB stacks, 0 MB globals, 16 P
gc 13572 @56.856s 5%: 0.16+0.46+0.12 ms clock, 2.6+0.55/0.74/0.059+1.9 ms cpu, 3->4->1 MB, 4 MB goal, 0 MB stacks, 0 MB globals, 16 P
gc 13573 @56.857s 5%: 0.13+0.79+0.081 ms clock, 2.1+0.69/0.80/0+1.3 ms cpu, 3->4->2 MB, 4 MB goal, 0 MB stacks, 0 MB globals, 16 P
gc 13574 @56.860s 5%: 0.11+0.66+0.088 ms clock, 1.8+0.58/0.76/0+1.4 ms cpu, 4->4->1 MB, 4 MB goal, 0 MB stacks, 0 MB globals, 16 P
gc 13575 @56.861s 5%: 0.10+0.51+0.11 ms clock, 1.6+0.46/0.87/0.002+1.8 ms cpu, 3->4->1 MB, 4 MB goal, 0 MB stacks, 0 MB globals, 16 P
gc 13576 @56.863s 5%: 0.17+0.60+0.10 ms clock, 2.7+0.61/0.91/0+1.6 ms cpu, 3->4->2 MB, 4 MB goal, 0 MB stacks, 0 MB globals, 16 P
gc 13577 @56.865s 5%: 0.097+0.53+0.088 ms clock, 1.5+0.49/0.92/0.071+1.4 ms cpu, 3->4->1 MB, 4 MB goal, 0 MB stacks, 0 MB globals, 16 P
gc 13578 @56.866s 5%: 0.11+0.64+0.16 ms clock, 1.8+0.54/0.91/0.017+2.6 ms cpu, 3->4->2 MB, 4 MB goal, 0 MB stacks, 0 MB globals, 16 P
gc 13579 @56.868s 5%: 0.10+0.56+0.098 ms clock, 1.6+0.42/0.78/0.030+1.5 ms cpu, 3->4->1 MB, 4 MB goal, 0 MB stacks, 0 MB globals, 16 P
gc 13580 @56.869s 5%: 0.18+0.62+0.15 ms clock, 2.9+0.64/0.90/0+2.4 ms cpu, 3->4->2 MB, 4 MB goal, 0 MB stacks, 0 MB globals, 16 P
gc 13581 @56.871s 5%: 0.10+0.60+0.094 ms clock, 1.6+0.47/0.93/0.018+1.5 ms cpu, 4->4->1 MB, 4 MB goal, 0 MB stacks, 0 MB globals, 16 P
gc 13582 @56.873s 5%: 0.097+0.60+0.099 ms clock, 1.5+0.53/0.87/0.067+1.5 ms cpu, 3->4->1 MB, 4 MB goal, 0 MB stacks, 0 MB globals, 16 P
gc 13583 @56.875s 5%: 0.14+0.52+0.15 ms clock, 2.2+0.53/0.77/0+2.5 ms cpu, 3->4->1 MB, 4 MB goal, 0 MB stacks, 0 MB globals, 16 P
gc 13584 @56.876s 5%: 0.12+0.59+0.10 ms clock, 1.9+0.75/0.86/0+1.6 ms cpu, 3->4->2 MB, 4 MB goal, 0 MB stacks, 0 MB globals, 16 P
gc 13585 @56.878s 5%: 0.12+0.54+0.14 ms clock, 1.9+0.58/0.81/0+2.3 ms cpu, 3->4->1 MB, 4 MB goal, 0 MB stacks, 0 MB globals, 16 P
gc 13586 @56.880s 5%: 0.12+0.63+0.10 ms clock, 1.9+0.52/0.88/0.005+1.6 ms cpu, 3->4->2 MB, 4 MB goal, 0 MB stacks, 0 MB globals, 16 P
gc 13587 @56.882s 5%: 0.11+0.60+0.055 ms clock, 1.9+0.55/0.86/0+0.88 ms cpu, 3->4->1 MB, 4 MB goal, 0 MB stacks, 0 MB globals, 16 P
gc 13588 @56.883s 5%: 0.11+0.55+0.12 ms clock, 1.8+0.62/0.77/0.009+1.9 ms cpu, 3->4->2 MB, 4 MB goal, 0 MB stacks, 0 MB globals, 16 P
gc 13589 @56.885s 5%: 0.14+0.62+0.096 ms clock, 2.2+0.57/0.85/0+1.5 ms cpu, 3->4->2 MB, 4 MB goal, 0 MB stacks, 0 MB globals, 16 P
gc 13590 @56.887s 5%: 0.14+0.73+0.11 ms clock, 2.3+0.45/0.83/0.014+1.8 ms cpu, 3->4->2 MB, 4 MB goal, 0 MB stacks, 0 MB globals, 16 P
gc 13591 @56.889s 5%: 0.14+0.59+0.085 ms clock, 2.3+0.61/0.80/0+1.3 ms cpu, 3->4->1 MB, 4 MB goal, 0 MB stacks, 0 MB globals, 16 P
gc 13592 @56.890s 5%: 0.12+0.63+0.12 ms clock, 1.9+0.58/0.91/0.017+2.0 ms cpu, 3->4->2 MB, 4 MB goal, 0 MB stacks, 0 MB globals, 16 P
gc 13593 @56.892s 5%: 0.15+0.57+0.091 ms clock, 2.4+0.56/0.77/0+1.4 ms cpu, 3->4->1 MB, 4 MB goal, 0 MB stacks, 0 MB globals, 16 P
gc 13594 @56.894s 5%: 0.12+0.50+0.099 ms clock, 1.9+0.70/0.77/0+1.5 ms cpu, 3->4->1 MB, 4 MB goal, 0 MB stacks, 0 MB globals, 16 P
gc 13595 @56.895s 5%: 0.14+0.66+0.13 ms clock, 2.3+0.59/0.73/0+2.0 ms cpu, 3->4->2 MB, 4 MB goal, 0 MB stacks, 0 MB globals, 16 P
gc 13596 @56.897s 5%: 0.11+0.74+0.11 ms clock, 1.7+0.57/0.89/0+1.8 ms cpu, 3->4->2 MB, 4 MB goal, 0 MB stacks, 0 MB globals, 16 P
gc 13597 @56.899s 5%: 0.096+0.84+0.10 ms clock, 1.5+0.52/0.87/0+1.6 ms cpu, 3->4->2 MB, 4 MB goal, 0 MB stacks, 0 MB globals, 16 P
gc 13598 @56.901s 5%: 0.12+0.55+0.12 ms clock, 1.9+0.50/0.91/0+2.0 ms cpu, 4->4->1 MB, 4 MB goal, 0 MB stacks, 0 MB globals, 16 P
gc 13599 @56.903s 5%: 0.15+0.51+0.13 ms clock, 2.4+0.61/0.81/0.008+2.1 ms cpu, 3->4->2 MB, 4 MB goal, 0 MB stacks, 0 MB globals, 16 P
gc 13600 @56.904s 5%: 0.14+0.52+0.13 ms clock, 2.2+0.64/0.76/0+2.2 ms cpu, 3->4->1 MB, 4 MB goal, 0 MB stacks, 0 MB globals, 16 P
gc 13601 @56.906s 5%: 0.088+0.56+0.15 ms clock, 1.4+0.69/0.74/0+2.5 ms cpu, 3->4->1 MB, 4 MB goal, 0 MB stacks, 0 MB globals, 16 P
gc 13602 @56.907s 5%: 0.10+0.56+0.13 ms clock, 1.6+0.58/0.82/0+2.1 ms cpu, 3->4->1 MB, 4 MB goal, 0 MB stacks, 0 MB globals, 16 P
gc 13603 @56.909s 5%: 0.16+0.47+0.12 ms clock, 2.6+0.54/0.79/0+2.0 ms cpu, 3->4->1 MB, 4 MB goal, 0 MB stacks, 0 MB globals, 16 P
gc 13604 @56.911s 5%: 0.13+0.50+0.12 ms clock, 2.2+0.66/0.79/0+1.9 ms cpu, 3->4->1 MB, 4 MB goal, 0 MB stacks, 0 MB globals, 16 P
gc 13605 @56.912s 5%: 0.19+0.57+0.072 ms clock, 3.0+0.56/0.91/0+1.1 ms cpu, 3->4->2 MB, 4 MB goal, 0 MB stacks, 0 MB globals, 16 P
gc 13606 @56.914s 5%: 0.12+0.50+0.12 ms clock, 2.0+0.54/0.82/0.017+2.0 ms cpu, 3->4->1 MB, 4 MB goal, 0 MB stacks, 0 MB globals, 16 P
gc 13607 @56.916s 5%: 0.062+0.62+0.092 ms clock, 1.0+0.56/1.0/0.035+1.4 ms cpu, 3->4->1 MB, 4 MB goal, 0 MB stacks, 0 MB globals, 16 P
gc 13608 @56.917s 5%: 0.14+0.62+0.093 ms clock, 2.3+0.51/0.86/0.016+1.5 ms cpu, 3->4->2 MB, 4 MB goal, 0 MB stacks, 0 MB globals, 16 P
gc 13609 @56.919s 5%: 0.13+0.46+0.12 ms clock, 2.1+0.53/0.86/0+1.9 ms cpu, 3->4->1 MB, 4 MB goal, 0 MB stacks, 0 MB globals, 16 P
gc 13610 @56.921s 5%: 0.11+0.46+0.11 ms clock, 1.8+0.55/0.82/0+1.7 ms cpu, 3->4->1 MB, 4 MB goal, 0 MB stacks, 0 MB globals, 16 P
gc 13611 @56.922s 5%: 0.18+0.58+0.078 ms clock, 2.9+0.70/0.81/0+1.2 ms cpu, 3->4->2 MB, 4 MB goal, 0 MB stacks, 0 MB globals, 16 P
gc 13612 @56.924s 5%: 0.15+0.52+0.13 ms clock, 2.5+0.61/0.90/0+2.1 ms cpu, 3->4->1 MB, 4 MB goal, 0 MB stacks, 0 MB globals, 16 P
gc 13613 @56.926s 5%: 0.11+0.56+0.12 ms clock, 1.7+0.73/0.86/0.019+1.9 ms cpu, 3->4->2 MB, 4 MB goal, 0 MB stacks, 0 MB globals, 16 P
gc 13614 @56.927s 5%: 0.10+0.73+0.10 ms clock, 1.7+0.44/0.80/0+1.6 ms cpu, 3->4->2 MB, 4 MB goal, 0 MB stacks, 0 MB globals, 16 P
gc 13615 @56.929s 5%: 0.16+0.73+0.11 ms clock, 2.6+0.64/0.78/0+1.7 ms cpu, 3->4->2 MB, 4 MB goal, 0 MB stacks, 0 MB globals, 16 P
gc 13616 @56.931s 5%: 0.12+0.58+0.13 ms clock, 2.0+0.61/0.74/0+2.1 ms cpu, 3->4->1 MB, 4 MB goal, 0 MB stacks, 0 MB globals, 16 P
gc 13617 @56.933s 5%: 0.12+0.60+0.19 ms clock, 1.9+0.59/0.83/0.003+3.1 ms cpu, 3->4->2 MB, 4 MB goal, 0 MB stacks, 0 MB globals, 16 P
gc 13618 @56.935s 5%: 0.13+0.53+0.14 ms clock, 2.1+0.65/0.78/0+2.3 ms cpu, 3->4->1 MB, 4 MB goal, 0 MB stacks, 0 MB globals, 16 P
gc 13619 @56.936s 5%: 0.12+0.48+0.12 ms clock, 1.9+0.58/0.76/0.012+1.9 ms cpu, 3->4->1 MB, 4 MB goal, 0 MB stacks, 0 MB globals, 16 P
gc 13620 @56.938s 5%: 0.13+0.59+0.080 ms clock, 2.1+0.50/0.94/0.003+1.2 ms cpu, 3->4->1 MB, 4 MB goal, 0 MB stacks, 0 MB globals, 16 P
gc 13621 @56.939s 5%: 0.11+0.56+0.14 ms clock, 1.9+0.62/0.71/0.036+2.3 ms cpu, 3->4->1 MB, 4 MB goal, 0 MB stacks, 0 MB globals, 16 P
gc 13622 @56.941s 5%: 0.11+0.62+0.10 ms clock, 1.8+0.73/0.80/0.030+1.6 ms cpu, 3->4->2 MB, 4 MB goal, 0 MB stacks, 0 MB globals, 16 P
gc 13623 @56.943s 5%: 0.11+0.73+0.11 ms clock, 1.8+0.54/0.85/0+1.7 ms cpu, 3->4->2 MB, 4 MB goal, 0 MB stacks, 0 MB globals, 16 P
gc 13624 @56.945s 5%: 0.14+0.66+0.10 ms clock, 2.2+0.73/0.77/0+1.7 ms cpu, 3->4->2 MB, 4 MB goal, 0 MB stacks, 0 MB globals, 16 P
gc 13625 @56.947s 5%: 0.13+0.59+0.11 ms clock, 2.1+0.52/0.79/0+1.7 ms cpu, 3->4->1 MB, 4 MB goal, 0 MB stacks, 0 MB globals, 16 P
gc 13626 @56.948s 5%: 0.11+0.55+0.11 ms clock, 1.8+0.54/0.73/0+1.9 ms cpu, 3->4->1 MB, 4 MB goal, 0 MB stacks, 0 MB globals, 16 P
gc 13627 @56.950s 5%: 0.15+0.67+0.092 ms clock, 2.5+0.57/0.81/0.015+1.4 ms cpu, 3->4->2 MB, 4 MB goal, 0 MB stacks, 0 MB globals, 16 P
gc 13628 @56.952s 5%: 0.13+0.85+0.089 ms clock, 2.2+0.67/0.86/0+1.4 ms cpu, 3->4->2 MB, 4 MB goal, 0 MB stacks, 0 MB globals, 16 P
gc 13629 @56.954s 5%: 0.12+0.58+0.059 ms clock, 1.9+0.59/0.86/0.039+0.95 ms cpu, 4->4->2 MB, 4 MB goal, 0 MB stacks, 0 MB globals, 16 P
gc 13630 @56.956s 5%: 0.16+0.60+0.092 ms clock, 2.6+0.60/0.92/0+1.4 ms cpu, 3->4->2 MB, 4 MB goal, 0 MB stacks, 0 MB globals, 16 P
gc 13631 @56.958s 5%: 0.10+0.60+0.085 ms clock, 1.7+0.61/0.80/0.025+1.3 ms cpu, 3->4->1 MB, 4 MB goal, 0 MB stacks, 0 MB globals, 16 P
gc 13632 @56.959s 5%: 0.14+0.54+0.13 ms clock, 2.3+0.64/0.80/0+2.2 ms cpu, 3->4->1 MB, 4 MB goal, 0 MB stacks, 0 MB globals, 16 P
gc 13633 @56.961s 5%: 0.14+0.64+0.087 ms clock, 2.3+0.45/0.83/0.070+1.3 ms cpu, 3->4->1 MB, 4 MB goal, 0 MB stacks, 0 MB globals, 16 P
gc 13634 @56.963s 5%: 0.11+0.52+0.12 ms clock, 1.9+0.62/0.83/0.008+1.9 ms cpu, 3->4->1 MB, 4 MB goal, 0 MB stacks, 0 MB globals, 16 P
gc 13635 @56.964s 5%: 0.13+0.47+0.10 ms clock, 2.1+0.55/0.79/0.001+1.6 ms cpu, 3->4->1 MB, 4 MB goal, 0 MB stacks, 0 MB globals, 16 P
gc 13636 @56.966s 5%: 0.14+0.56+0.15 ms clock, 2.2+0.59/0.85/0+2.5 ms cpu, 3->4->1 MB, 4 MB goal, 0 MB stacks, 0 MB globals, 16 P
gc 13637 @56.967s 5%: 0.10+0.52+0.12 ms clock, 1.6+0.47/0.86/0+2.0 ms cpu, 3->4->1 MB, 4 MB goal, 0 MB stacks, 0 MB globals, 16 P
gc 13638 @56.969s 5%: 0.11+0.65+0.089 ms clock, 1.7+0.48/0.86/0.032+1.4 ms cpu, 3->4->2 MB, 4 MB goal, 0 MB stacks, 0 MB globals, 16 P
gc 13639 @56.971s 5%: 0.10+0.45+0.12 ms clock, 1.7+0.51/0.91/0.004+1.9 ms cpu, 3->4->1 MB, 4 MB goal, 0 MB stacks, 0 MB globals, 16 P
gc 13640 @56.972s 5%: 0.17+0.64+0.089 ms clock, 2.8+0.64/0.80/0+1.4 ms cpu, 3->4->2 MB, 4 MB goal, 0 MB stacks, 0 MB globals, 16 P
gc 13641 @56.974s 5%: 0.13+0.88+0.081 ms clock, 2.1+0.71/0.80/0+1.3 ms cpu, 3->4->2 MB, 4 MB goal, 0 MB stacks, 0 MB globals, 16 P
gc 13642 @56.976s 5%: 0.11+0.55+0.13 ms clock, 1.8+0.65/0.84/0.026+2.2 ms cpu, 4->4->1 MB, 4 MB goal, 0 MB stacks, 0 MB globals, 16 P
gc 13643 @56.978s 5%: 0.12+0.52+0.12 ms clock, 1.9+0.69/0.74/0.015+1.9 ms cpu, 3->4->1 MB, 4 MB goal, 0 MB stacks, 0 MB globals, 16 P
gc 13644 @56.979s 5%: 0.11+0.54+0.13 ms clock, 1.8+0.80/0.77/0.005+2.1 ms cpu, 3->4->1 MB, 4 MB goal, 0 MB stacks, 0 MB globals, 16 P
gc 13645 @56.981s 5%: 0.15+0.63+0.11 ms clock, 2.4+0.44/0.90/0.003+1.7 ms cpu, 3->4->2 MB, 4 MB goal, 0 MB stacks, 0 MB globals, 16 P
gc 13646 @56.983s 5%: 0.10+0.63+0.098 ms clock, 1.6+0.65/0.85/0+1.5 ms cpu, 3->4->2 MB, 4 MB goal, 0 MB stacks, 0 MB globals, 16 P
gc 13647 @56.985s 5%: 0.14+0.48+0.17 ms clock, 2.2+0.60/0.80/0+2.7 ms cpu, 3->4->1 MB, 4 MB goal, 0 MB stacks, 0 MB globals, 16 P
gc 13648 @56.986s 5%: 0.13+0.70+0.049 ms clock, 2.0+0.60/0.81/0+0.78 ms cpu, 3->4->2 MB, 4 MB goal, 0 MB stacks, 0 MB globals, 16 P
gc 13649 @56.988s 5%: 0.11+0.45+0.11 ms clock, 1.8+0.61/0.71/0.028+1.8 ms cpu, 3->4->1 MB, 4 MB goal, 0 MB stacks, 0 MB globals, 16 P
gc 13650 @56.990s 5%: 0.12+0.51+0.11 ms clock, 1.9+0.55/0.92/0.048+1.8 ms cpu, 3->4->1 MB, 4 MB goal, 0 MB stacks, 0 MB globals, 16 P
gc 13651 @56.991s 5%: 0.11+0.46+0.17 ms clock, 1.8+0.65/0.79/0.039+2.7 ms cpu, 3->4->1 MB, 4 MB goal, 0 MB stacks, 0 MB globals, 16 P
gc 13652 @56.993s 5%: 0.15+0.43+0.12 ms clock, 2.5+0.54/0.80/0.004+1.9 ms cpu, 3->4->1 MB, 4 MB goal, 0 MB stacks, 0 MB globals, 16 P
gc 13653 @56.994s 5%: 0.10+0.67+0.059 ms clock, 1.6+0.59/0.89/0+0.95 ms cpu, 3->4->1 MB, 4 MB goal, 0 MB stacks, 0 MB globals, 16 P
gc 13654 @56.996s 5%: 0.13+0.47+0.14 ms clock, 2.1+0.73/0.86/0+2.2 ms cpu, 3->4->1 MB, 4 MB goal, 0 MB stacks, 0 MB globals, 16 P
gc 13655 @56.997s 5%: 0.13+0.55+0.11 ms clock, 2.2+0.73/0.72/0+1.9 ms cpu, 3->4->1 MB, 4 MB goal, 0 MB stacks, 0 MB globals, 16 P
gc 13656 @56.999s 5%: 0.16+0.54+0.11 ms clock, 2.5+0.69/0.78/0+1.8 ms cpu, 3->4->1 MB, 4 MB goal, 0 MB stacks, 0 MB globals, 16 P
gc 13657 @57.001s 5%: 0.11+0.70+0.025 ms clock, 1.7+0.50/0.80/0+0.40 ms cpu, 3->4->2 MB, 4 MB goal, 0 MB stacks, 0 MB globals, 16 P
gc 13658 @57.002s 5%: 0.11+0.55+0.10 ms clock, 1.8+0.57/0.87/0.002+1.6 ms cpu, 3->4->1 MB, 4 MB goal, 0 MB stacks, 0 MB globals, 16 P
gc 13659 @57.004s 5%: 0.12+0.63+0.12 ms clock, 1.9+0.78/0.73/0+2.0 ms cpu, 3->4->2 MB, 4 MB goal, 0 MB stacks, 0 MB globals, 16 P
gc 13660 @57.006s 5%: 0.12+0.54+0.14 ms clock, 2.0+0.48/0.90/0+2.2 ms cpu, 3->4->1 MB, 4 MB goal, 0 MB stacks, 0 MB globals, 16 P
gc 13661 @57.007s 5%: 0.11+0.60+0.12 ms clock, 1.7+0.48/0.81/0+2.0 ms cpu, 3->4->1 MB, 4 MB goal, 0 MB stacks, 0 MB globals, 16 P
gc 13662 @57.009s 5%: 0.13+0.64+0.14 ms clock, 2.2+0.53/0.84/0.006+2.2 ms cpu, 3->4->2 MB, 4 MB goal, 0 MB stacks, 0 MB globals, 16 P
gc 13663 @57.011s 5%: 0.088+0.64+0.075 ms clock, 1.4+0.51/0.79/0+1.2 ms cpu, 3->4->1 MB, 4 MB goal, 0 MB stacks, 0 MB globals, 16 P
gc 13664 @57.013s 5%: 0.17+0.63+0.077 ms clock, 2.7+0.76/0.83/0.009+1.2 ms cpu, 3->4->2 MB, 4 MB goal, 0 MB stacks, 0 MB globals, 16 P
gc 13665 @57.015s 5%: 0.12+0.53+0.14 ms clock, 1.9+0.58/0.75/0.005+2.3 ms cpu, 3->4->1 MB, 4 MB goal, 0 MB stacks, 0 MB globals, 16 P
gc 13666 @57.016s 5%: 0.11+0.56+0.075 ms clock, 1.8+0.57/0.82/0+1.2 ms cpu, 3->4->1 MB, 4 MB goal, 0 MB stacks, 0 MB globals, 16 P
gc 13667 @57.018s 5%: 0.11+0.48+0.094 ms clock, 1.7+0.60/0.82/0.018+1.5 ms cpu, 3->4->1 MB, 4 MB goal, 0 MB stacks, 0 MB globals, 16 P
gc 13668 @57.019s 5%: 0.19+0.50+0.12 ms clock, 3.1+0.71/0.77/0+1.9 ms cpu, 3->4->1 MB, 4 MB goal, 0 MB stacks, 0 MB globals, 16 P
gc 13669 @57.021s 5%: 0.13+0.50+0.12 ms clock, 2.1+0.67/0.80/0+1.9 ms cpu, 3->4->1 MB, 4 MB goal, 0 MB stacks, 0 MB globals, 16 P
gc 13670 @57.022s 5%: 0.17+0.57+0.066 ms clock, 2.8+0.58/0.75/0.018+1.0 ms cpu, 3->4->1 MB, 4 MB goal, 0 MB stacks, 0 MB globals, 16 P
gc 13671 @57.024s 5%: 0.12+0.67+0.11 ms clock, 1.9+0.62/0.86/0+1.8 ms cpu, 3->4->2 MB, 4 MB goal, 0 MB stacks, 0 MB globals, 16 P
gc 13672 @57.026s 5%: 0.17+0.54+0.10 ms clock, 2.7+0.59/0.80/0+1.7 ms cpu, 3->4->2 MB, 4 MB goal, 0 MB stacks, 0 MB globals, 16 P
gc 13673 @57.028s 5%: 0.11+0.62+0.077 ms clock, 1.8+0.51/0.85/0+1.2 ms cpu, 3->4->2 MB, 4 MB goal, 0 MB stacks, 0 MB globals, 16 P
gc 13674 @57.029s 5%: 0.10+0.93+0.091 ms clock, 1.7+0.59/0.80/0.015+1.4 ms cpu, 3->4->2 MB, 4 MB goal, 0 MB stacks, 0 MB globals, 16 P
gc 13675 @57.031s 5%: 0.11+0.52+0.17 ms clock, 1.7+0.52/0.74/0+2.7 ms cpu, 3->4->1 MB, 4 MB goal, 0 MB stacks, 0 MB globals, 16 P
gc 13676 @57.033s 5%: 0.10+0.59+0.11 ms clock, 1.6+0.41/0.85/0+1.9 ms cpu, 3->4->1 MB, 4 MB goal, 0 MB stacks, 0 MB globals, 16 P
gc 13677 @57.035s 5%: 0.14+0.74+0.079 ms clock, 2.3+0.54/0.85/0.001+1.2 ms cpu, 3->4->2 MB, 4 MB goal, 0 MB stacks, 0 MB globals, 16 P
gc 13678 @57.037s 5%: 0.13+0.63+0.081 ms clock, 2.2+0.60/0.85/0+1.2 ms cpu, 3->4->1 MB, 4 MB goal, 0 MB stacks, 0 MB globals, 16 P
gc 13679 @57.038s 5%: 0.13+0.56+0.10 ms clock, 2.1+0.55/0.85/0+1.6 ms cpu, 3->4->1 MB, 4 MB goal, 0 MB stacks, 0 MB globals, 16 P
gc 13680 @57.040s 5%: 0.13+0.65+0.087 ms clock, 2.2+0.66/0.77/0+1.4 ms cpu, 3->4->2 MB, 4 MB goal, 0 MB stacks, 0 MB globals, 16 P
gc 13681 @57.041s 5%: 0.15+0.61+0.17 ms clock, 2.4+0.58/0.85/0+2.8 ms cpu, 3->4->1 MB, 4 MB goal, 0 MB stacks, 0 MB globals, 16 P
gc 13682 @57.043s 5%: 0.14+0.81+0.098 ms clock, 2.2+0.66/0.74/0+1.5 ms cpu, 3->4->2 MB, 4 MB goal, 0 MB stacks, 0 MB globals, 16 P
gc 13683 @57.045s 5%: 0.17+0.64+0.10 ms clock, 2.7+0.71/0.80/0+1.6 ms cpu, 3->4->2 MB, 4 MB goal, 0 MB stacks, 0 MB globals, 16 P
gc 13684 @57.047s 5%: 0.060+0.84+0.058 ms clock, 0.96+0.53/1.0/0.016+0.93 ms cpu, 3->4->2 MB, 4 MB goal, 0 MB stacks, 0 MB globals, 16 P
gc 13685 @57.049s 5%: 0.094+0.48+0.14 ms clock, 1.5+0.64/0.79/0+2.3 ms cpu, 3->4->1 MB, 4 MB goal, 0 MB stacks, 0 MB globals, 16 P
gc 13686 @57.050s 5%: 0.18+0.77+0.094 ms clock, 3.0+0.63/0.95/0+1.5 ms cpu, 3->4->2 MB, 4 MB goal, 0 MB stacks, 0 MB globals, 16 P
gc 13687 @57.052s 5%: 0.17+0.56+0.11 ms clock, 2.7+0.54/0.95/0+1.8 ms cpu, 4->4->2 MB, 4 MB goal, 0 MB stacks, 0 MB globals, 16 P
gc 13688 @57.054s 5%: 0.15+0.53+0.15 ms clock, 2.4+0.50/0.85/0.024+2.5 ms cpu, 3->4->1 MB, 4 MB goal, 0 MB stacks, 0 MB globals, 16 P
gc 13689 @57.056s 5%: 0.18+0.56+0.096 ms clock, 2.9+0.80/0.94/0.008+1.5 ms cpu, 3->4->2 MB, 4 MB goal, 0 MB stacks, 0 MB globals, 16 P
gc 13690 @57.058s 5%: 0.13+0.67+0.10 ms clock, 2.0+0.62/0.80/0.023+1.6 ms cpu, 3->4->2 MB, 4 MB goal, 0 MB stacks, 0 MB globals, 16 P
gc 13691 @57.059s 5%: 0.18+0.95+0.097 ms clock, 2.8+0.73/0.62/0+1.5 ms cpu, 3->4->2 MB, 4 MB goal, 0 MB stacks, 0 MB globals, 16 P
gc 13692 @57.062s 5%: 0.14+0.66+0.048 ms clock, 2.3+0.60/0.82/0.022+0.77 ms cpu, 4->4->2 MB, 4 MB goal, 0 MB stacks, 0 MB globals, 16 P
gc 13693 @57.063s 5%: 0.15+0.57+0.10 ms clock, 2.5+0.50/0.90/0+1.6 ms cpu, 3->4->2 MB, 4 MB goal, 0 MB stacks, 0 MB globals, 16 P
gc 13694 @57.065s 5%: 0.15+0.53+0.10 ms clock, 2.5+0.54/0.94/0+1.6 ms cpu, 3->4->1 MB, 4 MB goal, 0 MB stacks, 0 MB globals, 16 P
gc 13695 @57.067s 5%: 0.12+0.45+0.14 ms clock, 1.9+0.66/0.75/0+2.3 ms cpu, 3->4->1 MB, 4 MB goal, 0 MB stacks, 0 MB globals, 16 P
gc 13696 @57.068s 5%: 0.12+0.59+0.079 ms clock, 1.9+0.62/0.94/0.003+1.2 ms cpu, 3->4->1 MB, 4 MB goal, 0 MB stacks, 0 MB globals, 16 P
gc 13697 @57.070s 5%: 0.12+0.70+0.10 ms clock, 2.0+0.70/0.81/0.001+1.6 ms cpu, 3->4->2 MB, 4 MB goal, 0 MB stacks, 0 MB globals, 16 P
gc 13698 @57.072s 5%: 0.11+0.53+0.12 ms clock, 1.8+0.56/0.87/0.053+2.0 ms cpu, 3->4->1 MB, 4 MB goal, 0 MB stacks, 0 MB globals, 16 P
gc 13699 @57.073s 5%: 0.15+0.64+0.15 ms clock, 2.4+0.67/0.86/0.014+2.4 ms cpu, 3->4->2 MB, 4 MB goal, 0 MB stacks, 0 MB globals, 16 P
gc 13700 @57.075s 5%: 0.12+0.61+0.036 ms clock, 1.9+0.72/0.97/0+0.57 ms cpu, 3->4->1 MB, 4 MB goal, 0 MB stacks, 0 MB globals, 16 P
gc 13701 @57.077s 5%: 0.19+0.51+0.093 ms clock, 3.0+0.53/0.86/0+1.5 ms cpu, 3->4->1 MB, 4 MB goal, 0 MB stacks, 0 MB globals, 16 P
gc 13702 @57.079s 5%: 0.11+0.55+0.22 ms clock, 1.9+0.51/0.89/0.069+3.6 ms cpu, 3->4->1 MB, 4 MB goal, 0 MB stacks, 0 MB globals, 16 P
gc 13703 @57.080s 5%: 0.18+0.51+0.15 ms clock, 2.8+0.62/0.85/0.009+2.4 ms cpu, 3->4->2 MB, 4 MB goal, 0 MB stacks, 0 MB globals, 16 P
gc 13704 @57.082s 5%: 0.17+0.75+0.068 ms clock, 2.7+0.64/0.73/0+1.0 ms cpu, 3->4->2 MB, 4 MB goal, 0 MB stacks, 0 MB globals, 16 P
gc 13705 @57.084s 5%: 0.14+0.56+0.14 ms clock, 2.3+0.66/0.70/0+2.2 ms cpu, 3->4->2 MB, 4 MB goal, 0 MB stacks, 0 MB globals, 16 P
gc 13706 @57.085s 5%: 0.10+0.50+0.15 ms clock, 1.6+0.47/0.83/0+2.4 ms cpu, 3->4->1 MB, 4 MB goal, 0 MB stacks, 0 MB globals, 16 P
gc 13707 @57.087s 5%: 0.090+0.55+0.081 ms clock, 1.4+0.45/0.87/0.10+1.3 ms cpu, 3->4->1 MB, 4 MB goal, 0 MB stacks, 0 MB globals, 16 P
gc 13708 @57.088s 5%: 0.11+0.81+0.13 ms clock, 1.8+0.60/0.80/0+2.1 ms cpu, 3->4->2 MB, 4 MB goal, 0 MB stacks, 0 MB globals, 16 P
gc 13709 @57.090s 5%: 0.10+0.61+0.098 ms clock, 1.7+0.65/0.92/0+1.5 ms cpu, 4->4->2 MB, 4 MB goal, 0 MB stacks, 0 MB globals, 16 P
gc 13710 @57.092s 5%: 0.15+0.63+0.10 ms clock, 2.4+0.66/0.83/0+1.6 ms cpu, 3->4->2 MB, 4 MB goal, 0 MB stacks, 0 MB globals, 16 P
gc 13711 @57.094s 5%: 0.12+0.49+0.10 ms clock, 1.9+0.54/0.81/0+1.6 ms cpu, 3->4->1 MB, 4 MB goal, 0 MB stacks, 0 MB globals, 16 P
gc 13712 @57.095s 5%: 0.11+0.56+0.077 ms clock, 1.8+0.51/0.85/0.037+1.2 ms cpu, 3->4->1 MB, 4 MB goal, 0 MB stacks, 0 MB globals, 16 P
gc 13713 @57.097s 5%: 0.11+0.63+0.12 ms clock, 1.7+0.70/0.83/0+2.0 ms cpu, 3->4->1 MB, 4 MB goal, 0 MB stacks, 0 MB globals, 16 P
gc 13714 @57.099s 5%: 0.092+0.53+0.10 ms clock, 1.4+0.45/0.87/0+1.6 ms cpu, 3->4->1 MB, 4 MB goal, 0 MB stacks, 0 MB globals, 16 P
gc 13715 @57.100s 5%: 0.11+0.53+0.086 ms clock, 1.7+0.51/0.89/0.024+1.3 ms cpu, 3->4->1 MB, 4 MB goal, 0 MB stacks, 0 MB globals, 16 P
gc 13716 @57.102s 5%: 0.10+0.53+0.11 ms clock, 1.6+0.58/0.77/0+1.8 ms cpu, 3->4->1 MB, 4 MB goal, 0 MB stacks, 0 MB globals, 16 P
gc 13717 @57.103s 5%: 0.11+0.53+0.13 ms clock, 1.8+0.51/0.80/0+2.1 ms cpu, 3->4->1 MB, 4 MB goal, 0 MB stacks, 0 MB globals, 16 P
gc 13718 @57.105s 5%: 0.11+0.59+0.073 ms clock, 1.8+0.52/0.79/0.009+1.1 ms cpu, 3->4->1 MB, 4 MB goal, 0 MB stacks, 0 MB globals, 16 P
gc 13719 @57.106s 5%: 0.10+0.64+0.10 ms clock, 1.6+0.59/0.83/0+1.6 ms cpu, 3->4->2 MB, 4 MB goal, 0 MB stacks, 0 MB globals, 16 P
gc 13720 @57.108s 5%: 0.12+0.54+0.11 ms clock, 2.0+0.50/0.85/0+1.8 ms cpu, 3->4->1 MB, 4 MB goal, 0 MB stacks, 0 MB globals, 16 P
gc 13721 @57.110s 5%: 0.11+0.47+0.17 ms clock, 1.8+0.50/0.73/0+2.7 ms cpu, 3->4->1 MB, 4 MB goal, 0 MB stacks, 0 MB globals, 16 P
gc 13722 @57.111s 5%: 0.13+0.51+0.10 ms clock, 2.2+0.57/0.80/0.031+1.6 ms cpu, 3->4->1 MB, 4 MB goal, 0 MB stacks, 0 MB globals, 16 P
gc 13723 @57.113s 5%: 0.10+0.76+0.099 ms clock, 1.6+0.60/0.90/0.016+1.5 ms cpu, 3->4->2 MB, 4 MB goal, 0 MB stacks, 0 MB globals, 16 P
gc 13724 @57.115s 5%: 0.12+0.57+0.11 ms clock, 2.0+0.48/0.84/0+1.7 ms cpu, 3->4->1 MB, 4 MB goal, 0 MB stacks, 0 MB globals, 16 P
gc 13725 @57.116s 5%: 0.11+0.55+0.14 ms clock, 1.8+0.63/0.88/0+2.2 ms cpu, 3->4->2 MB, 4 MB goal, 0 MB stacks, 0 MB globals, 16 P
gc 13726 @57.118s 5%: 0.12+0.59+0.13 ms clock, 2.0+0.62/0.95/0.011+2.1 ms cpu, 3->4->2 MB, 4 MB goal, 0 MB stacks, 0 MB globals, 16 P
gc 13727 @57.120s 5%: 0.12+0.49+0.096 ms clock, 1.9+0.78/0.89/0+1.5 ms cpu, 3->4->1 MB, 4 MB goal, 0 MB stacks, 0 MB globals, 16 P
gc 13728 @57.122s 5%: 0.14+0.70+0.079 ms clock, 2.3+0.83/0.77/0.008+1.2 ms cpu, 3->4->2 MB, 4 MB goal, 0 MB stacks, 0 MB globals, 16 P
gc 13729 @57.123s 5%: 0.10+0.70+0.11 ms clock, 1.6+0.58/0.70/0+1.8 ms cpu, 3->4->2 MB, 4 MB goal, 0 MB stacks, 0 MB globals, 16 P
gc 13730 @57.125s 5%: 0.12+0.71+0.10 ms clock, 2.0+0.69/0.94/0+1.6 ms cpu, 3->4->2 MB, 4 MB goal, 0 MB stacks, 0 MB globals, 16 P
gc 13731 @57.127s 5%: 0.12+0.66+0.13 ms clock, 2.0+0.57/0.94/0+2.2 ms cpu, 3->4->2 MB, 4 MB goal, 0 MB stacks, 0 MB globals, 16 P
gc 13732 @57.129s 5%: 0.12+0.55+0.13 ms clock, 1.9+0.73/0.77/0+2.1 ms cpu, 3->4->1 MB, 4 MB goal, 0 MB stacks, 0 MB globals, 16 P
gc 13733 @57.131s 5%: 0.16+0.65+0.10 ms clock, 2.5+0.45/0.89/0.032+1.6 ms cpu, 3->4->2 MB, 4 MB goal, 0 MB stacks, 0 MB globals, 16 P
gc 13734 @57.132s 5%: 0.13+0.66+0.089 ms clock, 2.2+0.55/0.86/0.007+1.4 ms cpu, 3->4->2 MB, 4 MB goal, 0 MB stacks, 0 MB globals, 16 P
gc 13735 @57.134s 5%: 0.12+0.53+0.14 ms clock, 1.9+0.49/0.88/0.001+2.2 ms cpu, 4->4->1 MB, 4 MB goal, 0 MB stacks, 0 MB globals, 16 P
gc 13736 @57.136s 5%: 0.13+0.73+0.11 ms clock, 2.0+0.55/0.78/0.053+1.8 ms cpu, 3->4->2 MB, 4 MB goal, 0 MB stacks, 0 MB globals, 16 P
gc 13737 @57.138s 5%: 0.14+0.68+0.049 ms clock, 2.3+0.59/1.0/0.001+0.79 ms cpu, 3->4->2 MB, 4 MB goal, 0 MB stacks, 0 MB globals, 16 P
gc 13738 @57.140s 5%: 0.14+0.55+0.11 ms clock, 2.2+0.59/0.95/0+1.8 ms cpu, 3->4->1 MB, 4 MB goal, 0 MB stacks, 0 MB globals, 16 P
gc 13739 @57.141s 5%: 0.12+0.74+0.10 ms clock, 2.0+0.63/0.94/0.003+1.6 ms cpu, 3->4->2 MB, 4 MB goal, 0 MB stacks, 0 MB globals, 16 P
gc 13740 @57.143s 5%: 0.10+0.65+0.15 ms clock, 1.7+0.65/0.97/0.022+2.5 ms cpu, 4->4->2 MB, 4 MB goal, 0 MB stacks, 0 MB globals, 16 P
gc 13741 @57.145s 5%: 0.10+0.58+0.13 ms clock, 1.6+0.58/0.83/0.002+2.1 ms cpu, 3->4->1 MB, 4 MB goal, 0 MB stacks, 0 MB globals, 16 P
gc 13742 @57.147s 5%: 0.11+0.58+0.094 ms clock, 1.9+0.67/0.85/0.001+1.5 ms cpu, 3->4->1 MB, 4 MB goal, 0 MB stacks, 0 MB globals, 16 P
gc 13743 @57.149s 5%: 0.19+0.81+0.094 ms clock, 3.1+0.64/0.93/0+1.5 ms cpu, 3->4->2 MB, 4 MB goal, 0 MB stacks, 0 MB globals, 16 P
gc 13744 @57.151s 5%: 0.16+0.45+0.17 ms clock, 2.6+0.52/0.85/0+2.7 ms cpu, 4->4->1 MB, 4 MB goal, 0 MB stacks, 0 MB globals, 16 P
gc 13745 @57.152s 5%: 0.15+0.65+0.069 ms clock, 2.4+0.64/0.94/0.024+1.1 ms cpu, 3->4->2 MB, 4 MB goal, 0 MB stacks, 0 MB globals, 16 P
gc 13746 @57.154s 5%: 0.13+0.52+0.10 ms clock, 2.1+0.62/0.86/0.001+1.6 ms cpu, 3->4->1 MB, 4 MB goal, 0 MB stacks, 0 MB globals, 16 P
gc 13747 @57.156s 5%: 0.11+0.52+0.10 ms clock, 1.8+0.47/0.84/0.028+1.6 ms cpu, 3->4->1 MB, 4 MB goal, 0 MB stacks, 0 MB globals, 16 P
gc 13748 @57.157s 5%: 0.11+0.51+0.078 ms clock, 1.8+0.56/0.78/0.033+1.2 ms cpu, 3->4->1 MB, 4 MB goal, 0 MB stacks, 0 MB globals, 16 P
gc 13749 @57.159s 5%: 0.12+0.45+0.12 ms clock, 1.9+0.63/0.76/0.004+1.9 ms cpu, 3->4->1 MB, 4 MB goal, 0 MB stacks, 0 MB globals, 16 P
gc 13750 @57.160s 5%: 0.13+0.51+0.10 ms clock, 2.1+0.53/0.85/0+1.7 ms cpu, 3->4->1 MB, 4 MB goal, 0 MB stacks, 0 MB globals, 16 P
gc 13751 @57.162s 5%: 0.12+0.63+0.095 ms clock, 1.9+0.53/0.89/0+1.5 ms cpu, 3->4->2 MB, 4 MB goal, 0 MB stacks, 0 MB globals, 16 P
gc 13752 @57.164s 5%: 0.11+0.66+0.10 ms clock, 1.8+0.55/0.93/0+1.7 ms cpu, 3->4->2 MB, 4 MB goal, 0 MB stacks, 0 MB globals, 16 P
gc 13753 @57.165s 5%: 0.12+0.57+0.14 ms clock, 1.9+0.53/0.79/0+2.2 ms cpu, 3->4->1 MB, 4 MB goal, 0 MB stacks, 0 MB globals, 16 P
gc 13754 @57.167s 5%: 0.11+0.51+0.12 ms clock, 1.7+0.58/0.85/0.001+2.0 ms cpu, 3->4->1 MB, 4 MB goal, 0 MB stacks, 0 MB globals, 16 P
gc 13755 @57.169s 5%: 0.11+0.56+0.093 ms clock, 1.8+0.50/0.88/0.004+1.4 ms cpu, 3->4->2 MB, 4 MB goal, 0 MB stacks, 0 MB globals, 16 P
gc 13756 @57.170s 5%: 0.12+0.64+0.093 ms clock, 2.0+0.61/0.73/0+1.5 ms cpu, 3->4->1 MB, 4 MB goal, 0 MB stacks, 0 MB globals, 16 P
gc 13757 @57.172s 5%: 0.12+0.68+0.083 ms clock, 1.9+0.62/0.84/0.009+1.3 ms cpu, 3->4->2 MB, 4 MB goal, 0 MB stacks, 0 MB globals, 16 P
gc 13758 @57.174s 5%: 0.13+0.64+0.10 ms clock, 2.1+0.47/0.89/0.087+1.6 ms cpu, 3->4->1 MB, 4 MB goal, 0 MB stacks, 0 MB globals, 16 P
gc 13759 @57.176s 5%: 0.11+0.71+0.10 ms clock, 1.9+0.63/1.0/0.003+1.6 ms cpu, 3->4->2 MB, 4 MB goal, 0 MB stacks, 0 MB globals, 16 P
gc 13760 @57.178s 5%: 0.12+0.47+0.10 ms clock, 1.9+0.66/0.79/0.060+1.6 ms cpu, 4->4->1 MB, 4 MB goal, 0 MB stacks, 0 MB globals, 16 P
gc 13761 @57.179s 5%: 0.13+0.57+0.086 ms clock, 2.2+0.44/0.82/0.006+1.3 ms cpu, 3->4->1 MB, 4 MB goal, 0 MB stacks, 0 MB globals, 16 P
gc 13762 @57.181s 5%: 0.11+0.73+0.074 ms clock, 1.8+0.58/0.77/0.036+1.1 ms cpu, 3->4->1 MB, 4 MB goal, 0 MB stacks, 0 MB globals, 16 P
gc 13763 @57.183s 5%: 0.11+0.54+0.091 ms clock, 1.8+0.40/0.79/0.14+1.4 ms cpu, 3->4->1 MB, 4 MB goal, 0 MB stacks, 0 MB globals, 16 P
gc 13764 @57.184s 5%: 0.13+0.61+0.10 ms clock, 2.1+0.59/0.95/0+1.7 ms cpu, 3->4->2 MB, 4 MB goal, 0 MB stacks, 0 MB globals, 16 P
gc 13765 @57.186s 5%: 0.12+0.53+0.11 ms clock, 1.9+0.55/0.80/0.089+1.8 ms cpu, 3->4->1 MB, 4 MB goal, 0 MB stacks, 0 MB globals, 16 P
gc 13766 @57.188s 5%: 0.14+0.52+0.13 ms clock, 2.2+0.64/0.91/0.003+2.1 ms cpu, 3->4->1 MB, 4 MB goal, 0 MB stacks, 0 MB globals, 16 P
gc 13767 @57.189s 5%: 0.18+0.62+0.12 ms clock, 2.8+0.32/0.79/0+2.0 ms cpu, 3->4->2 MB, 4 MB goal, 0 MB stacks, 0 MB globals, 16 P
gc 13768 @57.191s 5%: 0.10+0.75+0.10 ms clock, 1.7+0.44/0.89/0.027+1.6 ms cpu, 3->4->2 MB, 4 MB goal, 0 MB stacks, 0 MB globals, 16 P
gc 13769 @57.193s 5%: 0.11+0.64+0.10 ms clock, 1.8+0.63/0.77/0.036+1.7 ms cpu, 3->4->1 MB, 4 MB goal, 0 MB stacks, 0 MB globals, 16 P
gc 13770 @57.195s 5%: 0.14+0.49+0.10 ms clock, 2.3+0.63/0.92/0+1.7 ms cpu, 3->4->1 MB, 4 MB goal, 0 MB stacks, 0 MB globals, 16 P
gc 13771 @57.196s 5%: 0.10+0.46+0.16 ms clock, 1.6+0.57/0.79/0.003+2.5 ms cpu, 3->4->1 MB, 4 MB goal, 0 MB stacks, 0 MB globals, 16 P
gc 13772 @57.198s 5%: 0.11+0.53+0.14 ms clock, 1.7+0.65/0.75/0+2.3 ms cpu, 3->3->1 MB, 4 MB goal, 0 MB stacks, 0 MB globals, 16 P
gc 13773 @57.199s 5%: 0.10+0.70+0.067 ms clock, 1.6+0.69/0.77/0+1.0 ms cpu, 3->4->2 MB, 4 MB goal, 0 MB stacks, 0 MB globals, 16 P
gc 13774 @57.201s 5%: 0.12+0.56+0.099 ms clock, 2.0+0.64/0.90/0+1.5 ms cpu, 3->4->1 MB, 4 MB goal, 0 MB stacks, 0 MB globals, 16 P
gc 13775 @57.203s 5%: 0.11+0.64+0.11 ms clock, 1.8+0.51/0.87/0+1.7 ms cpu, 3->4->2 MB, 4 MB goal, 0 MB stacks, 0 MB globals, 16 P
gc 13776 @57.204s 5%: 0.10+0.67+0.065 ms clock, 1.7+0.63/0.81/0.003+1.0 ms cpu, 3->4->1 MB, 4 MB goal, 0 MB stacks, 0 MB globals, 16 P
gc 13777 @57.206s 5%: 0.091+0.58+0.13 ms clock, 1.4+0.54/0.87/0+2.0 ms cpu, 3->4->1 MB, 4 MB goal, 0 MB stacks, 0 MB globals, 16 P
gc 13778 @57.208s 5%: 0.10+0.66+0.14 ms clock, 1.7+0.65/0.90/0+2.2 ms cpu, 3->4->2 MB, 4 MB goal, 0 MB stacks, 0 MB globals, 16 P
gc 13779 @57.209s 5%: 0.11+0.48+0.12 ms clock, 1.8+0.64/0.69/0.011+2.0 ms cpu, 3->4->1 MB, 4 MB goal, 0 MB stacks, 0 MB globals, 16 P
gc 13780 @57.211s 5%: 0.11+0.65+0.072 ms clock, 1.8+0.69/0.91/0+1.1 ms cpu, 3->4->2 MB, 4 MB goal, 0 MB stacks, 0 MB globals, 16 P
gc 13781 @57.213s 5%: 0.11+0.60+0.12 ms clock, 1.8+0.63/0.90/0.019+2.0 ms cpu, 3->4->2 MB, 4 MB goal, 0 MB stacks, 0 MB globals, 16 P
gc 13782 @57.215s 5%: 0.093+0.86+0.092 ms clock, 1.4+0.55/0.79/0+1.4 ms cpu, 3->4->2 MB, 4 MB goal, 0 MB stacks, 0 MB globals, 16 P
gc 13783 @57.216s 5%: 0.10+0.54+0.13 ms clock, 1.7+0.64/0.85/0+2.1 ms cpu, 3->4->1 MB, 4 MB goal, 0 MB stacks, 0 MB globals, 16 P
gc 13784 @57.218s 5%: 0.12+0.74+0.11 ms clock, 2.0+0.52/0.92/0+1.7 ms cpu, 3->4->2 MB, 4 MB goal, 0 MB stacks, 0 MB globals, 16 P
gc 13785 @57.220s 5%: 0.13+0.53+0.13 ms clock, 2.0+0.66/0.87/0.017+2.1 ms cpu, 3->4->1 MB, 4 MB goal, 0 MB stacks, 0 MB globals, 16 P
gc 13786 @57.221s 5%: 0.17+0.67+0.12 ms clock, 2.8+0.74/0.85/0+2.0 ms cpu, 3->4->2 MB, 4 MB goal, 0 MB stacks, 0 MB globals, 16 P
gc 13787 @57.223s 5%: 0.12+0.74+0.091 ms clock, 1.9+0.65/1.0/0.013+1.4 ms cpu, 3->4->2 MB, 4 MB goal, 0 MB stacks, 0 MB globals, 16 P
gc 13788 @57.225s 5%: 0.12+0.42+0.095 ms clock, 2.0+0.71/0.70/0.008+1.5 ms cpu, 3->4->1 MB, 4 MB goal, 0 MB stacks, 0 MB globals, 16 P
gc 13789 @57.227s 5%: 0.11+0.60+0.14 ms clock, 1.7+0.53/0.81/0.023+2.2 ms cpu, 3->3->1 MB, 4 MB goal, 0 MB stacks, 0 MB globals, 16 P
gc 13790 @57.228s 5%: 0.14+0.44+0.14 ms clock, 2.3+0.71/0.76/0+2.2 ms cpu, 3->4->1 MB, 4 MB goal, 0 MB stacks, 0 MB globals, 16 P
gc 13791 @57.229s 5%: 0.12+0.44+0.13 ms clock, 2.0+0.53/0.74/0+2.1 ms cpu, 3->4->1 MB, 4 MB goal, 0 MB stacks, 0 MB globals, 16 P
gc 13792 @57.231s 5%: 0.12+0.55+0.12 ms clock, 2.0+0.55/0.96/0+1.9 ms cpu, 3->4->1 MB, 4 MB goal, 0 MB stacks, 0 MB globals, 16 P
gc 13793 @57.233s 5%: 0.17+0.58+0.12 ms clock, 2.7+0.56/0.87/0.004+1.9 ms cpu, 3->4->2 MB, 4 MB goal, 0 MB stacks, 0 MB globals, 16 P
gc 13794 @57.234s 5%: 0.13+0.58+0.087 ms clock, 2.1+0.58/0.99/0+1.4 ms cpu, 3->4->2 MB, 4 MB goal, 0 MB stacks, 0 MB globals, 16 P
gc 13795 @57.236s 5%: 0.10+0.56+0.091 ms clock, 1.7+0.56/0.82/0+1.4 ms cpu, 3->4->1 MB, 4 MB goal, 0 MB stacks, 0 MB globals, 16 P
gc 13796 @57.238s 5%: 0.093+0.67+0.11 ms clock, 1.4+0.73/0.84/0+1.7 ms cpu, 3->4->2 MB, 4 MB goal, 0 MB stacks, 0 MB globals, 16 P
gc 13797 @57.240s 5%: 0.11+0.77+0.086 ms clock, 1.7+0.60/0.83/0+1.3 ms cpu, 3->4->2 MB, 4 MB goal, 0 MB stacks, 0 MB globals, 16 P
gc 13798 @57.242s 5%: 0.10+0.66+0.11 ms clock, 1.6+0.52/0.87/0+1.8 ms cpu, 3->4->1 MB, 4 MB goal, 0 MB stacks, 0 MB globals, 16 P
gc 13799 @57.243s 5%: 0.15+0.44+0.17 ms clock, 2.4+0.55/0.74/0+2.8 ms cpu, 3->4->1 MB, 4 MB goal, 0 MB stacks, 0 MB globals, 16 P
gc 13800 @57.245s 5%: 0.14+0.68+0.075 ms clock, 2.2+0.65/0.88/0+1.2 ms cpu, 3->4->2 MB, 4 MB goal, 0 MB stacks, 0 MB globals, 16 P
gc 13801 @57.247s 5%: 0.15+0.57+0.10 ms clock, 2.4+0.59/0.85/0+1.6 ms cpu, 3->4->1 MB, 4 MB goal, 0 MB stacks, 0 MB globals, 16 P
gc 13802 @57.248s 5%: 0.12+0.69+0.059 ms clock, 2.0+0.56/0.86/0.038+0.94 ms cpu, 3->4->1 MB, 4 MB goal, 0 MB stacks, 0 MB globals, 16 P
gc 13803 @57.250s 5%: 0.11+0.61+0.12 ms clock, 1.9+0.64/0.80/0.060+1.9 ms cpu, 3->4->1 MB, 4 MB goal, 0 MB stacks, 0 MB globals, 16 P
gc 13804 @57.252s 5%: 0.14+0.63+0.14 ms clock, 2.3+0.63/0.95/0+2.2 ms cpu, 3->4->2 MB, 4 MB goal, 0 MB stacks, 0 MB globals, 16 P
gc 13805 @57.254s 5%: 0.11+0.64+0.087 ms clock, 1.7+0.70/0.88/0+1.4 ms cpu, 3->4->2 MB, 4 MB goal, 0 MB stacks, 0 MB globals, 16 P
gc 13806 @57.256s 5%: 0.094+0.59+0.11 ms clock, 1.5+0.55/0.87/0+1.7 ms cpu, 3->4->1 MB, 4 MB goal, 0 MB stacks, 0 MB globals, 16 P
gc 13807 @57.257s 5%: 0.18+0.62+0.10 ms clock, 2.8+0.69/1.0/0+1.7 ms cpu, 3->4->2 MB, 4 MB goal, 0 MB stacks, 0 MB globals, 16 P
gc 13808 @57.259s 5%: 0.12+0.56+0.11 ms clock, 1.9+0.54/0.69/0+1.9 ms cpu, 3->4->1 MB, 4 MB goal, 0 MB stacks, 0 MB globals, 16 P
gc 13809 @57.261s 5%: 0.16+0.53+0.11 ms clock, 2.6+0.64/0.84/0.009+1.8 ms cpu, 3->4->1 MB, 4 MB goal, 0 MB stacks, 0 MB globals, 16 P
gc 13810 @57.262s 5%: 0.12+0.65+0.12 ms clock, 1.9+0.65/0.74/0.011+1.9 ms cpu, 3->4->2 MB, 4 MB goal, 0 MB stacks, 0 MB globals, 16 P
gc 13811 @57.264s 5%: 0.15+0.52+0.092 ms clock, 2.5+0.55/0.85/0+1.4 ms cpu, 3->4->1 MB, 4 MB goal, 0 MB stacks, 0 MB globals, 16 P
gc 13812 @57.266s 5%: 0.11+0.48+0.094 ms clock, 1.7+0.61/0.77/0.006+1.5 ms cpu, 3->4->1 MB, 4 MB goal, 0 MB stacks, 0 MB globals, 16 P
gc 13813 @57.267s 5%: 0.13+0.67+0.073 ms clock, 2.1+0.53/0.87/0+1.1 ms cpu, 3->4->1 MB, 4 MB goal, 0 MB stacks, 0 MB globals, 16 P
gc 13814 @57.269s 5%: 0.10+0.62+0.10 ms clock, 1.6+0.54/0.94/0.005+1.6 ms cpu, 3->4->2 MB, 4 MB goal, 0 MB stacks, 0 MB globals, 16 P
gc 13815 @57.271s 5%: 0.12+0.48+0.14 ms clock, 2.0+0.69/0.81/0+2.2 ms cpu, 3->4->1 MB, 4 MB goal, 0 MB stacks, 0 MB globals, 16 P
gc 13816 @57.272s 5%: 0.12+0.63+0.10 ms clock, 1.9+0.66/0.84/0+1.6 ms cpu, 3->4->2 MB, 4 MB goal, 0 MB stacks, 0 MB globals, 16 P
gc 13817 @57.274s 5%: 0.14+0.56+0.10 ms clock, 2.2+0.59/0.70/0.063+1.7 ms cpu, 3->4->1 MB, 4 MB goal, 0 MB stacks, 0 MB globals, 16 P
gc 13818 @57.276s 5%: 0.11+0.76+0.085 ms clock, 1.7+0.59/0.81/0+1.3 ms cpu, 3->4->2 MB, 4 MB goal, 0 MB stacks, 0 MB globals, 16 P
gc 13819 @57.278s 5%: 0.14+0.60+0.13 ms clock, 2.3+0.63/0.83/0.009+2.1 ms cpu, 3->4->1 MB, 4 MB goal, 0 MB stacks, 0 MB globals, 16 P
gc 13820 @57.279s 5%: 0.17+0.53+0.17 ms clock, 2.7+0.57/0.89/0+2.8 ms cpu, 3->4->1 MB, 4 MB goal, 0 MB stacks, 0 MB globals, 16 P
gc 13821 @57.281s 5%: 0.11+0.62+0.12 ms clock, 1.8+0.53/0.92/0.008+1.9 ms cpu, 3->4->2 MB, 4 MB goal, 0 MB stacks, 0 MB globals, 16 P
gc 13822 @57.283s 5%: 0.12+0.54+0.13 ms clock, 1.9+0.59/0.81/0+2.0 ms cpu, 3->4->1 MB, 4 MB goal, 0 MB stacks, 0 MB globals, 16 P
gc 13823 @57.284s 5%: 0.090+0.72+0.083 ms clock, 1.4+0.69/0.82/0.006+1.3 ms cpu, 3->4->2 MB, 4 MB goal, 0 MB stacks, 0 MB globals, 16 P
gc 13824 @57.286s 5%: 0.15+1.0+0.058 ms clock, 2.5+0.63/0.71/0.031+0.93 ms cpu, 3->4->2 MB, 4 MB goal, 0 MB stacks, 0 MB globals, 16 P
gc 13825 @57.288s 5%: 0.14+0.52+0.12 ms clock, 2.2+0.54/0.78/0.014+1.9 ms cpu, 4->4->1 MB, 4 MB goal, 0 MB stacks, 0 MB globals, 16 P
gc 13826 @57.290s 5%: 0.14+0.67+0.093 ms clock, 2.3+0.50/0.86/0+1.4 ms cpu, 3->4->2 MB, 4 MB goal, 0 MB stacks, 0 MB globals, 16 P
gc 13827 @57.291s 5%: 0.13+0.63+0.15 ms clock, 2.2+0.62/0.84/0+2.4 ms cpu, 3->4->2 MB, 4 MB goal, 0 MB stacks, 0 MB globals, 16 P
gc 13828 @57.293s 5%: 0.15+0.54+0.15 ms clock, 2.4+0.63/0.81/0.006+2.4 ms cpu, 3->4->1 MB, 4 MB goal, 0 MB stacks, 0 MB globals, 16 P
gc 13829 @57.295s 5%: 0.11+0.62+0.11 ms clock, 1.7+0.52/0.86/0.022+1.8 ms cpu, 3->4->1 MB, 4 MB goal, 0 MB stacks, 0 MB globals, 16 P
gc 13830 @57.297s 5%: 0.11+0.68+0.10 ms clock, 1.7+0.69/0.94/0.004+1.6 ms cpu, 3->4->2 MB, 4 MB goal, 0 MB stacks, 0 MB globals, 16 P
gc 13831 @57.299s 5%: 0.13+0.49+0.082 ms clock, 2.0+0.62/0.80/0+1.3 ms cpu, 3->4->1 MB, 4 MB goal, 0 MB stacks, 0 MB globals, 16 P
gc 13832 @57.300s 5%: 0.12+0.55+0.072 ms clock, 1.9+0.52/0.86/0+1.1 ms cpu, 3->4->1 MB, 4 MB goal, 0 MB stacks, 0 MB globals, 16 P
gc 13833 @57.302s 5%: 0.18+0.79+0.088 ms clock, 2.9+0.65/0.82/0+1.4 ms cpu, 3->4->2 MB, 4 MB goal, 0 MB stacks, 0 MB globals, 16 P
gc 13834 @57.304s 5%: 0.12+0.55+0.11 ms clock, 2.0+0.43/0.87/0+1.8 ms cpu, 4->4->1 MB, 4 MB goal, 0 MB stacks, 0 MB globals, 16 P
gc 13835 @57.305s 5%: 0.14+0.65+0.064 ms clock, 2.3+0.48/0.95/0+1.0 ms cpu, 3->4->1 MB, 4 MB goal, 0 MB stacks, 0 MB globals, 16 P
gc 13836 @57.307s 5%: 0.16+0.57+0.10 ms clock, 2.5+0.56/0.84/0+1.6 ms cpu, 3->4->2 MB, 4 MB goal, 0 MB stacks, 0 MB globals, 16 P
gc 13837 @57.309s 5%: 0.15+0.84+0.086 ms clock, 2.5+0.49/0.93/0.009+1.3 ms cpu, 3->4->2 MB, 4 MB goal, 0 MB stacks, 0 MB globals, 16 P
gc 13838 @57.311s 5%: 0.12+0.53+0.10 ms clock, 1.9+0.58/0.80/0+1.6 ms cpu, 4->4->1 MB, 4 MB goal, 0 MB stacks, 0 MB globals, 16 P
gc 13839 @57.313s 5%: 0.12+0.66+0.057 ms clock, 2.0+0.53/1.0/0+0.91 ms cpu, 3->4->2 MB, 4 MB goal, 0 MB stacks, 0 MB globals, 16 P
gc 13840 @57.315s 5%: 0.10+0.57+0.16 ms clock, 1.6+0.33/0.82/0.058+2.6 ms cpu, 3->4->1 MB, 4 MB goal, 0 MB stacks, 0 MB globals, 16 P
gc 13841 @57.316s 5%: 0.20+0.45+0.11 ms clock, 3.2+0.64/0.88/0+1.8 ms cpu, 3->4->1 MB, 4 MB goal, 0 MB stacks, 0 MB globals, 16 P
gc 13842 @57.318s 5%: 0.12+0.59+0.11 ms clock, 2.0+0.58/0.74/0+1.8 ms cpu, 3->4->1 MB, 4 MB goal, 0 MB stacks, 0 MB globals, 16 P
gc 13843 @57.319s 5%: 0.11+0.47+0.15 ms clock, 1.8+0.60/0.78/0.014+2.5 ms cpu, 3->4->1 MB, 4 MB goal, 0 MB stacks, 0 MB globals, 16 P
gc 13844 @57.321s 5%: 0.17+0.51+0.13 ms clock, 2.8+0.66/0.91/0.007+2.2 ms cpu, 3->4->1 MB, 4 MB goal, 0 MB stacks, 0 MB globals, 16 P
gc 13845 @57.322s 5%: 0.17+0.76+0.083 ms clock, 2.8+0.72/0.89/0+1.3 ms cpu, 3->4->2 MB, 4 MB goal, 0 MB stacks, 0 MB globals, 16 P
gc 13846 @57.324s 5%: 0.17+0.63+0.096 ms clock, 2.7+0.57/0.82/0.013+1.5 ms cpu, 3->4->2 MB, 4 MB goal, 0 MB stacks, 0 MB globals, 16 P
gc 13847 @57.326s 5%: 0.14+0.41+0.13 ms clock, 2.3+0.31/0.69/0.037+2.1 ms cpu, 3->4->1 MB, 4 MB goal, 0 MB stacks, 0 MB globals, 16 P
gc 13848 @57.328s 5%: 0.13+0.63+0.042 ms clock, 2.1+0.74/0.95/0+0.68 ms cpu, 3->4->1 MB, 4 MB goal, 0 MB stacks, 0 MB globals, 16 P
gc 13849 @57.329s 5%: 0.11+0.47+0.099 ms clock, 1.7+0.55/0.76/0+1.5 ms cpu, 3->4->1 MB, 4 MB goal, 0 MB stacks, 0 MB globals, 16 P
gc 13850 @57.331s 5%: 0.12+0.52+0.13 ms clock, 1.9+0.53/0.85/0.043+2.1 ms cpu, 3->3->1 MB, 4 MB goal, 0 MB stacks, 0 MB globals, 16 P
gc 13851 @57.332s 5%: 0.12+0.57+0.14 ms clock, 1.9+0.67/0.89/0.066+2.3 ms cpu, 3->4->1 MB, 4 MB goal, 0 MB stacks, 0 MB globals, 16 P
gc 13852 @57.334s 5%: 0.11+0.57+0.080 ms clock, 1.8+0.61/0.71/0.010+1.2 ms cpu, 3->4->1 MB, 4 MB goal, 0 MB stacks, 0 MB globals, 16 P
gc 13853 @57.335s 5%: 0.14+0.53+0.11 ms clock, 2.3+0.64/0.90/0.039+1.8 ms cpu, 3->4->1 MB, 4 MB goal, 0 MB stacks, 0 MB globals, 16 P
gc 13854 @57.337s 5%: 0.11+0.65+0.090 ms clock, 1.8+0.55/0.97/0.007+1.4 ms cpu, 3->4->1 MB, 4 MB goal, 0 MB stacks, 0 MB globals, 16 P
gc 13855 @57.339s 5%: 0.14+0.85+0.10 ms clock, 2.3+0.80/0.93/0+1.7 ms cpu, 3->4->2 MB, 4 MB goal, 0 MB stacks, 0 MB globals, 16 P
gc 13856 @57.341s 5%: 0.21+0.70+0.046 ms clock, 3.3+0.55/0.95/0+0.75 ms cpu, 4->5->2 MB, 4 MB goal, 0 MB stacks, 0 MB globals, 16 P
gc 13857 @57.343s 5%: 0.10+0.65+0.083 ms clock, 1.6+0.57/0.87/0+1.3 ms cpu, 3->4->2 MB, 4 MB goal, 0 MB stacks, 0 MB globals, 16 P
gc 13858 @57.344s 5%: 0.088+0.63+0.10 ms clock, 1.4+0.55/0.93/0.002+1.6 ms cpu, 3->4->2 MB, 4 MB goal, 0 MB stacks, 0 MB globals, 16 P
gc 13859 @57.346s 5%: 0.11+0.60+0.096 ms clock, 1.8+0.50/0.85/0.014+1.5 ms cpu, 3->4->1 MB, 4 MB goal, 0 MB stacks, 0 MB globals, 16 P
gc 13860 @57.348s 5%: 0.15+0.48+0.17 ms clock, 2.5+0.57/0.76/0.034+2.8 ms cpu, 3->4->2 MB, 4 MB goal, 0 MB stacks, 0 MB globals, 16 P
gc 13861 @57.350s 5%: 0.11+0.57+0.12 ms clock, 1.7+0.56/0.84/0+1.9 ms cpu, 3->4->1 MB, 4 MB goal, 0 MB stacks, 0 MB globals, 16 P
gc 13862 @57.351s 5%: 0.12+0.57+0.11 ms clock, 1.9+0.57/0.76/0.008+1.7 ms cpu, 3->4->1 MB, 4 MB goal, 0 MB stacks, 0 MB globals, 16 P
gc 13863 @57.353s 5%: 0.16+0.56+0.097 ms clock, 2.6+0.66/0.84/0.019+1.5 ms cpu, 3->4->1 MB, 4 MB goal, 0 MB stacks, 0 MB globals, 16 P
gc 13864 @57.355s 5%: 0.16+0.53+0.21 ms clock, 2.6+0.52/0.89/0.010+3.4 ms cpu, 3->4->2 MB, 4 MB goal, 0 MB stacks, 0 MB globals, 16 P
gc 13865 @57.356s 5%: 0.11+0.57+0.095 ms clock, 1.8+0.49/0.87/0+1.5 ms cpu, 3->4->1 MB, 4 MB goal, 0 MB stacks, 0 MB globals, 16 P
gc 13866 @57.358s 5%: 0.17+0.52+0.11 ms clock, 2.8+0.63/0.84/0.066+1.8 ms cpu, 3->4->1 MB, 4 MB goal, 0 MB stacks, 0 MB globals, 16 P
gc 13867 @57.359s 5%: 0.13+0.77+0.085 ms clock, 2.0+0.67/1.1/0+1.3 ms cpu, 3->4->2 MB, 4 MB goal, 0 MB stacks, 0 MB globals, 16 P
gc 13868 @57.361s 5%: 0.11+0.61+0.10 ms clock, 1.7+0.54/0.91/0.001+1.6 ms cpu, 3->4->1 MB, 4 MB goal, 0 MB stacks, 0 MB globals, 16 P
gc 13869 @57.363s 5%: 0.14+0.68+0.17 ms clock, 2.2+0.55/0.99/0.031+2.8 ms cpu, 3->4->2 MB, 4 MB goal, 0 MB stacks, 0 MB globals, 16 P
gc 13870 @57.365s 5%: 0.10+0.53+0.11 ms clock, 1.7+0.57/0.86/0.003+1.7 ms cpu, 3->4->1 MB, 4 MB goal, 0 MB stacks, 0 MB globals, 16 P
gc 13871 @57.367s 5%: 0.12+0.57+0.16 ms clock, 1.9+0.58/0.88/0.005+2.6 ms cpu, 3->4->1 MB, 4 MB goal, 0 MB stacks, 0 MB globals, 16 P
gc 13872 @57.368s 5%: 0.11+0.71+0.065 ms clock, 1.8+0.64/0.69/0+1.0 ms cpu, 3->4->2 MB, 4 MB goal, 0 MB stacks, 0 MB globals, 16 P
gc 13873 @57.370s 5%: 0.11+0.59+0.10 ms clock, 1.8+0.61/0.78/0+1.7 ms cpu, 3->4->1 MB, 4 MB goal, 0 MB stacks, 0 MB globals, 16 P
gc 13874 @57.372s 5%: 0.11+0.58+0.092 ms clock, 1.8+0.68/0.85/0+1.4 ms cpu, 3->4->1 MB, 4 MB goal, 0 MB stacks, 0 MB globals, 16 P
gc 13875 @57.374s 5%: 0.13+0.63+0.16 ms clock, 2.0+0.59/0.81/0+2.5 ms cpu, 3->4->2 MB, 4 MB goal, 0 MB stacks, 0 MB globals, 16 P
gc 13876 @57.375s 5%: 0.14+0.43+0.13 ms clock, 2.3+0.66/0.81/0+2.1 ms cpu, 3->4->1 MB, 4 MB goal, 0 MB stacks, 0 MB globals, 16 P
gc 13877 @57.377s 5%: 0.11+0.68+0.10 ms clock, 1.9+0.75/0.74/0+1.6 ms cpu, 3->4->2 MB, 4 MB goal, 0 MB stacks, 0 MB globals, 16 P
gc 13878 @57.379s 5%: 0.12+0.54+0.12 ms clock, 2.0+0.50/0.95/0+2.0 ms cpu, 3->4->1 MB, 4 MB goal, 0 MB stacks, 0 MB globals, 16 P
gc 13879 @57.380s 5%: 0.13+0.63+0.085 ms clock, 2.1+0.50/0.95/0+1.3 ms cpu, 3->4->1 MB, 4 MB goal, 0 MB stacks, 0 MB globals, 16 P
gc 13880 @57.382s 5%: 0.090+0.62+0.10 ms clock, 1.4+0.61/0.87/0+1.7 ms cpu, 3->4->2 MB, 4 MB goal, 0 MB stacks, 0 MB globals, 16 P
gc 13881 @57.384s 5%: 0.12+0.52+0.12 ms clock, 1.9+0.56/0.81/0+2.0 ms cpu, 3->4->1 MB, 4 MB goal, 0 MB stacks, 0 MB globals, 16 P
gc 13882 @57.385s 5%: 0.11+0.58+0.13 ms clock, 1.8+0.52/0.77/0.094+2.0 ms cpu, 3->4->1 MB, 4 MB goal, 0 MB stacks, 0 MB globals, 16 P
gc 13883 @57.387s 5%: 0.12+0.63+0.10 ms clock, 2.0+0.58/0.89/0+1.6 ms cpu, 3->4->2 MB, 4 MB goal, 0 MB stacks, 0 MB globals, 16 P
gc 13884 @57.388s 5%: 0.12+0.55+0.10 ms clock, 1.9+0.61/0.87/0.015+1.6 ms cpu, 3->4->2 MB, 4 MB goal, 0 MB stacks, 0 MB globals, 16 P
gc 13885 @57.390s 5%: 0.11+0.73+0.088 ms clock, 1.7+0.59/0.89/0.007+1.4 ms cpu, 3->4->2 MB, 4 MB goal, 0 MB stacks, 0 MB globals, 16 P
gc 13886 @57.392s 5%: 0.15+0.57+0.11 ms clock, 2.4+0.56/0.76/0+1.8 ms cpu, 3->4->1 MB, 4 MB goal, 0 MB stacks, 0 MB globals, 16 P
gc 13887 @57.394s 5%: 0.099+0.50+0.16 ms clock, 1.5+0.54/0.81/0+2.7 ms cpu, 3->4->1 MB, 4 MB goal, 0 MB stacks, 0 MB globals, 16 P
gc 13888 @57.395s 5%: 0.11+0.53+0.11 ms clock, 1.8+0.62/0.73/0+1.7 ms cpu, 3->4->1 MB, 4 MB goal, 0 MB stacks, 0 MB globals, 16 P
gc 13889 @57.397s 5%: 0.12+0.50+0.15 ms clock, 2.0+0.62/0.87/0+2.5 ms cpu, 3->4->1 MB, 4 MB goal, 0 MB stacks, 0 MB globals, 16 P
gc 13890 @57.399s 5%: 0.15+0.53+0.083 ms clock, 2.5+0.47/0.83/0+1.3 ms cpu, 3->4->1 MB, 4 MB goal, 0 MB stacks, 0 MB globals, 16 P
gc 13891 @57.400s 5%: 0.096+0.55+0.11 ms clock, 1.5+0.62/0.77/0.017+1.8 ms cpu, 3->4->1 MB, 4 MB goal, 0 MB stacks, 0 MB globals, 16 P
gc 13892 @57.402s 5%: 0.10+0.52+0.095 ms clock, 1.7+0.64/0.93/0+1.5 ms cpu, 3->4->1 MB, 4 MB goal, 0 MB stacks, 0 MB globals, 16 P
gc 13893 @57.403s 5%: 0.13+0.65+0.11 ms clock, 2.1+0.66/0.84/0+1.8 ms cpu, 3->4->2 MB, 4 MB goal, 0 MB stacks, 0 MB globals, 16 P
gc 13894 @57.405s 5%: 0.13+0.53+0.12 ms clock, 2.1+0.65/0.78/0+1.9 ms cpu, 3->4->1 MB, 4 MB goal, 0 MB stacks, 0 MB globals, 16 P
gc 13895 @57.406s 5%: 0.12+0.60+0.099 ms clock, 1.9+0.67/0.89/0.014+1.5 ms cpu, 3->4->2 MB, 4 MB goal, 0 MB stacks, 0 MB globals, 16 P
gc 13896 @57.408s 5%: 0.10+0.52+0.15 ms clock, 1.6+0.52/0.80/0+2.5 ms cpu, 3->4->1 MB, 4 MB goal, 0 MB stacks, 0 MB globals, 16 P
gc 13897 @57.410s 5%: 0.12+0.53+0.10 ms clock, 1.9+0.62/0.80/0+1.7 ms cpu, 3->4->1 MB, 4 MB goal, 0 MB stacks, 0 MB globals, 16 P
gc 13898 @57.412s 5%: 0.10+0.45+0.13 ms clock, 1.6+0.60/0.88/0+2.1 ms cpu, 3->4->1 MB, 4 MB goal, 0 MB stacks, 0 MB globals, 16 P
gc 13899 @57.413s 5%: 0.12+0.71+0.12 ms clock, 1.9+0.64/0.91/0.008+2.0 ms cpu, 3->4->2 MB, 4 MB goal, 0 MB stacks, 0 MB globals, 16 P
gc 13900 @57.415s 5%: 0.14+0.51+0.093 ms clock, 2.3+0.65/0.80/0.009+1.4 ms cpu, 3->4->1 MB, 4 MB goal, 0 MB stacks, 0 MB globals, 16 P
gc 13901 @57.417s 5%: 0.14+0.62+0.064 ms clock, 2.2+0.65/0.79/0+1.0 ms cpu, 3->4->1 MB, 4 MB goal, 0 MB stacks, 0 MB globals, 16 P
gc 13902 @57.418s 5%: 0.13+0.51+0.13 ms clock, 2.1+0.52/0.78/0.028+2.1 ms cpu, 3->4->1 MB, 4 MB goal, 0 MB stacks, 0 MB globals, 16 P
gc 13903 @57.420s 5%: 0.10+0.58+0.10 ms clock, 1.6+0.70/0.89/0+1.7 ms cpu, 3->4->1 MB, 4 MB goal, 0 MB stacks, 0 MB globals, 16 P
gc 13904 @57.421s 5%: 0.13+0.61+0.10 ms clock, 2.2+0.70/0.88/0+1.6 ms cpu, 3->4->2 MB, 4 MB goal, 0 MB stacks, 0 MB globals, 16 P
gc 13905 @57.423s 5%: 0.13+0.83+0.10 ms clock, 2.1+0.64/0.84/0+1.6 ms cpu, 3->4->2 MB, 4 MB goal, 0 MB stacks, 0 MB globals, 16 P
gc 13906 @57.425s 5%: 0.12+0.53+0.10 ms clock, 1.9+0.69/0.79/0.010+1.6 ms cpu, 4->4->1 MB, 4 MB goal, 0 MB stacks, 0 MB globals, 16 P
gc 13907 @57.427s 5%: 0.11+0.56+0.095 ms clock, 1.7+0.59/0.83/0.019+1.5 ms cpu, 3->4->1 MB, 4 MB goal, 0 MB stacks, 0 MB globals, 16 P
gc 13908 @57.429s 5%: 0.096+0.45+0.12 ms clock, 1.5+0.42/0.68/0.12+2.0 ms cpu, 3->3->1 MB, 4 MB goal, 0 MB stacks, 0 MB globals, 16 P
gc 13909 @57.430s 5%: 0.17+0.64+0.13 ms clock, 2.8+0.72/0.84/0+2.1 ms cpu, 3->4->2 MB, 4 MB goal, 0 MB stacks, 0 MB globals, 16 P
gc 13910 @57.432s 5%: 0.12+0.57+0.12 ms clock, 1.9+0.50/0.88/0+1.9 ms cpu, 3->4->1 MB, 4 MB goal, 0 MB stacks, 0 MB globals, 16 P
gc 13911 @57.434s 5%: 0.10+0.76+0.10 ms clock, 1.6+0.60/0.70/0.054+1.7 ms cpu, 3->4->2 MB, 4 MB goal, 0 MB stacks, 0 MB globals, 16 P
gc 13912 @57.436s 5%: 0.10+0.48+0.092 ms clock, 1.6+0.45/0.96/0+1.4 ms cpu, 3->4->1 MB, 4 MB goal, 0 MB stacks, 0 MB globals, 16 P
gc 13913 @57.437s 5%: 0.12+0.83+0.096 ms clock, 2.0+0.80/0.86/0+1.5 ms cpu, 3->4->2 MB, 4 MB goal, 0 MB stacks, 0 MB globals, 16 P
gc 13914 @57.439s 5%: 0.10+0.61+0.10 ms clock, 1.7+0.66/0.69/0+1.6 ms cpu, 3->4->2 MB, 4 MB goal, 0 MB stacks, 0 MB globals, 16 P
gc 13915 @57.441s 5%: 0.17+0.73+0.10 ms clock, 2.7+0.64/0.81/0+1.6 ms cpu, 3->4->2 MB, 4 MB goal, 0 MB stacks, 0 MB globals, 16 P
gc 13916 @57.443s 5%: 0.18+0.49+0.11 ms clock, 3.0+0.70/0.72/0+1.8 ms cpu, 3->4->1 MB, 4 MB goal, 0 MB stacks, 0 MB globals, 16 P
gc 13917 @57.444s 5%: 0.18+0.58+0.084 ms clock, 2.8+0.66/0.84/0+1.3 ms cpu, 3->4->2 MB, 4 MB goal, 0 MB stacks, 0 MB globals, 16 P
gc 13918 @57.446s 5%: 0.10+0.61+0.094 ms clock, 1.7+0.57/0.90/0+1.5 ms cpu, 3->4->1 MB, 4 MB goal, 0 MB stacks, 0 MB globals, 16 P
gc 13919 @57.448s 5%: 0.16+0.64+0.18 ms clock, 2.6+0.52/0.75/0.078+2.9 ms cpu, 3->4->1 MB, 4 MB goal, 0 MB stacks, 0 MB globals, 16 P
gc 13920 @57.449s 5%: 0.20+0.64+0.17 ms clock, 3.3+0.67/0.85/0+2.8 ms cpu, 3->4->2 MB, 4 MB goal, 0 MB stacks, 0 MB globals, 16 P
gc 13921 @57.451s 5%: 0.083+0.53+0.092 ms clock, 1.3+0.46/0.91/0.061+1.4 ms cpu, 4->4->1 MB, 4 MB goal, 0 MB stacks, 0 MB globals, 16 P
gc 13922 @57.453s 5%: 0.13+0.44+0.21 ms clock, 2.1+0.76/0.70/0+3.5 ms cpu, 3->4->1 MB, 4 MB goal, 0 MB stacks, 0 MB globals, 16 P
gc 13923 @57.454s 5%: 0.11+0.56+0.15 ms clock, 1.8+0.73/0.87/0.030+2.5 ms cpu, 3->4->1 MB, 4 MB goal, 0 MB stacks, 0 MB globals, 16 P
gc 13924 @57.456s 5%: 0.18+0.61+0.14 ms clock, 3.0+0.71/0.92/0+2.3 ms cpu, 3->4->2 MB, 4 MB goal, 0 MB stacks, 0 MB globals, 16 P
gc 13925 @57.458s 5%: 0.13+0.55+0.099 ms clock, 2.2+0.46/0.94/0.003+1.5 ms cpu, 3->4->1 MB, 4 MB goal, 0 MB stacks, 0 MB globals, 16 P
gc 13926 @57.459s 5%: 0.19+0.56+0.092 ms clock, 3.1+0.70/0.70/0+1.4 ms cpu, 3->4->2 MB, 4 MB goal, 0 MB stacks, 0 MB globals, 16 P
gc 13927 @57.461s 5%: 0.13+0.63+0.16 ms clock, 2.1+0.57/0.79/0+2.6 ms cpu, 3->4->2 MB, 4 MB goal, 0 MB stacks, 0 MB globals, 16 P
gc 13928 @57.463s 5%: 0.14+0.51+0.14 ms clock, 2.2+0.73/0.89/0+2.3 ms cpu, 3->4->1 MB, 4 MB goal, 0 MB stacks, 0 MB globals, 16 P
gc 13929 @57.464s 5%: 0.18+0.51+0.13 ms clock, 2.9+0.66/0.91/0+2.2 ms cpu, 3->4->2 MB, 4 MB goal, 0 MB stacks, 0 MB globals, 16 P
gc 13930 @57.466s 5%: 0.091+0.53+0.088 ms clock, 1.4+0.36/0.89/0+1.4 ms cpu, 3->4->1 MB, 4 MB goal, 0 MB stacks, 0 MB globals, 16 P
gc 13931 @57.468s 5%: 0.10+0.51+0.15 ms clock, 1.6+0.57/0.88/0.006+2.4 ms cpu, 3->4->1 MB, 4 MB goal, 0 MB stacks, 0 MB globals, 16 P
gc 13932 @57.469s 5%: 0.073+0.56+0.19 ms clock, 1.1+0.50/0.84/0.090+3.1 ms cpu, 3->4->1 MB, 4 MB goal, 0 MB stacks, 0 MB globals, 16 P
gc 13933 @57.471s 5%: 0.17+0.75+0.080 ms clock, 2.7+0.63/0.95/0+1.2 ms cpu, 3->4->2 MB, 4 MB goal, 0 MB stacks, 0 MB globals, 16 P
gc 13934 @57.473s 5%: 0.13+0.56+0.17 ms clock, 2.2+0.64/0.68/0+2.8 ms cpu, 3->4->1 MB, 4 MB goal, 0 MB stacks, 0 MB globals, 16 P
gc 13935 @57.475s 5%: 0.19+0.66+0.045 ms clock, 3.1+0.74/0.91/0+0.72 ms cpu, 3->4->2 MB, 4 MB goal, 0 MB stacks, 0 MB globals, 16 P
gc 13936 @57.476s 5%: 0.096+0.63+0.11 ms clock, 1.5+0.50/0.93/0+1.7 ms cpu, 3->4->1 MB, 4 MB goal, 0 MB stacks, 0 MB globals, 16 P
gc 13937 @57.478s 5%: 0.12+0.53+0.10 ms clock, 1.9+0.46/0.83/0+1.6 ms cpu, 3->4->1 MB, 4 MB goal, 0 MB stacks, 0 MB globals, 16 P
gc 13938 @57.480s 5%: 0.11+0.66+0.089 ms clock, 1.8+0.56/0.83/0+1.4 ms cpu, 3->4->1 MB, 4 MB goal, 0 MB stacks, 0 MB globals, 16 P
gc 13939 @57.481s 5%: 0.15+0.68+0.10 ms clock, 2.4+0.63/0.83/0.003+1.7 ms cpu, 3->4->2 MB, 4 MB goal, 0 MB stacks, 0 MB globals, 16 P
gc 13940 @57.483s 5%: 0.11+0.54+0.16 ms clock, 1.8+0.57/0.78/0.011+2.6 ms cpu, 3->4->1 MB, 4 MB goal, 0 MB stacks, 0 MB globals, 16 P
gc 13941 @57.485s 5%: 0.11+0.56+0.086 ms clock, 1.7+0.60/0.76/0.006+1.3 ms cpu, 3->4->2 MB, 4 MB goal, 0 MB stacks, 0 MB globals, 16 P
gc 13942 @57.486s 5%: 0.11+0.61+0.15 ms clock, 1.7+0.72/0.85/0+2.5 ms cpu, 3->4->2 MB, 4 MB goal, 0 MB stacks, 0 MB globals, 16 P
gc 13943 @57.488s 5%: 0.11+0.52+0.15 ms clock, 1.8+0.36/0.85/0+2.4 ms cpu, 3->4->1 MB, 4 MB goal, 0 MB stacks, 0 MB globals, 16 P
gc 13944 @57.490s 5%: 0.14+0.67+0.079 ms clock, 2.3+0.50/0.95/0+1.2 ms cpu, 3->4->2 MB, 4 MB goal, 0 MB stacks, 0 MB globals, 16 P
gc 13945 @57.492s 5%: 0.12+0.61+0.089 ms clock, 2.0+0.58/0.91/0+1.4 ms cpu, 3->4->2 MB, 4 MB goal, 0 MB stacks, 0 MB globals, 16 P
gc 13946 @57.494s 5%: 0.11+0.58+0.16 ms clock, 1.8+0.66/0.74/0+2.6 ms cpu, 3->4->1 MB, 4 MB goal, 0 MB stacks, 0 MB globals, 16 P
gc 13947 @57.495s 5%: 0.15+0.57+0.15 ms clock, 2.5+0.67/0.83/0+2.4 ms cpu, 3->4->2 MB, 4 MB goal, 0 MB stacks, 0 MB globals, 16 P
gc 13948 @57.497s 5%: 0.16+0.58+0.10 ms clock, 2.6+0.67/0.83/0.004+1.6 ms cpu, 3->4->2 MB, 4 MB goal, 0 MB stacks, 0 MB globals, 16 P
gc 13949 @57.499s 5%: 0.080+0.53+0.12 ms clock, 1.2+0.72/0.67/0.038+2.0 ms cpu, 3->4->1 MB, 4 MB goal, 0 MB stacks, 0 MB globals, 16 P
gc 13950 @57.500s 5%: 0.17+0.73+0.076 ms clock, 2.8+0.58/0.92/0.036+1.2 ms cpu, 3->4->2 MB, 4 MB goal, 0 MB stacks, 0 MB globals, 16 P
gc 13951 @57.502s 5%: 0.11+0.58+0.14 ms clock, 1.7+0.54/0.82/0+2.2 ms cpu, 3->4->2 MB, 4 MB goal, 0 MB stacks, 0 MB globals, 16 P
gc 13952 @57.504s 5%: 0.14+0.61+0.10 ms clock, 2.3+0.55/0.72/0.024+1.7 ms cpu, 3->4->1 MB, 4 MB goal, 0 MB stacks, 0 MB globals, 16 P
gc 13953 @57.506s 5%: 0.18+0.60+0.13 ms clock, 2.9+0.75/0.76/0+2.1 ms cpu, 3->4->2 MB, 4 MB goal, 0 MB stacks, 0 MB globals, 16 P
gc 13954 @57.507s 5%: 0.11+0.57+0.095 ms clock, 1.7+0.41/0.77/0.043+1.5 ms cpu, 3->4->1 MB, 4 MB goal, 0 MB stacks, 0 MB globals, 16 P
gc 13955 @57.509s 5%: 0.20+0.54+0.14 ms clock, 3.3+0.66/0.91/0+2.3 ms cpu, 3->4->2 MB, 4 MB goal, 0 MB stacks, 0 MB globals, 16 P
gc 13956 @57.511s 5%: 0.15+0.77+0.10 ms clock, 2.4+0.58/0.91/0+1.6 ms cpu, 3->4->2 MB, 4 MB goal, 0 MB stacks, 0 MB globals, 16 P
gc 13957 @57.513s 5%: 0.084+0.65+0.11 ms clock, 1.3+0.65/0.65/0+1.8 ms cpu, 3->4->1 MB, 4 MB goal, 0 MB stacks, 0 MB globals, 16 P
gc 13958 @57.514s 5%: 0.11+0.64+0.11 ms clock, 1.8+0.68/0.81/0+1.7 ms cpu, 3->4->1 MB, 4 MB goal, 0 MB stacks, 0 MB globals, 16 P
gc 13959 @57.516s 5%: 0.23+0.65+0.093 ms clock, 3.7+0.57/0.84/0.060+1.4 ms cpu, 3->4->2 MB, 4 MB goal, 0 MB stacks, 0 MB globals, 16 P
gc 13960 @57.518s 5%: 0.12+0.54+0.16 ms clock, 2.0+0.60/0.88/0+2.6 ms cpu, 3->4->2 MB, 4 MB goal, 0 MB stacks, 0 MB globals, 16 P
gc 13961 @57.520s 5%: 0.14+0.53+0.092 ms clock, 2.2+0.71/0.95/0.001+1.4 ms cpu, 3->4->1 MB, 4 MB goal, 0 MB stacks, 0 MB globals, 16 P
gc 13962 @57.521s 5%: 0.14+0.64+0.12 ms clock, 2.3+0.67/0.92/0.003+1.9 ms cpu, 3->4->2 MB, 4 MB goal, 0 MB stacks, 0 MB globals, 16 P
gc 13963 @57.523s 5%: 0.13+0.65+0.087 ms clock, 2.1+0.58/0.85/0+1.3 ms cpu, 3->4->1 MB, 4 MB goal, 0 MB stacks, 0 MB globals, 16 P
gc 13964 @57.525s 5%: 0.12+0.82+0.098 ms clock, 2.0+0.59/0.81/0.003+1.5 ms cpu, 3->4->2 MB, 4 MB goal, 0 MB stacks, 0 MB globals, 16 P
gc 13965 @57.527s 5%: 0.16+0.67+0.088 ms clock, 2.6+0.67/0.70/0+1.4 ms cpu, 3->4->2 MB, 4 MB goal, 0 MB stacks, 0 MB globals, 16 P
gc 13966 @57.529s 5%: 0.12+0.54+0.12 ms clock, 1.9+0.58/0.90/0.007+2.0 ms cpu, 3->4->2 MB, 4 MB goal, 0 MB stacks, 0 MB globals, 16 P
gc 13967 @57.530s 5%: 0.13+0.47+0.16 ms clock, 2.1+0.66/0.73/0.028+2.7 ms cpu, 3->4->1 MB, 4 MB goal, 0 MB stacks, 0 MB globals, 16 P
gc 13968 @57.532s 5%: 0.22+0.80+0.11 ms clock, 3.6+0.61/0.78/0+1.8 ms cpu, 3->4->2 MB, 4 MB goal, 0 MB stacks, 0 MB globals, 16 P
gc 13969 @57.534s 5%: 0.12+0.62+0.16 ms clock, 1.9+0.45/1.0/0+2.6 ms cpu, 4->4->2 MB, 4 MB goal, 0 MB stacks, 0 MB globals, 16 P
gc 13970 @57.536s 5%: 0.095+0.56+0.14 ms clock, 1.5+0.62/0.89/0.013+2.3 ms cpu, 3->4->1 MB, 4 MB goal, 0 MB stacks, 0 MB globals, 16 P
gc 13971 @57.538s 5%: 0.17+0.49+0.15 ms clock, 2.7+0.75/0.87/0.002+2.4 ms cpu, 3->4->2 MB, 4 MB goal, 0 MB stacks, 0 MB globals, 16 P
gc 13972 @57.539s 5%: 0.090+0.72+0.10 ms clock, 1.4+0.59/0.87/0+1.6 ms cpu, 3->4->2 MB, 4 MB goal, 0 MB stacks, 0 MB globals, 16 P
gc 13973 @57.541s 5%: 0.12+0.55+0.085 ms clock, 2.0+0.58/0.81/0.12+1.3 ms cpu, 3->4->1 MB, 4 MB goal, 0 MB stacks, 0 MB globals, 16 P
gc 13974 @57.543s 5%: 0.11+0.65+0.098 ms clock, 1.7+0.49/0.94/0+1.5 ms cpu, 3->4->2 MB, 4 MB goal, 0 MB stacks, 0 MB globals, 16 P
gc 13975 @57.545s 5%: 0.099+0.54+0.094 ms clock, 1.5+0.55/0.90/0+1.5 ms cpu, 3->4->1 MB, 4 MB goal, 0 MB stacks, 0 MB globals, 16 P
gc 13976 @57.546s 5%: 0.079+0.58+0.10 ms clock, 1.2+0.47/1.0/0.007+1.7 ms cpu, 3->4->1 MB, 4 MB goal, 0 MB stacks, 0 MB globals, 16 P
gc 13977 @57.548s 5%: 0.11+0.53+0.093 ms clock, 1.8+0.60/0.73/0.039+1.4 ms cpu, 3->4->1 MB, 4 MB goal, 0 MB stacks, 0 MB globals, 16 P
gc 13978 @57.549s 5%: 0.14+0.54+0.13 ms clock, 2.3+0.54/0.84/0+2.1 ms cpu, 3->4->2 MB, 4 MB goal, 0 MB stacks, 0 MB globals, 16 P
gc 13979 @57.551s 5%: 0.092+0.64+0.088 ms clock, 1.4+0.49/0.85/0+1.4 ms cpu, 3->4->1 MB, 4 MB goal, 0 MB stacks, 0 MB globals, 16 P
gc 13980 @57.553s 5%: 0.065+0.52+0.10 ms clock, 1.0+0.50/0.82/0+1.6 ms cpu, 3->4->1 MB, 4 MB goal, 0 MB stacks, 0 MB globals, 16 P
gc 13981 @57.554s 5%: 0.090+0.73+0.095 ms clock, 1.4+0.54/0.85/0+1.5 ms cpu, 3->4->2 MB, 4 MB goal, 0 MB stacks, 0 MB globals, 16 P
gc 13982 @57.556s 5%: 0.11+0.58+0.10 ms clock, 1.9+0.69/0.84/0.019+1.7 ms cpu, 3->4->1 MB, 4 MB goal, 0 MB stacks, 0 MB globals, 16 P
gc 13983 @57.558s 5%: 0.14+0.51+0.16 ms clock, 2.2+0.66/0.83/0+2.6 ms cpu, 3->4->1 MB, 4 MB goal, 0 MB stacks, 0 MB globals, 16 P
gc 13984 @57.559s 5%: 0.12+0.55+0.13 ms clock, 2.0+0.67/0.73/0+2.0 ms cpu, 3->4->1 MB, 4 MB goal, 0 MB stacks, 0 MB globals, 16 P
gc 13985 @57.561s 5%: 0.13+0.84+0.075 ms clock, 2.1+0.66/1.0/0.011+1.2 ms cpu, 3->4->2 MB, 4 MB goal, 0 MB stacks, 0 MB globals, 16 P
gc 13986 @57.563s 5%: 0.14+0.64+0.12 ms clock, 2.3+0.84/0.71/0+1.9 ms cpu, 4->4->2 MB, 4 MB goal, 0 MB stacks, 0 MB globals, 16 P
gc 13987 @57.565s 5%: 0.11+0.47+0.13 ms clock, 1.7+0.44/0.78/0.047+2.2 ms cpu, 3->4->1 MB, 4 MB goal, 0 MB stacks, 0 MB globals, 16 P
gc 13988 @57.566s 5%: 0.15+0.60+0.098 ms clock, 2.4+0.67/0.83/0+1.5 ms cpu, 3->4->1 MB, 4 MB goal, 0 MB stacks, 0 MB globals, 16 P
gc 13989 @57.568s 5%: 0.17+0.55+0.11 ms clock, 2.8+0.64/0.88/0.001+1.7 ms cpu, 3->4->2 MB, 4 MB goal, 0 MB stacks, 0 MB globals, 16 P
gc 13990 @57.570s 5%: 0.13+0.55+0.10 ms clock, 2.0+0.50/0.85/0.033+1.6 ms cpu, 3->4->1 MB, 4 MB goal, 0 MB stacks, 0 MB globals, 16 P
gc 13991 @57.571s 5%: 0.10+0.55+0.085 ms clock, 1.6+0.46/0.87/0.002+1.3 ms cpu, 3->4->1 MB, 4 MB goal, 0 MB stacks, 0 MB globals, 16 P
gc 13992 @57.573s 5%: 0.14+0.65+0.11 ms clock, 2.2+0.65/0.73/0.001+1.8 ms cpu, 3->4->2 MB, 4 MB goal, 0 MB stacks, 0 MB globals, 16 P
gc 13993 @57.574s 5%: 0.11+0.60+0.16 ms clock, 1.8+0.51/0.72/0.044+2.6 ms cpu, 3->4->1 MB, 4 MB goal, 0 MB stacks, 0 MB globals, 16 P
gc 13994 @57.576s 5%: 0.18+0.46+0.062 ms clock, 2.9+0.67/0.85/0.020+0.99 ms cpu, 3->4->1 MB, 4 MB goal, 0 MB stacks, 0 MB globals, 16 P
gc 13995 @57.578s 5%: 0.16+0.70+0.10 ms clock, 2.6+0.65/0.81/0.004+1.6 ms cpu, 3->4->2 MB, 4 MB goal, 0 MB stacks, 0 MB globals, 16 P
gc 13996 @57.580s 5%: 0.17+0.61+0.13 ms clock, 2.7+0.55/0.82/0.055+2.0 ms cpu, 3->4->2 MB, 4 MB goal, 0 MB stacks, 0 MB globals, 16 P
gc 13997 @57.581s 5%: 0.18+0.65+0.080 ms clock, 2.9+0.61/0.89/0+1.2 ms cpu, 3->4->2 MB, 4 MB goal, 0 MB stacks, 0 MB globals, 16 P
gc 13998 @57.583s 5%: 0.11+0.53+0.11 ms clock, 1.7+0.47/0.79/0+1.7 ms cpu, 3->4->1 MB, 4 MB goal, 0 MB stacks, 0 MB globals, 16 P
gc 13999 @57.585s 5%: 0.15+0.60+0.17 ms clock, 2.4+0.70/0.76/0+2.8 ms cpu, 3->4->2 MB, 4 MB goal, 0 MB stacks, 0 MB globals, 16 P
gc 14000 @57.587s 5%: 0.13+0.61+0.15 ms clock, 2.1+0.49/0.90/0+2.4 ms cpu, 3->4->2 MB, 4 MB goal, 0 MB stacks, 0 MB globals, 16 P
gc 14001 @57.589s 5%: 0.10+0.54+0.099 ms clock, 1.6+0.53/0.80/0+1.5 ms cpu, 3->4->1 MB, 4 MB goal, 0 MB stacks, 0 MB globals, 16 P
gc 14002 @57.590s 5%: 0.20+0.62+0.10 ms clock, 3.2+0.68/0.74/0+1.7 ms cpu, 3->4->2 MB, 4 MB goal, 0 MB stacks, 0 MB globals, 16 P
gc 14003 @57.592s 5%: 0.14+0.63+0.10 ms clock, 2.3+0.57/0.79/0.020+1.6 ms cpu, 3->4->1 MB, 4 MB goal, 0 MB stacks, 0 MB globals, 16 P
gc 14004 @57.594s 5%: 0.18+0.65+0.12 ms clock, 2.9+0.70/0.89/0+2.0 ms cpu, 3->4->2 MB, 4 MB goal, 0 MB stacks, 0 MB globals, 16 P
gc 14005 @57.596s 5%: 0.12+0.80+0.16 ms clock, 1.9+0.59/1.0/0.023+2.6 ms cpu, 3->4->2 MB, 4 MB goal, 0 MB stacks, 0 MB globals, 16 P
gc 14006 @57.598s 5%: 0.11+0.65+0.10 ms clock, 1.8+0.51/0.75/0.006+1.7 ms cpu, 4->4->1 MB, 4 MB goal, 0 MB stacks, 0 MB globals, 16 P
gc 14007 @57.599s 5%: 0.10+0.55+0.092 ms clock, 1.7+0.44/0.91/0.017+1.4 ms cpu, 3->4->1 MB, 4 MB goal, 0 MB stacks, 0 MB globals, 16 P
gc 14008 @57.601s 5%: 0.15+0.60+0.095 ms clock, 2.4+0.63/0.89/0.014+1.5 ms cpu, 3->4->2 MB, 4 MB goal, 0 MB stacks, 0 MB globals, 16 P
gc 14009 @57.603s 5%: 0.14+0.49+0.14 ms clock, 2.3+0.71/0.74/0.097+2.3 ms cpu, 3->4->1 MB, 4 MB goal, 0 MB stacks, 0 MB globals, 16 P
gc 14010 @57.604s 5%: 0.12+0.60+0.12 ms clock, 2.0+0.76/0.83/0+2.0 ms cpu, 3->4->1 MB, 4 MB goal, 0 MB stacks, 0 MB globals, 16 P
gc 14011 @57.606s 5%: 0.14+0.53+0.12 ms clock, 2.2+0.44/0.90/0+1.9 ms cpu, 3->4->1 MB, 4 MB goal, 0 MB stacks, 0 MB globals, 16 P
gc 14012 @57.608s 5%: 0.10+0.82+0.096 ms clock, 1.7+0.53/0.78/0.093+1.5 ms cpu, 3->4->2 MB, 4 MB goal, 0 MB stacks, 0 MB globals, 16 P
gc 14013 @57.609s 5%: 0.13+0.46+0.17 ms clock, 2.1+0.68/0.73/0+2.8 ms cpu, 3->4->1 MB, 4 MB goal, 0 MB stacks, 0 MB globals, 16 P
gc 14014 @57.611s 5%: 0.15+0.68+0.086 ms clock, 2.5+0.55/1.0/0+1.3 ms cpu, 3->4->2 MB, 4 MB goal, 0 MB stacks, 0 MB globals, 16 P
gc 14015 @57.613s 5%: 0.10+0.65+0.16 ms clock, 1.6+0.60/0.91/0.003+2.6 ms cpu, 3->4->1 MB, 4 MB goal, 0 MB stacks, 0 MB globals, 16 P
gc 14016 @57.614s 5%: 0.14+0.45+0.12 ms clock, 2.3+0.62/0.65/0.040+1.9 ms cpu, 3->4->1 MB, 4 MB goal, 0 MB stacks, 0 MB globals, 16 P
gc 14017 @57.616s 5%: 0.21+0.62+0.11 ms clock, 3.3+0.62/0.98/0+1.8 ms cpu, 3->4->2 MB, 4 MB goal, 0 MB stacks, 0 MB globals, 16 P
gc 14018 @57.618s 5%: 0.15+0.66+0.094 ms clock, 2.4+0.48/0.85/0.020+1.5 ms cpu, 3->4->2 MB, 4 MB goal, 0 MB stacks, 0 MB globals, 16 P
gc 14019 @57.620s 5%: 0.14+0.86+0.11 ms clock, 2.3+0.67/0.80/0.012+1.9 ms cpu, 3->4->2 MB, 4 MB goal, 0 MB stacks, 0 MB globals, 16 P
gc 14020 @57.622s 5%: 0.11+0.55+0.16 ms clock, 1.8+0.61/0.85/0.049+2.5 ms cpu, 4->4->1 MB, 4 MB goal, 0 MB stacks, 0 MB globals, 16 P
gc 14021 @57.623s 5%: 0.10+0.57+0.10 ms clock, 1.7+0.62/0.88/0+1.6 ms cpu, 3->4->2 MB, 4 MB goal, 0 MB stacks, 0 MB globals, 16 P
gc 14022 @57.625s 5%: 0.11+0.57+0.11 ms clock, 1.8+0.52/0.84/0+1.7 ms cpu, 3->4->2 MB, 4 MB goal, 0 MB stacks, 0 MB globals, 16 P
gc 14023 @57.627s 5%: 0.11+0.53+0.14 ms clock, 1.8+0.49/0.75/0.050+2.3 ms cpu, 3->4->1 MB, 4 MB goal, 0 MB stacks, 0 MB globals, 16 P
gc 14024 @57.629s 5%: 0.16+0.56+0.12 ms clock, 2.5+0.64/0.73/0.001+2.0 ms cpu, 3->4->2 MB, 4 MB goal, 0 MB stacks, 0 MB globals, 16 P
gc 14025 @57.631s 5%: 0.13+0.57+0.18 ms clock, 2.1+0.81/0.80/0.004+2.9 ms cpu, 4->4->1 MB, 4 MB goal, 0 MB stacks, 0 MB globals, 16 P
gc 14026 @57.632s 5%: 0.13+0.58+0.18 ms clock, 2.0+0.71/0.82/0.022+2.9 ms cpu, 3->4->1 MB, 4 MB goal, 0 MB stacks, 0 MB globals, 16 P
gc 14027 @57.634s 5%: 0.12+0.81+0.11 ms clock, 1.9+0.53/1.0/0+1.7 ms cpu, 3->4->2 MB, 4 MB goal, 0 MB stacks, 0 MB globals, 16 P
gc 14028 @57.636s 5%: 0.13+0.67+0.12 ms clock, 2.2+0.84/0.88/0+1.9 ms cpu, 4->4->2 MB, 4 MB goal, 0 MB stacks, 0 MB globals, 16 P
gc 14029 @57.638s 5%: 0.12+0.54+0.16 ms clock, 1.9+0.49/0.94/0.029+2.6 ms cpu, 3->4->2 MB, 4 MB goal, 0 MB stacks, 0 MB globals, 16 P
gc 14030 @57.639s 5%: 0.14+0.78+0.12 ms clock, 2.3+0.65/1.0/0+1.9 ms cpu, 3->4->2 MB, 4 MB goal, 0 MB stacks, 0 MB globals, 16 P
gc 14031 @57.641s 5%: 0.10+0.50+0.12 ms clock, 1.6+0.65/0.89/0.044+2.0 ms cpu, 4->4->1 MB, 4 MB goal, 0 MB stacks, 0 MB globals, 16 P
gc 14032 @57.643s 5%: 0.15+0.46+0.15 ms clock, 2.5+0.64/0.74/0.024+2.5 ms cpu, 3->4->1 MB, 4 MB goal, 0 MB stacks, 0 MB globals, 16 P
gc 14033 @57.645s 5%: 0.11+0.74+0.10 ms clock, 1.8+0.62/0.83/0+1.6 ms cpu, 3->4->2 MB, 4 MB goal, 0 MB stacks, 0 MB globals, 16 P
gc 14034 @57.647s 5%: 0.13+0.64+0.11 ms clock, 2.1+0.59/0.85/0+1.7 ms cpu, 3->4->2 MB, 4 MB goal, 0 MB stacks, 0 MB globals, 16 P
gc 14035 @57.649s 5%: 0.12+0.55+0.081 ms clock, 2.0+0.55/0.84/0+1.3 ms cpu, 3->4->1 MB, 4 MB goal, 0 MB stacks, 0 MB globals, 16 P
gc 14036 @57.650s 5%: 0.17+0.62+0.10 ms clock, 2.7+0.61/0.88/0.009+1.6 ms cpu, 3->4->2 MB, 4 MB goal, 0 MB stacks, 0 MB globals, 16 P
gc 14037 @57.652s 5%: 0.16+0.66+0.062 ms clock, 2.6+0.66/0.85/0+0.99 ms cpu, 3->4->2 MB, 4 MB goal, 0 MB stacks, 0 MB globals, 16 P
gc 14038 @57.654s 5%: 0.12+0.71+0.081 ms clock, 2.0+0.49/0.87/0.015+1.3 ms cpu, 3->4->2 MB, 4 MB goal, 0 MB stacks, 0 MB globals, 16 P
gc 14039 @57.656s 5%: 0.14+0.59+0.10 ms clock, 2.2+0.48/1.0/0+1.6 ms cpu, 3->4->2 MB, 4 MB goal, 0 MB stacks, 0 MB globals, 16 P
gc 14040 @57.657s 5%: 0.10+0.60+0.072 ms clock, 1.6+0.53/0.74/0.004+1.1 ms cpu, 3->4->1 MB, 4 MB goal, 0 MB stacks, 0 MB globals, 16 P
gc 14041 @57.659s 5%: 0.12+0.60+0.090 ms clock, 2.0+0.54/0.69/0.040+1.4 ms cpu, 3->4->1 MB, 4 MB goal, 0 MB stacks, 0 MB globals, 16 P
gc 14042 @57.661s 5%: 0.11+0.51+0.13 ms clock, 1.7+0.51/0.88/0+2.1 ms cpu, 3->4->1 MB, 4 MB goal, 0 MB stacks, 0 MB globals, 16 P
gc 14043 @57.662s 5%: 0.17+0.63+0.093 ms clock, 2.7+0.61/0.87/0+1.4 ms cpu, 3->4->2 MB, 4 MB goal, 0 MB stacks, 0 MB globals, 16 P
gc 14044 @57.664s 5%: 0.10+0.57+0.090 ms clock, 1.7+0.61/0.98/0.001+1.4 ms cpu, 3->4->1 MB, 4 MB goal, 0 MB stacks, 0 MB globals, 16 P
gc 14045 @57.666s 5%: 0.12+0.48+0.13 ms clock, 1.9+0.49/0.87/0.002+2.1 ms cpu, 3->4->1 MB, 4 MB goal, 0 MB stacks, 0 MB globals, 16 P
gc 14046 @57.668s 5%: 0.12+0.60+0.12 ms clock, 1.9+0.61/0.79/0.009+1.9 ms cpu, 3->4->1 MB, 4 MB goal, 0 MB stacks, 0 MB globals, 16 P
gc 14047 @57.669s 5%: 0.12+0.64+0.078 ms clock, 2.0+0.64/0.84/0.002+1.2 ms cpu, 3->4->2 MB, 4 MB goal, 0 MB stacks, 0 MB globals, 16 P
gc 14048 @57.671s 5%: 0.13+0.48+0.15 ms clock, 2.1+0.75/0.78/0+2.5 ms cpu, 3->4->2 MB, 4 MB goal, 0 MB stacks, 0 MB globals, 16 P
gc 14049 @57.673s 5%: 0.10+0.46+0.16 ms clock, 1.7+0.45/0.77/0.004+2.5 ms cpu, 3->4->1 MB, 4 MB goal, 0 MB stacks, 0 MB globals, 16 P
gc 14050 @57.674s 5%: 0.10+0.51+0.078 ms clock, 1.6+0.63/0.73/0+1.2 ms cpu, 3->3->1 MB, 4 MB goal, 0 MB stacks, 0 MB globals, 16 P
gc 14051 @57.676s 5%: 0.17+0.57+0.083 ms clock, 2.8+0.61/0.81/0+1.3 ms cpu, 3->4->2 MB, 4 MB goal, 0 MB stacks, 0 MB globals, 16 P
gc 14052 @57.677s 5%: 0.10+0.57+0.084 ms clock, 1.6+0.59/0.85/0.015+1.3 ms cpu, 3->4->1 MB, 4 MB goal, 0 MB stacks, 0 MB globals, 16 P
gc 14053 @57.679s 5%: 0.12+0.61+0.093 ms clock, 2.0+0.62/0.87/0.011+1.5 ms cpu, 3->4->2 MB, 4 MB goal, 0 MB stacks, 0 MB globals, 16 P
gc 14054 @57.681s 5%: 0.10+0.60+0.10 ms clock, 1.7+0.48/0.89/0.032+1.6 ms cpu, 3->4->2 MB, 4 MB goal, 0 MB stacks, 0 MB globals, 16 P
gc 14055 @57.683s 5%: 0.11+0.78+0.061 ms clock, 1.8+0.72/0.73/0+0.99 ms cpu, 3->4->2 MB, 4 MB goal, 0 MB stacks, 0 MB globals, 16 P
gc 14056 @57.685s 5%: 0.18+0.50+0.11 ms clock, 3.0+0.47/0.80/0.040+1.7 ms cpu, 3->4->1 MB, 4 MB goal, 0 MB stacks, 0 MB globals, 16 P
gc 14057 @57.686s 5%: 0.14+0.71+0.12 ms clock, 2.2+0.66/0.79/0+1.9 ms cpu, 3->4->2 MB, 4 MB goal, 0 MB stacks, 0 MB globals, 16 P
gc 14058 @57.688s 5%: 0.062+0.74+0.092 ms clock, 0.99+0.64/0.92/0.028+1.4 ms cpu, 3->4->2 MB, 4 MB goal, 0 MB stacks, 0 MB globals, 16 P
gc 14059 @57.690s 5%: 0.14+0.50+0.092 ms clock, 2.2+0.52/0.86/0+1.4 ms cpu, 3->4->1 MB, 4 MB goal, 0 MB stacks, 0 MB globals, 16 P
gc 14060 @57.691s 5%: 0.14+0.66+0.11 ms clock, 2.3+0.59/0.79/0+1.8 ms cpu, 3->4->2 MB, 4 MB goal, 0 MB stacks, 0 MB globals, 16 P
gc 14061 @57.693s 5%: 0.17+0.67+0.057 ms clock, 2.8+0.57/0.93/0+0.92 ms cpu, 3->4->2 MB, 4 MB goal, 0 MB stacks, 0 MB globals, 16 P
gc 14062 @57.695s 5%: 0.15+0.56+0.10 ms clock, 2.4+0.49/0.84/0+1.6 ms cpu, 3->4->1 MB, 4 MB goal, 0 MB stacks, 0 MB globals, 16 P
gc 14063 @57.697s 5%: 0.12+0.57+0.15 ms clock, 1.9+0.51/0.84/0+2.5 ms cpu, 3->4->1 MB, 4 MB goal, 0 MB stacks, 0 MB globals, 16 P
gc 14064 @57.698s 5%: 0.13+0.57+0.095 ms clock, 2.0+0.55/0.91/0+1.5 ms cpu, 3->4->1 MB, 4 MB goal, 0 MB stacks, 0 MB globals, 16 P
gc 14065 @57.700s 5%: 0.18+0.51+0.097 ms clock, 2.8+0.65/0.81/0+1.5 ms cpu, 3->4->1 MB, 4 MB goal, 0 MB stacks, 0 MB globals, 16 P
gc 14066 @57.702s 5%: 0.14+0.67+0.096 ms clock, 2.2+0.54/0.89/0+1.5 ms cpu, 3->4->2 MB, 4 MB goal, 0 MB stacks, 0 MB globals, 16 P
gc 14067 @57.704s 5%: 0.14+0.60+0.096 ms clock, 2.3+0.63/0.81/0+1.5 ms cpu, 3->4->1 MB, 4 MB goal, 0 MB stacks, 0 MB globals, 16 P
gc 14068 @57.705s 5%: 0.11+0.45+0.085 ms clock, 1.8+0.53/0.84/0.012+1.3 ms cpu, 3->4->1 MB, 4 MB goal, 0 MB stacks, 0 MB globals, 16 P
gc 14069 @57.707s 5%: 0.11+0.56+0.055 ms clock, 1.8+0.55/0.87/0.017+0.88 ms cpu, 3->4->1 MB, 4 MB goal, 0 MB stacks, 0 MB globals, 16 P
gc 14070 @57.708s 5%: 0.11+0.56+0.089 ms clock, 1.8+0.61/0.93/0.085+1.4 ms cpu, 3->4->1 MB, 4 MB goal, 0 MB stacks, 0 MB globals, 16 P
gc 14071 @57.710s 5%: 0.19+0.67+0.11 ms clock, 3.1+0.69/0.72/0+1.7 ms cpu, 3->4->2 MB, 4 MB goal, 0 MB stacks, 0 MB globals, 16 P
gc 14072 @57.712s 5%: 0.13+0.69+0.11 ms clock, 2.0+0.63/0.91/0+1.8 ms cpu, 3->4->2 MB, 4 MB goal, 0 MB stacks, 0 MB globals, 16 P
gc 14073 @57.714s 5%: 0.10+0.51+0.10 ms clock, 1.6+0.60/0.79/0+1.7 ms cpu, 3->4->1 MB, 4 MB goal, 0 MB stacks, 0 MB globals, 16 P
gc 14074 @57.716s 5%: 0.12+0.69+0.10 ms clock, 1.9+0.61/0.85/0+1.6 ms cpu, 3->4->2 MB, 4 MB goal, 0 MB stacks, 0 MB globals, 16 P
gc 14075 @57.717s 5%: 0.12+0.72+0.089 ms clock, 1.9+0.63/0.84/0+1.4 ms cpu, 3->4->2 MB, 4 MB goal, 0 MB stacks, 0 MB globals, 16 P
gc 14076 @57.719s 5%: 0.11+0.78+0.080 ms clock, 1.8+0.66/0.83/0.069+1.2 ms cpu, 3->4->2 MB, 4 MB goal, 0 MB stacks, 0 MB globals, 16 P
gc 14077 @57.721s 5%: 0.14+0.60+0.075 ms clock, 2.2+0.62/0.87/0.004+1.2 ms cpu, 3->4->2 MB, 4 MB goal, 0 MB stacks, 0 MB globals, 16 P
gc 14078 @57.723s 5%: 0.16+0.58+0.092 ms clock, 2.6+0.65/0.79/0.003+1.4 ms cpu, 3->4->2 MB, 4 MB goal, 0 MB stacks, 0 MB globals, 16 P
gc 14079 @57.725s 5%: 0.11+0.47+0.098 ms clock, 1.8+0.51/0.84/0+1.5 ms cpu, 3->4->1 MB, 4 MB goal, 0 MB stacks, 0 MB globals, 16 P
gc 14080 @57.726s 5%: 0.075+0.49+0.15 ms clock, 1.2+0.52/0.83/0+2.5 ms cpu, 3->4->1 MB, 4 MB goal, 0 MB stacks, 0 MB globals, 16 P
gc 14081 @57.728s 5%: 0.17+0.67+0.093 ms clock, 2.8+0.60/0.86/0.12+1.4 ms cpu, 3->4->2 MB, 4 MB goal, 0 MB stacks, 0 MB globals, 16 P
gc 14082 @57.729s 5%: 0.10+0.95+0.084 ms clock, 1.6+0.49/0.82/0+1.3 ms cpu, 3->4->2 MB, 4 MB goal, 0 MB stacks, 0 MB globals, 16 P
gc 14083 @57.731s 5%: 0.10+0.62+0.16 ms clock, 1.6+0.73/0.75/0+2.6 ms cpu, 4->4->2 MB, 4 MB goal, 0 MB stacks, 0 MB globals, 16 P
gc 14084 @57.733s 5%: 0.12+0.57+0.093 ms clock, 2.0+0.49/0.83/0+1.4 ms cpu, 3->4->1 MB, 4 MB goal, 0 MB stacks, 0 MB globals, 16 P
gc 14085 @57.735s 5%: 0.14+0.80+0.094 ms clock, 2.3+0.73/0.86/0+1.5 ms cpu, 3->4->2 MB, 4 MB goal, 0 MB stacks, 0 MB globals, 16 P
gc 14086 @57.737s 5%: 0.11+0.63+0.10 ms clock, 1.9+0.55/0.82/0.16+1.7 ms cpu, 3->4->2 MB, 4 MB goal, 0 MB stacks, 0 MB globals, 16 P
gc 14087 @57.739s 5%: 0.10+0.63+0.088 ms clock, 1.6+0.51/0.86/0.004+1.4 ms cpu, 3->4->1 MB, 4 MB goal, 0 MB stacks, 0 MB globals, 16 P
gc 14088 @57.740s 5%: 0.14+0.73+0.049 ms clock, 2.3+0.60/0.83/0.017+0.79 ms cpu, 3->4->2 MB, 4 MB goal, 0 MB stacks, 0 MB globals, 16 P
gc 14089 @57.742s 5%: 0.13+0.58+0.11 ms clock, 2.1+0.65/0.87/0+1.7 ms cpu, 3->4->1 MB, 4 MB goal, 0 MB stacks, 0 MB globals, 16 P
gc 14090 @57.744s 5%: 0.17+0.64+0.18 ms clock, 2.7+0.59/0.74/0.062+3.0 ms cpu, 3->4->2 MB, 4 MB goal, 0 MB stacks, 0 MB globals, 16 P
gc 14091 @57.746s 5%: 0.11+0.54+0.12 ms clock, 1.8+0.57/1.0/0.001+1.9 ms cpu, 3->4->1 MB, 4 MB goal, 0 MB stacks, 0 MB globals, 16 P
gc 14092 @57.748s 5%: 0.15+0.57+0.16 ms clock, 2.4+0.66/0.92/0.004+2.6 ms cpu, 3->4->2 MB, 4 MB goal, 0 MB stacks, 0 MB globals, 16 P
gc 14093 @57.749s 5%: 0.17+0.61+0.083 ms clock, 2.8+0.59/0.83/0+1.3 ms cpu, 3->4->2 MB, 4 MB goal, 0 MB stacks, 0 MB globals, 16 P
gc 14094 @57.751s 5%: 0.12+0.65+0.13 ms clock, 2.0+0.45/1.0/0.018+2.1 ms cpu, 3->4->2 MB, 4 MB goal, 0 MB stacks, 0 MB globals, 16 P
gc 14095 @57.753s 5%: 0.11+0.55+0.11 ms clock, 1.8+0.54/0.72/0.11+1.8 ms cpu, 3->4->1 MB, 4 MB goal, 0 MB stacks, 0 MB globals, 16 P
gc 14096 @57.754s 5%: 0.14+0.55+0.11 ms clock, 2.3+0.55/0.75/0+1.8 ms cpu, 3->4->2 MB, 4 MB goal, 0 MB stacks, 0 MB globals, 16 P
gc 14097 @57.756s 5%: 0.14+0.56+0.10 ms clock, 2.3+0.64/0.89/0+1.6 ms cpu, 3->4->1 MB, 4 MB goal, 0 MB stacks, 0 MB globals, 16 P
gc 14098 @57.758s 5%: 0.13+0.60+0.094 ms clock, 2.0+0.67/0.83/0+1.5 ms cpu, 3->4->2 MB, 4 MB goal, 0 MB stacks, 0 MB globals, 16 P
gc 14099 @57.760s 5%: 0.11+0.50+0.14 ms clock, 1.7+0.57/0.87/0+2.3 ms cpu, 3->4->1 MB, 4 MB goal, 0 MB stacks, 0 MB globals, 16 P
gc 14100 @57.761s 5%: 0.13+0.66+0.075 ms clock, 2.2+0.57/0.78/0.004+1.2 ms cpu, 3->4->1 MB, 4 MB goal, 0 MB stacks, 0 MB globals, 16 P
gc 14101 @57.763s 5%: 0.15+0.51+0.14 ms clock, 2.5+0.68/0.83/0+2.2 ms cpu, 3->4->1 MB, 4 MB goal, 0 MB stacks, 0 MB globals, 16 P
gc 14102 @57.765s 5%: 0.11+0.62+0.061 ms clock, 1.8+0.61/0.92/0+0.98 ms cpu, 3->4->2 MB, 4 MB goal, 0 MB stacks, 0 MB globals, 16 P
gc 14103 @57.766s 5%: 0.12+0.68+0.11 ms clock, 1.9+0.50/0.77/0+1.8 ms cpu, 3->4->2 MB, 4 MB goal, 0 MB stacks, 0 MB globals, 16 P
gc 14104 @57.768s 5%: 0.10+0.58+0.097 ms clock, 1.6+0.46/0.88/0+1.5 ms cpu, 3->4->1 MB, 4 MB goal, 0 MB stacks, 0 MB globals, 16 P
gc 14105 @57.770s 5%: 0.059+0.55+0.12 ms clock, 0.95+0.48/0.87/0.018+2.0 ms cpu, 3->4->1 MB, 4 MB goal, 0 MB stacks, 0 MB globals, 16 P
gc 14106 @57.771s 5%: 0.14+0.67+0.11 ms clock, 2.2+0.74/0.94/0.005+1.8 ms cpu, 3->4->2 MB, 4 MB goal, 0 MB stacks, 0 MB globals, 16 P
gc 14107 @57.773s 5%: 0.12+0.63+0.092 ms clock, 2.0+0.54/0.93/0+1.4 ms cpu, 3->4->2 MB, 4 MB goal, 0 MB stacks, 0 MB globals, 16 P
gc 14108 @57.775s 5%: 0.076+0.64+0.093 ms clock, 1.2+0.49/0.88/0.057+1.4 ms cpu, 3->4->2 MB, 4 MB goal, 0 MB stacks, 0 MB globals, 16 P
gc 14109 @57.777s 5%: 0.12+0.70+0.079 ms clock, 2.0+0.59/0.94/0+1.2 ms cpu, 3->4->2 MB, 4 MB goal, 0 MB stacks, 0 MB globals, 16 P
gc 14110 @57.778s 5%: 0.11+0.62+0.058 ms clock, 1.7+0.53/0.85/0.019+0.93 ms cpu, 3->4->2 MB, 4 MB goal, 0 MB stacks, 0 MB globals, 16 P
gc 14111 @57.780s 5%: 0.11+0.59+0.10 ms clock, 1.7+0.70/0.79/0+1.6 ms cpu, 3->4->1 MB, 4 MB goal, 0 MB stacks, 0 MB globals, 16 P
gc 14112 @57.782s 5%: 0.12+0.60+0.061 ms clock, 1.9+0.67/0.75/0.019+0.97 ms cpu, 3->4->1 MB, 4 MB goal, 0 MB stacks, 0 MB globals, 16 P
gc 14113 @57.783s 5%: 0.11+0.63+0.18 ms clock, 1.8+0.46/0.98/0.008+2.9 ms cpu, 3->4->2 MB, 4 MB goal, 0 MB stacks, 0 MB globals, 16 P
gc 14114 @57.785s 5%: 0.14+0.51+0.13 ms clock, 2.3+0.56/0.88/0+2.1 ms cpu, 3->4->1 MB, 4 MB goal, 0 MB stacks, 0 MB globals, 16 P
gc 14115 @57.787s 5%: 0.15+0.41+0.14 ms clock, 2.5+0.70/0.74/0+2.3 ms cpu, 3->4->1 MB, 4 MB goal, 0 MB stacks, 0 MB globals, 16 P
gc 14116 @57.788s 5%: 0.14+0.55+0.10 ms clock, 2.3+0.48/0.87/0.036+1.6 ms cpu, 3->4->1 MB, 4 MB goal, 0 MB stacks, 0 MB globals, 16 P
gc 14117 @57.790s 5%: 0.15+0.54+0.065 ms clock, 2.4+0.74/0.82/0+1.0 ms cpu, 3->4->2 MB, 4 MB goal, 0 MB stacks, 0 MB globals, 16 P
gc 14118 @57.792s 5%: 0.11+0.55+0.15 ms clock, 1.7+0.60/0.88/0.005+2.4 ms cpu, 3->4->2 MB, 4 MB goal, 0 MB stacks, 0 MB globals, 16 P
gc 14119 @57.793s 5%: 0.15+0.57+0.18 ms clock, 2.5+0.63/0.75/0+3.0 ms cpu, 3->4->2 MB, 4 MB goal, 0 MB stacks, 0 MB globals, 16 P
gc 14120 @57.795s 5%: 0.14+0.79+0.099 ms clock, 2.3+0.70/0.72/0+1.5 ms cpu, 3->4->2 MB, 4 MB goal, 0 MB stacks, 0 MB globals, 16 P
gc 14121 @57.797s 5%: 0.10+0.57+0.13 ms clock, 1.6+0.60/0.82/0.004+2.1 ms cpu, 4->4->1 MB, 4 MB goal, 0 MB stacks, 0 MB globals, 16 P
gc 14122 @57.799s 5%: 0.10+0.63+0.14 ms clock, 1.7+0.55/0.94/0.033+2.3 ms cpu, 3->4->2 MB, 4 MB goal, 0 MB stacks, 0 MB globals, 16 P
gc 14123 @57.801s 5%: 0.15+0.53+0.093 ms clock, 2.4+0.61/0.83/0+1.4 ms cpu, 3->4->1 MB, 4 MB goal, 0 MB stacks, 0 MB globals, 16 P
gc 14124 @57.802s 5%: 0.10+0.82+0.097 ms clock, 1.6+0.50/0.88/0.077+1.5 ms cpu, 3->4->2 MB, 4 MB goal, 0 MB stacks, 0 MB globals, 16 P
gc 14125 @57.804s 5%: 0.20+0.53+0.10 ms clock, 3.2+0.70/0.69/0+1.7 ms cpu, 3->4->1 MB, 4 MB goal, 0 MB stacks, 0 MB globals, 16 P
gc 14126 @57.806s 5%: 0.11+0.54+0.15 ms clock, 1.9+0.60/0.93/0.005+2.4 ms cpu, 3->4->1 MB, 4 MB goal, 0 MB stacks, 0 MB globals, 16 P
gc 14127 @57.808s 5%: 0.11+0.69+0.073 ms clock, 1.8+0.62/0.87/0+1.1 ms cpu, 3->4->2 MB, 4 MB goal, 0 MB stacks, 0 MB globals, 16 P
gc 14128 @57.810s 5%: 0.13+0.69+0.099 ms clock, 2.2+0.57/0.73/0.036+1.5 ms cpu, 3->4->2 MB, 4 MB goal, 0 MB stacks, 0 MB globals, 16 P
gc 14129 @57.811s 5%: 0.10+0.63+0.047 ms clock, 1.6+0.61/0.82/0+0.75 ms cpu, 3->4->1 MB, 4 MB goal, 0 MB stacks, 0 MB globals, 16 P
gc 14130 @57.813s 5%: 0.16+0.84+0.087 ms clock, 2.6+0.64/0.89/0.038+1.3 ms cpu, 3->4->2 MB, 4 MB goal, 0 MB stacks, 0 MB globals, 16 P
gc 14131 @57.815s 5%: 0.12+0.75+0.090 ms clock, 1.9+0.50/0.85/0+1.4 ms cpu, 4->4->2 MB, 4 MB goal, 0 MB stacks, 0 MB globals, 16 P
gc 14132 @57.817s 5%: 0.19+0.85+0.11 ms clock, 3.1+0.63/0.95/0.001+1.7 ms cpu, 3->4->2 MB, 4 MB goal, 0 MB stacks, 0 MB globals, 16 P
gc 14133 @57.819s 5%: 0.14+0.51+0.17 ms clock, 2.3+0.52/0.74/0+2.7 ms cpu, 4->4->1 MB, 5 MB goal, 0 MB stacks, 0 MB globals, 16 P
gc 14134 @57.821s 5%: 0.13+0.61+0.14 ms clock, 2.2+0.73/0.92/0+2.3 ms cpu, 3->4->2 MB, 4 MB goal, 0 MB stacks, 0 MB globals, 16 P
gc 14135 @57.822s 5%: 0.11+0.57+0.091 ms clock, 1.7+0.57/0.88/0.001+1.4 ms cpu, 3->4->1 MB, 4 MB goal, 0 MB stacks, 0 MB globals, 16 P
gc 14136 @57.824s 5%: 0.089+0.54+0.12 ms clock, 1.4+0.50/0.89/0.002+2.0 ms cpu, 3->4->1 MB, 4 MB goal, 0 MB stacks, 0 MB globals, 16 P
gc 14137 @57.826s 5%: 0.10+0.61+0.094 ms clock, 1.7+0.72/0.80/0+1.5 ms cpu, 3->4->1 MB, 4 MB goal, 0 MB stacks, 0 MB globals, 16 P
gc 14138 @57.827s 5%: 0.12+0.60+0.16 ms clock, 2.0+0.64/0.93/0.017+2.5 ms cpu, 3->4->2 MB, 4 MB goal, 0 MB stacks, 0 MB globals, 16 P
gc 14139 @57.829s 5%: 0.11+0.65+0.11 ms clock, 1.7+0.65/0.77/0.008+1.8 ms cpu, 3->4->2 MB, 4 MB goal, 0 MB stacks, 0 MB globals, 16 P
gc 14140 @57.831s 5%: 0.17+0.64+0.10 ms clock, 2.7+0.72/0.87/0+1.7 ms cpu, 3->4->2 MB, 4 MB goal, 0 MB stacks, 0 MB globals, 16 P
gc 14141 @57.833s 5%: 0.17+0.40+0.12 ms clock, 2.7+0.64/0.64/0.026+1.9 ms cpu, 3->4->1 MB, 4 MB goal, 0 MB stacks, 0 MB globals, 16 P
gc 14142 @57.834s 5%: 0.16+0.79+0.099 ms clock, 2.6+0.74/0.93/0+1.5 ms cpu, 3->4->2 MB, 4 MB goal, 0 MB stacks, 0 MB globals, 16 P
gc 14143 @57.836s 5%: 0.12+0.45+0.16 ms clock, 1.9+0.64/0.77/0+2.5 ms cpu, 4->4->1 MB, 4 MB goal, 0 MB stacks, 0 MB globals, 16 P
gc 14144 @57.838s 5%: 0.11+0.94+0.10 ms clock, 1.8+0.64/0.89/0+1.6 ms cpu, 3->4->2 MB, 4 MB goal, 0 MB stacks, 0 MB globals, 16 P
gc 14145 @57.840s 5%: 0.11+0.57+0.10 ms clock, 1.8+0.43/0.91/0+1.6 ms cpu, 4->4->1 MB, 4 MB goal, 0 MB stacks, 0 MB globals, 16 P
gc 14146 @57.842s 5%: 0.10+0.74+0.058 ms clock, 1.6+0.50/0.98/0+0.93 ms cpu, 3->4->2 MB, 4 MB goal, 0 MB stacks, 0 MB globals, 16 P
gc 14147 @57.843s 5%: 0.12+0.58+0.11 ms clock, 2.0+0.64/0.79/0.068+1.8 ms cpu, 3->4->1 MB, 4 MB goal, 0 MB stacks, 0 MB globals, 16 P
gc 14148 @57.845s 5%: 0.11+0.50+0.10 ms clock, 1.8+0.65/0.74/0+1.6 ms cpu, 3->4->1 MB, 4 MB goal, 0 MB stacks, 0 MB globals, 16 P
gc 14149 @57.847s 5%: 0.12+0.55+0.090 ms clock, 1.9+0.63/0.85/0+1.4 ms cpu, 3->4->1 MB, 4 MB goal, 0 MB stacks, 0 MB globals, 16 P
gc 14150 @57.848s 5%: 0.16+0.54+0.11 ms clock, 2.6+0.67/0.88/0+1.7 ms cpu, 3->4->1 MB, 4 MB goal, 0 MB stacks, 0 MB globals, 16 P
gc 14151 @57.850s 5%: 0.12+1.0+0.094 ms clock, 2.0+0.55/0.79/0+1.5 ms cpu, 3->4->2 MB, 4 MB goal, 0 MB stacks, 0 MB globals, 16 P
gc 14152 @57.852s 5%: 0.13+0.47+0.095 ms clock, 2.1+0.51/0.83/0+1.5 ms cpu, 4->4->1 MB, 4 MB goal, 0 MB stacks, 0 MB globals, 16 P
gc 14153 @57.854s 5%: 0.11+0.46+0.11 ms clock, 1.8+0.78/0.68/0.051+1.7 ms cpu, 3->4->1 MB, 4 MB goal, 0 MB stacks, 0 MB globals, 16 P
gc 14154 @57.855s 5%: 0.14+0.55+0.10 ms clock, 2.2+0.79/0.83/0+1.6 ms cpu, 3->4->1 MB, 4 MB goal, 0 MB stacks, 0 MB globals, 16 P
gc 14155 @57.857s 5%: 0.14+0.48+0.098 ms clock, 2.2+0.44/0.85/0+1.5 ms cpu, 3->4->1 MB, 4 MB goal, 0 MB stacks, 0 MB globals, 16 P
gc 14156 @57.858s 5%: 0.10+0.66+0.056 ms clock, 1.6+0.46/0.81/0.042+0.90 ms cpu, 3->4->1 MB, 4 MB goal, 0 MB stacks, 0 MB globals, 16 P
gc 14157 @57.860s 5%: 0.16+0.72+0.079 ms clock, 2.6+0.51/0.93/0+1.2 ms cpu, 3->4->2 MB, 4 MB goal, 0 MB stacks, 0 MB globals, 16 P
gc 14158 @57.862s 5%: 0.13+0.56+0.11 ms clock, 2.2+0.48/0.87/0.014+1.8 ms cpu, 3->4->1 MB, 4 MB goal, 0 MB stacks, 0 MB globals, 16 P
gc 14159 @57.864s 5%: 0.14+0.52+0.12 ms clock, 2.3+0.54/0.78/0+1.9 ms cpu, 3->4->1 MB, 4 MB goal, 0 MB stacks, 0 MB globals, 16 P
gc 14160 @57.865s 5%: 0.097+0.47+0.071 ms clock, 1.5+0.55/0.71/0.024+1.1 ms cpu, 3->3->1 MB, 4 MB goal, 0 MB stacks, 0 MB globals, 16 P
gc 14161 @57.866s 5%: 0.15+0.63+0.15 ms clock, 2.4+0.49/0.85/0.003+2.5 ms cpu, 3->4->2 MB, 4 MB goal, 0 MB stacks, 0 MB globals, 16 P
gc 14162 @57.868s 5%: 0.10+0.52+0.13 ms clock, 1.7+0.67/0.72/0+2.0 ms cpu, 3->4->1 MB, 4 MB goal, 0 MB stacks, 0 MB globals, 16 P
gc 14163 @57.870s 5%: 0.17+0.63+0.13 ms clock, 2.8+0.58/0.87/0+2.2 ms cpu, 3->4->2 MB, 4 MB goal, 0 MB stacks, 0 MB globals, 16 P
gc 14164 @57.872s 5%: 0.13+0.53+0.14 ms clock, 2.1+0.51/0.85/0+2.2 ms cpu, 3->4->1 MB, 4 MB goal, 0 MB stacks, 0 MB globals, 16 P
gc 14165 @57.873s 5%: 0.063+0.61+0.14 ms clock, 1.0+0.57/0.84/0+2.3 ms cpu, 3->4->1 MB, 4 MB goal, 0 MB stacks, 0 MB globals, 16 P
gc 14166 @57.875s 5%: 0.10+0.51+0.10 ms clock, 1.7+0.49/0.75/0+1.6 ms cpu, 3->4->1 MB, 4 MB goal, 0 MB stacks, 0 MB globals, 16 P
gc 14167 @57.876s 5%: 0.17+0.54+0.14 ms clock, 2.7+0.57/0.77/0+2.2 ms cpu, 3->4->2 MB, 4 MB goal, 0 MB stacks, 0 MB globals, 16 P
gc 14168 @57.878s 5%: 0.10+0.55+0.13 ms clock, 1.6+0.55/0.85/0.005+2.1 ms cpu, 3->4->1 MB, 4 MB goal, 0 MB stacks, 0 MB globals, 16 P
gc 14169 @57.880s 5%: 0.13+0.51+0.16 ms clock, 2.1+0.48/0.83/0.024+2.6 ms cpu, 3->4->1 MB, 4 MB goal, 0 MB stacks, 0 MB globals, 16 P
gc 14170 @57.881s 5%: 0.12+0.59+0.12 ms clock, 2.0+0.55/0.92/0+2.0 ms cpu, 3->4->1 MB, 4 MB goal, 0 MB stacks, 0 MB globals, 16 P
gc 14171 @57.883s 5%: 0.098+0.51+0.13 ms clock, 1.5+0.59/0.85/0.082+2.1 ms cpu, 3->4->1 MB, 4 MB goal, 0 MB stacks, 0 MB globals, 16 P
gc 14172 @57.885s 5%: 0.11+0.43+0.14 ms clock, 1.8+0.52/0.90/0+2.2 ms cpu, 3->4->1 MB, 4 MB goal, 0 MB stacks, 0 MB globals, 16 P
gc 14173 @57.886s 5%: 0.12+0.65+0.063 ms clock, 2.0+0.59/0.90/0+1.0 ms cpu, 3->4->2 MB, 4 MB goal, 0 MB stacks, 0 MB globals, 16 P
gc 14174 @57.888s 5%: 0.14+0.49+0.16 ms clock, 2.2+0.34/0.90/0.004+2.5 ms cpu, 3->4->1 MB, 4 MB goal, 0 MB stacks, 0 MB globals, 16 P
gc 14175 @57.890s 5%: 0.11+0.46+0.15 ms clock, 1.8+0.61/0.82/0.027+2.4 ms cpu, 3->4->1 MB, 4 MB goal, 0 MB stacks, 0 MB globals, 16 P
gc 14176 @57.891s 5%: 0.12+0.62+0.040 ms clock, 1.9+0.55/0.81/0+0.65 ms cpu, 3->4->1 MB, 4 MB goal, 0 MB stacks, 0 MB globals, 16 P
gc 14177 @57.893s 5%: 0.13+0.62+0.13 ms clock, 2.2+0.60/0.91/0.022+2.2 ms cpu, 3->4->2 MB, 4 MB goal, 0 MB stacks, 0 MB globals, 16 P
gc 14178 @57.895s 5%: 0.15+0.52+0.099 ms clock, 2.4+0.68/0.82/0+1.5 ms cpu, 3->4->1 MB, 4 MB goal, 0 MB stacks, 0 MB globals, 16 P
gc 14179 @57.896s 5%: 0.16+0.74+0.093 ms clock, 2.6+0.72/0.66/0+1.4 ms cpu, 3->4->2 MB, 4 MB goal, 0 MB stacks, 0 MB globals, 16 P
gc 14180 @57.898s 5%: 0.097+0.61+0.14 ms clock, 1.5+0.67/0.88/0+2.2 ms cpu, 3->4->2 MB, 4 MB goal, 0 MB stacks, 0 MB globals, 16 P
gc 14181 @57.900s 5%: 0.15+0.56+0.082 ms clock, 2.4+0.52/0.94/0+1.3 ms cpu, 3->4->1 MB, 4 MB goal, 0 MB stacks, 0 MB globals, 16 P
gc 14182 @57.902s 5%: 0.14+0.68+0.12 ms clock, 2.2+0.62/0.81/0+1.9 ms cpu, 3->4->2 MB, 4 MB goal, 0 MB stacks, 0 MB globals, 16 P
gc 14183 @57.903s 5%: 0.13+0.66+0.074 ms clock, 2.1+0.54/0.86/0.023+1.1 ms cpu, 3->4->1 MB, 4 MB goal, 0 MB stacks, 0 MB globals, 16 P
gc 14184 @57.905s 5%: 0.13+0.62+0.093 ms clock, 2.1+0.51/0.79/0+1.4 ms cpu, 3->4->2 MB, 4 MB goal, 0 MB stacks, 0 MB globals, 16 P
gc 14185 @57.907s 5%: 0.15+0.62+0.13 ms clock, 2.4+0.59/0.98/0.003+2.1 ms cpu, 3->4->2 MB, 4 MB goal, 0 MB stacks, 0 MB globals, 16 P
gc 14186 @57.909s 5%: 0.12+0.55+0.084 ms clock, 1.9+0.52/0.81/0+1.3 ms cpu, 3->4->1 MB, 4 MB goal, 0 MB stacks, 0 MB globals, 16 P
gc 14187 @57.910s 5%: 0.12+0.61+0.091 ms clock, 2.0+0.65/0.72/0+1.4 ms cpu, 3->4->2 MB, 4 MB goal, 0 MB stacks, 0 MB globals, 16 P
gc 14188 @57.912s 5%: 0.14+0.58+0.091 ms clock, 2.3+0.58/0.77/0+1.4 ms cpu, 3->4->2 MB, 4 MB goal, 0 MB stacks, 0 MB globals, 16 P
gc 14189 @57.914s 5%: 0.11+0.69+0.085 ms clock, 1.8+0.75/0.72/0+1.3 ms cpu, 3->4->1 MB, 4 MB goal, 0 MB stacks, 0 MB globals, 16 P
gc 14190 @57.915s 5%: 0.13+0.63+0.080 ms clock, 2.1+0.37/0.94/0+1.2 ms cpu, 3->4->1 MB, 4 MB goal, 0 MB stacks, 0 MB globals, 16 P
gc 14191 @57.917s 5%: 0.20+0.51+0.19 ms clock, 3.3+0.72/0.90/0+3.1 ms cpu, 3->4->2 MB, 4 MB goal, 0 MB stacks, 0 MB globals, 16 P
gc 14192 @57.919s 5%: 0.12+0.61+0.11 ms clock, 2.0+0.55/0.94/0.011+1.7 ms cpu, 3->4->1 MB, 4 MB goal, 0 MB stacks, 0 MB globals, 16 P
gc 14193 @57.920s 5%: 0.14+0.66+0.13 ms clock, 2.3+0.63/0.97/0.017+2.2 ms cpu, 3->4->2 MB, 4 MB goal, 0 MB stacks, 0 MB globals, 16 P
gc 14194 @57.922s 5%: 0.13+0.71+0.11 ms clock, 2.2+0.77/1.0/0.011+1.7 ms cpu, 3->4->2 MB, 4 MB goal, 0 MB stacks, 0 MB globals, 16 P
gc 14195 @57.924s 5%: 0.11+0.68+0.10 ms clock, 1.8+0.53/0.91/0+1.6 ms cpu, 3->4->2 MB, 4 MB goal, 0 MB stacks, 0 MB globals, 16 P
gc 14196 @57.926s 5%: 0.12+0.61+0.085 ms clock, 2.0+0.55/0.88/0.009+1.3 ms cpu, 3->4->2 MB, 4 MB goal, 0 MB stacks, 0 MB globals, 16 P
gc 14197 @57.928s 5%: 0.089+0.51+0.12 ms clock, 1.4+0.65/0.79/0.041+1.9 ms cpu, 3->4->1 MB, 4 MB goal, 0 MB stacks, 0 MB globals, 16 P
gc 14198 @57.929s 5%: 0.12+0.67+0.12 ms clock, 2.0+0.69/0.78/0.031+1.9 ms cpu, 3->4->2 MB, 4 MB goal, 0 MB stacks, 0 MB globals, 16 P
gc 14199 @57.931s 5%: 0.10+0.55+0.13 ms clock, 1.6+0.48/0.85/0.036+2.2 ms cpu, 3->4->1 MB, 4 MB goal, 0 MB stacks, 0 MB globals, 16 P
gc 14200 @57.933s 5%: 0.17+0.51+0.10 ms clock, 2.7+0.55/0.85/0+1.7 ms cpu, 3->4->2 MB, 4 MB goal, 0 MB stacks, 0 MB globals, 16 P
gc 14201 @57.934s 5%: 0.11+0.65+0.15 ms clock, 1.8+0.60/0.76/0+2.5 ms cpu, 3->4->2 MB, 4 MB goal, 0 MB stacks, 0 MB globals, 16 P
gc 14202 @57.936s 5%: 0.085+0.59+0.11 ms clock, 1.3+0.54/0.93/0+1.8 ms cpu, 3->4->1 MB, 4 MB goal, 0 MB stacks, 0 MB globals, 16 P
gc 14203 @57.938s 5%: 0.097+0.71+0.12 ms clock, 1.5+0.60/0.96/0.010+2.0 ms cpu, 3->4->2 MB, 4 MB goal, 0 MB stacks, 0 MB globals, 16 P
gc 14204 @57.940s 5%: 0.10+0.58+0.14 ms clock, 1.6+0.49/0.85/0+2.3 ms cpu, 3->4->1 MB, 4 MB goal, 0 MB stacks, 0 MB globals, 16 P
gc 14205 @57.941s 5%: 0.16+0.63+0.084 ms clock, 2.6+0.63/0.77/0+1.3 ms cpu, 3->4->2 MB, 4 MB goal, 0 MB stacks, 0 MB globals, 16 P
gc 14206 @57.943s 5%: 0.11+0.55+0.11 ms clock, 1.8+0.54/0.93/0.039+1.8 ms cpu, 3->4->1 MB, 4 MB goal, 0 MB stacks, 0 MB globals, 16 P
gc 14207 @57.945s 5%: 0.12+0.59+0.12 ms clock, 2.0+0.59/0.76/0.001+2.0 ms cpu, 3->4->2 MB, 4 MB goal, 0 MB stacks, 0 MB globals, 16 P
gc 14208 @57.947s 5%: 0.13+0.68+0.11 ms clock, 2.0+0.51/0.90/0.038+1.7 ms cpu, 3->4->2 MB, 4 MB goal, 0 MB stacks, 0 MB globals, 16 P
gc 14209 @57.948s 5%: 0.11+0.67+0.067 ms clock, 1.8+0.70/0.79/0.001+1.0 ms cpu, 3->4->2 MB, 4 MB goal, 0 MB stacks, 0 MB globals, 16 P
gc 14210 @57.950s 5%: 0.078+0.67+0.041 ms clock, 1.2+0.61/0.77/0+0.67 ms cpu, 3->4->1 MB, 4 MB goal, 0 MB stacks, 0 MB globals, 16 P
gc 14211 @57.952s 5%: 0.12+0.60+0.090 ms clock, 2.0+0.46/0.83/0.004+1.4 ms cpu, 3->4->2 MB, 4 MB goal, 0 MB stacks, 0 MB globals, 16 P
gc 14212 @57.954s 5%: 0.14+0.64+0.12 ms clock, 2.2+0.58/0.78/0+1.9 ms cpu, 3->4->2 MB, 4 MB goal, 0 MB stacks, 0 MB globals, 16 P
gc 14213 @57.955s 5%: 0.15+0.61+0.13 ms clock, 2.4+0.48/0.82/0+2.1 ms cpu, 3->4->2 MB, 4 MB goal, 0 MB stacks, 0 MB globals, 16 P
gc 14214 @57.957s 5%: 0.14+0.45+0.17 ms clock, 2.2+0.67/0.75/0+2.8 ms cpu, 3->4->1 MB, 4 MB goal, 0 MB stacks, 0 MB globals, 16 P
gc 14215 @57.959s 5%: 0.13+0.59+0.078 ms clock, 2.1+0.56/0.84/0+1.2 ms cpu, 3->4->1 MB, 4 MB goal, 0 MB stacks, 0 MB globals, 16 P
gc 14216 @57.960s 5%: 0.078+0.62+0.093 ms clock, 1.2+0.40/0.91/0+1.4 ms cpu, 3->4->1 MB, 4 MB goal, 0 MB stacks, 0 MB globals, 16 P
gc 14217 @57.962s 5%: 0.077+0.45+0.077 ms clock, 1.2+0.48/0.71/0+1.2 ms cpu, 3->4->1 MB, 4 MB goal, 0 MB stacks, 0 MB globals, 16 P
gc 14218 @57.963s 5%: 0.11+0.50+0.10 ms clock, 1.8+0.57/0.77/0+1.6 ms cpu, 3->4->1 MB, 4 MB goal, 0 MB stacks, 0 MB globals, 16 P
gc 14219 @57.965s 5%: 0.11+0.62+0.10 ms clock, 1.8+0.52/0.86/0.028+1.6 ms cpu, 3->4->2 MB, 4 MB goal, 0 MB stacks, 0 MB globals, 16 P
gc 14220 @57.967s 5%: 0.14+0.53+0.10 ms clock, 2.3+0.64/0.75/0+1.6 ms cpu, 3->4->1 MB, 4 MB goal, 0 MB stacks, 0 MB globals, 16 P
gc 14221 @57.969s 5%: 0.15+0.51+0.10 ms clock, 2.4+0.52/0.89/0+1.6 ms cpu, 3->4->1 MB, 4 MB goal, 0 MB stacks, 0 MB globals, 16 P
gc 14222 @57.970s 5%: 0.15+0.65+0.18 ms clock, 2.4+0.57/0.83/0+2.9 ms cpu, 3->4->2 MB, 4 MB goal, 0 MB stacks, 0 MB globals, 16 P
gc 14223 @57.972s 5%: 0.12+0.57+0.089 ms clock, 1.9+0.59/0.81/0+1.4 ms cpu, 3->4->1 MB, 4 MB goal, 0 MB stacks, 0 MB globals, 16 P
gc 14224 @57.973s 5%: 0.093+0.72+0.091 ms clock, 1.5+0.45/0.89/0.038+1.4 ms cpu, 3->4->2 MB, 4 MB goal, 0 MB stacks, 0 MB globals, 16 P
gc 14225 @57.975s 5%: 0.15+0.49+0.14 ms clock, 2.4+0.53/0.74/0+2.3 ms cpu, 3->4->1 MB, 4 MB goal, 0 MB stacks, 0 MB globals, 16 P
gc 14226 @57.977s 5%: 0.13+0.66+0.091 ms clock, 2.1+0.55/0.87/0.009+1.4 ms cpu, 3->4->2 MB, 4 MB goal, 0 MB stacks, 0 MB globals, 16 P
gc 14227 @57.979s 5%: 0.12+0.43+0.17 ms clock, 1.9+0.60/0.84/0+2.8 ms cpu, 3->4->1 MB, 4 MB goal, 0 MB stacks, 0 MB globals, 16 P
gc 14228 @57.980s 5%: 0.10+0.69+0.094 ms clock, 1.7+0.57/1.0/0+1.5 ms cpu, 3->4->2 MB, 4 MB goal, 0 MB stacks, 0 MB globals, 16 P
gc 14229 @57.982s 5%: 0.13+0.63+0.089 ms clock, 2.1+0.51/0.83/0+1.4 ms cpu, 3->4->2 MB, 4 MB goal, 0 MB stacks, 0 MB globals, 16 P
gc 14230 @57.984s 5%: 0.14+0.56+0.11 ms clock, 2.2+0.55/0.78/0.054+1.8 ms cpu, 3->4->1 MB, 4 MB goal, 0 MB stacks, 0 MB globals, 16 P
gc 14231 @57.985s 5%: 0.11+0.59+0.11 ms clock, 1.8+0.67/0.91/0.011+1.8 ms cpu, 3->4->2 MB, 4 MB goal, 0 MB stacks, 0 MB globals, 16 P
gc 14232 @57.987s 5%: 0.13+0.56+0.11 ms clock, 2.1+0.59/0.78/0+1.8 ms cpu, 3->4->2 MB, 4 MB goal, 0 MB stacks, 0 MB globals, 16 P
gc 14233 @57.989s 5%: 0.090+0.47+0.14 ms clock, 1.4+0.60/0.79/0.069+2.2 ms cpu, 3->4->1 MB, 4 MB goal, 0 MB stacks, 0 MB globals, 16 P
gc 14234 @57.990s 5%: 0.14+0.58+0.080 ms clock, 2.3+0.62/0.77/0+1.2 ms cpu, 3->4->2 MB, 4 MB goal, 0 MB stacks, 0 MB globals, 16 P
gc 14235 @57.992s 5%: 0.10+0.54+0.11 ms clock, 1.6+0.58/0.77/0+1.8 ms cpu, 3->4->1 MB, 4 MB goal, 0 MB stacks, 0 MB globals, 16 P
gc 14236 @57.994s 5%: 0.10+0.51+0.13 ms clock, 1.7+0.52/0.86/0.006+2.1 ms cpu, 3->4->1 MB, 4 MB goal, 0 MB stacks, 0 MB globals, 16 P
gc 14237 @57.995s 5%: 0.14+0.62+0.10 ms clock, 2.2+0.62/0.84/0+1.6 ms cpu, 3->4->2 MB, 4 MB goal, 0 MB stacks, 0 MB globals, 16 P
gc 14238 @57.997s 5%: 0.10+0.53+0.14 ms clock, 1.7+0.61/0.87/0.001+2.2 ms cpu, 3->4->1 MB, 4 MB goal, 0 MB stacks, 0 MB globals, 16 P
gc 14239 @57.999s 5%: 0.12+0.69+0.077 ms clock, 1.9+0.61/0.92/0.024+1.2 ms cpu, 3->4->2 MB, 4 MB goal, 0 MB stacks, 0 MB globals, 16 P
gc 14240 @58.001s 5%: 0.17+0.55+0.13 ms clock, 2.7+0.57/0.87/0+2.1 ms cpu, 3->4->2 MB, 4 MB goal, 0 MB stacks, 0 MB globals, 16 P
gc 14241 @58.003s 5%: 0.11+0.43+0.15 ms clock, 1.8+0.69/0.65/0+2.4 ms cpu, 3->4->1 MB, 4 MB goal, 0 MB stacks, 0 MB globals, 16 P
gc 14242 @58.004s 5%: 0.15+0.53+0.11 ms clock, 2.5+0.71/0.78/0.011+1.7 ms cpu, 3->4->1 MB, 4 MB goal, 0 MB stacks, 0 MB globals, 16 P
gc 14243 @58.006s 5%: 0.11+0.78+0.083 ms clock, 1.7+0.60/1.0/0.007+1.3 ms cpu, 3->4->2 MB, 4 MB goal, 0 MB stacks, 0 MB globals, 16 P
gc 14244 @58.008s 5%: 0.11+0.57+0.11 ms clock, 1.8+0.58/0.86/0.041+1.7 ms cpu, 3->4->1 MB, 4 MB goal, 0 MB stacks, 0 MB globals, 16 P
gc 14245 @58.009s 5%: 0.12+0.82+0.062 ms clock, 2.0+0.51/0.88/0+1.0 ms cpu, 3->4->2 MB, 4 MB goal, 0 MB stacks, 0 MB globals, 16 P
gc 14246 @58.011s 5%: 0.12+0.81+0.051 ms clock, 1.9+0.56/0.94/0+0.82 ms cpu, 3->4->2 MB, 4 MB goal, 0 MB stacks, 0 MB globals, 16 P
gc 14247 @58.013s 5%: 0.13+0.57+0.068 ms clock, 2.1+0.63/0.81/0+1.0 ms cpu, 3->4->1 MB, 4 MB goal, 0 MB stacks, 0 MB globals, 16 P
gc 14248 @58.015s 5%: 0.10+0.72+0.10 ms clock, 1.7+0.55/0.78/0.065+1.6 ms cpu, 3->4->2 MB, 4 MB goal, 0 MB stacks, 0 MB globals, 16 P
gc 14249 @58.017s 5%: 0.10+0.67+0.10 ms clock, 1.7+0.61/0.88/0+1.6 ms cpu, 3->4->2 MB, 4 MB goal, 0 MB stacks, 0 MB globals, 16 P
gc 14250 @58.019s 5%: 0.12+0.68+0.12 ms clock, 2.0+0.73/0.82/0.041+2.0 ms cpu, 3->4->2 MB, 4 MB goal, 0 MB stacks, 0 MB globals, 16 P
gc 14251 @58.021s 5%: 0.10+0.52+0.090 ms clock, 1.6+0.58/0.85/0+1.4 ms cpu, 3->4->1 MB, 4 MB goal, 0 MB stacks, 0 MB globals, 16 P
gc 14252 @58.022s 5%: 0.12+0.70+0.084 ms clock, 1.9+0.69/0.86/0+1.3 ms cpu, 3->4->2 MB, 4 MB goal, 0 MB stacks, 0 MB globals, 16 P
gc 14253 @58.024s 5%: 0.14+0.67+0.090 ms clock, 2.3+0.54/0.79/0.007+1.4 ms cpu, 3->4->2 MB, 4 MB goal, 0 MB stacks, 0 MB globals, 16 P
gc 14254 @58.026s 5%: 0.13+0.49+0.19 ms clock, 2.1+0.67/0.88/0.014+3.0 ms cpu, 3->4->1 MB, 4 MB goal, 0 MB stacks, 0 MB globals, 16 P
gc 14255 @58.027s 5%: 0.22+0.58+0.092 ms clock, 3.6+0.62/0.86/0+1.4 ms cpu, 3->4->2 MB, 4 MB goal, 0 MB stacks, 0 MB globals, 16 P
gc 14256 @58.029s 5%: 0.10+0.62+0.070 ms clock, 1.6+0.55/0.93/0.012+1.1 ms cpu, 3->4->1 MB, 4 MB goal, 0 MB stacks, 0 MB globals, 16 P
gc 14257 @58.031s 5%: 0.14+0.67+0.050 ms clock, 2.3+0.60/0.78/0+0.80 ms cpu, 3->4->2 MB, 4 MB goal, 0 MB stacks, 0 MB globals, 16 P
gc 14258 @58.033s 5%: 0.11+0.52+0.11 ms clock, 1.7+0.49/0.83/0+1.8 ms cpu, 3->4->1 MB, 4 MB goal, 0 MB stacks, 0 MB globals, 16 P
gc 14259 @58.034s 5%: 0.11+0.54+0.11 ms clock, 1.8+0.68/0.85/0+1.8 ms cpu, 3->4->1 MB, 4 MB goal, 0 MB stacks, 0 MB globals, 16 P
gc 14260 @58.036s 5%: 0.13+0.52+0.072 ms clock, 2.1+0.55/0.84/0.030+1.1 ms cpu, 3->4->1 MB, 4 MB goal, 0 MB stacks, 0 MB globals, 16 P
gc 14261 @58.038s 5%: 0.13+0.58+0.13 ms clock, 2.1+0.55/0.87/0.001+2.2 ms cpu, 3->4->2 MB, 4 MB goal, 0 MB stacks, 0 MB globals, 16 P
gc 14262 @58.039s 5%: 0.094+0.50+0.10 ms clock, 1.5+0.54/0.79/0.002+1.6 ms cpu, 3->4->1 MB, 4 MB goal, 0 MB stacks, 0 MB globals, 16 P
gc 14263 @58.041s 5%: 0.15+0.59+0.098 ms clock, 2.4+0.60/0.92/0+1.5 ms cpu, 3->4->2 MB, 4 MB goal, 0 MB stacks, 0 MB globals, 16 P
gc 14264 @58.043s 5%: 0.14+0.55+0.21 ms clock, 2.2+0.52/0.90/0.065+3.4 ms cpu, 3->4->1 MB, 4 MB goal, 0 MB stacks, 0 MB globals, 16 P
gc 14265 @58.044s 5%: 0.16+0.49+0.092 ms clock, 2.6+0.57/0.81/0+1.4 ms cpu, 3->4->1 MB, 4 MB goal, 0 MB stacks, 0 MB globals, 16 P
gc 14266 @58.046s 5%: 0.10+0.61+0.13 ms clock, 1.6+0.49/0.87/0.005+2.1 ms cpu, 3->4->2 MB, 4 MB goal, 0 MB stacks, 0 MB globals, 16 P
gc 14267 @58.047s 5%: 0.12+0.47+0.11 ms clock, 1.9+0.59/0.76/0.065+1.7 ms cpu, 3->4->1 MB, 4 MB goal, 0 MB stacks, 0 MB globals, 16 P
gc 14268 @58.049s 5%: 0.21+0.60+0.074 ms clock, 3.4+0.72/0.72/0.062+1.1 ms cpu, 3->4->2 MB, 4 MB goal, 0 MB stacks, 0 MB globals, 16 P
gc 14269 @58.051s 5%: 0.15+0.52+0.11 ms clock, 2.4+0.60/0.76/0+1.8 ms cpu, 3->4->1 MB, 4 MB goal, 0 MB stacks, 0 MB globals, 16 P
gc 14270 @58.052s 5%: 0.12+0.61+0.082 ms clock, 2.0+0.61/0.80/0.020+1.3 ms cpu, 3->4->1 MB, 4 MB goal, 0 MB stacks, 0 MB globals, 16 P
gc 14271 @58.054s 5%: 0.15+0.71+0.098 ms clock, 2.4+0.74/0.91/0+1.5 ms cpu, 3->4->2 MB, 4 MB goal, 0 MB stacks, 0 MB globals, 16 P
gc 14272 @58.056s 5%: 0.14+0.77+0.071 ms clock, 2.3+0.54/0.82/0.023+1.1 ms cpu, 3->4->2 MB, 4 MB goal, 0 MB stacks, 0 MB globals, 16 P
gc 14273 @58.058s 5%: 0.11+0.49+0.14 ms clock, 1.7+0.56/0.69/0.048+2.3 ms cpu, 3->4->1 MB, 4 MB goal, 0 MB stacks, 0 MB globals, 16 P
gc 14274 @58.059s 5%: 0.12+0.50+0.14 ms clock, 1.9+0.70/0.73/0+2.2 ms cpu, 3->4->1 MB, 4 MB goal, 0 MB stacks, 0 MB globals, 16 P
gc 14275 @58.061s 5%: 0.10+0.47+0.082 ms clock, 1.7+0.49/0.80/0+1.3 ms cpu, 3->3->1 MB, 4 MB goal, 0 MB stacks, 0 MB globals, 16 P
gc 14276 @58.062s 5%: 0.13+0.60+0.064 ms clock, 2.0+0.58/0.79/0+1.0 ms cpu, 3->4->1 MB, 4 MB goal, 0 MB stacks, 0 MB globals, 16 P
gc 14277 @58.064s 5%: 0.11+0.79+0.11 ms clock, 1.8+0.69/0.94/0+1.7 ms cpu, 3->4->2 MB, 4 MB goal, 0 MB stacks, 0 MB globals, 16 P
gc 14278 @58.066s 5%: 0.15+0.56+0.10 ms clock, 2.4+0.73/0.70/0+1.6 ms cpu, 3->4->1 MB, 4 MB goal, 0 MB stacks, 0 MB globals, 16 P
gc 14279 @58.067s 5%: 0.10+0.58+0.081 ms clock, 1.7+0.63/1.0/0.004+1.3 ms cpu, 3->4->1 MB, 4 MB goal, 0 MB stacks, 0 MB globals, 16 P
gc 14280 @58.069s 5%: 0.10+0.73+0.12 ms clock, 1.6+0.57/0.85/0+1.9 ms cpu, 3->4->2 MB, 4 MB goal, 0 MB stacks, 0 MB globals, 16 P
gc 14281 @58.071s 5%: 0.18+0.63+0.086 ms clock, 2.9+0.47/0.88/0+1.3 ms cpu, 3->4->2 MB, 4 MB goal, 0 MB stacks, 0 MB globals, 16 P
gc 14282 @58.073s 5%: 0.14+0.50+0.13 ms clock, 2.2+0.64/0.80/0+2.1 ms cpu, 3->4->1 MB, 4 MB goal, 0 MB stacks, 0 MB globals, 16 P
gc 14283 @58.074s 5%: 0.20+0.62+0.089 ms clock, 3.2+0.65/1.0/0+1.4 ms cpu, 3->4->2 MB, 4 MB goal, 0 MB stacks, 0 MB globals, 16 P
gc 14284 @58.076s 5%: 0.13+0.46+0.10 ms clock, 2.2+0.61/0.79/0+1.6 ms cpu, 3->4->1 MB, 4 MB goal, 0 MB stacks, 0 MB globals, 16 P
gc 14285 @58.078s 5%: 0.10+0.61+0.092 ms clock, 1.6+0.49/0.77/0.026+1.4 ms cpu, 3->4->2 MB, 4 MB goal, 0 MB stacks, 0 MB globals, 16 P
gc 14286 @58.079s 5%: 0.17+0.64+0.096 ms clock, 2.8+0.60/0.86/0+1.5 ms cpu, 3->4->2 MB, 4 MB goal, 0 MB stacks, 0 MB globals, 16 P
gc 14287 @58.081s 5%: 0.10+0.54+0.10 ms clock, 1.7+0.53/0.79/0.043+1.6 ms cpu, 3->4->1 MB, 4 MB goal, 0 MB stacks, 0 MB globals, 16 P
gc 14288 @58.083s 5%: 0.13+0.52+0.13 ms clock, 2.1+0.66/0.83/0+2.0 ms cpu, 3->4->1 MB, 4 MB goal, 0 MB stacks, 0 MB globals, 16 P
gc 14289 @58.085s 5%: 0.20+0.60+0.16 ms clock, 3.3+0.26/1.0/0+2.6 ms cpu, 3->4->1 MB, 4 MB goal, 0 MB stacks, 0 MB globals, 16 P
gc 14290 @58.086s 5%: 0.12+0.53+0.096 ms clock, 1.9+0.60/0.72/0+1.5 ms cpu, 3->4->1 MB, 4 MB goal, 0 MB stacks, 0 MB globals, 16 P
gc 14291 @58.088s 5%: 0.13+0.66+0.12 ms clock, 2.1+0.71/0.84/0+1.9 ms cpu, 3->4->1 MB, 4 MB goal, 0 MB stacks, 0 MB globals, 16 P
gc 14292 @58.089s 5%: 0.12+0.53+0.10 ms clock, 2.0+0.52/0.90/0+1.7 ms cpu, 3->4->2 MB, 4 MB goal, 0 MB stacks, 0 MB globals, 16 P
gc 14293 @58.091s 5%: 0.13+0.46+0.19 ms clock, 2.1+0.54/0.75/0+3.1 ms cpu, 3->4->1 MB, 4 MB goal, 0 MB stacks, 0 MB globals, 16 P
gc 14294 @58.093s 5%: 0.12+0.57+0.21 ms clock, 2.0+0.58/0.90/0+3.4 ms cpu, 3->4->2 MB, 4 MB goal, 0 MB stacks, 0 MB globals, 16 P
gc 14295 @58.094s 5%: 0.12+0.48+0.14 ms clock, 1.9+0.64/0.72/0+2.3 ms cpu, 3->4->1 MB, 4 MB goal, 0 MB stacks, 0 MB globals, 16 P
gc 14296 @58.096s 5%: 0.15+0.56+0.12 ms clock, 2.4+0.56/0.81/0+2.0 ms cpu, 3->4->2 MB, 4 MB goal, 0 MB stacks, 0 MB globals, 16 P
gc 14297 @58.098s 5%: 0.14+0.61+0.13 ms clock, 2.2+0.70/0.71/0+2.1 ms cpu, 3->4->1 MB, 4 MB goal, 0 MB stacks, 0 MB globals, 16 P
gc 14298 @58.099s 5%: 0.18+0.45+0.18 ms clock, 3.0+0.69/0.68/0.056+2.8 ms cpu, 3->4->1 MB, 4 MB goal, 0 MB stacks, 0 MB globals, 16 P
gc 14299 @58.101s 5%: 0.10+0.78+0.078 ms clock, 1.7+0.60/0.85/0+1.2 ms cpu, 3->4->2 MB, 4 MB goal, 0 MB stacks, 0 MB globals, 16 P
gc 14300 @58.103s 5%: 0.14+0.79+0.096 ms clock, 2.3+0.60/0.83/0+1.5 ms cpu, 3->4->2 MB, 4 MB goal, 0 MB stacks, 0 MB globals, 16 P
gc 14301 @58.105s 5%: 0.10+0.44+0.11 ms clock, 1.6+0.53/0.80/0+1.8 ms cpu, 4->4->1 MB, 4 MB goal, 0 MB stacks, 0 MB globals, 16 P
gc 14302 @58.106s 5%: 0.12+0.50+0.13 ms clock, 2.0+0.49/0.81/0+2.1 ms cpu, 3->4->1 MB, 4 MB goal, 0 MB stacks, 0 MB globals, 16 P
gc 14303 @58.108s 5%: 0.14+1.1+0.072 ms clock, 2.2+0.53/0.80/0+1.1 ms cpu, 3->4->2 MB, 4 MB goal, 0 MB stacks, 0 MB globals, 16 P
gc 14304 @58.110s 5%: 0.12+0.66+0.072 ms clock, 2.0+0.42/0.84/0.020+1.1 ms cpu, 4->4->1 MB, 5 MB goal, 0 MB stacks, 0 MB globals, 16 P
gc 14305 @58.112s 5%: 0.10+0.58+0.12 ms clock, 1.6+0.59/0.77/0+2.0 ms cpu, 3->4->1 MB, 4 MB goal, 0 MB stacks, 0 MB globals, 16 P
gc 14306 @58.113s 5%: 0.11+0.64+0.063 ms clock, 1.8+0.49/0.96/0+1.0 ms cpu, 3->4->1 MB, 4 MB goal, 0 MB stacks, 0 MB globals, 16 P
gc 14307 @58.115s 5%: 0.12+0.56+0.078 ms clock, 2.0+0.63/1.0/0.009+1.2 ms cpu, 3->4->1 MB, 4 MB goal, 0 MB stacks, 0 MB globals, 16 P
gc 14308 @58.116s 5%: 0.15+0.58+0.087 ms clock, 2.4+0.61/0.92/0.088+1.4 ms cpu, 3->4->2 MB, 4 MB goal, 0 MB stacks, 0 MB globals, 16 P
gc 14309 @58.118s 5%: 0.11+0.55+0.17 ms clock, 1.8+0.52/0.87/0.003+2.7 ms cpu, 3->4->1 MB, 4 MB goal, 0 MB stacks, 0 MB globals, 16 P
gc 14310 @58.120s 5%: 0.12+0.61+0.19 ms clock, 2.0+0.68/1.0/0+3.1 ms cpu, 3->4->2 MB, 4 MB goal, 0 MB stacks, 0 MB globals, 16 P
gc 14311 @58.122s 5%: 0.12+0.46+0.20 ms clock, 1.9+0.55/0.81/0+3.2 ms cpu, 3->4->1 MB, 4 MB goal, 0 MB stacks, 0 MB globals, 16 P
gc 14312 @58.123s 5%: 0.18+0.53+0.15 ms clock, 2.9+0.78/0.88/0.006+2.5 ms cpu, 3->4->2 MB, 4 MB goal, 0 MB stacks, 0 MB globals, 16 P
gc 14313 @58.125s 5%: 0.14+0.65+0.17 ms clock, 2.2+0.64/0.84/0+2.7 ms cpu, 3->4->2 MB, 4 MB goal, 0 MB stacks, 0 MB globals, 16 P
gc 14314 @58.127s 5%: 0.069+0.62+0.080 ms clock, 1.1+0.65/0.75/0.057+1.2 ms cpu, 3->4->1 MB, 4 MB goal, 0 MB stacks, 0 MB globals, 16 P
gc 14315 @58.128s 5%: 0.15+0.64+0.10 ms clock, 2.4+0.49/0.96/0+1.6 ms cpu, 3->4->2 MB, 4 MB goal, 0 MB stacks, 0 MB globals, 16 P
gc 14316 @58.130s 5%: 0.12+0.52+0.12 ms clock, 2.0+0.48/0.83/0.004+1.9 ms cpu, 3->4->1 MB, 4 MB goal, 0 MB stacks, 0 MB globals, 16 P
gc 14317 @58.132s 5%: 0.13+0.72+0.077 ms clock, 2.1+0.47/0.81/0.061+1.2 ms cpu, 3->4->2 MB, 4 MB goal, 0 MB stacks, 0 MB globals, 16 P
gc 14318 @58.134s 5%: 0.10+0.62+0.17 ms clock, 1.7+0.56/0.81/0.032+2.7 ms cpu, 3->4->2 MB, 4 MB goal, 0 MB stacks, 0 MB globals, 16 P
gc 14319 @58.136s 5%: 0.065+0.66+0.16 ms clock, 1.0+0.59/0.94/0.039+2.6 ms cpu, 3->4->2 MB, 4 MB goal, 0 MB stacks, 0 MB globals, 16 P
gc 14320 @58.138s 5%: 0.11+0.63+0.10 ms clock, 1.8+0.59/0.75/0.012+1.6 ms cpu, 3->4->2 MB, 4 MB goal, 0 MB stacks, 0 MB globals, 16 P
gc 14321 @58.139s 5%: 0.14+0.61+0.089 ms clock, 2.2+0.58/0.87/0+1.4 ms cpu, 3->4->2 MB, 4 MB goal, 0 MB stacks, 0 MB globals, 16 P
gc 14322 @58.141s 5%: 0.13+0.45+0.21 ms clock, 2.1+0.52/0.90/0+3.4 ms cpu, 3->4->1 MB, 4 MB goal, 0 MB stacks, 0 MB globals, 16 P
gc 14323 @58.143s 5%: 0.15+0.58+0.15 ms clock, 2.4+0.55/0.79/0.019+2.5 ms cpu, 3->4->1 MB, 4 MB goal, 0 MB stacks, 0 MB globals, 16 P
gc 14324 @58.144s 5%: 0.13+0.54+0.075 ms clock, 2.2+0.45/0.84/0+1.2 ms cpu, 3->4->1 MB, 4 MB goal, 0 MB stacks, 0 MB globals, 16 P
gc 14325 @58.146s 5%: 0.15+0.59+0.12 ms clock, 2.4+0.73/0.83/0+2.0 ms cpu, 3->4->2 MB, 4 MB goal, 0 MB stacks, 0 MB globals, 16 P
gc 14326 @58.148s 5%: 0.10+0.56+0.095 ms clock, 1.6+0.62/0.91/0+1.5 ms cpu, 3->4->1 MB, 4 MB goal, 0 MB stacks, 0 MB globals, 16 P
gc 14327 @58.150s 5%: 0.12+0.51+0.12 ms clock, 1.9+0.49/0.83/0+1.9 ms cpu, 3->4->1 MB, 4 MB goal, 0 MB stacks, 0 MB globals, 16 P
gc 14328 @58.151s 5%: 0.15+0.47+0.14 ms clock, 2.4+0.77/0.70/0+2.2 ms cpu, 3->4->1 MB, 4 MB goal, 0 MB stacks, 0 MB globals, 16 P
gc 14329 @58.153s 5%: 0.081+0.66+0.094 ms clock, 1.2+0.50/1.0/0.014+1.5 ms cpu, 3->4->1 MB, 4 MB goal, 0 MB stacks, 0 MB globals, 16 P
gc 14330 @58.154s 5%: 0.13+0.75+0.075 ms clock, 2.1+0.75/0.83/0+1.2 ms cpu, 3->4->2 MB, 4 MB goal, 0 MB stacks, 0 MB globals, 16 P
gc 14331 @58.156s 5%: 0.13+0.45+0.12 ms clock, 2.2+0.58/0.78/0.020+1.9 ms cpu, 3->4->1 MB, 4 MB goal, 0 MB stacks, 0 MB globals, 16 P
gc 14332 @58.158s 5%: 0.14+0.58+0.13 ms clock, 2.2+0.69/0.73/0+2.1 ms cpu, 3->4->1 MB, 4 MB goal, 0 MB stacks, 0 MB globals, 16 P
gc 14333 @58.159s 5%: 0.10+0.52+0.18 ms clock, 1.6+0.74/0.72/0.021+2.9 ms cpu, 3->4->1 MB, 4 MB goal, 0 MB stacks, 0 MB globals, 16 P
gc 14334 @58.161s 5%: 0.15+0.50+0.18 ms clock, 2.5+0.56/0.71/0+2.8 ms cpu, 3->4->1 MB, 4 MB goal, 0 MB stacks, 0 MB globals, 16 P
gc 14335 @58.162s 5%: 0.10+0.53+0.091 ms clock, 1.6+0.68/0.89/0.022+1.4 ms cpu, 3->4->1 MB, 4 MB goal, 0 MB stacks, 0 MB globals, 16 P
gc 14336 @58.164s 5%: 0.11+0.55+0.087 ms clock, 1.8+0.50/0.78/0.026+1.4 ms cpu, 3->4->1 MB, 4 MB goal, 0 MB stacks, 0 MB globals, 16 P
gc 14337 @58.166s 5%: 0.17+0.64+0.081 ms clock, 2.7+0.57/0.77/0+1.3 ms cpu, 3->4->2 MB, 4 MB goal, 0 MB stacks, 0 MB globals, 16 P
gc 14338 @58.167s 5%: 0.11+0.68+0.086 ms clock, 1.7+0.45/0.74/0.041+1.3 ms cpu, 3->4->2 MB, 4 MB goal, 0 MB stacks, 0 MB globals, 16 P
gc 14339 @58.169s 5%: 0.13+0.48+0.13 ms clock, 2.0+0.54/0.81/0.008+2.1 ms cpu, 3->4->1 MB, 4 MB goal, 0 MB stacks, 0 MB globals, 16 P
gc 14340 @58.171s 5%: 0.11+0.56+0.10 ms clock, 1.8+0.55/0.88/0.016+1.7 ms cpu, 3->4->1 MB, 4 MB goal, 0 MB stacks, 0 MB globals, 16 P
gc 14341 @58.173s 5%: 0.11+0.68+0.13 ms clock, 1.8+0.55/0.81/0.041+2.1 ms cpu, 3->4->2 MB, 4 MB goal, 0 MB stacks, 0 MB globals, 16 P
gc 14342 @58.174s 5%: 0.12+0.63+0.097 ms clock, 2.0+0.63/0.87/0.001+1.5 ms cpu, 3->4->2 MB, 4 MB goal, 0 MB stacks, 0 MB globals, 16 P
gc 14343 @58.176s 5%: 0.11+0.64+0.041 ms clock, 1.7+0.52/0.85/0+0.66 ms cpu, 3->4->1 MB, 4 MB goal, 0 MB stacks, 0 MB globals, 16 P
gc 14344 @58.178s 5%: 0.13+0.58+0.11 ms clock, 2.1+0.42/0.93/0+1.7 ms cpu, 3->4->1 MB, 4 MB goal, 0 MB stacks, 0 MB globals, 16 P
gc 14345 @58.179s 5%: 0.10+0.58+0.098 ms clock, 1.7+0.66/0.95/0+1.5 ms cpu, 3->4->1 MB, 4 MB goal, 0 MB stacks, 0 MB globals, 16 P
gc 14346 @58.181s 5%: 0.13+0.60+0.11 ms clock, 2.1+0.62/0.84/0.037+1.8 ms cpu, 3->4->1 MB, 4 MB goal, 0 MB stacks, 0 MB globals, 16 P
gc 14347 @58.183s 5%: 0.15+0.67+0.10 ms clock, 2.5+0.55/1.0/0.004+1.7 ms cpu, 3->4->2 MB, 4 MB goal, 0 MB stacks, 0 MB globals, 16 P
gc 14348 @58.185s 5%: 0.11+0.75+0.10 ms clock, 1.9+0.52/0.94/0.012+1.6 ms cpu, 3->4->2 MB, 4 MB goal, 0 MB stacks, 0 MB globals, 16 P
gc 14349 @58.186s 5%: 0.12+0.41+0.090 ms clock, 1.9+0.56/0.78/0+1.4 ms cpu, 3->4->1 MB, 4 MB goal, 0 MB stacks, 0 MB globals, 16 P
gc 14350 @58.188s 5%: 0.15+0.52+0.10 ms clock, 2.4+0.69/0.77/0.004+1.6 ms cpu, 3->4->1 MB, 4 MB goal, 0 MB stacks, 0 MB globals, 16 P
gc 14351 @58.190s 5%: 0.14+0.56+0.10 ms clock, 2.3+0.59/0.81/0+1.7 ms cpu, 3->4->2 MB, 4 MB goal, 0 MB stacks, 0 MB globals, 16 P
gc 14352 @58.191s 5%: 0.10+0.56+0.096 ms clock, 1.7+0.55/0.86/0+1.5 ms cpu, 3->4->1 MB, 4 MB goal, 0 MB stacks, 0 MB globals, 16 P
gc 14353 @58.193s 5%: 0.11+0.59+0.10 ms clock, 1.8+0.60/0.94/0+1.6 ms cpu, 3->4->2 MB, 4 MB goal, 0 MB stacks, 0 MB globals, 16 P
gc 14354 @58.195s 5%: 0.11+0.77+0.093 ms clock, 1.8+0.59/0.75/0+1.5 ms cpu, 3->4->2 MB, 4 MB goal, 0 MB stacks, 0 MB globals, 16 P
gc 14355 @58.197s 5%: 0.12+0.58+0.12 ms clock, 1.9+0.62/0.98/0+2.0 ms cpu, 3->4->2 MB, 4 MB goal, 0 MB stacks, 0 MB globals, 16 P
gc 14356 @58.198s 5%: 0.11+0.61+0.087 ms clock, 1.8+0.59/0.91/0+1.3 ms cpu, 3->4->1 MB, 4 MB goal, 0 MB stacks, 0 MB globals, 16 P
gc 14357 @58.200s 5%: 0.12+0.69+0.086 ms clock, 1.9+0.63/0.83/0+1.3 ms cpu, 3->4->2 MB, 4 MB goal, 0 MB stacks, 0 MB globals, 16 P
gc 14358 @58.202s 5%: 0.11+0.52+0.12 ms clock, 1.7+0.65/0.81/0+2.0 ms cpu, 3->4->1 MB, 4 MB goal, 0 MB stacks, 0 MB globals, 16 P
gc 14359 @58.204s 5%: 0.11+0.73+0.082 ms clock, 1.9+0.68/1.0/0+1.3 ms cpu, 3->4->2 MB, 4 MB goal, 0 MB stacks, 0 MB globals, 16 P
gc 14360 @58.205s 5%: 0.11+0.55+0.079 ms clock, 1.8+0.50/0.84/0.002+1.2 ms cpu, 3->4->1 MB, 4 MB goal, 0 MB stacks, 0 MB globals, 16 P
gc 14361 @58.207s 5%: 0.15+0.62+0.13 ms clock, 2.5+0.53/0.88/0.039+2.1 ms cpu, 3->4->2 MB, 4 MB goal, 0 MB stacks, 0 MB globals, 16 P
gc 14362 @58.209s 5%: 0.12+0.55+0.14 ms clock, 2.0+0.58/0.88/0.016+2.3 ms cpu, 3->4->1 MB, 4 MB goal, 0 MB stacks, 0 MB globals, 16 P
gc 14363 @58.211s 5%: 0.12+0.57+0.14 ms clock, 1.9+0.66/0.92/0+2.2 ms cpu, 3->4->1 MB, 4 MB goal, 0 MB stacks, 0 MB globals, 16 P
gc 14364 @58.212s 5%: 0.10+0.52+0.098 ms clock, 1.6+0.62/0.76/0+1.5 ms cpu, 3->4->1 MB, 4 MB goal, 0 MB stacks, 0 MB globals, 16 P
gc 14365 @58.214s 5%: 0.18+0.53+0.14 ms clock, 2.8+0.63/0.92/0+2.2 ms cpu, 3->4->2 MB, 4 MB goal, 0 MB stacks, 0 MB globals, 16 P
gc 14366 @58.215s 5%: 0.16+0.60+0.18 ms clock, 2.5+0.50/0.73/0.016+2.9 ms cpu, 3->4->1 MB, 4 MB goal, 0 MB stacks, 0 MB globals, 16 P
gc 14367 @58.217s 5%: 0.22+0.64+0.15 ms clock, 3.5+0.72/0.78/0+2.4 ms cpu, 3->4->2 MB, 4 MB goal, 0 MB stacks, 0 MB globals, 16 P
gc 14368 @58.219s 5%: 0.12+0.62+0.10 ms clock, 2.0+0.50/0.78/0+1.6 ms cpu, 3->4->2 MB, 4 MB goal, 0 MB stacks, 0 MB globals, 16 P
gc 14369 @58.221s 5%: 0.095+0.69+0.078 ms clock, 1.5+0.65/0.96/0.046+1.2 ms cpu, 3->4->2 MB, 4 MB goal, 0 MB stacks, 0 MB globals, 16 P
gc 14370 @58.222s 5%: 0.093+0.59+0.094 ms clock, 1.4+0.59/0.90/0.008+1.5 ms cpu, 3->4->1 MB, 4 MB goal, 0 MB stacks, 0 MB globals, 16 P
gc 14371 @58.224s 5%: 0.15+0.53+0.066 ms clock, 2.4+0.46/0.86/0+1.0 ms cpu, 3->4->1 MB, 4 MB goal, 0 MB stacks, 0 MB globals, 16 P
gc 14372 @58.226s 5%: 0.11+0.59+0.11 ms clock, 1.8+0.57/0.98/0+1.8 ms cpu, 3->4->1 MB, 4 MB goal, 0 MB stacks, 0 MB globals, 16 P
gc 14373 @58.227s 5%: 0.13+0.57+0.12 ms clock, 2.1+0.70/0.75/0.074+1.9 ms cpu, 3->4->2 MB, 4 MB goal, 0 MB stacks, 0 MB globals, 16 P
gc 14374 @58.229s 5%: 0.12+0.56+0.12 ms clock, 1.9+0.64/0.90/0+2.0 ms cpu, 3->4->1 MB, 4 MB goal, 0 MB stacks, 0 MB globals, 16 P
gc 14375 @58.231s 5%: 0.16+0.56+0.11 ms clock, 2.6+0.68/0.91/0.010+1.7 ms cpu, 3->4->2 MB, 4 MB goal, 0 MB stacks, 0 MB globals, 16 P
gc 14376 @58.233s 5%: 0.14+0.50+0.13 ms clock, 2.2+0.67/0.66/0.021+2.1 ms cpu, 3->4->1 MB, 4 MB goal, 0 MB stacks, 0 MB globals, 16 P
gc 14377 @58.234s 5%: 0.13+0.67+0.11 ms clock, 2.1+0.60/1.0/0+1.9 ms cpu, 3->4->2 MB, 4 MB goal, 0 MB stacks, 0 MB globals, 16 P
gc 14378 @58.236s 5%: 0.14+0.67+0.12 ms clock, 2.2+0.57/1.0/0+2.0 ms cpu, 3->4->2 MB, 4 MB goal, 0 MB stacks, 0 MB globals, 16 P
gc 14379 @58.238s 5%: 0.10+0.70+0.10 ms clock, 1.7+0.53/0.82/0.002+1.6 ms cpu, 3->4->1 MB, 4 MB goal, 0 MB stacks, 0 MB globals, 16 P
gc 14380 @58.240s 5%: 0.16+0.59+0.12 ms clock, 2.6+0.60/0.81/0.059+1.9 ms cpu, 3->4->2 MB, 4 MB goal, 0 MB stacks, 0 MB globals, 16 P
gc 14381 @58.241s 5%: 0.15+0.63+0.074 ms clock, 2.4+0.61/0.88/0.011+1.1 ms cpu, 3->4->2 MB, 4 MB goal, 0 MB stacks, 0 MB globals, 16 P
gc 14382 @58.243s 5%: 0.15+0.63+0.094 ms clock, 2.4+0.64/0.94/0+1.5 ms cpu, 3->4->1 MB, 4 MB goal, 0 MB stacks, 0 MB globals, 16 P
gc 14383 @58.245s 5%: 0.12+0.62+0.10 ms clock, 1.9+0.58/0.86/0+1.6 ms cpu, 3->4->1 MB, 4 MB goal, 0 MB stacks, 0 MB globals, 16 P
gc 14384 @58.247s 5%: 0.10+0.71+0.036 ms clock, 1.7+0.59/0.74/0.020+0.59 ms cpu, 3->4->1 MB, 4 MB goal, 0 MB stacks, 0 MB globals, 16 P
gc 14385 @58.248s 5%: 0.12+0.57+0.086 ms clock, 1.9+0.64/0.76/0.089+1.3 ms cpu, 3->4->1 MB, 4 MB goal, 0 MB stacks, 0 MB globals, 16 P
gc 14386 @58.250s 5%: 0.12+0.51+0.080 ms clock, 1.9+0.59/0.80/0+1.2 ms cpu, 3->4->1 MB, 4 MB goal, 0 MB stacks, 0 MB globals, 16 P
gc 14387 @58.252s 5%: 0.13+0.58+0.071 ms clock, 2.1+0.48/0.90/0.041+1.1 ms cpu, 3->4->2 MB, 4 MB goal, 0 MB stacks, 0 MB globals, 16 P
gc 14388 @58.253s 5%: 0.12+0.56+0.14 ms clock, 1.9+0.56/0.77/0.047+2.3 ms cpu, 3->4->1 MB, 4 MB goal, 0 MB stacks, 0 MB globals, 16 P
gc 14389 @58.255s 5%: 0.11+0.78+0.14 ms clock, 1.8+0.58/0.75/0+2.3 ms cpu, 3->4->2 MB, 4 MB goal, 0 MB stacks, 0 MB globals, 16 P
gc 14390 @58.257s 5%: 0.11+0.74+0.11 ms clock, 1.7+0.57/0.75/0.058+1.8 ms cpu, 3->4->2 MB, 4 MB goal, 0 MB stacks, 0 MB globals, 16 P
gc 14391 @58.259s 5%: 0.12+0.56+0.10 ms clock, 2.0+0.61/0.92/0+1.7 ms cpu, 3->4->1 MB, 4 MB goal, 0 MB stacks, 0 MB globals, 16 P
gc 14392 @58.260s 5%: 0.17+0.57+0.10 ms clock, 2.7+0.77/0.76/0+1.7 ms cpu, 3->4->1 MB, 4 MB goal, 0 MB stacks, 0 MB globals, 16 P
gc 14393 @58.262s 5%: 0.12+0.57+0.12 ms clock, 2.0+0.66/0.98/0+1.9 ms cpu, 3->4->2 MB, 4 MB goal, 0 MB stacks, 0 MB globals, 16 P
gc 14394 @58.264s 5%: 0.15+0.45+0.16 ms clock, 2.5+0.60/0.77/0+2.6 ms cpu, 3->4->1 MB, 4 MB goal, 0 MB stacks, 0 MB globals, 16 P
gc 14395 @58.265s 5%: 0.097+0.49+0.19 ms clock, 1.5+0.64/0.74/0.036+3.1 ms cpu, 3->4->1 MB, 4 MB goal, 0 MB stacks, 0 MB globals, 16 P
gc 14396 @58.267s 5%: 0.11+0.64+0.10 ms clock, 1.8+0.53/0.65/0.074+1.7 ms cpu, 3->4->2 MB, 4 MB goal, 0 MB stacks, 0 MB globals, 16 P
gc 14397 @58.268s 5%: 0.12+0.61+0.092 ms clock, 2.0+0.61/0.75/0.029+1.4 ms cpu, 3->4->2 MB, 4 MB goal, 0 MB stacks, 0 MB globals, 16 P
gc 14398 @58.270s 5%: 0.10+0.48+0.10 ms clock, 1.6+0.51/0.90/0+1.6 ms cpu, 3->4->1 MB, 4 MB goal, 0 MB stacks, 0 MB globals, 16 P
gc 14399 @58.272s 5%: 0.13+0.42+0.12 ms clock, 2.1+0.60/0.75/0+2.0 ms cpu, 3->3->1 MB, 4 MB goal, 0 MB stacks, 0 MB globals, 16 P
gc 14400 @58.273s 5%: 0.13+0.42+0.10 ms clock, 2.2+0.67/0.75/0.025+1.7 ms cpu, 3->3->1 MB, 4 MB goal, 0 MB stacks, 0 MB globals, 16 P
gc 14401 @58.274s 5%: 0.11+0.62+0.097 ms clock, 1.8+0.59/0.81/0.001+1.5 ms cpu, 3->4->1 MB, 4 MB goal, 0 MB stacks, 0 MB globals, 16 P
gc 14402 @58.276s 5%: 0.16+0.49+0.16 ms clock, 2.6+0.60/0.76/0+2.6 ms cpu, 3->4->2 MB, 4 MB goal, 0 MB stacks, 0 MB globals, 16 P
gc 14403 @58.278s 5%: 0.16+0.62+0.10 ms clock, 2.5+0.56/0.92/0+1.6 ms cpu, 3->4->2 MB, 4 MB goal, 0 MB stacks, 0 MB globals, 16 P
gc 14404 @58.280s 5%: 0.11+0.71+0.073 ms clock, 1.9+0.57/0.89/0+1.1 ms cpu, 3->4->2 MB, 4 MB goal, 0 MB stacks, 0 MB globals, 16 P
gc 14405 @58.281s 5%: 0.12+0.67+0.11 ms clock, 1.9+0.57/0.81/0.020+1.9 ms cpu, 3->4->2 MB, 4 MB goal, 0 MB stacks, 0 MB globals, 16 P
gc 14406 @58.283s 5%: 0.12+0.71+0.089 ms clock, 1.9+0.66/0.77/0.028+1.4 ms cpu, 3->4->2 MB, 4 MB goal, 0 MB stacks, 0 MB globals, 16 P
gc 14407 @58.285s 5%: 0.11+0.69+0.059 ms clock, 1.8+0.63/0.82/0+0.94 ms cpu, 3->4->2 MB, 4 MB goal, 0 MB stacks, 0 MB globals, 16 P
gc 14408 @58.287s 5%: 0.12+0.53+0.12 ms clock, 2.0+0.63/0.80/0.001+2.0 ms cpu, 3->4->1 MB, 4 MB goal, 0 MB stacks, 0 MB globals, 16 P
gc 14409 @58.289s 5%: 0.099+0.62+0.080 ms clock, 1.5+0.57/0.71/0+1.2 ms cpu, 3->4->1 MB, 4 MB goal, 0 MB stacks, 0 MB globals, 16 P
gc 14410 @58.290s 5%: 0.11+0.59+0.097 ms clock, 1.8+0.54/0.79/0+1.5 ms cpu, 3->4->1 MB, 4 MB goal, 0 MB stacks, 0 MB globals, 16 P
gc 14411 @58.292s 5%: 0.11+0.51+0.078 ms clock, 1.8+0.43/0.79/0.002+1.2 ms cpu, 3->4->1 MB, 4 MB goal, 0 MB stacks, 0 MB globals, 16 P
gc 14412 @58.293s 5%: 0.13+0.61+0.10 ms clock, 2.1+0.67/0.78/0.041+1.6 ms cpu, 3->4->2 MB, 4 MB goal, 0 MB stacks, 0 MB globals, 16 P
gc 14413 @58.295s 5%: 0.13+0.61+0.090 ms clock, 2.1+0.64/0.78/0+1.4 ms cpu, 3->4->2 MB, 4 MB goal, 0 MB stacks, 0 MB globals, 16 P
gc 14414 @58.297s 5%: 0.098+0.59+0.069 ms clock, 1.5+0.43/0.80/0+1.1 ms cpu, 3->4->1 MB, 4 MB goal, 0 MB stacks, 0 MB globals, 16 P
gc 14415 @58.299s 5%: 0.094+0.57+0.078 ms clock, 1.5+0.62/0.85/0.030+1.2 ms cpu, 3->4->1 MB, 4 MB goal, 0 MB stacks, 0 MB globals, 16 P
gc 14416 @58.300s 5%: 0.10+0.73+0.091 ms clock, 1.7+0.61/0.94/0+1.4 ms cpu, 3->4->2 MB, 4 MB goal, 0 MB stacks, 0 MB globals, 16 P
gc 14417 @58.302s 5%: 0.13+0.47+0.096 ms clock, 2.1+0.67/0.78/0.004+1.5 ms cpu, 3->4->1 MB, 4 MB goal, 0 MB stacks, 0 MB globals, 16 P
gc 14418 @58.304s 5%: 0.14+0.61+0.13 ms clock, 2.2+0.69/0.86/0+2.1 ms cpu, 3->4->2 MB, 4 MB goal, 0 MB stacks, 0 MB globals, 16 P
gc 14419 @58.305s 5%: 0.10+0.41+0.18 ms clock, 1.7+0.53/0.69/0.058+2.9 ms cpu, 3->4->1 MB, 4 MB goal, 0 MB stacks, 0 MB globals, 16 P
gc 14420 @58.307s 5%: 0.13+0.73+0.084 ms clock, 2.1+0.44/0.93/0.072+1.3 ms cpu, 3->4->2 MB, 4 MB goal, 0 MB stacks, 0 MB globals, 16 P
gc 14421 @58.309s 5%: 0.11+0.52+0.069 ms clock, 1.7+0.55/0.81/0.022+1.1 ms cpu, 3->4->1 MB, 4 MB goal, 0 MB stacks, 0 MB globals, 16 P
gc 14422 @58.310s 5%: 0.19+0.54+0.10 ms clock, 3.1+0.59/0.88/0+1.7 ms cpu, 3->4->2 MB, 4 MB goal, 0 MB stacks, 0 MB globals, 16 P
gc 14423 @58.312s 5%: 0.10+0.61+0.13 ms clock, 1.7+0.68/0.86/0.015+2.2 ms cpu, 3->4->2 MB, 4 MB goal, 0 MB stacks, 0 MB globals, 16 P
gc 14424 @58.314s 5%: 0.14+0.59+0.091 ms clock, 2.2+0.69/0.84/0+1.4 ms cpu, 3->4->2 MB, 4 MB goal, 0 MB stacks, 0 MB globals, 16 P
gc 14425 @58.315s 5%: 0.10+0.43+0.19 ms clock, 1.7+0.64/0.74/0.057+3.1 ms cpu, 3->4->1 MB, 4 MB goal, 0 MB stacks, 0 MB globals, 16 P
gc 14426 @58.317s 5%: 0.19+0.54+0.19 ms clock, 3.0+0.80/0.99/0+3.1 ms cpu, 3->4->2 MB, 4 MB goal, 0 MB stacks, 0 MB globals, 16 P
gc 14427 @58.319s 5%: 0.16+0.78+0.082 ms clock, 2.6+0.69/0.92/0+1.3 ms cpu, 3->4->2 MB, 4 MB goal, 0 MB stacks, 0 MB globals, 16 P
gc 14428 @58.321s 5%: 0.13+0.58+0.13 ms clock, 2.2+0.75/0.84/0+2.0 ms cpu, 3->4->2 MB, 4 MB goal, 0 MB stacks, 0 MB globals, 16 P
gc 14429 @58.322s 5%: 0.13+0.66+0.10 ms clock, 2.2+0.66/0.79/0+1.7 ms cpu, 3->4->1 MB, 4 MB goal, 0 MB stacks, 0 MB globals, 16 P
gc 14430 @58.324s 5%: 0.19+0.72+0.13 ms clock, 3.0+0.70/0.88/0+2.1 ms cpu, 3->4->2 MB, 4 MB goal, 0 MB stacks, 0 MB globals, 16 P
gc 14431 @58.326s 5%: 0.10+0.53+0.13 ms clock, 1.7+0.61/0.78/0+2.1 ms cpu, 4->4->1 MB, 4 MB goal, 0 MB stacks, 0 MB globals, 16 P
gc 14432 @58.328s 5%: 0.11+0.49+0.17 ms clock, 1.8+0.61/0.82/0.015+2.8 ms cpu, 3->4->1 MB, 4 MB goal, 0 MB stacks, 0 MB globals, 16 P
gc 14433 @58.329s 5%: 0.11+0.48+0.089 ms clock, 1.7+0.59/0.84/0.020+1.4 ms cpu, 3->4->1 MB, 4 MB goal, 0 MB stacks, 0 MB globals, 16 P
gc 14434 @58.331s 5%: 0.18+0.66+0.070 ms clock, 2.9+0.61/0.82/0+1.1 ms cpu, 3->4->2 MB, 4 MB goal, 0 MB stacks, 0 MB globals, 16 P
gc 14435 @58.333s 5%: 0.11+0.84+0.082 ms clock, 1.8+0.42/0.88/0.023+1.3 ms cpu, 3->4->2 MB, 4 MB goal, 0 MB stacks, 0 MB globals, 16 P
gc 14436 @58.335s 5%: 0.15+0.52+0.092 ms clock, 2.4+0.51/0.78/0.004+1.4 ms cpu, 3->4->1 MB, 4 MB goal, 0 MB stacks, 0 MB globals, 16 P
gc 14437 @58.336s 5%: 0.13+0.53+0.16 ms clock, 2.1+0.71/0.89/0.003+2.5 ms cpu, 3->4->1 MB, 4 MB goal, 0 MB stacks, 0 MB globals, 16 P
gc 14438 @58.338s 5%: 0.094+0.57+0.10 ms clock, 1.5+0.49/0.90/0+1.6 ms cpu, 3->4->1 MB, 4 MB goal, 0 MB stacks, 0 MB globals, 16 P
gc 14439 @58.339s 5%: 0.16+0.60+0.10 ms clock, 2.6+0.65/0.84/0+1.6 ms cpu, 3->4->2 MB, 4 MB goal, 0 MB stacks, 0 MB globals, 16 P
gc 14440 @58.341s 5%: 0.12+0.60+0.12 ms clock, 1.9+0.69/0.71/0.022+1.9 ms cpu, 3->4->1 MB, 4 MB goal, 0 MB stacks, 0 MB globals, 16 P
gc 14441 @58.343s 5%: 0.12+0.52+0.13 ms clock, 2.0+0.68/0.85/0+2.1 ms cpu, 3->4->1 MB, 4 MB goal, 0 MB stacks, 0 MB globals, 16 P
gc 14442 @58.345s 5%: 0.13+0.62+0.092 ms clock, 2.1+0.11/1.0/0.008+1.4 ms cpu, 3->4->2 MB, 4 MB goal, 0 MB stacks, 0 MB globals, 16 P
gc 14443 @58.346s 5%: 0.13+0.77+0.10 ms clock, 2.1+0.57/0.78/0+1.6 ms cpu, 3->4->2 MB, 4 MB goal, 0 MB stacks, 0 MB globals, 16 P
gc 14444 @58.348s 5%: 0.13+0.48+0.12 ms clock, 2.1+0.43/0.76/0.13+2.0 ms cpu, 3->4->1 MB, 4 MB goal, 0 MB stacks, 0 MB globals, 16 P
gc 14445 @58.350s 5%: 0.099+0.44+0.14 ms clock, 1.5+0.78/0.72/0.002+2.2 ms cpu, 3->4->1 MB, 4 MB goal, 0 MB stacks, 0 MB globals, 16 P
gc 14446 @58.351s 5%: 0.14+0.51+0.13 ms clock, 2.2+0.56/0.82/0+2.1 ms cpu, 3->4->2 MB, 4 MB goal, 0 MB stacks, 0 MB globals, 16 P
gc 14447 @58.353s 5%: 0.12+0.53+0.11 ms clock, 2.0+0.53/0.91/0.003+1.8 ms cpu, 3->4->1 MB, 4 MB goal, 0 MB stacks, 0 MB globals, 16 P
gc 14448 @58.354s 5%: 0.12+0.77+0.085 ms clock, 1.9+0.66/0.81/0.002+1.3 ms cpu, 3->4->2 MB, 4 MB goal, 0 MB stacks, 0 MB globals, 16 P
gc 14449 @58.357s 5%: 0.13+0.50+0.10 ms clock, 2.0+0.57/0.87/0+1.6 ms cpu, 3->4->1 MB, 4 MB goal, 0 MB stacks, 0 MB globals, 16 P
gc 14450 @58.358s 5%: 0.098+0.47+0.12 ms clock, 1.5+0.53/0.75/0.022+1.9 ms cpu, 3->4->1 MB, 4 MB goal, 0 MB stacks, 0 MB globals, 16 P
gc 14451 @58.360s 5%: 0.10+0.54+0.082 ms clock, 1.6+0.44/0.86/0+1.3 ms cpu, 3->4->1 MB, 4 MB goal, 0 MB stacks, 0 MB globals, 16 P
gc 14452 @58.361s 5%: 0.18+0.50+0.16 ms clock, 3.0+0.69/0.78/0+2.6 ms cpu, 3->4->1 MB, 4 MB goal, 0 MB stacks, 0 MB globals, 16 P
gc 14453 @58.363s 5%: 0.11+0.63+0.12 ms clock, 1.8+0.55/0.85/0.002+2.0 ms cpu, 3->4->2 MB, 4 MB goal, 0 MB stacks, 0 MB globals, 16 P
gc 14454 @58.365s 5%: 0.13+0.51+0.13 ms clock, 2.2+0.57/0.88/0+2.1 ms cpu, 3->4->1 MB, 4 MB goal, 0 MB stacks, 0 MB globals, 16 P
gc 14455 @58.366s 5%: 0.12+0.68+0.11 ms clock, 1.9+0.57/0.92/0+1.8 ms cpu, 3->4->2 MB, 4 MB goal, 0 MB stacks, 0 MB globals, 16 P
gc 14456 @58.368s 5%: 0.12+0.61+0.10 ms clock, 2.0+0.41/0.99/0+1.6 ms cpu, 3->4->2 MB, 4 MB goal, 0 MB stacks, 0 MB globals, 16 P
gc 14457 @58.370s 5%: 0.11+0.63+0.088 ms clock, 1.8+0.49/0.86/0+1.4 ms cpu, 3->4->2 MB, 4 MB goal, 0 MB stacks, 0 MB globals, 16 P
gc 14458 @58.372s 5%: 0.10+0.69+0.11 ms clock, 1.7+0.68/0.85/0.002+1.8 ms cpu, 3->4->2 MB, 4 MB goal, 0 MB stacks, 0 MB globals, 16 P
gc 14459 @58.374s 5%: 0.12+0.76+0.041 ms clock, 2.0+0.63/0.79/0+0.66 ms cpu, 3->4->2 MB, 4 MB goal, 0 MB stacks, 0 MB globals, 16 P
gc 14460 @58.376s 5%: 0.13+0.50+0.097 ms clock, 2.2+0.54/0.86/0.013+1.5 ms cpu, 3->4->1 MB, 4 MB goal, 0 MB stacks, 0 MB globals, 16 P
gc 14461 @58.377s 5%: 0.14+0.58+0.12 ms clock, 2.2+0.45/0.97/0.048+1.9 ms cpu, 3->4->1 MB, 4 MB goal, 0 MB stacks, 0 MB globals, 16 P
gc 14462 @58.379s 5%: 0.13+0.57+0.063 ms clock, 2.2+0.56/0.83/0+1.0 ms cpu, 3->4->1 MB, 4 MB goal, 0 MB stacks, 0 MB globals, 16 P
gc 14463 @58.381s 5%: 0.13+0.58+0.086 ms clock, 2.1+0.59/0.89/0+1.3 ms cpu, 3->4->1 MB, 4 MB goal, 0 MB stacks, 0 MB globals, 16 P
gc 14464 @58.382s 5%: 0.10+0.42+0.14 ms clock, 1.6+0.59/0.81/0+2.2 ms cpu, 3->4->1 MB, 4 MB goal, 0 MB stacks, 0 MB globals, 16 P
gc 14465 @58.384s 5%: 0.15+0.58+0.11 ms clock, 2.5+0.59/0.84/0.011+1.7 ms cpu, 3->4->2 MB, 4 MB goal, 0 MB stacks, 0 MB globals, 16 P
gc 14466 @58.386s 5%: 0.10+0.46+0.13 ms clock, 1.7+0.42/0.66/0.063+2.2 ms cpu, 3->4->1 MB, 4 MB goal, 0 MB stacks, 0 MB globals, 16 P
gc 14467 @58.387s 5%: 0.12+0.52+0.089 ms clock, 2.0+0.52/0.86/0.006+1.4 ms cpu, 3->4->1 MB, 4 MB goal, 0 MB stacks, 0 MB globals, 16 P
gc 14468 @58.389s 5%: 0.13+0.68+0.083 ms clock, 2.1+0.71/0.85/0+1.3 ms cpu, 3->4->2 MB, 4 MB goal, 0 MB stacks, 0 MB globals, 16 P
gc 14469 @58.390s 5%: 0.12+0.63+0.12 ms clock, 1.9+0.65/0.94/0+2.0 ms cpu, 3->4->2 MB, 4 MB goal, 0 MB stacks, 0 MB globals, 16 P
gc 14470 @58.392s 5%: 0.12+0.50+0.12 ms clock, 1.9+0.60/0.79/0+2.0 ms cpu, 3->4->1 MB, 4 MB goal, 0 MB stacks, 0 MB globals, 16 P
gc 14471 @58.394s 5%: 0.11+0.55+0.10 ms clock, 1.8+0.50/0.89/0+1.6 ms cpu, 3->4->1 MB, 4 MB goal, 0 MB stacks, 0 MB globals, 16 P
gc 14472 @58.395s 5%: 0.13+0.47+0.16 ms clock, 2.2+0.55/0.72/0+2.5 ms cpu, 3->4->1 MB, 4 MB goal, 0 MB stacks, 0 MB globals, 16 P
gc 14473 @58.397s 5%: 0.15+0.60+0.090 ms clock, 2.4+0.64/0.84/0+1.4 ms cpu, 3->4->2 MB, 4 MB goal, 0 MB stacks, 0 MB globals, 16 P
gc 14474 @58.399s 5%: 0.13+0.52+0.10 ms clock, 2.0+0.67/0.80/0+1.7 ms cpu, 3->4->1 MB, 4 MB goal, 0 MB stacks, 0 MB globals, 16 P
gc 14475 @58.400s 5%: 0.13+0.50+0.14 ms clock, 2.2+0.53/0.76/0+2.3 ms cpu, 3->4->1 MB, 4 MB goal, 0 MB stacks, 0 MB globals, 16 P
gc 14476 @58.402s 5%: 0.14+0.56+0.10 ms clock, 2.3+0.64/0.79/0+1.7 ms cpu, 3->4->1 MB, 4 MB goal, 0 MB stacks, 0 MB globals, 16 P
gc 14477 @58.404s 5%: 0.17+0.46+0.13 ms clock, 2.7+0.58/0.72/0+2.2 ms cpu, 3->4->1 MB, 4 MB goal, 0 MB stacks, 0 MB globals, 16 P
gc 14478 @58.405s 5%: 0.13+0.67+0.087 ms clock, 2.0+0.57/0.96/0+1.4 ms cpu, 3->4->2 MB, 4 MB goal, 0 MB stacks, 0 MB globals, 16 P
gc 14479 @58.407s 5%: 0.11+0.64+0.17 ms clock, 1.9+0.46/1.0/0+2.7 ms cpu, 3->4->2 MB, 4 MB goal, 0 MB stacks, 0 MB globals, 16 P
gc 14480 @58.409s 5%: 0.15+0.52+0.12 ms clock, 2.4+0.59/0.91/0.019+1.9 ms cpu, 3->4->1 MB, 4 MB goal, 0 MB stacks, 0 MB globals, 16 P
gc 14481 @58.410s 5%: 0.13+0.57+0.14 ms clock, 2.1+0.62/0.80/0+2.2 ms cpu, 3->4->2 MB, 4 MB goal, 0 MB stacks, 0 MB globals, 16 P
gc 14482 @58.412s 5%: 0.16+0.68+0.066 ms clock, 2.6+0.57/0.85/0+1.0 ms cpu, 3->4->2 MB, 4 MB goal, 0 MB stacks, 0 MB globals, 16 P
gc 14483 @58.414s 5%: 0.13+0.64+0.061 ms clock, 2.1+0.67/0.78/0+0.98 ms cpu, 3->4->1 MB, 4 MB goal, 0 MB stacks, 0 MB globals, 16 P
gc 14484 @58.416s 5%: 0.095+0.57+0.13 ms clock, 1.5+0.70/0.84/0+2.2 ms cpu, 3->4->2 MB, 4 MB goal, 0 MB stacks, 0 MB globals, 16 P
gc 14485 @58.417s 5%: 0.16+0.71+0.10 ms clock, 2.5+0.77/0.80/0.042+1.6 ms cpu, 3->4->2 MB, 4 MB goal, 0 MB stacks, 0 MB globals, 16 P
gc 14486 @58.419s 5%: 0.11+0.54+0.092 ms clock, 1.8+0.43/0.89/0.005+1.4 ms cpu, 3->4->1 MB, 4 MB goal, 0 MB stacks, 0 MB globals, 16 P
gc 14487 @58.421s 5%: 0.10+0.63+0.10 ms clock, 1.6+0.59/0.85/0.009+1.6 ms cpu, 3->4->1 MB, 4 MB goal, 0 MB stacks, 0 MB globals, 16 P
gc 14488 @58.423s 5%: 0.11+0.77+0.11 ms clock, 1.9+0.62/0.99/0.009+1.7 ms cpu, 3->4->2 MB, 4 MB goal, 0 MB stacks, 0 MB globals, 16 P
gc 14489 @58.425s 5%: 0.10+0.60+0.065 ms clock, 1.7+0.47/0.92/0.012+1.0 ms cpu, 3->4->1 MB, 4 MB goal, 0 MB stacks, 0 MB globals, 16 P
gc 14490 @58.426s 5%: 0.11+0.67+0.11 ms clock, 1.8+0.78/0.82/0+1.8 ms cpu, 3->4->2 MB, 4 MB goal, 0 MB stacks, 0 MB globals, 16 P
gc 14491 @58.428s 5%: 0.13+0.53+0.14 ms clock, 2.1+0.49/0.82/0.012+2.3 ms cpu, 3->4->1 MB, 4 MB goal, 0 MB stacks, 0 MB globals, 16 P
gc 14492 @58.430s 5%: 0.10+0.66+0.10 ms clock, 1.7+0.63/0.91/0.008+1.6 ms cpu, 3->4->2 MB, 4 MB goal, 0 MB stacks, 0 MB globals, 16 P
gc 14493 @58.432s 5%: 0.12+0.59+0.11 ms clock, 1.9+0.57/0.80/0+1.8 ms cpu, 3->4->1 MB, 4 MB goal, 0 MB stacks, 0 MB globals, 16 P
gc 14494 @58.433s 5%: 0.12+0.57+0.089 ms clock, 2.0+0.61/0.72/0+1.4 ms cpu, 3->4->1 MB, 4 MB goal, 0 MB stacks, 0 MB globals, 16 P
gc 14495 @58.435s 5%: 0.12+0.54+0.077 ms clock, 1.9+0.58/0.81/0.022+1.2 ms cpu, 3->4->1 MB, 4 MB goal, 0 MB stacks, 0 MB globals, 16 P
gc 14496 @58.436s 5%: 0.081+0.65+0.093 ms clock, 1.3+0.49/0.95/0.001+1.4 ms cpu, 3->4->2 MB, 4 MB goal, 0 MB stacks, 0 MB globals, 16 P
gc 14497 @58.438s 5%: 0.11+0.54+0.13 ms clock, 1.8+0.62/0.76/0.097+2.2 ms cpu, 3->4->1 MB, 4 MB goal, 0 MB stacks, 0 MB globals, 16 P
gc 14498 @58.440s 5%: 0.13+0.61+0.11 ms clock, 2.1+0.61/0.91/0+1.7 ms cpu, 3->4->1 MB, 4 MB goal, 0 MB stacks, 0 MB globals, 16 P
gc 14499 @58.442s 5%: 0.18+0.53+0.13 ms clock, 2.8+0.49/0.84/0+2.1 ms cpu, 3->4->2 MB, 4 MB goal, 0 MB stacks, 0 MB globals, 16 P
gc 14500 @58.443s 5%: 0.12+0.72+0.088 ms clock, 2.0+0.65/0.78/0+1.4 ms cpu, 3->4->2 MB, 4 MB goal, 0 MB stacks, 0 MB globals, 16 P
gc 14501 @58.445s 5%: 0.089+0.57+0.077 ms clock, 1.4+0.51/0.89/0+1.2 ms cpu, 3->4->1 MB, 4 MB goal, 0 MB stacks, 0 MB globals, 16 P
gc 14502 @58.447s 5%: 0.11+0.65+0.040 ms clock, 1.7+0.56/0.78/0+0.64 ms cpu, 3->4->1 MB, 4 MB goal, 0 MB stacks, 0 MB globals, 16 P
gc 14503 @58.449s 5%: 0.10+0.60+0.086 ms clock, 1.7+0.55/0.87/0.033+1.3 ms cpu, 3->4->1 MB, 4 MB goal, 0 MB stacks, 0 MB globals, 16 P
gc 14504 @58.450s 5%: 0.14+0.75+0.061 ms clock, 2.3+0.63/0.87/0.010+0.99 ms cpu, 3->4->2 MB, 4 MB goal, 0 MB stacks, 0 MB globals, 16 P
gc 14505 @58.452s 5%: 0.12+0.51+0.15 ms clock, 1.9+0.51/0.91/0.002+2.4 ms cpu, 3->4->1 MB, 4 MB goal, 0 MB stacks, 0 MB globals, 16 P
gc 14506 @58.454s 5%: 0.11+0.45+0.16 ms clock, 1.8+0.57/0.76/0+2.6 ms cpu, 3->4->1 MB, 4 MB goal, 0 MB stacks, 0 MB globals, 16 P
gc 14507 @58.455s 5%: 0.16+0.54+0.12 ms clock, 2.6+0.65/0.85/0.012+1.9 ms cpu, 3->4->2 MB, 4 MB goal, 0 MB stacks, 0 MB globals, 16 P
gc 14508 @58.457s 5%: 0.11+0.58+0.11 ms clock, 1.7+0.43/0.84/0+1.8 ms cpu, 3->4->1 MB, 4 MB goal, 0 MB stacks, 0 MB globals, 16 P
gc 14509 @58.458s 5%: 0.12+0.50+0.14 ms clock, 1.9+0.71/0.84/0.021+2.2 ms cpu, 3->4->1 MB, 4 MB goal, 0 MB stacks, 0 MB globals, 16 P
gc 14510 @58.460s 5%: 0.14+0.61+0.081 ms clock, 2.3+0.53/0.79/0.067+1.3 ms cpu, 3->4->2 MB, 4 MB goal, 0 MB stacks, 0 MB globals, 16 P
gc 14511 @58.462s 5%: 0.10+0.67+0.12 ms clock, 1.7+0.51/0.87/0.001+1.9 ms cpu, 3->4->2 MB, 4 MB goal, 0 MB stacks, 0 MB globals, 16 P
gc 14512 @58.464s 5%: 0.13+0.65+0.18 ms clock, 2.1+0.64/0.81/0+3.0 ms cpu, 3->4->2 MB, 4 MB goal, 0 MB stacks, 0 MB globals, 16 P
gc 14513 @58.466s 5%: 0.10+0.62+0.12 ms clock, 1.7+0.50/0.82/0+2.0 ms cpu, 3->4->2 MB, 4 MB goal, 0 MB stacks, 0 MB globals, 16 P
gc 14514 @58.467s 5%: 0.17+0.71+0.11 ms clock, 2.7+0.68/1.0/0.005+1.9 ms cpu, 3->4->2 MB, 4 MB goal, 0 MB stacks, 0 MB globals, 16 P
gc 14515 @58.469s 5%: 0.17+1.0+0.081 ms clock, 2.7+0.71/0.80/0+1.2 ms cpu, 3->5->2 MB, 4 MB goal, 0 MB stacks, 0 MB globals, 16 P
gc 14516 @58.472s 5%: 0.094+0.72+0.10 ms clock, 1.5+0.53/1.0/0+1.6 ms cpu, 4->5->2 MB, 5 MB goal, 0 MB stacks, 0 MB globals, 16 P
gc 14517 @58.474s 5%: 0.12+0.54+0.085 ms clock, 2.0+0.67/0.93/0.013+1.3 ms cpu, 3->4->1 MB, 4 MB goal, 0 MB stacks, 0 MB globals, 16 P
gc 14518 @58.475s 5%: 0.12+0.69+0.031 ms clock, 1.9+0.30/0.91/0+0.50 ms cpu, 3->4->1 MB, 4 MB goal, 0 MB stacks, 0 MB globals, 16 P
gc 14519 @58.477s 5%: 0.11+0.60+0.084 ms clock, 1.7+0.54/0.89/0+1.3 ms cpu, 3->4->1 MB, 4 MB goal, 0 MB stacks, 0 MB globals, 16 P
gc 14520 @58.478s 5%: 0.099+0.68+0.052 ms clock, 1.5+0.51/0.77/0.016+0.83 ms cpu, 3->4->1 MB, 4 MB goal, 0 MB stacks, 0 MB globals, 16 P
gc 14521 @58.480s 5%: 0.12+0.70+0.080 ms clock, 2.0+0.59/0.85/0.009+1.2 ms cpu, 3->4->2 MB, 4 MB goal, 0 MB stacks, 0 MB globals, 16 P
gc 14522 @58.482s 5%: 0.13+0.57+0.075 ms clock, 2.1+0.54/0.80/0.080+1.2 ms cpu, 3->4->1 MB, 4 MB goal, 0 MB stacks, 0 MB globals, 16 P
gc 14523 @58.484s 5%: 0.10+0.54+0.084 ms clock, 1.6+0.64/0.84/0+1.3 ms cpu, 3->4->1 MB, 4 MB goal, 0 MB stacks, 0 MB globals, 16 P
gc 14524 @58.485s 5%: 0.10+0.50+0.095 ms clock, 1.6+0.59/0.87/0+1.5 ms cpu, 3->4->1 MB, 4 MB goal, 0 MB stacks, 0 MB globals, 16 P
gc 14525 @58.487s 5%: 0.14+0.80+0.094 ms clock, 2.3+0.45/0.97/0.001+1.5 ms cpu, 3->4->2 MB, 4 MB goal, 0 MB stacks, 0 MB globals, 16 P
gc 14526 @58.489s 5%: 0.12+0.67+0.089 ms clock, 2.0+0.49/0.95/0.005+1.4 ms cpu, 3->4->2 MB, 4 MB goal, 0 MB stacks, 0 MB globals, 16 P
gc 14527 @58.491s 5%: 0.15+0.57+0.098 ms clock, 2.4+0.41/0.86/0.054+1.5 ms cpu, 3->4->1 MB, 4 MB goal, 0 MB stacks, 0 MB globals, 16 P
gc 14528 @58.492s 5%: 0.11+0.66+0.096 ms clock, 1.8+0.74/0.82/0.003+1.5 ms cpu, 3->4->2 MB, 4 MB goal, 0 MB stacks, 0 MB globals, 16 P
gc 14529 @58.494s 5%: 0.11+0.65+0.099 ms clock, 1.8+0.59/0.89/0+1.5 ms cpu, 3->4->2 MB, 4 MB goal, 0 MB stacks, 0 MB globals, 16 P
gc 14530 @58.496s 5%: 0.10+0.50+0.15 ms clock, 1.6+0.50/0.79/0+2.4 ms cpu, 3->4->1 MB, 4 MB goal, 0 MB stacks, 0 MB globals, 16 P
gc 14531 @58.498s 5%: 0.16+0.53+0.18 ms clock, 2.6+0.50/0.91/0+2.8 ms cpu, 3->4->2 MB, 4 MB goal, 0 MB stacks, 0 MB globals, 16 P
gc 14532 @58.500s 5%: 0.20+0.51+0.15 ms clock, 3.2+0.72/0.89/0+2.4 ms cpu, 4->4->2 MB, 4 MB goal, 0 MB stacks, 0 MB globals, 16 P
gc 14533 @58.501s 5%: 0.10+0.55+0.10 ms clock, 1.7+0.52/0.86/0+1.6 ms cpu, 4->4->2 MB, 4 MB goal, 0 MB stacks, 0 MB globals, 16 P
gc 14534 @58.503s 5%: 0.14+0.87+0.18 ms clock, 2.2+0.62/0.87/0.034+2.9 ms cpu, 3->4->2 MB, 4 MB goal, 0 MB stacks, 0 MB globals, 16 P
gc 14535 @58.505s 5%: 0.14+0.57+0.11 ms clock, 2.2+0.57/0.79/0+1.8 ms cpu, 4->5->2 MB, 5 MB goal, 0 MB stacks, 0 MB globals, 16 P
gc 14536 @58.507s 5%: 0.14+0.69+0.092 ms clock, 2.3+0.71/0.82/0.025+1.4 ms cpu, 3->4->2 MB, 4 MB goal, 0 MB stacks, 0 MB globals, 16 P
gc 14537 @58.509s 5%: 0.11+0.62+0.12 ms clock, 1.8+0.54/0.86/0+2.0 ms cpu, 3->4->2 MB, 4 MB goal, 0 MB stacks, 0 MB globals, 16 P
gc 14538 @58.511s 5%: 0.12+0.59+0.087 ms clock, 2.0+0.53/0.78/0.013+1.4 ms cpu, 3->4->1 MB, 4 MB goal, 0 MB stacks, 0 MB globals, 16 P
gc 14539 @58.512s 5%: 0.15+0.68+0.10 ms clock, 2.4+0.62/0.85/0.007+1.6 ms cpu, 3->4->2 MB, 4 MB goal, 0 MB stacks, 0 MB globals, 16 P
gc 14540 @58.514s 5%: 0.15+0.55+0.10 ms clock, 2.5+0.58/0.69/0.041+1.6 ms cpu, 3->4->1 MB, 4 MB goal, 0 MB stacks, 0 MB globals, 16 P
gc 14541 @58.516s 5%: 0.14+0.53+0.11 ms clock, 2.2+0.61/0.82/0+1.7 ms cpu, 3->4->1 MB, 4 MB goal, 0 MB stacks, 0 MB globals, 16 P
gc 14542 @58.518s 5%: 0.087+0.50+0.10 ms clock, 1.4+0.63/0.79/0+1.6 ms cpu, 3->4->1 MB, 4 MB goal, 0 MB stacks, 0 MB globals, 16 P
gc 14543 @58.519s 5%: 0.095+0.50+0.10 ms clock, 1.5+0.49/0.85/0.016+1.7 ms cpu, 3->4->1 MB, 4 MB goal, 0 MB stacks, 0 MB globals, 16 P
gc 14544 @58.521s 5%: 0.12+0.57+0.077 ms clock, 2.0+0.57/0.85/0.033+1.2 ms cpu, 3->4->1 MB, 4 MB goal, 0 MB stacks, 0 MB globals, 16 P
gc 14545 @58.522s 5%: 0.11+0.64+0.087 ms clock, 1.7+0.64/0.81/0.001+1.3 ms cpu, 3->4->1 MB, 4 MB goal, 0 MB stacks, 0 MB globals, 16 P
gc 14546 @58.524s 5%: 0.12+0.45+0.13 ms clock, 1.9+0.59/0.68/0+2.2 ms cpu, 3->4->1 MB, 4 MB goal, 0 MB stacks, 0 MB globals, 16 P
gc 14547 @58.525s 5%: 0.11+0.62+0.11 ms clock, 1.8+0.65/0.76/0+1.8 ms cpu, 3->4->2 MB, 4 MB goal, 0 MB stacks, 0 MB globals, 16 P
gc 14548 @58.527s 5%: 0.17+0.72+0.034 ms clock, 2.7+0.60/0.91/0+0.55 ms cpu, 3->4->2 MB, 4 MB goal, 0 MB stacks, 0 MB globals, 16 P
gc 14549 @58.529s 5%: 0.12+0.55+0.11 ms clock, 1.9+0.70/0.78/0.080+1.8 ms cpu, 3->4->2 MB, 4 MB goal, 0 MB stacks, 0 MB globals, 16 P
gc 14550 @58.531s 5%: 0.11+0.62+0.15 ms clock, 1.8+0.64/0.85/0.001+2.4 ms cpu, 3->4->2 MB, 4 MB goal, 0 MB stacks, 0 MB globals, 16 P
gc 14551 @58.533s 5%: 0.11+0.66+0.088 ms clock, 1.8+0.62/1.0/0+1.4 ms cpu, 3->4->2 MB, 4 MB goal, 0 MB stacks, 0 MB globals, 16 P
gc 14552 @58.534s 5%: 0.12+0.73+0.13 ms clock, 2.0+0.66/0.86/0.005+2.1 ms cpu, 3->4->2 MB, 4 MB goal, 0 MB stacks, 0 MB globals, 16 P
gc 14553 @58.536s 5%: 0.13+0.56+0.12 ms clock, 2.1+0.66/0.88/0+1.9 ms cpu, 3->4->2 MB, 4 MB goal, 0 MB stacks, 0 MB globals, 16 P
gc 14554 @58.538s 5%: 0.11+0.57+0.17 ms clock, 1.8+0.76/0.87/0.018+2.8 ms cpu, 3->4->2 MB, 4 MB goal, 0 MB stacks, 0 MB globals, 16 P
gc 14555 @58.540s 5%: 0.17+0.77+0.055 ms clock, 2.7+0.61/0.76/0+0.88 ms cpu, 3->4->2 MB, 4 MB goal, 0 MB stacks, 0 MB globals, 16 P
gc 14556 @58.542s 5%: 0.15+0.63+0.15 ms clock, 2.4+0.74/0.88/0+2.5 ms cpu, 3->4->2 MB, 4 MB goal, 0 MB stacks, 0 MB globals, 16 P
gc 14557 @58.544s 5%: 0.088+0.44+0.15 ms clock, 1.4+0.44/0.81/0+2.4 ms cpu, 3->4->1 MB, 4 MB goal, 0 MB stacks, 0 MB globals, 16 P
gc 14558 @58.545s 5%: 0.10+0.47+0.10 ms clock, 1.7+0.67/0.75/0+1.7 ms cpu, 3->3->1 MB, 4 MB goal, 0 MB stacks, 0 MB globals, 16 P
gc 14559 @58.546s 5%: 0.12+0.67+0.14 ms clock, 1.9+0.64/0.99/0.061+2.2 ms cpu, 3->4->2 MB, 4 MB goal, 0 MB stacks, 0 MB globals, 16 P
gc 14560 @58.548s 5%: 0.14+0.50+0.12 ms clock, 2.3+0.62/0.82/0+2.0 ms cpu, 3->4->1 MB, 4 MB goal, 0 MB stacks, 0 MB globals, 16 P
gc 14561 @58.550s 5%: 0.10+0.60+0.094 ms clock, 1.6+0.46/0.75/0+1.5 ms cpu, 3->4->1 MB, 4 MB goal, 0 MB stacks, 0 MB globals, 16 P
gc 14562 @58.552s 5%: 0.16+0.71+0.078 ms clock, 2.6+0.64/0.72/0+1.2 ms cpu, 3->4->2 MB, 4 MB goal, 0 MB stacks, 0 MB globals, 16 P
gc 14563 @58.554s 5%: 0.13+0.73+0.089 ms clock, 2.2+0.70/0.81/0+1.4 ms cpu, 4->5->2 MB, 4 MB goal, 0 MB stacks, 0 MB globals, 16 P
gc 14564 @58.556s 5%: 0.10+0.59+0.10 ms clock, 1.6+0.47/0.94/0.020+1.7 ms cpu, 4->4->1 MB, 4 MB goal, 0 MB stacks, 0 MB globals, 16 P
gc 14565 @58.557s 5%: 0.11+0.62+0.10 ms clock, 1.8+0.54/0.96/0+1.6 ms cpu, 3->4->2 MB, 4 MB goal, 0 MB stacks, 0 MB globals, 16 P
gc 14566 @58.559s 5%: 0.10+0.51+0.087 ms clock, 1.6+0.58/0.68/0.011+1.4 ms cpu, 3->4->1 MB, 4 MB goal, 0 MB stacks, 0 MB globals, 16 P
gc 14567 @58.561s 5%: 0.15+0.69+0.097 ms clock, 2.5+0.62/0.77/0.048+1.5 ms cpu, 3->4->2 MB, 4 MB goal, 0 MB stacks, 0 MB globals, 16 P
gc 14568 @58.562s 5%: 0.12+0.62+0.089 ms clock, 1.9+0.42/0.88/0.026+1.4 ms cpu, 3->4->2 MB, 4 MB goal, 0 MB stacks, 0 MB globals, 16 P
gc 14569 @58.564s 5%: 0.11+0.48+0.11 ms clock, 1.7+0.61/0.79/0+1.7 ms cpu, 3->4->1 MB, 4 MB goal, 0 MB stacks, 0 MB globals, 16 P
gc 14570 @58.565s 5%: 0.17+0.60+0.094 ms clock, 2.7+0.58/0.90/0+1.5 ms cpu, 3->4->1 MB, 4 MB goal, 0 MB stacks, 0 MB globals, 16 P
gc 14571 @58.567s 5%: 0.14+0.61+0.054 ms clock, 2.2+0.57/0.87/0+0.86 ms cpu, 3->4->2 MB, 4 MB goal, 0 MB stacks, 0 MB globals, 16 P
gc 14572 @58.569s 5%: 0.083+0.74+0.10 ms clock, 1.3+0.44/0.91/0+1.7 ms cpu, 3->4->2 MB, 4 MB goal, 0 MB stacks, 0 MB globals, 16 P
gc 14573 @58.571s 5%: 0.11+0.63+0.099 ms clock, 1.8+0.54/0.91/0+1.5 ms cpu, 3->4->2 MB, 4 MB goal, 0 MB stacks, 0 MB globals, 16 P
gc 14574 @58.572s 5%: 0.12+0.59+0.081 ms clock, 1.9+0.56/0.96/0.013+1.3 ms cpu, 3->4->2 MB, 4 MB goal, 0 MB stacks, 0 MB globals, 16 P
gc 14575 @58.574s 5%: 0.095+0.74+0.082 ms clock, 1.5+0.43/0.87/0+1.3 ms cpu, 3->4->2 MB, 4 MB goal, 0 MB stacks, 0 MB globals, 16 P
gc 14576 @58.576s 5%: 0.13+0.62+0.10 ms clock, 2.0+0.63/0.88/0.008+1.6 ms cpu, 3->4->2 MB, 4 MB goal, 0 MB stacks, 0 MB globals, 16 P
gc 14577 @58.578s 5%: 0.080+0.46+0.10 ms clock, 1.2+0.42/0.82/0.013+1.6 ms cpu, 3->4->1 MB, 4 MB goal, 0 MB stacks, 0 MB globals, 16 P
gc 14578 @58.579s 5%: 0.12+0.58+0.10 ms clock, 2.0+0.62/0.82/0+1.6 ms cpu, 3->4->2 MB, 4 MB goal, 0 MB stacks, 0 MB globals, 16 P
gc 14579 @58.581s 5%: 0.10+0.70+0.13 ms clock, 1.6+0.64/0.87/0+2.1 ms cpu, 3->4->2 MB, 4 MB goal, 0 MB stacks, 0 MB globals, 16 P
gc 14580 @58.583s 5%: 0.11+0.49+0.14 ms clock, 1.8+0.62/0.71/0.062+2.3 ms cpu, 3->4->1 MB, 4 MB goal, 0 MB stacks, 0 MB globals, 16 P
gc 14581 @58.585s 5%: 0.19+0.70+0.078 ms clock, 3.1+0.60/0.92/0+1.2 ms cpu, 3->4->2 MB, 4 MB goal, 0 MB stacks, 0 MB globals, 16 P
gc 14582 @58.587s 5%: 0.10+0.64+0.10 ms clock, 1.7+0.55/0.81/0+1.7 ms cpu, 3->4->2 MB, 4 MB goal, 0 MB stacks, 0 MB globals, 16 P
gc 14583 @58.588s 5%: 0.11+0.53+0.099 ms clock, 1.7+0.47/0.79/0+1.5 ms cpu, 3->4->1 MB, 4 MB goal, 0 MB stacks, 0 MB globals, 16 P
gc 14584 @58.590s 5%: 0.10+0.58+0.14 ms clock, 1.6+0.58/0.85/0.001+2.3 ms cpu, 3->4->1 MB, 4 MB goal, 0 MB stacks, 0 MB globals, 16 P
gc 14585 @58.592s 5%: 0.17+0.51+0.11 ms clock, 2.8+0.69/0.80/0+1.8 ms cpu, 3->4->1 MB, 4 MB goal, 0 MB stacks, 0 MB globals, 16 P
gc 14586 @58.593s 5%: 0.11+0.54+0.096 ms clock, 1.8+0.61/0.84/0.062+1.5 ms cpu, 3->4->1 MB, 4 MB goal, 0 MB stacks, 0 MB globals, 16 P
gc 14587 @58.595s 5%: 0.16+0.61+0.11 ms clock, 2.6+0.53/0.79/0+1.8 ms cpu, 3->4->2 MB, 4 MB goal, 0 MB stacks, 0 MB globals, 16 P
gc 14588 @58.597s 5%: 0.11+0.54+0.10 ms clock, 1.7+0.58/0.86/0.006+1.6 ms cpu, 3->4->1 MB, 4 MB goal, 0 MB stacks, 0 MB globals, 16 P
gc 14589 @58.598s 5%: 0.13+0.47+0.090 ms clock, 2.1+0.64/0.83/0+1.4 ms cpu, 3->4->1 MB, 4 MB goal, 0 MB stacks, 0 MB globals, 16 P
gc 14590 @58.600s 5%: 0.14+0.56+0.11 ms clock, 2.3+0.78/0.72/0+1.7 ms cpu, 3->4->1 MB, 4 MB goal, 0 MB stacks, 0 MB globals, 16 P
gc 14591 @58.601s 5%: 0.13+0.52+0.11 ms clock, 2.1+0.64/0.77/0+1.8 ms cpu, 3->4->2 MB, 4 MB goal, 0 MB stacks, 0 MB globals, 16 P
gc 14592 @58.603s 5%: 0.12+0.51+0.13 ms clock, 2.0+0.45/0.87/0+2.2 ms cpu, 3->4->1 MB, 4 MB goal, 0 MB stacks, 0 MB globals, 16 P
gc 14593 @58.605s 5%: 0.10+0.59+0.15 ms clock, 1.6+0.49/0.90/0+2.4 ms cpu, 3->4->1 MB, 4 MB goal, 0 MB stacks, 0 MB globals, 16 P
gc 14594 @58.606s 5%: 0.078+0.54+0.10 ms clock, 1.2+0.59/0.75/0+1.6 ms cpu, 3->4->1 MB, 4 MB goal, 0 MB stacks, 0 MB globals, 16 P
gc 14595 @58.608s 5%: 0.15+0.63+0.11 ms clock, 2.5+0.70/0.85/0.005+1.7 ms cpu, 3->4->2 MB, 4 MB goal, 0 MB stacks, 0 MB globals, 16 P
gc 14596 @58.610s 5%: 0.16+0.44+0.10 ms clock, 2.6+0.68/0.75/0.003+1.6 ms cpu, 3->4->1 MB, 4 MB goal, 0 MB stacks, 0 MB globals, 16 P
gc 14597 @58.612s 5%: 0.12+0.67+0.046 ms clock, 1.9+0.56/0.71/0.028+0.74 ms cpu, 3->4->1 MB, 4 MB goal, 0 MB stacks, 0 MB globals, 16 P
gc 14598 @58.613s 5%: 0.16+0.50+0.15 ms clock, 2.6+0.59/0.86/0.004+2.5 ms cpu, 3->4->1 MB, 4 MB goal, 0 MB stacks, 0 MB globals, 16 P
gc 14599 @58.615s 5%: 0.15+0.55+0.083 ms clock, 2.4+0.66/0.97/0.017+1.3 ms cpu, 3->4->1 MB, 4 MB goal, 0 MB stacks, 0 MB globals, 16 P
gc 14600 @58.616s 5%: 0.10+0.52+0.12 ms clock, 1.7+0.73/0.71/0+2.0 ms cpu, 3->4->1 MB, 4 MB goal, 0 MB stacks, 0 MB globals, 16 P
gc 14601 @58.618s 5%: 0.13+0.55+0.12 ms clock, 2.0+0.47/0.95/0.009+2.0 ms cpu, 3->4->1 MB, 4 MB goal, 0 MB stacks, 0 MB globals, 16 P
gc 14602 @58.620s 5%: 0.17+0.67+0.095 ms clock, 2.7+0.65/0.74/0.039+1.5 ms cpu, 3->4->2 MB, 4 MB goal, 0 MB stacks, 0 MB globals, 16 P
gc 14603 @58.622s 5%: 0.11+0.65+0.11 ms clock, 1.7+0.51/0.75/0.012+1.9 ms cpu, 3->4->2 MB, 4 MB goal, 0 MB stacks, 0 MB globals, 16 P
gc 14604 @58.624s 5%: 0.13+0.81+0.10 ms clock, 2.1+0.52/0.94/0.015+1.6 ms cpu, 3->4->2 MB, 4 MB goal, 0 MB stacks, 0 MB globals, 16 P
gc 14605 @58.626s 5%: 0.14+0.73+0.083 ms clock, 2.2+0.43/0.93/0+1.3 ms cpu, 4->4->2 MB, 4 MB goal, 0 MB stacks, 0 MB globals, 16 P
gc 14606 @58.627s 5%: 0.19+0.51+0.12 ms clock, 3.0+0.62/0.88/0+1.9 ms cpu, 3->4->1 MB, 4 MB goal, 0 MB stacks, 0 MB globals, 16 P
gc 14607 @58.629s 5%: 0.14+0.61+0.095 ms clock, 2.3+0.53/0.92/0.025+1.5 ms cpu, 3->4->1 MB, 4 MB goal, 0 MB stacks, 0 MB globals, 16 P
gc 14608 @58.631s 5%: 0.12+0.65+0.15 ms clock, 1.9+0.63/0.78/0+2.4 ms cpu, 3->4->2 MB, 4 MB goal, 0 MB stacks, 0 MB globals, 16 P
gc 14609 @58.633s 5%: 0.094+0.49+0.097 ms clock, 1.5+0.50/0.73/0.018+1.5 ms cpu, 3->4->1 MB, 4 MB goal, 0 MB stacks, 0 MB globals, 16 P
gc 14610 @58.634s 5%: 0.11+0.65+0.090 ms clock, 1.8+0.68/0.76/0+1.4 ms cpu, 3->4->2 MB, 4 MB goal, 0 MB stacks, 0 MB globals, 16 P
gc 14611 @58.636s 5%: 0.11+0.57+0.12 ms clock, 1.8+0.51/0.85/0+1.9 ms cpu, 3->4->2 MB, 4 MB goal, 0 MB stacks, 0 MB globals, 16 P
gc 14612 @58.638s 5%: 0.14+0.51+0.10 ms clock, 2.3+0.46/0.80/0.002+1.6 ms cpu, 3->4->1 MB, 4 MB goal, 0 MB stacks, 0 MB globals, 16 P
gc 14613 @58.639s 5%: 0.13+0.69+0.11 ms clock, 2.1+0.55/0.86/0+1.7 ms cpu, 3->4->2 MB, 4 MB goal, 0 MB stacks, 0 MB globals, 16 P
gc 14614 @58.641s 5%: 0.14+0.70+0.082 ms clock, 2.3+0.50/0.93/0.018+1.3 ms cpu, 3->4->2 MB, 4 MB goal, 0 MB stacks, 0 MB globals, 16 P
gc 14615 @58.643s 5%: 0.11+0.72+0.074 ms clock, 1.8+0.61/0.85/0+1.1 ms cpu, 3->4->2 MB, 4 MB goal, 0 MB stacks, 0 MB globals, 16 P
gc 14616 @58.645s 5%: 0.15+0.87+0.052 ms clock, 2.4+0.55/0.96/0+0.84 ms cpu, 3->4->2 MB, 4 MB goal, 0 MB stacks, 0 MB globals, 16 P
gc 14617 @58.647s 5%: 0.13+0.60+0.13 ms clock, 2.1+0.64/0.75/0+2.2 ms cpu, 4->4->1 MB, 4 MB goal, 0 MB stacks, 0 MB globals, 16 P
gc 14618 @58.649s 5%: 0.12+0.52+0.10 ms clock, 2.0+0.64/0.80/0+1.7 ms cpu, 3->4->1 MB, 4 MB goal, 0 MB stacks, 0 MB globals, 16 P
gc 14619 @58.651s 5%: 0.10+0.51+0.11 ms clock, 1.6+0.55/0.78/0.001+1.7 ms cpu, 3->4->1 MB, 4 MB goal, 0 MB stacks, 0 MB globals, 16 P
gc 14620 @58.652s 5%: 0.11+0.62+0.077 ms clock, 1.8+0.50/0.88/0+1.2 ms cpu, 3->4->1 MB, 4 MB goal, 0 MB stacks, 0 MB globals, 16 P
gc 14621 @58.654s 5%: 0.17+0.70+0.13 ms clock, 2.7+0.60/0.95/0+2.1 ms cpu, 3->4->2 MB, 4 MB goal, 0 MB stacks, 0 MB globals, 16 P
gc 14622 @58.656s 5%: 0.11+0.63+0.095 ms clock, 1.8+0.53/0.90/0+1.5 ms cpu, 4->4->1 MB, 4 MB goal, 0 MB stacks, 0 MB globals, 16 P
gc 14623 @58.658s 5%: 0.14+0.55+0.18 ms clock, 2.3+0.68/0.87/0+2.9 ms cpu, 3->4->2 MB, 4 MB goal, 0 MB stacks, 0 MB globals, 16 P
gc 14624 @58.659s 5%: 0.13+0.46+0.14 ms clock, 2.2+0.55/0.83/0+2.2 ms cpu, 3->4->1 MB, 4 MB goal, 0 MB stacks, 0 MB globals, 16 P
gc 14625 @58.661s 5%: 0.17+0.67+0.087 ms clock, 2.8+0.73/0.84/0+1.3 ms cpu, 3->4->2 MB, 4 MB goal, 0 MB stacks, 0 MB globals, 16 P
gc 14626 @58.663s 5%: 0.13+0.82+0.050 ms clock, 2.1+0.66/0.85/0+0.81 ms cpu, 3->4->2 MB, 4 MB goal, 0 MB stacks, 0 MB globals, 16 P
gc 14627 @58.665s 5%: 0.13+0.58+0.099 ms clock, 2.2+0.59/0.83/0+1.5 ms cpu, 3->4->2 MB, 4 MB goal, 0 MB stacks, 0 MB globals, 16 P
gc 14628 @58.667s 5%: 0.092+0.54+0.13 ms clock, 1.4+0.34/0.96/0.001+2.1 ms cpu, 3->4->1 MB, 4 MB goal, 0 MB stacks, 0 MB globals, 16 P
gc 14629 @58.668s 5%: 0.14+0.60+0.10 ms clock, 2.2+0.62/0.92/0+1.7 ms cpu, 3->4->2 MB, 4 MB goal, 0 MB stacks, 0 MB globals, 16 P
gc 14630 @58.670s 5%: 0.12+0.59+0.087 ms clock, 1.9+0.56/0.75/0+1.4 ms cpu, 3->4->1 MB, 4 MB goal, 0 MB stacks, 0 MB globals, 16 P
gc 14631 @58.672s 5%: 0.12+0.74+0.073 ms clock, 2.0+0.57/1.0/0.003+1.1 ms cpu, 3->4->2 MB, 4 MB goal, 0 MB stacks, 0 MB globals, 16 P
gc 14632 @58.674s 5%: 0.15+0.60+0.073 ms clock, 2.4+0.55/0.93/0.001+1.1 ms cpu, 3->4->2 MB, 4 MB goal, 0 MB stacks, 0 MB globals, 16 P
gc 14633 @58.675s 5%: 0.11+0.47+0.13 ms clock, 1.7+0.71/0.79/0+2.1 ms cpu, 3->4->1 MB, 4 MB goal, 0 MB stacks, 0 MB globals, 16 P
gc 14634 @58.677s 5%: 0.10+0.52+0.052 ms clock, 1.7+0.59/0.74/0+0.83 ms cpu, 3->4->1 MB, 4 MB goal, 0 MB stacks, 0 MB globals, 16 P
gc 14635 @58.679s 5%: 0.10+0.46+0.13 ms clock, 1.6+0.55/0.95/0.023+2.1 ms cpu, 3->4->1 MB, 4 MB goal, 0 MB stacks, 0 MB globals, 16 P
gc 14636 @58.680s 5%: 0.11+0.66+0.11 ms clock, 1.9+0.48/0.98/0+1.7 ms cpu, 3->4->2 MB, 4 MB goal, 0 MB stacks, 0 MB globals, 16 P
gc 14637 @58.682s 5%: 0.11+0.68+0.077 ms clock, 1.8+0.62/0.73/0+1.2 ms cpu, 3->4->2 MB, 4 MB goal, 0 MB stacks, 0 MB globals, 16 P
gc 14638 @58.684s 5%: 0.13+0.52+0.17 ms clock, 2.1+0.59/0.82/0.002+2.8 ms cpu, 3->4->1 MB, 4 MB goal, 0 MB stacks, 0 MB globals, 16 P
gc 14639 @58.685s 5%: 0.12+0.62+0.070 ms clock, 1.9+0.56/0.87/0+1.1 ms cpu, 3->4->2 MB, 4 MB goal, 0 MB stacks, 0 MB globals, 16 P
gc 14640 @58.687s 5%: 0.11+0.69+0.094 ms clock, 1.8+0.49/0.85/0.011+1.5 ms cpu, 3->4->1 MB, 4 MB goal, 0 MB stacks, 0 MB globals, 16 P
gc 14641 @58.689s 5%: 0.13+0.62+0.10 ms clock, 2.1+0.66/0.76/0+1.7 ms cpu, 3->4->2 MB, 4 MB goal, 0 MB stacks, 0 MB globals, 16 P
gc 14642 @58.690s 5%: 0.11+0.66+0.081 ms clock, 1.8+0.47/0.91/0+1.3 ms cpu, 3->4->2 MB, 4 MB goal, 0 MB stacks, 0 MB globals, 16 P
gc 14643 @58.692s 5%: 0.12+0.69+0.12 ms clock, 2.0+0.51/0.83/0.001+1.9 ms cpu, 3->4->2 MB, 4 MB goal, 0 MB stacks, 0 MB globals, 16 P
gc 14644 @58.694s 5%: 0.10+0.72+0.10 ms clock, 1.6+0.57/0.88/0.011+1.7 ms cpu, 3->4->2 MB, 4 MB goal, 0 MB stacks, 0 MB globals, 16 P
gc 14645 @58.696s 5%: 0.11+0.62+0.086 ms clock, 1.9+0.60/0.89/0+1.3 ms cpu, 3->4->1 MB, 4 MB goal, 0 MB stacks, 0 MB globals, 16 P
gc 14646 @58.697s 5%: 0.13+0.59+0.11 ms clock, 2.0+0.69/0.72/0+1.7 ms cpu, 3->4->1 MB, 4 MB goal, 0 MB stacks, 0 MB globals, 16 P
gc 14647 @58.699s 5%: 0.14+0.54+0.10 ms clock, 2.3+0.67/0.71/0+1.6 ms cpu, 3->4->1 MB, 4 MB goal, 0 MB stacks, 0 MB globals, 16 P
gc 14648 @58.701s 5%: 0.13+0.55+0.12 ms clock, 2.1+0.61/0.86/0+1.9 ms cpu, 3->4->1 MB, 4 MB goal, 0 MB stacks, 0 MB globals, 16 P
gc 14649 @58.702s 5%: 0.15+0.69+0.094 ms clock, 2.4+0.65/0.84/0+1.5 ms cpu, 3->4->2 MB, 4 MB goal, 0 MB stacks, 0 MB globals, 16 P
gc 14650 @58.704s 5%: 0.12+0.44+0.11 ms clock, 2.0+0.60/0.89/0+1.8 ms cpu, 3->4->1 MB, 4 MB goal, 0 MB stacks, 0 MB globals, 16 P
gc 14651 @58.706s 5%: 0.11+0.51+0.11 ms clock, 1.7+0.46/0.94/0+1.8 ms cpu, 3->4->1 MB, 4 MB goal, 0 MB stacks, 0 MB globals, 16 P
gc 14652 @58.707s 5%: 0.10+0.53+0.13 ms clock, 1.6+0.59/0.70/0.027+2.1 ms cpu, 3->4->1 MB, 4 MB goal, 0 MB stacks, 0 MB globals, 16 P
gc 14653 @58.709s 5%: 0.10+0.50+0.080 ms clock, 1.6+0.79/0.76/0+1.2 ms cpu, 3->4->1 MB, 4 MB goal, 0 MB stacks, 0 MB globals, 16 P
gc 14654 @58.710s 5%: 0.11+0.60+0.096 ms clock, 1.7+0.54/0.82/0+1.5 ms cpu, 3->4->2 MB, 4 MB goal, 0 MB stacks, 0 MB globals, 16 P
gc 14655 @58.712s 5%: 0.072+0.70+0.084 ms clock, 1.1+0.55/0.92/0+1.3 ms cpu, 3->4->1 MB, 4 MB goal, 0 MB stacks, 0 MB globals, 16 P
gc 14656 @58.714s 5%: 0.099+0.73+0.10 ms clock, 1.5+0.54/0.93/0.004+1.6 ms cpu, 3->4->2 MB, 4 MB goal, 0 MB stacks, 0 MB globals, 16 P
gc 14657 @58.716s 5%: 0.13+0.62+0.13 ms clock, 2.2+0.91/0.79/0.003+2.0 ms cpu, 3->4->2 MB, 4 MB goal, 0 MB stacks, 0 MB globals, 16 P
gc 14658 @58.717s 5%: 0.12+0.62+0.095 ms clock, 1.9+0.57/0.83/0+1.5 ms cpu, 3->4->1 MB, 4 MB goal, 0 MB stacks, 0 MB globals, 16 P
gc 14659 @58.719s 5%: 0.11+0.53+0.12 ms clock, 1.7+0.75/0.96/0+1.9 ms cpu, 3->4->1 MB, 4 MB goal, 0 MB stacks, 0 MB globals, 16 P
gc 14660 @58.721s 5%: 0.12+0.66+0.12 ms clock, 2.0+0.60/0.79/0+1.9 ms cpu, 3->4->2 MB, 4 MB goal, 0 MB stacks, 0 MB globals, 16 P
gc 14661 @58.722s 5%: 0.12+0.49+0.14 ms clock, 1.9+0.55/0.69/0.031+2.3 ms cpu, 3->4->1 MB, 4 MB goal, 0 MB stacks, 0 MB globals, 16 P
gc 14662 @58.724s 5%: 0.14+0.50+0.11 ms clock, 2.2+0.62/0.90/0+1.8 ms cpu, 3->4->1 MB, 4 MB goal, 0 MB stacks, 0 MB globals, 16 P
gc 14663 @58.725s 5%: 0.10+0.75+0.098 ms clock, 1.6+0.52/0.94/0.037+1.5 ms cpu, 3->4->2 MB, 4 MB goal, 0 MB stacks, 0 MB globals, 16 P
gc 14664 @58.727s 5%: 0.11+0.55+0.15 ms clock, 1.8+0.62/0.89/0+2.5 ms cpu, 3->4->2 MB, 4 MB goal, 0 MB stacks, 0 MB globals, 16 P
gc 14665 @58.729s 5%: 0.13+0.63+0.14 ms clock, 2.1+0.58/0.79/0.059+2.2 ms cpu, 3->4->2 MB, 4 MB goal, 0 MB stacks, 0 MB globals, 16 P
gc 14666 @58.731s 5%: 0.12+0.53+0.087 ms clock, 2.0+0.58/0.85/0+1.3 ms cpu, 3->4->1 MB, 4 MB goal, 0 MB stacks, 0 MB globals, 16 P
gc 14667 @58.732s 5%: 0.12+0.62+0.11 ms clock, 2.0+0.62/0.78/0.065+1.7 ms cpu, 3->4->2 MB, 4 MB goal, 0 MB stacks, 0 MB globals, 16 P
gc 14668 @58.734s 5%: 0.16+0.47+0.11 ms clock, 2.5+0.57/0.84/0+1.8 ms cpu, 3->4->1 MB, 4 MB goal, 0 MB stacks, 0 MB globals, 16 P
gc 14669 @58.736s 5%: 0.14+0.61+0.13 ms clock, 2.3+0.59/0.94/0+2.1 ms cpu, 3->4->2 MB, 4 MB goal, 0 MB stacks, 0 MB globals, 16 P
gc 14670 @58.737s 5%: 0.14+0.53+0.11 ms clock, 2.2+0.60/0.72/0+1.8 ms cpu, 3->4->1 MB, 4 MB goal, 0 MB stacks, 0 MB globals, 16 P
gc 14671 @58.739s 5%: 0.14+0.59+0.16 ms clock, 2.3+0.59/0.94/0+2.5 ms cpu, 3->4->1 MB, 4 MB goal, 0 MB stacks, 0 MB globals, 16 P
gc 14672 @58.741s 5%: 0.16+0.50+0.082 ms clock, 2.5+0.56/0.85/0+1.3 ms cpu, 3->4->1 MB, 4 MB goal, 0 MB stacks, 0 MB globals, 16 P
gc 14673 @58.742s 5%: 0.13+0.58+0.092 ms clock, 2.1+0.51/1.0/0.007+1.4 ms cpu, 3->4->2 MB, 4 MB goal, 0 MB stacks, 0 MB globals, 16 P
gc 14674 @58.744s 5%: 0.10+0.79+0.089 ms clock, 1.6+0.61/0.94/0.009+1.4 ms cpu, 3->4->2 MB, 4 MB goal, 0 MB stacks, 0 MB globals, 16 P
gc 14675 @58.746s 5%: 0.16+0.51+0.10 ms clock, 2.6+0.69/0.76/0+1.6 ms cpu, 3->4->1 MB, 4 MB goal, 0 MB stacks, 0 MB globals, 16 P
gc 14676 @58.747s 5%: 0.16+0.56+0.096 ms clock, 2.5+0.55/0.72/0.003+1.5 ms cpu, 3->4->1 MB, 4 MB goal, 0 MB stacks, 0 MB globals, 16 P
gc 14677 @58.749s 5%: 0.15+0.72+0.096 ms clock, 2.5+0.67/0.84/0+1.5 ms cpu, 3->4->2 MB, 4 MB goal, 0 MB stacks, 0 MB globals, 16 P
gc 14678 @58.751s 5%: 0.11+0.46+0.12 ms clock, 1.9+0.41/0.79/0+1.9 ms cpu, 3->4->1 MB, 4 MB goal, 0 MB stacks, 0 MB globals, 16 P
gc 14679 @58.753s 5%: 0.13+0.54+0.13 ms clock, 2.2+0.71/0.77/0+2.1 ms cpu, 3->4->1 MB, 4 MB goal, 0 MB stacks, 0 MB globals, 16 P
gc 14680 @58.754s 5%: 0.14+0.73+0.096 ms clock, 2.3+0.67/0.87/0.037+1.5 ms cpu, 3->4->2 MB, 4 MB goal, 0 MB stacks, 0 MB globals, 16 P
gc 14681 @58.756s 5%: 0.10+0.78+0.093 ms clock, 1.7+0.48/0.95/0+1.4 ms cpu, 3->4->2 MB, 4 MB goal, 0 MB stacks, 0 MB globals, 16 P
gc 14682 @58.758s 5%: 0.12+0.51+0.10 ms clock, 1.9+0.65/0.73/0+1.6 ms cpu, 3->4->1 MB, 4 MB goal, 0 MB stacks, 0 MB globals, 16 P
gc 14683 @58.759s 5%: 0.11+0.55+0.069 ms clock, 1.8+0.66/0.85/0+1.1 ms cpu, 3->4->2 MB, 4 MB goal, 0 MB stacks, 0 MB globals, 16 P
gc 14684 @58.761s 5%: 0.13+0.62+0.094 ms clock, 2.2+0.55/0.92/0.035+1.5 ms cpu, 3->4->2 MB, 4 MB goal, 0 MB stacks, 0 MB globals, 16 P
gc 14685 @58.763s 5%: 0.11+0.54+0.17 ms clock, 1.8+0.67/0.99/0.012+2.7 ms cpu, 3->4->1 MB, 4 MB goal, 0 MB stacks, 0 MB globals, 16 P
gc 14686 @58.765s 5%: 0.19+0.55+0.092 ms clock, 3.1+0.56/0.89/0+1.4 ms cpu, 3->4->2 MB, 4 MB goal, 0 MB stacks, 0 MB globals, 16 P
gc 14687 @58.767s 5%: 0.13+0.62+0.096 ms clock, 2.1+0.61/0.88/0+1.5 ms cpu, 3->4->2 MB, 4 MB goal, 0 MB stacks, 0 MB globals, 16 P
gc 14688 @58.768s 5%: 0.11+0.75+0.11 ms clock, 1.8+0.63/0.84/0+1.8 ms cpu, 3->4->2 MB, 4 MB goal, 0 MB stacks, 0 MB globals, 16 P
gc 14689 @58.770s 5%: 0.094+0.47+0.10 ms clock, 1.5+0.60/0.71/0+1.7 ms cpu, 3->4->1 MB, 4 MB goal, 0 MB stacks, 0 MB globals, 16 P
gc 14690 @58.772s 5%: 0.15+0.57+0.15 ms clock, 2.5+0.54/0.77/0+2.4 ms cpu, 3->4->1 MB, 4 MB goal, 0 MB stacks, 0 MB globals, 16 P
gc 14691 @58.773s 5%: 0.16+0.49+0.11 ms clock, 2.5+0.59/0.80/0+1.7 ms cpu, 3->4->1 MB, 4 MB goal, 0 MB stacks, 0 MB globals, 16 P
gc 14692 @58.775s 5%: 0.099+0.57+0.12 ms clock, 1.5+0.55/0.80/0.004+2.0 ms cpu, 3->4->1 MB, 4 MB goal, 0 MB stacks, 0 MB globals, 16 P
gc 14693 @58.776s 5%: 0.13+0.52+0.13 ms clock, 2.1+0.63/0.74/0+2.1 ms cpu, 3->4->1 MB, 4 MB goal, 0 MB stacks, 0 MB globals, 16 P
gc 14694 @58.778s 5%: 0.10+0.57+0.14 ms clock, 1.6+0.46/0.80/0.006+2.3 ms cpu, 3->4->1 MB, 4 MB goal, 0 MB stacks, 0 MB globals, 16 P
gc 14695 @58.779s 5%: 0.13+0.60+0.12 ms clock, 2.0+0.75/0.72/0+1.9 ms cpu, 3->4->1 MB, 4 MB goal, 0 MB stacks, 0 MB globals, 16 P
gc 14696 @58.781s 5%: 0.16+0.70+0.10 ms clock, 2.6+0.61/0.93/0.001+1.6 ms cpu, 3->4->2 MB, 4 MB goal, 0 MB stacks, 0 MB globals, 16 P
gc 14697 @58.783s 5%: 0.13+0.60+0.10 ms clock, 2.1+0.60/0.80/0+1.6 ms cpu, 4->4->1 MB, 4 MB goal, 0 MB stacks, 0 MB globals, 16 P
gc 14698 @58.785s 5%: 0.13+0.61+0.11 ms clock, 2.1+0.82/0.80/0.004+1.7 ms cpu, 3->4->2 MB, 4 MB goal, 0 MB stacks, 0 MB globals, 16 P
gc 14699 @58.787s 5%: 0.095+0.63+0.089 ms clock, 1.5+0.45/0.87/0+1.4 ms cpu, 3->4->1 MB, 4 MB goal, 0 MB stacks, 0 MB globals, 16 P
gc 14700 @58.788s 5%: 0.10+0.70+0.092 ms clock, 1.6+0.53/0.94/0+1.4 ms cpu, 3->4->2 MB, 4 MB goal, 0 MB stacks, 0 MB globals, 16 P
gc 14701 @58.790s 5%: 0.10+0.60+0.12 ms clock, 1.6+0.47/0.88/0.001+1.9 ms cpu, 3->4->1 MB, 4 MB goal, 0 MB stacks, 0 MB globals, 16 P
gc 14702 @58.792s 5%: 0.10+0.46+0.20 ms clock, 1.6+0.59/0.76/0.006+3.2 ms cpu, 3->4->1 MB, 4 MB goal, 0 MB stacks, 0 MB globals, 16 P
gc 14703 @58.794s 5%: 0.11+0.49+0.17 ms clock, 1.8+0.64/0.76/0+2.7 ms cpu, 3->4->1 MB, 4 MB goal, 0 MB stacks, 0 MB globals, 16 P
gc 14704 @58.795s 5%: 0.086+0.54+0.077 ms clock, 1.3+0.59/0.85/0.017+1.2 ms cpu, 3->4->1 MB, 4 MB goal, 0 MB stacks, 0 MB globals, 16 P
gc 14705 @58.797s 5%: 0.14+0.45+0.10 ms clock, 2.2+0.49/0.90/0+1.6 ms cpu, 3->4->1 MB, 4 MB goal, 0 MB stacks, 0 MB globals, 16 P
gc 14706 @58.798s 5%: 0.11+0.58+0.10 ms clock, 1.8+0.47/0.87/0+1.7 ms cpu, 3->4->2 MB, 4 MB goal, 0 MB stacks, 0 MB globals, 16 P
gc 14707 @58.800s 5%: 0.19+0.63+0.14 ms clock, 3.1+0.58/0.83/0+2.2 ms cpu, 3->4->2 MB, 4 MB goal, 0 MB stacks, 0 MB globals, 16 P
gc 14708 @58.802s 5%: 0.13+0.71+0.13 ms clock, 2.1+0.68/0.87/0+2.1 ms cpu, 3->4->2 MB, 4 MB goal, 0 MB stacks, 0 MB globals, 16 P
gc 14709 @58.804s 5%: 0.098+0.48+0.10 ms clock, 1.5+0.53/0.82/0+1.7 ms cpu, 4->4->1 MB, 4 MB goal, 0 MB stacks, 0 MB globals, 16 P
gc 14710 @58.805s 5%: 0.18+0.65+0.12 ms clock, 2.8+0.71/0.73/0+2.0 ms cpu, 3->4->2 MB, 4 MB goal, 0 MB stacks, 0 MB globals, 16 P
gc 14711 @58.807s 5%: 0.11+0.55+0.070 ms clock, 1.8+0.59/0.79/0.004+1.1 ms cpu, 3->4->1 MB, 4 MB goal, 0 MB stacks, 0 MB globals, 16 P
gc 14712 @58.809s 5%: 0.13+0.67+0.093 ms clock, 2.2+0.65/0.70/0+1.4 ms cpu, 3->4->2 MB, 4 MB goal, 0 MB stacks, 0 MB globals, 16 P
gc 14713 @58.810s 5%: 0.089+0.47+0.11 ms clock, 1.4+0.60/0.76/0.038+1.7 ms cpu, 3->4->1 MB, 4 MB goal, 0 MB stacks, 0 MB globals, 16 P
gc 14714 @58.812s 5%: 0.12+0.81+0.085 ms clock, 2.0+0.59/1.0/0+1.3 ms cpu, 3->4->2 MB, 4 MB goal, 0 MB stacks, 0 MB globals, 16 P
gc 14715 @58.814s 5%: 0.10+0.71+0.11 ms clock, 1.6+0.50/0.98/0+1.9 ms cpu, 3->4->2 MB, 4 MB goal, 0 MB stacks, 0 MB globals, 16 P
gc 14716 @58.816s 5%: 0.15+0.57+0.12 ms clock, 2.5+0.67/0.77/0.034+1.9 ms cpu, 3->4->1 MB, 4 MB goal, 0 MB stacks, 0 MB globals, 16 P
gc 14717 @58.817s 5%: 0.15+0.46+0.069 ms clock, 2.5+0.62/0.83/0+1.1 ms cpu, 3->4->1 MB, 4 MB goal, 0 MB stacks, 0 MB globals, 16 P
gc 14718 @58.819s 5%: 0.075+0.66+0.060 ms clock, 1.2+0.47/0.93/0.003+0.96 ms cpu, 3->4->1 MB, 4 MB goal, 0 MB stacks, 0 MB globals, 16 P
gc 14719 @58.820s 5%: 0.10+0.58+0.080 ms clock, 1.6+0.48/0.95/0+1.2 ms cpu, 3->4->1 MB, 4 MB goal, 0 MB stacks, 0 MB globals, 16 P
gc 14720 @58.822s 5%: 0.18+0.63+0.096 ms clock, 2.9+0.48/0.83/0+1.5 ms cpu, 3->4->2 MB, 4 MB goal, 0 MB stacks, 0 MB globals, 16 P
gc 14721 @58.824s 5%: 0.12+0.63+0.11 ms clock, 1.9+0.42/0.96/0.033+1.8 ms cpu, 3->4->1 MB, 4 MB goal, 0 MB stacks, 0 MB globals, 16 P
gc 14722 @58.825s 5%: 0.21+0.53+0.16 ms clock, 3.3+0.70/0.88/0+2.6 ms cpu, 3->4->1 MB, 4 MB goal, 0 MB stacks, 0 MB globals, 16 P
gc 14723 @58.827s 5%: 0.14+0.45+0.14 ms clock, 2.3+0.51/0.82/0+2.3 ms cpu, 3->4->1 MB, 4 MB goal, 0 MB stacks, 0 MB globals, 16 P
gc 14724 @58.829s 5%: 0.097+0.62+0.072 ms clock, 1.5+0.57/0.88/0.003+1.1 ms cpu, 3->4->2 MB, 4 MB goal, 0 MB stacks, 0 MB globals, 16 P
gc 14725 @58.830s 5%: 0.17+0.55+0.10 ms clock, 2.8+0.66/0.81/0+1.7 ms cpu, 3->4->2 MB, 4 MB goal, 0 MB stacks, 0 MB globals, 16 P
gc 14726 @58.832s 5%: 0.13+0.66+0.13 ms clock, 2.1+0.67/0.84/0+2.1 ms cpu, 3->4->2 MB, 4 MB goal, 0 MB stacks, 0 MB globals, 16 P
gc 14727 @58.834s 5%: 0.14+0.63+0.094 ms clock, 2.3+0.52/0.90/0+1.5 ms cpu, 3->4->2 MB, 4 MB goal, 0 MB stacks, 0 MB globals, 16 P
gc 14728 @58.836s 5%: 0.094+0.49+0.20 ms clock, 1.5+0.61/0.85/0.001+3.3 ms cpu, 3->4->1 MB, 4 MB goal, 0 MB stacks, 0 MB globals, 16 P
gc 14729 @58.837s 5%: 0.099+0.49+0.17 ms clock, 1.5+0.56/0.69/0.047+2.7 ms cpu, 3->3->1 MB, 4 MB goal, 0 MB stacks, 0 MB globals, 16 P
gc 14730 @58.839s 5%: 0.15+0.57+0.12 ms clock, 2.4+0.63/0.96/0.001+1.9 ms cpu, 3->4->2 MB, 4 MB goal, 0 MB stacks, 0 MB globals, 16 P
gc 14731 @58.841s 5%: 0.11+0.73+0.10 ms clock, 1.8+0.58/0.90/0+1.7 ms cpu, 3->4->2 MB, 4 MB goal, 0 MB stacks, 0 MB globals, 16 P
gc 14732 @58.843s 5%: 0.11+0.45+0.10 ms clock, 1.9+0.67/0.72/0+1.7 ms cpu, 3->4->1 MB, 4 MB goal, 0 MB stacks, 0 MB globals, 16 P
gc 14733 @58.844s 5%: 0.16+0.60+0.14 ms clock, 2.5+0.65/0.86/0.033+2.3 ms cpu, 3->4->2 MB, 4 MB goal, 0 MB stacks, 0 MB globals, 16 P
gc 14734 @58.846s 5%: 0.11+0.51+0.057 ms clock, 1.8+0.55/0.85/0.005+0.92 ms cpu, 3->4->1 MB, 4 MB goal, 0 MB stacks, 0 MB globals, 16 P
gc 14735 @58.847s 5%: 0.13+0.55+0.11 ms clock, 2.1+0.61/0.89/0+1.7 ms cpu, 3->4->2 MB, 4 MB goal, 0 MB stacks, 0 MB globals, 16 P
gc 14736 @58.849s 5%: 0.10+0.47+0.15 ms clock, 1.7+0.53/0.74/0+2.4 ms cpu, 3->4->1 MB, 4 MB goal, 0 MB stacks, 0 MB globals, 16 P
gc 14737 @58.850s 5%: 0.12+0.46+0.13 ms clock, 1.9+0.66/0.85/0+2.1 ms cpu, 3->4->1 MB, 4 MB goal, 0 MB stacks, 0 MB globals, 16 P
gc 14738 @58.852s 5%: 0.20+0.57+0.19 ms clock, 3.2+0.66/0.87/0+3.0 ms cpu, 3->4->2 MB, 4 MB goal, 0 MB stacks, 0 MB globals, 16 P
gc 14739 @58.854s 5%: 0.16+0.76+0.087 ms clock, 2.5+0.67/0.90/0+1.4 ms cpu, 3->4->2 MB, 4 MB goal, 0 MB stacks, 0 MB globals, 16 P
gc 14740 @58.856s 5%: 0.11+0.55+0.14 ms clock, 1.7+0.49/0.91/0.025+2.3 ms cpu, 3->4->1 MB, 4 MB goal, 0 MB stacks, 0 MB globals, 16 P
gc 14741 @58.857s 5%: 0.16+0.54+0.11 ms clock, 2.6+0.64/0.84/0+1.7 ms cpu, 3->4->2 MB, 4 MB goal, 0 MB stacks, 0 MB globals, 16 P
gc 14742 @58.859s 5%: 0.10+0.56+0.11 ms clock, 1.6+0.57/0.79/0+1.7 ms cpu, 3->4->1 MB, 4 MB goal, 0 MB stacks, 0 MB globals, 16 P
gc 14743 @58.861s 5%: 0.10+0.49+0.12 ms clock, 1.7+0.63/0.77/0+2.0 ms cpu, 3->4->1 MB, 4 MB goal, 0 MB stacks, 0 MB globals, 16 P
gc 14744 @58.862s 5%: 0.10+0.45+0.095 ms clock, 1.6+0.58/0.71/0.027+1.5 ms cpu, 3->4->1 MB, 4 MB goal, 0 MB stacks, 0 MB globals, 16 P
gc 14745 @58.864s 5%: 0.17+0.68+0.068 ms clock, 2.7+0.69/0.78/0+1.0 ms cpu, 3->4->2 MB, 4 MB goal, 0 MB stacks, 0 MB globals, 16 P
gc 14746 @58.865s 5%: 0.11+0.65+0.099 ms clock, 1.9+0.63/0.80/0+1.5 ms cpu, 3->4->2 MB, 4 MB goal, 0 MB stacks, 0 MB globals, 16 P
gc 14747 @58.867s 5%: 0.13+0.58+0.11 ms clock, 2.2+0.70/0.74/0.001+1.7 ms cpu, 3->4->2 MB, 4 MB goal, 0 MB stacks, 0 MB globals, 16 P
gc 14748 @58.869s 5%: 0.087+0.62+0.086 ms clock, 1.3+0.60/0.93/0+1.3 ms cpu, 3->4->2 MB, 4 MB goal, 0 MB stacks, 0 MB globals, 16 P
gc 14749 @58.871s 5%: 0.087+0.56+0.10 ms clock, 1.4+0.53/0.72/0.038+1.7 ms cpu, 3->4->1 MB, 4 MB goal, 0 MB stacks, 0 MB globals, 16 P
gc 14750 @58.872s 5%: 0.12+0.61+0.063 ms clock, 1.9+0.72/0.96/0+1.0 ms cpu, 3->4->2 MB, 4 MB goal, 0 MB stacks, 0 MB globals, 16 P
gc 14751 @58.874s 5%: 0.090+0.52+0.082 ms clock, 1.4+0.59/0.77/0+1.3 ms cpu, 3->4->1 MB, 4 MB goal, 0 MB stacks, 0 MB globals, 16 P
gc 14752 @58.876s 5%: 0.10+0.60+0.12 ms clock, 1.7+0.58/0.89/0+1.9 ms cpu, 3->4->1 MB, 4 MB goal, 0 MB stacks, 0 MB globals, 16 P
gc 14753 @58.877s 5%: 0.13+0.62+0.099 ms clock, 2.2+0.57/0.85/0+1.5 ms cpu, 3->4->2 MB, 4 MB goal, 0 MB stacks, 0 MB globals, 16 P
gc 14754 @58.879s 5%: 0.10+0.62+0.080 ms clock, 1.6+0.58/0.90/0+1.2 ms cpu, 3->4->1 MB, 4 MB goal, 0 MB stacks, 0 MB globals, 16 P
gc 14755 @58.881s 5%: 0.099+0.50+0.10 ms clock, 1.5+0.81/0.83/0.004+1.6 ms cpu, 3->4->1 MB, 4 MB goal, 0 MB stacks, 0 MB globals, 16 P
gc 14756 @58.882s 5%: 0.13+0.55+0.11 ms clock, 2.2+0.67/0.71/0.030+1.8 ms cpu, 3->4->1 MB, 4 MB goal, 0 MB stacks, 0 MB globals, 16 P
gc 14757 @58.884s 5%: 0.087+0.75+0.033 ms clock, 1.4+0.38/0.83/0+0.53 ms cpu, 3->4->1 MB, 4 MB goal, 0 MB stacks, 0 MB globals, 16 P
gc 14758 @58.885s 5%: 0.15+0.55+0.067 ms clock, 2.4+0.57/0.92/0+1.0 ms cpu, 3->4->1 MB, 4 MB goal, 0 MB stacks, 0 MB globals, 16 P
gc 14759 @58.887s 5%: 0.10+0.72+0.11 ms clock, 1.6+0.62/0.91/0.033+1.8 ms cpu, 3->4->2 MB, 4 MB goal, 0 MB stacks, 0 MB globals, 16 P
gc 14760 @58.889s 5%: 0.11+0.63+0.064 ms clock, 1.7+0.48/0.72/0.008+1.0 ms cpu, 3->4->1 MB, 4 MB goal, 0 MB stacks, 0 MB globals, 16 P
gc 14761 @58.891s 5%: 0.12+0.55+0.083 ms clock, 1.9+0.52/0.98/0+1.3 ms cpu, 3->4->1 MB, 4 MB goal, 0 MB stacks, 0 MB globals, 16 P
gc 14762 @58.892s 5%: 0.10+0.71+0.10 ms clock, 1.6+0.57/0.86/0.003+1.7 ms cpu, 3->4->2 MB, 4 MB goal, 0 MB stacks, 0 MB globals, 16 P
gc 14763 @58.894s 5%: 0.11+0.57+0.087 ms clock, 1.7+0.62/0.81/0+1.4 ms cpu, 3->4->2 MB, 4 MB goal, 0 MB stacks, 0 MB globals, 16 P
gc 14764 @58.896s 5%: 0.10+0.52+0.10 ms clock, 1.6+0.57/0.92/0+1.7 ms cpu, 3->4->1 MB, 4 MB goal, 0 MB stacks, 0 MB globals, 16 P
gc 14765 @58.897s 5%: 0.11+0.49+0.089 ms clock, 1.8+0.70/0.93/0+1.4 ms cpu, 3->4->1 MB, 4 MB goal, 0 MB stacks, 0 MB globals, 16 P
gc 14766 @58.899s 5%: 0.12+0.53+0.15 ms clock, 1.9+0.63/0.81/0+2.5 ms cpu, 3->4->1 MB, 4 MB goal, 0 MB stacks, 0 MB globals, 16 P
gc 14767 @58.901s 5%: 0.12+0.67+0.15 ms clock, 1.9+0.46/0.83/0.018+2.4 ms cpu, 3->4->2 MB, 4 MB goal, 0 MB stacks, 0 MB globals, 16 P
gc 14768 @58.902s 5%: 0.10+0.46+0.15 ms clock, 1.6+0.51/0.96/0.001+2.4 ms cpu, 3->4->1 MB, 4 MB goal, 0 MB stacks, 0 MB globals, 16 P
gc 14769 @58.904s 5%: 0.15+0.68+0.065 ms clock, 2.4+0.64/1.0/0+1.0 ms cpu, 3->4->2 MB, 4 MB goal, 0 MB stacks, 0 MB globals, 16 P
gc 14770 @58.906s 5%: 0.10+0.56+0.075 ms clock, 1.7+0.63/0.93/0+1.2 ms cpu, 3->4->1 MB, 4 MB goal, 0 MB stacks, 0 MB globals, 16 P
gc 14771 @58.907s 5%: 0.13+0.50+0.14 ms clock, 2.1+0.58/0.85/0.007+2.2 ms cpu, 3->4->1 MB, 4 MB goal, 0 MB stacks, 0 MB globals, 16 P
gc 14772 @58.909s 5%: 0.083+0.75+0.10 ms clock, 1.3+0.45/1.0/0.032+1.6 ms cpu, 3->4->2 MB, 4 MB goal, 0 MB stacks, 0 MB globals, 16 P
gc 14773 @58.911s 5%: 0.14+0.67+0.10 ms clock, 2.3+0.52/0.92/0.067+1.6 ms cpu, 3->4->2 MB, 4 MB goal, 0 MB stacks, 0 MB globals, 16 P
gc 14774 @58.913s 5%: 0.11+0.72+0.10 ms clock, 1.8+0.56/0.76/0+1.6 ms cpu, 3->4->2 MB, 4 MB goal, 0 MB stacks, 0 MB globals, 16 P
gc 14775 @58.915s 5%: 0.12+0.66+0.10 ms clock, 1.9+0.53/0.84/0.054+1.7 ms cpu, 3->4->2 MB, 4 MB goal, 0 MB stacks, 0 MB globals, 16 P
gc 14776 @58.917s 5%: 0.10+0.63+0.078 ms clock, 1.6+0.44/0.81/0+1.2 ms cpu, 3->4->1 MB, 4 MB goal, 0 MB stacks, 0 MB globals, 16 P
gc 14777 @58.918s 5%: 0.15+0.52+0.12 ms clock, 2.5+0.53/0.79/0+2.0 ms cpu, 3->4->1 MB, 4 MB goal, 0 MB stacks, 0 MB globals, 16 P
gc 14778 @58.920s 5%: 0.10+0.67+0.12 ms clock, 1.6+0.59/0.92/0+2.0 ms cpu, 3->4->1 MB, 4 MB goal, 0 MB stacks, 0 MB globals, 16 P
gc 14779 @58.922s 5%: 0.14+0.59+0.10 ms clock, 2.3+0.65/0.92/0+1.7 ms cpu, 3->4->1 MB, 4 MB goal, 0 MB stacks, 0 MB globals, 16 P
gc 14780 @58.923s 5%: 0.16+0.55+0.17 ms clock, 2.6+0.66/0.84/0.004+2.7 ms cpu, 3->4->2 MB, 4 MB goal, 0 MB stacks, 0 MB globals, 16 P
gc 14781 @58.925s 5%: 0.14+0.67+0.095 ms clock, 2.2+0.56/0.88/0+1.5 ms cpu, 3->4->2 MB, 4 MB goal, 0 MB stacks, 0 MB globals, 16 P
gc 14782 @58.927s 5%: 0.10+0.56+0.21 ms clock, 1.7+0.62/0.74/0+3.4 ms cpu, 3->4->1 MB, 4 MB goal, 0 MB stacks, 0 MB globals, 16 P
gc 14783 @58.929s 5%: 0.088+0.78+0.082 ms clock, 1.4+0.59/0.88/0+1.3 ms cpu, 3->4->2 MB, 4 MB goal, 0 MB stacks, 0 MB globals, 16 P
gc 14784 @58.931s 5%: 0.10+0.87+0.093 ms clock, 1.7+0.61/0.99/0.003+1.4 ms cpu, 3->5->2 MB, 4 MB goal, 0 MB stacks, 0 MB globals, 16 P
gc 14785 @58.933s 5%: 0.13+0.52+0.097 ms clock, 2.1+0.47/0.93/0.033+1.5 ms cpu, 4->4->1 MB, 4 MB goal, 0 MB stacks, 0 MB globals, 16 P
gc 14786 @58.934s 5%: 0.14+0.75+0.11 ms clock, 2.3+0.68/0.77/0+1.8 ms cpu, 3->4->2 MB, 4 MB goal, 0 MB stacks, 0 MB globals, 16 P
gc 14787 @58.936s 5%: 0.12+0.48+0.094 ms clock, 1.9+0.42/0.81/0.068+1.5 ms cpu, 3->4->1 MB, 4 MB goal, 0 MB stacks, 0 MB globals, 16 P
gc 14788 @58.938s 5%: 0.15+0.60+0.12 ms clock, 2.5+0.48/0.93/0+1.9 ms cpu, 3->4->2 MB, 4 MB goal, 0 MB stacks, 0 MB globals, 16 P
gc 14789 @58.940s 5%: 0.12+0.58+0.12 ms clock, 1.9+0.50/0.77/0.088+1.9 ms cpu, 3->4->1 MB, 4 MB goal, 0 MB stacks, 0 MB globals, 16 P
gc 14790 @58.941s 5%: 0.10+0.61+0.077 ms clock, 1.6+0.54/0.87/0.021+1.2 ms cpu, 3->4->1 MB, 4 MB goal, 0 MB stacks, 0 MB globals, 16 P
gc 14791 @58.943s 5%: 0.14+0.47+0.16 ms clock, 2.3+0.59/0.84/0+2.6 ms cpu, 3->4->1 MB, 4 MB goal, 0 MB stacks, 0 MB globals, 16 P
gc 14792 @58.944s 5%: 0.12+0.53+0.12 ms clock, 2.0+0.52/0.91/0+2.0 ms cpu, 3->4->2 MB, 4 MB goal, 0 MB stacks, 0 MB globals, 16 P
gc 14793 @58.946s 5%: 0.13+0.58+0.10 ms clock, 2.2+0.62/0.80/0+1.6 ms cpu, 3->4->2 MB, 4 MB goal, 0 MB stacks, 0 MB globals, 16 P
gc 14794 @58.948s 5%: 0.095+0.80+0.078 ms clock, 1.5+0.69/1.1/0.013+1.2 ms cpu, 3->4->2 MB, 4 MB goal, 0 MB stacks, 0 MB globals, 16 P
gc 14795 @58.950s 5%: 0.13+0.49+0.085 ms clock, 2.2+0.62/0.87/0+1.3 ms cpu, 3->4->1 MB, 4 MB goal, 0 MB stacks, 0 MB globals, 16 P
gc 14796 @58.951s 5%: 0.15+0.60+0.14 ms clock, 2.4+0.62/1.0/0+2.3 ms cpu, 3->4->2 MB, 4 MB goal, 0 MB stacks, 0 MB globals, 16 P
gc 14797 @58.953s 5%: 0.11+0.57+0.11 ms clock, 1.8+0.45/0.90/0+1.8 ms cpu, 3->4->1 MB, 4 MB goal, 0 MB stacks, 0 MB globals, 16 P
gc 14798 @58.955s 5%: 0.12+0.77+0.082 ms clock, 1.9+0.53/0.98/0+1.3 ms cpu, 3->4->2 MB, 4 MB goal, 0 MB stacks, 0 MB globals, 16 P
gc 14799 @58.957s 5%: 0.13+0.62+0.10 ms clock, 2.0+0.54/0.85/0.049+1.7 ms cpu, 3->4->1 MB, 4 MB goal, 0 MB stacks, 0 MB globals, 16 P
gc 14800 @58.958s 5%: 0.11+0.71+0.034 ms clock, 1.8+0.67/0.88/0+0.55 ms cpu, 3->4->2 MB, 4 MB goal, 0 MB stacks, 0 MB globals, 16 P
gc 14801 @58.960s 5%: 0.12+0.63+0.11 ms clock, 1.9+0.55/0.94/0.037+1.8 ms cpu, 3->4->2 MB, 4 MB goal, 0 MB stacks, 0 MB globals, 16 P
gc 14802 @58.962s 5%: 0.18+0.55+0.12 ms clock, 2.9+0.59/0.83/0+2.0 ms cpu, 3->4->1 MB, 4 MB goal, 0 MB stacks, 0 MB globals, 16 P
gc 14803 @58.964s 5%: 0.13+0.52+0.12 ms clock, 2.1+0.59/0.91/0.033+2.0 ms cpu, 3->4->1 MB, 4 MB goal, 0 MB stacks, 0 MB globals, 16 P
gc 14804 @58.965s 5%: 0.11+0.79+0.078 ms clock, 1.8+0.43/0.88/0.003+1.2 ms cpu, 3->4->2 MB, 4 MB goal, 0 MB stacks, 0 MB globals, 16 P
gc 14805 @58.967s 5%: 0.14+0.70+0.12 ms clock, 2.2+0.56/0.87/0+1.9 ms cpu, 3->4->2 MB, 4 MB goal, 0 MB stacks, 0 MB globals, 16 P
gc 14806 @58.969s 5%: 0.12+0.57+0.19 ms clock, 2.0+0.55/0.90/0.002+3.0 ms cpu, 3->4->2 MB, 4 MB goal, 0 MB stacks, 0 MB globals, 16 P
gc 14807 @58.971s 5%: 0.14+0.59+0.073 ms clock, 2.3+0.64/0.88/0.002+1.1 ms cpu, 3->4->2 MB, 4 MB goal, 0 MB stacks, 0 MB globals, 16 P
gc 14808 @58.972s 5%: 0.14+0.54+0.10 ms clock, 2.3+0.58/0.82/0+1.6 ms cpu, 3->4->1 MB, 4 MB goal, 0 MB stacks, 0 MB globals, 16 P
gc 14809 @58.974s 5%: 0.12+0.51+0.17 ms clock, 1.9+0.53/0.78/0.005+2.7 ms cpu, 3->4->1 MB, 4 MB goal, 0 MB stacks, 0 MB globals, 16 P
gc 14810 @58.976s 5%: 0.12+0.59+0.11 ms clock, 2.0+0.63/0.90/0.001+1.7 ms cpu, 3->4->1 MB, 4 MB goal, 0 MB stacks, 0 MB globals, 16 P
gc 14811 @58.977s 5%: 0.13+0.57+0.10 ms clock, 2.2+0.56/0.81/0+1.6 ms cpu, 3->4->1 MB, 4 MB goal, 0 MB stacks, 0 MB globals, 16 P
gc 14812 @58.979s 5%: 0.10+0.76+0.10 ms clock, 1.6+0.51/1.0/0+1.6 ms cpu, 3->4->2 MB, 4 MB goal, 0 MB stacks, 0 MB globals, 16 P
gc 14813 @58.981s 5%: 0.12+0.63+0.12 ms clock, 2.0+0.47/0.90/0.002+1.9 ms cpu, 3->4->2 MB, 4 MB goal, 0 MB stacks, 0 MB globals, 16 P
gc 14814 @58.983s 5%: 0.16+0.69+0.11 ms clock, 2.6+0.61/0.95/0+1.8 ms cpu, 3->4->2 MB, 4 MB goal, 0 MB stacks, 0 MB globals, 16 P
gc 14815 @58.985s 5%: 0.092+0.66+0.099 ms clock, 1.4+0.65/0.77/0+1.5 ms cpu, 3->4->1 MB, 4 MB goal, 0 MB stacks, 0 MB globals, 16 P
gc 14816 @58.987s 5%: 0.18+0.56+0.13 ms clock, 2.9+0.73/0.87/0+2.1 ms cpu, 3->4->2 MB, 4 MB goal, 0 MB stacks, 0 MB globals, 16 P
gc 14817 @58.988s 5%: 0.088+0.59+0.12 ms clock, 1.4+0.47/0.91/0.007+1.9 ms cpu, 3->4->1 MB, 4 MB goal, 0 MB stacks, 0 MB globals, 16 P
gc 14818 @58.990s 5%: 0.22+0.61+0.13 ms clock, 3.5+0.65/0.96/0+2.2 ms cpu, 3->4->2 MB, 4 MB goal, 0 MB stacks, 0 MB globals, 16 P
gc 14819 @58.992s 5%: 0.14+0.61+0.12 ms clock, 2.2+0.55/0.92/0+1.9 ms cpu, 3->4->1 MB, 4 MB goal, 0 MB stacks, 0 MB globals, 16 P
gc 14820 @58.994s 5%: 0.18+0.54+0.13 ms clock, 2.9+0.70/0.81/0+2.1 ms cpu, 3->4->2 MB, 4 MB goal, 0 MB stacks, 0 MB globals, 16 P
gc 14821 @58.995s 5%: 0.14+0.66+0.10 ms clock, 2.3+0.49/0.92/0+1.6 ms cpu, 3->4->2 MB, 4 MB goal, 0 MB stacks, 0 MB globals, 16 P
gc 14822 @58.997s 5%: 0.12+0.60+0.14 ms clock, 1.9+0.60/1.0/0+2.3 ms cpu, 3->4->2 MB, 4 MB goal, 0 MB stacks, 0 MB globals, 16 P
gc 14823 @58.999s 5%: 0.12+0.69+0.10 ms clock, 2.0+0.60/0.92/0.001+1.6 ms cpu, 3->4->2 MB, 4 MB goal, 0 MB stacks, 0 MB globals, 16 P
gc 14824 @59.001s 5%: 0.17+0.44+0.097 ms clock, 2.8+0.69/0.76/0.002+1.5 ms cpu, 3->4->1 MB, 4 MB goal, 0 MB stacks, 0 MB globals, 16 P
gc 14825 @59.002s 5%: 0.11+0.80+0.080 ms clock, 1.8+0.55/0.91/0.013+1.2 ms cpu, 3->4->2 MB, 4 MB goal, 0 MB stacks, 0 MB globals, 16 P
gc 14826 @59.004s 5%: 0.18+0.57+0.16 ms clock, 2.9+0.59/0.76/0+2.6 ms cpu, 3->4->1 MB, 4 MB goal, 0 MB stacks, 0 MB globals, 16 P
gc 14827 @59.006s 5%: 0.14+0.61+0.080 ms clock, 2.2+0.66/0.82/0.016+1.2 ms cpu, 3->4->2 MB, 4 MB goal, 0 MB stacks, 0 MB globals, 16 P
gc 14828 @59.008s 5%: 0.10+0.64+0.11 ms clock, 1.7+0.45/0.88/0.008+1.7 ms cpu, 3->4->1 MB, 4 MB goal, 0 MB stacks, 0 MB globals, 16 P
gc 14829 @59.009s 5%: 0.18+0.55+0.11 ms clock, 3.0+0.57/0.89/0+1.8 ms cpu, 3->4->1 MB, 4 MB goal, 0 MB stacks, 0 MB globals, 16 P
gc 14830 @59.011s 5%: 0.079+0.51+0.13 ms clock, 1.2+0.52/0.77/0+2.2 ms cpu, 3->4->1 MB, 4 MB goal, 0 MB stacks, 0 MB globals, 16 P
gc 14831 @59.012s 5%: 0.10+0.61+0.093 ms clock, 1.7+0.63/0.73/0.022+1.4 ms cpu, 3->4->1 MB, 4 MB goal, 0 MB stacks, 0 MB globals, 16 P
gc 14832 @59.014s 5%: 0.11+0.43+0.18 ms clock, 1.7+0.49/0.75/0.035+2.9 ms cpu, 3->4->1 MB, 4 MB goal, 0 MB stacks, 0 MB globals, 16 P
gc 14833 @59.016s 5%: 0.13+0.53+0.14 ms clock, 2.1+0.69/0.74/0.027+2.3 ms cpu, 3->4->1 MB, 4 MB goal, 0 MB stacks, 0 MB globals, 16 P
gc 14834 @59.017s 5%: 0.12+0.52+0.14 ms clock, 2.0+0.54/0.86/0.015+2.2 ms cpu, 3->4->1 MB, 4 MB goal, 0 MB stacks, 0 MB globals, 16 P
gc 14835 @59.019s 5%: 0.12+0.67+0.091 ms clock, 2.0+0.68/0.81/0+1.4 ms cpu, 3->4->1 MB, 4 MB goal, 0 MB stacks, 0 MB globals, 16 P
gc 14836 @59.020s 5%: 0.12+0.65+0.096 ms clock, 1.9+0.62/0.92/0.002+1.5 ms cpu, 3->4->1 MB, 4 MB goal, 0 MB stacks, 0 MB globals, 16 P
gc 14837 @59.022s 5%: 0.10+0.59+0.054 ms clock, 1.7+0.55/0.88/0+0.86 ms cpu, 3->4->1 MB, 4 MB goal, 0 MB stacks, 0 MB globals, 16 P
gc 14838 @59.024s 5%: 0.13+0.46+0.21 ms clock, 2.1+0.50/0.75/0.037+3.4 ms cpu, 3->4->1 MB, 4 MB goal, 0 MB stacks, 0 MB globals, 16 P
gc 14839 @59.025s 5%: 0.14+0.53+0.093 ms clock, 2.3+0.68/0.90/0.002+1.5 ms cpu, 3->4->1 MB, 4 MB goal, 0 MB stacks, 0 MB globals, 16 P
gc 14840 @59.027s 5%: 0.13+0.77+0.083 ms clock, 2.1+0.57/0.93/0.044+1.3 ms cpu, 3->4->2 MB, 4 MB goal, 0 MB stacks, 0 MB globals, 16 P
gc 14841 @59.029s 5%: 0.11+0.44+0.20 ms clock, 1.7+0.49/0.83/0.004+3.2 ms cpu, 3->4->1 MB, 4 MB goal, 0 MB stacks, 0 MB globals, 16 P
gc 14842 @59.030s 5%: 0.12+0.63+0.10 ms clock, 1.9+0.60/0.80/0.020+1.7 ms cpu, 3->4->1 MB, 4 MB goal, 0 MB stacks, 0 MB globals, 16 P
gc 14843 @59.032s 5%: 0.20+0.45+0.081 ms clock, 3.2+0.61/0.68/0+1.3 ms cpu, 3->4->1 MB, 4 MB goal, 0 MB stacks, 0 MB globals, 16 P
gc 14844 @59.034s 5%: 0.11+0.51+0.10 ms clock, 1.8+0.45/0.85/0+1.6 ms cpu, 3->4->1 MB, 4 MB goal, 0 MB stacks, 0 MB globals, 16 P
gc 14845 @59.035s 5%: 0.10+0.53+0.17 ms clock, 1.7+0.74/0.67/0+2.8 ms cpu, 3->4->1 MB, 4 MB goal, 0 MB stacks, 0 MB globals, 16 P
gc 14846 @59.037s 5%: 0.13+0.50+0.086 ms clock, 2.0+0.43/0.86/0.003+1.3 ms cpu, 3->4->1 MB, 4 MB goal, 0 MB stacks, 0 MB globals, 16 P
gc 14847 @59.038s 5%: 0.16+0.50+0.11 ms clock, 2.6+0.52/0.77/0+1.8 ms cpu, 3->4->1 MB, 4 MB goal, 0 MB stacks, 0 MB globals, 16 P
gc 14848 @59.040s 5%: 0.19+0.41+0.15 ms clock, 3.1+0.48/0.79/0+2.5 ms cpu, 3->4->1 MB, 4 MB goal, 0 MB stacks, 0 MB globals, 16 P
gc 14849 @59.042s 5%: 0.15+0.54+0.097 ms clock, 2.5+0.53/0.83/0.008+1.5 ms cpu, 3->4->2 MB, 4 MB goal, 0 MB stacks, 0 MB globals, 16 P
gc 14850 @59.043s 5%: 0.13+0.51+0.14 ms clock, 2.0+0.72/0.81/0.042+2.2 ms cpu, 3->4->1 MB, 4 MB goal, 0 MB stacks, 0 MB globals, 16 P
gc 14851 @59.045s 5%: 0.14+0.60+0.093 ms clock, 2.2+0.63/0.93/0+1.4 ms cpu, 3->4->1 MB, 4 MB goal, 0 MB stacks, 0 MB globals, 16 P
gc 14852 @59.047s 5%: 0.10+0.51+0.099 ms clock, 1.6+0.58/0.82/0.012+1.5 ms cpu, 3->4->1 MB, 4 MB goal, 0 MB stacks, 0 MB globals, 16 P
gc 14853 @59.048s 5%: 0.10+0.56+0.11 ms clock, 1.7+0.46/0.85/0+1.8 ms cpu, 3->4->1 MB, 4 MB goal, 0 MB stacks, 0 MB globals, 16 P
gc 14854 @59.050s 5%: 0.19+0.45+0.20 ms clock, 3.1+0.68/0.72/0+3.2 ms cpu, 3->4->1 MB, 4 MB goal, 0 MB stacks, 0 MB globals, 16 P
gc 14855 @59.051s 5%: 0.12+0.49+0.092 ms clock, 2.0+0.58/0.78/0+1.4 ms cpu, 3->4->1 MB, 4 MB goal, 0 MB stacks, 0 MB globals, 16 P
gc 14856 @59.053s 5%: 0.13+0.42+0.16 ms clock, 2.1+0.65/0.73/0+2.6 ms cpu, 3->3->1 MB, 4 MB goal, 0 MB stacks, 0 MB globals, 16 P
gc 14857 @59.054s 5%: 0.16+0.73+0.13 ms clock, 2.5+0.73/0.97/0.003+2.1 ms cpu, 3->4->2 MB, 4 MB goal, 0 MB stacks, 0 MB globals, 16 P
gc 14858 @59.056s 5%: 0.11+0.54+0.085 ms clock, 1.8+0.52/0.84/0+1.3 ms cpu, 4->4->1 MB, 4 MB goal, 0 MB stacks, 0 MB globals, 16 P
gc 14859 @59.058s 5%: 0.14+0.60+0.15 ms clock, 2.3+0.55/0.90/0.002+2.4 ms cpu, 3->4->2 MB, 4 MB goal, 0 MB stacks, 0 MB globals, 16 P
gc 14860 @59.060s 5%: 0.13+0.70+0.17 ms clock, 2.2+0.56/0.94/0+2.8 ms cpu, 3->4->2 MB, 4 MB goal, 0 MB stacks, 0 MB globals, 16 P
gc 14861 @59.062s 5%: 0.17+0.50+0.11 ms clock, 2.7+0.59/0.79/0+1.8 ms cpu, 4->4->1 MB, 4 MB goal, 0 MB stacks, 0 MB globals, 16 P
gc 14862 @59.063s 5%: 0.13+0.65+0.094 ms clock, 2.1+0.68/0.91/0+1.5 ms cpu, 3->4->2 MB, 4 MB goal, 0 MB stacks, 0 MB globals, 16 P
gc 14863 @59.065s 5%: 0.14+0.50+0.13 ms clock, 2.2+0.54/0.79/0+2.1 ms cpu, 3->4->1 MB, 4 MB goal, 0 MB stacks, 0 MB globals, 16 P
gc 14864 @59.067s 5%: 0.13+0.57+0.097 ms clock, 2.2+0.61/0.94/0+1.5 ms cpu, 3->4->1 MB, 4 MB goal, 0 MB stacks, 0 MB globals, 16 P
gc 14865 @59.068s 5%: 0.12+0.60+0.13 ms clock, 2.0+0.39/0.85/0+2.0 ms cpu, 3->4->2 MB, 4 MB goal, 0 MB stacks, 0 MB globals, 16 P
gc 14866 @59.070s 5%: 0.16+0.56+0.12 ms clock, 2.6+0.52/0.91/0+1.9 ms cpu, 3->4->1 MB, 4 MB goal, 0 MB stacks, 0 MB globals, 16 P
gc 14867 @59.072s 5%: 0.15+0.67+0.10 ms clock, 2.4+0.74/0.72/0+1.6 ms cpu, 3->4->2 MB, 4 MB goal, 0 MB stacks, 0 MB globals, 16 P
gc 14868 @59.074s 5%: 0.10+0.47+0.11 ms clock, 1.6+0.45/0.95/0+1.7 ms cpu, 3->4->1 MB, 4 MB goal, 0 MB stacks, 0 MB globals, 16 P
gc 14869 @59.075s 5%: 0.13+0.72+0.12 ms clock, 2.1+0.53/0.83/0+1.9 ms cpu, 3->4->2 MB, 4 MB goal, 0 MB stacks, 0 MB globals, 16 P
gc 14870 @59.077s 5%: 0.11+0.53+0.070 ms clock, 1.7+0.55/0.80/0+1.1 ms cpu, 3->4->1 MB, 4 MB goal, 0 MB stacks, 0 MB globals, 16 P
gc 14871 @59.079s 5%: 0.10+0.52+0.11 ms clock, 1.6+0.48/0.92/0+1.8 ms cpu, 3->4->1 MB, 4 MB goal, 0 MB stacks, 0 MB globals, 16 P
gc 14872 @59.080s 5%: 0.11+0.72+0.15 ms clock, 1.7+0.71/0.74/0+2.4 ms cpu, 3->4->2 MB, 4 MB goal, 0 MB stacks, 0 MB globals, 16 P
gc 14873 @59.082s 5%: 0.19+0.70+0.11 ms clock, 3.1+0.59/0.79/0+1.8 ms cpu, 3->4->2 MB, 4 MB goal, 0 MB stacks, 0 MB globals, 16 P
gc 14874 @59.084s 5%: 0.13+0.59+0.12 ms clock, 2.1+0.54/0.81/0.008+1.9 ms cpu, 3->4->1 MB, 4 MB goal, 0 MB stacks, 0 MB globals, 16 P
gc 14875 @59.086s 5%: 0.14+0.57+0.17 ms clock, 2.2+0.70/0.97/0.003+2.7 ms cpu, 3->4->2 MB, 4 MB goal, 0 MB stacks, 0 MB globals, 16 P
gc 14876 @59.087s 5%: 0.10+0.53+0.087 ms clock, 1.6+0.52/0.95/0+1.4 ms cpu, 3->4->1 MB, 4 MB goal, 0 MB stacks, 0 MB globals, 16 P
gc 14877 @59.089s 5%: 0.12+0.60+0.13 ms clock, 1.9+0.50/0.95/0+2.1 ms cpu, 3->4->2 MB, 4 MB goal, 0 MB stacks, 0 MB globals, 16 P
gc 14878 @59.091s 5%: 0.13+0.49+0.10 ms clock, 2.2+0.49/0.85/0+1.6 ms cpu, 3->4->1 MB, 4 MB goal, 0 MB stacks, 0 MB globals, 16 P
gc 14879 @59.092s 5%: 0.14+0.66+0.10 ms clock, 2.3+0.51/0.99/0+1.6 ms cpu, 3->4->2 MB, 4 MB goal, 0 MB stacks, 0 MB globals, 16 P
gc 14880 @59.094s 5%: 0.15+0.59+0.049 ms clock, 2.4+0.65/0.68/0+0.78 ms cpu, 3->4->1 MB, 4 MB goal, 0 MB stacks, 0 MB globals, 16 P
gc 14881 @59.096s 5%: 0.12+0.47+0.11 ms clock, 2.0+0.56/0.85/0+1.8 ms cpu, 3->4->1 MB, 4 MB goal, 0 MB stacks, 0 MB globals, 16 P
gc 14882 @59.097s 5%: 0.13+0.51+0.094 ms clock, 2.1+0.56/0.74/0+1.5 ms cpu, 3->4->1 MB, 4 MB goal, 0 MB stacks, 0 MB globals, 16 P
gc 14883 @59.099s 5%: 0.10+0.53+0.13 ms clock, 1.6+0.58/0.80/0+2.2 ms cpu, 3->4->1 MB, 4 MB goal, 0 MB stacks, 0 MB globals, 16 P
gc 14884 @59.100s 5%: 0.13+0.51+0.026 ms clock, 2.1+0.44/0.93/0+0.42 ms cpu, 3->4->1 MB, 4 MB goal, 0 MB stacks, 0 MB globals, 16 P
gc 14885 @59.102s 5%: 0.11+0.60+0.035 ms clock, 1.8+0.70/0.78/0.003+0.56 ms cpu, 3->4->1 MB, 4 MB goal, 0 MB stacks, 0 MB globals, 16 P
gc 14886 @59.103s 5%: 0.098+0.57+0.10 ms clock, 1.5+0.53/0.90/0+1.6 ms cpu, 3->4->1 MB, 4 MB goal, 0 MB stacks, 0 MB globals, 16 P
gc 14887 @59.105s 5%: 0.11+0.61+0.084 ms clock, 1.7+0.50/0.97/0.004+1.3 ms cpu, 3->4->1 MB, 4 MB goal, 0 MB stacks, 0 MB globals, 16 P
gc 14888 @59.107s 5%: 0.10+0.73+0.096 ms clock, 1.7+0.56/0.83/0+1.5 ms cpu, 3->4->2 MB, 4 MB goal, 0 MB stacks, 0 MB globals, 16 P
gc 14889 @59.108s 5%: 0.11+0.76+0.092 ms clock, 1.8+0.46/0.87/0+1.4 ms cpu, 3->4->2 MB, 4 MB goal, 0 MB stacks, 0 MB globals, 16 P
gc 14890 @59.110s 5%: 0.10+0.64+0.049 ms clock, 1.6+0.62/0.99/0+0.79 ms cpu, 3->4->2 MB, 4 MB goal, 0 MB stacks, 0 MB globals, 16 P
gc 14891 @59.112s 5%: 0.10+0.69+0.089 ms clock, 1.7+0.58/0.81/0.036+1.4 ms cpu, 3->4->1 MB, 4 MB goal, 0 MB stacks, 0 MB globals, 16 P
gc 14892 @59.114s 5%: 0.11+0.49+0.10 ms clock, 1.8+0.59/0.81/0+1.6 ms cpu, 3->4->1 MB, 4 MB goal, 0 MB stacks, 0 MB globals, 16 P
gc 14893 @59.115s 5%: 0.15+0.65+0.084 ms clock, 2.4+0.55/0.88/0+1.3 ms cpu, 3->4->2 MB, 4 MB goal, 0 MB stacks, 0 MB globals, 16 P
gc 14894 @59.117s 5%: 0.14+0.63+0.090 ms clock, 2.3+0.43/1.0/0.003+1.4 ms cpu, 3->4->2 MB, 4 MB goal, 0 MB stacks, 0 MB globals, 16 P
gc 14895 @59.119s 5%: 0.12+0.57+0.096 ms clock, 1.9+0.74/0.90/0.037+1.5 ms cpu, 3->4->2 MB, 4 MB goal, 0 MB stacks, 0 MB globals, 16 P
gc 14896 @59.121s 5%: 0.15+0.49+0.12 ms clock, 2.4+0.56/0.88/0.002+2.0 ms cpu, 3->4->1 MB, 4 MB goal, 0 MB stacks, 0 MB globals, 16 P
gc 14897 @59.122s 5%: 0.11+0.64+0.10 ms clock, 1.9+0.65/0.82/0.031+1.6 ms cpu, 3->4->2 MB, 4 MB goal, 0 MB stacks, 0 MB globals, 16 P
gc 14898 @59.124s 5%: 0.10+0.61+0.11 ms clock, 1.6+0.49/0.94/0.023+1.7 ms cpu, 3->4->2 MB, 4 MB goal, 0 MB stacks, 0 MB globals, 16 P
gc 14899 @59.126s 5%: 0.14+0.61+0.093 ms clock, 2.3+0.66/0.89/0.001+1.5 ms cpu, 3->4->2 MB, 4 MB goal, 0 MB stacks, 0 MB globals, 16 P
gc 14900 @59.127s 5%: 0.12+0.65+0.10 ms clock, 1.9+0.56/0.84/0+1.7 ms cpu, 3->4->2 MB, 4 MB goal, 0 MB stacks, 0 MB globals, 16 P
gc 14901 @59.129s 5%: 0.16+0.52+0.078 ms clock, 2.6+0.59/0.75/0+1.2 ms cpu, 3->4->1 MB, 4 MB goal, 0 MB stacks, 0 MB globals, 16 P
gc 14902 @59.131s 5%: 0.12+0.53+0.12 ms clock, 2.0+0.62/0.80/0.022+2.0 ms cpu, 3->4->1 MB, 4 MB goal, 0 MB stacks, 0 MB globals, 16 P
gc 14903 @59.132s 5%: 0.12+0.48+0.15 ms clock, 2.0+0.64/0.80/0.002+2.4 ms cpu, 3->4->1 MB, 4 MB goal, 0 MB stacks, 0 MB globals, 16 P
gc 14904 @59.134s 5%: 0.092+0.59+0.096 ms clock, 1.4+0.59/0.85/0+1.5 ms cpu, 3->4->1 MB, 4 MB goal, 0 MB stacks, 0 MB globals, 16 P
gc 14905 @59.136s 5%: 0.10+0.49+0.10 ms clock, 1.6+0.53/0.87/0+1.6 ms cpu, 3->4->1 MB, 4 MB goal, 0 MB stacks, 0 MB globals, 16 P
gc 14906 @59.137s 5%: 0.10+0.60+0.10 ms clock, 1.6+0.73/0.80/0.002+1.6 ms cpu, 3->4->2 MB, 4 MB goal, 0 MB stacks, 0 MB globals, 16 P
gc 14907 @59.139s 5%: 0.14+0.54+0.089 ms clock, 2.3+0.51/0.88/0+1.4 ms cpu, 3->4->1 MB, 4 MB goal, 0 MB stacks, 0 MB globals, 16 P
gc 14908 @59.141s 5%: 0.12+0.53+0.18 ms clock, 1.9+0.69/0.77/0+3.0 ms cpu, 3->4->1 MB, 4 MB goal, 0 MB stacks, 0 MB globals, 16 P
gc 14909 @59.142s 5%: 0.12+0.66+0.12 ms clock, 1.9+0.56/0.81/0.024+1.9 ms cpu, 3->4->2 MB, 4 MB goal, 0 MB stacks, 0 MB globals, 16 P
gc 14910 @59.144s 5%: 0.15+0.59+0.12 ms clock, 2.4+0.60/0.81/0+2.0 ms cpu, 3->4->1 MB, 4 MB goal, 0 MB stacks, 0 MB globals, 16 P
gc 14911 @59.146s 5%: 0.13+0.49+0.032 ms clock, 2.1+0.56/0.86/0+0.52 ms cpu, 3->4->1 MB, 4 MB goal, 0 MB stacks, 0 MB globals, 16 P
gc 14912 @59.147s 5%: 0.10+0.51+0.13 ms clock, 1.6+0.66/0.78/0+2.1 ms cpu, 3->4->1 MB, 4 MB goal, 0 MB stacks, 0 MB globals, 16 P
gc 14913 @59.149s 5%: 0.10+0.42+0.13 ms clock, 1.7+0.48/0.79/0+2.1 ms cpu, 3->3->1 MB, 4 MB goal, 0 MB stacks, 0 MB globals, 16 P
gc 14914 @59.150s 5%: 0.13+0.52+0.11 ms clock, 2.1+0.67/0.90/0+1.9 ms cpu, 3->4->1 MB, 4 MB goal, 0 MB stacks, 0 MB globals, 16 P
gc 14915 @59.152s 5%: 0.12+0.42+0.15 ms clock, 2.0+0.65/0.79/0.008+2.5 ms cpu, 3->4->1 MB, 4 MB goal, 0 MB stacks, 0 MB globals, 16 P
gc 14916 @59.153s 5%: 0.17+0.60+0.16 ms clock, 2.8+0.65/0.80/0+2.6 ms cpu, 3->4->2 MB, 4 MB goal, 0 MB stacks, 0 MB globals, 16 P
gc 14917 @59.155s 5%: 0.11+0.49+0.16 ms clock, 1.8+0.60/0.85/0+2.5 ms cpu, 3->4->1 MB, 4 MB goal, 0 MB stacks, 0 MB globals, 16 P
gc 14918 @59.156s 5%: 0.14+0.64+0.097 ms clock, 2.3+0.61/1.0/0+1.5 ms cpu, 3->4->2 MB, 4 MB goal, 0 MB stacks, 0 MB globals, 16 P
gc 14919 @59.158s 5%: 0.11+0.72+0.12 ms clock, 1.8+0.55/0.92/0.008+1.9 ms cpu, 3->4->2 MB, 4 MB goal, 0 MB stacks, 0 MB globals, 16 P
gc 14920 @59.160s 5%: 0.14+0.50+0.12 ms clock, 2.3+0.59/0.84/0+2.0 ms cpu, 3->4->1 MB, 4 MB goal, 0 MB stacks, 0 MB globals, 16 P
gc 14921 @59.162s 5%: 0.10+0.50+0.16 ms clock, 1.7+0.48/0.81/0.001+2.6 ms cpu, 3->4->1 MB, 4 MB goal, 0 MB stacks, 0 MB globals, 16 P
gc 14922 @59.163s 5%: 0.14+0.63+0.10 ms clock, 2.2+0.60/0.72/0+1.7 ms cpu, 3->4->2 MB, 4 MB goal, 0 MB stacks, 0 MB globals, 16 P
gc 14923 @59.165s 5%: 0.10+0.64+0.11 ms clock, 1.7+0.59/0.98/0.041+1.7 ms cpu, 3->4->2 MB, 4 MB goal, 0 MB stacks, 0 MB globals, 16 P
gc 14924 @59.167s 5%: 0.14+0.53+0.13 ms clock, 2.3+0.71/0.72/0+2.0 ms cpu, 3->4->1 MB, 4 MB goal, 0 MB stacks, 0 MB globals, 16 P
gc 14925 @59.169s 5%: 0.10+0.55+0.11 ms clock, 1.7+0.46/0.85/0+1.7 ms cpu, 3->4->1 MB, 4 MB goal, 0 MB stacks, 0 MB globals, 16 P
gc 14926 @59.170s 5%: 0.18+0.42+0.17 ms clock, 2.9+0.71/0.75/0+2.8 ms cpu, 3->4->1 MB, 4 MB goal, 0 MB stacks, 0 MB globals, 16 P
gc 14927 @59.172s 5%: 0.10+0.55+0.13 ms clock, 1.6+0.52/0.89/0+2.2 ms cpu, 3->4->1 MB, 4 MB goal, 0 MB stacks, 0 MB globals, 16 P
gc 14928 @59.173s 5%: 0.16+0.64+0.098 ms clock, 2.6+0.53/0.80/0+1.5 ms cpu, 3->4->2 MB, 4 MB goal, 0 MB stacks, 0 MB globals, 16 P
gc 14929 @59.175s 5%: 0.15+0.59+0.10 ms clock, 2.5+0.61/0.80/0+1.6 ms cpu, 3->4->1 MB, 4 MB goal, 0 MB stacks, 0 MB globals, 16 P
gc 14930 @59.177s 5%: 0.14+0.67+0.084 ms clock, 2.3+0.61/0.84/0+1.3 ms cpu, 3->4->2 MB, 4 MB goal, 0 MB stacks, 0 MB globals, 16 P
gc 14931 @59.179s 5%: 0.11+0.71+0.10 ms clock, 1.8+0.64/0.89/0.020+1.6 ms cpu, 3->4->2 MB, 4 MB goal, 0 MB stacks, 0 MB globals, 16 P
gc 14932 @59.181s 5%: 0.092+0.80+0.094 ms clock, 1.4+0.69/0.85/0.004+1.5 ms cpu, 4->4->2 MB, 4 MB goal, 0 MB stacks, 0 MB globals, 16 P
gc 14933 @59.183s 5%: 0.14+0.64+0.097 ms clock, 2.2+0.73/0.80/0.013+1.5 ms cpu, 3->4->2 MB, 4 MB goal, 0 MB stacks, 0 MB globals, 16 P
gc 14934 @59.185s 5%: 0.15+0.68+0.10 ms clock, 2.4+0.67/0.80/0+1.6 ms cpu, 3->4->2 MB, 4 MB goal, 0 MB stacks, 0 MB globals, 16 P
gc 14935 @59.186s 5%: 0.12+0.62+0.13 ms clock, 2.0+0.55/0.79/0+2.1 ms cpu, 3->4->1 MB, 4 MB goal, 0 MB stacks, 0 MB globals, 16 P
gc 14936 @59.188s 5%: 0.14+0.67+0.10 ms clock, 2.2+0.60/0.79/0+1.7 ms cpu, 3->4->2 MB, 4 MB goal, 0 MB stacks, 0 MB globals, 16 P
gc 14937 @59.190s 5%: 0.10+0.69+0.051 ms clock, 1.7+0.57/0.92/0.004+0.82 ms cpu, 4->4->2 MB, 4 MB goal, 0 MB stacks, 0 MB globals, 16 P
gc 14938 @59.192s 5%: 0.16+0.61+0.087 ms clock, 2.6+0.50/0.80/0+1.4 ms cpu, 3->4->2 MB, 4 MB goal, 0 MB stacks, 0 MB globals, 16 P
gc 14939 @59.194s 5%: 0.16+0.48+0.047 ms clock, 2.6+0.61/0.71/0.058+0.75 ms cpu, 3->4->1 MB, 4 MB goal, 0 MB stacks, 0 MB globals, 16 P
gc 14940 @59.195s 5%: 0.16+0.81+0.082 ms clock, 2.5+0.65/0.86/0+1.3 ms cpu, 3->4->2 MB, 4 MB goal, 0 MB stacks, 0 MB globals, 16 P
gc 14941 @59.197s 5%: 0.096+0.53+0.093 ms clock, 1.5+0.55/0.86/0+1.4 ms cpu, 4->4->1 MB, 4 MB goal, 0 MB stacks, 0 MB globals, 16 P
gc 14942 @59.199s 5%: 0.11+0.49+0.11 ms clock, 1.8+0.75/0.73/0+1.8 ms cpu, 3->4->1 MB, 4 MB goal, 0 MB stacks, 0 MB globals, 16 P
gc 14943 @59.201s 5%: 0.10+0.44+0.12 ms clock, 1.6+0.70/0.71/0.005+1.9 ms cpu, 3->4->1 MB, 4 MB goal, 0 MB stacks, 0 MB globals, 16 P
gc 14944 @59.202s 5%: 0.10+0.59+0.079 ms clock, 1.6+0.59/0.89/0+1.2 ms cpu, 3->4->2 MB, 4 MB goal, 0 MB stacks, 0 MB globals, 16 P
gc 14945 @59.204s 5%: 0.11+0.66+0.11 ms clock, 1.8+0.52/0.84/0.060+1.8 ms cpu, 3->4->2 MB, 4 MB goal, 0 MB stacks, 0 MB globals, 16 P
gc 14946 @59.206s 5%: 0.11+0.52+0.14 ms clock, 1.7+0.58/0.78/0.025+2.2 ms cpu, 3->4->1 MB, 4 MB goal, 0 MB stacks, 0 MB globals, 16 P
gc 14947 @59.207s 5%: 0.14+0.65+0.10 ms clock, 2.2+0.63/0.79/0+1.6 ms cpu, 3->4->2 MB, 4 MB goal, 0 MB stacks, 0 MB globals, 16 P
gc 14948 @59.209s 5%: 0.10+0.59+0.096 ms clock, 1.7+0.47/0.88/0+1.5 ms cpu, 3->4->1 MB, 4 MB goal, 0 MB stacks, 0 MB globals, 16 P
gc 14949 @59.210s 5%: 0.13+0.69+0.061 ms clock, 2.0+0.51/0.80/0.072+0.97 ms cpu, 3->4->2 MB, 4 MB goal, 0 MB stacks, 0 MB globals, 16 P
gc 14950 @59.212s 5%: 0.16+0.58+0.12 ms clock, 2.6+0.65/0.80/0.044+1.9 ms cpu, 3->4->2 MB, 4 MB goal, 0 MB stacks, 0 MB globals, 16 P
gc 14951 @59.214s 5%: 0.17+0.71+0.073 ms clock, 2.7+0.60/0.78/0+1.1 ms cpu, 3->4->2 MB, 4 MB goal, 0 MB stacks, 0 MB globals, 16 P
gc 14952 @59.216s 5%: 0.15+0.46+0.19 ms clock, 2.4+0.66/0.81/0.046+3.1 ms cpu, 3->4->1 MB, 4 MB goal, 0 MB stacks, 0 MB globals, 16 P
gc 14953 @59.217s 5%: 0.12+0.48+0.16 ms clock, 1.9+0.61/0.86/0.014+2.6 ms cpu, 3->4->2 MB, 4 MB goal, 0 MB stacks, 0 MB globals, 16 P
gc 14954 @59.219s 5%: 0.14+0.60+0.057 ms clock, 2.3+0.61/0.86/0+0.92 ms cpu, 3->4->1 MB, 4 MB goal, 0 MB stacks, 0 MB globals, 16 P
gc 14955 @59.221s 5%: 0.11+0.71+0.10 ms clock, 1.8+0.50/0.90/0.002+1.6 ms cpu, 3->4->2 MB, 4 MB goal, 0 MB stacks, 0 MB globals, 16 P
gc 14956 @59.223s 5%: 0.14+0.62+0.10 ms clock, 2.3+0.64/0.80/0+1.7 ms cpu, 3->4->2 MB, 4 MB goal, 0 MB stacks, 0 MB globals, 16 P
gc 14957 @59.225s 5%: 0.14+0.54+0.10 ms clock, 2.3+0.59/0.74/0.096+1.6 ms cpu, 3->4->1 MB, 4 MB goal, 0 MB stacks, 0 MB globals, 16 P
gc 14958 @59.226s 5%: 0.11+0.49+0.11 ms clock, 1.8+0.64/0.71/0.067+1.7 ms cpu, 3->4->1 MB, 4 MB goal, 0 MB stacks, 0 MB globals, 16 P
gc 14959 @59.228s 5%: 0.12+0.70+0.045 ms clock, 1.9+0.57/0.78/0.010+0.72 ms cpu, 3->4->1 MB, 4 MB goal, 0 MB stacks, 0 MB globals, 16 P
gc 14960 @59.229s 5%: 0.10+0.49+0.082 ms clock, 1.6+0.57/0.80/0+1.3 ms cpu, 3->4->1 MB, 4 MB goal, 0 MB stacks, 0 MB globals, 16 P
gc 14961 @59.231s 5%: 0.10+0.54+0.13 ms clock, 1.6+0.50/0.79/0.038+2.1 ms cpu, 3->3->1 MB, 4 MB goal, 0 MB stacks, 0 MB globals, 16 P
gc 14962 @59.232s 5%: 0.11+0.84+0.14 ms clock, 1.8+0.58/0.83/0+2.3 ms cpu, 3->4->2 MB, 4 MB goal, 0 MB stacks, 0 MB globals, 16 P
gc 14963 @59.234s 5%: 0.11+0.51+0.11 ms clock, 1.8+0.59/0.76/0+1.8 ms cpu, 3->4->1 MB, 4 MB goal, 0 MB stacks, 0 MB globals, 16 P
gc 14964 @59.236s 5%: 0.14+0.60+0.093 ms clock, 2.2+0.64/0.86/0.012+1.4 ms cpu, 3->4->2 MB, 4 MB goal, 0 MB stacks, 0 MB globals, 16 P
gc 14965 @59.237s 5%: 0.11+0.61+0.17 ms clock, 1.8+0.64/0.71/0+2.8 ms cpu, 3->4->2 MB, 4 MB goal, 0 MB stacks, 0 MB globals, 16 P
gc 14966 @59.239s 5%: 0.10+0.68+0.072 ms clock, 1.6+0.56/0.76/0+1.1 ms cpu, 3->4->1 MB, 4 MB goal, 0 MB stacks, 0 MB globals, 16 P
gc 14967 @59.241s 5%: 0.11+0.62+0.089 ms clock, 1.7+0.46/0.93/0.012+1.4 ms cpu, 3->4->1 MB, 4 MB goal, 0 MB stacks, 0 MB globals, 16 P
gc 14968 @59.243s 5%: 0.15+0.65+0.094 ms clock, 2.4+0.66/0.89/0+1.5 ms cpu, 3->4->2 MB, 4 MB goal, 0 MB stacks, 0 MB globals, 16 P
gc 14969 @59.244s 5%: 0.17+0.54+0.16 ms clock, 2.7+0.61/0.85/0+2.6 ms cpu, 3->4->2 MB, 4 MB goal, 0 MB stacks, 0 MB globals, 16 P
gc 14970 @59.246s 5%: 0.12+0.57+0.14 ms clock, 2.0+0.63/0.75/0+2.2 ms cpu, 3->4->1 MB, 4 MB goal, 0 MB stacks, 0 MB globals, 16 P
gc 14971 @59.248s 5%: 0.14+0.49+0.062 ms clock, 2.3+0.53/0.77/0+0.99 ms cpu, 3->4->1 MB, 4 MB goal, 0 MB stacks, 0 MB globals, 16 P
gc 14972 @59.249s 5%: 0.13+0.54+0.15 ms clock, 2.1+0.60/0.79/0+2.4 ms cpu, 3->4->1 MB, 4 MB goal, 0 MB stacks, 0 MB globals, 16 P
gc 14973 @59.251s 5%: 0.091+0.71+0.096 ms clock, 1.4+0.54/0.79/0+1.5 ms cpu, 3->4->2 MB, 4 MB goal, 0 MB stacks, 0 MB globals, 16 P
gc 14974 @59.253s 5%: 0.11+0.62+0.13 ms clock, 1.8+0.61/0.82/0.045+2.1 ms cpu, 3->4->1 MB, 4 MB goal, 0 MB stacks, 0 MB globals, 16 P
gc 14975 @59.254s 5%: 0.094+0.51+0.10 ms clock, 1.5+0.61/0.85/0+1.6 ms cpu, 3->4->1 MB, 4 MB goal, 0 MB stacks, 0 MB globals, 16 P
gc 14976 @59.256s 5%: 0.15+0.57+0.16 ms clock, 2.4+0.62/0.79/0+2.5 ms cpu, 3->4->2 MB, 4 MB goal, 0 MB stacks, 0 MB globals, 16 P
gc 14977 @59.258s 5%: 0.14+0.52+0.096 ms clock, 2.3+0.47/0.82/0.001+1.5 ms cpu, 3->4->1 MB, 4 MB goal, 0 MB stacks, 0 MB globals, 16 P
gc 14978 @59.259s 5%: 0.15+0.53+0.15 ms clock, 2.4+0.65/0.72/0+2.4 ms cpu, 3->4->2 MB, 4 MB goal, 0 MB stacks, 0 MB globals, 16 P
gc 14979 @59.261s 5%: 0.13+0.72+0.076 ms clock, 2.1+0.58/0.78/0.041+1.2 ms cpu, 3->4->2 MB, 4 MB goal, 0 MB stacks, 0 MB globals, 16 P
gc 14980 @59.263s 5%: 0.086+0.68+0.085 ms clock, 1.3+0.52/0.92/0+1.3 ms cpu, 3->4->2 MB, 4 MB goal, 0 MB stacks, 0 MB globals, 16 P
gc 14981 @59.265s 5%: 0.11+0.58+0.12 ms clock, 1.7+0.63/0.78/0+1.9 ms cpu, 3->4->1 MB, 4 MB goal, 0 MB stacks, 0 MB globals, 16 P
gc 14982 @59.266s 5%: 0.16+0.50+0.19 ms clock, 2.5+0.53/0.85/0+3.1 ms cpu, 3->4->1 MB, 4 MB goal, 0 MB stacks, 0 MB globals, 16 P
gc 14983 @59.268s 5%: 0.066+0.58+0.065 ms clock, 1.0+0.53/0.70/0.11+1.0 ms cpu, 3->4->1 MB, 4 MB goal, 0 MB stacks, 0 MB globals, 16 P
gc 14984 @59.270s 5%: 0.10+0.52+0.15 ms clock, 1.7+0.43/0.91/0+2.5 ms cpu, 3->4->1 MB, 4 MB goal, 0 MB stacks, 0 MB globals, 16 P
gc 14985 @59.271s 5%: 0.14+0.70+0.17 ms clock, 2.2+0.68/0.82/0+2.8 ms cpu, 3->4->2 MB, 4 MB goal, 0 MB stacks, 0 MB globals, 16 P
gc 14986 @59.273s 5%: 0.17+0.75+0.070 ms clock, 2.7+0.49/0.92/0.067+1.1 ms cpu, 3->4->2 MB, 4 MB goal, 0 MB stacks, 0 MB globals, 16 P
gc 14987 @59.275s 5%: 0.11+0.45+0.16 ms clock, 1.7+0.51/0.79/0+2.6 ms cpu, 3->4->1 MB, 4 MB goal, 0 MB stacks, 0 MB globals, 16 P
gc 14988 @59.276s 5%: 0.11+0.74+0.032 ms clock, 1.7+0.67/0.92/0+0.52 ms cpu, 3->4->2 MB, 4 MB goal, 0 MB stacks, 0 MB globals, 16 P
gc 14989 @59.278s 5%: 0.11+0.55+0.15 ms clock, 1.7+0.54/0.92/0+2.5 ms cpu, 3->4->1 MB, 4 MB goal, 0 MB stacks, 0 MB globals, 16 P
gc 14990 @59.280s 5%: 0.13+0.50+0.096 ms clock, 2.1+0.58/0.76/0+1.5 ms cpu, 3->4->1 MB, 4 MB goal, 0 MB stacks, 0 MB globals, 16 P
gc 14991 @59.281s 5%: 0.12+0.51+0.10 ms clock, 2.0+0.52/0.93/0.012+1.7 ms cpu, 3->4->1 MB, 4 MB goal, 0 MB stacks, 0 MB globals, 16 P
gc 14992 @59.283s 5%: 0.15+0.54+0.10 ms clock, 2.5+0.53/0.75/0+1.6 ms cpu, 3->4->2 MB, 4 MB goal, 0 MB stacks, 0 MB globals, 16 P
gc 14993 @59.285s 5%: 0.12+0.59+0.11 ms clock, 1.9+0.58/0.74/0.060+1.7 ms cpu, 3->4->1 MB, 4 MB goal, 0 MB stacks, 0 MB globals, 16 P
gc 14994 @59.286s 5%: 0.12+0.55+0.11 ms clock, 1.9+0.58/0.84/0+1.8 ms cpu, 3->4->1 MB, 4 MB goal, 0 MB stacks, 0 MB globals, 16 P
gc 14995 @59.288s 5%: 0.11+0.63+0.053 ms clock, 1.8+0.57/0.70/0+0.86 ms cpu, 3->4->1 MB, 4 MB goal, 0 MB stacks, 0 MB globals, 16 P
gc 14996 @59.290s 5%: 0.17+0.70+0.066 ms clock, 2.7+0.54/0.80/0.001+1.0 ms cpu, 3->4->2 MB, 4 MB goal, 0 MB stacks, 0 MB globals, 16 P
gc 14997 @59.291s 5%: 0.14+0.68+0.094 ms clock, 2.3+0.57/0.82/0+1.5 ms cpu, 3->4->2 MB, 4 MB goal, 0 MB stacks, 0 MB globals, 16 P
gc 14998 @59.293s 5%: 0.12+0.57+0.15 ms clock, 1.9+0.66/0.84/0+2.4 ms cpu, 3->4->2 MB, 4 MB goal, 0 MB stacks, 0 MB globals, 16 P
gc 14999 @59.295s 5%: 0.13+0.57+0.10 ms clock, 2.1+0.68/0.95/0.001+1.6 ms cpu, 3->4->1 MB, 4 MB goal, 0 MB stacks, 0 MB globals, 16 P
gc 15000 @59.297s 5%: 0.13+0.57+0.10 ms clock, 2.1+0.63/0.76/0+1.7 ms cpu, 3->4->1 MB, 4 MB goal, 0 MB stacks, 0 MB globals, 16 P
gc 15001 @59.298s 5%: 0.11+0.51+0.074 ms clock, 1.8+0.44/0.89/0+1.1 ms cpu, 3->4->1 MB, 4 MB goal, 0 MB stacks, 0 MB globals, 16 P
gc 15002 @59.300s 5%: 0.12+0.56+0.096 ms clock, 2.0+0.60/0.79/0.030+1.5 ms cpu, 3->4->2 MB, 4 MB goal, 0 MB stacks, 0 MB globals, 16 P
gc 15003 @59.301s 5%: 0.11+0.58+0.10 ms clock, 1.8+0.48/0.91/0+1.7 ms cpu, 3->4->1 MB, 4 MB goal, 0 MB stacks, 0 MB globals, 16 P
gc 15004 @59.303s 5%: 0.12+0.59+0.089 ms clock, 1.9+0.57/0.88/0.012+1.4 ms cpu, 3->4->1 MB, 4 MB goal, 0 MB stacks, 0 MB globals, 16 P
gc 15005 @59.305s 5%: 0.11+0.58+0.098 ms clock, 1.8+0.52/0.83/0.019+1.5 ms cpu, 3->4->1 MB, 4 MB goal, 0 MB stacks, 0 MB globals, 16 P
gc 15006 @59.306s 5%: 0.096+0.51+0.099 ms clock, 1.5+0.59/0.84/0.001+1.5 ms cpu, 3->4->1 MB, 4 MB goal, 0 MB stacks, 0 MB globals, 16 P
gc 15007 @59.308s 5%: 0.086+0.51+0.11 ms clock, 1.3+0.49/0.91/0.043+1.8 ms cpu, 3->4->1 MB, 4 MB goal, 0 MB stacks, 0 MB globals, 16 P
gc 15008 @59.309s 5%: 0.14+0.57+0.10 ms clock, 2.3+0.60/0.86/0.008+1.6 ms cpu, 3->4->2 MB, 4 MB goal, 0 MB stacks, 0 MB globals, 16 P
gc 15009 @59.311s 5%: 0.11+0.57+0.12 ms clock, 1.8+0.69/0.73/0+2.0 ms cpu, 3->4->2 MB, 4 MB goal, 0 MB stacks, 0 MB globals, 16 P
gc 15010 @59.313s 5%: 0.12+0.44+0.11 ms clock, 1.9+0.59/0.78/0.056+1.8 ms cpu, 3->4->1 MB, 4 MB goal, 0 MB stacks, 0 MB globals, 16 P
gc 15011 @59.314s 5%: 0.12+0.42+0.14 ms clock, 2.0+0.66/0.76/0+2.3 ms cpu, 3->4->1 MB, 4 MB goal, 0 MB stacks, 0 MB globals, 16 P
gc 15012 @59.316s 5%: 0.11+0.54+0.12 ms clock, 1.8+0.53/0.71/0+1.9 ms cpu, 3->3->1 MB, 4 MB goal, 0 MB stacks, 0 MB globals, 16 P
gc 15013 @59.317s 5%: 0.12+0.71+0.10 ms clock, 2.0+0.58/0.68/0.065+1.6 ms cpu, 3->4->2 MB, 4 MB goal, 0 MB stacks, 0 MB globals, 16 P
gc 15014 @59.319s 5%: 0.10+0.63+0.10 ms clock, 1.6+0.55/0.73/0.040+1.6 ms cpu, 3->4->1 MB, 4 MB goal, 0 MB stacks, 0 MB globals, 16 P
gc 15015 @59.321s 5%: 0.15+0.49+0.18 ms clock, 2.5+0.68/0.79/0+2.9 ms cpu, 3->4->1 MB, 4 MB goal, 0 MB stacks, 0 MB globals, 16 P
gc 15016 @59.322s 5%: 0.11+0.64+0.10 ms clock, 1.7+0.52/1.0/0.003+1.6 ms cpu, 3->4->2 MB, 4 MB goal, 0 MB stacks, 0 MB globals, 16 P
gc 15017 @59.324s 5%: 0.13+0.75+0.10 ms clock, 2.1+0.63/0.74/0+1.6 ms cpu, 3->4->2 MB, 4 MB goal, 0 MB stacks, 0 MB globals, 16 P
gc 15018 @59.326s 5%: 0.16+0.63+0.11 ms clock, 2.6+0.64/0.76/0.003+1.8 ms cpu, 3->4->2 MB, 4 MB goal, 0 MB stacks, 0 MB globals, 16 P
gc 15019 @59.328s 5%: 0.12+0.59+0.088 ms clock, 2.0+0.46/0.78/0+1.4 ms cpu, 3->4->1 MB, 4 MB goal, 0 MB stacks, 0 MB globals, 16 P
gc 15020 @59.329s 5%: 0.11+0.71+0.076 ms clock, 1.7+0.67/0.82/0.073+1.2 ms cpu, 3->4->2 MB, 4 MB goal, 0 MB stacks, 0 MB globals, 16 P
gc 15021 @59.331s 5%: 0.13+0.63+0.088 ms clock, 2.1+0.55/0.86/0+1.4 ms cpu, 3->4->2 MB, 4 MB goal, 0 MB stacks, 0 MB globals, 16 P
gc 15022 @59.333s 5%: 0.18+0.60+0.087 ms clock, 2.8+0.62/0.89/0.014+1.3 ms cpu, 3->4->2 MB, 4 MB goal, 0 MB stacks, 0 MB globals, 16 P
gc 15023 @59.335s 5%: 0.16+0.55+0.15 ms clock, 2.5+0.56/0.81/0.016+2.5 ms cpu, 3->4->2 MB, 4 MB goal, 0 MB stacks, 0 MB globals, 16 P
gc 15024 @59.337s 5%: 0.14+0.54+0.078 ms clock, 2.3+0.63/0.93/0+1.2 ms cpu, 3->4->1 MB, 4 MB goal, 0 MB stacks, 0 MB globals, 16 P
gc 15025 @59.338s 5%: 0.13+0.87+0.095 ms clock, 2.0+0.67/0.88/0.005+1.5 ms cpu, 3->4->2 MB, 4 MB goal, 0 MB stacks, 0 MB globals, 16 P
gc 15026 @59.340s 5%: 0.10+0.65+0.10 ms clock, 1.7+0.49/0.84/0.002+1.6 ms cpu, 4->4->2 MB, 4 MB goal, 0 MB stacks, 0 MB globals, 16 P
gc 15027 @59.342s 5%: 0.12+0.42+0.12 ms clock, 1.9+0.45/0.81/0.064+2.0 ms cpu, 3->4->1 MB, 4 MB goal, 0 MB stacks, 0 MB globals, 16 P
gc 15028 @59.344s 5%: 0.15+0.70+0.063 ms clock, 2.4+0.71/0.84/0+1.0 ms cpu, 3->4->2 MB, 4 MB goal, 0 MB stacks, 0 MB globals, 16 P
gc 15029 @59.345s 5%: 0.14+0.47+0.097 ms clock, 2.3+0.68/0.76/0+1.5 ms cpu, 3->4->1 MB, 4 MB goal, 0 MB stacks, 0 MB globals, 16 P
gc 15030 @59.347s 5%: 0.10+0.66+0.078 ms clock, 1.6+0.59/0.87/0.005+1.2 ms cpu, 3->4->2 MB, 4 MB goal, 0 MB stacks, 0 MB globals, 16 P
gc 15031 @59.349s 5%: 0.12+0.48+0.11 ms clock, 2.0+0.64/0.76/0+1.8 ms cpu, 3->4->1 MB, 4 MB goal, 0 MB stacks, 0 MB globals, 16 P
gc 15032 @59.350s 5%: 0.13+0.53+0.10 ms clock, 2.0+0.61/0.81/0+1.6 ms cpu, 3->4->1 MB, 4 MB goal, 0 MB stacks, 0 MB globals, 16 P
gc 15033 @59.352s 5%: 0.11+0.58+0.13 ms clock, 1.8+0.53/0.73/0.021+2.1 ms cpu, 3->4->2 MB, 4 MB goal, 0 MB stacks, 0 MB globals, 16 P
gc 15034 @59.354s 5%: 0.11+0.48+0.12 ms clock, 1.7+0.50/0.78/0.022+1.9 ms cpu, 3->4->1 MB, 4 MB goal, 0 MB stacks, 0 MB globals, 16 P
gc 15035 @59.355s 5%: 0.11+0.59+0.058 ms clock, 1.8+0.67/0.75/0+0.94 ms cpu, 3->4->1 MB, 4 MB goal, 0 MB stacks, 0 MB globals, 16 P
gc 15036 @59.357s 5%: 0.11+0.51+0.16 ms clock, 1.8+0.52/0.86/0.001+2.6 ms cpu, 3->4->1 MB, 4 MB goal, 0 MB stacks, 0 MB globals, 16 P
gc 15037 @59.358s 5%: 0.093+0.71+0.099 ms clock, 1.4+0.55/0.84/0+1.5 ms cpu, 3->4->2 MB, 4 MB goal, 0 MB stacks, 0 MB globals, 16 P
gc 15038 @59.360s 5%: 0.15+0.62+0.17 ms clock, 2.5+0.61/0.82/0+2.8 ms cpu, 3->4->2 MB, 4 MB goal, 0 MB stacks, 0 MB globals, 16 P
gc 15039 @59.362s 5%: 0.12+0.64+0.095 ms clock, 1.9+0.50/0.90/0.001+1.5 ms cpu, 3->4->2 MB, 4 MB goal, 0 MB stacks, 0 MB globals, 16 P
gc 15040 @59.364s 5%: 0.11+0.52+0.12 ms clock, 1.8+0.55/0.84/0+1.9 ms cpu, 3->4->2 MB, 4 MB goal, 0 MB stacks, 0 MB globals, 16 P
gc 15041 @59.365s 5%: 0.15+0.54+0.096 ms clock, 2.4+0.58/0.90/0+1.5 ms cpu, 3->4->1 MB, 4 MB goal, 0 MB stacks, 0 MB globals, 16 P
gc 15042 @59.367s 5%: 0.060+0.45+0.12 ms clock, 0.96+0.46/0.85/0+2.0 ms cpu, 3->4->1 MB, 4 MB goal, 0 MB stacks, 0 MB globals, 16 P
gc 15043 @59.368s 5%: 0.11+0.46+0.12 ms clock, 1.7+0.66/0.84/0+1.9 ms cpu, 3->3->1 MB, 4 MB goal, 0 MB stacks, 0 MB globals, 16 P
gc 15044 @59.370s 5%: 0.25+0.68+0.10 ms clock, 4.0+0.57/1.0/0+1.7 ms cpu, 3->4->2 MB, 4 MB goal, 0 MB stacks, 0 MB globals, 16 P
gc 15045 @59.372s 5%: 0.092+0.62+0.10 ms clock, 1.4+0.45/0.82/0.061+1.6 ms cpu, 4->4->1 MB, 4 MB goal, 0 MB stacks, 0 MB globals, 16 P
gc 15046 @59.374s 5%: 0.13+0.72+0.12 ms clock, 2.1+0.51/0.90/0.005+2.0 ms cpu, 3->4->2 MB, 4 MB goal, 0 MB stacks, 0 MB globals, 16 P
gc 15047 @59.376s 5%: 0.11+0.50+0.098 ms clock, 1.7+0.60/0.71/0.028+1.5 ms cpu, 3->4->1 MB, 4 MB goal, 0 MB stacks, 0 MB globals, 16 P
gc 15048 @59.377s 5%: 0.14+0.53+0.095 ms clock, 2.3+0.65/0.82/0+1.5 ms cpu, 3->4->1 MB, 4 MB goal, 0 MB stacks, 0 MB globals, 16 P
gc 15049 @59.379s 5%: 0.12+0.69+0.11 ms clock, 2.0+0.68/0.98/0.001+1.8 ms cpu, 3->4->2 MB, 4 MB goal, 0 MB stacks, 0 MB globals, 16 P
gc 15050 @59.381s 5%: 0.19+0.57+0.091 ms clock, 3.1+0.74/0.78/0+1.4 ms cpu, 3->4->2 MB, 4 MB goal, 0 MB stacks, 0 MB globals, 16 P
gc 15051 @59.382s 5%: 0.14+0.61+0.072 ms clock, 2.2+0.51/0.71/0.027+1.1 ms cpu, 3->4->1 MB, 4 MB goal, 0 MB stacks, 0 MB globals, 16 P
gc 15052 @59.384s 5%: 0.10+0.69+0.040 ms clock, 1.7+0.60/0.81/0.008+0.65 ms cpu, 3->4->2 MB, 4 MB goal, 0 MB stacks, 0 MB globals, 16 P
gc 15053 @59.386s 5%: 0.12+0.57+0.14 ms clock, 1.9+0.64/0.89/0+2.3 ms cpu, 3->4->1 MB, 4 MB goal, 0 MB stacks, 0 MB globals, 16 P
gc 15054 @59.387s 5%: 0.13+0.48+0.12 ms clock, 2.1+0.53/0.91/0.006+2.0 ms cpu, 3->4->1 MB, 4 MB goal, 0 MB stacks, 0 MB globals, 16 P
gc 15055 @59.389s 5%: 0.10+0.54+0.092 ms clock, 1.7+0.61/0.89/0.064+1.4 ms cpu, 3->4->1 MB, 4 MB goal, 0 MB stacks, 0 MB globals, 16 P
gc 15056 @59.390s 5%: 0.12+0.76+0.074 ms clock, 1.9+0.45/0.97/0.056+1.1 ms cpu, 3->4->2 MB, 4 MB goal, 0 MB stacks, 0 MB globals, 16 P
gc 15057 @59.392s 5%: 0.11+0.41+0.15 ms clock, 1.8+0.42/0.79/0.053+2.4 ms cpu, 3->4->1 MB, 4 MB goal, 0 MB stacks, 0 MB globals, 16 P
gc 15058 @59.394s 5%: 0.10+0.71+0.095 ms clock, 1.7+0.57/0.94/0.069+1.5 ms cpu, 3->4->2 MB, 4 MB goal, 0 MB stacks, 0 MB globals, 16 P
gc 15059 @59.395s 5%: 0.12+0.49+0.12 ms clock, 2.0+0.50/0.83/0+1.9 ms cpu, 3->4->1 MB, 4 MB goal, 0 MB stacks, 0 MB globals, 16 P
gc 15060 @59.397s 5%: 0.15+0.64+0.095 ms clock, 2.4+0.83/0.70/0+1.5 ms cpu, 3->4->2 MB, 4 MB goal, 0 MB stacks, 0 MB globals, 16 P
gc 15061 @59.399s 5%: 0.12+0.50+0.15 ms clock, 2.0+0.48/0.87/0.052+2.5 ms cpu, 3->4->1 MB, 4 MB goal, 0 MB stacks, 0 MB globals, 16 P
gc 15062 @59.401s 5%: 0.11+0.70+0.072 ms clock, 1.9+0.50/0.88/0.007+1.1 ms cpu, 3->4->1 MB, 4 MB goal, 0 MB stacks, 0 MB globals, 16 P
gc 15063 @59.402s 5%: 0.12+0.69+0.10 ms clock, 1.9+0.72/0.80/0.028+1.6 ms cpu, 3->4->2 MB, 4 MB goal, 0 MB stacks, 0 MB globals, 16 P
gc 15064 @59.404s 5%: 0.12+0.55+0.074 ms clock, 1.9+0.58/0.80/0+1.1 ms cpu, 3->4->1 MB, 4 MB goal, 0 MB stacks, 0 MB globals, 16 P
gc 15065 @59.406s 5%: 0.14+0.44+0.12 ms clock, 2.2+0.56/0.78/0.048+2.0 ms cpu, 3->3->1 MB, 4 MB goal, 0 MB stacks, 0 MB globals, 16 P
gc 15066 @59.407s 5%: 0.12+0.58+0.092 ms clock, 1.9+0.69/0.99/0.017+1.4 ms cpu, 3->4->2 MB, 4 MB goal, 0 MB stacks, 0 MB globals, 16 P
gc 15067 @59.409s 5%: 0.13+0.72+0.099 ms clock, 2.1+0.68/0.78/0.011+1.5 ms cpu, 3->4->2 MB, 4 MB goal, 0 MB stacks, 0 MB globals, 16 P
gc 15068 @59.411s 5%: 0.12+0.57+0.091 ms clock, 1.9+0.70/0.81/0+1.4 ms cpu, 3->4->2 MB, 4 MB goal, 0 MB stacks, 0 MB globals, 16 P
gc 15069 @59.413s 5%: 0.089+0.53+0.11 ms clock, 1.4+0.63/0.85/0.025+1.9 ms cpu, 3->4->1 MB, 4 MB goal, 0 MB stacks, 0 MB globals, 16 P
gc 15070 @59.414s 5%: 0.11+0.54+0.11 ms clock, 1.7+0.55/0.84/0.022+1.7 ms cpu, 3->4->1 MB, 4 MB goal, 0 MB stacks, 0 MB globals, 16 P
gc 15071 @59.416s 5%: 0.12+0.59+0.077 ms clock, 1.9+0.60/0.89/0.009+1.2 ms cpu, 3->4->2 MB, 4 MB goal, 0 MB stacks, 0 MB globals, 16 P
gc 15072 @59.417s 5%: 0.12+0.58+0.12 ms clock, 2.0+0.58/0.91/0+1.9 ms cpu, 3->4->2 MB, 4 MB goal, 0 MB stacks, 0 MB globals, 16 P
gc 15073 @59.419s 5%: 0.17+0.51+0.11 ms clock, 2.7+0.57/0.96/0+1.7 ms cpu, 3->4->1 MB, 4 MB goal, 0 MB stacks, 0 MB globals, 16 P
gc 15074 @59.421s 5%: 0.17+0.70+0.10 ms clock, 2.8+0.59/0.83/0+1.6 ms cpu, 3->4->2 MB, 4 MB goal, 0 MB stacks, 0 MB globals, 16 P
gc 15075 @59.423s 5%: 0.15+0.53+0.17 ms clock, 2.5+0.63/0.76/0.010+2.8 ms cpu, 4->4->1 MB, 4 MB goal, 0 MB stacks, 0 MB globals, 16 P
gc 15076 @59.425s 5%: 0.15+0.54+0.071 ms clock, 2.5+0.56/0.85/0+1.1 ms cpu, 3->4->1 MB, 4 MB goal, 0 MB stacks, 0 MB globals, 16 P
gc 15077 @59.426s 5%: 0.13+0.55+0.14 ms clock, 2.0+0.52/0.87/0+2.3 ms cpu, 3->4->1 MB, 4 MB goal, 0 MB stacks, 0 MB globals, 16 P
gc 15078 @59.428s 5%: 0.11+0.55+0.13 ms clock, 1.9+0.60/0.79/0.066+2.1 ms cpu, 3->4->1 MB, 4 MB goal, 0 MB stacks, 0 MB globals, 16 P
gc 15079 @59.429s 5%: 0.17+0.51+0.093 ms clock, 2.8+0.53/0.89/0.049+1.4 ms cpu, 3->4->1 MB, 4 MB goal, 0 MB stacks, 0 MB globals, 16 P
gc 15080 @59.431s 5%: 0.14+0.61+0.16 ms clock, 2.3+0.61/0.89/0+2.6 ms cpu, 3->4->2 MB, 4 MB goal, 0 MB stacks, 0 MB globals, 16 P
gc 15081 @59.433s 5%: 0.14+0.51+0.13 ms clock, 2.3+0.59/0.83/0+2.2 ms cpu, 3->4->1 MB, 4 MB goal, 0 MB stacks, 0 MB globals, 16 P
gc 15082 @59.434s 5%: 0.089+0.65+0.087 ms clock, 1.4+0.46/0.91/0.020+1.4 ms cpu, 3->4->2 MB, 4 MB goal, 0 MB stacks, 0 MB globals, 16 P
gc 15083 @59.436s 5%: 0.13+0.63+0.084 ms clock, 2.1+0.58/0.81/0+1.3 ms cpu, 3->4->1 MB, 4 MB goal, 0 MB stacks, 0 MB globals, 16 P
gc 15084 @59.438s 5%: 0.14+0.59+0.086 ms clock, 2.3+0.56/0.89/0+1.3 ms cpu, 3->4->2 MB, 4 MB goal, 0 MB stacks, 0 MB globals, 16 P
gc 15085 @59.440s 5%: 0.12+0.56+0.13 ms clock, 2.0+0.65/0.84/0+2.1 ms cpu, 3->4->2 MB, 4 MB goal, 0 MB stacks, 0 MB globals, 16 P
gc 15086 @59.441s 5%: 0.14+0.45+0.095 ms clock, 2.3+0.70/0.84/0.003+1.5 ms cpu, 3->4->1 MB, 4 MB goal, 0 MB stacks, 0 MB globals, 16 P
gc 15087 @59.443s 5%: 0.16+0.51+0.10 ms clock, 2.6+0.61/0.83/0+1.6 ms cpu, 3->4->1 MB, 4 MB goal, 0 MB stacks, 0 MB globals, 16 P
gc 15088 @59.444s 5%: 0.17+0.71+0.11 ms clock, 2.7+0.66/0.91/0.006+1.7 ms cpu, 3->4->2 MB, 4 MB goal, 0 MB stacks, 0 MB globals, 16 P
gc 15089 @59.446s 5%: 0.12+0.56+0.10 ms clock, 2.0+0.56/0.88/0+1.6 ms cpu, 3->4->2 MB, 4 MB goal, 0 MB stacks, 0 MB globals, 16 P
gc 15090 @59.448s 5%: 0.17+0.74+0.095 ms clock, 2.8+0.69/0.83/0+1.5 ms cpu, 3->4->2 MB, 4 MB goal, 0 MB stacks, 0 MB globals, 16 P
gc 15091 @59.450s 5%: 0.13+0.68+0.095 ms clock, 2.1+0.45/0.87/0.015+1.5 ms cpu, 3->4->2 MB, 4 MB goal, 0 MB stacks, 0 MB globals, 16 P
gc 15092 @59.452s 5%: 0.11+0.64+0.083 ms clock, 1.8+0.66/0.83/0.050+1.3 ms cpu, 3->4->2 MB, 4 MB goal, 0 MB stacks, 0 MB globals, 16 P
gc 15093 @59.454s 5%: 0.10+0.56+0.094 ms clock, 1.7+0.49/0.80/0.022+1.5 ms cpu, 3->4->1 MB, 4 MB goal, 0 MB stacks, 0 MB globals, 16 P
gc 15094 @59.455s 5%: 0.13+0.55+0.10 ms clock, 2.2+0.53/0.78/0.021+1.6 ms cpu, 3->4->1 MB, 4 MB goal, 0 MB stacks, 0 MB globals, 16 P
gc 15095 @59.457s 5%: 0.13+0.61+0.12 ms clock, 2.2+0.69/0.75/0+2.0 ms cpu, 3->4->2 MB, 4 MB goal, 0 MB stacks, 0 MB globals, 16 P
gc 15096 @59.459s 5%: 0.12+0.61+0.16 ms clock, 2.0+0.60/0.81/0+2.6 ms cpu, 3->4->1 MB, 4 MB goal, 0 MB stacks, 0 MB globals, 16 P
gc 15097 @59.460s 5%: 0.14+0.61+0.10 ms clock, 2.3+0.51/0.87/0+1.6 ms cpu, 3->4->2 MB, 4 MB goal, 0 MB stacks, 0 MB globals, 16 P
gc 15098 @59.462s 5%: 0.11+0.47+0.12 ms clock, 1.8+0.51/0.91/0+2.0 ms cpu, 3->4->1 MB, 4 MB goal, 0 MB stacks, 0 MB globals, 16 P
gc 15099 @59.464s 5%: 0.15+0.52+0.19 ms clock, 2.4+0.64/0.88/0.022+3.0 ms cpu, 3->4->2 MB, 4 MB goal, 0 MB stacks, 0 MB globals, 16 P
gc 15100 @59.465s 5%: 0.083+0.55+0.081 ms clock, 1.3+0.45/0.82/0+1.3 ms cpu, 3->4->1 MB, 4 MB goal, 0 MB stacks, 0 MB globals, 16 P
gc 15101 @59.467s 5%: 0.12+0.43+0.082 ms clock, 1.9+0.63/0.74/0.003+1.3 ms cpu, 3->4->1 MB, 4 MB goal, 0 MB stacks, 0 MB globals, 16 P
gc 15102 @59.468s 5%: 0.10+0.79+0.049 ms clock, 1.7+0.58/0.92/0+0.79 ms cpu, 3->4->2 MB, 4 MB goal, 0 MB stacks, 0 MB globals, 16 P
gc 15103 @59.470s 5%: 0.14+0.50+0.081 ms clock, 2.3+0.67/0.67/0+1.3 ms cpu, 3->4->1 MB, 4 MB goal, 0 MB stacks, 0 MB globals, 16 P
gc 15104 @59.472s 5%: 0.17+0.47+0.18 ms clock, 2.8+0.58/0.78/0.002+2.9 ms cpu, 3->4->1 MB, 4 MB goal, 0 MB stacks, 0 MB globals, 16 P
gc 15105 @59.474s 5%: 0.13+0.75+0.071 ms clock, 2.2+0.51/0.80/0+1.1 ms cpu, 3->4->2 MB, 4 MB goal, 0 MB stacks, 0 MB globals, 16 P
gc 15106 @59.475s 5%: 0.11+0.72+0.080 ms clock, 1.8+0.50/0.93/0+1.2 ms cpu, 4->4->2 MB, 4 MB goal, 0 MB stacks, 0 MB globals, 16 P
gc 15107 @59.477s 5%: 0.11+0.70+0.068 ms clock, 1.8+0.47/0.88/0.012+1.0 ms cpu, 3->4->2 MB, 4 MB goal, 0 MB stacks, 0 MB globals, 16 P
gc 15108 @59.479s 5%: 0.18+0.51+0.11 ms clock, 2.9+0.59/0.81/0.002+1.8 ms cpu, 3->4->2 MB, 4 MB goal, 0 MB stacks, 0 MB globals, 16 P
gc 15109 @59.481s 5%: 0.12+0.74+0.10 ms clock, 1.9+0.60/0.96/0.043+1.6 ms cpu, 3->4->2 MB, 4 MB goal, 0 MB stacks, 0 MB globals, 16 P
gc 15110 @59.483s 5%: 0.13+0.51+0.17 ms clock, 2.1+0.79/0.67/0+2.8 ms cpu, 3->4->1 MB, 4 MB goal, 0 MB stacks, 0 MB globals, 16 P
gc 15111 @59.484s 5%: 0.11+0.50+0.088 ms clock, 1.9+0.64/0.71/0+1.4 ms cpu, 3->4->1 MB, 4 MB goal, 0 MB stacks, 0 MB globals, 16 P
gc 15112 @59.486s 5%: 0.16+0.54+0.10 ms clock, 2.6+0.64/0.76/0.008+1.7 ms cpu, 3->4->1 MB, 4 MB goal, 0 MB stacks, 0 MB globals, 16 P
gc 15113 @59.487s 5%: 0.10+0.62+0.089 ms clock, 1.7+0.55/0.93/0.011+1.4 ms cpu, 3->4->1 MB, 4 MB goal, 0 MB stacks, 0 MB globals, 16 P
gc 15114 @59.489s 5%: 0.12+0.68+0.12 ms clock, 2.0+0.60/0.85/0+1.9 ms cpu, 3->4->2 MB, 4 MB goal, 0 MB stacks, 0 MB globals, 16 P
gc 15115 @59.491s 5%: 0.10+0.57+0.064 ms clock, 1.7+0.61/0.77/0+1.0 ms cpu, 3->4->1 MB, 4 MB goal, 0 MB stacks, 0 MB globals, 16 P
gc 15116 @59.493s 5%: 0.17+0.68+0.082 ms clock, 2.8+0.64/0.79/0+1.3 ms cpu, 3->4->1 MB, 4 MB goal, 0 MB stacks, 0 MB globals, 16 P
gc 15117 @59.495s 5%: 0.13+0.64+0.099 ms clock, 2.1+0.55/0.90/0.072+1.5 ms cpu, 3->4->2 MB, 4 MB goal, 0 MB stacks, 0 MB globals, 16 P
gc 15118 @59.496s 5%: 0.11+0.53+0.15 ms clock, 1.8+0.61/0.80/0+2.4 ms cpu, 3->4->1 MB, 4 MB goal, 0 MB stacks, 0 MB globals, 16 P
gc 15119 @59.498s 5%: 0.15+0.54+0.088 ms clock, 2.4+0.66/0.96/0+1.4 ms cpu, 3->4->1 MB, 4 MB goal, 0 MB stacks, 0 MB globals, 16 P
gc 15120 @59.500s 5%: 0.10+0.76+0.058 ms clock, 1.6+0.54/0.83/0.011+0.92 ms cpu, 3->4->2 MB, 4 MB goal, 0 MB stacks, 0 MB globals, 16 P
gc 15121 @59.502s 5%: 0.15+0.69+0.089 ms clock, 2.4+0.73/0.80/0.021+1.4 ms cpu, 3->4->2 MB, 4 MB goal, 0 MB stacks, 0 MB globals, 16 P
gc 15122 @59.503s 5%: 0.11+0.60+0.10 ms clock, 1.8+0.45/0.97/0.024+1.6 ms cpu, 3->4->1 MB, 4 MB goal, 0 MB stacks, 0 MB globals, 16 P
gc 15123 @59.505s 5%: 0.19+0.51+0.18 ms clock, 3.1+0.62/0.93/0+2.8 ms cpu, 3->4->1 MB, 4 MB goal, 0 MB stacks, 0 MB globals, 16 P
gc 15124 @59.507s 5%: 0.11+0.70+0.10 ms clock, 1.7+0.57/1.0/0+1.6 ms cpu, 3->4->2 MB, 4 MB goal, 0 MB stacks, 0 MB globals, 16 P
gc 15125 @59.508s 5%: 0.12+0.61+0.099 ms clock, 2.0+0.64/0.78/0+1.5 ms cpu, 3->4->2 MB, 4 MB goal, 0 MB stacks, 0 MB globals, 16 P
gc 15126 @59.510s 5%: 0.13+0.60+0.10 ms clock, 2.2+0.54/1.0/0.060+1.6 ms cpu, 3->4->2 MB, 4 MB goal, 0 MB stacks, 0 MB globals, 16 P
gc 15127 @59.512s 5%: 0.12+0.94+0.051 ms clock, 2.0+0.54/0.85/0+0.81 ms cpu, 3->4->2 MB, 4 MB goal, 0 MB stacks, 0 MB globals, 16 P
gc 15128 @59.514s 5%: 0.10+0.58+0.10 ms clock, 1.6+0.54/0.88/0.011+1.6 ms cpu, 3->4->1 MB, 4 MB goal, 0 MB stacks, 0 MB globals, 16 P
gc 15129 @59.516s 5%: 0.11+0.60+0.11 ms clock, 1.8+0.51/0.86/0+1.9 ms cpu, 3->4->1 MB, 4 MB goal, 0 MB stacks, 0 MB globals, 16 P
gc 15130 @59.517s 5%: 0.11+0.60+0.13 ms clock, 1.8+0.56/0.78/0.009+2.1 ms cpu, 3->4->1 MB, 4 MB goal, 0 MB stacks, 0 MB globals, 16 P
gc 15131 @59.519s 5%: 0.094+0.52+0.10 ms clock, 1.5+0.53/0.67/0.17+1.7 ms cpu, 3->4->1 MB, 4 MB goal, 0 MB stacks, 0 MB globals, 16 P
gc 15132 @59.521s 5%: 0.089+0.75+0.080 ms clock, 1.4+0.58/0.88/0+1.2 ms cpu, 3->4->2 MB, 4 MB goal, 0 MB stacks, 0 MB globals, 16 P
gc 15133 @59.523s 5%: 0.16+0.42+0.089 ms clock, 2.5+0.49/0.84/0+1.4 ms cpu, 4->4->1 MB, 4 MB goal, 0 MB stacks, 0 MB globals, 16 P
gc 15134 @59.524s 5%: 0.10+0.47+0.12 ms clock, 1.7+0.63/0.72/0.021+1.9 ms cpu, 3->4->1 MB, 4 MB goal, 0 MB stacks, 0 MB globals, 16 P
gc 15135 @59.526s 5%: 0.11+0.64+0.085 ms clock, 1.7+0.46/0.90/0+1.3 ms cpu, 3->4->2 MB, 4 MB goal, 0 MB stacks, 0 MB globals, 16 P
gc 15136 @59.527s 5%: 0.11+0.52+0.11 ms clock, 1.8+0.67/0.84/0+1.8 ms cpu, 3->4->1 MB, 4 MB goal, 0 MB stacks, 0 MB globals, 16 P
gc 15137 @59.529s 5%: 0.13+0.71+0.10 ms clock, 2.1+0.63/0.77/0+1.6 ms cpu, 3->4->2 MB, 4 MB goal, 0 MB stacks, 0 MB globals, 16 P
gc 15138 @59.531s 5%: 0.15+0.56+0.13 ms clock, 2.4+0.62/0.81/0+2.1 ms cpu, 3->4->2 MB, 4 MB goal, 0 MB stacks, 0 MB globals, 16 P
gc 15139 @59.532s 5%: 0.14+0.54+0.077 ms clock, 2.2+0.51/0.87/0+1.2 ms cpu, 3->4->1 MB, 4 MB goal, 0 MB stacks, 0 MB globals, 16 P
gc 15140 @59.534s 5%: 0.17+0.49+0.18 ms clock, 2.7+0.69/0.72/0.021+3.0 ms cpu, 3->4->1 MB, 4 MB goal, 0 MB stacks, 0 MB globals, 16 P
gc 15141 @59.536s 5%: 0.11+0.60+0.10 ms clock, 1.8+0.62/0.89/0+1.7 ms cpu, 3->4->1 MB, 4 MB goal, 0 MB stacks, 0 MB globals, 16 P
gc 15142 @59.537s 5%: 0.12+0.45+0.17 ms clock, 1.9+0.65/0.76/0+2.8 ms cpu, 3->4->1 MB, 4 MB goal, 0 MB stacks, 0 MB globals, 16 P
gc 15143 @59.539s 5%: 0.11+0.52+0.14 ms clock, 1.7+0.56/0.74/0+2.2 ms cpu, 3->4->1 MB, 4 MB goal, 0 MB stacks, 0 MB globals, 16 P
gc 15144 @59.541s 5%: 0.11+0.56+0.11 ms clock, 1.9+0.66/0.89/0.005+1.9 ms cpu, 3->4->1 MB, 4 MB goal, 0 MB stacks, 0 MB globals, 16 P
gc 15145 @59.542s 5%: 0.11+0.47+0.16 ms clock, 1.8+0.50/0.79/0+2.6 ms cpu, 3->4->1 MB, 4 MB goal, 0 MB stacks, 0 MB globals, 16 P
gc 15146 @59.544s 5%: 0.13+0.65+0.14 ms clock, 2.1+0.52/0.84/0+2.3 ms cpu, 3->4->2 MB, 4 MB goal, 0 MB stacks, 0 MB globals, 16 P
gc 15147 @59.546s 5%: 0.075+0.61+0.12 ms clock, 1.2+0.50/0.84/0.001+1.9 ms cpu, 3->4->2 MB, 4 MB goal, 0 MB stacks, 0 MB globals, 16 P
gc 15148 @59.547s 5%: 0.093+0.55+0.083 ms clock, 1.4+0.48/0.89/0+1.3 ms cpu, 3->4->1 MB, 4 MB goal, 0 MB stacks, 0 MB globals, 16 P
gc 15149 @59.549s 5%: 0.13+0.53+0.066 ms clock, 2.2+0.72/0.76/0+1.0 ms cpu, 3->4->1 MB, 4 MB goal, 0 MB stacks, 0 MB globals, 16 P
gc 15150 @59.551s 5%: 0.12+0.67+0.086 ms clock, 2.0+0.54/0.84/0+1.3 ms cpu, 3->4->2 MB, 4 MB goal, 0 MB stacks, 0 MB globals, 16 P
gc 15151 @59.552s 5%: 0.10+0.45+0.15 ms clock, 1.7+0.60/0.78/0+2.4 ms cpu, 3->4->1 MB, 4 MB goal, 0 MB stacks, 0 MB globals, 16 P
gc 15152 @59.554s 5%: 0.11+0.53+0.15 ms clock, 1.7+0.58/0.88/0+2.5 ms cpu, 3->4->1 MB, 4 MB goal, 0 MB stacks, 0 MB globals, 16 P
gc 15153 @59.555s 5%: 0.16+0.52+0.073 ms clock, 2.6+0.64/0.79/0.030+1.1 ms cpu, 3->4->1 MB, 4 MB goal, 0 MB stacks, 0 MB globals, 16 P
gc 15154 @59.557s 5%: 0.10+0.62+0.095 ms clock, 1.6+0.51/0.81/0+1.5 ms cpu, 3->4->1 MB, 4 MB goal, 0 MB stacks, 0 MB globals, 16 P
gc 15155 @59.558s 5%: 0.11+0.72+0.087 ms clock, 1.8+0.62/0.94/0+1.4 ms cpu, 3->4->2 MB, 4 MB goal, 0 MB stacks, 0 MB globals, 16 P
gc 15156 @59.560s 5%: 0.15+0.53+0.099 ms clock, 2.5+0.52/0.83/0+1.5 ms cpu, 3->4->1 MB, 4 MB goal, 0 MB stacks, 0 MB globals, 16 P
gc 15157 @59.562s 5%: 0.13+0.59+0.084 ms clock, 2.2+0.51/0.90/0+1.3 ms cpu, 3->4->1 MB, 4 MB goal, 0 MB stacks, 0 MB globals, 16 P
gc 15158 @59.563s 5%: 0.098+0.50+0.078 ms clock, 1.5+0.60/0.76/0.017+1.2 ms cpu, 3->4->1 MB, 4 MB goal, 0 MB stacks, 0 MB globals, 16 P
gc 15159 @59.565s 5%: 0.12+0.46+0.18 ms clock, 1.9+0.64/0.75/0.013+2.9 ms cpu, 3->3->1 MB, 4 MB goal, 0 MB stacks, 0 MB globals, 16 P
gc 15160 @59.566s 5%: 0.19+0.50+0.097 ms clock, 3.1+0.64/0.78/0+1.5 ms cpu, 3->4->1 MB, 4 MB goal, 0 MB stacks, 0 MB globals, 16 P
gc 15161 @59.568s 5%: 0.11+0.70+0.087 ms clock, 1.7+0.55/1.0/0+1.4 ms cpu, 3->4->2 MB, 4 MB goal, 0 MB stacks, 0 MB globals, 16 P
gc 15162 @59.570s 5%: 0.11+0.57+0.099 ms clock, 1.8+0.53/0.91/0.033+1.5 ms cpu, 3->4->1 MB, 4 MB goal, 0 MB stacks, 0 MB globals, 16 P
gc 15163 @59.572s 5%: 0.13+0.70+0.10 ms clock, 2.1+0.61/0.99/0+1.6 ms cpu, 3->4->2 MB, 4 MB goal, 0 MB stacks, 0 MB globals, 16 P
gc 15164 @59.573s 5%: 0.11+0.55+0.089 ms clock, 1.7+0.58/0.75/0+1.4 ms cpu, 3->4->1 MB, 4 MB goal, 0 MB stacks, 0 MB globals, 16 P
gc 15165 @59.575s 5%: 0.12+0.49+0.099 ms clock, 1.9+0.61/0.83/0+1.5 ms cpu, 3->4->1 MB, 4 MB goal, 0 MB stacks, 0 MB globals, 16 P
gc 15166 @59.577s 5%: 0.12+0.88+0.092 ms clock, 1.9+0.61/0.84/0+1.4 ms cpu, 3->4->2 MB, 4 MB goal, 0 MB stacks, 0 MB globals, 16 P
gc 15167 @59.579s 5%: 0.13+0.75+0.097 ms clock, 2.0+0.65/0.95/0+1.5 ms cpu, 3->4->2 MB, 4 MB goal, 0 MB stacks, 0 MB globals, 16 P
gc 15168 @59.581s 5%: 0.11+0.61+0.057 ms clock, 1.7+0.58/0.87/0+0.92 ms cpu, 3->4->1 MB, 4 MB goal, 0 MB stacks, 0 MB globals, 16 P
gc 15169 @59.582s 5%: 0.11+0.56+0.10 ms clock, 1.7+0.72/0.92/0+1.6 ms cpu, 3->4->1 MB, 4 MB goal, 0 MB stacks, 0 MB globals, 16 P
gc 15170 @59.584s 5%: 0.17+0.60+0.094 ms clock, 2.8+0.72/0.84/0.012+1.5 ms cpu, 3->4->2 MB, 4 MB goal, 0 MB stacks, 0 MB globals, 16 P
gc 15171 @59.586s 5%: 0.14+0.69+0.10 ms clock, 2.3+0.80/0.81/0+1.7 ms cpu, 3->4->2 MB, 4 MB goal, 0 MB stacks, 0 MB globals, 16 P
gc 15172 @59.587s 5%: 0.16+0.47+0.14 ms clock, 2.6+0.60/0.79/0+2.3 ms cpu, 3->4->1 MB, 4 MB goal, 0 MB stacks, 0 MB globals, 16 P
gc 15173 @59.589s 5%: 0.13+0.65+0.12 ms clock, 2.1+0.65/0.81/0+1.9 ms cpu, 3->4->2 MB, 4 MB goal, 0 MB stacks, 0 MB globals, 16 P
gc 15174 @59.591s 5%: 0.11+0.63+0.099 ms clock, 1.7+0.56/0.88/0+1.5 ms cpu, 3->4->2 MB, 4 MB goal, 0 MB stacks, 0 MB globals, 16 P
gc 15175 @59.593s 5%: 0.080+0.78+0.095 ms clock, 1.2+0.60/0.74/0.030+1.5 ms cpu, 3->4->1 MB, 4 MB goal, 0 MB stacks, 0 MB globals, 16 P
gc 15176 @59.594s 5%: 0.086+0.53+0.10 ms clock, 1.3+0.50/0.82/0+1.6 ms cpu, 3->4->1 MB, 4 MB goal, 0 MB stacks, 0 MB globals, 16 P
gc 15177 @59.596s 5%: 0.15+0.56+0.13 ms clock, 2.4+0.80/0.82/0+2.1 ms cpu, 3->4->2 MB, 4 MB goal, 0 MB stacks, 0 MB globals, 16 P
gc 15178 @59.598s 5%: 0.16+0.48+0.14 ms clock, 2.6+0.56/0.70/0+2.3 ms cpu, 3->4->1 MB, 4 MB goal, 0 MB stacks, 0 MB globals, 16 P
gc 15179 @59.599s 5%: 0.15+0.87+0.085 ms clock, 2.5+0.63/0.82/0.073+1.3 ms cpu, 3->4->2 MB, 4 MB goal, 0 MB stacks, 0 MB globals, 16 P
gc 15180 @59.601s 5%: 0.096+0.54+0.12 ms clock, 1.5+0.52/0.82/0+2.0 ms cpu, 3->4->1 MB, 4 MB goal, 0 MB stacks, 0 MB globals, 16 P
gc 15181 @59.603s 5%: 0.11+0.90+0.084 ms clock, 1.8+0.71/0.89/0.005+1.3 ms cpu, 3->4->2 MB, 4 MB goal, 0 MB stacks, 0 MB globals, 16 P
gc 15182 @59.605s 5%: 0.17+0.57+0.10 ms clock, 2.8+0.54/0.83/0+1.7 ms cpu, 4->4->2 MB, 4 MB goal, 0 MB stacks, 0 MB globals, 16 P
gc 15183 @59.607s 5%: 0.15+0.70+0.17 ms clock, 2.4+0.64/0.76/0.015+2.8 ms cpu, 3->4->2 MB, 4 MB goal, 0 MB stacks, 0 MB globals, 16 P
gc 15184 @59.609s 5%: 0.13+0.57+0.10 ms clock, 2.1+0.59/0.90/0+1.7 ms cpu, 3->4->1 MB, 4 MB goal, 0 MB stacks, 0 MB globals, 16 P
gc 15185 @59.610s 5%: 0.12+0.74+0.089 ms clock, 2.0+0.52/0.83/0+1.4 ms cpu, 3->4->2 MB, 4 MB goal, 0 MB stacks, 0 MB globals, 16 P
gc 15186 @59.612s 5%: 0.10+0.58+0.087 ms clock, 1.7+0.57/0.89/0+1.4 ms cpu, 3->4->1 MB, 4 MB goal, 0 MB stacks, 0 MB globals, 16 P
gc 15187 @59.614s 5%: 0.16+0.68+0.087 ms clock, 2.5+0.61/0.91/0+1.4 ms cpu, 3->4->2 MB, 4 MB goal, 0 MB stacks, 0 MB globals, 16 P
gc 15188 @59.616s 5%: 0.10+0.66+0.10 ms clock, 1.7+0.61/0.87/0+1.7 ms cpu, 3->4->2 MB, 4 MB goal, 0 MB stacks, 0 MB globals, 16 P
gc 15189 @59.618s 5%: 0.12+0.60+0.087 ms clock, 1.9+0.53/0.81/0+1.4 ms cpu, 3->4->1 MB, 4 MB goal, 0 MB stacks, 0 MB globals, 16 P
gc 15190 @59.619s 5%: 0.11+0.59+0.099 ms clock, 1.8+0.61/0.75/0+1.5 ms cpu, 3->4->2 MB, 4 MB goal, 0 MB stacks, 0 MB globals, 16 P
gc 15191 @59.621s 5%: 0.11+0.61+0.11 ms clock, 1.8+0.51/0.98/0.021+1.8 ms cpu, 3->4->2 MB, 4 MB goal, 0 MB stacks, 0 MB globals, 16 P
gc 15192 @59.623s 5%: 0.13+0.67+0.094 ms clock, 2.1+0.62/0.83/0.006+1.5 ms cpu, 3->4->2 MB, 4 MB goal, 0 MB stacks, 0 MB globals, 16 P
gc 15193 @59.625s 5%: 0.13+0.53+0.11 ms clock, 2.1+0.51/0.88/0.021+1.8 ms cpu, 3->4->1 MB, 4 MB goal, 0 MB stacks, 0 MB globals, 16 P
gc 15194 @59.626s 5%: 0.14+0.68+0.10 ms clock, 2.2+0.67/0.97/0.003+1.7 ms cpu, 3->4->2 MB, 4 MB goal, 0 MB stacks, 0 MB globals, 16 P
gc 15195 @59.628s 5%: 0.12+0.51+0.14 ms clock, 2.0+0.58/0.77/0+2.3 ms cpu, 3->4->1 MB, 4 MB goal, 0 MB stacks, 0 MB globals, 16 P
gc 15196 @59.630s 5%: 0.15+0.58+0.080 ms clock, 2.4+0.65/0.73/0.054+1.2 ms cpu, 3->4->2 MB, 4 MB goal, 0 MB stacks, 0 MB globals, 16 P
gc 15197 @59.631s 5%: 0.11+0.54+0.16 ms clock, 1.8+0.64/0.62/0.15+2.6 ms cpu, 3->4->1 MB, 4 MB goal, 0 MB stacks, 0 MB globals, 16 P
gc 15198 @59.633s 5%: 0.12+0.53+0.12 ms clock, 2.0+0.64/0.88/0+2.0 ms cpu, 3->4->1 MB, 4 MB goal, 0 MB stacks, 0 MB globals, 16 P
gc 15199 @59.635s 5%: 0.15+0.60+0.11 ms clock, 2.5+0.50/0.86/0.025+1.7 ms cpu, 3->4->2 MB, 4 MB goal, 0 MB stacks, 0 MB globals, 16 P
gc 15200 @59.636s 5%: 0.12+0.56+0.11 ms clock, 1.9+0.57/0.86/0+1.8 ms cpu, 3->4->1 MB, 4 MB goal, 0 MB stacks, 0 MB globals, 16 P
gc 15201 @59.638s 5%: 0.17+0.60+0.11 ms clock, 2.8+0.66/0.76/0+1.7 ms cpu, 3->4->2 MB, 4 MB goal, 0 MB stacks, 0 MB globals, 16 P
gc 15202 @59.640s 5%: 0.15+0.61+0.17 ms clock, 2.5+0.68/0.70/0+2.7 ms cpu, 3->4->2 MB, 4 MB goal, 0 MB stacks, 0 MB globals, 16 P
gc 15203 @59.642s 5%: 0.14+0.59+0.10 ms clock, 2.3+0.64/0.76/0.018+1.6 ms cpu, 3->4->2 MB, 4 MB goal, 0 MB stacks, 0 MB globals, 16 P
gc 15204 @59.644s 5%: 0.11+0.55+0.19 ms clock, 1.9+0.45/0.80/0.072+3.1 ms cpu, 3->4->1 MB, 4 MB goal, 0 MB stacks, 0 MB globals, 16 P
gc 15205 @59.645s 5%: 0.12+0.68+0.060 ms clock, 1.9+0.61/0.87/0.008+0.96 ms cpu, 3->4->2 MB, 4 MB goal, 0 MB stacks, 0 MB globals, 16 P
gc 15206 @59.647s 5%: 0.12+0.55+0.10 ms clock, 1.9+0.54/0.84/0+1.7 ms cpu, 3->4->1 MB, 4 MB goal, 0 MB stacks, 0 MB globals, 16 P
gc 15207 @59.649s 5%: 0.11+0.62+0.092 ms clock, 1.8+0.65/0.90/0.069+1.4 ms cpu, 3->4->2 MB, 4 MB goal, 0 MB stacks, 0 MB globals, 16 P
gc 15208 @59.650s 5%: 0.10+0.52+0.10 ms clock, 1.6+0.48/0.95/0+1.7 ms cpu, 3->4->1 MB, 4 MB goal, 0 MB stacks, 0 MB globals, 16 P
gc 15209 @59.652s 5%: 0.16+0.73+0.074 ms clock, 2.5+0.75/0.85/0+1.1 ms cpu, 3->4->2 MB, 4 MB goal, 0 MB stacks, 0 MB globals, 16 P
gc 15210 @59.654s 5%: 0.11+0.58+0.15 ms clock, 1.8+0.60/0.78/0+2.5 ms cpu, 3->4->1 MB, 4 MB goal, 0 MB stacks, 0 MB globals, 16 P
gc 15211 @59.655s 5%: 0.14+0.63+0.10 ms clock, 2.3+0.59/0.87/0+1.7 ms cpu, 3->4->2 MB, 4 MB goal, 0 MB stacks, 0 MB globals, 16 P
gc 15212 @59.657s 5%: 0.18+0.62+0.10 ms clock, 2.9+0.58/0.89/0.005+1.7 ms cpu, 3->4->2 MB, 4 MB goal, 0 MB stacks, 0 MB globals, 16 P
gc 15213 @59.659s 5%: 0.11+0.64+0.072 ms clock, 1.8+0.49/0.97/0.004+1.1 ms cpu, 3->4->2 MB, 4 MB goal, 0 MB stacks, 0 MB globals, 16 P
gc 15214 @59.661s 5%: 0.12+0.53+0.084 ms clock, 2.0+0.60/0.87/0.007+1.3 ms cpu, 3->4->1 MB, 4 MB goal, 0 MB stacks, 0 MB globals, 16 P
gc 15215 @59.663s 5%: 0.11+0.72+0.10 ms clock, 1.7+0.63/0.97/0.028+1.7 ms cpu, 3->4->2 MB, 4 MB goal, 0 MB stacks, 0 MB globals, 16 P
gc 15216 @59.665s 5%: 0.16+0.59+0.086 ms clock, 2.6+0.56/0.93/0.002+1.3 ms cpu, 3->4->2 MB, 4 MB goal, 0 MB stacks, 0 MB globals, 16 P
gc 15217 @59.666s 5%: 0.12+0.64+0.10 ms clock, 1.9+0.51/0.91/0.067+1.6 ms cpu, 3->4->2 MB, 4 MB goal, 0 MB stacks, 0 MB globals, 16 P
gc 15218 @59.668s 5%: 0.16+0.55+0.10 ms clock, 2.5+0.81/0.98/0+1.6 ms cpu, 3->4->1 MB, 4 MB goal, 0 MB stacks, 0 MB globals, 16 P
gc 15219 @59.670s 5%: 0.12+0.59+0.10 ms clock, 1.9+0.74/0.82/0+1.6 ms cpu, 3->4->2 MB, 4 MB goal, 0 MB stacks, 0 MB globals, 16 P
gc 15220 @59.672s 5%: 0.11+0.59+0.12 ms clock, 1.8+0.43/0.83/0+1.9 ms cpu, 3->4->1 MB, 4 MB goal, 0 MB stacks, 0 MB globals, 16 P
gc 15221 @59.673s 5%: 0.13+0.55+0.095 ms clock, 2.1+0.55/0.80/0.018+1.5 ms cpu, 3->4->1 MB, 4 MB goal, 0 MB stacks, 0 MB globals, 16 P
gc 15222 @59.675s 5%: 0.12+0.45+0.13 ms clock, 2.0+0.50/0.81/0.010+2.1 ms cpu, 3->4->1 MB, 4 MB goal, 0 MB stacks, 0 MB globals, 16 P
gc 15223 @59.677s 5%: 0.18+0.60+0.13 ms clock, 2.9+0.65/0.90/0.026+2.1 ms cpu, 3->4->1 MB, 4 MB goal, 0 MB stacks, 0 MB globals, 16 P
