2026/03/17 14:45:18 no config path specified; using /var/lib/derper/derper.key
2026/03/17 14:45:18 STUN server listening on [::]:3478
2026/03/17 14:45:18 No mesh key configured
2026/03/17 14:45:18 derper: serving on :3340 with TLS
2026/03/17 14:45:22 http: TLS handshake error from 10.50.0.2:45054: unexpected EOF
gc 1 @4.616s 0%: 0.12+0.45+0.018 ms clock, 2.5+0.032/1.1/0+0.36 ms cpu, 3->4->1 MB, 4 MB goal, 0 MB stacks, 0 MB globals, 20 P
gc 2 @4.618s 0%: 0.068+0.44+0.10 ms clock, 1.3+0.43/0.61/0+2.0 ms cpu, 3->4->2 MB, 4 MB goal, 0 MB stacks, 0 MB globals, 20 P
gc 3 @4.619s 0%: 0.071+0.48+0.053 ms clock, 1.4+0.30/0.68/0+1.0 ms cpu, 4->5->2 MB, 5 MB goal, 0 MB stacks, 0 MB globals, 20 P
gc 4 @4.620s 0%: 0.037+0.27+0.064 ms clock, 0.75+0.29/0.56/0+1.2 ms cpu, 3->4->1 MB, 4 MB goal, 0 MB stacks, 0 MB globals, 20 P
gc 5 @4.621s 0%: 0.074+0.28+0.053 ms clock, 1.4+0.32/0.53/0.007+1.0 ms cpu, 3->3->1 MB, 4 MB goal, 0 MB stacks, 0 MB globals, 20 P
gc 6 @4.622s 0%: 0.094+0.37+0.069 ms clock, 1.8+0.22/0.59/0+1.3 ms cpu, 3->4->1 MB, 4 MB goal, 0 MB stacks, 0 MB globals, 20 P
gc 7 @4.624s 0%: 0.038+0.31+0.070 ms clock, 0.76+0.20/0.75/0.010+1.4 ms cpu, 3->4->1 MB, 4 MB goal, 0 MB stacks, 0 MB globals, 20 P
gc 8 @4.625s 0%: 0.064+0.39+0.051 ms clock, 1.2+0.35/0.70/0.038+1.0 ms cpu, 3->4->1 MB, 4 MB goal, 0 MB stacks, 0 MB globals, 20 P
gc 9 @4.627s 0%: 0.041+0.39+0.037 ms clock, 0.83+0.27/0.68/0.23+0.75 ms cpu, 3->4->1 MB, 4 MB goal, 0 MB stacks, 0 MB globals, 20 P
gc 10 @4.628s 0%: 0.054+0.70+0.032 ms clock, 1.0+0.32/0.53/0.011+0.64 ms cpu, 3->4->2 MB, 4 MB goal, 0 MB stacks, 0 MB globals, 20 P
gc 11 @4.630s 0%: 0.043+0.42+0.087 ms clock, 0.86+0.23/0.57/0.098+1.7 ms cpu, 3->4->2 MB, 4 MB goal, 0 MB stacks, 0 MB globals, 20 P
gc 12 @4.631s 0%: 0.058+0.44+0.082 ms clock, 1.1+0.41/0.60/0.004+1.6 ms cpu, 3->4->2 MB, 4 MB goal, 0 MB stacks, 0 MB globals, 20 P
gc 13 @4.632s 0%: 0.033+0.34+0.060 ms clock, 0.66+0.33/0.64/0.012+1.2 ms cpu, 3->4->1 MB, 4 MB goal, 0 MB stacks, 0 MB globals, 20 P
gc 14 @4.634s 0%: 0.085+0.29+0.026 ms clock, 1.7+0.20/0.59/0.004+0.53 ms cpu, 3->4->1 MB, 4 MB goal, 0 MB stacks, 0 MB globals, 20 P
gc 15 @4.635s 0%: 0.077+0.54+0.034 ms clock, 1.5+0.15/0.70/0+0.68 ms cpu, 3->4->2 MB, 4 MB goal, 0 MB stacks, 0 MB globals, 20 P
gc 16 @4.636s 0%: 0.050+0.52+0.11 ms clock, 1.0+0.42/0.79/0.045+2.2 ms cpu, 4->5->2 MB, 5 MB goal, 0 MB stacks, 0 MB globals, 20 P
gc 17 @4.637s 0%: 0.077+0.51+0.077 ms clock, 1.5+0.32/0.66/0.18+1.5 ms cpu, 4->5->2 MB, 4 MB goal, 0 MB stacks, 0 MB globals, 20 P
gc 18 @4.639s 0%: 0.068+0.35+0.063 ms clock, 1.3+0.33/0.56/0.077+1.2 ms cpu, 4->5->2 MB, 4 MB goal, 0 MB stacks, 0 MB globals, 20 P
gc 19 @4.640s 0%: 0.072+0.39+0.093 ms clock, 1.4+0.30/0.56/0.011+1.8 ms cpu, 4->4->2 MB, 4 MB goal, 0 MB stacks, 0 MB globals, 20 P
gc 20 @4.641s 0%: 0.071+0.39+0.058 ms clock, 1.4+0.25/0.59/0.003+1.1 ms cpu, 4->5->2 MB, 4 MB goal, 0 MB stacks, 0 MB globals, 20 P
gc 21 @4.643s 0%: 0.090+0.73+0.014 ms clock, 1.8+0.30/0.62/0.005+0.29 ms cpu, 4->5->2 MB, 4 MB goal, 0 MB stacks, 0 MB globals, 20 P
gc 22 @4.644s 0%: 0.062+0.48+0.056 ms clock, 1.2+0.36/0.61/0.002+1.1 ms cpu, 4->5->2 MB, 5 MB goal, 0 MB stacks, 0 MB globals, 20 P
gc 23 @4.646s 0%: 0.066+0.50+0.063 ms clock, 1.3+0.23/0.82/0.021+1.2 ms cpu, 4->5->2 MB, 5 MB goal, 0 MB stacks, 0 MB globals, 20 P
gc 24 @4.647s 0%: 0.068+0.39+0.056 ms clock, 1.3+0.23/0.62/0+1.1 ms cpu, 4->5->2 MB, 5 MB goal, 0 MB stacks, 0 MB globals, 20 P
gc 25 @4.649s 0%: 0.062+0.34+0.059 ms clock, 1.2+0.21/0.56/0.065+1.1 ms cpu, 4->4->1 MB, 4 MB goal, 0 MB stacks, 0 MB globals, 20 P
gc 26 @4.650s 0%: 0.035+0.30+0.050 ms clock, 0.70+0.13/0.63/0.12+1.0 ms cpu, 3->4->1 MB, 4 MB goal, 0 MB stacks, 0 MB globals, 20 P
gc 27 @4.651s 0%: 0.072+0.45+0.23 ms clock, 1.4+0.33/0.58/0.006+4.6 ms cpu, 3->4->2 MB, 4 MB goal, 0 MB stacks, 0 MB globals, 20 P
gc 28 @4.652s 0%: 0.080+0.31+0.046 ms clock, 1.6+0.41/0.63/0.010+0.93 ms cpu, 3->4->2 MB, 4 MB goal, 0 MB stacks, 0 MB globals, 20 P
gc 29 @4.654s 0%: 0.077+0.48+0.069 ms clock, 1.5+0.20/0.65/0.001+1.3 ms cpu, 4->5->2 MB, 4 MB goal, 0 MB stacks, 0 MB globals, 20 P
gc 30 @4.655s 0%: 0.072+0.44+0.052 ms clock, 1.4+0.31/0.54/0.003+1.0 ms cpu, 4->5->2 MB, 4 MB goal, 0 MB stacks, 0 MB globals, 20 P
gc 31 @4.656s 0%: 0.093+0.32+0.068 ms clock, 1.8+0.12/0.67/0+1.3 ms cpu, 4->5->2 MB, 5 MB goal, 0 MB stacks, 0 MB globals, 20 P
gc 32 @4.657s 0%: 0.051+0.36+0.027 ms clock, 1.0+0.29/0.57/0.082+0.54 ms cpu, 3->4->2 MB, 4 MB goal, 0 MB stacks, 0 MB globals, 20 P
gc 33 @4.659s 0%: 0.075+0.32+0.074 ms clock, 1.5+0.28/0.56/0.039+1.4 ms cpu, 3->4->2 MB, 4 MB goal, 0 MB stacks, 0 MB globals, 20 P
gc 34 @4.660s 0%: 0.076+0.34+0.092 ms clock, 1.5+0.36/0.61/0.019+1.8 ms cpu, 4->4->2 MB, 4 MB goal, 0 MB stacks, 0 MB globals, 20 P
gc 35 @4.661s 0%: 0.072+0.34+0.068 ms clock, 1.4+0.22/0.63/0.090+1.3 ms cpu, 4->4->2 MB, 4 MB goal, 0 MB stacks, 0 MB globals, 20 P
gc 36 @4.662s 0%: 0.045+0.40+0.073 ms clock, 0.90+0.44/0.58/0.008+1.4 ms cpu, 4->4->2 MB, 4 MB goal, 0 MB stacks, 0 MB globals, 20 P
gc 37 @4.664s 0%: 0.061+0.28+0.028 ms clock, 1.2+0.24/0.66/0.027+0.57 ms cpu, 4->4->2 MB, 5 MB goal, 0 MB stacks, 0 MB globals, 20 P
gc 38 @4.665s 0%: 0.092+0.33+0.063 ms clock, 1.8+0.39/0.54/0.032+1.2 ms cpu, 3->4->2 MB, 4 MB goal, 0 MB stacks, 0 MB globals, 20 P
gc 39 @4.666s 0%: 0.079+0.46+0.068 ms clock, 1.5+0.26/0.69/0.053+1.3 ms cpu, 3->4->2 MB, 4 MB goal, 0 MB stacks, 0 MB globals, 20 P
gc 40 @4.667s 0%: 0.062+0.40+0.066 ms clock, 1.2+0.30/0.64/0+1.3 ms cpu, 4->5->2 MB, 4 MB goal, 0 MB stacks, 0 MB globals, 20 P
gc 41 @4.668s 0%: 0.029+0.23+0.015 ms clock, 0.59+0.29/0.53/0.095+0.31 ms cpu, 4->4->1 MB, 4 MB goal, 0 MB stacks, 0 MB globals, 20 P
gc 42 @4.670s 0%: 0.062+0.35+0.069 ms clock, 1.2+0.23/0.56/0.038+1.3 ms cpu, 3->4->1 MB, 4 MB goal, 0 MB stacks, 0 MB globals, 20 P
gc 43 @4.671s 0%: 0.059+0.36+0.044 ms clock, 1.1+0.31/0.66/0.005+0.89 ms cpu, 3->4->2 MB, 4 MB goal, 0 MB stacks, 0 MB globals, 20 P
gc 44 @4.672s 0%: 0.036+0.36+0.067 ms clock, 0.72+0.25/0.57/0.024+1.3 ms cpu, 4->4->2 MB, 4 MB goal, 0 MB stacks, 0 MB globals, 20 P
gc 45 @4.673s 0%: 0.045+0.23+0.038 ms clock, 0.91+0.22/0.59/0.10+0.77 ms cpu, 3->4->2 MB, 4 MB goal, 0 MB stacks, 0 MB globals, 20 P
gc 46 @4.674s 0%: 0.074+0.35+0.099 ms clock, 1.4+0.20/0.64/0.005+1.9 ms cpu, 3->4->2 MB, 4 MB goal, 0 MB stacks, 0 MB globals, 20 P
gc 47 @4.676s 0%: 0.030+0.53+0.040 ms clock, 0.60+0.30/0.58/0.001+0.81 ms cpu, 3->5->2 MB, 4 MB goal, 0 MB stacks, 0 MB globals, 20 P
gc 48 @4.677s 0%: 0.075+0.32+0.079 ms clock, 1.5+0.28/0.56/0.049+1.5 ms cpu, 4->4->1 MB, 5 MB goal, 0 MB stacks, 0 MB globals, 20 P
gc 49 @4.678s 0%: 0.057+0.47+0.075 ms clock, 1.1+0.27/0.68/0+1.5 ms cpu, 3->4->2 MB, 4 MB goal, 0 MB stacks, 0 MB globals, 20 P
gc 50 @4.680s 0%: 0.069+0.35+0.025 ms clock, 1.3+0.32/0.60/0.055+0.51 ms cpu, 4->5->2 MB, 5 MB goal, 0 MB stacks, 0 MB globals, 20 P
gc 51 @4.681s 0%: 0.053+0.38+0.042 ms clock, 1.0+0.30/0.66/0.003+0.84 ms cpu, 4->4->2 MB, 4 MB goal, 0 MB stacks, 0 MB globals, 20 P
gc 52 @4.682s 0%: 0.059+0.38+0.023 ms clock, 1.1+0.24/0.56/0.004+0.47 ms cpu, 4->4->2 MB, 4 MB goal, 0 MB stacks, 0 MB globals, 20 P
gc 53 @4.684s 0%: 0.039+0.48+0.060 ms clock, 0.78+0.28/0.55/0+1.2 ms cpu, 4->5->2 MB, 4 MB goal, 0 MB stacks, 0 MB globals, 20 P
gc 54 @4.685s 0%: 0.066+0.35+0.088 ms clock, 1.3+0.16/0.62/0.017+1.7 ms cpu, 4->5->2 MB, 4 MB goal, 0 MB stacks, 0 MB globals, 20 P
gc 55 @4.686s 0%: 0.097+0.46+0.036 ms clock, 1.9+0.31/0.74/0.003+0.73 ms cpu, 3->4->2 MB, 4 MB goal, 0 MB stacks, 0 MB globals, 20 P
gc 56 @4.688s 0%: 0.12+0.41+0.047 ms clock, 2.4+0.24/0.65/0.056+0.94 ms cpu, 4->5->2 MB, 5 MB goal, 0 MB stacks, 0 MB globals, 20 P
gc 57 @4.689s 0%: 0.073+0.46+0.10 ms clock, 1.4+0.36/0.62/0+2.0 ms cpu, 4->5->2 MB, 4 MB goal, 0 MB stacks, 0 MB globals, 20 P
gc 58 @4.690s 0%: 0.059+0.44+0.037 ms clock, 1.1+0.26/0.57/0.10+0.74 ms cpu, 4->5->2 MB, 5 MB goal, 0 MB stacks, 0 MB globals, 20 P
gc 59 @4.692s 0%: 0.080+0.29+0.047 ms clock, 1.6+0.41/0.46/0.006+0.94 ms cpu, 3->4->2 MB, 4 MB goal, 0 MB stacks, 0 MB globals, 20 P
gc 60 @4.693s 0%: 0.088+0.36+0.075 ms clock, 1.7+0.34/0.58/0+1.5 ms cpu, 3->4->2 MB, 4 MB goal, 0 MB stacks, 0 MB globals, 20 P
gc 61 @4.694s 0%: 0.085+0.51+0.056 ms clock, 1.7+0.24/0.67/0.008+1.1 ms cpu, 4->5->2 MB, 4 MB goal, 0 MB stacks, 0 MB globals, 20 P
gc 62 @4.695s 0%: 0.057+0.44+0.059 ms clock, 1.1+0.34/0.53/0+1.1 ms cpu, 4->5->2 MB, 5 MB goal, 0 MB stacks, 0 MB globals, 20 P
gc 63 @4.696s 0%: 0.082+0.33+0.078 ms clock, 1.6+0.27/0.63/0.050+1.5 ms cpu, 4->4->2 MB, 5 MB goal, 0 MB stacks, 0 MB globals, 20 P
gc 64 @4.698s 0%: 0.049+0.52+0.024 ms clock, 0.98+0.020/0.92/0.014+0.49 ms cpu, 3->4->2 MB, 4 MB goal, 0 MB stacks, 0 MB globals, 20 P
gc 65 @4.699s 0%: 0.056+1.5+0.051 ms clock, 1.1+1.7/1.7/0+1.0 ms cpu, 4->6->3 MB, 5 MB goal, 0 MB stacks, 0 MB globals, 20 P
gc 66 @4.701s 0%: 0.077+0.56+0.075 ms clock, 1.5+0.30/0.80/0.021+1.5 ms cpu, 5->7->2 MB, 7 MB goal, 0 MB stacks, 0 MB globals, 20 P
gc 67 @4.703s 0%: 0.058+0.39+0.042 ms clock, 1.1+0.29/0.53/0.096+0.84 ms cpu, 4->5->2 MB, 5 MB goal, 0 MB stacks, 0 MB globals, 20 P
gc 68 @4.704s 0%: 0.041+0.47+0.047 ms clock, 0.82+0.36/0.79/0.017+0.95 ms cpu, 4->4->2 MB, 5 MB goal, 0 MB stacks, 0 MB globals, 20 P
gc 69 @4.706s 0%: 0.065+0.59+0.081 ms clock, 1.3+0.37/0.63/0.020+1.6 ms cpu, 3->5->2 MB, 4 MB goal, 0 MB stacks, 0 MB globals, 20 P
gc 70 @4.707s 0%: 0.037+0.35+0.034 ms clock, 0.75+0.25/0.75/0+0.68 ms cpu, 4->5->2 MB, 5 MB goal, 0 MB stacks, 0 MB globals, 20 P
gc 71 @4.708s 0%: 0.11+0.48+0.076 ms clock, 2.3+0.48/0.53/0.054+1.5 ms cpu, 3->4->2 MB, 4 MB goal, 0 MB stacks, 0 MB globals, 20 P
gc 72 @4.710s 0%: 0.067+0.48+0.073 ms clock, 1.3+0.34/0.61/0.028+1.4 ms cpu, 4->5->2 MB, 5 MB goal, 0 MB stacks, 0 MB globals, 20 P
gc 73 @4.711s 0%: 0.095+0.22+0.013 ms clock, 1.9+0.23/0.60/0+0.26 ms cpu, 4->4->1 MB, 5 MB goal, 0 MB stacks, 0 MB globals, 20 P
gc 74 @4.712s 0%: 0.024+0.24+0.023 ms clock, 0.49+0.11/0.61/0.23+0.47 ms cpu, 3->3->1 MB, 4 MB goal, 0 MB stacks, 0 MB globals, 20 P
gc 75 @4.713s 0%: 0.11+0.48+0.041 ms clock, 2.3+0.30/0.68/0+0.83 ms cpu, 3->4->2 MB, 4 MB goal, 0 MB stacks, 0 MB globals, 20 P
gc 76 @4.714s 0%: 0.036+0.26+0.061 ms clock, 0.72+0.10/0.60/0.012+1.2 ms cpu, 4->4->1 MB, 5 MB goal, 0 MB stacks, 0 MB globals, 20 P
gc 77 @4.716s 0%: 0.063+0.29+0.031 ms clock, 1.2+0.30/0.69/0.020+0.63 ms cpu, 3->4->2 MB, 4 MB goal, 0 MB stacks, 0 MB globals, 20 P
gc 78 @4.717s 0%: 0.049+0.38+0.031 ms clock, 0.98+0.21/0.64/0.10+0.62 ms cpu, 4->4->1 MB, 4 MB goal, 0 MB stacks, 0 MB globals, 20 P
gc 79 @4.718s 0%: 0.054+0.28+0.069 ms clock, 1.0+0.22/0.69/0+1.3 ms cpu, 3->4->2 MB, 4 MB goal, 0 MB stacks, 0 MB globals, 20 P
gc 80 @4.719s 0%: 0.074+0.37+0.025 ms clock, 1.4+0.25/0.67/0.017+0.51 ms cpu, 3->4->2 MB, 4 MB goal, 0 MB stacks, 0 MB globals, 20 P
gc 81 @4.720s 0%: 0.044+0.38+0.073 ms clock, 0.88+0.46/0.49/0.006+1.4 ms cpu, 4->5->2 MB, 4 MB goal, 0 MB stacks, 0 MB globals, 20 P
gc 82 @4.721s 0%: 0.041+0.27+0.065 ms clock, 0.82+0.20/0.60/0.13+1.3 ms cpu, 4->5->2 MB, 5 MB goal, 0 MB stacks, 0 MB globals, 20 P
gc 83 @4.722s 0%: 0.057+0.40+0.075 ms clock, 1.1+0.19/0.71/0.076+1.5 ms cpu, 3->4->2 MB, 4 MB goal, 0 MB stacks, 0 MB globals, 20 P
gc 84 @4.723s 0%: 0.071+0.33+0.031 ms clock, 1.4+0.30/0.60/0+0.62 ms cpu, 4->5->2 MB, 4 MB goal, 0 MB stacks, 0 MB globals, 20 P
gc 85 @4.725s 0%: 0.068+0.29+0.080 ms clock, 1.3+0.38/0.55/0.053+1.6 ms cpu, 4->5->2 MB, 5 MB goal, 0 MB stacks, 0 MB globals, 20 P
gc 86 @4.726s 0%: 0.075+0.40+0.053 ms clock, 1.5+0.32/0.65/0.030+1.0 ms cpu, 4->4->2 MB, 4 MB goal, 0 MB stacks, 0 MB globals, 20 P
gc 87 @4.727s 0%: 0.079+0.37+0.064 ms clock, 1.5+0.42/0.61/0+1.2 ms cpu, 4->5->2 MB, 5 MB goal, 0 MB stacks, 0 MB globals, 20 P
gc 88 @4.728s 0%: 0.081+0.40+0.043 ms clock, 1.6+0.27/0.61/0.18+0.87 ms cpu, 4->5->2 MB, 5 MB goal, 0 MB stacks, 0 MB globals, 20 P
gc 89 @4.729s 0%: 0.064+0.28+0.080 ms clock, 1.2+0.27/0.64/0.072+1.6 ms cpu, 4->4->2 MB, 5 MB goal, 0 MB stacks, 0 MB globals, 20 P
gc 90 @4.730s 0%: 0.073+0.58+0.020 ms clock, 1.4+0.32/0.71/0.035+0.40 ms cpu, 3->5->2 MB, 4 MB goal, 0 MB stacks, 0 MB globals, 20 P
gc 91 @4.732s 0%: 0.062+0.31+0.051 ms clock, 1.2+0.30/0.54/0.024+1.0 ms cpu, 4->5->2 MB, 5 MB goal, 0 MB stacks, 0 MB globals, 20 P
gc 92 @4.733s 0%: 0.061+0.44+0.047 ms clock, 1.2+0.40/0.68/0+0.94 ms cpu, 4->5->2 MB, 4 MB goal, 0 MB stacks, 0 MB globals, 20 P
gc 93 @4.734s 0%: 0.040+0.33+0.009 ms clock, 0.80+0.30/0.55/0.079+0.18 ms cpu, 4->5->2 MB, 5 MB goal, 0 MB stacks, 0 MB globals, 20 P
gc 94 @4.735s 0%: 0.041+0.29+0.073 ms clock, 0.83+0.30/0.59/0.047+1.4 ms cpu, 3->4->2 MB, 4 MB goal, 0 MB stacks, 0 MB globals, 20 P
gc 95 @4.736s 0%: 0.082+0.42+0.065 ms clock, 1.6+0.35/0.61/0+1.3 ms cpu, 4->5->2 MB, 4 MB goal, 0 MB stacks, 0 MB globals, 20 P
gc 96 @4.738s 0%: 0.079+0.39+0.037 ms clock, 1.5+0.29/0.62/0+0.74 ms cpu, 4->5->2 MB, 5 MB goal, 0 MB stacks, 0 MB globals, 20 P
gc 97 @4.739s 0%: 0.056+0.51+0.006 ms clock, 1.1+0.32/0.57/0+0.13 ms cpu, 4->5->2 MB, 5 MB goal, 0 MB stacks, 0 MB globals, 20 P
gc 98 @4.740s 0%: 0.060+0.27+0.021 ms clock, 1.2+0.34/0.57/0.023+0.42 ms cpu, 4->5->2 MB, 5 MB goal, 0 MB stacks, 0 MB globals, 20 P
gc 99 @4.741s 0%: 0.055+0.21+0.053 ms clock, 1.1+0.25/0.57/0+1.0 ms cpu, 3->4->2 MB, 4 MB goal, 0 MB stacks, 0 MB globals, 20 P
gc 100 @4.742s 0%: 0.087+0.43+0.062 ms clock, 1.7+0.45/0.58/0.022+1.2 ms cpu, 3->4->2 MB, 4 MB goal, 0 MB stacks, 0 MB globals, 20 P
gc 101 @4.744s 0%: 0.094+0.33+0.076 ms clock, 1.8+0.21/0.72/0+1.5 ms cpu, 4->5->2 MB, 5 MB goal, 0 MB stacks, 0 MB globals, 20 P
gc 102 @4.745s 0%: 0.083+0.49+0.012 ms clock, 1.6+0.21/0.62/0.075+0.25 ms cpu, 3->4->2 MB, 4 MB goal, 0 MB stacks, 0 MB globals, 20 P
gc 103 @4.746s 0%: 0.065+0.31+0.053 ms clock, 1.3+0.30/0.59/0+1.0 ms cpu, 4->5->2 MB, 5 MB goal, 0 MB stacks, 0 MB globals, 20 P
gc 104 @4.747s 0%: 0.060+0.28+0.051 ms clock, 1.2+0.20/0.62/0+1.0 ms cpu, 4->4->2 MB, 4 MB goal, 0 MB stacks, 0 MB globals, 20 P
gc 105 @4.748s 0%: 0.059+0.28+0.053 ms clock, 1.1+0.32/0.58/0.001+1.0 ms cpu, 3->4->2 MB, 4 MB goal, 0 MB stacks, 0 MB globals, 20 P
gc 106 @4.749s 0%: 0.053+0.39+0.072 ms clock, 1.0+0.25/0.69/0.073+1.4 ms cpu, 4->4->2 MB, 4 MB goal, 0 MB stacks, 0 MB globals, 20 P
gc 107 @4.750s 0%: 0.041+0.32+0.099 ms clock, 0.83+0.35/0.60/0.033+1.9 ms cpu, 4->4->2 MB, 5 MB goal, 0 MB stacks, 0 MB globals, 20 P
gc 108 @4.751s 0%: 0.082+0.50+0.054 ms clock, 1.6+0.34/0.68/0.036+1.0 ms cpu, 3->5->2 MB, 4 MB goal, 0 MB stacks, 0 MB globals, 20 P
gc 109 @4.753s 0%: 0.078+0.32+0.054 ms clock, 1.5+0.36/0.62/0.019+1.0 ms cpu, 4->5->2 MB, 5 MB goal, 0 MB stacks, 0 MB globals, 20 P
gc 110 @4.754s 0%: 0.072+0.39+0.064 ms clock, 1.4+0.29/0.54/0.061+1.2 ms cpu, 4->5->2 MB, 4 MB goal, 0 MB stacks, 0 MB globals, 20 P
gc 111 @4.755s 0%: 0.053+0.42+0.074 ms clock, 1.0+0.36/0.64/0.015+1.4 ms cpu, 4->5->2 MB, 5 MB goal, 0 MB stacks, 0 MB globals, 20 P
gc 112 @4.757s 0%: 0.085+0.29+0.076 ms clock, 1.7+0.27/0.56/0.039+1.5 ms cpu, 4->4->2 MB, 5 MB goal, 0 MB stacks, 0 MB globals, 20 P
gc 113 @4.758s 0%: 0.075+0.46+0.022 ms clock, 1.5+0.30/0.70/0.036+0.44 ms cpu, 3->5->2 MB, 4 MB goal, 0 MB stacks, 0 MB globals, 20 P
gc 114 @4.759s 0%: 0.071+0.34+0.067 ms clock, 1.4+0.33/0.55/0+1.3 ms cpu, 4->5->2 MB, 4 MB goal, 0 MB stacks, 0 MB globals, 20 P
gc 115 @4.760s 0%: 0.069+0.44+0.072 ms clock, 1.3+0.36/0.61/0.001+1.4 ms cpu, 4->5->2 MB, 5 MB goal, 0 MB stacks, 0 MB globals, 20 P
gc 116 @4.762s 0%: 0.094+0.35+0.040 ms clock, 1.8+0.33/0.64/0+0.81 ms cpu, 4->5->2 MB, 5 MB goal, 0 MB stacks, 0 MB globals, 20 P
gc 117 @4.763s 0%: 0.065+0.51+0.062 ms clock, 1.3+0.34/0.50/0.048+1.2 ms cpu, 4->5->2 MB, 5 MB goal, 0 MB stacks, 0 MB globals, 20 P
gc 118 @4.765s 0%: 0.055+0.32+0.063 ms clock, 1.1+0.23/0.62/0.079+1.2 ms cpu, 4->5->2 MB, 5 MB goal, 0 MB stacks, 0 MB globals, 20 P
gc 119 @4.766s 0%: 0.088+0.40+0.071 ms clock, 1.7+0.38/0.65/0.086+1.4 ms cpu, 3->4->2 MB, 4 MB goal, 0 MB stacks, 0 MB globals, 20 P
gc 120 @4.767s 0%: 0.086+0.60+0.067 ms clock, 1.7+0.25/0.65/0.012+1.3 ms cpu, 4->5->2 MB, 5 MB goal, 0 MB stacks, 0 MB globals, 20 P
gc 121 @4.769s 0%: 0.033+0.42+0.071 ms clock, 0.66+0.13/0.71/0+1.4 ms cpu, 4->5->2 MB, 5 MB goal, 0 MB stacks, 0 MB globals, 20 P
gc 122 @4.770s 0%: 0.078+0.42+0.092 ms clock, 1.5+0.40/0.62/0+1.8 ms cpu, 4->5->2 MB, 5 MB goal, 0 MB stacks, 0 MB globals, 20 P
gc 123 @4.771s 0%: 0.069+0.36+0.069 ms clock, 1.3+0.23/0.62/0.12+1.3 ms cpu, 4->5->2 MB, 5 MB goal, 0 MB stacks, 0 MB globals, 20 P
gc 124 @4.772s 0%: 0.061+0.48+0.056 ms clock, 1.2+0.27/0.66/0.007+1.1 ms cpu, 3->4->2 MB, 4 MB goal, 0 MB stacks, 0 MB globals, 20 P
gc 125 @4.773s 0%: 0.040+0.45+0.096 ms clock, 0.80+0.36/0.57/0.015+1.9 ms cpu, 4->5->2 MB, 5 MB goal, 0 MB stacks, 0 MB globals, 20 P
gc 126 @4.775s 0%: 0.075+0.56+0.067 ms clock, 1.5+0.22/0.67/0+1.3 ms cpu, 4->5->2 MB, 5 MB goal, 0 MB stacks, 0 MB globals, 20 P
gc 127 @4.776s 0%: 0.072+0.44+0.033 ms clock, 1.4+0.39/0.52/0.021+0.66 ms cpu, 4->5->2 MB, 5 MB goal, 0 MB stacks, 0 MB globals, 20 P
gc 128 @4.777s 0%: 0.084+0.60+0.031 ms clock, 1.6+0.40/0.56/0.024+0.62 ms cpu, 4->5->2 MB, 5 MB goal, 0 MB stacks, 0 MB globals, 20 P
gc 129 @4.779s 0%: 0.054+0.45+0.069 ms clock, 1.0+0.23/0.63/0.041+1.3 ms cpu, 5->6->2 MB, 5 MB goal, 0 MB stacks, 0 MB globals, 20 P
gc 130 @4.780s 0%: 0.082+0.31+0.071 ms clock, 1.6+0.36/0.56/0.033+1.4 ms cpu, 4->5->2 MB, 5 MB goal, 0 MB stacks, 0 MB globals, 20 P
gc 131 @4.782s 0%: 0.079+0.41+0.074 ms clock, 1.5+0.31/0.71/0.021+1.4 ms cpu, 4->4->2 MB, 4 MB goal, 0 MB stacks, 0 MB globals, 20 P
gc 132 @4.783s 0%: 0.076+0.50+0.078 ms clock, 1.5+0.18/0.71/0+1.5 ms cpu, 4->5->2 MB, 5 MB goal, 0 MB stacks, 0 MB globals, 20 P
gc 133 @4.784s 0%: 0.067+0.61+0.084 ms clock, 1.3+0.34/0.54/0.034+1.6 ms cpu, 4->5->2 MB, 4 MB goal, 0 MB stacks, 0 MB globals, 20 P
gc 134 @4.786s 0%: 0.042+0.63+0.064 ms clock, 0.84+0.35/0.63/0.041+1.2 ms cpu, 4->6->2 MB, 5 MB goal, 0 MB stacks, 0 MB globals, 20 P
gc 135 @4.787s 0%: 0.060+0.45+0.043 ms clock, 1.2+0.31/0.64/0.050+0.86 ms cpu, 4->6->2 MB, 5 MB goal, 0 MB stacks, 0 MB globals, 20 P
gc 136 @4.788s 0%: 0.064+0.22+0.029 ms clock, 1.2+0.32/0.39/0.18+0.59 ms cpu, 4->4->1 MB, 5 MB goal, 0 MB stacks, 0 MB globals, 20 P
gc 137 @4.789s 0%: 0.034+0.34+0.089 ms clock, 0.68+0.46/0.55/0+1.7 ms cpu, 3->4->2 MB, 4 MB goal, 0 MB stacks, 0 MB globals, 20 P
gc 138 @4.790s 0%: 0.071+0.45+0.063 ms clock, 1.4+0.25/0.62/0.046+1.2 ms cpu, 3->4->2 MB, 4 MB goal, 0 MB stacks, 0 MB globals, 20 P
gc 139 @4.792s 0%: 0.076+0.30+0.025 ms clock, 1.5+0.24/0.57/0.082+0.50 ms cpu, 4->4->1 MB, 5 MB goal, 0 MB stacks, 0 MB globals, 20 P
gc 140 @4.793s 0%: 0.081+0.40+0.049 ms clock, 1.6+0.23/0.68/0+0.99 ms cpu, 3->4->2 MB, 4 MB goal, 0 MB stacks, 0 MB globals, 20 P
gc 141 @4.794s 0%: 0.032+0.50+0.065 ms clock, 0.65+0.24/0.66/0.001+1.3 ms cpu, 4->5->2 MB, 5 MB goal, 0 MB stacks, 0 MB globals, 20 P
gc 142 @4.795s 0%: 0.039+0.52+0.080 ms clock, 0.79+0.26/0.65/0.005+1.6 ms cpu, 4->5->2 MB, 5 MB goal, 0 MB stacks, 0 MB globals, 20 P
gc 143 @4.797s 0%: 0.055+0.35+0.067 ms clock, 1.1+0.22/0.54/0.18+1.3 ms cpu, 4->5->2 MB, 5 MB goal, 0 MB stacks, 0 MB globals, 20 P
gc 144 @4.798s 0%: 0.058+0.45+0.030 ms clock, 1.1+0.22/0.59/0.036+0.61 ms cpu, 4->5->2 MB, 4 MB goal, 0 MB stacks, 0 MB globals, 20 P
gc 145 @4.799s 0%: 0.081+0.30+0.10 ms clock, 1.6+0.25/0.60/0.056+2.1 ms cpu, 4->5->2 MB, 5 MB goal, 0 MB stacks, 0 MB globals, 20 P
gc 146 @4.801s 0%: 0.053+0.37+0.056 ms clock, 1.0+0.28/0.61/0.022+1.1 ms cpu, 4->4->2 MB, 4 MB goal, 0 MB stacks, 0 MB globals, 20 P
gc 147 @4.802s 0%: 0.081+0.39+0.045 ms clock, 1.6+0.35/0.60/0+0.91 ms cpu, 3->4->2 MB, 4 MB goal, 0 MB stacks, 0 MB globals, 20 P
gc 148 @4.803s 0%: 0.066+0.42+0.031 ms clock, 1.3+0.11/0.78/0+0.62 ms cpu, 4->4->2 MB, 4 MB goal, 0 MB stacks, 0 MB globals, 20 P
gc 149 @4.805s 0%: 0.070+0.33+0.061 ms clock, 1.4+0.28/0.63/0+1.2 ms cpu, 4->4->2 MB, 5 MB goal, 0 MB stacks, 0 MB globals, 20 P
gc 150 @4.806s 0%: 0.058+0.26+0.041 ms clock, 1.1+0.23/0.61/0.005+0.82 ms cpu, 4->4->2 MB, 4 MB goal, 0 MB stacks, 0 MB globals, 20 P
gc 151 @4.807s 0%: 0.076+0.61+0.012 ms clock, 1.5+0.28/0.58/0+0.24 ms cpu, 3->4->2 MB, 4 MB goal, 0 MB stacks, 0 MB globals, 20 P
gc 152 @4.808s 0%: 0.084+0.54+0.086 ms clock, 1.6+0.25/0.66/0.004+1.7 ms cpu, 4->5->2 MB, 4 MB goal, 0 MB stacks, 0 MB globals, 20 P
gc 153 @4.810s 0%: 0.061+0.46+0.056 ms clock, 1.2+0.34/0.72/0+1.1 ms cpu, 4->6->2 MB, 5 MB goal, 0 MB stacks, 0 MB globals, 20 P
gc 154 @4.811s 0%: 0.077+0.42+0.066 ms clock, 1.5+0.30/0.64/0.017+1.3 ms cpu, 4->5->2 MB, 5 MB goal, 0 MB stacks, 0 MB globals, 20 P
gc 155 @4.812s 0%: 0.068+0.47+0.038 ms clock, 1.3+0.23/0.71/0.019+0.77 ms cpu, 4->5->2 MB, 5 MB goal, 0 MB stacks, 0 MB globals, 20 P
gc 156 @4.814s 0%: 0.048+0.51+0.074 ms clock, 0.97+0.28/0.63/0.048+1.4 ms cpu, 4->5->2 MB, 5 MB goal, 0 MB stacks, 0 MB globals, 20 P
gc 157 @4.815s 0%: 0.062+0.26+0.050 ms clock, 1.2+0.32/0.54/0.038+1.0 ms cpu, 4->4->1 MB, 5 MB goal, 0 MB stacks, 0 MB globals, 20 P
gc 158 @4.817s 0%: 0.079+0.39+0.027 ms clock, 1.5+0.39/0.50/0+0.54 ms cpu, 3->4->2 MB, 4 MB goal, 0 MB stacks, 0 MB globals, 20 P
gc 159 @4.818s 0%: 0.027+0.47+0.055 ms clock, 0.55+0.079/0.72/0.027+1.1 ms cpu, 4->5->2 MB, 4 MB goal, 0 MB stacks, 0 MB globals, 20 P
gc 160 @4.819s 0%: 0.073+0.48+0.073 ms clock, 1.4+0.31/0.70/0+1.4 ms cpu, 4->5->2 MB, 5 MB goal, 0 MB stacks, 0 MB globals, 20 P
gc 161 @4.821s 0%: 0.044+0.32+0.017 ms clock, 0.89+0.25/0.51/0.12+0.35 ms cpu, 4->5->2 MB, 5 MB goal, 0 MB stacks, 0 MB globals, 20 P
gc 162 @4.822s 0%: 0.070+0.28+0.054 ms clock, 1.4+0.26/0.61/0.016+1.0 ms cpu, 3->4->2 MB, 4 MB goal, 0 MB stacks, 0 MB globals, 20 P
gc 163 @4.823s 0%: 0.080+0.41+0.074 ms clock, 1.6+0.23/0.61/0.007+1.4 ms cpu, 3->4->2 MB, 4 MB goal, 0 MB stacks, 0 MB globals, 20 P
gc 164 @4.824s 0%: 0.068+0.36+0.014 ms clock, 1.3+0.32/0.58/0.072+0.29 ms cpu, 4->4->2 MB, 4 MB goal, 0 MB stacks, 0 MB globals, 20 P
gc 165 @4.826s 0%: 0.058+0.32+0.051 ms clock, 1.1+0.42/0.72/0+1.0 ms cpu, 3->4->2 MB, 4 MB goal, 0 MB stacks, 0 MB globals, 20 P
gc 166 @4.827s 0%: 0.033+0.24+0.026 ms clock, 0.67+0.12/0.48/0.10+0.53 ms cpu, 4->4->1 MB, 4 MB goal, 0 MB stacks, 0 MB globals, 20 P
gc 167 @4.828s 0%: 0.059+0.37+0.075 ms clock, 1.1+0.17/0.70/0.006+1.5 ms cpu, 3->4->2 MB, 4 MB goal, 0 MB stacks, 0 MB globals, 20 P
gc 168 @4.829s 0%: 0.072+0.56+0.073 ms clock, 1.4+0.44/0.71/0.002+1.4 ms cpu, 4->5->2 MB, 4 MB goal, 0 MB stacks, 0 MB globals, 20 P
gc 169 @4.830s 0%: 0.022+0.23+0.035 ms clock, 0.44+0.23/0.61/0.095+0.71 ms cpu, 4->5->1 MB, 5 MB goal, 0 MB stacks, 0 MB globals, 20 P
gc 170 @4.831s 0%: 0.092+0.29+0.081 ms clock, 1.8+0.24/0.52/0.021+1.6 ms cpu, 3->4->2 MB, 4 MB goal, 0 MB stacks, 0 MB globals, 20 P
gc 171 @4.833s 0%: 0.065+0.31+0.075 ms clock, 1.3+0.28/0.68/0+1.5 ms cpu, 4->4->2 MB, 4 MB goal, 0 MB stacks, 0 MB globals, 20 P
gc 172 @4.834s 0%: 0.074+0.32+0.082 ms clock, 1.4+0.30/0.53/0+1.6 ms cpu, 4->4->2 MB, 4 MB goal, 0 MB stacks, 0 MB globals, 20 P
gc 173 @4.835s 0%: 0.080+0.41+0.041 ms clock, 1.6+0.33/0.64/0.075+0.82 ms cpu, 4->4->2 MB, 4 MB goal, 0 MB stacks, 0 MB globals, 20 P
gc 174 @4.836s 0%: 0.082+0.29+0.057 ms clock, 1.6+0.22/0.57/0+1.1 ms cpu, 4->4->2 MB, 4 MB goal, 0 MB stacks, 0 MB globals, 20 P
gc 175 @4.837s 0%: 0.050+0.46+0.063 ms clock, 1.0+0.37/0.61/0.021+1.2 ms cpu, 4->5->2 MB, 4 MB goal, 0 MB stacks, 0 MB globals, 20 P
gc 176 @4.839s 0%: 0.045+0.33+0.061 ms clock, 0.91+0.30/0.65/0.007+1.2 ms cpu, 4->5->2 MB, 5 MB goal, 0 MB stacks, 0 MB globals, 20 P
gc 177 @4.840s 0%: 0.075+0.48+0.070 ms clock, 1.5+0.31/0.50/0.049+1.4 ms cpu, 4->5->2 MB, 4 MB goal, 0 MB stacks, 0 MB globals, 20 P
gc 178 @4.842s 0%: 0.074+0.30+0.14 ms clock, 1.4+0.37/0.59/0.008+2.8 ms cpu, 4->5->2 MB, 5 MB goal, 0 MB stacks, 0 MB globals, 20 P
gc 179 @4.843s 0%: 0.067+0.51+0.052 ms clock, 1.3+0.35/0.59/0.012+1.0 ms cpu, 4->5->2 MB, 5 MB goal, 0 MB stacks, 0 MB globals, 20 P
gc 180 @4.844s 0%: 0.090+0.34+0.056 ms clock, 1.8+0.26/0.64/0.028+1.1 ms cpu, 4->5->2 MB, 5 MB goal, 0 MB stacks, 0 MB globals, 20 P
gc 181 @4.846s 0%: 0.073+0.38+0.028 ms clock, 1.4+0.040/0.84/0.006+0.56 ms cpu, 4->4->2 MB, 4 MB goal, 0 MB stacks, 0 MB globals, 20 P
gc 182 @4.847s 0%: 0.037+0.42+0.067 ms clock, 0.74+0.30/0.61/0.044+1.3 ms cpu, 4->5->2 MB, 4 MB goal, 0 MB stacks, 0 MB globals, 20 P
gc 183 @4.848s 0%: 0.056+0.38+0.034 ms clock, 1.1+0.26/0.62/0.066+0.69 ms cpu, 4->4->2 MB, 4 MB goal, 0 MB stacks, 0 MB globals, 20 P
gc 184 @4.850s 0%: 0.077+0.28+0.10 ms clock, 1.5+0.33/0.51/0+2.0 ms cpu, 4->4->2 MB, 4 MB goal, 0 MB stacks, 0 MB globals, 20 P
gc 185 @4.851s 0%: 0.050+0.36+0.073 ms clock, 1.0+0.21/0.64/0.009+1.4 ms cpu, 3->4->2 MB, 4 MB goal, 0 MB stacks, 0 MB globals, 20 P
gc 186 @4.852s 0%: 0.10+0.29+0.059 ms clock, 2.0+0.29/0.70/0.017+1.1 ms cpu, 4->5->2 MB, 4 MB goal, 0 MB stacks, 0 MB globals, 20 P
gc 187 @4.853s 0%: 0.076+0.43+0.068 ms clock, 1.5+0.31/0.68/0.038+1.3 ms cpu, 3->4->2 MB, 4 MB goal, 0 MB stacks, 0 MB globals, 20 P
gc 188 @4.854s 0%: 0.022+0.53+0.065 ms clock, 0.44+0.25/0.79/0.13+1.3 ms cpu, 4->5->2 MB, 5 MB goal, 0 MB stacks, 0 MB globals, 20 P
gc 189 @4.856s 0%: 0.045+0.32+0.017 ms clock, 0.90+0.19/0.61/0.014+0.34 ms cpu, 4->5->2 MB, 5 MB goal, 0 MB stacks, 0 MB globals, 20 P
gc 190 @4.857s 0%: 0.078+0.35+0.070 ms clock, 1.5+0.32/0.64/0.043+1.4 ms cpu, 4->4->2 MB, 4 MB goal, 0 MB stacks, 0 MB globals, 20 P
gc 191 @4.858s 0%: 0.072+0.30+0.022 ms clock, 1.4+0.25/0.61/0.005+0.44 ms cpu, 4->4->2 MB, 4 MB goal, 0 MB stacks, 0 MB globals, 20 P
gc 192 @4.859s 0%: 0.081+0.27+0.048 ms clock, 1.6+0.39/0.68/0.004+0.96 ms cpu, 3->4->2 MB, 4 MB goal, 0 MB stacks, 0 MB globals, 20 P
gc 193 @4.860s 0%: 0.045+0.37+0.013 ms clock, 0.91+0.25/0.63/0.019+0.26 ms cpu, 4->4->2 MB, 4 MB goal, 0 MB stacks, 0 MB globals, 20 P
gc 194 @4.862s 0%: 0.071+0.42+0.055 ms clock, 1.4+0.37/0.55/0.078+1.1 ms cpu, 3->5->2 MB, 4 MB goal, 0 MB stacks, 0 MB globals, 20 P
gc 195 @4.863s 0%: 0.080+0.36+0.083 ms clock, 1.6+0.38/0.54/0.040+1.6 ms cpu, 4->4->2 MB, 4 MB goal, 0 MB stacks, 0 MB globals, 20 P
gc 196 @4.864s 0%: 0.055+0.38+0.048 ms clock, 1.1+0.35/0.61/0+0.96 ms cpu, 4->4->2 MB, 4 MB goal, 0 MB stacks, 0 MB globals, 20 P
gc 197 @4.866s 0%: 0.048+0.47+0.062 ms clock, 0.97+0.37/0.71/0.012+1.2 ms cpu, 4->5->2 MB, 5 MB goal, 0 MB stacks, 0 MB globals, 20 P
gc 198 @4.867s 0%: 0.077+0.33+0.075 ms clock, 1.5+0.40/0.63/0+1.5 ms cpu, 4->5->2 MB, 5 MB goal, 0 MB stacks, 0 MB globals, 20 P
gc 199 @4.869s 0%: 0.027+0.32+0.057 ms clock, 0.55+0.23/0.53/0.15+1.1 ms cpu, 4->5->2 MB, 5 MB goal, 0 MB stacks, 0 MB globals, 20 P
gc 200 @4.870s 0%: 0.088+0.45+0.051 ms clock, 1.7+0.20/0.70/0+1.0 ms cpu, 4->4->2 MB, 4 MB goal, 0 MB stacks, 0 MB globals, 20 P
gc 201 @4.871s 0%: 0.064+0.38+0.031 ms clock, 1.2+0.31/0.61/0.003+0.63 ms cpu, 4->5->2 MB, 4 MB goal, 0 MB stacks, 0 MB globals, 20 P
gc 202 @4.873s 0%: 0.078+0.45+0.057 ms clock, 1.5+0.28/0.62/0.028+1.1 ms cpu, 4->5->2 MB, 5 MB goal, 0 MB stacks, 0 MB globals, 20 P
gc 203 @4.874s 0%: 0.032+0.34+0.059 ms clock, 0.64+0.39/0.60/0.068+1.1 ms cpu, 4->5->2 MB, 5 MB goal, 0 MB stacks, 0 MB globals, 20 P
gc 204 @4.875s 0%: 0.070+0.34+0.036 ms clock, 1.4+0.33/0.61/0.002+0.72 ms cpu, 4->4->2 MB, 4 MB goal, 0 MB stacks, 0 MB globals, 20 P
gc 205 @4.876s 0%: 0.091+0.42+0.004 ms clock, 1.8+0.26/0.76/0.002+0.085 ms cpu, 3->4->2 MB, 4 MB goal, 0 MB stacks, 0 MB globals, 20 P
gc 206 @4.877s 0%: 0.061+0.39+0.073 ms clock, 1.2+0.26/0.51/0.008+1.4 ms cpu, 4->4->2 MB, 4 MB goal, 0 MB stacks, 0 MB globals, 20 P
gc 207 @4.878s 0%: 0.078+0.48+0.005 ms clock, 1.5+0.18/0.77/0+0.10 ms cpu, 3->4->2 MB, 4 MB goal, 0 MB stacks, 0 MB globals, 20 P
gc 208 @4.880s 0%: 0.056+0.34+0.083 ms clock, 1.1+0.31/0.51/0.076+1.6 ms cpu, 4->4->2 MB, 4 MB goal, 0 MB stacks, 0 MB globals, 20 P
gc 209 @4.881s 0%: 0.083+0.36+0.082 ms clock, 1.6+0.15/0.70/0.001+1.6 ms cpu, 3->4->2 MB, 4 MB goal, 0 MB stacks, 0 MB globals, 20 P
gc 210 @4.882s 0%: 0.066+0.52+0.024 ms clock, 1.3+0.26/0.69/0.014+0.48 ms cpu, 3->4->2 MB, 4 MB goal, 0 MB stacks, 0 MB globals, 20 P
gc 211 @4.883s 0%: 0.089+0.41+0.043 ms clock, 1.7+0.46/0.59/0.040+0.87 ms cpu, 4->5->2 MB, 4 MB goal, 0 MB stacks, 0 MB globals, 20 P
gc 212 @4.885s 0%: 0.079+0.40+0.072 ms clock, 1.5+0.27/0.70/0.066+1.4 ms cpu, 4->5->2 MB, 5 MB goal, 0 MB stacks, 0 MB globals, 20 P
gc 213 @4.886s 0%: 0.047+0.35+0.052 ms clock, 0.94+0.23/0.58/0.022+1.0 ms cpu, 4->5->2 MB, 5 MB goal, 0 MB stacks, 0 MB globals, 20 P
gc 214 @4.887s 0%: 0.058+0.41+0.051 ms clock, 1.1+0.36/0.61/0.035+1.0 ms cpu, 4->4->2 MB, 4 MB goal, 0 MB stacks, 0 MB globals, 20 P
gc 215 @4.888s 0%: 0.10+0.48+0.058 ms clock, 2.0+0.40/0.54/0.004+1.1 ms cpu, 3->4->2 MB, 4 MB goal, 0 MB stacks, 0 MB globals, 20 P
gc 216 @4.890s 0%: 0.036+0.37+0.073 ms clock, 0.73+0.37/0.60/0.010+1.4 ms cpu, 4->5->2 MB, 5 MB goal, 0 MB stacks, 0 MB globals, 20 P
gc 217 @4.891s 0%: 0.062+0.52+0.074 ms clock, 1.2+0.34/0.72/0+1.4 ms cpu, 4->5->2 MB, 4 MB goal, 0 MB stacks, 0 MB globals, 20 P
gc 218 @4.893s 0%: 0.062+0.32+0.075 ms clock, 1.2+0.29/0.62/0.027+1.5 ms cpu, 4->5->2 MB, 5 MB goal, 0 MB stacks, 0 MB globals, 20 P
gc 219 @4.894s 0%: 0.069+0.28+0.060 ms clock, 1.3+0.23/0.65/0+1.2 ms cpu, 4->4->2 MB, 4 MB goal, 0 MB stacks, 0 MB globals, 20 P
gc 220 @4.895s 0%: 0.075+0.46+0.071 ms clock, 1.5+0.26/0.59/0.024+1.4 ms cpu, 4->5->2 MB, 4 MB goal, 0 MB stacks, 0 MB globals, 20 P
gc 221 @4.896s 0%: 0.068+0.57+0.059 ms clock, 1.3+0.31/0.57/0+1.1 ms cpu, 4->5->2 MB, 5 MB goal, 0 MB stacks, 0 MB globals, 20 P
gc 222 @4.898s 0%: 0.072+0.26+0.061 ms clock, 1.4+0.34/0.52/0.047+1.2 ms cpu, 4->5->2 MB, 5 MB goal, 0 MB stacks, 0 MB globals, 20 P
gc 223 @4.898s 0%: 0.067+0.41+0.023 ms clock, 1.3+0.52/0.54/0.036+0.47 ms cpu, 3->4->2 MB, 4 MB goal, 0 MB stacks, 0 MB globals, 20 P
gc 224 @4.900s 0%: 0.087+0.44+0.014 ms clock, 1.7+0.38/0.60/0+0.28 ms cpu, 4->5->2 MB, 5 MB goal, 0 MB stacks, 0 MB globals, 20 P
gc 225 @4.901s 0%: 0.057+0.44+0.063 ms clock, 1.1+0.24/0.51/0.084+1.2 ms cpu, 4->5->2 MB, 5 MB goal, 0 MB stacks, 0 MB globals, 20 P
gc 226 @4.902s 0%: 0.063+0.42+0.025 ms clock, 1.2+0.17/0.76/0.004+0.51 ms cpu, 4->5->2 MB, 5 MB goal, 0 MB stacks, 0 MB globals, 20 P
gc 227 @4.903s 0%: 0.088+0.48+0.093 ms clock, 1.7+0.34/0.72/0+1.8 ms cpu, 4->5->2 MB, 4 MB goal, 0 MB stacks, 0 MB globals, 20 P
gc 228 @4.905s 0%: 0.064+0.46+0.066 ms clock, 1.2+0.43/0.52/0.078+1.3 ms cpu, 4->5->2 MB, 5 MB goal, 0 MB stacks, 0 MB globals, 20 P
gc 229 @4.906s 0%: 0.088+0.46+0.003 ms clock, 1.7+0.33/0.56/0+0.078 ms cpu, 4->5->2 MB, 5 MB goal, 0 MB stacks, 0 MB globals, 20 P
gc 230 @4.907s 0%: 0.062+0.50+0.054 ms clock, 1.2+0.24/0.63/0.027+1.0 ms cpu, 4->5->2 MB, 5 MB goal, 0 MB stacks, 0 MB globals, 20 P
gc 231 @4.909s 0%: 0.048+0.43+0.024 ms clock, 0.96+0.34/0.56/0+0.49 ms cpu, 4->5->2 MB, 5 MB goal, 0 MB stacks, 0 MB globals, 20 P
gc 232 @4.910s 0%: 0.083+0.37+0.081 ms clock, 1.6+0.27/0.72/0.052+1.6 ms cpu, 4->4->2 MB, 4 MB goal, 0 MB stacks, 0 MB globals, 20 P
gc 233 @4.911s 0%: 0.088+0.40+0.087 ms clock, 1.7+0.39/0.61/0+1.7 ms cpu, 4->5->2 MB, 4 MB goal, 0 MB stacks, 0 MB globals, 20 P
gc 234 @4.912s 0%: 0.072+0.39+0.057 ms clock, 1.4+0.27/0.63/0.015+1.1 ms cpu, 4->5->2 MB, 5 MB goal, 0 MB stacks, 0 MB globals, 20 P
gc 235 @4.913s 0%: 0.10+0.39+0.063 ms clock, 2.1+0.23/0.75/0.009+1.2 ms cpu, 4->5->2 MB, 5 MB goal, 0 MB stacks, 0 MB globals, 20 P
gc 236 @4.915s 0%: 0.051+0.45+0.071 ms clock, 1.0+0.37/0.63/0.002+1.4 ms cpu, 4->5->2 MB, 5 MB goal, 0 MB stacks, 0 MB globals, 20 P
gc 237 @4.916s 0%: 0.10+0.42+0.016 ms clock, 2.0+0.36/0.54/0+0.32 ms cpu, 4->5->2 MB, 5 MB goal, 0 MB stacks, 0 MB globals, 20 P
gc 238 @4.918s 0%: 0.048+0.57+0.068 ms clock, 0.97+0.35/0.52/0+1.3 ms cpu, 4->5->2 MB, 5 MB goal, 0 MB stacks, 0 MB globals, 20 P
gc 239 @4.919s 0%: 0.037+0.40+0.035 ms clock, 0.75+0.24/0.68/0.15+0.71 ms cpu, 4->5->2 MB, 5 MB goal, 0 MB stacks, 0 MB globals, 20 P
gc 240 @4.920s 0%: 0.082+0.30+0.090 ms clock, 1.6+0.27/0.64/0+1.8 ms cpu, 4->5->2 MB, 4 MB goal, 0 MB stacks, 0 MB globals, 20 P
gc 241 @4.921s 0%: 0.087+0.39+0.053 ms clock, 1.7+0.30/0.54/0.071+1.0 ms cpu, 4->4->2 MB, 4 MB goal, 0 MB stacks, 0 MB globals, 20 P
gc 242 @4.923s 0%: 0.050+0.24+0.032 ms clock, 1.0+0.27/0.56/0.18+0.65 ms cpu, 3->4->1 MB, 4 MB goal, 0 MB stacks, 0 MB globals, 20 P
gc 243 @4.923s 0%: 0.065+0.36+0.038 ms clock, 1.3+0.37/0.62/0.029+0.77 ms cpu, 3->4->2 MB, 4 MB goal, 0 MB stacks, 0 MB globals, 20 P
gc 244 @4.924s 0%: 0.084+0.56+0.021 ms clock, 1.6+0.31/0.64/0.002+0.42 ms cpu, 4->5->2 MB, 4 MB goal, 0 MB stacks, 0 MB globals, 20 P
gc 245 @4.926s 0%: 0.066+0.26+0.049 ms clock, 1.3+0.33/0.58/0+0.98 ms cpu, 4->5->2 MB, 5 MB goal, 0 MB stacks, 0 MB globals, 20 P
gc 246 @4.927s 0%: 0.078+0.45+0.041 ms clock, 1.5+0.36/0.65/0.005+0.83 ms cpu, 3->4->2 MB, 4 MB goal, 0 MB stacks, 0 MB globals, 20 P
gc 247 @4.928s 0%: 0.072+0.33+0.061 ms clock, 1.4+0.38/0.64/0.051+1.2 ms cpu, 4->5->2 MB, 4 MB goal, 0 MB stacks, 0 MB globals, 20 P
gc 248 @4.929s 0%: 0.065+0.35+0.054 ms clock, 1.3+0.32/0.48/0.077+1.0 ms cpu, 4->4->2 MB, 4 MB goal, 0 MB stacks, 0 MB globals, 20 P
gc 249 @4.930s 0%: 0.065+0.25+0.056 ms clock, 1.3+0.37/0.57/0.026+1.1 ms cpu, 3->4->2 MB, 4 MB goal, 0 MB stacks, 0 MB globals, 20 P
gc 250 @4.931s 0%: 0.10+0.45+0.004 ms clock, 2.0+0.34/0.67/0.074+0.083 ms cpu, 3->4->2 MB, 4 MB goal, 0 MB stacks, 0 MB globals, 20 P
gc 251 @4.932s 0%: 0.055+0.34+0.068 ms clock, 1.1+0.34/0.52/0.020+1.3 ms cpu, 4->4->2 MB, 4 MB goal, 0 MB stacks, 0 MB globals, 20 P
gc 252 @4.933s 0%: 0.078+0.49+0.026 ms clock, 1.5+0.26/0.63/0.031+0.52 ms cpu, 3->5->2 MB, 4 MB goal, 0 MB stacks, 0 MB globals, 20 P
gc 253 @4.935s 0%: 0.060+0.36+0.049 ms clock, 1.2+0.37/0.66/0.039+0.98 ms cpu, 4->5->2 MB, 5 MB goal, 0 MB stacks, 0 MB globals, 20 P
gc 254 @4.936s 0%: 0.060+0.44+0.021 ms clock, 1.2+0.19/0.60/0.10+0.43 ms cpu, 4->5->2 MB, 5 MB goal, 0 MB stacks, 0 MB globals, 20 P
gc 255 @4.937s 0%: 0.033+0.35+0.023 ms clock, 0.66+0.27/0.71/0.001+0.46 ms cpu, 4->4->2 MB, 4 MB goal, 0 MB stacks, 0 MB globals, 20 P
gc 256 @4.938s 0%: 0.043+0.35+0.047 ms clock, 0.86+0.13/0.65/0.041+0.94 ms cpu, 3->4->2 MB, 4 MB goal, 0 MB stacks, 0 MB globals, 20 P
gc 257 @4.940s 0%: 0.079+0.41+0.12 ms clock, 1.5+0.26/0.65/0+2.4 ms cpu, 4->5->2 MB, 4 MB goal, 0 MB stacks, 0 MB globals, 20 P
gc 258 @4.941s 0%: 0.064+0.27+0.057 ms clock, 1.2+0.20/0.60/0.039+1.1 ms cpu, 4->4->2 MB, 5 MB goal, 0 MB stacks, 0 MB globals, 20 P
gc 259 @4.942s 0%: 0.066+0.53+0.070 ms clock, 1.3+0.32/0.55/0+1.4 ms cpu, 3->4->2 MB, 4 MB goal, 0 MB stacks, 0 MB globals, 20 P
gc 260 @4.944s 0%: 0.076+0.25+0.069 ms clock, 1.5+0.34/0.56/0.18+1.3 ms cpu, 4->4->2 MB, 5 MB goal, 0 MB stacks, 0 MB globals, 20 P
gc 261 @4.945s 0%: 0.065+0.29+0.072 ms clock, 1.3+0.35/0.65/0.012+1.4 ms cpu, 3->4->2 MB, 4 MB goal, 0 MB stacks, 0 MB globals, 20 P
gc 262 @4.946s 0%: 0.10+0.47+0.017 ms clock, 2.0+0.39/0.55/0+0.34 ms cpu, 4->5->2 MB, 4 MB goal, 0 MB stacks, 0 MB globals, 20 P
gc 263 @4.947s 0%: 0.074+0.27+0.077 ms clock, 1.4+0.32/0.60/0+1.5 ms cpu, 4->4->2 MB, 5 MB goal, 0 MB stacks, 0 MB globals, 20 P
gc 264 @4.948s 0%: 0.057+0.51+0.068 ms clock, 1.1+0.40/0.56/0.032+1.3 ms cpu, 3->4->2 MB, 4 MB goal, 0 MB stacks, 0 MB globals, 20 P
gc 265 @4.949s 0%: 0.036+0.36+0.071 ms clock, 0.73+0.33/0.57/0+1.4 ms cpu, 4->5->2 MB, 4 MB goal, 0 MB stacks, 0 MB globals, 20 P
gc 266 @4.951s 0%: 0.062+0.32+0.065 ms clock, 1.2+0.25/0.73/0.022+1.3 ms cpu, 3->5->2 MB, 4 MB goal, 0 MB stacks, 0 MB globals, 20 P
gc 267 @4.952s 0%: 0.076+0.28+0.060 ms clock, 1.5+0.23/0.65/0.002+1.2 ms cpu, 4->4->2 MB, 5 MB goal, 0 MB stacks, 0 MB globals, 20 P
gc 268 @4.953s 0%: 0.055+0.31+0.069 ms clock, 1.1+0.33/0.67/0+1.3 ms cpu, 3->4->2 MB, 4 MB goal, 0 MB stacks, 0 MB globals, 20 P
gc 269 @4.954s 0%: 0.077+0.55+0.064 ms clock, 1.5+0.24/0.61/0.027+1.2 ms cpu, 4->5->2 MB, 4 MB goal, 0 MB stacks, 0 MB globals, 20 P
gc 270 @4.956s 0%: 0.045+0.28+0.055 ms clock, 0.91+0.25/0.57/0.013+1.1 ms cpu, 4->4->2 MB, 5 MB goal, 0 MB stacks, 0 MB globals, 20 P
gc 271 @4.957s 0%: 0.070+0.40+0.063 ms clock, 1.4+0.35/0.56/0.019+1.2 ms cpu, 3->4->2 MB, 4 MB goal, 0 MB stacks, 0 MB globals, 20 P
gc 272 @4.958s 0%: 0.069+0.65+0.043 ms clock, 1.3+0.16/0.96/0+0.86 ms cpu, 4->5->2 MB, 4 MB goal, 0 MB stacks, 0 MB globals, 20 P
gc 273 @4.959s 0%: 0.048+0.40+0.076 ms clock, 0.96+0.37/0.57/0.059+1.5 ms cpu, 4->5->2 MB, 5 MB goal, 0 MB stacks, 0 MB globals, 20 P
gc 274 @4.961s 0%: 0.075+0.48+0.070 ms clock, 1.5+0.35/0.59/0.013+1.4 ms cpu, 4->5->2 MB, 5 MB goal, 0 MB stacks, 0 MB globals, 20 P
gc 275 @4.963s 0%: 0.063+0.28+0.041 ms clock, 1.2+0.36/0.60/0+0.83 ms cpu, 4->5->2 MB, 5 MB goal, 0 MB stacks, 0 MB globals, 20 P
gc 276 @4.964s 0%: 0.077+0.53+0.015 ms clock, 1.5+0.23/0.60/0+0.31 ms cpu, 3->5->2 MB, 4 MB goal, 0 MB stacks, 0 MB globals, 20 P
gc 277 @4.965s 0%: 0.067+0.63+0.065 ms clock, 1.3+0.39/0.60/0.006+1.3 ms cpu, 4->5->2 MB, 5 MB goal, 0 MB stacks, 0 MB globals, 20 P
gc 278 @4.967s 0%: 0.079+0.45+0.069 ms clock, 1.5+0.34/0.63/0.062+1.3 ms cpu, 4->6->2 MB, 5 MB goal, 0 MB stacks, 0 MB globals, 20 P
gc 279 @4.969s 0%: 0.10+0.38+0.056 ms clock, 2.0+0.30/0.69/0+1.1 ms cpu, 4->5->2 MB, 5 MB goal, 0 MB stacks, 0 MB globals, 20 P
gc 280 @4.969s 0%: 0.074+0.35+0.064 ms clock, 1.4+0.30/0.61/0.040+1.2 ms cpu, 4->4->2 MB, 5 MB goal, 0 MB stacks, 0 MB globals, 20 P
gc 281 @4.971s 0%: 0.062+0.49+0.010 ms clock, 1.2+0.43/0.57/0.033+0.20 ms cpu, 4->4->2 MB, 4 MB goal, 0 MB stacks, 0 MB globals, 20 P
gc 282 @4.972s 0%: 0.080+0.55+0.010 ms clock, 1.6+0.28/0.65/0+0.21 ms cpu, 4->5->2 MB, 4 MB goal, 0 MB stacks, 0 MB globals, 20 P
gc 283 @4.974s 0%: 0.064+0.24+0.060 ms clock, 1.2+0.38/0.59/0.019+1.2 ms cpu, 4->5->2 MB, 5 MB goal, 0 MB stacks, 0 MB globals, 20 P
gc 284 @4.975s 0%: 0.072+0.53+0.040 ms clock, 1.4+0.30/0.64/0.002+0.81 ms cpu, 3->4->2 MB, 4 MB goal, 0 MB stacks, 0 MB globals, 20 P
gc 285 @4.976s 0%: 0.027+0.24+0.080 ms clock, 0.54+0.40/0.57/0+1.6 ms cpu, 4->5->2 MB, 5 MB goal, 0 MB stacks, 0 MB globals, 20 P
gc 286 @4.977s 0%: 0.050+0.55+0.044 ms clock, 1.0+0.13/0.75/0.001+0.89 ms cpu, 3->4->2 MB, 4 MB goal, 0 MB stacks, 0 MB globals, 20 P
gc 287 @4.979s 0%: 0.085+0.38+0.059 ms clock, 1.7+0.38/0.58/0.052+1.1 ms cpu, 4->5->2 MB, 5 MB goal, 0 MB stacks, 0 MB globals, 20 P
gc 288 @4.980s 0%: 0.074+0.46+0.082 ms clock, 1.4+0.26/0.70/0.001+1.6 ms cpu, 4->5->2 MB, 5 MB goal, 0 MB stacks, 0 MB globals, 20 P
gc 289 @4.982s 0%: 0.049+0.31+0.053 ms clock, 0.99+0.19/0.78/0.041+1.0 ms cpu, 4->5->2 MB, 5 MB goal, 0 MB stacks, 0 MB globals, 20 P
gc 290 @4.983s 0%: 0.070+0.35+0.075 ms clock, 1.4+0.32/0.64/0.002+1.5 ms cpu, 4->4->2 MB, 4 MB goal, 0 MB stacks, 0 MB globals, 20 P
gc 291 @4.984s 0%: 0.11+0.32+0.046 ms clock, 2.2+0.43/0.64/0+0.92 ms cpu, 4->4->2 MB, 4 MB goal, 0 MB stacks, 0 MB globals, 20 P
gc 292 @4.986s 0%: 0.037+0.46+0.065 ms clock, 0.75+0.24/0.73/0.065+1.3 ms cpu, 4->4->2 MB, 4 MB goal, 0 MB stacks, 0 MB globals, 20 P
gc 293 @4.987s 0%: 0.081+0.30+0.057 ms clock, 1.6+0.34/0.57/0.005+1.1 ms cpu, 4->4->2 MB, 4 MB goal, 0 MB stacks, 0 MB globals, 20 P
gc 294 @4.988s 0%: 0.073+0.48+0.063 ms clock, 1.4+0.28/0.69/0.012+1.2 ms cpu, 4->4->2 MB, 4 MB goal, 0 MB stacks, 0 MB globals, 20 P
gc 295 @4.989s 0%: 0.079+0.36+0.087 ms clock, 1.5+0.42/0.56/0+1.7 ms cpu, 4->5->2 MB, 5 MB goal, 0 MB stacks, 0 MB globals, 20 P
gc 296 @4.990s 0%: 0.057+0.31+0.092 ms clock, 1.1+0.43/0.57/0.005+1.8 ms cpu, 4->5->2 MB, 5 MB goal, 0 MB stacks, 0 MB globals, 20 P
gc 297 @4.992s 0%: 0.061+0.27+0.072 ms clock, 1.2+0.48/0.51/0.019+1.4 ms cpu, 4->4->2 MB, 4 MB goal, 0 MB stacks, 0 MB globals, 20 P
gc 298 @4.993s 0%: 0.070+0.40+0.055 ms clock, 1.4+0.44/0.54/0.010+1.1 ms cpu, 3->4->2 MB, 4 MB goal, 0 MB stacks, 0 MB globals, 20 P
gc 299 @4.994s 0%: 0.076+0.31+0.028 ms clock, 1.5+0.31/0.58/0.063+0.56 ms cpu, 4->4->2 MB, 4 MB goal, 0 MB stacks, 0 MB globals, 20 P
gc 300 @4.995s 0%: 0.038+0.34+0.072 ms clock, 0.77+0.22/0.62/0.12+1.4 ms cpu, 3->4->2 MB, 4 MB goal, 0 MB stacks, 0 MB globals, 20 P
gc 301 @4.996s 0%: 0.064+0.25+0.11 ms clock, 1.2+0.30/0.69/0+2.2 ms cpu, 3->4->2 MB, 4 MB goal, 0 MB stacks, 0 MB globals, 20 P
gc 302 @4.997s 0%: 0.065+0.37+0.028 ms clock, 1.3+0.29/0.62/0.004+0.57 ms cpu, 3->4->2 MB, 4 MB goal, 0 MB stacks, 0 MB globals, 20 P
gc 303 @4.998s 0%: 0.036+0.22+0.010 ms clock, 0.73+0.27/0.59/0.008+0.21 ms cpu, 4->4->1 MB, 4 MB goal, 0 MB stacks, 0 MB globals, 20 P
gc 304 @4.999s 0%: 0.037+0.41+0.025 ms clock, 0.74+0.28/0.74/0.015+0.50 ms cpu, 3->4->2 MB, 4 MB goal, 0 MB stacks, 0 MB globals, 20 P
gc 305 @5.000s 0%: 0.072+0.41+0.037 ms clock, 1.4+0.34/0.56/0.010+0.74 ms cpu, 3->5->2 MB, 4 MB goal, 0 MB stacks, 0 MB globals, 20 P
gc 306 @5.002s 0%: 0.063+0.44+0.050 ms clock, 1.2+0.35/0.63/0.067+1.0 ms cpu, 4->5->2 MB, 5 MB goal, 0 MB stacks, 0 MB globals, 20 P
gc 307 @5.003s 0%: 0.070+0.25+0.015 ms clock, 1.4+0.21/0.54/0.058+0.31 ms cpu, 4->4->1 MB, 5 MB goal, 0 MB stacks, 0 MB globals, 20 P
gc 308 @5.004s 0%: 0.071+0.45+0.024 ms clock, 1.4+0.38/0.64/0+0.49 ms cpu, 3->4->2 MB, 4 MB goal, 0 MB stacks, 0 MB globals, 20 P
gc 309 @5.005s 0%: 0.047+0.28+0.025 ms clock, 0.94+0.32/0.58/0.089+0.50 ms cpu, 4->5->2 MB, 5 MB goal, 0 MB stacks, 0 MB globals, 20 P
gc 310 @5.006s 0%: 0.094+0.45+0.068 ms clock, 1.8+0.31/0.62/0.022+1.3 ms cpu, 3->4->2 MB, 4 MB goal, 0 MB stacks, 0 MB globals, 20 P
gc 311 @5.007s 0%: 0.077+0.51+0.011 ms clock, 1.5+0.36/0.71/0.015+0.22 ms cpu, 4->5->2 MB, 4 MB goal, 0 MB stacks, 0 MB globals, 20 P
gc 312 @5.009s 0%: 0.071+0.44+0.058 ms clock, 1.4+0.19/0.73/0.020+1.1 ms cpu, 4->5->2 MB, 5 MB goal, 0 MB stacks, 0 MB globals, 20 P
gc 313 @5.010s 0%: 0.021+0.41+0.081 ms clock, 0.43+0.25/0.61/0.044+1.6 ms cpu, 4->4->2 MB, 4 MB goal, 0 MB stacks, 0 MB globals, 20 P
gc 314 @5.011s 0%: 0.073+0.33+0.003 ms clock, 1.4+0.29/0.66/0+0.062 ms cpu, 3->4->2 MB, 4 MB goal, 0 MB stacks, 0 MB globals, 20 P
gc 315 @5.012s 0%: 0.078+0.47+0.078 ms clock, 1.5+0.33/0.61/0.008+1.5 ms cpu, 3->4->2 MB, 4 MB goal, 0 MB stacks, 0 MB globals, 20 P
gc 316 @5.013s 0%: 0.083+0.24+0.075 ms clock, 1.6+0.31/0.52/0.055+1.5 ms cpu, 4->4->1 MB, 5 MB goal, 0 MB stacks, 0 MB globals, 20 P
gc 317 @5.014s 0%: 0.061+0.30+0.083 ms clock, 1.2+0.31/0.64/0.009+1.6 ms cpu, 3->4->2 MB, 4 MB goal, 0 MB stacks, 0 MB globals, 20 P
gc 318 @5.015s 0%: 0.079+0.38+0.012 ms clock, 1.5+0.21/0.61/0+0.24 ms cpu, 4->5->2 MB, 5 MB goal, 0 MB stacks, 0 MB globals, 20 P
gc 319 @5.017s 0%: 0.052+0.61+0.060 ms clock, 1.0+0.28/0.55/0.090+1.2 ms cpu, 4->5->2 MB, 4 MB goal, 0 MB stacks, 0 MB globals, 20 P
gc 320 @5.018s 0%: 0.077+0.34+0.077 ms clock, 1.5+0.34/0.65/0+1.5 ms cpu, 4->5->2 MB, 5 MB goal, 0 MB stacks, 0 MB globals, 20 P
gc 321 @5.020s 0%: 0.027+0.39+0.053 ms clock, 0.54+0.39/0.61/0.13+1.0 ms cpu, 4->5->2 MB, 5 MB goal, 0 MB stacks, 0 MB globals, 20 P
gc 322 @5.021s 0%: 0.080+0.44+0.065 ms clock, 1.6+0.23/0.66/0.017+1.3 ms cpu, 4->5->2 MB, 4 MB goal, 0 MB stacks, 0 MB globals, 20 P
gc 323 @5.023s 0%: 0.081+0.28+0.080 ms clock, 1.6+0.37/0.60/0.018+1.6 ms cpu, 4->5->2 MB, 5 MB goal, 0 MB stacks, 0 MB globals, 20 P
gc 324 @5.024s 0%: 0.087+0.32+0.017 ms clock, 1.7+0.28/0.59/0.047+0.34 ms cpu, 4->4->2 MB, 5 MB goal, 0 MB stacks, 0 MB globals, 20 P
gc 325 @5.025s 0%: 0.10+0.30+0.068 ms clock, 2.0+0.35/0.57/0.013+1.3 ms cpu, 3->4->2 MB, 4 MB goal, 0 MB stacks, 0 MB globals, 20 P
gc 326 @5.026s 0%: 0.053+0.44+0.032 ms clock, 1.0+0.19/0.72/0+0.64 ms cpu, 3->4->2 MB, 4 MB goal, 0 MB stacks, 0 MB globals, 20 P
gc 327 @5.027s 0%: 0.077+0.32+0.009 ms clock, 1.5+0.29/0.64/0.003+0.18 ms cpu, 4->5->2 MB, 5 MB goal, 0 MB stacks, 0 MB globals, 20 P
gc 328 @5.028s 0%: 0.053+0.36+0.045 ms clock, 1.0+0.35/0.68/0.022+0.91 ms cpu, 4->5->2 MB, 4 MB goal, 0 MB stacks, 0 MB globals, 20 P
gc 329 @5.030s 0%: 0.079+0.39+0.065 ms clock, 1.5+0.36/0.51/0+1.3 ms cpu, 4->5->2 MB, 4 MB goal, 0 MB stacks, 0 MB globals, 20 P
gc 330 @5.031s 0%: 0.052+0.59+0.036 ms clock, 1.0+0.34/0.55/0.038+0.73 ms cpu, 4->5->2 MB, 5 MB goal, 0 MB stacks, 0 MB globals, 20 P
gc 331 @5.033s 0%: 0.054+0.24+0.071 ms clock, 1.0+0.087/0.67/0.001+1.4 ms cpu, 4->5->2 MB, 5 MB goal, 0 MB stacks, 0 MB globals, 20 P
gc 332 @5.034s 0%: 0.048+0.33+0.075 ms clock, 0.97+0.34/0.58/0.031+1.5 ms cpu, 3->4->2 MB, 4 MB goal, 0 MB stacks, 0 MB globals, 20 P
gc 333 @5.035s 0%: 0.070+0.26+0.029 ms clock, 1.4+0.28/0.64/0.013+0.58 ms cpu, 3->4->2 MB, 4 MB goal, 0 MB stacks, 0 MB globals, 20 P
gc 334 @5.036s 0%: 0.058+0.24+0.005 ms clock, 1.1+0.37/0.59/0.010+0.11 ms cpu, 3->4->1 MB, 4 MB goal, 0 MB stacks, 0 MB globals, 20 P
gc 335 @5.037s 0%: 0.074+0.24+0.073 ms clock, 1.4+0.35/0.56/0+1.4 ms cpu, 3->4->2 MB, 4 MB goal, 0 MB stacks, 0 MB globals, 20 P
gc 336 @5.038s 0%: 0.039+0.35+0.030 ms clock, 0.79+0.45/0.57/0.017+0.61 ms cpu, 3->4->2 MB, 4 MB goal, 0 MB stacks, 0 MB globals, 20 P
gc 337 @5.039s 0%: 0.053+0.32+0.063 ms clock, 1.0+0.45/0.60/0+1.2 ms cpu, 4->5->2 MB, 4 MB goal, 0 MB stacks, 0 MB globals, 20 P
gc 338 @5.041s 0%: 0.10+0.33+0.052 ms clock, 2.1+0.29/0.62/0.043+1.0 ms cpu, 4->5->2 MB, 5 MB goal, 0 MB stacks, 0 MB globals, 20 P
gc 339 @5.042s 0%: 0.070+0.46+0.046 ms clock, 1.4+0.30/0.58/0.050+0.93 ms cpu, 4->5->2 MB, 5 MB goal, 0 MB stacks, 0 MB globals, 20 P
gc 340 @5.043s 0%: 0.067+0.35+0.054 ms clock, 1.3+0.20/0.66/0+1.0 ms cpu, 4->5->2 MB, 5 MB goal, 0 MB stacks, 0 MB globals, 20 P
gc 341 @5.045s 0%: 0.069+0.51+0.025 ms clock, 1.3+0.35/0.64/0.013+0.51 ms cpu, 4->5->2 MB, 4 MB goal, 0 MB stacks, 0 MB globals, 20 P
gc 342 @5.046s 0%: 0.12+0.35+0.018 ms clock, 2.4+0.20/0.67/0+0.37 ms cpu, 4->5->2 MB, 5 MB goal, 0 MB stacks, 0 MB globals, 20 P
gc 343 @5.047s 0%: 0.072+0.43+0.044 ms clock, 1.4+0.58/0.70/0.032+0.88 ms cpu, 3->5->2 MB, 4 MB goal, 0 MB stacks, 0 MB globals, 20 P
gc 344 @5.049s 0%: 0.080+0.53+0.009 ms clock, 1.6+0.36/0.57/0.18+0.18 ms cpu, 4->5->2 MB, 5 MB goal, 0 MB stacks, 0 MB globals, 20 P
gc 345 @5.050s 0%: 0.073+0.36+0.018 ms clock, 1.4+0.23/0.75/0.038+0.37 ms cpu, 4->5->2 MB, 5 MB goal, 0 MB stacks, 0 MB globals, 20 P
gc 346 @5.052s 0%: 0.035+0.37+0.052 ms clock, 0.70+0.27/0.70/0.057+1.0 ms cpu, 4->5->2 MB, 5 MB goal, 0 MB stacks, 0 MB globals, 20 P
gc 347 @5.053s 0%: 0.065+0.43+0.037 ms clock, 1.3+0.28/0.60/0.018+0.74 ms cpu, 4->4->2 MB, 4 MB goal, 0 MB stacks, 0 MB globals, 20 P
gc 348 @5.054s 0%: 0.050+0.56+0.038 ms clock, 1.0+0.31/0.64/0.049+0.76 ms cpu, 4->5->2 MB, 4 MB goal, 0 MB stacks, 0 MB globals, 20 P
gc 349 @5.055s 0%: 0.034+0.29+0.037 ms clock, 0.68+0.35/0.58/0.003+0.75 ms cpu, 4->5->2 MB, 5 MB goal, 0 MB stacks, 0 MB globals, 20 P
gc 350 @5.057s 0%: 0.082+0.44+0.061 ms clock, 1.6+0.19/0.66/0.012+1.2 ms cpu, 3->4->2 MB, 4 MB goal, 0 MB stacks, 0 MB globals, 20 P
gc 351 @5.058s 0%: 0.055+0.46+0.072 ms clock, 1.1+0.32/0.64/0.049+1.4 ms cpu, 4->5->2 MB, 4 MB goal, 0 MB stacks, 0 MB globals, 20 P
gc 352 @5.059s 0%: 0.060+0.42+0.061 ms clock, 1.2+0.33/0.61/0.003+1.2 ms cpu, 4->5->2 MB, 5 MB goal, 0 MB stacks, 0 MB globals, 20 P
gc 353 @5.061s 0%: 0.085+0.34+0.084 ms clock, 1.7+0.26/0.67/0.044+1.6 ms cpu, 4->5->2 MB, 5 MB goal, 0 MB stacks, 0 MB globals, 20 P
gc 354 @5.062s 0%: 0.066+0.41+0.063 ms clock, 1.3+0.23/0.69/0+1.2 ms cpu, 4->5->2 MB, 4 MB goal, 0 MB stacks, 0 MB globals, 20 P
gc 355 @5.064s 0%: 0.046+0.37+0.073 ms clock, 0.93+0.25/0.64/0.052+1.4 ms cpu, 4->5->2 MB, 5 MB goal, 0 MB stacks, 0 MB globals, 20 P
gc 356 @5.065s 0%: 0.087+0.37+0.050 ms clock, 1.7+0.33/0.61/0.030+1.0 ms cpu, 4->4->2 MB, 4 MB goal, 0 MB stacks, 0 MB globals, 20 P
gc 357 @5.066s 0%: 0.037+0.44+0.092 ms clock, 0.74+0.29/0.56/0.033+1.8 ms cpu, 4->5->2 MB, 5 MB goal, 0 MB stacks, 0 MB globals, 20 P
gc 358 @5.067s 0%: 0.080+0.47+0.012 ms clock, 1.6+0.33/0.60/0.10+0.24 ms cpu, 4->5->2 MB, 5 MB goal, 0 MB stacks, 0 MB globals, 20 P
gc 359 @5.069s 0%: 0.055+0.34+0.056 ms clock, 1.1+0.25/0.57/0+1.1 ms cpu, 4->5->2 MB, 5 MB goal, 0 MB stacks, 0 MB globals, 20 P
gc 360 @5.070s 0%: 0.073+0.39+0.058 ms clock, 1.4+0.29/0.67/0+1.1 ms cpu, 4->5->2 MB, 5 MB goal, 0 MB stacks, 0 MB globals, 20 P
gc 361 @5.071s 0%: 0.075+0.30+0.063 ms clock, 1.5+0.25/0.69/0+1.2 ms cpu, 4->5->2 MB, 5 MB goal, 0 MB stacks, 0 MB globals, 20 P
gc 362 @5.072s 0%: 0.034+0.37+0.020 ms clock, 0.68+0.22/0.58/0.12+0.40 ms cpu, 4->4->2 MB, 4 MB goal, 0 MB stacks, 0 MB globals, 20 P
gc 363 @5.074s 0%: 0.025+0.47+0.070 ms clock, 0.50+0.25/0.53/0.11+1.4 ms cpu, 3->5->2 MB, 4 MB goal, 0 MB stacks, 0 MB globals, 20 P
gc 364 @5.075s 0%: 0.076+0.48+0.049 ms clock, 1.5+0.38/0.62/0.043+0.99 ms cpu, 4->5->2 MB, 5 MB goal, 0 MB stacks, 0 MB globals, 20 P
gc 365 @5.077s 0%: 0.052+0.41+0.068 ms clock, 1.0+0.28/0.61/0+1.3 ms cpu, 4->5->2 MB, 5 MB goal, 0 MB stacks, 0 MB globals, 20 P
gc 366 @5.078s 0%: 0.061+0.24+0.034 ms clock, 1.2+0.32/0.58/0.054+0.68 ms cpu, 4->4->2 MB, 5 MB goal, 0 MB stacks, 0 MB globals, 20 P
gc 367 @5.079s 0%: 0.081+0.43+0.027 ms clock, 1.6+0.39/0.70/0+0.54 ms cpu, 3->4->2 MB, 4 MB goal, 0 MB stacks, 0 MB globals, 20 P
gc 368 @5.080s 0%: 0.077+0.38+0.070 ms clock, 1.5+0.35/0.63/0.045+1.4 ms cpu, 4->5->2 MB, 5 MB goal, 0 MB stacks, 0 MB globals, 20 P
gc 369 @5.081s 0%: 0.052+0.46+0.051 ms clock, 1.0+0.33/0.56/0.008+1.0 ms cpu, 4->5->2 MB, 4 MB goal, 0 MB stacks, 0 MB globals, 20 P
gc 370 @5.083s 0%: 0.057+0.42+0.070 ms clock, 1.1+0.27/0.55/0.068+1.4 ms cpu, 4->4->2 MB, 4 MB goal, 0 MB stacks, 0 MB globals, 20 P
gc 371 @5.084s 0%: 0.044+0.33+0.034 ms clock, 0.89+0.25/0.63/0.061+0.69 ms cpu, 4->4->2 MB, 4 MB goal, 0 MB stacks, 0 MB globals, 20 P
gc 372 @5.085s 0%: 0.053+0.28+0.036 ms clock, 1.0+0.34/0.59/0.038+0.72 ms cpu, 3->4->2 MB, 4 MB goal, 0 MB stacks, 0 MB globals, 20 P
gc 373 @5.086s 0%: 0.069+0.43+0.070 ms clock, 1.3+0.33/0.59/0.028+1.4 ms cpu, 3->4->2 MB, 4 MB goal, 0 MB stacks, 0 MB globals, 20 P
gc 374 @5.087s 0%: 0.089+0.39+0.008 ms clock, 1.7+0.40/0.57/0+0.17 ms cpu, 4->5->2 MB, 5 MB goal, 0 MB stacks, 0 MB globals, 20 P
gc 375 @5.088s 0%: 0.064+0.27+0.052 ms clock, 1.2+0.39/0.58/0+1.0 ms cpu, 3->4->2 MB, 4 MB goal, 0 MB stacks, 0 MB globals, 20 P
gc 376 @5.089s 0%: 0.095+0.34+0.047 ms clock, 1.9+0.32/0.59/0+0.95 ms cpu, 3->4->2 MB, 4 MB goal, 0 MB stacks, 0 MB globals, 20 P
gc 377 @5.090s 0%: 0.062+0.37+0.063 ms clock, 1.2+0.29/0.67/0.007+1.2 ms cpu, 4->4->2 MB, 4 MB goal, 0 MB stacks, 0 MB globals, 20 P
gc 378 @5.091s 0%: 0.077+0.42+0.095 ms clock, 1.5+0.26/0.72/0.017+1.9 ms cpu, 4->5->2 MB, 4 MB goal, 0 MB stacks, 0 MB globals, 20 P
gc 379 @5.093s 1%: 0.082+0.31+0.045 ms clock, 1.6+0.30/0.63/0.015+0.91 ms cpu, 4->5->2 MB, 5 MB goal, 0 MB stacks, 0 MB globals, 20 P
gc 380 @5.094s 1%: 0.068+0.59+0.070 ms clock, 1.3+0.25/0.64/0.034+1.4 ms cpu, 4->5->2 MB, 5 MB goal, 0 MB stacks, 0 MB globals, 20 P
gc 381 @5.096s 1%: 0.070+0.66+0.017 ms clock, 1.4+0.21/0.68/0.074+0.35 ms cpu, 4->6->2 MB, 5 MB goal, 0 MB stacks, 0 MB globals, 20 P
gc 382 @5.098s 1%: 0.061+0.52+0.075 ms clock, 1.2+0.30/0.72/0.037+1.5 ms cpu, 4->5->2 MB, 5 MB goal, 0 MB stacks, 0 MB globals, 20 P
gc 383 @5.099s 1%: 0.073+0.31+0.051 ms clock, 1.4+0.27/0.56/0+1.0 ms cpu, 4->5->2 MB, 5 MB goal, 0 MB stacks, 0 MB globals, 20 P
gc 384 @5.100s 1%: 0.073+0.44+0.091 ms clock, 1.4+0.32/0.57/0.013+1.8 ms cpu, 4->5->2 MB, 4 MB goal, 0 MB stacks, 0 MB globals, 20 P
gc 385 @5.102s 1%: 0.068+0.30+0.026 ms clock, 1.3+0.28/0.65/0.006+0.52 ms cpu, 4->5->2 MB, 5 MB goal, 0 MB stacks, 0 MB globals, 20 P
gc 386 @5.103s 1%: 0.071+0.44+0.037 ms clock, 1.4+0.48/0.75/0+0.75 ms cpu, 3->4->2 MB, 4 MB goal, 0 MB stacks, 0 MB globals, 20 P
gc 387 @5.104s 1%: 0.092+0.45+0.045 ms clock, 1.8+0.41/0.56/0+0.91 ms cpu, 4->5->2 MB, 5 MB goal, 0 MB stacks, 0 MB globals, 20 P
gc 388 @5.106s 1%: 0.045+0.45+0.067 ms clock, 0.91+0.30/0.61/0.036+1.3 ms cpu, 4->5->2 MB, 5 MB goal, 0 MB stacks, 0 MB globals, 20 P
gc 389 @5.107s 1%: 0.069+0.32+0.070 ms clock, 1.3+0.34/0.63/0+1.4 ms cpu, 4->5->2 MB, 5 MB goal, 0 MB stacks, 0 MB globals, 20 P
gc 390 @5.108s 1%: 0.11+0.29+0.059 ms clock, 2.3+0.38/0.61/0.050+1.1 ms cpu, 4->5->2 MB, 5 MB goal, 0 MB stacks, 0 MB globals, 20 P
gc 391 @5.109s 1%: 0.054+0.31+0.10 ms clock, 1.0+0.28/0.62/0.026+2.0 ms cpu, 4->4->2 MB, 5 MB goal, 0 MB stacks, 0 MB globals, 20 P
gc 392 @5.110s 1%: 0.071+0.46+0.081 ms clock, 1.4+0.38/0.67/0.006+1.6 ms cpu, 4->5->2 MB, 4 MB goal, 0 MB stacks, 0 MB globals, 20 P
gc 393 @5.112s 1%: 0.076+0.29+0.056 ms clock, 1.5+0.50/0.64/0.011+1.1 ms cpu, 4->5->2 MB, 5 MB goal, 0 MB stacks, 0 MB globals, 20 P
gc 394 @5.113s 1%: 0.074+0.32+0.061 ms clock, 1.4+0.32/0.60/0+1.2 ms cpu, 4->4->2 MB, 4 MB goal, 0 MB stacks, 0 MB globals, 20 P
gc 395 @5.114s 1%: 0.037+0.43+0.013 ms clock, 0.74+0.22/0.57/0+0.26 ms cpu, 3->5->2 MB, 4 MB goal, 0 MB stacks, 0 MB globals, 20 P
gc 396 @5.115s 1%: 0.053+0.36+0.054 ms clock, 1.0+0.37/0.58/0.11+1.0 ms cpu, 4->5->2 MB, 5 MB goal, 0 MB stacks, 0 MB globals, 20 P
gc 397 @5.117s 1%: 0.048+0.38+0.097 ms clock, 0.96+0.29/0.57/0.060+1.9 ms cpu, 3->4->2 MB, 4 MB goal, 0 MB stacks, 0 MB globals, 20 P
gc 398 @5.118s 1%: 0.033+0.44+0.013 ms clock, 0.67+0.44/0.59/0.011+0.26 ms cpu, 3->4->2 MB, 4 MB goal, 0 MB stacks, 0 MB globals, 20 P
gc 399 @5.119s 1%: 0.025+0.45+0.071 ms clock, 0.50+0.29/0.62/0.056+1.4 ms cpu, 4->5->2 MB, 5 MB goal, 0 MB stacks, 0 MB globals, 20 P
gc 400 @5.120s 1%: 0.030+0.51+0.042 ms clock, 0.61+0.28/0.54/0.046+0.85 ms cpu, 4->5->2 MB, 4 MB goal, 0 MB stacks, 0 MB globals, 20 P
gc 401 @5.122s 1%: 0.072+0.25+0.035 ms clock, 1.4+0.29/0.62/0.081+0.70 ms cpu, 4->5->2 MB, 5 MB goal, 0 MB stacks, 0 MB globals, 20 P
gc 402 @5.123s 1%: 0.074+0.61+0.057 ms clock, 1.4+0.24/0.71/0+1.1 ms cpu, 4->5->2 MB, 4 MB goal, 0 MB stacks, 0 MB globals, 20 P
gc 403 @5.124s 1%: 0.062+0.39+0.068 ms clock, 1.2+0.23/0.62/0+1.3 ms cpu, 4->5->2 MB, 5 MB goal, 0 MB stacks, 0 MB globals, 20 P
gc 404 @5.125s 1%: 0.059+0.31+0.071 ms clock, 1.1+0.31/0.57/0.024+1.4 ms cpu, 4->4->2 MB, 4 MB goal, 0 MB stacks, 0 MB globals, 20 P
gc 405 @5.127s 1%: 0.071+0.42+0.11 ms clock, 1.4+0.22/0.64/0.059+2.2 ms cpu, 3->4->2 MB, 4 MB goal, 0 MB stacks, 0 MB globals, 20 P
gc 406 @5.128s 1%: 0.077+0.49+0.024 ms clock, 1.5+0.27/0.59/0.078+0.49 ms cpu, 4->5->2 MB, 5 MB goal, 0 MB stacks, 0 MB globals, 20 P
gc 407 @5.130s 1%: 0.060+0.51+0.078 ms clock, 1.2+0.24/0.76/0.022+1.5 ms cpu, 4->5->2 MB, 5 MB goal, 0 MB stacks, 0 MB globals, 20 P
gc 408 @5.131s 1%: 0.077+0.46+0.075 ms clock, 1.5+0.33/0.62/0.085+1.5 ms cpu, 4->5->2 MB, 5 MB goal, 0 MB stacks, 0 MB globals, 20 P
gc 409 @5.132s 1%: 0.080+0.29+0.071 ms clock, 1.6+0.47/0.60/0.004+1.4 ms cpu, 4->4->2 MB, 5 MB goal, 0 MB stacks, 0 MB globals, 20 P
gc 410 @5.133s 1%: 0.043+0.36+0.10 ms clock, 0.86+0.33/0.44/0.11+2.0 ms cpu, 3->4->2 MB, 4 MB goal, 0 MB stacks, 0 MB globals, 20 P
gc 411 @5.134s 1%: 0.066+0.39+0.055 ms clock, 1.3+0.39/0.49/0.039+1.1 ms cpu, 3->4->2 MB, 4 MB goal, 0 MB stacks, 0 MB globals, 20 P
gc 412 @5.136s 1%: 0.11+0.39+0.014 ms clock, 2.2+0.31/0.61/0+0.28 ms cpu, 4->5->2 MB, 5 MB goal, 0 MB stacks, 0 MB globals, 20 P
gc 413 @5.137s 1%: 0.084+0.29+0.047 ms clock, 1.6+0.29/0.70/0.052+0.94 ms cpu, 4->5->2 MB, 4 MB goal, 0 MB stacks, 0 MB globals, 20 P
gc 414 @5.138s 1%: 0.061+0.41+0.074 ms clock, 1.2+0.30/0.56/0+1.4 ms cpu, 4->5->2 MB, 4 MB goal, 0 MB stacks, 0 MB globals, 20 P
gc 415 @5.140s 1%: 0.060+0.27+0.053 ms clock, 1.2+0.21/0.64/0.017+1.0 ms cpu, 4->5->2 MB, 5 MB goal, 0 MB stacks, 0 MB globals, 20 P
gc 416 @5.141s 1%: 0.044+0.23+0.090 ms clock, 0.88+0.33/0.59/0.002+1.8 ms cpu, 3->4->2 MB, 4 MB goal, 0 MB stacks, 0 MB globals, 20 P
gc 417 @5.142s 1%: 0.070+0.38+0.046 ms clock, 1.4+0.43/0.54/0.043+0.92 ms cpu, 3->4->2 MB, 4 MB goal, 0 MB stacks, 0 MB globals, 20 P
gc 418 @5.143s 1%: 0.086+0.32+0.055 ms clock, 1.7+0.31/0.60/0+1.1 ms cpu, 4->4->2 MB, 4 MB goal, 0 MB stacks, 0 MB globals, 20 P
gc 419 @5.144s 1%: 0.086+0.37+0.064 ms clock, 1.7+0.34/0.59/0+1.2 ms cpu, 4->4->2 MB, 4 MB goal, 0 MB stacks, 0 MB globals, 20 P
gc 420 @5.145s 1%: 0.069+0.46+0.031 ms clock, 1.3+0.36/0.67/0.011+0.62 ms cpu, 4->5->2 MB, 5 MB goal, 0 MB stacks, 0 MB globals, 20 P
gc 421 @5.147s 1%: 0.066+0.46+0.042 ms clock, 1.3+0.25/0.70/0.025+0.85 ms cpu, 4->5->2 MB, 5 MB goal, 0 MB stacks, 0 MB globals, 20 P
gc 422 @5.148s 1%: 0.068+0.33+0.080 ms clock, 1.3+0.25/0.61/0.085+1.6 ms cpu, 4->5->2 MB, 5 MB goal, 0 MB stacks, 0 MB globals, 20 P
gc 423 @5.150s 1%: 0.038+0.48+0.059 ms clock, 0.77+0.22/0.57/0.054+1.1 ms cpu, 4->4->2 MB, 4 MB goal, 0 MB stacks, 0 MB globals, 20 P
gc 424 @5.151s 1%: 0.078+0.33+0.043 ms clock, 1.5+0.28/0.50/0.085+0.86 ms cpu, 4->4->2 MB, 4 MB goal, 0 MB stacks, 0 MB globals, 20 P
gc 425 @5.152s 1%: 0.070+0.42+0.056 ms clock, 1.4+0.36/0.63/0.005+1.1 ms cpu, 3->4->2 MB, 4 MB goal, 0 MB stacks, 0 MB globals, 20 P
gc 426 @5.153s 1%: 0.084+0.31+0.060 ms clock, 1.6+0.22/0.54/0.060+1.2 ms cpu, 4->5->2 MB, 5 MB goal, 0 MB stacks, 0 MB globals, 20 P
gc 427 @5.154s 1%: 0.054+0.26+0.057 ms clock, 1.0+0.29/0.65/0.011+1.1 ms cpu, 4->4->2 MB, 4 MB goal, 0 MB stacks, 0 MB globals, 20 P
gc 428 @5.155s 1%: 0.058+0.30+0.065 ms clock, 1.1+0.26/0.62/0.016+1.3 ms cpu, 3->4->2 MB, 4 MB goal, 0 MB stacks, 0 MB globals, 20 P
gc 429 @5.156s 1%: 0.081+0.38+0.064 ms clock, 1.6+0.36/0.55/0+1.2 ms cpu, 3->4->2 MB, 4 MB goal, 0 MB stacks, 0 MB globals, 20 P
gc 430 @5.158s 1%: 0.069+0.25+0.073 ms clock, 1.3+0.28/0.53/0.034+1.4 ms cpu, 4->4->2 MB, 4 MB goal, 0 MB stacks, 0 MB globals, 20 P
gc 431 @5.159s 1%: 0.061+0.33+0.018 ms clock, 1.2+0.41/0.64/0.016+0.36 ms cpu, 3->4->2 MB, 4 MB goal, 0 MB stacks, 0 MB globals, 20 P
gc 432 @5.160s 1%: 0.043+0.28+0.058 ms clock, 0.86+0.18/0.65/0.021+1.1 ms cpu, 4->4->2 MB, 4 MB goal, 0 MB stacks, 0 MB globals, 20 P
gc 433 @5.161s 1%: 0.060+0.45+0.11 ms clock, 1.2+0.27/0.61/0.002+2.2 ms cpu, 3->4->2 MB, 4 MB goal, 0 MB stacks, 0 MB globals, 20 P
gc 434 @5.162s 1%: 0.079+0.33+0.082 ms clock, 1.5+0.32/0.60/0.056+1.6 ms cpu, 4->4->2 MB, 5 MB goal, 0 MB stacks, 0 MB globals, 20 P
gc 435 @5.164s 1%: 0.028+0.31+0.068 ms clock, 0.57+0.20/0.59/0.13+1.3 ms cpu, 3->4->2 MB, 4 MB goal, 0 MB stacks, 0 MB globals, 20 P
gc 436 @5.164s 1%: 0.069+0.45+0.043 ms clock, 1.3+0.28/0.53/0.003+0.87 ms cpu, 3->4->2 MB, 4 MB goal, 0 MB stacks, 0 MB globals, 20 P
gc 437 @5.166s 1%: 0.059+0.42+0.080 ms clock, 1.1+0.38/0.63/0.056+1.6 ms cpu, 4->5->2 MB, 5 MB goal, 0 MB stacks, 0 MB globals, 20 P
gc 438 @5.167s 1%: 0.10+0.51+0.019 ms clock, 2.0+0.20/0.70/0.040+0.39 ms cpu, 4->5->2 MB, 4 MB goal, 0 MB stacks, 0 MB globals, 20 P
gc 439 @5.168s 1%: 0.033+0.43+0.035 ms clock, 0.67+0.22/0.57/0.13+0.70 ms cpu, 4->5->2 MB, 5 MB goal, 0 MB stacks, 0 MB globals, 20 P
gc 440 @5.170s 1%: 0.082+0.42+0.071 ms clock, 1.6+0.41/0.59/0.038+1.4 ms cpu, 4->4->2 MB, 4 MB goal, 0 MB stacks, 0 MB globals, 20 P
gc 441 @5.171s 1%: 0.064+0.33+0.024 ms clock, 1.2+0.24/0.58/0.002+0.48 ms cpu, 4->4->2 MB, 4 MB goal, 0 MB stacks, 0 MB globals, 20 P
gc 442 @5.173s 1%: 0.063+0.45+0.062 ms clock, 1.2+0.25/0.71/0.014+1.2 ms cpu, 4->4->2 MB, 4 MB goal, 0 MB stacks, 0 MB globals, 20 P
gc 443 @5.174s 1%: 0.062+0.44+0.052 ms clock, 1.2+0.30/0.60/0.10+1.0 ms cpu, 4->4->2 MB, 4 MB goal, 0 MB stacks, 0 MB globals, 20 P
gc 444 @5.175s 1%: 0.073+0.27+0.039 ms clock, 1.4+0.28/0.65/0.026+0.78 ms cpu, 4->5->2 MB, 5 MB goal, 0 MB stacks, 0 MB globals, 20 P
gc 445 @5.176s 1%: 0.073+0.45+0.019 ms clock, 1.4+0.34/0.62/0.061+0.39 ms cpu, 4->5->2 MB, 4 MB goal, 0 MB stacks, 0 MB globals, 20 P
gc 446 @5.177s 1%: 0.075+0.39+0.062 ms clock, 1.5+0.47/0.47/0.018+1.2 ms cpu, 4->4->2 MB, 4 MB goal, 0 MB stacks, 0 MB globals, 20 P
gc 447 @5.179s 1%: 0.053+0.43+0.051 ms clock, 1.0+0.34/0.71/0+1.0 ms cpu, 4->5->2 MB, 5 MB goal, 0 MB stacks, 0 MB globals, 20 P
gc 448 @5.180s 1%: 0.075+0.50+0.029 ms clock, 1.5+0.37/0.56/0+0.58 ms cpu, 4->5->2 MB, 4 MB goal, 0 MB stacks, 0 MB globals, 20 P
gc 449 @5.182s 1%: 0.075+0.30+0.093 ms clock, 1.5+0.22/0.54/0.058+1.8 ms cpu, 4->5->2 MB, 5 MB goal, 0 MB stacks, 0 MB globals, 20 P
gc 450 @5.183s 1%: 0.052+0.41+0.020 ms clock, 1.0+0.21/0.72/0.017+0.40 ms cpu, 3->4->2 MB, 4 MB goal, 0 MB stacks, 0 MB globals, 20 P
gc 451 @5.184s 1%: 0.055+0.33+0.055 ms clock, 1.1+0.19/0.72/0.037+1.1 ms cpu, 4->4->2 MB, 4 MB goal, 0 MB stacks, 0 MB globals, 20 P
gc 452 @5.185s 1%: 0.095+0.40+0.054 ms clock, 1.9+0.31/0.75/0+1.0 ms cpu, 3->5->2 MB, 4 MB goal, 0 MB stacks, 0 MB globals, 20 P
gc 453 @5.186s 1%: 0.068+0.42+0.056 ms clock, 1.3+0.29/0.57/0.022+1.1 ms cpu, 4->5->2 MB, 5 MB goal, 0 MB stacks, 0 MB globals, 20 P
gc 454 @5.188s 1%: 0.047+0.29+0.056 ms clock, 0.94+0.22/0.60/0.061+1.1 ms cpu, 4->4->2 MB, 5 MB goal, 0 MB stacks, 0 MB globals, 20 P
gc 455 @5.188s 1%: 0.10+0.42+0.075 ms clock, 2.0+0.40/0.67/0+1.5 ms cpu, 3->4->2 MB, 4 MB goal, 0 MB stacks, 0 MB globals, 20 P
gc 456 @5.190s 1%: 0.071+0.35+0.070 ms clock, 1.4+0.18/0.71/0+1.4 ms cpu, 4->5->2 MB, 5 MB goal, 0 MB stacks, 0 MB globals, 20 P
gc 457 @5.191s 1%: 0.031+0.55+0.015 ms clock, 0.63+0.34/0.61/0.11+0.31 ms cpu, 4->5->2 MB, 4 MB goal, 0 MB stacks, 0 MB globals, 20 P
gc 458 @5.192s 1%: 0.058+0.40+0.043 ms clock, 1.1+0.23/0.61/0.11+0.86 ms cpu, 4->5->2 MB, 5 MB goal, 0 MB stacks, 0 MB globals, 20 P
gc 459 @5.194s 1%: 0.044+0.50+0.057 ms clock, 0.88+0.35/0.63/0.019+1.1 ms cpu, 4->5->2 MB, 4 MB goal, 0 MB stacks, 0 MB globals, 20 P
gc 460 @5.195s 1%: 0.068+0.27+0.088 ms clock, 1.3+0.26/0.59/0+1.7 ms cpu, 4->5->2 MB, 5 MB goal, 0 MB stacks, 0 MB globals, 20 P
gc 461 @5.196s 1%: 0.043+0.26+0.019 ms clock, 0.86+0.35/0.60/0.040+0.39 ms cpu, 3->4->2 MB, 4 MB goal, 0 MB stacks, 0 MB globals, 20 P
gc 462 @5.197s 1%: 0.069+0.42+0.074 ms clock, 1.3+0.31/0.66/0+1.4 ms cpu, 3->4->2 MB, 4 MB goal, 0 MB stacks, 0 MB globals, 20 P
gc 463 @5.198s 1%: 0.071+0.35+0.089 ms clock, 1.4+0.26/0.65/0.061+1.7 ms cpu, 4->5->2 MB, 5 MB goal, 0 MB stacks, 0 MB globals, 20 P
gc 464 @5.199s 1%: 0.055+0.30+0.058 ms clock, 1.1+0.29/0.54/0.062+1.1 ms cpu, 4->4->2 MB, 4 MB goal, 0 MB stacks, 0 MB globals, 20 P
gc 465 @5.200s 1%: 0.077+0.41+0.010 ms clock, 1.5+0.32/0.68/0.007+0.20 ms cpu, 3->4->2 MB, 4 MB goal, 0 MB stacks, 0 MB globals, 20 P
gc 466 @5.202s 1%: 0.049+0.50+0.080 ms clock, 0.99+0.27/0.68/0+1.6 ms cpu, 4->5->2 MB, 5 MB goal, 0 MB stacks, 0 MB globals, 20 P
gc 467 @5.203s 1%: 0.067+0.41+0.053 ms clock, 1.3+0.39/0.60/0.058+1.0 ms cpu, 4->5->2 MB, 5 MB goal, 0 MB stacks, 0 MB globals, 20 P
gc 468 @5.205s 1%: 0.048+0.36+0.048 ms clock, 0.96+0.37/0.58/0.11+0.97 ms cpu, 4->5->2 MB, 5 MB goal, 0 MB stacks, 0 MB globals, 20 P
gc 469 @5.206s 1%: 0.069+0.39+0.027 ms clock, 1.3+0.47/0.70/0+0.55 ms cpu, 4->4->2 MB, 4 MB goal, 0 MB stacks, 0 MB globals, 20 P
gc 470 @5.207s 1%: 0.076+0.42+0.070 ms clock, 1.5+0.29/0.74/0.001+1.4 ms cpu, 4->5->2 MB, 5 MB goal, 0 MB stacks, 0 MB globals, 20 P
gc 471 @5.209s 1%: 0.098+0.47+0.074 ms clock, 1.9+0.28/0.76/0.006+1.4 ms cpu, 4->5->2 MB, 5 MB goal, 0 MB stacks, 0 MB globals, 20 P
gc 472 @5.210s 1%: 0.080+0.35+0.022 ms clock, 1.6+0.28/0.71/0.015+0.45 ms cpu, 4->5->2 MB, 5 MB goal, 0 MB stacks, 0 MB globals, 20 P
gc 473 @5.212s 1%: 0.073+0.38+0.072 ms clock, 1.4+0.29/0.68/0.057+1.4 ms cpu, 3->4->2 MB, 4 MB goal, 0 MB stacks, 0 MB globals, 20 P
gc 474 @5.213s 1%: 0.069+0.42+0.068 ms clock, 1.3+0.28/0.60/0.025+1.3 ms cpu, 4->4->2 MB, 4 MB goal, 0 MB stacks, 0 MB globals, 20 P
gc 475 @5.214s 1%: 0.044+0.44+0.033 ms clock, 0.88+0.29/0.66/0.026+0.67 ms cpu, 4->4->2 MB, 4 MB goal, 0 MB stacks, 0 MB globals, 20 P
gc 476 @5.215s 1%: 0.065+0.47+0.026 ms clock, 1.3+0.33/0.59/0+0.53 ms cpu, 4->5->2 MB, 5 MB goal, 0 MB stacks, 0 MB globals, 20 P
gc 477 @5.217s 1%: 0.059+0.31+0.072 ms clock, 1.1+0.31/0.62/0.022+1.4 ms cpu, 4->5->2 MB, 5 MB goal, 0 MB stacks, 0 MB globals, 20 P
gc 478 @5.218s 1%: 0.052+0.35+0.070 ms clock, 1.0+0.15/0.69/0.13+1.4 ms cpu, 3->4->2 MB, 4 MB goal, 0 MB stacks, 0 MB globals, 20 P
gc 479 @5.219s 1%: 0.071+0.36+0.063 ms clock, 1.4+0.27/0.82/0.010+1.2 ms cpu, 3->4->2 MB, 4 MB goal, 0 MB stacks, 0 MB globals, 20 P
gc 480 @5.220s 1%: 0.067+0.37+0.068 ms clock, 1.3+0.38/0.50/0+1.3 ms cpu, 3->4->2 MB, 4 MB goal, 0 MB stacks, 0 MB globals, 20 P
gc 481 @5.222s 1%: 0.080+0.33+0.066 ms clock, 1.6+0.30/0.55/0.057+1.3 ms cpu, 4->5->2 MB, 4 MB goal, 0 MB stacks, 0 MB globals, 20 P
gc 482 @5.223s 1%: 0.10+0.39+0.080 ms clock, 2.1+0.28/0.66/0+1.6 ms cpu, 4->5->2 MB, 5 MB goal, 0 MB stacks, 0 MB globals, 20 P
gc 483 @5.224s 1%: 0.029+0.52+0.046 ms clock, 0.58+0.20/0.67/0.009+0.92 ms cpu, 4->5->2 MB, 5 MB goal, 0 MB stacks, 0 MB globals, 20 P
gc 484 @5.226s 1%: 0.039+0.54+0.077 ms clock, 0.78+0.31/0.72/0+1.5 ms cpu, 4->5->2 MB, 5 MB goal, 0 MB stacks, 0 MB globals, 20 P
gc 485 @5.227s 1%: 0.042+0.61+0.044 ms clock, 0.84+0.31/0.64/0.011+0.88 ms cpu, 4->5->2 MB, 5 MB goal, 0 MB stacks, 0 MB globals, 20 P
gc 486 @5.229s 1%: 0.059+0.37+0.054 ms clock, 1.1+0.22/0.56/0+1.0 ms cpu, 4->5->2 MB, 5 MB goal, 0 MB stacks, 0 MB globals, 20 P
gc 487 @5.230s 1%: 0.071+0.42+0.065 ms clock, 1.4+0.41/0.62/0.019+1.3 ms cpu, 3->4->2 MB, 4 MB goal, 0 MB stacks, 0 MB globals, 20 P
gc 488 @5.231s 1%: 0.073+0.31+0.046 ms clock, 1.4+0.30/0.58/0.015+0.93 ms cpu, 4->4->2 MB, 4 MB goal, 0 MB stacks, 0 MB globals, 20 P
gc 489 @5.232s 1%: 0.069+0.39+0.075 ms clock, 1.3+0.31/0.64/0.032+1.5 ms cpu, 4->4->2 MB, 4 MB goal, 0 MB stacks, 0 MB globals, 20 P
gc 490 @5.233s 1%: 0.072+0.41+0.085 ms clock, 1.4+0.30/0.53/0.003+1.7 ms cpu, 4->5->2 MB, 5 MB goal, 0 MB stacks, 0 MB globals, 20 P
gc 491 @5.235s 1%: 0.076+0.30+0.070 ms clock, 1.5+0.25/0.56/0.016+1.4 ms cpu, 4->5->2 MB, 5 MB goal, 0 MB stacks, 0 MB globals, 20 P
gc 492 @5.236s 1%: 0.058+0.55+0.017 ms clock, 1.1+0.24/0.70/0.050+0.34 ms cpu, 4->5->2 MB, 4 MB goal, 0 MB stacks, 0 MB globals, 20 P
gc 493 @5.237s 1%: 0.034+0.27+0.015 ms clock, 0.68+0.22/0.60/0.005+0.31 ms cpu, 4->5->2 MB, 5 MB goal, 0 MB stacks, 0 MB globals, 20 P
gc 494 @5.238s 1%: 0.044+0.46+0.020 ms clock, 0.88+0.17/0.59/0.058+0.40 ms cpu, 4->4->2 MB, 4 MB goal, 0 MB stacks, 0 MB globals, 20 P
gc 495 @5.239s 1%: 0.073+0.28+0.071 ms clock, 1.4+0.39/0.49/0.056+1.4 ms cpu, 4->4->2 MB, 4 MB goal, 0 MB stacks, 0 MB globals, 20 P
gc 496 @5.241s 1%: 0.080+0.44+0.073 ms clock, 1.6+0.37/0.56/0+1.4 ms cpu, 3->5->2 MB, 4 MB goal, 0 MB stacks, 0 MB globals, 20 P
gc 497 @5.242s 1%: 0.059+0.43+0.094 ms clock, 1.1+0.20/0.76/0+1.8 ms cpu, 4->5->2 MB, 5 MB goal, 0 MB stacks, 0 MB globals, 20 P
gc 498 @5.244s 1%: 0.093+0.47+0.033 ms clock, 1.8+0.31/0.63/0.038+0.66 ms cpu, 4->5->2 MB, 5 MB goal, 0 MB stacks, 0 MB globals, 20 P
gc 499 @5.246s 1%: 0.059+0.26+0.12 ms clock, 1.1+0.27/0.56/0.071+2.4 ms cpu, 4->5->2 MB, 5 MB goal, 0 MB stacks, 0 MB globals, 20 P
gc 500 @5.246s 1%: 0.041+0.41+0.059 ms clock, 0.83+0.38/0.66/0.019+1.1 ms cpu, 3->4->2 MB, 4 MB goal, 0 MB stacks, 0 MB globals, 20 P
gc 501 @5.248s 1%: 0.11+0.38+0.047 ms clock, 2.3+0.26/0.63/0+0.94 ms cpu, 4->5->2 MB, 5 MB goal, 0 MB stacks, 0 MB globals, 20 P
gc 502 @5.249s 1%: 0.097+0.30+0.076 ms clock, 1.9+0.27/0.57/0.012+1.5 ms cpu, 4->5->2 MB, 5 MB goal, 0 MB stacks, 0 MB globals, 20 P
gc 503 @5.250s 1%: 0.069+0.39+0.066 ms clock, 1.3+0.32/0.57/0.071+1.3 ms cpu, 4->4->2 MB, 4 MB goal, 0 MB stacks, 0 MB globals, 20 P
gc 504 @5.252s 1%: 0.070+0.44+0.072 ms clock, 1.4+0.24/0.58/0.046+1.4 ms cpu, 4->5->2 MB, 4 MB goal, 0 MB stacks, 0 MB globals, 20 P
gc 505 @5.253s 1%: 0.052+0.28+0.086 ms clock, 1.0+0.40/0.60/0.002+1.7 ms cpu, 4->4->2 MB, 5 MB goal, 0 MB stacks, 0 MB globals, 20 P
gc 506 @5.254s 1%: 0.062+0.50+0.056 ms clock, 1.2+0.40/0.60/0.001+1.1 ms cpu, 3->4->2 MB, 4 MB goal, 0 MB stacks, 0 MB globals, 20 P
gc 507 @5.255s 1%: 0.067+0.63+0.089 ms clock, 1.3+0.39/0.60/0.028+1.7 ms cpu, 4->5->2 MB, 5 MB goal, 0 MB stacks, 0 MB globals, 20 P
gc 508 @5.257s 1%: 0.087+0.52+0.046 ms clock, 1.7+0.29/0.67/0.013+0.92 ms cpu, 5->6->2 MB, 5 MB goal, 0 MB stacks, 0 MB globals, 20 P
gc 509 @5.259s 1%: 0.066+0.23+0.063 ms clock, 1.3+0.46/0.56/0.007+1.2 ms cpu, 4->5->1 MB, 5 MB goal, 0 MB stacks, 0 MB globals, 20 P
gc 510 @5.260s 1%: 0.089+0.48+0.030 ms clock, 1.7+0.33/0.62/0.039+0.60 ms cpu, 3->4->2 MB, 4 MB goal, 0 MB stacks, 0 MB globals, 20 P
gc 511 @5.262s 1%: 0.067+0.51+0.041 ms clock, 1.3+0.27/0.64/0.003+0.82 ms cpu, 4->5->2 MB, 5 MB goal, 0 MB stacks, 0 MB globals, 20 P
gc 512 @5.263s 1%: 0.042+0.47+0.034 ms clock, 0.85+0.34/0.64/0.12+0.69 ms cpu, 4->5->2 MB, 5 MB goal, 0 MB stacks, 0 MB globals, 20 P
gc 513 @5.265s 1%: 0.048+0.26+0.071 ms clock, 0.97+0.35/0.62/0.028+1.4 ms cpu, 4->4->2 MB, 5 MB goal, 0 MB stacks, 0 MB globals, 20 P
gc 514 @5.266s 1%: 0.073+0.45+0.017 ms clock, 1.4+0.38/0.61/0.004+0.34 ms cpu, 3->4->2 MB, 4 MB goal, 0 MB stacks, 0 MB globals, 20 P
gc 515 @5.267s 1%: 0.076+0.38+0.055 ms clock, 1.5+0.31/0.54/0.060+1.1 ms cpu, 4->5->2 MB, 5 MB goal, 0 MB stacks, 0 MB globals, 20 P
gc 516 @5.268s 1%: 0.068+0.45+0.019 ms clock, 1.3+0.16/0.53/0+0.38 ms cpu, 3->4->2 MB, 4 MB goal, 0 MB stacks, 0 MB globals, 20 P
gc 517 @5.270s 1%: 0.068+0.49+0.021 ms clock, 1.3+0.18/0.65/0.002+0.43 ms cpu, 4->5->2 MB, 5 MB goal, 0 MB stacks, 0 MB globals, 20 P
gc 518 @5.271s 1%: 0.045+0.31+0.048 ms clock, 0.91+0.50/0.56/0.008+0.97 ms cpu, 4->5->2 MB, 5 MB goal, 0 MB stacks, 0 MB globals, 20 P
gc 519 @5.273s 1%: 0.064+0.35+0.072 ms clock, 1.2+0.27/0.65/0.011+1.4 ms cpu, 4->4->2 MB, 4 MB goal, 0 MB stacks, 0 MB globals, 20 P
gc 520 @5.274s 1%: 0.065+0.38+0.046 ms clock, 1.3+0.36/0.59/0.035+0.93 ms cpu, 4->4->2 MB, 4 MB goal, 0 MB stacks, 0 MB globals, 20 P
gc 521 @5.275s 1%: 0.089+0.43+0.056 ms clock, 1.7+0.25/0.56/0.064+1.1 ms cpu, 4->4->2 MB, 4 MB goal, 0 MB stacks, 0 MB globals, 20 P
gc 522 @5.276s 1%: 0.075+0.51+0.068 ms clock, 1.5+0.093/0.81/0+1.3 ms cpu, 4->5->2 MB, 5 MB goal, 0 MB stacks, 0 MB globals, 20 P
gc 523 @5.278s 1%: 0.074+0.38+0.030 ms clock, 1.4+0.24/0.60/0+0.61 ms cpu, 4->5->2 MB, 5 MB goal, 0 MB stacks, 0 MB globals, 20 P
gc 524 @5.279s 1%: 0.080+0.57+0.039 ms clock, 1.6+0.39/0.71/0.001+0.79 ms cpu, 4->5->2 MB, 5 MB goal, 0 MB stacks, 0 MB globals, 20 P
gc 525 @5.280s 1%: 0.078+0.32+0.033 ms clock, 1.5+0.30/0.69/0+0.66 ms cpu, 4->5->2 MB, 5 MB goal, 0 MB stacks, 0 MB globals, 20 P
gc 526 @5.282s 1%: 0.085+0.33+0.040 ms clock, 1.7+0.26/0.66/0+0.81 ms cpu, 4->4->2 MB, 4 MB goal, 0 MB stacks, 0 MB globals, 20 P
gc 527 @5.283s 1%: 0.071+0.22+0.018 ms clock, 1.4+0.17/0.59/0.14+0.37 ms cpu, 3->4->1 MB, 4 MB goal, 0 MB stacks, 0 MB globals, 20 P
gc 528 @5.284s 1%: 0.036+0.47+0.075 ms clock, 0.72+0.16/0.63/0+1.5 ms cpu, 3->4->2 MB, 4 MB goal, 0 MB stacks, 0 MB globals, 20 P
gc 529 @5.285s 1%: 0.072+0.37+0.024 ms clock, 1.4+0.29/0.58/0.042+0.49 ms cpu, 3->5->2 MB, 4 MB goal, 0 MB stacks, 0 MB globals, 20 P
gc 530 @5.287s 1%: 0.083+0.32+0.071 ms clock, 1.6+0.42/0.59/0+1.4 ms cpu, 4->5->2 MB, 5 MB goal, 0 MB stacks, 0 MB globals, 20 P
gc 531 @5.288s 1%: 0.080+0.48+0.042 ms clock, 1.6+0.16/0.76/0+0.84 ms cpu, 4->5->2 MB, 5 MB goal, 0 MB stacks, 0 MB globals, 20 P
gc 532 @5.289s 1%: 0.064+0.46+0.035 ms clock, 1.2+0.25/0.65/0.12+0.71 ms cpu, 4->5->2 MB, 5 MB goal, 0 MB stacks, 0 MB globals, 20 P
gc 533 @5.291s 1%: 0.083+0.49+0.059 ms clock, 1.6+0.28/0.68/0.014+1.1 ms cpu, 4->5->2 MB, 5 MB goal, 0 MB stacks, 0 MB globals, 20 P
gc 534 @5.292s 1%: 0.076+0.37+0.032 ms clock, 1.5+0.25/0.64/0.020+0.64 ms cpu, 4->5->2 MB, 5 MB goal, 0 MB stacks, 0 MB globals, 20 P
gc 535 @5.294s 1%: 0.047+0.50+0.051 ms clock, 0.95+0.33/0.77/0+1.0 ms cpu, 4->5->2 MB, 5 MB goal, 0 MB stacks, 0 MB globals, 20 P
gc 536 @5.295s 1%: 0.076+0.43+0.069 ms clock, 1.5+0.33/0.72/0.007+1.3 ms cpu, 4->5->2 MB, 5 MB goal, 0 MB stacks, 0 MB globals, 20 P
gc 537 @5.297s 1%: 0.067+0.37+0.063 ms clock, 1.3+0.29/0.62/0.10+1.2 ms cpu, 4->5->2 MB, 5 MB goal, 0 MB stacks, 0 MB globals, 20 P
gc 538 @5.298s 1%: 0.11+0.58+0.012 ms clock, 2.2+0.42/0.63/0+0.24 ms cpu, 4->5->2 MB, 5 MB goal, 0 MB stacks, 0 MB globals, 20 P
gc 539 @5.299s 1%: 0.11+0.77+0.060 ms clock, 2.3+0.34/0.92/0+1.2 ms cpu, 4->6->3 MB, 5 MB goal, 0 MB stacks, 0 MB globals, 20 P
gc 540 @5.301s 1%: 0.053+0.45+0.063 ms clock, 1.0+0.24/0.61/0.079+1.2 ms cpu, 5->6->2 MB, 6 MB goal, 0 MB stacks, 0 MB globals, 20 P
gc 541 @5.303s 1%: 0.075+0.49+0.051 ms clock, 1.5+0.41/0.57/0.020+1.0 ms cpu, 4->5->2 MB, 5 MB goal, 0 MB stacks, 0 MB globals, 20 P
gc 542 @5.304s 1%: 0.052+0.45+0.066 ms clock, 1.0+0.33/0.65/0.026+1.3 ms cpu, 4->5->2 MB, 5 MB goal, 0 MB stacks, 0 MB globals, 20 P
gc 543 @5.306s 1%: 0.069+0.30+0.064 ms clock, 1.3+0.32/0.57/0+1.2 ms cpu, 4->5->2 MB, 5 MB goal, 0 MB stacks, 0 MB globals, 20 P
gc 544 @5.307s 1%: 0.033+0.35+0.036 ms clock, 0.67+0.28/0.58/0+0.73 ms cpu, 4->4->2 MB, 5 MB goal, 0 MB stacks, 0 MB globals, 20 P
gc 545 @5.308s 1%: 0.060+0.63+0.079 ms clock, 1.2+0.32/0.64/0.014+1.5 ms cpu, 4->5->2 MB, 4 MB goal, 0 MB stacks, 0 MB globals, 20 P
gc 546 @5.309s 1%: 0.049+0.23+0.066 ms clock, 0.99+0.20/0.58/0.053+1.3 ms cpu, 4->5->2 MB, 5 MB goal, 0 MB stacks, 0 MB globals, 20 P
gc 547 @5.310s 1%: 0.053+0.41+0.049 ms clock, 1.0+0.32/0.62/0+0.98 ms cpu, 3->4->2 MB, 4 MB goal, 0 MB stacks, 0 MB globals, 20 P
gc 548 @5.311s 1%: 0.062+0.63+0.010 ms clock, 1.2+0.32/0.58/0.021+0.20 ms cpu, 4->5->2 MB, 5 MB goal, 0 MB stacks, 0 MB globals, 20 P
gc 549 @5.312s 1%: 0.030+0.35+0.050 ms clock, 0.60+0.24/0.65/0.009+1.0 ms cpu, 4->4->2 MB, 5 MB goal, 0 MB stacks, 0 MB globals, 20 P
gc 550 @5.314s 1%: 0.076+0.37+0.017 ms clock, 1.5+0.21/0.66/0.027+0.34 ms cpu, 3->4->2 MB, 4 MB goal, 0 MB stacks, 0 MB globals, 20 P
gc 551 @5.315s 1%: 0.066+0.61+0.047 ms clock, 1.3+0.28/0.54/0.054+0.95 ms cpu, 4->5->2 MB, 5 MB goal, 0 MB stacks, 0 MB globals, 20 P
gc 552 @5.317s 1%: 0.031+0.47+0.071 ms clock, 0.62+0.19/0.71/0+1.4 ms cpu, 4->6->2 MB, 5 MB goal, 0 MB stacks, 0 MB globals, 20 P
gc 553 @5.319s 1%: 0.057+0.21+0.060 ms clock, 1.1+0.22/0.67/0.003+1.2 ms cpu, 4->5->2 MB, 5 MB goal, 0 MB stacks, 0 MB globals, 20 P
gc 554 @5.320s 1%: 0.070+0.29+0.061 ms clock, 1.4+0.24/0.67/0.005+1.2 ms cpu, 3->4->2 MB, 4 MB goal, 0 MB stacks, 0 MB globals, 20 P
gc 555 @5.321s 1%: 0.064+0.51+0.031 ms clock, 1.2+0.34/0.60/0.005+0.62 ms cpu, 4->4->2 MB, 4 MB goal, 0 MB stacks, 0 MB globals, 20 P
gc 556 @5.322s 1%: 0.082+0.42+0.018 ms clock, 1.6+0.19/0.60/0.027+0.37 ms cpu, 4->5->2 MB, 4 MB goal, 0 MB stacks, 0 MB globals, 20 P
gc 557 @5.324s 1%: 0.075+0.42+0.073 ms clock, 1.5+0.33/0.57/0.017+1.4 ms cpu, 4->5->2 MB, 5 MB goal, 0 MB stacks, 0 MB globals, 20 P
gc 558 @5.325s 1%: 0.033+0.19+0.062 ms clock, 0.66+0.29/0.55/0.008+1.2 ms cpu, 4->4->1 MB, 5 MB goal, 0 MB stacks, 0 MB globals, 20 P
gc 559 @5.326s 1%: 0.077+0.43+0.067 ms clock, 1.5+0.35/0.76/0+1.3 ms cpu, 3->4->2 MB, 4 MB goal, 0 MB stacks, 0 MB globals, 20 P
gc 560 @5.327s 1%: 0.083+0.33+0.004 ms clock, 1.6+0.33/0.66/0.002+0.089 ms cpu, 4->4->2 MB, 5 MB goal, 0 MB stacks, 0 MB globals, 20 P
gc 561 @5.329s 1%: 0.066+0.62+0.061 ms clock, 1.3+0.30/0.93/0.008+1.2 ms cpu, 3->5->2 MB, 4 MB goal, 0 MB stacks, 0 MB globals, 20 P
gc 562 @5.330s 1%: 0.067+0.44+0.10 ms clock, 1.3+0.28/0.59/0.044+2.1 ms cpu, 4->5->2 MB, 5 MB goal, 0 MB stacks, 0 MB globals, 20 P
gc 563 @5.332s 1%: 0.073+0.42+0.083 ms clock, 1.4+0.28/0.60/0.001+1.6 ms cpu, 4->5->2 MB, 4 MB goal, 0 MB stacks, 0 MB globals, 20 P
gc 564 @5.333s 1%: 0.042+0.45+0.048 ms clock, 0.85+0.14/0.63/0.19+0.96 ms cpu, 4->5->2 MB, 5 MB goal, 0 MB stacks, 0 MB globals, 20 P
gc 565 @5.335s 1%: 0.071+0.30+0.041 ms clock, 1.4+0.33/0.43/0.15+0.82 ms cpu, 4->4->1 MB, 4 MB goal, 0 MB stacks, 0 MB globals, 20 P
gc 566 @5.335s 1%: 0.019+0.28+0.017 ms clock, 0.39+0.15/0.47/0.28+0.34 ms cpu, 3->4->1 MB, 4 MB goal, 0 MB stacks, 0 MB globals, 20 P
gc 567 @5.336s 1%: 0.082+0.45+0.055 ms clock, 1.6+0.38/0.64/0+1.1 ms cpu, 3->4->2 MB, 4 MB goal, 0 MB stacks, 0 MB globals, 20 P
gc 568 @5.338s 1%: 0.054+0.54+0.030 ms clock, 1.0+0.21/0.68/0.002+0.61 ms cpu, 4->5->2 MB, 5 MB goal, 0 MB stacks, 0 MB globals, 20 P
gc 569 @5.340s 1%: 0.044+0.36+0.041 ms clock, 0.89+0.34/0.51/0.081+0.82 ms cpu, 4->5->2 MB, 5 MB goal, 0 MB stacks, 0 MB globals, 20 P
gc 570 @5.341s 1%: 0.053+0.63+0.017 ms clock, 1.0+0.28/0.65/0.071+0.35 ms cpu, 3->4->2 MB, 4 MB goal, 0 MB stacks, 0 MB globals, 20 P
gc 571 @5.342s 1%: 0.057+0.39+0.086 ms clock, 1.1+0.34/0.70/0.007+1.7 ms cpu, 4->5->2 MB, 5 MB goal, 0 MB stacks, 0 MB globals, 20 P
gc 572 @5.344s 1%: 0.077+0.55+0.066 ms clock, 1.5+0.60/0.57/0.006+1.3 ms cpu, 4->5->2 MB, 4 MB goal, 0 MB stacks, 0 MB globals, 20 P
gc 573 @5.345s 1%: 0.089+0.39+0.074 ms clock, 1.7+0.29/0.58/0.072+1.4 ms cpu, 4->5->2 MB, 5 MB goal, 0 MB stacks, 0 MB globals, 20 P
gc 574 @5.346s 1%: 0.075+0.43+0.040 ms clock, 1.5+0.30/0.52/0.011+0.80 ms cpu, 4->5->2 MB, 5 MB goal, 0 MB stacks, 0 MB globals, 20 P
gc 575 @5.348s 1%: 0.079+0.35+0.052 ms clock, 1.5+0.47/0.51/0.039+1.0 ms cpu, 4->4->2 MB, 4 MB goal, 0 MB stacks, 0 MB globals, 20 P
gc 576 @5.349s 1%: 0.057+0.42+0.013 ms clock, 1.1+0.22/0.67/0+0.26 ms cpu, 4->5->2 MB, 4 MB goal, 0 MB stacks, 0 MB globals, 20 P
gc 577 @5.350s 1%: 0.067+0.29+0.062 ms clock, 1.3+0.36/0.61/0.029+1.2 ms cpu, 4->5->2 MB, 4 MB goal, 0 MB stacks, 0 MB globals, 20 P
gc 578 @5.351s 1%: 0.061+0.46+0.088 ms clock, 1.2+0.36/0.56/0+1.7 ms cpu, 4->4->2 MB, 4 MB goal, 0 MB stacks, 0 MB globals, 20 P
gc 579 @5.353s 1%: 0.059+0.41+0.089 ms clock, 1.1+0.14/0.71/0.009+1.7 ms cpu, 4->5->2 MB, 5 MB goal, 0 MB stacks, 0 MB globals, 20 P
gc 580 @5.354s 1%: 0.072+0.40+0.044 ms clock, 1.4+0.43/0.61/0.026+0.88 ms cpu, 3->4->2 MB, 4 MB goal, 0 MB stacks, 0 MB globals, 20 P
gc 581 @5.355s 1%: 0.082+0.36+0.055 ms clock, 1.6+0.37/0.59/0.002+1.1 ms cpu, 4->5->2 MB, 5 MB goal, 0 MB stacks, 0 MB globals, 20 P
gc 582 @5.356s 1%: 0.070+0.45+0.031 ms clock, 1.4+0.25/0.67/0.016+0.63 ms cpu, 4->5->2 MB, 5 MB goal, 0 MB stacks, 0 MB globals, 20 P
gc 583 @5.358s 1%: 0.075+0.48+0.078 ms clock, 1.5+0.24/0.73/0.021+1.5 ms cpu, 4->5->2 MB, 4 MB goal, 0 MB stacks, 0 MB globals, 20 P
gc 584 @5.359s 1%: 0.058+0.37+0.036 ms clock, 1.1+0.24/0.57/0.070+0.72 ms cpu, 4->5->2 MB, 5 MB goal, 0 MB stacks, 0 MB globals, 20 P
gc 585 @5.360s 1%: 0.064+0.24+0.026 ms clock, 1.2+0.22/0.53/0.031+0.52 ms cpu, 3->4->2 MB, 4 MB goal, 0 MB stacks, 0 MB globals, 20 P
gc 586 @5.361s 1%: 0.069+0.42+0.033 ms clock, 1.3+0.19/0.63/0+0.66 ms cpu, 3->5->2 MB, 4 MB goal, 0 MB stacks, 0 MB globals, 20 P
gc 587 @5.362s 1%: 0.060+0.64+0.063 ms clock, 1.2+0.30/0.64/0+1.2 ms cpu, 4->5->2 MB, 5 MB goal, 0 MB stacks, 0 MB globals, 20 P
gc 588 @5.363s 1%: 0.073+0.42+0.056 ms clock, 1.4+0.12/0.81/0.007+1.1 ms cpu, 4->5->2 MB, 5 MB goal, 0 MB stacks, 0 MB globals, 20 P
gc 589 @5.365s 1%: 0.032+0.34+0.081 ms clock, 0.65+0.30/0.55/0.076+1.6 ms cpu, 4->5->2 MB, 5 MB goal, 0 MB stacks, 0 MB globals, 20 P
gc 590 @5.366s 1%: 0.060+0.60+0.074 ms clock, 1.2+0.16/0.63/0+1.4 ms cpu, 4->4->2 MB, 4 MB goal, 0 MB stacks, 0 MB globals, 20 P
gc 591 @5.367s 1%: 0.079+0.54+0.077 ms clock, 1.5+0.44/0.66/0+1.5 ms cpu, 4->6->2 MB, 5 MB goal, 0 MB stacks, 0 MB globals, 20 P
gc 592 @5.369s 1%: 0.069+0.52+0.024 ms clock, 1.3+0.33/0.61/0.001+0.49 ms cpu, 4->5->2 MB, 5 MB goal, 0 MB stacks, 0 MB globals, 20 P
gc 593 @5.371s 1%: 0.090+0.37+0.068 ms clock, 1.8+0.30/0.62/0+1.3 ms cpu, 4->5->2 MB, 5 MB goal, 0 MB stacks, 0 MB globals, 20 P
gc 594 @5.372s 1%: 0.070+0.36+0.071 ms clock, 1.4+0.26/0.61/0.035+1.4 ms cpu, 4->5->2 MB, 5 MB goal, 0 MB stacks, 0 MB globals, 20 P
gc 595 @5.373s 1%: 0.073+0.49+0.052 ms clock, 1.4+0.21/0.74/0.050+1.0 ms cpu, 4->5->2 MB, 5 MB goal, 0 MB stacks, 0 MB globals, 20 P
gc 596 @5.375s 1%: 0.051+0.35+0.10 ms clock, 1.0+0.26/0.73/0+2.0 ms cpu, 4->5->2 MB, 5 MB goal, 0 MB stacks, 0 MB globals, 20 P
gc 597 @5.376s 1%: 0.030+0.40+0.084 ms clock, 0.61+0.38/0.56/0.079+1.6 ms cpu, 4->5->2 MB, 5 MB goal, 0 MB stacks, 0 MB globals, 20 P
gc 598 @5.377s 1%: 0.080+0.31+0.045 ms clock, 1.6+0.27/0.58/0+0.90 ms cpu, 4->5->2 MB, 5 MB goal, 0 MB stacks, 0 MB globals, 20 P
gc 599 @5.379s 1%: 0.045+0.46+0.051 ms clock, 0.90+0.23/0.78/0.005+1.0 ms cpu, 4->4->2 MB, 4 MB goal, 0 MB stacks, 0 MB globals, 20 P
gc 600 @5.380s 1%: 0.050+0.31+0.13 ms clock, 1.0+0.18/0.72/0.037+2.6 ms cpu, 4->4->2 MB, 5 MB goal, 0 MB stacks, 0 MB globals, 20 P
gc 601 @5.381s 1%: 0.079+0.30+0.061 ms clock, 1.5+0.34/0.62/0.001+1.2 ms cpu, 3->4->2 MB, 4 MB goal, 0 MB stacks, 0 MB globals, 20 P
gc 602 @5.382s 1%: 0.058+0.44+0.073 ms clock, 1.1+0.22/0.61/0.055+1.4 ms cpu, 4->5->2 MB, 4 MB goal, 0 MB stacks, 0 MB globals, 20 P
gc 603 @5.384s 1%: 0.073+0.40+0.066 ms clock, 1.4+0.23/0.65/0.016+1.3 ms cpu, 4->5->2 MB, 5 MB goal, 0 MB stacks, 0 MB globals, 20 P
gc 604 @5.385s 1%: 0.077+0.32+0.071 ms clock, 1.5+0.34/0.69/0.018+1.4 ms cpu, 4->4->2 MB, 4 MB goal, 0 MB stacks, 0 MB globals, 20 P
gc 605 @5.386s 1%: 0.072+0.26+0.062 ms clock, 1.4+0.29/0.58/0.001+1.2 ms cpu, 4->4->2 MB, 4 MB goal, 0 MB stacks, 0 MB globals, 20 P
gc 606 @5.387s 1%: 0.084+0.52+0.035 ms clock, 1.6+0.29/0.64/0.046+0.71 ms cpu, 3->4->2 MB, 4 MB goal, 0 MB stacks, 0 MB globals, 20 P
gc 607 @5.389s 1%: 0.089+0.44+0.074 ms clock, 1.7+0.23/0.63/0+1.4 ms cpu, 4->5->2 MB, 5 MB goal, 0 MB stacks, 0 MB globals, 20 P
gc 608 @5.390s 1%: 0.061+0.32+0.013 ms clock, 1.2+0.37/0.58/0.034+0.27 ms cpu, 4->5->2 MB, 5 MB goal, 0 MB stacks, 0 MB globals, 20 P
gc 609 @5.392s 1%: 0.085+0.50+0.070 ms clock, 1.7+0.30/0.60/0.034+1.4 ms cpu, 4->5->2 MB, 4 MB goal, 0 MB stacks, 0 MB globals, 20 P
gc 610 @5.393s 1%: 0.059+0.62+0.037 ms clock, 1.1+0.26/0.70/0.011+0.75 ms cpu, 4->5->2 MB, 5 MB goal, 0 MB stacks, 0 MB globals, 20 P
gc 611 @5.395s 1%: 0.064+0.35+0.067 ms clock, 1.2+0.28/0.67/0.013+1.3 ms cpu, 4->5->2 MB, 5 MB goal, 0 MB stacks, 0 MB globals, 20 P
gc 612 @5.396s 1%: 0.076+0.49+0.052 ms clock, 1.5+0.28/0.68/0+1.0 ms cpu, 4->4->2 MB, 4 MB goal, 0 MB stacks, 0 MB globals, 20 P
gc 613 @5.397s 1%: 0.082+0.36+0.073 ms clock, 1.6+0.34/0.63/0.021+1.4 ms cpu, 4->5->2 MB, 5 MB goal, 0 MB stacks, 0 MB globals, 20 P
gc 614 @5.398s 1%: 0.068+0.43+0.061 ms clock, 1.3+0.35/0.52/0.084+1.2 ms cpu, 4->4->2 MB, 4 MB goal, 0 MB stacks, 0 MB globals, 20 P
gc 615 @5.400s 1%: 0.075+0.44+0.065 ms clock, 1.5+0.30/0.69/0+1.3 ms cpu, 4->5->2 MB, 4 MB goal, 0 MB stacks, 0 MB globals, 20 P
gc 616 @5.401s 1%: 0.030+0.30+0.10 ms clock, 0.60+0.24/0.59/0.062+2.1 ms cpu, 4->5->2 MB, 5 MB goal, 0 MB stacks, 0 MB globals, 20 P
gc 617 @5.402s 1%: 0.086+0.39+0.043 ms clock, 1.7+0.45/0.61/0+0.86 ms cpu, 3->4->2 MB, 4 MB goal, 0 MB stacks, 0 MB globals, 20 P
gc 618 @5.404s 1%: 0.065+0.42+0.058 ms clock, 1.3+0.42/0.57/0.001+1.1 ms cpu, 4->5->2 MB, 5 MB goal, 0 MB stacks, 0 MB globals, 20 P
gc 619 @5.405s 1%: 0.074+0.32+0.074 ms clock, 1.4+0.28/0.55/0+1.4 ms cpu, 4->5->2 MB, 5 MB goal, 0 MB stacks, 0 MB globals, 20 P
gc 620 @5.406s 1%: 0.082+0.40+0.069 ms clock, 1.6+0.34/0.74/0.070+1.3 ms cpu, 4->5->2 MB, 5 MB goal, 0 MB stacks, 0 MB globals, 20 P
gc 621 @5.408s 1%: 0.059+0.33+0.099 ms clock, 1.1+0.12/0.71/0.008+1.9 ms cpu, 4->5->2 MB, 5 MB goal, 0 MB stacks, 0 MB globals, 20 P
gc 622 @5.409s 1%: 0.066+0.26+0.024 ms clock, 1.3+0.23/0.56/0+0.49 ms cpu, 4->4->2 MB, 4 MB goal, 0 MB stacks, 0 MB globals, 20 P
gc 623 @5.410s 1%: 0.061+0.40+0.017 ms clock, 1.2+0.53/0.72/0.025+0.35 ms cpu, 3->4->2 MB, 4 MB goal, 0 MB stacks, 0 MB globals, 20 P
gc 624 @5.412s 1%: 0.021+0.45+0.10 ms clock, 0.42+0.33/0.66/0+2.0 ms cpu, 4->5->2 MB, 4 MB goal, 0 MB stacks, 0 MB globals, 20 P
gc 625 @5.413s 1%: 0.064+0.36+0.035 ms clock, 1.2+0.29/0.63/0.036+0.71 ms cpu, 4->4->2 MB, 4 MB goal, 0 MB stacks, 0 MB globals, 20 P
gc 626 @5.414s 1%: 0.060+0.31+0.054 ms clock, 1.2+0.40/0.56/0.031+1.0 ms cpu, 4->5->2 MB, 4 MB goal, 0 MB stacks, 0 MB globals, 20 P
gc 627 @5.415s 1%: 0.055+0.31+0.076 ms clock, 1.1+0.26/0.62/0.004+1.5 ms cpu, 4->5->2 MB, 4 MB goal, 0 MB stacks, 0 MB globals, 20 P
gc 628 @5.417s 1%: 0.063+0.45+0.035 ms clock, 1.2+0.30/0.64/0.005+0.70 ms cpu, 4->4->2 MB, 4 MB goal, 0 MB stacks, 0 MB globals, 20 P
gc 629 @5.418s 1%: 0.069+0.39+0.027 ms clock, 1.3+0.35/0.61/0.011+0.55 ms cpu, 4->5->2 MB, 5 MB goal, 0 MB stacks, 0 MB globals, 20 P
gc 630 @5.420s 1%: 0.074+0.44+0.014 ms clock, 1.4+0.25/0.74/0.004+0.28 ms cpu, 4->5->2 MB, 5 MB goal, 0 MB stacks, 0 MB globals, 20 P
gc 631 @5.421s 1%: 0.11+0.34+0.062 ms clock, 2.2+0.21/0.67/0.022+1.2 ms cpu, 4->5->2 MB, 5 MB goal, 0 MB stacks, 0 MB globals, 20 P
gc 632 @5.422s 1%: 0.092+0.34+0.023 ms clock, 1.8+0.35/0.59/0+0.47 ms cpu, 4->5->2 MB, 4 MB goal, 0 MB stacks, 0 MB globals, 20 P
gc 633 @5.424s 1%: 0.053+0.31+0.078 ms clock, 1.0+0.20/0.55/0.013+1.5 ms cpu, 4->4->2 MB, 4 MB goal, 0 MB stacks, 0 MB globals, 20 P
gc 634 @5.424s 1%: 0.063+0.46+0.063 ms clock, 1.2+0.43/0.55/0+1.2 ms cpu, 3->4->2 MB, 4 MB goal, 0 MB stacks, 0 MB globals, 20 P
gc 635 @5.426s 1%: 0.070+0.32+0.088 ms clock, 1.4+0.30/0.69/0.050+1.7 ms cpu, 4->5->2 MB, 5 MB goal, 0 MB stacks, 0 MB globals, 20 P
gc 636 @5.427s 1%: 0.070+0.34+0.068 ms clock, 1.4+0.24/0.72/0.013+1.3 ms cpu, 4->4->2 MB, 4 MB goal, 0 MB stacks, 0 MB globals, 20 P
gc 637 @5.428s 1%: 0.042+0.54+0.051 ms clock, 0.85+0.29/0.56/0.069+1.0 ms cpu, 3->5->2 MB, 4 MB goal, 0 MB stacks, 0 MB globals, 20 P
gc 638 @5.429s 1%: 0.056+0.35+0.063 ms clock, 1.1+0.19/0.64/0+1.2 ms cpu, 4->5->2 MB, 5 MB goal, 0 MB stacks, 0 MB globals, 20 P
gc 639 @5.431s 1%: 0.052+0.41+0.034 ms clock, 1.0+0.30/0.57/0+0.69 ms cpu, 4->5->2 MB, 5 MB goal, 0 MB stacks, 0 MB globals, 20 P
gc 640 @5.432s 1%: 0.033+0.41+0.016 ms clock, 0.66+0.18/0.56/0+0.32 ms cpu, 4->5->2 MB, 5 MB goal, 0 MB stacks, 0 MB globals, 20 P
gc 641 @5.433s 1%: 0.068+0.27+0.039 ms clock, 1.3+0.27/0.60/0+0.78 ms cpu, 4->4->2 MB, 4 MB goal, 0 MB stacks, 0 MB globals, 20 P
gc 642 @5.434s 1%: 0.10+0.37+0.026 ms clock, 2.1+0.40/0.63/0.041+0.53 ms cpu, 3->4->2 MB, 4 MB goal, 0 MB stacks, 0 MB globals, 20 P
gc 643 @5.436s 1%: 0.034+0.37+0.064 ms clock, 0.68+0.36/0.59/0.002+1.2 ms cpu, 4->4->2 MB, 4 MB goal, 0 MB stacks, 0 MB globals, 20 P
gc 644 @5.437s 1%: 0.068+0.53+0.056 ms clock, 1.3+0.25/0.71/0+1.1 ms cpu, 4->5->2 MB, 4 MB goal, 0 MB stacks, 0 MB globals, 20 P
gc 645 @5.438s 1%: 0.039+0.55+0.023 ms clock, 0.79+0.31/0.60/0+0.47 ms cpu, 4->5->2 MB, 5 MB goal, 0 MB stacks, 0 MB globals, 20 P
gc 646 @5.440s 1%: 0.043+0.45+0.028 ms clock, 0.87+0.20/0.62/0+0.56 ms cpu, 4->5->2 MB, 5 MB goal, 0 MB stacks, 0 MB globals, 20 P
gc 647 @5.441s 1%: 0.078+0.45+0.063 ms clock, 1.5+0.24/0.64/0.030+1.2 ms cpu, 4->5->2 MB, 5 MB goal, 0 MB stacks, 0 MB globals, 20 P
gc 648 @5.443s 1%: 0.057+0.46+0.037 ms clock, 1.1+0.35/0.51/0.038+0.74 ms cpu, 4->5->2 MB, 5 MB goal, 0 MB stacks, 0 MB globals, 20 P
gc 649 @5.444s 1%: 0.066+0.50+0.051 ms clock, 1.3+0.14/0.71/0.041+1.0 ms cpu, 4->5->2 MB, 5 MB goal, 0 MB stacks, 0 MB globals, 20 P
gc 650 @5.446s 1%: 0.071+0.45+0.019 ms clock, 1.4+0.45/0.71/0.006+0.38 ms cpu, 4->5->2 MB, 5 MB goal, 0 MB stacks, 0 MB globals, 20 P
gc 651 @5.447s 1%: 0.077+0.55+0.021 ms clock, 1.5+0.29/0.67/0.017+0.42 ms cpu, 4->5->2 MB, 5 MB goal, 0 MB stacks, 0 MB globals, 20 P
gc 652 @5.449s 1%: 0.095+0.42+0.057 ms clock, 1.9+0.24/0.65/0+1.1 ms cpu, 4->5->2 MB, 5 MB goal, 0 MB stacks, 0 MB globals, 20 P
gc 653 @5.450s 1%: 0.060+0.39+0.025 ms clock, 1.2+0.19/0.60/0.025+0.51 ms cpu, 4->5->2 MB, 5 MB goal, 0 MB stacks, 0 MB globals, 20 P
gc 654 @5.452s 1%: 0.070+0.39+0.048 ms clock, 1.4+0.35/0.57/0+0.97 ms cpu, 4->4->2 MB, 4 MB goal, 0 MB stacks, 0 MB globals, 20 P
gc 655 @5.453s 1%: 0.064+0.36+0.090 ms clock, 1.2+0.22/0.68/0.010+1.8 ms cpu, 4->5->2 MB, 4 MB goal, 0 MB stacks, 0 MB globals, 20 P
gc 656 @5.454s 1%: 0.080+0.46+0.065 ms clock, 1.6+0.20/0.56/0.099+1.3 ms cpu, 4->4->2 MB, 4 MB goal, 0 MB stacks, 0 MB globals, 20 P
gc 657 @5.455s 1%: 0.077+0.50+0.049 ms clock, 1.5+0.30/0.61/0+0.98 ms cpu, 3->5->2 MB, 4 MB goal, 0 MB stacks, 0 MB globals, 20 P
gc 658 @5.457s 1%: 0.034+0.44+0.068 ms clock, 0.68+0.26/0.54/0.077+1.3 ms cpu, 4->5->2 MB, 5 MB goal, 0 MB stacks, 0 MB globals, 20 P
gc 659 @5.458s 1%: 0.065+0.55+0.047 ms clock, 1.3+0.25/0.62/0+0.94 ms cpu, 4->5->2 MB, 5 MB goal, 0 MB stacks, 0 MB globals, 20 P
gc 660 @5.459s 1%: 0.044+0.35+0.060 ms clock, 0.89+0.28/0.67/0.015+1.2 ms cpu, 4->5->2 MB, 5 MB goal, 0 MB stacks, 0 MB globals, 20 P
gc 661 @5.461s 1%: 0.094+0.32+0.036 ms clock, 1.8+0.29/0.72/0.033+0.72 ms cpu, 4->5->2 MB, 4 MB goal, 0 MB stacks, 0 MB globals, 20 P
gc 662 @5.462s 1%: 0.083+0.39+0.066 ms clock, 1.6+0.28/0.52/0.25+1.3 ms cpu, 4->5->2 MB, 5 MB goal, 0 MB stacks, 0 MB globals, 20 P
gc 663 @5.463s 1%: 0.071+0.37+0.074 ms clock, 1.4+0.35/0.55/0.063+1.4 ms cpu, 4->5->2 MB, 5 MB goal, 0 MB stacks, 0 MB globals, 20 P
gc 664 @5.464s 1%: 0.080+0.45+0.021 ms clock, 1.6+0.33/0.62/0.048+0.43 ms cpu, 4->5->2 MB, 4 MB goal, 0 MB stacks, 0 MB globals, 20 P
gc 665 @5.466s 1%: 0.043+0.29+0.025 ms clock, 0.86+0.35/0.63/0.009+0.51 ms cpu, 4->5->2 MB, 5 MB goal, 0 MB stacks, 0 MB globals, 20 P
gc 666 @5.467s 1%: 0.080+0.21+0.027 ms clock, 1.6+0.31/0.60/0.033+0.55 ms cpu, 3->4->1 MB, 4 MB goal, 0 MB stacks, 0 MB globals, 20 P
gc 667 @5.467s 1%: 0.077+0.38+0.037 ms clock, 1.5+0.45/0.59/0.035+0.75 ms cpu, 3->4->2 MB, 4 MB goal, 0 MB stacks, 0 MB globals, 20 P
gc 668 @5.469s 1%: 0.062+0.42+0.080 ms clock, 1.2+0.33/0.54/0.037+1.6 ms cpu, 4->5->2 MB, 5 MB goal, 0 MB stacks, 0 MB globals, 20 P
gc 669 @5.470s 1%: 0.030+0.35+0.027 ms clock, 0.61+0.36/0.63/0+0.54 ms cpu, 4->5->2 MB, 5 MB goal, 0 MB stacks, 0 MB globals, 20 P
gc 670 @5.471s 1%: 0.073+0.35+0.069 ms clock, 1.4+0.39/0.47/0.090+1.3 ms cpu, 4->5->2 MB, 4 MB goal, 0 MB stacks, 0 MB globals, 20 P
gc 671 @5.473s 1%: 0.035+0.30+0.045 ms clock, 0.71+0.27/0.56/0.13+0.91 ms cpu, 4->4->2 MB, 5 MB goal, 0 MB stacks, 0 MB globals, 20 P
gc 672 @5.474s 1%: 0.060+0.50+0.008 ms clock, 1.2+0.29/0.60/0+0.16 ms cpu, 3->4->2 MB, 4 MB goal, 0 MB stacks, 0 MB globals, 20 P
gc 673 @5.475s 1%: 0.037+0.41+0.070 ms clock, 0.74+0.27/0.76/0.014+1.4 ms cpu, 4->5->2 MB, 5 MB goal, 0 MB stacks, 0 MB globals, 20 P
gc 674 @5.476s 1%: 0.078+0.37+0.056 ms clock, 1.5+0.32/0.60/0.001+1.1 ms cpu, 4->5->2 MB, 5 MB goal, 0 MB stacks, 0 MB globals, 20 P
gc 675 @5.478s 1%: 0.065+0.37+0.068 ms clock, 1.3+0.31/0.62/0+1.3 ms cpu, 4->5->2 MB, 5 MB goal, 0 MB stacks, 0 MB globals, 20 P
gc 676 @5.479s 1%: 0.065+0.45+0.019 ms clock, 1.3+0.36/0.65/0.035+0.39 ms cpu, 4->5->2 MB, 4 MB goal, 0 MB stacks, 0 MB globals, 20 P
gc 677 @5.480s 1%: 0.070+0.33+0.047 ms clock, 1.4+0.27/0.54/0+0.95 ms cpu, 4->4->2 MB, 4 MB goal, 0 MB stacks, 0 MB globals, 20 P
gc 678 @5.481s 1%: 0.073+0.26+0.053 ms clock, 1.4+0.38/0.49/0.017+1.0 ms cpu, 3->4->2 MB, 4 MB goal, 0 MB stacks, 0 MB globals, 20 P
gc 679 @5.482s 1%: 0.081+0.25+0.074 ms clock, 1.6+0.33/0.62/0.017+1.4 ms cpu, 3->4->2 MB, 4 MB goal, 0 MB stacks, 0 MB globals, 20 P
gc 680 @5.483s 1%: 0.072+0.34+0.045 ms clock, 1.4+0.40/0.52/0.009+0.90 ms cpu, 3->4->2 MB, 4 MB goal, 0 MB stacks, 0 MB globals, 20 P
gc 681 @5.484s 1%: 0.068+0.42+0.049 ms clock, 1.3+0.28/0.63/0.048+0.98 ms cpu, 4->5->2 MB, 4 MB goal, 0 MB stacks, 0 MB globals, 20 P
gc 682 @5.485s 1%: 0.049+0.47+0.033 ms clock, 0.98+0.46/0.57/0.026+0.66 ms cpu, 4->5->2 MB, 5 MB goal, 0 MB stacks, 0 MB globals, 20 P
gc 683 @5.487s 1%: 0.019+0.56+0.052 ms clock, 0.39+0.24/0.64/0.064+1.0 ms cpu, 4->5->2 MB, 5 MB goal, 0 MB stacks, 0 MB globals, 20 P
gc 684 @5.488s 1%: 0.076+0.39+0.067 ms clock, 1.5+0.42/0.70/0+1.3 ms cpu, 4->5->2 MB, 5 MB goal, 0 MB stacks, 0 MB globals, 20 P
gc 685 @5.490s 1%: 0.080+0.49+0.079 ms clock, 1.6+0.28/0.63/0.039+1.5 ms cpu, 4->5->2 MB, 5 MB goal, 0 MB stacks, 0 MB globals, 20 P
gc 686 @5.491s 1%: 0.062+0.47+0.067 ms clock, 1.2+0.18/0.73/0.10+1.3 ms cpu, 4->5->2 MB, 5 MB goal, 0 MB stacks, 0 MB globals, 20 P
gc 687 @5.493s 1%: 0.055+0.68+0.037 ms clock, 1.1+0.34/0.64/0.021+0.74 ms cpu, 4->5->2 MB, 5 MB goal, 0 MB stacks, 0 MB globals, 20 P
gc 688 @5.494s 1%: 0.047+0.34+0.075 ms clock, 0.94+0.21/0.59/0+1.5 ms cpu, 4->5->2 MB, 5 MB goal, 0 MB stacks, 0 MB globals, 20 P
gc 689 @5.495s 1%: 0.081+0.38+0.060 ms clock, 1.6+0.25/0.58/0.055+1.2 ms cpu, 3->4->2 MB, 4 MB goal, 0 MB stacks, 0 MB globals, 20 P
gc 690 @5.496s 1%: 0.051+0.32+0.071 ms clock, 1.0+0.28/0.57/0.071+1.4 ms cpu, 4->4->2 MB, 4 MB goal, 0 MB stacks, 0 MB globals, 20 P
gc 691 @5.497s 1%: 0.068+0.49+0.077 ms clock, 1.3+0.26/0.64/0.015+1.5 ms cpu, 4->5->2 MB, 4 MB goal, 0 MB stacks, 0 MB globals, 20 P
gc 692 @5.499s 1%: 0.086+0.32+0.083 ms clock, 1.7+0.27/0.66/0+1.6 ms cpu, 4->4->2 MB, 5 MB goal, 0 MB stacks, 0 MB globals, 20 P
gc 693 @5.500s 1%: 0.051+0.63+0.034 ms clock, 1.0+0.24/0.68/0+0.69 ms cpu, 4->5->2 MB, 4 MB goal, 0 MB stacks, 0 MB globals, 20 P
gc 694 @5.502s 1%: 0.064+0.40+0.076 ms clock, 1.2+0.34/0.68/0.067+1.5 ms cpu, 4->5->2 MB, 5 MB goal, 0 MB stacks, 0 MB globals, 20 P
gc 695 @5.503s 1%: 0.083+0.49+0.016 ms clock, 1.6+0.25/0.69/0.14+0.33 ms cpu, 4->5->2 MB, 4 MB goal, 0 MB stacks, 0 MB globals, 20 P
gc 696 @5.504s 1%: 0.085+0.52+0.059 ms clock, 1.7+0.34/0.61/0.034+1.1 ms cpu, 4->5->2 MB, 4 MB goal, 0 MB stacks, 0 MB globals, 20 P
gc 697 @5.506s 1%: 0.070+0.34+0.073 ms clock, 1.4+0.29/0.71/0.004+1.4 ms cpu, 4->5->2 MB, 5 MB goal, 0 MB stacks, 0 MB globals, 20 P
gc 698 @5.507s 1%: 0.067+0.42+0.082 ms clock, 1.3+0.45/0.62/0.034+1.6 ms cpu, 4->5->2 MB, 4 MB goal, 0 MB stacks, 0 MB globals, 20 P
gc 699 @5.509s 1%: 0.067+0.43+0.058 ms clock, 1.3+0.31/0.70/0.010+1.1 ms cpu, 4->5->2 MB, 5 MB goal, 0 MB stacks, 0 MB globals, 20 P
gc 700 @5.510s 1%: 0.058+0.48+0.046 ms clock, 1.1+0.13/0.66/0.001+0.92 ms cpu, 4->5->2 MB, 5 MB goal, 0 MB stacks, 0 MB globals, 20 P
gc 701 @5.512s 1%: 0.034+0.44+0.013 ms clock, 0.69+0.19/0.60/0.015+0.27 ms cpu, 4->5->2 MB, 5 MB goal, 0 MB stacks, 0 MB globals, 20 P
gc 702 @5.513s 1%: 0.044+0.32+0.047 ms clock, 0.88+0.27/0.66/0+0.95 ms cpu, 4->4->2 MB, 4 MB goal, 0 MB stacks, 0 MB globals, 20 P
gc 703 @5.514s 1%: 0.060+0.33+0.089 ms clock, 1.2+0.30/0.63/0.002+1.7 ms cpu, 4->4->2 MB, 4 MB goal, 0 MB stacks, 0 MB globals, 20 P
gc 704 @5.515s 1%: 0.073+0.28+0.013 ms clock, 1.4+0.38/0.61/0.020+0.26 ms cpu, 3->4->2 MB, 4 MB goal, 0 MB stacks, 0 MB globals, 20 P
gc 705 @5.516s 1%: 0.040+0.35+0.080 ms clock, 0.81+0.36/0.67/0.027+1.6 ms cpu, 3->4->2 MB, 4 MB goal, 0 MB stacks, 0 MB globals, 20 P
gc 706 @5.517s 1%: 0.040+0.34+0.052 ms clock, 0.80+0.29/0.71/0.001+1.0 ms cpu, 4->5->2 MB, 4 MB goal, 0 MB stacks, 0 MB globals, 20 P
gc 707 @5.519s 1%: 0.071+0.33+0.016 ms clock, 1.4+0.26/0.64/0.021+0.32 ms cpu, 4->4->2 MB, 4 MB goal, 0 MB stacks, 0 MB globals, 20 P
gc 708 @5.520s 1%: 0.093+0.44+0.086 ms clock, 1.8+0.42/0.69/0+1.7 ms cpu, 3->5->2 MB, 4 MB goal, 0 MB stacks, 0 MB globals, 20 P
gc 709 @5.521s 1%: 0.072+0.23+0.056 ms clock, 1.4+0.29/0.62/0.005+1.1 ms cpu, 4->4->1 MB, 5 MB goal, 0 MB stacks, 0 MB globals, 20 P
gc 710 @5.522s 1%: 0.066+0.40+0.032 ms clock, 1.3+0.41/0.78/0.034+0.64 ms cpu, 3->4->2 MB, 4 MB goal, 0 MB stacks, 0 MB globals, 20 P
gc 711 @5.523s 1%: 0.084+0.48+0.067 ms clock, 1.6+0.38/0.66/0.046+1.3 ms cpu, 3->4->2 MB, 4 MB goal, 0 MB stacks, 0 MB globals, 20 P
gc 712 @5.525s 1%: 0.058+0.42+0.064 ms clock, 1.1+0.31/0.59/0.060+1.2 ms cpu, 4->5->2 MB, 5 MB goal, 0 MB stacks, 0 MB globals, 20 P
gc 713 @5.526s 1%: 0.055+0.23+0.012 ms clock, 1.1+0.27/0.57/0.003+0.25 ms cpu, 4->4->1 MB, 5 MB goal, 0 MB stacks, 0 MB globals, 20 P
gc 714 @5.527s 1%: 0.11+0.29+0.11 ms clock, 2.3+0.33/0.62/0.006+2.2 ms cpu, 3->4->2 MB, 4 MB goal, 0 MB stacks, 0 MB globals, 20 P
gc 715 @5.528s 1%: 0.077+0.35+0.030 ms clock, 1.5+0.34/0.58/0.026+0.60 ms cpu, 4->4->2 MB, 4 MB goal, 0 MB stacks, 0 MB globals, 20 P
gc 716 @5.529s 1%: 0.087+0.38+0.071 ms clock, 1.7+0.41/0.53/0.053+1.4 ms cpu, 4->4->2 MB, 4 MB goal, 0 MB stacks, 0 MB globals, 20 P
gc 717 @5.530s 1%: 0.071+0.28+0.073 ms clock, 1.4+0.30/0.63/0.001+1.4 ms cpu, 4->4->2 MB, 4 MB goal, 0 MB stacks, 0 MB globals, 20 P
gc 718 @5.531s 1%: 0.045+0.39+0.060 ms clock, 0.90+0.45/0.58/0+1.2 ms cpu, 3->4->2 MB, 4 MB goal, 0 MB stacks, 0 MB globals, 20 P
gc 719 @5.533s 1%: 0.092+0.50+0.062 ms clock, 1.8+0.37/0.57/0.019+1.2 ms cpu, 4->5->2 MB, 5 MB goal, 0 MB stacks, 0 MB globals, 20 P
gc 720 @5.535s 1%: 0.069+0.37+0.074 ms clock, 1.3+0.24/0.67/0.032+1.4 ms cpu, 4->5->2 MB, 5 MB goal, 0 MB stacks, 0 MB globals, 20 P
gc 721 @5.536s 1%: 0.069+0.25+0.074 ms clock, 1.3+0.42/0.57/0.008+1.4 ms cpu, 4->4->2 MB, 4 MB goal, 0 MB stacks, 0 MB globals, 20 P
gc 722 @5.536s 1%: 0.041+0.41+0.089 ms clock, 0.82+0.44/0.59/0.033+1.7 ms cpu, 3->4->2 MB, 4 MB goal, 0 MB stacks, 0 MB globals, 20 P
gc 723 @5.538s 1%: 0.078+0.41+0.072 ms clock, 1.5+0.37/0.71/0+1.4 ms cpu, 4->5->2 MB, 5 MB goal, 0 MB stacks, 0 MB globals, 20 P
gc 724 @5.539s 1%: 0.032+0.41+0.014 ms clock, 0.65+0.33/0.60/0.075+0.29 ms cpu, 4->5->2 MB, 5 MB goal, 0 MB stacks, 0 MB globals, 20 P
gc 725 @5.540s 1%: 0.071+0.43+0.094 ms clock, 1.4+0.42/0.59/0.002+1.8 ms cpu, 4->4->2 MB, 4 MB goal, 0 MB stacks, 0 MB globals, 20 P
gc 726 @5.542s 1%: 0.077+0.37+0.065 ms clock, 1.5+0.35/0.55/0.014+1.3 ms cpu, 4->4->2 MB, 4 MB goal, 0 MB stacks, 0 MB globals, 20 P
gc 727 @5.543s 1%: 0.075+0.39+0.14 ms clock, 1.5+0.37/0.73/0.024+2.8 ms cpu, 3->4->2 MB, 4 MB goal, 0 MB stacks, 0 MB globals, 20 P
gc 728 @5.544s 1%: 0.086+0.31+0.051 ms clock, 1.7+0.25/0.64/0.037+1.0 ms cpu, 4->4->2 MB, 4 MB goal, 0 MB stacks, 0 MB globals, 20 P
gc 729 @5.545s 1%: 0.081+0.34+0.080 ms clock, 1.6+0.29/0.59/0.11+1.6 ms cpu, 3->4->2 MB, 4 MB goal, 0 MB stacks, 0 MB globals, 20 P
gc 730 @5.546s 1%: 0.074+0.25+0.067 ms clock, 1.4+0.30/0.65/0.038+1.3 ms cpu, 3->4->2 MB, 4 MB goal, 0 MB stacks, 0 MB globals, 20 P
gc 731 @5.547s 1%: 0.061+0.37+0.052 ms clock, 1.2+0.33/0.65/0.024+1.0 ms cpu, 3->4->2 MB, 4 MB goal, 0 MB stacks, 0 MB globals, 20 P
gc 732 @5.548s 1%: 0.062+0.33+0.087 ms clock, 1.2+0.28/0.64/0.007+1.7 ms cpu, 4->4->2 MB, 4 MB goal, 0 MB stacks, 0 MB globals, 20 P
gc 733 @5.549s 1%: 0.073+0.41+0.078 ms clock, 1.4+0.37/0.58/0.001+1.5 ms cpu, 4->4->2 MB, 4 MB goal, 0 MB stacks, 0 MB globals, 20 P
gc 734 @5.551s 1%: 0.074+0.31+0.019 ms clock, 1.4+0.45/0.62/0.061+0.39 ms cpu, 4->5->2 MB, 5 MB goal, 0 MB stacks, 0 MB globals, 20 P
gc 735 @5.552s 1%: 0.059+0.34+0.049 ms clock, 1.1+0.31/0.60/0.048+0.99 ms cpu, 3->4->2 MB, 4 MB goal, 0 MB stacks, 0 MB globals, 20 P
gc 736 @5.553s 1%: 0.070+0.36+0.068 ms clock, 1.4+0.32/0.44/0.084+1.3 ms cpu, 4->5->2 MB, 4 MB goal, 0 MB stacks, 0 MB globals, 20 P
gc 737 @5.554s 1%: 0.079+0.32+0.042 ms clock, 1.5+0.35/0.61/0.025+0.84 ms cpu, 4->5->2 MB, 5 MB goal, 0 MB stacks, 0 MB globals, 20 P
gc 738 @5.556s 1%: 0.055+0.33+0.060 ms clock, 1.1+0.32/0.64/0.035+1.2 ms cpu, 4->4->2 MB, 4 MB goal, 0 MB stacks, 0 MB globals, 20 P
gc 739 @5.556s 1%: 0.084+0.28+0.070 ms clock, 1.6+0.49/0.65/0.005+1.4 ms cpu, 3->4->2 MB, 4 MB goal, 0 MB stacks, 0 MB globals, 20 P
gc 740 @5.558s 1%: 0.12+0.45+0.027 ms clock, 2.5+0.37/0.52/0.13+0.55 ms cpu, 4->5->2 MB, 4 MB goal, 0 MB stacks, 0 MB globals, 20 P
gc 741 @5.559s 1%: 0.058+0.40+0.035 ms clock, 1.1+0.32/0.59/0+0.71 ms cpu, 4->5->2 MB, 5 MB goal, 0 MB stacks, 0 MB globals, 20 P
gc 742 @5.561s 1%: 0.087+0.32+0.059 ms clock, 1.7+0.27/0.61/0+1.1 ms cpu, 4->4->2 MB, 4 MB goal, 0 MB stacks, 0 MB globals, 20 P
gc 743 @5.562s 1%: 0.043+0.60+0.023 ms clock, 0.86+0.22/0.69/0.001+0.46 ms cpu, 4->5->2 MB, 5 MB goal, 0 MB stacks, 0 MB globals, 20 P
gc 744 @5.563s 1%: 0.066+0.24+0.060 ms clock, 1.3+0.24/0.66/0+1.2 ms cpu, 4->4->2 MB, 5 MB goal, 0 MB stacks, 0 MB globals, 20 P
gc 745 @5.564s 1%: 0.070+0.30+0.048 ms clock, 1.4+0.39/0.57/0.011+0.97 ms cpu, 3->4->2 MB, 4 MB goal, 0 MB stacks, 0 MB globals, 20 P
gc 746 @5.565s 1%: 0.063+0.44+0.066 ms clock, 1.2+0.38/0.50/0.059+1.3 ms cpu, 4->5->2 MB, 4 MB goal, 0 MB stacks, 0 MB globals, 20 P
gc 747 @5.566s 1%: 0.037+0.45+0.023 ms clock, 0.75+0.21/0.59/0.19+0.47 ms cpu, 4->5->2 MB, 5 MB goal, 0 MB stacks, 0 MB globals, 20 P
gc 748 @5.568s 1%: 0.042+0.44+0.065 ms clock, 0.85+0.26/0.60/0+1.3 ms cpu, 4->5->2 MB, 5 MB goal, 0 MB stacks, 0 MB globals, 20 P
gc 749 @5.569s 1%: 0.059+0.26+0.091 ms clock, 1.1+0.24/0.59/0+1.8 ms cpu, 4->4->2 MB, 4 MB goal, 0 MB stacks, 0 MB globals, 20 P
gc 750 @5.570s 1%: 0.068+0.21+0.022 ms clock, 1.3+0.37/0.59/0.001+0.45 ms cpu, 3->4->2 MB, 4 MB goal, 0 MB stacks, 0 MB globals, 20 P
gc 751 @5.571s 1%: 0.091+0.44+0.092 ms clock, 1.8+0.37/0.59/0+1.8 ms cpu, 3->5->2 MB, 4 MB goal, 0 MB stacks, 0 MB globals, 20 P
gc 752 @5.572s 1%: 0.067+0.35+0.068 ms clock, 1.3+0.27/0.64/0.037+1.3 ms cpu, 4->5->2 MB, 5 MB goal, 0 MB stacks, 0 MB globals, 20 P
gc 753 @5.573s 1%: 0.096+0.24+0.031 ms clock, 1.9+0.22/0.61/0.021+0.62 ms cpu, 4->4->2 MB, 4 MB goal, 0 MB stacks, 0 MB globals, 20 P
gc 754 @5.574s 1%: 0.070+0.34+0.078 ms clock, 1.4+0.32/0.55/0.058+1.5 ms cpu, 3->4->2 MB, 4 MB goal, 0 MB stacks, 0 MB globals, 20 P
gc 755 @5.575s 1%: 0.048+0.46+0.051 ms clock, 0.97+0.28/0.68/0+1.0 ms cpu, 3->4->2 MB, 4 MB goal, 0 MB stacks, 0 MB globals, 20 P
gc 756 @5.577s 1%: 0.085+0.33+0.069 ms clock, 1.7+0.46/0.55/0+1.3 ms cpu, 4->5->2 MB, 5 MB goal, 0 MB stacks, 0 MB globals, 20 P
gc 757 @5.578s 1%: 0.032+0.28+0.045 ms clock, 0.65+0.16/0.67/0+0.90 ms cpu, 4->5->2 MB, 5 MB goal, 0 MB stacks, 0 MB globals, 20 P
gc 758 @5.579s 1%: 0.029+0.32+0.053 ms clock, 0.58+0.14/0.62/0.17+1.0 ms cpu, 4->4->2 MB, 4 MB goal, 0 MB stacks, 0 MB globals, 20 P
gc 759 @5.580s 1%: 0.10+0.42+0.046 ms clock, 2.0+0.27/0.74/0+0.92 ms cpu, 3->4->2 MB, 4 MB goal, 0 MB stacks, 0 MB globals, 20 P
gc 760 @5.581s 1%: 0.036+0.31+0.072 ms clock, 0.72+0.13/0.73/0+1.4 ms cpu, 4->5->2 MB, 5 MB goal, 0 MB stacks, 0 MB globals, 20 P
gc 761 @5.582s 1%: 0.068+0.38+0.061 ms clock, 1.3+0.28/0.65/0+1.2 ms cpu, 3->4->2 MB, 4 MB goal, 0 MB stacks, 0 MB globals, 20 P
gc 762 @5.583s 1%: 0.066+0.29+0.038 ms clock, 1.3+0.34/0.57/0+0.76 ms cpu, 4->4->2 MB, 4 MB goal, 0 MB stacks, 0 MB globals, 20 P
gc 763 @5.584s 1%: 0.080+0.25+0.018 ms clock, 1.6+0.19/0.68/0+0.37 ms cpu, 3->4->2 MB, 4 MB goal, 0 MB stacks, 0 MB globals, 20 P
gc 764 @5.585s 1%: 0.075+0.44+0.032 ms clock, 1.5+0.25/0.51/0.14+0.65 ms cpu, 4->4->2 MB, 4 MB goal, 0 MB stacks, 0 MB globals, 20 P
gc 765 @5.587s 1%: 0.076+0.42+0.013 ms clock, 1.5+0.34/0.56/0.021+0.27 ms cpu, 4->5->2 MB, 4 MB goal, 0 MB stacks, 0 MB globals, 20 P
gc 766 @5.588s 1%: 0.073+0.64+0.071 ms clock, 1.4+0.34/0.64/0.057+1.4 ms cpu, 4->5->2 MB, 5 MB goal, 0 MB stacks, 0 MB globals, 20 P
gc 767 @5.589s 1%: 0.081+0.44+0.10 ms clock, 1.6+0.27/0.60/0.052+2.1 ms cpu, 4->5->2 MB, 5 MB goal, 0 MB stacks, 0 MB globals, 20 P
gc 768 @5.591s 1%: 0.052+0.46+0.068 ms clock, 1.0+0.40/0.63/0+1.3 ms cpu, 4->4->2 MB, 4 MB goal, 0 MB stacks, 0 MB globals, 20 P
gc 769 @5.592s 1%: 0.061+0.48+0.056 ms clock, 1.2+0.31/0.64/0.045+1.1 ms cpu, 4->5->2 MB, 5 MB goal, 0 MB stacks, 0 MB globals, 20 P
gc 770 @5.593s 1%: 0.070+0.40+0.033 ms clock, 1.4+0.38/0.59/0.067+0.66 ms cpu, 4->5->2 MB, 5 MB goal, 0 MB stacks, 0 MB globals, 20 P
gc 771 @5.595s 1%: 0.070+0.36+0.026 ms clock, 1.4+0.31/0.59/0.005+0.53 ms cpu, 4->5->2 MB, 5 MB goal, 0 MB stacks, 0 MB globals, 20 P
gc 772 @5.596s 1%: 0.070+0.50+0.045 ms clock, 1.4+0.39/0.74/0.013+0.91 ms cpu, 4->5->2 MB, 4 MB goal, 0 MB stacks, 0 MB globals, 20 P
gc 773 @5.597s 1%: 0.066+0.54+0.054 ms clock, 1.3+0.31/0.63/0.014+1.0 ms cpu, 4->5->2 MB, 5 MB goal, 0 MB stacks, 0 MB globals, 20 P
gc 774 @5.599s 1%: 0.079+0.31+0.072 ms clock, 1.5+0.30/0.59/0+1.4 ms cpu, 4->5->2 MB, 5 MB goal, 0 MB stacks, 0 MB globals, 20 P
gc 775 @5.600s 1%: 0.082+0.33+0.060 ms clock, 1.6+0.32/0.60/0.009+1.2 ms cpu, 4->4->2 MB, 4 MB goal, 0 MB stacks, 0 MB globals, 20 P
gc 776 @5.601s 1%: 0.056+0.34+0.018 ms clock, 1.1+0.22/0.74/0+0.36 ms cpu, 4->4->2 MB, 4 MB goal, 0 MB stacks, 0 MB globals, 20 P
gc 777 @5.602s 1%: 0.061+0.35+0.084 ms clock, 1.2+0.23/0.63/0.001+1.6 ms cpu, 4->4->2 MB, 4 MB goal, 0 MB stacks, 0 MB globals, 20 P
gc 778 @5.603s 1%: 0.076+0.46+0.086 ms clock, 1.5+0.26/0.77/0+1.7 ms cpu, 4->5->2 MB, 4 MB goal, 0 MB stacks, 0 MB globals, 20 P
gc 779 @5.605s 1%: 0.069+0.42+0.078 ms clock, 1.3+0.31/0.59/0.040+1.5 ms cpu, 4->5->2 MB, 5 MB goal, 0 MB stacks, 0 MB globals, 20 P
gc 780 @5.606s 1%: 0.080+0.44+0.068 ms clock, 1.6+0.41/0.58/0.050+1.3 ms cpu, 4->5->2 MB, 5 MB goal, 0 MB stacks, 0 MB globals, 20 P
gc 781 @5.607s 1%: 0.075+0.56+0.071 ms clock, 1.5+0.34/0.62/0.039+1.4 ms cpu, 4->5->2 MB, 5 MB goal, 0 MB stacks, 0 MB globals, 20 P
gc 782 @5.609s 1%: 0.075+0.46+0.094 ms clock, 1.5+0.28/0.70/0+1.8 ms cpu, 4->5->2 MB, 5 MB goal, 0 MB stacks, 0 MB globals, 20 P
gc 783 @5.610s 1%: 0.072+0.53+0.066 ms clock, 1.4+0.38/0.58/0.017+1.3 ms cpu, 4->5->2 MB, 5 MB goal, 0 MB stacks, 0 MB globals, 20 P
gc 784 @5.612s 1%: 0.081+0.36+0.037 ms clock, 1.6+0.24/0.65/0.039+0.75 ms cpu, 4->5->2 MB, 5 MB goal, 0 MB stacks, 0 MB globals, 20 P
gc 785 @5.613s 1%: 0.076+0.39+0.061 ms clock, 1.5+0.18/0.65/0.050+1.2 ms cpu, 4->5->2 MB, 5 MB goal, 0 MB stacks, 0 MB globals, 20 P
gc 786 @5.615s 1%: 0.073+0.32+0.057 ms clock, 1.4+0.28/0.56/0.022+1.1 ms cpu, 4->4->2 MB, 4 MB goal, 0 MB stacks, 0 MB globals, 20 P
gc 787 @5.616s 1%: 0.077+0.50+0.037 ms clock, 1.5+0.23/0.68/0.002+0.75 ms cpu, 4->5->2 MB, 4 MB goal, 0 MB stacks, 0 MB globals, 20 P
gc 788 @5.617s 1%: 0.044+0.34+0.060 ms clock, 0.88+0.37/0.67/0.011+1.2 ms cpu, 4->5->2 MB, 5 MB goal, 0 MB stacks, 0 MB globals, 20 P
gc 789 @5.618s 1%: 0.065+0.55+0.023 ms clock, 1.3+0.25/0.53/0.072+0.47 ms cpu, 4->5->2 MB, 4 MB goal, 0 MB stacks, 0 MB globals, 20 P
gc 790 @5.620s 1%: 0.075+0.53+0.074 ms clock, 1.5+0.22/0.59/0.060+1.4 ms cpu, 4->5->2 MB, 5 MB goal, 0 MB stacks, 0 MB globals, 20 P
gc 791 @5.621s 1%: 0.038+0.35+0.030 ms clock, 0.76+0.28/0.59/0.023+0.61 ms cpu, 4->5->2 MB, 5 MB goal, 0 MB stacks, 0 MB globals, 20 P
gc 792 @5.623s 1%: 0.040+0.47+0.016 ms clock, 0.81+0.29/0.64/0.012+0.33 ms cpu, 3->5->2 MB, 4 MB goal, 0 MB stacks, 0 MB globals, 20 P
gc 793 @5.624s 1%: 0.028+0.37+0.083 ms clock, 0.56+0.27/0.60/0.010+1.6 ms cpu, 4->5->2 MB, 5 MB goal, 0 MB stacks, 0 MB globals, 20 P
gc 794 @5.625s 1%: 0.071+0.32+0.021 ms clock, 1.4+0.41/0.67/0+0.42 ms cpu, 3->4->2 MB, 4 MB goal, 0 MB stacks, 0 MB globals, 20 P
gc 795 @5.626s 1%: 0.080+0.45+0.035 ms clock, 1.6+0.34/0.56/0.016+0.71 ms cpu, 4->5->2 MB, 4 MB goal, 0 MB stacks, 0 MB globals, 20 P
gc 796 @5.627s 1%: 0.074+0.46+0.081 ms clock, 1.4+0.29/0.67/0.047+1.6 ms cpu, 4->5->2 MB, 5 MB goal, 0 MB stacks, 0 MB globals, 20 P
gc 797 @5.629s 1%: 0.085+0.59+0.063 ms clock, 1.7+0.32/0.58/0.042+1.2 ms cpu, 4->5->2 MB, 5 MB goal, 0 MB stacks, 0 MB globals, 20 P
gc 798 @5.630s 1%: 0.069+0.43+0.085 ms clock, 1.3+0.30/0.67/0.050+1.7 ms cpu, 4->5->2 MB, 5 MB goal, 0 MB stacks, 0 MB globals, 20 P
gc 799 @5.632s 1%: 0.080+0.43+0.053 ms clock, 1.6+0.36/0.59/0+1.0 ms cpu, 4->5->2 MB, 5 MB goal, 0 MB stacks, 0 MB globals, 20 P
gc 800 @5.633s 1%: 0.080+0.36+0.062 ms clock, 1.6+0.35/0.55/0.061+1.2 ms cpu, 4->5->2 MB, 5 MB goal, 0 MB stacks, 0 MB globals, 20 P
gc 801 @5.634s 1%: 0.057+0.51+0.060 ms clock, 1.1+0.37/0.60/0.026+1.2 ms cpu, 4->5->2 MB, 4 MB goal, 0 MB stacks, 0 MB globals, 20 P
gc 802 @5.636s 1%: 0.072+0.46+0.064 ms clock, 1.4+0.31/0.61/0.075+1.2 ms cpu, 4->5->2 MB, 5 MB goal, 0 MB stacks, 0 MB globals, 20 P
gc 803 @5.637s 1%: 0.081+0.36+0.011 ms clock, 1.6+0.27/0.58/0.070+0.22 ms cpu, 4->4->2 MB, 5 MB goal, 0 MB stacks, 0 MB globals, 20 P
gc 804 @5.638s 1%: 0.075+0.30+0.070 ms clock, 1.5+0.15/0.61/0+1.4 ms cpu, 3->4->2 MB, 4 MB goal, 0 MB stacks, 0 MB globals, 20 P
gc 805 @5.639s 1%: 0.058+0.48+0.068 ms clock, 1.1+0.31/0.65/0.029+1.3 ms cpu, 4->4->2 MB, 4 MB goal, 0 MB stacks, 0 MB globals, 20 P
gc 806 @5.640s 1%: 0.057+0.29+0.070 ms clock, 1.1+0.33/0.57/0.002+1.4 ms cpu, 4->4->2 MB, 5 MB goal, 0 MB stacks, 0 MB globals, 20 P
gc 807 @5.641s 1%: 0.067+0.48+0.070 ms clock, 1.3+0.39/0.60/0.031+1.4 ms cpu, 3->5->2 MB, 4 MB goal, 0 MB stacks, 0 MB globals, 20 P
gc 808 @5.643s 1%: 0.071+0.47+0.024 ms clock, 1.4+0.33/0.51/0.009+0.48 ms cpu, 4->5->2 MB, 5 MB goal, 0 MB stacks, 0 MB globals, 20 P
gc 809 @5.644s 1%: 0.063+0.46+0.087 ms clock, 1.2+0.36/0.63/0+1.7 ms cpu, 4->5->2 MB, 4 MB goal, 0 MB stacks, 0 MB globals, 20 P
gc 810 @5.645s 1%: 0.046+0.43+0.057 ms clock, 0.92+0.28/0.57/0.023+1.1 ms cpu, 4->5->2 MB, 5 MB goal, 0 MB stacks, 0 MB globals, 20 P
gc 811 @5.647s 1%: 0.062+0.46+0.066 ms clock, 1.2+0.40/0.58/0.019+1.3 ms cpu, 4->5->2 MB, 5 MB goal, 0 MB stacks, 0 MB globals, 20 P
gc 812 @5.648s 1%: 0.071+0.41+0.066 ms clock, 1.4+0.35/0.59/0.015+1.3 ms cpu, 4->5->2 MB, 5 MB goal, 0 MB stacks, 0 MB globals, 20 P
gc 813 @5.649s 1%: 0.039+0.16+0.044 ms clock, 0.79+0.36/0.46/0.059+0.88 ms cpu, 4->4->1 MB, 5 MB goal, 0 MB stacks, 0 MB globals, 20 P
gc 814 @5.650s 1%: 0.058+0.42+0.049 ms clock, 1.1+0.29/0.65/0.057+0.99 ms cpu, 3->4->2 MB, 4 MB goal, 0 MB stacks, 0 MB globals, 20 P
gc 815 @5.651s 1%: 0.047+0.47+0.056 ms clock, 0.94+0.34/0.66/0+1.1 ms cpu, 4->5->2 MB, 4 MB goal, 0 MB stacks, 0 MB globals, 20 P
gc 816 @5.653s 1%: 0.065+0.34+0.083 ms clock, 1.3+0.14/0.67/0.011+1.6 ms cpu, 4->5->2 MB, 5 MB goal, 0 MB stacks, 0 MB globals, 20 P
gc 817 @5.654s 1%: 0.063+0.32+0.050 ms clock, 1.2+0.58/0.48/0.043+1.0 ms cpu, 4->4->2 MB, 4 MB goal, 0 MB stacks, 0 MB globals, 20 P
gc 818 @5.655s 1%: 0.065+0.29+0.052 ms clock, 1.3+0.31/0.59/0+1.0 ms cpu, 4->4->2 MB, 4 MB goal, 0 MB stacks, 0 MB globals, 20 P
gc 819 @5.656s 1%: 0.077+0.29+0.10 ms clock, 1.5+0.27/0.65/0+2.0 ms cpu, 4->4->2 MB, 5 MB goal, 0 MB stacks, 0 MB globals, 20 P
gc 820 @5.657s 1%: 0.046+0.49+0.083 ms clock, 0.92+0.26/0.63/0.025+1.6 ms cpu, 3->4->2 MB, 4 MB goal, 0 MB stacks, 0 MB globals, 20 P
gc 821 @5.659s 1%: 0.096+0.34+0.074 ms clock, 1.9+0.30/0.56/0.005+1.4 ms cpu, 4->5->2 MB, 5 MB goal, 0 MB stacks, 0 MB globals, 20 P
gc 822 @5.660s 1%: 0.060+0.32+0.071 ms clock, 1.2+0.31/0.64/0.14+1.4 ms cpu, 4->5->2 MB, 4 MB goal, 0 MB stacks, 0 MB globals, 20 P
gc 823 @5.661s 1%: 0.072+0.43+0.056 ms clock, 1.4+0.28/0.63/0.041+1.1 ms cpu, 4->4->2 MB, 4 MB goal, 0 MB stacks, 0 MB globals, 20 P
gc 824 @5.662s 1%: 0.029+0.58+0.039 ms clock, 0.59+0.28/0.67/0.008+0.79 ms cpu, 4->5->2 MB, 5 MB goal, 0 MB stacks, 0 MB globals, 20 P
gc 825 @5.664s 1%: 0.049+0.36+0.060 ms clock, 0.98+0.23/0.63/0.10+1.2 ms cpu, 4->5->2 MB, 5 MB goal, 0 MB stacks, 0 MB globals, 20 P
gc 826 @5.665s 1%: 0.046+0.37+0.045 ms clock, 0.93+0.31/0.57/0+0.90 ms cpu, 4->5->2 MB, 5 MB goal, 0 MB stacks, 0 MB globals, 20 P
gc 827 @5.666s 1%: 0.072+0.42+0.017 ms clock, 1.4+0.23/0.62/0+0.34 ms cpu, 4->5->2 MB, 5 MB goal, 0 MB stacks, 0 MB globals, 20 P
gc 828 @5.668s 1%: 0.052+0.35+0.065 ms clock, 1.0+0.30/0.67/0.001+1.3 ms cpu, 4->5->2 MB, 5 MB goal, 0 MB stacks, 0 MB globals, 20 P
gc 829 @5.669s 1%: 0.060+0.27+0.050 ms clock, 1.2+0.30/0.63/0+1.0 ms cpu, 4->5->2 MB, 5 MB goal, 0 MB stacks, 0 MB globals, 20 P
gc 830 @5.670s 1%: 0.070+0.39+0.070 ms clock, 1.4+0.34/0.73/0+1.4 ms cpu, 3->4->2 MB, 4 MB goal, 0 MB stacks, 0 MB globals, 20 P
gc 831 @5.672s 1%: 0.072+0.30+0.068 ms clock, 1.4+0.48/0.58/0.015+1.3 ms cpu, 4->5->2 MB, 5 MB goal, 0 MB stacks, 0 MB globals, 20 P
gc 832 @5.673s 1%: 0.065+0.44+0.052 ms clock, 1.3+0.30/0.70/0.021+1.0 ms cpu, 4->4->2 MB, 4 MB goal, 0 MB stacks, 0 MB globals, 20 P
gc 833 @5.674s 1%: 0.089+0.43+0.048 ms clock, 1.7+0.23/0.55/0.027+0.97 ms cpu, 4->4->2 MB, 4 MB goal, 0 MB stacks, 0 MB globals, 20 P
gc 834 @5.675s 1%: 0.046+0.56+0.024 ms clock, 0.92+0.26/0.60/0.043+0.48 ms cpu, 4->5->2 MB, 5 MB goal, 0 MB stacks, 0 MB globals, 20 P
gc 835 @5.677s 1%: 0.072+0.34+0.076 ms clock, 1.4+0.20/0.73/0.001+1.5 ms cpu, 4->5->2 MB, 5 MB goal, 0 MB stacks, 0 MB globals, 20 P
gc 836 @5.678s 2%: 0.077+0.51+0.028 ms clock, 1.5+0.31/0.56/0.035+0.57 ms cpu, 4->5->2 MB, 4 MB goal, 0 MB stacks, 0 MB globals, 20 P
gc 837 @5.680s 2%: 0.061+0.30+0.049 ms clock, 1.2+0.38/0.55/0.046+0.98 ms cpu, 4->5->2 MB, 5 MB goal, 0 MB stacks, 0 MB globals, 20 P
gc 838 @5.681s 2%: 0.073+0.36+0.030 ms clock, 1.4+0.27/0.67/0.053+0.60 ms cpu, 4->4->2 MB, 4 MB goal, 0 MB stacks, 0 MB globals, 20 P
gc 839 @5.682s 2%: 0.043+0.39+0.036 ms clock, 0.87+0.36/0.57/0.080+0.72 ms cpu, 4->5->2 MB, 4 MB goal, 0 MB stacks, 0 MB globals, 20 P
gc 840 @5.683s 2%: 0.031+0.40+0.022 ms clock, 0.63+0.26/0.72/0+0.45 ms cpu, 4->4->2 MB, 4 MB goal, 0 MB stacks, 0 MB globals, 20 P
gc 841 @5.685s 2%: 0.057+0.45+0.069 ms clock, 1.1+0.26/0.69/0.026+1.3 ms cpu, 4->5->2 MB, 4 MB goal, 0 MB stacks, 0 MB globals, 20 P
gc 842 @5.686s 2%: 0.074+0.30+0.043 ms clock, 1.4+0.29/0.64/0.018+0.87 ms cpu, 4->5->2 MB, 5 MB goal, 0 MB stacks, 0 MB globals, 20 P
gc 843 @5.687s 2%: 0.055+0.44+0.043 ms clock, 1.1+0.18/0.64/0.006+0.87 ms cpu, 4->5->2 MB, 5 MB goal, 0 MB stacks, 0 MB globals, 20 P
gc 844 @5.689s 2%: 0.049+0.33+0.069 ms clock, 0.98+0.30/0.63/0.048+1.3 ms cpu, 4->4->2 MB, 5 MB goal, 0 MB stacks, 0 MB globals, 20 P
gc 845 @5.690s 2%: 0.071+0.69+0.067 ms clock, 1.4+0.28/0.67/0.022+1.3 ms cpu, 3->4->2 MB, 4 MB goal, 0 MB stacks, 0 MB globals, 20 P
gc 846 @5.691s 2%: 0.10+0.44+0.060 ms clock, 2.1+0.35/0.59/0.002+1.2 ms cpu, 4->5->2 MB, 5 MB goal, 0 MB stacks, 0 MB globals, 20 P
gc 847 @5.693s 2%: 0.068+0.34+0.056 ms clock, 1.3+0.29/0.57/0.095+1.1 ms cpu, 4->4->2 MB, 5 MB goal, 0 MB stacks, 0 MB globals, 20 P
gc 848 @5.694s 2%: 0.063+0.52+0.067 ms clock, 1.2+0.22/0.73/0.015+1.3 ms cpu, 3->4->2 MB, 4 MB goal, 0 MB stacks, 0 MB globals, 20 P
gc 849 @5.695s 2%: 0.055+0.48+0.023 ms clock, 1.1+0.34/0.53/0.002+0.46 ms cpu, 4->5->2 MB, 5 MB goal, 0 MB stacks, 0 MB globals, 20 P
gc 850 @5.696s 2%: 0.081+0.52+0.064 ms clock, 1.6+0.22/0.61/0.014+1.2 ms cpu, 4->5->2 MB, 5 MB goal, 0 MB stacks, 0 MB globals, 20 P
gc 851 @5.698s 2%: 0.091+0.36+0.024 ms clock, 1.8+0.23/0.65/0.068+0.48 ms cpu, 4->5->2 MB, 5 MB goal, 0 MB stacks, 0 MB globals, 20 P
gc 852 @5.699s 2%: 0.039+0.52+0.090 ms clock, 0.78+0.31/0.60/0.027+1.8 ms cpu, 4->5->2 MB, 5 MB goal, 0 MB stacks, 0 MB globals, 20 P
gc 853 @5.700s 2%: 0.061+0.29+0.089 ms clock, 1.2+0.33/0.54/0.047+1.7 ms cpu, 4->5->2 MB, 5 MB goal, 0 MB stacks, 0 MB globals, 20 P
gc 854 @5.701s 2%: 0.044+0.33+0.034 ms clock, 0.88+0.27/0.61/0.009+0.69 ms cpu, 4->4->2 MB, 4 MB goal, 0 MB stacks, 0 MB globals, 20 P
gc 855 @5.702s 2%: 0.053+0.42+0.040 ms clock, 1.0+0.13/0.60/0.003+0.81 ms cpu, 4->5->2 MB, 4 MB goal, 0 MB stacks, 0 MB globals, 20 P
gc 856 @5.704s 2%: 0.082+0.45+0.056 ms clock, 1.6+0.29/0.61/0.022+1.1 ms cpu, 4->5->2 MB, 5 MB goal, 0 MB stacks, 0 MB globals, 20 P
gc 857 @5.705s 2%: 0.086+0.34+0.069 ms clock, 1.7+0.34/0.65/0.013+1.3 ms cpu, 4->5->2 MB, 5 MB goal, 0 MB stacks, 0 MB globals, 20 P
gc 858 @5.706s 2%: 0.063+0.39+0.072 ms clock, 1.2+0.27/0.66/0.059+1.4 ms cpu, 4->5->2 MB, 5 MB goal, 0 MB stacks, 0 MB globals, 20 P
gc 859 @5.707s 2%: 0.077+0.30+0.047 ms clock, 1.5+0.28/0.69/0.004+0.94 ms cpu, 4->4->2 MB, 5 MB goal, 0 MB stacks, 0 MB globals, 20 P
gc 860 @5.708s 2%: 0.084+0.44+0.071 ms clock, 1.6+0.34/0.57/0.035+1.4 ms cpu, 3->4->2 MB, 4 MB goal, 0 MB stacks, 0 MB globals, 20 P
gc 861 @5.710s 2%: 0.072+0.55+0.028 ms clock, 1.4+0.42/0.63/0+0.57 ms cpu, 4->5->2 MB, 5 MB goal, 0 MB stacks, 0 MB globals, 20 P
gc 862 @5.711s 2%: 0.082+0.37+0.12 ms clock, 1.6+0.26/0.68/0.029+2.4 ms cpu, 4->5->2 MB, 5 MB goal, 0 MB stacks, 0 MB globals, 20 P
gc 863 @5.712s 2%: 0.037+0.33+0.070 ms clock, 0.75+0.35/0.58/0.048+1.4 ms cpu, 4->4->2 MB, 4 MB goal, 0 MB stacks, 0 MB globals, 20 P
gc 864 @5.713s 2%: 0.068+0.39+0.013 ms clock, 1.3+0.54/0.56/0.050+0.26 ms cpu, 3->4->2 MB, 4 MB goal, 0 MB stacks, 0 MB globals, 20 P
gc 865 @5.715s 2%: 0.073+0.41+0.029 ms clock, 1.4+0.43/0.58/0.059+0.59 ms cpu, 4->5->2 MB, 4 MB goal, 0 MB stacks, 0 MB globals, 20 P
gc 866 @5.716s 2%: 0.045+0.35+0.067 ms clock, 0.90+0.33/0.62/0.014+1.3 ms cpu, 4->4->2 MB, 5 MB goal, 0 MB stacks, 0 MB globals, 20 P
gc 867 @5.717s 2%: 0.072+0.31+0.066 ms clock, 1.4+0.19/0.65/0+1.3 ms cpu, 3->4->2 MB, 4 MB goal, 0 MB stacks, 0 MB globals, 20 P
gc 868 @5.718s 2%: 0.080+0.35+0.015 ms clock, 1.6+0.29/0.65/0+0.31 ms cpu, 3->4->2 MB, 4 MB goal, 0 MB stacks, 0 MB globals, 20 P
gc 869 @5.720s 2%: 0.053+0.32+0.018 ms clock, 1.0+0.38/0.55/0.034+0.36 ms cpu, 4->5->2 MB, 4 MB goal, 0 MB stacks, 0 MB globals, 20 P
gc 870 @5.721s 2%: 0.075+0.44+0.048 ms clock, 1.5+0.37/0.60/0.001+0.96 ms cpu, 4->4->2 MB, 4 MB goal, 0 MB stacks, 0 MB globals, 20 P
gc 871 @5.722s 2%: 0.051+0.43+0.018 ms clock, 1.0+0.29/0.58/0.027+0.37 ms cpu, 4->5->2 MB, 4 MB goal, 0 MB stacks, 0 MB globals, 20 P
gc 872 @5.723s 2%: 0.047+0.52+0.084 ms clock, 0.94+0.26/0.53/0.14+1.6 ms cpu, 4->5->2 MB, 4 MB goal, 0 MB stacks, 0 MB globals, 20 P
gc 873 @5.725s 2%: 0.042+0.49+0.045 ms clock, 0.84+0.25/0.59/0.040+0.90 ms cpu, 4->5->2 MB, 5 MB goal, 0 MB stacks, 0 MB globals, 20 P
gc 874 @5.726s 2%: 0.074+0.25+0.046 ms clock, 1.4+0.24/0.63/0.005+0.93 ms cpu, 4->5->2 MB, 5 MB goal, 0 MB stacks, 0 MB globals, 20 P
gc 875 @5.727s 2%: 0.053+0.27+0.021 ms clock, 1.0+0.24/0.58/0.040+0.42 ms cpu, 3->4->2 MB, 4 MB goal, 0 MB stacks, 0 MB globals, 20 P
gc 876 @5.728s 2%: 0.026+0.38+0.067 ms clock, 0.53+0.26/0.58/0.13+1.3 ms cpu, 3->4->2 MB, 4 MB goal, 0 MB stacks, 0 MB globals, 20 P
gc 877 @5.729s 2%: 0.077+0.33+0.073 ms clock, 1.5+0.36/0.68/0.015+1.4 ms cpu, 4->5->2 MB, 4 MB goal, 0 MB stacks, 0 MB globals, 20 P
gc 878 @5.730s 2%: 0.048+0.40+0.020 ms clock, 0.97+0.12/0.69/0.023+0.41 ms cpu, 4->4->2 MB, 4 MB goal, 0 MB stacks, 0 MB globals, 20 P
gc 879 @5.732s 2%: 0.046+0.23+0.070 ms clock, 0.93+0.37/0.64/0.018+1.4 ms cpu, 4->4->2 MB, 4 MB goal, 0 MB stacks, 0 MB globals, 20 P
gc 880 @5.732s 2%: 0.026+0.55+0.064 ms clock, 0.52+0.37/0.52/0.031+1.2 ms cpu, 3->4->2 MB, 4 MB goal, 0 MB stacks, 0 MB globals, 20 P
gc 881 @5.734s 2%: 0.047+0.40+0.043 ms clock, 0.95+0.34/0.73/0.065+0.86 ms cpu, 4->5->2 MB, 5 MB goal, 0 MB stacks, 0 MB globals, 20 P
gc 882 @5.735s 2%: 0.021+0.42+0.011 ms clock, 0.42+0.29/0.62/0.027+0.23 ms cpu, 4->5->2 MB, 5 MB goal, 0 MB stacks, 0 MB globals, 20 P
gc 883 @5.736s 2%: 0.071+0.51+0.053 ms clock, 1.4+0.34/0.62/0.018+1.0 ms cpu, 4->5->2 MB, 4 MB goal, 0 MB stacks, 0 MB globals, 20 P
gc 884 @5.738s 2%: 0.076+0.35+0.079 ms clock, 1.5+0.36/0.50/0.094+1.5 ms cpu, 4->5->2 MB, 5 MB goal, 0 MB stacks, 0 MB globals, 20 P
gc 885 @5.739s 2%: 0.10+0.36+0.067 ms clock, 2.0+0.31/0.56/0.079+1.3 ms cpu, 4->4->2 MB, 4 MB goal, 0 MB stacks, 0 MB globals, 20 P
gc 886 @5.740s 2%: 0.068+0.49+0.045 ms clock, 1.3+0.36/0.61/0+0.90 ms cpu, 4->5->2 MB, 4 MB goal, 0 MB stacks, 0 MB globals, 20 P
gc 887 @5.742s 2%: 0.059+0.38+0.054 ms clock, 1.1+0.37/0.56/0.062+1.0 ms cpu, 4->5->2 MB, 5 MB goal, 0 MB stacks, 0 MB globals, 20 P
gc 888 @5.743s 2%: 0.092+0.53+0.061 ms clock, 1.8+0.42/0.50/0.072+1.2 ms cpu, 4->5->2 MB, 4 MB goal, 0 MB stacks, 0 MB globals, 20 P
gc 889 @5.745s 2%: 0.058+0.34+0.030 ms clock, 1.1+0.26/0.67/0.005+0.60 ms cpu, 4->5->2 MB, 5 MB goal, 0 MB stacks, 0 MB globals, 20 P
gc 890 @5.746s 2%: 0.077+0.41+0.10 ms clock, 1.5+0.26/0.60/0.001+2.0 ms cpu, 4->5->2 MB, 5 MB goal, 0 MB stacks, 0 MB globals, 20 P
gc 891 @5.747s 2%: 0.071+0.42+0.025 ms clock, 1.4+0.32/0.67/0+0.50 ms cpu, 4->5->2 MB, 5 MB goal, 0 MB stacks, 0 MB globals, 20 P
gc 892 @5.749s 2%: 0.085+0.33+0.068 ms clock, 1.7+0.30/0.72/0.001+1.3 ms cpu, 4->5->2 MB, 5 MB goal, 0 MB stacks, 0 MB globals, 20 P
gc 893 @5.750s 2%: 0.079+0.42+0.053 ms clock, 1.5+0.40/0.72/0+1.0 ms cpu, 4->5->2 MB, 4 MB goal, 0 MB stacks, 0 MB globals, 20 P
gc 894 @5.751s 2%: 0.062+0.44+0.089 ms clock, 1.2+0.29/0.65/0.013+1.7 ms cpu, 4->5->2 MB, 5 MB goal, 0 MB stacks, 0 MB globals, 20 P
gc 895 @5.752s 2%: 0.047+0.58+0.032 ms clock, 0.95+0.31/0.61/0.008+0.64 ms cpu, 4->5->2 MB, 5 MB goal, 0 MB stacks, 0 MB globals, 20 P
gc 896 @5.754s 2%: 0.057+0.36+0.061 ms clock, 1.1+0.39/0.65/0.010+1.2 ms cpu, 4->5->2 MB, 5 MB goal, 0 MB stacks, 0 MB globals, 20 P
gc 897 @5.755s 2%: 0.083+0.34+0.043 ms clock, 1.6+0.34/0.55/0.001+0.86 ms cpu, 4->4->2 MB, 4 MB goal, 0 MB stacks, 0 MB globals, 20 P
gc 898 @5.756s 2%: 0.084+0.28+0.072 ms clock, 1.6+0.30/0.60/0+1.4 ms cpu, 4->5->2 MB, 5 MB goal, 0 MB stacks, 0 MB globals, 20 P
gc 899 @5.758s 2%: 0.045+0.30+0.041 ms clock, 0.90+0.29/0.71/0+0.83 ms cpu, 4->5->2 MB, 5 MB goal, 0 MB stacks, 0 MB globals, 20 P
gc 900 @5.759s 2%: 0.13+0.31+0.019 ms clock, 2.6+0.32/0.74/0+0.39 ms cpu, 4->5->2 MB, 5 MB goal, 0 MB stacks, 0 MB globals, 20 P
gc 901 @5.760s 2%: 0.073+0.27+0.063 ms clock, 1.4+0.27/0.56/0+1.2 ms cpu, 4->5->2 MB, 5 MB goal, 0 MB stacks, 0 MB globals, 20 P
gc 902 @5.761s 2%: 0.074+0.35+0.014 ms clock, 1.4+0.32/0.57/0.056+0.28 ms cpu, 3->4->2 MB, 4 MB goal, 0 MB stacks, 0 MB globals, 20 P
gc 903 @5.763s 2%: 0.086+0.47+0.035 ms clock, 1.7+0.23/0.59/0.067+0.71 ms cpu, 4->5->2 MB, 4 MB goal, 0 MB stacks, 0 MB globals, 20 P
gc 904 @5.764s 2%: 0.072+0.39+0.022 ms clock, 1.4+0.26/0.68/0.002+0.44 ms cpu, 4->5->2 MB, 5 MB goal, 0 MB stacks, 0 MB globals, 20 P
gc 905 @5.765s 2%: 0.075+0.35+0.083 ms clock, 1.5+0.22/0.66/0.009+1.6 ms cpu, 4->5->2 MB, 5 MB goal, 0 MB stacks, 0 MB globals, 20 P
gc 906 @5.766s 2%: 0.066+0.29+0.028 ms clock, 1.3+0.35/0.57/0.016+0.57 ms cpu, 4->4->2 MB, 4 MB goal, 0 MB stacks, 0 MB globals, 20 P
gc 907 @5.768s 2%: 0.069+0.42+0.037 ms clock, 1.3+0.43/0.57/0.050+0.75 ms cpu, 3->5->2 MB, 4 MB goal, 0 MB stacks, 0 MB globals, 20 P
gc 908 @5.769s 2%: 0.067+0.34+0.042 ms clock, 1.3+0.18/0.67/0.005+0.84 ms cpu, 4->5->2 MB, 4 MB goal, 0 MB stacks, 0 MB globals, 20 P
gc 909 @5.770s 2%: 0.069+0.37+0.069 ms clock, 1.3+0.22/0.64/0.024+1.3 ms cpu, 4->5->2 MB, 4 MB goal, 0 MB stacks, 0 MB globals, 20 P
gc 910 @5.772s 2%: 0.079+0.27+0.085 ms clock, 1.5+0.32/0.58/0.002+1.7 ms cpu, 4->5->2 MB, 5 MB goal, 0 MB stacks, 0 MB globals, 20 P
gc 911 @5.773s 2%: 0.074+0.37+0.054 ms clock, 1.4+0.26/0.59/0.13+1.0 ms cpu, 3->4->2 MB, 4 MB goal, 0 MB stacks, 0 MB globals, 20 P
gc 912 @5.774s 2%: 0.066+0.35+0.059 ms clock, 1.3+0.31/0.56/0.010+1.1 ms cpu, 4->4->2 MB, 4 MB goal, 0 MB stacks, 0 MB globals, 20 P
gc 913 @5.775s 2%: 0.056+0.54+0.022 ms clock, 1.1+0.32/0.74/0+0.45 ms cpu, 4->5->2 MB, 4 MB goal, 0 MB stacks, 0 MB globals, 20 P
gc 914 @5.777s 2%: 0.078+0.32+0.028 ms clock, 1.5+0.27/0.51/0.078+0.56 ms cpu, 4->5->2 MB, 5 MB goal, 0 MB stacks, 0 MB globals, 20 P
gc 915 @5.778s 2%: 0.084+0.39+0.012 ms clock, 1.6+0.24/0.71/0.016+0.25 ms cpu, 4->4->2 MB, 4 MB goal, 0 MB stacks, 0 MB globals, 20 P
gc 916 @5.779s 2%: 0.071+0.31+0.078 ms clock, 1.4+0.30/0.57/0.030+1.5 ms cpu, 3->4->2 MB, 4 MB goal, 0 MB stacks, 0 MB globals, 20 P
gc 917 @5.780s 2%: 0.065+0.53+0.010 ms clock, 1.3+0.17/0.57/0.059+0.20 ms cpu, 3->4->2 MB, 4 MB goal, 0 MB stacks, 0 MB globals, 20 P
gc 918 @5.782s 2%: 0.034+0.44+0.077 ms clock, 0.69+0.37/0.58/0+1.5 ms cpu, 4->4->2 MB, 4 MB goal, 0 MB stacks, 0 MB globals, 20 P
gc 919 @5.783s 2%: 0.092+0.42+0.039 ms clock, 1.8+0.17/0.80/0.015+0.79 ms cpu, 4->5->2 MB, 5 MB goal, 0 MB stacks, 0 MB globals, 20 P
gc 920 @5.785s 2%: 0.020+0.44+0.076 ms clock, 0.40+0.25/0.59/0.082+1.5 ms cpu, 4->5->2 MB, 5 MB goal, 0 MB stacks, 0 MB globals, 20 P
gc 921 @5.786s 2%: 0.082+0.30+0.070 ms clock, 1.6+0.39/0.48/0.055+1.4 ms cpu, 4->4->2 MB, 4 MB goal, 0 MB stacks, 0 MB globals, 20 P
gc 922 @5.787s 2%: 0.075+0.31+0.046 ms clock, 1.5+0.38/0.65/0+0.92 ms cpu, 4->4->2 MB, 4 MB goal, 0 MB stacks, 0 MB globals, 20 P
gc 923 @5.788s 2%: 0.066+0.39+0.039 ms clock, 1.3+0.30/0.61/0+0.79 ms cpu, 4->5->2 MB, 4 MB goal, 0 MB stacks, 0 MB globals, 20 P
gc 924 @5.790s 2%: 0.075+0.40+0.040 ms clock, 1.5+0.28/0.69/0.050+0.81 ms cpu, 4->5->2 MB, 4 MB goal, 0 MB stacks, 0 MB globals, 20 P
gc 925 @5.791s 2%: 0.048+0.42+0.019 ms clock, 0.96+0.31/0.68/0.023+0.39 ms cpu, 4->5->2 MB, 4 MB goal, 0 MB stacks, 0 MB globals, 20 P
gc 926 @5.792s 2%: 0.097+0.43+0.017 ms clock, 1.9+0.34/0.59/0.054+0.34 ms cpu, 4->5->2 MB, 5 MB goal, 0 MB stacks, 0 MB globals, 20 P
gc 927 @5.794s 2%: 0.085+0.38+0.060 ms clock, 1.7+0.30/0.83/0.002+1.2 ms cpu, 4->5->2 MB, 4 MB goal, 0 MB stacks, 0 MB globals, 20 P
gc 928 @5.795s 2%: 0.037+0.41+0.022 ms clock, 0.75+0.30/0.60/0.011+0.44 ms cpu, 4->5->2 MB, 5 MB goal, 0 MB stacks, 0 MB globals, 20 P
gc 929 @5.796s 2%: 0.071+0.26+0.058 ms clock, 1.4+0.28/0.43/0.17+1.1 ms cpu, 4->4->2 MB, 5 MB goal, 0 MB stacks, 0 MB globals, 20 P
gc 930 @5.797s 2%: 0.037+0.53+0.062 ms clock, 0.75+0.35/0.50/0.098+1.2 ms cpu, 3->4->2 MB, 4 MB goal, 0 MB stacks, 0 MB globals, 20 P
gc 931 @5.798s 2%: 0.069+0.42+0.050 ms clock, 1.3+0.35/0.53/0.12+1.0 ms cpu, 4->5->2 MB, 5 MB goal, 0 MB stacks, 0 MB globals, 20 P
gc 932 @5.800s 2%: 0.068+0.44+0.070 ms clock, 1.3+0.35/0.64/0.001+1.4 ms cpu, 4->5->2 MB, 5 MB goal, 0 MB stacks, 0 MB globals, 20 P
gc 933 @5.802s 2%: 0.069+0.47+0.061 ms clock, 1.3+0.19/0.68/0.006+1.2 ms cpu, 4->5->2 MB, 5 MB goal, 0 MB stacks, 0 MB globals, 20 P
gc 934 @5.803s 2%: 0.093+0.90+0.028 ms clock, 1.8+0.42/0.58/0.002+0.56 ms cpu, 4->5->3 MB, 5 MB goal, 0 MB stacks, 0 MB globals, 20 P
gc 935 @5.805s 2%: 0.064+0.29+0.069 ms clock, 1.2+0.16/0.68/0.027+1.3 ms cpu, 5->6->2 MB, 6 MB goal, 0 MB stacks, 0 MB globals, 20 P
gc 936 @5.806s 2%: 0.074+0.39+0.071 ms clock, 1.4+0.34/0.61/0+1.4 ms cpu, 4->4->2 MB, 4 MB goal, 0 MB stacks, 0 MB globals, 20 P
gc 937 @5.807s 2%: 0.081+0.56+0.047 ms clock, 1.6+0.21/0.73/0.017+0.95 ms cpu, 4->5->2 MB, 5 MB goal, 0 MB stacks, 0 MB globals, 20 P
gc 938 @5.809s 2%: 0.057+0.41+0.053 ms clock, 1.1+0.42/0.66/0.003+1.0 ms cpu, 4->5->2 MB, 5 MB goal, 0 MB stacks, 0 MB globals, 20 P
gc 939 @5.810s 2%: 0.082+0.43+0.022 ms clock, 1.6+0.36/0.72/0+0.44 ms cpu, 4->4->2 MB, 4 MB goal, 0 MB stacks, 0 MB globals, 20 P
gc 940 @5.811s 2%: 0.062+0.49+0.064 ms clock, 1.2+0.34/0.60/0.023+1.2 ms cpu, 4->5->2 MB, 4 MB goal, 0 MB stacks, 0 MB globals, 20 P
gc 941 @5.813s 2%: 0.075+0.24+0.065 ms clock, 1.5+0.36/0.61/0.033+1.3 ms cpu, 4->4->2 MB, 4 MB goal, 0 MB stacks, 0 MB globals, 20 P
gc 942 @5.814s 2%: 0.063+0.31+0.016 ms clock, 1.2+0.26/0.68/0.035+0.32 ms cpu, 3->4->2 MB, 4 MB goal, 0 MB stacks, 0 MB globals, 20 P
gc 943 @5.815s 2%: 0.072+0.41+0.007 ms clock, 1.4+0.36/0.65/0.002+0.14 ms cpu, 4->5->2 MB, 4 MB goal, 0 MB stacks, 0 MB globals, 20 P
gc 944 @5.816s 2%: 0.073+0.41+0.057 ms clock, 1.4+0.32/0.61/0.080+1.1 ms cpu, 4->5->2 MB, 5 MB goal, 0 MB stacks, 0 MB globals, 20 P
gc 945 @5.818s 2%: 0.050+0.36+0.044 ms clock, 1.0+0.36/0.53/0.031+0.89 ms cpu, 4->4->2 MB, 4 MB goal, 0 MB stacks, 0 MB globals, 20 P
gc 946 @5.819s 2%: 0.077+0.42+0.032 ms clock, 1.5+0.29/0.59/0.013+0.65 ms cpu, 4->4->2 MB, 4 MB goal, 0 MB stacks, 0 MB globals, 20 P
gc 947 @5.820s 2%: 0.056+0.42+0.023 ms clock, 1.1+0.11/0.68/0.020+0.46 ms cpu, 4->5->2 MB, 5 MB goal, 0 MB stacks, 0 MB globals, 20 P
gc 948 @5.821s 2%: 0.064+0.44+0.068 ms clock, 1.2+0.37/0.57/0.036+1.3 ms cpu, 4->5->2 MB, 5 MB goal, 0 MB stacks, 0 MB globals, 20 P
gc 949 @5.822s 2%: 0.080+0.43+0.067 ms clock, 1.6+0.31/0.73/0.005+1.3 ms cpu, 4->5->2 MB, 5 MB goal, 0 MB stacks, 0 MB globals, 20 P
gc 950 @5.824s 2%: 0.086+0.31+0.081 ms clock, 1.7+0.30/0.62/0+1.6 ms cpu, 4->5->2 MB, 5 MB goal, 0 MB stacks, 0 MB globals, 20 P
gc 951 @5.825s 2%: 0.071+0.41+0.066 ms clock, 1.4+0.33/0.59/0+1.3 ms cpu, 4->5->2 MB, 5 MB goal, 0 MB stacks, 0 MB globals, 20 P
gc 952 @5.826s 2%: 0.066+0.37+0.073 ms clock, 1.3+0.35/0.62/0+1.4 ms cpu, 4->5->2 MB, 5 MB goal, 0 MB stacks, 0 MB globals, 20 P
gc 953 @5.827s 2%: 0.075+0.54+0.066 ms clock, 1.5+0.21/0.65/0.001+1.3 ms cpu, 4->5->2 MB, 5 MB goal, 0 MB stacks, 0 MB globals, 20 P
gc 954 @5.829s 2%: 0.099+0.33+0.050 ms clock, 1.9+0.20/0.69/0+1.0 ms cpu, 4->5->2 MB, 5 MB goal, 0 MB stacks, 0 MB globals, 20 P
gc 955 @5.830s 2%: 0.062+0.30+0.052 ms clock, 1.2+0.26/0.59/0.028+1.0 ms cpu, 4->5->2 MB, 5 MB goal, 0 MB stacks, 0 MB globals, 20 P
gc 956 @5.831s 2%: 0.10+0.43+0.063 ms clock, 2.0+0.35/0.56/0.038+1.2 ms cpu, 3->4->2 MB, 4 MB goal, 0 MB stacks, 0 MB globals, 20 P
gc 957 @5.832s 2%: 0.046+0.50+0.072 ms clock, 0.92+0.27/0.70/0.053+1.4 ms cpu, 4->5->2 MB, 4 MB goal, 0 MB stacks, 0 MB globals, 20 P
gc 958 @5.834s 2%: 0.077+0.32+0.061 ms clock, 1.5+0.33/0.54/0.060+1.2 ms cpu, 4->5->2 MB, 5 MB goal, 0 MB stacks, 0 MB globals, 20 P
gc 959 @5.835s 2%: 0.077+0.47+0.066 ms clock, 1.5+0.33/0.61/0+1.3 ms cpu, 3->4->2 MB, 4 MB goal, 0 MB stacks, 0 MB globals, 20 P
gc 960 @5.836s 2%: 0.069+0.32+0.069 ms clock, 1.3+0.33/0.66/0.034+1.3 ms cpu, 4->5->2 MB, 5 MB goal, 0 MB stacks, 0 MB globals, 20 P
gc 961 @5.837s 2%: 0.066+0.30+0.079 ms clock, 1.3+0.32/0.61/0.032+1.5 ms cpu, 4->4->2 MB, 4 MB goal, 0 MB stacks, 0 MB globals, 20 P
gc 962 @5.839s 2%: 0.066+0.51+0.052 ms clock, 1.3+0.50/0.62/0.010+1.0 ms cpu, 3->4->2 MB, 4 MB goal, 0 MB stacks, 0 MB globals, 20 P
gc 963 @5.840s 2%: 0.078+0.55+0.065 ms clock, 1.5+0.26/0.64/0+1.3 ms cpu, 4->5->2 MB, 5 MB goal, 0 MB stacks, 0 MB globals, 20 P
gc 964 @5.841s 2%: 0.053+0.40+0.082 ms clock, 1.0+0.15/0.70/0.043+1.6 ms cpu, 4->5->2 MB, 5 MB goal, 0 MB stacks, 0 MB globals, 20 P
gc 965 @5.842s 2%: 0.047+0.31+0.063 ms clock, 0.95+0.17/0.62/0.003+1.2 ms cpu, 4->4->2 MB, 4 MB goal, 0 MB stacks, 0 MB globals, 20 P
gc 966 @5.844s 2%: 0.068+0.46+0.030 ms clock, 1.3+0.27/0.70/0.069+0.61 ms cpu, 3->5->2 MB, 4 MB goal, 0 MB stacks, 0 MB globals, 20 P
gc 967 @5.845s 2%: 0.058+0.32+0.057 ms clock, 1.1+0.18/0.57/0+1.1 ms cpu, 4->4->2 MB, 4 MB goal, 0 MB stacks, 0 MB globals, 20 P
gc 968 @5.846s 2%: 0.076+0.47+0.031 ms clock, 1.5+0.45/0.73/0.031+0.63 ms cpu, 3->4->2 MB, 4 MB goal, 0 MB stacks, 0 MB globals, 20 P
gc 969 @5.847s 2%: 0.065+0.49+0.10 ms clock, 1.3+0.37/0.56/0+2.0 ms cpu, 4->5->2 MB, 5 MB goal, 0 MB stacks, 0 MB globals, 20 P
gc 970 @5.849s 2%: 0.063+0.32+0.12 ms clock, 1.2+0.34/0.55/0.004+2.4 ms cpu, 4->5->2 MB, 5 MB goal, 0 MB stacks, 0 MB globals, 20 P
gc 971 @5.850s 2%: 0.039+0.40+0.072 ms clock, 0.79+0.24/0.63/0.014+1.4 ms cpu, 4->5->2 MB, 4 MB goal, 0 MB stacks, 0 MB globals, 20 P
gc 972 @5.851s 2%: 0.055+0.39+0.098 ms clock, 1.1+0.23/0.63/0.010+1.9 ms cpu, 4->4->2 MB, 4 MB goal, 0 MB stacks, 0 MB globals, 20 P
gc 973 @5.853s 2%: 0.073+0.44+0.075 ms clock, 1.4+0.29/0.73/0.002+1.5 ms cpu, 4->5->2 MB, 4 MB goal, 0 MB stacks, 0 MB globals, 20 P
gc 974 @5.854s 2%: 0.061+0.31+0.030 ms clock, 1.2+0.32/0.60/0.058+0.61 ms cpu, 4->4->2 MB, 4 MB goal, 0 MB stacks, 0 MB globals, 20 P
gc 975 @5.855s 2%: 0.083+0.32+0.013 ms clock, 1.6+0.42/0.48/0.072+0.27 ms cpu, 3->4->2 MB, 4 MB goal, 0 MB stacks, 0 MB globals, 20 P
gc 976 @5.856s 2%: 0.056+0.46+0.022 ms clock, 1.1+0.24/0.66/0.038+0.44 ms cpu, 3->5->2 MB, 4 MB goal, 0 MB stacks, 0 MB globals, 20 P
gc 977 @5.858s 2%: 0.089+0.49+0.038 ms clock, 1.7+0.41/0.69/0.003+0.76 ms cpu, 4->5->2 MB, 4 MB goal, 0 MB stacks, 0 MB globals, 20 P
gc 978 @5.859s 2%: 0.091+0.37+0.033 ms clock, 1.8+0.38/0.56/0.061+0.66 ms cpu, 4->5->2 MB, 5 MB goal, 0 MB stacks, 0 MB globals, 20 P
gc 979 @5.860s 2%: 0.080+0.38+0.019 ms clock, 1.6+0.12/0.66/0.046+0.38 ms cpu, 4->5->2 MB, 5 MB goal, 0 MB stacks, 0 MB globals, 20 P
gc 980 @5.862s 2%: 0.073+0.50+0.065 ms clock, 1.4+0.32/0.60/0.012+1.3 ms cpu, 4->5->2 MB, 5 MB goal, 0 MB stacks, 0 MB globals, 20 P
gc 981 @5.863s 2%: 0.073+0.21+0.076 ms clock, 1.4+0.39/0.60/0.029+1.5 ms cpu, 4->4->1 MB, 5 MB goal, 0 MB stacks, 0 MB globals, 20 P
gc 982 @5.864s 2%: 0.058+0.42+0.011 ms clock, 1.1+0.20/0.65/0.019+0.23 ms cpu, 3->4->2 MB, 4 MB goal, 0 MB stacks, 0 MB globals, 20 P
gc 983 @5.865s 2%: 0.064+0.29+0.061 ms clock, 1.2+0.26/0.69/0+1.2 ms cpu, 4->5->2 MB, 5 MB goal, 0 MB stacks, 0 MB globals, 20 P
gc 984 @5.866s 2%: 0.10+0.39+0.021 ms clock, 2.0+0.38/0.65/0+0.42 ms cpu, 4->4->2 MB, 4 MB goal, 0 MB stacks, 0 MB globals, 20 P
gc 985 @5.867s 2%: 0.047+0.49+0.033 ms clock, 0.94+0.25/0.68/0+0.67 ms cpu, 4->5->2 MB, 4 MB goal, 0 MB stacks, 0 MB globals, 20 P
gc 986 @5.869s 2%: 0.093+0.28+0.080 ms clock, 1.8+0.27/0.63/0+1.6 ms cpu, 4->5->2 MB, 5 MB goal, 0 MB stacks, 0 MB globals, 20 P
gc 987 @5.870s 2%: 0.058+0.34+0.056 ms clock, 1.1+0.28/0.62/0+1.1 ms cpu, 4->4->2 MB, 4 MB goal, 0 MB stacks, 0 MB globals, 20 P
gc 988 @5.871s 2%: 0.083+0.44+0.042 ms clock, 1.6+0.24/0.53/0.026+0.84 ms cpu, 4->4->2 MB, 4 MB goal, 0 MB stacks, 0 MB globals, 20 P
gc 989 @5.872s 2%: 0.069+0.30+0.066 ms clock, 1.3+0.32/0.62/0.008+1.3 ms cpu, 4->4->2 MB, 4 MB goal, 0 MB stacks, 0 MB globals, 20 P
gc 990 @5.873s 2%: 0.061+0.36+0.023 ms clock, 1.2+0.36/0.56/0.024+0.46 ms cpu, 3->4->2 MB, 4 MB goal, 0 MB stacks, 0 MB globals, 20 P
gc 991 @5.874s 2%: 0.080+0.62+0.003 ms clock, 1.6+0.24/0.67/0.003+0.070 ms cpu, 3->5->2 MB, 4 MB goal, 0 MB stacks, 0 MB globals, 20 P
gc 992 @5.875s 2%: 0.081+0.39+0.082 ms clock, 1.6+0.35/0.63/0.075+1.6 ms cpu, 4->5->2 MB, 5 MB goal, 0 MB stacks, 0 MB globals, 20 P
gc 993 @5.877s 2%: 0.083+0.55+0.063 ms clock, 1.6+0.32/0.57/0.066+1.2 ms cpu, 4->5->2 MB, 4 MB goal, 0 MB stacks, 0 MB globals, 20 P
gc 994 @5.878s 2%: 0.029+0.30+0.003 ms clock, 0.59+0.29/0.70/0+0.066 ms cpu, 4->5->2 MB, 5 MB goal, 0 MB stacks, 0 MB globals, 20 P
gc 995 @5.879s 2%: 0.063+0.36+0.080 ms clock, 1.2+0.25/0.60/0+1.6 ms cpu, 3->4->2 MB, 4 MB goal, 0 MB stacks, 0 MB globals, 20 P
gc 996 @5.881s 2%: 0.079+0.29+0.039 ms clock, 1.5+0.29/0.59/0.015+0.78 ms cpu, 4->4->2 MB, 4 MB goal, 0 MB stacks, 0 MB globals, 20 P
gc 997 @5.882s 2%: 0.070+0.36+0.040 ms clock, 1.4+0.29/0.60/0.028+0.80 ms cpu, 4->5->2 MB, 4 MB goal, 0 MB stacks, 0 MB globals, 20 P
gc 998 @5.883s 2%: 0.091+0.74+0.035 ms clock, 1.8+0.15/0.81/0+0.71 ms cpu, 4->5->2 MB, 4 MB goal, 0 MB stacks, 0 MB globals, 20 P
gc 999 @5.885s 2%: 0.080+0.45+0.034 ms clock, 1.6+0.33/0.53/0.085+0.69 ms cpu, 5->6->2 MB, 6 MB goal, 0 MB stacks, 0 MB globals, 20 P
gc 1000 @5.886s 2%: 0.11+0.52+0.016 ms clock, 2.3+0.30/0.63/0.023+0.32 ms cpu, 4->5->2 MB, 5 MB goal, 0 MB stacks, 0 MB globals, 20 P
gc 1001 @5.888s 2%: 0.070+0.49+0.080 ms clock, 1.4+0.29/0.68/0.020+1.6 ms cpu, 4->5->2 MB, 5 MB goal, 0 MB stacks, 0 MB globals, 20 P
gc 1002 @5.889s 2%: 0.074+0.48+0.058 ms clock, 1.4+0.39/0.67/0.004+1.1 ms cpu, 4->5->2 MB, 5 MB goal, 0 MB stacks, 0 MB globals, 20 P
gc 1003 @5.891s 2%: 0.053+0.30+0.029 ms clock, 1.0+0.25/0.62/0+0.58 ms cpu, 4->5->2 MB, 5 MB goal, 0 MB stacks, 0 MB globals, 20 P
gc 1004 @5.892s 2%: 0.044+0.28+0.065 ms clock, 0.88+0.33/0.68/0.027+1.3 ms cpu, 4->4->2 MB, 4 MB goal, 0 MB stacks, 0 MB globals, 20 P
gc 1005 @5.893s 2%: 0.085+0.40+0.068 ms clock, 1.7+0.29/0.65/0.021+1.3 ms cpu, 4->5->2 MB, 4 MB goal, 0 MB stacks, 0 MB globals, 20 P
gc 1006 @5.894s 2%: 0.063+0.42+0.009 ms clock, 1.2+0.28/0.60/0.013+0.18 ms cpu, 4->5->2 MB, 5 MB goal, 0 MB stacks, 0 MB globals, 20 P
gc 1007 @5.896s 2%: 0.056+0.40+0.026 ms clock, 1.1+0.12/0.72/0+0.52 ms cpu, 4->4->2 MB, 5 MB goal, 0 MB stacks, 0 MB globals, 20 P
gc 1008 @5.897s 2%: 0.042+0.34+0.028 ms clock, 0.84+0.20/0.79/0.004+0.56 ms cpu, 3->4->2 MB, 4 MB goal, 0 MB stacks, 0 MB globals, 20 P
gc 1009 @5.898s 2%: 0.065+0.38+0.065 ms clock, 1.3+0.35/0.59/0.030+1.3 ms cpu, 4->4->2 MB, 4 MB goal, 0 MB stacks, 0 MB globals, 20 P
gc 1010 @5.899s 2%: 0.087+0.52+0.064 ms clock, 1.7+0.31/0.62/0.001+1.2 ms cpu, 4->5->2 MB, 4 MB goal, 0 MB stacks, 0 MB globals, 20 P
gc 1011 @5.901s 2%: 0.044+0.41+0.067 ms clock, 0.88+0.32/0.62/0.026+1.3 ms cpu, 4->5->2 MB, 5 MB goal, 0 MB stacks, 0 MB globals, 20 P
gc 1012 @5.902s 2%: 0.079+0.38+0.040 ms clock, 1.5+0.37/0.59/0.017+0.80 ms cpu, 4->5->2 MB, 5 MB goal, 0 MB stacks, 0 MB globals, 20 P
gc 1013 @5.904s 2%: 0.055+0.37+0.076 ms clock, 1.1+0.40/0.61/0+1.5 ms cpu, 4->5->2 MB, 4 MB goal, 0 MB stacks, 0 MB globals, 20 P
gc 1014 @5.905s 2%: 0.057+0.37+0.045 ms clock, 1.1+0.40/0.62/0.005+0.90 ms cpu, 4->4->2 MB, 4 MB goal, 0 MB stacks, 0 MB globals, 20 P
gc 1015 @5.906s 2%: 0.083+0.40+0.053 ms clock, 1.6+0.33/0.62/0.031+1.0 ms cpu, 4->5->2 MB, 5 MB goal, 0 MB stacks, 0 MB globals, 20 P
gc 1016 @5.908s 2%: 0.039+0.26+0.018 ms clock, 0.79+0.32/0.66/0.018+0.36 ms cpu, 4->4->1 MB, 5 MB goal, 0 MB stacks, 0 MB globals, 20 P
gc 1017 @5.908s 2%: 0.14+0.25+0.068 ms clock, 2.8+0.38/0.61/0+1.3 ms cpu, 3->4->2 MB, 4 MB goal, 0 MB stacks, 0 MB globals, 20 P
gc 1018 @5.910s 2%: 0.030+0.40+0.064 ms clock, 0.60+0.26/0.53/0.091+1.2 ms cpu, 4->5->2 MB, 4 MB goal, 0 MB stacks, 0 MB globals, 20 P
gc 1019 @5.911s 2%: 0.063+0.32+0.071 ms clock, 1.2+0.34/0.57/0+1.4 ms cpu, 4->5->2 MB, 4 MB goal, 0 MB stacks, 0 MB globals, 20 P
gc 1020 @5.912s 2%: 0.043+0.47+0.073 ms clock, 0.86+0.18/0.64/0.005+1.4 ms cpu, 4->5->2 MB, 4 MB goal, 0 MB stacks, 0 MB globals, 20 P
gc 1021 @5.913s 2%: 0.066+0.47+0.015 ms clock, 1.3+0.33/0.58/0.079+0.30 ms cpu, 4->5->2 MB, 5 MB goal, 0 MB stacks, 0 MB globals, 20 P
gc 1022 @5.915s 2%: 0.065+0.44+0.10 ms clock, 1.3+0.32/0.54/0+2.0 ms cpu, 4->5->2 MB, 5 MB goal, 0 MB stacks, 0 MB globals, 20 P
gc 1023 @5.916s 2%: 0.082+0.47+0.031 ms clock, 1.6+0.28/0.70/0.014+0.63 ms cpu, 4->5->2 MB, 5 MB goal, 0 MB stacks, 0 MB globals, 20 P
gc 1024 @5.918s 2%: 0.058+0.35+0.055 ms clock, 1.1+0.091/0.70/0.001+1.1 ms cpu, 4->5->2 MB, 5 MB goal, 0 MB stacks, 0 MB globals, 20 P
gc 1025 @5.919s 2%: 0.063+0.54+0.055 ms clock, 1.2+0.44/0.57/0.001+1.1 ms cpu, 4->5->2 MB, 5 MB goal, 0 MB stacks, 0 MB globals, 20 P
gc 1026 @5.920s 2%: 0.064+0.38+0.030 ms clock, 1.2+0.35/0.62/0.046+0.60 ms cpu, 4->5->2 MB, 5 MB goal, 0 MB stacks, 0 MB globals, 20 P
gc 1027 @5.922s 2%: 0.071+0.49+0.080 ms clock, 1.4+0.24/0.67/0.099+1.6 ms cpu, 4->5->2 MB, 5 MB goal, 0 MB stacks, 0 MB globals, 20 P
gc 1028 @5.923s 2%: 0.099+0.40+0.056 ms clock, 1.9+0.30/0.63/0+1.1 ms cpu, 4->5->2 MB, 5 MB goal, 0 MB stacks, 0 MB globals, 20 P
gc 1029 @5.925s 2%: 0.064+0.46+0.080 ms clock, 1.2+0.28/0.67/0+1.6 ms cpu, 4->5->2 MB, 5 MB goal, 0 MB stacks, 0 MB globals, 20 P
gc 1030 @5.926s 2%: 0.052+0.43+0.066 ms clock, 1.0+0.27/0.59/0.079+1.3 ms cpu, 4->5->2 MB, 5 MB goal, 0 MB stacks, 0 MB globals, 20 P
gc 1031 @5.927s 2%: 0.081+0.26+0.062 ms clock, 1.6+0.35/0.52/0.010+1.2 ms cpu, 4->4->2 MB, 4 MB goal, 0 MB stacks, 0 MB globals, 20 P
gc 1032 @5.928s 2%: 0.071+0.45+0.014 ms clock, 1.4+0.34/0.68/0.009+0.29 ms cpu, 3->4->2 MB, 4 MB goal, 0 MB stacks, 0 MB globals, 20 P
gc 1033 @5.929s 2%: 0.086+0.51+0.023 ms clock, 1.7+0.34/0.80/0+0.47 ms cpu, 4->5->2 MB, 5 MB goal, 0 MB stacks, 0 MB globals, 20 P
gc 1034 @5.931s 2%: 0.045+0.39+0.020 ms clock, 0.91+0.28/0.52/0.094+0.40 ms cpu, 4->5->2 MB, 5 MB goal, 0 MB stacks, 0 MB globals, 20 P
gc 1035 @5.932s 2%: 0.075+0.32+0.055 ms clock, 1.5+0.35/0.60/0.083+1.1 ms cpu, 4->4->2 MB, 4 MB goal, 0 MB stacks, 0 MB globals, 20 P
gc 1036 @5.934s 2%: 0.064+0.40+0.067 ms clock, 1.2+0.22/0.62/0+1.3 ms cpu, 4->4->2 MB, 4 MB goal, 0 MB stacks, 0 MB globals, 20 P
gc 1037 @5.935s 2%: 0.066+0.54+0.095 ms clock, 1.3+0.27/0.64/0+1.9 ms cpu, 4->5->2 MB, 5 MB goal, 0 MB stacks, 0 MB globals, 20 P
gc 1038 @5.936s 2%: 0.068+0.44+0.017 ms clock, 1.3+0.27/0.60/0.045+0.34 ms cpu, 4->5->2 MB, 5 MB goal, 0 MB stacks, 0 MB globals, 20 P
gc 1039 @5.937s 2%: 0.086+0.49+0.069 ms clock, 1.7+0.50/0.69/0.002+1.3 ms cpu, 4->5->2 MB, 5 MB goal, 0 MB stacks, 0 MB globals, 20 P
gc 1040 @5.939s 2%: 0.069+0.35+0.046 ms clock, 1.3+0.21/0.65/0.008+0.92 ms cpu, 4->5->2 MB, 5 MB goal, 0 MB stacks, 0 MB globals, 20 P
gc 1041 @5.940s 2%: 0.066+0.36+0.023 ms clock, 1.3+0.43/0.57/0.045+0.47 ms cpu, 4->4->2 MB, 4 MB goal, 0 MB stacks, 0 MB globals, 20 P
gc 1042 @5.941s 2%: 0.085+0.34+0.089 ms clock, 1.7+0.36/0.65/0.013+1.7 ms cpu, 4->4->2 MB, 4 MB goal, 0 MB stacks, 0 MB globals, 20 P
gc 1043 @5.942s 2%: 0.040+0.26+0.059 ms clock, 0.81+0.25/0.57/0+1.1 ms cpu, 4->4->1 MB, 4 MB goal, 0 MB stacks, 0 MB globals, 20 P
gc 1044 @5.943s 2%: 0.064+0.31+0.074 ms clock, 1.2+0.38/0.54/0.035+1.4 ms cpu, 3->4->2 MB, 4 MB goal, 0 MB stacks, 0 MB globals, 20 P
gc 1045 @5.944s 2%: 0.088+0.35+0.077 ms clock, 1.7+0.34/0.60/0.009+1.5 ms cpu, 3->4->2 MB, 4 MB goal, 0 MB stacks, 0 MB globals, 20 P
gc 1046 @5.945s 2%: 0.062+0.59+0.021 ms clock, 1.2+0.31/0.69/0.048+0.43 ms cpu, 4->5->2 MB, 4 MB goal, 0 MB stacks, 0 MB globals, 20 P
gc 1047 @5.947s 2%: 0.074+0.25+0.063 ms clock, 1.4+0.24/0.62/0+1.2 ms cpu, 4->4->2 MB, 5 MB goal, 0 MB stacks, 0 MB globals, 20 P
gc 1048 @5.948s 2%: 0.052+0.39+0.081 ms clock, 1.0+0.35/0.66/0+1.6 ms cpu, 3->4->2 MB, 4 MB goal, 0 MB stacks, 0 MB globals, 20 P
gc 1049 @5.949s 2%: 0.045+0.63+0.071 ms clock, 0.90+0.23/0.69/0.009+1.4 ms cpu, 4->5->2 MB, 4 MB goal, 0 MB stacks, 0 MB globals, 20 P
gc 1050 @5.951s 2%: 0.061+0.34+0.052 ms clock, 1.2+0.30/0.61/0.003+1.0 ms cpu, 4->5->2 MB, 5 MB goal, 0 MB stacks, 0 MB globals, 20 P
gc 1051 @5.952s 2%: 0.070+0.48+0.061 ms clock, 1.4+0.23/0.71/0.015+1.2 ms cpu, 4->5->2 MB, 4 MB goal, 0 MB stacks, 0 MB globals, 20 P
gc 1052 @5.953s 2%: 0.063+0.62+0.005 ms clock, 1.2+0.11/0.79/0.003+0.10 ms cpu, 4->5->2 MB, 5 MB goal, 0 MB stacks, 0 MB globals, 20 P
gc 1053 @5.955s 2%: 0.060+0.40+0.074 ms clock, 1.2+0.32/0.66/0+1.4 ms cpu, 4->5->2 MB, 5 MB goal, 0 MB stacks, 0 MB globals, 20 P
gc 1054 @5.956s 2%: 0.096+0.36+0.050 ms clock, 1.9+0.23/0.48/0.20+1.0 ms cpu, 4->4->2 MB, 5 MB goal, 0 MB stacks, 0 MB globals, 20 P
gc 1055 @5.957s 2%: 0.022+0.29+0.068 ms clock, 0.44+0.22/0.64/0.013+1.3 ms cpu, 3->4->2 MB, 4 MB goal, 0 MB stacks, 0 MB globals, 20 P
gc 1056 @5.958s 2%: 0.072+0.45+0.063 ms clock, 1.4+0.31/0.60/0.023+1.2 ms cpu, 3->4->2 MB, 4 MB goal, 0 MB stacks, 0 MB globals, 20 P
gc 1057 @5.959s 2%: 0.047+0.39+0.058 ms clock, 0.95+0.22/0.67/0.10+1.1 ms cpu, 4->5->2 MB, 5 MB goal, 0 MB stacks, 0 MB globals, 20 P
gc 1058 @5.961s 2%: 0.072+0.39+0.074 ms clock, 1.4+0.24/0.60/0.001+1.4 ms cpu, 4->4->2 MB, 4 MB goal, 0 MB stacks, 0 MB globals, 20 P
gc 1059 @5.962s 2%: 0.073+0.24+0.040 ms clock, 1.4+0.43/0.62/0.008+0.80 ms cpu, 4->4->1 MB, 4 MB goal, 0 MB stacks, 0 MB globals, 20 P
gc 1060 @5.963s 2%: 0.080+0.51+0.051 ms clock, 1.6+0.42/0.78/0+1.0 ms cpu, 3->4->2 MB, 4 MB goal, 0 MB stacks, 0 MB globals, 20 P
gc 1061 @5.964s 2%: 0.088+0.35+0.11 ms clock, 1.7+0.30/0.68/0+2.3 ms cpu, 4->5->2 MB, 5 MB goal, 0 MB stacks, 0 MB globals, 20 P
gc 1062 @5.965s 2%: 0.040+0.45+0.043 ms clock, 0.80+0.25/0.62/0.071+0.87 ms cpu, 4->5->2 MB, 5 MB goal, 0 MB stacks, 0 MB globals, 20 P
gc 1063 @5.967s 2%: 0.058+0.32+0.084 ms clock, 1.1+0.49/0.54/0.081+1.6 ms cpu, 4->4->2 MB, 4 MB goal, 0 MB stacks, 0 MB globals, 20 P
gc 1064 @5.967s 2%: 0.077+0.40+0.038 ms clock, 1.5+0.35/0.66/0.031+0.77 ms cpu, 4->4->2 MB, 4 MB goal, 0 MB stacks, 0 MB globals, 20 P
gc 1065 @5.969s 2%: 0.049+0.43+0.014 ms clock, 0.99+0.42/0.62/0+0.29 ms cpu, 4->4->2 MB, 4 MB goal, 0 MB stacks, 0 MB globals, 20 P
gc 1066 @5.970s 2%: 0.080+0.59+0.078 ms clock, 1.6+0.33/0.54/0+1.5 ms cpu, 4->5->2 MB, 5 MB goal, 0 MB stacks, 0 MB globals, 20 P
gc 1067 @5.971s 2%: 0.088+0.35+0.070 ms clock, 1.7+0.34/0.72/0.002+1.4 ms cpu, 4->5->2 MB, 5 MB goal, 0 MB stacks, 0 MB globals, 20 P
gc 1068 @5.973s 2%: 0.075+0.40+0.072 ms clock, 1.5+0.26/0.60/0+1.4 ms cpu, 4->4->2 MB, 4 MB goal, 0 MB stacks, 0 MB globals, 20 P
gc 1069 @5.974s 2%: 0.027+0.53+0.041 ms clock, 0.54+0.22/0.59/0.002+0.82 ms cpu, 4->5->2 MB, 5 MB goal, 0 MB stacks, 0 MB globals, 20 P
gc 1070 @5.975s 2%: 0.038+0.42+0.073 ms clock, 0.76+0.35/0.62/0.030+1.4 ms cpu, 4->5->2 MB, 5 MB goal, 0 MB stacks, 0 MB globals, 20 P
gc 1071 @5.977s 2%: 0.060+0.48+0.054 ms clock, 1.2+0.33/0.69/0.026+1.0 ms cpu, 4->5->2 MB, 4 MB goal, 0 MB stacks, 0 MB globals, 20 P
gc 1072 @5.978s 2%: 0.071+0.36+0.042 ms clock, 1.4+0.12/0.66/0.011+0.85 ms cpu, 4->5->2 MB, 5 MB goal, 0 MB stacks, 0 MB globals, 20 P
gc 1073 @5.979s 2%: 0.072+0.30+0.050 ms clock, 1.4+0.23/0.69/0.001+1.0 ms cpu, 4->4->2 MB, 4 MB goal, 0 MB stacks, 0 MB globals, 20 P
gc 1074 @5.980s 2%: 0.042+0.37+0.044 ms clock, 0.85+0.21/0.61/0.058+0.89 ms cpu, 3->4->2 MB, 4 MB goal, 0 MB stacks, 0 MB globals, 20 P
gc 1075 @5.981s 2%: 0.074+0.45+0.062 ms clock, 1.4+0.34/0.64/0.029+1.2 ms cpu, 3->4->2 MB, 4 MB goal, 0 MB stacks, 0 MB globals, 20 P
gc 1076 @5.982s 2%: 0.057+0.31+0.080 ms clock, 1.1+0.34/0.57/0.002+1.6 ms cpu, 4->5->2 MB, 5 MB goal, 0 MB stacks, 0 MB globals, 20 P
gc 1077 @5.984s 2%: 0.078+0.51+0.069 ms clock, 1.5+0.39/0.52/0.030+1.3 ms cpu, 4->5->2 MB, 4 MB goal, 0 MB stacks, 0 MB globals, 20 P
gc 1078 @5.985s 2%: 0.087+0.24+0.081 ms clock, 1.7+0.32/0.60/0.036+1.6 ms cpu, 4->4->2 MB, 5 MB goal, 0 MB stacks, 0 MB globals, 20 P
gc 1079 @5.986s 2%: 0.080+0.36+0.030 ms clock, 1.6+0.27/0.62/0.024+0.61 ms cpu, 3->4->2 MB, 4 MB goal, 0 MB stacks, 0 MB globals, 20 P
gc 1080 @5.988s 2%: 0.081+0.49+0.074 ms clock, 1.6+0.32/0.61/0+1.4 ms cpu, 4->5->2 MB, 4 MB goal, 0 MB stacks, 0 MB globals, 20 P
gc 1081 @5.989s 2%: 0.078+0.28+0.061 ms clock, 1.5+0.28/0.54/0.043+1.2 ms cpu, 4->4->2 MB, 5 MB goal, 0 MB stacks, 0 MB globals, 20 P
gc 1082 @5.990s 2%: 0.085+0.43+0.072 ms clock, 1.7+0.31/0.73/0.051+1.4 ms cpu, 3->4->2 MB, 4 MB goal, 0 MB stacks, 0 MB globals, 20 P
gc 1083 @5.991s 2%: 0.089+0.39+0.026 ms clock, 1.7+0.26/0.76/0.020+0.53 ms cpu, 4->5->2 MB, 4 MB goal, 0 MB stacks, 0 MB globals, 20 P
gc 1084 @5.992s 2%: 0.039+0.48+0.034 ms clock, 0.79+0.28/0.68/0.17+0.69 ms cpu, 4->5->2 MB, 5 MB goal, 0 MB stacks, 0 MB globals, 20 P
gc 1085 @5.994s 2%: 0.093+0.36+0.059 ms clock, 1.8+0.33/0.65/0.058+1.1 ms cpu, 4->5->2 MB, 4 MB goal, 0 MB stacks, 0 MB globals, 20 P
gc 1086 @5.995s 2%: 0.073+0.30+0.064 ms clock, 1.4+0.41/0.46/0.029+1.2 ms cpu, 4->5->2 MB, 5 MB goal, 0 MB stacks, 0 MB globals, 20 P
gc 1087 @5.996s 2%: 0.076+0.36+0.070 ms clock, 1.5+0.28/0.64/0.022+1.4 ms cpu, 4->5->2 MB, 4 MB goal, 0 MB stacks, 0 MB globals, 20 P
gc 1088 @5.997s 2%: 0.053+0.45+0.083 ms clock, 1.0+0.33/0.60/0.12+1.6 ms cpu, 4->4->2 MB, 5 MB goal, 0 MB stacks, 0 MB globals, 20 P
gc 1089 @5.999s 2%: 0.074+0.32+0.090 ms clock, 1.4+0.37/0.51/0.027+1.8 ms cpu, 4->4->2 MB, 4 MB goal, 0 MB stacks, 0 MB globals, 20 P
gc 1090 @6.000s 2%: 0.10+0.62+0.072 ms clock, 2.1+0.36/0.56/0+1.4 ms cpu, 4->5->2 MB, 4 MB goal, 0 MB stacks, 0 MB globals, 20 P
gc 1091 @6.001s 2%: 0.076+0.38+0.030 ms clock, 1.5+0.11/0.77/0+0.60 ms cpu, 4->5->2 MB, 5 MB goal, 0 MB stacks, 0 MB globals, 20 P
gc 1092 @6.003s 2%: 0.071+0.28+0.042 ms clock, 1.4+0.25/0.61/0.004+0.85 ms cpu, 3->4->2 MB, 4 MB goal, 0 MB stacks, 0 MB globals, 20 P
gc 1093 @6.004s 2%: 0.047+0.40+0.058 ms clock, 0.94+0.34/0.62/0+1.1 ms cpu, 3->4->2 MB, 4 MB goal, 0 MB stacks, 0 MB globals, 20 P
gc 1094 @6.005s 2%: 0.076+0.37+0.011 ms clock, 1.5+0.32/0.60/0.010+0.23 ms cpu, 4->4->2 MB, 4 MB goal, 0 MB stacks, 0 MB globals, 20 P
gc 1095 @6.006s 2%: 0.072+0.47+0.076 ms clock, 1.4+0.49/0.63/0.003+1.5 ms cpu, 4->5->2 MB, 4 MB goal, 0 MB stacks, 0 MB globals, 20 P
gc 1096 @6.007s 2%: 0.084+0.47+0.074 ms clock, 1.6+0.27/0.75/0.071+1.4 ms cpu, 4->5->2 MB, 5 MB goal, 0 MB stacks, 0 MB globals, 20 P
gc 1097 @6.009s 2%: 0.091+0.31+0.070 ms clock, 1.8+0.34/0.57/0.004+1.4 ms cpu, 4->5->2 MB, 4 MB goal, 0 MB stacks, 0 MB globals, 20 P
gc 1098 @6.010s 2%: 0.072+0.25+0.082 ms clock, 1.4+0.31/0.59/0.043+1.6 ms cpu, 3->4->2 MB, 4 MB goal, 0 MB stacks, 0 MB globals, 20 P
gc 1099 @6.011s 2%: 0.059+0.35+0.066 ms clock, 1.1+0.078/0.71/0+1.3 ms cpu, 3->4->2 MB, 4 MB goal, 0 MB stacks, 0 MB globals, 20 P
gc 1100 @6.012s 2%: 0.068+0.47+0.012 ms clock, 1.3+0.28/0.65/0+0.25 ms cpu, 3->5->2 MB, 4 MB goal, 0 MB stacks, 0 MB globals, 20 P
gc 1101 @6.014s 2%: 0.056+0.35+0.069 ms clock, 1.1+0.32/0.70/0.037+1.3 ms cpu, 4->5->2 MB, 5 MB goal, 0 MB stacks, 0 MB globals, 20 P
gc 1102 @6.015s 2%: 0.068+0.62+0.063 ms clock, 1.3+0.29/0.64/0+1.2 ms cpu, 4->5->2 MB, 5 MB goal, 0 MB stacks, 0 MB globals, 20 P
gc 1103 @6.016s 2%: 0.065+0.42+0.073 ms clock, 1.3+0.33/0.59/0.044+1.4 ms cpu, 4->5->2 MB, 5 MB goal, 0 MB stacks, 0 MB globals, 20 P
gc 1104 @6.017s 2%: 0.029+0.28+0.059 ms clock, 0.59+0.25/0.67/0.002+1.1 ms cpu, 4->5->2 MB, 4 MB goal, 0 MB stacks, 0 MB globals, 20 P
gc 1105 @6.018s 2%: 0.061+0.50+0.045 ms clock, 1.2+0.51/0.49/0.060+0.90 ms cpu, 4->4->2 MB, 4 MB goal, 0 MB stacks, 0 MB globals, 20 P
gc 1106 @6.020s 2%: 0.033+0.31+0.078 ms clock, 0.67+0.30/0.57/0.011+1.5 ms cpu, 4->4->2 MB, 5 MB goal, 0 MB stacks, 0 MB globals, 20 P
gc 1107 @6.021s 2%: 0.077+0.37+0.056 ms clock, 1.5+0.29/0.65/0.005+1.1 ms cpu, 3->4->2 MB, 4 MB goal, 0 MB stacks, 0 MB globals, 20 P
gc 1108 @6.022s 2%: 0.077+0.45+0.033 ms clock, 1.5+0.34/0.57/0.036+0.67 ms cpu, 4->5->2 MB, 5 MB goal, 0 MB stacks, 0 MB globals, 20 P
gc 1109 @6.023s 2%: 0.082+0.34+0.021 ms clock, 1.6+0.30/0.64/0.019+0.42 ms cpu, 4->5->2 MB, 5 MB goal, 0 MB stacks, 0 MB globals, 20 P
gc 1110 @6.025s 2%: 0.076+0.49+0.060 ms clock, 1.5+0.28/0.70/0.062+1.2 ms cpu, 4->4->2 MB, 4 MB goal, 0 MB stacks, 0 MB globals, 20 P
gc 1111 @6.026s 2%: 0.057+0.36+0.021 ms clock, 1.1+0.16/0.62/0.026+0.42 ms cpu, 4->4->2 MB, 4 MB goal, 0 MB stacks, 0 MB globals, 20 P
gc 1112 @6.027s 2%: 0.13+0.43+0.066 ms clock, 2.6+0.30/0.73/0.018+1.3 ms cpu, 3->5->2 MB, 4 MB goal, 0 MB stacks, 0 MB globals, 20 P
gc 1113 @6.028s 2%: 0.069+0.49+0.077 ms clock, 1.3+0.33/0.58/0+1.5 ms cpu, 4->5->2 MB, 5 MB goal, 0 MB stacks, 0 MB globals, 20 P
gc 1114 @6.029s 2%: 0.067+0.32+0.017 ms clock, 1.3+0.29/0.55/0.032+0.35 ms cpu, 4->5->2 MB, 5 MB goal, 0 MB stacks, 0 MB globals, 20 P
gc 1115 @6.031s 2%: 0.048+0.37+0.037 ms clock, 0.96+0.32/0.55/0.069+0.75 ms cpu, 4->5->2 MB, 5 MB goal, 0 MB stacks, 0 MB globals, 20 P
gc 1116 @6.032s 2%: 0.055+0.39+0.056 ms clock, 1.1+0.33/0.63/0.018+1.1 ms cpu, 4->4->2 MB, 4 MB goal, 0 MB stacks, 0 MB globals, 20 P
gc 1117 @6.033s 2%: 0.074+0.53+0.038 ms clock, 1.4+0.31/0.62/0.11+0.77 ms cpu, 4->5->2 MB, 4 MB goal, 0 MB stacks, 0 MB globals, 20 P
gc 1118 @6.035s 2%: 0.059+0.33+0.053 ms clock, 1.1+0.27/0.66/0.035+1.0 ms cpu, 4->5->2 MB, 5 MB goal, 0 MB stacks, 0 MB globals, 20 P
gc 1119 @6.036s 2%: 0.041+0.37+0.072 ms clock, 0.82+0.39/0.53/0.057+1.4 ms cpu, 4->5->2 MB, 4 MB goal, 0 MB stacks, 0 MB globals, 20 P
gc 1120 @6.037s 2%: 0.076+0.28+0.092 ms clock, 1.5+0.28/0.68/0.009+1.8 ms cpu, 4->5->2 MB, 5 MB goal, 0 MB stacks, 0 MB globals, 20 P
gc 1121 @6.038s 2%: 0.079+0.42+0.041 ms clock, 1.5+0.41/0.70/0.003+0.83 ms cpu, 3->4->2 MB, 4 MB goal, 0 MB stacks, 0 MB globals, 20 P
gc 1122 @6.040s 2%: 0.080+0.36+0.064 ms clock, 1.6+0.25/0.57/0.001+1.2 ms cpu, 4->5->2 MB, 5 MB goal, 0 MB stacks, 0 MB globals, 20 P
gc 1123 @6.041s 2%: 0.092+0.27+0.013 ms clock, 1.8+0.33/0.54/0.050+0.26 ms cpu, 4->4->2 MB, 4 MB goal, 0 MB stacks, 0 MB globals, 20 P
gc 1124 @6.042s 2%: 0.061+0.49+0.080 ms clock, 1.2+0.39/0.77/0+1.6 ms cpu, 3->5->2 MB, 4 MB goal, 0 MB stacks, 0 MB globals, 20 P
gc 1125 @6.043s 2%: 0.086+0.60+0.13 ms clock, 1.7+0.33/0.52/0.093+2.7 ms cpu, 4->5->2 MB, 5 MB goal, 0 MB stacks, 0 MB globals, 20 P
gc 1126 @6.045s 2%: 0.078+0.38+0.062 ms clock, 1.5+0.36/0.57/0.018+1.2 ms cpu, 4->4->2 MB, 5 MB goal, 0 MB stacks, 0 MB globals, 20 P
gc 1127 @6.046s 2%: 0.083+0.45+0.056 ms clock, 1.6+0.38/0.61/0.001+1.1 ms cpu, 3->5->2 MB, 4 MB goal, 0 MB stacks, 0 MB globals, 20 P
gc 1128 @6.047s 2%: 0.027+0.23+0.067 ms clock, 0.54+0.34/0.50/0.039+1.3 ms cpu, 4->5->2 MB, 5 MB goal, 0 MB stacks, 0 MB globals, 20 P
gc 1129 @6.048s 2%: 0.068+0.26+0.026 ms clock, 1.3+0.41/0.66/0.004+0.53 ms cpu, 3->4->2 MB, 4 MB goal, 0 MB stacks, 0 MB globals, 20 P
gc 1130 @6.049s 2%: 0.096+0.65+0.043 ms clock, 1.9+0.31/0.63/0.006+0.86 ms cpu, 3->4->2 MB, 4 MB goal, 0 MB stacks, 0 MB globals, 20 P
gc 1131 @6.051s 2%: 0.069+0.48+0.075 ms clock, 1.3+0.33/0.56/0+1.5 ms cpu, 4->5->2 MB, 5 MB goal, 0 MB stacks, 0 MB globals, 20 P
gc 1132 @6.053s 2%: 0.084+0.45+0.070 ms clock, 1.6+0.33/0.60/0.035+1.4 ms cpu, 4->5->2 MB, 5 MB goal, 0 MB stacks, 0 MB globals, 20 P
gc 1133 @6.054s 2%: 0.11+0.49+0.080 ms clock, 2.3+0.28/0.62/0+1.6 ms cpu, 4->5->2 MB, 5 MB goal, 0 MB stacks, 0 MB globals, 20 P
gc 1134 @6.056s 2%: 0.044+0.42+0.078 ms clock, 0.89+0.24/0.57/0.021+1.5 ms cpu, 4->5->2 MB, 5 MB goal, 0 MB stacks, 0 MB globals, 20 P
gc 1135 @6.057s 2%: 0.041+0.35+0.081 ms clock, 0.83+0.35/0.59/0+1.6 ms cpu, 4->5->2 MB, 5 MB goal, 0 MB stacks, 0 MB globals, 20 P
gc 1136 @6.058s 2%: 0.058+0.39+0.040 ms clock, 1.1+0.24/0.66/0.052+0.80 ms cpu, 4->4->2 MB, 4 MB goal, 0 MB stacks, 0 MB globals, 20 P
gc 1137 @6.059s 2%: 0.069+0.52+0.076 ms clock, 1.3+0.33/0.64/0.030+1.5 ms cpu, 4->5->2 MB, 4 MB goal, 0 MB stacks, 0 MB globals, 20 P
gc 1138 @6.061s 2%: 0.080+0.32+0.065 ms clock, 1.6+0.16/0.70/0+1.3 ms cpu, 4->5->2 MB, 5 MB goal, 0 MB stacks, 0 MB globals, 20 P
gc 1139 @6.062s 2%: 0.063+0.45+0.070 ms clock, 1.2+0.34/0.58/0.012+1.4 ms cpu, 3->5->2 MB, 4 MB goal, 0 MB stacks, 0 MB globals, 20 P
gc 1140 @6.063s 2%: 0.073+0.39+0.079 ms clock, 1.4+0.30/0.63/0+1.5 ms cpu, 4->5->2 MB, 5 MB goal, 0 MB stacks, 0 MB globals, 20 P
gc 1141 @6.065s 2%: 0.046+0.43+0.058 ms clock, 0.93+0.25/0.63/0.090+1.1 ms cpu, 4->5->2 MB, 4 MB goal, 0 MB stacks, 0 MB globals, 20 P
gc 1142 @6.066s 2%: 0.038+0.36+0.066 ms clock, 0.76+0.14/0.73/0+1.3 ms cpu, 4->5->2 MB, 5 MB goal, 0 MB stacks, 0 MB globals, 20 P
gc 1143 @6.067s 2%: 0.084+0.53+0.022 ms clock, 1.6+0.32/0.80/0.011+0.44 ms cpu, 4->5->2 MB, 5 MB goal, 0 MB stacks, 0 MB globals, 20 P
gc 1144 @6.069s 2%: 0.064+0.44+0.078 ms clock, 1.2+0.21/0.65/0+1.5 ms cpu, 4->5->2 MB, 5 MB goal, 0 MB stacks, 0 MB globals, 20 P
gc 1145 @6.070s 2%: 0.067+0.41+0.064 ms clock, 1.3+0.21/0.70/0.024+1.2 ms cpu, 4->5->2 MB, 5 MB goal, 0 MB stacks, 0 MB globals, 20 P
gc 1146 @6.071s 2%: 0.078+0.37+0.018 ms clock, 1.5+0.41/0.61/0.004+0.36 ms cpu, 4->4->2 MB, 4 MB goal, 0 MB stacks, 0 MB globals, 20 P
gc 1147 @6.072s 2%: 0.095+0.34+0.081 ms clock, 1.9+0.29/0.68/0+1.6 ms cpu, 4->4->2 MB, 4 MB goal, 0 MB stacks, 0 MB globals, 20 P
gc 1148 @6.073s 2%: 0.069+0.57+0.085 ms clock, 1.3+0.29/0.60/0.038+1.7 ms cpu, 4->5->2 MB, 5 MB goal, 0 MB stacks, 0 MB globals, 20 P
gc 1149 @6.075s 2%: 0.081+0.54+0.028 ms clock, 1.6+0.32/0.71/0.029+0.57 ms cpu, 4->5->2 MB, 5 MB goal, 0 MB stacks, 0 MB globals, 20 P
gc 1150 @6.076s 2%: 0.085+0.33+0.045 ms clock, 1.7+0.44/0.48/0.018+0.91 ms cpu, 4->5->2 MB, 5 MB goal, 0 MB stacks, 0 MB globals, 20 P
gc 1151 @6.077s 2%: 0.081+0.40+0.055 ms clock, 1.6+0.29/0.66/0.016+1.1 ms cpu, 3->4->2 MB, 4 MB goal, 0 MB stacks, 0 MB globals, 20 P
gc 1152 @6.079s 2%: 0.049+0.51+0.015 ms clock, 0.98+0.20/0.65/0+0.30 ms cpu, 4->5->2 MB, 4 MB goal, 0 MB stacks, 0 MB globals, 20 P
gc 1153 @6.080s 2%: 0.085+0.66+0.020 ms clock, 1.7+0.25/0.61/0+0.40 ms cpu, 4->5->2 MB, 4 MB goal, 0 MB stacks, 0 MB globals, 20 P
gc 1154 @6.081s 2%: 0.062+0.28+0.080 ms clock, 1.2+0.38/0.55/0+1.6 ms cpu, 4->5->2 MB, 5 MB goal, 0 MB stacks, 0 MB globals, 20 P
gc 1155 @6.082s 2%: 0.11+0.53+0.053 ms clock, 2.2+0.36/0.73/0.006+1.0 ms cpu, 4->5->2 MB, 4 MB goal, 0 MB stacks, 0 MB globals, 20 P
gc 1156 @6.084s 2%: 0.079+0.40+0.078 ms clock, 1.5+0.27/0.66/0+1.5 ms cpu, 4->5->2 MB, 5 MB goal, 0 MB stacks, 0 MB globals, 20 P
gc 1157 @6.085s 2%: 0.086+0.53+0.032 ms clock, 1.7+0.39/0.62/0.013+0.65 ms cpu, 4->5->2 MB, 5 MB goal, 0 MB stacks, 0 MB globals, 20 P
gc 1158 @6.087s 2%: 0.022+0.70+0.065 ms clock, 0.45+0.32/0.66/0.090+1.3 ms cpu, 4->6->2 MB, 5 MB goal, 0 MB stacks, 0 MB globals, 20 P
gc 1159 @6.088s 2%: 0.071+0.78+0.075 ms clock, 1.4+0.27/0.62/0.090+1.5 ms cpu, 4->6->2 MB, 5 MB goal, 0 MB stacks, 0 MB globals, 20 P
gc 1160 @6.090s 2%: 0.087+0.34+0.067 ms clock, 1.7+0.18/0.62/0+1.3 ms cpu, 4->5->2 MB, 5 MB goal, 0 MB stacks, 0 MB globals, 20 P
gc 1161 @6.091s 2%: 0.075+0.53+0.049 ms clock, 1.5+0.28/0.51/0.064+0.98 ms cpu, 4->5->2 MB, 5 MB goal, 0 MB stacks, 0 MB globals, 20 P
gc 1162 @6.093s 2%: 0.077+0.51+0.043 ms clock, 1.5+0.36/0.53/0+0.87 ms cpu, 4->5->2 MB, 5 MB goal, 0 MB stacks, 0 MB globals, 20 P
gc 1163 @6.095s 2%: 0.070+0.31+0.050 ms clock, 1.4+0.32/0.61/0.001+1.0 ms cpu, 5->6->2 MB, 6 MB goal, 0 MB stacks, 0 MB globals, 20 P
gc 1164 @6.096s 2%: 0.069+0.43+0.042 ms clock, 1.3+0.22/0.66/0+0.85 ms cpu, 4->5->2 MB, 4 MB goal, 0 MB stacks, 0 MB globals, 20 P
gc 1165 @6.097s 2%: 0.046+0.41+0.071 ms clock, 0.92+0.28/0.62/0.089+1.4 ms cpu, 4->5->2 MB, 4 MB goal, 0 MB stacks, 0 MB globals, 20 P
gc 1166 @6.099s 2%: 0.078+0.34+0.10 ms clock, 1.5+0.33/0.65/0.056+2.0 ms cpu, 4->5->2 MB, 4 MB goal, 0 MB stacks, 0 MB globals, 20 P
gc 1167 @6.100s 2%: 0.071+0.28+0.069 ms clock, 1.4+0.30/0.70/0.002+1.3 ms cpu, 4->5->2 MB, 5 MB goal, 0 MB stacks, 0 MB globals, 20 P
gc 1168 @6.101s 2%: 0.031+0.28+0.071 ms clock, 0.63+0.24/0.64/0.077+1.4 ms cpu, 4->4->2 MB, 4 MB goal, 0 MB stacks, 0 MB globals, 20 P
gc 1169 @6.102s 2%: 0.065+0.39+0.084 ms clock, 1.3+0.35/0.71/0.007+1.6 ms cpu, 3->4->2 MB, 4 MB goal, 0 MB stacks, 0 MB globals, 20 P
gc 1170 @6.103s 2%: 0.068+0.62+0.041 ms clock, 1.3+0.39/0.63/0.021+0.82 ms cpu, 4->5->2 MB, 4 MB goal, 0 MB stacks, 0 MB globals, 20 P
gc 1171 @6.105s 2%: 0.045+0.34+0.044 ms clock, 0.91+0.25/0.70/0+0.88 ms cpu, 4->5->2 MB, 5 MB goal, 0 MB stacks, 0 MB globals, 20 P
gc 1172 @6.106s 2%: 0.051+0.38+0.038 ms clock, 1.0+0.17/0.75/0.067+0.77 ms cpu, 3->4->2 MB, 4 MB goal, 0 MB stacks, 0 MB globals, 20 P
gc 1173 @6.107s 2%: 0.072+0.41+0.061 ms clock, 1.4+0.27/0.65/0.003+1.2 ms cpu, 4->5->2 MB, 4 MB goal, 0 MB stacks, 0 MB globals, 20 P
gc 1174 @6.108s 2%: 0.052+0.40+0.021 ms clock, 1.0+0.37/0.57/0.005+0.42 ms cpu, 4->5->2 MB, 5 MB goal, 0 MB stacks, 0 MB globals, 20 P
gc 1175 @6.110s 2%: 0.060+0.41+0.077 ms clock, 1.2+0.32/0.62/0.043+1.5 ms cpu, 4->5->2 MB, 5 MB goal, 0 MB stacks, 0 MB globals, 20 P
gc 1176 @6.111s 2%: 0.085+0.46+0.070 ms clock, 1.7+0.26/0.57/0.021+1.4 ms cpu, 4->5->2 MB, 4 MB goal, 0 MB stacks, 0 MB globals, 20 P
gc 1177 @6.112s 2%: 0.058+0.45+0.077 ms clock, 1.1+0.29/0.82/0.044+1.5 ms cpu, 4->5->2 MB, 4 MB goal, 0 MB stacks, 0 MB globals, 20 P
gc 1178 @6.114s 2%: 0.077+0.31+0.043 ms clock, 1.5+0.29/0.56/0.046+0.87 ms cpu, 4->5->2 MB, 5 MB goal, 0 MB stacks, 0 MB globals, 20 P
gc 1179 @6.115s 2%: 0.090+0.38+0.038 ms clock, 1.8+0.38/0.61/0.026+0.76 ms cpu, 3->4->2 MB, 4 MB goal, 0 MB stacks, 0 MB globals, 20 P
gc 1180 @6.116s 2%: 0.069+0.58+0.065 ms clock, 1.3+0.30/0.68/0+1.3 ms cpu, 4->5->2 MB, 5 MB goal, 0 MB stacks, 0 MB globals, 20 P
gc 1181 @6.118s 2%: 0.048+0.52+0.083 ms clock, 0.97+0.33/0.71/0.002+1.6 ms cpu, 4->5->2 MB, 5 MB goal, 0 MB stacks, 0 MB globals, 20 P
gc 1182 @6.119s 2%: 0.043+0.39+0.024 ms clock, 0.86+0.25/0.68/0.004+0.48 ms cpu, 4->4->2 MB, 5 MB goal, 0 MB stacks, 0 MB globals, 20 P
gc 1183 @6.120s 2%: 0.37+0.70+0.040 ms clock, 7.5+0.46/0.63/0+0.80 ms cpu, 3->5->2 MB, 4 MB goal, 0 MB stacks, 0 MB globals, 20 P
gc 1184 @6.122s 2%: 0.078+0.46+0.066 ms clock, 1.5+0.29/0.66/0.017+1.3 ms cpu, 5->6->2 MB, 6 MB goal, 0 MB stacks, 0 MB globals, 20 P
gc 1185 @6.123s 2%: 0.045+0.36+0.039 ms clock, 0.91+0.31/0.64/0.050+0.78 ms cpu, 4->5->2 MB, 5 MB goal, 0 MB stacks, 0 MB globals, 20 P
gc 1186 @6.124s 2%: 0.075+0.38+0.064 ms clock, 1.5+0.37/0.58/0+1.2 ms cpu, 4->4->2 MB, 4 MB goal, 0 MB stacks, 0 MB globals, 20 P
gc 1187 @6.126s 2%: 0.062+0.36+0.10 ms clock, 1.2+0.24/0.67/0+2.0 ms cpu, 4->5->2 MB, 4 MB goal, 0 MB stacks, 0 MB globals, 20 P
gc 1188 @6.127s 2%: 0.072+0.52+0.050 ms clock, 1.4+0.32/0.56/0.055+1.0 ms cpu, 4->5->2 MB, 5 MB goal, 0 MB stacks, 0 MB globals, 20 P
gc 1189 @6.128s 2%: 0.077+0.44+0.046 ms clock, 1.5+0.34/0.58/0.031+0.92 ms cpu, 4->5->2 MB, 5 MB goal, 0 MB stacks, 0 MB globals, 20 P
gc 1190 @6.130s 2%: 0.068+0.33+0.076 ms clock, 1.3+0.35/0.58/0.055+1.5 ms cpu, 4->4->2 MB, 5 MB goal, 0 MB stacks, 0 MB globals, 20 P
gc 1191 @6.130s 2%: 0.072+0.26+0.047 ms clock, 1.4+0.29/0.58/0.013+0.94 ms cpu, 3->4->2 MB, 4 MB goal, 0 MB stacks, 0 MB globals, 20 P
gc 1192 @6.132s 2%: 0.058+0.35+0.061 ms clock, 1.1+0.17/0.69/0+1.2 ms cpu, 3->4->2 MB, 4 MB goal, 0 MB stacks, 0 MB globals, 20 P
gc 1193 @6.133s 2%: 0.077+0.41+0.073 ms clock, 1.5+0.29/0.56/0.024+1.4 ms cpu, 4->5->2 MB, 4 MB goal, 0 MB stacks, 0 MB globals, 20 P
gc 1194 @6.134s 2%: 0.018+0.52+0.012 ms clock, 0.37+0.13/0.63/0.15+0.25 ms cpu, 4->5->2 MB, 4 MB goal, 0 MB stacks, 0 MB globals, 20 P
gc 1195 @6.136s 2%: 0.068+0.39+0.074 ms clock, 1.3+0.34/0.55/0.074+1.4 ms cpu, 4->5->2 MB, 5 MB goal, 0 MB stacks, 0 MB globals, 20 P
gc 1196 @6.137s 2%: 0.075+0.31+0.039 ms clock, 1.5+0.23/0.66/0+0.78 ms cpu, 4->4->2 MB, 4 MB goal, 0 MB stacks, 0 MB globals, 20 P
gc 1197 @6.138s 2%: 0.076+0.35+0.10 ms clock, 1.5+0.41/0.59/0.009+2.0 ms cpu, 4->4->2 MB, 4 MB goal, 0 MB stacks, 0 MB globals, 20 P
gc 1198 @6.139s 2%: 0.050+0.38+0.062 ms clock, 1.0+0.35/0.64/0+1.2 ms cpu, 3->5->2 MB, 4 MB goal, 0 MB stacks, 0 MB globals, 20 P
gc 1199 @6.140s 2%: 0.081+0.37+0.059 ms clock, 1.6+0.21/0.76/0.004+1.1 ms cpu, 4->5->2 MB, 4 MB goal, 0 MB stacks, 0 MB globals, 20 P
gc 1200 @6.142s 2%: 0.074+0.46+0.053 ms clock, 1.4+0.32/0.71/0.026+1.0 ms cpu, 4->5->2 MB, 5 MB goal, 0 MB stacks, 0 MB globals, 20 P
gc 1201 @6.143s 2%: 0.086+0.41+0.064 ms clock, 1.7+0.35/0.57/0+1.2 ms cpu, 4->4->2 MB, 4 MB goal, 0 MB stacks, 0 MB globals, 20 P
gc 1202 @6.144s 2%: 0.068+0.47+0.076 ms clock, 1.3+0.21/0.64/0.012+1.5 ms cpu, 4->5->2 MB, 5 MB goal, 0 MB stacks, 0 MB globals, 20 P
gc 1203 @6.146s 2%: 0.057+0.32+0.050 ms clock, 1.1+0.32/0.57/0.12+1.0 ms cpu, 4->4->2 MB, 5 MB goal, 0 MB stacks, 0 MB globals, 20 P
gc 1204 @6.147s 2%: 0.053+0.57+0.071 ms clock, 1.0+0.35/0.64/0.081+1.4 ms cpu, 4->5->2 MB, 4 MB goal, 0 MB stacks, 0 MB globals, 20 P
gc 1205 @6.148s 2%: 0.074+0.52+0.036 ms clock, 1.4+0.22/0.67/0.036+0.72 ms cpu, 4->5->2 MB, 5 MB goal, 0 MB stacks, 0 MB globals, 20 P
gc 1206 @6.150s 2%: 0.072+0.28+0.072 ms clock, 1.4+0.44/0.53/0.024+1.4 ms cpu, 4->5->2 MB, 5 MB goal, 0 MB stacks, 0 MB globals, 20 P
gc 1207 @6.151s 2%: 0.066+0.47+0.014 ms clock, 1.3+0.33/0.75/0+0.29 ms cpu, 4->5->2 MB, 4 MB goal, 0 MB stacks, 0 MB globals, 20 P
gc 1208 @6.152s 2%: 0.079+0.38+0.071 ms clock, 1.5+0.30/0.54/0.047+1.4 ms cpu, 4->5->2 MB, 5 MB goal, 0 MB stacks, 0 MB globals, 20 P
gc 1209 @6.153s 2%: 0.080+0.54+0.045 ms clock, 1.6+0.49/0.61/0.010+0.90 ms cpu, 4->5->2 MB, 4 MB goal, 0 MB stacks, 0 MB globals, 20 P
gc 1210 @6.155s 2%: 0.095+0.31+0.039 ms clock, 1.9+0.39/0.62/0.035+0.79 ms cpu, 4->5->2 MB, 5 MB goal, 0 MB stacks, 0 MB globals, 20 P
gc 1211 @6.156s 2%: 0.055+0.48+0.025 ms clock, 1.1+0.26/0.63/0.032+0.51 ms cpu, 4->5->2 MB, 5 MB goal, 0 MB stacks, 0 MB globals, 20 P
gc 1212 @6.157s 2%: 0.072+0.54+0.089 ms clock, 1.4+0.34/0.67/0.010+1.7 ms cpu, 4->5->2 MB, 5 MB goal, 0 MB stacks, 0 MB globals, 20 P
gc 1213 @6.159s 2%: 0.056+0.44+0.037 ms clock, 1.1+0.42/0.53/0+0.75 ms cpu, 4->5->2 MB, 5 MB goal, 0 MB stacks, 0 MB globals, 20 P
gc 1214 @6.160s 2%: 0.057+0.48+0.031 ms clock, 1.1+0.19/0.64/0.001+0.63 ms cpu, 4->5->2 MB, 5 MB goal, 0 MB stacks, 0 MB globals, 20 P
gc 1215 @6.162s 2%: 0.075+0.69+0.066 ms clock, 1.5+0.48/0.66/0.043+1.3 ms cpu, 4->5->2 MB, 5 MB goal, 0 MB stacks, 0 MB globals, 20 P
gc 1216 @6.163s 2%: 0.019+0.48+0.051 ms clock, 0.39+0.23/0.75/0.069+1.0 ms cpu, 4->5->2 MB, 5 MB goal, 0 MB stacks, 0 MB globals, 20 P
gc 1217 @6.165s 2%: 0.089+0.39+0.045 ms clock, 1.7+0.34/0.65/0.005+0.91 ms cpu, 4->4->2 MB, 4 MB goal, 0 MB stacks, 0 MB globals, 20 P
gc 1218 @6.166s 2%: 0.069+0.33+0.064 ms clock, 1.3+0.32/0.57/0+1.2 ms cpu, 4->4->2 MB, 5 MB goal, 0 MB stacks, 0 MB globals, 20 P
gc 1219 @6.167s 2%: 0.074+0.33+0.068 ms clock, 1.4+0.29/0.52/0.14+1.3 ms cpu, 3->4->2 MB, 4 MB goal, 0 MB stacks, 0 MB globals, 20 P
gc 1220 @6.168s 2%: 0.071+0.34+0.048 ms clock, 1.4+0.35/0.62/0+0.96 ms cpu, 4->5->2 MB, 4 MB goal, 0 MB stacks, 0 MB globals, 20 P
gc 1221 @6.169s 2%: 0.069+0.25+0.065 ms clock, 1.3+0.28/0.61/0.009+1.3 ms cpu, 4->4->1 MB, 4 MB goal, 0 MB stacks, 0 MB globals, 20 P
gc 1222 @6.170s 2%: 0.055+0.47+0.066 ms clock, 1.1+0.58/0.75/0.003+1.3 ms cpu, 3->4->2 MB, 4 MB goal, 0 MB stacks, 0 MB globals, 20 P
gc 1223 @6.171s 2%: 0.053+0.28+0.054 ms clock, 1.0+0.25/0.66/0.014+1.0 ms cpu, 4->5->2 MB, 5 MB goal, 0 MB stacks, 0 MB globals, 20 P
gc 1224 @6.173s 2%: 0.069+0.39+0.019 ms clock, 1.3+0.34/0.60/0.002+0.39 ms cpu, 3->5->2 MB, 4 MB goal, 0 MB stacks, 0 MB globals, 20 P
gc 1225 @6.174s 2%: 0.080+0.49+0.024 ms clock, 1.6+0.28/0.69/0.019+0.49 ms cpu, 4->5->2 MB, 5 MB goal, 0 MB stacks, 0 MB globals, 20 P
gc 1226 @6.176s 2%: 0.077+0.36+0.092 ms clock, 1.5+0.27/0.73/0.002+1.8 ms cpu, 4->5->2 MB, 5 MB goal, 0 MB stacks, 0 MB globals, 20 P
gc 1227 @6.177s 2%: 0.071+0.39+0.067 ms clock, 1.4+0.32/0.71/0.008+1.3 ms cpu, 4->5->2 MB, 4 MB goal, 0 MB stacks, 0 MB globals, 20 P
gc 1228 @6.178s 2%: 0.072+0.42+0.065 ms clock, 1.4+0.29/0.77/0.004+1.3 ms cpu, 4->5->2 MB, 4 MB goal, 0 MB stacks, 0 MB globals, 20 P
gc 1229 @6.180s 2%: 0.067+0.47+0.016 ms clock, 1.3+0.32/0.57/0.025+0.33 ms cpu, 4->5->2 MB, 4 MB goal, 0 MB stacks, 0 MB globals, 20 P
gc 1230 @6.181s 2%: 0.069+0.30+0.078 ms clock, 1.3+0.24/0.67/0.064+1.5 ms cpu, 4->4->2 MB, 5 MB goal, 0 MB stacks, 0 MB globals, 20 P
gc 1231 @6.182s 2%: 0.051+0.47+0.071 ms clock, 1.0+0.23/0.59/0+1.4 ms cpu, 3->4->2 MB, 4 MB goal, 0 MB stacks, 0 MB globals, 20 P
gc 1232 @6.183s 2%: 0.071+0.40+0.073 ms clock, 1.4+0.28/0.68/0.001+1.4 ms cpu, 4->5->2 MB, 5 MB goal, 0 MB stacks, 0 MB globals, 20 P
gc 1233 @6.185s 2%: 0.072+0.40+0.078 ms clock, 1.4+0.37/0.73/0+1.5 ms cpu, 4->5->2 MB, 5 MB goal, 0 MB stacks, 0 MB globals, 20 P
gc 1234 @6.186s 2%: 0.032+0.35+0.064 ms clock, 0.64+0.25/0.56/0.10+1.2 ms cpu, 4->4->2 MB, 5 MB goal, 0 MB stacks, 0 MB globals, 20 P
gc 1235 @6.187s 2%: 0.089+0.55+0.076 ms clock, 1.7+0.23/0.77/0+1.5 ms cpu, 3->5->2 MB, 4 MB goal, 0 MB stacks, 0 MB globals, 20 P
gc 1236 @6.188s 2%: 0.085+0.42+0.056 ms clock, 1.7+0.38/0.57/0.008+1.1 ms cpu, 4->5->2 MB, 5 MB goal, 0 MB stacks, 0 MB globals, 20 P
gc 1237 @6.190s 2%: 0.076+0.36+0.037 ms clock, 1.5+0.12/0.72/0+0.75 ms cpu, 4->5->2 MB, 5 MB goal, 0 MB stacks, 0 MB globals, 20 P
gc 1238 @6.191s 2%: 0.070+0.63+0.053 ms clock, 1.4+0.27/0.78/0+1.0 ms cpu, 4->5->2 MB, 5 MB goal, 0 MB stacks, 0 MB globals, 20 P
gc 1239 @6.193s 2%: 0.049+0.46+0.060 ms clock, 0.98+0.45/0.58/0+1.2 ms cpu, 4->6->2 MB, 5 MB goal, 0 MB stacks, 0 MB globals, 20 P
gc 1240 @6.194s 2%: 0.021+0.34+0.082 ms clock, 0.42+0.17/0.60/0.020+1.6 ms cpu, 4->5->2 MB, 5 MB goal, 0 MB stacks, 0 MB globals, 20 P
gc 1241 @6.195s 2%: 0.037+0.42+0.10 ms clock, 0.75+0.25/0.80/0.003+2.0 ms cpu, 3->4->2 MB, 4 MB goal, 0 MB stacks, 0 MB globals, 20 P
gc 1242 @6.196s 2%: 0.079+0.27+0.065 ms clock, 1.5+0.28/0.63/0.003+1.3 ms cpu, 4->4->2 MB, 4 MB goal, 0 MB stacks, 0 MB globals, 20 P
gc 1243 @6.197s 2%: 0.065+0.39+0.031 ms clock, 1.3+0.27/0.63/0.019+0.63 ms cpu, 3->4->2 MB, 4 MB goal, 0 MB stacks, 0 MB globals, 20 P
gc 1244 @6.199s 2%: 0.037+0.36+0.041 ms clock, 0.75+0.18/0.54/0.008+0.83 ms cpu, 4->5->2 MB, 5 MB goal, 0 MB stacks, 0 MB globals, 20 P
gc 1245 @6.200s 2%: 0.071+0.49+0.076 ms clock, 1.4+0.31/0.53/0.085+1.5 ms cpu, 4->5->2 MB, 4 MB goal, 0 MB stacks, 0 MB globals, 20 P
gc 1246 @6.201s 2%: 0.095+0.34+0.006 ms clock, 1.9+0.31/0.59/0.057+0.12 ms cpu, 4->5->2 MB, 5 MB goal, 0 MB stacks, 0 MB globals, 20 P
gc 1247 @6.202s 2%: 0.058+0.41+0.097 ms clock, 1.1+0.35/0.60/0.007+1.9 ms cpu, 3->4->2 MB, 4 MB goal, 0 MB stacks, 0 MB globals, 20 P
gc 1248 @6.204s 2%: 0.077+0.37+0.059 ms clock, 1.5+0.28/0.60/0.002+1.1 ms cpu, 4->5->2 MB, 5 MB goal, 0 MB stacks, 0 MB globals, 20 P
gc 1249 @6.205s 2%: 0.044+0.49+0.061 ms clock, 0.89+0.31/0.58/0.010+1.2 ms cpu, 4->5->2 MB, 4 MB goal, 0 MB stacks, 0 MB globals, 20 P
gc 1250 @6.207s 2%: 0.075+0.48+0.071 ms clock, 1.5+0.39/0.63/0.037+1.4 ms cpu, 4->5->2 MB, 5 MB goal, 0 MB stacks, 0 MB globals, 20 P
gc 1251 @6.208s 2%: 0.078+0.38+0.088 ms clock, 1.5+0.21/0.68/0.029+1.7 ms cpu, 4->5->2 MB, 5 MB goal, 0 MB stacks, 0 MB globals, 20 P
gc 1252 @6.210s 2%: 0.074+0.46+0.016 ms clock, 1.4+0.24/0.71/0+0.32 ms cpu, 4->5->2 MB, 4 MB goal, 0 MB stacks, 0 MB globals, 20 P
gc 1253 @6.211s 2%: 0.032+0.32+0.071 ms clock, 0.64+0.47/0.57/0.062+1.4 ms cpu, 4->5->2 MB, 5 MB goal, 0 MB stacks, 0 MB globals, 20 P
gc 1254 @6.213s 2%: 0.082+0.26+0.12 ms clock, 1.6+0.30/0.59/0.018+2.5 ms cpu, 4->4->2 MB, 5 MB goal, 0 MB stacks, 0 MB globals, 20 P
gc 1255 @6.214s 2%: 0.064+0.32+0.070 ms clock, 1.2+0.41/0.57/0.009+1.4 ms cpu, 3->4->2 MB, 4 MB goal, 0 MB stacks, 0 MB globals, 20 P
gc 1256 @6.215s 2%: 0.024+0.33+0.056 ms clock, 0.48+0.24/0.62/0.22+1.1 ms cpu, 4->4->2 MB, 4 MB goal, 0 MB stacks, 0 MB globals, 20 P
gc 1257 @6.216s 2%: 0.089+0.39+0.036 ms clock, 1.7+0.37/0.72/0.004+0.73 ms cpu, 3->4->2 MB, 4 MB goal, 0 MB stacks, 0 MB globals, 20 P
gc 1258 @6.217s 2%: 0.055+0.43+0.070 ms clock, 1.1+0.24/0.70/0+1.4 ms cpu, 4->5->2 MB, 5 MB goal, 0 MB stacks, 0 MB globals, 20 P
gc 1259 @6.219s 2%: 0.072+0.35+0.044 ms clock, 1.4+0.29/0.55/0+0.88 ms cpu, 4->5->2 MB, 5 MB goal, 0 MB stacks, 0 MB globals, 20 P
gc 1260 @6.220s 2%: 0.092+0.41+0.061 ms clock, 1.8+0.39/0.60/0+1.2 ms cpu, 4->5->2 MB, 5 MB goal, 0 MB stacks, 0 MB globals, 20 P
gc 1261 @6.221s 2%: 0.046+0.42+0.054 ms clock, 0.93+0.34/0.71/0.054+1.0 ms cpu, 4->5->2 MB, 5 MB goal, 0 MB stacks, 0 MB globals, 20 P
gc 1262 @6.223s 2%: 0.066+0.32+0.12 ms clock, 1.3+0.24/0.68/0.010+2.5 ms cpu, 4->4->2 MB, 4 MB goal, 0 MB stacks, 0 MB globals, 20 P
gc 1263 @6.224s 2%: 0.074+0.44+0.047 ms clock, 1.4+0.20/0.62/0.018+0.94 ms cpu, 4->4->2 MB, 4 MB goal, 0 MB stacks, 0 MB globals, 20 P
gc 1264 @6.225s 2%: 0.060+0.41+0.068 ms clock, 1.2+0.39/0.58/0.037+1.3 ms cpu, 4->4->2 MB, 4 MB goal, 0 MB stacks, 0 MB globals, 20 P
gc 1265 @6.227s 2%: 0.065+0.43+0.052 ms clock, 1.3+0.40/0.58/0.047+1.0 ms cpu, 4->5->2 MB, 4 MB goal, 0 MB stacks, 0 MB globals, 20 P
gc 1266 @6.228s 2%: 0.097+0.37+0.078 ms clock, 1.9+0.25/0.65/0.10+1.5 ms cpu, 4->4->2 MB, 4 MB goal, 0 MB stacks, 0 MB globals, 20 P
gc 1267 @6.229s 2%: 0.054+0.31+0.050 ms clock, 1.0+0.22/0.58/0.034+1.0 ms cpu, 4->4->2 MB, 4 MB goal, 0 MB stacks, 0 MB globals, 20 P
gc 1268 @6.230s 2%: 0.067+0.42+0.095 ms clock, 1.3+0.19/0.68/0.001+1.9 ms cpu, 4->5->2 MB, 4 MB goal, 0 MB stacks, 0 MB globals, 20 P
gc 1269 @6.231s 2%: 0.10+0.32+0.039 ms clock, 2.1+0.37/0.72/0+0.78 ms cpu, 4->5->2 MB, 5 MB goal, 0 MB stacks, 0 MB globals, 20 P
gc 1270 @6.233s 2%: 0.018+0.36+0.072 ms clock, 0.37+0.19/0.60/0.12+1.4 ms cpu, 4->5->2 MB, 5 MB goal, 0 MB stacks, 0 MB globals, 20 P
gc 1271 @6.234s 2%: 0.059+0.49+0.068 ms clock, 1.1+0.28/0.69/0+1.3 ms cpu, 4->5->2 MB, 5 MB goal, 0 MB stacks, 0 MB globals, 20 P
gc 1272 @6.235s 2%: 0.047+0.37+0.027 ms clock, 0.94+0.15/0.74/0.027+0.55 ms cpu, 4->5->2 MB, 5 MB goal, 0 MB stacks, 0 MB globals, 20 P
gc 1273 @6.237s 2%: 0.033+0.41+0.043 ms clock, 0.67+0.24/0.62/0.007+0.87 ms cpu, 4->5->2 MB, 5 MB goal, 0 MB stacks, 0 MB globals, 20 P
gc 1274 @6.238s 2%: 0.049+0.69+0.072 ms clock, 0.99+0.30/0.63/0.005+1.4 ms cpu, 4->5->2 MB, 4 MB goal, 0 MB stacks, 0 MB globals, 20 P
gc 1275 @6.239s 2%: 0.030+0.58+0.053 ms clock, 0.61+0.14/0.84/0+1.0 ms cpu, 5->6->2 MB, 6 MB goal, 0 MB stacks, 0 MB globals, 20 P
gc 1276 @6.241s 2%: 0.094+0.34+0.082 ms clock, 1.8+0.28/0.69/0.039+1.6 ms cpu, 4->5->2 MB, 5 MB goal, 0 MB stacks, 0 MB globals, 20 P
gc 1277 @6.242s 2%: 0.10+0.60+0.056 ms clock, 2.0+0.39/0.58/0+1.1 ms cpu, 4->5->2 MB, 5 MB goal, 0 MB stacks, 0 MB globals, 20 P
gc 1278 @6.244s 2%: 0.067+0.33+0.027 ms clock, 1.3+0.30/0.60/0.057+0.55 ms cpu, 4->5->2 MB, 5 MB goal, 0 MB stacks, 0 MB globals, 20 P
gc 1279 @6.245s 2%: 0.084+0.37+0.10 ms clock, 1.6+0.33/0.57/0.010+2.0 ms cpu, 4->5->2 MB, 4 MB goal, 0 MB stacks, 0 MB globals, 20 P
gc 1280 @6.246s 2%: 0.14+0.47+0.054 ms clock, 2.9+0.40/0.64/0+1.0 ms cpu, 4->5->2 MB, 5 MB goal, 0 MB stacks, 0 MB globals, 20 P
gc 1281 @6.247s 2%: 0.067+0.24+0.046 ms clock, 1.3+0.26/0.60/0+0.93 ms cpu, 4->5->2 MB, 5 MB goal, 0 MB stacks, 0 MB globals, 20 P
gc 1282 @6.248s 2%: 0.080+0.48+0.020 ms clock, 1.6+0.24/0.62/0.037+0.41 ms cpu, 3->4->2 MB, 4 MB goal, 0 MB stacks, 0 MB globals, 20 P
gc 1283 @6.249s 2%: 0.056+0.41+0.073 ms clock, 1.1+0.23/0.65/0.028+1.4 ms cpu, 4->5->2 MB, 4 MB goal, 0 MB stacks, 0 MB globals, 20 P
gc 1284 @6.251s 2%: 0.081+0.40+0.066 ms clock, 1.6+0.34/0.54/0+1.3 ms cpu, 4->5->2 MB, 5 MB goal, 0 MB stacks, 0 MB globals, 20 P
gc 1285 @6.252s 2%: 0.077+0.54+0.075 ms clock, 1.5+0.25/0.63/0.035+1.5 ms cpu, 4->5->2 MB, 5 MB goal, 0 MB stacks, 0 MB globals, 20 P
gc 1286 @6.254s 2%: 0.095+0.33+0.069 ms clock, 1.9+0.33/0.69/0.001+1.3 ms cpu, 4->5->2 MB, 5 MB goal, 0 MB stacks, 0 MB globals, 20 P
gc 1287 @6.255s 2%: 0.088+0.26+0.041 ms clock, 1.7+0.28/0.59/0+0.83 ms cpu, 4->4->2 MB, 5 MB goal, 0 MB stacks, 0 MB globals, 20 P
gc 1288 @6.256s 2%: 0.070+0.54+0.027 ms clock, 1.4+0.25/0.65/0.025+0.55 ms cpu, 3->4->2 MB, 4 MB goal, 0 MB stacks, 0 MB globals, 20 P
gc 1289 @6.257s 2%: 0.069+0.22+0.024 ms clock, 1.3+0.30/0.65/0.024+0.48 ms cpu, 4->4->2 MB, 5 MB goal, 0 MB stacks, 0 MB globals, 20 P
gc 1290 @6.258s 2%: 0.044+0.29+0.043 ms clock, 0.89+0.14/0.76/0.030+0.86 ms cpu, 3->4->2 MB, 4 MB goal, 0 MB stacks, 0 MB globals, 20 P
gc 1291 @6.259s 2%: 0.051+0.37+0.051 ms clock, 1.0+0.27/0.60/0.023+1.0 ms cpu, 3->4->2 MB, 4 MB goal, 0 MB stacks, 0 MB globals, 20 P
gc 1292 @6.260s 2%: 0.074+0.51+0.039 ms clock, 1.4+0.27/0.62/0.032+0.79 ms cpu, 3->4->2 MB, 4 MB goal, 0 MB stacks, 0 MB globals, 20 P
gc 1293 @6.261s 2%: 0.075+0.33+0.030 ms clock, 1.5+0.36/0.61/0.014+0.61 ms cpu, 4->5->2 MB, 5 MB goal, 0 MB stacks, 0 MB globals, 20 P
gc 1294 @6.263s 2%: 0.056+0.49+0.062 ms clock, 1.1+0.29/0.70/0+1.2 ms cpu, 4->5->2 MB, 5 MB goal, 0 MB stacks, 0 MB globals, 20 P
gc 1295 @6.264s 2%: 0.055+0.37+0.045 ms clock, 1.1+0.29/0.55/0.077+0.91 ms cpu, 4->5->2 MB, 5 MB goal, 0 MB stacks, 0 MB globals, 20 P
gc 1296 @6.266s 2%: 0.083+0.34+0.043 ms clock, 1.6+0.41/0.55/0.014+0.87 ms cpu, 4->4->2 MB, 4 MB goal, 0 MB stacks, 0 MB globals, 20 P
gc 1297 @6.267s 2%: 0.070+0.57+0.038 ms clock, 1.4+0.27/0.62/0+0.77 ms cpu, 3->4->2 MB, 4 MB goal, 0 MB stacks, 0 MB globals, 20 P
gc 1298 @6.268s 2%: 0.055+0.40+0.067 ms clock, 1.1+0.15/0.78/0.005+1.3 ms cpu, 4->5->2 MB, 5 MB goal, 0 MB stacks, 0 MB globals, 20 P
gc 1299 @6.269s 2%: 0.067+0.36+0.032 ms clock, 1.3+0.36/0.57/0.065+0.65 ms cpu, 4->5->2 MB, 4 MB goal, 0 MB stacks, 0 MB globals, 20 P
gc 1300 @6.271s 2%: 0.036+0.36+0.067 ms clock, 0.73+0.34/0.58/0.065+1.3 ms cpu, 4->5->2 MB, 4 MB goal, 0 MB stacks, 0 MB globals, 20 P
gc 1301 @6.272s 2%: 0.090+0.57+0.070 ms clock, 1.8+0.26/0.63/0.058+1.4 ms cpu, 4->5->2 MB, 4 MB goal, 0 MB stacks, 0 MB globals, 20 P
gc 1302 @6.274s 2%: 0.037+0.34+0.081 ms clock, 0.75+0.36/0.71/0+1.6 ms cpu, 4->5->2 MB, 5 MB goal, 0 MB stacks, 0 MB globals, 20 P
gc 1303 @6.275s 2%: 0.067+0.40+0.076 ms clock, 1.3+0.29/0.61/0+1.5 ms cpu, 4->5->2 MB, 4 MB goal, 0 MB stacks, 0 MB globals, 20 P
gc 1304 @6.276s 2%: 0.031+0.33+0.046 ms clock, 0.63+0.40/0.58/0.001+0.92 ms cpu, 4->5->2 MB, 5 MB goal, 0 MB stacks, 0 MB globals, 20 P
gc 1305 @6.277s 2%: 0.077+0.44+0.067 ms clock, 1.5+0.33/0.59/0.010+1.3 ms cpu, 4->5->2 MB, 4 MB goal, 0 MB stacks, 0 MB globals, 20 P
gc 1306 @6.278s 2%: 0.071+0.44+0.082 ms clock, 1.4+0.29/0.56/0.070+1.6 ms cpu, 4->5->2 MB, 5 MB goal, 0 MB stacks, 0 MB globals, 20 P
gc 1307 @6.280s 2%: 0.066+0.46+0.069 ms clock, 1.3+0.34/0.57/0.031+1.3 ms cpu, 4->5->2 MB, 5 MB goal, 0 MB stacks, 0 MB globals, 20 P
gc 1308 @6.281s 2%: 0.054+0.31+0.035 ms clock, 1.0+0.23/0.63/0.035+0.70 ms cpu, 4->5->2 MB, 5 MB goal, 0 MB stacks, 0 MB globals, 20 P
gc 1309 @6.282s 2%: 0.027+0.45+0.036 ms clock, 0.54+0.28/0.61/0+0.72 ms cpu, 4->4->2 MB, 4 MB goal, 0 MB stacks, 0 MB globals, 20 P
gc 1310 @6.283s 2%: 0.033+0.57+0.12 ms clock, 0.66+0.32/0.63/0.13+2.4 ms cpu, 4->5->2 MB, 4 MB goal, 0 MB stacks, 0 MB globals, 20 P
gc 1311 @6.285s 2%: 0.054+0.26+0.025 ms clock, 1.0+0.33/0.61/0.032+0.50 ms cpu, 4->5->2 MB, 5 MB goal, 0 MB stacks, 0 MB globals, 20 P
gc 1312 @6.286s 2%: 0.051+0.59+0.051 ms clock, 1.0+0.31/0.62/0+1.0 ms cpu, 3->4->2 MB, 4 MB goal, 0 MB stacks, 0 MB globals, 20 P
gc 1313 @6.287s 2%: 0.064+0.26+0.029 ms clock, 1.2+0.20/0.67/0.12+0.59 ms cpu, 4->4->1 MB, 5 MB goal, 0 MB stacks, 0 MB globals, 20 P
gc 1314 @6.288s 2%: 0.056+0.35+0.083 ms clock, 1.1+0.41/0.58/0.059+1.6 ms cpu, 3->4->2 MB, 4 MB goal, 0 MB stacks, 0 MB globals, 20 P
gc 1315 @6.289s 2%: 0.070+0.59+0.039 ms clock, 1.4+0.29/0.58/0.008+0.78 ms cpu, 4->5->2 MB, 4 MB goal, 0 MB stacks, 0 MB globals, 20 P
gc 1316 @6.291s 2%: 0.073+0.51+0.038 ms clock, 1.4+0.34/0.61/0.027+0.77 ms cpu, 4->5->2 MB, 5 MB goal, 0 MB stacks, 0 MB globals, 20 P
gc 1317 @6.292s 2%: 0.072+0.30+0.059 ms clock, 1.4+0.33/0.62/0+1.1 ms cpu, 4->5->2 MB, 5 MB goal, 0 MB stacks, 0 MB globals, 20 P
gc 1318 @6.293s 2%: 0.067+0.35+0.092 ms clock, 1.3+0.23/0.64/0.063+1.8 ms cpu, 3->4->2 MB, 4 MB goal, 0 MB stacks, 0 MB globals, 20 P
gc 1319 @6.294s 2%: 0.064+0.40+0.069 ms clock, 1.2+0.30/0.65/0.002+1.3 ms cpu, 3->4->2 MB, 4 MB goal, 0 MB stacks, 0 MB globals, 20 P
gc 1320 @6.296s 2%: 0.064+0.46+0.074 ms clock, 1.2+0.26/0.57/0.065+1.4 ms cpu, 4->5->2 MB, 5 MB goal, 0 MB stacks, 0 MB globals, 20 P
gc 1321 @6.297s 2%: 0.074+0.51+0.075 ms clock, 1.4+0.29/0.64/0.016+1.5 ms cpu, 4->5->2 MB, 5 MB goal, 0 MB stacks, 0 MB globals, 20 P
gc 1322 @6.298s 2%: 0.074+0.45+0.069 ms clock, 1.4+0.32/0.59/0.006+1.3 ms cpu, 4->5->2 MB, 5 MB goal, 0 MB stacks, 0 MB globals, 20 P
gc 1323 @6.300s 2%: 0.088+0.45+0.068 ms clock, 1.7+0.38/0.68/0.013+1.3 ms cpu, 4->4->2 MB, 4 MB goal, 0 MB stacks, 0 MB globals, 20 P
gc 1324 @6.301s 2%: 0.081+0.28+0.046 ms clock, 1.6+0.14/0.75/0+0.92 ms cpu, 4->4->2 MB, 5 MB goal, 0 MB stacks, 0 MB globals, 20 P
gc 1325 @6.302s 2%: 0.075+0.54+0.10 ms clock, 1.5+0.50/0.64/0+2.0 ms cpu, 4->5->2 MB, 4 MB goal, 0 MB stacks, 0 MB globals, 20 P
gc 1326 @6.304s 2%: 0.058+0.27+0.070 ms clock, 1.1+0.26/0.58/0.026+1.4 ms cpu, 4->5->2 MB, 5 MB goal, 0 MB stacks, 0 MB globals, 20 P
gc 1327 @6.305s 2%: 0.067+0.38+0.046 ms clock, 1.3+0.21/0.80/0+0.93 ms cpu, 3->4->2 MB, 4 MB goal, 0 MB stacks, 0 MB globals, 20 P
gc 1328 @6.306s 2%: 0.057+0.28+0.066 ms clock, 1.1+0.084/0.69/0+1.3 ms cpu, 4->4->2 MB, 4 MB goal, 0 MB stacks, 0 MB globals, 20 P
gc 1329 @6.307s 2%: 0.080+0.31+0.072 ms clock, 1.6+0.27/0.70/0.034+1.4 ms cpu, 3->4->2 MB, 4 MB goal, 0 MB stacks, 0 MB globals, 20 P
gc 1330 @6.308s 2%: 0.077+0.45+0.060 ms clock, 1.5+0.33/0.68/0.004+1.2 ms cpu, 3->5->2 MB, 4 MB goal, 0 MB stacks, 0 MB globals, 20 P
gc 1331 @6.310s 2%: 0.060+0.49+0.026 ms clock, 1.2+0.22/0.79/0.001+0.53 ms cpu, 4->5->2 MB, 5 MB goal, 0 MB stacks, 0 MB globals, 20 P
gc 1332 @6.311s 2%: 0.070+0.43+0.035 ms clock, 1.4+0.28/0.65/0.027+0.71 ms cpu, 4->5->2 MB, 5 MB goal, 0 MB stacks, 0 MB globals, 20 P
gc 1333 @6.313s 2%: 0.079+0.31+0.076 ms clock, 1.5+0.28/0.66/0.004+1.5 ms cpu, 4->4->2 MB, 5 MB goal, 0 MB stacks, 0 MB globals, 20 P
gc 1334 @6.314s 2%: 0.087+0.62+0.029 ms clock, 1.7+0.28/0.61/0.004+0.58 ms cpu, 3->5->2 MB, 4 MB goal, 0 MB stacks, 0 MB globals, 20 P
gc 1335 @6.315s 2%: 0.076+0.61+0.065 ms clock, 1.5+0.33/0.71/0.076+1.3 ms cpu, 4->5->2 MB, 5 MB goal, 0 MB stacks, 0 MB globals, 20 P
gc 1336 @6.317s 2%: 0.050+0.41+0.023 ms clock, 1.0+0.31/0.63/0.10+0.46 ms cpu, 4->5->2 MB, 5 MB goal, 0 MB stacks, 0 MB globals, 20 P
gc 1337 @6.318s 2%: 0.050+0.36+0.071 ms clock, 1.0+0.26/0.61/0.003+1.4 ms cpu, 3->4->2 MB, 4 MB goal, 0 MB stacks, 0 MB globals, 20 P
gc 1338 @6.319s 2%: 0.10+0.38+0.064 ms clock, 2.0+0.31/0.67/0.002+1.2 ms cpu, 4->5->2 MB, 5 MB goal, 0 MB stacks, 0 MB globals, 20 P
gc 1339 @6.321s 2%: 0.075+0.33+0.072 ms clock, 1.5+0.34/0.66/0.010+1.4 ms cpu, 4->5->2 MB, 5 MB goal, 0 MB stacks, 0 MB globals, 20 P
gc 1340 @6.322s 2%: 0.092+0.39+0.090 ms clock, 1.8+0.27/0.62/0.081+1.8 ms cpu, 4->5->2 MB, 4 MB goal, 0 MB stacks, 0 MB globals, 20 P
gc 1341 @6.324s 2%: 0.031+0.45+0.058 ms clock, 0.63+0.28/0.59/0.023+1.1 ms cpu, 4->5->2 MB, 5 MB goal, 0 MB stacks, 0 MB globals, 20 P
gc 1342 @6.325s 2%: 0.085+0.33+0.074 ms clock, 1.7+0.26/0.57/0+1.4 ms cpu, 4->5->2 MB, 5 MB goal, 0 MB stacks, 0 MB globals, 20 P
gc 1343 @6.326s 2%: 0.089+0.26+0.056 ms clock, 1.7+0.43/0.57/0+1.1 ms cpu, 4->4->2 MB, 4 MB goal, 0 MB stacks, 0 MB globals, 20 P
gc 1344 @6.327s 2%: 0.070+0.26+0.031 ms clock, 1.4+0.24/0.62/0.13+0.62 ms cpu, 3->4->2 MB, 4 MB goal, 0 MB stacks, 0 MB globals, 20 P
gc 1345 @6.328s 2%: 0.089+0.37+0.049 ms clock, 1.7+0.40/0.58/0.008+0.99 ms cpu, 3->4->2 MB, 4 MB goal, 0 MB stacks, 0 MB globals, 20 P
gc 1346 @6.330s 2%: 0.025+0.42+0.068 ms clock, 0.51+0.26/0.69/0.014+1.3 ms cpu, 4->4->2 MB, 4 MB goal, 0 MB stacks, 0 MB globals, 20 P
gc 1347 @6.331s 2%: 0.081+0.35+0.073 ms clock, 1.6+0.43/0.62/0+1.4 ms cpu, 3->4->2 MB, 4 MB goal, 0 MB stacks, 0 MB globals, 20 P
gc 1348 @6.332s 2%: 0.088+0.35+0.026 ms clock, 1.7+0.35/0.64/0.029+0.53 ms cpu, 4->4->2 MB, 4 MB goal, 0 MB stacks, 0 MB globals, 20 P
gc 1349 @6.333s 2%: 0.070+0.47+0.018 ms clock, 1.4+0.40/0.57/0+0.37 ms cpu, 4->5->2 MB, 4 MB goal, 0 MB stacks, 0 MB globals, 20 P
gc 1350 @6.335s 2%: 0.070+0.42+0.052 ms clock, 1.4+0.29/0.66/0.012+1.0 ms cpu, 4->5->2 MB, 5 MB goal, 0 MB stacks, 0 MB globals, 20 P
gc 1351 @6.336s 2%: 0.045+0.39+0.068 ms clock, 0.91+0.27/0.66/0.029+1.3 ms cpu, 4->5->2 MB, 4 MB goal, 0 MB stacks, 0 MB globals, 20 P
gc 1352 @6.337s 2%: 0.044+0.28+0.073 ms clock, 0.88+0.18/0.62/0.034+1.4 ms cpu, 4->4->2 MB, 4 MB goal, 0 MB stacks, 0 MB globals, 20 P
gc 1353 @6.338s 2%: 0.085+0.37+0.014 ms clock, 1.7+0.28/0.63/0.006+0.29 ms cpu, 3->4->2 MB, 4 MB goal, 0 MB stacks, 0 MB globals, 20 P
gc 1354 @6.339s 2%: 0.071+0.30+0.029 ms clock, 1.4+0.36/0.52/0.030+0.58 ms cpu, 4->4->2 MB, 5 MB goal, 0 MB stacks, 0 MB globals, 20 P
gc 1355 @6.341s 2%: 0.074+0.53+0.052 ms clock, 1.4+0.28/0.76/0.010+1.0 ms cpu, 3->5->2 MB, 4 MB goal, 0 MB stacks, 0 MB globals, 20 P
gc 1356 @6.342s 2%: 0.063+0.31+0.078 ms clock, 1.2+0.29/0.60/0.012+1.5 ms cpu, 4->4->2 MB, 5 MB goal, 0 MB stacks, 0 MB globals, 20 P
gc 1357 @6.343s 2%: 0.065+0.38+0.069 ms clock, 1.3+0.36/0.63/0.005+1.3 ms cpu, 3->4->2 MB, 4 MB goal, 0 MB stacks, 0 MB globals, 20 P
gc 1358 @6.345s 2%: 0.090+0.33+0.090 ms clock, 1.8+0.37/0.65/0+1.8 ms cpu, 4->5->2 MB, 5 MB goal, 0 MB stacks, 0 MB globals, 20 P
gc 1359 @6.346s 2%: 0.054+0.47+0.035 ms clock, 1.0+0.28/0.70/0.024+0.71 ms cpu, 4->5->2 MB, 5 MB goal, 0 MB stacks, 0 MB globals, 20 P
gc 1360 @6.347s 2%: 0.055+0.50+0.10 ms clock, 1.1+0.26/0.71/0.008+2.0 ms cpu, 4->5->2 MB, 5 MB goal, 0 MB stacks, 0 MB globals, 20 P
gc 1361 @6.349s 2%: 0.069+0.35+0.018 ms clock, 1.3+0.27/0.58/0.023+0.36 ms cpu, 4->5->2 MB, 5 MB goal, 0 MB stacks, 0 MB globals, 20 P
gc 1362 @6.350s 2%: 0.073+0.50+0.048 ms clock, 1.4+0.44/0.72/0.005+0.96 ms cpu, 4->5->2 MB, 4 MB goal, 0 MB stacks, 0 MB globals, 20 P
gc 1363 @6.351s 2%: 0.072+0.69+0.072 ms clock, 1.4+0.22/0.64/0.10+1.4 ms cpu, 4->6->2 MB, 5 MB goal, 0 MB stacks, 0 MB globals, 20 P
gc 1364 @6.353s 2%: 0.072+0.34+0.078 ms clock, 1.4+0.33/0.55/0.090+1.5 ms cpu, 4->5->2 MB, 5 MB goal, 0 MB stacks, 0 MB globals, 20 P
gc 1365 @6.354s 2%: 0.071+0.44+0.007 ms clock, 1.4+0.45/0.70/0.023+0.15 ms cpu, 3->4->2 MB, 4 MB goal, 0 MB stacks, 0 MB globals, 20 P
gc 1366 @6.356s 2%: 0.088+0.36+0.031 ms clock, 1.7+0.31/0.69/0.002+0.63 ms cpu, 4->5->2 MB, 5 MB goal, 0 MB stacks, 0 MB globals, 20 P
gc 1367 @6.357s 2%: 0.063+0.37+0.043 ms clock, 1.2+0.32/0.62/0.014+0.86 ms cpu, 4->5->2 MB, 5 MB goal, 0 MB stacks, 0 MB globals, 20 P
gc 1368 @6.358s 2%: 0.053+0.65+0.076 ms clock, 1.0+0.37/0.65/0.001+1.5 ms cpu, 4->5->2 MB, 4 MB goal, 0 MB stacks, 0 MB globals, 20 P
gc 1369 @6.360s 2%: 0.051+0.38+0.058 ms clock, 1.0+0.32/0.63/0.029+1.1 ms cpu, 4->5->2 MB, 5 MB goal, 0 MB stacks, 0 MB globals, 20 P
gc 1370 @6.361s 2%: 0.078+0.53+0.085 ms clock, 1.5+0.26/0.57/0.055+1.7 ms cpu, 4->5->2 MB, 4 MB goal, 0 MB stacks, 0 MB globals, 20 P
gc 1371 @6.363s 2%: 0.095+0.58+0.081 ms clock, 1.9+0.37/0.65/0.026+1.6 ms cpu, 4->5->2 MB, 5 MB goal, 0 MB stacks, 0 MB globals, 20 P
gc 1372 @6.364s 2%: 0.048+0.34+0.072 ms clock, 0.97+0.31/0.52/0.085+1.4 ms cpu, 4->5->2 MB, 5 MB goal, 0 MB stacks, 0 MB globals, 20 P
gc 1373 @6.365s 2%: 0.068+0.38+0.075 ms clock, 1.3+0.30/0.66/0.031+1.5 ms cpu, 3->4->2 MB, 4 MB goal, 0 MB stacks, 0 MB globals, 20 P
gc 1374 @6.367s 2%: 0.078+0.48+0.066 ms clock, 1.5+0.25/0.67/0.050+1.3 ms cpu, 4->5->2 MB, 4 MB goal, 0 MB stacks, 0 MB globals, 20 P
gc 1375 @6.368s 2%: 0.071+0.42+0.048 ms clock, 1.4+0.32/0.65/0+0.97 ms cpu, 4->5->2 MB, 5 MB goal, 0 MB stacks, 0 MB globals, 20 P
gc 1376 @6.370s 2%: 0.061+0.34+0.040 ms clock, 1.2+0.34/0.79/0+0.81 ms cpu, 4->5->2 MB, 5 MB goal, 0 MB stacks, 0 MB globals, 20 P
gc 1377 @6.371s 2%: 0.094+0.41+0.091 ms clock, 1.8+0.31/0.60/0.028+1.8 ms cpu, 4->5->2 MB, 5 MB goal, 0 MB stacks, 0 MB globals, 20 P
gc 1378 @6.372s 2%: 0.070+0.44+0.061 ms clock, 1.4+0.29/0.65/0.046+1.2 ms cpu, 4->5->2 MB, 5 MB goal, 0 MB stacks, 0 MB globals, 20 P
gc 1379 @6.373s 2%: 0.035+0.49+0.018 ms clock, 0.70+0.37/0.65/0+0.36 ms cpu, 4->5->2 MB, 4 MB goal, 0 MB stacks, 0 MB globals, 20 P
gc 1380 @6.375s 2%: 0.057+0.49+0.056 ms clock, 1.1+0.41/0.63/0+1.1 ms cpu, 4->5->2 MB, 5 MB goal, 0 MB stacks, 0 MB globals, 20 P
gc 1381 @6.376s 2%: 0.073+0.49+0.057 ms clock, 1.4+0.25/0.64/0.037+1.1 ms cpu, 5->6->2 MB, 5 MB goal, 0 MB stacks, 0 MB globals, 20 P
gc 1382 @6.378s 2%: 0.058+0.16+0.041 ms clock, 1.1+0.30/0.56/0.021+0.82 ms cpu, 4->4->1 MB, 5 MB goal, 0 MB stacks, 0 MB globals, 20 P
gc 1383 @6.378s 2%: 0.043+0.49+0.024 ms clock, 0.87+0.49/0.65/0+0.49 ms cpu, 3->4->2 MB, 4 MB goal, 0 MB stacks, 0 MB globals, 20 P
gc 1384 @6.380s 2%: 0.046+0.49+0.075 ms clock, 0.93+0.30/0.56/0.041+1.5 ms cpu, 4->5->2 MB, 4 MB goal, 0 MB stacks, 0 MB globals, 20 P
gc 1385 @6.381s 2%: 0.083+0.36+0.047 ms clock, 1.6+0.31/0.63/0.010+0.94 ms cpu, 4->5->2 MB, 5 MB goal, 0 MB stacks, 0 MB globals, 20 P
gc 1386 @6.383s 2%: 0.12+0.31+0.066 ms clock, 2.4+0.28/0.58/0.037+1.3 ms cpu, 4->5->2 MB, 4 MB goal, 0 MB stacks, 0 MB globals, 20 P
gc 1387 @6.384s 2%: 0.079+0.45+0.059 ms clock, 1.5+0.21/0.60/0.012+1.1 ms cpu, 4->5->2 MB, 5 MB goal, 0 MB stacks, 0 MB globals, 20 P
gc 1388 @6.385s 2%: 0.071+0.31+0.050 ms clock, 1.4+0.37/0.60/0+1.0 ms cpu, 4->5->2 MB, 5 MB goal, 0 MB stacks, 0 MB globals, 20 P
gc 1389 @6.387s 2%: 0.070+0.44+0.046 ms clock, 1.4+0.16/0.58/0.044+0.93 ms cpu, 4->5->2 MB, 4 MB goal, 0 MB stacks, 0 MB globals, 20 P
gc 1390 @6.388s 2%: 0.081+0.46+0.060 ms clock, 1.6+0.39/0.71/0.024+1.2 ms cpu, 4->4->2 MB, 4 MB goal, 0 MB stacks, 0 MB globals, 20 P
gc 1391 @6.389s 2%: 0.048+0.29+0.10 ms clock, 0.97+0.33/0.61/0.030+2.1 ms cpu, 4->5->2 MB, 5 MB goal, 0 MB stacks, 0 MB globals, 20 P
gc 1392 @6.390s 2%: 0.091+0.54+0.086 ms clock, 1.8+0.23/0.65/0.16+1.7 ms cpu, 3->5->2 MB, 4 MB goal, 0 MB stacks, 0 MB globals, 20 P
gc 1393 @6.392s 2%: 0.23+0.50+0.068 ms clock, 4.7+0.40/0.63/0.018+1.3 ms cpu, 4->5->2 MB, 5 MB goal, 0 MB stacks, 0 MB globals, 20 P
gc 1394 @6.393s 2%: 0.085+0.37+0.012 ms clock, 1.7+0.39/0.50/0.039+0.24 ms cpu, 4->5->2 MB, 5 MB goal, 0 MB stacks, 0 MB globals, 20 P
gc 1395 @6.395s 2%: 0.11+0.47+0.064 ms clock, 2.2+0.46/0.54/0.038+1.2 ms cpu, 4->5->2 MB, 5 MB goal, 0 MB stacks, 0 MB globals, 20 P
gc 1396 @6.396s 2%: 0.070+0.36+0.050 ms clock, 1.4+0.25/0.64/0.10+1.0 ms cpu, 4->5->2 MB, 5 MB goal, 0 MB stacks, 0 MB globals, 20 P
gc 1397 @6.397s 2%: 0.053+0.32+0.029 ms clock, 1.0+0.22/0.59/0.007+0.58 ms cpu, 4->4->2 MB, 4 MB goal, 0 MB stacks, 0 MB globals, 20 P
gc 1398 @6.399s 2%: 0.10+0.48+0.086 ms clock, 2.1+0.36/0.63/0+1.7 ms cpu, 3->4->2 MB, 4 MB goal, 0 MB stacks, 0 MB globals, 20 P
gc 1399 @6.400s 2%: 0.064+0.47+0.058 ms clock, 1.2+0.33/0.74/0+1.1 ms cpu, 4->5->2 MB, 5 MB goal, 0 MB stacks, 0 MB globals, 20 P
gc 1400 @6.402s 2%: 0.067+0.43+0.073 ms clock, 1.3+0.34/0.72/0.009+1.4 ms cpu, 4->5->2 MB, 5 MB goal, 0 MB stacks, 0 MB globals, 20 P
gc 1401 @6.403s 2%: 0.040+0.52+0.075 ms clock, 0.81+0.28/0.57/0.13+1.5 ms cpu, 4->5->2 MB, 5 MB goal, 0 MB stacks, 0 MB globals, 20 P
gc 1402 @6.405s 3%: 0.089+0.33+0.040 ms clock, 1.7+0.24/0.63/0.002+0.81 ms cpu, 4->5->2 MB, 5 MB goal, 0 MB stacks, 0 MB globals, 20 P
gc 1403 @6.406s 3%: 0.071+0.36+0.067 ms clock, 1.4+0.28/0.72/0.059+1.3 ms cpu, 4->4->2 MB, 4 MB goal, 0 MB stacks, 0 MB globals, 20 P
gc 1404 @6.407s 3%: 0.090+0.31+0.056 ms clock, 1.8+0.37/0.63/0+1.1 ms cpu, 4->5->2 MB, 5 MB goal, 0 MB stacks, 0 MB globals, 20 P
gc 1405 @6.409s 3%: 0.088+0.24+0.034 ms clock, 1.7+0.34/0.61/0+0.69 ms cpu, 4->4->2 MB, 5 MB goal, 0 MB stacks, 0 MB globals, 20 P
gc 1406 @6.410s 3%: 0.063+0.39+0.078 ms clock, 1.2+0.51/0.72/0.016+1.5 ms cpu, 3->4->2 MB, 4 MB goal, 0 MB stacks, 0 MB globals, 20 P
gc 1407 @6.411s 3%: 0.083+0.23+0.069 ms clock, 1.6+0.33/0.67/0.008+1.3 ms cpu, 4->4->2 MB, 4 MB goal, 0 MB stacks, 0 MB globals, 20 P
gc 1408 @6.412s 3%: 0.067+0.48+0.044 ms clock, 1.3+0.42/0.55/0.062+0.88 ms cpu, 3->4->2 MB, 4 MB goal, 0 MB stacks, 0 MB globals, 20 P
gc 1409 @6.414s 3%: 0.032+0.57+0.066 ms clock, 0.65+0.21/0.66/0.022+1.3 ms cpu, 4->5->2 MB, 5 MB goal, 0 MB stacks, 0 MB globals, 20 P
gc 1410 @6.415s 3%: 0.027+0.63+0.070 ms clock, 0.55+0.23/0.61/0.054+1.4 ms cpu, 4->5->2 MB, 5 MB goal, 0 MB stacks, 0 MB globals, 20 P
gc 1411 @6.417s 3%: 0.040+0.33+0.072 ms clock, 0.80+0.32/0.58/0.023+1.4 ms cpu, 4->5->2 MB, 5 MB goal, 0 MB stacks, 0 MB globals, 20 P
gc 1412 @6.418s 3%: 0.073+0.44+0.039 ms clock, 1.4+0.20/0.71/0.023+0.78 ms cpu, 4->4->2 MB, 4 MB goal, 0 MB stacks, 0 MB globals, 20 P
gc 1413 @6.419s 3%: 0.079+0.44+0.064 ms clock, 1.5+0.20/0.75/0.029+1.2 ms cpu, 4->5->2 MB, 5 MB goal, 0 MB stacks, 0 MB globals, 20 P
gc 1414 @6.420s 3%: 0.069+0.36+0.030 ms clock, 1.3+0.30/0.61/0.002+0.60 ms cpu, 4->4->2 MB, 5 MB goal, 0 MB stacks, 0 MB globals, 20 P
gc 1415 @6.422s 3%: 0.049+0.36+0.010 ms clock, 0.99+0.37/0.52/0.067+0.20 ms cpu, 3->4->2 MB, 4 MB goal, 0 MB stacks, 0 MB globals, 20 P
gc 1416 @6.423s 3%: 0.034+0.47+0.069 ms clock, 0.68+0.072/0.64/0.039+1.3 ms cpu, 3->4->2 MB, 4 MB goal, 0 MB stacks, 0 MB globals, 20 P
gc 1417 @6.425s 3%: 0.082+0.39+0.060 ms clock, 1.6+0.40/0.73/0.049+1.2 ms cpu, 4->5->2 MB, 5 MB goal, 0 MB stacks, 0 MB globals, 20 P
gc 1418 @6.426s 3%: 0.066+0.44+0.048 ms clock, 1.3+0.31/0.60/0.004+0.97 ms cpu, 4->5->2 MB, 5 MB goal, 0 MB stacks, 0 MB globals, 20 P
gc 1419 @6.428s 3%: 0.075+0.39+0.071 ms clock, 1.5+0.32/0.51/0.036+1.4 ms cpu, 4->5->2 MB, 5 MB goal, 0 MB stacks, 0 MB globals, 20 P
gc 1420 @6.429s 3%: 0.062+0.46+0.070 ms clock, 1.2+0.21/0.70/0.079+1.4 ms cpu, 4->5->2 MB, 5 MB goal, 0 MB stacks, 0 MB globals, 20 P
gc 1421 @6.431s 3%: 0.071+0.27+0.070 ms clock, 1.4+0.24/0.58/0.059+1.4 ms cpu, 4->4->1 MB, 4 MB goal, 0 MB stacks, 0 MB globals, 20 P
gc 1422 @6.431s 3%: 0.074+0.38+0.086 ms clock, 1.4+0.26/0.65/0.021+1.7 ms cpu, 3->4->2 MB, 4 MB goal, 0 MB stacks, 0 MB globals, 20 P
gc 1423 @6.433s 3%: 0.083+0.38+0.064 ms clock, 1.6+0.31/0.58/0+1.2 ms cpu, 4->4->2 MB, 4 MB goal, 0 MB stacks, 0 MB globals, 20 P
gc 1424 @6.434s 3%: 0.028+0.44+0.069 ms clock, 0.57+0.29/0.60/0.13+1.3 ms cpu, 4->5->2 MB, 4 MB goal, 0 MB stacks, 0 MB globals, 20 P
gc 1425 @6.435s 3%: 0.10+0.52+0.017 ms clock, 2.1+0.32/0.62/0+0.35 ms cpu, 4->5->2 MB, 4 MB goal, 0 MB stacks, 0 MB globals, 20 P
gc 1426 @6.437s 3%: 0.070+0.33+0.031 ms clock, 1.4+0.37/0.59/0.028+0.63 ms cpu, 4->5->2 MB, 5 MB goal, 0 MB stacks, 0 MB globals, 20 P
gc 1427 @6.438s 3%: 0.068+0.40+0.057 ms clock, 1.3+0.22/0.62/0.003+1.1 ms cpu, 4->4->2 MB, 4 MB goal, 0 MB stacks, 0 MB globals, 20 P
gc 1428 @6.439s 3%: 0.074+0.40+0.10 ms clock, 1.4+0.32/0.55/0.044+2.0 ms cpu, 4->5->2 MB, 5 MB goal, 0 MB stacks, 0 MB globals, 20 P
gc 1429 @6.440s 3%: 0.058+0.35+0.027 ms clock, 1.1+0.29/0.67/0.021+0.55 ms cpu, 4->4->2 MB, 5 MB goal, 0 MB stacks, 0 MB globals, 20 P
gc 1430 @6.441s 3%: 0.077+0.72+0.011 ms clock, 1.5+0.23/0.60/0.026+0.22 ms cpu, 4->5->2 MB, 4 MB goal, 0 MB stacks, 0 MB globals, 20 P
gc 1431 @6.443s 3%: 0.082+0.44+0.051 ms clock, 1.6+0.32/0.62/0.070+1.0 ms cpu, 4->5->2 MB, 5 MB goal, 0 MB stacks, 0 MB globals, 20 P
gc 1432 @6.444s 3%: 0.081+0.37+0.057 ms clock, 1.6+0.26/0.59/0.032+1.1 ms cpu, 4->5->2 MB, 4 MB goal, 0 MB stacks, 0 MB globals, 20 P
gc 1433 @6.446s 3%: 0.080+0.24+0.069 ms clock, 1.6+0.39/0.59/0.035+1.3 ms cpu, 4->4->2 MB, 5 MB goal, 0 MB stacks, 0 MB globals, 20 P
gc 1434 @6.447s 3%: 0.057+0.36+0.068 ms clock, 1.1+0.31/0.51/0.071+1.3 ms cpu, 3->4->2 MB, 4 MB goal, 0 MB stacks, 0 MB globals, 20 P
gc 1435 @6.448s 3%: 0.045+0.34+0.058 ms clock, 0.91+0.24/0.59/0.041+1.1 ms cpu, 4->5->2 MB, 5 MB goal, 0 MB stacks, 0 MB globals, 20 P
gc 1436 @6.449s 3%: 0.057+0.44+0.052 ms clock, 1.1+0.38/0.69/0+1.0 ms cpu, 4->5->2 MB, 4 MB goal, 0 MB stacks, 0 MB globals, 20 P
gc 1437 @6.450s 3%: 0.12+0.43+0.047 ms clock, 2.4+0.29/0.59/0+0.94 ms cpu, 4->5->2 MB, 5 MB goal, 0 MB stacks, 0 MB globals, 20 P
gc 1438 @6.451s 3%: 0.059+0.31+0.033 ms clock, 1.1+0.27/0.62/0.032+0.67 ms cpu, 4->4->2 MB, 4 MB goal, 0 MB stacks, 0 MB globals, 20 P
gc 1439 @6.453s 3%: 0.059+0.46+0.046 ms clock, 1.1+0.27/0.62/0.010+0.93 ms cpu, 4->4->2 MB, 4 MB goal, 0 MB stacks, 0 MB globals, 20 P
gc 1440 @6.454s 3%: 0.093+0.30+0.031 ms clock, 1.8+0.33/0.65/0.007+0.63 ms cpu, 4->5->2 MB, 5 MB goal, 0 MB stacks, 0 MB globals, 20 P
gc 1441 @6.455s 3%: 0.074+0.41+0.038 ms clock, 1.4+0.37/0.60/0.021+0.76 ms cpu, 4->5->2 MB, 5 MB goal, 0 MB stacks, 0 MB globals, 20 P
gc 1442 @6.457s 3%: 0.079+0.34+0.051 ms clock, 1.5+0.25/0.66/0.091+1.0 ms cpu, 4->5->2 MB, 5 MB goal, 0 MB stacks, 0 MB globals, 20 P
gc 1443 @6.458s 3%: 0.075+0.40+0.070 ms clock, 1.5+0.19/0.71/0+1.4 ms cpu, 4->5->2 MB, 4 MB goal, 0 MB stacks, 0 MB globals, 20 P
gc 1444 @6.460s 3%: 0.084+0.35+0.025 ms clock, 1.6+0.36/0.52/0.080+0.51 ms cpu, 4->5->2 MB, 5 MB goal, 0 MB stacks, 0 MB globals, 20 P
gc 1445 @6.461s 3%: 0.040+0.48+0.063 ms clock, 0.80+0.19/0.69/0.001+1.2 ms cpu, 4->4->2 MB, 4 MB goal, 0 MB stacks, 0 MB globals, 20 P
gc 1446 @6.462s 3%: 0.057+0.39+0.075 ms clock, 1.1+0.48/0.57/0.043+1.5 ms cpu, 4->5->2 MB, 5 MB goal, 0 MB stacks, 0 MB globals, 20 P
gc 1447 @6.463s 3%: 0.072+0.55+0.067 ms clock, 1.4+0.25/0.62/0.060+1.3 ms cpu, 4->5->2 MB, 5 MB goal, 0 MB stacks, 0 MB globals, 20 P
gc 1448 @6.465s 3%: 0.094+0.28+0.019 ms clock, 1.8+0.33/0.51/0+0.38 ms cpu, 4->5->2 MB, 5 MB goal, 0 MB stacks, 0 MB globals, 20 P
gc 1449 @6.466s 3%: 0.068+0.46+0.051 ms clock, 1.3+0.29/0.65/0.11+1.0 ms cpu, 3->4->2 MB, 4 MB goal, 0 MB stacks, 0 MB globals, 20 P
gc 1450 @6.467s 3%: 0.077+0.37+0.078 ms clock, 1.5+0.20/0.68/0.028+1.5 ms cpu, 4->5->2 MB, 4 MB goal, 0 MB stacks, 0 MB globals, 20 P
gc 1451 @6.468s 3%: 0.055+0.36+0.017 ms clock, 1.1+0.31/0.60/0+0.35 ms cpu, 4->5->2 MB, 5 MB goal, 0 MB stacks, 0 MB globals, 20 P
gc 1452 @6.470s 3%: 0.072+0.54+0.021 ms clock, 1.4+0.32/0.65/0.024+0.42 ms cpu, 4->5->2 MB, 4 MB goal, 0 MB stacks, 0 MB globals, 20 P
gc 1453 @6.471s 3%: 0.080+0.35+0.030 ms clock, 1.6+0.21/0.60/0+0.60 ms cpu, 4->5->2 MB, 5 MB goal, 0 MB stacks, 0 MB globals, 20 P
gc 1454 @6.472s 3%: 0.035+0.33+0.050 ms clock, 0.70+0.41/0.54/0.060+1.0 ms cpu, 4->5->2 MB, 5 MB goal, 0 MB stacks, 0 MB globals, 20 P
gc 1455 @6.473s 3%: 0.067+0.44+0.057 ms clock, 1.3+0.30/0.59/0+1.1 ms cpu, 4->5->2 MB, 4 MB goal, 0 MB stacks, 0 MB globals, 20 P
gc 1456 @6.475s 3%: 0.066+0.39+0.075 ms clock, 1.3+0.25/0.67/0.015+1.5 ms cpu, 4->5->2 MB, 5 MB goal, 0 MB stacks, 0 MB globals, 20 P
gc 1457 @6.476s 3%: 0.039+0.35+0.071 ms clock, 0.79+0.27/0.62/0+1.4 ms cpu, 4->5->2 MB, 5 MB goal, 0 MB stacks, 0 MB globals, 20 P
gc 1458 @6.477s 3%: 0.041+0.29+0.093 ms clock, 0.83+0.34/0.61/0.016+1.8 ms cpu, 4->4->2 MB, 4 MB goal, 0 MB stacks, 0 MB globals, 20 P
gc 1459 @6.478s 3%: 0.083+0.46+0.044 ms clock, 1.6+0.27/0.70/0+0.88 ms cpu, 3->5->2 MB, 4 MB goal, 0 MB stacks, 0 MB globals, 20 P
gc 1460 @6.480s 3%: 0.069+0.57+0.017 ms clock, 1.3+0.44/0.65/0+0.34 ms cpu, 4->5->2 MB, 5 MB goal, 0 MB stacks, 0 MB globals, 20 P
gc 1461 @6.481s 3%: 0.082+0.64+0.064 ms clock, 1.6+0.29/0.61/0.014+1.2 ms cpu, 4->5->2 MB, 5 MB goal, 0 MB stacks, 0 MB globals, 20 P
gc 1462 @6.483s 3%: 0.076+0.35+0.044 ms clock, 1.5+0.34/0.59/0+0.89 ms cpu, 5->5->2 MB, 5 MB goal, 0 MB stacks, 0 MB globals, 20 P
gc 1463 @6.484s 3%: 0.073+0.52+0.047 ms clock, 1.4+0.34/0.68/0.012+0.94 ms cpu, 4->5->2 MB, 5 MB goal, 0 MB stacks, 0 MB globals, 20 P
gc 1464 @6.486s 3%: 0.10+0.32+0.078 ms clock, 2.0+0.35/0.66/0.003+1.5 ms cpu, 4->5->2 MB, 5 MB goal, 0 MB stacks, 0 MB globals, 20 P
gc 1465 @6.487s 3%: 0.052+0.52+0.065 ms clock, 1.0+0.38/0.69/0.006+1.3 ms cpu, 4->5->2 MB, 5 MB goal, 0 MB stacks, 0 MB globals, 20 P
gc 1466 @6.488s 3%: 0.089+0.33+0.070 ms clock, 1.7+0.17/0.74/0.007+1.4 ms cpu, 4->5->2 MB, 5 MB goal, 0 MB stacks, 0 MB globals, 20 P
gc 1467 @6.490s 3%: 0.085+0.37+0.098 ms clock, 1.7+0.31/0.70/0.053+1.9 ms cpu, 4->5->2 MB, 4 MB goal, 0 MB stacks, 0 MB globals, 20 P
gc 1468 @6.491s 3%: 0.073+0.26+0.061 ms clock, 1.4+0.26/0.67/0+1.2 ms cpu, 4->5->2 MB, 5 MB goal, 0 MB stacks, 0 MB globals, 20 P
gc 1469 @6.492s 3%: 0.090+0.45+0.10 ms clock, 1.8+0.17/0.70/0+2.1 ms cpu, 4->5->2 MB, 4 MB goal, 0 MB stacks, 0 MB globals, 20 P
gc 1470 @6.493s 3%: 0.069+0.42+0.073 ms clock, 1.3+0.28/0.59/0+1.4 ms cpu, 4->5->2 MB, 5 MB goal, 0 MB stacks, 0 MB globals, 20 P
gc 1471 @6.495s 3%: 0.047+0.48+0.051 ms clock, 0.94+0.31/0.62/0+1.0 ms cpu, 4->5->2 MB, 5 MB goal, 0 MB stacks, 0 MB globals, 20 P
gc 1472 @6.496s 3%: 0.068+0.29+0.017 ms clock, 1.3+0.33/0.63/0.024+0.35 ms cpu, 4->5->2 MB, 5 MB goal, 0 MB stacks, 0 MB globals, 20 P
gc 1473 @6.497s 3%: 0.039+0.46+0.076 ms clock, 0.78+0.29/0.73/0.027+1.5 ms cpu, 3->4->2 MB, 4 MB goal, 0 MB stacks, 0 MB globals, 20 P
gc 1474 @6.498s 3%: 0.080+0.47+0.082 ms clock, 1.6+0.22/0.67/0+1.6 ms cpu, 4->5->2 MB, 5 MB goal, 0 MB stacks, 0 MB globals, 20 P
gc 1475 @6.499s 3%: 0.074+0.46+0.032 ms clock, 1.4+0.22/0.73/0.041+0.64 ms cpu, 4->5->2 MB, 5 MB goal, 0 MB stacks, 0 MB globals, 20 P
gc 1476 @6.501s 3%: 0.074+0.51+0.066 ms clock, 1.4+0.42/0.59/0.023+1.3 ms cpu, 4->5->2 MB, 5 MB goal, 0 MB stacks, 0 MB globals, 20 P
gc 1477 @6.502s 3%: 0.082+0.39+0.016 ms clock, 1.6+0.26/0.69/0.074+0.33 ms cpu, 4->4->2 MB, 5 MB goal, 0 MB stacks, 0 MB globals, 20 P
gc 1478 @6.503s 3%: 0.058+0.38+0.022 ms clock, 1.1+0.35/0.55/0+0.45 ms cpu, 3->4->2 MB, 4 MB goal, 0 MB stacks, 0 MB globals, 20 P
gc 1479 @6.504s 3%: 0.080+0.30+0.068 ms clock, 1.6+0.25/0.66/0.012+1.3 ms cpu, 4->4->2 MB, 4 MB goal, 0 MB stacks, 0 MB globals, 20 P
gc 1480 @6.505s 3%: 0.077+0.48+0.073 ms clock, 1.5+0.39/0.62/0.009+1.4 ms cpu, 3->4->2 MB, 4 MB goal, 0 MB stacks, 0 MB globals, 20 P
gc 1481 @6.507s 3%: 0.079+0.55+0.022 ms clock, 1.5+0.53/0.62/0.11+0.44 ms cpu, 4->5->2 MB, 5 MB goal, 0 MB stacks, 0 MB globals, 20 P
gc 1482 @6.508s 3%: 0.070+0.96+0.019 ms clock, 1.4+0.43/0.66/0.023+0.39 ms cpu, 4->5->2 MB, 5 MB goal, 0 MB stacks, 0 MB globals, 20 P
gc 1483 @6.510s 3%: 0.047+0.38+0.053 ms clock, 0.95+0.37/0.60/0.002+1.0 ms cpu, 5->6->2 MB, 6 MB goal, 0 MB stacks, 0 MB globals, 20 P
gc 1484 @6.511s 3%: 0.074+0.42+0.027 ms clock, 1.4+0.41/0.73/0.054+0.55 ms cpu, 4->5->2 MB, 4 MB goal, 0 MB stacks, 0 MB globals, 20 P
gc 1485 @6.512s 3%: 0.086+0.39+0.072 ms clock, 1.7+0.40/0.59/0.015+1.4 ms cpu, 4->5->2 MB, 5 MB goal, 0 MB stacks, 0 MB globals, 20 P
gc 1486 @6.514s 3%: 0.059+0.45+0.068 ms clock, 1.1+0.33/0.62/0+1.3 ms cpu, 4->5->2 MB, 5 MB goal, 0 MB stacks, 0 MB globals, 20 P
gc 1487 @6.515s 3%: 0.035+0.32+0.071 ms clock, 0.71+0.30/0.66/0.008+1.4 ms cpu, 4->5->2 MB, 5 MB goal, 0 MB stacks, 0 MB globals, 20 P
gc 1488 @6.516s 3%: 0.077+0.40+0.033 ms clock, 1.5+0.33/0.66/0.023+0.66 ms cpu, 4->4->2 MB, 4 MB goal, 0 MB stacks, 0 MB globals, 20 P
gc 1489 @6.517s 3%: 0.071+0.37+0.070 ms clock, 1.4+0.24/0.66/0+1.4 ms cpu, 4->4->2 MB, 4 MB goal, 0 MB stacks, 0 MB globals, 20 P
gc 1490 @6.518s 3%: 0.10+0.53+0.032 ms clock, 2.1+0.29/0.82/0.009+0.64 ms cpu, 4->5->2 MB, 4 MB goal, 0 MB stacks, 0 MB globals, 20 P
gc 1491 @6.520s 3%: 0.070+0.49+0.069 ms clock, 1.4+0.23/0.67/0.010+1.3 ms cpu, 4->5->2 MB, 5 MB goal, 0 MB stacks, 0 MB globals, 20 P
gc 1492 @6.521s 3%: 0.054+0.43+0.022 ms clock, 1.0+0.41/0.60/0+0.45 ms cpu, 4->5->2 MB, 5 MB goal, 0 MB stacks, 0 MB globals, 20 P
gc 1493 @6.523s 3%: 0.081+0.51+0.073 ms clock, 1.6+0.44/0.66/0.017+1.4 ms cpu, 4->5->2 MB, 5 MB goal, 0 MB stacks, 0 MB globals, 20 P
gc 1494 @6.524s 3%: 0.035+0.36+0.075 ms clock, 0.70+0.40/0.67/0.055+1.5 ms cpu, 4->5->2 MB, 5 MB goal, 0 MB stacks, 0 MB globals, 20 P
gc 1495 @6.525s 3%: 0.048+0.44+0.078 ms clock, 0.96+0.34/0.68/0+1.5 ms cpu, 4->5->2 MB, 4 MB goal, 0 MB stacks, 0 MB globals, 20 P
gc 1496 @6.526s 3%: 0.077+0.25+0.055 ms clock, 1.5+0.37/0.64/0+1.1 ms cpu, 4->4->2 MB, 5 MB goal, 0 MB stacks, 0 MB globals, 20 P
gc 1497 @6.528s 3%: 0.070+0.46+0.013 ms clock, 1.4+0.12/0.67/0.040+0.26 ms cpu, 3->5->2 MB, 4 MB goal, 0 MB stacks, 0 MB globals, 20 P
gc 1498 @6.529s 3%: 0.054+0.36+0.084 ms clock, 1.0+0.37/0.64/0.072+1.6 ms cpu, 4->5->2 MB, 5 MB goal, 0 MB stacks, 0 MB globals, 20 P
gc 1499 @6.530s 3%: 0.031+0.44+0.061 ms clock, 0.62+0.18/0.68/0+1.2 ms cpu, 4->5->2 MB, 4 MB goal, 0 MB stacks, 0 MB globals, 20 P
gc 1500 @6.531s 3%: 0.073+0.41+0.043 ms clock, 1.4+0.47/0.58/0+0.86 ms cpu, 4->5->2 MB, 5 MB goal, 0 MB stacks, 0 MB globals, 20 P
gc 1501 @6.533s 3%: 0.062+0.36+0.073 ms clock, 1.2+0.40/0.62/0.001+1.4 ms cpu, 4->5->2 MB, 5 MB goal, 0 MB stacks, 0 MB globals, 20 P
gc 1502 @6.534s 3%: 0.074+0.34+0.13 ms clock, 1.4+0.36/0.69/0.011+2.7 ms cpu, 4->4->2 MB, 4 MB goal, 0 MB stacks, 0 MB globals, 20 P
gc 1503 @6.535s 3%: 0.090+0.26+0.026 ms clock, 1.8+0.28/0.60/0.052+0.52 ms cpu, 4->4->2 MB, 5 MB goal, 0 MB stacks, 0 MB globals, 20 P
gc 1504 @6.536s 3%: 0.097+0.32+0.017 ms clock, 1.9+0.43/0.51/0.027+0.35 ms cpu, 3->4->2 MB, 4 MB goal, 0 MB stacks, 0 MB globals, 20 P
gc 1505 @6.538s 3%: 0.071+0.37+0.065 ms clock, 1.4+0.29/0.54/0.061+1.3 ms cpu, 4->5->2 MB, 4 MB goal, 0 MB stacks, 0 MB globals, 20 P
gc 1506 @6.539s 3%: 0.050+0.26+0.075 ms clock, 1.0+0.18/0.56/0.015+1.5 ms cpu, 4->4->1 MB, 4 MB goal, 0 MB stacks, 0 MB globals, 20 P
gc 1507 @6.540s 3%: 0.096+0.43+0.030 ms clock, 1.9+0.32/0.60/0.026+0.61 ms cpu, 3->4->2 MB, 4 MB goal, 0 MB stacks, 0 MB globals, 20 P
gc 1508 @6.541s 3%: 0.073+0.41+0.056 ms clock, 1.4+0.31/0.62/0.003+1.1 ms cpu, 4->5->2 MB, 5 MB goal, 0 MB stacks, 0 MB globals, 20 P
gc 1509 @6.543s 3%: 0.10+0.33+0.062 ms clock, 2.1+0.34/0.63/0.002+1.2 ms cpu, 4->5->2 MB, 5 MB goal, 0 MB stacks, 0 MB globals, 20 P
gc 1510 @6.544s 3%: 0.080+0.52+0.049 ms clock, 1.6+0.40/0.61/0.022+0.99 ms cpu, 4->5->2 MB, 4 MB goal, 0 MB stacks, 0 MB globals, 20 P
gc 1511 @6.545s 3%: 0.077+0.83+0.033 ms clock, 1.5+0.35/0.57/0.044+0.66 ms cpu, 4->6->2 MB, 5 MB goal, 0 MB stacks, 0 MB globals, 20 P
gc 1512 @6.547s 3%: 0.10+0.27+0.068 ms clock, 2.0+0.35/0.58/0.060+1.3 ms cpu, 5->5->2 MB, 6 MB goal, 0 MB stacks, 0 MB globals, 20 P
gc 1513 @6.548s 3%: 0.062+0.40+0.070 ms clock, 1.2+0.27/0.51/0.081+1.4 ms cpu, 4->4->2 MB, 4 MB goal, 0 MB stacks, 0 MB globals, 20 P
gc 1514 @6.549s 3%: 0.069+0.37+0.052 ms clock, 1.3+0.20/0.55/0.095+1.0 ms cpu, 4->5->2 MB, 5 MB goal, 0 MB stacks, 0 MB globals, 20 P
gc 1515 @6.551s 3%: 0.065+0.31+0.060 ms clock, 1.3+0.40/0.54/0.033+1.2 ms cpu, 4->4->2 MB, 4 MB goal, 0 MB stacks, 0 MB globals, 20 P
gc 1516 @6.552s 3%: 0.060+0.36+0.074 ms clock, 1.2+0.26/0.70/0+1.4 ms cpu, 4->5->2 MB, 4 MB goal, 0 MB stacks, 0 MB globals, 20 P
gc 1517 @6.553s 3%: 0.060+0.43+0.072 ms clock, 1.2+0.35/0.58/0.025+1.4 ms cpu, 4->5->2 MB, 4 MB goal, 0 MB stacks, 0 MB globals, 20 P
gc 1518 @6.554s 3%: 0.085+0.34+0.066 ms clock, 1.7+0.32/0.67/0.049+1.3 ms cpu, 4->5->2 MB, 5 MB goal, 0 MB stacks, 0 MB globals, 20 P
gc 1519 @6.556s 3%: 0.058+0.45+0.11 ms clock, 1.1+0.24/0.56/0.009+2.3 ms cpu, 4->5->2 MB, 5 MB goal, 0 MB stacks, 0 MB globals, 20 P
gc 1520 @6.557s 3%: 0.067+0.53+0.074 ms clock, 1.3+0.31/0.67/0.001+1.4 ms cpu, 4->5->2 MB, 5 MB goal, 0 MB stacks, 0 MB globals, 20 P
gc 1521 @6.559s 3%: 0.036+0.33+0.036 ms clock, 0.73+0.20/0.66/0.082+0.72 ms cpu, 4->5->2 MB, 5 MB goal, 0 MB stacks, 0 MB globals, 20 P
gc 1522 @6.559s 3%: 0.056+0.49+0.038 ms clock, 1.1+0.29/0.65/0.065+0.76 ms cpu, 3->4->2 MB, 4 MB goal, 0 MB stacks, 0 MB globals, 20 P
gc 1523 @6.561s 3%: 0.082+0.28+0.071 ms clock, 1.6+0.30/0.57/0+1.4 ms cpu, 4->5->2 MB, 5 MB goal, 0 MB stacks, 0 MB globals, 20 P
gc 1524 @6.562s 3%: 0.049+0.37+0.072 ms clock, 0.99+0.34/0.56/0.086+1.4 ms cpu, 4->4->2 MB, 4 MB goal, 0 MB stacks, 0 MB globals, 20 P
gc 1525 @6.563s 3%: 0.073+0.45+0.043 ms clock, 1.4+0.46/0.50/0.022+0.87 ms cpu, 4->5->2 MB, 5 MB goal, 0 MB stacks, 0 MB globals, 20 P
gc 1526 @6.564s 3%: 0.059+0.37+0.083 ms clock, 1.1+0.27/0.59/0+1.6 ms cpu, 5->5->2 MB, 5 MB goal, 0 MB stacks, 0 MB globals, 20 P
gc 1527 @6.566s 3%: 0.077+0.42+0.046 ms clock, 1.5+0.31/0.78/0+0.93 ms cpu, 4->5->2 MB, 4 MB goal, 0 MB stacks, 0 MB globals, 20 P
gc 1528 @6.567s 3%: 0.092+0.32+0.068 ms clock, 1.8+0.29/0.54/0.034+1.3 ms cpu, 4->4->2 MB, 4 MB goal, 0 MB stacks, 0 MB globals, 20 P
gc 1529 @6.568s 3%: 0.075+0.38+0.049 ms clock, 1.5+0.30/0.55/0+0.99 ms cpu, 4->5->2 MB, 5 MB goal, 0 MB stacks, 0 MB globals, 20 P
gc 1530 @6.569s 3%: 0.099+0.45+0.069 ms clock, 1.9+0.27/0.62/0.007+1.3 ms cpu, 4->5->2 MB, 5 MB goal, 0 MB stacks, 0 MB globals, 20 P
gc 1531 @6.571s 3%: 0.070+0.22+0.074 ms clock, 1.4+0.33/0.62/0.002+1.4 ms cpu, 4->5->2 MB, 5 MB goal, 0 MB stacks, 0 MB globals, 20 P
gc 1532 @6.571s 3%: 0.046+0.41+0.068 ms clock, 0.93+0.51/0.70/0.012+1.3 ms cpu, 3->4->2 MB, 4 MB goal, 0 MB stacks, 0 MB globals, 20 P
gc 1533 @6.573s 3%: 0.072+0.26+0.052 ms clock, 1.4+0.36/0.61/0.012+1.0 ms cpu, 4->4->2 MB, 5 MB goal, 0 MB stacks, 0 MB globals, 20 P
gc 1534 @6.574s 3%: 0.062+0.33+0.075 ms clock, 1.2+0.23/0.59/0.16+1.5 ms cpu, 3->4->2 MB, 4 MB goal, 0 MB stacks, 0 MB globals, 20 P
gc 1535 @6.575s 3%: 0.054+0.46+0.034 ms clock, 1.0+0.25/0.69/0+0.68 ms cpu, 4->5->2 MB, 4 MB goal, 0 MB stacks, 0 MB globals, 20 P
gc 1536 @6.576s 3%: 0.076+0.76+0.072 ms clock, 1.5+0.24/0.59/0.095+1.4 ms cpu, 4->5->2 MB, 5 MB goal, 0 MB stacks, 0 MB globals, 20 P
gc 1537 @6.578s 3%: 0.075+0.35+0.069 ms clock, 1.5+0.19/0.63/0.035+1.3 ms cpu, 5->5->2 MB, 5 MB goal, 0 MB stacks, 0 MB globals, 20 P
gc 1538 @6.579s 3%: 0.066+0.45+0.065 ms clock, 1.3+0.29/0.76/0.021+1.3 ms cpu, 4->5->2 MB, 5 MB goal, 0 MB stacks, 0 MB globals, 20 P
gc 1539 @6.581s 3%: 0.045+0.22+0.094 ms clock, 0.90+0.22/0.61/0.003+1.8 ms cpu, 4->4->1 MB, 5 MB goal, 0 MB stacks, 0 MB globals, 20 P
gc 1540 @6.582s 3%: 0.050+0.39+0.032 ms clock, 1.0+0.26/0.68/0.028+0.65 ms cpu, 3->4->2 MB, 4 MB goal, 0 MB stacks, 0 MB globals, 20 P
gc 1541 @6.583s 3%: 0.051+0.49+0.041 ms clock, 1.0+0.23/0.60/0+0.82 ms cpu, 4->5->2 MB, 5 MB goal, 0 MB stacks, 0 MB globals, 20 P
gc 1542 @6.584s 3%: 0.060+0.34+0.068 ms clock, 1.2+0.22/0.71/0.064+1.3 ms cpu, 4->5->2 MB, 5 MB goal, 0 MB stacks, 0 MB globals, 20 P
gc 1543 @6.586s 3%: 0.050+0.51+0.034 ms clock, 1.0+0.27/0.72/0.027+0.68 ms cpu, 4->5->2 MB, 4 MB goal, 0 MB stacks, 0 MB globals, 20 P
gc 1544 @6.587s 3%: 0.077+0.36+0.066 ms clock, 1.5+0.34/0.66/0+1.3 ms cpu, 4->5->2 MB, 5 MB goal, 0 MB stacks, 0 MB globals, 20 P
gc 1545 @6.588s 3%: 0.078+0.60+0.054 ms clock, 1.5+0.28/0.64/0.013+1.0 ms cpu, 4->5->2 MB, 4 MB goal, 0 MB stacks, 0 MB globals, 20 P
gc 1546 @6.590s 3%: 0.071+0.47+0.067 ms clock, 1.4+0.38/0.74/0.077+1.3 ms cpu, 4->5->2 MB, 5 MB goal, 0 MB stacks, 0 MB globals, 20 P
gc 1547 @6.591s 3%: 0.11+0.41+0.042 ms clock, 2.2+0.29/0.77/0.003+0.84 ms cpu, 4->5->2 MB, 5 MB goal, 0 MB stacks, 0 MB globals, 20 P
gc 1548 @6.593s 3%: 0.080+0.34+0.086 ms clock, 1.6+0.33/0.62/0+1.7 ms cpu, 4->5->2 MB, 5 MB goal, 0 MB stacks, 0 MB globals, 20 P
gc 1549 @6.594s 3%: 0.071+0.40+0.068 ms clock, 1.4+0.27/0.63/0.093+1.3 ms cpu, 4->4->2 MB, 4 MB goal, 0 MB stacks, 0 MB globals, 20 P
gc 1550 @6.595s 3%: 0.064+0.48+0.077 ms clock, 1.2+0.36/0.68/0.016+1.5 ms cpu, 4->5->2 MB, 4 MB goal, 0 MB stacks, 0 MB globals, 20 P
gc 1551 @6.597s 3%: 0.071+0.33+0.085 ms clock, 1.4+0.31/0.62/0.044+1.7 ms cpu, 4->5->2 MB, 5 MB goal, 0 MB stacks, 0 MB globals, 20 P
gc 1552 @6.598s 3%: 0.043+0.42+0.075 ms clock, 0.86+0.25/0.63/0+1.5 ms cpu, 4->5->2 MB, 4 MB goal, 0 MB stacks, 0 MB globals, 20 P
gc 1553 @6.599s 3%: 0.032+0.31+0.020 ms clock, 0.65+0.26/0.61/0.009+0.41 ms cpu, 4->5->2 MB, 5 MB goal, 0 MB stacks, 0 MB globals, 20 P
gc 1554 @6.600s 3%: 0.059+0.58+0.021 ms clock, 1.1+0.31/0.76/0+0.43 ms cpu, 3->4->2 MB, 4 MB goal, 0 MB stacks, 0 MB globals, 20 P
gc 1555 @6.602s 3%: 0.064+0.59+0.026 ms clock, 1.2+0.28/0.61/0.043+0.52 ms cpu, 4->5->2 MB, 5 MB goal, 0 MB stacks, 0 MB globals, 20 P
gc 1556 @6.603s 3%: 0.071+0.51+0.059 ms clock, 1.4+0.22/0.71/0.040+1.1 ms cpu, 4->5->2 MB, 5 MB goal, 0 MB stacks, 0 MB globals, 20 P
gc 1557 @6.605s 3%: 0.076+0.44+0.042 ms clock, 1.5+0.36/0.61/0.022+0.84 ms cpu, 4->5->2 MB, 5 MB goal, 0 MB stacks, 0 MB globals, 20 P
gc 1558 @6.606s 3%: 0.046+0.44+0.068 ms clock, 0.93+0.42/0.60/0.045+1.3 ms cpu, 4->5->2 MB, 5 MB goal, 0 MB stacks, 0 MB globals, 20 P
gc 1559 @6.608s 3%: 0.049+0.34+0.013 ms clock, 0.99+0.22/0.66/0+0.27 ms cpu, 4->5->2 MB, 5 MB goal, 0 MB stacks, 0 MB globals, 20 P
gc 1560 @6.609s 3%: 0.046+0.34+0.074 ms clock, 0.93+0.34/0.68/0.053+1.4 ms cpu, 4->4->2 MB, 4 MB goal, 0 MB stacks, 0 MB globals, 20 P
gc 1561 @6.610s 3%: 0.079+0.39+0.067 ms clock, 1.5+0.28/0.62/0+1.3 ms cpu, 3->4->2 MB, 4 MB goal, 0 MB stacks, 0 MB globals, 20 P
gc 1562 @6.611s 3%: 0.067+0.46+0.021 ms clock, 1.3+0.23/0.60/0.13+0.43 ms cpu, 4->5->2 MB, 4 MB goal, 0 MB stacks, 0 MB globals, 20 P
gc 1563 @6.612s 3%: 0.087+0.20+0.065 ms clock, 1.7+0.27/0.57/0.059+1.3 ms cpu, 4->4->1 MB, 5 MB goal, 0 MB stacks, 0 MB globals, 20 P
gc 1564 @6.613s 3%: 0.061+0.41+0.080 ms clock, 1.2+0.29/0.63/0.044+1.6 ms cpu, 3->4->2 MB, 4 MB goal, 0 MB stacks, 0 MB globals, 20 P
gc 1565 @6.614s 3%: 0.071+0.50+0.024 ms clock, 1.4+0.31/0.57/0.044+0.48 ms cpu, 3->4->2 MB, 4 MB goal, 0 MB stacks, 0 MB globals, 20 P
gc 1566 @6.615s 3%: 0.079+0.38+0.043 ms clock, 1.5+0.45/0.60/0.028+0.87 ms cpu, 4->5->2 MB, 5 MB goal, 0 MB stacks, 0 MB globals, 20 P
gc 1567 @6.617s 3%: 0.062+0.39+0.035 ms clock, 1.2+0.36/0.60/0.019+0.70 ms cpu, 4->5->2 MB, 5 MB goal, 0 MB stacks, 0 MB globals, 20 P
gc 1568 @6.618s 3%: 0.084+0.59+0.032 ms clock, 1.6+0.22/0.65/0+0.64 ms cpu, 3->4->2 MB, 4 MB goal, 0 MB stacks, 0 MB globals, 20 P
gc 1569 @6.620s 3%: 0.046+0.50+0.019 ms clock, 0.93+0.32/0.66/0+0.39 ms cpu, 4->5->2 MB, 5 MB goal, 0 MB stacks, 0 MB globals, 20 P
gc 1570 @6.621s 3%: 0.036+0.47+0.029 ms clock, 0.73+0.41/0.58/0.031+0.59 ms cpu, 4->5->2 MB, 5 MB goal, 0 MB stacks, 0 MB globals, 20 P
gc 1571 @6.622s 3%: 0.067+0.33+0.086 ms clock, 1.3+0.30/0.56/0.13+1.7 ms cpu, 4->5->2 MB, 5 MB goal, 0 MB stacks, 0 MB globals, 20 P
gc 1572 @6.624s 3%: 0.078+0.55+0.041 ms clock, 1.5+0.35/0.64/0.013+0.83 ms cpu, 4->4->2 MB, 4 MB goal, 0 MB stacks, 0 MB globals, 20 P
gc 1573 @6.625s 3%: 0.073+0.34+0.062 ms clock, 1.4+0.37/0.57/0.009+1.2 ms cpu, 4->5->2 MB, 5 MB goal, 0 MB stacks, 0 MB globals, 20 P
gc 1574 @6.626s 3%: 0.070+0.33+0.013 ms clock, 1.4+0.29/0.54/0+0.27 ms cpu, 4->4->2 MB, 5 MB goal, 0 MB stacks, 0 MB globals, 20 P
gc 1575 @6.627s 3%: 0.084+0.48+0.040 ms clock, 1.6+0.37/0.57/0.061+0.81 ms cpu, 3->5->2 MB, 4 MB goal, 0 MB stacks, 0 MB globals, 20 P
gc 1576 @6.629s 3%: 0.059+0.43+0.068 ms clock, 1.1+0.22/0.66/0.006+1.3 ms cpu, 4->5->2 MB, 5 MB goal, 0 MB stacks, 0 MB globals, 20 P
gc 1577 @6.630s 3%: 0.032+0.45+0.045 ms clock, 0.65+0.20/0.61/0.025+0.90 ms cpu, 4->5->2 MB, 5 MB goal, 0 MB stacks, 0 MB globals, 20 P
gc 1578 @6.632s 3%: 0.078+0.23+0.015 ms clock, 1.5+0.32/0.53/0.073+0.30 ms cpu, 4->4->2 MB, 5 MB goal, 0 MB stacks, 0 MB globals, 20 P
gc 1579 @6.633s 3%: 0.075+0.34+0.070 ms clock, 1.5+0.42/0.54/0+1.4 ms cpu, 3->4->2 MB, 4 MB goal, 0 MB stacks, 0 MB globals, 20 P
gc 1580 @6.634s 3%: 0.026+0.64+0.043 ms clock, 0.52+0.16/0.80/0+0.86 ms cpu, 4->5->2 MB, 4 MB goal, 0 MB stacks, 0 MB globals, 20 P
gc 1581 @6.635s 3%: 0.082+0.29+0.071 ms clock, 1.6+0.32/0.64/0+1.4 ms cpu, 4->5->2 MB, 5 MB goal, 0 MB stacks, 0 MB globals, 20 P
gc 1582 @6.637s 3%: 0.079+0.48+0.036 ms clock, 1.5+0.26/0.67/0.004+0.73 ms cpu, 3->4->2 MB, 4 MB goal, 0 MB stacks, 0 MB globals, 20 P
gc 1583 @6.638s 3%: 0.066+0.40+0.060 ms clock, 1.3+0.39/0.67/0.005+1.2 ms cpu, 4->5->2 MB, 5 MB goal, 0 MB stacks, 0 MB globals, 20 P
gc 1584 @6.639s 3%: 0.073+0.47+0.068 ms clock, 1.4+0.37/0.53/0.097+1.3 ms cpu, 4->5->2 MB, 4 MB goal, 0 MB stacks, 0 MB globals, 20 P
gc 1585 @6.640s 3%: 0.066+0.42+0.079 ms clock, 1.3+0.24/0.60/0+1.5 ms cpu, 4->5->2 MB, 5 MB goal, 0 MB stacks, 0 MB globals, 20 P
gc 1586 @6.642s 3%: 0.084+0.63+0.037 ms clock, 1.6+0.29/0.56/0.093+0.75 ms cpu, 4->5->2 MB, 5 MB goal, 0 MB stacks, 0 MB globals, 20 P
gc 1587 @6.643s 3%: 0.073+0.32+0.098 ms clock, 1.4+0.37/0.57/0.001+1.9 ms cpu, 4->5->2 MB, 5 MB goal, 0 MB stacks, 0 MB globals, 20 P
gc 1588 @6.645s 3%: 0.084+0.37+0.070 ms clock, 1.6+0.19/0.68/0.16+1.4 ms cpu, 4->5->2 MB, 4 MB goal, 0 MB stacks, 0 MB globals, 20 P
gc 1589 @6.646s 3%: 0.073+0.42+0.064 ms clock, 1.4+0.35/0.65/0+1.2 ms cpu, 4->5->2 MB, 5 MB goal, 0 MB stacks, 0 MB globals, 20 P
gc 1590 @6.647s 3%: 0.091+0.47+0.069 ms clock, 1.8+0.40/0.53/0.047+1.3 ms cpu, 4->5->2 MB, 5 MB goal, 0 MB stacks, 0 MB globals, 20 P
gc 1591 @6.648s 3%: 0.068+0.42+0.052 ms clock, 1.3+0.20/0.74/0.031+1.0 ms cpu, 4->5->2 MB, 4 MB goal, 0 MB stacks, 0 MB globals, 20 P
gc 1592 @6.650s 3%: 0.095+0.71+0.031 ms clock, 1.9+0.28/0.68/0.007+0.62 ms cpu, 4->5->2 MB, 5 MB goal, 0 MB stacks, 0 MB globals, 20 P
gc 1593 @6.651s 3%: 0.049+0.40+0.044 ms clock, 0.99+0.23/0.66/0+0.89 ms cpu, 4->5->2 MB, 5 MB goal, 0 MB stacks, 0 MB globals, 20 P
gc 1594 @6.653s 3%: 0.040+0.47+0.069 ms clock, 0.80+0.33/0.56/0.001+1.3 ms cpu, 4->5->2 MB, 5 MB goal, 0 MB stacks, 0 MB globals, 20 P
gc 1595 @6.654s 3%: 0.081+0.54+0.048 ms clock, 1.6+0.31/0.65/0.010+0.97 ms cpu, 4->5->2 MB, 5 MB goal, 0 MB stacks, 0 MB globals, 20 P
gc 1596 @6.656s 3%: 0.073+0.57+0.013 ms clock, 1.4+0.35/0.57/0.039+0.27 ms cpu, 4->5->2 MB, 5 MB goal, 0 MB stacks, 0 MB globals, 20 P
gc 1597 @6.657s 3%: 0.049+0.25+0.071 ms clock, 0.98+0.44/0.56/0.075+1.4 ms cpu, 4->5->2 MB, 5 MB goal, 0 MB stacks, 0 MB globals, 20 P
gc 1598 @6.658s 3%: 0.10+0.35+0.071 ms clock, 2.1+0.26/0.68/0.003+1.4 ms cpu, 3->4->2 MB, 4 MB goal, 0 MB stacks, 0 MB globals, 20 P
gc 1599 @6.659s 3%: 0.076+0.38+0.078 ms clock, 1.5+0.33/0.73/0.022+1.5 ms cpu, 4->4->2 MB, 5 MB goal, 0 MB stacks, 0 MB globals, 20 P
gc 1600 @6.661s 3%: 0.057+0.30+0.005 ms clock, 1.1+0.30/0.54/0.083+0.11 ms cpu, 4->4->2 MB, 4 MB goal, 0 MB stacks, 0 MB globals, 20 P
gc 1601 @6.662s 3%: 0.10+0.46+0.061 ms clock, 2.1+0.30/0.54/0.092+1.2 ms cpu, 3->4->2 MB, 4 MB goal, 0 MB stacks, 0 MB globals, 20 P
gc 1602 @6.663s 3%: 0.077+0.58+0.031 ms clock, 1.5+0.22/0.66/0.010+0.62 ms cpu, 4->5->2 MB, 4 MB goal, 0 MB stacks, 0 MB globals, 20 P
gc 1603 @6.664s 3%: 0.039+0.37+0.033 ms clock, 0.79+0.27/0.57/0+0.66 ms cpu, 4->5->2 MB, 5 MB goal, 0 MB stacks, 0 MB globals, 20 P
gc 1604 @6.666s 3%: 0.075+0.39+0.056 ms clock, 1.5+0.32/0.68/0.008+1.1 ms cpu, 4->4->2 MB, 4 MB goal, 0 MB stacks, 0 MB globals, 20 P
gc 1605 @6.667s 3%: 0.11+0.41+0.051 ms clock, 2.2+0.32/0.60/0.068+1.0 ms cpu, 4->5->2 MB, 4 MB goal, 0 MB stacks, 0 MB globals, 20 P
gc 1606 @6.668s 3%: 0.071+0.40+0.037 ms clock, 1.4+0.30/0.61/0.095+0.74 ms cpu, 4->5->2 MB, 4 MB goal, 0 MB stacks, 0 MB globals, 20 P
gc 1607 @6.670s 3%: 0.10+0.54+0.064 ms clock, 2.1+0.25/0.60/0.027+1.2 ms cpu, 4->5->2 MB, 5 MB goal, 0 MB stacks, 0 MB globals, 20 P
gc 1608 @6.671s 3%: 0.033+0.31+0.059 ms clock, 0.66+0.17/0.70/0.001+1.1 ms cpu, 4->5->2 MB, 5 MB goal, 0 MB stacks, 0 MB globals, 20 P
gc 1609 @6.673s 3%: 0.023+0.33+0.060 ms clock, 0.47+0.23/0.58/0.083+1.2 ms cpu, 4->4->2 MB, 4 MB goal, 0 MB stacks, 0 MB globals, 20 P
gc 1610 @6.674s 3%: 0.083+0.30+0.074 ms clock, 1.6+0.24/0.66/0.16+1.4 ms cpu, 3->4->2 MB, 4 MB goal, 0 MB stacks, 0 MB globals, 20 P
gc 1611 @6.675s 3%: 0.22+0.38+0.053 ms clock, 4.4+0.36/0.63/0+1.0 ms cpu, 3->4->2 MB, 4 MB goal, 0 MB stacks, 0 MB globals, 20 P
gc 1612 @6.676s 3%: 0.057+0.36+0.065 ms clock, 1.1+0.40/0.60/0+1.3 ms cpu, 4->5->2 MB, 5 MB goal, 0 MB stacks, 0 MB globals, 20 P
gc 1613 @6.677s 3%: 0.051+0.37+0.004 ms clock, 1.0+0.24/0.53/0.077+0.087 ms cpu, 4->4->2 MB, 4 MB goal, 0 MB stacks, 0 MB globals, 20 P
gc 1614 @6.679s 3%: 0.048+0.39+0.064 ms clock, 0.97+0.26/0.57/0.031+1.2 ms cpu, 3->4->2 MB, 4 MB goal, 0 MB stacks, 0 MB globals, 20 P
gc 1615 @6.680s 3%: 0.076+0.32+0.070 ms clock, 1.5+0.39/0.59/0+1.4 ms cpu, 4->4->2 MB, 4 MB goal, 0 MB stacks, 0 MB globals, 20 P
gc 1616 @6.681s 3%: 0.084+0.43+0.068 ms clock, 1.6+0.40/0.54/0.009+1.3 ms cpu, 4->5->2 MB, 4 MB goal, 0 MB stacks, 0 MB globals, 20 P
gc 1617 @6.683s 3%: 0.076+0.61+0.079 ms clock, 1.5+0.25/0.74/0.008+1.5 ms cpu, 4->5->2 MB, 5 MB goal, 0 MB stacks, 0 MB globals, 20 P
gc 1618 @6.684s 3%: 0.071+0.34+0.051 ms clock, 1.4+0.27/0.60/0+1.0 ms cpu, 4->5->2 MB, 5 MB goal, 0 MB stacks, 0 MB globals, 20 P
gc 1619 @6.686s 3%: 0.078+0.37+0.13 ms clock, 1.5+0.36/0.61/0+2.6 ms cpu, 4->5->2 MB, 4 MB goal, 0 MB stacks, 0 MB globals, 20 P
gc 1620 @6.687s 3%: 0.097+0.41+0.045 ms clock, 1.9+0.35/0.68/0.034+0.90 ms cpu, 4->4->2 MB, 4 MB goal, 0 MB stacks, 0 MB globals, 20 P
gc 1621 @6.688s 3%: 0.072+0.47+0.066 ms clock, 1.4+0.33/0.61/0.036+1.3 ms cpu, 4->4->2 MB, 4 MB goal, 0 MB stacks, 0 MB globals, 20 P
gc 1622 @6.689s 3%: 0.035+0.40+0.080 ms clock, 0.70+0.19/0.53/0.25+1.6 ms cpu, 4->5->2 MB, 5 MB goal, 0 MB stacks, 0 MB globals, 20 P
gc 1623 @6.691s 3%: 0.071+0.47+0.071 ms clock, 1.4+0.26/0.55/0+1.4 ms cpu, 4->5->2 MB, 4 MB goal, 0 MB stacks, 0 MB globals, 20 P
gc 1624 @6.692s 3%: 0.059+0.45+0.069 ms clock, 1.1+0.36/0.66/0.007+1.3 ms cpu, 4->5->2 MB, 4 MB goal, 0 MB stacks, 0 MB globals, 20 P
gc 1625 @6.694s 3%: 0.090+0.41+0.068 ms clock, 1.8+0.39/0.51/0.024+1.3 ms cpu, 4->5->2 MB, 5 MB goal, 0 MB stacks, 0 MB globals, 20 P
gc 1626 @6.695s 3%: 0.062+0.33+0.053 ms clock, 1.2+0.31/0.63/0+1.0 ms cpu, 4->5->2 MB, 5 MB goal, 0 MB stacks, 0 MB globals, 20 P
gc 1627 @6.696s 3%: 0.053+0.52+0.036 ms clock, 1.0+0.27/0.67/0+0.72 ms cpu, 4->5->2 MB, 4 MB goal, 0 MB stacks, 0 MB globals, 20 P
gc 1628 @6.698s 3%: 0.053+0.34+0.066 ms clock, 1.0+0.38/0.59/0.026+1.3 ms cpu, 4->5->2 MB, 5 MB goal, 0 MB stacks, 0 MB globals, 20 P
gc 1629 @6.699s 3%: 0.082+0.38+0.004 ms clock, 1.6+0.36/0.62/0.006+0.085 ms cpu, 3->4->2 MB, 4 MB goal, 0 MB stacks, 0 MB globals, 20 P
gc 1630 @6.700s 3%: 0.076+0.43+0.019 ms clock, 1.5+0.35/0.63/0+0.38 ms cpu, 4->4->2 MB, 4 MB goal, 0 MB stacks, 0 MB globals, 20 P
gc 1631 @6.701s 3%: 0.060+0.42+0.014 ms clock, 1.2+0.24/0.68/0+0.28 ms cpu, 4->5->2 MB, 4 MB goal, 0 MB stacks, 0 MB globals, 20 P
gc 1632 @6.702s 3%: 0.078+0.47+0.063 ms clock, 1.5+0.42/0.66/0+1.2 ms cpu, 4->5->2 MB, 4 MB goal, 0 MB stacks, 0 MB globals, 20 P
gc 1633 @6.704s 3%: 0.064+0.23+0.062 ms clock, 1.2+0.37/0.53/0.049+1.2 ms cpu, 4->4->1 MB, 5 MB goal, 0 MB stacks, 0 MB globals, 20 P
gc 1634 @6.705s 3%: 0.057+0.51+0.035 ms clock, 1.1+0.37/0.56/0+0.70 ms cpu, 3->4->2 MB, 4 MB goal, 0 MB stacks, 0 MB globals, 20 P
gc 1635 @6.706s 3%: 0.031+0.36+0.039 ms clock, 0.63+0.37/0.59/0.017+0.78 ms cpu, 4->5->2 MB, 5 MB goal, 0 MB stacks, 0 MB globals, 20 P
gc 1636 @6.707s 3%: 0.053+0.73+0.028 ms clock, 1.0+0.29/0.53/0.042+0.57 ms cpu, 4->5->2 MB, 4 MB goal, 0 MB stacks, 0 MB globals, 20 P
gc 1637 @6.709s 3%: 0.074+0.31+0.073 ms clock, 1.4+0.38/0.59/0.007+1.4 ms cpu, 4->5->2 MB, 5 MB goal, 0 MB stacks, 0 MB globals, 20 P
gc 1638 @6.710s 3%: 0.075+0.23+0.065 ms clock, 1.5+0.36/0.60/0.002+1.3 ms cpu, 4->4->1 MB, 5 MB goal, 0 MB stacks, 0 MB globals, 20 P
gc 1639 @6.711s 3%: 0.055+0.27+0.082 ms clock, 1.1+0.40/0.58/0+1.6 ms cpu, 3->4->2 MB, 4 MB goal, 0 MB stacks, 0 MB globals, 20 P
gc 1640 @6.712s 3%: 0.028+0.44+0.078 ms clock, 0.56+0.29/0.56/0+1.5 ms cpu, 4->4->2 MB, 4 MB goal, 0 MB stacks, 0 MB globals, 20 P
gc 1641 @6.713s 3%: 0.084+0.37+0.054 ms clock, 1.6+0.34/0.59/0.044+1.0 ms cpu, 4->5->2 MB, 5 MB goal, 0 MB stacks, 0 MB globals, 20 P
gc 1642 @6.714s 3%: 0.067+0.40+0.041 ms clock, 1.3+0.40/0.54/0.020+0.82 ms cpu, 4->5->2 MB, 4 MB goal, 0 MB stacks, 0 MB globals, 20 P
gc 1643 @6.716s 3%: 0.092+0.30+0.11 ms clock, 1.8+0.22/0.70/0.008+2.2 ms cpu, 4->5->2 MB, 5 MB goal, 0 MB stacks, 0 MB globals, 20 P
gc 1644 @6.717s 3%: 0.070+0.29+0.073 ms clock, 1.4+0.30/0.55/0.019+1.4 ms cpu, 4->4->2 MB, 5 MB goal, 0 MB stacks, 0 MB globals, 20 P
gc 1645 @6.718s 3%: 0.069+0.49+0.075 ms clock, 1.3+0.35/0.58/0.017+1.5 ms cpu, 4->5->2 MB, 4 MB goal, 0 MB stacks, 0 MB globals, 20 P
gc 1646 @6.719s 3%: 0.045+0.30+0.077 ms clock, 0.90+0.34/0.59/0.008+1.5 ms cpu, 4->4->2 MB, 5 MB goal, 0 MB stacks, 0 MB globals, 20 P
gc 1647 @6.720s 3%: 0.070+0.25+0.069 ms clock, 1.4+0.33/0.61/0.001+1.3 ms cpu, 3->4->2 MB, 4 MB goal, 0 MB stacks, 0 MB globals, 20 P
gc 1648 @6.721s 3%: 0.072+0.43+0.079 ms clock, 1.4+0.52/0.65/0.036+1.5 ms cpu, 3->4->2 MB, 4 MB goal, 0 MB stacks, 0 MB globals, 20 P
gc 1649 @6.723s 3%: 0.078+0.37+0.077 ms clock, 1.5+0.33/0.67/0+1.5 ms cpu, 4->5->2 MB, 5 MB goal, 0 MB stacks, 0 MB globals, 20 P
gc 1650 @6.724s 3%: 0.062+0.42+0.086 ms clock, 1.2+0.25/0.60/0.040+1.7 ms cpu, 4->5->2 MB, 5 MB goal, 0 MB stacks, 0 MB globals, 20 P
gc 1651 @6.725s 3%: 0.069+0.33+0.030 ms clock, 1.3+0.31/0.61/0.055+0.61 ms cpu, 4->5->2 MB, 5 MB goal, 0 MB stacks, 0 MB globals, 20 P
gc 1652 @6.727s 3%: 0.048+0.41+0.018 ms clock, 0.96+0.32/0.55/0.094+0.36 ms cpu, 4->5->2 MB, 4 MB goal, 0 MB stacks, 0 MB globals, 20 P
gc 1653 @6.728s 3%: 0.069+0.34+0.065 ms clock, 1.3+0.42/0.58/0.029+1.3 ms cpu, 4->4->2 MB, 5 MB goal, 0 MB stacks, 0 MB globals, 20 P
gc 1654 @6.729s 3%: 0.052+0.38+0.069 ms clock, 1.0+0.39/0.59/0+1.3 ms cpu, 4->5->2 MB, 4 MB goal, 0 MB stacks, 0 MB globals, 20 P
gc 1655 @6.730s 3%: 0.062+0.39+0.054 ms clock, 1.2+0.37/0.57/0.033+1.0 ms cpu, 4->5->2 MB, 5 MB goal, 0 MB stacks, 0 MB globals, 20 P
gc 1656 @6.732s 3%: 0.067+0.40+0.068 ms clock, 1.3+0.35/0.64/0.002+1.3 ms cpu, 4->5->2 MB, 5 MB goal, 0 MB stacks, 0 MB globals, 20 P
gc 1657 @6.733s 3%: 0.056+0.35+0.091 ms clock, 1.1+0.29/0.56/0.065+1.8 ms cpu, 4->5->2 MB, 5 MB goal, 0 MB stacks, 0 MB globals, 20 P
gc 1658 @6.734s 3%: 0.048+0.44+0.014 ms clock, 0.97+0.43/0.73/0.023+0.29 ms cpu, 4->5->2 MB, 4 MB goal, 0 MB stacks, 0 MB globals, 20 P
gc 1659 @6.736s 3%: 0.078+0.42+0.044 ms clock, 1.5+0.27/0.65/0.042+0.88 ms cpu, 4->5->2 MB, 5 MB goal, 0 MB stacks, 0 MB globals, 20 P
gc 1660 @6.737s 3%: 0.058+0.47+0.063 ms clock, 1.1+0.32/0.61/0+1.2 ms cpu, 4->5->2 MB, 5 MB goal, 0 MB stacks, 0 MB globals, 20 P
gc 1661 @6.739s 3%: 0.085+0.41+0.050 ms clock, 1.7+0.38/0.64/0.001+1.0 ms cpu, 4->6->2 MB, 5 MB goal, 0 MB stacks, 0 MB globals, 20 P
gc 1662 @6.741s 3%: 0.075+0.34+0.058 ms clock, 1.5+0.29/0.66/0+1.1 ms cpu, 4->5->2 MB, 5 MB goal, 0 MB stacks, 0 MB globals, 20 P
gc 1663 @6.742s 3%: 0.099+0.49+0.086 ms clock, 1.9+0.31/0.68/0.020+1.7 ms cpu, 4->4->2 MB, 5 MB goal, 0 MB stacks, 0 MB globals, 20 P
gc 1664 @6.743s 3%: 0.070+0.36+0.11 ms clock, 1.4+0.30/0.58/0.030+2.2 ms cpu, 4->4->2 MB, 4 MB goal, 0 MB stacks, 0 MB globals, 20 P
gc 1665 @6.744s 3%: 0.071+0.48+0.052 ms clock, 1.4+0.31/0.64/0.028+1.0 ms cpu, 3->4->2 MB, 4 MB goal, 0 MB stacks, 0 MB globals, 20 P
gc 1666 @6.745s 3%: 0.060+0.49+0.072 ms clock, 1.2+0.34/0.69/0+1.4 ms cpu, 4->5->2 MB, 4 MB goal, 0 MB stacks, 0 MB globals, 20 P
gc 1667 @6.747s 3%: 0.073+0.31+0.068 ms clock, 1.4+0.38/0.63/0.005+1.3 ms cpu, 4->5->2 MB, 5 MB goal, 0 MB stacks, 0 MB globals, 20 P
gc 1668 @6.748s 3%: 0.075+0.34+0.049 ms clock, 1.5+0.30/0.63/0.005+0.98 ms cpu, 4->4->2 MB, 4 MB goal, 0 MB stacks, 0 MB globals, 20 P
gc 1669 @6.749s 3%: 0.072+0.38+0.066 ms clock, 1.4+0.31/0.71/0.056+1.3 ms cpu, 4->5->2 MB, 4 MB goal, 0 MB stacks, 0 MB globals, 20 P
gc 1670 @6.751s 3%: 0.056+0.32+0.055 ms clock, 1.1+0.23/0.62/0.004+1.1 ms cpu, 4->4->2 MB, 5 MB goal, 0 MB stacks, 0 MB globals, 20 P
gc 1671 @6.752s 3%: 0.080+0.45+0.023 ms clock, 1.6+0.34/0.66/0.015+0.46 ms cpu, 4->4->2 MB, 4 MB goal, 0 MB stacks, 0 MB globals, 20 P
gc 1672 @6.753s 3%: 0.067+0.50+0.009 ms clock, 1.3+0.43/0.60/0+0.18 ms cpu, 4->5->2 MB, 5 MB goal, 0 MB stacks, 0 MB globals, 20 P
gc 1673 @6.755s 3%: 0.048+0.45+0.028 ms clock, 0.96+0.25/0.50/0.068+0.57 ms cpu, 4->5->2 MB, 5 MB goal, 0 MB stacks, 0 MB globals, 20 P
gc 1674 @6.756s 3%: 0.093+0.46+0.067 ms clock, 1.8+0.27/0.63/0+1.3 ms cpu, 4->5->2 MB, 5 MB goal, 0 MB stacks, 0 MB globals, 20 P
gc 1675 @6.757s 3%: 0.082+0.39+0.025 ms clock, 1.6+0.32/0.65/0.001+0.51 ms cpu, 4->5->2 MB, 5 MB goal, 0 MB stacks, 0 MB globals, 20 P
gc 1676 @6.759s 3%: 0.063+0.43+0.012 ms clock, 1.2+0.32/0.65/0.062+0.25 ms cpu, 4->5->2 MB, 4 MB goal, 0 MB stacks, 0 MB globals, 20 P
gc 1677 @6.760s 3%: 0.073+0.40+0.039 ms clock, 1.4+0.35/0.58/0.009+0.78 ms cpu, 4->5->2 MB, 5 MB goal, 0 MB stacks, 0 MB globals, 20 P
gc 1678 @6.761s 3%: 0.081+0.28+0.058 ms clock, 1.6+0.35/0.52/0.051+1.1 ms cpu, 4->5->2 MB, 5 MB goal, 0 MB stacks, 0 MB globals, 20 P
gc 1679 @6.762s 3%: 0.037+0.34+0.058 ms clock, 0.74+0.26/0.55/0.069+1.1 ms cpu, 4->4->2 MB, 4 MB goal, 0 MB stacks, 0 MB globals, 20 P
gc 1680 @6.763s 3%: 0.070+0.49+0.079 ms clock, 1.4+0.35/0.58/0.009+1.5 ms cpu, 3->5->2 MB, 4 MB goal, 0 MB stacks, 0 MB globals, 20 P
gc 1681 @6.765s 3%: 0.069+0.44+0.069 ms clock, 1.3+0.31/0.60/0.032+1.3 ms cpu, 4->5->2 MB, 5 MB goal, 0 MB stacks, 0 MB globals, 20 P
gc 1682 @6.766s 3%: 0.035+0.36+0.057 ms clock, 0.70+0.25/0.66/0+1.1 ms cpu, 4->5->2 MB, 5 MB goal, 0 MB stacks, 0 MB globals, 20 P
gc 1683 @6.767s 3%: 0.086+0.52+0.069 ms clock, 1.7+0.33/0.58/0.002+1.3 ms cpu, 4->5->2 MB, 4 MB goal, 0 MB stacks, 0 MB globals, 20 P
gc 1684 @6.768s 3%: 0.076+0.30+0.069 ms clock, 1.5+0.17/0.60/0+1.3 ms cpu, 4->5->2 MB, 5 MB goal, 0 MB stacks, 0 MB globals, 20 P
gc 1685 @6.769s 3%: 0.058+0.52+0.062 ms clock, 1.1+0.25/0.53/0.064+1.2 ms cpu, 4->5->2 MB, 4 MB goal, 0 MB stacks, 0 MB globals, 20 P
gc 1686 @6.771s 3%: 0.072+0.26+0.019 ms clock, 1.4+0.32/0.58/0.012+0.39 ms cpu, 4->5->2 MB, 5 MB goal, 0 MB stacks, 0 MB globals, 20 P
gc 1687 @6.772s 3%: 0.065+0.39+0.034 ms clock, 1.3+0.19/0.67/0.005+0.69 ms cpu, 3->4->2 MB, 4 MB goal, 0 MB stacks, 0 MB globals, 20 P
gc 1688 @6.773s 3%: 0.078+0.42+0.003 ms clock, 1.5+0.24/0.62/0.005+0.078 ms cpu, 4->5->2 MB, 5 MB goal, 0 MB stacks, 0 MB globals, 20 P
gc 1689 @6.774s 3%: 0.071+0.52+0.033 ms clock, 1.4+0.33/0.66/0.022+0.66 ms cpu, 3->5->2 MB, 4 MB goal, 0 MB stacks, 0 MB globals, 20 P
gc 1690 @6.776s 3%: 0.068+0.44+0.055 ms clock, 1.3+0.30/0.66/0+1.1 ms cpu, 4->5->2 MB, 5 MB goal, 0 MB stacks, 0 MB globals, 20 P
gc 1691 @6.777s 3%: 0.068+0.36+0.050 ms clock, 1.3+0.27/0.70/0.036+1.0 ms cpu, 4->5->2 MB, 5 MB goal, 0 MB stacks, 0 MB globals, 20 P
gc 1692 @6.778s 3%: 0.044+0.25+0.062 ms clock, 0.88+0.34/0.63/0.025+1.2 ms cpu, 4->4->2 MB, 4 MB goal, 0 MB stacks, 0 MB globals, 20 P
gc 1693 @6.779s 3%: 0.082+0.35+0.042 ms clock, 1.6+0.42/0.51/0.017+0.85 ms cpu, 3->4->2 MB, 4 MB goal, 0 MB stacks, 0 MB globals, 20 P
gc 1694 @6.780s 3%: 0.063+0.35+0.061 ms clock, 1.2+0.29/0.68/0.035+1.2 ms cpu, 4->5->2 MB, 5 MB goal, 0 MB stacks, 0 MB globals, 20 P
gc 1695 @6.781s 3%: 0.081+0.53+0.019 ms clock, 1.6+0.30/0.57/0.052+0.39 ms cpu, 4->5->2 MB, 5 MB goal, 0 MB stacks, 0 MB globals, 20 P
gc 1696 @6.783s 3%: 0.033+0.48+0.043 ms clock, 0.67+0.29/0.67/0.053+0.87 ms cpu, 4->5->2 MB, 5 MB goal, 0 MB stacks, 0 MB globals, 20 P
gc 1697 @6.784s 3%: 0.051+0.40+0.044 ms clock, 1.0+0.18/0.69/0.004+0.88 ms cpu, 4->5->2 MB, 4 MB goal, 0 MB stacks, 0 MB globals, 20 P
gc 1698 @6.785s 3%: 0.049+0.32+0.061 ms clock, 0.98+0.28/0.68/0+1.2 ms cpu, 4->5->2 MB, 5 MB goal, 0 MB stacks, 0 MB globals, 20 P
gc 1699 @6.787s 3%: 0.071+0.36+0.082 ms clock, 1.4+0.34/0.70/0.001+1.6 ms cpu, 4->5->2 MB, 5 MB goal, 0 MB stacks, 0 MB globals, 20 P
gc 1700 @6.788s 3%: 0.079+0.42+0.032 ms clock, 1.5+0.37/0.63/0.028+0.64 ms cpu, 4->5->2 MB, 4 MB goal, 0 MB stacks, 0 MB globals, 20 P
gc 1701 @6.790s 3%: 0.072+0.38+0.052 ms clock, 1.4+0.27/0.63/0+1.0 ms cpu, 4->5->2 MB, 5 MB goal, 0 MB stacks, 0 MB globals, 20 P
gc 1702 @6.791s 3%: 0.080+0.46+0.065 ms clock, 1.6+0.28/0.70/0.004+1.3 ms cpu, 4->5->2 MB, 5 MB goal, 0 MB stacks, 0 MB globals, 20 P
gc 1703 @6.792s 3%: 0.075+0.32+0.059 ms clock, 1.5+0.34/0.68/0.042+1.1 ms cpu, 4->5->2 MB, 5 MB goal, 0 MB stacks, 0 MB globals, 20 P
gc 1704 @6.793s 3%: 0.068+0.43+0.074 ms clock, 1.3+0.35/0.63/0.032+1.4 ms cpu, 4->5->2 MB, 4 MB goal, 0 MB stacks, 0 MB globals, 20 P
gc 1705 @6.795s 3%: 0.047+0.30+0.054 ms clock, 0.94+0.45/0.56/0.057+1.0 ms cpu, 4->5->2 MB, 5 MB goal, 0 MB stacks, 0 MB globals, 20 P
gc 1706 @6.796s 3%: 0.068+0.29+0.077 ms clock, 1.3+0.31/0.61/0.017+1.5 ms cpu, 4->4->2 MB, 4 MB goal, 0 MB stacks, 0 MB globals, 20 P
gc 1707 @6.797s 3%: 0.072+0.35+0.055 ms clock, 1.4+0.39/0.66/0.003+1.1 ms cpu, 3->4->2 MB, 4 MB goal, 0 MB stacks, 0 MB globals, 20 P
gc 1708 @6.798s 3%: 0.063+0.38+0.060 ms clock, 1.2+0.30/0.63/0+1.2 ms cpu, 4->5->2 MB, 4 MB goal, 0 MB stacks, 0 MB globals, 20 P
gc 1709 @6.800s 3%: 0.065+0.44+0.099 ms clock, 1.3+0.47/0.64/0.017+1.9 ms cpu, 4->5->2 MB, 4 MB goal, 0 MB stacks, 0 MB globals, 20 P
gc 1710 @6.801s 3%: 0.064+0.23+0.061 ms clock, 1.2+0.40/0.59/0.001+1.2 ms cpu, 4->4->2 MB, 5 MB goal, 0 MB stacks, 0 MB globals, 20 P
gc 1711 @6.802s 3%: 0.068+0.49+0.049 ms clock, 1.3+0.49/0.69/0+0.99 ms cpu, 3->4->2 MB, 4 MB goal, 0 MB stacks, 0 MB globals, 20 P
gc 1712 @6.803s 3%: 0.050+0.50+0.061 ms clock, 1.0+0.28/0.71/0.001+1.2 ms cpu, 4->5->2 MB, 5 MB goal, 0 MB stacks, 0 MB globals, 20 P
gc 1713 @6.805s 3%: 0.058+0.39+0.050 ms clock, 1.1+0.25/0.73/0.008+1.0 ms cpu, 4->5->2 MB, 5 MB goal, 0 MB stacks, 0 MB globals, 20 P
gc 1714 @6.806s 3%: 0.059+0.66+0.055 ms clock, 1.1+0.26/0.57/0.041+1.1 ms cpu, 4->5->2 MB, 5 MB goal, 0 MB stacks, 0 MB globals, 20 P
gc 1715 @6.808s 3%: 0.095+0.33+0.018 ms clock, 1.9+0.31/0.65/0.002+0.37 ms cpu, 4->5->2 MB, 5 MB goal, 0 MB stacks, 0 MB globals, 20 P
gc 1716 @6.809s 3%: 0.070+0.43+0.090 ms clock, 1.4+0.37/0.70/0+1.8 ms cpu, 4->5->2 MB, 4 MB goal, 0 MB stacks, 0 MB globals, 20 P
gc 1717 @6.811s 3%: 0.054+0.41+0.054 ms clock, 1.0+0.38/0.70/0.016+1.0 ms cpu, 4->5->2 MB, 4 MB goal, 0 MB stacks, 0 MB globals, 20 P
gc 1718 @6.812s 3%: 0.040+0.42+0.074 ms clock, 0.80+0.25/0.78/0+1.4 ms cpu, 4->4->2 MB, 4 MB goal, 0 MB stacks, 0 MB globals, 20 P
gc 1719 @6.813s 3%: 0.071+0.34+0.10 ms clock, 1.4+0.51/0.66/0+2.1 ms cpu, 4->5->2 MB, 5 MB goal, 0 MB stacks, 0 MB globals, 20 P
gc 1720 @6.814s 3%: 0.046+0.49+0.042 ms clock, 0.93+0.36/0.60/0.047+0.85 ms cpu, 4->5->2 MB, 4 MB goal, 0 MB stacks, 0 MB globals, 20 P
gc 1721 @6.816s 3%: 0.076+0.50+0.017 ms clock, 1.5+0.33/0.57/0.047+0.34 ms cpu, 4->5->2 MB, 5 MB goal, 0 MB stacks, 0 MB globals, 20 P
gc 1722 @6.817s 3%: 0.026+0.26+0.077 ms clock, 0.52+0.24/0.60/0.046+1.5 ms cpu, 4->5->2 MB, 5 MB goal, 0 MB stacks, 0 MB globals, 20 P
gc 1723 @6.818s 3%: 0.056+0.38+0.016 ms clock, 1.1+0.35/0.52/0.037+0.33 ms cpu, 3->4->2 MB, 4 MB goal, 0 MB stacks, 0 MB globals, 20 P
gc 1724 @6.820s 3%: 0.067+0.35+0.078 ms clock, 1.3+0.30/0.78/0.001+1.5 ms cpu, 3->4->2 MB, 4 MB goal, 0 MB stacks, 0 MB globals, 20 P
gc 1725 @6.821s 3%: 0.070+0.51+0.070 ms clock, 1.4+0.22/0.67/0+1.4 ms cpu, 4->5->2 MB, 5 MB goal, 0 MB stacks, 0 MB globals, 20 P
gc 1726 @6.822s 3%: 0.083+0.39+0.043 ms clock, 1.6+0.25/0.69/0+0.87 ms cpu, 3->4->2 MB, 4 MB goal, 0 MB stacks, 0 MB globals, 20 P
gc 1727 @6.823s 3%: 0.083+0.39+0.009 ms clock, 1.6+0.48/0.61/0+0.19 ms cpu, 3->4->2 MB, 4 MB goal, 0 MB stacks, 0 MB globals, 20 P
gc 1728 @6.825s 3%: 0.10+0.42+0.066 ms clock, 2.0+0.36/0.59/0.026+1.3 ms cpu, 4->4->2 MB, 4 MB goal, 0 MB stacks, 0 MB globals, 20 P
gc 1729 @6.826s 3%: 0.066+0.38+0.025 ms clock, 1.3+0.42/0.50/0+0.50 ms cpu, 4->5->2 MB, 5 MB goal, 0 MB stacks, 0 MB globals, 20 P
gc 1730 @6.827s 3%: 0.068+0.37+0.027 ms clock, 1.3+0.29/0.52/0.059+0.55 ms cpu, 4->5->2 MB, 5 MB goal, 0 MB stacks, 0 MB globals, 20 P
gc 1731 @6.829s 3%: 0.069+0.53+0.072 ms clock, 1.3+0.36/0.70/0.001+1.4 ms cpu, 4->5->2 MB, 4 MB goal, 0 MB stacks, 0 MB globals, 20 P
gc 1732 @6.830s 3%: 0.070+0.27+0.044 ms clock, 1.4+0.32/0.54/0.014+0.89 ms cpu, 4->5->2 MB, 5 MB goal, 0 MB stacks, 0 MB globals, 20 P
gc 1733 @6.831s 3%: 0.079+0.40+0.026 ms clock, 1.5+0.20/0.70/0.097+0.52 ms cpu, 3->4->2 MB, 4 MB goal, 0 MB stacks, 0 MB globals, 20 P
gc 1734 @6.832s 3%: 0.071+0.49+0.018 ms clock, 1.4+0.30/0.69/0.074+0.36 ms cpu, 4->5->2 MB, 4 MB goal, 0 MB stacks, 0 MB globals, 20 P
gc 1735 @6.834s 3%: 0.087+0.48+0.008 ms clock, 1.7+0.29/0.63/0.017+0.17 ms cpu, 4->5->2 MB, 5 MB goal, 0 MB stacks, 0 MB globals, 20 P
gc 1736 @6.835s 3%: 0.060+0.31+0.071 ms clock, 1.2+0.38/0.57/0.066+1.4 ms cpu, 4->5->2 MB, 5 MB goal, 0 MB stacks, 0 MB globals, 20 P
gc 1737 @6.836s 3%: 0.058+0.42+0.052 ms clock, 1.1+0.20/0.65/0.022+1.0 ms cpu, 3->4->2 MB, 4 MB goal, 0 MB stacks, 0 MB globals, 20 P
gc 1738 @6.838s 3%: 0.049+0.37+0.058 ms clock, 0.99+0.42/0.84/0+1.1 ms cpu, 3->4->2 MB, 4 MB goal, 0 MB stacks, 0 MB globals, 20 P
gc 1739 @6.839s 3%: 0.077+0.47+0.023 ms clock, 1.5+0.32/0.59/0.028+0.46 ms cpu, 4->5->2 MB, 4 MB goal, 0 MB stacks, 0 MB globals, 20 P
gc 1740 @6.841s 3%: 0.026+0.50+0.069 ms clock, 0.52+0.23/0.63/0+1.3 ms cpu, 4->5->2 MB, 5 MB goal, 0 MB stacks, 0 MB globals, 20 P
gc 1741 @6.842s 3%: 0.032+0.34+0.067 ms clock, 0.65+0.23/0.61/0+1.3 ms cpu, 4->5->2 MB, 5 MB goal, 0 MB stacks, 0 MB globals, 20 P
gc 1742 @6.843s 3%: 0.068+0.30+0.017 ms clock, 1.3+0.37/0.57/0+0.35 ms cpu, 4->4->2 MB, 4 MB goal, 0 MB stacks, 0 MB globals, 20 P
gc 1743 @6.844s 3%: 0.059+0.52+0.089 ms clock, 1.1+0.26/0.78/0.036+1.7 ms cpu, 3->4->2 MB, 4 MB goal, 0 MB stacks, 0 MB globals, 20 P
gc 1744 @6.846s 3%: 0.065+0.55+0.046 ms clock, 1.3+0.13/0.68/0.025+0.92 ms cpu, 4->5->2 MB, 5 MB goal, 0 MB stacks, 0 MB globals, 20 P
gc 1745 @6.847s 3%: 0.039+0.37+0.11 ms clock, 0.79+0.29/0.66/0.018+2.2 ms cpu, 4->5->2 MB, 5 MB goal, 0 MB stacks, 0 MB globals, 20 P
gc 1746 @6.848s 3%: 0.036+0.32+0.008 ms clock, 0.72+0.19/0.57/0+0.17 ms cpu, 4->4->2 MB, 4 MB goal, 0 MB stacks, 0 MB globals, 20 P
gc 1747 @6.849s 3%: 0.050+0.45+0.071 ms clock, 1.0+0.29/0.64/0.013+1.4 ms cpu, 3->5->2 MB, 4 MB goal, 0 MB stacks, 0 MB globals, 20 P
gc 1748 @6.850s 3%: 0.051+0.31+0.074 ms clock, 1.0+0.28/0.59/0.053+1.4 ms cpu, 4->4->2 MB, 5 MB goal, 0 MB stacks, 0 MB globals, 20 P
gc 1749 @6.851s 3%: 0.087+0.43+0.043 ms clock, 1.7+0.33/0.54/0.11+0.87 ms cpu, 3->4->2 MB, 4 MB goal, 0 MB stacks, 0 MB globals, 20 P
gc 1750 @6.853s 3%: 0.059+0.49+0.067 ms clock, 1.1+0.23/0.60/0.016+1.3 ms cpu, 4->5->2 MB, 5 MB goal, 0 MB stacks, 0 MB globals, 20 P
gc 1751 @6.854s 3%: 0.097+0.38+0.029 ms clock, 1.9+0.29/0.72/0.001+0.59 ms cpu, 4->5->2 MB, 5 MB goal, 0 MB stacks, 0 MB globals, 20 P
gc 1752 @6.855s 3%: 0.055+0.38+0.063 ms clock, 1.1+0.21/0.61/0+1.2 ms cpu, 4->5->2 MB, 4 MB goal, 0 MB stacks, 0 MB globals, 20 P
gc 1753 @6.857s 3%: 0.070+0.30+0.079 ms clock, 1.4+0.31/0.57/0.039+1.5 ms cpu, 4->5->2 MB, 5 MB goal, 0 MB stacks, 0 MB globals, 20 P
gc 1754 @6.858s 3%: 0.11+0.53+0.018 ms clock, 2.3+0.29/0.67/0.014+0.36 ms cpu, 3->5->2 MB, 4 MB goal, 0 MB stacks, 0 MB globals, 20 P
gc 1755 @6.859s 3%: 0.058+0.55+0.070 ms clock, 1.1+0.25/0.62/0.012+1.4 ms cpu, 4->5->2 MB, 5 MB goal, 0 MB stacks, 0 MB globals, 20 P
gc 1756 @6.861s 3%: 0.062+0.30+0.060 ms clock, 1.2+0.28/0.60/0.029+1.2 ms cpu, 4->5->2 MB, 5 MB goal, 0 MB stacks, 0 MB globals, 20 P
gc 1757 @6.862s 3%: 0.074+0.46+0.063 ms clock, 1.4+0.24/1.0/0+1.2 ms cpu, 4->5->2 MB, 4 MB goal, 0 MB stacks, 0 MB globals, 20 P
gc 1758 @6.864s 3%: 0.042+0.39+0.051 ms clock, 0.85+0.21/0.59/0.088+1.0 ms cpu, 4->5->2 MB, 5 MB goal, 0 MB stacks, 0 MB globals, 20 P
gc 1759 @6.865s 3%: 0.058+0.43+0.061 ms clock, 1.1+0.44/0.69/0.026+1.2 ms cpu, 4->5->2 MB, 5 MB goal, 0 MB stacks, 0 MB globals, 20 P
gc 1760 @6.867s 3%: 0.058+0.43+0.058 ms clock, 1.1+0.40/0.60/0.031+1.1 ms cpu, 4->5->2 MB, 5 MB goal, 0 MB stacks, 0 MB globals, 20 P
gc 1761 @6.868s 3%: 0.066+0.38+0.067 ms clock, 1.3+0.19/0.65/0+1.3 ms cpu, 4->5->2 MB, 5 MB goal, 0 MB stacks, 0 MB globals, 20 P
gc 1762 @6.870s 3%: 0.036+0.47+0.065 ms clock, 0.72+0.31/0.81/0.012+1.3 ms cpu, 4->5->2 MB, 4 MB goal, 0 MB stacks, 0 MB globals, 20 P
gc 1763 @6.871s 3%: 0.059+0.36+0.074 ms clock, 1.1+0.29/0.78/0.023+1.4 ms cpu, 4->4->2 MB, 4 MB goal, 0 MB stacks, 0 MB globals, 20 P
gc 1764 @6.872s 3%: 0.059+0.38+0.065 ms clock, 1.1+0.23/0.67/0.052+1.3 ms cpu, 3->4->2 MB, 4 MB goal, 0 MB stacks, 0 MB globals, 20 P
gc 1765 @6.873s 3%: 0.057+0.53+0.074 ms clock, 1.1+0.29/0.68/0.070+1.4 ms cpu, 3->4->2 MB, 4 MB goal, 0 MB stacks, 0 MB globals, 20 P
gc 1766 @6.874s 3%: 0.066+0.35+0.048 ms clock, 1.3+0.23/0.60/0.001+0.96 ms cpu, 4->5->2 MB, 5 MB goal, 0 MB stacks, 0 MB globals, 20 P
gc 1767 @6.876s 3%: 0.062+0.36+0.039 ms clock, 1.2+0.24/0.93/0.12+0.79 ms cpu, 4->4->2 MB, 4 MB goal, 0 MB stacks, 0 MB globals, 20 P
gc 1768 @6.877s 3%: 0.070+0.44+0.041 ms clock, 1.4+0.18/0.73/0+0.82 ms cpu, 4->5->2 MB, 4 MB goal, 0 MB stacks, 0 MB globals, 20 P
gc 1769 @6.878s 3%: 0.028+0.21+0.014 ms clock, 0.57+0.18/0.53/0.075+0.29 ms cpu, 4->4->1 MB, 5 MB goal, 0 MB stacks, 0 MB globals, 20 P
gc 1770 @6.879s 3%: 0.071+0.45+0.063 ms clock, 1.4+0.26/0.79/0.099+1.2 ms cpu, 3->4->2 MB, 4 MB goal, 0 MB stacks, 0 MB globals, 20 P
gc 1771 @6.880s 3%: 0.052+0.34+0.002 ms clock, 1.0+0.29/0.61/0.031+0.058 ms cpu, 4->5->2 MB, 5 MB goal, 0 MB stacks, 0 MB globals, 20 P
gc 1772 @6.882s 3%: 0.075+0.39+0.057 ms clock, 1.5+0.27/0.62/0+1.1 ms cpu, 3->4->2 MB, 4 MB goal, 0 MB stacks, 0 MB globals, 20 P
gc 1773 @6.883s 3%: 0.086+0.41+0.032 ms clock, 1.7+0.28/0.67/0.18+0.64 ms cpu, 3->4->2 MB, 4 MB goal, 0 MB stacks, 0 MB globals, 20 P
gc 1774 @6.884s 3%: 0.028+0.27+0.023 ms clock, 0.56+0.16/0.70/0.048+0.47 ms cpu, 4->4->2 MB, 5 MB goal, 0 MB stacks, 0 MB globals, 20 P
gc 1775 @6.885s 3%: 0.067+0.44+0.006 ms clock, 1.3+0.31/0.77/0+0.13 ms cpu, 3->4->2 MB, 4 MB goal, 0 MB stacks, 0 MB globals, 20 P
gc 1776 @6.887s 3%: 0.068+0.37+0.071 ms clock, 1.3+0.22/0.63/0.021+1.4 ms cpu, 4->5->2 MB, 5 MB goal, 0 MB stacks, 0 MB globals, 20 P
gc 1777 @6.888s 3%: 0.071+0.50+0.021 ms clock, 1.4+0.24/0.71/0.003+0.42 ms cpu, 4->5->2 MB, 5 MB goal, 0 MB stacks, 0 MB globals, 20 P
gc 1778 @6.889s 3%: 0.028+0.44+0.026 ms clock, 0.56+0.41/0.58/0.009+0.52 ms cpu, 4->5->2 MB, 5 MB goal, 0 MB stacks, 0 MB globals, 20 P
gc 1779 @6.891s 3%: 0.072+0.37+0.062 ms clock, 1.4+0.28/0.62/0.039+1.2 ms cpu, 4->5->2 MB, 5 MB goal, 0 MB stacks, 0 MB globals, 20 P
gc 1780 @6.892s 3%: 0.068+0.44+0.034 ms clock, 1.3+0.36/0.83/0.093+0.69 ms cpu, 4->4->2 MB, 4 MB goal, 0 MB stacks, 0 MB globals, 20 P
gc 1781 @6.893s 3%: 0.025+0.33+0.022 ms clock, 0.51+0.26/0.67/0.053+0.44 ms cpu, 4->4->2 MB, 4 MB goal, 0 MB stacks, 0 MB globals, 20 P
gc 1782 @6.895s 3%: 0.073+0.48+0.048 ms clock, 1.4+0.36/0.54/0+0.97 ms cpu, 4->4->2 MB, 4 MB goal, 0 MB stacks, 0 MB globals, 20 P
gc 1783 @6.896s 3%: 0.059+0.51+0.047 ms clock, 1.1+0.27/0.63/0.028+0.94 ms cpu, 4->5->2 MB, 5 MB goal, 0 MB stacks, 0 MB globals, 20 P
gc 1784 @6.897s 3%: 0.067+0.30+0.056 ms clock, 1.3+0.31/0.58/0+1.1 ms cpu, 4->5->2 MB, 5 MB goal, 0 MB stacks, 0 MB globals, 20 P
gc 1785 @6.898s 3%: 0.071+0.57+0.065 ms clock, 1.4+0.26/0.75/0.005+1.3 ms cpu, 4->5->2 MB, 4 MB goal, 0 MB stacks, 0 MB globals, 20 P
gc 1786 @6.900s 3%: 0.055+0.28+0.10 ms clock, 1.1+0.29/0.63/0.059+2.0 ms cpu, 4->5->2 MB, 5 MB goal, 0 MB stacks, 0 MB globals, 20 P
gc 1787 @6.901s 3%: 0.058+0.31+0.030 ms clock, 1.1+0.38/0.67/0.030+0.60 ms cpu, 3->4->2 MB, 4 MB goal, 0 MB stacks, 0 MB globals, 20 P
gc 1788 @6.902s 3%: 0.061+0.37+0.049 ms clock, 1.2+0.32/0.70/0+0.99 ms cpu, 4->5->2 MB, 4 MB goal, 0 MB stacks, 0 MB globals, 20 P
gc 1789 @6.904s 3%: 0.043+0.45+0.063 ms clock, 0.87+0.26/0.58/0.075+1.2 ms cpu, 4->5->2 MB, 5 MB goal, 0 MB stacks, 0 MB globals, 20 P
gc 1790 @6.905s 3%: 0.078+0.58+0.009 ms clock, 1.5+0.38/0.68/0.040+0.19 ms cpu, 4->5->2 MB, 5 MB goal, 0 MB stacks, 0 MB globals, 20 P
gc 1791 @6.906s 3%: 0.068+0.41+0.078 ms clock, 1.3+0.22/0.69/0.062+1.5 ms cpu, 4->5->2 MB, 5 MB goal, 0 MB stacks, 0 MB globals, 20 P
gc 1792 @6.908s 3%: 0.076+0.39+0.019 ms clock, 1.5+0.24/0.60/0+0.39 ms cpu, 4->5->2 MB, 5 MB goal, 0 MB stacks, 0 MB globals, 20 P
gc 1793 @6.909s 3%: 0.070+0.40+0.062 ms clock, 1.4+0.27/0.60/0.044+1.2 ms cpu, 4->4->2 MB, 4 MB goal, 0 MB stacks, 0 MB globals, 20 P
gc 1794 @6.910s 3%: 0.055+0.44+0.090 ms clock, 1.1+0.11/0.94/0+1.8 ms cpu, 3->5->2 MB, 4 MB goal, 0 MB stacks, 0 MB globals, 20 P
gc 1795 @6.912s 3%: 0.078+0.37+0.067 ms clock, 1.5+0.35/0.54/0.016+1.3 ms cpu, 4->4->2 MB, 4 MB goal, 0 MB stacks, 0 MB globals, 20 P
gc 1796 @6.913s 3%: 0.060+0.37+0.069 ms clock, 1.2+0.28/0.75/0.011+1.3 ms cpu, 4->5->2 MB, 4 MB goal, 0 MB stacks, 0 MB globals, 20 P
gc 1797 @6.914s 3%: 0.040+0.33+0.085 ms clock, 0.81+0.15/0.64/0.12+1.7 ms cpu, 4->4->2 MB, 5 MB goal, 0 MB stacks, 0 MB globals, 20 P
gc 1798 @6.915s 3%: 0.053+0.49+0.011 ms clock, 1.0+0.41/0.72/0.013+0.22 ms cpu, 3->4->2 MB, 4 MB goal, 0 MB stacks, 0 MB globals, 20 P
gc 1799 @6.917s 3%: 0.064+0.52+0.075 ms clock, 1.2+0.35/0.63/0.001+1.5 ms cpu, 4->5->2 MB, 5 MB goal, 0 MB stacks, 0 MB globals, 20 P
gc 1800 @6.918s 3%: 0.070+0.27+0.040 ms clock, 1.4+0.43/0.58/0.001+0.81 ms cpu, 4->5->2 MB, 5 MB goal, 0 MB stacks, 0 MB globals, 20 P
gc 1801 @6.920s 3%: 0.039+0.31+0.079 ms clock, 0.79+0.42/0.71/0.032+1.5 ms cpu, 3->4->2 MB, 4 MB goal, 0 MB stacks, 0 MB globals, 20 P
gc 1802 @6.921s 3%: 0.094+0.45+0.038 ms clock, 1.8+0.44/0.65/0.019+0.77 ms cpu, 3->4->2 MB, 4 MB goal, 0 MB stacks, 0 MB globals, 20 P
gc 1803 @6.922s 3%: 0.077+0.31+0.078 ms clock, 1.5+0.23/0.63/0.027+1.5 ms cpu, 4->5->2 MB, 5 MB goal, 0 MB stacks, 0 MB globals, 20 P
gc 1804 @6.924s 3%: 0.077+0.35+0.059 ms clock, 1.5+0.50/0.73/0.034+1.1 ms cpu, 4->5->2 MB, 4 MB goal, 0 MB stacks, 0 MB globals, 20 P
gc 1805 @6.925s 3%: 0.054+0.42+0.058 ms clock, 1.0+0.41/0.63/0.10+1.1 ms cpu, 4->5->2 MB, 5 MB goal, 0 MB stacks, 0 MB globals, 20 P
gc 1806 @6.926s 3%: 0.072+0.34+0.023 ms clock, 1.4+0.35/0.61/0.005+0.47 ms cpu, 4->4->2 MB, 5 MB goal, 0 MB stacks, 0 MB globals, 20 P
gc 1807 @6.927s 3%: 0.022+0.29+0.065 ms clock, 0.45+0.20/0.67/0.003+1.3 ms cpu, 4->4->1 MB, 4 MB goal, 0 MB stacks, 0 MB globals, 20 P
gc 1808 @6.928s 3%: 0.051+0.46+0.075 ms clock, 1.0+0.23/0.81/0.13+1.5 ms cpu, 3->4->2 MB, 4 MB goal, 0 MB stacks, 0 MB globals, 20 P
gc 1809 @6.930s 3%: 0.045+0.46+0.042 ms clock, 0.90+0.18/0.57/0.057+0.84 ms cpu, 4->5->2 MB, 4 MB goal, 0 MB stacks, 0 MB globals, 20 P
gc 1810 @6.931s 3%: 0.051+0.38+0.057 ms clock, 1.0+0.21/0.63/0.063+1.1 ms cpu, 4->5->2 MB, 5 MB goal, 0 MB stacks, 0 MB globals, 20 P
gc 1811 @6.932s 3%: 0.058+0.33+0.061 ms clock, 1.1+0.34/0.74/0+1.2 ms cpu, 4->4->2 MB, 4 MB goal, 0 MB stacks, 0 MB globals, 20 P
gc 1812 @6.933s 3%: 0.078+0.41+0.011 ms clock, 1.5+0.48/0.72/0+0.22 ms cpu, 3->4->2 MB, 4 MB goal, 0 MB stacks, 0 MB globals, 20 P
gc 1813 @6.934s 3%: 0.061+0.43+0.075 ms clock, 1.2+0.27/0.55/0.049+1.5 ms cpu, 4->5->2 MB, 5 MB goal, 0 MB stacks, 0 MB globals, 20 P
gc 1814 @6.936s 3%: 0.079+0.48+0.072 ms clock, 1.5+0.25/0.64/0.005+1.4 ms cpu, 4->5->2 MB, 5 MB goal, 0 MB stacks, 0 MB globals, 20 P
gc 1815 @6.937s 3%: 0.064+0.21+0.026 ms clock, 1.2+0.21/0.53/0.072+0.53 ms cpu, 4->4->1 MB, 5 MB goal, 0 MB stacks, 0 MB globals, 20 P
gc 1816 @6.938s 3%: 0.070+0.48+0.073 ms clock, 1.4+0.25/0.70/0.026+1.4 ms cpu, 3->4->2 MB, 4 MB goal, 0 MB stacks, 0 MB globals, 20 P
gc 1817 @6.940s 3%: 0.079+0.43+0.010 ms clock, 1.5+0.35/0.57/0.029+0.21 ms cpu, 4->5->2 MB, 4 MB goal, 0 MB stacks, 0 MB globals, 20 P
gc 1818 @6.941s 3%: 0.061+0.43+0.065 ms clock, 1.2+0.11/0.73/0+1.3 ms cpu, 4->5->2 MB, 5 MB goal, 0 MB stacks, 0 MB globals, 20 P
gc 1819 @6.943s 3%: 0.088+0.34+0.065 ms clock, 1.7+0.38/0.68/0+1.3 ms cpu, 4->5->2 MB, 5 MB goal, 0 MB stacks, 0 MB globals, 20 P
gc 1820 @6.944s 3%: 0.080+0.30+0.025 ms clock, 1.6+0.28/0.52/0.070+0.51 ms cpu, 4->5->2 MB, 5 MB goal, 0 MB stacks, 0 MB globals, 20 P
gc 1821 @6.945s 3%: 0.072+0.39+0.097 ms clock, 1.4+0.31/0.75/0.003+1.9 ms cpu, 3->4->2 MB, 4 MB goal, 0 MB stacks, 0 MB globals, 20 P
gc 1822 @6.946s 3%: 0.079+0.37+0.048 ms clock, 1.5+0.36/0.64/0.024+0.96 ms cpu, 3->4->2 MB, 4 MB goal, 0 MB stacks, 0 MB globals, 20 P
gc 1823 @6.948s 3%: 0.072+0.35+0.067 ms clock, 1.4+0.26/0.61/0.021+1.3 ms cpu, 4->5->2 MB, 5 MB goal, 0 MB stacks, 0 MB globals, 20 P
gc 1824 @6.949s 3%: 0.068+0.58+0.014 ms clock, 1.3+0.27/0.63/0.031+0.29 ms cpu, 4->5->2 MB, 4 MB goal, 0 MB stacks, 0 MB globals, 20 P
gc 1825 @6.951s 3%: 0.079+0.42+0.027 ms clock, 1.5+0.39/0.53/0.063+0.54 ms cpu, 4->5->2 MB, 5 MB goal, 0 MB stacks, 0 MB globals, 20 P
gc 1826 @6.952s 3%: 0.047+0.42+0.013 ms clock, 0.95+0.21/0.70/0+0.27 ms cpu, 3->4->2 MB, 4 MB goal, 0 MB stacks, 0 MB globals, 20 P
gc 1827 @6.953s 3%: 0.057+0.46+0.073 ms clock, 1.1+0.32/0.53/0.011+1.4 ms cpu, 3->4->2 MB, 4 MB goal, 0 MB stacks, 0 MB globals, 20 P
gc 1828 @6.954s 3%: 0.046+0.35+0.050 ms clock, 0.92+0.24/0.66/0+1.0 ms cpu, 4->4->2 MB, 4 MB goal, 0 MB stacks, 0 MB globals, 20 P
gc 1829 @6.956s 3%: 0.037+0.50+0.004 ms clock, 0.74+0.21/0.67/0.008+0.087 ms cpu, 4->5->2 MB, 4 MB goal, 0 MB stacks, 0 MB globals, 20 P
gc 1830 @6.957s 3%: 0.033+0.47+0.013 ms clock, 0.67+0.32/0.61/0.061+0.26 ms cpu, 4->5->2 MB, 4 MB goal, 0 MB stacks, 0 MB globals, 20 P
gc 1831 @6.958s 3%: 0.041+0.48+0.092 ms clock, 0.83+0.33/0.56/0.009+1.8 ms cpu, 4->5->2 MB, 4 MB goal, 0 MB stacks, 0 MB globals, 20 P
gc 1832 @6.960s 3%: 0.064+0.25+0.028 ms clock, 1.2+0.29/0.59/0.091+0.56 ms cpu, 4->4->1 MB, 5 MB goal, 0 MB stacks, 0 MB globals, 20 P
gc 1833 @6.961s 3%: 0.082+0.31+0.023 ms clock, 1.6+0.36/0.51/0.012+0.47 ms cpu, 3->4->2 MB, 4 MB goal, 0 MB stacks, 0 MB globals, 20 P
gc 1834 @6.962s 3%: 0.070+0.38+0.072 ms clock, 1.4+0.34/0.64/0.001+1.4 ms cpu, 3->4->2 MB, 4 MB goal, 0 MB stacks, 0 MB globals, 20 P
gc 1835 @6.963s 3%: 0.053+0.34+0.072 ms clock, 1.0+0.25/0.68/0+1.4 ms cpu, 4->5->2 MB, 4 MB goal, 0 MB stacks, 0 MB globals, 20 P
gc 1836 @6.964s 3%: 0.060+0.28+0.061 ms clock, 1.2+0.35/0.58/0.055+1.2 ms cpu, 4->4->2 MB, 4 MB goal, 0 MB stacks, 0 MB globals, 20 P
gc 1837 @6.966s 3%: 0.069+0.46+0.024 ms clock, 1.3+0.26/0.64/0.007+0.48 ms cpu, 4->5->2 MB, 4 MB goal, 0 MB stacks, 0 MB globals, 20 P
gc 1838 @6.967s 3%: 0.067+0.34+0.051 ms clock, 1.3+0.35/0.61/0+1.0 ms cpu, 4->5->2 MB, 5 MB goal, 0 MB stacks, 0 MB globals, 20 P
gc 1839 @6.968s 3%: 0.026+0.47+0.037 ms clock, 0.52+0.27/0.71/0.10+0.74 ms cpu, 4->5->2 MB, 5 MB goal, 0 MB stacks, 0 MB globals, 20 P
gc 1840 @6.970s 3%: 0.086+0.32+0.024 ms clock, 1.7+0.34/0.58/0.014+0.48 ms cpu, 4->5->2 MB, 5 MB goal, 0 MB stacks, 0 MB globals, 20 P
gc 1841 @6.971s 3%: 0.082+0.36+0.074 ms clock, 1.6+0.40/0.55/0.012+1.4 ms cpu, 4->4->2 MB, 4 MB goal, 0 MB stacks, 0 MB globals, 20 P
gc 1842 @6.972s 3%: 0.063+0.38+0.077 ms clock, 1.2+0.31/0.64/0.056+1.5 ms cpu, 4->4->2 MB, 4 MB goal, 0 MB stacks, 0 MB globals, 20 P
gc 1843 @6.974s 3%: 0.065+0.35+0.073 ms clock, 1.3+0.35/0.63/0.020+1.4 ms cpu, 4->4->2 MB, 4 MB goal, 0 MB stacks, 0 MB globals, 20 P
gc 1844 @6.975s 3%: 0.063+0.54+0.016 ms clock, 1.2+0.24/0.61/0.041+0.33 ms cpu, 4->5->2 MB, 4 MB goal, 0 MB stacks, 0 MB globals, 20 P
gc 1845 @6.976s 3%: 0.030+0.30+0.024 ms clock, 0.61+0.18/0.63/0.004+0.48 ms cpu, 4->5->2 MB, 5 MB goal, 0 MB stacks, 0 MB globals, 20 P
gc 1846 @6.978s 3%: 0.074+0.33+0.034 ms clock, 1.4+0.32/0.55/0.006+0.69 ms cpu, 3->4->2 MB, 4 MB goal, 0 MB stacks, 0 MB globals, 20 P
gc 1847 @6.979s 3%: 0.088+0.36+0.065 ms clock, 1.7+0.35/0.64/0+1.3 ms cpu, 4->5->2 MB, 4 MB goal, 0 MB stacks, 0 MB globals, 20 P
gc 1848 @6.980s 3%: 0.073+0.27+0.055 ms clock, 1.4+0.21/0.54/0.052+1.1 ms cpu, 4->5->1 MB, 5 MB goal, 0 MB stacks, 0 MB globals, 20 P
gc 1849 @6.981s 3%: 0.068+0.34+0.064 ms clock, 1.3+0.37/0.68/0.006+1.2 ms cpu, 3->4->2 MB, 4 MB goal, 0 MB stacks, 0 MB globals, 20 P
gc 1850 @6.982s 3%: 0.080+0.38+0.061 ms clock, 1.6+0.26/0.67/0.022+1.2 ms cpu, 4->5->2 MB, 5 MB goal, 0 MB stacks, 0 MB globals, 20 P
gc 1851 @6.983s 3%: 0.078+0.30+0.022 ms clock, 1.5+0.29/0.58/0.032+0.44 ms cpu, 4->4->2 MB, 4 MB goal, 0 MB stacks, 0 MB globals, 20 P
gc 1852 @6.985s 3%: 0.073+0.39+0.071 ms clock, 1.4+0.27/0.74/0.001+1.4 ms cpu, 4->4->2 MB, 4 MB goal, 0 MB stacks, 0 MB globals, 20 P
gc 1853 @6.986s 3%: 0.088+0.45+0.011 ms clock, 1.7+0.42/0.54/0+0.22 ms cpu, 4->5->2 MB, 4 MB goal, 0 MB stacks, 0 MB globals, 20 P
gc 1854 @6.987s 3%: 0.077+0.29+0.071 ms clock, 1.5+0.20/0.79/0+1.4 ms cpu, 4->5->2 MB, 5 MB goal, 0 MB stacks, 0 MB globals, 20 P
gc 1855 @6.988s 3%: 0.053+0.35+0.025 ms clock, 1.0+0.25/0.59/0.094+0.51 ms cpu, 4->4->2 MB, 4 MB goal, 0 MB stacks, 0 MB globals, 20 P
gc 1856 @6.989s 3%: 0.072+0.59+0.059 ms clock, 1.4+0.31/0.58/0.005+1.1 ms cpu, 4->5->2 MB, 5 MB goal, 0 MB stacks, 0 MB globals, 20 P
gc 1857 @6.991s 3%: 0.038+0.24+0.078 ms clock, 0.77+0.27/0.58/0.050+1.5 ms cpu, 4->5->1 MB, 5 MB goal, 0 MB stacks, 0 MB globals, 20 P
gc 1858 @6.992s 3%: 0.13+0.36+0.038 ms clock, 2.6+0.36/0.64/0.002+0.77 ms cpu, 3->4->2 MB, 4 MB goal, 0 MB stacks, 0 MB globals, 20 P
gc 1859 @6.993s 3%: 0.080+0.35+0.079 ms clock, 1.6+0.28/0.70/0.042+1.5 ms cpu, 4->5->2 MB, 5 MB goal, 0 MB stacks, 0 MB globals, 20 P
gc 1860 @6.994s 3%: 0.055+0.60+0.053 ms clock, 1.1+0.079/0.57/0.22+1.0 ms cpu, 4->5->2 MB, 5 MB goal, 0 MB stacks, 0 MB globals, 20 P
gc 1861 @6.996s 3%: 0.045+0.40+0.058 ms clock, 0.91+0.37/0.64/0+1.1 ms cpu, 4->5->2 MB, 5 MB goal, 0 MB stacks, 0 MB globals, 20 P
gc 1862 @6.997s 3%: 0.067+0.32+0.046 ms clock, 1.3+0.42/0.58/0.040+0.93 ms cpu, 4->4->2 MB, 5 MB goal, 0 MB stacks, 0 MB globals, 20 P
gc 1863 @6.998s 3%: 0.075+0.53+0.079 ms clock, 1.5+0.31/0.76/0.030+1.5 ms cpu, 3->4->2 MB, 4 MB goal, 0 MB stacks, 0 MB globals, 20 P
gc 1864 @7.000s 3%: 0.067+0.26+0.049 ms clock, 1.3+0.33/0.62/0.029+0.99 ms cpu, 4->5->2 MB, 5 MB goal, 0 MB stacks, 0 MB globals, 20 P
gc 1865 @7.001s 3%: 0.061+0.36+0.071 ms clock, 1.2+0.33/0.55/0.027+1.4 ms cpu, 3->4->2 MB, 4 MB goal, 0 MB stacks, 0 MB globals, 20 P
gc 1866 @7.002s 3%: 0.052+0.49+0.036 ms clock, 1.0+0.30/0.70/0.002+0.73 ms cpu, 4->5->2 MB, 5 MB goal, 0 MB stacks, 0 MB globals, 20 P
gc 1867 @7.004s 3%: 0.054+0.48+0.042 ms clock, 1.0+0.38/0.58/0.025+0.85 ms cpu, 4->5->2 MB, 5 MB goal, 0 MB stacks, 0 MB globals, 20 P
gc 1868 @7.005s 3%: 0.059+0.47+0.061 ms clock, 1.1+0.41/0.53/0+1.2 ms cpu, 4->5->2 MB, 5 MB goal, 0 MB stacks, 0 MB globals, 20 P
gc 1869 @7.007s 3%: 0.071+0.31+0.033 ms clock, 1.4+0.29/0.61/0.024+0.67 ms cpu, 4->5->2 MB, 5 MB goal, 0 MB stacks, 0 MB globals, 20 P
gc 1870 @7.008s 3%: 0.080+0.34+0.019 ms clock, 1.6+0.16/0.71/0.009+0.38 ms cpu, 4->4->2 MB, 4 MB goal, 0 MB stacks, 0 MB globals, 20 P
gc 1871 @7.009s 3%: 0.064+0.28+0.013 ms clock, 1.2+0.35/0.48/0+0.26 ms cpu, 4->4->2 MB, 4 MB goal, 0 MB stacks, 0 MB globals, 20 P
gc 1872 @7.010s 3%: 0.069+0.52+0.092 ms clock, 1.3+0.49/0.66/0.020+1.8 ms cpu, 3->5->2 MB, 4 MB goal, 0 MB stacks, 0 MB globals, 20 P
gc 1873 @7.012s 3%: 0.088+0.32+0.056 ms clock, 1.7+0.29/0.62/0+1.1 ms cpu, 4->5->2 MB, 5 MB goal, 0 MB stacks, 0 MB globals, 20 P
gc 1874 @7.013s 3%: 0.073+0.54+0.017 ms clock, 1.4+0.40/0.53/0.040+0.34 ms cpu, 4->5->2 MB, 4 MB goal, 0 MB stacks, 0 MB globals, 20 P
gc 1875 @7.015s 3%: 0.058+0.30+0.065 ms clock, 1.1+0.35/0.51/0.010+1.3 ms cpu, 4->5->2 MB, 5 MB goal, 0 MB stacks, 0 MB globals, 20 P
gc 1876 @7.016s 3%: 0.079+0.42+0.005 ms clock, 1.5+0.33/0.70/0.007+0.10 ms cpu, 4->5->2 MB, 5 MB goal, 0 MB stacks, 0 MB globals, 20 P
gc 1877 @7.018s 3%: 0.063+0.45+0.053 ms clock, 1.2+0.28/0.71/0.069+1.0 ms cpu, 4->5->2 MB, 5 MB goal, 0 MB stacks, 0 MB globals, 20 P
gc 1878 @7.019s 3%: 0.050+0.39+0.073 ms clock, 1.0+0.30/0.59/0.018+1.4 ms cpu, 4->5->2 MB, 5 MB goal, 0 MB stacks, 0 MB globals, 20 P
gc 1879 @7.020s 3%: 0.059+0.27+0.082 ms clock, 1.1+0.34/0.65/0.033+1.6 ms cpu, 4->5->2 MB, 5 MB goal, 0 MB stacks, 0 MB globals, 20 P
gc 1880 @7.021s 3%: 0.036+0.69+0.036 ms clock, 0.73+0.35/0.63/0.010+0.73 ms cpu, 3->5->2 MB, 4 MB goal, 0 MB stacks, 0 MB globals, 20 P
gc 1881 @7.023s 3%: 0.040+0.32+0.072 ms clock, 0.80+0.28/0.55/0.13+1.4 ms cpu, 4->5->2 MB, 5 MB goal, 0 MB stacks, 0 MB globals, 20 P
gc 1882 @7.024s 3%: 0.076+0.27+0.071 ms clock, 1.5+0.33/0.58/0+1.4 ms cpu, 3->4->2 MB, 4 MB goal, 0 MB stacks, 0 MB globals, 20 P
gc 1883 @7.025s 3%: 0.044+0.57+0.023 ms clock, 0.88+0.24/0.73/0+0.47 ms cpu, 4->5->2 MB, 4 MB goal, 0 MB stacks, 0 MB globals, 20 P
gc 1884 @7.026s 3%: 0.047+0.35+0.059 ms clock, 0.94+0.26/0.61/0+1.1 ms cpu, 4->5->2 MB, 5 MB goal, 0 MB stacks, 0 MB globals, 20 P
gc 1885 @7.027s 3%: 0.077+0.46+0.073 ms clock, 1.5+0.38/0.72/0+1.4 ms cpu, 4->5->2 MB, 4 MB goal, 0 MB stacks, 0 MB globals, 20 P
gc 1886 @7.029s 3%: 0.057+0.35+0.070 ms clock, 1.1+0.38/0.54/0.072+1.4 ms cpu, 4->5->2 MB, 5 MB goal, 0 MB stacks, 0 MB globals, 20 P
gc 1887 @7.030s 3%: 0.054+0.38+0.029 ms clock, 1.0+0.35/0.66/0+0.59 ms cpu, 4->5->2 MB, 5 MB goal, 0 MB stacks, 0 MB globals, 20 P
gc 1888 @7.032s 3%: 0.033+0.28+0.062 ms clock, 0.66+0.30/0.58/0.038+1.2 ms cpu, 4->4->1 MB, 5 MB goal, 0 MB stacks, 0 MB globals, 20 P
gc 1889 @7.032s 3%: 0.081+0.26+0.043 ms clock, 1.6+0.28/0.62/0.001+0.87 ms cpu, 3->4->2 MB, 4 MB goal, 0 MB stacks, 0 MB globals, 20 P
gc 1890 @7.033s 3%: 0.081+0.44+0.058 ms clock, 1.6+0.34/0.67/0.008+1.1 ms cpu, 3->5->2 MB, 4 MB goal, 0 MB stacks, 0 MB globals, 20 P
gc 1891 @7.035s 3%: 0.072+0.38+0.051 ms clock, 1.4+0.30/0.53/0.050+1.0 ms cpu, 4->5->2 MB, 5 MB goal, 0 MB stacks, 0 MB globals, 20 P
gc 1892 @7.036s 3%: 0.079+0.40+0.073 ms clock, 1.5+0.37/0.60/0.004+1.4 ms cpu, 4->4->2 MB, 4 MB goal, 0 MB stacks, 0 MB globals, 20 P
gc 1893 @7.038s 3%: 0.10+0.44+0.051 ms clock, 2.0+0.40/0.57/0+1.0 ms cpu, 4->5->2 MB, 4 MB goal, 0 MB stacks, 0 MB globals, 20 P
gc 1894 @7.039s 3%: 0.074+0.40+0.044 ms clock, 1.4+0.32/0.54/0.029+0.88 ms cpu, 4->5->2 MB, 5 MB goal, 0 MB stacks, 0 MB globals, 20 P
gc 1895 @7.040s 3%: 0.053+0.39+0.080 ms clock, 1.0+0.34/0.71/0+1.6 ms cpu, 4->5->2 MB, 5 MB goal, 0 MB stacks, 0 MB globals, 20 P
gc 1896 @7.042s 3%: 0.077+0.42+0.079 ms clock, 1.5+0.29/0.65/0+1.5 ms cpu, 4->5->2 MB, 5 MB goal, 0 MB stacks, 0 MB globals, 20 P
gc 1897 @7.043s 3%: 0.082+0.48+0.029 ms clock, 1.6+0.25/0.66/0+0.58 ms cpu, 4->5->2 MB, 5 MB goal, 0 MB stacks, 0 MB globals, 20 P
gc 1898 @7.045s 3%: 0.062+0.29+0.069 ms clock, 1.2+0.30/0.60/0+1.3 ms cpu, 4->5->2 MB, 5 MB goal, 0 MB stacks, 0 MB globals, 20 P
gc 1899 @7.046s 3%: 0.048+0.25+0.091 ms clock, 0.96+0.26/0.63/0+1.8 ms cpu, 3->4->2 MB, 4 MB goal, 0 MB stacks, 0 MB globals, 20 P
gc 1900 @7.046s 3%: 0.082+0.35+0.035 ms clock, 1.6+0.28/0.62/0+0.70 ms cpu, 3->4->2 MB, 4 MB goal, 0 MB stacks, 0 MB globals, 20 P
gc 1901 @7.047s 3%: 0.076+0.42+0.077 ms clock, 1.5+0.36/0.53/0+1.5 ms cpu, 4->4->2 MB, 4 MB goal, 0 MB stacks, 0 MB globals, 20 P
gc 1902 @7.049s 3%: 0.076+0.45+0.072 ms clock, 1.5+0.23/0.63/0.065+1.4 ms cpu, 4->4->2 MB, 4 MB goal, 0 MB stacks, 0 MB globals, 20 P
gc 1903 @7.050s 3%: 0.10+0.43+0.11 ms clock, 2.1+0.20/0.66/0.002+2.3 ms cpu, 4->5->2 MB, 4 MB goal, 0 MB stacks, 0 MB globals, 20 P
gc 1904 @7.051s 3%: 0.10+0.32+0.056 ms clock, 2.0+0.38/0.46/0.062+1.1 ms cpu, 4->5->2 MB, 5 MB goal, 0 MB stacks, 0 MB globals, 20 P
gc 1905 @7.052s 3%: 0.081+0.44+0.057 ms clock, 1.6+0.31/0.64/0.025+1.1 ms cpu, 4->5->2 MB, 4 MB goal, 0 MB stacks, 0 MB globals, 20 P
gc 1906 @7.054s 3%: 0.064+0.41+0.048 ms clock, 1.2+0.36/0.69/0.013+0.97 ms cpu, 4->5->2 MB, 5 MB goal, 0 MB stacks, 0 MB globals, 20 P
gc 1907 @7.055s 3%: 0.053+0.45+0.072 ms clock, 1.0+0.36/0.61/0.010+1.4 ms cpu, 4->5->2 MB, 5 MB goal, 0 MB stacks, 0 MB globals, 20 P
gc 1908 @7.056s 3%: 0.10+0.49+0.070 ms clock, 2.0+0.27/0.74/0+1.4 ms cpu, 4->5->2 MB, 5 MB goal, 0 MB stacks, 0 MB globals, 20 P
gc 1909 @7.058s 3%: 0.048+0.32+0.059 ms clock, 0.96+0.36/0.53/0.098+1.1 ms cpu, 4->5->2 MB, 5 MB goal, 0 MB stacks, 0 MB globals, 20 P
gc 1910 @7.059s 3%: 0.080+0.39+0.016 ms clock, 1.6+0.39/0.64/0.021+0.32 ms cpu, 4->4->2 MB, 4 MB goal, 0 MB stacks, 0 MB globals, 20 P
gc 1911 @7.060s 3%: 0.070+0.34+0.060 ms clock, 1.4+0.21/0.69/0+1.2 ms cpu, 4->5->2 MB, 5 MB goal, 0 MB stacks, 0 MB globals, 20 P
gc 1912 @7.061s 3%: 0.060+0.32+0.062 ms clock, 1.2+0.25/0.60/0.080+1.2 ms cpu, 4->5->2 MB, 5 MB goal, 0 MB stacks, 0 MB globals, 20 P
gc 1913 @7.062s 3%: 0.056+0.49+0.069 ms clock, 1.1+0.26/0.58/0.034+1.3 ms cpu, 4->5->2 MB, 4 MB goal, 0 MB stacks, 0 MB globals, 20 P
gc 1914 @7.064s 3%: 0.061+0.35+0.050 ms clock, 1.2+0.29/0.56/0.048+1.0 ms cpu, 4->5->2 MB, 5 MB goal, 0 MB stacks, 0 MB globals, 20 P
gc 1915 @7.065s 3%: 0.060+0.38+0.045 ms clock, 1.2+0.26/0.62/0.022+0.91 ms cpu, 4->5->2 MB, 4 MB goal, 0 MB stacks, 0 MB globals, 20 P
gc 1916 @7.066s 3%: 0.076+0.31+0.068 ms clock, 1.5+0.30/0.56/0.010+1.3 ms cpu, 4->5->2 MB, 5 MB goal, 0 MB stacks, 0 MB globals, 20 P
gc 1917 @7.067s 3%: 0.043+0.37+0.098 ms clock, 0.87+0.22/0.63/0+1.9 ms cpu, 3->4->2 MB, 4 MB goal, 0 MB stacks, 0 MB globals, 20 P
gc 1918 @7.069s 3%: 0.056+0.24+0.076 ms clock, 1.1+0.30/0.58/0.080+1.5 ms cpu, 4->4->1 MB, 4 MB goal, 0 MB stacks, 0 MB globals, 20 P
gc 1919 @7.069s 3%: 0.082+0.30+0.069 ms clock, 1.6+0.34/0.60/0.060+1.3 ms cpu, 3->4->2 MB, 4 MB goal, 0 MB stacks, 0 MB globals, 20 P
gc 1920 @7.070s 3%: 0.030+0.22+0.062 ms clock, 0.61+0.18/0.64/0.041+1.2 ms cpu, 4->4->1 MB, 4 MB goal, 0 MB stacks, 0 MB globals, 20 P
gc 1921 @7.071s 3%: 0.078+0.43+0.012 ms clock, 1.5+0.39/0.71/0+0.25 ms cpu, 3->4->2 MB, 4 MB goal, 0 MB stacks, 0 MB globals, 20 P
gc 1922 @7.072s 3%: 0.074+0.34+0.079 ms clock, 1.4+0.31/0.54/0.086+1.5 ms cpu, 4->4->2 MB, 4 MB goal, 0 MB stacks, 0 MB globals, 20 P
gc 1923 @7.073s 3%: 0.071+0.35+0.036 ms clock, 1.4+0.24/0.70/0+0.72 ms cpu, 3->4->2 MB, 4 MB goal, 0 MB stacks, 0 MB globals, 20 P
gc 1924 @7.075s 3%: 0.052+0.33+0.052 ms clock, 1.0+0.25/0.75/0+1.0 ms cpu, 4->4->2 MB, 5 MB goal, 0 MB stacks, 0 MB globals, 20 P
gc 1925 @7.076s 3%: 0.066+0.33+0.076 ms clock, 1.3+0.21/0.63/0.038+1.5 ms cpu, 3->4->2 MB, 4 MB goal, 0 MB stacks, 0 MB globals, 20 P
gc 1926 @7.077s 3%: 0.089+0.47+0.040 ms clock, 1.7+0.26/0.64/0+0.80 ms cpu, 4->4->2 MB, 4 MB goal, 0 MB stacks, 0 MB globals, 20 P
gc 1927 @7.078s 3%: 0.044+0.24+0.092 ms clock, 0.88+0.33/0.59/0.002+1.8 ms cpu, 4->4->2 MB, 5 MB goal, 0 MB stacks, 0 MB globals, 20 P
gc 1928 @7.079s 3%: 0.018+0.34+0.069 ms clock, 0.37+0.10/0.55/0.16+1.3 ms cpu, 4->4->2 MB, 4 MB goal, 0 MB stacks, 0 MB globals, 20 P
gc 1929 @7.080s 3%: 0.068+0.55+0.054 ms clock, 1.3+0.31/0.60/0+1.0 ms cpu, 3->4->2 MB, 4 MB goal, 0 MB stacks, 0 MB globals, 20 P
gc 1930 @7.082s 3%: 0.069+0.41+0.034 ms clock, 1.3+0.36/0.64/0+0.69 ms cpu, 4->5->2 MB, 5 MB goal, 0 MB stacks, 0 MB globals, 20 P
gc 1931 @7.083s 3%: 0.023+0.39+0.028 ms clock, 0.47+0.31/0.66/0+0.56 ms cpu, 4->5->2 MB, 5 MB goal, 0 MB stacks, 0 MB globals, 20 P
gc 1932 @7.084s 3%: 0.068+0.30+0.069 ms clock, 1.3+0.28/0.64/0+1.3 ms cpu, 4->4->2 MB, 4 MB goal, 0 MB stacks, 0 MB globals, 20 P
gc 1933 @7.085s 3%: 0.070+0.32+0.013 ms clock, 1.4+0.24/0.60/0.001+0.27 ms cpu, 3->4->2 MB, 4 MB goal, 0 MB stacks, 0 MB globals, 20 P
gc 1934 @7.086s 3%: 0.067+0.33+0.081 ms clock, 1.3+0.36/0.52/0+1.6 ms cpu, 3->4->2 MB, 4 MB goal, 0 MB stacks, 0 MB globals, 20 P
gc 1935 @7.087s 3%: 0.044+0.38+0.064 ms clock, 0.89+0.36/0.66/0.047+1.2 ms cpu, 4->4->2 MB, 4 MB goal, 0 MB stacks, 0 MB globals, 20 P
gc 1936 @7.088s 3%: 0.075+0.41+0.075 ms clock, 1.5+0.36/0.66/0.002+1.5 ms cpu, 4->5->2 MB, 4 MB goal, 0 MB stacks, 0 MB globals, 20 P
gc 1937 @7.090s 3%: 0.066+0.39+0.071 ms clock, 1.3+0.30/0.63/0.027+1.4 ms cpu, 4->5->2 MB, 5 MB goal, 0 MB stacks, 0 MB globals, 20 P
gc 1938 @7.091s 3%: 0.029+0.44+0.015 ms clock, 0.58+0.38/0.55/0+0.30 ms cpu, 4->5->2 MB, 5 MB goal, 0 MB stacks, 0 MB globals, 20 P
gc 1939 @7.093s 3%: 0.066+0.51+0.042 ms clock, 1.3+0.36/0.62/0+0.84 ms cpu, 4->5->2 MB, 4 MB goal, 0 MB stacks, 0 MB globals, 20 P
gc 1940 @7.094s 3%: 0.089+0.43+0.051 ms clock, 1.7+0.30/0.69/0+1.0 ms cpu, 4->5->2 MB, 5 MB goal, 0 MB stacks, 0 MB globals, 20 P
gc 1941 @7.095s 3%: 0.047+0.41+0.057 ms clock, 0.94+0.32/0.64/0.004+1.1 ms cpu, 4->5->2 MB, 5 MB goal, 0 MB stacks, 0 MB globals, 20 P
gc 1942 @7.097s 3%: 0.087+0.56+0.088 ms clock, 1.7+0.22/0.59/0.050+1.7 ms cpu, 4->5->2 MB, 4 MB goal, 0 MB stacks, 0 MB globals, 20 P
gc 1943 @7.098s 3%: 0.081+0.67+0.026 ms clock, 1.6+0.38/0.65/0+0.52 ms cpu, 4->5->2 MB, 5 MB goal, 0 MB stacks, 0 MB globals, 20 P
gc 1944 @7.100s 3%: 0.091+0.58+0.099 ms clock, 1.8+0.37/0.69/0.001+1.9 ms cpu, 4->5->2 MB, 5 MB goal, 0 MB stacks, 0 MB globals, 20 P
gc 1945 @7.102s 3%: 0.056+0.41+0.065 ms clock, 1.1+0.42/0.64/0.007+1.3 ms cpu, 4->5->2 MB, 5 MB goal, 0 MB stacks, 0 MB globals, 20 P
gc 1946 @7.103s 3%: 0.061+0.38+0.077 ms clock, 1.2+0.35/0.58/0.013+1.5 ms cpu, 4->5->2 MB, 5 MB goal, 0 MB stacks, 0 MB globals, 20 P
gc 1947 @7.104s 3%: 0.061+0.43+0.074 ms clock, 1.2+0.28/0.61/0.058+1.4 ms cpu, 4->5->2 MB, 4 MB goal, 0 MB stacks, 0 MB globals, 20 P
gc 1948 @7.106s 3%: 0.071+0.37+0.078 ms clock, 1.4+0.24/0.59/0.022+1.5 ms cpu, 4->5->2 MB, 5 MB goal, 0 MB stacks, 0 MB globals, 20 P
gc 1949 @7.107s 3%: 0.033+0.43+0.027 ms clock, 0.66+0.31/0.76/0.018+0.55 ms cpu, 4->5->2 MB, 5 MB goal, 0 MB stacks, 0 MB globals, 20 P
gc 1950 @7.108s 3%: 0.077+0.35+0.024 ms clock, 1.5+0.23/0.56/0.054+0.48 ms cpu, 4->5->2 MB, 5 MB goal, 0 MB stacks, 0 MB globals, 20 P
gc 1951 @7.110s 3%: 0.063+0.37+0.060 ms clock, 1.2+0.23/0.67/0.001+1.2 ms cpu, 3->4->2 MB, 4 MB goal, 0 MB stacks, 0 MB globals, 20 P
gc 1952 @7.111s 3%: 0.11+0.33+0.060 ms clock, 2.2+0.42/0.62/0+1.2 ms cpu, 4->4->2 MB, 4 MB goal, 0 MB stacks, 0 MB globals, 20 P
gc 1953 @7.112s 3%: 0.067+0.33+0.021 ms clock, 1.3+0.25/0.59/0.017+0.43 ms cpu, 4->4->2 MB, 5 MB goal, 0 MB stacks, 0 MB globals, 20 P
gc 1954 @7.113s 3%: 0.069+0.36+0.070 ms clock, 1.3+0.25/0.71/0.060+1.4 ms cpu, 4->4->2 MB, 4 MB goal, 0 MB stacks, 0 MB globals, 20 P
gc 1955 @7.114s 3%: 0.052+0.43+0.073 ms clock, 1.0+0.15/0.70/0.006+1.4 ms cpu, 4->5->2 MB, 4 MB goal, 0 MB stacks, 0 MB globals, 20 P
gc 1956 @7.116s 3%: 0.051+0.35+0.013 ms clock, 1.0+0.28/0.64/0.006+0.27 ms cpu, 4->5->2 MB, 4 MB goal, 0 MB stacks, 0 MB globals, 20 P
gc 1957 @7.118s 3%: 0.093+0.46+0.035 ms clock, 1.8+0.31/0.68/0+0.71 ms cpu, 4->5->2 MB, 4 MB goal, 0 MB stacks, 0 MB globals, 20 P
gc 1958 @7.119s 3%: 0.066+0.41+0.098 ms clock, 1.3+0.33/0.55/0.083+1.9 ms cpu, 4->5->2 MB, 5 MB goal, 0 MB stacks, 0 MB globals, 20 P
gc 1959 @7.120s 3%: 0.062+0.57+0.063 ms clock, 1.2+0.30/0.64/0.019+1.2 ms cpu, 4->5->2 MB, 4 MB goal, 0 MB stacks, 0 MB globals, 20 P
gc 1960 @7.122s 3%: 0.095+0.36+0.019 ms clock, 1.9+0.29/0.57/0.069+0.38 ms cpu, 4->5->2 MB, 5 MB goal, 0 MB stacks, 0 MB globals, 20 P
gc 1961 @7.123s 3%: 0.061+0.50+0.045 ms clock, 1.2+0.22/0.69/0+0.91 ms cpu, 4->5->2 MB, 4 MB goal, 0 MB stacks, 0 MB globals, 20 P
gc 1962 @7.125s 3%: 0.051+0.33+0.018 ms clock, 1.0+0.25/0.62/0.003+0.37 ms cpu, 4->5->2 MB, 5 MB goal, 0 MB stacks, 0 MB globals, 20 P
gc 1963 @7.126s 3%: 0.093+0.49+0.068 ms clock, 1.8+0.43/0.52/0.12+1.3 ms cpu, 3->4->2 MB, 4 MB goal, 0 MB stacks, 0 MB globals, 20 P
gc 1964 @7.127s 3%: 0.037+0.38+0.066 ms clock, 0.74+0.23/0.67/0.084+1.3 ms cpu, 4->5->2 MB, 5 MB goal, 0 MB stacks, 0 MB globals, 20 P
gc 1965 @7.129s 3%: 0.079+0.40+0.049 ms clock, 1.5+0.24/0.59/0.002+0.99 ms cpu, 4->5->2 MB, 5 MB goal, 0 MB stacks, 0 MB globals, 20 P
gc 1966 @7.130s 3%: 0.10+0.44+0.066 ms clock, 2.1+0.25/0.72/0.003+1.3 ms cpu, 4->5->2 MB, 4 MB goal, 0 MB stacks, 0 MB globals, 20 P
gc 1967 @7.132s 3%: 0.026+0.48+0.040 ms clock, 0.52+0.19/0.56/0.039+0.80 ms cpu, 4->5->2 MB, 5 MB goal, 0 MB stacks, 0 MB globals, 20 P
gc 1968 @7.133s 3%: 0.068+0.38+0.072 ms clock, 1.3+0.39/0.74/0.017+1.4 ms cpu, 4->5->2 MB, 4 MB goal, 0 MB stacks, 0 MB globals, 20 P
gc 1969 @7.134s 3%: 0.062+0.39+0.010 ms clock, 1.2+0.26/0.66/0.010+0.21 ms cpu, 4->4->2 MB, 4 MB goal, 0 MB stacks, 0 MB globals, 20 P
gc 1970 @7.135s 3%: 0.071+0.35+0.019 ms clock, 1.4+0.31/0.62/0+0.38 ms cpu, 4->5->2 MB, 4 MB goal, 0 MB stacks, 0 MB globals, 20 P
gc 1971 @7.137s 3%: 0.038+0.41+0.063 ms clock, 0.77+0.26/0.66/0+1.2 ms cpu, 4->5->2 MB, 5 MB goal, 0 MB stacks, 0 MB globals, 20 P
gc 1972 @7.139s 3%: 0.028+0.40+0.091 ms clock, 0.56+0.19/0.66/0.11+1.8 ms cpu, 4->5->2 MB, 5 MB goal, 0 MB stacks, 0 MB globals, 20 P
gc 1973 @7.140s 3%: 0.071+0.48+0.039 ms clock, 1.4+0.39/0.58/0.004+0.79 ms cpu, 4->5->2 MB, 4 MB goal, 0 MB stacks, 0 MB globals, 20 P
gc 1974 @7.141s 3%: 0.066+0.41+0.091 ms clock, 1.3+0.24/0.64/0.013+1.8 ms cpu, 4->5->2 MB, 4 MB goal, 0 MB stacks, 0 MB globals, 20 P
gc 1975 @7.143s 3%: 0.070+0.33+0.053 ms clock, 1.4+0.25/0.58/0+1.0 ms cpu, 4->5->2 MB, 5 MB goal, 0 MB stacks, 0 MB globals, 20 P
gc 1976 @7.144s 3%: 0.042+0.30+0.074 ms clock, 0.84+0.33/0.67/0.015+1.4 ms cpu, 3->4->2 MB, 4 MB goal, 0 MB stacks, 0 MB globals, 20 P
gc 1977 @7.145s 3%: 0.079+0.52+0.056 ms clock, 1.5+0.34/0.63/0.024+1.1 ms cpu, 3->5->2 MB, 4 MB goal, 0 MB stacks, 0 MB globals, 20 P
gc 1978 @7.147s 3%: 0.079+0.56+0.089 ms clock, 1.5+0.42/0.69/0+1.7 ms cpu, 4->5->2 MB, 5 MB goal, 0 MB stacks, 0 MB globals, 20 P
gc 1979 @7.148s 3%: 0.030+0.42+0.023 ms clock, 0.61+0.23/0.71/0+0.47 ms cpu, 4->5->2 MB, 5 MB goal, 0 MB stacks, 0 MB globals, 20 P
gc 1980 @7.150s 3%: 0.079+0.32+0.066 ms clock, 1.5+0.40/0.64/0.027+1.3 ms cpu, 4->5->2 MB, 4 MB goal, 0 MB stacks, 0 MB globals, 20 P
gc 1981 @7.151s 3%: 0.047+0.49+0.062 ms clock, 0.94+0.26/0.62/0.036+1.2 ms cpu, 4->5->2 MB, 4 MB goal, 0 MB stacks, 0 MB globals, 20 P
gc 1982 @7.152s 3%: 0.039+0.41+0.043 ms clock, 0.79+0.40/0.66/0.016+0.87 ms cpu, 4->5->2 MB, 5 MB goal, 0 MB stacks, 0 MB globals, 20 P
gc 1983 @7.154s 3%: 0.024+0.52+0.080 ms clock, 0.48+0.26/0.64/0.14+1.6 ms cpu, 4->5->2 MB, 4 MB goal, 0 MB stacks, 0 MB globals, 20 P
gc 1984 @7.155s 3%: 0.022+0.38+0.10 ms clock, 0.45+0.16/0.70/0.001+2.0 ms cpu, 4->5->2 MB, 5 MB goal, 0 MB stacks, 0 MB globals, 20 P
gc 1985 @7.156s 3%: 0.068+0.51+0.071 ms clock, 1.3+0.31/0.71/0.012+1.4 ms cpu, 3->4->2 MB, 4 MB goal, 0 MB stacks, 0 MB globals, 20 P
gc 1986 @7.158s 3%: 0.050+0.31+0.087 ms clock, 1.0+0.38/0.65/0+1.7 ms cpu, 4->5->2 MB, 5 MB goal, 0 MB stacks, 0 MB globals, 20 P
gc 1987 @7.159s 3%: 0.070+0.36+0.086 ms clock, 1.4+0.29/0.63/0.023+1.7 ms cpu, 4->5->2 MB, 5 MB goal, 0 MB stacks, 0 MB globals, 20 P
gc 1988 @7.160s 3%: 0.077+0.45+0.045 ms clock, 1.5+0.30/0.61/0.017+0.90 ms cpu, 4->5->2 MB, 4 MB goal, 0 MB stacks, 0 MB globals, 20 P
gc 1989 @7.161s 3%: 0.10+0.31+0.078 ms clock, 2.0+0.33/0.64/0.011+1.5 ms cpu, 4->5->2 MB, 5 MB goal, 0 MB stacks, 0 MB globals, 20 P
gc 1990 @7.163s 3%: 0.069+0.43+0.040 ms clock, 1.3+0.21/0.63/0.006+0.80 ms cpu, 4->5->2 MB, 5 MB goal, 0 MB stacks, 0 MB globals, 20 P
gc 1991 @7.164s 3%: 0.092+0.45+0.074 ms clock, 1.8+0.29/0.65/0+1.4 ms cpu, 4->5->2 MB, 5 MB goal, 0 MB stacks, 0 MB globals, 20 P
gc 1992 @7.165s 3%: 0.048+0.39+0.045 ms clock, 0.96+0.27/0.53/0.052+0.90 ms cpu, 4->5->2 MB, 5 MB goal, 0 MB stacks, 0 MB globals, 20 P
gc 1993 @7.166s 3%: 0.062+0.26+0.009 ms clock, 1.2+0.35/0.64/0.069+0.19 ms cpu, 4->4->2 MB, 4 MB goal, 0 MB stacks, 0 MB globals, 20 P
gc 1994 @7.167s 3%: 0.040+0.40+0.075 ms clock, 0.80+0.23/0.56/0.049+1.5 ms cpu, 3->4->2 MB, 4 MB goal, 0 MB stacks, 0 MB globals, 20 P
gc 1995 @7.168s 3%: 0.079+0.32+0.048 ms clock, 1.5+0.43/0.52/0.001+0.96 ms cpu, 4->4->2 MB, 4 MB goal, 0 MB stacks, 0 MB globals, 20 P
gc 1996 @7.170s 3%: 0.057+0.35+0.077 ms clock, 1.1+0.40/0.62/0+1.5 ms cpu, 3->4->2 MB, 4 MB goal, 0 MB stacks, 0 MB globals, 20 P
gc 1997 @7.171s 3%: 0.075+0.39+0.073 ms clock, 1.5+0.22/0.65/0.056+1.4 ms cpu, 3->4->2 MB, 4 MB goal, 0 MB stacks, 0 MB globals, 20 P
gc 1998 @7.172s 3%: 0.071+0.36+0.072 ms clock, 1.4+0.33/0.61/0.11+1.4 ms cpu, 4->5->2 MB, 5 MB goal, 0 MB stacks, 0 MB globals, 20 P
gc 1999 @7.173s 3%: 0.061+0.36+0.064 ms clock, 1.2+0.27/0.59/0.011+1.2 ms cpu, 4->4->2 MB, 5 MB goal, 0 MB stacks, 0 MB globals, 20 P
gc 2000 @7.174s 3%: 0.072+0.45+0.063 ms clock, 1.4+0.29/0.60/0.033+1.2 ms cpu, 3->4->2 MB, 4 MB goal, 0 MB stacks, 0 MB globals, 20 P
gc 2001 @7.176s 3%: 0.067+0.42+0.070 ms clock, 1.3+0.34/0.61/0.059+1.4 ms cpu, 4->5->2 MB, 5 MB goal, 0 MB stacks, 0 MB globals, 20 P
gc 2002 @7.177s 3%: 0.052+0.39+0.064 ms clock, 1.0+0.48/0.64/0+1.2 ms cpu, 4->5->2 MB, 5 MB goal, 0 MB stacks, 0 MB globals, 20 P
gc 2003 @7.178s 3%: 0.069+0.40+0.066 ms clock, 1.3+0.28/0.57/0.035+1.3 ms cpu, 4->5->2 MB, 5 MB goal, 0 MB stacks, 0 MB globals, 20 P
gc 2004 @7.179s 3%: 0.062+0.37+0.091 ms clock, 1.2+0.40/0.69/0+1.8 ms cpu, 4->5->2 MB, 4 MB goal, 0 MB stacks, 0 MB globals, 20 P
gc 2005 @7.181s 3%: 0.076+0.36+0.067 ms clock, 1.5+0.31/0.59/0.032+1.3 ms cpu, 4->5->2 MB, 5 MB goal, 0 MB stacks, 0 MB globals, 20 P
gc 2006 @7.182s 3%: 0.087+0.52+0.071 ms clock, 1.7+0.29/0.63/0.041+1.4 ms cpu, 4->5->2 MB, 4 MB goal, 0 MB stacks, 0 MB globals, 20 P
gc 2007 @7.183s 3%: 0.091+0.51+0.017 ms clock, 1.8+0.53/0.49/0+0.35 ms cpu, 4->5->2 MB, 5 MB goal, 0 MB stacks, 0 MB globals, 20 P
gc 2008 @7.185s 3%: 0.052+0.40+0.034 ms clock, 1.0+0.18/0.64/0.13+0.68 ms cpu, 4->5->2 MB, 5 MB goal, 0 MB stacks, 0 MB globals, 20 P
gc 2009 @7.186s 3%: 0.072+0.32+0.065 ms clock, 1.4+0.25/0.65/0+1.3 ms cpu, 4->5->2 MB, 5 MB goal, 0 MB stacks, 0 MB globals, 20 P
gc 2010 @7.187s 3%: 0.078+0.48+0.053 ms clock, 1.5+0.29/0.68/0.011+1.0 ms cpu, 3->4->2 MB, 4 MB goal, 0 MB stacks, 0 MB globals, 20 P
gc 2011 @7.189s 3%: 0.061+0.23+0.038 ms clock, 1.2+0.31/0.60/0.037+0.77 ms cpu, 4->4->2 MB, 5 MB goal, 0 MB stacks, 0 MB globals, 20 P
gc 2012 @7.189s 3%: 0.042+0.47+0.071 ms clock, 0.84+0.24/0.54/0.036+1.4 ms cpu, 3->4->2 MB, 4 MB goal, 0 MB stacks, 0 MB globals, 20 P
gc 2013 @7.191s 3%: 0.061+0.27+0.025 ms clock, 1.2+0.24/0.58/0.002+0.51 ms cpu, 4->5->2 MB, 5 MB goal, 0 MB stacks, 0 MB globals, 20 P
gc 2014 @7.192s 3%: 0.079+0.33+0.020 ms clock, 1.5+0.27/0.61/0.003+0.40 ms cpu, 3->4->2 MB, 4 MB goal, 0 MB stacks, 0 MB globals, 20 P
gc 2015 @7.193s 3%: 0.060+0.40+0.051 ms clock, 1.2+0.29/0.56/0.077+1.0 ms cpu, 4->5->2 MB, 4 MB goal, 0 MB stacks, 0 MB globals, 20 P
gc 2016 @7.195s 3%: 0.082+0.28+0.035 ms clock, 1.6+0.25/0.58/0.024+0.70 ms cpu, 4->4->2 MB, 5 MB goal, 0 MB stacks, 0 MB globals, 20 P
gc 2017 @7.196s 3%: 0.041+0.39+0.074 ms clock, 0.83+0.39/0.58/0+1.4 ms cpu, 3->4->2 MB, 4 MB goal, 0 MB stacks, 0 MB globals, 20 P
gc 2018 @7.197s 3%: 0.075+0.39+0.057 ms clock, 1.5+0.35/0.69/0.049+1.1 ms cpu, 4->5->2 MB, 4 MB goal, 0 MB stacks, 0 MB globals, 20 P
gc 2019 @7.199s 3%: 0.085+0.40+0.018 ms clock, 1.7+0.24/0.75/0.011+0.37 ms cpu, 4->5->2 MB, 4 MB goal, 0 MB stacks, 0 MB globals, 20 P
gc 2020 @7.200s 3%: 0.090+0.37+0.074 ms clock, 1.8+0.38/0.53/0+1.4 ms cpu, 4->5->2 MB, 5 MB goal, 0 MB stacks, 0 MB globals, 20 P
gc 2021 @7.201s 3%: 0.031+0.36+0.075 ms clock, 0.62+0.27/0.63/0.004+1.5 ms cpu, 4->5->2 MB, 5 MB goal, 0 MB stacks, 0 MB globals, 20 P
gc 2022 @7.203s 3%: 0.069+0.38+0.052 ms clock, 1.3+0.28/0.81/0.014+1.0 ms cpu, 3->4->2 MB, 4 MB goal, 0 MB stacks, 0 MB globals, 20 P
gc 2023 @7.204s 3%: 0.061+0.33+0.014 ms clock, 1.2+0.21/0.67/0+0.28 ms cpu, 3->4->2 MB, 4 MB goal, 0 MB stacks, 0 MB globals, 20 P
gc 2024 @7.205s 3%: 0.069+0.39+0.015 ms clock, 1.3+0.28/0.59/0.013+0.31 ms cpu, 4->5->2 MB, 4 MB goal, 0 MB stacks, 0 MB globals, 20 P
gc 2025 @7.207s 3%: 0.056+0.25+0.050 ms clock, 1.1+0.17/0.58/0.067+1.0 ms cpu, 4->4->2 MB, 4 MB goal, 0 MB stacks, 0 MB globals, 20 P
gc 2026 @7.208s 3%: 0.075+0.35+0.068 ms clock, 1.5+0.22/0.61/0.10+1.3 ms cpu, 3->4->2 MB, 4 MB goal, 0 MB stacks, 0 MB globals, 20 P
gc 2027 @7.209s 3%: 0.076+0.27+0.068 ms clock, 1.5+0.38/0.57/0.15+1.3 ms cpu, 4->4->2 MB, 4 MB goal, 0 MB stacks, 0 MB globals, 20 P
gc 2028 @7.210s 3%: 0.067+0.29+0.086 ms clock, 1.3+0.27/0.57/0.056+1.7 ms cpu, 3->4->2 MB, 4 MB goal, 0 MB stacks, 0 MB globals, 20 P
gc 2029 @7.211s 3%: 0.073+0.52+0.028 ms clock, 1.4+0.25/0.63/0.040+0.56 ms cpu, 3->4->2 MB, 4 MB goal, 0 MB stacks, 0 MB globals, 20 P
gc 2030 @7.212s 3%: 0.072+0.45+0.031 ms clock, 1.4+0.23/0.68/0+0.63 ms cpu, 4->5->2 MB, 5 MB goal, 0 MB stacks, 0 MB globals, 20 P
gc 2031 @7.214s 3%: 0.075+0.44+0.020 ms clock, 1.5+0.43/0.52/0.006+0.40 ms cpu, 4->5->2 MB, 4 MB goal, 0 MB stacks, 0 MB globals, 20 P
gc 2032 @7.215s 3%: 0.058+0.38+0.016 ms clock, 1.1+0.25/0.62/0+0.33 ms cpu, 4->5->2 MB, 5 MB goal, 0 MB stacks, 0 MB globals, 20 P
gc 2033 @7.217s 3%: 0.059+0.48+0.024 ms clock, 1.1+0.29/0.54/0.009+0.49 ms cpu, 3->5->2 MB, 4 MB goal, 0 MB stacks, 0 MB globals, 20 P
gc 2034 @7.218s 3%: 0.062+0.40+0.064 ms clock, 1.2+0.21/0.52/0.10+1.2 ms cpu, 4->5->2 MB, 5 MB goal, 0 MB stacks, 0 MB globals, 20 P
gc 2035 @7.219s 3%: 0.072+0.32+0.075 ms clock, 1.4+0.30/0.62/0.009+1.5 ms cpu, 4->4->2 MB, 5 MB goal, 0 MB stacks, 0 MB globals, 20 P
gc 2036 @7.220s 3%: 0.058+0.50+0.054 ms clock, 1.1+0.12/0.74/0.019+1.0 ms cpu, 4->5->2 MB, 4 MB goal, 0 MB stacks, 0 MB globals, 20 P
gc 2037 @7.222s 3%: 0.071+0.28+0.058 ms clock, 1.4+0.26/0.60/0+1.1 ms cpu, 4->5->2 MB, 5 MB goal, 0 MB stacks, 0 MB globals, 20 P
gc 2038 @7.223s 3%: 0.077+0.38+0.013 ms clock, 1.5+0.32/0.61/0+0.27 ms cpu, 4->5->2 MB, 4 MB goal, 0 MB stacks, 0 MB globals, 20 P
gc 2039 @7.224s 3%: 0.064+0.35+0.037 ms clock, 1.2+0.27/0.66/0.005+0.75 ms cpu, 4->5->2 MB, 5 MB goal, 0 MB stacks, 0 MB globals, 20 P
gc 2040 @7.225s 3%: 0.061+0.54+0.057 ms clock, 1.2+0.28/0.55/0.10+1.1 ms cpu, 4->5->2 MB, 5 MB goal, 0 MB stacks, 0 MB globals, 20 P
gc 2041 @7.227s 3%: 0.10+0.35+0.020 ms clock, 2.0+0.34/0.73/0.045+0.41 ms cpu, 4->5->2 MB, 5 MB goal, 0 MB stacks, 0 MB globals, 20 P
gc 2042 @7.228s 3%: 0.081+0.41+0.025 ms clock, 1.6+0.25/0.65/0+0.50 ms cpu, 3->4->2 MB, 4 MB goal, 0 MB stacks, 0 MB globals, 20 P
gc 2043 @7.230s 3%: 0.049+0.51+0.077 ms clock, 0.99+0.30/0.48/0.052+1.5 ms cpu, 4->5->2 MB, 4 MB goal, 0 MB stacks, 0 MB globals, 20 P
gc 2044 @7.231s 3%: 0.074+0.29+0.024 ms clock, 1.4+0.33/0.61/0.096+0.49 ms cpu, 4->5->2 MB, 5 MB goal, 0 MB stacks, 0 MB globals, 20 P
gc 2045 @7.232s 3%: 0.079+0.31+0.057 ms clock, 1.5+0.30/0.63/0.013+1.1 ms cpu, 3->4->2 MB, 4 MB goal, 0 MB stacks, 0 MB globals, 20 P
gc 2046 @7.233s 3%: 0.028+0.40+0.009 ms clock, 0.57+0.24/0.67/0.002+0.18 ms cpu, 3->4->2 MB, 4 MB goal, 0 MB stacks, 0 MB globals, 20 P
gc 2047 @7.235s 3%: 0.073+0.30+0.050 ms clock, 1.4+0.28/0.59/0.016+1.0 ms cpu, 4->4->2 MB, 4 MB goal, 0 MB stacks, 0 MB globals, 20 P
gc 2048 @7.236s 3%: 0.047+0.32+0.051 ms clock, 0.95+0.26/0.57/0+1.0 ms cpu, 4->4->2 MB, 4 MB goal, 0 MB stacks, 0 MB globals, 20 P
gc 2049 @7.237s 3%: 0.071+0.46+0.037 ms clock, 1.4+0.40/0.78/0.001+0.74 ms cpu, 3->4->2 MB, 4 MB goal, 0 MB stacks, 0 MB globals, 20 P
gc 2050 @7.239s 3%: 0.045+0.48+0.020 ms clock, 0.90+0.30/0.60/0.026+0.41 ms cpu, 4->5->2 MB, 5 MB goal, 0 MB stacks, 0 MB globals, 20 P
gc 2051 @7.240s 3%: 0.070+0.48+0.072 ms clock, 1.4+0.20/0.62/0+1.4 ms cpu, 4->5->2 MB, 5 MB goal, 0 MB stacks, 0 MB globals, 20 P
gc 2052 @7.242s 3%: 0.079+0.41+0.076 ms clock, 1.5+0.36/0.66/0.003+1.5 ms cpu, 4->5->2 MB, 5 MB goal, 0 MB stacks, 0 MB globals, 20 P
gc 2053 @7.243s 3%: 0.042+0.33+0.020 ms clock, 0.84+0.28/0.68/0.091+0.41 ms cpu, 4->5->2 MB, 5 MB goal, 0 MB stacks, 0 MB globals, 20 P
gc 2054 @7.244s 3%: 0.041+0.47+0.068 ms clock, 0.83+0.31/0.61/0.032+1.3 ms cpu, 4->4->2 MB, 4 MB goal, 0 MB stacks, 0 MB globals, 20 P
gc 2055 @7.245s 3%: 0.071+0.58+0.060 ms clock, 1.4+0.44/0.59/0.028+1.2 ms cpu, 3->4->2 MB, 4 MB goal, 0 MB stacks, 0 MB globals, 20 P
gc 2056 @7.247s 3%: 0.036+0.28+0.029 ms clock, 0.72+0.23/0.63/0+0.58 ms cpu, 4->5->2 MB, 5 MB goal, 0 MB stacks, 0 MB globals, 20 P
gc 2057 @7.248s 3%: 0.056+0.29+0.014 ms clock, 1.1+0.28/0.60/0+0.28 ms cpu, 3->4->2 MB, 4 MB goal, 0 MB stacks, 0 MB globals, 20 P
gc 2058 @7.250s 3%: 0.075+0.38+0.028 ms clock, 1.5+0.24/0.70/0.003+0.57 ms cpu, 4->5->2 MB, 4 MB goal, 0 MB stacks, 0 MB globals, 20 P
gc 2059 @7.251s 3%: 0.063+0.39+0.055 ms clock, 1.2+0.25/0.70/0.022+1.1 ms cpu, 4->5->2 MB, 4 MB goal, 0 MB stacks, 0 MB globals, 20 P
gc 2060 @7.252s 3%: 0.068+0.41+0.073 ms clock, 1.3+0.39/0.63/0+1.4 ms cpu, 4->5->2 MB, 5 MB goal, 0 MB stacks, 0 MB globals, 20 P
gc 2061 @7.254s 3%: 0.067+0.28+0.066 ms clock, 1.3+0.35/0.62/0+1.3 ms cpu, 4->4->2 MB, 5 MB goal, 0 MB stacks, 0 MB globals, 20 P
gc 2062 @7.255s 3%: 0.037+0.29+0.058 ms clock, 0.75+0.42/0.57/0.045+1.1 ms cpu, 3->4->2 MB, 4 MB goal, 0 MB stacks, 0 MB globals, 20 P
gc 2063 @7.256s 3%: 0.057+0.41+0.085 ms clock, 1.1+0.47/0.57/0.060+1.7 ms cpu, 3->4->2 MB, 4 MB goal, 0 MB stacks, 0 MB globals, 20 P
gc 2064 @7.258s 3%: 0.099+0.49+0.061 ms clock, 1.9+0.45/0.66/0+1.2 ms cpu, 4->6->2 MB, 5 MB goal, 0 MB stacks, 0 MB globals, 20 P
gc 2065 @7.260s 3%: 0.034+0.32+0.064 ms clock, 0.68+0.24/0.64/0.019+1.2 ms cpu, 4->5->2 MB, 5 MB goal, 0 MB stacks, 0 MB globals, 20 P
gc 2066 @7.261s 3%: 0.054+0.52+0.035 ms clock, 1.0+0.41/0.65/0.057+0.71 ms cpu, 3->5->2 MB, 4 MB goal, 0 MB stacks, 0 MB globals, 20 P
gc 2067 @7.262s 3%: 0.039+0.39+0.041 ms clock, 0.78+0.19/0.69/0.002+0.83 ms cpu, 4->5->2 MB, 5 MB goal, 0 MB stacks, 0 MB globals, 20 P
gc 2068 @7.263s 3%: 0.066+0.48+0.031 ms clock, 1.3+0.25/0.62/0.005+0.62 ms cpu, 4->5->2 MB, 4 MB goal, 0 MB stacks, 0 MB globals, 20 P
gc 2069 @7.264s 3%: 0.069+0.32+0.068 ms clock, 1.3+0.28/0.63/0.014+1.3 ms cpu, 4->5->2 MB, 5 MB goal, 0 MB stacks, 0 MB globals, 20 P
gc 2070 @7.266s 3%: 0.079+0.41+0.054 ms clock, 1.5+0.27/0.72/0.008+1.0 ms cpu, 4->5->2 MB, 4 MB goal, 0 MB stacks, 0 MB globals, 20 P
gc 2071 @7.267s 3%: 0.068+0.32+0.084 ms clock, 1.3+0.27/0.61/0.022+1.6 ms cpu, 4->5->2 MB, 5 MB goal, 0 MB stacks, 0 MB globals, 20 P
gc 2072 @7.268s 3%: 0.070+0.51+0.028 ms clock, 1.4+0.40/0.59/0.006+0.56 ms cpu, 4->5->2 MB, 4 MB goal, 0 MB stacks, 0 MB globals, 20 P
gc 2073 @7.269s 3%: 0.060+0.53+0.031 ms clock, 1.2+0.22/0.61/0.025+0.63 ms cpu, 4->5->2 MB, 5 MB goal, 0 MB stacks, 0 MB globals, 20 P
gc 2074 @7.271s 3%: 0.081+0.44+0.039 ms clock, 1.6+0.35/0.50/0.086+0.78 ms cpu, 4->5->2 MB, 5 MB goal, 0 MB stacks, 0 MB globals, 20 P
gc 2075 @7.272s 3%: 0.071+0.55+0.052 ms clock, 1.4+0.23/0.64/0.018+1.0 ms cpu, 4->5->2 MB, 5 MB goal, 0 MB stacks, 0 MB globals, 20 P
gc 2076 @7.274s 3%: 0.069+0.42+0.077 ms clock, 1.3+0.34/0.58/0.043+1.5 ms cpu, 4->5->2 MB, 5 MB goal, 0 MB stacks, 0 MB globals, 20 P
gc 2077 @7.275s 3%: 0.077+0.33+0.066 ms clock, 1.5+0.29/0.66/0.025+1.3 ms cpu, 4->5->2 MB, 5 MB goal, 0 MB stacks, 0 MB globals, 20 P
gc 2078 @7.276s 3%: 0.058+0.31+0.034 ms clock, 1.1+0.22/0.66/0.023+0.68 ms cpu, 4->4->2 MB, 5 MB goal, 0 MB stacks, 0 MB globals, 20 P
gc 2079 @7.277s 3%: 0.086+0.54+0.048 ms clock, 1.7+0.23/0.67/0.031+0.96 ms cpu, 4->5->2 MB, 4 MB goal, 0 MB stacks, 0 MB globals, 20 P
gc 2080 @7.279s 3%: 0.052+0.32+0.061 ms clock, 1.0+0.32/0.63/0.065+1.2 ms cpu, 4->5->2 MB, 5 MB goal, 0 MB stacks, 0 MB globals, 20 P
gc 2081 @7.280s 3%: 0.079+0.42+0.088 ms clock, 1.5+0.41/0.59/0.055+1.7 ms cpu, 4->5->2 MB, 4 MB goal, 0 MB stacks, 0 MB globals, 20 P
gc 2082 @7.281s 3%: 0.064+0.35+0.036 ms clock, 1.2+0.33/0.66/0+0.73 ms cpu, 4->5->2 MB, 5 MB goal, 0 MB stacks, 0 MB globals, 20 P
gc 2083 @7.282s 3%: 0.10+0.45+0.087 ms clock, 2.1+0.33/0.58/0.049+1.7 ms cpu, 4->5->2 MB, 5 MB goal, 0 MB stacks, 0 MB globals, 20 P
gc 2084 @7.284s 3%: 0.057+0.34+0.069 ms clock, 1.1+0.40/0.59/0.025+1.3 ms cpu, 4->5->2 MB, 5 MB goal, 0 MB stacks, 0 MB globals, 20 P
gc 2085 @7.285s 3%: 0.085+0.43+0.065 ms clock, 1.7+0.53/0.65/0+1.3 ms cpu, 4->5->2 MB, 5 MB goal, 0 MB stacks, 0 MB globals, 20 P
gc 2086 @7.287s 3%: 0.069+0.39+0.059 ms clock, 1.3+0.29/0.70/0+1.1 ms cpu, 4->5->2 MB, 5 MB goal, 0 MB stacks, 0 MB globals, 20 P
gc 2087 @7.288s 3%: 0.074+0.34+0.061 ms clock, 1.4+0.30/0.53/0.035+1.2 ms cpu, 4->5->2 MB, 5 MB goal, 0 MB stacks, 0 MB globals, 20 P
gc 2088 @7.289s 3%: 0.058+0.35+0.012 ms clock, 1.1+0.34/0.72/0.22+0.24 ms cpu, 4->4->2 MB, 5 MB goal, 0 MB stacks, 0 MB globals, 20 P
gc 2089 @7.290s 3%: 0.028+0.39+0.071 ms clock, 0.57+0.20/0.72/0+1.4 ms cpu, 3->4->2 MB, 4 MB goal, 0 MB stacks, 0 MB globals, 20 P
gc 2090 @7.291s 3%: 0.081+0.40+0.010 ms clock, 1.6+0.35/0.69/0.009+0.20 ms cpu, 3->4->2 MB, 4 MB goal, 0 MB stacks, 0 MB globals, 20 P
gc 2091 @7.293s 3%: 0.089+0.32+0.053 ms clock, 1.7+0.49/0.61/0.004+1.0 ms cpu, 4->5->2 MB, 5 MB goal, 0 MB stacks, 0 MB globals, 20 P
gc 2092 @7.294s 3%: 0.060+0.44+0.055 ms clock, 1.2+0.38/0.64/0.006+1.1 ms cpu, 4->5->2 MB, 4 MB goal, 0 MB stacks, 0 MB globals, 20 P
gc 2093 @7.295s 3%: 0.023+0.41+0.054 ms clock, 0.47+0.24/0.64/0.058+1.0 ms cpu, 4->5->2 MB, 5 MB goal, 0 MB stacks, 0 MB globals, 20 P
gc 2094 @7.297s 3%: 0.056+0.43+0.058 ms clock, 1.1+0.31/0.61/0.047+1.1 ms cpu, 4->5->2 MB, 5 MB goal, 0 MB stacks, 0 MB globals, 20 P
gc 2095 @7.298s 3%: 0.069+0.25+0.063 ms clock, 1.3+0.27/0.58/0.066+1.2 ms cpu, 4->5->2 MB, 5 MB goal, 0 MB stacks, 0 MB globals, 20 P
gc 2096 @7.299s 3%: 0.11+0.28+0.042 ms clock, 2.2+0.41/0.60/0.028+0.85 ms cpu, 3->4->2 MB, 4 MB goal, 0 MB stacks, 0 MB globals, 20 P
gc 2097 @7.300s 3%: 0.10+0.53+0.044 ms clock, 2.1+0.24/0.71/0.085+0.88 ms cpu, 4->5->2 MB, 4 MB goal, 0 MB stacks, 0 MB globals, 20 P
gc 2098 @7.302s 3%: 0.034+0.49+0.017 ms clock, 0.69+0.37/0.57/0.009+0.35 ms cpu, 4->5->2 MB, 5 MB goal, 0 MB stacks, 0 MB globals, 20 P
gc 2099 @7.303s 3%: 0.090+0.45+0.072 ms clock, 1.8+0.20/0.70/0.001+1.4 ms cpu, 4->5->2 MB, 5 MB goal, 0 MB stacks, 0 MB globals, 20 P
gc 2100 @7.305s 3%: 0.042+0.38+0.047 ms clock, 0.84+0.29/0.73/0.015+0.95 ms cpu, 4->5->2 MB, 5 MB goal, 0 MB stacks, 0 MB globals, 20 P
gc 2101 @7.307s 3%: 0.088+0.42+0.094 ms clock, 1.7+0.40/0.65/0.044+1.8 ms cpu, 3->4->2 MB, 4 MB goal, 0 MB stacks, 0 MB globals, 20 P
gc 2102 @7.308s 3%: 0.077+0.33+0.091 ms clock, 1.5+0.15/0.64/0+1.8 ms cpu, 4->4->2 MB, 4 MB goal, 0 MB stacks, 0 MB globals, 20 P
gc 2103 @7.309s 3%: 0.073+0.37+0.066 ms clock, 1.4+0.33/0.61/0+1.3 ms cpu, 4->5->2 MB, 4 MB goal, 0 MB stacks, 0 MB globals, 20 P
gc 2104 @7.310s 3%: 0.054+0.40+0.056 ms clock, 1.0+0.40/0.68/0.004+1.1 ms cpu, 4->5->2 MB, 5 MB goal, 0 MB stacks, 0 MB globals, 20 P
gc 2105 @7.312s 3%: 0.081+0.41+0.034 ms clock, 1.6+0.31/0.63/0.053+0.68 ms cpu, 4->5->2 MB, 5 MB goal, 0 MB stacks, 0 MB globals, 20 P
gc 2106 @7.313s 3%: 0.10+0.38+0.027 ms clock, 2.0+0.36/0.57/0+0.55 ms cpu, 4->5->2 MB, 5 MB goal, 0 MB stacks, 0 MB globals, 20 P
gc 2107 @7.315s 3%: 0.070+0.30+0.059 ms clock, 1.4+0.21/0.60/0.001+1.1 ms cpu, 4->5->2 MB, 5 MB goal, 0 MB stacks, 0 MB globals, 20 P
gc 2108 @7.316s 3%: 0.11+0.61+0.069 ms clock, 2.2+0.26/0.67/0+1.3 ms cpu, 3->5->2 MB, 4 MB goal, 0 MB stacks, 0 MB globals, 20 P
gc 2109 @7.318s 3%: 0.054+0.36+0.024 ms clock, 1.0+0.37/0.72/0.001+0.48 ms cpu, 4->6->2 MB, 5 MB goal, 0 MB stacks, 0 MB globals, 20 P
gc 2110 @7.319s 3%: 0.076+0.49+0.079 ms clock, 1.5+0.39/0.61/0+1.5 ms cpu, 4->5->2 MB, 5 MB goal, 0 MB stacks, 0 MB globals, 20 P
gc 2111 @7.321s 3%: 0.075+0.50+0.034 ms clock, 1.5+0.23/0.60/0.015+0.68 ms cpu, 4->5->2 MB, 5 MB goal, 0 MB stacks, 0 MB globals, 20 P
gc 2112 @7.322s 3%: 0.081+0.35+0.074 ms clock, 1.6+0.32/0.54/0.001+1.4 ms cpu, 4->5->2 MB, 5 MB goal, 0 MB stacks, 0 MB globals, 20 P
gc 2113 @7.323s 3%: 0.074+0.43+0.10 ms clock, 1.4+0.29/0.51/0.073+2.1 ms cpu, 4->5->2 MB, 5 MB goal, 0 MB stacks, 0 MB globals, 20 P
gc 2114 @7.325s 3%: 0.031+0.33+0.013 ms clock, 0.63+0.18/0.66/0.10+0.26 ms cpu, 4->5->2 MB, 5 MB goal, 0 MB stacks, 0 MB globals, 20 P
gc 2115 @7.326s 3%: 0.051+0.28+0.073 ms clock, 1.0+0.47/0.65/0.025+1.4 ms cpu, 3->4->2 MB, 4 MB goal, 0 MB stacks, 0 MB globals, 20 P
gc 2116 @7.327s 3%: 0.083+0.30+0.023 ms clock, 1.6+0.46/0.62/0.018+0.47 ms cpu, 3->4->2 MB, 4 MB goal, 0 MB stacks, 0 MB globals, 20 P
gc 2117 @7.328s 3%: 0.034+0.34+0.077 ms clock, 0.69+0.20/0.61/0.023+1.5 ms cpu, 4->4->2 MB, 4 MB goal, 0 MB stacks, 0 MB globals, 20 P
gc 2118 @7.329s 3%: 0.069+0.32+0.027 ms clock, 1.3+0.28/0.62/0.092+0.55 ms cpu, 4->4->2 MB, 4 MB goal, 0 MB stacks, 0 MB globals, 20 P
gc 2119 @7.331s 3%: 0.032+0.38+0.067 ms clock, 0.65+0.30/0.58/0.073+1.3 ms cpu, 4->4->2 MB, 4 MB goal, 0 MB stacks, 0 MB globals, 20 P
gc 2120 @7.332s 3%: 0.076+0.34+0.055 ms clock, 1.5+0.30/0.63/0+1.1 ms cpu, 4->5->2 MB, 5 MB goal, 0 MB stacks, 0 MB globals, 20 P
gc 2121 @7.333s 3%: 0.084+0.52+0.037 ms clock, 1.6+0.34/0.51/0.079+0.75 ms cpu, 4->5->2 MB, 5 MB goal, 0 MB stacks, 0 MB globals, 20 P
gc 2122 @7.335s 3%: 0.039+0.33+0.017 ms clock, 0.78+0.23/0.63/0.15+0.35 ms cpu, 4->5->2 MB, 5 MB goal, 0 MB stacks, 0 MB globals, 20 P
gc 2123 @7.336s 3%: 0.043+0.32+0.041 ms clock, 0.86+0.38/0.57/0.077+0.83 ms cpu, 4->4->2 MB, 5 MB goal, 0 MB stacks, 0 MB globals, 20 P
gc 2124 @7.337s 3%: 0.040+0.35+0.052 ms clock, 0.80+0.38/0.74/0+1.0 ms cpu, 4->5->2 MB, 4 MB goal, 0 MB stacks, 0 MB globals, 20 P
gc 2125 @7.338s 3%: 0.041+0.38+0.065 ms clock, 0.82+0.34/0.59/0.063+1.3 ms cpu, 4->5->2 MB, 5 MB goal, 0 MB stacks, 0 MB globals, 20 P
gc 2126 @7.339s 3%: 0.062+0.33+0.060 ms clock, 1.2+0.28/0.61/0.018+1.2 ms cpu, 4->5->2 MB, 5 MB goal, 0 MB stacks, 0 MB globals, 20 P
gc 2127 @7.340s 3%: 0.080+0.42+0.060 ms clock, 1.6+0.41/0.58/0+1.2 ms cpu, 4->5->2 MB, 4 MB goal, 0 MB stacks, 0 MB globals, 20 P
gc 2128 @7.341s 3%: 0.062+0.45+0.048 ms clock, 1.2+0.30/0.64/0.036+0.96 ms cpu, 4->5->2 MB, 5 MB goal, 0 MB stacks, 0 MB globals, 20 P
gc 2129 @7.343s 3%: 0.045+0.27+0.013 ms clock, 0.90+0.24/0.64/0.052+0.27 ms cpu, 4->4->2 MB, 5 MB goal, 0 MB stacks, 0 MB globals, 20 P
gc 2130 @7.344s 3%: 0.075+0.52+0.018 ms clock, 1.5+0.36/0.65/0.028+0.37 ms cpu, 3->4->2 MB, 4 MB goal, 0 MB stacks, 0 MB globals, 20 P
gc 2131 @7.346s 3%: 0.082+0.31+0.060 ms clock, 1.6+0.32/0.67/0+1.2 ms cpu, 4->5->2 MB, 5 MB goal, 0 MB stacks, 0 MB globals, 20 P
gc 2132 @7.347s 3%: 0.069+0.25+0.082 ms clock, 1.3+0.35/0.54/0.049+1.6 ms cpu, 4->4->2 MB, 4 MB goal, 0 MB stacks, 0 MB globals, 20 P
gc 2133 @7.348s 3%: 0.10+0.29+0.094 ms clock, 2.1+0.34/0.63/0.006+1.8 ms cpu, 3->4->2 MB, 4 MB goal, 0 MB stacks, 0 MB globals, 20 P
gc 2134 @7.349s 3%: 0.087+0.36+0.11 ms clock, 1.7+0.33/0.56/0+2.2 ms cpu, 4->4->2 MB, 4 MB goal, 0 MB stacks, 0 MB globals, 20 P
gc 2135 @7.350s 3%: 0.082+0.36+0.018 ms clock, 1.6+0.30/0.70/0+0.36 ms cpu, 4->5->2 MB, 5 MB goal, 0 MB stacks, 0 MB globals, 20 P
gc 2136 @7.351s 3%: 0.079+0.27+0.059 ms clock, 1.5+0.29/0.54/0.14+1.1 ms cpu, 4->4->2 MB, 4 MB goal, 0 MB stacks, 0 MB globals, 20 P
gc 2137 @7.352s 3%: 0.069+0.39+0.016 ms clock, 1.3+0.40/0.70/0.053+0.33 ms cpu, 3->4->2 MB, 4 MB goal, 0 MB stacks, 0 MB globals, 20 P
gc 2138 @7.353s 3%: 0.078+0.49+0.069 ms clock, 1.5+0.24/0.59/0.002+1.3 ms cpu, 4->5->2 MB, 4 MB goal, 0 MB stacks, 0 MB globals, 20 P
gc 2139 @7.354s 3%: 0.046+0.39+0.070 ms clock, 0.92+0.33/0.59/0.005+1.4 ms cpu, 4->5->2 MB, 5 MB goal, 0 MB stacks, 0 MB globals, 20 P
gc 2140 @7.356s 3%: 0.070+0.37+0.087 ms clock, 1.4+0.29/0.63/0.013+1.7 ms cpu, 4->5->2 MB, 5 MB goal, 0 MB stacks, 0 MB globals, 20 P
gc 2141 @7.357s 3%: 0.064+0.41+0.055 ms clock, 1.2+0.26/0.77/0.025+1.1 ms cpu, 4->5->2 MB, 5 MB goal, 0 MB stacks, 0 MB globals, 20 P
gc 2142 @7.359s 3%: 0.069+0.52+0.057 ms clock, 1.3+0.30/0.58/0+1.1 ms cpu, 4->5->2 MB, 5 MB goal, 0 MB stacks, 0 MB globals, 20 P
gc 2143 @7.360s 3%: 0.081+0.48+0.059 ms clock, 1.6+0.28/0.66/0.042+1.1 ms cpu, 4->5->2 MB, 5 MB goal, 0 MB stacks, 0 MB globals, 20 P
gc 2144 @7.362s 3%: 0.094+0.41+0.070 ms clock, 1.8+0.38/0.60/0.022+1.4 ms cpu, 4->5->2 MB, 5 MB goal, 0 MB stacks, 0 MB globals, 20 P
gc 2145 @7.363s 3%: 0.070+0.28+0.071 ms clock, 1.4+0.25/0.64/0.010+1.4 ms cpu, 4->4->2 MB, 4 MB goal, 0 MB stacks, 0 MB globals, 20 P
gc 2146 @7.364s 3%: 0.070+0.40+0.10 ms clock, 1.4+0.34/0.67/0.057+2.0 ms cpu, 3->4->2 MB, 4 MB goal, 0 MB stacks, 0 MB globals, 20 P
gc 2147 @7.366s 3%: 0.064+0.56+0.047 ms clock, 1.2+0.31/0.52/0.11+0.95 ms cpu, 4->5->2 MB, 4 MB goal, 0 MB stacks, 0 MB globals, 20 P
gc 2148 @7.367s 3%: 0.068+0.38+0.12 ms clock, 1.3+0.26/0.55/0.045+2.5 ms cpu, 4->5->2 MB, 5 MB goal, 0 MB stacks, 0 MB globals, 20 P
gc 2149 @7.368s 3%: 0.095+0.33+0.051 ms clock, 1.9+0.35/0.56/0.042+1.0 ms cpu, 4->4->2 MB, 4 MB goal, 0 MB stacks, 0 MB globals, 20 P
gc 2150 @7.369s 3%: 0.082+0.45+0.066 ms clock, 1.6+0.36/0.59/0+1.3 ms cpu, 3->4->2 MB, 4 MB goal, 0 MB stacks, 0 MB globals, 20 P
gc 2151 @7.370s 3%: 0.045+0.36+0.063 ms clock, 0.91+0.30/0.61/0.001+1.2 ms cpu, 4->5->2 MB, 5 MB goal, 0 MB stacks, 0 MB globals, 20 P
gc 2152 @7.372s 3%: 0.078+0.27+0.074 ms clock, 1.5+0.28/0.51/0.15+1.4 ms cpu, 4->5->2 MB, 5 MB goal, 0 MB stacks, 0 MB globals, 20 P
gc 2153 @7.373s 3%: 0.054+0.45+0.004 ms clock, 1.0+0.23/0.67/0+0.094 ms cpu, 3->4->2 MB, 4 MB goal, 0 MB stacks, 0 MB globals, 20 P
gc 2154 @7.374s 3%: 0.070+0.62+0.066 ms clock, 1.4+0.41/0.70/0.021+1.3 ms cpu, 4->5->2 MB, 5 MB goal, 0 MB stacks, 0 MB globals, 20 P
gc 2155 @7.376s 3%: 0.076+0.35+0.081 ms clock, 1.5+0.32/0.62/0+1.6 ms cpu, 4->5->2 MB, 5 MB goal, 0 MB stacks, 0 MB globals, 20 P
gc 2156 @7.377s 4%: 0.067+0.38+0.066 ms clock, 1.3+0.36/0.60/0.025+1.3 ms cpu, 4->5->2 MB, 5 MB goal, 0 MB stacks, 0 MB globals, 20 P
gc 2157 @7.379s 4%: 0.032+0.27+0.048 ms clock, 0.65+0.45/0.60/0.045+0.96 ms cpu, 4->4->2 MB, 5 MB goal, 0 MB stacks, 0 MB globals, 20 P
gc 2158 @7.380s 4%: 0.073+0.46+0.067 ms clock, 1.4+0.38/0.63/0.005+1.3 ms cpu, 3->4->2 MB, 4 MB goal, 0 MB stacks, 0 MB globals, 20 P
gc 2159 @7.381s 4%: 0.074+0.44+0.065 ms clock, 1.4+0.32/0.61/0.006+1.3 ms cpu, 4->5->2 MB, 5 MB goal, 0 MB stacks, 0 MB globals, 20 P
gc 2160 @7.383s 4%: 0.025+0.35+0.076 ms clock, 0.50+0.24/0.72/0.020+1.5 ms cpu, 4->5->2 MB, 5 MB goal, 0 MB stacks, 0 MB globals, 20 P
gc 2161 @7.384s 4%: 0.071+0.32+0.019 ms clock, 1.4+0.34/0.59/0+0.38 ms cpu, 4->4->2 MB, 5 MB goal, 0 MB stacks, 0 MB globals, 20 P
gc 2162 @7.385s 4%: 0.063+0.45+0.059 ms clock, 1.2+0.58/0.56/0.012+1.1 ms cpu, 4->5->2 MB, 4 MB goal, 0 MB stacks, 0 MB globals, 20 P
gc 2163 @7.386s 4%: 0.044+0.32+0.032 ms clock, 0.88+0.21/0.64/0.001+0.65 ms cpu, 4->5->2 MB, 5 MB goal, 0 MB stacks, 0 MB globals, 20 P
gc 2164 @7.387s 4%: 0.063+0.26+0.089 ms clock, 1.2+0.30/0.57/0.075+1.7 ms cpu, 4->4->2 MB, 4 MB goal, 0 MB stacks, 0 MB globals, 20 P
gc 2165 @7.388s 4%: 0.043+0.36+0.056 ms clock, 0.87+0.50/0.62/0+1.1 ms cpu, 3->4->2 MB, 4 MB goal, 0 MB stacks, 0 MB globals, 20 P
gc 2166 @7.389s 4%: 0.10+0.30+0.050 ms clock, 2.0+0.29/0.66/0+1.0 ms cpu, 4->4->2 MB, 5 MB goal, 0 MB stacks, 0 MB globals, 20 P
gc 2167 @7.390s 4%: 0.075+0.40+0.014 ms clock, 1.5+0.22/0.66/0.041+0.29 ms cpu, 3->4->2 MB, 4 MB goal, 0 MB stacks, 0 MB globals, 20 P
gc 2168 @7.392s 4%: 0.070+0.39+0.072 ms clock, 1.4+0.31/0.65/0.030+1.4 ms cpu, 4->5->2 MB, 4 MB goal, 0 MB stacks, 0 MB globals, 20 P
gc 2169 @7.393s 4%: 0.037+0.40+0.050 ms clock, 0.75+0.26/0.72/0+1.0 ms cpu, 4->5->2 MB, 5 MB goal, 0 MB stacks, 0 MB globals, 20 P
gc 2170 @7.394s 4%: 0.076+0.45+0.067 ms clock, 1.5+0.36/0.72/0.008+1.3 ms cpu, 4->5->2 MB, 5 MB goal, 0 MB stacks, 0 MB globals, 20 P
gc 2171 @7.395s 4%: 0.061+0.38+0.033 ms clock, 1.2+0.34/0.54/0.060+0.66 ms cpu, 4->5->2 MB, 5 MB goal, 0 MB stacks, 0 MB globals, 20 P
gc 2172 @7.397s 4%: 0.069+0.45+0.044 ms clock, 1.3+0.32/0.54/0.018+0.88 ms cpu, 4->5->2 MB, 5 MB goal, 0 MB stacks, 0 MB globals, 20 P
gc 2173 @7.398s 4%: 0.052+0.42+0.060 ms clock, 1.0+0.29/0.69/0+1.2 ms cpu, 4->5->2 MB, 5 MB goal, 0 MB stacks, 0 MB globals, 20 P
gc 2174 @7.399s 4%: 0.075+0.37+0.066 ms clock, 1.5+0.34/0.68/0.046+1.3 ms cpu, 4->5->2 MB, 5 MB goal, 0 MB stacks, 0 MB globals, 20 P
gc 2175 @7.401s 4%: 0.082+0.38+0.067 ms clock, 1.6+0.34/0.60/0.061+1.3 ms cpu, 4->5->2 MB, 5 MB goal, 0 MB stacks, 0 MB globals, 20 P
gc 2176 @7.402s 4%: 0.087+0.41+0.063 ms clock, 1.7+0.34/0.67/0.075+1.2 ms cpu, 4->5->2 MB, 4 MB goal, 0 MB stacks, 0 MB globals, 20 P
gc 2177 @7.403s 4%: 0.083+0.38+0.059 ms clock, 1.6+0.42/0.65/0.004+1.1 ms cpu, 4->5->2 MB, 5 MB goal, 0 MB stacks, 0 MB globals, 20 P
gc 2178 @7.404s 4%: 0.045+0.52+0.069 ms clock, 0.91+0.27/0.71/0.011+1.3 ms cpu, 4->5->2 MB, 5 MB goal, 0 MB stacks, 0 MB globals, 20 P
gc 2179 @7.406s 4%: 0.052+0.29+0.080 ms clock, 1.0+0.39/0.54/0+1.6 ms cpu, 4->4->2 MB, 5 MB goal, 0 MB stacks, 0 MB globals, 20 P
gc 2180 @7.407s 4%: 0.086+0.34+0.069 ms clock, 1.7+0.40/0.57/0.052+1.3 ms cpu, 3->4->2 MB, 4 MB goal, 0 MB stacks, 0 MB globals, 20 P
gc 2181 @7.408s 4%: 0.066+0.37+0.053 ms clock, 1.3+0.21/0.68/0+1.0 ms cpu, 4->5->2 MB, 5 MB goal, 0 MB stacks, 0 MB globals, 20 P
gc 2182 @7.409s 4%: 0.067+0.34+0.058 ms clock, 1.3+0.24/0.70/0.023+1.1 ms cpu, 4->4->2 MB, 4 MB goal, 0 MB stacks, 0 MB globals, 20 P
gc 2183 @7.410s 4%: 0.079+0.28+0.078 ms clock, 1.5+0.38/0.55/0+1.5 ms cpu, 4->4->2 MB, 4 MB goal, 0 MB stacks, 0 MB globals, 20 P
gc 2184 @7.412s 4%: 0.067+0.32+0.076 ms clock, 1.3+0.35/0.60/0.052+1.5 ms cpu, 4->5->2 MB, 4 MB goal, 0 MB stacks, 0 MB globals, 20 P
gc 2185 @7.413s 4%: 0.081+0.63+0.064 ms clock, 1.6+0.45/0.53/0.030+1.2 ms cpu, 3->5->2 MB, 4 MB goal, 0 MB stacks, 0 MB globals, 20 P
gc 2186 @7.414s 4%: 0.068+0.67+0.016 ms clock, 1.3+0.32/0.67/0.002+0.32 ms cpu, 5->6->2 MB, 5 MB goal, 0 MB stacks, 0 MB globals, 20 P
gc 2187 @7.416s 4%: 0.073+0.42+0.038 ms clock, 1.4+0.12/0.60/0.014+0.77 ms cpu, 4->5->2 MB, 5 MB goal, 0 MB stacks, 0 MB globals, 20 P
gc 2188 @7.417s 4%: 0.12+0.59+0.063 ms clock, 2.4+0.35/0.64/0.026+1.2 ms cpu, 4->5->2 MB, 5 MB goal, 0 MB stacks, 0 MB globals, 20 P
gc 2189 @7.419s 4%: 0.014+0.30+0.035 ms clock, 0.29+0.061/0.73/0.049+0.71 ms cpu, 4->5->2 MB, 5 MB goal, 0 MB stacks, 0 MB globals, 20 P
gc 2190 @7.420s 4%: 0.10+0.32+0.077 ms clock, 2.0+0.35/0.64/0.002+1.5 ms cpu, 3->4->2 MB, 4 MB goal, 0 MB stacks, 0 MB globals, 20 P
gc 2191 @7.421s 4%: 0.076+0.36+0.028 ms clock, 1.5+0.43/0.69/0.001+0.56 ms cpu, 4->5->2 MB, 5 MB goal, 0 MB stacks, 0 MB globals, 20 P
gc 2192 @7.423s 4%: 0.053+0.35+0.076 ms clock, 1.0+0.32/0.59/0.035+1.5 ms cpu, 4->5->2 MB, 5 MB goal, 0 MB stacks, 0 MB globals, 20 P
gc 2193 @7.424s 4%: 0.078+0.29+0.043 ms clock, 1.5+0.41/0.55/0.043+0.86 ms cpu, 4->4->2 MB, 4 MB goal, 0 MB stacks, 0 MB globals, 20 P
gc 2194 @7.425s 4%: 0.094+0.26+0.076 ms clock, 1.8+0.26/0.57/0.017+1.5 ms cpu, 3->4->2 MB, 4 MB goal, 0 MB stacks, 0 MB globals, 20 P
gc 2195 @7.426s 4%: 0.067+0.44+0.019 ms clock, 1.3+0.17/0.71/0.15+0.38 ms cpu, 3->4->2 MB, 4 MB goal, 0 MB stacks, 0 MB globals, 20 P
gc 2196 @7.427s 4%: 0.096+0.45+0.014 ms clock, 1.9+0.39/0.67/0.022+0.28 ms cpu, 4->5->2 MB, 5 MB goal, 0 MB stacks, 0 MB globals, 20 P
gc 2197 @7.429s 4%: 0.039+0.50+0.066 ms clock, 0.79+0.40/0.58/0.014+1.3 ms cpu, 4->5->2 MB, 5 MB goal, 0 MB stacks, 0 MB globals, 20 P
gc 2198 @7.430s 4%: 0.10+0.38+0.060 ms clock, 2.0+0.31/0.73/0.005+1.2 ms cpu, 4->5->2 MB, 5 MB goal, 0 MB stacks, 0 MB globals, 20 P
gc 2199 @7.432s 4%: 0.071+0.45+0.066 ms clock, 1.4+0.32/0.66/0.022+1.3 ms cpu, 4->5->2 MB, 5 MB goal, 0 MB stacks, 0 MB globals, 20 P
gc 2200 @7.433s 4%: 0.10+0.34+0.026 ms clock, 2.1+0.40/0.68/0+0.52 ms cpu, 4->5->2 MB, 5 MB goal, 0 MB stacks, 0 MB globals, 20 P
gc 2201 @7.434s 4%: 0.055+0.47+0.032 ms clock, 1.1+0.42/0.68/0.016+0.64 ms cpu, 4->5->2 MB, 5 MB goal, 0 MB stacks, 0 MB globals, 20 P
gc 2202 @7.436s 4%: 0.062+0.47+0.050 ms clock, 1.2+0.27/0.57/0.029+1.0 ms cpu, 4->5->2 MB, 5 MB goal, 0 MB stacks, 0 MB globals, 20 P
gc 2203 @7.437s 4%: 0.066+0.50+0.026 ms clock, 1.3+0.39/0.63/0.010+0.53 ms cpu, 4->5->2 MB, 5 MB goal, 0 MB stacks, 0 MB globals, 20 P
gc 2204 @7.439s 4%: 0.043+0.42+0.012 ms clock, 0.87+0.29/0.68/0.007+0.25 ms cpu, 4->5->2 MB, 5 MB goal, 0 MB stacks, 0 MB globals, 20 P
gc 2205 @7.440s 4%: 0.085+0.67+0.044 ms clock, 1.7+0.28/0.59/0.008+0.88 ms cpu, 4->5->2 MB, 4 MB goal, 0 MB stacks, 0 MB globals, 20 P
gc 2206 @7.442s 4%: 0.055+0.37+0.069 ms clock, 1.1+0.37/0.55/0.019+1.3 ms cpu, 4->5->2 MB, 5 MB goal, 0 MB stacks, 0 MB globals, 20 P
gc 2207 @7.443s 4%: 0.10+0.45+0.055 ms clock, 2.1+0.43/0.66/0.036+1.1 ms cpu, 4->5->2 MB, 5 MB goal, 0 MB stacks, 0 MB globals, 20 P
gc 2208 @7.445s 4%: 0.062+0.34+0.064 ms clock, 1.2+0.40/0.74/0.041+1.2 ms cpu, 4->5->2 MB, 5 MB goal, 0 MB stacks, 0 MB globals, 20 P
gc 2209 @7.446s 4%: 0.067+0.46+0.080 ms clock, 1.3+0.27/0.60/0.025+1.6 ms cpu, 4->5->2 MB, 5 MB goal, 0 MB stacks, 0 MB globals, 20 P
gc 2210 @7.448s 4%: 0.089+0.36+0.054 ms clock, 1.7+0.17/0.70/0.028+1.0 ms cpu, 4->5->2 MB, 5 MB goal, 0 MB stacks, 0 MB globals, 20 P
gc 2211 @7.449s 4%: 0.045+0.27+0.040 ms clock, 0.91+0.22/0.60/0+0.80 ms cpu, 4->4->2 MB, 5 MB goal, 0 MB stacks, 0 MB globals, 20 P
gc 2212 @7.450s 4%: 0.064+0.38+0.069 ms clock, 1.2+0.43/0.71/0.019+1.3 ms cpu, 4->4->2 MB, 4 MB goal, 0 MB stacks, 0 MB globals, 20 P
gc 2213 @7.451s 4%: 0.055+0.44+0.066 ms clock, 1.1+0.35/0.60/0.036+1.3 ms cpu, 4->5->2 MB, 5 MB goal, 0 MB stacks, 0 MB globals, 20 P
gc 2214 @7.452s 4%: 0.081+0.44+0.031 ms clock, 1.6+0.25/0.68/0+0.63 ms cpu, 4->5->2 MB, 5 MB goal, 0 MB stacks, 0 MB globals, 20 P
gc 2215 @7.454s 4%: 0.070+0.35+0.059 ms clock, 1.4+0.39/0.62/0.033+1.1 ms cpu, 4->5->2 MB, 5 MB goal, 0 MB stacks, 0 MB globals, 20 P
gc 2216 @7.455s 4%: 0.068+0.56+0.024 ms clock, 1.3+0.28/0.57/0.004+0.49 ms cpu, 4->5->2 MB, 5 MB goal, 0 MB stacks, 0 MB globals, 20 P
gc 2217 @7.457s 4%: 0.087+0.41+0.074 ms clock, 1.7+0.32/0.66/0.008+1.4 ms cpu, 4->5->2 MB, 5 MB goal, 0 MB stacks, 0 MB globals, 20 P
gc 2218 @7.458s 4%: 0.10+0.32+0.098 ms clock, 2.0+0.41/0.71/0+1.9 ms cpu, 4->5->2 MB, 5 MB goal, 0 MB stacks, 0 MB globals, 20 P
gc 2219 @7.459s 4%: 0.075+0.30+0.11 ms clock, 1.5+0.32/0.52/0.061+2.2 ms cpu, 4->4->2 MB, 4 MB goal, 0 MB stacks, 0 MB globals, 20 P
gc 2220 @7.461s 4%: 0.073+0.35+0.057 ms clock, 1.4+0.30/0.61/0.079+1.1 ms cpu, 3->4->2 MB, 4 MB goal, 0 MB stacks, 0 MB globals, 20 P
gc 2221 @7.462s 4%: 0.078+0.31+0.057 ms clock, 1.5+0.29/0.59/0.043+1.1 ms cpu, 3->4->2 MB, 4 MB goal, 0 MB stacks, 0 MB globals, 20 P
gc 2222 @7.463s 4%: 0.064+0.24+0.070 ms clock, 1.2+0.33/0.56/0.047+1.4 ms cpu, 3->4->2 MB, 4 MB goal, 0 MB stacks, 0 MB globals, 20 P
gc 2223 @7.464s 4%: 0.065+0.36+0.025 ms clock, 1.3+0.24/0.63/0.059+0.50 ms cpu, 3->4->2 MB, 4 MB goal, 0 MB stacks, 0 MB globals, 20 P
gc 2224 @7.465s 4%: 0.082+0.50+0.027 ms clock, 1.6+0.27/0.60/0+0.55 ms cpu, 4->5->2 MB, 5 MB goal, 0 MB stacks, 0 MB globals, 20 P
gc 2225 @7.467s 4%: 0.070+0.50+0.057 ms clock, 1.4+0.29/0.59/0+1.1 ms cpu, 4->5->2 MB, 5 MB goal, 0 MB stacks, 0 MB globals, 20 P
gc 2226 @7.468s 4%: 0.066+0.31+0.009 ms clock, 1.3+0.31/0.61/0.069+0.18 ms cpu, 4->4->2 MB, 5 MB goal, 0 MB stacks, 0 MB globals, 20 P
gc 2227 @7.469s 4%: 0.087+0.36+0.005 ms clock, 1.7+0.50/0.65/0.010+0.11 ms cpu, 3->4->2 MB, 4 MB goal, 0 MB stacks, 0 MB globals, 20 P
gc 2228 @7.470s 4%: 0.071+0.30+0.044 ms clock, 1.4+0.29/0.60/0.015+0.89 ms cpu, 4->4->2 MB, 5 MB goal, 0 MB stacks, 0 MB globals, 20 P
gc 2229 @7.471s 4%: 0.061+0.46+0.079 ms clock, 1.2+0.41/0.67/0.060+1.5 ms cpu, 3->4->2 MB, 4 MB goal, 0 MB stacks, 0 MB globals, 20 P
gc 2230 @7.473s 4%: 0.054+0.27+0.031 ms clock, 1.0+0.25/0.68/0+0.62 ms cpu, 4->5->2 MB, 5 MB goal, 0 MB stacks, 0 MB globals, 20 P
gc 2231 @7.474s 4%: 0.037+0.54+0.029 ms clock, 0.75+0.33/0.50/0.18+0.59 ms cpu, 3->4->2 MB, 4 MB goal, 0 MB stacks, 0 MB globals, 20 P
gc 2232 @7.475s 4%: 0.045+0.37+0.038 ms clock, 0.90+0.31/0.56/0.049+0.76 ms cpu, 4->5->2 MB, 5 MB goal, 0 MB stacks, 0 MB globals, 20 P
gc 2233 @7.476s 4%: 0.079+0.40+0.059 ms clock, 1.5+0.39/0.61/0.010+1.1 ms cpu, 4->4->2 MB, 4 MB goal, 0 MB stacks, 0 MB globals, 20 P
gc 2234 @7.478s 4%: 0.081+0.46+0.043 ms clock, 1.6+0.31/0.53/0.032+0.86 ms cpu, 4->5->2 MB, 5 MB goal, 0 MB stacks, 0 MB globals, 20 P
gc 2235 @7.479s 4%: 0.030+0.70+0.046 ms clock, 0.60+0.16/0.79/0+0.93 ms cpu, 4->5->2 MB, 4 MB goal, 0 MB stacks, 0 MB globals, 20 P
gc 2236 @7.480s 4%: 0.060+0.33+0.032 ms clock, 1.2+0.33/0.58/0.090+0.65 ms cpu, 4->5->2 MB, 5 MB goal, 0 MB stacks, 0 MB globals, 20 P
gc 2237 @7.482s 4%: 0.059+0.37+0.055 ms clock, 1.1+0.41/0.60/0.026+1.1 ms cpu, 3->4->2 MB, 4 MB goal, 0 MB stacks, 0 MB globals, 20 P
gc 2238 @7.483s 4%: 0.084+0.37+0.022 ms clock, 1.6+0.36/0.57/0+0.45 ms cpu, 4->5->2 MB, 5 MB goal, 0 MB stacks, 0 MB globals, 20 P
gc 2239 @7.484s 4%: 0.039+0.33+0.057 ms clock, 0.79+0.36/0.66/0.067+1.1 ms cpu, 4->4->2 MB, 5 MB goal, 0 MB stacks, 0 MB globals, 20 P
gc 2240 @7.485s 4%: 0.073+0.44+0.012 ms clock, 1.4+0.41/0.69/0+0.25 ms cpu, 4->5->2 MB, 4 MB goal, 0 MB stacks, 0 MB globals, 20 P
gc 2241 @7.487s 4%: 0.064+0.43+0.075 ms clock, 1.2+0.35/0.54/0.026+1.5 ms cpu, 4->5->2 MB, 5 MB goal, 0 MB stacks, 0 MB globals, 20 P
gc 2242 @7.488s 4%: 0.051+0.30+0.070 ms clock, 1.0+0.25/0.65/0.013+1.4 ms cpu, 4->4->2 MB, 4 MB goal, 0 MB stacks, 0 MB globals, 20 P
gc 2243 @7.489s 4%: 0.050+0.34+0.074 ms clock, 1.0+0.33/0.58/0+1.4 ms cpu, 3->4->2 MB, 4 MB goal, 0 MB stacks, 0 MB globals, 20 P
gc 2244 @7.490s 4%: 0.049+0.46+0.070 ms clock, 0.99+0.36/0.61/0+1.4 ms cpu, 4->5->2 MB, 4 MB goal, 0 MB stacks, 0 MB globals, 20 P
gc 2245 @7.492s 4%: 0.036+0.64+0.067 ms clock, 0.73+0.28/0.66/0.007+1.3 ms cpu, 4->5->2 MB, 5 MB goal, 0 MB stacks, 0 MB globals, 20 P
gc 2246 @7.493s 4%: 0.035+0.44+0.078 ms clock, 0.70+0.10/0.62/0.15+1.5 ms cpu, 4->5->2 MB, 5 MB goal, 0 MB stacks, 0 MB globals, 20 P
gc 2247 @7.495s 4%: 0.076+0.45+0.058 ms clock, 1.5+0.35/0.63/0.010+1.1 ms cpu, 4->5->2 MB, 5 MB goal, 0 MB stacks, 0 MB globals, 20 P
gc 2248 @7.496s 4%: 0.087+0.36+0.035 ms clock, 1.7+0.34/0.57/0.045+0.71 ms cpu, 4->5->2 MB, 5 MB goal, 0 MB stacks, 0 MB globals, 20 P
gc 2249 @7.497s 4%: 0.072+0.33+0.055 ms clock, 1.4+0.23/0.63/0.014+1.1 ms cpu, 4->4->2 MB, 4 MB goal, 0 MB stacks, 0 MB globals, 20 P
gc 2250 @7.498s 4%: 0.091+0.44+0.041 ms clock, 1.8+0.24/0.69/0.013+0.83 ms cpu, 4->5->2 MB, 4 MB goal, 0 MB stacks, 0 MB globals, 20 P
gc 2251 @7.500s 4%: 0.079+0.47+0.065 ms clock, 1.5+0.42/0.62/0.007+1.3 ms cpu, 4->5->2 MB, 4 MB goal, 0 MB stacks, 0 MB globals, 20 P
gc 2252 @7.501s 4%: 0.054+0.35+0.070 ms clock, 1.0+0.23/0.61/0.001+1.4 ms cpu, 4->5->2 MB, 5 MB goal, 0 MB stacks, 0 MB globals, 20 P
gc 2253 @7.502s 4%: 0.071+0.58+0.055 ms clock, 1.4+0.26/0.61/0.030+1.1 ms cpu, 4->5->2 MB, 4 MB goal, 0 MB stacks, 0 MB globals, 20 P
gc 2254 @7.504s 4%: 0.080+0.39+0.053 ms clock, 1.6+0.31/0.66/0+1.0 ms cpu, 4->5->2 MB, 5 MB goal, 0 MB stacks, 0 MB globals, 20 P
gc 2255 @7.505s 4%: 0.069+0.35+0.072 ms clock, 1.3+0.34/0.66/0.025+1.4 ms cpu, 4->5->2 MB, 5 MB goal, 0 MB stacks, 0 MB globals, 20 P
gc 2256 @7.506s 4%: 0.040+0.46+0.077 ms clock, 0.80+0.32/0.64/0+1.5 ms cpu, 4->5->2 MB, 4 MB goal, 0 MB stacks, 0 MB globals, 20 P
gc 2257 @7.508s 4%: 0.10+0.48+0.060 ms clock, 2.1+0.43/0.66/0.035+1.2 ms cpu, 4->5->2 MB, 5 MB goal, 0 MB stacks, 0 MB globals, 20 P
gc 2258 @7.509s 4%: 0.072+0.37+0.035 ms clock, 1.4+0.34/0.58/0.12+0.70 ms cpu, 4->4->2 MB, 4 MB goal, 0 MB stacks, 0 MB globals, 20 P
gc 2259 @7.510s 4%: 0.10+0.35+0.055 ms clock, 2.1+0.40/0.57/0.018+1.1 ms cpu, 4->5->2 MB, 4 MB goal, 0 MB stacks, 0 MB globals, 20 P
gc 2260 @7.512s 4%: 0.075+0.33+0.047 ms clock, 1.5+0.31/0.59/0+0.94 ms cpu, 4->5->2 MB, 5 MB goal, 0 MB stacks, 0 MB globals, 20 P
gc 2261 @7.513s 4%: 0.020+0.26+0.043 ms clock, 0.41+0.25/0.62/0.071+0.87 ms cpu, 3->4->2 MB, 4 MB goal, 0 MB stacks, 0 MB globals, 20 P
gc 2262 @7.514s 4%: 0.063+0.33+0.064 ms clock, 1.2+0.28/0.63/0+1.2 ms cpu, 3->4->2 MB, 4 MB goal, 0 MB stacks, 0 MB globals, 20 P
gc 2263 @7.515s 4%: 0.053+0.50+0.087 ms clock, 1.0+0.31/0.70/0.013+1.7 ms cpu, 3->4->2 MB, 4 MB goal, 0 MB stacks, 0 MB globals, 20 P
gc 2264 @7.516s 4%: 0.052+0.46+0.025 ms clock, 1.0+0.35/0.57/0.038+0.50 ms cpu, 4->5->2 MB, 5 MB goal, 0 MB stacks, 0 MB globals, 20 P
gc 2265 @7.518s 4%: 0.077+0.49+0.069 ms clock, 1.5+0.30/0.56/0.017+1.3 ms cpu, 4->4->2 MB, 4 MB goal, 0 MB stacks, 0 MB globals, 20 P
gc 2266 @7.519s 4%: 0.056+0.44+0.017 ms clock, 1.1+0.42/0.63/0.009+0.35 ms cpu, 4->5->2 MB, 5 MB goal, 0 MB stacks, 0 MB globals, 20 P
gc 2267 @7.521s 4%: 0.10+0.40+0.032 ms clock, 2.1+0.35/0.64/0+0.65 ms cpu, 4->5->2 MB, 5 MB goal, 0 MB stacks, 0 MB globals, 20 P
gc 2268 @7.522s 4%: 0.041+0.41+0.045 ms clock, 0.83+0.31/0.60/0.073+0.91 ms cpu, 4->5->2 MB, 5 MB goal, 0 MB stacks, 0 MB globals, 20 P
gc 2269 @7.523s 4%: 0.077+0.46+0.078 ms clock, 1.5+0.43/0.56/0.011+1.5 ms cpu, 4->5->2 MB, 5 MB goal, 0 MB stacks, 0 MB globals, 20 P
gc 2270 @7.525s 4%: 0.042+0.42+0.068 ms clock, 0.85+0.26/0.71/0.049+1.3 ms cpu, 4->5->2 MB, 5 MB goal, 0 MB stacks, 0 MB globals, 20 P
gc 2271 @7.526s 4%: 0.065+0.38+0.080 ms clock, 1.3+0.41/0.66/0.077+1.6 ms cpu, 4->4->2 MB, 4 MB goal, 0 MB stacks, 0 MB globals, 20 P
gc 2272 @7.527s 4%: 0.057+0.39+0.070 ms clock, 1.1+0.41/0.50/0.027+1.4 ms cpu, 3->4->2 MB, 4 MB goal, 0 MB stacks, 0 MB globals, 20 P
gc 2273 @7.528s 4%: 0.074+0.38+0.077 ms clock, 1.4+0.16/0.71/0.002+1.5 ms cpu, 3->4->2 MB, 4 MB goal, 0 MB stacks, 0 MB globals, 20 P
gc 2274 @7.529s 4%: 0.071+0.41+0.046 ms clock, 1.4+0.37/0.63/0.039+0.92 ms cpu, 4->4->2 MB, 4 MB goal, 0 MB stacks, 0 MB globals, 20 P
gc 2275 @7.531s 4%: 0.056+0.41+0.070 ms clock, 1.1+0.14/0.63/0.096+1.4 ms cpu, 4->5->2 MB, 5 MB goal, 0 MB stacks, 0 MB globals, 20 P
gc 2276 @7.532s 4%: 0.074+0.40+0.017 ms clock, 1.4+0.33/0.72/0.002+0.34 ms cpu, 4->5->2 MB, 4 MB goal, 0 MB stacks, 0 MB globals, 20 P
gc 2277 @7.534s 4%: 0.068+0.34+0.016 ms clock, 1.3+0.35/0.63/0+0.33 ms cpu, 4->4->2 MB, 4 MB goal, 0 MB stacks, 0 MB globals, 20 P
gc 2278 @7.535s 4%: 0.071+0.40+0.068 ms clock, 1.4+0.38/0.69/0+1.3 ms cpu, 4->5->2 MB, 4 MB goal, 0 MB stacks, 0 MB globals, 20 P
gc 2279 @7.536s 4%: 0.063+0.37+0.031 ms clock, 1.2+0.25/0.71/0.001+0.62 ms cpu, 4->5->2 MB, 4 MB goal, 0 MB stacks, 0 MB globals, 20 P
gc 2280 @7.537s 4%: 0.070+0.35+0.092 ms clock, 1.4+0.16/0.69/0.026+1.8 ms cpu, 4->4->2 MB, 5 MB goal, 0 MB stacks, 0 MB globals, 20 P
gc 2281 @7.539s 4%: 0.054+0.53+0.071 ms clock, 1.0+0.16/0.61/0.012+1.4 ms cpu, 3->5->2 MB, 4 MB goal, 0 MB stacks, 0 MB globals, 20 P
gc 2282 @7.540s 4%: 0.057+0.38+0.056 ms clock, 1.1+0.43/0.71/0.012+1.1 ms cpu, 4->5->2 MB, 5 MB goal, 0 MB stacks, 0 MB globals, 20 P
gc 2283 @7.541s 4%: 0.073+0.48+0.058 ms clock, 1.4+0.28/0.70/0.011+1.1 ms cpu, 4->5->2 MB, 4 MB goal, 0 MB stacks, 0 MB globals, 20 P
gc 2284 @7.543s 4%: 0.076+0.49+0.058 ms clock, 1.5+0.31/0.58/0.041+1.1 ms cpu, 4->5->2 MB, 5 MB goal, 0 MB stacks, 0 MB globals, 20 P
gc 2285 @7.544s 4%: 0.078+0.34+0.021 ms clock, 1.5+0.32/0.59/0.020+0.43 ms cpu, 4->5->2 MB, 5 MB goal, 0 MB stacks, 0 MB globals, 20 P
gc 2286 @7.546s 4%: 0.057+0.30+0.088 ms clock, 1.1+0.26/0.60/0.010+1.7 ms cpu, 4->4->2 MB, 4 MB goal, 0 MB stacks, 0 MB globals, 20 P
gc 2287 @7.547s 4%: 0.067+0.51+0.072 ms clock, 1.3+0.21/0.70/0.078+1.4 ms cpu, 4->5->2 MB, 4 MB goal, 0 MB stacks, 0 MB globals, 20 P
gc 2288 @7.548s 4%: 0.073+0.24+0.015 ms clock, 1.4+0.28/0.65/0.031+0.30 ms cpu, 4->4->2 MB, 5 MB goal, 0 MB stacks, 0 MB globals, 20 P
gc 2289 @7.549s 4%: 0.13+0.42+0.068 ms clock, 2.6+0.42/0.59/0+1.3 ms cpu, 3->4->2 MB, 4 MB goal, 0 MB stacks, 0 MB globals, 20 P
gc 2290 @7.551s 4%: 0.066+0.35+0.085 ms clock, 1.3+0.32/0.73/0.074+1.7 ms cpu, 4->5->2 MB, 5 MB goal, 0 MB stacks, 0 MB globals, 20 P
gc 2291 @7.552s 4%: 0.085+0.51+0.081 ms clock, 1.7+0.15/0.68/0+1.6 ms cpu, 4->5->2 MB, 4 MB goal, 0 MB stacks, 0 MB globals, 20 P
gc 2292 @7.553s 4%: 0.086+0.33+0.090 ms clock, 1.7+0.24/0.61/0.070+1.8 ms cpu, 4->5->2 MB, 5 MB goal, 0 MB stacks, 0 MB globals, 20 P
gc 2293 @7.554s 4%: 0.073+0.42+0.069 ms clock, 1.4+0.31/0.53/0+1.3 ms cpu, 4->4->2 MB, 4 MB goal, 0 MB stacks, 0 MB globals, 20 P
gc 2294 @7.556s 4%: 0.060+0.22+0.082 ms clock, 1.2+0.34/0.57/0.086+1.6 ms cpu, 4->4->2 MB, 4 MB goal, 0 MB stacks, 0 MB globals, 20 P
gc 2295 @7.556s 4%: 0.075+0.39+0.059 ms clock, 1.5+0.30/0.68/0.012+1.1 ms cpu, 3->4->2 MB, 4 MB goal, 0 MB stacks, 0 MB globals, 20 P
gc 2296 @7.558s 4%: 0.054+0.30+0.043 ms clock, 1.0+0.28/0.60/0.005+0.86 ms cpu, 4->4->2 MB, 5 MB goal, 0 MB stacks, 0 MB globals, 20 P
gc 2297 @7.559s 4%: 0.070+0.40+0.065 ms clock, 1.4+0.37/0.60/0+1.3 ms cpu, 3->4->2 MB, 4 MB goal, 0 MB stacks, 0 MB globals, 20 P
gc 2298 @7.560s 4%: 0.072+0.35+0.051 ms clock, 1.4+0.24/0.76/0+1.0 ms cpu, 4->5->2 MB, 5 MB goal, 0 MB stacks, 0 MB globals, 20 P
gc 2299 @7.561s 4%: 0.029+0.47+0.023 ms clock, 0.59+0.40/0.59/0+0.47 ms cpu, 4->5->2 MB, 4 MB goal, 0 MB stacks, 0 MB globals, 20 P
gc 2300 @7.562s 4%: 0.11+0.46+0.052 ms clock, 2.2+0.39/0.58/0.024+1.0 ms cpu, 4->5->2 MB, 5 MB goal, 0 MB stacks, 0 MB globals, 20 P
gc 2301 @7.564s 4%: 0.072+0.47+0.067 ms clock, 1.4+0.36/0.61/0.013+1.3 ms cpu, 4->5->2 MB, 5 MB goal, 0 MB stacks, 0 MB globals, 20 P
gc 2302 @7.565s 4%: 0.081+0.43+0.071 ms clock, 1.6+0.33/0.58/0.053+1.4 ms cpu, 4->5->2 MB, 5 MB goal, 0 MB stacks, 0 MB globals, 20 P
gc 2303 @7.566s 4%: 0.049+0.31+0.061 ms clock, 0.99+0.32/0.56/0.049+1.2 ms cpu, 4->4->2 MB, 5 MB goal, 0 MB stacks, 0 MB globals, 20 P
gc 2304 @7.567s 4%: 0.064+0.52+0.063 ms clock, 1.2+0.32/0.65/0+1.2 ms cpu, 3->4->2 MB, 4 MB goal, 0 MB stacks, 0 MB globals, 20 P
gc 2305 @7.569s 4%: 0.078+0.50+0.065 ms clock, 1.5+0.34/0.55/0.086+1.3 ms cpu, 4->5->2 MB, 5 MB goal, 0 MB stacks, 0 MB globals, 20 P
gc 2306 @7.570s 4%: 0.043+0.43+0.056 ms clock, 0.87+0.24/0.60/0+1.1 ms cpu, 4->5->2 MB, 5 MB goal, 0 MB stacks, 0 MB globals, 20 P
gc 2307 @7.571s 4%: 0.081+0.37+0.069 ms clock, 1.6+0.35/0.64/0.047+1.3 ms cpu, 4->4->2 MB, 4 MB goal, 0 MB stacks, 0 MB globals, 20 P
gc 2308 @7.572s 4%: 0.072+0.37+0.077 ms clock, 1.4+0.40/0.57/0+1.5 ms cpu, 4->4->2 MB, 4 MB goal, 0 MB stacks, 0 MB globals, 20 P
gc 2309 @7.573s 4%: 0.078+0.36+0.073 ms clock, 1.5+0.24/0.71/0.019+1.4 ms cpu, 4->5->2 MB, 5 MB goal, 0 MB stacks, 0 MB globals, 20 P
gc 2310 @7.574s 4%: 0.10+0.47+0.056 ms clock, 2.1+0.36/0.68/0.001+1.1 ms cpu, 4->5->2 MB, 4 MB goal, 0 MB stacks, 0 MB globals, 20 P
gc 2311 @7.576s 4%: 0.022+0.42+0.060 ms clock, 0.44+0.19/0.60/0.055+1.2 ms cpu, 4->5->2 MB, 5 MB goal, 0 MB stacks, 0 MB globals, 20 P
gc 2312 @7.577s 4%: 0.080+0.39+0.11 ms clock, 1.6+0.47/0.55/0.034+2.2 ms cpu, 4->4->2 MB, 4 MB goal, 0 MB stacks, 0 MB globals, 20 P
gc 2313 @7.578s 4%: 0.074+0.36+0.062 ms clock, 1.4+0.27/0.67/0.12+1.2 ms cpu, 4->5->2 MB, 4 MB goal, 0 MB stacks, 0 MB globals, 20 P
gc 2314 @7.580s 4%: 0.064+0.40+0.047 ms clock, 1.2+0.48/0.75/0.031+0.95 ms cpu, 4->4->2 MB, 4 MB goal, 0 MB stacks, 0 MB globals, 20 P
gc 2315 @7.581s 4%: 0.032+0.41+0.044 ms clock, 0.65+0.37/0.60/0.11+0.89 ms cpu, 4->5->2 MB, 5 MB goal, 0 MB stacks, 0 MB globals, 20 P
gc 2316 @7.582s 4%: 0.049+0.51+0.070 ms clock, 0.99+0.29/0.75/0+1.4 ms cpu, 4->5->2 MB, 5 MB goal, 0 MB stacks, 0 MB globals, 20 P
gc 2317 @7.584s 4%: 0.041+0.27+0.063 ms clock, 0.83+0.18/0.62/0.11+1.2 ms cpu, 4->4->1 MB, 5 MB goal, 0 MB stacks, 0 MB globals, 20 P
gc 2318 @7.585s 4%: 0.065+0.34+0.029 ms clock, 1.3+0.30/0.66/0+0.58 ms cpu, 3->4->2 MB, 4 MB goal, 0 MB stacks, 0 MB globals, 20 P
gc 2319 @7.586s 4%: 0.044+0.43+0.040 ms clock, 0.88+0.31/0.59/0.006+0.80 ms cpu, 4->5->2 MB, 4 MB goal, 0 MB stacks, 0 MB globals, 20 P
gc 2320 @7.587s 4%: 0.050+0.43+0.059 ms clock, 1.0+0.14/0.63/0.073+1.1 ms cpu, 4->5->2 MB, 5 MB goal, 0 MB stacks, 0 MB globals, 20 P
gc 2321 @7.589s 4%: 0.067+0.32+0.078 ms clock, 1.3+0.27/0.62/0.024+1.5 ms cpu, 4->5->2 MB, 5 MB goal, 0 MB stacks, 0 MB globals, 20 P
gc 2322 @7.590s 4%: 0.048+0.55+0.059 ms clock, 0.96+0.33/0.66/0+1.1 ms cpu, 4->5->2 MB, 4 MB goal, 0 MB stacks, 0 MB globals, 20 P
gc 2323 @7.592s 4%: 0.076+0.42+0.022 ms clock, 1.5+0.18/0.73/0.019+0.44 ms cpu, 4->5->2 MB, 5 MB goal, 0 MB stacks, 0 MB globals, 20 P
gc 2324 @7.593s 4%: 0.077+0.32+0.052 ms clock, 1.5+0.24/0.66/0+1.0 ms cpu, 4->5->2 MB, 4 MB goal, 0 MB stacks, 0 MB globals, 20 P
gc 2325 @7.595s 4%: 0.077+0.38+0.024 ms clock, 1.5+0.24/0.48/0.14+0.48 ms cpu, 4->5->2 MB, 4 MB goal, 0 MB stacks, 0 MB globals, 20 P
gc 2326 @7.596s 4%: 0.062+0.49+0.036 ms clock, 1.2+0.27/0.59/0.046+0.73 ms cpu, 4->5->2 MB, 5 MB goal, 0 MB stacks, 0 MB globals, 20 P
gc 2327 @7.598s 4%: 0.056+0.52+0.013 ms clock, 1.1+0.33/0.63/0.021+0.27 ms cpu, 4->5->2 MB, 5 MB goal, 0 MB stacks, 0 MB globals, 20 P
gc 2328 @7.599s 4%: 0.065+0.32+0.047 ms clock, 1.3+0.23/0.57/0+0.94 ms cpu, 4->5->2 MB, 5 MB goal, 0 MB stacks, 0 MB globals, 20 P
gc 2329 @7.600s 4%: 0.069+0.36+0.079 ms clock, 1.3+0.34/0.57/0.040+1.5 ms cpu, 4->5->2 MB, 5 MB goal, 0 MB stacks, 0 MB globals, 20 P
gc 2330 @7.601s 4%: 0.053+0.29+0.070 ms clock, 1.0+0.34/0.53/0+1.4 ms cpu, 4->5->2 MB, 5 MB goal, 0 MB stacks, 0 MB globals, 20 P
gc 2331 @7.602s 4%: 0.064+0.46+0.083 ms clock, 1.2+0.29/0.61/0.088+1.6 ms cpu, 4->5->2 MB, 4 MB goal, 0 MB stacks, 0 MB globals, 20 P
gc 2332 @7.603s 4%: 0.079+0.57+0.050 ms clock, 1.5+0.40/0.76/0+1.0 ms cpu, 4->5->2 MB, 5 MB goal, 0 MB stacks, 0 MB globals, 20 P
gc 2333 @7.605s 4%: 0.059+0.29+0.023 ms clock, 1.1+0.28/0.54/0.026+0.47 ms cpu, 4->5->2 MB, 5 MB goal, 0 MB stacks, 0 MB globals, 20 P
gc 2334 @7.606s 4%: 0.042+0.34+0.066 ms clock, 0.84+0.36/0.67/0.023+1.3 ms cpu, 3->4->2 MB, 4 MB goal, 0 MB stacks, 0 MB globals, 20 P
gc 2335 @7.607s 4%: 0.062+0.35+0.075 ms clock, 1.2+0.37/0.55/0.042+1.5 ms cpu, 3->4->2 MB, 4 MB goal, 0 MB stacks, 0 MB globals, 20 P
gc 2336 @7.608s 4%: 0.074+0.32+0.063 ms clock, 1.4+0.33/0.61/0+1.2 ms cpu, 4->4->2 MB, 4 MB goal, 0 MB stacks, 0 MB globals, 20 P
gc 2337 @7.609s 4%: 0.057+0.20+0.014 ms clock, 1.1+0.23/0.68/0+0.29 ms cpu, 3->4->1 MB, 4 MB goal, 0 MB stacks, 0 MB globals, 20 P
gc 2338 @7.610s 4%: 0.068+0.32+0.007 ms clock, 1.3+0.69/0.57/0.034+0.14 ms cpu, 3->4->2 MB, 4 MB goal, 0 MB stacks, 0 MB globals, 20 P
gc 2339 @7.611s 4%: 0.037+0.28+0.073 ms clock, 0.74+0.41/0.55/0.036+1.4 ms cpu, 3->4->2 MB, 4 MB goal, 0 MB stacks, 0 MB globals, 20 P
gc 2340 @7.612s 4%: 0.047+0.46+0.088 ms clock, 0.94+0.32/0.56/0.039+1.7 ms cpu, 3->4->2 MB, 4 MB goal, 0 MB stacks, 0 MB globals, 20 P
gc 2341 @7.614s 4%: 0.073+0.26+0.074 ms clock, 1.4+0.37/0.64/0.043+1.4 ms cpu, 4->5->2 MB, 5 MB goal, 0 MB stacks, 0 MB globals, 20 P
gc 2342 @7.615s 4%: 0.058+0.45+0.10 ms clock, 1.1+0.36/0.63/0.001+2.1 ms cpu, 3->4->2 MB, 4 MB goal, 0 MB stacks, 0 MB globals, 20 P
gc 2343 @7.616s 4%: 0.11+0.43+0.064 ms clock, 2.2+0.40/0.52/0.078+1.2 ms cpu, 4->5->2 MB, 5 MB goal, 0 MB stacks, 0 MB globals, 20 P
gc 2344 @7.618s 4%: 0.079+0.41+0.045 ms clock, 1.5+0.38/0.70/0+0.91 ms cpu, 4->5->2 MB, 5 MB goal, 0 MB stacks, 0 MB globals, 20 P
gc 2345 @7.619s 4%: 0.074+0.27+0.045 ms clock, 1.4+0.23/0.58/0.025+0.90 ms cpu, 4->4->1 MB, 5 MB goal, 0 MB stacks, 0 MB globals, 20 P
gc 2346 @7.620s 4%: 0.063+0.58+0.017 ms clock, 1.2+0.32/0.72/0+0.35 ms cpu, 3->4->2 MB, 4 MB goal, 0 MB stacks, 0 MB globals, 20 P
gc 2347 @7.622s 4%: 0.072+0.34+0.056 ms clock, 1.4+0.38/0.70/0.044+1.1 ms cpu, 4->5->2 MB, 5 MB goal, 0 MB stacks, 0 MB globals, 20 P
gc 2348 @7.623s 4%: 0.082+0.47+0.086 ms clock, 1.6+0.33/0.68/0.031+1.7 ms cpu, 4->5->2 MB, 4 MB goal, 0 MB stacks, 0 MB globals, 20 P
gc 2349 @7.624s 4%: 0.068+0.39+0.065 ms clock, 1.3+0.33/0.66/0+1.3 ms cpu, 4->5->2 MB, 4 MB goal, 0 MB stacks, 0 MB globals, 20 P
gc 2350 @7.625s 4%: 0.068+0.49+0.064 ms clock, 1.3+0.36/0.64/0.012+1.2 ms cpu, 4->5->2 MB, 5 MB goal, 0 MB stacks, 0 MB globals, 20 P
gc 2351 @7.627s 4%: 0.029+0.38+0.046 ms clock, 0.59+0.14/0.79/0.026+0.93 ms cpu, 4->5->2 MB, 5 MB goal, 0 MB stacks, 0 MB globals, 20 P
gc 2352 @7.628s 4%: 0.097+0.51+0.038 ms clock, 1.9+0.28/0.65/0+0.77 ms cpu, 4->4->2 MB, 4 MB goal, 0 MB stacks, 0 MB globals, 20 P
gc 2353 @7.630s 4%: 0.079+0.47+0.069 ms clock, 1.5+0.44/0.74/0+1.3 ms cpu, 4->5->2 MB, 5 MB goal, 0 MB stacks, 0 MB globals, 20 P
gc 2354 @7.631s 4%: 0.072+0.33+0.081 ms clock, 1.4+0.38/0.61/0.002+1.6 ms cpu, 4->5->2 MB, 5 MB goal, 0 MB stacks, 0 MB globals, 20 P
gc 2355 @7.632s 4%: 0.056+0.32+0.037 ms clock, 1.1+0.34/0.61/0.034+0.74 ms cpu, 4->5->2 MB, 5 MB goal, 0 MB stacks, 0 MB globals, 20 P
gc 2356 @7.634s 4%: 0.062+0.43+0.076 ms clock, 1.2+0.30/0.68/0.004+1.5 ms cpu, 4->5->2 MB, 4 MB goal, 0 MB stacks, 0 MB globals, 20 P
gc 2357 @7.635s 4%: 0.10+0.45+0.084 ms clock, 2.0+0.42/0.55/0.013+1.6 ms cpu, 4->5->2 MB, 5 MB goal, 0 MB stacks, 0 MB globals, 20 P
gc 2358 @7.637s 4%: 0.069+0.38+0.022 ms clock, 1.3+0.24/0.62/0.040+0.44 ms cpu, 4->5->2 MB, 5 MB goal, 0 MB stacks, 0 MB globals, 20 P
gc 2359 @7.638s 4%: 0.069+0.30+0.043 ms clock, 1.3+0.33/0.70/0.001+0.87 ms cpu, 4->4->2 MB, 4 MB goal, 0 MB stacks, 0 MB globals, 20 P
gc 2360 @7.639s 4%: 0.083+0.30+0.080 ms clock, 1.6+0.40/0.64/0.003+1.6 ms cpu, 4->5->2 MB, 4 MB goal, 0 MB stacks, 0 MB globals, 20 P
gc 2361 @7.641s 4%: 0.043+0.43+0.073 ms clock, 0.87+0.38/0.55/0+1.4 ms cpu, 4->4->2 MB, 4 MB goal, 0 MB stacks, 0 MB globals, 20 P
gc 2362 @7.642s 4%: 0.053+0.37+0.064 ms clock, 1.0+0.41/0.61/0.026+1.2 ms cpu, 4->4->2 MB, 5 MB goal, 0 MB stacks, 0 MB globals, 20 P
gc 2363 @7.643s 4%: 0.089+0.37+0.063 ms clock, 1.7+0.29/0.64/0.015+1.2 ms cpu, 3->4->2 MB, 4 MB goal, 0 MB stacks, 0 MB globals, 20 P
gc 2364 @7.645s 4%: 0.067+0.34+0.068 ms clock, 1.3+0.42/0.58/0+1.3 ms cpu, 4->4->2 MB, 4 MB goal, 0 MB stacks, 0 MB globals, 20 P
gc 2365 @7.646s 4%: 0.091+0.49+0.057 ms clock, 1.8+0.43/0.58/0.001+1.1 ms cpu, 4->5->2 MB, 5 MB goal, 0 MB stacks, 0 MB globals, 20 P
gc 2366 @7.648s 4%: 0.072+0.44+0.020 ms clock, 1.4+0.37/0.52/0.038+0.41 ms cpu, 4->5->2 MB, 5 MB goal, 0 MB stacks, 0 MB globals, 20 P
gc 2367 @7.649s 4%: 0.097+0.32+0.074 ms clock, 1.9+0.33/0.61/0.030+1.4 ms cpu, 4->5->2 MB, 5 MB goal, 0 MB stacks, 0 MB globals, 20 P
gc 2368 @7.650s 4%: 0.073+0.38+0.032 ms clock, 1.4+0.26/0.65/0+0.64 ms cpu, 4->5->2 MB, 4 MB goal, 0 MB stacks, 0 MB globals, 20 P
gc 2369 @7.652s 4%: 0.072+0.22+0.027 ms clock, 1.4+0.35/0.57/0.005+0.54 ms cpu, 4->4->2 MB, 5 MB goal, 0 MB stacks, 0 MB globals, 20 P
gc 2370 @7.653s 4%: 0.077+0.32+0.074 ms clock, 1.5+0.32/0.66/0.003+1.4 ms cpu, 3->4->2 MB, 4 MB goal, 0 MB stacks, 0 MB globals, 20 P
gc 2371 @7.654s 4%: 0.066+0.27+0.058 ms clock, 1.3+0.40/0.60/0.031+1.1 ms cpu, 4->4->2 MB, 4 MB goal, 0 MB stacks, 0 MB globals, 20 P
gc 2372 @7.655s 4%: 0.082+0.39+0.008 ms clock, 1.6+0.51/0.73/0.002+0.16 ms cpu, 3->4->2 MB, 4 MB goal, 0 MB stacks, 0 MB globals, 20 P
gc 2373 @7.656s 4%: 0.067+0.42+0.059 ms clock, 1.3+0.30/0.61/0.002+1.1 ms cpu, 4->5->2 MB, 5 MB goal, 0 MB stacks, 0 MB globals, 20 P
gc 2374 @7.657s 4%: 0.058+0.38+0.058 ms clock, 1.1+0.31/0.67/0.038+1.1 ms cpu, 4->5->2 MB, 5 MB goal, 0 MB stacks, 0 MB globals, 20 P
gc 2375 @7.659s 4%: 0.055+0.32+0.038 ms clock, 1.1+0.26/0.61/0.001+0.77 ms cpu, 4->5->2 MB, 4 MB goal, 0 MB stacks, 0 MB globals, 20 P
gc 2376 @7.660s 4%: 0.049+0.41+0.021 ms clock, 0.99+0.24/0.58/0+0.43 ms cpu, 3->4->2 MB, 4 MB goal, 0 MB stacks, 0 MB globals, 20 P
gc 2377 @7.662s 4%: 0.10+0.34+0.074 ms clock, 2.1+0.39/0.52/0.012+1.4 ms cpu, 4->5->2 MB, 5 MB goal, 0 MB stacks, 0 MB globals, 20 P
gc 2378 @7.663s 4%: 0.070+0.35+0.027 ms clock, 1.4+0.31/0.55/0+0.54 ms cpu, 4->5->2 MB, 5 MB goal, 0 MB stacks, 0 MB globals, 20 P
gc 2379 @7.664s 4%: 0.050+0.44+0.054 ms clock, 1.0+0.20/0.59/0.031+1.0 ms cpu, 4->5->2 MB, 5 MB goal, 0 MB stacks, 0 MB globals, 20 P
gc 2380 @7.666s 4%: 0.081+0.43+0.028 ms clock, 1.6+0.43/0.60/0.038+0.57 ms cpu, 4->5->2 MB, 5 MB goal, 0 MB stacks, 0 MB globals, 20 P
gc 2381 @7.667s 4%: 0.076+0.36+0.059 ms clock, 1.5+0.22/0.69/0.039+1.1 ms cpu, 4->5->2 MB, 5 MB goal, 0 MB stacks, 0 MB globals, 20 P
gc 2382 @7.669s 4%: 0.066+0.34+0.060 ms clock, 1.3+0.41/0.54/0.045+1.2 ms cpu, 4->5->2 MB, 4 MB goal, 0 MB stacks, 0 MB globals, 20 P
gc 2383 @7.670s 4%: 0.071+0.49+0.049 ms clock, 1.4+0.29/0.54/0.016+0.99 ms cpu, 4->5->2 MB, 5 MB goal, 0 MB stacks, 0 MB globals, 20 P
gc 2384 @7.671s 4%: 0.071+0.34+0.028 ms clock, 1.4+0.17/0.65/0.036+0.57 ms cpu, 4->4->2 MB, 5 MB goal, 0 MB stacks, 0 MB globals, 20 P
gc 2385 @7.672s 4%: 0.072+0.36+0.14 ms clock, 1.4+0.35/0.52/0.095+2.8 ms cpu, 3->4->2 MB, 4 MB goal, 0 MB stacks, 0 MB globals, 20 P
gc 2386 @7.673s 4%: 0.060+0.51+0.030 ms clock, 1.2+0.40/0.59/0.035+0.60 ms cpu, 3->4->2 MB, 4 MB goal, 0 MB stacks, 0 MB globals, 20 P
gc 2387 @7.675s 4%: 0.074+0.33+0.062 ms clock, 1.4+0.29/0.64/0.057+1.2 ms cpu, 4->5->2 MB, 5 MB goal, 0 MB stacks, 0 MB globals, 20 P
gc 2388 @7.676s 4%: 0.076+0.32+0.070 ms clock, 1.5+0.31/0.63/0.048+1.4 ms cpu, 4->5->2 MB, 4 MB goal, 0 MB stacks, 0 MB globals, 20 P
gc 2389 @7.677s 4%: 0.066+0.49+0.021 ms clock, 1.3+0.19/0.61/0.064+0.42 ms cpu, 4->5->2 MB, 4 MB goal, 0 MB stacks, 0 MB globals, 20 P
gc 2390 @7.678s 4%: 0.099+0.42+0.068 ms clock, 1.9+0.30/0.68/0.008+1.3 ms cpu, 4->5->2 MB, 5 MB goal, 0 MB stacks, 0 MB globals, 20 P
gc 2391 @7.679s 4%: 0.067+0.48+0.064 ms clock, 1.3+0.36/0.57/0.042+1.2 ms cpu, 4->5->2 MB, 5 MB goal, 0 MB stacks, 0 MB globals, 20 P
gc 2392 @7.681s 4%: 0.064+0.37+0.062 ms clock, 1.2+0.20/0.67/0.005+1.2 ms cpu, 4->5->2 MB, 5 MB goal, 0 MB stacks, 0 MB globals, 20 P
gc 2393 @7.682s 4%: 0.080+0.36+0.054 ms clock, 1.6+0.35/0.60/0.023+1.0 ms cpu, 4->5->2 MB, 5 MB goal, 0 MB stacks, 0 MB globals, 20 P
gc 2394 @7.683s 4%: 0.077+0.39+0.052 ms clock, 1.5+0.25/0.58/0.008+1.0 ms cpu, 4->5->2 MB, 5 MB goal, 0 MB stacks, 0 MB globals, 20 P
gc 2395 @7.684s 4%: 0.083+0.28+0.065 ms clock, 1.6+0.22/0.59/0.069+1.3 ms cpu, 4->5->2 MB, 5 MB goal, 0 MB stacks, 0 MB globals, 20 P
gc 2396 @7.685s 4%: 0.066+0.49+0.11 ms clock, 1.3+0.28/0.64/0.016+2.3 ms cpu, 3->5->2 MB, 4 MB goal, 0 MB stacks, 0 MB globals, 20 P
gc 2397 @7.687s 4%: 0.061+0.52+0.050 ms clock, 1.2+0.32/0.66/0.033+1.0 ms cpu, 4->5->2 MB, 5 MB goal, 0 MB stacks, 0 MB globals, 20 P
gc 2398 @7.688s 4%: 0.045+0.48+0.076 ms clock, 0.90+0.34/0.61/0.010+1.5 ms cpu, 4->5->2 MB, 5 MB goal, 0 MB stacks, 0 MB globals, 20 P
gc 2399 @7.690s 4%: 0.086+0.41+0.064 ms clock, 1.7+0.46/0.67/0+1.2 ms cpu, 4->5->2 MB, 5 MB goal, 0 MB stacks, 0 MB globals, 20 P
gc 2400 @7.691s 4%: 0.076+0.48+0.029 ms clock, 1.5+0.16/0.68/0.002+0.58 ms cpu, 4->5->2 MB, 5 MB goal, 0 MB stacks, 0 MB globals, 20 P
gc 2401 @7.692s 4%: 0.072+0.22+0.085 ms clock, 1.4+0.38/0.54/0.003+1.7 ms cpu, 4->4->2 MB, 5 MB goal, 0 MB stacks, 0 MB globals, 20 P
gc 2402 @7.693s 4%: 0.047+0.50+0.066 ms clock, 0.94+0.39/0.61/0.046+1.3 ms cpu, 3->4->2 MB, 4 MB goal, 0 MB stacks, 0 MB globals, 20 P
gc 2403 @7.695s 4%: 0.068+0.41+0.062 ms clock, 1.3+0.38/0.61/0.038+1.2 ms cpu, 4->5->2 MB, 5 MB goal, 0 MB stacks, 0 MB globals, 20 P
gc 2404 @7.696s 4%: 0.044+0.39+0.063 ms clock, 0.89+0.32/0.56/0.012+1.2 ms cpu, 4->5->2 MB, 5 MB goal, 0 MB stacks, 0 MB globals, 20 P
gc 2405 @7.698s 4%: 0.070+0.29+0.075 ms clock, 1.4+0.31/0.60/0+1.5 ms cpu, 4->4->2 MB, 5 MB goal, 0 MB stacks, 0 MB globals, 20 P
gc 2406 @7.699s 4%: 0.060+0.35+0.071 ms clock, 1.2+0.33/0.54/0.014+1.4 ms cpu, 3->5->2 MB, 4 MB goal, 0 MB stacks, 0 MB globals, 20 P
gc 2407 @7.700s 4%: 0.073+0.49+0.036 ms clock, 1.4+0.36/0.59/0.093+0.72 ms cpu, 4->4->2 MB, 4 MB goal, 0 MB stacks, 0 MB globals, 20 P
gc 2408 @7.702s 4%: 0.081+0.27+0.065 ms clock, 1.6+0.32/0.65/0.028+1.3 ms cpu, 4->4->2 MB, 5 MB goal, 0 MB stacks, 0 MB globals, 20 P
gc 2409 @7.703s 4%: 0.048+0.37+0.042 ms clock, 0.96+0.35/0.57/0.009+0.85 ms cpu, 3->4->2 MB, 4 MB goal, 0 MB stacks, 0 MB globals, 20 P
gc 2410 @7.704s 4%: 0.083+0.83+0.019 ms clock, 1.6+0.29/0.59/0+0.38 ms cpu, 4->5->2 MB, 4 MB goal, 0 MB stacks, 0 MB globals, 20 P
gc 2411 @7.705s 4%: 0.071+0.36+0.066 ms clock, 1.4+0.38/0.63/0.089+1.3 ms cpu, 4->5->2 MB, 5 MB goal, 0 MB stacks, 0 MB globals, 20 P
gc 2412 @7.706s 4%: 0.047+0.45+0.051 ms clock, 0.94+0.43/0.68/0+1.0 ms cpu, 4->5->2 MB, 4 MB goal, 0 MB stacks, 0 MB globals, 20 P
gc 2413 @7.708s 4%: 0.061+0.56+0.060 ms clock, 1.2+0.16/0.69/0.050+1.2 ms cpu, 4->5->2 MB, 5 MB goal, 0 MB stacks, 0 MB globals, 20 P
gc 2414 @7.709s 4%: 0.046+0.29+0.024 ms clock, 0.93+0.39/0.62/0.019+0.48 ms cpu, 4->4->2 MB, 5 MB goal, 0 MB stacks, 0 MB globals, 20 P
gc 2415 @7.711s 4%: 0.072+0.30+0.063 ms clock, 1.4+0.22/0.68/0.053+1.2 ms cpu, 3->4->2 MB, 4 MB goal, 0 MB stacks, 0 MB globals, 20 P
gc 2416 @7.712s 4%: 0.090+0.44+0.070 ms clock, 1.8+0.38/0.63/0+1.4 ms cpu, 3->4->2 MB, 4 MB goal, 0 MB stacks, 0 MB globals, 20 P
gc 2417 @7.713s 4%: 0.081+0.36+0.067 ms clock, 1.6+0.28/0.57/0.022+1.3 ms cpu, 4->5->2 MB, 5 MB goal, 0 MB stacks, 0 MB globals, 20 P
gc 2418 @7.714s 4%: 0.047+0.29+0.014 ms clock, 0.94+0.32/0.61/0.025+0.29 ms cpu, 4->4->2 MB, 5 MB goal, 0 MB stacks, 0 MB globals, 20 P
gc 2419 @7.715s 4%: 0.082+0.42+0.018 ms clock, 1.6+0.33/0.72/0+0.37 ms cpu, 3->4->2 MB, 4 MB goal, 0 MB stacks, 0 MB globals, 20 P
gc 2420 @7.717s 4%: 0.081+0.49+0.058 ms clock, 1.6+0.40/0.61/0.013+1.1 ms cpu, 4->5->2 MB, 5 MB goal, 0 MB stacks, 0 MB globals, 20 P
gc 2421 @7.718s 4%: 0.051+0.38+0.071 ms clock, 1.0+0.29/0.68/0+1.4 ms cpu, 4->5->2 MB, 5 MB goal, 0 MB stacks, 0 MB globals, 20 P
gc 2422 @7.720s 4%: 0.074+0.36+0.057 ms clock, 1.4+0.35/0.71/0.006+1.1 ms cpu, 4->5->2 MB, 5 MB goal, 0 MB stacks, 0 MB globals, 20 P
gc 2423 @7.721s 4%: 0.084+0.61+0.029 ms clock, 1.6+0.41/0.52/0.042+0.59 ms cpu, 4->5->2 MB, 5 MB goal, 0 MB stacks, 0 MB globals, 20 P
gc 2424 @7.723s 4%: 0.074+0.50+0.056 ms clock, 1.4+0.33/0.54/0.036+1.1 ms cpu, 4->5->2 MB, 5 MB goal, 0 MB stacks, 0 MB globals, 20 P
gc 2425 @7.724s 4%: 0.095+0.32+0.027 ms clock, 1.9+0.29/0.62/0.061+0.54 ms cpu, 4->5->2 MB, 5 MB goal, 0 MB stacks, 0 MB globals, 20 P
gc 2426 @7.726s 4%: 0.066+0.46+0.047 ms clock, 1.3+0.28/0.60/0.052+0.94 ms cpu, 3->4->2 MB, 4 MB goal, 0 MB stacks, 0 MB globals, 20 P
gc 2427 @7.727s 4%: 0.073+0.31+0.064 ms clock, 1.4+0.28/0.61/0.005+1.2 ms cpu, 4->5->2 MB, 5 MB goal, 0 MB stacks, 0 MB globals, 20 P
gc 2428 @7.728s 4%: 0.087+0.30+0.076 ms clock, 1.7+0.36/0.58/0.016+1.5 ms cpu, 4->4->2 MB, 4 MB goal, 0 MB stacks, 0 MB globals, 20 P
gc 2429 @7.730s 4%: 0.065+0.48+0.036 ms clock, 1.3+0.13/0.56/0.087+0.73 ms cpu, 3->4->2 MB, 4 MB goal, 0 MB stacks, 0 MB globals, 20 P
gc 2430 @7.731s 4%: 0.062+0.21+0.069 ms clock, 1.2+0.33/0.60/0.003+1.3 ms cpu, 4->4->2 MB, 4 MB goal, 0 MB stacks, 0 MB globals, 20 P
gc 2431 @7.732s 4%: 0.095+0.40+0.047 ms clock, 1.9+0.42/0.71/0.011+0.94 ms cpu, 3->4->2 MB, 4 MB goal, 0 MB stacks, 0 MB globals, 20 P
gc 2432 @7.733s 4%: 0.073+0.30+0.033 ms clock, 1.4+0.47/0.56/0.044+0.66 ms cpu, 4->4->2 MB, 5 MB goal, 0 MB stacks, 0 MB globals, 20 P
gc 2433 @7.734s 4%: 0.071+0.34+0.067 ms clock, 1.4+0.39/0.60/0.005+1.3 ms cpu, 3->4->2 MB, 4 MB goal, 0 MB stacks, 0 MB globals, 20 P
gc 2434 @7.735s 4%: 0.068+0.39+0.050 ms clock, 1.3+0.30/0.69/0.006+1.0 ms cpu, 4->4->2 MB, 4 MB goal, 0 MB stacks, 0 MB globals, 20 P
gc 2435 @7.737s 4%: 0.076+0.70+0.069 ms clock, 1.5+0.31/0.68/0.043+1.3 ms cpu, 3->4->2 MB, 4 MB goal, 0 MB stacks, 0 MB globals, 20 P
gc 2436 @7.738s 4%: 0.087+0.34+0.069 ms clock, 1.7+0.29/0.59/0+1.3 ms cpu, 4->5->2 MB, 5 MB goal, 0 MB stacks, 0 MB globals, 20 P
gc 2437 @7.739s 4%: 0.065+0.33+0.065 ms clock, 1.3+0.24/0.74/0+1.3 ms cpu, 4->4->2 MB, 4 MB goal, 0 MB stacks, 0 MB globals, 20 P
gc 2438 @7.740s 4%: 0.038+0.37+0.079 ms clock, 0.76+0.14/0.66/0.12+1.5 ms cpu, 4->4->2 MB, 4 MB goal, 0 MB stacks, 0 MB globals, 20 P
gc 2439 @7.741s 4%: 0.071+0.51+0.078 ms clock, 1.4+0.33/0.65/0.011+1.5 ms cpu, 4->5->2 MB, 4 MB goal, 0 MB stacks, 0 MB globals, 20 P
gc 2440 @7.743s 4%: 0.061+0.40+0.038 ms clock, 1.2+0.25/0.63/0.003+0.76 ms cpu, 4->5->2 MB, 5 MB goal, 0 MB stacks, 0 MB globals, 20 P
gc 2441 @7.744s 4%: 0.050+0.35+0.087 ms clock, 1.0+0.35/0.78/0.046+1.7 ms cpu, 4->4->2 MB, 4 MB goal, 0 MB stacks, 0 MB globals, 20 P
gc 2442 @7.745s 4%: 0.095+0.56+0.044 ms clock, 1.9+0.42/0.59/0+0.89 ms cpu, 4->5->2 MB, 4 MB goal, 0 MB stacks, 0 MB globals, 20 P
gc 2443 @7.747s 4%: 0.067+0.56+0.066 ms clock, 1.3+0.42/0.57/0.018+1.3 ms cpu, 4->6->2 MB, 5 MB goal, 0 MB stacks, 0 MB globals, 20 P
gc 2444 @7.749s 4%: 0.063+0.30+0.050 ms clock, 1.2+0.28/0.66/0.001+1.0 ms cpu, 4->5->2 MB, 5 MB goal, 0 MB stacks, 0 MB globals, 20 P
gc 2445 @7.750s 4%: 0.091+0.28+0.063 ms clock, 1.8+0.41/0.61/0.007+1.2 ms cpu, 3->4->2 MB, 4 MB goal, 0 MB stacks, 0 MB globals, 20 P
gc 2446 @7.751s 4%: 0.046+0.58+0.036 ms clock, 0.92+0.41/0.67/0.012+0.73 ms cpu, 3->5->2 MB, 4 MB goal, 0 MB stacks, 0 MB globals, 20 P
gc 2447 @7.753s 4%: 0.072+0.59+0.074 ms clock, 1.4+0.31/0.75/0.006+1.4 ms cpu, 4->6->2 MB, 5 MB goal, 0 MB stacks, 0 MB globals, 20 P
gc 2448 @7.754s 4%: 0.069+0.49+0.074 ms clock, 1.3+0.31/0.64/0.033+1.4 ms cpu, 4->5->2 MB, 5 MB goal, 0 MB stacks, 0 MB globals, 20 P
gc 2449 @7.756s 4%: 0.074+0.31+0.069 ms clock, 1.4+0.29/0.65/0+1.3 ms cpu, 4->5->2 MB, 5 MB goal, 0 MB stacks, 0 MB globals, 20 P
gc 2450 @7.757s 4%: 0.061+0.41+0.017 ms clock, 1.2+0.28/0.59/0.011+0.35 ms cpu, 4->5->2 MB, 4 MB goal, 0 MB stacks, 0 MB globals, 20 P
gc 2451 @7.758s 4%: 0.049+0.30+0.13 ms clock, 0.98+0.28/0.69/0.001+2.6 ms cpu, 4->5->2 MB, 5 MB goal, 0 MB stacks, 0 MB globals, 20 P
gc 2452 @7.759s 4%: 0.045+0.31+0.080 ms clock, 0.90+0.31/0.59/0.041+1.6 ms cpu, 3->4->2 MB, 4 MB goal, 0 MB stacks, 0 MB globals, 20 P
gc 2453 @7.760s 4%: 0.050+0.35+0.070 ms clock, 1.0+0.30/0.67/0+1.4 ms cpu, 4->4->2 MB, 4 MB goal, 0 MB stacks, 0 MB globals, 20 P
gc 2454 @7.762s 4%: 0.070+0.27+0.31 ms clock, 1.4+0.27/0.49/0.056+6.2 ms cpu, 3->4->2 MB, 4 MB goal, 0 MB stacks, 0 MB globals, 20 P
gc 2455 @7.763s 4%: 0.067+0.48+0.075 ms clock, 1.3+0.44/0.55/0+1.5 ms cpu, 3->4->2 MB, 4 MB goal, 0 MB stacks, 0 MB globals, 20 P
gc 2456 @7.764s 4%: 0.076+0.42+0.035 ms clock, 1.5+0.36/0.52/0.025+0.70 ms cpu, 4->6->2 MB, 5 MB goal, 0 MB stacks, 0 MB globals, 20 P
gc 2457 @7.765s 4%: 0.078+0.32+0.066 ms clock, 1.5+0.34/0.57/0.029+1.3 ms cpu, 4->5->2 MB, 5 MB goal, 0 MB stacks, 0 MB globals, 20 P
gc 2458 @7.767s 4%: 0.066+0.38+0.047 ms clock, 1.3+0.36/0.57/0.17+0.95 ms cpu, 4->5->2 MB, 5 MB goal, 0 MB stacks, 0 MB globals, 20 P
gc 2459 @7.768s 4%: 0.049+0.36+0.061 ms clock, 0.99+0.19/0.53/0.073+1.2 ms cpu, 4->5->2 MB, 5 MB goal, 0 MB stacks, 0 MB globals, 20 P
gc 2460 @7.769s 4%: 0.069+0.31+0.024 ms clock, 1.3+0.31/0.58/0.10+0.48 ms cpu, 4->4->2 MB, 4 MB goal, 0 MB stacks, 0 MB globals, 20 P
gc 2461 @7.770s 4%: 0.039+0.46+0.068 ms clock, 0.79+0.37/0.61/0.026+1.3 ms cpu, 3->4->2 MB, 4 MB goal, 0 MB stacks, 0 MB globals, 20 P
gc 2462 @7.771s 4%: 0.068+0.54+0.059 ms clock, 1.3+0.33/0.55/0.050+1.1 ms cpu, 4->5->2 MB, 5 MB goal, 0 MB stacks, 0 MB globals, 20 P
gc 2463 @7.773s 4%: 0.080+0.41+0.058 ms clock, 1.6+0.24/0.67/0.022+1.1 ms cpu, 4->5->2 MB, 5 MB goal, 0 MB stacks, 0 MB globals, 20 P
gc 2464 @7.774s 4%: 0.069+0.46+0.060 ms clock, 1.3+0.24/0.68/0.034+1.2 ms cpu, 4->5->2 MB, 5 MB goal, 0 MB stacks, 0 MB globals, 20 P
gc 2465 @7.776s 4%: 0.052+0.37+0.067 ms clock, 1.0+0.42/0.53/0.014+1.3 ms cpu, 4->5->2 MB, 5 MB goal, 0 MB stacks, 0 MB globals, 20 P
gc 2466 @7.777s 4%: 0.078+0.25+0.049 ms clock, 1.5+0.34/0.55/0+0.98 ms cpu, 4->5->2 MB, 5 MB goal, 0 MB stacks, 0 MB globals, 20 P
gc 2467 @7.778s 4%: 0.080+0.42+0.020 ms clock, 1.6+0.35/0.66/0.018+0.40 ms cpu, 4->4->2 MB, 4 MB goal, 0 MB stacks, 0 MB globals, 20 P
gc 2468 @7.779s 4%: 0.057+0.35+0.073 ms clock, 1.1+0.34/0.62/0+1.4 ms cpu, 4->5->2 MB, 5 MB goal, 0 MB stacks, 0 MB globals, 20 P
gc 2469 @7.781s 4%: 0.094+0.51+0.060 ms clock, 1.8+0.29/0.77/0.040+1.2 ms cpu, 4->5->2 MB, 5 MB goal, 0 MB stacks, 0 MB globals, 20 P
gc 2470 @7.782s 4%: 0.084+0.31+0.046 ms clock, 1.6+0.24/0.57/0.008+0.93 ms cpu, 4->5->2 MB, 5 MB goal, 0 MB stacks, 0 MB globals, 20 P
gc 2471 @7.783s 4%: 0.078+0.33+0.046 ms clock, 1.5+0.27/0.53/0+0.92 ms cpu, 4->5->2 MB, 5 MB goal, 0 MB stacks, 0 MB globals, 20 P
gc 2472 @7.784s 4%: 0.055+0.58+0.031 ms clock, 1.1+0.32/0.70/0.012+0.62 ms cpu, 3->5->2 MB, 4 MB goal, 0 MB stacks, 0 MB globals, 20 P
gc 2473 @7.786s 4%: 0.071+0.61+0.055 ms clock, 1.4+0.25/0.61/0.007+1.1 ms cpu, 4->6->2 MB, 5 MB goal, 0 MB stacks, 0 MB globals, 20 P
gc 2474 @7.788s 4%: 0.062+0.47+0.020 ms clock, 1.2+0.19/0.68/0.017+0.41 ms cpu, 4->6->2 MB, 5 MB goal, 0 MB stacks, 0 MB globals, 20 P
gc 2475 @7.789s 4%: 0.058+0.41+0.033 ms clock, 1.1+0.20/0.65/0+0.67 ms cpu, 4->5->2 MB, 5 MB goal, 0 MB stacks, 0 MB globals, 20 P
gc 2476 @7.791s 4%: 0.071+0.34+0.066 ms clock, 1.4+0.24/0.59/0.021+1.3 ms cpu, 4->5->2 MB, 5 MB goal, 0 MB stacks, 0 MB globals, 20 P
gc 2477 @7.792s 4%: 0.046+0.34+0.076 ms clock, 0.92+0.30/0.57/0.038+1.5 ms cpu, 4->5->2 MB, 5 MB goal, 0 MB stacks, 0 MB globals, 20 P
gc 2478 @7.793s 4%: 0.059+0.49+0.015 ms clock, 1.1+0.42/0.67/0+0.30 ms cpu, 4->5->2 MB, 4 MB goal, 0 MB stacks, 0 MB globals, 20 P
gc 2479 @7.795s 4%: 0.078+0.43+0.009 ms clock, 1.5+0.32/0.67/0+0.18 ms cpu, 4->5->2 MB, 5 MB goal, 0 MB stacks, 0 MB globals, 20 P
gc 2480 @7.796s 4%: 0.047+0.31+0.074 ms clock, 0.94+0.26/0.66/0.13+1.4 ms cpu, 4->5->2 MB, 5 MB goal, 0 MB stacks, 0 MB globals, 20 P
gc 2481 @7.797s 4%: 0.087+0.34+0.040 ms clock, 1.7+0.43/0.65/0.021+0.81 ms cpu, 3->4->2 MB, 4 MB goal, 0 MB stacks, 0 MB globals, 20 P
gc 2482 @7.798s 4%: 0.064+0.45+0.046 ms clock, 1.2+0.20/0.59/0.036+0.92 ms cpu, 4->5->2 MB, 5 MB goal, 0 MB stacks, 0 MB globals, 20 P
gc 2483 @7.799s 4%: 0.084+0.35+0.039 ms clock, 1.6+0.32/0.54/0.004+0.79 ms cpu, 4->5->2 MB, 5 MB goal, 0 MB stacks, 0 MB globals, 20 P
gc 2484 @7.801s 4%: 0.078+0.33+0.070 ms clock, 1.5+0.22/0.63/0.003+1.4 ms cpu, 4->4->2 MB, 5 MB goal, 0 MB stacks, 0 MB globals, 20 P
gc 2485 @7.802s 4%: 0.025+0.43+0.067 ms clock, 0.50+0.15/0.57/0.12+1.3 ms cpu, 3->4->2 MB, 4 MB goal, 0 MB stacks, 0 MB globals, 20 P
gc 2486 @7.803s 4%: 0.046+0.42+0.099 ms clock, 0.93+0.20/0.70/0.002+1.9 ms cpu, 4->4->2 MB, 4 MB goal, 0 MB stacks, 0 MB globals, 20 P
gc 2487 @7.804s 4%: 0.084+0.43+0.069 ms clock, 1.6+0.32/0.60/0.004+1.3 ms cpu, 4->5->2 MB, 5 MB goal, 0 MB stacks, 0 MB globals, 20 P
gc 2488 @7.805s 4%: 0.066+0.41+0.035 ms clock, 1.3+0.37/0.56/0.094+0.71 ms cpu, 4->5->2 MB, 5 MB goal, 0 MB stacks, 0 MB globals, 20 P
gc 2489 @7.806s 4%: 0.058+0.40+0.087 ms clock, 1.1+0.31/0.57/0+1.7 ms cpu, 4->5->2 MB, 5 MB goal, 0 MB stacks, 0 MB globals, 20 P
gc 2490 @7.808s 4%: 0.063+0.49+0.070 ms clock, 1.2+0.46/0.67/0+1.4 ms cpu, 4->5->2 MB, 5 MB goal, 0 MB stacks, 0 MB globals, 20 P
gc 2491 @7.809s 4%: 0.091+0.39+0.083 ms clock, 1.8+0.46/0.63/0.012+1.6 ms cpu, 4->5->2 MB, 5 MB goal, 0 MB stacks, 0 MB globals, 20 P
gc 2492 @7.810s 4%: 0.024+0.56+0.023 ms clock, 0.49+0.30/0.62/0.033+0.47 ms cpu, 4->5->2 MB, 5 MB goal, 0 MB stacks, 0 MB globals, 20 P
gc 2493 @7.812s 4%: 0.063+0.51+0.069 ms clock, 1.2+0.24/0.68/0.008+1.3 ms cpu, 4->5->2 MB, 5 MB goal, 0 MB stacks, 0 MB globals, 20 P
gc 2494 @7.813s 4%: 0.064+0.37+0.054 ms clock, 1.2+0.38/0.58/0+1.0 ms cpu, 4->5->2 MB, 5 MB goal, 0 MB stacks, 0 MB globals, 20 P
gc 2495 @7.815s 4%: 0.090+0.40+0.005 ms clock, 1.8+0.30/0.61/0+0.10 ms cpu, 4->5->2 MB, 5 MB goal, 0 MB stacks, 0 MB globals, 20 P
gc 2496 @7.816s 4%: 0.073+0.37+0.071 ms clock, 1.4+0.32/0.62/0+1.4 ms cpu, 4->5->2 MB, 5 MB goal, 0 MB stacks, 0 MB globals, 20 P
gc 2497 @7.818s 4%: 0.058+0.24+0.055 ms clock, 1.1+0.27/0.50/0.053+1.1 ms cpu, 4->4->2 MB, 5 MB goal, 0 MB stacks, 0 MB globals, 20 P
gc 2498 @7.818s 4%: 0.053+0.35+0.074 ms clock, 1.0+0.27/0.66/0.042+1.4 ms cpu, 3->4->2 MB, 4 MB goal, 0 MB stacks, 0 MB globals, 20 P
gc 2499 @7.820s 4%: 0.037+0.47+0.055 ms clock, 0.75+0.21/0.60/0.056+1.1 ms cpu, 4->5->2 MB, 4 MB goal, 0 MB stacks, 0 MB globals, 20 P
gc 2500 @7.821s 4%: 0.076+0.30+0.037 ms clock, 1.5+0.25/0.55/0.040+0.74 ms cpu, 4->4->2 MB, 4 MB goal, 0 MB stacks, 0 MB globals, 20 P
gc 2501 @7.822s 4%: 0.055+0.37+0.069 ms clock, 1.1+0.14/0.52/0.21+1.3 ms cpu, 4->5->2 MB, 5 MB goal, 0 MB stacks, 0 MB globals, 20 P
gc 2502 @7.823s 4%: 0.067+0.40+0.041 ms clock, 1.3+0.22/0.62/0.019+0.82 ms cpu, 4->5->2 MB, 5 MB goal, 0 MB stacks, 0 MB globals, 20 P
gc 2503 @7.825s 4%: 0.078+0.36+0.074 ms clock, 1.5+0.31/0.74/0.011+1.4 ms cpu, 4->5->2 MB, 5 MB goal, 0 MB stacks, 0 MB globals, 20 P
gc 2504 @7.826s 4%: 0.047+0.27+0.061 ms clock, 0.95+0.27/0.57/0.004+1.2 ms cpu, 4->4->2 MB, 5 MB goal, 0 MB stacks, 0 MB globals, 20 P
gc 2505 @7.827s 4%: 0.051+0.31+0.078 ms clock, 1.0+0.23/0.77/0+1.5 ms cpu, 3->4->2 MB, 4 MB goal, 0 MB stacks, 0 MB globals, 20 P
gc 2506 @7.828s 4%: 0.025+0.28+0.10 ms clock, 0.51+0.25/0.59/0+2.0 ms cpu, 4->4->2 MB, 4 MB goal, 0 MB stacks, 0 MB globals, 20 P
gc 2507 @7.829s 4%: 0.050+0.32+0.053 ms clock, 1.0+0.21/0.61/0.068+1.0 ms cpu, 4->4->2 MB, 4 MB goal, 0 MB stacks, 0 MB globals, 20 P
gc 2508 @7.830s 4%: 0.032+0.31+0.032 ms clock, 0.65+0.24/0.55/0.027+0.65 ms cpu, 3->4->2 MB, 4 MB goal, 0 MB stacks, 0 MB globals, 20 P
gc 2509 @7.831s 4%: 0.041+0.34+0.054 ms clock, 0.83+0.36/0.68/0.019+1.0 ms cpu, 3->4->2 MB, 4 MB goal, 0 MB stacks, 0 MB globals, 20 P
gc 2510 @7.832s 4%: 0.073+0.26+0.012 ms clock, 1.4+0.29/0.62/0.014+0.24 ms cpu, 3->4->2 MB, 4 MB goal, 0 MB stacks, 0 MB globals, 20 P
gc 2511 @7.833s 4%: 0.027+0.24+0.062 ms clock, 0.55+0.13/0.67/0.16+1.2 ms cpu, 3->4->1 MB, 4 MB goal, 0 MB stacks, 0 MB globals, 20 P
gc 2512 @7.834s 4%: 0.070+0.60+0.023 ms clock, 1.4+0.41/0.57/0.051+0.46 ms cpu, 3->4->2 MB, 4 MB goal, 0 MB stacks, 0 MB globals, 20 P
gc 2513 @7.836s 4%: 0.061+0.33+0.058 ms clock, 1.2+0.31/0.51/0.084+1.1 ms cpu, 4->5->2 MB, 5 MB goal, 0 MB stacks, 0 MB globals, 20 P
gc 2514 @7.837s 4%: 0.081+0.28+0.059 ms clock, 1.6+0.24/0.58/0+1.1 ms cpu, 4->4->2 MB, 4 MB goal, 0 MB stacks, 0 MB globals, 20 P
gc 2515 @7.838s 4%: 0.035+0.26+0.014 ms clock, 0.70+0.15/0.62/0.034+0.28 ms cpu, 3->4->1 MB, 4 MB goal, 0 MB stacks, 0 MB globals, 20 P
gc 2516 @7.839s 4%: 0.046+0.30+0.053 ms clock, 0.93+0.25/0.68/0.013+1.0 ms cpu, 3->4->2 MB, 4 MB goal, 0 MB stacks, 0 MB globals, 20 P
gc 2517 @7.839s 4%: 0.070+0.38+0.016 ms clock, 1.4+0.32/0.58/0.047+0.32 ms cpu, 3->4->2 MB, 4 MB goal, 0 MB stacks, 0 MB globals, 20 P
gc 2518 @7.841s 4%: 0.077+0.34+0.026 ms clock, 1.5+0.25/0.72/0.082+0.53 ms cpu, 3->4->2 MB, 4 MB goal, 0 MB stacks, 0 MB globals, 20 P
gc 2519 @7.842s 4%: 0.046+0.25+0.039 ms clock, 0.92+0.43/0.56/0.060+0.79 ms cpu, 4->4->1 MB, 4 MB goal, 0 MB stacks, 0 MB globals, 20 P
gc 2520 @7.843s 4%: 0.059+0.35+0.060 ms clock, 1.1+0.29/0.66/0.004+1.2 ms cpu, 3->4->2 MB, 4 MB goal, 0 MB stacks, 0 MB globals, 20 P
gc 2521 @7.844s 4%: 0.069+0.46+0.062 ms clock, 1.3+0.24/0.69/0.001+1.2 ms cpu, 3->4->2 MB, 4 MB goal, 0 MB stacks, 0 MB globals, 20 P
gc 2522 @7.845s 4%: 0.087+0.25+0.034 ms clock, 1.7+0.42/0.59/0.004+0.69 ms cpu, 4->4->2 MB, 4 MB goal, 0 MB stacks, 0 MB globals, 20 P
gc 2523 @7.846s 4%: 0.071+0.44+0.014 ms clock, 1.4+0.33/0.56/0.014+0.28 ms cpu, 3->4->2 MB, 4 MB goal, 0 MB stacks, 0 MB globals, 20 P
gc 2524 @7.848s 4%: 0.090+0.49+0.046 ms clock, 1.8+0.33/0.64/0.003+0.93 ms cpu, 4->5->2 MB, 4 MB goal, 0 MB stacks, 0 MB globals, 20 P
gc 2525 @7.849s 4%: 0.069+0.38+0.059 ms clock, 1.3+0.29/0.55/0.024+1.1 ms cpu, 4->5->2 MB, 5 MB goal, 0 MB stacks, 0 MB globals, 20 P
gc 2526 @7.850s 4%: 0.069+0.40+0.068 ms clock, 1.3+0.39/0.54/0.016+1.3 ms cpu, 4->4->2 MB, 4 MB goal, 0 MB stacks, 0 MB globals, 20 P
gc 2527 @7.851s 4%: 0.068+0.26+0.078 ms clock, 1.3+0.27/0.61/0+1.5 ms cpu, 4->4->2 MB, 4 MB goal, 0 MB stacks, 0 MB globals, 20 P
gc 2528 @7.853s 4%: 0.046+0.36+0.073 ms clock, 0.93+0.25/0.50/0.14+1.4 ms cpu, 3->4->2 MB, 4 MB goal, 0 MB stacks, 0 MB globals, 20 P
gc 2529 @7.854s 4%: 0.070+0.33+0.076 ms clock, 1.4+0.36/0.64/0.032+1.5 ms cpu, 4->4->2 MB, 4 MB goal, 0 MB stacks, 0 MB globals, 20 P
gc 2530 @7.855s 4%: 0.054+0.32+0.079 ms clock, 1.0+0.25/0.67/0.007+1.5 ms cpu, 3->4->2 MB, 4 MB goal, 0 MB stacks, 0 MB globals, 20 P
gc 2531 @7.856s 4%: 0.044+0.64+0.022 ms clock, 0.88+0.15/0.72/0+0.44 ms cpu, 4->5->2 MB, 4 MB goal, 0 MB stacks, 0 MB globals, 20 P
gc 2532 @7.858s 4%: 0.049+0.31+0.066 ms clock, 0.98+0.18/0.58/0.006+1.3 ms cpu, 4->5->2 MB, 5 MB goal, 0 MB stacks, 0 MB globals, 20 P
gc 2533 @7.859s 4%: 0.078+0.27+0.064 ms clock, 1.5+0.46/0.58/0.021+1.2 ms cpu, 3->4->2 MB, 4 MB goal, 0 MB stacks, 0 MB globals, 20 P
gc 2534 @7.860s 4%: 0.064+0.58+0.029 ms clock, 1.2+0.39/0.54/0.062+0.58 ms cpu, 3->5->2 MB, 4 MB goal, 0 MB stacks, 0 MB globals, 20 P
gc 2535 @7.861s 4%: 0.075+0.41+0.050 ms clock, 1.5+0.48/0.56/0+1.0 ms cpu, 4->5->2 MB, 5 MB goal, 0 MB stacks, 0 MB globals, 20 P
gc 2536 @7.862s 4%: 0.083+0.46+0.072 ms clock, 1.6+0.20/0.75/0+1.4 ms cpu, 4->5->2 MB, 4 MB goal, 0 MB stacks, 0 MB globals, 20 P
gc 2537 @7.864s 4%: 0.076+0.47+0.013 ms clock, 1.5+0.21/0.56/0.061+0.27 ms cpu, 4->5->2 MB, 5 MB goal, 0 MB stacks, 0 MB globals, 20 P
gc 2538 @7.865s 4%: 0.085+0.32+0.031 ms clock, 1.7+0.32/0.68/0.035+0.62 ms cpu, 4->4->2 MB, 4 MB goal, 0 MB stacks, 0 MB globals, 20 P
gc 2539 @7.866s 4%: 0.032+0.51+0.060 ms clock, 0.65+0.13/0.70/0.22+1.2 ms cpu, 3->5->2 MB, 4 MB goal, 0 MB stacks, 0 MB globals, 20 P
gc 2540 @7.867s 4%: 0.035+0.39+0.10 ms clock, 0.70+0.24/0.66/0.013+2.0 ms cpu, 4->5->2 MB, 5 MB goal, 0 MB stacks, 0 MB globals, 20 P
gc 2541 @7.869s 4%: 0.078+0.35+0.057 ms clock, 1.5+0.31/0.56/0.012+1.1 ms cpu, 4->5->2 MB, 5 MB goal, 0 MB stacks, 0 MB globals, 20 P
gc 2542 @7.870s 4%: 0.074+0.38+0.072 ms clock, 1.4+0.20/0.69/0+1.4 ms cpu, 4->5->2 MB, 5 MB goal, 0 MB stacks, 0 MB globals, 20 P
gc 2543 @7.871s 4%: 0.073+0.33+0.089 ms clock, 1.4+0.42/0.61/0.017+1.7 ms cpu, 4->5->2 MB, 5 MB goal, 0 MB stacks, 0 MB globals, 20 P
gc 2544 @7.872s 4%: 0.032+0.42+0.064 ms clock, 0.65+0.088/0.63/0.090+1.2 ms cpu, 4->5->2 MB, 4 MB goal, 0 MB stacks, 0 MB globals, 20 P
gc 2545 @7.874s 4%: 0.067+0.50+0.026 ms clock, 1.3+0.35/0.57/0.048+0.53 ms cpu, 4->5->2 MB, 5 MB goal, 0 MB stacks, 0 MB globals, 20 P
gc 2546 @7.875s 4%: 0.044+0.29+0.075 ms clock, 0.89+0.31/0.55/0.005+1.5 ms cpu, 4->5->2 MB, 5 MB goal, 0 MB stacks, 0 MB globals, 20 P
gc 2547 @7.876s 4%: 0.033+0.41+0.057 ms clock, 0.66+0.31/0.63/0.005+1.1 ms cpu, 4->5->2 MB, 4 MB goal, 0 MB stacks, 0 MB globals, 20 P
gc 2548 @7.877s 4%: 0.062+0.42+0.060 ms clock, 1.2+0.24/0.65/0+1.2 ms cpu, 4->5->2 MB, 5 MB goal, 0 MB stacks, 0 MB globals, 20 P
gc 2549 @7.879s 4%: 0.058+0.53+0.068 ms clock, 1.1+0.22/0.70/0+1.3 ms cpu, 4->5->2 MB, 5 MB goal, 0 MB stacks, 0 MB globals, 20 P
gc 2550 @7.880s 4%: 0.088+0.41+0.064 ms clock, 1.7+0.31/0.63/0.013+1.2 ms cpu, 4->5->2 MB, 5 MB goal, 0 MB stacks, 0 MB globals, 20 P
gc 2551 @7.882s 4%: 0.052+0.34+0.072 ms clock, 1.0+0.30/0.62/0.008+1.4 ms cpu, 4->5->2 MB, 5 MB goal, 0 MB stacks, 0 MB globals, 20 P
gc 2552 @7.883s 4%: 0.053+0.47+0.063 ms clock, 1.0+0.25/0.73/0.005+1.2 ms cpu, 4->5->2 MB, 4 MB goal, 0 MB stacks, 0 MB globals, 20 P
gc 2553 @7.884s 4%: 0.066+0.36+0.097 ms clock, 1.3+0.40/0.59/0.099+1.9 ms cpu, 4->4->2 MB, 5 MB goal, 0 MB stacks, 0 MB globals, 20 P
gc 2554 @7.885s 4%: 0.064+0.29+0.055 ms clock, 1.2+0.32/0.57/0.005+1.1 ms cpu, 4->4->2 MB, 4 MB goal, 0 MB stacks, 0 MB globals, 20 P
gc 2555 @7.886s 4%: 0.060+0.43+0.089 ms clock, 1.2+0.19/0.58/0.088+1.7 ms cpu, 3->4->2 MB, 4 MB goal, 0 MB stacks, 0 MB globals, 20 P
gc 2556 @7.888s 4%: 0.049+0.45+0.047 ms clock, 0.98+0.31/0.53/0.015+0.95 ms cpu, 4->5->2 MB, 5 MB goal, 0 MB stacks, 0 MB globals, 20 P
gc 2557 @7.889s 4%: 0.071+0.45+0.013 ms clock, 1.4+0.28/0.70/0.032+0.26 ms cpu, 4->5->2 MB, 5 MB goal, 0 MB stacks, 0 MB globals, 20 P
gc 2558 @7.891s 4%: 0.070+0.36+0.015 ms clock, 1.4+0.35/0.57/0.092+0.31 ms cpu, 4->5->2 MB, 5 MB goal, 0 MB stacks, 0 MB globals, 20 P
gc 2559 @7.891s 4%: 0.076+0.34+0.038 ms clock, 1.5+0.39/0.60/0.001+0.77 ms cpu, 3->4->2 MB, 4 MB goal, 0 MB stacks, 0 MB globals, 20 P
gc 2560 @7.893s 4%: 0.092+0.35+0.062 ms clock, 1.8+0.42/0.58/0.038+1.2 ms cpu, 4->4->2 MB, 4 MB goal, 0 MB stacks, 0 MB globals, 20 P
gc 2561 @7.894s 4%: 0.086+0.30+0.037 ms clock, 1.7+0.40/0.66/0.009+0.75 ms cpu, 3->4->2 MB, 4 MB goal, 0 MB stacks, 0 MB globals, 20 P
gc 2562 @7.895s 4%: 0.066+0.48+0.057 ms clock, 1.3+0.31/0.62/0.059+1.1 ms cpu, 3->4->2 MB, 4 MB goal, 0 MB stacks, 0 MB globals, 20 P
gc 2563 @7.896s 4%: 0.051+0.35+0.070 ms clock, 1.0+0.20/0.64/0+1.4 ms cpu, 4->5->2 MB, 5 MB goal, 0 MB stacks, 0 MB globals, 20 P
gc 2564 @7.897s 4%: 0.069+0.51+0.074 ms clock, 1.3+0.29/0.60/0.055+1.4 ms cpu, 4->4->2 MB, 4 MB goal, 0 MB stacks, 0 MB globals, 20 P
gc 2565 @7.898s 4%: 0.064+0.29+0.014 ms clock, 1.2+0.36/0.55/0.013+0.28 ms cpu, 4->4->2 MB, 5 MB goal, 0 MB stacks, 0 MB globals, 20 P
gc 2566 @7.900s 4%: 0.075+0.34+0.022 ms clock, 1.5+0.30/0.59/0.024+0.45 ms cpu, 4->5->2 MB, 4 MB goal, 0 MB stacks, 0 MB globals, 20 P
gc 2567 @7.901s 4%: 0.062+0.43+0.057 ms clock, 1.2+0.27/0.57/0.031+1.1 ms cpu, 4->5->2 MB, 4 MB goal, 0 MB stacks, 0 MB globals, 20 P
gc 2568 @7.902s 4%: 0.033+0.35+0.049 ms clock, 0.67+0.36/0.60/0+0.99 ms cpu, 4->5->2 MB, 5 MB goal, 0 MB stacks, 0 MB globals, 20 P
gc 2569 @7.904s 4%: 0.088+0.36+0.017 ms clock, 1.7+0.31/0.64/0.060+0.34 ms cpu, 4->4->2 MB, 5 MB goal, 0 MB stacks, 0 MB globals, 20 P
gc 2570 @7.905s 4%: 0.022+0.28+0.039 ms clock, 0.44+0.19/0.58/0.29+0.79 ms cpu, 4->4->1 MB, 4 MB goal, 0 MB stacks, 0 MB globals, 20 P
gc 2571 @7.906s 4%: 0.083+0.45+0.073 ms clock, 1.6+0.43/0.58/0+1.4 ms cpu, 3->4->2 MB, 4 MB goal, 0 MB stacks, 0 MB globals, 20 P
gc 2572 @7.907s 4%: 0.075+0.26+0.061 ms clock, 1.5+0.32/0.59/0.006+1.2 ms cpu, 4->4->2 MB, 5 MB goal, 0 MB stacks, 0 MB globals, 20 P
gc 2573 @7.908s 4%: 0.066+0.33+0.044 ms clock, 1.3+0.42/0.53/0.022+0.88 ms cpu, 3->4->2 MB, 4 MB goal, 0 MB stacks, 0 MB globals, 20 P
gc 2574 @7.909s 4%: 0.066+0.47+0.080 ms clock, 1.3+0.32/0.68/0.034+1.6 ms cpu, 4->5->2 MB, 4 MB goal, 0 MB stacks, 0 MB globals, 20 P
gc 2575 @7.910s 4%: 0.081+0.35+0.086 ms clock, 1.6+0.36/0.59/0.036+1.7 ms cpu, 4->5->2 MB, 5 MB goal, 0 MB stacks, 0 MB globals, 20 P
gc 2576 @7.912s 4%: 0.076+0.54+0.079 ms clock, 1.5+0.33/0.64/0.017+1.5 ms cpu, 4->5->2 MB, 5 MB goal, 0 MB stacks, 0 MB globals, 20 P
gc 2577 @7.913s 4%: 0.064+0.55+0.023 ms clock, 1.2+0.35/0.55/0.001+0.46 ms cpu, 4->5->2 MB, 5 MB goal, 0 MB stacks, 0 MB globals, 20 P
gc 2578 @7.914s 4%: 0.023+0.55+0.059 ms clock, 0.47+0.12/0.52/0.18+1.1 ms cpu, 4->5->2 MB, 5 MB goal, 0 MB stacks, 0 MB globals, 20 P
gc 2579 @7.916s 4%: 0.033+0.34+0.064 ms clock, 0.67+0.32/0.68/0.005+1.2 ms cpu, 4->5->2 MB, 5 MB goal, 0 MB stacks, 0 MB globals, 20 P
gc 2580 @7.917s 4%: 0.067+0.50+0.027 ms clock, 1.3+0.37/0.56/0+0.54 ms cpu, 3->4->2 MB, 4 MB goal, 0 MB stacks, 0 MB globals, 20 P
gc 2581 @7.919s 4%: 0.031+0.36+0.070 ms clock, 0.63+0.30/0.72/0+1.4 ms cpu, 4->5->2 MB, 5 MB goal, 0 MB stacks, 0 MB globals, 20 P
gc 2582 @7.920s 4%: 0.068+0.37+0.067 ms clock, 1.3+0.19/0.60/0+1.3 ms cpu, 3->4->2 MB, 4 MB goal, 0 MB stacks, 0 MB globals, 20 P
gc 2583 @7.921s 4%: 0.047+0.33+0.048 ms clock, 0.94+0.25/0.69/0+0.96 ms cpu, 4->4->2 MB, 4 MB goal, 0 MB stacks, 0 MB globals, 20 P
gc 2584 @7.922s 4%: 0.062+0.36+0.042 ms clock, 1.2+0.21/0.60/0+0.84 ms cpu, 4->4->2 MB, 4 MB goal, 0 MB stacks, 0 MB globals, 20 P
gc 2585 @7.923s 4%: 0.036+0.28+0.066 ms clock, 0.72+0.33/0.62/0.035+1.3 ms cpu, 3->4->2 MB, 4 MB goal, 0 MB stacks, 0 MB globals, 20 P
gc 2586 @7.924s 4%: 0.021+0.34+0.072 ms clock, 0.42+0.18/0.73/0.017+1.4 ms cpu, 3->4->2 MB, 4 MB goal, 0 MB stacks, 0 MB globals, 20 P
gc 2587 @7.925s 4%: 0.058+0.16+0.073 ms clock, 1.1+0.35/0.50/0.038+1.4 ms cpu, 3->4->1 MB, 4 MB goal, 0 MB stacks, 0 MB globals, 20 P
gc 2588 @7.926s 4%: 0.072+0.32+0.062 ms clock, 1.4+0.43/0.66/0.001+1.2 ms cpu, 3->4->2 MB, 4 MB goal, 0 MB stacks, 0 MB globals, 20 P
gc 2589 @7.927s 4%: 0.083+0.44+0.046 ms clock, 1.6+0.37/0.52/0.078+0.93 ms cpu, 4->5->2 MB, 5 MB goal, 0 MB stacks, 0 MB globals, 20 P
gc 2590 @7.929s 4%: 0.039+0.34+0.070 ms clock, 0.78+0.32/0.55/0+1.4 ms cpu, 4->5->2 MB, 5 MB goal, 0 MB stacks, 0 MB globals, 20 P
gc 2591 @7.930s 4%: 0.079+0.54+0.015 ms clock, 1.5+0.36/0.71/0.006+0.31 ms cpu, 4->5->2 MB, 4 MB goal, 0 MB stacks, 0 MB globals, 20 P
gc 2592 @7.932s 4%: 0.046+0.36+0.087 ms clock, 0.93+0.35/0.52/0.10+1.7 ms cpu, 4->5->2 MB, 5 MB goal, 0 MB stacks, 0 MB globals, 20 P
gc 2593 @7.933s 4%: 0.041+0.30+0.008 ms clock, 0.82+0.35/0.61/0.022+0.16 ms cpu, 4->5->2 MB, 5 MB goal, 0 MB stacks, 0 MB globals, 20 P
gc 2594 @7.934s 4%: 0.042+0.50+0.006 ms clock, 0.85+0.49/0.57/0.029+0.12 ms cpu, 4->5->2 MB, 4 MB goal, 0 MB stacks, 0 MB globals, 20 P
gc 2595 @7.936s 4%: 0.074+0.41+0.023 ms clock, 1.4+0.40/0.50/0+0.46 ms cpu, 4->5->2 MB, 5 MB goal, 0 MB stacks, 0 MB globals, 20 P
gc 2596 @7.937s 4%: 0.051+0.39+0.052 ms clock, 1.0+0.36/0.56/0.035+1.0 ms cpu, 4->5->2 MB, 5 MB goal, 0 MB stacks, 0 MB globals, 20 P
gc 2597 @7.938s 4%: 0.087+0.38+0.055 ms clock, 1.7+0.29/0.49/0.049+1.1 ms cpu, 4->5->2 MB, 5 MB goal, 0 MB stacks, 0 MB globals, 20 P
gc 2598 @7.940s 4%: 0.093+0.33+0.044 ms clock, 1.8+0.31/0.63/0.017+0.88 ms cpu, 4->5->2 MB, 5 MB goal, 0 MB stacks, 0 MB globals, 20 P
gc 2599 @7.941s 4%: 0.076+0.32+0.091 ms clock, 1.5+0.27/0.63/0+1.8 ms cpu, 4->4->2 MB, 4 MB goal, 0 MB stacks, 0 MB globals, 20 P
gc 2600 @7.942s 4%: 0.081+0.37+0.017 ms clock, 1.6+0.37/0.57/0.020+0.34 ms cpu, 4->5->2 MB, 4 MB goal, 0 MB stacks, 0 MB globals, 20 P
gc 2601 @7.943s 4%: 0.064+0.42+0.047 ms clock, 1.2+0.35/0.53/0.076+0.95 ms cpu, 4->5->2 MB, 5 MB goal, 0 MB stacks, 0 MB globals, 20 P
gc 2602 @7.945s 4%: 0.076+0.51+0.047 ms clock, 1.5+0.41/0.66/0.023+0.95 ms cpu, 4->5->2 MB, 5 MB goal, 0 MB stacks, 0 MB globals, 20 P
gc 2603 @7.946s 4%: 0.063+0.42+0.059 ms clock, 1.2+0.24/0.63/0.018+1.1 ms cpu, 4->5->2 MB, 5 MB goal, 0 MB stacks, 0 MB globals, 20 P
gc 2604 @7.947s 4%: 0.061+0.31+0.018 ms clock, 1.2+0.27/0.72/0+0.37 ms cpu, 4->4->2 MB, 5 MB goal, 0 MB stacks, 0 MB globals, 20 P
gc 2605 @7.948s 4%: 0.10+0.41+0.077 ms clock, 2.1+0.44/0.57/0.005+1.5 ms cpu, 4->5->2 MB, 4 MB goal, 0 MB stacks, 0 MB globals, 20 P
gc 2606 @7.950s 4%: 0.081+0.44+0.063 ms clock, 1.6+0.37/0.58/0+1.2 ms cpu, 4->5->2 MB, 5 MB goal, 0 MB stacks, 0 MB globals, 20 P
gc 2607 @7.951s 4%: 0.086+0.38+0.071 ms clock, 1.7+0.21/0.65/0.013+1.4 ms cpu, 4->5->2 MB, 5 MB goal, 0 MB stacks, 0 MB globals, 20 P
gc 2608 @7.953s 4%: 0.053+0.49+0.048 ms clock, 1.0+0.29/0.71/0.005+0.97 ms cpu, 4->5->2 MB, 4 MB goal, 0 MB stacks, 0 MB globals, 20 P
gc 2609 @7.954s 4%: 0.070+0.47+0.076 ms clock, 1.4+0.26/0.51/0.006+1.5 ms cpu, 4->5->2 MB, 5 MB goal, 0 MB stacks, 0 MB globals, 20 P
gc 2610 @7.956s 4%: 0.046+0.27+0.068 ms clock, 0.93+0.25/0.57/0.025+1.3 ms cpu, 4->5->2 MB, 5 MB goal, 0 MB stacks, 0 MB globals, 20 P
gc 2611 @7.957s 4%: 0.076+0.39+0.075 ms clock, 1.5+0.39/0.66/0+1.5 ms cpu, 3->4->2 MB, 4 MB goal, 0 MB stacks, 0 MB globals, 20 P
gc 2612 @7.958s 4%: 0.042+0.32+0.064 ms clock, 0.85+0.29/0.59/0+1.2 ms cpu, 4->4->2 MB, 4 MB goal, 0 MB stacks, 0 MB globals, 20 P
gc 2613 @7.959s 4%: 0.078+0.41+0.068 ms clock, 1.5+0.33/0.57/0.035+1.3 ms cpu, 4->4->2 MB, 4 MB goal, 0 MB stacks, 0 MB globals, 20 P
gc 2614 @7.960s 4%: 0.044+0.30+0.034 ms clock, 0.88+0.28/0.60/0.040+0.68 ms cpu, 4->4->2 MB, 4 MB goal, 0 MB stacks, 0 MB globals, 20 P
gc 2615 @7.961s 4%: 0.073+0.47+0.073 ms clock, 1.4+0.27/0.65/0+1.4 ms cpu, 3->5->2 MB, 4 MB goal, 0 MB stacks, 0 MB globals, 20 P
gc 2616 @7.963s 4%: 0.062+0.32+0.085 ms clock, 1.2+0.18/0.69/0.011+1.7 ms cpu, 4->5->2 MB, 5 MB goal, 0 MB stacks, 0 MB globals, 20 P
gc 2617 @7.964s 4%: 0.073+0.30+0.060 ms clock, 1.4+0.28/0.67/0+1.2 ms cpu, 4->4->2 MB, 4 MB goal, 0 MB stacks, 0 MB globals, 20 P
gc 2618 @7.965s 4%: 0.085+0.44+0.079 ms clock, 1.7+0.34/0.76/0+1.5 ms cpu, 3->4->2 MB, 4 MB goal, 0 MB stacks, 0 MB globals, 20 P
gc 2619 @7.966s 4%: 0.070+0.48+0.11 ms clock, 1.4+0.44/0.57/0.001+2.2 ms cpu, 4->5->2 MB, 5 MB goal, 0 MB stacks, 0 MB globals, 20 P
gc 2620 @7.968s 4%: 0.078+0.29+0.023 ms clock, 1.5+0.30/0.59/0.002+0.46 ms cpu, 4->5->2 MB, 5 MB goal, 0 MB stacks, 0 MB globals, 20 P
gc 2621 @7.969s 4%: 0.045+0.40+0.054 ms clock, 0.90+0.20/0.67/0.039+1.0 ms cpu, 3->4->2 MB, 4 MB goal, 0 MB stacks, 0 MB globals, 20 P
gc 2622 @7.970s 4%: 0.075+0.35+0.065 ms clock, 1.5+0.19/0.62/0.067+1.3 ms cpu, 3->4->2 MB, 4 MB goal, 0 MB stacks, 0 MB globals, 20 P
gc 2623 @7.971s 4%: 0.065+0.51+0.079 ms clock, 1.3+0.34/0.67/0.001+1.5 ms cpu, 3->5->2 MB, 4 MB goal, 0 MB stacks, 0 MB globals, 20 P
gc 2624 @7.973s 4%: 0.081+0.44+0.050 ms clock, 1.6+0.22/0.55/0.16+1.0 ms cpu, 4->5->2 MB, 5 MB goal, 0 MB stacks, 0 MB globals, 20 P
gc 2625 @7.974s 4%: 0.062+0.25+0.041 ms clock, 1.2+0.33/0.62/0.034+0.83 ms cpu, 4->4->2 MB, 5 MB goal, 0 MB stacks, 0 MB globals, 20 P
gc 2626 @7.975s 4%: 0.057+0.30+0.054 ms clock, 1.1+0.26/0.56/0.003+1.0 ms cpu, 3->4->2 MB, 4 MB goal, 0 MB stacks, 0 MB globals, 20 P
gc 2627 @7.976s 4%: 0.058+0.45+0.085 ms clock, 1.1+0.31/0.61/0.027+1.7 ms cpu, 3->4->2 MB, 4 MB goal, 0 MB stacks, 0 MB globals, 20 P
gc 2628 @7.977s 4%: 0.056+0.45+0.056 ms clock, 1.1+0.33/0.68/0+1.1 ms cpu, 4->4->2 MB, 4 MB goal, 0 MB stacks, 0 MB globals, 20 P
gc 2629 @7.978s 4%: 0.067+0.32+0.041 ms clock, 1.3+0.28/0.64/0+0.82 ms cpu, 4->4->2 MB, 5 MB goal, 0 MB stacks, 0 MB globals, 20 P
gc 2630 @7.980s 4%: 0.063+0.40+0.065 ms clock, 1.2+0.39/0.60/0.023+1.3 ms cpu, 4->5->2 MB, 4 MB goal, 0 MB stacks, 0 MB globals, 20 P
gc 2631 @7.981s 4%: 0.067+0.51+0.013 ms clock, 1.3+0.30/0.63/0+0.27 ms cpu, 4->5->2 MB, 5 MB goal, 0 MB stacks, 0 MB globals, 20 P
gc 2632 @7.982s 4%: 0.070+0.39+0.086 ms clock, 1.4+0.25/0.62/0.002+1.7 ms cpu, 4->5->2 MB, 4 MB goal, 0 MB stacks, 0 MB globals, 20 P
gc 2633 @7.983s 4%: 0.060+0.36+0.056 ms clock, 1.2+0.27/0.60/0.075+1.1 ms cpu, 4->4->2 MB, 4 MB goal, 0 MB stacks, 0 MB globals, 20 P
gc 2634 @7.984s 4%: 0.073+0.45+0.069 ms clock, 1.4+0.33/0.68/0+1.3 ms cpu, 3->4->2 MB, 4 MB goal, 0 MB stacks, 0 MB globals, 20 P
gc 2635 @7.986s 4%: 0.022+0.32+0.092 ms clock, 0.44+0.26/0.59/0.005+1.8 ms cpu, 4->4->2 MB, 5 MB goal, 0 MB stacks, 0 MB globals, 20 P
gc 2636 @7.986s 4%: 0.080+0.43+0.035 ms clock, 1.6+0.22/0.65/0.005+0.71 ms cpu, 3->4->2 MB, 4 MB goal, 0 MB stacks, 0 MB globals, 20 P
gc 2637 @7.988s 4%: 0.058+0.51+0.049 ms clock, 1.1+0.21/0.61/0.050+0.98 ms cpu, 4->5->2 MB, 4 MB goal, 0 MB stacks, 0 MB globals, 20 P
gc 2638 @7.989s 4%: 0.053+0.47+0.061 ms clock, 1.0+0.41/0.57/0.030+1.2 ms cpu, 4->5->2 MB, 4 MB goal, 0 MB stacks, 0 MB globals, 20 P
gc 2639 @7.990s 4%: 0.072+0.47+0.038 ms clock, 1.4+0.27/0.64/0.003+0.76 ms cpu, 4->5->2 MB, 5 MB goal, 0 MB stacks, 0 MB globals, 20 P
gc 2640 @7.992s 4%: 0.085+0.48+0.050 ms clock, 1.7+0.29/0.59/0+1.0 ms cpu, 4->5->2 MB, 5 MB goal, 0 MB stacks, 0 MB globals, 20 P
gc 2641 @7.993s 4%: 0.052+0.45+0.038 ms clock, 1.0+0.30/0.56/0.022+0.77 ms cpu, 4->5->2 MB, 5 MB goal, 0 MB stacks, 0 MB globals, 20 P
gc 2642 @7.995s 4%: 0.080+0.29+0.061 ms clock, 1.6+0.44/0.53/0.019+1.2 ms cpu, 4->5->2 MB, 5 MB goal, 0 MB stacks, 0 MB globals, 20 P
gc 2643 @7.996s 4%: 0.073+0.32+0.060 ms clock, 1.4+0.31/0.66/0+1.2 ms cpu, 4->5->2 MB, 4 MB goal, 0 MB stacks, 0 MB globals, 20 P
gc 2644 @7.997s 4%: 0.069+0.30+0.061 ms clock, 1.3+0.20/0.67/0+1.2 ms cpu, 4->4->2 MB, 4 MB goal, 0 MB stacks, 0 MB globals, 20 P
gc 2645 @7.998s 4%: 0.064+0.40+0.038 ms clock, 1.2+0.12/0.66/0+0.77 ms cpu, 3->5->2 MB, 4 MB goal, 0 MB stacks, 0 MB globals, 20 P
gc 2646 @7.999s 4%: 0.069+0.33+0.060 ms clock, 1.3+0.30/0.72/0.008+1.2 ms cpu, 4->5->2 MB, 4 MB goal, 0 MB stacks, 0 MB globals, 20 P
gc 2647 @8.001s 4%: 0.056+0.54+0.077 ms clock, 1.1+0.39/0.60/0+1.5 ms cpu, 4->5->2 MB, 4 MB goal, 0 MB stacks, 0 MB globals, 20 P
gc 2648 @8.002s 4%: 0.078+0.30+0.062 ms clock, 1.5+0.26/0.75/0.012+1.2 ms cpu, 4->5->2 MB, 5 MB goal, 0 MB stacks, 0 MB globals, 20 P
gc 2649 @8.003s 4%: 0.080+0.22+0.030 ms clock, 1.6+0.32/0.70/0.007+0.61 ms cpu, 4->4->2 MB, 4 MB goal, 0 MB stacks, 0 MB globals, 20 P
gc 2650 @8.004s 4%: 0.055+0.52+0.031 ms clock, 1.1+0.28/0.66/0+0.62 ms cpu, 3->4->2 MB, 4 MB goal, 0 MB stacks, 0 MB globals, 20 P
gc 2651 @8.006s 4%: 0.055+0.36+0.067 ms clock, 1.1+0.35/0.70/0+1.3 ms cpu, 4->5->2 MB, 5 MB goal, 0 MB stacks, 0 MB globals, 20 P
gc 2652 @8.007s 4%: 0.060+0.44+0.075 ms clock, 1.2+0.38/0.60/0.013+1.5 ms cpu, 4->5->2 MB, 4 MB goal, 0 MB stacks, 0 MB globals, 20 P
gc 2653 @8.008s 4%: 0.043+0.27+0.006 ms clock, 0.86+0.34/0.57/0.055+0.12 ms cpu, 4->4->1 MB, 4 MB goal, 0 MB stacks, 0 MB globals, 20 P
gc 2654 @8.009s 4%: 0.074+0.23+0.029 ms clock, 1.4+0.26/0.60/0.11+0.59 ms cpu, 3->4->1 MB, 4 MB goal, 0 MB stacks, 0 MB globals, 20 P
gc 2655 @8.010s 4%: 0.066+0.35+0.042 ms clock, 1.3+0.34/0.66/0.037+0.85 ms cpu, 3->4->2 MB, 4 MB goal, 0 MB stacks, 0 MB globals, 20 P
gc 2656 @8.011s 4%: 0.051+0.45+0.072 ms clock, 1.0+0.22/0.56/0.10+1.4 ms cpu, 4->4->2 MB, 4 MB goal, 0 MB stacks, 0 MB globals, 20 P
gc 2657 @8.012s 4%: 0.087+0.41+0.15 ms clock, 1.7+0.19/0.79/0.003+3.1 ms cpu, 4->5->2 MB, 5 MB goal, 0 MB stacks, 0 MB globals, 20 P
gc 2658 @8.014s 4%: 0.075+0.42+0.050 ms clock, 1.5+0.36/0.55/0.027+1.0 ms cpu, 3->4->2 MB, 4 MB goal, 0 MB stacks, 0 MB globals, 20 P
gc 2659 @8.015s 4%: 0.14+0.34+0.066 ms clock, 2.8+0.39/0.60/0.005+1.3 ms cpu, 4->5->2 MB, 5 MB goal, 0 MB stacks, 0 MB globals, 20 P
gc 2660 @8.016s 4%: 0.062+0.43+0.070 ms clock, 1.2+0.40/0.62/0+1.4 ms cpu, 4->5->2 MB, 5 MB goal, 0 MB stacks, 0 MB globals, 20 P
gc 2661 @8.017s 4%: 0.048+0.39+0.042 ms clock, 0.96+0.31/0.85/0.063+0.85 ms cpu, 4->4->2 MB, 4 MB goal, 0 MB stacks, 0 MB globals, 20 P
gc 2662 @8.019s 4%: 0.053+0.65+0.008 ms clock, 1.0+0.30/0.75/0.11+0.17 ms cpu, 4->5->2 MB, 4 MB goal, 0 MB stacks, 0 MB globals, 20 P
gc 2663 @8.020s 4%: 0.073+0.39+0.024 ms clock, 1.4+0.33/0.66/0.022+0.49 ms cpu, 4->5->2 MB, 5 MB goal, 0 MB stacks, 0 MB globals, 20 P
gc 2664 @8.022s 4%: 0.077+0.37+0.069 ms clock, 1.5+0.28/0.73/0.052+1.3 ms cpu, 4->5->2 MB, 5 MB goal, 0 MB stacks, 0 MB globals, 20 P
gc 2665 @8.023s 4%: 0.083+0.45+0.048 ms clock, 1.6+0.32/0.67/0+0.96 ms cpu, 4->4->2 MB, 4 MB goal, 0 MB stacks, 0 MB globals, 20 P
gc 2666 @8.024s 4%: 0.072+0.33+0.10 ms clock, 1.4+0.37/0.61/0.014+2.1 ms cpu, 4->5->2 MB, 5 MB goal, 0 MB stacks, 0 MB globals, 20 P
gc 2667 @8.025s 4%: 0.079+0.36+0.060 ms clock, 1.5+0.30/0.60/0.065+1.2 ms cpu, 4->4->2 MB, 4 MB goal, 0 MB stacks, 0 MB globals, 20 P
gc 2668 @8.026s 4%: 0.066+0.28+0.066 ms clock, 1.3+0.48/0.55/0.058+1.3 ms cpu, 4->4->2 MB, 4 MB goal, 0 MB stacks, 0 MB globals, 20 P
gc 2669 @8.027s 4%: 0.078+0.41+0.075 ms clock, 1.5+0.35/0.74/0+1.5 ms cpu, 4->5->2 MB, 4 MB goal, 0 MB stacks, 0 MB globals, 20 P
gc 2670 @8.028s 4%: 0.078+0.36+0.071 ms clock, 1.5+0.20/0.68/0.022+1.4 ms cpu, 4->5->2 MB, 5 MB goal, 0 MB stacks, 0 MB globals, 20 P
gc 2671 @8.030s 4%: 0.073+0.49+0.070 ms clock, 1.4+0.34/0.72/0.009+1.4 ms cpu, 3->4->2 MB, 4 MB goal, 0 MB stacks, 0 MB globals, 20 P
gc 2672 @8.031s 4%: 0.074+0.46+0.085 ms clock, 1.4+0.30/0.63/0.002+1.7 ms cpu, 4->5->2 MB, 5 MB goal, 0 MB stacks, 0 MB globals, 20 P
gc 2673 @8.032s 4%: 0.056+0.33+0.042 ms clock, 1.1+0.32/0.60/0.014+0.84 ms cpu, 4->5->2 MB, 5 MB goal, 0 MB stacks, 0 MB globals, 20 P
gc 2674 @8.034s 4%: 0.077+0.30+0.053 ms clock, 1.5+0.29/0.57/0.006+1.0 ms cpu, 4->4->2 MB, 4 MB goal, 0 MB stacks, 0 MB globals, 20 P
gc 2675 @8.035s 4%: 0.084+0.28+0.035 ms clock, 1.6+0.21/0.71/0.031+0.71 ms cpu, 4->4->2 MB, 4 MB goal, 0 MB stacks, 0 MB globals, 20 P
gc 2676 @8.036s 4%: 0.094+0.30+0.034 ms clock, 1.8+0.23/0.67/0+0.68 ms cpu, 3->4->2 MB, 4 MB goal, 0 MB stacks, 0 MB globals, 20 P
gc 2677 @8.037s 4%: 0.044+0.37+0.080 ms clock, 0.88+0.24/0.63/0.020+1.6 ms cpu, 3->4->2 MB, 4 MB goal, 0 MB stacks, 0 MB globals, 20 P
gc 2678 @8.038s 4%: 0.035+0.45+0.055 ms clock, 0.70+0.12/0.70/0.044+1.1 ms cpu, 3->4->2 MB, 4 MB goal, 0 MB stacks, 0 MB globals, 20 P
gc 2679 @8.040s 4%: 0.073+0.42+0.096 ms clock, 1.4+0.20/0.76/0.009+1.9 ms cpu, 4->5->2 MB, 4 MB goal, 0 MB stacks, 0 MB globals, 20 P
gc 2680 @8.041s 4%: 0.051+0.43+0.026 ms clock, 1.0+0.27/0.60/0.009+0.53 ms cpu, 4->5->2 MB, 5 MB goal, 0 MB stacks, 0 MB globals, 20 P
gc 2681 @8.042s 4%: 0.059+0.39+0.062 ms clock, 1.1+0.37/0.68/0.006+1.2 ms cpu, 4->5->2 MB, 5 MB goal, 0 MB stacks, 0 MB globals, 20 P
gc 2682 @8.043s 4%: 0.048+0.37+0.075 ms clock, 0.96+0.24/0.71/0.009+1.5 ms cpu, 4->5->2 MB, 5 MB goal, 0 MB stacks, 0 MB globals, 20 P
gc 2683 @8.045s 4%: 0.031+0.38+0.075 ms clock, 0.62+0.29/0.70/0.032+1.5 ms cpu, 4->4->2 MB, 4 MB goal, 0 MB stacks, 0 MB globals, 20 P
gc 2684 @8.046s 4%: 0.063+0.40+0.075 ms clock, 1.2+0.31/0.73/0.028+1.5 ms cpu, 3->4->2 MB, 4 MB goal, 0 MB stacks, 0 MB globals, 20 P
gc 2685 @8.047s 4%: 0.054+0.45+0.034 ms clock, 1.0+0.48/0.61/0+0.68 ms cpu, 4->4->2 MB, 4 MB goal, 0 MB stacks, 0 MB globals, 20 P
gc 2686 @8.049s 4%: 0.074+0.70+0.015 ms clock, 1.4+0.26/0.69/0+0.30 ms cpu, 4->5->2 MB, 5 MB goal, 0 MB stacks, 0 MB globals, 20 P
gc 2687 @8.050s 4%: 0.071+0.27+0.044 ms clock, 1.4+0.30/0.53/0.18+0.88 ms cpu, 4->4->1 MB, 5 MB goal, 0 MB stacks, 0 MB globals, 20 P
gc 2688 @8.051s 4%: 0.081+0.66+0.008 ms clock, 1.6+0.32/0.68/0+0.16 ms cpu, 3->4->2 MB, 4 MB goal, 0 MB stacks, 0 MB globals, 20 P
gc 2689 @8.053s 4%: 0.027+0.46+0.022 ms clock, 0.55+0.31/0.60/0.032+0.45 ms cpu, 4->5->2 MB, 5 MB goal, 0 MB stacks, 0 MB globals, 20 P
gc 2690 @8.054s 4%: 0.070+0.32+0.068 ms clock, 1.4+0.28/0.62/0+1.3 ms cpu, 4->4->2 MB, 4 MB goal, 0 MB stacks, 0 MB globals, 20 P
gc 2691 @8.055s 4%: 0.067+0.55+0.083 ms clock, 1.3+0.34/0.70/0+1.6 ms cpu, 4->5->2 MB, 4 MB goal, 0 MB stacks, 0 MB globals, 20 P
gc 2692 @8.057s 4%: 0.070+0.50+0.076 ms clock, 1.4+0.38/0.67/0.003+1.5 ms cpu, 4->5->2 MB, 5 MB goal, 0 MB stacks, 0 MB globals, 20 P
gc 2693 @8.058s 4%: 0.059+0.35+0.083 ms clock, 1.1+0.34/0.55/0.11+1.6 ms cpu, 4->5->2 MB, 5 MB goal, 0 MB stacks, 0 MB globals, 20 P
gc 2694 @8.059s 4%: 0.062+0.51+0.036 ms clock, 1.2+0.28/0.71/0+0.73 ms cpu, 4->5->2 MB, 4 MB goal, 0 MB stacks, 0 MB globals, 20 P
gc 2695 @8.061s 4%: 0.065+0.54+0.082 ms clock, 1.3+0.25/0.71/0.033+1.6 ms cpu, 4->5->2 MB, 5 MB goal, 0 MB stacks, 0 MB globals, 20 P
gc 2696 @8.062s 4%: 0.085+0.47+0.070 ms clock, 1.7+0.59/0.64/0.019+1.4 ms cpu, 4->5->2 MB, 5 MB goal, 0 MB stacks, 0 MB globals, 20 P
gc 2697 @8.064s 4%: 0.097+0.32+0.049 ms clock, 1.9+0.31/0.61/0.047+0.98 ms cpu, 4->4->2 MB, 4 MB goal, 0 MB stacks, 0 MB globals, 20 P
gc 2698 @8.065s 4%: 0.035+0.39+0.065 ms clock, 0.71+0.15/0.62/0.082+1.3 ms cpu, 4->4->2 MB, 4 MB goal, 0 MB stacks, 0 MB globals, 20 P
gc 2699 @8.066s 4%: 0.070+0.31+0.036 ms clock, 1.4+0.26/0.80/0.052+0.72 ms cpu, 4->4->2 MB, 4 MB goal, 0 MB stacks, 0 MB globals, 20 P
gc 2700 @8.067s 4%: 0.054+0.45+0.013 ms clock, 1.0+0.078/0.82/0.002+0.27 ms cpu, 3->4->2 MB, 4 MB goal, 0 MB stacks, 0 MB globals, 20 P
gc 2701 @8.069s 4%: 0.039+0.89+0.013 ms clock, 0.78+0.41/0.74/0.013+0.26 ms cpu, 4->5->2 MB, 4 MB goal, 0 MB stacks, 0 MB globals, 20 P
gc 2702 @8.071s 4%: 0.051+0.48+0.065 ms clock, 1.0+0.35/0.62/0+1.3 ms cpu, 4->6->2 MB, 5 MB goal, 0 MB stacks, 0 MB globals, 20 P
gc 2703 @8.072s 4%: 0.063+0.51+0.061 ms clock, 1.2+0.33/0.64/0+1.2 ms cpu, 4->5->2 MB, 5 MB goal, 0 MB stacks, 0 MB globals, 20 P
gc 2704 @8.073s 4%: 0.067+0.29+0.080 ms clock, 1.3+0.33/0.59/0.003+1.6 ms cpu, 4->5->2 MB, 5 MB goal, 0 MB stacks, 0 MB globals, 20 P
gc 2705 @8.074s 4%: 0.072+0.47+0.055 ms clock, 1.4+0.34/0.60/0.003+1.1 ms cpu, 3->5->2 MB, 4 MB goal, 0 MB stacks, 0 MB globals, 20 P
gc 2706 @8.076s 4%: 0.070+0.47+0.076 ms clock, 1.4+0.32/0.64/0.008+1.5 ms cpu, 4->5->2 MB, 5 MB goal, 0 MB stacks, 0 MB globals, 20 P
gc 2707 @8.077s 4%: 0.070+0.45+0.082 ms clock, 1.4+0.49/0.57/0+1.6 ms cpu, 4->5->2 MB, 5 MB goal, 0 MB stacks, 0 MB globals, 20 P
gc 2708 @8.079s 4%: 0.060+0.45+0.051 ms clock, 1.2+0.33/0.66/0+1.0 ms cpu, 4->5->2 MB, 5 MB goal, 0 MB stacks, 0 MB globals, 20 P
gc 2709 @8.080s 4%: 0.054+0.43+0.055 ms clock, 1.0+0.29/0.66/0+1.1 ms cpu, 4->5->2 MB, 5 MB goal, 0 MB stacks, 0 MB globals, 20 P
gc 2710 @8.081s 4%: 0.080+0.54+0.030 ms clock, 1.6+0.29/0.66/0.035+0.60 ms cpu, 4->5->2 MB, 5 MB goal, 0 MB stacks, 0 MB globals, 20 P
gc 2711 @8.083s 4%: 0.067+0.36+0.072 ms clock, 1.3+0.25/0.72/0.004+1.4 ms cpu, 4->5->2 MB, 5 MB goal, 0 MB stacks, 0 MB globals, 20 P
gc 2712 @8.084s 4%: 0.093+0.52+0.032 ms clock, 1.8+0.39/0.57/0.021+0.65 ms cpu, 4->5->2 MB, 4 MB goal, 0 MB stacks, 0 MB globals, 20 P
gc 2713 @8.085s 4%: 0.042+0.50+0.039 ms clock, 0.84+0.36/0.72/0.030+0.79 ms cpu, 4->5->2 MB, 5 MB goal, 0 MB stacks, 0 MB globals, 20 P
gc 2714 @8.087s 4%: 0.065+0.55+0.078 ms clock, 1.3+0.47/0.59/0+1.5 ms cpu, 4->5->2 MB, 5 MB goal, 0 MB stacks, 0 MB globals, 20 P
gc 2715 @8.088s 4%: 0.086+0.47+0.056 ms clock, 1.7+0.37/0.69/0.012+1.1 ms cpu, 4->5->2 MB, 5 MB goal, 0 MB stacks, 0 MB globals, 20 P
gc 2716 @8.090s 4%: 0.063+0.40+0.056 ms clock, 1.2+0.36/0.76/0.059+1.1 ms cpu, 4->5->2 MB, 5 MB goal, 0 MB stacks, 0 MB globals, 20 P
gc 2717 @8.091s 4%: 0.065+0.80+0.050 ms clock, 1.3+0.37/0.70/0.008+1.0 ms cpu, 4->5->2 MB, 5 MB goal, 0 MB stacks, 0 MB globals, 20 P
gc 2718 @8.092s 4%: 0.075+0.34+0.022 ms clock, 1.5+0.29/0.69/0+0.44 ms cpu, 4->5->2 MB, 5 MB goal, 0 MB stacks, 0 MB globals, 20 P
gc 2719 @8.094s 4%: 0.085+0.34+0.069 ms clock, 1.7+0.48/0.68/0.014+1.3 ms cpu, 4->5->2 MB, 4 MB goal, 0 MB stacks, 0 MB globals, 20 P
gc 2720 @8.095s 4%: 0.067+0.43+0.054 ms clock, 1.3+0.38/0.62/0.014+1.0 ms cpu, 4->5->2 MB, 5 MB goal, 0 MB stacks, 0 MB globals, 20 P
gc 2721 @8.097s 4%: 0.063+0.43+0.091 ms clock, 1.2+0.23/0.62/0.016+1.8 ms cpu, 4->5->2 MB, 5 MB goal, 0 MB stacks, 0 MB globals, 20 P
gc 2722 @8.098s 4%: 0.052+0.70+0.083 ms clock, 1.0+0.45/0.54/0.10+1.6 ms cpu, 4->5->2 MB, 5 MB goal, 0 MB stacks, 0 MB globals, 20 P
gc 2723 @8.100s 4%: 0.084+0.39+0.079 ms clock, 1.6+0.43/0.62/0.015+1.5 ms cpu, 4->5->2 MB, 5 MB goal, 0 MB stacks, 0 MB globals, 20 P
gc 2724 @8.101s 4%: 0.058+0.34+0.068 ms clock, 1.1+0.28/0.69/0.22+1.3 ms cpu, 4->5->2 MB, 5 MB goal, 0 MB stacks, 0 MB globals, 20 P
gc 2725 @8.102s 4%: 0.091+0.32+0.021 ms clock, 1.8+0.50/0.64/0.008+0.42 ms cpu, 4->5->2 MB, 4 MB goal, 0 MB stacks, 0 MB globals, 20 P
gc 2726 @8.103s 4%: 0.097+0.30+0.048 ms clock, 1.9+0.28/0.64/0.009+0.96 ms cpu, 4->4->2 MB, 5 MB goal, 0 MB stacks, 0 MB globals, 20 P
gc 2727 @8.104s 4%: 0.043+0.45+0.072 ms clock, 0.86+0.27/0.67/0.038+1.4 ms cpu, 3->4->2 MB, 4 MB goal, 0 MB stacks, 0 MB globals, 20 P
gc 2728 @8.106s 4%: 0.068+0.35+0.072 ms clock, 1.3+0.28/0.67/0.056+1.4 ms cpu, 4->5->2 MB, 5 MB goal, 0 MB stacks, 0 MB globals, 20 P
gc 2729 @8.107s 4%: 0.091+0.39+0.041 ms clock, 1.8+0.43/0.64/0.022+0.83 ms cpu, 4->4->2 MB, 5 MB goal, 0 MB stacks, 0 MB globals, 20 P
gc 2730 @8.108s 4%: 0.061+0.70+0.039 ms clock, 1.2+0.27/0.61/0+0.79 ms cpu, 4->5->2 MB, 4 MB goal, 0 MB stacks, 0 MB globals, 20 P
gc 2731 @8.110s 4%: 0.070+0.46+0.019 ms clock, 1.4+0.29/0.55/0.019+0.39 ms cpu, 5->5->2 MB, 6 MB goal, 0 MB stacks, 0 MB globals, 20 P
gc 2732 @8.111s 4%: 0.055+0.39+0.072 ms clock, 1.1+0.32/0.55/0.008+1.4 ms cpu, 4->5->2 MB, 5 MB goal, 0 MB stacks, 0 MB globals, 20 P
gc 2733 @8.112s 4%: 0.076+0.33+0.047 ms clock, 1.5+0.29/0.55/0.021+0.94 ms cpu, 4->5->2 MB, 5 MB goal, 0 MB stacks, 0 MB globals, 20 P
gc 2734 @8.114s 4%: 0.072+0.44+0.020 ms clock, 1.4+0.36/0.78/0.038+0.41 ms cpu, 4->5->2 MB, 4 MB goal, 0 MB stacks, 0 MB globals, 20 P
gc 2735 @8.115s 4%: 0.045+0.44+0.070 ms clock, 0.90+0.35/0.67/0.062+1.4 ms cpu, 4->5->2 MB, 5 MB goal, 0 MB stacks, 0 MB globals, 20 P
gc 2736 @8.117s 4%: 0.079+0.48+0.071 ms clock, 1.5+0.20/0.70/0.10+1.4 ms cpu, 4->5->2 MB, 5 MB goal, 0 MB stacks, 0 MB globals, 20 P
gc 2737 @8.118s 4%: 0.064+0.31+0.072 ms clock, 1.2+0.41/0.60/0.010+1.4 ms cpu, 4->5->2 MB, 5 MB goal, 0 MB stacks, 0 MB globals, 20 P
gc 2738 @8.119s 4%: 0.027+0.38+0.071 ms clock, 0.54+0.31/0.77/0.084+1.4 ms cpu, 4->4->2 MB, 4 MB goal, 0 MB stacks, 0 MB globals, 20 P
gc 2739 @8.120s 4%: 0.056+0.39+0.071 ms clock, 1.1+0.40/0.84/0.072+1.4 ms cpu, 3->4->2 MB, 4 MB goal, 0 MB stacks, 0 MB globals, 20 P
gc 2740 @8.122s 4%: 0.058+0.47+0.032 ms clock, 1.1+0.46/0.79/0.002+0.65 ms cpu, 3->4->2 MB, 4 MB goal, 0 MB stacks, 0 MB globals, 20 P
gc 2741 @8.123s 4%: 0.068+0.37+0.022 ms clock, 1.3+0.34/0.62/0.16+0.44 ms cpu, 4->5->2 MB, 5 MB goal, 0 MB stacks, 0 MB globals, 20 P
gc 2742 @8.125s 4%: 0.056+0.29+0.077 ms clock, 1.1+0.30/0.65/0.005+1.5 ms cpu, 4->4->1 MB, 5 MB goal, 0 MB stacks, 0 MB globals, 20 P
gc 2743 @8.126s 4%: 0.081+0.45+0.016 ms clock, 1.6+0.23/0.75/0.009+0.33 ms cpu, 3->4->2 MB, 4 MB goal, 0 MB stacks, 0 MB globals, 20 P
gc 2744 @8.127s 4%: 0.074+0.36+0.026 ms clock, 1.4+0.31/0.58/0.035+0.53 ms cpu, 4->5->2 MB, 4 MB goal, 0 MB stacks, 0 MB globals, 20 P
gc 2745 @8.128s 4%: 0.080+0.34+0.016 ms clock, 1.6+0.12/0.75/0+0.32 ms cpu, 4->4->2 MB, 4 MB goal, 0 MB stacks, 0 MB globals, 20 P
gc 2746 @8.130s 4%: 0.068+0.36+0.082 ms clock, 1.3+0.36/0.70/0.008+1.6 ms cpu, 3->4->2 MB, 4 MB goal, 0 MB stacks, 0 MB globals, 20 P
gc 2747 @8.131s 4%: 0.038+0.47+0.070 ms clock, 0.76+0.27/0.56/0.001+1.4 ms cpu, 4->5->2 MB, 5 MB goal, 0 MB stacks, 0 MB globals, 20 P
gc 2748 @8.133s 4%: 0.023+0.49+0.073 ms clock, 0.46+0.41/0.60/0.015+1.4 ms cpu, 4->5->2 MB, 5 MB goal, 0 MB stacks, 0 MB globals, 20 P
gc 2749 @8.134s 4%: 0.069+0.49+0.085 ms clock, 1.3+0.26/0.63/0.022+1.7 ms cpu, 4->5->2 MB, 5 MB goal, 0 MB stacks, 0 MB globals, 20 P
gc 2750 @8.135s 4%: 0.061+0.49+0.070 ms clock, 1.2+0.29/0.53/0.066+1.4 ms cpu, 4->5->2 MB, 5 MB goal, 0 MB stacks, 0 MB globals, 20 P
gc 2751 @8.137s 4%: 0.067+0.43+0.025 ms clock, 1.3+0.24/0.76/0+0.51 ms cpu, 4->4->2 MB, 5 MB goal, 0 MB stacks, 0 MB globals, 20 P
gc 2752 @8.138s 4%: 0.066+0.39+0.070 ms clock, 1.3+0.38/0.60/0.037+1.4 ms cpu, 4->4->2 MB, 4 MB goal, 0 MB stacks, 0 MB globals, 20 P
gc 2753 @8.139s 4%: 0.069+0.33+0.035 ms clock, 1.3+0.36/0.68/0.001+0.71 ms cpu, 4->4->2 MB, 5 MB goal, 0 MB stacks, 0 MB globals, 20 P
gc 2754 @8.140s 4%: 0.070+0.56+0.030 ms clock, 1.4+0.35/0.57/0.023+0.60 ms cpu, 3->4->2 MB, 4 MB goal, 0 MB stacks, 0 MB globals, 20 P
gc 2755 @8.142s 4%: 0.056+0.37+0.037 ms clock, 1.1+0.20/0.71/0.002+0.74 ms cpu, 4->5->2 MB, 5 MB goal, 0 MB stacks, 0 MB globals, 20 P
gc 2756 @8.143s 4%: 0.072+0.29+0.068 ms clock, 1.4+0.39/0.56/0+1.3 ms cpu, 4->4->2 MB, 4 MB goal, 0 MB stacks, 0 MB globals, 20 P
gc 2757 @8.144s 4%: 0.075+0.28+0.046 ms clock, 1.5+0.35/0.54/0.046+0.93 ms cpu, 3->4->2 MB, 4 MB goal, 0 MB stacks, 0 MB globals, 20 P
gc 2758 @8.145s 4%: 0.077+0.53+0.058 ms clock, 1.5+0.41/0.61/0+1.1 ms cpu, 3->4->2 MB, 4 MB goal, 0 MB stacks, 0 MB globals, 20 P
gc 2759 @8.146s 4%: 0.076+0.30+0.023 ms clock, 1.5+0.34/0.62/0.004+0.46 ms cpu, 4->5->2 MB, 5 MB goal, 0 MB stacks, 0 MB globals, 20 P
gc 2760 @8.148s 4%: 0.065+0.30+0.031 ms clock, 1.3+0.25/0.65/0+0.62 ms cpu, 4->4->2 MB, 4 MB goal, 0 MB stacks, 0 MB globals, 20 P
gc 2761 @8.149s 4%: 0.059+0.32+0.052 ms clock, 1.1+0.34/0.58/0.023+1.0 ms cpu, 4->4->2 MB, 4 MB goal, 0 MB stacks, 0 MB globals, 20 P
gc 2762 @8.150s 4%: 0.081+0.55+0.084 ms clock, 1.6+0.48/0.59/0+1.6 ms cpu, 3->5->2 MB, 4 MB goal, 0 MB stacks, 0 MB globals, 20 P
gc 2763 @8.151s 4%: 0.062+0.48+0.075 ms clock, 1.2+0.32/0.55/0.001+1.5 ms cpu, 4->5->2 MB, 5 MB goal, 0 MB stacks, 0 MB globals, 20 P
gc 2764 @8.153s 4%: 0.077+0.35+0.081 ms clock, 1.5+0.38/0.63/0+1.6 ms cpu, 4->5->2 MB, 4 MB goal, 0 MB stacks, 0 MB globals, 20 P
gc 2765 @8.154s 4%: 0.056+0.51+0.031 ms clock, 1.1+0.29/0.65/0.038+0.63 ms cpu, 4->5->2 MB, 5 MB goal, 0 MB stacks, 0 MB globals, 20 P
gc 2766 @8.155s 4%: 0.076+0.46+0.084 ms clock, 1.5+0.38/0.61/0.003+1.6 ms cpu, 4->5->2 MB, 5 MB goal, 0 MB stacks, 0 MB globals, 20 P
gc 2767 @8.156s 4%: 0.067+0.49+0.016 ms clock, 1.3+0.20/0.73/0.024+0.32 ms cpu, 4->5->2 MB, 5 MB goal, 0 MB stacks, 0 MB globals, 20 P
gc 2768 @8.158s 4%: 0.043+0.58+0.065 ms clock, 0.86+0.32/0.62/0+1.3 ms cpu, 4->5->2 MB, 4 MB goal, 0 MB stacks, 0 MB globals, 20 P
gc 2769 @8.159s 4%: 0.063+0.52+0.072 ms clock, 1.2+0.29/0.66/0+1.4 ms cpu, 4->5->2 MB, 5 MB goal, 0 MB stacks, 0 MB globals, 20 P
gc 2770 @8.161s 4%: 0.079+0.38+0.060 ms clock, 1.5+0.17/0.62/0.031+1.2 ms cpu, 4->5->2 MB, 5 MB goal, 0 MB stacks, 0 MB globals, 20 P
gc 2771 @8.162s 4%: 0.093+0.73+0.015 ms clock, 1.8+0.45/0.54/0+0.30 ms cpu, 4->5->2 MB, 4 MB goal, 0 MB stacks, 0 MB globals, 20 P
gc 2772 @8.164s 4%: 0.053+0.33+0.094 ms clock, 1.0+0.18/0.63/0.003+1.8 ms cpu, 4->5->2 MB, 5 MB goal, 0 MB stacks, 0 MB globals, 20 P
gc 2773 @8.165s 4%: 0.062+0.49+0.064 ms clock, 1.2+0.34/0.61/0.083+1.2 ms cpu, 3->4->2 MB, 4 MB goal, 0 MB stacks, 0 MB globals, 20 P
gc 2774 @8.166s 4%: 0.074+0.44+0.013 ms clock, 1.4+0.35/0.62/0.011+0.26 ms cpu, 4->4->2 MB, 4 MB goal, 0 MB stacks, 0 MB globals, 20 P
gc 2775 @8.167s 4%: 0.047+0.37+0.064 ms clock, 0.95+0.37/0.56/0.046+1.2 ms cpu, 4->5->2 MB, 4 MB goal, 0 MB stacks, 0 MB globals, 20 P
gc 2776 @8.168s 4%: 0.096+0.35+0.016 ms clock, 1.9+0.26/0.56/0.007+0.32 ms cpu, 4->5->2 MB, 5 MB goal, 0 MB stacks, 0 MB globals, 20 P
gc 2777 @8.170s 4%: 0.079+0.41+0.059 ms clock, 1.5+0.29/0.54/0.082+1.1 ms cpu, 4->4->2 MB, 4 MB goal, 0 MB stacks, 0 MB globals, 20 P
gc 2778 @8.171s 4%: 0.083+0.37+0.018 ms clock, 1.6+0.33/0.62/0.051+0.36 ms cpu, 4->5->2 MB, 5 MB goal, 0 MB stacks, 0 MB globals, 20 P
gc 2779 @8.172s 4%: 0.067+0.38+0.085 ms clock, 1.3+0.31/0.66/0.063+1.7 ms cpu, 4->5->2 MB, 5 MB goal, 0 MB stacks, 0 MB globals, 20 P
gc 2780 @8.174s 4%: 0.059+0.26+0.073 ms clock, 1.1+0.39/0.56/0+1.4 ms cpu, 4->5->2 MB, 5 MB goal, 0 MB stacks, 0 MB globals, 20 P
gc 2781 @8.175s 4%: 0.074+0.46+0.078 ms clock, 1.4+0.34/0.71/0+1.5 ms cpu, 4->5->2 MB, 4 MB goal, 0 MB stacks, 0 MB globals, 20 P
gc 2782 @8.176s 4%: 0.073+0.39+0.056 ms clock, 1.4+0.31/0.55/0.073+1.1 ms cpu, 4->5->2 MB, 5 MB goal, 0 MB stacks, 0 MB globals, 20 P
gc 2783 @8.177s 4%: 0.068+0.36+0.038 ms clock, 1.3+0.32/0.62/0+0.77 ms cpu, 4->5->2 MB, 5 MB goal, 0 MB stacks, 0 MB globals, 20 P
gc 2784 @8.178s 4%: 0.059+0.37+0.050 ms clock, 1.1+0.27/0.59/0.008+1.0 ms cpu, 4->5->2 MB, 5 MB goal, 0 MB stacks, 0 MB globals, 20 P
gc 2785 @8.180s 4%: 0.072+0.30+0.050 ms clock, 1.4+0.30/0.64/0+1.0 ms cpu, 4->5->2 MB, 5 MB goal, 0 MB stacks, 0 MB globals, 20 P
gc 2786 @8.181s 4%: 0.071+0.45+0.019 ms clock, 1.4+0.42/0.54/0+0.38 ms cpu, 4->5->2 MB, 5 MB goal, 0 MB stacks, 0 MB globals, 20 P
gc 2787 @8.182s 4%: 0.076+0.26+0.061 ms clock, 1.5+0.23/0.66/0.001+1.2 ms cpu, 4->5->2 MB, 5 MB goal, 0 MB stacks, 0 MB globals, 20 P
gc 2788 @8.183s 4%: 0.074+0.28+0.061 ms clock, 1.4+0.15/0.58/0.025+1.2 ms cpu, 3->4->1 MB, 4 MB goal, 0 MB stacks, 0 MB globals, 20 P
gc 2789 @8.184s 4%: 0.047+0.33+0.070 ms clock, 0.95+0.25/0.67/0.003+1.4 ms cpu, 3->4->2 MB, 4 MB goal, 0 MB stacks, 0 MB globals, 20 P
gc 2790 @8.185s 4%: 0.056+0.45+0.070 ms clock, 1.1+0.28/0.51/0.030+1.4 ms cpu, 3->4->2 MB, 4 MB goal, 0 MB stacks, 0 MB globals, 20 P
gc 2791 @8.186s 4%: 0.046+0.40+0.038 ms clock, 0.93+0.27/0.69/0+0.77 ms cpu, 4->5->2 MB, 4 MB goal, 0 MB stacks, 0 MB globals, 20 P
gc 2792 @8.187s 4%: 0.084+0.41+0.072 ms clock, 1.6+0.19/0.61/0+1.4 ms cpu, 4->5->2 MB, 4 MB goal, 0 MB stacks, 0 MB globals, 20 P
gc 2793 @8.189s 4%: 0.072+0.28+0.065 ms clock, 1.4+0.31/0.63/0+1.3 ms cpu, 4->5->2 MB, 5 MB goal, 0 MB stacks, 0 MB globals, 20 P
gc 2794 @8.190s 4%: 0.043+0.44+0.071 ms clock, 0.86+0.26/0.58/0+1.4 ms cpu, 3->4->2 MB, 4 MB goal, 0 MB stacks, 0 MB globals, 20 P
gc 2795 @8.191s 4%: 0.061+0.35+0.029 ms clock, 1.2+0.34/0.50/0.098+0.58 ms cpu, 4->4->2 MB, 4 MB goal, 0 MB stacks, 0 MB globals, 20 P
gc 2796 @8.192s 4%: 0.058+0.24+0.057 ms clock, 1.1+0.30/0.56/0.056+1.1 ms cpu, 4->5->2 MB, 4 MB goal, 0 MB stacks, 0 MB globals, 20 P
gc 2797 @8.193s 4%: 0.069+0.38+0.024 ms clock, 1.3+0.29/0.63/0.006+0.49 ms cpu, 3->4->2 MB, 4 MB goal, 0 MB stacks, 0 MB globals, 20 P
gc 2798 @8.195s 4%: 0.071+0.34+0.062 ms clock, 1.4+0.27/0.55/0.018+1.2 ms cpu, 4->5->2 MB, 5 MB goal, 0 MB stacks, 0 MB globals, 20 P
gc 2799 @8.196s 4%: 0.076+0.24+0.056 ms clock, 1.5+0.33/0.58/0.008+1.1 ms cpu, 3->4->2 MB, 4 MB goal, 0 MB stacks, 0 MB globals, 20 P
gc 2800 @8.196s 4%: 0.093+0.39+0.052 ms clock, 1.8+0.36/0.57/0.003+1.0 ms cpu, 3->4->2 MB, 4 MB goal, 0 MB stacks, 0 MB globals, 20 P
gc 2801 @8.198s 4%: 0.061+0.44+0.072 ms clock, 1.2+0.30/0.71/0.014+1.4 ms cpu, 4->5->2 MB, 4 MB goal, 0 MB stacks, 0 MB globals, 20 P
gc 2802 @8.199s 4%: 0.068+0.28+0.018 ms clock, 1.3+0.41/0.57/0.057+0.36 ms cpu, 4->5->2 MB, 5 MB goal, 0 MB stacks, 0 MB globals, 20 P
gc 2803 @8.200s 4%: 0.060+0.35+0.081 ms clock, 1.2+0.33/0.61/0.015+1.6 ms cpu, 3->4->2 MB, 4 MB goal, 0 MB stacks, 0 MB globals, 20 P
gc 2804 @8.201s 4%: 0.079+0.36+0.080 ms clock, 1.5+0.35/0.57/0.008+1.6 ms cpu, 3->4->2 MB, 4 MB goal, 0 MB stacks, 0 MB globals, 20 P
gc 2805 @8.203s 4%: 0.093+0.63+0.096 ms clock, 1.8+0.43/0.57/0.001+1.9 ms cpu, 4->5->2 MB, 4 MB goal, 0 MB stacks, 0 MB globals, 20 P
gc 2806 @8.204s 4%: 0.042+0.35+0.083 ms clock, 0.85+0.30/0.68/0.025+1.6 ms cpu, 4->5->2 MB, 5 MB goal, 0 MB stacks, 0 MB globals, 20 P
gc 2807 @8.206s 4%: 0.079+0.36+0.063 ms clock, 1.5+0.31/0.67/0.003+1.2 ms cpu, 4->5->2 MB, 5 MB goal, 0 MB stacks, 0 MB globals, 20 P
gc 2808 @8.207s 4%: 0.057+0.24+0.084 ms clock, 1.1+0.12/0.63/0.052+1.6 ms cpu, 4->4->1 MB, 4 MB goal, 0 MB stacks, 0 MB globals, 20 P
gc 2809 @8.208s 4%: 0.056+0.42+0.078 ms clock, 1.1+0.42/0.63/0+1.5 ms cpu, 3->4->2 MB, 4 MB goal, 0 MB stacks, 0 MB globals, 20 P
gc 2810 @8.209s 4%: 0.036+0.46+0.077 ms clock, 0.73+0.32/0.55/0.005+1.5 ms cpu, 4->5->2 MB, 5 MB goal, 0 MB stacks, 0 MB globals, 20 P
gc 2811 @8.211s 4%: 0.052+0.42+0.016 ms clock, 1.0+0.24/0.61/0+0.33 ms cpu, 4->5->2 MB, 5 MB goal, 0 MB stacks, 0 MB globals, 20 P
gc 2812 @8.212s 4%: 0.036+0.44+0.095 ms clock, 0.73+0.26/0.82/0.017+1.9 ms cpu, 4->5->2 MB, 5 MB goal, 0 MB stacks, 0 MB globals, 20 P
gc 2813 @8.213s 4%: 0.044+0.39+0.085 ms clock, 0.88+0.35/0.56/0.029+1.7 ms cpu, 4->4->2 MB, 4 MB goal, 0 MB stacks, 0 MB globals, 20 P
gc 2814 @8.215s 4%: 0.070+0.42+0.061 ms clock, 1.4+0.24/0.67/0.016+1.2 ms cpu, 4->5->2 MB, 4 MB goal, 0 MB stacks, 0 MB globals, 20 P
gc 2815 @8.216s 4%: 0.090+0.41+0.073 ms clock, 1.8+0.36/0.67/0.068+1.4 ms cpu, 4->5->2 MB, 5 MB goal, 0 MB stacks, 0 MB globals, 20 P
gc 2816 @8.218s 4%: 0.063+0.39+0.066 ms clock, 1.2+0.17/0.74/0.003+1.3 ms cpu, 4->5->2 MB, 5 MB goal, 0 MB stacks, 0 MB globals, 20 P
gc 2817 @8.219s 4%: 0.10+0.32+0.095 ms clock, 2.1+0.39/0.69/0+1.9 ms cpu, 4->4->2 MB, 4 MB goal, 0 MB stacks, 0 MB globals, 20 P
gc 2818 @8.220s 4%: 0.065+0.23+0.067 ms clock, 1.3+0.32/0.60/0.036+1.3 ms cpu, 4->4->2 MB, 4 MB goal, 0 MB stacks, 0 MB globals, 20 P
gc 2819 @8.221s 4%: 0.060+0.47+0.050 ms clock, 1.2+0.39/0.57/0+1.0 ms cpu, 3->4->2 MB, 4 MB goal, 0 MB stacks, 0 MB globals, 20 P
gc 2820 @8.223s 4%: 0.078+0.34+0.072 ms clock, 1.5+0.39/0.56/0.016+1.4 ms cpu, 4->5->2 MB, 5 MB goal, 0 MB stacks, 0 MB globals, 20 P
gc 2821 @8.224s 4%: 0.067+0.58+0.031 ms clock, 1.3+0.29/0.60/0.014+0.62 ms cpu, 4->5->2 MB, 4 MB goal, 0 MB stacks, 0 MB globals, 20 P
gc 2822 @8.225s 4%: 0.091+0.32+0.031 ms clock, 1.8+0.36/0.64/0.001+0.63 ms cpu, 4->5->2 MB, 5 MB goal, 0 MB stacks, 0 MB globals, 20 P
gc 2823 @8.227s 4%: 0.15+0.45+0.051 ms clock, 3.0+0.40/0.57/0+1.0 ms cpu, 4->5->2 MB, 5 MB goal, 0 MB stacks, 0 MB globals, 20 P
gc 2824 @8.228s 4%: 0.032+0.33+0.082 ms clock, 0.65+0.16/0.62/0.13+1.6 ms cpu, 4->5->2 MB, 5 MB goal, 0 MB stacks, 0 MB globals, 20 P
gc 2825 @8.229s 4%: 0.030+0.31+0.025 ms clock, 0.61+0.28/0.57/0.008+0.50 ms cpu, 3->4->2 MB, 4 MB goal, 0 MB stacks, 0 MB globals, 20 P
gc 2826 @8.230s 4%: 0.074+0.31+0.081 ms clock, 1.4+0.34/0.63/0.010+1.6 ms cpu, 4->5->2 MB, 5 MB goal, 0 MB stacks, 0 MB globals, 20 P
gc 2827 @8.232s 4%: 0.097+0.47+0.073 ms clock, 1.9+0.38/0.58/0.025+1.4 ms cpu, 4->5->2 MB, 4 MB goal, 0 MB stacks, 0 MB globals, 20 P
gc 2828 @8.233s 4%: 0.061+0.35+0.071 ms clock, 1.2+0.16/0.74/0.024+1.4 ms cpu, 4->5->2 MB, 5 MB goal, 0 MB stacks, 0 MB globals, 20 P
gc 2829 @8.234s 4%: 0.083+0.33+0.068 ms clock, 1.6+0.33/0.62/0.012+1.3 ms cpu, 4->4->2 MB, 4 MB goal, 0 MB stacks, 0 MB globals, 20 P
gc 2830 @8.235s 4%: 0.093+0.35+0.031 ms clock, 1.8+0.42/0.61/0.022+0.62 ms cpu, 4->5->2 MB, 5 MB goal, 0 MB stacks, 0 MB globals, 20 P
gc 2831 @8.237s 4%: 0.088+0.25+0.10 ms clock, 1.7+0.31/0.61/0.003+2.1 ms cpu, 4->4->2 MB, 5 MB goal, 0 MB stacks, 0 MB globals, 20 P
gc 2832 @8.238s 4%: 0.063+0.54+0.029 ms clock, 1.2+0.33/0.59/0+0.59 ms cpu, 3->5->2 MB, 4 MB goal, 0 MB stacks, 0 MB globals, 20 P
gc 2833 @8.239s 4%: 0.063+0.32+0.11 ms clock, 1.2+0.38/0.59/0.027+2.2 ms cpu, 4->5->2 MB, 5 MB goal, 0 MB stacks, 0 MB globals, 20 P
gc 2834 @8.240s 4%: 0.072+0.41+0.053 ms clock, 1.4+0.42/0.56/0.029+1.0 ms cpu, 4->5->2 MB, 4 MB goal, 0 MB stacks, 0 MB globals, 20 P
gc 2835 @8.242s 4%: 0.086+0.27+0.013 ms clock, 1.7+0.39/0.70/0.001+0.27 ms cpu, 4->5->2 MB, 5 MB goal, 0 MB stacks, 0 MB globals, 20 P
gc 2836 @8.243s 4%: 0.066+0.48+0.061 ms clock, 1.3+0.40/0.52/0.015+1.2 ms cpu, 4->5->2 MB, 4 MB goal, 0 MB stacks, 0 MB globals, 20 P
gc 2837 @8.244s 4%: 0.082+0.50+0.061 ms clock, 1.6+0.37/0.60/0.002+1.2 ms cpu, 4->5->2 MB, 5 MB goal, 0 MB stacks, 0 MB globals, 20 P
gc 2838 @8.246s 4%: 0.076+0.28+0.093 ms clock, 1.5+0.27/0.57/0.005+1.8 ms cpu, 4->5->2 MB, 5 MB goal, 0 MB stacks, 0 MB globals, 20 P
gc 2839 @8.247s 4%: 0.084+0.46+0.070 ms clock, 1.6+0.32/0.59/0.039+1.4 ms cpu, 4->5->2 MB, 4 MB goal, 0 MB stacks, 0 MB globals, 20 P
gc 2840 @8.248s 4%: 0.070+0.37+0.019 ms clock, 1.4+0.30/0.62/0.010+0.39 ms cpu, 4->5->2 MB, 5 MB goal, 0 MB stacks, 0 MB globals, 20 P
gc 2841 @8.250s 4%: 0.066+0.30+0.061 ms clock, 1.3+0.34/0.53/0+1.2 ms cpu, 4->4->2 MB, 4 MB goal, 0 MB stacks, 0 MB globals, 20 P
gc 2842 @8.251s 4%: 0.071+0.37+0.035 ms clock, 1.4+0.26/0.59/0.030+0.71 ms cpu, 4->5->2 MB, 4 MB goal, 0 MB stacks, 0 MB globals, 20 P
gc 2843 @8.252s 4%: 0.070+0.26+0.058 ms clock, 1.4+0.18/0.61/0.021+1.1 ms cpu, 4->4->1 MB, 5 MB goal, 0 MB stacks, 0 MB globals, 20 P
gc 2844 @8.253s 4%: 0.078+0.36+0.025 ms clock, 1.5+0.44/0.70/0.002+0.51 ms cpu, 3->4->2 MB, 4 MB goal, 0 MB stacks, 0 MB globals, 20 P
gc 2845 @8.254s 4%: 0.066+0.37+0.015 ms clock, 1.3+0.28/0.67/0+0.30 ms cpu, 4->5->2 MB, 5 MB goal, 0 MB stacks, 0 MB globals, 20 P
gc 2846 @8.255s 4%: 0.067+0.60+0.062 ms clock, 1.3+0.32/0.60/0.010+1.2 ms cpu, 4->5->2 MB, 4 MB goal, 0 MB stacks, 0 MB globals, 20 P
gc 2847 @8.257s 4%: 0.071+0.35+0.039 ms clock, 1.4+0.28/0.61/0+0.79 ms cpu, 4->5->2 MB, 5 MB goal, 0 MB stacks, 0 MB globals, 20 P
gc 2848 @8.258s 4%: 0.079+0.36+0.023 ms clock, 1.5+0.34/0.64/0.054+0.46 ms cpu, 4->4->2 MB, 4 MB goal, 0 MB stacks, 0 MB globals, 20 P
gc 2849 @8.259s 4%: 0.083+0.43+0.070 ms clock, 1.6+0.36/0.61/0.057+1.4 ms cpu, 4->5->2 MB, 5 MB goal, 0 MB stacks, 0 MB globals, 20 P
gc 2850 @8.261s 4%: 0.073+0.27+0.063 ms clock, 1.4+0.25/0.66/0.001+1.2 ms cpu, 4->5->2 MB, 5 MB goal, 0 MB stacks, 0 MB globals, 20 P
gc 2851 @8.262s 4%: 0.082+0.39+0.019 ms clock, 1.6+0.36/0.70/0+0.39 ms cpu, 3->4->2 MB, 4 MB goal, 0 MB stacks, 0 MB globals, 20 P
gc 2852 @8.263s 4%: 0.056+0.46+0.046 ms clock, 1.1+0.21/0.73/0.093+0.93 ms cpu, 4->5->2 MB, 5 MB goal, 0 MB stacks, 0 MB globals, 20 P
gc 2853 @8.264s 4%: 0.081+0.41+0.063 ms clock, 1.6+0.20/0.70/0+1.2 ms cpu, 4->5->2 MB, 5 MB goal, 0 MB stacks, 0 MB globals, 20 P
gc 2854 @8.265s 4%: 0.074+0.48+0.10 ms clock, 1.4+0.31/0.56/0.038+2.0 ms cpu, 4->5->2 MB, 5 MB goal, 0 MB stacks, 0 MB globals, 20 P
gc 2855 @8.267s 4%: 0.11+0.35+0.081 ms clock, 2.2+0.29/0.62/0.006+1.6 ms cpu, 4->5->2 MB, 5 MB goal, 0 MB stacks, 0 MB globals, 20 P
gc 2856 @8.268s 4%: 0.064+0.50+0.060 ms clock, 1.2+0.37/0.57/0.048+1.2 ms cpu, 4->5->2 MB, 5 MB goal, 0 MB stacks, 0 MB globals, 20 P
gc 2857 @8.270s 4%: 0.049+0.37+0.081 ms clock, 0.98+0.31/0.56/0.025+1.6 ms cpu, 4->5->2 MB, 5 MB goal, 0 MB stacks, 0 MB globals, 20 P
gc 2858 @8.271s 4%: 0.025+0.73+0.061 ms clock, 0.50+0.26/0.62/0.011+1.2 ms cpu, 4->5->2 MB, 5 MB goal, 0 MB stacks, 0 MB globals, 20 P
gc 2859 @8.273s 4%: 0.081+0.53+0.061 ms clock, 1.6+0.36/0.60/0.004+1.2 ms cpu, 4->6->2 MB, 5 MB goal, 0 MB stacks, 0 MB globals, 20 P
gc 2860 @8.275s 4%: 0.061+0.48+0.053 ms clock, 1.2+0.30/0.67/0.052+1.0 ms cpu, 4->5->2 MB, 5 MB goal, 0 MB stacks, 0 MB globals, 20 P
gc 2861 @8.276s 4%: 0.060+0.29+0.054 ms clock, 1.2+0.23/0.61/0.015+1.0 ms cpu, 4->5->2 MB, 5 MB goal, 0 MB stacks, 0 MB globals, 20 P
gc 2862 @8.277s 4%: 0.064+0.41+0.056 ms clock, 1.2+0.37/0.52/0+1.1 ms cpu, 3->4->2 MB, 4 MB goal, 0 MB stacks, 0 MB globals, 20 P
gc 2863 @8.279s 4%: 0.051+0.35+0.081 ms clock, 1.0+0.34/0.65/0+1.6 ms cpu, 4->5->2 MB, 5 MB goal, 0 MB stacks, 0 MB globals, 20 P
gc 2864 @8.280s 4%: 0.071+0.32+0.056 ms clock, 1.4+0.16/0.67/0.014+1.1 ms cpu, 4->4->2 MB, 5 MB goal, 0 MB stacks, 0 MB globals, 20 P
gc 2865 @8.281s 4%: 0.066+0.40+0.050 ms clock, 1.3+0.36/0.65/0.071+1.0 ms cpu, 4->5->2 MB, 4 MB goal, 0 MB stacks, 0 MB globals, 20 P
gc 2866 @8.282s 4%: 0.069+0.32+0.067 ms clock, 1.3+0.36/0.63/0.019+1.3 ms cpu, 4->5->2 MB, 5 MB goal, 0 MB stacks, 0 MB globals, 20 P
gc 2867 @8.284s 4%: 0.077+0.48+0.049 ms clock, 1.5+0.36/0.51/0.033+0.99 ms cpu, 4->4->2 MB, 4 MB goal, 0 MB stacks, 0 MB globals, 20 P
gc 2868 @8.285s 4%: 0.048+0.35+0.13 ms clock, 0.97+0.36/0.55/0.048+2.6 ms cpu, 4->4->2 MB, 4 MB goal, 0 MB stacks, 0 MB globals, 20 P
gc 2869 @8.286s 4%: 0.085+0.39+0.023 ms clock, 1.7+0.33/0.73/0.006+0.46 ms cpu, 3->4->2 MB, 4 MB goal, 0 MB stacks, 0 MB globals, 20 P
gc 2870 @8.287s 4%: 0.079+0.31+0.076 ms clock, 1.5+0.23/0.66/0.074+1.5 ms cpu, 4->4->2 MB, 4 MB goal, 0 MB stacks, 0 MB globals, 20 P
gc 2871 @8.289s 4%: 0.072+0.36+0.071 ms clock, 1.4+0.32/0.64/0+1.4 ms cpu, 3->4->2 MB, 4 MB goal, 0 MB stacks, 0 MB globals, 20 P
gc 2872 @8.290s 4%: 0.050+0.37+0.086 ms clock, 1.0+0.46/0.62/0.017+1.7 ms cpu, 4->4->2 MB, 4 MB goal, 0 MB stacks, 0 MB globals, 20 P
gc 2873 @8.291s 4%: 0.099+0.40+0.063 ms clock, 1.9+0.23/0.68/0.013+1.2 ms cpu, 4->5->2 MB, 5 MB goal, 0 MB stacks, 0 MB globals, 20 P
gc 2874 @8.293s 4%: 0.063+0.33+0.041 ms clock, 1.2+0.30/0.63/0.017+0.82 ms cpu, 4->5->2 MB, 5 MB goal, 0 MB stacks, 0 MB globals, 20 P
gc 2875 @8.294s 4%: 0.075+0.37+0.053 ms clock, 1.5+0.35/0.57/0.022+1.0 ms cpu, 3->4->2 MB, 4 MB goal, 0 MB stacks, 0 MB globals, 20 P
gc 2876 @8.295s 4%: 0.034+0.26+0.066 ms clock, 0.69+0.26/0.56/0.051+1.3 ms cpu, 4->4->1 MB, 4 MB goal, 0 MB stacks, 0 MB globals, 20 P
gc 2877 @8.296s 4%: 0.074+0.40+0.078 ms clock, 1.4+0.37/0.67/0.006+1.5 ms cpu, 3->4->2 MB, 4 MB goal, 0 MB stacks, 0 MB globals, 20 P
gc 2878 @8.297s 4%: 0.068+0.39+0.026 ms clock, 1.3+0.28/0.75/0+0.52 ms cpu, 4->5->2 MB, 5 MB goal, 0 MB stacks, 0 MB globals, 20 P
gc 2879 @8.298s 4%: 0.067+0.40+0.037 ms clock, 1.3+0.45/0.59/0+0.75 ms cpu, 4->5->2 MB, 4 MB goal, 0 MB stacks, 0 MB globals, 20 P
gc 2880 @8.299s 4%: 0.073+0.31+0.078 ms clock, 1.4+0.39/0.64/0.003+1.5 ms cpu, 4->5->2 MB, 5 MB goal, 0 MB stacks, 0 MB globals, 20 P
gc 2881 @8.301s 4%: 0.076+0.39+0.077 ms clock, 1.5+0.43/0.53/0.009+1.5 ms cpu, 4->4->2 MB, 4 MB goal, 0 MB stacks, 0 MB globals, 20 P
gc 2882 @8.302s 4%: 0.077+0.45+0.039 ms clock, 1.5+0.24/0.67/0.044+0.79 ms cpu, 4->4->2 MB, 4 MB goal, 0 MB stacks, 0 MB globals, 20 P
gc 2883 @8.303s 4%: 0.084+0.32+0.010 ms clock, 1.6+0.33/0.63/0.072+0.20 ms cpu, 4->4->2 MB, 4 MB goal, 0 MB stacks, 0 MB globals, 20 P
gc 2884 @8.304s 4%: 0.087+0.46+0.072 ms clock, 1.7+0.30/0.65/0.001+1.4 ms cpu, 3->4->2 MB, 4 MB goal, 0 MB stacks, 0 MB globals, 20 P
gc 2885 @8.305s 4%: 0.076+0.43+0.068 ms clock, 1.5+0.39/0.60/0.059+1.3 ms cpu, 4->5->2 MB, 5 MB goal, 0 MB stacks, 0 MB globals, 20 P
gc 2886 @8.307s 4%: 0.079+0.54+0.044 ms clock, 1.5+0.34/0.64/0+0.89 ms cpu, 4->5->2 MB, 5 MB goal, 0 MB stacks, 0 MB globals, 20 P
gc 2887 @8.309s 4%: 0.081+0.38+0.056 ms clock, 1.6+0.33/0.60/0.054+1.1 ms cpu, 4->5->2 MB, 5 MB goal, 0 MB stacks, 0 MB globals, 20 P
gc 2888 @8.310s 4%: 0.064+0.35+0.059 ms clock, 1.2+0.38/0.60/0+1.1 ms cpu, 3->4->2 MB, 4 MB goal, 0 MB stacks, 0 MB globals, 20 P
gc 2889 @8.311s 4%: 0.070+0.26+0.029 ms clock, 1.4+0.26/0.56/0.045+0.59 ms cpu, 4->4->2 MB, 4 MB goal, 0 MB stacks, 0 MB globals, 20 P
gc 2890 @8.312s 4%: 0.057+0.40+0.065 ms clock, 1.1+0.32/0.72/0.007+1.3 ms cpu, 3->4->2 MB, 4 MB goal, 0 MB stacks, 0 MB globals, 20 P
gc 2891 @8.313s 4%: 0.065+0.35+0.074 ms clock, 1.3+0.34/0.64/0.049+1.4 ms cpu, 4->5->2 MB, 5 MB goal, 0 MB stacks, 0 MB globals, 20 P
gc 2892 @8.314s 4%: 0.068+0.38+0.059 ms clock, 1.3+0.34/0.66/0.006+1.1 ms cpu, 4->5->2 MB, 4 MB goal, 0 MB stacks, 0 MB globals, 20 P
gc 2893 @8.316s 4%: 0.090+0.37+0.016 ms clock, 1.8+0.35/0.62/0.004+0.32 ms cpu, 4->5->2 MB, 5 MB goal, 0 MB stacks, 0 MB globals, 20 P
gc 2894 @8.317s 4%: 0.060+0.31+0.046 ms clock, 1.2+0.24/0.61/0.002+0.92 ms cpu, 4->5->2 MB, 5 MB goal, 0 MB stacks, 0 MB globals, 20 P
gc 2895 @8.318s 4%: 0.098+0.31+0.083 ms clock, 1.9+0.33/0.54/0+1.6 ms cpu, 4->4->2 MB, 4 MB goal, 0 MB stacks, 0 MB globals, 20 P
gc 2896 @8.319s 4%: 0.077+0.38+0.064 ms clock, 1.5+0.23/0.60/0.063+1.2 ms cpu, 4->4->2 MB, 4 MB goal, 0 MB stacks, 0 MB globals, 20 P
gc 2897 @8.320s 4%: 0.079+0.70+0.004 ms clock, 1.5+0.30/0.75/0+0.089 ms cpu, 4->5->2 MB, 4 MB goal, 0 MB stacks, 0 MB globals, 20 P
gc 2898 @8.322s 4%: 0.064+0.34+0.061 ms clock, 1.2+0.24/0.63/0.006+1.2 ms cpu, 4->5->2 MB, 5 MB goal, 0 MB stacks, 0 MB globals, 20 P
gc 2899 @8.323s 4%: 0.068+0.47+0.026 ms clock, 1.3+0.30/0.60/0.024+0.53 ms cpu, 3->4->2 MB, 4 MB goal, 0 MB stacks, 0 MB globals, 20 P
gc 2900 @8.324s 4%: 0.050+0.45+0.067 ms clock, 1.0+0.26/0.62/0.005+1.3 ms cpu, 4->5->2 MB, 4 MB goal, 0 MB stacks, 0 MB globals, 20 P
gc 2901 @8.325s 4%: 0.067+0.48+0.059 ms clock, 1.3+0.30/0.62/0.046+1.1 ms cpu, 4->5->2 MB, 5 MB goal, 0 MB stacks, 0 MB globals, 20 P
gc 2902 @8.327s 4%: 0.072+0.50+0.048 ms clock, 1.4+0.21/0.65/0.052+0.96 ms cpu, 4->5->2 MB, 5 MB goal, 0 MB stacks, 0 MB globals, 20 P
gc 2903 @8.328s 4%: 0.087+0.78+0.069 ms clock, 1.7+0.42/0.55/0+1.3 ms cpu, 4->6->2 MB, 5 MB goal, 0 MB stacks, 0 MB globals, 20 P
gc 2904 @8.330s 4%: 0.065+0.40+0.034 ms clock, 1.3+0.29/0.68/0+0.68 ms cpu, 5->6->2 MB, 6 MB goal, 0 MB stacks, 0 MB globals, 20 P
gc 2905 @8.331s 4%: 0.064+0.52+0.036 ms clock, 1.2+0.22/0.62/0.001+0.72 ms cpu, 4->5->2 MB, 5 MB goal, 0 MB stacks, 0 MB globals, 20 P
gc 2906 @8.333s 4%: 0.074+0.49+0.051 ms clock, 1.4+0.33/0.61/0.021+1.0 ms cpu, 4->5->2 MB, 5 MB goal, 0 MB stacks, 0 MB globals, 20 P
gc 2907 @8.334s 4%: 0.068+0.41+0.064 ms clock, 1.3+0.24/0.63/0.060+1.2 ms cpu, 4->5->2 MB, 5 MB goal, 0 MB stacks, 0 MB globals, 20 P
gc 2908 @8.335s 4%: 0.082+0.52+0.089 ms clock, 1.6+0.32/0.72/0.002+1.7 ms cpu, 4->5->2 MB, 4 MB goal, 0 MB stacks, 0 MB globals, 20 P
gc 2909 @8.337s 4%: 0.044+0.50+0.081 ms clock, 0.89+0.43/0.72/0.088+1.6 ms cpu, 4->5->2 MB, 5 MB goal, 0 MB stacks, 0 MB globals, 20 P
gc 2910 @8.338s 4%: 0.070+0.32+0.020 ms clock, 1.4+0.31/0.64/0.040+0.40 ms cpu, 4->5->2 MB, 5 MB goal, 0 MB stacks, 0 MB globals, 20 P
gc 2911 @8.339s 4%: 0.075+0.38+0.050 ms clock, 1.5+0.19/0.60/0.034+1.0 ms cpu, 4->4->2 MB, 4 MB goal, 0 MB stacks, 0 MB globals, 20 P
gc 2912 @8.340s 4%: 0.077+0.38+0.12 ms clock, 1.5+0.20/0.67/0+2.5 ms cpu, 4->4->2 MB, 4 MB goal, 0 MB stacks, 0 MB globals, 20 P
gc 2913 @8.342s 4%: 0.088+0.37+0.075 ms clock, 1.7+0.23/0.63/0.039+1.5 ms cpu, 4->5->2 MB, 4 MB goal, 0 MB stacks, 0 MB globals, 20 P
gc 2914 @8.343s 4%: 0.070+0.37+0.015 ms clock, 1.4+0.38/0.56/0+0.31 ms cpu, 4->4->2 MB, 5 MB goal, 0 MB stacks, 0 MB globals, 20 P
gc 2915 @8.344s 4%: 0.078+0.50+0.090 ms clock, 1.5+0.40/0.52/0.14+1.8 ms cpu, 4->5->2 MB, 4 MB goal, 0 MB stacks, 0 MB globals, 20 P
gc 2916 @8.345s 4%: 0.13+0.41+0.095 ms clock, 2.6+0.33/0.56/0.027+1.9 ms cpu, 4->5->2 MB, 5 MB goal, 0 MB stacks, 0 MB globals, 20 P
gc 2917 @8.347s 4%: 0.077+0.30+0.076 ms clock, 1.5+0.30/0.56/0.005+1.5 ms cpu, 4->5->2 MB, 5 MB goal, 0 MB stacks, 0 MB globals, 20 P
gc 2918 @8.348s 4%: 0.038+0.28+0.018 ms clock, 0.77+0.31/0.75/0.035+0.36 ms cpu, 4->4->2 MB, 4 MB goal, 0 MB stacks, 0 MB globals, 20 P
gc 2919 @8.349s 4%: 0.048+0.46+0.080 ms clock, 0.96+0.45/0.59/0.007+1.6 ms cpu, 3->4->2 MB, 4 MB goal, 0 MB stacks, 0 MB globals, 20 P
gc 2920 @8.350s 4%: 0.079+0.36+0.049 ms clock, 1.5+0.38/0.63/0.043+0.99 ms cpu, 4->5->2 MB, 5 MB goal, 0 MB stacks, 0 MB globals, 20 P
gc 2921 @8.352s 4%: 0.073+0.33+0.074 ms clock, 1.4+0.34/0.60/0.047+1.4 ms cpu, 4->5->2 MB, 5 MB goal, 0 MB stacks, 0 MB globals, 20 P
gc 2922 @8.353s 4%: 0.10+0.58+0.070 ms clock, 2.1+0.29/0.64/0.004+1.4 ms cpu, 4->4->2 MB, 4 MB goal, 0 MB stacks, 0 MB globals, 20 P
gc 2923 @8.354s 4%: 0.052+0.42+0.058 ms clock, 1.0+0.47/0.57/0+1.1 ms cpu, 4->5->2 MB, 5 MB goal, 0 MB stacks, 0 MB globals, 20 P
gc 2924 @8.356s 4%: 0.071+0.53+0.053 ms clock, 1.4+0.24/0.66/0.022+1.0 ms cpu, 4->5->2 MB, 5 MB goal, 0 MB stacks, 0 MB globals, 20 P
gc 2925 @8.357s 4%: 0.073+0.35+0.066 ms clock, 1.4+0.28/0.62/0.043+1.3 ms cpu, 4->5->2 MB, 5 MB goal, 0 MB stacks, 0 MB globals, 20 P
gc 2926 @8.359s 4%: 0.078+0.29+0.077 ms clock, 1.5+0.29/0.52/0.046+1.5 ms cpu, 4->4->2 MB, 5 MB goal, 0 MB stacks, 0 MB globals, 20 P
gc 2927 @8.360s 4%: 0.063+0.52+0.054 ms clock, 1.2+0.35/0.67/0.004+1.0 ms cpu, 3->4->2 MB, 4 MB goal, 0 MB stacks, 0 MB globals, 20 P
gc 2928 @8.361s 4%: 0.067+0.38+0.078 ms clock, 1.3+0.26/0.66/0.021+1.5 ms cpu, 4->5->2 MB, 5 MB goal, 0 MB stacks, 0 MB globals, 20 P
gc 2929 @8.362s 4%: 0.062+0.37+0.068 ms clock, 1.2+0.40/0.63/0.020+1.3 ms cpu, 4->4->2 MB, 4 MB goal, 0 MB stacks, 0 MB globals, 20 P
gc 2930 @8.364s 4%: 0.084+0.46+0.058 ms clock, 1.6+0.38/0.59/0.014+1.1 ms cpu, 4->5->2 MB, 5 MB goal, 0 MB stacks, 0 MB globals, 20 P
gc 2931 @8.365s 4%: 0.067+0.38+0.040 ms clock, 1.3+0.28/0.60/0+0.80 ms cpu, 4->5->2 MB, 5 MB goal, 0 MB stacks, 0 MB globals, 20 P
gc 2932 @8.367s 4%: 0.081+0.46+0.036 ms clock, 1.6+0.26/0.66/0.055+0.72 ms cpu, 4->5->2 MB, 5 MB goal, 0 MB stacks, 0 MB globals, 20 P
gc 2933 @8.368s 4%: 0.031+0.31+0.060 ms clock, 0.62+0.29/0.65/0.028+1.2 ms cpu, 4->5->2 MB, 5 MB goal, 0 MB stacks, 0 MB globals, 20 P
gc 2934 @8.369s 4%: 0.042+0.41+0.071 ms clock, 0.84+0.36/0.60/0.001+1.4 ms cpu, 4->4->2 MB, 4 MB goal, 0 MB stacks, 0 MB globals, 20 P
gc 2935 @8.370s 4%: 0.12+0.30+0.022 ms clock, 2.5+0.29/0.75/0.083+0.45 ms cpu, 4->4->2 MB, 4 MB goal, 0 MB stacks, 0 MB globals, 20 P
gc 2936 @8.372s 4%: 0.045+0.33+0.079 ms clock, 0.91+0.23/0.70/0+1.5 ms cpu, 4->4->2 MB, 4 MB goal, 0 MB stacks, 0 MB globals, 20 P
gc 2937 @8.373s 4%: 0.048+0.38+0.047 ms clock, 0.96+0.20/0.69/0+0.95 ms cpu, 3->4->2 MB, 4 MB goal, 0 MB stacks, 0 MB globals, 20 P
gc 2938 @8.374s 4%: 0.072+0.36+0.025 ms clock, 1.4+0.23/0.60/0.002+0.50 ms cpu, 4->5->2 MB, 5 MB goal, 0 MB stacks, 0 MB globals, 20 P
gc 2939 @8.375s 4%: 0.068+0.41+0.042 ms clock, 1.3+0.40/0.62/0.016+0.84 ms cpu, 3->4->2 MB, 4 MB goal, 0 MB stacks, 0 MB globals, 20 P
gc 2940 @8.376s 4%: 0.038+0.36+0.067 ms clock, 0.76+0.22/0.66/0.033+1.3 ms cpu, 4->5->2 MB, 5 MB goal, 0 MB stacks, 0 MB globals, 20 P
gc 2941 @8.378s 4%: 0.056+0.23+0.079 ms clock, 1.1+0.43/0.60/0.013+1.5 ms cpu, 4->4->2 MB, 4 MB goal, 0 MB stacks, 0 MB globals, 20 P
gc 2942 @8.379s 4%: 0.064+0.50+0.042 ms clock, 1.2+0.39/0.63/0+0.85 ms cpu, 3->4->2 MB, 4 MB goal, 0 MB stacks, 0 MB globals, 20 P
gc 2943 @8.380s 4%: 0.066+0.43+0.090 ms clock, 1.3+0.39/0.56/0+1.8 ms cpu, 4->5->2 MB, 5 MB goal, 0 MB stacks, 0 MB globals, 20 P
gc 2944 @8.381s 4%: 0.057+0.34+0.024 ms clock, 1.1+0.20/0.62/0.086+0.49 ms cpu, 4->5->2 MB, 5 MB goal, 0 MB stacks, 0 MB globals, 20 P
gc 2945 @8.383s 4%: 0.050+0.41+0.073 ms clock, 1.0+0.22/0.73/0.010+1.4 ms cpu, 3->4->2 MB, 4 MB goal, 0 MB stacks, 0 MB globals, 20 P
gc 2946 @8.384s 4%: 0.076+0.56+0.057 ms clock, 1.5+0.23/0.62/0+1.1 ms cpu, 4->5->2 MB, 5 MB goal, 0 MB stacks, 0 MB globals, 20 P
gc 2947 @8.385s 4%: 0.037+0.35+0.039 ms clock, 0.74+0.35/0.55/0.027+0.78 ms cpu, 4->5->2 MB, 5 MB goal, 0 MB stacks, 0 MB globals, 20 P
gc 2948 @8.386s 4%: 0.046+0.33+0.064 ms clock, 0.93+0.55/0.61/0.059+1.2 ms cpu, 4->5->2 MB, 4 MB goal, 0 MB stacks, 0 MB globals, 20 P
gc 2949 @8.388s 4%: 0.054+0.26+0.037 ms clock, 1.0+0.36/0.52/0.012+0.74 ms cpu, 4->4->2 MB, 4 MB goal, 0 MB stacks, 0 MB globals, 20 P
gc 2950 @8.389s 4%: 0.058+0.35+0.064 ms clock, 1.1+0.10/0.64/0.032+1.2 ms cpu, 3->4->2 MB, 4 MB goal, 0 MB stacks, 0 MB globals, 20 P
gc 2951 @8.390s 4%: 0.048+0.47+0.052 ms clock, 0.97+0.21/0.72/0.032+1.0 ms cpu, 4->4->2 MB, 4 MB goal, 0 MB stacks, 0 MB globals, 20 P
gc 2952 @8.391s 4%: 0.049+0.36+0.043 ms clock, 0.99+0.33/0.59/0.015+0.86 ms cpu, 4->4->2 MB, 4 MB goal, 0 MB stacks, 0 MB globals, 20 P
gc 2953 @8.392s 4%: 0.081+0.32+0.064 ms clock, 1.6+0.37/0.61/0+1.2 ms cpu, 4->4->2 MB, 4 MB goal, 0 MB stacks, 0 MB globals, 20 P
gc 2954 @8.394s 4%: 0.073+0.36+0.068 ms clock, 1.4+0.29/0.67/0.046+1.3 ms cpu, 4->5->2 MB, 4 MB goal, 0 MB stacks, 0 MB globals, 20 P
gc 2955 @8.395s 4%: 0.073+0.28+0.081 ms clock, 1.4+0.19/0.69/0.019+1.6 ms cpu, 4->4->2 MB, 5 MB goal, 0 MB stacks, 0 MB globals, 20 P
gc 2956 @8.396s 4%: 0.041+0.31+0.063 ms clock, 0.83+0.60/0.51/0.015+1.2 ms cpu, 3->4->2 MB, 4 MB goal, 0 MB stacks, 0 MB globals, 20 P
gc 2957 @8.397s 4%: 0.067+0.35+0.093 ms clock, 1.3+0.32/0.58/0.063+1.8 ms cpu, 3->4->2 MB, 4 MB goal, 0 MB stacks, 0 MB globals, 20 P
gc 2958 @8.398s 4%: 0.070+0.36+0.078 ms clock, 1.4+0.34/0.62/0.009+1.5 ms cpu, 4->5->2 MB, 4 MB goal, 0 MB stacks, 0 MB globals, 20 P
gc 2959 @8.400s 4%: 0.066+0.33+0.075 ms clock, 1.3+0.24/0.62/0.071+1.5 ms cpu, 4->4->2 MB, 5 MB goal, 0 MB stacks, 0 MB globals, 20 P
gc 2960 @8.401s 4%: 0.068+0.40+0.025 ms clock, 1.3+0.29/0.51/0.073+0.51 ms cpu, 3->4->2 MB, 4 MB goal, 0 MB stacks, 0 MB globals, 20 P
gc 2961 @8.402s 4%: 0.049+0.30+0.065 ms clock, 0.98+0.18/0.58/0.063+1.3 ms cpu, 4->4->2 MB, 4 MB goal, 0 MB stacks, 0 MB globals, 20 P
gc 2962 @8.403s 4%: 0.10+0.27+0.089 ms clock, 2.1+0.32/0.60/0.087+1.7 ms cpu, 3->4->2 MB, 4 MB goal, 0 MB stacks, 0 MB globals, 20 P
gc 2963 @8.404s 4%: 0.11+0.39+0.044 ms clock, 2.2+0.39/0.57/0.034+0.89 ms cpu, 3->4->2 MB, 4 MB goal, 0 MB stacks, 0 MB globals, 20 P
gc 2964 @8.405s 4%: 0.088+0.34+0.072 ms clock, 1.7+0.30/0.54/0.052+1.4 ms cpu, 4->5->2 MB, 5 MB goal, 0 MB stacks, 0 MB globals, 20 P
gc 2965 @8.407s 4%: 0.056+0.32+0.046 ms clock, 1.1+0.33/0.65/0.018+0.93 ms cpu, 3->4->2 MB, 4 MB goal, 0 MB stacks, 0 MB globals, 20 P
gc 2966 @8.408s 4%: 0.067+0.59+0.034 ms clock, 1.3+0.27/0.66/0.043+0.69 ms cpu, 4->5->2 MB, 4 MB goal, 0 MB stacks, 0 MB globals, 20 P
gc 2967 @8.410s 4%: 0.039+0.27+0.070 ms clock, 0.79+0.47/0.56/0+1.4 ms cpu, 4->5->2 MB, 5 MB goal, 0 MB stacks, 0 MB globals, 20 P
gc 2968 @8.411s 4%: 0.058+0.36+0.058 ms clock, 1.1+0.30/0.59/0.12+1.1 ms cpu, 3->4->2 MB, 4 MB goal, 0 MB stacks, 0 MB globals, 20 P
gc 2969 @8.412s 4%: 0.060+0.34+0.096 ms clock, 1.2+0.45/0.57/0+1.9 ms cpu, 3->4->2 MB, 4 MB goal, 0 MB stacks, 0 MB globals, 20 P
gc 2970 @8.413s 4%: 0.052+0.32+0.048 ms clock, 1.0+0.26/0.62/0.022+0.97 ms cpu, 4->4->2 MB, 5 MB goal, 0 MB stacks, 0 MB globals, 20 P
gc 2971 @8.414s 4%: 0.069+0.38+0.050 ms clock, 1.3+0.45/0.66/0+1.0 ms cpu, 3->4->2 MB, 4 MB goal, 0 MB stacks, 0 MB globals, 20 P
gc 2972 @8.415s 4%: 0.080+0.27+0.084 ms clock, 1.6+0.25/0.65/0+1.6 ms cpu, 4->4->2 MB, 4 MB goal, 0 MB stacks, 0 MB globals, 20 P
gc 2973 @8.416s 4%: 0.070+0.28+0.067 ms clock, 1.4+0.12/0.63/0.11+1.3 ms cpu, 3->4->1 MB, 4 MB goal, 0 MB stacks, 0 MB globals, 20 P
gc 2974 @8.417s 4%: 0.077+0.40+0.027 ms clock, 1.5+0.27/0.59/0.025+0.54 ms cpu, 3->4->2 MB, 4 MB goal, 0 MB stacks, 0 MB globals, 20 P
gc 2975 @8.418s 4%: 0.060+0.39+0.026 ms clock, 1.2+0.33/0.62/0.015+0.53 ms cpu, 3->4->2 MB, 4 MB goal, 0 MB stacks, 0 MB globals, 20 P
gc 2976 @8.420s 4%: 0.047+0.53+0.044 ms clock, 0.94+0.28/0.67/0.024+0.89 ms cpu, 4->5->2 MB, 4 MB goal, 0 MB stacks, 0 MB globals, 20 P
gc 2977 @8.421s 4%: 0.071+0.42+0.043 ms clock, 1.4+0.21/0.60/0+0.86 ms cpu, 4->5->2 MB, 5 MB goal, 0 MB stacks, 0 MB globals, 20 P
gc 2978 @8.423s 4%: 0.070+0.31+0.042 ms clock, 1.4+0.33/0.60/0.025+0.84 ms cpu, 4->4->2 MB, 5 MB goal, 0 MB stacks, 0 MB globals, 20 P
gc 2979 @8.424s 4%: 0.051+0.36+0.025 ms clock, 1.0+0.42/0.67/0.001+0.51 ms cpu, 3->4->2 MB, 4 MB goal, 0 MB stacks, 0 MB globals, 20 P
gc 2980 @8.425s 4%: 0.067+0.24+0.046 ms clock, 1.3+0.46/0.62/0+0.93 ms cpu, 4->4->2 MB, 4 MB goal, 0 MB stacks, 0 MB globals, 20 P
gc 2981 @8.426s 4%: 0.026+0.34+0.050 ms clock, 0.53+0.25/0.66/0.048+1.0 ms cpu, 3->4->2 MB, 4 MB goal, 0 MB stacks, 0 MB globals, 20 P
gc 2982 @8.427s 4%: 0.064+0.45+0.029 ms clock, 1.2+0.37/0.58/0.074+0.59 ms cpu, 4->5->2 MB, 5 MB goal, 0 MB stacks, 0 MB globals, 20 P
gc 2983 @8.429s 4%: 0.061+0.65+0.012 ms clock, 1.2+0.18/0.62/0+0.24 ms cpu, 4->5->2 MB, 4 MB goal, 0 MB stacks, 0 MB globals, 20 P
gc 2984 @8.430s 4%: 0.041+0.47+0.056 ms clock, 0.82+0.35/0.65/0.037+1.1 ms cpu, 4->5->2 MB, 5 MB goal, 0 MB stacks, 0 MB globals, 20 P
gc 2985 @8.431s 4%: 0.065+0.44+0.068 ms clock, 1.3+0.38/0.73/0+1.3 ms cpu, 4->5->2 MB, 5 MB goal, 0 MB stacks, 0 MB globals, 20 P
gc 2986 @8.433s 4%: 0.080+0.49+0.072 ms clock, 1.6+0.25/0.68/0+1.4 ms cpu, 4->5->2 MB, 5 MB goal, 0 MB stacks, 0 MB globals, 20 P
gc 2987 @8.435s 4%: 0.062+0.37+0.063 ms clock, 1.2+0.27/0.66/0.033+1.2 ms cpu, 4->5->2 MB, 5 MB goal, 0 MB stacks, 0 MB globals, 20 P
gc 2988 @8.436s 4%: 0.040+0.65+0.055 ms clock, 0.81+0.32/0.61/0.027+1.1 ms cpu, 4->5->2 MB, 4 MB goal, 0 MB stacks, 0 MB globals, 20 P
gc 2989 @8.438s 4%: 0.068+0.46+0.073 ms clock, 1.3+0.28/0.58/0.093+1.4 ms cpu, 4->6->2 MB, 5 MB goal, 0 MB stacks, 0 MB globals, 20 P
gc 2990 @8.439s 4%: 0.046+0.35+0.013 ms clock, 0.92+0.31/0.55/0.015+0.27 ms cpu, 4->5->2 MB, 5 MB goal, 0 MB stacks, 0 MB globals, 20 P
gc 2991 @8.440s 4%: 0.067+0.40+0.19 ms clock, 1.3+0.26/0.67/0.063+3.8 ms cpu, 4->5->2 MB, 4 MB goal, 0 MB stacks, 0 MB globals, 20 P
gc 2992 @8.441s 4%: 0.073+0.22+0.027 ms clock, 1.4+0.32/0.61/0.019+0.55 ms cpu, 4->4->2 MB, 5 MB goal, 0 MB stacks, 0 MB globals, 20 P
gc 2993 @8.442s 4%: 0.060+0.36+0.022 ms clock, 1.2+0.30/0.68/0.044+0.45 ms cpu, 4->4->2 MB, 4 MB goal, 0 MB stacks, 0 MB globals, 20 P
gc 2994 @8.444s 4%: 0.037+0.41+0.049 ms clock, 0.75+0.36/0.58/0.006+0.98 ms cpu, 4->5->2 MB, 4 MB goal, 0 MB stacks, 0 MB globals, 20 P
gc 2995 @8.445s 4%: 0.085+0.36+0.017 ms clock, 1.7+0.30/0.54/0.015+0.35 ms cpu, 4->4->2 MB, 4 MB goal, 0 MB stacks, 0 MB globals, 20 P
gc 2996 @8.447s 4%: 0.088+0.57+0.062 ms clock, 1.7+0.27/0.64/0.014+1.2 ms cpu, 3->4->2 MB, 4 MB goal, 0 MB stacks, 0 MB globals, 20 P
gc 2997 @8.448s 4%: 0.060+0.49+0.047 ms clock, 1.2+0.27/0.63/0.068+0.94 ms cpu, 4->5->2 MB, 5 MB goal, 0 MB stacks, 0 MB globals, 20 P
gc 2998 @8.449s 4%: 0.053+0.31+0.076 ms clock, 1.0+0.43/0.64/0+1.5 ms cpu, 4->5->2 MB, 5 MB goal, 0 MB stacks, 0 MB globals, 20 P
gc 2999 @8.450s 4%: 0.067+0.34+0.053 ms clock, 1.3+0.25/0.60/0.087+1.0 ms cpu, 4->5->2 MB, 4 MB goal, 0 MB stacks, 0 MB globals, 20 P
gc 3000 @8.451s 4%: 0.041+0.42+0.066 ms clock, 0.83+0.35/0.65/0.021+1.3 ms cpu, 3->4->2 MB, 4 MB goal, 0 MB stacks, 0 MB globals, 20 P
gc 3001 @8.453s 4%: 0.074+0.62+0.023 ms clock, 1.4+0.25/0.62/0.056+0.46 ms cpu, 4->5->2 MB, 5 MB goal, 0 MB stacks, 0 MB globals, 20 P
gc 3002 @8.454s 4%: 0.047+0.28+0.005 ms clock, 0.95+0.28/0.57/0.031+0.10 ms cpu, 4->5->2 MB, 5 MB goal, 0 MB stacks, 0 MB globals, 20 P
gc 3003 @8.455s 4%: 0.038+0.27+0.073 ms clock, 0.76+0.35/0.56/0.036+1.4 ms cpu, 3->4->2 MB, 4 MB goal, 0 MB stacks, 0 MB globals, 20 P
gc 3004 @8.456s 4%: 0.079+0.34+0.069 ms clock, 1.5+0.28/0.57/0+1.3 ms cpu, 3->4->2 MB, 4 MB goal, 0 MB stacks, 0 MB globals, 20 P
gc 3005 @8.458s 4%: 0.073+0.45+0.035 ms clock, 1.4+0.26/0.62/0.028+0.71 ms cpu, 4->5->2 MB, 4 MB goal, 0 MB stacks, 0 MB globals, 20 P
gc 3006 @8.459s 4%: 0.062+0.45+0.026 ms clock, 1.2+0.40/0.58/0.027+0.52 ms cpu, 4->5->2 MB, 5 MB goal, 0 MB stacks, 0 MB globals, 20 P
gc 3007 @8.460s 4%: 0.055+0.41+0.037 ms clock, 1.1+0.34/0.67/0.019+0.74 ms cpu, 4->5->2 MB, 5 MB goal, 0 MB stacks, 0 MB globals, 20 P
gc 3008 @8.461s 4%: 0.080+0.24+0.067 ms clock, 1.6+0.40/0.52/0.074+1.3 ms cpu, 4->4->2 MB, 5 MB goal, 0 MB stacks, 0 MB globals, 20 P
gc 3009 @8.462s 4%: 0.070+0.53+0.014 ms clock, 1.4+0.48/0.58/0+0.29 ms cpu, 3->5->2 MB, 4 MB goal, 0 MB stacks, 0 MB globals, 20 P
gc 3010 @8.464s 4%: 0.071+0.35+0.048 ms clock, 1.4+0.34/0.64/0.016+0.96 ms cpu, 4->5->2 MB, 5 MB goal, 0 MB stacks, 0 MB globals, 20 P
gc 3011 @8.465s 4%: 0.10+0.39+0.032 ms clock, 2.0+0.27/0.68/0+0.65 ms cpu, 4->5->2 MB, 4 MB goal, 0 MB stacks, 0 MB globals, 20 P
gc 3012 @8.466s 4%: 0.073+0.49+0.042 ms clock, 1.4+0.25/0.73/0.063+0.84 ms cpu, 4->5->2 MB, 5 MB goal, 0 MB stacks, 0 MB globals, 20 P
gc 3013 @8.468s 4%: 0.067+0.34+0.061 ms clock, 1.3+0.23/0.59/0+1.2 ms cpu, 4->5->2 MB, 5 MB goal, 0 MB stacks, 0 MB globals, 20 P
gc 3014 @8.469s 4%: 0.14+0.30+0.076 ms clock, 2.8+0.29/0.67/0+1.5 ms cpu, 4->4->2 MB, 4 MB goal, 0 MB stacks, 0 MB globals, 20 P
gc 3015 @8.470s 4%: 0.081+0.45+0.061 ms clock, 1.6+0.38/0.60/0+1.2 ms cpu, 4->5->2 MB, 5 MB goal, 0 MB stacks, 0 MB globals, 20 P
gc 3016 @8.472s 4%: 0.072+0.38+0.041 ms clock, 1.4+0.31/0.67/0.004+0.83 ms cpu, 4->5->2 MB, 5 MB goal, 0 MB stacks, 0 MB globals, 20 P
gc 3017 @8.473s 4%: 0.040+0.44+0.071 ms clock, 0.80+0.38/0.62/0.004+1.4 ms cpu, 4->4->2 MB, 4 MB goal, 0 MB stacks, 0 MB globals, 20 P
gc 3018 @8.474s 4%: 0.077+0.46+0.077 ms clock, 1.5+0.23/0.55/0.019+1.5 ms cpu, 4->5->2 MB, 4 MB goal, 0 MB stacks, 0 MB globals, 20 P
gc 3019 @8.475s 4%: 0.065+0.43+0.074 ms clock, 1.3+0.14/0.66/0.039+1.4 ms cpu, 4->5->2 MB, 5 MB goal, 0 MB stacks, 0 MB globals, 20 P
gc 3020 @8.477s 4%: 0.063+0.35+0.062 ms clock, 1.2+0.33/0.58/0.040+1.2 ms cpu, 4->5->2 MB, 5 MB goal, 0 MB stacks, 0 MB globals, 20 P
gc 3021 @8.478s 4%: 0.072+0.22+0.018 ms clock, 1.4+0.36/0.62/0.097+0.37 ms cpu, 4->4->2 MB, 4 MB goal, 0 MB stacks, 0 MB globals, 20 P
gc 3022 @8.478s 4%: 0.083+0.37+0.075 ms clock, 1.6+0.30/0.56/0.045+1.5 ms cpu, 3->4->2 MB, 4 MB goal, 0 MB stacks, 0 MB globals, 20 P
gc 3023 @8.479s 4%: 0.081+0.42+0.068 ms clock, 1.6+0.31/0.58/0.070+1.3 ms cpu, 3->4->2 MB, 4 MB goal, 0 MB stacks, 0 MB globals, 20 P
gc 3024 @8.481s 4%: 0.095+0.33+0.071 ms clock, 1.9+0.31/0.65/0+1.4 ms cpu, 4->5->2 MB, 5 MB goal, 0 MB stacks, 0 MB globals, 20 P
gc 3025 @8.482s 4%: 0.037+0.35+0.029 ms clock, 0.75+0.32/0.66/0.032+0.58 ms cpu, 4->4->2 MB, 4 MB goal, 0 MB stacks, 0 MB globals, 20 P
gc 3026 @8.483s 4%: 0.10+0.27+0.068 ms clock, 2.1+0.35/0.63/0.028+1.3 ms cpu, 3->4->2 MB, 4 MB goal, 0 MB stacks, 0 MB globals, 20 P
gc 3027 @8.484s 4%: 0.069+0.62+0.024 ms clock, 1.3+0.29/0.69/0+0.48 ms cpu, 3->4->2 MB, 4 MB goal, 0 MB stacks, 0 MB globals, 20 P
gc 3028 @8.485s 4%: 0.042+0.41+0.050 ms clock, 0.84+0.27/0.62/0.014+1.0 ms cpu, 4->5->2 MB, 5 MB goal, 0 MB stacks, 0 MB globals, 20 P
gc 3029 @8.487s 4%: 0.11+0.52+0.058 ms clock, 2.2+0.31/0.64/0.023+1.1 ms cpu, 4->5->2 MB, 4 MB goal, 0 MB stacks, 0 MB globals, 20 P
gc 3030 @8.488s 4%: 0.028+0.38+0.10 ms clock, 0.56+0.28/0.50/0.061+2.0 ms cpu, 4->5->2 MB, 5 MB goal, 0 MB stacks, 0 MB globals, 20 P
gc 3031 @8.489s 4%: 0.068+0.36+0.074 ms clock, 1.3+0.31/0.62/0+1.4 ms cpu, 4->5->2 MB, 4 MB goal, 0 MB stacks, 0 MB globals, 20 P
gc 3032 @8.490s 4%: 0.034+0.30+0.066 ms clock, 0.68+0.32/0.57/0.028+1.3 ms cpu, 4->4->2 MB, 5 MB goal, 0 MB stacks, 0 MB globals, 20 P
gc 3033 @8.492s 4%: 0.040+0.42+0.018 ms clock, 0.80+0.38/0.62/0+0.36 ms cpu, 4->5->2 MB, 4 MB goal, 0 MB stacks, 0 MB globals, 20 P
gc 3034 @8.493s 4%: 0.068+0.34+0.067 ms clock, 1.3+0.29/0.62/0+1.3 ms cpu, 4->5->2 MB, 5 MB goal, 0 MB stacks, 0 MB globals, 20 P
gc 3035 @8.494s 4%: 0.050+0.33+0.067 ms clock, 1.0+0.33/0.54/0.050+1.3 ms cpu, 4->5->2 MB, 5 MB goal, 0 MB stacks, 0 MB globals, 20 P
gc 3036 @8.496s 4%: 0.059+0.65+0.035 ms clock, 1.1+0.29/0.73/0+0.71 ms cpu, 4->5->2 MB, 5 MB goal, 0 MB stacks, 0 MB globals, 20 P
gc 3037 @8.497s 4%: 0.066+0.27+0.062 ms clock, 1.3+0.25/0.65/0.010+1.2 ms cpu, 4->5->2 MB, 5 MB goal, 0 MB stacks, 0 MB globals, 20 P
gc 3038 @8.499s 4%: 0.088+0.30+0.063 ms clock, 1.7+0.24/0.62/0+1.2 ms cpu, 4->4->2 MB, 4 MB goal, 0 MB stacks, 0 MB globals, 20 P
gc 3039 @8.500s 4%: 0.090+0.48+0.022 ms clock, 1.8+0.35/0.68/0+0.45 ms cpu, 4->5->2 MB, 4 MB goal, 0 MB stacks, 0 MB globals, 20 P
gc 3040 @8.501s 4%: 0.054+0.40+0.033 ms clock, 1.0+0.37/0.71/0.004+0.66 ms cpu, 4->5->2 MB, 5 MB goal, 0 MB stacks, 0 MB globals, 20 P
gc 3041 @8.503s 4%: 0.066+0.46+0.074 ms clock, 1.3+0.34/0.66/0+1.4 ms cpu, 4->5->2 MB, 5 MB goal, 0 MB stacks, 0 MB globals, 20 P
gc 3042 @8.504s 4%: 0.066+0.39+0.065 ms clock, 1.3+0.29/0.66/0.014+1.3 ms cpu, 4->5->2 MB, 5 MB goal, 0 MB stacks, 0 MB globals, 20 P
gc 3043 @8.505s 4%: 0.072+0.54+0.080 ms clock, 1.4+0.32/0.71/0.044+1.6 ms cpu, 4->5->2 MB, 5 MB goal, 0 MB stacks, 0 MB globals, 20 P
gc 3044 @8.507s 4%: 0.075+0.35+0.079 ms clock, 1.5+0.29/0.69/0+1.5 ms cpu, 4->5->2 MB, 5 MB goal, 0 MB stacks, 0 MB globals, 20 P
gc 3045 @8.508s 4%: 0.073+0.50+0.030 ms clock, 1.4+0.54/0.52/0.037+0.60 ms cpu, 4->5->2 MB, 4 MB goal, 0 MB stacks, 0 MB globals, 20 P
gc 3046 @8.510s 4%: 0.064+0.39+0.069 ms clock, 1.2+0.33/0.81/0.009+1.3 ms cpu, 4->5->2 MB, 5 MB goal, 0 MB stacks, 0 MB globals, 20 P
gc 3047 @8.511s 4%: 0.048+0.37+0.074 ms clock, 0.97+0.26/0.70/0.009+1.4 ms cpu, 4->4->2 MB, 4 MB goal, 0 MB stacks, 0 MB globals, 20 P
gc 3048 @8.512s 4%: 0.079+0.33+0.045 ms clock, 1.5+0.26/0.60/0.010+0.90 ms cpu, 4->4->2 MB, 4 MB goal, 0 MB stacks, 0 MB globals, 20 P
gc 3049 @8.513s 4%: 0.068+0.28+0.086 ms clock, 1.3+0.31/0.65/0+1.7 ms cpu, 3->4->2 MB, 4 MB goal, 0 MB stacks, 0 MB globals, 20 P
gc 3050 @8.514s 4%: 0.092+0.45+0.018 ms clock, 1.8+0.37/0.62/0.006+0.36 ms cpu, 3->4->2 MB, 4 MB goal, 0 MB stacks, 0 MB globals, 20 P
gc 3051 @8.516s 4%: 0.065+0.34+0.053 ms clock, 1.3+0.26/0.69/0+1.0 ms cpu, 4->5->2 MB, 5 MB goal, 0 MB stacks, 0 MB globals, 20 P
gc 3052 @8.517s 4%: 0.083+0.32+0.086 ms clock, 1.6+0.33/0.65/0.024+1.7 ms cpu, 4->4->2 MB, 4 MB goal, 0 MB stacks, 0 MB globals, 20 P
gc 3053 @8.518s 4%: 0.079+0.33+0.015 ms clock, 1.5+0.40/0.59/0.008+0.31 ms cpu, 3->4->2 MB, 4 MB goal, 0 MB stacks, 0 MB globals, 20 P
gc 3054 @8.519s 4%: 0.033+0.29+0.052 ms clock, 0.67+0.24/0.66/0.012+1.0 ms cpu, 4->4->2 MB, 4 MB goal, 0 MB stacks, 0 MB globals, 20 P
gc 3055 @8.520s 4%: 0.081+0.62+0.057 ms clock, 1.6+0.40/0.74/0.008+1.1 ms cpu, 3->5->2 MB, 4 MB goal, 0 MB stacks, 0 MB globals, 20 P
gc 3056 @8.521s 4%: 0.071+0.27+0.067 ms clock, 1.4+0.33/0.58/0.005+1.3 ms cpu, 4->5->2 MB, 5 MB goal, 0 MB stacks, 0 MB globals, 20 P
gc 3057 @8.522s 4%: 0.083+0.28+0.081 ms clock, 1.6+0.22/0.70/0.014+1.6 ms cpu, 4->4->2 MB, 4 MB goal, 0 MB stacks, 0 MB globals, 20 P
gc 3058 @8.523s 4%: 0.086+0.27+0.057 ms clock, 1.7+0.35/0.59/0.017+1.1 ms cpu, 3->4->2 MB, 4 MB goal, 0 MB stacks, 0 MB globals, 20 P
gc 3059 @8.524s 4%: 0.069+0.35+0.074 ms clock, 1.3+0.37/0.58/0.037+1.4 ms cpu, 3->5->2 MB, 4 MB goal, 0 MB stacks, 0 MB globals, 20 P
gc 3060 @8.526s 4%: 0.090+0.53+0.053 ms clock, 1.8+0.28/0.63/0.006+1.0 ms cpu, 4->5->2 MB, 5 MB goal, 0 MB stacks, 0 MB globals, 20 P
gc 3061 @8.527s 4%: 0.044+0.64+0.068 ms clock, 0.88+0.18/0.75/0.009+1.3 ms cpu, 4->5->2 MB, 5 MB goal, 0 MB stacks, 0 MB globals, 20 P
gc 3062 @8.529s 4%: 0.089+0.31+0.038 ms clock, 1.7+0.33/0.74/0.004+0.76 ms cpu, 4->5->2 MB, 5 MB goal, 0 MB stacks, 0 MB globals, 20 P
gc 3063 @8.530s 4%: 0.073+0.47+0.055 ms clock, 1.4+0.30/0.71/0+1.1 ms cpu, 4->4->2 MB, 4 MB goal, 0 MB stacks, 0 MB globals, 20 P
gc 3064 @8.531s 4%: 0.086+0.58+0.056 ms clock, 1.7+0.37/0.67/0+1.1 ms cpu, 4->5->2 MB, 4 MB goal, 0 MB stacks, 0 MB globals, 20 P
gc 3065 @8.533s 4%: 0.025+0.38+0.070 ms clock, 0.51+0.24/0.68/0.001+1.4 ms cpu, 4->5->2 MB, 5 MB goal, 0 MB stacks, 0 MB globals, 20 P
gc 3066 @8.534s 4%: 0.061+0.51+0.026 ms clock, 1.2+0.33/0.69/0.046+0.52 ms cpu, 4->5->2 MB, 4 MB goal, 0 MB stacks, 0 MB globals, 20 P
gc 3067 @8.535s 4%: 0.066+0.45+0.065 ms clock, 1.3+0.37/0.60/0+1.3 ms cpu, 4->5->2 MB, 5 MB goal, 0 MB stacks, 0 MB globals, 20 P
gc 3068 @8.537s 4%: 0.058+0.32+0.050 ms clock, 1.1+0.21/0.66/0.026+1.0 ms cpu, 4->4->2 MB, 4 MB goal, 0 MB stacks, 0 MB globals, 20 P
gc 3069 @8.537s 4%: 0.051+0.52+0.072 ms clock, 1.0+0.30/0.79/0.003+1.4 ms cpu, 3->4->2 MB, 4 MB goal, 0 MB stacks, 0 MB globals, 20 P
gc 3070 @8.539s 4%: 0.036+0.31+0.071 ms clock, 0.73+0.29/0.63/0.039+1.4 ms cpu, 4->5->2 MB, 5 MB goal, 0 MB stacks, 0 MB globals, 20 P
gc 3071 @8.540s 4%: 0.058+0.48+0.044 ms clock, 1.1+0.27/0.53/0.18+0.88 ms cpu, 4->5->2 MB, 4 MB goal, 0 MB stacks, 0 MB globals, 20 P
gc 3072 @8.541s 4%: 0.081+0.37+0.051 ms clock, 1.6+0.44/0.71/0.021+1.0 ms cpu, 4->5->2 MB, 5 MB goal, 0 MB stacks, 0 MB globals, 20 P
gc 3073 @8.543s 4%: 0.080+0.32+0.077 ms clock, 1.6+0.35/0.57/0+1.5 ms cpu, 4->5->2 MB, 5 MB goal, 0 MB stacks, 0 MB globals, 20 P
gc 3074 @8.544s 4%: 0.078+0.51+0.009 ms clock, 1.5+0.22/0.67/0.035+0.18 ms cpu, 4->4->2 MB, 4 MB goal, 0 MB stacks, 0 MB globals, 20 P
gc 3075 @8.545s 4%: 0.071+0.38+0.030 ms clock, 1.4+0.30/0.59/0.061+0.61 ms cpu, 4->5->2 MB, 5 MB goal, 0 MB stacks, 0 MB globals, 20 P
gc 3076 @8.546s 4%: 0.086+0.42+0.041 ms clock, 1.7+0.26/0.58/0.012+0.83 ms cpu, 4->5->2 MB, 4 MB goal, 0 MB stacks, 0 MB globals, 20 P
gc 3077 @8.548s 4%: 0.067+0.39+0.069 ms clock, 1.3+0.35/0.59/0+1.3 ms cpu, 4->5->2 MB, 4 MB goal, 0 MB stacks, 0 MB globals, 20 P
gc 3078 @8.549s 4%: 0.061+0.36+0.035 ms clock, 1.2+0.22/0.61/0.003+0.71 ms cpu, 4->5->2 MB, 5 MB goal, 0 MB stacks, 0 MB globals, 20 P
gc 3079 @8.550s 4%: 0.066+0.39+0.082 ms clock, 1.3+0.29/0.63/0.10+1.6 ms cpu, 4->5->2 MB, 5 MB goal, 0 MB stacks, 0 MB globals, 20 P
gc 3080 @8.552s 4%: 0.095+0.37+0.014 ms clock, 1.9+0.35/0.55/0.011+0.29 ms cpu, 4->5->2 MB, 5 MB goal, 0 MB stacks, 0 MB globals, 20 P
gc 3081 @8.553s 4%: 0.029+0.42+0.021 ms clock, 0.59+0.21/0.63/0.077+0.43 ms cpu, 4->5->2 MB, 5 MB goal, 0 MB stacks, 0 MB globals, 20 P
gc 3082 @8.555s 4%: 0.10+0.29+0.059 ms clock, 2.0+0.28/0.72/0.001+1.1 ms cpu, 4->4->2 MB, 4 MB goal, 0 MB stacks, 0 MB globals, 20 P
gc 3083 @8.556s 4%: 0.052+0.20+0.081 ms clock, 1.0+0.46/0.44/0.070+1.6 ms cpu, 4->4->2 MB, 4 MB goal, 0 MB stacks, 0 MB globals, 20 P
gc 3084 @8.557s 4%: 0.073+0.43+0.080 ms clock, 1.4+0.15/0.63/0.061+1.6 ms cpu, 3->4->2 MB, 4 MB goal, 0 MB stacks, 0 MB globals, 20 P
gc 3085 @8.558s 4%: 0.038+0.41+0.071 ms clock, 0.76+0.31/0.65/0+1.4 ms cpu, 3->4->2 MB, 4 MB goal, 0 MB stacks, 0 MB globals, 20 P
gc 3086 @8.560s 4%: 0.079+0.36+0.098 ms clock, 1.5+0.36/0.63/0.007+1.9 ms cpu, 4->5->2 MB, 4 MB goal, 0 MB stacks, 0 MB globals, 20 P
gc 3087 @8.561s 4%: 0.021+0.24+0.033 ms clock, 0.43+0.10/0.56/0.18+0.66 ms cpu, 4->5->2 MB, 5 MB goal, 0 MB stacks, 0 MB globals, 20 P
gc 3088 @8.562s 4%: 0.080+0.57+0.065 ms clock, 1.6+0.32/0.71/0+1.3 ms cpu, 3->4->2 MB, 4 MB goal, 0 MB stacks, 0 MB globals, 20 P
gc 3089 @8.563s 4%: 0.061+0.34+0.034 ms clock, 1.2+0.35/0.72/0+0.69 ms cpu, 4->5->2 MB, 5 MB goal, 0 MB stacks, 0 MB globals, 20 P
gc 3090 @8.565s 4%: 0.055+0.44+0.006 ms clock, 1.1+0.36/0.54/0+0.13 ms cpu, 4->5->2 MB, 5 MB goal, 0 MB stacks, 0 MB globals, 20 P
gc 3091 @8.566s 4%: 0.068+0.39+0.042 ms clock, 1.3+0.26/0.62/0.033+0.84 ms cpu, 4->4->2 MB, 5 MB goal, 0 MB stacks, 0 MB globals, 20 P
gc 3092 @8.567s 4%: 0.089+0.37+0.035 ms clock, 1.7+0.31/0.59/0.030+0.70 ms cpu, 4->5->2 MB, 4 MB goal, 0 MB stacks, 0 MB globals, 20 P
gc 3093 @8.569s 4%: 0.047+0.32+0.047 ms clock, 0.95+0.15/0.61/0.002+0.94 ms cpu, 4->5->2 MB, 5 MB goal, 0 MB stacks, 0 MB globals, 20 P
gc 3094 @8.570s 4%: 0.071+0.46+0.031 ms clock, 1.4+0.31/0.57/0.034+0.63 ms cpu, 4->5->2 MB, 4 MB goal, 0 MB stacks, 0 MB globals, 20 P
gc 3095 @8.572s 4%: 0.049+0.36+0.068 ms clock, 0.98+0.28/0.60/0+1.3 ms cpu, 4->5->2 MB, 5 MB goal, 0 MB stacks, 0 MB globals, 20 P
gc 3096 @8.573s 4%: 0.086+0.50+0.047 ms clock, 1.7+0.40/0.55/0.032+0.94 ms cpu, 4->5->2 MB, 5 MB goal, 0 MB stacks, 0 MB globals, 20 P
gc 3097 @8.575s 4%: 0.071+0.43+0.061 ms clock, 1.4+0.33/0.60/0.030+1.2 ms cpu, 4->5->2 MB, 5 MB goal, 0 MB stacks, 0 MB globals, 20 P
gc 3098 @8.576s 4%: 0.066+0.43+0.074 ms clock, 1.3+0.21/0.73/0+1.4 ms cpu, 4->5->2 MB, 5 MB goal, 0 MB stacks, 0 MB globals, 20 P
gc 3099 @8.577s 4%: 0.073+0.51+0.020 ms clock, 1.4+0.42/0.70/0.022+0.40 ms cpu, 4->5->2 MB, 5 MB goal, 0 MB stacks, 0 MB globals, 20 P
gc 3100 @8.579s 4%: 0.063+0.24+0.053 ms clock, 1.2+0.29/0.62/0+1.0 ms cpu, 4->5->2 MB, 5 MB goal, 0 MB stacks, 0 MB globals, 20 P
gc 3101 @8.580s 4%: 0.030+0.41+0.068 ms clock, 0.61+0.44/0.57/0.050+1.3 ms cpu, 3->4->2 MB, 4 MB goal, 0 MB stacks, 0 MB globals, 20 P
gc 3102 @8.581s 4%: 0.058+0.33+0.023 ms clock, 1.1+0.26/0.67/0.022+0.46 ms cpu, 4->4->2 MB, 4 MB goal, 0 MB stacks, 0 MB globals, 20 P
gc 3103 @8.582s 4%: 0.072+0.32+0.021 ms clock, 1.4+0.22/0.63/0.036+0.43 ms cpu, 3->5->2 MB, 4 MB goal, 0 MB stacks, 0 MB globals, 20 P
gc 3104 @8.584s 4%: 0.032+0.43+0.069 ms clock, 0.64+0.14/0.69/0.16+1.3 ms cpu, 4->5->2 MB, 4 MB goal, 0 MB stacks, 0 MB globals, 20 P
gc 3105 @8.585s 4%: 0.049+0.27+0.085 ms clock, 0.99+0.30/0.59/0.030+1.7 ms cpu, 4->4->2 MB, 4 MB goal, 0 MB stacks, 0 MB globals, 20 P
gc 3106 @8.586s 4%: 0.081+0.47+0.055 ms clock, 1.6+0.36/0.75/0.036+1.1 ms cpu, 3->4->2 MB, 4 MB goal, 0 MB stacks, 0 MB globals, 20 P
gc 3107 @8.587s 4%: 0.056+0.43+0.063 ms clock, 1.1+0.27/0.68/0.019+1.2 ms cpu, 4->5->2 MB, 5 MB goal, 0 MB stacks, 0 MB globals, 20 P
gc 3108 @8.588s 4%: 0.084+0.38+0.057 ms clock, 1.6+0.26/0.63/0+1.1 ms cpu, 4->5->2 MB, 5 MB goal, 0 MB stacks, 0 MB globals, 20 P
gc 3109 @8.590s 4%: 0.071+0.35+0.089 ms clock, 1.4+0.28/0.59/0.16+1.7 ms cpu, 4->5->2 MB, 4 MB goal, 0 MB stacks, 0 MB globals, 20 P
gc 3110 @8.591s 4%: 0.073+0.34+0.089 ms clock, 1.4+0.31/0.65/0+1.7 ms cpu, 4->4->2 MB, 5 MB goal, 0 MB stacks, 0 MB globals, 20 P
gc 3111 @8.592s 4%: 0.11+0.35+0.067 ms clock, 2.3+0.20/0.66/0.10+1.3 ms cpu, 4->4->2 MB, 4 MB goal, 0 MB stacks, 0 MB globals, 20 P
gc 3112 @8.593s 4%: 0.062+0.19+0.018 ms clock, 1.2+0.16/0.59/0.11+0.37 ms cpu, 4->4->1 MB, 5 MB goal, 0 MB stacks, 0 MB globals, 20 P
gc 3113 @8.594s 4%: 0.043+0.28+0.079 ms clock, 0.86+0.26/0.71/0.014+1.5 ms cpu, 3->4->2 MB, 4 MB goal, 0 MB stacks, 0 MB globals, 20 P
gc 3114 @8.595s 4%: 0.053+0.23+0.076 ms clock, 1.0+0.32/0.58/0.030+1.5 ms cpu, 3->4->1 MB, 4 MB goal, 0 MB stacks, 0 MB globals, 20 P
gc 3115 @8.596s 4%: 0.072+0.27+0.059 ms clock, 1.4+0.26/0.66/0.017+1.1 ms cpu, 3->4->2 MB, 4 MB goal, 0 MB stacks, 0 MB globals, 20 P
gc 3116 @8.597s 4%: 0.065+0.51+0.078 ms clock, 1.3+0.39/0.59/0.017+1.5 ms cpu, 3->4->2 MB, 4 MB goal, 0 MB stacks, 0 MB globals, 20 P
gc 3117 @8.599s 4%: 0.074+0.31+0.021 ms clock, 1.4+0.21/0.70/0+0.42 ms cpu, 4->5->2 MB, 5 MB goal, 0 MB stacks, 0 MB globals, 20 P
gc 3118 @8.600s 4%: 0.057+0.39+0.047 ms clock, 1.1+0.18/0.63/0.076+0.95 ms cpu, 3->5->2 MB, 4 MB goal, 0 MB stacks, 0 MB globals, 20 P
gc 3119 @8.602s 4%: 0.073+0.47+0.041 ms clock, 1.4+0.41/0.59/0.054+0.82 ms cpu, 4->5->2 MB, 4 MB goal, 0 MB stacks, 0 MB globals, 20 P
gc 3120 @8.603s 4%: 0.078+0.36+0.057 ms clock, 1.5+0.42/0.59/0.11+1.1 ms cpu, 4->5->2 MB, 5 MB goal, 0 MB stacks, 0 MB globals, 20 P
gc 3121 @8.605s 4%: 0.049+0.32+0.054 ms clock, 0.99+0.42/0.67/0.009+1.0 ms cpu, 4->5->2 MB, 4 MB goal, 0 MB stacks, 0 MB globals, 20 P
gc 3122 @8.606s 4%: 0.076+0.27+0.089 ms clock, 1.5+0.28/0.63/0+1.7 ms cpu, 4->4->2 MB, 5 MB goal, 0 MB stacks, 0 MB globals, 20 P
gc 3123 @8.607s 4%: 0.091+0.36+0.036 ms clock, 1.8+0.38/0.63/0.014+0.73 ms cpu, 4->4->2 MB, 4 MB goal, 0 MB stacks, 0 MB globals, 20 P
gc 3124 @8.608s 4%: 0.020+0.40+0.061 ms clock, 0.40+0.10/0.67/0.041+1.2 ms cpu, 4->4->2 MB, 4 MB goal, 0 MB stacks, 0 MB globals, 20 P
gc 3125 @8.609s 4%: 0.052+0.33+0.071 ms clock, 1.0+0.32/0.62/0.044+1.4 ms cpu, 4->5->2 MB, 4 MB goal, 0 MB stacks, 0 MB globals, 20 P
gc 3126 @8.611s 4%: 0.075+0.28+0.077 ms clock, 1.5+0.34/0.56/0.054+1.5 ms cpu, 3->4->2 MB, 4 MB goal, 0 MB stacks, 0 MB globals, 20 P
gc 3127 @8.612s 4%: 0.084+0.53+0.021 ms clock, 1.6+0.20/0.65/0+0.43 ms cpu, 4->4->2 MB, 4 MB goal, 0 MB stacks, 0 MB globals, 20 P
gc 3128 @8.613s 4%: 0.033+0.30+0.086 ms clock, 0.67+0.29/0.71/0.016+1.7 ms cpu, 4->5->2 MB, 5 MB goal, 0 MB stacks, 0 MB globals, 20 P
gc 3129 @8.614s 4%: 0.044+0.40+0.042 ms clock, 0.88+0.24/0.67/0+0.84 ms cpu, 4->5->2 MB, 4 MB goal, 0 MB stacks, 0 MB globals, 20 P
gc 3130 @8.616s 4%: 0.076+0.33+0.076 ms clock, 1.5+0.37/0.50/0.038+1.5 ms cpu, 4->5->2 MB, 5 MB goal, 0 MB stacks, 0 MB globals, 20 P
gc 3131 @8.617s 4%: 0.058+0.46+0.060 ms clock, 1.1+0.45/0.57/0.001+1.2 ms cpu, 4->5->2 MB, 4 MB goal, 0 MB stacks, 0 MB globals, 20 P
gc 3132 @8.618s 4%: 0.024+0.37+0.066 ms clock, 0.48+0.31/0.53/0.016+1.3 ms cpu, 4->5->2 MB, 5 MB goal, 0 MB stacks, 0 MB globals, 20 P
gc 3133 @8.619s 4%: 0.086+0.29+0.040 ms clock, 1.7+0.39/0.61/0+0.80 ms cpu, 3->4->2 MB, 4 MB goal, 0 MB stacks, 0 MB globals, 20 P
gc 3134 @8.620s 4%: 0.065+0.58+0.017 ms clock, 1.3+0.31/0.76/0.012+0.35 ms cpu, 3->4->2 MB, 4 MB goal, 0 MB stacks, 0 MB globals, 20 P
gc 3135 @8.622s 4%: 0.059+0.44+0.023 ms clock, 1.1+0.40/0.56/0.070+0.47 ms cpu, 4->5->2 MB, 5 MB goal, 0 MB stacks, 0 MB globals, 20 P
gc 3136 @8.623s 4%: 0.044+0.38+0.081 ms clock, 0.89+0.29/0.57/0.030+1.6 ms cpu, 4->5->2 MB, 5 MB goal, 0 MB stacks, 0 MB globals, 20 P
gc 3137 @8.624s 4%: 0.052+0.32+0.069 ms clock, 1.0+0.34/0.57/0.005+1.3 ms cpu, 4->4->1 MB, 5 MB goal, 0 MB stacks, 0 MB globals, 20 P
gc 3138 @8.625s 4%: 0.072+0.57+0.037 ms clock, 1.4+0.47/0.63/0+0.74 ms cpu, 3->4->2 MB, 4 MB goal, 0 MB stacks, 0 MB globals, 20 P
gc 3139 @8.627s 4%: 0.065+0.53+0.011 ms clock, 1.3+0.27/0.63/0.019+0.22 ms cpu, 4->5->2 MB, 5 MB goal, 0 MB stacks, 0 MB globals, 20 P
gc 3140 @8.628s 4%: 0.027+0.66+0.028 ms clock, 0.54+0.21/0.51/0.25+0.57 ms cpu, 4->5->2 MB, 5 MB goal, 0 MB stacks, 0 MB globals, 20 P
gc 3141 @8.630s 4%: 0.072+0.43+0.082 ms clock, 1.4+0.34/0.63/0+1.6 ms cpu, 4->5->2 MB, 5 MB goal, 0 MB stacks, 0 MB globals, 20 P
gc 3142 @8.631s 4%: 0.059+0.37+0.035 ms clock, 1.1+0.29/0.66/0.004+0.71 ms cpu, 4->5->2 MB, 5 MB goal, 0 MB stacks, 0 MB globals, 20 P
gc 3143 @8.633s 4%: 0.065+0.39+0.014 ms clock, 1.3+0.27/0.65/0.053+0.29 ms cpu, 4->4->2 MB, 5 MB goal, 0 MB stacks, 0 MB globals, 20 P
gc 3144 @8.634s 4%: 0.055+0.34+0.079 ms clock, 1.1+0.35/0.67/0.042+1.5 ms cpu, 3->4->2 MB, 4 MB goal, 0 MB stacks, 0 MB globals, 20 P
gc 3145 @8.635s 4%: 0.050+0.40+0.062 ms clock, 1.0+0.46/0.64/0+1.2 ms cpu, 4->5->2 MB, 4 MB goal, 0 MB stacks, 0 MB globals, 20 P
gc 3146 @8.637s 4%: 0.063+0.30+0.027 ms clock, 1.2+0.36/0.54/0+0.55 ms cpu, 4->5->2 MB, 5 MB goal, 0 MB stacks, 0 MB globals, 20 P
gc 3147 @8.638s 4%: 0.055+0.42+0.036 ms clock, 1.1+0.45/0.70/0.004+0.72 ms cpu, 4->5->2 MB, 4 MB goal, 0 MB stacks, 0 MB globals, 20 P
gc 3148 @8.639s 4%: 0.086+0.45+0.042 ms clock, 1.7+0.26/0.56/0.048+0.85 ms cpu, 4->5->2 MB, 5 MB goal, 0 MB stacks, 0 MB globals, 20 P
gc 3149 @8.641s 4%: 0.057+0.48+0.034 ms clock, 1.1+0.31/0.71/0.003+0.69 ms cpu, 4->5->2 MB, 5 MB goal, 0 MB stacks, 0 MB globals, 20 P
gc 3150 @8.642s 4%: 0.097+0.45+0.071 ms clock, 1.9+0.38/0.68/0+1.4 ms cpu, 4->5->2 MB, 5 MB goal, 0 MB stacks, 0 MB globals, 20 P
gc 3151 @8.644s 4%: 0.040+0.55+0.086 ms clock, 0.81+0.20/0.71/0.002+1.7 ms cpu, 4->5->2 MB, 5 MB goal, 0 MB stacks, 0 MB globals, 20 P
gc 3152 @8.645s 4%: 0.049+0.36+0.099 ms clock, 0.98+0.23/0.68/0+1.9 ms cpu, 4->5->2 MB, 5 MB goal, 0 MB stacks, 0 MB globals, 20 P
gc 3153 @8.647s 4%: 0.085+0.56+0.067 ms clock, 1.7+0.22/0.75/0+1.3 ms cpu, 4->5->2 MB, 5 MB goal, 0 MB stacks, 0 MB globals, 20 P
gc 3154 @8.648s 4%: 0.056+0.39+0.020 ms clock, 1.1+0.24/0.63/0.003+0.41 ms cpu, 4->5->2 MB, 5 MB goal, 0 MB stacks, 0 MB globals, 20 P
gc 3155 @8.650s 4%: 0.068+0.27+0.062 ms clock, 1.3+0.31/0.62/0.065+1.2 ms cpu, 4->5->2 MB, 5 MB goal, 0 MB stacks, 0 MB globals, 20 P
gc 3156 @8.651s 4%: 0.061+0.70+0.019 ms clock, 1.2+0.40/0.57/0.014+0.38 ms cpu, 4->5->2 MB, 4 MB goal, 0 MB stacks, 0 MB globals, 20 P
gc 3157 @8.652s 4%: 0.068+0.36+0.070 ms clock, 1.3+0.41/0.61/0.081+1.4 ms cpu, 5->5->2 MB, 6 MB goal, 0 MB stacks, 0 MB globals, 20 P
gc 3158 @8.654s 4%: 0.076+0.71+0.070 ms clock, 1.5+0.44/0.59/0.025+1.4 ms cpu, 4->5->2 MB, 4 MB goal, 0 MB stacks, 0 MB globals, 20 P
gc 3159 @8.656s 4%: 0.077+0.49+0.041 ms clock, 1.5+0.26/0.59/0.021+0.83 ms cpu, 5->6->2 MB, 5 MB goal, 0 MB stacks, 0 MB globals, 20 P
gc 3160 @8.657s 4%: 0.067+0.39+0.066 ms clock, 1.3+0.37/0.56/0.015+1.3 ms cpu, 4->5->2 MB, 5 MB goal, 0 MB stacks, 0 MB globals, 20 P
gc 3161 @8.659s 4%: 0.093+0.28+0.065 ms clock, 1.8+0.20/0.68/0.002+1.3 ms cpu, 4->5->2 MB, 5 MB goal, 0 MB stacks, 0 MB globals, 20 P
gc 3162 @8.660s 4%: 0.081+0.38+0.064 ms clock, 1.6+0.33/0.58/0.029+1.2 ms cpu, 4->4->2 MB, 5 MB goal, 0 MB stacks, 0 MB globals, 20 P
gc 3163 @8.661s 4%: 0.074+0.39+0.091 ms clock, 1.4+0.28/0.58/0+1.8 ms cpu, 4->4->2 MB, 4 MB goal, 0 MB stacks, 0 MB globals, 20 P
gc 3164 @8.663s 4%: 0.087+0.44+0.056 ms clock, 1.7+0.21/0.60/0.028+1.1 ms cpu, 4->5->2 MB, 5 MB goal, 0 MB stacks, 0 MB globals, 20 P
gc 3165 @8.664s 4%: 0.065+0.33+0.022 ms clock, 1.3+0.19/0.67/0+0.44 ms cpu, 4->4->2 MB, 4 MB goal, 0 MB stacks, 0 MB globals, 20 P
gc 3166 @8.665s 5%: 0.075+0.25+0.071 ms clock, 1.5+0.38/0.59/0.074+1.4 ms cpu, 4->4->2 MB, 4 MB goal, 0 MB stacks, 0 MB globals, 20 P
gc 3167 @8.666s 5%: 0.090+0.36+0.052 ms clock, 1.8+0.31/0.67/0+1.0 ms cpu, 3->4->2 MB, 4 MB goal, 0 MB stacks, 0 MB globals, 20 P
gc 3168 @8.667s 5%: 0.11+0.33+0.044 ms clock, 2.2+0.26/0.61/0.040+0.88 ms cpu, 4->4->2 MB, 4 MB goal, 0 MB stacks, 0 MB globals, 20 P
gc 3169 @8.669s 5%: 0.066+0.44+0.073 ms clock, 1.3+0.14/0.77/0.003+1.4 ms cpu, 4->5->2 MB, 4 MB goal, 0 MB stacks, 0 MB globals, 20 P
gc 3170 @8.670s 5%: 0.087+0.41+0.066 ms clock, 1.7+0.25/0.57/0.045+1.3 ms cpu, 4->5->2 MB, 4 MB goal, 0 MB stacks, 0 MB globals, 20 P
gc 3171 @8.672s 5%: 0.086+0.29+0.069 ms clock, 1.7+0.30/0.69/0.022+1.3 ms cpu, 4->4->2 MB, 5 MB goal, 0 MB stacks, 0 MB globals, 20 P
gc 3172 @8.673s 5%: 0.080+0.30+0.065 ms clock, 1.6+0.32/0.52/0.044+1.3 ms cpu, 3->4->2 MB, 4 MB goal, 0 MB stacks, 0 MB globals, 20 P
gc 3173 @8.674s 5%: 0.038+0.32+0.083 ms clock, 0.77+0.32/0.56/0.11+1.6 ms cpu, 3->4->2 MB, 4 MB goal, 0 MB stacks, 0 MB globals, 20 P
gc 3174 @8.675s 5%: 0.044+0.31+0.049 ms clock, 0.89+0.26/0.58/0.16+0.99 ms cpu, 4->4->2 MB, 4 MB goal, 0 MB stacks, 0 MB globals, 20 P
gc 3175 @8.676s 5%: 0.056+0.35+0.042 ms clock, 1.1+0.36/0.67/0.027+0.85 ms cpu, 3->4->2 MB, 4 MB goal, 0 MB stacks, 0 MB globals, 20 P
gc 3176 @8.678s 5%: 0.075+0.36+0.041 ms clock, 1.5+0.31/0.56/0.003+0.82 ms cpu, 4->4->2 MB, 4 MB goal, 0 MB stacks, 0 MB globals, 20 P
gc 3177 @8.679s 5%: 0.080+0.45+0.040 ms clock, 1.6+0.29/0.58/0+0.80 ms cpu, 4->5->2 MB, 4 MB goal, 0 MB stacks, 0 MB globals, 20 P
gc 3178 @8.681s 5%: 0.080+0.42+0.044 ms clock, 1.6+0.23/0.75/0+0.88 ms cpu, 4->5->2 MB, 5 MB goal, 0 MB stacks, 0 MB globals, 20 P
gc 3179 @8.682s 5%: 0.10+0.39+0.026 ms clock, 2.1+0.42/0.51/0+0.52 ms cpu, 4->5->2 MB, 5 MB goal, 0 MB stacks, 0 MB globals, 20 P
gc 3180 @8.683s 5%: 0.065+0.52+0.064 ms clock, 1.3+0.33/0.71/0+1.2 ms cpu, 4->5->2 MB, 5 MB goal, 0 MB stacks, 0 MB globals, 20 P
gc 3181 @8.685s 5%: 0.079+0.43+0.049 ms clock, 1.5+0.27/0.65/0.005+0.98 ms cpu, 4->5->2 MB, 5 MB goal, 0 MB stacks, 0 MB globals, 20 P
gc 3182 @8.686s 5%: 0.072+0.31+0.054 ms clock, 1.4+0.26/0.61/0.057+1.0 ms cpu, 4->4->2 MB, 5 MB goal, 0 MB stacks, 0 MB globals, 20 P
gc 3183 @8.688s 5%: 0.073+0.55+0.077 ms clock, 1.4+0.20/0.73/0.012+1.5 ms cpu, 3->5->2 MB, 4 MB goal, 0 MB stacks, 0 MB globals, 20 P
gc 3184 @8.689s 5%: 0.064+0.36+0.086 ms clock, 1.2+0.33/0.64/0+1.7 ms cpu, 4->5->2 MB, 5 MB goal, 0 MB stacks, 0 MB globals, 20 P
gc 3185 @8.690s 5%: 0.032+0.39+0.006 ms clock, 0.64+0.30/0.73/0.006+0.13 ms cpu, 4->4->2 MB, 4 MB goal, 0 MB stacks, 0 MB globals, 20 P
gc 3186 @8.691s 5%: 0.026+0.37+0.094 ms clock, 0.53+0.33/0.62/0.025+1.8 ms cpu, 4->4->2 MB, 4 MB goal, 0 MB stacks, 0 MB globals, 20 P
gc 3187 @8.692s 5%: 0.057+0.47+0.068 ms clock, 1.1+0.33/0.68/0.045+1.3 ms cpu, 4->5->2 MB, 5 MB goal, 0 MB stacks, 0 MB globals, 20 P
gc 3188 @8.694s 5%: 0.045+0.32+0.053 ms clock, 0.91+0.29/0.59/0.10+1.0 ms cpu, 4->4->2 MB, 4 MB goal, 0 MB stacks, 0 MB globals, 20 P
gc 3189 @8.695s 5%: 0.066+0.34+0.031 ms clock, 1.3+0.31/0.61/0.029+0.63 ms cpu, 4->4->2 MB, 4 MB goal, 0 MB stacks, 0 MB globals, 20 P
gc 3190 @8.696s 5%: 0.055+0.33+0.044 ms clock, 1.1+0.27/0.65/0.019+0.89 ms cpu, 4->4->2 MB, 4 MB goal, 0 MB stacks, 0 MB globals, 20 P
gc 3191 @8.697s 5%: 0.071+0.38+0.080 ms clock, 1.4+0.38/0.58/0+1.6 ms cpu, 4->5->2 MB, 4 MB goal, 0 MB stacks, 0 MB globals, 20 P
gc 3192 @8.698s 5%: 0.088+0.48+0.011 ms clock, 1.7+0.40/0.58/0+0.22 ms cpu, 4->5->2 MB, 5 MB goal, 0 MB stacks, 0 MB globals, 20 P
gc 3193 @8.700s 5%: 0.082+0.35+0.084 ms clock, 1.6+0.30/0.60/0+1.6 ms cpu, 4->5->2 MB, 5 MB goal, 0 MB stacks, 0 MB globals, 20 P
gc 3194 @8.701s 5%: 0.079+0.35+0.071 ms clock, 1.5+0.31/0.61/0.010+1.4 ms cpu, 4->4->2 MB, 4 MB goal, 0 MB stacks, 0 MB globals, 20 P
gc 3195 @8.702s 5%: 0.092+0.46+0.040 ms clock, 1.8+0.29/0.68/0+0.80 ms cpu, 4->5->2 MB, 4 MB goal, 0 MB stacks, 0 MB globals, 20 P
gc 3196 @8.704s 5%: 0.061+0.31+0.076 ms clock, 1.2+0.24/0.68/0.002+1.5 ms cpu, 4->5->2 MB, 5 MB goal, 0 MB stacks, 0 MB globals, 20 P
gc 3197 @8.705s 5%: 0.086+0.49+0.016 ms clock, 1.7+0.28/0.64/0.030+0.32 ms cpu, 4->5->2 MB, 5 MB goal, 0 MB stacks, 0 MB globals, 20 P
gc 3198 @8.706s 5%: 0.071+0.64+0.044 ms clock, 1.4+0.29/0.56/0.059+0.88 ms cpu, 4->5->2 MB, 5 MB goal, 0 MB stacks, 0 MB globals, 20 P
gc 3199 @8.708s 5%: 0.070+1.0+0.020 ms clock, 1.4+0.37/0.58/0.025+0.40 ms cpu, 5->6->3 MB, 5 MB goal, 0 MB stacks, 0 MB globals, 20 P
gc 3200 @8.710s 5%: 0.028+0.53+0.042 ms clock, 0.57+0.36/0.56/0.006+0.85 ms cpu, 5->6->2 MB, 6 MB goal, 0 MB stacks, 0 MB globals, 20 P
gc 3201 @8.711s 5%: 0.036+0.46+0.056 ms clock, 0.72+0.37/0.55/0.026+1.1 ms cpu, 4->5->2 MB, 5 MB goal, 0 MB stacks, 0 MB globals, 20 P
gc 3202 @8.712s 5%: 0.067+0.28+0.069 ms clock, 1.3+0.28/0.66/0.030+1.3 ms cpu, 4->5->2 MB, 5 MB goal, 0 MB stacks, 0 MB globals, 20 P
gc 3203 @8.713s 5%: 0.042+0.28+0.052 ms clock, 0.85+0.23/0.56/0.015+1.0 ms cpu, 3->4->2 MB, 4 MB goal, 0 MB stacks, 0 MB globals, 20 P
gc 3204 @8.715s 5%: 0.027+0.40+0.065 ms clock, 0.54+0.27/0.66/0.019+1.3 ms cpu, 4->5->2 MB, 4 MB goal, 0 MB stacks, 0 MB globals, 20 P
gc 3205 @8.716s 5%: 0.048+0.32+0.072 ms clock, 0.97+0.26/0.56/0.12+1.4 ms cpu, 4->4->2 MB, 5 MB goal, 0 MB stacks, 0 MB globals, 20 P
gc 3206 @8.717s 5%: 0.040+0.37+0.046 ms clock, 0.81+0.28/0.69/0.059+0.92 ms cpu, 4->4->2 MB, 4 MB goal, 0 MB stacks, 0 MB globals, 20 P
gc 3207 @8.718s 5%: 0.064+0.36+0.058 ms clock, 1.2+0.33/0.67/0.037+1.1 ms cpu, 4->5->2 MB, 4 MB goal, 0 MB stacks, 0 MB globals, 20 P
gc 3208 @8.719s 5%: 0.037+0.43+0.071 ms clock, 0.75+0.17/0.66/0.001+1.4 ms cpu, 4->5->2 MB, 5 MB goal, 0 MB stacks, 0 MB globals, 20 P
gc 3209 @8.721s 5%: 0.050+0.39+0.043 ms clock, 1.0+0.28/0.50/0.059+0.86 ms cpu, 4->5->2 MB, 5 MB goal, 0 MB stacks, 0 MB globals, 20 P
gc 3210 @8.722s 5%: 0.084+0.40+0.060 ms clock, 1.6+0.37/0.57/0.006+1.2 ms cpu, 4->5->2 MB, 5 MB goal, 0 MB stacks, 0 MB globals, 20 P
gc 3211 @8.723s 5%: 0.075+0.44+0.023 ms clock, 1.5+0.40/0.62/0.028+0.47 ms cpu, 4->5->2 MB, 5 MB goal, 0 MB stacks, 0 MB globals, 20 P
gc 3212 @8.725s 5%: 0.052+0.37+0.067 ms clock, 1.0+0.35/0.60/0.085+1.3 ms cpu, 4->4->2 MB, 5 MB goal, 0 MB stacks, 0 MB globals, 20 P
gc 3213 @8.726s 5%: 0.056+0.52+0.062 ms clock, 1.1+0.25/0.61/0.020+1.2 ms cpu, 3->5->2 MB, 4 MB goal, 0 MB stacks, 0 MB globals, 20 P
gc 3214 @8.727s 5%: 0.059+0.38+0.068 ms clock, 1.1+0.25/0.64/0.037+1.3 ms cpu, 4->5->2 MB, 5 MB goal, 0 MB stacks, 0 MB globals, 20 P
gc 3215 @8.728s 5%: 0.034+0.39+0.067 ms clock, 0.68+0.40/0.52/0.11+1.3 ms cpu, 4->5->2 MB, 4 MB goal, 0 MB stacks, 0 MB globals, 20 P
gc 3216 @8.729s 5%: 0.071+0.41+0.039 ms clock, 1.4+0.33/0.59/0.13+0.78 ms cpu, 4->4->2 MB, 4 MB goal, 0 MB stacks, 0 MB globals, 20 P
gc 3217 @8.731s 5%: 0.10+0.26+0.077 ms clock, 2.0+0.28/0.63/0+1.5 ms cpu, 4->5->2 MB, 5 MB goal, 0 MB stacks, 0 MB globals, 20 P
gc 3218 @8.732s 5%: 0.069+0.35+0.026 ms clock, 1.3+0.41/0.62/0.051+0.53 ms cpu, 3->4->2 MB, 4 MB goal, 0 MB stacks, 0 MB globals, 20 P
gc 3219 @8.733s 5%: 0.11+0.41+0.029 ms clock, 2.2+0.44/0.54/0.049+0.58 ms cpu, 4->5->2 MB, 4 MB goal, 0 MB stacks, 0 MB globals, 20 P
gc 3220 @8.734s 5%: 0.10+0.36+0.073 ms clock, 2.1+0.40/0.64/0+1.4 ms cpu, 4->5->2 MB, 5 MB goal, 0 MB stacks, 0 MB globals, 20 P
gc 3221 @8.736s 5%: 0.049+0.37+0.013 ms clock, 0.98+0.37/0.65/0.044+0.26 ms cpu, 4->5->2 MB, 5 MB goal, 0 MB stacks, 0 MB globals, 20 P
gc 3222 @8.737s 5%: 0.074+0.27+0.061 ms clock, 1.4+0.29/0.60/0+1.2 ms cpu, 4->4->2 MB, 4 MB goal, 0 MB stacks, 0 MB globals, 20 P
gc 3223 @8.738s 5%: 0.069+0.48+0.091 ms clock, 1.3+0.37/0.69/0.001+1.8 ms cpu, 3->4->2 MB, 4 MB goal, 0 MB stacks, 0 MB globals, 20 P
gc 3224 @8.740s 5%: 0.064+0.50+0.068 ms clock, 1.2+0.31/0.58/0.027+1.3 ms cpu, 4->5->2 MB, 5 MB goal, 0 MB stacks, 0 MB globals, 20 P
gc 3225 @8.741s 5%: 0.059+0.41+0.061 ms clock, 1.1+0.16/0.75/0.009+1.2 ms cpu, 4->5->2 MB, 5 MB goal, 0 MB stacks, 0 MB globals, 20 P
gc 3226 @8.743s 5%: 0.050+0.42+0.063 ms clock, 1.0+0.19/0.61/0.043+1.2 ms cpu, 4->4->2 MB, 4 MB goal, 0 MB stacks, 0 MB globals, 20 P
gc 3227 @8.744s 5%: 0.043+0.46+0.063 ms clock, 0.86+0.50/0.75/0.033+1.2 ms cpu, 3->4->2 MB, 4 MB goal, 0 MB stacks, 0 MB globals, 20 P
gc 3228 @8.745s 5%: 0.067+0.41+0.050 ms clock, 1.3+0.34/0.68/0.023+1.0 ms cpu, 4->5->2 MB, 5 MB goal, 0 MB stacks, 0 MB globals, 20 P
gc 3229 @8.747s 5%: 0.079+0.42+0.053 ms clock, 1.5+0.31/0.70/0.002+1.0 ms cpu, 4->5->2 MB, 5 MB goal, 0 MB stacks, 0 MB globals, 20 P
gc 3230 @8.748s 5%: 0.085+0.29+0.018 ms clock, 1.7+0.31/0.60/0.031+0.37 ms cpu, 4->4->2 MB, 4 MB goal, 0 MB stacks, 0 MB globals, 20 P
gc 3231 @8.749s 5%: 0.070+0.66+0.020 ms clock, 1.4+0.33/0.57/0.006+0.40 ms cpu, 4->5->2 MB, 4 MB goal, 0 MB stacks, 0 MB globals, 20 P
gc 3232 @8.751s 5%: 0.10+0.39+0.047 ms clock, 2.1+0.45/0.53/0.068+0.95 ms cpu, 4->5->2 MB, 5 MB goal, 0 MB stacks, 0 MB globals, 20 P
gc 3233 @8.752s 5%: 0.083+0.33+0.067 ms clock, 1.6+0.28/0.65/0.033+1.3 ms cpu, 4->5->2 MB, 4 MB goal, 0 MB stacks, 0 MB globals, 20 P
gc 3234 @8.753s 5%: 0.065+0.44+0.071 ms clock, 1.3+0.32/0.60/0+1.4 ms cpu, 4->5->2 MB, 4 MB goal, 0 MB stacks, 0 MB globals, 20 P
gc 3235 @8.754s 5%: 0.054+0.24+0.041 ms clock, 1.0+0.41/0.58/0.001+0.83 ms cpu, 4->4->2 MB, 5 MB goal, 0 MB stacks, 0 MB globals, 20 P
gc 3236 @8.755s 5%: 0.092+0.41+0.066 ms clock, 1.8+0.31/0.72/0+1.3 ms cpu, 3->4->2 MB, 4 MB goal, 0 MB stacks, 0 MB globals, 20 P
gc 3237 @8.757s 5%: 0.026+0.40+0.028 ms clock, 0.53+0.037/0.58/0.21+0.57 ms cpu, 4->5->2 MB, 5 MB goal, 0 MB stacks, 0 MB globals, 20 P
gc 3238 @8.758s 5%: 0.051+0.28+0.092 ms clock, 1.0+0.32/0.60/0.013+1.8 ms cpu, 4->4->2 MB, 4 MB goal, 0 MB stacks, 0 MB globals, 20 P
gc 3239 @8.759s 5%: 0.064+0.39+0.048 ms clock, 1.2+0.27/0.70/0.037+0.96 ms cpu, 4->4->2 MB, 4 MB goal, 0 MB stacks, 0 MB globals, 20 P
gc 3240 @8.760s 5%: 0.080+0.39+0.048 ms clock, 1.6+0.26/0.63/0.014+0.97 ms cpu, 4->5->2 MB, 5 MB goal, 0 MB stacks, 0 MB globals, 20 P
gc 3241 @8.762s 5%: 0.076+0.35+0.096 ms clock, 1.5+0.29/0.61/0.027+1.9 ms cpu, 4->5->2 MB, 5 MB goal, 0 MB stacks, 0 MB globals, 20 P
gc 3242 @8.763s 5%: 0.038+0.35+0.055 ms clock, 0.76+0.27/0.64/0+1.1 ms cpu, 4->4->2 MB, 4 MB goal, 0 MB stacks, 0 MB globals, 20 P
gc 3243 @8.764s 5%: 0.079+0.41+0.089 ms clock, 1.5+0.21/0.66/0.001+1.7 ms cpu, 4->4->2 MB, 4 MB goal, 0 MB stacks, 0 MB globals, 20 P
gc 3244 @8.765s 5%: 0.076+0.38+0.047 ms clock, 1.5+0.18/0.71/0.004+0.94 ms cpu, 4->5->2 MB, 5 MB goal, 0 MB stacks, 0 MB globals, 20 P
gc 3245 @8.767s 5%: 0.062+0.36+0.037 ms clock, 1.2+0.025/0.72/0.060+0.74 ms cpu, 4->4->2 MB, 5 MB goal, 0 MB stacks, 0 MB globals, 20 P
gc 3246 @8.768s 5%: 0.076+0.49+0.042 ms clock, 1.5+0.32/0.67/0+0.85 ms cpu, 3->4->2 MB, 4 MB goal, 0 MB stacks, 0 MB globals, 20 P
gc 3247 @8.769s 5%: 0.067+0.25+0.062 ms clock, 1.3+0.36/0.51/0.029+1.2 ms cpu, 4->5->2 MB, 5 MB goal, 0 MB stacks, 0 MB globals, 20 P
gc 3248 @8.770s 5%: 0.083+0.54+0.021 ms clock, 1.6+0.35/0.56/0+0.42 ms cpu, 3->4->2 MB, 4 MB goal, 0 MB stacks, 0 MB globals, 20 P
gc 3249 @8.772s 5%: 0.071+1.0+0.014 ms clock, 1.4+0.39/0.61/0.007+0.29 ms cpu, 4->5->2 MB, 5 MB goal, 0 MB stacks, 0 MB globals, 20 P
gc 3250 @8.774s 5%: 0.070+0.25+0.061 ms clock, 1.4+0.40/0.58/0+1.2 ms cpu, 4->5->2 MB, 5 MB goal, 0 MB stacks, 0 MB globals, 20 P
gc 3251 @8.774s 5%: 0.061+0.53+0.031 ms clock, 1.2+0.27/0.62/0+0.62 ms cpu, 3->4->2 MB, 4 MB goal, 0 MB stacks, 0 MB globals, 20 P
gc 3252 @8.776s 5%: 0.10+0.38+0.043 ms clock, 2.1+0.29/0.64/0+0.87 ms cpu, 4->5->2 MB, 5 MB goal, 0 MB stacks, 0 MB globals, 20 P
gc 3253 @8.778s 5%: 0.076+0.36+0.034 ms clock, 1.5+0.43/0.59/0.005+0.68 ms cpu, 4->5->2 MB, 5 MB goal, 0 MB stacks, 0 MB globals, 20 P
gc 3254 @8.779s 5%: 0.075+0.35+0.017 ms clock, 1.5+0.33/0.61/0.070+0.34 ms cpu, 4->5->2 MB, 5 MB goal, 0 MB stacks, 0 MB globals, 20 P
gc 3255 @8.780s 5%: 0.079+0.48+0.064 ms clock, 1.5+0.31/0.55/0.094+1.2 ms cpu, 4->4->2 MB, 4 MB goal, 0 MB stacks, 0 MB globals, 20 P
gc 3256 @8.782s 5%: 0.035+0.55+0.065 ms clock, 0.70+0.30/0.73/0.079+1.3 ms cpu, 4->5->2 MB, 5 MB goal, 0 MB stacks, 0 MB globals, 20 P
gc 3257 @8.783s 5%: 0.075+0.31+0.070 ms clock, 1.5+0.16/0.63/0+1.4 ms cpu, 4->5->2 MB, 5 MB goal, 0 MB stacks, 0 MB globals, 20 P
gc 3258 @8.784s 5%: 0.093+0.34+0.052 ms clock, 1.8+0.33/0.65/0+1.0 ms cpu, 3->4->2 MB, 4 MB goal, 0 MB stacks, 0 MB globals, 20 P
gc 3259 @8.786s 5%: 0.064+0.35+0.036 ms clock, 1.2+0.35/0.59/0+0.72 ms cpu, 4->5->2 MB, 4 MB goal, 0 MB stacks, 0 MB globals, 20 P
gc 3260 @8.787s 5%: 0.019+0.36+0.053 ms clock, 0.39+0.056/0.64/0.17+1.0 ms cpu, 4->5->2 MB, 5 MB goal, 0 MB stacks, 0 MB globals, 20 P
gc 3261 @8.788s 5%: 0.075+0.34+0.056 ms clock, 1.5+0.38/0.54/0+1.1 ms cpu, 4->4->2 MB, 4 MB goal, 0 MB stacks, 0 MB globals, 20 P
gc 3262 @8.790s 5%: 0.060+0.45+0.067 ms clock, 1.2+0.38/0.70/0.016+1.3 ms cpu, 3->4->2 MB, 4 MB goal, 0 MB stacks, 0 MB globals, 20 P
gc 3263 @8.791s 5%: 0.089+0.38+0.059 ms clock, 1.7+0.20/0.59/0.086+1.1 ms cpu, 4->5->2 MB, 5 MB goal, 0 MB stacks, 0 MB globals, 20 P
gc 3264 @8.792s 5%: 0.074+0.34+0.059 ms clock, 1.4+0.25/0.59/0.072+1.1 ms cpu, 4->4->2 MB, 4 MB goal, 0 MB stacks, 0 MB globals, 20 P
gc 3265 @8.794s 5%: 0.079+0.44+0.064 ms clock, 1.5+0.19/0.64/0.16+1.2 ms cpu, 4->5->2 MB, 4 MB goal, 0 MB stacks, 0 MB globals, 20 P
gc 3266 @8.795s 5%: 0.041+0.36+0.070 ms clock, 0.82+0.33/0.61/0.013+1.4 ms cpu, 4->5->2 MB, 4 MB goal, 0 MB stacks, 0 MB globals, 20 P
gc 3267 @8.797s 5%: 0.040+0.32+0.081 ms clock, 0.81+0.25/0.67/0.14+1.6 ms cpu, 4->4->2 MB, 4 MB goal, 0 MB stacks, 0 MB globals, 20 P
gc 3268 @8.798s 5%: 0.086+0.36+0.066 ms clock, 1.7+0.32/0.76/0.001+1.3 ms cpu, 3->4->2 MB, 4 MB goal, 0 MB stacks, 0 MB globals, 20 P
gc 3269 @8.799s 5%: 0.10+0.41+0.050 ms clock, 2.1+0.28/0.55/0+1.0 ms cpu, 3->5->2 MB, 4 MB goal, 0 MB stacks, 0 MB globals, 20 P
gc 3270 @8.800s 5%: 0.083+0.34+0.068 ms clock, 1.6+0.36/0.66/0.021+1.3 ms cpu, 4->5->2 MB, 5 MB goal, 0 MB stacks, 0 MB globals, 20 P
gc 3271 @8.801s 5%: 0.050+0.38+0.075 ms clock, 1.0+0.30/0.68/0.052+1.5 ms cpu, 4->4->2 MB, 4 MB goal, 0 MB stacks, 0 MB globals, 20 P
gc 3272 @8.803s 5%: 0.058+0.35+0.070 ms clock, 1.1+0.37/0.59/0.003+1.4 ms cpu, 3->4->2 MB, 4 MB goal, 0 MB stacks, 0 MB globals, 20 P
gc 3273 @8.804s 5%: 0.064+0.48+0.037 ms clock, 1.2+0.33/0.68/0.048+0.75 ms cpu, 3->4->2 MB, 4 MB goal, 0 MB stacks, 0 MB globals, 20 P
gc 3274 @8.806s 5%: 0.066+0.31+0.035 ms clock, 1.3+0.35/0.62/0.015+0.71 ms cpu, 4->5->2 MB, 4 MB goal, 0 MB stacks, 0 MB globals, 20 P
gc 3275 @8.807s 5%: 0.066+0.41+0.054 ms clock, 1.3+0.19/0.72/0.011+1.0 ms cpu, 3->4->2 MB, 4 MB goal, 0 MB stacks, 0 MB globals, 20 P
gc 3276 @8.808s 5%: 0.059+0.43+0.016 ms clock, 1.1+0.21/0.63/0.041+0.32 ms cpu, 4->4->2 MB, 4 MB goal, 0 MB stacks, 0 MB globals, 20 P
gc 3277 @8.810s 5%: 0.062+0.42+0.067 ms clock, 1.2+0.29/0.61/0.086+1.3 ms cpu, 4->5->2 MB, 4 MB goal, 0 MB stacks, 0 MB globals, 20 P
gc 3278 @8.811s 5%: 0.044+0.45+0.069 ms clock, 0.88+0.23/0.57/0.020+1.3 ms cpu, 4->5->2 MB, 5 MB goal, 0 MB stacks, 0 MB globals, 20 P
gc 3279 @8.812s 5%: 0.070+0.41+0.043 ms clock, 1.4+0.27/0.55/0.010+0.86 ms cpu, 4->5->2 MB, 5 MB goal, 0 MB stacks, 0 MB globals, 20 P
gc 3280 @8.813s 5%: 0.041+0.40+0.027 ms clock, 0.83+0.22/0.60/0.072+0.54 ms cpu, 4->5->2 MB, 5 MB goal, 0 MB stacks, 0 MB globals, 20 P
gc 3281 @8.815s 5%: 0.073+0.23+0.035 ms clock, 1.4+0.21/0.60/0.001+0.70 ms cpu, 4->4->2 MB, 4 MB goal, 0 MB stacks, 0 MB globals, 20 P
gc 3282 @8.816s 5%: 0.056+0.55+0.010 ms clock, 1.1+0.23/0.66/0+0.21 ms cpu, 3->4->2 MB, 4 MB goal, 0 MB stacks, 0 MB globals, 20 P
gc 3283 @8.817s 5%: 0.046+0.53+0.023 ms clock, 0.93+0.20/0.57/0.088+0.46 ms cpu, 4->5->2 MB, 5 MB goal, 0 MB stacks, 0 MB globals, 20 P
gc 3284 @8.818s 5%: 0.062+0.38+0.062 ms clock, 1.2+0.39/0.53/0.020+1.2 ms cpu, 4->5->2 MB, 5 MB goal, 0 MB stacks, 0 MB globals, 20 P
gc 3285 @8.819s 5%: 0.086+0.45+0.029 ms clock, 1.7+0.25/0.69/0.026+0.59 ms cpu, 4->4->2 MB, 4 MB goal, 0 MB stacks, 0 MB globals, 20 P
gc 3286 @8.821s 5%: 0.023+0.42+0.075 ms clock, 0.47+0.23/0.61/0.057+1.5 ms cpu, 4->5->2 MB, 5 MB goal, 0 MB stacks, 0 MB globals, 20 P
gc 3287 @8.822s 5%: 0.080+0.65+0.071 ms clock, 1.6+0.23/0.74/0.003+1.4 ms cpu, 4->5->2 MB, 4 MB goal, 0 MB stacks, 0 MB globals, 20 P
gc 3288 @8.823s 5%: 0.039+0.56+0.062 ms clock, 0.78+0.23/0.53/0.052+1.2 ms cpu, 5->6->2 MB, 5 MB goal, 0 MB stacks, 0 MB globals, 20 P
gc 3289 @8.825s 5%: 0.073+0.36+0.10 ms clock, 1.4+0.18/0.61/0+2.1 ms cpu, 4->5->2 MB, 5 MB goal, 0 MB stacks, 0 MB globals, 20 P
gc 3290 @8.826s 5%: 0.045+0.38+0.061 ms clock, 0.90+0.26/0.67/0+1.2 ms cpu, 4->5->2 MB, 5 MB goal, 0 MB stacks, 0 MB globals, 20 P
gc 3291 @8.827s 5%: 0.062+0.47+0.043 ms clock, 1.2+0.18/0.64/0+0.87 ms cpu, 4->5->2 MB, 5 MB goal, 0 MB stacks, 0 MB globals, 20 P
gc 3292 @8.829s 5%: 0.072+0.37+0.066 ms clock, 1.4+0.35/0.62/0.013+1.3 ms cpu, 4->5->2 MB, 5 MB goal, 0 MB stacks, 0 MB globals, 20 P
gc 3293 @8.830s 5%: 0.091+0.44+0.069 ms clock, 1.8+0.14/0.77/0.023+1.3 ms cpu, 4->5->2 MB, 5 MB goal, 0 MB stacks, 0 MB globals, 20 P
gc 3294 @8.831s 5%: 0.030+0.34+0.063 ms clock, 0.61+0.29/0.62/0.13+1.2 ms cpu, 4->5->2 MB, 5 MB goal, 0 MB stacks, 0 MB globals, 20 P
gc 3295 @8.832s 5%: 0.081+0.45+0.068 ms clock, 1.6+0.30/0.65/0+1.3 ms cpu, 4->5->2 MB, 5 MB goal, 0 MB stacks, 0 MB globals, 20 P
gc 3296 @8.834s 5%: 0.069+0.37+0.040 ms clock, 1.3+0.18/0.69/0.041+0.81 ms cpu, 4->5->2 MB, 5 MB goal, 0 MB stacks, 0 MB globals, 20 P
gc 3297 @8.836s 5%: 0.074+0.35+0.11 ms clock, 1.4+0.30/0.64/0.024+2.2 ms cpu, 4->5->2 MB, 4 MB goal, 0 MB stacks, 0 MB globals, 20 P
gc 3298 @8.837s 5%: 0.063+0.40+0.026 ms clock, 1.2+0.31/0.62/0.082+0.53 ms cpu, 4->5->2 MB, 4 MB goal, 0 MB stacks, 0 MB globals, 20 P
gc 3299 @8.838s 5%: 0.077+0.38+0.020 ms clock, 1.5+0.32/0.67/0.007+0.40 ms cpu, 4->5->2 MB, 5 MB goal, 0 MB stacks, 0 MB globals, 20 P
gc 3300 @8.839s 5%: 0.077+0.48+0.071 ms clock, 1.5+0.32/0.64/0.032+1.4 ms cpu, 4->5->2 MB, 5 MB goal, 0 MB stacks, 0 MB globals, 20 P
gc 3301 @8.841s 5%: 0.055+0.32+0.20 ms clock, 1.1+0.23/0.72/0.007+4.0 ms cpu, 4->5->2 MB, 5 MB goal, 0 MB stacks, 0 MB globals, 20 P
gc 3302 @8.842s 5%: 0.089+0.39+0.024 ms clock, 1.7+0.36/0.66/0.007+0.48 ms cpu, 3->4->2 MB, 4 MB goal, 0 MB stacks, 0 MB globals, 20 P
gc 3303 @8.843s 5%: 0.083+0.45+0.083 ms clock, 1.6+0.39/0.54/0.048+1.6 ms cpu, 4->5->2 MB, 5 MB goal, 0 MB stacks, 0 MB globals, 20 P
gc 3304 @8.844s 5%: 0.077+0.55+0.080 ms clock, 1.5+0.40/0.74/0+1.6 ms cpu, 4->5->2 MB, 5 MB goal, 0 MB stacks, 0 MB globals, 20 P
gc 3305 @8.845s 5%: 0.071+0.61+0.054 ms clock, 1.4+0.31/0.72/0.035+1.0 ms cpu, 4->5->2 MB, 5 MB goal, 0 MB stacks, 0 MB globals, 20 P
gc 3306 @8.847s 5%: 0.057+0.36+0.052 ms clock, 1.1+0.36/0.60/0+1.0 ms cpu, 4->5->2 MB, 5 MB goal, 0 MB stacks, 0 MB globals, 20 P
gc 3307 @8.849s 5%: 0.048+0.48+0.033 ms clock, 0.97+0.35/0.58/0.051+0.67 ms cpu, 4->5->2 MB, 5 MB goal, 0 MB stacks, 0 MB globals, 20 P
gc 3308 @8.850s 5%: 0.061+0.61+0.009 ms clock, 1.2+0.29/0.65/0+0.18 ms cpu, 4->5->2 MB, 5 MB goal, 0 MB stacks, 0 MB globals, 20 P
gc 3309 @8.852s 5%: 0.029+0.44+0.016 ms clock, 0.59+0.22/0.61/0.050+0.32 ms cpu, 4->5->2 MB, 5 MB goal, 0 MB stacks, 0 MB globals, 20 P
gc 3310 @8.853s 5%: 0.066+0.47+0.076 ms clock, 1.3+0.28/0.64/0.034+1.5 ms cpu, 4->5->2 MB, 5 MB goal, 0 MB stacks, 0 MB globals, 20 P
gc 3311 @8.855s 5%: 0.093+0.35+0.059 ms clock, 1.8+0.34/0.61/0.007+1.1 ms cpu, 4->5->2 MB, 5 MB goal, 0 MB stacks, 0 MB globals, 20 P
gc 3312 @8.856s 5%: 0.11+0.35+0.066 ms clock, 2.3+0.33/0.60/0+1.3 ms cpu, 4->5->2 MB, 5 MB goal, 0 MB stacks, 0 MB globals, 20 P
gc 3313 @8.857s 5%: 0.079+0.49+0.083 ms clock, 1.5+0.34/0.67/0.017+1.6 ms cpu, 4->5->2 MB, 5 MB goal, 0 MB stacks, 0 MB globals, 20 P
gc 3314 @8.859s 5%: 0.088+0.44+0.087 ms clock, 1.7+0.41/0.66/0.029+1.7 ms cpu, 4->5->2 MB, 5 MB goal, 0 MB stacks, 0 MB globals, 20 P
gc 3315 @8.860s 5%: 0.068+0.31+0.060 ms clock, 1.3+0.24/0.65/0.037+1.2 ms cpu, 4->5->2 MB, 5 MB goal, 0 MB stacks, 0 MB globals, 20 P
gc 3316 @8.861s 5%: 0.051+0.42+0.056 ms clock, 1.0+0.29/0.59/0+1.1 ms cpu, 4->4->2 MB, 4 MB goal, 0 MB stacks, 0 MB globals, 20 P
gc 3317 @8.863s 5%: 0.10+0.42+0.086 ms clock, 2.1+0.34/0.68/0+1.7 ms cpu, 4->5->2 MB, 4 MB goal, 0 MB stacks, 0 MB globals, 20 P
gc 3318 @8.864s 5%: 0.077+0.47+0.018 ms clock, 1.5+0.34/0.61/0.022+0.36 ms cpu, 4->5->2 MB, 4 MB goal, 0 MB stacks, 0 MB globals, 20 P
gc 3319 @8.865s 5%: 0.052+0.49+0.048 ms clock, 1.0+0.39/0.73/0.091+0.96 ms cpu, 4->5->2 MB, 4 MB goal, 0 MB stacks, 0 MB globals, 20 P
gc 3320 @8.866s 5%: 0.073+0.37+0.094 ms clock, 1.4+0.083/0.61/0+1.8 ms cpu, 4->5->2 MB, 5 MB goal, 0 MB stacks, 0 MB globals, 20 P
gc 3321 @8.868s 5%: 0.065+0.31+0.083 ms clock, 1.3+0.28/0.62/0.001+1.6 ms cpu, 4->5->2 MB, 5 MB goal, 0 MB stacks, 0 MB globals, 20 P
gc 3322 @8.869s 5%: 0.067+0.50+0.053 ms clock, 1.3+0.26/0.54/0.020+1.0 ms cpu, 4->5->2 MB, 4 MB goal, 0 MB stacks, 0 MB globals, 20 P
gc 3323 @8.870s 5%: 0.075+0.40+0.071 ms clock, 1.5+0.30/0.67/0+1.4 ms cpu, 4->5->2 MB, 5 MB goal, 0 MB stacks, 0 MB globals, 20 P
gc 3324 @8.871s 5%: 0.060+0.52+0.044 ms clock, 1.2+0.25/0.61/0.048+0.89 ms cpu, 4->5->2 MB, 5 MB goal, 0 MB stacks, 0 MB globals, 20 P
gc 3325 @8.873s 5%: 0.064+0.42+0.024 ms clock, 1.2+0.25/0.58/0.047+0.49 ms cpu, 4->5->2 MB, 5 MB goal, 0 MB stacks, 0 MB globals, 20 P
gc 3326 @8.874s 5%: 0.034+0.36+0.10 ms clock, 0.69+0.19/0.58/0.033+2.1 ms cpu, 3->5->2 MB, 4 MB goal, 0 MB stacks, 0 MB globals, 20 P
gc 3327 @8.875s 5%: 0.054+0.46+0.044 ms clock, 1.0+0.24/0.52/0.069+0.89 ms cpu, 4->5->2 MB, 4 MB goal, 0 MB stacks, 0 MB globals, 20 P
gc 3328 @8.877s 5%: 0.10+0.35+0.067 ms clock, 2.0+0.45/0.57/0.020+1.3 ms cpu, 4->5->2 MB, 5 MB goal, 0 MB stacks, 0 MB globals, 20 P
gc 3329 @8.878s 5%: 0.068+0.37+0.086 ms clock, 1.3+0.26/0.65/0.012+1.7 ms cpu, 4->5->2 MB, 5 MB goal, 0 MB stacks, 0 MB globals, 20 P
gc 3330 @8.879s 5%: 0.087+0.74+0.023 ms clock, 1.7+0.30/0.69/0.005+0.46 ms cpu, 4->5->2 MB, 5 MB goal, 0 MB stacks, 0 MB globals, 20 P
gc 3331 @8.881s 5%: 0.060+0.33+0.037 ms clock, 1.2+0.37/0.53/0.040+0.75 ms cpu, 4->5->2 MB, 5 MB goal, 0 MB stacks, 0 MB globals, 20 P
gc 3332 @8.882s 5%: 0.058+0.45+0.023 ms clock, 1.1+0.25/0.56/0.005+0.47 ms cpu, 4->5->2 MB, 4 MB goal, 0 MB stacks, 0 MB globals, 20 P
gc 3333 @8.883s 5%: 0.053+0.31+0.070 ms clock, 1.0+0.41/0.60/0.039+1.4 ms cpu, 4->4->2 MB, 5 MB goal, 0 MB stacks, 0 MB globals, 20 P
gc 3334 @8.884s 5%: 0.11+0.35+0.074 ms clock, 2.2+0.32/0.69/0.001+1.4 ms cpu, 3->4->2 MB, 4 MB goal, 0 MB stacks, 0 MB globals, 20 P
gc 3335 @8.886s 5%: 0.085+0.47+0.028 ms clock, 1.7+0.20/0.66/0.043+0.57 ms cpu, 4->5->2 MB, 5 MB goal, 0 MB stacks, 0 MB globals, 20 P
gc 3336 @8.887s 5%: 0.053+0.40+0.074 ms clock, 1.0+0.28/0.71/0.020+1.4 ms cpu, 4->5->2 MB, 5 MB goal, 0 MB stacks, 0 MB globals, 20 P
gc 3337 @8.888s 5%: 0.072+0.44+0.070 ms clock, 1.4+0.32/0.61/0.052+1.4 ms cpu, 4->5->2 MB, 5 MB goal, 0 MB stacks, 0 MB globals, 20 P
gc 3338 @8.890s 5%: 0.068+0.27+0.060 ms clock, 1.3+0.35/0.60/0+1.2 ms cpu, 4->5->2 MB, 4 MB goal, 0 MB stacks, 0 MB globals, 20 P
gc 3339 @8.890s 5%: 0.059+0.40+0.058 ms clock, 1.1+0.46/0.61/0.049+1.1 ms cpu, 4->5->2 MB, 4 MB goal, 0 MB stacks, 0 MB globals, 20 P
gc 3340 @8.892s 5%: 0.051+0.42+0.034 ms clock, 1.0+0.18/0.68/0.090+0.68 ms cpu, 4->5->2 MB, 5 MB goal, 0 MB stacks, 0 MB globals, 20 P
gc 3341 @8.893s 5%: 0.078+0.39+0.071 ms clock, 1.5+0.27/0.66/0.10+1.4 ms cpu, 4->4->2 MB, 4 MB goal, 0 MB stacks, 0 MB globals, 20 P
gc 3342 @8.895s 5%: 0.085+0.29+0.095 ms clock, 1.7+0.40/0.61/0+1.9 ms cpu, 4->4->2 MB, 4 MB goal, 0 MB stacks, 0 MB globals, 20 P
gc 3343 @8.896s 5%: 0.077+0.29+0.023 ms clock, 1.5+0.34/0.59/0.059+0.46 ms cpu, 4->4->2 MB, 4 MB goal, 0 MB stacks, 0 MB globals, 20 P
gc 3344 @8.897s 5%: 0.088+0.46+0.048 ms clock, 1.7+0.36/0.63/0.024+0.97 ms cpu, 3->4->2 MB, 4 MB goal, 0 MB stacks, 0 MB globals, 20 P
gc 3345 @8.898s 5%: 0.041+0.41+0.037 ms clock, 0.83+0.20/0.65/0+0.74 ms cpu, 4->5->2 MB, 5 MB goal, 0 MB stacks, 0 MB globals, 20 P
gc 3346 @8.899s 5%: 0.065+0.29+0.11 ms clock, 1.3+0.37/0.61/0+2.3 ms cpu, 4->4->2 MB, 4 MB goal, 0 MB stacks, 0 MB globals, 20 P
gc 3347 @8.900s 5%: 0.064+0.33+0.030 ms clock, 1.2+0.33/0.61/0.066+0.60 ms cpu, 4->4->2 MB, 4 MB goal, 0 MB stacks, 0 MB globals, 20 P
gc 3348 @8.902s 5%: 0.061+0.46+0.020 ms clock, 1.2+0.38/0.60/0.13+0.40 ms cpu, 3->4->2 MB, 4 MB goal, 0 MB stacks, 0 MB globals, 20 P
gc 3349 @8.903s 5%: 0.084+0.49+0.28 ms clock, 1.6+0.30/0.63/0.027+5.6 ms cpu, 4->5->2 MB, 5 MB goal, 0 MB stacks, 0 MB globals, 20 P
gc 3350 @8.904s 5%: 0.052+0.44+0.056 ms clock, 1.0+0.29/0.58/0.002+1.1 ms cpu, 4->5->2 MB, 5 MB goal, 0 MB stacks, 0 MB globals, 20 P
gc 3351 @8.906s 5%: 0.063+0.35+0.060 ms clock, 1.2+0.24/0.70/0.011+1.2 ms cpu, 4->5->2 MB, 5 MB goal, 0 MB stacks, 0 MB globals, 20 P
gc 3352 @8.907s 5%: 0.072+0.52+0.091 ms clock, 1.4+0.26/0.65/0.034+1.8 ms cpu, 4->4->2 MB, 4 MB goal, 0 MB stacks, 0 MB globals, 20 P
gc 3353 @8.908s 5%: 0.093+0.59+0.064 ms clock, 1.8+0.32/0.62/0+1.2 ms cpu, 4->5->2 MB, 4 MB goal, 0 MB stacks, 0 MB globals, 20 P
gc 3354 @8.910s 5%: 0.076+0.56+0.033 ms clock, 1.5+0.32/0.66/0+0.66 ms cpu, 4->5->2 MB, 5 MB goal, 0 MB stacks, 0 MB globals, 20 P
gc 3355 @8.911s 5%: 0.085+0.39+0.043 ms clock, 1.7+0.33/0.56/0.031+0.86 ms cpu, 4->5->2 MB, 5 MB goal, 0 MB stacks, 0 MB globals, 20 P
gc 3356 @8.912s 5%: 0.069+0.49+0.11 ms clock, 1.3+0.27/0.66/0+2.3 ms cpu, 4->5->2 MB, 5 MB goal, 0 MB stacks, 0 MB globals, 20 P
gc 3357 @8.914s 5%: 0.070+0.33+0.055 ms clock, 1.4+0.35/0.52/0.036+1.1 ms cpu, 4->5->2 MB, 5 MB goal, 0 MB stacks, 0 MB globals, 20 P
gc 3358 @8.915s 5%: 0.052+0.21+0.085 ms clock, 1.0+0.18/0.58/0.004+1.7 ms cpu, 4->4->2 MB, 5 MB goal, 0 MB stacks, 0 MB globals, 20 P
gc 3359 @8.916s 5%: 0.063+0.48+0.074 ms clock, 1.2+0.37/0.68/0.036+1.4 ms cpu, 3->4->2 MB, 4 MB goal, 0 MB stacks, 0 MB globals, 20 P
gc 3360 @8.917s 5%: 0.037+0.44+0.032 ms clock, 0.75+0.24/0.57/0.012+0.65 ms cpu, 4->5->2 MB, 4 MB goal, 0 MB stacks, 0 MB globals, 20 P
gc 3361 @8.919s 5%: 0.028+0.32+0.059 ms clock, 0.56+0.41/0.59/0.013+1.1 ms cpu, 4->5->2 MB, 5 MB goal, 0 MB stacks, 0 MB globals, 20 P
gc 3362 @8.920s 5%: 0.076+0.36+0.032 ms clock, 1.5+0.27/0.58/0.001+0.64 ms cpu, 4->5->2 MB, 5 MB goal, 0 MB stacks, 0 MB globals, 20 P
gc 3363 @8.921s 5%: 0.064+0.44+0.073 ms clock, 1.2+0.38/0.58/0.011+1.4 ms cpu, 4->5->2 MB, 5 MB goal, 0 MB stacks, 0 MB globals, 20 P
gc 3364 @8.923s 5%: 0.10+0.38+0.008 ms clock, 2.1+0.36/0.56/0+0.17 ms cpu, 4->5->2 MB, 4 MB goal, 0 MB stacks, 0 MB globals, 20 P
gc 3365 @8.924s 5%: 0.056+0.44+0.052 ms clock, 1.1+0.29/0.64/0.023+1.0 ms cpu, 4->5->2 MB, 5 MB goal, 0 MB stacks, 0 MB globals, 20 P
gc 3366 @8.926s 5%: 0.037+0.38+0.011 ms clock, 0.75+0.11/0.72/0+0.23 ms cpu, 4->4->2 MB, 4 MB goal, 0 MB stacks, 0 MB globals, 20 P
gc 3367 @8.927s 5%: 0.043+0.51+0.043 ms clock, 0.87+0.29/0.60/0+0.87 ms cpu, 4->5->2 MB, 4 MB goal, 0 MB stacks, 0 MB globals, 20 P
gc 3368 @8.928s 5%: 0.073+0.33+0.069 ms clock, 1.4+0.40/0.60/0+1.3 ms cpu, 4->4->2 MB, 5 MB goal, 0 MB stacks, 0 MB globals, 20 P
gc 3369 @8.929s 5%: 0.067+0.30+0.036 ms clock, 1.3+0.32/0.65/0.046+0.73 ms cpu, 3->4->2 MB, 4 MB goal, 0 MB stacks, 0 MB globals, 20 P
gc 3370 @8.931s 5%: 0.070+0.27+0.032 ms clock, 1.4+0.34/0.58/0.002+0.65 ms cpu, 4->4->2 MB, 4 MB goal, 0 MB stacks, 0 MB globals, 20 P
gc 3371 @8.932s 5%: 0.052+0.49+0.009 ms clock, 1.0+0.34/0.61/0.001+0.19 ms cpu, 3->4->2 MB, 4 MB goal, 0 MB stacks, 0 MB globals, 20 P
gc 3372 @8.933s 5%: 0.064+0.35+0.062 ms clock, 1.2+0.17/0.58/0.057+1.2 ms cpu, 4->5->2 MB, 5 MB goal, 0 MB stacks, 0 MB globals, 20 P
gc 3373 @8.934s 5%: 0.051+0.27+0.085 ms clock, 1.0+0.24/0.65/0.012+1.7 ms cpu, 4->4->2 MB, 4 MB goal, 0 MB stacks, 0 MB globals, 20 P
gc 3374 @8.935s 5%: 0.079+0.38+0.068 ms clock, 1.5+0.35/0.70/0.029+1.3 ms cpu, 3->4->2 MB, 4 MB goal, 0 MB stacks, 0 MB globals, 20 P
gc 3375 @8.937s 5%: 0.074+0.40+0.040 ms clock, 1.4+0.16/0.60/0.022+0.81 ms cpu, 4->5->2 MB, 5 MB goal, 0 MB stacks, 0 MB globals, 20 P
gc 3376 @8.938s 5%: 0.073+0.29+0.066 ms clock, 1.4+0.42/0.54/0+1.3 ms cpu, 4->5->2 MB, 5 MB goal, 0 MB stacks, 0 MB globals, 20 P
gc 3377 @8.939s 5%: 0.065+0.26+0.057 ms clock, 1.3+0.42/0.54/0+1.1 ms cpu, 4->4->2 MB, 4 MB goal, 0 MB stacks, 0 MB globals, 20 P
gc 3378 @8.940s 5%: 0.071+0.37+0.089 ms clock, 1.4+0.29/0.66/0.002+1.7 ms cpu, 4->4->2 MB, 4 MB goal, 0 MB stacks, 0 MB globals, 20 P
gc 3379 @8.941s 5%: 0.085+0.42+0.033 ms clock, 1.7+0.30/0.64/0.046+0.67 ms cpu, 4->5->2 MB, 5 MB goal, 0 MB stacks, 0 MB globals, 20 P
gc 3380 @8.942s 5%: 0.071+0.40+0.008 ms clock, 1.4+0.31/0.62/0+0.16 ms cpu, 4->5->2 MB, 5 MB goal, 0 MB stacks, 0 MB globals, 20 P
gc 3381 @8.944s 5%: 0.058+0.28+0.074 ms clock, 1.1+0.24/0.54/0.086+1.4 ms cpu, 4->4->2 MB, 5 MB goal, 0 MB stacks, 0 MB globals, 20 P
gc 3382 @8.945s 5%: 0.094+0.46+0.009 ms clock, 1.8+0.35/0.56/0.037+0.18 ms cpu, 3->4->2 MB, 4 MB goal, 0 MB stacks, 0 MB globals, 20 P
gc 3383 @8.946s 5%: 0.090+0.44+0.084 ms clock, 1.8+0.38/0.60/0+1.6 ms cpu, 4->5->2 MB, 4 MB goal, 0 MB stacks, 0 MB globals, 20 P
gc 3384 @8.947s 5%: 0.048+0.47+0.077 ms clock, 0.96+0.33/0.63/0+1.5 ms cpu, 4->5->2 MB, 5 MB goal, 0 MB stacks, 0 MB globals, 20 P
gc 3385 @8.949s 5%: 0.086+0.46+0.003 ms clock, 1.7+0.29/0.54/0.041+0.078 ms cpu, 4->5->2 MB, 4 MB goal, 0 MB stacks, 0 MB globals, 20 P
gc 3386 @8.950s 5%: 0.027+0.42+0.026 ms clock, 0.55+0.34/0.55/0+0.53 ms cpu, 4->5->2 MB, 4 MB goal, 0 MB stacks, 0 MB globals, 20 P
gc 3387 @8.951s 5%: 0.066+0.39+0.11 ms clock, 1.3+0.32/0.73/0.008+2.2 ms cpu, 4->5->2 MB, 4 MB goal, 0 MB stacks, 0 MB globals, 20 P
gc 3388 @8.952s 5%: 0.050+0.31+0.036 ms clock, 1.0+0.34/0.55/0.079+0.73 ms cpu, 4->4->2 MB, 5 MB goal, 0 MB stacks, 0 MB globals, 20 P
gc 3389 @8.953s 5%: 0.080+0.56+0.036 ms clock, 1.6+0.27/0.59/0.045+0.73 ms cpu, 3->4->2 MB, 4 MB goal, 0 MB stacks, 0 MB globals, 20 P
gc 3390 @8.955s 5%: 0.057+0.42+0.064 ms clock, 1.1+0.45/0.60/0.033+1.2 ms cpu, 4->5->2 MB, 5 MB goal, 0 MB stacks, 0 MB globals, 20 P
gc 3391 @8.956s 5%: 0.025+0.27+0.066 ms clock, 0.51+0.28/0.64/0.018+1.3 ms cpu, 4->5->2 MB, 5 MB goal, 0 MB stacks, 0 MB globals, 20 P
gc 3392 @8.957s 5%: 0.055+0.38+0.032 ms clock, 1.1+0.33/0.53/0.040+0.65 ms cpu, 3->4->2 MB, 4 MB goal, 0 MB stacks, 0 MB globals, 20 P
gc 3393 @8.958s 5%: 0.076+0.35+0.064 ms clock, 1.5+0.36/0.72/0.001+1.2 ms cpu, 4->5->2 MB, 5 MB goal, 0 MB stacks, 0 MB globals, 20 P
gc 3394 @8.960s 5%: 0.057+0.44+0.083 ms clock, 1.1+0.25/0.55/0.055+1.6 ms cpu, 4->5->2 MB, 5 MB goal, 0 MB stacks, 0 MB globals, 20 P
gc 3395 @8.961s 5%: 0.083+0.41+0.047 ms clock, 1.6+0.25/0.59/0.023+0.95 ms cpu, 4->5->2 MB, 5 MB goal, 0 MB stacks, 0 MB globals, 20 P
gc 3396 @8.962s 5%: 0.067+0.40+0.095 ms clock, 1.3+0.34/0.70/0.017+1.9 ms cpu, 3->4->2 MB, 4 MB goal, 0 MB stacks, 0 MB globals, 20 P
gc 3397 @8.963s 5%: 0.066+0.43+0.050 ms clock, 1.3+0.34/0.61/0.042+1.0 ms cpu, 4->5->2 MB, 5 MB goal, 0 MB stacks, 0 MB globals, 20 P
gc 3398 @8.965s 5%: 0.076+0.50+0.024 ms clock, 1.5+0.36/0.66/0.017+0.49 ms cpu, 4->5->2 MB, 5 MB goal, 0 MB stacks, 0 MB globals, 20 P
gc 3399 @8.966s 5%: 0.067+0.26+0.020 ms clock, 1.3+0.33/0.60/0.003+0.41 ms cpu, 4->4->2 MB, 4 MB goal, 0 MB stacks, 0 MB globals, 20 P
gc 3400 @8.967s 5%: 0.087+0.41+0.072 ms clock, 1.7+0.37/0.79/0.007+1.4 ms cpu, 3->4->2 MB, 4 MB goal, 0 MB stacks, 0 MB globals, 20 P
gc 3401 @8.968s 5%: 0.072+0.57+0.061 ms clock, 1.4+0.25/0.58/0.044+1.2 ms cpu, 4->5->2 MB, 5 MB goal, 0 MB stacks, 0 MB globals, 20 P
gc 3402 @8.970s 5%: 0.077+0.58+0.061 ms clock, 1.5+0.32/0.69/0.037+1.2 ms cpu, 4->5->2 MB, 5 MB goal, 0 MB stacks, 0 MB globals, 20 P
gc 3403 @8.971s 5%: 0.056+0.32+0.069 ms clock, 1.1+0.44/0.55/0.028+1.3 ms cpu, 4->5->2 MB, 5 MB goal, 0 MB stacks, 0 MB globals, 20 P
gc 3404 @8.973s 5%: 0.033+0.33+0.038 ms clock, 0.66+0.13/0.55/0.13+0.76 ms cpu, 4->4->2 MB, 5 MB goal, 0 MB stacks, 0 MB globals, 20 P
gc 3405 @8.974s 5%: 0.042+0.37+0.045 ms clock, 0.84+0.21/0.56/0.023+0.90 ms cpu, 3->4->2 MB, 4 MB goal, 0 MB stacks, 0 MB globals, 20 P
gc 3406 @8.975s 5%: 0.055+0.32+0.061 ms clock, 1.1+0.27/0.64/0.043+1.2 ms cpu, 4->4->2 MB, 4 MB goal, 0 MB stacks, 0 MB globals, 20 P
gc 3407 @8.976s 5%: 0.059+0.31+0.014 ms clock, 1.1+0.27/0.65/0.040+0.29 ms cpu, 3->4->1 MB, 4 MB goal, 0 MB stacks, 0 MB globals, 20 P
gc 3408 @8.977s 5%: 0.069+0.42+0.068 ms clock, 1.3+0.38/0.61/0.013+1.3 ms cpu, 3->4->2 MB, 4 MB goal, 0 MB stacks, 0 MB globals, 20 P
gc 3409 @8.978s 5%: 0.062+0.39+0.066 ms clock, 1.2+0.27/0.55/0.013+1.3 ms cpu, 4->5->2 MB, 5 MB goal, 0 MB stacks, 0 MB globals, 20 P
gc 3410 @8.980s 5%: 0.070+0.42+0.075 ms clock, 1.4+0.26/0.64/0.048+1.5 ms cpu, 4->4->2 MB, 4 MB goal, 0 MB stacks, 0 MB globals, 20 P
gc 3411 @8.981s 5%: 0.053+0.48+0.050 ms clock, 1.0+0.34/0.56/0.042+1.0 ms cpu, 4->5->2 MB, 4 MB goal, 0 MB stacks, 0 MB globals, 20 P
gc 3412 @8.982s 5%: 0.051+0.33+0.037 ms clock, 1.0+0.35/0.54/0.026+0.75 ms cpu, 4->4->2 MB, 5 MB goal, 0 MB stacks, 0 MB globals, 20 P
gc 3413 @8.983s 5%: 0.084+0.31+0.077 ms clock, 1.6+0.34/0.69/0+1.5 ms cpu, 3->4->2 MB, 4 MB goal, 0 MB stacks, 0 MB globals, 20 P
gc 3414 @8.984s 5%: 0.061+0.27+0.061 ms clock, 1.2+0.33/0.64/0.001+1.2 ms cpu, 4->4->2 MB, 4 MB goal, 0 MB stacks, 0 MB globals, 20 P
gc 3415 @8.985s 5%: 0.068+0.51+0.083 ms clock, 1.3+0.36/0.81/0.012+1.6 ms cpu, 3->4->2 MB, 4 MB goal, 0 MB stacks, 0 MB globals, 20 P
gc 3416 @8.987s 5%: 0.035+0.66+0.061 ms clock, 0.70+0.31/0.66/0.046+1.2 ms cpu, 4->5->2 MB, 5 MB goal, 0 MB stacks, 0 MB globals, 20 P
gc 3417 @8.988s 5%: 0.030+0.44+0.077 ms clock, 0.61+0.27/0.66/0.006+1.5 ms cpu, 4->5->2 MB, 5 MB goal, 0 MB stacks, 0 MB globals, 20 P
gc 3418 @8.990s 5%: 0.060+0.34+0.10 ms clock, 1.2+0.26/0.56/0.015+2.1 ms cpu, 4->4->2 MB, 4 MB goal, 0 MB stacks, 0 MB globals, 20 P
gc 3419 @8.991s 5%: 0.082+0.34+0.031 ms clock, 1.6+0.31/0.76/0+0.62 ms cpu, 4->4->2 MB, 4 MB goal, 0 MB stacks, 0 MB globals, 20 P
gc 3420 @8.992s 5%: 0.038+0.44+0.076 ms clock, 0.77+0.43/0.68/0.091+1.5 ms cpu, 4->4->2 MB, 4 MB goal, 0 MB stacks, 0 MB globals, 20 P
gc 3421 @8.994s 5%: 0.076+0.49+0.076 ms clock, 1.5+0.32/0.65/0.034+1.5 ms cpu, 4->5->2 MB, 4 MB goal, 0 MB stacks, 0 MB globals, 20 P
gc 3422 @8.995s 5%: 0.055+0.45+0.069 ms clock, 1.1+0.30/0.78/0.029+1.3 ms cpu, 4->5->2 MB, 5 MB goal, 0 MB stacks, 0 MB globals, 20 P
gc 3423 @8.997s 5%: 0.074+0.32+0.089 ms clock, 1.4+0.23/0.64/0.002+1.7 ms cpu, 4->4->2 MB, 4 MB goal, 0 MB stacks, 0 MB globals, 20 P
gc 3424 @8.998s 5%: 0.059+0.31+0.034 ms clock, 1.1+0.35/0.57/0.034+0.69 ms cpu, 3->4->2 MB, 4 MB goal, 0 MB stacks, 0 MB globals, 20 P
gc 3425 @8.999s 5%: 0.067+0.29+0.014 ms clock, 1.3+0.31/0.67/0.003+0.28 ms cpu, 4->4->2 MB, 4 MB goal, 0 MB stacks, 0 MB globals, 20 P
gc 3426 @9.000s 5%: 0.071+0.61+0.036 ms clock, 1.4+0.29/0.69/0.003+0.72 ms cpu, 3->4->2 MB, 4 MB goal, 0 MB stacks, 0 MB globals, 20 P
gc 3427 @9.001s 5%: 0.12+0.42+0.043 ms clock, 2.4+0.35/0.64/0.021+0.87 ms cpu, 4->5->2 MB, 5 MB goal, 0 MB stacks, 0 MB globals, 20 P
gc 3428 @9.003s 5%: 0.065+0.34+0.058 ms clock, 1.3+0.33/0.64/0.009+1.1 ms cpu, 4->5->2 MB, 5 MB goal, 0 MB stacks, 0 MB globals, 20 P
gc 3429 @9.004s 5%: 0.076+0.56+0.019 ms clock, 1.5+0.25/0.64/0+0.38 ms cpu, 4->4->2 MB, 4 MB goal, 0 MB stacks, 0 MB globals, 20 P
gc 3430 @9.006s 5%: 0.076+0.44+0.091 ms clock, 1.5+0.27/0.75/0.020+1.8 ms cpu, 4->5->2 MB, 5 MB goal, 0 MB stacks, 0 MB globals, 20 P
gc 3431 @9.007s 5%: 0.056+0.48+0.079 ms clock, 1.1+0.34/0.65/0.11+1.5 ms cpu, 4->5->2 MB, 5 MB goal, 0 MB stacks, 0 MB globals, 20 P
gc 3432 @9.009s 5%: 0.049+0.36+0.035 ms clock, 0.99+0.26/0.55/0.039+0.70 ms cpu, 4->5->2 MB, 5 MB goal, 0 MB stacks, 0 MB globals, 20 P
gc 3433 @9.010s 5%: 0.088+0.34+0.070 ms clock, 1.7+0.31/0.67/0.039+1.4 ms cpu, 3->4->2 MB, 4 MB goal, 0 MB stacks, 0 MB globals, 20 P
gc 3434 @9.011s 5%: 0.052+0.36+0.072 ms clock, 1.0+0.32/0.63/0+1.4 ms cpu, 4->4->2 MB, 4 MB goal, 0 MB stacks, 0 MB globals, 20 P
gc 3435 @9.012s 5%: 0.076+0.27+0.075 ms clock, 1.5+0.41/0.55/0.007+1.5 ms cpu, 3->4->2 MB, 4 MB goal, 0 MB stacks, 0 MB globals, 20 P
gc 3436 @9.013s 5%: 0.075+0.40+0.082 ms clock, 1.5+0.22/0.71/0.048+1.6 ms cpu, 3->4->2 MB, 4 MB goal, 0 MB stacks, 0 MB globals, 20 P
gc 3437 @9.014s 5%: 0.072+0.46+0.083 ms clock, 1.4+0.27/0.60/0.013+1.6 ms cpu, 4->4->2 MB, 4 MB goal, 0 MB stacks, 0 MB globals, 20 P
gc 3438 @9.016s 5%: 0.070+0.38+0.034 ms clock, 1.4+0.28/0.59/0.064+0.69 ms cpu, 4->5->2 MB, 5 MB goal, 0 MB stacks, 0 MB globals, 20 P
gc 3439 @9.017s 5%: 0.035+0.49+0.074 ms clock, 0.70+0.24/0.66/0.10+1.4 ms cpu, 4->5->2 MB, 5 MB goal, 0 MB stacks, 0 MB globals, 20 P
gc 3440 @9.019s 5%: 0.073+0.48+0.068 ms clock, 1.4+0.38/0.59/0.012+1.3 ms cpu, 4->5->2 MB, 5 MB goal, 0 MB stacks, 0 MB globals, 20 P
gc 3441 @9.020s 5%: 0.077+0.41+0.065 ms clock, 1.5+0.23/0.67/0.021+1.3 ms cpu, 4->5->2 MB, 5 MB goal, 0 MB stacks, 0 MB globals, 20 P
gc 3442 @9.021s 5%: 0.057+0.52+0.060 ms clock, 1.1+0.38/0.64/0+1.2 ms cpu, 3->5->2 MB, 4 MB goal, 0 MB stacks, 0 MB globals, 20 P
gc 3443 @9.023s 5%: 0.069+0.48+0.035 ms clock, 1.3+0.23/0.64/0.030+0.71 ms cpu, 4->5->2 MB, 5 MB goal, 0 MB stacks, 0 MB globals, 20 P
gc 3444 @9.024s 5%: 0.086+0.59+0.048 ms clock, 1.7+0.46/0.78/0.012+0.96 ms cpu, 4->5->2 MB, 5 MB goal, 0 MB stacks, 0 MB globals, 20 P
gc 3445 @9.026s 5%: 0.044+0.42+0.017 ms clock, 0.88+0.12/0.77/0.031+0.34 ms cpu, 4->5->2 MB, 5 MB goal, 0 MB stacks, 0 MB globals, 20 P
gc 3446 @9.027s 5%: 0.060+0.41+0.006 ms clock, 1.2+0.35/0.75/0.012+0.13 ms cpu, 3->4->2 MB, 4 MB goal, 0 MB stacks, 0 MB globals, 20 P
gc 3447 @9.028s 5%: 0.10+0.34+0.078 ms clock, 2.0+0.35/0.80/0+1.5 ms cpu, 4->4->2 MB, 5 MB goal, 0 MB stacks, 0 MB globals, 20 P
gc 3448 @9.029s 5%: 0.13+0.49+0.069 ms clock, 2.6+0.26/0.65/0+1.3 ms cpu, 4->5->2 MB, 4 MB goal, 0 MB stacks, 0 MB globals, 20 P
gc 3449 @9.031s 5%: 0.058+0.40+0.058 ms clock, 1.1+0.10/0.76/0.10+1.1 ms cpu, 4->5->2 MB, 5 MB goal, 0 MB stacks, 0 MB globals, 20 P
gc 3450 @9.032s 5%: 0.082+0.38+0.063 ms clock, 1.6+0.37/0.70/0.010+1.2 ms cpu, 3->4->2 MB, 4 MB goal, 0 MB stacks, 0 MB globals, 20 P
gc 3451 @9.034s 5%: 0.063+0.49+0.087 ms clock, 1.2+0.38/0.66/0.008+1.7 ms cpu, 4->5->2 MB, 5 MB goal, 0 MB stacks, 0 MB globals, 20 P
gc 3452 @9.035s 5%: 0.053+0.30+0.039 ms clock, 1.0+0.59/0.63/0.004+0.79 ms cpu, 4->5->2 MB, 5 MB goal, 0 MB stacks, 0 MB globals, 20 P
gc 3453 @9.036s 5%: 0.060+0.50+0.19 ms clock, 1.2+0.40/0.57/0.047+3.8 ms cpu, 3->4->2 MB, 4 MB goal, 0 MB stacks, 0 MB globals, 20 P
gc 3454 @9.038s 5%: 0.30+0.52+0.070 ms clock, 6.1+0.37/0.71/0+1.4 ms cpu, 4->5->2 MB, 5 MB goal, 0 MB stacks, 0 MB globals, 20 P
gc 3455 @9.039s 5%: 0.10+0.42+0.066 ms clock, 2.0+0.37/0.56/0.003+1.3 ms cpu, 4->5->2 MB, 5 MB goal, 0 MB stacks, 0 MB globals, 20 P
gc 3456 @9.040s 5%: 0.046+0.22+0.061 ms clock, 0.93+0.39/0.64/0.022+1.2 ms cpu, 4->4->1 MB, 4 MB goal, 0 MB stacks, 0 MB globals, 20 P
gc 3457 @9.041s 5%: 0.030+0.46+0.039 ms clock, 0.61+0.33/0.57/0.029+0.79 ms cpu, 3->4->2 MB, 4 MB goal, 0 MB stacks, 0 MB globals, 20 P
gc 3458 @9.043s 5%: 0.078+0.51+0.007 ms clock, 1.5+0.38/0.66/0.030+0.14 ms cpu, 4->5->2 MB, 4 MB goal, 0 MB stacks, 0 MB globals, 20 P
gc 3459 @9.044s 5%: 0.11+0.65+0.010 ms clock, 2.2+0.38/0.68/0+0.20 ms cpu, 4->5->2 MB, 5 MB goal, 0 MB stacks, 0 MB globals, 20 P
gc 3460 @9.046s 5%: 0.077+0.55+0.023 ms clock, 1.5+0.27/0.85/0+0.47 ms cpu, 4->5->2 MB, 5 MB goal, 0 MB stacks, 0 MB globals, 20 P
gc 3461 @9.048s 5%: 0.23+0.52+0.085 ms clock, 4.7+0.46/0.72/0.008+1.7 ms cpu, 4->5->2 MB, 5 MB goal, 0 MB stacks, 0 MB globals, 20 P
gc 3462 @9.050s 5%: 0.075+1.0+0.050 ms clock, 1.5+0.27/0.96/0+1.0 ms cpu, 5->6->2 MB, 6 MB goal, 0 MB stacks, 0 MB globals, 20 P
gc 3463 @9.052s 5%: 0.062+0.53+0.061 ms clock, 1.2+0.30/0.69/0+1.2 ms cpu, 5->6->2 MB, 6 MB goal, 0 MB stacks, 0 MB globals, 20 P
gc 3464 @9.053s 5%: 0.064+5.0+0.007 ms clock, 1.2+0.52/0.68/0.005+0.15 ms cpu, 4->6->2 MB, 5 MB goal, 0 MB stacks, 0 MB globals, 20 P
gc 3465 @9.059s 5%: 0.51+0.58+0.033 ms clock, 10+0.41/0.77/0+0.67 ms cpu, 5->7->3 MB, 6 MB goal, 0 MB stacks, 0 MB globals, 20 P
gc 3466 @9.060s 5%: 0.089+0.46+0.073 ms clock, 1.7+0.40/0.61/0.010+1.4 ms cpu, 5->7->3 MB, 7 MB goal, 0 MB stacks, 0 MB globals, 20 P
gc 3467 @9.061s 5%: 0.11+0.49+0.051 ms clock, 2.2+0.42/0.63/0+1.0 ms cpu, 5->7->3 MB, 6 MB goal, 0 MB stacks, 0 MB globals, 20 P
gc 3468 @9.062s 5%: 0.084+0.44+0.051 ms clock, 1.6+0.32/0.83/0+1.0 ms cpu, 5->6->2 MB, 6 MB goal, 0 MB stacks, 0 MB globals, 20 P
gc 3469 @9.064s 5%: 0.069+0.67+0.043 ms clock, 1.3+0.39/0.69/0+0.86 ms cpu, 5->6->3 MB, 6 MB goal, 0 MB stacks, 0 MB globals, 20 P
gc 3470 @9.065s 5%: 0.073+0.27+0.044 ms clock, 1.4+0.28/0.69/0+0.89 ms cpu, 5->6->2 MB, 6 MB goal, 0 MB stacks, 0 MB globals, 20 P
gc 3471 @9.066s 5%: 0.058+0.48+0.069 ms clock, 1.1+0.27/0.82/0+1.3 ms cpu, 4->5->2 MB, 5 MB goal, 0 MB stacks, 0 MB globals, 20 P
gc 3472 @9.068s 5%: 0.025+0.37+0.048 ms clock, 0.50+0.37/0.59/0+0.97 ms cpu, 4->5->2 MB, 4 MB goal, 0 MB stacks, 0 MB globals, 20 P
gc 3473 @9.069s 5%: 0.071+0.44+0.074 ms clock, 1.4+0.23/0.66/0.039+1.4 ms cpu, 4->5->2 MB, 4 MB goal, 0 MB stacks, 0 MB globals, 20 P
gc 3474 @9.070s 5%: 0.063+0.32+0.015 ms clock, 1.2+0.31/0.63/0.080+0.31 ms cpu, 4->4->1 MB, 5 MB goal, 0 MB stacks, 0 MB globals, 20 P
gc 3475 @9.071s 5%: 0.078+0.55+0.018 ms clock, 1.5+0.34/0.60/0.033+0.37 ms cpu, 3->4->2 MB, 4 MB goal, 0 MB stacks, 0 MB globals, 20 P
gc 3476 @9.073s 5%: 0.11+0.65+0.064 ms clock, 2.3+0.27/0.73/0+1.2 ms cpu, 4->5->2 MB, 5 MB goal, 0 MB stacks, 0 MB globals, 20 P
gc 3477 @9.074s 5%: 0.12+0.61+0.085 ms clock, 2.5+0.43/0.54/0.051+1.7 ms cpu, 4->5->2 MB, 5 MB goal, 0 MB stacks, 0 MB globals, 20 P
gc 3478 @9.076s 5%: 0.063+0.30+0.061 ms clock, 1.2+0.25/0.67/0+1.2 ms cpu, 4->5->2 MB, 5 MB goal, 0 MB stacks, 0 MB globals, 20 P
gc 3479 @9.077s 5%: 0.068+0.58+0.058 ms clock, 1.3+0.41/0.85/0.033+1.1 ms cpu, 4->5->2 MB, 5 MB goal, 0 MB stacks, 0 MB globals, 20 P
gc 3480 @9.079s 5%: 0.071+0.46+0.006 ms clock, 1.4+0.33/0.59/0.002+0.12 ms cpu, 4->4->2 MB, 5 MB goal, 0 MB stacks, 0 MB globals, 20 P
gc 3481 @9.080s 5%: 0.074+0.38+0.071 ms clock, 1.4+0.42/0.77/0.024+1.4 ms cpu, 3->4->2 MB, 4 MB goal, 0 MB stacks, 0 MB globals, 20 P
gc 3482 @9.081s 5%: 0.054+0.53+0.10 ms clock, 1.0+0.32/0.62/0.007+2.0 ms cpu, 4->5->2 MB, 4 MB goal, 0 MB stacks, 0 MB globals, 20 P
gc 3483 @9.083s 5%: 0.077+0.23+0.047 ms clock, 1.5+0.21/0.60/0.031+0.94 ms cpu, 4->5->2 MB, 5 MB goal, 0 MB stacks, 0 MB globals, 20 P
gc 3484 @9.084s 5%: 0.088+0.35+0.066 ms clock, 1.7+0.42/0.71/0.002+1.3 ms cpu, 3->4->2 MB, 4 MB goal, 0 MB stacks, 0 MB globals, 20 P
gc 3485 @9.085s 5%: 0.068+0.53+0.073 ms clock, 1.3+0.56/0.61/0+1.4 ms cpu, 4->5->2 MB, 5 MB goal, 0 MB stacks, 0 MB globals, 20 P
gc 3486 @9.088s 5%: 0.016+0.43+0.091 ms clock, 0.32+0.013/0.78/0.019+1.8 ms cpu, 4->5->2 MB, 5 MB goal, 0 MB stacks, 0 MB globals, 20 P
gc 3487 @9.089s 5%: 0.063+0.29+0.064 ms clock, 1.2+0.29/0.67/0+1.2 ms cpu, 4->5->2 MB, 5 MB goal, 0 MB stacks, 0 MB globals, 20 P
gc 3488 @9.090s 5%: 0.099+0.49+0.043 ms clock, 1.9+0.36/0.75/0.007+0.86 ms cpu, 4->5->2 MB, 5 MB goal, 0 MB stacks, 0 MB globals, 20 P
gc 3489 @9.091s 5%: 0.077+0.37+0.062 ms clock, 1.5+0.25/0.73/0.031+1.2 ms cpu, 4->5->2 MB, 5 MB goal, 0 MB stacks, 0 MB globals, 20 P
gc 3490 @9.092s 5%: 0.071+0.56+0.042 ms clock, 1.4+0.26/0.81/0.009+0.85 ms cpu, 3->4->2 MB, 4 MB goal, 0 MB stacks, 0 MB globals, 20 P
gc 3491 @9.094s 5%: 0.086+0.48+0.014 ms clock, 1.7+0.34/0.61/0+0.29 ms cpu, 4->5->2 MB, 5 MB goal, 0 MB stacks, 0 MB globals, 20 P
gc 3492 @9.095s 5%: 0.058+0.43+0.016 ms clock, 1.1+0.32/0.78/0.002+0.32 ms cpu, 4->5->2 MB, 5 MB goal, 0 MB stacks, 0 MB globals, 20 P
gc 3493 @9.096s 5%: 0.078+0.44+0.095 ms clock, 1.5+0.35/0.59/0.13+1.9 ms cpu, 4->5->2 MB, 5 MB goal, 0 MB stacks, 0 MB globals, 20 P
gc 3494 @9.097s 5%: 0.065+0.52+0.041 ms clock, 1.3+0.29/0.69/0+0.82 ms cpu, 4->5->2 MB, 5 MB goal, 0 MB stacks, 0 MB globals, 20 P
gc 3495 @9.099s 5%: 0.076+0.57+0.10 ms clock, 1.5+0.31/0.66/0.034+2.1 ms cpu, 4->5->2 MB, 5 MB goal, 0 MB stacks, 0 MB globals, 20 P
gc 3496 @9.100s 5%: 0.074+0.40+0.067 ms clock, 1.4+0.29/0.74/0+1.3 ms cpu, 4->5->2 MB, 5 MB goal, 0 MB stacks, 0 MB globals, 20 P
gc 3497 @9.101s 5%: 0.067+0.27+0.081 ms clock, 1.3+0.29/0.61/0.058+1.6 ms cpu, 3->4->2 MB, 4 MB goal, 0 MB stacks, 0 MB globals, 20 P
gc 3498 @9.103s 5%: 0.060+0.43+0.091 ms clock, 1.2+0.35/0.58/0.030+1.8 ms cpu, 3->4->2 MB, 4 MB goal, 0 MB stacks, 0 MB globals, 20 P
gc 3499 @9.104s 5%: 0.052+0.42+0.076 ms clock, 1.0+0.43/0.56/0.002+1.5 ms cpu, 4->5->2 MB, 5 MB goal, 0 MB stacks, 0 MB globals, 20 P
gc 3500 @9.105s 5%: 0.075+0.53+0.032 ms clock, 1.5+0.39/0.64/0.009+0.65 ms cpu, 4->5->2 MB, 5 MB goal, 0 MB stacks, 0 MB globals, 20 P
gc 3501 @9.106s 5%: 0.068+0.38+0.059 ms clock, 1.3+0.45/0.57/0+1.1 ms cpu, 4->5->2 MB, 5 MB goal, 0 MB stacks, 0 MB globals, 20 P
gc 3502 @9.108s 5%: 0.074+0.50+0.062 ms clock, 1.4+0.38/0.57/0+1.2 ms cpu, 4->5->2 MB, 5 MB goal, 0 MB stacks, 0 MB globals, 20 P
gc 3503 @9.109s 5%: 0.054+0.48+0.082 ms clock, 1.0+0.29/0.59/0.084+1.6 ms cpu, 4->5->2 MB, 5 MB goal, 0 MB stacks, 0 MB globals, 20 P
gc 3504 @9.111s 5%: 0.069+0.59+0.067 ms clock, 1.3+0.43/0.58/0+1.3 ms cpu, 4->5->2 MB, 5 MB goal, 0 MB stacks, 0 MB globals, 20 P
gc 3505 @9.112s 5%: 0.069+0.33+0.090 ms clock, 1.3+0.23/0.66/0+1.8 ms cpu, 5->5->2 MB, 5 MB goal, 0 MB stacks, 0 MB globals, 20 P
gc 3506 @9.113s 5%: 0.067+0.38+0.046 ms clock, 1.3+0.33/0.63/0.011+0.93 ms cpu, 3->4->2 MB, 4 MB goal, 0 MB stacks, 0 MB globals, 20 P
gc 3507 @9.115s 5%: 0.052+0.31+0.062 ms clock, 1.0+0.29/0.65/0.024+1.2 ms cpu, 4->5->2 MB, 5 MB goal, 0 MB stacks, 0 MB globals, 20 P
gc 3508 @9.116s 5%: 0.075+0.36+0.080 ms clock, 1.5+0.36/0.57/0.052+1.6 ms cpu, 4->4->2 MB, 4 MB goal, 0 MB stacks, 0 MB globals, 20 P
gc 3509 @9.117s 5%: 0.063+0.49+0.056 ms clock, 1.2+0.36/0.56/0.069+1.1 ms cpu, 4->4->2 MB, 4 MB goal, 0 MB stacks, 0 MB globals, 20 P
gc 3510 @9.119s 5%: 0.067+0.40+0.059 ms clock, 1.3+0.36/0.67/0.049+1.1 ms cpu, 4->5->2 MB, 5 MB goal, 0 MB stacks, 0 MB globals, 20 P
gc 3511 @9.120s 5%: 0.11+1.3+0.021 ms clock, 2.2+0.29/0.74/0+0.43 ms cpu, 4->6->3 MB, 5 MB goal, 0 MB stacks, 0 MB globals, 20 P
gc 3512 @9.122s 5%: 0.061+0.36+0.083 ms clock, 1.2+0.44/0.73/0.012+1.6 ms cpu, 6->6->2 MB, 7 MB goal, 0 MB stacks, 0 MB globals, 20 P
gc 3513 @9.123s 5%: 0.056+0.37+0.054 ms clock, 1.1+0.41/0.51/0.077+1.0 ms cpu, 4->4->2 MB, 4 MB goal, 0 MB stacks, 0 MB globals, 20 P
gc 3514 @9.124s 5%: 0.069+0.32+0.079 ms clock, 1.3+0.25/0.73/0+1.5 ms cpu, 4->4->2 MB, 4 MB goal, 0 MB stacks, 0 MB globals, 20 P
gc 3515 @9.126s 5%: 0.068+0.52+0.063 ms clock, 1.3+0.49/0.51/0+1.2 ms cpu, 4->5->2 MB, 4 MB goal, 0 MB stacks, 0 MB globals, 20 P
gc 3516 @9.127s 5%: 0.074+0.56+0.083 ms clock, 1.4+0.28/0.60/0.014+1.6 ms cpu, 4->5->2 MB, 5 MB goal, 0 MB stacks, 0 MB globals, 20 P
gc 3517 @9.129s 5%: 0.45+0.25+0.079 ms clock, 9.0+0.66/0.64/0+1.5 ms cpu, 4->5->2 MB, 5 MB goal, 0 MB stacks, 0 MB globals, 20 P
gc 3518 @9.130s 5%: 0.040+0.36+0.083 ms clock, 0.81+0.22/0.68/0+1.6 ms cpu, 4->5->2 MB, 5 MB goal, 0 MB stacks, 0 MB globals, 20 P
gc 3519 @9.132s 5%: 0.042+0.46+0.079 ms clock, 0.84+0.26/0.68/0.10+1.5 ms cpu, 4->5->2 MB, 4 MB goal, 0 MB stacks, 0 MB globals, 20 P
gc 3520 @9.133s 5%: 0.065+0.46+0.061 ms clock, 1.3+0.22/0.62/0.002+1.2 ms cpu, 4->5->2 MB, 5 MB goal, 0 MB stacks, 0 MB globals, 20 P
gc 3521 @9.134s 5%: 0.078+0.31+0.064 ms clock, 1.5+0.33/0.56/0.033+1.2 ms cpu, 4->5->2 MB, 5 MB goal, 0 MB stacks, 0 MB globals, 20 P
gc 3522 @9.135s 5%: 0.049+0.53+0.026 ms clock, 0.98+0.33/0.60/0+0.52 ms cpu, 4->5->2 MB, 4 MB goal, 0 MB stacks, 0 MB globals, 20 P
gc 3523 @9.136s 5%: 0.025+0.36+0.075 ms clock, 0.51+0.17/0.60/0.037+1.5 ms cpu, 4->5->2 MB, 5 MB goal, 0 MB stacks, 0 MB globals, 20 P
gc 3524 @9.137s 5%: 0.069+0.36+0.036 ms clock, 1.3+0.32/0.51/0.038+0.72 ms cpu, 4->4->2 MB, 4 MB goal, 0 MB stacks, 0 MB globals, 20 P
gc 3525 @9.139s 5%: 0.071+0.43+0.068 ms clock, 1.4+0.29/0.66/0+1.3 ms cpu, 4->5->2 MB, 4 MB goal, 0 MB stacks, 0 MB globals, 20 P
gc 3526 @9.140s 5%: 0.064+0.45+0.056 ms clock, 1.2+0.29/0.65/0+1.1 ms cpu, 4->5->2 MB, 5 MB goal, 0 MB stacks, 0 MB globals, 20 P
gc 3527 @9.141s 5%: 0.041+0.37+0.039 ms clock, 0.82+0.42/0.56/0.031+0.78 ms cpu, 4->5->2 MB, 5 MB goal, 0 MB stacks, 0 MB globals, 20 P
gc 3528 @9.142s 5%: 0.070+0.48+0.063 ms clock, 1.4+0.38/0.55/0.018+1.2 ms cpu, 4->4->2 MB, 4 MB goal, 0 MB stacks, 0 MB globals, 20 P
gc 3529 @9.143s 5%: 0.075+0.42+0.070 ms clock, 1.5+0.32/0.70/0.012+1.4 ms cpu, 4->5->2 MB, 4 MB goal, 0 MB stacks, 0 MB globals, 20 P
gc 3530 @9.145s 5%: 0.064+0.36+0.050 ms clock, 1.2+0.25/0.55/0.073+1.0 ms cpu, 4->5->2 MB, 5 MB goal, 0 MB stacks, 0 MB globals, 20 P
gc 3531 @9.146s 5%: 0.079+0.33+0.071 ms clock, 1.5+0.31/0.70/0+1.4 ms cpu, 3->4->2 MB, 4 MB goal, 0 MB stacks, 0 MB globals, 20 P
gc 3532 @9.147s 5%: 0.063+0.35+0.073 ms clock, 1.2+0.29/0.66/0.009+1.4 ms cpu, 3->4->2 MB, 4 MB goal, 0 MB stacks, 0 MB globals, 20 P
gc 3533 @9.148s 5%: 0.068+0.49+0.046 ms clock, 1.3+0.26/0.61/0.028+0.92 ms cpu, 3->4->2 MB, 4 MB goal, 0 MB stacks, 0 MB globals, 20 P
gc 3534 @9.150s 5%: 0.067+0.28+0.074 ms clock, 1.3+0.33/0.65/0.010+1.4 ms cpu, 4->5->2 MB, 5 MB goal, 0 MB stacks, 0 MB globals, 20 P
gc 3535 @9.151s 5%: 0.076+0.65+0.010 ms clock, 1.5+0.31/0.65/0+0.20 ms cpu, 4->5->2 MB, 4 MB goal, 0 MB stacks, 0 MB globals, 20 P
gc 3536 @9.153s 5%: 0.044+0.44+0.067 ms clock, 0.89+0.21/0.62/0.011+1.3 ms cpu, 4->5->2 MB, 5 MB goal, 0 MB stacks, 0 MB globals, 20 P
gc 3537 @9.154s 5%: 0.086+0.38+0.022 ms clock, 1.7+0.31/0.56/0+0.45 ms cpu, 4->5->2 MB, 5 MB goal, 0 MB stacks, 0 MB globals, 20 P
gc 3538 @9.155s 5%: 0.078+0.27+0.054 ms clock, 1.5+0.25/0.64/0+1.0 ms cpu, 4->5->2 MB, 4 MB goal, 0 MB stacks, 0 MB globals, 20 P
gc 3539 @9.157s 5%: 0.016+0.32+0.059 ms clock, 0.32+0.19/0.58/0+1.1 ms cpu, 4->4->2 MB, 4 MB goal, 0 MB stacks, 0 MB globals, 20 P
gc 3540 @9.158s 5%: 0.052+0.29+0.036 ms clock, 1.0+0.41/0.56/0.069+0.73 ms cpu, 4->4->2 MB, 4 MB goal, 0 MB stacks, 0 MB globals, 20 P
gc 3541 @9.159s 5%: 0.070+0.44+0.040 ms clock, 1.4+0.34/0.59/0.020+0.80 ms cpu, 3->4->2 MB, 4 MB goal, 0 MB stacks, 0 MB globals, 20 P
gc 3542 @9.160s 5%: 0.11+0.25+0.025 ms clock, 2.2+0.36/0.49/0.069+0.51 ms cpu, 4->5->2 MB, 5 MB goal, 0 MB stacks, 0 MB globals, 20 P
gc 3543 @9.161s 5%: 0.032+0.48+0.060 ms clock, 0.65+0.38/0.59/0.010+1.2 ms cpu, 3->4->2 MB, 4 MB goal, 0 MB stacks, 0 MB globals, 20 P
gc 3544 @9.162s 5%: 0.048+0.39+0.062 ms clock, 0.96+0.34/0.69/0.019+1.2 ms cpu, 4->5->2 MB, 5 MB goal, 0 MB stacks, 0 MB globals, 20 P
gc 3545 @9.163s 5%: 0.044+0.48+0.069 ms clock, 0.89+0.25/0.72/0.007+1.3 ms cpu, 4->5->2 MB, 5 MB goal, 0 MB stacks, 0 MB globals, 20 P
gc 3546 @9.165s 5%: 0.030+0.32+0.061 ms clock, 0.60+0.20/0.58/0.023+1.2 ms cpu, 4->5->2 MB, 5 MB goal, 0 MB stacks, 0 MB globals, 20 P
gc 3547 @9.166s 5%: 0.043+0.45+0.055 ms clock, 0.86+0.32/0.59/0.042+1.1 ms cpu, 3->4->2 MB, 4 MB goal, 0 MB stacks, 0 MB globals, 20 P
gc 3548 @9.167s 5%: 0.029+0.31+0.074 ms clock, 0.58+0.23/0.61/0.022+1.4 ms cpu, 4->4->2 MB, 5 MB goal, 0 MB stacks, 0 MB globals, 20 P
gc 3549 @9.168s 5%: 0.076+0.50+0.034 ms clock, 1.5+0.23/0.60/0.051+0.68 ms cpu, 4->5->2 MB, 4 MB goal, 0 MB stacks, 0 MB globals, 20 P
gc 3550 @9.170s 5%: 0.026+1.1+0.082 ms clock, 0.53+0.16/0.56/0.20+1.6 ms cpu, 4->6->3 MB, 5 MB goal, 0 MB stacks, 0 MB globals, 20 P
gc 3551 @9.172s 5%: 0.060+0.33+0.029 ms clock, 1.2+0.36/0.62/0.070+0.58 ms cpu, 5->6->2 MB, 6 MB goal, 0 MB stacks, 0 MB globals, 20 P
gc 3552 @9.173s 5%: 0.067+0.44+0.069 ms clock, 1.3+0.31/0.49/0.047+1.3 ms cpu, 4->5->2 MB, 4 MB goal, 0 MB stacks, 0 MB globals, 20 P
gc 3553 @9.174s 5%: 0.051+0.33+0.056 ms clock, 1.0+0.24/0.56/0+1.1 ms cpu, 4->5->2 MB, 5 MB goal, 0 MB stacks, 0 MB globals, 20 P
gc 3554 @9.175s 5%: 0.063+0.41+0.076 ms clock, 1.2+0.45/0.68/0.022+1.5 ms cpu, 4->5->2 MB, 4 MB goal, 0 MB stacks, 0 MB globals, 20 P
gc 3555 @9.176s 5%: 0.071+0.37+0.013 ms clock, 1.4+0.40/0.65/0.015+0.27 ms cpu, 4->4->2 MB, 5 MB goal, 0 MB stacks, 0 MB globals, 20 P
gc 3556 @9.177s 5%: 0.068+0.31+0.063 ms clock, 1.3+0.45/0.61/0+1.2 ms cpu, 3->4->2 MB, 4 MB goal, 0 MB stacks, 0 MB globals, 20 P
gc 3557 @9.178s 5%: 0.039+0.33+0.013 ms clock, 0.79+0.23/0.57/0+0.27 ms cpu, 4->4->2 MB, 4 MB goal, 0 MB stacks, 0 MB globals, 20 P
gc 3558 @9.180s 5%: 0.042+0.36+0.052 ms clock, 0.85+0.34/0.72/0.005+1.0 ms cpu, 3->4->2 MB, 4 MB goal, 0 MB stacks, 0 MB globals, 20 P
gc 3559 @9.181s 5%: 0.077+0.30+0.077 ms clock, 1.5+0.30/0.63/0.048+1.5 ms cpu, 4->4->2 MB, 4 MB goal, 0 MB stacks, 0 MB globals, 20 P
gc 3560 @9.182s 5%: 0.10+0.33+0.10 ms clock, 2.1+0.35/0.61/0.030+2.1 ms cpu, 4->5->2 MB, 4 MB goal, 0 MB stacks, 0 MB globals, 20 P
gc 3561 @9.184s 5%: 0.072+0.39+0.075 ms clock, 1.4+0.27/0.61/0.041+1.5 ms cpu, 4->5->2 MB, 5 MB goal, 0 MB stacks, 0 MB globals, 20 P
gc 3562 @9.185s 5%: 0.049+0.37+0.051 ms clock, 0.98+0.31/0.71/0.011+1.0 ms cpu, 4->5->2 MB, 4 MB goal, 0 MB stacks, 0 MB globals, 20 P
gc 3563 @9.186s 5%: 0.076+0.43+0.062 ms clock, 1.5+0.27/0.63/0+1.2 ms cpu, 4->5->2 MB, 5 MB goal, 0 MB stacks, 0 MB globals, 20 P
gc 3564 @9.188s 5%: 0.073+0.22+0.059 ms clock, 1.4+0.31/0.56/0+1.1 ms cpu, 4->4->2 MB, 5 MB goal, 0 MB stacks, 0 MB globals, 20 P
gc 3565 @9.188s 5%: 0.073+0.45+0.051 ms clock, 1.4+0.42/0.63/0+1.0 ms cpu, 3->4->2 MB, 4 MB goal, 0 MB stacks, 0 MB globals, 20 P
gc 3566 @9.190s 5%: 0.020+0.48+0.042 ms clock, 0.40+0.23/0.55/0.042+0.85 ms cpu, 4->5->2 MB, 5 MB goal, 0 MB stacks, 0 MB globals, 20 P
gc 3567 @9.191s 5%: 0.075+0.48+0.083 ms clock, 1.5+0.23/0.66/0.015+1.6 ms cpu, 4->5->2 MB, 5 MB goal, 0 MB stacks, 0 MB globals, 20 P
gc 3568 @9.193s 5%: 0.066+0.41+0.054 ms clock, 1.3+0.33/0.55/0.081+1.0 ms cpu, 4->5->2 MB, 5 MB goal, 0 MB stacks, 0 MB globals, 20 P
gc 3569 @9.194s 5%: 0.065+0.30+0.075 ms clock, 1.3+0.29/0.68/0.025+1.5 ms cpu, 4->5->2 MB, 5 MB goal, 0 MB stacks, 0 MB globals, 20 P
gc 3570 @9.196s 5%: 0.11+0.25+0.022 ms clock, 2.2+0.33/0.71/0+0.44 ms cpu, 4->4->2 MB, 4 MB goal, 0 MB stacks, 0 MB globals, 20 P
gc 3571 @9.197s 5%: 0.049+0.33+0.077 ms clock, 0.98+0.32/0.77/0.087+1.5 ms cpu, 3->4->2 MB, 4 MB goal, 0 MB stacks, 0 MB globals, 20 P
gc 3572 @9.198s 5%: 0.037+0.22+0.020 ms clock, 0.74+0.33/0.55/0.013+0.40 ms cpu, 4->4->1 MB, 4 MB goal, 0 MB stacks, 0 MB globals, 20 P
gc 3573 @9.199s 5%: 0.042+0.45+0.084 ms clock, 0.85+0.19/0.73/0+1.6 ms cpu, 3->4->2 MB, 4 MB goal, 0 MB stacks, 0 MB globals, 20 P
gc 3574 @9.201s 5%: 0.055+0.35+0.070 ms clock, 1.1+0.29/0.73/0.019+1.4 ms cpu, 4->5->2 MB, 5 MB goal, 0 MB stacks, 0 MB globals, 20 P
gc 3575 @9.202s 5%: 0.064+0.38+0.031 ms clock, 1.2+0.44/0.70/0.006+0.63 ms cpu, 4->4->2 MB, 4 MB goal, 0 MB stacks, 0 MB globals, 20 P
gc 3576 @9.203s 5%: 0.071+0.49+0.012 ms clock, 1.4+0.24/0.57/0.088+0.25 ms cpu, 4->5->2 MB, 4 MB goal, 0 MB stacks, 0 MB globals, 20 P
gc 3577 @9.204s 5%: 0.025+0.46+0.017 ms clock, 0.50+0.22/0.76/0.001+0.35 ms cpu, 4->5->2 MB, 5 MB goal, 0 MB stacks, 0 MB globals, 20 P
gc 3578 @9.205s 5%: 0.078+0.42+0.005 ms clock, 1.5+0.31/0.67/0.004+0.11 ms cpu, 4->4->2 MB, 4 MB goal, 0 MB stacks, 0 MB globals, 20 P
gc 3579 @9.206s 5%: 0.039+0.45+0.039 ms clock, 0.78+0.29/0.58/0.12+0.79 ms cpu, 4->4->2 MB, 4 MB goal, 0 MB stacks, 0 MB globals, 20 P
gc 3580 @9.208s 5%: 0.082+0.24+0.056 ms clock, 1.6+0.26/0.65/0.005+1.1 ms cpu, 4->4->2 MB, 5 MB goal, 0 MB stacks, 0 MB globals, 20 P
gc 3581 @9.208s 5%: 0.063+0.45+0.013 ms clock, 1.2+0.27/0.71/0.026+0.27 ms cpu, 3->4->2 MB, 4 MB goal, 0 MB stacks, 0 MB globals, 20 P
gc 3582 @9.210s 5%: 0.027+0.48+0.071 ms clock, 0.55+0.075/0.67/0+1.4 ms cpu, 4->5->2 MB, 4 MB goal, 0 MB stacks, 0 MB globals, 20 P
gc 3583 @9.211s 5%: 0.067+0.42+0.041 ms clock, 1.3+0.27/0.58/0.002+0.82 ms cpu, 4->4->2 MB, 4 MB goal, 0 MB stacks, 0 MB globals, 20 P
gc 3584 @9.213s 5%: 0.068+0.39+0.067 ms clock, 1.3+0.31/0.69/0.028+1.3 ms cpu, 4->4->2 MB, 4 MB goal, 0 MB stacks, 0 MB globals, 20 P
gc 3585 @9.214s 5%: 0.077+0.28+0.064 ms clock, 1.5+0.28/0.61/0.014+1.2 ms cpu, 4->4->2 MB, 4 MB goal, 0 MB stacks, 0 MB globals, 20 P
gc 3586 @9.215s 5%: 0.11+0.32+0.063 ms clock, 2.2+0.51/0.72/0.001+1.2 ms cpu, 3->4->2 MB, 4 MB goal, 0 MB stacks, 0 MB globals, 20 P
gc 3587 @9.216s 5%: 0.065+0.31+0.061 ms clock, 1.3+0.39/0.73/0.001+1.2 ms cpu, 4->4->2 MB, 4 MB goal, 0 MB stacks, 0 MB globals, 20 P
gc 3588 @9.217s 5%: 0.059+0.31+0.066 ms clock, 1.1+0.22/0.59/0.048+1.3 ms cpu, 3->4->2 MB, 4 MB goal, 0 MB stacks, 0 MB globals, 20 P
gc 3589 @9.218s 5%: 0.047+0.39+0.018 ms clock, 0.94+0.22/0.61/0.015+0.36 ms cpu, 3->4->2 MB, 4 MB goal, 0 MB stacks, 0 MB globals, 20 P
gc 3590 @9.219s 5%: 0.076+0.44+0.068 ms clock, 1.5+0.28/0.59/0.049+1.3 ms cpu, 4->5->2 MB, 4 MB goal, 0 MB stacks, 0 MB globals, 20 P
gc 3591 @9.221s 5%: 0.079+0.55+0.022 ms clock, 1.5+0.29/0.68/0.023+0.45 ms cpu, 4->5->2 MB, 4 MB goal, 0 MB stacks, 0 MB globals, 20 P
gc 3592 @9.222s 5%: 0.075+0.36+0.072 ms clock, 1.5+0.40/0.64/0.049+1.4 ms cpu, 4->5->2 MB, 5 MB goal, 0 MB stacks, 0 MB globals, 20 P
gc 3593 @9.223s 5%: 0.042+0.40+0.017 ms clock, 0.85+0.25/0.55/0.051+0.34 ms cpu, 4->5->2 MB, 5 MB goal, 0 MB stacks, 0 MB globals, 20 P
gc 3594 @9.225s 5%: 0.073+0.44+0.046 ms clock, 1.4+0.22/0.77/0+0.93 ms cpu, 4->5->2 MB, 5 MB goal, 0 MB stacks, 0 MB globals, 20 P
gc 3595 @9.226s 5%: 0.065+0.37+0.050 ms clock, 1.3+0.23/0.61/0.10+1.0 ms cpu, 4->5->2 MB, 5 MB goal, 0 MB stacks, 0 MB globals, 20 P
gc 3596 @9.228s 5%: 0.071+0.25+0.044 ms clock, 1.4+0.39/0.59/0+0.88 ms cpu, 4->4->2 MB, 5 MB goal, 0 MB stacks, 0 MB globals, 20 P
gc 3597 @9.229s 5%: 0.077+0.43+0.084 ms clock, 1.5+0.33/0.68/0.057+1.6 ms cpu, 3->4->2 MB, 4 MB goal, 0 MB stacks, 0 MB globals, 20 P
gc 3598 @9.230s 5%: 0.069+0.59+0.048 ms clock, 1.3+0.37/0.55/0.056+0.97 ms cpu, 4->5->2 MB, 5 MB goal, 0 MB stacks, 0 MB globals, 20 P
gc 3599 @9.232s 5%: 0.073+0.42+0.075 ms clock, 1.4+0.27/0.63/0.023+1.5 ms cpu, 4->5->2 MB, 5 MB goal, 0 MB stacks, 0 MB globals, 20 P
gc 3600 @9.233s 5%: 0.080+0.32+0.065 ms clock, 1.6+0.28/0.67/0+1.3 ms cpu, 4->5->2 MB, 4 MB goal, 0 MB stacks, 0 MB globals, 20 P
gc 3601 @9.235s 5%: 0.066+0.57+0.056 ms clock, 1.3+0.31/0.70/0+1.1 ms cpu, 4->5->2 MB, 4 MB goal, 0 MB stacks, 0 MB globals, 20 P
gc 3602 @9.237s 5%: 0.024+0.51+0.070 ms clock, 0.48+0.10/0.62/0+1.4 ms cpu, 4->6->2 MB, 5 MB goal, 0 MB stacks, 0 MB globals, 20 P
gc 3603 @9.238s 5%: 0.063+0.42+0.042 ms clock, 1.2+0.39/0.63/0.031+0.84 ms cpu, 4->5->2 MB, 5 MB goal, 0 MB stacks, 0 MB globals, 20 P
gc 3604 @9.240s 5%: 0.040+0.30+0.069 ms clock, 0.80+0.34/0.50/0.17+1.3 ms cpu, 4->5->2 MB, 5 MB goal, 0 MB stacks, 0 MB globals, 20 P
gc 3605 @9.241s 5%: 0.068+0.61+0.025 ms clock, 1.3+0.33/0.65/0+0.50 ms cpu, 4->5->2 MB, 4 MB goal, 0 MB stacks, 0 MB globals, 20 P
gc 3606 @9.242s 5%: 0.043+0.35+0.064 ms clock, 0.86+0.38/0.69/0.018+1.2 ms cpu, 4->5->2 MB, 5 MB goal, 0 MB stacks, 0 MB globals, 20 P
gc 3607 @9.243s 5%: 0.069+0.35+0.013 ms clock, 1.3+0.28/0.65/0.051+0.26 ms cpu, 4->4->2 MB, 4 MB goal, 0 MB stacks, 0 MB globals, 20 P
gc 3608 @9.245s 5%: 0.018+0.32+0.068 ms clock, 0.37+0.29/0.66/0.028+1.3 ms cpu, 4->4->2 MB, 4 MB goal, 0 MB stacks, 0 MB globals, 20 P
gc 3609 @9.246s 5%: 0.034+0.49+0.021 ms clock, 0.69+0.36/0.71/0+0.42 ms cpu, 4->5->2 MB, 4 MB goal, 0 MB stacks, 0 MB globals, 20 P
gc 3610 @9.247s 5%: 0.060+0.64+0.070 ms clock, 1.2+0.30/0.69/0.008+1.4 ms cpu, 4->5->2 MB, 5 MB goal, 0 MB stacks, 0 MB globals, 20 P
gc 3611 @9.249s 5%: 0.070+0.35+0.028 ms clock, 1.4+0.15/0.64/0.044+0.56 ms cpu, 4->5->2 MB, 5 MB goal, 0 MB stacks, 0 MB globals, 20 P
gc 3612 @9.250s 5%: 0.046+0.36+0.025 ms clock, 0.93+0.16/0.69/0.005+0.51 ms cpu, 3->4->2 MB, 4 MB goal, 0 MB stacks, 0 MB globals, 20 P
gc 3613 @9.251s 5%: 0.027+0.41+0.088 ms clock, 0.54+0.23/0.70/0.058+1.7 ms cpu, 4->5->2 MB, 4 MB goal, 0 MB stacks, 0 MB globals, 20 P
gc 3614 @9.252s 5%: 0.079+0.54+0.046 ms clock, 1.5+0.44/0.65/0+0.92 ms cpu, 4->5->2 MB, 5 MB goal, 0 MB stacks, 0 MB globals, 20 P
gc 3615 @9.254s 5%: 0.081+0.39+0.046 ms clock, 1.6+0.27/0.68/0.010+0.92 ms cpu, 4->5->2 MB, 5 MB goal, 0 MB stacks, 0 MB globals, 20 P
gc 3616 @9.255s 5%: 0.060+0.37+0.068 ms clock, 1.2+0.44/0.60/0.028+1.3 ms cpu, 4->5->2 MB, 5 MB goal, 0 MB stacks, 0 MB globals, 20 P
gc 3617 @9.256s 5%: 0.052+0.25+0.062 ms clock, 1.0+0.38/0.82/0+1.2 ms cpu, 4->4->2 MB, 5 MB goal, 0 MB stacks, 0 MB globals, 20 P
gc 3618 @9.257s 5%: 0.049+0.53+0.076 ms clock, 0.99+0.34/0.65/0.10+1.5 ms cpu, 3->4->2 MB, 4 MB goal, 0 MB stacks, 0 MB globals, 20 P
gc 3619 @9.258s 5%: 0.069+0.51+0.067 ms clock, 1.3+0.23/0.70/0.040+1.3 ms cpu, 4->5->2 MB, 5 MB goal, 0 MB stacks, 0 MB globals, 20 P
gc 3620 @9.260s 5%: 0.099+0.40+0.037 ms clock, 1.9+0.25/0.60/0.086+0.75 ms cpu, 4->5->2 MB, 5 MB goal, 0 MB stacks, 0 MB globals, 20 P
gc 3621 @9.261s 5%: 0.072+0.49+0.033 ms clock, 1.4+0.56/0.65/0.054+0.66 ms cpu, 4->5->2 MB, 5 MB goal, 0 MB stacks, 0 MB globals, 20 P
gc 3622 @9.263s 5%: 0.071+0.37+0.065 ms clock, 1.4+0.36/0.61/0.013+1.3 ms cpu, 4->5->2 MB, 5 MB goal, 0 MB stacks, 0 MB globals, 20 P
gc 3623 @9.264s 5%: 0.047+0.21+0.054 ms clock, 0.94+0.25/0.58/0+1.0 ms cpu, 4->4->1 MB, 4 MB goal, 0 MB stacks, 0 MB globals, 20 P
gc 3624 @9.265s 5%: 0.078+0.45+0.056 ms clock, 1.5+0.25/0.77/0.013+1.1 ms cpu, 3->4->2 MB, 4 MB goal, 0 MB stacks, 0 MB globals, 20 P
gc 3625 @9.266s 5%: 0.089+0.31+0.007 ms clock, 1.7+0.29/0.61/0+0.15 ms cpu, 4->5->2 MB, 4 MB goal, 0 MB stacks, 0 MB globals, 20 P
gc 3626 @9.267s 5%: 0.088+0.54+0.054 ms clock, 1.7+0.28/0.66/0.001+1.0 ms cpu, 4->5->2 MB, 4 MB goal, 0 MB stacks, 0 MB globals, 20 P
gc 3627 @9.269s 5%: 0.039+0.37+0.036 ms clock, 0.78+0.24/0.70/0.031+0.73 ms cpu, 4->5->2 MB, 5 MB goal, 0 MB stacks, 0 MB globals, 20 P
gc 3628 @9.270s 5%: 0.078+0.35+0.041 ms clock, 1.5+0.32/0.57/0+0.83 ms cpu, 4->5->2 MB, 5 MB goal, 0 MB stacks, 0 MB globals, 20 P
gc 3629 @9.271s 5%: 0.070+0.39+0.051 ms clock, 1.4+0.43/0.78/0+1.0 ms cpu, 4->5->2 MB, 4 MB goal, 0 MB stacks, 0 MB globals, 20 P
gc 3630 @9.273s 5%: 0.012+0.31+0.028 ms clock, 0.24+0.15/0.54/0.26+0.57 ms cpu, 4->5->2 MB, 5 MB goal, 0 MB stacks, 0 MB globals, 20 P
gc 3631 @9.274s 5%: 0.071+0.38+0.071 ms clock, 1.4+0.33/0.83/0.043+1.4 ms cpu, 3->4->2 MB, 4 MB goal, 0 MB stacks, 0 MB globals, 20 P
gc 3632 @9.275s 5%: 0.058+0.52+0.085 ms clock, 1.1+0.34/0.66/0.021+1.7 ms cpu, 4->5->2 MB, 4 MB goal, 0 MB stacks, 0 MB globals, 20 P
gc 3633 @9.277s 5%: 0.037+0.50+0.063 ms clock, 0.74+0.31/0.61/0.022+1.2 ms cpu, 4->5->2 MB, 5 MB goal, 0 MB stacks, 0 MB globals, 20 P
gc 3634 @9.278s 5%: 0.036+0.33+0.061 ms clock, 0.72+0.51/0.54/0+1.2 ms cpu, 4->5->2 MB, 5 MB goal, 0 MB stacks, 0 MB globals, 20 P
gc 3635 @9.279s 5%: 0.067+0.39+0.007 ms clock, 1.3+0.29/0.80/0.009+0.15 ms cpu, 4->5->2 MB, 4 MB goal, 0 MB stacks, 0 MB globals, 20 P
gc 3636 @9.281s 5%: 0.078+0.30+0.070 ms clock, 1.5+0.29/0.69/0.032+1.4 ms cpu, 4->5->2 MB, 5 MB goal, 0 MB stacks, 0 MB globals, 20 P
gc 3637 @9.282s 5%: 0.016+0.31+0.088 ms clock, 0.33+0.28/0.76/0.010+1.7 ms cpu, 3->4->1 MB, 4 MB goal, 0 MB stacks, 0 MB globals, 20 P
gc 3638 @9.283s 5%: 0.055+0.49+0.043 ms clock, 1.1+0.45/0.72/0.017+0.86 ms cpu, 3->4->2 MB, 4 MB goal, 0 MB stacks, 0 MB globals, 20 P
gc 3639 @9.285s 5%: 0.046+0.37+0.057 ms clock, 0.92+0.25/0.55/0.10+1.1 ms cpu, 4->4->2 MB, 5 MB goal, 0 MB stacks, 0 MB globals, 20 P
gc 3640 @9.286s 5%: 0.041+0.47+0.036 ms clock, 0.83+0.19/0.83/0.003+0.73 ms cpu, 3->4->2 MB, 4 MB goal, 0 MB stacks, 0 MB globals, 20 P
gc 3641 @9.287s 5%: 0.067+0.50+0.066 ms clock, 1.3+0.40/0.58/0+1.3 ms cpu, 4->5->2 MB, 4 MB goal, 0 MB stacks, 0 MB globals, 20 P
gc 3642 @9.288s 5%: 0.076+0.32+0.041 ms clock, 1.5+0.23/0.64/0+0.83 ms cpu, 4->5->2 MB, 5 MB goal, 0 MB stacks, 0 MB globals, 20 P
gc 3643 @9.290s 5%: 0.043+0.49+0.026 ms clock, 0.87+0.26/0.68/0+0.52 ms cpu, 4->5->2 MB, 4 MB goal, 0 MB stacks, 0 MB globals, 20 P
gc 3644 @9.291s 5%: 0.11+0.34+0.054 ms clock, 2.2+0.15/0.75/0.035+1.0 ms cpu, 4->5->2 MB, 5 MB goal, 0 MB stacks, 0 MB globals, 20 P
gc 3645 @9.293s 5%: 0.029+0.49+0.038 ms clock, 0.58+0.19/0.66/0.023+0.76 ms cpu, 4->5->2 MB, 5 MB goal, 0 MB stacks, 0 MB globals, 20 P
gc 3646 @9.294s 5%: 0.070+0.36+0.076 ms clock, 1.4+0.31/0.66/0+1.5 ms cpu, 4->5->2 MB, 5 MB goal, 0 MB stacks, 0 MB globals, 20 P
gc 3647 @9.295s 5%: 0.075+0.91+0.004 ms clock, 1.5+0.31/0.62/0.007+0.091 ms cpu, 4->5->2 MB, 5 MB goal, 0 MB stacks, 0 MB globals, 20 P
gc 3648 @9.297s 5%: 0.064+0.71+0.056 ms clock, 1.2+0.32/0.66/0+1.1 ms cpu, 4->6->2 MB, 5 MB goal, 0 MB stacks, 0 MB globals, 20 P
gc 3649 @9.299s 5%: 0.083+0.81+0.035 ms clock, 1.6+0.25/0.66/0.033+0.71 ms cpu, 4->6->2 MB, 5 MB goal, 0 MB stacks, 0 MB globals, 20 P
gc 3650 @9.301s 5%: 0.046+0.51+0.068 ms clock, 0.93+0.29/0.71/0.012+1.3 ms cpu, 5->6->2 MB, 6 MB goal, 0 MB stacks, 0 MB globals, 20 P
gc 3651 @9.302s 5%: 0.068+0.53+0.084 ms clock, 1.3+0.20/0.71/0.012+1.6 ms cpu, 4->6->2 MB, 5 MB goal, 0 MB stacks, 0 MB globals, 20 P
gc 3652 @9.304s 5%: 0.050+0.46+0.077 ms clock, 1.0+0.30/0.67/0.053+1.5 ms cpu, 4->5->2 MB, 5 MB goal, 0 MB stacks, 0 MB globals, 20 P
gc 3653 @9.306s 5%: 0.091+0.33+0.068 ms clock, 1.8+0.41/0.59/0.025+1.3 ms cpu, 4->5->2 MB, 5 MB goal, 0 MB stacks, 0 MB globals, 20 P
gc 3654 @9.307s 5%: 0.054+0.47+0.004 ms clock, 1.0+0.37/0.52/0.057+0.090 ms cpu, 4->4->2 MB, 4 MB goal, 0 MB stacks, 0 MB globals, 20 P
gc 3655 @9.308s 5%: 0.087+0.63+0.014 ms clock, 1.7+0.34/0.62/0.015+0.29 ms cpu, 4->5->2 MB, 5 MB goal, 0 MB stacks, 0 MB globals, 20 P
gc 3656 @9.309s 5%: 0.076+0.58+0.070 ms clock, 1.5+0.15/0.66/0.003+1.4 ms cpu, 4->5->2 MB, 5 MB goal, 0 MB stacks, 0 MB globals, 20 P
gc 3657 @9.311s 5%: 0.059+0.34+0.048 ms clock, 1.1+0.34/0.55/0+0.97 ms cpu, 4->5->2 MB, 5 MB goal, 0 MB stacks, 0 MB globals, 20 P
gc 3658 @9.312s 5%: 0.069+0.39+0.066 ms clock, 1.3+0.24/0.58/0.007+1.3 ms cpu, 3->4->2 MB, 4 MB goal, 0 MB stacks, 0 MB globals, 20 P
gc 3659 @9.314s 5%: 0.063+0.38+0.033 ms clock, 1.2+0.23/0.72/0.001+0.67 ms cpu, 4->5->2 MB, 4 MB goal, 0 MB stacks, 0 MB globals, 20 P
gc 3660 @9.315s 5%: 0.044+0.56+0.060 ms clock, 0.88+0.50/0.63/0.034+1.2 ms cpu, 4->5->2 MB, 5 MB goal, 0 MB stacks, 0 MB globals, 20 P
gc 3661 @9.317s 5%: 0.087+0.23+0.062 ms clock, 1.7+0.37/0.57/0.002+1.2 ms cpu, 4->5->2 MB, 5 MB goal, 0 MB stacks, 0 MB globals, 20 P
gc 3662 @9.318s 5%: 0.025+0.26+0.011 ms clock, 0.51+0.33/0.57/0.069+0.23 ms cpu, 3->4->1 MB, 4 MB goal, 0 MB stacks, 0 MB globals, 20 P
gc 3663 @9.319s 5%: 0.051+0.33+0.071 ms clock, 1.0+0.52/0.66/0.032+1.4 ms cpu, 3->4->2 MB, 4 MB goal, 0 MB stacks, 0 MB globals, 20 P
gc 3664 @9.320s 5%: 0.014+0.48+0.055 ms clock, 0.28+0.11/0.57/0.23+1.1 ms cpu, 4->4->2 MB, 4 MB goal, 0 MB stacks, 0 MB globals, 20 P
gc 3665 @9.321s 5%: 0.070+0.39+0.069 ms clock, 1.4+0.27/0.65/0.035+1.3 ms cpu, 4->4->2 MB, 4 MB goal, 0 MB stacks, 0 MB globals, 20 P
gc 3666 @9.322s 5%: 0.061+0.40+0.091 ms clock, 1.2+0.24/0.70/0.031+1.8 ms cpu, 4->5->2 MB, 4 MB goal, 0 MB stacks, 0 MB globals, 20 P
gc 3667 @9.324s 5%: 0.024+0.54+0.065 ms clock, 0.49+0.16/0.68/0.15+1.3 ms cpu, 4->5->2 MB, 4 MB goal, 0 MB stacks, 0 MB globals, 20 P
gc 3668 @9.326s 5%: 0.068+0.36+0.069 ms clock, 1.3+0.34/0.55/0.020+1.3 ms cpu, 4->5->2 MB, 5 MB goal, 0 MB stacks, 0 MB globals, 20 P
gc 3669 @9.327s 5%: 0.075+0.21+0.004 ms clock, 1.5+0.25/0.63/0.052+0.083 ms cpu, 4->4->1 MB, 4 MB goal, 0 MB stacks, 0 MB globals, 20 P
gc 3670 @9.328s 5%: 0.044+0.41+0.003 ms clock, 0.89+0.37/0.58/0.029+0.061 ms cpu, 3->4->2 MB, 4 MB goal, 0 MB stacks, 0 MB globals, 20 P
gc 3671 @9.329s 5%: 0.030+0.47+0.013 ms clock, 0.61+0.36/0.57/0.027+0.27 ms cpu, 3->4->2 MB, 4 MB goal, 0 MB stacks, 0 MB globals, 20 P
gc 3672 @9.330s 5%: 0.070+0.51+0.066 ms clock, 1.4+0.36/0.60/0.021+1.3 ms cpu, 4->5->2 MB, 4 MB goal, 0 MB stacks, 0 MB globals, 20 P
gc 3673 @9.332s 5%: 0.055+0.23+0.060 ms clock, 1.1+0.27/0.70/0.018+1.2 ms cpu, 4->5->1 MB, 5 MB goal, 0 MB stacks, 0 MB globals, 20 P
gc 3674 @9.333s 5%: 0.084+0.32+0.093 ms clock, 1.6+0.40/0.59/0.045+1.8 ms cpu, 3->4->2 MB, 4 MB goal, 0 MB stacks, 0 MB globals, 20 P
gc 3675 @9.334s 5%: 0.077+0.45+0.056 ms clock, 1.5+0.41/0.63/0.12+1.1 ms cpu, 4->4->2 MB, 4 MB goal, 0 MB stacks, 0 MB globals, 20 P
gc 3676 @9.335s 5%: 0.039+0.52+0.062 ms clock, 0.79+0.13/0.64/0.11+1.2 ms cpu, 4->5->2 MB, 4 MB goal, 0 MB stacks, 0 MB globals, 20 P
gc 3677 @9.337s 5%: 0.073+0.41+0.050 ms clock, 1.4+0.26/0.62/0.023+1.0 ms cpu, 4->5->2 MB, 5 MB goal, 0 MB stacks, 0 MB globals, 20 P
gc 3678 @9.338s 5%: 0.077+0.42+0.026 ms clock, 1.5+0.30/0.74/0+0.52 ms cpu, 4->5->2 MB, 5 MB goal, 0 MB stacks, 0 MB globals, 20 P
gc 3679 @9.340s 5%: 0.075+0.33+0.035 ms clock, 1.5+0.15/0.60/0+0.70 ms cpu, 4->5->2 MB, 4 MB goal, 0 MB stacks, 0 MB globals, 20 P
gc 3680 @9.341s 5%: 0.060+0.50+0.072 ms clock, 1.2+0.20/0.65/0.005+1.4 ms cpu, 4->5->2 MB, 5 MB goal, 0 MB stacks, 0 MB globals, 20 P
gc 3681 @9.342s 5%: 0.074+0.42+0.035 ms clock, 1.4+0.37/0.68/0.006+0.70 ms cpu, 4->5->2 MB, 5 MB goal, 0 MB stacks, 0 MB globals, 20 P
gc 3682 @9.344s 5%: 0.092+0.35+0.050 ms clock, 1.8+0.31/0.53/0.060+1.0 ms cpu, 4->5->2 MB, 5 MB goal, 0 MB stacks, 0 MB globals, 20 P
gc 3683 @9.345s 5%: 0.077+0.44+0.060 ms clock, 1.5+0.25/0.64/0.016+1.2 ms cpu, 4->5->2 MB, 5 MB goal, 0 MB stacks, 0 MB globals, 20 P
gc 3684 @9.347s 5%: 0.082+0.42+0.020 ms clock, 1.6+0.14/0.71/0+0.41 ms cpu, 4->5->2 MB, 5 MB goal, 0 MB stacks, 0 MB globals, 20 P
gc 3685 @9.348s 5%: 0.047+0.37+0.018 ms clock, 0.95+0.29/0.75/0.007+0.36 ms cpu, 4->4->2 MB, 4 MB goal, 0 MB stacks, 0 MB globals, 20 P
gc 3686 @9.349s 5%: 0.080+0.23+0.065 ms clock, 1.6+0.36/0.60/0+1.3 ms cpu, 3->4->2 MB, 4 MB goal, 0 MB stacks, 0 MB globals, 20 P
gc 3687 @9.350s 5%: 0.080+0.48+0.090 ms clock, 1.6+0.29/0.60/0.080+1.8 ms cpu, 3->4->2 MB, 4 MB goal, 0 MB stacks, 0 MB globals, 20 P
gc 3688 @9.351s 5%: 0.10+0.51+0.060 ms clock, 2.0+0.22/0.66/0.025+1.2 ms cpu, 4->5->2 MB, 4 MB goal, 0 MB stacks, 0 MB globals, 20 P
gc 3689 @9.353s 5%: 0.13+0.37+0.026 ms clock, 2.6+0.24/0.66/0+0.52 ms cpu, 4->5->2 MB, 5 MB goal, 0 MB stacks, 0 MB globals, 20 P
gc 3690 @9.354s 5%: 0.059+0.36+0.045 ms clock, 1.1+0.43/0.78/0.042+0.90 ms cpu, 4->4->2 MB, 4 MB goal, 0 MB stacks, 0 MB globals, 20 P
gc 3691 @9.355s 5%: 0.061+0.67+0.063 ms clock, 1.2+0.35/0.76/0.007+1.2 ms cpu, 4->5->2 MB, 4 MB goal, 0 MB stacks, 0 MB globals, 20 P
gc 3692 @9.357s 5%: 0.055+0.45+0.070 ms clock, 1.1+0.30/0.61/0+1.4 ms cpu, 4->5->2 MB, 5 MB goal, 0 MB stacks, 0 MB globals, 20 P
gc 3693 @9.358s 5%: 0.061+0.39+0.033 ms clock, 1.2+0.32/0.61/0.083+0.66 ms cpu, 4->5->2 MB, 5 MB goal, 0 MB stacks, 0 MB globals, 20 P
gc 3694 @9.359s 5%: 0.073+0.32+0.009 ms clock, 1.4+0.26/0.60/0.030+0.18 ms cpu, 4->4->2 MB, 4 MB goal, 0 MB stacks, 0 MB globals, 20 P
gc 3695 @9.361s 5%: 0.031+0.34+0.12 ms clock, 0.62+0.33/0.54/0.21+2.4 ms cpu, 3->4->2 MB, 4 MB goal, 0 MB stacks, 0 MB globals, 20 P
gc 3696 @9.362s 5%: 0.12+0.54+0.10 ms clock, 2.4+0.27/0.64/0.020+2.0 ms cpu, 3->5->2 MB, 4 MB goal, 0 MB stacks, 0 MB globals, 20 P
gc 3697 @9.363s 5%: 0.089+0.34+0.033 ms clock, 1.7+0.44/0.68/0.054+0.66 ms cpu, 4->5->2 MB, 5 MB goal, 0 MB stacks, 0 MB globals, 20 P
gc 3698 @9.364s 5%: 0.054+0.52+0.064 ms clock, 1.0+0.44/0.66/0+1.2 ms cpu, 4->5->2 MB, 4 MB goal, 0 MB stacks, 0 MB globals, 20 P
gc 3699 @9.366s 5%: 0.067+0.52+0.007 ms clock, 1.3+0.36/0.70/0+0.14 ms cpu, 4->5->2 MB, 5 MB goal, 0 MB stacks, 0 MB globals, 20 P
gc 3700 @9.367s 5%: 0.068+0.38+0.072 ms clock, 1.3+0.31/0.61/0.089+1.4 ms cpu, 4->5->2 MB, 5 MB goal, 0 MB stacks, 0 MB globals, 20 P
gc 3701 @9.368s 5%: 0.10+0.37+0.061 ms clock, 2.1+0.35/0.72/0.004+1.2 ms cpu, 3->4->2 MB, 4 MB goal, 0 MB stacks, 0 MB globals, 20 P
gc 3702 @9.369s 5%: 0.073+0.45+0.076 ms clock, 1.4+0.31/0.56/0.013+1.5 ms cpu, 4->5->2 MB, 5 MB goal, 0 MB stacks, 0 MB globals, 20 P
gc 3703 @9.370s 5%: 0.084+0.38+0.060 ms clock, 1.6+0.28/0.59/0.039+1.2 ms cpu, 4->5->2 MB, 5 MB goal, 0 MB stacks, 0 MB globals, 20 P
gc 3704 @9.372s 5%: 0.11+0.43+0.021 ms clock, 2.3+0.31/0.67/0.009+0.43 ms cpu, 4->5->2 MB, 5 MB goal, 0 MB stacks, 0 MB globals, 20 P
gc 3705 @9.373s 5%: 0.066+0.47+0.088 ms clock, 1.3+0.24/0.64/0+1.7 ms cpu, 4->5->2 MB, 5 MB goal, 0 MB stacks, 0 MB globals, 20 P
gc 3706 @9.375s 5%: 0.062+0.27+0.014 ms clock, 1.2+0.25/0.69/0.10+0.28 ms cpu, 4->5->2 MB, 5 MB goal, 0 MB stacks, 0 MB globals, 20 P
gc 3707 @9.376s 5%: 0.059+0.45+0.074 ms clock, 1.1+0.39/0.64/0.022+1.4 ms cpu, 3->4->2 MB, 4 MB goal, 0 MB stacks, 0 MB globals, 20 P
gc 3708 @9.377s 5%: 0.052+0.39+0.085 ms clock, 1.0+0.31/0.64/0.026+1.7 ms cpu, 4->5->2 MB, 5 MB goal, 0 MB stacks, 0 MB globals, 20 P
gc 3709 @9.378s 5%: 0.068+0.61+0.035 ms clock, 1.3+0.27/0.76/0.002+0.71 ms cpu, 4->5->2 MB, 4 MB goal, 0 MB stacks, 0 MB globals, 20 P
gc 3710 @9.380s 5%: 0.076+0.33+0.088 ms clock, 1.5+0.20/0.59/0.17+1.7 ms cpu, 4->5->2 MB, 5 MB goal, 0 MB stacks, 0 MB globals, 20 P
gc 3711 @9.381s 5%: 0.080+0.30+0.028 ms clock, 1.6+0.29/0.70/0.006+0.57 ms cpu, 4->4->2 MB, 4 MB goal, 0 MB stacks, 0 MB globals, 20 P
gc 3712 @9.382s 5%: 0.064+0.43+0.048 ms clock, 1.2+0.32/0.63/0.024+0.96 ms cpu, 4->5->2 MB, 4 MB goal, 0 MB stacks, 0 MB globals, 20 P
gc 3713 @9.383s 5%: 0.087+0.52+0.028 ms clock, 1.7+0.28/0.65/0.010+0.57 ms cpu, 4->5->2 MB, 5 MB goal, 0 MB stacks, 0 MB globals, 20 P
gc 3714 @9.385s 5%: 0.066+0.43+0.078 ms clock, 1.3+0.30/0.66/0.13+1.5 ms cpu, 4->5->2 MB, 5 MB goal, 0 MB stacks, 0 MB globals, 20 P
gc 3715 @9.386s 5%: 0.037+0.50+0.068 ms clock, 0.74+0.41/0.69/0.020+1.3 ms cpu, 4->5->2 MB, 5 MB goal, 0 MB stacks, 0 MB globals, 20 P
gc 3716 @9.388s 5%: 0.077+0.33+0.067 ms clock, 1.5+0.28/0.66/0.015+1.3 ms cpu, 4->5->2 MB, 5 MB goal, 0 MB stacks, 0 MB globals, 20 P
gc 3717 @9.389s 5%: 0.054+0.46+0.082 ms clock, 1.0+0.28/0.74/0.002+1.6 ms cpu, 4->5->2 MB, 4 MB goal, 0 MB stacks, 0 MB globals, 20 P
gc 3718 @9.391s 5%: 0.070+0.44+0.060 ms clock, 1.4+0.28/0.58/0.080+1.2 ms cpu, 4->5->2 MB, 5 MB goal, 0 MB stacks, 0 MB globals, 20 P
gc 3719 @9.392s 5%: 0.031+0.51+0.022 ms clock, 0.62+0.23/0.66/0.019+0.45 ms cpu, 4->5->2 MB, 5 MB goal, 0 MB stacks, 0 MB globals, 20 P
gc 3720 @9.393s 5%: 0.094+0.36+0.069 ms clock, 1.8+0.39/0.61/0.006+1.3 ms cpu, 4->5->2 MB, 5 MB goal, 0 MB stacks, 0 MB globals, 20 P
gc 3721 @9.395s 5%: 0.056+0.31+0.068 ms clock, 1.1+0.24/0.60/0+1.3 ms cpu, 4->5->2 MB, 4 MB goal, 0 MB stacks, 0 MB globals, 20 P
gc 3722 @9.396s 5%: 0.044+0.37+0.025 ms clock, 0.89+0.31/0.63/0+0.51 ms cpu, 4->5->2 MB, 4 MB goal, 0 MB stacks, 0 MB globals, 20 P
gc 3723 @9.397s 5%: 0.080+0.56+0.083 ms clock, 1.6+0.29/0.69/0+1.6 ms cpu, 4->5->2 MB, 4 MB goal, 0 MB stacks, 0 MB globals, 20 P
gc 3724 @9.399s 5%: 0.071+0.34+0.086 ms clock, 1.4+0.38/0.51/0.043+1.7 ms cpu, 4->5->2 MB, 5 MB goal, 0 MB stacks, 0 MB globals, 20 P
gc 3725 @9.400s 5%: 0.060+0.32+0.052 ms clock, 1.2+0.36/0.65/0.039+1.0 ms cpu, 3->4->2 MB, 4 MB goal, 0 MB stacks, 0 MB globals, 20 P
gc 3726 @9.401s 5%: 0.034+0.27+0.058 ms clock, 0.68+0.40/0.58/0+1.1 ms cpu, 3->4->2 MB, 4 MB goal, 0 MB stacks, 0 MB globals, 20 P
gc 3727 @9.402s 5%: 0.052+0.41+0.069 ms clock, 1.0+0.29/0.56/0.020+1.3 ms cpu, 3->4->2 MB, 4 MB goal, 0 MB stacks, 0 MB globals, 20 P
gc 3728 @9.403s 5%: 0.088+0.32+0.068 ms clock, 1.7+0.29/0.61/0.034+1.3 ms cpu, 4->5->2 MB, 5 MB goal, 0 MB stacks, 0 MB globals, 20 P
gc 3729 @9.404s 5%: 0.057+0.31+0.048 ms clock, 1.1+0.27/0.64/0.046+0.97 ms cpu, 4->5->2 MB, 5 MB goal, 0 MB stacks, 0 MB globals, 20 P
gc 3730 @9.405s 5%: 0.073+0.44+0.035 ms clock, 1.4+0.14/0.78/0.018+0.70 ms cpu, 4->4->2 MB, 4 MB goal, 0 MB stacks, 0 MB globals, 20 P
gc 3731 @9.407s 5%: 0.076+0.50+0.076 ms clock, 1.5+0.42/0.54/0.023+1.5 ms cpu, 4->5->2 MB, 4 MB goal, 0 MB stacks, 0 MB globals, 20 P
gc 3732 @9.408s 5%: 0.072+0.53+0.033 ms clock, 1.4+0.36/0.53/0.051+0.67 ms cpu, 4->5->2 MB, 5 MB goal, 0 MB stacks, 0 MB globals, 20 P
gc 3733 @9.410s 5%: 0.055+0.57+0.012 ms clock, 1.1+0.23/0.63/0.018+0.24 ms cpu, 4->5->2 MB, 5 MB goal, 0 MB stacks, 0 MB globals, 20 P
gc 3734 @9.411s 5%: 0.081+0.46+0.019 ms clock, 1.6+0.20/0.71/0+0.38 ms cpu, 4->5->2 MB, 5 MB goal, 0 MB stacks, 0 MB globals, 20 P
gc 3735 @9.412s 5%: 0.068+0.42+0.053 ms clock, 1.3+0.35/0.66/0.028+1.0 ms cpu, 4->5->2 MB, 5 MB goal, 0 MB stacks, 0 MB globals, 20 P
gc 3736 @9.414s 5%: 0.077+0.30+0.070 ms clock, 1.5+0.26/0.60/0+1.4 ms cpu, 4->4->2 MB, 5 MB goal, 0 MB stacks, 0 MB globals, 20 P
gc 3737 @9.415s 5%: 0.072+0.56+0.020 ms clock, 1.4+0.38/0.49/0.055+0.41 ms cpu, 3->5->2 MB, 4 MB goal, 0 MB stacks, 0 MB globals, 20 P
gc 3738 @9.417s 5%: 0.073+0.52+0.012 ms clock, 1.4+0.33/0.59/0.043+0.25 ms cpu, 4->5->2 MB, 5 MB goal, 0 MB stacks, 0 MB globals, 20 P
gc 3739 @9.418s 5%: 0.074+0.39+0.082 ms clock, 1.4+0.40/0.57/0+1.6 ms cpu, 4->5->2 MB, 5 MB goal, 0 MB stacks, 0 MB globals, 20 P
gc 3740 @9.420s 5%: 0.079+0.26+0.078 ms clock, 1.5+0.26/0.66/0+1.5 ms cpu, 4->4->2 MB, 5 MB goal, 0 MB stacks, 0 MB globals, 20 P
gc 3741 @9.421s 5%: 0.045+0.36+0.076 ms clock, 0.90+0.28/0.55/0.090+1.5 ms cpu, 3->4->2 MB, 4 MB goal, 0 MB stacks, 0 MB globals, 20 P
gc 3742 @9.422s 5%: 0.053+0.48+0.084 ms clock, 1.0+0.34/0.58/0.049+1.6 ms cpu, 4->4->2 MB, 4 MB goal, 0 MB stacks, 0 MB globals, 20 P
gc 3743 @9.423s 5%: 0.072+0.43+0.067 ms clock, 1.4+0.27/0.58/0+1.3 ms cpu, 4->5->2 MB, 5 MB goal, 0 MB stacks, 0 MB globals, 20 P
gc 3744 @9.424s 5%: 0.033+0.50+0.076 ms clock, 0.67+0.069/0.78/0.003+1.5 ms cpu, 4->5->2 MB, 5 MB goal, 0 MB stacks, 0 MB globals, 20 P
gc 3745 @9.426s 5%: 0.068+0.40+0.021 ms clock, 1.3+0.25/0.59/0.035+0.43 ms cpu, 4->5->2 MB, 5 MB goal, 0 MB stacks, 0 MB globals, 20 P
gc 3746 @9.427s 5%: 0.032+0.50+0.061 ms clock, 0.64+0.33/0.68/0.071+1.2 ms cpu, 4->5->2 MB, 5 MB goal, 0 MB stacks, 0 MB globals, 20 P
gc 3747 @9.429s 5%: 0.079+0.46+0.073 ms clock, 1.5+0.33/0.68/0+1.4 ms cpu, 4->5->2 MB, 5 MB goal, 0 MB stacks, 0 MB globals, 20 P
gc 3748 @9.430s 5%: 0.079+0.34+0.068 ms clock, 1.5+0.31/0.66/0.060+1.3 ms cpu, 4->5->2 MB, 5 MB goal, 0 MB stacks, 0 MB globals, 20 P
gc 3749 @9.431s 5%: 0.074+0.49+0.098 ms clock, 1.4+0.33/0.64/0.004+1.9 ms cpu, 3->4->2 MB, 4 MB goal, 0 MB stacks, 0 MB globals, 20 P
gc 3750 @9.433s 5%: 0.056+0.42+0.037 ms clock, 1.1+0.24/0.63/0+0.74 ms cpu, 4->5->2 MB, 5 MB goal, 0 MB stacks, 0 MB globals, 20 P
gc 3751 @9.434s 5%: 0.070+0.51+0.044 ms clock, 1.4+0.35/0.61/0.030+0.89 ms cpu, 4->5->2 MB, 5 MB goal, 0 MB stacks, 0 MB globals, 20 P
gc 3752 @9.435s 5%: 0.047+0.31+0.067 ms clock, 0.94+0.32/0.59/0.014+1.3 ms cpu, 4->5->2 MB, 5 MB goal, 0 MB stacks, 0 MB globals, 20 P
gc 3753 @9.436s 5%: 0.074+0.33+0.038 ms clock, 1.4+0.36/0.64/0.034+0.77 ms cpu, 4->4->2 MB, 4 MB goal, 0 MB stacks, 0 MB globals, 20 P
gc 3754 @9.437s 5%: 0.059+0.37+0.069 ms clock, 1.1+0.39/0.59/0+1.3 ms cpu, 4->4->2 MB, 4 MB goal, 0 MB stacks, 0 MB globals, 20 P
gc 3755 @9.439s 5%: 0.053+0.31+0.069 ms clock, 1.0+0.29/0.53/0.006+1.3 ms cpu, 4->4->2 MB, 4 MB goal, 0 MB stacks, 0 MB globals, 20 P
gc 3756 @9.440s 5%: 0.041+0.41+0.038 ms clock, 0.82+0.30/0.55/0.10+0.77 ms cpu, 3->4->2 MB, 4 MB goal, 0 MB stacks, 0 MB globals, 20 P
gc 3757 @9.441s 5%: 0.081+0.61+0.059 ms clock, 1.6+0.29/0.59/0.014+1.1 ms cpu, 4->5->2 MB, 5 MB goal, 0 MB stacks, 0 MB globals, 20 P
gc 3758 @9.443s 5%: 0.073+0.35+0.044 ms clock, 1.4+0.51/0.50/0.012+0.88 ms cpu, 4->5->2 MB, 5 MB goal, 0 MB stacks, 0 MB globals, 20 P
gc 3759 @9.444s 5%: 0.073+0.51+0.065 ms clock, 1.4+0.34/0.63/0.004+1.3 ms cpu, 4->5->2 MB, 5 MB goal, 0 MB stacks, 0 MB globals, 20 P
gc 3760 @9.445s 5%: 0.083+0.43+0.074 ms clock, 1.6+0.32/0.60/0+1.4 ms cpu, 4->5->2 MB, 5 MB goal, 0 MB stacks, 0 MB globals, 20 P
gc 3761 @9.447s 5%: 0.086+0.41+0.054 ms clock, 1.7+0.33/0.59/0.035+1.0 ms cpu, 4->5->2 MB, 5 MB goal, 0 MB stacks, 0 MB globals, 20 P
gc 3762 @9.448s 5%: 0.066+0.61+0.076 ms clock, 1.3+0.38/0.61/0.009+1.5 ms cpu, 4->5->2 MB, 4 MB goal, 0 MB stacks, 0 MB globals, 20 P
gc 3763 @9.449s 5%: 0.083+0.42+0.087 ms clock, 1.6+0.38/0.58/0+1.7 ms cpu, 4->5->2 MB, 5 MB goal, 0 MB stacks, 0 MB globals, 20 P
gc 3764 @9.451s 5%: 0.043+0.61+0.070 ms clock, 0.87+0.16/0.64/0.15+1.4 ms cpu, 4->5->2 MB, 5 MB goal, 0 MB stacks, 0 MB globals, 20 P
gc 3765 @9.452s 5%: 0.075+0.37+0.022 ms clock, 1.5+0.36/0.67/0.028+0.44 ms cpu, 4->5->2 MB, 5 MB goal, 0 MB stacks, 0 MB globals, 20 P
gc 3766 @9.454s 5%: 0.080+0.54+0.069 ms clock, 1.6+0.36/0.61/0+1.3 ms cpu, 4->5->2 MB, 5 MB goal, 0 MB stacks, 0 MB globals, 20 P
gc 3767 @9.455s 5%: 0.088+0.41+0.043 ms clock, 1.7+0.24/0.58/0.033+0.86 ms cpu, 4->5->2 MB, 5 MB goal, 0 MB stacks, 0 MB globals, 20 P
gc 3768 @9.456s 5%: 0.073+0.47+0.035 ms clock, 1.4+0.47/0.64/0+0.70 ms cpu, 4->5->2 MB, 4 MB goal, 0 MB stacks, 0 MB globals, 20 P
gc 3769 @9.457s 5%: 0.079+1.1+0.066 ms clock, 1.5+0.33/0.60/0.008+1.3 ms cpu, 4->6->3 MB, 5 MB goal, 0 MB stacks, 0 MB globals, 20 P
gc 3770 @9.460s 5%: 0.11+0.37+0.066 ms clock, 2.2+0.27/0.69/0+1.3 ms cpu, 5->6->2 MB, 6 MB goal, 0 MB stacks, 0 MB globals, 20 P
gc 3771 @9.461s 5%: 0.071+0.51+0.087 ms clock, 1.4+0.40/0.57/0+1.7 ms cpu, 4->5->2 MB, 5 MB goal, 0 MB stacks, 0 MB globals, 20 P
gc 3772 @9.462s 5%: 0.082+0.47+0.011 ms clock, 1.6+0.28/0.55/0.058+0.22 ms cpu, 4->5->2 MB, 5 MB goal, 0 MB stacks, 0 MB globals, 20 P
gc 3773 @9.463s 5%: 0.049+0.54+0.026 ms clock, 0.98+0.24/0.59/0.013+0.53 ms cpu, 4->5->2 MB, 5 MB goal, 0 MB stacks, 0 MB globals, 20 P
gc 3774 @9.465s 5%: 0.056+0.51+0.013 ms clock, 1.1+0.27/0.56/0+0.27 ms cpu, 4->5->2 MB, 5 MB goal, 0 MB stacks, 0 MB globals, 20 P
gc 3775 @9.467s 5%: 0.058+0.33+0.086 ms clock, 1.1+0.29/0.56/0.010+1.7 ms cpu, 4->6->2 MB, 5 MB goal, 0 MB stacks, 0 MB globals, 20 P
gc 3776 @9.468s 5%: 0.062+0.26+0.061 ms clock, 1.2+0.30/0.50/0.14+1.2 ms cpu, 4->4->1 MB, 5 MB goal, 0 MB stacks, 0 MB globals, 20 P
gc 3777 @9.469s 5%: 0.079+0.36+0.072 ms clock, 1.5+0.26/0.73/0.001+1.4 ms cpu, 3->4->2 MB, 4 MB goal, 0 MB stacks, 0 MB globals, 20 P
gc 3778 @9.470s 5%: 0.070+0.29+0.013 ms clock, 1.4+0.42/0.56/0+0.27 ms cpu, 4->4->2 MB, 4 MB goal, 0 MB stacks, 0 MB globals, 20 P
gc 3779 @9.471s 5%: 0.040+0.43+0.029 ms clock, 0.81+0.12/0.69/0.11+0.59 ms cpu, 4->5->2 MB, 4 MB goal, 0 MB stacks, 0 MB globals, 20 P
gc 3780 @9.472s 5%: 0.061+0.28+0.071 ms clock, 1.2+0.23/0.65/0+1.4 ms cpu, 4->4->2 MB, 4 MB goal, 0 MB stacks, 0 MB globals, 20 P
gc 3781 @9.473s 5%: 0.051+0.52+0.020 ms clock, 1.0+0.43/0.58/0.020+0.41 ms cpu, 3->4->2 MB, 4 MB goal, 0 MB stacks, 0 MB globals, 20 P
gc 3782 @9.474s 5%: 0.068+0.27+0.066 ms clock, 1.3+0.21/0.70/0.035+1.3 ms cpu, 4->4->1 MB, 4 MB goal, 0 MB stacks, 0 MB globals, 20 P
gc 3783 @9.475s 5%: 0.084+0.74+0.029 ms clock, 1.6+0.31/0.69/0.023+0.58 ms cpu, 3->4->2 MB, 4 MB goal, 0 MB stacks, 0 MB globals, 20 P
gc 3784 @9.477s 5%: 0.075+0.37+0.042 ms clock, 1.5+0.33/0.65/0.011+0.84 ms cpu, 4->5->2 MB, 5 MB goal, 0 MB stacks, 0 MB globals, 20 P
gc 3785 @9.478s 5%: 0.091+0.35+0.074 ms clock, 1.8+0.40/0.58/0.014+1.4 ms cpu, 4->5->2 MB, 5 MB goal, 0 MB stacks, 0 MB globals, 20 P
gc 3786 @9.479s 5%: 0.069+0.35+0.062 ms clock, 1.3+0.47/0.64/0+1.2 ms cpu, 4->5->2 MB, 5 MB goal, 0 MB stacks, 0 MB globals, 20 P
gc 3787 @9.480s 5%: 0.039+0.39+0.042 ms clock, 0.78+0.13/0.54/0.028+0.84 ms cpu, 4->4->2 MB, 5 MB goal, 0 MB stacks, 0 MB globals, 20 P
gc 3788 @9.481s 5%: 0.083+0.38+0.047 ms clock, 1.6+0.48/0.56/0.059+0.95 ms cpu, 4->5->2 MB, 4 MB goal, 0 MB stacks, 0 MB globals, 20 P
gc 3789 @9.482s 5%: 0.062+0.29+0.094 ms clock, 1.2+0.23/0.60/0.045+1.8 ms cpu, 4->5->2 MB, 5 MB goal, 0 MB stacks, 0 MB globals, 20 P
gc 3790 @9.484s 5%: 0.087+0.27+0.058 ms clock, 1.7+0.15/0.67/0+1.1 ms cpu, 3->4->2 MB, 4 MB goal, 0 MB stacks, 0 MB globals, 20 P
gc 3791 @9.485s 5%: 0.075+0.35+0.035 ms clock, 1.5+0.26/0.59/0.12+0.70 ms cpu, 3->4->2 MB, 4 MB goal, 0 MB stacks, 0 MB globals, 20 P
gc 3792 @9.486s 5%: 0.032+0.34+0.072 ms clock, 0.65+0.29/0.67/0+1.4 ms cpu, 3->4->2 MB, 4 MB goal, 0 MB stacks, 0 MB globals, 20 P
gc 3793 @9.487s 5%: 0.074+0.42+0.024 ms clock, 1.4+0.25/0.60/0.015+0.49 ms cpu, 4->4->2 MB, 4 MB goal, 0 MB stacks, 0 MB globals, 20 P
gc 3794 @9.488s 5%: 0.052+0.45+0.065 ms clock, 1.0+0.23/0.67/0.002+1.3 ms cpu, 4->5->2 MB, 4 MB goal, 0 MB stacks, 0 MB globals, 20 P
gc 3795 @9.490s 5%: 0.077+0.37+0.092 ms clock, 1.5+0.15/0.64/0.17+1.8 ms cpu, 4->5->2 MB, 4 MB goal, 0 MB stacks, 0 MB globals, 20 P
gc 3796 @9.491s 5%: 0.083+0.34+0.054 ms clock, 1.6+0.33/0.58/0.056+1.0 ms cpu, 4->4->2 MB, 4 MB goal, 0 MB stacks, 0 MB globals, 20 P
gc 3797 @9.492s 5%: 0.081+0.38+0.036 ms clock, 1.6+0.37/0.63/0+0.73 ms cpu, 4->4->2 MB, 4 MB goal, 0 MB stacks, 0 MB globals, 20 P
gc 3798 @9.493s 5%: 0.075+0.40+0.047 ms clock, 1.5+0.20/0.52/0.002+0.95 ms cpu, 4->5->2 MB, 4 MB goal, 0 MB stacks, 0 MB globals, 20 P
gc 3799 @9.495s 5%: 0.083+0.24+0.049 ms clock, 1.6+0.31/0.59/0.058+0.99 ms cpu, 4->4->2 MB, 5 MB goal, 0 MB stacks, 0 MB globals, 20 P
gc 3800 @9.495s 5%: 0.039+0.36+0.073 ms clock, 0.79+0.23/0.64/0.002+1.4 ms cpu, 3->4->2 MB, 4 MB goal, 0 MB stacks, 0 MB globals, 20 P
gc 3801 @9.496s 5%: 0.061+0.29+0.065 ms clock, 1.2+0.32/0.52/0.030+1.3 ms cpu, 4->4->2 MB, 4 MB goal, 0 MB stacks, 0 MB globals, 20 P
gc 3802 @9.497s 5%: 0.044+0.35+0.059 ms clock, 0.89+0.34/0.64/0.006+1.1 ms cpu, 3->4->2 MB, 4 MB goal, 0 MB stacks, 0 MB globals, 20 P
gc 3803 @9.498s 5%: 0.085+0.28+0.085 ms clock, 1.7+0.32/0.66/0.012+1.7 ms cpu, 4->4->2 MB, 4 MB goal, 0 MB stacks, 0 MB globals, 20 P
gc 3804 @9.500s 5%: 0.098+0.35+0.025 ms clock, 1.9+0.27/0.63/0+0.50 ms cpu, 3->4->2 MB, 4 MB goal, 0 MB stacks, 0 MB globals, 20 P
gc 3805 @9.501s 5%: 0.11+0.29+0.035 ms clock, 2.3+0.28/0.65/0+0.70 ms cpu, 4->4->2 MB, 4 MB goal, 0 MB stacks, 0 MB globals, 20 P
gc 3806 @9.502s 5%: 0.066+0.41+0.10 ms clock, 1.3+0.30/0.62/0.019+2.0 ms cpu, 4->4->2 MB, 4 MB goal, 0 MB stacks, 0 MB globals, 20 P
gc 3807 @9.503s 5%: 0.073+0.33+0.12 ms clock, 1.4+0.33/0.70/0+2.4 ms cpu, 4->5->2 MB, 5 MB goal, 0 MB stacks, 0 MB globals, 20 P
gc 3808 @9.504s 5%: 0.10+0.53+0.052 ms clock, 2.1+0.36/0.54/0.034+1.0 ms cpu, 4->5->2 MB, 4 MB goal, 0 MB stacks, 0 MB globals, 20 P
gc 3809 @9.506s 5%: 0.070+0.24+0.070 ms clock, 1.4+0.35/0.57/0.016+1.4 ms cpu, 4->5->2 MB, 5 MB goal, 0 MB stacks, 0 MB globals, 20 P
gc 3810 @9.507s 5%: 0.065+0.38+0.071 ms clock, 1.3+0.49/0.69/0+1.4 ms cpu, 3->4->2 MB, 4 MB goal, 0 MB stacks, 0 MB globals, 20 P
gc 3811 @9.508s 5%: 0.081+0.51+0.075 ms clock, 1.6+0.23/0.74/0+1.5 ms cpu, 4->5->2 MB, 4 MB goal, 0 MB stacks, 0 MB globals, 20 P
gc 3812 @9.510s 5%: 0.067+0.37+0.065 ms clock, 1.3+0.29/0.65/0+1.3 ms cpu, 4->5->2 MB, 5 MB goal, 0 MB stacks, 0 MB globals, 20 P
gc 3813 @9.511s 5%: 0.065+0.41+0.031 ms clock, 1.3+0.20/0.71/0.051+0.63 ms cpu, 4->4->2 MB, 5 MB goal, 0 MB stacks, 0 MB globals, 20 P
gc 3814 @9.512s 5%: 0.054+0.44+0.076 ms clock, 1.0+0.22/0.60/0+1.5 ms cpu, 4->5->2 MB, 4 MB goal, 0 MB stacks, 0 MB globals, 20 P
gc 3815 @9.514s 5%: 0.086+0.52+0.013 ms clock, 1.7+0.30/0.69/0+0.26 ms cpu, 4->5->2 MB, 5 MB goal, 0 MB stacks, 0 MB globals, 20 P
gc 3816 @9.515s 5%: 0.059+0.31+0.063 ms clock, 1.1+0.17/0.68/0+1.2 ms cpu, 4->5->2 MB, 5 MB goal, 0 MB stacks, 0 MB globals, 20 P
gc 3817 @9.516s 5%: 0.066+0.21+0.084 ms clock, 1.3+0.36/0.65/0.029+1.6 ms cpu, 4->4->1 MB, 4 MB goal, 0 MB stacks, 0 MB globals, 20 P
gc 3818 @9.517s 5%: 0.092+0.40+0.044 ms clock, 1.8+0.32/0.62/0.076+0.89 ms cpu, 3->4->2 MB, 4 MB goal, 0 MB stacks, 0 MB globals, 20 P
gc 3819 @9.519s 5%: 0.10+0.42+0.064 ms clock, 2.1+0.29/0.64/0+1.2 ms cpu, 4->5->2 MB, 5 MB goal, 0 MB stacks, 0 MB globals, 20 P
gc 3820 @9.520s 5%: 0.031+0.49+0.010 ms clock, 0.62+0.34/0.63/0.002+0.21 ms cpu, 4->5->2 MB, 5 MB goal, 0 MB stacks, 0 MB globals, 20 P
gc 3821 @9.522s 5%: 0.047+0.27+0.049 ms clock, 0.94+0.30/0.55/0.097+0.99 ms cpu, 4->5->2 MB, 5 MB goal, 0 MB stacks, 0 MB globals, 20 P
gc 3822 @9.522s 5%: 0.042+0.33+0.088 ms clock, 0.84+0.24/0.64/0.010+1.7 ms cpu, 3->4->2 MB, 4 MB goal, 0 MB stacks, 0 MB globals, 20 P
gc 3823 @9.524s 5%: 0.049+0.39+0.032 ms clock, 0.98+0.45/0.63/0.020+0.64 ms cpu, 3->4->2 MB, 4 MB goal, 0 MB stacks, 0 MB globals, 20 P
gc 3824 @9.525s 5%: 0.088+0.39+0.028 ms clock, 1.7+0.35/0.58/0.007+0.57 ms cpu, 4->5->2 MB, 5 MB goal, 0 MB stacks, 0 MB globals, 20 P
gc 3825 @9.526s 5%: 0.060+0.26+0.068 ms clock, 1.2+0.12/0.70/0+1.3 ms cpu, 4->4->2 MB, 4 MB goal, 0 MB stacks, 0 MB globals, 20 P
gc 3826 @9.528s 5%: 0.072+0.29+0.057 ms clock, 1.4+0.29/0.66/0.002+1.1 ms cpu, 4->4->2 MB, 4 MB goal, 0 MB stacks, 0 MB globals, 20 P
gc 3827 @9.529s 5%: 0.053+0.28+0.054 ms clock, 1.0+0.23/0.62/0.017+1.0 ms cpu, 4->4->2 MB, 4 MB goal, 0 MB stacks, 0 MB globals, 20 P
gc 3828 @9.530s 5%: 0.073+0.34+0.081 ms clock, 1.4+0.27/0.59/0.10+1.6 ms cpu, 3->4->2 MB, 4 MB goal, 0 MB stacks, 0 MB globals, 20 P
gc 3829 @9.531s 5%: 0.091+0.40+0.059 ms clock, 1.8+0.29/0.66/0+1.1 ms cpu, 4->5->2 MB, 4 MB goal, 0 MB stacks, 0 MB globals, 20 P
gc 3830 @9.532s 5%: 0.062+0.31+0.044 ms clock, 1.2+0.42/0.59/0.017+0.89 ms cpu, 4->5->2 MB, 5 MB goal, 0 MB stacks, 0 MB globals, 20 P
gc 3831 @9.533s 5%: 0.091+0.36+0.042 ms clock, 1.8+0.37/0.73/0.003+0.85 ms cpu, 4->5->2 MB, 5 MB goal, 0 MB stacks, 0 MB globals, 20 P
gc 3832 @9.535s 5%: 0.064+0.27+0.045 ms clock, 1.2+0.26/0.59/0.089+0.91 ms cpu, 4->5->2 MB, 5 MB goal, 0 MB stacks, 0 MB globals, 20 P
gc 3833 @9.536s 5%: 0.098+0.36+0.093 ms clock, 1.9+0.28/0.61/0+1.8 ms cpu, 4->4->2 MB, 4 MB goal, 0 MB stacks, 0 MB globals, 20 P
gc 3834 @9.537s 5%: 0.075+0.42+0.065 ms clock, 1.5+0.39/0.69/0.015+1.3 ms cpu, 4->5->2 MB, 5 MB goal, 0 MB stacks, 0 MB globals, 20 P
gc 3835 @9.539s 5%: 0.032+0.40+0.082 ms clock, 0.64+0.34/0.59/0.045+1.6 ms cpu, 4->5->2 MB, 5 MB goal, 0 MB stacks, 0 MB globals, 20 P
gc 3836 @9.540s 5%: 0.080+0.36+0.056 ms clock, 1.6+0.37/0.64/0+1.1 ms cpu, 4->5->2 MB, 5 MB goal, 0 MB stacks, 0 MB globals, 20 P
gc 3837 @9.542s 5%: 0.077+0.52+0.082 ms clock, 1.5+0.54/0.69/0.019+1.6 ms cpu, 4->5->2 MB, 4 MB goal, 0 MB stacks, 0 MB globals, 20 P
gc 3838 @9.543s 5%: 0.068+0.42+0.068 ms clock, 1.3+0.24/0.61/0.021+1.3 ms cpu, 4->5->2 MB, 5 MB goal, 0 MB stacks, 0 MB globals, 20 P
gc 3839 @9.544s 5%: 0.052+0.37+0.023 ms clock, 1.0+0.31/0.67/0.040+0.46 ms cpu, 4->4->2 MB, 4 MB goal, 0 MB stacks, 0 MB globals, 20 P
gc 3840 @9.545s 5%: 0.068+0.43+0.009 ms clock, 1.3+0.19/0.60/0.12+0.18 ms cpu, 4->4->2 MB, 4 MB goal, 0 MB stacks, 0 MB globals, 20 P
gc 3841 @9.547s 5%: 0.076+0.35+0.086 ms clock, 1.5+0.27/0.68/0.025+1.7 ms cpu, 3->4->2 MB, 4 MB goal, 0 MB stacks, 0 MB globals, 20 P
gc 3842 @9.548s 5%: 0.070+0.37+0.024 ms clock, 1.4+0.15/0.77/0.002+0.48 ms cpu, 4->4->2 MB, 5 MB goal, 0 MB stacks, 0 MB globals, 20 P
gc 3843 @9.549s 5%: 0.035+0.57+0.054 ms clock, 0.71+0.23/0.75/0.024+1.0 ms cpu, 3->4->2 MB, 4 MB goal, 0 MB stacks, 0 MB globals, 20 P
gc 3844 @9.551s 5%: 0.028+0.30+0.065 ms clock, 0.56+0.19/0.64/0.012+1.3 ms cpu, 4->4->2 MB, 5 MB goal, 0 MB stacks, 0 MB globals, 20 P
gc 3845 @9.552s 5%: 0.047+0.35+0.026 ms clock, 0.95+0.53/0.56/0+0.52 ms cpu, 3->4->2 MB, 4 MB goal, 0 MB stacks, 0 MB globals, 20 P
gc 3846 @9.553s 5%: 0.072+0.30+0.057 ms clock, 1.4+0.40/0.60/0+1.1 ms cpu, 4->5->2 MB, 5 MB goal, 0 MB stacks, 0 MB globals, 20 P
gc 3847 @9.554s 5%: 0.022+0.52+0.079 ms clock, 0.44+0.23/0.64/0.087+1.5 ms cpu, 4->5->2 MB, 4 MB goal, 0 MB stacks, 0 MB globals, 20 P
gc 3848 @9.556s 5%: 0.086+0.41+0.096 ms clock, 1.7+0.34/0.69/0.059+1.9 ms cpu, 4->5->2 MB, 5 MB goal, 0 MB stacks, 0 MB globals, 20 P
gc 3849 @9.557s 5%: 0.062+0.30+0.016 ms clock, 1.2+0.30/0.72/0.002+0.32 ms cpu, 4->5->2 MB, 5 MB goal, 0 MB stacks, 0 MB globals, 20 P
gc 3850 @9.558s 5%: 0.031+0.40+0.081 ms clock, 0.62+0.22/0.68/0.098+1.6 ms cpu, 4->5->2 MB, 4 MB goal, 0 MB stacks, 0 MB globals, 20 P
gc 3851 @9.560s 5%: 0.053+0.43+0.066 ms clock, 1.0+0.27/0.58/0.056+1.3 ms cpu, 4->5->2 MB, 5 MB goal, 0 MB stacks, 0 MB globals, 20 P
gc 3852 @9.561s 5%: 0.10+0.35+0.026 ms clock, 2.0+0.21/0.63/0.014+0.52 ms cpu, 4->4->2 MB, 5 MB goal, 0 MB stacks, 0 MB globals, 20 P
gc 3853 @9.562s 5%: 0.048+0.49+0.020 ms clock, 0.96+0.23/0.77/0+0.40 ms cpu, 3->4->2 MB, 4 MB goal, 0 MB stacks, 0 MB globals, 20 P
gc 3854 @9.564s 5%: 0.024+0.41+0.035 ms clock, 0.48+0.24/0.68/0.062+0.70 ms cpu, 4->5->2 MB, 4 MB goal, 0 MB stacks, 0 MB globals, 20 P
gc 3855 @9.565s 5%: 0.070+0.45+0.052 ms clock, 1.4+0.27/0.67/0.004+1.0 ms cpu, 4->5->2 MB, 4 MB goal, 0 MB stacks, 0 MB globals, 20 P
gc 3856 @9.566s 5%: 0.097+0.37+0.014 ms clock, 1.9+0.25/0.72/0.007+0.28 ms cpu, 4->5->2 MB, 5 MB goal, 0 MB stacks, 0 MB globals, 20 P
gc 3857 @9.567s 5%: 0.065+0.31+0.012 ms clock, 1.3+0.35/0.62/0+0.25 ms cpu, 4->4->2 MB, 4 MB goal, 0 MB stacks, 0 MB globals, 20 P
gc 3858 @9.568s 5%: 0.073+0.39+0.016 ms clock, 1.4+0.42/0.56/0.002+0.33 ms cpu, 4->5->2 MB, 4 MB goal, 0 MB stacks, 0 MB globals, 20 P
gc 3859 @9.570s 5%: 0.088+0.32+0.074 ms clock, 1.7+0.28/0.64/0+1.4 ms cpu, 4->5->2 MB, 5 MB goal, 0 MB stacks, 0 MB globals, 20 P
gc 3860 @9.571s 5%: 0.059+0.49+0.053 ms clock, 1.1+0.28/0.83/0.012+1.0 ms cpu, 3->5->2 MB, 4 MB goal, 0 MB stacks, 0 MB globals, 20 P
gc 3861 @9.572s 5%: 0.045+0.46+0.094 ms clock, 0.91+0.29/0.63/0.081+1.8 ms cpu, 4->5->2 MB, 5 MB goal, 0 MB stacks, 0 MB globals, 20 P
gc 3862 @9.574s 5%: 0.070+0.34+0.082 ms clock, 1.4+0.24/0.60/0.004+1.6 ms cpu, 4->5->2 MB, 5 MB goal, 0 MB stacks, 0 MB globals, 20 P
gc 3863 @9.575s 5%: 0.029+0.53+0.010 ms clock, 0.58+0.36/0.55/0.044+0.20 ms cpu, 3->5->2 MB, 4 MB goal, 0 MB stacks, 0 MB globals, 20 P
gc 3864 @9.577s 5%: 0.028+0.31+0.023 ms clock, 0.56+0.39/0.55/0.026+0.46 ms cpu, 4->5->2 MB, 5 MB goal, 0 MB stacks, 0 MB globals, 20 P
gc 3865 @9.578s 5%: 0.065+0.27+0.063 ms clock, 1.3+0.30/0.58/0+1.2 ms cpu, 4->4->2 MB, 4 MB goal, 0 MB stacks, 0 MB globals, 20 P
gc 3866 @9.579s 5%: 0.074+0.47+0.051 ms clock, 1.4+0.43/0.61/0.019+1.0 ms cpu, 4->4->2 MB, 4 MB goal, 0 MB stacks, 0 MB globals, 20 P
gc 3867 @9.580s 5%: 0.056+0.34+0.054 ms clock, 1.1+0.40/0.55/0+1.0 ms cpu, 4->5->2 MB, 5 MB goal, 0 MB stacks, 0 MB globals, 20 P
gc 3868 @9.581s 5%: 0.025+0.33+0.010 ms clock, 0.51+0.28/0.62/0.025+0.20 ms cpu, 4->4->2 MB, 4 MB goal, 0 MB stacks, 0 MB globals, 20 P
gc 3869 @9.583s 5%: 0.072+0.55+0.094 ms clock, 1.4+0.23/0.76/0.007+1.8 ms cpu, 3->5->2 MB, 4 MB goal, 0 MB stacks, 0 MB globals, 20 P
gc 3870 @9.584s 5%: 0.095+0.33+0.085 ms clock, 1.9+0.31/0.57/0.059+1.7 ms cpu, 4->5->2 MB, 5 MB goal, 0 MB stacks, 0 MB globals, 20 P
gc 3871 @9.585s 5%: 0.042+0.51+0.065 ms clock, 0.84+0.25/0.68/0+1.3 ms cpu, 4->5->2 MB, 4 MB goal, 0 MB stacks, 0 MB globals, 20 P
gc 3872 @9.587s 5%: 0.087+0.55+0.032 ms clock, 1.7+0.15/0.77/0+0.64 ms cpu, 4->5->2 MB, 5 MB goal, 0 MB stacks, 0 MB globals, 20 P
gc 3873 @9.588s 5%: 0.049+0.25+0.046 ms clock, 0.99+0.21/0.66/0+0.92 ms cpu, 4->4->2 MB, 5 MB goal, 0 MB stacks, 0 MB globals, 20 P
gc 3874 @9.589s 5%: 0.086+0.32+0.082 ms clock, 1.7+0.25/0.66/0+1.6 ms cpu, 3->4->2 MB, 4 MB goal, 0 MB stacks, 0 MB globals, 20 P
gc 3875 @9.590s 5%: 0.10+0.41+0.070 ms clock, 2.1+0.33/0.65/0+1.4 ms cpu, 3->5->2 MB, 4 MB goal, 0 MB stacks, 0 MB globals, 20 P
gc 3876 @9.592s 5%: 0.059+0.56+0.039 ms clock, 1.1+0.35/0.58/0.079+0.79 ms cpu, 4->5->2 MB, 5 MB goal, 0 MB stacks, 0 MB globals, 20 P
gc 3877 @9.593s 5%: 0.043+0.48+0.004 ms clock, 0.87+0.31/0.73/0+0.092 ms cpu, 4->5->2 MB, 5 MB goal, 0 MB stacks, 0 MB globals, 20 P
gc 3878 @9.595s 5%: 0.073+0.49+0.070 ms clock, 1.4+0.29/0.66/0.016+1.4 ms cpu, 4->5->2 MB, 5 MB goal, 0 MB stacks, 0 MB globals, 20 P
gc 3879 @9.596s 5%: 0.043+0.33+0.060 ms clock, 0.87+0.31/0.62/0.026+1.2 ms cpu, 4->5->2 MB, 5 MB goal, 0 MB stacks, 0 MB globals, 20 P
gc 3880 @9.597s 5%: 0.076+0.21+0.086 ms clock, 1.5+0.28/0.60/0.010+1.7 ms cpu, 3->4->2 MB, 4 MB goal, 0 MB stacks, 0 MB globals, 20 P
gc 3881 @9.598s 5%: 0.070+0.36+0.080 ms clock, 1.4+0.42/0.60/0.067+1.6 ms cpu, 3->4->2 MB, 4 MB goal, 0 MB stacks, 0 MB globals, 20 P
gc 3882 @9.599s 5%: 0.068+0.44+0.066 ms clock, 1.3+0.25/0.70/0+1.3 ms cpu, 4->4->2 MB, 4 MB goal, 0 MB stacks, 0 MB globals, 20 P
gc 3883 @9.601s 5%: 0.040+0.34+0.025 ms clock, 0.80+0.15/0.64/0.051+0.50 ms cpu, 4->4->2 MB, 5 MB goal, 0 MB stacks, 0 MB globals, 20 P
gc 3884 @9.601s 5%: 0.062+0.51+0.058 ms clock, 1.2+0.53/0.52/0.025+1.1 ms cpu, 3->5->2 MB, 4 MB goal, 0 MB stacks, 0 MB globals, 20 P
gc 3885 @9.603s 5%: 0.078+0.34+0.067 ms clock, 1.5+0.33/0.64/0.031+1.3 ms cpu, 4->5->2 MB, 5 MB goal, 0 MB stacks, 0 MB globals, 20 P
gc 3886 @9.604s 5%: 0.032+0.50+0.017 ms clock, 0.65+0.21/0.74/0.028+0.35 ms cpu, 4->5->2 MB, 5 MB goal, 0 MB stacks, 0 MB globals, 20 P
gc 3887 @9.606s 5%: 0.074+0.82+0.068 ms clock, 1.4+0.35/0.61/0.002+1.3 ms cpu, 4->5->2 MB, 5 MB goal, 0 MB stacks, 0 MB globals, 20 P
gc 3888 @9.607s 5%: 0.067+0.36+0.058 ms clock, 1.3+0.33/0.68/0.004+1.1 ms cpu, 4->5->2 MB, 5 MB goal, 0 MB stacks, 0 MB globals, 20 P
gc 3889 @9.609s 5%: 0.058+0.28+0.066 ms clock, 1.1+0.29/0.66/0.031+1.3 ms cpu, 4->4->2 MB, 5 MB goal, 0 MB stacks, 0 MB globals, 20 P
gc 3890 @9.610s 5%: 0.091+0.50+0.086 ms clock, 1.8+0.35/0.63/0.006+1.7 ms cpu, 3->5->2 MB, 4 MB goal, 0 MB stacks, 0 MB globals, 20 P
gc 3891 @9.611s 5%: 0.071+0.30+0.076 ms clock, 1.4+0.29/0.52/0.16+1.5 ms cpu, 4->5->2 MB, 5 MB goal, 0 MB stacks, 0 MB globals, 20 P
gc 3892 @9.612s 5%: 0.077+0.30+0.017 ms clock, 1.5+0.39/0.67/0.009+0.35 ms cpu, 3->4->2 MB, 4 MB goal, 0 MB stacks, 0 MB globals, 20 P
gc 3893 @9.613s 5%: 0.094+0.49+0.038 ms clock, 1.8+0.35/0.70/0+0.76 ms cpu, 3->4->2 MB, 4 MB goal, 0 MB stacks, 0 MB globals, 20 P
gc 3894 @9.615s 5%: 0.055+0.33+0.079 ms clock, 1.1+0.28/0.55/0.12+1.5 ms cpu, 4->5->2 MB, 5 MB goal, 0 MB stacks, 0 MB globals, 20 P
gc 3895 @9.616s 5%: 0.062+0.45+0.020 ms clock, 1.2+0.31/0.68/0.008+0.41 ms cpu, 4->4->2 MB, 4 MB goal, 0 MB stacks, 0 MB globals, 20 P
gc 3896 @9.617s 5%: 0.058+0.39+0.027 ms clock, 1.1+0.20/0.60/0.013+0.54 ms cpu, 4->5->2 MB, 4 MB goal, 0 MB stacks, 0 MB globals, 20 P
gc 3897 @9.619s 5%: 0.068+0.37+0.041 ms clock, 1.3+0.26/0.59/0.053+0.82 ms cpu, 4->5->2 MB, 5 MB goal, 0 MB stacks, 0 MB globals, 20 P
gc 3898 @9.620s 5%: 0.091+0.49+0.044 ms clock, 1.8+0.42/0.57/0+0.89 ms cpu, 4->5->2 MB, 5 MB goal, 0 MB stacks, 0 MB globals, 20 P
gc 3899 @9.622s 5%: 0.10+0.27+0.067 ms clock, 2.1+0.26/0.56/0.17+1.3 ms cpu, 4->5->2 MB, 5 MB goal, 0 MB stacks, 0 MB globals, 20 P
gc 3900 @9.623s 5%: 0.058+0.58+0.044 ms clock, 1.1+0.36/0.56/0.074+0.88 ms cpu, 3->5->2 MB, 4 MB goal, 0 MB stacks, 0 MB globals, 20 P
gc 3901 @9.624s 5%: 0.079+0.41+0.065 ms clock, 1.5+0.29/0.66/0.030+1.3 ms cpu, 4->5->2 MB, 5 MB goal, 0 MB stacks, 0 MB globals, 20 P
gc 3902 @9.625s 5%: 0.069+0.34+0.070 ms clock, 1.3+0.33/0.56/0.037+1.4 ms cpu, 4->5->2 MB, 4 MB goal, 0 MB stacks, 0 MB globals, 20 P
gc 3903 @9.626s 5%: 0.061+0.79+0.051 ms clock, 1.2+0.47/0.58/0.002+1.0 ms cpu, 4->5->2 MB, 4 MB goal, 0 MB stacks, 0 MB globals, 20 P
gc 3904 @9.629s 5%: 0.047+0.77+0.081 ms clock, 0.94+0.27/0.61/0.017+1.6 ms cpu, 5->6->2 MB, 6 MB goal, 0 MB stacks, 0 MB globals, 20 P
gc 3905 @9.630s 5%: 0.060+0.80+0.068 ms clock, 1.2+0.28/0.63/0.021+1.3 ms cpu, 4->6->2 MB, 5 MB goal, 0 MB stacks, 0 MB globals, 20 P
gc 3906 @9.632s 5%: 0.033+0.28+0.050 ms clock, 0.66+0.18/0.62/0.043+1.0 ms cpu, 4->5->2 MB, 5 MB goal, 0 MB stacks, 0 MB globals, 20 P
gc 3907 @9.634s 5%: 0.078+0.36+0.067 ms clock, 1.5+0.26/0.63/0.056+1.3 ms cpu, 3->4->2 MB, 4 MB goal, 0 MB stacks, 0 MB globals, 20 P
gc 3908 @9.635s 5%: 0.087+0.43+0.045 ms clock, 1.7+0.28/0.53/0.15+0.91 ms cpu, 4->5->2 MB, 4 MB goal, 0 MB stacks, 0 MB globals, 20 P
gc 3909 @9.636s 5%: 0.055+0.39+0.037 ms clock, 1.1+0.25/0.68/0+0.75 ms cpu, 4->5->2 MB, 4 MB goal, 0 MB stacks, 0 MB globals, 20 P
gc 3910 @9.637s 5%: 0.026+0.46+0.046 ms clock, 0.52+0.37/0.62/0+0.93 ms cpu, 4->5->2 MB, 5 MB goal, 0 MB stacks, 0 MB globals, 20 P
gc 3911 @9.638s 5%: 0.084+0.47+0.024 ms clock, 1.6+0.25/0.59/0+0.48 ms cpu, 4->5->2 MB, 5 MB goal, 0 MB stacks, 0 MB globals, 20 P
gc 3912 @9.640s 5%: 0.049+0.26+0.074 ms clock, 0.98+0.26/0.60/0.007+1.4 ms cpu, 4->5->2 MB, 5 MB goal, 0 MB stacks, 0 MB globals, 20 P
gc 3913 @9.641s 5%: 0.054+0.37+0.070 ms clock, 1.0+0.38/0.61/0+1.4 ms cpu, 3->4->2 MB, 4 MB goal, 0 MB stacks, 0 MB globals, 20 P
gc 3914 @9.642s 5%: 0.064+0.49+0.066 ms clock, 1.2+0.44/0.62/0.029+1.3 ms cpu, 4->5->2 MB, 5 MB goal, 0 MB stacks, 0 MB globals, 20 P
gc 3915 @9.643s 5%: 0.077+0.50+0.091 ms clock, 1.5+0.29/0.65/0.006+1.8 ms cpu, 4->5->2 MB, 5 MB goal, 0 MB stacks, 0 MB globals, 20 P
gc 3916 @9.645s 5%: 0.048+0.32+0.067 ms clock, 0.97+0.36/0.60/0.029+1.3 ms cpu, 4->5->2 MB, 5 MB goal, 0 MB stacks, 0 MB globals, 20 P
gc 3917 @9.646s 5%: 0.079+0.48+0.062 ms clock, 1.5+0.31/0.77/0.021+1.2 ms cpu, 4->5->2 MB, 5 MB goal, 0 MB stacks, 0 MB globals, 20 P
gc 3918 @9.648s 5%: 0.082+0.41+0.060 ms clock, 1.6+0.24/0.65/0.12+1.2 ms cpu, 4->6->2 MB, 5 MB goal, 0 MB stacks, 0 MB globals, 20 P
gc 3919 @9.649s 5%: 0.065+0.46+0.016 ms clock, 1.3+0.30/0.63/0+0.32 ms cpu, 4->5->2 MB, 5 MB goal, 0 MB stacks, 0 MB globals, 20 P
gc 3920 @9.651s 5%: 0.093+0.36+0.060 ms clock, 1.8+0.43/0.60/0+1.2 ms cpu, 4->5->2 MB, 5 MB goal, 0 MB stacks, 0 MB globals, 20 P
gc 3921 @9.652s 5%: 0.049+0.34+0.047 ms clock, 0.98+0.35/0.66/0+0.94 ms cpu, 4->4->2 MB, 4 MB goal, 0 MB stacks, 0 MB globals, 20 P
gc 3922 @9.653s 5%: 0.061+0.55+0.076 ms clock, 1.2+0.36/0.67/0+1.5 ms cpu, 3->5->2 MB, 4 MB goal, 0 MB stacks, 0 MB globals, 20 P
gc 3923 @9.654s 5%: 0.092+0.55+0.051 ms clock, 1.8+0.38/0.60/0.076+1.0 ms cpu, 4->5->2 MB, 5 MB goal, 0 MB stacks, 0 MB globals, 20 P
gc 3924 @9.656s 5%: 0.079+0.40+0.069 ms clock, 1.5+0.47/0.58/0+1.3 ms cpu, 4->5->2 MB, 5 MB goal, 0 MB stacks, 0 MB globals, 20 P
gc 3925 @9.658s 5%: 0.075+0.28+0.055 ms clock, 1.5+0.25/0.62/0+1.1 ms cpu, 4->5->2 MB, 5 MB goal, 0 MB stacks, 0 MB globals, 20 P
gc 3926 @9.659s 5%: 0.069+0.55+0.056 ms clock, 1.3+0.25/0.71/0+1.1 ms cpu, 3->4->2 MB, 4 MB goal, 0 MB stacks, 0 MB globals, 20 P
gc 3927 @9.660s 5%: 0.072+0.39+0.080 ms clock, 1.4+0.40/0.59/0+1.6 ms cpu, 4->5->2 MB, 5 MB goal, 0 MB stacks, 0 MB globals, 20 P
gc 3928 @9.661s 5%: 0.065+0.45+0.059 ms clock, 1.3+0.38/0.76/0.10+1.1 ms cpu, 4->5->2 MB, 5 MB goal, 0 MB stacks, 0 MB globals, 20 P
gc 3929 @9.663s 5%: 0.073+0.27+0.076 ms clock, 1.4+0.36/0.57/0.018+1.5 ms cpu, 4->5->2 MB, 5 MB goal, 0 MB stacks, 0 MB globals, 20 P
gc 3930 @9.664s 5%: 0.067+0.37+0.067 ms clock, 1.3+0.43/0.59/0+1.3 ms cpu, 3->4->2 MB, 4 MB goal, 0 MB stacks, 0 MB globals, 20 P
gc 3931 @9.665s 5%: 0.074+0.40+0.012 ms clock, 1.4+0.41/0.57/0+0.25 ms cpu, 4->5->2 MB, 4 MB goal, 0 MB stacks, 0 MB globals, 20 P
gc 3932 @9.667s 5%: 0.082+0.30+0.072 ms clock, 1.6+0.14/0.65/0+1.4 ms cpu, 4->5->2 MB, 5 MB goal, 0 MB stacks, 0 MB globals, 20 P
gc 3933 @9.668s 5%: 0.069+0.51+0.081 ms clock, 1.3+0.22/0.63/0.024+1.6 ms cpu, 4->4->2 MB, 4 MB goal, 0 MB stacks, 0 MB globals, 20 P
gc 3934 @9.669s 5%: 0.056+0.44+0.041 ms clock, 1.1+0.36/0.64/0.008+0.83 ms cpu, 4->5->2 MB, 5 MB goal, 0 MB stacks, 0 MB globals, 20 P
gc 3935 @9.671s 5%: 0.086+0.34+0.038 ms clock, 1.7+0.19/0.54/0.045+0.77 ms cpu, 4->5->2 MB, 5 MB goal, 0 MB stacks, 0 MB globals, 20 P
gc 3936 @9.672s 5%: 0.028+0.37+0.014 ms clock, 0.57+0.33/0.66/0.049+0.28 ms cpu, 4->4->2 MB, 4 MB goal, 0 MB stacks, 0 MB globals, 20 P
gc 3937 @9.673s 5%: 0.070+0.39+0.074 ms clock, 1.4+0.10/0.90/0+1.4 ms cpu, 3->4->2 MB, 4 MB goal, 0 MB stacks, 0 MB globals, 20 P
gc 3938 @9.674s 5%: 0.15+0.36+0.062 ms clock, 3.0+0.27/0.59/0+1.2 ms cpu, 4->5->2 MB, 5 MB goal, 0 MB stacks, 0 MB globals, 20 P
gc 3939 @9.676s 5%: 0.064+0.60+0.037 ms clock, 1.2+0.41/0.69/0.004+0.74 ms cpu, 4->5->2 MB, 5 MB goal, 0 MB stacks, 0 MB globals, 20 P
gc 3940 @9.678s 5%: 0.084+0.31+0.019 ms clock, 1.6+0.36/0.59/0.014+0.39 ms cpu, 4->5->2 MB, 5 MB goal, 0 MB stacks, 0 MB globals, 20 P
gc 3941 @9.679s 5%: 0.083+0.38+0.036 ms clock, 1.6+0.36/0.54/0+0.72 ms cpu, 4->5->2 MB, 5 MB goal, 0 MB stacks, 0 MB globals, 20 P
gc 3942 @9.680s 5%: 0.080+0.29+0.043 ms clock, 1.6+0.21/0.57/0.049+0.87 ms cpu, 4->5->2 MB, 5 MB goal, 0 MB stacks, 0 MB globals, 20 P
gc 3943 @9.682s 5%: 0.039+0.49+0.071 ms clock, 0.79+0.40/0.62/0.002+1.4 ms cpu, 3->5->2 MB, 4 MB goal, 0 MB stacks, 0 MB globals, 20 P
gc 3944 @9.683s 5%: 0.057+0.34+0.061 ms clock, 1.1+0.31/0.62/0.017+1.2 ms cpu, 4->5->2 MB, 5 MB goal, 0 MB stacks, 0 MB globals, 20 P
gc 3945 @9.684s 5%: 0.070+0.34+0.013 ms clock, 1.4+0.26/0.73/0+0.27 ms cpu, 3->4->2 MB, 4 MB goal, 0 MB stacks, 0 MB globals, 20 P
gc 3946 @9.686s 5%: 0.061+0.40+0.018 ms clock, 1.2+0.35/0.56/0.004+0.36 ms cpu, 3->4->2 MB, 4 MB goal, 0 MB stacks, 0 MB globals, 20 P
gc 3947 @9.687s 5%: 0.076+0.53+0.004 ms clock, 1.5+0.30/0.70/0+0.081 ms cpu, 4->5->2 MB, 4 MB goal, 0 MB stacks, 0 MB globals, 20 P
gc 3948 @9.688s 5%: 0.073+0.45+0.058 ms clock, 1.4+0.34/0.63/0.020+1.1 ms cpu, 4->5->2 MB, 5 MB goal, 0 MB stacks, 0 MB globals, 20 P
gc 3949 @9.689s 5%: 0.068+0.33+0.072 ms clock, 1.3+0.33/0.63/0.002+1.4 ms cpu, 4->4->2 MB, 5 MB goal, 0 MB stacks, 0 MB globals, 20 P
gc 3950 @9.690s 5%: 0.059+0.46+0.086 ms clock, 1.1+0.32/0.57/0.041+1.7 ms cpu, 3->4->2 MB, 4 MB goal, 0 MB stacks, 0 MB globals, 20 P
gc 3951 @9.692s 5%: 0.054+0.39+0.008 ms clock, 1.0+0.30/0.71/0.032+0.17 ms cpu, 4->5->2 MB, 5 MB goal, 0 MB stacks, 0 MB globals, 20 P
gc 3952 @9.693s 5%: 0.075+0.53+0.060 ms clock, 1.5+0.17/0.70/0.051+1.2 ms cpu, 4->5->2 MB, 4 MB goal, 0 MB stacks, 0 MB globals, 20 P
gc 3953 @9.695s 5%: 0.10+0.41+0.035 ms clock, 2.0+0.33/0.65/0+0.71 ms cpu, 4->5->2 MB, 5 MB goal, 0 MB stacks, 0 MB globals, 20 P
gc 3954 @9.696s 5%: 0.082+0.45+0.020 ms clock, 1.6+0.39/0.58/0.015+0.41 ms cpu, 4->5->2 MB, 5 MB goal, 0 MB stacks, 0 MB globals, 20 P
gc 3955 @9.698s 5%: 0.035+0.42+0.033 ms clock, 0.70+0.25/0.67/0.017+0.67 ms cpu, 4->5->2 MB, 5 MB goal, 0 MB stacks, 0 MB globals, 20 P
gc 3956 @9.699s 5%: 0.033+0.44+0.035 ms clock, 0.67+0.28/0.72/0.037+0.71 ms cpu, 4->4->2 MB, 4 MB goal, 0 MB stacks, 0 MB globals, 20 P
gc 3957 @9.700s 5%: 0.039+0.35+0.063 ms clock, 0.79+0.31/0.56/0.058+1.2 ms cpu, 4->5->2 MB, 5 MB goal, 0 MB stacks, 0 MB globals, 20 P
gc 3958 @9.702s 5%: 0.037+0.37+0.071 ms clock, 0.74+0.24/0.66/0.020+1.4 ms cpu, 3->4->2 MB, 4 MB goal, 0 MB stacks, 0 MB globals, 20 P
gc 3959 @9.703s 5%: 0.075+0.29+0.074 ms clock, 1.5+0.26/0.70/0.019+1.4 ms cpu, 4->4->2 MB, 4 MB goal, 0 MB stacks, 0 MB globals, 20 P
gc 3960 @9.704s 5%: 0.071+0.27+0.028 ms clock, 1.4+0.34/0.62/0.002+0.57 ms cpu, 3->4->2 MB, 4 MB goal, 0 MB stacks, 0 MB globals, 20 P
gc 3961 @9.705s 5%: 0.060+0.50+0.044 ms clock, 1.2+0.36/0.62/0.029+0.88 ms cpu, 3->4->2 MB, 4 MB goal, 0 MB stacks, 0 MB globals, 20 P
gc 3962 @9.706s 5%: 0.082+0.48+0.067 ms clock, 1.6+0.42/0.60/0.045+1.3 ms cpu, 4->5->2 MB, 5 MB goal, 0 MB stacks, 0 MB globals, 20 P
gc 3963 @9.708s 5%: 0.057+0.39+0.052 ms clock, 1.1+0.34/0.65/0+1.0 ms cpu, 4->5->2 MB, 5 MB goal, 0 MB stacks, 0 MB globals, 20 P
gc 3964 @9.709s 5%: 0.026+0.39+0.015 ms clock, 0.53+0.22/0.64/0.065+0.30 ms cpu, 4->4->2 MB, 5 MB goal, 0 MB stacks, 0 MB globals, 20 P
gc 3965 @9.710s 5%: 0.049+0.40+0.076 ms clock, 0.99+0.33/0.66/0.001+1.5 ms cpu, 3->4->2 MB, 4 MB goal, 0 MB stacks, 0 MB globals, 20 P
gc 3966 @9.712s 5%: 0.035+0.31+0.062 ms clock, 0.71+0.27/0.55/0.022+1.2 ms cpu, 4->4->1 MB, 4 MB goal, 0 MB stacks, 0 MB globals, 20 P
gc 3967 @9.713s 5%: 0.062+0.31+0.077 ms clock, 1.2+0.30/0.52/0+1.5 ms cpu, 3->4->2 MB, 4 MB goal, 0 MB stacks, 0 MB globals, 20 P
gc 3968 @9.714s 5%: 0.036+0.36+0.017 ms clock, 0.72+0.24/0.58/0.020+0.34 ms cpu, 4->5->2 MB, 4 MB goal, 0 MB stacks, 0 MB globals, 20 P
gc 3969 @9.715s 5%: 0.081+0.34+0.085 ms clock, 1.6+0.32/0.54/0.012+1.7 ms cpu, 4->4->2 MB, 4 MB goal, 0 MB stacks, 0 MB globals, 20 P
gc 3970 @9.716s 5%: 0.049+0.49+0.051 ms clock, 0.99+0.24/0.67/0+1.0 ms cpu, 3->4->2 MB, 4 MB goal, 0 MB stacks, 0 MB globals, 20 P
gc 3971 @9.717s 5%: 0.078+0.32+0.075 ms clock, 1.5+0.30/0.65/0.001+1.5 ms cpu, 4->5->2 MB, 5 MB goal, 0 MB stacks, 0 MB globals, 20 P
gc 3972 @9.718s 5%: 0.078+0.35+0.048 ms clock, 1.5+0.34/0.65/0.008+0.97 ms cpu, 4->4->2 MB, 4 MB goal, 0 MB stacks, 0 MB globals, 20 P
gc 3973 @9.720s 5%: 0.049+0.24+0.062 ms clock, 0.99+0.31/0.59/0+1.2 ms cpu, 4->4->2 MB, 4 MB goal, 0 MB stacks, 0 MB globals, 20 P
gc 3974 @9.721s 5%: 0.030+0.41+0.048 ms clock, 0.60+0.37/0.67/0.037+0.96 ms cpu, 4->4->2 MB, 4 MB goal, 0 MB stacks, 0 MB globals, 20 P
gc 3975 @9.722s 5%: 0.069+0.32+0.027 ms clock, 1.3+0.28/0.69/0.002+0.55 ms cpu, 4->4->2 MB, 4 MB goal, 0 MB stacks, 0 MB globals, 20 P
gc 3976 @9.723s 5%: 0.069+0.39+0.094 ms clock, 1.3+0.28/0.64/0+1.8 ms cpu, 3->4->2 MB, 4 MB goal, 0 MB stacks, 0 MB globals, 20 P
gc 3977 @9.724s 5%: 0.068+0.44+0.060 ms clock, 1.3+0.23/0.68/0.048+1.2 ms cpu, 3->4->2 MB, 4 MB goal, 0 MB stacks, 0 MB globals, 20 P
gc 3978 @9.725s 5%: 0.069+0.20+0.069 ms clock, 1.3+0.34/0.55/0+1.3 ms cpu, 4->4->2 MB, 4 MB goal, 0 MB stacks, 0 MB globals, 20 P
gc 3979 @9.726s 5%: 0.047+0.44+0.067 ms clock, 0.95+0.29/0.61/0.031+1.3 ms cpu, 3->4->2 MB, 4 MB goal, 0 MB stacks, 0 MB globals, 20 P
gc 3980 @9.727s 5%: 0.078+0.29+0.028 ms clock, 1.5+0.31/0.66/0.008+0.57 ms cpu, 4->4->2 MB, 4 MB goal, 0 MB stacks, 0 MB globals, 20 P
gc 3981 @9.728s 5%: 0.058+0.30+0.036 ms clock, 1.1+0.35/0.57/0.006+0.72 ms cpu, 3->4->2 MB, 4 MB goal, 0 MB stacks, 0 MB globals, 20 P
gc 3982 @9.729s 5%: 0.055+0.59+0.065 ms clock, 1.1+0.26/0.66/0.029+1.3 ms cpu, 4->5->2 MB, 4 MB goal, 0 MB stacks, 0 MB globals, 20 P
gc 3983 @9.731s 5%: 0.069+0.36+0.067 ms clock, 1.3+0.27/0.56/0.008+1.3 ms cpu, 4->5->2 MB, 5 MB goal, 0 MB stacks, 0 MB globals, 20 P
gc 3984 @9.732s 5%: 0.065+0.32+0.098 ms clock, 1.3+0.32/0.60/0.084+1.9 ms cpu, 4->4->2 MB, 4 MB goal, 0 MB stacks, 0 MB globals, 20 P
gc 3985 @9.733s 5%: 0.078+0.39+0.064 ms clock, 1.5+0.25/0.63/0+1.2 ms cpu, 4->5->2 MB, 4 MB goal, 0 MB stacks, 0 MB globals, 20 P
gc 3986 @9.734s 5%: 0.033+0.30+0.058 ms clock, 0.66+0.30/0.62/0.066+1.1 ms cpu, 4->4->1 MB, 5 MB goal, 0 MB stacks, 0 MB globals, 20 P
gc 3987 @9.735s 5%: 0.069+0.37+0.077 ms clock, 1.3+0.35/0.53/0.002+1.5 ms cpu, 3->4->2 MB, 4 MB goal, 0 MB stacks, 0 MB globals, 20 P
gc 3988 @9.736s 5%: 0.071+0.34+0.083 ms clock, 1.4+0.20/0.62/0.11+1.6 ms cpu, 4->4->2 MB, 4 MB goal, 0 MB stacks, 0 MB globals, 20 P
gc 3989 @9.737s 5%: 0.071+0.37+0.065 ms clock, 1.4+0.33/0.65/0.004+1.3 ms cpu, 3->4->2 MB, 4 MB goal, 0 MB stacks, 0 MB globals, 20 P
gc 3990 @9.738s 5%: 0.095+0.43+0.066 ms clock, 1.9+0.31/0.69/0.034+1.3 ms cpu, 4->5->2 MB, 5 MB goal, 0 MB stacks, 0 MB globals, 20 P
gc 3991 @9.739s 5%: 0.081+0.33+0.031 ms clock, 1.6+0.25/0.64/0+0.63 ms cpu, 4->5->2 MB, 5 MB goal, 0 MB stacks, 0 MB globals, 20 P
gc 3992 @9.740s 5%: 0.067+0.54+0.063 ms clock, 1.3+0.31/0.62/0.008+1.2 ms cpu, 3->5->2 MB, 4 MB goal, 0 MB stacks, 0 MB globals, 20 P
gc 3993 @9.742s 5%: 0.075+0.42+0.027 ms clock, 1.5+0.38/0.72/0.001+0.55 ms cpu, 4->5->2 MB, 5 MB goal, 0 MB stacks, 0 MB globals, 20 P
gc 3994 @9.743s 5%: 0.072+0.38+0.043 ms clock, 1.4+0.33/0.60/0.004+0.86 ms cpu, 4->5->2 MB, 5 MB goal, 0 MB stacks, 0 MB globals, 20 P
gc 3995 @9.745s 5%: 0.056+0.37+0.065 ms clock, 1.1+0.31/0.57/0.004+1.3 ms cpu, 4->5->2 MB, 5 MB goal, 0 MB stacks, 0 MB globals, 20 P
gc 3996 @9.746s 5%: 0.074+0.42+0.084 ms clock, 1.4+0.20/0.74/0.028+1.6 ms cpu, 4->5->2 MB, 5 MB goal, 0 MB stacks, 0 MB globals, 20 P
gc 3997 @9.747s 5%: 0.047+0.29+0.064 ms clock, 0.95+0.37/0.59/0.080+1.2 ms cpu, 4->5->2 MB, 5 MB goal, 0 MB stacks, 0 MB globals, 20 P
gc 3998 @9.748s 5%: 0.086+0.59+0.071 ms clock, 1.7+0.30/0.57/0.050+1.4 ms cpu, 3->5->2 MB, 4 MB goal, 0 MB stacks, 0 MB globals, 20 P
gc 3999 @9.750s 5%: 0.038+0.59+0.053 ms clock, 0.76+0.30/0.61/0+1.0 ms cpu, 4->5->2 MB, 5 MB goal, 0 MB stacks, 0 MB globals, 20 P
gc 4000 @9.751s 5%: 0.045+0.43+0.049 ms clock, 0.91+0.20/0.71/0.022+0.99 ms cpu, 4->5->2 MB, 5 MB goal, 0 MB stacks, 0 MB globals, 20 P
gc 4001 @9.753s 5%: 0.046+0.32+0.013 ms clock, 0.92+0.30/0.61/0.009+0.27 ms cpu, 4->5->2 MB, 5 MB goal, 0 MB stacks, 0 MB globals, 20 P
gc 4002 @9.754s 5%: 0.041+0.32+0.030 ms clock, 0.83+0.34/0.62/0+0.61 ms cpu, 4->4->2 MB, 4 MB goal, 0 MB stacks, 0 MB globals, 20 P
gc 4003 @9.755s 5%: 0.070+0.35+0.064 ms clock, 1.4+0.25/0.63/0.002+1.2 ms cpu, 3->4->2 MB, 4 MB goal, 0 MB stacks, 0 MB globals, 20 P
gc 4004 @9.756s 5%: 0.072+0.54+0.062 ms clock, 1.4+0.18/0.66/0.031+1.2 ms cpu, 4->5->2 MB, 4 MB goal, 0 MB stacks, 0 MB globals, 20 P
gc 4005 @9.758s 5%: 0.089+0.38+0.043 ms clock, 1.7+0.38/0.78/0.038+0.86 ms cpu, 4->5->2 MB, 5 MB goal, 0 MB stacks, 0 MB globals, 20 P
gc 4006 @9.759s 5%: 0.067+0.39+0.054 ms clock, 1.3+0.31/0.58/0.024+1.0 ms cpu, 4->5->2 MB, 4 MB goal, 0 MB stacks, 0 MB globals, 20 P
gc 4007 @9.761s 5%: 0.033+0.56+0.021 ms clock, 0.67+0.34/0.64/0.041+0.42 ms cpu, 4->5->2 MB, 4 MB goal, 0 MB stacks, 0 MB globals, 20 P
gc 4008 @9.762s 5%: 0.062+0.43+0.078 ms clock, 1.2+0.36/0.60/0.067+1.5 ms cpu, 4->5->2 MB, 5 MB goal, 0 MB stacks, 0 MB globals, 20 P
gc 4009 @9.763s 5%: 0.077+0.41+0.045 ms clock, 1.5+0.36/0.66/0.012+0.91 ms cpu, 4->5->2 MB, 4 MB goal, 0 MB stacks, 0 MB globals, 20 P
gc 4010 @9.765s 5%: 0.047+0.42+0.034 ms clock, 0.94+0.40/0.65/0.064+0.69 ms cpu, 4->5->2 MB, 5 MB goal, 0 MB stacks, 0 MB globals, 20 P
gc 4011 @9.766s 5%: 0.071+0.38+0.044 ms clock, 1.4+0.35/0.64/0.024+0.88 ms cpu, 4->5->2 MB, 5 MB goal, 0 MB stacks, 0 MB globals, 20 P
gc 4012 @9.767s 5%: 0.035+0.34+0.066 ms clock, 0.71+0.19/0.69/0.041+1.3 ms cpu, 4->5->2 MB, 5 MB goal, 0 MB stacks, 0 MB globals, 20 P
gc 4013 @9.768s 5%: 0.081+1.0+0.014 ms clock, 1.6+0.30/0.71/0.065+0.28 ms cpu, 4->5->2 MB, 4 MB goal, 0 MB stacks, 0 MB globals, 20 P
gc 4014 @9.770s 5%: 0.096+0.40+0.071 ms clock, 1.9+0.26/0.64/0.044+1.4 ms cpu, 4->5->2 MB, 5 MB goal, 0 MB stacks, 0 MB globals, 20 P
gc 4015 @9.771s 5%: 0.044+0.38+0.019 ms clock, 0.88+0.35/0.53/0.058+0.39 ms cpu, 4->4->2 MB, 5 MB goal, 0 MB stacks, 0 MB globals, 20 P
gc 4016 @9.772s 5%: 0.068+0.35+0.078 ms clock, 1.3+0.32/0.63/0.043+1.5 ms cpu, 3->4->2 MB, 4 MB goal, 0 MB stacks, 0 MB globals, 20 P
gc 4017 @9.773s 5%: 0.048+0.50+0.075 ms clock, 0.96+0.29/0.57/0.021+1.5 ms cpu, 4->4->2 MB, 4 MB goal, 0 MB stacks, 0 MB globals, 20 P
gc 4018 @9.775s 5%: 0.068+0.46+0.053 ms clock, 1.3+0.17/0.61/0+1.0 ms cpu, 4->5->2 MB, 5 MB goal, 0 MB stacks, 0 MB globals, 20 P
gc 4019 @9.776s 5%: 0.072+0.39+0.046 ms clock, 1.4+0.32/0.55/0+0.93 ms cpu, 4->5->2 MB, 4 MB goal, 0 MB stacks, 0 MB globals, 20 P
gc 4020 @9.778s 5%: 0.061+0.38+0.041 ms clock, 1.2+0.28/0.66/0+0.83 ms cpu, 4->5->2 MB, 5 MB goal, 0 MB stacks, 0 MB globals, 20 P
gc 4021 @9.779s 5%: 0.077+0.42+0.014 ms clock, 1.5+0.24/0.68/0+0.29 ms cpu, 4->5->2 MB, 5 MB goal, 0 MB stacks, 0 MB globals, 20 P
gc 4022 @9.780s 5%: 0.071+0.40+0.022 ms clock, 1.4+0.29/0.59/0.002+0.44 ms cpu, 4->5->2 MB, 4 MB goal, 0 MB stacks, 0 MB globals, 20 P
gc 4023 @9.782s 5%: 0.083+0.40+0.061 ms clock, 1.6+0.18/0.60/0.003+1.2 ms cpu, 4->5->2 MB, 5 MB goal, 0 MB stacks, 0 MB globals, 20 P
gc 4024 @9.783s 5%: 0.085+0.34+0.027 ms clock, 1.7+0.27/0.53/0.023+0.54 ms cpu, 4->5->2 MB, 5 MB goal, 0 MB stacks, 0 MB globals, 20 P
gc 4025 @9.784s 5%: 0.070+0.31+0.058 ms clock, 1.4+0.43/0.62/0.004+1.1 ms cpu, 4->4->2 MB, 4 MB goal, 0 MB stacks, 0 MB globals, 20 P
gc 4026 @9.785s 5%: 0.060+0.53+0.007 ms clock, 1.2+0.37/0.73/0.056+0.14 ms cpu, 3->4->2 MB, 4 MB goal, 0 MB stacks, 0 MB globals, 20 P
gc 4027 @9.787s 5%: 0.072+0.41+0.061 ms clock, 1.4+0.35/0.71/0.005+1.2 ms cpu, 4->5->2 MB, 5 MB goal, 0 MB stacks, 0 MB globals, 20 P
gc 4028 @9.788s 5%: 0.13+0.38+0.055 ms clock, 2.6+0.26/0.62/0.001+1.1 ms cpu, 4->5->2 MB, 5 MB goal, 0 MB stacks, 0 MB globals, 20 P
gc 4029 @9.789s 5%: 0.063+0.36+0.010 ms clock, 1.2+0.14/0.68/0.051+0.21 ms cpu, 4->5->2 MB, 5 MB goal, 0 MB stacks, 0 MB globals, 20 P
gc 4030 @9.790s 5%: 0.063+0.40+0.024 ms clock, 1.2+0.31/0.64/0.020+0.48 ms cpu, 3->4->2 MB, 4 MB goal, 0 MB stacks, 0 MB globals, 20 P
gc 4031 @9.791s 5%: 0.086+0.45+0.018 ms clock, 1.7+0.45/0.58/0+0.37 ms cpu, 3->4->2 MB, 4 MB goal, 0 MB stacks, 0 MB globals, 20 P
gc 4032 @9.793s 5%: 0.067+0.40+0.061 ms clock, 1.3+0.30/0.64/0.019+1.2 ms cpu, 4->5->2 MB, 5 MB goal, 0 MB stacks, 0 MB globals, 20 P
gc 4033 @9.794s 5%: 0.070+0.31+0.068 ms clock, 1.4+0.32/0.62/0+1.3 ms cpu, 4->5->2 MB, 5 MB goal, 0 MB stacks, 0 MB globals, 20 P
gc 4034 @9.796s 5%: 0.077+0.40+0.015 ms clock, 1.5+0.32/0.70/0.011+0.30 ms cpu, 4->4->2 MB, 4 MB goal, 0 MB stacks, 0 MB globals, 20 P
gc 4035 @9.797s 5%: 0.081+0.57+0.013 ms clock, 1.6+0.29/0.57/0+0.26 ms cpu, 4->5->2 MB, 4 MB goal, 0 MB stacks, 0 MB globals, 20 P
gc 4036 @9.798s 5%: 0.075+0.30+0.10 ms clock, 1.5+0.27/0.54/0.12+2.0 ms cpu, 4->5->2 MB, 5 MB goal, 0 MB stacks, 0 MB globals, 20 P
gc 4037 @9.799s 5%: 0.078+0.30+0.013 ms clock, 1.5+0.29/0.62/0.045+0.26 ms cpu, 4->4->2 MB, 4 MB goal, 0 MB stacks, 0 MB globals, 20 P
gc 4038 @9.800s 5%: 0.067+0.39+0.029 ms clock, 1.3+0.23/0.68/0.008+0.58 ms cpu, 3->4->2 MB, 4 MB goal, 0 MB stacks, 0 MB globals, 20 P
gc 4039 @9.802s 5%: 0.072+0.49+0.013 ms clock, 1.4+0.33/0.59/0.022+0.26 ms cpu, 3->4->2 MB, 4 MB goal, 0 MB stacks, 0 MB globals, 20 P
gc 4040 @9.803s 5%: 0.073+0.30+0.076 ms clock, 1.4+0.33/0.48/0.094+1.5 ms cpu, 4->5->2 MB, 4 MB goal, 0 MB stacks, 0 MB globals, 20 P
gc 4041 @9.804s 5%: 0.052+0.46+0.065 ms clock, 1.0+0.35/0.64/0.016+1.3 ms cpu, 3->4->2 MB, 4 MB goal, 0 MB stacks, 0 MB globals, 20 P
gc 4042 @9.805s 5%: 0.057+0.32+0.067 ms clock, 1.1+0.33/0.59/0.073+1.3 ms cpu, 4->5->2 MB, 5 MB goal, 0 MB stacks, 0 MB globals, 20 P
gc 4043 @9.806s 5%: 0.066+0.40+0.040 ms clock, 1.3+0.42/0.70/0+0.80 ms cpu, 3->4->2 MB, 4 MB goal, 0 MB stacks, 0 MB globals, 20 P
gc 4044 @9.808s 5%: 0.069+0.53+0.072 ms clock, 1.3+0.44/0.60/0.030+1.4 ms cpu, 4->5->2 MB, 5 MB goal, 0 MB stacks, 0 MB globals, 20 P
gc 4045 @9.809s 5%: 0.075+0.51+0.040 ms clock, 1.5+0.31/0.54/0.035+0.80 ms cpu, 4->5->2 MB, 5 MB goal, 0 MB stacks, 0 MB globals, 20 P
gc 4046 @9.810s 5%: 0.064+0.37+0.067 ms clock, 1.2+0.33/0.62/0.017+1.3 ms cpu, 4->5->2 MB, 5 MB goal, 0 MB stacks, 0 MB globals, 20 P
gc 4047 @9.811s 5%: 0.067+0.41+0.078 ms clock, 1.3+0.13/0.76/0.050+1.5 ms cpu, 4->5->2 MB, 4 MB goal, 0 MB stacks, 0 MB globals, 20 P
gc 4048 @9.813s 5%: 0.097+0.37+0.041 ms clock, 1.9+0.23/0.70/0+0.82 ms cpu, 4->5->2 MB, 5 MB goal, 0 MB stacks, 0 MB globals, 20 P
gc 4049 @9.814s 5%: 0.096+0.34+0.016 ms clock, 1.9+0.23/0.60/0.088+0.32 ms cpu, 4->5->2 MB, 5 MB goal, 0 MB stacks, 0 MB globals, 20 P
gc 4050 @9.815s 5%: 0.075+0.27+0.026 ms clock, 1.5+0.27/0.61/0.013+0.53 ms cpu, 4->4->2 MB, 4 MB goal, 0 MB stacks, 0 MB globals, 20 P
gc 4051 @9.816s 5%: 0.047+0.33+0.028 ms clock, 0.95+0.18/0.66/0.063+0.56 ms cpu, 3->4->2 MB, 4 MB goal, 0 MB stacks, 0 MB globals, 20 P
gc 4052 @9.817s 5%: 0.069+0.42+0.055 ms clock, 1.3+0.17/0.58/0.033+1.1 ms cpu, 4->5->2 MB, 4 MB goal, 0 MB stacks, 0 MB globals, 20 P
gc 4053 @9.818s 5%: 0.062+0.49+0.022 ms clock, 1.2+0.33/0.67/0+0.44 ms cpu, 4->5->2 MB, 5 MB goal, 0 MB stacks, 0 MB globals, 20 P
gc 4054 @9.820s 5%: 0.071+0.28+0.086 ms clock, 1.4+0.43/0.46/0.11+1.7 ms cpu, 4->5->2 MB, 5 MB goal, 0 MB stacks, 0 MB globals, 20 P
gc 4055 @9.821s 5%: 0.075+0.34+0.035 ms clock, 1.5+0.27/0.66/0.025+0.70 ms cpu, 4->5->2 MB, 4 MB goal, 0 MB stacks, 0 MB globals, 20 P
gc 4056 @9.822s 5%: 0.084+0.55+0.053 ms clock, 1.6+0.36/0.70/0.028+1.0 ms cpu, 4->5->2 MB, 5 MB goal, 0 MB stacks, 0 MB globals, 20 P
gc 4057 @9.823s 5%: 0.081+0.61+0.062 ms clock, 1.6+0.30/0.57/0+1.2 ms cpu, 4->5->2 MB, 5 MB goal, 0 MB stacks, 0 MB globals, 20 P
gc 4058 @9.825s 5%: 0.062+0.35+0.036 ms clock, 1.2+0.23/0.64/0.014+0.73 ms cpu, 4->5->2 MB, 5 MB goal, 0 MB stacks, 0 MB globals, 20 P
gc 4059 @9.826s 5%: 0.054+0.30+0.061 ms clock, 1.0+0.34/0.63/0.013+1.2 ms cpu, 4->5->2 MB, 4 MB goal, 0 MB stacks, 0 MB globals, 20 P
gc 4060 @9.827s 5%: 0.10+0.43+0.025 ms clock, 2.0+0.31/0.70/0+0.50 ms cpu, 4->5->2 MB, 5 MB goal, 0 MB stacks, 0 MB globals, 20 P
gc 4061 @9.829s 5%: 0.084+0.32+0.013 ms clock, 1.6+0.36/0.71/0.010+0.27 ms cpu, 4->5->2 MB, 5 MB goal, 0 MB stacks, 0 MB globals, 20 P
gc 4062 @9.830s 5%: 0.084+0.36+0.068 ms clock, 1.6+0.33/0.60/0.009+1.3 ms cpu, 4->5->2 MB, 4 MB goal, 0 MB stacks, 0 MB globals, 20 P
gc 4063 @9.831s 5%: 0.076+0.29+0.060 ms clock, 1.5+0.38/0.54/0.039+1.2 ms cpu, 4->4->2 MB, 5 MB goal, 0 MB stacks, 0 MB globals, 20 P
gc 4064 @9.833s 5%: 0.080+0.42+0.029 ms clock, 1.6+0.44/0.59/0.034+0.58 ms cpu, 3->5->2 MB, 4 MB goal, 0 MB stacks, 0 MB globals, 20 P
gc 4065 @9.834s 5%: 0.077+0.32+0.066 ms clock, 1.5+0.38/0.55/0+1.3 ms cpu, 4->5->2 MB, 5 MB goal, 0 MB stacks, 0 MB globals, 20 P
gc 4066 @9.835s 5%: 0.072+0.44+0.042 ms clock, 1.4+0.29/0.61/0.002+0.85 ms cpu, 4->5->2 MB, 5 MB goal, 0 MB stacks, 0 MB globals, 20 P
gc 4067 @9.837s 5%: 0.046+0.41+0.069 ms clock, 0.92+0.27/0.68/0+1.3 ms cpu, 4->5->2 MB, 5 MB goal, 0 MB stacks, 0 MB globals, 20 P
gc 4068 @9.838s 5%: 0.068+0.39+0.017 ms clock, 1.3+0.23/0.63/0+0.34 ms cpu, 4->5->2 MB, 5 MB goal, 0 MB stacks, 0 MB globals, 20 P
gc 4069 @9.839s 5%: 0.058+0.34+0.067 ms clock, 1.1+0.41/0.55/0+1.3 ms cpu, 4->5->2 MB, 4 MB goal, 0 MB stacks, 0 MB globals, 20 P
gc 4070 @9.841s 5%: 0.044+0.35+0.029 ms clock, 0.88+0.22/0.59/0.20+0.58 ms cpu, 4->5->2 MB, 5 MB goal, 0 MB stacks, 0 MB globals, 20 P
gc 4071 @9.842s 5%: 0.089+0.51+0.073 ms clock, 1.7+0.32/0.66/0.010+1.4 ms cpu, 3->5->2 MB, 4 MB goal, 0 MB stacks, 0 MB globals, 20 P
gc 4072 @9.843s 5%: 0.063+0.33+0.076 ms clock, 1.2+0.27/0.59/0+1.5 ms cpu, 4->5->2 MB, 5 MB goal, 0 MB stacks, 0 MB globals, 20 P
gc 4073 @9.844s 5%: 0.063+0.35+0.062 ms clock, 1.2+0.25/0.63/0+1.2 ms cpu, 4->4->2 MB, 5 MB goal, 0 MB stacks, 0 MB globals, 20 P
gc 4074 @9.845s 5%: 0.061+0.36+0.058 ms clock, 1.2+0.29/0.56/0.034+1.1 ms cpu, 4->4->2 MB, 4 MB goal, 0 MB stacks, 0 MB globals, 20 P
gc 4075 @9.847s 5%: 0.056+0.44+0.067 ms clock, 1.1+0.30/0.56/0+1.3 ms cpu, 3->4->2 MB, 4 MB goal, 0 MB stacks, 0 MB globals, 20 P
gc 4076 @9.848s 5%: 0.080+0.31+0.030 ms clock, 1.6+0.17/0.65/0.048+0.61 ms cpu, 4->4->2 MB, 4 MB goal, 0 MB stacks, 0 MB globals, 20 P
gc 4077 @9.849s 5%: 0.070+0.32+0.024 ms clock, 1.4+0.30/0.67/0+0.49 ms cpu, 4->4->2 MB, 4 MB goal, 0 MB stacks, 0 MB globals, 20 P
gc 4078 @9.852s 5%: 0.016+0.35+0.015 ms clock, 0.32+0.11/0.68/0+0.30 ms cpu, 4->5->2 MB, 4 MB goal, 0 MB stacks, 0 MB globals, 20 P
gc 4079 @9.853s 5%: 0.046+0.63+0.003 ms clock, 0.93+0.45/0.73/0+0.071 ms cpu, 4->5->2 MB, 5 MB goal, 0 MB stacks, 0 MB globals, 20 P
gc 4080 @9.854s 5%: 0.048+0.34+0.075 ms clock, 0.96+0.55/0.60/0.030+1.5 ms cpu, 4->5->2 MB, 5 MB goal, 0 MB stacks, 0 MB globals, 20 P
gc 4081 @9.855s 5%: 0.054+0.24+0.044 ms clock, 1.0+0.30/0.65/0.038+0.88 ms cpu, 4->5->2 MB, 5 MB goal, 0 MB stacks, 0 MB globals, 20 P
gc 4082 @9.856s 5%: 0.044+0.49+0.077 ms clock, 0.88+0.69/0.91/0.010+1.5 ms cpu, 4->5->2 MB, 4 MB goal, 0 MB stacks, 0 MB globals, 20 P
gc 4083 @9.858s 5%: 0.045+0.52+0.069 ms clock, 0.90+0.29/0.73/0+1.3 ms cpu, 4->5->2 MB, 5 MB goal, 0 MB stacks, 0 MB globals, 20 P
gc 4084 @9.859s 5%: 0.040+0.42+0.034 ms clock, 0.81+0.29/0.61/0.084+0.69 ms cpu, 4->5->2 MB, 5 MB goal, 0 MB stacks, 0 MB globals, 20 P
gc 4085 @9.860s 5%: 0.045+0.28+0.058 ms clock, 0.91+0.23/0.62/0.039+1.1 ms cpu, 4->4->2 MB, 5 MB goal, 0 MB stacks, 0 MB globals, 20 P
gc 4086 @9.861s 5%: 0.073+0.48+0.094 ms clock, 1.4+0.24/0.67/0+1.8 ms cpu, 3->4->2 MB, 4 MB goal, 0 MB stacks, 0 MB globals, 20 P
gc 4087 @9.863s 5%: 0.097+0.38+0.075 ms clock, 1.9+0.47/0.60/0.053+1.5 ms cpu, 4->5->2 MB, 5 MB goal, 0 MB stacks, 0 MB globals, 20 P
gc 4088 @9.864s 5%: 0.058+0.44+0.080 ms clock, 1.1+0.34/0.66/0.003+1.6 ms cpu, 4->5->2 MB, 5 MB goal, 0 MB stacks, 0 MB globals, 20 P
gc 4089 @9.865s 5%: 0.081+0.34+0.090 ms clock, 1.6+0.23/0.69/0+1.8 ms cpu, 4->5->2 MB, 4 MB goal, 0 MB stacks, 0 MB globals, 20 P
gc 4090 @9.866s 5%: 0.070+0.33+0.055 ms clock, 1.4+0.30/0.61/0.037+1.1 ms cpu, 4->4->2 MB, 4 MB goal, 0 MB stacks, 0 MB globals, 20 P
gc 4091 @9.868s 5%: 0.080+0.49+0.051 ms clock, 1.6+0.35/0.68/0.031+1.0 ms cpu, 4->4->2 MB, 4 MB goal, 0 MB stacks, 0 MB globals, 20 P
gc 4092 @9.869s 5%: 0.041+0.39+0.028 ms clock, 0.82+0.33/0.62/0.026+0.56 ms cpu, 4->5->2 MB, 5 MB goal, 0 MB stacks, 0 MB globals, 20 P
gc 4093 @9.870s 5%: 0.081+0.45+0.030 ms clock, 1.6+0.36/0.59/0+0.61 ms cpu, 4->4->2 MB, 4 MB goal, 0 MB stacks, 0 MB globals, 20 P
gc 4094 @9.871s 5%: 0.053+0.30+0.076 ms clock, 1.0+0.40/0.59/0.031+1.5 ms cpu, 4->4->2 MB, 4 MB goal, 0 MB stacks, 0 MB globals, 20 P
gc 4095 @9.873s 5%: 0.075+0.31+0.068 ms clock, 1.5+0.19/0.67/0.030+1.3 ms cpu, 4->5->2 MB, 4 MB goal, 0 MB stacks, 0 MB globals, 20 P
gc 4096 @9.874s 5%: 0.089+0.29+0.017 ms clock, 1.7+0.091/0.74/0.026+0.34 ms cpu, 4->4->2 MB, 5 MB goal, 0 MB stacks, 0 MB globals, 20 P
gc 4097 @9.875s 5%: 0.069+0.46+0.056 ms clock, 1.3+0.39/0.60/0.021+1.1 ms cpu, 3->4->2 MB, 4 MB goal, 0 MB stacks, 0 MB globals, 20 P
gc 4098 @9.876s 5%: 0.063+0.36+0.062 ms clock, 1.2+0.32/0.71/0.039+1.2 ms cpu, 4->5->2 MB, 5 MB goal, 0 MB stacks, 0 MB globals, 20 P
gc 4099 @9.878s 5%: 0.047+0.57+0.031 ms clock, 0.94+0.29/0.60/0.13+0.62 ms cpu, 4->5->2 MB, 4 MB goal, 0 MB stacks, 0 MB globals, 20 P
gc 4100 @9.879s 5%: 0.063+0.32+0.024 ms clock, 1.2+0.27/0.66/0+0.49 ms cpu, 4->5->2 MB, 5 MB goal, 0 MB stacks, 0 MB globals, 20 P
gc 4101 @9.880s 5%: 0.093+0.45+0.016 ms clock, 1.8+0.28/0.59/0.018+0.32 ms cpu, 3->4->2 MB, 4 MB goal, 0 MB stacks, 0 MB globals, 20 P
gc 4102 @9.882s 5%: 0.057+0.36+0.069 ms clock, 1.1+0.21/0.70/0.005+1.3 ms cpu, 4->5->2 MB, 5 MB goal, 0 MB stacks, 0 MB globals, 20 P
gc 4103 @9.883s 5%: 0.085+0.24+0.064 ms clock, 1.7+0.24/0.62/0+1.2 ms cpu, 4->4->2 MB, 5 MB goal, 0 MB stacks, 0 MB globals, 20 P
gc 4104 @9.884s 5%: 0.087+0.31+0.063 ms clock, 1.7+0.31/0.64/0.045+1.2 ms cpu, 3->4->2 MB, 4 MB goal, 0 MB stacks, 0 MB globals, 20 P
gc 4105 @9.885s 5%: 0.053+0.47+0.072 ms clock, 1.0+0.12/0.61/0.051+1.4 ms cpu, 4->5->2 MB, 4 MB goal, 0 MB stacks, 0 MB globals, 20 P
gc 4106 @9.886s 5%: 0.063+0.35+0.047 ms clock, 1.2+0.31/0.69/0.092+0.94 ms cpu, 4->4->2 MB, 4 MB goal, 0 MB stacks, 0 MB globals, 20 P
gc 4107 @9.888s 5%: 0.052+0.49+0.077 ms clock, 1.0+0.33/0.59/0+1.5 ms cpu, 4->5->2 MB, 4 MB goal, 0 MB stacks, 0 MB globals, 20 P
gc 4108 @9.889s 5%: 0.068+0.39+0.076 ms clock, 1.3+0.35/0.62/0.002+1.5 ms cpu, 4->5->2 MB, 5 MB goal, 0 MB stacks, 0 MB globals, 20 P
gc 4109 @9.891s 5%: 0.047+0.35+0.075 ms clock, 0.95+0.30/0.61/0+1.5 ms cpu, 4->5->2 MB, 5 MB goal, 0 MB stacks, 0 MB globals, 20 P
gc 4110 @9.892s 5%: 0.069+0.48+0.10 ms clock, 1.3+0.37/0.51/0.036+2.0 ms cpu, 4->5->2 MB, 4 MB goal, 0 MB stacks, 0 MB globals, 20 P
gc 4111 @9.893s 5%: 0.064+0.36+0.071 ms clock, 1.2+0.26/0.65/0.009+1.4 ms cpu, 4->5->2 MB, 5 MB goal, 0 MB stacks, 0 MB globals, 20 P
gc 4112 @9.895s 5%: 0.064+0.39+0.035 ms clock, 1.2+0.32/0.61/0.041+0.71 ms cpu, 4->4->2 MB, 5 MB goal, 0 MB stacks, 0 MB globals, 20 P
gc 4113 @9.896s 5%: 0.095+0.40+0.069 ms clock, 1.9+0.31/0.59/0.035+1.3 ms cpu, 3->4->2 MB, 4 MB goal, 0 MB stacks, 0 MB globals, 20 P
gc 4114 @9.897s 5%: 0.068+0.42+0.062 ms clock, 1.3+0.33/0.69/0.001+1.2 ms cpu, 4->5->2 MB, 5 MB goal, 0 MB stacks, 0 MB globals, 20 P
gc 4115 @9.899s 5%: 0.040+0.53+0.061 ms clock, 0.80+0.25/0.73/0.018+1.2 ms cpu, 4->5->2 MB, 5 MB goal, 0 MB stacks, 0 MB globals, 20 P
gc 4116 @9.900s 5%: 0.060+0.34+0.061 ms clock, 1.2+0.30/0.63/0.059+1.2 ms cpu, 4->5->2 MB, 5 MB goal, 0 MB stacks, 0 MB globals, 20 P
gc 4117 @9.901s 5%: 0.085+0.42+0.051 ms clock, 1.7+0.42/0.66/0.009+1.0 ms cpu, 4->5->2 MB, 4 MB goal, 0 MB stacks, 0 MB globals, 20 P
gc 4118 @9.903s 5%: 0.085+0.44+0.056 ms clock, 1.7+0.35/0.61/0+1.1 ms cpu, 4->5->2 MB, 5 MB goal, 0 MB stacks, 0 MB globals, 20 P
gc 4119 @9.904s 5%: 0.070+0.46+0.045 ms clock, 1.4+0.32/0.65/0+0.90 ms cpu, 4->5->2 MB, 5 MB goal, 0 MB stacks, 0 MB globals, 20 P
gc 4120 @9.905s 5%: 0.046+0.30+0.069 ms clock, 0.93+0.25/0.70/0+1.3 ms cpu, 4->5->2 MB, 5 MB goal, 0 MB stacks, 0 MB globals, 20 P
gc 4121 @9.906s 5%: 0.082+0.51+0.065 ms clock, 1.6+0.40/0.61/0.067+1.3 ms cpu, 3->5->2 MB, 4 MB goal, 0 MB stacks, 0 MB globals, 20 P
gc 4122 @9.908s 5%: 0.033+0.30+0.093 ms clock, 0.66+0.33/0.48/0.22+1.8 ms cpu, 4->5->2 MB, 5 MB goal, 0 MB stacks, 0 MB globals, 20 P
gc 4123 @9.909s 5%: 0.056+0.28+0.064 ms clock, 1.1+0.21/0.64/0.002+1.2 ms cpu, 3->4->2 MB, 4 MB goal, 0 MB stacks, 0 MB globals, 20 P
gc 4124 @9.910s 5%: 0.079+0.40+0.082 ms clock, 1.5+0.32/0.67/0.044+1.6 ms cpu, 3->4->2 MB, 4 MB goal, 0 MB stacks, 0 MB globals, 20 P
gc 4125 @9.911s 5%: 0.071+0.37+0.069 ms clock, 1.4+0.39/0.56/0+1.3 ms cpu, 4->5->2 MB, 5 MB goal, 0 MB stacks, 0 MB globals, 20 P
gc 4126 @9.912s 5%: 0.060+0.54+0.072 ms clock, 1.2+0.31/0.59/0.003+1.4 ms cpu, 4->5->2 MB, 5 MB goal, 0 MB stacks, 0 MB globals, 20 P
gc 4127 @9.914s 5%: 0.059+0.27+0.064 ms clock, 1.1+0.30/0.69/0+1.2 ms cpu, 4->5->2 MB, 5 MB goal, 0 MB stacks, 0 MB globals, 20 P
gc 4128 @9.915s 5%: 0.054+0.35+0.035 ms clock, 1.0+0.27/0.62/0.063+0.70 ms cpu, 3->4->2 MB, 4 MB goal, 0 MB stacks, 0 MB globals, 20 P
gc 4129 @9.916s 5%: 0.057+0.26+0.076 ms clock, 1.1+0.24/0.64/0.005+1.5 ms cpu, 3->4->1 MB, 4 MB goal, 0 MB stacks, 0 MB globals, 20 P
gc 4130 @9.917s 5%: 0.063+0.51+0.050 ms clock, 1.2+0.34/0.59/0+1.0 ms cpu, 3->4->2 MB, 4 MB goal, 0 MB stacks, 0 MB globals, 20 P
gc 4131 @9.918s 5%: 0.070+0.36+0.070 ms clock, 1.4+0.20/0.62/0+1.4 ms cpu, 4->5->2 MB, 5 MB goal, 0 MB stacks, 0 MB globals, 20 P
gc 4132 @9.919s 5%: 0.068+0.46+0.050 ms clock, 1.3+0.26/0.53/0.034+1.0 ms cpu, 4->5->2 MB, 4 MB goal, 0 MB stacks, 0 MB globals, 20 P
gc 4133 @9.921s 5%: 0.063+0.26+0.068 ms clock, 1.2+0.21/0.54/0.089+1.3 ms cpu, 4->4->2 MB, 5 MB goal, 0 MB stacks, 0 MB globals, 20 P
gc 4134 @9.922s 5%: 0.073+0.31+0.075 ms clock, 1.4+0.39/0.64/0+1.5 ms cpu, 3->4->2 MB, 4 MB goal, 0 MB stacks, 0 MB globals, 20 P
gc 4135 @9.923s 5%: 0.073+0.39+0.057 ms clock, 1.4+0.32/0.61/0.053+1.1 ms cpu, 4->4->2 MB, 4 MB goal, 0 MB stacks, 0 MB globals, 20 P
gc 4136 @9.924s 5%: 0.063+0.31+0.076 ms clock, 1.2+0.25/0.60/0.012+1.5 ms cpu, 4->5->2 MB, 5 MB goal, 0 MB stacks, 0 MB globals, 20 P
gc 4137 @9.925s 5%: 0.066+0.21+0.016 ms clock, 1.3+0.18/0.62/0.002+0.32 ms cpu, 3->4->1 MB, 4 MB goal, 0 MB stacks, 0 MB globals, 20 P
gc 4138 @9.926s 5%: 0.073+0.28+0.048 ms clock, 1.4+0.32/0.63/0.004+0.97 ms cpu, 3->4->2 MB, 4 MB goal, 0 MB stacks, 0 MB globals, 20 P
gc 4139 @9.926s 5%: 0.082+0.45+0.024 ms clock, 1.6+0.33/0.64/0.033+0.48 ms cpu, 3->4->2 MB, 4 MB goal, 0 MB stacks, 0 MB globals, 20 P
gc 4140 @9.928s 5%: 0.066+0.42+0.016 ms clock, 1.3+0.26/0.60/0.001+0.32 ms cpu, 4->5->2 MB, 4 MB goal, 0 MB stacks, 0 MB globals, 20 P
gc 4141 @9.929s 5%: 0.054+0.34+0.068 ms clock, 1.0+0.26/0.64/0.034+1.3 ms cpu, 4->4->2 MB, 4 MB goal, 0 MB stacks, 0 MB globals, 20 P
gc 4142 @9.930s 5%: 0.096+0.37+0.078 ms clock, 1.9+0.28/0.65/0.062+1.5 ms cpu, 4->4->2 MB, 4 MB goal, 0 MB stacks, 0 MB globals, 20 P
gc 4143 @9.932s 5%: 0.082+0.35+0.011 ms clock, 1.6+0.35/0.62/0.053+0.23 ms cpu, 4->5->2 MB, 5 MB goal, 0 MB stacks, 0 MB globals, 20 P
gc 4144 @9.933s 5%: 0.052+0.36+0.040 ms clock, 1.0+0.27/0.62/0+0.81 ms cpu, 4->5->2 MB, 4 MB goal, 0 MB stacks, 0 MB globals, 20 P
gc 4145 @9.934s 5%: 0.067+0.44+0.081 ms clock, 1.3+0.39/0.57/0.043+1.6 ms cpu, 4->5->2 MB, 5 MB goal, 0 MB stacks, 0 MB globals, 20 P
gc 4146 @9.935s 5%: 0.051+0.42+0.040 ms clock, 1.0+0.22/0.56/0.093+0.80 ms cpu, 4->4->2 MB, 5 MB goal, 0 MB stacks, 0 MB globals, 20 P
gc 4147 @9.937s 5%: 0.081+0.41+0.028 ms clock, 1.6+0.32/0.59/0.004+0.57 ms cpu, 4->5->2 MB, 4 MB goal, 0 MB stacks, 0 MB globals, 20 P
gc 4148 @9.938s 5%: 0.078+0.26+0.051 ms clock, 1.5+0.30/0.64/0.006+1.0 ms cpu, 4->4->2 MB, 4 MB goal, 0 MB stacks, 0 MB globals, 20 P
gc 4149 @9.939s 5%: 0.071+0.40+0.083 ms clock, 1.4+0.29/0.64/0.005+1.6 ms cpu, 3->4->2 MB, 4 MB goal, 0 MB stacks, 0 MB globals, 20 P
gc 4150 @9.940s 5%: 0.070+0.38+0.013 ms clock, 1.4+0.20/0.66/0+0.27 ms cpu, 4->5->2 MB, 4 MB goal, 0 MB stacks, 0 MB globals, 20 P
gc 4151 @9.942s 5%: 0.075+0.50+0.013 ms clock, 1.5+0.32/0.59/0+0.26 ms cpu, 4->5->2 MB, 4 MB goal, 0 MB stacks, 0 MB globals, 20 P
gc 4152 @9.943s 5%: 0.074+0.43+0.070 ms clock, 1.4+0.35/0.56/0.033+1.4 ms cpu, 4->5->2 MB, 5 MB goal, 0 MB stacks, 0 MB globals, 20 P
gc 4153 @9.945s 5%: 0.075+0.39+0.014 ms clock, 1.5+0.35/0.62/0.007+0.28 ms cpu, 4->5->2 MB, 5 MB goal, 0 MB stacks, 0 MB globals, 20 P
gc 4154 @9.946s 5%: 0.032+0.26+0.072 ms clock, 0.64+0.20/0.64/0+1.4 ms cpu, 4->4->2 MB, 4 MB goal, 0 MB stacks, 0 MB globals, 20 P
gc 4155 @9.947s 5%: 0.11+0.45+0.071 ms clock, 2.2+0.44/0.63/0.009+1.4 ms cpu, 3->4->2 MB, 4 MB goal, 0 MB stacks, 0 MB globals, 20 P
gc 4156 @9.948s 5%: 0.031+0.35+0.084 ms clock, 0.62+0.29/0.59/0.040+1.6 ms cpu, 4->5->2 MB, 5 MB goal, 0 MB stacks, 0 MB globals, 20 P
gc 4157 @9.949s 5%: 0.084+0.39+0.068 ms clock, 1.6+0.25/0.71/0.007+1.3 ms cpu, 4->5->2 MB, 4 MB goal, 0 MB stacks, 0 MB globals, 20 P
gc 4158 @9.951s 5%: 0.076+0.38+0.035 ms clock, 1.5+0.22/0.69/0+0.70 ms cpu, 4->5->2 MB, 4 MB goal, 0 MB stacks, 0 MB globals, 20 P
gc 4159 @9.952s 5%: 0.047+0.30+0.078 ms clock, 0.95+0.38/0.56/0.051+1.5 ms cpu, 4->4->2 MB, 4 MB goal, 0 MB stacks, 0 MB globals, 20 P
gc 4160 @9.953s 5%: 0.063+0.40+0.018 ms clock, 1.2+0.24/0.61/0.028+0.36 ms cpu, 3->4->2 MB, 4 MB goal, 0 MB stacks, 0 MB globals, 20 P
gc 4161 @9.954s 5%: 0.045+0.44+0.050 ms clock, 0.91+0.26/0.66/0+1.0 ms cpu, 4->5->2 MB, 4 MB goal, 0 MB stacks, 0 MB globals, 20 P
gc 4162 @9.956s 5%: 0.039+0.49+0.043 ms clock, 0.78+0.22/0.67/0+0.86 ms cpu, 4->5->2 MB, 4 MB goal, 0 MB stacks, 0 MB globals, 20 P
gc 4163 @9.957s 5%: 0.053+0.35+0.069 ms clock, 1.0+0.38/0.50/0.070+1.3 ms cpu, 4->5->2 MB, 5 MB goal, 0 MB stacks, 0 MB globals, 20 P
gc 4164 @9.958s 5%: 0.056+0.39+0.017 ms clock, 1.1+0.29/0.68/0.015+0.35 ms cpu, 4->4->2 MB, 4 MB goal, 0 MB stacks, 0 MB globals, 20 P
gc 4165 @9.960s 5%: 0.074+0.37+0.014 ms clock, 1.4+0.19/0.53/0.045+0.29 ms cpu, 4->5->2 MB, 4 MB goal, 0 MB stacks, 0 MB globals, 20 P
gc 4166 @9.961s 5%: 0.059+0.38+0.032 ms clock, 1.1+0.22/0.62/0.24+0.65 ms cpu, 4->4->2 MB, 4 MB goal, 0 MB stacks, 0 MB globals, 20 P
gc 4167 @9.962s 5%: 0.076+0.32+0.084 ms clock, 1.5+0.52/0.62/0.062+1.6 ms cpu, 3->4->2 MB, 4 MB goal, 0 MB stacks, 0 MB globals, 20 P
gc 4168 @9.963s 5%: 0.089+0.46+0.031 ms clock, 1.7+0.34/0.59/0.034+0.63 ms cpu, 4->5->2 MB, 4 MB goal, 0 MB stacks, 0 MB globals, 20 P
gc 4169 @9.964s 5%: 0.045+0.48+0.065 ms clock, 0.91+0.44/0.64/0.036+1.3 ms cpu, 4->5->2 MB, 5 MB goal, 0 MB stacks, 0 MB globals, 20 P
gc 4170 @9.966s 5%: 0.064+0.42+0.022 ms clock, 1.2+0.40/0.60/0.078+0.45 ms cpu, 4->5->2 MB, 5 MB goal, 0 MB stacks, 0 MB globals, 20 P
gc 4171 @9.967s 5%: 0.081+0.38+0.049 ms clock, 1.6+0.50/0.68/0.056+0.99 ms cpu, 4->4->2 MB, 4 MB goal, 0 MB stacks, 0 MB globals, 20 P
gc 4172 @9.968s 5%: 0.073+0.40+0.044 ms clock, 1.4+0.27/0.67/0.034+0.89 ms cpu, 4->4->2 MB, 4 MB goal, 0 MB stacks, 0 MB globals, 20 P
gc 4173 @9.969s 5%: 0.045+0.35+0.067 ms clock, 0.91+0.22/0.69/0+1.3 ms cpu, 4->5->2 MB, 4 MB goal, 0 MB stacks, 0 MB globals, 20 P
gc 4174 @9.971s 5%: 0.021+0.47+0.070 ms clock, 0.42+0.19/0.69/0.069+1.4 ms cpu, 4->5->2 MB, 5 MB goal, 0 MB stacks, 0 MB globals, 20 P
gc 4175 @9.972s 5%: 0.057+0.31+0.069 ms clock, 1.1+0.34/0.61/0.007+1.3 ms cpu, 4->4->2 MB, 4 MB goal, 0 MB stacks, 0 MB globals, 20 P
gc 4176 @9.973s 5%: 0.052+0.48+0.076 ms clock, 1.0+0.39/0.62/0.025+1.5 ms cpu, 3->4->2 MB, 4 MB goal, 0 MB stacks, 0 MB globals, 20 P
gc 4177 @9.974s 5%: 0.060+0.45+0.071 ms clock, 1.2+0.30/0.62/0+1.4 ms cpu, 4->5->2 MB, 5 MB goal, 0 MB stacks, 0 MB globals, 20 P
gc 4178 @9.976s 5%: 0.067+0.27+0.035 ms clock, 1.3+0.29/0.61/0+0.71 ms cpu, 4->4->2 MB, 5 MB goal, 0 MB stacks, 0 MB globals, 20 P
gc 4179 @9.976s 5%: 0.083+0.23+0.043 ms clock, 1.6+0.36/0.62/0.016+0.86 ms cpu, 3->4->1 MB, 4 MB goal, 0 MB stacks, 0 MB globals, 20 P
gc 4180 @9.978s 5%: 0.068+0.38+0.004 ms clock, 1.3+0.29/0.72/0.010+0.092 ms cpu, 3->4->2 MB, 4 MB goal, 0 MB stacks, 0 MB globals, 20 P
gc 4181 @9.979s 5%: 0.088+0.55+0.091 ms clock, 1.7+0.53/0.64/0.011+1.8 ms cpu, 3->4->2 MB, 4 MB goal, 0 MB stacks, 0 MB globals, 20 P
gc 4182 @9.980s 5%: 0.061+0.26+0.078 ms clock, 1.2+0.27/0.56/0.062+1.5 ms cpu, 4->4->1 MB, 5 MB goal, 0 MB stacks, 0 MB globals, 20 P
gc 4183 @9.981s 5%: 0.12+0.37+0.005 ms clock, 2.4+0.32/0.68/0+0.11 ms cpu, 3->4->2 MB, 4 MB goal, 0 MB stacks, 0 MB globals, 20 P
gc 4184 @9.982s 5%: 0.078+0.30+0.067 ms clock, 1.5+0.34/0.64/0+1.3 ms cpu, 4->5->2 MB, 5 MB goal, 0 MB stacks, 0 MB globals, 20 P
gc 4185 @9.983s 5%: 0.079+0.42+0.095 ms clock, 1.5+0.34/0.60/0+1.9 ms cpu, 4->5->2 MB, 5 MB goal, 0 MB stacks, 0 MB globals, 20 P
gc 4186 @9.985s 5%: 0.053+0.25+0.041 ms clock, 1.0+0.32/0.52/0.017+0.83 ms cpu, 4->5->2 MB, 5 MB goal, 0 MB stacks, 0 MB globals, 20 P
gc 4187 @9.986s 5%: 0.052+0.30+0.022 ms clock, 1.0+0.37/0.66/0+0.45 ms cpu, 3->4->2 MB, 4 MB goal, 0 MB stacks, 0 MB globals, 20 P
gc 4188 @9.987s 5%: 0.072+0.37+0.049 ms clock, 1.4+0.28/0.61/0+0.98 ms cpu, 3->4->2 MB, 4 MB goal, 0 MB stacks, 0 MB globals, 20 P
gc 4189 @9.988s 5%: 0.051+0.47+0.065 ms clock, 1.0+0.26/0.74/0.008+1.3 ms cpu, 4->5->2 MB, 4 MB goal, 0 MB stacks, 0 MB globals, 20 P
gc 4190 @9.990s 5%: 0.072+0.28+0.035 ms clock, 1.4+0.30/0.60/0.011+0.70 ms cpu, 4->4->2 MB, 5 MB goal, 0 MB stacks, 0 MB globals, 20 P
gc 4191 @9.991s 5%: 0.042+0.33+0.026 ms clock, 0.84+0.31/0.62/0.060+0.53 ms cpu, 3->4->2 MB, 4 MB goal, 0 MB stacks, 0 MB globals, 20 P
gc 4192 @9.992s 5%: 0.047+0.46+0.071 ms clock, 0.94+0.30/0.66/0.017+1.4 ms cpu, 4->5->2 MB, 4 MB goal, 0 MB stacks, 0 MB globals, 20 P
gc 4193 @9.994s 5%: 0.053+0.28+0.031 ms clock, 1.0+0.19/0.55/0.001+0.62 ms cpu, 4->5->2 MB, 5 MB goal, 0 MB stacks, 0 MB globals, 20 P
gc 4194 @9.995s 5%: 0.080+0.26+0.026 ms clock, 1.6+0.30/0.61/0.086+0.53 ms cpu, 3->4->2 MB, 4 MB goal, 0 MB stacks, 0 MB globals, 20 P
gc 4195 @9.996s 5%: 0.38+0.44+0.033 ms clock, 7.7+0.38/0.64/0+0.66 ms cpu, 4->5->2 MB, 4 MB goal, 0 MB stacks, 0 MB globals, 20 P
gc 4196 @9.997s 5%: 0.062+0.55+0.035 ms clock, 1.2+0.42/0.62/0+0.70 ms cpu, 4->5->2 MB, 5 MB goal, 0 MB stacks, 0 MB globals, 20 P
gc 4197 @9.999s 5%: 0.070+0.36+0.075 ms clock, 1.4+0.37/0.54/0.079+1.5 ms cpu, 4->5->2 MB, 5 MB goal, 0 MB stacks, 0 MB globals, 20 P
gc 4198 @10.000s 5%: 0.071+0.35+0.030 ms clock, 1.4+0.22/0.67/0.009+0.61 ms cpu, 4->5->2 MB, 5 MB goal, 0 MB stacks, 0 MB globals, 20 P
gc 4199 @10.001s 5%: 0.092+0.28+0.057 ms clock, 1.8+0.42/0.56/0.006+1.1 ms cpu, 3->4->2 MB, 4 MB goal, 0 MB stacks, 0 MB globals, 20 P
gc 4200 @10.002s 5%: 0.042+0.32+0.050 ms clock, 0.84+0.24/0.68/0.005+1.0 ms cpu, 3->4->2 MB, 4 MB goal, 0 MB stacks, 0 MB globals, 20 P
gc 4201 @10.003s 5%: 0.077+0.42+0.055 ms clock, 1.5+0.32/0.60/0.19+1.1 ms cpu, 3->4->2 MB, 4 MB goal, 0 MB stacks, 0 MB globals, 20 P
gc 4202 @10.005s 5%: 0.051+0.38+0.095 ms clock, 1.0+0.24/0.68/0.018+1.9 ms cpu, 4->5->2 MB, 5 MB goal, 0 MB stacks, 0 MB globals, 20 P
gc 4203 @10.006s 5%: 0.073+0.37+0.022 ms clock, 1.4+0.23/0.60/0+0.45 ms cpu, 4->5->2 MB, 5 MB goal, 0 MB stacks, 0 MB globals, 20 P
gc 4204 @10.007s 5%: 0.10+0.36+0.057 ms clock, 2.0+0.37/0.67/0+1.1 ms cpu, 4->5->2 MB, 4 MB goal, 0 MB stacks, 0 MB globals, 20 P
gc 4205 @10.009s 5%: 0.081+0.27+0.072 ms clock, 1.6+0.36/0.55/0.035+1.4 ms cpu, 4->5->2 MB, 5 MB goal, 0 MB stacks, 0 MB globals, 20 P
gc 4206 @10.010s 5%: 0.043+0.38+0.023 ms clock, 0.87+0.42/0.67/0.002+0.47 ms cpu, 3->4->2 MB, 4 MB goal, 0 MB stacks, 0 MB globals, 20 P
gc 4207 @10.011s 5%: 0.078+0.56+0.079 ms clock, 1.5+0.32/0.59/0.024+1.5 ms cpu, 4->5->2 MB, 4 MB goal, 0 MB stacks, 0 MB globals, 20 P
gc 4208 @10.012s 5%: 0.079+0.44+0.033 ms clock, 1.5+0.27/0.72/0.048+0.66 ms cpu, 4->5->2 MB, 5 MB goal, 0 MB stacks, 0 MB globals, 20 P
gc 4209 @10.014s 5%: 0.059+0.38+0.060 ms clock, 1.1+0.50/0.57/0.062+1.2 ms cpu, 4->5->2 MB, 4 MB goal, 0 MB stacks, 0 MB globals, 20 P
gc 4210 @10.015s 5%: 0.058+0.44+0.055 ms clock, 1.1+0.097/0.74/0.006+1.1 ms cpu, 4->5->2 MB, 5 MB goal, 0 MB stacks, 0 MB globals, 20 P
gc 4211 @10.017s 5%: 0.027+0.40+0.045 ms clock, 0.54+0.42/0.52/0.14+0.91 ms cpu, 4->5->2 MB, 5 MB goal, 0 MB stacks, 0 MB globals, 20 P
gc 4212 @10.018s 5%: 0.039+0.45+0.038 ms clock, 0.79+0.28/0.53/0.074+0.76 ms cpu, 4->5->2 MB, 4 MB goal, 0 MB stacks, 0 MB globals, 20 P
gc 4213 @10.019s 5%: 0.048+0.39+0.050 ms clock, 0.97+0.19/0.67/0.036+1.0 ms cpu, 4->4->2 MB, 4 MB goal, 0 MB stacks, 0 MB globals, 20 P
gc 4214 @10.021s 5%: 0.065+0.63+0.057 ms clock, 1.3+0.34/0.67/0.008+1.1 ms cpu, 3->5->2 MB, 4 MB goal, 0 MB stacks, 0 MB globals, 20 P
gc 4215 @10.022s 5%: 0.046+0.51+0.078 ms clock, 0.92+0.47/0.62/0.023+1.5 ms cpu, 4->5->2 MB, 5 MB goal, 0 MB stacks, 0 MB globals, 20 P
gc 4216 @10.023s 5%: 0.062+0.45+0.032 ms clock, 1.2+0.36/0.64/0.024+0.65 ms cpu, 4->5->2 MB, 5 MB goal, 0 MB stacks, 0 MB globals, 20 P
gc 4217 @10.025s 5%: 0.11+0.49+0.050 ms clock, 2.2+0.35/0.64/0+1.0 ms cpu, 4->5->2 MB, 5 MB goal, 0 MB stacks, 0 MB globals, 20 P
gc 4218 @10.026s 5%: 0.072+0.49+0.033 ms clock, 1.4+0.33/0.73/0.007+0.67 ms cpu, 4->5->2 MB, 5 MB goal, 0 MB stacks, 0 MB globals, 20 P
gc 4219 @10.027s 5%: 0.078+0.68+0.050 ms clock, 1.5+0.30/0.68/0+1.0 ms cpu, 4->5->2 MB, 5 MB goal, 0 MB stacks, 0 MB globals, 20 P
gc 4220 @10.029s 5%: 0.066+0.36+0.070 ms clock, 1.3+0.39/0.60/0.028+1.4 ms cpu, 4->5->2 MB, 5 MB goal, 0 MB stacks, 0 MB globals, 20 P
gc 4221 @10.030s 5%: 0.076+0.48+0.091 ms clock, 1.5+0.23/0.64/0.026+1.8 ms cpu, 4->5->2 MB, 5 MB goal, 0 MB stacks, 0 MB globals, 20 P
gc 4222 @10.032s 5%: 0.078+0.40+0.020 ms clock, 1.5+0.35/0.56/0.002+0.41 ms cpu, 4->5->2 MB, 5 MB goal, 0 MB stacks, 0 MB globals, 20 P
gc 4223 @10.033s 5%: 0.044+0.47+0.041 ms clock, 0.88+0.30/0.54/0.011+0.83 ms cpu, 4->5->2 MB, 4 MB goal, 0 MB stacks, 0 MB globals, 20 P
gc 4224 @10.035s 5%: 0.058+0.40+0.061 ms clock, 1.1+0.48/0.52/0+1.2 ms cpu, 4->5->2 MB, 5 MB goal, 0 MB stacks, 0 MB globals, 20 P
gc 4225 @10.036s 5%: 0.063+0.35+0.080 ms clock, 1.2+0.29/0.59/0.055+1.6 ms cpu, 4->5->2 MB, 5 MB goal, 0 MB stacks, 0 MB globals, 20 P
gc 4226 @10.037s 5%: 0.090+0.32+0.051 ms clock, 1.8+0.30/0.59/0+1.0 ms cpu, 4->4->2 MB, 4 MB goal, 0 MB stacks, 0 MB globals, 20 P
gc 4227 @10.039s 5%: 0.040+0.90+0.059 ms clock, 0.80+0.36/0.50/0+1.1 ms cpu, 4->5->2 MB, 4 MB goal, 0 MB stacks, 0 MB globals, 20 P
gc 4228 @10.040s 5%: 0.081+0.48+0.044 ms clock, 1.6+0.33/0.59/0+0.89 ms cpu, 4->5->2 MB, 5 MB goal, 0 MB stacks, 0 MB globals, 20 P
gc 4229 @10.042s 5%: 0.083+0.34+0.072 ms clock, 1.6+0.28/0.73/0.023+1.4 ms cpu, 4->5->2 MB, 5 MB goal, 0 MB stacks, 0 MB globals, 20 P
gc 4230 @10.042s 5%: 0.067+0.33+0.077 ms clock, 1.3+0.34/0.65/0.002+1.5 ms cpu, 4->4->2 MB, 4 MB goal, 0 MB stacks, 0 MB globals, 20 P
gc 4231 @10.044s 5%: 0.085+0.51+0.030 ms clock, 1.7+0.26/0.71/0.001+0.60 ms cpu, 4->5->2 MB, 5 MB goal, 0 MB stacks, 0 MB globals, 20 P
gc 4232 @10.045s 5%: 0.036+0.38+0.052 ms clock, 0.72+0.25/0.66/0+1.0 ms cpu, 4->5->2 MB, 5 MB goal, 0 MB stacks, 0 MB globals, 20 P
gc 4233 @10.046s 5%: 0.060+0.45+0.034 ms clock, 1.2+0.29/0.65/0+0.69 ms cpu, 4->5->2 MB, 5 MB goal, 0 MB stacks, 0 MB globals, 20 P
gc 4234 @10.048s 5%: 0.078+0.28+0.064 ms clock, 1.5+0.29/0.67/0.004+1.2 ms cpu, 4->5->2 MB, 5 MB goal, 0 MB stacks, 0 MB globals, 20 P
gc 4235 @10.049s 5%: 0.047+0.47+0.034 ms clock, 0.94+0.41/0.54/0.050+0.69 ms cpu, 3->4->2 MB, 4 MB goal, 0 MB stacks, 0 MB globals, 20 P
gc 4236 @10.051s 5%: 0.060+0.41+0.062 ms clock, 1.2+0.37/0.56/0.029+1.2 ms cpu, 4->5->2 MB, 5 MB goal, 0 MB stacks, 0 MB globals, 20 P
gc 4237 @10.052s 5%: 0.069+0.39+0.044 ms clock, 1.3+0.35/0.58/0+0.89 ms cpu, 4->5->2 MB, 5 MB goal, 0 MB stacks, 0 MB globals, 20 P
gc 4238 @10.053s 5%: 0.064+0.48+0.065 ms clock, 1.2+0.22/0.73/0+1.3 ms cpu, 4->5->2 MB, 5 MB goal, 0 MB stacks, 0 MB globals, 20 P
gc 4239 @10.055s 5%: 0.096+0.46+0.064 ms clock, 1.9+0.44/0.66/0+1.2 ms cpu, 4->5->2 MB, 4 MB goal, 0 MB stacks, 0 MB globals, 20 P
gc 4240 @10.056s 5%: 0.076+0.50+0.072 ms clock, 1.5+0.32/0.57/0.040+1.4 ms cpu, 4->5->2 MB, 5 MB goal, 0 MB stacks, 0 MB globals, 20 P
gc 4241 @10.058s 5%: 0.15+0.84+0.029 ms clock, 3.1+0.42/0.67/0+0.59 ms cpu, 4->5->2 MB, 5 MB goal, 0 MB stacks, 0 MB globals, 20 P
gc 4242 @10.060s 5%: 0.087+0.46+0.070 ms clock, 1.7+0.35/0.61/0+1.4 ms cpu, 5->6->2 MB, 6 MB goal, 0 MB stacks, 0 MB globals, 20 P
gc 4243 @10.061s 5%: 0.045+0.53+0.049 ms clock, 0.90+0.31/0.57/0.061+0.99 ms cpu, 4->5->2 MB, 5 MB goal, 0 MB stacks, 0 MB globals, 20 P
gc 4244 @10.062s 5%: 0.089+0.44+0.069 ms clock, 1.7+0.30/0.67/0+1.3 ms cpu, 4->5->2 MB, 5 MB goal, 0 MB stacks, 0 MB globals, 20 P
gc 4245 @10.064s 5%: 0.080+0.33+0.011 ms clock, 1.6+0.27/0.62/0+0.23 ms cpu, 4->5->2 MB, 5 MB goal, 0 MB stacks, 0 MB globals, 20 P
gc 4246 @10.064s 5%: 0.083+0.48+0.034 ms clock, 1.6+0.39/0.68/0.007+0.69 ms cpu, 4->4->2 MB, 4 MB goal, 0 MB stacks, 0 MB globals, 20 P
gc 4247 @10.066s 5%: 0.059+0.27+0.069 ms clock, 1.1+0.39/0.68/0+1.3 ms cpu, 4->4->2 MB, 4 MB goal, 0 MB stacks, 0 MB globals, 20 P
gc 4248 @10.067s 5%: 0.066+0.38+0.061 ms clock, 1.3+0.27/0.69/0+1.2 ms cpu, 4->4->2 MB, 4 MB goal, 0 MB stacks, 0 MB globals, 20 P
gc 4249 @10.068s 5%: 0.073+0.24+0.025 ms clock, 1.4+0.25/0.64/0.009+0.51 ms cpu, 4->4->1 MB, 4 MB goal, 0 MB stacks, 0 MB globals, 20 P
gc 4250 @10.069s 5%: 0.059+0.26+0.085 ms clock, 1.1+0.31/0.56/0.056+1.7 ms cpu, 3->4->2 MB, 4 MB goal, 0 MB stacks, 0 MB globals, 20 P
gc 4251 @10.070s 5%: 0.086+0.38+0.050 ms clock, 1.7+0.30/0.64/0+1.0 ms cpu, 3->5->2 MB, 4 MB goal, 0 MB stacks, 0 MB globals, 20 P
gc 4252 @10.071s 5%: 0.059+0.54+0.076 ms clock, 1.1+0.39/0.61/0+1.5 ms cpu, 4->5->2 MB, 5 MB goal, 0 MB stacks, 0 MB globals, 20 P
gc 4253 @10.073s 5%: 0.061+0.51+0.048 ms clock, 1.2+0.24/0.67/0.002+0.97 ms cpu, 4->5->2 MB, 5 MB goal, 0 MB stacks, 0 MB globals, 20 P
gc 4254 @10.074s 5%: 0.042+0.55+0.045 ms clock, 0.85+0.36/0.58/0.099+0.91 ms cpu, 4->6->2 MB, 5 MB goal, 0 MB stacks, 0 MB globals, 20 P
gc 4255 @10.077s 5%: 0.060+0.45+0.021 ms clock, 1.2+0.32/0.59/0.001+0.42 ms cpu, 5->6->2 MB, 5 MB goal, 0 MB stacks, 0 MB globals, 20 P
gc 4256 @10.078s 5%: 0.063+0.42+0.071 ms clock, 1.2+0.26/0.59/0.004+1.4 ms cpu, 4->5->2 MB, 5 MB goal, 0 MB stacks, 0 MB globals, 20 P
gc 4257 @10.079s 5%: 0.081+0.44+0.076 ms clock, 1.6+0.25/0.71/0.022+1.5 ms cpu, 4->5->2 MB, 5 MB goal, 0 MB stacks, 0 MB globals, 20 P
gc 4258 @10.081s 5%: 0.046+0.55+0.089 ms clock, 0.92+0.32/0.79/0.029+1.7 ms cpu, 4->5->2 MB, 5 MB goal, 0 MB stacks, 0 MB globals, 20 P
gc 4259 @10.082s 5%: 0.078+0.48+0.061 ms clock, 1.5+0.42/0.59/0.090+1.2 ms cpu, 4->5->2 MB, 5 MB goal, 0 MB stacks, 0 MB globals, 20 P
gc 4260 @10.084s 5%: 0.058+0.33+0.023 ms clock, 1.1+0.34/0.60/0.027+0.47 ms cpu, 4->5->2 MB, 5 MB goal, 0 MB stacks, 0 MB globals, 20 P
gc 4261 @10.085s 5%: 0.055+0.53+0.026 ms clock, 1.1+0.60/0.57/0.046+0.53 ms cpu, 4->5->2 MB, 4 MB goal, 0 MB stacks, 0 MB globals, 20 P
gc 4262 @10.086s 5%: 0.072+0.43+0.056 ms clock, 1.4+0.51/0.60/0.003+1.1 ms cpu, 4->5->2 MB, 5 MB goal, 0 MB stacks, 0 MB globals, 20 P
gc 4263 @10.088s 5%: 0.038+0.25+0.002 ms clock, 0.76+0.35/0.57/0.076+0.058 ms cpu, 4->4->2 MB, 5 MB goal, 0 MB stacks, 0 MB globals, 20 P
gc 4264 @10.089s 5%: 0.037+0.53+0.039 ms clock, 0.75+0.37/0.84/0.008+0.79 ms cpu, 3->4->2 MB, 4 MB goal, 0 MB stacks, 0 MB globals, 20 P
gc 4265 @10.090s 5%: 0.053+0.30+0.065 ms clock, 1.0+0.29/0.64/0.012+1.3 ms cpu, 4->4->2 MB, 5 MB goal, 0 MB stacks, 0 MB globals, 20 P
gc 4266 @10.091s 5%: 0.033+0.38+0.036 ms clock, 0.67+0.29/0.60/0+0.73 ms cpu, 4->4->2 MB, 4 MB goal, 0 MB stacks, 0 MB globals, 20 P
gc 4267 @10.093s 5%: 0.054+0.41+0.070 ms clock, 1.0+0.36/0.54/0.079+1.4 ms cpu, 3->4->2 MB, 4 MB goal, 0 MB stacks, 0 MB globals, 20 P
gc 4268 @10.094s 5%: 0.068+0.39+0.064 ms clock, 1.3+0.33/0.57/0.049+1.2 ms cpu, 4->5->2 MB, 5 MB goal, 0 MB stacks, 0 MB globals, 20 P
gc 4269 @10.095s 5%: 0.070+0.32+0.050 ms clock, 1.4+0.32/0.61/0.073+1.0 ms cpu, 4->5->2 MB, 5 MB goal, 0 MB stacks, 0 MB globals, 20 P
gc 4270 @10.096s 5%: 0.052+0.46+0.063 ms clock, 1.0+0.16/0.66/0.095+1.2 ms cpu, 4->4->2 MB, 4 MB goal, 0 MB stacks, 0 MB globals, 20 P
gc 4271 @10.097s 5%: 0.037+0.50+0.087 ms clock, 0.74+0.24/0.68/0.021+1.7 ms cpu, 4->5->2 MB, 5 MB goal, 0 MB stacks, 0 MB globals, 20 P
gc 4272 @10.099s 5%: 0.042+0.34+0.048 ms clock, 0.84+0.31/0.66/0+0.97 ms cpu, 4->5->2 MB, 5 MB goal, 0 MB stacks, 0 MB globals, 20 P
gc 4273 @10.099s 5%: 0.070+0.49+0.067 ms clock, 1.4+0.38/0.65/0.005+1.3 ms cpu, 3->4->2 MB, 4 MB goal, 0 MB stacks, 0 MB globals, 20 P
gc 4274 @10.101s 5%: 0.060+0.50+0.052 ms clock, 1.2+0.28/0.65/0.042+1.0 ms cpu, 4->5->2 MB, 5 MB goal, 0 MB stacks, 0 MB globals, 20 P
gc 4275 @10.102s 5%: 0.081+0.54+0.097 ms clock, 1.6+0.12/0.65/0+1.9 ms cpu, 4->5->2 MB, 5 MB goal, 0 MB stacks, 0 MB globals, 20 P
gc 4276 @10.104s 5%: 0.088+0.48+0.067 ms clock, 1.7+0.27/0.64/0.093+1.3 ms cpu, 4->5->2 MB, 4 MB goal, 0 MB stacks, 0 MB globals, 20 P
gc 4277 @10.105s 5%: 0.082+0.43+0.020 ms clock, 1.6+0.30/0.62/0.006+0.41 ms cpu, 4->5->2 MB, 5 MB goal, 0 MB stacks, 0 MB globals, 20 P
gc 4278 @10.107s 5%: 0.078+0.36+0.079 ms clock, 1.5+0.32/0.67/0+1.5 ms cpu, 4->4->2 MB, 4 MB goal, 0 MB stacks, 0 MB globals, 20 P
gc 4279 @10.108s 5%: 0.063+0.53+0.061 ms clock, 1.2+0.040/0.75/0+1.2 ms cpu, 4->5->2 MB, 4 MB goal, 0 MB stacks, 0 MB globals, 20 P
gc 4280 @10.109s 5%: 0.082+0.59+0.018 ms clock, 1.6+0.28/0.62/0.090+0.37 ms cpu, 4->5->2 MB, 5 MB goal, 0 MB stacks, 0 MB globals, 20 P
gc 4281 @10.111s 5%: 0.060+0.28+0.060 ms clock, 1.2+0.43/0.53/0.039+1.2 ms cpu, 4->5->2 MB, 5 MB goal, 0 MB stacks, 0 MB globals, 20 P
gc 4282 @10.112s 5%: 0.075+0.66+0.062 ms clock, 1.5+0.32/0.67/0+1.2 ms cpu, 3->5->2 MB, 4 MB goal, 0 MB stacks, 0 MB globals, 20 P
gc 4283 @10.113s 5%: 0.080+0.42+0.070 ms clock, 1.6+0.24/0.82/0.004+1.4 ms cpu, 4->5->2 MB, 5 MB goal, 0 MB stacks, 0 MB globals, 20 P
gc 4284 @10.115s 5%: 0.060+0.54+0.066 ms clock, 1.2+0.29/0.76/0+1.3 ms cpu, 4->5->2 MB, 5 MB goal, 0 MB stacks, 0 MB globals, 20 P
gc 4285 @10.116s 5%: 0.074+0.37+0.066 ms clock, 1.4+0.31/0.61/0.031+1.3 ms cpu, 4->5->2 MB, 5 MB goal, 0 MB stacks, 0 MB globals, 20 P
gc 4286 @10.118s 5%: 0.068+0.47+0.073 ms clock, 1.3+0.26/0.74/0+1.4 ms cpu, 4->5->2 MB, 5 MB goal, 0 MB stacks, 0 MB globals, 20 P
gc 4287 @10.119s 5%: 0.040+0.44+0.072 ms clock, 0.80+0.33/0.75/0+1.4 ms cpu, 4->5->2 MB, 5 MB goal, 0 MB stacks, 0 MB globals, 20 P
gc 4288 @10.120s 5%: 0.056+0.47+0.060 ms clock, 1.1+0.38/0.61/0+1.2 ms cpu, 4->5->2 MB, 5 MB goal, 0 MB stacks, 0 MB globals, 20 P
gc 4289 @10.122s 5%: 0.073+0.62+0.025 ms clock, 1.4+0.34/0.81/0.015+0.50 ms cpu, 4->5->2 MB, 5 MB goal, 0 MB stacks, 0 MB globals, 20 P
gc 4290 @10.123s 5%: 0.069+0.49+0.048 ms clock, 1.3+0.24/0.73/0.004+0.96 ms cpu, 4->5->2 MB, 5 MB goal, 0 MB stacks, 0 MB globals, 20 P
gc 4291 @10.124s 5%: 0.047+0.65+0.085 ms clock, 0.95+0.21/0.86/0.094+1.7 ms cpu, 4->5->2 MB, 4 MB goal, 0 MB stacks, 0 MB globals, 20 P
gc 4292 @10.126s 5%: 0.082+0.35+0.085 ms clock, 1.6+0.33/0.70/0.009+1.7 ms cpu, 4->5->2 MB, 5 MB goal, 0 MB stacks, 0 MB globals, 20 P
gc 4293 @10.127s 5%: 0.068+0.46+0.020 ms clock, 1.3+0.34/0.64/0+0.41 ms cpu, 4->5->2 MB, 5 MB goal, 0 MB stacks, 0 MB globals, 20 P
gc 4294 @10.128s 5%: 0.044+0.61+0.27 ms clock, 0.89+0.32/0.62/0.002+5.5 ms cpu, 4->6->2 MB, 5 MB goal, 0 MB stacks, 0 MB globals, 20 P
gc 4295 @10.130s 5%: 0.079+0.94+0.019 ms clock, 1.5+0.40/0.81/0+0.38 ms cpu, 4->6->2 MB, 5 MB goal, 0 MB stacks, 0 MB globals, 20 P
gc 4296 @10.132s 5%: 0.073+0.43+0.053 ms clock, 1.4+0.30/0.68/0+1.0 ms cpu, 5->5->2 MB, 6 MB goal, 0 MB stacks, 0 MB globals, 20 P
gc 4297 @10.134s 5%: 0.075+0.49+0.073 ms clock, 1.5+0.37/0.65/0.072+1.4 ms cpu, 4->5->2 MB, 5 MB goal, 0 MB stacks, 0 MB globals, 20 P
gc 4298 @10.135s 5%: 0.058+0.41+0.041 ms clock, 1.1+0.29/0.78/0+0.82 ms cpu, 4->5->2 MB, 5 MB goal, 0 MB stacks, 0 MB globals, 20 P
gc 4299 @10.136s 5%: 0.046+0.27+0.025 ms clock, 0.92+0.37/0.67/0.001+0.51 ms cpu, 4->4->2 MB, 4 MB goal, 0 MB stacks, 0 MB globals, 20 P
gc 4300 @10.137s 5%: 0.072+0.58+0.067 ms clock, 1.4+0.34/0.73/0+1.3 ms cpu, 3->4->2 MB, 4 MB goal, 0 MB stacks, 0 MB globals, 20 P
gc 4301 @10.138s 5%: 0.069+0.27+0.082 ms clock, 1.3+0.37/0.70/0.007+1.6 ms cpu, 4->5->2 MB, 5 MB goal, 0 MB stacks, 0 MB globals, 20 P
gc 4302 @10.139s 5%: 0.075+0.31+0.050 ms clock, 1.5+0.31/0.63/0+1.0 ms cpu, 3->4->2 MB, 4 MB goal, 0 MB stacks, 0 MB globals, 20 P
gc 4303 @10.140s 5%: 0.075+0.37+0.026 ms clock, 1.5+0.31/0.64/0+0.53 ms cpu, 3->4->2 MB, 4 MB goal, 0 MB stacks, 0 MB globals, 20 P
gc 4304 @10.141s 5%: 0.048+0.42+0.068 ms clock, 0.96+0.39/0.70/0.003+1.3 ms cpu, 4->5->2 MB, 4 MB goal, 0 MB stacks, 0 MB globals, 20 P
gc 4305 @10.143s 5%: 0.081+0.31+0.054 ms clock, 1.6+0.24/0.65/0.017+1.0 ms cpu, 4->4->2 MB, 5 MB goal, 0 MB stacks, 0 MB globals, 20 P
gc 4306 @10.144s 5%: 0.10+0.30+0.094 ms clock, 2.0+0.25/0.63/0+1.8 ms cpu, 3->4->2 MB, 4 MB goal, 0 MB stacks, 0 MB globals, 20 P
gc 4307 @10.145s 5%: 0.054+0.60+0.054 ms clock, 1.0+0.52/0.63/0.001+1.0 ms cpu, 4->5->2 MB, 4 MB goal, 0 MB stacks, 0 MB globals, 20 P
gc 4308 @10.146s 5%: 0.064+0.55+0.038 ms clock, 1.2+0.38/0.65/0.067+0.76 ms cpu, 4->5->2 MB, 5 MB goal, 0 MB stacks, 0 MB globals, 20 P
gc 4309 @10.148s 5%: 0.071+0.52+0.068 ms clock, 1.4+0.32/0.57/0.060+1.3 ms cpu, 4->5->2 MB, 5 MB goal, 0 MB stacks, 0 MB globals, 20 P
gc 4310 @10.150s 5%: 0.059+0.53+0.043 ms clock, 1.1+0.30/0.61/0+0.86 ms cpu, 4->5->2 MB, 5 MB goal, 0 MB stacks, 0 MB globals, 20 P
gc 4311 @10.151s 5%: 0.095+0.45+0.043 ms clock, 1.9+0.39/0.70/0+0.86 ms cpu, 4->5->2 MB, 5 MB goal, 0 MB stacks, 0 MB globals, 20 P
gc 4312 @10.153s 5%: 0.067+0.33+0.022 ms clock, 1.3+0.33/0.64/0.015+0.45 ms cpu, 4->5->2 MB, 5 MB goal, 0 MB stacks, 0 MB globals, 20 P
gc 4313 @10.154s 5%: 0.044+0.49+0.064 ms clock, 0.89+0.43/0.68/0.020+1.2 ms cpu, 4->5->2 MB, 4 MB goal, 0 MB stacks, 0 MB globals, 20 P
gc 4314 @10.155s 5%: 0.069+0.59+0.017 ms clock, 1.3+0.21/0.62/0.002+0.35 ms cpu, 4->5->2 MB, 5 MB goal, 0 MB stacks, 0 MB globals, 20 P
gc 4315 @10.157s 5%: 0.060+0.42+0.070 ms clock, 1.2+0.23/0.72/0.003+1.4 ms cpu, 4->5->2 MB, 5 MB goal, 0 MB stacks, 0 MB globals, 20 P
gc 4316 @10.158s 5%: 0.086+0.37+0.053 ms clock, 1.7+0.23/0.64/0+1.0 ms cpu, 4->5->2 MB, 5 MB goal, 0 MB stacks, 0 MB globals, 20 P
gc 4317 @10.160s 5%: 0.078+0.25+0.063 ms clock, 1.5+0.31/0.63/0+1.2 ms cpu, 4->5->2 MB, 5 MB goal, 0 MB stacks, 0 MB globals, 20 P
gc 4318 @10.161s 5%: 0.082+0.53+0.061 ms clock, 1.6+0.35/0.61/0+1.2 ms cpu, 4->5->2 MB, 4 MB goal, 0 MB stacks, 0 MB globals, 20 P
gc 4319 @10.162s 5%: 0.019+0.64+0.024 ms clock, 0.39+0.30/0.72/0+0.49 ms cpu, 4->5->2 MB, 5 MB goal, 0 MB stacks, 0 MB globals, 20 P
gc 4320 @10.164s 5%: 0.10+0.50+0.056 ms clock, 2.0+0.18/0.80/0+1.1 ms cpu, 4->6->2 MB, 5 MB goal, 0 MB stacks, 0 MB globals, 20 P
gc 4321 @10.165s 5%: 0.071+0.31+0.044 ms clock, 1.4+0.28/0.68/0.012+0.88 ms cpu, 4->5->2 MB, 5 MB goal, 0 MB stacks, 0 MB globals, 20 P
gc 4322 @10.166s 5%: 0.096+0.47+0.015 ms clock, 1.9+0.34/0.63/0+0.31 ms cpu, 3->4->2 MB, 4 MB goal, 0 MB stacks, 0 MB globals, 20 P
gc 4323 @10.168s 5%: 0.052+0.50+0.067 ms clock, 1.0+0.47/0.66/0.025+1.3 ms cpu, 4->5->2 MB, 5 MB goal, 0 MB stacks, 0 MB globals, 20 P
gc 4324 @10.169s 5%: 0.095+0.48+0.041 ms clock, 1.9+0.31/0.72/0+0.82 ms cpu, 4->5->2 MB, 5 MB goal, 0 MB stacks, 0 MB globals, 20 P
gc 4325 @10.171s 5%: 0.074+0.41+0.058 ms clock, 1.4+0.28/0.58/0.031+1.1 ms cpu, 4->5->2 MB, 5 MB goal, 0 MB stacks, 0 MB globals, 20 P
gc 4326 @10.172s 5%: 0.054+0.48+0.018 ms clock, 1.0+0.27/0.63/0+0.37 ms cpu, 4->5->2 MB, 4 MB goal, 0 MB stacks, 0 MB globals, 20 P
gc 4327 @10.173s 5%: 0.073+0.30+0.067 ms clock, 1.4+0.29/0.63/0+1.3 ms cpu, 4->4->2 MB, 5 MB goal, 0 MB stacks, 0 MB globals, 20 P
gc 4328 @10.174s 5%: 0.094+0.36+0.060 ms clock, 1.8+0.39/0.66/0+1.2 ms cpu, 3->4->2 MB, 4 MB goal, 0 MB stacks, 0 MB globals, 20 P
gc 4329 @10.176s 5%: 0.072+0.35+0.017 ms clock, 1.4+0.19/0.67/0+0.35 ms cpu, 4->5->2 MB, 5 MB goal, 0 MB stacks, 0 MB globals, 20 P
gc 4330 @10.177s 5%: 0.075+0.51+0.067 ms clock, 1.5+0.36/0.66/0.043+1.3 ms cpu, 4->5->2 MB, 4 MB goal, 0 MB stacks, 0 MB globals, 20 P
gc 4331 @10.178s 5%: 0.061+0.47+0.053 ms clock, 1.2+0.37/0.68/0.023+1.0 ms cpu, 4->5->2 MB, 5 MB goal, 0 MB stacks, 0 MB globals, 20 P
gc 4332 @10.180s 5%: 0.047+0.37+0.085 ms clock, 0.95+0.34/0.59/0.047+1.7 ms cpu, 4->5->2 MB, 5 MB goal, 0 MB stacks, 0 MB globals, 20 P
gc 4333 @10.181s 5%: 0.089+0.40+0.067 ms clock, 1.7+0.27/0.58/0.14+1.3 ms cpu, 3->5->2 MB, 4 MB goal, 0 MB stacks, 0 MB globals, 20 P
gc 4334 @10.183s 5%: 0.066+0.49+0.015 ms clock, 1.3+0.21/0.68/0+0.30 ms cpu, 4->5->2 MB, 5 MB goal, 0 MB stacks, 0 MB globals, 20 P
gc 4335 @10.184s 5%: 0.078+0.64+0.083 ms clock, 1.5+0.33/0.59/0.059+1.6 ms cpu, 4->5->2 MB, 5 MB goal, 0 MB stacks, 0 MB globals, 20 P
gc 4336 @10.186s 5%: 0.037+0.35+0.017 ms clock, 0.75+0.25/0.72/0.005+0.35 ms cpu, 4->5->2 MB, 5 MB goal, 0 MB stacks, 0 MB globals, 20 P
gc 4337 @10.187s 5%: 0.080+0.45+0.076 ms clock, 1.6+0.30/0.65/0.022+1.5 ms cpu, 4->5->2 MB, 5 MB goal, 0 MB stacks, 0 MB globals, 20 P
gc 4338 @10.188s 5%: 0.077+0.39+0.071 ms clock, 1.5+0.34/0.66/0.006+1.4 ms cpu, 4->5->2 MB, 5 MB goal, 0 MB stacks, 0 MB globals, 20 P
gc 4339 @10.190s 5%: 0.031+0.62+0.040 ms clock, 0.63+0.28/0.76/0.11+0.81 ms cpu, 4->5->2 MB, 5 MB goal, 0 MB stacks, 0 MB globals, 20 P
gc 4340 @10.191s 5%: 0.069+0.38+0.051 ms clock, 1.3+0.18/0.70/0.002+1.0 ms cpu, 4->5->2 MB, 5 MB goal, 0 MB stacks, 0 MB globals, 20 P
gc 4341 @10.192s 5%: 0.069+0.25+0.033 ms clock, 1.3+0.31/0.50/0.065+0.66 ms cpu, 4->4->2 MB, 5 MB goal, 0 MB stacks, 0 MB globals, 20 P
gc 4342 @10.194s 5%: 0.075+0.35+0.049 ms clock, 1.5+0.31/0.73/0+0.98 ms cpu, 4->5->2 MB, 4 MB goal, 0 MB stacks, 0 MB globals, 20 P
gc 4343 @10.195s 5%: 0.055+0.49+0.11 ms clock, 1.1+0.24/0.61/0.054+2.2 ms cpu, 4->5->2 MB, 5 MB goal, 0 MB stacks, 0 MB globals, 20 P
gc 4344 @10.197s 5%: 0.064+0.36+0.055 ms clock, 1.2+0.36/0.63/0.003+1.1 ms cpu, 4->5->2 MB, 5 MB goal, 0 MB stacks, 0 MB globals, 20 P
gc 4345 @10.198s 5%: 0.10+0.31+0.069 ms clock, 2.0+0.44/0.55/0.003+1.3 ms cpu, 4->5->2 MB, 4 MB goal, 0 MB stacks, 0 MB globals, 20 P
gc 4346 @10.199s 5%: 0.067+0.41+0.012 ms clock, 1.3+0.36/0.62/0+0.25 ms cpu, 4->5->2 MB, 4 MB goal, 0 MB stacks, 0 MB globals, 20 P
gc 4347 @10.201s 5%: 0.052+0.56+0.051 ms clock, 1.0+0.24/0.64/0.080+1.0 ms cpu, 4->5->2 MB, 5 MB goal, 0 MB stacks, 0 MB globals, 20 P
gc 4348 @10.202s 5%: 0.070+0.45+0.062 ms clock, 1.4+0.16/0.62/0.11+1.2 ms cpu, 4->5->2 MB, 5 MB goal, 0 MB stacks, 0 MB globals, 20 P
gc 4349 @10.203s 5%: 0.067+0.35+0.049 ms clock, 1.3+0.25/0.58/0.016+0.99 ms cpu, 4->5->2 MB, 5 MB goal, 0 MB stacks, 0 MB globals, 20 P
gc 4350 @10.205s 5%: 0.041+0.18+0.056 ms clock, 0.82+0.17/0.59/0.18+1.1 ms cpu, 4->4->1 MB, 5 MB goal, 0 MB stacks, 0 MB globals, 20 P
gc 4351 @10.206s 5%: 0.065+0.42+0.041 ms clock, 1.3+0.29/0.62/0.024+0.82 ms cpu, 3->4->2 MB, 4 MB goal, 0 MB stacks, 0 MB globals, 20 P
gc 4352 @10.207s 5%: 0.10+0.47+0.060 ms clock, 2.0+0.28/0.50/0.056+1.2 ms cpu, 4->5->2 MB, 4 MB goal, 0 MB stacks, 0 MB globals, 20 P
gc 4353 @10.208s 5%: 0.077+0.42+0.079 ms clock, 1.5+0.33/0.63/0+1.5 ms cpu, 4->5->2 MB, 5 MB goal, 0 MB stacks, 0 MB globals, 20 P
gc 4354 @10.210s 5%: 0.067+0.29+0.029 ms clock, 1.3+0.17/0.62/0.020+0.58 ms cpu, 4->5->2 MB, 5 MB goal, 0 MB stacks, 0 MB globals, 20 P
gc 4355 @10.211s 5%: 0.060+0.47+0.037 ms clock, 1.2+0.29/0.57/0.034+0.74 ms cpu, 4->4->2 MB, 4 MB goal, 0 MB stacks, 0 MB globals, 20 P
gc 4356 @10.212s 5%: 0.034+0.27+0.067 ms clock, 0.68+0.17/0.67/0+1.3 ms cpu, 4->5->2 MB, 5 MB goal, 0 MB stacks, 0 MB globals, 20 P
gc 4357 @10.213s 5%: 0.066+0.35+0.017 ms clock, 1.3+0.15/0.61/0.015+0.34 ms cpu, 4->4->2 MB, 4 MB goal, 0 MB stacks, 0 MB globals, 20 P
gc 4358 @10.215s 5%: 0.084+0.64+0.016 ms clock, 1.6+0.12/0.67/0.062+0.32 ms cpu, 3->4->2 MB, 4 MB goal, 0 MB stacks, 0 MB globals, 20 P
gc 4359 @10.216s 5%: 0.084+0.37+0.055 ms clock, 1.6+0.24/0.55/0.063+1.1 ms cpu, 4->5->2 MB, 5 MB goal, 0 MB stacks, 0 MB globals, 20 P
gc 4360 @10.218s 5%: 0.053+0.45+0.008 ms clock, 1.0+0.32/0.50/0+0.17 ms cpu, 4->5->2 MB, 5 MB goal, 0 MB stacks, 0 MB globals, 20 P
gc 4361 @10.219s 5%: 0.060+0.39+0.030 ms clock, 1.2+0.26/0.62/0.007+0.61 ms cpu, 4->5->2 MB, 5 MB goal, 0 MB stacks, 0 MB globals, 20 P
gc 4362 @10.221s 5%: 0.027+0.51+0.076 ms clock, 0.55+0.24/0.69/0.032+1.5 ms cpu, 4->5->2 MB, 5 MB goal, 0 MB stacks, 0 MB globals, 20 P
gc 4363 @10.222s 5%: 0.070+0.38+0.074 ms clock, 1.4+0.28/0.60/0.004+1.4 ms cpu, 4->4->2 MB, 5 MB goal, 0 MB stacks, 0 MB globals, 20 P
gc 4364 @10.223s 5%: 0.071+0.32+0.067 ms clock, 1.4+0.33/0.66/0.017+1.3 ms cpu, 4->4->2 MB, 4 MB goal, 0 MB stacks, 0 MB globals, 20 P
gc 4365 @10.224s 5%: 0.079+0.33+0.067 ms clock, 1.5+0.28/0.71/0+1.3 ms cpu, 4->4->2 MB, 4 MB goal, 0 MB stacks, 0 MB globals, 20 P
gc 4366 @10.226s 5%: 0.048+0.43+0.088 ms clock, 0.97+0.12/0.67/0.035+1.7 ms cpu, 4->5->2 MB, 4 MB goal, 0 MB stacks, 0 MB globals, 20 P
gc 4367 @10.227s 5%: 0.077+0.52+0.036 ms clock, 1.5+0.34/0.55/0.012+0.72 ms cpu, 4->5->2 MB, 4 MB goal, 0 MB stacks, 0 MB globals, 20 P
gc 4368 @10.228s 5%: 0.041+0.38+0.068 ms clock, 0.83+0.35/0.72/0.005+1.3 ms cpu, 4->5->2 MB, 5 MB goal, 0 MB stacks, 0 MB globals, 20 P
gc 4369 @10.229s 5%: 0.061+0.42+0.078 ms clock, 1.2+0.19/0.75/0+1.5 ms cpu, 4->5->2 MB, 5 MB goal, 0 MB stacks, 0 MB globals, 20 P
gc 4370 @10.231s 5%: 0.10+0.41+0.010 ms clock, 2.0+0.27/0.69/0+0.20 ms cpu, 4->5->2 MB, 5 MB goal, 0 MB stacks, 0 MB globals, 20 P
gc 4371 @10.232s 5%: 0.072+0.61+0.075 ms clock, 1.4+0.25/0.65/0.003+1.5 ms cpu, 4->5->2 MB, 5 MB goal, 0 MB stacks, 0 MB globals, 20 P
gc 4372 @10.234s 5%: 0.072+0.25+0.052 ms clock, 1.4+0.36/0.57/0.019+1.0 ms cpu, 4->5->2 MB, 5 MB goal, 0 MB stacks, 0 MB globals, 20 P
gc 4373 @10.235s 5%: 0.053+0.49+0.063 ms clock, 1.0+0.16/0.55/0.014+1.2 ms cpu, 3->5->2 MB, 4 MB goal, 0 MB stacks, 0 MB globals, 20 P
gc 4374 @10.236s 5%: 0.10+0.38+0.044 ms clock, 2.0+0.23/0.67/0+0.89 ms cpu, 4->5->2 MB, 5 MB goal, 0 MB stacks, 0 MB globals, 20 P
gc 4375 @10.237s 5%: 0.071+0.40+0.027 ms clock, 1.4+0.21/0.67/0+0.55 ms cpu, 4->5->2 MB, 5 MB goal, 0 MB stacks, 0 MB globals, 20 P
gc 4376 @10.239s 5%: 0.070+0.55+0.011 ms clock, 1.4+0.20/0.65/0.012+0.23 ms cpu, 4->5->2 MB, 4 MB goal, 0 MB stacks, 0 MB globals, 20 P
gc 4377 @10.240s 5%: 0.081+0.37+0.038 ms clock, 1.6+0.17/0.59/0.021+0.77 ms cpu, 4->5->2 MB, 5 MB goal, 0 MB stacks, 0 MB globals, 20 P
gc 4378 @10.242s 5%: 0.054+0.36+0.073 ms clock, 1.0+0.18/0.64/0+1.4 ms cpu, 4->5->2 MB, 5 MB goal, 0 MB stacks, 0 MB globals, 20 P
gc 4379 @10.243s 5%: 0.065+0.30+0.069 ms clock, 1.3+0.32/0.60/0.069+1.3 ms cpu, 4->4->2 MB, 4 MB goal, 0 MB stacks, 0 MB globals, 20 P
gc 4380 @10.244s 5%: 0.065+0.21+0.068 ms clock, 1.3+0.28/0.60/0.022+1.3 ms cpu, 4->4->1 MB, 4 MB goal, 0 MB stacks, 0 MB globals, 20 P
gc 4381 @10.245s 5%: 0.10+0.31+0.070 ms clock, 2.0+0.34/0.63/0+1.4 ms cpu, 3->4->2 MB, 4 MB goal, 0 MB stacks, 0 MB globals, 20 P
gc 4382 @10.246s 5%: 0.064+0.46+0.55 ms clock, 1.2+0.24/0.78/0.003+11 ms cpu, 4->5->2 MB, 4 MB goal, 0 MB stacks, 0 MB globals, 20 P
gc 4383 @10.247s 5%: 0.062+0.43+0.068 ms clock, 1.2+0.43/0.64/0.007+1.3 ms cpu, 4->5->2 MB, 5 MB goal, 0 MB stacks, 0 MB globals, 20 P
gc 4384 @10.249s 5%: 0.072+0.49+0.018 ms clock, 1.4+0.24/0.64/0.028+0.37 ms cpu, 4->6->2 MB, 5 MB goal, 0 MB stacks, 0 MB globals, 20 P
gc 4385 @10.250s 5%: 0.077+0.40+0.077 ms clock, 1.5+0.43/0.57/0.008+1.5 ms cpu, 4->5->2 MB, 5 MB goal, 0 MB stacks, 0 MB globals, 20 P
gc 4386 @10.252s 5%: 0.082+0.34+0.023 ms clock, 1.6+0.35/0.62/0.017+0.47 ms cpu, 4->4->2 MB, 4 MB goal, 0 MB stacks, 0 MB globals, 20 P
gc 4387 @10.253s 5%: 0.067+0.39+0.052 ms clock, 1.3+0.33/0.69/0.015+1.0 ms cpu, 3->4->2 MB, 4 MB goal, 0 MB stacks, 0 MB globals, 20 P
gc 4388 @10.254s 5%: 0.077+0.43+0.074 ms clock, 1.5+0.37/0.52/0.068+1.4 ms cpu, 4->4->2 MB, 4 MB goal, 0 MB stacks, 0 MB globals, 20 P
gc 4389 @10.256s 5%: 0.043+0.34+0.068 ms clock, 0.87+0.35/0.61/0.017+1.3 ms cpu, 4->5->2 MB, 4 MB goal, 0 MB stacks, 0 MB globals, 20 P
gc 4390 @10.257s 5%: 0.061+0.36+0.060 ms clock, 1.2+0.36/0.61/0+1.2 ms cpu, 3->5->2 MB, 4 MB goal, 0 MB stacks, 0 MB globals, 20 P
gc 4391 @10.258s 5%: 0.036+0.23+0.070 ms clock, 0.72+0.28/0.54/0.035+1.4 ms cpu, 4->4->2 MB, 4 MB goal, 0 MB stacks, 0 MB globals, 20 P
gc 4392 @10.259s 5%: 0.063+0.43+0.064 ms clock, 1.2+0.52/0.73/0.001+1.2 ms cpu, 3->4->2 MB, 4 MB goal, 0 MB stacks, 0 MB globals, 20 P
gc 4393 @10.261s 5%: 0.073+0.56+0.031 ms clock, 1.4+0.33/0.60/0.038+0.63 ms cpu, 4->5->2 MB, 5 MB goal, 0 MB stacks, 0 MB globals, 20 P
gc 4394 @10.263s 5%: 0.075+0.33+0.065 ms clock, 1.5+0.28/0.57/0.030+1.3 ms cpu, 4->5->2 MB, 5 MB goal, 0 MB stacks, 0 MB globals, 20 P
gc 4395 @10.264s 5%: 0.023+0.27+0.053 ms clock, 0.47+0.21/0.64/0.049+1.0 ms cpu, 4->4->2 MB, 5 MB goal, 0 MB stacks, 0 MB globals, 20 P
gc 4396 @10.265s 5%: 0.083+0.45+0.057 ms clock, 1.6+0.18/0.71/0.011+1.1 ms cpu, 3->4->2 MB, 4 MB goal, 0 MB stacks, 0 MB globals, 20 P
gc 4397 @10.266s 5%: 0.059+0.40+0.026 ms clock, 1.1+0.45/0.55/0+0.53 ms cpu, 4->5->2 MB, 5 MB goal, 0 MB stacks, 0 MB globals, 20 P
gc 4398 @10.267s 5%: 0.068+0.43+0.050 ms clock, 1.3+0.31/0.52/0.014+1.0 ms cpu, 4->5->2 MB, 5 MB goal, 0 MB stacks, 0 MB globals, 20 P
gc 4399 @10.269s 5%: 0.060+0.46+0.064 ms clock, 1.2+0.11/0.67/0.051+1.2 ms cpu, 4->5->2 MB, 5 MB goal, 0 MB stacks, 0 MB globals, 20 P
gc 4400 @10.270s 5%: 0.066+0.40+0.064 ms clock, 1.3+0.32/0.60/0+1.2 ms cpu, 4->4->2 MB, 4 MB goal, 0 MB stacks, 0 MB globals, 20 P
gc 4401 @10.271s 5%: 0.076+0.38+0.057 ms clock, 1.5+0.37/0.69/0+1.1 ms cpu, 4->5->2 MB, 4 MB goal, 0 MB stacks, 0 MB globals, 20 P
gc 4402 @10.273s 5%: 0.031+0.55+0.060 ms clock, 0.63+0.21/0.53/0.11+1.2 ms cpu, 4->5->2 MB, 5 MB goal, 0 MB stacks, 0 MB globals, 20 P
gc 4403 @10.274s 5%: 0.066+0.36+0.020 ms clock, 1.3+0.27/0.60/0.012+0.41 ms cpu, 4->5->2 MB, 5 MB goal, 0 MB stacks, 0 MB globals, 20 P
gc 4404 @10.275s 5%: 0.069+0.47+0.041 ms clock, 1.3+0.44/0.69/0.033+0.83 ms cpu, 3->4->2 MB, 4 MB goal, 0 MB stacks, 0 MB globals, 20 P
gc 4405 @10.277s 5%: 0.081+0.53+0.067 ms clock, 1.6+0.22/0.68/0.011+1.3 ms cpu, 4->5->2 MB, 5 MB goal, 0 MB stacks, 0 MB globals, 20 P
gc 4406 @10.278s 5%: 0.066+0.52+0.016 ms clock, 1.3+0.25/0.58/0.090+0.33 ms cpu, 4->5->2 MB, 5 MB goal, 0 MB stacks, 0 MB globals, 20 P
gc 4407 @10.279s 5%: 0.036+0.28+0.072 ms clock, 0.72+0.28/0.66/0.052+1.4 ms cpu, 4->4->1 MB, 5 MB goal, 0 MB stacks, 0 MB globals, 20 P
gc 4408 @10.280s 5%: 0.089+0.49+0.035 ms clock, 1.7+0.50/0.58/0+0.71 ms cpu, 3->4->2 MB, 4 MB goal, 0 MB stacks, 0 MB globals, 20 P
gc 4409 @10.282s 5%: 0.071+0.46+0.065 ms clock, 1.4+0.24/0.72/0.002+1.3 ms cpu, 4->5->2 MB, 5 MB goal, 0 MB stacks, 0 MB globals, 20 P
gc 4410 @10.283s 5%: 0.034+0.26+0.070 ms clock, 0.68+0.13/0.66/0+1.4 ms cpu, 4->4->2 MB, 4 MB goal, 0 MB stacks, 0 MB globals, 20 P
gc 4411 @10.284s 5%: 0.091+0.38+0.043 ms clock, 1.8+0.57/0.56/0.058+0.87 ms cpu, 3->4->2 MB, 4 MB goal, 0 MB stacks, 0 MB globals, 20 P
gc 4412 @10.285s 5%: 0.069+0.43+0.071 ms clock, 1.3+0.30/0.63/0.036+1.4 ms cpu, 4->5->2 MB, 4 MB goal, 0 MB stacks, 0 MB globals, 20 P
gc 4413 @10.287s 5%: 0.073+0.32+0.027 ms clock, 1.4+0.31/0.63/0.005+0.55 ms cpu, 4->5->2 MB, 5 MB goal, 0 MB stacks, 0 MB globals, 20 P
gc 4414 @10.288s 5%: 0.081+0.36+0.065 ms clock, 1.6+0.29/0.69/0.007+1.3 ms cpu, 3->5->2 MB, 4 MB goal, 0 MB stacks, 0 MB globals, 20 P
gc 4415 @10.289s 5%: 0.076+0.45+0.030 ms clock, 1.5+0.25/0.56/0.078+0.61 ms cpu, 4->5->2 MB, 5 MB goal, 0 MB stacks, 0 MB globals, 20 P
gc 4416 @10.291s 5%: 0.074+0.28+0.060 ms clock, 1.4+0.31/0.58/0+1.2 ms cpu, 4->4->2 MB, 4 MB goal, 0 MB stacks, 0 MB globals, 20 P
gc 4417 @10.292s 5%: 0.052+0.40+0.044 ms clock, 1.0+0.070/0.75/0.049+0.89 ms cpu, 3->4->2 MB, 4 MB goal, 0 MB stacks, 0 MB globals, 20 P
gc 4418 @10.293s 5%: 0.067+0.37+0.064 ms clock, 1.3+0.15/0.63/0.049+1.2 ms cpu, 3->4->2 MB, 4 MB goal, 0 MB stacks, 0 MB globals, 20 P
gc 4419 @10.294s 5%: 0.058+0.39+0.069 ms clock, 1.1+0.15/0.64/0+1.3 ms cpu, 3->4->2 MB, 4 MB goal, 0 MB stacks, 0 MB globals, 20 P
gc 4420 @10.296s 5%: 0.073+0.48+0.063 ms clock, 1.4+0.27/0.66/0+1.2 ms cpu, 4->5->2 MB, 5 MB goal, 0 MB stacks, 0 MB globals, 20 P
gc 4421 @10.297s 5%: 0.063+0.29+0.057 ms clock, 1.2+0.43/0.54/0+1.1 ms cpu, 4->5->2 MB, 5 MB goal, 0 MB stacks, 0 MB globals, 20 P
gc 4422 @10.298s 5%: 0.069+0.53+0.009 ms clock, 1.3+0.40/0.60/0.059+0.19 ms cpu, 4->5->2 MB, 4 MB goal, 0 MB stacks, 0 MB globals, 20 P
gc 4423 @10.300s 5%: 0.080+0.44+0.012 ms clock, 1.6+0.36/0.71/0.007+0.24 ms cpu, 4->5->2 MB, 5 MB goal, 0 MB stacks, 0 MB globals, 20 P
gc 4424 @10.302s 5%: 0.071+0.29+0.055 ms clock, 1.4+0.31/0.56/0.003+1.1 ms cpu, 4->5->2 MB, 5 MB goal, 0 MB stacks, 0 MB globals, 20 P
gc 4425 @10.303s 5%: 0.070+0.45+0.041 ms clock, 1.4+0.23/0.72/0+0.82 ms cpu, 3->4->2 MB, 4 MB goal, 0 MB stacks, 0 MB globals, 20 P
gc 4426 @10.304s 5%: 0.085+0.42+0.095 ms clock, 1.7+0.33/0.59/0.002+1.9 ms cpu, 4->5->2 MB, 4 MB goal, 0 MB stacks, 0 MB globals, 20 P
gc 4427 @10.306s 5%: 0.11+0.24+0.075 ms clock, 2.3+0.38/0.60/0.017+1.5 ms cpu, 4->4->2 MB, 4 MB goal, 0 MB stacks, 0 MB globals, 20 P
gc 4428 @10.307s 5%: 0.060+0.50+0.066 ms clock, 1.2+0.34/0.56/0.023+1.3 ms cpu, 3->4->2 MB, 4 MB goal, 0 MB stacks, 0 MB globals, 20 P
gc 4429 @10.308s 5%: 0.078+0.43+0.043 ms clock, 1.5+0.44/0.50/0.086+0.86 ms cpu, 4->5->2 MB, 5 MB goal, 0 MB stacks, 0 MB globals, 20 P
gc 4430 @10.310s 5%: 0.071+0.31+0.054 ms clock, 1.4+0.39/0.60/0.051+1.0 ms cpu, 4->5->2 MB, 5 MB goal, 0 MB stacks, 0 MB globals, 20 P
gc 4431 @10.311s 5%: 0.077+0.43+0.073 ms clock, 1.5+0.35/0.49/0.055+1.4 ms cpu, 4->5->2 MB, 4 MB goal, 0 MB stacks, 0 MB globals, 20 P
gc 4432 @10.312s 5%: 0.051+0.47+0.020 ms clock, 1.0+0.35/0.67/0+0.41 ms cpu, 4->5->2 MB, 5 MB goal, 0 MB stacks, 0 MB globals, 20 P
gc 4433 @10.314s 5%: 0.074+0.33+0.060 ms clock, 1.4+0.34/0.64/0.004+1.2 ms cpu, 4->5->2 MB, 5 MB goal, 0 MB stacks, 0 MB globals, 20 P
gc 4434 @10.315s 5%: 0.026+0.46+0.069 ms clock, 0.53+0.25/0.63/0.009+1.3 ms cpu, 4->5->2 MB, 5 MB goal, 0 MB stacks, 0 MB globals, 20 P
gc 4435 @10.317s 5%: 0.044+0.52+0.020 ms clock, 0.88+0.17/0.65/0.030+0.40 ms cpu, 4->5->2 MB, 4 MB goal, 0 MB stacks, 0 MB globals, 20 P
gc 4436 @10.318s 5%: 0.077+0.38+0.066 ms clock, 1.5+0.31/0.59/0.018+1.3 ms cpu, 4->5->2 MB, 4 MB goal, 0 MB stacks, 0 MB globals, 20 P
gc 4437 @10.319s 5%: 0.069+0.32+0.072 ms clock, 1.3+0.23/0.59/0.001+1.4 ms cpu, 4->5->2 MB, 5 MB goal, 0 MB stacks, 0 MB globals, 20 P
gc 4438 @10.320s 5%: 0.035+0.32+0.061 ms clock, 0.70+0.36/0.70/0+1.2 ms cpu, 4->4->2 MB, 4 MB goal, 0 MB stacks, 0 MB globals, 20 P
gc 4439 @10.321s 5%: 0.040+0.49+0.061 ms clock, 0.81+0.24/0.63/0.044+1.2 ms cpu, 3->4->2 MB, 4 MB goal, 0 MB stacks, 0 MB globals, 20 P
gc 4440 @10.323s 5%: 0.024+0.43+0.075 ms clock, 0.49+0.26/0.63/0+1.5 ms cpu, 4->5->2 MB, 5 MB goal, 0 MB stacks, 0 MB globals, 20 P
gc 4441 @10.324s 5%: 0.078+0.31+0.072 ms clock, 1.5+0.32/0.59/0.13+1.4 ms cpu, 4->5->2 MB, 5 MB goal, 0 MB stacks, 0 MB globals, 20 P
gc 4442 @10.325s 5%: 0.070+0.39+0.098 ms clock, 1.4+0.30/0.61/0.034+1.9 ms cpu, 4->5->2 MB, 4 MB goal, 0 MB stacks, 0 MB globals, 20 P
gc 4443 @10.326s 5%: 0.064+0.62+0.076 ms clock, 1.2+0.21/0.76/0+1.5 ms cpu, 4->5->2 MB, 5 MB goal, 0 MB stacks, 0 MB globals, 20 P
gc 4444 @10.328s 5%: 0.065+0.40+0.071 ms clock, 1.3+0.26/0.59/0.11+1.4 ms cpu, 4->5->2 MB, 5 MB goal, 0 MB stacks, 0 MB globals, 20 P
gc 4445 @10.329s 5%: 0.066+0.57+0.052 ms clock, 1.3+0.36/0.61/0.002+1.0 ms cpu, 4->5->2 MB, 5 MB goal, 0 MB stacks, 0 MB globals, 20 P
gc 4446 @10.330s 5%: 0.072+0.52+0.054 ms clock, 1.4+0.29/0.62/0+1.0 ms cpu, 4->5->2 MB, 5 MB goal, 0 MB stacks, 0 MB globals, 20 P
gc 4447 @10.332s 5%: 0.083+0.49+0.061 ms clock, 1.6+0.37/0.58/0+1.2 ms cpu, 4->6->2 MB, 5 MB goal, 0 MB stacks, 0 MB globals, 20 P
gc 4448 @10.333s 5%: 0.077+0.52+0.078 ms clock, 1.5+0.27/0.72/0+1.5 ms cpu, 5->6->2 MB, 6 MB goal, 0 MB stacks, 0 MB globals, 20 P
gc 4449 @10.335s 5%: 0.058+0.37+0.040 ms clock, 1.1+0.36/0.55/0+0.81 ms cpu, 4->5->2 MB, 5 MB goal, 0 MB stacks, 0 MB globals, 20 P
gc 4450 @10.336s 5%: 0.10+0.36+0.047 ms clock, 2.0+0.30/0.57/0.032+0.95 ms cpu, 4->5->2 MB, 5 MB goal, 0 MB stacks, 0 MB globals, 20 P
gc 4451 @10.337s 5%: 0.069+0.57+0.077 ms clock, 1.3+0.37/0.60/0+1.5 ms cpu, 4->5->2 MB, 5 MB goal, 0 MB stacks, 0 MB globals, 20 P
gc 4452 @10.339s 5%: 0.036+0.31+0.056 ms clock, 0.73+0.32/0.61/0+1.1 ms cpu, 4->5->2 MB, 5 MB goal, 0 MB stacks, 0 MB globals, 20 P
gc 4453 @10.340s 5%: 0.082+0.32+0.049 ms clock, 1.6+0.35/0.66/0+0.98 ms cpu, 4->4->2 MB, 4 MB goal, 0 MB stacks, 0 MB globals, 20 P
gc 4454 @10.341s 5%: 0.046+0.51+0.056 ms clock, 0.93+0.23/0.67/0+1.1 ms cpu, 4->5->2 MB, 4 MB goal, 0 MB stacks, 0 MB globals, 20 P
gc 4455 @10.343s 5%: 0.064+0.41+0.023 ms clock, 1.2+0.26/0.58/0.027+0.47 ms cpu, 4->5->2 MB, 5 MB goal, 0 MB stacks, 0 MB globals, 20 P
gc 4456 @10.344s 5%: 0.079+0.40+0.014 ms clock, 1.5+0.26/0.59/0.031+0.29 ms cpu, 4->5->2 MB, 4 MB goal, 0 MB stacks, 0 MB globals, 20 P
gc 4457 @10.345s 5%: 0.067+0.44+0.060 ms clock, 1.3+0.21/0.75/0+1.2 ms cpu, 4->5->2 MB, 5 MB goal, 0 MB stacks, 0 MB globals, 20 P
gc 4458 @10.347s 5%: 0.071+0.41+0.082 ms clock, 1.4+0.17/0.69/0.007+1.6 ms cpu, 4->5->2 MB, 5 MB goal, 0 MB stacks, 0 MB globals, 20 P
gc 4459 @10.348s 5%: 0.031+0.30+0.015 ms clock, 0.62+0.37/0.63/0+0.31 ms cpu, 4->5->1 MB, 5 MB goal, 0 MB stacks, 0 MB globals, 20 P
gc 4460 @10.349s 5%: 0.076+0.54+0.018 ms clock, 1.5+0.44/0.57/0.003+0.36 ms cpu, 3->5->2 MB, 4 MB goal, 0 MB stacks, 0 MB globals, 20 P
gc 4461 @10.351s 5%: 0.071+0.42+0.062 ms clock, 1.4+0.29/0.71/0+1.2 ms cpu, 4->5->2 MB, 5 MB goal, 0 MB stacks, 0 MB globals, 20 P
gc 4462 @10.352s 5%: 0.059+0.38+0.028 ms clock, 1.1+0.33/0.69/0+0.57 ms cpu, 4->5->2 MB, 5 MB goal, 0 MB stacks, 0 MB globals, 20 P
gc 4463 @10.353s 5%: 0.066+0.44+0.018 ms clock, 1.3+0.43/0.57/0+0.36 ms cpu, 4->5->2 MB, 4 MB goal, 0 MB stacks, 0 MB globals, 20 P
gc 4464 @10.355s 5%: 0.071+0.45+0.014 ms clock, 1.4+0.25/0.54/0.12+0.28 ms cpu, 4->5->2 MB, 5 MB goal, 0 MB stacks, 0 MB globals, 20 P
gc 4465 @10.356s 5%: 0.071+0.46+0.073 ms clock, 1.4+0.30/0.67/0.070+1.4 ms cpu, 4->5->2 MB, 4 MB goal, 0 MB stacks, 0 MB globals, 20 P
gc 4466 @10.357s 5%: 0.085+0.43+0.10 ms clock, 1.7+0.28/0.67/0+2.0 ms cpu, 4->5->2 MB, 5 MB goal, 0 MB stacks, 0 MB globals, 20 P
gc 4467 @10.359s 5%: 0.063+0.34+0.042 ms clock, 1.2+0.19/0.63/0+0.85 ms cpu, 4->5->2 MB, 5 MB goal, 0 MB stacks, 0 MB globals, 20 P
gc 4468 @10.360s 5%: 0.049+0.34+0.077 ms clock, 0.98+0.32/0.55/0.004+1.5 ms cpu, 3->4->2 MB, 4 MB goal, 0 MB stacks, 0 MB globals, 20 P
gc 4469 @10.361s 5%: 0.075+0.36+0.051 ms clock, 1.5+0.23/0.64/0.009+1.0 ms cpu, 4->5->2 MB, 4 MB goal, 0 MB stacks, 0 MB globals, 20 P
gc 4470 @10.362s 5%: 0.071+0.45+0.066 ms clock, 1.4+0.25/0.70/0.042+1.3 ms cpu, 4->5->2 MB, 4 MB goal, 0 MB stacks, 0 MB globals, 20 P
gc 4471 @10.363s 5%: 0.075+0.30+0.063 ms clock, 1.5+0.33/0.56/0.050+1.2 ms cpu, 4->5->2 MB, 4 MB goal, 0 MB stacks, 0 MB globals, 20 P
gc 4472 @10.365s 5%: 0.060+0.44+0.026 ms clock, 1.2+0.28/0.60/0+0.53 ms cpu, 4->5->2 MB, 5 MB goal, 0 MB stacks, 0 MB globals, 20 P
gc 4473 @10.366s 5%: 0.069+0.50+0.082 ms clock, 1.3+0.29/0.68/0.098+1.6 ms cpu, 4->5->2 MB, 5 MB goal, 0 MB stacks, 0 MB globals, 20 P
gc 4474 @10.368s 5%: 0.054+0.29+0.062 ms clock, 1.0+0.14/0.67/0.038+1.2 ms cpu, 4->4->2 MB, 5 MB goal, 0 MB stacks, 0 MB globals, 20 P
gc 4475 @10.368s 5%: 0.081+0.39+0.052 ms clock, 1.6+0.34/0.65/0+1.0 ms cpu, 3->4->2 MB, 4 MB goal, 0 MB stacks, 0 MB globals, 20 P
gc 4476 @10.370s 5%: 0.080+0.27+0.075 ms clock, 1.6+0.26/0.63/0.026+1.5 ms cpu, 4->5->2 MB, 5 MB goal, 0 MB stacks, 0 MB globals, 20 P
gc 4477 @10.371s 5%: 0.071+0.43+0.071 ms clock, 1.4+0.36/0.64/0+1.4 ms cpu, 3->4->2 MB, 4 MB goal, 0 MB stacks, 0 MB globals, 20 P
gc 4478 @10.372s 5%: 0.077+0.34+0.047 ms clock, 1.5+0.23/0.76/0.053+0.95 ms cpu, 4->5->2 MB, 5 MB goal, 0 MB stacks, 0 MB globals, 20 P
gc 4479 @10.373s 5%: 0.055+0.36+0.025 ms clock, 1.1+0.21/0.74/0.028+0.50 ms cpu, 4->4->2 MB, 4 MB goal, 0 MB stacks, 0 MB globals, 20 P
gc 4480 @10.375s 5%: 0.046+0.35+0.031 ms clock, 0.92+0.33/0.66/0.079+0.62 ms cpu, 4->5->2 MB, 5 MB goal, 0 MB stacks, 0 MB globals, 20 P
gc 4481 @10.376s 5%: 0.069+0.32+0.062 ms clock, 1.3+0.31/0.65/0+1.2 ms cpu, 4->5->2 MB, 4 MB goal, 0 MB stacks, 0 MB globals, 20 P
gc 4482 @10.377s 5%: 0.078+0.28+0.019 ms clock, 1.5+0.30/0.65/0+0.38 ms cpu, 4->4->2 MB, 4 MB goal, 0 MB stacks, 0 MB globals, 20 P
gc 4483 @10.378s 5%: 0.058+0.31+0.037 ms clock, 1.1+0.27/0.50/0.055+0.75 ms cpu, 3->4->2 MB, 4 MB goal, 0 MB stacks, 0 MB globals, 20 P
gc 4484 @10.379s 5%: 0.078+0.36+0.067 ms clock, 1.5+0.28/0.68/0.047+1.3 ms cpu, 3->4->2 MB, 4 MB goal, 0 MB stacks, 0 MB globals, 20 P
gc 4485 @10.381s 5%: 0.076+0.35+0.067 ms clock, 1.5+0.29/0.68/0.031+1.3 ms cpu, 4->5->2 MB, 4 MB goal, 0 MB stacks, 0 MB globals, 20 P
gc 4486 @10.382s 5%: 0.053+0.37+0.052 ms clock, 1.0+0.30/0.60/0.026+1.0 ms cpu, 4->4->2 MB, 4 MB goal, 0 MB stacks, 0 MB globals, 20 P
gc 4487 @10.383s 5%: 0.073+0.33+0.072 ms clock, 1.4+0.41/0.53/0.018+1.4 ms cpu, 3->4->2 MB, 4 MB goal, 0 MB stacks, 0 MB globals, 20 P
gc 4488 @10.384s 5%: 0.10+0.48+0.068 ms clock, 2.0+0.24/0.55/0.13+1.3 ms cpu, 4->5->2 MB, 4 MB goal, 0 MB stacks, 0 MB globals, 20 P
gc 4489 @10.385s 5%: 0.037+0.38+0.010 ms clock, 0.74+0.095/0.76/0.035+0.20 ms cpu, 4->4->2 MB, 5 MB goal, 0 MB stacks, 0 MB globals, 20 P
gc 4490 @10.387s 5%: 0.077+0.45+0.079 ms clock, 1.5+0.27/0.74/0+1.5 ms cpu, 4->5->2 MB, 4 MB goal, 0 MB stacks, 0 MB globals, 20 P
gc 4491 @10.388s 5%: 0.065+0.21+0.043 ms clock, 1.3+0.39/0.61/0.001+0.87 ms cpu, 4->4->1 MB, 5 MB goal, 0 MB stacks, 0 MB globals, 20 P
gc 4492 @10.389s 5%: 0.12+0.38+0.047 ms clock, 2.5+0.50/0.64/0+0.94 ms cpu, 3->4->2 MB, 4 MB goal, 0 MB stacks, 0 MB globals, 20 P
gc 4493 @10.390s 5%: 0.072+0.28+0.024 ms clock, 1.4+0.27/0.61/0.10+0.48 ms cpu, 4->4->2 MB, 5 MB goal, 0 MB stacks, 0 MB globals, 20 P
gc 4494 @10.392s 5%: 0.071+0.35+0.064 ms clock, 1.4+0.40/0.55/0.060+1.2 ms cpu, 3->4->2 MB, 4 MB goal, 0 MB stacks, 0 MB globals, 20 P
gc 4495 @10.393s 5%: 0.065+0.47+0.072 ms clock, 1.3+0.43/0.58/0.007+1.4 ms cpu, 3->4->2 MB, 4 MB goal, 0 MB stacks, 0 MB globals, 20 P
gc 4496 @10.394s 5%: 0.017+0.40+0.050 ms clock, 0.34+0.26/0.64/0.040+1.0 ms cpu, 4->5->2 MB, 5 MB goal, 0 MB stacks, 0 MB globals, 20 P
gc 4497 @10.396s 5%: 0.049+0.35+0.069 ms clock, 0.98+0.43/0.70/0.005+1.3 ms cpu, 3->4->2 MB, 4 MB goal, 0 MB stacks, 0 MB globals, 20 P
gc 4498 @10.397s 5%: 0.070+0.34+0.028 ms clock, 1.4+0.29/0.70/0.017+0.56 ms cpu, 4->4->2 MB, 4 MB goal, 0 MB stacks, 0 MB globals, 20 P
gc 4499 @10.398s 5%: 0.059+0.40+0.080 ms clock, 1.1+0.27/0.76/0+1.6 ms cpu, 4->4->2 MB, 4 MB goal, 0 MB stacks, 0 MB globals, 20 P
gc 4500 @10.399s 5%: 0.070+0.38+0.085 ms clock, 1.4+0.26/0.67/0+1.7 ms cpu, 3->4->2 MB, 4 MB goal, 0 MB stacks, 0 MB globals, 20 P
gc 4501 @10.401s 5%: 0.032+0.26+0.062 ms clock, 0.65+0.31/0.53/0.021+1.2 ms cpu, 4->4->1 MB, 5 MB goal, 0 MB stacks, 0 MB globals, 20 P
gc 4502 @10.401s 5%: 0.076+0.39+0.042 ms clock, 1.5+0.31/0.73/0+0.84 ms cpu, 3->4->2 MB, 4 MB goal, 0 MB stacks, 0 MB globals, 20 P
gc 4503 @10.403s 5%: 0.078+0.41+0.070 ms clock, 1.5+0.32/0.71/0+1.4 ms cpu, 4->5->2 MB, 5 MB goal, 0 MB stacks, 0 MB globals, 20 P
gc 4504 @10.404s 5%: 0.069+0.38+0.033 ms clock, 1.3+0.48/0.70/0+0.66 ms cpu, 4->5->2 MB, 4 MB goal, 0 MB stacks, 0 MB globals, 20 P
gc 4505 @10.406s 5%: 0.033+0.34+0.028 ms clock, 0.66+0.25/0.63/0.030+0.56 ms cpu, 4->5->2 MB, 5 MB goal, 0 MB stacks, 0 MB globals, 20 P
gc 4506 @10.407s 5%: 0.067+0.31+0.039 ms clock, 1.3+0.30/0.57/0.004+0.78 ms cpu, 3->4->2 MB, 4 MB goal, 0 MB stacks, 0 MB globals, 20 P
gc 4507 @10.408s 5%: 0.055+0.36+0.054 ms clock, 1.1+0.24/0.59/0.033+1.0 ms cpu, 3->4->2 MB, 4 MB goal, 0 MB stacks, 0 MB globals, 20 P
gc 4508 @10.409s 5%: 0.069+0.42+0.067 ms clock, 1.3+0.30/0.72/0.020+1.3 ms cpu, 4->5->2 MB, 5 MB goal, 0 MB stacks, 0 MB globals, 20 P
gc 4509 @10.411s 5%: 0.067+0.38+0.026 ms clock, 1.3+0.41/0.55/0+0.53 ms cpu, 4->5->2 MB, 5 MB goal, 0 MB stacks, 0 MB globals, 20 P
gc 4510 @10.412s 5%: 0.029+0.31+0.080 ms clock, 0.59+0.21/0.65/0.085+1.6 ms cpu, 4->4->2 MB, 4 MB goal, 0 MB stacks, 0 MB globals, 20 P
gc 4511 @10.413s 5%: 0.083+0.30+0.011 ms clock, 1.6+0.36/0.59/0.051+0.22 ms cpu, 3->4->2 MB, 4 MB goal, 0 MB stacks, 0 MB globals, 20 P
gc 4512 @10.414s 5%: 0.053+0.37+0.078 ms clock, 1.0+0.27/0.63/0.050+1.5 ms cpu, 3->4->2 MB, 4 MB goal, 0 MB stacks, 0 MB globals, 20 P
gc 4513 @10.415s 5%: 0.069+0.21+0.065 ms clock, 1.3+0.27/0.55/0.010+1.3 ms cpu, 4->4->1 MB, 4 MB goal, 0 MB stacks, 0 MB globals, 20 P
gc 4514 @10.416s 5%: 0.072+0.54+0.066 ms clock, 1.4+0.40/0.63/0+1.3 ms cpu, 3->4->2 MB, 4 MB goal, 0 MB stacks, 0 MB globals, 20 P
gc 4515 @10.417s 5%: 0.062+0.38+0.036 ms clock, 1.2+0.30/0.69/0.003+0.72 ms cpu, 4->5->2 MB, 5 MB goal, 0 MB stacks, 0 MB globals, 20 P
gc 4516 @10.418s 5%: 0.032+0.33+0.018 ms clock, 0.64+0.39/0.60/0+0.36 ms cpu, 4->4->2 MB, 4 MB goal, 0 MB stacks, 0 MB globals, 20 P
gc 4517 @10.419s 5%: 0.072+0.43+0.010 ms clock, 1.4+0.43/0.62/0+0.21 ms cpu, 3->4->2 MB, 4 MB goal, 0 MB stacks, 0 MB globals, 20 P
gc 4518 @10.421s 5%: 0.047+0.48+0.074 ms clock, 0.95+0.24/0.70/0.042+1.4 ms cpu, 4->5->2 MB, 5 MB goal, 0 MB stacks, 0 MB globals, 20 P
gc 4519 @10.422s 5%: 0.040+0.45+0.072 ms clock, 0.81+0.35/0.62/0.10+1.4 ms cpu, 4->5->2 MB, 4 MB goal, 0 MB stacks, 0 MB globals, 20 P
gc 4520 @10.423s 5%: 0.053+0.37+0.065 ms clock, 1.0+0.36/0.69/0.019+1.3 ms cpu, 4->5->2 MB, 5 MB goal, 0 MB stacks, 0 MB globals, 20 P
gc 4521 @10.425s 5%: 0.061+0.26+0.053 ms clock, 1.2+0.22/0.78/0.007+1.0 ms cpu, 4->4->1 MB, 4 MB goal, 0 MB stacks, 0 MB globals, 20 P
gc 4522 @10.426s 5%: 0.095+0.37+0.030 ms clock, 1.9+0.37/0.65/0+0.60 ms cpu, 3->4->2 MB, 4 MB goal, 0 MB stacks, 0 MB globals, 20 P
gc 4523 @10.427s 5%: 0.070+0.45+0.087 ms clock, 1.4+0.34/0.68/0.007+1.7 ms cpu, 4->5->2 MB, 4 MB goal, 0 MB stacks, 0 MB globals, 20 P
gc 4524 @10.428s 5%: 0.056+0.47+0.015 ms clock, 1.1+0.26/0.65/0.001+0.30 ms cpu, 4->5->2 MB, 5 MB goal, 0 MB stacks, 0 MB globals, 20 P
gc 4525 @10.429s 5%: 0.046+0.36+0.035 ms clock, 0.92+0.39/0.59/0+0.71 ms cpu, 4->5->2 MB, 5 MB goal, 0 MB stacks, 0 MB globals, 20 P
gc 4526 @10.430s 5%: 0.046+0.41+0.10 ms clock, 0.93+0.31/0.69/0.048+2.0 ms cpu, 4->5->2 MB, 5 MB goal, 0 MB stacks, 0 MB globals, 20 P
gc 4527 @10.432s 5%: 0.087+0.63+0.007 ms clock, 1.7+0.33/0.61/0.067+0.14 ms cpu, 4->5->2 MB, 4 MB goal, 0 MB stacks, 0 MB globals, 20 P
gc 4528 @10.433s 5%: 0.067+0.26+0.064 ms clock, 1.3+0.25/0.55/0.023+1.2 ms cpu, 4->5->2 MB, 5 MB goal, 0 MB stacks, 0 MB globals, 20 P
gc 4529 @10.434s 5%: 0.068+0.48+0.049 ms clock, 1.3+0.38/0.69/0.017+0.99 ms cpu, 3->4->2 MB, 4 MB goal, 0 MB stacks, 0 MB globals, 20 P
gc 4530 @10.435s 5%: 0.057+0.25+0.073 ms clock, 1.1+0.32/0.52/0.031+1.4 ms cpu, 4->5->2 MB, 5 MB goal, 0 MB stacks, 0 MB globals, 20 P
gc 4531 @10.436s 5%: 0.036+0.48+0.068 ms clock, 0.73+0.34/0.49/0.11+1.3 ms cpu, 3->4->2 MB, 4 MB goal, 0 MB stacks, 0 MB globals, 20 P
gc 4532 @10.438s 5%: 0.066+0.28+0.060 ms clock, 1.3+0.25/0.63/0+1.2 ms cpu, 4->5->2 MB, 4 MB goal, 0 MB stacks, 0 MB globals, 20 P
gc 4533 @10.439s 5%: 0.056+0.42+0.084 ms clock, 1.1+0.32/0.62/0.007+1.6 ms cpu, 4->4->2 MB, 4 MB goal, 0 MB stacks, 0 MB globals, 20 P
gc 4534 @10.440s 5%: 0.086+0.33+0.032 ms clock, 1.7+0.30/0.63/0.008+0.65 ms cpu, 4->5->2 MB, 5 MB goal, 0 MB stacks, 0 MB globals, 20 P
gc 4535 @10.442s 5%: 0.081+0.78+0.059 ms clock, 1.6+0.40/0.67/0.014+1.1 ms cpu, 4->5->2 MB, 4 MB goal, 0 MB stacks, 0 MB globals, 20 P
gc 4536 @10.443s 5%: 0.067+0.35+0.015 ms clock, 1.3+0.35/0.65/0.042+0.30 ms cpu, 5->6->2 MB, 6 MB goal, 0 MB stacks, 0 MB globals, 20 P
gc 4537 @10.444s 5%: 0.088+0.37+0.053 ms clock, 1.7+0.32/0.59/0.055+1.0 ms cpu, 4->4->2 MB, 4 MB goal, 0 MB stacks, 0 MB globals, 20 P
gc 4538 @10.446s 5%: 0.092+0.78+0.10 ms clock, 1.8+0.37/0.62/0.005+2.0 ms cpu, 4->5->2 MB, 4 MB goal, 0 MB stacks, 0 MB globals, 20 P
gc 4539 @10.447s 5%: 0.065+0.38+0.070 ms clock, 1.3+0.34/0.60/0.10+1.4 ms cpu, 4->5->2 MB, 5 MB goal, 0 MB stacks, 0 MB globals, 20 P
gc 4540 @10.449s 5%: 0.064+0.28+0.021 ms clock, 1.2+0.31/0.55/0.022+0.43 ms cpu, 4->4->1 MB, 4 MB goal, 0 MB stacks, 0 MB globals, 20 P
gc 4541 @10.449s 5%: 0.064+0.45+0.11 ms clock, 1.2+0.28/0.64/0.017+2.2 ms cpu, 3->4->2 MB, 4 MB goal, 0 MB stacks, 0 MB globals, 20 P
gc 4542 @10.451s 5%: 0.070+0.42+0.015 ms clock, 1.4+0.11/0.69/0+0.31 ms cpu, 4->5->2 MB, 5 MB goal, 0 MB stacks, 0 MB globals, 20 P
gc 4543 @10.452s 5%: 0.048+0.44+0.082 ms clock, 0.96+0.10/0.68/0.078+1.6 ms cpu, 4->5->2 MB, 5 MB goal, 0 MB stacks, 0 MB globals, 20 P
gc 4544 @10.453s 5%: 0.050+0.56+0.043 ms clock, 1.0+0.19/0.58/0+0.87 ms cpu, 4->5->2 MB, 4 MB goal, 0 MB stacks, 0 MB globals, 20 P
gc 4545 @10.455s 5%: 0.086+0.45+0.042 ms clock, 1.7+0.33/0.69/0.012+0.85 ms cpu, 4->5->2 MB, 5 MB goal, 0 MB stacks, 0 MB globals, 20 P
gc 4546 @10.456s 5%: 0.065+0.48+0.090 ms clock, 1.3+0.34/0.64/0.019+1.8 ms cpu, 4->5->2 MB, 5 MB goal, 0 MB stacks, 0 MB globals, 20 P
gc 4547 @10.457s 5%: 0.067+0.47+0.068 ms clock, 1.3+0.35/0.53/0.014+1.3 ms cpu, 4->5->2 MB, 5 MB goal, 0 MB stacks, 0 MB globals, 20 P
gc 4548 @10.459s 5%: 0.079+0.38+0.072 ms clock, 1.5+0.21/0.65/0.037+1.4 ms cpu, 4->5->2 MB, 5 MB goal, 0 MB stacks, 0 MB globals, 20 P
gc 4549 @10.460s 5%: 0.036+0.31+0.027 ms clock, 0.72+0.13/0.70/0+0.54 ms cpu, 4->5->2 MB, 5 MB goal, 0 MB stacks, 0 MB globals, 20 P
gc 4550 @10.461s 5%: 0.11+0.42+0.069 ms clock, 2.2+0.35/0.55/0.054+1.3 ms cpu, 3->5->2 MB, 4 MB goal, 0 MB stacks, 0 MB globals, 20 P
gc 4551 @10.462s 5%: 0.076+0.37+0.053 ms clock, 1.5+0.35/0.68/0+1.0 ms cpu, 4->5->2 MB, 5 MB goal, 0 MB stacks, 0 MB globals, 20 P
gc 4552 @10.464s 5%: 0.064+0.35+0.075 ms clock, 1.2+0.27/0.69/0+1.5 ms cpu, 4->5->2 MB, 5 MB goal, 0 MB stacks, 0 MB globals, 20 P
gc 4553 @10.465s 5%: 0.030+0.63+0.025 ms clock, 0.60+0.14/0.78/0.026+0.50 ms cpu, 4->5->2 MB, 5 MB goal, 0 MB stacks, 0 MB globals, 20 P
gc 4554 @10.467s 5%: 0.087+0.40+0.018 ms clock, 1.7+0.27/0.59/0.029+0.37 ms cpu, 4->5->2 MB, 5 MB goal, 0 MB stacks, 0 MB globals, 20 P
gc 4555 @10.468s 5%: 0.065+0.49+0.036 ms clock, 1.3+0.38/0.63/0+0.73 ms cpu, 4->5->2 MB, 4 MB goal, 0 MB stacks, 0 MB globals, 20 P
gc 4556 @10.469s 5%: 0.076+0.37+0.009 ms clock, 1.5+0.30/0.70/0.004+0.18 ms cpu, 4->5->2 MB, 5 MB goal, 0 MB stacks, 0 MB globals, 20 P
gc 4557 @10.471s 5%: 0.055+0.40+0.036 ms clock, 1.1+0.24/0.60/0.004+0.72 ms cpu, 4->4->2 MB, 4 MB goal, 0 MB stacks, 0 MB globals, 20 P
gc 4558 @10.472s 5%: 0.053+0.41+0.099 ms clock, 1.0+0.19/0.67/0+1.9 ms cpu, 4->5->2 MB, 4 MB goal, 0 MB stacks, 0 MB globals, 20 P
gc 4559 @10.473s 5%: 0.082+0.42+0.038 ms clock, 1.6+0.25/0.60/0.002+0.77 ms cpu, 4->5->2 MB, 5 MB goal, 0 MB stacks, 0 MB globals, 20 P
gc 4560 @10.474s 5%: 0.071+0.55+0.073 ms clock, 1.4+0.31/0.69/0.012+1.4 ms cpu, 4->5->2 MB, 5 MB goal, 0 MB stacks, 0 MB globals, 20 P
gc 4561 @10.476s 5%: 0.057+0.35+0.079 ms clock, 1.1+0.32/0.56/0.026+1.5 ms cpu, 4->5->2 MB, 5 MB goal, 0 MB stacks, 0 MB globals, 20 P
gc 4562 @10.477s 5%: 0.088+0.44+0.068 ms clock, 1.7+0.27/0.74/0+1.3 ms cpu, 4->5->2 MB, 4 MB goal, 0 MB stacks, 0 MB globals, 20 P
gc 4563 @10.479s 5%: 0.050+0.43+0.099 ms clock, 1.0+0.084/0.68/0.075+1.9 ms cpu, 4->5->2 MB, 5 MB goal, 0 MB stacks, 0 MB globals, 20 P
gc 4564 @10.480s 5%: 0.021+0.43+0.020 ms clock, 0.43+0.079/0.86/0+0.40 ms cpu, 4->4->2 MB, 4 MB goal, 0 MB stacks, 0 MB globals, 20 P
gc 4565 @10.481s 5%: 0.063+0.55+0.073 ms clock, 1.2+0.34/0.58/0.030+1.4 ms cpu, 4->5->2 MB, 4 MB goal, 0 MB stacks, 0 MB globals, 20 P
gc 4566 @10.482s 5%: 0.064+0.36+0.063 ms clock, 1.2+0.28/0.52/0.020+1.2 ms cpu, 4->5->2 MB, 5 MB goal, 0 MB stacks, 0 MB globals, 20 P
gc 4567 @10.483s 5%: 0.077+0.35+0.067 ms clock, 1.5+0.38/0.68/0.031+1.3 ms cpu, 3->4->2 MB, 4 MB goal, 0 MB stacks, 0 MB globals, 20 P
gc 4568 @10.485s 5%: 0.058+0.23+0.021 ms clock, 1.1+0.33/0.51/0.025+0.42 ms cpu, 4->4->2 MB, 4 MB goal, 0 MB stacks, 0 MB globals, 20 P
gc 4569 @10.486s 5%: 0.075+0.38+0.051 ms clock, 1.5+0.34/0.67/0.003+1.0 ms cpu, 3->4->2 MB, 4 MB goal, 0 MB stacks, 0 MB globals, 20 P
gc 4570 @10.487s 5%: 0.065+0.42+0.064 ms clock, 1.3+0.23/0.59/0.098+1.2 ms cpu, 4->5->2 MB, 4 MB goal, 0 MB stacks, 0 MB globals, 20 P
gc 4571 @10.489s 5%: 0.066+0.50+0.062 ms clock, 1.3+0.40/0.61/0.008+1.2 ms cpu, 4->5->2 MB, 5 MB goal, 0 MB stacks, 0 MB globals, 20 P
gc 4572 @10.490s 5%: 0.097+0.31+0.013 ms clock, 1.9+0.26/0.62/0.022+0.27 ms cpu, 4->5->2 MB, 5 MB goal, 0 MB stacks, 0 MB globals, 20 P
gc 4573 @10.492s 5%: 0.075+0.31+0.071 ms clock, 1.5+0.33/0.61/0.010+1.4 ms cpu, 4->5->2 MB, 4 MB goal, 0 MB stacks, 0 MB globals, 20 P
gc 4574 @10.493s 5%: 0.057+0.41+0.076 ms clock, 1.1+0.29/0.61/0+1.5 ms cpu, 3->4->2 MB, 4 MB goal, 0 MB stacks, 0 MB globals, 20 P
gc 4575 @10.494s 5%: 0.065+0.40+0.075 ms clock, 1.3+0.28/0.67/0.006+1.5 ms cpu, 4->5->2 MB, 5 MB goal, 0 MB stacks, 0 MB globals, 20 P
gc 4576 @10.496s 5%: 0.093+0.35+0.049 ms clock, 1.8+0.30/0.59/0.039+0.99 ms cpu, 4->4->2 MB, 5 MB goal, 0 MB stacks, 0 MB globals, 20 P
gc 4577 @10.497s 5%: 0.030+0.29+0.050 ms clock, 0.61+0.12/0.62/0.11+1.0 ms cpu, 3->4->1 MB, 4 MB goal, 0 MB stacks, 0 MB globals, 20 P
gc 4578 @10.498s 5%: 0.077+0.30+0.037 ms clock, 1.5+0.30/0.58/0+0.75 ms cpu, 3->4->2 MB, 4 MB goal, 0 MB stacks, 0 MB globals, 20 P
gc 4579 @10.499s 5%: 0.094+0.32+0.090 ms clock, 1.8+0.28/0.66/0.009+1.8 ms cpu, 4->5->2 MB, 4 MB goal, 0 MB stacks, 0 MB globals, 20 P
gc 4580 @10.501s 5%: 0.035+0.21+0.013 ms clock, 0.70+0.29/0.54/0.10+0.27 ms cpu, 4->4->1 MB, 4 MB goal, 0 MB stacks, 0 MB globals, 20 P
gc 4581 @10.501s 5%: 0.079+0.41+0.013 ms clock, 1.5+0.42/0.51/0+0.26 ms cpu, 3->4->2 MB, 4 MB goal, 0 MB stacks, 0 MB globals, 20 P
gc 4582 @10.503s 5%: 0.060+0.45+0.032 ms clock, 1.2+0.22/0.62/0.092+0.64 ms cpu, 4->5->2 MB, 5 MB goal, 0 MB stacks, 0 MB globals, 20 P
gc 4583 @10.504s 5%: 0.076+0.85+0.047 ms clock, 1.5+0.50/0.61/0.003+0.95 ms cpu, 4->5->2 MB, 4 MB goal, 0 MB stacks, 0 MB globals, 20 P
gc 4584 @10.506s 5%: 0.074+0.45+0.064 ms clock, 1.4+0.34/0.65/0.022+1.2 ms cpu, 4->6->2 MB, 5 MB goal, 0 MB stacks, 0 MB globals, 20 P
gc 4585 @10.508s 5%: 0.10+0.48+0.068 ms clock, 2.0+0.20/0.73/0+1.3 ms cpu, 4->5->2 MB, 5 MB goal, 0 MB stacks, 0 MB globals, 20 P
gc 4586 @10.509s 5%: 0.072+0.32+0.078 ms clock, 1.4+0.33/0.64/0.025+1.5 ms cpu, 4->5->2 MB, 5 MB goal, 0 MB stacks, 0 MB globals, 20 P
gc 4587 @10.510s 5%: 0.091+0.64+0.038 ms clock, 1.8+0.41/0.65/0.033+0.77 ms cpu, 4->5->2 MB, 4 MB goal, 0 MB stacks, 0 MB globals, 20 P
gc 4588 @10.512s 5%: 0.13+0.68+0.060 ms clock, 2.7+0.40/0.58/0.001+1.2 ms cpu, 4->5->2 MB, 5 MB goal, 0 MB stacks, 0 MB globals, 20 P
gc 4589 @10.513s 5%: 0.037+0.35+0.047 ms clock, 0.75+0.31/0.63/0.054+0.94 ms cpu, 4->5->2 MB, 5 MB goal, 0 MB stacks, 0 MB globals, 20 P
gc 4590 @10.515s 5%: 0.056+0.53+0.040 ms clock, 1.1+0.39/0.52/0+0.80 ms cpu, 3->4->2 MB, 4 MB goal, 0 MB stacks, 0 MB globals, 20 P
gc 4591 @10.516s 5%: 0.068+0.46+0.003 ms clock, 1.3+0.28/0.69/0.044+0.066 ms cpu, 4->5->2 MB, 5 MB goal, 0 MB stacks, 0 MB globals, 20 P
gc 4592 @10.517s 5%: 0.071+0.47+0.021 ms clock, 1.4+0.33/0.67/0+0.43 ms cpu, 4->5->2 MB, 4 MB goal, 0 MB stacks, 0 MB globals, 20 P
gc 4593 @10.519s 5%: 0.064+0.43+0.061 ms clock, 1.2+0.34/0.61/0.005+1.2 ms cpu, 4->5->2 MB, 5 MB goal, 0 MB stacks, 0 MB globals, 20 P
gc 4594 @10.521s 5%: 0.024+0.23+0.024 ms clock, 0.49+0.33/0.56/0.054+0.49 ms cpu, 4->4->1 MB, 5 MB goal, 0 MB stacks, 0 MB globals, 20 P
gc 4595 @10.522s 5%: 0.082+0.49+0.039 ms clock, 1.6+0.34/0.50/0.047+0.78 ms cpu, 3->4->2 MB, 4 MB goal, 0 MB stacks, 0 MB globals, 20 P
gc 4596 @10.523s 5%: 0.063+0.29+0.027 ms clock, 1.2+0.29/0.61/0.008+0.55 ms cpu, 4->4->1 MB, 5 MB goal, 0 MB stacks, 0 MB globals, 20 P
gc 4597 @10.524s 5%: 0.084+0.39+0.073 ms clock, 1.6+0.38/0.60/0.011+1.4 ms cpu, 3->4->2 MB, 4 MB goal, 0 MB stacks, 0 MB globals, 20 P
gc 4598 @10.525s 5%: 0.052+0.36+0.057 ms clock, 1.0+0.31/0.62/0.014+1.1 ms cpu, 4->5->2 MB, 4 MB goal, 0 MB stacks, 0 MB globals, 20 P
gc 4599 @10.527s 5%: 0.061+0.46+0.047 ms clock, 1.2+0.28/0.62/0+0.94 ms cpu, 4->5->2 MB, 5 MB goal, 0 MB stacks, 0 MB globals, 20 P
gc 4600 @10.529s 5%: 0.059+0.48+0.032 ms clock, 1.1+0.38/0.75/0+0.64 ms cpu, 4->5->2 MB, 5 MB goal, 0 MB stacks, 0 MB globals, 20 P
gc 4601 @10.530s 5%: 0.067+0.29+0.078 ms clock, 1.3+0.36/0.58/0+1.5 ms cpu, 4->5->2 MB, 5 MB goal, 0 MB stacks, 0 MB globals, 20 P
gc 4602 @10.531s 5%: 0.037+0.57+0.044 ms clock, 0.74+0.36/0.61/0.069+0.89 ms cpu, 4->5->2 MB, 5 MB goal, 0 MB stacks, 0 MB globals, 20 P
gc 4603 @10.533s 5%: 0.076+0.74+0.066 ms clock, 1.5+0.23/0.61/0+1.3 ms cpu, 4->5->2 MB, 5 MB goal, 0 MB stacks, 0 MB globals, 20 P
gc 4604 @10.534s 5%: 0.075+0.34+0.086 ms clock, 1.5+0.32/0.61/0+1.7 ms cpu, 4->5->2 MB, 5 MB goal, 0 MB stacks, 0 MB globals, 20 P
gc 4605 @10.536s 5%: 0.071+0.29+0.011 ms clock, 1.4+0.25/0.62/0.042+0.22 ms cpu, 4->4->2 MB, 5 MB goal, 0 MB stacks, 0 MB globals, 20 P
gc 4606 @10.536s 5%: 0.071+0.42+0.021 ms clock, 1.4+0.32/0.52/0.076+0.42 ms cpu, 3->4->2 MB, 4 MB goal, 0 MB stacks, 0 MB globals, 20 P
gc 4607 @10.537s 5%: 0.076+0.25+0.059 ms clock, 1.5+0.36/0.64/0.008+1.1 ms cpu, 3->4->2 MB, 4 MB goal, 0 MB stacks, 0 MB globals, 20 P
gc 4608 @10.538s 5%: 0.063+0.42+0.019 ms clock, 1.2+0.38/0.58/0.018+0.38 ms cpu, 3->4->2 MB, 4 MB goal, 0 MB stacks, 0 MB globals, 20 P
gc 4609 @10.540s 5%: 0.050+0.38+0.019 ms clock, 1.0+0.26/0.75/0.001+0.38 ms cpu, 4->4->2 MB, 4 MB goal, 0 MB stacks, 0 MB globals, 20 P
gc 4610 @10.541s 5%: 0.068+0.36+0.075 ms clock, 1.3+0.30/0.67/0+1.5 ms cpu, 4->5->2 MB, 4 MB goal, 0 MB stacks, 0 MB globals, 20 P
gc 4611 @10.543s 5%: 0.021+0.50+0.023 ms clock, 0.43+0.24/0.57/0.060+0.47 ms cpu, 4->5->2 MB, 5 MB goal, 0 MB stacks, 0 MB globals, 20 P
gc 4612 @10.544s 5%: 0.064+0.44+0.058 ms clock, 1.2+0.21/0.63/0.032+1.1 ms cpu, 4->5->2 MB, 5 MB goal, 0 MB stacks, 0 MB globals, 20 P
gc 4613 @10.545s 5%: 0.070+0.41+0.057 ms clock, 1.4+0.26/0.71/0+1.1 ms cpu, 4->5->2 MB, 4 MB goal, 0 MB stacks, 0 MB globals, 20 P
gc 4614 @10.547s 5%: 0.093+0.39+0.036 ms clock, 1.8+0.39/0.58/0+0.72 ms cpu, 4->5->2 MB, 5 MB goal, 0 MB stacks, 0 MB globals, 20 P
gc 4615 @10.548s 5%: 0.034+0.50+0.050 ms clock, 0.68+0.42/0.62/0.044+1.0 ms cpu, 4->5->2 MB, 4 MB goal, 0 MB stacks, 0 MB globals, 20 P
gc 4616 @10.549s 5%: 0.064+0.49+0.054 ms clock, 1.2+0.40/0.65/0+1.0 ms cpu, 4->5->2 MB, 4 MB goal, 0 MB stacks, 0 MB globals, 20 P
gc 4617 @10.551s 5%: 0.065+0.42+0.061 ms clock, 1.3+0.29/0.65/0.018+1.2 ms cpu, 4->5->2 MB, 5 MB goal, 0 MB stacks, 0 MB globals, 20 P
gc 4618 @10.553s 5%: 0.056+0.42+0.039 ms clock, 1.1+0.071/0.63/0+0.79 ms cpu, 4->5->2 MB, 5 MB goal, 0 MB stacks, 0 MB globals, 20 P
gc 4619 @10.554s 5%: 0.077+0.34+0.065 ms clock, 1.5+0.32/0.67/0.002+1.3 ms cpu, 4->5->2 MB, 5 MB goal, 0 MB stacks, 0 MB globals, 20 P
gc 4620 @10.555s 5%: 0.097+0.36+0.028 ms clock, 1.9+0.34/0.65/0+0.57 ms cpu, 3->4->2 MB, 4 MB goal, 0 MB stacks, 0 MB globals, 20 P
gc 4621 @10.557s 5%: 0.051+0.48+0.070 ms clock, 1.0+0.30/0.67/0.038+1.4 ms cpu, 4->5->2 MB, 5 MB goal, 0 MB stacks, 0 MB globals, 20 P
gc 4622 @10.558s 5%: 0.073+0.39+0.035 ms clock, 1.4+0.22/0.71/0+0.70 ms cpu, 4->5->2 MB, 5 MB goal, 0 MB stacks, 0 MB globals, 20 P
gc 4623 @10.559s 5%: 0.078+0.50+0.074 ms clock, 1.5+0.27/0.75/0+1.4 ms cpu, 4->5->2 MB, 5 MB goal, 0 MB stacks, 0 MB globals, 20 P
gc 4624 @10.561s 5%: 0.048+0.40+0.059 ms clock, 0.96+0.34/0.59/0.022+1.1 ms cpu, 4->5->2 MB, 5 MB goal, 0 MB stacks, 0 MB globals, 20 P
gc 4625 @10.562s 5%: 0.039+0.62+0.022 ms clock, 0.78+0.26/0.59/0+0.45 ms cpu, 4->5->2 MB, 5 MB goal, 0 MB stacks, 0 MB globals, 20 P
gc 4626 @10.564s 5%: 0.087+0.42+0.11 ms clock, 1.7+0.24/0.64/0.099+2.3 ms cpu, 4->5->2 MB, 5 MB goal, 0 MB stacks, 0 MB globals, 20 P
gc 4627 @10.565s 5%: 0.043+0.32+0.062 ms clock, 0.87+0.31/0.61/0.002+1.2 ms cpu, 4->5->2 MB, 5 MB goal, 0 MB stacks, 0 MB globals, 20 P
gc 4628 @10.567s 5%: 0.070+0.44+0.085 ms clock, 1.4+0.30/0.64/0+1.7 ms cpu, 4->4->2 MB, 4 MB goal, 0 MB stacks, 0 MB globals, 20 P
gc 4629 @10.568s 5%: 0.055+0.42+0.024 ms clock, 1.1+0.35/0.72/0.005+0.48 ms cpu, 4->5->2 MB, 5 MB goal, 0 MB stacks, 0 MB globals, 20 P
gc 4630 @10.569s 5%: 0.074+0.43+0.021 ms clock, 1.4+0.20/0.87/0.006+0.43 ms cpu, 4->5->2 MB, 5 MB goal, 0 MB stacks, 0 MB globals, 20 P
gc 4631 @10.571s 5%: 0.070+0.54+0.024 ms clock, 1.4+0.42/0.59/0+0.49 ms cpu, 4->5->2 MB, 5 MB goal, 0 MB stacks, 0 MB globals, 20 P
gc 4632 @10.573s 5%: 0.063+0.24+0.026 ms clock, 1.2+0.32/0.58/0.012+0.52 ms cpu, 4->5->2 MB, 5 MB goal, 0 MB stacks, 0 MB globals, 20 P
gc 4633 @10.574s 5%: 0.037+0.51+0.042 ms clock, 0.74+0.14/0.66/0.18+0.85 ms cpu, 3->5->2 MB, 4 MB goal, 0 MB stacks, 0 MB globals, 20 P
gc 4634 @10.575s 5%: 0.047+0.30+0.076 ms clock, 0.95+0.29/0.65/0.013+1.5 ms cpu, 4->5->2 MB, 5 MB goal, 0 MB stacks, 0 MB globals, 20 P
gc 4635 @10.576s 5%: 0.069+0.47+0.019 ms clock, 1.3+0.31/0.64/0.012+0.38 ms cpu, 4->5->2 MB, 4 MB goal, 0 MB stacks, 0 MB globals, 20 P
gc 4636 @10.578s 5%: 0.044+0.46+0.023 ms clock, 0.89+0.38/0.71/0.018+0.46 ms cpu, 4->5->2 MB, 5 MB goal, 0 MB stacks, 0 MB globals, 20 P
gc 4637 @10.579s 5%: 0.082+0.38+0.066 ms clock, 1.6+0.20/0.73/0.004+1.3 ms cpu, 4->4->2 MB, 4 MB goal, 0 MB stacks, 0 MB globals, 20 P
gc 4638 @10.580s 5%: 0.082+0.46+0.063 ms clock, 1.6+0.40/0.90/0+1.2 ms cpu, 4->5->2 MB, 4 MB goal, 0 MB stacks, 0 MB globals, 20 P
gc 4639 @10.582s 5%: 0.068+0.37+0.033 ms clock, 1.3+0.23/0.70/0.003+0.67 ms cpu, 4->5->2 MB, 5 MB goal, 0 MB stacks, 0 MB globals, 20 P
gc 4640 @10.583s 5%: 0.075+0.56+0.035 ms clock, 1.5+0.33/0.84/0.007+0.70 ms cpu, 4->5->2 MB, 5 MB goal, 0 MB stacks, 0 MB globals, 20 P
gc 4641 @10.585s 5%: 0.076+0.42+0.064 ms clock, 1.5+0.35/0.70/0.054+1.2 ms cpu, 4->5->2 MB, 5 MB goal, 0 MB stacks, 0 MB globals, 20 P
gc 4642 @10.586s 5%: 0.061+0.32+0.061 ms clock, 1.2+0.28/0.67/0.002+1.2 ms cpu, 4->5->2 MB, 5 MB goal, 0 MB stacks, 0 MB globals, 20 P
gc 4643 @10.587s 6%: 0.048+0.50+0.092 ms clock, 0.97+0.60/0.78/0+1.8 ms cpu, 3->4->2 MB, 4 MB goal, 0 MB stacks, 0 MB globals, 20 P
gc 4644 @10.588s 6%: 0.075+0.38+0.019 ms clock, 1.5+0.45/0.60/0.038+0.38 ms cpu, 4->4->2 MB, 4 MB goal, 0 MB stacks, 0 MB globals, 20 P
gc 4645 @10.590s 6%: 0.060+0.50+0.083 ms clock, 1.2+0.26/0.67/0+1.6 ms cpu, 4->5->2 MB, 4 MB goal, 0 MB stacks, 0 MB globals, 20 P
gc 4646 @10.591s 6%: 0.093+0.48+0.039 ms clock, 1.8+0.34/0.61/0.021+0.78 ms cpu, 4->5->2 MB, 5 MB goal, 0 MB stacks, 0 MB globals, 20 P
gc 4647 @10.592s 6%: 0.056+0.50+0.055 ms clock, 1.1+0.25/0.73/0+1.1 ms cpu, 4->5->2 MB, 5 MB goal, 0 MB stacks, 0 MB globals, 20 P
gc 4648 @10.594s 6%: 0.080+0.57+0.019 ms clock, 1.6+0.18/0.89/0.003+0.39 ms cpu, 4->5->2 MB, 5 MB goal, 0 MB stacks, 0 MB globals, 20 P
gc 4649 @10.595s 6%: 0.071+0.29+0.073 ms clock, 1.4+0.19/0.53/0.13+1.4 ms cpu, 4->5->1 MB, 5 MB goal, 0 MB stacks, 0 MB globals, 20 P
gc 4650 @10.596s 6%: 0.065+0.53+0.015 ms clock, 1.3+0.27/0.68/0.044+0.31 ms cpu, 3->4->2 MB, 4 MB goal, 0 MB stacks, 0 MB globals, 20 P
gc 4651 @10.598s 6%: 0.076+0.36+0.056 ms clock, 1.5+0.35/0.55/0+1.1 ms cpu, 4->5->2 MB, 5 MB goal, 0 MB stacks, 0 MB globals, 20 P
gc 4652 @10.599s 6%: 0.075+0.45+0.070 ms clock, 1.5+0.28/0.67/0.032+1.4 ms cpu, 4->5->2 MB, 4 MB goal, 0 MB stacks, 0 MB globals, 20 P
gc 4653 @10.600s 6%: 0.068+0.44+0.089 ms clock, 1.3+0.29/0.64/0.032+1.7 ms cpu, 4->5->2 MB, 5 MB goal, 0 MB stacks, 0 MB globals, 20 P
gc 4654 @10.602s 6%: 0.057+0.34+0.064 ms clock, 1.1+0.23/0.80/0+1.2 ms cpu, 4->4->2 MB, 4 MB goal, 0 MB stacks, 0 MB globals, 20 P
gc 4655 @10.603s 6%: 0.065+0.43+0.063 ms clock, 1.3+0.22/0.62/0.25+1.2 ms cpu, 3->4->2 MB, 4 MB goal, 0 MB stacks, 0 MB globals, 20 P
gc 4656 @10.604s 6%: 0.037+0.40+0.057 ms clock, 0.74+0.12/0.69/0.098+1.1 ms cpu, 4->5->2 MB, 5 MB goal, 0 MB stacks, 0 MB globals, 20 P
gc 4657 @10.605s 6%: 0.050+0.37+0.027 ms clock, 1.0+0.27/0.56/0.046+0.54 ms cpu, 4->4->2 MB, 4 MB goal, 0 MB stacks, 0 MB globals, 20 P
gc 4658 @10.607s 6%: 0.080+0.44+0.037 ms clock, 1.6+0.36/0.73/0.048+0.75 ms cpu, 4->5->2 MB, 4 MB goal, 0 MB stacks, 0 MB globals, 20 P
gc 4659 @10.608s 6%: 0.042+0.39+0.047 ms clock, 0.85+0.38/0.53/0.045+0.95 ms cpu, 4->5->2 MB, 5 MB goal, 0 MB stacks, 0 MB globals, 20 P
gc 4660 @10.609s 6%: 0.087+0.32+0.042 ms clock, 1.7+0.21/0.57/0+0.85 ms cpu, 4->5->2 MB, 4 MB goal, 0 MB stacks, 0 MB globals, 20 P
gc 4661 @10.611s 6%: 0.049+0.31+0.069 ms clock, 0.98+0.27/0.64/0.10+1.3 ms cpu, 4->4->2 MB, 4 MB goal, 0 MB stacks, 0 MB globals, 20 P
gc 4662 @10.612s 6%: 0.090+0.43+0.069 ms clock, 1.8+0.27/0.88/0+1.3 ms cpu, 3->4->2 MB, 4 MB goal, 0 MB stacks, 0 MB globals, 20 P
gc 4663 @10.613s 6%: 0.059+0.49+0.066 ms clock, 1.1+0.38/0.65/0+1.3 ms cpu, 4->5->2 MB, 4 MB goal, 0 MB stacks, 0 MB globals, 20 P
gc 4664 @10.614s 6%: 0.061+0.27+0.028 ms clock, 1.2+0.36/0.53/0.014+0.56 ms cpu, 4->4->2 MB, 5 MB goal, 0 MB stacks, 0 MB globals, 20 P
gc 4665 @10.615s 6%: 0.052+0.36+0.055 ms clock, 1.0+0.36/0.49/0+1.1 ms cpu, 3->4->2 MB, 4 MB goal, 0 MB stacks, 0 MB globals, 20 P
gc 4666 @10.617s 6%: 0.12+0.48+0.057 ms clock, 2.5+0.32/0.73/0+1.1 ms cpu, 4->5->2 MB, 4 MB goal, 0 MB stacks, 0 MB globals, 20 P
gc 4667 @10.618s 6%: 0.056+0.25+0.059 ms clock, 1.1+0.42/0.61/0.005+1.1 ms cpu, 4->5->2 MB, 5 MB goal, 0 MB stacks, 0 MB globals, 20 P
gc 4668 @10.619s 6%: 0.060+0.27+0.029 ms clock, 1.2+0.36/0.72/0.042+0.59 ms cpu, 3->4->2 MB, 4 MB goal, 0 MB stacks, 0 MB globals, 20 P
gc 4669 @10.620s 6%: 0.067+0.34+0.070 ms clock, 1.3+0.34/0.58/0.004+1.4 ms cpu, 4->4->2 MB, 4 MB goal, 0 MB stacks, 0 MB globals, 20 P
gc 4670 @10.621s 6%: 0.072+0.51+0.046 ms clock, 1.4+0.34/0.80/0+0.92 ms cpu, 4->5->2 MB, 4 MB goal, 0 MB stacks, 0 MB globals, 20 P
gc 4671 @10.623s 6%: 0.070+0.48+0.049 ms clock, 1.4+0.18/0.62/0.005+0.99 ms cpu, 4->5->2 MB, 5 MB goal, 0 MB stacks, 0 MB globals, 20 P
gc 4672 @10.624s 6%: 0.055+0.41+0.093 ms clock, 1.1+0.31/0.66/0+1.8 ms cpu, 4->5->2 MB, 5 MB goal, 0 MB stacks, 0 MB globals, 20 P
gc 4673 @10.626s 6%: 0.048+0.27+0.026 ms clock, 0.96+0.23/0.66/0.002+0.53 ms cpu, 4->5->2 MB, 5 MB goal, 0 MB stacks, 0 MB globals, 20 P
gc 4674 @10.627s 6%: 0.078+0.40+0.060 ms clock, 1.5+0.38/0.80/0.003+1.2 ms cpu, 3->4->2 MB, 4 MB goal, 0 MB stacks, 0 MB globals, 20 P
gc 4675 @10.628s 6%: 0.079+0.42+0.037 ms clock, 1.5+0.30/0.75/0+0.74 ms cpu, 4->4->2 MB, 4 MB goal, 0 MB stacks, 0 MB globals, 20 P
gc 4676 @10.629s 6%: 0.099+0.32+0.047 ms clock, 1.9+0.24/0.60/0+0.95 ms cpu, 4->4->2 MB, 5 MB goal, 0 MB stacks, 0 MB globals, 20 P
gc 4677 @10.631s 6%: 0.075+0.50+0.055 ms clock, 1.5+0.33/0.72/0.008+1.1 ms cpu, 3->4->2 MB, 4 MB goal, 0 MB stacks, 0 MB globals, 20 P
gc 4678 @10.632s 6%: 0.073+0.24+0.070 ms clock, 1.4+0.33/0.66/0.009+1.4 ms cpu, 4->5->2 MB, 5 MB goal, 0 MB stacks, 0 MB globals, 20 P
gc 4679 @10.633s 6%: 0.044+0.37+0.087 ms clock, 0.89+0.25/0.69/0.007+1.7 ms cpu, 3->4->2 MB, 4 MB goal, 0 MB stacks, 0 MB globals, 20 P
gc 4680 @10.634s 6%: 0.10+0.50+0.014 ms clock, 2.1+0.35/0.66/0.022+0.29 ms cpu, 4->5->2 MB, 4 MB goal, 0 MB stacks, 0 MB globals, 20 P
gc 4681 @10.636s 6%: 0.065+0.39+0.045 ms clock, 1.3+0.29/0.63/0.037+0.90 ms cpu, 4->5->2 MB, 5 MB goal, 0 MB stacks, 0 MB globals, 20 P
gc 4682 @10.637s 6%: 0.098+0.65+0.070 ms clock, 1.9+0.29/0.91/0.056+1.4 ms cpu, 4->5->2 MB, 5 MB goal, 0 MB stacks, 0 MB globals, 20 P
gc 4683 @10.639s 6%: 0.063+0.38+0.077 ms clock, 1.2+0.28/0.61/0.054+1.5 ms cpu, 4->5->2 MB, 5 MB goal, 0 MB stacks, 0 MB globals, 20 P
gc 4684 @10.640s 6%: 0.060+0.36+0.054 ms clock, 1.2+0.35/0.60/0+1.0 ms cpu, 4->5->2 MB, 5 MB goal, 0 MB stacks, 0 MB globals, 20 P
gc 4685 @10.641s 6%: 0.079+0.52+0.079 ms clock, 1.5+0.43/0.70/0.004+1.5 ms cpu, 4->5->2 MB, 4 MB goal, 0 MB stacks, 0 MB globals, 20 P
gc 4686 @10.643s 6%: 0.061+0.34+0.052 ms clock, 1.2+0.28/0.67/0.023+1.0 ms cpu, 4->5->2 MB, 5 MB goal, 0 MB stacks, 0 MB globals, 20 P
gc 4687 @10.644s 6%: 0.072+0.67+0.049 ms clock, 1.4+0.24/0.67/0.062+0.99 ms cpu, 4->5->2 MB, 5 MB goal, 0 MB stacks, 0 MB globals, 20 P
gc 4688 @10.646s 6%: 0.053+0.29+0.080 ms clock, 1.0+0.21/0.70/0.008+1.6 ms cpu, 4->5->1 MB, 5 MB goal, 0 MB stacks, 0 MB globals, 20 P
gc 4689 @10.647s 6%: 0.079+0.40+0.072 ms clock, 1.5+0.38/0.57/0.048+1.4 ms cpu, 3->4->2 MB, 4 MB goal, 0 MB stacks, 0 MB globals, 20 P
gc 4690 @10.649s 6%: 0.063+0.41+0.043 ms clock, 1.2+0.38/0.68/0.019+0.87 ms cpu, 4->5->2 MB, 5 MB goal, 0 MB stacks, 0 MB globals, 20 P
gc 4691 @10.650s 6%: 0.062+0.46+0.072 ms clock, 1.2+0.35/0.67/0.007+1.4 ms cpu, 4->5->2 MB, 4 MB goal, 0 MB stacks, 0 MB globals, 20 P
gc 4692 @10.651s 6%: 0.064+0.46+0.040 ms clock, 1.2+0.33/0.67/0.094+0.80 ms cpu, 4->5->2 MB, 5 MB goal, 0 MB stacks, 0 MB globals, 20 P
gc 4693 @10.653s 6%: 0.081+0.45+0.062 ms clock, 1.6+0.38/0.74/0.015+1.2 ms cpu, 4->5->2 MB, 5 MB goal, 0 MB stacks, 0 MB globals, 20 P
gc 4694 @10.655s 6%: 0.078+0.33+0.067 ms clock, 1.5+0.33/0.60/0+1.3 ms cpu, 4->5->2 MB, 5 MB goal, 0 MB stacks, 0 MB globals, 20 P
gc 4695 @10.656s 6%: 0.040+0.38+0.077 ms clock, 0.81+0.31/0.66/0+1.5 ms cpu, 4->5->2 MB, 5 MB goal, 0 MB stacks, 0 MB globals, 20 P
gc 4696 @10.658s 6%: 0.048+0.64+0.075 ms clock, 0.97+0.16/0.87/0+1.5 ms cpu, 4->5->2 MB, 4 MB goal, 0 MB stacks, 0 MB globals, 20 P
gc 4697 @10.659s 6%: 0.069+0.41+0.037 ms clock, 1.3+0.25/0.69/0.078+0.75 ms cpu, 4->5->2 MB, 5 MB goal, 0 MB stacks, 0 MB globals, 20 P
gc 4698 @10.660s 6%: 0.064+0.33+0.049 ms clock, 1.2+0.37/0.64/0.008+0.99 ms cpu, 4->5->2 MB, 5 MB goal, 0 MB stacks, 0 MB globals, 20 P
gc 4699 @10.661s 6%: 0.078+0.31+0.016 ms clock, 1.5+0.31/0.58/0+0.33 ms cpu, 4->5->2 MB, 4 MB goal, 0 MB stacks, 0 MB globals, 20 P
gc 4700 @10.662s 6%: 0.086+0.45+0.044 ms clock, 1.7+0.35/0.79/0.035+0.89 ms cpu, 3->4->2 MB, 4 MB goal, 0 MB stacks, 0 MB globals, 20 P
gc 4701 @10.664s 6%: 0.090+0.39+0.060 ms clock, 1.8+0.25/0.63/0+1.2 ms cpu, 4->5->2 MB, 5 MB goal, 0 MB stacks, 0 MB globals, 20 P
gc 4702 @10.665s 6%: 0.086+0.37+0.037 ms clock, 1.7+0.38/0.70/0.007+0.75 ms cpu, 4->5->2 MB, 5 MB goal, 0 MB stacks, 0 MB globals, 20 P
gc 4703 @10.666s 6%: 0.048+0.39+0.046 ms clock, 0.96+0.68/0.73/0.018+0.93 ms cpu, 4->5->2 MB, 5 MB goal, 0 MB stacks, 0 MB globals, 20 P
gc 4704 @10.667s 6%: 0.041+0.44+0.057 ms clock, 0.83+0.31/0.66/0+1.1 ms cpu, 4->5->2 MB, 5 MB goal, 0 MB stacks, 0 MB globals, 20 P
gc 4705 @10.669s 6%: 0.072+0.27+0.087 ms clock, 1.4+0.43/0.61/0.049+1.7 ms cpu, 4->4->2 MB, 5 MB goal, 0 MB stacks, 0 MB globals, 20 P
gc 4706 @10.670s 6%: 0.080+0.37+0.069 ms clock, 1.6+0.40/0.79/0+1.3 ms cpu, 3->4->2 MB, 4 MB goal, 0 MB stacks, 0 MB globals, 20 P
gc 4707 @10.671s 6%: 0.061+0.30+0.10 ms clock, 1.2+0.27/0.62/0.016+2.0 ms cpu, 4->5->2 MB, 5 MB goal, 0 MB stacks, 0 MB globals, 20 P
gc 4708 @10.672s 6%: 0.068+0.43+0.048 ms clock, 1.3+0.21/0.69/0.043+0.96 ms cpu, 4->4->2 MB, 4 MB goal, 0 MB stacks, 0 MB globals, 20 P
gc 4709 @10.673s 6%: 0.076+0.47+0.069 ms clock, 1.5+0.29/0.62/0.044+1.3 ms cpu, 4->5->2 MB, 5 MB goal, 0 MB stacks, 0 MB globals, 20 P
gc 4710 @10.675s 6%: 0.078+0.33+0.051 ms clock, 1.5+0.39/0.61/0+1.0 ms cpu, 4->5->2 MB, 5 MB goal, 0 MB stacks, 0 MB globals, 20 P
gc 4711 @10.676s 6%: 0.040+0.39+0.022 ms clock, 0.81+0.23/0.69/0.014+0.44 ms cpu, 4->5->2 MB, 5 MB goal, 0 MB stacks, 0 MB globals, 20 P
gc 4712 @10.678s 6%: 0.066+0.70+0.027 ms clock, 1.3+0.52/0.60/0+0.55 ms cpu, 4->5->2 MB, 4 MB goal, 0 MB stacks, 0 MB globals, 20 P
gc 4713 @10.679s 6%: 0.074+0.27+0.066 ms clock, 1.4+0.32/0.67/0.010+1.3 ms cpu, 4->5->2 MB, 5 MB goal, 0 MB stacks, 0 MB globals, 20 P
gc 4714 @10.680s 6%: 0.080+0.39+0.077 ms clock, 1.6+0.32/0.68/0.012+1.5 ms cpu, 3->4->2 MB, 4 MB goal, 0 MB stacks, 0 MB globals, 20 P
gc 4715 @10.682s 6%: 0.072+0.41+0.029 ms clock, 1.4+0.21/0.76/0.014+0.59 ms cpu, 4->4->2 MB, 4 MB goal, 0 MB stacks, 0 MB globals, 20 P
gc 4716 @10.683s 6%: 0.070+0.58+0.020 ms clock, 1.4+0.37/0.69/0.097+0.41 ms cpu, 3->5->2 MB, 4 MB goal, 0 MB stacks, 0 MB globals, 20 P
gc 4717 @10.684s 6%: 0.087+0.54+0.068 ms clock, 1.7+0.33/0.58/0.057+1.3 ms cpu, 4->5->2 MB, 5 MB goal, 0 MB stacks, 0 MB globals, 20 P
gc 4718 @10.686s 6%: 0.026+0.50+0.075 ms clock, 0.52+0.30/0.60/0.030+1.5 ms cpu, 4->5->2 MB, 5 MB goal, 0 MB stacks, 0 MB globals, 20 P
gc 4719 @10.687s 6%: 0.078+0.43+0.053 ms clock, 1.5+0.30/0.70/0.001+1.0 ms cpu, 4->5->2 MB, 5 MB goal, 0 MB stacks, 0 MB globals, 20 P
gc 4720 @10.688s 6%: 0.076+0.32+0.016 ms clock, 1.5+0.25/0.72/0+0.33 ms cpu, 4->4->2 MB, 5 MB goal, 0 MB stacks, 0 MB globals, 20 P
gc 4721 @10.689s 6%: 0.054+0.44+0.023 ms clock, 1.0+0.26/0.65/0.022+0.46 ms cpu, 3->4->2 MB, 4 MB goal, 0 MB stacks, 0 MB globals, 20 P
gc 4722 @10.690s 6%: 0.067+0.35+0.074 ms clock, 1.3+0.26/0.73/0.023+1.4 ms cpu, 4->4->2 MB, 4 MB goal, 0 MB stacks, 0 MB globals, 20 P
gc 4723 @10.692s 6%: 0.089+0.49+0.065 ms clock, 1.7+0.36/0.82/0.004+1.3 ms cpu, 4->5->2 MB, 4 MB goal, 0 MB stacks, 0 MB globals, 20 P
gc 4724 @10.693s 6%: 0.045+0.47+0.015 ms clock, 0.91+0.25/0.67/0.015+0.30 ms cpu, 4->5->2 MB, 5 MB goal, 0 MB stacks, 0 MB globals, 20 P
gc 4725 @10.694s 6%: 0.047+0.41+0.025 ms clock, 0.95+0.26/0.65/0+0.50 ms cpu, 4->5->2 MB, 4 MB goal, 0 MB stacks, 0 MB globals, 20 P
gc 4726 @10.696s 6%: 0.055+0.38+0.030 ms clock, 1.1+0.28/0.72/0+0.61 ms cpu, 4->5->2 MB, 5 MB goal, 0 MB stacks, 0 MB globals, 20 P
gc 4727 @10.697s 6%: 0.063+0.46+0.084 ms clock, 1.2+0.31/0.75/0.006+1.6 ms cpu, 3->4->2 MB, 4 MB goal, 0 MB stacks, 0 MB globals, 20 P
gc 4728 @10.698s 6%: 0.080+0.32+0.088 ms clock, 1.6+0.36/0.57/0.032+1.7 ms cpu, 4->5->2 MB, 5 MB goal, 0 MB stacks, 0 MB globals, 20 P
gc 4729 @10.699s 6%: 0.067+0.46+0.064 ms clock, 1.3+0.32/0.79/0.005+1.2 ms cpu, 3->5->2 MB, 4 MB goal, 0 MB stacks, 0 MB globals, 20 P
gc 4730 @10.700s 6%: 0.072+0.45+0.062 ms clock, 1.4+0.36/0.61/0.011+1.2 ms cpu, 4->5->2 MB, 5 MB goal, 0 MB stacks, 0 MB globals, 20 P
gc 4731 @10.702s 6%: 0.050+0.38+0.043 ms clock, 1.0+0.49/0.48/0.042+0.86 ms cpu, 4->5->2 MB, 5 MB goal, 0 MB stacks, 0 MB globals, 20 P
gc 4732 @10.703s 6%: 0.075+0.31+0.054 ms clock, 1.5+0.37/0.65/0+1.0 ms cpu, 4->5->2 MB, 5 MB goal, 0 MB stacks, 0 MB globals, 20 P
gc 4733 @10.705s 6%: 0.084+0.30+0.021 ms clock, 1.6+0.21/0.53/0.016+0.42 ms cpu, 3->4->2 MB, 4 MB goal, 0 MB stacks, 0 MB globals, 20 P
gc 4734 @10.706s 6%: 0.075+0.34+0.029 ms clock, 1.5+0.29/0.57/0.003+0.58 ms cpu, 4->4->2 MB, 4 MB goal, 0 MB stacks, 0 MB globals, 20 P
gc 4735 @10.707s 6%: 0.064+0.39+0.030 ms clock, 1.2+0.41/0.70/0.001+0.60 ms cpu, 3->4->2 MB, 4 MB goal, 0 MB stacks, 0 MB globals, 20 P
gc 4736 @10.709s 6%: 0.026+0.50+0.052 ms clock, 0.53+0.16/0.74/0+1.0 ms cpu, 4->5->2 MB, 4 MB goal, 0 MB stacks, 0 MB globals, 20 P
gc 4737 @10.710s 6%: 0.049+0.47+0.032 ms clock, 0.98+0.32/0.49/0.083+0.64 ms cpu, 4->5->2 MB, 5 MB goal, 0 MB stacks, 0 MB globals, 20 P
gc 4738 @10.712s 6%: 0.062+0.51+0.073 ms clock, 1.2+0.36/0.57/0.020+1.4 ms cpu, 4->5->2 MB, 5 MB goal, 0 MB stacks, 0 MB globals, 20 P
gc 4739 @10.713s 6%: 0.082+0.28+0.044 ms clock, 1.6+0.25/0.62/0+0.88 ms cpu, 4->4->2 MB, 5 MB goal, 0 MB stacks, 0 MB globals, 20 P
gc 4740 @10.714s 6%: 0.081+0.38+0.065 ms clock, 1.6+0.38/0.85/0+1.3 ms cpu, 3->4->2 MB, 4 MB goal, 0 MB stacks, 0 MB globals, 20 P
gc 4741 @10.716s 6%: 0.035+0.52+0.014 ms clock, 0.70+0.35/0.58/0.033+0.29 ms cpu, 4->5->2 MB, 5 MB goal, 0 MB stacks, 0 MB globals, 20 P
gc 4742 @10.717s 6%: 0.070+0.51+0.058 ms clock, 1.4+0.29/0.68/0+1.1 ms cpu, 4->5->2 MB, 4 MB goal, 0 MB stacks, 0 MB globals, 20 P
gc 4743 @10.719s 6%: 0.075+0.35+0.081 ms clock, 1.5+0.36/0.57/0.025+1.6 ms cpu, 4->5->2 MB, 5 MB goal, 0 MB stacks, 0 MB globals, 20 P
gc 4744 @10.720s 6%: 0.077+0.45+0.049 ms clock, 1.5+0.26/0.79/0+0.98 ms cpu, 4->5->2 MB, 5 MB goal, 0 MB stacks, 0 MB globals, 20 P
gc 4745 @10.721s 6%: 0.071+0.32+0.080 ms clock, 1.4+0.29/0.71/0+1.6 ms cpu, 4->5->2 MB, 5 MB goal, 0 MB stacks, 0 MB globals, 20 P
gc 4746 @10.722s 6%: 0.047+0.53+0.061 ms clock, 0.95+0.28/0.96/0.050+1.2 ms cpu, 3->4->2 MB, 4 MB goal, 0 MB stacks, 0 MB globals, 20 P
gc 4747 @10.724s 6%: 0.080+0.37+0.025 ms clock, 1.6+0.31/0.67/0+0.51 ms cpu, 4->5->2 MB, 5 MB goal, 0 MB stacks, 0 MB globals, 20 P
gc 4748 @10.725s 6%: 0.071+0.41+0.056 ms clock, 1.4+0.39/0.52/0.082+1.1 ms cpu, 4->5->2 MB, 5 MB goal, 0 MB stacks, 0 MB globals, 20 P
gc 4749 @10.727s 6%: 0.063+0.73+0.092 ms clock, 1.2+0.35/0.72/0.016+1.8 ms cpu, 4->5->2 MB, 5 MB goal, 0 MB stacks, 0 MB globals, 20 P
gc 4750 @10.728s 6%: 0.071+0.45+0.053 ms clock, 1.4+0.31/0.60/0+1.0 ms cpu, 5->5->2 MB, 5 MB goal, 0 MB stacks, 0 MB globals, 20 P
gc 4751 @10.729s 6%: 0.077+0.27+0.070 ms clock, 1.5+0.31/0.58/0.11+1.4 ms cpu, 4->5->2 MB, 5 MB goal, 0 MB stacks, 0 MB globals, 20 P
gc 4752 @10.731s 6%: 0.034+0.32+0.042 ms clock, 0.69+0.29/0.65/0+0.84 ms cpu, 3->4->2 MB, 4 MB goal, 0 MB stacks, 0 MB globals, 20 P
gc 4753 @10.732s 6%: 0.029+0.46+0.019 ms clock, 0.58+0.35/0.60/0+0.39 ms cpu, 4->5->2 MB, 4 MB goal, 0 MB stacks, 0 MB globals, 20 P
gc 4754 @10.734s 6%: 0.046+0.38+0.045 ms clock, 0.93+0.27/0.68/0.016+0.91 ms cpu, 4->5->2 MB, 5 MB goal, 0 MB stacks, 0 MB globals, 20 P
gc 4755 @10.735s 6%: 0.061+0.52+0.039 ms clock, 1.2+0.35/0.63/0.007+0.78 ms cpu, 4->5->2 MB, 5 MB goal, 0 MB stacks, 0 MB globals, 20 P
gc 4756 @10.737s 6%: 0.042+0.36+0.047 ms clock, 0.85+0.23/0.61/0.027+0.95 ms cpu, 4->5->2 MB, 5 MB goal, 0 MB stacks, 0 MB globals, 20 P
gc 4757 @10.738s 6%: 0.077+0.38+0.062 ms clock, 1.5+0.37/0.69/0.037+1.2 ms cpu, 4->5->2 MB, 4 MB goal, 0 MB stacks, 0 MB globals, 20 P
gc 4758 @10.739s 6%: 0.019+0.41+0.030 ms clock, 0.39+0.25/0.77/0+0.60 ms cpu, 4->5->2 MB, 5 MB goal, 0 MB stacks, 0 MB globals, 20 P
gc 4759 @10.741s 6%: 0.043+0.48+0.068 ms clock, 0.86+0.26/0.66/0.033+1.3 ms cpu, 4->5->2 MB, 5 MB goal, 0 MB stacks, 0 MB globals, 20 P
gc 4760 @10.742s 6%: 0.039+0.37+0.073 ms clock, 0.78+0.41/0.60/0.017+1.4 ms cpu, 4->5->2 MB, 5 MB goal, 0 MB stacks, 0 MB globals, 20 P
gc 4761 @10.743s 6%: 0.066+0.48+0.064 ms clock, 1.3+0.47/0.74/0.020+1.2 ms cpu, 3->5->2 MB, 4 MB goal, 0 MB stacks, 0 MB globals, 20 P
gc 4762 @10.745s 6%: 0.029+0.25+0.016 ms clock, 0.58+0.38/0.59/0.007+0.33 ms cpu, 4->4->2 MB, 5 MB goal, 0 MB stacks, 0 MB globals, 20 P
gc 4763 @10.745s 6%: 0.073+0.36+0.035 ms clock, 1.4+0.34/0.66/0+0.71 ms cpu, 3->4->2 MB, 4 MB goal, 0 MB stacks, 0 MB globals, 20 P
gc 4764 @10.747s 6%: 0.066+0.32+0.11 ms clock, 1.3+0.24/0.63/0+2.2 ms cpu, 4->5->2 MB, 5 MB goal, 0 MB stacks, 0 MB globals, 20 P
gc 4765 @10.748s 6%: 0.038+0.41+0.085 ms clock, 0.76+0.23/0.71/0.008+1.7 ms cpu, 4->5->2 MB, 5 MB goal, 0 MB stacks, 0 MB globals, 20 P
gc 4766 @10.749s 6%: 0.023+0.36+0.060 ms clock, 0.46+0.25/0.71/0.006+1.2 ms cpu, 4->5->2 MB, 5 MB goal, 0 MB stacks, 0 MB globals, 20 P
gc 4767 @10.750s 6%: 0.050+0.50+0.026 ms clock, 1.0+0.36/0.73/0.015+0.52 ms cpu, 4->5->2 MB, 4 MB goal, 0 MB stacks, 0 MB globals, 20 P
gc 4768 @10.752s 6%: 0.085+0.29+0.030 ms clock, 1.7+0.30/0.61/0+0.61 ms cpu, 4->5->2 MB, 5 MB goal, 0 MB stacks, 0 MB globals, 20 P
gc 4769 @10.753s 6%: 0.078+0.53+0.041 ms clock, 1.5+0.29/0.74/0+0.83 ms cpu, 4->5->2 MB, 4 MB goal, 0 MB stacks, 0 MB globals, 20 P
gc 4770 @10.755s 6%: 0.092+0.41+0.069 ms clock, 1.8+0.33/0.72/0.009+1.3 ms cpu, 4->5->2 MB, 4 MB goal, 0 MB stacks, 0 MB globals, 20 P
gc 4771 @10.756s 6%: 0.047+0.41+0.059 ms clock, 0.94+0.30/0.55/0.072+1.1 ms cpu, 4->5->2 MB, 5 MB goal, 0 MB stacks, 0 MB globals, 20 P
gc 4772 @10.757s 6%: 0.082+0.31+0.069 ms clock, 1.6+0.38/0.66/0.011+1.3 ms cpu, 4->5->2 MB, 5 MB goal, 0 MB stacks, 0 MB globals, 20 P
gc 4773 @10.759s 6%: 0.079+0.44+0.048 ms clock, 1.5+0.35/0.77/0.001+0.96 ms cpu, 4->5->2 MB, 4 MB goal, 0 MB stacks, 0 MB globals, 20 P
gc 4774 @10.760s 6%: 0.083+0.36+0.059 ms clock, 1.6+0.32/0.63/0.037+1.1 ms cpu, 4->5->2 MB, 5 MB goal, 0 MB stacks, 0 MB globals, 20 P
gc 4775 @10.761s 6%: 0.079+0.33+0.076 ms clock, 1.5+0.31/0.69/0.030+1.5 ms cpu, 4->5->2 MB, 5 MB goal, 0 MB stacks, 0 MB globals, 20 P
gc 4776 @10.763s 6%: 0.057+0.47+0.032 ms clock, 1.1+0.51/0.65/0+0.65 ms cpu, 3->5->2 MB, 4 MB goal, 0 MB stacks, 0 MB globals, 20 P
gc 4777 @10.764s 6%: 0.081+0.42+0.11 ms clock, 1.6+0.26/0.72/0.15+2.3 ms cpu, 4->5->2 MB, 5 MB goal, 0 MB stacks, 0 MB globals, 20 P
gc 4778 @10.766s 6%: 0.062+0.47+0.082 ms clock, 1.2+0.22/0.71/0.002+1.6 ms cpu, 4->5->2 MB, 5 MB goal, 0 MB stacks, 0 MB globals, 20 P
gc 4779 @10.767s 6%: 0.058+0.42+0.080 ms clock, 1.1+0.25/0.64/0.11+1.6 ms cpu, 4->5->2 MB, 5 MB goal, 0 MB stacks, 0 MB globals, 20 P
gc 4780 @10.768s 6%: 0.030+0.36+0.060 ms clock, 0.61+0.35/0.67/0.026+1.2 ms cpu, 4->5->2 MB, 5 MB goal, 0 MB stacks, 0 MB globals, 20 P
gc 4781 @10.770s 6%: 0.038+0.50+0.073 ms clock, 0.77+0.36/0.79/0.006+1.4 ms cpu, 4->5->2 MB, 4 MB goal, 0 MB stacks, 0 MB globals, 20 P
gc 4782 @10.771s 6%: 0.064+0.39+0.043 ms clock, 1.2+0.34/0.71/0.022+0.87 ms cpu, 4->5->2 MB, 4 MB goal, 0 MB stacks, 0 MB globals, 20 P
gc 4783 @10.772s 6%: 0.033+0.36+0.047 ms clock, 0.67+0.30/0.71/0+0.94 ms cpu, 4->5->2 MB, 5 MB goal, 0 MB stacks, 0 MB globals, 20 P
gc 4784 @10.773s 6%: 0.067+0.24+0.063 ms clock, 1.3+0.23/0.59/0.024+1.2 ms cpu, 4->4->2 MB, 5 MB goal, 0 MB stacks, 0 MB globals, 20 P
gc 4785 @10.774s 6%: 0.070+0.48+0.008 ms clock, 1.4+0.39/0.81/0.007+0.16 ms cpu, 3->4->2 MB, 4 MB goal, 0 MB stacks, 0 MB globals, 20 P
gc 4786 @10.776s 6%: 0.059+0.45+0.059 ms clock, 1.1+0.26/0.68/0+1.1 ms cpu, 4->5->2 MB, 5 MB goal, 0 MB stacks, 0 MB globals, 20 P
gc 4787 @10.777s 6%: 0.055+0.40+0.065 ms clock, 1.1+0.34/0.49/0.16+1.3 ms cpu, 4->5->2 MB, 5 MB goal, 0 MB stacks, 0 MB globals, 20 P
gc 4788 @10.779s 6%: 0.080+0.34+0.071 ms clock, 1.6+0.28/0.73/0.083+1.4 ms cpu, 4->4->2 MB, 4 MB goal, 0 MB stacks, 0 MB globals, 20 P
gc 4789 @10.779s 6%: 0.085+0.49+0.073 ms clock, 1.7+0.42/0.68/0.014+1.4 ms cpu, 3->4->2 MB, 4 MB goal, 0 MB stacks, 0 MB globals, 20 P
gc 4790 @10.781s 6%: 0.078+0.31+0.051 ms clock, 1.5+0.23/0.60/0.021+1.0 ms cpu, 4->5->2 MB, 5 MB goal, 0 MB stacks, 0 MB globals, 20 P
gc 4791 @10.782s 6%: 0.073+0.42+0.075 ms clock, 1.4+0.35/0.67/0.001+1.5 ms cpu, 4->5->2 MB, 4 MB goal, 0 MB stacks, 0 MB globals, 20 P
gc 4792 @10.784s 6%: 0.048+0.35+0.068 ms clock, 0.96+0.23/0.69/0+1.3 ms cpu, 4->5->2 MB, 5 MB goal, 0 MB stacks, 0 MB globals, 20 P
gc 4793 @10.785s 6%: 0.051+0.51+0.067 ms clock, 1.0+0.38/0.76/0.030+1.3 ms cpu, 3->4->2 MB, 4 MB goal, 0 MB stacks, 0 MB globals, 20 P
gc 4794 @10.786s 6%: 0.057+0.38+0.065 ms clock, 1.1+0.21/0.65/0.044+1.3 ms cpu, 4->5->2 MB, 5 MB goal, 0 MB stacks, 0 MB globals, 20 P
gc 4795 @10.787s 6%: 0.076+0.34+0.077 ms clock, 1.5+0.32/0.55/0.032+1.5 ms cpu, 4->4->2 MB, 4 MB goal, 0 MB stacks, 0 MB globals, 20 P
gc 4796 @10.788s 6%: 0.077+0.55+0.086 ms clock, 1.5+0.33/0.80/0.015+1.7 ms cpu, 4->5->2 MB, 4 MB goal, 0 MB stacks, 0 MB globals, 20 P
gc 4797 @10.790s 6%: 0.14+0.60+1.3 ms clock, 2.8+0.30/0.82/0.001+26 ms cpu, 4->5->2 MB, 5 MB goal, 0 MB stacks, 0 MB globals, 20 P
gc 4798 @10.792s 6%: 0.082+0.67+0.027 ms clock, 1.6+0.42/0.75/0+0.54 ms cpu, 4->6->3 MB, 5 MB goal, 0 MB stacks, 0 MB globals, 20 P
gc 4799 @10.794s 6%: 0.070+0.63+0.058 ms clock, 1.4+0.31/0.66/0.017+1.1 ms cpu, 5->7->2 MB, 7 MB goal, 0 MB stacks, 0 MB globals, 20 P
gc 4800 @10.796s 6%: 0.026+0.39+0.061 ms clock, 0.53+0.24/0.75/0.052+1.2 ms cpu, 4->5->2 MB, 5 MB goal, 0 MB stacks, 0 MB globals, 20 P
gc 4801 @10.797s 6%: 0.072+0.43+0.052 ms clock, 1.4+0.47/0.70/0+1.0 ms cpu, 4->5->2 MB, 5 MB goal, 0 MB stacks, 0 MB globals, 20 P
gc 4802 @10.798s 6%: 0.076+0.31+0.043 ms clock, 1.5+0.33/0.60/0.078+0.87 ms cpu, 4->5->2 MB, 5 MB goal, 0 MB stacks, 0 MB globals, 20 P
gc 4803 @10.799s 6%: 0.074+0.36+0.013 ms clock, 1.4+0.24/0.81/0+0.27 ms cpu, 4->4->2 MB, 4 MB goal, 0 MB stacks, 0 MB globals, 20 P
gc 4804 @10.801s 6%: 0.072+0.41+0.065 ms clock, 1.4+0.43/0.74/0.003+1.3 ms cpu, 3->4->2 MB, 4 MB goal, 0 MB stacks, 0 MB globals, 20 P
gc 4805 @10.802s 6%: 0.075+0.32+0.059 ms clock, 1.5+0.26/0.66/0.001+1.1 ms cpu, 3->4->2 MB, 4 MB goal, 0 MB stacks, 0 MB globals, 20 P
gc 4806 @10.803s 6%: 0.059+0.41+0.056 ms clock, 1.1+0.29/0.65/0.014+1.1 ms cpu, 4->5->2 MB, 4 MB goal, 0 MB stacks, 0 MB globals, 20 P
gc 4807 @10.804s 6%: 0.076+0.35+0.026 ms clock, 1.5+0.27/0.63/0.034+0.52 ms cpu, 4->4->2 MB, 5 MB goal, 0 MB stacks, 0 MB globals, 20 P
gc 4808 @10.806s 6%: 0.087+0.32+0.046 ms clock, 1.7+0.26/0.76/0.001+0.93 ms cpu, 3->4->2 MB, 4 MB goal, 0 MB stacks, 0 MB globals, 20 P
gc 4809 @10.807s 6%: 0.070+0.37+0.048 ms clock, 1.4+0.39/0.70/0.001+0.96 ms cpu, 4->4->2 MB, 4 MB goal, 0 MB stacks, 0 MB globals, 20 P
gc 4810 @10.808s 6%: 0.085+0.35+0.038 ms clock, 1.7+0.28/0.56/0.097+0.76 ms cpu, 4->4->2 MB, 4 MB goal, 0 MB stacks, 0 MB globals, 20 P
gc 4811 @10.809s 6%: 0.048+0.54+0.021 ms clock, 0.96+0.33/0.56/0.034+0.42 ms cpu, 4->4->2 MB, 4 MB goal, 0 MB stacks, 0 MB globals, 20 P
gc 4812 @10.811s 6%: 0.064+0.33+0.080 ms clock, 1.2+0.36/0.73/0.013+1.6 ms cpu, 4->4->2 MB, 4 MB goal, 0 MB stacks, 0 MB globals, 20 P
gc 4813 @10.812s 6%: 0.081+0.41+0.10 ms clock, 1.6+0.27/0.73/0.020+2.1 ms cpu, 3->4->2 MB, 4 MB goal, 0 MB stacks, 0 MB globals, 20 P
gc 4814 @10.813s 6%: 0.030+0.52+0.034 ms clock, 0.60+0.20/0.80/0.11+0.69 ms cpu, 4->5->2 MB, 4 MB goal, 0 MB stacks, 0 MB globals, 20 P
gc 4815 @10.814s 6%: 0.080+0.41+0.037 ms clock, 1.6+0.30/0.71/0.11+0.74 ms cpu, 4->5->2 MB, 4 MB goal, 0 MB stacks, 0 MB globals, 20 P
gc 4816 @10.816s 6%: 0.062+0.37+0.018 ms clock, 1.2+0.24/0.60/0.068+0.36 ms cpu, 4->5->2 MB, 5 MB goal, 0 MB stacks, 0 MB globals, 20 P
gc 4817 @10.817s 6%: 0.070+0.42+0.086 ms clock, 1.4+0.36/0.73/0.014+1.7 ms cpu, 4->5->2 MB, 5 MB goal, 0 MB stacks, 0 MB globals, 20 P
gc 4818 @10.819s 6%: 0.079+0.52+0.063 ms clock, 1.5+0.41/0.60/0.001+1.2 ms cpu, 4->5->2 MB, 5 MB goal, 0 MB stacks, 0 MB globals, 20 P
gc 4819 @10.820s 6%: 0.11+0.54+0.050 ms clock, 2.2+0.23/0.70/0.017+1.0 ms cpu, 4->5->2 MB, 5 MB goal, 0 MB stacks, 0 MB globals, 20 P
gc 4820 @10.822s 6%: 0.066+0.32+0.033 ms clock, 1.3+0.34/0.61/0.022+0.67 ms cpu, 4->5->2 MB, 5 MB goal, 0 MB stacks, 0 MB globals, 20 P
gc 4821 @10.823s 6%: 0.084+0.36+0.025 ms clock, 1.6+0.26/0.65/0+0.50 ms cpu, 3->4->2 MB, 4 MB goal, 0 MB stacks, 0 MB globals, 20 P
gc 4822 @10.824s 6%: 0.079+0.42+0.073 ms clock, 1.5+0.31/0.75/0+1.4 ms cpu, 4->5->2 MB, 4 MB goal, 0 MB stacks, 0 MB globals, 20 P
gc 4823 @10.825s 6%: 0.070+0.42+0.11 ms clock, 1.4+0.36/0.54/0.10+2.3 ms cpu, 4->5->2 MB, 5 MB goal, 0 MB stacks, 0 MB globals, 20 P
gc 4824 @10.827s 6%: 0.080+0.36+0.061 ms clock, 1.6+0.18/0.73/0.007+1.2 ms cpu, 4->5->2 MB, 5 MB goal, 0 MB stacks, 0 MB globals, 20 P
gc 4825 @10.828s 6%: 0.067+0.39+0.080 ms clock, 1.3+0.40/0.81/0+1.6 ms cpu, 4->5->2 MB, 4 MB goal, 0 MB stacks, 0 MB globals, 20 P
gc 4826 @10.830s 6%: 0.087+0.46+0.067 ms clock, 1.7+0.28/0.84/0.015+1.3 ms cpu, 4->5->2 MB, 5 MB goal, 0 MB stacks, 0 MB globals, 20 P
gc 4827 @10.831s 6%: 0.068+0.56+0.052 ms clock, 1.3+0.27/0.77/0+1.0 ms cpu, 4->5->2 MB, 5 MB goal, 0 MB stacks, 0 MB globals, 20 P
gc 4828 @10.833s 6%: 0.066+0.73+0.072 ms clock, 1.3+0.27/0.69/0.019+1.4 ms cpu, 4->6->2 MB, 5 MB goal, 0 MB stacks, 0 MB globals, 20 P
gc 4829 @10.835s 6%: 0.063+0.33+0.048 ms clock, 1.2+0.26/0.64/0.002+0.96 ms cpu, 5->5->2 MB, 6 MB goal, 0 MB stacks, 0 MB globals, 20 P
gc 4830 @10.836s 6%: 0.090+0.42+0.081 ms clock, 1.8+0.31/0.58/0.055+1.6 ms cpu, 4->4->2 MB, 4 MB goal, 0 MB stacks, 0 MB globals, 20 P
gc 4831 @10.837s 6%: 0.085+0.40+0.070 ms clock, 1.7+0.20/0.60/0.055+1.4 ms cpu, 4->5->2 MB, 4 MB goal, 0 MB stacks, 0 MB globals, 20 P
gc 4832 @10.838s 6%: 0.085+0.51+0.014 ms clock, 1.7+0.32/0.67/0+0.28 ms cpu, 4->5->2 MB, 5 MB goal, 0 MB stacks, 0 MB globals, 20 P
gc 4833 @10.840s 6%: 0.070+0.47+0.062 ms clock, 1.4+0.33/0.76/0.057+1.2 ms cpu, 4->5->2 MB, 4 MB goal, 0 MB stacks, 0 MB globals, 20 P
gc 4834 @10.841s 6%: 0.035+0.36+0.045 ms clock, 0.71+0.36/0.67/0.048+0.91 ms cpu, 4->5->2 MB, 4 MB goal, 0 MB stacks, 0 MB globals, 20 P
gc 4835 @10.843s 6%: 0.10+0.40+0.073 ms clock, 2.1+0.39/0.70/0+1.4 ms cpu, 4->5->2 MB, 4 MB goal, 0 MB stacks, 0 MB globals, 20 P
gc 4836 @10.844s 6%: 0.035+0.54+0.075 ms clock, 0.70+0.34/0.68/0+1.5 ms cpu, 4->5->2 MB, 5 MB goal, 0 MB stacks, 0 MB globals, 20 P
gc 4837 @10.845s 6%: 0.089+0.24+0.021 ms clock, 1.7+0.34/0.63/0+0.43 ms cpu, 4->5->2 MB, 5 MB goal, 0 MB stacks, 0 MB globals, 20 P
gc 4838 @10.846s 6%: 0.066+0.35+0.046 ms clock, 1.3+0.31/0.70/0+0.92 ms cpu, 3->4->2 MB, 4 MB goal, 0 MB stacks, 0 MB globals, 20 P
gc 4839 @10.848s 6%: 0.067+0.44+0.068 ms clock, 1.3+0.26/0.65/0.10+1.3 ms cpu, 4->5->2 MB, 4 MB goal, 0 MB stacks, 0 MB globals, 20 P
gc 4840 @10.849s 6%: 0.065+0.36+0.040 ms clock, 1.3+0.24/0.68/0.009+0.81 ms cpu, 4->5->2 MB, 5 MB goal, 0 MB stacks, 0 MB globals, 20 P
gc 4841 @10.850s 6%: 0.061+0.85+0.015 ms clock, 1.2+0.27/0.87/0.055+0.31 ms cpu, 4->5->2 MB, 4 MB goal, 0 MB stacks, 0 MB globals, 20 P
gc 4842 @10.852s 6%: 0.088+0.26+0.061 ms clock, 1.7+0.34/0.57/0.039+1.2 ms cpu, 5->5->2 MB, 6 MB goal, 0 MB stacks, 0 MB globals, 20 P
gc 4843 @10.853s 6%: 0.072+0.34+0.066 ms clock, 1.4+0.32/0.64/0+1.3 ms cpu, 3->4->2 MB, 4 MB goal, 0 MB stacks, 0 MB globals, 20 P
gc 4844 @10.855s 6%: 0.074+0.47+0.075 ms clock, 1.4+0.28/0.83/0+1.5 ms cpu, 4->5->2 MB, 4 MB goal, 0 MB stacks, 0 MB globals, 20 P
gc 4845 @10.856s 6%: 0.066+0.35+0.050 ms clock, 1.3+0.18/0.58/0.034+1.0 ms cpu, 4->5->2 MB, 5 MB goal, 0 MB stacks, 0 MB globals, 20 P
gc 4846 @10.858s 6%: 0.078+0.35+0.036 ms clock, 1.5+0.32/0.69/0.004+0.73 ms cpu, 4->5->2 MB, 4 MB goal, 0 MB stacks, 0 MB globals, 20 P
gc 4847 @10.859s 6%: 0.081+0.32+0.090 ms clock, 1.6+0.29/0.72/0+1.8 ms cpu, 4->4->2 MB, 4 MB goal, 0 MB stacks, 0 MB globals, 20 P
gc 4848 @10.860s 6%: 0.057+0.59+0.031 ms clock, 1.1+0.40/0.68/0.018+0.62 ms cpu, 4->5->2 MB, 5 MB goal, 0 MB stacks, 0 MB globals, 20 P
gc 4849 @10.862s 6%: 0.084+0.47+0.050 ms clock, 1.6+0.33/0.58/0.016+1.0 ms cpu, 4->5->2 MB, 5 MB goal, 0 MB stacks, 0 MB globals, 20 P
gc 4850 @10.863s 6%: 0.042+0.30+0.018 ms clock, 0.84+0.29/0.64/0.005+0.36 ms cpu, 4->5->2 MB, 5 MB goal, 0 MB stacks, 0 MB globals, 20 P
gc 4851 @10.864s 6%: 0.031+0.28+0.057 ms clock, 0.62+0.49/0.63/0+1.1 ms cpu, 3->4->2 MB, 4 MB goal, 0 MB stacks, 0 MB globals, 20 P
gc 4852 @10.866s 6%: 0.075+0.49+0.013 ms clock, 1.5+0.28/0.60/0.072+0.27 ms cpu, 4->4->2 MB, 4 MB goal, 0 MB stacks, 0 MB globals, 20 P
gc 4853 @10.867s 6%: 0.066+0.45+0.036 ms clock, 1.3+0.25/0.75/0+0.72 ms cpu, 4->5->2 MB, 4 MB goal, 0 MB stacks, 0 MB globals, 20 P
gc 4854 @10.868s 6%: 0.069+0.38+0.026 ms clock, 1.3+0.30/0.56/0.012+0.52 ms cpu, 4->5->2 MB, 5 MB goal, 0 MB stacks, 0 MB globals, 20 P
gc 4855 @10.869s 6%: 0.035+0.45+0.067 ms clock, 0.71+0.45/0.63/0.007+1.3 ms cpu, 4->5->2 MB, 5 MB goal, 0 MB stacks, 0 MB globals, 20 P
gc 4856 @10.871s 6%: 0.061+0.62+0.023 ms clock, 1.2+0.27/0.59/0+0.47 ms cpu, 4->5->2 MB, 5 MB goal, 0 MB stacks, 0 MB globals, 20 P
gc 4857 @10.872s 6%: 0.029+0.40+0.059 ms clock, 0.59+0.32/0.55/0.097+1.1 ms cpu, 4->5->2 MB, 5 MB goal, 0 MB stacks, 0 MB globals, 20 P
gc 4858 @10.873s 6%: 0.037+0.48+0.046 ms clock, 0.74+0.26/0.68/0+0.93 ms cpu, 4->5->2 MB, 5 MB goal, 0 MB stacks, 0 MB globals, 20 P
gc 4859 @10.875s 6%: 0.042+0.33+0.011 ms clock, 0.85+0.28/0.66/0.024+0.22 ms cpu, 4->4->2 MB, 5 MB goal, 0 MB stacks, 0 MB globals, 20 P
gc 4860 @10.876s 6%: 0.085+0.44+0.009 ms clock, 1.7+0.38/0.60/0.010+0.18 ms cpu, 3->4->2 MB, 4 MB goal, 0 MB stacks, 0 MB globals, 20 P
gc 4861 @10.877s 6%: 0.028+0.40+0.068 ms clock, 0.57+0.23/0.60/0+1.3 ms cpu, 3->5->2 MB, 4 MB goal, 0 MB stacks, 0 MB globals, 20 P
gc 4862 @10.879s 6%: 0.075+0.36+0.025 ms clock, 1.5+0.34/0.54/0.034+0.50 ms cpu, 4->5->2 MB, 5 MB goal, 0 MB stacks, 0 MB globals, 20 P
gc 4863 @10.880s 6%: 0.065+0.33+0.061 ms clock, 1.3+0.31/0.65/0.030+1.2 ms cpu, 4->4->2 MB, 5 MB goal, 0 MB stacks, 0 MB globals, 20 P
gc 4864 @10.881s 6%: 0.10+0.39+0.022 ms clock, 2.1+0.47/0.79/0.035+0.45 ms cpu, 3->4->2 MB, 4 MB goal, 0 MB stacks, 0 MB globals, 20 P
gc 4865 @10.883s 6%: 0.089+0.34+0.041 ms clock, 1.7+0.28/0.56/0.057+0.83 ms cpu, 4->4->2 MB, 5 MB goal, 0 MB stacks, 0 MB globals, 20 P
gc 4866 @10.884s 6%: 0.063+0.66+0.050 ms clock, 1.2+0.40/0.71/0.002+1.0 ms cpu, 4->5->2 MB, 4 MB goal, 0 MB stacks, 0 MB globals, 20 P
gc 4867 @10.885s 6%: 0.054+0.26+0.038 ms clock, 1.0+0.34/0.60/0.008+0.76 ms cpu, 4->4->2 MB, 5 MB goal, 0 MB stacks, 0 MB globals, 20 P
gc 4868 @10.886s 6%: 0.021+0.28+0.012 ms clock, 0.42+0.19/0.62/0.002+0.25 ms cpu, 3->4->1 MB, 4 MB goal, 0 MB stacks, 0 MB globals, 20 P
gc 4869 @10.887s 6%: 0.078+0.38+0.009 ms clock, 1.5+0.40/0.74/0.006+0.18 ms cpu, 3->4->2 MB, 4 MB goal, 0 MB stacks, 0 MB globals, 20 P
gc 4870 @10.888s 6%: 0.11+0.41+0.070 ms clock, 2.2+0.32/0.61/0.010+1.4 ms cpu, 4->5->2 MB, 4 MB goal, 0 MB stacks, 0 MB globals, 20 P
gc 4871 @10.889s 6%: 0.077+0.34+0.069 ms clock, 1.5+0.25/0.56/0.044+1.3 ms cpu, 4->5->2 MB, 5 MB goal, 0 MB stacks, 0 MB globals, 20 P
gc 4872 @10.891s 6%: 0.057+0.27+0.10 ms clock, 1.1+0.28/0.72/0.13+2.0 ms cpu, 4->4->2 MB, 4 MB goal, 0 MB stacks, 0 MB globals, 20 P
gc 4873 @10.891s 6%: 0.055+0.52+0.011 ms clock, 1.1+0.30/0.86/0.010+0.22 ms cpu, 3->4->2 MB, 4 MB goal, 0 MB stacks, 0 MB globals, 20 P
gc 4874 @10.893s 6%: 0.077+0.40+0.032 ms clock, 1.5+0.19/0.63/0.032+0.65 ms cpu, 4->5->2 MB, 5 MB goal, 0 MB stacks, 0 MB globals, 20 P
gc 4875 @10.894s 6%: 0.034+0.48+0.066 ms clock, 0.68+0.27/0.63/0.18+1.3 ms cpu, 4->5->2 MB, 5 MB goal, 0 MB stacks, 0 MB globals, 20 P
gc 4876 @10.896s 6%: 0.080+0.29+0.063 ms clock, 1.6+0.35/0.66/0+1.2 ms cpu, 4->4->2 MB, 5 MB goal, 0 MB stacks, 0 MB globals, 20 P
gc 4877 @10.897s 6%: 0.031+0.45+0.064 ms clock, 0.63+0.11/0.91/0.011+1.2 ms cpu, 3->4->2 MB, 4 MB goal, 0 MB stacks, 0 MB globals, 20 P
gc 4878 @10.899s 6%: 0.056+0.54+0.014 ms clock, 1.1+0.34/0.63/0.029+0.29 ms cpu, 4->5->2 MB, 4 MB goal, 0 MB stacks, 0 MB globals, 20 P
gc 4879 @10.900s 6%: 0.072+0.40+0.10 ms clock, 1.4+0.35/0.57/0.054+2.0 ms cpu, 4->5->2 MB, 5 MB goal, 0 MB stacks, 0 MB globals, 20 P
gc 4880 @10.901s 6%: 0.078+0.53+0.037 ms clock, 1.5+0.38/0.59/0.062+0.75 ms cpu, 4->5->2 MB, 4 MB goal, 0 MB stacks, 0 MB globals, 20 P
gc 4881 @10.903s 6%: 0.065+0.33+0.044 ms clock, 1.3+0.34/0.57/0.018+0.89 ms cpu, 4->5->2 MB, 5 MB goal, 0 MB stacks, 0 MB globals, 20 P
gc 4882 @10.904s 6%: 0.047+0.47+0.026 ms clock, 0.95+0.29/0.79/0.002+0.53 ms cpu, 4->5->2 MB, 4 MB goal, 0 MB stacks, 0 MB globals, 20 P
gc 4883 @10.905s 6%: 0.081+0.36+0.074 ms clock, 1.6+0.30/0.69/0.020+1.4 ms cpu, 4->5->2 MB, 4 MB goal, 0 MB stacks, 0 MB globals, 20 P
gc 4884 @10.907s 6%: 0.074+0.33+0.068 ms clock, 1.4+0.42/0.79/0.004+1.3 ms cpu, 4->5->2 MB, 5 MB goal, 0 MB stacks, 0 MB globals, 20 P
gc 4885 @10.908s 6%: 0.031+0.47+0.029 ms clock, 0.62+0.31/0.85/0.011+0.58 ms cpu, 4->5->2 MB, 4 MB goal, 0 MB stacks, 0 MB globals, 20 P
gc 4886 @10.910s 6%: 0.082+0.47+0.051 ms clock, 1.6+0.30/0.81/0.001+1.0 ms cpu, 4->5->2 MB, 5 MB goal, 0 MB stacks, 0 MB globals, 20 P
gc 4887 @10.911s 6%: 0.070+0.40+0.074 ms clock, 1.4+0.26/0.63/0.083+1.4 ms cpu, 4->5->2 MB, 5 MB goal, 0 MB stacks, 0 MB globals, 20 P
gc 4888 @10.913s 6%: 0.078+0.33+0.004 ms clock, 1.5+0.42/0.66/0.001+0.087 ms cpu, 4->5->2 MB, 5 MB goal, 0 MB stacks, 0 MB globals, 20 P
gc 4889 @10.914s 6%: 0.074+0.32+0.049 ms clock, 1.4+0.39/0.63/0.018+0.98 ms cpu, 4->4->2 MB, 4 MB goal, 0 MB stacks, 0 MB globals, 20 P
gc 4890 @10.915s 6%: 0.065+0.38+0.049 ms clock, 1.3+0.27/0.68/0.039+0.99 ms cpu, 4->4->2 MB, 4 MB goal, 0 MB stacks, 0 MB globals, 20 P
gc 4891 @10.916s 6%: 0.049+0.27+0.076 ms clock, 0.99+0.27/0.58/0.014+1.5 ms cpu, 4->4->2 MB, 4 MB goal, 0 MB stacks, 0 MB globals, 20 P
gc 4892 @10.918s 6%: 0.058+0.54+0.065 ms clock, 1.1+0.30/0.68/0.013+1.3 ms cpu, 3->4->2 MB, 4 MB goal, 0 MB stacks, 0 MB globals, 20 P
gc 4893 @10.919s 6%: 0.037+0.43+0.058 ms clock, 0.74+0.33/0.64/0+1.1 ms cpu, 4->5->2 MB, 5 MB goal, 0 MB stacks, 0 MB globals, 20 P
gc 4894 @10.920s 6%: 0.069+0.53+0.079 ms clock, 1.3+0.32/0.81/0.054+1.5 ms cpu, 4->5->2 MB, 4 MB goal, 0 MB stacks, 0 MB globals, 20 P
gc 4895 @10.922s 6%: 0.073+0.48+0.022 ms clock, 1.4+0.29/0.54/0.17+0.45 ms cpu, 4->5->2 MB, 5 MB goal, 0 MB stacks, 0 MB globals, 20 P
gc 4896 @10.923s 6%: 0.078+0.44+0.080 ms clock, 1.5+0.34/0.61/0.022+1.6 ms cpu, 4->5->2 MB, 4 MB goal, 0 MB stacks, 0 MB globals, 20 P
gc 4897 @10.924s 6%: 0.051+0.60+0.068 ms clock, 1.0+0.40/0.78/0.009+1.3 ms cpu, 4->5->2 MB, 5 MB goal, 0 MB stacks, 0 MB globals, 20 P
gc 4898 @10.926s 6%: 0.097+0.41+0.081 ms clock, 1.9+0.091/0.63/0.014+1.6 ms cpu, 4->5->2 MB, 5 MB goal, 0 MB stacks, 0 MB globals, 20 P
gc 4899 @10.927s 6%: 0.070+0.30+0.077 ms clock, 1.4+0.40/0.56/0.046+1.5 ms cpu, 4->4->2 MB, 5 MB goal, 0 MB stacks, 0 MB globals, 20 P
gc 4900 @10.928s 6%: 0.038+0.47+0.098 ms clock, 0.76+0.16/0.77/0.055+1.9 ms cpu, 4->5->2 MB, 4 MB goal, 0 MB stacks, 0 MB globals, 20 P
gc 4901 @10.929s 6%: 0.072+0.29+0.060 ms clock, 1.4+0.30/0.57/0.017+1.2 ms cpu, 4->5->2 MB, 5 MB goal, 0 MB stacks, 0 MB globals, 20 P
gc 4902 @10.931s 6%: 0.063+0.54+0.046 ms clock, 1.2+0.29/0.73/0.033+0.93 ms cpu, 4->5->2 MB, 4 MB goal, 0 MB stacks, 0 MB globals, 20 P
gc 4903 @10.932s 6%: 0.034+0.33+0.072 ms clock, 0.68+0.31/0.54/0.059+1.4 ms cpu, 4->5->2 MB, 5 MB goal, 0 MB stacks, 0 MB globals, 20 P
gc 4904 @10.933s 6%: 0.071+0.53+0.054 ms clock, 1.4+0.22/0.66/0.016+1.0 ms cpu, 3->4->2 MB, 4 MB goal, 0 MB stacks, 0 MB globals, 20 P
gc 4905 @10.935s 6%: 0.067+0.41+0.065 ms clock, 1.3+0.48/0.70/0+1.3 ms cpu, 4->5->2 MB, 5 MB goal, 0 MB stacks, 0 MB globals, 20 P
gc 4906 @10.936s 6%: 0.035+0.37+0.074 ms clock, 0.71+0.27/0.57/0.056+1.4 ms cpu, 4->5->2 MB, 5 MB goal, 0 MB stacks, 0 MB globals, 20 P
gc 4907 @10.937s 6%: 0.078+0.38+0.076 ms clock, 1.5+0.47/0.65/0.025+1.5 ms cpu, 3->4->2 MB, 4 MB goal, 0 MB stacks, 0 MB globals, 20 P
gc 4908 @10.939s 6%: 0.066+0.47+0.076 ms clock, 1.3+0.25/0.63/0.011+1.5 ms cpu, 4->5->2 MB, 5 MB goal, 0 MB stacks, 0 MB globals, 20 P
gc 4909 @10.940s 6%: 0.10+0.39+0.088 ms clock, 2.0+0.33/0.60/0+1.7 ms cpu, 4->5->2 MB, 5 MB goal, 0 MB stacks, 0 MB globals, 20 P
gc 4910 @10.941s 6%: 0.041+0.49+0.063 ms clock, 0.82+0.22/0.65/0+1.2 ms cpu, 4->5->2 MB, 5 MB goal, 0 MB stacks, 0 MB globals, 20 P
gc 4911 @10.943s 6%: 0.067+0.57+0.065 ms clock, 1.3+0.26/0.63/0.014+1.3 ms cpu, 4->5->2 MB, 5 MB goal, 0 MB stacks, 0 MB globals, 20 P
gc 4912 @10.944s 6%: 0.10+0.46+0.044 ms clock, 2.1+0.30/0.76/0.004+0.89 ms cpu, 4->5->2 MB, 5 MB goal, 0 MB stacks, 0 MB globals, 20 P
gc 4913 @10.946s 6%: 0.076+0.30+0.042 ms clock, 1.5+0.27/0.60/0+0.84 ms cpu, 4->5->2 MB, 5 MB goal, 0 MB stacks, 0 MB globals, 20 P
gc 4914 @10.947s 6%: 0.023+0.43+0.064 ms clock, 0.46+0.28/0.72/0.099+1.2 ms cpu, 3->5->2 MB, 4 MB goal, 0 MB stacks, 0 MB globals, 20 P
gc 4915 @10.948s 6%: 0.084+0.39+0.054 ms clock, 1.6+0.24/0.72/0+1.0 ms cpu, 4->5->2 MB, 5 MB goal, 0 MB stacks, 0 MB globals, 20 P
gc 4916 @10.949s 6%: 0.074+0.44+0.018 ms clock, 1.4+0.17/0.59/0+0.37 ms cpu, 4->4->2 MB, 4 MB goal, 0 MB stacks, 0 MB globals, 20 P
gc 4917 @10.951s 6%: 0.070+0.32+0.023 ms clock, 1.4+0.36/0.73/0+0.46 ms cpu, 4->4->2 MB, 5 MB goal, 0 MB stacks, 0 MB globals, 20 P
gc 4918 @10.952s 6%: 0.10+0.43+0.071 ms clock, 2.0+0.37/0.79/0+1.4 ms cpu, 3->4->2 MB, 4 MB goal, 0 MB stacks, 0 MB globals, 20 P
gc 4919 @10.953s 6%: 0.067+0.45+0.059 ms clock, 1.3+0.34/0.69/0+1.1 ms cpu, 4->5->2 MB, 5 MB goal, 0 MB stacks, 0 MB globals, 20 P
gc 4920 @10.955s 6%: 0.062+0.39+0.052 ms clock, 1.2+0.42/0.53/0.039+1.0 ms cpu, 4->5->2 MB, 5 MB goal, 0 MB stacks, 0 MB globals, 20 P
gc 4921 @10.956s 6%: 0.083+0.25+0.029 ms clock, 1.6+0.46/0.64/0.016+0.58 ms cpu, 4->5->2 MB, 5 MB goal, 0 MB stacks, 0 MB globals, 20 P
gc 4922 @10.957s 6%: 0.059+0.48+0.070 ms clock, 1.1+0.35/0.71/0.045+1.4 ms cpu, 3->4->2 MB, 4 MB goal, 0 MB stacks, 0 MB globals, 20 P
gc 4923 @10.958s 6%: 0.099+0.30+0.028 ms clock, 1.9+0.26/0.63/0.016+0.57 ms cpu, 4->5->2 MB, 5 MB goal, 0 MB stacks, 0 MB globals, 20 P
gc 4924 @10.960s 6%: 0.033+0.28+0.061 ms clock, 0.67+0.34/0.71/0.011+1.2 ms cpu, 4->5->2 MB, 4 MB goal, 0 MB stacks, 0 MB globals, 20 P
gc 4925 @10.961s 6%: 0.067+0.42+0.017 ms clock, 1.3+0.30/0.67/0+0.34 ms cpu, 4->5->2 MB, 4 MB goal, 0 MB stacks, 0 MB globals, 20 P
gc 4926 @10.962s 6%: 0.049+0.35+0.033 ms clock, 0.98+0.43/0.58/0.092+0.66 ms cpu, 4->5->2 MB, 5 MB goal, 0 MB stacks, 0 MB globals, 20 P
gc 4927 @10.963s 6%: 0.060+0.35+0.042 ms clock, 1.2+0.38/0.54/0.065+0.85 ms cpu, 4->4->2 MB, 5 MB goal, 0 MB stacks, 0 MB globals, 20 P
gc 4928 @10.965s 6%: 0.084+0.57+0.006 ms clock, 1.6+0.32/0.77/0.020+0.13 ms cpu, 4->5->2 MB, 4 MB goal, 0 MB stacks, 0 MB globals, 20 P
gc 4929 @10.966s 6%: 0.13+0.43+0.038 ms clock, 2.7+0.30/0.62/0.050+0.76 ms cpu, 4->5->2 MB, 5 MB goal, 0 MB stacks, 0 MB globals, 20 P
gc 4930 @10.968s 6%: 0.038+0.54+0.085 ms clock, 0.77+0.29/0.67/0+1.7 ms cpu, 4->5->2 MB, 5 MB goal, 0 MB stacks, 0 MB globals, 20 P
gc 4931 @10.969s 6%: 0.079+0.38+0.043 ms clock, 1.5+0.32/0.57/0.021+0.86 ms cpu, 4->5->2 MB, 5 MB goal, 0 MB stacks, 0 MB globals, 20 P
gc 4932 @10.971s 6%: 0.037+0.50+0.015 ms clock, 0.74+0.39/0.66/0.001+0.31 ms cpu, 4->5->2 MB, 5 MB goal, 0 MB stacks, 0 MB globals, 20 P
gc 4933 @10.972s 6%: 0.067+0.38+0.088 ms clock, 1.3+0.41/0.60/0.012+1.7 ms cpu, 4->5->2 MB, 5 MB goal, 0 MB stacks, 0 MB globals, 20 P
gc 4934 @10.973s 6%: 0.067+0.34+0.068 ms clock, 1.3+0.36/0.73/0+1.3 ms cpu, 4->4->2 MB, 4 MB goal, 0 MB stacks, 0 MB globals, 20 P
gc 4935 @10.975s 6%: 0.086+0.44+0.010 ms clock, 1.7+0.28/0.80/0.013+0.21 ms cpu, 4->5->2 MB, 4 MB goal, 0 MB stacks, 0 MB globals, 20 P
gc 4936 @10.976s 6%: 0.078+0.39+0.032 ms clock, 1.5+0.39/0.62/0+0.65 ms cpu, 4->5->2 MB, 5 MB goal, 0 MB stacks, 0 MB globals, 20 P
gc 4937 @10.977s 6%: 0.059+0.37+0.034 ms clock, 1.1+0.32/0.66/0.017+0.69 ms cpu, 4->5->2 MB, 5 MB goal, 0 MB stacks, 0 MB globals, 20 P
gc 4938 @10.979s 6%: 0.021+0.43+0.071 ms clock, 0.43+0.048/0.72/0.30+1.4 ms cpu, 3->4->2 MB, 4 MB goal, 0 MB stacks, 0 MB globals, 20 P
gc 4939 @10.980s 6%: 0.071+0.37+0.070 ms clock, 1.4+0.22/0.66/0.027+1.4 ms cpu, 4->5->2 MB, 5 MB goal, 0 MB stacks, 0 MB globals, 20 P
gc 4940 @10.981s 6%: 0.072+0.27+0.062 ms clock, 1.4+0.22/0.65/0.005+1.2 ms cpu, 4->5->2 MB, 5 MB goal, 0 MB stacks, 0 MB globals, 20 P
gc 4941 @10.982s 6%: 0.059+0.37+0.072 ms clock, 1.1+0.21/0.84/0+1.4 ms cpu, 3->4->2 MB, 4 MB goal, 0 MB stacks, 0 MB globals, 20 P
gc 4942 @10.983s 6%: 0.080+0.49+0.085 ms clock, 1.6+0.44/0.70/0+1.7 ms cpu, 3->5->2 MB, 4 MB goal, 0 MB stacks, 0 MB globals, 20 P
gc 4943 @10.985s 6%: 0.10+0.38+0.024 ms clock, 2.0+0.35/0.52/0+0.49 ms cpu, 4->5->2 MB, 5 MB goal, 0 MB stacks, 0 MB globals, 20 P
gc 4944 @10.987s 6%: 0.091+0.76+0.022 ms clock, 1.8+0.35/0.69/0+0.45 ms cpu, 4->5->2 MB, 5 MB goal, 0 MB stacks, 0 MB globals, 20 P
gc 4945 @10.988s 6%: 0.068+0.52+0.016 ms clock, 1.3+0.22/0.71/0+0.32 ms cpu, 4->6->2 MB, 5 MB goal, 0 MB stacks, 0 MB globals, 20 P
gc 4946 @10.990s 6%: 0.10+0.26+0.095 ms clock, 2.0+0.33/0.54/0.055+1.9 ms cpu, 4->5->2 MB, 5 MB goal, 0 MB stacks, 0 MB globals, 20 P
gc 4947 @10.991s 6%: 0.063+0.76+0.023 ms clock, 1.2+0.35/0.73/0+0.46 ms cpu, 4->5->2 MB, 4 MB goal, 0 MB stacks, 0 MB globals, 20 P
gc 4948 @10.992s 6%: 0.046+0.26+0.013 ms clock, 0.93+0.25/0.56/0.047+0.27 ms cpu, 4->5->1 MB, 5 MB goal, 0 MB stacks, 0 MB globals, 20 P
gc 4949 @10.994s 6%: 0.082+0.56+0.046 ms clock, 1.6+0.35/0.69/0.048+0.92 ms cpu, 3->5->2 MB, 4 MB goal, 0 MB stacks, 0 MB globals, 20 P
gc 4950 @10.995s 6%: 0.055+0.40+0.062 ms clock, 1.1+0.26/0.67/0.017+1.2 ms cpu, 4->5->2 MB, 5 MB goal, 0 MB stacks, 0 MB globals, 20 P
gc 4951 @10.997s 6%: 0.062+0.41+0.023 ms clock, 1.2+0.44/0.54/0.032+0.47 ms cpu, 4->5->2 MB, 4 MB goal, 0 MB stacks, 0 MB globals, 20 P
gc 4952 @10.998s 6%: 0.060+0.53+0.063 ms clock, 1.2+0.28/0.75/0.038+1.2 ms cpu, 4->5->2 MB, 5 MB goal, 0 MB stacks, 0 MB globals, 20 P
gc 4953 @11.000s 6%: 0.054+0.45+0.067 ms clock, 1.0+0.31/0.73/0.023+1.3 ms cpu, 4->5->2 MB, 5 MB goal, 0 MB stacks, 0 MB globals, 20 P
gc 4954 @11.001s 6%: 0.023+0.40+0.037 ms clock, 0.46+0.18/0.68/0.029+0.75 ms cpu, 4->5->2 MB, 5 MB goal, 0 MB stacks, 0 MB globals, 20 P
gc 4955 @11.002s 6%: 0.043+0.42+0.050 ms clock, 0.86+0.44/0.64/0.020+1.0 ms cpu, 3->4->2 MB, 4 MB goal, 0 MB stacks, 0 MB globals, 20 P
gc 4956 @11.004s 6%: 0.025+0.25+0.050 ms clock, 0.50+0.31/0.66/0.002+1.0 ms cpu, 4->4->2 MB, 4 MB goal, 0 MB stacks, 0 MB globals, 20 P
gc 4957 @11.005s 6%: 0.058+0.35+0.059 ms clock, 1.1+0.40/0.55/0.014+1.1 ms cpu, 3->4->2 MB, 4 MB goal, 0 MB stacks, 0 MB globals, 20 P
gc 4958 @11.006s 6%: 0.083+0.43+0.053 ms clock, 1.6+0.29/0.70/0.008+1.0 ms cpu, 4->5->2 MB, 4 MB goal, 0 MB stacks, 0 MB globals, 20 P
gc 4959 @11.007s 6%: 0.077+0.35+0.070 ms clock, 1.5+0.39/0.60/0.001+1.4 ms cpu, 4->5->2 MB, 5 MB goal, 0 MB stacks, 0 MB globals, 20 P
gc 4960 @11.008s 6%: 0.086+0.30+0.067 ms clock, 1.7+0.34/0.72/0.001+1.3 ms cpu, 4->4->2 MB, 5 MB goal, 0 MB stacks, 0 MB globals, 20 P
gc 4961 @11.010s 6%: 0.083+0.30+0.013 ms clock, 1.6+0.40/0.64/0.003+0.27 ms cpu, 3->4->2 MB, 4 MB goal, 0 MB stacks, 0 MB globals, 20 P
gc 4962 @11.011s 6%: 0.077+0.52+0.075 ms clock, 1.5+0.27/0.69/0.059+1.5 ms cpu, 3->4->2 MB, 4 MB goal, 0 MB stacks, 0 MB globals, 20 P
gc 4963 @11.012s 6%: 0.057+0.37+0.073 ms clock, 1.1+0.26/0.69/0.024+1.4 ms cpu, 4->5->2 MB, 5 MB goal, 0 MB stacks, 0 MB globals, 20 P
gc 4964 @11.013s 6%: 0.080+0.27+0.061 ms clock, 1.6+0.26/0.62/0+1.2 ms cpu, 4->5->2 MB, 5 MB goal, 0 MB stacks, 0 MB globals, 20 P
gc 4965 @11.014s 6%: 0.029+0.42+0.037 ms clock, 0.59+0.37/0.75/0.028+0.74 ms cpu, 3->4->2 MB, 4 MB goal, 0 MB stacks, 0 MB globals, 20 P
gc 4966 @11.016s 6%: 0.083+0.45+0.009 ms clock, 1.6+0.24/0.71/0+0.19 ms cpu, 4->5->2 MB, 5 MB goal, 0 MB stacks, 0 MB globals, 20 P
gc 4967 @11.017s 6%: 0.078+0.32+0.074 ms clock, 1.5+0.27/0.71/0.033+1.4 ms cpu, 4->4->2 MB, 4 MB goal, 0 MB stacks, 0 MB globals, 20 P
gc 4968 @11.018s 6%: 0.064+0.38+0.045 ms clock, 1.2+0.32/0.72/0.011+0.91 ms cpu, 4->5->2 MB, 4 MB goal, 0 MB stacks, 0 MB globals, 20 P
gc 4969 @11.020s 6%: 0.039+0.45+0.088 ms clock, 0.79+0.31/0.63/0.056+1.7 ms cpu, 4->5->2 MB, 5 MB goal, 0 MB stacks, 0 MB globals, 20 P
gc 4970 @11.022s 6%: 0.078+0.28+0.059 ms clock, 1.5+0.36/0.61/0+1.1 ms cpu, 4->5->2 MB, 5 MB goal, 0 MB stacks, 0 MB globals, 20 P
gc 4971 @11.023s 6%: 0.052+0.53+0.061 ms clock, 1.0+0.30/0.79/0.096+1.2 ms cpu, 4->5->2 MB, 4 MB goal, 0 MB stacks, 0 MB globals, 20 P
gc 4972 @11.024s 6%: 0.070+0.32+0.017 ms clock, 1.4+0.26/0.60/0.032+0.35 ms cpu, 4->5->2 MB, 5 MB goal, 0 MB stacks, 0 MB globals, 20 P
gc 4973 @11.025s 6%: 0.077+0.34+0.063 ms clock, 1.5+0.35/0.76/0.007+1.2 ms cpu, 4->4->2 MB, 4 MB goal, 0 MB stacks, 0 MB globals, 20 P
gc 4974 @11.027s 6%: 0.064+0.46+0.019 ms clock, 1.2+0.18/0.60/0.047+0.38 ms cpu, 3->4->2 MB, 4 MB goal, 0 MB stacks, 0 MB globals, 20 P
gc 4975 @11.028s 6%: 0.014+0.45+0.033 ms clock, 0.29+0.022/0.69/0.001+0.67 ms cpu, 4->4->2 MB, 4 MB goal, 0 MB stacks, 0 MB globals, 20 P
gc 4976 @11.029s 6%: 0.049+0.35+0.024 ms clock, 0.98+0.19/0.74/0+0.49 ms cpu, 3->4->2 MB, 4 MB goal, 0 MB stacks, 0 MB globals, 20 P
gc 4977 @11.031s 6%: 0.073+0.33+0.065 ms clock, 1.4+0.25/0.60/0.002+1.3 ms cpu, 3->5->2 MB, 4 MB goal, 0 MB stacks, 0 MB globals, 20 P
gc 4978 @11.032s 6%: 0.069+0.37+0.021 ms clock, 1.3+0.13/0.69/0.001+0.42 ms cpu, 4->5->2 MB, 5 MB goal, 0 MB stacks, 0 MB globals, 20 P
gc 4979 @11.034s 6%: 0.074+0.46+0.021 ms clock, 1.4+0.26/0.74/0+0.43 ms cpu, 4->5->2 MB, 5 MB goal, 0 MB stacks, 0 MB globals, 20 P
gc 4980 @11.035s 6%: 0.062+0.26+0.035 ms clock, 1.2+0.22/0.59/0.052+0.71 ms cpu, 4->5->2 MB, 5 MB goal, 0 MB stacks, 0 MB globals, 20 P
gc 4981 @11.036s 6%: 0.053+0.43+0.063 ms clock, 1.0+0.24/0.81/0+1.2 ms cpu, 3->4->2 MB, 4 MB goal, 0 MB stacks, 0 MB globals, 20 P
gc 4982 @11.038s 6%: 0.066+0.38+0.053 ms clock, 1.3+0.27/0.59/0.091+1.0 ms cpu, 4->5->2 MB, 4 MB goal, 0 MB stacks, 0 MB globals, 20 P
gc 4983 @11.039s 6%: 0.036+0.31+0.067 ms clock, 0.73+0.11/0.79/0.003+1.3 ms cpu, 4->5->2 MB, 4 MB goal, 0 MB stacks, 0 MB globals, 20 P
gc 4984 @11.040s 6%: 0.10+0.39+0.077 ms clock, 2.1+0.37/0.73/0.067+1.5 ms cpu, 3->4->2 MB, 4 MB goal, 0 MB stacks, 0 MB globals, 20 P
gc 4985 @11.042s 6%: 0.056+0.48+0.072 ms clock, 1.1+0.16/0.70/0.031+1.4 ms cpu, 4->5->2 MB, 4 MB goal, 0 MB stacks, 0 MB globals, 20 P
gc 4986 @11.043s 6%: 0.054+0.58+0.040 ms clock, 1.0+0.22/0.66/0.018+0.81 ms cpu, 4->5->2 MB, 5 MB goal, 0 MB stacks, 0 MB globals, 20 P
gc 4987 @11.045s 6%: 0.037+0.36+0.079 ms clock, 0.75+0.27/0.66/0.034+1.5 ms cpu, 4->5->2 MB, 5 MB goal, 0 MB stacks, 0 MB globals, 20 P
gc 4988 @11.046s 6%: 0.070+0.51+0.045 ms clock, 1.4+0.26/0.68/0+0.91 ms cpu, 4->5->2 MB, 4 MB goal, 0 MB stacks, 0 MB globals, 20 P
gc 4989 @11.047s 6%: 0.079+0.34+0.012 ms clock, 1.5+0.33/0.55/0+0.25 ms cpu, 4->5->2 MB, 5 MB goal, 0 MB stacks, 0 MB globals, 20 P
gc 4990 @11.049s 6%: 0.061+0.48+0.049 ms clock, 1.2+0.24/0.72/0+0.98 ms cpu, 4->5->2 MB, 5 MB goal, 0 MB stacks, 0 MB globals, 20 P
gc 4991 @11.050s 6%: 0.018+0.39+0.066 ms clock, 0.36+0.20/0.60/0.12+1.3 ms cpu, 4->5->2 MB, 5 MB goal, 0 MB stacks, 0 MB globals, 20 P
gc 4992 @11.051s 6%: 0.074+0.46+0.029 ms clock, 1.4+0.23/0.77/0+0.59 ms cpu, 4->5->2 MB, 4 MB goal, 0 MB stacks, 0 MB globals, 20 P
gc 4993 @11.053s 6%: 0.061+0.35+0.021 ms clock, 1.2+0.21/0.60/0+0.42 ms cpu, 4->5->2 MB, 5 MB goal, 0 MB stacks, 0 MB globals, 20 P
gc 4994 @11.054s 6%: 0.076+0.41+0.030 ms clock, 1.5+0.29/0.74/0.002+0.61 ms cpu, 4->5->2 MB, 5 MB goal, 0 MB stacks, 0 MB globals, 20 P
gc 4995 @11.055s 6%: 0.069+0.47+0.068 ms clock, 1.3+0.26/0.66/0.005+1.3 ms cpu, 4->5->2 MB, 5 MB goal, 0 MB stacks, 0 MB globals, 20 P
gc 4996 @11.057s 6%: 0.075+0.40+0.059 ms clock, 1.5+0.26/0.70/0+1.1 ms cpu, 4->5->2 MB, 5 MB goal, 0 MB stacks, 0 MB globals, 20 P
gc 4997 @11.058s 6%: 0.043+0.43+0.024 ms clock, 0.86+0.32/0.65/0.011+0.49 ms cpu, 4->5->2 MB, 5 MB goal, 0 MB stacks, 0 MB globals, 20 P
gc 4998 @11.060s 6%: 0.042+0.51+0.014 ms clock, 0.84+0.27/0.57/0.024+0.29 ms cpu, 4->5->2 MB, 5 MB goal, 0 MB stacks, 0 MB globals, 20 P
gc 4999 @11.061s 6%: 0.062+0.42+0.050 ms clock, 1.2+0.24/0.67/0.001+1.0 ms cpu, 4->5->2 MB, 5 MB goal, 0 MB stacks, 0 MB globals, 20 P
gc 5000 @11.062s 6%: 0.058+0.33+0.047 ms clock, 1.1+0.26/0.70/0.014+0.94 ms cpu, 4->5->2 MB, 5 MB goal, 0 MB stacks, 0 MB globals, 20 P
gc 5001 @11.064s 6%: 0.067+0.42+0.067 ms clock, 1.3+0.18/0.59/0.011+1.3 ms cpu, 4->5->2 MB, 4 MB goal, 0 MB stacks, 0 MB globals, 20 P
gc 5002 @11.065s 6%: 0.077+0.31+0.082 ms clock, 1.5+0.21/0.80/0+1.6 ms cpu, 4->4->2 MB, 5 MB goal, 0 MB stacks, 0 MB globals, 20 P
gc 5003 @11.066s 6%: 0.048+0.58+0.070 ms clock, 0.97+0.30/0.81/0.048+1.4 ms cpu, 4->4->2 MB, 4 MB goal, 0 MB stacks, 0 MB globals, 20 P
gc 5004 @11.068s 6%: 0.072+0.34+0.035 ms clock, 1.4+0.27/0.63/0.016+0.71 ms cpu, 4->5->2 MB, 5 MB goal, 0 MB stacks, 0 MB globals, 20 P
gc 5005 @11.069s 6%: 0.080+0.29+0.067 ms clock, 1.6+0.28/0.61/0.072+1.3 ms cpu, 4->4->2 MB, 4 MB goal, 0 MB stacks, 0 MB globals, 20 P
gc 5006 @11.070s 6%: 0.072+0.37+0.065 ms clock, 1.4+0.50/0.73/0+1.3 ms cpu, 3->4->2 MB, 4 MB goal, 0 MB stacks, 0 MB globals, 20 P
gc 5007 @11.071s 6%: 0.038+0.63+0.068 ms clock, 0.77+0.26/0.57/0.13+1.3 ms cpu, 4->5->2 MB, 4 MB goal, 0 MB stacks, 0 MB globals, 20 P
gc 5008 @11.072s 6%: 0.079+0.59+0.078 ms clock, 1.5+0.31/0.62/0.016+1.5 ms cpu, 4->5->2 MB, 5 MB goal, 0 MB stacks, 0 MB globals, 20 P
gc 5009 @11.074s 6%: 0.069+0.42+0.015 ms clock, 1.3+0.29/0.61/0.065+0.30 ms cpu, 4->5->2 MB, 5 MB goal, 0 MB stacks, 0 MB globals, 20 P
gc 5010 @11.076s 6%: 0.078+0.36+0.059 ms clock, 1.5+0.23/0.89/0+1.1 ms cpu, 4->5->2 MB, 4 MB goal, 0 MB stacks, 0 MB globals, 20 P
gc 5011 @11.077s 6%: 0.075+0.47+0.023 ms clock, 1.5+0.27/0.55/0.014+0.47 ms cpu, 4->5->2 MB, 4 MB goal, 0 MB stacks, 0 MB globals, 20 P
gc 5012 @11.078s 6%: 0.023+0.52+0.029 ms clock, 0.46+0.16/0.74/0.020+0.59 ms cpu, 4->5->2 MB, 4 MB goal, 0 MB stacks, 0 MB globals, 20 P
gc 5013 @11.080s 6%: 0.039+0.49+0.069 ms clock, 0.79+0.34/0.65/0+1.3 ms cpu, 4->5->2 MB, 5 MB goal, 0 MB stacks, 0 MB globals, 20 P
gc 5014 @11.081s 6%: 0.069+0.46+0.056 ms clock, 1.3+0.36/0.65/0+1.1 ms cpu, 4->5->2 MB, 5 MB goal, 0 MB stacks, 0 MB globals, 20 P
gc 5015 @11.082s 6%: 0.059+0.42+0.048 ms clock, 1.1+0.43/0.70/0.033+0.97 ms cpu, 4->5->2 MB, 5 MB goal, 0 MB stacks, 0 MB globals, 20 P
gc 5016 @11.084s 6%: 0.061+0.31+0.042 ms clock, 1.2+0.43/0.62/0.019+0.85 ms cpu, 4->5->2 MB, 5 MB goal, 0 MB stacks, 0 MB globals, 20 P
gc 5017 @11.085s 6%: 0.076+0.57+0.091 ms clock, 1.5+0.39/0.83/0.006+1.8 ms cpu, 4->5->2 MB, 5 MB goal, 0 MB stacks, 0 MB globals, 20 P
gc 5018 @11.087s 6%: 0.083+0.42+0.082 ms clock, 1.6+0.23/0.65/0.008+1.6 ms cpu, 4->5->2 MB, 5 MB goal, 0 MB stacks, 0 MB globals, 20 P
gc 5019 @11.088s 6%: 0.079+0.49+0.020 ms clock, 1.5+0.22/0.70/0+0.40 ms cpu, 4->5->2 MB, 5 MB goal, 0 MB stacks, 0 MB globals, 20 P
gc 5020 @11.089s 6%: 0.065+0.45+0.062 ms clock, 1.3+0.31/0.67/0.13+1.2 ms cpu, 4->5->2 MB, 5 MB goal, 0 MB stacks, 0 MB globals, 20 P
gc 5021 @11.091s 6%: 0.057+0.49+0.060 ms clock, 1.1+0.18/0.62/0.14+1.2 ms cpu, 4->5->2 MB, 5 MB goal, 0 MB stacks, 0 MB globals, 20 P
gc 5022 @11.092s 6%: 0.079+0.29+0.062 ms clock, 1.5+0.34/0.56/0.025+1.2 ms cpu, 4->5->2 MB, 5 MB goal, 0 MB stacks, 0 MB globals, 20 P
gc 5023 @11.093s 6%: 0.072+0.45+0.030 ms clock, 1.4+0.28/0.84/0.024+0.60 ms cpu, 4->5->2 MB, 4 MB goal, 0 MB stacks, 0 MB globals, 20 P
gc 5024 @11.095s 6%: 0.067+0.36+0.084 ms clock, 1.3+0.26/0.63/0+1.6 ms cpu, 4->5->2 MB, 5 MB goal, 0 MB stacks, 0 MB globals, 20 P
gc 5025 @11.096s 6%: 0.12+0.55+0.012 ms clock, 2.5+0.32/0.77/0+0.25 ms cpu, 4->5->2 MB, 4 MB goal, 0 MB stacks, 0 MB globals, 20 P
gc 5026 @11.098s 6%: 0.069+0.50+0.043 ms clock, 1.3+0.27/0.55/0.046+0.87 ms cpu, 4->5->2 MB, 5 MB goal, 0 MB stacks, 0 MB globals, 20 P
gc 5027 @11.099s 6%: 0.048+0.37+0.020 ms clock, 0.97+0.40/0.67/0.029+0.40 ms cpu, 4->5->2 MB, 5 MB goal, 0 MB stacks, 0 MB globals, 20 P
gc 5028 @11.100s 6%: 0.044+0.33+0.034 ms clock, 0.88+0.25/0.59/0.036+0.69 ms cpu, 4->5->2 MB, 5 MB goal, 0 MB stacks, 0 MB globals, 20 P
gc 5029 @11.102s 6%: 0.063+0.38+0.066 ms clock, 1.2+0.31/0.79/0.005+1.3 ms cpu, 3->4->2 MB, 4 MB goal, 0 MB stacks, 0 MB globals, 20 P
gc 5030 @11.103s 6%: 0.041+0.48+0.078 ms clock, 0.83+0.35/0.64/0.002+1.5 ms cpu, 4->5->2 MB, 4 MB goal, 0 MB stacks, 0 MB globals, 20 P
gc 5031 @11.104s 6%: 0.081+0.41+0.042 ms clock, 1.6+0.27/0.85/0.002+0.85 ms cpu, 4->5->2 MB, 5 MB goal, 0 MB stacks, 0 MB globals, 20 P
gc 5032 @11.105s 6%: 0.074+0.25+0.068 ms clock, 1.4+0.35/0.57/0+1.3 ms cpu, 4->5->2 MB, 5 MB goal, 0 MB stacks, 0 MB globals, 20 P
gc 5033 @11.107s 6%: 0.054+0.47+0.050 ms clock, 1.0+0.23/0.71/0+1.0 ms cpu, 3->4->2 MB, 4 MB goal, 0 MB stacks, 0 MB globals, 20 P
gc 5034 @11.108s 6%: 0.075+0.43+0.091 ms clock, 1.5+0.25/0.69/0.001+1.8 ms cpu, 4->4->2 MB, 4 MB goal, 0 MB stacks, 0 MB globals, 20 P
gc 5035 @11.109s 6%: 0.073+0.36+0.030 ms clock, 1.4+0.27/0.58/0.10+0.60 ms cpu, 4->4->2 MB, 4 MB goal, 0 MB stacks, 0 MB globals, 20 P
gc 5036 @11.110s 6%: 0.076+0.50+0.084 ms clock, 1.5+0.37/0.67/0.034+1.6 ms cpu, 3->4->2 MB, 4 MB goal, 0 MB stacks, 0 MB globals, 20 P
gc 5037 @11.112s 6%: 0.072+0.38+0.095 ms clock, 1.4+0.33/0.63/0+1.9 ms cpu, 4->5->2 MB, 4 MB goal, 0 MB stacks, 0 MB globals, 20 P
gc 5038 @11.113s 6%: 0.081+0.32+0.066 ms clock, 1.6+0.23/0.61/0+1.3 ms cpu, 4->4->2 MB, 5 MB goal, 0 MB stacks, 0 MB globals, 20 P
gc 5039 @11.114s 6%: 0.083+0.43+0.012 ms clock, 1.6+0.37/0.65/0+0.24 ms cpu, 3->4->2 MB, 4 MB goal, 0 MB stacks, 0 MB globals, 20 P
gc 5040 @11.116s 6%: 0.053+0.49+0.040 ms clock, 1.0+0.29/0.59/0.004+0.80 ms cpu, 4->5->2 MB, 5 MB goal, 0 MB stacks, 0 MB globals, 20 P
gc 5041 @11.117s 6%: 0.086+0.40+0.016 ms clock, 1.7+0.10/0.70/0+0.32 ms cpu, 4->5->2 MB, 5 MB goal, 0 MB stacks, 0 MB globals, 20 P
gc 5042 @11.118s 6%: 0.037+0.35+0.072 ms clock, 0.74+0.33/0.63/0.039+1.4 ms cpu, 4->5->2 MB, 4 MB goal, 0 MB stacks, 0 MB globals, 20 P
gc 5043 @11.119s 6%: 0.044+0.44+0.009 ms clock, 0.88+0.19/0.65/0+0.19 ms cpu, 4->4->2 MB, 4 MB goal, 0 MB stacks, 0 MB globals, 20 P
gc 5044 @11.120s 6%: 0.050+0.43+0.083 ms clock, 1.0+0.34/0.65/0.017+1.6 ms cpu, 4->4->2 MB, 4 MB goal, 0 MB stacks, 0 MB globals, 20 P
gc 5045 @11.122s 6%: 0.070+0.43+0.062 ms clock, 1.4+0.20/0.72/0.005+1.2 ms cpu, 3->4->2 MB, 4 MB goal, 0 MB stacks, 0 MB globals, 20 P
gc 5046 @11.123s 6%: 0.049+0.42+0.056 ms clock, 0.98+0.28/0.60/0.099+1.1 ms cpu, 4->4->2 MB, 4 MB goal, 0 MB stacks, 0 MB globals, 20 P
gc 5047 @11.124s 6%: 0.063+0.30+0.073 ms clock, 1.2+0.42/0.71/0.028+1.4 ms cpu, 4->4->2 MB, 4 MB goal, 0 MB stacks, 0 MB globals, 20 P
gc 5048 @11.125s 6%: 0.036+0.34+0.078 ms clock, 0.73+0.43/0.63/0.001+1.5 ms cpu, 4->4->2 MB, 4 MB goal, 0 MB stacks, 0 MB globals, 20 P
gc 5049 @11.126s 6%: 0.081+0.30+0.079 ms clock, 1.6+0.21/0.55/0.004+1.5 ms cpu, 4->4->2 MB, 4 MB goal, 0 MB stacks, 0 MB globals, 20 P
gc 5050 @11.127s 6%: 0.044+0.49+0.083 ms clock, 0.88+0.16/0.76/0+1.6 ms cpu, 4->4->2 MB, 4 MB goal, 0 MB stacks, 0 MB globals, 20 P
gc 5051 @11.129s 6%: 0.054+0.32+0.020 ms clock, 1.0+0.31/0.67/0.003+0.41 ms cpu, 4->4->2 MB, 5 MB goal, 0 MB stacks, 0 MB globals, 20 P
gc 5052 @11.130s 6%: 0.064+0.29+0.018 ms clock, 1.2+0.38/0.63/0.053+0.36 ms cpu, 3->4->1 MB, 4 MB goal, 0 MB stacks, 0 MB globals, 20 P
gc 5053 @11.130s 6%: 0.080+0.42+0.064 ms clock, 1.6+0.29/0.61/0.017+1.2 ms cpu, 3->4->2 MB, 4 MB goal, 0 MB stacks, 0 MB globals, 20 P
gc 5054 @11.132s 6%: 0.076+0.47+0.064 ms clock, 1.5+0.31/0.65/0.003+1.2 ms cpu, 4->5->2 MB, 5 MB goal, 0 MB stacks, 0 MB globals, 20 P
gc 5055 @11.133s 6%: 0.069+0.61+0.052 ms clock, 1.3+0.38/0.53/0.035+1.0 ms cpu, 4->6->2 MB, 5 MB goal, 0 MB stacks, 0 MB globals, 20 P
gc 5056 @11.135s 6%: 0.049+0.39+0.026 ms clock, 0.98+0.23/0.61/0.029+0.52 ms cpu, 4->5->2 MB, 5 MB goal, 0 MB stacks, 0 MB globals, 20 P
gc 5057 @11.136s 6%: 0.080+0.29+0.052 ms clock, 1.6+0.25/0.64/0.021+1.0 ms cpu, 3->4->1 MB, 4 MB goal, 0 MB stacks, 0 MB globals, 20 P
gc 5058 @11.138s 6%: 0.056+0.51+0.074 ms clock, 1.1+0.36/0.53/0.034+1.4 ms cpu, 3->4->2 MB, 4 MB goal, 0 MB stacks, 0 MB globals, 20 P
gc 5059 @11.139s 6%: 0.052+0.38+0.072 ms clock, 1.0+0.28/0.56/0.045+1.4 ms cpu, 4->4->2 MB, 4 MB goal, 0 MB stacks, 0 MB globals, 20 P
gc 5060 @11.140s 6%: 0.071+0.30+0.065 ms clock, 1.4+0.31/0.52/0.017+1.3 ms cpu, 4->4->2 MB, 4 MB goal, 0 MB stacks, 0 MB globals, 20 P
gc 5061 @11.141s 6%: 0.073+0.38+0.015 ms clock, 1.4+0.37/0.58/0+0.30 ms cpu, 4->5->2 MB, 4 MB goal, 0 MB stacks, 0 MB globals, 20 P
gc 5062 @11.143s 6%: 0.044+0.57+0.076 ms clock, 0.88+0.40/0.65/0.019+1.5 ms cpu, 4->5->2 MB, 4 MB goal, 0 MB stacks, 0 MB globals, 20 P
gc 5063 @11.144s 6%: 0.083+0.40+0.067 ms clock, 1.6+0.46/0.62/0.016+1.3 ms cpu, 4->5->2 MB, 5 MB goal, 0 MB stacks, 0 MB globals, 20 P
gc 5064 @11.145s 6%: 0.046+0.18+0.026 ms clock, 0.92+0.19/0.59/0.012+0.53 ms cpu, 4->4->1 MB, 5 MB goal, 0 MB stacks, 0 MB globals, 20 P
gc 5065 @11.146s 6%: 0.070+0.47+0.066 ms clock, 1.4+0.37/0.58/0.092+1.3 ms cpu, 3->4->2 MB, 4 MB goal, 0 MB stacks, 0 MB globals, 20 P
gc 5066 @11.148s 6%: 0.11+0.36+0.041 ms clock, 2.3+0.41/0.65/0.058+0.82 ms cpu, 4->5->2 MB, 5 MB goal, 0 MB stacks, 0 MB globals, 20 P
gc 5067 @11.149s 6%: 0.061+0.43+0.055 ms clock, 1.2+0.30/0.72/0.003+1.1 ms cpu, 4->5->2 MB, 4 MB goal, 0 MB stacks, 0 MB globals, 20 P
gc 5068 @11.150s 6%: 0.046+0.33+0.066 ms clock, 0.92+0.29/0.62/0+1.3 ms cpu, 4->4->2 MB, 5 MB goal, 0 MB stacks, 0 MB globals, 20 P
gc 5069 @11.151s 6%: 0.061+0.36+0.077 ms clock, 1.2+0.32/0.62/0.090+1.5 ms cpu, 3->4->2 MB, 4 MB goal, 0 MB stacks, 0 MB globals, 20 P
gc 5070 @11.153s 6%: 0.048+0.53+0.063 ms clock, 0.96+0.21/0.71/0.018+1.2 ms cpu, 4->5->2 MB, 4 MB goal, 0 MB stacks, 0 MB globals, 20 P
gc 5071 @11.155s 6%: 0.062+0.45+0.022 ms clock, 1.2+0.19/0.68/0.003+0.44 ms cpu, 4->5->2 MB, 5 MB goal, 0 MB stacks, 0 MB globals, 20 P
gc 5072 @11.156s 6%: 0.071+0.50+0.015 ms clock, 1.4+0.31/0.58/0.009+0.30 ms cpu, 4->5->2 MB, 5 MB goal, 0 MB stacks, 0 MB globals, 20 P
gc 5073 @11.157s 6%: 0.061+0.37+0.058 ms clock, 1.2+0.22/0.66/0.017+1.1 ms cpu, 4->4->2 MB, 4 MB goal, 0 MB stacks, 0 MB globals, 20 P
gc 5074 @11.159s 6%: 0.10+0.28+0.076 ms clock, 2.0+0.35/0.67/0.029+1.5 ms cpu, 3->4->2 MB, 4 MB goal, 0 MB stacks, 0 MB globals, 20 P
gc 5075 @11.160s 6%: 0.082+0.45+0.089 ms clock, 1.6+0.35/0.67/0.059+1.7 ms cpu, 4->4->2 MB, 4 MB goal, 0 MB stacks, 0 MB globals, 20 P
gc 5076 @11.161s 6%: 0.055+0.41+0.068 ms clock, 1.1+0.25/0.62/0.036+1.3 ms cpu, 4->5->2 MB, 5 MB goal, 0 MB stacks, 0 MB globals, 20 P
gc 5077 @11.162s 6%: 0.049+0.48+0.079 ms clock, 0.99+0.31/0.61/0+1.5 ms cpu, 4->5->2 MB, 5 MB goal, 0 MB stacks, 0 MB globals, 20 P
gc 5078 @11.164s 6%: 0.044+0.41+0.016 ms clock, 0.88+0.24/0.61/0.031+0.32 ms cpu, 4->5->2 MB, 5 MB goal, 0 MB stacks, 0 MB globals, 20 P
gc 5079 @11.165s 6%: 0.046+0.33+0.043 ms clock, 0.93+0.18/0.65/0.12+0.87 ms cpu, 4->5->2 MB, 5 MB goal, 0 MB stacks, 0 MB globals, 20 P
gc 5080 @11.166s 6%: 0.062+0.45+0.075 ms clock, 1.2+0.24/0.65/0+1.5 ms cpu, 4->5->2 MB, 4 MB goal, 0 MB stacks, 0 MB globals, 20 P
gc 5081 @11.168s 6%: 0.070+0.65+0.062 ms clock, 1.4+0.26/0.70/0.021+1.2 ms cpu, 4->5->2 MB, 5 MB goal, 0 MB stacks, 0 MB globals, 20 P
gc 5082 @11.169s 6%: 0.063+0.30+0.052 ms clock, 1.2+0.21/0.63/0.054+1.0 ms cpu, 4->4->2 MB, 5 MB goal, 0 MB stacks, 0 MB globals, 20 P
gc 5083 @11.170s 6%: 0.043+0.41+0.048 ms clock, 0.87+0.43/0.77/0+0.96 ms cpu, 3->4->2 MB, 4 MB goal, 0 MB stacks, 0 MB globals, 20 P
gc 5084 @11.171s 6%: 0.063+0.28+0.059 ms clock, 1.2+0.27/0.65/0.009+1.1 ms cpu, 4->4->2 MB, 4 MB goal, 0 MB stacks, 0 MB globals, 20 P
gc 5085 @11.172s 6%: 0.10+0.48+0.057 ms clock, 2.0+0.24/0.59/0.046+1.1 ms cpu, 3->4->2 MB, 4 MB goal, 0 MB stacks, 0 MB globals, 20 P
gc 5086 @11.174s 6%: 0.061+0.53+0.025 ms clock, 1.2+0.32/0.56/0.10+0.50 ms cpu, 4->5->2 MB, 5 MB goal, 0 MB stacks, 0 MB globals, 20 P
gc 5087 @11.175s 6%: 0.062+0.33+0.046 ms clock, 1.2+0.25/0.60/0+0.93 ms cpu, 4->5->2 MB, 5 MB goal, 0 MB stacks, 0 MB globals, 20 P
gc 5088 @11.177s 6%: 0.064+0.28+0.075 ms clock, 1.2+0.44/0.65/0+1.5 ms cpu, 4->4->2 MB, 4 MB goal, 0 MB stacks, 0 MB globals, 20 P
gc 5089 @11.178s 6%: 0.083+0.43+0.060 ms clock, 1.6+0.31/0.62/0.10+1.2 ms cpu, 3->4->2 MB, 4 MB goal, 0 MB stacks, 0 MB globals, 20 P
gc 5090 @11.179s 6%: 0.089+0.63+0.019 ms clock, 1.7+0.41/0.49/0.14+0.38 ms cpu, 4->5->2 MB, 5 MB goal, 0 MB stacks, 0 MB globals, 20 P
gc 5091 @11.181s 6%: 0.074+0.33+0.040 ms clock, 1.4+0.33/0.58/0.027+0.81 ms cpu, 4->5->2 MB, 5 MB goal, 0 MB stacks, 0 MB globals, 20 P
gc 5092 @11.183s 6%: 0.076+0.31+0.032 ms clock, 1.5+0.43/0.50/0.032+0.65 ms cpu, 4->5->2 MB, 5 MB goal, 0 MB stacks, 0 MB globals, 20 P
gc 5093 @11.184s 6%: 0.066+0.35+0.080 ms clock, 1.3+0.23/0.76/0+1.6 ms cpu, 4->4->2 MB, 4 MB goal, 0 MB stacks, 0 MB globals, 20 P
gc 5094 @11.185s 6%: 0.053+0.78+0.048 ms clock, 1.0+0.18/0.53/0.044+0.96 ms cpu, 4->5->2 MB, 5 MB goal, 0 MB stacks, 0 MB globals, 20 P
gc 5095 @11.187s 6%: 0.078+0.70+0.079 ms clock, 1.5+0.25/0.74/0.001+1.5 ms cpu, 5->6->2 MB, 6 MB goal, 0 MB stacks, 0 MB globals, 20 P
gc 5096 @11.188s 6%: 0.066+0.47+0.089 ms clock, 1.3+0.29/0.56/0.070+1.7 ms cpu, 4->6->2 MB, 5 MB goal, 0 MB stacks, 0 MB globals, 20 P
gc 5097 @11.190s 6%: 0.052+0.42+0.037 ms clock, 1.0+0.34/0.54/0+0.75 ms cpu, 4->5->2 MB, 5 MB goal, 0 MB stacks, 0 MB globals, 20 P
gc 5098 @11.191s 6%: 0.066+0.52+0.054 ms clock, 1.3+0.22/0.66/0.014+1.0 ms cpu, 4->5->2 MB, 5 MB goal, 0 MB stacks, 0 MB globals, 20 P
gc 5099 @11.193s 6%: 0.071+0.37+0.034 ms clock, 1.4+0.35/0.53/0.086+0.69 ms cpu, 4->5->2 MB, 5 MB goal, 0 MB stacks, 0 MB globals, 20 P
gc 5100 @11.194s 6%: 0.082+0.34+0.056 ms clock, 1.6+0.42/0.62/0.006+1.1 ms cpu, 4->5->2 MB, 5 MB goal, 0 MB stacks, 0 MB globals, 20 P
gc 5101 @11.195s 6%: 0.037+0.54+0.050 ms clock, 0.74+0.29/0.67/0.023+1.0 ms cpu, 4->5->2 MB, 5 MB goal, 0 MB stacks, 0 MB globals, 20 P
gc 5102 @11.196s 6%: 0.066+0.31+0.030 ms clock, 1.3+0.36/0.65/0.042+0.61 ms cpu, 4->5->2 MB, 5 MB goal, 0 MB stacks, 0 MB globals, 20 P
gc 5103 @11.197s 6%: 0.085+0.33+0.015 ms clock, 1.7+0.27/0.63/0.012+0.30 ms cpu, 4->4->2 MB, 4 MB goal, 0 MB stacks, 0 MB globals, 20 P
gc 5104 @11.198s 6%: 0.074+0.42+0.052 ms clock, 1.4+0.31/0.63/0.004+1.0 ms cpu, 4->4->2 MB, 4 MB goal, 0 MB stacks, 0 MB globals, 20 P
gc 5105 @11.200s 6%: 0.067+0.34+0.067 ms clock, 1.3+0.32/0.66/0.003+1.3 ms cpu, 4->4->2 MB, 5 MB goal, 0 MB stacks, 0 MB globals, 20 P
gc 5106 @11.201s 6%: 0.070+0.49+0.028 ms clock, 1.4+0.34/0.55/0.003+0.57 ms cpu, 3->5->2 MB, 4 MB goal, 0 MB stacks, 0 MB globals, 20 P
gc 5107 @11.202s 6%: 0.058+0.65+0.012 ms clock, 1.1+0.14/0.63/0.025+0.25 ms cpu, 4->5->2 MB, 5 MB goal, 0 MB stacks, 0 MB globals, 20 P
gc 5108 @11.204s 6%: 0.073+0.35+0.064 ms clock, 1.4+0.30/0.70/0+1.2 ms cpu, 4->5->2 MB, 5 MB goal, 0 MB stacks, 0 MB globals, 20 P
gc 5109 @11.205s 6%: 0.074+0.30+0.11 ms clock, 1.4+0.32/0.58/0.009+2.2 ms cpu, 4->4->2 MB, 4 MB goal, 0 MB stacks, 0 MB globals, 20 P
gc 5110 @11.206s 6%: 0.027+0.37+0.070 ms clock, 0.54+0.33/0.60/0.023+1.4 ms cpu, 3->4->2 MB, 4 MB goal, 0 MB stacks, 0 MB globals, 20 P
gc 5111 @11.207s 6%: 0.065+0.50+0.065 ms clock, 1.3+0.32/0.63/0+1.3 ms cpu, 4->5->2 MB, 4 MB goal, 0 MB stacks, 0 MB globals, 20 P
gc 5112 @11.208s 6%: 0.022+0.41+0.077 ms clock, 0.44+0.16/0.60/0.13+1.5 ms cpu, 4->5->2 MB, 5 MB goal, 0 MB stacks, 0 MB globals, 20 P
gc 5113 @11.210s 6%: 0.070+0.29+0.068 ms clock, 1.4+0.27/0.59/0.015+1.3 ms cpu, 4->5->2 MB, 5 MB goal, 0 MB stacks, 0 MB globals, 20 P
gc 5114 @11.211s 6%: 0.067+0.45+0.066 ms clock, 1.3+0.29/0.76/0.008+1.3 ms cpu, 4->5->2 MB, 5 MB goal, 0 MB stacks, 0 MB globals, 20 P
gc 5115 @11.212s 6%: 0.072+0.33+0.035 ms clock, 1.4+0.20/0.61/0.001+0.71 ms cpu, 4->5->2 MB, 5 MB goal, 0 MB stacks, 0 MB globals, 20 P
gc 5116 @11.214s 6%: 0.092+0.42+0.071 ms clock, 1.8+0.32/0.66/0+1.4 ms cpu, 4->5->2 MB, 5 MB goal, 0 MB stacks, 0 MB globals, 20 P
gc 5117 @11.215s 6%: 0.041+0.37+0.022 ms clock, 0.82+0.21/0.68/0.057+0.44 ms cpu, 4->5->2 MB, 5 MB goal, 0 MB stacks, 0 MB globals, 20 P
gc 5118 @11.216s 6%: 0.044+0.31+0.031 ms clock, 0.88+0.25/0.59/0.10+0.63 ms cpu, 4->4->2 MB, 4 MB goal, 0 MB stacks, 0 MB globals, 20 P
gc 5119 @11.217s 6%: 0.075+0.33+0.067 ms clock, 1.5+0.52/0.57/0+1.3 ms cpu, 3->4->2 MB, 4 MB goal, 0 MB stacks, 0 MB globals, 20 P
gc 5120 @11.218s 6%: 0.058+0.33+0.068 ms clock, 1.1+0.38/0.57/0.031+1.3 ms cpu, 4->4->2 MB, 4 MB goal, 0 MB stacks, 0 MB globals, 20 P
gc 5121 @11.219s 6%: 0.085+0.44+0.049 ms clock, 1.7+0.28/0.72/0.038+0.99 ms cpu, 4->5->2 MB, 4 MB goal, 0 MB stacks, 0 MB globals, 20 P
gc 5122 @11.221s 6%: 0.068+0.29+0.067 ms clock, 1.3+0.36/0.54/0.089+1.3 ms cpu, 4->5->2 MB, 5 MB goal, 0 MB stacks, 0 MB globals, 20 P
gc 5123 @11.222s 6%: 0.051+0.43+0.059 ms clock, 1.0+0.28/0.70/0.048+1.1 ms cpu, 3->4->2 MB, 4 MB goal, 0 MB stacks, 0 MB globals, 20 P
gc 5124 @11.223s 6%: 0.068+0.27+0.068 ms clock, 1.3+0.32/0.53/0.093+1.3 ms cpu, 4->4->2 MB, 4 MB goal, 0 MB stacks, 0 MB globals, 20 P
gc 5125 @11.224s 6%: 0.081+0.46+0.049 ms clock, 1.6+0.44/0.62/0+0.98 ms cpu, 3->4->2 MB, 4 MB goal, 0 MB stacks, 0 MB globals, 20 P
gc 5126 @11.225s 6%: 0.084+0.30+0.070 ms clock, 1.6+0.27/0.70/0+1.4 ms cpu, 4->5->2 MB, 5 MB goal, 0 MB stacks, 0 MB globals, 20 P
gc 5127 @11.226s 6%: 0.069+0.35+0.058 ms clock, 1.3+0.28/0.60/0.030+1.1 ms cpu, 4->5->2 MB, 4 MB goal, 0 MB stacks, 0 MB globals, 20 P
gc 5128 @11.228s 6%: 0.055+0.44+0.093 ms clock, 1.1+0.41/0.64/0+1.8 ms cpu, 4->5->2 MB, 4 MB goal, 0 MB stacks, 0 MB globals, 20 P
gc 5129 @11.229s 6%: 0.080+0.32+0.073 ms clock, 1.6+0.22/0.70/0.005+1.4 ms cpu, 4->5->2 MB, 5 MB goal, 0 MB stacks, 0 MB globals, 20 P
gc 5130 @11.230s 6%: 0.048+0.70+0.075 ms clock, 0.97+0.32/0.72/0.039+1.5 ms cpu, 4->5->2 MB, 4 MB goal, 0 MB stacks, 0 MB globals, 20 P
gc 5131 @11.232s 6%: 0.069+0.30+0.014 ms clock, 1.3+0.29/0.64/0.053+0.28 ms cpu, 4->5->2 MB, 5 MB goal, 0 MB stacks, 0 MB globals, 20 P
gc 5132 @11.233s 6%: 0.091+0.40+0.005 ms clock, 1.8+0.33/0.57/0.016+0.11 ms cpu, 3->4->2 MB, 4 MB goal, 0 MB stacks, 0 MB globals, 20 P
gc 5133 @11.234s 6%: 0.067+0.35+0.023 ms clock, 1.3+0.29/0.61/0.011+0.47 ms cpu, 4->4->2 MB, 4 MB goal, 0 MB stacks, 0 MB globals, 20 P
gc 5134 @11.235s 6%: 0.059+0.51+0.069 ms clock, 1.1+0.28/0.65/0.027+1.3 ms cpu, 3->5->2 MB, 4 MB goal, 0 MB stacks, 0 MB globals, 20 P
gc 5135 @11.237s 6%: 0.054+0.55+0.079 ms clock, 1.0+0.36/0.58/0.028+1.5 ms cpu, 4->5->2 MB, 5 MB goal, 0 MB stacks, 0 MB globals, 20 P
gc 5136 @11.238s 6%: 0.072+0.40+0.038 ms clock, 1.4+0.21/0.61/0.015+0.76 ms cpu, 4->5->2 MB, 5 MB goal, 0 MB stacks, 0 MB globals, 20 P
gc 5137 @11.240s 6%: 0.069+0.35+0.023 ms clock, 1.3+0.27/0.53/0.089+0.46 ms cpu, 4->5->2 MB, 4 MB goal, 0 MB stacks, 0 MB globals, 20 P
gc 5138 @11.241s 6%: 0.044+0.34+0.071 ms clock, 0.88+0.27/0.61/0.041+1.4 ms cpu, 4->4->2 MB, 4 MB goal, 0 MB stacks, 0 MB globals, 20 P
gc 5139 @11.242s 6%: 0.11+0.42+0.092 ms clock, 2.2+0.48/0.52/0.002+1.8 ms cpu, 4->4->2 MB, 4 MB goal, 0 MB stacks, 0 MB globals, 20 P
gc 5140 @11.243s 6%: 0.040+0.35+0.059 ms clock, 0.80+0.23/0.71/0.076+1.1 ms cpu, 4->5->2 MB, 5 MB goal, 0 MB stacks, 0 MB globals, 20 P
gc 5141 @11.244s 6%: 0.073+0.53+0.11 ms clock, 1.4+0.32/0.59/0.13+2.2 ms cpu, 4->4->2 MB, 4 MB goal, 0 MB stacks, 0 MB globals, 20 P
gc 5142 @11.246s 6%: 0.075+0.44+0.099 ms clock, 1.5+0.34/0.57/0.028+1.9 ms cpu, 4->5->2 MB, 5 MB goal, 0 MB stacks, 0 MB globals, 20 P
gc 5143 @11.247s 6%: 0.050+0.31+0.073 ms clock, 1.0+0.45/0.58/0.046+1.4 ms cpu, 4->5->2 MB, 5 MB goal, 0 MB stacks, 0 MB globals, 20 P
gc 5144 @11.249s 6%: 0.052+0.37+0.043 ms clock, 1.0+0.33/0.61/0+0.86 ms cpu, 3->4->2 MB, 4 MB goal, 0 MB stacks, 0 MB globals, 20 P
gc 5145 @11.250s 6%: 0.082+0.38+0.092 ms clock, 1.6+0.31/0.63/0.007+1.8 ms cpu, 4->5->2 MB, 5 MB goal, 0 MB stacks, 0 MB globals, 20 P
gc 5146 @11.251s 6%: 0.079+0.49+0.085 ms clock, 1.5+0.27/0.63/0.006+1.7 ms cpu, 4->5->2 MB, 4 MB goal, 0 MB stacks, 0 MB globals, 20 P
gc 5147 @11.253s 6%: 0.058+0.32+0.003 ms clock, 1.1+0.24/0.64/0.047+0.062 ms cpu, 4->5->2 MB, 5 MB goal, 0 MB stacks, 0 MB globals, 20 P
gc 5148 @11.254s 6%: 0.10+0.31+0.060 ms clock, 2.0+0.31/0.72/0.013+1.2 ms cpu, 3->4->2 MB, 4 MB goal, 0 MB stacks, 0 MB globals, 20 P
gc 5149 @11.255s 6%: 0.064+0.28+0.083 ms clock, 1.2+0.41/0.64/0.008+1.6 ms cpu, 4->4->2 MB, 5 MB goal, 0 MB stacks, 0 MB globals, 20 P
gc 5150 @11.256s 6%: 0.075+0.39+0.079 ms clock, 1.5+0.39/0.59/0.011+1.5 ms cpu, 3->4->2 MB, 4 MB goal, 0 MB stacks, 0 MB globals, 20 P
gc 5151 @11.257s 6%: 0.054+0.44+0.050 ms clock, 1.0+0.24/0.65/0+1.0 ms cpu, 4->5->2 MB, 5 MB goal, 0 MB stacks, 0 MB globals, 20 P
gc 5152 @11.258s 6%: 0.072+0.54+0.024 ms clock, 1.4+0.38/0.65/0.080+0.48 ms cpu, 4->5->2 MB, 4 MB goal, 0 MB stacks, 0 MB globals, 20 P
gc 5153 @11.260s 6%: 0.053+0.30+0.072 ms clock, 1.0+0.20/0.59/0.11+1.4 ms cpu, 4->5->2 MB, 5 MB goal, 0 MB stacks, 0 MB globals, 20 P
gc 5154 @11.261s 6%: 0.085+0.37+0.030 ms clock, 1.7+0.18/0.75/0+0.60 ms cpu, 4->4->2 MB, 4 MB goal, 0 MB stacks, 0 MB globals, 20 P
gc 5155 @11.262s 6%: 0.069+0.45+0.028 ms clock, 1.3+0.33/0.60/0.041+0.56 ms cpu, 4->5->2 MB, 4 MB goal, 0 MB stacks, 0 MB globals, 20 P
gc 5156 @11.264s 6%: 0.053+0.32+0.043 ms clock, 1.0+0.48/0.53/0.005+0.86 ms cpu, 4->5->2 MB, 5 MB goal, 0 MB stacks, 0 MB globals, 20 P
gc 5157 @11.265s 6%: 0.079+0.31+0.073 ms clock, 1.5+0.36/0.54/0.033+1.4 ms cpu, 4->4->2 MB, 4 MB goal, 0 MB stacks, 0 MB globals, 20 P
gc 5158 @11.266s 6%: 0.081+0.44+0.068 ms clock, 1.6+0.32/0.61/0+1.3 ms cpu, 4->5->2 MB, 4 MB goal, 0 MB stacks, 0 MB globals, 20 P
gc 5159 @11.267s 6%: 0.070+0.36+0.076 ms clock, 1.4+0.25/0.71/0+1.5 ms cpu, 4->4->2 MB, 5 MB goal, 0 MB stacks, 0 MB globals, 20 P
gc 5160 @11.268s 6%: 0.089+0.39+0.041 ms clock, 1.7+0.45/0.53/0.069+0.82 ms cpu, 4->4->2 MB, 4 MB goal, 0 MB stacks, 0 MB globals, 20 P
gc 5161 @11.270s 6%: 0.086+0.42+0.038 ms clock, 1.7+0.32/0.57/0.027+0.77 ms cpu, 4->4->2 MB, 4 MB goal, 0 MB stacks, 0 MB globals, 20 P
gc 5162 @11.271s 6%: 0.086+0.42+0.030 ms clock, 1.7+0.36/0.58/0+0.60 ms cpu, 4->5->2 MB, 5 MB goal, 0 MB stacks, 0 MB globals, 20 P
gc 5163 @11.272s 6%: 0.085+0.38+0.042 ms clock, 1.7+0.40/0.60/0.019+0.84 ms cpu, 4->5->2 MB, 5 MB goal, 0 MB stacks, 0 MB globals, 20 P
gc 5164 @11.274s 6%: 0.062+0.37+0.072 ms clock, 1.2+0.35/0.66/0.065+1.4 ms cpu, 4->5->2 MB, 5 MB goal, 0 MB stacks, 0 MB globals, 20 P
gc 5165 @11.275s 6%: 0.070+0.35+0.050 ms clock, 1.4+0.29/0.64/0.003+1.0 ms cpu, 4->4->2 MB, 4 MB goal, 0 MB stacks, 0 MB globals, 20 P
gc 5166 @11.276s 6%: 0.077+0.49+0.045 ms clock, 1.5+0.33/0.61/0.065+0.91 ms cpu, 3->5->2 MB, 4 MB goal, 0 MB stacks, 0 MB globals, 20 P
gc 5167 @11.277s 6%: 0.049+0.30+0.076 ms clock, 0.98+0.35/0.55/0.038+1.5 ms cpu, 4->5->2 MB, 5 MB goal, 0 MB stacks, 0 MB globals, 20 P
gc 5168 @11.279s 6%: 0.026+0.42+0.021 ms clock, 0.53+0.25/0.49/0.20+0.43 ms cpu, 4->5->2 MB, 4 MB goal, 0 MB stacks, 0 MB globals, 20 P
gc 5169 @11.280s 6%: 0.059+0.35+0.068 ms clock, 1.1+0.41/0.54/0.003+1.3 ms cpu, 4->5->2 MB, 5 MB goal, 0 MB stacks, 0 MB globals, 20 P
gc 5170 @11.281s 6%: 0.075+0.45+0.079 ms clock, 1.5+0.49/0.60/0.007+1.5 ms cpu, 4->5->2 MB, 4 MB goal, 0 MB stacks, 0 MB globals, 20 P
gc 5171 @11.283s 6%: 0.071+0.52+0.042 ms clock, 1.4+0.43/0.65/0+0.85 ms cpu, 4->5->2 MB, 5 MB goal, 0 MB stacks, 0 MB globals, 20 P
gc 5172 @11.284s 6%: 0.032+0.39+0.019 ms clock, 0.65+0.26/0.56/0.056+0.39 ms cpu, 4->5->2 MB, 5 MB goal, 0 MB stacks, 0 MB globals, 20 P
gc 5173 @11.286s 6%: 0.080+0.37+0.086 ms clock, 1.6+0.39/0.59/0.053+1.7 ms cpu, 3->4->2 MB, 4 MB goal, 0 MB stacks, 0 MB globals, 20 P
gc 5174 @11.287s 6%: 0.084+0.42+0.064 ms clock, 1.6+0.24/0.79/0+1.2 ms cpu, 4->5->2 MB, 5 MB goal, 0 MB stacks, 0 MB globals, 20 P
gc 5175 @11.288s 6%: 0.079+0.43+0.067 ms clock, 1.5+0.29/0.75/0+1.3 ms cpu, 4->5->2 MB, 5 MB goal, 0 MB stacks, 0 MB globals, 20 P
gc 5176 @11.290s 6%: 0.026+0.31+0.069 ms clock, 0.52+0.26/0.59/0.052+1.3 ms cpu, 4->4->2 MB, 5 MB goal, 0 MB stacks, 0 MB globals, 20 P
gc 5177 @11.291s 6%: 0.070+0.42+0.029 ms clock, 1.4+0.37/0.62/0.014+0.58 ms cpu, 3->4->2 MB, 4 MB goal, 0 MB stacks, 0 MB globals, 20 P
gc 5178 @11.292s 6%: 0.070+0.36+0.065 ms clock, 1.4+0.36/0.63/0+1.3 ms cpu, 4->4->2 MB, 4 MB goal, 0 MB stacks, 0 MB globals, 20 P
gc 5179 @11.293s 6%: 0.076+0.29+0.060 ms clock, 1.5+0.27/0.68/0.034+1.2 ms cpu, 4->4->2 MB, 4 MB goal, 0 MB stacks, 0 MB globals, 20 P
gc 5180 @11.294s 6%: 0.060+0.40+0.031 ms clock, 1.2+0.29/0.68/0+0.62 ms cpu, 3->4->2 MB, 4 MB goal, 0 MB stacks, 0 MB globals, 20 P
gc 5181 @11.296s 6%: 0.044+0.42+0.089 ms clock, 0.89+0.38/0.61/0+1.7 ms cpu, 4->5->2 MB, 5 MB goal, 0 MB stacks, 0 MB globals, 20 P
gc 5182 @11.297s 6%: 0.057+0.35+0.036 ms clock, 1.1+0.28/0.53/0.037+0.73 ms cpu, 4->5->2 MB, 5 MB goal, 0 MB stacks, 0 MB globals, 20 P
gc 5183 @11.298s 6%: 0.058+0.43+0.076 ms clock, 1.1+0.44/0.54/0+1.5 ms cpu, 4->5->2 MB, 5 MB goal, 0 MB stacks, 0 MB globals, 20 P
gc 5184 @11.299s 6%: 0.082+0.50+0.053 ms clock, 1.6+0.27/0.67/0+1.0 ms cpu, 4->5->2 MB, 5 MB goal, 0 MB stacks, 0 MB globals, 20 P
gc 5185 @11.301s 6%: 0.070+0.33+0.059 ms clock, 1.4+0.28/0.59/0.037+1.1 ms cpu, 4->5->2 MB, 5 MB goal, 0 MB stacks, 0 MB globals, 20 P
gc 5186 @11.302s 6%: 0.082+0.44+0.062 ms clock, 1.6+0.29/0.67/0.028+1.2 ms cpu, 4->5->2 MB, 5 MB goal, 0 MB stacks, 0 MB globals, 20 P
gc 5187 @11.304s 6%: 0.037+0.36+0.045 ms clock, 0.74+0.38/0.59/0.025+0.91 ms cpu, 4->4->2 MB, 4 MB goal, 0 MB stacks, 0 MB globals, 20 P
gc 5188 @11.305s 6%: 0.061+0.47+0.064 ms clock, 1.2+0.24/0.58/0.036+1.2 ms cpu, 4->4->2 MB, 4 MB goal, 0 MB stacks, 0 MB globals, 20 P
gc 5189 @11.306s 6%: 0.097+0.28+0.065 ms clock, 1.9+0.29/0.56/0.051+1.3 ms cpu, 4->4->2 MB, 5 MB goal, 0 MB stacks, 0 MB globals, 20 P
gc 5190 @11.307s 6%: 0.069+0.49+0.068 ms clock, 1.3+0.31/0.63/0.009+1.3 ms cpu, 3->4->2 MB, 4 MB goal, 0 MB stacks, 0 MB globals, 20 P
gc 5191 @11.309s 6%: 0.050+0.53+0.038 ms clock, 1.0+0.29/0.59/0.056+0.77 ms cpu, 4->5->2 MB, 5 MB goal, 0 MB stacks, 0 MB globals, 20 P
gc 5192 @11.310s 6%: 0.058+0.21+0.056 ms clock, 1.1+0.28/0.50/0.19+1.1 ms cpu, 4->5->1 MB, 5 MB goal, 0 MB stacks, 0 MB globals, 20 P
gc 5193 @11.311s 6%: 0.084+0.25+0.084 ms clock, 1.6+0.31/0.62/0+1.6 ms cpu, 3->4->2 MB, 4 MB goal, 0 MB stacks, 0 MB globals, 20 P
gc 5194 @11.313s 6%: 0.012+0.48+0.021 ms clock, 0.24+0.071/0.59/0.21+0.42 ms cpu, 3->4->2 MB, 4 MB goal, 0 MB stacks, 0 MB globals, 20 P
gc 5195 @11.314s 6%: 0.055+0.42+0.022 ms clock, 1.1+0.36/0.57/0.029+0.44 ms cpu, 4->5->2 MB, 4 MB goal, 0 MB stacks, 0 MB globals, 20 P
gc 5196 @11.315s 6%: 0.031+0.36+0.034 ms clock, 0.62+0.29/0.68/0.019+0.69 ms cpu, 4->5->2 MB, 5 MB goal, 0 MB stacks, 0 MB globals, 20 P
gc 5197 @11.316s 6%: 0.063+0.27+0.023 ms clock, 1.2+0.35/0.63/0.024+0.47 ms cpu, 4->4->2 MB, 4 MB goal, 0 MB stacks, 0 MB globals, 20 P
gc 5198 @11.317s 6%: 0.040+0.47+0.036 ms clock, 0.80+0.32/0.56/0.10+0.73 ms cpu, 3->4->2 MB, 4 MB goal, 0 MB stacks, 0 MB globals, 20 P
gc 5199 @11.319s 6%: 0.058+0.43+0.058 ms clock, 1.1+0.28/0.64/0.003+1.1 ms cpu, 4->5->2 MB, 4 MB goal, 0 MB stacks, 0 MB globals, 20 P
gc 5200 @11.320s 6%: 0.064+0.41+0.034 ms clock, 1.2+0.27/0.69/0.016+0.68 ms cpu, 4->5->2 MB, 5 MB goal, 0 MB stacks, 0 MB globals, 20 P
gc 5201 @11.321s 6%: 0.030+0.39+0.13 ms clock, 0.60+0.21/0.70/0.019+2.7 ms cpu, 4->5->2 MB, 5 MB goal, 0 MB stacks, 0 MB globals, 20 P
gc 5202 @11.323s 6%: 0.019+0.50+0.070 ms clock, 0.38+0.24/0.73/0.014+1.4 ms cpu, 4->5->2 MB, 5 MB goal, 0 MB stacks, 0 MB globals, 20 P
gc 5203 @11.324s 6%: 0.087+0.41+0.045 ms clock, 1.7+0.28/0.60/0.059+0.90 ms cpu, 4->5->2 MB, 5 MB goal, 0 MB stacks, 0 MB globals, 20 P
gc 5204 @11.325s 6%: 0.073+0.42+0.060 ms clock, 1.4+0.20/0.71/0+1.2 ms cpu, 4->5->2 MB, 4 MB goal, 0 MB stacks, 0 MB globals, 20 P
gc 5205 @11.327s 6%: 0.081+0.34+0.061 ms clock, 1.6+0.32/0.56/0+1.2 ms cpu, 4->5->2 MB, 5 MB goal, 0 MB stacks, 0 MB globals, 20 P
gc 5206 @11.328s 6%: 0.060+0.50+0.053 ms clock, 1.2+0.38/0.58/0.009+1.0 ms cpu, 4->5->2 MB, 5 MB goal, 0 MB stacks, 0 MB globals, 20 P
gc 5207 @11.330s 6%: 0.061+0.40+0.069 ms clock, 1.2+0.35/0.63/0+1.3 ms cpu, 4->5->2 MB, 5 MB goal, 0 MB stacks, 0 MB globals, 20 P
gc 5208 @11.331s 6%: 0.069+0.28+0.030 ms clock, 1.3+0.39/0.63/0.002+0.60 ms cpu, 4->4->2 MB, 4 MB goal, 0 MB stacks, 0 MB globals, 20 P
gc 5209 @11.332s 6%: 0.050+0.33+0.017 ms clock, 1.0+0.43/0.65/0.011+0.34 ms cpu, 3->4->2 MB, 4 MB goal, 0 MB stacks, 0 MB globals, 20 P
gc 5210 @11.333s 6%: 0.075+0.49+0.10 ms clock, 1.5+0.37/0.72/0.056+2.0 ms cpu, 3->4->2 MB, 4 MB goal, 0 MB stacks, 0 MB globals, 20 P
gc 5211 @11.334s 6%: 0.10+0.24+0.058 ms clock, 2.1+0.32/0.58/0.010+1.1 ms cpu, 4->4->2 MB, 4 MB goal, 0 MB stacks, 0 MB globals, 20 P
gc 5212 @11.335s 6%: 0.069+0.43+0.027 ms clock, 1.3+0.44/0.59/0+0.54 ms cpu, 3->4->2 MB, 4 MB goal, 0 MB stacks, 0 MB globals, 20 P
gc 5213 @11.336s 6%: 0.072+0.42+0.015 ms clock, 1.4+0.31/0.55/0.002+0.30 ms cpu, 4->4->2 MB, 4 MB goal, 0 MB stacks, 0 MB globals, 20 P
gc 5214 @11.338s 6%: 0.077+0.43+0.044 ms clock, 1.5+0.37/0.57/0+0.89 ms cpu, 3->4->2 MB, 4 MB goal, 0 MB stacks, 0 MB globals, 20 P
gc 5215 @11.339s 6%: 0.070+0.23+0.035 ms clock, 1.4+0.31/0.55/0+0.71 ms cpu, 4->4->2 MB, 5 MB goal, 0 MB stacks, 0 MB globals, 20 P
gc 5216 @11.340s 6%: 0.051+0.41+0.057 ms clock, 1.0+0.26/0.71/0.10+1.1 ms cpu, 3->4->2 MB, 4 MB goal, 0 MB stacks, 0 MB globals, 20 P
gc 5217 @11.341s 6%: 0.068+0.45+0.066 ms clock, 1.3+0.34/0.61/0.046+1.3 ms cpu, 4->4->2 MB, 4 MB goal, 0 MB stacks, 0 MB globals, 20 P
gc 5218 @11.343s 6%: 0.098+0.53+0.074 ms clock, 1.9+0.37/0.58/0.062+1.4 ms cpu, 4->5->2 MB, 5 MB goal, 0 MB stacks, 0 MB globals, 20 P
gc 5219 @11.344s 6%: 0.070+0.34+0.075 ms clock, 1.4+0.33/0.62/0.014+1.5 ms cpu, 4->5->2 MB, 5 MB goal, 0 MB stacks, 0 MB globals, 20 P
gc 5220 @11.346s 6%: 0.073+0.38+0.056 ms clock, 1.4+0.32/0.73/0.003+1.1 ms cpu, 4->5->2 MB, 4 MB goal, 0 MB stacks, 0 MB globals, 20 P
gc 5221 @11.347s 6%: 0.067+0.43+0.070 ms clock, 1.3+0.43/0.55/0.023+1.4 ms cpu, 4->5->2 MB, 5 MB goal, 0 MB stacks, 0 MB globals, 20 P
gc 5222 @11.349s 6%: 0.069+0.42+0.072 ms clock, 1.3+0.37/0.66/0.009+1.4 ms cpu, 4->5->2 MB, 5 MB goal, 0 MB stacks, 0 MB globals, 20 P
gc 5223 @11.351s 6%: 0.032+0.35+0.030 ms clock, 0.64+0.29/0.65/0.013+0.61 ms cpu, 4->5->2 MB, 5 MB goal, 0 MB stacks, 0 MB globals, 20 P
gc 5224 @11.352s 6%: 0.072+0.42+0.054 ms clock, 1.4+0.26/0.66/0+1.0 ms cpu, 4->5->2 MB, 4 MB goal, 0 MB stacks, 0 MB globals, 20 P
gc 5225 @11.353s 6%: 0.075+0.36+0.066 ms clock, 1.5+0.27/0.65/0+1.3 ms cpu, 4->5->2 MB, 5 MB goal, 0 MB stacks, 0 MB globals, 20 P
gc 5226 @11.354s 6%: 0.059+0.37+0.055 ms clock, 1.1+0.29/0.69/0.003+1.1 ms cpu, 4->4->2 MB, 4 MB goal, 0 MB stacks, 0 MB globals, 20 P
gc 5227 @11.356s 6%: 0.045+0.37+0.050 ms clock, 0.90+0.41/0.55/0+1.0 ms cpu, 4->4->2 MB, 4 MB goal, 0 MB stacks, 0 MB globals, 20 P
gc 5228 @11.357s 6%: 0.076+0.40+0.062 ms clock, 1.5+0.60/0.86/0.024+1.2 ms cpu, 4->5->2 MB, 4 MB goal, 0 MB stacks, 0 MB globals, 20 P
gc 5229 @11.358s 6%: 0.10+0.38+0.092 ms clock, 2.0+0.36/0.76/0+1.8 ms cpu, 4->5->2 MB, 4 MB goal, 0 MB stacks, 0 MB globals, 20 P
gc 5230 @11.360s 6%: 0.057+0.46+0.057 ms clock, 1.1+0.26/0.76/0.059+1.1 ms cpu, 4->5->2 MB, 5 MB goal, 0 MB stacks, 0 MB globals, 20 P
gc 5231 @11.361s 6%: 0.064+0.32+0.076 ms clock, 1.2+0.26/0.53/0.033+1.5 ms cpu, 4->5->2 MB, 5 MB goal, 0 MB stacks, 0 MB globals, 20 P
gc 5232 @11.363s 6%: 0.076+0.44+0.088 ms clock, 1.5+0.30/0.78/0+1.7 ms cpu, 4->5->2 MB, 4 MB goal, 0 MB stacks, 0 MB globals, 20 P
gc 5233 @11.364s 6%: 0.071+0.38+0.082 ms clock, 1.4+0.32/0.65/0.001+1.6 ms cpu, 4->4->2 MB, 4 MB goal, 0 MB stacks, 0 MB globals, 20 P
gc 5234 @11.365s 6%: 0.056+0.52+0.080 ms clock, 1.1+0.32/0.79/0+1.6 ms cpu, 4->5->2 MB, 4 MB goal, 0 MB stacks, 0 MB globals, 20 P
gc 5235 @11.367s 6%: 0.072+0.43+0.040 ms clock, 1.4+0.38/0.56/0.001+0.80 ms cpu, 4->5->2 MB, 5 MB goal, 0 MB stacks, 0 MB globals, 20 P
gc 5236 @11.368s 6%: 0.060+0.37+0.066 ms clock, 1.2+0.28/0.77/0.038+1.3 ms cpu, 4->5->2 MB, 5 MB goal, 0 MB stacks, 0 MB globals, 20 P
gc 5237 @11.369s 6%: 0.030+0.33+0.076 ms clock, 0.61+0.36/0.56/0.029+1.5 ms cpu, 4->4->2 MB, 4 MB goal, 0 MB stacks, 0 MB globals, 20 P
gc 5238 @11.370s 6%: 0.057+0.35+0.065 ms clock, 1.1+0.33/0.65/0.11+1.3 ms cpu, 4->4->2 MB, 4 MB goal, 0 MB stacks, 0 MB globals, 20 P
gc 5239 @11.371s 6%: 0.077+0.40+0.10 ms clock, 1.5+0.40/0.60/0.052+2.1 ms cpu, 3->5->2 MB, 4 MB goal, 0 MB stacks, 0 MB globals, 20 P
gc 5240 @11.373s 6%: 0.079+0.42+0.081 ms clock, 1.5+0.33/0.50/0.025+1.6 ms cpu, 4->5->2 MB, 5 MB goal, 0 MB stacks, 0 MB globals, 20 P
gc 5241 @11.374s 6%: 0.031+0.39+0.15 ms clock, 0.62+0.53/0.65/0+3.0 ms cpu, 4->5->2 MB, 5 MB goal, 0 MB stacks, 0 MB globals, 20 P
gc 5242 @11.376s 6%: 0.072+0.40+0.073 ms clock, 1.4+0.32/0.64/0.075+1.4 ms cpu, 4->5->2 MB, 5 MB goal, 0 MB stacks, 0 MB globals, 20 P
gc 5243 @11.377s 6%: 0.051+0.35+0.067 ms clock, 1.0+0.23/0.67/0.18+1.3 ms cpu, 4->5->2 MB, 5 MB goal, 0 MB stacks, 0 MB globals, 20 P
gc 5244 @11.378s 6%: 0.072+0.86+0.015 ms clock, 1.4+0.23/0.60/0.014+0.31 ms cpu, 4->5->2 MB, 4 MB goal, 0 MB stacks, 0 MB globals, 20 P
gc 5245 @11.380s 6%: 0.060+0.38+0.054 ms clock, 1.2+0.38/0.73/0.042+1.0 ms cpu, 4->5->2 MB, 5 MB goal, 0 MB stacks, 0 MB globals, 20 P
gc 5246 @11.381s 6%: 0.032+0.49+0.065 ms clock, 0.65+0.15/0.64/0.11+1.3 ms cpu, 4->5->2 MB, 5 MB goal, 0 MB stacks, 0 MB globals, 20 P
gc 5247 @11.383s 6%: 0.082+0.50+0.022 ms clock, 1.6+0.19/0.74/0.12+0.44 ms cpu, 4->5->2 MB, 4 MB goal, 0 MB stacks, 0 MB globals, 20 P
gc 5248 @11.384s 6%: 0.083+0.29+0.044 ms clock, 1.6+0.48/0.60/0+0.88 ms cpu, 4->5->2 MB, 5 MB goal, 0 MB stacks, 0 MB globals, 20 P
gc 5249 @11.385s 6%: 0.073+0.34+0.019 ms clock, 1.4+0.28/0.59/0.045+0.38 ms cpu, 4->5->2 MB, 4 MB goal, 0 MB stacks, 0 MB globals, 20 P
gc 5250 @11.386s 6%: 0.038+0.40+0.050 ms clock, 0.76+0.42/0.69/0.085+1.0 ms cpu, 4->5->2 MB, 5 MB goal, 0 MB stacks, 0 MB globals, 20 P
gc 5251 @11.388s 6%: 0.072+0.40+0.015 ms clock, 1.4+0.21/0.59/0.015+0.31 ms cpu, 4->5->2 MB, 4 MB goal, 0 MB stacks, 0 MB globals, 20 P
gc 5252 @11.389s 6%: 0.034+0.46+0.054 ms clock, 0.69+0.36/0.67/0.086+1.0 ms cpu, 4->5->2 MB, 5 MB goal, 0 MB stacks, 0 MB globals, 20 P
gc 5253 @11.390s 6%: 0.070+0.37+0.085 ms clock, 1.4+0.53/0.72/0.013+1.7 ms cpu, 4->5->2 MB, 5 MB goal, 0 MB stacks, 0 MB globals, 20 P
gc 5254 @11.391s 6%: 0.079+0.49+0.077 ms clock, 1.5+0.30/0.57/0.11+1.5 ms cpu, 4->5->2 MB, 5 MB goal, 0 MB stacks, 0 MB globals, 20 P
gc 5255 @11.393s 6%: 0.061+0.31+0.069 ms clock, 1.2+0.23/0.68/0.045+1.3 ms cpu, 4->5->2 MB, 5 MB goal, 0 MB stacks, 0 MB globals, 20 P
gc 5256 @11.394s 6%: 0.069+0.42+0.024 ms clock, 1.3+0.31/0.64/0.007+0.49 ms cpu, 3->4->2 MB, 4 MB goal, 0 MB stacks, 0 MB globals, 20 P
gc 5257 @11.395s 6%: 0.059+0.34+0.069 ms clock, 1.1+0.25/0.53/0.10+1.3 ms cpu, 4->5->2 MB, 5 MB goal, 0 MB stacks, 0 MB globals, 20 P
gc 5258 @11.396s 6%: 0.087+0.44+0.091 ms clock, 1.7+0.49/0.59/0.064+1.8 ms cpu, 4->5->2 MB, 5 MB goal, 0 MB stacks, 0 MB globals, 20 P
gc 5259 @11.398s 6%: 0.093+0.32+0.034 ms clock, 1.8+0.25/0.66/0+0.69 ms cpu, 4->5->2 MB, 5 MB goal, 0 MB stacks, 0 MB globals, 20 P
gc 5260 @11.399s 6%: 0.080+0.31+0.043 ms clock, 1.6+0.29/0.64/0+0.87 ms cpu, 4->5->2 MB, 5 MB goal, 0 MB stacks, 0 MB globals, 20 P
gc 5261 @11.400s 6%: 0.024+0.42+0.072 ms clock, 0.48+0.24/0.69/0+1.4 ms cpu, 4->5->2 MB, 4 MB goal, 0 MB stacks, 0 MB globals, 20 P
gc 5262 @11.402s 6%: 0.082+0.32+0.033 ms clock, 1.6+0.31/0.57/0.006+0.67 ms cpu, 4->5->2 MB, 5 MB goal, 0 MB stacks, 0 MB globals, 20 P
gc 5263 @11.403s 6%: 0.052+0.43+0.042 ms clock, 1.0+0.28/0.54/0.082+0.84 ms cpu, 4->5->2 MB, 4 MB goal, 0 MB stacks, 0 MB globals, 20 P
gc 5264 @11.404s 6%: 0.059+0.58+0.018 ms clock, 1.1+0.31/0.69/0.077+0.36 ms cpu, 4->5->2 MB, 4 MB goal, 0 MB stacks, 0 MB globals, 20 P
gc 5265 @11.405s 6%: 0.090+0.35+0.078 ms clock, 1.8+0.38/0.58/0+1.5 ms cpu, 4->5->2 MB, 5 MB goal, 0 MB stacks, 0 MB globals, 20 P
gc 5266 @11.406s 6%: 0.096+0.59+0.074 ms clock, 1.9+0.28/0.74/0+1.4 ms cpu, 4->5->2 MB, 5 MB goal, 0 MB stacks, 0 MB globals, 20 P
gc 5267 @11.408s 6%: 0.042+0.31+0.086 ms clock, 0.84+0.21/0.64/0.10+1.7 ms cpu, 4->5->2 MB, 5 MB goal, 0 MB stacks, 0 MB globals, 20 P
gc 5268 @11.409s 6%: 0.041+0.40+0.027 ms clock, 0.82+0.18/0.85/0.005+0.54 ms cpu, 3->4->2 MB, 4 MB goal, 0 MB stacks, 0 MB globals, 20 P
gc 5269 @11.410s 6%: 0.082+0.35+0.050 ms clock, 1.6+0.35/0.57/0+1.0 ms cpu, 4->5->2 MB, 4 MB goal, 0 MB stacks, 0 MB globals, 20 P
gc 5270 @11.411s 6%: 0.068+0.75+0.025 ms clock, 1.3+0.24/0.65/0+0.50 ms cpu, 4->5->2 MB, 5 MB goal, 0 MB stacks, 0 MB globals, 20 P
gc 5271 @11.413s 6%: 0.065+0.38+0.037 ms clock, 1.3+0.25/0.59/0.046+0.74 ms cpu, 4->5->2 MB, 5 MB goal, 0 MB stacks, 0 MB globals, 20 P
gc 5272 @11.414s 6%: 0.038+0.37+0.067 ms clock, 0.76+0.31/0.68/0+1.3 ms cpu, 4->4->2 MB, 4 MB goal, 0 MB stacks, 0 MB globals, 20 P
gc 5273 @11.416s 6%: 0.069+0.46+0.016 ms clock, 1.3+0.29/0.61/0.008+0.33 ms cpu, 4->5->2 MB, 5 MB goal, 0 MB stacks, 0 MB globals, 20 P
gc 5274 @11.417s 6%: 0.069+0.42+0.10 ms clock, 1.3+0.28/0.73/0.019+2.1 ms cpu, 4->5->2 MB, 5 MB goal, 0 MB stacks, 0 MB globals, 20 P
gc 5275 @11.418s 6%: 0.075+0.34+0.072 ms clock, 1.5+0.37/0.74/0.030+1.4 ms cpu, 4->4->2 MB, 4 MB goal, 0 MB stacks, 0 MB globals, 20 P
gc 5276 @11.419s 6%: 0.067+0.46+0.030 ms clock, 1.3+0.42/0.80/0.060+0.60 ms cpu, 4->4->2 MB, 4 MB goal, 0 MB stacks, 0 MB globals, 20 P
gc 5277 @11.421s 6%: 0.047+0.52+0.067 ms clock, 0.95+0.26/0.77/0.12+1.3 ms cpu, 4->5->2 MB, 4 MB goal, 0 MB stacks, 0 MB globals, 20 P
gc 5278 @11.422s 6%: 0.11+0.44+0.066 ms clock, 2.3+0.39/0.69/0+1.3 ms cpu, 4->5->2 MB, 5 MB goal, 0 MB stacks, 0 MB globals, 20 P
gc 5279 @11.423s 6%: 0.080+0.55+0.066 ms clock, 1.6+0.16/0.74/0.024+1.3 ms cpu, 4->5->2 MB, 5 MB goal, 0 MB stacks, 0 MB globals, 20 P
gc 5280 @11.425s 6%: 0.028+0.24+0.067 ms clock, 0.56+0.31/0.53/0.10+1.3 ms cpu, 4->5->2 MB, 5 MB goal, 0 MB stacks, 0 MB globals, 20 P
gc 5281 @11.426s 6%: 0.087+0.49+0.010 ms clock, 1.7+0.33/0.84/0.021+0.21 ms cpu, 3->4->2 MB, 4 MB goal, 0 MB stacks, 0 MB globals, 20 P
gc 5282 @11.427s 6%: 0.048+0.21+0.071 ms clock, 0.97+0.31/0.50/0.081+1.4 ms cpu, 4->4->1 MB, 5 MB goal, 0 MB stacks, 0 MB globals, 20 P
gc 5283 @11.428s 6%: 0.077+0.33+0.030 ms clock, 1.5+0.34/0.68/0.037+0.60 ms cpu, 3->4->2 MB, 4 MB goal, 0 MB stacks, 0 MB globals, 20 P
gc 5284 @11.429s 6%: 0.052+0.41+0.070 ms clock, 1.0+0.23/0.59/0.075+1.4 ms cpu, 4->5->2 MB, 4 MB goal, 0 MB stacks, 0 MB globals, 20 P
gc 5285 @11.431s 6%: 0.074+0.33+0.068 ms clock, 1.4+0.30/0.57/0.070+1.3 ms cpu, 4->5->2 MB, 5 MB goal, 0 MB stacks, 0 MB globals, 20 P
gc 5286 @11.432s 6%: 0.071+0.49+0.065 ms clock, 1.4+0.34/0.73/0.007+1.3 ms cpu, 4->5->2 MB, 4 MB goal, 0 MB stacks, 0 MB globals, 20 P
gc 5287 @11.433s 6%: 0.056+0.42+0.081 ms clock, 1.1+0.23/0.71/0.015+1.6 ms cpu, 4->5->2 MB, 5 MB goal, 0 MB stacks, 0 MB globals, 20 P
gc 5288 @11.435s 6%: 0.076+0.30+0.056 ms clock, 1.5+0.26/0.56/0.055+1.1 ms cpu, 4->5->2 MB, 5 MB goal, 0 MB stacks, 0 MB globals, 20 P
gc 5289 @11.436s 6%: 0.067+0.32+0.019 ms clock, 1.3+0.30/0.73/0.005+0.38 ms cpu, 3->4->2 MB, 4 MB goal, 0 MB stacks, 0 MB globals, 20 P
gc 5290 @11.437s 6%: 0.067+0.42+0.083 ms clock, 1.3+0.26/0.73/0.017+1.6 ms cpu, 3->4->2 MB, 4 MB goal, 0 MB stacks, 0 MB globals, 20 P
gc 5291 @11.438s 6%: 0.079+0.52+0.022 ms clock, 1.5+0.35/0.61/0.002+0.45 ms cpu, 4->5->2 MB, 4 MB goal, 0 MB stacks, 0 MB globals, 20 P
gc 5292 @11.440s 6%: 0.081+0.38+0.053 ms clock, 1.6+0.17/0.68/0.10+1.0 ms cpu, 4->5->2 MB, 5 MB goal, 0 MB stacks, 0 MB globals, 20 P
gc 5293 @11.441s 6%: 0.028+0.26+0.031 ms clock, 0.57+0.26/0.63/0.008+0.62 ms cpu, 4->4->2 MB, 4 MB goal, 0 MB stacks, 0 MB globals, 20 P
gc 5294 @11.442s 6%: 0.067+0.46+0.014 ms clock, 1.3+0.52/0.69/0.003+0.29 ms cpu, 3->4->2 MB, 4 MB goal, 0 MB stacks, 0 MB globals, 20 P
gc 5295 @11.443s 6%: 0.063+0.47+0.058 ms clock, 1.2+0.22/0.73/0+1.1 ms cpu, 4->5->2 MB, 5 MB goal, 0 MB stacks, 0 MB globals, 20 P
gc 5296 @11.444s 6%: 0.055+0.49+0.036 ms clock, 1.1+0.21/0.62/0+0.72 ms cpu, 4->5->2 MB, 5 MB goal, 0 MB stacks, 0 MB globals, 20 P
gc 5297 @11.446s 6%: 0.058+0.67+0.073 ms clock, 1.1+0.41/0.68/0.029+1.4 ms cpu, 4->5->2 MB, 5 MB goal, 0 MB stacks, 0 MB globals, 20 P
gc 5298 @11.448s 6%: 0.072+0.53+0.062 ms clock, 1.4+0.37/0.62/0.015+1.2 ms cpu, 4->6->2 MB, 5 MB goal, 0 MB stacks, 0 MB globals, 20 P
gc 5299 @11.449s 6%: 0.059+0.38+0.075 ms clock, 1.1+0.40/0.60/0.012+1.5 ms cpu, 4->5->2 MB, 5 MB goal, 0 MB stacks, 0 MB globals, 20 P
gc 5300 @11.451s 6%: 0.051+0.37+0.056 ms clock, 1.0+0.28/0.65/0.008+1.1 ms cpu, 4->5->2 MB, 4 MB goal, 0 MB stacks, 0 MB globals, 20 P
gc 5301 @11.452s 6%: 0.070+0.23+0.054 ms clock, 1.4+0.38/0.58/0.012+1.0 ms cpu, 4->4->2 MB, 5 MB goal, 0 MB stacks, 0 MB globals, 20 P
gc 5302 @11.453s 6%: 0.082+0.32+0.087 ms clock, 1.6+0.30/0.68/0.046+1.7 ms cpu, 3->4->2 MB, 4 MB goal, 0 MB stacks, 0 MB globals, 20 P
gc 5303 @11.454s 6%: 0.099+0.39+0.052 ms clock, 1.9+0.47/0.76/0.031+1.0 ms cpu, 3->4->2 MB, 4 MB goal, 0 MB stacks, 0 MB globals, 20 P
gc 5304 @11.455s 6%: 0.072+0.48+0.046 ms clock, 1.4+0.34/0.57/0.026+0.92 ms cpu, 4->5->2 MB, 5 MB goal, 0 MB stacks, 0 MB globals, 20 P
gc 5305 @11.457s 6%: 0.099+0.45+0.026 ms clock, 1.9+0.27/0.57/0.004+0.52 ms cpu, 4->5->2 MB, 5 MB goal, 0 MB stacks, 0 MB globals, 20 P
gc 5306 @11.458s 6%: 0.075+0.41+0.046 ms clock, 1.5+0.34/0.76/0+0.92 ms cpu, 4->5->2 MB, 5 MB goal, 0 MB stacks, 0 MB globals, 20 P
gc 5307 @11.460s 6%: 0.058+0.52+0.013 ms clock, 1.1+0.33/0.59/0.039+0.27 ms cpu, 4->5->2 MB, 5 MB goal, 0 MB stacks, 0 MB globals, 20 P
gc 5308 @11.462s 6%: 0.079+0.59+0.068 ms clock, 1.5+0.42/0.50/0.031+1.3 ms cpu, 4->5->2 MB, 5 MB goal, 0 MB stacks, 0 MB globals, 20 P
gc 5309 @11.463s 6%: 0.068+0.28+0.077 ms clock, 1.3+0.29/0.59/0.055+1.5 ms cpu, 5->5->2 MB, 6 MB goal, 0 MB stacks, 0 MB globals, 20 P
gc 5310 @11.464s 6%: 0.061+0.48+0.024 ms clock, 1.2+0.31/0.80/0.006+0.49 ms cpu, 3->4->2 MB, 4 MB goal, 0 MB stacks, 0 MB globals, 20 P
gc 5311 @11.466s 6%: 0.048+0.38+0.069 ms clock, 0.96+0.15/0.75/0.022+1.3 ms cpu, 4->5->2 MB, 5 MB goal, 0 MB stacks, 0 MB globals, 20 P
gc 5312 @11.467s 6%: 0.063+0.33+0.063 ms clock, 1.2+0.28/0.70/0.023+1.2 ms cpu, 4->5->2 MB, 4 MB goal, 0 MB stacks, 0 MB globals, 20 P
gc 5313 @11.468s 6%: 0.045+0.40+0.078 ms clock, 0.91+0.24/0.72/0.009+1.5 ms cpu, 4->4->2 MB, 4 MB goal, 0 MB stacks, 0 MB globals, 20 P
gc 5314 @11.469s 6%: 0.056+0.48+0.019 ms clock, 1.1+0.37/0.79/0.036+0.39 ms cpu, 4->5->2 MB, 4 MB goal, 0 MB stacks, 0 MB globals, 20 P
gc 5315 @11.471s 6%: 0.057+0.53+0.041 ms clock, 1.1+0.26/0.74/0.023+0.82 ms cpu, 4->5->2 MB, 5 MB goal, 0 MB stacks, 0 MB globals, 20 P
gc 5316 @11.472s 6%: 0.067+0.37+0.086 ms clock, 1.3+0.39/0.63/0+1.7 ms cpu, 4->5->2 MB, 5 MB goal, 0 MB stacks, 0 MB globals, 20 P
gc 5317 @11.474s 6%: 0.091+0.34+0.065 ms clock, 1.8+0.28/0.72/0+1.3 ms cpu, 4->5->2 MB, 5 MB goal, 0 MB stacks, 0 MB globals, 20 P
gc 5318 @11.475s 6%: 0.060+0.52+0.054 ms clock, 1.2+0.25/0.81/0.001+1.0 ms cpu, 4->5->2 MB, 5 MB goal, 0 MB stacks, 0 MB globals, 20 P
gc 5319 @11.477s 6%: 0.083+0.43+0.064 ms clock, 1.6+0.25/0.65/0.057+1.2 ms cpu, 4->5->2 MB, 5 MB goal, 0 MB stacks, 0 MB globals, 20 P
gc 5320 @11.478s 6%: 0.017+0.42+0.061 ms clock, 0.34+0.30/0.69/0.005+1.2 ms cpu, 4->5->2 MB, 5 MB goal, 0 MB stacks, 0 MB globals, 20 P
gc 5321 @11.479s 6%: 0.051+0.39+0.016 ms clock, 1.0+0.42/0.60/0.009+0.32 ms cpu, 4->5->2 MB, 5 MB goal, 0 MB stacks, 0 MB globals, 20 P
gc 5322 @11.480s 6%: 0.092+0.27+0.051 ms clock, 1.8+0.32/0.69/0.001+1.0 ms cpu, 4->4->1 MB, 4 MB goal, 0 MB stacks, 0 MB globals, 20 P
gc 5323 @11.481s 6%: 0.057+0.52+0.015 ms clock, 1.1+0.33/0.66/0.015+0.31 ms cpu, 3->4->2 MB, 4 MB goal, 0 MB stacks, 0 MB globals, 20 P
gc 5324 @11.483s 6%: 0.079+0.42+0.081 ms clock, 1.5+0.45/0.62/0.008+1.6 ms cpu, 4->5->2 MB, 5 MB goal, 0 MB stacks, 0 MB globals, 20 P
gc 5325 @11.484s 6%: 0.038+0.43+0.080 ms clock, 0.76+0.21/0.68/0.010+1.6 ms cpu, 4->5->2 MB, 5 MB goal, 0 MB stacks, 0 MB globals, 20 P
gc 5326 @11.485s 6%: 0.071+0.40+0.040 ms clock, 1.4+0.31/0.58/0.033+0.80 ms cpu, 4->4->2 MB, 4 MB goal, 0 MB stacks, 0 MB globals, 20 P
gc 5327 @11.487s 6%: 0.073+0.36+0.013 ms clock, 1.4+0.26/0.71/0.028+0.27 ms cpu, 4->5->2 MB, 4 MB goal, 0 MB stacks, 0 MB globals, 20 P
gc 5328 @11.488s 6%: 0.066+0.41+0.067 ms clock, 1.3+0.38/0.63/0.048+1.3 ms cpu, 4->5->2 MB, 4 MB goal, 0 MB stacks, 0 MB globals, 20 P
gc 5329 @11.489s 6%: 0.051+0.32+0.074 ms clock, 1.0+0.43/0.59/0.048+1.4 ms cpu, 4->4->2 MB, 5 MB goal, 0 MB stacks, 0 MB globals, 20 P
gc 5330 @11.490s 6%: 0.027+0.52+0.034 ms clock, 0.55+0.25/0.75/0.024+0.69 ms cpu, 3->4->2 MB, 4 MB goal, 0 MB stacks, 0 MB globals, 20 P
gc 5331 @11.492s 6%: 0.068+0.28+0.025 ms clock, 1.3+0.25/0.60/0.044+0.51 ms cpu, 4->5->2 MB, 5 MB goal, 0 MB stacks, 0 MB globals, 20 P
gc 5332 @11.493s 6%: 0.059+0.41+0.031 ms clock, 1.1+0.42/0.66/0.041+0.63 ms cpu, 4->5->2 MB, 4 MB goal, 0 MB stacks, 0 MB globals, 20 P
gc 5333 @11.494s 6%: 0.027+0.24+0.074 ms clock, 0.55+0.19/0.54/0.066+1.4 ms cpu, 4->4->1 MB, 4 MB goal, 0 MB stacks, 0 MB globals, 20 P
gc 5334 @11.495s 6%: 0.063+0.36+0.042 ms clock, 1.2+0.38/0.56/0.050+0.84 ms cpu, 3->4->2 MB, 4 MB goal, 0 MB stacks, 0 MB globals, 20 P
gc 5335 @11.496s 6%: 0.045+0.47+0.069 ms clock, 0.90+0.24/0.52/0.062+1.3 ms cpu, 4->5->2 MB, 5 MB goal, 0 MB stacks, 0 MB globals, 20 P
gc 5336 @11.497s 6%: 0.061+0.34+0.060 ms clock, 1.2+0.29/0.67/0.006+1.2 ms cpu, 4->4->2 MB, 5 MB goal, 0 MB stacks, 0 MB globals, 20 P
gc 5337 @11.498s 6%: 0.083+0.27+0.061 ms clock, 1.6+0.33/0.61/0.012+1.2 ms cpu, 4->4->2 MB, 4 MB goal, 0 MB stacks, 0 MB globals, 20 P
gc 5338 @11.499s 6%: 0.080+0.40+0.075 ms clock, 1.6+0.24/0.70/0+1.5 ms cpu, 3->4->2 MB, 4 MB goal, 0 MB stacks, 0 MB globals, 20 P
gc 5339 @11.500s 6%: 0.080+0.31+0.055 ms clock, 1.6+0.30/0.63/0.036+1.1 ms cpu, 4->4->2 MB, 4 MB goal, 0 MB stacks, 0 MB globals, 20 P
gc 5340 @11.501s 6%: 0.077+0.41+0.020 ms clock, 1.5+0.27/0.70/0.054+0.41 ms cpu, 3->4->2 MB, 4 MB goal, 0 MB stacks, 0 MB globals, 20 P
gc 5341 @11.503s 6%: 0.081+0.31+0.10 ms clock, 1.6+0.32/0.56/0.056+2.1 ms cpu, 4->4->2 MB, 4 MB goal, 0 MB stacks, 0 MB globals, 20 P
gc 5342 @11.504s 6%: 0.046+0.43+0.069 ms clock, 0.93+0.31/0.59/0.033+1.3 ms cpu, 3->4->2 MB, 4 MB goal, 0 MB stacks, 0 MB globals, 20 P
gc 5343 @11.504s 6%: 0.047+0.38+0.074 ms clock, 0.95+0.28/0.63/0+1.4 ms cpu, 3->4->2 MB, 4 MB goal, 0 MB stacks, 0 MB globals, 20 P
gc 5344 @11.506s 6%: 0.087+0.40+0.063 ms clock, 1.7+0.28/0.76/0+1.2 ms cpu, 4->5->2 MB, 5 MB goal, 0 MB stacks, 0 MB globals, 20 P
gc 5345 @11.507s 6%: 0.070+0.37+0.045 ms clock, 1.4+0.29/0.57/0.071+0.91 ms cpu, 4->5->2 MB, 5 MB goal, 0 MB stacks, 0 MB globals, 20 P
gc 5346 @11.508s 6%: 0.039+0.44+0.069 ms clock, 0.78+0.36/0.65/0.009+1.3 ms cpu, 3->5->2 MB, 4 MB goal, 0 MB stacks, 0 MB globals, 20 P
gc 5347 @11.510s 6%: 0.069+0.32+0.073 ms clock, 1.3+0.23/0.63/0.035+1.4 ms cpu, 4->5->2 MB, 5 MB goal, 0 MB stacks, 0 MB globals, 20 P
gc 5348 @11.511s 6%: 0.037+0.28+0.096 ms clock, 0.74+0.32/0.60/0.062+1.9 ms cpu, 4->4->2 MB, 4 MB goal, 0 MB stacks, 0 MB globals, 20 P
gc 5349 @11.512s 6%: 0.062+0.48+0.067 ms clock, 1.2+0.37/0.56/0.030+1.3 ms cpu, 3->4->2 MB, 4 MB goal, 0 MB stacks, 0 MB globals, 20 P
gc 5350 @11.513s 6%: 0.046+0.26+0.024 ms clock, 0.92+0.40/0.62/0+0.49 ms cpu, 4->5->2 MB, 5 MB goal, 0 MB stacks, 0 MB globals, 20 P
gc 5351 @11.514s 6%: 0.068+1.2+0.004 ms clock, 1.3+0.36/0.65/0.009+0.092 ms cpu, 3->5->2 MB, 4 MB goal, 0 MB stacks, 0 MB globals, 20 P
gc 5352 @11.516s 6%: 0.041+0.40+0.087 ms clock, 0.83+0.38/0.65/0+1.7 ms cpu, 4->5->2 MB, 5 MB goal, 0 MB stacks, 0 MB globals, 20 P
gc 5353 @11.517s 6%: 0.068+0.32+0.065 ms clock, 1.3+0.32/0.62/0.010+1.3 ms cpu, 4->5->2 MB, 5 MB goal, 0 MB stacks, 0 MB globals, 20 P
gc 5354 @11.518s 6%: 0.069+0.54+0.015 ms clock, 1.3+0.35/0.63/0+0.30 ms cpu, 4->5->2 MB, 5 MB goal, 0 MB stacks, 0 MB globals, 20 P
gc 5355 @11.520s 6%: 0.075+0.46+0.076 ms clock, 1.5+0.27/0.66/0+1.5 ms cpu, 4->5->2 MB, 5 MB goal, 0 MB stacks, 0 MB globals, 20 P
gc 5356 @11.521s 6%: 0.046+0.28+0.10 ms clock, 0.92+0.29/0.60/0.20+2.0 ms cpu, 4->5->2 MB, 5 MB goal, 0 MB stacks, 0 MB globals, 20 P
gc 5357 @11.522s 6%: 0.046+0.51+0.028 ms clock, 0.93+0.37/0.77/0+0.57 ms cpu, 3->4->2 MB, 4 MB goal, 0 MB stacks, 0 MB globals, 20 P
gc 5358 @11.524s 6%: 0.014+0.43+0.061 ms clock, 0.29+0.32/0.58/0.14+1.2 ms cpu, 4->5->2 MB, 5 MB goal, 0 MB stacks, 0 MB globals, 20 P
gc 5359 @11.525s 6%: 0.045+0.34+0.074 ms clock, 0.91+0.31/0.55/0.089+1.4 ms cpu, 4->5->2 MB, 5 MB goal, 0 MB stacks, 0 MB globals, 20 P
gc 5360 @11.526s 6%: 0.084+0.38+0.067 ms clock, 1.6+0.39/0.55/0.043+1.3 ms cpu, 3->5->2 MB, 4 MB goal, 0 MB stacks, 0 MB globals, 20 P
gc 5361 @11.527s 6%: 0.095+0.40+0.072 ms clock, 1.9+0.27/0.56/0.075+1.4 ms cpu, 4->5->2 MB, 5 MB goal, 0 MB stacks, 0 MB globals, 20 P
gc 5362 @11.528s 6%: 0.079+0.27+0.066 ms clock, 1.5+0.34/0.56/0+1.3 ms cpu, 4->5->2 MB, 5 MB goal, 0 MB stacks, 0 MB globals, 20 P
gc 5363 @11.529s 6%: 0.073+0.23+0.068 ms clock, 1.4+0.27/0.58/0.071+1.3 ms cpu, 3->4->2 MB, 4 MB goal, 0 MB stacks, 0 MB globals, 20 P
gc 5364 @11.530s 6%: 0.080+0.44+0.064 ms clock, 1.6+0.33/0.53/0.12+1.2 ms cpu, 4->4->2 MB, 4 MB goal, 0 MB stacks, 0 MB globals, 20 P
gc 5365 @11.532s 6%: 0.054+0.36+0.073 ms clock, 1.0+0.19/0.65/0.008+1.4 ms cpu, 4->5->2 MB, 5 MB goal, 0 MB stacks, 0 MB globals, 20 P
gc 5366 @11.533s 6%: 0.092+0.28+0.077 ms clock, 1.8+0.34/0.58/0+1.5 ms cpu, 4->5->2 MB, 4 MB goal, 0 MB stacks, 0 MB globals, 20 P
gc 5367 @11.534s 6%: 0.053+0.34+0.060 ms clock, 1.0+0.36/0.54/0.063+1.2 ms cpu, 4->4->2 MB, 4 MB goal, 0 MB stacks, 0 MB globals, 20 P
gc 5368 @11.535s 6%: 0.061+0.27+0.063 ms clock, 1.2+0.19/0.71/0.004+1.2 ms cpu, 4->4->2 MB, 4 MB goal, 0 MB stacks, 0 MB globals, 20 P
gc 5369 @11.536s 6%: 0.035+0.37+0.023 ms clock, 0.70+0.16/0.71/0.029+0.46 ms cpu, 3->4->2 MB, 4 MB goal, 0 MB stacks, 0 MB globals, 20 P
gc 5370 @11.537s 6%: 0.072+0.39+0.029 ms clock, 1.4+0.41/0.57/0+0.58 ms cpu, 3->4->2 MB, 4 MB goal, 0 MB stacks, 0 MB globals, 20 P
gc 5371 @11.539s 6%: 0.076+0.43+0.057 ms clock, 1.5+0.26/0.64/0+1.1 ms cpu, 4->5->2 MB, 5 MB goal, 0 MB stacks, 0 MB globals, 20 P
gc 5372 @11.540s 6%: 0.068+0.38+0.047 ms clock, 1.3+0.20/0.81/0.003+0.95 ms cpu, 4->5->2 MB, 5 MB goal, 0 MB stacks, 0 MB globals, 20 P
gc 5373 @11.542s 6%: 0.068+0.44+0.050 ms clock, 1.3+0.16/0.77/0+1.0 ms cpu, 4->5->2 MB, 5 MB goal, 0 MB stacks, 0 MB globals, 20 P
gc 5374 @11.543s 6%: 0.063+0.49+0.052 ms clock, 1.2+0.35/0.68/0.004+1.0 ms cpu, 4->5->2 MB, 5 MB goal, 0 MB stacks, 0 MB globals, 20 P
gc 5375 @11.544s 6%: 0.062+0.34+0.068 ms clock, 1.2+0.34/0.56/0.099+1.3 ms cpu, 4->5->2 MB, 5 MB goal, 0 MB stacks, 0 MB globals, 20 P
gc 5376 @11.545s 6%: 0.036+0.51+0.057 ms clock, 0.73+0.29/0.67/0.024+1.1 ms cpu, 4->5->2 MB, 5 MB goal, 0 MB stacks, 0 MB globals, 20 P
gc 5377 @11.547s 6%: 0.073+0.26+0.086 ms clock, 1.4+0.29/0.63/0+1.7 ms cpu, 4->5->2 MB, 5 MB goal, 0 MB stacks, 0 MB globals, 20 P
gc 5378 @11.548s 6%: 0.051+0.22+0.015 ms clock, 1.0+0.32/0.60/0.002+0.31 ms cpu, 3->4->1 MB, 4 MB goal, 0 MB stacks, 0 MB globals, 20 P
gc 5379 @11.549s 6%: 0.045+0.18+0.022 ms clock, 0.91+0.18/0.58/0.081+0.44 ms cpu, 3->3->1 MB, 4 MB goal, 0 MB stacks, 0 MB globals, 20 P
gc 5380 @11.550s 6%: 0.093+0.61+0.034 ms clock, 1.8+0.29/0.60/0.098+0.68 ms cpu, 3->4->2 MB, 4 MB goal, 0 MB stacks, 0 MB globals, 20 P
gc 5381 @11.551s 6%: 0.065+0.26+0.043 ms clock, 1.3+0.33/0.63/0+0.87 ms cpu, 4->4->2 MB, 5 MB goal, 0 MB stacks, 0 MB globals, 20 P
gc 5382 @11.552s 6%: 0.073+0.36+0.037 ms clock, 1.4+0.17/0.67/0.047+0.75 ms cpu, 3->4->2 MB, 4 MB goal, 0 MB stacks, 0 MB globals, 20 P
gc 5383 @11.553s 6%: 0.087+0.42+0.019 ms clock, 1.7+0.38/0.60/0.018+0.38 ms cpu, 4->4->2 MB, 4 MB goal, 0 MB stacks, 0 MB globals, 20 P
gc 5384 @11.554s 6%: 0.064+0.38+0.046 ms clock, 1.2+0.34/0.59/0.069+0.93 ms cpu, 4->4->2 MB, 4 MB goal, 0 MB stacks, 0 MB globals, 20 P
gc 5385 @11.556s 6%: 0.064+0.34+0.071 ms clock, 1.2+0.32/0.56/0.022+1.4 ms cpu, 3->4->2 MB, 4 MB goal, 0 MB stacks, 0 MB globals, 20 P
gc 5386 @11.557s 6%: 0.040+0.37+0.061 ms clock, 0.81+0.26/0.59/0.020+1.2 ms cpu, 3->4->2 MB, 4 MB goal, 0 MB stacks, 0 MB globals, 20 P
gc 5387 @11.558s 6%: 0.064+0.25+0.022 ms clock, 1.2+0.33/0.65/0+0.44 ms cpu, 4->4->2 MB, 4 MB goal, 0 MB stacks, 0 MB globals, 20 P
gc 5388 @11.559s 6%: 0.061+0.40+0.080 ms clock, 1.2+0.36/0.52/0.013+1.6 ms cpu, 3->4->2 MB, 4 MB goal, 0 MB stacks, 0 MB globals, 20 P
gc 5389 @11.560s 6%: 0.076+0.37+0.078 ms clock, 1.5+0.24/0.60/0.005+1.5 ms cpu, 4->5->2 MB, 5 MB goal, 0 MB stacks, 0 MB globals, 20 P
gc 5390 @11.561s 6%: 0.14+0.43+0.071 ms clock, 2.9+0.28/0.66/0+1.4 ms cpu, 3->4->2 MB, 4 MB goal, 0 MB stacks, 0 MB globals, 20 P
gc 5391 @11.563s 6%: 0.054+0.22+0.013 ms clock, 1.0+0.34/0.59/0.016+0.27 ms cpu, 4->4->1 MB, 4 MB goal, 0 MB stacks, 0 MB globals, 20 P
gc 5392 @11.563s 6%: 0.084+0.34+0.073 ms clock, 1.6+0.19/0.62/0+1.4 ms cpu, 3->4->2 MB, 4 MB goal, 0 MB stacks, 0 MB globals, 20 P
gc 5393 @11.565s 6%: 0.063+0.36+0.051 ms clock, 1.2+0.26/0.59/0.011+1.0 ms cpu, 3->4->2 MB, 4 MB goal, 0 MB stacks, 0 MB globals, 20 P
gc 5394 @11.566s 6%: 0.078+0.42+0.044 ms clock, 1.5+0.32/0.62/0.053+0.88 ms cpu, 4->4->2 MB, 4 MB goal, 0 MB stacks, 0 MB globals, 20 P
gc 5395 @11.567s 6%: 0.077+0.37+0.066 ms clock, 1.5+0.38/0.63/0+1.3 ms cpu, 4->5->2 MB, 4 MB goal, 0 MB stacks, 0 MB globals, 20 P
gc 5396 @11.568s 6%: 0.057+0.44+0.032 ms clock, 1.1+0.36/0.71/0.019+0.64 ms cpu, 4->5->2 MB, 5 MB goal, 0 MB stacks, 0 MB globals, 20 P
gc 5397 @11.570s 6%: 0.084+0.44+0.076 ms clock, 1.6+0.32/0.53/0.036+1.5 ms cpu, 4->5->2 MB, 5 MB goal, 0 MB stacks, 0 MB globals, 20 P
gc 5398 @11.571s 6%: 0.073+0.39+0.034 ms clock, 1.4+0.078/0.73/0.015+0.68 ms cpu, 4->5->2 MB, 5 MB goal, 0 MB stacks, 0 MB globals, 20 P
gc 5399 @11.573s 6%: 0.090+0.41+0.058 ms clock, 1.8+0.34/0.54/0+1.1 ms cpu, 4->5->2 MB, 5 MB goal, 0 MB stacks, 0 MB globals, 20 P
gc 5400 @11.574s 6%: 0.079+0.43+0.057 ms clock, 1.5+0.37/0.59/0.001+1.1 ms cpu, 4->5->2 MB, 4 MB goal, 0 MB stacks, 0 MB globals, 20 P
gc 5401 @11.575s 6%: 0.070+0.31+0.033 ms clock, 1.4+0.28/0.70/0.001+0.66 ms cpu, 4->5->2 MB, 5 MB goal, 0 MB stacks, 0 MB globals, 20 P
gc 5402 @11.576s 6%: 0.077+0.52+0.042 ms clock, 1.5+0.31/0.63/0.026+0.84 ms cpu, 3->5->2 MB, 4 MB goal, 0 MB stacks, 0 MB globals, 20 P
gc 5403 @11.578s 6%: 0.059+0.30+0.020 ms clock, 1.1+0.37/0.64/0+0.40 ms cpu, 4->5->2 MB, 5 MB goal, 0 MB stacks, 0 MB globals, 20 P
gc 5404 @11.579s 6%: 0.078+0.77+0.031 ms clock, 1.5+0.19/0.63/0.13+0.62 ms cpu, 4->5->2 MB, 4 MB goal, 0 MB stacks, 0 MB globals, 20 P
gc 5405 @11.581s 6%: 0.058+0.39+0.043 ms clock, 1.1+0.31/0.90/0.002+0.87 ms cpu, 4->6->2 MB, 5 MB goal, 0 MB stacks, 0 MB globals, 20 P
gc 5406 @11.582s 6%: 0.079+0.30+0.047 ms clock, 1.5+0.22/0.70/0+0.95 ms cpu, 4->5->2 MB, 5 MB goal, 0 MB stacks, 0 MB globals, 20 P
gc 5407 @11.583s 6%: 0.087+0.46+0.021 ms clock, 1.7+0.30/0.70/0.009+0.43 ms cpu, 4->5->2 MB, 5 MB goal, 0 MB stacks, 0 MB globals, 20 P
gc 5408 @11.585s 6%: 0.070+0.45+0.066 ms clock, 1.4+0.33/0.67/0.015+1.3 ms cpu, 4->5->2 MB, 5 MB goal, 0 MB stacks, 0 MB globals, 20 P
gc 5409 @11.587s 6%: 0.044+0.35+0.037 ms clock, 0.88+0.36/0.55/0.048+0.75 ms cpu, 4->5->2 MB, 5 MB goal, 0 MB stacks, 0 MB globals, 20 P
gc 5410 @11.588s 6%: 0.083+0.53+0.072 ms clock, 1.6+0.23/0.72/0.075+1.4 ms cpu, 4->4->2 MB, 4 MB goal, 0 MB stacks, 0 MB globals, 20 P
gc 5411 @11.589s 6%: 0.065+0.41+0.079 ms clock, 1.3+0.29/0.67/0.020+1.5 ms cpu, 4->5->2 MB, 5 MB goal, 0 MB stacks, 0 MB globals, 20 P
gc 5412 @11.591s 6%: 0.075+0.27+0.071 ms clock, 1.5+0.39/0.55/0.012+1.4 ms cpu, 4->5->2 MB, 5 MB goal, 0 MB stacks, 0 MB globals, 20 P
gc 5413 @11.592s 6%: 0.062+0.30+0.052 ms clock, 1.2+0.44/0.58/0.011+1.0 ms cpu, 4->4->2 MB, 4 MB goal, 0 MB stacks, 0 MB globals, 20 P
gc 5414 @11.593s 6%: 0.075+0.34+0.040 ms clock, 1.5+0.32/0.59/0.018+0.81 ms cpu, 4->4->2 MB, 5 MB goal, 0 MB stacks, 0 MB globals, 20 P
gc 5415 @11.595s 6%: 0.076+0.18+0.016 ms clock, 1.5+0.36/0.60/0.009+0.32 ms cpu, 4->4->1 MB, 4 MB goal, 0 MB stacks, 0 MB globals, 20 P
gc 5416 @11.595s 6%: 0.069+0.38+0.047 ms clock, 1.3+0.24/0.65/0+0.94 ms cpu, 3->4->2 MB, 4 MB goal, 0 MB stacks, 0 MB globals, 20 P
gc 5417 @11.597s 6%: 0.061+0.19+0.067 ms clock, 1.2+0.32/0.60/0.001+1.3 ms cpu, 4->4->2 MB, 4 MB goal, 0 MB stacks, 0 MB globals, 20 P
gc 5418 @11.598s 6%: 0.051+0.32+0.013 ms clock, 1.0+0.28/0.63/0.030+0.26 ms cpu, 3->4->2 MB, 4 MB goal, 0 MB stacks, 0 MB globals, 20 P
gc 5419 @11.599s 6%: 0.080+0.26+0.011 ms clock, 1.6+0.29/0.59/0.001+0.23 ms cpu, 3->4->2 MB, 4 MB goal, 0 MB stacks, 0 MB globals, 20 P
gc 5420 @11.600s 6%: 0.075+0.36+0.027 ms clock, 1.5+0.22/0.73/0.053+0.54 ms cpu, 3->4->2 MB, 4 MB goal, 0 MB stacks, 0 MB globals, 20 P
gc 5421 @11.602s 6%: 0.099+0.35+0.024 ms clock, 1.9+0.45/0.59/0.062+0.49 ms cpu, 4->4->2 MB, 4 MB goal, 0 MB stacks, 0 MB globals, 20 P
gc 5422 @11.603s 6%: 0.064+0.33+0.078 ms clock, 1.2+0.19/0.57/0.14+1.5 ms cpu, 4->4->2 MB, 5 MB goal, 0 MB stacks, 0 MB globals, 20 P
gc 5423 @11.604s 6%: 0.080+0.37+0.071 ms clock, 1.6+0.31/0.73/0.006+1.4 ms cpu, 3->4->2 MB, 4 MB goal, 0 MB stacks, 0 MB globals, 20 P
gc 5424 @11.606s 6%: 0.075+0.33+0.085 ms clock, 1.5+0.37/0.71/0+1.7 ms cpu, 4->5->2 MB, 5 MB goal, 0 MB stacks, 0 MB globals, 20 P
gc 5425 @11.607s 6%: 0.092+0.35+0.072 ms clock, 1.8+0.35/0.63/0.043+1.4 ms cpu, 4->5->2 MB, 4 MB goal, 0 MB stacks, 0 MB globals, 20 P
gc 5426 @11.608s 6%: 0.069+0.27+0.060 ms clock, 1.3+0.37/0.59/0.040+1.2 ms cpu, 4->4->2 MB, 5 MB goal, 0 MB stacks, 0 MB globals, 20 P
gc 5427 @11.609s 6%: 0.069+0.33+0.048 ms clock, 1.3+0.39/0.60/0.006+0.96 ms cpu, 3->4->2 MB, 4 MB goal, 0 MB stacks, 0 MB globals, 20 P
gc 5428 @11.611s 6%: 0.047+0.52+0.020 ms clock, 0.95+0.31/0.55/0.046+0.41 ms cpu, 4->5->2 MB, 5 MB goal, 0 MB stacks, 0 MB globals, 20 P
gc 5429 @11.612s 6%: 0.084+0.32+0.063 ms clock, 1.6+0.31/0.66/0.040+1.2 ms cpu, 4->5->2 MB, 5 MB goal, 0 MB stacks, 0 MB globals, 20 P
gc 5430 @11.613s 6%: 0.074+0.36+0.067 ms clock, 1.4+0.25/0.63/0.031+1.3 ms cpu, 4->4->2 MB, 4 MB goal, 0 MB stacks, 0 MB globals, 20 P
gc 5431 @11.614s 6%: 0.064+0.26+0.028 ms clock, 1.2+0.24/0.61/0.004+0.57 ms cpu, 3->4->2 MB, 4 MB goal, 0 MB stacks, 0 MB globals, 20 P
gc 5432 @11.615s 6%: 0.059+0.53+0.009 ms clock, 1.1+0.34/0.69/0.009+0.19 ms cpu, 3->4->2 MB, 4 MB goal, 0 MB stacks, 0 MB globals, 20 P
gc 5433 @11.617s 6%: 0.058+0.50+0.027 ms clock, 1.1+0.26/0.55/0.055+0.55 ms cpu, 4->5->2 MB, 5 MB goal, 0 MB stacks, 0 MB globals, 20 P
gc 5434 @11.618s 6%: 0.056+0.34+0.011 ms clock, 1.1+0.18/0.58/0.087+0.23 ms cpu, 4->5->2 MB, 4 MB goal, 0 MB stacks, 0 MB globals, 20 P
gc 5435 @11.620s 6%: 0.077+0.36+0.051 ms clock, 1.5+0.42/0.71/0+1.0 ms cpu, 3->4->2 MB, 4 MB goal, 0 MB stacks, 0 MB globals, 20 P
gc 5436 @11.621s 6%: 0.043+0.37+0.074 ms clock, 0.86+0.24/0.71/0.064+1.4 ms cpu, 4->4->2 MB, 4 MB goal, 0 MB stacks, 0 MB globals, 20 P
gc 5437 @11.622s 6%: 0.065+0.33+0.075 ms clock, 1.3+0.40/0.70/0+1.5 ms cpu, 4->4->2 MB, 4 MB goal, 0 MB stacks, 0 MB globals, 20 P
gc 5438 @11.623s 6%: 0.084+0.43+0.076 ms clock, 1.6+0.26/0.73/0.047+1.5 ms cpu, 4->4->2 MB, 4 MB goal, 0 MB stacks, 0 MB globals, 20 P
gc 5439 @11.625s 6%: 0.072+0.35+0.017 ms clock, 1.4+0.27/0.70/0+0.35 ms cpu, 4->5->2 MB, 5 MB goal, 0 MB stacks, 0 MB globals, 20 P
gc 5440 @11.626s 6%: 0.078+0.53+0.066 ms clock, 1.5+0.31/0.59/0+1.3 ms cpu, 4->5->2 MB, 4 MB goal, 0 MB stacks, 0 MB globals, 20 P
gc 5441 @11.627s 6%: 0.095+0.35+0.030 ms clock, 1.9+0.26/0.51/0+0.60 ms cpu, 4->5->2 MB, 5 MB goal, 0 MB stacks, 0 MB globals, 20 P
gc 5442 @11.629s 6%: 0.046+0.35+0.070 ms clock, 0.92+0.064/0.66/0.048+1.4 ms cpu, 4->5->2 MB, 5 MB goal, 0 MB stacks, 0 MB globals, 20 P
gc 5443 @11.630s 6%: 0.055+0.52+0.060 ms clock, 1.1+0.32/0.60/0.006+1.2 ms cpu, 4->5->2 MB, 4 MB goal, 0 MB stacks, 0 MB globals, 20 P
gc 5444 @11.632s 6%: 0.069+0.43+0.009 ms clock, 1.3+0.37/0.59/0.006+0.18 ms cpu, 4->5->2 MB, 5 MB goal, 0 MB stacks, 0 MB globals, 20 P
gc 5445 @11.633s 6%: 0.063+0.38+0.063 ms clock, 1.2+0.37/0.54/0.022+1.2 ms cpu, 4->5->2 MB, 5 MB goal, 0 MB stacks, 0 MB globals, 20 P
gc 5446 @11.634s 6%: 0.063+0.31+0.082 ms clock, 1.2+0.28/0.57/0.051+1.6 ms cpu, 4->4->2 MB, 4 MB goal, 0 MB stacks, 0 MB globals, 20 P
gc 5447 @11.635s 6%: 0.072+0.56+0.075 ms clock, 1.4+0.37/0.59/0+1.5 ms cpu, 3->5->2 MB, 4 MB goal, 0 MB stacks, 0 MB globals, 20 P
gc 5448 @11.636s 6%: 0.075+0.33+0.016 ms clock, 1.5+0.40/0.46/0.022+0.32 ms cpu, 4->5->2 MB, 5 MB goal, 0 MB stacks, 0 MB globals, 20 P
gc 5449 @11.638s 6%: 0.079+0.33+0.031 ms clock, 1.5+0.21/0.64/0.002+0.63 ms cpu, 3->4->2 MB, 4 MB goal, 0 MB stacks, 0 MB globals, 20 P
gc 5450 @11.639s 6%: 0.068+0.41+0.037 ms clock, 1.3+0.29/0.57/0+0.75 ms cpu, 3->4->2 MB, 4 MB goal, 0 MB stacks, 0 MB globals, 20 P
gc 5451 @11.640s 6%: 0.072+0.55+0.060 ms clock, 1.4+0.37/0.65/0.030+1.2 ms cpu, 4->5->2 MB, 4 MB goal, 0 MB stacks, 0 MB globals, 20 P
gc 5452 @11.642s 6%: 0.072+0.54+0.071 ms clock, 1.4+0.42/0.60/0.070+1.4 ms cpu, 4->5->2 MB, 5 MB goal, 0 MB stacks, 0 MB globals, 20 P
gc 5453 @11.643s 6%: 0.071+0.40+0.031 ms clock, 1.4+0.24/0.62/0.063+0.62 ms cpu, 4->5->2 MB, 5 MB goal, 0 MB stacks, 0 MB globals, 20 P
gc 5454 @11.644s 6%: 0.054+0.48+0.027 ms clock, 1.0+0.45/0.56/0.060+0.55 ms cpu, 4->4->2 MB, 4 MB goal, 0 MB stacks, 0 MB globals, 20 P
gc 5455 @11.646s 6%: 0.053+0.28+0.027 ms clock, 1.0+0.37/0.71/0.012+0.54 ms cpu, 4->5->2 MB, 5 MB goal, 0 MB stacks, 0 MB globals, 20 P
gc 5456 @11.647s 6%: 0.071+0.38+0.070 ms clock, 1.4+0.33/0.60/0.004+1.4 ms cpu, 4->4->2 MB, 4 MB goal, 0 MB stacks, 0 MB globals, 20 P
gc 5457 @11.648s 6%: 0.057+0.38+0.071 ms clock, 1.1+0.32/0.64/0+1.4 ms cpu, 4->5->2 MB, 5 MB goal, 0 MB stacks, 0 MB globals, 20 P
gc 5458 @11.649s 6%: 0.055+0.49+0.048 ms clock, 1.1+0.13/0.72/0+0.97 ms cpu, 4->5->2 MB, 5 MB goal, 0 MB stacks, 0 MB globals, 20 P
gc 5459 @11.651s 6%: 0.082+0.60+0.053 ms clock, 1.6+0.29/0.57/0+1.0 ms cpu, 4->5->2 MB, 5 MB goal, 0 MB stacks, 0 MB globals, 20 P
gc 5460 @11.652s 6%: 0.097+0.39+0.022 ms clock, 1.9+0.23/0.62/0.005+0.45 ms cpu, 4->5->2 MB, 5 MB goal, 0 MB stacks, 0 MB globals, 20 P
gc 5461 @11.654s 6%: 0.071+0.37+0.066 ms clock, 1.4+0.11/0.70/0+1.3 ms cpu, 4->5->2 MB, 5 MB goal, 0 MB stacks, 0 MB globals, 20 P
gc 5462 @11.655s 6%: 0.081+0.52+0.064 ms clock, 1.6+0.27/0.68/0.051+1.2 ms cpu, 4->5->2 MB, 4 MB goal, 0 MB stacks, 0 MB globals, 20 P
gc 5463 @11.656s 6%: 0.062+0.35+0.072 ms clock, 1.2+0.27/0.61/0.048+1.4 ms cpu, 4->5->2 MB, 5 MB goal, 0 MB stacks, 0 MB globals, 20 P
gc 5464 @11.657s 6%: 0.041+0.32+0.080 ms clock, 0.83+0.21/0.65/0.13+1.6 ms cpu, 4->5->2 MB, 5 MB goal, 0 MB stacks, 0 MB globals, 20 P
gc 5465 @11.658s 6%: 0.077+0.26+0.035 ms clock, 1.5+0.29/0.63/0+0.71 ms cpu, 4->4->2 MB, 4 MB goal, 0 MB stacks, 0 MB globals, 20 P
gc 5466 @11.659s 6%: 0.073+0.29+0.049 ms clock, 1.4+0.23/0.71/0.022+0.99 ms cpu, 4->4->2 MB, 4 MB goal, 0 MB stacks, 0 MB globals, 20 P
gc 5467 @11.660s 6%: 0.065+0.33+0.061 ms clock, 1.3+0.39/0.53/0.024+1.2 ms cpu, 3->4->2 MB, 4 MB goal, 0 MB stacks, 0 MB globals, 20 P
gc 5468 @11.661s 6%: 0.088+0.34+0.032 ms clock, 1.7+0.26/0.66/0.021+0.65 ms cpu, 4->5->2 MB, 4 MB goal, 0 MB stacks, 0 MB globals, 20 P
gc 5469 @11.663s 6%: 0.063+0.47+0.072 ms clock, 1.2+0.24/0.59/0.070+1.4 ms cpu, 4->5->2 MB, 4 MB goal, 0 MB stacks, 0 MB globals, 20 P
gc 5470 @11.664s 6%: 0.089+0.49+0.068 ms clock, 1.7+0.48/0.56/0.065+1.3 ms cpu, 4->5->2 MB, 4 MB goal, 0 MB stacks, 0 MB globals, 20 P
gc 5471 @11.665s 6%: 0.062+0.41+0.052 ms clock, 1.2+0.35/0.58/0.015+1.0 ms cpu, 4->5->2 MB, 5 MB goal, 0 MB stacks, 0 MB globals, 20 P
gc 5472 @11.667s 6%: 0.046+0.50+0.020 ms clock, 0.92+0.28/0.61/0.016+0.41 ms cpu, 4->5->2 MB, 5 MB goal, 0 MB stacks, 0 MB globals, 20 P
gc 5473 @11.668s 6%: 0.093+0.47+0.031 ms clock, 1.8+0.39/0.63/0+0.63 ms cpu, 4->5->2 MB, 5 MB goal, 0 MB stacks, 0 MB globals, 20 P
gc 5474 @11.669s 6%: 0.067+0.27+0.035 ms clock, 1.3+0.28/0.66/0.003+0.70 ms cpu, 4->5->2 MB, 5 MB goal, 0 MB stacks, 0 MB globals, 20 P
gc 5475 @11.671s 6%: 0.045+0.36+0.076 ms clock, 0.91+0.14/0.82/0.013+1.5 ms cpu, 4->4->2 MB, 4 MB goal, 0 MB stacks, 0 MB globals, 20 P
gc 5476 @11.672s 6%: 0.069+0.38+0.076 ms clock, 1.3+0.37/0.56/0+1.5 ms cpu, 4->4->2 MB, 4 MB goal, 0 MB stacks, 0 MB globals, 20 P
gc 5477 @11.673s 6%: 0.054+0.44+0.045 ms clock, 1.0+0.25/0.59/0.027+0.91 ms cpu, 4->5->2 MB, 5 MB goal, 0 MB stacks, 0 MB globals, 20 P
gc 5478 @11.674s 6%: 0.030+0.35+0.12 ms clock, 0.60+0.080/0.79/0.060+2.5 ms cpu, 4->5->2 MB, 5 MB goal, 0 MB stacks, 0 MB globals, 20 P
gc 5479 @11.675s 6%: 0.061+0.38+0.054 ms clock, 1.2+0.28/0.57/0.074+1.0 ms cpu, 4->5->2 MB, 4 MB goal, 0 MB stacks, 0 MB globals, 20 P
gc 5480 @11.677s 6%: 0.067+0.31+0.015 ms clock, 1.3+0.26/0.62/0+0.30 ms cpu, 4->5->2 MB, 5 MB goal, 0 MB stacks, 0 MB globals, 20 P
gc 5481 @11.678s 6%: 0.045+0.27+0.059 ms clock, 0.90+0.26/0.62/0.020+1.1 ms cpu, 3->4->2 MB, 4 MB goal, 0 MB stacks, 0 MB globals, 20 P
gc 5482 @11.679s 6%: 0.049+0.44+0.056 ms clock, 0.99+0.43/0.63/0+1.1 ms cpu, 3->4->2 MB, 4 MB goal, 0 MB stacks, 0 MB globals, 20 P
gc 5483 @11.680s 6%: 0.082+0.43+0.055 ms clock, 1.6+0.37/0.61/0.012+1.1 ms cpu, 4->5->2 MB, 5 MB goal, 0 MB stacks, 0 MB globals, 20 P
gc 5484 @11.681s 6%: 0.067+0.48+0.075 ms clock, 1.3+0.26/0.52/0.26+1.5 ms cpu, 4->6->2 MB, 5 MB goal, 0 MB stacks, 0 MB globals, 20 P
gc 5485 @11.683s 6%: 0.067+0.40+0.071 ms clock, 1.3+0.39/0.60/0.008+1.4 ms cpu, 4->6->2 MB, 5 MB goal, 0 MB stacks, 0 MB globals, 20 P
gc 5486 @11.685s 6%: 0.083+0.37+0.14 ms clock, 1.6+0.34/0.72/0.001+2.9 ms cpu, 4->5->2 MB, 5 MB goal, 0 MB stacks, 0 MB globals, 20 P
gc 5487 @11.686s 6%: 0.057+0.30+0.063 ms clock, 1.1+0.28/0.58/0.012+1.2 ms cpu, 4->5->2 MB, 5 MB goal, 0 MB stacks, 0 MB globals, 20 P
gc 5488 @11.687s 6%: 0.084+0.58+0.071 ms clock, 1.6+0.32/0.62/0.008+1.4 ms cpu, 4->5->2 MB, 4 MB goal, 0 MB stacks, 0 MB globals, 20 P
gc 5489 @11.689s 6%: 0.040+0.42+0.078 ms clock, 0.80+0.22/0.73/0.23+1.5 ms cpu, 4->5->2 MB, 5 MB goal, 0 MB stacks, 0 MB globals, 20 P
gc 5490 @11.690s 6%: 0.077+0.45+0.078 ms clock, 1.5+0.44/0.54/0+1.5 ms cpu, 4->5->2 MB, 5 MB goal, 0 MB stacks, 0 MB globals, 20 P
gc 5491 @11.692s 6%: 0.046+0.49+0.046 ms clock, 0.93+0.32/0.62/0+0.93 ms cpu, 4->5->2 MB, 5 MB goal, 0 MB stacks, 0 MB globals, 20 P
gc 5492 @11.693s 6%: 0.080+0.33+0.056 ms clock, 1.6+0.31/0.68/0.013+1.1 ms cpu, 4->5->2 MB, 5 MB goal, 0 MB stacks, 0 MB globals, 20 P
gc 5493 @11.694s 6%: 0.086+0.36+0.065 ms clock, 1.7+0.47/0.50/0+1.3 ms cpu, 4->4->2 MB, 4 MB goal, 0 MB stacks, 0 MB globals, 20 P
gc 5494 @11.696s 6%: 0.025+0.57+0.071 ms clock, 0.50+0.26/0.58/0.10+1.4 ms cpu, 4->5->2 MB, 4 MB goal, 0 MB stacks, 0 MB globals, 20 P
gc 5495 @11.697s 6%: 0.053+0.48+0.098 ms clock, 1.0+0.25/0.63/0.009+1.9 ms cpu, 4->5->2 MB, 5 MB goal, 0 MB stacks, 0 MB globals, 20 P
gc 5496 @11.699s 6%: 0.074+0.31+0.060 ms clock, 1.4+0.37/0.62/0+1.2 ms cpu, 4->5->2 MB, 5 MB goal, 0 MB stacks, 0 MB globals, 20 P
gc 5497 @11.700s 6%: 0.044+0.29+0.023 ms clock, 0.89+0.31/0.59/0.064+0.47 ms cpu, 4->5->2 MB, 5 MB goal, 0 MB stacks, 0 MB globals, 20 P
gc 5498 @11.701s 6%: 0.076+0.29+0.007 ms clock, 1.5+0.29/0.57/0+0.15 ms cpu, 3->4->2 MB, 4 MB goal, 0 MB stacks, 0 MB globals, 20 P
gc 5499 @11.702s 6%: 0.067+0.29+0.060 ms clock, 1.3+0.33/0.61/0.015+1.2 ms cpu, 4->4->2 MB, 4 MB goal, 0 MB stacks, 0 MB globals, 20 P
gc 5500 @11.703s 6%: 0.079+0.69+0.082 ms clock, 1.5+0.28/0.61/0.005+1.6 ms cpu, 3->5->2 MB, 4 MB goal, 0 MB stacks, 0 MB globals, 20 P
gc 5501 @11.705s 6%: 0.067+0.56+0.026 ms clock, 1.3+0.38/0.57/0.034+0.53 ms cpu, 4->6->2 MB, 5 MB goal, 0 MB stacks, 0 MB globals, 20 P
gc 5502 @11.707s 6%: 0.082+0.41+0.077 ms clock, 1.6+0.20/0.57/0.055+1.5 ms cpu, 4->5->2 MB, 5 MB goal, 0 MB stacks, 0 MB globals, 20 P
gc 5503 @11.708s 6%: 0.067+0.83+0.060 ms clock, 1.3+0.30/0.75/0+1.2 ms cpu, 4->5->2 MB, 5 MB goal, 0 MB stacks, 0 MB globals, 20 P
gc 5504 @11.709s 6%: 0.054+0.37+0.048 ms clock, 1.0+0.28/0.66/0.045+0.97 ms cpu, 4->5->2 MB, 5 MB goal, 0 MB stacks, 0 MB globals, 20 P
gc 5505 @11.711s 6%: 0.058+0.45+0.056 ms clock, 1.1+0.33/0.54/0.036+1.1 ms cpu, 4->5->2 MB, 4 MB goal, 0 MB stacks, 0 MB globals, 20 P
gc 5506 @11.712s 6%: 0.085+0.41+0.049 ms clock, 1.7+0.28/0.70/0.023+0.98 ms cpu, 4->5->2 MB, 5 MB goal, 0 MB stacks, 0 MB globals, 20 P
gc 5507 @11.714s 6%: 0.078+0.35+0.060 ms clock, 1.5+0.28/0.63/0+1.2 ms cpu, 4->5->2 MB, 5 MB goal, 0 MB stacks, 0 MB globals, 20 P
gc 5508 @11.715s 6%: 0.097+0.28+0.042 ms clock, 1.9+0.31/0.55/0.017+0.85 ms cpu, 4->4->2 MB, 4 MB goal, 0 MB stacks, 0 MB globals, 20 P
gc 5509 @11.715s 6%: 0.071+0.41+0.075 ms clock, 1.4+0.37/0.62/0.040+1.5 ms cpu, 3->4->2 MB, 4 MB goal, 0 MB stacks, 0 MB globals, 20 P
gc 5510 @11.717s 6%: 0.067+0.45+0.036 ms clock, 1.3+0.33/0.63/0.001+0.72 ms cpu, 3->5->2 MB, 4 MB goal, 0 MB stacks, 0 MB globals, 20 P
gc 5511 @11.718s 6%: 0.079+0.45+0.048 ms clock, 1.5+0.35/0.64/0.039+0.97 ms cpu, 4->5->2 MB, 5 MB goal, 0 MB stacks, 0 MB globals, 20 P
gc 5512 @11.720s 6%: 0.051+0.39+0.085 ms clock, 1.0+0.31/0.53/0.023+1.7 ms cpu, 4->5->2 MB, 5 MB goal, 0 MB stacks, 0 MB globals, 20 P
gc 5513 @11.721s 6%: 0.068+0.38+0.036 ms clock, 1.3+0.36/0.75/0.055+0.73 ms cpu, 4->5->2 MB, 4 MB goal, 0 MB stacks, 0 MB globals, 20 P
gc 5514 @11.722s 6%: 0.085+0.29+0.066 ms clock, 1.7+0.19/0.67/0+1.3 ms cpu, 4->4->2 MB, 4 MB goal, 0 MB stacks, 0 MB globals, 20 P
gc 5515 @11.723s 6%: 0.060+0.38+0.041 ms clock, 1.2+0.26/0.59/0.042+0.83 ms cpu, 4->4->2 MB, 5 MB goal, 0 MB stacks, 0 MB globals, 20 P
gc 5516 @11.724s 6%: 0.094+0.39+0.042 ms clock, 1.8+0.40/0.60/0.019+0.84 ms cpu, 4->5->2 MB, 4 MB goal, 0 MB stacks, 0 MB globals, 20 P
gc 5517 @11.726s 6%: 0.059+0.43+0.066 ms clock, 1.1+0.41/0.55/0.062+1.3 ms cpu, 4->5->2 MB, 5 MB goal, 0 MB stacks, 0 MB globals, 20 P
gc 5518 @11.727s 6%: 0.036+0.43+0.071 ms clock, 0.72+0.30/0.64/0.016+1.4 ms cpu, 4->5->2 MB, 4 MB goal, 0 MB stacks, 0 MB globals, 20 P
gc 5519 @11.728s 6%: 0.082+0.34+0.055 ms clock, 1.6+0.31/0.59/0.021+1.1 ms cpu, 4->5->2 MB, 4 MB goal, 0 MB stacks, 0 MB globals, 20 P
gc 5520 @11.730s 6%: 0.049+0.33+0.010 ms clock, 0.98+0.47/0.66/0+0.21 ms cpu, 4->5->2 MB, 5 MB goal, 0 MB stacks, 0 MB globals, 20 P
gc 5521 @11.731s 6%: 0.045+0.34+0.020 ms clock, 0.90+0.21/0.70/0+0.41 ms cpu, 4->5->2 MB, 5 MB goal, 0 MB stacks, 0 MB globals, 20 P
gc 5522 @11.732s 6%: 0.096+0.45+0.019 ms clock, 1.9+0.37/0.51/0+0.39 ms cpu, 4->5->2 MB, 4 MB goal, 0 MB stacks, 0 MB globals, 20 P
gc 5523 @11.734s 6%: 0.082+0.38+0.068 ms clock, 1.6+0.29/0.58/0.008+1.3 ms cpu, 4->5->2 MB, 5 MB goal, 0 MB stacks, 0 MB globals, 20 P
gc 5524 @11.735s 6%: 0.062+0.44+0.028 ms clock, 1.2+0.33/0.66/0.040+0.57 ms cpu, 4->5->2 MB, 4 MB goal, 0 MB stacks, 0 MB globals, 20 P
gc 5525 @11.737s 6%: 0.059+0.29+0.055 ms clock, 1.1+0.28/0.60/0.059+1.1 ms cpu, 4->5->2 MB, 5 MB goal, 0 MB stacks, 0 MB globals, 20 P
gc 5526 @11.737s 6%: 0.054+0.54+0.070 ms clock, 1.0+0.42/0.70/0.003+1.4 ms cpu, 3->4->2 MB, 4 MB goal, 0 MB stacks, 0 MB globals, 20 P
gc 5527 @11.739s 6%: 0.068+0.33+0.074 ms clock, 1.3+0.29/0.63/0.043+1.4 ms cpu, 4->5->2 MB, 5 MB goal, 0 MB stacks, 0 MB globals, 20 P
gc 5528 @11.740s 6%: 0.072+0.48+0.054 ms clock, 1.4+0.24/0.68/0.027+1.0 ms cpu, 4->5->2 MB, 4 MB goal, 0 MB stacks, 0 MB globals, 20 P
gc 5529 @11.742s 6%: 0.076+0.22+0.011 ms clock, 1.5+0.33/0.58/0.014+0.22 ms cpu, 4->4->1 MB, 5 MB goal, 0 MB stacks, 0 MB globals, 20 P
gc 5530 @11.743s 6%: 0.030+0.48+0.022 ms clock, 0.61+0.29/0.63/0.003+0.45 ms cpu, 3->4->2 MB, 4 MB goal, 0 MB stacks, 0 MB globals, 20 P
gc 5531 @11.744s 6%: 0.031+0.50+0.063 ms clock, 0.63+0.32/0.63/0.026+1.2 ms cpu, 4->5->2 MB, 5 MB goal, 0 MB stacks, 0 MB globals, 20 P
gc 5532 @11.745s 6%: 0.052+0.30+0.068 ms clock, 1.0+0.26/0.74/0+1.3 ms cpu, 4->5->2 MB, 4 MB goal, 0 MB stacks, 0 MB globals, 20 P
gc 5533 @11.747s 6%: 0.044+0.44+0.065 ms clock, 0.88+0.35/0.72/0.037+1.3 ms cpu, 4->4->2 MB, 4 MB goal, 0 MB stacks, 0 MB globals, 20 P
gc 5534 @11.748s 6%: 0.10+0.48+0.068 ms clock, 2.1+0.29/0.65/0.001+1.3 ms cpu, 4->5->2 MB, 4 MB goal, 0 MB stacks, 0 MB globals, 20 P
gc 5535 @11.750s 6%: 0.067+0.43+0.053 ms clock, 1.3+0.34/0.64/0.003+1.0 ms cpu, 4->5->2 MB, 5 MB goal, 0 MB stacks, 0 MB globals, 20 P
gc 5536 @11.751s 6%: 0.053+0.37+0.019 ms clock, 1.0+0.28/0.65/0+0.39 ms cpu, 4->5->2 MB, 5 MB goal, 0 MB stacks, 0 MB globals, 20 P
gc 5537 @11.752s 6%: 0.077+0.44+0.023 ms clock, 1.5+0.32/0.63/0.030+0.47 ms cpu, 3->4->2 MB, 4 MB goal, 0 MB stacks, 0 MB globals, 20 P
gc 5538 @11.754s 6%: 0.072+0.48+0.067 ms clock, 1.4+0.46/0.67/0.035+1.3 ms cpu, 4->5->2 MB, 5 MB goal, 0 MB stacks, 0 MB globals, 20 P
gc 5539 @11.755s 6%: 0.065+0.36+0.066 ms clock, 1.3+0.30/0.59/0.002+1.3 ms cpu, 4->5->2 MB, 5 MB goal, 0 MB stacks, 0 MB globals, 20 P
gc 5540 @11.756s 6%: 0.090+0.33+0.052 ms clock, 1.8+0.25/0.60/0.003+1.0 ms cpu, 4->5->2 MB, 5 MB goal, 0 MB stacks, 0 MB globals, 20 P
gc 5541 @11.757s 6%: 0.080+0.48+0.074 ms clock, 1.6+0.44/0.65/0.009+1.4 ms cpu, 4->4->2 MB, 4 MB goal, 0 MB stacks, 0 MB globals, 20 P
gc 5542 @11.759s 6%: 0.081+0.54+0.055 ms clock, 1.6+0.29/0.64/0.011+1.1 ms cpu, 4->5->2 MB, 5 MB goal, 0 MB stacks, 0 MB globals, 20 P
gc 5543 @11.760s 6%: 0.070+0.31+0.058 ms clock, 1.4+0.39/0.49/0.007+1.1 ms cpu, 4->5->2 MB, 5 MB goal, 0 MB stacks, 0 MB globals, 20 P
gc 5544 @11.762s 6%: 0.066+0.32+0.067 ms clock, 1.3+0.31/0.69/0.035+1.3 ms cpu, 4->5->2 MB, 5 MB goal, 0 MB stacks, 0 MB globals, 20 P
gc 5545 @11.763s 6%: 0.052+0.36+0.059 ms clock, 1.0+0.35/0.73/0.010+1.1 ms cpu, 4->4->2 MB, 4 MB goal, 0 MB stacks, 0 MB globals, 20 P
gc 5546 @11.764s 6%: 0.081+0.51+0.058 ms clock, 1.6+0.25/0.68/0.034+1.1 ms cpu, 4->5->2 MB, 4 MB goal, 0 MB stacks, 0 MB globals, 20 P
gc 5547 @11.765s 6%: 0.067+0.55+0.017 ms clock, 1.3+0.21/0.67/0.024+0.35 ms cpu, 4->5->2 MB, 5 MB goal, 0 MB stacks, 0 MB globals, 20 P
gc 5548 @11.767s 6%: 0.070+0.47+0.047 ms clock, 1.4+0.37/0.66/0+0.95 ms cpu, 4->5->2 MB, 5 MB goal, 0 MB stacks, 0 MB globals, 20 P
gc 5549 @11.768s 6%: 0.067+0.38+0.097 ms clock, 1.3+0.39/0.61/0.017+1.9 ms cpu, 4->5->2 MB, 5 MB goal, 0 MB stacks, 0 MB globals, 20 P
gc 5550 @11.769s 6%: 0.064+0.33+0.062 ms clock, 1.2+0.28/0.64/0.012+1.2 ms cpu, 3->4->2 MB, 4 MB goal, 0 MB stacks, 0 MB globals, 20 P
gc 5551 @11.770s 6%: 0.082+0.56+0.060 ms clock, 1.6+0.29/0.58/0.061+1.2 ms cpu, 3->4->2 MB, 4 MB goal, 0 MB stacks, 0 MB globals, 20 P
gc 5552 @11.772s 6%: 0.043+0.62+0.036 ms clock, 0.86+0.27/0.66/0.009+0.72 ms cpu, 4->5->2 MB, 5 MB goal, 0 MB stacks, 0 MB globals, 20 P
gc 5553 @11.773s 6%: 0.098+0.35+0.028 ms clock, 1.9+0.38/0.55/0.017+0.57 ms cpu, 4->5->2 MB, 5 MB goal, 0 MB stacks, 0 MB globals, 20 P
gc 5554 @11.774s 6%: 0.057+0.52+0.033 ms clock, 1.1+0.34/0.62/0.013+0.67 ms cpu, 4->5->2 MB, 4 MB goal, 0 MB stacks, 0 MB globals, 20 P
gc 5555 @11.776s 6%: 0.088+0.46+0.052 ms clock, 1.7+0.46/0.59/0.005+1.0 ms cpu, 4->5->2 MB, 5 MB goal, 0 MB stacks, 0 MB globals, 20 P
gc 5556 @11.778s 6%: 0.069+0.35+0.071 ms clock, 1.3+0.24/0.69/0.016+1.4 ms cpu, 4->5->2 MB, 5 MB goal, 0 MB stacks, 0 MB globals, 20 P
gc 5557 @11.779s 6%: 0.065+0.41+0.074 ms clock, 1.3+0.29/0.59/0.021+1.4 ms cpu, 4->4->2 MB, 4 MB goal, 0 MB stacks, 0 MB globals, 20 P
gc 5558 @11.780s 6%: 0.035+0.30+0.068 ms clock, 0.70+0.25/0.62/0.15+1.3 ms cpu, 4->4->2 MB, 4 MB goal, 0 MB stacks, 0 MB globals, 20 P
gc 5559 @11.781s 6%: 0.064+0.46+0.057 ms clock, 1.2+0.28/0.65/0+1.1 ms cpu, 3->5->2 MB, 4 MB goal, 0 MB stacks, 0 MB globals, 20 P
gc 5560 @11.783s 6%: 0.074+0.32+0.060 ms clock, 1.4+0.28/0.60/0+1.2 ms cpu, 4->4->2 MB, 5 MB goal, 0 MB stacks, 0 MB globals, 20 P
gc 5561 @11.784s 6%: 0.039+0.36+0.10 ms clock, 0.79+0.30/0.57/0.007+2.0 ms cpu, 3->4->2 MB, 4 MB goal, 0 MB stacks, 0 MB globals, 20 P
gc 5562 @11.785s 6%: 0.078+0.24+0.061 ms clock, 1.5+0.35/0.57/0.009+1.2 ms cpu, 4->4->1 MB, 4 MB goal, 0 MB stacks, 0 MB globals, 20 P
gc 5563 @11.786s 6%: 0.063+0.40+0.054 ms clock, 1.2+0.40/0.63/0.011+1.0 ms cpu, 3->4->2 MB, 4 MB goal, 0 MB stacks, 0 MB globals, 20 P
gc 5564 @11.787s 6%: 0.075+0.52+0.037 ms clock, 1.5+0.27/0.63/0.023+0.75 ms cpu, 4->5->2 MB, 5 MB goal, 0 MB stacks, 0 MB globals, 20 P
gc 5565 @11.788s 6%: 0.089+0.29+0.039 ms clock, 1.7+0.31/0.56/0+0.78 ms cpu, 4->5->2 MB, 5 MB goal, 0 MB stacks, 0 MB globals, 20 P
gc 5566 @11.789s 6%: 0.075+0.25+0.078 ms clock, 1.5+0.28/0.53/0+1.5 ms cpu, 4->4->2 MB, 4 MB goal, 0 MB stacks, 0 MB globals, 20 P
gc 5567 @11.790s 6%: 0.088+0.30+0.024 ms clock, 1.7+0.32/0.61/0.014+0.48 ms cpu, 3->4->2 MB, 4 MB goal, 0 MB stacks, 0 MB globals, 20 P
gc 5568 @11.791s 6%: 0.076+0.35+0.095 ms clock, 1.5+0.26/0.69/0+1.9 ms cpu, 4->5->2 MB, 5 MB goal, 0 MB stacks, 0 MB globals, 20 P
gc 5569 @11.793s 6%: 0.082+0.38+0.093 ms clock, 1.6+0.31/0.59/0.025+1.8 ms cpu, 4->5->2 MB, 4 MB goal, 0 MB stacks, 0 MB globals, 20 P
gc 5570 @11.794s 6%: 0.078+0.32+0.064 ms clock, 1.5+0.37/0.63/0.005+1.2 ms cpu, 4->5->2 MB, 5 MB goal, 0 MB stacks, 0 MB globals, 20 P
gc 5571 @11.795s 6%: 0.071+0.43+0.059 ms clock, 1.4+0.25/0.60/0.027+1.1 ms cpu, 4->5->2 MB, 4 MB goal, 0 MB stacks, 0 MB globals, 20 P
gc 5572 @11.796s 6%: 0.033+0.35+0.059 ms clock, 0.67+0.23/0.62/0.050+1.1 ms cpu, 4->5->2 MB, 5 MB goal, 0 MB stacks, 0 MB globals, 20 P
gc 5573 @11.798s 6%: 0.051+0.29+0.053 ms clock, 1.0+0.41/0.50/0.028+1.0 ms cpu, 3->4->2 MB, 4 MB goal, 0 MB stacks, 0 MB globals, 20 P
gc 5574 @11.799s 6%: 0.068+0.35+0.067 ms clock, 1.3+0.34/0.52/0.086+1.3 ms cpu, 3->4->2 MB, 4 MB goal, 0 MB stacks, 0 MB globals, 20 P
gc 5575 @11.800s 6%: 0.075+0.37+0.019 ms clock, 1.5+0.33/0.66/0.068+0.39 ms cpu, 4->5->2 MB, 5 MB goal, 0 MB stacks, 0 MB globals, 20 P
gc 5576 @11.801s 6%: 0.088+0.45+0.059 ms clock, 1.7+0.27/0.59/0.020+1.1 ms cpu, 4->5->2 MB, 4 MB goal, 0 MB stacks, 0 MB globals, 20 P
gc 5577 @11.802s 6%: 0.084+0.32+0.086 ms clock, 1.6+0.34/0.61/0+1.7 ms cpu, 4->5->2 MB, 5 MB goal, 0 MB stacks, 0 MB globals, 20 P
gc 5578 @11.803s 6%: 0.082+0.39+0.050 ms clock, 1.6+0.35/0.64/0.10+1.0 ms cpu, 4->5->2 MB, 4 MB goal, 0 MB stacks, 0 MB globals, 20 P
gc 5579 @11.805s 6%: 0.067+0.49+0.025 ms clock, 1.3+0.31/0.66/0.031+0.51 ms cpu, 4->5->2 MB, 5 MB goal, 0 MB stacks, 0 MB globals, 20 P
gc 5580 @11.806s 6%: 0.066+0.43+0.076 ms clock, 1.3+0.48/0.57/0.033+1.5 ms cpu, 4->5->2 MB, 5 MB goal, 0 MB stacks, 0 MB globals, 20 P
gc 5581 @11.808s 6%: 0.047+0.47+0.066 ms clock, 0.94+0.24/0.69/0.025+1.3 ms cpu, 4->5->2 MB, 5 MB goal, 0 MB stacks, 0 MB globals, 20 P
gc 5582 @11.809s 6%: 0.050+0.51+0.035 ms clock, 1.0+0.23/0.62/0.022+0.71 ms cpu, 4->5->2 MB, 5 MB goal, 0 MB stacks, 0 MB globals, 20 P
gc 5583 @11.811s 6%: 0.062+0.35+0.062 ms clock, 1.2+0.33/0.57/0.003+1.2 ms cpu, 4->5->2 MB, 5 MB goal, 0 MB stacks, 0 MB globals, 20 P
gc 5584 @11.812s 6%: 0.080+0.42+0.065 ms clock, 1.6+0.40/0.66/0.085+1.3 ms cpu, 4->5->2 MB, 4 MB goal, 0 MB stacks, 0 MB globals, 20 P
gc 5585 @11.813s 6%: 0.070+0.49+0.043 ms clock, 1.4+0.32/0.69/0.026+0.87 ms cpu, 4->5->2 MB, 5 MB goal, 0 MB stacks, 0 MB globals, 20 P
gc 5586 @11.815s 6%: 0.032+0.33+0.054 ms clock, 0.64+0.18/0.63/0.026+1.0 ms cpu, 4->5->2 MB, 5 MB goal, 0 MB stacks, 0 MB globals, 20 P
gc 5587 @11.816s 6%: 0.063+0.38+0.082 ms clock, 1.2+0.41/0.57/0.015+1.6 ms cpu, 4->4->2 MB, 4 MB goal, 0 MB stacks, 0 MB globals, 20 P
gc 5588 @11.817s 6%: 0.078+0.23+0.048 ms clock, 1.5+0.27/0.62/0+0.96 ms cpu, 4->4->2 MB, 4 MB goal, 0 MB stacks, 0 MB globals, 20 P
gc 5589 @11.818s 6%: 0.070+0.28+0.038 ms clock, 1.4+0.34/0.61/0.055+0.77 ms cpu, 3->4->2 MB, 4 MB goal, 0 MB stacks, 0 MB globals, 20 P
gc 5590 @11.819s 6%: 0.058+0.35+0.064 ms clock, 1.1+0.29/0.66/0.041+1.2 ms cpu, 3->4->2 MB, 4 MB goal, 0 MB stacks, 0 MB globals, 20 P
gc 5591 @11.820s 6%: 0.089+0.34+0.059 ms clock, 1.7+0.38/0.49/0.007+1.1 ms cpu, 3->4->2 MB, 4 MB goal, 0 MB stacks, 0 MB globals, 20 P
gc 5592 @11.821s 6%: 0.063+0.63+0.063 ms clock, 1.2+0.39/0.53/0.033+1.2 ms cpu, 4->5->2 MB, 4 MB goal, 0 MB stacks, 0 MB globals, 20 P
gc 5593 @11.823s 6%: 0.050+0.38+0.071 ms clock, 1.0+0.27/0.58/0.075+1.4 ms cpu, 4->5->2 MB, 5 MB goal, 0 MB stacks, 0 MB globals, 20 P
gc 5594 @11.825s 6%: 0.079+0.44+0.062 ms clock, 1.5+0.32/0.65/0.026+1.2 ms cpu, 4->5->2 MB, 4 MB goal, 0 MB stacks, 0 MB globals, 20 P
gc 5595 @11.826s 6%: 0.077+0.43+0.056 ms clock, 1.5+0.24/0.74/0+1.1 ms cpu, 4->5->2 MB, 5 MB goal, 0 MB stacks, 0 MB globals, 20 P
gc 5596 @11.828s 6%: 0.055+0.31+0.070 ms clock, 1.1+0.25/0.72/0.041+1.4 ms cpu, 4->5->2 MB, 5 MB goal, 0 MB stacks, 0 MB globals, 20 P
gc 5597 @11.829s 6%: 0.065+0.40+0.022 ms clock, 1.3+0.31/0.58/0.12+0.45 ms cpu, 4->5->2 MB, 4 MB goal, 0 MB stacks, 0 MB globals, 20 P
gc 5598 @11.830s 6%: 0.057+0.40+0.062 ms clock, 1.1+0.32/0.59/0+1.2 ms cpu, 4->5->2 MB, 5 MB goal, 0 MB stacks, 0 MB globals, 20 P
gc 5599 @11.831s 6%: 0.10+0.39+0.050 ms clock, 2.0+0.37/0.52/0.073+1.0 ms cpu, 4->5->2 MB, 5 MB goal, 0 MB stacks, 0 MB globals, 20 P
gc 5600 @11.833s 6%: 0.069+0.30+0.088 ms clock, 1.3+0.29/0.72/0.012+1.7 ms cpu, 4->4->2 MB, 5 MB goal, 0 MB stacks, 0 MB globals, 20 P
gc 5601 @11.834s 6%: 0.067+0.37+0.041 ms clock, 1.3+0.38/0.62/0.052+0.82 ms cpu, 3->4->2 MB, 4 MB goal, 0 MB stacks, 0 MB globals, 20 P
gc 5602 @11.835s 6%: 0.060+0.51+0.067 ms clock, 1.2+0.47/0.54/0.045+1.3 ms cpu, 4->5->2 MB, 4 MB goal, 0 MB stacks, 0 MB globals, 20 P
gc 5603 @11.836s 6%: 0.066+0.43+0.086 ms clock, 1.3+0.24/0.61/0+1.7 ms cpu, 4->5->2 MB, 5 MB goal, 0 MB stacks, 0 MB globals, 20 P
gc 5604 @11.838s 6%: 0.068+0.30+0.098 ms clock, 1.3+0.35/0.68/0.015+1.9 ms cpu, 4->4->2 MB, 4 MB goal, 0 MB stacks, 0 MB globals, 20 P
gc 5605 @11.839s 6%: 0.069+0.59+0.070 ms clock, 1.3+0.43/0.66/0.018+1.4 ms cpu, 4->5->2 MB, 4 MB goal, 0 MB stacks, 0 MB globals, 20 P
gc 5606 @11.840s 6%: 0.045+0.63+0.027 ms clock, 0.91+0.21/0.72/0+0.55 ms cpu, 4->5->2 MB, 5 MB goal, 0 MB stacks, 0 MB globals, 20 P
gc 5607 @11.842s 6%: 0.050+0.43+0.10 ms clock, 1.0+0.29/0.72/0.065+2.0 ms cpu, 4->5->2 MB, 5 MB goal, 0 MB stacks, 0 MB globals, 20 P
gc 5608 @11.843s 6%: 0.080+0.33+0.077 ms clock, 1.6+0.074/0.75/0.021+1.5 ms cpu, 4->4->2 MB, 5 MB goal, 0 MB stacks, 0 MB globals, 20 P
gc 5609 @11.844s 6%: 0.078+0.34+0.066 ms clock, 1.5+0.39/0.59/0.098+1.3 ms cpu, 4->4->2 MB, 4 MB goal, 0 MB stacks, 0 MB globals, 20 P
gc 5610 @11.845s 6%: 0.087+0.61+0.018 ms clock, 1.7+0.26/0.63/0.020+0.37 ms cpu, 3->4->2 MB, 4 MB goal, 0 MB stacks, 0 MB globals, 20 P
gc 5611 @11.847s 6%: 0.080+0.34+0.079 ms clock, 1.6+0.38/0.63/0.002+1.5 ms cpu, 4->5->2 MB, 5 MB goal, 0 MB stacks, 0 MB globals, 20 P
gc 5612 @11.848s 6%: 0.069+0.49+0.064 ms clock, 1.3+0.21/0.71/0.080+1.2 ms cpu, 3->5->2 MB, 4 MB goal, 0 MB stacks, 0 MB globals, 20 P
gc 5613 @11.849s 6%: 0.037+0.59+0.038 ms clock, 0.74+0.33/0.66/0.052+0.76 ms cpu, 4->5->2 MB, 5 MB goal, 0 MB stacks, 0 MB globals, 20 P
gc 5614 @11.851s 6%: 0.056+0.40+0.053 ms clock, 1.1+0.30/0.55/0+1.0 ms cpu, 4->5->2 MB, 5 MB goal, 0 MB stacks, 0 MB globals, 20 P
gc 5615 @11.852s 6%: 0.070+0.46+0.026 ms clock, 1.4+0.47/0.84/0.022+0.53 ms cpu, 4->5->2 MB, 5 MB goal, 0 MB stacks, 0 MB globals, 20 P
gc 5616 @11.854s 6%: 0.058+0.44+0.040 ms clock, 1.1+0.25/0.60/0.055+0.81 ms cpu, 4->5->2 MB, 5 MB goal, 0 MB stacks, 0 MB globals, 20 P
gc 5617 @11.855s 6%: 0.078+0.50+0.10 ms clock, 1.5+0.069/0.83/0+2.0 ms cpu, 4->5->2 MB, 5 MB goal, 0 MB stacks, 0 MB globals, 20 P
gc 5618 @11.857s 6%: 0.065+0.45+0.073 ms clock, 1.3+0.26/0.70/0.039+1.4 ms cpu, 4->5->2 MB, 5 MB goal, 0 MB stacks, 0 MB globals, 20 P
gc 5619 @11.858s 6%: 0.080+0.43+0.052 ms clock, 1.6+0.30/0.64/0.051+1.0 ms cpu, 4->5->2 MB, 5 MB goal, 0 MB stacks, 0 MB globals, 20 P
gc 5620 @11.860s 6%: 0.092+0.37+0.064 ms clock, 1.8+0.30/0.71/0.021+1.2 ms cpu, 4->5->2 MB, 5 MB goal, 0 MB stacks, 0 MB globals, 20 P
gc 5621 @11.861s 6%: 0.068+0.35+0.079 ms clock, 1.3+0.42/0.56/0.041+1.5 ms cpu, 4->4->2 MB, 4 MB goal, 0 MB stacks, 0 MB globals, 20 P
gc 5622 @11.862s 6%: 0.075+0.48+0.084 ms clock, 1.5+0.25/0.77/0+1.6 ms cpu, 4->5->2 MB, 4 MB goal, 0 MB stacks, 0 MB globals, 20 P
gc 5623 @11.864s 6%: 0.063+0.45+0.082 ms clock, 1.2+0.28/0.64/0.002+1.6 ms cpu, 4->5->2 MB, 5 MB goal, 0 MB stacks, 0 MB globals, 20 P
gc 5624 @11.866s 6%: 0.072+0.39+0.022 ms clock, 1.4+0.39/0.65/0.006+0.44 ms cpu, 4->4->2 MB, 5 MB goal, 0 MB stacks, 0 MB globals, 20 P
gc 5625 @11.867s 6%: 0.068+0.38+0.045 ms clock, 1.3+0.25/0.63/0.048+0.91 ms cpu, 4->4->2 MB, 4 MB goal, 0 MB stacks, 0 MB globals, 20 P
gc 5626 @11.868s 6%: 0.071+0.39+0.095 ms clock, 1.4+0.36/0.72/0.001+1.9 ms cpu, 4->5->2 MB, 4 MB goal, 0 MB stacks, 0 MB globals, 20 P
gc 5627 @11.869s 6%: 0.070+0.43+0.014 ms clock, 1.4+0.16/0.69/0+0.29 ms cpu, 4->5->2 MB, 5 MB goal, 0 MB stacks, 0 MB globals, 20 P
gc 5628 @11.870s 6%: 0.087+0.38+0.053 ms clock, 1.7+0.36/0.58/0+1.0 ms cpu, 4->5->2 MB, 4 MB goal, 0 MB stacks, 0 MB globals, 20 P
gc 5629 @11.872s 6%: 0.076+0.51+0.075 ms clock, 1.5+0.25/0.67/0.020+1.5 ms cpu, 4->5->2 MB, 5 MB goal, 0 MB stacks, 0 MB globals, 20 P
gc 5630 @11.874s 6%: 0.077+0.49+0.063 ms clock, 1.5+0.34/0.57/0.021+1.2 ms cpu, 4->5->2 MB, 5 MB goal, 0 MB stacks, 0 MB globals, 20 P
gc 5631 @11.875s 6%: 0.087+0.35+0.030 ms clock, 1.7+0.30/0.58/0.064+0.60 ms cpu, 4->5->2 MB, 5 MB goal, 0 MB stacks, 0 MB globals, 20 P
gc 5632 @11.876s 6%: 0.072+0.34+0.044 ms clock, 1.4+0.35/0.66/0+0.89 ms cpu, 4->4->2 MB, 4 MB goal, 0 MB stacks, 0 MB globals, 20 P
gc 5633 @11.877s 6%: 0.093+0.56+0.053 ms clock, 1.8+0.21/0.62/0.14+1.0 ms cpu, 4->5->2 MB, 5 MB goal, 0 MB stacks, 0 MB globals, 20 P
gc 5634 @11.879s 6%: 0.051+0.31+0.020 ms clock, 1.0+0.17/0.62/0+0.40 ms cpu, 4->5->2 MB, 5 MB goal, 0 MB stacks, 0 MB globals, 20 P
gc 5635 @11.880s 6%: 0.049+0.34+0.050 ms clock, 0.98+0.47/0.59/0.031+1.0 ms cpu, 3->4->2 MB, 4 MB goal, 0 MB stacks, 0 MB globals, 20 P
gc 5636 @11.881s 6%: 0.025+0.72+0.046 ms clock, 0.51+0.41/0.97/0.062+0.93 ms cpu, 4->5->2 MB, 5 MB goal, 0 MB stacks, 0 MB globals, 20 P
gc 5637 @11.883s 6%: 0.11+0.47+0.043 ms clock, 2.2+0.29/0.61/0+0.87 ms cpu, 4->5->2 MB, 5 MB goal, 0 MB stacks, 0 MB globals, 20 P
gc 5638 @11.884s 6%: 0.076+0.42+0.050 ms clock, 1.5+0.12/0.77/0.035+1.0 ms cpu, 4->5->2 MB, 5 MB goal, 0 MB stacks, 0 MB globals, 20 P
gc 5639 @11.886s 6%: 0.070+0.52+0.072 ms clock, 1.4+0.34/0.56/0.016+1.4 ms cpu, 4->5->2 MB, 5 MB goal, 0 MB stacks, 0 MB globals, 20 P
gc 5640 @11.887s 6%: 0.064+0.42+0.076 ms clock, 1.2+0.21/0.71/0.035+1.5 ms cpu, 4->5->2 MB, 5 MB goal, 0 MB stacks, 0 MB globals, 20 P
gc 5641 @11.889s 6%: 0.077+0.81+0.012 ms clock, 1.5+0.28/0.70/0.001+0.24 ms cpu, 4->5->2 MB, 5 MB goal, 0 MB stacks, 0 MB globals, 20 P
gc 5642 @11.890s 6%: 0.078+0.58+0.022 ms clock, 1.5+0.26/0.64/0.011+0.44 ms cpu, 4->5->2 MB, 5 MB goal, 0 MB stacks, 0 MB globals, 20 P
gc 5643 @11.892s 6%: 0.073+0.40+0.021 ms clock, 1.4+0.27/0.63/0.033+0.43 ms cpu, 4->5->2 MB, 5 MB goal, 0 MB stacks, 0 MB globals, 20 P
gc 5644 @11.893s 6%: 0.065+0.38+0.083 ms clock, 1.3+0.26/0.73/0.004+1.6 ms cpu, 4->5->2 MB, 5 MB goal, 0 MB stacks, 0 MB globals, 20 P
gc 5645 @11.894s 6%: 0.038+0.37+0.068 ms clock, 0.76+0.30/0.64/0.031+1.3 ms cpu, 4->5->2 MB, 5 MB goal, 0 MB stacks, 0 MB globals, 20 P
gc 5646 @11.896s 6%: 0.066+0.51+0.069 ms clock, 1.3+0.36/0.57/0.041+1.3 ms cpu, 4->5->2 MB, 5 MB goal, 0 MB stacks, 0 MB globals, 20 P
gc 5647 @11.897s 6%: 0.073+0.46+0.071 ms clock, 1.4+0.25/0.70/0.030+1.4 ms cpu, 4->5->2 MB, 5 MB goal, 0 MB stacks, 0 MB globals, 20 P
gc 5648 @11.899s 6%: 0.077+0.35+0.057 ms clock, 1.5+0.40/0.52/0.038+1.1 ms cpu, 4->5->2 MB, 5 MB goal, 0 MB stacks, 0 MB globals, 20 P
gc 5649 @11.900s 6%: 0.062+0.33+0.076 ms clock, 1.2+0.28/0.76/0+1.5 ms cpu, 4->5->2 MB, 5 MB goal, 0 MB stacks, 0 MB globals, 20 P
gc 5650 @11.901s 6%: 0.076+0.46+0.024 ms clock, 1.5+0.23/0.62/0.008+0.48 ms cpu, 4->4->2 MB, 4 MB goal, 0 MB stacks, 0 MB globals, 20 P
gc 5651 @11.902s 6%: 0.058+0.36+0.041 ms clock, 1.1+0.26/0.75/0.17+0.83 ms cpu, 4->5->2 MB, 5 MB goal, 0 MB stacks, 0 MB globals, 20 P
gc 5652 @11.903s 6%: 0.054+0.28+0.073 ms clock, 1.0+0.22/0.63/0+1.4 ms cpu, 4->4->2 MB, 5 MB goal, 0 MB stacks, 0 MB globals, 20 P
gc 5653 @11.904s 6%: 0.053+0.46+0.062 ms clock, 1.0+0.28/0.74/0.061+1.2 ms cpu, 3->4->2 MB, 4 MB goal, 0 MB stacks, 0 MB globals, 20 P
gc 5654 @11.906s 6%: 0.061+0.25+0.13 ms clock, 1.2+0.31/0.58/0.12+2.7 ms cpu, 4->4->1 MB, 5 MB goal, 0 MB stacks, 0 MB globals, 20 P
gc 5655 @11.907s 6%: 0.062+0.36+0.059 ms clock, 1.2+0.17/0.67/0+1.1 ms cpu, 3->4->2 MB, 4 MB goal, 0 MB stacks, 0 MB globals, 20 P
gc 5656 @11.908s 6%: 0.10+0.52+0.054 ms clock, 2.0+0.33/0.73/0+1.0 ms cpu, 4->5->2 MB, 4 MB goal, 0 MB stacks, 0 MB globals, 20 P
gc 5657 @11.910s 6%: 0.070+0.50+0.067 ms clock, 1.4+0.31/0.67/0.13+1.3 ms cpu, 4->6->2 MB, 5 MB goal, 0 MB stacks, 0 MB globals, 20 P
gc 5658 @11.911s 6%: 0.059+0.28+0.052 ms clock, 1.1+0.15/0.58/0.20+1.0 ms cpu, 4->5->2 MB, 5 MB goal, 0 MB stacks, 0 MB globals, 20 P
gc 5659 @11.912s 6%: 0.078+0.54+0.048 ms clock, 1.5+0.32/0.74/0.023+0.96 ms cpu, 3->5->2 MB, 4 MB goal, 0 MB stacks, 0 MB globals, 20 P
gc 5660 @11.914s 6%: 0.048+0.27+0.058 ms clock, 0.96+0.31/0.55/0.026+1.1 ms cpu, 4->5->2 MB, 5 MB goal, 0 MB stacks, 0 MB globals, 20 P
gc 5661 @11.915s 6%: 0.060+0.46+0.049 ms clock, 1.2+0.24/0.68/0+0.99 ms cpu, 3->4->2 MB, 4 MB goal, 0 MB stacks, 0 MB globals, 20 P
gc 5662 @11.916s 6%: 0.047+0.59+0.018 ms clock, 0.95+0.36/0.69/0+0.37 ms cpu, 4->5->2 MB, 5 MB goal, 0 MB stacks, 0 MB globals, 20 P
gc 5663 @11.918s 6%: 0.048+0.36+0.065 ms clock, 0.97+0.26/0.61/0+1.3 ms cpu, 4->5->2 MB, 5 MB goal, 0 MB stacks, 0 MB globals, 20 P
gc 5664 @11.919s 6%: 0.076+0.45+0.014 ms clock, 1.5+0.38/0.63/0+0.28 ms cpu, 4->5->2 MB, 5 MB goal, 0 MB stacks, 0 MB globals, 20 P
gc 5665 @11.920s 6%: 0.085+0.40+0.023 ms clock, 1.7+0.38/0.61/0.016+0.46 ms cpu, 4->5->2 MB, 5 MB goal, 0 MB stacks, 0 MB globals, 20 P
gc 5666 @11.922s 6%: 0.051+0.27+0.039 ms clock, 1.0+0.31/0.67/0.031+0.78 ms cpu, 4->5->2 MB, 5 MB goal, 0 MB stacks, 0 MB globals, 20 P
gc 5667 @11.923s 6%: 0.070+0.36+0.055 ms clock, 1.4+0.35/0.65/0+1.1 ms cpu, 3->4->2 MB, 4 MB goal, 0 MB stacks, 0 MB globals, 20 P
gc 5668 @11.924s 6%: 0.060+0.39+0.068 ms clock, 1.2+0.31/0.63/0.007+1.3 ms cpu, 4->5->2 MB, 5 MB goal, 0 MB stacks, 0 MB globals, 20 P
gc 5669 @11.926s 6%: 0.021+0.57+0.067 ms clock, 0.42+0.072/0.73/0+1.3 ms cpu, 4->5->2 MB, 5 MB goal, 0 MB stacks, 0 MB globals, 20 P
gc 5670 @11.927s 6%: 0.074+0.38+0.030 ms clock, 1.4+0.26/0.80/0.005+0.61 ms cpu, 4->5->2 MB, 5 MB goal, 0 MB stacks, 0 MB globals, 20 P
gc 5671 @11.928s 6%: 0.065+0.49+0.074 ms clock, 1.3+0.39/0.67/0+1.4 ms cpu, 4->5->2 MB, 4 MB goal, 0 MB stacks, 0 MB globals, 20 P
gc 5672 @11.930s 6%: 0.036+0.56+0.035 ms clock, 0.73+0.26/0.67/0+0.71 ms cpu, 4->5->2 MB, 5 MB goal, 0 MB stacks, 0 MB globals, 20 P
gc 5673 @11.932s 6%: 0.074+0.36+0.016 ms clock, 1.4+0.28/0.67/0.020+0.33 ms cpu, 4->5->2 MB, 5 MB goal, 0 MB stacks, 0 MB globals, 20 P
gc 5674 @11.933s 6%: 0.049+0.39+0.036 ms clock, 0.98+0.24/0.72/0+0.72 ms cpu, 4->5->2 MB, 5 MB goal, 0 MB stacks, 0 MB globals, 20 P
gc 5675 @11.934s 6%: 0.078+0.42+0.019 ms clock, 1.5+0.33/0.64/0.043+0.38 ms cpu, 4->5->2 MB, 5 MB goal, 0 MB stacks, 0 MB globals, 20 P
gc 5676 @11.936s 6%: 0.058+0.67+0.017 ms clock, 1.1+0.39/0.56/0.13+0.35 ms cpu, 4->5->2 MB, 5 MB goal, 0 MB stacks, 0 MB globals, 20 P
gc 5677 @11.937s 6%: 0.057+0.36+0.069 ms clock, 1.1+0.26/0.78/0.015+1.3 ms cpu, 4->5->2 MB, 5 MB goal, 0 MB stacks, 0 MB globals, 20 P
gc 5678 @11.939s 6%: 0.075+0.34+0.026 ms clock, 1.5+0.30/0.62/0.002+0.53 ms cpu, 4->5->2 MB, 5 MB goal, 0 MB stacks, 0 MB globals, 20 P
gc 5679 @11.940s 6%: 0.064+0.42+0.049 ms clock, 1.2+0.34/0.54/0.057+0.98 ms cpu, 4->5->2 MB, 4 MB goal, 0 MB stacks, 0 MB globals, 20 P
gc 5680 @11.941s 6%: 0.062+0.57+0.027 ms clock, 1.2+0.39/0.61/0.001+0.54 ms cpu, 4->5->2 MB, 5 MB goal, 0 MB stacks, 0 MB globals, 20 P
gc 5681 @11.943s 6%: 0.089+0.34+0.069 ms clock, 1.7+0.34/0.59/0.031+1.3 ms cpu, 4->5->2 MB, 5 MB goal, 0 MB stacks, 0 MB globals, 20 P
gc 5682 @11.944s 6%: 0.074+0.26+0.012 ms clock, 1.4+0.38/0.56/0.043+0.25 ms cpu, 4->4->2 MB, 4 MB goal, 0 MB stacks, 0 MB globals, 20 P
gc 5683 @11.945s 6%: 0.083+0.45+0.017 ms clock, 1.6+0.49/0.62/0.034+0.34 ms cpu, 4->4->2 MB, 4 MB goal, 0 MB stacks, 0 MB globals, 20 P
gc 5684 @11.946s 6%: 0.087+0.32+0.034 ms clock, 1.7+0.37/0.59/0.047+0.69 ms cpu, 4->5->2 MB, 5 MB goal, 0 MB stacks, 0 MB globals, 20 P
gc 5685 @11.947s 6%: 0.080+0.35+0.043 ms clock, 1.6+0.30/0.66/0.003+0.86 ms cpu, 4->4->2 MB, 4 MB goal, 0 MB stacks, 0 MB globals, 20 P
gc 5686 @11.948s 6%: 0.039+0.39+0.059 ms clock, 0.78+0.25/0.60/0+1.1 ms cpu, 3->4->2 MB, 4 MB goal, 0 MB stacks, 0 MB globals, 20 P
gc 5687 @11.950s 6%: 0.082+0.32+0.019 ms clock, 1.6+0.30/0.67/0.002+0.38 ms cpu, 4->5->2 MB, 4 MB goal, 0 MB stacks, 0 MB globals, 20 P
gc 5688 @11.951s 6%: 0.079+0.30+0.035 ms clock, 1.5+0.24/0.63/0.002+0.70 ms cpu, 4->5->2 MB, 5 MB goal, 0 MB stacks, 0 MB globals, 20 P
gc 5689 @11.952s 6%: 0.077+0.42+0.059 ms clock, 1.5+0.32/0.57/0.005+1.1 ms cpu, 4->4->2 MB, 4 MB goal, 0 MB stacks, 0 MB globals, 20 P
gc 5690 @11.953s 6%: 0.043+0.33+0.083 ms clock, 0.86+0.33/0.62/0.034+1.6 ms cpu, 4->4->2 MB, 5 MB goal, 0 MB stacks, 0 MB globals, 20 P
gc 5691 @11.954s 6%: 0.072+0.43+0.046 ms clock, 1.4+0.30/0.60/0+0.93 ms cpu, 3->4->2 MB, 4 MB goal, 0 MB stacks, 0 MB globals, 20 P
gc 5692 @11.955s 6%: 0.080+0.35+0.042 ms clock, 1.6+0.23/0.68/0.053+0.84 ms cpu, 4->5->2 MB, 5 MB goal, 0 MB stacks, 0 MB globals, 20 P
gc 5693 @11.957s 6%: 0.074+0.42+0.061 ms clock, 1.4+0.27/0.73/0.025+1.2 ms cpu, 4->4->2 MB, 4 MB goal, 0 MB stacks, 0 MB globals, 20 P
gc 5694 @11.958s 6%: 0.080+0.35+0.066 ms clock, 1.6+0.34/0.74/0.024+1.3 ms cpu, 4->4->2 MB, 4 MB goal, 0 MB stacks, 0 MB globals, 20 P
gc 5695 @11.959s 6%: 0.065+0.50+0.064 ms clock, 1.3+0.33/0.71/0.005+1.2 ms cpu, 3->5->2 MB, 4 MB goal, 0 MB stacks, 0 MB globals, 20 P
gc 5696 @11.961s 6%: 0.096+0.40+0.042 ms clock, 1.9+0.28/0.68/0.020+0.84 ms cpu, 4->5->2 MB, 5 MB goal, 0 MB stacks, 0 MB globals, 20 P
gc 5697 @11.962s 6%: 0.048+0.32+0.083 ms clock, 0.96+0.23/0.65/0.003+1.6 ms cpu, 4->4->2 MB, 5 MB goal, 0 MB stacks, 0 MB globals, 20 P
gc 5698 @11.963s 6%: 0.061+0.26+0.037 ms clock, 1.2+0.29/0.62/0+0.74 ms cpu, 3->4->2 MB, 4 MB goal, 0 MB stacks, 0 MB globals, 20 P
gc 5699 @11.964s 6%: 0.050+0.29+0.084 ms clock, 1.0+0.26/0.59/0.036+1.6 ms cpu, 3->4->2 MB, 4 MB goal, 0 MB stacks, 0 MB globals, 20 P
gc 5700 @11.965s 6%: 0.050+0.46+0.052 ms clock, 1.0+0.32/0.65/0.12+1.0 ms cpu, 3->4->2 MB, 4 MB goal, 0 MB stacks, 0 MB globals, 20 P
gc 5701 @11.967s 6%: 0.082+0.35+0.063 ms clock, 1.6+0.31/0.60/0.10+1.2 ms cpu, 4->5->2 MB, 5 MB goal, 0 MB stacks, 0 MB globals, 20 P
gc 5702 @11.968s 6%: 0.076+0.38+0.016 ms clock, 1.5+0.27/0.63/0.041+0.33 ms cpu, 4->4->2 MB, 4 MB goal, 0 MB stacks, 0 MB globals, 20 P
gc 5703 @11.969s 6%: 0.069+0.30+0.091 ms clock, 1.3+0.25/0.71/0+1.8 ms cpu, 4->4->2 MB, 4 MB goal, 0 MB stacks, 0 MB globals, 20 P
gc 5704 @11.970s 6%: 0.045+0.47+0.056 ms clock, 0.90+0.26/0.66/0.009+1.1 ms cpu, 4->5->2 MB, 4 MB goal, 0 MB stacks, 0 MB globals, 20 P
gc 5705 @11.972s 6%: 0.043+0.53+0.072 ms clock, 0.86+0.29/0.61/0+1.4 ms cpu, 4->5->2 MB, 5 MB goal, 0 MB stacks, 0 MB globals, 20 P
gc 5706 @11.973s 6%: 0.063+0.33+0.030 ms clock, 1.2+0.31/0.65/0.045+0.61 ms cpu, 4->5->2 MB, 5 MB goal, 0 MB stacks, 0 MB globals, 20 P
gc 5707 @11.974s 6%: 0.085+0.36+0.032 ms clock, 1.7+0.32/0.74/0.005+0.65 ms cpu, 4->5->2 MB, 4 MB goal, 0 MB stacks, 0 MB globals, 20 P
gc 5708 @11.975s 6%: 0.050+0.47+0.080 ms clock, 1.0+0.39/0.56/0.059+1.6 ms cpu, 4->5->2 MB, 5 MB goal, 0 MB stacks, 0 MB globals, 20 P
gc 5709 @11.977s 6%: 0.053+0.37+0.076 ms clock, 1.0+0.39/0.67/0+1.5 ms cpu, 4->5->2 MB, 5 MB goal, 0 MB stacks, 0 MB globals, 20 P
gc 5710 @11.978s 6%: 0.054+0.45+0.091 ms clock, 1.0+0.36/0.66/0.019+1.8 ms cpu, 4->5->2 MB, 4 MB goal, 0 MB stacks, 0 MB globals, 20 P
gc 5711 @11.979s 6%: 0.081+0.49+0.063 ms clock, 1.6+0.32/0.59/0.014+1.2 ms cpu, 4->5->2 MB, 5 MB goal, 0 MB stacks, 0 MB globals, 20 P
gc 5712 @11.980s 6%: 0.081+0.48+0.057 ms clock, 1.6+0.31/0.59/0+1.1 ms cpu, 4->5->2 MB, 5 MB goal, 0 MB stacks, 0 MB globals, 20 P
gc 5713 @11.982s 6%: 0.028+0.56+0.039 ms clock, 0.57+0.23/0.69/0.065+0.79 ms cpu, 4->5->2 MB, 5 MB goal, 0 MB stacks, 0 MB globals, 20 P
gc 5714 @11.983s 6%: 0.081+0.35+0.068 ms clock, 1.6+0.35/0.66/0.013+1.3 ms cpu, 4->5->2 MB, 5 MB goal, 0 MB stacks, 0 MB globals, 20 P
gc 5715 @11.984s 6%: 0.073+0.31+0.049 ms clock, 1.4+0.33/0.52/0.075+0.99 ms cpu, 4->4->2 MB, 4 MB goal, 0 MB stacks, 0 MB globals, 20 P
gc 5716 @11.985s 6%: 0.064+0.68+0.039 ms clock, 1.2+0.33/0.67/0.030+0.78 ms cpu, 4->4->2 MB, 4 MB goal, 0 MB stacks, 0 MB globals, 20 P
gc 5717 @11.987s 6%: 0.034+0.30+0.016 ms clock, 0.68+0.41/0.59/0+0.32 ms cpu, 4->5->2 MB, 5 MB goal, 0 MB stacks, 0 MB globals, 20 P
gc 5718 @11.988s 6%: 0.047+0.44+0.013 ms clock, 0.95+0.25/0.58/0.13+0.27 ms cpu, 3->4->2 MB, 4 MB goal, 0 MB stacks, 0 MB globals, 20 P
gc 5719 @11.989s 6%: 0.044+0.25+0.024 ms clock, 0.89+0.24/0.58/0.11+0.48 ms cpu, 3->4->1 MB, 4 MB goal, 0 MB stacks, 0 MB globals, 20 P
gc 5720 @11.990s 6%: 0.063+0.25+0.068 ms clock, 1.2+0.34/0.58/0.086+1.3 ms cpu, 3->4->2 MB, 4 MB goal, 0 MB stacks, 0 MB globals, 20 P
gc 5721 @11.991s 6%: 0.068+0.45+0.013 ms clock, 1.3+0.35/0.64/0.014+0.27 ms cpu, 3->4->2 MB, 4 MB goal, 0 MB stacks, 0 MB globals, 20 P
gc 5722 @11.992s 6%: 0.075+0.37+0.057 ms clock, 1.5+0.31/0.64/0+1.1 ms cpu, 4->4->2 MB, 4 MB goal, 0 MB stacks, 0 MB globals, 20 P
gc 5723 @11.993s 6%: 0.073+0.48+0.042 ms clock, 1.4+0.31/0.77/0.016+0.84 ms cpu, 4->5->2 MB, 4 MB goal, 0 MB stacks, 0 MB globals, 20 P
gc 5724 @11.994s 6%: 0.048+0.50+0.017 ms clock, 0.96+0.35/0.59/0+0.34 ms cpu, 4->5->2 MB, 5 MB goal, 0 MB stacks, 0 MB globals, 20 P
gc 5725 @11.996s 6%: 0.091+0.27+0.032 ms clock, 1.8+0.26/0.69/0+0.65 ms cpu, 4->4->2 MB, 5 MB goal, 0 MB stacks, 0 MB globals, 20 P
gc 5726 @11.997s 6%: 0.062+0.55+0.064 ms clock, 1.2+0.35/0.70/0.009+1.2 ms cpu, 4->5->2 MB, 4 MB goal, 0 MB stacks, 0 MB globals, 20 P
gc 5727 @11.998s 6%: 0.10+0.38+0.074 ms clock, 2.1+0.24/0.72/0+1.4 ms cpu, 4->5->2 MB, 5 MB goal, 0 MB stacks, 0 MB globals, 20 P
gc 5728 @12.000s 6%: 0.045+0.48+0.067 ms clock, 0.90+0.31/0.68/0.012+1.3 ms cpu, 4->5->2 MB, 5 MB goal, 0 MB stacks, 0 MB globals, 20 P
gc 5729 @12.001s 6%: 0.068+0.39+0.083 ms clock, 1.3+0.44/0.60/0.001+1.6 ms cpu, 4->5->2 MB, 5 MB goal, 0 MB stacks, 0 MB globals, 20 P
gc 5730 @12.003s 6%: 0.10+0.46+0.063 ms clock, 2.0+0.28/0.66/0.034+1.2 ms cpu, 4->5->2 MB, 5 MB goal, 0 MB stacks, 0 MB globals, 20 P
gc 5731 @12.004s 6%: 0.067+0.26+0.068 ms clock, 1.3+0.36/0.55/0.027+1.3 ms cpu, 4->4->2 MB, 5 MB goal, 0 MB stacks, 0 MB globals, 20 P
gc 5732 @12.005s 6%: 0.074+0.56+0.060 ms clock, 1.4+0.31/0.74/0.011+1.2 ms cpu, 4->5->2 MB, 4 MB goal, 0 MB stacks, 0 MB globals, 20 P
gc 5733 @12.007s 6%: 0.065+0.51+0.026 ms clock, 1.3+0.22/0.63/0.020+0.53 ms cpu, 4->5->2 MB, 5 MB goal, 0 MB stacks, 0 MB globals, 20 P
gc 5734 @12.008s 6%: 0.068+0.85+0.035 ms clock, 1.3+0.31/0.69/0.038+0.71 ms cpu, 4->5->2 MB, 5 MB goal, 0 MB stacks, 0 MB globals, 20 P
gc 5735 @12.010s 6%: 0.040+0.38+0.073 ms clock, 0.80+0.43/0.59/0.005+1.4 ms cpu, 4->5->2 MB, 5 MB goal, 0 MB stacks, 0 MB globals, 20 P
gc 5736 @12.011s 6%: 0.10+0.33+0.019 ms clock, 2.0+0.41/0.55/0.062+0.39 ms cpu, 4->5->2 MB, 5 MB goal, 0 MB stacks, 0 MB globals, 20 P
gc 5737 @12.013s 6%: 0.082+0.48+0.068 ms clock, 1.6+0.34/0.62/0+1.3 ms cpu, 4->5->2 MB, 4 MB goal, 0 MB stacks, 0 MB globals, 20 P
gc 5738 @12.015s 6%: 0.051+0.37+0.047 ms clock, 1.0+0.22/0.55/0.001+0.95 ms cpu, 4->5->2 MB, 5 MB goal, 0 MB stacks, 0 MB globals, 20 P
gc 5739 @12.016s 6%: 0.072+0.37+0.049 ms clock, 1.4+0.29/0.68/0+0.98 ms cpu, 4->4->2 MB, 4 MB goal, 0 MB stacks, 0 MB globals, 20 P
gc 5740 @12.017s 6%: 0.068+0.46+0.057 ms clock, 1.3+0.29/0.52/0.032+1.1 ms cpu, 4->5->2 MB, 4 MB goal, 0 MB stacks, 0 MB globals, 20 P
gc 5741 @12.018s 6%: 0.068+0.82+0.029 ms clock, 1.3+0.28/0.58/0.008+0.58 ms cpu, 4->5->2 MB, 4 MB goal, 0 MB stacks, 0 MB globals, 20 P
gc 5742 @12.020s 6%: 0.039+0.42+0.027 ms clock, 0.79+0.39/0.59/0.016+0.54 ms cpu, 4->5->2 MB, 5 MB goal, 0 MB stacks, 0 MB globals, 20 P
gc 5743 @12.022s 6%: 0.050+0.40+0.009 ms clock, 1.0+0.14/0.64/0.021+0.19 ms cpu, 4->4->2 MB, 5 MB goal, 0 MB stacks, 0 MB globals, 20 P
gc 5744 @12.023s 6%: 0.070+0.38+0.065 ms clock, 1.4+0.36/0.52/0.043+1.3 ms cpu, 4->4->2 MB, 4 MB goal, 0 MB stacks, 0 MB globals, 20 P
gc 5745 @12.024s 6%: 0.081+0.38+0.017 ms clock, 1.6+0.27/0.64/0+0.34 ms cpu, 4->5->2 MB, 5 MB goal, 0 MB stacks, 0 MB globals, 20 P
gc 5746 @12.026s 6%: 0.036+0.29+0.051 ms clock, 0.72+0.33/0.56/0.028+1.0 ms cpu, 4->4->2 MB, 4 MB goal, 0 MB stacks, 0 MB globals, 20 P
gc 5747 @12.027s 6%: 0.082+0.50+0.004 ms clock, 1.6+0.44/0.63/0+0.084 ms cpu, 3->5->2 MB, 4 MB goal, 0 MB stacks, 0 MB globals, 20 P
gc 5748 @12.028s 6%: 0.052+0.41+0.050 ms clock, 1.0+0.29/0.65/0+1.0 ms cpu, 4->5->2 MB, 5 MB goal, 0 MB stacks, 0 MB globals, 20 P
gc 5749 @12.029s 6%: 0.046+0.62+0.061 ms clock, 0.92+0.42/0.51/0.055+1.2 ms cpu, 4->5->2 MB, 5 MB goal, 0 MB stacks, 0 MB globals, 20 P
gc 5750 @12.031s 6%: 0.046+0.38+0.052 ms clock, 0.93+0.24/0.62/0+1.0 ms cpu, 4->5->2 MB, 5 MB goal, 0 MB stacks, 0 MB globals, 20 P
gc 5751 @12.032s 6%: 0.041+0.36+0.046 ms clock, 0.83+0.24/0.55/0.076+0.93 ms cpu, 4->5->2 MB, 5 MB goal, 0 MB stacks, 0 MB globals, 20 P
gc 5752 @12.033s 6%: 0.075+0.36+0.072 ms clock, 1.5+0.34/0.54/0.024+1.4 ms cpu, 3->4->2 MB, 4 MB goal, 0 MB stacks, 0 MB globals, 20 P
gc 5753 @12.035s 6%: 0.061+0.37+0.013 ms clock, 1.2+0.15/0.64/0+0.27 ms cpu, 4->4->2 MB, 4 MB goal, 0 MB stacks, 0 MB globals, 20 P
gc 5754 @12.036s 6%: 0.028+0.32+0.034 ms clock, 0.57+0.32/0.61/0.037+0.69 ms cpu, 4->4->2 MB, 4 MB goal, 0 MB stacks, 0 MB globals, 20 P
gc 5755 @12.037s 6%: 0.075+0.31+0.070 ms clock, 1.5+0.38/0.71/0+1.4 ms cpu, 4->4->2 MB, 4 MB goal, 0 MB stacks, 0 MB globals, 20 P
gc 5756 @12.038s 6%: 0.047+0.29+0.036 ms clock, 0.94+0.30/0.57/0+0.72 ms cpu, 4->4->2 MB, 4 MB goal, 0 MB stacks, 0 MB globals, 20 P
gc 5757 @12.039s 6%: 0.047+0.36+0.035 ms clock, 0.95+0.28/0.59/0.079+0.70 ms cpu, 3->4->2 MB, 4 MB goal, 0 MB stacks, 0 MB globals, 20 P
gc 5758 @12.040s 6%: 0.10+0.48+0.016 ms clock, 2.0+0.20/0.60/0.069+0.33 ms cpu, 4->5->2 MB, 4 MB goal, 0 MB stacks, 0 MB globals, 20 P
gc 5759 @12.042s 6%: 0.071+0.37+0.057 ms clock, 1.4+0.27/0.64/0+1.1 ms cpu, 4->5->2 MB, 5 MB goal, 0 MB stacks, 0 MB globals, 20 P
gc 5760 @12.043s 6%: 0.063+0.35+0.066 ms clock, 1.2+0.36/0.68/0+1.3 ms cpu, 4->5->2 MB, 4 MB goal, 0 MB stacks, 0 MB globals, 20 P
gc 5761 @12.044s 6%: 0.056+0.30+0.021 ms clock, 1.1+0.24/0.66/0.11+0.43 ms cpu, 4->5->2 MB, 5 MB goal, 0 MB stacks, 0 MB globals, 20 P
gc 5762 @12.045s 6%: 0.079+0.44+0.065 ms clock, 1.5+0.35/0.67/0.080+1.3 ms cpu, 3->4->2 MB, 4 MB goal, 0 MB stacks, 0 MB globals, 20 P
gc 5763 @12.047s 6%: 0.080+0.47+0.047 ms clock, 1.6+0.38/0.56/0.011+0.94 ms cpu, 4->5->2 MB, 5 MB goal, 0 MB stacks, 0 MB globals, 20 P
gc 5764 @12.048s 6%: 0.065+0.34+0.011 ms clock, 1.3+0.40/0.59/0.006+0.22 ms cpu, 4->5->2 MB, 5 MB goal, 0 MB stacks, 0 MB globals, 20 P
gc 5765 @12.049s 6%: 0.056+0.33+0.071 ms clock, 1.1+0.39/0.50/0.030+1.4 ms cpu, 4->4->2 MB, 4 MB goal, 0 MB stacks, 0 MB globals, 20 P
gc 5766 @12.050s 6%: 0.064+0.36+0.067 ms clock, 1.2+0.39/0.56/0.005+1.3 ms cpu, 4->4->2 MB, 4 MB goal, 0 MB stacks, 0 MB globals, 20 P
gc 5767 @12.052s 6%: 0.10+0.44+0.042 ms clock, 2.0+0.13/0.66/0.006+0.85 ms cpu, 4->5->2 MB, 5 MB goal, 0 MB stacks, 0 MB globals, 20 P
gc 5768 @12.053s 6%: 0.071+0.35+0.048 ms clock, 1.4+0.20/0.59/0.066+0.96 ms cpu, 4->5->2 MB, 5 MB goal, 0 MB stacks, 0 MB globals, 20 P
gc 5769 @12.054s 6%: 0.077+0.20+0.055 ms clock, 1.5+0.39/0.58/0+1.1 ms cpu, 3->4->2 MB, 4 MB goal, 0 MB stacks, 0 MB globals, 20 P
gc 5770 @12.055s 6%: 0.043+0.36+0.055 ms clock, 0.86+0.41/0.58/0.061+1.1 ms cpu, 3->4->2 MB, 4 MB goal, 0 MB stacks, 0 MB globals, 20 P
gc 5771 @12.056s 6%: 0.024+0.35+0.079 ms clock, 0.48+0.30/0.70/0.053+1.5 ms cpu, 4->4->2 MB, 5 MB goal, 0 MB stacks, 0 MB globals, 20 P
gc 5772 @12.057s 6%: 0.089+0.43+0.011 ms clock, 1.7+0.31/0.60/0+0.23 ms cpu, 3->4->2 MB, 4 MB goal, 0 MB stacks, 0 MB globals, 20 P
gc 5773 @12.058s 6%: 0.078+0.43+0.068 ms clock, 1.5+0.39/0.56/0.038+1.3 ms cpu, 4->5->2 MB, 4 MB goal, 0 MB stacks, 0 MB globals, 20 P
gc 5774 @12.059s 6%: 0.030+0.55+0.047 ms clock, 0.60+0.27/0.62/0.009+0.95 ms cpu, 4->5->2 MB, 5 MB goal, 0 MB stacks, 0 MB globals, 20 P
gc 5775 @12.061s 6%: 0.072+0.38+0.021 ms clock, 1.4+0.35/0.63/0.007+0.42 ms cpu, 4->5->2 MB, 5 MB goal, 0 MB stacks, 0 MB globals, 20 P
gc 5776 @12.062s 6%: 0.048+0.46+0.081 ms clock, 0.97+0.30/0.70/0.070+1.6 ms cpu, 4->4->2 MB, 4 MB goal, 0 MB stacks, 0 MB globals, 20 P
gc 5777 @12.064s 6%: 0.051+0.41+0.053 ms clock, 1.0+0.31/0.58/0.051+1.0 ms cpu, 4->5->2 MB, 5 MB goal, 0 MB stacks, 0 MB globals, 20 P
gc 5778 @12.065s 6%: 0.056+0.61+0.027 ms clock, 1.1+0.29/0.61/0.079+0.55 ms cpu, 4->5->2 MB, 4 MB goal, 0 MB stacks, 0 MB globals, 20 P
gc 5779 @12.066s 6%: 0.070+0.43+0.044 ms clock, 1.4+0.20/0.65/0.007+0.88 ms cpu, 4->5->2 MB, 5 MB goal, 0 MB stacks, 0 MB globals, 20 P
gc 5780 @12.068s 6%: 0.076+0.47+0.080 ms clock, 1.5+0.22/0.50/0.16+1.6 ms cpu, 4->5->2 MB, 5 MB goal, 0 MB stacks, 0 MB globals, 20 P
gc 5781 @12.069s 6%: 0.033+0.45+0.029 ms clock, 0.66+0.33/0.60/0.033+0.58 ms cpu, 4->5->2 MB, 5 MB goal, 0 MB stacks, 0 MB globals, 20 P
gc 5782 @12.070s 6%: 0.081+0.41+0.052 ms clock, 1.6+0.43/0.82/0.058+1.0 ms cpu, 4->5->2 MB, 5 MB goal, 0 MB stacks, 0 MB globals, 20 P
gc 5783 @12.072s 6%: 0.097+0.23+0.089 ms clock, 1.9+0.36/0.54/0.025+1.7 ms cpu, 4->4->2 MB, 5 MB goal, 0 MB stacks, 0 MB globals, 20 P
gc 5784 @12.073s 6%: 0.076+0.47+0.018 ms clock, 1.5+0.39/0.63/0.077+0.37 ms cpu, 3->4->2 MB, 4 MB goal, 0 MB stacks, 0 MB globals, 20 P
gc 5785 @12.074s 6%: 0.075+0.32+0.056 ms clock, 1.5+0.22/0.74/0.019+1.1 ms cpu, 4->5->2 MB, 5 MB goal, 0 MB stacks, 0 MB globals, 20 P
gc 5786 @12.076s 6%: 0.037+0.37+0.068 ms clock, 0.75+0.34/0.72/0.037+1.3 ms cpu, 4->5->2 MB, 4 MB goal, 0 MB stacks, 0 MB globals, 20 P
gc 5787 @12.077s 6%: 0.073+0.44+0.066 ms clock, 1.4+0.30/0.60/0.064+1.3 ms cpu, 4->5->2 MB, 4 MB goal, 0 MB stacks, 0 MB globals, 20 P
gc 5788 @12.078s 6%: 0.079+0.48+0.071 ms clock, 1.5+0.14/0.68/0.13+1.4 ms cpu, 4->5->2 MB, 5 MB goal, 0 MB stacks, 0 MB globals, 20 P
gc 5789 @12.079s 6%: 0.048+0.46+0.053 ms clock, 0.96+0.40/0.61/0+1.0 ms cpu, 4->5->2 MB, 4 MB goal, 0 MB stacks, 0 MB globals, 20 P
gc 5790 @12.081s 6%: 0.051+0.32+0.046 ms clock, 1.0+0.34/0.63/0.014+0.93 ms cpu, 4->5->2 MB, 5 MB goal, 0 MB stacks, 0 MB globals, 20 P
gc 5791 @12.082s 6%: 0.15+0.37+0.067 ms clock, 3.1+0.37/0.78/0.007+1.3 ms cpu, 4->5->2 MB, 4 MB goal, 0 MB stacks, 0 MB globals, 20 P
gc 5792 @12.084s 6%: 0.036+0.37+0.044 ms clock, 0.73+0.17/0.70/0+0.88 ms cpu, 4->5->2 MB, 5 MB goal, 0 MB stacks, 0 MB globals, 20 P
gc 5793 @12.085s 6%: 0.063+0.29+0.067 ms clock, 1.2+0.36/0.55/0.027+1.3 ms cpu, 4->4->2 MB, 4 MB goal, 0 MB stacks, 0 MB globals, 20 P
gc 5794 @12.086s 6%: 0.045+0.26+0.029 ms clock, 0.90+0.26/0.57/0.008+0.58 ms cpu, 4->4->2 MB, 4 MB goal, 0 MB stacks, 0 MB globals, 20 P
gc 5795 @12.087s 6%: 0.065+0.41+0.062 ms clock, 1.3+0.33/0.57/0+1.2 ms cpu, 3->4->2 MB, 4 MB goal, 0 MB stacks, 0 MB globals, 20 P
gc 5796 @12.088s 6%: 0.038+0.29+0.068 ms clock, 0.77+0.42/0.65/0.028+1.3 ms cpu, 4->5->2 MB, 5 MB goal, 0 MB stacks, 0 MB globals, 20 P
gc 5797 @12.090s 6%: 0.14+0.31+0.024 ms clock, 2.8+0.12/0.78/0.011+0.48 ms cpu, 3->5->2 MB, 4 MB goal, 0 MB stacks, 0 MB globals, 20 P
gc 5798 @12.091s 6%: 0.059+0.63+0.041 ms clock, 1.1+0.31/0.74/0.022+0.83 ms cpu, 4->5->2 MB, 5 MB goal, 0 MB stacks, 0 MB globals, 20 P
gc 5799 @12.092s 6%: 0.060+0.38+0.070 ms clock, 1.2+0.29/0.64/0.001+1.4 ms cpu, 4->5->2 MB, 5 MB goal, 0 MB stacks, 0 MB globals, 20 P
gc 5800 @12.094s 6%: 0.099+0.42+0.054 ms clock, 1.9+0.24/0.67/0.034+1.0 ms cpu, 4->5->2 MB, 5 MB goal, 0 MB stacks, 0 MB globals, 20 P
gc 5801 @12.095s 6%: 0.071+0.50+0.039 ms clock, 1.4+0.45/0.66/0.021+0.79 ms cpu, 4->5->2 MB, 5 MB goal, 0 MB stacks, 0 MB globals, 20 P
gc 5802 @12.096s 6%: 0.072+0.34+0.056 ms clock, 1.4+0.25/0.63/0+1.1 ms cpu, 4->5->2 MB, 5 MB goal, 0 MB stacks, 0 MB globals, 20 P
gc 5803 @12.098s 6%: 0.043+0.56+0.081 ms clock, 0.86+0.28/0.64/0+1.6 ms cpu, 3->5->2 MB, 4 MB goal, 0 MB stacks, 0 MB globals, 20 P
gc 5804 @12.099s 6%: 0.086+0.35+0.067 ms clock, 1.7+0.31/0.63/0.003+1.3 ms cpu, 4->5->2 MB, 5 MB goal, 0 MB stacks, 0 MB globals, 20 P
gc 5805 @12.100s 6%: 0.062+0.49+0.073 ms clock, 1.2+0.31/0.65/0+1.4 ms cpu, 4->5->2 MB, 5 MB goal, 0 MB stacks, 0 MB globals, 20 P
gc 5806 @12.102s 6%: 0.054+0.37+0.066 ms clock, 1.0+0.28/0.60/0.010+1.3 ms cpu, 4->5->2 MB, 5 MB goal, 0 MB stacks, 0 MB globals, 20 P
gc 5807 @12.103s 6%: 0.074+0.47+0.073 ms clock, 1.4+0.35/0.61/0+1.4 ms cpu, 4->5->2 MB, 5 MB goal, 0 MB stacks, 0 MB globals, 20 P
gc 5808 @12.105s 6%: 0.075+0.45+0.027 ms clock, 1.5+0.35/0.68/0+0.54 ms cpu, 4->5->2 MB, 5 MB goal, 0 MB stacks, 0 MB globals, 20 P
gc 5809 @12.106s 6%: 0.065+0.32+0.036 ms clock, 1.3+0.36/0.72/0.007+0.73 ms cpu, 4->5->2 MB, 4 MB goal, 0 MB stacks, 0 MB globals, 20 P
gc 5810 @12.107s 6%: 0.078+0.63+0.072 ms clock, 1.5+0.38/0.76/0+1.4 ms cpu, 4->5->2 MB, 4 MB goal, 0 MB stacks, 0 MB globals, 20 P
gc 5811 @12.109s 6%: 0.062+0.40+0.085 ms clock, 1.2+0.24/0.66/0+1.7 ms cpu, 4->5->2 MB, 5 MB goal, 0 MB stacks, 0 MB globals, 20 P
gc 5812 @12.110s 6%: 0.063+0.66+0.073 ms clock, 1.2+0.41/0.59/0.043+1.4 ms cpu, 4->5->2 MB, 5 MB goal, 0 MB stacks, 0 MB globals, 20 P
gc 5813 @12.112s 6%: 0.045+0.48+0.057 ms clock, 0.90+0.32/0.57/0.017+1.1 ms cpu, 4->5->2 MB, 5 MB goal, 0 MB stacks, 0 MB globals, 20 P
gc 5814 @12.113s 6%: 0.10+0.50+0.044 ms clock, 2.0+0.30/0.62/0+0.88 ms cpu, 4->5->2 MB, 5 MB goal, 0 MB stacks, 0 MB globals, 20 P
gc 5815 @12.115s 6%: 0.058+0.29+0.075 ms clock, 1.1+0.27/0.63/0.018+1.5 ms cpu, 4->5->2 MB, 5 MB goal, 0 MB stacks, 0 MB globals, 20 P
gc 5816 @12.116s 6%: 0.088+0.51+0.069 ms clock, 1.7+0.32/0.83/0.013+1.3 ms cpu, 4->5->2 MB, 4 MB goal, 0 MB stacks, 0 MB globals, 20 P
gc 5817 @12.117s 6%: 0.071+0.46+0.035 ms clock, 1.4+0.44/0.54/0.058+0.71 ms cpu, 4->5->2 MB, 5 MB goal, 0 MB stacks, 0 MB globals, 20 P
gc 5818 @12.119s 6%: 0.035+0.38+0.054 ms clock, 0.71+0.27/0.62/0.056+1.0 ms cpu, 4->5->2 MB, 5 MB goal, 0 MB stacks, 0 MB globals, 20 P
gc 5819 @12.120s 6%: 0.16+0.41+0.085 ms clock, 3.2+0.38/0.64/0.005+1.7 ms cpu, 4->4->2 MB, 4 MB goal, 0 MB stacks, 0 MB globals, 20 P
gc 5820 @12.121s 6%: 0.054+0.43+0.032 ms clock, 1.0+0.36/0.65/0.009+0.64 ms cpu, 4->5->2 MB, 5 MB goal, 0 MB stacks, 0 MB globals, 20 P
gc 5821 @12.123s 6%: 0.082+0.38+0.077 ms clock, 1.6+0.32/0.66/0.021+1.5 ms cpu, 4->5->2 MB, 5 MB goal, 0 MB stacks, 0 MB globals, 20 P
gc 5822 @12.124s 6%: 0.058+0.46+0.039 ms clock, 1.1+0.30/0.57/0.11+0.79 ms cpu, 4->5->2 MB, 5 MB goal, 0 MB stacks, 0 MB globals, 20 P
gc 5823 @12.126s 6%: 0.087+0.39+0.10 ms clock, 1.7+0.44/0.59/0.094+2.1 ms cpu, 4->5->2 MB, 5 MB goal, 0 MB stacks, 0 MB globals, 20 P
gc 5824 @12.127s 6%: 0.039+0.31+0.064 ms clock, 0.78+0.43/0.68/0.007+1.2 ms cpu, 4->4->2 MB, 5 MB goal, 0 MB stacks, 0 MB globals, 20 P
gc 5825 @12.128s 6%: 0.050+0.47+0.059 ms clock, 1.0+0.41/0.61/0.015+1.1 ms cpu, 3->4->2 MB, 4 MB goal, 0 MB stacks, 0 MB globals, 20 P
gc 5826 @12.129s 6%: 0.070+0.31+0.066 ms clock, 1.4+0.36/0.56/0+1.3 ms cpu, 4->5->2 MB, 5 MB goal, 0 MB stacks, 0 MB globals, 20 P
gc 5827 @12.131s 6%: 0.046+0.34+0.068 ms clock, 0.93+0.41/0.62/0+1.3 ms cpu, 3->4->2 MB, 4 MB goal, 0 MB stacks, 0 MB globals, 20 P
gc 5828 @12.132s 6%: 0.064+0.34+0.036 ms clock, 1.2+0.22/0.64/0.097+0.72 ms cpu, 4->5->2 MB, 5 MB goal, 0 MB stacks, 0 MB globals, 20 P
gc 5829 @12.133s 6%: 0.11+0.30+0.065 ms clock, 2.3+0.30/0.64/0.010+1.3 ms cpu, 4->5->2 MB, 5 MB goal, 0 MB stacks, 0 MB globals, 20 P
gc 5830 @12.134s 6%: 0.030+0.29+0.015 ms clock, 0.61+0.25/0.57/0.060+0.30 ms cpu, 4->4->1 MB, 5 MB goal, 0 MB stacks, 0 MB globals, 20 P
gc 5831 @12.135s 6%: 0.087+0.45+0.064 ms clock, 1.7+0.43/0.61/0.015+1.2 ms cpu, 3->4->2 MB, 4 MB goal, 0 MB stacks, 0 MB globals, 20 P
gc 5832 @12.136s 6%: 0.081+0.41+0.072 ms clock, 1.6+0.52/0.82/0+1.4 ms cpu, 4->5->2 MB, 5 MB goal, 0 MB stacks, 0 MB globals, 20 P
gc 5833 @12.138s 6%: 0.067+0.34+0.081 ms clock, 1.3+0.24/0.69/0.052+1.6 ms cpu, 4->5->2 MB, 4 MB goal, 0 MB stacks, 0 MB globals, 20 P
gc 5834 @12.139s 6%: 0.13+0.40+0.045 ms clock, 2.6+0.35/0.67/0.012+0.91 ms cpu, 4->5->2 MB, 4 MB goal, 0 MB stacks, 0 MB globals, 20 P
gc 5835 @12.141s 6%: 0.089+0.36+0.083 ms clock, 1.7+0.36/0.59/0.020+1.6 ms cpu, 4->5->2 MB, 5 MB goal, 0 MB stacks, 0 MB globals, 20 P
gc 5836 @12.142s 6%: 0.076+0.40+0.071 ms clock, 1.5+0.36/0.59/0.091+1.4 ms cpu, 4->5->2 MB, 5 MB goal, 0 MB stacks, 0 MB globals, 20 P
gc 5837 @12.143s 6%: 0.033+0.24+0.077 ms clock, 0.66+0.23/0.53/0.21+1.5 ms cpu, 4->4->1 MB, 4 MB goal, 0 MB stacks, 0 MB globals, 20 P
gc 5838 @12.144s 6%: 0.085+0.54+0.055 ms clock, 1.7+0.28/0.65/0.030+1.1 ms cpu, 3->4->2 MB, 4 MB goal, 0 MB stacks, 0 MB globals, 20 P
gc 5839 @12.145s 6%: 0.077+0.87+0.096 ms clock, 1.5+0.29/0.61/0+1.9 ms cpu, 4->5->2 MB, 5 MB goal, 0 MB stacks, 0 MB globals, 20 P
gc 5840 @12.147s 6%: 0.050+0.41+0.068 ms clock, 1.0+0.33/0.68/0+1.3 ms cpu, 5->6->2 MB, 5 MB goal, 0 MB stacks, 0 MB globals, 20 P
gc 5841 @12.149s 6%: 0.062+0.36+0.026 ms clock, 1.2+0.26/0.64/0+0.52 ms cpu, 4->5->2 MB, 5 MB goal, 0 MB stacks, 0 MB globals, 20 P
gc 5842 @12.150s 6%: 0.055+0.42+0.046 ms clock, 1.1+0.35/0.68/0.033+0.92 ms cpu, 4->5->2 MB, 4 MB goal, 0 MB stacks, 0 MB globals, 20 P
gc 5843 @12.152s 6%: 0.052+0.51+0.053 ms clock, 1.0+0.23/0.59/0.060+1.0 ms cpu, 4->5->2 MB, 5 MB goal, 0 MB stacks, 0 MB globals, 20 P
gc 5844 @12.153s 6%: 0.078+0.49+0.052 ms clock, 1.5+0.65/0.56/0.006+1.0 ms cpu, 4->5->2 MB, 5 MB goal, 0 MB stacks, 0 MB globals, 20 P
gc 5845 @12.155s 6%: 0.047+0.48+0.056 ms clock, 0.94+0.25/0.66/0.067+1.1 ms cpu, 4->5->2 MB, 5 MB goal, 0 MB stacks, 0 MB globals, 20 P
gc 5846 @12.156s 6%: 0.063+0.36+0.087 ms clock, 1.2+0.30/0.56/0.10+1.7 ms cpu, 4->5->2 MB, 5 MB goal, 0 MB stacks, 0 MB globals, 20 P
gc 5847 @12.158s 6%: 0.024+0.46+0.041 ms clock, 0.48+0.27/0.68/0.022+0.83 ms cpu, 4->5->2 MB, 5 MB goal, 0 MB stacks, 0 MB globals, 20 P
gc 5848 @12.159s 6%: 0.079+0.31+0.053 ms clock, 1.5+0.30/0.62/0.005+1.0 ms cpu, 4->5->2 MB, 5 MB goal, 0 MB stacks, 0 MB globals, 20 P
gc 5849 @12.160s 6%: 0.046+0.34+0.073 ms clock, 0.92+0.32/0.61/0.055+1.4 ms cpu, 4->4->2 MB, 5 MB goal, 0 MB stacks, 0 MB globals, 20 P
gc 5850 @12.161s 6%: 0.061+0.40+0.081 ms clock, 1.2+0.35/0.61/0.054+1.6 ms cpu, 4->4->2 MB, 4 MB goal, 0 MB stacks, 0 MB globals, 20 P
gc 5851 @12.162s 6%: 0.051+0.38+0.060 ms clock, 1.0+0.39/0.56/0.030+1.2 ms cpu, 4->5->2 MB, 4 MB goal, 0 MB stacks, 0 MB globals, 20 P
gc 5852 @12.164s 6%: 0.043+0.54+0.028 ms clock, 0.86+0.39/0.71/0.011+0.56 ms cpu, 4->4->2 MB, 4 MB goal, 0 MB stacks, 0 MB globals, 20 P
gc 5853 @12.165s 6%: 0.068+0.27+0.086 ms clock, 1.3+0.34/0.62/0.039+1.7 ms cpu, 4->5->2 MB, 5 MB goal, 0 MB stacks, 0 MB globals, 20 P
gc 5854 @12.166s 6%: 0.058+0.42+0.046 ms clock, 1.1+0.28/0.67/0+0.92 ms cpu, 4->5->2 MB, 4 MB goal, 0 MB stacks, 0 MB globals, 20 P
gc 5855 @12.167s 6%: 0.070+0.40+0.075 ms clock, 1.4+0.26/0.68/0.043+1.5 ms cpu, 4->5->2 MB, 5 MB goal, 0 MB stacks, 0 MB globals, 20 P
gc 5856 @12.169s 6%: 0.048+0.43+0.053 ms clock, 0.97+0.28/0.67/0.024+1.0 ms cpu, 4->5->2 MB, 5 MB goal, 0 MB stacks, 0 MB globals, 20 P
gc 5857 @12.170s 6%: 0.020+0.57+0.072 ms clock, 0.40+0.20/0.61/0+1.4 ms cpu, 3->4->2 MB, 4 MB goal, 0 MB stacks, 0 MB globals, 20 P
gc 5858 @12.171s 6%: 0.076+0.26+0.073 ms clock, 1.5+0.23/0.59/0.001+1.4 ms cpu, 4->5->2 MB, 5 MB goal, 0 MB stacks, 0 MB globals, 20 P
gc 5859 @12.172s 6%: 0.070+0.31+0.070 ms clock, 1.4+0.29/0.68/0.049+1.4 ms cpu, 3->4->2 MB, 4 MB goal, 0 MB stacks, 0 MB globals, 20 P
gc 5860 @12.174s 6%: 0.078+0.32+0.078 ms clock, 1.5+0.24/0.64/0.041+1.5 ms cpu, 4->4->2 MB, 4 MB goal, 0 MB stacks, 0 MB globals, 20 P
gc 5861 @12.175s 6%: 0.085+0.36+0.049 ms clock, 1.7+0.28/0.62/0.050+0.99 ms cpu, 3->4->2 MB, 4 MB goal, 0 MB stacks, 0 MB globals, 20 P
gc 5862 @12.176s 6%: 0.045+0.31+0.067 ms clock, 0.91+0.29/0.68/0.007+1.3 ms cpu, 4->5->2 MB, 4 MB goal, 0 MB stacks, 0 MB globals, 20 P
gc 5863 @12.177s 6%: 0.059+0.47+0.091 ms clock, 1.1+0.30/0.57/0.045+1.8 ms cpu, 4->5->2 MB, 4 MB goal, 0 MB stacks, 0 MB globals, 20 P
gc 5864 @12.179s 6%: 0.089+0.43+0.051 ms clock, 1.7+0.27/0.64/0.008+1.0 ms cpu, 4->5->2 MB, 5 MB goal, 0 MB stacks, 0 MB globals, 20 P
gc 5865 @12.180s 6%: 0.042+0.26+0.014 ms clock, 0.84+0.28/0.60/0.020+0.29 ms cpu, 4->4->1 MB, 5 MB goal, 0 MB stacks, 0 MB globals, 20 P
gc 5866 @12.181s 6%: 0.089+0.40+0.025 ms clock, 1.7+0.27/0.60/0.12+0.51 ms cpu, 3->4->2 MB, 4 MB goal, 0 MB stacks, 0 MB globals, 20 P
gc 5867 @12.183s 6%: 0.055+0.29+0.070 ms clock, 1.1+0.30/0.72/0+1.4 ms cpu, 4->4->2 MB, 4 MB goal, 0 MB stacks, 0 MB globals, 20 P
gc 5868 @12.183s 6%: 0.075+0.36+0.078 ms clock, 1.5+0.23/0.63/0.12+1.5 ms cpu, 3->4->2 MB, 4 MB goal, 0 MB stacks, 0 MB globals, 20 P
gc 5869 @12.185s 6%: 0.062+0.43+0.023 ms clock, 1.2+0.19/0.68/0.022+0.47 ms cpu, 4->4->2 MB, 4 MB goal, 0 MB stacks, 0 MB globals, 20 P
gc 5870 @12.186s 6%: 0.032+0.27+0.018 ms clock, 0.65+0.33/0.64/0.055+0.36 ms cpu, 4->4->2 MB, 5 MB goal, 0 MB stacks, 0 MB globals, 20 P
gc 5871 @12.187s 6%: 0.080+0.38+0.021 ms clock, 1.6+0.31/0.61/0.020+0.42 ms cpu, 3->4->2 MB, 4 MB goal, 0 MB stacks, 0 MB globals, 20 P
gc 5872 @12.188s 6%: 0.071+0.44+0.067 ms clock, 1.4+0.40/0.55/0+1.3 ms cpu, 4->5->2 MB, 4 MB goal, 0 MB stacks, 0 MB globals, 20 P
gc 5873 @12.189s 6%: 0.058+0.47+0.058 ms clock, 1.1+0.41/0.59/0.017+1.1 ms cpu, 4->5->2 MB, 5 MB goal, 0 MB stacks, 0 MB globals, 20 P
gc 5874 @12.191s 6%: 0.053+0.31+0.017 ms clock, 1.0+0.26/0.73/0+0.34 ms cpu, 4->5->2 MB, 5 MB goal, 0 MB stacks, 0 MB globals, 20 P
gc 5875 @12.192s 6%: 0.080+0.40+0.060 ms clock, 1.6+0.32/0.60/0+1.2 ms cpu, 4->4->2 MB, 4 MB goal, 0 MB stacks, 0 MB globals, 20 P
gc 5876 @12.193s 6%: 0.079+0.75+0.076 ms clock, 1.5+0.88/0.61/0.021+1.5 ms cpu, 4->5->2 MB, 5 MB goal, 0 MB stacks, 0 MB globals, 20 P
gc 5877 @12.195s 6%: 0.073+0.41+0.027 ms clock, 1.4+0.39/0.57/0.013+0.55 ms cpu, 5->6->2 MB, 6 MB goal, 0 MB stacks, 0 MB globals, 20 P
gc 5878 @12.196s 6%: 0.059+0.32+0.019 ms clock, 1.1+0.28/0.54/0.049+0.39 ms cpu, 4->5->2 MB, 5 MB goal, 0 MB stacks, 0 MB globals, 20 P
gc 5879 @12.197s 6%: 0.10+0.29+0.071 ms clock, 2.0+0.31/0.69/0.002+1.4 ms cpu, 4->4->2 MB, 4 MB goal, 0 MB stacks, 0 MB globals, 20 P
gc 5880 @12.199s 6%: 0.068+0.60+0.092 ms clock, 1.3+0.39/0.61/0.002+1.8 ms cpu, 4->5->2 MB, 4 MB goal, 0 MB stacks, 0 MB globals, 20 P
gc 5881 @12.200s 6%: 0.069+0.59+0.068 ms clock, 1.3+0.40/0.54/0.11+1.3 ms cpu, 4->5->2 MB, 5 MB goal, 0 MB stacks, 0 MB globals, 20 P
gc 5882 @12.202s 6%: 0.083+0.35+0.081 ms clock, 1.6+0.25/0.64/0.047+1.6 ms cpu, 4->5->2 MB, 5 MB goal, 0 MB stacks, 0 MB globals, 20 P
gc 5883 @12.203s 6%: 0.080+0.44+0.054 ms clock, 1.6+0.34/0.63/0.016+1.0 ms cpu, 4->4->2 MB, 4 MB goal, 0 MB stacks, 0 MB globals, 20 P
gc 5884 @12.204s 6%: 0.055+0.43+0.092 ms clock, 1.1+0.14/0.77/0+1.8 ms cpu, 4->5->2 MB, 5 MB goal, 0 MB stacks, 0 MB globals, 20 P
gc 5885 @12.206s 6%: 0.049+0.40+0.10 ms clock, 0.99+0.31/0.67/0.082+2.0 ms cpu, 4->5->2 MB, 5 MB goal, 0 MB stacks, 0 MB globals, 20 P
gc 5886 @12.207s 6%: 0.076+0.66+0.035 ms clock, 1.5+0.25/0.60/0.016+0.71 ms cpu, 4->5->2 MB, 4 MB goal, 0 MB stacks, 0 MB globals, 20 P
gc 5887 @12.208s 6%: 0.078+0.21+0.015 ms clock, 1.5+0.40/0.59/0.004+0.30 ms cpu, 4->5->2 MB, 5 MB goal, 0 MB stacks, 0 MB globals, 20 P
gc 5888 @12.209s 6%: 0.066+0.32+0.017 ms clock, 1.3+0.33/0.72/0+0.34 ms cpu, 4->4->2 MB, 4 MB goal, 0 MB stacks, 0 MB globals, 20 P
gc 5889 @12.211s 6%: 0.068+0.30+0.038 ms clock, 1.3+0.27/0.62/0+0.77 ms cpu, 3->4->2 MB, 4 MB goal, 0 MB stacks, 0 MB globals, 20 P
gc 5890 @12.212s 6%: 0.095+0.36+0.072 ms clock, 1.9+0.16/0.84/0+1.4 ms cpu, 4->4->2 MB, 4 MB goal, 0 MB stacks, 0 MB globals, 20 P
gc 5891 @12.213s 6%: 0.067+0.42+0.14 ms clock, 1.3+0.33/0.55/0.019+2.8 ms cpu, 3->4->2 MB, 4 MB goal, 0 MB stacks, 0 MB globals, 20 P
gc 5892 @12.214s 6%: 0.047+0.39+0.043 ms clock, 0.95+0.33/0.66/0.031+0.87 ms cpu, 4->5->2 MB, 4 MB goal, 0 MB stacks, 0 MB globals, 20 P
gc 5893 @12.215s 6%: 0.035+0.33+0.075 ms clock, 0.70+0.32/0.66/0.019+1.5 ms cpu, 4->5->2 MB, 5 MB goal, 0 MB stacks, 0 MB globals, 20 P
gc 5894 @12.216s 6%: 0.087+0.56+0.013 ms clock, 1.7+0.31/0.54/0+0.26 ms cpu, 4->5->2 MB, 4 MB goal, 0 MB stacks, 0 MB globals, 20 P
gc 5895 @12.218s 6%: 0.068+0.44+0.071 ms clock, 1.3+0.39/0.68/0.002+1.4 ms cpu, 4->5->2 MB, 5 MB goal, 0 MB stacks, 0 MB globals, 20 P
gc 5896 @12.219s 6%: 0.037+0.54+0.034 ms clock, 0.75+0.15/0.70/0.003+0.69 ms cpu, 4->5->2 MB, 5 MB goal, 0 MB stacks, 0 MB globals, 20 P
gc 5897 @12.221s 6%: 0.084+0.27+0.069 ms clock, 1.6+0.32/0.70/0+1.3 ms cpu, 4->5->2 MB, 5 MB goal, 0 MB stacks, 0 MB globals, 20 P
gc 5898 @12.222s 6%: 0.096+0.28+0.078 ms clock, 1.9+0.37/0.55/0.050+1.5 ms cpu, 4->4->2 MB, 4 MB goal, 0 MB stacks, 0 MB globals, 20 P
gc 5899 @12.223s 6%: 0.087+0.49+0.031 ms clock, 1.7+0.27/0.66/0.005+0.62 ms cpu, 3->4->2 MB, 4 MB goal, 0 MB stacks, 0 MB globals, 20 P
gc 5900 @12.224s 6%: 0.066+0.29+0.070 ms clock, 1.3+0.39/0.54/0.069+1.4 ms cpu, 4->5->1 MB, 5 MB goal, 0 MB stacks, 0 MB globals, 20 P
gc 5901 @12.225s 6%: 0.082+0.31+0.11 ms clock, 1.6+0.30/0.59/0+2.2 ms cpu, 3->4->2 MB, 4 MB goal, 0 MB stacks, 0 MB globals, 20 P
gc 5902 @12.226s 6%: 0.042+0.49+0.065 ms clock, 0.85+0.30/0.73/0.006+1.3 ms cpu, 3->4->2 MB, 4 MB goal, 0 MB stacks, 0 MB globals, 20 P
gc 5903 @12.227s 6%: 0.048+0.33+0.043 ms clock, 0.96+0.22/0.68/0.025+0.87 ms cpu, 4->4->2 MB, 5 MB goal, 0 MB stacks, 0 MB globals, 20 P
gc 5904 @12.229s 6%: 0.040+0.32+0.083 ms clock, 0.81+0.33/0.58/0.13+1.6 ms cpu, 3->4->2 MB, 4 MB goal, 0 MB stacks, 0 MB globals, 20 P
gc 5905 @12.230s 6%: 0.076+0.30+0.073 ms clock, 1.5+0.27/0.67/0.042+1.4 ms cpu, 3->4->2 MB, 4 MB goal, 0 MB stacks, 0 MB globals, 20 P
gc 5906 @12.231s 6%: 0.069+0.40+0.062 ms clock, 1.3+0.26/0.58/0.049+1.2 ms cpu, 3->4->2 MB, 4 MB goal, 0 MB stacks, 0 MB globals, 20 P
gc 5907 @12.232s 6%: 0.080+0.33+0.072 ms clock, 1.6+0.33/0.57/0.009+1.4 ms cpu, 4->4->2 MB, 4 MB goal, 0 MB stacks, 0 MB globals, 20 P
gc 5908 @12.233s 6%: 0.076+0.43+0.052 ms clock, 1.5+0.27/0.75/0.002+1.0 ms cpu, 4->4->2 MB, 4 MB goal, 0 MB stacks, 0 MB globals, 20 P
gc 5909 @12.234s 6%: 0.073+0.68+0.058 ms clock, 1.4+0.25/0.64/0.035+1.1 ms cpu, 4->5->2 MB, 5 MB goal, 0 MB stacks, 0 MB globals, 20 P
gc 5910 @12.236s 6%: 0.085+0.61+0.010 ms clock, 1.7+0.24/0.64/0+0.20 ms cpu, 4->5->2 MB, 5 MB goal, 0 MB stacks, 0 MB globals, 20 P
gc 5911 @12.237s 6%: 0.020+0.45+0.077 ms clock, 0.40+0.30/0.66/0.067+1.5 ms cpu, 4->5->2 MB, 5 MB goal, 0 MB stacks, 0 MB globals, 20 P
gc 5912 @12.239s 6%: 0.075+0.34+0.032 ms clock, 1.5+0.31/0.55/0.025+0.64 ms cpu, 4->5->2 MB, 5 MB goal, 0 MB stacks, 0 MB globals, 20 P
gc 5913 @12.240s 6%: 0.074+0.33+0.063 ms clock, 1.4+0.21/0.54/0.055+1.2 ms cpu, 4->5->2 MB, 4 MB goal, 0 MB stacks, 0 MB globals, 20 P
gc 5914 @12.241s 6%: 0.074+0.46+0.015 ms clock, 1.4+0.32/0.63/0+0.31 ms cpu, 4->5->2 MB, 4 MB goal, 0 MB stacks, 0 MB globals, 20 P
gc 5915 @12.242s 6%: 0.058+0.55+0.029 ms clock, 1.1+0.44/0.65/0.001+0.59 ms cpu, 4->5->2 MB, 5 MB goal, 0 MB stacks, 0 MB globals, 20 P
gc 5916 @12.244s 6%: 0.077+0.60+0.077 ms clock, 1.5+0.40/0.61/0.049+1.5 ms cpu, 4->5->2 MB, 5 MB goal, 0 MB stacks, 0 MB globals, 20 P
gc 5917 @12.245s 6%: 0.071+0.35+0.067 ms clock, 1.4+0.26/0.60/0+1.3 ms cpu, 4->5->2 MB, 5 MB goal, 0 MB stacks, 0 MB globals, 20 P
gc 5918 @12.247s 6%: 0.052+0.49+0.014 ms clock, 1.0+0.35/0.59/0.006+0.29 ms cpu, 4->4->2 MB, 4 MB goal, 0 MB stacks, 0 MB globals, 20 P
gc 5919 @12.248s 6%: 0.062+0.41+0.050 ms clock, 1.2+0.41/0.53/0+1.0 ms cpu, 4->5->2 MB, 4 MB goal, 0 MB stacks, 0 MB globals, 20 P
gc 5920 @12.249s 6%: 0.039+0.35+0.025 ms clock, 0.79+0.20/0.62/0.097+0.51 ms cpu, 4->5->2 MB, 5 MB goal, 0 MB stacks, 0 MB globals, 20 P
gc 5921 @12.250s 6%: 0.084+0.49+0.029 ms clock, 1.6+0.35/0.50/0.041+0.58 ms cpu, 3->5->2 MB, 4 MB goal, 0 MB stacks, 0 MB globals, 20 P
gc 5922 @12.252s 6%: 0.069+0.47+0.079 ms clock, 1.3+0.25/0.56/0.032+1.5 ms cpu, 4->5->2 MB, 5 MB goal, 0 MB stacks, 0 MB globals, 20 P
gc 5923 @12.253s 6%: 0.067+0.52+0.041 ms clock, 1.3+0.31/0.66/0+0.83 ms cpu, 4->5->2 MB, 5 MB goal, 0 MB stacks, 0 MB globals, 20 P
gc 5924 @12.255s 6%: 0.065+0.44+0.083 ms clock, 1.3+0.26/0.74/0.010+1.6 ms cpu, 4->5->2 MB, 5 MB goal, 0 MB stacks, 0 MB globals, 20 P
gc 5925 @12.256s 6%: 0.075+0.40+0.058 ms clock, 1.5+0.23/0.71/0.023+1.1 ms cpu, 4->5->2 MB, 5 MB goal, 0 MB stacks, 0 MB globals, 20 P
gc 5926 @12.257s 6%: 0.070+0.43+0.021 ms clock, 1.4+0.38/0.74/0.039+0.42 ms cpu, 4->4->2 MB, 4 MB goal, 0 MB stacks, 0 MB globals, 20 P
gc 5927 @12.258s 6%: 0.045+0.58+0.029 ms clock, 0.90+0.30/0.57/0+0.59 ms cpu, 4->5->2 MB, 5 MB goal, 0 MB stacks, 0 MB globals, 20 P
gc 5928 @12.260s 6%: 0.049+0.27+0.054 ms clock, 0.99+0.25/0.65/0.018+1.0 ms cpu, 4->4->2 MB, 5 MB goal, 0 MB stacks, 0 MB globals, 20 P
gc 5929 @12.261s 6%: 0.043+0.57+0.042 ms clock, 0.87+0.33/0.59/0.063+0.84 ms cpu, 3->4->2 MB, 4 MB goal, 0 MB stacks, 0 MB globals, 20 P
gc 5930 @12.262s 6%: 0.028+0.44+0.023 ms clock, 0.56+0.28/0.62/0.16+0.46 ms cpu, 4->5->2 MB, 5 MB goal, 0 MB stacks, 0 MB globals, 20 P
gc 5931 @12.263s 6%: 0.077+0.60+0.015 ms clock, 1.5+0.36/0.63/0+0.30 ms cpu, 4->5->2 MB, 4 MB goal, 0 MB stacks, 0 MB globals, 20 P
gc 5932 @12.265s 6%: 0.075+0.52+0.066 ms clock, 1.5+0.35/0.72/0.059+1.3 ms cpu, 4->5->2 MB, 5 MB goal, 0 MB stacks, 0 MB globals, 20 P
gc 5933 @12.267s 6%: 0.082+0.32+0.061 ms clock, 1.6+0.32/0.59/0.002+1.2 ms cpu, 4->5->2 MB, 5 MB goal, 0 MB stacks, 0 MB globals, 20 P
gc 5934 @12.268s 6%: 0.035+0.33+0.066 ms clock, 0.70+0.31/0.59/0.013+1.3 ms cpu, 3->4->2 MB, 4 MB goal, 0 MB stacks, 0 MB globals, 20 P
gc 5935 @12.269s 6%: 0.074+0.30+0.043 ms clock, 1.4+0.31/0.51/0.095+0.86 ms cpu, 3->4->2 MB, 4 MB goal, 0 MB stacks, 0 MB globals, 20 P
gc 5936 @12.270s 6%: 0.087+0.37+0.022 ms clock, 1.7+0.14/0.70/0+0.45 ms cpu, 4->4->2 MB, 4 MB goal, 0 MB stacks, 0 MB globals, 20 P
gc 5937 @12.272s 6%: 0.12+0.45+0.017 ms clock, 2.4+0.20/0.59/0.011+0.34 ms cpu, 4->5->2 MB, 5 MB goal, 0 MB stacks, 0 MB globals, 20 P
gc 5938 @12.274s 6%: 0.040+0.32+0.055 ms clock, 0.81+0.29/0.55/0+1.1 ms cpu, 4->5->2 MB, 5 MB goal, 0 MB stacks, 0 MB globals, 20 P
gc 5939 @12.275s 6%: 0.11+0.43+0.071 ms clock, 2.3+0.20/0.67/0+1.4 ms cpu, 4->5->2 MB, 4 MB goal, 0 MB stacks, 0 MB globals, 20 P
gc 5940 @12.276s 6%: 0.072+0.37+0.11 ms clock, 1.4+0.36/0.64/0+2.3 ms cpu, 4->5->2 MB, 5 MB goal, 0 MB stacks, 0 MB globals, 20 P
gc 5941 @12.277s 6%: 0.038+0.49+0.082 ms clock, 0.77+0.44/0.60/0.018+1.6 ms cpu, 4->5->2 MB, 4 MB goal, 0 MB stacks, 0 MB globals, 20 P
gc 5942 @12.279s 6%: 0.069+0.23+0.081 ms clock, 1.3+0.30/0.56/0.044+1.6 ms cpu, 4->5->2 MB, 5 MB goal, 0 MB stacks, 0 MB globals, 20 P
gc 5943 @12.280s 6%: 0.054+0.82+0.039 ms clock, 1.0+0.44/0.66/0+0.78 ms cpu, 4->5->2 MB, 4 MB goal, 0 MB stacks, 0 MB globals, 20 P
gc 5944 @12.282s 6%: 0.067+0.47+0.048 ms clock, 1.3+0.26/0.72/0.003+0.97 ms cpu, 5->6->2 MB, 6 MB goal, 0 MB stacks, 0 MB globals, 20 P
gc 5945 @12.284s 6%: 0.081+0.36+0.039 ms clock, 1.6+0.27/0.54/0.040+0.79 ms cpu, 4->4->2 MB, 4 MB goal, 0 MB stacks, 0 MB globals, 20 P
gc 5946 @12.285s 6%: 0.057+0.56+0.052 ms clock, 1.1+0.30/0.68/0.043+1.0 ms cpu, 4->5->2 MB, 4 MB goal, 0 MB stacks, 0 MB globals, 20 P
gc 5947 @12.286s 6%: 0.10+0.42+0.050 ms clock, 2.1+0.34/0.57/0.066+1.0 ms cpu, 4->5->2 MB, 5 MB goal, 0 MB stacks, 0 MB globals, 20 P
gc 5948 @12.288s 6%: 0.068+0.68+0.062 ms clock, 1.3+0.40/0.67/0.008+1.2 ms cpu, 4->5->2 MB, 5 MB goal, 0 MB stacks, 0 MB globals, 20 P
gc 5949 @12.290s 6%: 0.051+0.31+0.037 ms clock, 1.0+0.50/0.60/0.041+0.74 ms cpu, 4->5->2 MB, 5 MB goal, 0 MB stacks, 0 MB globals, 20 P
gc 5950 @12.291s 6%: 0.075+0.46+0.057 ms clock, 1.5+0.34/0.63/0+1.1 ms cpu, 4->5->2 MB, 4 MB goal, 0 MB stacks, 0 MB globals, 20 P
gc 5951 @12.292s 6%: 0.079+0.47+0.053 ms clock, 1.5+0.33/0.65/0.008+1.0 ms cpu, 4->5->2 MB, 4 MB goal, 0 MB stacks, 0 MB globals, 20 P
gc 5952 @12.293s 6%: 0.073+0.34+0.018 ms clock, 1.4+0.25/0.68/0+0.36 ms cpu, 4->5->2 MB, 5 MB goal, 0 MB stacks, 0 MB globals, 20 P
gc 5953 @12.294s 6%: 0.085+0.36+0.054 ms clock, 1.7+0.36/0.63/0.001+1.0 ms cpu, 4->5->2 MB, 5 MB goal, 0 MB stacks, 0 MB globals, 20 P
gc 5954 @12.295s 6%: 0.071+0.29+0.050 ms clock, 1.4+0.30/0.62/0.004+1.0 ms cpu, 4->4->2 MB, 4 MB goal, 0 MB stacks, 0 MB globals, 20 P
gc 5955 @12.296s 6%: 0.082+0.37+0.032 ms clock, 1.6+0.33/0.60/0.071+0.64 ms cpu, 4->4->2 MB, 4 MB goal, 0 MB stacks, 0 MB globals, 20 P
gc 5956 @12.297s 6%: 0.060+0.27+0.063 ms clock, 1.2+0.40/0.68/0.003+1.2 ms cpu, 4->4->1 MB, 4 MB goal, 0 MB stacks, 0 MB globals, 20 P
gc 5957 @12.298s 6%: 0.070+0.48+0.039 ms clock, 1.4+0.41/0.77/0.009+0.78 ms cpu, 3->4->2 MB, 4 MB goal, 0 MB stacks, 0 MB globals, 20 P
gc 5958 @12.300s 6%: 0.064+0.42+0.044 ms clock, 1.2+0.40/0.62/0.005+0.88 ms cpu, 4->5->2 MB, 5 MB goal, 0 MB stacks, 0 MB globals, 20 P
gc 5959 @12.301s 6%: 0.073+0.39+0.060 ms clock, 1.4+0.41/0.54/0.060+1.2 ms cpu, 4->5->2 MB, 5 MB goal, 0 MB stacks, 0 MB globals, 20 P
gc 5960 @12.302s 6%: 0.032+0.54+0.061 ms clock, 0.65+0.31/0.60/0.034+1.2 ms cpu, 4->5->2 MB, 4 MB goal, 0 MB stacks, 0 MB globals, 20 P
gc 5961 @12.303s 6%: 0.078+0.46+0.027 ms clock, 1.5+0.33/0.54/0+0.54 ms cpu, 4->5->2 MB, 5 MB goal, 0 MB stacks, 0 MB globals, 20 P
gc 5962 @12.305s 6%: 0.078+0.29+0.064 ms clock, 1.5+0.34/0.58/0.057+1.2 ms cpu, 4->5->2 MB, 5 MB goal, 0 MB stacks, 0 MB globals, 20 P
gc 5963 @12.306s 6%: 0.059+0.25+0.081 ms clock, 1.1+0.13/0.58/0.050+1.6 ms cpu, 3->4->2 MB, 4 MB goal, 0 MB stacks, 0 MB globals, 20 P
gc 5964 @12.307s 6%: 0.072+0.30+0.015 ms clock, 1.4+0.36/0.58/0+0.30 ms cpu, 3->4->2 MB, 4 MB goal, 0 MB stacks, 0 MB globals, 20 P
gc 5965 @12.308s 6%: 0.069+0.38+0.027 ms clock, 1.3+0.24/0.65/0.12+0.55 ms cpu, 4->4->2 MB, 4 MB goal, 0 MB stacks, 0 MB globals, 20 P
gc 5966 @12.310s 6%: 0.080+0.43+0.069 ms clock, 1.6+0.24/0.54/0.061+1.3 ms cpu, 4->5->2 MB, 4 MB goal, 0 MB stacks, 0 MB globals, 20 P
gc 5967 @12.311s 6%: 0.053+0.41+0.072 ms clock, 1.0+0.31/0.60/0.072+1.4 ms cpu, 4->5->2 MB, 5 MB goal, 0 MB stacks, 0 MB globals, 20 P
gc 5968 @12.312s 6%: 0.065+0.38+0.048 ms clock, 1.3+0.39/0.61/0.004+0.97 ms cpu, 4->5->2 MB, 5 MB goal, 0 MB stacks, 0 MB globals, 20 P
gc 5969 @12.314s 6%: 0.065+0.41+0.070 ms clock, 1.3+0.36/0.58/0.008+1.4 ms cpu, 4->5->2 MB, 5 MB goal, 0 MB stacks, 0 MB globals, 20 P
gc 5970 @12.315s 6%: 0.070+0.36+0.068 ms clock, 1.4+0.39/0.60/0.001+1.3 ms cpu, 4->5->2 MB, 5 MB goal, 0 MB stacks, 0 MB globals, 20 P
gc 5971 @12.317s 6%: 0.073+0.46+0.007 ms clock, 1.4+0.34/0.55/0+0.15 ms cpu, 4->5->2 MB, 4 MB goal, 0 MB stacks, 0 MB globals, 20 P
gc 5972 @12.318s 6%: 0.14+0.59+0.018 ms clock, 2.8+0.37/0.63/0+0.37 ms cpu, 4->5->2 MB, 5 MB goal, 0 MB stacks, 0 MB globals, 20 P
gc 5973 @12.320s 6%: 0.082+0.44+0.058 ms clock, 1.6+0.30/0.70/0+1.1 ms cpu, 4->5->2 MB, 5 MB goal, 0 MB stacks, 0 MB globals, 20 P
gc 5974 @12.321s 6%: 0.045+0.42+0.036 ms clock, 0.90+0.29/0.70/0.002+0.73 ms cpu, 4->5->2 MB, 5 MB goal, 0 MB stacks, 0 MB globals, 20 P
gc 5975 @12.323s 6%: 0.070+0.43+0.060 ms clock, 1.4+0.39/0.52/0+1.2 ms cpu, 4->5->2 MB, 5 MB goal, 0 MB stacks, 0 MB globals, 20 P
gc 5976 @12.324s 6%: 0.077+0.29+0.034 ms clock, 1.5+0.34/0.56/0+0.69 ms cpu, 4->5->2 MB, 5 MB goal, 0 MB stacks, 0 MB globals, 20 P
gc 5977 @12.325s 6%: 0.063+0.29+0.073 ms clock, 1.2+0.29/0.57/0.11+1.4 ms cpu, 4->4->2 MB, 4 MB goal, 0 MB stacks, 0 MB globals, 20 P
gc 5978 @12.326s 6%: 0.084+0.32+0.050 ms clock, 1.6+0.24/0.57/0.093+1.0 ms cpu, 3->4->2 MB, 4 MB goal, 0 MB stacks, 0 MB globals, 20 P
gc 5979 @12.328s 6%: 0.028+0.46+0.041 ms clock, 0.56+0.19/0.54/0.14+0.83 ms cpu, 4->4->2 MB, 4 MB goal, 0 MB stacks, 0 MB globals, 20 P
gc 5980 @12.329s 6%: 0.070+0.42+0.097 ms clock, 1.4+0.20/0.70/0.072+1.9 ms cpu, 4->5->2 MB, 5 MB goal, 0 MB stacks, 0 MB globals, 20 P
gc 5981 @12.330s 6%: 0.075+0.55+0.072 ms clock, 1.5+0.24/0.75/0.055+1.4 ms cpu, 3->4->2 MB, 4 MB goal, 0 MB stacks, 0 MB globals, 20 P
gc 5982 @12.332s 6%: 0.10+0.56+0.024 ms clock, 2.0+0.39/0.62/0.002+0.49 ms cpu, 4->5->2 MB, 5 MB goal, 0 MB stacks, 0 MB globals, 20 P
gc 5983 @12.333s 6%: 0.072+0.51+0.043 ms clock, 1.4+0.29/0.57/0.13+0.87 ms cpu, 4->5->2 MB, 5 MB goal, 0 MB stacks, 0 MB globals, 20 P
gc 5984 @12.335s 6%: 0.080+0.54+0.020 ms clock, 1.6+0.31/0.59/0.038+0.40 ms cpu, 4->5->2 MB, 5 MB goal, 0 MB stacks, 0 MB globals, 20 P
gc 5985 @12.336s 6%: 0.068+0.38+0.033 ms clock, 1.3+0.42/0.61/0.002+0.67 ms cpu, 4->5->2 MB, 5 MB goal, 0 MB stacks, 0 MB globals, 20 P
gc 5986 @12.338s 6%: 0.067+0.41+0.050 ms clock, 1.3+0.34/0.73/0.006+1.0 ms cpu, 4->5->2 MB, 5 MB goal, 0 MB stacks, 0 MB globals, 20 P
gc 5987 @12.339s 6%: 0.080+0.40+0.075 ms clock, 1.6+0.37/0.67/0.008+1.5 ms cpu, 4->5->2 MB, 5 MB goal, 0 MB stacks, 0 MB globals, 20 P
gc 5988 @12.340s 6%: 0.090+0.37+0.058 ms clock, 1.8+0.41/0.58/0.006+1.1 ms cpu, 4->4->2 MB, 4 MB goal, 0 MB stacks, 0 MB globals, 20 P
gc 5989 @12.341s 6%: 0.063+0.43+0.052 ms clock, 1.2+0.31/0.59/0.017+1.0 ms cpu, 4->4->2 MB, 4 MB goal, 0 MB stacks, 0 MB globals, 20 P
gc 5990 @12.343s 6%: 0.057+0.36+0.056 ms clock, 1.1+0.28/0.60/0+1.1 ms cpu, 4->4->2 MB, 4 MB goal, 0 MB stacks, 0 MB globals, 20 P
gc 5991 @12.344s 6%: 0.070+0.40+0.027 ms clock, 1.4+0.36/0.60/0.001+0.54 ms cpu, 4->4->2 MB, 4 MB goal, 0 MB stacks, 0 MB globals, 20 P
gc 5992 @12.345s 6%: 0.064+0.57+0.071 ms clock, 1.2+0.38/0.59/0.010+1.4 ms cpu, 4->5->2 MB, 4 MB goal, 0 MB stacks, 0 MB globals, 20 P
gc 5993 @12.347s 6%: 0.061+0.38+0.065 ms clock, 1.2+0.28/0.58/0.033+1.3 ms cpu, 4->5->2 MB, 5 MB goal, 0 MB stacks, 0 MB globals, 20 P
gc 5994 @12.348s 6%: 0.025+0.32+0.065 ms clock, 0.51+0.20/0.57/0.13+1.3 ms cpu, 4->5->2 MB, 5 MB goal, 0 MB stacks, 0 MB globals, 20 P
gc 5995 @12.349s 6%: 0.073+0.49+0.073 ms clock, 1.4+0.099/0.80/0.010+1.4 ms cpu, 3->4->2 MB, 4 MB goal, 0 MB stacks, 0 MB globals, 20 P
gc 5996 @12.350s 6%: 0.065+0.43+0.065 ms clock, 1.3+0.16/0.60/0.017+1.3 ms cpu, 4->5->2 MB, 5 MB goal, 0 MB stacks, 0 MB globals, 20 P
gc 5997 @12.351s 6%: 0.026+0.45+0.066 ms clock, 0.53+0.32/0.59/0.10+1.3 ms cpu, 4->5->2 MB, 5 MB goal, 0 MB stacks, 0 MB globals, 20 P
gc 5998 @12.352s 6%: 0.084+0.43+0.031 ms clock, 1.6+0.35/0.73/0+0.62 ms cpu, 4->5->2 MB, 5 MB goal, 0 MB stacks, 0 MB globals, 20 P
gc 5999 @12.354s 6%: 0.063+0.31+0.066 ms clock, 1.2+0.10/0.78/0+1.3 ms cpu, 4->5->2 MB, 5 MB goal, 0 MB stacks, 0 MB globals, 20 P
gc 6000 @12.355s 6%: 0.080+0.37+0.066 ms clock, 1.6+0.35/0.69/0.15+1.3 ms cpu, 4->4->2 MB, 4 MB goal, 0 MB stacks, 0 MB globals, 20 P
gc 6001 @12.356s 6%: 0.035+0.55+0.082 ms clock, 0.71+0.20/0.67/0+1.6 ms cpu, 4->5->2 MB, 5 MB goal, 0 MB stacks, 0 MB globals, 20 P
gc 6002 @12.357s 6%: 0.051+0.41+0.078 ms clock, 1.0+0.43/0.53/0.006+1.5 ms cpu, 4->5->2 MB, 5 MB goal, 0 MB stacks, 0 MB globals, 20 P
gc 6003 @12.358s 6%: 0.075+0.34+0.079 ms clock, 1.5+0.31/0.70/0+1.5 ms cpu, 4->4->2 MB, 5 MB goal, 0 MB stacks, 0 MB globals, 20 P
gc 6004 @12.359s 6%: 0.071+0.41+0.013 ms clock, 1.4+0.20/0.61/0+0.26 ms cpu, 4->5->2 MB, 4 MB goal, 0 MB stacks, 0 MB globals, 20 P
gc 6005 @12.361s 6%: 0.050+0.19+0.035 ms clock, 1.0+0.27/0.54/0.052+0.70 ms cpu, 4->4->1 MB, 5 MB goal, 0 MB stacks, 0 MB globals, 20 P
gc 6006 @12.361s 6%: 0.049+0.36+0.067 ms clock, 0.98+0.40/0.55/0.23+1.3 ms cpu, 3->4->2 MB, 4 MB goal, 0 MB stacks, 0 MB globals, 20 P
gc 6007 @12.363s 6%: 0.047+0.45+0.065 ms clock, 0.95+0.23/0.63/0+1.3 ms cpu, 4->5->2 MB, 4 MB goal, 0 MB stacks, 0 MB globals, 20 P
gc 6008 @12.364s 6%: 0.10+0.53+0.026 ms clock, 2.1+0.32/0.63/0+0.53 ms cpu, 4->5->2 MB, 5 MB goal, 0 MB stacks, 0 MB globals, 20 P
gc 6009 @12.366s 6%: 0.073+0.31+0.083 ms clock, 1.4+0.18/0.60/0.073+1.6 ms cpu, 4->5->2 MB, 5 MB goal, 0 MB stacks, 0 MB globals, 20 P
gc 6010 @12.367s 6%: 0.077+0.42+0.023 ms clock, 1.5+0.28/0.66/0.041+0.47 ms cpu, 4->5->2 MB, 4 MB goal, 0 MB stacks, 0 MB globals, 20 P
gc 6011 @12.368s 6%: 0.068+0.47+0.066 ms clock, 1.3+0.22/0.71/0.11+1.3 ms cpu, 4->5->2 MB, 5 MB goal, 0 MB stacks, 0 MB globals, 20 P
gc 6012 @12.369s 6%: 0.046+0.32+0.079 ms clock, 0.92+0.41/0.58/0.009+1.5 ms cpu, 4->5->2 MB, 5 MB goal, 0 MB stacks, 0 MB globals, 20 P
gc 6013 @12.370s 6%: 0.077+0.46+0.056 ms clock, 1.5+0.36/0.66/0.014+1.1 ms cpu, 3->4->2 MB, 4 MB goal, 0 MB stacks, 0 MB globals, 20 P
gc 6014 @12.372s 6%: 0.064+0.35+0.023 ms clock, 1.2+0.17/0.75/0.10+0.46 ms cpu, 4->5->2 MB, 5 MB goal, 0 MB stacks, 0 MB globals, 20 P
gc 6015 @12.373s 6%: 0.074+0.30+0.076 ms clock, 1.4+0.44/0.59/0.007+1.5 ms cpu, 3->4->2 MB, 4 MB goal, 0 MB stacks, 0 MB globals, 20 P
gc 6016 @12.374s 6%: 0.054+0.42+0.039 ms clock, 1.0+0.27/0.59/0+0.79 ms cpu, 3->4->2 MB, 4 MB goal, 0 MB stacks, 0 MB globals, 20 P
gc 6017 @12.375s 6%: 0.028+0.30+0.034 ms clock, 0.57+0.28/0.67/0.018+0.69 ms cpu, 3->4->2 MB, 4 MB goal, 0 MB stacks, 0 MB globals, 20 P
gc 6018 @12.376s 6%: 0.069+0.25+0.068 ms clock, 1.3+0.39/0.59/0.025+1.3 ms cpu, 4->4->2 MB, 4 MB goal, 0 MB stacks, 0 MB globals, 20 P
gc 6019 @12.377s 6%: 0.091+0.37+0.084 ms clock, 1.8+0.32/0.57/0.049+1.6 ms cpu, 4->4->2 MB, 4 MB goal, 0 MB stacks, 0 MB globals, 20 P
gc 6020 @12.378s 6%: 0.073+0.42+0.050 ms clock, 1.4+0.26/0.56/0+1.0 ms cpu, 4->5->2 MB, 5 MB goal, 0 MB stacks, 0 MB globals, 20 P
gc 6021 @12.379s 6%: 0.070+0.51+0.044 ms clock, 1.4+0.33/0.59/0.034+0.89 ms cpu, 4->5->2 MB, 4 MB goal, 0 MB stacks, 0 MB globals, 20 P
gc 6022 @12.381s 6%: 0.054+0.22+0.057 ms clock, 1.0+0.42/0.54/0.001+1.1 ms cpu, 4->5->2 MB, 5 MB goal, 0 MB stacks, 0 MB globals, 20 P
gc 6023 @12.382s 6%: 0.042+0.29+0.071 ms clock, 0.84+0.47/0.62/0.023+1.4 ms cpu, 3->4->2 MB, 4 MB goal, 0 MB stacks, 0 MB globals, 20 P
gc 6024 @12.383s 6%: 0.075+0.28+0.12 ms clock, 1.5+0.36/0.65/0+2.5 ms cpu, 3->4->2 MB, 4 MB goal, 0 MB stacks, 0 MB globals, 20 P
gc 6025 @12.384s 6%: 0.089+0.25+0.059 ms clock, 1.7+0.45/0.53/0.036+1.1 ms cpu, 3->4->2 MB, 4 MB goal, 0 MB stacks, 0 MB globals, 20 P
gc 6026 @12.385s 6%: 0.043+0.37+0.018 ms clock, 0.86+0.40/0.53/0.027+0.36 ms cpu, 3->4->2 MB, 4 MB goal, 0 MB stacks, 0 MB globals, 20 P
gc 6027 @12.386s 6%: 0.082+0.24+0.075 ms clock, 1.6+0.26/0.58/0.076+1.5 ms cpu, 3->4->2 MB, 4 MB goal, 0 MB stacks, 0 MB globals, 20 P
gc 6028 @12.387s 6%: 0.041+0.37+0.064 ms clock, 0.83+0.39/0.60/0.037+1.2 ms cpu, 3->4->2 MB, 4 MB goal, 0 MB stacks, 0 MB globals, 20 P
gc 6029 @12.388s 6%: 0.067+0.49+0.019 ms clock, 1.3+0.29/0.68/0.045+0.38 ms cpu, 4->4->2 MB, 4 MB goal, 0 MB stacks, 0 MB globals, 20 P
gc 6030 @12.389s 6%: 0.073+0.32+0.072 ms clock, 1.4+0.52/0.54/0.015+1.4 ms cpu, 4->4->2 MB, 5 MB goal, 0 MB stacks, 0 MB globals, 20 P
gc 6031 @12.390s 6%: 0.039+0.33+0.064 ms clock, 0.78+0.35/0.62/0.002+1.2 ms cpu, 3->4->2 MB, 4 MB goal, 0 MB stacks, 0 MB globals, 20 P
gc 6032 @12.392s 6%: 0.080+0.43+0.061 ms clock, 1.6+0.31/0.63/0+1.2 ms cpu, 4->5->2 MB, 4 MB goal, 0 MB stacks, 0 MB globals, 20 P
gc 6033 @12.393s 6%: 0.034+0.37+0.044 ms clock, 0.69+0.43/0.53/0.035+0.89 ms cpu, 4->5->2 MB, 5 MB goal, 0 MB stacks, 0 MB globals, 20 P
gc 6034 @12.395s 6%: 0.070+0.38+0.073 ms clock, 1.4+0.17/0.59/0.040+1.4 ms cpu, 4->5->2 MB, 5 MB goal, 0 MB stacks, 0 MB globals, 20 P
gc 6035 @12.396s 6%: 0.056+0.35+0.048 ms clock, 1.1+0.34/0.58/0+0.97 ms cpu, 4->5->2 MB, 5 MB goal, 0 MB stacks, 0 MB globals, 20 P
gc 6036 @12.397s 6%: 0.076+0.30+0.046 ms clock, 1.5+0.33/0.56/0.004+0.93 ms cpu, 4->5->2 MB, 5 MB goal, 0 MB stacks, 0 MB globals, 20 P
gc 6037 @12.398s 6%: 0.048+0.31+0.055 ms clock, 0.97+0.26/0.64/0.011+1.1 ms cpu, 3->4->2 MB, 4 MB goal, 0 MB stacks, 0 MB globals, 20 P
gc 6038 @12.400s 6%: 0.040+0.36+0.003 ms clock, 0.80+0.28/0.61/0.11+0.063 ms cpu, 4->5->2 MB, 4 MB goal, 0 MB stacks, 0 MB globals, 20 P
gc 6039 @12.401s 6%: 0.075+0.38+0.040 ms clock, 1.5+0.32/0.64/0.021+0.80 ms cpu, 4->5->2 MB, 4 MB goal, 0 MB stacks, 0 MB globals, 20 P
gc 6040 @12.402s 6%: 0.067+0.32+0.048 ms clock, 1.3+0.36/0.59/0.012+0.97 ms cpu, 4->5->2 MB, 5 MB goal, 0 MB stacks, 0 MB globals, 20 P
gc 6041 @12.404s 6%: 0.084+0.36+0.025 ms clock, 1.6+0.22/0.59/0+0.51 ms cpu, 4->5->2 MB, 4 MB goal, 0 MB stacks, 0 MB globals, 20 P
gc 6042 @12.405s 6%: 0.068+0.28+0.046 ms clock, 1.3+0.27/0.62/0.002+0.93 ms cpu, 4->4->2 MB, 5 MB goal, 0 MB stacks, 0 MB globals, 20 P
gc 6043 @12.406s 6%: 0.038+0.43+0.062 ms clock, 0.77+0.40/0.66/0+1.2 ms cpu, 4->5->2 MB, 4 MB goal, 0 MB stacks, 0 MB globals, 20 P
gc 6044 @12.407s 6%: 0.064+0.36+0.062 ms clock, 1.2+0.22/0.54/0.038+1.2 ms cpu, 4->4->2 MB, 5 MB goal, 0 MB stacks, 0 MB globals, 20 P
gc 6045 @12.408s 6%: 0.039+0.45+0.049 ms clock, 0.79+0.25/0.58/0.089+0.98 ms cpu, 3->4->2 MB, 4 MB goal, 0 MB stacks, 0 MB globals, 20 P
gc 6046 @12.409s 6%: 0.074+0.35+0.074 ms clock, 1.4+0.34/0.63/0.029+1.4 ms cpu, 4->5->2 MB, 5 MB goal, 0 MB stacks, 0 MB globals, 20 P
gc 6047 @12.411s 6%: 0.070+0.46+0.069 ms clock, 1.4+0.33/0.61/0.014+1.3 ms cpu, 4->4->2 MB, 4 MB goal, 0 MB stacks, 0 MB globals, 20 P
gc 6048 @12.412s 6%: 0.065+0.32+0.067 ms clock, 1.3+0.27/0.59/0.010+1.3 ms cpu, 4->5->2 MB, 5 MB goal, 0 MB stacks, 0 MB globals, 20 P
gc 6049 @12.413s 6%: 0.059+0.66+0.058 ms clock, 1.1+0.34/0.59/0.018+1.1 ms cpu, 3->4->2 MB, 4 MB goal, 0 MB stacks, 0 MB globals, 20 P
gc 6050 @12.415s 6%: 0.080+0.59+0.076 ms clock, 1.6+0.38/0.68/0.063+1.5 ms cpu, 4->6->2 MB, 5 MB goal, 0 MB stacks, 0 MB globals, 20 P
gc 6051 @12.417s 6%: 0.079+0.48+0.020 ms clock, 1.5+0.37/0.54/0.033+0.40 ms cpu, 4->6->2 MB, 5 MB goal, 0 MB stacks, 0 MB globals, 20 P
gc 6052 @12.418s 6%: 0.077+0.39+0.066 ms clock, 1.5+0.12/0.71/0.022+1.3 ms cpu, 4->5->2 MB, 5 MB goal, 0 MB stacks, 0 MB globals, 20 P
gc 6053 @12.419s 6%: 0.065+0.46+0.022 ms clock, 1.3+0.24/0.58/0.005+0.45 ms cpu, 4->5->2 MB, 5 MB goal, 0 MB stacks, 0 MB globals, 20 P
gc 6054 @12.421s 6%: 0.030+0.41+0.061 ms clock, 0.61+0.061/0.81/0+1.2 ms cpu, 4->5->2 MB, 5 MB goal, 0 MB stacks, 0 MB globals, 20 P
gc 6055 @12.422s 6%: 0.070+0.26+0.035 ms clock, 1.4+0.20/0.66/0+0.71 ms cpu, 4->4->2 MB, 5 MB goal, 0 MB stacks, 0 MB globals, 20 P
gc 6056 @12.423s 6%: 0.064+0.37+0.068 ms clock, 1.2+0.29/0.61/0.036+1.3 ms cpu, 3->4->2 MB, 4 MB goal, 0 MB stacks, 0 MB globals, 20 P
gc 6057 @12.424s 6%: 0.068+0.37+0.012 ms clock, 1.3+0.36/0.49/0.031+0.24 ms cpu, 3->4->2 MB, 4 MB goal, 0 MB stacks, 0 MB globals, 20 P
gc 6058 @12.425s 6%: 0.065+0.42+0.089 ms clock, 1.3+0.36/0.61/0+1.7 ms cpu, 3->5->2 MB, 4 MB goal, 0 MB stacks, 0 MB globals, 20 P
gc 6059 @12.426s 6%: 0.060+0.42+0.064 ms clock, 1.2+0.39/0.71/0+1.2 ms cpu, 4->5->2 MB, 5 MB goal, 0 MB stacks, 0 MB globals, 20 P
gc 6060 @12.428s 6%: 0.082+0.49+0.026 ms clock, 1.6+0.27/0.58/0.092+0.52 ms cpu, 4->5->2 MB, 5 MB goal, 0 MB stacks, 0 MB globals, 20 P
gc 6061 @12.429s 6%: 0.083+0.26+0.043 ms clock, 1.6+0.31/0.59/0+0.87 ms cpu, 4->5->2 MB, 5 MB goal, 0 MB stacks, 0 MB globals, 20 P
gc 6062 @12.430s 6%: 0.063+0.31+0.015 ms clock, 1.2+0.28/0.60/0.022+0.30 ms cpu, 4->4->2 MB, 4 MB goal, 0 MB stacks, 0 MB globals, 20 P
gc 6063 @12.431s 6%: 0.089+0.41+0.10 ms clock, 1.7+0.36/0.59/0.024+2.0 ms cpu, 3->4->2 MB, 4 MB goal, 0 MB stacks, 0 MB globals, 20 P
gc 6064 @12.433s 6%: 0.045+0.37+0.075 ms clock, 0.91+0.25/0.70/0.045+1.5 ms cpu, 4->5->2 MB, 5 MB goal, 0 MB stacks, 0 MB globals, 20 P
gc 6065 @12.434s 6%: 0.069+0.32+0.030 ms clock, 1.3+0.41/0.50/0.10+0.60 ms cpu, 4->4->1 MB, 4 MB goal, 0 MB stacks, 0 MB globals, 20 P
gc 6066 @12.435s 6%: 0.028+0.40+0.075 ms clock, 0.57+0.057/0.47/0.28+1.5 ms cpu, 3->4->2 MB, 4 MB goal, 0 MB stacks, 0 MB globals, 20 P
gc 6067 @12.436s 6%: 0.029+0.36+0.048 ms clock, 0.59+0.26/0.70/0.010+0.97 ms cpu, 3->4->2 MB, 4 MB goal, 0 MB stacks, 0 MB globals, 20 P
gc 6068 @12.437s 6%: 0.076+0.35+0.063 ms clock, 1.5+0.27/0.65/0.001+1.2 ms cpu, 4->5->2 MB, 4 MB goal, 0 MB stacks, 0 MB globals, 20 P
gc 6069 @12.438s 6%: 0.076+0.39+0.066 ms clock, 1.5+0.25/0.61/0+1.3 ms cpu, 4->5->2 MB, 5 MB goal, 0 MB stacks, 0 MB globals, 20 P
gc 6070 @12.440s 6%: 0.072+0.30+0.075 ms clock, 1.4+0.40/0.63/0.062+1.5 ms cpu, 4->5->2 MB, 5 MB goal, 0 MB stacks, 0 MB globals, 20 P
gc 6071 @12.441s 6%: 0.070+0.27+0.017 ms clock, 1.4+0.26/0.54/0.028+0.35 ms cpu, 4->4->2 MB, 4 MB goal, 0 MB stacks, 0 MB globals, 20 P
gc 6072 @12.441s 6%: 0.089+0.41+0.054 ms clock, 1.7+0.46/0.51/0+1.0 ms cpu, 3->4->2 MB, 4 MB goal, 0 MB stacks, 0 MB globals, 20 P
gc 6073 @12.443s 6%: 0.087+0.40+0.030 ms clock, 1.7+0.22/0.58/0+0.61 ms cpu, 4->5->2 MB, 5 MB goal, 0 MB stacks, 0 MB globals, 20 P
gc 6074 @12.444s 6%: 0.051+0.47+0.013 ms clock, 1.0+0.22/0.63/0+0.26 ms cpu, 4->5->2 MB, 5 MB goal, 0 MB stacks, 0 MB globals, 20 P
gc 6075 @12.445s 6%: 0.084+0.45+0.077 ms clock, 1.6+0.32/0.64/0+1.5 ms cpu, 4->5->2 MB, 5 MB goal, 0 MB stacks, 0 MB globals, 20 P
gc 6076 @12.447s 6%: 0.056+0.35+0.066 ms clock, 1.1+0.22/0.64/0.006+1.3 ms cpu, 4->5->2 MB, 5 MB goal, 0 MB stacks, 0 MB globals, 20 P
gc 6077 @12.448s 6%: 0.077+0.44+0.069 ms clock, 1.5+0.40/0.63/0.011+1.3 ms cpu, 4->5->2 MB, 5 MB goal, 0 MB stacks, 0 MB globals, 20 P
gc 6078 @12.449s 6%: 0.029+0.35+0.041 ms clock, 0.59+0.35/0.63/0.015+0.82 ms cpu, 4->4->2 MB, 5 MB goal, 0 MB stacks, 0 MB globals, 20 P
gc 6079 @12.450s 6%: 0.072+0.33+0.056 ms clock, 1.4+0.33/0.65/0.038+1.1 ms cpu, 3->4->2 MB, 4 MB goal, 0 MB stacks, 0 MB globals, 20 P
gc 6080 @12.451s 6%: 0.080+0.52+0.094 ms clock, 1.6+0.39/0.70/0+1.8 ms cpu, 3->4->2 MB, 4 MB goal, 0 MB stacks, 0 MB globals, 20 P
gc 6081 @12.453s 6%: 0.063+0.44+0.034 ms clock, 1.2+0.28/0.75/0+0.68 ms cpu, 4->5->2 MB, 5 MB goal, 0 MB stacks, 0 MB globals, 20 P
gc 6082 @12.455s 6%: 0.072+0.40+0.053 ms clock, 1.4+0.21/0.76/0+1.0 ms cpu, 4->5->2 MB, 5 MB goal, 0 MB stacks, 0 MB globals, 20 P
gc 6083 @12.456s 6%: 0.081+0.36+0.092 ms clock, 1.6+0.30/0.57/0.066+1.8 ms cpu, 4->5->2 MB, 5 MB goal, 0 MB stacks, 0 MB globals, 20 P
gc 6084 @12.457s 6%: 0.092+0.46+0.045 ms clock, 1.8+0.32/0.68/0+0.90 ms cpu, 4->4->2 MB, 4 MB goal, 0 MB stacks, 0 MB globals, 20 P
gc 6085 @12.458s 6%: 0.073+0.83+0.070 ms clock, 1.4+0.086/0.72/0+1.4 ms cpu, 4->5->3 MB, 5 MB goal, 0 MB stacks, 0 MB globals, 20 P
gc 6086 @12.460s 6%: 0.082+0.42+0.024 ms clock, 1.6+0.39/0.59/0.053+0.48 ms cpu, 5->6->2 MB, 6 MB goal, 0 MB stacks, 0 MB globals, 20 P
gc 6087 @12.461s 6%: 0.071+0.27+0.12 ms clock, 1.4+0.43/0.66/0+2.5 ms cpu, 4->4->2 MB, 4 MB goal, 0 MB stacks, 0 MB globals, 20 P
gc 6088 @12.462s 6%: 0.089+0.42+0.051 ms clock, 1.7+0.26/0.66/0.025+1.0 ms cpu, 3->4->2 MB, 4 MB goal, 0 MB stacks, 0 MB globals, 20 P
gc 6089 @12.464s 6%: 0.033+0.40+0.070 ms clock, 0.67+0.36/0.59/0.029+1.4 ms cpu, 4->5->2 MB, 5 MB goal, 0 MB stacks, 0 MB globals, 20 P
gc 6090 @12.465s 6%: 0.065+0.69+0.039 ms clock, 1.3+0.30/0.72/0.058+0.79 ms cpu, 4->5->2 MB, 5 MB goal, 0 MB stacks, 0 MB globals, 20 P
gc 6091 @12.467s 6%: 0.069+0.33+0.058 ms clock, 1.3+0.33/0.75/0.067+1.1 ms cpu, 4->5->2 MB, 5 MB goal, 0 MB stacks, 0 MB globals, 20 P
gc 6092 @12.468s 6%: 0.061+0.38+0.033 ms clock, 1.2+0.26/0.64/0.004+0.67 ms cpu, 4->5->2 MB, 5 MB goal, 0 MB stacks, 0 MB globals, 20 P
gc 6093 @12.469s 6%: 0.060+0.58+0.070 ms clock, 1.2+0.20/0.61/0+1.4 ms cpu, 4->5->2 MB, 5 MB goal, 0 MB stacks, 0 MB globals, 20 P
gc 6094 @12.471s 6%: 0.077+0.31+0.074 ms clock, 1.5+0.32/0.58/0+1.4 ms cpu, 4->5->2 MB, 5 MB goal, 0 MB stacks, 0 MB globals, 20 P
gc 6095 @12.472s 6%: 0.082+0.33+0.079 ms clock, 1.6+0.34/0.60/0+1.5 ms cpu, 4->5->2 MB, 5 MB goal, 0 MB stacks, 0 MB globals, 20 P
gc 6096 @12.473s 6%: 0.065+0.31+0.068 ms clock, 1.3+0.32/0.65/0.013+1.3 ms cpu, 4->4->2 MB, 4 MB goal, 0 MB stacks, 0 MB globals, 20 P
gc 6097 @12.474s 6%: 0.052+0.42+0.098 ms clock, 1.0+0.39/0.62/0.031+1.9 ms cpu, 3->5->2 MB, 4 MB goal, 0 MB stacks, 0 MB globals, 20 P
gc 6098 @12.476s 6%: 0.059+0.56+1.0 ms clock, 1.1+0.31/0.61/0.021+21 ms cpu, 4->5->2 MB, 5 MB goal, 0 MB stacks, 0 MB globals, 20 P
gc 6099 @12.478s 6%: 0.079+0.43+0.085 ms clock, 1.5+0.45/0.61/0+1.7 ms cpu, 4->5->2 MB, 5 MB goal, 0 MB stacks, 0 MB globals, 20 P
gc 6100 @12.479s 6%: 0.064+0.32+0.062 ms clock, 1.2+0.30/0.65/0+1.2 ms cpu, 4->5->2 MB, 5 MB goal, 0 MB stacks, 0 MB globals, 20 P
gc 6101 @12.480s 6%: 0.069+0.54+0.064 ms clock, 1.3+0.52/0.62/0+1.2 ms cpu, 4->5->2 MB, 4 MB goal, 0 MB stacks, 0 MB globals, 20 P
gc 6102 @12.482s 6%: 0.045+0.31+0.021 ms clock, 0.90+0.22/0.64/0.025+0.43 ms cpu, 4->4->1 MB, 5 MB goal, 0 MB stacks, 0 MB globals, 20 P
gc 6103 @12.482s 6%: 0.087+0.49+0.015 ms clock, 1.7+0.35/0.64/0.043+0.31 ms cpu, 3->4->2 MB, 4 MB goal, 0 MB stacks, 0 MB globals, 20 P
gc 6104 @12.484s 6%: 0.071+0.39+0.049 ms clock, 1.4+0.27/0.60/0.003+0.98 ms cpu, 4->5->2 MB, 5 MB goal, 0 MB stacks, 0 MB globals, 20 P
gc 6105 @12.485s 6%: 0.066+0.41+0.073 ms clock, 1.3+0.37/0.70/0+1.4 ms cpu, 4->5->2 MB, 5 MB goal, 0 MB stacks, 0 MB globals, 20 P
gc 6106 @12.486s 6%: 0.076+0.42+0.078 ms clock, 1.5+0.33/0.64/0.018+1.5 ms cpu, 4->5->2 MB, 5 MB goal, 0 MB stacks, 0 MB globals, 20 P
gc 6107 @12.488s 6%: 0.062+0.34+0.074 ms clock, 1.2+0.37/0.57/0.001+1.4 ms cpu, 4->5->2 MB, 5 MB goal, 0 MB stacks, 0 MB globals, 20 P
gc 6108 @12.489s 6%: 0.072+0.26+0.029 ms clock, 1.4+0.28/0.67/0+0.58 ms cpu, 4->4->2 MB, 4 MB goal, 0 MB stacks, 0 MB globals, 20 P
gc 6109 @12.490s 6%: 0.064+0.43+0.029 ms clock, 1.2+0.48/0.50/0.025+0.59 ms cpu, 3->4->2 MB, 4 MB goal, 0 MB stacks, 0 MB globals, 20 P
gc 6110 @12.491s 6%: 0.074+0.43+0.050 ms clock, 1.4+0.33/0.59/0.027+1.0 ms cpu, 4->5->2 MB, 5 MB goal, 0 MB stacks, 0 MB globals, 20 P
gc 6111 @12.493s 6%: 0.062+0.44+0.084 ms clock, 1.2+0.30/0.64/0.034+1.6 ms cpu, 4->5->2 MB, 5 MB goal, 0 MB stacks, 0 MB globals, 20 P
gc 6112 @12.494s 6%: 0.046+0.36+0.075 ms clock, 0.92+0.27/0.69/0.033+1.5 ms cpu, 4->5->2 MB, 5 MB goal, 0 MB stacks, 0 MB globals, 20 P
gc 6113 @12.496s 6%: 0.075+0.62+0.057 ms clock, 1.5+0.17/0.67/0+1.1 ms cpu, 4->5->2 MB, 4 MB goal, 0 MB stacks, 0 MB globals, 20 P
gc 6114 @12.497s 6%: 0.047+0.39+0.081 ms clock, 0.94+0.42/0.55/0.011+1.6 ms cpu, 4->5->2 MB, 5 MB goal, 0 MB stacks, 0 MB globals, 20 P
gc 6115 @12.498s 6%: 0.072+0.47+0.023 ms clock, 1.4+0.24/0.61/0+0.46 ms cpu, 4->5->2 MB, 5 MB goal, 0 MB stacks, 0 MB globals, 20 P
gc 6116 @12.500s 6%: 0.030+0.35+0.039 ms clock, 0.61+0.27/0.69/0.001+0.78 ms cpu, 4->5->2 MB, 5 MB goal, 0 MB stacks, 0 MB globals, 20 P
gc 6117 @12.501s 6%: 0.074+0.51+0.057 ms clock, 1.4+0.34/0.64/0.053+1.1 ms cpu, 4->5->2 MB, 4 MB goal, 0 MB stacks, 0 MB globals, 20 P
gc 6118 @12.502s 6%: 0.048+0.39+0.055 ms clock, 0.97+0.27/0.64/0+1.1 ms cpu, 4->4->2 MB, 5 MB goal, 0 MB stacks, 0 MB globals, 20 P
gc 6119 @12.503s 6%: 0.065+0.45+0.057 ms clock, 1.3+0.34/0.63/0.012+1.1 ms cpu, 4->4->2 MB, 4 MB goal, 0 MB stacks, 0 MB globals, 20 P
gc 6120 @12.505s 6%: 0.071+0.44+0.075 ms clock, 1.4+0.24/0.54/0.060+1.5 ms cpu, 4->5->2 MB, 5 MB goal, 0 MB stacks, 0 MB globals, 20 P
gc 6121 @12.506s 6%: 0.076+0.37+0.059 ms clock, 1.5+0.12/0.64/0.004+1.1 ms cpu, 4->5->2 MB, 5 MB goal, 0 MB stacks, 0 MB globals, 20 P
gc 6122 @12.507s 6%: 0.071+0.37+0.073 ms clock, 1.4+0.24/0.64/0+1.4 ms cpu, 3->4->2 MB, 4 MB goal, 0 MB stacks, 0 MB globals, 20 P
gc 6123 @12.509s 6%: 0.044+0.31+0.071 ms clock, 0.89+0.44/0.54/0.025+1.4 ms cpu, 4->5->2 MB, 5 MB goal, 0 MB stacks, 0 MB globals, 20 P
gc 6124 @12.510s 6%: 0.074+0.50+0.070 ms clock, 1.4+0.34/0.61/0.003+1.4 ms cpu, 4->4->2 MB, 4 MB goal, 0 MB stacks, 0 MB globals, 20 P
gc 6125 @12.511s 6%: 0.066+0.25+0.081 ms clock, 1.3+0.29/0.52/0.018+1.6 ms cpu, 4->5->2 MB, 5 MB goal, 0 MB stacks, 0 MB globals, 20 P
gc 6126 @12.512s 6%: 0.087+0.41+0.072 ms clock, 1.7+0.42/0.62/0+1.4 ms cpu, 3->4->2 MB, 4 MB goal, 0 MB stacks, 0 MB globals, 20 P
gc 6127 @12.514s 6%: 0.092+0.38+0.076 ms clock, 1.8+0.28/0.69/0.008+1.5 ms cpu, 4->5->2 MB, 5 MB goal, 0 MB stacks, 0 MB globals, 20 P
gc 6128 @12.515s 6%: 0.092+0.44+0.024 ms clock, 1.8+0.29/0.68/0.018+0.49 ms cpu, 4->5->2 MB, 5 MB goal, 0 MB stacks, 0 MB globals, 20 P
gc 6129 @12.516s 6%: 0.088+0.31+0.028 ms clock, 1.7+0.31/0.62/0.015+0.57 ms cpu, 4->5->2 MB, 5 MB goal, 0 MB stacks, 0 MB globals, 20 P
gc 6130 @12.517s 6%: 0.079+0.55+0.038 ms clock, 1.5+0.28/0.66/0.037+0.76 ms cpu, 4->5->2 MB, 4 MB goal, 0 MB stacks, 0 MB globals, 20 P
gc 6131 @12.519s 6%: 0.080+0.46+0.065 ms clock, 1.6+0.37/0.59/0.028+1.3 ms cpu, 4->5->2 MB, 5 MB goal, 0 MB stacks, 0 MB globals, 20 P
gc 6132 @12.521s 6%: 0.15+0.48+0.014 ms clock, 3.0+0.36/0.66/0+0.28 ms cpu, 4->5->2 MB, 5 MB goal, 0 MB stacks, 0 MB globals, 20 P
gc 6133 @12.522s 6%: 0.075+0.40+0.004 ms clock, 1.5+0.33/0.62/0+0.095 ms cpu, 4->5->2 MB, 5 MB goal, 0 MB stacks, 0 MB globals, 20 P
gc 6134 @12.523s 6%: 0.035+0.54+0.070 ms clock, 0.70+0.30/0.72/0+1.4 ms cpu, 4->5->2 MB, 5 MB goal, 0 MB stacks, 0 MB globals, 20 P
gc 6135 @12.525s 6%: 0.064+0.52+0.055 ms clock, 1.2+0.31/0.62/0.020+1.1 ms cpu, 4->5->2 MB, 5 MB goal, 0 MB stacks, 0 MB globals, 20 P
gc 6136 @12.527s 6%: 0.075+0.58+0.039 ms clock, 1.5+0.24/0.74/0+0.79 ms cpu, 4->5->2 MB, 5 MB goal, 0 MB stacks, 0 MB globals, 20 P
gc 6137 @12.528s 6%: 0.055+0.44+0.072 ms clock, 1.1+0.50/0.62/0.014+1.4 ms cpu, 4->5->2 MB, 5 MB goal, 0 MB stacks, 0 MB globals, 20 P
gc 6138 @12.529s 6%: 0.071+0.38+0.041 ms clock, 1.4+0.27/0.60/0.16+0.83 ms cpu, 4->5->2 MB, 4 MB goal, 0 MB stacks, 0 MB globals, 20 P
gc 6139 @12.530s 6%: 0.070+0.30+0.032 ms clock, 1.4+0.43/0.55/0+0.65 ms cpu, 4->4->2 MB, 5 MB goal, 0 MB stacks, 0 MB globals, 20 P
gc 6140 @12.532s 6%: 0.073+0.35+0.022 ms clock, 1.4+0.37/0.58/0.026+0.45 ms cpu, 3->4->2 MB, 4 MB goal, 0 MB stacks, 0 MB globals, 20 P
gc 6141 @12.533s 6%: 0.047+0.26+0.12 ms clock, 0.94+0.10/0.74/0.20+2.5 ms cpu, 4->4->2 MB, 4 MB goal, 0 MB stacks, 0 MB globals, 20 P
gc 6142 @12.534s 6%: 0.082+0.50+0.050 ms clock, 1.6+0.36/0.73/0.003+1.0 ms cpu, 3->4->2 MB, 4 MB goal, 0 MB stacks, 0 MB globals, 20 P
gc 6143 @12.535s 6%: 0.085+0.40+0.068 ms clock, 1.7+0.34/0.60/0.028+1.3 ms cpu, 4->5->2 MB, 5 MB goal, 0 MB stacks, 0 MB globals, 20 P
gc 6144 @12.536s 6%: 0.077+0.35+0.061 ms clock, 1.5+0.28/0.48/0.13+1.2 ms cpu, 4->5->2 MB, 5 MB goal, 0 MB stacks, 0 MB globals, 20 P
gc 6145 @12.537s 6%: 0.064+0.30+0.055 ms clock, 1.2+0.35/0.61/0.025+1.1 ms cpu, 3->4->2 MB, 4 MB goal, 0 MB stacks, 0 MB globals, 20 P
gc 6146 @12.538s 6%: 0.093+0.20+0.022 ms clock, 1.8+0.27/0.55/0.032+0.45 ms cpu, 3->4->1 MB, 4 MB goal, 0 MB stacks, 0 MB globals, 20 P
gc 6147 @12.539s 6%: 0.073+0.42+0.021 ms clock, 1.4+0.30/0.75/0.007+0.43 ms cpu, 3->4->2 MB, 4 MB goal, 0 MB stacks, 0 MB globals, 20 P
gc 6148 @12.541s 6%: 0.097+0.55+0.063 ms clock, 1.9+0.35/0.65/0.018+1.2 ms cpu, 4->5->2 MB, 5 MB goal, 0 MB stacks, 0 MB globals, 20 P
gc 6149 @12.542s 6%: 0.075+0.36+0.088 ms clock, 1.5+0.45/0.72/0+1.7 ms cpu, 4->5->2 MB, 5 MB goal, 0 MB stacks, 0 MB globals, 20 P
gc 6150 @12.543s 6%: 0.078+0.37+0.038 ms clock, 1.5+0.28/0.57/0.012+0.77 ms cpu, 4->4->2 MB, 5 MB goal, 0 MB stacks, 0 MB globals, 20 P
gc 6151 @12.545s 6%: 0.052+0.46+0.068 ms clock, 1.0+0.50/0.60/0+1.3 ms cpu, 4->5->2 MB, 4 MB goal, 0 MB stacks, 0 MB globals, 20 P
gc 6152 @12.546s 6%: 0.054+0.46+0.073 ms clock, 1.0+0.27/0.73/0.033+1.4 ms cpu, 4->5->2 MB, 5 MB goal, 0 MB stacks, 0 MB globals, 20 P
gc 6153 @12.548s 6%: 0.044+0.34+0.070 ms clock, 0.89+0.27/0.61/0.22+1.4 ms cpu, 4->5->2 MB, 5 MB goal, 0 MB stacks, 0 MB globals, 20 P
gc 6154 @12.549s 6%: 0.035+0.33+0.039 ms clock, 0.71+0.38/0.56/0.005+0.79 ms cpu, 4->4->2 MB, 4 MB goal, 0 MB stacks, 0 MB globals, 20 P
gc 6155 @12.550s 6%: 0.044+0.34+0.041 ms clock, 0.88+0.29/0.58/0+0.83 ms cpu, 4->5->2 MB, 4 MB goal, 0 MB stacks, 0 MB globals, 20 P
gc 6156 @12.552s 6%: 0.033+0.31+0.014 ms clock, 0.67+0.23/0.62/0.003+0.29 ms cpu, 4->4->2 MB, 5 MB goal, 0 MB stacks, 0 MB globals, 20 P
gc 6157 @12.553s 6%: 0.091+0.51+0.039 ms clock, 1.8+0.34/0.77/0.007+0.78 ms cpu, 3->4->2 MB, 4 MB goal, 0 MB stacks, 0 MB globals, 20 P
gc 6158 @12.554s 6%: 0.062+0.43+0.067 ms clock, 1.2+0.33/0.55/0.010+1.3 ms cpu, 4->5->2 MB, 5 MB goal, 0 MB stacks, 0 MB globals, 20 P
gc 6159 @12.556s 6%: 0.089+0.26+0.054 ms clock, 1.7+0.28/0.59/0.066+1.0 ms cpu, 4->5->2 MB, 5 MB goal, 0 MB stacks, 0 MB globals, 20 P
gc 6160 @12.557s 6%: 0.076+0.57+0.064 ms clock, 1.5+0.39/0.65/0.059+1.2 ms cpu, 4->5->2 MB, 4 MB goal, 0 MB stacks, 0 MB globals, 20 P
gc 6161 @12.558s 6%: 0.055+0.35+0.041 ms clock, 1.1+0.36/0.50/0.040+0.82 ms cpu, 4->5->2 MB, 5 MB goal, 0 MB stacks, 0 MB globals, 20 P
gc 6162 @12.559s 6%: 0.081+0.33+0.020 ms clock, 1.6+0.31/0.58/0+0.41 ms cpu, 4->4->2 MB, 4 MB goal, 0 MB stacks, 0 MB globals, 20 P
gc 6163 @12.560s 6%: 0.046+0.33+0.081 ms clock, 0.92+0.21/0.76/0.022+1.6 ms cpu, 3->4->2 MB, 4 MB goal, 0 MB stacks, 0 MB globals, 20 P
gc 6164 @12.562s 6%: 0.055+0.31+0.072 ms clock, 1.1+0.29/0.60/0.001+1.4 ms cpu, 3->4->2 MB, 4 MB goal, 0 MB stacks, 0 MB globals, 20 P
gc 6165 @12.563s 6%: 0.024+0.40+0.062 ms clock, 0.48+0.29/0.64/0+1.2 ms cpu, 4->5->2 MB, 4 MB goal, 0 MB stacks, 0 MB globals, 20 P
gc 6166 @12.565s 6%: 0.059+0.38+0.072 ms clock, 1.1+0.35/0.60/0.022+1.4 ms cpu, 4->5->2 MB, 5 MB goal, 0 MB stacks, 0 MB globals, 20 P
gc 6167 @12.566s 6%: 0.025+0.50+0.020 ms clock, 0.50+0.16/0.80/0.30+0.41 ms cpu, 4->5->2 MB, 4 MB goal, 0 MB stacks, 0 MB globals, 20 P
gc 6168 @12.567s 6%: 0.071+0.34+0.084 ms clock, 1.4+0.32/0.54/0.013+1.6 ms cpu, 4->5->2 MB, 5 MB goal, 0 MB stacks, 0 MB globals, 20 P
gc 6169 @12.568s 6%: 0.058+0.31+0.072 ms clock, 1.1+0.33/0.66/0+1.4 ms cpu, 4->4->2 MB, 4 MB goal, 0 MB stacks, 0 MB globals, 20 P
gc 6170 @12.570s 6%: 0.069+0.39+0.068 ms clock, 1.3+0.26/0.62/0+1.3 ms cpu, 4->5->2 MB, 4 MB goal, 0 MB stacks, 0 MB globals, 20 P
gc 6171 @12.571s 6%: 0.080+0.44+0.083 ms clock, 1.6+0.29/0.57/0.039+1.6 ms cpu, 4->5->2 MB, 5 MB goal, 0 MB stacks, 0 MB globals, 20 P
gc 6172 @12.572s 6%: 0.073+0.35+0.034 ms clock, 1.4+0.24/0.62/0+0.69 ms cpu, 4->5->2 MB, 5 MB goal, 0 MB stacks, 0 MB globals, 20 P
gc 6173 @12.574s 6%: 0.079+0.45+0.083 ms clock, 1.5+0.41/0.69/0+1.6 ms cpu, 4->5->2 MB, 5 MB goal, 0 MB stacks, 0 MB globals, 20 P
gc 6174 @12.575s 6%: 0.059+0.49+0.053 ms clock, 1.1+0.27/0.64/0.082+1.0 ms cpu, 4->5->2 MB, 5 MB goal, 0 MB stacks, 0 MB globals, 20 P
gc 6175 @12.576s 6%: 0.080+0.34+0.092 ms clock, 1.6+0.24/0.68/0.017+1.8 ms cpu, 4->5->2 MB, 5 MB goal, 0 MB stacks, 0 MB globals, 20 P
gc 6176 @12.577s 6%: 0.099+0.37+0.037 ms clock, 1.9+0.43/0.68/0.034+0.75 ms cpu, 4->4->2 MB, 4 MB goal, 0 MB stacks, 0 MB globals, 20 P
gc 6177 @12.579s 6%: 0.065+0.45+0.069 ms clock, 1.3+0.26/0.71/0.012+1.3 ms cpu, 4->5->2 MB, 5 MB goal, 0 MB stacks, 0 MB globals, 20 P
gc 6178 @12.580s 6%: 0.087+0.35+0.018 ms clock, 1.7+0.35/0.61/0.011+0.36 ms cpu, 4->5->2 MB, 5 MB goal, 0 MB stacks, 0 MB globals, 20 P
gc 6179 @12.581s 6%: 0.057+0.24+0.048 ms clock, 1.1+0.32/0.59/0.034+0.97 ms cpu, 4->4->2 MB, 5 MB goal, 0 MB stacks, 0 MB globals, 20 P
gc 6180 @12.582s 6%: 0.080+0.40+0.020 ms clock, 1.6+0.38/0.68/0+0.41 ms cpu, 3->4->2 MB, 4 MB goal, 0 MB stacks, 0 MB globals, 20 P
gc 6181 @12.584s 6%: 0.087+0.36+0.067 ms clock, 1.7+0.16/0.51/0.16+1.3 ms cpu, 4->4->2 MB, 4 MB goal, 0 MB stacks, 0 MB globals, 20 P
gc 6182 @12.585s 6%: 0.056+0.58+0.028 ms clock, 1.1+0.24/0.61/0.10+0.56 ms cpu, 3->5->2 MB, 4 MB goal, 0 MB stacks, 0 MB globals, 20 P
gc 6183 @12.586s 6%: 0.082+0.33+0.036 ms clock, 1.6+0.25/0.70/0.006+0.73 ms cpu, 4->5->2 MB, 5 MB goal, 0 MB stacks, 0 MB globals, 20 P
gc 6184 @12.587s 6%: 0.060+0.32+0.064 ms clock, 1.2+0.25/0.70/0+1.2 ms cpu, 4->4->2 MB, 4 MB goal, 0 MB stacks, 0 MB globals, 20 P
gc 6185 @12.588s 6%: 0.021+0.65+0.021 ms clock, 0.42+0.23/0.65/0.30+0.43 ms cpu, 4->5->2 MB, 4 MB goal, 0 MB stacks, 0 MB globals, 20 P
gc 6186 @12.590s 6%: 0.047+0.71+0.066 ms clock, 0.94+0.38/0.54/0.098+1.3 ms cpu, 4->5->2 MB, 5 MB goal, 0 MB stacks, 0 MB globals, 20 P
gc 6187 @12.592s 6%: 0.065+0.53+0.009 ms clock, 1.3+0.16/0.69/0.002+0.18 ms cpu, 4->5->2 MB, 5 MB goal, 0 MB stacks, 0 MB globals, 20 P
gc 6188 @12.593s 6%: 0.062+0.55+0.056 ms clock, 1.2+0.32/0.70/0.009+1.1 ms cpu, 4->5->2 MB, 5 MB goal, 0 MB stacks, 0 MB globals, 20 P
gc 6189 @12.594s 6%: 0.092+0.36+0.075 ms clock, 1.8+0.33/0.59/0+1.5 ms cpu, 4->5->2 MB, 5 MB goal, 0 MB stacks, 0 MB globals, 20 P
gc 6190 @12.596s 6%: 0.052+0.40+0.023 ms clock, 1.0+0.32/0.56/0.038+0.47 ms cpu, 4->4->2 MB, 5 MB goal, 0 MB stacks, 0 MB globals, 20 P
gc 6191 @12.597s 6%: 0.069+0.42+0.060 ms clock, 1.3+0.34/0.54/0.076+1.2 ms cpu, 4->4->2 MB, 4 MB goal, 0 MB stacks, 0 MB globals, 20 P
gc 6192 @12.599s 6%: 0.050+0.45+0.083 ms clock, 1.0+0.15/0.64/0.089+1.6 ms cpu, 4->5->2 MB, 4 MB goal, 0 MB stacks, 0 MB globals, 20 P
gc 6193 @12.600s 6%: 0.066+0.68+0.064 ms clock, 1.3+0.27/0.67/0.036+1.2 ms cpu, 4->5->2 MB, 5 MB goal, 0 MB stacks, 0 MB globals, 20 P
gc 6194 @12.602s 6%: 0.049+0.39+0.046 ms clock, 0.99+0.24/0.54/0.008+0.93 ms cpu, 4->5->2 MB, 5 MB goal, 0 MB stacks, 0 MB globals, 20 P
gc 6195 @12.603s 6%: 0.083+0.33+0.087 ms clock, 1.6+0.33/0.56/0.001+1.7 ms cpu, 4->4->2 MB, 4 MB goal, 0 MB stacks, 0 MB globals, 20 P
gc 6196 @12.604s 6%: 0.041+0.25+0.066 ms clock, 0.82+0.25/0.58/0.043+1.3 ms cpu, 3->4->1 MB, 4 MB goal, 0 MB stacks, 0 MB globals, 20 P
gc 6197 @12.605s 6%: 0.061+0.43+0.073 ms clock, 1.2+0.25/0.53/0.039+1.4 ms cpu, 3->4->2 MB, 4 MB goal, 0 MB stacks, 0 MB globals, 20 P
gc 6198 @12.606s 6%: 0.070+0.29+0.064 ms clock, 1.4+0.45/0.65/0.011+1.2 ms cpu, 3->4->2 MB, 4 MB goal, 0 MB stacks, 0 MB globals, 20 P
gc 6199 @12.607s 6%: 0.048+0.35+0.075 ms clock, 0.96+0.24/0.61/0+1.5 ms cpu, 3->4->2 MB, 4 MB goal, 0 MB stacks, 0 MB globals, 20 P
gc 6200 @12.608s 6%: 0.064+0.37+0.069 ms clock, 1.2+0.29/0.65/0.037+1.3 ms cpu, 4->4->2 MB, 4 MB goal, 0 MB stacks, 0 MB globals, 20 P
gc 6201 @12.610s 6%: 0.083+0.38+0.062 ms clock, 1.6+0.35/0.59/0.062+1.2 ms cpu, 3->5->2 MB, 4 MB goal, 0 MB stacks, 0 MB globals, 20 P
gc 6202 @12.611s 6%: 0.064+0.38+0.033 ms clock, 1.2+0.30/0.63/0.054+0.67 ms cpu, 4->5->2 MB, 4 MB goal, 0 MB stacks, 0 MB globals, 20 P
gc 6203 @12.613s 6%: 0.072+0.67+0.069 ms clock, 1.4+0.28/0.96/0.001+1.3 ms cpu, 4->5->2 MB, 4 MB goal, 0 MB stacks, 0 MB globals, 20 P
gc 6204 @12.615s 6%: 0.062+0.58+0.073 ms clock, 1.2+0.30/0.66/0.008+1.4 ms cpu, 4->5->2 MB, 5 MB goal, 0 MB stacks, 0 MB globals, 20 P
gc 6205 @12.616s 6%: 0.078+0.32+0.082 ms clock, 1.5+0.37/0.63/0+1.6 ms cpu, 4->5->2 MB, 5 MB goal, 0 MB stacks, 0 MB globals, 20 P
gc 6206 @12.617s 6%: 0.078+0.45+0.073 ms clock, 1.5+0.20/0.66/0+1.4 ms cpu, 4->5->2 MB, 5 MB goal, 0 MB stacks, 0 MB globals, 20 P
gc 6207 @12.619s 6%: 0.038+0.32+0.013 ms clock, 0.77+0.22/0.69/0.075+0.27 ms cpu, 4->4->2 MB, 5 MB goal, 0 MB stacks, 0 MB globals, 20 P
gc 6208 @12.620s 6%: 0.043+0.41+0.091 ms clock, 0.87+0.30/0.78/0+1.8 ms cpu, 4->4->2 MB, 4 MB goal, 0 MB stacks, 0 MB globals, 20 P
gc 6209 @12.621s 6%: 0.050+0.29+0.018 ms clock, 1.0+0.28/0.70/0.020+0.36 ms cpu, 4->4->1 MB, 4 MB goal, 0 MB stacks, 0 MB globals, 20 P
gc 6210 @12.622s 6%: 0.078+0.44+0.039 ms clock, 1.5+0.24/0.61/0.006+0.78 ms cpu, 3->4->2 MB, 4 MB goal, 0 MB stacks, 0 MB globals, 20 P
gc 6211 @12.623s 6%: 0.085+0.38+0.073 ms clock, 1.7+0.16/0.76/0+1.4 ms cpu, 4->5->2 MB, 5 MB goal, 0 MB stacks, 0 MB globals, 20 P
gc 6212 @12.625s 6%: 0.074+0.31+0.060 ms clock, 1.4+0.30/0.61/0.008+1.2 ms cpu, 4->4->2 MB, 5 MB goal, 0 MB stacks, 0 MB globals, 20 P
gc 6213 @12.626s 6%: 0.076+0.53+0.014 ms clock, 1.5+0.34/0.69/0.025+0.28 ms cpu, 3->4->2 MB, 4 MB goal, 0 MB stacks, 0 MB globals, 20 P
gc 6214 @12.627s 6%: 0.059+0.31+0.062 ms clock, 1.1+0.33/0.64/0.007+1.2 ms cpu, 4->5->2 MB, 5 MB goal, 0 MB stacks, 0 MB globals, 20 P
gc 6215 @12.628s 6%: 0.076+0.44+0.075 ms clock, 1.5+0.31/0.56/0+1.5 ms cpu, 4->5->2 MB, 4 MB goal, 0 MB stacks, 0 MB globals, 20 P
gc 6216 @12.630s 6%: 0.078+0.39+0.076 ms clock, 1.5+0.39/0.63/0+1.5 ms cpu, 4->5->2 MB, 5 MB goal, 0 MB stacks, 0 MB globals, 20 P
gc 6217 @12.631s 6%: 0.041+0.37+0.046 ms clock, 0.83+0.31/0.54/0.021+0.93 ms cpu, 4->4->2 MB, 4 MB goal, 0 MB stacks, 0 MB globals, 20 P
gc 6218 @12.632s 6%: 0.078+0.26+0.045 ms clock, 1.5+0.34/0.55/0.018+0.90 ms cpu, 4->4->2 MB, 4 MB goal, 0 MB stacks, 0 MB globals, 20 P
gc 6219 @12.633s 6%: 0.089+0.36+0.073 ms clock, 1.7+0.25/0.69/0+1.4 ms cpu, 4->4->2 MB, 4 MB goal, 0 MB stacks, 0 MB globals, 20 P
gc 6220 @12.634s 6%: 0.064+0.32+0.018 ms clock, 1.2+0.36/0.56/0+0.37 ms cpu, 4->4->2 MB, 4 MB goal, 0 MB stacks, 0 MB globals, 20 P
gc 6221 @12.635s 6%: 0.079+0.39+0.031 ms clock, 1.5+0.31/0.62/0.013+0.62 ms cpu, 4->5->2 MB, 4 MB goal, 0 MB stacks, 0 MB globals, 20 P
gc 6222 @12.637s 6%: 0.051+0.57+0.028 ms clock, 1.0+0.44/0.57/0.011+0.56 ms cpu, 4->5->2 MB, 5 MB goal, 0 MB stacks, 0 MB globals, 20 P
gc 6223 @12.639s 6%: 0.064+0.38+0.068 ms clock, 1.2+0.24/0.59/0+1.3 ms cpu, 4->5->2 MB, 5 MB goal, 0 MB stacks, 0 MB globals, 20 P
gc 6224 @12.640s 6%: 0.069+0.30+0.087 ms clock, 1.3+0.28/0.69/0+1.7 ms cpu, 4->4->2 MB, 4 MB goal, 0 MB stacks, 0 MB globals, 20 P
gc 6225 @12.641s 6%: 0.046+0.38+0.070 ms clock, 0.92+0.42/0.56/0.086+1.4 ms cpu, 4->5->2 MB, 4 MB goal, 0 MB stacks, 0 MB globals, 20 P
gc 6226 @12.642s 6%: 0.076+0.27+0.060 ms clock, 1.5+0.37/0.59/0.003+1.2 ms cpu, 3->4->2 MB, 4 MB goal, 0 MB stacks, 0 MB globals, 20 P
gc 6227 @12.643s 6%: 0.073+0.34+0.077 ms clock, 1.4+0.30/0.73/0+1.5 ms cpu, 3->4->2 MB, 4 MB goal, 0 MB stacks, 0 MB globals, 20 P
gc 6228 @12.644s 6%: 0.071+0.26+0.10 ms clock, 1.4+0.27/0.70/0.002+2.0 ms cpu, 4->4->2 MB, 5 MB goal, 0 MB stacks, 0 MB globals, 20 P
gc 6229 @12.645s 6%: 0.057+0.33+0.050 ms clock, 1.1+0.47/0.60/0.069+1.0 ms cpu, 3->4->2 MB, 4 MB goal, 0 MB stacks, 0 MB globals, 20 P
gc 6230 @12.647s 6%: 0.068+0.41+0.072 ms clock, 1.3+0.28/0.73/0+1.4 ms cpu, 4->5->2 MB, 5 MB goal, 0 MB stacks, 0 MB globals, 20 P
gc 6231 @12.648s 6%: 0.056+0.34+0.066 ms clock, 1.1+0.42/0.55/0.017+1.3 ms cpu, 4->5->2 MB, 5 MB goal, 0 MB stacks, 0 MB globals, 20 P
gc 6232 @12.649s 6%: 0.13+0.36+0.017 ms clock, 2.6+0.27/0.63/0+0.35 ms cpu, 4->4->2 MB, 4 MB goal, 0 MB stacks, 0 MB globals, 20 P
gc 6233 @12.651s 6%: 0.056+0.39+0.057 ms clock, 1.1+0.28/0.66/0.025+1.1 ms cpu, 4->5->2 MB, 4 MB goal, 0 MB stacks, 0 MB globals, 20 P
gc 6234 @12.652s 6%: 0.048+0.54+0.11 ms clock, 0.97+0.41/0.55/0.019+2.2 ms cpu, 4->5->2 MB, 5 MB goal, 0 MB stacks, 0 MB globals, 20 P
gc 6235 @12.653s 6%: 0.049+0.60+0.079 ms clock, 0.99+0.31/0.54/0.015+1.5 ms cpu, 4->5->2 MB, 5 MB goal, 0 MB stacks, 0 MB globals, 20 P
gc 6236 @12.655s 6%: 0.079+0.27+0.046 ms clock, 1.5+0.32/0.60/0.031+0.93 ms cpu, 4->5->2 MB, 5 MB goal, 0 MB stacks, 0 MB globals, 20 P
gc 6237 @12.656s 6%: 0.062+0.34+0.069 ms clock, 1.2+0.46/0.50/0.028+1.3 ms cpu, 3->4->2 MB, 4 MB goal, 0 MB stacks, 0 MB globals, 20 P
gc 6238 @12.657s 6%: 0.049+0.27+0.020 ms clock, 0.99+0.21/0.68/0.041+0.41 ms cpu, 4->4->2 MB, 4 MB goal, 0 MB stacks, 0 MB globals, 20 P
gc 6239 @12.658s 6%: 0.072+0.55+0.032 ms clock, 1.4+0.21/0.60/0.045+0.65 ms cpu, 3->4->2 MB, 4 MB goal, 0 MB stacks, 0 MB globals, 20 P
gc 6240 @12.660s 6%: 0.081+0.24+0.070 ms clock, 1.6+0.30/0.68/0+1.4 ms cpu, 4->5->2 MB, 5 MB goal, 0 MB stacks, 0 MB globals, 20 P
gc 6241 @12.661s 6%: 0.078+0.55+0.097 ms clock, 1.5+0.39/0.69/0+1.9 ms cpu, 3->5->2 MB, 4 MB goal, 0 MB stacks, 0 MB globals, 20 P
gc 6242 @12.662s 6%: 0.080+0.43+0.087 ms clock, 1.6+0.28/0.72/0.047+1.7 ms cpu, 4->5->2 MB, 5 MB goal, 0 MB stacks, 0 MB globals, 20 P
gc 6243 @12.664s 6%: 0.063+0.55+0.066 ms clock, 1.2+0.45/0.60/0.010+1.3 ms cpu, 3->5->2 MB, 4 MB goal, 0 MB stacks, 0 MB globals, 20 P
gc 6244 @12.665s 6%: 0.064+0.54+0.015 ms clock, 1.2+0.34/0.69/0.023+0.30 ms cpu, 4->5->2 MB, 5 MB goal, 0 MB stacks, 0 MB globals, 20 P
gc 6245 @12.667s 6%: 0.078+0.36+0.062 ms clock, 1.5+0.25/0.65/0.004+1.2 ms cpu, 4->5->2 MB, 5 MB goal, 0 MB stacks, 0 MB globals, 20 P
gc 6246 @12.668s 6%: 0.070+0.35+0.068 ms clock, 1.4+0.29/0.59/0.003+1.3 ms cpu, 4->5->2 MB, 5 MB goal, 0 MB stacks, 0 MB globals, 20 P
gc 6247 @12.669s 6%: 0.079+0.58+0.060 ms clock, 1.5+0.42/0.74/0.003+1.2 ms cpu, 3->5->2 MB, 4 MB goal, 0 MB stacks, 0 MB globals, 20 P
gc 6248 @12.671s 6%: 0.035+0.36+0.009 ms clock, 0.70+0.37/0.64/0.031+0.18 ms cpu, 4->5->2 MB, 5 MB goal, 0 MB stacks, 0 MB globals, 20 P
gc 6249 @12.672s 6%: 0.095+0.44+0.054 ms clock, 1.9+0.35/0.72/0.034+1.0 ms cpu, 3->5->2 MB, 4 MB goal, 0 MB stacks, 0 MB globals, 20 P
gc 6250 @12.673s 6%: 0.068+0.47+0.025 ms clock, 1.3+0.17/0.71/0+0.51 ms cpu, 4->5->2 MB, 5 MB goal, 0 MB stacks, 0 MB globals, 20 P
gc 6251 @12.675s 6%: 0.063+0.49+0.023 ms clock, 1.2+0.31/0.55/0.012+0.47 ms cpu, 4->5->2 MB, 5 MB goal, 0 MB stacks, 0 MB globals, 20 P
gc 6252 @12.676s 6%: 0.055+0.51+0.063 ms clock, 1.1+0.42/0.61/0.008+1.2 ms cpu, 4->5->2 MB, 5 MB goal, 0 MB stacks, 0 MB globals, 20 P
gc 6253 @12.678s 6%: 0.066+0.33+0.072 ms clock, 1.3+0.39/0.65/0.003+1.4 ms cpu, 4->5->2 MB, 5 MB goal, 0 MB stacks, 0 MB globals, 20 P
gc 6254 @12.679s 6%: 0.045+0.41+0.034 ms clock, 0.91+0.29/0.72/0.003+0.68 ms cpu, 4->5->2 MB, 4 MB goal, 0 MB stacks, 0 MB globals, 20 P
gc 6255 @12.681s 6%: 0.055+0.27+0.058 ms clock, 1.1+0.43/0.61/0.018+1.1 ms cpu, 4->5->2 MB, 5 MB goal, 0 MB stacks, 0 MB globals, 20 P
gc 6256 @12.681s 6%: 0.076+0.31+0.028 ms clock, 1.5+0.31/0.56/0.039+0.56 ms cpu, 4->4->2 MB, 4 MB goal, 0 MB stacks, 0 MB globals, 20 P
gc 6257 @12.683s 6%: 0.075+0.24+0.13 ms clock, 1.5+0.31/0.55/0.026+2.7 ms cpu, 3->4->1 MB, 4 MB goal, 0 MB stacks, 0 MB globals, 20 P
gc 6258 @12.684s 6%: 0.091+0.45+0.020 ms clock, 1.8+0.24/0.65/0.014+0.40 ms cpu, 3->4->2 MB, 4 MB goal, 0 MB stacks, 0 MB globals, 20 P
gc 6259 @12.685s 6%: 0.056+0.41+0.039 ms clock, 1.1+0.38/0.64/0.013+0.79 ms cpu, 4->5->2 MB, 5 MB goal, 0 MB stacks, 0 MB globals, 20 P
gc 6260 @12.686s 6%: 0.084+0.44+0.057 ms clock, 1.6+0.38/0.63/0.023+1.1 ms cpu, 4->5->2 MB, 4 MB goal, 0 MB stacks, 0 MB globals, 20 P
gc 6261 @12.688s 6%: 0.11+0.54+0.055 ms clock, 2.3+0.31/0.68/0.006+1.1 ms cpu, 4->5->2 MB, 5 MB goal, 0 MB stacks, 0 MB globals, 20 P
gc 6262 @12.689s 6%: 0.076+0.42+0.092 ms clock, 1.5+0.29/0.64/0.016+1.8 ms cpu, 4->5->2 MB, 5 MB goal, 0 MB stacks, 0 MB globals, 20 P
gc 6263 @12.691s 6%: 0.055+0.26+0.063 ms clock, 1.1+0.33/0.56/0.020+1.2 ms cpu, 4->4->2 MB, 5 MB goal, 0 MB stacks, 0 MB globals, 20 P
gc 6264 @12.692s 6%: 0.076+0.50+0.021 ms clock, 1.5+0.31/0.59/0+0.43 ms cpu, 3->4->2 MB, 4 MB goal, 0 MB stacks, 0 MB globals, 20 P
gc 6265 @12.693s 6%: 0.053+0.56+0.061 ms clock, 1.0+0.46/0.70/0.001+1.2 ms cpu, 4->6->2 MB, 5 MB goal, 0 MB stacks, 0 MB globals, 20 P
gc 6266 @12.695s 6%: 0.088+0.51+0.019 ms clock, 1.7+0.30/0.70/0.034+0.39 ms cpu, 4->5->2 MB, 5 MB goal, 0 MB stacks, 0 MB globals, 20 P
gc 6267 @12.696s 6%: 0.083+0.30+0.050 ms clock, 1.6+0.55/0.56/0+1.0 ms cpu, 4->5->2 MB, 5 MB goal, 0 MB stacks, 0 MB globals, 20 P
gc 6268 @12.697s 6%: 0.073+0.48+0.055 ms clock, 1.4+0.23/0.68/0.036+1.1 ms cpu, 4->5->2 MB, 5 MB goal, 0 MB stacks, 0 MB globals, 20 P
gc 6269 @12.698s 6%: 0.090+0.37+0.072 ms clock, 1.8+0.34/0.56/0.005+1.4 ms cpu, 4->5->2 MB, 5 MB goal, 0 MB stacks, 0 MB globals, 20 P
gc 6270 @12.699s 6%: 0.085+0.55+0.021 ms clock, 1.7+0.24/0.63/0+0.43 ms cpu, 4->5->2 MB, 4 MB goal, 0 MB stacks, 0 MB globals, 20 P
gc 6271 @12.701s 6%: 0.091+0.47+0.045 ms clock, 1.8+0.23/0.64/0.034+0.91 ms cpu, 4->5->2 MB, 5 MB goal, 0 MB stacks, 0 MB globals, 20 P
gc 6272 @12.702s 6%: 0.072+0.52+0.040 ms clock, 1.4+0.31/0.63/0.019+0.81 ms cpu, 4->5->2 MB, 5 MB goal, 0 MB stacks, 0 MB globals, 20 P
gc 6273 @12.704s 6%: 0.074+0.31+0.080 ms clock, 1.4+0.27/0.59/0+1.6 ms cpu, 4->5->2 MB, 5 MB goal, 0 MB stacks, 0 MB globals, 20 P
gc 6274 @12.705s 6%: 0.081+0.36+0.092 ms clock, 1.6+0.36/0.57/0.082+1.8 ms cpu, 4->4->2 MB, 4 MB goal, 0 MB stacks, 0 MB globals, 20 P
gc 6275 @12.706s 6%: 0.054+0.52+0.082 ms clock, 1.0+0.49/0.60/0.057+1.6 ms cpu, 4->4->2 MB, 4 MB goal, 0 MB stacks, 0 MB globals, 20 P
gc 6276 @12.708s 6%: 0.099+0.41+0.091 ms clock, 1.9+0.38/0.69/0.001+1.8 ms cpu, 4->5->2 MB, 5 MB goal, 0 MB stacks, 0 MB globals, 20 P
gc 6277 @12.709s 6%: 0.054+0.32+0.069 ms clock, 1.0+0.34/0.59/0.006+1.3 ms cpu, 4->5->2 MB, 5 MB goal, 0 MB stacks, 0 MB globals, 20 P
gc 6278 @12.710s 6%: 0.049+0.32+0.079 ms clock, 0.98+0.27/0.66/0.013+1.5 ms cpu, 4->4->2 MB, 4 MB goal, 0 MB stacks, 0 MB globals, 20 P
gc 6279 @12.711s 6%: 0.070+0.42+0.071 ms clock, 1.4+0.35/0.55/0.053+1.4 ms cpu, 4->4->2 MB, 4 MB goal, 0 MB stacks, 0 MB globals, 20 P
gc 6280 @12.713s 6%: 0.061+0.75+0.017 ms clock, 1.2+0.49/0.62/0.014+0.35 ms cpu, 4->5->2 MB, 5 MB goal, 0 MB stacks, 0 MB globals, 20 P
gc 6281 @12.714s 6%: 0.068+0.36+0.069 ms clock, 1.3+0.28/0.67/0.029+1.3 ms cpu, 5->5->2 MB, 5 MB goal, 0 MB stacks, 0 MB globals, 20 P
gc 6282 @12.715s 6%: 0.087+0.30+0.020 ms clock, 1.7+0.33/0.60/0+0.41 ms cpu, 4->5->2 MB, 5 MB goal, 0 MB stacks, 0 MB globals, 20 P
gc 6283 @12.717s 6%: 0.064+0.80+0.077 ms clock, 1.2+0.34/0.68/0+1.5 ms cpu, 4->5->3 MB, 4 MB goal, 0 MB stacks, 0 MB globals, 20 P
gc 6284 @12.719s 6%: 0.060+0.30+0.068 ms clock, 1.2+0.32/0.60/0+1.3 ms cpu, 5->6->2 MB, 6 MB goal, 0 MB stacks, 0 MB globals, 20 P
gc 6285 @12.720s 6%: 0.059+0.47+0.026 ms clock, 1.1+0.30/0.62/0.048+0.52 ms cpu, 3->5->2 MB, 4 MB goal, 0 MB stacks, 0 MB globals, 20 P
gc 6286 @12.722s 6%: 0.079+0.50+0.063 ms clock, 1.5+0.32/0.62/0.016+1.2 ms cpu, 4->5->2 MB, 5 MB goal, 0 MB stacks, 0 MB globals, 20 P
gc 6287 @12.723s 6%: 0.094+0.43+0.045 ms clock, 1.8+0.36/0.61/0.005+0.90 ms cpu, 4->5->2 MB, 5 MB goal, 0 MB stacks, 0 MB globals, 20 P
gc 6288 @12.724s 6%: 0.057+0.36+0.012 ms clock, 1.1+0.38/0.64/0.005+0.25 ms cpu, 4->5->2 MB, 5 MB goal, 0 MB stacks, 0 MB globals, 20 P
gc 6289 @12.725s 6%: 0.070+0.41+0.045 ms clock, 1.4+0.37/0.60/0+0.90 ms cpu, 4->5->2 MB, 5 MB goal, 0 MB stacks, 0 MB globals, 20 P
gc 6290 @12.727s 6%: 0.080+0.40+0.059 ms clock, 1.6+0.27/0.59/0.029+1.1 ms cpu, 4->5->2 MB, 5 MB goal, 0 MB stacks, 0 MB globals, 20 P
gc 6291 @12.728s 6%: 0.078+0.40+0.071 ms clock, 1.5+0.31/0.68/0.023+1.4 ms cpu, 4->5->2 MB, 5 MB goal, 0 MB stacks, 0 MB globals, 20 P
gc 6292 @12.729s 6%: 0.10+0.49+0.047 ms clock, 2.0+0.38/0.64/0.001+0.94 ms cpu, 4->5->2 MB, 5 MB goal, 0 MB stacks, 0 MB globals, 20 P
gc 6293 @12.731s 6%: 0.054+0.34+0.069 ms clock, 1.0+0.45/0.48/0.008+1.3 ms cpu, 4->5->2 MB, 5 MB goal, 0 MB stacks, 0 MB globals, 20 P
gc 6294 @12.732s 6%: 0.078+0.46+0.024 ms clock, 1.5+0.28/0.62/0.032+0.49 ms cpu, 4->5->2 MB, 4 MB goal, 0 MB stacks, 0 MB globals, 20 P
gc 6295 @12.734s 6%: 0.023+0.23+0.059 ms clock, 0.46+0.33/0.55/0.044+1.1 ms cpu, 4->4->2 MB, 5 MB goal, 0 MB stacks, 0 MB globals, 20 P
gc 6296 @12.734s 6%: 0.069+0.37+0.048 ms clock, 1.3+0.32/0.62/0.005+0.97 ms cpu, 3->4->2 MB, 4 MB goal, 0 MB stacks, 0 MB globals, 20 P
gc 6297 @12.736s 6%: 0.023+0.39+0.026 ms clock, 0.47+0.24/0.61/0.040+0.53 ms cpu, 4->4->2 MB, 5 MB goal, 0 MB stacks, 0 MB globals, 20 P
gc 6298 @12.737s 6%: 0.078+0.28+0.066 ms clock, 1.5+0.33/0.68/0.010+1.3 ms cpu, 3->4->2 MB, 4 MB goal, 0 MB stacks, 0 MB globals, 20 P
gc 6299 @12.738s 6%: 0.032+0.27+0.060 ms clock, 0.64+0.24/0.59/0.045+1.2 ms cpu, 3->4->1 MB, 4 MB goal, 0 MB stacks, 0 MB globals, 20 P
gc 6300 @12.739s 6%: 0.073+0.54+0.023 ms clock, 1.4+0.42/0.57/0.002+0.46 ms cpu, 3->4->2 MB, 4 MB goal, 0 MB stacks, 0 MB globals, 20 P
gc 6301 @12.740s 6%: 0.072+0.31+0.006 ms clock, 1.4+0.31/0.65/0+0.12 ms cpu, 4->5->2 MB, 5 MB goal, 0 MB stacks, 0 MB globals, 20 P
gc 6302 @12.741s 6%: 0.049+0.37+0.069 ms clock, 0.99+0.32/0.57/0.033+1.3 ms cpu, 4->4->2 MB, 4 MB goal, 0 MB stacks, 0 MB globals, 20 P
gc 6303 @12.743s 6%: 0.070+0.35+0.035 ms clock, 1.4+0.33/0.62/0.016+0.70 ms cpu, 4->5->2 MB, 4 MB goal, 0 MB stacks, 0 MB globals, 20 P
gc 6304 @12.744s 6%: 0.038+0.41+0.019 ms clock, 0.76+0.25/0.61/0+0.38 ms cpu, 4->5->2 MB, 5 MB goal, 0 MB stacks, 0 MB globals, 20 P
gc 6305 @12.745s 6%: 0.055+0.35+0.062 ms clock, 1.1+0.34/0.66/0+1.2 ms cpu, 4->4->2 MB, 4 MB goal, 0 MB stacks, 0 MB globals, 20 P
gc 6306 @12.747s 6%: 0.069+0.31+0.080 ms clock, 1.3+0.27/0.63/0.018+1.6 ms cpu, 4->4->2 MB, 4 MB goal, 0 MB stacks, 0 MB globals, 20 P
gc 6307 @12.748s 6%: 0.098+0.41+0.064 ms clock, 1.9+0.38/0.72/0.048+1.2 ms cpu, 3->4->2 MB, 4 MB goal, 0 MB stacks, 0 MB globals, 20 P
gc 6308 @12.749s 6%: 0.076+0.50+0.054 ms clock, 1.5+0.28/0.72/0.011+1.0 ms cpu, 4->5->2 MB, 4 MB goal, 0 MB stacks, 0 MB globals, 20 P
gc 6309 @12.751s 6%: 0.063+0.41+0.024 ms clock, 1.2+0.17/0.63/0+0.48 ms cpu, 4->5->2 MB, 5 MB goal, 0 MB stacks, 0 MB globals, 20 P
gc 6310 @12.752s 6%: 0.070+0.55+0.040 ms clock, 1.4+0.27/0.58/0.036+0.81 ms cpu, 4->5->2 MB, 5 MB goal, 0 MB stacks, 0 MB globals, 20 P
gc 6311 @12.754s 6%: 0.069+0.44+0.067 ms clock, 1.3+0.27/0.59/0.14+1.3 ms cpu, 4->5->2 MB, 5 MB goal, 0 MB stacks, 0 MB globals, 20 P
gc 6312 @12.755s 6%: 0.089+0.39+0.054 ms clock, 1.7+0.48/0.75/0.011+1.0 ms cpu, 4->5->2 MB, 5 MB goal, 0 MB stacks, 0 MB globals, 20 P
gc 6313 @12.757s 6%: 0.046+0.42+0.064 ms clock, 0.92+0.36/0.63/0+1.2 ms cpu, 4->5->2 MB, 5 MB goal, 0 MB stacks, 0 MB globals, 20 P
gc 6314 @12.759s 6%: 0.043+0.30+0.070 ms clock, 0.87+0.36/0.62/0+1.4 ms cpu, 4->5->2 MB, 5 MB goal, 0 MB stacks, 0 MB globals, 20 P
gc 6315 @12.760s 6%: 0.081+0.27+0.068 ms clock, 1.6+0.37/0.52/0.021+1.3 ms cpu, 4->5->2 MB, 5 MB goal, 0 MB stacks, 0 MB globals, 20 P
gc 6316 @12.761s 6%: 0.077+0.37+0.069 ms clock, 1.5+0.36/0.57/0.064+1.3 ms cpu, 4->4->2 MB, 4 MB goal, 0 MB stacks, 0 MB globals, 20 P
gc 6317 @12.762s 6%: 0.070+0.30+0.071 ms clock, 1.4+0.41/0.55/0.016+1.4 ms cpu, 4->5->2 MB, 4 MB goal, 0 MB stacks, 0 MB globals, 20 P
gc 6318 @12.764s 6%: 0.037+0.44+0.076 ms clock, 0.74+0.16/0.72/0+1.5 ms cpu, 3->4->2 MB, 4 MB goal, 0 MB stacks, 0 MB globals, 20 P
gc 6319 @12.765s 6%: 0.073+0.30+0.065 ms clock, 1.4+0.36/0.59/0.030+1.3 ms cpu, 4->4->2 MB, 4 MB goal, 0 MB stacks, 0 MB globals, 20 P
gc 6320 @12.766s 6%: 0.10+0.46+0.032 ms clock, 2.1+0.37/0.82/0+0.65 ms cpu, 3->4->2 MB, 4 MB goal, 0 MB stacks, 0 MB globals, 20 P
gc 6321 @12.768s 6%: 0.060+0.46+0.041 ms clock, 1.2+0.35/0.61/0.001+0.82 ms cpu, 4->5->2 MB, 5 MB goal, 0 MB stacks, 0 MB globals, 20 P
gc 6322 @12.769s 6%: 0.049+0.37+0.067 ms clock, 0.99+0.32/0.59/0.012+1.3 ms cpu, 4->5->2 MB, 5 MB goal, 0 MB stacks, 0 MB globals, 20 P
gc 6323 @12.771s 6%: 0.035+0.52+0.058 ms clock, 0.70+0.39/0.57/0.005+1.1 ms cpu, 4->5->2 MB, 4 MB goal, 0 MB stacks, 0 MB globals, 20 P
gc 6324 @12.772s 6%: 0.079+0.34+0.076 ms clock, 1.5+0.28/0.66/0.001+1.5 ms cpu, 4->5->2 MB, 5 MB goal, 0 MB stacks, 0 MB globals, 20 P
gc 6325 @12.773s 6%: 0.096+0.51+0.060 ms clock, 1.9+0.28/0.69/0.003+1.2 ms cpu, 4->5->2 MB, 4 MB goal, 0 MB stacks, 0 MB globals, 20 P
gc 6326 @12.775s 6%: 0.085+0.49+0.072 ms clock, 1.7+0.43/0.70/0.014+1.4 ms cpu, 4->5->2 MB, 5 MB goal, 0 MB stacks, 0 MB globals, 20 P
gc 6327 @12.776s 6%: 0.094+0.28+0.043 ms clock, 1.8+0.27/0.63/0.032+0.87 ms cpu, 4->4->2 MB, 5 MB goal, 0 MB stacks, 0 MB globals, 20 P
gc 6328 @12.777s 6%: 0.069+0.46+0.064 ms clock, 1.3+0.30/0.62/0+1.2 ms cpu, 3->4->2 MB, 4 MB goal, 0 MB stacks, 0 MB globals, 20 P
gc 6329 @12.779s 6%: 0.068+0.48+0.072 ms clock, 1.3+0.22/0.72/0+1.4 ms cpu, 4->5->2 MB, 5 MB goal, 0 MB stacks, 0 MB globals, 20 P
gc 6330 @12.780s 6%: 0.052+0.32+0.076 ms clock, 1.0+0.28/0.60/0.11+1.5 ms cpu, 4->5->2 MB, 5 MB goal, 0 MB stacks, 0 MB globals, 20 P
gc 6331 @12.781s 6%: 0.058+0.49+0.068 ms clock, 1.1+0.32/0.62/0+1.3 ms cpu, 4->5->2 MB, 4 MB goal, 0 MB stacks, 0 MB globals, 20 P
gc 6332 @12.783s 6%: 0.064+0.34+0.080 ms clock, 1.2+0.46/0.65/0+1.6 ms cpu, 4->5->2 MB, 5 MB goal, 0 MB stacks, 0 MB globals, 20 P
gc 6333 @12.784s 6%: 0.053+0.29+0.14 ms clock, 1.0+0.40/0.58/0.069+2.9 ms cpu, 4->4->2 MB, 4 MB goal, 0 MB stacks, 0 MB globals, 20 P
gc 6334 @12.784s 6%: 0.075+0.41+0.083 ms clock, 1.5+0.36/0.51/0.007+1.6 ms cpu, 3->4->2 MB, 4 MB goal, 0 MB stacks, 0 MB globals, 20 P
gc 6335 @12.786s 6%: 0.065+0.27+0.083 ms clock, 1.3+0.39/0.60/0.033+1.6 ms cpu, 4->5->2 MB, 5 MB goal, 0 MB stacks, 0 MB globals, 20 P
gc 6336 @12.787s 6%: 0.075+0.39+0.081 ms clock, 1.5+0.26/0.68/0.039+1.6 ms cpu, 4->5->2 MB, 4 MB goal, 0 MB stacks, 0 MB globals, 20 P
gc 6337 @12.788s 6%: 0.071+0.43+0.061 ms clock, 1.4+0.33/0.62/0.065+1.2 ms cpu, 4->5->2 MB, 4 MB goal, 0 MB stacks, 0 MB globals, 20 P
gc 6338 @12.790s 6%: 0.084+0.36+0.062 ms clock, 1.6+0.32/0.61/0.044+1.2 ms cpu, 4->5->2 MB, 5 MB goal, 0 MB stacks, 0 MB globals, 20 P
gc 6339 @12.791s 6%: 0.10+0.26+0.066 ms clock, 2.0+0.43/0.57/0.008+1.3 ms cpu, 4->5->2 MB, 5 MB goal, 0 MB stacks, 0 MB globals, 20 P
gc 6340 @12.792s 6%: 0.070+0.38+0.053 ms clock, 1.4+0.25/0.68/0+1.0 ms cpu, 4->5->2 MB, 4 MB goal, 0 MB stacks, 0 MB globals, 20 P
gc 6341 @12.793s 6%: 0.062+0.37+0.082 ms clock, 1.2+0.34/0.59/0.080+1.6 ms cpu, 4->4->2 MB, 4 MB goal, 0 MB stacks, 0 MB globals, 20 P
gc 6342 @12.795s 6%: 0.050+0.33+0.072 ms clock, 1.0+0.30/0.60/0.003+1.4 ms cpu, 4->4->2 MB, 4 MB goal, 0 MB stacks, 0 MB globals, 20 P
gc 6343 @12.796s 6%: 0.022+0.37+0.075 ms clock, 0.45+0.24/0.66/0.056+1.5 ms cpu, 3->4->2 MB, 4 MB goal, 0 MB stacks, 0 MB globals, 20 P
gc 6344 @12.797s 6%: 0.078+0.48+0.059 ms clock, 1.5+0.33/0.64/0.009+1.1 ms cpu, 3->4->2 MB, 4 MB goal, 0 MB stacks, 0 MB globals, 20 P
gc 6345 @12.798s 6%: 0.069+0.41+0.037 ms clock, 1.3+0.24/0.65/0.13+0.75 ms cpu, 4->5->2 MB, 5 MB goal, 0 MB stacks, 0 MB globals, 20 P
gc 6346 @12.799s 6%: 0.080+0.63+0.016 ms clock, 1.6+0.18/0.58/0.056+0.33 ms cpu, 4->5->2 MB, 4 MB goal, 0 MB stacks, 0 MB globals, 20 P
gc 6347 @12.801s 6%: 0.061+0.48+0.075 ms clock, 1.2+0.23/0.68/0.054+1.5 ms cpu, 4->5->2 MB, 5 MB goal, 0 MB stacks, 0 MB globals, 20 P
gc 6348 @12.803s 6%: 0.075+0.48+0.060 ms clock, 1.5+0.41/0.62/0.001+1.2 ms cpu, 4->5->2 MB, 5 MB goal, 0 MB stacks, 0 MB globals, 20 P
gc 6349 @12.804s 6%: 0.094+0.31+0.086 ms clock, 1.8+0.45/0.58/0.007+1.7 ms cpu, 4->5->2 MB, 5 MB goal, 0 MB stacks, 0 MB globals, 20 P
gc 6350 @12.805s 6%: 0.048+0.31+0.013 ms clock, 0.97+0.29/0.58/0.12+0.27 ms cpu, 3->4->2 MB, 4 MB goal, 0 MB stacks, 0 MB globals, 20 P
gc 6351 @12.806s 6%: 0.067+0.31+0.031 ms clock, 1.3+0.23/0.57/0.11+0.63 ms cpu, 3->4->2 MB, 4 MB goal, 0 MB stacks, 0 MB globals, 20 P
gc 6352 @12.807s 6%: 0.061+0.47+0.079 ms clock, 1.2+0.30/0.65/0.046+1.5 ms cpu, 4->5->2 MB, 4 MB goal, 0 MB stacks, 0 MB globals, 20 P
gc 6353 @12.809s 6%: 0.073+0.35+0.11 ms clock, 1.4+0.25/0.74/0.001+2.2 ms cpu, 4->5->2 MB, 5 MB goal, 0 MB stacks, 0 MB globals, 20 P
gc 6354 @12.810s 6%: 0.061+0.50+0.018 ms clock, 1.2+0.47/0.51/0.004+0.37 ms cpu, 4->5->2 MB, 4 MB goal, 0 MB stacks, 0 MB globals, 20 P
gc 6355 @12.811s 6%: 0.042+0.59+0.079 ms clock, 0.85+0.33/0.62/0+1.5 ms cpu, 4->5->2 MB, 5 MB goal, 0 MB stacks, 0 MB globals, 20 P
gc 6356 @12.813s 6%: 0.065+0.42+0.037 ms clock, 1.3+0.33/0.69/0+0.75 ms cpu, 4->5->2 MB, 5 MB goal, 0 MB stacks, 0 MB globals, 20 P
gc 6357 @12.815s 6%: 0.073+0.42+0.070 ms clock, 1.4+0.36/0.61/0.028+1.4 ms cpu, 4->5->2 MB, 5 MB goal, 0 MB stacks, 0 MB globals, 20 P
gc 6358 @12.816s 6%: 0.074+0.40+0.045 ms clock, 1.4+0.23/0.60/0.008+0.91 ms cpu, 4->5->2 MB, 5 MB goal, 0 MB stacks, 0 MB globals, 20 P
gc 6359 @12.817s 6%: 0.047+0.49+0.072 ms clock, 0.94+0.27/0.61/0.007+1.4 ms cpu, 4->5->2 MB, 5 MB goal, 0 MB stacks, 0 MB globals, 20 P
gc 6360 @12.818s 6%: 0.073+0.30+0.067 ms clock, 1.4+0.43/0.57/0+1.3 ms cpu, 4->5->2 MB, 5 MB goal, 0 MB stacks, 0 MB globals, 20 P
gc 6361 @12.820s 6%: 0.074+0.31+0.088 ms clock, 1.4+0.26/0.64/0.021+1.7 ms cpu, 4->4->2 MB, 4 MB goal, 0 MB stacks, 0 MB globals, 20 P
gc 6362 @12.821s 6%: 0.074+0.29+0.083 ms clock, 1.4+0.30/0.61/0.068+1.6 ms cpu, 3->4->2 MB, 4 MB goal, 0 MB stacks, 0 MB globals, 20 P
gc 6363 @12.821s 6%: 0.062+0.36+0.050 ms clock, 1.2+0.22/0.63/0.016+1.0 ms cpu, 3->4->2 MB, 4 MB goal, 0 MB stacks, 0 MB globals, 20 P
gc 6364 @12.822s 6%: 0.10+0.52+0.068 ms clock, 2.0+0.34/0.54/0.023+1.3 ms cpu, 3->5->2 MB, 4 MB goal, 0 MB stacks, 0 MB globals, 20 P
gc 6365 @12.824s 6%: 0.052+0.73+0.039 ms clock, 1.0+0.29/0.64/0.081+0.78 ms cpu, 4->5->2 MB, 5 MB goal, 0 MB stacks, 0 MB globals, 20 P
gc 6366 @12.825s 6%: 0.057+0.35+0.056 ms clock, 1.1+0.32/0.61/0.002+1.1 ms cpu, 4->5->2 MB, 5 MB goal, 0 MB stacks, 0 MB globals, 20 P
gc 6367 @12.826s 6%: 0.064+0.48+0.089 ms clock, 1.2+0.39/0.63/0.003+1.7 ms cpu, 4->5->2 MB, 4 MB goal, 0 MB stacks, 0 MB globals, 20 P
gc 6368 @12.828s 6%: 0.043+0.37+0.058 ms clock, 0.87+0.16/0.59/0.096+1.1 ms cpu, 4->5->2 MB, 5 MB goal, 0 MB stacks, 0 MB globals, 20 P
gc 6369 @12.829s 6%: 0.047+0.29+0.051 ms clock, 0.94+0.33/0.60/0.035+1.0 ms cpu, 4->4->2 MB, 4 MB goal, 0 MB stacks, 0 MB globals, 20 P
gc 6370 @12.830s 6%: 0.067+0.46+0.063 ms clock, 1.3+0.33/0.65/0+1.2 ms cpu, 4->4->2 MB, 4 MB goal, 0 MB stacks, 0 MB globals, 20 P
gc 6371 @12.831s 6%: 0.062+0.36+0.022 ms clock, 1.2+0.29/0.64/0.049+0.45 ms cpu, 4->5->2 MB, 5 MB goal, 0 MB stacks, 0 MB globals, 20 P
gc 6372 @12.832s 6%: 0.074+0.39+0.029 ms clock, 1.4+0.24/0.61/0.050+0.58 ms cpu, 4->4->2 MB, 4 MB goal, 0 MB stacks, 0 MB globals, 20 P
gc 6373 @12.834s 6%: 0.030+0.30+0.054 ms clock, 0.61+0.28/0.62/0.027+1.0 ms cpu, 4->4->2 MB, 4 MB goal, 0 MB stacks, 0 MB globals, 20 P
gc 6374 @12.835s 6%: 0.066+0.42+0.054 ms clock, 1.3+0.24/0.66/0.057+1.0 ms cpu, 3->5->2 MB, 4 MB goal, 0 MB stacks, 0 MB globals, 20 P
gc 6375 @12.836s 6%: 0.060+0.40+0.007 ms clock, 1.2+0.42/0.60/0.012+0.14 ms cpu, 4->5->2 MB, 5 MB goal, 0 MB stacks, 0 MB globals, 20 P
gc 6376 @12.837s 6%: 0.072+0.47+0.071 ms clock, 1.4+0.30/0.63/0+1.4 ms cpu, 4->5->2 MB, 4 MB goal, 0 MB stacks, 0 MB globals, 20 P
gc 6377 @12.839s 6%: 0.047+0.46+0.068 ms clock, 0.95+0.33/0.64/0.055+1.3 ms cpu, 4->5->2 MB, 5 MB goal, 0 MB stacks, 0 MB globals, 20 P
gc 6378 @12.840s 6%: 0.049+0.36+0.022 ms clock, 0.99+0.26/0.68/0+0.44 ms cpu, 4->5->2 MB, 5 MB goal, 0 MB stacks, 0 MB globals, 20 P
gc 6379 @12.841s 6%: 0.073+0.75+0.079 ms clock, 1.4+0.27/0.69/0+1.5 ms cpu, 3->5->2 MB, 4 MB goal, 0 MB stacks, 0 MB globals, 20 P
gc 6380 @12.843s 6%: 0.063+0.31+0.080 ms clock, 1.2+0.41/0.67/0+1.6 ms cpu, 4->5->2 MB, 5 MB goal, 0 MB stacks, 0 MB globals, 20 P
gc 6381 @12.844s 6%: 0.082+0.45+0.042 ms clock, 1.6+0.40/0.60/0+0.85 ms cpu, 4->5->2 MB, 5 MB goal, 0 MB stacks, 0 MB globals, 20 P
gc 6382 @12.846s 6%: 0.090+0.29+0.065 ms clock, 1.8+0.34/0.55/0+1.3 ms cpu, 4->5->2 MB, 5 MB goal, 0 MB stacks, 0 MB globals, 20 P
gc 6383 @12.847s 6%: 0.086+0.49+0.042 ms clock, 1.7+0.35/0.59/0.004+0.85 ms cpu, 4->5->2 MB, 4 MB goal, 0 MB stacks, 0 MB globals, 20 P
gc 6384 @12.848s 6%: 0.085+0.31+0.067 ms clock, 1.7+0.28/0.61/0+1.3 ms cpu, 4->5->2 MB, 5 MB goal, 0 MB stacks, 0 MB globals, 20 P
gc 6385 @12.849s 6%: 0.042+0.48+0.007 ms clock, 0.85+0.39/0.71/0+0.15 ms cpu, 4->4->2 MB, 4 MB goal, 0 MB stacks, 0 MB globals, 20 P
gc 6386 @12.850s 6%: 0.079+0.55+0.067 ms clock, 1.5+0.36/0.60/0.045+1.3 ms cpu, 4->5->2 MB, 4 MB goal, 0 MB stacks, 0 MB globals, 20 P
gc 6387 @12.852s 6%: 0.067+0.37+0.070 ms clock, 1.3+0.37/0.60/0.023+1.4 ms cpu, 4->5->2 MB, 5 MB goal, 0 MB stacks, 0 MB globals, 20 P
gc 6388 @12.853s 6%: 0.070+0.52+0.082 ms clock, 1.4+0.38/0.61/0+1.6 ms cpu, 4->5->2 MB, 4 MB goal, 0 MB stacks, 0 MB globals, 20 P
gc 6389 @12.855s 6%: 0.071+0.25+0.059 ms clock, 1.4+0.27/0.62/0.001+1.1 ms cpu, 4->4->2 MB, 5 MB goal, 0 MB stacks, 0 MB globals, 20 P
gc 6390 @12.855s 6%: 0.064+0.45+0.084 ms clock, 1.2+0.28/0.73/0.008+1.6 ms cpu, 3->4->2 MB, 4 MB goal, 0 MB stacks, 0 MB globals, 20 P
gc 6391 @12.857s 6%: 0.064+0.54+0.046 ms clock, 1.2+0.25/0.65/0.048+0.92 ms cpu, 4->5->2 MB, 5 MB goal, 0 MB stacks, 0 MB globals, 20 P
gc 6392 @12.858s 6%: 0.031+0.35+0.050 ms clock, 0.63+0.33/0.58/0.033+1.0 ms cpu, 4->5->2 MB, 5 MB goal, 0 MB stacks, 0 MB globals, 20 P
gc 6393 @12.859s 6%: 0.068+0.22+0.053 ms clock, 1.3+0.36/0.58/0.048+1.0 ms cpu, 4->4->2 MB, 4 MB goal, 0 MB stacks, 0 MB globals, 20 P
gc 6394 @12.860s 6%: 0.061+0.45+0.068 ms clock, 1.2+0.33/0.59/0.074+1.3 ms cpu, 3->4->2 MB, 4 MB goal, 0 MB stacks, 0 MB globals, 20 P
gc 6395 @12.862s 6%: 0.051+0.46+0.077 ms clock, 1.0+0.37/0.58/0.066+1.5 ms cpu, 4->5->2 MB, 5 MB goal, 0 MB stacks, 0 MB globals, 20 P
gc 6396 @12.863s 6%: 0.063+0.37+0.055 ms clock, 1.2+0.24/0.62/0.023+1.1 ms cpu, 4->5->2 MB, 5 MB goal, 0 MB stacks, 0 MB globals, 20 P
gc 6397 @12.864s 6%: 0.061+0.40+0.049 ms clock, 1.2+0.35/0.65/0+0.99 ms cpu, 4->5->2 MB, 5 MB goal, 0 MB stacks, 0 MB globals, 20 P
gc 6398 @12.865s 6%: 0.032+0.43+0.006 ms clock, 0.64+0.37/0.65/0.064+0.13 ms cpu, 4->4->2 MB, 5 MB goal, 0 MB stacks, 0 MB globals, 20 P
gc 6399 @12.866s 6%: 0.060+0.59+0.051 ms clock, 1.2+0.82/0.55/0.028+1.0 ms cpu, 4->5->2 MB, 4 MB goal, 0 MB stacks, 0 MB globals, 20 P
gc 6400 @12.868s 6%: 0.072+0.39+0.032 ms clock, 1.4+0.42/0.63/0+0.64 ms cpu, 5->6->2 MB, 5 MB goal, 0 MB stacks, 0 MB globals, 20 P
gc 6401 @12.869s 6%: 0.057+0.35+0.076 ms clock, 1.1+0.36/0.58/0.024+1.5 ms cpu, 4->5->2 MB, 5 MB goal, 0 MB stacks, 0 MB globals, 20 P
gc 6402 @12.871s 6%: 0.037+0.45+0.074 ms clock, 0.74+0.32/0.71/0.006+1.4 ms cpu, 4->4->2 MB, 4 MB goal, 0 MB stacks, 0 MB globals, 20 P
gc 6403 @12.872s 6%: 0.055+0.26+0.084 ms clock, 1.1+0.23/0.64/0+1.6 ms cpu, 4->5->2 MB, 5 MB goal, 0 MB stacks, 0 MB globals, 20 P
gc 6404 @12.873s 6%: 0.063+0.38+0.070 ms clock, 1.2+0.49/0.61/0+1.4 ms cpu, 3->5->2 MB, 4 MB goal, 0 MB stacks, 0 MB globals, 20 P
gc 6405 @12.874s 6%: 0.070+0.49+0.048 ms clock, 1.4+0.32/0.62/0.006+0.97 ms cpu, 4->5->2 MB, 5 MB goal, 0 MB stacks, 0 MB globals, 20 P
gc 6406 @12.876s 6%: 0.071+0.38+0.068 ms clock, 1.4+0.36/0.60/0.051+1.3 ms cpu, 4->5->2 MB, 5 MB goal, 0 MB stacks, 0 MB globals, 20 P
gc 6407 @12.877s 6%: 0.040+0.46+0.038 ms clock, 0.80+0.33/0.61/0.038+0.76 ms cpu, 4->5->2 MB, 5 MB goal, 0 MB stacks, 0 MB globals, 20 P
gc 6408 @12.879s 6%: 0.058+0.40+0.062 ms clock, 1.1+0.36/0.62/0+1.2 ms cpu, 4->5->2 MB, 5 MB goal, 0 MB stacks, 0 MB globals, 20 P
gc 6409 @12.880s 6%: 0.063+0.28+0.033 ms clock, 1.2+0.12/0.71/0+0.66 ms cpu, 4->4->2 MB, 5 MB goal, 0 MB stacks, 0 MB globals, 20 P
gc 6410 @12.881s 6%: 0.069+0.42+0.071 ms clock, 1.3+0.38/0.61/0.004+1.4 ms cpu, 3->4->2 MB, 4 MB goal, 0 MB stacks, 0 MB globals, 20 P
gc 6411 @12.882s 6%: 0.072+0.44+0.037 ms clock, 1.4+0.39/0.61/0.031+0.75 ms cpu, 3->4->2 MB, 4 MB goal, 0 MB stacks, 0 MB globals, 20 P
gc 6412 @12.883s 6%: 0.098+0.29+0.055 ms clock, 1.9+0.26/0.66/0.025+1.1 ms cpu, 4->4->2 MB, 5 MB goal, 0 MB stacks, 0 MB globals, 20 P
gc 6413 @12.884s 6%: 0.065+0.30+0.062 ms clock, 1.3+0.15/0.64/0.001+1.2 ms cpu, 4->4->2 MB, 4 MB goal, 0 MB stacks, 0 MB globals, 20 P
gc 6414 @12.885s 6%: 0.065+0.56+0.026 ms clock, 1.3+0.42/0.55/0.016+0.53 ms cpu, 4->5->2 MB, 4 MB goal, 0 MB stacks, 0 MB globals, 20 P
gc 6415 @12.887s 6%: 0.037+0.51+0.046 ms clock, 0.75+0.30/0.58/0.022+0.92 ms cpu, 4->5->2 MB, 5 MB goal, 0 MB stacks, 0 MB globals, 20 P
gc 6416 @12.888s 6%: 0.069+0.33+0.053 ms clock, 1.3+0.28/0.68/0.019+1.0 ms cpu, 4->5->2 MB, 5 MB goal, 0 MB stacks, 0 MB globals, 20 P
gc 6417 @12.890s 6%: 0.076+0.37+0.031 ms clock, 1.5+0.27/0.73/0.041+0.63 ms cpu, 4->4->2 MB, 4 MB goal, 0 MB stacks, 0 MB globals, 20 P
gc 6418 @12.891s 6%: 0.071+0.49+0.071 ms clock, 1.4+0.20/0.63/0.017+1.4 ms cpu, 4->4->2 MB, 4 MB goal, 0 MB stacks, 0 MB globals, 20 P
gc 6419 @12.892s 6%: 0.050+0.38+0.036 ms clock, 1.0+0.25/0.63/0.048+0.73 ms cpu, 4->5->2 MB, 5 MB goal, 0 MB stacks, 0 MB globals, 20 P
gc 6420 @12.894s 6%: 0.080+0.33+0.10 ms clock, 1.6+0.34/0.59/0.028+2.0 ms cpu, 4->4->2 MB, 4 MB goal, 0 MB stacks, 0 MB globals, 20 P
gc 6421 @12.895s 6%: 0.075+0.48+0.085 ms clock, 1.5+0.39/0.55/0.011+1.7 ms cpu, 4->5->2 MB, 4 MB goal, 0 MB stacks, 0 MB globals, 20 P
gc 6422 @12.896s 6%: 0.083+0.44+0.074 ms clock, 1.6+0.27/0.67/0.010+1.4 ms cpu, 4->5->2 MB, 5 MB goal, 0 MB stacks, 0 MB globals, 20 P
gc 6423 @12.897s 6%: 0.086+0.28+0.072 ms clock, 1.7+0.29/0.72/0+1.4 ms cpu, 4->5->2 MB, 5 MB goal, 0 MB stacks, 0 MB globals, 20 P
gc 6424 @12.898s 6%: 0.087+0.48+0.044 ms clock, 1.7+0.34/0.57/0.043+0.88 ms cpu, 4->5->2 MB, 5 MB goal, 0 MB stacks, 0 MB globals, 20 P
gc 6425 @12.900s 6%: 0.075+0.47+0.026 ms clock, 1.5+0.28/0.70/0+0.53 ms cpu, 4->5->2 MB, 5 MB goal, 0 MB stacks, 0 MB globals, 20 P
gc 6426 @12.901s 6%: 0.077+0.44+0.035 ms clock, 1.5+0.36/0.67/0.002+0.70 ms cpu, 4->5->2 MB, 5 MB goal, 0 MB stacks, 0 MB globals, 20 P
gc 6427 @12.903s 6%: 0.069+0.38+0.047 ms clock, 1.3+0.30/0.71/0+0.94 ms cpu, 4->4->2 MB, 4 MB goal, 0 MB stacks, 0 MB globals, 20 P
gc 6428 @12.904s 6%: 0.053+0.45+0.056 ms clock, 1.0+0.35/0.65/0+1.1 ms cpu, 4->5->2 MB, 5 MB goal, 0 MB stacks, 0 MB globals, 20 P
gc 6429 @12.906s 6%: 0.065+0.36+0.072 ms clock, 1.3+0.31/0.65/0.053+1.4 ms cpu, 4->5->2 MB, 5 MB goal, 0 MB stacks, 0 MB globals, 20 P
gc 6430 @12.907s 6%: 0.094+0.38+0.047 ms clock, 1.8+0.37/0.60/0+0.94 ms cpu, 4->5->2 MB, 4 MB goal, 0 MB stacks, 0 MB globals, 20 P
gc 6431 @12.908s 6%: 0.095+0.39+0.069 ms clock, 1.9+0.30/0.57/0+1.3 ms cpu, 4->5->2 MB, 5 MB goal, 0 MB stacks, 0 MB globals, 20 P
gc 6432 @12.910s 6%: 0.077+0.53+0.043 ms clock, 1.5+0.35/0.68/0.004+0.86 ms cpu, 4->5->2 MB, 5 MB goal, 0 MB stacks, 0 MB globals, 20 P
gc 6433 @12.911s 6%: 0.033+0.45+0.073 ms clock, 0.66+0.26/0.60/0.021+1.4 ms cpu, 4->5->2 MB, 5 MB goal, 0 MB stacks, 0 MB globals, 20 P
gc 6434 @12.912s 6%: 0.081+0.35+0.056 ms clock, 1.6+0.27/0.66/0+1.1 ms cpu, 4->5->2 MB, 5 MB goal, 0 MB stacks, 0 MB globals, 20 P
gc 6435 @12.914s 6%: 0.083+0.51+0.045 ms clock, 1.6+0.28/0.64/0.052+0.90 ms cpu, 4->5->2 MB, 5 MB goal, 0 MB stacks, 0 MB globals, 20 P
gc 6436 @12.915s 6%: 0.040+0.49+0.067 ms clock, 0.81+0.12/0.60/0.073+1.3 ms cpu, 4->5->2 MB, 5 MB goal, 0 MB stacks, 0 MB globals, 20 P
gc 6437 @12.916s 6%: 0.080+0.29+0.031 ms clock, 1.6+0.38/0.57/0.075+0.63 ms cpu, 3->4->2 MB, 4 MB goal, 0 MB stacks, 0 MB globals, 20 P
gc 6438 @12.917s 6%: 0.067+0.46+0.064 ms clock, 1.3+0.36/0.66/0.054+1.2 ms cpu, 4->5->2 MB, 4 MB goal, 0 MB stacks, 0 MB globals, 20 P
gc 6439 @12.919s 6%: 0.077+0.72+0.020 ms clock, 1.5+0.28/0.76/0+0.40 ms cpu, 4->5->2 MB, 5 MB goal, 0 MB stacks, 0 MB globals, 20 P
gc 6440 @12.920s 6%: 0.055+0.52+0.004 ms clock, 1.1+0.36/0.59/0.065+0.092 ms cpu, 4->5->2 MB, 5 MB goal, 0 MB stacks, 0 MB globals, 20 P
gc 6441 @12.922s 6%: 0.059+0.46+0.018 ms clock, 1.1+0.32/0.63/0.013+0.36 ms cpu, 4->5->2 MB, 5 MB goal, 0 MB stacks, 0 MB globals, 20 P
gc 6442 @12.923s 6%: 0.075+0.58+0.024 ms clock, 1.5+0.47/0.54/0.003+0.48 ms cpu, 4->5->2 MB, 4 MB goal, 0 MB stacks, 0 MB globals, 20 P
gc 6443 @12.925s 6%: 0.063+0.24+0.026 ms clock, 1.2+0.29/0.65/0+0.52 ms cpu, 4->5->2 MB, 5 MB goal, 0 MB stacks, 0 MB globals, 20 P
gc 6444 @12.926s 6%: 0.049+0.45+0.076 ms clock, 0.98+0.20/0.73/0.11+1.5 ms cpu, 3->4->2 MB, 4 MB goal, 0 MB stacks, 0 MB globals, 20 P
gc 6445 @12.927s 6%: 0.059+0.44+0.080 ms clock, 1.1+0.45/0.63/0+1.6 ms cpu, 4->5->2 MB, 5 MB goal, 0 MB stacks, 0 MB globals, 20 P
gc 6446 @12.928s 6%: 0.042+0.41+0.055 ms clock, 0.84+0.25/0.58/0.096+1.1 ms cpu, 4->5->2 MB, 5 MB goal, 0 MB stacks, 0 MB globals, 20 P
gc 6447 @12.930s 6%: 0.046+0.28+0.056 ms clock, 0.92+0.18/0.74/0.12+1.1 ms cpu, 4->5->2 MB, 5 MB goal, 0 MB stacks, 0 MB globals, 20 P
gc 6448 @12.931s 6%: 0.072+0.46+0.022 ms clock, 1.4+0.35/0.66/0.083+0.44 ms cpu, 3->4->2 MB, 4 MB goal, 0 MB stacks, 0 MB globals, 20 P
gc 6449 @12.932s 6%: 0.037+0.36+0.025 ms clock, 0.75+0.28/0.74/0.015+0.51 ms cpu, 4->5->2 MB, 5 MB goal, 0 MB stacks, 0 MB globals, 20 P
gc 6450 @12.933s 6%: 0.096+0.22+0.032 ms clock, 1.9+0.28/0.64/0.010+0.65 ms cpu, 4->4->2 MB, 4 MB goal, 0 MB stacks, 0 MB globals, 20 P
gc 6451 @12.934s 6%: 0.037+0.38+0.016 ms clock, 0.75+0.33/0.69/0.001+0.33 ms cpu, 3->4->2 MB, 4 MB goal, 0 MB stacks, 0 MB globals, 20 P
gc 6452 @12.936s 6%: 0.076+0.38+0.064 ms clock, 1.5+0.32/0.61/0.020+1.2 ms cpu, 4->5->2 MB, 4 MB goal, 0 MB stacks, 0 MB globals, 20 P
gc 6453 @12.937s 6%: 0.054+0.51+0.080 ms clock, 1.0+0.39/0.54/0.034+1.6 ms cpu, 4->5->2 MB, 4 MB goal, 0 MB stacks, 0 MB globals, 20 P
gc 6454 @12.938s 6%: 0.077+0.50+0.012 ms clock, 1.5+0.22/0.66/0+0.24 ms cpu, 4->5->2 MB, 5 MB goal, 0 MB stacks, 0 MB globals, 20 P
gc 6455 @12.940s 6%: 0.094+0.42+0.033 ms clock, 1.8+0.32/0.66/0.017+0.66 ms cpu, 4->5->2 MB, 5 MB goal, 0 MB stacks, 0 MB globals, 20 P
gc 6456 @12.941s 6%: 0.070+0.31+0.079 ms clock, 1.4+0.25/0.67/0+1.5 ms cpu, 4->5->2 MB, 5 MB goal, 0 MB stacks, 0 MB globals, 20 P
gc 6457 @12.942s 6%: 0.056+0.23+0.048 ms clock, 1.1+0.44/0.59/0.029+0.97 ms cpu, 3->4->2 MB, 4 MB goal, 0 MB stacks, 0 MB globals, 20 P
gc 6458 @12.943s 6%: 0.082+0.37+0.077 ms clock, 1.6+0.28/0.58/0.033+1.5 ms cpu, 3->4->2 MB, 4 MB goal, 0 MB stacks, 0 MB globals, 20 P
gc 6459 @12.945s 6%: 0.020+0.35+0.054 ms clock, 0.40+0.19/0.60/0.059+1.0 ms cpu, 4->4->2 MB, 4 MB goal, 0 MB stacks, 0 MB globals, 20 P
gc 6460 @12.945s 6%: 0.083+0.49+0.073 ms clock, 1.6+0.23/0.64/0+1.4 ms cpu, 3->4->2 MB, 4 MB goal, 0 MB stacks, 0 MB globals, 20 P
gc 6461 @12.947s 6%: 0.079+0.38+0.076 ms clock, 1.5+0.26/0.61/0.029+1.5 ms cpu, 4->5->2 MB, 5 MB goal, 0 MB stacks, 0 MB globals, 20 P
gc 6462 @12.948s 6%: 0.090+0.44+0.014 ms clock, 1.8+0.59/0.58/0.047+0.29 ms cpu, 4->5->2 MB, 4 MB goal, 0 MB stacks, 0 MB globals, 20 P
gc 6463 @12.949s 6%: 0.032+0.38+0.078 ms clock, 0.64+0.27/0.65/0.085+1.5 ms cpu, 4->5->2 MB, 5 MB goal, 0 MB stacks, 0 MB globals, 20 P
gc 6464 @12.950s 6%: 0.051+0.50+0.066 ms clock, 1.0+0.31/0.77/0.003+1.3 ms cpu, 4->5->2 MB, 4 MB goal, 0 MB stacks, 0 MB globals, 20 P
gc 6465 @12.952s 6%: 0.059+0.33+0.054 ms clock, 1.1+0.17/0.56/0.046+1.0 ms cpu, 4->5->2 MB, 5 MB goal, 0 MB stacks, 0 MB globals, 20 P
gc 6466 @12.953s 6%: 0.055+0.43+0.079 ms clock, 1.1+0.34/0.51/0.11+1.5 ms cpu, 4->5->2 MB, 4 MB goal, 0 MB stacks, 0 MB globals, 20 P
gc 6467 @12.954s 6%: 0.070+0.35+0.024 ms clock, 1.4+0.32/0.59/0.001+0.49 ms cpu, 4->5->2 MB, 5 MB goal, 0 MB stacks, 0 MB globals, 20 P
gc 6468 @12.955s 6%: 0.088+0.27+0.017 ms clock, 1.7+0.41/0.61/0+0.35 ms cpu, 4->4->2 MB, 4 MB goal, 0 MB stacks, 0 MB globals, 20 P
gc 6469 @12.956s 6%: 0.080+0.35+0.066 ms clock, 1.6+0.42/0.60/0.001+1.3 ms cpu, 3->4->2 MB, 4 MB goal, 0 MB stacks, 0 MB globals, 20 P
gc 6470 @12.957s 6%: 0.050+0.41+0.061 ms clock, 1.0+0.43/0.68/0.007+1.2 ms cpu, 4->5->2 MB, 5 MB goal, 0 MB stacks, 0 MB globals, 20 P
gc 6471 @12.959s 6%: 0.039+0.32+0.064 ms clock, 0.78+0.41/0.53/0.052+1.2 ms cpu, 4->5->2 MB, 5 MB goal, 0 MB stacks, 0 MB globals, 20 P
gc 6472 @12.960s 6%: 0.061+0.54+0.030 ms clock, 1.2+0.41/0.57/0.003+0.60 ms cpu, 3->4->2 MB, 4 MB goal, 0 MB stacks, 0 MB globals, 20 P
gc 6473 @12.962s 6%: 0.055+0.30+0.057 ms clock, 1.1+0.23/0.63/0.002+1.1 ms cpu, 4->5->2 MB, 5 MB goal, 0 MB stacks, 0 MB globals, 20 P
gc 6474 @12.963s 6%: 0.066+0.36+0.091 ms clock, 1.3+0.39/0.62/0.004+1.8 ms cpu, 3->5->2 MB, 4 MB goal, 0 MB stacks, 0 MB globals, 20 P
gc 6475 @12.964s 6%: 0.065+1.0+0.041 ms clock, 1.3+0.35/0.62/0+0.82 ms cpu, 4->5->2 MB, 5 MB goal, 0 MB stacks, 0 MB globals, 20 P
gc 6476 @12.966s 6%: 0.048+0.31+0.044 ms clock, 0.97+0.38/0.54/0.011+0.89 ms cpu, 4->5->2 MB, 5 MB goal, 0 MB stacks, 0 MB globals, 20 P
gc 6477 @12.967s 6%: 0.053+0.41+0.055 ms clock, 1.0+0.28/0.61/0.040+1.1 ms cpu, 4->5->2 MB, 5 MB goal, 0 MB stacks, 0 MB globals, 20 P
gc 6478 @12.968s 6%: 0.061+0.41+0.080 ms clock, 1.2+0.43/0.55/0.030+1.6 ms cpu, 4->5->2 MB, 5 MB goal, 0 MB stacks, 0 MB globals, 20 P
gc 6479 @12.970s 6%: 0.044+0.57+0.067 ms clock, 0.88+0.30/0.68/0.015+1.3 ms cpu, 4->5->2 MB, 5 MB goal, 0 MB stacks, 0 MB globals, 20 P
gc 6480 @12.971s 6%: 0.083+0.38+0.062 ms clock, 1.6+0.32/0.67/0.009+1.2 ms cpu, 4->5->2 MB, 5 MB goal, 0 MB stacks, 0 MB globals, 20 P
gc 6481 @12.973s 6%: 0.094+0.41+0.076 ms clock, 1.8+0.28/0.59/0+1.5 ms cpu, 4->5->2 MB, 5 MB goal, 0 MB stacks, 0 MB globals, 20 P
gc 6482 @12.974s 6%: 0.047+0.45+0.012 ms clock, 0.94+0.41/0.52/0+0.24 ms cpu, 4->5->2 MB, 5 MB goal, 0 MB stacks, 0 MB globals, 20 P
gc 6483 @12.976s 6%: 0.060+0.45+0.025 ms clock, 1.2+0.30/0.62/0+0.50 ms cpu, 4->5->2 MB, 5 MB goal, 0 MB stacks, 0 MB globals, 20 P
gc 6484 @12.977s 6%: 0.039+0.27+0.044 ms clock, 0.78+0.21/0.56/0.020+0.89 ms cpu, 4->5->2 MB, 5 MB goal, 0 MB stacks, 0 MB globals, 20 P
gc 6485 @12.978s 6%: 0.059+0.34+0.10 ms clock, 1.1+0.037/0.80/0+2.0 ms cpu, 4->4->2 MB, 4 MB goal, 0 MB stacks, 0 MB globals, 20 P
gc 6486 @12.979s 6%: 0.070+0.38+0.068 ms clock, 1.4+0.44/0.60/0.058+1.3 ms cpu, 4->4->2 MB, 4 MB goal, 0 MB stacks, 0 MB globals, 20 P
gc 6487 @12.980s 6%: 0.059+0.34+0.043 ms clock, 1.1+0.34/0.68/0.007+0.86 ms cpu, 4->4->2 MB, 4 MB goal, 0 MB stacks, 0 MB globals, 20 P
gc 6488 @12.981s 6%: 0.033+0.29+0.069 ms clock, 0.67+0.29/0.57/0.050+1.3 ms cpu, 3->4->2 MB, 4 MB goal, 0 MB stacks, 0 MB globals, 20 P
gc 6489 @12.982s 6%: 0.076+0.64+0.039 ms clock, 1.5+0.40/0.63/0.002+0.78 ms cpu, 3->4->2 MB, 4 MB goal, 0 MB stacks, 0 MB globals, 20 P
gc 6490 @12.984s 6%: 0.082+0.48+0.074 ms clock, 1.6+0.22/0.63/0.062+1.4 ms cpu, 4->5->2 MB, 5 MB goal, 0 MB stacks, 0 MB globals, 20 P
gc 6491 @12.985s 6%: 0.075+0.24+0.067 ms clock, 1.5+0.25/0.62/0+1.3 ms cpu, 4->4->2 MB, 5 MB goal, 0 MB stacks, 0 MB globals, 20 P
gc 6492 @12.986s 6%: 0.064+0.41+0.060 ms clock, 1.2+0.35/0.59/0+1.2 ms cpu, 3->4->2 MB, 4 MB goal, 0 MB stacks, 0 MB globals, 20 P
gc 6493 @12.987s 6%: 0.086+0.34+0.073 ms clock, 1.7+0.24/0.67/0+1.4 ms cpu, 4->5->2 MB, 5 MB goal, 0 MB stacks, 0 MB globals, 20 P
gc 6494 @12.988s 6%: 0.10+0.48+0.035 ms clock, 2.1+0.37/0.52/0.047+0.71 ms cpu, 4->4->2 MB, 4 MB goal, 0 MB stacks, 0 MB globals, 20 P
gc 6495 @12.990s 6%: 0.090+0.56+0.005 ms clock, 1.8+0.43/0.83/0.037+0.11 ms cpu, 4->5->2 MB, 5 MB goal, 0 MB stacks, 0 MB globals, 20 P
gc 6496 @12.991s 6%: 0.036+0.29+0.044 ms clock, 0.72+0.35/0.65/0+0.88 ms cpu, 4->5->2 MB, 5 MB goal, 0 MB stacks, 0 MB globals, 20 P
gc 6497 @12.992s 6%: 0.062+0.42+0.054 ms clock, 1.2+0.39/0.58/0.033+1.0 ms cpu, 3->4->2 MB, 4 MB goal, 0 MB stacks, 0 MB globals, 20 P
gc 6498 @12.994s 6%: 0.068+0.59+0.056 ms clock, 1.3+0.35/0.64/0.11+1.1 ms cpu, 3->5->2 MB, 4 MB goal, 0 MB stacks, 0 MB globals, 20 P
gc 6499 @12.995s 6%: 0.093+0.47+0.069 ms clock, 1.8+0.30/0.56/0.009+1.3 ms cpu, 4->5->2 MB, 5 MB goal, 0 MB stacks, 0 MB globals, 20 P
gc 6500 @12.996s 6%: 0.062+0.31+0.097 ms clock, 1.2+0.36/0.72/0+1.9 ms cpu, 4->5->2 MB, 5 MB goal, 0 MB stacks, 0 MB globals, 20 P
gc 6501 @12.997s 6%: 0.053+0.30+0.058 ms clock, 1.0+0.40/0.62/0+1.1 ms cpu, 3->4->2 MB, 4 MB goal, 0 MB stacks, 0 MB globals, 20 P
gc 6502 @12.998s 6%: 0.081+0.40+0.044 ms clock, 1.6+0.28/0.69/0.056+0.89 ms cpu, 3->4->2 MB, 4 MB goal, 0 MB stacks, 0 MB globals, 20 P
gc 6503 @13.000s 6%: 0.058+0.45+0.041 ms clock, 1.1+0.33/0.68/0+0.82 ms cpu, 4->5->2 MB, 4 MB goal, 0 MB stacks, 0 MB globals, 20 P
gc 6504 @13.001s 6%: 0.065+0.32+0.072 ms clock, 1.3+0.43/0.66/0.007+1.4 ms cpu, 4->5->2 MB, 5 MB goal, 0 MB stacks, 0 MB globals, 20 P
gc 6505 @13.002s 6%: 0.074+0.36+0.047 ms clock, 1.4+0.23/0.60/0.033+0.94 ms cpu, 3->4->2 MB, 4 MB goal, 0 MB stacks, 0 MB globals, 20 P
gc 6506 @13.004s 6%: 0.044+0.38+0.056 ms clock, 0.89+0.39/0.62/0.026+1.1 ms cpu, 4->5->2 MB, 4 MB goal, 0 MB stacks, 0 MB globals, 20 P
gc 6507 @13.005s 6%: 0.056+0.30+0.029 ms clock, 1.1+0.39/0.63/0+0.58 ms cpu, 4->4->2 MB, 4 MB goal, 0 MB stacks, 0 MB globals, 20 P
gc 6508 @13.006s 6%: 0.073+0.51+0.067 ms clock, 1.4+0.35/0.61/0+1.3 ms cpu, 4->5->2 MB, 4 MB goal, 0 MB stacks, 0 MB globals, 20 P
gc 6509 @13.007s 6%: 0.052+0.64+0.063 ms clock, 1.0+0.32/0.69/0.023+1.2 ms cpu, 4->5->2 MB, 5 MB goal, 0 MB stacks, 0 MB globals, 20 P
gc 6510 @13.009s 6%: 0.071+0.30+0.033 ms clock, 1.4+0.17/0.66/0.013+0.66 ms cpu, 4->5->2 MB, 5 MB goal, 0 MB stacks, 0 MB globals, 20 P
gc 6511 @13.010s 6%: 0.068+0.38+0.069 ms clock, 1.3+0.33/0.64/0.009+1.3 ms cpu, 3->4->2 MB, 4 MB goal, 0 MB stacks, 0 MB globals, 20 P
gc 6512 @13.011s 6%: 0.085+0.50+0.036 ms clock, 1.7+0.15/0.81/0+0.73 ms cpu, 4->5->2 MB, 5 MB goal, 0 MB stacks, 0 MB globals, 20 P
gc 6513 @13.013s 6%: 0.11+0.35+0.053 ms clock, 2.3+0.33/0.63/0.019+1.0 ms cpu, 4->5->2 MB, 5 MB goal, 0 MB stacks, 0 MB globals, 20 P
gc 6514 @13.014s 6%: 0.071+0.42+0.11 ms clock, 1.4+0.33/0.57/0.006+2.3 ms cpu, 4->5->2 MB, 5 MB goal, 0 MB stacks, 0 MB globals, 20 P
gc 6515 @13.015s 6%: 0.056+0.29+0.049 ms clock, 1.1+0.24/0.62/0.015+0.98 ms cpu, 4->4->2 MB, 5 MB goal, 0 MB stacks, 0 MB globals, 20 P
gc 6516 @13.016s 6%: 0.056+0.40+0.061 ms clock, 1.1+0.30/0.56/0+1.2 ms cpu, 3->4->2 MB, 4 MB goal, 0 MB stacks, 0 MB globals, 20 P
gc 6517 @13.018s 6%: 0.064+0.25+0.034 ms clock, 1.2+0.30/0.58/0.032+0.68 ms cpu, 4->4->2 MB, 5 MB goal, 0 MB stacks, 0 MB globals, 20 P
gc 6518 @13.019s 6%: 0.079+0.52+0.063 ms clock, 1.5+0.39/0.57/0.022+1.2 ms cpu, 3->4->2 MB, 4 MB goal, 0 MB stacks, 0 MB globals, 20 P
gc 6519 @13.020s 6%: 0.089+0.28+0.065 ms clock, 1.7+0.38/0.65/0+1.3 ms cpu, 4->5->2 MB, 5 MB goal, 0 MB stacks, 0 MB globals, 20 P
gc 6520 @13.021s 6%: 0.077+0.32+0.062 ms clock, 1.5+0.36/0.65/0.014+1.2 ms cpu, 4->4->2 MB, 5 MB goal, 0 MB stacks, 0 MB globals, 20 P
gc 6521 @13.022s 6%: 0.033+0.42+0.041 ms clock, 0.66+0.32/0.75/0.007+0.82 ms cpu, 3->4->2 MB, 4 MB goal, 0 MB stacks, 0 MB globals, 20 P
gc 6522 @13.023s 6%: 0.073+0.44+0.078 ms clock, 1.4+0.39/0.56/0+1.5 ms cpu, 4->5->2 MB, 4 MB goal, 0 MB stacks, 0 MB globals, 20 P
gc 6523 @13.025s 6%: 0.084+0.37+0.053 ms clock, 1.6+0.33/0.65/0.001+1.0 ms cpu, 4->5->2 MB, 5 MB goal, 0 MB stacks, 0 MB globals, 20 P
gc 6524 @13.027s 6%: 0.032+0.28+0.071 ms clock, 0.65+0.38/0.52/0.051+1.4 ms cpu, 4->5->2 MB, 5 MB goal, 0 MB stacks, 0 MB globals, 20 P
gc 6525 @13.028s 6%: 0.025+0.37+0.10 ms clock, 0.50+0.41/0.55/0.016+2.0 ms cpu, 3->4->2 MB, 4 MB goal, 0 MB stacks, 0 MB globals, 20 P
gc 6526 @13.029s 6%: 0.085+0.59+0.022 ms clock, 1.7+0.31/0.60/0.060+0.44 ms cpu, 3->4->2 MB, 4 MB goal, 0 MB stacks, 0 MB globals, 20 P
gc 6527 @13.030s 6%: 0.089+0.34+0.036 ms clock, 1.7+0.33/0.56/0.014+0.72 ms cpu, 4->5->2 MB, 5 MB goal, 0 MB stacks, 0 MB globals, 20 P
gc 6528 @13.031s 6%: 0.028+0.32+0.040 ms clock, 0.56+0.20/0.64/0.16+0.80 ms cpu, 4->5->2 MB, 5 MB goal, 0 MB stacks, 0 MB globals, 20 P
gc 6529 @13.033s 6%: 0.057+0.49+0.035 ms clock, 1.1+0.17/0.79/0.013+0.71 ms cpu, 3->4->2 MB, 4 MB goal, 0 MB stacks, 0 MB globals, 20 P
gc 6530 @13.034s 6%: 0.066+0.56+0.035 ms clock, 1.3+0.21/0.52/0.082+0.71 ms cpu, 4->5->2 MB, 4 MB goal, 0 MB stacks, 0 MB globals, 20 P
gc 6531 @13.036s 6%: 0.065+0.36+0.040 ms clock, 1.3+0.26/0.61/0.015+0.80 ms cpu, 4->5->2 MB, 5 MB goal, 0 MB stacks, 0 MB globals, 20 P
gc 6532 @13.037s 6%: 0.043+0.54+0.063 ms clock, 0.86+0.23/0.67/0.070+1.2 ms cpu, 4->5->2 MB, 4 MB goal, 0 MB stacks, 0 MB globals, 20 P
gc 6533 @13.038s 6%: 0.094+0.47+0.058 ms clock, 1.8+0.35/0.46/0.064+1.1 ms cpu, 4->5->2 MB, 5 MB goal, 0 MB stacks, 0 MB globals, 20 P
gc 6534 @13.040s 6%: 0.046+0.28+0.032 ms clock, 0.93+0.37/0.63/0+0.64 ms cpu, 4->5->2 MB, 5 MB goal, 0 MB stacks, 0 MB globals, 20 P
gc 6535 @13.041s 6%: 0.083+0.33+0.038 ms clock, 1.6+0.34/0.68/0.092+0.76 ms cpu, 4->4->2 MB, 4 MB goal, 0 MB stacks, 0 MB globals, 20 P
gc 6536 @13.043s 6%: 0.035+0.35+0.060 ms clock, 0.70+0.21/0.66/0.030+1.2 ms cpu, 4->5->2 MB, 4 MB goal, 0 MB stacks, 0 MB globals, 20 P
gc 6537 @13.044s 6%: 0.072+0.35+0.073 ms clock, 1.4+0.32/0.66/0+1.4 ms cpu, 4->4->2 MB, 4 MB goal, 0 MB stacks, 0 MB globals, 20 P
gc 6538 @13.045s 6%: 0.22+0.51+0.025 ms clock, 4.4+0.29/0.59/0.028+0.50 ms cpu, 4->5->2 MB, 5 MB goal, 0 MB stacks, 0 MB globals, 20 P
gc 6539 @13.047s 6%: 0.092+0.39+0.055 ms clock, 1.8+0.34/0.52/0+1.1 ms cpu, 4->5->2 MB, 5 MB goal, 0 MB stacks, 0 MB globals, 20 P
gc 6540 @13.048s 6%: 0.086+0.45+0.028 ms clock, 1.7+0.31/0.64/0.001+0.57 ms cpu, 4->5->2 MB, 5 MB goal, 0 MB stacks, 0 MB globals, 20 P
gc 6541 @13.049s 6%: 0.078+0.40+0.007 ms clock, 1.5+0.18/0.60/0.010+0.14 ms cpu, 4->5->2 MB, 5 MB goal, 0 MB stacks, 0 MB globals, 20 P
gc 6542 @13.051s 6%: 0.048+0.38+0.040 ms clock, 0.96+0.27/0.56/0.069+0.81 ms cpu, 4->5->2 MB, 4 MB goal, 0 MB stacks, 0 MB globals, 20 P
gc 6543 @13.052s 6%: 0.071+0.43+0.013 ms clock, 1.4+0.38/0.57/0+0.26 ms cpu, 4->5->2 MB, 4 MB goal, 0 MB stacks, 0 MB globals, 20 P
gc 6544 @13.053s 6%: 0.070+0.33+0.10 ms clock, 1.4+0.30/0.53/0.053+2.0 ms cpu, 4->5->2 MB, 5 MB goal, 0 MB stacks, 0 MB globals, 20 P
gc 6545 @13.055s 6%: 0.050+0.39+0.069 ms clock, 1.0+0.40/0.70/0.006+1.3 ms cpu, 4->4->2 MB, 4 MB goal, 0 MB stacks, 0 MB globals, 20 P
gc 6546 @13.056s 6%: 0.070+0.45+0.076 ms clock, 1.4+0.33/0.62/0.001+1.5 ms cpu, 4->5->2 MB, 4 MB goal, 0 MB stacks, 0 MB globals, 20 P
gc 6547 @13.057s 6%: 0.071+0.27+0.065 ms clock, 1.4+0.30/0.62/0.015+1.3 ms cpu, 4->5->2 MB, 5 MB goal, 0 MB stacks, 0 MB globals, 20 P
gc 6548 @13.058s 6%: 0.066+0.20+0.13 ms clock, 1.3+0.40/0.56/0.006+2.7 ms cpu, 3->4->1 MB, 4 MB goal, 0 MB stacks, 0 MB globals, 20 P
gc 6549 @13.059s 6%: 0.056+0.49+0.057 ms clock, 1.1+0.45/0.68/0.027+1.1 ms cpu, 3->4->2 MB, 4 MB goal, 0 MB stacks, 0 MB globals, 20 P
gc 6550 @13.061s 6%: 0.078+0.61+0.076 ms clock, 1.5+0.38/0.61/0+1.5 ms cpu, 4->6->2 MB, 5 MB goal, 0 MB stacks, 0 MB globals, 20 P
gc 6551 @13.063s 6%: 0.10+0.42+0.060 ms clock, 2.0+0.14/0.75/0.029+1.2 ms cpu, 4->5->2 MB, 5 MB goal, 0 MB stacks, 0 MB globals, 20 P
gc 6552 @13.064s 6%: 0.087+0.41+0.037 ms clock, 1.7+0.29/0.63/0.049+0.75 ms cpu, 4->5->2 MB, 5 MB goal, 0 MB stacks, 0 MB globals, 20 P
gc 6553 @13.066s 6%: 0.063+0.40+0.054 ms clock, 1.2+0.32/0.68/0.008+1.0 ms cpu, 4->5->2 MB, 5 MB goal, 0 MB stacks, 0 MB globals, 20 P
gc 6554 @13.067s 6%: 0.066+0.46+0.057 ms clock, 1.3+0.37/0.56/0.040+1.1 ms cpu, 4->5->2 MB, 5 MB goal, 0 MB stacks, 0 MB globals, 20 P
gc 6555 @13.068s 6%: 0.034+0.37+0.066 ms clock, 0.68+0.11/0.67/0+1.3 ms cpu, 4->5->2 MB, 5 MB goal, 0 MB stacks, 0 MB globals, 20 P
gc 6556 @13.070s 6%: 0.062+0.52+0.073 ms clock, 1.2+0.37/0.63/0.023+1.4 ms cpu, 4->5->2 MB, 4 MB goal, 0 MB stacks, 0 MB globals, 20 P
gc 6557 @13.071s 6%: 0.065+0.57+0.058 ms clock, 1.3+0.38/0.57/0.031+1.1 ms cpu, 4->5->2 MB, 5 MB goal, 0 MB stacks, 0 MB globals, 20 P
gc 6558 @13.073s 6%: 0.083+0.43+0.065 ms clock, 1.6+0.36/0.66/0+1.3 ms cpu, 4->5->2 MB, 5 MB goal, 0 MB stacks, 0 MB globals, 20 P
gc 6559 @13.075s 6%: 0.076+0.37+0.061 ms clock, 1.5+0.29/0.66/0.039+1.2 ms cpu, 4->5->2 MB, 5 MB goal, 0 MB stacks, 0 MB globals, 20 P
gc 6560 @13.076s 6%: 0.076+0.60+0.068 ms clock, 1.5+0.26/0.59/0.051+1.3 ms cpu, 4->5->2 MB, 5 MB goal, 0 MB stacks, 0 MB globals, 20 P
gc 6561 @13.077s 6%: 0.10+0.42+0.068 ms clock, 2.0+0.38/0.55/0+1.3 ms cpu, 4->5->2 MB, 5 MB goal, 0 MB stacks, 0 MB globals, 20 P
gc 6562 @13.079s 6%: 0.071+0.26+0.074 ms clock, 1.4+0.34/0.59/0.007+1.4 ms cpu, 4->5->2 MB, 5 MB goal, 0 MB stacks, 0 MB globals, 20 P
gc 6563 @13.080s 6%: 0.052+0.51+0.050 ms clock, 1.0+0.34/0.69/0+1.0 ms cpu, 4->5->2 MB, 4 MB goal, 0 MB stacks, 0 MB globals, 20 P
gc 6564 @13.081s 6%: 0.074+0.40+0.022 ms clock, 1.4+0.097/0.80/0.049+0.45 ms cpu, 4->5->2 MB, 5 MB goal, 0 MB stacks, 0 MB globals, 20 P
gc 6565 @13.082s 6%: 0.065+0.46+0.057 ms clock, 1.3+0.36/0.75/0+1.1 ms cpu, 3->4->2 MB, 4 MB goal, 0 MB stacks, 0 MB globals, 20 P
gc 6566 @13.084s 6%: 0.056+0.45+0.025 ms clock, 1.1+0.73/0.63/0+0.50 ms cpu, 4->5->2 MB, 5 MB goal, 0 MB stacks, 0 MB globals, 20 P
gc 6567 @13.086s 6%: 0.056+0.46+0.085 ms clock, 1.1+0.32/0.68/0.020+1.7 ms cpu, 4->6->2 MB, 5 MB goal, 0 MB stacks, 0 MB globals, 20 P
gc 6568 @13.087s 6%: 0.075+0.41+0.084 ms clock, 1.5+0.36/0.63/0+1.6 ms cpu, 4->5->2 MB, 5 MB goal, 0 MB stacks, 0 MB globals, 20 P
gc 6569 @13.089s 6%: 0.067+0.33+0.063 ms clock, 1.3+0.23/0.69/0.026+1.2 ms cpu, 4->5->2 MB, 5 MB goal, 0 MB stacks, 0 MB globals, 20 P
gc 6570 @13.090s 6%: 0.087+0.44+0.034 ms clock, 1.7+0.35/0.65/0+0.69 ms cpu, 4->5->2 MB, 4 MB goal, 0 MB stacks, 0 MB globals, 20 P
gc 6571 @13.091s 6%: 0.072+0.48+0.073 ms clock, 1.4+0.24/0.74/0+1.4 ms cpu, 4->5->2 MB, 5 MB goal, 0 MB stacks, 0 MB globals, 20 P
gc 6572 @13.093s 6%: 0.036+0.48+0.009 ms clock, 0.73+0.25/0.58/0.001+0.19 ms cpu, 4->5->2 MB, 5 MB goal, 0 MB stacks, 0 MB globals, 20 P
gc 6573 @13.094s 6%: 0.076+0.41+0.063 ms clock, 1.5+0.32/0.63/0.003+1.2 ms cpu, 4->5->2 MB, 5 MB goal, 0 MB stacks, 0 MB globals, 20 P
gc 6574 @13.096s 6%: 0.083+0.71+0.072 ms clock, 1.6+0.37/0.81/0.006+1.4 ms cpu, 4->5->2 MB, 5 MB goal, 0 MB stacks, 0 MB globals, 20 P
gc 6575 @13.098s 6%: 0.041+0.41+0.064 ms clock, 0.83+0.29/0.59/0.073+1.2 ms cpu, 4->5->2 MB, 5 MB goal, 0 MB stacks, 0 MB globals, 20 P
gc 6576 @13.099s 6%: 0.076+0.38+0.082 ms clock, 1.5+0.37/0.58/0.033+1.6 ms cpu, 4->5->2 MB, 5 MB goal, 0 MB stacks, 0 MB globals, 20 P
gc 6577 @13.100s 6%: 0.059+0.29+0.042 ms clock, 1.1+0.36/0.60/0+0.84 ms cpu, 4->4->2 MB, 5 MB goal, 0 MB stacks, 0 MB globals, 20 P
gc 6578 @13.101s 6%: 0.067+0.48+0.073 ms clock, 1.3+0.34/0.65/0.076+1.4 ms cpu, 3->4->2 MB, 4 MB goal, 0 MB stacks, 0 MB globals, 20 P
gc 6579 @13.103s 6%: 0.089+0.33+0.079 ms clock, 1.7+0.27/0.55/0.095+1.5 ms cpu, 4->5->2 MB, 5 MB goal, 0 MB stacks, 0 MB globals, 20 P
gc 6580 @13.104s 6%: 0.070+0.34+0.063 ms clock, 1.4+0.37/0.57/0.052+1.2 ms cpu, 4->4->2 MB, 4 MB goal, 0 MB stacks, 0 MB globals, 20 P
gc 6581 @13.105s 6%: 0.075+0.38+0.003 ms clock, 1.5+0.32/0.64/0.015+0.066 ms cpu, 3->4->2 MB, 4 MB goal, 0 MB stacks, 0 MB globals, 20 P
gc 6582 @13.106s 6%: 0.066+0.43+0.065 ms clock, 1.3+0.37/0.65/0.034+1.3 ms cpu, 3->4->2 MB, 4 MB goal, 0 MB stacks, 0 MB globals, 20 P
gc 6583 @13.108s 6%: 0.096+0.56+0.014 ms clock, 1.9+0.25/0.74/0+0.28 ms cpu, 4->5->2 MB, 4 MB goal, 0 MB stacks, 0 MB globals, 20 P
gc 6584 @13.110s 6%: 0.077+0.41+0.071 ms clock, 1.5+0.26/0.75/0.002+1.4 ms cpu, 4->5->2 MB, 5 MB goal, 0 MB stacks, 0 MB globals, 20 P
gc 6585 @13.111s 6%: 0.097+0.47+0.063 ms clock, 1.9+0.35/0.59/0.040+1.2 ms cpu, 4->5->2 MB, 5 MB goal, 0 MB stacks, 0 MB globals, 20 P
gc 6586 @13.112s 6%: 0.055+0.36+0.071 ms clock, 1.1+0.47/0.52/0.042+1.4 ms cpu, 4->5->2 MB, 5 MB goal, 0 MB stacks, 0 MB globals, 20 P
gc 6587 @13.114s 6%: 0.030+0.71+0.037 ms clock, 0.61+0.35/0.66/0+0.75 ms cpu, 4->5->2 MB, 5 MB goal, 0 MB stacks, 0 MB globals, 20 P
gc 6588 @13.116s 6%: 0.049+0.38+0.070 ms clock, 0.99+0.38/0.66/0.040+1.4 ms cpu, 4->5->2 MB, 5 MB goal, 0 MB stacks, 0 MB globals, 20 P
gc 6589 @13.117s 6%: 0.066+0.48+0.053 ms clock, 1.3+0.44/0.60/0+1.0 ms cpu, 4->5->2 MB, 4 MB goal, 0 MB stacks, 0 MB globals, 20 P
gc 6590 @13.118s 6%: 0.078+0.36+0.056 ms clock, 1.5+0.20/0.67/0+1.1 ms cpu, 4->5->2 MB, 5 MB goal, 0 MB stacks, 0 MB globals, 20 P
gc 6591 @13.120s 6%: 0.086+0.54+0.062 ms clock, 1.7+0.41/0.74/0+1.2 ms cpu, 4->5->2 MB, 4 MB goal, 0 MB stacks, 0 MB globals, 20 P
gc 6592 @13.121s 6%: 0.10+0.32+0.062 ms clock, 2.0+0.30/0.71/0+1.2 ms cpu, 4->5->2 MB, 5 MB goal, 0 MB stacks, 0 MB globals, 20 P
gc 6593 @13.122s 6%: 0.051+0.30+0.046 ms clock, 1.0+0.25/0.69/0.001+0.92 ms cpu, 4->5->2 MB, 4 MB goal, 0 MB stacks, 0 MB globals, 20 P
gc 6594 @13.123s 6%: 0.073+0.30+0.018 ms clock, 1.4+0.29/0.62/0.004+0.37 ms cpu, 4->4->2 MB, 4 MB goal, 0 MB stacks, 0 MB globals, 20 P
gc 6595 @13.124s 6%: 0.055+0.29+0.022 ms clock, 1.1+0.32/0.63/0+0.45 ms cpu, 3->4->2 MB, 4 MB goal, 0 MB stacks, 0 MB globals, 20 P
gc 6596 @13.126s 6%: 0.075+0.40+0.072 ms clock, 1.5+0.25/0.62/0.068+1.4 ms cpu, 3->5->2 MB, 4 MB goal, 0 MB stacks, 0 MB globals, 20 P
gc 6597 @13.127s 6%: 0.069+0.34+0.042 ms clock, 1.3+0.30/0.52/0.013+0.84 ms cpu, 4->5->2 MB, 5 MB goal, 0 MB stacks, 0 MB globals, 20 P
gc 6598 @13.128s 6%: 0.071+0.40+0.046 ms clock, 1.4+0.22/0.67/0+0.93 ms cpu, 4->5->2 MB, 5 MB goal, 0 MB stacks, 0 MB globals, 20 P
gc 6599 @13.130s 6%: 0.041+0.35+0.10 ms clock, 0.82+0.29/0.62/0.090+2.0 ms cpu, 4->5->2 MB, 4 MB goal, 0 MB stacks, 0 MB globals, 20 P
gc 6600 @13.131s 6%: 0.074+0.33+0.084 ms clock, 1.4+0.29/0.56/0.039+1.6 ms cpu, 4->4->2 MB, 4 MB goal, 0 MB stacks, 0 MB globals, 20 P
gc 6601 @13.132s 6%: 0.044+0.35+0.049 ms clock, 0.89+0.32/0.62/0+0.98 ms cpu, 4->4->2 MB, 4 MB goal, 0 MB stacks, 0 MB globals, 20 P
gc 6602 @13.133s 6%: 0.11+0.48+0.087 ms clock, 2.2+0.38/0.48/0.026+1.7 ms cpu, 4->5->2 MB, 4 MB goal, 0 MB stacks, 0 MB globals, 20 P
gc 6603 @13.134s 6%: 0.089+0.39+0.071 ms clock, 1.7+0.33/0.63/0+1.4 ms cpu, 4->5->2 MB, 5 MB goal, 0 MB stacks, 0 MB globals, 20 P
gc 6604 @13.135s 6%: 0.066+0.48+0.022 ms clock, 1.3+0.32/0.64/0.004+0.44 ms cpu, 4->5->2 MB, 4 MB goal, 0 MB stacks, 0 MB globals, 20 P
gc 6605 @13.137s 6%: 0.082+0.46+0.051 ms clock, 1.6+0.34/0.70/0.001+1.0 ms cpu, 4->5->2 MB, 5 MB goal, 0 MB stacks, 0 MB globals, 20 P
gc 6606 @13.138s 6%: 0.070+0.34+0.029 ms clock, 1.4+0.36/0.68/0.040+0.59 ms cpu, 4->5->2 MB, 5 MB goal, 0 MB stacks, 0 MB globals, 20 P
gc 6607 @13.140s 6%: 0.073+0.30+0.051 ms clock, 1.4+0.26/0.61/0.079+1.0 ms cpu, 4->4->2 MB, 5 MB goal, 0 MB stacks, 0 MB globals, 20 P
gc 6608 @13.141s 6%: 0.056+0.36+0.028 ms clock, 1.1+0.19/0.66/0.033+0.56 ms cpu, 3->4->2 MB, 4 MB goal, 0 MB stacks, 0 MB globals, 20 P
gc 6609 @13.142s 6%: 0.062+0.44+0.033 ms clock, 1.2+0.31/0.65/0.001+0.67 ms cpu, 3->4->2 MB, 4 MB goal, 0 MB stacks, 0 MB globals, 20 P
gc 6610 @13.143s 6%: 0.051+0.42+0.059 ms clock, 1.0+0.30/0.73/0.014+1.1 ms cpu, 4->5->2 MB, 5 MB goal, 0 MB stacks, 0 MB globals, 20 P
gc 6611 @13.144s 6%: 0.063+0.43+0.017 ms clock, 1.2+0.25/0.60/0.009+0.35 ms cpu, 4->4->2 MB, 4 MB goal, 0 MB stacks, 0 MB globals, 20 P
gc 6612 @13.145s 6%: 0.058+0.41+0.056 ms clock, 1.1+0.29/0.68/0.066+1.1 ms cpu, 4->5->2 MB, 4 MB goal, 0 MB stacks, 0 MB globals, 20 P
gc 6613 @13.146s 6%: 0.084+0.33+0.027 ms clock, 1.6+0.17/0.67/0.008+0.54 ms cpu, 4->4->2 MB, 5 MB goal, 0 MB stacks, 0 MB globals, 20 P
gc 6614 @13.147s 6%: 0.048+0.38+0.078 ms clock, 0.96+0.26/0.71/0.018+1.5 ms cpu, 4->4->2 MB, 4 MB goal, 0 MB stacks, 0 MB globals, 20 P
gc 6615 @13.148s 6%: 0.081+0.35+0.023 ms clock, 1.6+0.32/0.61/0.051+0.46 ms cpu, 4->5->2 MB, 5 MB goal, 0 MB stacks, 0 MB globals, 20 P
gc 6616 @13.149s 6%: 0.080+0.66+0.052 ms clock, 1.6+0.21/0.79/0.004+1.0 ms cpu, 4->5->2 MB, 4 MB goal, 0 MB stacks, 0 MB globals, 20 P
gc 6617 @13.151s 6%: 0.077+0.48+0.032 ms clock, 1.5+0.32/0.71/0+0.64 ms cpu, 4->5->2 MB, 5 MB goal, 0 MB stacks, 0 MB globals, 20 P
gc 6618 @13.152s 6%: 0.080+0.36+0.084 ms clock, 1.6+0.28/0.61/0.022+1.6 ms cpu, 4->5->2 MB, 5 MB goal, 0 MB stacks, 0 MB globals, 20 P
gc 6619 @13.153s 6%: 0.026+0.37+0.024 ms clock, 0.52+0.26/0.64/0.069+0.49 ms cpu, 4->4->2 MB, 4 MB goal, 0 MB stacks, 0 MB globals, 20 P
gc 6620 @13.155s 6%: 0.064+0.45+0.037 ms clock, 1.2+0.34/0.74/0+0.74 ms cpu, 3->4->2 MB, 4 MB goal, 0 MB stacks, 0 MB globals, 20 P
gc 6621 @13.156s 6%: 0.029+0.33+0.048 ms clock, 0.59+0.22/0.63/0.020+0.96 ms cpu, 4->5->2 MB, 5 MB goal, 0 MB stacks, 0 MB globals, 20 P
gc 6622 @13.157s 6%: 0.050+0.35+0.005 ms clock, 1.0+0.26/0.64/0+0.11 ms cpu, 4->4->2 MB, 4 MB goal, 0 MB stacks, 0 MB globals, 20 P
gc 6623 @13.158s 6%: 0.074+0.42+0.053 ms clock, 1.4+0.35/0.64/0.015+1.0 ms cpu, 4->5->2 MB, 4 MB goal, 0 MB stacks, 0 MB globals, 20 P
gc 6624 @13.159s 6%: 0.076+0.38+0.039 ms clock, 1.5+0.28/0.59/0+0.79 ms cpu, 4->5->2 MB, 5 MB goal, 0 MB stacks, 0 MB globals, 20 P
gc 6625 @13.161s 6%: 0.068+0.37+0.074 ms clock, 1.3+0.33/0.69/0.045+1.4 ms cpu, 4->4->2 MB, 5 MB goal, 0 MB stacks, 0 MB globals, 20 P
gc 6626 @13.162s 6%: 0.084+0.45+0.061 ms clock, 1.6+0.39/0.61/0.033+1.2 ms cpu, 4->4->2 MB, 4 MB goal, 0 MB stacks, 0 MB globals, 20 P
gc 6627 @13.163s 6%: 0.040+0.30+0.011 ms clock, 0.81+0.17/0.56/0.16+0.22 ms cpu, 4->5->2 MB, 5 MB goal, 0 MB stacks, 0 MB globals, 20 P
gc 6628 @13.164s 6%: 0.080+0.63+0.031 ms clock, 1.6+0.43/0.62/0.062+0.62 ms cpu, 3->5->2 MB, 4 MB goal, 0 MB stacks, 0 MB globals, 20 P
gc 6629 @13.166s 6%: 0.071+0.43+0.042 ms clock, 1.4+0.34/0.67/0+0.84 ms cpu, 4->5->2 MB, 5 MB goal, 0 MB stacks, 0 MB globals, 20 P
gc 6630 @13.167s 6%: 0.063+0.46+0.018 ms clock, 1.2+0.35/0.62/0+0.36 ms cpu, 4->5->2 MB, 4 MB goal, 0 MB stacks, 0 MB globals, 20 P
gc 6631 @13.168s 6%: 0.075+0.47+0.046 ms clock, 1.5+0.29/0.66/0.011+0.92 ms cpu, 4->5->2 MB, 5 MB goal, 0 MB stacks, 0 MB globals, 20 P
gc 6632 @13.170s 6%: 0.072+0.39+0.019 ms clock, 1.4+0.37/0.57/0+0.39 ms cpu, 4->5->2 MB, 5 MB goal, 0 MB stacks, 0 MB globals, 20 P
gc 6633 @13.171s 6%: 0.062+0.43+0.046 ms clock, 1.2+0.17/0.75/0.19+0.92 ms cpu, 4->5->2 MB, 5 MB goal, 0 MB stacks, 0 MB globals, 20 P
gc 6634 @13.172s 6%: 0.072+0.41+0.063 ms clock, 1.4+0.34/0.62/0.019+1.2 ms cpu, 4->4->2 MB, 4 MB goal, 0 MB stacks, 0 MB globals, 20 P
gc 6635 @13.173s 6%: 0.084+0.35+0.019 ms clock, 1.6+0.32/0.70/0.074+0.39 ms cpu, 4->4->2 MB, 4 MB goal, 0 MB stacks, 0 MB globals, 20 P
gc 6636 @13.175s 6%: 0.075+0.38+0.010 ms clock, 1.5+0.33/0.64/0.003+0.20 ms cpu, 4->5->2 MB, 4 MB goal, 0 MB stacks, 0 MB globals, 20 P
gc 6637 @13.176s 6%: 0.085+0.57+0.077 ms clock, 1.7+0.32/0.72/0.035+1.5 ms cpu, 4->5->2 MB, 5 MB goal, 0 MB stacks, 0 MB globals, 20 P
gc 6638 @13.178s 6%: 0.047+0.32+0.051 ms clock, 0.94+0.38/0.56/0.033+1.0 ms cpu, 4->5->2 MB, 5 MB goal, 0 MB stacks, 0 MB globals, 20 P
gc 6639 @13.179s 6%: 0.049+0.42+0.074 ms clock, 0.98+0.23/0.71/0.048+1.4 ms cpu, 4->5->2 MB, 5 MB goal, 0 MB stacks, 0 MB globals, 20 P
gc 6640 @13.180s 6%: 0.051+0.35+0.023 ms clock, 1.0+0.30/0.69/0.001+0.47 ms cpu, 4->5->2 MB, 5 MB goal, 0 MB stacks, 0 MB globals, 20 P
gc 6641 @13.181s 6%: 0.090+0.35+0.043 ms clock, 1.8+0.29/0.69/0.009+0.87 ms cpu, 4->5->2 MB, 4 MB goal, 0 MB stacks, 0 MB globals, 20 P
gc 6642 @13.183s 6%: 0.070+0.25+0.072 ms clock, 1.4+0.30/0.60/0.030+1.4 ms cpu, 4->5->2 MB, 5 MB goal, 0 MB stacks, 0 MB globals, 20 P
gc 6643 @13.184s 6%: 0.057+0.32+0.056 ms clock, 1.1+0.26/0.63/0.023+1.1 ms cpu, 3->4->2 MB, 4 MB goal, 0 MB stacks, 0 MB globals, 20 P
gc 6644 @13.185s 6%: 0.064+0.49+0.052 ms clock, 1.2+0.31/0.66/0+1.0 ms cpu, 3->5->2 MB, 4 MB goal, 0 MB stacks, 0 MB globals, 20 P
gc 6645 @13.186s 6%: 0.078+0.40+0.034 ms clock, 1.5+0.28/0.59/0+0.69 ms cpu, 4->5->2 MB, 5 MB goal, 0 MB stacks, 0 MB globals, 20 P
gc 6646 @13.188s 6%: 0.057+0.43+0.039 ms clock, 1.1+0.44/0.70/0.007+0.78 ms cpu, 4->5->2 MB, 5 MB goal, 0 MB stacks, 0 MB globals, 20 P
gc 6647 @13.189s 6%: 0.046+0.31+0.027 ms clock, 0.93+0.27/0.58/0.015+0.55 ms cpu, 4->5->2 MB, 5 MB goal, 0 MB stacks, 0 MB globals, 20 P
gc 6648 @13.190s 6%: 0.069+0.40+0.065 ms clock, 1.3+0.32/0.53/0.12+1.3 ms cpu, 4->5->2 MB, 5 MB goal, 0 MB stacks, 0 MB globals, 20 P
gc 6649 @13.191s 6%: 0.097+0.43+0.070 ms clock, 1.9+0.29/0.62/0+1.4 ms cpu, 4->5->2 MB, 5 MB goal, 0 MB stacks, 0 MB globals, 20 P
gc 6650 @13.193s 6%: 0.070+0.41+0.025 ms clock, 1.4+0.40/0.56/0+0.50 ms cpu, 4->5->2 MB, 5 MB goal, 0 MB stacks, 0 MB globals, 20 P
gc 6651 @13.194s 6%: 0.078+0.35+0.066 ms clock, 1.5+0.38/0.69/0.011+1.3 ms cpu, 4->5->2 MB, 5 MB goal, 0 MB stacks, 0 MB globals, 20 P
gc 6652 @13.195s 6%: 0.077+0.28+0.11 ms clock, 1.5+0.39/0.64/0+2.2 ms cpu, 4->4->2 MB, 4 MB goal, 0 MB stacks, 0 MB globals, 20 P
gc 6653 @13.196s 6%: 0.085+0.40+0.073 ms clock, 1.7+0.33/0.57/0.060+1.4 ms cpu, 4->5->2 MB, 4 MB goal, 0 MB stacks, 0 MB globals, 20 P
gc 6654 @13.197s 6%: 0.035+0.39+0.055 ms clock, 0.71+0.27/0.54/0.027+1.1 ms cpu, 4->5->2 MB, 5 MB goal, 0 MB stacks, 0 MB globals, 20 P
gc 6655 @13.199s 6%: 0.043+0.36+0.068 ms clock, 0.87+0.28/0.70/0.002+1.3 ms cpu, 4->5->2 MB, 5 MB goal, 0 MB stacks, 0 MB globals, 20 P
gc 6656 @13.200s 6%: 0.063+0.47+0.060 ms clock, 1.2+0.35/0.69/0+1.2 ms cpu, 4->5->2 MB, 4 MB goal, 0 MB stacks, 0 MB globals, 20 P
gc 6657 @13.202s 6%: 0.084+0.54+0.034 ms clock, 1.6+0.19/0.65/0.099+0.69 ms cpu, 4->5->2 MB, 5 MB goal, 0 MB stacks, 0 MB globals, 20 P
gc 6658 @13.203s 6%: 0.093+0.47+0.092 ms clock, 1.8+0.37/0.62/0.029+1.8 ms cpu, 4->5->2 MB, 5 MB goal, 0 MB stacks, 0 MB globals, 20 P
gc 6659 @13.205s 6%: 0.046+0.36+0.057 ms clock, 0.93+0.27/0.65/0.007+1.1 ms cpu, 4->5->2 MB, 5 MB goal, 0 MB stacks, 0 MB globals, 20 P
gc 6660 @13.206s 6%: 0.033+0.46+0.079 ms clock, 0.67+0.31/0.60/0.022+1.5 ms cpu, 4->5->2 MB, 4 MB goal, 0 MB stacks, 0 MB globals, 20 P
gc 6661 @13.208s 6%: 0.063+0.42+0.058 ms clock, 1.2+0.26/0.68/0+1.1 ms cpu, 4->5->2 MB, 5 MB goal, 0 MB stacks, 0 MB globals, 20 P
gc 6662 @13.209s 6%: 0.091+0.40+0.082 ms clock, 1.8+0.29/0.68/0.039+1.6 ms cpu, 4->5->2 MB, 4 MB goal, 0 MB stacks, 0 MB globals, 20 P
gc 6663 @13.210s 6%: 0.077+0.40+0.036 ms clock, 1.5+0.32/0.51/0.088+0.72 ms cpu, 4->5->2 MB, 4 MB goal, 0 MB stacks, 0 MB globals, 20 P
gc 6664 @13.212s 6%: 0.073+0.40+0.057 ms clock, 1.4+0.40/0.71/0+1.1 ms cpu, 4->5->2 MB, 5 MB goal, 0 MB stacks, 0 MB globals, 20 P
gc 6665 @13.213s 6%: 0.080+0.39+0.066 ms clock, 1.6+0.22/0.65/0.053+1.3 ms cpu, 4->5->2 MB, 5 MB goal, 0 MB stacks, 0 MB globals, 20 P
gc 6666 @13.214s 6%: 0.034+0.64+0.071 ms clock, 0.69+0.53/0.62/0.019+1.4 ms cpu, 4->5->2 MB, 4 MB goal, 0 MB stacks, 0 MB globals, 20 P
gc 6667 @13.216s 6%: 0.082+0.52+0.052 ms clock, 1.6+0.36/0.66/0.020+1.0 ms cpu, 4->5->2 MB, 5 MB goal, 0 MB stacks, 0 MB globals, 20 P
gc 6668 @13.217s 6%: 0.057+0.26+0.047 ms clock, 1.1+0.24/0.61/0+0.95 ms cpu, 4->5->2 MB, 5 MB goal, 0 MB stacks, 0 MB globals, 20 P
gc 6669 @13.219s 6%: 0.092+0.28+0.049 ms clock, 1.8+0.39/0.51/0.024+0.98 ms cpu, 4->4->2 MB, 4 MB goal, 0 MB stacks, 0 MB globals, 20 P
gc 6670 @13.220s 6%: 0.073+0.32+0.062 ms clock, 1.4+0.35/0.57/0.007+1.2 ms cpu, 3->4->2 MB, 4 MB goal, 0 MB stacks, 0 MB globals, 20 P
gc 6671 @13.221s 6%: 0.075+0.28+0.033 ms clock, 1.5+0.31/0.58/0+0.66 ms cpu, 4->4->2 MB, 4 MB goal, 0 MB stacks, 0 MB globals, 20 P
gc 6672 @13.222s 6%: 0.079+0.29+0.12 ms clock, 1.5+0.36/0.60/0.014+2.5 ms cpu, 4->4->2 MB, 4 MB goal, 0 MB stacks, 0 MB globals, 20 P
gc 6673 @13.223s 6%: 0.066+0.30+0.065 ms clock, 1.3+0.41/0.54/0.014+1.3 ms cpu, 3->4->2 MB, 4 MB goal, 0 MB stacks, 0 MB globals, 20 P
gc 6674 @13.224s 6%: 0.055+0.44+0.040 ms clock, 1.1+0.17/0.65/0.046+0.80 ms cpu, 4->5->2 MB, 5 MB goal, 0 MB stacks, 0 MB globals, 20 P
gc 6675 @13.225s 6%: 0.065+0.51+0.035 ms clock, 1.3+0.31/0.67/0.024+0.71 ms cpu, 4->5->2 MB, 5 MB goal, 0 MB stacks, 0 MB globals, 20 P
gc 6676 @13.227s 6%: 0.12+0.38+0.063 ms clock, 2.5+0.33/0.63/0.047+1.2 ms cpu, 4->5->2 MB, 5 MB goal, 0 MB stacks, 0 MB globals, 20 P
gc 6677 @13.228s 6%: 0.040+0.37+0.042 ms clock, 0.81+0.41/0.60/0+0.85 ms cpu, 4->5->2 MB, 5 MB goal, 0 MB stacks, 0 MB globals, 20 P
gc 6678 @13.229s 6%: 0.063+0.41+0.027 ms clock, 1.2+0.30/0.65/0.079+0.54 ms cpu, 3->4->2 MB, 4 MB goal, 0 MB stacks, 0 MB globals, 20 P
gc 6679 @13.231s 6%: 0.030+0.42+0.032 ms clock, 0.60+0.33/0.60/0.018+0.64 ms cpu, 4->4->2 MB, 5 MB goal, 0 MB stacks, 0 MB globals, 20 P
gc 6680 @13.232s 6%: 0.077+0.46+0.068 ms clock, 1.5+0.38/0.61/0.045+1.3 ms cpu, 4->5->2 MB, 4 MB goal, 0 MB stacks, 0 MB globals, 20 P
gc 6681 @13.233s 6%: 0.029+0.25+0.064 ms clock, 0.59+0.31/0.57/0.058+1.2 ms cpu, 4->4->2 MB, 5 MB goal, 0 MB stacks, 0 MB globals, 20 P
gc 6682 @13.234s 6%: 0.077+0.54+0.081 ms clock, 1.5+0.43/0.63/0+1.6 ms cpu, 3->4->2 MB, 4 MB goal, 0 MB stacks, 0 MB globals, 20 P
gc 6683 @13.236s 6%: 0.090+0.60+0.018 ms clock, 1.8+0.32/0.63/0.013+0.37 ms cpu, 4->5->2 MB, 5 MB goal, 0 MB stacks, 0 MB globals, 20 P
gc 6684 @13.237s 6%: 0.086+0.32+0.039 ms clock, 1.7+0.22/0.65/0.002+0.78 ms cpu, 4->5->2 MB, 5 MB goal, 0 MB stacks, 0 MB globals, 20 P
gc 6685 @13.239s 6%: 0.083+0.33+0.077 ms clock, 1.6+0.25/0.62/0.11+1.5 ms cpu, 4->4->2 MB, 4 MB goal, 0 MB stacks, 0 MB globals, 20 P
gc 6686 @13.240s 6%: 0.070+0.41+0.044 ms clock, 1.4+0.27/0.58/0+0.88 ms cpu, 3->4->2 MB, 4 MB goal, 0 MB stacks, 0 MB globals, 20 P
gc 6687 @13.241s 6%: 0.070+0.47+0.053 ms clock, 1.4+0.35/0.58/0+1.0 ms cpu, 4->5->2 MB, 4 MB goal, 0 MB stacks, 0 MB globals, 20 P
gc 6688 @13.242s 6%: 0.052+0.33+0.071 ms clock, 1.0+0.21/0.63/0+1.4 ms cpu, 4->5->2 MB, 5 MB goal, 0 MB stacks, 0 MB globals, 20 P
gc 6689 @13.244s 6%: 0.076+0.52+0.088 ms clock, 1.5+0.43/0.59/0.001+1.7 ms cpu, 4->5->2 MB, 5 MB goal, 0 MB stacks, 0 MB globals, 20 P
gc 6690 @13.245s 6%: 0.045+0.59+0.070 ms clock, 0.91+0.43/0.66/0.029+1.4 ms cpu, 4->5->2 MB, 5 MB goal, 0 MB stacks, 0 MB globals, 20 P
gc 6691 @13.246s 6%: 0.076+0.42+0.048 ms clock, 1.5+0.28/0.64/0+0.96 ms cpu, 4->5->2 MB, 5 MB goal, 0 MB stacks, 0 MB globals, 20 P
gc 6692 @13.248s 6%: 0.54+0.37+0.047 ms clock, 10+0.30/0.64/0+0.94 ms cpu, 4->5->2 MB, 4 MB goal, 0 MB stacks, 0 MB globals, 20 P
gc 6693 @13.249s 6%: 0.087+0.44+0.059 ms clock, 1.7+0.33/0.67/0.008+1.1 ms cpu, 4->5->2 MB, 5 MB goal, 0 MB stacks, 0 MB globals, 20 P
gc 6694 @13.251s 6%: 0.070+0.34+0.050 ms clock, 1.4+0.31/0.66/0.001+1.0 ms cpu, 4->5->2 MB, 5 MB goal, 0 MB stacks, 0 MB globals, 20 P
gc 6695 @13.252s 6%: 0.063+0.55+0.048 ms clock, 1.2+0.38/0.74/0.011+0.97 ms cpu, 4->5->2 MB, 5 MB goal, 0 MB stacks, 0 MB globals, 20 P
gc 6696 @13.254s 6%: 0.035+0.35+0.059 ms clock, 0.71+0.48/0.45/0.044+1.1 ms cpu, 4->5->2 MB, 5 MB goal, 0 MB stacks, 0 MB globals, 20 P
gc 6697 @13.255s 6%: 0.10+0.36+0.058 ms clock, 2.0+0.26/0.61/0+1.1 ms cpu, 4->5->2 MB, 5 MB goal, 0 MB stacks, 0 MB globals, 20 P
gc 6698 @13.256s 6%: 0.037+0.39+0.051 ms clock, 0.75+0.36/0.52/0.046+1.0 ms cpu, 4->5->2 MB, 5 MB goal, 0 MB stacks, 0 MB globals, 20 P
gc 6699 @13.257s 6%: 0.072+0.50+0.052 ms clock, 1.4+0.45/0.56/0+1.0 ms cpu, 4->4->2 MB, 4 MB goal, 0 MB stacks, 0 MB globals, 20 P
gc 6700 @13.259s 6%: 0.080+0.36+0.035 ms clock, 1.6+0.29/0.62/0.001+0.71 ms cpu, 4->5->2 MB, 5 MB goal, 0 MB stacks, 0 MB globals, 20 P
gc 6701 @13.260s 6%: 0.075+0.39+0.029 ms clock, 1.5+0.39/0.59/0.018+0.59 ms cpu, 4->5->2 MB, 4 MB goal, 0 MB stacks, 0 MB globals, 20 P
gc 6702 @13.261s 6%: 0.054+0.39+0.079 ms clock, 1.0+0.32/0.57/0.039+1.5 ms cpu, 4->5->2 MB, 5 MB goal, 0 MB stacks, 0 MB globals, 20 P
gc 6703 @13.263s 6%: 0.080+0.38+0.064 ms clock, 1.6+0.38/0.57/0+1.2 ms cpu, 4->5->2 MB, 5 MB goal, 0 MB stacks, 0 MB globals, 20 P
gc 6704 @13.264s 6%: 0.087+0.41+0.032 ms clock, 1.7+0.26/0.56/0.006+0.64 ms cpu, 4->5->2 MB, 5 MB goal, 0 MB stacks, 0 MB globals, 20 P
gc 6705 @13.265s 6%: 0.067+0.43+0.030 ms clock, 1.3+0.37/0.56/0.012+0.60 ms cpu, 4->5->2 MB, 5 MB goal, 0 MB stacks, 0 MB globals, 20 P
gc 6706 @13.267s 6%: 0.078+0.46+0.055 ms clock, 1.5+0.32/0.69/0+1.1 ms cpu, 4->5->2 MB, 5 MB goal, 0 MB stacks, 0 MB globals, 20 P
gc 6707 @13.268s 6%: 0.072+0.35+0.043 ms clock, 1.4+0.25/0.57/0.043+0.87 ms cpu, 4->5->2 MB, 5 MB goal, 0 MB stacks, 0 MB globals, 20 P
gc 6708 @13.269s 6%: 0.058+0.45+0.063 ms clock, 1.1+0.29/0.72/0.004+1.2 ms cpu, 4->4->2 MB, 4 MB goal, 0 MB stacks, 0 MB globals, 20 P
gc 6709 @13.271s 6%: 0.092+0.51+0.017 ms clock, 1.8+0.34/0.58/0.050+0.35 ms cpu, 4->5->2 MB, 5 MB goal, 0 MB stacks, 0 MB globals, 20 P
gc 6710 @13.272s 6%: 0.050+0.29+0.017 ms clock, 1.0+0.29/0.64/0.085+0.34 ms cpu, 4->5->2 MB, 5 MB goal, 0 MB stacks, 0 MB globals, 20 P
gc 6711 @13.273s 6%: 0.053+0.43+0.11 ms clock, 1.0+0.33/0.60/0.089+2.2 ms cpu, 3->4->2 MB, 4 MB goal, 0 MB stacks, 0 MB globals, 20 P
gc 6712 @13.274s 6%: 0.069+0.40+0.10 ms clock, 1.3+0.34/0.62/0.001+2.1 ms cpu, 4->5->2 MB, 5 MB goal, 0 MB stacks, 0 MB globals, 20 P
gc 6713 @13.276s 6%: 0.065+0.48+0.057 ms clock, 1.3+0.33/0.60/0.056+1.1 ms cpu, 4->5->2 MB, 5 MB goal, 0 MB stacks, 0 MB globals, 20 P
gc 6714 @13.277s 6%: 0.080+0.56+0.047 ms clock, 1.6+0.35/0.58/0.038+0.95 ms cpu, 4->5->2 MB, 5 MB goal, 0 MB stacks, 0 MB globals, 20 P
gc 6715 @13.279s 6%: 0.082+0.35+0.019 ms clock, 1.6+0.41/0.62/0+0.38 ms cpu, 4->5->2 MB, 5 MB goal, 0 MB stacks, 0 MB globals, 20 P
gc 6716 @13.280s 6%: 0.055+0.47+0.056 ms clock, 1.1+0.33/0.67/0.001+1.1 ms cpu, 4->5->2 MB, 5 MB goal, 0 MB stacks, 0 MB globals, 20 P
gc 6717 @13.282s 6%: 0.070+0.34+0.062 ms clock, 1.4+0.49/0.54/0.10+1.2 ms cpu, 4->4->2 MB, 4 MB goal, 0 MB stacks, 0 MB globals, 20 P
gc 6718 @13.283s 6%: 0.038+0.52+0.020 ms clock, 0.77+0.19/0.74/0.003+0.41 ms cpu, 4->5->2 MB, 4 MB goal, 0 MB stacks, 0 MB globals, 20 P
gc 6719 @13.284s 6%: 0.075+0.53+0.037 ms clock, 1.5+0.35/0.67/0.039+0.74 ms cpu, 4->5->2 MB, 5 MB goal, 0 MB stacks, 0 MB globals, 20 P
gc 6720 @13.286s 6%: 0.068+0.31+0.054 ms clock, 1.3+0.33/0.62/0.007+1.0 ms cpu, 4->5->2 MB, 5 MB goal, 0 MB stacks, 0 MB globals, 20 P
gc 6721 @13.287s 6%: 0.074+0.39+0.015 ms clock, 1.4+0.31/0.65/0.025+0.30 ms cpu, 4->4->2 MB, 4 MB goal, 0 MB stacks, 0 MB globals, 20 P
gc 6722 @13.288s 6%: 0.083+0.38+0.071 ms clock, 1.6+0.31/0.70/0.032+1.4 ms cpu, 3->4->2 MB, 4 MB goal, 0 MB stacks, 0 MB globals, 20 P
gc 6723 @13.289s 6%: 0.076+0.39+0.014 ms clock, 1.5+0.33/0.48/0.054+0.28 ms cpu, 4->4->2 MB, 4 MB goal, 0 MB stacks, 0 MB globals, 20 P
gc 6724 @13.290s 6%: 0.077+0.34+0.074 ms clock, 1.5+0.30/0.58/0.001+1.4 ms cpu, 3->4->2 MB, 4 MB goal, 0 MB stacks, 0 MB globals, 20 P
gc 6725 @13.292s 6%: 0.046+0.22+0.030 ms clock, 0.93+0.25/0.59/0.040+0.61 ms cpu, 4->4->1 MB, 4 MB goal, 0 MB stacks, 0 MB globals, 20 P
gc 6726 @13.292s 6%: 0.067+0.41+0.063 ms clock, 1.3+0.23/0.59/0.006+1.2 ms cpu, 3->4->2 MB, 4 MB goal, 0 MB stacks, 0 MB globals, 20 P
gc 6727 @13.294s 6%: 0.073+0.57+0.068 ms clock, 1.4+0.19/0.54/0.17+1.3 ms cpu, 4->5->2 MB, 4 MB goal, 0 MB stacks, 0 MB globals, 20 P
gc 6728 @13.295s 6%: 0.044+0.42+0.043 ms clock, 0.88+0.30/0.62/0.014+0.87 ms cpu, 4->5->2 MB, 5 MB goal, 0 MB stacks, 0 MB globals, 20 P
gc 6729 @13.296s 6%: 0.055+0.49+0.010 ms clock, 1.1+0.23/0.65/0+0.21 ms cpu, 4->5->2 MB, 5 MB goal, 0 MB stacks, 0 MB globals, 20 P
gc 6730 @13.298s 6%: 0.035+0.49+0.040 ms clock, 0.70+0.29/0.65/0+0.80 ms cpu, 4->5->2 MB, 5 MB goal, 0 MB stacks, 0 MB globals, 20 P
gc 6731 @13.299s 6%: 0.077+0.50+0.067 ms clock, 1.5+0.39/0.69/0+1.3 ms cpu, 4->5->2 MB, 5 MB goal, 0 MB stacks, 0 MB globals, 20 P
gc 6732 @13.301s 6%: 0.045+0.43+0.085 ms clock, 0.91+0.34/0.59/0.042+1.7 ms cpu, 4->5->2 MB, 5 MB goal, 0 MB stacks, 0 MB globals, 20 P
gc 6733 @13.303s 6%: 0.069+0.49+0.063 ms clock, 1.3+0.30/0.59/0+1.2 ms cpu, 4->5->2 MB, 5 MB goal, 0 MB stacks, 0 MB globals, 20 P
gc 6734 @13.304s 6%: 0.056+0.37+0.049 ms clock, 1.1+0.33/0.66/0+0.98 ms cpu, 4->5->2 MB, 5 MB goal, 0 MB stacks, 0 MB globals, 20 P
gc 6735 @13.305s 6%: 0.094+0.32+0.11 ms clock, 1.8+0.27/0.57/0.065+2.2 ms cpu, 4->5->2 MB, 5 MB goal, 0 MB stacks, 0 MB globals, 20 P
gc 6736 @13.307s 6%: 0.065+0.29+0.11 ms clock, 1.3+0.39/0.55/0.045+2.2 ms cpu, 4->4->2 MB, 5 MB goal, 0 MB stacks, 0 MB globals, 20 P
gc 6737 @13.308s 6%: 0.083+0.27+0.073 ms clock, 1.6+0.16/0.64/0+1.4 ms cpu, 3->4->2 MB, 4 MB goal, 0 MB stacks, 0 MB globals, 20 P
gc 6738 @13.309s 6%: 0.087+0.36+0.071 ms clock, 1.7+0.21/0.79/0+1.4 ms cpu, 3->4->2 MB, 4 MB goal, 0 MB stacks, 0 MB globals, 20 P
gc 6739 @13.310s 6%: 0.076+0.57+0.028 ms clock, 1.5+0.44/0.68/0.006+0.57 ms cpu, 4->5->2 MB, 4 MB goal, 0 MB stacks, 0 MB globals, 20 P
gc 6740 @13.311s 6%: 0.079+0.44+0.070 ms clock, 1.5+0.23/0.73/0.004+1.4 ms cpu, 4->5->2 MB, 5 MB goal, 0 MB stacks, 0 MB globals, 20 P
gc 6741 @13.312s 6%: 0.071+0.36+0.065 ms clock, 1.4+0.24/0.63/0.070+1.3 ms cpu, 4->5->2 MB, 5 MB goal, 0 MB stacks, 0 MB globals, 20 P
gc 6742 @13.314s 6%: 0.036+0.38+0.029 ms clock, 0.73+0.30/0.72/0.029+0.59 ms cpu, 3->4->2 MB, 4 MB goal, 0 MB stacks, 0 MB globals, 20 P
gc 6743 @13.315s 6%: 0.048+0.42+0.074 ms clock, 0.96+0.13/0.75/0.044+1.4 ms cpu, 4->5->2 MB, 5 MB goal, 0 MB stacks, 0 MB globals, 20 P
gc 6744 @13.316s 6%: 0.078+0.31+0.030 ms clock, 1.5+0.33/0.72/0+0.60 ms cpu, 4->5->2 MB, 4 MB goal, 0 MB stacks, 0 MB globals, 20 P
gc 6745 @13.318s 6%: 0.073+0.37+0.057 ms clock, 1.4+0.28/0.61/0.015+1.1 ms cpu, 4->5->2 MB, 5 MB goal, 0 MB stacks, 0 MB globals, 20 P
gc 6746 @13.319s 6%: 0.082+0.40+0.028 ms clock, 1.6+0.35/0.61/0.032+0.57 ms cpu, 4->5->2 MB, 5 MB goal, 0 MB stacks, 0 MB globals, 20 P
gc 6747 @13.320s 6%: 0.043+0.44+0.080 ms clock, 0.87+0.32/0.59/0.025+1.6 ms cpu, 4->5->2 MB, 5 MB goal, 0 MB stacks, 0 MB globals, 20 P
gc 6748 @13.321s 6%: 0.079+0.41+0.075 ms clock, 1.5+0.27/0.62/0+1.5 ms cpu, 3->5->2 MB, 4 MB goal, 0 MB stacks, 0 MB globals, 20 P
gc 6749 @13.323s 6%: 0.063+0.33+0.068 ms clock, 1.2+0.28/0.65/0.002+1.3 ms cpu, 4->5->2 MB, 5 MB goal, 0 MB stacks, 0 MB globals, 20 P
gc 6750 @13.324s 6%: 0.080+0.41+0.046 ms clock, 1.6+0.44/0.69/0.008+0.92 ms cpu, 4->4->2 MB, 4 MB goal, 0 MB stacks, 0 MB globals, 20 P
gc 6751 @13.326s 6%: 0.039+0.45+0.059 ms clock, 0.78+0.31/0.72/0.007+1.1 ms cpu, 4->5->2 MB, 4 MB goal, 0 MB stacks, 0 MB globals, 20 P
gc 6752 @13.327s 6%: 0.065+0.37+0.041 ms clock, 1.3+0.31/0.65/0.005+0.83 ms cpu, 4->4->2 MB, 5 MB goal, 0 MB stacks, 0 MB globals, 20 P
gc 6753 @13.329s 6%: 0.084+0.44+0.028 ms clock, 1.6+0.32/0.72/0+0.57 ms cpu, 4->5->2 MB, 4 MB goal, 0 MB stacks, 0 MB globals, 20 P
gc 6754 @13.330s 6%: 0.077+0.47+0.043 ms clock, 1.5+0.30/0.61/0.013+0.87 ms cpu, 4->5->2 MB, 5 MB goal, 0 MB stacks, 0 MB globals, 20 P
gc 6755 @13.332s 6%: 0.069+0.30+0.070 ms clock, 1.3+0.25/0.68/0.008+1.4 ms cpu, 4->5->2 MB, 5 MB goal, 0 MB stacks, 0 MB globals, 20 P
gc 6756 @13.333s 6%: 0.078+0.66+0.063 ms clock, 1.5+0.24/0.65/0.063+1.2 ms cpu, 3->4->2 MB, 4 MB goal, 0 MB stacks, 0 MB globals, 20 P
gc 6757 @13.334s 6%: 0.064+0.37+0.040 ms clock, 1.2+0.24/0.65/0+0.80 ms cpu, 4->5->2 MB, 5 MB goal, 0 MB stacks, 0 MB globals, 20 P
gc 6758 @13.335s 6%: 0.050+0.52+0.046 ms clock, 1.0+0.13/0.62/0.21+0.92 ms cpu, 3->4->2 MB, 4 MB goal, 0 MB stacks, 0 MB globals, 20 P
gc 6759 @13.337s 6%: 0.064+0.45+0.043 ms clock, 1.2+0.21/0.68/0.014+0.87 ms cpu, 4->5->2 MB, 5 MB goal, 0 MB stacks, 0 MB globals, 20 P
gc 6760 @13.338s 6%: 0.029+0.55+0.053 ms clock, 0.58+0.28/0.67/0.004+1.0 ms cpu, 4->5->2 MB, 4 MB goal, 0 MB stacks, 0 MB globals, 20 P
gc 6761 @13.339s 6%: 0.056+0.24+0.086 ms clock, 1.1+0.39/0.57/0+1.7 ms cpu, 4->5->2 MB, 5 MB goal, 0 MB stacks, 0 MB globals, 20 P
gc 6762 @13.340s 6%: 0.075+0.24+0.058 ms clock, 1.5+0.33/0.56/0.045+1.1 ms cpu, 4->4->2 MB, 4 MB goal, 0 MB stacks, 0 MB globals, 20 P
gc 6763 @13.341s 6%: 0.071+0.61+0.071 ms clock, 1.4+0.19/0.58/0.024+1.4 ms cpu, 3->5->2 MB, 4 MB goal, 0 MB stacks, 0 MB globals, 20 P
gc 6764 @13.343s 6%: 0.029+0.35+0.045 ms clock, 0.58+0.22/0.62/0.017+0.90 ms cpu, 4->5->2 MB, 5 MB goal, 0 MB stacks, 0 MB globals, 20 P
gc 6765 @13.344s 6%: 0.064+0.33+0.070 ms clock, 1.2+0.31/0.57/0.049+1.4 ms cpu, 4->5->2 MB, 4 MB goal, 0 MB stacks, 0 MB globals, 20 P
gc 6766 @13.346s 6%: 0.10+0.28+0.065 ms clock, 2.1+0.28/0.69/0.022+1.3 ms cpu, 4->4->2 MB, 4 MB goal, 0 MB stacks, 0 MB globals, 20 P
gc 6767 @13.347s 6%: 0.072+0.43+0.054 ms clock, 1.4+0.26/0.63/0+1.0 ms cpu, 4->5->2 MB, 4 MB goal, 0 MB stacks, 0 MB globals, 20 P
gc 6768 @13.348s 6%: 0.074+0.40+0.026 ms clock, 1.4+0.20/0.59/0.001+0.52 ms cpu, 4->5->2 MB, 5 MB goal, 0 MB stacks, 0 MB globals, 20 P
gc 6769 @13.350s 6%: 0.054+0.47+0.069 ms clock, 1.0+0.22/0.63/0.007+1.3 ms cpu, 4->5->2 MB, 5 MB goal, 0 MB stacks, 0 MB globals, 20 P
gc 6770 @13.351s 6%: 0.046+0.50+0.067 ms clock, 0.92+0.38/0.64/0.017+1.3 ms cpu, 4->5->2 MB, 5 MB goal, 0 MB stacks, 0 MB globals, 20 P
gc 6771 @13.352s 6%: 0.020+0.42+0.059 ms clock, 0.40+0.17/0.72/0+1.1 ms cpu, 4->5->2 MB, 5 MB goal, 0 MB stacks, 0 MB globals, 20 P
gc 6772 @13.354s 6%: 0.065+0.45+0.13 ms clock, 1.3+0.43/0.67/0.072+2.6 ms cpu, 4->5->2 MB, 5 MB goal, 0 MB stacks, 0 MB globals, 20 P
gc 6773 @13.355s 6%: 0.058+0.56+0.030 ms clock, 1.1+0.33/0.63/0+0.61 ms cpu, 4->5->2 MB, 5 MB goal, 0 MB stacks, 0 MB globals, 20 P
gc 6774 @13.357s 6%: 0.048+0.38+0.011 ms clock, 0.96+0.19/0.62/0.028+0.23 ms cpu, 4->5->2 MB, 5 MB goal, 0 MB stacks, 0 MB globals, 20 P
gc 6775 @13.358s 6%: 0.073+0.48+0.071 ms clock, 1.4+0.17/0.64/0.012+1.4 ms cpu, 4->5->2 MB, 4 MB goal, 0 MB stacks, 0 MB globals, 20 P
gc 6776 @13.360s 6%: 0.062+0.38+0.071 ms clock, 1.2+0.26/0.68/0.009+1.4 ms cpu, 4->5->2 MB, 5 MB goal, 0 MB stacks, 0 MB globals, 20 P
gc 6777 @13.361s 6%: 0.071+0.41+0.019 ms clock, 1.4+0.33/0.63/0+0.38 ms cpu, 4->5->2 MB, 5 MB goal, 0 MB stacks, 0 MB globals, 20 P
gc 6778 @13.362s 6%: 0.039+0.45+0.028 ms clock, 0.79+0.28/0.67/0.026+0.56 ms cpu, 4->5->2 MB, 5 MB goal, 0 MB stacks, 0 MB globals, 20 P
gc 6779 @13.363s 6%: 0.073+0.60+0.020 ms clock, 1.4+0.22/0.68/0.028+0.41 ms cpu, 4->5->2 MB, 5 MB goal, 0 MB stacks, 0 MB globals, 20 P
gc 6780 @13.365s 6%: 0.025+0.23+0.065 ms clock, 0.51+0.29/0.55/0.069+1.3 ms cpu, 4->5->2 MB, 5 MB goal, 0 MB stacks, 0 MB globals, 20 P
gc 6781 @13.366s 6%: 0.13+0.41+0.055 ms clock, 2.7+0.29/0.73/0.051+1.1 ms cpu, 3->4->2 MB, 4 MB goal, 0 MB stacks, 0 MB globals, 20 P
gc 6782 @13.367s 6%: 0.073+0.44+0.036 ms clock, 1.4+0.30/0.67/0.072+0.72 ms cpu, 4->5->2 MB, 5 MB goal, 0 MB stacks, 0 MB globals, 20 P
gc 6783 @13.369s 6%: 0.062+0.29+0.057 ms clock, 1.2+0.24/0.58/0+1.1 ms cpu, 4->5->2 MB, 5 MB goal, 0 MB stacks, 0 MB globals, 20 P
gc 6784 @13.370s 6%: 0.048+0.47+0.040 ms clock, 0.97+0.27/0.70/0.002+0.81 ms cpu, 4->5->2 MB, 4 MB goal, 0 MB stacks, 0 MB globals, 20 P
gc 6785 @13.371s 6%: 0.099+0.33+0.070 ms clock, 1.9+0.30/0.72/0+1.4 ms cpu, 4->5->2 MB, 5 MB goal, 0 MB stacks, 0 MB globals, 20 P
gc 6786 @13.372s 6%: 0.072+0.35+0.069 ms clock, 1.4+0.27/0.61/0+1.3 ms cpu, 4->5->2 MB, 5 MB goal, 0 MB stacks, 0 MB globals, 20 P
gc 6787 @13.374s 6%: 0.049+0.34+0.048 ms clock, 0.99+0.35/0.54/0.13+0.97 ms cpu, 4->5->2 MB, 5 MB goal, 0 MB stacks, 0 MB globals, 20 P
gc 6788 @13.374s 6%: 0.073+0.37+0.036 ms clock, 1.4+0.36/0.64/0.025+0.72 ms cpu, 4->5->2 MB, 5 MB goal, 0 MB stacks, 0 MB globals, 20 P
gc 6789 @13.376s 6%: 0.069+0.39+0.053 ms clock, 1.3+0.38/0.62/0.011+1.0 ms cpu, 4->5->2 MB, 4 MB goal, 0 MB stacks, 0 MB globals, 20 P
gc 6790 @13.377s 6%: 0.055+0.45+0.070 ms clock, 1.1+0.36/0.62/0+1.4 ms cpu, 4->5->2 MB, 5 MB goal, 0 MB stacks, 0 MB globals, 20 P
gc 6791 @13.379s 6%: 0.079+0.49+0.013 ms clock, 1.5+0.27/0.64/0+0.26 ms cpu, 4->5->2 MB, 5 MB goal, 0 MB stacks, 0 MB globals, 20 P
gc 6792 @13.380s 6%: 0.081+0.30+0.034 ms clock, 1.6+0.37/0.61/0+0.69 ms cpu, 4->5->2 MB, 5 MB goal, 0 MB stacks, 0 MB globals, 20 P
gc 6793 @13.381s 6%: 0.068+0.32+0.073 ms clock, 1.3+0.36/0.65/0.019+1.4 ms cpu, 4->4->2 MB, 4 MB goal, 0 MB stacks, 0 MB globals, 20 P
gc 6794 @13.382s 6%: 0.058+0.31+0.072 ms clock, 1.1+0.30/0.60/0.023+1.4 ms cpu, 4->4->2 MB, 4 MB goal, 0 MB stacks, 0 MB globals, 20 P
gc 6795 @13.383s 6%: 0.050+0.32+0.028 ms clock, 1.0+0.20/0.70/0+0.56 ms cpu, 3->4->2 MB, 4 MB goal, 0 MB stacks, 0 MB globals, 20 P
gc 6796 @13.384s 6%: 0.062+0.24+0.066 ms clock, 1.2+0.33/0.57/0.056+1.3 ms cpu, 4->4->2 MB, 5 MB goal, 0 MB stacks, 0 MB globals, 20 P
gc 6797 @13.385s 6%: 0.078+0.28+0.035 ms clock, 1.5+0.40/0.62/0+0.71 ms cpu, 3->4->2 MB, 4 MB goal, 0 MB stacks, 0 MB globals, 20 P
gc 6798 @13.387s 6%: 0.069+0.37+0.079 ms clock, 1.3+0.29/0.60/0+1.5 ms cpu, 3->4->2 MB, 4 MB goal, 0 MB stacks, 0 MB globals, 20 P
gc 6799 @13.388s 6%: 0.071+0.30+0.032 ms clock, 1.4+0.27/0.62/0.005+0.65 ms cpu, 4->4->2 MB, 5 MB goal, 0 MB stacks, 0 MB globals, 20 P
gc 6800 @13.389s 6%: 0.044+0.41+0.061 ms clock, 0.89+0.29/0.60/0+1.2 ms cpu, 3->4->2 MB, 4 MB goal, 0 MB stacks, 0 MB globals, 20 P
gc 6801 @13.390s 6%: 0.048+0.35+0.036 ms clock, 0.96+0.33/0.52/0.072+0.73 ms cpu, 4->4->2 MB, 4 MB goal, 0 MB stacks, 0 MB globals, 20 P
gc 6802 @13.392s 6%: 0.068+0.52+0.053 ms clock, 1.3+0.34/0.70/0+1.0 ms cpu, 3->5->2 MB, 4 MB goal, 0 MB stacks, 0 MB globals, 20 P
gc 6803 @13.393s 6%: 0.087+0.40+0.043 ms clock, 1.7+0.18/0.65/0.075+0.87 ms cpu, 4->5->2 MB, 5 MB goal, 0 MB stacks, 0 MB globals, 20 P
gc 6804 @13.394s 6%: 0.062+0.30+0.040 ms clock, 1.2+0.28/0.67/0.036+0.81 ms cpu, 4->5->2 MB, 5 MB goal, 0 MB stacks, 0 MB globals, 20 P
gc 6805 @13.395s 6%: 0.058+0.33+0.016 ms clock, 1.1+0.24/0.74/0+0.32 ms cpu, 3->4->2 MB, 4 MB goal, 0 MB stacks, 0 MB globals, 20 P
gc 6806 @13.396s 6%: 0.083+0.39+0.031 ms clock, 1.6+0.34/0.55/0.038+0.63 ms cpu, 3->4->2 MB, 4 MB goal, 0 MB stacks, 0 MB globals, 20 P
gc 6807 @13.398s 6%: 0.024+0.41+0.012 ms clock, 0.48+0.075/0.71/0.009+0.24 ms cpu, 4->5->2 MB, 4 MB goal, 0 MB stacks, 0 MB globals, 20 P
gc 6808 @13.399s 6%: 0.067+0.34+0.067 ms clock, 1.3+0.28/0.60/0.071+1.3 ms cpu, 4->5->2 MB, 5 MB goal, 0 MB stacks, 0 MB globals, 20 P
gc 6809 @13.400s 6%: 0.072+0.34+0.050 ms clock, 1.4+0.33/0.58/0.043+1.0 ms cpu, 4->5->2 MB, 5 MB goal, 0 MB stacks, 0 MB globals, 20 P
gc 6810 @13.402s 6%: 0.082+0.30+0.075 ms clock, 1.6+0.30/0.58/0.029+1.5 ms cpu, 4->4->2 MB, 4 MB goal, 0 MB stacks, 0 MB globals, 20 P
gc 6811 @13.403s 6%: 0.029+0.26+0.066 ms clock, 0.58+0.31/0.52/0.049+1.3 ms cpu, 4->4->2 MB, 4 MB goal, 0 MB stacks, 0 MB globals, 20 P
gc 6812 @13.404s 6%: 0.051+0.44+0.040 ms clock, 1.0+0.27/0.68/0.12+0.81 ms cpu, 3->4->2 MB, 4 MB goal, 0 MB stacks, 0 MB globals, 20 P
gc 6813 @13.405s 6%: 0.071+0.47+0.077 ms clock, 1.4+0.20/0.66/0.003+1.5 ms cpu, 4->5->2 MB, 4 MB goal, 0 MB stacks, 0 MB globals, 20 P
gc 6814 @13.406s 6%: 0.10+0.43+0.066 ms clock, 2.1+0.48/0.61/0+1.3 ms cpu, 4->5->2 MB, 5 MB goal, 0 MB stacks, 0 MB globals, 20 P
gc 6815 @13.408s 6%: 0.072+0.52+0.012 ms clock, 1.4+0.31/0.61/0+0.25 ms cpu, 4->5->2 MB, 5 MB goal, 0 MB stacks, 0 MB globals, 20 P
gc 6816 @13.409s 6%: 0.067+0.39+0.015 ms clock, 1.3+0.31/0.60/0.004+0.31 ms cpu, 4->5->2 MB, 5 MB goal, 0 MB stacks, 0 MB globals, 20 P
gc 6817 @13.411s 6%: 0.042+0.36+0.048 ms clock, 0.84+0.29/0.54/0.092+0.97 ms cpu, 4->5->2 MB, 5 MB goal, 0 MB stacks, 0 MB globals, 20 P
gc 6818 @13.412s 6%: 0.056+0.24+0.068 ms clock, 1.1+0.29/0.55/0+1.3 ms cpu, 4->4->2 MB, 4 MB goal, 0 MB stacks, 0 MB globals, 20 P
gc 6819 @13.413s 6%: 0.11+0.36+0.048 ms clock, 2.2+0.30/0.69/0+0.96 ms cpu, 3->4->2 MB, 4 MB goal, 0 MB stacks, 0 MB globals, 20 P
gc 6820 @13.414s 6%: 0.081+0.61+0.060 ms clock, 1.6+0.31/0.64/0+1.2 ms cpu, 4->5->2 MB, 5 MB goal, 0 MB stacks, 0 MB globals, 20 P
gc 6821 @13.416s 6%: 0.023+0.39+0.053 ms clock, 0.47+0.27/0.69/0+1.0 ms cpu, 4->5->2 MB, 5 MB goal, 0 MB stacks, 0 MB globals, 20 P
gc 6822 @13.417s 6%: 0.068+0.39+0.060 ms clock, 1.3+0.27/0.62/0.003+1.2 ms cpu, 4->4->2 MB, 4 MB goal, 0 MB stacks, 0 MB globals, 20 P
gc 6823 @13.418s 6%: 0.10+0.44+0.046 ms clock, 2.0+0.26/0.69/0.021+0.92 ms cpu, 4->5->2 MB, 5 MB goal, 0 MB stacks, 0 MB globals, 20 P
gc 6824 @13.420s 6%: 0.018+0.36+0.070 ms clock, 0.37+0.057/0.60/0.13+1.4 ms cpu, 4->5->2 MB, 5 MB goal, 0 MB stacks, 0 MB globals, 20 P
gc 6825 @13.421s 6%: 0.070+0.39+0.022 ms clock, 1.4+0.30/0.63/0.023+0.45 ms cpu, 4->4->2 MB, 4 MB goal, 0 MB stacks, 0 MB globals, 20 P
gc 6826 @13.422s 6%: 0.073+0.42+0.052 ms clock, 1.4+0.28/0.67/0.033+1.0 ms cpu, 4->5->2 MB, 4 MB goal, 0 MB stacks, 0 MB globals, 20 P
gc 6827 @13.424s 6%: 0.053+0.49+0.022 ms clock, 1.0+0.36/0.46/0.084+0.45 ms cpu, 4->5->2 MB, 5 MB goal, 0 MB stacks, 0 MB globals, 20 P
gc 6828 @13.425s 6%: 0.070+0.37+0.031 ms clock, 1.4+0.40/0.57/0.046+0.63 ms cpu, 4->5->2 MB, 5 MB goal, 0 MB stacks, 0 MB globals, 20 P
gc 6829 @13.427s 6%: 0.020+0.39+0.089 ms clock, 0.40+0.27/0.84/0.036+1.7 ms cpu, 4->5->2 MB, 4 MB goal, 0 MB stacks, 0 MB globals, 20 P
gc 6830 @13.428s 6%: 0.060+0.36+0.083 ms clock, 1.2+0.20/0.68/0+1.6 ms cpu, 4->4->2 MB, 4 MB goal, 0 MB stacks, 0 MB globals, 20 P
gc 6831 @13.429s 6%: 0.078+0.51+0.022 ms clock, 1.5+0.36/0.60/0.025+0.45 ms cpu, 4->4->2 MB, 4 MB goal, 0 MB stacks, 0 MB globals, 20 P
gc 6832 @13.430s 6%: 0.070+0.35+0.093 ms clock, 1.4+0.17/0.71/0.11+1.8 ms cpu, 4->4->2 MB, 4 MB goal, 0 MB stacks, 0 MB globals, 20 P
gc 6833 @13.431s 6%: 0.070+0.45+0.065 ms clock, 1.4+0.40/0.57/0+1.3 ms cpu, 4->5->2 MB, 4 MB goal, 0 MB stacks, 0 MB globals, 20 P
gc 6834 @13.433s 6%: 0.077+0.29+0.063 ms clock, 1.5+0.21/0.72/0+1.2 ms cpu, 4->4->2 MB, 5 MB goal, 0 MB stacks, 0 MB globals, 20 P
gc 6835 @13.434s 6%: 0.070+0.37+0.042 ms clock, 1.4+0.31/0.57/0+0.84 ms cpu, 3->4->2 MB, 4 MB goal, 0 MB stacks, 0 MB globals, 20 P
gc 6836 @13.435s 6%: 0.064+0.33+0.064 ms clock, 1.2+0.37/0.58/0.062+1.2 ms cpu, 4->4->2 MB, 4 MB goal, 0 MB stacks, 0 MB globals, 20 P
gc 6837 @13.437s 6%: 0.070+0.34+0.075 ms clock, 1.4+0.30/0.60/0.012+1.5 ms cpu, 3->4->2 MB, 4 MB goal, 0 MB stacks, 0 MB globals, 20 P
gc 6838 @13.438s 6%: 0.057+0.33+0.030 ms clock, 1.1+0.33/0.60/0.11+0.61 ms cpu, 4->4->2 MB, 4 MB goal, 0 MB stacks, 0 MB globals, 20 P
gc 6839 @13.439s 6%: 0.073+0.59+0.056 ms clock, 1.4+0.28/0.59/0.11+1.1 ms cpu, 3->4->2 MB, 4 MB goal, 0 MB stacks, 0 MB globals, 20 P
gc 6840 @13.440s 6%: 0.082+0.42+0.062 ms clock, 1.6+0.43/0.58/0.016+1.2 ms cpu, 4->5->2 MB, 5 MB goal, 0 MB stacks, 0 MB globals, 20 P
gc 6841 @13.442s 6%: 0.099+0.29+0.079 ms clock, 1.9+0.28/0.58/0.045+1.5 ms cpu, 4->4->2 MB, 4 MB goal, 0 MB stacks, 0 MB globals, 20 P
gc 6842 @13.442s 6%: 0.063+0.31+0.073 ms clock, 1.2+0.37/0.58/0.059+1.4 ms cpu, 3->4->2 MB, 4 MB goal, 0 MB stacks, 0 MB globals, 20 P
gc 6843 @13.444s 6%: 0.075+0.62+0.073 ms clock, 1.5+0.27/0.69/0.010+1.4 ms cpu, 4->5->2 MB, 5 MB goal, 0 MB stacks, 0 MB globals, 20 P
gc 6844 @13.445s 6%: 0.072+0.39+0.063 ms clock, 1.4+0.42/0.61/0+1.2 ms cpu, 4->5->2 MB, 5 MB goal, 0 MB stacks, 0 MB globals, 20 P
gc 6845 @13.447s 6%: 0.081+0.45+0.012 ms clock, 1.6+0.12/0.72/0+0.24 ms cpu, 4->5->2 MB, 5 MB goal, 0 MB stacks, 0 MB globals, 20 P
gc 6846 @13.448s 6%: 0.060+0.54+0.031 ms clock, 1.2+0.36/0.65/0+0.63 ms cpu, 4->5->2 MB, 5 MB goal, 0 MB stacks, 0 MB globals, 20 P
gc 6847 @13.450s 6%: 0.088+0.51+0.025 ms clock, 1.7+0.34/0.53/0.039+0.50 ms cpu, 4->5->2 MB, 5 MB goal, 0 MB stacks, 0 MB globals, 20 P
gc 6848 @13.451s 6%: 0.068+0.44+0.063 ms clock, 1.3+0.23/0.63/0.097+1.2 ms cpu, 4->5->2 MB, 5 MB goal, 0 MB stacks, 0 MB globals, 20 P
gc 6849 @13.453s 6%: 0.089+0.43+0.080 ms clock, 1.7+0.34/0.60/0.001+1.6 ms cpu, 4->5->2 MB, 5 MB goal, 0 MB stacks, 0 MB globals, 20 P
gc 6850 @13.455s 6%: 0.047+0.41+0.076 ms clock, 0.95+0.21/0.66/0.001+1.5 ms cpu, 4->5->2 MB, 5 MB goal, 0 MB stacks, 0 MB globals, 20 P
gc 6851 @13.456s 6%: 0.072+0.46+0.069 ms clock, 1.4+0.24/0.59/0+1.3 ms cpu, 4->5->2 MB, 5 MB goal, 0 MB stacks, 0 MB globals, 20 P
gc 6852 @13.457s 6%: 0.085+0.40+0.064 ms clock, 1.7+0.23/0.58/0.001+1.2 ms cpu, 4->4->2 MB, 4 MB goal, 0 MB stacks, 0 MB globals, 20 P
gc 6853 @13.459s 6%: 0.022+0.32+0.070 ms clock, 0.45+0.13/0.72/0.19+1.4 ms cpu, 4->4->2 MB, 4 MB goal, 0 MB stacks, 0 MB globals, 20 P
gc 6854 @13.460s 6%: 0.070+0.45+0.007 ms clock, 1.4+0.39/0.52/0.006+0.15 ms cpu, 3->4->2 MB, 4 MB goal, 0 MB stacks, 0 MB globals, 20 P
gc 6855 @13.461s 6%: 0.079+0.25+0.070 ms clock, 1.5+0.36/0.55/0.003+1.4 ms cpu, 4->4->2 MB, 4 MB goal, 0 MB stacks, 0 MB globals, 20 P
gc 6856 @13.462s 6%: 0.072+0.28+0.034 ms clock, 1.4+0.33/0.60/0+0.68 ms cpu, 3->4->2 MB, 4 MB goal, 0 MB stacks, 0 MB globals, 20 P
gc 6857 @13.463s 6%: 0.074+0.45+0.083 ms clock, 1.4+0.25/0.61/0.057+1.6 ms cpu, 3->5->2 MB, 4 MB goal, 0 MB stacks, 0 MB globals, 20 P
gc 6858 @13.465s 6%: 0.050+0.41+0.038 ms clock, 1.0+0.37/0.53/0.062+0.77 ms cpu, 4->5->2 MB, 5 MB goal, 0 MB stacks, 0 MB globals, 20 P
gc 6859 @13.466s 6%: 0.063+0.22+0.076 ms clock, 1.2+0.25/0.59/0.020+1.5 ms cpu, 4->4->1 MB, 5 MB goal, 0 MB stacks, 0 MB globals, 20 P
gc 6860 @13.467s 6%: 0.064+0.32+0.023 ms clock, 1.2+0.51/0.62/0.006+0.47 ms cpu, 3->4->2 MB, 4 MB goal, 0 MB stacks, 0 MB globals, 20 P
gc 6861 @13.468s 6%: 0.061+0.43+0.029 ms clock, 1.2+0.32/0.72/0+0.59 ms cpu, 4->5->2 MB, 5 MB goal, 0 MB stacks, 0 MB globals, 20 P
gc 6862 @13.470s 6%: 0.041+0.22+0.064 ms clock, 0.83+0.26/0.61/0.039+1.2 ms cpu, 4->4->1 MB, 4 MB goal, 0 MB stacks, 0 MB globals, 20 P
gc 6863 @13.471s 6%: 0.054+0.36+0.060 ms clock, 1.0+0.36/0.63/0.074+1.2 ms cpu, 3->4->2 MB, 4 MB goal, 0 MB stacks, 0 MB globals, 20 P
gc 6864 @13.472s 6%: 0.069+0.36+0.042 ms clock, 1.3+0.30/0.62/0.045+0.85 ms cpu, 3->4->2 MB, 4 MB goal, 0 MB stacks, 0 MB globals, 20 P
gc 6865 @13.473s 6%: 0.069+0.48+0.067 ms clock, 1.3+0.23/0.67/0+1.3 ms cpu, 4->5->2 MB, 4 MB goal, 0 MB stacks, 0 MB globals, 20 P
gc 6866 @13.474s 6%: 0.072+0.29+0.056 ms clock, 1.4+0.27/0.56/0.063+1.1 ms cpu, 4->4->2 MB, 4 MB goal, 0 MB stacks, 0 MB globals, 20 P
gc 6867 @13.475s 6%: 0.057+0.48+0.061 ms clock, 1.1+0.45/0.54/0.093+1.2 ms cpu, 3->5->2 MB, 4 MB goal, 0 MB stacks, 0 MB globals, 20 P
gc 6868 @13.477s 6%: 0.045+0.37+0.033 ms clock, 0.90+0.34/0.62/0+0.67 ms cpu, 4->5->2 MB, 5 MB goal, 0 MB stacks, 0 MB globals, 20 P
gc 6869 @13.478s 6%: 0.043+0.48+0.073 ms clock, 0.86+0.30/0.66/0.003+1.4 ms cpu, 4->5->2 MB, 4 MB goal, 0 MB stacks, 0 MB globals, 20 P
gc 6870 @13.480s 6%: 0.085+0.44+0.059 ms clock, 1.7+0.36/0.60/0.10+1.1 ms cpu, 4->5->2 MB, 5 MB goal, 0 MB stacks, 0 MB globals, 20 P
gc 6871 @13.481s 6%: 0.078+0.34+0.063 ms clock, 1.5+0.20/0.74/0.001+1.2 ms cpu, 4->5->2 MB, 5 MB goal, 0 MB stacks, 0 MB globals, 20 P
gc 6872 @13.483s 6%: 0.080+0.36+0.036 ms clock, 1.6+0.22/0.71/0+0.72 ms cpu, 4->5->2 MB, 4 MB goal, 0 MB stacks, 0 MB globals, 20 P
gc 6873 @13.484s 6%: 0.086+0.44+0.075 ms clock, 1.7+0.25/0.66/0.007+1.5 ms cpu, 4->5->2 MB, 5 MB goal, 0 MB stacks, 0 MB globals, 20 P
gc 6874 @13.485s 6%: 0.088+0.36+0.057 ms clock, 1.7+0.27/0.67/0+1.1 ms cpu, 4->5->2 MB, 5 MB goal, 0 MB stacks, 0 MB globals, 20 P
gc 6875 @13.487s 6%: 0.075+0.37+0.060 ms clock, 1.5+0.25/0.66/0.001+1.2 ms cpu, 4->5->2 MB, 5 MB goal, 0 MB stacks, 0 MB globals, 20 P
gc 6876 @13.488s 6%: 0.080+0.27+0.058 ms clock, 1.6+0.26/0.65/0.032+1.1 ms cpu, 4->4->1 MB, 5 MB goal, 0 MB stacks, 0 MB globals, 20 P
gc 6877 @13.489s 6%: 0.068+0.28+0.023 ms clock, 1.3+0.21/0.64/0.061+0.47 ms cpu, 3->4->2 MB, 4 MB goal, 0 MB stacks, 0 MB globals, 20 P
gc 6878 @13.490s 6%: 0.064+0.43+0.020 ms clock, 1.2+0.20/0.67/0.004+0.41 ms cpu, 3->4->2 MB, 4 MB goal, 0 MB stacks, 0 MB globals, 20 P
gc 6879 @13.491s 6%: 0.031+0.36+0.021 ms clock, 0.62+0.21/0.63/0.095+0.42 ms cpu, 4->5->2 MB, 5 MB goal, 0 MB stacks, 0 MB globals, 20 P
gc 6880 @13.492s 6%: 0.13+0.45+0.019 ms clock, 2.6+0.28/0.60/0+0.39 ms cpu, 4->5->2 MB, 4 MB goal, 0 MB stacks, 0 MB globals, 20 P
gc 6881 @13.493s 6%: 0.067+0.29+0.040 ms clock, 1.3+0.40/0.54/0.052+0.81 ms cpu, 4->5->2 MB, 5 MB goal, 0 MB stacks, 0 MB globals, 20 P
gc 6882 @13.495s 6%: 0.031+0.22+0.009 ms clock, 0.62+0.30/0.60/0.040+0.18 ms cpu, 4->4->1 MB, 4 MB goal, 0 MB stacks, 0 MB globals, 20 P
gc 6883 @13.496s 6%: 0.035+0.28+0.057 ms clock, 0.70+0.33/0.68/0.026+1.1 ms cpu, 3->4->2 MB, 4 MB goal, 0 MB stacks, 0 MB globals, 20 P
gc 6884 @13.497s 6%: 0.079+0.34+0.069 ms clock, 1.5+0.29/0.52/0.026+1.3 ms cpu, 3->4->2 MB, 4 MB goal, 0 MB stacks, 0 MB globals, 20 P
gc 6885 @13.498s 6%: 0.077+0.36+0.015 ms clock, 1.5+0.24/0.52/0.13+0.30 ms cpu, 4->4->2 MB, 4 MB goal, 0 MB stacks, 0 MB globals, 20 P
gc 6886 @13.499s 6%: 0.072+0.42+0.053 ms clock, 1.4+0.26/0.63/0.050+1.0 ms cpu, 4->5->2 MB, 4 MB goal, 0 MB stacks, 0 MB globals, 20 P
gc 6887 @13.500s 6%: 0.041+0.56+0.035 ms clock, 0.82+0.41/0.56/0+0.70 ms cpu, 4->5->2 MB, 5 MB goal, 0 MB stacks, 0 MB globals, 20 P
gc 6888 @13.502s 6%: 0.077+0.30+0.037 ms clock, 1.5+0.36/0.62/0+0.74 ms cpu, 4->5->2 MB, 5 MB goal, 0 MB stacks, 0 MB globals, 20 P
gc 6889 @13.503s 6%: 0.074+0.32+0.047 ms clock, 1.4+0.32/0.54/0.061+0.94 ms cpu, 4->5->2 MB, 5 MB goal, 0 MB stacks, 0 MB globals, 20 P
gc 6890 @13.504s 6%: 0.077+0.46+0.062 ms clock, 1.5+0.32/0.61/0.029+1.2 ms cpu, 4->5->2 MB, 4 MB goal, 0 MB stacks, 0 MB globals, 20 P
gc 6891 @13.505s 6%: 0.083+0.33+0.12 ms clock, 1.6+0.40/0.62/0.016+2.5 ms cpu, 4->5->2 MB, 5 MB goal, 0 MB stacks, 0 MB globals, 20 P
gc 6892 @13.507s 6%: 0.068+0.44+0.040 ms clock, 1.3+0.23/0.69/0+0.81 ms cpu, 4->5->2 MB, 5 MB goal, 0 MB stacks, 0 MB globals, 20 P
gc 6893 @13.508s 6%: 0.028+0.38+0.058 ms clock, 0.57+0.30/0.65/0.074+1.1 ms cpu, 4->5->2 MB, 5 MB goal, 0 MB stacks, 0 MB globals, 20 P
gc 6894 @13.509s 6%: 0.047+0.29+0.040 ms clock, 0.95+0.24/0.65/0.042+0.81 ms cpu, 4->5->2 MB, 5 MB goal, 0 MB stacks, 0 MB globals, 20 P
gc 6895 @13.510s 6%: 0.040+0.31+0.009 ms clock, 0.81+0.18/0.68/0+0.18 ms cpu, 3->4->2 MB, 4 MB goal, 0 MB stacks, 0 MB globals, 20 P
gc 6896 @13.511s 6%: 0.067+0.40+0.054 ms clock, 1.3+0.37/0.55/0.053+1.0 ms cpu, 4->5->2 MB, 4 MB goal, 0 MB stacks, 0 MB globals, 20 P
gc 6897 @13.513s 6%: 0.039+0.39+0.072 ms clock, 0.78+0.29/0.56/0.048+1.4 ms cpu, 4->5->2 MB, 5 MB goal, 0 MB stacks, 0 MB globals, 20 P
gc 6898 @13.514s 6%: 0.068+0.41+0.081 ms clock, 1.3+0.25/0.64/0.008+1.6 ms cpu, 4->5->2 MB, 4 MB goal, 0 MB stacks, 0 MB globals, 20 P
gc 6899 @13.515s 6%: 0.066+0.41+0.029 ms clock, 1.3+0.35/0.58/0.027+0.58 ms cpu, 4->5->2 MB, 5 MB goal, 0 MB stacks, 0 MB globals, 20 P
gc 6900 @13.517s 6%: 0.10+0.47+0.041 ms clock, 2.0+0.23/0.63/0.020+0.83 ms cpu, 4->5->2 MB, 5 MB goal, 0 MB stacks, 0 MB globals, 20 P
gc 6901 @13.518s 6%: 0.031+0.23+0.067 ms clock, 0.63+0.32/0.63/0.012+1.3 ms cpu, 4->5->2 MB, 5 MB goal, 0 MB stacks, 0 MB globals, 20 P
gc 6902 @13.519s 6%: 0.049+0.51+0.065 ms clock, 0.99+0.43/0.70/0+1.3 ms cpu, 3->4->2 MB, 4 MB goal, 0 MB stacks, 0 MB globals, 20 P
gc 6903 @13.520s 6%: 0.070+0.43+0.048 ms clock, 1.4+0.28/0.69/0.034+0.97 ms cpu, 4->5->2 MB, 5 MB goal, 0 MB stacks, 0 MB globals, 20 P
gc 6904 @13.522s 6%: 0.036+0.34+0.057 ms clock, 0.73+0.33/0.59/0+1.1 ms cpu, 4->5->2 MB, 5 MB goal, 0 MB stacks, 0 MB globals, 20 P
gc 6905 @13.523s 6%: 0.030+0.47+0.072 ms clock, 0.60+0.20/0.79/0+1.4 ms cpu, 4->4->2 MB, 4 MB goal, 0 MB stacks, 0 MB globals, 20 P
gc 6906 @13.524s 6%: 0.085+0.56+0.045 ms clock, 1.7+0.22/0.63/0.085+0.91 ms cpu, 4->5->2 MB, 4 MB goal, 0 MB stacks, 0 MB globals, 20 P
gc 6907 @13.525s 7%: 0.070+0.41+0.067 ms clock, 1.4+0.49/0.53/0.009+1.3 ms cpu, 4->5->2 MB, 5 MB goal, 0 MB stacks, 0 MB globals, 20 P
gc 6908 @13.527s 7%: 0.067+0.37+0.040 ms clock, 1.3+0.30/0.66/0+0.80 ms cpu, 4->4->2 MB, 4 MB goal, 0 MB stacks, 0 MB globals, 20 P
gc 6909 @13.528s 7%: 0.066+0.28+0.075 ms clock, 1.3+0.25/0.70/0.053+1.5 ms cpu, 4->4->2 MB, 4 MB goal, 0 MB stacks, 0 MB globals, 20 P
gc 6910 @13.529s 7%: 0.068+0.52+0.060 ms clock, 1.3+0.40/0.61/0.047+1.2 ms cpu, 3->4->2 MB, 4 MB goal, 0 MB stacks, 0 MB globals, 20 P
gc 6911 @13.530s 7%: 0.041+0.31+0.11 ms clock, 0.83+0.43/0.58/0+2.2 ms cpu, 4->5->2 MB, 5 MB goal, 0 MB stacks, 0 MB globals, 20 P
gc 6912 @13.531s 7%: 0.094+0.37+0.066 ms clock, 1.8+0.38/0.58/0.012+1.3 ms cpu, 4->4->2 MB, 4 MB goal, 0 MB stacks, 0 MB globals, 20 P
gc 6913 @13.532s 7%: 0.025+0.43+0.036 ms clock, 0.50+0.29/0.58/0.027+0.72 ms cpu, 4->5->2 MB, 5 MB goal, 0 MB stacks, 0 MB globals, 20 P
gc 6914 @13.534s 7%: 0.084+0.49+0.045 ms clock, 1.6+0.30/0.71/0.011+0.90 ms cpu, 4->5->2 MB, 5 MB goal, 0 MB stacks, 0 MB globals, 20 P
gc 6915 @13.535s 7%: 0.092+0.41+0.068 ms clock, 1.8+0.26/0.54/0.25+1.3 ms cpu, 4->5->2 MB, 5 MB goal, 0 MB stacks, 0 MB globals, 20 P
gc 6916 @13.536s 7%: 0.066+0.36+0.068 ms clock, 1.3+0.33/0.53/0.025+1.3 ms cpu, 4->5->2 MB, 5 MB goal, 0 MB stacks, 0 MB globals, 20 P
gc 6917 @13.538s 7%: 0.082+0.46+0.060 ms clock, 1.6+0.42/0.59/0+1.2 ms cpu, 4->5->2 MB, 4 MB goal, 0 MB stacks, 0 MB globals, 20 P
gc 6918 @13.539s 7%: 0.052+0.26+0.050 ms clock, 1.0+0.34/0.65/0.001+1.0 ms cpu, 4->5->2 MB, 5 MB goal, 0 MB stacks, 0 MB globals, 20 P
gc 6919 @13.540s 7%: 0.048+0.46+0.017 ms clock, 0.96+0.25/0.64/0.042+0.35 ms cpu, 4->4->2 MB, 4 MB goal, 0 MB stacks, 0 MB globals, 20 P
gc 6920 @13.541s 7%: 0.071+0.51+0.070 ms clock, 1.4+0.33/0.67/0+1.4 ms cpu, 4->5->2 MB, 4 MB goal, 0 MB stacks, 0 MB globals, 20 P
gc 6921 @13.543s 7%: 0.037+0.65+0.055 ms clock, 0.74+0.27/0.74/0.040+1.1 ms cpu, 4->5->2 MB, 5 MB goal, 0 MB stacks, 0 MB globals, 20 P
gc 6922 @13.544s 7%: 0.067+0.31+0.082 ms clock, 1.3+0.30/0.52/0.056+1.6 ms cpu, 4->5->2 MB, 5 MB goal, 0 MB stacks, 0 MB globals, 20 P
gc 6923 @13.545s 7%: 0.080+0.58+0.022 ms clock, 1.6+0.31/0.67/0+0.44 ms cpu, 3->5->2 MB, 4 MB goal, 0 MB stacks, 0 MB globals, 20 P
gc 6924 @13.547s 7%: 0.074+0.46+0.068 ms clock, 1.4+0.27/0.68/0.021+1.3 ms cpu, 4->5->2 MB, 5 MB goal, 0 MB stacks, 0 MB globals, 20 P
gc 6925 @13.549s 7%: 0.077+0.35+0.068 ms clock, 1.5+0.19/0.67/0.001+1.3 ms cpu, 4->5->2 MB, 5 MB goal, 0 MB stacks, 0 MB globals, 20 P
gc 6926 @13.550s 7%: 0.079+0.21+0.13 ms clock, 1.5+0.30/0.53/0+2.7 ms cpu, 4->4->2 MB, 5 MB goal, 0 MB stacks, 0 MB globals, 20 P
gc 6927 @13.551s 7%: 0.057+0.37+0.026 ms clock, 1.1+0.48/0.55/0.010+0.52 ms cpu, 3->4->2 MB, 4 MB goal, 0 MB stacks, 0 MB globals, 20 P
gc 6928 @13.552s 7%: 0.041+0.47+0.053 ms clock, 0.82+0.26/0.70/0.045+1.0 ms cpu, 4->5->2 MB, 5 MB goal, 0 MB stacks, 0 MB globals, 20 P
gc 6929 @13.553s 7%: 0.054+0.41+0.078 ms clock, 1.0+0.39/0.60/0+1.5 ms cpu, 4->5->2 MB, 4 MB goal, 0 MB stacks, 0 MB globals, 20 P
gc 6930 @13.555s 7%: 0.060+0.34+0.014 ms clock, 1.2+0.34/0.62/0.029+0.28 ms cpu, 4->5->2 MB, 5 MB goal, 0 MB stacks, 0 MB globals, 20 P
gc 6931 @13.556s 7%: 0.081+0.37+0.028 ms clock, 1.6+0.34/0.58/0.008+0.56 ms cpu, 4->5->2 MB, 5 MB goal, 0 MB stacks, 0 MB globals, 20 P
gc 6932 @13.557s 7%: 0.073+0.50+0.057 ms clock, 1.4+0.33/0.56/0+1.1 ms cpu, 3->4->2 MB, 4 MB goal, 0 MB stacks, 0 MB globals, 20 P
gc 6933 @13.558s 7%: 0.080+0.34+0.077 ms clock, 1.6+0.38/0.58/0.005+1.5 ms cpu, 4->4->2 MB, 5 MB goal, 0 MB stacks, 0 MB globals, 20 P
gc 6934 @13.559s 7%: 0.083+0.40+0.010 ms clock, 1.6+0.35/0.71/0.010+0.20 ms cpu, 3->4->2 MB, 4 MB goal, 0 MB stacks, 0 MB globals, 20 P
gc 6935 @13.561s 7%: 0.030+0.37+0.066 ms clock, 0.61+0.26/0.64/0.031+1.3 ms cpu, 4->5->2 MB, 5 MB goal, 0 MB stacks, 0 MB globals, 20 P
gc 6936 @13.562s 7%: 0.068+0.36+0.075 ms clock, 1.3+0.32/0.54/0+1.5 ms cpu, 4->4->2 MB, 4 MB goal, 0 MB stacks, 0 MB globals, 20 P
gc 6937 @13.563s 7%: 0.10+0.31+0.057 ms clock, 2.1+0.36/0.58/0.073+1.1 ms cpu, 4->5->2 MB, 5 MB goal, 0 MB stacks, 0 MB globals, 20 P
gc 6938 @13.565s 7%: 0.064+0.33+0.025 ms clock, 1.2+0.34/0.63/0.015+0.50 ms cpu, 4->5->2 MB, 5 MB goal, 0 MB stacks, 0 MB globals, 20 P
gc 6939 @13.566s 7%: 0.048+0.27+0.075 ms clock, 0.96+0.34/0.59/0.041+1.5 ms cpu, 4->5->2 MB, 4 MB goal, 0 MB stacks, 0 MB globals, 20 P
gc 6940 @13.567s 7%: 0.053+0.32+0.088 ms clock, 1.0+0.32/0.63/0+1.7 ms cpu, 4->4->2 MB, 4 MB goal, 0 MB stacks, 0 MB globals, 20 P
gc 6941 @13.568s 7%: 0.057+0.36+0.039 ms clock, 1.1+0.37/0.58/0.001+0.78 ms cpu, 4->4->2 MB, 4 MB goal, 0 MB stacks, 0 MB globals, 20 P
gc 6942 @13.569s 7%: 0.040+0.35+0.069 ms clock, 0.81+0.29/0.72/0+1.3 ms cpu, 4->4->2 MB, 4 MB goal, 0 MB stacks, 0 MB globals, 20 P
gc 6943 @13.571s 7%: 0.038+0.34+0.063 ms clock, 0.77+0.16/0.69/0+1.2 ms cpu, 4->4->2 MB, 4 MB goal, 0 MB stacks, 0 MB globals, 20 P
gc 6944 @13.572s 7%: 0.083+0.44+0.080 ms clock, 1.6+0.33/0.62/0.059+1.6 ms cpu, 3->4->2 MB, 4 MB goal, 0 MB stacks, 0 MB globals, 20 P
gc 6945 @13.573s 7%: 0.074+0.40+0.041 ms clock, 1.4+0.38/0.57/0+0.82 ms cpu, 4->5->2 MB, 5 MB goal, 0 MB stacks, 0 MB globals, 20 P
gc 6946 @13.574s 7%: 0.093+0.38+0.066 ms clock, 1.8+0.43/0.59/0.003+1.3 ms cpu, 4->5->2 MB, 5 MB goal, 0 MB stacks, 0 MB globals, 20 P
gc 6947 @13.576s 7%: 0.077+0.38+0.044 ms clock, 1.5+0.35/0.60/0.083+0.89 ms cpu, 4->5->2 MB, 5 MB goal, 0 MB stacks, 0 MB globals, 20 P
gc 6948 @13.577s 7%: 0.055+0.39+0.10 ms clock, 1.1+0.25/0.58/0.080+2.1 ms cpu, 4->5->2 MB, 5 MB goal, 0 MB stacks, 0 MB globals, 20 P
gc 6949 @13.579s 7%: 0.017+0.33+0.073 ms clock, 0.35+0.27/0.57/0.062+1.4 ms cpu, 4->5->2 MB, 4 MB goal, 0 MB stacks, 0 MB globals, 20 P
gc 6950 @13.580s 7%: 0.070+0.31+0.055 ms clock, 1.4+0.41/0.65/0.003+1.1 ms cpu, 3->4->2 MB, 4 MB goal, 0 MB stacks, 0 MB globals, 20 P
gc 6951 @13.581s 7%: 0.068+0.64+0.072 ms clock, 1.3+0.34/0.69/0.004+1.4 ms cpu, 3->4->2 MB, 4 MB goal, 0 MB stacks, 0 MB globals, 20 P
gc 6952 @13.582s 7%: 0.079+0.58+0.021 ms clock, 1.5+0.36/0.58/0+0.42 ms cpu, 4->5->2 MB, 5 MB goal, 0 MB stacks, 0 MB globals, 20 P
gc 6953 @13.584s 7%: 0.064+0.48+0.024 ms clock, 1.2+0.20/0.69/0.019+0.48 ms cpu, 4->5->2 MB, 5 MB goal, 0 MB stacks, 0 MB globals, 20 P
gc 6954 @13.585s 7%: 0.074+0.52+0.058 ms clock, 1.4+0.38/0.62/0.003+1.1 ms cpu, 4->5->2 MB, 4 MB goal, 0 MB stacks, 0 MB globals, 20 P
gc 6955 @13.587s 7%: 0.046+0.51+0.045 ms clock, 0.92+0.30/0.67/0.013+0.91 ms cpu, 4->5->2 MB, 5 MB goal, 0 MB stacks, 0 MB globals, 20 P
gc 6956 @13.588s 7%: 0.086+0.39+0.050 ms clock, 1.7+0.28/0.61/0.028+1.0 ms cpu, 4->5->2 MB, 5 MB goal, 0 MB stacks, 0 MB globals, 20 P
gc 6957 @13.590s 7%: 0.050+0.37+0.036 ms clock, 1.0+0.31/0.61/0.044+0.73 ms cpu, 4->5->2 MB, 5 MB goal, 0 MB stacks, 0 MB globals, 20 P
gc 6958 @13.591s 7%: 0.073+0.34+0.079 ms clock, 1.4+0.32/0.68/0+1.5 ms cpu, 4->5->2 MB, 5 MB goal, 0 MB stacks, 0 MB globals, 20 P
gc 6959 @13.592s 7%: 0.078+0.34+0.090 ms clock, 1.5+0.34/0.68/0+1.8 ms cpu, 4->5->2 MB, 5 MB goal, 0 MB stacks, 0 MB globals, 20 P
gc 6960 @13.594s 7%: 0.067+0.30+0.015 ms clock, 1.3+0.29/0.62/0+0.30 ms cpu, 4->5->2 MB, 5 MB goal, 0 MB stacks, 0 MB globals, 20 P
gc 6961 @13.595s 7%: 0.070+0.55+0.026 ms clock, 1.4+0.42/0.64/0+0.52 ms cpu, 4->5->2 MB, 4 MB goal, 0 MB stacks, 0 MB globals, 20 P
gc 6962 @13.596s 7%: 0.054+0.49+0.049 ms clock, 1.0+0.25/0.55/0.10+0.98 ms cpu, 4->5->2 MB, 5 MB goal, 0 MB stacks, 0 MB globals, 20 P
gc 6963 @13.598s 7%: 0.079+0.47+0.032 ms clock, 1.5+0.35/0.63/0.075+0.65 ms cpu, 4->5->2 MB, 5 MB goal, 0 MB stacks, 0 MB globals, 20 P
gc 6964 @13.599s 7%: 0.058+0.24+0.10 ms clock, 1.1+0.23/0.58/0.002+2.0 ms cpu, 4->5->2 MB, 5 MB goal, 0 MB stacks, 0 MB globals, 20 P
gc 6965 @13.600s 7%: 0.093+0.31+0.028 ms clock, 1.8+0.36/0.66/0.031+0.57 ms cpu, 3->4->2 MB, 4 MB goal, 0 MB stacks, 0 MB globals, 20 P
gc 6966 @13.601s 7%: 0.078+0.48+0.018 ms clock, 1.5+0.37/0.60/0.060+0.37 ms cpu, 4->5->2 MB, 4 MB goal, 0 MB stacks, 0 MB globals, 20 P
gc 6967 @13.603s 7%: 0.072+0.36+0.084 ms clock, 1.4+0.35/0.56/0+1.6 ms cpu, 4->5->2 MB, 5 MB goal, 0 MB stacks, 0 MB globals, 20 P
gc 6968 @13.604s 7%: 0.074+0.35+0.075 ms clock, 1.4+0.27/0.63/0.022+1.5 ms cpu, 4->5->2 MB, 5 MB goal, 0 MB stacks, 0 MB globals, 20 P
gc 6969 @13.606s 7%: 0.099+0.33+0.031 ms clock, 1.9+0.35/0.67/0+0.62 ms cpu, 4->5->2 MB, 5 MB goal, 0 MB stacks, 0 MB globals, 20 P
gc 6970 @13.607s 7%: 0.038+0.35+0.065 ms clock, 0.77+0.41/0.57/0.043+1.3 ms cpu, 4->5->2 MB, 5 MB goal, 0 MB stacks, 0 MB globals, 20 P
gc 6971 @13.608s 7%: 0.070+0.40+0.077 ms clock, 1.4+0.26/0.60/0.067+1.5 ms cpu, 4->4->2 MB, 4 MB goal, 0 MB stacks, 0 MB globals, 20 P
gc 6972 @13.609s 7%: 0.062+0.46+0.044 ms clock, 1.2+0.38/0.59/0+0.88 ms cpu, 4->5->2 MB, 5 MB goal, 0 MB stacks, 0 MB globals, 20 P
gc 6973 @13.610s 7%: 0.10+0.50+0.045 ms clock, 2.0+0.27/0.74/0+0.91 ms cpu, 4->5->2 MB, 5 MB goal, 0 MB stacks, 0 MB globals, 20 P
gc 6974 @13.612s 7%: 0.065+0.44+0.074 ms clock, 1.3+0.25/0.76/0.016+1.4 ms cpu, 4->5->2 MB, 5 MB goal, 0 MB stacks, 0 MB globals, 20 P
gc 6975 @13.613s 7%: 0.082+0.37+0.028 ms clock, 1.6+0.27/0.66/0.005+0.56 ms cpu, 4->5->2 MB, 5 MB goal, 0 MB stacks, 0 MB globals, 20 P
gc 6976 @13.615s 7%: 0.036+0.26+0.040 ms clock, 0.72+0.33/0.62/0.008+0.80 ms cpu, 4->5->2 MB, 5 MB goal, 0 MB stacks, 0 MB globals, 20 P
gc 6977 @13.616s 7%: 0.053+0.56+0.070 ms clock, 1.0+0.26/0.64/0.023+1.4 ms cpu, 4->5->2 MB, 4 MB goal, 0 MB stacks, 0 MB globals, 20 P
gc 6978 @13.617s 7%: 0.067+0.30+0.063 ms clock, 1.3+0.36/0.64/0+1.2 ms cpu, 4->5->2 MB, 5 MB goal, 0 MB stacks, 0 MB globals, 20 P
gc 6979 @13.618s 7%: 0.074+0.46+0.064 ms clock, 1.4+0.34/0.64/0+1.2 ms cpu, 4->5->2 MB, 4 MB goal, 0 MB stacks, 0 MB globals, 20 P
gc 6980 @13.620s 7%: 0.080+0.30+0.047 ms clock, 1.6+0.34/0.61/0.004+0.94 ms cpu, 4->5->2 MB, 5 MB goal, 0 MB stacks, 0 MB globals, 20 P
gc 6981 @13.621s 7%: 0.067+0.37+0.037 ms clock, 1.3+0.30/0.64/0+0.74 ms cpu, 3->4->2 MB, 4 MB goal, 0 MB stacks, 0 MB globals, 20 P
gc 6982 @13.622s 7%: 0.069+0.47+0.033 ms clock, 1.3+0.35/0.73/0.033+0.66 ms cpu, 4->5->2 MB, 4 MB goal, 0 MB stacks, 0 MB globals, 20 P
gc 6983 @13.624s 7%: 0.054+0.32+0.071 ms clock, 1.0+0.37/0.55/0.047+1.4 ms cpu, 4->5->2 MB, 5 MB goal, 0 MB stacks, 0 MB globals, 20 P
gc 6984 @13.625s 7%: 0.55+0.32+0.047 ms clock, 11+0.32/0.66/0+0.94 ms cpu, 4->5->2 MB, 5 MB goal, 0 MB stacks, 0 MB globals, 20 P
gc 6985 @13.626s 7%: 0.092+0.45+0.076 ms clock, 1.8+0.31/0.59/0+1.5 ms cpu, 4->5->2 MB, 5 MB goal, 0 MB stacks, 0 MB globals, 20 P
gc 6986 @13.628s 7%: 0.076+0.38+0.057 ms clock, 1.5+0.23/0.65/0.003+1.1 ms cpu, 4->5->2 MB, 5 MB goal, 0 MB stacks, 0 MB globals, 20 P
gc 6987 @13.629s 7%: 0.085+0.39+0.081 ms clock, 1.7+0.32/0.58/0.040+1.6 ms cpu, 4->5->2 MB, 5 MB goal, 0 MB stacks, 0 MB globals, 20 P
gc 6988 @13.630s 7%: 0.074+0.50+0.015 ms clock, 1.4+0.29/0.74/0+0.30 ms cpu, 4->5->2 MB, 4 MB goal, 0 MB stacks, 0 MB globals, 20 P
gc 6989 @13.632s 7%: 0.071+0.35+0.081 ms clock, 1.4+0.38/0.61/0.009+1.6 ms cpu, 4->5->2 MB, 5 MB goal, 0 MB stacks, 0 MB globals, 20 P
gc 6990 @13.633s 7%: 0.077+0.32+0.026 ms clock, 1.5+0.18/0.59/0.11+0.52 ms cpu, 4->5->2 MB, 5 MB goal, 0 MB stacks, 0 MB globals, 20 P
gc 6991 @13.634s 7%: 0.063+0.52+0.054 ms clock, 1.2+0.35/0.55/0.060+1.0 ms cpu, 3->5->2 MB, 4 MB goal, 0 MB stacks, 0 MB globals, 20 P
gc 6992 @13.636s 7%: 0.047+0.27+0.015 ms clock, 0.95+0.38/0.62/0.052+0.31 ms cpu, 4->5->2 MB, 5 MB goal, 0 MB stacks, 0 MB globals, 20 P
gc 6993 @13.637s 7%: 0.023+0.28+0.064 ms clock, 0.46+0.25/0.61/0.14+1.2 ms cpu, 3->4->2 MB, 4 MB goal, 0 MB stacks, 0 MB globals, 20 P
gc 6994 @13.638s 7%: 0.063+0.40+0.079 ms clock, 1.2+0.31/0.61/0.027+1.5 ms cpu, 3->4->2 MB, 4 MB goal, 0 MB stacks, 0 MB globals, 20 P
gc 6995 @13.639s 7%: 0.083+0.37+0.029 ms clock, 1.6+0.27/0.61/0+0.59 ms cpu, 4->4->2 MB, 4 MB goal, 0 MB stacks, 0 MB globals, 20 P
gc 6996 @13.640s 7%: 0.076+0.45+0.067 ms clock, 1.5+0.33/0.60/0.004+1.3 ms cpu, 4->5->2 MB, 5 MB goal, 0 MB stacks, 0 MB globals, 20 P
gc 6997 @13.642s 7%: 0.060+0.45+0.010 ms clock, 1.2+0.32/0.69/0+0.21 ms cpu, 4->5->2 MB, 5 MB goal, 0 MB stacks, 0 MB globals, 20 P
gc 6998 @13.643s 7%: 0.097+0.38+0.069 ms clock, 1.9+0.18/0.73/0.011+1.3 ms cpu, 4->5->2 MB, 5 MB goal, 0 MB stacks, 0 MB globals, 20 P
gc 6999 @13.644s 7%: 0.035+0.48+0.064 ms clock, 0.71+0.29/0.58/0.033+1.2 ms cpu, 4->5->2 MB, 5 MB goal, 0 MB stacks, 0 MB globals, 20 P
gc 7000 @13.646s 7%: 0.062+0.45+0.056 ms clock, 1.2+0.32/0.59/0.004+1.1 ms cpu, 4->5->2 MB, 5 MB goal, 0 MB stacks, 0 MB globals, 20 P
gc 7001 @13.647s 7%: 0.071+0.55+0.032 ms clock, 1.4+0.24/0.58/0.036+0.65 ms cpu, 4->5->2 MB, 5 MB goal, 0 MB stacks, 0 MB globals, 20 P
gc 7002 @13.649s 7%: 0.068+0.53+0.064 ms clock, 1.3+0.39/0.55/0.015+1.2 ms cpu, 4->5->2 MB, 4 MB goal, 0 MB stacks, 0 MB globals, 20 P
gc 7003 @13.650s 7%: 0.051+0.32+0.051 ms clock, 1.0+0.26/0.63/0+1.0 ms cpu, 4->4->2 MB, 5 MB goal, 0 MB stacks, 0 MB globals, 20 P
gc 7004 @13.651s 7%: 0.068+0.27+0.10 ms clock, 1.3+0.31/0.74/0.013+2.0 ms cpu, 3->4->2 MB, 4 MB goal, 0 MB stacks, 0 MB globals, 20 P
gc 7005 @13.652s 7%: 0.074+0.21+0.062 ms clock, 1.4+0.35/0.56/0.013+1.2 ms cpu, 4->4->2 MB, 4 MB goal, 0 MB stacks, 0 MB globals, 20 P
gc 7006 @13.653s 7%: 0.058+0.59+0.076 ms clock, 1.1+0.31/0.61/0.007+1.5 ms cpu, 3->4->2 MB, 4 MB goal, 0 MB stacks, 0 MB globals, 20 P
gc 7007 @13.655s 7%: 0.075+0.46+0.071 ms clock, 1.5+0.26/0.66/0.001+1.4 ms cpu, 4->5->2 MB, 5 MB goal, 0 MB stacks, 0 MB globals, 20 P
gc 7008 @13.656s 7%: 0.062+0.38+0.073 ms clock, 1.2+0.28/0.59/0.059+1.4 ms cpu, 4->5->2 MB, 5 MB goal, 0 MB stacks, 0 MB globals, 20 P
gc 7009 @13.658s 7%: 0.033+0.47+0.067 ms clock, 0.66+0.26/0.57/0.004+1.3 ms cpu, 4->5->2 MB, 4 MB goal, 0 MB stacks, 0 MB globals, 20 P
gc 7010 @13.659s 7%: 0.074+0.34+0.070 ms clock, 1.4+0.20/0.67/0.012+1.4 ms cpu, 4->5->2 MB, 5 MB goal, 0 MB stacks, 0 MB globals, 20 P
gc 7011 @13.661s 7%: 0.054+0.26+0.067 ms clock, 1.0+0.31/0.63/0.041+1.3 ms cpu, 4->4->2 MB, 5 MB goal, 0 MB stacks, 0 MB globals, 20 P
gc 7012 @13.662s 7%: 0.071+0.40+0.070 ms clock, 1.4+0.33/0.57/0+1.4 ms cpu, 3->4->2 MB, 4 MB goal, 0 MB stacks, 0 MB globals, 20 P
gc 7013 @13.663s 7%: 0.064+0.29+0.066 ms clock, 1.2+0.32/0.60/0.014+1.3 ms cpu, 4->4->2 MB, 4 MB goal, 0 MB stacks, 0 MB globals, 20 P
gc 7014 @13.664s 7%: 0.066+0.28+0.030 ms clock, 1.3+0.33/0.56/0.11+0.60 ms cpu, 3->4->2 MB, 4 MB goal, 0 MB stacks, 0 MB globals, 20 P
gc 7015 @13.665s 7%: 0.068+0.33+0.052 ms clock, 1.3+0.34/0.59/0+1.0 ms cpu, 3->4->2 MB, 4 MB goal, 0 MB stacks, 0 MB globals, 20 P
gc 7016 @13.666s 7%: 0.073+0.37+0.076 ms clock, 1.4+0.19/0.68/0+1.5 ms cpu, 4->5->2 MB, 5 MB goal, 0 MB stacks, 0 MB globals, 20 P
gc 7017 @13.667s 7%: 0.047+0.33+0.072 ms clock, 0.95+0.24/0.59/0.066+1.4 ms cpu, 4->4->2 MB, 5 MB goal, 0 MB stacks, 0 MB globals, 20 P
gc 7018 @13.668s 7%: 0.075+0.48+0.072 ms clock, 1.5+0.33/0.63/0+1.4 ms cpu, 3->4->2 MB, 4 MB goal, 0 MB stacks, 0 MB globals, 20 P
gc 7019 @13.670s 7%: 0.040+0.34+0.079 ms clock, 0.80+0.27/0.62/0.001+1.5 ms cpu, 4->5->2 MB, 4 MB goal, 0 MB stacks, 0 MB globals, 20 P
gc 7020 @13.671s 7%: 0.074+0.37+0.066 ms clock, 1.4+0.25/0.66/0.013+1.3 ms cpu, 4->5->2 MB, 5 MB goal, 0 MB stacks, 0 MB globals, 20 P
gc 7021 @13.673s 7%: 0.057+0.48+0.024 ms clock, 1.1+0.19/0.65/0.16+0.49 ms cpu, 4->5->2 MB, 4 MB goal, 0 MB stacks, 0 MB globals, 20 P
gc 7022 @13.674s 7%: 0.062+0.27+0.052 ms clock, 1.2+0.29/0.64/0.042+1.0 ms cpu, 4->4->2 MB, 5 MB goal, 0 MB stacks, 0 MB globals, 20 P
gc 7023 @13.674s 7%: 0.090+0.40+0.064 ms clock, 1.8+0.39/0.67/0.014+1.2 ms cpu, 3->4->2 MB, 4 MB goal, 0 MB stacks, 0 MB globals, 20 P
gc 7024 @13.676s 7%: 0.067+0.39+0.058 ms clock, 1.3+0.19/0.63/0.064+1.1 ms cpu, 4->5->2 MB, 4 MB goal, 0 MB stacks, 0 MB globals, 20 P
gc 7025 @13.677s 7%: 0.076+0.50+0.063 ms clock, 1.5+0.28/0.67/0.002+1.2 ms cpu, 4->5->2 MB, 4 MB goal, 0 MB stacks, 0 MB globals, 20 P
gc 7026 @13.679s 7%: 0.032+0.46+0.032 ms clock, 0.64+0.33/0.58/0+0.64 ms cpu, 4->5->2 MB, 5 MB goal, 0 MB stacks, 0 MB globals, 20 P
gc 7027 @13.680s 7%: 0.041+0.50+0.047 ms clock, 0.82+0.33/0.56/0+0.94 ms cpu, 4->5->2 MB, 4 MB goal, 0 MB stacks, 0 MB globals, 20 P
gc 7028 @13.682s 7%: 0.10+0.51+0.018 ms clock, 2.0+0.25/0.57/0+0.37 ms cpu, 4->5->2 MB, 5 MB goal, 0 MB stacks, 0 MB globals, 20 P
gc 7029 @13.683s 7%: 0.076+0.39+0.011 ms clock, 1.5+0.44/0.62/0.065+0.23 ms cpu, 4->5->2 MB, 5 MB goal, 0 MB stacks, 0 MB globals, 20 P
gc 7030 @13.684s 7%: 0.041+0.34+0.066 ms clock, 0.83+0.35/0.59/0.014+1.3 ms cpu, 4->4->2 MB, 5 MB goal, 0 MB stacks, 0 MB globals, 20 P
gc 7031 @13.685s 7%: 0.056+0.45+0.061 ms clock, 1.1+0.33/0.67/0.017+1.2 ms cpu, 4->5->2 MB, 4 MB goal, 0 MB stacks, 0 MB globals, 20 P
gc 7032 @13.687s 7%: 0.18+0.44+0.061 ms clock, 3.7+0.38/0.63/0.004+1.2 ms cpu, 4->5->2 MB, 5 MB goal, 0 MB stacks, 0 MB globals, 20 P
gc 7033 @13.688s 7%: 0.049+0.31+0.079 ms clock, 0.99+0.28/0.54/0+1.5 ms cpu, 4->5->2 MB, 5 MB goal, 0 MB stacks, 0 MB globals, 20 P
gc 7034 @13.689s 7%: 0.065+0.37+0.075 ms clock, 1.3+0.29/0.60/0.003+1.5 ms cpu, 4->4->2 MB, 4 MB goal, 0 MB stacks, 0 MB globals, 20 P
gc 7035 @13.690s 7%: 0.068+0.48+0.012 ms clock, 1.3+0.32/0.63/0.001+0.24 ms cpu, 3->4->2 MB, 4 MB goal, 0 MB stacks, 0 MB globals, 20 P
gc 7036 @13.692s 7%: 0.084+0.65+0.033 ms clock, 1.6+0.24/0.64/0.025+0.66 ms cpu, 4->5->2 MB, 5 MB goal, 0 MB stacks, 0 MB globals, 20 P
gc 7037 @13.694s 7%: 0.049+0.29+0.053 ms clock, 0.98+0.13/0.73/0+1.0 ms cpu, 4->5->2 MB, 5 MB goal, 0 MB stacks, 0 MB globals, 20 P
gc 7038 @13.695s 7%: 0.052+0.66+0.080 ms clock, 1.0+0.22/0.68/0+1.6 ms cpu, 3->5->2 MB, 4 MB goal, 0 MB stacks, 0 MB globals, 20 P
gc 7039 @13.697s 7%: 0.010+0.44+0.063 ms clock, 0.21+0.14/0.67/0.006+1.2 ms cpu, 4->5->2 MB, 5 MB goal, 0 MB stacks, 0 MB globals, 20 P
gc 7040 @13.698s 7%: 0.073+0.36+0.054 ms clock, 1.4+0.35/0.56/0.020+1.0 ms cpu, 4->5->2 MB, 5 MB goal, 0 MB stacks, 0 MB globals, 20 P
gc 7041 @13.699s 7%: 0.046+0.44+0.048 ms clock, 0.92+0.30/0.66/0.045+0.96 ms cpu, 4->4->2 MB, 4 MB goal, 0 MB stacks, 0 MB globals, 20 P
gc 7042 @13.700s 7%: 0.039+0.37+0.068 ms clock, 0.78+0.23/0.70/0+1.3 ms cpu, 4->4->2 MB, 4 MB goal, 0 MB stacks, 0 MB globals, 20 P
gc 7043 @13.702s 7%: 0.069+0.60+0.031 ms clock, 1.3+0.28/0.71/0.072+0.63 ms cpu, 4->5->2 MB, 4 MB goal, 0 MB stacks, 0 MB globals, 20 P
gc 7044 @13.703s 7%: 0.032+0.41+0.054 ms clock, 0.64+0.40/0.53/0.059+1.0 ms cpu, 4->5->2 MB, 5 MB goal, 0 MB stacks, 0 MB globals, 20 P
gc 7045 @13.705s 7%: 0.074+0.34+0.012 ms clock, 1.4+0.25/0.66/0+0.25 ms cpu, 4->4->2 MB, 5 MB goal, 0 MB stacks, 0 MB globals, 20 P
gc 7046 @13.706s 7%: 0.048+0.55+0.029 ms clock, 0.96+0.33/0.57/0.12+0.59 ms cpu, 3->5->2 MB, 4 MB goal, 0 MB stacks, 0 MB globals, 20 P
gc 7047 @13.708s 7%: 0.026+0.35+0.074 ms clock, 0.53+0.24/0.61/0.046+1.4 ms cpu, 4->5->2 MB, 5 MB goal, 0 MB stacks, 0 MB globals, 20 P
gc 7048 @13.709s 7%: 0.078+0.36+0.074 ms clock, 1.5+0.34/0.60/0.006+1.4 ms cpu, 4->4->2 MB, 4 MB goal, 0 MB stacks, 0 MB globals, 20 P
gc 7049 @13.710s 7%: 0.072+0.27+0.024 ms clock, 1.4+0.28/0.63/0.032+0.49 ms cpu, 4->4->2 MB, 4 MB goal, 0 MB stacks, 0 MB globals, 20 P
gc 7050 @13.711s 7%: 0.072+0.48+0.076 ms clock, 1.4+0.35/0.58/0.052+1.5 ms cpu, 3->4->2 MB, 4 MB goal, 0 MB stacks, 0 MB globals, 20 P
gc 7051 @13.712s 7%: 0.071+0.40+0.10 ms clock, 1.4+0.33/0.60/0.001+2.1 ms cpu, 4->5->2 MB, 5 MB goal, 0 MB stacks, 0 MB globals, 20 P
gc 7052 @13.714s 7%: 0.087+0.40+0.037 ms clock, 1.7+0.35/0.65/0.002+0.74 ms cpu, 4->5->2 MB, 5 MB goal, 0 MB stacks, 0 MB globals, 20 P
gc 7053 @13.715s 7%: 0.077+0.49+0.086 ms clock, 1.5+0.36/0.72/0.014+1.7 ms cpu, 4->5->2 MB, 5 MB goal, 0 MB stacks, 0 MB globals, 20 P
gc 7054 @13.717s 7%: 0.039+0.36+0.068 ms clock, 0.78+0.35/0.67/0+1.3 ms cpu, 4->5->2 MB, 5 MB goal, 0 MB stacks, 0 MB globals, 20 P
gc 7055 @13.718s 7%: 0.037+0.37+0.042 ms clock, 0.74+0.25/0.59/0.072+0.85 ms cpu, 4->5->2 MB, 5 MB goal, 0 MB stacks, 0 MB globals, 20 P
gc 7056 @13.719s 7%: 0.045+0.35+0.062 ms clock, 0.90+0.30/0.65/0.030+1.2 ms cpu, 4->4->2 MB, 4 MB goal, 0 MB stacks, 0 MB globals, 20 P
gc 7057 @13.720s 7%: 0.038+0.62+0.10 ms clock, 0.77+0.36/0.71/0.029+2.0 ms cpu, 4->5->2 MB, 4 MB goal, 0 MB stacks, 0 MB globals, 20 P
gc 7058 @13.722s 7%: 0.071+0.37+0.034 ms clock, 1.4+0.36/0.67/0.006+0.69 ms cpu, 4->5->2 MB, 5 MB goal, 0 MB stacks, 0 MB globals, 20 P
gc 7059 @13.723s 7%: 3.0+0.49+0.012 ms clock, 60+0.22/0.65/0+0.25 ms cpu, 4->5->2 MB, 4 MB goal, 0 MB stacks, 0 MB globals, 20 P
gc 7060 @13.727s 7%: 0.041+0.59+0.019 ms clock, 0.83+0.44/0.69/0+0.39 ms cpu, 4->6->3 MB, 5 MB goal, 0 MB stacks, 0 MB globals, 20 P
gc 7061 @13.728s 7%: 0.069+0.62+0.036 ms clock, 1.3+0.70/0.64/0+0.72 ms cpu, 5->7->3 MB, 6 MB goal, 0 MB stacks, 0 MB globals, 20 P
gc 7062 @13.729s 7%: 0.059+0.85+0.025 ms clock, 1.1+0.45/0.59/0+0.51 ms cpu, 6->8->3 MB, 7 MB goal, 0 MB stacks, 0 MB globals, 20 P
gc 7063 @13.731s 7%: 0.070+0.43+0.086 ms clock, 1.4+0.40/0.58/0.071+1.7 ms cpu, 6->7->2 MB, 7 MB goal, 0 MB stacks, 0 MB globals, 20 P
gc 7064 @13.732s 7%: 0.040+0.44+0.060 ms clock, 0.80+0.27/0.58/0.22+1.2 ms cpu, 4->5->2 MB, 5 MB goal, 0 MB stacks, 0 MB globals, 20 P
gc 7065 @13.734s 7%: 0.074+0.37+0.066 ms clock, 1.4+0.35/0.72/0.069+1.3 ms cpu, 4->4->2 MB, 4 MB goal, 0 MB stacks, 0 MB globals, 20 P
gc 7066 @13.735s 7%: 0.076+0.33+0.076 ms clock, 1.5+0.29/0.64/0.038+1.5 ms cpu, 3->4->2 MB, 4 MB goal, 0 MB stacks, 0 MB globals, 20 P
gc 7067 @13.736s 7%: 0.059+0.43+0.064 ms clock, 1.1+0.32/0.61/0.017+1.2 ms cpu, 4->5->2 MB, 5 MB goal, 0 MB stacks, 0 MB globals, 20 P
gc 7068 @13.737s 7%: 0.065+0.30+0.084 ms clock, 1.3+0.26/0.66/0.001+1.6 ms cpu, 4->5->2 MB, 5 MB goal, 0 MB stacks, 0 MB globals, 20 P
gc 7069 @13.738s 7%: 0.079+0.34+0.018 ms clock, 1.5+0.33/0.61/0.015+0.36 ms cpu, 4->4->2 MB, 4 MB goal, 0 MB stacks, 0 MB globals, 20 P
gc 7070 @13.739s 7%: 0.062+0.49+0.061 ms clock, 1.2+0.22/0.66/0+1.2 ms cpu, 3->4->2 MB, 4 MB goal, 0 MB stacks, 0 MB globals, 20 P
gc 7071 @13.741s 7%: 0.077+0.37+0.059 ms clock, 1.5+0.36/0.54/0.034+1.1 ms cpu, 4->5->2 MB, 5 MB goal, 0 MB stacks, 0 MB globals, 20 P
gc 7072 @13.742s 7%: 0.066+0.32+0.032 ms clock, 1.3+0.38/0.63/0.008+0.65 ms cpu, 4->5->2 MB, 5 MB goal, 0 MB stacks, 0 MB globals, 20 P
gc 7073 @13.743s 7%: 0.076+0.31+0.035 ms clock, 1.5+0.43/0.73/0+0.70 ms cpu, 4->4->2 MB, 4 MB goal, 0 MB stacks, 0 MB globals, 20 P
gc 7074 @13.745s 7%: 0.071+0.40+0.067 ms clock, 1.4+0.25/0.72/0.057+1.3 ms cpu, 4->5->2 MB, 5 MB goal, 0 MB stacks, 0 MB globals, 20 P
gc 7075 @13.746s 7%: 0.063+0.34+0.042 ms clock, 1.2+0.25/0.63/0.006+0.84 ms cpu, 4->5->2 MB, 4 MB goal, 0 MB stacks, 0 MB globals, 20 P
gc 7076 @13.747s 7%: 0.065+0.30+0.065 ms clock, 1.3+0.34/0.70/0.016+1.3 ms cpu, 4->4->2 MB, 4 MB goal, 0 MB stacks, 0 MB globals, 20 P
gc 7077 @13.748s 7%: 0.075+0.50+0.031 ms clock, 1.5+0.28/0.63/0+0.62 ms cpu, 4->4->2 MB, 4 MB goal, 0 MB stacks, 0 MB globals, 20 P
gc 7078 @13.750s 7%: 0.068+0.85+0.012 ms clock, 1.3+0.24/0.71/0+0.24 ms cpu, 4->5->2 MB, 5 MB goal, 0 MB stacks, 0 MB globals, 20 P
gc 7079 @13.752s 7%: 0.074+0.44+0.047 ms clock, 1.4+0.31/0.62/0+0.94 ms cpu, 4->5->2 MB, 5 MB goal, 0 MB stacks, 0 MB globals, 20 P
gc 7080 @13.753s 7%: 0.059+0.32+0.087 ms clock, 1.1+0.33/0.59/0.11+1.7 ms cpu, 4->4->2 MB, 5 MB goal, 0 MB stacks, 0 MB globals, 20 P
gc 7081 @13.754s 7%: 0.064+0.28+0.078 ms clock, 1.2+0.32/0.60/0.008+1.5 ms cpu, 3->4->1 MB, 4 MB goal, 0 MB stacks, 0 MB globals, 20 P
gc 7082 @13.755s 7%: 0.074+0.34+0.068 ms clock, 1.4+0.37/0.65/0.051+1.3 ms cpu, 3->4->2 MB, 4 MB goal, 0 MB stacks, 0 MB globals, 20 P
gc 7083 @13.756s 7%: 0.070+0.27+0.049 ms clock, 1.4+0.29/0.64/0.094+0.99 ms cpu, 4->4->2 MB, 4 MB goal, 0 MB stacks, 0 MB globals, 20 P
gc 7084 @13.757s 7%: 0.073+0.34+0.036 ms clock, 1.4+0.34/0.59/0+0.73 ms cpu, 3->4->2 MB, 4 MB goal, 0 MB stacks, 0 MB globals, 20 P
gc 7085 @13.758s 7%: 0.095+0.45+0.039 ms clock, 1.9+0.38/0.62/0.008+0.78 ms cpu, 4->5->2 MB, 4 MB goal, 0 MB stacks, 0 MB globals, 20 P
gc 7086 @13.760s 7%: 0.053+0.29+0.065 ms clock, 1.0+0.36/0.62/0.007+1.3 ms cpu, 4->5->2 MB, 5 MB goal, 0 MB stacks, 0 MB globals, 20 P
gc 7087 @13.761s 7%: 0.068+0.48+0.018 ms clock, 1.3+0.34/0.63/0.009+0.36 ms cpu, 3->5->2 MB, 4 MB goal, 0 MB stacks, 0 MB globals, 20 P
gc 7088 @13.762s 7%: 0.056+0.45+0.071 ms clock, 1.1+0.41/0.64/0.003+1.4 ms cpu, 4->5->2 MB, 5 MB goal, 0 MB stacks, 0 MB globals, 20 P
gc 7089 @13.764s 7%: 0.070+0.37+0.087 ms clock, 1.4+0.36/0.64/0.022+1.7 ms cpu, 4->5->2 MB, 5 MB goal, 0 MB stacks, 0 MB globals, 20 P
gc 7090 @13.766s 7%: 0.022+0.47+0.055 ms clock, 0.44+0.033/0.85/0.012+1.1 ms cpu, 4->5->2 MB, 4 MB goal, 0 MB stacks, 0 MB globals, 20 P
gc 7091 @13.767s 7%: 0.085+0.40+0.060 ms clock, 1.7+0.40/0.63/0.019+1.2 ms cpu, 4->5->2 MB, 5 MB goal, 0 MB stacks, 0 MB globals, 20 P
gc 7092 @13.769s 7%: 0.081+0.46+0.031 ms clock, 1.6+0.40/0.64/0.029+0.62 ms cpu, 4->5->2 MB, 5 MB goal, 0 MB stacks, 0 MB globals, 20 P
gc 7093 @13.770s 7%: 0.078+0.31+0.074 ms clock, 1.5+0.25/0.58/0.022+1.4 ms cpu, 4->5->2 MB, 5 MB goal, 0 MB stacks, 0 MB globals, 20 P
gc 7094 @13.771s 7%: 0.047+0.53+0.075 ms clock, 0.95+0.30/0.68/0+1.5 ms cpu, 3->4->2 MB, 4 MB goal, 0 MB stacks, 0 MB globals, 20 P
gc 7095 @13.772s 7%: 0.075+0.33+0.069 ms clock, 1.5+0.27/0.57/0+1.3 ms cpu, 4->4->2 MB, 5 MB goal, 0 MB stacks, 0 MB globals, 20 P
gc 7096 @13.773s 7%: 0.024+0.50+0.068 ms clock, 0.49+0.27/0.69/0.003+1.3 ms cpu, 4->5->2 MB, 4 MB goal, 0 MB stacks, 0 MB globals, 20 P
gc 7097 @13.774s 7%: 0.030+0.48+0.084 ms clock, 0.61+0.22/0.64/0.14+1.6 ms cpu, 4->5->2 MB, 5 MB goal, 0 MB stacks, 0 MB globals, 20 P
gc 7098 @13.776s 7%: 0.062+0.35+0.071 ms clock, 1.2+0.41/0.52/0.085+1.4 ms cpu, 4->5->2 MB, 5 MB goal, 0 MB stacks, 0 MB globals, 20 P
gc 7099 @13.777s 7%: 0.059+0.55+0.068 ms clock, 1.1+0.23/0.63/0.13+1.3 ms cpu, 4->4->2 MB, 4 MB goal, 0 MB stacks, 0 MB globals, 20 P
gc 7100 @13.778s 7%: 0.028+0.27+0.066 ms clock, 0.56+0.17/0.64/0.21+1.3 ms cpu, 4->4->1 MB, 5 MB goal, 0 MB stacks, 0 MB globals, 20 P
gc 7101 @13.779s 7%: 0.067+0.44+0.006 ms clock, 1.3+0.40/0.75/0+0.12 ms cpu, 3->4->2 MB, 4 MB goal, 0 MB stacks, 0 MB globals, 20 P
gc 7102 @13.780s 7%: 0.059+0.30+0.069 ms clock, 1.1+0.34/0.65/0.012+1.3 ms cpu, 4->4->2 MB, 5 MB goal, 0 MB stacks, 0 MB globals, 20 P
gc 7103 @13.781s 7%: 0.075+0.46+0.071 ms clock, 1.5+0.33/0.72/0+1.4 ms cpu, 3->4->2 MB, 4 MB goal, 0 MB stacks, 0 MB globals, 20 P
gc 7104 @13.783s 7%: 0.044+0.44+0.058 ms clock, 0.89+0.50/0.62/0.009+1.1 ms cpu, 4->5->2 MB, 5 MB goal, 0 MB stacks, 0 MB globals, 20 P
gc 7105 @13.784s 7%: 0.086+0.62+0.055 ms clock, 1.7+0.36/0.67/0.009+1.1 ms cpu, 4->5->2 MB, 5 MB goal, 0 MB stacks, 0 MB globals, 20 P
gc 7106 @13.786s 7%: 0.037+0.55+0.051 ms clock, 0.74+0.31/0.67/0.033+1.0 ms cpu, 4->5->2 MB, 5 MB goal, 0 MB stacks, 0 MB globals, 20 P
gc 7107 @13.788s 7%: 0.055+0.60+0.068 ms clock, 1.1+0.19/0.72/0.002+1.3 ms cpu, 4->5->2 MB, 5 MB goal, 0 MB stacks, 0 MB globals, 20 P
gc 7108 @13.789s 7%: 0.077+0.27+0.096 ms clock, 1.5+0.30/0.56/0.001+1.9 ms cpu, 4->5->2 MB, 5 MB goal, 0 MB stacks, 0 MB globals, 20 P
gc 7109 @13.790s 7%: 0.050+0.35+0.071 ms clock, 1.0+0.47/0.66/0.065+1.4 ms cpu, 3->4->2 MB, 4 MB goal, 0 MB stacks, 0 MB globals, 20 P
gc 7110 @13.791s 7%: 0.045+0.40+0.059 ms clock, 0.90+0.32/0.54/0.049+1.1 ms cpu, 3->4->2 MB, 4 MB goal, 0 MB stacks, 0 MB globals, 20 P
gc 7111 @13.792s 7%: 0.098+0.28+0.016 ms clock, 1.9+0.33/0.64/0.040+0.33 ms cpu, 3->4->2 MB, 4 MB goal, 0 MB stacks, 0 MB globals, 20 P
gc 7112 @13.793s 7%: 0.080+0.43+0.027 ms clock, 1.6+0.33/0.64/0+0.55 ms cpu, 3->4->2 MB, 4 MB goal, 0 MB stacks, 0 MB globals, 20 P
gc 7113 @13.794s 7%: 0.049+0.38+0.028 ms clock, 0.98+0.30/0.61/0.004+0.56 ms cpu, 4->4->2 MB, 5 MB goal, 0 MB stacks, 0 MB globals, 20 P
gc 7114 @13.795s 7%: 0.027+0.42+0.057 ms clock, 0.54+0.27/0.66/0.004+1.1 ms cpu, 3->4->2 MB, 4 MB goal, 0 MB stacks, 0 MB globals, 20 P
gc 7115 @13.797s 7%: 0.073+0.44+0.064 ms clock, 1.4+0.33/0.79/0+1.2 ms cpu, 3->5->2 MB, 4 MB goal, 0 MB stacks, 0 MB globals, 20 P
gc 7116 @13.798s 7%: 0.059+0.51+0.032 ms clock, 1.1+0.25/0.63/0+0.65 ms cpu, 4->5->2 MB, 5 MB goal, 0 MB stacks, 0 MB globals, 20 P
gc 7117 @13.800s 7%: 0.057+0.37+0.036 ms clock, 1.1+0.26/0.62/0.060+0.72 ms cpu, 4->5->2 MB, 5 MB goal, 0 MB stacks, 0 MB globals, 20 P
gc 7118 @13.801s 7%: 0.076+0.31+0.062 ms clock, 1.5+0.39/0.64/0+1.2 ms cpu, 3->4->2 MB, 4 MB goal, 0 MB stacks, 0 MB globals, 20 P
gc 7119 @13.802s 7%: 0.036+0.29+0.026 ms clock, 0.72+0.21/0.66/0.054+0.53 ms cpu, 3->4->2 MB, 4 MB goal, 0 MB stacks, 0 MB globals, 20 P
gc 7120 @13.803s 7%: 0.061+0.42+0.079 ms clock, 1.2+0.34/0.65/0+1.5 ms cpu, 3->4->2 MB, 4 MB goal, 0 MB stacks, 0 MB globals, 20 P
gc 7121 @13.804s 7%: 0.044+0.45+0.068 ms clock, 0.88+0.28/0.73/0.037+1.3 ms cpu, 4->5->2 MB, 5 MB goal, 0 MB stacks, 0 MB globals, 20 P
gc 7122 @13.806s 7%: 0.029+0.37+0.059 ms clock, 0.58+0.23/0.64/0+1.1 ms cpu, 4->5->2 MB, 5 MB goal, 0 MB stacks, 0 MB globals, 20 P
gc 7123 @13.807s 7%: 0.054+0.43+0.060 ms clock, 1.0+0.31/0.67/0+1.2 ms cpu, 4->5->2 MB, 4 MB goal, 0 MB stacks, 0 MB globals, 20 P
gc 7124 @13.808s 7%: 0.044+0.34+0.085 ms clock, 0.88+0.23/0.72/0.069+1.7 ms cpu, 4->5->2 MB, 5 MB goal, 0 MB stacks, 0 MB globals, 20 P
gc 7125 @13.810s 7%: 0.072+0.31+0.061 ms clock, 1.4+0.27/0.55/0.11+1.2 ms cpu, 4->4->2 MB, 4 MB goal, 0 MB stacks, 0 MB globals, 20 P
gc 7126 @13.811s 7%: 0.072+0.33+0.073 ms clock, 1.4+0.37/0.61/0.017+1.4 ms cpu, 4->4->2 MB, 4 MB goal, 0 MB stacks, 0 MB globals, 20 P
gc 7127 @13.812s 7%: 0.067+0.36+0.029 ms clock, 1.3+0.37/0.58/0+0.59 ms cpu, 4->5->2 MB, 5 MB goal, 0 MB stacks, 0 MB globals, 20 P
gc 7128 @13.813s 7%: 0.077+0.42+0.046 ms clock, 1.5+0.24/0.63/0.003+0.93 ms cpu, 4->5->2 MB, 5 MB goal, 0 MB stacks, 0 MB globals, 20 P
gc 7129 @13.814s 7%: 0.078+0.69+0.069 ms clock, 1.5+0.34/0.66/0.073+1.3 ms cpu, 4->5->2 MB, 5 MB goal, 0 MB stacks, 0 MB globals, 20 P
gc 7130 @13.816s 7%: 0.086+0.41+0.031 ms clock, 1.7+0.38/0.68/0+0.62 ms cpu, 4->5->2 MB, 5 MB goal, 0 MB stacks, 0 MB globals, 20 P
gc 7131 @13.818s 7%: 0.050+0.35+0.080 ms clock, 1.0+0.20/0.62/0.035+1.6 ms cpu, 4->5->2 MB, 5 MB goal, 0 MB stacks, 0 MB globals, 20 P
gc 7132 @13.819s 7%: 0.094+0.49+0.11 ms clock, 1.8+0.29/0.56/0.050+2.2 ms cpu, 4->5->2 MB, 4 MB goal, 0 MB stacks, 0 MB globals, 20 P
gc 7133 @13.820s 7%: 0.043+0.42+0.072 ms clock, 0.86+0.36/0.74/0.015+1.4 ms cpu, 4->5->2 MB, 5 MB goal, 0 MB stacks, 0 MB globals, 20 P
gc 7134 @13.822s 7%: 0.070+0.39+0.067 ms clock, 1.4+0.26/0.64/0.032+1.3 ms cpu, 4->5->2 MB, 5 MB goal, 0 MB stacks, 0 MB globals, 20 P
gc 7135 @13.823s 7%: 0.066+0.42+0.082 ms clock, 1.3+0.21/0.62/0.002+1.6 ms cpu, 4->5->2 MB, 4 MB goal, 0 MB stacks, 0 MB globals, 20 P
gc 7136 @13.824s 7%: 0.076+0.40+0.047 ms clock, 1.5+0.30/0.55/0+0.94 ms cpu, 4->5->2 MB, 4 MB goal, 0 MB stacks, 0 MB globals, 20 P
gc 7137 @13.825s 7%: 0.068+0.51+0.069 ms clock, 1.3+0.44/0.56/0.002+1.3 ms cpu, 4->5->2 MB, 5 MB goal, 0 MB stacks, 0 MB globals, 20 P
gc 7138 @13.826s 7%: 0.10+0.47+0.058 ms clock, 2.0+0.27/0.61/0+1.1 ms cpu, 4->5->2 MB, 5 MB goal, 0 MB stacks, 0 MB globals, 20 P
gc 7139 @13.828s 7%: 0.060+0.34+0.067 ms clock, 1.2+0.25/0.61/0.050+1.3 ms cpu, 4->5->2 MB, 5 MB goal, 0 MB stacks, 0 MB globals, 20 P
gc 7140 @13.829s 7%: 0.040+0.42+0.020 ms clock, 0.80+0.30/0.59/0.007+0.41 ms cpu, 3->4->2 MB, 4 MB goal, 0 MB stacks, 0 MB globals, 20 P
gc 7141 @13.831s 7%: 0.041+0.29+0.068 ms clock, 0.82+0.17/0.70/0+1.3 ms cpu, 4->4->2 MB, 5 MB goal, 0 MB stacks, 0 MB globals, 20 P
gc 7142 @13.832s 7%: 0.080+0.38+0.045 ms clock, 1.6+0.32/0.63/0+0.91 ms cpu, 3->4->2 MB, 4 MB goal, 0 MB stacks, 0 MB globals, 20 P
gc 7143 @13.833s 7%: 0.087+0.48+0.081 ms clock, 1.7+0.30/0.66/0.026+1.6 ms cpu, 4->5->2 MB, 4 MB goal, 0 MB stacks, 0 MB globals, 20 P
gc 7144 @13.834s 7%: 0.091+0.35+0.013 ms clock, 1.8+0.29/0.66/0.088+0.26 ms cpu, 4->5->2 MB, 5 MB goal, 0 MB stacks, 0 MB globals, 20 P
gc 7145 @13.836s 7%: 0.051+0.49+0.051 ms clock, 1.0+0.22/0.69/0.070+1.0 ms cpu, 4->5->2 MB, 5 MB goal, 0 MB stacks, 0 MB globals, 20 P
gc 7146 @13.837s 7%: 0.068+0.29+0.080 ms clock, 1.3+0.37/0.62/0.017+1.6 ms cpu, 4->5->2 MB, 5 MB goal, 0 MB stacks, 0 MB globals, 20 P
gc 7147 @13.838s 7%: 0.063+0.34+0.071 ms clock, 1.2+0.34/0.70/0+1.4 ms cpu, 3->4->2 MB, 4 MB goal, 0 MB stacks, 0 MB globals, 20 P
gc 7148 @13.840s 7%: 0.075+0.38+0.019 ms clock, 1.5+0.38/0.55/0+0.38 ms cpu, 4->5->2 MB, 5 MB goal, 0 MB stacks, 0 MB globals, 20 P
gc 7149 @13.841s 7%: 0.044+0.49+0.035 ms clock, 0.89+0.32/0.63/0.002+0.70 ms cpu, 4->4->2 MB, 4 MB goal, 0 MB stacks, 0 MB globals, 20 P
gc 7150 @13.842s 7%: 0.035+0.40+0.082 ms clock, 0.70+0.38/0.54/0.002+1.6 ms cpu, 4->4->2 MB, 4 MB goal, 0 MB stacks, 0 MB globals, 20 P
gc 7151 @13.844s 7%: 0.059+0.34+0.067 ms clock, 1.1+0.11/0.69/0+1.3 ms cpu, 3->4->2 MB, 4 MB goal, 0 MB stacks, 0 MB globals, 20 P
gc 7152 @13.845s 7%: 0.041+0.53+0.050 ms clock, 0.82+0.34/0.65/0.025+1.0 ms cpu, 4->5->2 MB, 4 MB goal, 0 MB stacks, 0 MB globals, 20 P
gc 7153 @13.847s 7%: 0.051+0.39+0.039 ms clock, 1.0+0.26/0.68/0.068+0.78 ms cpu, 4->5->2 MB, 5 MB goal, 0 MB stacks, 0 MB globals, 20 P
gc 7154 @13.848s 7%: 0.079+0.48+0.052 ms clock, 1.5+0.30/0.59/0.021+1.0 ms cpu, 4->5->2 MB, 4 MB goal, 0 MB stacks, 0 MB globals, 20 P
gc 7155 @13.849s 7%: 0.047+0.33+0.072 ms clock, 0.95+0.28/0.69/0.008+1.4 ms cpu, 4->4->2 MB, 5 MB goal, 0 MB stacks, 0 MB globals, 20 P
gc 7156 @13.850s 7%: 0.10+0.36+0.037 ms clock, 2.1+0.49/0.64/0+0.74 ms cpu, 3->4->2 MB, 4 MB goal, 0 MB stacks, 0 MB globals, 20 P
gc 7157 @13.852s 7%: 0.043+0.39+0.023 ms clock, 0.87+0.093/0.67/0.033+0.46 ms cpu, 4->5->2 MB, 4 MB goal, 0 MB stacks, 0 MB globals, 20 P
gc 7158 @13.853s 7%: 0.070+0.27+0.087 ms clock, 1.4+0.35/0.65/0.021+1.7 ms cpu, 4->4->2 MB, 4 MB goal, 0 MB stacks, 0 MB globals, 20 P
gc 7159 @13.854s 7%: 0.077+0.36+0.072 ms clock, 1.5+0.34/0.76/0.017+1.4 ms cpu, 3->4->2 MB, 4 MB goal, 0 MB stacks, 0 MB globals, 20 P
gc 7160 @13.855s 7%: 0.064+0.38+0.059 ms clock, 1.2+0.30/0.62/0.007+1.1 ms cpu, 4->5->2 MB, 4 MB goal, 0 MB stacks, 0 MB globals, 20 P
gc 7161 @13.857s 7%: 0.075+0.30+0.030 ms clock, 1.5+0.30/0.57/0+0.61 ms cpu, 4->5->2 MB, 5 MB goal, 0 MB stacks, 0 MB globals, 20 P
gc 7162 @13.858s 7%: 0.068+0.26+0.042 ms clock, 1.3+0.40/0.70/0+0.85 ms cpu, 4->4->2 MB, 5 MB goal, 0 MB stacks, 0 MB globals, 20 P
gc 7163 @13.859s 7%: 0.072+0.26+0.009 ms clock, 1.4+0.25/0.66/0.018+0.19 ms cpu, 3->4->1 MB, 4 MB goal, 0 MB stacks, 0 MB globals, 20 P
gc 7164 @13.860s 7%: 0.066+0.38+0.063 ms clock, 1.3+0.25/0.66/0.002+1.2 ms cpu, 3->4->2 MB, 4 MB goal, 0 MB stacks, 0 MB globals, 20 P
gc 7165 @13.861s 7%: 0.066+0.42+0.072 ms clock, 1.3+0.33/0.60/0.056+1.4 ms cpu, 4->5->2 MB, 4 MB goal, 0 MB stacks, 0 MB globals, 20 P
gc 7166 @13.863s 7%: 0.092+0.28+0.072 ms clock, 1.8+0.22/0.62/0.004+1.4 ms cpu, 4->4->2 MB, 4 MB goal, 0 MB stacks, 0 MB globals, 20 P
gc 7167 @13.864s 7%: 0.071+0.32+0.076 ms clock, 1.4+0.30/0.64/0.011+1.5 ms cpu, 3->4->2 MB, 4 MB goal, 0 MB stacks, 0 MB globals, 20 P
gc 7168 @13.865s 7%: 0.071+0.37+0.077 ms clock, 1.4+0.41/0.61/0.003+1.5 ms cpu, 4->5->2 MB, 4 MB goal, 0 MB stacks, 0 MB globals, 20 P
gc 7169 @13.866s 7%: 0.098+0.26+0.061 ms clock, 1.9+0.20/0.70/0+1.2 ms cpu, 4->4->2 MB, 5 MB goal, 0 MB stacks, 0 MB globals, 20 P
gc 7170 @13.867s 7%: 0.066+0.46+0.058 ms clock, 1.3+0.53/0.68/0.038+1.1 ms cpu, 3->4->2 MB, 4 MB goal, 0 MB stacks, 0 MB globals, 20 P
gc 7171 @13.868s 7%: 0.088+0.37+0.047 ms clock, 1.7+0.41/0.59/0.001+0.95 ms cpu, 4->5->2 MB, 5 MB goal, 0 MB stacks, 0 MB globals, 20 P
gc 7172 @13.870s 7%: 0.037+0.39+0.042 ms clock, 0.75+0.30/0.63/0.052+0.84 ms cpu, 4->5->2 MB, 5 MB goal, 0 MB stacks, 0 MB globals, 20 P
gc 7173 @13.871s 7%: 0.082+0.44+0.013 ms clock, 1.6+0.27/0.62/0.062+0.27 ms cpu, 4->5->2 MB, 4 MB goal, 0 MB stacks, 0 MB globals, 20 P
gc 7174 @13.873s 7%: 0.078+0.40+0.091 ms clock, 1.5+0.37/0.53/0.051+1.8 ms cpu, 4->5->2 MB, 5 MB goal, 0 MB stacks, 0 MB globals, 20 P
gc 7175 @13.874s 7%: 0.087+0.24+0.057 ms clock, 1.7+0.47/0.52/0.038+1.1 ms cpu, 4->4->2 MB, 4 MB goal, 0 MB stacks, 0 MB globals, 20 P
gc 7176 @13.875s 7%: 0.11+0.43+0.023 ms clock, 2.2+0.29/0.60/0.027+0.47 ms cpu, 3->4->2 MB, 4 MB goal, 0 MB stacks, 0 MB globals, 20 P
gc 7177 @13.876s 7%: 0.057+0.43+0.050 ms clock, 1.1+0.33/0.67/0.003+1.0 ms cpu, 4->4->2 MB, 5 MB goal, 0 MB stacks, 0 MB globals, 20 P
gc 7178 @13.878s 7%: 0.063+0.96+0.003 ms clock, 1.2+0.32/0.71/0.008+0.072 ms cpu, 3->5->2 MB, 4 MB goal, 0 MB stacks, 0 MB globals, 20 P
gc 7179 @13.879s 7%: 0.063+0.56+0.064 ms clock, 1.2+0.41/0.64/0.007+1.2 ms cpu, 4->5->2 MB, 5 MB goal, 0 MB stacks, 0 MB globals, 20 P
gc 7180 @13.881s 7%: 0.040+0.37+0.063 ms clock, 0.80+0.32/0.62/0.056+1.2 ms cpu, 5->5->2 MB, 6 MB goal, 0 MB stacks, 0 MB globals, 20 P
gc 7181 @13.882s 7%: 0.068+0.48+0.12 ms clock, 1.3+0.14/0.65/0+2.5 ms cpu, 4->5->2 MB, 4 MB goal, 0 MB stacks, 0 MB globals, 20 P
gc 7182 @13.883s 7%: 0.032+0.52+0.069 ms clock, 0.65+0.41/0.69/0.042+1.3 ms cpu, 4->5->2 MB, 5 MB goal, 0 MB stacks, 0 MB globals, 20 P
gc 7183 @13.885s 7%: 0.038+0.34+0.057 ms clock, 0.76+0.28/0.61/0.052+1.1 ms cpu, 4->5->2 MB, 5 MB goal, 0 MB stacks, 0 MB globals, 20 P
gc 7184 @13.886s 7%: 0.078+0.38+0.082 ms clock, 1.5+0.25/0.65/0+1.6 ms cpu, 4->5->2 MB, 4 MB goal, 0 MB stacks, 0 MB globals, 20 P
gc 7185 @13.887s 7%: 0.056+0.43+0.051 ms clock, 1.1+0.32/0.77/0+1.0 ms cpu, 4->5->2 MB, 5 MB goal, 0 MB stacks, 0 MB globals, 20 P
gc 7186 @13.888s 7%: 0.073+0.42+0.070 ms clock, 1.4+0.34/0.59/0.028+1.4 ms cpu, 4->5->2 MB, 5 MB goal, 0 MB stacks, 0 MB globals, 20 P
gc 7187 @13.890s 7%: 0.048+0.68+0.023 ms clock, 0.97+0.32/0.56/0.031+0.47 ms cpu, 4->5->2 MB, 5 MB goal, 0 MB stacks, 0 MB globals, 20 P
gc 7188 @13.892s 7%: 0.10+0.47+0.053 ms clock, 2.0+0.31/0.66/0.017+1.0 ms cpu, 4->5->2 MB, 5 MB goal, 0 MB stacks, 0 MB globals, 20 P
gc 7189 @13.893s 7%: 0.056+0.45+0.072 ms clock, 1.1+0.42/0.64/0.040+1.4 ms cpu, 4->5->2 MB, 4 MB goal, 0 MB stacks, 0 MB globals, 20 P
gc 7190 @13.894s 7%: 0.038+0.29+0.082 ms clock, 0.77+0.41/0.64/0.051+1.6 ms cpu, 4->5->2 MB, 5 MB goal, 0 MB stacks, 0 MB globals, 20 P
gc 7191 @13.895s 7%: 0.073+0.53+0.007 ms clock, 1.4+0.42/0.65/0+0.14 ms cpu, 4->5->2 MB, 4 MB goal, 0 MB stacks, 0 MB globals, 20 P
gc 7192 @13.897s 7%: 0.056+0.33+0.068 ms clock, 1.1+0.35/0.71/0.004+1.3 ms cpu, 4->5->2 MB, 5 MB goal, 0 MB stacks, 0 MB globals, 20 P
gc 7193 @13.898s 7%: 0.080+0.33+0.047 ms clock, 1.6+0.36/0.64/0.005+0.95 ms cpu, 4->5->2 MB, 5 MB goal, 0 MB stacks, 0 MB globals, 20 P
gc 7194 @13.900s 7%: 0.084+0.47+0.075 ms clock, 1.6+0.28/0.68/0+1.5 ms cpu, 4->5->2 MB, 5 MB goal, 0 MB stacks, 0 MB globals, 20 P
gc 7195 @13.901s 7%: 0.077+1.8+0.012 ms clock, 1.5+0.32/0.55/0+0.25 ms cpu, 4->6->3 MB, 5 MB goal, 0 MB stacks, 0 MB globals, 20 P
gc 7196 @13.904s 7%: 0.075+0.41+0.044 ms clock, 1.5+0.33/0.66/0+0.88 ms cpu, 5->6->2 MB, 6 MB goal, 0 MB stacks, 0 MB globals, 20 P
gc 7197 @13.905s 7%: 0.097+0.44+0.049 ms clock, 1.9+0.30/0.62/0.027+0.98 ms cpu, 4->5->2 MB, 5 MB goal, 0 MB stacks, 0 MB globals, 20 P
gc 7198 @13.907s 7%: 0.073+0.38+0.057 ms clock, 1.4+0.22/0.59/0+1.1 ms cpu, 4->5->2 MB, 5 MB goal, 0 MB stacks, 0 MB globals, 20 P
gc 7199 @13.908s 7%: 0.050+0.44+0.065 ms clock, 1.0+0.36/0.64/0+1.3 ms cpu, 4->5->2 MB, 5 MB goal, 0 MB stacks, 0 MB globals, 20 P
gc 7200 @13.909s 7%: 0.068+0.52+0.085 ms clock, 1.3+0.29/0.74/0.065+1.7 ms cpu, 4->5->2 MB, 5 MB goal, 0 MB stacks, 0 MB globals, 20 P
gc 7201 @13.910s 7%: 0.071+0.40+0.075 ms clock, 1.4+0.37/0.67/0+1.5 ms cpu, 4->5->2 MB, 5 MB goal, 0 MB stacks, 0 MB globals, 20 P
gc 7202 @13.911s 7%: 0.063+0.39+0.039 ms clock, 1.2+0.27/0.57/0.026+0.78 ms cpu, 4->5->2 MB, 5 MB goal, 0 MB stacks, 0 MB globals, 20 P
gc 7203 @13.913s 7%: 0.011+0.47+0.073 ms clock, 0.23+0.11/0.57/0.32+1.4 ms cpu, 4->5->2 MB, 4 MB goal, 0 MB stacks, 0 MB globals, 20 P
gc 7204 @13.914s 7%: 0.045+0.42+0.066 ms clock, 0.90+0.34/0.60/0.015+1.3 ms cpu, 4->5->2 MB, 5 MB goal, 0 MB stacks, 0 MB globals, 20 P
gc 7205 @13.915s 7%: 0.059+0.25+0.081 ms clock, 1.1+0.35/0.57/0+1.6 ms cpu, 4->5->2 MB, 5 MB goal, 0 MB stacks, 0 MB globals, 20 P
gc 7206 @13.916s 7%: 0.049+0.33+0.073 ms clock, 0.98+0.36/0.57/0.061+1.4 ms cpu, 4->4->2 MB, 4 MB goal, 0 MB stacks, 0 MB globals, 20 P
gc 7207 @13.918s 7%: 0.089+0.38+0.016 ms clock, 1.7+0.30/0.67/0+0.33 ms cpu, 4->5->2 MB, 4 MB goal, 0 MB stacks, 0 MB globals, 20 P
gc 7208 @13.919s 7%: 0.055+0.45+0.077 ms clock, 1.1+0.34/0.56/0+1.5 ms cpu, 4->4->2 MB, 4 MB goal, 0 MB stacks, 0 MB globals, 20 P
gc 7209 @13.920s 7%: 0.065+0.50+0.056 ms clock, 1.3+0.39/0.64/0+1.1 ms cpu, 4->5->2 MB, 4 MB goal, 0 MB stacks, 0 MB globals, 20 P
gc 7210 @13.921s 7%: 0.066+0.38+0.053 ms clock, 1.3+0.28/0.57/0.049+1.0 ms cpu, 4->5->2 MB, 5 MB goal, 0 MB stacks, 0 MB globals, 20 P
gc 7211 @13.923s 7%: 0.043+0.50+0.041 ms clock, 0.86+0.35/0.64/0.026+0.82 ms cpu, 4->5->2 MB, 4 MB goal, 0 MB stacks, 0 MB globals, 20 P
gc 7212 @13.924s 7%: 0.089+0.50+0.065 ms clock, 1.7+0.30/0.65/0+1.3 ms cpu, 4->5->2 MB, 4 MB goal, 0 MB stacks, 0 MB globals, 20 P
gc 7213 @13.925s 7%: 0.066+0.38+0.030 ms clock, 1.3+0.37/0.58/0+0.60 ms cpu, 4->5->2 MB, 5 MB goal, 0 MB stacks, 0 MB globals, 20 P
gc 7214 @13.927s 7%: 0.079+0.34+0.055 ms clock, 1.5+0.35/0.54/0.097+1.1 ms cpu, 4->5->2 MB, 5 MB goal, 0 MB stacks, 0 MB globals, 20 P
gc 7215 @13.928s 7%: 0.074+0.39+0.005 ms clock, 1.4+0.25/0.74/0.025+0.11 ms cpu, 4->5->2 MB, 4 MB goal, 0 MB stacks, 0 MB globals, 20 P
gc 7216 @13.929s 7%: 0.059+0.41+0.072 ms clock, 1.1+0.27/0.56/0.034+1.4 ms cpu, 4->5->2 MB, 4 MB goal, 0 MB stacks, 0 MB globals, 20 P
gc 7217 @13.931s 7%: 0.084+0.48+0.083 ms clock, 1.6+0.31/0.68/0.002+1.6 ms cpu, 4->5->2 MB, 5 MB goal, 0 MB stacks, 0 MB globals, 20 P
gc 7218 @13.932s 7%: 0.035+0.39+0.040 ms clock, 0.71+0.17/0.75/0.016+0.80 ms cpu, 4->5->2 MB, 5 MB goal, 0 MB stacks, 0 MB globals, 20 P
gc 7219 @13.933s 7%: 0.084+0.38+0.011 ms clock, 1.6+0.29/0.59/0+0.23 ms cpu, 4->5->2 MB, 4 MB goal, 0 MB stacks, 0 MB globals, 20 P
gc 7220 @13.935s 7%: 0.079+0.41+0.060 ms clock, 1.5+0.28/0.75/0+1.2 ms cpu, 4->5->2 MB, 5 MB goal, 0 MB stacks, 0 MB globals, 20 P
gc 7221 @13.936s 7%: 0.092+0.45+0.038 ms clock, 1.8+0.31/0.71/0.006+0.77 ms cpu, 4->5->2 MB, 5 MB goal, 0 MB stacks, 0 MB globals, 20 P
gc 7222 @13.937s 7%: 0.068+0.49+0.092 ms clock, 1.3+0.17/0.58/0.082+1.8 ms cpu, 4->5->2 MB, 4 MB goal, 0 MB stacks, 0 MB globals, 20 P
gc 7223 @13.939s 7%: 0.075+0.40+0.061 ms clock, 1.5+0.35/0.63/0+1.2 ms cpu, 4->5->2 MB, 5 MB goal, 0 MB stacks, 0 MB globals, 20 P
gc 7224 @13.940s 7%: 0.063+0.59+0.073 ms clock, 1.2+0.12/0.71/0.004+1.4 ms cpu, 4->5->2 MB, 4 MB goal, 0 MB stacks, 0 MB globals, 20 P
gc 7225 @13.942s 7%: 0.080+0.43+0.059 ms clock, 1.6+0.27/0.77/0+1.1 ms cpu, 4->5->2 MB, 5 MB goal, 0 MB stacks, 0 MB globals, 20 P
gc 7226 @13.943s 7%: 0.080+0.39+0.081 ms clock, 1.6+0.24/0.66/0.045+1.6 ms cpu, 4->5->2 MB, 5 MB goal, 0 MB stacks, 0 MB globals, 20 P
gc 7227 @13.945s 7%: 0.069+0.49+0.080 ms clock, 1.3+0.37/0.77/0+1.6 ms cpu, 4->5->2 MB, 5 MB goal, 0 MB stacks, 0 MB globals, 20 P
gc 7228 @13.946s 7%: 0.091+0.27+0.019 ms clock, 1.8+0.30/0.67/0+0.39 ms cpu, 4->5->2 MB, 5 MB goal, 0 MB stacks, 0 MB globals, 20 P
gc 7229 @13.948s 7%: 0.042+0.58+0.053 ms clock, 0.85+0.17/0.63/0.082+1.0 ms cpu, 3->5->2 MB, 4 MB goal, 0 MB stacks, 0 MB globals, 20 P
gc 7230 @13.949s 7%: 0.046+0.58+0.061 ms clock, 0.92+0.30/0.65/0.001+1.2 ms cpu, 4->5->2 MB, 5 MB goal, 0 MB stacks, 0 MB globals, 20 P
gc 7231 @13.951s 7%: 0.079+0.40+0.075 ms clock, 1.5+0.31/0.71/0+1.5 ms cpu, 4->5->2 MB, 5 MB goal, 0 MB stacks, 0 MB globals, 20 P
gc 7232 @13.952s 7%: 0.081+0.47+0.051 ms clock, 1.6+0.31/0.59/0.15+1.0 ms cpu, 4->5->2 MB, 5 MB goal, 0 MB stacks, 0 MB globals, 20 P
gc 7233 @13.954s 7%: 0.070+0.38+0.068 ms clock, 1.4+0.31/0.61/0.055+1.3 ms cpu, 4->5->2 MB, 5 MB goal, 0 MB stacks, 0 MB globals, 20 P
gc 7234 @13.955s 7%: 0.055+0.36+0.061 ms clock, 1.1+0.25/0.64/0.13+1.2 ms cpu, 4->4->2 MB, 5 MB goal, 0 MB stacks, 0 MB globals, 20 P
gc 7235 @13.956s 7%: 0.089+0.28+0.061 ms clock, 1.7+0.40/0.57/0.057+1.2 ms cpu, 3->4->2 MB, 4 MB goal, 0 MB stacks, 0 MB globals, 20 P
gc 7236 @13.957s 7%: 0.065+0.64+0.051 ms clock, 1.3+0.34/0.72/0+1.0 ms cpu, 4->5->2 MB, 4 MB goal, 0 MB stacks, 0 MB globals, 20 P
gc 7237 @13.959s 7%: 0.063+0.31+0.088 ms clock, 1.2+0.31/0.57/0.075+1.7 ms cpu, 4->5->2 MB, 5 MB goal, 0 MB stacks, 0 MB globals, 20 P
gc 7238 @13.960s 7%: 0.054+0.24+0.072 ms clock, 1.0+0.26/0.54/0.12+1.4 ms cpu, 4->4->2 MB, 5 MB goal, 0 MB stacks, 0 MB globals, 20 P
gc 7239 @13.961s 7%: 0.089+0.29+0.093 ms clock, 1.7+0.35/0.58/0.008+1.8 ms cpu, 3->4->2 MB, 4 MB goal, 0 MB stacks, 0 MB globals, 20 P
gc 7240 @13.962s 7%: 0.065+0.44+0.060 ms clock, 1.3+0.42/0.60/0.053+1.2 ms cpu, 3->4->2 MB, 4 MB goal, 0 MB stacks, 0 MB globals, 20 P
gc 7241 @13.964s 7%: 0.037+0.36+0.065 ms clock, 0.75+0.35/0.60/0.066+1.3 ms cpu, 4->5->2 MB, 5 MB goal, 0 MB stacks, 0 MB globals, 20 P
gc 7242 @13.965s 7%: 0.080+0.42+0.070 ms clock, 1.6+0.27/0.76/0.032+1.4 ms cpu, 4->4->2 MB, 4 MB goal, 0 MB stacks, 0 MB globals, 20 P
gc 7243 @13.966s 7%: 0.070+0.47+0.073 ms clock, 1.4+0.26/0.76/0+1.4 ms cpu, 4->5->2 MB, 5 MB goal, 0 MB stacks, 0 MB globals, 20 P
gc 7244 @13.968s 7%: 0.085+0.41+0.076 ms clock, 1.7+0.38/0.60/0+1.5 ms cpu, 4->5->2 MB, 5 MB goal, 0 MB stacks, 0 MB globals, 20 P
gc 7245 @13.969s 7%: 0.059+0.57+0.038 ms clock, 1.1+0.35/0.70/0.006+0.76 ms cpu, 4->5->2 MB, 4 MB goal, 0 MB stacks, 0 MB globals, 20 P
gc 7246 @13.970s 7%: 0.078+0.36+0.070 ms clock, 1.5+0.27/0.66/0.052+1.4 ms cpu, 4->5->2 MB, 5 MB goal, 0 MB stacks, 0 MB globals, 20 P
gc 7247 @13.972s 7%: 0.017+0.46+0.060 ms clock, 0.34+0.21/0.51/0.19+1.2 ms cpu, 4->5->2 MB, 5 MB goal, 0 MB stacks, 0 MB globals, 20 P
gc 7248 @13.973s 7%: 0.048+0.41+0.084 ms clock, 0.97+0.33/0.67/0.014+1.6 ms cpu, 4->5->2 MB, 5 MB goal, 0 MB stacks, 0 MB globals, 20 P
gc 7249 @13.974s 7%: 0.086+0.41+0.052 ms clock, 1.7+0.32/0.71/0.016+1.0 ms cpu, 4->5->2 MB, 5 MB goal, 0 MB stacks, 0 MB globals, 20 P
gc 7250 @13.975s 7%: 0.048+0.39+0.029 ms clock, 0.97+0.28/0.56/0.019+0.59 ms cpu, 4->5->2 MB, 5 MB goal, 0 MB stacks, 0 MB globals, 20 P
gc 7251 @13.976s 7%: 0.077+0.36+0.070 ms clock, 1.5+0.27/0.67/0+1.4 ms cpu, 4->5->2 MB, 5 MB goal, 0 MB stacks, 0 MB globals, 20 P
gc 7252 @13.978s 7%: 0.062+0.31+0.036 ms clock, 1.2+0.33/0.63/0+0.72 ms cpu, 4->4->2 MB, 4 MB goal, 0 MB stacks, 0 MB globals, 20 P
gc 7253 @13.979s 7%: 0.091+0.57+0.042 ms clock, 1.8+0.35/0.65/0+0.85 ms cpu, 3->5->2 MB, 4 MB goal, 0 MB stacks, 0 MB globals, 20 P
gc 7254 @13.981s 7%: 0.076+0.29+0.064 ms clock, 1.5+0.28/0.58/0+1.2 ms cpu, 4->5->2 MB, 5 MB goal, 0 MB stacks, 0 MB globals, 20 P
gc 7255 @13.982s 7%: 0.072+0.35+0.079 ms clock, 1.4+0.35/0.51/0.012+1.5 ms cpu, 3->4->2 MB, 4 MB goal, 0 MB stacks, 0 MB globals, 20 P
gc 7256 @13.983s 7%: 0.096+0.46+0.026 ms clock, 1.9+0.30/0.65/0+0.52 ms cpu, 4->5->2 MB, 5 MB goal, 0 MB stacks, 0 MB globals, 20 P
gc 7257 @13.985s 7%: 0.081+0.29+0.052 ms clock, 1.6+0.42/0.53/0.039+1.0 ms cpu, 4->5->2 MB, 5 MB goal, 0 MB stacks, 0 MB globals, 20 P
gc 7258 @13.986s 7%: 0.052+0.19+0.014 ms clock, 1.0+0.29/0.59/0+0.28 ms cpu, 4->4->1 MB, 4 MB goal, 0 MB stacks, 0 MB globals, 20 P
gc 7259 @13.986s 7%: 0.069+0.28+0.084 ms clock, 1.3+0.40/0.66/0+1.6 ms cpu, 3->4->2 MB, 4 MB goal, 0 MB stacks, 0 MB globals, 20 P
gc 7260 @13.988s 7%: 0.076+0.27+0.041 ms clock, 1.5+0.30/0.54/0.056+0.82 ms cpu, 4->4->2 MB, 4 MB goal, 0 MB stacks, 0 MB globals, 20 P
gc 7261 @13.989s 7%: 0.056+0.34+0.038 ms clock, 1.1+0.22/0.53/0.034+0.77 ms cpu, 3->4->2 MB, 4 MB goal, 0 MB stacks, 0 MB globals, 20 P
gc 7262 @13.990s 7%: 0.069+0.48+0.065 ms clock, 1.3+0.23/0.57/0+1.3 ms cpu, 4->5->2 MB, 4 MB goal, 0 MB stacks, 0 MB globals, 20 P
gc 7263 @13.991s 7%: 0.068+0.34+0.064 ms clock, 1.3+0.30/0.57/0+1.2 ms cpu, 4->5->2 MB, 5 MB goal, 0 MB stacks, 0 MB globals, 20 P
gc 7264 @13.992s 7%: 0.085+0.31+0.067 ms clock, 1.7+0.28/0.66/0.003+1.3 ms cpu, 3->4->2 MB, 4 MB goal, 0 MB stacks, 0 MB globals, 20 P
gc 7265 @13.993s 7%: 0.077+0.34+0.049 ms clock, 1.5+0.29/0.65/0.005+0.98 ms cpu, 4->5->2 MB, 5 MB goal, 0 MB stacks, 0 MB globals, 20 P
gc 7266 @13.995s 7%: 0.075+0.40+0.020 ms clock, 1.5+0.18/0.79/0.018+0.41 ms cpu, 4->5->2 MB, 5 MB goal, 0 MB stacks, 0 MB globals, 20 P
gc 7267 @13.996s 7%: 0.096+0.43+0.046 ms clock, 1.9+0.40/0.61/0.057+0.93 ms cpu, 4->5->2 MB, 5 MB goal, 0 MB stacks, 0 MB globals, 20 P
gc 7268 @13.998s 7%: 0.082+0.58+0.037 ms clock, 1.6+0.36/0.55/0.021+0.75 ms cpu, 4->5->2 MB, 5 MB goal, 0 MB stacks, 0 MB globals, 20 P
gc 7269 @13.999s 7%: 0.087+0.33+0.034 ms clock, 1.7+0.33/0.67/0+0.68 ms cpu, 4->5->2 MB, 5 MB goal, 0 MB stacks, 0 MB globals, 20 P
gc 7270 @14.000s 7%: 0.070+0.37+0.027 ms clock, 1.4+0.40/0.60/0.074+0.54 ms cpu, 3->4->2 MB, 4 MB goal, 0 MB stacks, 0 MB globals, 20 P
gc 7271 @14.002s 7%: 0.072+0.37+0.082 ms clock, 1.4+0.31/0.63/0+1.6 ms cpu, 4->5->2 MB, 4 MB goal, 0 MB stacks, 0 MB globals, 20 P
gc 7272 @14.003s 7%: 0.044+0.29+0.013 ms clock, 0.88+0.35/0.67/0.010+0.26 ms cpu, 4->5->2 MB, 5 MB goal, 0 MB stacks, 0 MB globals, 20 P
gc 7273 @14.004s 7%: 0.048+0.42+0.061 ms clock, 0.97+0.28/0.58/0+1.2 ms cpu, 3->4->2 MB, 4 MB goal, 0 MB stacks, 0 MB globals, 20 P
gc 7274 @14.005s 7%: 0.075+0.26+0.069 ms clock, 1.5+0.31/0.63/0.012+1.3 ms cpu, 4->5->2 MB, 5 MB goal, 0 MB stacks, 0 MB globals, 20 P
gc 7275 @14.006s 7%: 0.049+0.56+0.046 ms clock, 0.99+0.46/0.72/0.024+0.93 ms cpu, 3->4->2 MB, 4 MB goal, 0 MB stacks, 0 MB globals, 20 P
gc 7276 @14.008s 7%: 0.080+0.35+0.059 ms clock, 1.6+0.24/0.64/0+1.1 ms cpu, 4->5->2 MB, 5 MB goal, 0 MB stacks, 0 MB globals, 20 P
gc 7277 @14.009s 7%: 0.059+0.72+0.041 ms clock, 1.1+0.24/0.64/0.042+0.82 ms cpu, 4->5->2 MB, 4 MB goal, 0 MB stacks, 0 MB globals, 20 P
gc 7278 @14.011s 7%: 0.039+0.36+0.068 ms clock, 0.79+0.34/0.63/0.044+1.3 ms cpu, 4->6->2 MB, 5 MB goal, 0 MB stacks, 0 MB globals, 20 P
gc 7279 @14.012s 7%: 0.051+0.30+0.062 ms clock, 1.0+0.33/0.54/0.086+1.2 ms cpu, 4->4->2 MB, 4 MB goal, 0 MB stacks, 0 MB globals, 20 P
gc 7280 @14.013s 7%: 0.070+0.50+0.051 ms clock, 1.4+0.36/0.66/0+1.0 ms cpu, 3->4->2 MB, 4 MB goal, 0 MB stacks, 0 MB globals, 20 P
gc 7281 @14.015s 7%: 0.064+0.52+0.054 ms clock, 1.2+0.39/0.54/0.093+1.0 ms cpu, 4->5->2 MB, 5 MB goal, 0 MB stacks, 0 MB globals, 20 P
gc 7282 @14.016s 7%: 0.070+0.52+0.054 ms clock, 1.4+0.28/0.76/0.041+1.0 ms cpu, 4->5->2 MB, 5 MB goal, 0 MB stacks, 0 MB globals, 20 P
gc 7283 @14.017s 7%: 0.043+0.53+0.044 ms clock, 0.86+0.34/0.63/0+0.89 ms cpu, 4->5->2 MB, 5 MB goal, 0 MB stacks, 0 MB globals, 20 P
gc 7284 @14.019s 7%: 0.080+0.34+0.061 ms clock, 1.6+0.37/0.55/0+1.2 ms cpu, 4->5->2 MB, 5 MB goal, 0 MB stacks, 0 MB globals, 20 P
gc 7285 @14.020s 7%: 0.080+0.33+0.099 ms clock, 1.6+0.25/0.60/0.011+1.9 ms cpu, 4->4->2 MB, 4 MB goal, 0 MB stacks, 0 MB globals, 20 P
gc 7286 @14.021s 7%: 0.071+0.30+0.048 ms clock, 1.4+0.19/0.64/0.010+0.96 ms cpu, 4->4->2 MB, 5 MB goal, 0 MB stacks, 0 MB globals, 20 P
gc 7287 @14.022s 7%: 0.049+0.58+0.065 ms clock, 0.99+0.32/0.63/0.028+1.3 ms cpu, 3->4->2 MB, 4 MB goal, 0 MB stacks, 0 MB globals, 20 P
gc 7288 @14.023s 7%: 0.058+0.37+0.063 ms clock, 1.1+0.41/0.62/0+1.2 ms cpu, 4->5->2 MB, 5 MB goal, 0 MB stacks, 0 MB globals, 20 P
gc 7289 @14.025s 7%: 0.088+0.46+0.038 ms clock, 1.7+0.27/0.66/0+0.76 ms cpu, 4->5->2 MB, 4 MB goal, 0 MB stacks, 0 MB globals, 20 P
gc 7290 @14.026s 7%: 0.090+0.41+0.025 ms clock, 1.8+0.34/0.75/0.057+0.50 ms cpu, 4->5->2 MB, 5 MB goal, 0 MB stacks, 0 MB globals, 20 P
gc 7291 @14.027s 7%: 0.065+0.26+0.032 ms clock, 1.3+0.35/0.58/0.007+0.64 ms cpu, 4->5->2 MB, 5 MB goal, 0 MB stacks, 0 MB globals, 20 P
gc 7292 @14.028s 7%: 0.070+0.39+0.056 ms clock, 1.4+0.31/0.61/0.081+1.1 ms cpu, 3->4->2 MB, 4 MB goal, 0 MB stacks, 0 MB globals, 20 P
gc 7293 @14.029s 7%: 0.072+0.43+0.082 ms clock, 1.4+0.43/0.51/0.048+1.6 ms cpu, 4->5->2 MB, 5 MB goal, 0 MB stacks, 0 MB globals, 20 P
gc 7294 @14.031s 7%: 0.048+0.33+0.085 ms clock, 0.97+0.31/0.70/0.011+1.7 ms cpu, 4->5->2 MB, 5 MB goal, 0 MB stacks, 0 MB globals, 20 P
gc 7295 @14.032s 7%: 0.071+0.39+0.038 ms clock, 1.4+0.28/0.75/0.002+0.76 ms cpu, 4->5->2 MB, 4 MB goal, 0 MB stacks, 0 MB globals, 20 P
gc 7296 @14.033s 7%: 0.039+0.52+0.033 ms clock, 0.79+0.25/0.58/0.030+0.67 ms cpu, 4->5->2 MB, 5 MB goal, 0 MB stacks, 0 MB globals, 20 P
gc 7297 @14.035s 7%: 0.057+0.41+0.072 ms clock, 1.1+0.37/0.53/0.023+1.4 ms cpu, 4->5->2 MB, 5 MB goal, 0 MB stacks, 0 MB globals, 20 P
gc 7298 @14.036s 7%: 0.077+0.60+0.016 ms clock, 1.5+0.26/0.59/0.007+0.33 ms cpu, 4->5->2 MB, 5 MB goal, 0 MB stacks, 0 MB globals, 20 P
gc 7299 @14.038s 7%: 0.072+0.48+0.026 ms clock, 1.4+0.34/0.65/0+0.53 ms cpu, 4->5->2 MB, 5 MB goal, 0 MB stacks, 0 MB globals, 20 P
gc 7300 @14.039s 7%: 0.068+0.48+0.063 ms clock, 1.3+0.24/0.55/0+1.2 ms cpu, 4->5->2 MB, 5 MB goal, 0 MB stacks, 0 MB globals, 20 P
gc 7301 @14.040s 7%: 0.028+0.21+0.026 ms clock, 0.57+0.23/0.57/0+0.53 ms cpu, 4->5->1 MB, 5 MB goal, 0 MB stacks, 0 MB globals, 20 P
gc 7302 @14.041s 7%: 0.053+0.61+0.043 ms clock, 1.0+0.33/0.61/0.071+0.87 ms cpu, 3->4->2 MB, 4 MB goal, 0 MB stacks, 0 MB globals, 20 P
gc 7303 @14.042s 7%: 0.040+0.60+0.033 ms clock, 0.81+0.27/0.61/0.027+0.66 ms cpu, 4->5->2 MB, 5 MB goal, 0 MB stacks, 0 MB globals, 20 P
gc 7304 @14.044s 7%: 0.037+0.31+0.10 ms clock, 0.74+0.27/0.76/0.049+2.0 ms cpu, 4->5->2 MB, 5 MB goal, 0 MB stacks, 0 MB globals, 20 P
gc 7305 @14.045s 7%: 0.071+0.51+0.033 ms clock, 1.4+0.20/0.70/0.026+0.66 ms cpu, 4->5->2 MB, 5 MB goal, 0 MB stacks, 0 MB globals, 20 P
gc 7306 @14.046s 7%: 0.036+0.29+0.078 ms clock, 0.72+0.27/0.62/0+1.5 ms cpu, 4->5->2 MB, 5 MB goal, 0 MB stacks, 0 MB globals, 20 P
gc 7307 @14.047s 7%: 0.053+0.36+0.068 ms clock, 1.0+0.30/0.70/0.004+1.3 ms cpu, 3->5->2 MB, 4 MB goal, 0 MB stacks, 0 MB globals, 20 P
gc 7308 @14.048s 7%: 0.072+0.41+0.093 ms clock, 1.4+0.30/0.52/0.017+1.8 ms cpu, 4->5->2 MB, 5 MB goal, 0 MB stacks, 0 MB globals, 20 P
gc 7309 @14.050s 7%: 0.049+0.34+0.070 ms clock, 0.98+0.19/0.63/0+1.4 ms cpu, 4->5->2 MB, 5 MB goal, 0 MB stacks, 0 MB globals, 20 P
gc 7310 @14.051s 7%: 0.045+0.37+0.003 ms clock, 0.90+0.22/0.56/0.009+0.066 ms cpu, 4->4->2 MB, 4 MB goal, 0 MB stacks, 0 MB globals, 20 P
gc 7311 @14.052s 7%: 0.055+0.27+0.018 ms clock, 1.1+0.22/0.61/0.013+0.36 ms cpu, 4->4->2 MB, 4 MB goal, 0 MB stacks, 0 MB globals, 20 P
gc 7312 @14.053s 7%: 0.080+0.31+0.031 ms clock, 1.6+0.28/0.71/0+0.63 ms cpu, 4->4->2 MB, 4 MB goal, 0 MB stacks, 0 MB globals, 20 P
gc 7313 @14.054s 7%: 0.056+0.38+0.068 ms clock, 1.1+0.23/0.68/0.037+1.3 ms cpu, 3->4->2 MB, 4 MB goal, 0 MB stacks, 0 MB globals, 20 P
gc 7314 @14.056s 7%: 0.068+0.23+0.077 ms clock, 1.3+0.27/0.60/0.017+1.5 ms cpu, 4->4->2 MB, 4 MB goal, 0 MB stacks, 0 MB globals, 20 P
gc 7315 @14.057s 7%: 0.090+0.47+0.059 ms clock, 1.8+0.30/0.70/0.046+1.1 ms cpu, 3->4->2 MB, 4 MB goal, 0 MB stacks, 0 MB globals, 20 P
gc 7316 @14.058s 7%: 0.059+0.31+0.058 ms clock, 1.1+0.26/0.61/0+1.1 ms cpu, 4->5->2 MB, 5 MB goal, 0 MB stacks, 0 MB globals, 20 P
gc 7317 @14.059s 7%: 0.070+0.63+0.73 ms clock, 1.4+0.55/0.57/0+14 ms cpu, 3->5->2 MB, 4 MB goal, 0 MB stacks, 0 MB globals, 20 P
gc 7318 @14.061s 7%: 0.21+0.44+0.084 ms clock, 4.2+0.30/0.72/0+1.6 ms cpu, 4->6->2 MB, 5 MB goal, 0 MB stacks, 0 MB globals, 20 P
gc 7319 @14.062s 7%: 0.049+0.26+0.071 ms clock, 0.98+0.28/0.66/0.027+1.4 ms cpu, 5->5->2 MB, 6 MB goal, 0 MB stacks, 0 MB globals, 20 P
gc 7320 @14.063s 7%: 0.082+0.36+0.067 ms clock, 1.6+0.28/0.62/0.030+1.3 ms cpu, 3->4->2 MB, 4 MB goal, 0 MB stacks, 0 MB globals, 20 P
gc 7321 @14.064s 7%: 0.027+0.36+0.035 ms clock, 0.54+0.19/0.64/0.065+0.70 ms cpu, 4->4->2 MB, 4 MB goal, 0 MB stacks, 0 MB globals, 20 P
gc 7322 @14.066s 7%: 0.068+0.34+0.047 ms clock, 1.3+0.24/0.59/0.004+0.94 ms cpu, 3->4->2 MB, 4 MB goal, 0 MB stacks, 0 MB globals, 20 P
gc 7323 @14.067s 7%: 0.068+0.37+0.028 ms clock, 1.3+0.29/0.55/0.044+0.56 ms cpu, 4->5->2 MB, 5 MB goal, 0 MB stacks, 0 MB globals, 20 P
gc 7324 @14.068s 7%: 0.023+0.42+0.012 ms clock, 0.47+0.23/0.61/0+0.24 ms cpu, 4->4->2 MB, 4 MB goal, 0 MB stacks, 0 MB globals, 20 P
gc 7325 @14.069s 7%: 0.062+0.42+0.047 ms clock, 1.2+0.16/0.59/0+0.94 ms cpu, 4->4->2 MB, 4 MB goal, 0 MB stacks, 0 MB globals, 20 P
gc 7326 @14.071s 7%: 0.046+0.35+0.075 ms clock, 0.93+0.26/0.69/0.002+1.5 ms cpu, 4->4->2 MB, 4 MB goal, 0 MB stacks, 0 MB globals, 20 P
gc 7327 @14.072s 7%: 0.066+0.27+0.076 ms clock, 1.3+0.21/0.63/0.004+1.5 ms cpu, 4->4->2 MB, 4 MB goal, 0 MB stacks, 0 MB globals, 20 P
gc 7328 @14.073s 7%: 0.046+0.36+0.067 ms clock, 0.93+0.17/0.68/0.064+1.3 ms cpu, 4->4->2 MB, 4 MB goal, 0 MB stacks, 0 MB globals, 20 P
gc 7329 @14.074s 7%: 0.038+0.46+0.038 ms clock, 0.76+0.26/0.63/0.031+0.77 ms cpu, 4->5->2 MB, 4 MB goal, 0 MB stacks, 0 MB globals, 20 P
gc 7330 @14.075s 7%: 0.070+0.38+0.075 ms clock, 1.4+0.20/0.67/0.023+1.5 ms cpu, 4->5->2 MB, 5 MB goal, 0 MB stacks, 0 MB globals, 20 P
gc 7331 @14.077s 7%: 0.066+0.35+0.057 ms clock, 1.3+0.36/0.64/0+1.1 ms cpu, 4->5->2 MB, 5 MB goal, 0 MB stacks, 0 MB globals, 20 P
gc 7332 @14.078s 7%: 0.092+0.52+0.064 ms clock, 1.8+0.35/0.54/0.10+1.2 ms cpu, 4->5->2 MB, 4 MB goal, 0 MB stacks, 0 MB globals, 20 P
gc 7333 @14.079s 7%: 0.064+0.46+0.049 ms clock, 1.2+0.31/0.57/0.041+0.98 ms cpu, 4->5->2 MB, 5 MB goal, 0 MB stacks, 0 MB globals, 20 P
gc 7334 @14.081s 7%: 0.073+0.37+0.022 ms clock, 1.4+0.32/0.66/0.030+0.45 ms cpu, 4->5->2 MB, 5 MB goal, 0 MB stacks, 0 MB globals, 20 P
gc 7335 @14.082s 7%: 0.054+0.37+0.036 ms clock, 1.0+0.20/0.58/0.084+0.72 ms cpu, 4->5->2 MB, 5 MB goal, 0 MB stacks, 0 MB globals, 20 P
gc 7336 @14.084s 7%: 0.059+0.41+0.017 ms clock, 1.1+0.32/0.54/0.024+0.34 ms cpu, 4->4->2 MB, 5 MB goal, 0 MB stacks, 0 MB globals, 20 P
gc 7337 @14.085s 7%: 0.074+0.40+0.026 ms clock, 1.4+0.22/0.66/0.047+0.52 ms cpu, 3->4->2 MB, 4 MB goal, 0 MB stacks, 0 MB globals, 20 P
gc 7338 @14.086s 7%: 0.059+0.47+0.043 ms clock, 1.1+0.19/0.82/0.018+0.87 ms cpu, 4->5->2 MB, 4 MB goal, 0 MB stacks, 0 MB globals, 20 P
gc 7339 @14.087s 7%: 0.061+0.34+0.015 ms clock, 1.2+0.42/0.65/0.038+0.30 ms cpu, 4->5->2 MB, 5 MB goal, 0 MB stacks, 0 MB globals, 20 P
gc 7340 @14.089s 7%: 0.083+0.61+0.076 ms clock, 1.6+0.40/0.62/0+1.5 ms cpu, 3->5->2 MB, 4 MB goal, 0 MB stacks, 0 MB globals, 20 P
gc 7341 @14.090s 7%: 0.096+0.47+0.045 ms clock, 1.9+0.36/0.60/0.035+0.91 ms cpu, 4->6->2 MB, 5 MB goal, 0 MB stacks, 0 MB globals, 20 P
gc 7342 @14.092s 7%: 0.063+0.64+0.060 ms clock, 1.2+0.92/0.98/0+1.2 ms cpu, 4->6->2 MB, 5 MB goal, 0 MB stacks, 0 MB globals, 20 P
gc 7343 @14.094s 7%: 0.22+0.37+0.075 ms clock, 4.4+0.28/0.59/0+1.5 ms cpu, 4->5->2 MB, 5 MB goal, 0 MB stacks, 0 MB globals, 20 P
gc 7344 @14.095s 7%: 0.073+0.42+0.071 ms clock, 1.4+0.27/0.61/0+1.4 ms cpu, 4->5->2 MB, 5 MB goal, 0 MB stacks, 0 MB globals, 20 P
gc 7345 @14.096s 7%: 0.071+0.30+0.065 ms clock, 1.4+0.32/0.56/0.023+1.3 ms cpu, 3->4->2 MB, 4 MB goal, 0 MB stacks, 0 MB globals, 20 P
gc 7346 @14.097s 7%: 0.068+0.58+0.065 ms clock, 1.3+0.35/0.53/0+1.3 ms cpu, 4->5->2 MB, 4 MB goal, 0 MB stacks, 0 MB globals, 20 P
gc 7347 @14.099s 7%: 0.063+0.31+0.030 ms clock, 1.2+0.17/0.58/0+0.60 ms cpu, 4->5->2 MB, 5 MB goal, 0 MB stacks, 0 MB globals, 20 P
gc 7348 @14.100s 7%: 0.066+0.61+0.075 ms clock, 1.3+0.27/0.67/0.048+1.5 ms cpu, 3->5->2 MB, 4 MB goal, 0 MB stacks, 0 MB globals, 20 P
gc 7349 @14.102s 7%: 0.078+0.57+0.079 ms clock, 1.5+0.49/0.65/0.008+1.5 ms cpu, 4->5->2 MB, 5 MB goal, 0 MB stacks, 0 MB globals, 20 P
gc 7350 @14.103s 7%: 0.061+0.45+0.072 ms clock, 1.2+0.21/0.57/0.027+1.4 ms cpu, 4->5->2 MB, 5 MB goal, 0 MB stacks, 0 MB globals, 20 P
gc 7351 @14.104s 7%: 0.061+0.47+0.015 ms clock, 1.2+0.27/0.64/0.016+0.31 ms cpu, 4->5->2 MB, 5 MB goal, 0 MB stacks, 0 MB globals, 20 P
gc 7352 @14.106s 7%: 0.063+0.46+0.019 ms clock, 1.2+0.29/0.72/0+0.39 ms cpu, 4->5->2 MB, 5 MB goal, 0 MB stacks, 0 MB globals, 20 P
gc 7353 @14.107s 7%: 0.070+0.46+0.092 ms clock, 1.4+0.28/0.63/0.020+1.8 ms cpu, 4->5->2 MB, 5 MB goal, 0 MB stacks, 0 MB globals, 20 P
gc 7354 @14.109s 7%: 0.061+0.35+0.025 ms clock, 1.2+0.27/0.57/0+0.51 ms cpu, 4->5->2 MB, 5 MB goal, 0 MB stacks, 0 MB globals, 20 P
gc 7355 @14.110s 7%: 0.057+0.41+0.081 ms clock, 1.1+0.28/0.71/0.026+1.6 ms cpu, 4->4->2 MB, 4 MB goal, 0 MB stacks, 0 MB globals, 20 P
gc 7356 @14.111s 7%: 0.029+0.42+0.031 ms clock, 0.59+0.32/0.66/0.004+0.62 ms cpu, 3->4->2 MB, 4 MB goal, 0 MB stacks, 0 MB globals, 20 P
gc 7357 @14.112s 7%: 0.076+0.32+0.072 ms clock, 1.5+0.27/0.64/0.018+1.4 ms cpu, 3->4->2 MB, 4 MB goal, 0 MB stacks, 0 MB globals, 20 P
gc 7358 @14.113s 7%: 0.085+0.39+0.044 ms clock, 1.7+0.10/0.75/0.002+0.88 ms cpu, 3->4->2 MB, 4 MB goal, 0 MB stacks, 0 MB globals, 20 P
gc 7359 @14.114s 7%: 0.055+0.22+0.034 ms clock, 1.1+0.33/0.59/0.038+0.69 ms cpu, 4->4->1 MB, 5 MB goal, 0 MB stacks, 0 MB globals, 20 P
gc 7360 @14.115s 7%: 0.094+0.30+0.029 ms clock, 1.8+0.27/0.61/0.27+0.59 ms cpu, 3->4->2 MB, 4 MB goal, 0 MB stacks, 0 MB globals, 20 P
gc 7361 @14.116s 7%: 0.088+0.44+0.010 ms clock, 1.7+0.39/0.60/0.012+0.20 ms cpu, 4->4->2 MB, 4 MB goal, 0 MB stacks, 0 MB globals, 20 P
gc 7362 @14.118s 7%: 0.044+0.55+0.077 ms clock, 0.89+0.24/0.58/0+1.5 ms cpu, 4->5->2 MB, 4 MB goal, 0 MB stacks, 0 MB globals, 20 P
gc 7363 @14.119s 7%: 0.083+0.28+0.079 ms clock, 1.6+0.21/0.61/0.018+1.5 ms cpu, 4->5->2 MB, 5 MB goal, 0 MB stacks, 0 MB globals, 20 P
gc 7364 @14.120s 7%: 0.068+0.40+0.096 ms clock, 1.3+0.31/0.66/0+1.9 ms cpu, 4->4->2 MB, 4 MB goal, 0 MB stacks, 0 MB globals, 20 P
gc 7365 @14.121s 7%: 0.028+0.49+0.071 ms clock, 0.56+0.27/0.60/0.022+1.4 ms cpu, 4->5->2 MB, 4 MB goal, 0 MB stacks, 0 MB globals, 20 P
gc 7366 @14.123s 7%: 0.070+0.46+0.035 ms clock, 1.4+0.34/0.54/0+0.70 ms cpu, 4->5->2 MB, 4 MB goal, 0 MB stacks, 0 MB globals, 20 P
gc 7367 @14.124s 7%: 0.093+0.46+0.059 ms clock, 1.8+0.32/0.58/0.020+1.1 ms cpu, 4->5->2 MB, 5 MB goal, 0 MB stacks, 0 MB globals, 20 P
gc 7368 @14.126s 7%: 0.047+0.32+0.043 ms clock, 0.94+0.35/0.58/0.022+0.86 ms cpu, 4->5->2 MB, 5 MB goal, 0 MB stacks, 0 MB globals, 20 P
gc 7369 @14.127s 7%: 0.066+0.37+0.013 ms clock, 1.3+0.34/0.70/0.031+0.27 ms cpu, 4->4->2 MB, 4 MB goal, 0 MB stacks, 0 MB globals, 20 P
gc 7370 @14.128s 7%: 0.065+0.48+0.075 ms clock, 1.3+0.28/0.65/0.020+1.5 ms cpu, 4->4->2 MB, 4 MB goal, 0 MB stacks, 0 MB globals, 20 P
gc 7371 @14.129s 7%: 0.054+0.32+0.087 ms clock, 1.0+0.42/0.55/0.001+1.7 ms cpu, 4->4->2 MB, 5 MB goal, 0 MB stacks, 0 MB globals, 20 P
gc 7372 @14.130s 7%: 0.032+0.59+0.012 ms clock, 0.65+0.23/0.72/0.096+0.25 ms cpu, 3->4->2 MB, 4 MB goal, 0 MB stacks, 0 MB globals, 20 P
gc 7373 @14.132s 7%: 0.085+0.51+0.063 ms clock, 1.7+0.40/0.55/0.034+1.2 ms cpu, 4->5->2 MB, 5 MB goal, 0 MB stacks, 0 MB globals, 20 P
gc 7374 @14.133s 7%: 0.083+0.49+0.060 ms clock, 1.6+0.43/0.57/0.085+1.2 ms cpu, 4->5->2 MB, 5 MB goal, 0 MB stacks, 0 MB globals, 20 P
gc 7375 @14.135s 7%: 0.067+0.38+0.076 ms clock, 1.3+0.29/0.59/0.014+1.5 ms cpu, 4->5->2 MB, 5 MB goal, 0 MB stacks, 0 MB globals, 20 P
gc 7376 @14.136s 7%: 0.066+0.29+0.060 ms clock, 1.3+0.23/0.61/0.10+1.2 ms cpu, 4->4->2 MB, 5 MB goal, 0 MB stacks, 0 MB globals, 20 P
gc 7377 @14.137s 7%: 0.078+0.54+0.061 ms clock, 1.5+0.39/0.51/0.049+1.2 ms cpu, 3->5->2 MB, 4 MB goal, 0 MB stacks, 0 MB globals, 20 P
gc 7378 @14.138s 7%: 0.044+0.48+0.088 ms clock, 0.89+0.36/0.62/0.045+1.7 ms cpu, 4->5->2 MB, 5 MB goal, 0 MB stacks, 0 MB globals, 20 P
gc 7379 @14.140s 7%: 0.060+0.66+0.031 ms clock, 1.2+0.22/0.63/0.032+0.62 ms cpu, 4->5->2 MB, 5 MB goal, 0 MB stacks, 0 MB globals, 20 P
gc 7380 @14.141s 7%: 0.070+0.43+0.057 ms clock, 1.4+0.19/0.64/0+1.1 ms cpu, 4->5->2 MB, 5 MB goal, 0 MB stacks, 0 MB globals, 20 P
gc 7381 @14.142s 7%: 0.080+0.35+0.066 ms clock, 1.6+0.27/0.71/0.013+1.3 ms cpu, 4->5->2 MB, 4 MB goal, 0 MB stacks, 0 MB globals, 20 P
gc 7382 @14.144s 7%: 0.051+0.39+0.070 ms clock, 1.0+0.32/0.63/0.008+1.4 ms cpu, 4->4->2 MB, 4 MB goal, 0 MB stacks, 0 MB globals, 20 P
gc 7383 @14.145s 7%: 0.092+0.28+0.062 ms clock, 1.8+0.45/0.61/0.021+1.2 ms cpu, 4->5->2 MB, 5 MB goal, 0 MB stacks, 0 MB globals, 20 P
gc 7384 @14.146s 7%: 0.068+0.53+0.094 ms clock, 1.3+0.42/0.55/0.014+1.8 ms cpu, 4->5->2 MB, 4 MB goal, 0 MB stacks, 0 MB globals, 20 P
gc 7385 @14.147s 7%: 0.047+0.31+0.10 ms clock, 0.95+0.36/0.61/0.032+2.0 ms cpu, 4->5->2 MB, 5 MB goal, 0 MB stacks, 0 MB globals, 20 P
gc 7386 @14.149s 7%: 0.075+0.52+0.070 ms clock, 1.5+0.28/0.63/0.005+1.4 ms cpu, 4->5->2 MB, 4 MB goal, 0 MB stacks, 0 MB globals, 20 P
gc 7387 @14.150s 7%: 0.078+0.35+0.065 ms clock, 1.5+0.28/0.64/0.003+1.3 ms cpu, 4->5->2 MB, 5 MB goal, 0 MB stacks, 0 MB globals, 20 P
gc 7388 @14.152s 7%: 0.075+0.30+0.071 ms clock, 1.5+0.36/0.69/0+1.4 ms cpu, 4->5->2 MB, 5 MB goal, 0 MB stacks, 0 MB globals, 20 P
gc 7389 @14.153s 7%: 0.075+0.50+0.030 ms clock, 1.5+0.24/0.64/0.026+0.61 ms cpu, 4->5->2 MB, 4 MB goal, 0 MB stacks, 0 MB globals, 20 P
gc 7390 @14.154s 7%: 0.075+0.31+0.066 ms clock, 1.5+0.40/0.59/0.005+1.3 ms cpu, 4->5->2 MB, 5 MB goal, 0 MB stacks, 0 MB globals, 20 P
gc 7391 @14.155s 7%: 0.064+0.30+0.056 ms clock, 1.2+0.29/0.54/0.059+1.1 ms cpu, 4->4->2 MB, 4 MB goal, 0 MB stacks, 0 MB globals, 20 P
gc 7392 @14.156s 7%: 0.073+0.48+0.078 ms clock, 1.4+0.34/0.57/0.013+1.5 ms cpu, 3->4->2 MB, 4 MB goal, 0 MB stacks, 0 MB globals, 20 P
gc 7393 @14.158s 7%: 0.075+0.74+0.053 ms clock, 1.5+0.32/0.63/0.014+1.0 ms cpu, 4->5->2 MB, 5 MB goal, 0 MB stacks, 0 MB globals, 20 P
gc 7394 @14.159s 7%: 0.064+0.38+0.070 ms clock, 1.2+0.28/0.63/0.035+1.4 ms cpu, 4->5->2 MB, 5 MB goal, 0 MB stacks, 0 MB globals, 20 P
gc 7395 @14.161s 7%: 0.066+0.41+0.031 ms clock, 1.3+0.30/0.64/0+0.62 ms cpu, 4->4->2 MB, 4 MB goal, 0 MB stacks, 0 MB globals, 20 P
gc 7396 @14.162s 7%: 0.070+0.25+0.047 ms clock, 1.4+0.34/0.74/0+0.94 ms cpu, 4->4->2 MB, 4 MB goal, 0 MB stacks, 0 MB globals, 20 P
gc 7397 @14.163s 7%: 0.072+0.42+0.087 ms clock, 1.4+0.25/0.68/0.002+1.7 ms cpu, 3->4->2 MB, 4 MB goal, 0 MB stacks, 0 MB globals, 20 P
gc 7398 @14.164s 7%: 0.055+0.45+0.074 ms clock, 1.1+0.37/0.65/0.018+1.4 ms cpu, 4->5->2 MB, 4 MB goal, 0 MB stacks, 0 MB globals, 20 P
gc 7399 @14.165s 7%: 0.058+0.26+0.072 ms clock, 1.1+0.29/0.58/0+1.4 ms cpu, 4->4->2 MB, 5 MB goal, 0 MB stacks, 0 MB globals, 20 P
gc 7400 @14.166s 7%: 0.080+0.60+0.066 ms clock, 1.6+0.22/0.63/0.039+1.3 ms cpu, 3->4->2 MB, 4 MB goal, 0 MB stacks, 0 MB globals, 20 P
gc 7401 @14.167s 7%: 0.076+0.59+0.033 ms clock, 1.5+0.35/0.61/0.023+0.66 ms cpu, 4->5->2 MB, 5 MB goal, 0 MB stacks, 0 MB globals, 20 P
gc 7402 @14.169s 7%: 0.074+0.30+0.070 ms clock, 1.4+0.20/0.58/0.015+1.4 ms cpu, 4->5->2 MB, 5 MB goal, 0 MB stacks, 0 MB globals, 20 P
gc 7403 @14.170s 7%: 0.072+0.38+0.077 ms clock, 1.4+0.26/0.66/0.015+1.5 ms cpu, 4->5->2 MB, 4 MB goal, 0 MB stacks, 0 MB globals, 20 P
gc 7404 @14.171s 7%: 0.072+0.46+0.051 ms clock, 1.4+0.30/0.65/0+1.0 ms cpu, 4->5->2 MB, 4 MB goal, 0 MB stacks, 0 MB globals, 20 P
gc 7405 @14.173s 7%: 0.091+0.44+0.021 ms clock, 1.8+0.27/0.66/0.007+0.43 ms cpu, 4->5->2 MB, 5 MB goal, 0 MB stacks, 0 MB globals, 20 P
gc 7406 @14.175s 7%: 0.070+0.42+0.040 ms clock, 1.4+0.32/0.59/0.038+0.81 ms cpu, 4->5->2 MB, 5 MB goal, 0 MB stacks, 0 MB globals, 20 P
gc 7407 @14.176s 7%: 0.076+0.43+0.074 ms clock, 1.5+0.28/0.64/0.013+1.4 ms cpu, 4->5->2 MB, 4 MB goal, 0 MB stacks, 0 MB globals, 20 P
gc 7408 @14.177s 7%: 0.057+0.35+0.047 ms clock, 1.1+0.28/0.71/0+0.95 ms cpu, 4->5->2 MB, 5 MB goal, 0 MB stacks, 0 MB globals, 20 P
gc 7409 @14.179s 7%: 0.048+0.60+0.063 ms clock, 0.96+0.24/0.65/0.022+1.2 ms cpu, 4->5->2 MB, 5 MB goal, 0 MB stacks, 0 MB globals, 20 P
gc 7410 @14.180s 7%: 0.048+0.43+0.027 ms clock, 0.96+0.36/0.61/0.015+0.54 ms cpu, 4->5->2 MB, 5 MB goal, 0 MB stacks, 0 MB globals, 20 P
gc 7411 @14.181s 7%: 0.082+0.41+0.047 ms clock, 1.6+0.30/0.68/0.014+0.95 ms cpu, 4->4->2 MB, 5 MB goal, 0 MB stacks, 0 MB globals, 20 P
gc 7412 @14.183s 7%: 0.085+0.44+0.023 ms clock, 1.7+0.24/0.66/0+0.46 ms cpu, 4->5->2 MB, 5 MB goal, 0 MB stacks, 0 MB globals, 20 P
gc 7413 @14.184s 7%: 0.061+0.50+0.065 ms clock, 1.2+0.37/0.63/0.022+1.3 ms cpu, 4->5->2 MB, 5 MB goal, 0 MB stacks, 0 MB globals, 20 P
gc 7414 @14.186s 7%: 0.050+0.35+0.073 ms clock, 1.0+0.36/0.62/0.076+1.4 ms cpu, 4->5->2 MB, 5 MB goal, 0 MB stacks, 0 MB globals, 20 P
gc 7415 @14.187s 7%: 0.067+0.62+0.006 ms clock, 1.3+0.14/0.75/0+0.13 ms cpu, 3->4->2 MB, 4 MB goal, 0 MB stacks, 0 MB globals, 20 P
gc 7416 @14.188s 7%: 0.075+0.31+0.067 ms clock, 1.5+0.42/0.73/0.005+1.3 ms cpu, 4->5->2 MB, 5 MB goal, 0 MB stacks, 0 MB globals, 20 P
gc 7417 @14.189s 7%: 0.080+0.66+0.024 ms clock, 1.6+0.16/0.64/0.025+0.49 ms cpu, 4->5->2 MB, 4 MB goal, 0 MB stacks, 0 MB globals, 20 P
gc 7418 @14.191s 7%: 0.10+0.40+0.083 ms clock, 2.1+0.32/0.54/0.078+1.6 ms cpu, 4->5->2 MB, 5 MB goal, 0 MB stacks, 0 MB globals, 20 P
gc 7419 @14.193s 7%: 0.062+0.40+0.072 ms clock, 1.2+0.34/0.61/0+1.4 ms cpu, 4->5->2 MB, 5 MB goal, 0 MB stacks, 0 MB globals, 20 P
gc 7420 @14.194s 7%: 0.14+0.41+0.078 ms clock, 2.9+0.48/0.65/0.019+1.5 ms cpu, 4->5->2 MB, 5 MB goal, 0 MB stacks, 0 MB globals, 20 P
gc 7421 @14.196s 7%: 0.071+0.35+0.045 ms clock, 1.4+0.34/0.69/0+0.91 ms cpu, 4->5->2 MB, 5 MB goal, 0 MB stacks, 0 MB globals, 20 P
gc 7422 @14.197s 7%: 0.022+0.34+0.088 ms clock, 0.45+0.29/0.61/0.063+1.7 ms cpu, 4->5->2 MB, 5 MB goal, 0 MB stacks, 0 MB globals, 20 P
gc 7423 @14.198s 7%: 0.066+0.44+0.021 ms clock, 1.3+0.28/0.64/0.044+0.42 ms cpu, 3->4->2 MB, 4 MB goal, 0 MB stacks, 0 MB globals, 20 P
gc 7424 @14.199s 7%: 0.041+0.43+0.066 ms clock, 0.83+0.24/0.63/0.008+1.3 ms cpu, 4->5->2 MB, 5 MB goal, 0 MB stacks, 0 MB globals, 20 P
gc 7425 @14.201s 7%: 0.078+0.32+0.048 ms clock, 1.5+0.30/0.54/0.073+0.96 ms cpu, 4->5->2 MB, 5 MB goal, 0 MB stacks, 0 MB globals, 20 P
gc 7426 @14.202s 7%: 0.071+0.38+0.10 ms clock, 1.4+0.44/0.65/0.010+2.1 ms cpu, 4->4->2 MB, 4 MB goal, 0 MB stacks, 0 MB globals, 20 P
gc 7427 @14.203s 7%: 0.031+0.37+0.069 ms clock, 0.62+0.33/0.59/0.10+1.3 ms cpu, 4->4->2 MB, 4 MB goal, 0 MB stacks, 0 MB globals, 20 P
gc 7428 @14.205s 7%: 0.070+0.58+0.064 ms clock, 1.4+0.27/0.63/0.058+1.2 ms cpu, 4->5->2 MB, 5 MB goal, 0 MB stacks, 0 MB globals, 20 P
gc 7429 @14.206s 7%: 0.076+0.41+0.071 ms clock, 1.5+0.36/0.71/0.022+1.4 ms cpu, 4->5->2 MB, 5 MB goal, 0 MB stacks, 0 MB globals, 20 P
gc 7430 @14.208s 7%: 0.065+0.45+0.089 ms clock, 1.3+0.19/0.76/0+1.7 ms cpu, 4->5->2 MB, 4 MB goal, 0 MB stacks, 0 MB globals, 20 P
gc 7431 @14.209s 7%: 0.072+0.49+0.035 ms clock, 1.4+0.23/0.66/0.017+0.70 ms cpu, 4->5->2 MB, 5 MB goal, 0 MB stacks, 0 MB globals, 20 P
gc 7432 @14.211s 7%: 0.077+0.33+0.065 ms clock, 1.5+0.38/0.68/0.008+1.3 ms cpu, 4->5->2 MB, 4 MB goal, 0 MB stacks, 0 MB globals, 20 P
gc 7433 @14.212s 7%: 0.071+0.54+0.058 ms clock, 1.4+0.23/0.68/0.002+1.1 ms cpu, 4->5->2 MB, 4 MB goal, 0 MB stacks, 0 MB globals, 20 P
gc 7434 @14.213s 7%: 0.056+0.35+0.059 ms clock, 1.1+0.17/0.59/0.013+1.1 ms cpu, 4->5->2 MB, 5 MB goal, 0 MB stacks, 0 MB globals, 20 P
gc 7435 @14.215s 7%: 0.093+0.49+0.10 ms clock, 1.8+0.24/0.72/0+2.1 ms cpu, 3->4->2 MB, 4 MB goal, 0 MB stacks, 0 MB globals, 20 P
gc 7436 @14.216s 7%: 0.078+0.39+0.046 ms clock, 1.5+0.48/0.58/0.053+0.92 ms cpu, 4->4->2 MB, 5 MB goal, 0 MB stacks, 0 MB globals, 20 P
gc 7437 @14.217s 7%: 0.052+0.40+0.015 ms clock, 1.0+0.33/0.63/0+0.30 ms cpu, 4->4->2 MB, 4 MB goal, 0 MB stacks, 0 MB globals, 20 P
gc 7438 @14.218s 7%: 0.043+0.30+0.017 ms clock, 0.87+0.31/0.55/0.054+0.34 ms cpu, 4->5->2 MB, 5 MB goal, 0 MB stacks, 0 MB globals, 20 P
gc 7439 @14.219s 7%: 0.048+0.50+0.011 ms clock, 0.96+0.33/0.62/0.017+0.22 ms cpu, 3->4->2 MB, 4 MB goal, 0 MB stacks, 0 MB globals, 20 P
gc 7440 @14.221s 7%: 0.061+0.36+0.055 ms clock, 1.2+0.28/0.74/0.001+1.1 ms cpu, 4->5->2 MB, 4 MB goal, 0 MB stacks, 0 MB globals, 20 P
gc 7441 @14.222s 7%: 0.064+0.43+0.061 ms clock, 1.2+0.29/0.66/0.024+1.2 ms cpu, 4->5->2 MB, 5 MB goal, 0 MB stacks, 0 MB globals, 20 P
gc 7442 @14.223s 7%: 0.068+0.52+0.059 ms clock, 1.3+0.19/0.65/0.014+1.1 ms cpu, 4->5->2 MB, 5 MB goal, 0 MB stacks, 0 MB globals, 20 P
gc 7443 @14.224s 7%: 0.033+0.38+0.083 ms clock, 0.67+0.29/0.61/0.032+1.6 ms cpu, 4->5->2 MB, 5 MB goal, 0 MB stacks, 0 MB globals, 20 P
gc 7444 @14.226s 7%: 0.048+0.46+0.050 ms clock, 0.96+0.32/0.58/0.058+1.0 ms cpu, 4->4->2 MB, 4 MB goal, 0 MB stacks, 0 MB globals, 20 P
gc 7445 @14.227s 7%: 0.055+0.41+0.015 ms clock, 1.1+0.27/0.74/0.032+0.30 ms cpu, 4->5->2 MB, 4 MB goal, 0 MB stacks, 0 MB globals, 20 P
gc 7446 @14.228s 7%: 0.050+0.35+0.055 ms clock, 1.0+0.33/0.62/0.032+1.1 ms cpu, 4->5->2 MB, 5 MB goal, 0 MB stacks, 0 MB globals, 20 P
gc 7447 @14.229s 7%: 0.079+0.40+0.046 ms clock, 1.5+0.16/0.82/0+0.92 ms cpu, 4->5->2 MB, 5 MB goal, 0 MB stacks, 0 MB globals, 20 P
gc 7448 @14.231s 7%: 0.086+0.36+0.073 ms clock, 1.7+0.32/0.57/0.073+1.4 ms cpu, 4->5->2 MB, 5 MB goal, 0 MB stacks, 0 MB globals, 20 P
gc 7449 @14.232s 7%: 0.074+0.39+0.056 ms clock, 1.4+0.23/0.66/0.035+1.1 ms cpu, 4->5->2 MB, 4 MB goal, 0 MB stacks, 0 MB globals, 20 P
gc 7450 @14.233s 7%: 0.065+0.48+0.070 ms clock, 1.3+0.20/0.55/0+1.4 ms cpu, 4->5->2 MB, 5 MB goal, 0 MB stacks, 0 MB globals, 20 P
gc 7451 @14.235s 7%: 0.061+0.49+0.063 ms clock, 1.2+0.32/0.61/0+1.2 ms cpu, 4->5->2 MB, 5 MB goal, 0 MB stacks, 0 MB globals, 20 P
gc 7452 @14.236s 7%: 0.070+0.30+0.073 ms clock, 1.4+0.40/0.67/0.001+1.4 ms cpu, 4->5->2 MB, 5 MB goal, 0 MB stacks, 0 MB globals, 20 P
gc 7453 @14.237s 7%: 0.062+0.31+0.043 ms clock, 1.2+0.21/0.66/0.003+0.86 ms cpu, 4->4->2 MB, 4 MB goal, 0 MB stacks, 0 MB globals, 20 P
gc 7454 @14.238s 7%: 0.10+0.44+0.042 ms clock, 2.1+0.47/0.54/0.054+0.85 ms cpu, 3->4->2 MB, 4 MB goal, 0 MB stacks, 0 MB globals, 20 P
gc 7455 @14.239s 7%: 0.078+0.37+0.074 ms clock, 1.5+0.41/0.60/0.028+1.4 ms cpu, 4->5->2 MB, 5 MB goal, 0 MB stacks, 0 MB globals, 20 P
gc 7456 @14.241s 7%: 0.065+0.46+0.038 ms clock, 1.3+0.21/0.63/0+0.77 ms cpu, 4->5->2 MB, 4 MB goal, 0 MB stacks, 0 MB globals, 20 P
gc 7457 @14.242s 7%: 0.064+0.37+0.037 ms clock, 1.2+0.20/0.62/0+0.75 ms cpu, 4->5->2 MB, 4 MB goal, 0 MB stacks, 0 MB globals, 20 P
gc 7458 @14.244s 7%: 0.055+0.50+0.075 ms clock, 1.1+0.40/0.53/0.013+1.5 ms cpu, 4->5->2 MB, 5 MB goal, 0 MB stacks, 0 MB globals, 20 P
gc 7459 @14.245s 7%: 0.062+0.50+0.080 ms clock, 1.2+0.035/0.78/0+1.6 ms cpu, 4->5->2 MB, 4 MB goal, 0 MB stacks, 0 MB globals, 20 P
gc 7460 @14.246s 7%: 0.048+0.33+0.085 ms clock, 0.97+0.32/0.59/0.014+1.7 ms cpu, 4->5->2 MB, 5 MB goal, 0 MB stacks, 0 MB globals, 20 P
gc 7461 @14.247s 7%: 0.087+0.38+0.061 ms clock, 1.7+0.56/0.56/0+1.2 ms cpu, 4->5->2 MB, 4 MB goal, 0 MB stacks, 0 MB globals, 20 P
gc 7462 @14.249s 7%: 0.048+0.47+0.070 ms clock, 0.97+0.20/0.76/0+1.4 ms cpu, 4->5->2 MB, 5 MB goal, 0 MB stacks, 0 MB globals, 20 P
gc 7463 @14.250s 7%: 0.075+0.39+0.063 ms clock, 1.5+0.30/0.60/0.035+1.2 ms cpu, 4->5->2 MB, 5 MB goal, 0 MB stacks, 0 MB globals, 20 P
gc 7464 @14.251s 7%: 0.056+0.38+0.069 ms clock, 1.1+0.34/0.71/0+1.3 ms cpu, 4->4->2 MB, 4 MB goal, 0 MB stacks, 0 MB globals, 20 P
gc 7465 @14.252s 7%: 0.033+0.46+0.029 ms clock, 0.67+0.32/0.50/0.11+0.58 ms cpu, 4->5->2 MB, 4 MB goal, 0 MB stacks, 0 MB globals, 20 P
gc 7466 @14.254s 7%: 0.063+0.40+0.049 ms clock, 1.2+0.19/0.65/0+0.99 ms cpu, 4->5->2 MB, 5 MB goal, 0 MB stacks, 0 MB globals, 20 P
gc 7467 @14.255s 7%: 0.057+0.45+0.030 ms clock, 1.1+0.39/0.60/0.10+0.60 ms cpu, 4->5->2 MB, 5 MB goal, 0 MB stacks, 0 MB globals, 20 P
gc 7468 @14.257s 7%: 0.082+0.38+0.076 ms clock, 1.6+0.30/0.70/0.025+1.5 ms cpu, 4->5->2 MB, 5 MB goal, 0 MB stacks, 0 MB globals, 20 P
gc 7469 @14.258s 7%: 0.077+0.49+0.029 ms clock, 1.5+0.27/0.57/0.052+0.59 ms cpu, 4->5->2 MB, 5 MB goal, 0 MB stacks, 0 MB globals, 20 P
gc 7470 @14.259s 7%: 0.065+0.33+0.021 ms clock, 1.3+0.35/0.52/0.082+0.42 ms cpu, 4->5->2 MB, 5 MB goal, 0 MB stacks, 0 MB globals, 20 P
gc 7471 @14.260s 7%: 0.064+0.39+0.048 ms clock, 1.2+0.29/0.63/0+0.97 ms cpu, 4->5->2 MB, 4 MB goal, 0 MB stacks, 0 MB globals, 20 P
gc 7472 @14.262s 7%: 0.36+0.43+0.059 ms clock, 7.2+0.34/0.60/0.004+1.1 ms cpu, 4->5->2 MB, 5 MB goal, 0 MB stacks, 0 MB globals, 20 P
gc 7473 @14.263s 7%: 0.050+0.33+0.023 ms clock, 1.0+0.24/0.59/0.027+0.46 ms cpu, 4->5->2 MB, 5 MB goal, 0 MB stacks, 0 MB globals, 20 P
gc 7474 @14.264s 7%: 0.066+0.29+0.028 ms clock, 1.3+0.24/0.62/0.14+0.57 ms cpu, 4->4->2 MB, 4 MB goal, 0 MB stacks, 0 MB globals, 20 P
gc 7475 @14.265s 7%: 0.040+0.29+0.055 ms clock, 0.80+0.21/0.56/0.11+1.1 ms cpu, 3->4->2 MB, 4 MB goal, 0 MB stacks, 0 MB globals, 20 P
gc 7476 @14.266s 7%: 0.046+0.44+0.007 ms clock, 0.92+0.23/0.62/0.095+0.15 ms cpu, 3->4->2 MB, 4 MB goal, 0 MB stacks, 0 MB globals, 20 P
gc 7477 @14.268s 7%: 0.027+0.32+0.038 ms clock, 0.54+0.24/0.63/0.001+0.76 ms cpu, 3->4->2 MB, 4 MB goal, 0 MB stacks, 0 MB globals, 20 P
gc 7478 @14.269s 7%: 0.047+0.38+0.075 ms clock, 0.95+0.21/0.77/0+1.5 ms cpu, 3->4->2 MB, 4 MB goal, 0 MB stacks, 0 MB globals, 20 P
gc 7479 @14.270s 7%: 0.048+0.45+0.059 ms clock, 0.97+0.20/0.65/0+1.1 ms cpu, 4->4->2 MB, 5 MB goal, 0 MB stacks, 0 MB globals, 20 P
gc 7480 @14.271s 7%: 0.070+0.43+0.071 ms clock, 1.4+0.18/0.70/0+1.4 ms cpu, 4->4->2 MB, 4 MB goal, 0 MB stacks, 0 MB globals, 20 P
gc 7481 @14.273s 7%: 0.068+0.36+0.004 ms clock, 1.3+0.27/0.70/0.016+0.090 ms cpu, 3->4->2 MB, 4 MB goal, 0 MB stacks, 0 MB globals, 20 P
gc 7482 @14.274s 7%: 0.070+0.30+0.004 ms clock, 1.4+0.37/0.65/0.020+0.081 ms cpu, 4->4->1 MB, 4 MB goal, 0 MB stacks, 0 MB globals, 20 P
gc 7483 @14.275s 7%: 0.078+0.30+0.054 ms clock, 1.5+0.31/0.64/0+1.0 ms cpu, 3->4->2 MB, 4 MB goal, 0 MB stacks, 0 MB globals, 20 P
gc 7484 @14.276s 7%: 0.072+0.36+0.074 ms clock, 1.4+0.38/0.69/0.015+1.4 ms cpu, 4->4->2 MB, 4 MB goal, 0 MB stacks, 0 MB globals, 20 P
gc 7485 @14.277s 7%: 0.027+0.43+0.067 ms clock, 0.54+0.30/0.63/0+1.3 ms cpu, 4->5->2 MB, 4 MB goal, 0 MB stacks, 0 MB globals, 20 P
gc 7486 @14.278s 7%: 0.054+0.33+0.017 ms clock, 1.0+0.32/0.62/0.009+0.34 ms cpu, 4->5->2 MB, 5 MB goal, 0 MB stacks, 0 MB globals, 20 P
gc 7487 @14.280s 7%: 0.049+0.43+0.014 ms clock, 0.98+0.29/0.57/0.066+0.29 ms cpu, 4->5->2 MB, 4 MB goal, 0 MB stacks, 0 MB globals, 20 P
gc 7488 @14.281s 7%: 0.065+0.29+0.086 ms clock, 1.3+0.23/0.69/0.015+1.7 ms cpu, 4->4->2 MB, 5 MB goal, 0 MB stacks, 0 MB globals, 20 P
gc 7489 @14.282s 7%: 0.065+0.55+0.037 ms clock, 1.3+0.44/0.75/0+0.74 ms cpu, 3->5->2 MB, 4 MB goal, 0 MB stacks, 0 MB globals, 20 P
gc 7490 @14.283s 7%: 0.079+0.53+0.015 ms clock, 1.5+0.37/0.66/0.003+0.31 ms cpu, 4->5->2 MB, 5 MB goal, 0 MB stacks, 0 MB globals, 20 P
gc 7491 @14.285s 7%: 0.068+0.33+0.073 ms clock, 1.3+0.40/0.58/0.037+1.4 ms cpu, 4->5->2 MB, 5 MB goal, 0 MB stacks, 0 MB globals, 20 P
gc 7492 @14.286s 7%: 0.061+0.47+0.040 ms clock, 1.2+0.38/0.59/0.014+0.80 ms cpu, 4->5->2 MB, 5 MB goal, 0 MB stacks, 0 MB globals, 20 P
gc 7493 @14.288s 7%: 0.067+0.30+0.077 ms clock, 1.3+0.35/0.69/0.004+1.5 ms cpu, 4->5->2 MB, 5 MB goal, 0 MB stacks, 0 MB globals, 20 P
gc 7494 @14.289s 7%: 0.068+0.33+0.018 ms clock, 1.3+0.53/0.62/0.027+0.37 ms cpu, 4->4->2 MB, 4 MB goal, 0 MB stacks, 0 MB globals, 20 P
gc 7495 @14.290s 7%: 0.041+0.46+0.072 ms clock, 0.82+0.38/0.61/0.001+1.4 ms cpu, 4->4->2 MB, 4 MB goal, 0 MB stacks, 0 MB globals, 20 P
gc 7496 @14.292s 7%: 0.062+0.31+0.085 ms clock, 1.2+0.28/0.67/0.072+1.7 ms cpu, 4->5->2 MB, 5 MB goal, 0 MB stacks, 0 MB globals, 20 P
gc 7497 @14.293s 7%: 0.068+0.36+0.078 ms clock, 1.3+0.35/0.59/0.010+1.5 ms cpu, 4->4->2 MB, 4 MB goal, 0 MB stacks, 0 MB globals, 20 P
gc 7498 @14.294s 7%: 0.073+0.40+0.074 ms clock, 1.4+0.29/0.59/0.044+1.4 ms cpu, 4->4->2 MB, 4 MB goal, 0 MB stacks, 0 MB globals, 20 P
gc 7499 @14.295s 7%: 0.061+0.33+0.031 ms clock, 1.2+0.24/0.63/0.046+0.63 ms cpu, 4->5->2 MB, 5 MB goal, 0 MB stacks, 0 MB globals, 20 P
gc 7500 @14.297s 7%: 0.034+0.33+0.037 ms clock, 0.68+0.40/0.54/0.014+0.75 ms cpu, 4->4->2 MB, 4 MB goal, 0 MB stacks, 0 MB globals, 20 P
gc 7501 @14.298s 7%: 0.088+0.38+0.083 ms clock, 1.7+0.34/0.62/0.069+1.6 ms cpu, 4->4->2 MB, 4 MB goal, 0 MB stacks, 0 MB globals, 20 P
gc 7502 @14.299s 7%: 0.10+0.75+0.063 ms clock, 2.0+0.13/0.77/0+1.2 ms cpu, 4->5->2 MB, 5 MB goal, 0 MB stacks, 0 MB globals, 20 P
gc 7503 @14.301s 7%: 0.052+0.40+0.066 ms clock, 1.0+0.33/0.61/0.041+1.3 ms cpu, 4->5->2 MB, 5 MB goal, 0 MB stacks, 0 MB globals, 20 P
gc 7504 @14.302s 7%: 0.017+0.36+0.082 ms clock, 0.35+0.097/0.54/0.069+1.6 ms cpu, 4->4->2 MB, 4 MB goal, 0 MB stacks, 0 MB globals, 20 P
gc 7505 @14.303s 7%: 0.099+0.33+0.075 ms clock, 1.9+0.41/0.70/0.017+1.5 ms cpu, 3->4->2 MB, 4 MB goal, 0 MB stacks, 0 MB globals, 20 P
gc 7506 @14.304s 7%: 0.080+0.41+0.013 ms clock, 1.6+0.23/0.70/0+0.26 ms cpu, 4->5->2 MB, 5 MB goal, 0 MB stacks, 0 MB globals, 20 P
gc 7507 @14.305s 7%: 0.054+0.46+0.079 ms clock, 1.0+0.32/0.66/0.093+1.5 ms cpu, 4->5->2 MB, 4 MB goal, 0 MB stacks, 0 MB globals, 20 P
gc 7508 @14.307s 7%: 0.070+0.44+0.087 ms clock, 1.4+0.31/0.54/0.030+1.7 ms cpu, 4->5->2 MB, 5 MB goal, 0 MB stacks, 0 MB globals, 20 P
gc 7509 @14.308s 7%: 0.076+0.34+0.060 ms clock, 1.5+0.31/0.60/0.005+1.2 ms cpu, 4->5->2 MB, 5 MB goal, 0 MB stacks, 0 MB globals, 20 P
gc 7510 @14.310s 7%: 0.072+0.28+0.045 ms clock, 1.4+0.28/0.59/0.003+0.90 ms cpu, 4->4->2 MB, 5 MB goal, 0 MB stacks, 0 MB globals, 20 P
gc 7511 @14.311s 7%: 0.059+0.58+0.066 ms clock, 1.1+0.43/0.59/0.054+1.3 ms cpu, 3->4->2 MB, 4 MB goal, 0 MB stacks, 0 MB globals, 20 P
gc 7512 @14.312s 7%: 0.063+0.60+0.067 ms clock, 1.2+0.52/0.44/0.039+1.3 ms cpu, 4->5->2 MB, 5 MB goal, 0 MB stacks, 0 MB globals, 20 P
gc 7513 @14.314s 7%: 0.072+0.94+0.074 ms clock, 1.4+0.35/0.62/0.017+1.4 ms cpu, 4->6->2 MB, 5 MB goal, 0 MB stacks, 0 MB globals, 20 P
gc 7514 @14.315s 7%: 0.037+0.33+0.050 ms clock, 0.74+0.18/0.63/0.21+1.0 ms cpu, 5->5->2 MB, 5 MB goal, 0 MB stacks, 0 MB globals, 20 P
gc 7515 @14.316s 7%: 0.053+0.32+0.056 ms clock, 1.0+0.29/0.65/0.005+1.1 ms cpu, 4->4->2 MB, 4 MB goal, 0 MB stacks, 0 MB globals, 20 P
gc 7516 @14.318s 7%: 0.059+0.27+0.057 ms clock, 1.1+0.20/0.70/0+1.1 ms cpu, 3->4->2 MB, 4 MB goal, 0 MB stacks, 0 MB globals, 20 P
gc 7517 @14.319s 7%: 0.050+0.39+0.063 ms clock, 1.0+0.24/0.65/0+1.2 ms cpu, 3->4->2 MB, 4 MB goal, 0 MB stacks, 0 MB globals, 20 P
gc 7518 @14.320s 7%: 0.063+0.47+0.048 ms clock, 1.2+0.33/0.62/0+0.97 ms cpu, 4->5->2 MB, 4 MB goal, 0 MB stacks, 0 MB globals, 20 P
gc 7519 @14.321s 7%: 0.073+0.40+0.030 ms clock, 1.4+0.29/0.61/0.003+0.60 ms cpu, 4->5->2 MB, 5 MB goal, 0 MB stacks, 0 MB globals, 20 P
gc 7520 @14.322s 7%: 0.072+0.38+0.083 ms clock, 1.4+0.36/0.60/0.052+1.6 ms cpu, 4->5->2 MB, 5 MB goal, 0 MB stacks, 0 MB globals, 20 P
gc 7521 @14.324s 7%: 0.098+0.53+0.057 ms clock, 1.9+0.30/0.57/0.020+1.1 ms cpu, 4->5->2 MB, 5 MB goal, 0 MB stacks, 0 MB globals, 20 P
gc 7522 @14.325s 7%: 0.061+0.32+0.054 ms clock, 1.2+0.24/0.72/0.011+1.0 ms cpu, 4->5->2 MB, 5 MB goal, 0 MB stacks, 0 MB globals, 20 P
gc 7523 @14.326s 7%: 0.069+0.27+0.072 ms clock, 1.3+0.42/0.60/0.022+1.4 ms cpu, 4->4->2 MB, 4 MB goal, 0 MB stacks, 0 MB globals, 20 P
gc 7524 @14.327s 7%: 0.085+0.42+0.067 ms clock, 1.7+0.14/0.61/0.017+1.3 ms cpu, 3->4->2 MB, 4 MB goal, 0 MB stacks, 0 MB globals, 20 P
gc 7525 @14.328s 7%: 0.082+0.30+0.019 ms clock, 1.6+0.18/0.63/0+0.39 ms cpu, 4->4->2 MB, 4 MB goal, 0 MB stacks, 0 MB globals, 20 P
gc 7526 @14.330s 7%: 0.069+0.41+0.011 ms clock, 1.3+0.34/0.66/0+0.22 ms cpu, 4->5->2 MB, 4 MB goal, 0 MB stacks, 0 MB globals, 20 P
gc 7527 @14.331s 7%: 0.093+0.37+0.056 ms clock, 1.8+0.33/0.68/0+1.1 ms cpu, 4->5->2 MB, 4 MB goal, 0 MB stacks, 0 MB globals, 20 P
gc 7528 @14.332s 7%: 0.056+0.55+0.014 ms clock, 1.1+0.30/0.60/0.058+0.29 ms cpu, 4->5->2 MB, 5 MB goal, 0 MB stacks, 0 MB globals, 20 P
gc 7529 @14.334s 7%: 0.062+0.32+0.054 ms clock, 1.2+0.42/0.53/0.053+1.0 ms cpu, 4->5->2 MB, 5 MB goal, 0 MB stacks, 0 MB globals, 20 P
gc 7530 @14.335s 7%: 0.071+0.47+0.067 ms clock, 1.4+0.28/0.61/0.010+1.3 ms cpu, 3->4->2 MB, 4 MB goal, 0 MB stacks, 0 MB globals, 20 P
gc 7531 @14.336s 7%: 0.074+0.32+0.081 ms clock, 1.4+0.47/0.52/0.008+1.6 ms cpu, 4->5->2 MB, 5 MB goal, 0 MB stacks, 0 MB globals, 20 P
gc 7532 @14.337s 7%: 0.075+0.35+0.068 ms clock, 1.5+0.28/0.67/0.020+1.3 ms cpu, 4->5->2 MB, 5 MB goal, 0 MB stacks, 0 MB globals, 20 P
gc 7533 @14.338s 7%: 0.078+0.51+0.067 ms clock, 1.5+0.43/0.50/0.003+1.3 ms cpu, 4->5->2 MB, 4 MB goal, 0 MB stacks, 0 MB globals, 20 P
gc 7534 @14.340s 7%: 0.071+0.30+0.071 ms clock, 1.4+0.29/0.53/0.043+1.4 ms cpu, 4->4->2 MB, 5 MB goal, 0 MB stacks, 0 MB globals, 20 P
gc 7535 @14.341s 7%: 0.045+0.37+0.044 ms clock, 0.91+0.21/0.61/0.077+0.89 ms cpu, 3->4->2 MB, 4 MB goal, 0 MB stacks, 0 MB globals, 20 P
gc 7536 @14.342s 7%: 0.075+0.42+0.059 ms clock, 1.5+0.26/0.69/0.008+1.1 ms cpu, 3->4->2 MB, 4 MB goal, 0 MB stacks, 0 MB globals, 20 P
gc 7537 @14.343s 7%: 0.094+0.41+0.034 ms clock, 1.8+0.33/0.64/0+0.68 ms cpu, 4->4->2 MB, 4 MB goal, 0 MB stacks, 0 MB globals, 20 P
gc 7538 @14.344s 7%: 0.035+0.29+0.048 ms clock, 0.70+0.23/0.65/0.037+0.96 ms cpu, 4->4->2 MB, 4 MB goal, 0 MB stacks, 0 MB globals, 20 P
gc 7539 @14.345s 7%: 0.085+0.22+0.065 ms clock, 1.7+0.37/0.54/0.087+1.3 ms cpu, 3->4->2 MB, 4 MB goal, 0 MB stacks, 0 MB globals, 20 P
gc 7540 @14.346s 7%: 0.069+0.46+0.069 ms clock, 1.3+0.26/0.75/0+1.3 ms cpu, 3->4->2 MB, 4 MB goal, 0 MB stacks, 0 MB globals, 20 P
gc 7541 @14.347s 7%: 0.054+0.35+0.053 ms clock, 1.0+0.35/0.53/0.030+1.0 ms cpu, 4->4->2 MB, 4 MB goal, 0 MB stacks, 0 MB globals, 20 P
gc 7542 @14.348s 7%: 0.073+0.48+0.082 ms clock, 1.4+0.44/0.65/0+1.6 ms cpu, 3->5->2 MB, 4 MB goal, 0 MB stacks, 0 MB globals, 20 P
gc 7543 @14.350s 7%: 0.086+0.37+0.084 ms clock, 1.7+0.20/0.70/0.009+1.6 ms cpu, 4->5->2 MB, 5 MB goal, 0 MB stacks, 0 MB globals, 20 P
gc 7544 @14.351s 7%: 0.078+0.60+0.072 ms clock, 1.5+0.31/0.58/0.028+1.4 ms cpu, 4->5->2 MB, 4 MB goal, 0 MB stacks, 0 MB globals, 20 P
gc 7545 @14.353s 7%: 0.074+0.31+0.068 ms clock, 1.4+0.24/0.64/0.012+1.3 ms cpu, 4->5->2 MB, 5 MB goal, 0 MB stacks, 0 MB globals, 20 P
gc 7546 @14.354s 7%: 0.051+0.38+0.066 ms clock, 1.0+0.35/0.62/0+1.3 ms cpu, 4->5->2 MB, 4 MB goal, 0 MB stacks, 0 MB globals, 20 P
gc 7547 @14.355s 7%: 0.029+0.31+0.059 ms clock, 0.59+0.36/0.57/0+1.1 ms cpu, 4->4->2 MB, 5 MB goal, 0 MB stacks, 0 MB globals, 20 P
gc 7548 @14.356s 7%: 0.078+0.42+0.072 ms clock, 1.5+0.24/0.65/0.001+1.4 ms cpu, 3->4->2 MB, 4 MB goal, 0 MB stacks, 0 MB globals, 20 P
gc 7549 @14.358s 7%: 0.061+0.30+0.089 ms clock, 1.2+0.38/0.53/0.015+1.7 ms cpu, 4->5->2 MB, 4 MB goal, 0 MB stacks, 0 MB globals, 20 P
gc 7550 @14.358s 7%: 0.072+0.43+0.071 ms clock, 1.4+0.47/0.62/0+1.4 ms cpu, 3->4->2 MB, 4 MB goal, 0 MB stacks, 0 MB globals, 20 P
gc 7551 @14.360s 7%: 0.054+0.41+0.011 ms clock, 1.0+0.27/0.51/0.076+0.22 ms cpu, 4->5->2 MB, 5 MB goal, 0 MB stacks, 0 MB globals, 20 P
gc 7552 @14.361s 7%: 0.064+0.37+0.059 ms clock, 1.2+0.27/0.60/0+1.1 ms cpu, 4->4->2 MB, 4 MB goal, 0 MB stacks, 0 MB globals, 20 P
gc 7553 @14.363s 7%: 0.065+0.54+0.055 ms clock, 1.3+0.44/0.59/0.005+1.1 ms cpu, 3->5->2 MB, 4 MB goal, 0 MB stacks, 0 MB globals, 20 P
gc 7554 @14.364s 7%: 0.058+0.39+0.080 ms clock, 1.1+0.37/0.56/0.021+1.6 ms cpu, 4->5->2 MB, 5 MB goal, 0 MB stacks, 0 MB globals, 20 P
gc 7555 @14.365s 7%: 0.036+0.54+0.023 ms clock, 0.73+0.21/0.77/0.002+0.47 ms cpu, 4->5->2 MB, 5 MB goal, 0 MB stacks, 0 MB globals, 20 P
gc 7556 @14.367s 7%: 0.076+0.32+0.055 ms clock, 1.5+0.16/0.69/0+1.1 ms cpu, 4->5->2 MB, 5 MB goal, 0 MB stacks, 0 MB globals, 20 P
gc 7557 @14.368s 7%: 0.069+0.58+0.069 ms clock, 1.3+0.36/0.66/0.028+1.3 ms cpu, 3->4->2 MB, 4 MB goal, 0 MB stacks, 0 MB globals, 20 P
gc 7558 @14.369s 7%: 0.062+0.45+0.040 ms clock, 1.2+0.19/0.60/0.084+0.80 ms cpu, 4->5->2 MB, 5 MB goal, 0 MB stacks, 0 MB globals, 20 P
gc 7559 @14.371s 7%: 0.071+0.43+0.070 ms clock, 1.4+0.27/0.68/0.14+1.4 ms cpu, 4->5->2 MB, 5 MB goal, 0 MB stacks, 0 MB globals, 20 P
gc 7560 @14.372s 7%: 0.051+0.29+0.012 ms clock, 1.0+0.14/0.65/0.046+0.25 ms cpu, 4->4->2 MB, 4 MB goal, 0 MB stacks, 0 MB globals, 20 P
gc 7561 @14.373s 7%: 0.076+0.38+0.011 ms clock, 1.5+0.26/0.69/0.13+0.23 ms cpu, 3->4->2 MB, 4 MB goal, 0 MB stacks, 0 MB globals, 20 P
gc 7562 @14.375s 7%: 0.059+0.39+0.068 ms clock, 1.1+0.22/0.62/0.080+1.3 ms cpu, 4->4->2 MB, 4 MB goal, 0 MB stacks, 0 MB globals, 20 P
gc 7563 @14.376s 7%: 0.051+0.30+0.045 ms clock, 1.0+0.24/0.55/0.094+0.91 ms cpu, 4->4->2 MB, 4 MB goal, 0 MB stacks, 0 MB globals, 20 P
gc 7564 @14.377s 7%: 0.094+0.39+0.071 ms clock, 1.8+0.20/0.58/0.039+1.4 ms cpu, 3->4->2 MB, 4 MB goal, 0 MB stacks, 0 MB globals, 20 P
gc 7565 @14.378s 7%: 0.067+0.34+0.065 ms clock, 1.3+0.24/0.63/0+1.3 ms cpu, 4->4->2 MB, 4 MB goal, 0 MB stacks, 0 MB globals, 20 P
gc 7566 @14.380s 7%: 0.061+0.44+0.026 ms clock, 1.2+0.14/0.79/0.010+0.52 ms cpu, 4->4->2 MB, 4 MB goal, 0 MB stacks, 0 MB globals, 20 P
gc 7567 @14.381s 7%: 0.040+0.50+0.10 ms clock, 0.81+0.26/0.68/0.059+2.0 ms cpu, 3->4->2 MB, 4 MB goal, 0 MB stacks, 0 MB globals, 20 P
gc 7568 @14.382s 7%: 0.062+0.34+0.054 ms clock, 1.2+0.24/0.64/0+1.0 ms cpu, 4->5->2 MB, 5 MB goal, 0 MB stacks, 0 MB globals, 20 P
gc 7569 @14.383s 7%: 0.053+0.34+0.050 ms clock, 1.0+0.35/0.57/0.025+1.0 ms cpu, 4->5->2 MB, 5 MB goal, 0 MB stacks, 0 MB globals, 20 P
gc 7570 @14.384s 7%: 0.12+0.40+0.015 ms clock, 2.4+0.24/0.61/0+0.31 ms cpu, 3->4->2 MB, 4 MB goal, 0 MB stacks, 0 MB globals, 20 P
gc 7571 @14.386s 7%: 0.037+0.66+0.019 ms clock, 0.75+0.19/0.72/0+0.39 ms cpu, 4->5->2 MB, 4 MB goal, 0 MB stacks, 0 MB globals, 20 P
gc 7572 @14.387s 7%: 0.044+0.58+0.020 ms clock, 0.88+0.30/0.70/0.009+0.40 ms cpu, 4->5->2 MB, 5 MB goal, 0 MB stacks, 0 MB globals, 20 P
gc 7573 @14.389s 7%: 0.12+0.28+0.074 ms clock, 2.4+0.31/0.64/0.008+1.4 ms cpu, 4->5->2 MB, 5 MB goal, 0 MB stacks, 0 MB globals, 20 P
gc 7574 @14.390s 7%: 0.077+0.40+0.081 ms clock, 1.5+0.26/0.68/0.015+1.6 ms cpu, 4->4->2 MB, 4 MB goal, 0 MB stacks, 0 MB globals, 20 P
gc 7575 @14.392s 7%: 0.051+0.27+0.097 ms clock, 1.0+0.23/0.67/0+1.9 ms cpu, 4->4->2 MB, 4 MB goal, 0 MB stacks, 0 MB globals, 20 P
gc 7576 @14.393s 7%: 0.077+0.29+0.062 ms clock, 1.5+0.37/0.60/0.11+1.2 ms cpu, 4->4->2 MB, 4 MB goal, 0 MB stacks, 0 MB globals, 20 P
gc 7577 @14.394s 7%: 0.060+0.39+0.069 ms clock, 1.2+0.24/0.71/0.023+1.3 ms cpu, 3->4->2 MB, 4 MB goal, 0 MB stacks, 0 MB globals, 20 P
gc 7578 @14.395s 7%: 0.063+1.2+0.003 ms clock, 1.2+0.23/0.65/0.074+0.076 ms cpu, 4->5->2 MB, 4 MB goal, 0 MB stacks, 0 MB globals, 20 P
gc 7579 @14.397s 7%: 0.073+0.43+0.040 ms clock, 1.4+0.45/0.64/0+0.81 ms cpu, 4->5->2 MB, 5 MB goal, 0 MB stacks, 0 MB globals, 20 P
gc 7580 @14.398s 7%: 0.076+0.35+0.070 ms clock, 1.5+0.28/0.72/0+1.4 ms cpu, 5->5->2 MB, 5 MB goal, 0 MB stacks, 0 MB globals, 20 P
gc 7581 @14.399s 7%: 0.053+0.33+0.059 ms clock, 1.0+0.24/0.70/0+1.1 ms cpu, 4->4->1 MB, 4 MB goal, 0 MB stacks, 0 MB globals, 20 P
gc 7582 @14.400s 7%: 0.056+0.46+0.040 ms clock, 1.1+0.22/0.68/0.006+0.80 ms cpu, 3->4->2 MB, 4 MB goal, 0 MB stacks, 0 MB globals, 20 P
gc 7583 @14.401s 7%: 0.045+0.44+0.034 ms clock, 0.90+0.23/0.64/0.001+0.68 ms cpu, 3->4->2 MB, 4 MB goal, 0 MB stacks, 0 MB globals, 20 P
gc 7584 @14.403s 7%: 0.055+0.30+0.067 ms clock, 1.1+0.33/0.66/0.047+1.3 ms cpu, 4->5->2 MB, 5 MB goal, 0 MB stacks, 0 MB globals, 20 P
gc 7585 @14.404s 7%: 0.054+0.36+0.040 ms clock, 1.0+0.38/0.56/0.007+0.81 ms cpu, 4->4->2 MB, 4 MB goal, 0 MB stacks, 0 MB globals, 20 P
gc 7586 @14.405s 7%: 0.071+0.37+0.025 ms clock, 1.4+0.37/0.63/0.014+0.50 ms cpu, 4->4->2 MB, 4 MB goal, 0 MB stacks, 0 MB globals, 20 P
gc 7587 @14.407s 7%: 0.086+0.60+0.079 ms clock, 1.7+0.30/0.62/0.002+1.5 ms cpu, 4->5->2 MB, 4 MB goal, 0 MB stacks, 0 MB globals, 20 P
gc 7588 @14.408s 7%: 0.047+0.34+0.067 ms clock, 0.94+0.29/0.54/0.051+1.3 ms cpu, 4->5->2 MB, 5 MB goal, 0 MB stacks, 0 MB globals, 20 P
gc 7589 @14.409s 7%: 0.060+0.33+0.089 ms clock, 1.2+0.31/0.58/0.075+1.7 ms cpu, 4->4->2 MB, 4 MB goal, 0 MB stacks, 0 MB globals, 20 P
gc 7590 @14.411s 7%: 0.059+0.37+0.068 ms clock, 1.1+0.069/0.64/0+1.3 ms cpu, 4->5->2 MB, 5 MB goal, 0 MB stacks, 0 MB globals, 20 P
gc 7591 @14.412s 7%: 0.054+0.67+0.016 ms clock, 1.0+0.19/0.60/0.043+0.33 ms cpu, 4->5->2 MB, 5 MB goal, 0 MB stacks, 0 MB globals, 20 P
gc 7592 @14.413s 7%: 0.058+0.77+0.014 ms clock, 1.1+0.50/0.53/0.001+0.28 ms cpu, 4->6->2 MB, 5 MB goal, 0 MB stacks, 0 MB globals, 20 P
gc 7593 @14.415s 7%: 0.085+0.37+0.048 ms clock, 1.7+0.43/0.55/0.054+0.96 ms cpu, 5->6->2 MB, 6 MB goal, 0 MB stacks, 0 MB globals, 20 P
gc 7594 @14.416s 7%: 0.056+0.43+0.081 ms clock, 1.1+0.32/0.53/0.023+1.6 ms cpu, 4->5->2 MB, 5 MB goal, 0 MB stacks, 0 MB globals, 20 P
gc 7595 @14.418s 7%: 0.079+0.41+0.035 ms clock, 1.5+0.30/0.63/0.004+0.70 ms cpu, 4->5->2 MB, 5 MB goal, 0 MB stacks, 0 MB globals, 20 P
gc 7596 @14.419s 7%: 0.065+0.45+0.060 ms clock, 1.3+0.30/0.55/0+1.2 ms cpu, 4->5->2 MB, 5 MB goal, 0 MB stacks, 0 MB globals, 20 P
gc 7597 @14.421s 7%: 0.025+0.36+0.074 ms clock, 0.50+0.20/0.69/0.035+1.4 ms cpu, 4->5->2 MB, 5 MB goal, 0 MB stacks, 0 MB globals, 20 P
gc 7598 @14.422s 7%: 0.11+0.46+0.077 ms clock, 2.2+0.41/0.61/0.012+1.5 ms cpu, 4->5->2 MB, 4 MB goal, 0 MB stacks, 0 MB globals, 20 P
gc 7599 @14.424s 7%: 0.071+0.34+0.042 ms clock, 1.4+0.23/0.61/0.007+0.85 ms cpu, 4->5->2 MB, 5 MB goal, 0 MB stacks, 0 MB globals, 20 P
gc 7600 @14.425s 7%: 0.063+0.22+0.067 ms clock, 1.2+0.21/0.71/0+1.3 ms cpu, 4->4->2 MB, 5 MB goal, 0 MB stacks, 0 MB globals, 20 P
gc 7601 @14.426s 7%: 0.059+0.36+0.066 ms clock, 1.1+0.38/0.57/0.041+1.3 ms cpu, 3->4->2 MB, 4 MB goal, 0 MB stacks, 0 MB globals, 20 P
gc 7602 @14.427s 7%: 0.047+0.29+0.053 ms clock, 0.94+0.47/0.52/0.035+1.0 ms cpu, 4->4->2 MB, 4 MB goal, 0 MB stacks, 0 MB globals, 20 P
gc 7603 @14.428s 7%: 0.042+0.29+0.095 ms clock, 0.85+0.21/0.64/0+1.9 ms cpu, 4->4->2 MB, 4 MB goal, 0 MB stacks, 0 MB globals, 20 P
gc 7604 @14.429s 7%: 0.064+0.59+0.011 ms clock, 1.2+0.45/0.71/0.051+0.23 ms cpu, 3->4->2 MB, 4 MB goal, 0 MB stacks, 0 MB globals, 20 P
gc 7605 @14.431s 7%: 0.071+0.55+0.020 ms clock, 1.4+0.29/0.70/0.015+0.41 ms cpu, 4->5->2 MB, 5 MB goal, 0 MB stacks, 0 MB globals, 20 P
gc 7606 @14.432s 7%: 0.086+0.42+0.031 ms clock, 1.7+0.30/0.62/0+0.62 ms cpu, 4->5->2 MB, 5 MB goal, 0 MB stacks, 0 MB globals, 20 P
gc 7607 @14.433s 7%: 0.062+0.24+0.037 ms clock, 1.2+0.23/0.60/0.009+0.75 ms cpu, 4->4->2 MB, 5 MB goal, 0 MB stacks, 0 MB globals, 20 P
gc 7608 @14.434s 7%: 0.067+0.79+0.057 ms clock, 1.3+0.46/0.63/0.001+1.1 ms cpu, 3->5->2 MB, 4 MB goal, 0 MB stacks, 0 MB globals, 20 P
gc 7609 @14.436s 7%: 0.073+0.36+0.071 ms clock, 1.4+0.17/0.69/0+1.4 ms cpu, 4->5->2 MB, 5 MB goal, 0 MB stacks, 0 MB globals, 20 P
gc 7610 @14.437s 7%: 0.071+0.42+0.047 ms clock, 1.4+0.35/0.57/0.050+0.95 ms cpu, 4->5->2 MB, 4 MB goal, 0 MB stacks, 0 MB globals, 20 P
gc 7611 @14.439s 7%: 0.071+0.31+0.049 ms clock, 1.4+0.19/0.73/0+0.99 ms cpu, 4->5->2 MB, 5 MB goal, 0 MB stacks, 0 MB globals, 20 P
gc 7612 @14.440s 7%: 0.073+0.34+0.013 ms clock, 1.4+0.30/0.53/0+0.27 ms cpu, 4->5->2 MB, 5 MB goal, 0 MB stacks, 0 MB globals, 20 P
gc 7613 @14.441s 7%: 0.12+0.56+0.057 ms clock, 2.5+0.38/0.55/0.025+1.1 ms cpu, 4->5->2 MB, 5 MB goal, 0 MB stacks, 0 MB globals, 20 P
gc 7614 @14.443s 7%: 0.069+0.26+0.067 ms clock, 1.3+0.32/0.65/0.032+1.3 ms cpu, 4->5->2 MB, 5 MB goal, 0 MB stacks, 0 MB globals, 20 P
gc 7615 @14.444s 7%: 0.046+0.40+0.096 ms clock, 0.93+0.17/0.65/0.13+1.9 ms cpu, 3->4->2 MB, 4 MB goal, 0 MB stacks, 0 MB globals, 20 P
gc 7616 @14.445s 7%: 0.091+0.48+0.027 ms clock, 1.8+0.34/0.59/0.003+0.54 ms cpu, 4->5->2 MB, 4 MB goal, 0 MB stacks, 0 MB globals, 20 P
gc 7617 @14.446s 7%: 0.062+0.31+0.028 ms clock, 1.2+0.35/0.58/0.004+0.56 ms cpu, 4->5->2 MB, 5 MB goal, 0 MB stacks, 0 MB globals, 20 P
gc 7618 @14.447s 7%: 0.10+0.45+0.066 ms clock, 2.1+0.36/0.70/0+1.3 ms cpu, 4->5->2 MB, 4 MB goal, 0 MB stacks, 0 MB globals, 20 P
gc 7619 @14.448s 7%: 0.043+0.32+0.069 ms clock, 0.87+0.27/0.62/0+1.3 ms cpu, 4->5->2 MB, 5 MB goal, 0 MB stacks, 0 MB globals, 20 P
gc 7620 @14.449s 7%: 0.071+0.43+0.031 ms clock, 1.4+0.28/0.66/0.006+0.62 ms cpu, 3->4->2 MB, 4 MB goal, 0 MB stacks, 0 MB globals, 20 P
gc 7621 @14.451s 7%: 0.069+0.37+0.051 ms clock, 1.3+0.27/0.66/0.002+1.0 ms cpu, 4->5->2 MB, 4 MB goal, 0 MB stacks, 0 MB globals, 20 P
gc 7622 @14.452s 7%: 0.049+0.39+0.042 ms clock, 0.99+0.25/0.75/0.024+0.84 ms cpu, 4->4->2 MB, 4 MB goal, 0 MB stacks, 0 MB globals, 20 P
gc 7623 @14.453s 7%: 0.082+0.50+0.052 ms clock, 1.6+0.26/0.58/0.002+1.0 ms cpu, 4->5->2 MB, 5 MB goal, 0 MB stacks, 0 MB globals, 20 P
gc 7624 @14.455s 7%: 0.055+0.40+0.072 ms clock, 1.1+0.26/0.70/0.10+1.4 ms cpu, 4->5->2 MB, 5 MB goal, 0 MB stacks, 0 MB globals, 20 P
gc 7625 @14.456s 7%: 0.070+0.38+0.064 ms clock, 1.4+0.37/0.70/0+1.2 ms cpu, 4->5->2 MB, 5 MB goal, 0 MB stacks, 0 MB globals, 20 P
gc 7626 @14.457s 7%: 0.056+0.32+0.078 ms clock, 1.1+0.27/0.62/0.016+1.5 ms cpu, 4->5->2 MB, 5 MB goal, 0 MB stacks, 0 MB globals, 20 P
gc 7627 @14.459s 7%: 0.057+0.28+0.062 ms clock, 1.1+0.33/0.62/0.003+1.2 ms cpu, 4->4->2 MB, 5 MB goal, 0 MB stacks, 0 MB globals, 20 P
gc 7628 @14.460s 7%: 0.074+0.38+0.014 ms clock, 1.4+0.35/0.51/0.013+0.28 ms cpu, 3->4->2 MB, 4 MB goal, 0 MB stacks, 0 MB globals, 20 P
gc 7629 @14.461s 7%: 0.066+0.50+0.043 ms clock, 1.3+0.27/0.65/0.034+0.86 ms cpu, 4->5->2 MB, 4 MB goal, 0 MB stacks, 0 MB globals, 20 P
gc 7630 @14.462s 7%: 0.098+0.47+0.078 ms clock, 1.9+0.32/0.74/0.021+1.5 ms cpu, 4->5->2 MB, 5 MB goal, 0 MB stacks, 0 MB globals, 20 P
gc 7631 @14.464s 7%: 0.043+0.41+0.077 ms clock, 0.86+0.35/0.70/0+1.5 ms cpu, 4->5->2 MB, 5 MB goal, 0 MB stacks, 0 MB globals, 20 P
gc 7632 @14.465s 7%: 0.054+0.30+0.069 ms clock, 1.0+0.38/0.51/0.037+1.3 ms cpu, 4->4->2 MB, 5 MB goal, 0 MB stacks, 0 MB globals, 20 P
gc 7633 @14.466s 7%: 0.093+0.45+0.017 ms clock, 1.8+0.34/0.62/0.001+0.34 ms cpu, 3->4->2 MB, 4 MB goal, 0 MB stacks, 0 MB globals, 20 P
gc 7634 @14.467s 7%: 0.033+0.66+0.074 ms clock, 0.66+0.22/0.74/0+1.4 ms cpu, 4->5->2 MB, 5 MB goal, 0 MB stacks, 0 MB globals, 20 P
gc 7635 @14.469s 7%: 0.072+0.41+0.064 ms clock, 1.4+0.31/0.61/0+1.2 ms cpu, 4->5->2 MB, 5 MB goal, 0 MB stacks, 0 MB globals, 20 P
gc 7636 @14.470s 7%: 0.059+0.40+0.034 ms clock, 1.1+0.24/0.67/0.002+0.69 ms cpu, 4->5->2 MB, 5 MB goal, 0 MB stacks, 0 MB globals, 20 P
gc 7637 @14.472s 7%: 0.078+0.34+0.065 ms clock, 1.5+0.36/0.55/0.12+1.3 ms cpu, 4->5->2 MB, 5 MB goal, 0 MB stacks, 0 MB globals, 20 P
gc 7638 @14.473s 7%: 0.036+0.32+0.077 ms clock, 0.73+0.28/0.56/0+1.5 ms cpu, 4->5->2 MB, 4 MB goal, 0 MB stacks, 0 MB globals, 20 P
gc 7639 @14.474s 7%: 0.060+0.25+0.036 ms clock, 1.2+0.24/0.62/0.046+0.72 ms cpu, 4->4->2 MB, 4 MB goal, 0 MB stacks, 0 MB globals, 20 P
gc 7640 @14.475s 7%: 0.054+0.38+0.053 ms clock, 1.0+0.35/0.53/0.033+1.0 ms cpu, 3->4->2 MB, 4 MB goal, 0 MB stacks, 0 MB globals, 20 P
gc 7641 @14.476s 7%: 0.053+0.56+0.030 ms clock, 1.0+0.29/0.57/0.010+0.60 ms cpu, 4->5->2 MB, 4 MB goal, 0 MB stacks, 0 MB globals, 20 P
gc 7642 @14.478s 7%: 0.058+0.40+0.034 ms clock, 1.1+0.34/0.62/0.001+0.68 ms cpu, 4->5->2 MB, 5 MB goal, 0 MB stacks, 0 MB globals, 20 P
gc 7643 @14.479s 7%: 0.085+0.36+0.054 ms clock, 1.7+0.39/0.62/0.047+1.0 ms cpu, 3->4->2 MB, 4 MB goal, 0 MB stacks, 0 MB globals, 20 P
gc 7644 @14.480s 7%: 0.059+0.34+0.10 ms clock, 1.1+0.32/0.64/0+2.0 ms cpu, 4->5->2 MB, 4 MB goal, 0 MB stacks, 0 MB globals, 20 P
gc 7645 @14.481s 7%: 0.099+0.37+0.075 ms clock, 1.9+0.28/0.73/0+1.5 ms cpu, 3->4->2 MB, 4 MB goal, 0 MB stacks, 0 MB globals, 20 P
gc 7646 @14.483s 7%: 0.082+0.39+0.063 ms clock, 1.6+0.21/0.69/0.026+1.2 ms cpu, 4->5->2 MB, 5 MB goal, 0 MB stacks, 0 MB globals, 20 P
gc 7647 @14.484s 7%: 0.078+0.34+0.013 ms clock, 1.5+0.25/0.60/0+0.27 ms cpu, 4->4->2 MB, 4 MB goal, 0 MB stacks, 0 MB globals, 20 P
gc 7648 @14.485s 7%: 0.066+0.51+0.053 ms clock, 1.3+0.29/0.63/0.10+1.0 ms cpu, 4->5->2 MB, 4 MB goal, 0 MB stacks, 0 MB globals, 20 P
gc 7649 @14.486s 7%: 0.043+0.52+0.066 ms clock, 0.86+0.27/0.72/0+1.3 ms cpu, 4->5->2 MB, 5 MB goal, 0 MB stacks, 0 MB globals, 20 P
gc 7650 @14.488s 7%: 0.039+0.44+0.065 ms clock, 0.79+0.17/0.59/0.15+1.3 ms cpu, 4->5->2 MB, 5 MB goal, 0 MB stacks, 0 MB globals, 20 P
gc 7651 @14.489s 7%: 0.084+0.31+0.035 ms clock, 1.6+0.35/0.65/0+0.71 ms cpu, 4->5->2 MB, 4 MB goal, 0 MB stacks, 0 MB globals, 20 P
gc 7652 @14.491s 7%: 0.084+0.37+0.067 ms clock, 1.6+0.23/0.56/0.038+1.3 ms cpu, 4->5->2 MB, 4 MB goal, 0 MB stacks, 0 MB globals, 20 P
gc 7653 @14.492s 7%: 0.042+0.37+0.082 ms clock, 0.84+0.17/0.63/0.081+1.6 ms cpu, 4->5->2 MB, 4 MB goal, 0 MB stacks, 0 MB globals, 20 P
gc 7654 @14.493s 7%: 0.084+0.51+0.058 ms clock, 1.6+0.32/0.66/0.027+1.1 ms cpu, 4->5->2 MB, 5 MB goal, 0 MB stacks, 0 MB globals, 20 P
gc 7655 @14.494s 7%: 0.056+0.37+0.076 ms clock, 1.1+0.33/0.64/0.001+1.5 ms cpu, 4->5->2 MB, 5 MB goal, 0 MB stacks, 0 MB globals, 20 P
gc 7656 @14.495s 7%: 0.088+0.51+0.063 ms clock, 1.7+0.18/0.58/0.026+1.2 ms cpu, 4->5->2 MB, 4 MB goal, 0 MB stacks, 0 MB globals, 20 P
gc 7657 @14.497s 7%: 0.090+0.35+0.020 ms clock, 1.8+0.39/0.57/0+0.40 ms cpu, 4->5->2 MB, 5 MB goal, 0 MB stacks, 0 MB globals, 20 P
gc 7658 @14.498s 7%: 0.080+0.70+0.035 ms clock, 1.6+0.29/0.65/0+0.71 ms cpu, 4->5->2 MB, 4 MB goal, 0 MB stacks, 0 MB globals, 20 P
gc 7659 @14.500s 7%: 0.12+0.40+0.026 ms clock, 2.4+0.29/0.60/0+0.53 ms cpu, 4->5->2 MB, 5 MB goal, 0 MB stacks, 0 MB globals, 20 P
gc 7660 @14.501s 7%: 0.097+0.35+0.053 ms clock, 1.9+0.36/0.64/0.012+1.0 ms cpu, 4->5->2 MB, 5 MB goal, 0 MB stacks, 0 MB globals, 20 P
gc 7661 @14.502s 7%: 0.070+0.51+0.019 ms clock, 1.4+0.33/0.63/0.036+0.38 ms cpu, 4->5->2 MB, 5 MB goal, 0 MB stacks, 0 MB globals, 20 P
gc 7662 @14.504s 7%: 0.062+0.27+0.068 ms clock, 1.2+0.43/0.55/0+1.3 ms cpu, 4->5->2 MB, 5 MB goal, 0 MB stacks, 0 MB globals, 20 P
gc 7663 @14.505s 7%: 0.069+0.40+0.023 ms clock, 1.3+0.28/0.57/0+0.47 ms cpu, 3->5->2 MB, 4 MB goal, 0 MB stacks, 0 MB globals, 20 P
gc 7664 @14.507s 7%: 0.085+0.37+0.033 ms clock, 1.7+0.33/0.60/0.023+0.66 ms cpu, 4->5->2 MB, 5 MB goal, 0 MB stacks, 0 MB globals, 20 P
gc 7665 @14.508s 7%: 0.090+0.39+0.067 ms clock, 1.8+0.33/0.62/0+1.3 ms cpu, 4->5->2 MB, 5 MB goal, 0 MB stacks, 0 MB globals, 20 P
gc 7666 @14.509s 7%: 0.075+0.32+0.032 ms clock, 1.5+0.30/0.54/0.029+0.64 ms cpu, 4->4->2 MB, 4 MB goal, 0 MB stacks, 0 MB globals, 20 P
gc 7667 @14.510s 7%: 0.051+0.24+0.069 ms clock, 1.0+0.35/0.59/0.035+1.3 ms cpu, 3->4->2 MB, 4 MB goal, 0 MB stacks, 0 MB globals, 20 P
gc 7668 @14.511s 7%: 0.064+0.33+0.016 ms clock, 1.2+0.29/0.49/0.18+0.32 ms cpu, 3->4->2 MB, 4 MB goal, 0 MB stacks, 0 MB globals, 20 P
gc 7669 @14.512s 7%: 0.083+0.35+0.032 ms clock, 1.6+0.36/0.67/0+0.64 ms cpu, 4->4->2 MB, 4 MB goal, 0 MB stacks, 0 MB globals, 20 P
gc 7670 @14.513s 7%: 0.093+0.42+0.013 ms clock, 1.8+0.41/0.63/0.049+0.26 ms cpu, 3->5->2 MB, 4 MB goal, 0 MB stacks, 0 MB globals, 20 P
gc 7671 @14.515s 7%: 0.079+0.39+0.025 ms clock, 1.5+0.28/0.72/0+0.51 ms cpu, 4->5->2 MB, 5 MB goal, 0 MB stacks, 0 MB globals, 20 P
gc 7672 @14.516s 7%: 0.085+0.40+0.082 ms clock, 1.7+0.40/0.52/0.016+1.6 ms cpu, 4->5->2 MB, 5 MB goal, 0 MB stacks, 0 MB globals, 20 P
gc 7673 @14.517s 7%: 0.082+0.34+0.036 ms clock, 1.6+0.21/0.63/0+0.72 ms cpu, 4->4->2 MB, 5 MB goal, 0 MB stacks, 0 MB globals, 20 P
gc 7674 @14.518s 7%: 0.065+0.30+0.038 ms clock, 1.3+0.26/0.55/0.069+0.76 ms cpu, 4->4->2 MB, 4 MB goal, 0 MB stacks, 0 MB globals, 20 P
gc 7675 @14.519s 7%: 0.069+0.37+0.016 ms clock, 1.3+0.28/0.60/0.032+0.32 ms cpu, 3->4->2 MB, 4 MB goal, 0 MB stacks, 0 MB globals, 20 P
gc 7676 @14.520s 7%: 0.047+0.36+0.032 ms clock, 0.94+0.26/0.66/0.013+0.65 ms cpu, 4->4->2 MB, 4 MB goal, 0 MB stacks, 0 MB globals, 20 P
gc 7677 @14.521s 7%: 0.091+0.38+0.087 ms clock, 1.8+0.37/0.67/0.032+1.7 ms cpu, 4->4->2 MB, 4 MB goal, 0 MB stacks, 0 MB globals, 20 P
gc 7678 @14.523s 7%: 0.070+0.38+0.047 ms clock, 1.4+0.34/0.61/0+0.94 ms cpu, 4->5->2 MB, 5 MB goal, 0 MB stacks, 0 MB globals, 20 P
gc 7679 @14.524s 7%: 0.076+0.36+0.075 ms clock, 1.5+0.19/0.60/0.15+1.5 ms cpu, 4->5->2 MB, 5 MB goal, 0 MB stacks, 0 MB globals, 20 P
gc 7680 @14.525s 7%: 0.049+0.53+0.067 ms clock, 0.99+0.29/0.68/0.069+1.3 ms cpu, 4->4->2 MB, 4 MB goal, 0 MB stacks, 0 MB globals, 20 P
gc 7681 @14.527s 7%: 0.086+0.42+0.046 ms clock, 1.7+0.32/0.65/0+0.93 ms cpu, 4->5->2 MB, 5 MB goal, 0 MB stacks, 0 MB globals, 20 P
gc 7682 @14.528s 7%: 0.050+0.33+0.041 ms clock, 1.0+0.30/0.62/0.005+0.83 ms cpu, 4->5->2 MB, 5 MB goal, 0 MB stacks, 0 MB globals, 20 P
gc 7683 @14.529s 7%: 0.052+0.56+0.065 ms clock, 1.0+0.30/0.73/0.023+1.3 ms cpu, 3->4->2 MB, 4 MB goal, 0 MB stacks, 0 MB globals, 20 P
gc 7684 @14.531s 7%: 0.049+0.37+0.064 ms clock, 0.99+0.34/0.62/0+1.2 ms cpu, 4->5->2 MB, 5 MB goal, 0 MB stacks, 0 MB globals, 20 P
gc 7685 @14.532s 7%: 0.087+0.31+0.041 ms clock, 1.7+0.20/0.72/0+0.82 ms cpu, 4->4->2 MB, 4 MB goal, 0 MB stacks, 0 MB globals, 20 P
gc 7686 @14.533s 7%: 0.10+0.57+0.009 ms clock, 2.0+0.24/0.63/0+0.18 ms cpu, 4->4->2 MB, 4 MB goal, 0 MB stacks, 0 MB globals, 20 P
gc 7687 @14.534s 7%: 0.077+0.33+0.077 ms clock, 1.5+0.35/0.64/0.015+1.5 ms cpu, 4->5->2 MB, 5 MB goal, 0 MB stacks, 0 MB globals, 20 P
gc 7688 @14.535s 7%: 0.083+0.47+0.071 ms clock, 1.6+0.27/0.63/0+1.4 ms cpu, 4->5->2 MB, 4 MB goal, 0 MB stacks, 0 MB globals, 20 P
gc 7689 @14.537s 7%: 0.070+0.29+0.064 ms clock, 1.4+0.27/0.60/0.019+1.2 ms cpu, 4->5->2 MB, 5 MB goal, 0 MB stacks, 0 MB globals, 20 P
gc 7690 @14.538s 7%: 0.078+0.32+0.070 ms clock, 1.5+0.29/0.63/0.14+1.4 ms cpu, 4->4->2 MB, 4 MB goal, 0 MB stacks, 0 MB globals, 20 P
gc 7691 @14.539s 7%: 0.074+0.49+0.079 ms clock, 1.4+0.27/0.67/0.085+1.5 ms cpu, 4->5->2 MB, 4 MB goal, 0 MB stacks, 0 MB globals, 20 P
gc 7692 @14.540s 7%: 0.062+0.45+0.056 ms clock, 1.2+0.28/0.66/0.050+1.1 ms cpu, 4->5->2 MB, 5 MB goal, 0 MB stacks, 0 MB globals, 20 P
gc 7693 @14.541s 7%: 0.048+0.39+0.048 ms clock, 0.96+0.28/0.66/0+0.96 ms cpu, 4->5->2 MB, 5 MB goal, 0 MB stacks, 0 MB globals, 20 P
gc 7694 @14.542s 7%: 0.10+0.39+0.027 ms clock, 2.0+0.38/0.68/0.007+0.54 ms cpu, 4->4->2 MB, 4 MB goal, 0 MB stacks, 0 MB globals, 20 P
gc 7695 @14.543s 7%: 0.074+0.47+0.068 ms clock, 1.4+0.38/0.66/0+1.3 ms cpu, 3->4->2 MB, 4 MB goal, 0 MB stacks, 0 MB globals, 20 P
gc 7696 @14.545s 7%: 0.065+0.31+0.059 ms clock, 1.3+0.51/0.55/0.034+1.1 ms cpu, 4->5->2 MB, 5 MB goal, 0 MB stacks, 0 MB globals, 20 P
gc 7697 @14.546s 7%: 0.079+0.29+0.098 ms clock, 1.5+0.27/0.62/0+1.9 ms cpu, 4->4->2 MB, 4 MB goal, 0 MB stacks, 0 MB globals, 20 P
gc 7698 @14.547s 7%: 0.093+0.41+0.064 ms clock, 1.8+0.38/0.57/0+1.2 ms cpu, 3->4->2 MB, 4 MB goal, 0 MB stacks, 0 MB globals, 20 P
gc 7699 @14.549s 7%: 0.078+0.35+0.084 ms clock, 1.5+0.093/0.72/0+1.6 ms cpu, 4->5->2 MB, 5 MB goal, 0 MB stacks, 0 MB globals, 20 P
gc 7700 @14.550s 7%: 0.059+0.28+0.058 ms clock, 1.1+0.22/0.66/0.029+1.1 ms cpu, 3->4->2 MB, 4 MB goal, 0 MB stacks, 0 MB globals, 20 P
gc 7701 @14.550s 7%: 0.068+0.40+0.083 ms clock, 1.3+0.44/0.54/0.13+1.6 ms cpu, 3->4->2 MB, 4 MB goal, 0 MB stacks, 0 MB globals, 20 P
gc 7702 @14.552s 7%: 0.068+0.39+0.034 ms clock, 1.3+0.21/0.70/0.032+0.68 ms cpu, 4->5->2 MB, 4 MB goal, 0 MB stacks, 0 MB globals, 20 P
gc 7703 @14.553s 7%: 0.077+0.39+0.064 ms clock, 1.5+0.25/0.70/0+1.2 ms cpu, 4->4->2 MB, 4 MB goal, 0 MB stacks, 0 MB globals, 20 P
gc 7704 @14.554s 7%: 0.072+0.40+0.021 ms clock, 1.4+0.30/0.68/0.19+0.42 ms cpu, 4->4->2 MB, 4 MB goal, 0 MB stacks, 0 MB globals, 20 P
gc 7705 @14.555s 7%: 0.083+0.33+0.030 ms clock, 1.6+0.28/0.56/0+0.61 ms cpu, 4->4->2 MB, 4 MB goal, 0 MB stacks, 0 MB globals, 20 P
gc 7706 @14.556s 7%: 0.045+0.43+0.072 ms clock, 0.90+0.41/0.52/0+1.4 ms cpu, 4->4->2 MB, 4 MB goal, 0 MB stacks, 0 MB globals, 20 P
gc 7707 @14.558s 7%: 0.062+0.49+0.073 ms clock, 1.2+0.29/0.67/0.002+1.4 ms cpu, 4->5->2 MB, 4 MB goal, 0 MB stacks, 0 MB globals, 20 P
gc 7708 @14.559s 7%: 0.071+0.36+0.064 ms clock, 1.4+0.33/0.57/0.032+1.2 ms cpu, 4->5->2 MB, 5 MB goal, 0 MB stacks, 0 MB globals, 20 P
gc 7709 @14.560s 7%: 0.071+0.40+0.013 ms clock, 1.4+0.49/0.61/0.007+0.26 ms cpu, 3->4->2 MB, 4 MB goal, 0 MB stacks, 0 MB globals, 20 P
gc 7710 @14.561s 7%: 0.058+0.38+0.050 ms clock, 1.1+0.20/0.61/0.038+1.0 ms cpu, 4->5->2 MB, 5 MB goal, 0 MB stacks, 0 MB globals, 20 P
gc 7711 @14.563s 7%: 0.070+0.35+0.085 ms clock, 1.4+0.13/0.63/0.062+1.7 ms cpu, 4->5->2 MB, 5 MB goal, 0 MB stacks, 0 MB globals, 20 P
gc 7712 @14.564s 7%: 0.094+0.42+0.078 ms clock, 1.8+0.30/0.68/0.015+1.5 ms cpu, 4->5->2 MB, 4 MB goal, 0 MB stacks, 0 MB globals, 20 P
gc 7713 @14.565s 7%: 0.046+0.45+0.051 ms clock, 0.92+0.37/0.68/0.020+1.0 ms cpu, 4->5->2 MB, 5 MB goal, 0 MB stacks, 0 MB globals, 20 P
gc 7714 @14.567s 7%: 0.063+0.22+0.069 ms clock, 1.2+0.42/0.51/0.066+1.3 ms cpu, 4->4->2 MB, 5 MB goal, 0 MB stacks, 0 MB globals, 20 P
gc 7715 @14.567s 7%: 0.096+0.37+0.071 ms clock, 1.9+0.33/0.70/0+1.4 ms cpu, 3->4->2 MB, 4 MB goal, 0 MB stacks, 0 MB globals, 20 P
gc 7716 @14.569s 7%: 0.044+0.52+0.029 ms clock, 0.88+0.24/0.67/0.075+0.58 ms cpu, 4->5->2 MB, 5 MB goal, 0 MB stacks, 0 MB globals, 20 P
gc 7717 @14.570s 7%: 0.071+0.58+0.065 ms clock, 1.4+0.20/0.77/0.007+1.3 ms cpu, 4->5->2 MB, 5 MB goal, 0 MB stacks, 0 MB globals, 20 P
gc 7718 @14.572s 7%: 0.057+0.50+0.045 ms clock, 1.1+0.43/0.57/0.006+0.90 ms cpu, 4->5->2 MB, 5 MB goal, 0 MB stacks, 0 MB globals, 20 P
gc 7719 @14.573s 7%: 0.068+0.58+0.080 ms clock, 1.3+0.27/0.62/0.072+1.6 ms cpu, 4->5->2 MB, 5 MB goal, 0 MB stacks, 0 MB globals, 20 P
gc 7720 @14.575s 7%: 0.048+0.50+0.018 ms clock, 0.96+0.18/0.78/0.053+0.37 ms cpu, 4->5->2 MB, 5 MB goal, 0 MB stacks, 0 MB globals, 20 P
gc 7721 @14.576s 7%: 0.065+0.44+0.084 ms clock, 1.3+0.23/0.69/0.040+1.6 ms cpu, 4->5->2 MB, 5 MB goal, 0 MB stacks, 0 MB globals, 20 P
gc 7722 @14.577s 7%: 0.039+0.31+0.070 ms clock, 0.79+0.33/0.73/0+1.4 ms cpu, 4->5->2 MB, 5 MB goal, 0 MB stacks, 0 MB globals, 20 P
gc 7723 @14.578s 7%: 0.063+0.41+0.065 ms clock, 1.2+0.23/0.66/0.076+1.3 ms cpu, 4->4->2 MB, 4 MB goal, 0 MB stacks, 0 MB globals, 20 P
gc 7724 @14.580s 7%: 0.060+0.46+0.072 ms clock, 1.2+0.28/0.66/0.022+1.4 ms cpu, 3->4->2 MB, 4 MB goal, 0 MB stacks, 0 MB globals, 20 P
gc 7725 @14.581s 7%: 0.059+0.67+0.057 ms clock, 1.1+0.28/0.56/0.088+1.1 ms cpu, 4->5->2 MB, 5 MB goal, 0 MB stacks, 0 MB globals, 20 P
gc 7726 @14.583s 7%: 0.11+0.34+0.081 ms clock, 2.3+0.24/0.65/0+1.6 ms cpu, 4->5->2 MB, 5 MB goal, 0 MB stacks, 0 MB globals, 20 P
gc 7727 @14.584s 7%: 0.029+0.36+0.069 ms clock, 0.58+0.28/0.65/0+1.3 ms cpu, 4->5->2 MB, 5 MB goal, 0 MB stacks, 0 MB globals, 20 P
gc 7728 @14.585s 7%: 0.038+0.41+0.12 ms clock, 0.76+0.36/0.55/0+2.4 ms cpu, 4->4->2 MB, 4 MB goal, 0 MB stacks, 0 MB globals, 20 P
gc 7729 @14.586s 7%: 0.070+0.35+0.060 ms clock, 1.4+0.26/0.59/0.12+1.2 ms cpu, 4->4->2 MB, 4 MB goal, 0 MB stacks, 0 MB globals, 20 P
gc 7730 @14.588s 7%: 0.061+0.39+0.060 ms clock, 1.2+0.27/0.67/0.063+1.2 ms cpu, 4->5->2 MB, 4 MB goal, 0 MB stacks, 0 MB globals, 20 P
gc 7731 @14.589s 7%: 0.045+0.31+0.046 ms clock, 0.90+0.32/0.60/0+0.92 ms cpu, 4->5->2 MB, 4 MB goal, 0 MB stacks, 0 MB globals, 20 P
gc 7732 @14.590s 7%: 0.055+0.39+0.087 ms clock, 1.1+0.42/0.63/0.004+1.7 ms cpu, 4->5->2 MB, 5 MB goal, 0 MB stacks, 0 MB globals, 20 P
gc 7733 @14.592s 7%: 0.079+0.40+0.034 ms clock, 1.5+0.28/0.60/0.013+0.68 ms cpu, 4->5->2 MB, 4 MB goal, 0 MB stacks, 0 MB globals, 20 P
gc 7734 @14.593s 7%: 0.075+0.19+0.033 ms clock, 1.5+0.29/0.62/0.10+0.66 ms cpu, 4->4->1 MB, 5 MB goal, 0 MB stacks, 0 MB globals, 20 P
gc 7735 @14.594s 7%: 0.072+0.36+0.054 ms clock, 1.4+0.43/0.72/0.009+1.0 ms cpu, 3->4->2 MB, 4 MB goal, 0 MB stacks, 0 MB globals, 20 P
gc 7736 @14.595s 7%: 0.051+0.38+0.060 ms clock, 1.0+0.32/0.58/0.046+1.2 ms cpu, 4->5->2 MB, 4 MB goal, 0 MB stacks, 0 MB globals, 20 P
gc 7737 @14.596s 7%: 0.066+0.48+0.054 ms clock, 1.3+0.24/0.53/0.10+1.0 ms cpu, 4->5->2 MB, 4 MB goal, 0 MB stacks, 0 MB globals, 20 P
gc 7738 @14.598s 7%: 0.075+0.45+0.074 ms clock, 1.5+0.30/0.64/0.026+1.4 ms cpu, 4->5->2 MB, 5 MB goal, 0 MB stacks, 0 MB globals, 20 P
gc 7739 @14.599s 7%: 0.038+0.35+0.071 ms clock, 0.77+0.38/0.59/0+1.4 ms cpu, 4->5->2 MB, 5 MB goal, 0 MB stacks, 0 MB globals, 20 P
gc 7740 @14.601s 7%: 0.082+0.35+0.062 ms clock, 1.6+0.36/0.66/0+1.2 ms cpu, 4->5->2 MB, 5 MB goal, 0 MB stacks, 0 MB globals, 20 P
gc 7741 @14.602s 7%: 0.038+0.44+0.032 ms clock, 0.76+0.19/0.62/0.12+0.65 ms cpu, 4->5->2 MB, 4 MB goal, 0 MB stacks, 0 MB globals, 20 P
gc 7742 @14.603s 7%: 0.070+0.34+0.076 ms clock, 1.4+0.30/0.57/0.041+1.5 ms cpu, 4->4->2 MB, 5 MB goal, 0 MB stacks, 0 MB globals, 20 P
gc 7743 @14.604s 7%: 0.078+0.49+0.073 ms clock, 1.5+0.32/0.58/0.055+1.4 ms cpu, 3->4->2 MB, 4 MB goal, 0 MB stacks, 0 MB globals, 20 P
gc 7744 @14.605s 7%: 0.051+0.39+0.013 ms clock, 1.0+0.23/0.73/0.032+0.27 ms cpu, 4->5->2 MB, 5 MB goal, 0 MB stacks, 0 MB globals, 20 P
gc 7745 @14.606s 7%: 0.077+0.52+0.086 ms clock, 1.5+0.26/0.75/0.006+1.7 ms cpu, 4->5->2 MB, 4 MB goal, 0 MB stacks, 0 MB globals, 20 P
gc 7746 @14.608s 7%: 0.070+0.48+0.042 ms clock, 1.4+0.39/0.60/0.006+0.84 ms cpu, 4->5->2 MB, 5 MB goal, 0 MB stacks, 0 MB globals, 20 P
gc 7747 @14.609s 7%: 0.054+0.35+0.020 ms clock, 1.0+0.32/0.59/0+0.40 ms cpu, 4->5->2 MB, 5 MB goal, 0 MB stacks, 0 MB globals, 20 P
gc 7748 @14.611s 7%: 0.065+0.34+0.068 ms clock, 1.3+0.23/0.69/0.013+1.3 ms cpu, 4->5->2 MB, 4 MB goal, 0 MB stacks, 0 MB globals, 20 P
gc 7749 @14.612s 7%: 0.068+0.39+0.045 ms clock, 1.3+0.35/0.63/0.002+0.91 ms cpu, 4->5->2 MB, 5 MB goal, 0 MB stacks, 0 MB globals, 20 P
gc 7750 @14.613s 7%: 0.058+0.26+0.081 ms clock, 1.1+0.30/0.68/0+1.6 ms cpu, 4->5->2 MB, 5 MB goal, 0 MB stacks, 0 MB globals, 20 P
gc 7751 @14.614s 7%: 0.072+0.30+0.020 ms clock, 1.4+0.38/0.58/0.047+0.40 ms cpu, 4->4->2 MB, 4 MB goal, 0 MB stacks, 0 MB globals, 20 P
gc 7752 @14.616s 7%: 0.055+0.51+0.005 ms clock, 1.1+0.30/0.67/0.003+0.10 ms cpu, 4->4->2 MB, 4 MB goal, 0 MB stacks, 0 MB globals, 20 P
gc 7753 @14.617s 7%: 0.085+0.49+0.064 ms clock, 1.7+0.29/0.68/0.006+1.2 ms cpu, 4->5->2 MB, 5 MB goal, 0 MB stacks, 0 MB globals, 20 P
gc 7754 @14.618s 7%: 0.079+0.48+0.063 ms clock, 1.5+0.39/0.60/0.007+1.2 ms cpu, 4->6->2 MB, 5 MB goal, 0 MB stacks, 0 MB globals, 20 P
gc 7755 @14.620s 7%: 0.043+0.37+0.073 ms clock, 0.87+0.23/0.66/0+1.4 ms cpu, 5->5->2 MB, 5 MB goal, 0 MB stacks, 0 MB globals, 20 P
gc 7756 @14.621s 7%: 0.11+0.48+0.060 ms clock, 2.3+0.34/0.75/0.001+1.2 ms cpu, 3->4->2 MB, 4 MB goal, 0 MB stacks, 0 MB globals, 20 P
gc 7757 @14.623s 7%: 0.071+0.33+0.057 ms clock, 1.4+0.19/0.72/0.043+1.1 ms cpu, 4->5->2 MB, 5 MB goal, 0 MB stacks, 0 MB globals, 20 P
gc 7758 @14.624s 7%: 0.080+0.34+0.076 ms clock, 1.6+0.35/0.57/0.026+1.5 ms cpu, 4->5->2 MB, 5 MB goal, 0 MB stacks, 0 MB globals, 20 P
gc 7759 @14.625s 7%: 0.074+0.32+0.050 ms clock, 1.4+0.28/0.61/0.027+1.0 ms cpu, 4->5->2 MB, 5 MB goal, 0 MB stacks, 0 MB globals, 20 P
gc 7760 @14.626s 7%: 0.045+0.29+0.071 ms clock, 0.90+0.18/0.62/0.14+1.4 ms cpu, 4->4->2 MB, 4 MB goal, 0 MB stacks, 0 MB globals, 20 P
gc 7761 @14.628s 7%: 0.085+0.37+0.027 ms clock, 1.7+0.29/0.64/0.062+0.55 ms cpu, 3->4->2 MB, 4 MB goal, 0 MB stacks, 0 MB globals, 20 P
gc 7762 @14.629s 7%: 0.078+0.50+0.074 ms clock, 1.5+0.43/0.56/0.092+1.4 ms cpu, 4->5->2 MB, 4 MB goal, 0 MB stacks, 0 MB globals, 20 P
gc 7763 @14.631s 7%: 0.047+0.37+0.032 ms clock, 0.94+0.37/0.57/0.052+0.65 ms cpu, 4->5->2 MB, 5 MB goal, 0 MB stacks, 0 MB globals, 20 P
gc 7764 @14.632s 7%: 0.083+0.51+0.014 ms clock, 1.6+0.36/0.74/0.024+0.29 ms cpu, 3->4->2 MB, 4 MB goal, 0 MB stacks, 0 MB globals, 20 P
gc 7765 @14.633s 7%: 0.058+0.38+0.027 ms clock, 1.1+0.24/0.66/0.025+0.54 ms cpu, 4->5->2 MB, 5 MB goal, 0 MB stacks, 0 MB globals, 20 P
gc 7766 @14.635s 7%: 0.072+0.47+0.089 ms clock, 1.4+0.24/0.74/0+1.7 ms cpu, 4->5->2 MB, 5 MB goal, 0 MB stacks, 0 MB globals, 20 P
gc 7767 @14.636s 7%: 0.071+0.43+0.044 ms clock, 1.4+0.23/0.66/0.034+0.88 ms cpu, 4->5->2 MB, 5 MB goal, 0 MB stacks, 0 MB globals, 20 P
gc 7768 @14.637s 7%: 0.086+0.53+0.039 ms clock, 1.7+0.32/0.62/0.008+0.79 ms cpu, 4->4->2 MB, 4 MB goal, 0 MB stacks, 0 MB globals, 20 P
gc 7769 @14.639s 7%: 0.065+0.41+0.013 ms clock, 1.3+0.32/0.67/0+0.27 ms cpu, 4->5->2 MB, 5 MB goal, 0 MB stacks, 0 MB globals, 20 P
gc 7770 @14.640s 7%: 0.070+0.40+0.052 ms clock, 1.4+0.43/0.59/0.055+1.0 ms cpu, 4->4->2 MB, 4 MB goal, 0 MB stacks, 0 MB globals, 20 P
gc 7771 @14.641s 7%: 0.065+0.31+0.039 ms clock, 1.3+0.27/0.62/0+0.79 ms cpu, 4->4->2 MB, 4 MB goal, 0 MB stacks, 0 MB globals, 20 P
gc 7772 @14.642s 7%: 0.060+0.35+0.029 ms clock, 1.2+0.25/0.63/0+0.58 ms cpu, 4->4->2 MB, 4 MB goal, 0 MB stacks, 0 MB globals, 20 P
gc 7773 @14.643s 7%: 0.077+0.27+0.072 ms clock, 1.5+0.31/0.51/0.042+1.4 ms cpu, 4->4->2 MB, 4 MB goal, 0 MB stacks, 0 MB globals, 20 P
gc 7774 @14.644s 7%: 0.064+0.29+0.056 ms clock, 1.2+0.14/0.59/0.031+1.1 ms cpu, 3->4->2 MB, 4 MB goal, 0 MB stacks, 0 MB globals, 20 P
gc 7775 @14.645s 7%: 0.076+0.41+0.059 ms clock, 1.5+0.30/0.57/0.005+1.1 ms cpu, 3->4->2 MB, 4 MB goal, 0 MB stacks, 0 MB globals, 20 P
gc 7776 @14.647s 7%: 0.082+0.45+0.068 ms clock, 1.6+0.31/0.60/0.008+1.3 ms cpu, 4->5->2 MB, 4 MB goal, 0 MB stacks, 0 MB globals, 20 P
gc 7777 @14.648s 7%: 0.042+0.46+0.038 ms clock, 0.84+0.22/0.69/0.002+0.76 ms cpu, 4->5->2 MB, 5 MB goal, 0 MB stacks, 0 MB globals, 20 P
gc 7778 @14.650s 7%: 0.078+0.38+0.034 ms clock, 1.5+0.19/0.68/0.002+0.68 ms cpu, 4->5->2 MB, 5 MB goal, 0 MB stacks, 0 MB globals, 20 P
gc 7779 @14.651s 7%: 0.067+0.55+0.069 ms clock, 1.3+0.30/0.64/0.008+1.3 ms cpu, 4->5->2 MB, 5 MB goal, 0 MB stacks, 0 MB globals, 20 P
gc 7780 @14.653s 7%: 0.058+0.28+0.069 ms clock, 1.1+0.36/0.57/0.013+1.3 ms cpu, 4->5->2 MB, 5 MB goal, 0 MB stacks, 0 MB globals, 20 P
gc 7781 @14.654s 7%: 0.045+0.46+0.12 ms clock, 0.91+0.52/0.68/0.007+2.5 ms cpu, 3->4->2 MB, 4 MB goal, 0 MB stacks, 0 MB globals, 20 P
gc 7782 @14.655s 7%: 0.082+0.39+0.080 ms clock, 1.6+0.34/0.67/0.049+1.6 ms cpu, 4->5->2 MB, 4 MB goal, 0 MB stacks, 0 MB globals, 20 P
gc 7783 @14.656s 7%: 0.068+0.34+0.052 ms clock, 1.3+0.23/0.66/0.022+1.0 ms cpu, 4->4->2 MB, 5 MB goal, 0 MB stacks, 0 MB globals, 20 P
gc 7784 @14.657s 7%: 0.032+0.55+0.026 ms clock, 0.64+0.36/0.64/0.056+0.53 ms cpu, 3->5->2 MB, 4 MB goal, 0 MB stacks, 0 MB globals, 20 P
gc 7785 @14.659s 7%: 0.062+0.45+0.068 ms clock, 1.2+0.29/0.60/0+1.3 ms cpu, 4->5->2 MB, 5 MB goal, 0 MB stacks, 0 MB globals, 20 P
gc 7786 @14.660s 7%: 0.077+0.45+0.036 ms clock, 1.5+0.41/0.61/0.030+0.72 ms cpu, 4->5->2 MB, 5 MB goal, 0 MB stacks, 0 MB globals, 20 P
gc 7787 @14.662s 7%: 0.081+0.37+0.020 ms clock, 1.6+0.41/0.63/0.045+0.41 ms cpu, 4->5->2 MB, 5 MB goal, 0 MB stacks, 0 MB globals, 20 P
gc 7788 @14.663s 7%: 0.067+0.35+0.010 ms clock, 1.3+0.27/0.61/0+0.20 ms cpu, 4->4->2 MB, 4 MB goal, 0 MB stacks, 0 MB globals, 20 P
gc 7789 @14.664s 7%: 0.051+0.35+0.10 ms clock, 1.0+0.34/0.62/0.039+2.1 ms cpu, 4->4->2 MB, 4 MB goal, 0 MB stacks, 0 MB globals, 20 P
gc 7790 @14.666s 7%: 0.091+0.50+0.012 ms clock, 1.8+0.36/0.75/0+0.24 ms cpu, 4->5->2 MB, 4 MB goal, 0 MB stacks, 0 MB globals, 20 P
gc 7791 @14.667s 7%: 0.072+0.40+0.071 ms clock, 1.4+0.29/0.58/0+1.4 ms cpu, 4->5->2 MB, 5 MB goal, 0 MB stacks, 0 MB globals, 20 P
gc 7792 @14.669s 7%: 0.068+0.32+0.069 ms clock, 1.3+0.34/0.57/0.093+1.3 ms cpu, 4->5->2 MB, 4 MB goal, 0 MB stacks, 0 MB globals, 20 P
gc 7793 @14.670s 7%: 0.075+0.33+0.068 ms clock, 1.5+0.32/0.68/0+1.3 ms cpu, 4->4->2 MB, 4 MB goal, 0 MB stacks, 0 MB globals, 20 P
gc 7794 @14.671s 7%: 0.066+0.50+0.060 ms clock, 1.3+0.30/0.68/0.008+1.2 ms cpu, 4->5->2 MB, 4 MB goal, 0 MB stacks, 0 MB globals, 20 P
gc 7795 @14.673s 7%: 0.077+0.35+0.074 ms clock, 1.5+0.36/0.66/0.004+1.4 ms cpu, 4->5->2 MB, 5 MB goal, 0 MB stacks, 0 MB globals, 20 P
gc 7796 @14.674s 7%: 0.077+0.36+0.064 ms clock, 1.5+0.31/0.65/0.030+1.2 ms cpu, 4->5->2 MB, 4 MB goal, 0 MB stacks, 0 MB globals, 20 P
gc 7797 @14.675s 7%: 0.085+0.27+0.029 ms clock, 1.7+0.31/0.65/0+0.58 ms cpu, 4->4->2 MB, 5 MB goal, 0 MB stacks, 0 MB globals, 20 P
gc 7798 @14.676s 7%: 0.067+0.48+0.018 ms clock, 1.3+0.35/0.64/0.061+0.36 ms cpu, 3->4->2 MB, 4 MB goal, 0 MB stacks, 0 MB globals, 20 P
gc 7799 @14.678s 7%: 0.025+0.34+0.055 ms clock, 0.51+0.28/0.70/0.006+1.1 ms cpu, 4->5->2 MB, 5 MB goal, 0 MB stacks, 0 MB globals, 20 P
gc 7800 @14.679s 7%: 0.068+0.60+0.018 ms clock, 1.3+0.28/0.63/0+0.36 ms cpu, 4->5->2 MB, 4 MB goal, 0 MB stacks, 0 MB globals, 20 P
gc 7801 @14.680s 7%: 0.067+0.24+0.016 ms clock, 1.3+0.28/0.67/0.064+0.33 ms cpu, 4->4->1 MB, 5 MB goal, 0 MB stacks, 0 MB globals, 20 P
gc 7802 @14.681s 7%: 0.076+0.53+0.059 ms clock, 1.5+0.13/0.73/0.001+1.1 ms cpu, 3->4->2 MB, 4 MB goal, 0 MB stacks, 0 MB globals, 20 P
gc 7803 @14.683s 7%: 0.073+0.39+0.044 ms clock, 1.4+0.30/0.65/0+0.89 ms cpu, 4->4->2 MB, 4 MB goal, 0 MB stacks, 0 MB globals, 20 P
gc 7804 @14.684s 7%: 0.026+0.32+0.089 ms clock, 0.53+0.26/0.60/0.001+1.7 ms cpu, 3->4->2 MB, 4 MB goal, 0 MB stacks, 0 MB globals, 20 P
gc 7805 @14.685s 7%: 0.040+0.28+0.054 ms clock, 0.81+0.35/0.67/0+1.0 ms cpu, 3->4->2 MB, 4 MB goal, 0 MB stacks, 0 MB globals, 20 P
gc 7806 @14.686s 7%: 0.072+0.31+0.016 ms clock, 1.4+0.28/0.53/0.006+0.32 ms cpu, 3->4->2 MB, 4 MB goal, 0 MB stacks, 0 MB globals, 20 P
gc 7807 @14.688s 7%: 0.052+0.38+0.061 ms clock, 1.0+0.24/0.57/0.11+1.2 ms cpu, 4->4->2 MB, 4 MB goal, 0 MB stacks, 0 MB globals, 20 P
gc 7808 @14.689s 7%: 0.11+0.50+0.036 ms clock, 2.3+0.31/0.59/0.011+0.73 ms cpu, 4->5->2 MB, 4 MB goal, 0 MB stacks, 0 MB globals, 20 P
gc 7809 @14.691s 7%: 0.065+0.28+0.024 ms clock, 1.3+0.23/0.68/0.028+0.49 ms cpu, 4->4->2 MB, 5 MB goal, 0 MB stacks, 0 MB globals, 20 P
gc 7810 @14.692s 7%: 0.087+0.43+0.068 ms clock, 1.7+0.35/0.75/0+1.3 ms cpu, 3->4->2 MB, 4 MB goal, 0 MB stacks, 0 MB globals, 20 P
gc 7811 @14.694s 7%: 0.059+0.37+0.062 ms clock, 1.1+0.31/0.58/0.001+1.2 ms cpu, 4->5->2 MB, 5 MB goal, 0 MB stacks, 0 MB globals, 20 P
gc 7812 @14.695s 7%: 0.080+0.38+0.043 ms clock, 1.6+0.33/0.60/0.044+0.86 ms cpu, 4->4->2 MB, 4 MB goal, 0 MB stacks, 0 MB globals, 20 P
gc 7813 @14.696s 7%: 0.12+0.46+0.031 ms clock, 2.5+0.32/0.69/0.038+0.62 ms cpu, 4->5->2 MB, 4 MB goal, 0 MB stacks, 0 MB globals, 20 P
gc 7814 @14.698s 7%: 0.060+0.31+0.037 ms clock, 1.2+0.29/0.68/0.074+0.75 ms cpu, 4->5->2 MB, 5 MB goal, 0 MB stacks, 0 MB globals, 20 P
gc 7815 @14.699s 7%: 0.067+0.25+0.084 ms clock, 1.3+0.22/0.55/0.16+1.6 ms cpu, 4->5->2 MB, 4 MB goal, 0 MB stacks, 0 MB globals, 20 P
gc 7816 @14.700s 7%: 0.064+0.39+0.051 ms clock, 1.2+0.25/0.56/0.10+1.0 ms cpu, 4->4->2 MB, 4 MB goal, 0 MB stacks, 0 MB globals, 20 P
gc 7817 @14.701s 7%: 0.10+0.44+0.069 ms clock, 2.0+0.31/0.66/0.012+1.3 ms cpu, 4->5->2 MB, 4 MB goal, 0 MB stacks, 0 MB globals, 20 P
gc 7818 @14.703s 7%: 0.079+0.35+0.016 ms clock, 1.5+0.35/0.61/0.030+0.32 ms cpu, 4->5->2 MB, 5 MB goal, 0 MB stacks, 0 MB globals, 20 P
gc 7819 @14.704s 7%: 0.069+0.35+0.036 ms clock, 1.3+0.36/0.64/0+0.73 ms cpu, 4->5->2 MB, 5 MB goal, 0 MB stacks, 0 MB globals, 20 P
gc 7820 @14.705s 7%: 0.070+0.57+0.014 ms clock, 1.4+0.31/0.58/0.021+0.29 ms cpu, 4->5->2 MB, 5 MB goal, 0 MB stacks, 0 MB globals, 20 P
gc 7821 @14.706s 7%: 0.058+0.64+0.065 ms clock, 1.1+0.34/0.57/0.041+1.3 ms cpu, 4->5->2 MB, 5 MB goal, 0 MB stacks, 0 MB globals, 20 P
gc 7822 @14.708s 7%: 0.077+0.28+0.039 ms clock, 1.5+0.33/0.66/0.006+0.78 ms cpu, 4->5->2 MB, 5 MB goal, 0 MB stacks, 0 MB globals, 20 P
gc 7823 @14.709s 7%: 0.071+0.31+0.072 ms clock, 1.4+0.55/0.64/0.015+1.4 ms cpu, 3->4->2 MB, 4 MB goal, 0 MB stacks, 0 MB globals, 20 P
gc 7824 @14.710s 7%: 0.072+0.36+0.093 ms clock, 1.4+0.24/0.71/0+1.8 ms cpu, 4->5->2 MB, 5 MB goal, 0 MB stacks, 0 MB globals, 20 P
gc 7825 @14.711s 7%: 0.040+0.40+0.060 ms clock, 0.81+0.26/0.61/0.007+1.2 ms cpu, 4->5->2 MB, 5 MB goal, 0 MB stacks, 0 MB globals, 20 P
gc 7826 @14.713s 7%: 0.095+0.53+0.071 ms clock, 1.9+0.43/0.59/0.031+1.4 ms cpu, 4->5->2 MB, 4 MB goal, 0 MB stacks, 0 MB globals, 20 P
gc 7827 @14.714s 7%: 0.051+0.35+0.070 ms clock, 1.0+0.26/0.70/0.035+1.4 ms cpu, 4->5->2 MB, 5 MB goal, 0 MB stacks, 0 MB globals, 20 P
gc 7828 @14.715s 7%: 0.059+0.45+0.077 ms clock, 1.1+0.30/0.72/0.009+1.5 ms cpu, 4->5->2 MB, 5 MB goal, 0 MB stacks, 0 MB globals, 20 P
gc 7829 @14.717s 7%: 0.063+0.34+0.089 ms clock, 1.2+0.23/0.63/0+1.7 ms cpu, 4->5->2 MB, 5 MB goal, 0 MB stacks, 0 MB globals, 20 P
gc 7830 @14.718s 7%: 0.12+0.49+0.051 ms clock, 2.4+0.32/0.76/0.035+1.0 ms cpu, 4->5->2 MB, 4 MB goal, 0 MB stacks, 0 MB globals, 20 P
gc 7831 @14.720s 7%: 0.067+0.33+0.038 ms clock, 1.3+0.40/0.52/0.071+0.76 ms cpu, 4->5->2 MB, 5 MB goal, 0 MB stacks, 0 MB globals, 20 P
gc 7832 @14.721s 7%: 0.087+0.33+0.070 ms clock, 1.7+0.27/0.72/0.016+1.4 ms cpu, 3->4->2 MB, 4 MB goal, 0 MB stacks, 0 MB globals, 20 P
gc 7833 @14.722s 7%: 0.10+0.29+0.065 ms clock, 2.0+0.40/0.59/0+1.3 ms cpu, 4->4->2 MB, 4 MB goal, 0 MB stacks, 0 MB globals, 20 P
gc 7834 @14.723s 7%: 0.075+0.36+0.070 ms clock, 1.5+0.35/0.56/0.005+1.4 ms cpu, 3->4->2 MB, 4 MB goal, 0 MB stacks, 0 MB globals, 20 P
gc 7835 @14.724s 7%: 0.082+0.32+0.019 ms clock, 1.6+0.19/0.68/0.018+0.39 ms cpu, 3->4->2 MB, 4 MB goal, 0 MB stacks, 0 MB globals, 20 P
gc 7836 @14.725s 7%: 0.092+0.50+0.019 ms clock, 1.8+0.32/0.60/0.007+0.38 ms cpu, 3->4->2 MB, 4 MB goal, 0 MB stacks, 0 MB globals, 20 P
gc 7837 @14.727s 7%: 0.074+0.40+0.017 ms clock, 1.4+0.22/0.69/0.006+0.35 ms cpu, 4->5->2 MB, 4 MB goal, 0 MB stacks, 0 MB globals, 20 P
gc 7838 @14.728s 7%: 0.059+0.44+0.072 ms clock, 1.1+0.44/0.54/0.021+1.4 ms cpu, 4->4->2 MB, 4 MB goal, 0 MB stacks, 0 MB globals, 20 P
gc 7839 @14.730s 7%: 0.072+0.38+0.047 ms clock, 1.4+0.28/0.53/0.072+0.95 ms cpu, 4->4->2 MB, 4 MB goal, 0 MB stacks, 0 MB globals, 20 P
gc 7840 @14.730s 7%: 0.069+0.54+0.067 ms clock, 1.3+0.098/0.70/0+1.3 ms cpu, 3->4->2 MB, 4 MB goal, 0 MB stacks, 0 MB globals, 20 P
gc 7841 @14.732s 7%: 0.074+0.39+0.075 ms clock, 1.4+0.27/0.65/0.019+1.5 ms cpu, 4->5->2 MB, 5 MB goal, 0 MB stacks, 0 MB globals, 20 P
gc 7842 @14.733s 7%: 0.085+0.33+0.076 ms clock, 1.7+0.37/0.62/0+1.5 ms cpu, 4->4->2 MB, 4 MB goal, 0 MB stacks, 0 MB globals, 20 P
gc 7843 @14.735s 7%: 0.074+0.40+0.045 ms clock, 1.4+0.37/0.70/0.032+0.90 ms cpu, 4->4->2 MB, 4 MB goal, 0 MB stacks, 0 MB globals, 20 P
gc 7844 @14.736s 7%: 0.041+0.40+0.065 ms clock, 0.83+0.21/0.61/0+1.3 ms cpu, 4->5->2 MB, 4 MB goal, 0 MB stacks, 0 MB globals, 20 P
gc 7845 @14.737s 7%: 0.089+0.59+0.016 ms clock, 1.7+0.16/0.72/0+0.32 ms cpu, 4->5->2 MB, 5 MB goal, 0 MB stacks, 0 MB globals, 20 P
gc 7846 @14.739s 7%: 0.080+0.58+0.043 ms clock, 1.6+0.44/0.55/0.013+0.86 ms cpu, 4->5->2 MB, 5 MB goal, 0 MB stacks, 0 MB globals, 20 P
gc 7847 @14.741s 7%: 0.061+0.33+0.048 ms clock, 1.2+0.36/0.59/0.017+0.97 ms cpu, 4->5->2 MB, 5 MB goal, 0 MB stacks, 0 MB globals, 20 P
gc 7848 @14.742s 7%: 0.071+0.31+0.031 ms clock, 1.4+0.28/0.68/0+0.63 ms cpu, 3->4->2 MB, 4 MB goal, 0 MB stacks, 0 MB globals, 20 P
gc 7849 @14.743s 7%: 0.073+0.39+0.033 ms clock, 1.4+0.39/0.54/0+0.67 ms cpu, 4->4->2 MB, 4 MB goal, 0 MB stacks, 0 MB globals, 20 P
gc 7850 @14.744s 7%: 0.084+0.25+0.058 ms clock, 1.6+0.39/0.60/0.008+1.1 ms cpu, 4->4->2 MB, 4 MB goal, 0 MB stacks, 0 MB globals, 20 P
gc 7851 @14.745s 7%: 0.10+0.27+0.064 ms clock, 2.0+0.37/0.62/0+1.2 ms cpu, 3->4->2 MB, 4 MB goal, 0 MB stacks, 0 MB globals, 20 P
gc 7852 @14.747s 7%: 0.063+0.30+0.025 ms clock, 1.2+0.31/0.61/0.018+0.51 ms cpu, 4->4->2 MB, 4 MB goal, 0 MB stacks, 0 MB globals, 20 P
gc 7853 @14.748s 7%: 0.068+0.34+0.014 ms clock, 1.3+0.26/0.66/0.011+0.29 ms cpu, 4->4->2 MB, 4 MB goal, 0 MB stacks, 0 MB globals, 20 P
gc 7854 @14.749s 7%: 0.083+0.37+0.068 ms clock, 1.6+0.24/0.65/0+1.3 ms cpu, 3->5->2 MB, 4 MB goal, 0 MB stacks, 0 MB globals, 20 P
gc 7855 @14.750s 7%: 0.060+0.35+0.062 ms clock, 1.2+0.72/0.73/0+1.2 ms cpu, 4->5->2 MB, 5 MB goal, 0 MB stacks, 0 MB globals, 20 P
gc 7856 @14.752s 7%: 0.090+0.40+0.077 ms clock, 1.8+0.38/0.64/0.032+1.5 ms cpu, 4->4->2 MB, 4 MB goal, 0 MB stacks, 0 MB globals, 20 P
gc 7857 @14.753s 7%: 0.062+0.43+0.020 ms clock, 1.2+0.24/0.64/0.027+0.40 ms cpu, 4->4->2 MB, 4 MB goal, 0 MB stacks, 0 MB globals, 20 P
gc 7858 @14.754s 7%: 0.082+0.44+0.069 ms clock, 1.6+0.35/0.60/0.011+1.3 ms cpu, 3->4->2 MB, 4 MB goal, 0 MB stacks, 0 MB globals, 20 P
gc 7859 @14.755s 7%: 0.079+0.44+0.075 ms clock, 1.5+0.13/0.72/0+1.5 ms cpu, 4->5->2 MB, 5 MB goal, 0 MB stacks, 0 MB globals, 20 P
gc 7860 @14.756s 7%: 0.062+0.35+0.040 ms clock, 1.2+0.28/0.63/0.033+0.81 ms cpu, 4->4->2 MB, 4 MB goal, 0 MB stacks, 0 MB globals, 20 P
gc 7861 @14.758s 7%: 0.064+0.42+0.031 ms clock, 1.2+0.33/0.63/0+0.63 ms cpu, 3->4->2 MB, 4 MB goal, 0 MB stacks, 0 MB globals, 20 P
gc 7862 @14.759s 7%: 0.042+0.31+0.077 ms clock, 0.84+0.38/0.63/0.057+1.5 ms cpu, 4->4->2 MB, 4 MB goal, 0 MB stacks, 0 MB globals, 20 P
gc 7863 @14.760s 7%: 0.070+0.38+0.058 ms clock, 1.4+0.39/0.56/0+1.1 ms cpu, 3->4->2 MB, 4 MB goal, 0 MB stacks, 0 MB globals, 20 P
gc 7864 @14.761s 7%: 0.055+0.37+0.074 ms clock, 1.1+0.30/0.65/0.003+1.4 ms cpu, 4->5->2 MB, 5 MB goal, 0 MB stacks, 0 MB globals, 20 P
gc 7865 @14.762s 7%: 0.060+0.33+0.029 ms clock, 1.2+0.21/0.66/0+0.58 ms cpu, 3->4->2 MB, 4 MB goal, 0 MB stacks, 0 MB globals, 20 P
gc 7866 @14.763s 7%: 0.059+0.38+0.070 ms clock, 1.1+0.34/0.73/0.019+1.4 ms cpu, 3->5->2 MB, 4 MB goal, 0 MB stacks, 0 MB globals, 20 P
gc 7867 @14.765s 7%: 0.090+0.25+0.058 ms clock, 1.8+0.25/0.67/0+1.1 ms cpu, 4->5->2 MB, 5 MB goal, 0 MB stacks, 0 MB globals, 20 P
gc 7868 @14.766s 7%: 0.084+0.36+0.047 ms clock, 1.6+0.34/0.80/0+0.95 ms cpu, 3->4->2 MB, 4 MB goal, 0 MB stacks, 0 MB globals, 20 P
gc 7869 @14.767s 7%: 0.064+0.41+0.081 ms clock, 1.2+0.31/0.63/0+1.6 ms cpu, 4->5->2 MB, 4 MB goal, 0 MB stacks, 0 MB globals, 20 P
gc 7870 @14.768s 7%: 0.067+0.36+0.085 ms clock, 1.3+0.30/0.59/0.005+1.7 ms cpu, 4->5->2 MB, 5 MB goal, 0 MB stacks, 0 MB globals, 20 P
gc 7871 @14.769s 7%: 0.10+0.71+0.043 ms clock, 2.1+0.37/0.67/0+0.87 ms cpu, 4->5->2 MB, 4 MB goal, 0 MB stacks, 0 MB globals, 20 P
gc 7872 @14.771s 7%: 0.072+0.48+0.076 ms clock, 1.4+0.35/0.70/0+1.5 ms cpu, 5->6->2 MB, 5 MB goal, 0 MB stacks, 0 MB globals, 20 P
gc 7873 @14.773s 7%: 0.079+0.36+0.014 ms clock, 1.5+0.27/0.58/0.052+0.29 ms cpu, 4->5->2 MB, 5 MB goal, 0 MB stacks, 0 MB globals, 20 P
gc 7874 @14.774s 7%: 0.039+0.38+0.062 ms clock, 0.78+0.26/0.66/0.030+1.2 ms cpu, 3->4->2 MB, 4 MB goal, 0 MB stacks, 0 MB globals, 20 P
gc 7875 @14.775s 7%: 0.052+0.52+0.066 ms clock, 1.0+0.33/0.59/0.047+1.3 ms cpu, 3->5->2 MB, 4 MB goal, 0 MB stacks, 0 MB globals, 20 P
gc 7876 @14.776s 7%: 0.031+0.32+0.077 ms clock, 0.62+0.38/0.55/0.10+1.5 ms cpu, 4->5->2 MB, 5 MB goal, 0 MB stacks, 0 MB globals, 20 P
gc 7877 @14.778s 7%: 0.057+0.30+0.036 ms clock, 1.1+0.32/0.54/0.10+0.72 ms cpu, 3->4->2 MB, 4 MB goal, 0 MB stacks, 0 MB globals, 20 P
gc 7878 @14.779s 7%: 0.063+0.37+0.077 ms clock, 1.2+0.32/0.61/0+1.5 ms cpu, 3->4->2 MB, 4 MB goal, 0 MB stacks, 0 MB globals, 20 P
gc 7879 @14.780s 7%: 0.070+0.42+0.062 ms clock, 1.4+0.26/0.70/0+1.2 ms cpu, 4->5->2 MB, 4 MB goal, 0 MB stacks, 0 MB globals, 20 P
gc 7880 @14.782s 7%: 0.029+0.47+0.072 ms clock, 0.59+0.27/0.67/0.005+1.4 ms cpu, 4->4->2 MB, 4 MB goal, 0 MB stacks, 0 MB globals, 20 P
gc 7881 @14.783s 7%: 0.070+0.48+0.013 ms clock, 1.4+0.25/0.74/0+0.26 ms cpu, 4->5->2 MB, 4 MB goal, 0 MB stacks, 0 MB globals, 20 P
gc 7882 @14.784s 7%: 0.066+0.38+0.059 ms clock, 1.3+0.28/0.65/0.012+1.1 ms cpu, 4->5->2 MB, 5 MB goal, 0 MB stacks, 0 MB globals, 20 P
gc 7883 @14.785s 7%: 0.050+0.43+0.069 ms clock, 1.0+0.28/0.66/0.011+1.3 ms cpu, 3->4->2 MB, 4 MB goal, 0 MB stacks, 0 MB globals, 20 P
gc 7884 @14.786s 7%: 0.062+0.44+0.068 ms clock, 1.2+0.48/0.54/0.029+1.3 ms cpu, 3->4->2 MB, 4 MB goal, 0 MB stacks, 0 MB globals, 20 P
gc 7885 @14.788s 7%: 0.075+0.47+0.072 ms clock, 1.5+0.40/0.63/0.004+1.4 ms cpu, 4->5->2 MB, 5 MB goal, 0 MB stacks, 0 MB globals, 20 P
gc 7886 @14.789s 7%: 0.090+0.38+0.070 ms clock, 1.8+0.29/0.59/0.051+1.4 ms cpu, 4->5->2 MB, 5 MB goal, 0 MB stacks, 0 MB globals, 20 P
gc 7887 @14.791s 7%: 0.072+0.39+0.063 ms clock, 1.4+0.30/0.61/0.002+1.2 ms cpu, 4->5->2 MB, 5 MB goal, 0 MB stacks, 0 MB globals, 20 P
gc 7888 @14.792s 7%: 0.062+0.36+0.095 ms clock, 1.2+0.31/0.67/0.016+1.9 ms cpu, 4->5->2 MB, 4 MB goal, 0 MB stacks, 0 MB globals, 20 P
gc 7889 @14.793s 7%: 0.047+0.42+0.018 ms clock, 0.94+0.24/0.70/0.015+0.36 ms cpu, 4->4->2 MB, 4 MB goal, 0 MB stacks, 0 MB globals, 20 P
gc 7890 @14.795s 7%: 0.090+0.30+0.046 ms clock, 1.8+0.22/0.61/0.001+0.92 ms cpu, 4->5->2 MB, 5 MB goal, 0 MB stacks, 0 MB globals, 20 P
gc 7891 @14.796s 7%: 0.094+0.37+0.10 ms clock, 1.8+0.27/0.70/0.005+2.1 ms cpu, 3->4->2 MB, 4 MB goal, 0 MB stacks, 0 MB globals, 20 P
gc 7892 @14.798s 7%: 0.079+0.29+0.040 ms clock, 1.5+0.35/0.61/0+0.80 ms cpu, 4->5->2 MB, 4 MB goal, 0 MB stacks, 0 MB globals, 20 P
gc 7893 @14.799s 7%: 0.083+0.40+0.058 ms clock, 1.6+0.37/0.60/0.013+1.1 ms cpu, 3->4->2 MB, 4 MB goal, 0 MB stacks, 0 MB globals, 20 P
gc 7894 @14.800s 7%: 0.057+0.59+0.078 ms clock, 1.1+0.52/0.62/0.003+1.5 ms cpu, 4->5->2 MB, 5 MB goal, 0 MB stacks, 0 MB globals, 20 P
gc 7895 @14.802s 7%: 0.091+0.44+0.078 ms clock, 1.8+0.37/0.71/0.002+1.5 ms cpu, 4->5->2 MB, 5 MB goal, 0 MB stacks, 0 MB globals, 20 P
gc 7896 @14.804s 7%: 0.072+0.41+0.042 ms clock, 1.4+0.20/0.68/0.006+0.84 ms cpu, 4->5->2 MB, 5 MB goal, 0 MB stacks, 0 MB globals, 20 P
gc 7897 @14.805s 7%: 0.10+0.32+0.041 ms clock, 2.1+0.29/0.65/0+0.83 ms cpu, 4->4->2 MB, 4 MB goal, 0 MB stacks, 0 MB globals, 20 P
gc 7898 @14.806s 7%: 0.064+0.37+0.041 ms clock, 1.2+0.33/0.66/0+0.82 ms cpu, 4->5->2 MB, 5 MB goal, 0 MB stacks, 0 MB globals, 20 P
gc 7899 @14.808s 7%: 0.069+0.45+0.060 ms clock, 1.3+0.32/0.66/0+1.2 ms cpu, 4->5->2 MB, 4 MB goal, 0 MB stacks, 0 MB globals, 20 P
gc 7900 @14.809s 7%: 0.070+0.41+0.059 ms clock, 1.4+0.35/0.64/0.011+1.1 ms cpu, 4->5->2 MB, 5 MB goal, 0 MB stacks, 0 MB globals, 20 P
gc 7901 @14.811s 7%: 0.086+0.36+0.051 ms clock, 1.7+0.38/0.57/0.062+1.0 ms cpu, 4->5->2 MB, 5 MB goal, 0 MB stacks, 0 MB globals, 20 P
gc 7902 @14.812s 7%: 0.072+0.47+0.052 ms clock, 1.4+0.35/0.70/0.019+1.0 ms cpu, 3->4->2 MB, 4 MB goal, 0 MB stacks, 0 MB globals, 20 P
gc 7903 @14.814s 7%: 0.073+0.37+0.050 ms clock, 1.4+0.47/0.52/0.054+1.0 ms cpu, 4->5->2 MB, 5 MB goal, 0 MB stacks, 0 MB globals, 20 P
gc 7904 @14.815s 7%: 0.051+0.47+0.038 ms clock, 1.0+0.32/0.55/0.054+0.76 ms cpu, 4->5->2 MB, 4 MB goal, 0 MB stacks, 0 MB globals, 20 P
gc 7905 @14.816s 7%: 0.075+0.56+0.070 ms clock, 1.5+0.35/0.64/0+1.4 ms cpu, 4->5->2 MB, 4 MB goal, 0 MB stacks, 0 MB globals, 20 P
gc 7906 @14.818s 7%: 0.046+0.34+0.074 ms clock, 0.93+0.38/0.60/0.006+1.4 ms cpu, 4->5->2 MB, 5 MB goal, 0 MB stacks, 0 MB globals, 20 P
gc 7907 @14.819s 7%: 0.066+0.49+0.064 ms clock, 1.3+0.27/0.71/0.019+1.2 ms cpu, 3->5->2 MB, 4 MB goal, 0 MB stacks, 0 MB globals, 20 P
gc 7908 @14.820s 7%: 0.044+0.59+0.058 ms clock, 0.88+0.34/0.60/0+1.1 ms cpu, 4->5->2 MB, 5 MB goal, 0 MB stacks, 0 MB globals, 20 P
gc 7909 @14.822s 7%: 0.12+0.48+0.080 ms clock, 2.4+0.31/0.67/0.032+1.6 ms cpu, 4->5->2 MB, 5 MB goal, 0 MB stacks, 0 MB globals, 20 P
gc 7910 @14.823s 7%: 0.088+0.49+0.070 ms clock, 1.7+0.32/0.67/0.006+1.4 ms cpu, 4->4->2 MB, 4 MB goal, 0 MB stacks, 0 MB globals, 20 P
gc 7911 @14.825s 7%: 0.042+0.23+0.003 ms clock, 0.85+0.33/0.64/0.048+0.071 ms cpu, 4->4->1 MB, 5 MB goal, 0 MB stacks, 0 MB globals, 20 P
gc 7912 @14.825s 7%: 0.097+0.48+0.029 ms clock, 1.9+0.30/0.74/0+0.58 ms cpu, 3->4->2 MB, 4 MB goal, 0 MB stacks, 0 MB globals, 20 P
gc 7913 @14.827s 7%: 0.070+0.36+0.042 ms clock, 1.4+0.35/0.63/0.005+0.84 ms cpu, 4->5->2 MB, 5 MB goal, 0 MB stacks, 0 MB globals, 20 P
gc 7914 @14.828s 7%: 0.081+0.36+0.049 ms clock, 1.6+0.25/0.60/0+0.98 ms cpu, 4->4->2 MB, 4 MB goal, 0 MB stacks, 0 MB globals, 20 P
gc 7915 @14.829s 7%: 0.059+0.45+0.074 ms clock, 1.1+0.27/0.66/0.002+1.4 ms cpu, 4->4->2 MB, 4 MB goal, 0 MB stacks, 0 MB globals, 20 P
gc 7916 @14.830s 7%: 0.085+0.38+0.064 ms clock, 1.7+0.34/0.56/0.027+1.2 ms cpu, 4->4->2 MB, 4 MB goal, 0 MB stacks, 0 MB globals, 20 P
gc 7917 @14.831s 7%: 0.061+0.32+0.053 ms clock, 1.2+0.27/0.65/0+1.0 ms cpu, 3->4->2 MB, 4 MB goal, 0 MB stacks, 0 MB globals, 20 P
gc 7918 @14.832s 7%: 0.070+0.83+0.012 ms clock, 1.4+0.31/0.64/0+0.24 ms cpu, 3->5->2 MB, 4 MB goal, 0 MB stacks, 0 MB globals, 20 P
gc 7919 @14.834s 7%: 0.076+0.57+0.072 ms clock, 1.5+0.18/0.78/0.036+1.4 ms cpu, 4->6->2 MB, 5 MB goal, 0 MB stacks, 0 MB globals, 20 P
gc 7920 @14.836s 7%: 0.065+0.29+0.070 ms clock, 1.3+0.33/0.56/0.002+1.4 ms cpu, 4->5->2 MB, 5 MB goal, 0 MB stacks, 0 MB globals, 20 P
gc 7921 @14.837s 7%: 0.093+0.42+0.082 ms clock, 1.8+0.25/0.67/0+1.6 ms cpu, 3->4->2 MB, 4 MB goal, 0 MB stacks, 0 MB globals, 20 P
gc 7922 @14.838s 7%: 0.086+0.46+0.060 ms clock, 1.7+0.28/0.64/0.017+1.2 ms cpu, 4->5->2 MB, 5 MB goal, 0 MB stacks, 0 MB globals, 20 P
gc 7923 @14.840s 7%: 0.076+0.40+0.022 ms clock, 1.5+0.25/0.68/0.031+0.45 ms cpu, 4->5->2 MB, 5 MB goal, 0 MB stacks, 0 MB globals, 20 P
gc 7924 @14.841s 7%: 0.050+0.51+0.026 ms clock, 1.0+0.34/0.69/0+0.52 ms cpu, 4->4->2 MB, 4 MB goal, 0 MB stacks, 0 MB globals, 20 P
gc 7925 @14.842s 7%: 0.082+0.40+0.052 ms clock, 1.6+0.26/0.67/0+1.0 ms cpu, 4->5->2 MB, 4 MB goal, 0 MB stacks, 0 MB globals, 20 P
gc 7926 @14.844s 7%: 0.053+0.55+0.079 ms clock, 1.0+0.28/0.77/0.074+1.5 ms cpu, 4->5->2 MB, 5 MB goal, 0 MB stacks, 0 MB globals, 20 P
gc 7927 @14.845s 7%: 0.042+0.31+0.073 ms clock, 0.85+0.33/0.60/0+1.4 ms cpu, 4->4->2 MB, 5 MB goal, 0 MB stacks, 0 MB globals, 20 P
gc 7928 @14.846s 7%: 0.077+0.38+0.058 ms clock, 1.5+0.41/0.70/0.025+1.1 ms cpu, 3->4->2 MB, 4 MB goal, 0 MB stacks, 0 MB globals, 20 P
gc 7929 @14.847s 7%: 0.087+0.25+0.074 ms clock, 1.7+0.37/0.58/0+1.4 ms cpu, 4->5->2 MB, 4 MB goal, 0 MB stacks, 0 MB globals, 20 P
gc 7930 @14.849s 7%: 0.069+0.32+0.074 ms clock, 1.3+0.30/0.63/0.003+1.4 ms cpu, 4->4->2 MB, 4 MB goal, 0 MB stacks, 0 MB globals, 20 P
gc 7931 @14.850s 7%: 0.086+0.53+0.087 ms clock, 1.7+0.33/0.74/0.004+1.7 ms cpu, 4->5->2 MB, 5 MB goal, 0 MB stacks, 0 MB globals, 20 P
gc 7932 @14.852s 7%: 0.069+0.31+0.064 ms clock, 1.3+0.33/0.63/0+1.2 ms cpu, 4->5->2 MB, 5 MB goal, 0 MB stacks, 0 MB globals, 20 P
gc 7933 @14.853s 7%: 0.072+0.37+0.074 ms clock, 1.4+0.29/0.59/0.050+1.4 ms cpu, 4->5->2 MB, 4 MB goal, 0 MB stacks, 0 MB globals, 20 P
gc 7934 @14.854s 7%: 0.081+0.44+0.043 ms clock, 1.6+0.34/0.63/0+0.86 ms cpu, 4->5->2 MB, 5 MB goal, 0 MB stacks, 0 MB globals, 20 P
gc 7935 @14.856s 7%: 0.097+0.35+0.073 ms clock, 1.9+0.32/0.60/0.006+1.4 ms cpu, 4->5->2 MB, 5 MB goal, 0 MB stacks, 0 MB globals, 20 P
gc 7936 @14.857s 7%: 0.072+0.42+0.029 ms clock, 1.4+0.34/0.68/0.058+0.59 ms cpu, 4->5->2 MB, 4 MB goal, 0 MB stacks, 0 MB globals, 20 P
gc 7937 @14.858s 7%: 0.048+0.51+0.077 ms clock, 0.97+0.25/0.64/0.032+1.5 ms cpu, 4->5->2 MB, 5 MB goal, 0 MB stacks, 0 MB globals, 20 P
gc 7938 @14.860s 7%: 0.075+0.56+0.051 ms clock, 1.5+0.24/0.60/0.029+1.0 ms cpu, 4->5->2 MB, 5 MB goal, 0 MB stacks, 0 MB globals, 20 P
gc 7939 @14.862s 7%: 0.045+0.32+0.071 ms clock, 0.91+0.30/0.63/0.058+1.4 ms cpu, 4->5->2 MB, 5 MB goal, 0 MB stacks, 0 MB globals, 20 P
gc 7940 @14.863s 7%: 0.093+0.35+0.072 ms clock, 1.8+0.29/0.59/0.078+1.4 ms cpu, 4->4->2 MB, 4 MB goal, 0 MB stacks, 0 MB globals, 20 P
gc 7941 @14.864s 7%: 0.092+0.46+0.030 ms clock, 1.8+0.46/0.68/0+0.60 ms cpu, 4->5->2 MB, 4 MB goal, 0 MB stacks, 0 MB globals, 20 P
gc 7942 @14.865s 7%: 0.036+0.36+0.075 ms clock, 0.73+0.35/0.64/0.042+1.5 ms cpu, 4->5->2 MB, 5 MB goal, 0 MB stacks, 0 MB globals, 20 P
gc 7943 @14.866s 7%: 0.071+0.59+0.025 ms clock, 1.4+0.37/0.65/0.012+0.50 ms cpu, 4->5->2 MB, 5 MB goal, 0 MB stacks, 0 MB globals, 20 P
gc 7944 @14.867s 7%: 0.033+0.52+0.041 ms clock, 0.67+0.36/0.63/0.093+0.82 ms cpu, 4->5->2 MB, 5 MB goal, 0 MB stacks, 0 MB globals, 20 P
gc 7945 @14.869s 7%: 0.050+0.39+0.068 ms clock, 1.0+0.26/0.73/0+1.3 ms cpu, 4->5->2 MB, 5 MB goal, 0 MB stacks, 0 MB globals, 20 P
gc 7946 @14.870s 7%: 0.052+0.20+0.072 ms clock, 1.0+0.41/0.56/0.003+1.4 ms cpu, 4->4->2 MB, 5 MB goal, 0 MB stacks, 0 MB globals, 20 P
gc 7947 @14.871s 7%: 0.064+0.33+0.057 ms clock, 1.2+0.25/0.68/0.067+1.1 ms cpu, 3->4->2 MB, 4 MB goal, 0 MB stacks, 0 MB globals, 20 P
gc 7948 @14.872s 7%: 0.075+0.39+0.073 ms clock, 1.5+0.35/0.56/0.026+1.4 ms cpu, 4->5->2 MB, 4 MB goal, 0 MB stacks, 0 MB globals, 20 P
gc 7949 @14.873s 7%: 0.068+0.37+0.075 ms clock, 1.3+0.28/0.67/0.034+1.5 ms cpu, 4->5->2 MB, 5 MB goal, 0 MB stacks, 0 MB globals, 20 P
gc 7950 @14.874s 7%: 0.045+0.44+0.011 ms clock, 0.90+0.27/0.64/0.048+0.22 ms cpu, 4->5->2 MB, 5 MB goal, 0 MB stacks, 0 MB globals, 20 P
gc 7951 @14.875s 7%: 0.071+0.37+0.041 ms clock, 1.4+0.29/0.64/0.051+0.82 ms cpu, 4->5->2 MB, 5 MB goal, 0 MB stacks, 0 MB globals, 20 P
gc 7952 @14.876s 7%: 0.047+0.21+0.036 ms clock, 0.95+0.23/0.57/0.24+0.73 ms cpu, 4->5->1 MB, 5 MB goal, 0 MB stacks, 0 MB globals, 20 P
gc 7953 @14.877s 7%: 0.076+0.50+0.029 ms clock, 1.5+0.43/0.56/0.018+0.58 ms cpu, 3->4->2 MB, 4 MB goal, 0 MB stacks, 0 MB globals, 20 P
gc 7954 @14.879s 7%: 0.084+0.45+0.11 ms clock, 1.6+0.35/0.66/0.034+2.2 ms cpu, 4->5->2 MB, 5 MB goal, 0 MB stacks, 0 MB globals, 20 P
gc 7955 @14.880s 7%: 0.048+0.42+0.064 ms clock, 0.97+0.29/0.65/0.047+1.2 ms cpu, 4->5->2 MB, 5 MB goal, 0 MB stacks, 0 MB globals, 20 P
gc 7956 @14.881s 7%: 0.072+0.42+0.050 ms clock, 1.4+0.36/0.72/0+1.0 ms cpu, 4->5->2 MB, 4 MB goal, 0 MB stacks, 0 MB globals, 20 P
gc 7957 @14.882s 7%: 0.076+0.40+0.030 ms clock, 1.5+0.24/0.59/0.027+0.61 ms cpu, 4->5->2 MB, 5 MB goal, 0 MB stacks, 0 MB globals, 20 P
gc 7958 @14.884s 7%: 0.063+0.38+0.10 ms clock, 1.2+0.30/0.68/0.008+2.0 ms cpu, 4->5->2 MB, 5 MB goal, 0 MB stacks, 0 MB globals, 20 P
gc 7959 @14.885s 7%: 0.079+0.52+0.018 ms clock, 1.5+0.36/0.72/0.017+0.36 ms cpu, 4->5->2 MB, 4 MB goal, 0 MB stacks, 0 MB globals, 20 P
gc 7960 @14.886s 7%: 0.053+0.36+0.082 ms clock, 1.0+0.38/0.61/0+1.6 ms cpu, 4->5->2 MB, 5 MB goal, 0 MB stacks, 0 MB globals, 20 P
gc 7961 @14.887s 7%: 0.077+0.25+0.076 ms clock, 1.5+0.38/0.58/0+1.5 ms cpu, 4->5->2 MB, 5 MB goal, 0 MB stacks, 0 MB globals, 20 P
gc 7962 @14.889s 7%: 0.071+0.32+0.010 ms clock, 1.4+0.19/0.65/0.027+0.21 ms cpu, 4->4->1 MB, 4 MB goal, 0 MB stacks, 0 MB globals, 20 P
gc 7963 @14.890s 7%: 0.075+0.28+0.060 ms clock, 1.5+0.35/0.65/0.045+1.2 ms cpu, 3->4->2 MB, 4 MB goal, 0 MB stacks, 0 MB globals, 20 P
gc 7964 @14.891s 7%: 0.085+0.33+0.043 ms clock, 1.7+0.34/0.58/0.001+0.86 ms cpu, 3->4->2 MB, 4 MB goal, 0 MB stacks, 0 MB globals, 20 P
gc 7965 @14.892s 7%: 0.097+0.42+0.072 ms clock, 1.9+0.38/0.55/0.044+1.4 ms cpu, 4->5->2 MB, 4 MB goal, 0 MB stacks, 0 MB globals, 20 P
gc 7966 @14.893s 7%: 0.053+0.29+0.023 ms clock, 1.0+0.41/0.65/0.12+0.47 ms cpu, 4->4->2 MB, 5 MB goal, 0 MB stacks, 0 MB globals, 20 P
gc 7967 @14.894s 7%: 0.071+0.48+0.072 ms clock, 1.4+0.31/0.67/0.002+1.4 ms cpu, 3->4->2 MB, 4 MB goal, 0 MB stacks, 0 MB globals, 20 P
gc 7968 @14.895s 7%: 0.098+0.36+0.035 ms clock, 1.9+0.26/0.63/0+0.70 ms cpu, 4->5->2 MB, 5 MB goal, 0 MB stacks, 0 MB globals, 20 P
gc 7969 @14.896s 7%: 0.075+0.43+0.071 ms clock, 1.5+0.38/0.59/0+1.4 ms cpu, 4->5->2 MB, 4 MB goal, 0 MB stacks, 0 MB globals, 20 P
gc 7970 @14.898s 7%: 0.078+0.51+0.068 ms clock, 1.5+0.26/0.60/0+1.3 ms cpu, 4->5->2 MB, 5 MB goal, 0 MB stacks, 0 MB globals, 20 P
gc 7971 @14.899s 7%: 0.072+0.50+0.077 ms clock, 1.4+0.17/0.65/0.011+1.5 ms cpu, 4->5->2 MB, 5 MB goal, 0 MB stacks, 0 MB globals, 20 P
gc 7972 @14.900s 7%: 0.071+0.26+0.030 ms clock, 1.4+0.35/0.56/0.097+0.61 ms cpu, 4->5->2 MB, 5 MB goal, 0 MB stacks, 0 MB globals, 20 P
gc 7973 @14.902s 7%: 0.048+0.50+0.061 ms clock, 0.96+0.27/0.63/0.11+1.2 ms cpu, 4->5->2 MB, 4 MB goal, 0 MB stacks, 0 MB globals, 20 P
gc 7974 @14.903s 7%: 0.063+0.34+0.17 ms clock, 1.2+0.29/0.63/0.049+3.4 ms cpu, 4->5->2 MB, 5 MB goal, 0 MB stacks, 0 MB globals, 20 P
gc 7975 @14.904s 7%: 0.075+0.42+0.055 ms clock, 1.5+0.39/0.59/0+1.1 ms cpu, 4->5->2 MB, 5 MB goal, 0 MB stacks, 0 MB globals, 20 P
gc 7976 @14.906s 7%: 0.056+0.31+0.068 ms clock, 1.1+0.26/0.55/0.12+1.3 ms cpu, 4->5->2 MB, 5 MB goal, 0 MB stacks, 0 MB globals, 20 P
gc 7977 @14.907s 7%: 0.061+0.23+0.059 ms clock, 1.2+0.36/0.57/0.005+1.1 ms cpu, 4->4->2 MB, 4 MB goal, 0 MB stacks, 0 MB globals, 20 P
gc 7978 @14.907s 7%: 0.046+0.48+0.049 ms clock, 0.93+0.46/0.56/0.062+0.99 ms cpu, 3->4->2 MB, 4 MB goal, 0 MB stacks, 0 MB globals, 20 P
gc 7979 @14.909s 7%: 0.044+0.24+0.047 ms clock, 0.88+0.26/0.62/0.048+0.95 ms cpu, 4->5->2 MB, 5 MB goal, 0 MB stacks, 0 MB globals, 20 P
gc 7980 @14.909s 7%: 0.098+0.45+0.069 ms clock, 1.9+0.41/0.62/0.031+1.3 ms cpu, 3->4->2 MB, 4 MB goal, 0 MB stacks, 0 MB globals, 20 P
gc 7981 @14.911s 7%: 0.080+0.45+0.077 ms clock, 1.6+0.33/0.55/0.047+1.5 ms cpu, 4->5->2 MB, 5 MB goal, 0 MB stacks, 0 MB globals, 20 P
gc 7982 @14.912s 7%: 0.11+0.35+0.056 ms clock, 2.2+0.33/0.61/0+1.1 ms cpu, 4->5->2 MB, 5 MB goal, 0 MB stacks, 0 MB globals, 20 P
gc 7983 @14.913s 7%: 0.029+0.50+0.063 ms clock, 0.59+0.27/0.74/0.020+1.2 ms cpu, 4->5->2 MB, 4 MB goal, 0 MB stacks, 0 MB globals, 20 P
gc 7984 @14.915s 7%: 0.042+0.33+0.028 ms clock, 0.84+0.20/0.64/0.025+0.57 ms cpu, 4->5->2 MB, 5 MB goal, 0 MB stacks, 0 MB globals, 20 P
gc 7985 @14.916s 7%: 0.063+0.21+0.063 ms clock, 1.2+0.30/0.60/0.017+1.2 ms cpu, 4->4->2 MB, 4 MB goal, 0 MB stacks, 0 MB globals, 20 P
gc 7986 @14.917s 7%: 0.070+0.41+0.011 ms clock, 1.4+0.38/0.73/0+0.22 ms cpu, 4->4->2 MB, 4 MB goal, 0 MB stacks, 0 MB globals, 20 P
gc 7987 @14.918s 7%: 0.052+0.31+0.030 ms clock, 1.0+0.20/0.55/0.11+0.61 ms cpu, 4->5->2 MB, 5 MB goal, 0 MB stacks, 0 MB globals, 20 P
gc 7988 @14.919s 7%: 0.085+0.48+0.087 ms clock, 1.7+0.47/0.73/0.003+1.7 ms cpu, 3->5->2 MB, 4 MB goal, 0 MB stacks, 0 MB globals, 20 P
gc 7989 @14.920s 7%: 0.13+0.47+0.077 ms clock, 2.7+0.30/0.74/0+1.5 ms cpu, 4->5->2 MB, 5 MB goal, 0 MB stacks, 0 MB globals, 20 P
gc 7990 @14.922s 7%: 0.077+0.38+0.086 ms clock, 1.5+0.29/0.70/0.003+1.7 ms cpu, 4->5->2 MB, 5 MB goal, 0 MB stacks, 0 MB globals, 20 P
gc 7991 @14.923s 7%: 0.057+0.29+0.044 ms clock, 1.1+0.16/0.66/0.051+0.89 ms cpu, 4->4->2 MB, 5 MB goal, 0 MB stacks, 0 MB globals, 20 P
gc 7992 @14.924s 7%: 0.072+0.44+0.063 ms clock, 1.4+0.073/0.77/0.012+1.2 ms cpu, 3->4->2 MB, 4 MB goal, 0 MB stacks, 0 MB globals, 20 P
gc 7993 @14.925s 7%: 0.079+0.47+0.070 ms clock, 1.5+0.17/0.69/0.001+1.4 ms cpu, 4->5->2 MB, 5 MB goal, 0 MB stacks, 0 MB globals, 20 P
gc 7994 @14.927s 7%: 0.033+0.34+0.070 ms clock, 0.67+0.21/0.71/0.012+1.4 ms cpu, 4->5->2 MB, 5 MB goal, 0 MB stacks, 0 MB globals, 20 P
gc 7995 @14.928s 7%: 0.069+0.26+0.047 ms clock, 1.3+0.22/0.67/0.034+0.94 ms cpu, 4->5->2 MB, 4 MB goal, 0 MB stacks, 0 MB globals, 20 P
gc 7996 @14.928s 7%: 0.091+0.45+0.052 ms clock, 1.8+0.34/0.64/0.010+1.0 ms cpu, 3->4->2 MB, 4 MB goal, 0 MB stacks, 0 MB globals, 20 P
gc 7997 @14.930s 7%: 0.046+0.43+0.037 ms clock, 0.93+0.24/0.74/0.016+0.74 ms cpu, 4->5->2 MB, 5 MB goal, 0 MB stacks, 0 MB globals, 20 P
gc 7998 @14.931s 7%: 0.10+0.50+0.065 ms clock, 2.0+0.37/0.70/0.035+1.3 ms cpu, 4->5->2 MB, 5 MB goal, 0 MB stacks, 0 MB globals, 20 P
gc 7999 @14.932s 7%: 0.070+0.39+0.067 ms clock, 1.4+0.40/0.65/0+1.3 ms cpu, 4->5->2 MB, 5 MB goal, 0 MB stacks, 0 MB globals, 20 P
gc 8000 @14.933s 7%: 0.086+0.37+0.071 ms clock, 1.7+0.25/0.72/0+1.4 ms cpu, 4->5->2 MB, 5 MB goal, 0 MB stacks, 0 MB globals, 20 P
gc 8001 @14.935s 7%: 0.052+0.36+0.053 ms clock, 1.0+0.27/0.66/0+1.0 ms cpu, 4->5->2 MB, 5 MB goal, 0 MB stacks, 0 MB globals, 20 P
gc 8002 @14.936s 7%: 0.066+0.39+0.051 ms clock, 1.3+0.30/0.54/0+1.0 ms cpu, 4->5->2 MB, 5 MB goal, 0 MB stacks, 0 MB globals, 20 P
gc 8003 @14.937s 7%: 0.13+0.46+0.042 ms clock, 2.7+0.28/0.64/0.035+0.84 ms cpu, 4->4->2 MB, 4 MB goal, 0 MB stacks, 0 MB globals, 20 P
gc 8004 @14.938s 7%: 0.054+0.37+0.074 ms clock, 1.0+0.33/0.58/0.004+1.4 ms cpu, 4->5->2 MB, 5 MB goal, 0 MB stacks, 0 MB globals, 20 P
gc 8005 @14.940s 7%: 0.040+0.28+0.095 ms clock, 0.80+0.25/0.63/0+1.9 ms cpu, 4->5->2 MB, 4 MB goal, 0 MB stacks, 0 MB globals, 20 P
gc 8006 @14.941s 7%: 0.067+0.31+0.24 ms clock, 1.3+0.13/0.52/0.21+4.9 ms cpu, 4->4->2 MB, 4 MB goal, 0 MB stacks, 0 MB globals, 20 P
gc 8007 @14.942s 7%: 0.044+0.39+0.034 ms clock, 0.89+0.24/0.60/0.014+0.68 ms cpu, 3->4->2 MB, 4 MB goal, 0 MB stacks, 0 MB globals, 20 P
gc 8008 @14.943s 7%: 0.079+0.36+0.068 ms clock, 1.5+0.44/0.61/0.001+1.3 ms cpu, 4->5->2 MB, 5 MB goal, 0 MB stacks, 0 MB globals, 20 P
gc 8009 @14.945s 7%: 0.045+0.35+0.051 ms clock, 0.90+0.39/0.61/0.032+1.0 ms cpu, 4->5->2 MB, 5 MB goal, 0 MB stacks, 0 MB globals, 20 P
gc 8010 @14.946s 7%: 0.083+0.50+0.054 ms clock, 1.6+0.24/0.68/0.038+1.0 ms cpu, 4->5->2 MB, 5 MB goal, 0 MB stacks, 0 MB globals, 20 P
gc 8011 @14.948s 7%: 0.060+0.33+0.033 ms clock, 1.2+0.30/0.65/0+0.66 ms cpu, 4->5->2 MB, 5 MB goal, 0 MB stacks, 0 MB globals, 20 P
gc 8012 @14.949s 7%: 0.054+0.43+0.035 ms clock, 1.0+0.47/0.62/0.062+0.71 ms cpu, 4->5->2 MB, 5 MB goal, 0 MB stacks, 0 MB globals, 20 P
gc 8013 @14.950s 7%: 0.049+0.56+0.061 ms clock, 0.99+0.29/0.65/0+1.2 ms cpu, 4->5->2 MB, 5 MB goal, 0 MB stacks, 0 MB globals, 20 P
gc 8014 @14.952s 7%: 0.032+0.32+0.78 ms clock, 0.65+0.18/0.65/0.048+15 ms cpu, 4->5->2 MB, 5 MB goal, 0 MB stacks, 0 MB globals, 20 P
gc 8015 @14.953s 7%: 0.059+0.38+0.094 ms clock, 1.1+0.45/0.62/0.003+1.8 ms cpu, 4->5->2 MB, 5 MB goal, 0 MB stacks, 0 MB globals, 20 P
gc 8016 @14.955s 7%: 0.10+0.52+0.030 ms clock, 2.1+0.32/0.67/0.001+0.60 ms cpu, 4->6->2 MB, 5 MB goal, 0 MB stacks, 0 MB globals, 20 P
gc 8017 @14.956s 7%: 0.068+0.34+0.069 ms clock, 1.3+0.36/0.58/0.020+1.3 ms cpu, 4->5->2 MB, 5 MB goal, 0 MB stacks, 0 MB globals, 20 P
gc 8018 @14.957s 7%: 0.072+0.36+0.020 ms clock, 1.4+0.13/0.71/0.090+0.40 ms cpu, 4->4->2 MB, 4 MB goal, 0 MB stacks, 0 MB globals, 20 P
gc 8019 @14.958s 7%: 0.093+0.40+0.047 ms clock, 1.8+0.30/0.65/0.001+0.94 ms cpu, 3->4->2 MB, 4 MB goal, 0 MB stacks, 0 MB globals, 20 P
gc 8020 @14.960s 7%: 0.050+0.48+0.028 ms clock, 1.0+0.28/0.69/0+0.56 ms cpu, 4->5->2 MB, 5 MB goal, 0 MB stacks, 0 MB globals, 20 P
gc 8021 @14.961s 7%: 0.051+0.39+0.063 ms clock, 1.0+0.23/0.70/0.036+1.2 ms cpu, 4->5->2 MB, 5 MB goal, 0 MB stacks, 0 MB globals, 20 P
gc 8022 @14.962s 7%: 0.094+0.42+0.073 ms clock, 1.8+0.22/0.60/0.037+1.4 ms cpu, 4->5->2 MB, 5 MB goal, 0 MB stacks, 0 MB globals, 20 P
gc 8023 @14.963s 7%: 0.085+0.38+0.064 ms clock, 1.7+0.30/0.62/0.027+1.2 ms cpu, 4->5->2 MB, 5 MB goal, 0 MB stacks, 0 MB globals, 20 P
gc 8024 @14.965s 7%: 0.054+0.24+0.064 ms clock, 1.0+0.27/0.54/0.052+1.2 ms cpu, 4->5->2 MB, 5 MB goal, 0 MB stacks, 0 MB globals, 20 P
gc 8025 @14.966s 7%: 0.086+0.56+0.037 ms clock, 1.7+0.52/0.72/0.001+0.75 ms cpu, 3->5->2 MB, 4 MB goal, 0 MB stacks, 0 MB globals, 20 P
gc 8026 @14.968s 7%: 0.080+0.35+0.024 ms clock, 1.6+0.32/0.65/0+0.48 ms cpu, 4->5->2 MB, 5 MB goal, 0 MB stacks, 0 MB globals, 20 P
gc 8027 @14.969s 7%: 0.084+0.36+0.036 ms clock, 1.6+0.30/0.67/0.045+0.73 ms cpu, 4->5->2 MB, 5 MB goal, 0 MB stacks, 0 MB globals, 20 P
gc 8028 @14.970s 7%: 0.063+0.33+0.012 ms clock, 1.2+0.30/0.62/0.017+0.25 ms cpu, 4->5->2 MB, 5 MB goal, 0 MB stacks, 0 MB globals, 20 P
gc 8029 @14.971s 7%: 0.078+0.40+0.083 ms clock, 1.5+0.33/0.73/0.018+1.6 ms cpu, 4->5->2 MB, 5 MB goal, 0 MB stacks, 0 MB globals, 20 P
gc 8030 @14.972s 7%: 0.049+0.23+0.007 ms clock, 0.98+0.35/0.64/0.010+0.15 ms cpu, 4->4->1 MB, 5 MB goal, 0 MB stacks, 0 MB globals, 20 P
gc 8031 @14.973s 7%: 0.072+0.29+0.067 ms clock, 1.4+0.44/0.61/0.003+1.3 ms cpu, 3->4->2 MB, 4 MB goal, 0 MB stacks, 0 MB globals, 20 P
gc 8032 @14.975s 7%: 0.036+0.45+0.071 ms clock, 0.73+0.29/0.90/0.035+1.4 ms cpu, 3->4->2 MB, 4 MB goal, 0 MB stacks, 0 MB globals, 20 P
gc 8033 @14.976s 7%: 0.082+0.42+0.065 ms clock, 1.6+0.39/0.54/0.006+1.3 ms cpu, 4->5->2 MB, 5 MB goal, 0 MB stacks, 0 MB globals, 20 P
gc 8034 @14.977s 7%: 0.074+0.34+0.070 ms clock, 1.4+0.37/0.62/0.003+1.4 ms cpu, 4->5->2 MB, 5 MB goal, 0 MB stacks, 0 MB globals, 20 P
gc 8035 @14.979s 7%: 0.052+0.31+0.064 ms clock, 1.0+0.16/0.58/0.060+1.2 ms cpu, 4->4->2 MB, 5 MB goal, 0 MB stacks, 0 MB globals, 20 P
gc 8036 @14.980s 7%: 0.074+0.50+0.11 ms clock, 1.4+0.27/0.69/0.003+2.3 ms cpu, 4->4->2 MB, 4 MB goal, 0 MB stacks, 0 MB globals, 20 P
gc 8037 @14.981s 7%: 0.065+0.37+0.073 ms clock, 1.3+0.29/0.68/0+1.4 ms cpu, 4->5->2 MB, 5 MB goal, 0 MB stacks, 0 MB globals, 20 P
gc 8038 @14.982s 7%: 0.082+0.39+0.050 ms clock, 1.6+0.21/0.68/0.024+1.0 ms cpu, 3->5->2 MB, 4 MB goal, 0 MB stacks, 0 MB globals, 20 P
gc 8039 @14.984s 7%: 0.095+0.29+0.065 ms clock, 1.9+0.31/0.61/0.054+1.3 ms cpu, 4->4->2 MB, 4 MB goal, 0 MB stacks, 0 MB globals, 20 P
gc 8040 @14.984s 7%: 0.075+0.33+0.024 ms clock, 1.5+0.42/0.55/0.022+0.49 ms cpu, 3->4->2 MB, 4 MB goal, 0 MB stacks, 0 MB globals, 20 P
gc 8041 @14.986s 7%: 0.090+0.35+0.005 ms clock, 1.8+0.26/0.71/0.051+0.10 ms cpu, 4->5->2 MB, 4 MB goal, 0 MB stacks, 0 MB globals, 20 P
gc 8042 @14.987s 7%: 0.075+0.32+0.074 ms clock, 1.5+0.30/0.65/0+1.4 ms cpu, 3->4->2 MB, 4 MB goal, 0 MB stacks, 0 MB globals, 20 P
gc 8043 @14.989s 7%: 0.050+0.32+0.061 ms clock, 1.0+0.34/0.57/0.027+1.2 ms cpu, 4->5->2 MB, 4 MB goal, 0 MB stacks, 0 MB globals, 20 P
gc 8044 @14.990s 7%: 0.081+0.34+0.067 ms clock, 1.6+0.41/0.61/0.027+1.3 ms cpu, 4->4->2 MB, 4 MB goal, 0 MB stacks, 0 MB globals, 20 P
gc 8045 @14.991s 7%: 0.015+0.44+0.040 ms clock, 0.31+0.11/0.78/0.052+0.81 ms cpu, 3->4->2 MB, 4 MB goal, 0 MB stacks, 0 MB globals, 20 P
gc 8046 @14.993s 7%: 0.080+0.30+0.093 ms clock, 1.6+0.34/0.55/0.071+1.8 ms cpu, 4->5->2 MB, 4 MB goal, 0 MB stacks, 0 MB globals, 20 P
gc 8047 @14.994s 7%: 0.084+0.48+0.050 ms clock, 1.6+0.22/0.88/0.018+1.0 ms cpu, 4->5->2 MB, 4 MB goal, 0 MB stacks, 0 MB globals, 20 P
gc 8048 @14.996s 7%: 0.018+0.23+0.021 ms clock, 0.37+0.19/0.59/0.027+0.43 ms cpu, 4->4->1 MB, 5 MB goal, 0 MB stacks, 0 MB globals, 20 P
gc 8049 @14.997s 7%: 0.086+0.37+0.064 ms clock, 1.7+0.28/0.64/0+1.2 ms cpu, 3->4->2 MB, 4 MB goal, 0 MB stacks, 0 MB globals, 20 P
gc 8050 @14.998s 7%: 0.083+0.35+0.071 ms clock, 1.6+0.32/0.52/0+1.4 ms cpu, 3->4->2 MB, 4 MB goal, 0 MB stacks, 0 MB globals, 20 P
gc 8051 @14.999s 7%: 0.072+0.36+0.076 ms clock, 1.4+0.27/0.62/0.013+1.5 ms cpu, 4->4->2 MB, 4 MB goal, 0 MB stacks, 0 MB globals, 20 P
gc 8052 @15.000s 7%: 0.076+0.30+0.13 ms clock, 1.5+0.26/0.63/0+2.6 ms cpu, 3->4->2 MB, 4 MB goal, 0 MB stacks, 0 MB globals, 20 P
gc 8053 @15.002s 7%: 0.067+0.34+0.013 ms clock, 1.3+0.42/0.66/0+0.27 ms cpu, 3->4->2 MB, 4 MB goal, 0 MB stacks, 0 MB globals, 20 P
gc 8054 @15.003s 7%: 0.059+0.48+0.10 ms clock, 1.1+0.30/0.62/0+2.0 ms cpu, 4->5->2 MB, 4 MB goal, 0 MB stacks, 0 MB globals, 20 P
gc 8055 @15.004s 7%: 0.069+0.28+0.056 ms clock, 1.3+0.34/0.59/0.19+1.1 ms cpu, 4->4->2 MB, 5 MB goal, 0 MB stacks, 0 MB globals, 20 P
gc 8056 @15.006s 7%: 0.083+0.38+0.018 ms clock, 1.6+0.44/0.52/0.036+0.36 ms cpu, 3->4->2 MB, 4 MB goal, 0 MB stacks, 0 MB globals, 20 P
gc 8057 @15.007s 7%: 0.059+0.49+0.066 ms clock, 1.1+0.25/0.55/0.046+1.3 ms cpu, 4->5->2 MB, 4 MB goal, 0 MB stacks, 0 MB globals, 20 P
gc 8058 @15.009s 7%: 0.060+0.24+0.032 ms clock, 1.2+0.24/0.53/0.13+0.65 ms cpu, 4->4->1 MB, 5 MB goal, 0 MB stacks, 0 MB globals, 20 P
gc 8059 @15.009s 7%: 0.041+0.34+0.071 ms clock, 0.83+0.39/0.64/0+1.4 ms cpu, 3->4->2 MB, 4 MB goal, 0 MB stacks, 0 MB globals, 20 P
gc 8060 @15.011s 7%: 0.027+0.38+0.078 ms clock, 0.55+0.25/0.62/0.014+1.5 ms cpu, 4->4->2 MB, 4 MB goal, 0 MB stacks, 0 MB globals, 20 P
gc 8061 @15.012s 7%: 0.041+0.30+0.063 ms clock, 0.82+0.26/0.69/0.023+1.2 ms cpu, 4->4->2 MB, 4 MB goal, 0 MB stacks, 0 MB globals, 20 P
gc 8062 @15.013s 7%: 0.022+0.43+0.070 ms clock, 0.45+0.30/0.59/0.030+1.4 ms cpu, 4->4->2 MB, 4 MB goal, 0 MB stacks, 0 MB globals, 20 P
gc 8063 @15.014s 7%: 0.065+0.38+0.054 ms clock, 1.3+0.33/0.60/0.031+1.0 ms cpu, 4->5->2 MB, 4 MB goal, 0 MB stacks, 0 MB globals, 20 P
gc 8064 @15.016s 7%: 0.078+0.49+0.071 ms clock, 1.5+0.38/0.62/0+1.4 ms cpu, 4->5->2 MB, 4 MB goal, 0 MB stacks, 0 MB globals, 20 P
gc 8065 @15.017s 7%: 0.072+0.44+0.070 ms clock, 1.4+0.24/0.58/0+1.4 ms cpu, 4->5->2 MB, 5 MB goal, 0 MB stacks, 0 MB globals, 20 P
gc 8066 @15.018s 7%: 0.061+0.38+0.077 ms clock, 1.2+0.21/0.59/0.050+1.5 ms cpu, 4->5->2 MB, 5 MB goal, 0 MB stacks, 0 MB globals, 20 P
gc 8067 @15.020s 7%: 0.055+0.33+0.060 ms clock, 1.1+0.18/0.68/0.095+1.2 ms cpu, 3->4->2 MB, 4 MB goal, 0 MB stacks, 0 MB globals, 20 P
gc 8068 @15.021s 7%: 0.062+0.50+0.067 ms clock, 1.2+0.42/0.65/0+1.3 ms cpu, 3->5->2 MB, 4 MB goal, 0 MB stacks, 0 MB globals, 20 P
gc 8069 @15.023s 7%: 0.052+0.36+0.081 ms clock, 1.0+0.20/0.63/0+1.6 ms cpu, 4->5->2 MB, 5 MB goal, 0 MB stacks, 0 MB globals, 20 P
gc 8070 @15.024s 7%: 0.064+0.49+0.074 ms clock, 1.2+0.18/0.64/0.046+1.4 ms cpu, 4->5->2 MB, 4 MB goal, 0 MB stacks, 0 MB globals, 20 P
gc 8071 @15.025s 7%: 0.065+0.44+0.039 ms clock, 1.3+0.36/0.61/0.026+0.79 ms cpu, 4->5->2 MB, 5 MB goal, 0 MB stacks, 0 MB globals, 20 P
gc 8072 @15.027s 7%: 0.084+0.51+0.048 ms clock, 1.6+0.45/0.61/0.066+0.97 ms cpu, 4->5->2 MB, 5 MB goal, 0 MB stacks, 0 MB globals, 20 P
gc 8073 @15.029s 7%: 0.066+0.34+0.076 ms clock, 1.3+0.17/0.61/0.034+1.5 ms cpu, 4->5->2 MB, 5 MB goal, 0 MB stacks, 0 MB globals, 20 P
gc 8074 @15.030s 7%: 0.038+0.49+0.098 ms clock, 0.76+0.24/0.69/0.17+1.9 ms cpu, 3->4->2 MB, 4 MB goal, 0 MB stacks, 0 MB globals, 20 P
gc 8075 @15.031s 7%: 0.071+0.44+0.063 ms clock, 1.4+0.31/0.75/0+1.2 ms cpu, 4->5->2 MB, 5 MB goal, 0 MB stacks, 0 MB globals, 20 P
gc 8076 @15.033s 7%: 0.083+0.44+0.041 ms clock, 1.6+0.36/0.62/0+0.83 ms cpu, 4->5->2 MB, 5 MB goal, 0 MB stacks, 0 MB globals, 20 P
gc 8077 @15.034s 7%: 0.067+0.41+0.042 ms clock, 1.3+0.30/0.54/0.046+0.84 ms cpu, 4->5->2 MB, 5 MB goal, 0 MB stacks, 0 MB globals, 20 P
gc 8078 @15.036s 7%: 0.028+0.32+0.040 ms clock, 0.57+0.32/0.56/0.010+0.80 ms cpu, 4->5->2 MB, 4 MB goal, 0 MB stacks, 0 MB globals, 20 P
gc 8079 @15.037s 7%: 0.070+0.26+0.070 ms clock, 1.4+0.34/0.64/0.019+1.4 ms cpu, 4->4->2 MB, 4 MB goal, 0 MB stacks, 0 MB globals, 20 P
gc 8080 @15.038s 7%: 0.087+0.44+0.022 ms clock, 1.7+0.17/0.80/0+0.44 ms cpu, 3->4->2 MB, 4 MB goal, 0 MB stacks, 0 MB globals, 20 P
gc 8081 @15.040s 7%: 0.036+0.56+0.058 ms clock, 0.73+0.21/0.66/0.024+1.1 ms cpu, 4->5->2 MB, 5 MB goal, 0 MB stacks, 0 MB globals, 20 P
gc 8082 @15.041s 7%: 0.057+0.30+0.039 ms clock, 1.1+0.34/0.58/0+0.78 ms cpu, 4->5->2 MB, 5 MB goal, 0 MB stacks, 0 MB globals, 20 P
gc 8083 @15.043s 7%: 0.065+0.38+0.020 ms clock, 1.3+0.26/0.72/0.007+0.40 ms cpu, 4->5->2 MB, 4 MB goal, 0 MB stacks, 0 MB globals, 20 P
gc 8084 @15.044s 7%: 0.042+0.41+0.065 ms clock, 0.85+0.26/0.57/0.065+1.3 ms cpu, 4->4->2 MB, 4 MB goal, 0 MB stacks, 0 MB globals, 20 P
gc 8085 @15.045s 7%: 0.041+0.41+0.060 ms clock, 0.83+0.16/0.64/0.004+1.2 ms cpu, 4->4->2 MB, 4 MB goal, 0 MB stacks, 0 MB globals, 20 P
gc 8086 @15.047s 7%: 0.10+0.30+0.051 ms clock, 2.0+0.34/0.58/0.013+1.0 ms cpu, 4->4->2 MB, 5 MB goal, 0 MB stacks, 0 MB globals, 20 P
gc 8087 @15.048s 7%: 0.076+0.51+0.062 ms clock, 1.5+0.45/0.55/0+1.2 ms cpu, 3->5->2 MB, 4 MB goal, 0 MB stacks, 0 MB globals, 20 P
gc 8088 @15.050s 7%: 0.088+0.26+0.076 ms clock, 1.7+0.42/0.56/0.015+1.5 ms cpu, 4->5->1 MB, 5 MB goal, 0 MB stacks, 0 MB globals, 20 P
gc 8089 @15.051s 7%: 0.055+0.38+0.057 ms clock, 1.1+0.29/0.66/0.069+1.1 ms cpu, 3->4->2 MB, 4 MB goal, 0 MB stacks, 0 MB globals, 20 P
gc 8090 @15.052s 7%: 0.073+0.34+0.086 ms clock, 1.4+0.34/0.62/0.029+1.7 ms cpu, 3->4->2 MB, 4 MB goal, 0 MB stacks, 0 MB globals, 20 P
gc 8091 @15.053s 7%: 0.064+0.40+0.066 ms clock, 1.2+0.36/0.60/0.003+1.3 ms cpu, 3->4->2 MB, 4 MB goal, 0 MB stacks, 0 MB globals, 20 P
gc 8092 @15.055s 7%: 0.030+0.44+0.075 ms clock, 0.60+0.32/0.57/0.044+1.5 ms cpu, 4->4->2 MB, 4 MB goal, 0 MB stacks, 0 MB globals, 20 P
gc 8093 @15.056s 7%: 0.073+0.43+0.028 ms clock, 1.4+0.30/0.57/0.007+0.57 ms cpu, 4->5->2 MB, 4 MB goal, 0 MB stacks, 0 MB globals, 20 P
gc 8094 @15.058s 7%: 0.039+0.38+0.054 ms clock, 0.79+0.37/0.57/0.083+1.0 ms cpu, 4->5->2 MB, 5 MB goal, 0 MB stacks, 0 MB globals, 20 P
gc 8095 @15.059s 7%: 0.087+0.53+0.057 ms clock, 1.7+0.25/0.64/0.002+1.1 ms cpu, 4->4->2 MB, 4 MB goal, 0 MB stacks, 0 MB globals, 20 P
gc 8096 @15.061s 7%: 0.066+0.37+0.077 ms clock, 1.3+0.42/0.58/0+1.5 ms cpu, 4->5->2 MB, 5 MB goal, 0 MB stacks, 0 MB globals, 20 P
gc 8097 @15.062s 7%: 0.076+0.31+0.029 ms clock, 1.5+0.36/0.56/0.077+0.58 ms cpu, 4->4->2 MB, 5 MB goal, 0 MB stacks, 0 MB globals, 20 P
gc 8098 @15.063s 7%: 0.075+0.47+0.10 ms clock, 1.5+0.30/0.78/0+2.1 ms cpu, 3->4->2 MB, 4 MB goal, 0 MB stacks, 0 MB globals, 20 P
gc 8099 @15.064s 7%: 0.043+0.47+0.054 ms clock, 0.86+0.27/0.53/0.085+1.0 ms cpu, 4->5->2 MB, 5 MB goal, 0 MB stacks, 0 MB globals, 20 P
gc 8100 @15.065s 7%: 0.073+0.29+0.059 ms clock, 1.4+0.23/0.62/0.058+1.1 ms cpu, 4->5->2 MB, 5 MB goal, 0 MB stacks, 0 MB globals, 20 P
gc 8101 @15.066s 7%: 0.073+0.51+0.091 ms clock, 1.4+0.37/0.66/0.017+1.8 ms cpu, 3->4->2 MB, 4 MB goal, 0 MB stacks, 0 MB globals, 20 P
gc 8102 @15.068s 7%: 0.083+0.38+0.017 ms clock, 1.6+0.24/0.71/0.009+0.34 ms cpu, 4->4->2 MB, 4 MB goal, 0 MB stacks, 0 MB globals, 20 P
gc 8103 @15.069s 7%: 0.071+0.43+0.067 ms clock, 1.4+0.35/0.55/0.048+1.3 ms cpu, 4->5->2 MB, 4 MB goal, 0 MB stacks, 0 MB globals, 20 P
gc 8104 @15.071s 7%: 0.071+0.53+0.064 ms clock, 1.4+0.31/0.55/0+1.2 ms cpu, 4->5->2 MB, 5 MB goal, 0 MB stacks, 0 MB globals, 20 P
gc 8105 @15.072s 7%: 0.080+0.34+0.063 ms clock, 1.6+0.28/0.62/0.005+1.2 ms cpu, 4->4->2 MB, 5 MB goal, 0 MB stacks, 0 MB globals, 20 P
gc 8106 @15.073s 7%: 0.064+0.55+0.069 ms clock, 1.2+0.25/0.56/0.020+1.3 ms cpu, 3->4->2 MB, 4 MB goal, 0 MB stacks, 0 MB globals, 20 P
gc 8107 @15.075s 7%: 0.079+0.39+0.060 ms clock, 1.5+0.35/0.64/0.008+1.2 ms cpu, 4->5->2 MB, 5 MB goal, 0 MB stacks, 0 MB globals, 20 P
gc 8108 @15.076s 7%: 0.080+0.28+0.060 ms clock, 1.6+0.48/0.60/0+1.2 ms cpu, 4->4->2 MB, 4 MB goal, 0 MB stacks, 0 MB globals, 20 P
gc 8109 @15.077s 7%: 0.090+0.30+0.034 ms clock, 1.8+0.23/0.64/0.060+0.69 ms cpu, 4->4->2 MB, 4 MB goal, 0 MB stacks, 0 MB globals, 20 P
gc 8110 @15.078s 7%: 0.034+0.35+0.076 ms clock, 0.69+0.42/0.57/0.004+1.5 ms cpu, 3->4->2 MB, 4 MB goal, 0 MB stacks, 0 MB globals, 20 P
gc 8111 @15.079s 7%: 0.072+0.45+0.051 ms clock, 1.4+0.39/0.61/0.044+1.0 ms cpu, 3->5->2 MB, 4 MB goal, 0 MB stacks, 0 MB globals, 20 P
gc 8112 @15.081s 7%: 0.083+0.36+0.060 ms clock, 1.6+0.40/0.56/0.004+1.2 ms cpu, 4->5->2 MB, 4 MB goal, 0 MB stacks, 0 MB globals, 20 P
gc 8113 @15.082s 7%: 0.080+0.27+0.065 ms clock, 1.6+0.37/0.59/0.022+1.3 ms cpu, 4->4->2 MB, 4 MB goal, 0 MB stacks, 0 MB globals, 20 P
gc 8114 @15.084s 7%: 0.059+0.44+0.049 ms clock, 1.1+0.22/0.72/0+0.98 ms cpu, 3->4->2 MB, 4 MB goal, 0 MB stacks, 0 MB globals, 20 P
gc 8115 @15.085s 7%: 0.054+0.46+0.007 ms clock, 1.0+0.25/0.60/0.002+0.14 ms cpu, 4->5->2 MB, 5 MB goal, 0 MB stacks, 0 MB globals, 20 P
gc 8116 @15.087s 7%: 0.075+0.32+0.078 ms clock, 1.5+0.23/0.58/0.076+1.5 ms cpu, 4->4->2 MB, 4 MB goal, 0 MB stacks, 0 MB globals, 20 P
gc 8117 @15.088s 7%: 0.099+0.50+0.047 ms clock, 1.9+0.37/0.65/0+0.95 ms cpu, 3->4->2 MB, 4 MB goal, 0 MB stacks, 0 MB globals, 20 P
gc 8118 @15.090s 7%: 0.044+0.39+0.057 ms clock, 0.89+0.50/0.78/0.13+1.1 ms cpu, 4->5->2 MB, 5 MB goal, 0 MB stacks, 0 MB globals, 20 P
gc 8119 @15.091s 7%: 0.042+0.40+0.081 ms clock, 0.85+0.23/0.65/0+1.6 ms cpu, 4->5->2 MB, 4 MB goal, 0 MB stacks, 0 MB globals, 20 P
gc 8120 @15.093s 7%: 0.038+0.38+0.057 ms clock, 0.77+0.27/0.70/0.025+1.1 ms cpu, 4->5->2 MB, 5 MB goal, 0 MB stacks, 0 MB globals, 20 P
gc 8121 @15.094s 7%: 0.070+0.33+0.057 ms clock, 1.4+0.32/0.61/0.013+1.1 ms cpu, 4->5->2 MB, 5 MB goal, 0 MB stacks, 0 MB globals, 20 P
gc 8122 @15.096s 7%: 0.063+0.44+0.056 ms clock, 1.2+0.36/0.71/0.017+1.1 ms cpu, 4->5->2 MB, 4 MB goal, 0 MB stacks, 0 MB globals, 20 P
gc 8123 @15.097s 7%: 0.067+0.42+0.086 ms clock, 1.3+0.29/0.69/0.018+1.7 ms cpu, 4->5->2 MB, 5 MB goal, 0 MB stacks, 0 MB globals, 20 P
gc 8124 @15.099s 7%: 0.082+0.33+0.065 ms clock, 1.6+0.24/0.55/0+1.3 ms cpu, 4->5->2 MB, 4 MB goal, 0 MB stacks, 0 MB globals, 20 P
gc 8125 @15.100s 7%: 0.077+0.39+0.049 ms clock, 1.5+0.33/0.56/0+0.98 ms cpu, 4->5->2 MB, 4 MB goal, 0 MB stacks, 0 MB globals, 20 P
gc 8126 @15.102s 7%: 0.068+0.43+0.069 ms clock, 1.3+0.13/0.53/0+1.3 ms cpu, 4->5->2 MB, 5 MB goal, 0 MB stacks, 0 MB globals, 20 P
gc 8127 @15.103s 7%: 0.062+0.35+0.061 ms clock, 1.2+0.19/0.78/0+1.2 ms cpu, 4->4->2 MB, 5 MB goal, 0 MB stacks, 0 MB globals, 20 P
gc 8128 @15.104s 7%: 0.054+0.47+0.077 ms clock, 1.0+0.35/0.60/0.049+1.5 ms cpu, 4->4->2 MB, 4 MB goal, 0 MB stacks, 0 MB globals, 20 P
gc 8129 @15.106s 7%: 0.062+0.40+0.076 ms clock, 1.2+0.31/0.69/0.015+1.5 ms cpu, 4->5->2 MB, 5 MB goal, 0 MB stacks, 0 MB globals, 20 P
gc 8130 @15.107s 7%: 0.069+0.55+0.073 ms clock, 1.3+0.15/0.64/0+1.4 ms cpu, 4->5->2 MB, 4 MB goal, 0 MB stacks, 0 MB globals, 20 P
gc 8131 @15.108s 7%: 0.059+0.27+0.049 ms clock, 1.1+0.22/0.68/0+0.98 ms cpu, 4->4->1 MB, 5 MB goal, 0 MB stacks, 0 MB globals, 20 P
gc 8132 @15.109s 7%: 0.071+0.42+0.054 ms clock, 1.4+0.34/0.55/0.041+1.0 ms cpu, 3->4->2 MB, 4 MB goal, 0 MB stacks, 0 MB globals, 20 P
gc 8133 @15.111s 7%: 0.066+0.44+0.020 ms clock, 1.3+0.24/0.58/0.019+0.41 ms cpu, 4->4->2 MB, 4 MB goal, 0 MB stacks, 0 MB globals, 20 P
gc 8134 @15.112s 7%: 0.068+0.37+0.035 ms clock, 1.3+0.24/0.63/0.050+0.71 ms cpu, 4->4->2 MB, 4 MB goal, 0 MB stacks, 0 MB globals, 20 P
gc 8135 @15.113s 7%: 0.072+0.31+0.025 ms clock, 1.4+0.35/0.56/0.069+0.51 ms cpu, 3->4->2 MB, 4 MB goal, 0 MB stacks, 0 MB globals, 20 P
gc 8136 @15.114s 7%: 0.044+0.45+0.055 ms clock, 0.89+0.44/0.67/0+1.1 ms cpu, 3->4->2 MB, 4 MB goal, 0 MB stacks, 0 MB globals, 20 P
gc 8137 @15.116s 7%: 0.047+0.49+0.074 ms clock, 0.95+0.22/0.59/0.015+1.4 ms cpu, 4->5->2 MB, 4 MB goal, 0 MB stacks, 0 MB globals, 20 P
gc 8138 @15.117s 7%: 0.065+0.25+0.068 ms clock, 1.3+0.32/0.61/0+1.3 ms cpu, 4->4->2 MB, 5 MB goal, 0 MB stacks, 0 MB globals, 20 P
gc 8139 @15.118s 7%: 0.076+0.35+0.075 ms clock, 1.5+0.37/0.68/0.025+1.5 ms cpu, 3->4->2 MB, 4 MB goal, 0 MB stacks, 0 MB globals, 20 P
gc 8140 @15.119s 7%: 0.057+0.46+0.075 ms clock, 1.1+0.34/0.62/0.051+1.5 ms cpu, 3->5->2 MB, 4 MB goal, 0 MB stacks, 0 MB globals, 20 P
gc 8141 @15.121s 7%: 0.065+0.41+0.056 ms clock, 1.3+0.31/0.72/0+1.1 ms cpu, 4->5->2 MB, 5 MB goal, 0 MB stacks, 0 MB globals, 20 P
gc 8142 @15.122s 7%: 0.089+0.35+0.068 ms clock, 1.7+0.30/0.56/0.021+1.3 ms cpu, 4->4->2 MB, 4 MB goal, 0 MB stacks, 0 MB globals, 20 P
gc 8143 @15.124s 7%: 0.12+0.38+0.090 ms clock, 2.4+0.32/0.72/0+1.8 ms cpu, 4->4->2 MB, 4 MB goal, 0 MB stacks, 0 MB globals, 20 P
gc 8144 @15.125s 7%: 0.062+0.49+0.078 ms clock, 1.2+0.37/0.57/0+1.5 ms cpu, 4->5->2 MB, 4 MB goal, 0 MB stacks, 0 MB globals, 20 P
gc 8145 @15.126s 7%: 0.057+0.37+0.076 ms clock, 1.1+0.29/0.60/0.057+1.5 ms cpu, 4->5->2 MB, 5 MB goal, 0 MB stacks, 0 MB globals, 20 P
gc 8146 @15.128s 7%: 0.032+0.47+0.058 ms clock, 0.64+0.19/0.70/0.14+1.1 ms cpu, 3->5->2 MB, 4 MB goal, 0 MB stacks, 0 MB globals, 20 P
gc 8147 @15.129s 7%: 0.073+0.34+0.058 ms clock, 1.4+0.25/0.70/0.027+1.1 ms cpu, 4->5->2 MB, 5 MB goal, 0 MB stacks, 0 MB globals, 20 P
gc 8148 @15.130s 7%: 0.057+0.32+0.066 ms clock, 1.1+0.34/0.65/0.009+1.3 ms cpu, 4->4->2 MB, 4 MB goal, 0 MB stacks, 0 MB globals, 20 P
gc 8149 @15.131s 7%: 0.091+0.31+0.051 ms clock, 1.8+0.33/0.61/0.013+1.0 ms cpu, 3->4->2 MB, 4 MB goal, 0 MB stacks, 0 MB globals, 20 P
gc 8150 @15.133s 7%: 0.068+0.52+0.056 ms clock, 1.3+0.22/0.63/0.13+1.1 ms cpu, 4->5->2 MB, 4 MB goal, 0 MB stacks, 0 MB globals, 20 P
gc 8151 @15.134s 7%: 0.071+0.39+0.063 ms clock, 1.4+0.36/0.56/0.012+1.2 ms cpu, 4->5->2 MB, 5 MB goal, 0 MB stacks, 0 MB globals, 20 P
gc 8152 @15.136s 7%: 0.069+0.35+0.027 ms clock, 1.3+0.20/0.60/0+0.54 ms cpu, 4->4->2 MB, 4 MB goal, 0 MB stacks, 0 MB globals, 20 P
gc 8153 @15.137s 7%: 0.045+0.25+0.019 ms clock, 0.90+0.30/0.61/0.002+0.38 ms cpu, 3->4->1 MB, 4 MB goal, 0 MB stacks, 0 MB globals, 20 P
gc 8154 @15.138s 7%: 0.041+0.24+0.021 ms clock, 0.83+0.29/0.67/0.006+0.42 ms cpu, 3->4->1 MB, 4 MB goal, 0 MB stacks, 0 MB globals, 20 P
gc 8155 @15.139s 7%: 0.046+0.32+0.048 ms clock, 0.93+0.38/0.61/0+0.96 ms cpu, 3->4->2 MB, 4 MB goal, 0 MB stacks, 0 MB globals, 20 P
gc 8156 @15.141s 7%: 0.071+0.42+0.076 ms clock, 1.4+0.39/0.60/0+1.5 ms cpu, 4->4->2 MB, 4 MB goal, 0 MB stacks, 0 MB globals, 20 P
gc 8157 @15.142s 7%: 0.063+0.40+0.055 ms clock, 1.2+0.30/0.69/0+1.1 ms cpu, 4->4->2 MB, 5 MB goal, 0 MB stacks, 0 MB globals, 20 P
gc 8158 @15.143s 7%: 0.088+0.39+0.074 ms clock, 1.7+0.29/0.68/0.041+1.4 ms cpu, 4->4->2 MB, 4 MB goal, 0 MB stacks, 0 MB globals, 20 P
gc 8159 @15.145s 7%: 0.033+0.63+0.070 ms clock, 0.66+0.28/0.59/0.066+1.4 ms cpu, 4->5->2 MB, 4 MB goal, 0 MB stacks, 0 MB globals, 20 P
gc 8160 @15.146s 7%: 0.088+0.19+0.008 ms clock, 1.7+0.32/0.52/0.058+0.16 ms cpu, 4->4->1 MB, 5 MB goal, 0 MB stacks, 0 MB globals, 20 P
gc 8161 @15.147s 7%: 0.044+0.51+0.017 ms clock, 0.89+0.31/0.60/0.052+0.35 ms cpu, 3->4->2 MB, 4 MB goal, 0 MB stacks, 0 MB globals, 20 P
gc 8162 @15.149s 7%: 0.074+0.40+0.087 ms clock, 1.4+0.36/0.62/0+1.7 ms cpu, 4->5->2 MB, 5 MB goal, 0 MB stacks, 0 MB globals, 20 P
gc 8163 @15.150s 7%: 0.068+0.42+0.033 ms clock, 1.3+0.26/0.59/0.065+0.67 ms cpu, 4->5->2 MB, 5 MB goal, 0 MB stacks, 0 MB globals, 20 P
gc 8164 @15.152s 7%: 0.093+0.44+0.048 ms clock, 1.8+0.28/0.64/0.041+0.96 ms cpu, 4->5->2 MB, 5 MB goal, 0 MB stacks, 0 MB globals, 20 P
gc 8165 @15.154s 7%: 0.060+0.50+0.038 ms clock, 1.2+0.23/0.71/0+0.76 ms cpu, 4->5->2 MB, 5 MB goal, 0 MB stacks, 0 MB globals, 20 P
gc 8166 @15.155s 7%: 0.055+0.35+0.075 ms clock, 1.1+0.28/0.64/0.001+1.5 ms cpu, 4->4->2 MB, 4 MB goal, 0 MB stacks, 0 MB globals, 20 P
gc 8167 @15.156s 7%: 0.077+0.39+0.045 ms clock, 1.5+0.33/0.63/0.019+0.91 ms cpu, 3->4->2 MB, 4 MB goal, 0 MB stacks, 0 MB globals, 20 P
gc 8168 @15.157s 7%: 0.073+0.32+0.11 ms clock, 1.4+0.36/0.56/0.029+2.3 ms cpu, 4->5->2 MB, 4 MB goal, 0 MB stacks, 0 MB globals, 20 P
gc 8169 @15.158s 7%: 0.064+0.50+0.036 ms clock, 1.2+0.38/0.65/0.039+0.73 ms cpu, 4->5->2 MB, 4 MB goal, 0 MB stacks, 0 MB globals, 20 P
gc 8170 @15.160s 7%: 0.047+0.59+0.084 ms clock, 0.95+0.28/0.69/0.040+1.6 ms cpu, 4->5->2 MB, 5 MB goal, 0 MB stacks, 0 MB globals, 20 P
gc 8171 @15.161s 7%: 0.049+0.46+0.028 ms clock, 0.98+0.29/0.69/0.010+0.56 ms cpu, 4->5->2 MB, 5 MB goal, 0 MB stacks, 0 MB globals, 20 P
gc 8172 @15.162s 7%: 0.047+0.53+0.067 ms clock, 0.95+0.29/0.67/0.004+1.3 ms cpu, 4->5->2 MB, 5 MB goal, 0 MB stacks, 0 MB globals, 20 P
gc 8173 @15.164s 7%: 0.024+0.36+0.076 ms clock, 0.48+0.11/0.79/0.081+1.5 ms cpu, 4->5->2 MB, 5 MB goal, 0 MB stacks, 0 MB globals, 20 P
gc 8174 @15.165s 7%: 0.054+0.47+0.077 ms clock, 1.0+0.40/0.69/0+1.5 ms cpu, 4->5->2 MB, 4 MB goal, 0 MB stacks, 0 MB globals, 20 P
gc 8175 @15.166s 7%: 0.073+0.35+0.038 ms clock, 1.4+0.27/0.58/0.010+0.76 ms cpu, 4->5->2 MB, 5 MB goal, 0 MB stacks, 0 MB globals, 20 P
gc 8176 @15.167s 7%: 0.068+0.49+0.054 ms clock, 1.3+0.29/0.69/0+1.0 ms cpu, 4->5->2 MB, 4 MB goal, 0 MB stacks, 0 MB globals, 20 P
gc 8177 @15.168s 7%: 0.029+0.41+0.046 ms clock, 0.59+0.20/0.63/0.008+0.93 ms cpu, 4->5->2 MB, 5 MB goal, 0 MB stacks, 0 MB globals, 20 P
gc 8178 @15.170s 7%: 0.076+0.58+0.043 ms clock, 1.5+0.23/0.58/0.005+0.87 ms cpu, 4->5->2 MB, 4 MB goal, 0 MB stacks, 0 MB globals, 20 P
gc 8179 @15.171s 7%: 0.10+0.31+0.15 ms clock, 2.1+0.29/0.64/0.001+3.0 ms cpu, 4->5->2 MB, 5 MB goal, 0 MB stacks, 0 MB globals, 20 P
gc 8180 @15.172s 7%: 0.073+0.40+0.021 ms clock, 1.4+0.35/0.66/0.007+0.43 ms cpu, 4->4->2 MB, 4 MB goal, 0 MB stacks, 0 MB globals, 20 P
gc 8181 @15.174s 7%: 0.065+0.33+0.067 ms clock, 1.3+0.36/0.70/0.016+1.3 ms cpu, 4->5->2 MB, 4 MB goal, 0 MB stacks, 0 MB globals, 20 P
gc 8182 @15.175s 7%: 0.059+1.0+0.054 ms clock, 1.1+0.19/0.65/0.049+1.0 ms cpu, 3->5->2 MB, 4 MB goal, 0 MB stacks, 0 MB globals, 20 P
gc 8183 @15.177s 7%: 0.12+0.33+0.070 ms clock, 2.5+0.33/0.70/0.010+1.4 ms cpu, 5->6->2 MB, 5 MB goal, 0 MB stacks, 0 MB globals, 20 P
gc 8184 @15.178s 7%: 0.058+0.44+0.069 ms clock, 1.1+0.30/0.54/0.036+1.3 ms cpu, 4->5->2 MB, 5 MB goal, 0 MB stacks, 0 MB globals, 20 P
gc 8185 @15.179s 7%: 0.076+0.46+0.057 ms clock, 1.5+0.46/0.61/0+1.1 ms cpu, 4->5->2 MB, 5 MB goal, 0 MB stacks, 0 MB globals, 20 P
gc 8186 @15.181s 7%: 0.082+0.30+0.068 ms clock, 1.6+0.43/0.58/0.001+1.3 ms cpu, 4->5->2 MB, 5 MB goal, 0 MB stacks, 0 MB globals, 20 P
gc 8187 @15.182s 7%: 0.084+0.34+0.11 ms clock, 1.6+0.44/0.48/0.053+2.2 ms cpu, 4->4->2 MB, 4 MB goal, 0 MB stacks, 0 MB globals, 20 P
gc 8188 @15.184s 7%: 0.092+0.36+0.075 ms clock, 1.8+0.32/0.55/0.014+1.5 ms cpu, 4->5->2 MB, 4 MB goal, 0 MB stacks, 0 MB globals, 20 P
gc 8189 @15.185s 7%: 0.068+0.36+0.025 ms clock, 1.3+0.29/0.59/0.14+0.51 ms cpu, 4->5->2 MB, 5 MB goal, 0 MB stacks, 0 MB globals, 20 P
gc 8190 @15.186s 7%: 0.084+0.43+0.066 ms clock, 1.6+0.31/0.57/0.036+1.3 ms cpu, 4->5->2 MB, 4 MB goal, 0 MB stacks, 0 MB globals, 20 P
gc 8191 @15.187s 7%: 0.056+0.70+0.015 ms clock, 1.1+0.25/0.91/0+0.31 ms cpu, 4->5->2 MB, 5 MB goal, 0 MB stacks, 0 MB globals, 20 P
gc 8192 @15.189s 7%: 0.077+0.54+0.009 ms clock, 1.5+0.20/0.68/0.012+0.19 ms cpu, 4->5->2 MB, 5 MB goal, 0 MB stacks, 0 MB globals, 20 P
gc 8193 @15.190s 7%: 0.064+0.23+0.012 ms clock, 1.2+0.44/0.66/0.001+0.25 ms cpu, 4->4->2 MB, 5 MB goal, 0 MB stacks, 0 MB globals, 20 P
gc 8194 @15.191s 7%: 0.20+0.45+0.039 ms clock, 4.0+0.36/0.74/0+0.79 ms cpu, 3->4->2 MB, 4 MB goal, 0 MB stacks, 0 MB globals, 20 P
gc 8195 @15.192s 7%: 0.065+0.46+0.064 ms clock, 1.3+0.31/0.62/0.002+1.2 ms cpu, 4->5->2 MB, 5 MB goal, 0 MB stacks, 0 MB globals, 20 P
gc 8196 @15.194s 7%: 0.050+0.40+0.074 ms clock, 1.0+0.31/0.60/0.042+1.4 ms cpu, 4->5->2 MB, 5 MB goal, 0 MB stacks, 0 MB globals, 20 P
gc 8197 @15.195s 7%: 0.028+0.47+0.019 ms clock, 0.57+0.23/0.57/0+0.38 ms cpu, 4->5->2 MB, 4 MB goal, 0 MB stacks, 0 MB globals, 20 P
gc 8198 @15.197s 7%: 0.054+0.38+0.096 ms clock, 1.0+0.15/0.59/0.053+1.9 ms cpu, 4->5->2 MB, 5 MB goal, 0 MB stacks, 0 MB globals, 20 P
gc 8199 @15.198s 7%: 0.037+0.45+0.072 ms clock, 0.74+0.25/0.81/0.001+1.4 ms cpu, 3->5->2 MB, 4 MB goal, 0 MB stacks, 0 MB globals, 20 P
gc 8200 @15.199s 7%: 0.058+0.49+0.062 ms clock, 1.1+0.34/0.68/0+1.2 ms cpu, 4->5->2 MB, 5 MB goal, 0 MB stacks, 0 MB globals, 20 P
gc 8201 @15.201s 7%: 0.087+0.36+0.055 ms clock, 1.7+0.39/0.60/0.039+1.1 ms cpu, 4->5->2 MB, 5 MB goal, 0 MB stacks, 0 MB globals, 20 P
gc 8202 @15.202s 7%: 0.065+0.32+0.024 ms clock, 1.3+0.34/0.59/0.018+0.48 ms cpu, 4->5->2 MB, 5 MB goal, 0 MB stacks, 0 MB globals, 20 P
gc 8203 @15.203s 7%: 0.040+0.40+0.83 ms clock, 0.81+0.31/0.83/0+16 ms cpu, 4->5->2 MB, 4 MB goal, 0 MB stacks, 0 MB globals, 20 P
gc 8204 @15.205s 7%: 0.082+0.34+0.11 ms clock, 1.6+0.44/0.58/0.006+2.3 ms cpu, 4->5->2 MB, 5 MB goal, 0 MB stacks, 0 MB globals, 20 P
gc 8205 @15.206s 7%: 0.061+0.38+0.089 ms clock, 1.2+0.39/0.65/0.020+1.7 ms cpu, 4->5->2 MB, 5 MB goal, 0 MB stacks, 0 MB globals, 20 P
gc 8206 @15.207s 7%: 0.071+0.47+0.083 ms clock, 1.4+0.27/0.66/0.016+1.6 ms cpu, 4->5->2 MB, 5 MB goal, 0 MB stacks, 0 MB globals, 20 P
gc 8207 @15.209s 7%: 0.075+0.35+0.081 ms clock, 1.5+0.17/0.74/0.001+1.6 ms cpu, 4->5->2 MB, 5 MB goal, 0 MB stacks, 0 MB globals, 20 P
gc 8208 @15.210s 7%: 0.059+0.39+0.099 ms clock, 1.1+0.36/0.57/0.033+1.9 ms cpu, 4->4->2 MB, 4 MB goal, 0 MB stacks, 0 MB globals, 20 P
gc 8209 @15.211s 7%: 0.080+0.58+0.079 ms clock, 1.6+0.38/0.64/0.009+1.5 ms cpu, 3->4->2 MB, 4 MB goal, 0 MB stacks, 0 MB globals, 20 P
gc 8210 @15.213s 7%: 0.085+0.30+0.066 ms clock, 1.7+0.29/0.64/0+1.3 ms cpu, 4->5->2 MB, 5 MB goal, 0 MB stacks, 0 MB globals, 20 P
gc 8211 @15.214s 7%: 0.083+0.39+0.020 ms clock, 1.6+0.18/0.77/0.004+0.41 ms cpu, 3->4->2 MB, 4 MB goal, 0 MB stacks, 0 MB globals, 20 P
gc 8212 @15.215s 7%: 0.066+0.36+0.037 ms clock, 1.3+0.29/0.69/0.006+0.75 ms cpu, 4->5->2 MB, 4 MB goal, 0 MB stacks, 0 MB globals, 20 P
gc 8213 @15.217s 7%: 0.048+0.24+0.077 ms clock, 0.97+0.33/0.66/0.019+1.5 ms cpu, 4->4->2 MB, 5 MB goal, 0 MB stacks, 0 MB globals, 20 P
gc 8214 @15.218s 7%: 0.047+0.35+0.056 ms clock, 0.95+0.27/0.63/0.024+1.1 ms cpu, 3->4->2 MB, 4 MB goal, 0 MB stacks, 0 MB globals, 20 P
gc 8215 @15.219s 7%: 0.076+0.29+0.078 ms clock, 1.5+0.31/0.66/0.052+1.5 ms cpu, 3->4->2 MB, 4 MB goal, 0 MB stacks, 0 MB globals, 20 P
gc 8216 @15.220s 7%: 0.058+0.45+0.042 ms clock, 1.1+0.12/0.73/0+0.85 ms cpu, 4->4->2 MB, 4 MB goal, 0 MB stacks, 0 MB globals, 20 P
gc 8217 @15.222s 7%: 0.048+0.35+0.069 ms clock, 0.96+0.44/0.66/0.027+1.3 ms cpu, 4->5->2 MB, 5 MB goal, 0 MB stacks, 0 MB globals, 20 P
gc 8218 @15.223s 7%: 0.072+0.41+0.070 ms clock, 1.4+0.30/0.68/0+1.4 ms cpu, 4->5->2 MB, 4 MB goal, 0 MB stacks, 0 MB globals, 20 P
gc 8219 @15.224s 7%: 0.073+0.37+0.061 ms clock, 1.4+0.45/0.58/0.015+1.2 ms cpu, 4->4->2 MB, 4 MB goal, 0 MB stacks, 0 MB globals, 20 P
gc 8220 @15.225s 7%: 0.076+0.40+0.079 ms clock, 1.5+0.32/0.65/0.057+1.5 ms cpu, 4->5->2 MB, 5 MB goal, 0 MB stacks, 0 MB globals, 20 P
gc 8221 @15.226s 7%: 0.080+0.32+0.037 ms clock, 1.6+0.22/0.69/0+0.74 ms cpu, 4->4->2 MB, 4 MB goal, 0 MB stacks, 0 MB globals, 20 P
gc 8222 @15.227s 7%: 0.021+0.51+0.067 ms clock, 0.43+0.22/0.57/0.062+1.3 ms cpu, 3->4->2 MB, 4 MB goal, 0 MB stacks, 0 MB globals, 20 P
gc 8223 @15.229s 7%: 0.046+0.50+0.046 ms clock, 0.93+0.14/0.67/0+0.92 ms cpu, 4->5->2 MB, 4 MB goal, 0 MB stacks, 0 MB globals, 20 P
gc 8224 @15.230s 7%: 0.049+0.24+0.067 ms clock, 0.98+0.25/0.55/0.016+1.3 ms cpu, 4->5->2 MB, 5 MB goal, 0 MB stacks, 0 MB globals, 20 P
gc 8225 @15.231s 7%: 0.082+0.49+0.072 ms clock, 1.6+0.29/0.70/0.026+1.4 ms cpu, 3->4->2 MB, 4 MB goal, 0 MB stacks, 0 MB globals, 20 P
gc 8226 @15.233s 7%: 0.038+0.43+0.038 ms clock, 0.76+0.23/0.59/0.019+0.76 ms cpu, 4->5->2 MB, 5 MB goal, 0 MB stacks, 0 MB globals, 20 P
gc 8227 @15.234s 7%: 0.073+0.46+0.072 ms clock, 1.4+0.34/0.53/0.075+1.4 ms cpu, 4->5->2 MB, 5 MB goal, 0 MB stacks, 0 MB globals, 20 P
gc 8228 @15.235s 7%: 0.064+0.33+0.018 ms clock, 1.2+0.26/0.64/0.002+0.37 ms cpu, 4->5->2 MB, 5 MB goal, 0 MB stacks, 0 MB globals, 20 P
gc 8229 @15.236s 7%: 0.072+0.37+0.047 ms clock, 1.4+0.37/0.55/0+0.95 ms cpu, 4->5->2 MB, 5 MB goal, 0 MB stacks, 0 MB globals, 20 P
gc 8230 @15.237s 7%: 0.081+0.31+0.068 ms clock, 1.6+0.18/0.60/0.001+1.3 ms cpu, 4->4->2 MB, 5 MB goal, 0 MB stacks, 0 MB globals, 20 P
gc 8231 @15.238s 7%: 0.079+0.50+0.067 ms clock, 1.5+0.30/0.62/0.057+1.3 ms cpu, 3->5->2 MB, 4 MB goal, 0 MB stacks, 0 MB globals, 20 P
gc 8232 @15.240s 7%: 0.066+0.53+0.041 ms clock, 1.3+0.33/0.65/0.010+0.83 ms cpu, 4->5->2 MB, 5 MB goal, 0 MB stacks, 0 MB globals, 20 P
gc 8233 @15.242s 7%: 0.012+0.25+0.064 ms clock, 0.25+0.091/0.78/0.007+1.2 ms cpu, 4->4->1 MB, 5 MB goal, 0 MB stacks, 0 MB globals, 20 P
gc 8234 @15.243s 7%: 0.048+0.38+0.007 ms clock, 0.96+0.35/0.63/0.002+0.15 ms cpu, 3->4->2 MB, 4 MB goal, 0 MB stacks, 0 MB globals, 20 P
gc 8235 @15.244s 7%: 0.019+0.38+0.019 ms clock, 0.39+0.25/0.55/0.065+0.38 ms cpu, 4->4->2 MB, 5 MB goal, 0 MB stacks, 0 MB globals, 20 P
gc 8236 @15.245s 7%: 0.064+0.32+0.035 ms clock, 1.2+0.17/0.68/0.013+0.71 ms cpu, 4->4->2 MB, 4 MB goal, 0 MB stacks, 0 MB globals, 20 P
gc 8237 @15.246s 7%: 0.071+0.51+0.066 ms clock, 1.4+0.27/0.59/0.059+1.3 ms cpu, 4->5->2 MB, 5 MB goal, 0 MB stacks, 0 MB globals, 20 P
gc 8238 @15.248s 7%: 0.062+0.31+0.045 ms clock, 1.2+0.16/0.76/0.001+0.91 ms cpu, 4->5->2 MB, 5 MB goal, 0 MB stacks, 0 MB globals, 20 P
gc 8239 @15.249s 7%: 0.028+0.28+0.080 ms clock, 0.56+0.27/0.63/0.021+1.6 ms cpu, 4->4->2 MB, 4 MB goal, 0 MB stacks, 0 MB globals, 20 P
gc 8240 @15.250s 7%: 0.049+0.56+0.052 ms clock, 0.98+0.15/0.88/0.005+1.0 ms cpu, 4->5->2 MB, 4 MB goal, 0 MB stacks, 0 MB globals, 20 P
gc 8241 @15.251s 7%: 0.091+0.56+0.10 ms clock, 1.8+0.35/0.68/0.012+2.0 ms cpu, 4->5->2 MB, 5 MB goal, 0 MB stacks, 0 MB globals, 20 P
gc 8242 @15.253s 7%: 0.025+0.60+0.069 ms clock, 0.51+0.20/0.63/0.056+1.3 ms cpu, 4->6->2 MB, 5 MB goal, 0 MB stacks, 0 MB globals, 20 P
gc 8243 @15.255s 7%: 0.053+0.31+0.078 ms clock, 1.0+0.33/0.55/0.060+1.5 ms cpu, 4->5->2 MB, 5 MB goal, 0 MB stacks, 0 MB globals, 20 P
gc 8244 @15.256s 7%: 0.17+0.41+0.061 ms clock, 3.5+0.37/0.71/0.024+1.2 ms cpu, 4->5->2 MB, 5 MB goal, 0 MB stacks, 0 MB globals, 20 P
gc 8245 @15.257s 7%: 0.070+0.35+0.048 ms clock, 1.4+0.32/0.64/0.009+0.96 ms cpu, 4->5->2 MB, 5 MB goal, 0 MB stacks, 0 MB globals, 20 P
gc 8246 @15.258s 7%: 0.068+0.37+0.072 ms clock, 1.3+0.28/0.62/0.032+1.4 ms cpu, 4->5->2 MB, 4 MB goal, 0 MB stacks, 0 MB globals, 20 P
gc 8247 @15.259s 7%: 0.058+0.42+0.071 ms clock, 1.1+0.20/0.63/0.023+1.4 ms cpu, 4->5->2 MB, 5 MB goal, 0 MB stacks, 0 MB globals, 20 P
gc 8248 @15.261s 7%: 0.064+0.33+0.060 ms clock, 1.2+0.25/0.64/0+1.2 ms cpu, 4->5->2 MB, 5 MB goal, 0 MB stacks, 0 MB globals, 20 P
gc 8249 @15.262s 7%: 0.089+0.48+0.043 ms clock, 1.7+0.31/0.77/0.001+0.86 ms cpu, 3->5->2 MB, 4 MB goal, 0 MB stacks, 0 MB globals, 20 P
gc 8250 @15.263s 7%: 0.071+0.54+0.069 ms clock, 1.4+0.37/0.63/0.041+1.3 ms cpu, 4->5->2 MB, 5 MB goal, 0 MB stacks, 0 MB globals, 20 P
gc 8251 @15.265s 7%: 0.017+0.34+0.031 ms clock, 0.34+0.071/0.58/0.010+0.63 ms cpu, 4->5->2 MB, 5 MB goal, 0 MB stacks, 0 MB globals, 20 P
gc 8252 @15.266s 7%: 0.069+0.47+0.035 ms clock, 1.3+0.099/0.72/0+0.70 ms cpu, 4->5->2 MB, 4 MB goal, 0 MB stacks, 0 MB globals, 20 P
gc 8253 @15.267s 7%: 0.046+0.37+0.056 ms clock, 0.92+0.29/0.60/0.010+1.1 ms cpu, 4->5->2 MB, 5 MB goal, 0 MB stacks, 0 MB globals, 20 P
gc 8254 @15.269s 7%: 0.083+0.65+0.039 ms clock, 1.6+0.33/0.62/0+0.78 ms cpu, 4->5->2 MB, 5 MB goal, 0 MB stacks, 0 MB globals, 20 P
gc 8255 @15.270s 7%: 0.071+0.56+0.043 ms clock, 1.4+0.21/0.70/0.007+0.87 ms cpu, 5->6->2 MB, 6 MB goal, 0 MB stacks, 0 MB globals, 20 P
gc 8256 @15.272s 7%: 0.050+0.26+0.063 ms clock, 1.0+0.31/0.60/0+1.2 ms cpu, 5->5->2 MB, 6 MB goal, 0 MB stacks, 0 MB globals, 20 P
gc 8257 @15.273s 7%: 0.054+0.43+0.089 ms clock, 1.0+0.23/0.67/0.11+1.7 ms cpu, 4->5->2 MB, 5 MB goal, 0 MB stacks, 0 MB globals, 20 P
gc 8258 @15.274s 7%: 0.081+0.43+0.022 ms clock, 1.6+0.37/0.60/0.013+0.45 ms cpu, 4->5->2 MB, 4 MB goal, 0 MB stacks, 0 MB globals, 20 P
gc 8259 @15.275s 7%: 0.061+0.39+0.071 ms clock, 1.2+0.11/0.75/0+1.4 ms cpu, 4->5->2 MB, 5 MB goal, 0 MB stacks, 0 MB globals, 20 P
gc 8260 @15.277s 7%: 0.057+0.53+0.081 ms clock, 1.1+0.42/0.57/0.002+1.6 ms cpu, 4->6->2 MB, 5 MB goal, 0 MB stacks, 0 MB globals, 20 P
gc 8261 @15.278s 7%: 0.10+0.26+0.12 ms clock, 2.1+0.27/0.71/0+2.4 ms cpu, 5->5->2 MB, 6 MB goal, 0 MB stacks, 0 MB globals, 20 P
gc 8262 @15.279s 7%: 0.066+0.36+0.064 ms clock, 1.3+0.32/0.64/0.015+1.2 ms cpu, 4->5->2 MB, 5 MB goal, 0 MB stacks, 0 MB globals, 20 P
gc 8263 @15.280s 7%: 0.042+0.37+0.077 ms clock, 0.84+0.16/0.61/0.045+1.5 ms cpu, 4->5->2 MB, 5 MB goal, 0 MB stacks, 0 MB globals, 20 P
gc 8264 @15.281s 7%: 0.069+0.28+0.083 ms clock, 1.3+0.37/0.70/0.051+1.6 ms cpu, 4->4->2 MB, 5 MB goal, 0 MB stacks, 0 MB globals, 20 P
gc 8265 @15.282s 7%: 0.083+0.28+0.018 ms clock, 1.6+0.27/0.62/0+0.37 ms cpu, 4->5->2 MB, 5 MB goal, 0 MB stacks, 0 MB globals, 20 P
gc 8266 @15.283s 7%: 0.092+0.58+0.074 ms clock, 1.8+0.24/0.75/0.007+1.4 ms cpu, 4->5->2 MB, 4 MB goal, 0 MB stacks, 0 MB globals, 20 P
gc 8267 @15.285s 7%: 0.067+0.37+0.074 ms clock, 1.3+0.25/0.71/0.071+1.4 ms cpu, 5->6->2 MB, 6 MB goal, 0 MB stacks, 0 MB globals, 20 P
gc 8268 @15.286s 7%: 0.088+0.46+0.026 ms clock, 1.7+0.28/0.65/0.16+0.53 ms cpu, 4->5->2 MB, 5 MB goal, 0 MB stacks, 0 MB globals, 20 P
gc 8269 @15.288s 7%: 0.076+0.43+0.081 ms clock, 1.5+0.39/0.71/0+1.6 ms cpu, 4->6->2 MB, 5 MB goal, 0 MB stacks, 0 MB globals, 20 P
gc 8270 @15.289s 7%: 0.070+0.55+0.022 ms clock, 1.4+0.14/0.68/0.007+0.45 ms cpu, 4->6->2 MB, 5 MB goal, 0 MB stacks, 0 MB globals, 20 P
gc 8271 @15.290s 7%: 0.063+0.35+0.062 ms clock, 1.2+0.34/0.62/0.008+1.2 ms cpu, 4->6->2 MB, 5 MB goal, 0 MB stacks, 0 MB globals, 20 P
gc 8272 @15.292s 7%: 0.060+0.33+0.079 ms clock, 1.2+0.53/0.54/0+1.5 ms cpu, 4->5->2 MB, 5 MB goal, 0 MB stacks, 0 MB globals, 20 P
gc 8273 @15.293s 7%: 0.063+0.28+0.036 ms clock, 1.2+0.27/0.53/0.18+0.73 ms cpu, 4->4->2 MB, 5 MB goal, 0 MB stacks, 0 MB globals, 20 P
gc 8274 @15.294s 7%: 0.053+0.38+0.065 ms clock, 1.0+0.51/0.76/0.001+1.3 ms cpu, 3->4->2 MB, 4 MB goal, 0 MB stacks, 0 MB globals, 20 P
gc 8275 @15.295s 7%: 0.074+0.57+0.029 ms clock, 1.4+0.38/0.67/0.029+0.58 ms cpu, 4->5->2 MB, 5 MB goal, 0 MB stacks, 0 MB globals, 20 P
gc 8276 @15.297s 7%: 0.060+0.40+0.018 ms clock, 1.2+0.43/0.60/0.018+0.37 ms cpu, 4->5->2 MB, 5 MB goal, 0 MB stacks, 0 MB globals, 20 P
gc 8277 @15.298s 7%: 0.084+0.33+0.036 ms clock, 1.6+0.51/0.69/0.029+0.72 ms cpu, 4->4->2 MB, 4 MB goal, 0 MB stacks, 0 MB globals, 20 P
gc 8278 @15.299s 7%: 0.071+0.34+0.067 ms clock, 1.4+0.30/0.66/0.008+1.3 ms cpu, 4->4->2 MB, 4 MB goal, 0 MB stacks, 0 MB globals, 20 P
gc 8279 @15.300s 7%: 0.074+0.38+0.071 ms clock, 1.4+0.37/0.63/0.19+1.4 ms cpu, 4->5->2 MB, 5 MB goal, 0 MB stacks, 0 MB globals, 20 P
gc 8280 @15.302s 7%: 0.052+0.36+0.071 ms clock, 1.0+0.20/0.66/0.043+1.4 ms cpu, 4->5->2 MB, 5 MB goal, 0 MB stacks, 0 MB globals, 20 P
gc 8281 @15.303s 7%: 0.044+0.49+0.066 ms clock, 0.89+0.32/0.69/0.019+1.3 ms cpu, 4->5->2 MB, 5 MB goal, 0 MB stacks, 0 MB globals, 20 P
gc 8282 @15.304s 7%: 0.061+0.35+0.037 ms clock, 1.2+0.35/0.54/0.009+0.74 ms cpu, 4->5->2 MB, 5 MB goal, 0 MB stacks, 0 MB globals, 20 P
gc 8283 @15.305s 7%: 0.062+0.35+0.062 ms clock, 1.2+0.38/0.64/0.009+1.2 ms cpu, 4->5->2 MB, 5 MB goal, 0 MB stacks, 0 MB globals, 20 P
gc 8284 @15.307s 7%: 0.073+0.35+0.068 ms clock, 1.4+0.26/0.59/0.029+1.3 ms cpu, 4->5->2 MB, 5 MB goal, 0 MB stacks, 0 MB globals, 20 P
gc 8285 @15.308s 7%: 0.033+0.33+0.074 ms clock, 0.66+0.38/0.53/0.006+1.4 ms cpu, 4->4->2 MB, 4 MB goal, 0 MB stacks, 0 MB globals, 20 P
gc 8286 @15.309s 7%: 0.041+0.29+0.065 ms clock, 0.82+0.18/0.69/0.097+1.3 ms cpu, 4->4->2 MB, 5 MB goal, 0 MB stacks, 0 MB globals, 20 P
gc 8287 @15.310s 7%: 0.058+0.28+0.073 ms clock, 1.1+0.39/0.60/0.12+1.4 ms cpu, 3->4->2 MB, 4 MB goal, 0 MB stacks, 0 MB globals, 20 P
gc 8288 @15.311s 7%: 0.050+0.28+0.045 ms clock, 1.0+0.27/0.63/0.012+0.91 ms cpu, 4->5->2 MB, 5 MB goal, 0 MB stacks, 0 MB globals, 20 P
gc 8289 @15.312s 7%: 0.057+0.67+0.067 ms clock, 1.1+0.30/0.59/0.030+1.3 ms cpu, 4->5->2 MB, 5 MB goal, 0 MB stacks, 0 MB globals, 20 P
gc 8290 @15.314s 7%: 0.066+0.23+0.048 ms clock, 1.3+0.39/0.49/0.11+0.97 ms cpu, 5->5->2 MB, 6 MB goal, 0 MB stacks, 0 MB globals, 20 P
gc 8291 @15.314s 7%: 0.094+0.47+0.041 ms clock, 1.8+0.24/0.65/0+0.82 ms cpu, 3->5->2 MB, 4 MB goal, 0 MB stacks, 0 MB globals, 20 P
gc 8292 @15.316s 7%: 0.043+0.57+0.062 ms clock, 0.86+0.38/0.66/0.004+1.2 ms cpu, 4->6->2 MB, 5 MB goal, 0 MB stacks, 0 MB globals, 20 P
gc 8293 @15.318s 7%: 0.048+0.37+0.083 ms clock, 0.96+0.35/0.60/0+1.6 ms cpu, 4->5->2 MB, 5 MB goal, 0 MB stacks, 0 MB globals, 20 P
gc 8294 @15.319s 7%: 0.11+0.39+0.037 ms clock, 2.2+0.36/0.57/0+0.75 ms cpu, 4->5->2 MB, 5 MB goal, 0 MB stacks, 0 MB globals, 20 P
gc 8295 @15.320s 7%: 0.038+0.42+0.029 ms clock, 0.76+0.23/0.62/0+0.58 ms cpu, 4->5->2 MB, 5 MB goal, 0 MB stacks, 0 MB globals, 20 P
gc 8296 @15.322s 7%: 0.065+0.47+0.058 ms clock, 1.3+0.40/0.62/0.006+1.1 ms cpu, 4->5->2 MB, 5 MB goal, 0 MB stacks, 0 MB globals, 20 P
gc 8297 @15.323s 7%: 0.083+0.33+0.046 ms clock, 1.6+0.31/0.77/0.027+0.93 ms cpu, 4->5->2 MB, 5 MB goal, 0 MB stacks, 0 MB globals, 20 P
gc 8298 @15.325s 7%: 0.094+0.45+0.041 ms clock, 1.8+0.28/0.69/0+0.82 ms cpu, 4->5->2 MB, 5 MB goal, 0 MB stacks, 0 MB globals, 20 P
gc 8299 @15.326s 7%: 0.056+0.49+0.072 ms clock, 1.1+0.35/0.73/0.008+1.4 ms cpu, 4->6->2 MB, 5 MB goal, 0 MB stacks, 0 MB globals, 20 P
gc 8300 @15.328s 7%: 0.055+0.25+0.032 ms clock, 1.1+0.30/0.56/0.091+0.65 ms cpu, 4->5->2 MB, 5 MB goal, 0 MB stacks, 0 MB globals, 20 P
gc 8301 @15.328s 7%: 0.075+0.32+0.085 ms clock, 1.5+0.32/0.67/0.002+1.7 ms cpu, 4->4->2 MB, 4 MB goal, 0 MB stacks, 0 MB globals, 20 P
gc 8302 @15.330s 7%: 0.063+0.21+0.054 ms clock, 1.2+0.29/0.53/0.10+1.0 ms cpu, 4->4->2 MB, 5 MB goal, 0 MB stacks, 0 MB globals, 20 P
gc 8303 @15.331s 7%: 0.088+0.36+0.072 ms clock, 1.7+0.23/0.59/0.011+1.4 ms cpu, 3->4->2 MB, 4 MB goal, 0 MB stacks, 0 MB globals, 20 P
gc 8304 @15.332s 7%: 0.038+0.38+0.071 ms clock, 0.76+0.28/0.66/0.12+1.4 ms cpu, 4->5->2 MB, 5 MB goal, 0 MB stacks, 0 MB globals, 20 P
gc 8305 @15.333s 7%: 0.060+0.42+0.012 ms clock, 1.2+0.22/0.70/0.011+0.25 ms cpu, 4->5->2 MB, 5 MB goal, 0 MB stacks, 0 MB globals, 20 P
gc 8306 @15.334s 7%: 0.065+0.36+0.032 ms clock, 1.3+0.30/0.65/0+0.64 ms cpu, 4->4->2 MB, 5 MB goal, 0 MB stacks, 0 MB globals, 20 P
gc 8307 @15.335s 7%: 0.077+0.51+0.022 ms clock, 1.5+0.10/0.73/0+0.44 ms cpu, 4->5->2 MB, 4 MB goal, 0 MB stacks, 0 MB globals, 20 P
gc 8308 @15.336s 7%: 0.055+0.45+0.018 ms clock, 1.1+0.26/0.59/0.045+0.37 ms cpu, 4->5->2 MB, 5 MB goal, 0 MB stacks, 0 MB globals, 20 P
gc 8309 @15.338s 7%: 0.048+0.46+0.095 ms clock, 0.97+0.31/0.65/0+1.9 ms cpu, 4->5->2 MB, 5 MB goal, 0 MB stacks, 0 MB globals, 20 P
gc 8310 @15.339s 7%: 0.069+0.31+0.081 ms clock, 1.3+0.26/0.64/0.003+1.6 ms cpu, 4->5->2 MB, 5 MB goal, 0 MB stacks, 0 MB globals, 20 P
gc 8311 @15.340s 7%: 0.078+0.31+0.048 ms clock, 1.5+0.35/0.71/0.024+0.97 ms cpu, 4->5->2 MB, 5 MB goal, 0 MB stacks, 0 MB globals, 20 P
gc 8312 @15.342s 7%: 0.084+0.43+0.020 ms clock, 1.6+0.41/0.65/0.010+0.40 ms cpu, 4->5->2 MB, 5 MB goal, 0 MB stacks, 0 MB globals, 20 P
gc 8313 @15.344s 7%: 0.072+0.33+0.039 ms clock, 1.4+0.23/0.62/0.047+0.79 ms cpu, 4->5->2 MB, 5 MB goal, 0 MB stacks, 0 MB globals, 20 P
gc 8314 @15.345s 7%: 0.080+0.26+0.077 ms clock, 1.6+0.25/0.64/0.032+1.5 ms cpu, 4->4->2 MB, 4 MB goal, 0 MB stacks, 0 MB globals, 20 P
gc 8315 @15.346s 7%: 0.061+0.45+0.059 ms clock, 1.2+0.27/0.68/0.024+1.1 ms cpu, 4->5->2 MB, 4 MB goal, 0 MB stacks, 0 MB globals, 20 P
gc 8316 @15.347s 7%: 0.10+0.57+0.037 ms clock, 2.1+0.30/0.60/0+0.74 ms cpu, 4->5->2 MB, 5 MB goal, 0 MB stacks, 0 MB globals, 20 P
gc 8317 @15.348s 7%: 0.032+0.21+0.057 ms clock, 0.65+0.30/0.58/0.10+1.1 ms cpu, 4->5->2 MB, 5 MB goal, 0 MB stacks, 0 MB globals, 20 P
gc 8318 @15.349s 7%: 0.071+0.39+0.055 ms clock, 1.4+0.41/0.70/0.021+1.1 ms cpu, 3->4->2 MB, 4 MB goal, 0 MB stacks, 0 MB globals, 20 P
gc 8319 @15.351s 7%: 0.074+0.40+0.032 ms clock, 1.4+0.51/0.53/0.020+0.65 ms cpu, 4->5->2 MB, 5 MB goal, 0 MB stacks, 0 MB globals, 20 P
gc 8320 @15.352s 7%: 0.046+0.37+0.040 ms clock, 0.92+0.33/0.60/0.073+0.81 ms cpu, 4->5->2 MB, 5 MB goal, 0 MB stacks, 0 MB globals, 20 P
gc 8321 @15.354s 7%: 0.021+0.31+0.12 ms clock, 0.42+0.24/0.69/0+2.5 ms cpu, 4->5->2 MB, 5 MB goal, 0 MB stacks, 0 MB globals, 20 P
gc 8322 @15.355s 7%: 0.069+0.35+0.049 ms clock, 1.3+0.26/0.74/0.007+0.99 ms cpu, 4->5->2 MB, 5 MB goal, 0 MB stacks, 0 MB globals, 20 P
gc 8323 @15.356s 7%: 0.065+0.34+0.069 ms clock, 1.3+0.37/0.64/0+1.3 ms cpu, 4->5->2 MB, 5 MB goal, 0 MB stacks, 0 MB globals, 20 P
gc 8324 @15.357s 7%: 0.069+0.28+0.041 ms clock, 1.3+0.31/0.59/0.083+0.82 ms cpu, 4->4->2 MB, 5 MB goal, 0 MB stacks, 0 MB globals, 20 P
gc 8325 @15.358s 7%: 0.053+0.26+0.041 ms clock, 1.0+0.47/0.67/0+0.83 ms cpu, 4->4->2 MB, 4 MB goal, 0 MB stacks, 0 MB globals, 20 P
gc 8326 @15.359s 7%: 0.043+0.35+0.067 ms clock, 0.86+0.41/0.55/0.003+1.3 ms cpu, 4->4->2 MB, 4 MB goal, 0 MB stacks, 0 MB globals, 20 P
gc 8327 @15.360s 7%: 0.028+0.39+0.022 ms clock, 0.57+0.13/0.67/0.081+0.45 ms cpu, 4->5->2 MB, 5 MB goal, 0 MB stacks, 0 MB globals, 20 P
gc 8328 @15.362s 7%: 0.017+0.31+0.039 ms clock, 0.35+0.072/0.71/0.10+0.79 ms cpu, 4->5->2 MB, 5 MB goal, 0 MB stacks, 0 MB globals, 20 P
gc 8329 @15.363s 7%: 0.050+0.41+0.028 ms clock, 1.0+0.26/0.52/0.040+0.57 ms cpu, 4->4->2 MB, 4 MB goal, 0 MB stacks, 0 MB globals, 20 P
gc 8330 @15.364s 7%: 0.084+0.49+0.010 ms clock, 1.6+0.25/0.67/0+0.20 ms cpu, 4->5->2 MB, 5 MB goal, 0 MB stacks, 0 MB globals, 20 P
gc 8331 @15.365s 7%: 0.081+0.30+0.063 ms clock, 1.6+0.31/0.57/0.039+1.2 ms cpu, 4->5->2 MB, 5 MB goal, 0 MB stacks, 0 MB globals, 20 P
gc 8332 @15.366s 7%: 0.054+0.42+0.083 ms clock, 1.0+0.46/0.54/0.066+1.6 ms cpu, 3->5->2 MB, 4 MB goal, 0 MB stacks, 0 MB globals, 20 P
gc 8333 @15.367s 7%: 0.078+0.38+0.074 ms clock, 1.5+0.37/0.66/0.041+1.4 ms cpu, 4->5->2 MB, 5 MB goal, 0 MB stacks, 0 MB globals, 20 P
gc 8334 @15.369s 7%: 0.054+0.37+0.048 ms clock, 1.0+0.34/0.76/0.065+0.97 ms cpu, 4->5->2 MB, 5 MB goal, 0 MB stacks, 0 MB globals, 20 P
gc 8335 @15.370s 7%: 0.053+0.40+0.057 ms clock, 1.0+0.31/0.62/0.063+1.1 ms cpu, 4->5->2 MB, 5 MB goal, 0 MB stacks, 0 MB globals, 20 P
gc 8336 @15.371s 7%: 0.057+0.48+0.027 ms clock, 1.1+0.28/0.61/0.14+0.55 ms cpu, 4->5->2 MB, 5 MB goal, 0 MB stacks, 0 MB globals, 20 P
gc 8337 @15.372s 7%: 0.053+0.25+0.030 ms clock, 1.0+0.27/0.55/0.11+0.60 ms cpu, 4->4->2 MB, 5 MB goal, 0 MB stacks, 0 MB globals, 20 P
gc 8338 @15.373s 7%: 0.071+0.39+0.077 ms clock, 1.4+0.28/0.66/0.026+1.5 ms cpu, 3->4->2 MB, 4 MB goal, 0 MB stacks, 0 MB globals, 20 P
gc 8339 @15.374s 7%: 0.068+0.60+0.12 ms clock, 1.3+0.37/0.76/0.016+2.5 ms cpu, 4->5->2 MB, 5 MB goal, 0 MB stacks, 0 MB globals, 20 P
gc 8340 @15.376s 7%: 0.076+0.33+0.033 ms clock, 1.5+0.26/0.69/0+0.66 ms cpu, 4->5->2 MB, 5 MB goal, 0 MB stacks, 0 MB globals, 20 P
gc 8341 @15.377s 7%: 0.039+0.25+0.044 ms clock, 0.78+0.42/0.62/0.033+0.89 ms cpu, 4->4->2 MB, 4 MB goal, 0 MB stacks, 0 MB globals, 20 P
gc 8342 @15.378s 7%: 0.072+0.55+0.070 ms clock, 1.4+0.50/0.57/0+1.4 ms cpu, 3->5->2 MB, 4 MB goal, 0 MB stacks, 0 MB globals, 20 P
gc 8343 @15.380s 7%: 0.057+0.36+0.039 ms clock, 1.1+0.31/0.61/0.001+0.79 ms cpu, 4->5->2 MB, 5 MB goal, 0 MB stacks, 0 MB globals, 20 P
gc 8344 @15.381s 7%: 0.062+0.51+0.017 ms clock, 1.2+0.26/0.57/0.032+0.34 ms cpu, 4->5->2 MB, 4 MB goal, 0 MB stacks, 0 MB globals, 20 P
gc 8345 @15.382s 7%: 0.068+0.34+0.018 ms clock, 1.3+0.34/0.55/0.056+0.36 ms cpu, 4->5->2 MB, 5 MB goal, 0 MB stacks, 0 MB globals, 20 P
gc 8346 @15.383s 7%: 0.058+0.25+0.059 ms clock, 1.1+0.070/0.76/0.005+1.1 ms cpu, 4->4->2 MB, 5 MB goal, 0 MB stacks, 0 MB globals, 20 P
gc 8347 @15.384s 7%: 0.067+0.22+0.047 ms clock, 1.3+0.24/0.50/0.14+0.94 ms cpu, 3->4->2 MB, 4 MB goal, 0 MB stacks, 0 MB globals, 20 P
gc 8348 @15.385s 7%: 0.043+0.30+0.047 ms clock, 0.86+0.21/0.60/0.050+0.95 ms cpu, 3->4->2 MB, 4 MB goal, 0 MB stacks, 0 MB globals, 20 P
gc 8349 @15.386s 7%: 0.073+0.33+0.066 ms clock, 1.4+0.34/0.53/0.085+1.3 ms cpu, 3->4->2 MB, 4 MB goal, 0 MB stacks, 0 MB globals, 20 P
gc 8350 @15.387s 7%: 0.085+0.41+0.031 ms clock, 1.7+0.32/0.62/0.014+0.63 ms cpu, 4->5->2 MB, 5 MB goal, 0 MB stacks, 0 MB globals, 20 P
gc 8351 @15.388s 7%: 0.066+0.53+0.071 ms clock, 1.3+0.36/0.56/0.006+1.4 ms cpu, 4->5->2 MB, 5 MB goal, 0 MB stacks, 0 MB globals, 20 P
gc 8352 @15.390s 7%: 0.054+0.34+0.072 ms clock, 1.0+0.28/0.62/0.003+1.4 ms cpu, 4->5->2 MB, 5 MB goal, 0 MB stacks, 0 MB globals, 20 P
gc 8353 @15.391s 7%: 0.078+0.53+0.039 ms clock, 1.5+0.20/0.72/0+0.78 ms cpu, 4->5->2 MB, 5 MB goal, 0 MB stacks, 0 MB globals, 20 P
gc 8354 @15.392s 7%: 0.081+0.39+0.046 ms clock, 1.6+0.34/0.69/0.005+0.93 ms cpu, 5->6->2 MB, 6 MB goal, 0 MB stacks, 0 MB globals, 20 P
gc 8355 @15.394s 7%: 0.071+0.44+0.060 ms clock, 1.4+0.41/0.70/0.011+1.2 ms cpu, 4->5->2 MB, 5 MB goal, 0 MB stacks, 0 MB globals, 20 P
gc 8356 @15.395s 7%: 0.081+0.84+0.090 ms clock, 1.6+0.30/0.57/0.034+1.8 ms cpu, 4->6->3 MB, 5 MB goal, 0 MB stacks, 0 MB globals, 20 P
gc 8357 @15.397s 7%: 0.077+0.25+0.071 ms clock, 1.5+0.32/0.54/0.13+1.4 ms cpu, 5->6->2 MB, 6 MB goal, 0 MB stacks, 0 MB globals, 20 P
gc 8358 @15.398s 7%: 0.053+0.58+0.029 ms clock, 1.0+0.22/0.66/0+0.59 ms cpu, 4->5->2 MB, 4 MB goal, 0 MB stacks, 0 MB globals, 20 P
gc 8359 @15.399s 7%: 0.065+0.38+0.055 ms clock, 1.3+0.30/0.67/0.060+1.1 ms cpu, 4->5->2 MB, 5 MB goal, 0 MB stacks, 0 MB globals, 20 P
gc 8360 @15.400s 7%: 0.058+0.34+0.056 ms clock, 1.1+0.34/0.61/0.043+1.1 ms cpu, 4->5->2 MB, 5 MB goal, 0 MB stacks, 0 MB globals, 20 P
gc 8361 @15.401s 7%: 0.069+0.41+0.067 ms clock, 1.3+0.29/0.63/0.097+1.3 ms cpu, 4->4->2 MB, 4 MB goal, 0 MB stacks, 0 MB globals, 20 P
gc 8362 @15.403s 7%: 0.078+0.28+0.082 ms clock, 1.5+0.33/0.60/0.034+1.6 ms cpu, 4->5->2 MB, 5 MB goal, 0 MB stacks, 0 MB globals, 20 P
gc 8363 @15.404s 7%: 0.094+0.50+0.027 ms clock, 1.8+0.27/0.67/0+0.55 ms cpu, 4->4->2 MB, 4 MB goal, 0 MB stacks, 0 MB globals, 20 P
gc 8364 @15.405s 7%: 0.090+0.45+0.045 ms clock, 1.8+0.27/0.72/0.002+0.91 ms cpu, 4->5->2 MB, 5 MB goal, 0 MB stacks, 0 MB globals, 20 P
gc 8365 @15.406s 7%: 0.045+0.42+0.025 ms clock, 0.90+0.29/0.59/0.044+0.50 ms cpu, 4->5->2 MB, 5 MB goal, 0 MB stacks, 0 MB globals, 20 P
gc 8366 @15.407s 7%: 0.065+0.29+0.072 ms clock, 1.3+0.36/0.63/0.033+1.4 ms cpu, 3->4->2 MB, 4 MB goal, 0 MB stacks, 0 MB globals, 20 P
gc 8367 @15.408s 7%: 0.080+0.35+0.078 ms clock, 1.6+0.35/0.58/0.076+1.5 ms cpu, 4->5->2 MB, 4 MB goal, 0 MB stacks, 0 MB globals, 20 P
gc 8368 @15.409s 7%: 0.065+0.45+0.058 ms clock, 1.3+0.39/0.59/0.084+1.1 ms cpu, 4->5->2 MB, 5 MB goal, 0 MB stacks, 0 MB globals, 20 P
gc 8369 @15.411s 7%: 0.067+0.31+0.066 ms clock, 1.3+0.32/0.67/0.025+1.3 ms cpu, 4->5->2 MB, 5 MB goal, 0 MB stacks, 0 MB globals, 20 P
gc 8370 @15.412s 7%: 0.086+0.34+0.17 ms clock, 1.7+0.48/0.57/0+3.4 ms cpu, 4->5->2 MB, 4 MB goal, 0 MB stacks, 0 MB globals, 20 P
gc 8371 @15.413s 7%: 0.053+0.65+0.024 ms clock, 1.0+0.31/0.61/0.040+0.48 ms cpu, 4->5->2 MB, 5 MB goal, 0 MB stacks, 0 MB globals, 20 P
gc 8372 @15.415s 7%: 0.045+0.44+0.053 ms clock, 0.90+0.29/0.56/0.020+1.0 ms cpu, 5->5->2 MB, 5 MB goal, 0 MB stacks, 0 MB globals, 20 P
gc 8373 @15.416s 7%: 0.090+0.55+0.068 ms clock, 1.8+0.34/0.56/0.050+1.3 ms cpu, 4->5->2 MB, 4 MB goal, 0 MB stacks, 0 MB globals, 20 P
gc 8374 @15.417s 7%: 0.064+0.40+0.029 ms clock, 1.2+0.40/0.60/0.008+0.58 ms cpu, 4->5->2 MB, 5 MB goal, 0 MB stacks, 0 MB globals, 20 P
gc 8375 @15.419s 7%: 0.075+0.39+0.024 ms clock, 1.5+0.28/0.62/0+0.49 ms cpu, 4->5->2 MB, 5 MB goal, 0 MB stacks, 0 MB globals, 20 P
gc 8376 @15.420s 7%: 0.032+0.26+0.076 ms clock, 0.64+0.40/0.63/0.015+1.5 ms cpu, 3->4->2 MB, 4 MB goal, 0 MB stacks, 0 MB globals, 20 P
gc 8377 @15.421s 7%: 0.072+0.42+0.012 ms clock, 1.4+0.26/0.64/0.031+0.25 ms cpu, 3->4->2 MB, 4 MB goal, 0 MB stacks, 0 MB globals, 20 P
gc 8378 @15.422s 7%: 0.068+0.39+0.017 ms clock, 1.3+0.33/0.72/0+0.34 ms cpu, 4->5->2 MB, 5 MB goal, 0 MB stacks, 0 MB globals, 20 P
gc 8379 @15.423s 7%: 0.063+0.34+0.041 ms clock, 1.2+0.31/0.65/0.037+0.82 ms cpu, 4->4->2 MB, 4 MB goal, 0 MB stacks, 0 MB globals, 20 P
gc 8380 @15.424s 7%: 0.050+0.47+0.038 ms clock, 1.0+0.23/0.66/0+0.76 ms cpu, 4->5->2 MB, 4 MB goal, 0 MB stacks, 0 MB globals, 20 P
gc 8381 @15.426s 7%: 0.037+0.40+0.085 ms clock, 0.74+0.19/0.64/0.062+1.7 ms cpu, 4->4->2 MB, 4 MB goal, 0 MB stacks, 0 MB globals, 20 P
gc 8382 @15.427s 7%: 0.082+0.48+0.054 ms clock, 1.6+0.33/0.70/0.013+1.0 ms cpu, 3->4->2 MB, 4 MB goal, 0 MB stacks, 0 MB globals, 20 P
gc 8383 @15.428s 7%: 0.091+0.31+0.048 ms clock, 1.8+0.28/0.69/0.007+0.96 ms cpu, 4->4->2 MB, 5 MB goal, 0 MB stacks, 0 MB globals, 20 P
gc 8384 @15.429s 7%: 0.077+0.42+0.040 ms clock, 1.5+0.20/0.75/0.012+0.80 ms cpu, 4->4->2 MB, 4 MB goal, 0 MB stacks, 0 MB globals, 20 P
gc 8385 @15.431s 7%: 0.072+0.35+0.029 ms clock, 1.4+0.35/0.74/0.032+0.58 ms cpu, 4->5->2 MB, 4 MB goal, 0 MB stacks, 0 MB globals, 20 P
gc 8386 @15.432s 7%: 0.064+0.58+0.045 ms clock, 1.2+0.15/0.70/0+0.91 ms cpu, 4->5->2 MB, 4 MB goal, 0 MB stacks, 0 MB globals, 20 P
gc 8387 @15.433s 7%: 0.082+0.36+0.064 ms clock, 1.6+0.20/0.65/0.037+1.2 ms cpu, 4->5->2 MB, 5 MB goal, 0 MB stacks, 0 MB globals, 20 P
gc 8388 @15.434s 7%: 0.062+0.51+0.081 ms clock, 1.2+0.20/0.62/0.074+1.6 ms cpu, 4->5->2 MB, 5 MB goal, 0 MB stacks, 0 MB globals, 20 P
gc 8389 @15.436s 7%: 0.069+0.32+0.095 ms clock, 1.3+0.24/0.60/0.009+1.9 ms cpu, 4->5->2 MB, 5 MB goal, 0 MB stacks, 0 MB globals, 20 P
gc 8390 @15.437s 7%: 0.074+0.45+0.068 ms clock, 1.4+0.39/0.58/0.034+1.3 ms cpu, 4->5->2 MB, 4 MB goal, 0 MB stacks, 0 MB globals, 20 P
gc 8391 @15.439s 7%: 0.035+0.36+0.032 ms clock, 0.71+0.29/0.64/0.034+0.64 ms cpu, 4->5->2 MB, 5 MB goal, 0 MB stacks, 0 MB globals, 20 P
gc 8392 @15.440s 7%: 0.067+0.44+0.054 ms clock, 1.3+0.32/0.67/0.10+1.0 ms cpu, 4->5->2 MB, 5 MB goal, 0 MB stacks, 0 MB globals, 20 P
gc 8393 @15.441s 7%: 0.064+0.45+0.076 ms clock, 1.2+0.20/0.67/0+1.5 ms cpu, 4->5->2 MB, 5 MB goal, 0 MB stacks, 0 MB globals, 20 P
gc 8394 @15.443s 7%: 0.051+0.47+0.096 ms clock, 1.0+0.41/0.62/0.015+1.9 ms cpu, 4->5->2 MB, 5 MB goal, 0 MB stacks, 0 MB globals, 20 P
gc 8395 @15.444s 7%: 0.023+0.37+0.071 ms clock, 0.47+0.074/0.58/0.33+1.4 ms cpu, 4->5->2 MB, 5 MB goal, 0 MB stacks, 0 MB globals, 20 P
gc 8396 @15.445s 7%: 0.070+0.54+0.094 ms clock, 1.4+0.40/0.59/0.013+1.8 ms cpu, 4->5->2 MB, 4 MB goal, 0 MB stacks, 0 MB globals, 20 P
gc 8397 @15.447s 7%: 0.086+0.30+0.038 ms clock, 1.7+0.29/0.63/0.003+0.76 ms cpu, 4->5->2 MB, 5 MB goal, 0 MB stacks, 0 MB globals, 20 P
gc 8398 @15.448s 7%: 0.074+0.40+0.064 ms clock, 1.4+0.32/0.55/0.093+1.2 ms cpu, 4->5->2 MB, 4 MB goal, 0 MB stacks, 0 MB globals, 20 P
gc 8399 @15.449s 7%: 0.071+0.41+0.054 ms clock, 1.4+0.39/0.63/0.033+1.0 ms cpu, 4->5->2 MB, 5 MB goal, 0 MB stacks, 0 MB globals, 20 P
gc 8400 @15.451s 7%: 0.042+0.39+0.087 ms clock, 0.84+0.30/0.56/0.060+1.7 ms cpu, 4->5->2 MB, 5 MB goal, 0 MB stacks, 0 MB globals, 20 P
gc 8401 @15.452s 7%: 0.071+0.24+0.056 ms clock, 1.4+0.28/0.56/0.055+1.1 ms cpu, 4->4->2 MB, 5 MB goal, 0 MB stacks, 0 MB globals, 20 P
gc 8402 @15.453s 7%: 0.081+0.44+0.075 ms clock, 1.6+0.36/0.57/0.10+1.5 ms cpu, 3->4->2 MB, 4 MB goal, 0 MB stacks, 0 MB globals, 20 P
gc 8403 @15.454s 7%: 0.070+0.47+0.034 ms clock, 1.4+0.33/0.80/0+0.69 ms cpu, 4->5->2 MB, 5 MB goal, 0 MB stacks, 0 MB globals, 20 P
gc 8404 @15.456s 7%: 0.075+0.37+0.080 ms clock, 1.5+0.23/0.62/0.049+1.6 ms cpu, 4->5->2 MB, 5 MB goal, 0 MB stacks, 0 MB globals, 20 P
gc 8405 @15.457s 7%: 0.052+0.46+0.070 ms clock, 1.0+0.24/0.58/0.029+1.4 ms cpu, 4->5->2 MB, 5 MB goal, 0 MB stacks, 0 MB globals, 20 P
gc 8406 @15.458s 7%: 0.075+0.65+0.061 ms clock, 1.5+0.23/0.73/0+1.2 ms cpu, 4->6->2 MB, 5 MB goal, 0 MB stacks, 0 MB globals, 20 P
gc 8407 @15.460s 7%: 0.063+0.27+0.063 ms clock, 1.2+0.25/0.69/0.031+1.2 ms cpu, 5->6->2 MB, 6 MB goal, 0 MB stacks, 0 MB globals, 20 P
gc 8408 @15.461s 7%: 0.026+0.46+0.047 ms clock, 0.53+0.20/0.69/0.017+0.95 ms cpu, 4->5->2 MB, 4 MB goal, 0 MB stacks, 0 MB globals, 20 P
gc 8409 @15.463s 7%: 0.042+0.38+0.077 ms clock, 0.84+0.22/0.69/0.005+1.5 ms cpu, 4->5->2 MB, 5 MB goal, 0 MB stacks, 0 MB globals, 20 P
gc 8410 @15.464s 7%: 0.086+0.37+0.016 ms clock, 1.7+0.22/0.71/0+0.32 ms cpu, 4->5->2 MB, 4 MB goal, 0 MB stacks, 0 MB globals, 20 P
gc 8411 @15.465s 7%: 0.10+0.45+0.021 ms clock, 2.0+0.31/0.63/0.006+0.42 ms cpu, 4->5->2 MB, 4 MB goal, 0 MB stacks, 0 MB globals, 20 P
gc 8412 @15.467s 7%: 0.062+0.40+0.058 ms clock, 1.2+0.20/0.70/0+1.1 ms cpu, 4->5->2 MB, 5 MB goal, 0 MB stacks, 0 MB globals, 20 P
gc 8413 @15.468s 7%: 0.077+0.39+0.043 ms clock, 1.5+0.31/0.60/0.001+0.86 ms cpu, 3->4->2 MB, 4 MB goal, 0 MB stacks, 0 MB globals, 20 P
gc 8414 @15.469s 7%: 0.045+0.40+0.082 ms clock, 0.91+0.30/0.62/0.013+1.6 ms cpu, 4->5->2 MB, 5 MB goal, 0 MB stacks, 0 MB globals, 20 P
gc 8415 @15.470s 7%: 0.074+0.53+0.055 ms clock, 1.4+0.35/0.64/0.002+1.1 ms cpu, 3->4->2 MB, 4 MB goal, 0 MB stacks, 0 MB globals, 20 P
gc 8416 @15.471s 7%: 0.078+0.26+0.042 ms clock, 1.5+0.34/0.49/0.057+0.84 ms cpu, 4->4->2 MB, 5 MB goal, 0 MB stacks, 0 MB globals, 20 P
gc 8417 @15.472s 7%: 0.080+0.42+0.043 ms clock, 1.6+0.32/0.68/0+0.86 ms cpu, 3->4->2 MB, 4 MB goal, 0 MB stacks, 0 MB globals, 20 P
gc 8418 @15.474s 7%: 0.077+0.51+0.070 ms clock, 1.5+0.39/0.61/0.020+1.4 ms cpu, 4->5->2 MB, 5 MB goal, 0 MB stacks, 0 MB globals, 20 P
gc 8419 @15.475s 7%: 0.068+0.35+0.056 ms clock, 1.3+0.30/0.61/0.042+1.1 ms cpu, 4->5->2 MB, 5 MB goal, 0 MB stacks, 0 MB globals, 20 P
gc 8420 @15.477s 7%: 0.068+0.69+0.053 ms clock, 1.3+0.26/0.60/0+1.0 ms cpu, 4->5->2 MB, 5 MB goal, 0 MB stacks, 0 MB globals, 20 P
gc 8421 @15.478s 7%: 0.051+0.35+0.028 ms clock, 1.0+0.30/0.64/0+0.57 ms cpu, 4->5->2 MB, 5 MB goal, 0 MB stacks, 0 MB globals, 20 P
gc 8422 @15.480s 7%: 0.055+0.45+0.059 ms clock, 1.1+0.33/0.61/0.063+1.1 ms cpu, 4->5->2 MB, 4 MB goal, 0 MB stacks, 0 MB globals, 20 P
gc 8423 @15.481s 7%: 0.13+0.51+0.008 ms clock, 2.6+0.24/0.65/0.002+0.16 ms cpu, 4->5->2 MB, 5 MB goal, 0 MB stacks, 0 MB globals, 20 P
gc 8424 @15.483s 7%: 0.065+0.31+0.13 ms clock, 1.3+0.31/0.66/0+2.7 ms cpu, 4->5->2 MB, 5 MB goal, 0 MB stacks, 0 MB globals, 20 P
gc 8425 @15.484s 7%: 0.071+0.64+0.037 ms clock, 1.4+0.29/0.68/0+0.74 ms cpu, 4->5->2 MB, 4 MB goal, 0 MB stacks, 0 MB globals, 20 P
gc 8426 @15.486s 7%: 0.072+0.43+0.063 ms clock, 1.4+0.18/0.72/0.026+1.2 ms cpu, 4->5->2 MB, 5 MB goal, 0 MB stacks, 0 MB globals, 20 P
gc 8427 @15.487s 7%: 0.086+0.26+0.14 ms clock, 1.7+0.27/0.63/0+2.9 ms cpu, 4->4->2 MB, 5 MB goal, 0 MB stacks, 0 MB globals, 20 P
gc 8428 @15.488s 7%: 0.063+0.30+0.069 ms clock, 1.2+0.36/0.61/0+1.3 ms cpu, 3->4->2 MB, 4 MB goal, 0 MB stacks, 0 MB globals, 20 P
gc 8429 @15.490s 7%: 0.078+0.46+0.046 ms clock, 1.5+0.31/0.66/0+0.93 ms cpu, 4->5->2 MB, 5 MB goal, 0 MB stacks, 0 MB globals, 20 P
gc 8430 @15.491s 7%: 0.068+0.27+0.053 ms clock, 1.3+0.29/0.65/0.004+1.0 ms cpu, 4->5->2 MB, 5 MB goal, 0 MB stacks, 0 MB globals, 20 P
gc 8431 @15.492s 7%: 0.069+0.34+0.061 ms clock, 1.3+0.42/0.63/0+1.2 ms cpu, 3->4->2 MB, 4 MB goal, 0 MB stacks, 0 MB globals, 20 P
gc 8432 @15.493s 7%: 0.072+0.30+0.082 ms clock, 1.4+0.36/0.64/0+1.6 ms cpu, 4->5->2 MB, 5 MB goal, 0 MB stacks, 0 MB globals, 20 P
gc 8433 @15.495s 7%: 0.041+0.41+0.065 ms clock, 0.83+0.24/0.55/0.069+1.3 ms cpu, 3->4->2 MB, 4 MB goal, 0 MB stacks, 0 MB globals, 20 P
gc 8434 @15.496s 7%: 0.075+0.37+0.050 ms clock, 1.5+0.21/0.69/0.027+1.0 ms cpu, 4->5->2 MB, 5 MB goal, 0 MB stacks, 0 MB globals, 20 P
gc 8435 @15.497s 7%: 0.072+0.47+0.051 ms clock, 1.4+0.26/0.56/0+1.0 ms cpu, 4->5->2 MB, 5 MB goal, 0 MB stacks, 0 MB globals, 20 P
gc 8436 @15.499s 7%: 0.080+0.27+0.059 ms clock, 1.6+0.25/0.68/0+1.1 ms cpu, 4->4->2 MB, 5 MB goal, 0 MB stacks, 0 MB globals, 20 P
gc 8437 @15.500s 7%: 0.078+0.67+0.044 ms clock, 1.5+0.28/0.72/0.010+0.88 ms cpu, 3->4->2 MB, 4 MB goal, 0 MB stacks, 0 MB globals, 20 P
gc 8438 @15.501s 7%: 0.069+0.35+0.082 ms clock, 1.3+0.15/0.64/0.002+1.6 ms cpu, 4->5->2 MB, 5 MB goal, 0 MB stacks, 0 MB globals, 20 P
gc 8439 @15.502s 7%: 0.074+0.34+0.079 ms clock, 1.4+0.37/0.56/0.040+1.5 ms cpu, 4->5->2 MB, 4 MB goal, 0 MB stacks, 0 MB globals, 20 P
gc 8440 @15.503s 7%: 0.069+0.45+0.050 ms clock, 1.3+0.21/0.73/0.001+1.0 ms cpu, 4->4->2 MB, 4 MB goal, 0 MB stacks, 0 MB globals, 20 P
gc 8441 @15.505s 7%: 0.073+0.51+0.037 ms clock, 1.4+0.43/0.72/0.003+0.75 ms cpu, 4->5->2 MB, 5 MB goal, 0 MB stacks, 0 MB globals, 20 P
gc 8442 @15.507s 7%: 0.072+0.34+0.058 ms clock, 1.4+0.27/0.61/0.003+1.1 ms cpu, 4->5->2 MB, 5 MB goal, 0 MB stacks, 0 MB globals, 20 P
gc 8443 @15.508s 7%: 0.085+0.39+0.016 ms clock, 1.7+0.30/0.72/0.007+0.32 ms cpu, 4->4->2 MB, 4 MB goal, 0 MB stacks, 0 MB globals, 20 P
gc 8444 @15.509s 7%: 0.069+0.56+0.035 ms clock, 1.3+0.25/0.54/0+0.71 ms cpu, 4->5->2 MB, 4 MB goal, 0 MB stacks, 0 MB globals, 20 P
gc 8445 @15.511s 7%: 0.044+0.37+0.069 ms clock, 0.89+0.33/0.56/0.065+1.3 ms cpu, 4->5->2 MB, 5 MB goal, 0 MB stacks, 0 MB globals, 20 P
gc 8446 @15.512s 7%: 0.038+0.40+0.037 ms clock, 0.76+0.39/0.57/0.041+0.74 ms cpu, 4->5->2 MB, 4 MB goal, 0 MB stacks, 0 MB globals, 20 P
gc 8447 @15.513s 7%: 0.084+0.34+0.077 ms clock, 1.6+0.32/0.64/0.043+1.5 ms cpu, 4->5->2 MB, 5 MB goal, 0 MB stacks, 0 MB globals, 20 P
gc 8448 @15.515s 7%: 0.076+0.44+0.066 ms clock, 1.5+0.29/0.64/0.003+1.3 ms cpu, 4->5->2 MB, 5 MB goal, 0 MB stacks, 0 MB globals, 20 P
gc 8449 @15.516s 7%: 0.076+0.35+0.10 ms clock, 1.5+0.28/0.71/0+2.1 ms cpu, 4->5->2 MB, 5 MB goal, 0 MB stacks, 0 MB globals, 20 P
gc 8450 @15.517s 7%: 0.068+0.35+0.012 ms clock, 1.3+0.35/0.69/0.010+0.24 ms cpu, 4->4->2 MB, 4 MB goal, 0 MB stacks, 0 MB globals, 20 P
gc 8451 @15.518s 7%: 0.077+0.43+0.094 ms clock, 1.5+0.42/0.66/0+1.8 ms cpu, 3->4->2 MB, 4 MB goal, 0 MB stacks, 0 MB globals, 20 P
gc 8452 @15.520s 7%: 0.077+0.26+0.082 ms clock, 1.5+0.25/0.66/0.004+1.6 ms cpu, 4->4->2 MB, 5 MB goal, 0 MB stacks, 0 MB globals, 20 P
gc 8453 @15.521s 7%: 0.040+0.41+0.052 ms clock, 0.81+0.14/0.61/0+1.0 ms cpu, 3->4->2 MB, 4 MB goal, 0 MB stacks, 0 MB globals, 20 P
gc 8454 @15.522s 7%: 0.090+0.36+0.017 ms clock, 1.8+0.37/0.67/0.12+0.35 ms cpu, 4->4->2 MB, 4 MB goal, 0 MB stacks, 0 MB globals, 20 P
gc 8455 @15.523s 7%: 0.062+0.35+0.049 ms clock, 1.2+0.36/0.62/0+0.98 ms cpu, 3->4->2 MB, 4 MB goal, 0 MB stacks, 0 MB globals, 20 P
gc 8456 @15.524s 7%: 0.074+0.28+0.084 ms clock, 1.4+0.42/0.60/0+1.6 ms cpu, 4->4->2 MB, 4 MB goal, 0 MB stacks, 0 MB globals, 20 P
gc 8457 @15.525s 7%: 0.053+0.36+0.066 ms clock, 1.0+0.36/0.60/0.040+1.3 ms cpu, 3->4->2 MB, 4 MB goal, 0 MB stacks, 0 MB globals, 20 P
gc 8458 @15.526s 7%: 0.062+0.50+0.072 ms clock, 1.2+0.19/0.68/0.017+1.4 ms cpu, 4->5->2 MB, 4 MB goal, 0 MB stacks, 0 MB globals, 20 P
gc 8459 @15.528s 7%: 0.076+0.40+0.068 ms clock, 1.5+0.29/0.63/0.051+1.3 ms cpu, 4->5->2 MB, 5 MB goal, 0 MB stacks, 0 MB globals, 20 P
gc 8460 @15.529s 7%: 0.15+0.43+0.045 ms clock, 3.0+0.34/0.66/0+0.91 ms cpu, 4->5->2 MB, 5 MB goal, 0 MB stacks, 0 MB globals, 20 P
gc 8461 @15.531s 7%: 0.076+0.25+0.012 ms clock, 1.5+0.40/0.54/0.014+0.24 ms cpu, 4->5->2 MB, 5 MB goal, 0 MB stacks, 0 MB globals, 20 P
gc 8462 @15.532s 7%: 0.086+0.40+0.051 ms clock, 1.7+0.40/0.67/0.009+1.0 ms cpu, 3->4->2 MB, 4 MB goal, 0 MB stacks, 0 MB globals, 20 P
gc 8463 @15.533s 7%: 0.052+0.30+0.041 ms clock, 1.0+0.20/0.58/0.12+0.82 ms cpu, 4->5->2 MB, 5 MB goal, 0 MB stacks, 0 MB globals, 20 P
gc 8464 @15.534s 7%: 0.065+0.34+0.047 ms clock, 1.3+0.17/0.65/0.002+0.95 ms cpu, 4->5->2 MB, 5 MB goal, 0 MB stacks, 0 MB globals, 20 P
gc 8465 @15.535s 7%: 0.049+0.49+0.079 ms clock, 0.99+0.27/0.62/0+1.5 ms cpu, 4->5->2 MB, 5 MB goal, 0 MB stacks, 0 MB globals, 20 P
gc 8466 @15.537s 7%: 0.054+0.36+0.069 ms clock, 1.0+0.27/0.61/0.029+1.3 ms cpu, 4->5->2 MB, 5 MB goal, 0 MB stacks, 0 MB globals, 20 P
gc 8467 @15.538s 7%: 0.076+0.43+0.062 ms clock, 1.5+0.26/0.73/0.008+1.2 ms cpu, 4->5->2 MB, 4 MB goal, 0 MB stacks, 0 MB globals, 20 P
gc 8468 @15.539s 7%: 0.068+0.42+0.073 ms clock, 1.3+0.27/0.74/0.033+1.4 ms cpu, 4->5->2 MB, 5 MB goal, 0 MB stacks, 0 MB globals, 20 P
gc 8469 @15.541s 7%: 0.065+0.47+0.077 ms clock, 1.3+0.35/0.58/0.026+1.5 ms cpu, 4->5->2 MB, 5 MB goal, 0 MB stacks, 0 MB globals, 20 P
gc 8470 @15.542s 7%: 0.073+0.37+0.071 ms clock, 1.4+0.29/0.55/0.098+1.4 ms cpu, 4->5->2 MB, 5 MB goal, 0 MB stacks, 0 MB globals, 20 P
gc 8471 @15.544s 7%: 0.072+0.45+0.024 ms clock, 1.4+0.32/0.57/0.041+0.49 ms cpu, 4->4->2 MB, 4 MB goal, 0 MB stacks, 0 MB globals, 20 P
gc 8472 @15.545s 7%: 0.057+0.30+0.048 ms clock, 1.1+0.33/0.56/0.028+0.97 ms cpu, 4->4->2 MB, 5 MB goal, 0 MB stacks, 0 MB globals, 20 P
gc 8473 @15.546s 7%: 0.093+0.59+0.021 ms clock, 1.8+0.27/0.73/0.034+0.43 ms cpu, 4->5->2 MB, 4 MB goal, 0 MB stacks, 0 MB globals, 20 P
gc 8474 @15.547s 7%: 0.075+0.70+0.076 ms clock, 1.5+0.25/0.66/0+1.5 ms cpu, 4->5->2 MB, 5 MB goal, 0 MB stacks, 0 MB globals, 20 P
gc 8475 @15.549s 7%: 0.062+0.49+0.023 ms clock, 1.2+0.35/0.58/0.006+0.46 ms cpu, 5->5->2 MB, 6 MB goal, 0 MB stacks, 0 MB globals, 20 P
gc 8476 @15.550s 7%: 0.049+0.55+0.026 ms clock, 0.98+0.36/0.66/0.022+0.53 ms cpu, 4->5->2 MB, 4 MB goal, 0 MB stacks, 0 MB globals, 20 P
gc 8477 @15.552s 7%: 0.095+0.28+0.092 ms clock, 1.9+0.34/0.55/0+1.8 ms cpu, 4->5->2 MB, 5 MB goal, 0 MB stacks, 0 MB globals, 20 P
gc 8478 @15.553s 7%: 0.070+0.43+0.12 ms clock, 1.4+0.32/0.62/0+2.4 ms cpu, 4->4->2 MB, 4 MB goal, 0 MB stacks, 0 MB globals, 20 P
gc 8479 @15.554s 7%: 0.073+0.54+0.069 ms clock, 1.4+0.23/0.77/0.007+1.3 ms cpu, 4->5->2 MB, 5 MB goal, 0 MB stacks, 0 MB globals, 20 P
gc 8480 @15.556s 7%: 0.059+0.24+0.062 ms clock, 1.1+0.31/0.61/0+1.2 ms cpu, 4->5->2 MB, 5 MB goal, 0 MB stacks, 0 MB globals, 20 P
gc 8481 @15.557s 7%: 0.059+0.28+0.065 ms clock, 1.1+0.39/0.53/0.008+1.3 ms cpu, 3->4->2 MB, 4 MB goal, 0 MB stacks, 0 MB globals, 20 P
gc 8482 @15.558s 7%: 0.076+0.30+0.050 ms clock, 1.5+0.31/0.58/0.052+1.0 ms cpu, 4->4->2 MB, 4 MB goal, 0 MB stacks, 0 MB globals, 20 P
gc 8483 @15.559s 7%: 0.082+0.35+0.076 ms clock, 1.6+0.36/0.61/0.003+1.5 ms cpu, 3->4->2 MB, 4 MB goal, 0 MB stacks, 0 MB globals, 20 P
gc 8484 @15.560s 7%: 0.11+0.36+0.12 ms clock, 2.3+0.38/0.69/0+2.5 ms cpu, 4->5->2 MB, 4 MB goal, 0 MB stacks, 0 MB globals, 20 P
gc 8485 @15.561s 7%: 0.082+0.38+0.068 ms clock, 1.6+0.24/0.67/0+1.3 ms cpu, 4->5->2 MB, 5 MB goal, 0 MB stacks, 0 MB globals, 20 P
gc 8486 @15.562s 7%: 0.031+0.47+0.066 ms clock, 0.63+0.13/0.62/0.15+1.3 ms cpu, 4->5->2 MB, 5 MB goal, 0 MB stacks, 0 MB globals, 20 P
gc 8487 @15.563s 7%: 0.089+0.42+0.067 ms clock, 1.7+0.32/0.62/0.011+1.3 ms cpu, 4->5->2 MB, 4 MB goal, 0 MB stacks, 0 MB globals, 20 P
gc 8488 @15.565s 7%: 0.035+0.32+0.019 ms clock, 0.70+0.34/0.64/0.013+0.38 ms cpu, 4->5->2 MB, 5 MB goal, 0 MB stacks, 0 MB globals, 20 P
gc 8489 @15.566s 7%: 0.076+0.40+0.075 ms clock, 1.5+0.22/0.62/0.015+1.5 ms cpu, 3->4->2 MB, 4 MB goal, 0 MB stacks, 0 MB globals, 20 P
gc 8490 @15.567s 7%: 0.061+0.33+0.082 ms clock, 1.2+0.28/0.63/0+1.6 ms cpu, 4->4->2 MB, 4 MB goal, 0 MB stacks, 0 MB globals, 20 P
gc 8491 @15.568s 7%: 0.072+0.38+0.028 ms clock, 1.4+0.25/0.60/0.018+0.56 ms cpu, 4->5->2 MB, 5 MB goal, 0 MB stacks, 0 MB globals, 20 P
gc 8492 @15.570s 7%: 0.062+0.40+0.037 ms clock, 1.2+0.19/0.74/0.046+0.74 ms cpu, 4->4->2 MB, 4 MB goal, 0 MB stacks, 0 MB globals, 20 P
gc 8493 @15.571s 7%: 0.053+0.29+0.047 ms clock, 1.0+0.24/0.71/0.008+0.95 ms cpu, 4->5->2 MB, 4 MB goal, 0 MB stacks, 0 MB globals, 20 P
gc 8494 @15.572s 7%: 0.076+0.27+0.067 ms clock, 1.5+0.23/0.60/0.021+1.3 ms cpu, 4->4->2 MB, 4 MB goal, 0 MB stacks, 0 MB globals, 20 P
gc 8495 @15.573s 7%: 0.073+0.41+0.095 ms clock, 1.4+0.27/0.71/0+1.9 ms cpu, 3->4->2 MB, 4 MB goal, 0 MB stacks, 0 MB globals, 20 P
gc 8496 @15.574s 7%: 0.052+0.36+0.094 ms clock, 1.0+0.39/0.60/0.035+1.8 ms cpu, 4->5->2 MB, 5 MB goal, 0 MB stacks, 0 MB globals, 20 P
gc 8497 @15.576s 7%: 0.063+0.81+0.015 ms clock, 1.2+0.38/0.64/0+0.30 ms cpu, 4->5->2 MB, 5 MB goal, 0 MB stacks, 0 MB globals, 20 P
gc 8498 @15.578s 7%: 0.040+0.25+0.10 ms clock, 0.80+0.30/0.53/0.050+2.0 ms cpu, 5->5->2 MB, 5 MB goal, 0 MB stacks, 0 MB globals, 20 P
gc 8499 @15.579s 7%: 0.075+0.49+0.062 ms clock, 1.5+0.33/0.65/0.068+1.2 ms cpu, 3->4->2 MB, 4 MB goal, 0 MB stacks, 0 MB globals, 20 P
gc 8500 @15.580s 7%: 0.056+0.41+0.037 ms clock, 1.1+0.20/0.71/0.001+0.74 ms cpu, 4->5->2 MB, 5 MB goal, 0 MB stacks, 0 MB globals, 20 P
gc 8501 @15.581s 7%: 0.083+0.50+0.063 ms clock, 1.6+0.16/0.73/0.003+1.2 ms cpu, 4->4->2 MB, 4 MB goal, 0 MB stacks, 0 MB globals, 20 P
gc 8502 @15.583s 7%: 0.056+0.34+0.023 ms clock, 1.1+0.34/0.62/0.009+0.46 ms cpu, 4->5->2 MB, 5 MB goal, 0 MB stacks, 0 MB globals, 20 P
gc 8503 @15.584s 7%: 0.064+1.6+0.017 ms clock, 1.2+0.48/0.62/0+0.35 ms cpu, 3->5->3 MB, 4 MB goal, 0 MB stacks, 0 MB globals, 20 P
gc 8504 @15.587s 7%: 0.076+0.46+0.081 ms clock, 1.5+0.47/0.58/0.003+1.6 ms cpu, 5->7->2 MB, 7 MB goal, 0 MB stacks, 0 MB globals, 20 P
gc 8505 @15.588s 7%: 0.091+0.29+0.072 ms clock, 1.8+0.27/0.68/0.024+1.4 ms cpu, 4->5->2 MB, 5 MB goal, 0 MB stacks, 0 MB globals, 20 P
gc 8506 @15.589s 7%: 0.064+0.56+0.064 ms clock, 1.2+0.42/0.61/0.023+1.2 ms cpu, 4->4->2 MB, 4 MB goal, 0 MB stacks, 0 MB globals, 20 P
gc 8507 @15.591s 7%: 0.068+0.43+0.025 ms clock, 1.3+0.23/0.68/0.008+0.50 ms cpu, 4->5->2 MB, 5 MB goal, 0 MB stacks, 0 MB globals, 20 P
gc 8508 @15.592s 7%: 0.038+0.47+0.036 ms clock, 0.76+0.30/0.54/0.22+0.73 ms cpu, 3->5->2 MB, 4 MB goal, 0 MB stacks, 0 MB globals, 20 P
gc 8509 @15.594s 7%: 0.076+0.62+0.008 ms clock, 1.5+0.39/0.70/0+0.17 ms cpu, 4->5->2 MB, 5 MB goal, 0 MB stacks, 0 MB globals, 20 P
gc 8510 @15.595s 7%: 0.080+0.41+0.064 ms clock, 1.6+0.30/0.69/0.005+1.2 ms cpu, 4->5->2 MB, 5 MB goal, 0 MB stacks, 0 MB globals, 20 P
gc 8511 @15.596s 7%: 0.049+0.41+0.066 ms clock, 0.99+0.25/0.60/0.029+1.3 ms cpu, 4->5->2 MB, 5 MB goal, 0 MB stacks, 0 MB globals, 20 P
gc 8512 @15.598s 7%: 0.065+0.36+0.079 ms clock, 1.3+0.27/0.61/0.10+1.5 ms cpu, 4->4->2 MB, 4 MB goal, 0 MB stacks, 0 MB globals, 20 P
gc 8513 @15.599s 7%: 0.041+0.38+0.051 ms clock, 0.82+0.41/0.61/0.025+1.0 ms cpu, 3->4->2 MB, 4 MB goal, 0 MB stacks, 0 MB globals, 20 P
gc 8514 @15.600s 7%: 0.29+0.32+0.062 ms clock, 5.8+0.24/0.70/0+1.2 ms cpu, 4->5->2 MB, 5 MB goal, 0 MB stacks, 0 MB globals, 20 P
gc 8515 @15.601s 7%: 0.077+0.27+0.059 ms clock, 1.5+0.34/0.62/0.017+1.1 ms cpu, 4->4->2 MB, 5 MB goal, 0 MB stacks, 0 MB globals, 20 P
gc 8516 @15.602s 7%: 0.073+0.22+0.050 ms clock, 1.4+0.36/0.56/0.008+1.0 ms cpu, 3->4->2 MB, 4 MB goal, 0 MB stacks, 0 MB globals, 20 P
gc 8517 @15.603s 7%: 0.036+0.36+0.052 ms clock, 0.73+0.27/0.58/0.079+1.0 ms cpu, 3->4->2 MB, 4 MB goal, 0 MB stacks, 0 MB globals, 20 P
gc 8518 @15.604s 7%: 0.072+0.41+0.050 ms clock, 1.4+0.28/0.54/0.10+1.0 ms cpu, 3->4->2 MB, 4 MB goal, 0 MB stacks, 0 MB globals, 20 P
gc 8519 @15.606s 7%: 0.070+0.24+0.081 ms clock, 1.4+0.33/0.65/0+1.6 ms cpu, 4->4->2 MB, 4 MB goal, 0 MB stacks, 0 MB globals, 20 P
gc 8520 @15.606s 7%: 0.045+0.61+0.070 ms clock, 0.90+0.29/0.59/0.12+1.4 ms cpu, 3->4->2 MB, 4 MB goal, 0 MB stacks, 0 MB globals, 20 P
gc 8521 @15.608s 7%: 0.092+0.53+0.065 ms clock, 1.8+0.37/0.77/0+1.3 ms cpu, 4->5->2 MB, 5 MB goal, 0 MB stacks, 0 MB globals, 20 P
gc 8522 @15.609s 7%: 0.086+0.41+0.072 ms clock, 1.7+0.25/0.72/0.001+1.4 ms cpu, 4->5->2 MB, 5 MB goal, 0 MB stacks, 0 MB globals, 20 P
gc 8523 @15.611s 7%: 0.088+0.54+0.040 ms clock, 1.7+0.69/0.65/0.045+0.81 ms cpu, 4->5->2 MB, 5 MB goal, 0 MB stacks, 0 MB globals, 20 P
gc 8524 @15.612s 7%: 0.080+0.44+0.080 ms clock, 1.6+0.32/0.68/0.017+1.6 ms cpu, 4->5->2 MB, 5 MB goal, 0 MB stacks, 0 MB globals, 20 P
gc 8525 @15.614s 7%: 0.048+0.58+0.044 ms clock, 0.96+0.42/0.61/0.015+0.89 ms cpu, 4->5->2 MB, 5 MB goal, 0 MB stacks, 0 MB globals, 20 P
gc 8526 @15.616s 7%: 0.078+0.48+0.062 ms clock, 1.5+0.13/0.75/0+1.2 ms cpu, 4->5->2 MB, 5 MB goal, 0 MB stacks, 0 MB globals, 20 P
gc 8527 @15.617s 7%: 0.088+0.46+0.057 ms clock, 1.7+0.35/0.59/0.003+1.1 ms cpu, 4->5->2 MB, 5 MB goal, 0 MB stacks, 0 MB globals, 20 P
gc 8528 @15.618s 7%: 0.098+0.39+0.038 ms clock, 1.9+0.33/0.55/0.049+0.76 ms cpu, 4->5->2 MB, 5 MB goal, 0 MB stacks, 0 MB globals, 20 P
gc 8529 @15.620s 7%: 0.081+0.47+0.061 ms clock, 1.6+0.37/0.62/0.041+1.2 ms cpu, 4->5->2 MB, 4 MB goal, 0 MB stacks, 0 MB globals, 20 P
gc 8530 @15.621s 7%: 0.067+0.34+0.045 ms clock, 1.3+0.33/0.72/0.007+0.91 ms cpu, 4->5->2 MB, 5 MB goal, 0 MB stacks, 0 MB globals, 20 P
gc 8531 @15.622s 7%: 0.080+0.47+0.070 ms clock, 1.6+0.33/0.58/0.054+1.4 ms cpu, 4->5->2 MB, 5 MB goal, 0 MB stacks, 0 MB globals, 20 P
gc 8532 @15.624s 7%: 0.080+0.50+0.038 ms clock, 1.6+0.14/0.64/0+0.77 ms cpu, 4->5->2 MB, 5 MB goal, 0 MB stacks, 0 MB globals, 20 P
gc 8533 @15.625s 7%: 0.043+0.33+0.076 ms clock, 0.87+0.24/0.57/0.002+1.5 ms cpu, 4->4->2 MB, 4 MB goal, 0 MB stacks, 0 MB globals, 20 P
gc 8534 @15.626s 7%: 0.032+0.38+0.031 ms clock, 0.65+0.35/0.52/0+0.63 ms cpu, 3->4->2 MB, 4 MB goal, 0 MB stacks, 0 MB globals, 20 P
gc 8535 @15.627s 7%: 0.055+0.31+0.069 ms clock, 1.1+0.26/0.82/0.001+1.3 ms cpu, 3->4->2 MB, 4 MB goal, 0 MB stacks, 0 MB globals, 20 P
gc 8536 @15.628s 7%: 0.071+0.39+0.046 ms clock, 1.4+0.23/0.74/0+0.92 ms cpu, 4->4->2 MB, 4 MB goal, 0 MB stacks, 0 MB globals, 20 P
gc 8537 @15.629s 7%: 0.066+0.41+0.067 ms clock, 1.3+0.38/0.60/0.001+1.3 ms cpu, 4->5->2 MB, 4 MB goal, 0 MB stacks, 0 MB globals, 20 P
gc 8538 @15.631s 7%: 0.092+0.32+0.045 ms clock, 1.8+0.31/0.68/0.054+0.90 ms cpu, 4->5->2 MB, 5 MB goal, 0 MB stacks, 0 MB globals, 20 P
gc 8539 @15.632s 7%: 0.075+0.41+0.033 ms clock, 1.5+0.40/0.53/0+0.67 ms cpu, 4->5->2 MB, 4 MB goal, 0 MB stacks, 0 MB globals, 20 P
gc 8540 @15.633s 7%: 0.025+0.39+0.064 ms clock, 0.50+0.18/0.61/0.14+1.2 ms cpu, 4->5->2 MB, 5 MB goal, 0 MB stacks, 0 MB globals, 20 P
gc 8541 @15.635s 7%: 0.072+0.39+0.061 ms clock, 1.4+0.21/0.55/0.037+1.2 ms cpu, 4->4->2 MB, 4 MB goal, 0 MB stacks, 0 MB globals, 20 P
gc 8542 @15.636s 7%: 0.050+0.30+0.084 ms clock, 1.0+0.31/0.65/0.021+1.6 ms cpu, 4->4->2 MB, 4 MB goal, 0 MB stacks, 0 MB globals, 20 P
gc 8543 @15.637s 7%: 0.045+0.27+0.065 ms clock, 0.90+0.13/0.58/0.27+1.3 ms cpu, 4->4->2 MB, 4 MB goal, 0 MB stacks, 0 MB globals, 20 P
gc 8544 @15.638s 7%: 0.066+0.48+0.029 ms clock, 1.3+0.29/0.54/0.071+0.59 ms cpu, 3->4->2 MB, 4 MB goal, 0 MB stacks, 0 MB globals, 20 P
gc 8545 @15.639s 7%: 0.066+0.41+0.045 ms clock, 1.3+0.23/0.64/0.046+0.90 ms cpu, 4->5->2 MB, 5 MB goal, 0 MB stacks, 0 MB globals, 20 P
gc 8546 @15.641s 7%: 0.038+0.34+0.071 ms clock, 0.77+0.29/0.58/0.071+1.4 ms cpu, 4->5->2 MB, 5 MB goal, 0 MB stacks, 0 MB globals, 20 P
gc 8547 @15.642s 7%: 0.069+0.33+0.050 ms clock, 1.3+0.16/0.61/0+1.0 ms cpu, 4->4->2 MB, 4 MB goal, 0 MB stacks, 0 MB globals, 20 P
gc 8548 @15.643s 7%: 0.047+0.43+0.054 ms clock, 0.94+0.25/0.68/0.015+1.0 ms cpu, 3->4->2 MB, 4 MB goal, 0 MB stacks, 0 MB globals, 20 P
gc 8549 @15.644s 7%: 0.087+0.41+0.067 ms clock, 1.7+0.28/0.66/0.060+1.3 ms cpu, 4->5->2 MB, 4 MB goal, 0 MB stacks, 0 MB globals, 20 P
gc 8550 @15.646s 7%: 0.044+0.38+0.077 ms clock, 0.88+0.27/0.60/0+1.5 ms cpu, 4->5->2 MB, 5 MB goal, 0 MB stacks, 0 MB globals, 20 P
gc 8551 @15.647s 7%: 0.065+0.32+0.033 ms clock, 1.3+0.28/0.63/0.011+0.66 ms cpu, 4->4->2 MB, 4 MB goal, 0 MB stacks, 0 MB globals, 20 P
gc 8552 @15.648s 7%: 0.061+0.37+0.077 ms clock, 1.2+0.33/0.68/0.034+1.5 ms cpu, 4->5->2 MB, 4 MB goal, 0 MB stacks, 0 MB globals, 20 P
gc 8553 @15.649s 7%: 0.051+0.45+0.070 ms clock, 1.0+0.30/0.58/0.12+1.4 ms cpu, 4->4->2 MB, 4 MB goal, 0 MB stacks, 0 MB globals, 20 P
gc 8554 @15.651s 7%: 0.069+0.30+0.069 ms clock, 1.3+0.45/0.68/0.006+1.3 ms cpu, 4->4->2 MB, 5 MB goal, 0 MB stacks, 0 MB globals, 20 P
gc 8555 @15.652s 7%: 0.060+0.52+0.065 ms clock, 1.2+0.20/0.63/0+1.3 ms cpu, 4->5->2 MB, 4 MB goal, 0 MB stacks, 0 MB globals, 20 P
gc 8556 @15.653s 7%: 0.077+0.32+0.046 ms clock, 1.5+0.36/0.51/0.050+0.92 ms cpu, 4->4->2 MB, 5 MB goal, 0 MB stacks, 0 MB globals, 20 P
gc 8557 @15.654s 7%: 0.025+0.36+0.049 ms clock, 0.51+0.30/0.63/0.001+0.98 ms cpu, 3->4->2 MB, 4 MB goal, 0 MB stacks, 0 MB globals, 20 P
gc 8558 @15.656s 7%: 0.065+0.37+0.095 ms clock, 1.3+0.19/0.78/0.001+1.9 ms cpu, 4->4->2 MB, 5 MB goal, 0 MB stacks, 0 MB globals, 20 P
gc 8559 @15.657s 7%: 0.044+0.58+0.072 ms clock, 0.88+0.29/0.67/0+1.4 ms cpu, 3->4->2 MB, 4 MB goal, 0 MB stacks, 0 MB globals, 20 P
gc 8560 @15.658s 7%: 0.063+0.38+0.053 ms clock, 1.2+0.33/0.78/0.001+1.0 ms cpu, 4->5->2 MB, 5 MB goal, 0 MB stacks, 0 MB globals, 20 P
gc 8561 @15.660s 7%: 0.079+0.33+0.019 ms clock, 1.5+0.24/0.62/0.014+0.38 ms cpu, 4->5->2 MB, 5 MB goal, 0 MB stacks, 0 MB globals, 20 P
gc 8562 @15.661s 7%: 0.071+0.45+0.068 ms clock, 1.4+0.40/0.67/0+1.3 ms cpu, 4->5->2 MB, 4 MB goal, 0 MB stacks, 0 MB globals, 20 P
gc 8563 @15.662s 7%: 0.077+0.38+0.034 ms clock, 1.5+0.35/0.62/0.020+0.69 ms cpu, 4->5->2 MB, 5 MB goal, 0 MB stacks, 0 MB globals, 20 P
gc 8564 @15.664s 7%: 0.076+0.37+0.093 ms clock, 1.5+0.36/0.52/0.076+1.8 ms cpu, 4->4->2 MB, 5 MB goal, 0 MB stacks, 0 MB globals, 20 P
gc 8565 @15.665s 7%: 0.083+0.39+0.054 ms clock, 1.6+0.22/0.67/0.005+1.0 ms cpu, 4->4->2 MB, 4 MB goal, 0 MB stacks, 0 MB globals, 20 P
gc 8566 @15.666s 7%: 0.066+0.33+0.071 ms clock, 1.3+0.24/0.57/0+1.4 ms cpu, 4->5->2 MB, 4 MB goal, 0 MB stacks, 0 MB globals, 20 P
gc 8567 @15.668s 7%: 0.072+0.37+0.085 ms clock, 1.4+0.24/0.63/0+1.7 ms cpu, 4->4->2 MB, 4 MB goal, 0 MB stacks, 0 MB globals, 20 P
gc 8568 @15.669s 7%: 0.043+0.31+0.063 ms clock, 0.87+0.22/0.59/0.13+1.2 ms cpu, 4->4->2 MB, 4 MB goal, 0 MB stacks, 0 MB globals, 20 P
gc 8569 @15.670s 7%: 0.084+0.31+0.046 ms clock, 1.6+0.32/0.62/0.006+0.92 ms cpu, 3->4->2 MB, 4 MB goal, 0 MB stacks, 0 MB globals, 20 P
gc 8570 @15.671s 7%: 0.081+0.31+0.038 ms clock, 1.6+0.36/0.58/0.011+0.77 ms cpu, 3->4->2 MB, 4 MB goal, 0 MB stacks, 0 MB globals, 20 P
gc 8571 @15.672s 7%: 0.077+0.31+0.056 ms clock, 1.5+0.080/0.82/0+1.1 ms cpu, 4->4->2 MB, 4 MB goal, 0 MB stacks, 0 MB globals, 20 P
gc 8572 @15.673s 7%: 0.029+0.35+0.044 ms clock, 0.59+0.34/0.66/0.013+0.88 ms cpu, 4->5->2 MB, 4 MB goal, 0 MB stacks, 0 MB globals, 20 P
gc 8573 @15.675s 7%: 0.082+0.37+0.021 ms clock, 1.6+0.34/0.67/0+0.42 ms cpu, 4->5->2 MB, 5 MB goal, 0 MB stacks, 0 MB globals, 20 P
gc 8574 @15.676s 7%: 0.042+0.21+0.069 ms clock, 0.84+0.37/0.53/0.043+1.3 ms cpu, 4->5->1 MB, 5 MB goal, 0 MB stacks, 0 MB globals, 20 P
gc 8575 @15.677s 7%: 0.079+0.38+0.061 ms clock, 1.5+0.31/0.68/0+1.2 ms cpu, 3->4->2 MB, 4 MB goal, 0 MB stacks, 0 MB globals, 20 P
gc 8576 @15.678s 7%: 0.084+0.44+0.055 ms clock, 1.6+0.29/0.71/0.027+1.1 ms cpu, 4->5->2 MB, 5 MB goal, 0 MB stacks, 0 MB globals, 20 P
gc 8577 @15.680s 7%: 0.10+0.40+0.14 ms clock, 2.0+0.17/0.59/0+2.9 ms cpu, 4->5->2 MB, 5 MB goal, 0 MB stacks, 0 MB globals, 20 P
gc 8578 @15.681s 7%: 0.099+0.42+0.049 ms clock, 1.9+0.31/0.60/0+0.98 ms cpu, 4->5->2 MB, 4 MB goal, 0 MB stacks, 0 MB globals, 20 P
gc 8579 @15.683s 7%: 0.055+0.77+0.031 ms clock, 1.1+0.34/0.60/0.035+0.63 ms cpu, 4->5->2 MB, 5 MB goal, 0 MB stacks, 0 MB globals, 20 P
gc 8580 @15.685s 7%: 0.074+0.39+0.018 ms clock, 1.4+0.35/0.59/0.007+0.36 ms cpu, 4->5->2 MB, 5 MB goal, 0 MB stacks, 0 MB globals, 20 P
gc 8581 @15.686s 7%: 0.052+0.42+0.044 ms clock, 1.0+0.19/0.59/0.044+0.89 ms cpu, 3->4->2 MB, 4 MB goal, 0 MB stacks, 0 MB globals, 20 P
gc 8582 @15.687s 7%: 0.029+0.33+0.070 ms clock, 0.58+0.39/0.73/0.025+1.4 ms cpu, 4->5->2 MB, 5 MB goal, 0 MB stacks, 0 MB globals, 20 P
gc 8583 @15.689s 7%: 0.022+0.39+0.024 ms clock, 0.45+0.093/0.78/0.16+0.48 ms cpu, 4->4->2 MB, 4 MB goal, 0 MB stacks, 0 MB globals, 20 P
gc 8584 @15.690s 7%: 0.073+0.40+0.062 ms clock, 1.4+0.33/0.75/0.033+1.2 ms cpu, 3->4->2 MB, 4 MB goal, 0 MB stacks, 0 MB globals, 20 P
gc 8585 @15.691s 7%: 0.080+0.32+0.060 ms clock, 1.6+0.30/0.59/0+1.2 ms cpu, 4->5->2 MB, 5 MB goal, 0 MB stacks, 0 MB globals, 20 P
gc 8586 @15.692s 7%: 0.074+0.31+0.082 ms clock, 1.4+0.37/0.68/0.029+1.6 ms cpu, 3->4->2 MB, 4 MB goal, 0 MB stacks, 0 MB globals, 20 P
gc 8587 @15.693s 7%: 0.068+0.47+0.057 ms clock, 1.3+0.26/0.69/0.044+1.1 ms cpu, 4->4->2 MB, 4 MB goal, 0 MB stacks, 0 MB globals, 20 P
gc 8588 @15.694s 7%: 0.058+0.42+0.087 ms clock, 1.1+0.31/0.79/0.021+1.7 ms cpu, 3->4->2 MB, 4 MB goal, 0 MB stacks, 0 MB globals, 20 P
gc 8589 @15.696s 7%: 0.071+0.34+0.044 ms clock, 1.4+0.35/0.69/0.054+0.88 ms cpu, 4->5->2 MB, 5 MB goal, 0 MB stacks, 0 MB globals, 20 P
gc 8590 @15.697s 7%: 0.061+0.32+0.10 ms clock, 1.2+0.29/0.61/0.025+2.1 ms cpu, 4->4->2 MB, 4 MB goal, 0 MB stacks, 0 MB globals, 20 P
gc 8591 @15.698s 7%: 0.067+0.44+0.046 ms clock, 1.3+0.31/0.88/0+0.92 ms cpu, 3->5->2 MB, 4 MB goal, 0 MB stacks, 0 MB globals, 20 P
gc 8592 @15.699s 7%: 0.052+0.42+0.049 ms clock, 1.0+0.27/0.64/0+0.99 ms cpu, 4->5->2 MB, 5 MB goal, 0 MB stacks, 0 MB globals, 20 P
gc 8593 @15.701s 7%: 0.075+0.40+0.027 ms clock, 1.5+0.32/0.68/0.076+0.54 ms cpu, 4->5->2 MB, 5 MB goal, 0 MB stacks, 0 MB globals, 20 P
gc 8594 @15.702s 7%: 0.034+0.44+0.073 ms clock, 0.69+0.35/0.62/0.026+1.4 ms cpu, 4->5->2 MB, 4 MB goal, 0 MB stacks, 0 MB globals, 20 P
gc 8595 @15.703s 7%: 0.039+0.29+0.012 ms clock, 0.78+0.30/0.75/0+0.25 ms cpu, 4->4->2 MB, 4 MB goal, 0 MB stacks, 0 MB globals, 20 P
gc 8596 @15.704s 7%: 0.068+0.35+0.027 ms clock, 1.3+0.36/0.63/0.010+0.54 ms cpu, 3->4->2 MB, 4 MB goal, 0 MB stacks, 0 MB globals, 20 P
gc 8597 @15.706s 7%: 0.068+0.48+0.047 ms clock, 1.3+0.29/0.79/0.011+0.95 ms cpu, 4->5->2 MB, 4 MB goal, 0 MB stacks, 0 MB globals, 20 P
gc 8598 @15.707s 7%: 0.044+0.50+0.024 ms clock, 0.88+0.36/0.58/0.050+0.49 ms cpu, 4->5->2 MB, 5 MB goal, 0 MB stacks, 0 MB globals, 20 P
gc 8599 @15.709s 7%: 0.053+0.82+0.034 ms clock, 1.0+0.38/0.60/0.009+0.69 ms cpu, 4->5->2 MB, 5 MB goal, 0 MB stacks, 0 MB globals, 20 P
gc 8600 @15.711s 7%: 0.079+0.38+0.065 ms clock, 1.5+0.39/0.60/0.016+1.3 ms cpu, 5->6->2 MB, 6 MB goal, 0 MB stacks, 0 MB globals, 20 P
gc 8601 @15.712s 7%: 0.075+0.36+0.070 ms clock, 1.5+0.37/0.57/0+1.4 ms cpu, 4->5->2 MB, 5 MB goal, 0 MB stacks, 0 MB globals, 20 P
gc 8602 @15.714s 7%: 0.062+0.38+0.075 ms clock, 1.2+0.22/0.78/0.13+1.5 ms cpu, 4->5->2 MB, 5 MB goal, 0 MB stacks, 0 MB globals, 20 P
gc 8603 @15.715s 7%: 0.039+0.44+0.11 ms clock, 0.79+0.26/0.83/0.014+2.2 ms cpu, 4->5->2 MB, 5 MB goal, 0 MB stacks, 0 MB globals, 20 P
gc 8604 @15.716s 7%: 0.071+0.29+0.059 ms clock, 1.4+0.30/0.62/0.009+1.1 ms cpu, 4->5->2 MB, 5 MB goal, 0 MB stacks, 0 MB globals, 20 P
gc 8605 @15.717s 7%: 0.028+0.35+0.054 ms clock, 0.57+0.20/0.61/0.098+1.0 ms cpu, 4->4->2 MB, 5 MB goal, 0 MB stacks, 0 MB globals, 20 P
gc 8606 @15.718s 7%: 0.079+0.46+0.062 ms clock, 1.5+0.29/0.55/0.033+1.2 ms cpu, 3->4->2 MB, 4 MB goal, 0 MB stacks, 0 MB globals, 20 P
gc 8607 @15.720s 7%: 0.080+0.31+0.037 ms clock, 1.6+0.20/0.70/0+0.74 ms cpu, 4->5->2 MB, 5 MB goal, 0 MB stacks, 0 MB globals, 20 P
gc 8608 @15.721s 7%: 0.12+0.39+0.061 ms clock, 2.5+0.30/0.62/0+1.2 ms cpu, 4->5->2 MB, 4 MB goal, 0 MB stacks, 0 MB globals, 20 P
gc 8609 @15.722s 7%: 0.069+0.27+0.071 ms clock, 1.3+0.24/0.62/0.13+1.4 ms cpu, 4->4->2 MB, 5 MB goal, 0 MB stacks, 0 MB globals, 20 P
gc 8610 @15.723s 7%: 0.074+0.41+0.011 ms clock, 1.4+0.42/0.86/0+0.22 ms cpu, 3->5->2 MB, 4 MB goal, 0 MB stacks, 0 MB globals, 20 P
gc 8611 @15.724s 7%: 0.074+0.43+0.082 ms clock, 1.4+0.32/0.66/0.057+1.6 ms cpu, 4->5->2 MB, 5 MB goal, 0 MB stacks, 0 MB globals, 20 P
gc 8612 @15.726s 7%: 0.074+0.40+0.076 ms clock, 1.4+0.38/0.63/0+1.5 ms cpu, 4->5->2 MB, 5 MB goal, 0 MB stacks, 0 MB globals, 20 P
gc 8613 @15.727s 7%: 0.077+0.57+0.029 ms clock, 1.5+0.37/0.63/0.004+0.58 ms cpu, 4->5->2 MB, 5 MB goal, 0 MB stacks, 0 MB globals, 20 P
gc 8614 @15.729s 7%: 0.090+0.48+0.017 ms clock, 1.8+0.27/0.74/0.012+0.34 ms cpu, 4->5->2 MB, 5 MB goal, 0 MB stacks, 0 MB globals, 20 P
gc 8615 @15.730s 7%: 0.071+0.27+0.062 ms clock, 1.4+0.27/0.57/0+1.2 ms cpu, 4->5->2 MB, 5 MB goal, 0 MB stacks, 0 MB globals, 20 P
gc 8616 @15.731s 7%: 0.072+0.38+0.023 ms clock, 1.4+0.22/0.67/0.005+0.46 ms cpu, 3->4->2 MB, 4 MB goal, 0 MB stacks, 0 MB globals, 20 P
gc 8617 @15.732s 7%: 0.050+0.42+0.093 ms clock, 1.0+0.37/0.72/0.022+1.8 ms cpu, 4->4->2 MB, 4 MB goal, 0 MB stacks, 0 MB globals, 20 P
gc 8618 @15.734s 7%: 0.072+0.49+0.071 ms clock, 1.4+0.22/0.69/0+1.4 ms cpu, 4->5->2 MB, 4 MB goal, 0 MB stacks, 0 MB globals, 20 P
gc 8619 @15.735s 7%: 0.076+0.32+0.069 ms clock, 1.5+0.29/0.74/0.003+1.3 ms cpu, 4->5->2 MB, 5 MB goal, 0 MB stacks, 0 MB globals, 20 P
gc 8620 @15.737s 7%: 0.072+0.29+0.071 ms clock, 1.4+0.20/0.67/0.035+1.4 ms cpu, 4->4->2 MB, 4 MB goal, 0 MB stacks, 0 MB globals, 20 P
gc 8621 @15.738s 7%: 0.037+0.49+0.056 ms clock, 0.74+0.23/0.75/0.081+1.1 ms cpu, 3->4->2 MB, 4 MB goal, 0 MB stacks, 0 MB globals, 20 P
gc 8622 @15.739s 7%: 0.040+0.40+0.069 ms clock, 0.80+0.15/0.64/0+1.3 ms cpu, 4->4->2 MB, 5 MB goal, 0 MB stacks, 0 MB globals, 20 P
gc 8623 @15.740s 7%: 0.048+0.43+0.016 ms clock, 0.97+0.53/0.61/0.001+0.33 ms cpu, 4->4->2 MB, 4 MB goal, 0 MB stacks, 0 MB globals, 20 P
gc 8624 @15.742s 7%: 0.072+0.52+0.012 ms clock, 1.4+0.29/0.73/0+0.25 ms cpu, 4->5->2 MB, 5 MB goal, 0 MB stacks, 0 MB globals, 20 P
gc 8625 @15.743s 7%: 0.085+0.31+0.069 ms clock, 1.7+0.41/0.55/0.038+1.3 ms cpu, 4->5->2 MB, 5 MB goal, 0 MB stacks, 0 MB globals, 20 P
gc 8626 @15.744s 7%: 0.040+0.37+0.063 ms clock, 0.80+0.36/0.82/0.031+1.2 ms cpu, 3->4->2 MB, 4 MB goal, 0 MB stacks, 0 MB globals, 20 P
gc 8627 @15.745s 7%: 0.062+0.49+0.051 ms clock, 1.2+0.24/0.72/0.031+1.0 ms cpu, 4->5->2 MB, 4 MB goal, 0 MB stacks, 0 MB globals, 20 P
gc 8628 @15.746s 7%: 0.084+0.26+0.035 ms clock, 1.6+0.31/0.61/0.071+0.71 ms cpu, 4->5->2 MB, 5 MB goal, 0 MB stacks, 0 MB globals, 20 P
gc 8629 @15.747s 7%: 0.075+0.46+0.055 ms clock, 1.5+0.37/0.67/0.004+1.1 ms cpu, 4->5->2 MB, 4 MB goal, 0 MB stacks, 0 MB globals, 20 P
gc 8630 @15.749s 7%: 0.069+0.27+0.078 ms clock, 1.3+0.27/0.65/0.18+1.5 ms cpu, 4->5->2 MB, 5 MB goal, 0 MB stacks, 0 MB globals, 20 P
gc 8631 @15.750s 7%: 0.078+0.47+0.036 ms clock, 1.5+0.29/0.64/0+0.73 ms cpu, 4->5->2 MB, 4 MB goal, 0 MB stacks, 0 MB globals, 20 P
gc 8632 @15.752s 7%: 0.086+0.33+0.050 ms clock, 1.7+0.29/0.68/0.052+1.0 ms cpu, 4->5->2 MB, 5 MB goal, 0 MB stacks, 0 MB globals, 20 P
gc 8633 @15.753s 7%: 0.074+0.38+0.040 ms clock, 1.4+0.40/0.67/0.073+0.81 ms cpu, 4->4->2 MB, 4 MB goal, 0 MB stacks, 0 MB globals, 20 P
gc 8634 @15.754s 7%: 0.066+0.39+0.065 ms clock, 1.3+0.45/0.66/0+1.3 ms cpu, 4->5->2 MB, 4 MB goal, 0 MB stacks, 0 MB globals, 20 P
gc 8635 @15.755s 7%: 0.073+0.44+0.069 ms clock, 1.4+0.27/0.63/0.015+1.3 ms cpu, 4->5->2 MB, 5 MB goal, 0 MB stacks, 0 MB globals, 20 P
gc 8636 @15.756s 7%: 0.069+0.38+0.054 ms clock, 1.3+0.27/0.70/0.12+1.0 ms cpu, 4->5->2 MB, 5 MB goal, 0 MB stacks, 0 MB globals, 20 P
gc 8637 @15.758s 7%: 0.062+0.44+0.008 ms clock, 1.2+0.30/0.75/0.020+0.17 ms cpu, 4->5->2 MB, 4 MB goal, 0 MB stacks, 0 MB globals, 20 P
gc 8638 @15.759s 7%: 0.095+0.38+0.069 ms clock, 1.9+0.30/0.72/0+1.3 ms cpu, 4->5->2 MB, 5 MB goal, 0 MB stacks, 0 MB globals, 20 P
gc 8639 @15.761s 7%: 0.075+0.39+0.050 ms clock, 1.5+0.38/0.62/0.008+1.0 ms cpu, 4->5->2 MB, 5 MB goal, 0 MB stacks, 0 MB globals, 20 P
gc 8640 @15.762s 7%: 0.063+0.45+0.038 ms clock, 1.2+0.39/0.63/0+0.77 ms cpu, 4->5->2 MB, 5 MB goal, 0 MB stacks, 0 MB globals, 20 P
gc 8641 @15.764s 7%: 0.029+0.35+0.081 ms clock, 0.58+0.32/0.60/0.058+1.6 ms cpu, 4->5->2 MB, 5 MB goal, 0 MB stacks, 0 MB globals, 20 P
gc 8642 @15.765s 7%: 0.078+0.46+0.090 ms clock, 1.5+0.37/0.74/0.002+1.8 ms cpu, 4->5->2 MB, 4 MB goal, 0 MB stacks, 0 MB globals, 20 P
gc 8643 @15.766s 7%: 0.10+0.23+0.060 ms clock, 2.0+0.26/0.51/0.081+1.2 ms cpu, 4->4->1 MB, 5 MB goal, 0 MB stacks, 0 MB globals, 20 P
gc 8644 @15.767s 7%: 0.11+0.51+0.071 ms clock, 2.3+0.46/0.61/0+1.4 ms cpu, 3->4->2 MB, 4 MB goal, 0 MB stacks, 0 MB globals, 20 P
gc 8645 @15.769s 7%: 0.068+0.36+0.039 ms clock, 1.3+0.30/0.58/0+0.79 ms cpu, 5->5->2 MB, 6 MB goal, 0 MB stacks, 0 MB globals, 20 P
gc 8646 @15.770s 7%: 0.057+0.50+0.078 ms clock, 1.1+0.38/0.82/0.040+1.5 ms cpu, 3->4->2 MB, 4 MB goal, 0 MB stacks, 0 MB globals, 20 P
gc 8647 @15.771s 7%: 0.057+0.39+0.059 ms clock, 1.1+0.20/0.64/0.032+1.1 ms cpu, 4->5->2 MB, 5 MB goal, 0 MB stacks, 0 MB globals, 20 P
gc 8648 @15.772s 7%: 0.074+0.31+0.069 ms clock, 1.4+0.32/0.60/0.004+1.3 ms cpu, 4->5->2 MB, 5 MB goal, 0 MB stacks, 0 MB globals, 20 P
gc 8649 @15.773s 7%: 0.069+0.27+0.058 ms clock, 1.3+0.33/0.55/0.001+1.1 ms cpu, 3->4->2 MB, 4 MB goal, 0 MB stacks, 0 MB globals, 20 P
gc 8650 @15.774s 7%: 0.086+0.48+0.024 ms clock, 1.7+0.38/0.90/0+0.49 ms cpu, 3->4->2 MB, 4 MB goal, 0 MB stacks, 0 MB globals, 20 P
gc 8651 @15.775s 7%: 0.076+0.46+0.014 ms clock, 1.5+0.16/0.79/0+0.28 ms cpu, 4->5->2 MB, 5 MB goal, 0 MB stacks, 0 MB globals, 20 P
gc 8652 @15.777s 7%: 0.053+0.35+0.022 ms clock, 1.0+0.18/0.55/0.15+0.45 ms cpu, 4->4->2 MB, 5 MB goal, 0 MB stacks, 0 MB globals, 20 P
gc 8653 @15.778s 7%: 0.044+0.58+0.074 ms clock, 0.89+0.29/0.95/0.016+1.4 ms cpu, 3->4->2 MB, 4 MB goal, 0 MB stacks, 0 MB globals, 20 P
gc 8654 @15.779s 7%: 0.054+0.40+0.091 ms clock, 1.0+0.26/0.75/0.003+1.8 ms cpu, 4->5->2 MB, 5 MB goal, 0 MB stacks, 0 MB globals, 20 P
gc 8655 @15.780s 7%: 0.062+0.36+0.070 ms clock, 1.2+0.34/0.75/0+1.4 ms cpu, 4->5->2 MB, 4 MB goal, 0 MB stacks, 0 MB globals, 20 P
gc 8656 @15.782s 7%: 0.061+0.36+0.054 ms clock, 1.2+0.28/0.68/0.009+1.0 ms cpu, 4->4->2 MB, 4 MB goal, 0 MB stacks, 0 MB globals, 20 P
gc 8657 @15.783s 7%: 0.067+0.42+0.072 ms clock, 1.3+0.24/0.71/0+1.4 ms cpu, 4->5->2 MB, 4 MB goal, 0 MB stacks, 0 MB globals, 20 P
gc 8658 @15.784s 7%: 0.042+0.49+0.071 ms clock, 0.85+0.17/0.68/0.060+1.4 ms cpu, 4->5->2 MB, 5 MB goal, 0 MB stacks, 0 MB globals, 20 P
gc 8659 @15.786s 7%: 0.076+0.67+0.041 ms clock, 1.5+0.27/0.89/0.037+0.83 ms cpu, 4->5->2 MB, 5 MB goal, 0 MB stacks, 0 MB globals, 20 P
gc 8660 @15.787s 7%: 0.044+0.54+0.042 ms clock, 0.89+0.26/0.79/0.016+0.85 ms cpu, 4->5->2 MB, 5 MB goal, 0 MB stacks, 0 MB globals, 20 P
gc 8661 @15.789s 7%: 0.076+0.37+0.080 ms clock, 1.5+0.21/0.75/0+1.6 ms cpu, 4->5->2 MB, 5 MB goal, 0 MB stacks, 0 MB globals, 20 P
gc 8662 @15.790s 7%: 0.079+0.35+0.024 ms clock, 1.5+0.41/0.76/0+0.49 ms cpu, 4->5->2 MB, 5 MB goal, 0 MB stacks, 0 MB globals, 20 P
gc 8663 @15.792s 7%: 0.079+0.37+0.071 ms clock, 1.5+0.25/0.72/0.008+1.4 ms cpu, 4->5->2 MB, 5 MB goal, 0 MB stacks, 0 MB globals, 20 P
gc 8664 @15.793s 7%: 0.044+0.58+0.052 ms clock, 0.89+0.20/0.92/0.003+1.0 ms cpu, 4->5->2 MB, 5 MB goal, 0 MB stacks, 0 MB globals, 20 P
gc 8665 @15.794s 7%: 0.062+0.31+0.073 ms clock, 1.2+0.40/0.56/0.024+1.4 ms cpu, 4->4->2 MB, 5 MB goal, 0 MB stacks, 0 MB globals, 20 P
gc 8666 @15.795s 7%: 0.047+0.50+0.074 ms clock, 0.94+0.45/0.65/0.22+1.4 ms cpu, 4->5->2 MB, 4 MB goal, 0 MB stacks, 0 MB globals, 20 P
gc 8667 @15.797s 7%: 0.094+0.43+0.088 ms clock, 1.8+0.33/0.60/0.058+1.7 ms cpu, 4->5->2 MB, 5 MB goal, 0 MB stacks, 0 MB globals, 20 P
gc 8668 @15.798s 7%: 0.078+0.42+0.026 ms clock, 1.5+0.33/0.66/0.001+0.52 ms cpu, 4->5->2 MB, 5 MB goal, 0 MB stacks, 0 MB globals, 20 P
gc 8669 @15.799s 7%: 0.050+0.40+0.075 ms clock, 1.0+0.074/0.71/0+1.5 ms cpu, 4->5->2 MB, 5 MB goal, 0 MB stacks, 0 MB globals, 20 P
gc 8670 @15.801s 7%: 0.073+0.33+0.063 ms clock, 1.4+0.28/0.70/0.004+1.2 ms cpu, 4->5->2 MB, 5 MB goal, 0 MB stacks, 0 MB globals, 20 P
gc 8671 @15.802s 7%: 0.090+0.46+0.046 ms clock, 1.8+0.27/0.96/0+0.93 ms cpu, 4->5->2 MB, 4 MB goal, 0 MB stacks, 0 MB globals, 20 P
gc 8672 @15.803s 7%: 0.079+0.44+0.031 ms clock, 1.5+0.24/0.72/0+0.62 ms cpu, 4->5->2 MB, 5 MB goal, 0 MB stacks, 0 MB globals, 20 P
gc 8673 @15.804s 7%: 0.076+0.36+0.058 ms clock, 1.5+0.41/0.57/0+1.1 ms cpu, 4->5->2 MB, 5 MB goal, 0 MB stacks, 0 MB globals, 20 P
gc 8674 @15.806s 7%: 0.052+0.27+0.081 ms clock, 1.0+0.39/0.64/0.10+1.6 ms cpu, 4->4->2 MB, 4 MB goal, 0 MB stacks, 0 MB globals, 20 P
gc 8675 @15.807s 7%: 0.070+0.46+0.072 ms clock, 1.4+0.15/0.81/0+1.4 ms cpu, 4->5->2 MB, 4 MB goal, 0 MB stacks, 0 MB globals, 20 P
gc 8676 @15.808s 7%: 0.047+0.66+0.015 ms clock, 0.95+0.51/0.65/0.019+0.30 ms cpu, 4->5->2 MB, 5 MB goal, 0 MB stacks, 0 MB globals, 20 P
gc 8677 @15.810s 7%: 0.052+0.26+0.032 ms clock, 1.0+0.33/0.61/0.031+0.65 ms cpu, 4->5->1 MB, 5 MB goal, 0 MB stacks, 0 MB globals, 20 P
gc 8678 @15.810s 7%: 0.050+0.48+0.012 ms clock, 1.0+0.32/0.66/0.014+0.24 ms cpu, 3->4->2 MB, 4 MB goal, 0 MB stacks, 0 MB globals, 20 P
gc 8679 @15.812s 7%: 0.083+0.37+0.056 ms clock, 1.6+0.37/0.66/0.013+1.1 ms cpu, 4->5->2 MB, 5 MB goal, 0 MB stacks, 0 MB globals, 20 P
gc 8680 @15.813s 7%: 0.083+0.32+0.070 ms clock, 1.6+0.31/0.62/0+1.4 ms cpu, 4->5->2 MB, 5 MB goal, 0 MB stacks, 0 MB globals, 20 P
gc 8681 @15.814s 7%: 0.053+0.33+0.048 ms clock, 1.0+0.10/0.73/0.021+0.96 ms cpu, 4->5->2 MB, 4 MB goal, 0 MB stacks, 0 MB globals, 20 P
gc 8682 @15.815s 7%: 0.095+0.54+0.033 ms clock, 1.9+0.35/0.66/0.031+0.66 ms cpu, 4->5->2 MB, 5 MB goal, 0 MB stacks, 0 MB globals, 20 P
gc 8683 @15.817s 7%: 0.072+0.43+0.024 ms clock, 1.4+0.24/0.56/0.001+0.48 ms cpu, 4->5->2 MB, 5 MB goal, 0 MB stacks, 0 MB globals, 20 P
gc 8684 @15.818s 7%: 0.076+0.30+0.025 ms clock, 1.5+0.21/0.80/0.010+0.50 ms cpu, 4->4->2 MB, 4 MB goal, 0 MB stacks, 0 MB globals, 20 P
gc 8685 @15.819s 7%: 0.041+0.41+0.062 ms clock, 0.83+0.30/0.75/0.095+1.2 ms cpu, 3->4->2 MB, 4 MB goal, 0 MB stacks, 0 MB globals, 20 P
gc 8686 @15.820s 7%: 0.081+0.44+0.059 ms clock, 1.6+0.27/0.68/0+1.1 ms cpu, 4->5->2 MB, 5 MB goal, 0 MB stacks, 0 MB globals, 20 P
gc 8687 @15.822s 7%: 0.10+0.28+0.070 ms clock, 2.0+0.28/0.65/0.007+1.4 ms cpu, 4->5->2 MB, 5 MB goal, 0 MB stacks, 0 MB globals, 20 P
gc 8688 @15.823s 7%: 0.080+0.39+0.071 ms clock, 1.6+0.24/0.66/0.074+1.4 ms cpu, 3->5->2 MB, 4 MB goal, 0 MB stacks, 0 MB globals, 20 P
gc 8689 @15.824s 7%: 0.079+0.24+0.059 ms clock, 1.5+0.20/0.66/0.052+1.1 ms cpu, 4->4->2 MB, 4 MB goal, 0 MB stacks, 0 MB globals, 20 P
gc 8690 @15.825s 7%: 0.045+0.38+0.028 ms clock, 0.91+0.33/0.62/0.020+0.56 ms cpu, 3->4->2 MB, 4 MB goal, 0 MB stacks, 0 MB globals, 20 P
gc 8691 @15.826s 7%: 0.069+0.49+0.045 ms clock, 1.3+0.28/0.64/0.014+0.91 ms cpu, 4->5->2 MB, 5 MB goal, 0 MB stacks, 0 MB globals, 20 P
gc 8692 @15.828s 7%: 0.052+0.38+0.078 ms clock, 1.0+0.29/0.67/0.078+1.5 ms cpu, 4->5->2 MB, 5 MB goal, 0 MB stacks, 0 MB globals, 20 P
gc 8693 @15.829s 7%: 0.043+0.42+0.045 ms clock, 0.87+0.24/0.70/0+0.90 ms cpu, 4->5->2 MB, 5 MB goal, 0 MB stacks, 0 MB globals, 20 P
gc 8694 @15.830s 7%: 0.051+0.33+0.078 ms clock, 1.0+0.35/0.63/0.039+1.5 ms cpu, 4->5->2 MB, 5 MB goal, 0 MB stacks, 0 MB globals, 20 P
gc 8695 @15.832s 7%: 0.095+0.40+0.060 ms clock, 1.9+0.44/0.66/0+1.2 ms cpu, 4->5->2 MB, 4 MB goal, 0 MB stacks, 0 MB globals, 20 P
gc 8696 @15.833s 7%: 0.055+0.53+0.051 ms clock, 1.1+0.28/0.66/0.001+1.0 ms cpu, 4->5->2 MB, 5 MB goal, 0 MB stacks, 0 MB globals, 20 P
gc 8697 @15.835s 7%: 0.062+0.35+0.062 ms clock, 1.2+0.20/0.60/0.032+1.2 ms cpu, 4->5->2 MB, 5 MB goal, 0 MB stacks, 0 MB globals, 20 P
gc 8698 @15.836s 7%: 0.076+0.42+0.072 ms clock, 1.5+0.23/0.61/0.024+1.4 ms cpu, 4->5->2 MB, 4 MB goal, 0 MB stacks, 0 MB globals, 20 P
gc 8699 @15.837s 7%: 0.076+0.32+0.021 ms clock, 1.5+0.33/0.62/0.009+0.43 ms cpu, 4->5->2 MB, 5 MB goal, 0 MB stacks, 0 MB globals, 20 P
gc 8700 @15.839s 7%: 0.069+0.34+0.025 ms clock, 1.3+0.32/0.69/0.013+0.51 ms cpu, 4->5->2 MB, 5 MB goal, 0 MB stacks, 0 MB globals, 20 P
gc 8701 @15.840s 7%: 0.080+0.54+0.070 ms clock, 1.6+0.40/0.63/0.028+1.4 ms cpu, 4->5->2 MB, 5 MB goal, 0 MB stacks, 0 MB globals, 20 P
gc 8702 @15.841s 7%: 0.069+0.39+0.053 ms clock, 1.3+0.22/0.66/0.028+1.0 ms cpu, 4->5->2 MB, 5 MB goal, 0 MB stacks, 0 MB globals, 20 P
gc 8703 @15.842s 7%: 0.094+0.50+0.030 ms clock, 1.8+0.22/0.70/0+0.60 ms cpu, 4->5->2 MB, 4 MB goal, 0 MB stacks, 0 MB globals, 20 P
gc 8704 @15.844s 7%: 0.062+0.35+0.10 ms clock, 1.2+0.49/0.72/0.013+2.0 ms cpu, 4->5->2 MB, 5 MB goal, 0 MB stacks, 0 MB globals, 20 P
gc 8705 @15.845s 7%: 0.051+0.36+0.044 ms clock, 1.0+0.34/0.68/0.038+0.88 ms cpu, 4->4->2 MB, 4 MB goal, 0 MB stacks, 0 MB globals, 20 P
gc 8706 @15.846s 7%: 0.059+0.42+0.072 ms clock, 1.1+0.31/0.60/0.025+1.4 ms cpu, 4->4->2 MB, 4 MB goal, 0 MB stacks, 0 MB globals, 20 P
gc 8707 @15.848s 7%: 0.079+0.36+0.011 ms clock, 1.5+0.27/0.63/0.004+0.23 ms cpu, 4->5->2 MB, 5 MB goal, 0 MB stacks, 0 MB globals, 20 P
gc 8708 @15.849s 7%: 0.067+0.44+0.025 ms clock, 1.3+0.46/0.68/0.045+0.51 ms cpu, 4->5->2 MB, 5 MB goal, 0 MB stacks, 0 MB globals, 20 P
gc 8709 @15.850s 7%: 0.041+0.52+0.059 ms clock, 0.83+0.41/0.66/0+1.1 ms cpu, 4->5->2 MB, 4 MB goal, 0 MB stacks, 0 MB globals, 20 P
gc 8710 @15.852s 7%: 0.066+0.31+0.021 ms clock, 1.3+0.11/0.72/0.022+0.43 ms cpu, 4->5->2 MB, 5 MB goal, 0 MB stacks, 0 MB globals, 20 P
gc 8711 @15.853s 7%: 0.037+0.28+0.026 ms clock, 0.75+0.30/0.72/0.001+0.53 ms cpu, 4->4->2 MB, 4 MB goal, 0 MB stacks, 0 MB globals, 20 P
gc 8712 @15.854s 7%: 0.062+0.52+0.066 ms clock, 1.2+0.26/0.89/0.002+1.3 ms cpu, 3->5->2 MB, 4 MB goal, 0 MB stacks, 0 MB globals, 20 P
gc 8713 @15.856s 7%: 0.046+0.36+0.039 ms clock, 0.93+0.27/0.71/0+0.79 ms cpu, 4->5->2 MB, 5 MB goal, 0 MB stacks, 0 MB globals, 20 P
gc 8714 @15.857s 7%: 0.073+0.31+0.13 ms clock, 1.4+0.29/0.70/0.015+2.7 ms cpu, 4->5->2 MB, 5 MB goal, 0 MB stacks, 0 MB globals, 20 P
gc 8715 @15.858s 7%: 0.048+0.40+0.076 ms clock, 0.96+0.35/0.72/0.022+1.5 ms cpu, 4->5->2 MB, 4 MB goal, 0 MB stacks, 0 MB globals, 20 P
gc 8716 @15.860s 7%: 0.078+0.45+0.050 ms clock, 1.5+0.31/0.62/0.016+1.0 ms cpu, 4->5->2 MB, 5 MB goal, 0 MB stacks, 0 MB globals, 20 P
gc 8717 @15.861s 7%: 0.079+0.41+0.066 ms clock, 1.5+0.32/0.61/0.14+1.3 ms cpu, 4->5->2 MB, 5 MB goal, 0 MB stacks, 0 MB globals, 20 P
gc 8718 @15.862s 7%: 0.052+0.37+0.031 ms clock, 1.0+0.31/0.63/0+0.63 ms cpu, 4->5->2 MB, 5 MB goal, 0 MB stacks, 0 MB globals, 20 P
gc 8719 @15.863s 7%: 0.077+0.44+0.069 ms clock, 1.5+0.29/0.72/0.044+1.3 ms cpu, 4->5->2 MB, 4 MB goal, 0 MB stacks, 0 MB globals, 20 P
gc 8720 @15.865s 7%: 0.045+0.30+0.046 ms clock, 0.91+0.16/0.70/0.11+0.92 ms cpu, 4->5->2 MB, 5 MB goal, 0 MB stacks, 0 MB globals, 20 P
gc 8721 @15.866s 7%: 0.063+0.40+0.011 ms clock, 1.2+0.37/0.69/0+0.23 ms cpu, 3->4->2 MB, 4 MB goal, 0 MB stacks, 0 MB globals, 20 P
gc 8722 @15.867s 7%: 0.052+0.57+0.067 ms clock, 1.0+0.29/0.57/0.022+1.3 ms cpu, 4->5->2 MB, 5 MB goal, 0 MB stacks, 0 MB globals, 20 P
gc 8723 @15.869s 7%: 0.080+0.44+0.033 ms clock, 1.6+0.31/0.62/0.031+0.67 ms cpu, 4->5->2 MB, 5 MB goal, 0 MB stacks, 0 MB globals, 20 P
gc 8724 @15.871s 7%: 0.10+0.33+0.026 ms clock, 2.1+0.33/0.69/0.022+0.52 ms cpu, 4->5->2 MB, 5 MB goal, 0 MB stacks, 0 MB globals, 20 P
gc 8725 @15.872s 7%: 0.051+0.33+0.044 ms clock, 1.0+0.44/0.66/0+0.88 ms cpu, 4->5->2 MB, 4 MB goal, 0 MB stacks, 0 MB globals, 20 P
gc 8726 @15.873s 7%: 0.075+0.43+0.035 ms clock, 1.5+0.29/0.62/0.032+0.70 ms cpu, 4->5->2 MB, 4 MB goal, 0 MB stacks, 0 MB globals, 20 P
gc 8727 @15.875s 7%: 0.063+0.44+0.070 ms clock, 1.2+0.37/0.62/0+1.4 ms cpu, 4->5->2 MB, 5 MB goal, 0 MB stacks, 0 MB globals, 20 P
gc 8728 @15.877s 7%: 0.052+0.28+0.067 ms clock, 1.0+0.32/0.61/0.040+1.3 ms cpu, 4->5->2 MB, 5 MB goal, 0 MB stacks, 0 MB globals, 20 P
gc 8729 @15.878s 7%: 0.074+0.35+0.072 ms clock, 1.4+0.28/0.65/0.070+1.4 ms cpu, 4->4->2 MB, 4 MB goal, 0 MB stacks, 0 MB globals, 20 P
gc 8730 @15.879s 7%: 0.071+0.49+0.016 ms clock, 1.4+0.29/0.54/0.10+0.33 ms cpu, 4->5->2 MB, 4 MB goal, 0 MB stacks, 0 MB globals, 20 P
gc 8731 @15.880s 7%: 0.062+0.42+0.073 ms clock, 1.2+0.29/0.63/0.051+1.4 ms cpu, 4->5->2 MB, 5 MB goal, 0 MB stacks, 0 MB globals, 20 P
gc 8732 @15.882s 7%: 0.072+0.47+0.026 ms clock, 1.4+0.34/0.95/0.018+0.52 ms cpu, 4->5->2 MB, 5 MB goal, 0 MB stacks, 0 MB globals, 20 P
gc 8733 @15.883s 7%: 0.062+0.34+0.066 ms clock, 1.2+0.38/0.62/0.017+1.3 ms cpu, 4->5->2 MB, 5 MB goal, 0 MB stacks, 0 MB globals, 20 P
gc 8734 @15.885s 7%: 0.072+0.44+0.015 ms clock, 1.4+0.33/0.71/0+0.30 ms cpu, 4->5->2 MB, 5 MB goal, 0 MB stacks, 0 MB globals, 20 P
gc 8735 @15.886s 7%: 0.061+0.31+0.067 ms clock, 1.2+0.29/0.63/0.002+1.3 ms cpu, 4->5->2 MB, 5 MB goal, 0 MB stacks, 0 MB globals, 20 P
gc 8736 @15.887s 7%: 0.061+0.45+0.027 ms clock, 1.2+0.32/0.72/0.010+0.55 ms cpu, 4->5->2 MB, 4 MB goal, 0 MB stacks, 0 MB globals, 20 P
gc 8737 @15.889s 7%: 0.063+0.34+0.032 ms clock, 1.2+0.23/0.59/0.020+0.65 ms cpu, 4->5->2 MB, 5 MB goal, 0 MB stacks, 0 MB globals, 20 P
gc 8738 @15.890s 7%: 0.071+0.38+0.047 ms clock, 1.4+0.35/0.73/0.014+0.94 ms cpu, 4->5->2 MB, 5 MB goal, 0 MB stacks, 0 MB globals, 20 P
gc 8739 @15.891s 7%: 0.078+0.46+0.078 ms clock, 1.5+0.36/0.74/0.001+1.5 ms cpu, 4->5->2 MB, 4 MB goal, 0 MB stacks, 0 MB globals, 20 P
gc 8740 @15.893s 7%: 0.035+0.36+0.023 ms clock, 0.70+0.43/0.70/0.021+0.46 ms cpu, 4->5->2 MB, 5 MB goal, 0 MB stacks, 0 MB globals, 20 P
gc 8741 @15.894s 7%: 0.096+0.37+0.055 ms clock, 1.9+0.27/0.61/0.040+1.1 ms cpu, 3->4->2 MB, 4 MB goal, 0 MB stacks, 0 MB globals, 20 P
gc 8742 @15.895s 7%: 0.021+0.46+0.071 ms clock, 0.43+0.26/0.67/0.098+1.4 ms cpu, 4->5->2 MB, 5 MB goal, 0 MB stacks, 0 MB globals, 20 P
gc 8743 @15.896s 7%: 0.065+0.27+0.067 ms clock, 1.3+0.39/0.53/0.029+1.3 ms cpu, 4->4->2 MB, 5 MB goal, 0 MB stacks, 0 MB globals, 20 P
gc 8744 @15.897s 7%: 0.066+0.56+0.016 ms clock, 1.3+0.43/0.57/0.025+0.32 ms cpu, 3->4->2 MB, 4 MB goal, 0 MB stacks, 0 MB globals, 20 P
gc 8745 @15.899s 7%: 0.076+0.36+0.060 ms clock, 1.5+0.26/0.64/0.037+1.2 ms cpu, 4->5->2 MB, 5 MB goal, 0 MB stacks, 0 MB globals, 20 P
gc 8746 @15.900s 7%: 0.073+0.33+0.066 ms clock, 1.4+0.30/0.59/0+1.3 ms cpu, 4->5->2 MB, 4 MB goal, 0 MB stacks, 0 MB globals, 20 P
gc 8747 @15.902s 7%: 0.067+0.38+0.043 ms clock, 1.3+0.21/0.73/0.13+0.87 ms cpu, 4->5->2 MB, 5 MB goal, 0 MB stacks, 0 MB globals, 20 P
gc 8748 @15.903s 7%: 0.066+0.45+0.067 ms clock, 1.3+0.28/0.73/0+1.3 ms cpu, 4->5->2 MB, 5 MB goal, 0 MB stacks, 0 MB globals, 20 P
gc 8749 @15.904s 7%: 0.072+0.24+0.067 ms clock, 1.4+0.34/0.56/0.067+1.3 ms cpu, 4->4->1 MB, 5 MB goal, 0 MB stacks, 0 MB globals, 20 P
gc 8750 @15.905s 7%: 0.078+0.39+0.055 ms clock, 1.5+0.35/0.68/0.035+1.1 ms cpu, 3->4->2 MB, 4 MB goal, 0 MB stacks, 0 MB globals, 20 P
gc 8751 @15.906s 7%: 0.065+0.33+0.054 ms clock, 1.3+0.31/0.57/0.036+1.0 ms cpu, 4->5->2 MB, 5 MB goal, 0 MB stacks, 0 MB globals, 20 P
gc 8752 @15.907s 7%: 0.042+0.38+0.049 ms clock, 0.84+0.27/0.62/0.012+0.99 ms cpu, 3->4->2 MB, 4 MB goal, 0 MB stacks, 0 MB globals, 20 P
gc 8753 @15.909s 7%: 0.045+0.51+0.021 ms clock, 0.91+0.35/0.88/0.040+0.42 ms cpu, 4->5->2 MB, 4 MB goal, 0 MB stacks, 0 MB globals, 20 P
gc 8754 @15.910s 7%: 0.075+0.30+0.048 ms clock, 1.5+0.26/0.67/0.089+0.96 ms cpu, 4->4->2 MB, 5 MB goal, 0 MB stacks, 0 MB globals, 20 P
gc 8755 @15.911s 7%: 0.068+0.27+0.052 ms clock, 1.3+0.41/0.60/0.045+1.0 ms cpu, 4->4->2 MB, 4 MB goal, 0 MB stacks, 0 MB globals, 20 P
gc 8756 @15.912s 7%: 0.077+0.44+0.054 ms clock, 1.5+0.22/0.74/0.014+1.0 ms cpu, 3->4->2 MB, 4 MB goal, 0 MB stacks, 0 MB globals, 20 P
gc 8757 @15.913s 7%: 0.054+0.52+0.050 ms clock, 1.0+0.44/0.53/0.061+1.0 ms cpu, 4->5->2 MB, 4 MB goal, 0 MB stacks, 0 MB globals, 20 P
gc 8758 @15.915s 7%: 0.078+0.47+0.072 ms clock, 1.5+0.28/0.62/0.019+1.4 ms cpu, 4->5->2 MB, 5 MB goal, 0 MB stacks, 0 MB globals, 20 P
gc 8759 @15.916s 7%: 0.075+0.33+0.053 ms clock, 1.5+0.28/0.69/0.016+1.0 ms cpu, 4->5->2 MB, 5 MB goal, 0 MB stacks, 0 MB globals, 20 P
gc 8760 @15.917s 7%: 0.079+0.43+0.083 ms clock, 1.5+0.44/0.78/0.009+1.6 ms cpu, 4->4->2 MB, 4 MB goal, 0 MB stacks, 0 MB globals, 20 P
gc 8761 @15.918s 7%: 0.045+0.48+0.057 ms clock, 0.90+0.24/0.66/0.026+1.1 ms cpu, 4->5->2 MB, 5 MB goal, 0 MB stacks, 0 MB globals, 20 P
gc 8762 @15.920s 7%: 0.072+0.35+0.029 ms clock, 1.4+0.40/0.60/0.007+0.59 ms cpu, 4->5->2 MB, 5 MB goal, 0 MB stacks, 0 MB globals, 20 P
gc 8763 @15.921s 7%: 0.060+0.45+0.071 ms clock, 1.2+0.40/0.80/0+1.4 ms cpu, 4->5->2 MB, 4 MB goal, 0 MB stacks, 0 MB globals, 20 P
gc 8764 @15.922s 7%: 0.028+0.30+0.048 ms clock, 0.57+0.27/0.58/0.020+0.97 ms cpu, 4->5->2 MB, 5 MB goal, 0 MB stacks, 0 MB globals, 20 P
gc 8765 @15.923s 7%: 0.071+0.56+0.070 ms clock, 1.4+0.32/0.79/0.028+1.4 ms cpu, 3->5->2 MB, 4 MB goal, 0 MB stacks, 0 MB globals, 20 P
gc 8766 @15.925s 7%: 0.034+0.44+0.071 ms clock, 0.68+0.27/0.62/0+1.4 ms cpu, 4->5->2 MB, 5 MB goal, 0 MB stacks, 0 MB globals, 20 P
gc 8767 @15.926s 7%: 0.071+0.32+0.066 ms clock, 1.4+0.23/0.56/0+1.3 ms cpu, 4->4->2 MB, 4 MB goal, 0 MB stacks, 0 MB globals, 20 P
gc 8768 @15.927s 7%: 0.066+0.36+0.084 ms clock, 1.3+0.24/0.69/0+1.6 ms cpu, 4->4->2 MB, 4 MB goal, 0 MB stacks, 0 MB globals, 20 P
gc 8769 @15.929s 7%: 0.038+0.40+0.073 ms clock, 0.77+0.23/0.54/0.22+1.4 ms cpu, 4->4->2 MB, 5 MB goal, 0 MB stacks, 0 MB globals, 20 P
gc 8770 @15.930s 7%: 0.071+0.59+0.067 ms clock, 1.4+0.48/0.68/0+1.3 ms cpu, 3->4->2 MB, 4 MB goal, 0 MB stacks, 0 MB globals, 20 P
gc 8771 @15.931s 7%: 0.078+0.44+0.074 ms clock, 1.5+0.18/0.66/0.015+1.4 ms cpu, 4->5->2 MB, 5 MB goal, 0 MB stacks, 0 MB globals, 20 P
gc 8772 @15.933s 7%: 0.086+0.31+0.053 ms clock, 1.7+0.29/0.68/0.008+1.0 ms cpu, 4->5->2 MB, 5 MB goal, 0 MB stacks, 0 MB globals, 20 P
gc 8773 @15.934s 7%: 0.070+0.33+0.070 ms clock, 1.4+0.25/0.63/0.013+1.4 ms cpu, 4->4->2 MB, 4 MB goal, 0 MB stacks, 0 MB globals, 20 P
gc 8774 @15.935s 7%: 0.062+0.43+0.041 ms clock, 1.2+0.47/0.63/0.034+0.83 ms cpu, 4->5->2 MB, 4 MB goal, 0 MB stacks, 0 MB globals, 20 P
gc 8775 @15.936s 7%: 0.046+0.25+0.059 ms clock, 0.92+0.26/0.60/0+1.1 ms cpu, 4->4->2 MB, 5 MB goal, 0 MB stacks, 0 MB globals, 20 P
gc 8776 @15.937s 7%: 0.070+0.48+0.082 ms clock, 1.4+0.37/0.74/0.010+1.6 ms cpu, 3->4->2 MB, 4 MB goal, 0 MB stacks, 0 MB globals, 20 P
gc 8777 @15.939s 7%: 0.064+0.32+0.068 ms clock, 1.2+0.29/0.60/0.062+1.3 ms cpu, 4->5->2 MB, 5 MB goal, 0 MB stacks, 0 MB globals, 20 P
gc 8778 @15.940s 7%: 0.060+0.39+0.008 ms clock, 1.2+0.41/0.65/0.011+0.17 ms cpu, 3->4->2 MB, 4 MB goal, 0 MB stacks, 0 MB globals, 20 P
gc 8779 @15.941s 7%: 0.060+0.44+0.005 ms clock, 1.2+0.35/0.73/0+0.11 ms cpu, 3->4->2 MB, 4 MB goal, 0 MB stacks, 0 MB globals, 20 P
gc 8780 @15.942s 7%: 0.062+0.39+0.043 ms clock, 1.2+0.42/0.69/0.065+0.87 ms cpu, 4->4->2 MB, 4 MB goal, 0 MB stacks, 0 MB globals, 20 P
gc 8781 @15.943s 7%: 0.059+0.25+0.037 ms clock, 1.1+0.32/0.63/0.030+0.75 ms cpu, 3->4->2 MB, 4 MB goal, 0 MB stacks, 0 MB globals, 20 P
gc 8782 @15.944s 7%: 0.046+0.65+0.020 ms clock, 0.93+0.27/0.95/0+0.40 ms cpu, 3->4->2 MB, 4 MB goal, 0 MB stacks, 0 MB globals, 20 P
gc 8783 @15.946s 7%: 0.095+0.34+0.052 ms clock, 1.9+0.43/0.58/0.079+1.0 ms cpu, 4->5->2 MB, 5 MB goal, 0 MB stacks, 0 MB globals, 20 P
gc 8784 @15.947s 7%: 0.074+0.41+0.081 ms clock, 1.4+0.37/0.67/0.083+1.6 ms cpu, 4->5->2 MB, 5 MB goal, 0 MB stacks, 0 MB globals, 20 P
gc 8785 @15.948s 7%: 0.072+0.51+0.072 ms clock, 1.4+0.28/0.59/0.004+1.4 ms cpu, 4->5->2 MB, 4 MB goal, 0 MB stacks, 0 MB globals, 20 P
gc 8786 @15.950s 7%: 0.072+0.39+0.016 ms clock, 1.4+0.28/0.67/0.091+0.32 ms cpu, 4->5->2 MB, 5 MB goal, 0 MB stacks, 0 MB globals, 20 P
gc 8787 @15.951s 7%: 0.049+0.33+0.066 ms clock, 0.98+0.31/0.74/0+1.3 ms cpu, 4->5->2 MB, 4 MB goal, 0 MB stacks, 0 MB globals, 20 P
gc 8788 @15.952s 7%: 0.072+0.51+0.071 ms clock, 1.4+0.37/0.60/0.018+1.4 ms cpu, 4->5->2 MB, 4 MB goal, 0 MB stacks, 0 MB globals, 20 P
gc 8789 @15.954s 7%: 0.066+0.26+0.064 ms clock, 1.3+0.42/0.53/0.010+1.2 ms cpu, 4->5->2 MB, 5 MB goal, 0 MB stacks, 0 MB globals, 20 P
gc 8790 @15.955s 7%: 0.11+0.46+0.039 ms clock, 2.3+0.33/0.64/0+0.79 ms cpu, 3->5->2 MB, 4 MB goal, 0 MB stacks, 0 MB globals, 20 P
gc 8791 @15.957s 7%: 0.071+0.42+0.018 ms clock, 1.4+0.41/0.58/0+0.36 ms cpu, 4->5->2 MB, 5 MB goal, 0 MB stacks, 0 MB globals, 20 P
gc 8792 @15.958s 7%: 0.073+0.33+0.028 ms clock, 1.4+0.20/0.55/0.041+0.57 ms cpu, 4->5->2 MB, 5 MB goal, 0 MB stacks, 0 MB globals, 20 P
gc 8793 @15.959s 7%: 0.090+0.46+0.073 ms clock, 1.8+0.39/0.75/0+1.4 ms cpu, 3->4->2 MB, 4 MB goal, 0 MB stacks, 0 MB globals, 20 P
gc 8794 @15.961s 7%: 0.077+0.26+0.066 ms clock, 1.5+0.40/0.53/0.12+1.3 ms cpu, 4->5->1 MB, 5 MB goal, 0 MB stacks, 0 MB globals, 20 P
gc 8795 @15.962s 7%: 0.067+0.36+0.033 ms clock, 1.3+0.33/0.58/0+0.66 ms cpu, 3->4->2 MB, 4 MB goal, 0 MB stacks, 0 MB globals, 20 P
gc 8796 @15.963s 7%: 0.062+0.69+0.066 ms clock, 1.2+0.29/0.80/0.050+1.3 ms cpu, 4->5->2 MB, 4 MB goal, 0 MB stacks, 0 MB globals, 20 P
gc 8797 @15.964s 7%: 0.075+0.37+0.030 ms clock, 1.5+0.33/0.72/0.010+0.61 ms cpu, 4->5->2 MB, 5 MB goal, 0 MB stacks, 0 MB globals, 20 P
gc 8798 @15.965s 7%: 0.094+0.88+0.071 ms clock, 1.8+0.25/0.86/0+1.4 ms cpu, 4->5->2 MB, 5 MB goal, 0 MB stacks, 0 MB globals, 20 P
gc 8799 @15.967s 7%: 0.082+0.36+0.068 ms clock, 1.6+0.41/0.66/0.004+1.3 ms cpu, 5->5->2 MB, 5 MB goal, 0 MB stacks, 0 MB globals, 20 P
gc 8800 @15.968s 7%: 0.096+0.54+0.031 ms clock, 1.9+0.35/0.68/0.050+0.63 ms cpu, 3->4->2 MB, 4 MB goal, 0 MB stacks, 0 MB globals, 20 P
gc 8801 @15.970s 7%: 0.079+0.36+0.063 ms clock, 1.5+0.41/0.59/0+1.2 ms cpu, 4->5->2 MB, 5 MB goal, 0 MB stacks, 0 MB globals, 20 P
gc 8802 @15.971s 7%: 0.053+0.36+0.062 ms clock, 1.0+0.14/0.78/0+1.2 ms cpu, 4->5->2 MB, 4 MB goal, 0 MB stacks, 0 MB globals, 20 P
gc 8803 @15.972s 7%: 0.060+0.42+0.036 ms clock, 1.2+0.39/0.66/0.013+0.73 ms cpu, 4->5->2 MB, 5 MB goal, 0 MB stacks, 0 MB globals, 20 P
gc 8804 @15.974s 7%: 0.031+0.56+0.033 ms clock, 0.63+0.23/0.71/0.11+0.66 ms cpu, 4->5->2 MB, 5 MB goal, 0 MB stacks, 0 MB globals, 20 P
gc 8805 @15.975s 7%: 0.072+0.33+0.060 ms clock, 1.4+0.20/0.74/0.001+1.2 ms cpu, 4->5->2 MB, 5 MB goal, 0 MB stacks, 0 MB globals, 20 P
gc 8806 @15.976s 7%: 0.030+0.41+0.065 ms clock, 0.61+0.42/0.61/0.093+1.3 ms cpu, 4->5->2 MB, 5 MB goal, 0 MB stacks, 0 MB globals, 20 P
gc 8807 @15.978s 7%: 0.057+0.37+0.051 ms clock, 1.1+0.30/0.70/0.075+1.0 ms cpu, 4->5->2 MB, 5 MB goal, 0 MB stacks, 0 MB globals, 20 P
gc 8808 @15.979s 7%: 0.067+0.48+0.016 ms clock, 1.3+0.13/0.76/0+0.33 ms cpu, 4->5->2 MB, 5 MB goal, 0 MB stacks, 0 MB globals, 20 P
gc 8809 @15.980s 7%: 0.073+0.36+0.030 ms clock, 1.4+0.24/0.68/0+0.61 ms cpu, 4->5->2 MB, 5 MB goal, 0 MB stacks, 0 MB globals, 20 P
gc 8810 @15.981s 7%: 0.063+0.40+0.019 ms clock, 1.2+0.31/0.54/0.032+0.38 ms cpu, 4->5->2 MB, 5 MB goal, 0 MB stacks, 0 MB globals, 20 P
gc 8811 @15.982s 7%: 0.023+0.29+0.075 ms clock, 0.47+0.041/0.47/0.24+1.5 ms cpu, 4->5->2 MB, 5 MB goal, 0 MB stacks, 0 MB globals, 20 P
gc 8812 @15.984s 7%: 0.088+0.33+0.036 ms clock, 1.7+0.36/0.66/0.037+0.73 ms cpu, 3->4->2 MB, 4 MB goal, 0 MB stacks, 0 MB globals, 20 P
gc 8813 @15.985s 7%: 0.074+0.38+0.027 ms clock, 1.4+0.29/0.82/0.032+0.54 ms cpu, 4->5->2 MB, 4 MB goal, 0 MB stacks, 0 MB globals, 20 P
gc 8814 @15.986s 7%: 0.11+0.31+0.081 ms clock, 2.2+0.42/0.69/0+1.6 ms cpu, 4->4->2 MB, 4 MB goal, 0 MB stacks, 0 MB globals, 20 P
gc 8815 @15.987s 7%: 0.10+0.53+0.006 ms clock, 2.1+0.32/0.63/0.039+0.12 ms cpu, 4->5->2 MB, 5 MB goal, 0 MB stacks, 0 MB globals, 20 P
gc 8816 @15.989s 7%: 0.040+0.39+0.083 ms clock, 0.80+0.30/0.64/0.075+1.6 ms cpu, 4->5->2 MB, 5 MB goal, 0 MB stacks, 0 MB globals, 20 P
gc 8817 @15.990s 7%: 0.094+0.49+0.065 ms clock, 1.8+0.35/0.63/0.014+1.3 ms cpu, 4->5->2 MB, 4 MB goal, 0 MB stacks, 0 MB globals, 20 P
gc 8818 @15.991s 7%: 0.045+0.44+0.072 ms clock, 0.90+0.40/0.75/0.004+1.4 ms cpu, 4->5->2 MB, 5 MB goal, 0 MB stacks, 0 MB globals, 20 P
gc 8819 @15.993s 7%: 0.070+0.34+0.063 ms clock, 1.4+0.32/0.68/0+1.2 ms cpu, 4->5->2 MB, 5 MB goal, 0 MB stacks, 0 MB globals, 20 P
gc 8820 @15.994s 7%: 0.093+0.40+0.086 ms clock, 1.8+0.34/0.83/0.011+1.7 ms cpu, 4->4->2 MB, 4 MB goal, 0 MB stacks, 0 MB globals, 20 P
gc 8821 @15.996s 7%: 0.10+0.46+0.086 ms clock, 2.1+0.38/0.80/0.018+1.7 ms cpu, 4->5->2 MB, 5 MB goal, 0 MB stacks, 0 MB globals, 20 P
gc 8822 @15.997s 7%: 0.086+0.40+0.056 ms clock, 1.7+0.38/0.55/0+1.1 ms cpu, 4->5->2 MB, 5 MB goal, 0 MB stacks, 0 MB globals, 20 P
gc 8823 @15.998s 7%: 0.086+0.54+0.061 ms clock, 1.7+0.25/0.68/0.080+1.2 ms cpu, 4->5->2 MB, 5 MB goal, 0 MB stacks, 0 MB globals, 20 P
gc 8824 @16.000s 7%: 0.066+0.44+0.068 ms clock, 1.3+0.44/0.73/0+1.3 ms cpu, 4->5->2 MB, 5 MB goal, 0 MB stacks, 0 MB globals, 20 P
gc 8825 @16.001s 7%: 0.062+0.41+0.024 ms clock, 1.2+0.17/0.80/0.083+0.48 ms cpu, 4->5->2 MB, 5 MB goal, 0 MB stacks, 0 MB globals, 20 P
gc 8826 @16.003s 7%: 0.072+0.41+0.087 ms clock, 1.4+0.28/0.65/0.062+1.7 ms cpu, 4->5->2 MB, 5 MB goal, 0 MB stacks, 0 MB globals, 20 P
gc 8827 @16.004s 7%: 0.43+0.52+0.044 ms clock, 8.7+0.26/0.67/0+0.88 ms cpu, 4->5->2 MB, 5 MB goal, 0 MB stacks, 0 MB globals, 20 P
gc 8828 @16.006s 7%: 0.065+0.37+0.064 ms clock, 1.3+0.34/0.50/0.031+1.2 ms cpu, 4->5->2 MB, 5 MB goal, 0 MB stacks, 0 MB globals, 20 P
gc 8829 @16.007s 7%: 0.078+0.32+0.080 ms clock, 1.5+0.34/0.49/0.13+1.6 ms cpu, 4->4->2 MB, 4 MB goal, 0 MB stacks, 0 MB globals, 20 P
gc 8830 @16.008s 7%: 0.069+0.44+0.069 ms clock, 1.3+0.27/0.75/0.053+1.3 ms cpu, 3->4->2 MB, 4 MB goal, 0 MB stacks, 0 MB globals, 20 P
gc 8831 @16.009s 7%: 0.064+0.50+0.067 ms clock, 1.2+0.51/0.90/0+1.3 ms cpu, 4->5->2 MB, 4 MB goal, 0 MB stacks, 0 MB globals, 20 P
gc 8832 @16.011s 7%: 0.054+0.42+0.072 ms clock, 1.0+0.38/0.64/0.043+1.4 ms cpu, 4->5->2 MB, 5 MB goal, 0 MB stacks, 0 MB globals, 20 P
gc 8833 @16.012s 7%: 0.028+0.38+0.022 ms clock, 0.57+0.29/0.61/0+0.44 ms cpu, 4->5->2 MB, 5 MB goal, 0 MB stacks, 0 MB globals, 20 P
gc 8834 @16.013s 7%: 0.070+0.57+0.080 ms clock, 1.4+0.40/0.58/0.015+1.6 ms cpu, 3->4->2 MB, 4 MB goal, 0 MB stacks, 0 MB globals, 20 P
gc 8835 @16.015s 7%: 0.070+0.26+0.064 ms clock, 1.4+0.52/0.57/0.014+1.2 ms cpu, 4->5->2 MB, 5 MB goal, 0 MB stacks, 0 MB globals, 20 P
gc 8836 @16.016s 7%: 0.079+0.27+0.064 ms clock, 1.5+0.33/0.58/0.020+1.2 ms cpu, 3->4->2 MB, 4 MB goal, 0 MB stacks, 0 MB globals, 20 P
gc 8837 @16.018s 7%: 0.029+0.56+0.053 ms clock, 0.59+0.18/0.80/0.029+1.0 ms cpu, 3->4->2 MB, 4 MB goal, 0 MB stacks, 0 MB globals, 20 P
gc 8838 @16.019s 7%: 0.063+0.37+0.023 ms clock, 1.2+0.25/0.78/0.022+0.46 ms cpu, 4->5->2 MB, 5 MB goal, 0 MB stacks, 0 MB globals, 20 P
gc 8839 @16.021s 7%: 0.081+0.50+0.026 ms clock, 1.6+0.28/0.63/0.010+0.53 ms cpu, 4->5->2 MB, 5 MB goal, 0 MB stacks, 0 MB globals, 20 P
gc 8840 @16.022s 7%: 0.090+0.44+0.019 ms clock, 1.8+0.22/0.82/0+0.38 ms cpu, 4->5->2 MB, 4 MB goal, 0 MB stacks, 0 MB globals, 20 P
gc 8841 @16.024s 7%: 0.062+0.33+0.069 ms clock, 1.2+0.21/0.70/0.020+1.3 ms cpu, 4->5->2 MB, 5 MB goal, 0 MB stacks, 0 MB globals, 20 P
gc 8842 @16.025s 7%: 0.081+0.44+0.048 ms clock, 1.6+0.12/0.75/0.041+0.97 ms cpu, 3->4->2 MB, 4 MB goal, 0 MB stacks, 0 MB globals, 20 P
gc 8843 @16.026s 7%: 0.14+0.44+0.025 ms clock, 2.8+0.28/0.87/0.073+0.51 ms cpu, 4->5->2 MB, 5 MB goal, 0 MB stacks, 0 MB globals, 20 P
gc 8844 @16.028s 7%: 0.057+0.26+0.11 ms clock, 1.1+0.29/0.54/0.021+2.3 ms cpu, 4->5->1 MB, 5 MB goal, 0 MB stacks, 0 MB globals, 20 P
gc 8845 @16.029s 7%: 0.060+0.62+0.023 ms clock, 1.2+0.39/0.81/0.002+0.47 ms cpu, 3->4->2 MB, 4 MB goal, 0 MB stacks, 0 MB globals, 20 P
gc 8846 @16.030s 7%: 0.033+0.38+0.081 ms clock, 0.66+0.40/0.64/0.007+1.6 ms cpu, 4->5->2 MB, 5 MB goal, 0 MB stacks, 0 MB globals, 20 P
gc 8847 @16.031s 7%: 0.058+0.44+0.078 ms clock, 1.1+0.34/0.68/0.034+1.5 ms cpu, 4->5->2 MB, 5 MB goal, 0 MB stacks, 0 MB globals, 20 P
gc 8848 @16.032s 7%: 0.093+0.47+0.021 ms clock, 1.8+0.39/0.72/0.061+0.43 ms cpu, 4->5->2 MB, 4 MB goal, 0 MB stacks, 0 MB globals, 20 P
gc 8849 @16.034s 7%: 0.045+0.49+0.052 ms clock, 0.91+0.33/0.67/0.095+1.0 ms cpu, 4->5->2 MB, 5 MB goal, 0 MB stacks, 0 MB globals, 20 P
gc 8850 @16.035s 7%: 0.076+0.37+0.040 ms clock, 1.5+0.42/0.69/0.077+0.80 ms cpu, 4->5->2 MB, 5 MB goal, 0 MB stacks, 0 MB globals, 20 P
gc 8851 @16.037s 7%: 0.065+0.35+0.066 ms clock, 1.3+0.27/0.69/0.018+1.3 ms cpu, 4->5->2 MB, 5 MB goal, 0 MB stacks, 0 MB globals, 20 P
gc 8852 @16.038s 7%: 0.046+0.33+0.068 ms clock, 0.93+0.28/0.84/0.032+1.3 ms cpu, 4->4->2 MB, 4 MB goal, 0 MB stacks, 0 MB globals, 20 P
gc 8853 @16.039s 7%: 0.053+0.58+0.072 ms clock, 1.0+0.33/0.65/0+1.4 ms cpu, 3->5->2 MB, 4 MB goal, 0 MB stacks, 0 MB globals, 20 P
gc 8854 @16.040s 7%: 0.085+0.46+0.075 ms clock, 1.7+0.29/0.61/0+1.5 ms cpu, 4->5->2 MB, 5 MB goal, 0 MB stacks, 0 MB globals, 20 P
gc 8855 @16.041s 7%: 0.082+0.35+0.055 ms clock, 1.6+0.29/0.61/0+1.1 ms cpu, 4->5->2 MB, 5 MB goal, 0 MB stacks, 0 MB globals, 20 P
gc 8856 @16.042s 7%: 0.073+0.34+0.040 ms clock, 1.4+0.31/0.62/0+0.81 ms cpu, 3->5->2 MB, 4 MB goal, 0 MB stacks, 0 MB globals, 20 P
gc 8857 @16.044s 7%: 0.049+0.43+0.038 ms clock, 0.98+0.34/0.76/0+0.76 ms cpu, 4->5->2 MB, 5 MB goal, 0 MB stacks, 0 MB globals, 20 P
gc 8858 @16.045s 7%: 0.076+0.66+0.031 ms clock, 1.5+0.33/0.52/0.16+0.62 ms cpu, 4->5->2 MB, 5 MB goal, 0 MB stacks, 0 MB globals, 20 P
gc 8859 @16.047s 7%: 0.082+0.40+0.022 ms clock, 1.6+0.23/0.72/0+0.44 ms cpu, 4->5->2 MB, 5 MB goal, 0 MB stacks, 0 MB globals, 20 P
gc 8860 @16.048s 7%: 0.067+0.32+0.061 ms clock, 1.3+0.16/0.66/0.095+1.2 ms cpu, 4->5->2 MB, 5 MB goal, 0 MB stacks, 0 MB globals, 20 P
gc 8861 @16.049s 7%: 0.041+0.74+0.055 ms clock, 0.82+0.14/0.78/0.018+1.1 ms cpu, 4->5->2 MB, 4 MB goal, 0 MB stacks, 0 MB globals, 20 P
gc 8862 @16.051s 7%: 0.076+0.45+0.032 ms clock, 1.5+0.39/0.70/0+0.64 ms cpu, 4->5->2 MB, 5 MB goal, 0 MB stacks, 0 MB globals, 20 P
gc 8863 @16.052s 7%: 0.028+0.25+0.031 ms clock, 0.56+0.34/0.59/0.065+0.62 ms cpu, 4->4->1 MB, 5 MB goal, 0 MB stacks, 0 MB globals, 20 P
gc 8864 @16.053s 7%: 0.080+0.34+0.080 ms clock, 1.6+0.37/0.68/0.033+1.6 ms cpu, 3->4->2 MB, 4 MB goal, 0 MB stacks, 0 MB globals, 20 P
gc 8865 @16.054s 7%: 0.086+0.35+0.032 ms clock, 1.7+0.26/0.70/0+0.65 ms cpu, 4->5->2 MB, 5 MB goal, 0 MB stacks, 0 MB globals, 20 P
gc 8866 @16.056s 7%: 0.059+0.34+0.057 ms clock, 1.1+0.18/0.87/0+1.1 ms cpu, 4->4->2 MB, 4 MB goal, 0 MB stacks, 0 MB globals, 20 P
gc 8867 @16.057s 7%: 0.082+0.64+0.067 ms clock, 1.6+0.32/0.64/0.041+1.3 ms cpu, 3->5->2 MB, 4 MB goal, 0 MB stacks, 0 MB globals, 20 P
gc 8868 @16.058s 7%: 0.048+0.48+0.084 ms clock, 0.96+0.19/0.66/0+1.6 ms cpu, 4->5->2 MB, 5 MB goal, 0 MB stacks, 0 MB globals, 20 P
gc 8869 @16.059s 7%: 0.071+0.53+0.073 ms clock, 1.4+0.35/0.85/0.001+1.4 ms cpu, 4->5->2 MB, 5 MB goal, 0 MB stacks, 0 MB globals, 20 P
gc 8870 @16.061s 7%: 0.086+0.29+0.049 ms clock, 1.7+0.20/0.67/0.021+0.98 ms cpu, 4->5->2 MB, 5 MB goal, 0 MB stacks, 0 MB globals, 20 P
gc 8871 @16.062s 7%: 0.064+0.34+0.098 ms clock, 1.2+0.26/0.82/0+1.9 ms cpu, 4->4->2 MB, 4 MB goal, 0 MB stacks, 0 MB globals, 20 P
gc 8872 @16.063s 7%: 0.26+0.50+0.066 ms clock, 5.2+0.50/0.71/0+1.3 ms cpu, 3->5->2 MB, 4 MB goal, 0 MB stacks, 0 MB globals, 20 P
gc 8873 @16.065s 7%: 0.080+0.38+0.062 ms clock, 1.6+0.45/0.68/0+1.2 ms cpu, 4->5->2 MB, 5 MB goal, 0 MB stacks, 0 MB globals, 20 P
gc 8874 @16.067s 7%: 0.075+0.49+0.083 ms clock, 1.5+0.41/0.65/0+1.6 ms cpu, 4->5->2 MB, 5 MB goal, 0 MB stacks, 0 MB globals, 20 P
gc 8875 @16.068s 7%: 0.083+0.31+0.062 ms clock, 1.6+0.31/0.62/0.062+1.2 ms cpu, 4->5->2 MB, 5 MB goal, 0 MB stacks, 0 MB globals, 20 P
gc 8876 @16.069s 7%: 0.068+0.39+0.068 ms clock, 1.3+0.26/0.67/0.077+1.3 ms cpu, 4->4->2 MB, 4 MB goal, 0 MB stacks, 0 MB globals, 20 P
gc 8877 @16.070s 7%: 0.025+0.48+0.072 ms clock, 0.51+0.20/0.73/0.050+1.4 ms cpu, 3->4->2 MB, 4 MB goal, 0 MB stacks, 0 MB globals, 20 P
gc 8878 @16.072s 7%: 0.078+0.34+0.065 ms clock, 1.5+0.31/0.69/0+1.3 ms cpu, 4->5->2 MB, 4 MB goal, 0 MB stacks, 0 MB globals, 20 P
gc 8879 @16.073s 7%: 0.099+0.44+0.029 ms clock, 1.9+0.36/0.70/0+0.58 ms cpu, 4->5->2 MB, 4 MB goal, 0 MB stacks, 0 MB globals, 20 P
gc 8880 @16.074s 7%: 0.063+0.40+0.072 ms clock, 1.2+0.36/0.60/0.012+1.4 ms cpu, 4->5->2 MB, 5 MB goal, 0 MB stacks, 0 MB globals, 20 P
gc 8881 @16.076s 7%: 0.060+0.38+0.034 ms clock, 1.2+0.30/0.72/0+0.69 ms cpu, 4->5->2 MB, 5 MB goal, 0 MB stacks, 0 MB globals, 20 P
gc 8882 @16.077s 7%: 0.084+0.43+0.019 ms clock, 1.6+0.24/0.60/0.040+0.39 ms cpu, 4->5->2 MB, 5 MB goal, 0 MB stacks, 0 MB globals, 20 P
gc 8883 @16.078s 7%: 0.071+0.44+0.071 ms clock, 1.4+0.45/0.58/0.002+1.4 ms cpu, 4->5->2 MB, 5 MB goal, 0 MB stacks, 0 MB globals, 20 P
gc 8884 @16.079s 7%: 0.059+0.39+0.15 ms clock, 1.1+0.28/0.62/0+3.1 ms cpu, 4->5->2 MB, 5 MB goal, 0 MB stacks, 0 MB globals, 20 P
gc 8885 @16.080s 7%: 0.066+0.24+0.039 ms clock, 1.3+0.26/0.78/0.012+0.78 ms cpu, 4->4->1 MB, 5 MB goal, 0 MB stacks, 0 MB globals, 20 P
gc 8886 @16.081s 7%: 0.056+0.55+0.024 ms clock, 1.1+0.38/0.79/0.005+0.49 ms cpu, 3->4->2 MB, 4 MB goal, 0 MB stacks, 0 MB globals, 20 P
gc 8887 @16.083s 7%: 0.074+0.72+0.047 ms clock, 1.4+0.29/0.71/0+0.95 ms cpu, 4->5->2 MB, 5 MB goal, 0 MB stacks, 0 MB globals, 20 P
gc 8888 @16.084s 7%: 0.090+0.53+0.044 ms clock, 1.8+0.40/0.69/0+0.88 ms cpu, 4->6->2 MB, 5 MB goal, 0 MB stacks, 0 MB globals, 20 P
gc 8889 @16.086s 7%: 0.074+0.35+0.013 ms clock, 1.4+0.39/0.74/0+0.27 ms cpu, 4->5->2 MB, 5 MB goal, 0 MB stacks, 0 MB globals, 20 P
gc 8890 @16.087s 7%: 0.086+0.56+0.009 ms clock, 1.7+0.31/1.0/0.011+0.18 ms cpu, 4->4->2 MB, 4 MB goal, 0 MB stacks, 0 MB globals, 20 P
gc 8891 @16.088s 7%: 0.078+0.70+0.016 ms clock, 1.5+0.32/0.66/0+0.32 ms cpu, 4->5->2 MB, 4 MB goal, 0 MB stacks, 0 MB globals, 20 P
gc 8892 @16.090s 7%: 0.11+0.40+0.085 ms clock, 2.3+0.21/0.80/0+1.7 ms cpu, 4->5->2 MB, 5 MB goal, 0 MB stacks, 0 MB globals, 20 P
gc 8893 @16.091s 7%: 0.062+0.56+0.073 ms clock, 1.2+0.39/0.66/0+1.4 ms cpu, 4->5->2 MB, 5 MB goal, 0 MB stacks, 0 MB globals, 20 P
gc 8894 @16.093s 7%: 0.084+0.40+0.024 ms clock, 1.6+0.39/0.62/0.038+0.49 ms cpu, 4->5->2 MB, 5 MB goal, 0 MB stacks, 0 MB globals, 20 P
gc 8895 @16.094s 7%: 0.055+0.62+0.071 ms clock, 1.1+0.31/0.84/0+1.4 ms cpu, 4->5->2 MB, 4 MB goal, 0 MB stacks, 0 MB globals, 20 P
gc 8896 @16.096s 7%: 0.067+0.50+0.059 ms clock, 1.3+0.37/0.72/0.065+1.1 ms cpu, 4->5->2 MB, 5 MB goal, 0 MB stacks, 0 MB globals, 20 P
gc 8897 @16.097s 7%: 0.085+0.36+0.017 ms clock, 1.7+0.25/0.69/0.026+0.34 ms cpu, 4->5->2 MB, 5 MB goal, 0 MB stacks, 0 MB globals, 20 P
gc 8898 @16.098s 7%: 0.061+0.32+0.038 ms clock, 1.2+0.42/0.69/0+0.77 ms cpu, 4->4->2 MB, 4 MB goal, 0 MB stacks, 0 MB globals, 20 P
gc 8899 @16.100s 7%: 0.080+0.84+0.051 ms clock, 1.6+0.37/0.74/0+1.0 ms cpu, 4->5->2 MB, 5 MB goal, 0 MB stacks, 0 MB globals, 20 P
gc 8900 @16.101s 7%: 0.10+0.64+0.063 ms clock, 2.1+0.34/0.70/0.011+1.2 ms cpu, 4->5->2 MB, 5 MB goal, 0 MB stacks, 0 MB globals, 20 P
gc 8901 @16.103s 7%: 0.085+0.56+0.054 ms clock, 1.7+0.32/0.73/0.010+1.0 ms cpu, 4->5->2 MB, 5 MB goal, 0 MB stacks, 0 MB globals, 20 P
gc 8902 @16.105s 7%: 0.069+0.55+0.088 ms clock, 1.3+0.41/0.60/0+1.7 ms cpu, 4->5->2 MB, 5 MB goal, 0 MB stacks, 0 MB globals, 20 P
gc 8903 @16.107s 7%: 0.058+0.29+0.065 ms clock, 1.1+0.23/0.76/0.006+1.3 ms cpu, 4->5->2 MB, 5 MB goal, 0 MB stacks, 0 MB globals, 20 P
gc 8904 @16.107s 7%: 0.066+0.72+0.023 ms clock, 1.3+0.39/0.69/0.001+0.47 ms cpu, 4->5->2 MB, 4 MB goal, 0 MB stacks, 0 MB globals, 20 P
gc 8905 @16.109s 7%: 0.078+0.44+0.056 ms clock, 1.5+0.37/0.73/0.064+1.1 ms cpu, 5->6->2 MB, 6 MB goal, 0 MB stacks, 0 MB globals, 20 P
gc 8906 @16.110s 7%: 0.062+0.33+0.078 ms clock, 1.2+0.15/0.80/0+1.5 ms cpu, 4->5->2 MB, 5 MB goal, 0 MB stacks, 0 MB globals, 20 P
gc 8907 @16.111s 7%: 0.045+0.55+0.026 ms clock, 0.90+0.16/0.85/0.030+0.52 ms cpu, 4->5->2 MB, 4 MB goal, 0 MB stacks, 0 MB globals, 20 P
gc 8908 @16.113s 7%: 0.13+0.67+0.025 ms clock, 2.6+0.33/0.83/0.016+0.50 ms cpu, 4->5->2 MB, 5 MB goal, 0 MB stacks, 0 MB globals, 20 P
gc 8909 @16.114s 7%: 0.060+0.40+0.13 ms clock, 1.2+0.53/0.58/0+2.6 ms cpu, 5->6->2 MB, 6 MB goal, 0 MB stacks, 0 MB globals, 20 P
gc 8910 @16.116s 7%: 0.084+0.37+0.054 ms clock, 1.6+0.33/0.73/0.020+1.0 ms cpu, 4->5->2 MB, 5 MB goal, 0 MB stacks, 0 MB globals, 20 P
gc 8911 @16.117s 7%: 0.041+0.30+0.082 ms clock, 0.83+0.25/0.70/0+1.6 ms cpu, 4->5->2 MB, 5 MB goal, 0 MB stacks, 0 MB globals, 20 P
gc 8912 @16.118s 7%: 0.046+0.22+0.13 ms clock, 0.92+0.36/0.57/0.091+2.7 ms cpu, 4->4->2 MB, 4 MB goal, 0 MB stacks, 0 MB globals, 20 P
gc 8913 @16.119s 7%: 0.066+0.31+0.055 ms clock, 1.3+0.34/0.64/0.026+1.1 ms cpu, 3->4->2 MB, 4 MB goal, 0 MB stacks, 0 MB globals, 20 P
gc 8914 @16.120s 7%: 0.086+0.41+0.060 ms clock, 1.7+0.20/0.68/0+1.2 ms cpu, 3->4->2 MB, 4 MB goal, 0 MB stacks, 0 MB globals, 20 P
gc 8915 @16.121s 7%: 0.073+0.42+0.069 ms clock, 1.4+0.18/0.77/0+1.3 ms cpu, 4->5->2 MB, 5 MB goal, 0 MB stacks, 0 MB globals, 20 P
gc 8916 @16.122s 7%: 0.081+0.34+0.048 ms clock, 1.6+0.26/0.69/0.009+0.97 ms cpu, 4->5->2 MB, 4 MB goal, 0 MB stacks, 0 MB globals, 20 P
gc 8917 @16.123s 7%: 0.080+0.32+0.052 ms clock, 1.6+0.29/0.65/0.11+1.0 ms cpu, 4->4->2 MB, 4 MB goal, 0 MB stacks, 0 MB globals, 20 P
gc 8918 @16.124s 7%: 0.051+0.35+0.071 ms clock, 1.0+0.31/0.62/0.078+1.4 ms cpu, 4->4->2 MB, 4 MB goal, 0 MB stacks, 0 MB globals, 20 P
gc 8919 @16.125s 7%: 0.083+0.44+0.057 ms clock, 1.6+0.27/0.70/0+1.1 ms cpu, 3->4->2 MB, 4 MB goal, 0 MB stacks, 0 MB globals, 20 P
gc 8920 @16.127s 7%: 0.12+0.50+0.049 ms clock, 2.4+0.39/0.54/0.033+0.99 ms cpu, 4->6->2 MB, 5 MB goal, 0 MB stacks, 0 MB globals, 20 P
gc 8921 @16.129s 7%: 0.066+0.38+0.018 ms clock, 1.3+0.16/0.78/0.001+0.36 ms cpu, 4->5->2 MB, 5 MB goal, 0 MB stacks, 0 MB globals, 20 P
gc 8922 @16.130s 7%: 0.078+0.42+0.058 ms clock, 1.5+0.32/0.64/0.003+1.1 ms cpu, 3->4->2 MB, 4 MB goal, 0 MB stacks, 0 MB globals, 20 P
gc 8923 @16.131s 7%: 0.023+0.32+0.070 ms clock, 0.47+0.21/0.61/0.19+1.4 ms cpu, 4->4->1 MB, 4 MB goal, 0 MB stacks, 0 MB globals, 20 P
gc 8924 @16.132s 7%: 0.046+0.40+0.038 ms clock, 0.92+0.27/0.70/0.063+0.76 ms cpu, 3->4->2 MB, 4 MB goal, 0 MB stacks, 0 MB globals, 20 P
gc 8925 @16.133s 7%: 0.072+0.57+0.008 ms clock, 1.4+0.25/0.62/0+0.16 ms cpu, 4->5->2 MB, 4 MB goal, 0 MB stacks, 0 MB globals, 20 P
gc 8926 @16.134s 7%: 0.029+0.47+0.046 ms clock, 0.59+0.19/0.62/0.063+0.93 ms cpu, 4->5->2 MB, 5 MB goal, 0 MB stacks, 0 MB globals, 20 P
gc 8927 @16.135s 7%: 0.069+0.30+0.096 ms clock, 1.3+0.28/0.55/0.050+1.9 ms cpu, 4->5->2 MB, 5 MB goal, 0 MB stacks, 0 MB globals, 20 P
gc 8928 @16.136s 7%: 0.048+0.37+0.070 ms clock, 0.96+0.31/0.70/0.006+1.4 ms cpu, 4->4->2 MB, 5 MB goal, 0 MB stacks, 0 MB globals, 20 P
gc 8929 @16.138s 7%: 0.11+0.31+0.064 ms clock, 2.2+0.30/0.57/0.10+1.2 ms cpu, 3->4->2 MB, 4 MB goal, 0 MB stacks, 0 MB globals, 20 P
gc 8930 @16.139s 7%: 0.075+0.38+0.072 ms clock, 1.5+0.33/0.60/0+1.4 ms cpu, 3->4->2 MB, 4 MB goal, 0 MB stacks, 0 MB globals, 20 P
gc 8931 @16.140s 7%: 0.039+0.47+0.056 ms clock, 0.78+0.33/0.56/0.048+1.1 ms cpu, 4->5->2 MB, 4 MB goal, 0 MB stacks, 0 MB globals, 20 P
gc 8932 @16.142s 7%: 0.081+0.68+0.060 ms clock, 1.6+0.17/0.75/0+1.2 ms cpu, 4->5->2 MB, 5 MB goal, 0 MB stacks, 0 MB globals, 20 P
gc 8933 @16.143s 7%: 0.025+0.42+0.061 ms clock, 0.51+0.36/0.82/0.037+1.2 ms cpu, 4->5->2 MB, 5 MB goal, 0 MB stacks, 0 MB globals, 20 P
gc 8934 @16.144s 7%: 0.070+0.52+0.093 ms clock, 1.4+0.48/0.58/0.025+1.8 ms cpu, 4->5->2 MB, 4 MB goal, 0 MB stacks, 0 MB globals, 20 P
gc 8935 @16.146s 7%: 0.039+0.40+0.076 ms clock, 0.78+0.38/0.61/0.009+1.5 ms cpu, 4->5->2 MB, 5 MB goal, 0 MB stacks, 0 MB globals, 20 P
gc 8936 @16.147s 7%: 0.10+0.39+0.067 ms clock, 2.0+0.45/0.72/0.025+1.3 ms cpu, 4->5->2 MB, 5 MB goal, 0 MB stacks, 0 MB globals, 20 P
gc 8937 @16.149s 7%: 0.12+0.39+0.059 ms clock, 2.4+0.42/0.48/0.049+1.1 ms cpu, 4->5->2 MB, 4 MB goal, 0 MB stacks, 0 MB globals, 20 P
gc 8938 @16.150s 7%: 0.080+0.40+0.059 ms clock, 1.6+0.45/0.59/0.017+1.1 ms cpu, 4->5->2 MB, 5 MB goal, 0 MB stacks, 0 MB globals, 20 P
gc 8939 @16.151s 7%: 0.070+0.53+0.074 ms clock, 1.4+0.21/0.71/0.002+1.4 ms cpu, 4->5->2 MB, 4 MB goal, 0 MB stacks, 0 MB globals, 20 P
gc 8940 @16.153s 7%: 0.051+0.26+0.026 ms clock, 1.0+0.37/0.62/0.034+0.53 ms cpu, 4->4->2 MB, 5 MB goal, 0 MB stacks, 0 MB globals, 20 P
gc 8941 @16.154s 7%: 0.076+0.37+0.025 ms clock, 1.5+0.31/0.68/0.023+0.50 ms cpu, 3->4->2 MB, 4 MB goal, 0 MB stacks, 0 MB globals, 20 P
gc 8942 @16.155s 7%: 0.054+0.53+0.074 ms clock, 1.0+0.39/0.70/0.003+1.4 ms cpu, 4->4->2 MB, 4 MB goal, 0 MB stacks, 0 MB globals, 20 P
gc 8943 @16.156s 7%: 0.083+0.52+0.042 ms clock, 1.6+0.52/0.62/0.001+0.85 ms cpu, 4->5->2 MB, 5 MB goal, 0 MB stacks, 0 MB globals, 20 P
gc 8944 @16.158s 7%: 0.048+0.69+0.032 ms clock, 0.96+0.18/0.73/0+0.64 ms cpu, 4->5->2 MB, 5 MB goal, 0 MB stacks, 0 MB globals, 20 P
gc 8945 @16.159s 7%: 0.062+0.28+0.012 ms clock, 1.2+0.15/0.83/0+0.24 ms cpu, 4->5->2 MB, 5 MB goal, 0 MB stacks, 0 MB globals, 20 P
gc 8946 @16.160s 7%: 0.042+0.25+0.025 ms clock, 0.85+0.27/0.67/0.039+0.51 ms cpu, 3->4->1 MB, 4 MB goal, 0 MB stacks, 0 MB globals, 20 P
gc 8947 @16.162s 7%: 0.052+0.43+0.073 ms clock, 1.0+0.31/0.61/0.001+1.4 ms cpu, 3->4->2 MB, 4 MB goal, 0 MB stacks, 0 MB globals, 20 P
gc 8948 @16.163s 7%: 0.051+0.35+0.076 ms clock, 1.0+0.42/0.72/0.11+1.5 ms cpu, 4->4->2 MB, 5 MB goal, 0 MB stacks, 0 MB globals, 20 P
gc 8949 @16.164s 7%: 0.036+0.47+0.098 ms clock, 0.72+0.39/0.64/0+1.9 ms cpu, 3->5->2 MB, 4 MB goal, 0 MB stacks, 0 MB globals, 20 P
gc 8950 @16.165s 7%: 0.039+0.31+0.035 ms clock, 0.78+0.25/0.71/0.057+0.71 ms cpu, 4->5->2 MB, 5 MB goal, 0 MB stacks, 0 MB globals, 20 P
gc 8951 @16.166s 7%: 0.024+0.49+0.061 ms clock, 0.49+0.24/0.72/0.097+1.2 ms cpu, 3->4->2 MB, 4 MB goal, 0 MB stacks, 0 MB globals, 20 P
gc 8952 @16.168s 7%: 0.082+0.54+0.081 ms clock, 1.6+0.34/0.59/0+1.6 ms cpu, 4->5->2 MB, 4 MB goal, 0 MB stacks, 0 MB globals, 20 P
gc 8953 @16.169s 7%: 0.080+0.40+0.043 ms clock, 1.6+0.39/0.66/0+0.86 ms cpu, 4->5->2 MB, 5 MB goal, 0 MB stacks, 0 MB globals, 20 P
gc 8954 @16.171s 7%: 0.076+0.41+0.036 ms clock, 1.5+0.40/0.55/0.058+0.73 ms cpu, 4->5->2 MB, 4 MB goal, 0 MB stacks, 0 MB globals, 20 P
gc 8955 @16.172s 7%: 0.091+0.46+0.045 ms clock, 1.8+0.32/0.61/0.070+0.91 ms cpu, 4->5->2 MB, 5 MB goal, 0 MB stacks, 0 MB globals, 20 P
gc 8956 @16.174s 7%: 0.062+0.47+0.020 ms clock, 1.2+0.30/0.81/0+0.41 ms cpu, 4->5->2 MB, 5 MB goal, 0 MB stacks, 0 MB globals, 20 P
gc 8957 @16.175s 7%: 0.073+0.40+0.070 ms clock, 1.4+0.35/0.64/0+1.4 ms cpu, 4->5->2 MB, 5 MB goal, 0 MB stacks, 0 MB globals, 20 P
gc 8958 @16.176s 7%: 0.026+0.44+0.10 ms clock, 0.52+0.38/0.57/0.026+2.0 ms cpu, 4->4->2 MB, 5 MB goal, 0 MB stacks, 0 MB globals, 20 P
gc 8959 @16.178s 7%: 0.043+0.41+0.027 ms clock, 0.87+0.31/0.60/0.081+0.55 ms cpu, 4->5->2 MB, 4 MB goal, 0 MB stacks, 0 MB globals, 20 P
gc 8960 @16.179s 7%: 0.035+0.38+0.090 ms clock, 0.71+0.40/0.57/0.012+1.8 ms cpu, 4->5->2 MB, 5 MB goal, 0 MB stacks, 0 MB globals, 20 P
gc 8961 @16.181s 7%: 0.081+0.69+0.077 ms clock, 1.6+0.19/0.82/0+1.5 ms cpu, 4->5->2 MB, 5 MB goal, 0 MB stacks, 0 MB globals, 20 P
gc 8962 @16.182s 7%: 0.063+0.48+0.060 ms clock, 1.2+0.30/0.62/0.004+1.2 ms cpu, 4->5->2 MB, 5 MB goal, 0 MB stacks, 0 MB globals, 20 P
gc 8963 @16.184s 7%: 0.063+0.46+0.059 ms clock, 1.2+0.29/0.62/0+1.1 ms cpu, 4->5->2 MB, 5 MB goal, 0 MB stacks, 0 MB globals, 20 P
gc 8964 @16.185s 7%: 0.067+0.37+0.073 ms clock, 1.3+0.23/0.57/0.061+1.4 ms cpu, 4->4->2 MB, 5 MB goal, 0 MB stacks, 0 MB globals, 20 P
gc 8965 @16.186s 7%: 0.089+0.42+0.061 ms clock, 1.7+0.31/0.68/0+1.2 ms cpu, 3->4->2 MB, 4 MB goal, 0 MB stacks, 0 MB globals, 20 P
gc 8966 @16.188s 7%: 0.074+0.45+0.079 ms clock, 1.4+0.35/0.59/0.025+1.5 ms cpu, 4->5->2 MB, 5 MB goal, 0 MB stacks, 0 MB globals, 20 P
gc 8967 @16.189s 7%: 0.077+0.56+0.046 ms clock, 1.5+0.29/0.67/0+0.93 ms cpu, 4->5->2 MB, 5 MB goal, 0 MB stacks, 0 MB globals, 20 P
gc 8968 @16.190s 7%: 0.060+0.40+0.046 ms clock, 1.2+0.22/0.78/0+0.92 ms cpu, 4->5->2 MB, 5 MB goal, 0 MB stacks, 0 MB globals, 20 P
gc 8969 @16.192s 7%: 0.070+0.54+0.049 ms clock, 1.4+0.39/0.76/0.032+0.99 ms cpu, 4->5->2 MB, 4 MB goal, 0 MB stacks, 0 MB globals, 20 P
gc 8970 @16.193s 7%: 0.025+0.34+0.044 ms clock, 0.51+0.26/0.59/0+0.89 ms cpu, 4->5->2 MB, 5 MB goal, 0 MB stacks, 0 MB globals, 20 P
gc 8971 @16.194s 7%: 0.062+0.23+0.060 ms clock, 1.2+0.29/0.68/0+1.2 ms cpu, 4->4->2 MB, 4 MB goal, 0 MB stacks, 0 MB globals, 20 P
gc 8972 @16.195s 7%: 0.067+0.55+0.044 ms clock, 1.3+0.23/0.71/0.011+0.89 ms cpu, 3->4->2 MB, 4 MB goal, 0 MB stacks, 0 MB globals, 20 P
gc 8973 @16.197s 7%: 0.049+0.34+0.055 ms clock, 0.98+0.33/0.54/0.076+1.1 ms cpu, 4->5->2 MB, 5 MB goal, 0 MB stacks, 0 MB globals, 20 P
gc 8974 @16.198s 7%: 0.080+0.39+0.015 ms clock, 1.6+0.35/0.72/0+0.30 ms cpu, 4->5->2 MB, 4 MB goal, 0 MB stacks, 0 MB globals, 20 P
gc 8975 @16.199s 7%: 0.066+0.39+0.10 ms clock, 1.3+0.33/0.63/0+2.1 ms cpu, 4->5->2 MB, 5 MB goal, 0 MB stacks, 0 MB globals, 20 P
gc 8976 @16.200s 7%: 0.070+0.37+0.027 ms clock, 1.4+0.31/0.55/0+0.54 ms cpu, 4->5->2 MB, 4 MB goal, 0 MB stacks, 0 MB globals, 20 P
gc 8977 @16.202s 7%: 0.054+0.39+0.056 ms clock, 1.0+0.26/0.56/0.080+1.1 ms cpu, 4->5->2 MB, 4 MB goal, 0 MB stacks, 0 MB globals, 20 P
gc 8978 @16.203s 7%: 0.066+0.37+0.061 ms clock, 1.3+0.32/0.55/0.049+1.2 ms cpu, 4->5->2 MB, 5 MB goal, 0 MB stacks, 0 MB globals, 20 P
gc 8979 @16.204s 7%: 0.043+0.39+0.10 ms clock, 0.86+0.35/0.62/0.048+2.0 ms cpu, 4->4->2 MB, 4 MB goal, 0 MB stacks, 0 MB globals, 20 P
gc 8980 @16.205s 7%: 0.072+0.62+0.063 ms clock, 1.4+0.29/0.65/0.021+1.2 ms cpu, 4->5->2 MB, 5 MB goal, 0 MB stacks, 0 MB globals, 20 P
gc 8981 @16.207s 7%: 0.047+0.42+0.078 ms clock, 0.94+0.33/0.55/0.070+1.5 ms cpu, 4->5->2 MB, 5 MB goal, 0 MB stacks, 0 MB globals, 20 P
gc 8982 @16.208s 7%: 0.095+0.35+0.068 ms clock, 1.9+0.38/0.61/0.038+1.3 ms cpu, 4->4->2 MB, 4 MB goal, 0 MB stacks, 0 MB globals, 20 P
gc 8983 @16.209s 7%: 0.099+0.42+0.043 ms clock, 1.9+0.37/0.54/0.049+0.86 ms cpu, 4->5->2 MB, 4 MB goal, 0 MB stacks, 0 MB globals, 20 P
gc 8984 @16.211s 7%: 0.080+0.43+0.086 ms clock, 1.6+0.40/0.51/0.005+1.7 ms cpu, 4->5->2 MB, 5 MB goal, 0 MB stacks, 0 MB globals, 20 P
gc 8985 @16.212s 7%: 0.068+0.36+0.077 ms clock, 1.3+0.43/0.64/0+1.5 ms cpu, 4->5->2 MB, 5 MB goal, 0 MB stacks, 0 MB globals, 20 P
gc 8986 @16.213s 7%: 0.073+0.46+0.061 ms clock, 1.4+0.38/0.63/0.020+1.2 ms cpu, 4->5->2 MB, 5 MB goal, 0 MB stacks, 0 MB globals, 20 P
gc 8987 @16.215s 7%: 0.066+0.26+0.065 ms clock, 1.3+0.25/0.69/0.004+1.3 ms cpu, 4->4->2 MB, 5 MB goal, 0 MB stacks, 0 MB globals, 20 P
gc 8988 @16.216s 7%: 0.038+0.43+0.043 ms clock, 0.77+0.078/0.68/0.053+0.86 ms cpu, 3->4->2 MB, 4 MB goal, 0 MB stacks, 0 MB globals, 20 P
gc 8989 @16.217s 7%: 0.083+0.41+0.10 ms clock, 1.6+0.32/0.55/0.030+2.0 ms cpu, 4->4->2 MB, 4 MB goal, 0 MB stacks, 0 MB globals, 20 P
gc 8990 @16.218s 7%: 0.052+0.39+0.053 ms clock, 1.0+0.16/0.64/0.020+1.0 ms cpu, 4->4->2 MB, 4 MB goal, 0 MB stacks, 0 MB globals, 20 P
gc 8991 @16.219s 7%: 0.030+0.40+0.043 ms clock, 0.60+0.15/0.64/0.14+0.87 ms cpu, 4->5->2 MB, 4 MB goal, 0 MB stacks, 0 MB globals, 20 P
gc 8992 @16.220s 7%: 0.063+0.27+0.058 ms clock, 1.2+0.31/0.58/0+1.1 ms cpu, 4->4->2 MB, 4 MB goal, 0 MB stacks, 0 MB globals, 20 P
gc 8993 @16.222s 7%: 0.087+0.56+0.020 ms clock, 1.7+0.27/0.61/0.003+0.41 ms cpu, 3->5->2 MB, 4 MB goal, 0 MB stacks, 0 MB globals, 20 P
gc 8994 @16.223s 7%: 0.089+0.40+0.059 ms clock, 1.7+0.27/0.73/0.018+1.1 ms cpu, 4->5->2 MB, 5 MB goal, 0 MB stacks, 0 MB globals, 20 P
gc 8995 @16.224s 7%: 0.094+0.61+0.066 ms clock, 1.8+0.21/0.97/0+1.3 ms cpu, 4->5->2 MB, 5 MB goal, 0 MB stacks, 0 MB globals, 20 P
gc 8996 @16.226s 7%: 0.069+0.38+0.077 ms clock, 1.3+0.18/0.63/0+1.5 ms cpu, 4->5->2 MB, 5 MB goal, 0 MB stacks, 0 MB globals, 20 P
gc 8997 @16.227s 7%: 0.079+0.29+0.11 ms clock, 1.5+0.20/0.63/0.003+2.2 ms cpu, 3->4->2 MB, 4 MB goal, 0 MB stacks, 0 MB globals, 20 P
gc 8998 @16.228s 7%: 0.065+0.55+0.073 ms clock, 1.3+0.38/0.61/0.022+1.4 ms cpu, 3->4->2 MB, 4 MB goal, 0 MB stacks, 0 MB globals, 20 P
gc 8999 @16.230s 7%: 0.017+0.37+0.078 ms clock, 0.35+0.063/0.65/0.14+1.5 ms cpu, 4->5->2 MB, 5 MB goal, 0 MB stacks, 0 MB globals, 20 P
gc 9000 @16.231s 7%: 0.063+0.55+0.064 ms clock, 1.2+0.32/0.60/0.011+1.2 ms cpu, 3->4->2 MB, 4 MB goal, 0 MB stacks, 0 MB globals, 20 P
gc 9001 @16.233s 7%: 0.080+0.45+0.076 ms clock, 1.6+0.34/0.64/0.054+1.5 ms cpu, 4->5->2 MB, 5 MB goal, 0 MB stacks, 0 MB globals, 20 P
gc 9002 @16.234s 7%: 0.082+0.39+0.037 ms clock, 1.6+0.25/0.64/0+0.75 ms cpu, 4->5->2 MB, 5 MB goal, 0 MB stacks, 0 MB globals, 20 P
gc 9003 @16.236s 7%: 0.079+0.53+0.008 ms clock, 1.5+0.28/0.63/0.022+0.17 ms cpu, 4->5->2 MB, 4 MB goal, 0 MB stacks, 0 MB globals, 20 P
gc 9004 @16.237s 7%: 0.057+0.53+0.039 ms clock, 1.1+0.25/0.61/0.001+0.78 ms cpu, 4->5->2 MB, 5 MB goal, 0 MB stacks, 0 MB globals, 20 P
gc 9005 @16.239s 7%: 0.081+0.28+0.048 ms clock, 1.6+0.30/0.62/0+0.96 ms cpu, 4->4->2 MB, 5 MB goal, 0 MB stacks, 0 MB globals, 20 P
gc 9006 @16.240s 7%: 0.060+0.42+0.067 ms clock, 1.2+0.29/0.67/0.035+1.3 ms cpu, 4->5->2 MB, 4 MB goal, 0 MB stacks, 0 MB globals, 20 P
gc 9007 @16.241s 7%: 0.095+0.37+0.073 ms clock, 1.9+0.27/0.60/0+1.4 ms cpu, 4->5->2 MB, 5 MB goal, 0 MB stacks, 0 MB globals, 20 P
gc 9008 @16.243s 7%: 0.047+0.33+0.053 ms clock, 0.94+0.20/0.57/0.050+1.0 ms cpu, 4->4->2 MB, 4 MB goal, 0 MB stacks, 0 MB globals, 20 P
gc 9009 @16.244s 7%: 0.076+0.76+0.024 ms clock, 1.5+0.29/0.69/0.042+0.49 ms cpu, 4->5->2 MB, 4 MB goal, 0 MB stacks, 0 MB globals, 20 P
gc 9010 @16.246s 7%: 0.078+0.36+0.041 ms clock, 1.5+0.27/0.58/0.089+0.82 ms cpu, 4->5->2 MB, 5 MB goal, 0 MB stacks, 0 MB globals, 20 P
gc 9011 @16.247s 7%: 0.055+0.51+0.071 ms clock, 1.1+0.26/0.64/0.13+1.4 ms cpu, 4->5->2 MB, 4 MB goal, 0 MB stacks, 0 MB globals, 20 P
gc 9012 @16.248s 7%: 0.074+0.34+0.070 ms clock, 1.4+0.34/0.56/0.021+1.4 ms cpu, 4->5->2 MB, 5 MB goal, 0 MB stacks, 0 MB globals, 20 P
gc 9013 @16.249s 7%: 0.051+0.36+0.074 ms clock, 1.0+0.27/0.52/0.073+1.4 ms cpu, 4->5->2 MB, 4 MB goal, 0 MB stacks, 0 MB globals, 20 P
gc 9014 @16.251s 7%: 0.047+0.39+0.072 ms clock, 0.95+0.36/0.59/0.016+1.4 ms cpu, 4->4->2 MB, 5 MB goal, 0 MB stacks, 0 MB globals, 20 P
gc 9015 @16.252s 7%: 0.060+0.63+0.037 ms clock, 1.2+0.25/0.70/0.046+0.75 ms cpu, 4->5->2 MB, 4 MB goal, 0 MB stacks, 0 MB globals, 20 P
gc 9016 @16.254s 7%: 0.070+0.41+0.10 ms clock, 1.4+0.31/0.59/0.027+2.0 ms cpu, 4->5->2 MB, 5 MB goal, 0 MB stacks, 0 MB globals, 20 P
gc 9017 @16.255s 7%: 0.049+0.29+0.068 ms clock, 0.99+0.42/0.53/0.043+1.3 ms cpu, 4->4->2 MB, 5 MB goal, 0 MB stacks, 0 MB globals, 20 P
gc 9018 @16.256s 7%: 0.078+0.30+0.070 ms clock, 1.5+0.33/0.57/0.057+1.4 ms cpu, 3->4->2 MB, 4 MB goal, 0 MB stacks, 0 MB globals, 20 P
gc 9019 @16.257s 7%: 0.057+0.35+0.052 ms clock, 1.1+0.23/0.59/0.027+1.0 ms cpu, 4->4->2 MB, 4 MB goal, 0 MB stacks, 0 MB globals, 20 P
gc 9020 @16.258s 7%: 0.059+0.54+0.052 ms clock, 1.1+0.36/0.69/0.065+1.0 ms cpu, 4->5->2 MB, 4 MB goal, 0 MB stacks, 0 MB globals, 20 P
gc 9021 @16.260s 7%: 0.061+0.35+0.037 ms clock, 1.2+0.21/0.65/0.038+0.75 ms cpu, 4->5->2 MB, 5 MB goal, 0 MB stacks, 0 MB globals, 20 P
gc 9022 @16.261s 7%: 0.078+0.23+0.044 ms clock, 1.5+0.28/0.61/0.008+0.89 ms cpu, 3->4->2 MB, 4 MB goal, 0 MB stacks, 0 MB globals, 20 P
gc 9023 @16.262s 7%: 0.080+0.35+0.12 ms clock, 1.6+0.24/0.67/0.044+2.5 ms cpu, 3->4->2 MB, 4 MB goal, 0 MB stacks, 0 MB globals, 20 P
gc 9024 @16.263s 7%: 0.019+0.41+0.025 ms clock, 0.39+0.30/0.74/0.006+0.50 ms cpu, 4->4->2 MB, 4 MB goal, 0 MB stacks, 0 MB globals, 20 P
gc 9025 @16.264s 7%: 0.067+0.38+0.048 ms clock, 1.3+0.31/0.64/0.008+0.97 ms cpu, 4->4->2 MB, 4 MB goal, 0 MB stacks, 0 MB globals, 20 P
gc 9026 @16.265s 7%: 0.037+0.29+0.059 ms clock, 0.75+0.21/0.61/0+1.1 ms cpu, 4->4->2 MB, 4 MB goal, 0 MB stacks, 0 MB globals, 20 P
gc 9027 @16.267s 7%: 0.062+0.25+0.019 ms clock, 1.2+0.25/0.57/0+0.39 ms cpu, 3->4->2 MB, 4 MB goal, 0 MB stacks, 0 MB globals, 20 P
gc 9028 @16.268s 7%: 0.061+0.38+0.036 ms clock, 1.2+0.17/0.66/0.036+0.72 ms cpu, 3->4->2 MB, 4 MB goal, 0 MB stacks, 0 MB globals, 20 P
gc 9029 @16.269s 7%: 0.070+0.43+0.047 ms clock, 1.4+0.35/0.53/0.090+0.94 ms cpu, 3->4->2 MB, 4 MB goal, 0 MB stacks, 0 MB globals, 20 P
gc 9030 @16.270s 7%: 0.060+0.25+0.034 ms clock, 1.2+0.15/0.63/0+0.69 ms cpu, 4->4->1 MB, 4 MB goal, 0 MB stacks, 0 MB globals, 20 P
gc 9031 @16.272s 7%: 0.055+0.32+0.065 ms clock, 1.1+0.26/0.67/0.054+1.3 ms cpu, 3->4->2 MB, 4 MB goal, 0 MB stacks, 0 MB globals, 20 P
gc 9032 @16.273s 7%: 0.037+0.23+0.051 ms clock, 0.75+0.23/0.58/0.11+1.0 ms cpu, 3->4->1 MB, 4 MB goal, 0 MB stacks, 0 MB globals, 20 P
gc 9033 @16.274s 7%: 0.074+0.41+0.047 ms clock, 1.4+0.27/0.74/0+0.94 ms cpu, 3->4->2 MB, 4 MB goal, 0 MB stacks, 0 MB globals, 20 P
gc 9034 @16.275s 7%: 0.080+0.42+0.047 ms clock, 1.6+0.34/0.62/0.064+0.95 ms cpu, 4->4->2 MB, 4 MB goal, 0 MB stacks, 0 MB globals, 20 P
gc 9035 @16.276s 7%: 0.059+0.26+0.004 ms clock, 1.1+0.31/0.67/0.040+0.082 ms cpu, 4->4->1 MB, 5 MB goal, 0 MB stacks, 0 MB globals, 20 P
gc 9036 @16.277s 7%: 0.065+0.43+0.067 ms clock, 1.3+0.27/0.67/0.003+1.3 ms cpu, 3->4->2 MB, 4 MB goal, 0 MB stacks, 0 MB globals, 20 P
gc 9037 @16.279s 7%: 0.083+0.42+0.057 ms clock, 1.6+0.21/0.63/0.002+1.1 ms cpu, 3->4->2 MB, 4 MB goal, 0 MB stacks, 0 MB globals, 20 P
gc 9038 @16.280s 7%: 0.080+0.37+0.075 ms clock, 1.6+0.36/0.65/0.006+1.5 ms cpu, 4->4->2 MB, 4 MB goal, 0 MB stacks, 0 MB globals, 20 P
gc 9039 @16.281s 7%: 0.020+0.41+0.018 ms clock, 0.41+0.065/0.63/0.18+0.37 ms cpu, 4->4->2 MB, 4 MB goal, 0 MB stacks, 0 MB globals, 20 P
gc 9040 @16.282s 7%: 0.054+0.43+0.069 ms clock, 1.0+0.26/0.62/0.013+1.3 ms cpu, 3->4->2 MB, 4 MB goal, 0 MB stacks, 0 MB globals, 20 P
gc 9041 @16.284s 7%: 0.061+0.41+0.062 ms clock, 1.2+0.29/0.65/0.051+1.2 ms cpu, 4->4->2 MB, 4 MB goal, 0 MB stacks, 0 MB globals, 20 P
gc 9042 @16.285s 7%: 0.063+0.44+0.079 ms clock, 1.2+0.45/0.57/0.030+1.5 ms cpu, 4->5->2 MB, 4 MB goal, 0 MB stacks, 0 MB globals, 20 P
gc 9043 @16.287s 7%: 0.071+1.0+0.031 ms clock, 1.4+0.40/0.76/0.005+0.63 ms cpu, 4->5->2 MB, 5 MB goal, 0 MB stacks, 0 MB globals, 20 P
gc 9044 @16.289s 7%: 0.069+0.56+0.046 ms clock, 1.3+0.39/0.70/0+0.92 ms cpu, 4->6->2 MB, 5 MB goal, 0 MB stacks, 0 MB globals, 20 P
gc 9045 @16.290s 7%: 0.069+0.26+0.060 ms clock, 1.3+0.26/0.62/0+1.2 ms cpu, 4->5->2 MB, 5 MB goal, 0 MB stacks, 0 MB globals, 20 P
gc 9046 @16.291s 7%: 0.077+0.46+0.069 ms clock, 1.5+0.35/0.69/0+1.3 ms cpu, 3->4->2 MB, 4 MB goal, 0 MB stacks, 0 MB globals, 20 P
gc 9047 @16.292s 7%: 0.089+0.44+0.082 ms clock, 1.7+0.23/0.63/0.043+1.6 ms cpu, 4->5->2 MB, 5 MB goal, 0 MB stacks, 0 MB globals, 20 P
gc 9048 @16.293s 7%: 0.092+0.44+0.087 ms clock, 1.8+0.29/0.61/0.032+1.7 ms cpu, 4->5->2 MB, 5 MB goal, 0 MB stacks, 0 MB globals, 20 P
gc 9049 @16.295s 7%: 0.086+0.56+0.046 ms clock, 1.7+0.29/0.71/0+0.92 ms cpu, 4->5->2 MB, 5 MB goal, 0 MB stacks, 0 MB globals, 20 P
gc 9050 @16.297s 7%: 0.052+0.38+0.051 ms clock, 1.0+0.31/0.62/0.002+1.0 ms cpu, 4->5->2 MB, 5 MB goal, 0 MB stacks, 0 MB globals, 20 P
gc 9051 @16.298s 7%: 0.046+0.42+0.016 ms clock, 0.93+0.28/0.68/0+0.33 ms cpu, 4->5->2 MB, 5 MB goal, 0 MB stacks, 0 MB globals, 20 P
gc 9052 @16.299s 7%: 0.088+0.42+0.041 ms clock, 1.7+0.40/0.79/0+0.83 ms cpu, 4->4->2 MB, 4 MB goal, 0 MB stacks, 0 MB globals, 20 P
gc 9053 @16.301s 7%: 0.061+0.36+0.066 ms clock, 1.2+0.30/0.59/0.023+1.3 ms cpu, 4->5->2 MB, 5 MB goal, 0 MB stacks, 0 MB globals, 20 P
gc 9054 @16.302s 7%: 0.069+1.1+0.017 ms clock, 1.3+0.21/0.64/0.007+0.35 ms cpu, 3->5->2 MB, 4 MB goal, 0 MB stacks, 0 MB globals, 20 P
gc 9055 @16.304s 7%: 0.065+0.48+0.057 ms clock, 1.3+0.33/0.65/0.021+1.1 ms cpu, 5->5->2 MB, 6 MB goal, 0 MB stacks, 0 MB globals, 20 P
gc 9056 @16.306s 7%: 0.069+0.33+0.077 ms clock, 1.3+0.36/0.60/0+1.5 ms cpu, 4->4->2 MB, 5 MB goal, 0 MB stacks, 0 MB globals, 20 P
gc 9057 @16.307s 7%: 0.044+0.35+0.087 ms clock, 0.88+0.27/0.71/0+1.7 ms cpu, 3->4->2 MB, 4 MB goal, 0 MB stacks, 0 MB globals, 20 P
gc 9058 @16.309s 7%: 0.073+0.48+0.077 ms clock, 1.4+0.28/0.56/0.14+1.5 ms cpu, 4->4->2 MB, 4 MB goal, 0 MB stacks, 0 MB globals, 20 P
gc 9059 @16.310s 7%: 0.092+0.48+0.059 ms clock, 1.8+0.20/0.69/0+1.1 ms cpu, 4->5->2 MB, 4 MB goal, 0 MB stacks, 0 MB globals, 20 P
gc 9060 @16.312s 7%: 0.057+0.31+0.062 ms clock, 1.1+0.37/0.53/0+1.2 ms cpu, 4->5->2 MB, 5 MB goal, 0 MB stacks, 0 MB globals, 20 P
gc 9061 @16.312s 7%: 0.10+0.26+0.056 ms clock, 2.1+0.42/0.58/0+1.1 ms cpu, 3->4->2 MB, 4 MB goal, 0 MB stacks, 0 MB globals, 20 P
gc 9062 @16.314s 7%: 0.088+0.36+0.059 ms clock, 1.7+0.45/0.53/0.072+1.1 ms cpu, 3->4->2 MB, 4 MB goal, 0 MB stacks, 0 MB globals, 20 P
gc 9063 @16.315s 7%: 0.070+0.40+0.048 ms clock, 1.4+0.44/0.60/0.001+0.97 ms cpu, 4->4->2 MB, 5 MB goal, 0 MB stacks, 0 MB globals, 20 P
gc 9064 @16.316s 7%: 0.070+0.36+0.060 ms clock, 1.4+0.33/0.67/0.007+1.2 ms cpu, 4->5->2 MB, 5 MB goal, 0 MB stacks, 0 MB globals, 20 P
gc 9065 @16.318s 7%: 0.051+0.26+0.073 ms clock, 1.0+0.32/0.59/0.053+1.4 ms cpu, 3->4->2 MB, 4 MB goal, 0 MB stacks, 0 MB globals, 20 P
gc 9066 @16.319s 7%: 0.049+0.42+0.064 ms clock, 0.99+0.44/0.57/0.033+1.2 ms cpu, 3->4->2 MB, 4 MB goal, 0 MB stacks, 0 MB globals, 20 P
gc 9067 @16.320s 7%: 0.042+0.36+0.095 ms clock, 0.85+0.31/0.58/0.037+1.9 ms cpu, 4->4->2 MB, 4 MB goal, 0 MB stacks, 0 MB globals, 20 P
gc 9068 @16.321s 7%: 0.088+0.40+0.063 ms clock, 1.7+0.32/0.71/0+1.2 ms cpu, 3->4->2 MB, 4 MB goal, 0 MB stacks, 0 MB globals, 20 P
gc 9069 @16.322s 7%: 0.056+0.56+0.038 ms clock, 1.1+0.26/0.59/0.023+0.76 ms cpu, 4->5->2 MB, 4 MB goal, 0 MB stacks, 0 MB globals, 20 P
gc 9070 @16.324s 7%: 0.068+0.33+0.065 ms clock, 1.3+0.29/0.61/0.085+1.3 ms cpu, 4->5->2 MB, 5 MB goal, 0 MB stacks, 0 MB globals, 20 P
gc 9071 @16.325s 7%: 0.051+0.33+0.072 ms clock, 1.0+0.38/0.57/0.063+1.4 ms cpu, 4->4->2 MB, 4 MB goal, 0 MB stacks, 0 MB globals, 20 P
gc 9072 @16.326s 7%: 0.099+0.38+0.036 ms clock, 1.9+0.27/0.67/0+0.73 ms cpu, 4->4->2 MB, 4 MB goal, 0 MB stacks, 0 MB globals, 20 P
gc 9073 @16.327s 7%: 0.055+0.23+0.049 ms clock, 1.1+0.41/0.61/0.013+0.98 ms cpu, 3->4->2 MB, 4 MB goal, 0 MB stacks, 0 MB globals, 20 P
gc 9074 @16.328s 7%: 0.064+0.39+0.023 ms clock, 1.2+0.23/0.65/0+0.47 ms cpu, 3->4->2 MB, 4 MB goal, 0 MB stacks, 0 MB globals, 20 P
gc 9075 @16.329s 7%: 0.071+0.46+0.054 ms clock, 1.4+0.35/0.64/0.014+1.0 ms cpu, 3->4->2 MB, 4 MB goal, 0 MB stacks, 0 MB globals, 20 P
gc 9076 @16.331s 7%: 0.077+0.44+0.068 ms clock, 1.5+0.48/0.59/0.048+1.3 ms cpu, 4->4->2 MB, 5 MB goal, 0 MB stacks, 0 MB globals, 20 P
gc 9077 @16.332s 7%: 0.060+0.43+0.060 ms clock, 1.2+0.27/0.62/0.007+1.2 ms cpu, 4->4->2 MB, 4 MB goal, 0 MB stacks, 0 MB globals, 20 P
gc 9078 @16.334s 7%: 0.060+0.37+0.078 ms clock, 1.2+0.19/0.66/0.004+1.5 ms cpu, 4->4->2 MB, 4 MB goal, 0 MB stacks, 0 MB globals, 20 P
gc 9079 @16.335s 7%: 0.075+0.36+0.033 ms clock, 1.5+0.37/0.65/0.048+0.67 ms cpu, 3->4->2 MB, 4 MB goal, 0 MB stacks, 0 MB globals, 20 P
gc 9080 @16.337s 7%: 0.089+0.39+0.048 ms clock, 1.7+0.33/0.62/0.036+0.96 ms cpu, 3->5->2 MB, 4 MB goal, 0 MB stacks, 0 MB globals, 20 P
gc 9081 @16.338s 7%: 0.066+0.35+0.061 ms clock, 1.3+0.30/0.56/0+1.2 ms cpu, 4->5->2 MB, 5 MB goal, 0 MB stacks, 0 MB globals, 20 P
gc 9082 @16.340s 7%: 0.074+0.45+0.059 ms clock, 1.4+0.31/0.63/0.035+1.1 ms cpu, 4->4->2 MB, 4 MB goal, 0 MB stacks, 0 MB globals, 20 P
gc 9083 @16.341s 7%: 0.075+0.31+0.095 ms clock, 1.5+0.30/0.67/0+1.9 ms cpu, 4->5->2 MB, 5 MB goal, 0 MB stacks, 0 MB globals, 20 P
gc 9084 @16.342s 7%: 0.076+0.59+0.050 ms clock, 1.5+0.40/0.68/0+1.0 ms cpu, 4->5->2 MB, 4 MB goal, 0 MB stacks, 0 MB globals, 20 P
gc 9085 @16.344s 7%: 0.093+0.35+0.11 ms clock, 1.8+0.32/0.71/0+2.3 ms cpu, 4->5->2 MB, 5 MB goal, 0 MB stacks, 0 MB globals, 20 P
gc 9086 @16.345s 7%: 0.036+0.56+0.095 ms clock, 0.73+0.33/0.52/0.077+1.9 ms cpu, 4->5->2 MB, 5 MB goal, 0 MB stacks, 0 MB globals, 20 P
gc 9087 @16.347s 7%: 0.052+0.30+0.067 ms clock, 1.0+0.32/0.60/0.026+1.3 ms cpu, 4->5->2 MB, 5 MB goal, 0 MB stacks, 0 MB globals, 20 P
gc 9088 @16.348s 7%: 0.074+0.42+0.069 ms clock, 1.4+0.28/0.64/0.020+1.3 ms cpu, 3->4->2 MB, 4 MB goal, 0 MB stacks, 0 MB globals, 20 P
gc 9089 @16.349s 7%: 0.070+0.34+0.079 ms clock, 1.4+0.28/0.71/0.012+1.5 ms cpu, 4->5->2 MB, 4 MB goal, 0 MB stacks, 0 MB globals, 20 P
gc 9090 @16.350s 7%: 0.071+0.52+0.075 ms clock, 1.4+0.37/0.69/0.009+1.5 ms cpu, 4->5->2 MB, 4 MB goal, 0 MB stacks, 0 MB globals, 20 P
gc 9091 @16.351s 7%: 0.049+0.57+0.064 ms clock, 0.99+0.15/0.81/0.003+1.2 ms cpu, 4->5->2 MB, 5 MB goal, 0 MB stacks, 0 MB globals, 20 P
gc 9092 @16.353s 7%: 0.064+0.37+0.075 ms clock, 1.2+0.35/0.66/0+1.5 ms cpu, 4->5->2 MB, 5 MB goal, 0 MB stacks, 0 MB globals, 20 P
gc 9093 @16.354s 7%: 0.067+0.34+0.038 ms clock, 1.3+0.26/0.65/0.001+0.77 ms cpu, 3->4->2 MB, 4 MB goal, 0 MB stacks, 0 MB globals, 20 P
gc 9094 @16.355s 7%: 0.067+0.39+0.040 ms clock, 1.3+0.28/0.73/0+0.80 ms cpu, 3->4->2 MB, 4 MB goal, 0 MB stacks, 0 MB globals, 20 P
gc 9095 @16.356s 7%: 0.071+0.38+0.014 ms clock, 1.4+0.42/0.67/0.001+0.29 ms cpu, 4->4->2 MB, 4 MB goal, 0 MB stacks, 0 MB globals, 20 P
gc 9096 @16.358s 7%: 0.043+0.37+0.079 ms clock, 0.87+0.25/0.61/0+1.5 ms cpu, 4->4->2 MB, 4 MB goal, 0 MB stacks, 0 MB globals, 20 P
gc 9097 @16.359s 7%: 0.048+0.38+0.048 ms clock, 0.96+0.36/0.60/0+0.97 ms cpu, 4->4->2 MB, 4 MB goal, 0 MB stacks, 0 MB globals, 20 P
gc 9098 @16.360s 7%: 0.082+0.28+0.062 ms clock, 1.6+0.46/0.55/0+1.2 ms cpu, 4->4->2 MB, 4 MB goal, 0 MB stacks, 0 MB globals, 20 P
gc 9099 @16.361s 7%: 0.067+0.39+0.10 ms clock, 1.3+0.50/0.62/0+2.0 ms cpu, 3->4->2 MB, 4 MB goal, 0 MB stacks, 0 MB globals, 20 P
gc 9100 @16.362s 7%: 0.070+0.34+0.075 ms clock, 1.4+0.29/0.70/0.041+1.5 ms cpu, 4->5->2 MB, 5 MB goal, 0 MB stacks, 0 MB globals, 20 P
gc 9101 @16.363s 7%: 0.069+0.33+0.081 ms clock, 1.3+0.30/0.57/0+1.6 ms cpu, 4->4->2 MB, 4 MB goal, 0 MB stacks, 0 MB globals, 20 P
gc 9102 @16.364s 7%: 0.073+0.39+0.017 ms clock, 1.4+0.24/0.63/0.037+0.34 ms cpu, 4->4->2 MB, 5 MB goal, 0 MB stacks, 0 MB globals, 20 P
gc 9103 @16.366s 7%: 0.072+0.39+0.063 ms clock, 1.4+0.33/0.57/0.001+1.2 ms cpu, 3->4->2 MB, 4 MB goal, 0 MB stacks, 0 MB globals, 20 P
gc 9104 @16.367s 7%: 0.063+0.43+0.072 ms clock, 1.2+0.40/0.63/0.090+1.4 ms cpu, 4->5->2 MB, 5 MB goal, 0 MB stacks, 0 MB globals, 20 P
gc 9105 @16.369s 7%: 0.080+0.49+0.063 ms clock, 1.6+0.22/0.56/0.051+1.2 ms cpu, 4->5->2 MB, 5 MB goal, 0 MB stacks, 0 MB globals, 20 P
gc 9106 @16.370s 7%: 0.043+0.44+0.058 ms clock, 0.86+0.20/0.69/0.12+1.1 ms cpu, 4->5->2 MB, 5 MB goal, 0 MB stacks, 0 MB globals, 20 P
gc 9107 @16.371s 7%: 0.076+0.40+0.017 ms clock, 1.5+0.36/0.61/0.016+0.34 ms cpu, 4->5->2 MB, 5 MB goal, 0 MB stacks, 0 MB globals, 20 P
gc 9108 @16.372s 7%: 0.064+0.52+0.064 ms clock, 1.2+0.39/0.76/0+1.2 ms cpu, 4->5->2 MB, 5 MB goal, 0 MB stacks, 0 MB globals, 20 P
gc 9109 @16.374s 7%: 0.069+0.46+0.088 ms clock, 1.3+0.27/0.63/0.053+1.7 ms cpu, 4->5->2 MB, 5 MB goal, 0 MB stacks, 0 MB globals, 20 P
gc 9110 @16.375s 7%: 0.082+0.30+0.068 ms clock, 1.6+0.41/0.66/0.002+1.3 ms cpu, 4->5->2 MB, 5 MB goal, 0 MB stacks, 0 MB globals, 20 P
gc 9111 @16.376s 7%: 0.056+0.39+0.051 ms clock, 1.1+0.24/0.61/0.066+1.0 ms cpu, 3->4->2 MB, 4 MB goal, 0 MB stacks, 0 MB globals, 20 P
gc 9112 @16.377s 7%: 0.080+0.23+0.060 ms clock, 1.6+0.34/0.55/0+1.2 ms cpu, 4->4->2 MB, 5 MB goal, 0 MB stacks, 0 MB globals, 20 P
gc 9113 @16.378s 7%: 0.077+0.67+0.033 ms clock, 1.5+0.35/0.69/0.025+0.66 ms cpu, 4->5->2 MB, 4 MB goal, 0 MB stacks, 0 MB globals, 20 P
gc 9114 @16.380s 7%: 0.072+0.36+0.031 ms clock, 1.4+0.36/0.54/0+0.62 ms cpu, 4->5->2 MB, 5 MB goal, 0 MB stacks, 0 MB globals, 20 P
gc 9115 @16.381s 7%: 0.072+0.24+0.048 ms clock, 1.4+0.26/0.59/0.007+0.96 ms cpu, 4->5->2 MB, 5 MB goal, 0 MB stacks, 0 MB globals, 20 P
gc 9116 @16.382s 7%: 0.065+0.45+0.067 ms clock, 1.3+0.56/0.71/0+1.3 ms cpu, 4->4->2 MB, 4 MB goal, 0 MB stacks, 0 MB globals, 20 P
gc 9117 @16.383s 7%: 0.028+0.29+0.075 ms clock, 0.57+0.34/0.59/0+1.5 ms cpu, 4->5->2 MB, 5 MB goal, 0 MB stacks, 0 MB globals, 20 P
gc 9118 @16.384s 7%: 0.066+0.42+0.021 ms clock, 1.3+0.30/0.60/0+0.43 ms cpu, 3->4->2 MB, 4 MB goal, 0 MB stacks, 0 MB globals, 20 P
gc 9119 @16.386s 7%: 0.048+0.25+0.040 ms clock, 0.97+0.42/0.58/0+0.81 ms cpu, 4->5->2 MB, 5 MB goal, 0 MB stacks, 0 MB globals, 20 P
gc 9120 @16.387s 7%: 0.069+0.43+0.033 ms clock, 1.3+0.38/0.68/0+0.67 ms cpu, 3->4->2 MB, 4 MB goal, 0 MB stacks, 0 MB globals, 20 P
gc 9121 @16.388s 7%: 0.055+0.39+0.077 ms clock, 1.1+0.40/0.61/0.067+1.5 ms cpu, 4->5->2 MB, 5 MB goal, 0 MB stacks, 0 MB globals, 20 P
gc 9122 @16.389s 7%: 0.024+0.33+0.069 ms clock, 0.49+0.29/0.66/0.010+1.3 ms cpu, 4->4->2 MB, 4 MB goal, 0 MB stacks, 0 MB globals, 20 P
gc 9123 @16.390s 7%: 0.042+0.37+0.057 ms clock, 0.85+0.28/0.59/0.050+1.1 ms cpu, 4->4->2 MB, 4 MB goal, 0 MB stacks, 0 MB globals, 20 P
gc 9124 @16.391s 7%: 0.057+0.33+0.034 ms clock, 1.1+0.28/0.72/0.002+0.69 ms cpu, 3->4->2 MB, 4 MB goal, 0 MB stacks, 0 MB globals, 20 P
gc 9125 @16.393s 7%: 0.10+0.41+0.043 ms clock, 2.0+0.34/0.70/0.048+0.86 ms cpu, 4->5->2 MB, 5 MB goal, 0 MB stacks, 0 MB globals, 20 P
gc 9126 @16.394s 7%: 0.054+0.29+0.066 ms clock, 1.0+0.27/0.63/0.023+1.3 ms cpu, 4->5->2 MB, 5 MB goal, 0 MB stacks, 0 MB globals, 20 P
gc 9127 @16.395s 7%: 0.082+0.43+0.046 ms clock, 1.6+0.43/0.72/0.002+0.93 ms cpu, 3->4->2 MB, 4 MB goal, 0 MB stacks, 0 MB globals, 20 P
gc 9128 @16.397s 7%: 0.062+0.44+0.060 ms clock, 1.2+0.34/0.73/0.017+1.2 ms cpu, 4->5->2 MB, 4 MB goal, 0 MB stacks, 0 MB globals, 20 P
gc 9129 @16.398s 7%: 0.062+0.25+0.082 ms clock, 1.2+0.25/0.65/0.084+1.6 ms cpu, 4->5->2 MB, 5 MB goal, 0 MB stacks, 0 MB globals, 20 P
gc 9130 @16.399s 7%: 0.084+0.45+0.044 ms clock, 1.6+0.35/0.73/0.018+0.88 ms cpu, 4->5->2 MB, 4 MB goal, 0 MB stacks, 0 MB globals, 20 P
gc 9131 @16.401s 7%: 0.057+0.31+0.076 ms clock, 1.1+0.23/0.63/0.050+1.5 ms cpu, 4->5->2 MB, 5 MB goal, 0 MB stacks, 0 MB globals, 20 P
gc 9132 @16.402s 7%: 0.062+0.24+0.064 ms clock, 1.2+0.32/0.58/0.025+1.2 ms cpu, 4->4->2 MB, 4 MB goal, 0 MB stacks, 0 MB globals, 20 P
gc 9133 @16.403s 7%: 0.075+0.49+0.014 ms clock, 1.5+0.41/0.62/0.011+0.29 ms cpu, 3->5->2 MB, 4 MB goal, 0 MB stacks, 0 MB globals, 20 P
gc 9134 @16.404s 7%: 0.077+0.37+0.029 ms clock, 1.5+0.33/0.65/0.036+0.59 ms cpu, 4->5->2 MB, 5 MB goal, 0 MB stacks, 0 MB globals, 20 P
gc 9135 @16.406s 7%: 0.062+0.38+0.061 ms clock, 1.2+0.25/0.66/0+1.2 ms cpu, 4->5->2 MB, 5 MB goal, 0 MB stacks, 0 MB globals, 20 P
gc 9136 @16.407s 7%: 0.066+0.28+0.053 ms clock, 1.3+0.25/0.69/0+1.0 ms cpu, 4->5->2 MB, 5 MB goal, 0 MB stacks, 0 MB globals, 20 P
gc 9137 @16.408s 7%: 0.071+0.45+0.068 ms clock, 1.4+0.30/0.69/0.016+1.3 ms cpu, 4->4->2 MB, 4 MB goal, 0 MB stacks, 0 MB globals, 20 P
gc 9138 @16.409s 7%: 0.099+0.37+0.036 ms clock, 1.9+0.27/0.59/0.014+0.73 ms cpu, 4->5->2 MB, 5 MB goal, 0 MB stacks, 0 MB globals, 20 P
gc 9139 @16.411s 7%: 0.083+0.26+0.055 ms clock, 1.6+0.26/0.67/0.049+1.1 ms cpu, 4->4->2 MB, 5 MB goal, 0 MB stacks, 0 MB globals, 20 P
gc 9140 @16.412s 7%: 0.072+0.50+0.084 ms clock, 1.4+0.46/0.60/0.001+1.6 ms cpu, 3->4->2 MB, 4 MB goal, 0 MB stacks, 0 MB globals, 20 P
gc 9141 @16.413s 7%: 0.075+0.42+0.053 ms clock, 1.5+0.37/0.56/0.068+1.0 ms cpu, 4->5->2 MB, 5 MB goal, 0 MB stacks, 0 MB globals, 20 P
gc 9142 @16.415s 7%: 0.056+0.36+0.063 ms clock, 1.1+0.32/0.68/0+1.2 ms cpu, 4->5->2 MB, 5 MB goal, 0 MB stacks, 0 MB globals, 20 P
gc 9143 @16.416s 7%: 0.086+0.44+0.072 ms clock, 1.7+0.32/0.66/0+1.4 ms cpu, 4->5->2 MB, 5 MB goal, 0 MB stacks, 0 MB globals, 20 P
gc 9144 @16.417s 7%: 0.028+0.32+0.031 ms clock, 0.57+0.27/0.56/0+0.62 ms cpu, 4->5->2 MB, 5 MB goal, 0 MB stacks, 0 MB globals, 20 P
gc 9145 @16.418s 7%: 0.075+0.37+0.050 ms clock, 1.5+0.31/0.64/0+1.0 ms cpu, 3->4->2 MB, 4 MB goal, 0 MB stacks, 0 MB globals, 20 P
gc 9146 @16.420s 7%: 0.069+0.45+0.062 ms clock, 1.3+0.39/0.59/0.002+1.2 ms cpu, 4->5->2 MB, 5 MB goal, 0 MB stacks, 0 MB globals, 20 P
gc 9147 @16.421s 7%: 0.086+0.25+0.058 ms clock, 1.7+0.36/0.55/0.024+1.1 ms cpu, 4->5->2 MB, 5 MB goal, 0 MB stacks, 0 MB globals, 20 P
gc 9148 @16.423s 7%: 0.095+0.37+0.027 ms clock, 1.9+0.23/0.62/0.050+0.55 ms cpu, 3->4->2 MB, 4 MB goal, 0 MB stacks, 0 MB globals, 20 P
gc 9149 @16.424s 7%: 0.061+0.54+0.066 ms clock, 1.2+0.24/0.64/0.008+1.3 ms cpu, 4->5->2 MB, 4 MB goal, 0 MB stacks, 0 MB globals, 20 P
gc 9150 @16.425s 7%: 0.084+0.48+0.045 ms clock, 1.6+0.37/0.61/0.047+0.90 ms cpu, 4->5->2 MB, 5 MB goal, 0 MB stacks, 0 MB globals, 20 P
gc 9151 @16.427s 7%: 0.081+0.42+0.048 ms clock, 1.6+0.26/0.52/0.098+0.97 ms cpu, 4->5->2 MB, 5 MB goal, 0 MB stacks, 0 MB globals, 20 P
gc 9152 @16.428s 7%: 0.045+0.43+0.023 ms clock, 0.90+0.21/0.60/0.067+0.47 ms cpu, 4->4->2 MB, 4 MB goal, 0 MB stacks, 0 MB globals, 20 P
gc 9153 @16.429s 7%: 0.041+0.43+0.086 ms clock, 0.83+0.36/0.75/0.003+1.7 ms cpu, 4->5->2 MB, 4 MB goal, 0 MB stacks, 0 MB globals, 20 P
gc 9154 @16.430s 7%: 0.057+0.43+0.025 ms clock, 1.1+0.33/0.63/0.070+0.50 ms cpu, 4->5->2 MB, 5 MB goal, 0 MB stacks, 0 MB globals, 20 P
gc 9155 @16.432s 7%: 0.083+0.40+0.069 ms clock, 1.6+0.36/0.48/0.071+1.3 ms cpu, 4->5->2 MB, 5 MB goal, 0 MB stacks, 0 MB globals, 20 P
gc 9156 @16.433s 7%: 0.10+0.39+0.055 ms clock, 2.0+0.31/0.71/0.003+1.1 ms cpu, 4->5->2 MB, 4 MB goal, 0 MB stacks, 0 MB globals, 20 P
gc 9157 @16.434s 7%: 0.097+0.39+0.066 ms clock, 1.9+0.36/0.70/0.009+1.3 ms cpu, 4->5->2 MB, 5 MB goal, 0 MB stacks, 0 MB globals, 20 P
gc 9158 @16.435s 7%: 0.075+0.42+0.041 ms clock, 1.5+0.37/0.51/0.062+0.83 ms cpu, 4->5->2 MB, 5 MB goal, 0 MB stacks, 0 MB globals, 20 P
gc 9159 @16.436s 7%: 0.092+0.34+0.070 ms clock, 1.8+0.31/0.60/0.030+1.4 ms cpu, 4->5->2 MB, 5 MB goal, 0 MB stacks, 0 MB globals, 20 P
gc 9160 @16.438s 7%: 0.056+0.38+0.042 ms clock, 1.1+0.23/0.61/0+0.84 ms cpu, 4->5->2 MB, 4 MB goal, 0 MB stacks, 0 MB globals, 20 P
gc 9161 @16.439s 7%: 0.075+0.35+0.068 ms clock, 1.5+0.39/0.58/0.085+1.3 ms cpu, 4->5->2 MB, 5 MB goal, 0 MB stacks, 0 MB globals, 20 P
gc 9162 @16.440s 7%: 0.10+0.29+0.025 ms clock, 2.0+0.26/0.60/0+0.50 ms cpu, 4->4->2 MB, 5 MB goal, 0 MB stacks, 0 MB globals, 20 P
gc 9163 @16.441s 7%: 0.075+0.37+0.077 ms clock, 1.5+0.26/0.60/0+1.5 ms cpu, 3->4->2 MB, 4 MB goal, 0 MB stacks, 0 MB globals, 20 P
gc 9164 @16.442s 7%: 0.036+0.46+0.062 ms clock, 0.73+0.36/0.65/0.065+1.2 ms cpu, 4->5->2 MB, 5 MB goal, 0 MB stacks, 0 MB globals, 20 P
gc 9165 @16.443s 7%: 0.059+0.41+0.070 ms clock, 1.1+0.35/0.60/0.057+1.4 ms cpu, 4->5->2 MB, 5 MB goal, 0 MB stacks, 0 MB globals, 20 P
gc 9166 @16.445s 7%: 0.049+0.42+0.052 ms clock, 0.99+0.30/0.69/0.003+1.0 ms cpu, 4->5->2 MB, 5 MB goal, 0 MB stacks, 0 MB globals, 20 P
gc 9167 @16.446s 7%: 0.098+0.41+0.026 ms clock, 1.9+0.24/0.71/0+0.52 ms cpu, 4->5->2 MB, 5 MB goal, 0 MB stacks, 0 MB globals, 20 P
gc 9168 @16.448s 7%: 0.044+0.51+0.079 ms clock, 0.89+0.22/0.75/0.028+1.5 ms cpu, 4->5->2 MB, 5 MB goal, 0 MB stacks, 0 MB globals, 20 P
gc 9169 @16.449s 7%: 0.077+0.37+0.027 ms clock, 1.5+0.33/0.62/0.037+0.54 ms cpu, 4->5->2 MB, 5 MB goal, 0 MB stacks, 0 MB globals, 20 P
gc 9170 @16.451s 7%: 0.062+0.54+0.11 ms clock, 1.2+0.14/0.63/0.036+2.2 ms cpu, 4->5->2 MB, 5 MB goal, 0 MB stacks, 0 MB globals, 20 P
gc 9171 @16.453s 7%: 0.084+0.31+0.082 ms clock, 1.6+0.26/0.64/0.026+1.6 ms cpu, 4->5->2 MB, 5 MB goal, 0 MB stacks, 0 MB globals, 20 P
gc 9172 @16.454s 7%: 0.049+0.42+0.056 ms clock, 0.98+0.31/0.74/0.022+1.1 ms cpu, 4->4->2 MB, 4 MB goal, 0 MB stacks, 0 MB globals, 20 P
gc 9173 @16.455s 7%: 0.033+0.39+0.087 ms clock, 0.67+0.25/0.74/0+1.7 ms cpu, 4->5->2 MB, 4 MB goal, 0 MB stacks, 0 MB globals, 20 P
gc 9174 @16.456s 7%: 0.083+0.40+0.043 ms clock, 1.6+0.27/0.57/0.029+0.87 ms cpu, 4->5->2 MB, 4 MB goal, 0 MB stacks, 0 MB globals, 20 P
gc 9175 @16.458s 7%: 0.075+0.33+0.12 ms clock, 1.5+0.35/0.56/0.054+2.5 ms cpu, 4->5->2 MB, 5 MB goal, 0 MB stacks, 0 MB globals, 20 P
gc 9176 @16.459s 7%: 0.045+0.34+0.028 ms clock, 0.90+0.15/0.63/0.016+0.57 ms cpu, 4->4->2 MB, 4 MB goal, 0 MB stacks, 0 MB globals, 20 P
gc 9177 @16.460s 7%: 0.054+0.29+0.049 ms clock, 1.0+0.39/0.65/0+0.98 ms cpu, 3->4->2 MB, 4 MB goal, 0 MB stacks, 0 MB globals, 20 P
gc 9178 @16.462s 7%: 0.087+0.33+0.10 ms clock, 1.7+0.34/0.59/0.044+2.0 ms cpu, 4->5->2 MB, 4 MB goal, 0 MB stacks, 0 MB globals, 20 P
gc 9179 @16.463s 7%: 0.082+0.30+0.021 ms clock, 1.6+0.22/0.62/0.002+0.42 ms cpu, 4->5->2 MB, 5 MB goal, 0 MB stacks, 0 MB globals, 20 P
gc 9180 @16.464s 7%: 0.071+0.27+0.033 ms clock, 1.4+0.31/0.57/0.062+0.66 ms cpu, 4->4->2 MB, 4 MB goal, 0 MB stacks, 0 MB globals, 20 P
gc 9181 @16.465s 7%: 0.068+0.31+0.014 ms clock, 1.3+0.18/0.65/0+0.29 ms cpu, 3->4->2 MB, 4 MB goal, 0 MB stacks, 0 MB globals, 20 P
gc 9182 @16.466s 7%: 0.091+0.41+0.041 ms clock, 1.8+0.30/0.55/0.072+0.82 ms cpu, 3->5->2 MB, 4 MB goal, 0 MB stacks, 0 MB globals, 20 P
gc 9183 @16.467s 7%: 0.061+0.39+0.015 ms clock, 1.2+0.19/0.76/0.023+0.31 ms cpu, 4->5->2 MB, 5 MB goal, 0 MB stacks, 0 MB globals, 20 P
gc 9184 @16.469s 7%: 0.079+0.43+0.014 ms clock, 1.5+0.35/0.53/0.011+0.29 ms cpu, 4->5->2 MB, 5 MB goal, 0 MB stacks, 0 MB globals, 20 P
gc 9185 @16.470s 7%: 0.061+0.32+0.12 ms clock, 1.2+0.29/0.58/0.013+2.5 ms cpu, 4->5->2 MB, 5 MB goal, 0 MB stacks, 0 MB globals, 20 P
gc 9186 @16.471s 7%: 0.078+0.47+0.068 ms clock, 1.5+0.28/0.59/0.027+1.3 ms cpu, 4->5->2 MB, 4 MB goal, 0 MB stacks, 0 MB globals, 20 P
gc 9187 @16.473s 7%: 0.077+0.35+0.036 ms clock, 1.5+0.24/0.57/0.046+0.72 ms cpu, 4->5->2 MB, 5 MB goal, 0 MB stacks, 0 MB globals, 20 P
gc 9188 @16.474s 7%: 0.11+0.42+0.051 ms clock, 2.3+0.23/0.67/0.053+1.0 ms cpu, 4->5->2 MB, 5 MB goal, 0 MB stacks, 0 MB globals, 20 P
gc 9189 @16.476s 7%: 0.057+0.30+0.053 ms clock, 1.1+0.24/0.61/0.001+1.0 ms cpu, 4->5->2 MB, 5 MB goal, 0 MB stacks, 0 MB globals, 20 P
gc 9190 @16.477s 7%: 0.067+0.34+0.023 ms clock, 1.3+0.32/0.56/0.029+0.47 ms cpu, 4->4->2 MB, 4 MB goal, 0 MB stacks, 0 MB globals, 20 P
gc 9191 @16.478s 7%: 0.071+0.34+0.085 ms clock, 1.4+0.44/0.66/0.026+1.7 ms cpu, 4->4->2 MB, 4 MB goal, 0 MB stacks, 0 MB globals, 20 P
gc 9192 @16.479s 7%: 0.071+0.51+0.050 ms clock, 1.4+0.22/0.63/0.036+1.0 ms cpu, 4->5->2 MB, 5 MB goal, 0 MB stacks, 0 MB globals, 20 P
gc 9193 @16.481s 7%: 0.070+0.44+0.056 ms clock, 1.4+0.26/0.72/0.007+1.1 ms cpu, 4->5->2 MB, 5 MB goal, 0 MB stacks, 0 MB globals, 20 P
gc 9194 @16.482s 7%: 0.049+0.34+0.049 ms clock, 0.99+0.29/0.57/0.040+0.99 ms cpu, 4->5->2 MB, 5 MB goal, 0 MB stacks, 0 MB globals, 20 P
gc 9195 @16.483s 7%: 0.072+0.39+0.031 ms clock, 1.4+0.36/0.56/0+0.63 ms cpu, 4->5->2 MB, 5 MB goal, 0 MB stacks, 0 MB globals, 20 P
gc 9196 @16.485s 7%: 0.082+0.30+0.075 ms clock, 1.6+0.30/0.56/0+1.5 ms cpu, 4->5->2 MB, 5 MB goal, 0 MB stacks, 0 MB globals, 20 P
gc 9197 @16.486s 7%: 0.066+0.28+0.068 ms clock, 1.3+0.26/0.66/0.034+1.3 ms cpu, 4->5->2 MB, 5 MB goal, 0 MB stacks, 0 MB globals, 20 P
gc 9198 @16.487s 7%: 0.074+0.39+0.042 ms clock, 1.4+0.28/0.72/0+0.85 ms cpu, 4->4->2 MB, 4 MB goal, 0 MB stacks, 0 MB globals, 20 P
gc 9199 @16.488s 7%: 0.064+0.25+0.10 ms clock, 1.2+0.34/0.60/0.010+2.0 ms cpu, 4->5->2 MB, 5 MB goal, 0 MB stacks, 0 MB globals, 20 P
gc 9200 @16.489s 7%: 0.067+0.45+0.029 ms clock, 1.3+0.29/0.61/0.098+0.58 ms cpu, 3->5->2 MB, 4 MB goal, 0 MB stacks, 0 MB globals, 20 P
gc 9201 @16.491s 7%: 0.069+0.42+0.051 ms clock, 1.3+0.23/0.64/0+1.0 ms cpu, 4->5->2 MB, 5 MB goal, 0 MB stacks, 0 MB globals, 20 P
gc 9202 @16.492s 7%: 0.097+0.33+0.068 ms clock, 1.9+0.39/0.52/0.071+1.3 ms cpu, 4->5->2 MB, 5 MB goal, 0 MB stacks, 0 MB globals, 20 P
gc 9203 @16.493s 7%: 0.025+0.26+0.032 ms clock, 0.51+0.33/0.62/0.033+0.65 ms cpu, 4->5->2 MB, 5 MB goal, 0 MB stacks, 0 MB globals, 20 P
gc 9204 @16.494s 7%: 0.066+0.32+0.078 ms clock, 1.3+0.31/0.70/0.002+1.5 ms cpu, 3->4->2 MB, 4 MB goal, 0 MB stacks, 0 MB globals, 20 P
gc 9205 @16.496s 7%: 0.036+0.49+0.091 ms clock, 0.72+0.38/0.66/0+1.8 ms cpu, 3->4->2 MB, 4 MB goal, 0 MB stacks, 0 MB globals, 20 P
gc 9206 @16.497s 7%: 0.062+0.37+0.069 ms clock, 1.2+0.27/0.69/0.051+1.3 ms cpu, 4->5->2 MB, 5 MB goal, 0 MB stacks, 0 MB globals, 20 P
gc 9207 @16.498s 7%: 0.083+0.41+0.035 ms clock, 1.6+0.40/0.60/0.007+0.70 ms cpu, 4->5->2 MB, 5 MB goal, 0 MB stacks, 0 MB globals, 20 P
gc 9208 @16.500s 7%: 0.075+0.72+0.013 ms clock, 1.5+0.35/0.62/0.031+0.27 ms cpu, 4->5->2 MB, 5 MB goal, 0 MB stacks, 0 MB globals, 20 P
gc 9209 @16.501s 7%: 0.047+0.38+0.075 ms clock, 0.95+0.20/0.67/0.026+1.5 ms cpu, 4->5->2 MB, 5 MB goal, 0 MB stacks, 0 MB globals, 20 P
gc 9210 @16.503s 7%: 0.10+0.39+0.025 ms clock, 2.0+0.17/0.63/0.005+0.50 ms cpu, 4->5->2 MB, 5 MB goal, 0 MB stacks, 0 MB globals, 20 P
gc 9211 @16.504s 7%: 0.073+0.27+0.043 ms clock, 1.4+0.22/0.50/0.071+0.87 ms cpu, 4->4->2 MB, 5 MB goal, 0 MB stacks, 0 MB globals, 20 P
gc 9212 @16.505s 7%: 0.058+0.54+0.017 ms clock, 1.1+0.24/0.66/0.031+0.34 ms cpu, 3->4->2 MB, 4 MB goal, 0 MB stacks, 0 MB globals, 20 P
gc 9213 @16.506s 7%: 0.078+0.38+0.014 ms clock, 1.5+0.30/0.60/0.028+0.29 ms cpu, 4->5->2 MB, 5 MB goal, 0 MB stacks, 0 MB globals, 20 P
gc 9214 @16.508s 7%: 0.070+0.50+0.053 ms clock, 1.4+0.41/0.57/0.016+1.0 ms cpu, 4->5->2 MB, 4 MB goal, 0 MB stacks, 0 MB globals, 20 P
gc 9215 @16.509s 7%: 0.093+0.39+0.051 ms clock, 1.8+0.25/0.67/0.007+1.0 ms cpu, 4->5->2 MB, 5 MB goal, 0 MB stacks, 0 MB globals, 20 P
gc 9216 @16.510s 7%: 0.092+0.56+0.027 ms clock, 1.8+0.33/0.56/0+0.54 ms cpu, 4->5->2 MB, 5 MB goal, 0 MB stacks, 0 MB globals, 20 P
gc 9217 @16.512s 7%: 0.093+0.54+0.071 ms clock, 1.8+0.52/0.73/0.018+1.4 ms cpu, 4->5->2 MB, 5 MB goal, 0 MB stacks, 0 MB globals, 20 P
gc 9218 @16.514s 7%: 0.062+0.37+0.063 ms clock, 1.2+0.29/0.63/0+1.2 ms cpu, 4->5->2 MB, 5 MB goal, 0 MB stacks, 0 MB globals, 20 P
gc 9219 @16.516s 7%: 0.043+0.27+0.060 ms clock, 0.86+0.38/0.56/0.006+1.2 ms cpu, 4->4->2 MB, 5 MB goal, 0 MB stacks, 0 MB globals, 20 P
gc 9220 @16.517s 7%: 0.067+0.33+0.071 ms clock, 1.3+0.37/0.57/0.005+1.4 ms cpu, 3->4->2 MB, 4 MB goal, 0 MB stacks, 0 MB globals, 20 P
gc 9221 @16.518s 7%: 0.097+0.34+0.057 ms clock, 1.9+0.42/0.57/0.15+1.1 ms cpu, 3->4->2 MB, 4 MB goal, 0 MB stacks, 0 MB globals, 20 P
gc 9222 @16.519s 7%: 0.086+0.33+0.055 ms clock, 1.7+0.34/0.64/0.023+1.1 ms cpu, 4->4->2 MB, 4 MB goal, 0 MB stacks, 0 MB globals, 20 P
gc 9223 @16.520s 7%: 0.049+0.25+0.068 ms clock, 0.99+0.38/0.58/0.063+1.3 ms cpu, 4->4->1 MB, 5 MB goal, 0 MB stacks, 0 MB globals, 20 P
gc 9224 @16.521s 7%: 0.086+0.28+0.058 ms clock, 1.7+0.49/0.64/0+1.1 ms cpu, 3->4->2 MB, 4 MB goal, 0 MB stacks, 0 MB globals, 20 P
gc 9225 @16.522s 7%: 0.067+0.30+0.065 ms clock, 1.3+0.27/0.61/0+1.3 ms cpu, 4->4->2 MB, 4 MB goal, 0 MB stacks, 0 MB globals, 20 P
gc 9226 @16.523s 7%: 0.056+0.38+0.076 ms clock, 1.1+0.42/0.65/0.024+1.5 ms cpu, 3->4->2 MB, 4 MB goal, 0 MB stacks, 0 MB globals, 20 P
gc 9227 @16.525s 7%: 0.058+0.48+0.041 ms clock, 1.1+0.22/0.63/0.056+0.82 ms cpu, 4->4->2 MB, 4 MB goal, 0 MB stacks, 0 MB globals, 20 P
gc 9228 @16.526s 7%: 0.053+0.34+0.057 ms clock, 1.0+0.31/0.62/0.023+1.1 ms cpu, 4->4->2 MB, 4 MB goal, 0 MB stacks, 0 MB globals, 20 P
gc 9229 @16.527s 7%: 0.079+0.47+0.067 ms clock, 1.5+0.31/0.76/0.051+1.3 ms cpu, 4->5->2 MB, 5 MB goal, 0 MB stacks, 0 MB globals, 20 P
gc 9230 @16.528s 7%: 0.062+0.27+0.072 ms clock, 1.2+0.35/0.60/0.002+1.4 ms cpu, 4->5->2 MB, 5 MB goal, 0 MB stacks, 0 MB globals, 20 P
gc 9231 @16.530s 7%: 0.098+0.33+0.065 ms clock, 1.9+0.39/0.67/0+1.3 ms cpu, 3->5->2 MB, 4 MB goal, 0 MB stacks, 0 MB globals, 20 P
gc 9232 @16.531s 7%: 0.076+0.42+0.076 ms clock, 1.5+0.30/0.64/0+1.5 ms cpu, 4->5->2 MB, 5 MB goal, 0 MB stacks, 0 MB globals, 20 P
gc 9233 @16.532s 7%: 0.097+0.24+0.033 ms clock, 1.9+0.33/0.66/0.009+0.67 ms cpu, 4->4->2 MB, 5 MB goal, 0 MB stacks, 0 MB globals, 20 P
gc 9234 @16.533s 7%: 0.058+0.41+0.047 ms clock, 1.1+0.42/0.56/0.043+0.95 ms cpu, 3->4->2 MB, 4 MB goal, 0 MB stacks, 0 MB globals, 20 P
gc 9235 @16.534s 7%: 0.033+0.36+0.027 ms clock, 0.67+0.16/0.74/0+0.54 ms cpu, 4->5->2 MB, 5 MB goal, 0 MB stacks, 0 MB globals, 20 P
gc 9236 @16.536s 7%: 0.080+0.30+0.063 ms clock, 1.6+0.28/0.56/0.020+1.2 ms cpu, 4->4->2 MB, 5 MB goal, 0 MB stacks, 0 MB globals, 20 P
gc 9237 @16.537s 7%: 0.057+0.27+0.066 ms clock, 1.1+0.31/0.62/0.039+1.3 ms cpu, 3->4->2 MB, 4 MB goal, 0 MB stacks, 0 MB globals, 20 P
gc 9238 @16.537s 7%: 0.070+0.38+0.050 ms clock, 1.4+0.28/0.56/0.049+1.0 ms cpu, 3->4->2 MB, 4 MB goal, 0 MB stacks, 0 MB globals, 20 P
gc 9239 @16.539s 7%: 0.072+0.45+0.055 ms clock, 1.4+0.25/0.67/0+1.1 ms cpu, 4->5->2 MB, 4 MB goal, 0 MB stacks, 0 MB globals, 20 P
gc 9240 @16.540s 7%: 0.043+0.44+0.068 ms clock, 0.87+0.35/0.66/0.048+1.3 ms cpu, 4->5->2 MB, 4 MB goal, 0 MB stacks, 0 MB globals, 20 P
gc 9241 @16.541s 7%: 0.080+0.40+0.050 ms clock, 1.6+0.38/0.54/0.022+1.0 ms cpu, 4->5->2 MB, 5 MB goal, 0 MB stacks, 0 MB globals, 20 P
gc 9242 @16.542s 7%: 0.041+0.59+0.026 ms clock, 0.82+0.44/0.53/0.009+0.52 ms cpu, 4->5->2 MB, 5 MB goal, 0 MB stacks, 0 MB globals, 20 P
gc 9243 @16.544s 7%: 0.078+0.46+0.024 ms clock, 1.5+0.39/0.59/0+0.48 ms cpu, 4->5->2 MB, 5 MB goal, 0 MB stacks, 0 MB globals, 20 P
gc 9244 @16.545s 7%: 0.041+0.47+0.066 ms clock, 0.82+0.35/0.73/0.005+1.3 ms cpu, 4->5->2 MB, 5 MB goal, 0 MB stacks, 0 MB globals, 20 P
gc 9245 @16.547s 7%: 0.036+0.46+0.073 ms clock, 0.72+0.36/0.55/0.025+1.4 ms cpu, 4->5->2 MB, 5 MB goal, 0 MB stacks, 0 MB globals, 20 P
gc 9246 @16.548s 7%: 0.045+0.53+0.043 ms clock, 0.91+0.34/0.58/0+0.87 ms cpu, 4->5->2 MB, 5 MB goal, 0 MB stacks, 0 MB globals, 20 P
gc 9247 @16.549s 7%: 0.053+0.39+0.048 ms clock, 1.0+0.40/0.56/0.009+0.97 ms cpu, 4->5->2 MB, 5 MB goal, 0 MB stacks, 0 MB globals, 20 P
gc 9248 @16.551s 7%: 0.054+0.38+0.085 ms clock, 1.0+0.27/0.67/0.003+1.7 ms cpu, 4->5->2 MB, 5 MB goal, 0 MB stacks, 0 MB globals, 20 P
gc 9249 @16.552s 7%: 0.066+0.45+0.029 ms clock, 1.3+0.47/0.49/0.022+0.58 ms cpu, 4->5->2 MB, 4 MB goal, 0 MB stacks, 0 MB globals, 20 P
gc 9250 @16.553s 7%: 0.069+0.30+0.064 ms clock, 1.3+0.33/0.55/0.064+1.2 ms cpu, 4->5->2 MB, 5 MB goal, 0 MB stacks, 0 MB globals, 20 P
gc 9251 @16.554s 7%: 0.067+0.34+0.074 ms clock, 1.3+0.28/0.66/0+1.4 ms cpu, 3->4->2 MB, 4 MB goal, 0 MB stacks, 0 MB globals, 20 P
gc 9252 @16.556s 7%: 0.085+0.34+0.045 ms clock, 1.7+0.39/0.55/0.10+0.91 ms cpu, 4->5->2 MB, 5 MB goal, 0 MB stacks, 0 MB globals, 20 P
gc 9253 @16.557s 7%: 0.067+0.42+0.028 ms clock, 1.3+0.34/0.60/0+0.57 ms cpu, 4->5->2 MB, 4 MB goal, 0 MB stacks, 0 MB globals, 20 P
gc 9254 @16.558s 7%: 0.080+0.36+0.054 ms clock, 1.6+0.36/0.72/0.079+1.0 ms cpu, 4->5->2 MB, 5 MB goal, 0 MB stacks, 0 MB globals, 20 P
gc 9255 @16.560s 7%: 0.089+0.39+0.070 ms clock, 1.7+0.34/0.64/0.049+1.4 ms cpu, 4->4->2 MB, 4 MB goal, 0 MB stacks, 0 MB globals, 20 P
gc 9256 @16.561s 7%: 0.12+0.50+0.062 ms clock, 2.5+0.41/0.47/0.13+1.2 ms cpu, 4->5->2 MB, 4 MB goal, 0 MB stacks, 0 MB globals, 20 P
gc 9257 @16.562s 7%: 0.079+0.48+0.058 ms clock, 1.5+0.29/0.71/0.002+1.1 ms cpu, 4->5->2 MB, 5 MB goal, 0 MB stacks, 0 MB globals, 20 P
gc 9258 @16.564s 7%: 0.083+0.38+0.063 ms clock, 1.6+0.27/0.59/0.11+1.2 ms cpu, 4->5->2 MB, 5 MB goal, 0 MB stacks, 0 MB globals, 20 P
gc 9259 @16.565s 7%: 0.079+0.44+0.063 ms clock, 1.5+0.43/0.58/0+1.2 ms cpu, 3->4->2 MB, 4 MB goal, 0 MB stacks, 0 MB globals, 20 P
gc 9260 @16.567s 7%: 0.028+0.41+0.087 ms clock, 0.56+0.29/0.61/0.018+1.7 ms cpu, 4->5->2 MB, 5 MB goal, 0 MB stacks, 0 MB globals, 20 P
gc 9261 @16.568s 7%: 0.069+0.50+0.063 ms clock, 1.3+0.25/0.72/0.053+1.2 ms cpu, 4->5->2 MB, 5 MB goal, 0 MB stacks, 0 MB globals, 20 P
gc 9262 @16.569s 7%: 0.072+0.30+0.070 ms clock, 1.4+0.28/0.51/0.040+1.4 ms cpu, 4->5->2 MB, 5 MB goal, 0 MB stacks, 0 MB globals, 20 P
gc 9263 @16.570s 7%: 0.067+0.36+0.058 ms clock, 1.3+0.32/0.60/0.015+1.1 ms cpu, 3->4->2 MB, 4 MB goal, 0 MB stacks, 0 MB globals, 20 P
gc 9264 @16.571s 7%: 0.055+0.43+0.029 ms clock, 1.1+0.38/0.66/0.036+0.59 ms cpu, 4->4->2 MB, 4 MB goal, 0 MB stacks, 0 MB globals, 20 P
gc 9265 @16.572s 7%: 0.070+0.39+0.073 ms clock, 1.4+0.37/0.69/0.001+1.4 ms cpu, 4->5->2 MB, 5 MB goal, 0 MB stacks, 0 MB globals, 20 P
gc 9266 @16.574s 7%: 0.084+0.51+0.048 ms clock, 1.6+0.33/0.65/0.016+0.97 ms cpu, 4->5->2 MB, 5 MB goal, 0 MB stacks, 0 MB globals, 20 P
gc 9267 @16.575s 7%: 0.066+0.47+0.074 ms clock, 1.3+0.23/0.69/0+1.4 ms cpu, 4->5->2 MB, 5 MB goal, 0 MB stacks, 0 MB globals, 20 P
gc 9268 @16.576s 7%: 0.072+0.44+0.033 ms clock, 1.4+0.30/0.66/0.004+0.66 ms cpu, 4->5->2 MB, 5 MB goal, 0 MB stacks, 0 MB globals, 20 P
gc 9269 @16.578s 7%: 0.066+0.34+0.042 ms clock, 1.3+0.38/0.70/0.049+0.85 ms cpu, 4->4->2 MB, 4 MB goal, 0 MB stacks, 0 MB globals, 20 P
gc 9270 @16.579s 7%: 0.087+0.22+0.036 ms clock, 1.7+0.21/0.58/0+0.72 ms cpu, 4->4->2 MB, 4 MB goal, 0 MB stacks, 0 MB globals, 20 P
gc 9271 @16.580s 7%: 0.031+0.36+0.062 ms clock, 0.62+0.37/0.49/0.17+1.2 ms cpu, 3->4->2 MB, 4 MB goal, 0 MB stacks, 0 MB globals, 20 P
gc 9272 @16.581s 7%: 0.057+0.50+0.082 ms clock, 1.1+0.46/0.59/0+1.6 ms cpu, 4->4->2 MB, 4 MB goal, 0 MB stacks, 0 MB globals, 20 P
gc 9273 @16.582s 7%: 0.080+0.36+0.083 ms clock, 1.6+0.28/0.64/0.023+1.6 ms cpu, 4->5->2 MB, 5 MB goal, 0 MB stacks, 0 MB globals, 20 P
gc 9274 @16.584s 7%: 0.11+0.36+0.068 ms clock, 2.2+0.24/0.58/0+1.3 ms cpu, 4->5->2 MB, 5 MB goal, 0 MB stacks, 0 MB globals, 20 P
gc 9275 @16.585s 7%: 0.079+0.37+0.080 ms clock, 1.5+0.37/0.56/0.012+1.6 ms cpu, 4->4->2 MB, 4 MB goal, 0 MB stacks, 0 MB globals, 20 P
gc 9276 @16.586s 7%: 0.056+0.44+0.084 ms clock, 1.1+0.36/0.66/0.077+1.6 ms cpu, 4->5->2 MB, 4 MB goal, 0 MB stacks, 0 MB globals, 20 P
gc 9277 @16.587s 7%: 0.067+0.37+0.075 ms clock, 1.3+0.20/0.59/0.071+1.5 ms cpu, 4->5->2 MB, 5 MB goal, 0 MB stacks, 0 MB globals, 20 P
gc 9278 @16.588s 7%: 0.085+0.43+0.032 ms clock, 1.7+0.27/0.63/0+0.65 ms cpu, 4->5->2 MB, 5 MB goal, 0 MB stacks, 0 MB globals, 20 P
gc 9279 @16.589s 7%: 0.11+0.24+0.022 ms clock, 2.3+0.28/0.56/0.046+0.44 ms cpu, 4->4->2 MB, 5 MB goal, 0 MB stacks, 0 MB globals, 20 P
gc 9280 @16.591s 7%: 0.038+0.33+0.075 ms clock, 0.77+0.30/0.62/0.023+1.5 ms cpu, 4->4->2 MB, 4 MB goal, 0 MB stacks, 0 MB globals, 20 P
gc 9281 @16.592s 7%: 0.051+0.38+0.071 ms clock, 1.0+0.31/0.70/0.019+1.4 ms cpu, 4->5->2 MB, 4 MB goal, 0 MB stacks, 0 MB globals, 20 P
gc 9282 @16.593s 7%: 0.078+0.44+0.070 ms clock, 1.5+0.31/0.70/0.007+1.4 ms cpu, 4->5->2 MB, 5 MB goal, 0 MB stacks, 0 MB globals, 20 P
gc 9283 @16.595s 7%: 0.075+0.39+0.039 ms clock, 1.5+0.29/0.53/0+0.78 ms cpu, 4->5->2 MB, 5 MB goal, 0 MB stacks, 0 MB globals, 20 P
gc 9284 @16.596s 7%: 0.074+0.33+0.052 ms clock, 1.4+0.38/0.66/0.013+1.0 ms cpu, 3->4->2 MB, 4 MB goal, 0 MB stacks, 0 MB globals, 20 P
gc 9285 @16.597s 7%: 0.081+0.49+0.065 ms clock, 1.6+0.30/0.61/0+1.3 ms cpu, 4->5->2 MB, 5 MB goal, 0 MB stacks, 0 MB globals, 20 P
gc 9286 @16.599s 7%: 0.078+0.48+0.062 ms clock, 1.5+0.33/0.70/0.005+1.2 ms cpu, 4->5->2 MB, 5 MB goal, 0 MB stacks, 0 MB globals, 20 P
gc 9287 @16.600s 7%: 0.10+0.64+0.038 ms clock, 2.0+0.40/0.53/0.006+0.77 ms cpu, 4->5->2 MB, 5 MB goal, 0 MB stacks, 0 MB globals, 20 P
gc 9288 @16.602s 7%: 0.073+0.22+0.073 ms clock, 1.4+0.40/0.54/0.012+1.4 ms cpu, 4->5->2 MB, 5 MB goal, 0 MB stacks, 0 MB globals, 20 P
gc 9289 @16.603s 7%: 0.070+0.38+0.034 ms clock, 1.4+0.34/0.61/0.036+0.69 ms cpu, 3->4->2 MB, 4 MB goal, 0 MB stacks, 0 MB globals, 20 P
gc 9290 @16.604s 7%: 0.093+0.46+0.058 ms clock, 1.8+0.32/0.72/0+1.1 ms cpu, 4->4->2 MB, 4 MB goal, 0 MB stacks, 0 MB globals, 20 P
gc 9291 @16.606s 7%: 0.10+0.30+0.061 ms clock, 2.0+0.32/0.56/0.034+1.2 ms cpu, 4->5->2 MB, 5 MB goal, 0 MB stacks, 0 MB globals, 20 P
gc 9292 @16.607s 7%: 0.022+0.42+0.028 ms clock, 0.44+0.25/0.64/0.007+0.56 ms cpu, 4->4->2 MB, 4 MB goal, 0 MB stacks, 0 MB globals, 20 P
gc 9293 @16.608s 7%: 0.068+0.46+0.070 ms clock, 1.3+0.37/0.53/0.055+1.4 ms cpu, 4->4->2 MB, 4 MB goal, 0 MB stacks, 0 MB globals, 20 P
gc 9294 @16.609s 7%: 0.083+0.56+0.066 ms clock, 1.6+0.38/0.62/0.027+1.3 ms cpu, 4->5->2 MB, 4 MB goal, 0 MB stacks, 0 MB globals, 20 P
gc 9295 @16.610s 7%: 0.069+0.54+0.067 ms clock, 1.3+0.40/0.62/0+1.3 ms cpu, 4->5->2 MB, 5 MB goal, 0 MB stacks, 0 MB globals, 20 P
gc 9296 @16.612s 7%: 0.086+0.44+0.082 ms clock, 1.7+0.44/0.55/0+1.6 ms cpu, 4->5->2 MB, 5 MB goal, 0 MB stacks, 0 MB globals, 20 P
gc 9297 @16.613s 7%: 0.072+0.58+0.042 ms clock, 1.4+0.32/0.65/0.067+0.85 ms cpu, 4->5->2 MB, 5 MB goal, 0 MB stacks, 0 MB globals, 20 P
gc 9298 @16.615s 7%: 0.062+0.29+0.092 ms clock, 1.2+0.25/0.59/0.036+1.8 ms cpu, 4->5->2 MB, 5 MB goal, 0 MB stacks, 0 MB globals, 20 P
gc 9299 @16.616s 7%: 0.044+0.51+0.063 ms clock, 0.89+0.17/0.79/0.089+1.2 ms cpu, 3->5->2 MB, 4 MB goal, 0 MB stacks, 0 MB globals, 20 P
gc 9300 @16.618s 7%: 0.069+0.36+0.076 ms clock, 1.3+0.29/0.70/0.016+1.5 ms cpu, 4->5->2 MB, 5 MB goal, 0 MB stacks, 0 MB globals, 20 P
gc 9301 @16.619s 7%: 0.051+0.38+0.046 ms clock, 1.0+0.35/0.56/0+0.93 ms cpu, 4->5->2 MB, 4 MB goal, 0 MB stacks, 0 MB globals, 20 P
gc 9302 @16.620s 7%: 0.078+0.56+0.077 ms clock, 1.5+0.40/0.57/0.022+1.5 ms cpu, 4->5->2 MB, 4 MB goal, 0 MB stacks, 0 MB globals, 20 P
gc 9303 @16.622s 7%: 0.023+0.47+0.065 ms clock, 0.46+0.35/0.70/0.074+1.3 ms cpu, 4->5->2 MB, 5 MB goal, 0 MB stacks, 0 MB globals, 20 P
gc 9304 @16.623s 7%: 0.086+0.46+0.053 ms clock, 1.7+0.43/0.67/0.023+1.0 ms cpu, 4->5->2 MB, 5 MB goal, 0 MB stacks, 0 MB globals, 20 P
gc 9305 @16.625s 7%: 0.072+0.48+0.070 ms clock, 1.4+0.33/0.62/0.12+1.4 ms cpu, 4->6->2 MB, 5 MB goal, 0 MB stacks, 0 MB globals, 20 P
gc 9306 @16.626s 7%: 0.062+0.36+0.048 ms clock, 1.2+0.30/0.58/0+0.96 ms cpu, 4->5->2 MB, 5 MB goal, 0 MB stacks, 0 MB globals, 20 P
gc 9307 @16.627s 7%: 0.079+0.60+0.082 ms clock, 1.5+0.047/0.86/0+1.6 ms cpu, 4->5->2 MB, 5 MB goal, 0 MB stacks, 0 MB globals, 20 P
gc 9308 @16.629s 7%: 0.085+0.50+0.067 ms clock, 1.7+0.40/0.81/0.003+1.3 ms cpu, 4->6->2 MB, 5 MB goal, 0 MB stacks, 0 MB globals, 20 P
gc 9309 @16.631s 7%: 0.064+0.30+0.069 ms clock, 1.2+0.36/0.59/0.053+1.3 ms cpu, 4->5->2 MB, 5 MB goal, 0 MB stacks, 0 MB globals, 20 P
gc 9310 @16.632s 7%: 0.042+0.34+0.082 ms clock, 0.85+0.21/0.64/0.21+1.6 ms cpu, 3->4->2 MB, 4 MB goal, 0 MB stacks, 0 MB globals, 20 P
gc 9311 @16.633s 7%: 0.066+0.52+0.009 ms clock, 1.3+0.19/0.65/0.025+0.19 ms cpu, 4->5->2 MB, 4 MB goal, 0 MB stacks, 0 MB globals, 20 P
gc 9312 @16.634s 7%: 0.097+0.35+0.016 ms clock, 1.9+0.42/0.61/0+0.33 ms cpu, 4->5->2 MB, 5 MB goal, 0 MB stacks, 0 MB globals, 20 P
gc 9313 @16.635s 7%: 0.091+0.33+0.051 ms clock, 1.8+0.40/0.58/0+1.0 ms cpu, 4->5->2 MB, 5 MB goal, 0 MB stacks, 0 MB globals, 20 P
gc 9314 @16.636s 7%: 0.070+0.22+0.056 ms clock, 1.4+0.37/0.59/0.014+1.1 ms cpu, 4->4->2 MB, 5 MB goal, 0 MB stacks, 0 MB globals, 20 P
gc 9315 @16.638s 7%: 0.058+0.35+0.085 ms clock, 1.1+0.17/0.70/0.061+1.7 ms cpu, 3->4->2 MB, 4 MB goal, 0 MB stacks, 0 MB globals, 20 P
gc 9316 @16.639s 7%: 0.058+0.40+0.068 ms clock, 1.1+0.32/0.61/0.056+1.3 ms cpu, 4->5->2 MB, 4 MB goal, 0 MB stacks, 0 MB globals, 20 P
gc 9317 @16.640s 7%: 0.076+0.48+0.087 ms clock, 1.5+0.37/0.62/0.021+1.7 ms cpu, 4->5->2 MB, 5 MB goal, 0 MB stacks, 0 MB globals, 20 P
gc 9318 @16.642s 7%: 0.070+0.26+0.058 ms clock, 1.4+0.39/0.57/0.055+1.1 ms cpu, 4->5->2 MB, 5 MB goal, 0 MB stacks, 0 MB globals, 20 P
gc 9319 @16.643s 7%: 0.070+0.31+0.071 ms clock, 1.4+0.27/0.65/0.044+1.4 ms cpu, 3->4->2 MB, 4 MB goal, 0 MB stacks, 0 MB globals, 20 P
gc 9320 @16.644s 7%: 0.082+0.40+0.075 ms clock, 1.6+0.34/0.66/0+1.5 ms cpu, 4->4->2 MB, 4 MB goal, 0 MB stacks, 0 MB globals, 20 P
gc 9321 @16.645s 7%: 0.074+0.52+0.036 ms clock, 1.4+0.38/0.53/0+0.73 ms cpu, 4->5->2 MB, 4 MB goal, 0 MB stacks, 0 MB globals, 20 P
gc 9322 @16.647s 7%: 0.094+0.40+0.063 ms clock, 1.8+0.39/0.60/0+1.2 ms cpu, 4->5->2 MB, 5 MB goal, 0 MB stacks, 0 MB globals, 20 P
gc 9323 @16.648s 7%: 0.074+0.31+0.058 ms clock, 1.4+0.29/0.66/0.10+1.1 ms cpu, 4->5->2 MB, 5 MB goal, 0 MB stacks, 0 MB globals, 20 P
gc 9324 @16.649s 7%: 0.063+0.56+0.034 ms clock, 1.2+0.26/0.69/0.009+0.68 ms cpu, 3->4->2 MB, 4 MB goal, 0 MB stacks, 0 MB globals, 20 P
gc 9325 @16.651s 7%: 0.069+0.36+0.049 ms clock, 1.3+0.29/0.62/0.027+0.98 ms cpu, 4->5->2 MB, 5 MB goal, 0 MB stacks, 0 MB globals, 20 P
gc 9326 @16.652s 7%: 0.094+0.38+0.038 ms clock, 1.8+0.40/0.64/0.031+0.77 ms cpu, 4->5->2 MB, 4 MB goal, 0 MB stacks, 0 MB globals, 20 P
gc 9327 @16.654s 7%: 0.054+0.33+0.074 ms clock, 1.0+0.24/0.68/0+1.4 ms cpu, 4->5->2 MB, 5 MB goal, 0 MB stacks, 0 MB globals, 20 P
gc 9328 @16.655s 7%: 0.077+0.39+0.091 ms clock, 1.5+0.21/0.68/0.042+1.8 ms cpu, 3->4->2 MB, 4 MB goal, 0 MB stacks, 0 MB globals, 20 P
gc 9329 @16.656s 7%: 0.053+0.34+0.066 ms clock, 1.0+0.37/0.64/0+1.3 ms cpu, 4->4->2 MB, 4 MB goal, 0 MB stacks, 0 MB globals, 20 P
gc 9330 @16.657s 7%: 0.066+0.47+0.040 ms clock, 1.3+0.17/0.74/0+0.80 ms cpu, 4->4->2 MB, 4 MB goal, 0 MB stacks, 0 MB globals, 20 P
gc 9331 @16.658s 7%: 0.073+0.70+0.078 ms clock, 1.4+0.31/0.75/0+1.5 ms cpu, 4->5->2 MB, 5 MB goal, 0 MB stacks, 0 MB globals, 20 P
gc 9332 @16.660s 7%: 0.066+0.30+0.064 ms clock, 1.3+0.34/0.57/0.036+1.2 ms cpu, 4->5->2 MB, 5 MB goal, 0 MB stacks, 0 MB globals, 20 P
gc 9333 @16.661s 7%: 0.071+0.37+0.034 ms clock, 1.4+0.35/0.66/0.041+0.68 ms cpu, 4->4->2 MB, 4 MB goal, 0 MB stacks, 0 MB globals, 20 P
gc 9334 @16.662s 7%: 0.081+0.35+0.032 ms clock, 1.6+0.30/0.66/0+0.65 ms cpu, 3->4->2 MB, 4 MB goal, 0 MB stacks, 0 MB globals, 20 P
gc 9335 @16.664s 7%: 0.053+0.46+0.053 ms clock, 1.0+0.38/0.55/0.019+1.0 ms cpu, 3->4->2 MB, 4 MB goal, 0 MB stacks, 0 MB globals, 20 P
gc 9336 @16.665s 7%: 0.051+0.42+0.045 ms clock, 1.0+0.34/0.54/0.001+0.91 ms cpu, 4->5->2 MB, 5 MB goal, 0 MB stacks, 0 MB globals, 20 P
gc 9337 @16.666s 7%: 0.051+0.40+0.032 ms clock, 1.0+0.26/0.70/0+0.64 ms cpu, 4->5->2 MB, 5 MB goal, 0 MB stacks, 0 MB globals, 20 P
gc 9338 @16.668s 7%: 0.091+0.38+0.017 ms clock, 1.8+0.38/0.69/0.041+0.35 ms cpu, 4->5->2 MB, 5 MB goal, 0 MB stacks, 0 MB globals, 20 P
gc 9339 @16.669s 7%: 0.10+0.61+0.059 ms clock, 2.1+0.30/0.75/0.040+1.1 ms cpu, 4->4->2 MB, 4 MB goal, 0 MB stacks, 0 MB globals, 20 P
gc 9340 @16.671s 7%: 0.038+0.30+0.11 ms clock, 0.76+0.39/0.69/0.002+2.3 ms cpu, 4->5->2 MB, 5 MB goal, 0 MB stacks, 0 MB globals, 20 P
gc 9341 @16.672s 7%: 0.046+0.34+0.080 ms clock, 0.93+0.32/0.61/0.087+1.6 ms cpu, 4->5->2 MB, 4 MB goal, 0 MB stacks, 0 MB globals, 20 P
gc 9342 @16.673s 7%: 0.088+0.37+0.061 ms clock, 1.7+0.20/0.67/0.015+1.2 ms cpu, 4->5->2 MB, 5 MB goal, 0 MB stacks, 0 MB globals, 20 P
gc 9343 @16.674s 7%: 0.088+0.38+0.040 ms clock, 1.7+0.36/0.60/0+0.81 ms cpu, 4->5->2 MB, 5 MB goal, 0 MB stacks, 0 MB globals, 20 P
gc 9344 @16.675s 7%: 0.054+0.40+0.068 ms clock, 1.0+0.45/0.50/0+1.3 ms cpu, 4->5->2 MB, 4 MB goal, 0 MB stacks, 0 MB globals, 20 P
gc 9345 @16.677s 7%: 0.058+0.33+0.069 ms clock, 1.1+0.30/0.62/0.016+1.3 ms cpu, 4->5->2 MB, 5 MB goal, 0 MB stacks, 0 MB globals, 20 P
gc 9346 @16.678s 7%: 0.048+0.32+0.013 ms clock, 0.97+0.31/0.63/0+0.27 ms cpu, 3->4->2 MB, 4 MB goal, 0 MB stacks, 0 MB globals, 20 P
gc 9347 @16.679s 7%: 0.042+0.46+0.014 ms clock, 0.84+0.40/0.77/0+0.28 ms cpu, 3->4->2 MB, 4 MB goal, 0 MB stacks, 0 MB globals, 20 P
gc 9348 @16.680s 7%: 0.065+0.45+0.047 ms clock, 1.3+0.42/0.59/0.010+0.94 ms cpu, 4->5->2 MB, 5 MB goal, 0 MB stacks, 0 MB globals, 20 P
gc 9349 @16.682s 7%: 0.085+0.47+0.023 ms clock, 1.7+0.33/0.70/0.013+0.47 ms cpu, 4->5->2 MB, 5 MB goal, 0 MB stacks, 0 MB globals, 20 P
gc 9350 @16.683s 7%: 0.071+0.37+0.072 ms clock, 1.4+0.40/0.57/0.003+1.4 ms cpu, 4->5->2 MB, 5 MB goal, 0 MB stacks, 0 MB globals, 20 P
gc 9351 @16.685s 7%: 0.074+0.42+0.037 ms clock, 1.4+0.29/0.67/0.014+0.75 ms cpu, 4->5->2 MB, 5 MB goal, 0 MB stacks, 0 MB globals, 20 P
gc 9352 @16.686s 7%: 0.041+0.57+0.066 ms clock, 0.82+0.28/0.49/0.031+1.3 ms cpu, 4->5->2 MB, 5 MB goal, 0 MB stacks, 0 MB globals, 20 P
gc 9353 @16.687s 7%: 0.069+0.42+0.045 ms clock, 1.3+0.38/0.58/0+0.91 ms cpu, 4->5->2 MB, 5 MB goal, 0 MB stacks, 0 MB globals, 20 P
gc 9354 @16.688s 7%: 0.096+0.40+0.064 ms clock, 1.9+0.24/0.60/0.037+1.2 ms cpu, 4->5->2 MB, 5 MB goal, 0 MB stacks, 0 MB globals, 20 P
gc 9355 @16.690s 7%: 0.078+0.33+0.041 ms clock, 1.5+0.27/0.58/0.047+0.83 ms cpu, 4->4->2 MB, 4 MB goal, 0 MB stacks, 0 MB globals, 20 P
gc 9356 @16.691s 7%: 0.049+0.56+0.052 ms clock, 0.99+0.23/0.59/0.026+1.0 ms cpu, 4->5->2 MB, 5 MB goal, 0 MB stacks, 0 MB globals, 20 P
gc 9357 @16.692s 7%: 0.065+0.45+0.065 ms clock, 1.3+0.25/0.72/0+1.3 ms cpu, 4->5->2 MB, 5 MB goal, 0 MB stacks, 0 MB globals, 20 P
gc 9358 @16.694s 7%: 0.082+0.55+0.024 ms clock, 1.6+0.35/0.55/0.012+0.48 ms cpu, 4->5->2 MB, 5 MB goal, 0 MB stacks, 0 MB globals, 20 P
gc 9359 @16.695s 7%: 0.11+0.33+0.065 ms clock, 2.3+0.25/0.63/0+1.3 ms cpu, 5->5->2 MB, 5 MB goal, 0 MB stacks, 0 MB globals, 20 P
gc 9360 @16.696s 7%: 0.054+0.30+0.062 ms clock, 1.0+0.36/0.53/0.046+1.2 ms cpu, 4->5->2 MB, 5 MB goal, 0 MB stacks, 0 MB globals, 20 P
gc 9361 @16.697s 7%: 0.076+0.34+0.071 ms clock, 1.5+0.32/0.49/0.006+1.4 ms cpu, 4->4->2 MB, 4 MB goal, 0 MB stacks, 0 MB globals, 20 P
gc 9362 @16.698s 7%: 0.085+0.57+0.059 ms clock, 1.7+0.31/0.53/0+1.1 ms cpu, 4->6->3 MB, 5 MB goal, 0 MB stacks, 0 MB globals, 20 P
gc 9363 @16.700s 7%: 0.13+0.42+0.052 ms clock, 2.6+0.35/0.55/0.032+1.0 ms cpu, 5->6->2 MB, 6 MB goal, 0 MB stacks, 0 MB globals, 20 P
gc 9364 @16.701s 7%: 0.070+0.31+0.080 ms clock, 1.4+0.36/0.60/0.025+1.6 ms cpu, 4->5->2 MB, 5 MB goal, 0 MB stacks, 0 MB globals, 20 P
gc 9365 @16.702s 7%: 0.049+0.47+0.039 ms clock, 0.98+0.45/0.58/0+0.79 ms cpu, 4->5->2 MB, 5 MB goal, 0 MB stacks, 0 MB globals, 20 P
gc 9366 @16.703s 7%: 0.056+0.59+0.065 ms clock, 1.1+0.23/0.73/0.028+1.3 ms cpu, 4->6->2 MB, 5 MB goal, 0 MB stacks, 0 MB globals, 20 P
gc 9367 @16.705s 7%: 0.051+0.34+0.067 ms clock, 1.0+0.32/0.56/0.044+1.3 ms cpu, 5->5->2 MB, 5 MB goal, 0 MB stacks, 0 MB globals, 20 P
gc 9368 @16.706s 7%: 0.042+0.33+0.056 ms clock, 0.84+0.28/0.60/0.045+1.1 ms cpu, 4->4->2 MB, 4 MB goal, 0 MB stacks, 0 MB globals, 20 P
gc 9369 @16.707s 7%: 0.062+0.36+0.070 ms clock, 1.2+0.20/0.63/0.002+1.4 ms cpu, 4->4->2 MB, 4 MB goal, 0 MB stacks, 0 MB globals, 20 P
gc 9370 @16.708s 7%: 0.073+0.40+0.046 ms clock, 1.4+0.24/0.60/0.038+0.93 ms cpu, 4->5->2 MB, 5 MB goal, 0 MB stacks, 0 MB globals, 20 P
gc 9371 @16.709s 7%: 0.083+0.40+0.044 ms clock, 1.6+0.29/0.52/0+0.89 ms cpu, 4->5->2 MB, 5 MB goal, 0 MB stacks, 0 MB globals, 20 P
gc 9372 @16.711s 7%: 0.072+0.35+0.075 ms clock, 1.4+0.38/0.62/0.003+1.5 ms cpu, 4->5->2 MB, 5 MB goal, 0 MB stacks, 0 MB globals, 20 P
gc 9373 @16.712s 7%: 0.074+0.42+0.056 ms clock, 1.4+0.22/0.75/0.002+1.1 ms cpu, 4->5->2 MB, 5 MB goal, 0 MB stacks, 0 MB globals, 20 P
gc 9374 @16.713s 7%: 0.070+0.37+0.075 ms clock, 1.4+0.34/0.58/0.19+1.5 ms cpu, 4->5->2 MB, 5 MB goal, 0 MB stacks, 0 MB globals, 20 P
gc 9375 @16.715s 7%: 0.049+0.49+0.072 ms clock, 0.98+0.30/0.62/0.019+1.4 ms cpu, 4->5->2 MB, 5 MB goal, 0 MB stacks, 0 MB globals, 20 P
gc 9376 @16.716s 7%: 0.20+0.38+0.060 ms clock, 4.0+0.16/0.72/0+1.2 ms cpu, 4->5->2 MB, 5 MB goal, 0 MB stacks, 0 MB globals, 20 P
gc 9377 @16.717s 7%: 0.067+0.47+0.007 ms clock, 1.3+0.31/0.61/0.071+0.14 ms cpu, 4->5->2 MB, 5 MB goal, 0 MB stacks, 0 MB globals, 20 P
gc 9378 @16.719s 7%: 0.082+0.26+0.048 ms clock, 1.6+0.36/0.59/0+0.97 ms cpu, 4->5->2 MB, 5 MB goal, 0 MB stacks, 0 MB globals, 20 P
gc 9379 @16.720s 7%: 0.080+0.35+0.026 ms clock, 1.6+0.34/0.64/0.10+0.53 ms cpu, 3->4->2 MB, 4 MB goal, 0 MB stacks, 0 MB globals, 20 P
gc 9380 @16.721s 7%: 0.053+0.56+0.015 ms clock, 1.0+0.35/0.72/0.057+0.31 ms cpu, 4->5->2 MB, 5 MB goal, 0 MB stacks, 0 MB globals, 20 P
gc 9381 @16.723s 7%: 0.036+0.44+0.074 ms clock, 0.72+0.27/0.58/0.009+1.4 ms cpu, 4->5->2 MB, 5 MB goal, 0 MB stacks, 0 MB globals, 20 P
gc 9382 @16.724s 7%: 0.065+0.50+0.069 ms clock, 1.3+0.31/0.63/0+1.3 ms cpu, 4->5->2 MB, 5 MB goal, 0 MB stacks, 0 MB globals, 20 P
gc 9383 @16.726s 7%: 0.079+0.22+0.019 ms clock, 1.5+0.28/0.67/0.022+0.39 ms cpu, 4->4->2 MB, 5 MB goal, 0 MB stacks, 0 MB globals, 20 P
gc 9384 @16.727s 7%: 0.052+0.23+0.054 ms clock, 1.0+0.26/0.54/0.045+1.0 ms cpu, 3->4->1 MB, 4 MB goal, 0 MB stacks, 0 MB globals, 20 P
gc 9385 @16.728s 7%: 0.058+0.34+0.058 ms clock, 1.1+0.37/0.51/0.14+1.1 ms cpu, 3->4->2 MB, 4 MB goal, 0 MB stacks, 0 MB globals, 20 P
gc 9386 @16.729s 7%: 0.068+0.43+0.017 ms clock, 1.3+0.23/0.69/0.014+0.34 ms cpu, 3->4->2 MB, 4 MB goal, 0 MB stacks, 0 MB globals, 20 P
gc 9387 @16.730s 7%: 0.080+0.39+0.092 ms clock, 1.6+0.36/0.59/0.004+1.8 ms cpu, 4->4->2 MB, 4 MB goal, 0 MB stacks, 0 MB globals, 20 P
gc 9388 @16.732s 7%: 0.069+0.40+0.078 ms clock, 1.3+0.26/0.71/0.012+1.5 ms cpu, 4->5->2 MB, 5 MB goal, 0 MB stacks, 0 MB globals, 20 P
gc 9389 @16.733s 7%: 0.065+0.42+0.076 ms clock, 1.3+0.42/0.55/0.030+1.5 ms cpu, 4->5->2 MB, 5 MB goal, 0 MB stacks, 0 MB globals, 20 P
gc 9390 @16.735s 7%: 0.081+0.49+0.038 ms clock, 1.6+0.32/0.73/0+0.77 ms cpu, 4->5->2 MB, 5 MB goal, 0 MB stacks, 0 MB globals, 20 P
gc 9391 @16.736s 7%: 0.081+0.33+0.071 ms clock, 1.6+0.38/0.61/0+1.4 ms cpu, 4->5->2 MB, 5 MB goal, 0 MB stacks, 0 MB globals, 20 P
gc 9392 @16.737s 7%: 0.082+0.34+0.066 ms clock, 1.6+0.43/0.63/0.007+1.3 ms cpu, 4->4->2 MB, 4 MB goal, 0 MB stacks, 0 MB globals, 20 P
gc 9393 @16.738s 7%: 0.061+0.47+0.073 ms clock, 1.2+0.30/0.66/0.010+1.4 ms cpu, 4->5->2 MB, 4 MB goal, 0 MB stacks, 0 MB globals, 20 P
gc 9394 @16.740s 7%: 0.044+0.48+0.080 ms clock, 0.89+0.27/0.64/0.003+1.6 ms cpu, 4->5->2 MB, 5 MB goal, 0 MB stacks, 0 MB globals, 20 P
gc 9395 @16.741s 7%: 0.074+0.42+0.058 ms clock, 1.4+0.36/0.64/0+1.1 ms cpu, 4->5->2 MB, 5 MB goal, 0 MB stacks, 0 MB globals, 20 P
gc 9396 @16.742s 7%: 0.067+0.54+0.076 ms clock, 1.3+0.23/0.63/0.14+1.5 ms cpu, 4->5->2 MB, 5 MB goal, 0 MB stacks, 0 MB globals, 20 P
gc 9397 @16.744s 7%: 0.055+0.33+0.073 ms clock, 1.1+0.29/0.68/0+1.4 ms cpu, 4->5->2 MB, 5 MB goal, 0 MB stacks, 0 MB globals, 20 P
gc 9398 @16.745s 7%: 0.075+0.35+0.084 ms clock, 1.5+0.56/0.61/0.046+1.6 ms cpu, 4->4->2 MB, 4 MB goal, 0 MB stacks, 0 MB globals, 20 P
gc 9399 @16.746s 7%: 0.050+0.43+0.072 ms clock, 1.0+0.35/0.65/0.002+1.4 ms cpu, 4->5->2 MB, 5 MB goal, 0 MB stacks, 0 MB globals, 20 P
gc 9400 @16.747s 7%: 0.060+0.37+0.028 ms clock, 1.2+0.19/0.68/0.029+0.56 ms cpu, 4->5->2 MB, 5 MB goal, 0 MB stacks, 0 MB globals, 20 P
gc 9401 @16.749s 7%: 0.047+0.49+0.046 ms clock, 0.95+0.12/0.66/0.031+0.92 ms cpu, 4->5->2 MB, 4 MB goal, 0 MB stacks, 0 MB globals, 20 P
gc 9402 @16.750s 7%: 0.063+0.35+0.058 ms clock, 1.2+0.37/0.68/0.024+1.1 ms cpu, 4->5->2 MB, 5 MB goal, 0 MB stacks, 0 MB globals, 20 P
gc 9403 @16.751s 7%: 0.065+0.23+0.058 ms clock, 1.3+0.28/0.60/0.004+1.1 ms cpu, 4->4->2 MB, 4 MB goal, 0 MB stacks, 0 MB globals, 20 P
gc 9404 @16.752s 7%: 0.063+0.31+0.069 ms clock, 1.2+0.25/0.61/0.007+1.3 ms cpu, 3->4->2 MB, 4 MB goal, 0 MB stacks, 0 MB globals, 20 P
gc 9405 @16.754s 7%: 0.074+0.30+0.022 ms clock, 1.4+0.31/0.58/0.066+0.45 ms cpu, 3->4->2 MB, 4 MB goal, 0 MB stacks, 0 MB globals, 20 P
gc 9406 @16.755s 7%: 0.11+0.44+0.050 ms clock, 2.2+0.31/0.60/0.074+1.0 ms cpu, 3->5->2 MB, 4 MB goal, 0 MB stacks, 0 MB globals, 20 P
gc 9407 @16.756s 7%: 0.025+0.25+0.053 ms clock, 0.50+0.29/0.59/0.10+1.0 ms cpu, 4->5->2 MB, 5 MB goal, 0 MB stacks, 0 MB globals, 20 P
gc 9408 @16.757s 7%: 0.076+0.62+0.022 ms clock, 1.5+0.15/0.68/0.062+0.44 ms cpu, 3->4->2 MB, 4 MB goal, 0 MB stacks, 0 MB globals, 20 P
gc 9409 @16.759s 7%: 0.067+0.31+0.057 ms clock, 1.3+0.46/0.55/0.009+1.1 ms cpu, 4->5->2 MB, 5 MB goal, 0 MB stacks, 0 MB globals, 20 P
gc 9410 @16.760s 7%: 0.065+0.32+0.050 ms clock, 1.3+0.34/0.63/0.037+1.0 ms cpu, 4->4->2 MB, 4 MB goal, 0 MB stacks, 0 MB globals, 20 P
gc 9411 @16.761s 7%: 0.059+0.40+0.032 ms clock, 1.1+0.29/0.77/0+0.65 ms cpu, 3->4->2 MB, 4 MB goal, 0 MB stacks, 0 MB globals, 20 P
gc 9412 @16.762s 7%: 0.067+0.39+0.036 ms clock, 1.3+0.27/0.63/0.015+0.72 ms cpu, 4->5->2 MB, 5 MB goal, 0 MB stacks, 0 MB globals, 20 P
gc 9413 @16.764s 7%: 0.053+0.49+0.054 ms clock, 1.0+0.33/0.59/0.046+1.0 ms cpu, 4->5->2 MB, 5 MB goal, 0 MB stacks, 0 MB globals, 20 P
gc 9414 @16.765s 7%: 0.061+0.51+0.055 ms clock, 1.2+0.16/0.68/0.11+1.1 ms cpu, 4->5->2 MB, 5 MB goal, 0 MB stacks, 0 MB globals, 20 P
gc 9415 @16.767s 7%: 0.086+0.44+0.053 ms clock, 1.7+0.33/0.57/0.036+1.0 ms cpu, 4->5->2 MB, 5 MB goal, 0 MB stacks, 0 MB globals, 20 P
gc 9416 @16.768s 7%: 0.032+0.45+0.017 ms clock, 0.65+0.13/0.78/0+0.34 ms cpu, 4->5->2 MB, 5 MB goal, 0 MB stacks, 0 MB globals, 20 P
gc 9417 @16.770s 7%: 0.11+0.43+0.035 ms clock, 2.2+0.37/0.59/0+0.70 ms cpu, 4->5->2 MB, 4 MB goal, 0 MB stacks, 0 MB globals, 20 P
gc 9418 @16.772s 7%: 0.065+0.36+0.077 ms clock, 1.3+0.27/0.67/0+1.5 ms cpu, 4->5->2 MB, 5 MB goal, 0 MB stacks, 0 MB globals, 20 P
gc 9419 @16.773s 7%: 0.10+0.40+0.067 ms clock, 2.0+0.33/0.58/0.032+1.3 ms cpu, 4->5->2 MB, 4 MB goal, 0 MB stacks, 0 MB globals, 20 P
gc 9420 @16.774s 7%: 0.069+0.49+0.048 ms clock, 1.3+0.32/0.59/0.035+0.96 ms cpu, 4->5->2 MB, 5 MB goal, 0 MB stacks, 0 MB globals, 20 P
gc 9421 @16.776s 7%: 0.10+0.46+0.074 ms clock, 2.1+0.32/0.65/0.030+1.4 ms cpu, 4->5->2 MB, 5 MB goal, 0 MB stacks, 0 MB globals, 20 P
gc 9422 @16.777s 7%: 0.080+0.27+0.068 ms clock, 1.6+0.40/0.66/0+1.3 ms cpu, 4->5->2 MB, 5 MB goal, 0 MB stacks, 0 MB globals, 20 P
gc 9423 @16.779s 7%: 0.077+0.62+0.062 ms clock, 1.5+0.42/0.64/0+1.2 ms cpu, 4->5->2 MB, 4 MB goal, 0 MB stacks, 0 MB globals, 20 P
gc 9424 @16.780s 7%: 0.014+0.48+0.042 ms clock, 0.28+0.28/0.64/0.021+0.85 ms cpu, 4->5->2 MB, 5 MB goal, 0 MB stacks, 0 MB globals, 20 P
gc 9425 @16.781s 7%: 0.064+0.40+0.079 ms clock, 1.2+0.28/0.78/0.001+1.5 ms cpu, 4->5->2 MB, 4 MB goal, 0 MB stacks, 0 MB globals, 20 P
gc 9426 @16.783s 7%: 0.081+0.44+0.054 ms clock, 1.6+0.27/0.66/0.057+1.0 ms cpu, 4->5->2 MB, 5 MB goal, 0 MB stacks, 0 MB globals, 20 P
gc 9427 @16.785s 7%: 0.066+0.25+0.026 ms clock, 1.3+0.36/0.59/0.019+0.53 ms cpu, 4->5->2 MB, 5 MB goal, 0 MB stacks, 0 MB globals, 20 P
gc 9428 @16.786s 7%: 0.069+0.47+0.003 ms clock, 1.3+0.31/0.63/0.001+0.065 ms cpu, 4->4->2 MB, 4 MB goal, 0 MB stacks, 0 MB globals, 20 P
gc 9429 @16.787s 7%: 0.064+0.30+0.051 ms clock, 1.2+0.31/0.61/0.017+1.0 ms cpu, 4->4->2 MB, 4 MB goal, 0 MB stacks, 0 MB globals, 20 P
gc 9430 @16.788s 7%: 0.049+0.43+0.082 ms clock, 0.98+0.27/0.58/0.072+1.6 ms cpu, 3->4->2 MB, 4 MB goal, 0 MB stacks, 0 MB globals, 20 P
gc 9431 @16.789s 7%: 0.073+0.41+0.071 ms clock, 1.4+0.32/0.52/0.070+1.4 ms cpu, 4->5->2 MB, 5 MB goal, 0 MB stacks, 0 MB globals, 20 P
gc 9432 @16.790s 7%: 0.085+0.34+0.030 ms clock, 1.7+0.22/0.60/0.053+0.61 ms cpu, 4->5->2 MB, 5 MB goal, 0 MB stacks, 0 MB globals, 20 P
gc 9433 @16.791s 7%: 0.025+0.24+0.019 ms clock, 0.51+0.28/0.65/0.036+0.38 ms cpu, 4->4->2 MB, 4 MB goal, 0 MB stacks, 0 MB globals, 20 P
gc 9434 @16.792s 7%: 0.065+0.48+0.007 ms clock, 1.3+0.29/0.60/0.055+0.15 ms cpu, 3->4->2 MB, 4 MB goal, 0 MB stacks, 0 MB globals, 20 P
gc 9435 @16.794s 7%: 0.14+0.48+0.047 ms clock, 2.8+0.32/0.63/0+0.94 ms cpu, 4->5->2 MB, 5 MB goal, 0 MB stacks, 0 MB globals, 20 P
gc 9436 @16.795s 7%: 0.064+0.31+0.063 ms clock, 1.2+0.31/0.67/0.007+1.2 ms cpu, 5->5->2 MB, 6 MB goal, 0 MB stacks, 0 MB globals, 20 P
gc 9437 @16.797s 7%: 0.062+0.33+0.076 ms clock, 1.2+0.31/0.51/0.037+1.5 ms cpu, 3->4->2 MB, 4 MB goal, 0 MB stacks, 0 MB globals, 20 P
gc 9438 @16.798s 7%: 0.091+0.37+0.011 ms clock, 1.8+0.38/0.58/0.044+0.22 ms cpu, 4->4->2 MB, 4 MB goal, 0 MB stacks, 0 MB globals, 20 P
gc 9439 @16.799s 7%: 0.073+0.70+0.022 ms clock, 1.4+0.33/0.66/0.044+0.45 ms cpu, 4->5->2 MB, 5 MB goal, 0 MB stacks, 0 MB globals, 20 P
gc 9440 @16.801s 7%: 0.061+0.39+0.025 ms clock, 1.2+0.28/0.69/0.058+0.51 ms cpu, 4->5->2 MB, 5 MB goal, 0 MB stacks, 0 MB globals, 20 P
gc 9441 @16.803s 7%: 0.075+0.28+0.064 ms clock, 1.5+0.23/0.63/0.001+1.2 ms cpu, 4->4->2 MB, 5 MB goal, 0 MB stacks, 0 MB globals, 20 P
gc 9442 @16.804s 7%: 0.072+0.35+0.067 ms clock, 1.4+0.28/0.66/0.033+1.3 ms cpu, 4->4->2 MB, 4 MB goal, 0 MB stacks, 0 MB globals, 20 P
gc 9443 @16.805s 7%: 0.058+0.32+0.074 ms clock, 1.1+0.36/0.65/0.002+1.4 ms cpu, 3->4->2 MB, 4 MB goal, 0 MB stacks, 0 MB globals, 20 P
gc 9444 @16.806s 7%: 0.088+0.39+0.039 ms clock, 1.7+0.28/0.70/0.027+0.78 ms cpu, 4->5->2 MB, 5 MB goal, 0 MB stacks, 0 MB globals, 20 P
gc 9445 @16.808s 7%: 0.061+0.47+0.053 ms clock, 1.2+0.37/0.63/0.031+1.0 ms cpu, 4->5->2 MB, 5 MB goal, 0 MB stacks, 0 MB globals, 20 P
gc 9446 @16.809s 7%: 0.066+0.46+0.034 ms clock, 1.3+0.34/0.61/0.008+0.68 ms cpu, 4->5->2 MB, 5 MB goal, 0 MB stacks, 0 MB globals, 20 P
gc 9447 @16.811s 7%: 0.074+0.35+0.061 ms clock, 1.4+0.35/0.54/0.006+1.2 ms cpu, 4->5->2 MB, 5 MB goal, 0 MB stacks, 0 MB globals, 20 P
gc 9448 @16.812s 7%: 0.045+0.30+0.075 ms clock, 0.91+0.46/0.56/0.007+1.5 ms cpu, 4->5->2 MB, 4 MB goal, 0 MB stacks, 0 MB globals, 20 P
gc 9449 @16.813s 7%: 0.071+0.50+0.026 ms clock, 1.4+0.27/0.67/0.007+0.52 ms cpu, 4->5->2 MB, 5 MB goal, 0 MB stacks, 0 MB globals, 20 P
gc 9450 @16.815s 7%: 0.091+0.54+0.069 ms clock, 1.8+0.32/0.58/0.033+1.3 ms cpu, 4->5->2 MB, 5 MB goal, 0 MB stacks, 0 MB globals, 20 P
gc 9451 @16.817s 7%: 0.079+0.33+0.036 ms clock, 1.5+0.24/0.65/0.008+0.72 ms cpu, 4->5->2 MB, 5 MB goal, 0 MB stacks, 0 MB globals, 20 P
gc 9452 @16.818s 7%: 0.051+0.35+0.014 ms clock, 1.0+0.38/0.69/0+0.28 ms cpu, 4->5->2 MB, 4 MB goal, 0 MB stacks, 0 MB globals, 20 P
gc 9453 @16.819s 7%: 0.047+0.32+0.078 ms clock, 0.94+0.38/0.63/0.044+1.5 ms cpu, 4->5->2 MB, 4 MB goal, 0 MB stacks, 0 MB globals, 20 P
gc 9454 @16.820s 7%: 0.040+0.33+0.048 ms clock, 0.80+0.37/0.57/0+0.97 ms cpu, 4->4->2 MB, 5 MB goal, 0 MB stacks, 0 MB globals, 20 P
gc 9455 @16.822s 7%: 0.043+0.21+0.045 ms clock, 0.86+0.18/0.63/0+0.91 ms cpu, 3->4->2 MB, 4 MB goal, 0 MB stacks, 0 MB globals, 20 P
gc 9456 @16.823s 7%: 0.089+0.42+0.015 ms clock, 1.7+0.37/0.69/0+0.31 ms cpu, 3->4->2 MB, 4 MB goal, 0 MB stacks, 0 MB globals, 20 P
gc 9457 @16.824s 7%: 0.088+0.37+0.035 ms clock, 1.7+0.30/0.57/0.040+0.71 ms cpu, 4->5->2 MB, 4 MB goal, 0 MB stacks, 0 MB globals, 20 P
gc 9458 @16.825s 7%: 0.040+0.29+0.044 ms clock, 0.81+0.30/0.58/0.022+0.88 ms cpu, 4->5->2 MB, 5 MB goal, 0 MB stacks, 0 MB globals, 20 P
gc 9459 @16.826s 7%: 0.091+0.39+0.055 ms clock, 1.8+0.27/0.66/0+1.1 ms cpu, 4->5->2 MB, 4 MB goal, 0 MB stacks, 0 MB globals, 20 P
gc 9460 @16.828s 7%: 0.062+0.37+0.059 ms clock, 1.2+0.23/0.62/0.082+1.1 ms cpu, 4->5->2 MB, 5 MB goal, 0 MB stacks, 0 MB globals, 20 P
gc 9461 @16.829s 7%: 0.083+0.29+0.060 ms clock, 1.6+0.41/0.56/0.011+1.2 ms cpu, 4->4->2 MB, 4 MB goal, 0 MB stacks, 0 MB globals, 20 P
gc 9462 @16.830s 7%: 0.088+0.40+0.056 ms clock, 1.7+0.24/0.73/0.018+1.1 ms cpu, 4->5->2 MB, 4 MB goal, 0 MB stacks, 0 MB globals, 20 P
gc 9463 @16.831s 7%: 0.063+0.30+0.036 ms clock, 1.2+0.25/0.63/0+0.73 ms cpu, 4->5->2 MB, 5 MB goal, 0 MB stacks, 0 MB globals, 20 P
gc 9464 @16.832s 7%: 0.065+0.30+0.067 ms clock, 1.3+0.33/0.63/0.005+1.3 ms cpu, 3->4->2 MB, 4 MB goal, 0 MB stacks, 0 MB globals, 20 P
gc 9465 @16.833s 7%: 0.038+0.42+0.096 ms clock, 0.76+0.24/0.62/0.038+1.9 ms cpu, 4->4->2 MB, 4 MB goal, 0 MB stacks, 0 MB globals, 20 P
gc 9466 @16.834s 7%: 0.070+0.41+0.069 ms clock, 1.4+0.27/0.55/0+1.3 ms cpu, 4->5->2 MB, 5 MB goal, 0 MB stacks, 0 MB globals, 20 P
gc 9467 @16.835s 7%: 0.080+0.37+0.034 ms clock, 1.6+0.33/0.58/0+0.68 ms cpu, 4->4->2 MB, 5 MB goal, 0 MB stacks, 0 MB globals, 20 P
gc 9468 @16.837s 7%: 0.078+0.26+0.029 ms clock, 1.5+0.36/0.65/0.021+0.59 ms cpu, 4->4->2 MB, 4 MB goal, 0 MB stacks, 0 MB globals, 20 P
gc 9469 @16.838s 7%: 0.080+0.39+0.15 ms clock, 1.6+0.33/0.54/0.061+3.1 ms cpu, 3->4->2 MB, 4 MB goal, 0 MB stacks, 0 MB globals, 20 P
gc 9470 @16.839s 7%: 0.077+0.35+0.038 ms clock, 1.5+0.36/0.62/0+0.76 ms cpu, 4->5->2 MB, 4 MB goal, 0 MB stacks, 0 MB globals, 20 P
gc 9471 @16.840s 7%: 0.069+0.41+0.021 ms clock, 1.3+0.24/0.66/0.006+0.43 ms cpu, 4->5->2 MB, 5 MB goal, 0 MB stacks, 0 MB globals, 20 P
gc 9472 @16.842s 7%: 0.040+0.31+0.069 ms clock, 0.81+0.27/0.69/0.036+1.3 ms cpu, 4->5->2 MB, 4 MB goal, 0 MB stacks, 0 MB globals, 20 P
gc 9473 @16.843s 7%: 0.071+0.23+0.060 ms clock, 1.4+0.31/0.64/0.005+1.2 ms cpu, 4->5->2 MB, 5 MB goal, 0 MB stacks, 0 MB globals, 20 P
gc 9474 @16.843s 7%: 0.089+0.38+0.018 ms clock, 1.7+0.31/0.58/0.031+0.36 ms cpu, 3->4->2 MB, 4 MB goal, 0 MB stacks, 0 MB globals, 20 P
gc 9475 @16.845s 7%: 0.046+0.35+0.068 ms clock, 0.93+0.30/0.62/0.021+1.3 ms cpu, 4->5->2 MB, 5 MB goal, 0 MB stacks, 0 MB globals, 20 P
gc 9476 @16.846s 7%: 0.070+0.20+0.021 ms clock, 1.4+0.28/0.65/0.073+0.43 ms cpu, 3->4->1 MB, 4 MB goal, 0 MB stacks, 0 MB globals, 20 P
gc 9477 @16.847s 7%: 0.063+0.40+0.066 ms clock, 1.2+0.24/0.68/0+1.3 ms cpu, 3->4->2 MB, 4 MB goal, 0 MB stacks, 0 MB globals, 20 P
gc 9478 @16.848s 7%: 0.059+0.59+0.070 ms clock, 1.1+0.45/0.60/0.008+1.4 ms cpu, 4->5->2 MB, 4 MB goal, 0 MB stacks, 0 MB globals, 20 P
gc 9479 @16.850s 7%: 0.061+0.44+0.035 ms clock, 1.2+0.25/0.77/0.026+0.70 ms cpu, 4->5->2 MB, 5 MB goal, 0 MB stacks, 0 MB globals, 20 P
gc 9480 @16.851s 7%: 0.070+0.40+0.077 ms clock, 1.4+0.17/0.65/0.055+1.5 ms cpu, 4->4->2 MB, 5 MB goal, 0 MB stacks, 0 MB globals, 20 P
gc 9481 @16.852s 7%: 0.085+0.43+0.063 ms clock, 1.7+0.31/0.62/0.031+1.2 ms cpu, 4->5->2 MB, 4 MB goal, 0 MB stacks, 0 MB globals, 20 P
gc 9482 @16.854s 7%: 0.10+0.25+0.062 ms clock, 2.0+0.34/0.49/0.041+1.2 ms cpu, 4->4->2 MB, 4 MB goal, 0 MB stacks, 0 MB globals, 20 P
gc 9483 @16.855s 7%: 0.065+0.62+0.043 ms clock, 1.3+0.43/0.71/0+0.87 ms cpu, 3->5->2 MB, 4 MB goal, 0 MB stacks, 0 MB globals, 20 P
gc 9484 @16.856s 7%: 0.077+0.74+0.026 ms clock, 1.5+0.27/0.67/0.020+0.52 ms cpu, 4->6->2 MB, 5 MB goal, 0 MB stacks, 0 MB globals, 20 P
gc 9485 @16.858s 7%: 0.048+0.41+0.029 ms clock, 0.96+0.48/0.66/0.015+0.59 ms cpu, 4->5->2 MB, 5 MB goal, 0 MB stacks, 0 MB globals, 20 P
gc 9486 @16.859s 7%: 0.053+0.41+0.092 ms clock, 1.0+0.22/0.62/0+1.8 ms cpu, 4->4->2 MB, 4 MB goal, 0 MB stacks, 0 MB globals, 20 P
gc 9487 @16.860s 7%: 0.059+0.38+0.091 ms clock, 1.1+0.29/0.69/0.010+1.8 ms cpu, 4->4->2 MB, 4 MB goal, 0 MB stacks, 0 MB globals, 20 P
gc 9488 @16.862s 7%: 0.046+0.33+0.017 ms clock, 0.92+0.37/0.53/0.015+0.35 ms cpu, 4->4->2 MB, 4 MB goal, 0 MB stacks, 0 MB globals, 20 P
gc 9489 @16.863s 7%: 0.065+0.40+0.065 ms clock, 1.3+0.43/0.56/0.010+1.3 ms cpu, 3->4->2 MB, 4 MB goal, 0 MB stacks, 0 MB globals, 20 P
gc 9490 @16.864s 7%: 0.046+0.48+0.033 ms clock, 0.93+0.18/0.71/0.007+0.67 ms cpu, 4->4->2 MB, 4 MB goal, 0 MB stacks, 0 MB globals, 20 P
gc 9491 @16.865s 7%: 0.085+0.36+0.084 ms clock, 1.7+0.40/0.61/0.007+1.6 ms cpu, 4->4->2 MB, 4 MB goal, 0 MB stacks, 0 MB globals, 20 P
gc 9492 @16.867s 7%: 0.056+0.43+0.087 ms clock, 1.1+0.34/0.62/0.001+1.7 ms cpu, 4->4->2 MB, 4 MB goal, 0 MB stacks, 0 MB globals, 20 P
gc 9493 @16.868s 7%: 0.10+0.43+0.027 ms clock, 2.1+0.32/0.58/0.076+0.54 ms cpu, 4->5->2 MB, 5 MB goal, 0 MB stacks, 0 MB globals, 20 P
gc 9494 @16.869s 7%: 0.078+0.55+0.072 ms clock, 1.5+0.34/0.58/0+1.4 ms cpu, 4->5->2 MB, 5 MB goal, 0 MB stacks, 0 MB globals, 20 P
gc 9495 @16.871s 7%: 0.070+0.30+0.076 ms clock, 1.4+0.26/0.60/0.008+1.5 ms cpu, 4->5->2 MB, 5 MB goal, 0 MB stacks, 0 MB globals, 20 P
gc 9496 @16.872s 7%: 0.096+0.31+0.066 ms clock, 1.9+0.25/0.72/0.003+1.3 ms cpu, 4->4->2 MB, 4 MB goal, 0 MB stacks, 0 MB globals, 20 P
gc 9497 @16.873s 7%: 0.059+0.36+0.073 ms clock, 1.1+0.40/0.62/0.014+1.4 ms cpu, 4->4->2 MB, 4 MB goal, 0 MB stacks, 0 MB globals, 20 P
gc 9498 @16.874s 7%: 0.046+0.47+0.10 ms clock, 0.92+0.29/0.72/0.015+2.0 ms cpu, 4->4->2 MB, 4 MB goal, 0 MB stacks, 0 MB globals, 20 P
gc 9499 @16.876s 7%: 0.050+0.38+0.044 ms clock, 1.0+0.27/0.62/0.066+0.88 ms cpu, 4->5->2 MB, 4 MB goal, 0 MB stacks, 0 MB globals, 20 P
gc 9500 @16.877s 7%: 0.090+0.47+0.034 ms clock, 1.8+0.35/0.67/0+0.68 ms cpu, 4->5->2 MB, 5 MB goal, 0 MB stacks, 0 MB globals, 20 P
gc 9501 @16.878s 7%: 0.081+0.31+0.033 ms clock, 1.6+0.35/0.55/0+0.66 ms cpu, 4->4->2 MB, 5 MB goal, 0 MB stacks, 0 MB globals, 20 P
gc 9502 @16.880s 7%: 0.067+0.38+0.034 ms clock, 1.3+0.35/0.62/0.007+0.68 ms cpu, 3->4->2 MB, 4 MB goal, 0 MB stacks, 0 MB globals, 20 P
gc 9503 @16.881s 7%: 0.068+0.37+0.067 ms clock, 1.3+0.30/0.61/0+1.3 ms cpu, 4->5->2 MB, 5 MB goal, 0 MB stacks, 0 MB globals, 20 P
gc 9504 @16.882s 7%: 0.066+0.37+0.062 ms clock, 1.3+0.33/0.61/0.035+1.2 ms cpu, 4->5->2 MB, 5 MB goal, 0 MB stacks, 0 MB globals, 20 P
gc 9505 @16.884s 7%: 0.087+0.49+0.077 ms clock, 1.7+0.33/0.59/0+1.5 ms cpu, 4->5->2 MB, 5 MB goal, 0 MB stacks, 0 MB globals, 20 P
gc 9506 @16.885s 7%: 0.069+0.49+0.079 ms clock, 1.3+0.19/0.70/0.034+1.5 ms cpu, 4->5->2 MB, 5 MB goal, 0 MB stacks, 0 MB globals, 20 P
gc 9507 @16.887s 7%: 0.051+0.30+0.090 ms clock, 1.0+0.39/0.58/0.005+1.8 ms cpu, 4->4->2 MB, 5 MB goal, 0 MB stacks, 0 MB globals, 20 P
gc 9508 @16.888s 7%: 0.084+0.36+0.047 ms clock, 1.6+0.33/0.58/0+0.94 ms cpu, 3->4->2 MB, 4 MB goal, 0 MB stacks, 0 MB globals, 20 P
gc 9509 @16.889s 7%: 0.061+0.30+0.12 ms clock, 1.2+0.23/0.62/0.078+2.4 ms cpu, 4->4->2 MB, 4 MB goal, 0 MB stacks, 0 MB globals, 20 P
gc 9510 @16.890s 7%: 0.075+0.45+0.080 ms clock, 1.5+0.36/0.53/0.071+1.6 ms cpu, 3->4->2 MB, 4 MB goal, 0 MB stacks, 0 MB globals, 20 P
gc 9511 @16.892s 7%: 0.038+0.44+0.064 ms clock, 0.76+0.28/0.58/0.049+1.2 ms cpu, 4->5->2 MB, 5 MB goal, 0 MB stacks, 0 MB globals, 20 P
gc 9512 @16.893s 7%: 0.069+0.42+0.070 ms clock, 1.3+0.48/0.69/0.001+1.4 ms cpu, 4->5->2 MB, 5 MB goal, 0 MB stacks, 0 MB globals, 20 P
gc 9513 @16.894s 7%: 0.061+0.26+0.075 ms clock, 1.2+0.42/0.60/0+1.5 ms cpu, 4->4->2 MB, 5 MB goal, 0 MB stacks, 0 MB globals, 20 P
gc 9514 @16.895s 7%: 0.033+0.38+0.052 ms clock, 0.66+0.19/0.70/0+1.0 ms cpu, 4->4->2 MB, 4 MB goal, 0 MB stacks, 0 MB globals, 20 P
gc 9515 @16.897s 7%: 0.12+0.42+0.048 ms clock, 2.4+0.25/0.64/0.013+0.96 ms cpu, 4->5->2 MB, 5 MB goal, 0 MB stacks, 0 MB globals, 20 P
gc 9516 @16.898s 7%: 0.079+0.30+0.059 ms clock, 1.5+0.26/0.69/0.026+1.1 ms cpu, 4->4->2 MB, 5 MB goal, 0 MB stacks, 0 MB globals, 20 P
gc 9517 @16.899s 7%: 0.064+0.40+0.048 ms clock, 1.2+0.27/0.59/0.002+0.96 ms cpu, 3->4->2 MB, 4 MB goal, 0 MB stacks, 0 MB globals, 20 P
gc 9518 @16.901s 7%: 0.033+0.47+0.038 ms clock, 0.66+0.29/0.65/0+0.76 ms cpu, 3->4->2 MB, 4 MB goal, 0 MB stacks, 0 MB globals, 20 P
gc 9519 @16.902s 7%: 0.064+0.29+0.095 ms clock, 1.2+0.37/0.57/0.003+1.9 ms cpu, 4->5->2 MB, 5 MB goal, 0 MB stacks, 0 MB globals, 20 P
gc 9520 @16.903s 7%: 0.081+0.44+0.067 ms clock, 1.6+0.31/0.60/0.027+1.3 ms cpu, 3->4->2 MB, 4 MB goal, 0 MB stacks, 0 MB globals, 20 P
gc 9521 @16.904s 7%: 0.083+0.43+0.051 ms clock, 1.6+0.24/0.66/0.039+1.0 ms cpu, 4->5->2 MB, 5 MB goal, 0 MB stacks, 0 MB globals, 20 P
gc 9522 @16.906s 7%: 0.045+0.41+0.062 ms clock, 0.90+0.27/0.81/0+1.2 ms cpu, 3->5->2 MB, 4 MB goal, 0 MB stacks, 0 MB globals, 20 P
gc 9523 @16.907s 7%: 0.076+0.37+0.087 ms clock, 1.5+0.26/0.67/0+1.7 ms cpu, 4->5->2 MB, 5 MB goal, 0 MB stacks, 0 MB globals, 20 P
gc 9524 @16.909s 7%: 0.078+0.47+0.062 ms clock, 1.5+0.23/0.63/0.011+1.2 ms cpu, 4->5->2 MB, 5 MB goal, 0 MB stacks, 0 MB globals, 20 P
gc 9525 @16.910s 7%: 0.096+0.33+0.035 ms clock, 1.9+0.22/0.68/0.054+0.71 ms cpu, 4->5->2 MB, 5 MB goal, 0 MB stacks, 0 MB globals, 20 P
gc 9526 @16.911s 7%: 0.026+0.46+0.076 ms clock, 0.53+0.32/0.54/0.18+1.5 ms cpu, 4->5->2 MB, 4 MB goal, 0 MB stacks, 0 MB globals, 20 P
gc 9527 @16.913s 7%: 0.078+0.43+0.070 ms clock, 1.5+0.31/0.62/0+1.4 ms cpu, 4->5->2 MB, 5 MB goal, 0 MB stacks, 0 MB globals, 20 P
gc 9528 @16.914s 7%: 0.073+0.29+0.075 ms clock, 1.4+0.31/0.60/0.016+1.5 ms cpu, 4->5->2 MB, 5 MB goal, 0 MB stacks, 0 MB globals, 20 P
gc 9529 @16.915s 7%: 0.067+0.47+0.051 ms clock, 1.3+0.22/0.57/0+1.0 ms cpu, 4->5->2 MB, 4 MB goal, 0 MB stacks, 0 MB globals, 20 P
gc 9530 @16.916s 7%: 0.060+0.34+0.061 ms clock, 1.2+0.33/0.58/0.066+1.2 ms cpu, 4->5->2 MB, 5 MB goal, 0 MB stacks, 0 MB globals, 20 P
gc 9531 @16.918s 7%: 0.057+0.56+0.028 ms clock, 1.1+0.39/0.64/0+0.56 ms cpu, 4->5->2 MB, 4 MB goal, 0 MB stacks, 0 MB globals, 20 P
gc 9532 @16.919s 7%: 0.065+0.24+0.022 ms clock, 1.3+0.35/0.53/0.076+0.45 ms cpu, 4->5->2 MB, 5 MB goal, 0 MB stacks, 0 MB globals, 20 P
gc 9533 @16.920s 7%: 0.048+0.50+0.076 ms clock, 0.96+0.29/0.64/0.065+1.5 ms cpu, 3->4->2 MB, 4 MB goal, 0 MB stacks, 0 MB globals, 20 P
gc 9534 @16.922s 7%: 0.042+0.27+0.067 ms clock, 0.85+0.30/0.65/0.040+1.3 ms cpu, 4->4->2 MB, 5 MB goal, 0 MB stacks, 0 MB globals, 20 P
gc 9535 @16.922s 7%: 0.096+0.47+0.058 ms clock, 1.9+0.36/0.53/0.036+1.1 ms cpu, 3->4->2 MB, 4 MB goal, 0 MB stacks, 0 MB globals, 20 P
gc 9536 @16.924s 7%: 0.047+0.42+0.069 ms clock, 0.94+0.30/0.68/0+1.3 ms cpu, 4->5->2 MB, 5 MB goal, 0 MB stacks, 0 MB globals, 20 P
gc 9537 @16.926s 7%: 0.042+0.33+0.060 ms clock, 0.85+0.23/0.65/0.16+1.2 ms cpu, 4->5->2 MB, 5 MB goal, 0 MB stacks, 0 MB globals, 20 P
gc 9538 @16.927s 7%: 0.076+0.31+0.072 ms clock, 1.5+0.34/0.65/0.013+1.4 ms cpu, 4->4->2 MB, 4 MB goal, 0 MB stacks, 0 MB globals, 20 P
gc 9539 @16.928s 7%: 0.068+0.31+0.093 ms clock, 1.3+0.24/0.75/0.015+1.8 ms cpu, 4->4->2 MB, 4 MB goal, 0 MB stacks, 0 MB globals, 20 P
gc 9540 @16.929s 7%: 0.037+0.45+0.022 ms clock, 0.74+0.38/0.62/0+0.45 ms cpu, 4->5->2 MB, 4 MB goal, 0 MB stacks, 0 MB globals, 20 P
gc 9541 @16.930s 7%: 0.077+0.35+0.087 ms clock, 1.5+0.33/0.57/0.023+1.7 ms cpu, 4->5->2 MB, 5 MB goal, 0 MB stacks, 0 MB globals, 20 P
gc 9542 @16.932s 7%: 0.053+0.44+0.068 ms clock, 1.0+0.30/0.65/0.046+1.3 ms cpu, 4->5->2 MB, 5 MB goal, 0 MB stacks, 0 MB globals, 20 P
gc 9543 @16.933s 7%: 0.076+0.30+0.067 ms clock, 1.5+0.21/0.70/0+1.3 ms cpu, 4->5->2 MB, 5 MB goal, 0 MB stacks, 0 MB globals, 20 P
gc 9544 @16.934s 7%: 0.031+0.35+0.085 ms clock, 0.62+0.24/0.59/0.071+1.7 ms cpu, 3->4->2 MB, 4 MB goal, 0 MB stacks, 0 MB globals, 20 P
gc 9545 @16.935s 7%: 0.089+0.29+0.058 ms clock, 1.7+0.29/0.49/0.14+1.1 ms cpu, 3->4->2 MB, 4 MB goal, 0 MB stacks, 0 MB globals, 20 P
gc 9546 @16.937s 7%: 0.068+0.52+0.061 ms clock, 1.3+0.30/0.76/0.011+1.2 ms cpu, 3->4->2 MB, 4 MB goal, 0 MB stacks, 0 MB globals, 20 P
gc 9547 @16.938s 7%: 0.032+0.44+0.078 ms clock, 0.65+0.29/0.62/0+1.5 ms cpu, 4->5->2 MB, 5 MB goal, 0 MB stacks, 0 MB globals, 20 P
gc 9548 @16.940s 7%: 0.052+0.41+0.078 ms clock, 1.0+0.19/0.72/0.099+1.5 ms cpu, 4->5->2 MB, 5 MB goal, 0 MB stacks, 0 MB globals, 20 P
gc 9549 @16.942s 7%: 0.051+0.55+0.069 ms clock, 1.0+0.087/0.79/0+1.3 ms cpu, 4->5->2 MB, 5 MB goal, 0 MB stacks, 0 MB globals, 20 P
gc 9550 @16.943s 7%: 0.041+0.65+0.049 ms clock, 0.82+0.27/0.52/0.10+0.98 ms cpu, 4->5->2 MB, 5 MB goal, 0 MB stacks, 0 MB globals, 20 P
gc 9551 @16.945s 7%: 0.070+0.30+0.042 ms clock, 1.4+0.30/0.62/0.038+0.85 ms cpu, 4->5->2 MB, 5 MB goal, 0 MB stacks, 0 MB globals, 20 P
gc 9552 @16.946s 7%: 0.061+0.50+0.019 ms clock, 1.2+0.27/0.65/0.004+0.39 ms cpu, 4->4->2 MB, 4 MB goal, 0 MB stacks, 0 MB globals, 20 P
gc 9553 @16.947s 7%: 0.051+0.27+0.038 ms clock, 1.0+0.30/0.66/0+0.76 ms cpu, 4->5->2 MB, 5 MB goal, 0 MB stacks, 0 MB globals, 20 P
gc 9554 @16.948s 7%: 0.074+0.24+0.051 ms clock, 1.4+0.27/0.65/0.035+1.0 ms cpu, 4->4->2 MB, 4 MB goal, 0 MB stacks, 0 MB globals, 20 P
gc 9555 @16.949s 7%: 0.078+0.31+0.067 ms clock, 1.5+0.35/0.64/0.046+1.3 ms cpu, 3->4->2 MB, 4 MB goal, 0 MB stacks, 0 MB globals, 20 P
gc 9556 @16.951s 7%: 0.057+0.27+0.068 ms clock, 1.1+0.34/0.63/0.030+1.3 ms cpu, 3->4->2 MB, 4 MB goal, 0 MB stacks, 0 MB globals, 20 P
gc 9557 @16.952s 7%: 0.037+0.27+0.040 ms clock, 0.74+0.32/0.55/0.012+0.81 ms cpu, 4->4->2 MB, 4 MB goal, 0 MB stacks, 0 MB globals, 20 P
gc 9558 @16.953s 7%: 0.089+0.32+0.083 ms clock, 1.7+0.28/0.53/0.045+1.6 ms cpu, 3->4->2 MB, 4 MB goal, 0 MB stacks, 0 MB globals, 20 P
gc 9559 @16.954s 7%: 0.061+0.39+0.067 ms clock, 1.2+0.35/0.67/0.021+1.3 ms cpu, 4->4->2 MB, 4 MB goal, 0 MB stacks, 0 MB globals, 20 P
gc 9560 @16.955s 7%: 0.085+0.40+0.038 ms clock, 1.7+0.36/0.71/0.004+0.77 ms cpu, 4->5->2 MB, 4 MB goal, 0 MB stacks, 0 MB globals, 20 P
gc 9561 @16.957s 7%: 0.071+0.32+0.023 ms clock, 1.4+0.27/0.65/0.096+0.46 ms cpu, 4->5->2 MB, 5 MB goal, 0 MB stacks, 0 MB globals, 20 P
gc 9562 @16.958s 7%: 0.083+0.42+0.033 ms clock, 1.6+0.39/0.62/0.014+0.66 ms cpu, 3->4->2 MB, 4 MB goal, 0 MB stacks, 0 MB globals, 20 P
gc 9563 @16.959s 7%: 0.063+0.38+0.090 ms clock, 1.2+0.24/0.63/0+1.8 ms cpu, 4->5->2 MB, 5 MB goal, 0 MB stacks, 0 MB globals, 20 P
gc 9564 @16.960s 7%: 0.068+0.39+0.037 ms clock, 1.3+0.40/0.57/0.019+0.74 ms cpu, 4->5->2 MB, 5 MB goal, 0 MB stacks, 0 MB globals, 20 P
gc 9565 @16.962s 7%: 0.074+0.44+0.045 ms clock, 1.4+0.39/0.55/0.012+0.90 ms cpu, 4->5->2 MB, 5 MB goal, 0 MB stacks, 0 MB globals, 20 P
gc 9566 @16.963s 7%: 0.049+0.39+0.029 ms clock, 0.98+0.12/0.75/0.007+0.58 ms cpu, 4->5->2 MB, 5 MB goal, 0 MB stacks, 0 MB globals, 20 P
gc 9567 @16.965s 7%: 0.039+0.32+0.067 ms clock, 0.79+0.27/0.64/0.009+1.3 ms cpu, 4->5->2 MB, 5 MB goal, 0 MB stacks, 0 MB globals, 20 P
gc 9568 @16.966s 7%: 0.057+0.27+0.075 ms clock, 1.1+0.27/0.52/0.046+1.5 ms cpu, 4->5->2 MB, 4 MB goal, 0 MB stacks, 0 MB globals, 20 P
gc 9569 @16.967s 7%: 0.027+0.37+0.074 ms clock, 0.54+0.30/0.65/0+1.4 ms cpu, 4->4->2 MB, 4 MB goal, 0 MB stacks, 0 MB globals, 20 P
gc 9570 @16.969s 7%: 0.063+0.33+0.074 ms clock, 1.2+0.25/0.71/0.098+1.4 ms cpu, 4->4->2 MB, 4 MB goal, 0 MB stacks, 0 MB globals, 20 P
gc 9571 @16.970s 7%: 0.081+0.48+0.066 ms clock, 1.6+0.32/0.68/0+1.3 ms cpu, 3->4->2 MB, 4 MB goal, 0 MB stacks, 0 MB globals, 20 P
gc 9572 @16.971s 7%: 0.084+0.27+0.078 ms clock, 1.6+0.42/0.63/0.002+1.5 ms cpu, 4->5->2 MB, 5 MB goal, 0 MB stacks, 0 MB globals, 20 P
gc 9573 @16.972s 7%: 0.069+0.54+0.078 ms clock, 1.3+0.26/0.70/0+1.5 ms cpu, 4->5->2 MB, 4 MB goal, 0 MB stacks, 0 MB globals, 20 P
gc 9574 @16.974s 7%: 0.091+0.33+0.053 ms clock, 1.8+0.32/0.64/0.013+1.0 ms cpu, 4->5->2 MB, 5 MB goal, 0 MB stacks, 0 MB globals, 20 P
gc 9575 @16.975s 7%: 0.077+0.35+0.076 ms clock, 1.5+0.37/0.55/0+1.5 ms cpu, 4->5->2 MB, 5 MB goal, 0 MB stacks, 0 MB globals, 20 P
gc 9576 @16.976s 7%: 0.074+0.35+0.054 ms clock, 1.4+0.32/0.62/0.013+1.0 ms cpu, 4->4->2 MB, 5 MB goal, 0 MB stacks, 0 MB globals, 20 P
gc 9577 @16.978s 7%: 0.067+0.34+0.091 ms clock, 1.3+0.28/0.61/0+1.8 ms cpu, 4->4->2 MB, 4 MB goal, 0 MB stacks, 0 MB globals, 20 P
gc 9578 @16.979s 7%: 0.052+0.23+0.062 ms clock, 1.0+0.29/0.61/0.026+1.2 ms cpu, 4->5->2 MB, 5 MB goal, 0 MB stacks, 0 MB globals, 20 P
gc 9579 @16.980s 7%: 0.10+0.42+0.058 ms clock, 2.0+0.29/0.69/0.009+1.1 ms cpu, 3->5->2 MB, 4 MB goal, 0 MB stacks, 0 MB globals, 20 P
gc 9580 @16.981s 7%: 0.065+0.30+0.049 ms clock, 1.3+0.37/0.62/0.009+0.98 ms cpu, 4->5->2 MB, 5 MB goal, 0 MB stacks, 0 MB globals, 20 P
gc 9581 @16.983s 7%: 0.079+0.51+0.012 ms clock, 1.5+0.32/0.56/0.009+0.25 ms cpu, 4->5->2 MB, 4 MB goal, 0 MB stacks, 0 MB globals, 20 P
gc 9582 @16.984s 7%: 0.058+0.44+0.069 ms clock, 1.1+0.31/0.60/0.002+1.3 ms cpu, 4->5->2 MB, 5 MB goal, 0 MB stacks, 0 MB globals, 20 P
gc 9583 @16.985s 7%: 0.12+0.40+0.065 ms clock, 2.5+0.22/0.72/0+1.3 ms cpu, 4->5->2 MB, 5 MB goal, 0 MB stacks, 0 MB globals, 20 P
gc 9584 @16.987s 7%: 0.075+0.35+0.078 ms clock, 1.5+0.28/0.59/0.078+1.5 ms cpu, 4->5->2 MB, 5 MB goal, 0 MB stacks, 0 MB globals, 20 P
gc 9585 @16.988s 7%: 0.067+0.37+0.077 ms clock, 1.3+0.35/0.58/0.027+1.5 ms cpu, 4->5->2 MB, 5 MB goal, 0 MB stacks, 0 MB globals, 20 P
gc 9586 @16.990s 7%: 0.064+0.30+0.077 ms clock, 1.2+0.27/0.60/0+1.5 ms cpu, 4->5->2 MB, 5 MB goal, 0 MB stacks, 0 MB globals, 20 P
gc 9587 @16.991s 7%: 0.10+0.38+0.039 ms clock, 2.0+0.34/0.60/0.043+0.79 ms cpu, 4->5->2 MB, 4 MB goal, 0 MB stacks, 0 MB globals, 20 P
gc 9588 @16.992s 7%: 0.058+0.53+0.058 ms clock, 1.1+0.36/0.71/0.015+1.1 ms cpu, 4->5->2 MB, 5 MB goal, 0 MB stacks, 0 MB globals, 20 P
gc 9589 @16.994s 7%: 0.071+0.41+0.099 ms clock, 1.4+0.29/0.74/0+1.9 ms cpu, 4->5->2 MB, 5 MB goal, 0 MB stacks, 0 MB globals, 20 P
gc 9590 @16.995s 7%: 0.060+0.31+0.011 ms clock, 1.2+0.29/0.62/0.025+0.22 ms cpu, 4->5->2 MB, 5 MB goal, 0 MB stacks, 0 MB globals, 20 P
gc 9591 @16.996s 7%: 0.052+0.41+0.064 ms clock, 1.0+0.32/0.59/0.014+1.2 ms cpu, 3->4->2 MB, 4 MB goal, 0 MB stacks, 0 MB globals, 20 P
gc 9592 @16.997s 7%: 0.063+0.29+0.060 ms clock, 1.2+0.32/0.74/0+1.2 ms cpu, 4->5->2 MB, 5 MB goal, 0 MB stacks, 0 MB globals, 20 P
gc 9593 @16.998s 7%: 0.069+0.47+0.072 ms clock, 1.3+0.31/0.70/0.010+1.4 ms cpu, 4->5->2 MB, 5 MB goal, 0 MB stacks, 0 MB globals, 20 P
gc 9594 @17.000s 7%: 0.060+0.35+0.071 ms clock, 1.2+0.35/0.61/0+1.4 ms cpu, 4->5->2 MB, 5 MB goal, 0 MB stacks, 0 MB globals, 20 P
gc 9595 @17.001s 7%: 0.081+0.32+0.065 ms clock, 1.6+0.30/0.70/0.002+1.3 ms cpu, 4->5->2 MB, 4 MB goal, 0 MB stacks, 0 MB globals, 20 P
gc 9596 @17.002s 7%: 0.043+0.31+0.081 ms clock, 0.86+0.25/0.58/0+1.6 ms cpu, 4->5->2 MB, 5 MB goal, 0 MB stacks, 0 MB globals, 20 P
gc 9597 @17.004s 7%: 0.069+0.61+0.012 ms clock, 1.3+0.35/0.69/0+0.24 ms cpu, 4->5->2 MB, 4 MB goal, 0 MB stacks, 0 MB globals, 20 P
gc 9598 @17.005s 7%: 0.10+0.36+0.086 ms clock, 2.0+0.25/0.57/0.11+1.7 ms cpu, 4->5->2 MB, 5 MB goal, 0 MB stacks, 0 MB globals, 20 P
gc 9599 @17.007s 7%: 0.098+0.48+0.050 ms clock, 1.9+0.34/0.64/0+1.0 ms cpu, 4->5->2 MB, 4 MB goal, 0 MB stacks, 0 MB globals, 20 P
gc 9600 @17.008s 7%: 0.095+0.38+0.070 ms clock, 1.9+0.36/0.53/0.21+1.4 ms cpu, 4->5->2 MB, 5 MB goal, 0 MB stacks, 0 MB globals, 20 P
gc 9601 @17.009s 7%: 0.028+0.59+0.048 ms clock, 0.57+0.35/0.65/0.012+0.96 ms cpu, 4->5->2 MB, 5 MB goal, 0 MB stacks, 0 MB globals, 20 P
gc 9602 @17.011s 7%: 0.061+0.58+0.045 ms clock, 1.2+0.19/0.75/0+0.90 ms cpu, 4->5->2 MB, 5 MB goal, 0 MB stacks, 0 MB globals, 20 P
gc 9603 @17.012s 7%: 0.079+0.30+0.057 ms clock, 1.5+0.23/0.63/0.016+1.1 ms cpu, 4->5->2 MB, 5 MB goal, 0 MB stacks, 0 MB globals, 20 P
gc 9604 @17.014s 7%: 0.090+0.51+0.060 ms clock, 1.8+0.30/0.56/0.097+1.2 ms cpu, 4->5->2 MB, 5 MB goal, 0 MB stacks, 0 MB globals, 20 P
gc 9605 @17.015s 7%: 0.071+0.49+0.049 ms clock, 1.4+0.31/0.67/0+0.99 ms cpu, 4->5->2 MB, 5 MB goal, 0 MB stacks, 0 MB globals, 20 P
gc 9606 @17.017s 7%: 0.089+0.38+0.078 ms clock, 1.7+0.34/0.61/0.089+1.5 ms cpu, 4->5->2 MB, 5 MB goal, 0 MB stacks, 0 MB globals, 20 P
gc 9607 @17.018s 7%: 0.081+0.30+0.060 ms clock, 1.6+0.38/0.53/0+1.2 ms cpu, 4->5->2 MB, 5 MB goal, 0 MB stacks, 0 MB globals, 20 P
gc 9608 @17.019s 7%: 0.047+0.42+0.077 ms clock, 0.94+0.34/0.61/0.017+1.5 ms cpu, 4->5->2 MB, 4 MB goal, 0 MB stacks, 0 MB globals, 20 P
gc 9609 @17.020s 7%: 0.12+0.49+0.058 ms clock, 2.4+0.38/0.62/0+1.1 ms cpu, 4->5->2 MB, 5 MB goal, 0 MB stacks, 0 MB globals, 20 P
gc 9610 @17.022s 7%: 0.074+0.50+0.060 ms clock, 1.4+0.40/0.61/0.037+1.2 ms cpu, 4->5->2 MB, 5 MB goal, 0 MB stacks, 0 MB globals, 20 P
gc 9611 @17.023s 7%: 0.060+0.38+0.072 ms clock, 1.2+0.37/0.61/0.040+1.4 ms cpu, 4->5->2 MB, 5 MB goal, 0 MB stacks, 0 MB globals, 20 P
gc 9612 @17.024s 7%: 0.059+0.29+0.072 ms clock, 1.1+0.30/0.64/0.007+1.4 ms cpu, 4->4->2 MB, 4 MB goal, 0 MB stacks, 0 MB globals, 20 P
gc 9613 @17.025s 7%: 0.084+0.52+0.035 ms clock, 1.6+0.28/0.65/0.041+0.70 ms cpu, 3->4->2 MB, 4 MB goal, 0 MB stacks, 0 MB globals, 20 P
gc 9614 @17.026s 7%: 0.048+0.35+0.036 ms clock, 0.96+0.31/0.57/0.007+0.72 ms cpu, 4->5->2 MB, 5 MB goal, 0 MB stacks, 0 MB globals, 20 P
gc 9615 @17.027s 7%: 0.068+0.39+0.077 ms clock, 1.3+0.35/0.54/0.038+1.5 ms cpu, 4->4->2 MB, 5 MB goal, 0 MB stacks, 0 MB globals, 20 P
gc 9616 @17.029s 7%: 0.071+0.40+0.069 ms clock, 1.4+0.35/0.63/0.040+1.3 ms cpu, 4->5->2 MB, 4 MB goal, 0 MB stacks, 0 MB globals, 20 P
gc 9617 @17.030s 7%: 0.073+0.47+0.081 ms clock, 1.4+0.37/0.58/0.008+1.6 ms cpu, 4->5->2 MB, 5 MB goal, 0 MB stacks, 0 MB globals, 20 P
gc 9618 @17.031s 7%: 0.078+0.35+0.063 ms clock, 1.5+0.25/0.65/0+1.2 ms cpu, 4->5->2 MB, 5 MB goal, 0 MB stacks, 0 MB globals, 20 P
gc 9619 @17.033s 7%: 0.032+0.40+0.038 ms clock, 0.64+0.28/0.62/0.017+0.76 ms cpu, 4->5->2 MB, 5 MB goal, 0 MB stacks, 0 MB globals, 20 P
gc 9620 @17.034s 7%: 0.077+0.47+0.080 ms clock, 1.5+0.31/0.53/0.049+1.6 ms cpu, 4->5->2 MB, 4 MB goal, 0 MB stacks, 0 MB globals, 20 P
gc 9621 @17.035s 7%: 0.083+0.31+0.055 ms clock, 1.6+0.35/0.63/0.003+1.1 ms cpu, 4->5->2 MB, 5 MB goal, 0 MB stacks, 0 MB globals, 20 P
gc 9622 @17.036s 7%: 0.073+0.42+0.030 ms clock, 1.4+0.44/0.60/0.003+0.61 ms cpu, 4->5->2 MB, 5 MB goal, 0 MB stacks, 0 MB globals, 20 P
gc 9623 @17.038s 7%: 0.049+0.26+0.072 ms clock, 0.99+0.32/0.59/0+1.4 ms cpu, 4->5->2 MB, 5 MB goal, 0 MB stacks, 0 MB globals, 20 P
gc 9624 @17.039s 7%: 0.021+0.56+0.050 ms clock, 0.43+0.36/0.63/0.010+1.0 ms cpu, 3->4->2 MB, 4 MB goal, 0 MB stacks, 0 MB globals, 20 P
gc 9625 @17.040s 7%: 0.057+0.53+0.091 ms clock, 1.1+0.38/0.54/0.016+1.8 ms cpu, 4->4->2 MB, 4 MB goal, 0 MB stacks, 0 MB globals, 20 P
gc 9626 @17.041s 7%: 0.083+0.55+0.049 ms clock, 1.6+0.32/0.68/0+0.98 ms cpu, 4->5->2 MB, 5 MB goal, 0 MB stacks, 0 MB globals, 20 P
gc 9627 @17.043s 7%: 0.078+0.43+0.070 ms clock, 1.5+0.35/0.66/0+1.4 ms cpu, 4->5->2 MB, 5 MB goal, 0 MB stacks, 0 MB globals, 20 P
gc 9628 @17.044s 7%: 0.049+0.31+0.037 ms clock, 0.98+0.10/0.68/0+0.75 ms cpu, 4->5->2 MB, 5 MB goal, 0 MB stacks, 0 MB globals, 20 P
gc 9629 @17.045s 7%: 0.061+0.41+0.079 ms clock, 1.2+0.29/0.63/0+1.5 ms cpu, 4->4->2 MB, 4 MB goal, 0 MB stacks, 0 MB globals, 20 P
gc 9630 @17.046s 7%: 0.071+0.40+0.046 ms clock, 1.4+0.35/0.58/0.026+0.93 ms cpu, 4->5->2 MB, 4 MB goal, 0 MB stacks, 0 MB globals, 20 P
gc 9631 @17.047s 7%: 0.063+0.36+0.062 ms clock, 1.2+0.18/0.68/0.10+1.2 ms cpu, 4->4->2 MB, 5 MB goal, 0 MB stacks, 0 MB globals, 20 P
gc 9632 @17.049s 7%: 0.10+0.46+0.068 ms clock, 2.0+0.37/0.71/0.083+1.3 ms cpu, 4->5->2 MB, 4 MB goal, 0 MB stacks, 0 MB globals, 20 P
gc 9633 @17.050s 7%: 0.073+0.29+0.077 ms clock, 1.4+0.37/0.56/0.003+1.5 ms cpu, 4->4->2 MB, 5 MB goal, 0 MB stacks, 0 MB globals, 20 P
gc 9634 @17.051s 7%: 0.054+0.34+0.096 ms clock, 1.0+0.33/0.62/0.012+1.9 ms cpu, 3->4->2 MB, 4 MB goal, 0 MB stacks, 0 MB globals, 20 P
gc 9635 @17.052s 7%: 0.079+0.39+0.065 ms clock, 1.5+0.35/0.58/0.025+1.3 ms cpu, 4->5->2 MB, 5 MB goal, 0 MB stacks, 0 MB globals, 20 P
gc 9636 @17.053s 7%: 0.068+0.27+0.069 ms clock, 1.3+0.27/0.57/0.046+1.3 ms cpu, 4->4->2 MB, 5 MB goal, 0 MB stacks, 0 MB globals, 20 P
gc 9637 @17.054s 7%: 0.060+0.36+0.091 ms clock, 1.2+0.45/0.59/0+1.8 ms cpu, 3->4->2 MB, 4 MB goal, 0 MB stacks, 0 MB globals, 20 P
gc 9638 @17.055s 7%: 0.099+0.81+0.042 ms clock, 1.9+0.25/0.63/0.036+0.85 ms cpu, 4->5->2 MB, 5 MB goal, 0 MB stacks, 0 MB globals, 20 P
gc 9639 @17.057s 7%: 0.071+0.36+0.061 ms clock, 1.4+0.32/0.55/0.003+1.2 ms cpu, 4->5->2 MB, 5 MB goal, 0 MB stacks, 0 MB globals, 20 P
gc 9640 @17.058s 7%: 0.082+0.47+0.064 ms clock, 1.6+0.36/0.68/0.005+1.2 ms cpu, 4->5->2 MB, 4 MB goal, 0 MB stacks, 0 MB globals, 20 P
gc 9641 @17.059s 7%: 0.068+0.32+0.077 ms clock, 1.3+0.36/0.62/0.003+1.5 ms cpu, 4->5->2 MB, 5 MB goal, 0 MB stacks, 0 MB globals, 20 P
gc 9642 @17.060s 7%: 0.082+0.30+0.12 ms clock, 1.6+0.23/0.67/0+2.4 ms cpu, 4->4->2 MB, 4 MB goal, 0 MB stacks, 0 MB globals, 20 P
gc 9643 @17.061s 7%: 0.067+0.33+0.064 ms clock, 1.3+0.32/0.61/0.001+1.2 ms cpu, 4->4->2 MB, 4 MB goal, 0 MB stacks, 0 MB globals, 20 P
gc 9644 @17.062s 7%: 0.050+0.42+0.027 ms clock, 1.0+0.30/0.58/0+0.55 ms cpu, 4->4->2 MB, 4 MB goal, 0 MB stacks, 0 MB globals, 20 P
gc 9645 @17.064s 7%: 0.076+0.57+0.037 ms clock, 1.5+0.25/0.67/0+0.74 ms cpu, 4->5->2 MB, 5 MB goal, 0 MB stacks, 0 MB globals, 20 P
gc 9646 @17.065s 7%: 0.066+0.57+0.029 ms clock, 1.3+0.43/0.64/0.022+0.59 ms cpu, 5->6->2 MB, 5 MB goal, 0 MB stacks, 0 MB globals, 20 P
gc 9647 @17.067s 7%: 0.089+0.26+0.063 ms clock, 1.7+0.27/0.55/0.028+1.2 ms cpu, 4->5->2 MB, 5 MB goal, 0 MB stacks, 0 MB globals, 20 P
gc 9648 @17.068s 7%: 0.081+0.52+0.017 ms clock, 1.6+0.30/0.65/0.020+0.35 ms cpu, 3->4->2 MB, 4 MB goal, 0 MB stacks, 0 MB globals, 20 P
gc 9649 @17.069s 7%: 0.065+0.37+0.047 ms clock, 1.3+0.38/0.57/0.046+0.95 ms cpu, 4->5->2 MB, 5 MB goal, 0 MB stacks, 0 MB globals, 20 P
gc 9650 @17.070s 7%: 0.051+0.33+0.066 ms clock, 1.0+0.24/0.62/0.057+1.3 ms cpu, 3->4->2 MB, 4 MB goal, 0 MB stacks, 0 MB globals, 20 P
gc 9651 @17.071s 7%: 0.047+0.42+0.044 ms clock, 0.94+0.41/0.55/0.025+0.88 ms cpu, 4->5->2 MB, 5 MB goal, 0 MB stacks, 0 MB globals, 20 P
gc 9652 @17.073s 7%: 0.092+0.31+0.053 ms clock, 1.8+0.26/0.57/0+1.0 ms cpu, 4->5->2 MB, 5 MB goal, 0 MB stacks, 0 MB globals, 20 P
gc 9653 @17.074s 7%: 0.067+0.32+0.071 ms clock, 1.3+0.32/0.65/0.13+1.4 ms cpu, 3->4->2 MB, 4 MB goal, 0 MB stacks, 0 MB globals, 20 P
gc 9654 @17.075s 7%: 0.048+0.37+0.017 ms clock, 0.96+0.25/0.65/0.001+0.35 ms cpu, 4->5->2 MB, 4 MB goal, 0 MB stacks, 0 MB globals, 20 P
gc 9655 @17.076s 7%: 0.058+0.43+0.069 ms clock, 1.1+0.28/0.60/0.026+1.3 ms cpu, 4->4->2 MB, 4 MB goal, 0 MB stacks, 0 MB globals, 20 P
gc 9656 @17.077s 7%: 0.070+0.35+0.058 ms clock, 1.4+0.35/0.62/0.017+1.1 ms cpu, 4->4->2 MB, 5 MB goal, 0 MB stacks, 0 MB globals, 20 P
gc 9657 @17.078s 7%: 0.072+0.52+0.055 ms clock, 1.4+0.35/0.64/0+1.1 ms cpu, 4->5->2 MB, 4 MB goal, 0 MB stacks, 0 MB globals, 20 P
gc 9658 @17.080s 7%: 0.066+0.26+0.091 ms clock, 1.3+0.28/0.62/0+1.8 ms cpu, 4->5->2 MB, 5 MB goal, 0 MB stacks, 0 MB globals, 20 P
gc 9659 @17.081s 7%: 0.061+0.39+0.075 ms clock, 1.2+0.25/0.68/0.024+1.5 ms cpu, 4->4->2 MB, 4 MB goal, 0 MB stacks, 0 MB globals, 20 P
gc 9660 @17.082s 7%: 0.063+0.35+0.057 ms clock, 1.2+0.30/0.64/0.029+1.1 ms cpu, 4->4->2 MB, 4 MB goal, 0 MB stacks, 0 MB globals, 20 P
gc 9661 @17.083s 7%: 0.063+0.28+0.071 ms clock, 1.2+0.19/0.66/0.008+1.4 ms cpu, 4->4->2 MB, 4 MB goal, 0 MB stacks, 0 MB globals, 20 P
gc 9662 @17.084s 7%: 0.083+0.46+0.073 ms clock, 1.6+0.37/0.55/0.061+1.4 ms cpu, 3->4->2 MB, 4 MB goal, 0 MB stacks, 0 MB globals, 20 P
gc 9663 @17.085s 7%: 0.059+0.40+0.037 ms clock, 1.1+0.29/0.64/0.013+0.75 ms cpu, 4->5->2 MB, 5 MB goal, 0 MB stacks, 0 MB globals, 20 P
gc 9664 @17.087s 7%: 0.10+0.37+0.061 ms clock, 2.1+0.24/0.58/0+1.2 ms cpu, 4->5->2 MB, 4 MB goal, 0 MB stacks, 0 MB globals, 20 P
gc 9665 @17.088s 7%: 0.066+0.38+0.039 ms clock, 1.3+0.32/0.75/0.005+0.78 ms cpu, 4->5->2 MB, 5 MB goal, 0 MB stacks, 0 MB globals, 20 P
gc 9666 @17.089s 7%: 0.071+0.44+0.089 ms clock, 1.4+0.25/0.60/0+1.7 ms cpu, 4->5->2 MB, 5 MB goal, 0 MB stacks, 0 MB globals, 20 P
gc 9667 @17.090s 7%: 0.056+0.32+0.082 ms clock, 1.1+0.36/0.54/0+1.6 ms cpu, 4->5->2 MB, 4 MB goal, 0 MB stacks, 0 MB globals, 20 P
gc 9668 @17.091s 7%: 0.083+0.55+0.059 ms clock, 1.6+0.26/0.71/0.019+1.1 ms cpu, 4->5->2 MB, 4 MB goal, 0 MB stacks, 0 MB globals, 20 P
gc 9669 @17.093s 7%: 0.044+0.45+0.064 ms clock, 0.89+0.29/0.73/0.038+1.2 ms cpu, 4->5->2 MB, 5 MB goal, 0 MB stacks, 0 MB globals, 20 P
gc 9670 @17.094s 7%: 0.092+0.42+0.047 ms clock, 1.8+0.28/0.57/0+0.95 ms cpu, 4->5->2 MB, 5 MB goal, 0 MB stacks, 0 MB globals, 20 P
gc 9671 @17.096s 7%: 0.081+0.45+0.082 ms clock, 1.6+0.28/0.57/0+1.6 ms cpu, 4->5->2 MB, 5 MB goal, 0 MB stacks, 0 MB globals, 20 P
gc 9672 @17.097s 7%: 0.088+0.39+0.063 ms clock, 1.7+0.079/0.75/0+1.2 ms cpu, 4->5->2 MB, 5 MB goal, 0 MB stacks, 0 MB globals, 20 P
gc 9673 @17.098s 7%: 0.038+0.29+0.032 ms clock, 0.77+0.21/0.56/0+0.64 ms cpu, 4->5->2 MB, 5 MB goal, 0 MB stacks, 0 MB globals, 20 P
gc 9674 @17.099s 7%: 0.069+0.29+0.064 ms clock, 1.3+0.24/0.66/0+1.2 ms cpu, 4->4->2 MB, 4 MB goal, 0 MB stacks, 0 MB globals, 20 P
gc 9675 @17.100s 7%: 0.078+0.35+0.039 ms clock, 1.5+0.20/0.65/0+0.78 ms cpu, 3->4->2 MB, 4 MB goal, 0 MB stacks, 0 MB globals, 20 P
gc 9676 @17.101s 7%: 0.079+0.49+0.053 ms clock, 1.5+0.28/0.61/0+1.0 ms cpu, 4->5->2 MB, 5 MB goal, 0 MB stacks, 0 MB globals, 20 P
gc 9677 @17.103s 7%: 0.072+0.45+0.052 ms clock, 1.4+0.26/0.66/0+1.0 ms cpu, 4->5->2 MB, 5 MB goal, 0 MB stacks, 0 MB globals, 20 P
gc 9678 @17.104s 7%: 0.068+0.47+0.071 ms clock, 1.3+0.38/0.66/0.004+1.4 ms cpu, 4->5->2 MB, 5 MB goal, 0 MB stacks, 0 MB globals, 20 P
gc 9679 @17.106s 7%: 0.064+0.27+0.067 ms clock, 1.2+0.37/0.63/0.014+1.3 ms cpu, 4->5->2 MB, 5 MB goal, 0 MB stacks, 0 MB globals, 20 P
gc 9680 @17.107s 7%: 0.078+0.47+0.080 ms clock, 1.5+0.28/0.60/0.025+1.6 ms cpu, 4->5->2 MB, 4 MB goal, 0 MB stacks, 0 MB globals, 20 P
gc 9681 @17.108s 7%: 0.081+0.38+0.044 ms clock, 1.6+0.31/0.63/0.011+0.89 ms cpu, 4->5->2 MB, 5 MB goal, 0 MB stacks, 0 MB globals, 20 P
gc 9682 @17.110s 7%: 0.056+0.41+0.096 ms clock, 1.1+0.20/0.65/0.004+1.9 ms cpu, 4->5->2 MB, 5 MB goal, 0 MB stacks, 0 MB globals, 20 P
gc 9683 @17.111s 7%: 0.070+0.40+0.084 ms clock, 1.4+0.27/0.66/0.016+1.6 ms cpu, 4->5->2 MB, 5 MB goal, 0 MB stacks, 0 MB globals, 20 P
gc 9684 @17.112s 7%: 0.087+0.36+0.089 ms clock, 1.7+0.27/0.50/0.10+1.7 ms cpu, 4->5->2 MB, 5 MB goal, 0 MB stacks, 0 MB globals, 20 P
gc 9685 @17.113s 7%: 0.062+0.36+0.031 ms clock, 1.2+0.28/0.65/0.059+0.62 ms cpu, 4->5->2 MB, 4 MB goal, 0 MB stacks, 0 MB globals, 20 P
gc 9686 @17.115s 7%: 0.038+0.36+0.016 ms clock, 0.77+0.31/0.54/0.053+0.33 ms cpu, 4->4->2 MB, 4 MB goal, 0 MB stacks, 0 MB globals, 20 P
gc 9687 @17.116s 7%: 0.072+0.43+0.021 ms clock, 1.4+0.24/0.66/0+0.43 ms cpu, 3->4->2 MB, 4 MB goal, 0 MB stacks, 0 MB globals, 20 P
gc 9688 @17.117s 7%: 0.073+0.64+0.073 ms clock, 1.4+0.44/0.51/0+1.4 ms cpu, 4->5->2 MB, 5 MB goal, 0 MB stacks, 0 MB globals, 20 P
gc 9689 @17.119s 7%: 0.070+0.38+0.062 ms clock, 1.4+0.32/0.64/0+1.2 ms cpu, 5->6->2 MB, 5 MB goal, 0 MB stacks, 0 MB globals, 20 P
gc 9690 @17.120s 7%: 0.040+0.37+0.049 ms clock, 0.80+0.32/0.71/0.003+0.98 ms cpu, 4->5->2 MB, 5 MB goal, 0 MB stacks, 0 MB globals, 20 P
gc 9691 @17.121s 7%: 0.068+0.30+0.054 ms clock, 1.3+0.30/0.64/0.008+1.0 ms cpu, 4->4->2 MB, 5 MB goal, 0 MB stacks, 0 MB globals, 20 P
gc 9692 @17.122s 7%: 0.034+0.38+0.030 ms clock, 0.69+0.47/0.75/0.021+0.60 ms cpu, 3->4->2 MB, 4 MB goal, 0 MB stacks, 0 MB globals, 20 P
gc 9693 @17.124s 7%: 0.048+0.43+0.071 ms clock, 0.96+0.25/0.49/0.044+1.4 ms cpu, 4->5->2 MB, 5 MB goal, 0 MB stacks, 0 MB globals, 20 P
gc 9694 @17.125s 7%: 0.079+0.44+0.094 ms clock, 1.5+0.32/0.63/0+1.8 ms cpu, 4->5->2 MB, 4 MB goal, 0 MB stacks, 0 MB globals, 20 P
gc 9695 @17.126s 7%: 0.089+0.23+0.060 ms clock, 1.7+0.27/0.54/0.048+1.2 ms cpu, 4->4->2 MB, 4 MB goal, 0 MB stacks, 0 MB globals, 20 P
gc 9696 @17.127s 7%: 0.085+0.45+0.088 ms clock, 1.7+0.28/0.71/0+1.7 ms cpu, 3->4->2 MB, 4 MB goal, 0 MB stacks, 0 MB globals, 20 P
gc 9697 @17.128s 7%: 0.072+0.43+0.013 ms clock, 1.4+0.38/0.79/0.009+0.26 ms cpu, 4->5->2 MB, 5 MB goal, 0 MB stacks, 0 MB globals, 20 P
gc 9698 @17.130s 7%: 0.062+0.32+0.064 ms clock, 1.2+0.30/0.61/0.008+1.2 ms cpu, 4->5->2 MB, 5 MB goal, 0 MB stacks, 0 MB globals, 20 P
gc 9699 @17.131s 7%: 0.092+0.34+0.009 ms clock, 1.8+0.24/0.60/0.028+0.18 ms cpu, 4->5->2 MB, 5 MB goal, 0 MB stacks, 0 MB globals, 20 P
gc 9700 @17.132s 7%: 0.091+0.43+0.067 ms clock, 1.8+0.45/0.65/0.018+1.3 ms cpu, 4->5->2 MB, 4 MB goal, 0 MB stacks, 0 MB globals, 20 P
gc 9701 @17.133s 7%: 0.072+0.31+0.068 ms clock, 1.4+0.19/0.63/0.035+1.3 ms cpu, 4->4->2 MB, 5 MB goal, 0 MB stacks, 0 MB globals, 20 P
gc 9702 @17.134s 7%: 0.077+0.42+0.042 ms clock, 1.5+0.33/0.61/0.018+0.85 ms cpu, 3->4->2 MB, 4 MB goal, 0 MB stacks, 0 MB globals, 20 P
gc 9703 @17.136s 7%: 0.031+0.35+0.035 ms clock, 0.63+0.27/0.62/0.046+0.71 ms cpu, 4->5->2 MB, 5 MB goal, 0 MB stacks, 0 MB globals, 20 P
gc 9704 @17.137s 7%: 0.064+0.33+0.061 ms clock, 1.2+0.31/0.69/0.030+1.2 ms cpu, 4->5->2 MB, 5 MB goal, 0 MB stacks, 0 MB globals, 20 P
gc 9705 @17.138s 7%: 0.063+0.37+0.077 ms clock, 1.2+0.28/0.58/0.020+1.5 ms cpu, 4->4->2 MB, 4 MB goal, 0 MB stacks, 0 MB globals, 20 P
gc 9706 @17.139s 7%: 0.086+0.39+0.077 ms clock, 1.7+0.31/0.65/0+1.5 ms cpu, 4->5->2 MB, 4 MB goal, 0 MB stacks, 0 MB globals, 20 P
gc 9707 @17.140s 7%: 0.062+0.55+0.042 ms clock, 1.2+0.31/0.60/0.004+0.85 ms cpu, 4->5->2 MB, 5 MB goal, 0 MB stacks, 0 MB globals, 20 P
gc 9708 @17.142s 7%: 0.069+0.46+0.059 ms clock, 1.3+0.31/0.60/0.19+1.1 ms cpu, 4->5->2 MB, 5 MB goal, 0 MB stacks, 0 MB globals, 20 P
gc 9709 @17.143s 7%: 0.075+0.43+0.071 ms clock, 1.5+0.36/0.57/0.073+1.4 ms cpu, 4->5->2 MB, 5 MB goal, 0 MB stacks, 0 MB globals, 20 P
gc 9710 @17.145s 7%: 0.045+0.37+0.059 ms clock, 0.90+0.41/0.61/0.022+1.1 ms cpu, 4->5->2 MB, 5 MB goal, 0 MB stacks, 0 MB globals, 20 P
gc 9711 @17.146s 7%: 0.034+0.32+0.040 ms clock, 0.68+0.28/0.53/0.17+0.80 ms cpu, 4->5->2 MB, 5 MB goal, 0 MB stacks, 0 MB globals, 20 P
gc 9712 @17.147s 7%: 0.040+0.33+0.016 ms clock, 0.80+0.32/0.55/0.005+0.32 ms cpu, 4->5->2 MB, 4 MB goal, 0 MB stacks, 0 MB globals, 20 P
gc 9713 @17.148s 7%: 0.067+0.41+0.043 ms clock, 1.3+0.35/0.66/0.10+0.86 ms cpu, 4->5->2 MB, 5 MB goal, 0 MB stacks, 0 MB globals, 20 P
gc 9714 @17.149s 7%: 0.052+0.30+0.10 ms clock, 1.0+0.32/0.63/0.007+2.1 ms cpu, 4->5->2 MB, 5 MB goal, 0 MB stacks, 0 MB globals, 20 P
gc 9715 @17.150s 7%: 0.074+0.47+0.075 ms clock, 1.4+0.30/0.58/0.015+1.5 ms cpu, 4->5->2 MB, 5 MB goal, 0 MB stacks, 0 MB globals, 20 P
gc 9716 @17.152s 7%: 0.053+0.43+0.051 ms clock, 1.0+0.53/0.54/0.021+1.0 ms cpu, 4->5->2 MB, 5 MB goal, 0 MB stacks, 0 MB globals, 20 P
gc 9717 @17.153s 7%: 0.054+0.37+0.033 ms clock, 1.0+0.35/0.61/0+0.67 ms cpu, 4->5->2 MB, 5 MB goal, 0 MB stacks, 0 MB globals, 20 P
gc 9718 @17.155s 7%: 0.077+0.68+0.034 ms clock, 1.5+0.42/0.56/0.027+0.68 ms cpu, 4->5->2 MB, 5 MB goal, 0 MB stacks, 0 MB globals, 20 P
gc 9719 @17.156s 7%: 0.069+0.21+0.050 ms clock, 1.3+0.32/0.59/0.022+1.0 ms cpu, 5->5->1 MB, 6 MB goal, 0 MB stacks, 0 MB globals, 20 P
gc 9720 @17.157s 7%: 0.075+0.47+0.057 ms clock, 1.5+0.43/0.57/0.047+1.1 ms cpu, 3->4->2 MB, 4 MB goal, 0 MB stacks, 0 MB globals, 20 P
gc 9721 @17.159s 7%: 0.039+0.43+0.052 ms clock, 0.79+0.22/0.69/0.055+1.0 ms cpu, 4->5->2 MB, 5 MB goal, 0 MB stacks, 0 MB globals, 20 P
gc 9722 @17.160s 7%: 0.085+0.39+0.072 ms clock, 1.7+0.31/0.63/0.028+1.4 ms cpu, 4->5->2 MB, 5 MB goal, 0 MB stacks, 0 MB globals, 20 P
gc 9723 @17.161s 7%: 0.053+0.33+0.034 ms clock, 1.0+0.30/0.62/0+0.68 ms cpu, 4->4->2 MB, 4 MB goal, 0 MB stacks, 0 MB globals, 20 P
gc 9724 @17.162s 7%: 0.067+0.28+0.067 ms clock, 1.3+0.34/0.69/0.008+1.3 ms cpu, 4->4->2 MB, 4 MB goal, 0 MB stacks, 0 MB globals, 20 P
gc 9725 @17.163s 7%: 0.074+0.39+0.085 ms clock, 1.4+0.30/0.76/0+1.7 ms cpu, 4->5->2 MB, 4 MB goal, 0 MB stacks, 0 MB globals, 20 P
gc 9726 @17.165s 7%: 0.035+0.38+0.036 ms clock, 0.71+0.35/0.61/0.046+0.72 ms cpu, 4->4->2 MB, 5 MB goal, 0 MB stacks, 0 MB globals, 20 P
gc 9727 @17.166s 7%: 0.040+0.45+0.058 ms clock, 0.81+0.30/0.56/0.046+1.1 ms cpu, 4->5->2 MB, 4 MB goal, 0 MB stacks, 0 MB globals, 20 P
gc 9728 @17.167s 7%: 0.047+0.28+0.027 ms clock, 0.95+0.41/0.72/0.003+0.54 ms cpu, 4->5->2 MB, 5 MB goal, 0 MB stacks, 0 MB globals, 20 P
gc 9729 @17.168s 7%: 0.080+0.37+0.037 ms clock, 1.6+0.36/0.60/0.037+0.75 ms cpu, 4->4->2 MB, 4 MB goal, 0 MB stacks, 0 MB globals, 20 P
gc 9730 @17.170s 7%: 0.077+0.37+0.051 ms clock, 1.5+0.28/0.56/0.047+1.0 ms cpu, 4->5->2 MB, 5 MB goal, 0 MB stacks, 0 MB globals, 20 P
gc 9731 @17.171s 7%: 0.072+0.43+0.049 ms clock, 1.4+0.36/0.53/0.10+0.99 ms cpu, 4->5->2 MB, 5 MB goal, 0 MB stacks, 0 MB globals, 20 P
gc 9732 @17.172s 7%: 0.070+0.51+0.065 ms clock, 1.4+0.25/0.65/0.001+1.3 ms cpu, 4->5->2 MB, 5 MB goal, 0 MB stacks, 0 MB globals, 20 P
gc 9733 @17.173s 7%: 0.075+0.35+0.081 ms clock, 1.5+0.28/0.68/0+1.6 ms cpu, 4->5->2 MB, 5 MB goal, 0 MB stacks, 0 MB globals, 20 P
gc 9734 @17.174s 7%: 0.053+0.40+0.053 ms clock, 1.0+0.48/0.57/0+1.0 ms cpu, 4->5->2 MB, 4 MB goal, 0 MB stacks, 0 MB globals, 20 P
gc 9735 @17.176s 7%: 0.057+0.54+0.054 ms clock, 1.1+0.26/0.66/0.003+1.0 ms cpu, 4->5->2 MB, 5 MB goal, 0 MB stacks, 0 MB globals, 20 P
gc 9736 @17.177s 7%: 0.10+0.42+0.062 ms clock, 2.1+0.30/0.62/0+1.2 ms cpu, 4->5->2 MB, 5 MB goal, 0 MB stacks, 0 MB globals, 20 P
gc 9737 @17.179s 7%: 0.061+0.42+0.067 ms clock, 1.2+0.34/0.74/0.010+1.3 ms cpu, 4->5->2 MB, 5 MB goal, 0 MB stacks, 0 MB globals, 20 P
gc 9738 @17.180s 7%: 0.062+0.24+0.022 ms clock, 1.2+0.41/0.63/0.006+0.45 ms cpu, 4->4->2 MB, 5 MB goal, 0 MB stacks, 0 MB globals, 20 P
gc 9739 @17.181s 7%: 0.063+0.51+0.017 ms clock, 1.2+0.44/0.58/0.054+0.34 ms cpu, 4->5->2 MB, 4 MB goal, 0 MB stacks, 0 MB globals, 20 P
gc 9740 @17.182s 7%: 0.073+0.37+0.11 ms clock, 1.4+0.17/0.80/0+2.3 ms cpu, 4->5->2 MB, 5 MB goal, 0 MB stacks, 0 MB globals, 20 P
gc 9741 @17.183s 7%: 0.070+0.51+0.014 ms clock, 1.4+0.31/0.64/0.013+0.28 ms cpu, 4->5->2 MB, 5 MB goal, 0 MB stacks, 0 MB globals, 20 P
gc 9742 @17.185s 7%: 0.077+0.41+0.047 ms clock, 1.5+0.33/0.59/0.014+0.95 ms cpu, 4->5->2 MB, 5 MB goal, 0 MB stacks, 0 MB globals, 20 P
gc 9743 @17.187s 7%: 0.068+0.39+0.030 ms clock, 1.3+0.39/0.65/0.002+0.61 ms cpu, 4->5->2 MB, 5 MB goal, 0 MB stacks, 0 MB globals, 20 P
gc 9744 @17.188s 7%: 0.089+0.38+0.043 ms clock, 1.7+0.37/0.58/0.008+0.87 ms cpu, 4->4->2 MB, 4 MB goal, 0 MB stacks, 0 MB globals, 20 P
gc 9745 @17.189s 7%: 0.069+0.59+0.061 ms clock, 1.3+0.28/0.77/0+1.2 ms cpu, 3->5->2 MB, 4 MB goal, 0 MB stacks, 0 MB globals, 20 P
gc 9746 @17.191s 7%: 0.085+0.41+0.051 ms clock, 1.7+0.30/0.69/0.004+1.0 ms cpu, 4->6->2 MB, 5 MB goal, 0 MB stacks, 0 MB globals, 20 P
gc 9747 @17.192s 7%: 0.057+0.48+0.051 ms clock, 1.1+0.38/0.59/0.041+1.0 ms cpu, 4->5->2 MB, 5 MB goal, 0 MB stacks, 0 MB globals, 20 P
gc 9748 @17.193s 7%: 0.075+0.35+0.033 ms clock, 1.5+0.28/0.71/0+0.66 ms cpu, 4->5->2 MB, 5 MB goal, 0 MB stacks, 0 MB globals, 20 P
gc 9749 @17.194s 7%: 0.049+0.53+0.062 ms clock, 0.98+0.28/0.63/0.001+1.2 ms cpu, 4->5->2 MB, 4 MB goal, 0 MB stacks, 0 MB globals, 20 P
gc 9750 @17.196s 7%: 0.060+0.44+0.088 ms clock, 1.2+0.29/0.63/0+1.7 ms cpu, 4->5->2 MB, 5 MB goal, 0 MB stacks, 0 MB globals, 20 P
gc 9751 @17.197s 7%: 0.040+0.40+0.066 ms clock, 0.81+0.47/0.58/0.056+1.3 ms cpu, 4->5->2 MB, 5 MB goal, 0 MB stacks, 0 MB globals, 20 P
gc 9752 @17.198s 7%: 0.041+0.34+0.022 ms clock, 0.83+0.36/0.56/0+0.45 ms cpu, 3->4->2 MB, 4 MB goal, 0 MB stacks, 0 MB globals, 20 P
gc 9753 @17.199s 7%: 0.093+0.50+0.054 ms clock, 1.8+0.37/0.64/0+1.0 ms cpu, 3->4->2 MB, 4 MB goal, 0 MB stacks, 0 MB globals, 20 P
gc 9754 @17.200s 7%: 0.091+0.46+0.028 ms clock, 1.8+0.25/0.68/0+0.56 ms cpu, 4->5->2 MB, 5 MB goal, 0 MB stacks, 0 MB globals, 20 P
gc 9755 @17.202s 7%: 0.036+0.39+0.066 ms clock, 0.72+0.39/0.64/0.033+1.3 ms cpu, 4->5->2 MB, 5 MB goal, 0 MB stacks, 0 MB globals, 20 P
gc 9756 @17.203s 7%: 0.049+0.30+0.078 ms clock, 0.98+0.31/0.66/0+1.5 ms cpu, 4->5->2 MB, 5 MB goal, 0 MB stacks, 0 MB globals, 20 P
gc 9757 @17.204s 7%: 0.072+0.54+0.077 ms clock, 1.4+0.26/0.66/0+1.5 ms cpu, 4->5->2 MB, 4 MB goal, 0 MB stacks, 0 MB globals, 20 P
gc 9758 @17.205s 7%: 0.067+0.49+0.056 ms clock, 1.3+0.30/0.59/0.036+1.1 ms cpu, 4->5->2 MB, 5 MB goal, 0 MB stacks, 0 MB globals, 20 P
gc 9759 @17.207s 7%: 0.071+0.37+0.025 ms clock, 1.4+0.32/0.56/0.099+0.51 ms cpu, 4->5->2 MB, 5 MB goal, 0 MB stacks, 0 MB globals, 20 P
gc 9760 @17.208s 7%: 0.066+0.36+0.061 ms clock, 1.3+0.33/0.62/0.010+1.2 ms cpu, 4->4->2 MB, 4 MB goal, 0 MB stacks, 0 MB globals, 20 P
gc 9761 @17.209s 7%: 0.063+0.24+0.016 ms clock, 1.2+0.33/0.60/0.060+0.32 ms cpu, 4->4->1 MB, 4 MB goal, 0 MB stacks, 0 MB globals, 20 P
gc 9762 @17.210s 7%: 0.076+0.32+0.085 ms clock, 1.5+0.31/0.64/0.013+1.7 ms cpu, 3->4->2 MB, 4 MB goal, 0 MB stacks, 0 MB globals, 20 P
gc 9763 @17.211s 7%: 0.060+0.36+0.081 ms clock, 1.2+0.20/0.79/0+1.6 ms cpu, 4->4->2 MB, 4 MB goal, 0 MB stacks, 0 MB globals, 20 P
gc 9764 @17.212s 7%: 0.065+0.31+0.062 ms clock, 1.3+0.23/0.54/0.070+1.2 ms cpu, 4->4->2 MB, 4 MB goal, 0 MB stacks, 0 MB globals, 20 P
gc 9765 @17.213s 7%: 0.044+0.53+0.075 ms clock, 0.88+0.28/0.61/0+1.5 ms cpu, 3->4->2 MB, 4 MB goal, 0 MB stacks, 0 MB globals, 20 P
gc 9766 @17.215s 7%: 0.086+0.40+0.040 ms clock, 1.7+0.32/0.57/0.058+0.81 ms cpu, 4->5->2 MB, 5 MB goal, 0 MB stacks, 0 MB globals, 20 P
gc 9767 @17.216s 7%: 0.073+0.40+0.072 ms clock, 1.4+0.33/0.60/0.089+1.4 ms cpu, 4->4->2 MB, 4 MB goal, 0 MB stacks, 0 MB globals, 20 P
gc 9768 @17.217s 7%: 0.073+0.52+0.028 ms clock, 1.4+0.27/0.68/0.028+0.57 ms cpu, 4->5->2 MB, 4 MB goal, 0 MB stacks, 0 MB globals, 20 P
gc 9769 @17.219s 7%: 0.028+0.51+0.069 ms clock, 0.57+0.30/0.63/0.003+1.3 ms cpu, 4->5->2 MB, 5 MB goal, 0 MB stacks, 0 MB globals, 20 P
gc 9770 @17.220s 7%: 0.065+0.48+0.023 ms clock, 1.3+0.34/0.61/0.010+0.47 ms cpu, 4->5->2 MB, 5 MB goal, 0 MB stacks, 0 MB globals, 20 P
gc 9771 @17.222s 7%: 0.071+0.42+0.072 ms clock, 1.4+0.35/0.62/0+1.4 ms cpu, 4->5->2 MB, 5 MB goal, 0 MB stacks, 0 MB globals, 20 P
gc 9772 @17.223s 7%: 0.064+0.48+0.052 ms clock, 1.2+0.19/0.62/0.018+1.0 ms cpu, 4->5->2 MB, 5 MB goal, 0 MB stacks, 0 MB globals, 20 P
gc 9773 @17.225s 7%: 0.031+0.44+0.070 ms clock, 0.63+0.35/0.64/0.070+1.4 ms cpu, 4->5->2 MB, 5 MB goal, 0 MB stacks, 0 MB globals, 20 P
gc 9774 @17.226s 7%: 0.049+0.57+0.047 ms clock, 0.98+0.31/0.61/0.014+0.94 ms cpu, 4->5->2 MB, 4 MB goal, 0 MB stacks, 0 MB globals, 20 P
gc 9775 @17.227s 7%: 0.059+0.26+0.072 ms clock, 1.1+0.20/0.64/0+1.4 ms cpu, 4->5->2 MB, 5 MB goal, 0 MB stacks, 0 MB globals, 20 P
gc 9776 @17.229s 7%: 0.074+0.41+0.073 ms clock, 1.4+0.24/0.61/0.017+1.4 ms cpu, 3->4->2 MB, 4 MB goal, 0 MB stacks, 0 MB globals, 20 P
gc 9777 @17.230s 7%: 0.077+0.43+0.025 ms clock, 1.5+0.38/0.66/0.095+0.51 ms cpu, 4->5->2 MB, 4 MB goal, 0 MB stacks, 0 MB globals, 20 P
gc 9778 @17.231s 7%: 0.039+0.35+0.022 ms clock, 0.78+0.14/0.76/0.066+0.44 ms cpu, 4->5->2 MB, 5 MB goal, 0 MB stacks, 0 MB globals, 20 P
gc 9779 @17.232s 7%: 0.071+0.40+0.053 ms clock, 1.4+0.23/0.74/0+1.0 ms cpu, 3->4->2 MB, 4 MB goal, 0 MB stacks, 0 MB globals, 20 P
gc 9780 @17.234s 7%: 0.057+0.34+0.055 ms clock, 1.1+0.27/0.74/0.001+1.1 ms cpu, 4->5->2 MB, 4 MB goal, 0 MB stacks, 0 MB globals, 20 P
gc 9781 @17.235s 7%: 0.075+0.24+0.062 ms clock, 1.5+0.24/0.65/0+1.2 ms cpu, 4->5->2 MB, 5 MB goal, 0 MB stacks, 0 MB globals, 20 P
gc 9782 @17.236s 7%: 0.044+0.35+0.018 ms clock, 0.88+0.31/0.52/0.096+0.37 ms cpu, 4->4->2 MB, 4 MB goal, 0 MB stacks, 0 MB globals, 20 P
gc 9783 @17.237s 7%: 0.062+0.35+0.062 ms clock, 1.2+0.35/0.51/0.011+1.2 ms cpu, 3->4->2 MB, 4 MB goal, 0 MB stacks, 0 MB globals, 20 P
gc 9784 @17.238s 7%: 0.044+0.42+0.004 ms clock, 0.89+0.29/0.67/0.012+0.087 ms cpu, 3->4->2 MB, 4 MB goal, 0 MB stacks, 0 MB globals, 20 P
gc 9785 @17.240s 7%: 0.044+0.38+0.068 ms clock, 0.88+0.21/0.65/0.093+1.3 ms cpu, 4->5->2 MB, 4 MB goal, 0 MB stacks, 0 MB globals, 20 P
gc 9786 @17.241s 7%: 0.061+0.33+0.073 ms clock, 1.2+0.23/0.65/0+1.4 ms cpu, 4->5->2 MB, 5 MB goal, 0 MB stacks, 0 MB globals, 20 P
gc 9787 @17.242s 7%: 0.072+0.27+0.031 ms clock, 1.4+0.30/0.62/0.005+0.62 ms cpu, 4->4->1 MB, 4 MB goal, 0 MB stacks, 0 MB globals, 20 P
gc 9788 @17.243s 7%: 0.061+0.34+0.070 ms clock, 1.2+0.37/0.64/0.026+1.4 ms cpu, 3->4->2 MB, 4 MB goal, 0 MB stacks, 0 MB globals, 20 P
gc 9789 @17.244s 7%: 0.051+0.44+0.019 ms clock, 1.0+0.079/0.62/0.049+0.38 ms cpu, 3->4->2 MB, 4 MB goal, 0 MB stacks, 0 MB globals, 20 P
gc 9790 @17.246s 7%: 0.070+0.49+0.079 ms clock, 1.4+0.35/0.66/0+1.5 ms cpu, 4->5->2 MB, 4 MB goal, 0 MB stacks, 0 MB globals, 20 P
gc 9791 @17.247s 7%: 0.083+0.41+0.059 ms clock, 1.6+0.36/0.64/0.006+1.1 ms cpu, 4->5->2 MB, 4 MB goal, 0 MB stacks, 0 MB globals, 20 P
gc 9792 @17.248s 7%: 0.084+0.34+0.058 ms clock, 1.6+0.30/0.66/0+1.1 ms cpu, 4->5->2 MB, 5 MB goal, 0 MB stacks, 0 MB globals, 20 P
gc 9793 @17.250s 7%: 0.077+0.26+0.066 ms clock, 1.5+0.20/0.63/0.001+1.3 ms cpu, 4->4->1 MB, 4 MB goal, 0 MB stacks, 0 MB globals, 20 P
gc 9794 @17.251s 7%: 0.064+0.44+0.040 ms clock, 1.2+0.30/0.65/0.013+0.81 ms cpu, 3->4->2 MB, 4 MB goal, 0 MB stacks, 0 MB globals, 20 P
gc 9795 @17.252s 7%: 0.080+0.46+0.078 ms clock, 1.6+0.34/0.59/0.001+1.5 ms cpu, 4->5->2 MB, 5 MB goal, 0 MB stacks, 0 MB globals, 20 P
gc 9796 @17.254s 7%: 0.055+0.52+0.042 ms clock, 1.1+0.26/0.66/0.020+0.84 ms cpu, 4->5->2 MB, 5 MB goal, 0 MB stacks, 0 MB globals, 20 P
gc 9797 @17.255s 7%: 0.042+0.41+0.067 ms clock, 0.84+0.33/0.64/0.043+1.3 ms cpu, 4->5->2 MB, 4 MB goal, 0 MB stacks, 0 MB globals, 20 P
gc 9798 @17.257s 7%: 0.021+0.44+0.059 ms clock, 0.43+0.21/0.62/0.003+1.1 ms cpu, 4->5->2 MB, 5 MB goal, 0 MB stacks, 0 MB globals, 20 P
gc 9799 @17.258s 7%: 0.085+0.33+0.071 ms clock, 1.7+0.39/0.61/0.031+1.4 ms cpu, 4->4->2 MB, 4 MB goal, 0 MB stacks, 0 MB globals, 20 P
gc 9800 @17.259s 7%: 0.066+0.42+0.031 ms clock, 1.3+0.25/0.58/0.027+0.63 ms cpu, 4->4->2 MB, 4 MB goal, 0 MB stacks, 0 MB globals, 20 P
gc 9801 @17.260s 7%: 0.065+0.44+0.064 ms clock, 1.3+0.29/0.66/0+1.2 ms cpu, 4->5->2 MB, 5 MB goal, 0 MB stacks, 0 MB globals, 20 P
gc 9802 @17.261s 7%: 0.073+0.31+0.055 ms clock, 1.4+0.30/0.66/0.063+1.1 ms cpu, 4->4->2 MB, 4 MB goal, 0 MB stacks, 0 MB globals, 20 P
gc 9803 @17.263s 7%: 0.12+0.37+0.029 ms clock, 2.5+0.24/0.61/0+0.59 ms cpu, 4->4->2 MB, 4 MB goal, 0 MB stacks, 0 MB globals, 20 P
gc 9804 @17.264s 7%: 0.064+0.42+0.032 ms clock, 1.2+0.23/0.75/0.002+0.65 ms cpu, 4->5->2 MB, 4 MB goal, 0 MB stacks, 0 MB globals, 20 P
gc 9805 @17.265s 7%: 0.056+0.41+0.069 ms clock, 1.1+0.28/0.65/0+1.3 ms cpu, 4->5->2 MB, 5 MB goal, 0 MB stacks, 0 MB globals, 20 P
gc 9806 @17.267s 7%: 0.070+0.34+0.023 ms clock, 1.4+0.27/0.65/0.034+0.47 ms cpu, 4->4->1 MB, 5 MB goal, 0 MB stacks, 0 MB globals, 20 P
gc 9807 @17.268s 7%: 0.068+0.28+0.029 ms clock, 1.3+0.43/0.69/0.008+0.59 ms cpu, 3->4->2 MB, 4 MB goal, 0 MB stacks, 0 MB globals, 20 P
gc 9808 @17.269s 7%: 0.032+0.50+0.014 ms clock, 0.64+0.34/0.66/0+0.28 ms cpu, 4->5->2 MB, 4 MB goal, 0 MB stacks, 0 MB globals, 20 P
gc 9809 @17.270s 7%: 0.026+0.34+0.029 ms clock, 0.53+0.24/0.63/0.11+0.59 ms cpu, 4->5->2 MB, 5 MB goal, 0 MB stacks, 0 MB globals, 20 P
gc 9810 @17.271s 7%: 0.094+0.44+0.041 ms clock, 1.8+0.38/0.64/0+0.83 ms cpu, 3->5->2 MB, 4 MB goal, 0 MB stacks, 0 MB globals, 20 P
gc 9811 @17.272s 7%: 0.082+0.39+0.10 ms clock, 1.6+0.25/0.57/0.067+2.0 ms cpu, 4->5->2 MB, 5 MB goal, 0 MB stacks, 0 MB globals, 20 P
gc 9812 @17.274s 7%: 0.088+0.38+0.060 ms clock, 1.7+0.29/0.68/0+1.2 ms cpu, 4->5->2 MB, 4 MB goal, 0 MB stacks, 0 MB globals, 20 P
gc 9813 @17.275s 7%: 0.029+0.36+0.073 ms clock, 0.58+0.30/0.69/0.058+1.4 ms cpu, 4->5->2 MB, 5 MB goal, 0 MB stacks, 0 MB globals, 20 P
gc 9814 @17.276s 7%: 0.076+0.36+0.086 ms clock, 1.5+0.37/0.59/0.12+1.7 ms cpu, 4->5->2 MB, 5 MB goal, 0 MB stacks, 0 MB globals, 20 P
gc 9815 @17.277s 7%: 0.064+0.51+0.038 ms clock, 1.2+0.25/0.71/0.011+0.76 ms cpu, 4->5->2 MB, 4 MB goal, 0 MB stacks, 0 MB globals, 20 P
gc 9816 @17.278s 7%: 0.056+0.45+0.065 ms clock, 1.1+0.27/0.54/0+1.3 ms cpu, 4->5->2 MB, 5 MB goal, 0 MB stacks, 0 MB globals, 20 P
gc 9817 @17.280s 7%: 0.073+0.39+0.013 ms clock, 1.4+0.24/0.62/0.009+0.26 ms cpu, 4->4->2 MB, 4 MB goal, 0 MB stacks, 0 MB globals, 20 P
gc 9818 @17.281s 7%: 0.037+0.42+0.085 ms clock, 0.75+0.26/0.73/0.007+1.7 ms cpu, 4->5->2 MB, 4 MB goal, 0 MB stacks, 0 MB globals, 20 P
gc 9819 @17.282s 7%: 0.066+0.27+0.003 ms clock, 1.3+0.34/0.58/0+0.069 ms cpu, 4->4->2 MB, 5 MB goal, 0 MB stacks, 0 MB globals, 20 P
gc 9820 @17.283s 7%: 0.079+0.41+0.064 ms clock, 1.5+0.32/0.69/0.001+1.2 ms cpu, 3->4->2 MB, 4 MB goal, 0 MB stacks, 0 MB globals, 20 P
gc 9821 @17.284s 7%: 0.065+0.45+0.073 ms clock, 1.3+0.30/0.72/0.004+1.4 ms cpu, 4->5->2 MB, 5 MB goal, 0 MB stacks, 0 MB globals, 20 P
gc 9822 @17.285s 7%: 0.083+0.40+0.059 ms clock, 1.6+0.40/0.70/0.044+1.1 ms cpu, 4->5->2 MB, 5 MB goal, 0 MB stacks, 0 MB globals, 20 P
gc 9823 @17.287s 7%: 0.076+0.36+0.078 ms clock, 1.5+0.25/0.66/0+1.5 ms cpu, 4->5->2 MB, 5 MB goal, 0 MB stacks, 0 MB globals, 20 P
gc 9824 @17.288s 7%: 0.088+0.57+0.068 ms clock, 1.7+0.32/0.60/0.032+1.3 ms cpu, 4->5->2 MB, 5 MB goal, 0 MB stacks, 0 MB globals, 20 P
gc 9825 @17.289s 7%: 0.049+0.39+0.066 ms clock, 0.99+0.31/0.57/0.001+1.3 ms cpu, 4->5->2 MB, 5 MB goal, 0 MB stacks, 0 MB globals, 20 P
gc 9826 @17.291s 7%: 0.098+0.43+0.057 ms clock, 1.9+0.31/0.61/0+1.1 ms cpu, 4->5->2 MB, 5 MB goal, 0 MB stacks, 0 MB globals, 20 P
gc 9827 @17.292s 7%: 0.047+0.31+0.035 ms clock, 0.94+0.25/0.66/0.013+0.70 ms cpu, 4->5->2 MB, 5 MB goal, 0 MB stacks, 0 MB globals, 20 P
gc 9828 @17.293s 7%: 0.083+0.31+0.050 ms clock, 1.6+0.22/0.69/0.022+1.0 ms cpu, 4->4->2 MB, 4 MB goal, 0 MB stacks, 0 MB globals, 20 P
gc 9829 @17.294s 7%: 0.071+0.42+0.034 ms clock, 1.4+0.24/0.66/0.003+0.69 ms cpu, 3->4->2 MB, 4 MB goal, 0 MB stacks, 0 MB globals, 20 P
gc 9830 @17.295s 7%: 0.081+0.60+0.032 ms clock, 1.6+0.30/0.56/0.14+0.65 ms cpu, 3->5->2 MB, 4 MB goal, 0 MB stacks, 0 MB globals, 20 P
gc 9831 @17.297s 7%: 0.066+0.37+0.050 ms clock, 1.3+0.37/0.59/0.015+1.0 ms cpu, 4->5->2 MB, 5 MB goal, 0 MB stacks, 0 MB globals, 20 P
gc 9832 @17.298s 7%: 0.052+0.48+0.071 ms clock, 1.0+0.27/0.66/0.045+1.4 ms cpu, 4->5->2 MB, 5 MB goal, 0 MB stacks, 0 MB globals, 20 P
gc 9833 @17.299s 7%: 0.059+0.54+0.017 ms clock, 1.1+0.38/0.66/0.040+0.35 ms cpu, 4->5->2 MB, 5 MB goal, 0 MB stacks, 0 MB globals, 20 P
gc 9834 @17.301s 7%: 0.056+0.46+0.009 ms clock, 1.1+0.40/0.70/0.003+0.18 ms cpu, 4->5->2 MB, 5 MB goal, 0 MB stacks, 0 MB globals, 20 P
gc 9835 @17.302s 7%: 0.051+0.38+0.040 ms clock, 1.0+0.32/0.57/0.015+0.80 ms cpu, 4->5->2 MB, 5 MB goal, 0 MB stacks, 0 MB globals, 20 P
gc 9836 @17.303s 7%: 0.083+0.36+0.065 ms clock, 1.6+0.45/0.62/0.026+1.3 ms cpu, 3->4->2 MB, 4 MB goal, 0 MB stacks, 0 MB globals, 20 P
gc 9837 @17.305s 7%: 0.077+0.36+0.045 ms clock, 1.5+0.28/0.64/0.011+0.91 ms cpu, 4->5->2 MB, 4 MB goal, 0 MB stacks, 0 MB globals, 20 P
gc 9838 @17.306s 7%: 0.062+0.29+0.061 ms clock, 1.2+0.38/0.58/0.023+1.2 ms cpu, 4->4->2 MB, 4 MB goal, 0 MB stacks, 0 MB globals, 20 P
gc 9839 @17.307s 7%: 0.081+0.20+0.013 ms clock, 1.6+0.40/0.57/0.003+0.27 ms cpu, 3->4->1 MB, 4 MB goal, 0 MB stacks, 0 MB globals, 20 P
gc 9840 @17.308s 7%: 0.081+0.46+0.074 ms clock, 1.6+0.34/0.61/0.005+1.4 ms cpu, 3->4->2 MB, 4 MB goal, 0 MB stacks, 0 MB globals, 20 P
gc 9841 @17.309s 7%: 0.068+0.44+0.069 ms clock, 1.3+0.28/0.67/0+1.3 ms cpu, 4->5->2 MB, 5 MB goal, 0 MB stacks, 0 MB globals, 20 P
gc 9842 @17.310s 7%: 0.086+0.29+0.052 ms clock, 1.7+0.38/0.59/0+1.0 ms cpu, 4->4->2 MB, 4 MB goal, 0 MB stacks, 0 MB globals, 20 P
gc 9843 @17.311s 7%: 0.044+0.29+0.031 ms clock, 0.89+0.17/0.51/0.23+0.63 ms cpu, 3->4->2 MB, 4 MB goal, 0 MB stacks, 0 MB globals, 20 P
gc 9844 @17.312s 7%: 0.072+0.40+0.057 ms clock, 1.4+0.24/0.66/0+1.1 ms cpu, 3->4->2 MB, 4 MB goal, 0 MB stacks, 0 MB globals, 20 P
gc 9845 @17.314s 7%: 0.068+0.25+0.086 ms clock, 1.3+0.21/0.70/0.002+1.7 ms cpu, 3->4->2 MB, 4 MB goal, 0 MB stacks, 0 MB globals, 20 P
gc 9846 @17.314s 7%: 0.074+0.39+0.012 ms clock, 1.4+0.26/0.66/0.005+0.24 ms cpu, 3->4->2 MB, 4 MB goal, 0 MB stacks, 0 MB globals, 20 P
gc 9847 @17.316s 7%: 0.055+0.39+0.083 ms clock, 1.1+0.34/0.60/0.045+1.6 ms cpu, 4->5->2 MB, 5 MB goal, 0 MB stacks, 0 MB globals, 20 P
gc 9848 @17.317s 7%: 0.11+0.30+0.024 ms clock, 2.2+0.38/0.51/0.025+0.49 ms cpu, 3->4->2 MB, 4 MB goal, 0 MB stacks, 0 MB globals, 20 P
gc 9849 @17.318s 7%: 0.070+0.32+0.069 ms clock, 1.4+0.21/0.62/0+1.3 ms cpu, 3->4->2 MB, 4 MB goal, 0 MB stacks, 0 MB globals, 20 P
gc 9850 @17.319s 7%: 0.074+0.52+0.076 ms clock, 1.4+0.38/0.51/0+1.5 ms cpu, 3->4->2 MB, 4 MB goal, 0 MB stacks, 0 MB globals, 20 P
gc 9851 @17.321s 7%: 0.079+0.67+0.061 ms clock, 1.5+0.37/0.77/0.071+1.2 ms cpu, 4->5->2 MB, 5 MB goal, 0 MB stacks, 0 MB globals, 20 P
gc 9852 @17.322s 7%: 0.050+0.38+0.075 ms clock, 1.0+0.37/0.63/0+1.5 ms cpu, 4->5->2 MB, 5 MB goal, 0 MB stacks, 0 MB globals, 20 P
gc 9853 @17.324s 7%: 0.066+0.44+0.063 ms clock, 1.3+0.32/0.62/0.033+1.2 ms cpu, 4->5->2 MB, 4 MB goal, 0 MB stacks, 0 MB globals, 20 P
gc 9854 @17.325s 7%: 0.038+0.46+0.053 ms clock, 0.77+0.41/0.61/0.004+1.0 ms cpu, 4->5->2 MB, 5 MB goal, 0 MB stacks, 0 MB globals, 20 P
gc 9855 @17.327s 7%: 0.090+0.34+0.049 ms clock, 1.8+0.30/0.66/0.004+0.99 ms cpu, 4->5->2 MB, 5 MB goal, 0 MB stacks, 0 MB globals, 20 P
gc 9856 @17.328s 7%: 0.038+0.46+0.068 ms clock, 0.76+0.36/0.58/0.025+1.3 ms cpu, 4->5->2 MB, 5 MB goal, 0 MB stacks, 0 MB globals, 20 P
gc 9857 @17.330s 7%: 0.033+0.36+0.035 ms clock, 0.66+0.34/0.64/0.021+0.71 ms cpu, 4->5->2 MB, 4 MB goal, 0 MB stacks, 0 MB globals, 20 P
gc 9858 @17.331s 7%: 0.080+0.32+0.067 ms clock, 1.6+0.24/0.56/0.092+1.3 ms cpu, 4->5->2 MB, 4 MB goal, 0 MB stacks, 0 MB globals, 20 P
gc 9859 @17.333s 7%: 0.071+0.34+0.048 ms clock, 1.4+0.20/0.69/0.001+0.96 ms cpu, 4->4->2 MB, 4 MB goal, 0 MB stacks, 0 MB globals, 20 P
gc 9860 @17.333s 7%: 0.065+0.33+0.036 ms clock, 1.3+0.31/0.68/0.009+0.73 ms cpu, 3->4->2 MB, 4 MB goal, 0 MB stacks, 0 MB globals, 20 P
gc 9861 @17.335s 7%: 0.073+0.32+0.044 ms clock, 1.4+0.21/0.65/0.025+0.88 ms cpu, 4->4->2 MB, 4 MB goal, 0 MB stacks, 0 MB globals, 20 P
gc 9862 @17.336s 7%: 0.073+0.36+0.020 ms clock, 1.4+0.30/0.58/0.045+0.41 ms cpu, 3->4->2 MB, 4 MB goal, 0 MB stacks, 0 MB globals, 20 P
gc 9863 @17.337s 7%: 0.099+0.26+0.13 ms clock, 1.9+0.34/0.65/0.019+2.7 ms cpu, 3->4->2 MB, 4 MB goal, 0 MB stacks, 0 MB globals, 20 P
gc 9864 @17.338s 7%: 0.071+0.44+0.057 ms clock, 1.4+0.42/0.59/0.025+1.1 ms cpu, 3->4->2 MB, 4 MB goal, 0 MB stacks, 0 MB globals, 20 P
gc 9865 @17.340s 7%: 0.090+0.57+0.041 ms clock, 1.8+0.29/0.62/0.069+0.83 ms cpu, 4->5->2 MB, 5 MB goal, 0 MB stacks, 0 MB globals, 20 P
gc 9866 @17.341s 7%: 0.072+0.23+0.13 ms clock, 1.4+0.31/0.66/0+2.7 ms cpu, 4->5->2 MB, 5 MB goal, 0 MB stacks, 0 MB globals, 20 P
gc 9867 @17.342s 7%: 0.079+0.35+0.069 ms clock, 1.5+0.41/0.63/0.083+1.3 ms cpu, 3->4->2 MB, 4 MB goal, 0 MB stacks, 0 MB globals, 20 P
gc 9868 @17.343s 7%: 0.075+0.55+0.015 ms clock, 1.5+0.26/0.66/0.008+0.30 ms cpu, 4->5->2 MB, 4 MB goal, 0 MB stacks, 0 MB globals, 20 P
gc 9869 @17.345s 7%: 0.054+0.40+0.013 ms clock, 1.0+0.27/0.58/0.042+0.27 ms cpu, 4->5->2 MB, 5 MB goal, 0 MB stacks, 0 MB globals, 20 P
gc 9870 @17.346s 7%: 0.082+0.43+0.065 ms clock, 1.6+0.32/0.62/0.048+1.3 ms cpu, 4->5->2 MB, 4 MB goal, 0 MB stacks, 0 MB globals, 20 P
gc 9871 @17.347s 7%: 0.065+0.36+0.050 ms clock, 1.3+0.30/0.61/0+1.0 ms cpu, 4->5->2 MB, 5 MB goal, 0 MB stacks, 0 MB globals, 20 P
gc 9872 @17.348s 7%: 0.073+0.30+0.041 ms clock, 1.4+0.38/0.58/0.001+0.83 ms cpu, 4->5->2 MB, 5 MB goal, 0 MB stacks, 0 MB globals, 20 P
gc 9873 @17.349s 7%: 0.084+0.39+0.034 ms clock, 1.6+0.37/0.63/0+0.69 ms cpu, 3->4->2 MB, 4 MB goal, 0 MB stacks, 0 MB globals, 20 P
gc 9874 @17.350s 7%: 0.056+0.30+0.049 ms clock, 1.1+0.34/0.60/0+0.98 ms cpu, 4->4->2 MB, 4 MB goal, 0 MB stacks, 0 MB globals, 20 P
gc 9875 @17.351s 7%: 0.086+0.32+0.030 ms clock, 1.7+0.26/0.67/0+0.60 ms cpu, 3->4->2 MB, 4 MB goal, 0 MB stacks, 0 MB globals, 20 P
gc 9876 @17.352s 7%: 0.029+0.48+0.069 ms clock, 0.58+0.29/0.66/0.006+1.3 ms cpu, 4->5->2 MB, 5 MB goal, 0 MB stacks, 0 MB globals, 20 P
gc 9877 @17.354s 7%: 0.087+0.44+0.054 ms clock, 1.7+0.42/0.65/0.001+1.0 ms cpu, 4->5->2 MB, 5 MB goal, 0 MB stacks, 0 MB globals, 20 P
gc 9878 @17.355s 7%: 0.067+0.47+0.081 ms clock, 1.3+0.30/0.72/0.002+1.6 ms cpu, 4->5->2 MB, 5 MB goal, 0 MB stacks, 0 MB globals, 20 P
gc 9879 @17.357s 7%: 0.073+0.39+0.017 ms clock, 1.4+0.33/0.61/0.031+0.34 ms cpu, 4->5->2 MB, 5 MB goal, 0 MB stacks, 0 MB globals, 20 P
gc 9880 @17.358s 7%: 0.080+0.39+0.069 ms clock, 1.6+0.29/0.66/0.021+1.3 ms cpu, 4->4->2 MB, 5 MB goal, 0 MB stacks, 0 MB globals, 20 P
gc 9881 @17.359s 7%: 0.077+0.54+0.084 ms clock, 1.5+0.36/0.61/0.043+1.6 ms cpu, 4->5->2 MB, 4 MB goal, 0 MB stacks, 0 MB globals, 20 P
gc 9882 @17.361s 7%: 0.056+0.43+0.022 ms clock, 1.1+0.33/0.69/0.038+0.44 ms cpu, 4->5->2 MB, 5 MB goal, 0 MB stacks, 0 MB globals, 20 P
gc 9883 @17.362s 7%: 0.082+0.60+0.019 ms clock, 1.6+0.37/0.61/0.002+0.38 ms cpu, 4->5->2 MB, 5 MB goal, 0 MB stacks, 0 MB globals, 20 P
gc 9884 @17.364s 7%: 0.078+0.43+0.071 ms clock, 1.5+0.24/0.63/0.010+1.4 ms cpu, 4->5->2 MB, 5 MB goal, 0 MB stacks, 0 MB globals, 20 P
gc 9885 @17.365s 7%: 0.061+0.40+0.082 ms clock, 1.2+0.34/0.58/0.055+1.6 ms cpu, 4->5->2 MB, 4 MB goal, 0 MB stacks, 0 MB globals, 20 P
gc 9886 @17.366s 7%: 0.079+0.54+0.022 ms clock, 1.5+0.30/0.68/0.013+0.45 ms cpu, 4->5->2 MB, 4 MB goal, 0 MB stacks, 0 MB globals, 20 P
gc 9887 @17.368s 7%: 0.082+0.25+0.040 ms clock, 1.6+0.35/0.56/0.024+0.80 ms cpu, 4->5->2 MB, 5 MB goal, 0 MB stacks, 0 MB globals, 20 P
gc 9888 @17.369s 7%: 0.078+0.29+0.016 ms clock, 1.5+0.36/0.74/0+0.33 ms cpu, 3->4->2 MB, 4 MB goal, 0 MB stacks, 0 MB globals, 20 P
gc 9889 @17.370s 7%: 0.065+0.51+0.042 ms clock, 1.3+0.35/0.62/0.053+0.85 ms cpu, 4->5->2 MB, 4 MB goal, 0 MB stacks, 0 MB globals, 20 P
gc 9890 @17.372s 7%: 0.072+0.38+0.041 ms clock, 1.4+0.22/0.60/0+0.82 ms cpu, 4->5->2 MB, 5 MB goal, 0 MB stacks, 0 MB globals, 20 P
gc 9891 @17.373s 7%: 0.084+0.31+0.046 ms clock, 1.6+0.41/0.58/0+0.92 ms cpu, 4->4->2 MB, 5 MB goal, 0 MB stacks, 0 MB globals, 20 P
gc 9892 @17.374s 7%: 0.050+0.42+0.077 ms clock, 1.0+0.25/0.67/0.002+1.5 ms cpu, 4->4->2 MB, 4 MB goal, 0 MB stacks, 0 MB globals, 20 P
gc 9893 @17.375s 7%: 0.060+0.52+0.058 ms clock, 1.2+0.26/0.71/0.008+1.1 ms cpu, 4->5->2 MB, 4 MB goal, 0 MB stacks, 0 MB globals, 20 P
gc 9894 @17.377s 7%: 0.045+0.27+0.040 ms clock, 0.90+0.37/0.58/0.038+0.81 ms cpu, 4->5->2 MB, 5 MB goal, 0 MB stacks, 0 MB globals, 20 P
gc 9895 @17.378s 7%: 0.095+0.27+0.032 ms clock, 1.9+0.22/0.58/0.003+0.64 ms cpu, 3->4->1 MB, 4 MB goal, 0 MB stacks, 0 MB globals, 20 P
gc 9896 @17.379s 7%: 0.12+0.44+0.003 ms clock, 2.5+0.34/0.57/0.007+0.065 ms cpu, 3->4->2 MB, 4 MB goal, 0 MB stacks, 0 MB globals, 20 P
gc 9897 @17.381s 7%: 0.063+0.47+0.058 ms clock, 1.2+0.36/0.57/0.033+1.1 ms cpu, 4->5->2 MB, 5 MB goal, 0 MB stacks, 0 MB globals, 20 P
gc 9898 @17.382s 7%: 0.063+0.35+0.065 ms clock, 1.2+0.27/0.62/0+1.3 ms cpu, 4->4->2 MB, 5 MB goal, 0 MB stacks, 0 MB globals, 20 P
gc 9899 @17.383s 7%: 0.034+0.42+0.055 ms clock, 0.68+0.37/0.60/0+1.1 ms cpu, 3->4->2 MB, 4 MB goal, 0 MB stacks, 0 MB globals, 20 P
gc 9900 @17.385s 7%: 0.076+0.43+0.096 ms clock, 1.5+0.32/0.61/0+1.9 ms cpu, 4->5->2 MB, 4 MB goal, 0 MB stacks, 0 MB globals, 20 P
gc 9901 @17.386s 7%: 0.087+0.28+0.060 ms clock, 1.7+0.35/0.53/0.013+1.2 ms cpu, 4->5->2 MB, 5 MB goal, 0 MB stacks, 0 MB globals, 20 P
gc 9902 @17.387s 7%: 0.084+0.35+0.072 ms clock, 1.6+0.20/0.71/0.019+1.4 ms cpu, 4->4->2 MB, 4 MB goal, 0 MB stacks, 0 MB globals, 20 P
gc 9903 @17.388s 7%: 0.074+0.35+0.046 ms clock, 1.4+0.39/0.69/0+0.93 ms cpu, 4->4->2 MB, 4 MB goal, 0 MB stacks, 0 MB globals, 20 P
gc 9904 @17.390s 7%: 0.060+0.44+0.075 ms clock, 1.2+0.35/0.65/0+1.5 ms cpu, 4->5->2 MB, 4 MB goal, 0 MB stacks, 0 MB globals, 20 P
gc 9905 @17.391s 7%: 0.056+0.38+0.039 ms clock, 1.1+0.20/0.72/0.005+0.79 ms cpu, 4->5->2 MB, 5 MB goal, 0 MB stacks, 0 MB globals, 20 P
gc 9906 @17.392s 7%: 0.090+0.41+0.085 ms clock, 1.8+0.26/0.65/0.018+1.7 ms cpu, 4->5->2 MB, 4 MB goal, 0 MB stacks, 0 MB globals, 20 P
gc 9907 @17.394s 7%: 0.073+0.38+0.043 ms clock, 1.4+0.27/0.60/0.016+0.87 ms cpu, 4->5->2 MB, 4 MB goal, 0 MB stacks, 0 MB globals, 20 P
gc 9908 @17.395s 7%: 0.087+0.50+0.082 ms clock, 1.7+0.22/0.69/0.015+1.6 ms cpu, 4->5->2 MB, 5 MB goal, 0 MB stacks, 0 MB globals, 20 P
gc 9909 @17.396s 7%: 0.048+0.35+0.069 ms clock, 0.96+0.30/0.71/0+1.3 ms cpu, 4->5->2 MB, 5 MB goal, 0 MB stacks, 0 MB globals, 20 P
gc 9910 @17.397s 7%: 0.082+0.51+0.021 ms clock, 1.6+0.18/0.68/0.004+0.43 ms cpu, 4->5->2 MB, 4 MB goal, 0 MB stacks, 0 MB globals, 20 P
gc 9911 @17.399s 7%: 0.052+0.45+0.035 ms clock, 1.0+0.31/0.70/0+0.70 ms cpu, 4->5->2 MB, 5 MB goal, 0 MB stacks, 0 MB globals, 20 P
gc 9912 @17.401s 7%: 0.048+0.45+0.079 ms clock, 0.96+0.19/0.63/0.12+1.5 ms cpu, 4->5->2 MB, 5 MB goal, 0 MB stacks, 0 MB globals, 20 P
gc 9913 @17.402s 7%: 0.079+0.42+0.057 ms clock, 1.5+0.39/0.61/0.005+1.1 ms cpu, 4->5->2 MB, 4 MB goal, 0 MB stacks, 0 MB globals, 20 P
gc 9914 @17.403s 7%: 0.095+0.37+0.056 ms clock, 1.9+0.58/0.52/0.041+1.1 ms cpu, 4->5->2 MB, 5 MB goal, 0 MB stacks, 0 MB globals, 20 P
gc 9915 @17.404s 7%: 0.044+0.30+0.079 ms clock, 0.88+0.31/0.57/0.044+1.5 ms cpu, 4->4->2 MB, 5 MB goal, 0 MB stacks, 0 MB globals, 20 P
gc 9916 @17.405s 7%: 0.13+0.37+0.053 ms clock, 2.7+0.39/0.60/0.021+1.0 ms cpu, 3->4->2 MB, 4 MB goal, 0 MB stacks, 0 MB globals, 20 P
gc 9917 @17.407s 7%: 0.083+0.49+0.070 ms clock, 1.6+0.39/0.64/0.007+1.4 ms cpu, 4->5->2 MB, 5 MB goal, 0 MB stacks, 0 MB globals, 20 P
gc 9918 @17.408s 7%: 0.083+0.61+0.058 ms clock, 1.6+0.29/0.64/0.007+1.1 ms cpu, 4->6->2 MB, 5 MB goal, 0 MB stacks, 0 MB globals, 20 P
gc 9919 @17.410s 7%: 0.062+0.42+0.069 ms clock, 1.2+0.38/0.62/0.002+1.3 ms cpu, 4->5->2 MB, 5 MB goal, 0 MB stacks, 0 MB globals, 20 P
gc 9920 @17.411s 7%: 0.066+0.41+0.077 ms clock, 1.3+0.48/0.58/0+1.5 ms cpu, 4->4->2 MB, 4 MB goal, 0 MB stacks, 0 MB globals, 20 P
gc 9921 @17.413s 7%: 0.051+0.43+0.074 ms clock, 1.0+0.39/0.62/0.038+1.4 ms cpu, 4->5->2 MB, 5 MB goal, 0 MB stacks, 0 MB globals, 20 P
gc 9922 @17.414s 7%: 0.074+0.35+0.10 ms clock, 1.4+0.31/0.65/0.057+2.1 ms cpu, 4->5->2 MB, 5 MB goal, 0 MB stacks, 0 MB globals, 20 P
gc 9923 @17.416s 7%: 0.079+0.38+0.060 ms clock, 1.5+0.39/0.74/0.003+1.2 ms cpu, 4->5->2 MB, 4 MB goal, 0 MB stacks, 0 MB globals, 20 P
gc 9924 @17.417s 7%: 0.072+0.47+0.070 ms clock, 1.4+0.22/0.83/0+1.4 ms cpu, 4->5->2 MB, 5 MB goal, 0 MB stacks, 0 MB globals, 20 P
gc 9925 @17.418s 7%: 0.079+0.40+0.086 ms clock, 1.5+0.39/0.70/0.004+1.7 ms cpu, 4->5->2 MB, 5 MB goal, 0 MB stacks, 0 MB globals, 20 P
gc 9926 @17.419s 7%: 0.082+0.35+0.063 ms clock, 1.6+0.36/0.67/0.014+1.2 ms cpu, 4->5->2 MB, 5 MB goal, 0 MB stacks, 0 MB globals, 20 P
gc 9927 @17.421s 7%: 0.073+0.29+0.077 ms clock, 1.4+0.41/0.66/0.033+1.5 ms cpu, 4->5->2 MB, 5 MB goal, 0 MB stacks, 0 MB globals, 20 P
gc 9928 @17.422s 7%: 0.079+0.34+0.033 ms clock, 1.5+0.26/0.64/0+0.67 ms cpu, 4->4->2 MB, 5 MB goal, 0 MB stacks, 0 MB globals, 20 P
gc 9929 @17.423s 7%: 0.090+0.28+0.070 ms clock, 1.8+0.34/0.49/0.002+1.4 ms cpu, 4->4->2 MB, 4 MB goal, 0 MB stacks, 0 MB globals, 20 P
gc 9930 @17.424s 7%: 0.073+0.41+0.066 ms clock, 1.4+0.38/0.74/0.038+1.3 ms cpu, 3->4->2 MB, 4 MB goal, 0 MB stacks, 0 MB globals, 20 P
gc 9931 @17.425s 7%: 0.058+0.36+0.074 ms clock, 1.1+0.19/0.65/0.063+1.4 ms cpu, 4->4->2 MB, 4 MB goal, 0 MB stacks, 0 MB globals, 20 P
gc 9932 @17.426s 7%: 0.050+0.48+0.052 ms clock, 1.0+0.37/0.61/0+1.0 ms cpu, 4->4->2 MB, 4 MB goal, 0 MB stacks, 0 MB globals, 20 P
gc 9933 @17.428s 7%: 0.087+0.44+0.063 ms clock, 1.7+0.33/0.61/0+1.2 ms cpu, 4->5->2 MB, 5 MB goal, 0 MB stacks, 0 MB globals, 20 P
gc 9934 @17.429s 7%: 0.045+0.31+0.015 ms clock, 0.91+0.37/0.67/0.031+0.31 ms cpu, 4->4->2 MB, 4 MB goal, 0 MB stacks, 0 MB globals, 20 P
gc 9935 @17.430s 7%: 0.087+0.67+0.020 ms clock, 1.7+0.29/0.63/0.043+0.40 ms cpu, 3->4->2 MB, 4 MB goal, 0 MB stacks, 0 MB globals, 20 P
gc 9936 @17.432s 7%: 0.032+0.55+0.065 ms clock, 0.65+0.29/0.56/0.024+1.3 ms cpu, 4->5->2 MB, 5 MB goal, 0 MB stacks, 0 MB globals, 20 P
gc 9937 @17.433s 7%: 0.077+0.53+0.055 ms clock, 1.5+0.23/0.72/0.039+1.1 ms cpu, 4->5->2 MB, 5 MB goal, 0 MB stacks, 0 MB globals, 20 P
gc 9938 @17.435s 7%: 0.073+0.42+0.037 ms clock, 1.4+0.23/0.63/0+0.75 ms cpu, 4->5->2 MB, 5 MB goal, 0 MB stacks, 0 MB globals, 20 P
gc 9939 @17.436s 7%: 0.061+0.29+0.076 ms clock, 1.2+0.35/0.67/0.042+1.5 ms cpu, 4->5->2 MB, 5 MB goal, 0 MB stacks, 0 MB globals, 20 P
gc 9940 @17.437s 7%: 0.070+0.35+0.034 ms clock, 1.4+0.24/0.62/0.090+0.69 ms cpu, 3->4->2 MB, 4 MB goal, 0 MB stacks, 0 MB globals, 20 P
gc 9941 @17.439s 7%: 0.046+0.30+0.073 ms clock, 0.93+0.36/0.55/0.066+1.4 ms cpu, 3->4->2 MB, 4 MB goal, 0 MB stacks, 0 MB globals, 20 P
gc 9942 @17.440s 7%: 0.071+0.33+0.050 ms clock, 1.4+0.26/0.63/0+1.0 ms cpu, 4->4->2 MB, 4 MB goal, 0 MB stacks, 0 MB globals, 20 P
gc 9943 @17.441s 7%: 0.083+0.31+0.067 ms clock, 1.6+0.32/0.66/0.052+1.3 ms cpu, 4->4->2 MB, 4 MB goal, 0 MB stacks, 0 MB globals, 20 P
gc 9944 @17.443s 7%: 0.055+0.48+0.066 ms clock, 1.1+0.29/0.66/0.014+1.3 ms cpu, 3->4->2 MB, 4 MB goal, 0 MB stacks, 0 MB globals, 20 P
gc 9945 @17.444s 7%: 0.091+0.43+0.068 ms clock, 1.8+0.41/0.51/0.077+1.3 ms cpu, 4->5->2 MB, 5 MB goal, 0 MB stacks, 0 MB globals, 20 P
gc 9946 @17.445s 7%: 0.066+0.50+0.079 ms clock, 1.3+0.27/0.72/0.019+1.5 ms cpu, 4->5->2 MB, 5 MB goal, 0 MB stacks, 0 MB globals, 20 P
gc 9947 @17.446s 7%: 0.034+0.29+0.054 ms clock, 0.68+0.31/0.57/0.097+1.0 ms cpu, 4->5->2 MB, 5 MB goal, 0 MB stacks, 0 MB globals, 20 P
gc 9948 @17.447s 7%: 0.047+0.50+0.057 ms clock, 0.95+0.33/0.66/0.002+1.1 ms cpu, 4->5->2 MB, 4 MB goal, 0 MB stacks, 0 MB globals, 20 P
gc 9949 @17.449s 7%: 0.068+0.36+0.054 ms clock, 1.3+0.35/0.64/0.068+1.0 ms cpu, 4->5->2 MB, 5 MB goal, 0 MB stacks, 0 MB globals, 20 P
gc 9950 @17.450s 7%: 0.074+0.34+0.075 ms clock, 1.4+0.24/0.62/0+1.5 ms cpu, 3->4->2 MB, 4 MB goal, 0 MB stacks, 0 MB globals, 20 P
gc 9951 @17.451s 7%: 0.087+0.51+0.072 ms clock, 1.7+0.33/0.60/0.043+1.4 ms cpu, 4->5->2 MB, 4 MB goal, 0 MB stacks, 0 MB globals, 20 P
gc 9952 @17.452s 7%: 0.043+0.45+0.014 ms clock, 0.87+0.36/0.68/0.025+0.28 ms cpu, 4->5->2 MB, 5 MB goal, 0 MB stacks, 0 MB globals, 20 P
gc 9953 @17.454s 7%: 0.069+0.23+0.072 ms clock, 1.3+0.32/0.59/0.034+1.4 ms cpu, 4->4->1 MB, 5 MB goal, 0 MB stacks, 0 MB globals, 20 P
gc 9954 @17.455s 7%: 0.079+0.41+0.016 ms clock, 1.5+0.35/0.68/0.014+0.32 ms cpu, 3->4->2 MB, 4 MB goal, 0 MB stacks, 0 MB globals, 20 P
gc 9955 @17.456s 7%: 0.058+0.26+0.022 ms clock, 1.1+0.44/0.53/0+0.44 ms cpu, 4->4->2 MB, 5 MB goal, 0 MB stacks, 0 MB globals, 20 P
gc 9956 @17.458s 7%: 0.078+0.43+0.065 ms clock, 1.5+0.38/0.69/0+1.3 ms cpu, 3->5->2 MB, 4 MB goal, 0 MB stacks, 0 MB globals, 20 P
gc 9957 @17.459s 7%: 0.038+0.35+0.090 ms clock, 0.77+0.32/0.58/0.076+1.8 ms cpu, 4->5->2 MB, 5 MB goal, 0 MB stacks, 0 MB globals, 20 P
gc 9958 @17.460s 7%: 0.075+0.47+0.069 ms clock, 1.5+0.34/0.67/0+1.3 ms cpu, 4->4->2 MB, 4 MB goal, 0 MB stacks, 0 MB globals, 20 P
gc 9959 @17.461s 7%: 0.072+0.26+0.009 ms clock, 1.4+0.37/0.63/0.10+0.19 ms cpu, 4->5->2 MB, 5 MB goal, 0 MB stacks, 0 MB globals, 20 P
gc 9960 @17.463s 7%: 0.081+0.41+0.12 ms clock, 1.6+0.38/0.63/0.002+2.4 ms cpu, 3->4->2 MB, 4 MB goal, 0 MB stacks, 0 MB globals, 20 P
gc 9961 @17.464s 7%: 0.081+0.48+0.11 ms clock, 1.6+0.30/0.69/0.001+2.3 ms cpu, 4->5->2 MB, 5 MB goal, 0 MB stacks, 0 MB globals, 20 P
gc 9962 @17.465s 7%: 0.067+0.41+0.017 ms clock, 1.3+0.33/0.57/0.080+0.35 ms cpu, 4->5->2 MB, 5 MB goal, 0 MB stacks, 0 MB globals, 20 P
gc 9963 @17.467s 7%: 0.084+0.30+0.074 ms clock, 1.6+0.22/0.68/0.005+1.4 ms cpu, 4->5->2 MB, 5 MB goal, 0 MB stacks, 0 MB globals, 20 P
gc 9964 @17.468s 7%: 0.063+0.35+0.058 ms clock, 1.2+0.29/0.59/0.032+1.1 ms cpu, 4->4->2 MB, 5 MB goal, 0 MB stacks, 0 MB globals, 20 P
gc 9965 @17.469s 7%: 0.066+0.33+0.065 ms clock, 1.3+0.26/0.63/0.017+1.3 ms cpu, 4->5->2 MB, 4 MB goal, 0 MB stacks, 0 MB globals, 20 P
gc 9966 @17.470s 7%: 0.040+0.31+0.074 ms clock, 0.81+0.34/0.62/0.004+1.4 ms cpu, 4->5->2 MB, 5 MB goal, 0 MB stacks, 0 MB globals, 20 P
gc 9967 @17.471s 7%: 0.049+0.50+0.099 ms clock, 0.98+0.33/0.64/0.043+1.9 ms cpu, 4->5->2 MB, 4 MB goal, 0 MB stacks, 0 MB globals, 20 P
gc 9968 @17.473s 7%: 0.051+0.41+0.070 ms clock, 1.0+0.38/0.48/0.15+1.4 ms cpu, 4->5->2 MB, 5 MB goal, 0 MB stacks, 0 MB globals, 20 P
gc 9969 @17.474s 7%: 0.079+0.48+0.039 ms clock, 1.5+0.23/0.72/0+0.79 ms cpu, 4->5->2 MB, 5 MB goal, 0 MB stacks, 0 MB globals, 20 P
gc 9970 @17.476s 7%: 0.070+0.38+0.066 ms clock, 1.4+0.32/0.60/0.027+1.3 ms cpu, 4->5->2 MB, 5 MB goal, 0 MB stacks, 0 MB globals, 20 P
gc 9971 @17.477s 7%: 0.083+0.40+0.082 ms clock, 1.6+0.31/0.61/0+1.6 ms cpu, 4->5->2 MB, 5 MB goal, 0 MB stacks, 0 MB globals, 20 P
gc 9972 @17.478s 7%: 0.077+0.34+0.086 ms clock, 1.5+0.35/0.61/0.014+1.7 ms cpu, 4->5->2 MB, 5 MB goal, 0 MB stacks, 0 MB globals, 20 P
gc 9973 @17.479s 7%: 0.10+0.32+0.062 ms clock, 2.1+0.33/0.60/0.005+1.2 ms cpu, 4->5->2 MB, 5 MB goal, 0 MB stacks, 0 MB globals, 20 P
gc 9974 @17.481s 7%: 0.053+0.43+0.065 ms clock, 1.0+0.38/0.66/0.019+1.3 ms cpu, 4->5->2 MB, 5 MB goal, 0 MB stacks, 0 MB globals, 20 P
gc 9975 @17.482s 7%: 0.061+0.36+0.084 ms clock, 1.2+0.36/0.61/0+1.6 ms cpu, 4->5->2 MB, 5 MB goal, 0 MB stacks, 0 MB globals, 20 P
gc 9976 @17.483s 7%: 0.069+0.41+0.10 ms clock, 1.3+0.41/0.63/0.009+2.0 ms cpu, 4->5->2 MB, 5 MB goal, 0 MB stacks, 0 MB globals, 20 P
gc 9977 @17.485s 7%: 0.049+0.45+0.067 ms clock, 0.98+0.22/0.66/0.015+1.3 ms cpu, 4->5->2 MB, 5 MB goal, 0 MB stacks, 0 MB globals, 20 P
gc 9978 @17.486s 7%: 0.032+0.35+0.068 ms clock, 0.65+0.28/0.68/0.012+1.3 ms cpu, 4->5->2 MB, 5 MB goal, 0 MB stacks, 0 MB globals, 20 P
gc 9979 @17.487s 7%: 0.060+0.37+0.016 ms clock, 1.2+0.34/0.65/0.013+0.33 ms cpu, 4->5->2 MB, 5 MB goal, 0 MB stacks, 0 MB globals, 20 P
gc 9980 @17.488s 7%: 0.078+0.34+0.031 ms clock, 1.5+0.27/0.53/0.094+0.63 ms cpu, 4->5->2 MB, 5 MB goal, 0 MB stacks, 0 MB globals, 20 P
gc 9981 @17.490s 7%: 0.043+0.40+0.072 ms clock, 0.86+0.25/0.66/0.043+1.4 ms cpu, 4->5->2 MB, 4 MB goal, 0 MB stacks, 0 MB globals, 20 P
gc 9982 @17.491s 7%: 0.035+0.52+0.054 ms clock, 0.70+0.14/0.68/0.091+1.0 ms cpu, 4->5->2 MB, 5 MB goal, 0 MB stacks, 0 MB globals, 20 P
gc 9983 @17.492s 7%: 0.028+0.34+0.055 ms clock, 0.57+0.30/0.69/0.022+1.1 ms cpu, 4->5->2 MB, 5 MB goal, 0 MB stacks, 0 MB globals, 20 P
gc 9984 @17.494s 7%: 0.069+0.43+0.050 ms clock, 1.3+0.31/0.62/0.004+1.0 ms cpu, 4->5->2 MB, 4 MB goal, 0 MB stacks, 0 MB globals, 20 P
gc 9985 @17.495s 7%: 0.078+0.50+0.066 ms clock, 1.5+0.25/0.78/0+1.3 ms cpu, 4->5->2 MB, 5 MB goal, 0 MB stacks, 0 MB globals, 20 P
gc 9986 @17.496s 7%: 0.059+0.28+0.041 ms clock, 1.1+0.31/0.56/0.058+0.83 ms cpu, 4->5->2 MB, 5 MB goal, 0 MB stacks, 0 MB globals, 20 P
gc 9987 @17.497s 7%: 0.055+0.51+0.089 ms clock, 1.1+0.28/0.64/0.066+1.7 ms cpu, 4->4->2 MB, 4 MB goal, 0 MB stacks, 0 MB globals, 20 P
gc 9988 @17.499s 7%: 0.076+0.43+0.073 ms clock, 1.5+0.25/0.74/0.037+1.4 ms cpu, 4->5->2 MB, 5 MB goal, 0 MB stacks, 0 MB globals, 20 P
gc 9989 @17.500s 7%: 0.064+0.40+0.044 ms clock, 1.2+0.37/0.67/0+0.88 ms cpu, 4->5->2 MB, 5 MB goal, 0 MB stacks, 0 MB globals, 20 P
gc 9990 @17.501s 7%: 0.032+0.28+0.067 ms clock, 0.64+0.21/0.64/0.005+1.3 ms cpu, 4->4->2 MB, 5 MB goal, 0 MB stacks, 0 MB globals, 20 P
gc 9991 @17.502s 7%: 0.088+0.37+0.022 ms clock, 1.7+0.13/0.73/0+0.44 ms cpu, 3->4->2 MB, 4 MB goal, 0 MB stacks, 0 MB globals, 20 P
gc 9992 @17.503s 7%: 0.10+0.34+0.064 ms clock, 2.1+0.27/0.68/0+1.2 ms cpu, 4->4->2 MB, 4 MB goal, 0 MB stacks, 0 MB globals, 20 P
gc 9993 @17.505s 7%: 0.072+0.31+0.065 ms clock, 1.4+0.36/0.57/0+1.3 ms cpu, 4->5->2 MB, 4 MB goal, 0 MB stacks, 0 MB globals, 20 P
gc 9994 @17.506s 7%: 0.024+0.34+0.067 ms clock, 0.48+0.13/0.52/0.17+1.3 ms cpu, 4->5->2 MB, 4 MB goal, 0 MB stacks, 0 MB globals, 20 P
gc 9995 @17.507s 7%: 0.068+0.37+0.072 ms clock, 1.3+0.38/0.70/0.003+1.4 ms cpu, 4->5->2 MB, 5 MB goal, 0 MB stacks, 0 MB globals, 20 P
gc 9996 @17.508s 7%: 0.055+0.28+0.060 ms clock, 1.1+0.27/0.64/0.004+1.2 ms cpu, 4->5->2 MB, 5 MB goal, 0 MB stacks, 0 MB globals, 20 P
gc 9997 @17.509s 7%: 0.072+0.44+0.029 ms clock, 1.4+0.33/0.54/0.064+0.59 ms cpu, 3->5->2 MB, 4 MB goal, 0 MB stacks, 0 MB globals, 20 P
gc 9998 @17.511s 7%: 0.10+0.41+0.060 ms clock, 2.0+0.27/0.64/0.039+1.2 ms cpu, 4->5->2 MB, 5 MB goal, 0 MB stacks, 0 MB globals, 20 P
gc 9999 @17.512s 7%: 0.068+0.29+0.067 ms clock, 1.3+0.32/0.56/0.013+1.3 ms cpu, 4->5->2 MB, 5 MB goal, 0 MB stacks, 0 MB globals, 20 P
gc 10000 @17.513s 7%: 0.081+0.68+0.083 ms clock, 1.6+0.27/0.63/0.082+1.6 ms cpu, 3->5->2 MB, 4 MB goal, 0 MB stacks, 0 MB globals, 20 P
gc 10001 @17.515s 7%: 0.074+0.43+0.038 ms clock, 1.4+0.25/0.69/0.027+0.77 ms cpu, 5->5->2 MB, 6 MB goal, 0 MB stacks, 0 MB globals, 20 P
gc 10002 @17.516s 7%: 0.076+0.46+0.072 ms clock, 1.5+0.36/0.61/0+1.4 ms cpu, 4->5->2 MB, 5 MB goal, 0 MB stacks, 0 MB globals, 20 P
gc 10003 @17.517s 7%: 0.075+0.38+0.079 ms clock, 1.5+0.16/0.69/0+1.5 ms cpu, 4->5->2 MB, 5 MB goal, 0 MB stacks, 0 MB globals, 20 P
gc 10004 @17.519s 7%: 0.084+0.30+0.063 ms clock, 1.6+0.24/0.66/0+1.2 ms cpu, 4->5->2 MB, 5 MB goal, 0 MB stacks, 0 MB globals, 20 P
gc 10005 @17.520s 7%: 0.078+0.51+0.078 ms clock, 1.5+0.41/0.73/0.009+1.5 ms cpu, 4->5->2 MB, 5 MB goal, 0 MB stacks, 0 MB globals, 20 P
gc 10006 @17.521s 7%: 0.092+0.28+0.018 ms clock, 1.8+0.34/0.69/0.006+0.37 ms cpu, 4->5->2 MB, 5 MB goal, 0 MB stacks, 0 MB globals, 20 P
gc 10007 @17.522s 7%: 0.073+0.43+0.056 ms clock, 1.4+0.35/0.60/0.038+1.1 ms cpu, 3->4->2 MB, 4 MB goal, 0 MB stacks, 0 MB globals, 20 P
gc 10008 @17.524s 7%: 0.052+0.33+0.040 ms clock, 1.0+0.19/0.68/0+0.81 ms cpu, 4->5->2 MB, 5 MB goal, 0 MB stacks, 0 MB globals, 20 P
gc 10009 @17.525s 7%: 0.039+0.47+0.065 ms clock, 0.79+0.26/0.66/0.034+1.3 ms cpu, 4->5->2 MB, 4 MB goal, 0 MB stacks, 0 MB globals, 20 P
gc 10010 @17.526s 7%: 0.066+0.46+0.013 ms clock, 1.3+0.25/0.68/0+0.27 ms cpu, 4->4->2 MB, 5 MB goal, 0 MB stacks, 0 MB globals, 20 P
gc 10011 @17.527s 7%: 0.068+0.37+0.022 ms clock, 1.3+0.21/0.68/0+0.44 ms cpu, 4->4->2 MB, 4 MB goal, 0 MB stacks, 0 MB globals, 20 P
gc 10012 @17.528s 7%: 0.078+0.31+0.048 ms clock, 1.5+0.28/0.76/0.010+0.97 ms cpu, 4->4->2 MB, 5 MB goal, 0 MB stacks, 0 MB globals, 20 P
gc 10013 @17.529s 7%: 0.056+0.32+0.10 ms clock, 1.1+0.33/0.67/0.032+2.0 ms cpu, 3->4->2 MB, 4 MB goal, 0 MB stacks, 0 MB globals, 20 P
gc 10014 @17.530s 7%: 0.063+0.48+0.028 ms clock, 1.2+0.42/0.64/0.004+0.56 ms cpu, 3->4->2 MB, 4 MB goal, 0 MB stacks, 0 MB globals, 20 P
gc 10015 @17.532s 7%: 0.087+0.47+0.078 ms clock, 1.7+0.30/0.70/0+1.5 ms cpu, 4->4->2 MB, 4 MB goal, 0 MB stacks, 0 MB globals, 20 P
gc 10016 @17.533s 7%: 0.068+0.47+0.041 ms clock, 1.3+0.065/0.87/0+0.83 ms cpu, 4->5->2 MB, 5 MB goal, 0 MB stacks, 0 MB globals, 20 P
gc 10017 @17.534s 7%: 0.066+0.58+0.045 ms clock, 1.3+0.28/0.63/0.011+0.91 ms cpu, 4->5->2 MB, 5 MB goal, 0 MB stacks, 0 MB globals, 20 P
gc 10018 @17.536s 7%: 0.085+0.50+0.016 ms clock, 1.7+0.26/0.63/0.045+0.32 ms cpu, 4->5->2 MB, 5 MB goal, 0 MB stacks, 0 MB globals, 20 P
gc 10019 @17.537s 7%: 0.083+0.38+0.078 ms clock, 1.6+0.27/0.63/0.058+1.5 ms cpu, 4->5->2 MB, 5 MB goal, 0 MB stacks, 0 MB globals, 20 P
gc 10020 @17.538s 7%: 0.051+0.41+0.073 ms clock, 1.0+0.39/0.62/0.019+1.4 ms cpu, 4->5->2 MB, 5 MB goal, 0 MB stacks, 0 MB globals, 20 P
gc 10021 @17.540s 7%: 0.056+0.28+0.050 ms clock, 1.1+0.22/0.62/0.004+1.0 ms cpu, 4->4->2 MB, 4 MB goal, 0 MB stacks, 0 MB globals, 20 P
gc 10022 @17.541s 7%: 0.081+0.25+0.068 ms clock, 1.6+0.35/0.61/0.002+1.3 ms cpu, 4->4->2 MB, 4 MB goal, 0 MB stacks, 0 MB globals, 20 P
gc 10023 @17.542s 7%: 0.063+0.42+0.008 ms clock, 1.2+0.31/0.56/0+0.17 ms cpu, 3->4->2 MB, 4 MB goal, 0 MB stacks, 0 MB globals, 20 P
gc 10024 @17.543s 7%: 0.079+0.41+0.030 ms clock, 1.5+0.20/0.63/0+0.61 ms cpu, 4->4->2 MB, 4 MB goal, 0 MB stacks, 0 MB globals, 20 P
gc 10025 @17.544s 7%: 0.096+0.40+0.047 ms clock, 1.9+0.27/0.62/0.035+0.95 ms cpu, 3->4->2 MB, 4 MB goal, 0 MB stacks, 0 MB globals, 20 P
gc 10026 @17.545s 7%: 0.088+0.30+0.026 ms clock, 1.7+0.17/0.70/0.008+0.52 ms cpu, 4->4->2 MB, 4 MB goal, 0 MB stacks, 0 MB globals, 20 P
gc 10027 @17.546s 7%: 0.084+0.34+0.077 ms clock, 1.6+0.29/0.71/0+1.5 ms cpu, 3->4->2 MB, 4 MB goal, 0 MB stacks, 0 MB globals, 20 P
gc 10028 @17.547s 7%: 0.088+0.47+0.043 ms clock, 1.7+0.26/0.72/0.011+0.87 ms cpu, 4->4->2 MB, 4 MB goal, 0 MB stacks, 0 MB globals, 20 P
gc 10029 @17.549s 7%: 0.056+0.33+0.078 ms clock, 1.1+0.33/0.72/0+1.5 ms cpu, 4->5->2 MB, 5 MB goal, 0 MB stacks, 0 MB globals, 20 P
gc 10030 @17.550s 7%: 0.060+0.56+0.098 ms clock, 1.2+0.35/0.65/0.023+1.9 ms cpu, 3->4->2 MB, 4 MB goal, 0 MB stacks, 0 MB globals, 20 P
gc 10031 @17.552s 7%: 0.052+0.43+0.036 ms clock, 1.0+0.33/0.65/0+0.73 ms cpu, 4->5->2 MB, 5 MB goal, 0 MB stacks, 0 MB globals, 20 P
gc 10032 @17.553s 7%: 0.040+0.34+0.030 ms clock, 0.80+0.26/0.58/0.15+0.60 ms cpu, 4->5->2 MB, 5 MB goal, 0 MB stacks, 0 MB globals, 20 P
gc 10033 @17.554s 7%: 0.030+0.62+0.073 ms clock, 0.60+0.39/0.61/0+1.4 ms cpu, 3->5->2 MB, 4 MB goal, 0 MB stacks, 0 MB globals, 20 P
gc 10034 @17.556s 7%: 0.081+0.29+0.041 ms clock, 1.6+0.43/0.58/0+0.82 ms cpu, 4->5->2 MB, 5 MB goal, 0 MB stacks, 0 MB globals, 20 P
gc 10035 @17.557s 7%: 0.083+0.40+0.068 ms clock, 1.6+0.39/0.55/0.066+1.3 ms cpu, 3->4->2 MB, 4 MB goal, 0 MB stacks, 0 MB globals, 20 P
gc 10036 @17.558s 7%: 0.031+0.51+0.042 ms clock, 0.63+0.33/0.52/0.10+0.84 ms cpu, 4->5->2 MB, 4 MB goal, 0 MB stacks, 0 MB globals, 20 P
gc 10037 @17.559s 7%: 0.065+0.34+0.043 ms clock, 1.3+0.31/0.66/0.035+0.87 ms cpu, 4->5->2 MB, 5 MB goal, 0 MB stacks, 0 MB globals, 20 P
gc 10038 @17.560s 7%: 0.088+0.38+0.044 ms clock, 1.7+0.36/0.57/0.022+0.88 ms cpu, 4->4->2 MB, 4 MB goal, 0 MB stacks, 0 MB globals, 20 P
gc 10039 @17.561s 7%: 0.070+0.73+0.020 ms clock, 1.4+0.36/0.57/0.013+0.41 ms cpu, 4->5->2 MB, 4 MB goal, 0 MB stacks, 0 MB globals, 20 P
gc 10040 @17.563s 7%: 0.063+0.41+0.023 ms clock, 1.2+0.33/0.64/0.022+0.47 ms cpu, 5->6->2 MB, 6 MB goal, 0 MB stacks, 0 MB globals, 20 P
gc 10041 @17.565s 7%: 0.071+0.25+0.047 ms clock, 1.4+0.33/0.47/0.049+0.95 ms cpu, 4->4->2 MB, 5 MB goal, 0 MB stacks, 0 MB globals, 20 P
gc 10042 @17.566s 7%: 0.037+0.32+0.094 ms clock, 0.74+0.38/0.61/0.001+1.8 ms cpu, 3->4->2 MB, 4 MB goal, 0 MB stacks, 0 MB globals, 20 P
gc 10043 @17.567s 7%: 0.10+0.46+0.059 ms clock, 2.1+0.37/0.70/0.026+1.1 ms cpu, 4->5->2 MB, 4 MB goal, 0 MB stacks, 0 MB globals, 20 P
gc 10044 @17.568s 7%: 0.059+0.39+0.077 ms clock, 1.1+0.39/0.56/0.049+1.5 ms cpu, 4->5->2 MB, 5 MB goal, 0 MB stacks, 0 MB globals, 20 P
gc 10045 @17.570s 7%: 0.038+0.28+0.043 ms clock, 0.77+0.31/0.60/0.10+0.86 ms cpu, 4->4->2 MB, 5 MB goal, 0 MB stacks, 0 MB globals, 20 P
gc 10046 @17.571s 7%: 0.046+0.27+0.10 ms clock, 0.93+0.25/0.63/0.035+2.0 ms cpu, 3->4->2 MB, 4 MB goal, 0 MB stacks, 0 MB globals, 20 P
gc 10047 @17.572s 7%: 0.093+0.41+0.069 ms clock, 1.8+0.31/0.72/0.004+1.3 ms cpu, 3->4->2 MB, 4 MB goal, 0 MB stacks, 0 MB globals, 20 P
gc 10048 @17.573s 7%: 0.10+0.55+0.085 ms clock, 2.1+0.28/0.73/0.007+1.7 ms cpu, 4->5->2 MB, 4 MB goal, 0 MB stacks, 0 MB globals, 20 P
gc 10049 @17.575s 7%: 0.064+0.38+0.072 ms clock, 1.2+0.24/0.66/0.067+1.4 ms cpu, 4->5->2 MB, 5 MB goal, 0 MB stacks, 0 MB globals, 20 P
gc 10050 @17.576s 7%: 0.063+0.62+0.073 ms clock, 1.2+0.40/0.58/0.045+1.4 ms cpu, 4->5->2 MB, 5 MB goal, 0 MB stacks, 0 MB globals, 20 P
gc 10051 @17.578s 7%: 0.068+0.64+0.075 ms clock, 1.3+0.36/0.60/0.027+1.5 ms cpu, 4->6->2 MB, 5 MB goal, 0 MB stacks, 0 MB globals, 20 P
gc 10052 @17.579s 7%: 0.082+0.41+0.10 ms clock, 1.6+0.43/0.63/0.005+2.1 ms cpu, 4->5->2 MB, 5 MB goal, 0 MB stacks, 0 MB globals, 20 P
gc 10053 @17.580s 7%: 0.066+0.32+0.035 ms clock, 1.3+0.28/0.72/0+0.71 ms cpu, 4->4->2 MB, 4 MB goal, 0 MB stacks, 0 MB globals, 20 P
gc 10054 @17.581s 7%: 0.066+0.55+0.024 ms clock, 1.3+0.35/0.62/0+0.48 ms cpu, 4->5->2 MB, 4 MB goal, 0 MB stacks, 0 MB globals, 20 P
gc 10055 @17.583s 7%: 0.083+0.36+0.038 ms clock, 1.6+0.31/0.68/0+0.76 ms cpu, 4->5->2 MB, 5 MB goal, 0 MB stacks, 0 MB globals, 20 P
gc 10056 @17.584s 7%: 0.077+0.33+0.008 ms clock, 1.5+0.28/0.60/0.005+0.17 ms cpu, 4->4->2 MB, 5 MB goal, 0 MB stacks, 0 MB globals, 20 P
gc 10057 @17.585s 7%: 0.076+0.60+0.009 ms clock, 1.5+0.25/0.57/0.009+0.19 ms cpu, 4->5->2 MB, 4 MB goal, 0 MB stacks, 0 MB globals, 20 P
gc 10058 @17.587s 7%: 0.072+0.51+0.061 ms clock, 1.4+0.32/0.68/0+1.2 ms cpu, 4->6->2 MB, 5 MB goal, 0 MB stacks, 0 MB globals, 20 P
gc 10059 @17.589s 7%: 0.049+0.48+0.059 ms clock, 0.98+0.25/0.62/0.036+1.1 ms cpu, 4->6->2 MB, 5 MB goal, 0 MB stacks, 0 MB globals, 20 P
gc 10060 @17.590s 7%: 0.070+0.39+0.081 ms clock, 1.4+0.38/0.54/0.060+1.6 ms cpu, 4->5->2 MB, 5 MB goal, 0 MB stacks, 0 MB globals, 20 P
gc 10061 @17.591s 7%: 0.067+0.52+0.053 ms clock, 1.3+0.30/0.63/0.042+1.0 ms cpu, 4->5->2 MB, 5 MB goal, 0 MB stacks, 0 MB globals, 20 P
gc 10062 @17.593s 7%: 0.081+0.29+0.067 ms clock, 1.6+0.31/0.54/0.037+1.3 ms cpu, 4->5->2 MB, 5 MB goal, 0 MB stacks, 0 MB globals, 20 P
gc 10063 @17.594s 7%: 0.057+0.38+0.044 ms clock, 1.1+0.11/0.75/0.003+0.89 ms cpu, 4->4->2 MB, 4 MB goal, 0 MB stacks, 0 MB globals, 20 P
gc 10064 @17.595s 7%: 0.090+0.49+0.091 ms clock, 1.8+0.31/0.61/0.040+1.8 ms cpu, 4->5->2 MB, 5 MB goal, 0 MB stacks, 0 MB globals, 20 P
gc 10065 @17.597s 7%: 0.076+0.28+0.025 ms clock, 1.5+0.26/0.65/0.12+0.50 ms cpu, 4->5->2 MB, 5 MB goal, 0 MB stacks, 0 MB globals, 20 P
gc 10066 @17.598s 7%: 0.091+0.24+0.038 ms clock, 1.8+0.37/0.56/0.013+0.77 ms cpu, 3->4->2 MB, 4 MB goal, 0 MB stacks, 0 MB globals, 20 P
gc 10067 @17.599s 7%: 0.046+0.58+0.039 ms clock, 0.93+0.32/0.59/0+0.78 ms cpu, 4->5->2 MB, 4 MB goal, 0 MB stacks, 0 MB globals, 20 P
gc 10068 @17.600s 7%: 0.065+0.31+0.069 ms clock, 1.3+0.37/0.52/0+1.3 ms cpu, 4->5->2 MB, 5 MB goal, 0 MB stacks, 0 MB globals, 20 P
gc 10069 @17.601s 7%: 0.041+0.28+0.039 ms clock, 0.82+0.26/0.62/0.053+0.79 ms cpu, 4->4->2 MB, 5 MB goal, 0 MB stacks, 0 MB globals, 20 P
gc 10070 @17.602s 7%: 0.039+0.35+0.072 ms clock, 0.78+0.20/0.68/0.16+1.4 ms cpu, 3->4->2 MB, 4 MB goal, 0 MB stacks, 0 MB globals, 20 P
gc 10071 @17.603s 7%: 0.026+0.36+0.079 ms clock, 0.52+0.23/0.64/0.11+1.5 ms cpu, 4->5->2 MB, 5 MB goal, 0 MB stacks, 0 MB globals, 20 P
gc 10072 @17.605s 7%: 0.039+0.45+0.026 ms clock, 0.79+0.27/0.67/0.12+0.53 ms cpu, 4->5->2 MB, 5 MB goal, 0 MB stacks, 0 MB globals, 20 P
gc 10073 @17.606s 7%: 0.049+0.52+0.065 ms clock, 0.99+0.25/0.64/0+1.3 ms cpu, 4->5->2 MB, 5 MB goal, 0 MB stacks, 0 MB globals, 20 P
gc 10074 @17.607s 7%: 0.082+0.40+0.028 ms clock, 1.6+0.35/0.64/0.002+0.57 ms cpu, 4->6->2 MB, 5 MB goal, 0 MB stacks, 0 MB globals, 20 P
gc 10075 @17.608s 7%: 0.072+0.32+0.064 ms clock, 1.4+0.22/0.58/0.022+1.2 ms cpu, 4->5->2 MB, 5 MB goal, 0 MB stacks, 0 MB globals, 20 P
gc 10076 @17.609s 7%: 0.050+0.36+0.077 ms clock, 1.0+0.31/0.58/0.033+1.5 ms cpu, 4->4->2 MB, 4 MB goal, 0 MB stacks, 0 MB globals, 20 P
gc 10077 @17.611s 7%: 0.071+0.40+0.009 ms clock, 1.4+0.18/0.67/0+0.19 ms cpu, 4->5->2 MB, 4 MB goal, 0 MB stacks, 0 MB globals, 20 P
gc 10078 @17.612s 7%: 0.080+0.35+0.018 ms clock, 1.6+0.31/0.57/0+0.37 ms cpu, 4->5->2 MB, 5 MB goal, 0 MB stacks, 0 MB globals, 20 P
gc 10079 @17.613s 7%: 0.072+0.30+0.061 ms clock, 1.4+0.42/0.53/0+1.2 ms cpu, 4->4->2 MB, 5 MB goal, 0 MB stacks, 0 MB globals, 20 P
gc 10080 @17.614s 7%: 0.071+0.32+0.072 ms clock, 1.4+0.33/0.63/0.021+1.4 ms cpu, 4->4->2 MB, 4 MB goal, 0 MB stacks, 0 MB globals, 20 P
gc 10081 @17.615s 7%: 0.084+0.56+0.071 ms clock, 1.6+0.37/0.65/0+1.4 ms cpu, 4->5->2 MB, 5 MB goal, 0 MB stacks, 0 MB globals, 20 P
gc 10082 @17.617s 7%: 0.079+0.51+0.045 ms clock, 1.5+0.32/0.69/0+0.91 ms cpu, 4->5->2 MB, 5 MB goal, 0 MB stacks, 0 MB globals, 20 P
gc 10083 @17.618s 7%: 0.039+0.52+0.016 ms clock, 0.78+0.19/0.60/0.13+0.32 ms cpu, 4->5->2 MB, 5 MB goal, 0 MB stacks, 0 MB globals, 20 P
gc 10084 @17.619s 7%: 0.079+0.45+0.087 ms clock, 1.5+0.080/0.79/0.026+1.7 ms cpu, 4->5->2 MB, 5 MB goal, 0 MB stacks, 0 MB globals, 20 P
gc 10085 @17.620s 7%: 0.085+0.57+0.087 ms clock, 1.7+0.42/0.51/0.042+1.7 ms cpu, 4->5->2 MB, 5 MB goal, 0 MB stacks, 0 MB globals, 20 P
gc 10086 @17.622s 7%: 0.056+0.45+0.091 ms clock, 1.1+0.27/0.73/0+1.8 ms cpu, 4->5->2 MB, 5 MB goal, 0 MB stacks, 0 MB globals, 20 P
gc 10087 @17.623s 7%: 0.064+0.26+0.067 ms clock, 1.2+0.26/0.67/0.013+1.3 ms cpu, 4->4->2 MB, 5 MB goal, 0 MB stacks, 0 MB globals, 20 P
gc 10088 @17.624s 7%: 0.079+0.37+0.080 ms clock, 1.5+0.22/0.61/0.098+1.6 ms cpu, 3->4->2 MB, 4 MB goal, 0 MB stacks, 0 MB globals, 20 P
gc 10089 @17.625s 7%: 0.089+0.54+0.087 ms clock, 1.7+0.25/0.74/0+1.7 ms cpu, 4->5->2 MB, 4 MB goal, 0 MB stacks, 0 MB globals, 20 P
gc 10090 @17.626s 7%: 0.043+0.50+0.025 ms clock, 0.86+0.29/0.68/0+0.50 ms cpu, 4->5->2 MB, 5 MB goal, 0 MB stacks, 0 MB globals, 20 P
gc 10091 @17.628s 7%: 0.050+0.26+0.090 ms clock, 1.0+0.30/0.61/0.076+1.8 ms cpu, 4->4->2 MB, 5 MB goal, 0 MB stacks, 0 MB globals, 20 P
gc 10092 @17.628s 7%: 0.095+0.53+0.019 ms clock, 1.9+0.48/0.63/0+0.39 ms cpu, 3->4->2 MB, 4 MB goal, 0 MB stacks, 0 MB globals, 20 P
gc 10093 @17.630s 7%: 0.083+0.46+0.051 ms clock, 1.6+0.34/0.62/0.051+1.0 ms cpu, 4->5->2 MB, 5 MB goal, 0 MB stacks, 0 MB globals, 20 P
gc 10094 @17.631s 7%: 0.080+0.39+0.090 ms clock, 1.6+0.30/0.57/0.10+1.8 ms cpu, 4->5->2 MB, 5 MB goal, 0 MB stacks, 0 MB globals, 20 P
gc 10095 @17.632s 7%: 0.074+0.25+0.075 ms clock, 1.4+0.25/0.55/0.003+1.5 ms cpu, 4->5->2 MB, 5 MB goal, 0 MB stacks, 0 MB globals, 20 P
gc 10096 @17.633s 7%: 0.049+0.54+0.050 ms clock, 0.99+0.26/0.61/0.052+1.0 ms cpu, 4->4->2 MB, 4 MB goal, 0 MB stacks, 0 MB globals, 20 P
gc 10097 @17.635s 7%: 0.066+0.39+0.079 ms clock, 1.3+0.24/0.64/0.004+1.5 ms cpu, 4->5->2 MB, 5 MB goal, 0 MB stacks, 0 MB globals, 20 P
gc 10098 @17.636s 7%: 0.089+0.62+0.054 ms clock, 1.7+0.24/0.70/0.015+1.0 ms cpu, 4->5->2 MB, 5 MB goal, 0 MB stacks, 0 MB globals, 20 P
gc 10099 @17.638s 7%: 0.098+0.34+0.070 ms clock, 1.9+0.37/0.56/0.043+1.4 ms cpu, 4->6->2 MB, 5 MB goal, 0 MB stacks, 0 MB globals, 20 P
gc 10100 @17.639s 7%: 0.082+0.41+0.065 ms clock, 1.6+0.26/0.64/0.018+1.3 ms cpu, 4->5->2 MB, 5 MB goal, 0 MB stacks, 0 MB globals, 20 P
gc 10101 @17.640s 7%: 0.063+0.32+0.019 ms clock, 1.2+0.33/0.55/0.087+0.38 ms cpu, 4->5->2 MB, 5 MB goal, 0 MB stacks, 0 MB globals, 20 P
gc 10102 @17.642s 7%: 0.059+0.34+0.096 ms clock, 1.1+0.41/0.69/0.007+1.9 ms cpu, 3->4->2 MB, 4 MB goal, 0 MB stacks, 0 MB globals, 20 P
gc 10103 @17.643s 7%: 0.097+0.38+0.044 ms clock, 1.9+0.36/0.59/0+0.88 ms cpu, 4->5->2 MB, 4 MB goal, 0 MB stacks, 0 MB globals, 20 P
gc 10104 @17.644s 7%: 0.073+0.41+0.046 ms clock, 1.4+0.19/0.66/0.13+0.92 ms cpu, 4->5->2 MB, 5 MB goal, 0 MB stacks, 0 MB globals, 20 P
gc 10105 @17.645s 7%: 0.076+0.36+0.10 ms clock, 1.5+0.26/0.64/0.056+2.1 ms cpu, 4->5->2 MB, 5 MB goal, 0 MB stacks, 0 MB globals, 20 P
gc 10106 @17.647s 7%: 0.076+0.38+0.055 ms clock, 1.5+0.31/0.60/0.002+1.1 ms cpu, 4->5->2 MB, 4 MB goal, 0 MB stacks, 0 MB globals, 20 P
gc 10107 @17.648s 7%: 0.11+0.50+0.064 ms clock, 2.3+0.27/0.59/0+1.2 ms cpu, 4->5->2 MB, 5 MB goal, 0 MB stacks, 0 MB globals, 20 P
gc 10108 @17.650s 7%: 0.034+0.32+0.055 ms clock, 0.69+0.42/0.62/0.028+1.1 ms cpu, 4->5->2 MB, 5 MB goal, 0 MB stacks, 0 MB globals, 20 P
gc 10109 @17.651s 7%: 0.073+0.34+0.009 ms clock, 1.4+0.42/0.63/0.036+0.19 ms cpu, 4->4->1 MB, 4 MB goal, 0 MB stacks, 0 MB globals, 20 P
gc 10110 @17.652s 7%: 0.087+0.44+0.046 ms clock, 1.7+0.35/0.73/0.011+0.92 ms cpu, 3->4->2 MB, 4 MB goal, 0 MB stacks, 0 MB globals, 20 P
gc 10111 @17.653s 7%: 0.025+0.35+0.026 ms clock, 0.51+0.20/0.68/0.033+0.52 ms cpu, 4->5->2 MB, 5 MB goal, 0 MB stacks, 0 MB globals, 20 P
gc 10112 @17.654s 7%: 0.044+0.30+0.076 ms clock, 0.89+0.42/0.64/0.046+1.5 ms cpu, 4->4->2 MB, 4 MB goal, 0 MB stacks, 0 MB globals, 20 P
gc 10113 @17.655s 7%: 0.089+0.35+0.074 ms clock, 1.7+0.42/0.62/0.018+1.4 ms cpu, 3->4->2 MB, 4 MB goal, 0 MB stacks, 0 MB globals, 20 P
gc 10114 @17.657s 7%: 0.073+0.38+0.070 ms clock, 1.4+0.37/0.71/0.005+1.4 ms cpu, 4->5->2 MB, 5 MB goal, 0 MB stacks, 0 MB globals, 20 P
gc 10115 @17.658s 7%: 0.090+0.37+0.010 ms clock, 1.8+0.23/0.64/0.037+0.20 ms cpu, 4->5->2 MB, 5 MB goal, 0 MB stacks, 0 MB globals, 20 P
gc 10116 @17.659s 7%: 0.071+0.35+0.075 ms clock, 1.4+0.25/0.60/0.056+1.5 ms cpu, 4->5->2 MB, 4 MB goal, 0 MB stacks, 0 MB globals, 20 P
gc 10117 @17.661s 7%: 0.052+0.32+0.042 ms clock, 1.0+0.28/0.63/0.019+0.85 ms cpu, 4->4->2 MB, 5 MB goal, 0 MB stacks, 0 MB globals, 20 P
gc 10118 @17.662s 7%: 0.039+0.32+0.052 ms clock, 0.78+0.19/0.61/0.13+1.0 ms cpu, 3->4->2 MB, 4 MB goal, 0 MB stacks, 0 MB globals, 20 P
gc 10119 @17.663s 7%: 0.051+0.40+0.088 ms clock, 1.0+0.27/0.53/0.10+1.7 ms cpu, 4->5->2 MB, 5 MB goal, 0 MB stacks, 0 MB globals, 20 P
gc 10120 @17.664s 7%: 0.10+0.42+0.029 ms clock, 2.1+0.29/0.64/0+0.59 ms cpu, 4->4->2 MB, 4 MB goal, 0 MB stacks, 0 MB globals, 20 P
gc 10121 @17.666s 7%: 0.074+0.32+0.077 ms clock, 1.4+0.44/0.55/0.094+1.5 ms cpu, 4->5->2 MB, 5 MB goal, 0 MB stacks, 0 MB globals, 20 P
gc 10122 @17.667s 7%: 0.075+0.39+0.033 ms clock, 1.5+0.29/0.59/0+0.66 ms cpu, 4->5->2 MB, 5 MB goal, 0 MB stacks, 0 MB globals, 20 P
gc 10123 @17.668s 7%: 0.075+0.28+0.028 ms clock, 1.5+0.30/0.66/0.023+0.57 ms cpu, 3->4->2 MB, 4 MB goal, 0 MB stacks, 0 MB globals, 20 P
gc 10124 @17.669s 7%: 0.067+0.36+0.067 ms clock, 1.3+0.29/0.72/0+1.3 ms cpu, 4->4->2 MB, 4 MB goal, 0 MB stacks, 0 MB globals, 20 P
gc 10125 @17.671s 7%: 0.080+0.47+0.051 ms clock, 1.6+0.30/0.61/0.028+1.0 ms cpu, 4->5->2 MB, 4 MB goal, 0 MB stacks, 0 MB globals, 20 P
gc 10126 @17.672s 7%: 0.047+0.58+0.011 ms clock, 0.95+0.29/0.55/0+0.22 ms cpu, 4->5->2 MB, 5 MB goal, 0 MB stacks, 0 MB globals, 20 P
gc 10127 @17.673s 7%: 0.067+0.42+0.079 ms clock, 1.3+0.33/0.67/0.011+1.5 ms cpu, 4->5->2 MB, 5 MB goal, 0 MB stacks, 0 MB globals, 20 P
gc 10128 @17.675s 7%: 0.089+0.41+0.074 ms clock, 1.7+0.11/0.83/0+1.4 ms cpu, 4->5->2 MB, 5 MB goal, 0 MB stacks, 0 MB globals, 20 P
gc 10129 @17.676s 7%: 0.058+0.40+0.089 ms clock, 1.1+0.31/0.64/0+1.7 ms cpu, 4->5->2 MB, 5 MB goal, 0 MB stacks, 0 MB globals, 20 P
gc 10130 @17.678s 7%: 0.072+0.38+0.097 ms clock, 1.4+0.31/0.59/0+1.9 ms cpu, 4->5->2 MB, 5 MB goal, 0 MB stacks, 0 MB globals, 20 P
gc 10131 @17.679s 7%: 0.041+0.41+0.041 ms clock, 0.83+0.32/0.67/0.006+0.82 ms cpu, 4->4->2 MB, 4 MB goal, 0 MB stacks, 0 MB globals, 20 P
gc 10132 @17.680s 7%: 0.069+0.36+0.051 ms clock, 1.3+0.34/0.57/0.044+1.0 ms cpu, 4->4->2 MB, 4 MB goal, 0 MB stacks, 0 MB globals, 20 P
gc 10133 @17.681s 7%: 0.061+0.43+0.021 ms clock, 1.2+0.53/0.53/0.054+0.43 ms cpu, 4->4->2 MB, 4 MB goal, 0 MB stacks, 0 MB globals, 20 P
gc 10134 @17.682s 7%: 0.085+0.41+0.073 ms clock, 1.7+0.32/0.65/0.055+1.4 ms cpu, 4->5->2 MB, 4 MB goal, 0 MB stacks, 0 MB globals, 20 P
gc 10135 @17.684s 7%: 0.082+0.52+0.065 ms clock, 1.6+0.27/0.64/0+1.3 ms cpu, 4->5->2 MB, 5 MB goal, 0 MB stacks, 0 MB globals, 20 P
gc 10136 @17.685s 7%: 0.073+0.43+0.028 ms clock, 1.4+0.29/0.67/0.019+0.56 ms cpu, 4->5->2 MB, 5 MB goal, 0 MB stacks, 0 MB globals, 20 P
gc 10137 @17.687s 7%: 0.071+0.33+0.008 ms clock, 1.4+0.41/0.60/0+0.17 ms cpu, 4->5->2 MB, 5 MB goal, 0 MB stacks, 0 MB globals, 20 P
gc 10138 @17.688s 7%: 0.042+0.46+0.074 ms clock, 0.85+0.29/0.64/0+1.4 ms cpu, 3->4->2 MB, 4 MB goal, 0 MB stacks, 0 MB globals, 20 P
gc 10139 @17.689s 7%: 0.081+0.24+0.049 ms clock, 1.6+0.26/0.66/0.003+0.98 ms cpu, 4->4->2 MB, 5 MB goal, 0 MB stacks, 0 MB globals, 20 P
gc 10140 @17.690s 7%: 0.065+0.36+0.035 ms clock, 1.3+0.45/0.56/0.029+0.71 ms cpu, 3->4->2 MB, 4 MB goal, 0 MB stacks, 0 MB globals, 20 P
gc 10141 @17.692s 7%: 0.064+0.41+0.055 ms clock, 1.2+0.20/0.53/0.17+1.1 ms cpu, 4->5->2 MB, 5 MB goal, 0 MB stacks, 0 MB globals, 20 P
gc 10142 @17.693s 7%: 0.070+0.51+0.030 ms clock, 1.4+0.34/0.60/0.013+0.61 ms cpu, 4->5->2 MB, 5 MB goal, 0 MB stacks, 0 MB globals, 20 P
gc 10143 @17.694s 7%: 0.069+0.35+0.060 ms clock, 1.3+0.23/0.63/0.057+1.2 ms cpu, 4->5->2 MB, 5 MB goal, 0 MB stacks, 0 MB globals, 20 P
gc 10144 @17.696s 7%: 0.080+0.31+0.053 ms clock, 1.6+0.38/0.60/0.041+1.0 ms cpu, 4->4->2 MB, 4 MB goal, 0 MB stacks, 0 MB globals, 20 P
gc 10145 @17.697s 7%: 0.042+0.65+0.029 ms clock, 0.85+0.38/0.60/0+0.58 ms cpu, 4->5->2 MB, 4 MB goal, 0 MB stacks, 0 MB globals, 20 P
gc 10146 @17.699s 7%: 0.064+0.32+0.069 ms clock, 1.2+0.33/0.59/0.010+1.3 ms cpu, 4->5->2 MB, 5 MB goal, 0 MB stacks, 0 MB globals, 20 P
gc 10147 @17.700s 7%: 0.067+0.50+0.066 ms clock, 1.3+0.39/0.57/0.036+1.3 ms cpu, 4->5->2 MB, 5 MB goal, 0 MB stacks, 0 MB globals, 20 P
gc 10148 @17.702s 7%: 0.045+0.29+0.053 ms clock, 0.90+0.35/0.59/0.020+1.0 ms cpu, 5->5->2 MB, 5 MB goal, 0 MB stacks, 0 MB globals, 20 P
gc 10149 @17.703s 7%: 0.045+0.47+0.12 ms clock, 0.91+0.35/0.65/0.022+2.4 ms cpu, 4->5->2 MB, 4 MB goal, 0 MB stacks, 0 MB globals, 20 P
gc 10150 @17.704s 7%: 0.082+0.34+0.030 ms clock, 1.6+0.22/0.76/0.034+0.60 ms cpu, 4->5->2 MB, 5 MB goal, 0 MB stacks, 0 MB globals, 20 P
gc 10151 @17.705s 7%: 0.048+0.41+0.038 ms clock, 0.96+0.36/0.61/0+0.77 ms cpu, 4->4->2 MB, 4 MB goal, 0 MB stacks, 0 MB globals, 20 P
gc 10152 @17.706s 7%: 0.041+0.30+0.031 ms clock, 0.83+0.37/0.66/0+0.63 ms cpu, 4->5->2 MB, 5 MB goal, 0 MB stacks, 0 MB globals, 20 P
gc 10153 @17.708s 7%: 0.073+0.32+0.061 ms clock, 1.4+0.44/0.55/0.022+1.2 ms cpu, 4->4->2 MB, 5 MB goal, 0 MB stacks, 0 MB globals, 20 P
gc 10154 @17.709s 7%: 0.037+0.60+0.054 ms clock, 0.75+0.37/0.70/0+1.0 ms cpu, 4->5->2 MB, 4 MB goal, 0 MB stacks, 0 MB globals, 20 P
gc 10155 @17.710s 7%: 0.092+0.40+0.10 ms clock, 1.8+0.32/0.61/0.028+2.1 ms cpu, 4->5->2 MB, 5 MB goal, 0 MB stacks, 0 MB globals, 20 P
gc 10156 @17.712s 7%: 0.068+0.43+0.083 ms clock, 1.3+0.34/0.57/0.031+1.6 ms cpu, 4->5->2 MB, 5 MB goal, 0 MB stacks, 0 MB globals, 20 P
gc 10157 @17.713s 7%: 0.079+0.25+0.067 ms clock, 1.5+0.42/0.55/0.059+1.3 ms cpu, 4->5->2 MB, 5 MB goal, 0 MB stacks, 0 MB globals, 20 P
gc 10158 @17.714s 7%: 0.088+0.43+0.042 ms clock, 1.7+0.27/0.73/0+0.85 ms cpu, 3->4->2 MB, 4 MB goal, 0 MB stacks, 0 MB globals, 20 P
gc 10159 @17.715s 7%: 0.068+0.60+0.081 ms clock, 1.3+0.29/0.72/0.007+1.6 ms cpu, 4->5->2 MB, 5 MB goal, 0 MB stacks, 0 MB globals, 20 P
gc 10160 @17.717s 7%: 0.070+0.43+0.057 ms clock, 1.4+0.44/0.63/0.005+1.1 ms cpu, 4->5->2 MB, 5 MB goal, 0 MB stacks, 0 MB globals, 20 P
gc 10161 @17.719s 7%: 0.070+0.32+0.035 ms clock, 1.4+0.25/0.60/0+0.70 ms cpu, 4->5->2 MB, 5 MB goal, 0 MB stacks, 0 MB globals, 20 P
gc 10162 @17.720s 7%: 0.066+0.48+0.031 ms clock, 1.3+0.34/0.64/0.12+0.63 ms cpu, 4->5->2 MB, 4 MB goal, 0 MB stacks, 0 MB globals, 20 P
gc 10163 @17.721s 7%: 0.068+0.28+0.064 ms clock, 1.3+0.25/0.63/0.010+1.2 ms cpu, 4->5->2 MB, 5 MB goal, 0 MB stacks, 0 MB globals, 20 P
gc 10164 @17.723s 7%: 0.092+0.41+0.060 ms clock, 1.8+0.23/0.64/0.061+1.2 ms cpu, 3->4->2 MB, 4 MB goal, 0 MB stacks, 0 MB globals, 20 P
gc 10165 @17.724s 7%: 0.071+0.27+0.015 ms clock, 1.4+0.31/0.65/0.011+0.30 ms cpu, 4->5->2 MB, 5 MB goal, 0 MB stacks, 0 MB globals, 20 P
gc 10166 @17.725s 7%: 0.040+0.25+0.059 ms clock, 0.81+0.30/0.60/0.036+1.1 ms cpu, 4->4->1 MB, 4 MB goal, 0 MB stacks, 0 MB globals, 20 P
gc 10167 @17.726s 7%: 0.075+0.35+0.068 ms clock, 1.5+0.32/0.65/0.012+1.3 ms cpu, 3->4->2 MB, 4 MB goal, 0 MB stacks, 0 MB globals, 20 P
gc 10168 @17.727s 7%: 0.060+0.34+0.041 ms clock, 1.2+0.34/0.58/0.043+0.83 ms cpu, 3->4->2 MB, 4 MB goal, 0 MB stacks, 0 MB globals, 20 P
gc 10169 @17.727s 7%: 0.060+0.27+0.015 ms clock, 1.2+0.35/0.62/0.015+0.31 ms cpu, 3->4->2 MB, 4 MB goal, 0 MB stacks, 0 MB globals, 20 P
gc 10170 @17.729s 7%: 0.051+0.38+0.048 ms clock, 1.0+0.32/0.62/0.021+0.97 ms cpu, 3->4->2 MB, 4 MB goal, 0 MB stacks, 0 MB globals, 20 P
gc 10171 @17.730s 7%: 0.053+0.56+0.077 ms clock, 1.0+0.37/0.67/0+1.5 ms cpu, 4->5->2 MB, 5 MB goal, 0 MB stacks, 0 MB globals, 20 P
gc 10172 @17.731s 7%: 0.068+0.49+0.10 ms clock, 1.3+0.44/0.62/0+2.1 ms cpu, 4->6->2 MB, 5 MB goal, 0 MB stacks, 0 MB globals, 20 P
gc 10173 @17.733s 7%: 0.10+0.37+0.022 ms clock, 2.0+0.27/0.69/0+0.44 ms cpu, 4->5->2 MB, 5 MB goal, 0 MB stacks, 0 MB globals, 20 P
gc 10174 @17.734s 7%: 0.045+0.31+0.024 ms clock, 0.91+0.33/0.59/0.068+0.48 ms cpu, 4->4->2 MB, 5 MB goal, 0 MB stacks, 0 MB globals, 20 P
gc 10175 @17.735s 7%: 0.062+0.47+0.065 ms clock, 1.2+0.31/0.66/0.036+1.3 ms cpu, 3->4->2 MB, 4 MB goal, 0 MB stacks, 0 MB globals, 20 P
gc 10176 @17.737s 7%: 0.069+0.55+0.076 ms clock, 1.3+0.34/0.54/0.022+1.5 ms cpu, 4->5->2 MB, 4 MB goal, 0 MB stacks, 0 MB globals, 20 P
gc 10177 @17.738s 7%: 0.093+0.41+0.051 ms clock, 1.8+0.41/0.68/0.025+1.0 ms cpu, 4->5->2 MB, 5 MB goal, 0 MB stacks, 0 MB globals, 20 P
gc 10178 @17.739s 7%: 0.048+0.31+0.030 ms clock, 0.97+0.25/0.57/0.048+0.60 ms cpu, 4->5->2 MB, 5 MB goal, 0 MB stacks, 0 MB globals, 20 P
gc 10179 @17.740s 7%: 0.042+0.35+0.017 ms clock, 0.85+0.33/0.62/0.016+0.34 ms cpu, 4->4->2 MB, 4 MB goal, 0 MB stacks, 0 MB globals, 20 P
gc 10180 @17.741s 7%: 0.068+0.39+0.073 ms clock, 1.3+0.36/0.57/0+1.4 ms cpu, 4->5->2 MB, 4 MB goal, 0 MB stacks, 0 MB globals, 20 P
gc 10181 @17.742s 7%: 0.035+0.38+0.014 ms clock, 0.71+0.40/0.59/0.012+0.28 ms cpu, 4->5->2 MB, 5 MB goal, 0 MB stacks, 0 MB globals, 20 P
gc 10182 @17.744s 7%: 0.061+0.36+0.065 ms clock, 1.2+0.15/0.59/0.048+1.3 ms cpu, 4->5->2 MB, 4 MB goal, 0 MB stacks, 0 MB globals, 20 P
gc 10183 @17.745s 7%: 0.048+0.43+0.071 ms clock, 0.97+0.34/0.55/0+1.4 ms cpu, 4->4->2 MB, 4 MB goal, 0 MB stacks, 0 MB globals, 20 P
gc 10184 @17.746s 7%: 0.065+0.29+0.017 ms clock, 1.3+0.30/0.70/0.015+0.35 ms cpu, 4->4->2 MB, 5 MB goal, 0 MB stacks, 0 MB globals, 20 P
gc 10185 @17.747s 7%: 0.068+0.51+0.065 ms clock, 1.3+0.29/0.63/0.031+1.3 ms cpu, 3->5->2 MB, 4 MB goal, 0 MB stacks, 0 MB globals, 20 P
gc 10186 @17.749s 7%: 0.070+0.49+0.078 ms clock, 1.4+0.34/0.63/0.005+1.5 ms cpu, 4->5->2 MB, 5 MB goal, 0 MB stacks, 0 MB globals, 20 P
gc 10187 @17.750s 7%: 0.052+0.38+0.018 ms clock, 1.0+0.36/0.52/0.066+0.37 ms cpu, 4->5->2 MB, 5 MB goal, 0 MB stacks, 0 MB globals, 20 P
gc 10188 @17.751s 7%: 0.054+0.33+0.090 ms clock, 1.0+0.35/0.52/0.021+1.8 ms cpu, 4->4->2 MB, 4 MB goal, 0 MB stacks, 0 MB globals, 20 P
gc 10189 @17.753s 7%: 0.075+0.37+0.028 ms clock, 1.5+0.35/0.62/0+0.56 ms cpu, 4->5->2 MB, 4 MB goal, 0 MB stacks, 0 MB globals, 20 P
gc 10190 @17.754s 7%: 0.069+0.38+0.089 ms clock, 1.3+0.35/0.60/0.038+1.7 ms cpu, 4->5->2 MB, 5 MB goal, 0 MB stacks, 0 MB globals, 20 P
gc 10191 @17.755s 7%: 0.048+0.32+0.027 ms clock, 0.97+0.25/0.57/0.043+0.54 ms cpu, 4->4->2 MB, 4 MB goal, 0 MB stacks, 0 MB globals, 20 P
gc 10192 @17.756s 7%: 0.11+0.26+0.085 ms clock, 2.3+0.38/0.55/0.010+1.7 ms cpu, 4->4->2 MB, 4 MB goal, 0 MB stacks, 0 MB globals, 20 P
gc 10193 @17.757s 7%: 0.031+0.40+0.021 ms clock, 0.62+0.51/0.56/0.002+0.42 ms cpu, 4->5->2 MB, 4 MB goal, 0 MB stacks, 0 MB globals, 20 P
gc 10194 @17.758s 7%: 0.069+0.28+0.074 ms clock, 1.3+0.38/0.62/0.006+1.4 ms cpu, 4->5->2 MB, 4 MB goal, 0 MB stacks, 0 MB globals, 20 P
gc 10195 @17.760s 7%: 0.087+0.46+0.073 ms clock, 1.7+0.31/0.67/0.077+1.4 ms cpu, 4->5->2 MB, 4 MB goal, 0 MB stacks, 0 MB globals, 20 P
gc 10196 @17.761s 7%: 0.066+0.60+0.063 ms clock, 1.3+0.30/0.67/0+1.2 ms cpu, 4->5->2 MB, 5 MB goal, 0 MB stacks, 0 MB globals, 20 P
gc 10197 @17.763s 7%: 0.086+0.51+0.14 ms clock, 1.7+0.26/0.63/0.054+2.8 ms cpu, 4->5->2 MB, 5 MB goal, 0 MB stacks, 0 MB globals, 20 P
gc 10198 @17.764s 7%: 0.077+0.42+0.077 ms clock, 1.5+0.35/0.56/0+1.5 ms cpu, 4->5->2 MB, 5 MB goal, 0 MB stacks, 0 MB globals, 20 P
gc 10199 @17.765s 7%: 0.072+0.44+0.049 ms clock, 1.4+0.32/0.64/0.013+0.99 ms cpu, 4->5->2 MB, 5 MB goal, 0 MB stacks, 0 MB globals, 20 P
gc 10200 @17.767s 7%: 0.054+0.26+0.070 ms clock, 1.0+0.24/0.67/0.069+1.4 ms cpu, 4->5->1 MB, 5 MB goal, 0 MB stacks, 0 MB globals, 20 P
gc 10201 @17.768s 7%: 0.089+0.44+0.062 ms clock, 1.7+0.26/0.62/0+1.2 ms cpu, 3->4->2 MB, 4 MB goal, 0 MB stacks, 0 MB globals, 20 P
gc 10202 @17.769s 7%: 0.083+0.45+0.048 ms clock, 1.6+0.41/0.67/0+0.97 ms cpu, 4->5->2 MB, 4 MB goal, 0 MB stacks, 0 MB globals, 20 P
gc 10203 @17.770s 7%: 0.091+0.28+0.033 ms clock, 1.8+0.33/0.48/0.18+0.67 ms cpu, 4->4->2 MB, 5 MB goal, 0 MB stacks, 0 MB globals, 20 P
gc 10204 @17.771s 7%: 0.074+0.42+0.056 ms clock, 1.4+0.27/0.68/0+1.1 ms cpu, 3->4->2 MB, 4 MB goal, 0 MB stacks, 0 MB globals, 20 P
gc 10205 @17.773s 7%: 0.056+0.48+0.032 ms clock, 1.1+0.35/0.63/0.063+0.64 ms cpu, 4->5->2 MB, 5 MB goal, 0 MB stacks, 0 MB globals, 20 P
gc 10206 @17.774s 7%: 0.073+0.48+0.066 ms clock, 1.4+0.32/0.63/0.024+1.3 ms cpu, 4->5->2 MB, 5 MB goal, 0 MB stacks, 0 MB globals, 20 P
gc 10207 @17.775s 7%: 0.042+0.34+0.064 ms clock, 0.85+0.27/0.65/0.030+1.2 ms cpu, 4->5->2 MB, 5 MB goal, 0 MB stacks, 0 MB globals, 20 P
gc 10208 @17.776s 7%: 0.078+0.50+0.045 ms clock, 1.5+0.31/0.61/0.057+0.91 ms cpu, 4->4->2 MB, 4 MB goal, 0 MB stacks, 0 MB globals, 20 P
gc 10209 @17.778s 7%: 0.061+0.39+0.051 ms clock, 1.2+0.34/0.76/0.029+1.0 ms cpu, 4->5->2 MB, 5 MB goal, 0 MB stacks, 0 MB globals, 20 P
gc 10210 @17.779s 7%: 0.084+0.76+0.027 ms clock, 1.6+0.23/0.71/0.005+0.55 ms cpu, 4->5->2 MB, 4 MB goal, 0 MB stacks, 0 MB globals, 20 P
gc 10211 @17.781s 7%: 0.051+0.34+0.035 ms clock, 1.0+0.26/0.61/0.019+0.70 ms cpu, 4->5->2 MB, 5 MB goal, 0 MB stacks, 0 MB globals, 20 P
gc 10212 @17.782s 7%: 0.095+0.25+0.057 ms clock, 1.9+0.33/0.66/0.008+1.1 ms cpu, 4->4->2 MB, 4 MB goal, 0 MB stacks, 0 MB globals, 20 P
gc 10213 @17.783s 7%: 0.072+0.42+0.023 ms clock, 1.4+0.44/0.56/0.042+0.47 ms cpu, 3->4->2 MB, 4 MB goal, 0 MB stacks, 0 MB globals, 20 P
gc 10214 @17.784s 7%: 0.033+0.38+0.092 ms clock, 0.67+0.29/0.60/0.002+1.8 ms cpu, 4->5->2 MB, 5 MB goal, 0 MB stacks, 0 MB globals, 20 P
gc 10215 @17.785s 7%: 0.066+0.32+0.078 ms clock, 1.3+0.26/0.56/0.027+1.5 ms cpu, 4->4->2 MB, 4 MB goal, 0 MB stacks, 0 MB globals, 20 P
gc 10216 @17.786s 7%: 0.064+0.33+0.073 ms clock, 1.2+0.28/0.65/0+1.4 ms cpu, 3->4->2 MB, 4 MB goal, 0 MB stacks, 0 MB globals, 20 P
gc 10217 @17.788s 7%: 0.065+0.45+0.018 ms clock, 1.3+0.30/0.56/0.007+0.37 ms cpu, 4->5->2 MB, 4 MB goal, 0 MB stacks, 0 MB globals, 20 P
gc 10218 @17.790s 7%: 0.037+0.34+0.042 ms clock, 0.74+0.29/0.64/0.037+0.85 ms cpu, 4->5->2 MB, 5 MB goal, 0 MB stacks, 0 MB globals, 20 P
gc 10219 @17.791s 7%: 0.072+0.42+0.049 ms clock, 1.4+0.33/0.62/0.022+0.99 ms cpu, 4->5->2 MB, 5 MB goal, 0 MB stacks, 0 MB globals, 20 P
gc 10220 @17.792s 7%: 0.058+0.30+0.026 ms clock, 1.1+0.26/0.67/0+0.53 ms cpu, 4->5->2 MB, 5 MB goal, 0 MB stacks, 0 MB globals, 20 P
gc 10221 @17.793s 7%: 0.050+0.38+0.087 ms clock, 1.0+0.32/0.65/0.010+1.7 ms cpu, 4->5->2 MB, 4 MB goal, 0 MB stacks, 0 MB globals, 20 P
gc 10222 @17.795s 7%: 0.032+0.44+0.024 ms clock, 0.65+0.15/0.75/0.002+0.48 ms cpu, 4->5->2 MB, 5 MB goal, 0 MB stacks, 0 MB globals, 20 P
gc 10223 @17.796s 7%: 0.087+0.25+0.058 ms clock, 1.7+0.32/0.48/0.084+1.1 ms cpu, 4->5->2 MB, 5 MB goal, 0 MB stacks, 0 MB globals, 20 P
gc 10224 @17.797s 7%: 0.085+0.54+0.074 ms clock, 1.7+0.35/0.51/0.028+1.4 ms cpu, 3->4->2 MB, 4 MB goal, 0 MB stacks, 0 MB globals, 20 P
gc 10225 @17.798s 7%: 0.070+0.36+0.080 ms clock, 1.4+0.31/0.61/0.023+1.6 ms cpu, 4->4->2 MB, 4 MB goal, 0 MB stacks, 0 MB globals, 20 P
gc 10226 @17.800s 7%: 0.081+0.53+0.059 ms clock, 1.6+0.36/0.68/0.011+1.1 ms cpu, 4->5->2 MB, 4 MB goal, 0 MB stacks, 0 MB globals, 20 P
gc 10227 @17.801s 7%: 0.066+0.51+0.018 ms clock, 1.3+0.35/0.57/0.023+0.37 ms cpu, 4->5->2 MB, 5 MB goal, 0 MB stacks, 0 MB globals, 20 P
gc 10228 @17.803s 7%: 0.061+0.43+0.025 ms clock, 1.2+0.40/0.54/0.045+0.50 ms cpu, 4->5->2 MB, 5 MB goal, 0 MB stacks, 0 MB globals, 20 P
gc 10229 @17.804s 7%: 0.073+0.37+0.055 ms clock, 1.4+0.34/0.59/0.15+1.1 ms cpu, 4->4->2 MB, 4 MB goal, 0 MB stacks, 0 MB globals, 20 P
gc 10230 @17.805s 7%: 0.037+0.46+0.076 ms clock, 0.74+0.34/0.62/0.040+1.5 ms cpu, 4->5->2 MB, 4 MB goal, 0 MB stacks, 0 MB globals, 20 P
gc 10231 @17.807s 7%: 0.071+0.37+0.070 ms clock, 1.4+0.36/0.58/0.036+1.4 ms cpu, 4->5->2 MB, 5 MB goal, 0 MB stacks, 0 MB globals, 20 P
gc 10232 @17.808s 7%: 0.053+0.44+0.075 ms clock, 1.0+0.26/0.55/0.099+1.5 ms cpu, 4->5->2 MB, 5 MB goal, 0 MB stacks, 0 MB globals, 20 P
gc 10233 @17.809s 7%: 0.071+0.26+0.021 ms clock, 1.4+0.19/0.74/0.014+0.43 ms cpu, 4->4->1 MB, 4 MB goal, 0 MB stacks, 0 MB globals, 20 P
gc 10234 @17.810s 7%: 0.063+0.43+0.061 ms clock, 1.2+0.37/0.61/0.033+1.2 ms cpu, 3->4->2 MB, 4 MB goal, 0 MB stacks, 0 MB globals, 20 P
gc 10235 @17.811s 7%: 0.077+0.34+0.010 ms clock, 1.5+0.32/0.60/0.001+0.20 ms cpu, 4->5->2 MB, 5 MB goal, 0 MB stacks, 0 MB globals, 20 P
gc 10236 @17.813s 7%: 0.054+0.43+0.012 ms clock, 1.0+0.26/0.66/0.050+0.25 ms cpu, 4->5->2 MB, 4 MB goal, 0 MB stacks, 0 MB globals, 20 P
gc 10237 @17.814s 7%: 0.093+0.51+0.025 ms clock, 1.8+0.17/0.64/0.028+0.50 ms cpu, 4->5->2 MB, 4 MB goal, 0 MB stacks, 0 MB globals, 20 P
gc 10238 @17.816s 7%: 0.088+0.40+0.074 ms clock, 1.7+0.41/0.64/0+1.4 ms cpu, 4->4->2 MB, 5 MB goal, 0 MB stacks, 0 MB globals, 20 P
gc 10239 @17.817s 7%: 0.026+0.32+0.044 ms clock, 0.53+0.37/0.63/0.020+0.89 ms cpu, 4->4->2 MB, 4 MB goal, 0 MB stacks, 0 MB globals, 20 P
gc 10240 @17.818s 7%: 0.078+0.38+0.036 ms clock, 1.5+0.28/0.66/0.002+0.73 ms cpu, 4->4->2 MB, 4 MB goal, 0 MB stacks, 0 MB globals, 20 P
gc 10241 @17.820s 7%: 0.070+0.44+0.089 ms clock, 1.4+0.28/0.51/0.055+1.7 ms cpu, 4->4->2 MB, 4 MB goal, 0 MB stacks, 0 MB globals, 20 P
gc 10242 @17.821s 7%: 0.056+0.37+0.063 ms clock, 1.1+0.30/0.59/0.005+1.2 ms cpu, 4->5->2 MB, 5 MB goal, 0 MB stacks, 0 MB globals, 20 P
gc 10243 @17.822s 7%: 0.065+0.47+0.037 ms clock, 1.3+0.52/0.69/0+0.74 ms cpu, 4->5->2 MB, 4 MB goal, 0 MB stacks, 0 MB globals, 20 P
gc 10244 @17.824s 7%: 0.057+0.41+0.10 ms clock, 1.1+0.41/0.58/0+2.0 ms cpu, 4->5->2 MB, 5 MB goal, 0 MB stacks, 0 MB globals, 20 P
gc 10245 @17.825s 7%: 0.038+0.60+0.012 ms clock, 0.76+0.26/0.68/0.041+0.24 ms cpu, 4->5->2 MB, 5 MB goal, 0 MB stacks, 0 MB globals, 20 P
gc 10246 @17.827s 7%: 0.054+0.50+0.066 ms clock, 1.0+0.36/0.66/0.026+1.3 ms cpu, 4->5->2 MB, 5 MB goal, 0 MB stacks, 0 MB globals, 20 P
gc 10247 @17.828s 7%: 0.042+0.59+0.048 ms clock, 0.85+0.28/0.60/0.001+0.97 ms cpu, 4->5->2 MB, 5 MB goal, 0 MB stacks, 0 MB globals, 20 P
gc 10248 @17.829s 7%: 0.073+0.47+0.034 ms clock, 1.4+0.34/0.63/0.050+0.68 ms cpu, 4->5->2 MB, 5 MB goal, 0 MB stacks, 0 MB globals, 20 P
gc 10249 @17.831s 7%: 0.062+0.32+0.038 ms clock, 1.2+0.21/0.56/0+0.77 ms cpu, 4->4->2 MB, 5 MB goal, 0 MB stacks, 0 MB globals, 20 P
gc 10250 @17.832s 7%: 0.089+0.35+0.070 ms clock, 1.7+0.32/0.62/0.12+1.4 ms cpu, 3->4->2 MB, 4 MB goal, 0 MB stacks, 0 MB globals, 20 P
gc 10251 @17.834s 7%: 0.028+0.31+0.071 ms clock, 0.57+0.21/0.75/0.004+1.4 ms cpu, 4->4->2 MB, 4 MB goal, 0 MB stacks, 0 MB globals, 20 P
gc 10252 @17.835s 7%: 0.069+0.31+0.042 ms clock, 1.3+0.30/0.58/0.003+0.84 ms cpu, 4->4->2 MB, 4 MB goal, 0 MB stacks, 0 MB globals, 20 P
gc 10253 @17.835s 7%: 0.038+0.43+0.063 ms clock, 0.77+0.39/0.58/0.058+1.2 ms cpu, 3->4->2 MB, 4 MB goal, 0 MB stacks, 0 MB globals, 20 P
gc 10254 @17.837s 7%: 0.051+0.54+0.018 ms clock, 1.0+0.40/0.58/0.076+0.37 ms cpu, 4->5->2 MB, 4 MB goal, 0 MB stacks, 0 MB globals, 20 P
gc 10255 @17.839s 7%: 0.054+0.49+0.064 ms clock, 1.0+0.34/0.54/0.071+1.2 ms cpu, 4->5->2 MB, 5 MB goal, 0 MB stacks, 0 MB globals, 20 P
gc 10256 @17.840s 7%: 0.050+0.49+0.066 ms clock, 1.0+0.14/0.72/0.002+1.3 ms cpu, 4->5->2 MB, 5 MB goal, 0 MB stacks, 0 MB globals, 20 P
gc 10257 @17.842s 7%: 0.072+0.33+0.10 ms clock, 1.4+0.48/0.58/0.032+2.0 ms cpu, 4->5->2 MB, 5 MB goal, 0 MB stacks, 0 MB globals, 20 P
gc 10258 @17.843s 7%: 0.065+0.60+0.048 ms clock, 1.3+0.25/0.70/0.014+0.97 ms cpu, 4->5->2 MB, 4 MB goal, 0 MB stacks, 0 MB globals, 20 P
gc 10259 @17.845s 7%: 0.095+0.34+0.073 ms clock, 1.9+0.29/0.57/0.036+1.4 ms cpu, 4->5->2 MB, 5 MB goal, 0 MB stacks, 0 MB globals, 20 P
gc 10260 @17.846s 7%: 0.078+0.50+0.037 ms clock, 1.5+0.28/0.73/0.031+0.75 ms cpu, 4->5->2 MB, 5 MB goal, 0 MB stacks, 0 MB globals, 20 P
gc 10261 @17.847s 7%: 0.078+0.28+0.093 ms clock, 1.5+0.26/0.61/0+1.8 ms cpu, 4->5->2 MB, 5 MB goal, 0 MB stacks, 0 MB globals, 20 P
gc 10262 @17.848s 7%: 0.045+0.25+0.054 ms clock, 0.91+0.43/0.56/0.094+1.0 ms cpu, 4->4->1 MB, 4 MB goal, 0 MB stacks, 0 MB globals, 20 P
gc 10263 @17.849s 7%: 0.058+0.57+0.028 ms clock, 1.1+0.33/0.62/0.026+0.57 ms cpu, 3->4->2 MB, 4 MB goal, 0 MB stacks, 0 MB globals, 20 P
gc 10264 @17.851s 7%: 0.089+0.41+0.076 ms clock, 1.7+0.30/0.66/0+1.5 ms cpu, 4->5->2 MB, 5 MB goal, 0 MB stacks, 0 MB globals, 20 P
gc 10265 @17.852s 7%: 0.074+0.27+0.065 ms clock, 1.4+0.29/0.72/0.046+1.3 ms cpu, 4->5->2 MB, 5 MB goal, 0 MB stacks, 0 MB globals, 20 P
gc 10266 @17.853s 7%: 0.052+0.56+0.10 ms clock, 1.0+0.072/0.77/0+2.1 ms cpu, 3->4->2 MB, 4 MB goal, 0 MB stacks, 0 MB globals, 20 P
gc 10267 @17.854s 7%: 0.076+0.22+0.050 ms clock, 1.5+0.42/0.59/0+1.0 ms cpu, 4->5->2 MB, 5 MB goal, 0 MB stacks, 0 MB globals, 20 P
gc 10268 @17.855s 7%: 0.060+0.55+0.058 ms clock, 1.2+0.33/0.59/0.049+1.1 ms cpu, 3->4->2 MB, 4 MB goal, 0 MB stacks, 0 MB globals, 20 P
gc 10269 @17.856s 7%: 0.068+0.33+0.076 ms clock, 1.3+0.28/0.62/0+1.5 ms cpu, 4->5->2 MB, 5 MB goal, 0 MB stacks, 0 MB globals, 20 P
gc 10270 @17.857s 7%: 0.070+0.34+0.069 ms clock, 1.4+0.32/0.52/0.065+1.3 ms cpu, 4->4->1 MB, 4 MB goal, 0 MB stacks, 0 MB globals, 20 P
gc 10271 @17.858s 7%: 0.051+0.43+0.070 ms clock, 1.0+0.42/0.60/0.019+1.4 ms cpu, 3->4->2 MB, 4 MB goal, 0 MB stacks, 0 MB globals, 20 P
gc 10272 @17.860s 7%: 0.060+0.55+0.013 ms clock, 1.2+0.36/0.58/0.014+0.26 ms cpu, 4->5->2 MB, 5 MB goal, 0 MB stacks, 0 MB globals, 20 P
gc 10273 @17.861s 7%: 0.073+0.25+0.025 ms clock, 1.4+0.41/0.57/0.062+0.50 ms cpu, 4->5->2 MB, 5 MB goal, 0 MB stacks, 0 MB globals, 20 P
gc 10274 @17.862s 7%: 0.079+0.62+0.044 ms clock, 1.5+0.33/0.59/0.005+0.88 ms cpu, 4->5->2 MB, 4 MB goal, 0 MB stacks, 0 MB globals, 20 P
gc 10275 @17.864s 7%: 0.076+0.48+0.058 ms clock, 1.5+0.36/0.63/0.001+1.1 ms cpu, 5->6->2 MB, 6 MB goal, 0 MB stacks, 0 MB globals, 20 P
gc 10276 @17.865s 7%: 0.081+0.46+0.032 ms clock, 1.6+0.34/0.68/0+0.65 ms cpu, 4->5->2 MB, 5 MB goal, 0 MB stacks, 0 MB globals, 20 P
gc 10277 @17.867s 7%: 0.082+0.64+0.032 ms clock, 1.6+0.38/0.60/0.039+0.64 ms cpu, 4->6->2 MB, 5 MB goal, 0 MB stacks, 0 MB globals, 20 P
gc 10278 @17.868s 7%: 0.078+0.29+0.095 ms clock, 1.5+0.34/0.62/0+1.9 ms cpu, 5->5->2 MB, 5 MB goal, 0 MB stacks, 0 MB globals, 20 P
gc 10279 @17.869s 7%: 0.073+0.36+0.010 ms clock, 1.4+0.38/0.71/0.014+0.21 ms cpu, 4->4->2 MB, 4 MB goal, 0 MB stacks, 0 MB globals, 20 P
gc 10280 @17.871s 7%: 0.031+0.36+0.058 ms clock, 0.62+0.25/0.62/0.072+1.1 ms cpu, 4->4->2 MB, 4 MB goal, 0 MB stacks, 0 MB globals, 20 P
gc 10281 @17.872s 7%: 0.075+0.40+0.067 ms clock, 1.5+0.34/0.64/0.007+1.3 ms cpu, 4->4->2 MB, 4 MB goal, 0 MB stacks, 0 MB globals, 20 P
gc 10282 @17.873s 7%: 0.076+0.43+0.053 ms clock, 1.5+0.30/0.58/0.070+1.0 ms cpu, 4->5->2 MB, 4 MB goal, 0 MB stacks, 0 MB globals, 20 P
gc 10283 @17.875s 7%: 0.068+0.28+0.062 ms clock, 1.3+0.31/0.63/0.011+1.2 ms cpu, 4->5->2 MB, 5 MB goal, 0 MB stacks, 0 MB globals, 20 P
gc 10284 @17.876s 7%: 0.035+0.32+0.060 ms clock, 0.71+0.32/0.63/0.022+1.2 ms cpu, 4->4->2 MB, 4 MB goal, 0 MB stacks, 0 MB globals, 20 P
gc 10285 @17.877s 7%: 0.083+0.47+0.062 ms clock, 1.6+0.40/0.58/0+1.2 ms cpu, 3->5->2 MB, 4 MB goal, 0 MB stacks, 0 MB globals, 20 P
gc 10286 @17.879s 7%: 0.075+0.45+0.072 ms clock, 1.5+0.32/0.64/0.006+1.4 ms cpu, 4->5->2 MB, 5 MB goal, 0 MB stacks, 0 MB globals, 20 P
gc 10287 @17.880s 7%: 0.084+0.32+0.092 ms clock, 1.6+0.30/0.63/0.016+1.8 ms cpu, 4->5->2 MB, 5 MB goal, 0 MB stacks, 0 MB globals, 20 P
gc 10288 @17.881s 7%: 0.060+0.47+0.075 ms clock, 1.2+0.29/0.59/0.033+1.5 ms cpu, 4->5->2 MB, 4 MB goal, 0 MB stacks, 0 MB globals, 20 P
gc 10289 @17.883s 7%: 0.069+0.70+0.045 ms clock, 1.3+0.29/0.74/0.096+0.91 ms cpu, 4->5->2 MB, 5 MB goal, 0 MB stacks, 0 MB globals, 20 P
gc 10290 @17.884s 7%: 0.078+0.51+0.017 ms clock, 1.5+0.32/0.63/0.060+0.35 ms cpu, 4->5->2 MB, 5 MB goal, 0 MB stacks, 0 MB globals, 20 P
gc 10291 @17.886s 7%: 0.044+0.36+0.052 ms clock, 0.88+0.27/0.70/0.068+1.0 ms cpu, 4->5->2 MB, 5 MB goal, 0 MB stacks, 0 MB globals, 20 P
gc 10292 @17.887s 7%: 0.044+0.49+0.019 ms clock, 0.89+0.42/0.60/0.055+0.38 ms cpu, 4->5->2 MB, 4 MB goal, 0 MB stacks, 0 MB globals, 20 P
gc 10293 @17.888s 7%: 0.073+0.41+0.060 ms clock, 1.4+0.33/0.60/0+1.2 ms cpu, 4->5->2 MB, 5 MB goal, 0 MB stacks, 0 MB globals, 20 P
gc 10294 @17.890s 7%: 0.098+0.24+0.030 ms clock, 1.9+0.32/0.61/0.026+0.61 ms cpu, 4->4->1 MB, 4 MB goal, 0 MB stacks, 0 MB globals, 20 P
gc 10295 @17.890s 7%: 0.083+0.48+0.060 ms clock, 1.6+0.33/0.73/0+1.2 ms cpu, 3->4->2 MB, 4 MB goal, 0 MB stacks, 0 MB globals, 20 P
gc 10296 @17.892s 7%: 0.075+0.51+0.068 ms clock, 1.5+0.57/0.61/0.004+1.3 ms cpu, 4->5->2 MB, 5 MB goal, 0 MB stacks, 0 MB globals, 20 P
gc 10297 @17.893s 7%: 0.064+0.40+0.063 ms clock, 1.2+0.32/0.62/0.030+1.2 ms cpu, 4->5->2 MB, 5 MB goal, 0 MB stacks, 0 MB globals, 20 P
gc 10298 @17.895s 7%: 0.075+0.44+0.059 ms clock, 1.5+0.17/0.70/0+1.1 ms cpu, 3->4->2 MB, 4 MB goal, 0 MB stacks, 0 MB globals, 20 P
gc 10299 @17.896s 7%: 0.085+0.42+0.022 ms clock, 1.7+0.24/0.63/0+0.45 ms cpu, 4->5->2 MB, 5 MB goal, 0 MB stacks, 0 MB globals, 20 P
gc 10300 @17.898s 7%: 0.096+0.39+0.078 ms clock, 1.9+0.39/0.63/0.002+1.5 ms cpu, 4->5->2 MB, 4 MB goal, 0 MB stacks, 0 MB globals, 20 P
gc 10301 @17.899s 7%: 0.019+0.29+0.071 ms clock, 0.38+0.10/0.58/0.17+1.4 ms cpu, 4->4->2 MB, 5 MB goal, 0 MB stacks, 0 MB globals, 20 P
gc 10302 @17.900s 7%: 0.082+0.32+0.058 ms clock, 1.6+0.34/0.69/0.010+1.1 ms cpu, 3->4->2 MB, 4 MB goal, 0 MB stacks, 0 MB globals, 20 P
gc 10303 @17.901s 7%: 0.077+0.49+0.063 ms clock, 1.5+0.33/0.69/0.052+1.2 ms cpu, 4->5->2 MB, 4 MB goal, 0 MB stacks, 0 MB globals, 20 P
gc 10304 @17.903s 7%: 0.071+0.30+0.060 ms clock, 1.4+0.24/0.74/0+1.2 ms cpu, 4->4->2 MB, 5 MB goal, 0 MB stacks, 0 MB globals, 20 P
gc 10305 @17.904s 7%: 0.073+0.37+0.034 ms clock, 1.4+0.25/0.63/0+0.68 ms cpu, 3->4->2 MB, 4 MB goal, 0 MB stacks, 0 MB globals, 20 P
gc 10306 @17.905s 7%: 0.070+0.35+0.048 ms clock, 1.4+0.27/0.58/0+0.96 ms cpu, 4->4->2 MB, 4 MB goal, 0 MB stacks, 0 MB globals, 20 P
gc 10307 @17.906s 7%: 0.085+0.44+0.079 ms clock, 1.7+0.38/0.59/0.082+1.5 ms cpu, 3->4->2 MB, 4 MB goal, 0 MB stacks, 0 MB globals, 20 P
gc 10308 @17.908s 7%: 0.067+0.55+0.071 ms clock, 1.3+0.25/0.61/0.032+1.4 ms cpu, 4->5->2 MB, 5 MB goal, 0 MB stacks, 0 MB globals, 20 P
gc 10309 @17.909s 7%: 0.074+0.30+0.052 ms clock, 1.4+0.34/0.64/0.020+1.0 ms cpu, 4->5->2 MB, 5 MB goal, 0 MB stacks, 0 MB globals, 20 P
gc 10310 @17.910s 7%: 0.051+0.37+0.060 ms clock, 1.0+0.20/0.64/0.015+1.2 ms cpu, 4->4->2 MB, 4 MB goal, 0 MB stacks, 0 MB globals, 20 P
gc 10311 @17.912s 7%: 0.038+0.33+0.025 ms clock, 0.76+0.26/0.57/0.042+0.51 ms cpu, 4->5->2 MB, 4 MB goal, 0 MB stacks, 0 MB globals, 20 P
gc 10312 @17.913s 7%: 0.058+0.28+0.055 ms clock, 1.1+0.30/0.61/0+1.1 ms cpu, 4->4->2 MB, 4 MB goal, 0 MB stacks, 0 MB globals, 20 P
gc 10313 @17.914s 7%: 0.071+0.46+0.052 ms clock, 1.4+0.38/0.62/0+1.0 ms cpu, 3->4->2 MB, 4 MB goal, 0 MB stacks, 0 MB globals, 20 P
gc 10314 @17.915s 7%: 0.072+0.45+0.079 ms clock, 1.4+0.30/0.63/0+1.5 ms cpu, 4->5->2 MB, 5 MB goal, 0 MB stacks, 0 MB globals, 20 P
gc 10315 @17.917s 7%: 0.082+0.54+0.057 ms clock, 1.6+0.42/0.93/0.031+1.1 ms cpu, 4->5->2 MB, 5 MB goal, 0 MB stacks, 0 MB globals, 20 P
gc 10316 @17.918s 7%: 0.067+0.42+0.070 ms clock, 1.3+0.36/0.59/0.006+1.4 ms cpu, 4->5->2 MB, 5 MB goal, 0 MB stacks, 0 MB globals, 20 P
gc 10317 @17.920s 7%: 0.074+0.26+0.069 ms clock, 1.4+0.33/0.56/0.054+1.3 ms cpu, 4->5->2 MB, 5 MB goal, 0 MB stacks, 0 MB globals, 20 P
gc 10318 @17.921s 7%: 0.056+0.39+0.042 ms clock, 1.1+0.43/0.72/0+0.85 ms cpu, 4->4->2 MB, 4 MB goal, 0 MB stacks, 0 MB globals, 20 P
gc 10319 @17.923s 7%: 0.085+0.38+0.046 ms clock, 1.7+0.24/0.69/0.001+0.92 ms cpu, 4->5->2 MB, 5 MB goal, 0 MB stacks, 0 MB globals, 20 P
gc 10320 @17.924s 7%: 0.062+0.37+0.029 ms clock, 1.2+0.27/0.65/0+0.59 ms cpu, 4->5->2 MB, 5 MB goal, 0 MB stacks, 0 MB globals, 20 P
gc 10321 @17.925s 7%: 0.067+0.49+0.086 ms clock, 1.3+0.26/0.66/0.053+1.7 ms cpu, 4->4->2 MB, 4 MB goal, 0 MB stacks, 0 MB globals, 20 P
gc 10322 @17.927s 7%: 0.045+0.34+0.090 ms clock, 0.91+0.37/0.63/0.016+1.8 ms cpu, 4->5->2 MB, 5 MB goal, 0 MB stacks, 0 MB globals, 20 P
gc 10323 @17.928s 7%: 0.065+0.37+0.014 ms clock, 1.3+0.29/0.66/0+0.28 ms cpu, 3->4->2 MB, 4 MB goal, 0 MB stacks, 0 MB globals, 20 P
gc 10324 @17.929s 7%: 0.080+0.39+0.068 ms clock, 1.6+0.31/0.67/0.012+1.3 ms cpu, 4->5->2 MB, 4 MB goal, 0 MB stacks, 0 MB globals, 20 P
gc 10325 @17.930s 7%: 0.084+0.35+0.065 ms clock, 1.6+0.39/0.66/0.007+1.3 ms cpu, 4->5->2 MB, 5 MB goal, 0 MB stacks, 0 MB globals, 20 P
gc 10326 @17.931s 7%: 0.080+0.53+0.057 ms clock, 1.6+0.28/0.57/0.096+1.1 ms cpu, 4->5->2 MB, 5 MB goal, 0 MB stacks, 0 MB globals, 20 P
gc 10327 @17.932s 7%: 0.024+0.42+0.062 ms clock, 0.49+0.24/0.64/0.058+1.2 ms cpu, 4->5->2 MB, 5 MB goal, 0 MB stacks, 0 MB globals, 20 P
gc 10328 @17.934s 7%: 0.025+0.36+0.059 ms clock, 0.50+0.27/0.65/0.044+1.1 ms cpu, 4->4->2 MB, 4 MB goal, 0 MB stacks, 0 MB globals, 20 P
gc 10329 @17.935s 7%: 0.068+0.40+0.026 ms clock, 1.3+0.25/0.67/0.028+0.52 ms cpu, 3->4->2 MB, 4 MB goal, 0 MB stacks, 0 MB globals, 20 P
gc 10330 @17.937s 7%: 0.063+0.44+0.032 ms clock, 1.2+0.27/0.58/0.031+0.65 ms cpu, 4->5->2 MB, 5 MB goal, 0 MB stacks, 0 MB globals, 20 P
gc 10331 @17.938s 7%: 0.088+0.20+0.069 ms clock, 1.7+0.39/0.52/0.088+1.3 ms cpu, 4->4->1 MB, 5 MB goal, 0 MB stacks, 0 MB globals, 20 P
gc 10332 @17.939s 7%: 0.061+0.34+0.077 ms clock, 1.2+0.37/0.63/0.010+1.5 ms cpu, 3->4->2 MB, 4 MB goal, 0 MB stacks, 0 MB globals, 20 P
gc 10333 @17.940s 7%: 0.053+0.38+0.058 ms clock, 1.0+0.26/0.65/0.037+1.1 ms cpu, 4->5->2 MB, 4 MB goal, 0 MB stacks, 0 MB globals, 20 P
gc 10334 @17.941s 7%: 0.074+0.39+0.066 ms clock, 1.4+0.33/0.60/0.071+1.3 ms cpu, 4->5->2 MB, 5 MB goal, 0 MB stacks, 0 MB globals, 20 P
gc 10335 @17.942s 7%: 0.038+0.35+0.068 ms clock, 0.77+0.41/0.54/0.031+1.3 ms cpu, 4->5->2 MB, 4 MB goal, 0 MB stacks, 0 MB globals, 20 P
gc 10336 @17.943s 7%: 0.080+0.29+0.10 ms clock, 1.6+0.41/0.53/0+2.1 ms cpu, 4->5->2 MB, 5 MB goal, 0 MB stacks, 0 MB globals, 20 P
gc 10337 @17.944s 7%: 0.045+0.48+0.018 ms clock, 0.90+0.24/0.57/0.067+0.37 ms cpu, 4->5->2 MB, 4 MB goal, 0 MB stacks, 0 MB globals, 20 P
gc 10338 @17.946s 7%: 0.10+0.38+0.068 ms clock, 2.1+0.36/0.47/0.17+1.3 ms cpu, 4->5->2 MB, 4 MB goal, 0 MB stacks, 0 MB globals, 20 P
gc 10339 @17.947s 7%: 0.029+0.59+0.062 ms clock, 0.58+0.27/0.68/0.047+1.2 ms cpu, 4->5->2 MB, 5 MB goal, 0 MB stacks, 0 MB globals, 20 P
gc 10340 @17.948s 7%: 0.072+0.40+0.076 ms clock, 1.4+0.37/0.56/0.001+1.5 ms cpu, 4->5->2 MB, 5 MB goal, 0 MB stacks, 0 MB globals, 20 P
gc 10341 @17.950s 7%: 0.077+0.31+0.089 ms clock, 1.5+0.43/0.66/0.002+1.7 ms cpu, 4->5->2 MB, 5 MB goal, 0 MB stacks, 0 MB globals, 20 P
gc 10342 @17.951s 7%: 0.061+0.52+0.035 ms clock, 1.2+0.26/0.64/0.012+0.71 ms cpu, 4->4->2 MB, 4 MB goal, 0 MB stacks, 0 MB globals, 20 P
gc 10343 @17.952s 7%: 0.075+0.31+0.078 ms clock, 1.5+0.33/0.50/0.034+1.5 ms cpu, 4->5->2 MB, 5 MB goal, 0 MB stacks, 0 MB globals, 20 P
gc 10344 @17.953s 7%: 0.045+0.35+0.066 ms clock, 0.90+0.22/0.62/0+1.3 ms cpu, 4->4->2 MB, 4 MB goal, 0 MB stacks, 0 MB globals, 20 P
gc 10345 @17.954s 7%: 0.074+0.44+0.010 ms clock, 1.4+0.42/0.63/0.019+0.20 ms cpu, 3->4->2 MB, 4 MB goal, 0 MB stacks, 0 MB globals, 20 P
gc 10346 @17.956s 7%: 0.090+0.24+0.079 ms clock, 1.8+0.22/0.65/0.001+1.5 ms cpu, 4->4->1 MB, 5 MB goal, 0 MB stacks, 0 MB globals, 20 P
gc 10347 @17.957s 7%: 0.089+0.48+0.084 ms clock, 1.7+0.26/0.61/0.007+1.6 ms cpu, 3->4->2 MB, 4 MB goal, 0 MB stacks, 0 MB globals, 20 P
gc 10348 @17.958s 7%: 0.067+0.44+0.048 ms clock, 1.3+0.34/0.71/0+0.96 ms cpu, 4->5->2 MB, 5 MB goal, 0 MB stacks, 0 MB globals, 20 P
gc 10349 @17.959s 7%: 0.077+0.29+0.052 ms clock, 1.5+0.41/0.64/0.002+1.0 ms cpu, 4->5->2 MB, 5 MB goal, 0 MB stacks, 0 MB globals, 20 P
gc 10350 @17.960s 7%: 0.076+0.24+0.082 ms clock, 1.5+0.26/0.56/0+1.6 ms cpu, 4->4->1 MB, 4 MB goal, 0 MB stacks, 0 MB globals, 20 P
gc 10351 @17.961s 7%: 0.038+0.39+0.068 ms clock, 0.77+0.30/0.61/0.012+1.3 ms cpu, 3->4->2 MB, 4 MB goal, 0 MB stacks, 0 MB globals, 20 P
gc 10352 @17.963s 7%: 0.062+0.32+0.050 ms clock, 1.2+0.36/0.56/0.025+1.0 ms cpu, 4->5->2 MB, 5 MB goal, 0 MB stacks, 0 MB globals, 20 P
gc 10353 @17.964s 7%: 0.051+0.37+0.075 ms clock, 1.0+0.32/0.70/0.005+1.5 ms cpu, 4->5->2 MB, 4 MB goal, 0 MB stacks, 0 MB globals, 20 P
gc 10354 @17.965s 7%: 0.048+0.53+0.035 ms clock, 0.97+0.37/0.67/0+0.71 ms cpu, 4->5->2 MB, 4 MB goal, 0 MB stacks, 0 MB globals, 20 P
gc 10355 @17.967s 7%: 0.073+0.43+0.050 ms clock, 1.4+0.13/0.63/0.042+1.0 ms cpu, 5->6->2 MB, 6 MB goal, 0 MB stacks, 0 MB globals, 20 P
gc 10356 @17.968s 7%: 0.054+0.26+0.076 ms clock, 1.0+0.34/0.63/0.030+1.5 ms cpu, 4->4->2 MB, 5 MB goal, 0 MB stacks, 0 MB globals, 20 P
gc 10357 @17.969s 7%: 0.076+0.42+0.030 ms clock, 1.5+0.31/0.67/0.025+0.60 ms cpu, 3->4->2 MB, 4 MB goal, 0 MB stacks, 0 MB globals, 20 P
gc 10358 @17.970s 7%: 0.064+0.27+0.069 ms clock, 1.2+0.35/0.59/0+1.3 ms cpu, 4->4->2 MB, 5 MB goal, 0 MB stacks, 0 MB globals, 20 P
gc 10359 @17.971s 7%: 0.059+0.29+0.083 ms clock, 1.1+0.21/0.68/0.007+1.6 ms cpu, 3->4->2 MB, 4 MB goal, 0 MB stacks, 0 MB globals, 20 P
gc 10360 @17.972s 7%: 0.072+0.40+0.065 ms clock, 1.4+0.36/0.62/0+1.3 ms cpu, 3->4->2 MB, 4 MB goal, 0 MB stacks, 0 MB globals, 20 P
gc 10361 @17.974s 7%: 0.073+0.39+0.035 ms clock, 1.4+0.27/0.54/0.068+0.70 ms cpu, 4->5->2 MB, 4 MB goal, 0 MB stacks, 0 MB globals, 20 P
gc 10362 @17.975s 7%: 0.097+0.26+0.074 ms clock, 1.9+0.36/0.58/0.002+1.4 ms cpu, 4->5->2 MB, 5 MB goal, 0 MB stacks, 0 MB globals, 20 P
gc 10363 @17.976s 7%: 0.061+0.35+0.057 ms clock, 1.2+0.29/0.65/0.058+1.1 ms cpu, 4->4->2 MB, 4 MB goal, 0 MB stacks, 0 MB globals, 20 P
gc 10364 @17.977s 7%: 0.093+0.35+0.055 ms clock, 1.8+0.36/0.58/0.057+1.1 ms cpu, 3->4->2 MB, 4 MB goal, 0 MB stacks, 0 MB globals, 20 P
gc 10365 @17.978s 7%: 0.069+0.45+0.060 ms clock, 1.3+0.17/0.72/0.087+1.2 ms cpu, 3->4->2 MB, 4 MB goal, 0 MB stacks, 0 MB globals, 20 P
gc 10366 @17.980s 7%: 0.12+0.35+0.028 ms clock, 2.4+0.34/0.63/0.013+0.57 ms cpu, 4->4->2 MB, 4 MB goal, 0 MB stacks, 0 MB globals, 20 P
gc 10367 @17.981s 7%: 0.060+0.34+0.064 ms clock, 1.2+0.24/0.59/0.002+1.2 ms cpu, 4->4->2 MB, 4 MB goal, 0 MB stacks, 0 MB globals, 20 P
gc 10368 @17.982s 7%: 0.056+0.47+0.080 ms clock, 1.1+0.44/0.69/0+1.6 ms cpu, 4->5->2 MB, 4 MB goal, 0 MB stacks, 0 MB globals, 20 P
gc 10369 @17.983s 7%: 0.068+0.57+0.066 ms clock, 1.3+0.37/0.64/0.010+1.3 ms cpu, 4->5->2 MB, 5 MB goal, 0 MB stacks, 0 MB globals, 20 P
gc 10370 @17.985s 7%: 0.083+0.49+0.065 ms clock, 1.6+0.18/0.75/0.004+1.3 ms cpu, 4->5->2 MB, 5 MB goal, 0 MB stacks, 0 MB globals, 20 P
gc 10371 @17.986s 7%: 0.080+0.35+0.063 ms clock, 1.6+0.22/0.60/0.004+1.2 ms cpu, 4->5->2 MB, 5 MB goal, 0 MB stacks, 0 MB globals, 20 P
gc 10372 @17.987s 7%: 0.080+0.31+0.057 ms clock, 1.6+0.27/0.75/0.002+1.1 ms cpu, 4->4->2 MB, 4 MB goal, 0 MB stacks, 0 MB globals, 20 P
gc 10373 @17.988s 7%: 0.069+0.39+0.075 ms clock, 1.3+0.34/0.66/0.004+1.5 ms cpu, 4->4->2 MB, 4 MB goal, 0 MB stacks, 0 MB globals, 20 P
gc 10374 @17.990s 7%: 0.053+0.32+0.067 ms clock, 1.0+0.31/0.55/0.027+1.3 ms cpu, 4->5->2 MB, 4 MB goal, 0 MB stacks, 0 MB globals, 20 P
gc 10375 @17.991s 7%: 0.082+0.39+0.077 ms clock, 1.6+0.35/0.52/0.11+1.5 ms cpu, 3->4->2 MB, 4 MB goal, 0 MB stacks, 0 MB globals, 20 P
gc 10376 @17.992s 7%: 0.072+0.23+0.10 ms clock, 1.4+0.33/0.60/0.023+2.0 ms cpu, 3->4->1 MB, 4 MB goal, 0 MB stacks, 0 MB globals, 20 P
gc 10377 @17.993s 7%: 0.053+0.33+0.064 ms clock, 1.0+0.55/0.54/0+1.2 ms cpu, 3->4->2 MB, 4 MB goal, 0 MB stacks, 0 MB globals, 20 P
gc 10378 @17.994s 7%: 0.087+0.36+0.024 ms clock, 1.7+0.33/0.65/0+0.48 ms cpu, 4->5->2 MB, 4 MB goal, 0 MB stacks, 0 MB globals, 20 P
gc 10379 @17.995s 7%: 0.066+0.48+0.043 ms clock, 1.3+0.41/0.59/0.023+0.86 ms cpu, 4->5->2 MB, 5 MB goal, 0 MB stacks, 0 MB globals, 20 P
gc 10380 @17.997s 7%: 0.078+0.54+0.065 ms clock, 1.5+0.23/0.69/0+1.3 ms cpu, 4->5->2 MB, 5 MB goal, 0 MB stacks, 0 MB globals, 20 P
gc 10381 @17.998s 7%: 0.082+0.37+0.036 ms clock, 1.6+0.38/0.59/0.084+0.73 ms cpu, 4->5->2 MB, 5 MB goal, 0 MB stacks, 0 MB globals, 20 P
gc 10382 @18.000s 7%: 0.080+0.34+0.041 ms clock, 1.6+0.35/0.73/0.037+0.83 ms cpu, 4->5->2 MB, 5 MB goal, 0 MB stacks, 0 MB globals, 20 P
gc 10383 @18.001s 7%: 0.072+0.49+0.076 ms clock, 1.4+0.43/0.60/0.070+1.5 ms cpu, 4->5->2 MB, 4 MB goal, 0 MB stacks, 0 MB globals, 20 P
gc 10384 @18.002s 7%: 0.056+0.51+0.069 ms clock, 1.1+0.29/0.64/0.052+1.3 ms cpu, 4->5->2 MB, 5 MB goal, 0 MB stacks, 0 MB globals, 20 P
gc 10385 @18.004s 7%: 0.038+0.39+0.047 ms clock, 0.77+0.33/0.59/0.007+0.95 ms cpu, 4->5->2 MB, 5 MB goal, 0 MB stacks, 0 MB globals, 20 P
gc 10386 @18.005s 7%: 0.084+0.24+0.061 ms clock, 1.6+0.43/0.56/0+1.2 ms cpu, 4->5->2 MB, 5 MB goal, 0 MB stacks, 0 MB globals, 20 P
gc 10387 @18.006s 7%: 0.078+0.35+0.080 ms clock, 1.5+0.21/0.75/0+1.6 ms cpu, 3->4->2 MB, 4 MB goal, 0 MB stacks, 0 MB globals, 20 P
gc 10388 @18.007s 7%: 0.066+0.33+0.087 ms clock, 1.3+0.25/0.62/0.019+1.7 ms cpu, 4->4->2 MB, 4 MB goal, 0 MB stacks, 0 MB globals, 20 P
gc 10389 @18.008s 7%: 0.058+0.39+0.069 ms clock, 1.1+0.35/0.59/0+1.3 ms cpu, 3->4->2 MB, 4 MB goal, 0 MB stacks, 0 MB globals, 20 P
gc 10390 @18.009s 7%: 0.065+0.30+0.060 ms clock, 1.3+0.35/0.62/0+1.2 ms cpu, 4->4->2 MB, 4 MB goal, 0 MB stacks, 0 MB globals, 20 P
gc 10391 @18.010s 7%: 0.082+0.38+0.060 ms clock, 1.6+0.38/0.66/0.10+1.2 ms cpu, 4->4->2 MB, 4 MB goal, 0 MB stacks, 0 MB globals, 20 P
gc 10392 @18.012s 7%: 0.090+0.35+0.064 ms clock, 1.8+0.40/0.55/0.067+1.2 ms cpu, 4->5->2 MB, 4 MB goal, 0 MB stacks, 0 MB globals, 20 P
gc 10393 @18.013s 7%: 0.091+0.36+0.045 ms clock, 1.8+0.34/0.68/0+0.91 ms cpu, 4->5->2 MB, 4 MB goal, 0 MB stacks, 0 MB globals, 20 P
gc 10394 @18.014s 7%: 0.049+0.42+0.021 ms clock, 0.99+0.31/0.58/0.022+0.42 ms cpu, 4->5->2 MB, 5 MB goal, 0 MB stacks, 0 MB globals, 20 P
gc 10395 @18.016s 7%: 0.090+0.32+0.022 ms clock, 1.8+0.30/0.67/0.008+0.45 ms cpu, 4->4->2 MB, 5 MB goal, 0 MB stacks, 0 MB globals, 20 P
gc 10396 @18.017s 7%: 0.056+0.34+0.062 ms clock, 1.1+0.17/0.69/0+1.2 ms cpu, 4->4->2 MB, 5 MB goal, 0 MB stacks, 0 MB globals, 20 P
gc 10397 @18.018s 7%: 0.054+0.55+0.041 ms clock, 1.0+0.43/0.61/0.005+0.83 ms cpu, 4->5->2 MB, 4 MB goal, 0 MB stacks, 0 MB globals, 20 P
gc 10398 @18.019s 7%: 0.039+0.28+0.079 ms clock, 0.79+0.27/0.57/0+1.5 ms cpu, 4->5->2 MB, 5 MB goal, 0 MB stacks, 0 MB globals, 20 P
gc 10399 @18.020s 7%: 0.065+0.29+0.019 ms clock, 1.3+0.23/0.61/0.017+0.38 ms cpu, 4->4->2 MB, 4 MB goal, 0 MB stacks, 0 MB globals, 20 P
gc 10400 @18.021s 7%: 0.083+0.43+0.081 ms clock, 1.6+0.41/0.63/0.025+1.6 ms cpu, 3->4->2 MB, 4 MB goal, 0 MB stacks, 0 MB globals, 20 P
gc 10401 @18.023s 7%: 0.046+0.32+0.012 ms clock, 0.93+0.31/0.65/0.037+0.24 ms cpu, 4->5->2 MB, 5 MB goal, 0 MB stacks, 0 MB globals, 20 P
gc 10402 @18.024s 7%: 0.080+0.40+0.056 ms clock, 1.6+0.27/0.57/0.028+1.1 ms cpu, 4->5->2 MB, 4 MB goal, 0 MB stacks, 0 MB globals, 20 P
gc 10403 @18.025s 7%: 0.027+0.27+0.041 ms clock, 0.54+0.28/0.56/0.10+0.83 ms cpu, 4->5->2 MB, 5 MB goal, 0 MB stacks, 0 MB globals, 20 P
gc 10404 @18.026s 7%: 0.10+0.42+0.064 ms clock, 2.0+0.39/0.55/0.033+1.2 ms cpu, 4->4->2 MB, 4 MB goal, 0 MB stacks, 0 MB globals, 20 P
gc 10405 @18.028s 7%: 0.056+0.29+0.041 ms clock, 1.1+0.27/0.50/0.057+0.82 ms cpu, 4->4->1 MB, 5 MB goal, 0 MB stacks, 0 MB globals, 20 P
gc 10406 @18.029s 7%: 0.042+0.55+0.090 ms clock, 0.84+0.34/0.61/0.078+1.8 ms cpu, 3->4->2 MB, 4 MB goal, 0 MB stacks, 0 MB globals, 20 P
gc 10407 @18.030s 7%: 0.043+0.38+0.031 ms clock, 0.86+0.15/0.70/0.016+0.63 ms cpu, 4->5->2 MB, 5 MB goal, 0 MB stacks, 0 MB globals, 20 P
gc 10408 @18.031s 7%: 0.059+0.37+0.075 ms clock, 1.1+0.32/0.56/0.013+1.5 ms cpu, 4->4->2 MB, 4 MB goal, 0 MB stacks, 0 MB globals, 20 P
gc 10409 @18.033s 7%: 0.054+0.64+0.065 ms clock, 1.0+0.37/0.63/0.048+1.3 ms cpu, 4->5->2 MB, 5 MB goal, 0 MB stacks, 0 MB globals, 20 P
gc 10410 @18.034s 7%: 0.026+0.27+0.077 ms clock, 0.52+0.23/0.71/0.003+1.5 ms cpu, 4->5->2 MB, 5 MB goal, 0 MB stacks, 0 MB globals, 20 P
gc 10411 @18.035s 7%: 0.074+0.50+0.047 ms clock, 1.4+0.24/0.59/0+0.94 ms cpu, 3->4->2 MB, 4 MB goal, 0 MB stacks, 0 MB globals, 20 P
gc 10412 @18.037s 7%: 0.092+0.54+0.057 ms clock, 1.8+0.42/0.51/0.058+1.1 ms cpu, 4->5->2 MB, 5 MB goal, 0 MB stacks, 0 MB globals, 20 P
gc 10413 @18.038s 7%: 0.072+0.31+0.059 ms clock, 1.4+0.41/0.61/0.007+1.1 ms cpu, 4->5->2 MB, 5 MB goal, 0 MB stacks, 0 MB globals, 20 P
gc 10414 @18.040s 7%: 0.074+0.38+0.036 ms clock, 1.4+0.42/0.55/0.003+0.72 ms cpu, 4->5->2 MB, 5 MB goal, 0 MB stacks, 0 MB globals, 20 P
gc 10415 @18.041s 7%: 0.066+0.36+0.058 ms clock, 1.3+0.062/0.76/0+1.1 ms cpu, 4->5->2 MB, 5 MB goal, 0 MB stacks, 0 MB globals, 20 P
gc 10416 @18.042s 7%: 0.072+0.44+0.069 ms clock, 1.4+0.39/0.54/0.009+1.3 ms cpu, 4->5->2 MB, 5 MB goal, 0 MB stacks, 0 MB globals, 20 P
gc 10417 @18.043s 7%: 0.084+0.47+0.047 ms clock, 1.6+0.31/0.56/0+0.95 ms cpu, 4->5->2 MB, 5 MB goal, 0 MB stacks, 0 MB globals, 20 P
gc 10418 @18.045s 7%: 0.055+0.72+0.004 ms clock, 1.1+0.22/0.74/0.004+0.093 ms cpu, 4->5->2 MB, 5 MB goal, 0 MB stacks, 0 MB globals, 20 P
gc 10419 @18.046s 7%: 0.054+0.46+0.031 ms clock, 1.0+0.27/0.60/0+0.63 ms cpu, 4->5->2 MB, 5 MB goal, 0 MB stacks, 0 MB globals, 20 P
gc 10420 @18.048s 7%: 0.058+0.34+0.064 ms clock, 1.1+0.32/0.67/0+1.2 ms cpu, 4->5->2 MB, 5 MB goal, 0 MB stacks, 0 MB globals, 20 P
gc 10421 @18.049s 7%: 0.074+0.34+0.055 ms clock, 1.4+0.28/0.67/0.029+1.1 ms cpu, 4->4->2 MB, 4 MB goal, 0 MB stacks, 0 MB globals, 20 P
gc 10422 @18.050s 7%: 0.068+0.34+0.028 ms clock, 1.3+0.36/0.56/0.036+0.56 ms cpu, 4->4->2 MB, 4 MB goal, 0 MB stacks, 0 MB globals, 20 P
gc 10423 @18.051s 7%: 0.047+0.46+0.067 ms clock, 0.94+0.35/0.57/0.052+1.3 ms cpu, 4->4->2 MB, 4 MB goal, 0 MB stacks, 0 MB globals, 20 P
gc 10424 @18.052s 7%: 0.075+0.27+0.032 ms clock, 1.5+0.34/0.52/0.12+0.64 ms cpu, 4->5->2 MB, 5 MB goal, 0 MB stacks, 0 MB globals, 20 P
gc 10425 @18.053s 7%: 0.068+0.37+0.071 ms clock, 1.3+0.45/0.59/0+1.4 ms cpu, 4->4->2 MB, 4 MB goal, 0 MB stacks, 0 MB globals, 20 P
gc 10426 @18.055s 7%: 0.051+0.35+0.089 ms clock, 1.0+0.41/0.61/0.048+1.7 ms cpu, 4->5->2 MB, 5 MB goal, 0 MB stacks, 0 MB globals, 20 P
gc 10427 @18.056s 7%: 0.086+0.46+0.039 ms clock, 1.7+0.35/0.72/0+0.78 ms cpu, 4->5->2 MB, 5 MB goal, 0 MB stacks, 0 MB globals, 20 P
gc 10428 @18.058s 7%: 0.055+0.30+0.047 ms clock, 1.1+0.40/0.63/0+0.95 ms cpu, 4->5->2 MB, 5 MB goal, 0 MB stacks, 0 MB globals, 20 P
gc 10429 @18.059s 7%: 0.055+0.28+0.059 ms clock, 1.1+0.32/0.57/0.022+1.1 ms cpu, 4->5->2 MB, 5 MB goal, 0 MB stacks, 0 MB globals, 20 P
gc 10430 @18.060s 7%: 0.080+0.23+0.055 ms clock, 1.6+0.31/0.62/0.011+1.1 ms cpu, 4->4->2 MB, 4 MB goal, 0 MB stacks, 0 MB globals, 20 P
gc 10431 @18.061s 7%: 0.066+0.38+0.064 ms clock, 1.3+0.35/0.62/0.012+1.2 ms cpu, 3->4->2 MB, 4 MB goal, 0 MB stacks, 0 MB globals, 20 P
gc 10432 @18.062s 7%: 0.075+0.45+0.067 ms clock, 1.5+0.35/0.54/0.029+1.3 ms cpu, 4->5->2 MB, 5 MB goal, 0 MB stacks, 0 MB globals, 20 P
gc 10433 @18.064s 7%: 0.074+0.47+0.067 ms clock, 1.4+0.38/0.60/0+1.3 ms cpu, 4->5->2 MB, 5 MB goal, 0 MB stacks, 0 MB globals, 20 P
gc 10434 @18.065s 7%: 0.059+0.50+0.071 ms clock, 1.1+0.35/0.61/0.010+1.4 ms cpu, 4->5->2 MB, 5 MB goal, 0 MB stacks, 0 MB globals, 20 P
gc 10435 @18.067s 7%: 0.073+0.35+0.062 ms clock, 1.4+0.37/0.68/0.009+1.2 ms cpu, 4->5->2 MB, 5 MB goal, 0 MB stacks, 0 MB globals, 20 P
gc 10436 @18.068s 7%: 0.073+0.53+0.059 ms clock, 1.4+0.42/0.65/0+1.1 ms cpu, 4->5->2 MB, 5 MB goal, 0 MB stacks, 0 MB globals, 20 P
gc 10437 @18.070s 7%: 0.037+0.29+0.027 ms clock, 0.75+0.37/0.65/0.033+0.55 ms cpu, 4->5->2 MB, 5 MB goal, 0 MB stacks, 0 MB globals, 20 P
gc 10438 @18.071s 7%: 0.063+0.27+0.069 ms clock, 1.2+0.23/0.62/0.085+1.3 ms cpu, 3->4->2 MB, 4 MB goal, 0 MB stacks, 0 MB globals, 20 P
gc 10439 @18.072s 7%: 0.049+0.36+0.058 ms clock, 0.98+0.37/0.66/0.008+1.1 ms cpu, 3->4->2 MB, 4 MB goal, 0 MB stacks, 0 MB globals, 20 P
gc 10440 @18.073s 7%: 0.055+0.34+0.035 ms clock, 1.1+0.29/0.67/0.003+0.71 ms cpu, 3->4->2 MB, 4 MB goal, 0 MB stacks, 0 MB globals, 20 P
gc 10441 @18.074s 7%: 0.088+0.40+0.046 ms clock, 1.7+0.23/0.61/0+0.93 ms cpu, 4->4->2 MB, 4 MB goal, 0 MB stacks, 0 MB globals, 20 P
gc 10442 @18.076s 7%: 0.079+0.44+0.066 ms clock, 1.5+0.38/0.52/0.042+1.3 ms cpu, 4->5->2 MB, 4 MB goal, 0 MB stacks, 0 MB globals, 20 P
gc 10443 @18.077s 7%: 0.064+0.50+0.058 ms clock, 1.2+0.35/0.60/0.022+1.1 ms cpu, 4->5->2 MB, 5 MB goal, 0 MB stacks, 0 MB globals, 20 P
gc 10444 @18.079s 7%: 0.084+0.42+0.074 ms clock, 1.6+0.38/0.59/0+1.4 ms cpu, 4->5->2 MB, 5 MB goal, 0 MB stacks, 0 MB globals, 20 P
gc 10445 @18.080s 7%: 0.096+0.39+0.069 ms clock, 1.9+0.33/0.66/0.019+1.3 ms cpu, 4->5->2 MB, 5 MB goal, 0 MB stacks, 0 MB globals, 20 P
gc 10446 @18.081s 7%: 0.035+0.50+0.069 ms clock, 0.71+0.38/0.52/0.061+1.3 ms cpu, 3->4->2 MB, 4 MB goal, 0 MB stacks, 0 MB globals, 20 P
gc 10447 @18.083s 7%: 0.057+0.30+0.074 ms clock, 1.1+0.26/0.70/0+1.4 ms cpu, 4->4->2 MB, 4 MB goal, 0 MB stacks, 0 MB globals, 20 P
gc 10448 @18.084s 7%: 0.047+0.41+0.023 ms clock, 0.95+0.16/0.66/0.024+0.47 ms cpu, 4->4->2 MB, 4 MB goal, 0 MB stacks, 0 MB globals, 20 P
gc 10449 @18.085s 7%: 0.085+0.35+0.075 ms clock, 1.7+0.37/0.63/0+1.5 ms cpu, 4->5->2 MB, 5 MB goal, 0 MB stacks, 0 MB globals, 20 P
gc 10450 @18.086s 7%: 0.087+0.37+0.060 ms clock, 1.7+0.30/0.58/0.058+1.2 ms cpu, 4->5->2 MB, 5 MB goal, 0 MB stacks, 0 MB globals, 20 P
gc 10451 @18.087s 7%: 0.095+0.49+0.040 ms clock, 1.9+0.36/0.56/0+0.81 ms cpu, 4->5->2 MB, 5 MB goal, 0 MB stacks, 0 MB globals, 20 P
gc 10452 @18.089s 7%: 0.073+0.43+0.071 ms clock, 1.4+0.35/0.59/0.008+1.4 ms cpu, 4->5->2 MB, 5 MB goal, 0 MB stacks, 0 MB globals, 20 P
gc 10453 @18.090s 7%: 0.055+0.29+0.020 ms clock, 1.1+0.37/0.55/0.074+0.41 ms cpu, 4->4->2 MB, 5 MB goal, 0 MB stacks, 0 MB globals, 20 P
gc 10454 @18.091s 7%: 0.062+0.55+0.062 ms clock, 1.2+0.37/0.55/0.13+1.2 ms cpu, 3->4->2 MB, 4 MB goal, 0 MB stacks, 0 MB globals, 20 P
gc 10455 @18.093s 7%: 0.073+0.42+0.033 ms clock, 1.4+0.21/0.82/0.051+0.67 ms cpu, 4->5->2 MB, 5 MB goal, 0 MB stacks, 0 MB globals, 20 P
gc 10456 @18.094s 7%: 0.058+0.37+0.043 ms clock, 1.1+0.52/0.51/0+0.86 ms cpu, 4->4->2 MB, 5 MB goal, 0 MB stacks, 0 MB globals, 20 P
gc 10457 @18.095s 7%: 0.044+0.45+0.075 ms clock, 0.89+0.36/0.66/0+1.5 ms cpu, 4->5->2 MB, 4 MB goal, 0 MB stacks, 0 MB globals, 20 P
gc 10458 @18.097s 7%: 0.080+0.36+0.014 ms clock, 1.6+0.26/0.64/0+0.29 ms cpu, 4->5->2 MB, 5 MB goal, 0 MB stacks, 0 MB globals, 20 P
gc 10459 @18.098s 7%: 0.066+0.32+0.016 ms clock, 1.3+0.35/0.56/0.021+0.32 ms cpu, 4->5->2 MB, 5 MB goal, 0 MB stacks, 0 MB globals, 20 P
gc 10460 @18.100s 7%: 0.097+0.40+0.056 ms clock, 1.9+0.42/0.73/0.056+1.1 ms cpu, 4->5->2 MB, 4 MB goal, 0 MB stacks, 0 MB globals, 20 P
gc 10461 @18.101s 7%: 0.083+0.40+0.011 ms clock, 1.6+0.38/0.62/0.002+0.22 ms cpu, 4->4->2 MB, 5 MB goal, 0 MB stacks, 0 MB globals, 20 P
gc 10462 @18.102s 7%: 0.042+0.52+0.099 ms clock, 0.84+0.12/0.62/0.14+1.9 ms cpu, 3->4->2 MB, 4 MB goal, 0 MB stacks, 0 MB globals, 20 P
gc 10463 @18.103s 7%: 0.045+0.25+0.021 ms clock, 0.91+0.25/0.53/0.020+0.42 ms cpu, 4->4->1 MB, 4 MB goal, 0 MB stacks, 0 MB globals, 20 P
gc 10464 @18.104s 7%: 0.076+0.29+0.074 ms clock, 1.5+0.40/0.60/0.018+1.4 ms cpu, 3->4->2 MB, 4 MB goal, 0 MB stacks, 0 MB globals, 20 P
gc 10465 @18.105s 7%: 0.079+0.54+0.057 ms clock, 1.5+0.43/0.56/0.035+1.1 ms cpu, 4->5->2 MB, 4 MB goal, 0 MB stacks, 0 MB globals, 20 P
gc 10466 @18.107s 7%: 0.066+0.39+0.045 ms clock, 1.3+0.41/0.61/0.006+0.91 ms cpu, 4->5->2 MB, 5 MB goal, 0 MB stacks, 0 MB globals, 20 P
gc 10467 @18.108s 7%: 0.047+0.31+0.046 ms clock, 0.95+0.44/0.76/0.030+0.92 ms cpu, 4->4->2 MB, 5 MB goal, 0 MB stacks, 0 MB globals, 20 P
gc 10468 @18.109s 7%: 0.076+0.37+0.022 ms clock, 1.5+0.34/0.69/0.014+0.44 ms cpu, 3->5->2 MB, 4 MB goal, 0 MB stacks, 0 MB globals, 20 P
gc 10469 @18.110s 7%: 0.092+0.56+0.052 ms clock, 1.8+0.20/0.66/0+1.0 ms cpu, 4->5->2 MB, 5 MB goal, 0 MB stacks, 0 MB globals, 20 P
gc 10470 @18.112s 7%: 0.073+0.39+0.069 ms clock, 1.4+0.11/0.73/0+1.3 ms cpu, 4->5->2 MB, 5 MB goal, 0 MB stacks, 0 MB globals, 20 P
gc 10471 @18.113s 7%: 0.096+0.68+0.047 ms clock, 1.9+0.35/0.58/0.007+0.95 ms cpu, 4->5->2 MB, 5 MB goal, 0 MB stacks, 0 MB globals, 20 P
gc 10472 @18.115s 7%: 0.048+0.62+0.074 ms clock, 0.97+0.38/0.68/0.039+1.4 ms cpu, 4->5->2 MB, 5 MB goal, 0 MB stacks, 0 MB globals, 20 P
gc 10473 @18.117s 7%: 0.053+0.39+0.015 ms clock, 1.0+0.32/0.62/0.021+0.31 ms cpu, 4->5->2 MB, 5 MB goal, 0 MB stacks, 0 MB globals, 20 P
gc 10474 @18.118s 7%: 0.058+0.52+0.070 ms clock, 1.1+0.45/0.69/0+1.4 ms cpu, 4->5->2 MB, 5 MB goal, 0 MB stacks, 0 MB globals, 20 P
gc 10475 @18.119s 7%: 0.079+0.56+0.063 ms clock, 1.5+0.26/0.63/0+1.2 ms cpu, 4->5->2 MB, 5 MB goal, 0 MB stacks, 0 MB globals, 20 P
gc 10476 @18.121s 7%: 0.085+0.34+0.042 ms clock, 1.7+0.38/0.57/0.044+0.84 ms cpu, 4->5->2 MB, 5 MB goal, 0 MB stacks, 0 MB globals, 20 P
gc 10477 @18.122s 7%: 0.076+0.42+0.098 ms clock, 1.5+0.42/0.67/0+1.9 ms cpu, 4->4->2 MB, 4 MB goal, 0 MB stacks, 0 MB globals, 20 P
gc 10478 @18.124s 7%: 0.038+0.32+0.067 ms clock, 0.77+0.33/0.56/0.007+1.3 ms cpu, 4->5->2 MB, 5 MB goal, 0 MB stacks, 0 MB globals, 20 P
gc 10479 @18.124s 7%: 0.11+0.39+0.063 ms clock, 2.3+0.40/0.65/0.003+1.2 ms cpu, 3->4->2 MB, 4 MB goal, 0 MB stacks, 0 MB globals, 20 P
gc 10480 @18.126s 7%: 0.075+0.35+0.057 ms clock, 1.5+0.28/0.64/0.025+1.1 ms cpu, 4->4->2 MB, 5 MB goal, 0 MB stacks, 0 MB globals, 20 P
gc 10481 @18.127s 7%: 0.072+0.42+0.084 ms clock, 1.4+0.32/0.64/0.011+1.6 ms cpu, 4->5->2 MB, 4 MB goal, 0 MB stacks, 0 MB globals, 20 P
gc 10482 @18.128s 7%: 0.090+0.25+0.045 ms clock, 1.8+0.33/0.61/0.055+0.91 ms cpu, 4->4->2 MB, 5 MB goal, 0 MB stacks, 0 MB globals, 20 P
gc 10483 @18.129s 7%: 0.079+0.54+0.059 ms clock, 1.5+0.42/0.77/0.039+1.1 ms cpu, 3->4->2 MB, 4 MB goal, 0 MB stacks, 0 MB globals, 20 P
gc 10484 @18.131s 7%: 0.068+0.35+0.078 ms clock, 1.3+0.33/0.62/0+1.5 ms cpu, 4->5->2 MB, 5 MB goal, 0 MB stacks, 0 MB globals, 20 P
gc 10485 @18.132s 7%: 0.078+0.51+0.060 ms clock, 1.5+0.35/0.59/0.001+1.2 ms cpu, 4->5->2 MB, 4 MB goal, 0 MB stacks, 0 MB globals, 20 P
gc 10486 @18.133s 7%: 0.069+0.35+0.035 ms clock, 1.3+0.25/0.69/0+0.70 ms cpu, 4->5->2 MB, 5 MB goal, 0 MB stacks, 0 MB globals, 20 P
gc 10487 @18.135s 7%: 0.074+0.31+0.073 ms clock, 1.4+0.41/0.61/0+1.4 ms cpu, 4->5->2 MB, 4 MB goal, 0 MB stacks, 0 MB globals, 20 P
gc 10488 @18.136s 7%: 0.089+0.52+0.056 ms clock, 1.7+0.32/0.60/0.016+1.1 ms cpu, 4->5->2 MB, 4 MB goal, 0 MB stacks, 0 MB globals, 20 P
gc 10489 @18.137s 7%: 0.096+0.41+0.031 ms clock, 1.9+0.21/0.75/0.046+0.63 ms cpu, 4->5->2 MB, 5 MB goal, 0 MB stacks, 0 MB globals, 20 P
gc 10490 @18.139s 7%: 0.028+0.50+0.076 ms clock, 0.56+0.37/0.53/0.046+1.5 ms cpu, 4->5->2 MB, 5 MB goal, 0 MB stacks, 0 MB globals, 20 P
gc 10491 @18.140s 7%: 0.061+0.53+0.019 ms clock, 1.2+0.34/0.63/0+0.39 ms cpu, 4->5->2 MB, 5 MB goal, 0 MB stacks, 0 MB globals, 20 P
gc 10492 @18.142s 7%: 0.048+0.59+0.045 ms clock, 0.96+0.28/0.70/0+0.91 ms cpu, 4->5->2 MB, 5 MB goal, 0 MB stacks, 0 MB globals, 20 P
gc 10493 @18.143s 7%: 0.052+0.33+0.055 ms clock, 1.0+0.29/0.64/0.037+1.1 ms cpu, 4->5->2 MB, 5 MB goal, 0 MB stacks, 0 MB globals, 20 P
gc 10494 @18.144s 7%: 0.083+0.53+0.086 ms clock, 1.6+0.49/0.51/0.014+1.7 ms cpu, 3->4->2 MB, 4 MB goal, 0 MB stacks, 0 MB globals, 20 P
gc 10495 @18.146s 7%: 0.068+0.58+0.036 ms clock, 1.3+0.37/0.60/0.008+0.73 ms cpu, 4->5->2 MB, 5 MB goal, 0 MB stacks, 0 MB globals, 20 P
gc 10496 @18.147s 7%: 0.081+0.41+0.070 ms clock, 1.6+0.20/0.68/0+1.4 ms cpu, 4->5->2 MB, 5 MB goal, 0 MB stacks, 0 MB globals, 20 P
gc 10497 @18.148s 7%: 0.081+0.42+0.072 ms clock, 1.6+0.32/0.67/0.005+1.4 ms cpu, 4->5->2 MB, 5 MB goal, 0 MB stacks, 0 MB globals, 20 P
gc 10498 @18.150s 7%: 0.020+0.34+0.051 ms clock, 0.41+0.19/0.67/0.14+1.0 ms cpu, 4->4->2 MB, 4 MB goal, 0 MB stacks, 0 MB globals, 20 P
gc 10499 @18.151s 7%: 0.092+0.35+0.076 ms clock, 1.8+0.32/0.72/0+1.5 ms cpu, 3->4->2 MB, 4 MB goal, 0 MB stacks, 0 MB globals, 20 P
gc 10500 @18.152s 7%: 0.070+0.26+0.047 ms clock, 1.4+0.32/0.56/0.085+0.94 ms cpu, 4->4->1 MB, 5 MB goal, 0 MB stacks, 0 MB globals, 20 P
gc 10501 @18.153s 7%: 0.048+0.36+0.079 ms clock, 0.97+0.29/0.63/0.047+1.5 ms cpu, 3->4->2 MB, 4 MB goal, 0 MB stacks, 0 MB globals, 20 P
gc 10502 @18.154s 7%: 0.078+0.48+0.014 ms clock, 1.5+0.35/0.69/0.024+0.28 ms cpu, 3->4->2 MB, 4 MB goal, 0 MB stacks, 0 MB globals, 20 P
gc 10503 @18.155s 7%: 0.045+0.24+0.074 ms clock, 0.91+0.20/0.55/0.063+1.4 ms cpu, 4->5->1 MB, 5 MB goal, 0 MB stacks, 0 MB globals, 20 P
gc 10504 @18.156s 7%: 0.065+0.30+0.036 ms clock, 1.3+0.21/0.60/0.046+0.72 ms cpu, 3->4->1 MB, 4 MB goal, 0 MB stacks, 0 MB globals, 20 P
gc 10505 @18.157s 7%: 0.040+0.37+0.085 ms clock, 0.81+0.18/0.59/0.14+1.7 ms cpu, 3->4->2 MB, 4 MB goal, 0 MB stacks, 0 MB globals, 20 P
gc 10506 @18.159s 7%: 0.070+0.29+0.064 ms clock, 1.4+0.27/0.58/0.001+1.2 ms cpu, 3->4->2 MB, 4 MB goal, 0 MB stacks, 0 MB globals, 20 P
gc 10507 @18.160s 7%: 0.071+0.41+0.069 ms clock, 1.4+0.40/0.60/0.006+1.3 ms cpu, 3->4->2 MB, 4 MB goal, 0 MB stacks, 0 MB globals, 20 P
gc 10508 @18.161s 7%: 0.046+0.31+0.057 ms clock, 0.92+0.25/0.62/0.034+1.1 ms cpu, 4->5->2 MB, 4 MB goal, 0 MB stacks, 0 MB globals, 20 P
gc 10509 @18.162s 7%: 0.055+0.54+0.045 ms clock, 1.1+0.26/0.85/0+0.90 ms cpu, 4->5->2 MB, 4 MB goal, 0 MB stacks, 0 MB globals, 20 P
gc 10510 @18.163s 7%: 0.033+0.46+0.099 ms clock, 0.67+0.31/0.58/0+1.9 ms cpu, 4->5->2 MB, 5 MB goal, 0 MB stacks, 0 MB globals, 20 P
gc 10511 @18.164s 7%: 0.054+0.34+0.064 ms clock, 1.0+0.41/0.58/0+1.2 ms cpu, 4->4->2 MB, 4 MB goal, 0 MB stacks, 0 MB globals, 20 P
gc 10512 @18.165s 7%: 0.057+0.54+0.022 ms clock, 1.1+0.23/0.70/0.11+0.44 ms cpu, 4->5->2 MB, 4 MB goal, 0 MB stacks, 0 MB globals, 20 P
gc 10513 @18.167s 7%: 0.053+0.24+0.075 ms clock, 1.0+0.27/0.59/0.030+1.5 ms cpu, 4->5->2 MB, 5 MB goal, 0 MB stacks, 0 MB globals, 20 P
gc 10514 @18.168s 7%: 0.088+0.33+0.040 ms clock, 1.7+0.35/0.55/0.040+0.81 ms cpu, 3->4->2 MB, 4 MB goal, 0 MB stacks, 0 MB globals, 20 P
gc 10515 @18.169s 7%: 0.043+0.41+0.065 ms clock, 0.87+0.33/0.55/0.10+1.3 ms cpu, 4->5->2 MB, 4 MB goal, 0 MB stacks, 0 MB globals, 20 P
gc 10516 @18.170s 7%: 0.081+0.52+0.056 ms clock, 1.6+0.31/0.66/0.070+1.1 ms cpu, 4->5->2 MB, 4 MB goal, 0 MB stacks, 0 MB globals, 20 P
gc 10517 @18.172s 7%: 0.053+0.44+0.13 ms clock, 1.0+0.36/0.62/0.014+2.6 ms cpu, 4->5->2 MB, 5 MB goal, 0 MB stacks, 0 MB globals, 20 P
gc 10518 @18.173s 7%: 0.060+0.36+0.058 ms clock, 1.2+0.32/0.62/0.030+1.1 ms cpu, 4->5->2 MB, 5 MB goal, 0 MB stacks, 0 MB globals, 20 P
gc 10519 @18.174s 7%: 0.087+0.38+0.032 ms clock, 1.7+0.37/0.61/0+0.64 ms cpu, 4->5->2 MB, 5 MB goal, 0 MB stacks, 0 MB globals, 20 P
gc 10520 @18.175s 7%: 0.075+0.31+0.059 ms clock, 1.5+0.33/0.64/0.047+1.1 ms cpu, 4->5->2 MB, 5 MB goal, 0 MB stacks, 0 MB globals, 20 P
gc 10521 @18.176s 7%: 0.097+0.50+0.059 ms clock, 1.9+0.24/0.75/0+1.1 ms cpu, 4->5->2 MB, 5 MB goal, 0 MB stacks, 0 MB globals, 20 P
gc 10522 @18.178s 7%: 0.065+0.34+0.062 ms clock, 1.3+0.25/0.63/0.030+1.2 ms cpu, 4->5->2 MB, 5 MB goal, 0 MB stacks, 0 MB globals, 20 P
gc 10523 @18.179s 7%: 0.081+0.22+0.029 ms clock, 1.6+0.47/0.49/0.022+0.58 ms cpu, 3->4->2 MB, 4 MB goal, 0 MB stacks, 0 MB globals, 20 P
gc 10524 @18.180s 7%: 0.067+0.30+0.052 ms clock, 1.3+0.32/0.63/0+1.0 ms cpu, 3->4->2 MB, 4 MB goal, 0 MB stacks, 0 MB globals, 20 P
gc 10525 @18.181s 7%: 0.062+0.36+0.068 ms clock, 1.2+0.27/0.61/0.012+1.3 ms cpu, 4->4->2 MB, 4 MB goal, 0 MB stacks, 0 MB globals, 20 P
gc 10526 @18.182s 7%: 0.045+0.41+0.066 ms clock, 0.91+0.19/0.61/0.049+1.3 ms cpu, 4->5->2 MB, 4 MB goal, 0 MB stacks, 0 MB globals, 20 P
gc 10527 @18.183s 7%: 0.026+0.24+0.063 ms clock, 0.53+0.25/0.58/0.11+1.2 ms cpu, 4->4->2 MB, 5 MB goal, 0 MB stacks, 0 MB globals, 20 P
gc 10528 @18.184s 7%: 0.061+0.35+0.069 ms clock, 1.2+0.48/0.52/0.047+1.3 ms cpu, 3->4->2 MB, 4 MB goal, 0 MB stacks, 0 MB globals, 20 P
gc 10529 @18.185s 7%: 0.020+0.36+0.082 ms clock, 0.41+0.16/0.69/0+1.6 ms cpu, 4->4->2 MB, 4 MB goal, 0 MB stacks, 0 MB globals, 20 P
gc 10530 @18.187s 7%: 0.054+0.82+0.055 ms clock, 1.0+0.39/0.58/0.029+1.1 ms cpu, 4->5->2 MB, 4 MB goal, 0 MB stacks, 0 MB globals, 20 P
gc 10531 @18.188s 7%: 0.046+0.43+0.072 ms clock, 0.92+0.35/0.62/0.012+1.4 ms cpu, 5->6->2 MB, 6 MB goal, 0 MB stacks, 0 MB globals, 20 P
gc 10532 @18.189s 7%: 0.079+0.43+0.025 ms clock, 1.5+0.30/0.57/0.015+0.50 ms cpu, 4->5->2 MB, 5 MB goal, 0 MB stacks, 0 MB globals, 20 P
gc 10533 @18.191s 7%: 0.073+0.31+0.054 ms clock, 1.4+0.39/0.66/0.013+1.0 ms cpu, 4->4->2 MB, 5 MB goal, 0 MB stacks, 0 MB globals, 20 P
gc 10534 @18.192s 7%: 0.059+0.25+0.055 ms clock, 1.1+0.26/0.58/0.016+1.1 ms cpu, 3->4->1 MB, 4 MB goal, 0 MB stacks, 0 MB globals, 20 P
gc 10535 @18.192s 7%: 0.062+0.34+0.069 ms clock, 1.2+0.26/0.63/0+1.3 ms cpu, 3->4->2 MB, 4 MB goal, 0 MB stacks, 0 MB globals, 20 P
gc 10536 @18.194s 7%: 0.036+0.48+0.080 ms clock, 0.72+0.43/0.51/0.050+1.6 ms cpu, 4->5->2 MB, 4 MB goal, 0 MB stacks, 0 MB globals, 20 P
gc 10537 @18.195s 7%: 0.10+0.33+0.24 ms clock, 2.0+0.43/0.59/0.001+4.8 ms cpu, 4->5->2 MB, 5 MB goal, 0 MB stacks, 0 MB globals, 20 P
gc 10538 @18.196s 7%: 0.044+0.44+0.072 ms clock, 0.88+0.31/0.71/0.020+1.4 ms cpu, 3->4->2 MB, 4 MB goal, 0 MB stacks, 0 MB globals, 20 P
gc 10539 @18.197s 7%: 0.077+0.37+0.035 ms clock, 1.5+0.41/0.54/0.032+0.71 ms cpu, 4->5->2 MB, 5 MB goal, 0 MB stacks, 0 MB globals, 20 P
gc 10540 @18.198s 7%: 0.056+0.29+0.033 ms clock, 1.1+0.34/0.58/0.001+0.66 ms cpu, 4->4->2 MB, 5 MB goal, 0 MB stacks, 0 MB globals, 20 P
gc 10541 @18.199s 7%: 0.10+0.40+0.082 ms clock, 2.0+0.39/0.68/0+1.6 ms cpu, 3->4->2 MB, 4 MB goal, 0 MB stacks, 0 MB globals, 20 P
gc 10542 @18.201s 7%: 0.067+0.41+0.055 ms clock, 1.3+0.35/0.56/0.047+1.1 ms cpu, 4->5->2 MB, 5 MB goal, 0 MB stacks, 0 MB globals, 20 P
gc 10543 @18.202s 7%: 0.095+0.47+0.072 ms clock, 1.9+0.42/0.70/0+1.4 ms cpu, 4->5->2 MB, 5 MB goal, 0 MB stacks, 0 MB globals, 20 P
gc 10544 @18.204s 7%: 0.053+0.35+0.063 ms clock, 1.0+0.37/0.58/0+1.2 ms cpu, 4->5->2 MB, 5 MB goal, 0 MB stacks, 0 MB globals, 20 P
gc 10545 @18.205s 7%: 0.081+0.44+0.059 ms clock, 1.6+0.21/0.64/0.025+1.1 ms cpu, 4->5->2 MB, 5 MB goal, 0 MB stacks, 0 MB globals, 20 P
gc 10546 @18.206s 7%: 0.046+0.34+0.036 ms clock, 0.93+0.33/0.67/0+0.73 ms cpu, 4->5->2 MB, 5 MB goal, 0 MB stacks, 0 MB globals, 20 P
gc 10547 @18.207s 7%: 0.058+0.39+0.076 ms clock, 1.1+0.43/0.60/0.014+1.5 ms cpu, 4->5->2 MB, 5 MB goal, 0 MB stacks, 0 MB globals, 20 P
gc 10548 @18.209s 7%: 0.051+0.41+0.033 ms clock, 1.0+0.39/0.67/0.037+0.66 ms cpu, 4->5->2 MB, 5 MB goal, 0 MB stacks, 0 MB globals, 20 P
gc 10549 @18.210s 7%: 0.043+0.38+0.058 ms clock, 0.86+0.20/0.79/0.003+1.1 ms cpu, 4->5->2 MB, 5 MB goal, 0 MB stacks, 0 MB globals, 20 P
gc 10550 @18.211s 7%: 0.066+0.45+0.049 ms clock, 1.3+0.40/0.53/0+0.98 ms cpu, 4->5->2 MB, 4 MB goal, 0 MB stacks, 0 MB globals, 20 P
gc 10551 @18.213s 7%: 0.082+0.29+0.033 ms clock, 1.6+0.22/0.72/0.024+0.67 ms cpu, 4->5->2 MB, 5 MB goal, 0 MB stacks, 0 MB globals, 20 P
gc 10552 @18.214s 7%: 0.059+0.27+0.062 ms clock, 1.1+0.25/0.64/0.028+1.2 ms cpu, 3->4->1 MB, 4 MB goal, 0 MB stacks, 0 MB globals, 20 P
gc 10553 @18.214s 7%: 0.055+0.39+0.064 ms clock, 1.1+0.30/0.63/0.013+1.2 ms cpu, 3->4->2 MB, 4 MB goal, 0 MB stacks, 0 MB globals, 20 P
gc 10554 @18.216s 7%: 0.048+0.36+0.10 ms clock, 0.97+0.33/0.65/0.041+2.0 ms cpu, 4->5->2 MB, 5 MB goal, 0 MB stacks, 0 MB globals, 20 P
gc 10555 @18.217s 7%: 0.059+0.55+0.061 ms clock, 1.1+0.34/0.68/0.033+1.2 ms cpu, 4->5->2 MB, 4 MB goal, 0 MB stacks, 0 MB globals, 20 P
gc 10556 @18.218s 7%: 0.063+0.31+0.044 ms clock, 1.2+0.20/0.67/0+0.88 ms cpu, 4->5->2 MB, 5 MB goal, 0 MB stacks, 0 MB globals, 20 P
gc 10557 @18.219s 7%: 0.050+0.33+0.069 ms clock, 1.0+0.30/0.57/0+1.3 ms cpu, 3->5->2 MB, 4 MB goal, 0 MB stacks, 0 MB globals, 20 P
gc 10558 @18.220s 7%: 0.067+0.32+0.077 ms clock, 1.3+0.13/0.61/0+1.5 ms cpu, 4->4->2 MB, 5 MB goal, 0 MB stacks, 0 MB globals, 20 P
gc 10559 @18.222s 7%: 0.10+0.40+0.062 ms clock, 2.1+0.43/0.59/0.082+1.2 ms cpu, 3->4->2 MB, 4 MB goal, 0 MB stacks, 0 MB globals, 20 P
gc 10560 @18.223s 7%: 0.080+0.26+0.073 ms clock, 1.6+0.41/0.57/0+1.4 ms cpu, 4->5->2 MB, 5 MB goal, 0 MB stacks, 0 MB globals, 20 P
gc 10561 @18.224s 7%: 0.060+0.42+0.069 ms clock, 1.2+0.29/0.68/0.048+1.3 ms cpu, 4->5->2 MB, 5 MB goal, 0 MB stacks, 0 MB globals, 20 P
gc 10562 @18.225s 7%: 0.059+0.35+0.10 ms clock, 1.1+0.20/0.68/0.002+2.1 ms cpu, 4->5->2 MB, 5 MB goal, 0 MB stacks, 0 MB globals, 20 P
gc 10563 @18.226s 7%: 0.055+0.56+0.076 ms clock, 1.1+0.28/0.56/0.12+1.5 ms cpu, 4->5->2 MB, 5 MB goal, 0 MB stacks, 0 MB globals, 20 P
gc 10564 @18.228s 7%: 0.077+0.39+0.015 ms clock, 1.5+0.24/0.66/0.022+0.31 ms cpu, 4->5->2 MB, 5 MB goal, 0 MB stacks, 0 MB globals, 20 P
gc 10565 @18.229s 7%: 0.043+0.45+0.069 ms clock, 0.86+0.31/0.68/0.019+1.3 ms cpu, 4->5->2 MB, 4 MB goal, 0 MB stacks, 0 MB globals, 20 P
gc 10566 @18.231s 7%: 0.054+0.39+0.028 ms clock, 1.0+0.18/0.67/0.041+0.56 ms cpu, 4->5->2 MB, 5 MB goal, 0 MB stacks, 0 MB globals, 20 P
gc 10567 @18.232s 7%: 0.081+0.25+0.086 ms clock, 1.6+0.26/0.61/0.034+1.7 ms cpu, 4->4->2 MB, 5 MB goal, 0 MB stacks, 0 MB globals, 20 P
gc 10568 @18.233s 7%: 0.062+0.49+0.061 ms clock, 1.2+0.32/0.68/0.001+1.2 ms cpu, 3->4->2 MB, 4 MB goal, 0 MB stacks, 0 MB globals, 20 P
gc 10569 @18.235s 7%: 0.080+0.33+0.019 ms clock, 1.6+0.37/0.62/0+0.39 ms cpu, 4->5->2 MB, 5 MB goal, 0 MB stacks, 0 MB globals, 20 P
gc 10570 @18.236s 7%: 0.090+0.32+0.046 ms clock, 1.8+0.36/0.61/0.033+0.92 ms cpu, 4->4->2 MB, 4 MB goal, 0 MB stacks, 0 MB globals, 20 P
gc 10571 @18.237s 7%: 0.073+0.36+0.048 ms clock, 1.4+0.32/0.56/0.12+0.97 ms cpu, 4->5->2 MB, 4 MB goal, 0 MB stacks, 0 MB globals, 20 P
gc 10572 @18.238s 7%: 0.068+0.32+0.043 ms clock, 1.3+0.30/0.58/0+0.86 ms cpu, 4->5->2 MB, 5 MB goal, 0 MB stacks, 0 MB globals, 20 P
gc 10573 @18.239s 7%: 0.047+0.47+0.045 ms clock, 0.94+0.20/0.61/0.10+0.90 ms cpu, 4->5->2 MB, 5 MB goal, 0 MB stacks, 0 MB globals, 20 P
gc 10574 @18.241s 7%: 0.062+0.43+0.069 ms clock, 1.2+0.28/0.62/0.007+1.3 ms cpu, 4->5->2 MB, 4 MB goal, 0 MB stacks, 0 MB globals, 20 P
gc 10575 @18.242s 7%: 0.055+0.44+0.056 ms clock, 1.1+0.31/0.63/0.041+1.1 ms cpu, 4->5->2 MB, 5 MB goal, 0 MB stacks, 0 MB globals, 20 P
gc 10576 @18.244s 7%: 0.045+0.36+0.026 ms clock, 0.90+0.17/0.59/0.14+0.53 ms cpu, 4->5->2 MB, 5 MB goal, 0 MB stacks, 0 MB globals, 20 P
gc 10577 @18.245s 7%: 0.078+0.35+0.077 ms clock, 1.5+0.076/0.71/0.031+1.5 ms cpu, 4->4->2 MB, 4 MB goal, 0 MB stacks, 0 MB globals, 20 P
gc 10578 @18.246s 7%: 0.13+0.31+0.043 ms clock, 2.7+0.41/0.59/0.001+0.87 ms cpu, 4->4->2 MB, 4 MB goal, 0 MB stacks, 0 MB globals, 20 P
gc 10579 @18.247s 7%: 0.054+0.31+0.053 ms clock, 1.0+0.23/0.74/0.083+1.0 ms cpu, 4->5->2 MB, 5 MB goal, 0 MB stacks, 0 MB globals, 20 P
gc 10580 @18.249s 7%: 0.077+0.31+0.073 ms clock, 1.5+0.21/0.69/0.003+1.4 ms cpu, 3->4->2 MB, 4 MB goal, 0 MB stacks, 0 MB globals, 20 P
gc 10581 @18.250s 7%: 0.075+0.34+0.069 ms clock, 1.5+0.28/0.61/0.024+1.3 ms cpu, 4->4->2 MB, 4 MB goal, 0 MB stacks, 0 MB globals, 20 P
gc 10582 @18.251s 7%: 0.046+0.34+0.071 ms clock, 0.93+0.17/0.60/0.036+1.4 ms cpu, 4->5->2 MB, 4 MB goal, 0 MB stacks, 0 MB globals, 20 P
gc 10583 @18.252s 7%: 0.036+0.41+0.041 ms clock, 0.72+0.29/0.63/0.029+0.82 ms cpu, 4->4->2 MB, 4 MB goal, 0 MB stacks, 0 MB globals, 20 P
gc 10584 @18.253s 7%: 0.083+0.35+0.072 ms clock, 1.6+0.33/0.54/0.068+1.4 ms cpu, 4->4->2 MB, 4 MB goal, 0 MB stacks, 0 MB globals, 20 P
gc 10585 @18.254s 7%: 0.024+0.25+0.031 ms clock, 0.49+0.22/0.59/0+0.63 ms cpu, 4->4->1 MB, 4 MB goal, 0 MB stacks, 0 MB globals, 20 P
gc 10586 @18.255s 7%: 0.073+0.42+0.090 ms clock, 1.4+0.37/0.68/0.034+1.8 ms cpu, 3->4->2 MB, 4 MB goal, 0 MB stacks, 0 MB globals, 20 P
gc 10587 @18.256s 7%: 0.068+0.23+0.026 ms clock, 1.3+0.30/0.56/0.004+0.53 ms cpu, 4->4->2 MB, 4 MB goal, 0 MB stacks, 0 MB globals, 20 P
gc 10588 @18.257s 7%: 0.075+0.41+0.046 ms clock, 1.5+0.33/0.62/0.015+0.92 ms cpu, 3->4->2 MB, 4 MB goal, 0 MB stacks, 0 MB globals, 20 P
gc 10589 @18.258s 7%: 0.071+0.41+0.059 ms clock, 1.4+0.30/0.67/0+1.1 ms cpu, 3->4->2 MB, 4 MB goal, 0 MB stacks, 0 MB globals, 20 P
gc 10590 @18.259s 7%: 0.088+0.40+0.038 ms clock, 1.7+0.32/0.73/0.002+0.76 ms cpu, 4->4->2 MB, 4 MB goal, 0 MB stacks, 0 MB globals, 20 P
gc 10591 @18.261s 7%: 0.097+0.36+0.052 ms clock, 1.9+0.32/0.63/0.035+1.0 ms cpu, 4->5->2 MB, 5 MB goal, 0 MB stacks, 0 MB globals, 20 P
gc 10592 @18.262s 7%: 0.085+0.52+0.021 ms clock, 1.7+0.33/0.67/0+0.43 ms cpu, 4->5->2 MB, 5 MB goal, 0 MB stacks, 0 MB globals, 20 P
gc 10593 @18.264s 7%: 0.033+0.29+0.065 ms clock, 0.67+0.35/0.63/0.009+1.3 ms cpu, 4->5->2 MB, 5 MB goal, 0 MB stacks, 0 MB globals, 20 P
gc 10594 @18.265s 7%: 0.065+0.40+0.075 ms clock, 1.3+0.48/0.64/0.007+1.5 ms cpu, 4->5->2 MB, 4 MB goal, 0 MB stacks, 0 MB globals, 20 P
gc 10595 @18.266s 7%: 0.067+0.44+0.047 ms clock, 1.3+0.25/0.60/0.030+0.94 ms cpu, 4->5->2 MB, 5 MB goal, 0 MB stacks, 0 MB globals, 20 P
gc 10596 @18.268s 7%: 0.067+0.29+0.054 ms clock, 1.3+0.39/0.61/0.003+1.0 ms cpu, 4->4->2 MB, 4 MB goal, 0 MB stacks, 0 MB globals, 20 P
gc 10597 @18.269s 7%: 0.073+0.42+0.017 ms clock, 1.4+0.31/0.59/0+0.34 ms cpu, 4->4->2 MB, 4 MB goal, 0 MB stacks, 0 MB globals, 20 P
gc 10598 @18.270s 7%: 0.083+0.51+0.032 ms clock, 1.6+0.26/0.58/0+0.64 ms cpu, 4->5->2 MB, 4 MB goal, 0 MB stacks, 0 MB globals, 20 P
gc 10599 @18.271s 7%: 0.10+0.33+0.061 ms clock, 2.1+0.36/0.54/0+1.2 ms cpu, 4->5->2 MB, 5 MB goal, 0 MB stacks, 0 MB globals, 20 P
gc 10600 @18.272s 7%: 0.068+0.36+0.046 ms clock, 1.3+0.29/0.58/0+0.92 ms cpu, 4->5->2 MB, 5 MB goal, 0 MB stacks, 0 MB globals, 20 P
gc 10601 @18.274s 8%: 0.078+0.28+0.071 ms clock, 1.5+0.21/0.67/0.095+1.4 ms cpu, 4->4->2 MB, 4 MB goal, 0 MB stacks, 0 MB globals, 20 P
gc 10602 @18.275s 8%: 0.072+0.32+0.070 ms clock, 1.4+0.26/0.61/0.004+1.4 ms cpu, 3->4->2 MB, 4 MB goal, 0 MB stacks, 0 MB globals, 20 P
gc 10603 @18.276s 8%: 0.081+0.36+0.059 ms clock, 1.6+0.29/0.53/0.053+1.1 ms cpu, 3->4->2 MB, 4 MB goal, 0 MB stacks, 0 MB globals, 20 P
gc 10604 @18.277s 8%: 0.075+0.29+0.066 ms clock, 1.5+0.25/0.65/0+1.3 ms cpu, 4->4->2 MB, 4 MB goal, 0 MB stacks, 0 MB globals, 20 P
gc 10605 @18.279s 8%: 0.070+0.58+0.034 ms clock, 1.4+0.31/0.70/0.031+0.68 ms cpu, 4->5->2 MB, 4 MB goal, 0 MB stacks, 0 MB globals, 20 P
gc 10606 @18.280s 8%: 0.060+0.40+0.065 ms clock, 1.2+0.41/0.56/0.049+1.3 ms cpu, 4->5->2 MB, 5 MB goal, 0 MB stacks, 0 MB globals, 20 P
gc 10607 @18.281s 8%: 0.099+0.33+0.055 ms clock, 1.9+0.26/0.64/0.020+1.1 ms cpu, 4->4->2 MB, 4 MB goal, 0 MB stacks, 0 MB globals, 20 P
gc 10608 @18.283s 8%: 0.067+0.51+0.035 ms clock, 1.3+0.18/0.63/0.027+0.70 ms cpu, 4->5->2 MB, 4 MB goal, 0 MB stacks, 0 MB globals, 20 P
gc 10609 @18.284s 8%: 0.065+0.33+0.033 ms clock, 1.3+0.27/0.67/0+0.66 ms cpu, 4->5->2 MB, 5 MB goal, 0 MB stacks, 0 MB globals, 20 P
gc 10610 @18.285s 8%: 0.060+0.41+0.043 ms clock, 1.2+0.22/0.68/0+0.86 ms cpu, 4->5->2 MB, 5 MB goal, 0 MB stacks, 0 MB globals, 20 P
gc 10611 @18.287s 8%: 0.077+0.34+0.042 ms clock, 1.5+0.39/0.55/0+0.85 ms cpu, 4->4->2 MB, 4 MB goal, 0 MB stacks, 0 MB globals, 20 P
gc 10612 @18.288s 8%: 0.078+0.38+0.067 ms clock, 1.5+0.29/0.72/0.016+1.3 ms cpu, 4->4->2 MB, 4 MB goal, 0 MB stacks, 0 MB globals, 20 P
gc 10613 @18.289s 8%: 0.071+0.22+0.016 ms clock, 1.4+0.29/0.58/0.008+0.33 ms cpu, 4->4->1 MB, 4 MB goal, 0 MB stacks, 0 MB globals, 20 P
gc 10614 @18.290s 8%: 0.098+0.44+0.072 ms clock, 1.9+0.24/0.62/0.012+1.4 ms cpu, 3->4->2 MB, 4 MB goal, 0 MB stacks, 0 MB globals, 20 P
gc 10615 @18.292s 8%: 0.069+0.30+0.069 ms clock, 1.3+0.24/0.59/0.029+1.3 ms cpu, 4->5->2 MB, 5 MB goal, 0 MB stacks, 0 MB globals, 20 P
gc 10616 @18.293s 8%: 0.070+0.30+0.041 ms clock, 1.4+0.33/0.69/0.021+0.83 ms cpu, 3->4->2 MB, 4 MB goal, 0 MB stacks, 0 MB globals, 20 P
gc 10617 @18.294s 8%: 0.048+0.29+0.065 ms clock, 0.96+0.23/0.57/0.097+1.3 ms cpu, 4->5->2 MB, 5 MB goal, 0 MB stacks, 0 MB globals, 20 P
gc 10618 @18.295s 8%: 0.034+0.31+0.037 ms clock, 0.68+0.25/0.78/0.024+0.74 ms cpu, 4->4->2 MB, 4 MB goal, 0 MB stacks, 0 MB globals, 20 P
gc 10619 @18.296s 8%: 0.070+0.43+0.012 ms clock, 1.4+0.30/0.70/0.007+0.25 ms cpu, 3->4->2 MB, 4 MB goal, 0 MB stacks, 0 MB globals, 20 P
gc 10620 @18.298s 8%: 0.049+0.44+0.080 ms clock, 0.99+0.41/0.62/0.10+1.6 ms cpu, 4->5->2 MB, 4 MB goal, 0 MB stacks, 0 MB globals, 20 P
gc 10621 @18.299s 8%: 0.078+0.28+0.073 ms clock, 1.5+0.31/0.65/0.002+1.4 ms cpu, 4->4->2 MB, 5 MB goal, 0 MB stacks, 0 MB globals, 20 P
gc 10622 @18.300s 8%: 0.075+0.37+0.082 ms clock, 1.5+0.34/0.62/0.078+1.6 ms cpu, 3->4->2 MB, 4 MB goal, 0 MB stacks, 0 MB globals, 20 P
gc 10623 @18.301s 8%: 0.025+0.38+0.073 ms clock, 0.50+0.38/0.66/0.058+1.4 ms cpu, 3->4->2 MB, 4 MB goal, 0 MB stacks, 0 MB globals, 20 P
gc 10624 @18.302s 8%: 0.075+0.48+0.060 ms clock, 1.5+0.34/0.61/0.002+1.2 ms cpu, 4->5->2 MB, 4 MB goal, 0 MB stacks, 0 MB globals, 20 P
gc 10625 @18.304s 8%: 0.079+0.28+0.049 ms clock, 1.5+0.31/0.65/0.010+0.99 ms cpu, 4->5->2 MB, 5 MB goal, 0 MB stacks, 0 MB globals, 20 P
gc 10626 @18.305s 8%: 0.10+0.49+0.032 ms clock, 2.1+0.34/0.53/0.012+0.65 ms cpu, 3->4->2 MB, 4 MB goal, 0 MB stacks, 0 MB globals, 20 P
gc 10627 @18.306s 8%: 0.033+0.35+0.038 ms clock, 0.67+0.24/0.68/0.008+0.77 ms cpu, 4->5->2 MB, 5 MB goal, 0 MB stacks, 0 MB globals, 20 P
gc 10628 @18.307s 8%: 0.079+0.32+0.011 ms clock, 1.5+0.32/0.68/0+0.22 ms cpu, 4->4->2 MB, 4 MB goal, 0 MB stacks, 0 MB globals, 20 P
gc 10629 @18.309s 8%: 0.048+0.31+0.069 ms clock, 0.97+0.28/0.60/0.017+1.3 ms cpu, 4->5->2 MB, 5 MB goal, 0 MB stacks, 0 MB globals, 20 P
gc 10630 @18.310s 8%: 0.059+0.47+0.068 ms clock, 1.1+0.40/0.67/0+1.3 ms cpu, 4->4->2 MB, 4 MB goal, 0 MB stacks, 0 MB globals, 20 P
gc 10631 @18.311s 8%: 0.059+0.47+0.077 ms clock, 1.1+0.40/0.58/0+1.5 ms cpu, 4->5->2 MB, 5 MB goal, 0 MB stacks, 0 MB globals, 20 P
gc 10632 @18.313s 8%: 0.085+0.33+0.077 ms clock, 1.7+0.37/0.66/0.058+1.5 ms cpu, 4->5->2 MB, 5 MB goal, 0 MB stacks, 0 MB globals, 20 P
gc 10633 @18.314s 8%: 0.066+0.38+0.087 ms clock, 1.3+0.27/0.70/0+1.7 ms cpu, 4->5->2 MB, 5 MB goal, 0 MB stacks, 0 MB globals, 20 P
gc 10634 @18.315s 8%: 0.071+0.31+0.068 ms clock, 1.4+0.25/0.60/0.034+1.3 ms cpu, 4->5->2 MB, 5 MB goal, 0 MB stacks, 0 MB globals, 20 P
gc 10635 @18.316s 8%: 0.057+0.32+0.071 ms clock, 1.1+0.26/0.66/0.035+1.4 ms cpu, 4->4->2 MB, 5 MB goal, 0 MB stacks, 0 MB globals, 20 P
gc 10636 @18.317s 8%: 0.067+0.46+0.064 ms clock, 1.3+0.32/0.56/0+1.2 ms cpu, 3->4->2 MB, 4 MB goal, 0 MB stacks, 0 MB globals, 20 P
gc 10637 @18.319s 8%: 0.060+0.60+0.028 ms clock, 1.2+0.28/0.70/0+0.56 ms cpu, 4->5->2 MB, 4 MB goal, 0 MB stacks, 0 MB globals, 20 P
gc 10638 @18.320s 8%: 0.044+0.40+0.088 ms clock, 0.89+0.45/0.76/0.028+1.7 ms cpu, 5->5->2 MB, 5 MB goal, 0 MB stacks, 0 MB globals, 20 P
gc 10639 @18.322s 8%: 0.059+0.43+0.032 ms clock, 1.1+0.15/0.78/0+0.65 ms cpu, 4->5->2 MB, 4 MB goal, 0 MB stacks, 0 MB globals, 20 P
gc 10640 @18.323s 8%: 0.081+0.49+0.056 ms clock, 1.6+0.26/0.67/0+1.1 ms cpu, 4->5->2 MB, 5 MB goal, 0 MB stacks, 0 MB globals, 20 P
gc 10641 @18.324s 8%: 0.085+0.40+0.053 ms clock, 1.7+0.22/0.75/0+1.0 ms cpu, 4->5->2 MB, 5 MB goal, 0 MB stacks, 0 MB globals, 20 P
gc 10642 @18.326s 8%: 0.040+0.38+0.069 ms clock, 0.81+0.24/0.62/0.15+1.3 ms cpu, 4->4->2 MB, 4 MB goal, 0 MB stacks, 0 MB globals, 20 P
gc 10643 @18.327s 8%: 0.069+0.35+0.074 ms clock, 1.3+0.35/0.64/0+1.4 ms cpu, 4->4->2 MB, 4 MB goal, 0 MB stacks, 0 MB globals, 20 P
gc 10644 @18.328s 8%: 0.078+0.34+0.012 ms clock, 1.5+0.19/0.77/0.015+0.25 ms cpu, 4->5->2 MB, 4 MB goal, 0 MB stacks, 0 MB globals, 20 P
gc 10645 @18.329s 8%: 0.070+0.31+0.073 ms clock, 1.4+0.26/0.75/0+1.4 ms cpu, 4->4->2 MB, 4 MB goal, 0 MB stacks, 0 MB globals, 20 P
gc 10646 @18.331s 8%: 0.067+0.58+0.065 ms clock, 1.3+0.34/0.69/0.001+1.3 ms cpu, 4->5->2 MB, 5 MB goal, 0 MB stacks, 0 MB globals, 20 P
gc 10647 @18.333s 8%: 0.049+0.46+0.063 ms clock, 0.98+0.23/0.74/0+1.2 ms cpu, 4->5->2 MB, 5 MB goal, 0 MB stacks, 0 MB globals, 20 P
gc 10648 @18.334s 8%: 0.075+0.38+0.080 ms clock, 1.5+0.20/0.84/0+1.6 ms cpu, 4->4->2 MB, 4 MB goal, 0 MB stacks, 0 MB globals, 20 P
gc 10649 @18.335s 8%: 0.065+0.34+0.032 ms clock, 1.3+0.25/0.62/0.041+0.65 ms cpu, 4->4->2 MB, 4 MB goal, 0 MB stacks, 0 MB globals, 20 P
gc 10650 @18.336s 8%: 0.097+0.33+0.061 ms clock, 1.9+0.25/0.54/0.050+1.2 ms cpu, 3->4->2 MB, 4 MB goal, 0 MB stacks, 0 MB globals, 20 P
gc 10651 @18.338s 8%: 0.068+0.48+0.072 ms clock, 1.3+0.27/0.51/0.025+1.4 ms cpu, 4->5->2 MB, 4 MB goal, 0 MB stacks, 0 MB globals, 20 P
gc 10652 @18.339s 8%: 0.043+0.44+0.083 ms clock, 0.87+0.43/0.53/0.068+1.6 ms cpu, 4->5->2 MB, 5 MB goal, 0 MB stacks, 0 MB globals, 20 P
gc 10653 @18.340s 8%: 0.031+0.47+0.064 ms clock, 0.62+0.26/0.56/0.095+1.2 ms cpu, 4->5->2 MB, 5 MB goal, 0 MB stacks, 0 MB globals, 20 P
gc 10654 @18.342s 8%: 0.040+0.61+0.059 ms clock, 0.81+0.30/0.66/0.039+1.1 ms cpu, 4->4->2 MB, 4 MB goal, 0 MB stacks, 0 MB globals, 20 P
gc 10655 @18.343s 8%: 0.086+0.37+0.062 ms clock, 1.7+0.36/0.71/0+1.2 ms cpu, 4->5->2 MB, 5 MB goal, 0 MB stacks, 0 MB globals, 20 P
gc 10656 @18.345s 8%: 0.10+0.32+0.051 ms clock, 2.0+0.37/0.59/0.001+1.0 ms cpu, 4->5->2 MB, 5 MB goal, 0 MB stacks, 0 MB globals, 20 P
gc 10657 @18.346s 8%: 0.068+0.48+0.053 ms clock, 1.3+0.39/0.74/0.002+1.0 ms cpu, 4->5->2 MB, 4 MB goal, 0 MB stacks, 0 MB globals, 20 P
gc 10658 @18.347s 8%: 0.034+0.52+0.085 ms clock, 0.69+0.29/0.65/0.050+1.7 ms cpu, 4->5->2 MB, 5 MB goal, 0 MB stacks, 0 MB globals, 20 P
gc 10659 @18.348s 8%: 0.092+0.28+0.068 ms clock, 1.8+0.26/0.62/0.017+1.3 ms cpu, 4->5->2 MB, 5 MB goal, 0 MB stacks, 0 MB globals, 20 P
gc 10660 @18.349s 8%: 0.14+0.51+0.068 ms clock, 2.8+0.31/0.70/0.042+1.3 ms cpu, 4->5->2 MB, 4 MB goal, 0 MB stacks, 0 MB globals, 20 P
gc 10661 @18.351s 8%: 0.071+0.35+0.085 ms clock, 1.4+0.36/0.64/0.005+1.7 ms cpu, 4->5->2 MB, 5 MB goal, 0 MB stacks, 0 MB globals, 20 P
gc 10662 @18.352s 8%: 0.079+0.35+0.009 ms clock, 1.5+0.28/0.66/0.033+0.18 ms cpu, 4->5->2 MB, 5 MB goal, 0 MB stacks, 0 MB globals, 20 P
gc 10663 @18.354s 8%: 0.048+0.45+0.078 ms clock, 0.96+0.28/0.69/0+1.5 ms cpu, 3->4->2 MB, 4 MB goal, 0 MB stacks, 0 MB globals, 20 P
gc 10664 @18.355s 8%: 0.098+0.38+0.062 ms clock, 1.9+0.34/0.62/0.058+1.2 ms cpu, 4->5->2 MB, 4 MB goal, 0 MB stacks, 0 MB globals, 20 P
gc 10665 @18.356s 8%: 0.068+0.52+0.078 ms clock, 1.3+0.44/0.52/0.067+1.5 ms cpu, 4->5->2 MB, 5 MB goal, 0 MB stacks, 0 MB globals, 20 P
gc 10666 @18.358s 8%: 0.10+0.30+0.056 ms clock, 2.1+0.27/0.59/0.010+1.1 ms cpu, 4->5->2 MB, 5 MB goal, 0 MB stacks, 0 MB globals, 20 P
gc 10667 @18.359s 8%: 0.030+0.49+0.036 ms clock, 0.61+0.36/0.62/0.033+0.72 ms cpu, 4->5->2 MB, 4 MB goal, 0 MB stacks, 0 MB globals, 20 P
gc 10668 @18.360s 8%: 0.048+0.29+0.016 ms clock, 0.96+0.37/0.63/0.068+0.33 ms cpu, 4->5->2 MB, 5 MB goal, 0 MB stacks, 0 MB globals, 20 P
gc 10669 @18.361s 8%: 0.067+0.32+0.020 ms clock, 1.3+0.34/0.65/0.028+0.40 ms cpu, 4->4->2 MB, 4 MB goal, 0 MB stacks, 0 MB globals, 20 P
gc 10670 @18.363s 8%: 0.064+0.32+0.057 ms clock, 1.2+0.36/0.54/0+1.1 ms cpu, 4->5->2 MB, 4 MB goal, 0 MB stacks, 0 MB globals, 20 P
gc 10671 @18.364s 8%: 0.10+0.33+0.060 ms clock, 2.0+0.41/0.59/0.019+1.2 ms cpu, 4->5->2 MB, 5 MB goal, 0 MB stacks, 0 MB globals, 20 P
gc 10672 @18.365s 8%: 0.026+0.35+0.067 ms clock, 0.53+0.32/0.75/0.029+1.3 ms cpu, 4->5->2 MB, 5 MB goal, 0 MB stacks, 0 MB globals, 20 P
gc 10673 @18.366s 8%: 0.038+0.25+0.020 ms clock, 0.76+0.35/0.66/0.047+0.40 ms cpu, 4->4->2 MB, 5 MB goal, 0 MB stacks, 0 MB globals, 20 P
gc 10674 @18.367s 8%: 0.041+0.41+0.079 ms clock, 0.83+0.20/0.66/0.015+1.5 ms cpu, 3->4->2 MB, 4 MB goal, 0 MB stacks, 0 MB globals, 20 P
gc 10675 @18.369s 8%: 0.087+0.37+0.14 ms clock, 1.7+0.34/0.58/0.026+2.8 ms cpu, 4->4->2 MB, 5 MB goal, 0 MB stacks, 0 MB globals, 20 P
gc 10676 @18.370s 8%: 0.068+0.45+0.069 ms clock, 1.3+0.39/0.62/0.027+1.3 ms cpu, 4->5->2 MB, 4 MB goal, 0 MB stacks, 0 MB globals, 20 P
gc 10677 @18.371s 8%: 0.073+0.30+0.071 ms clock, 1.4+0.26/0.59/0.020+1.4 ms cpu, 4->5->2 MB, 5 MB goal, 0 MB stacks, 0 MB globals, 20 P
gc 10678 @18.372s 8%: 0.069+0.43+0.023 ms clock, 1.3+0.30/0.55/0.063+0.47 ms cpu, 3->4->2 MB, 4 MB goal, 0 MB stacks, 0 MB globals, 20 P
gc 10679 @18.374s 8%: 0.056+0.51+0.064 ms clock, 1.1+0.38/0.62/0.009+1.2 ms cpu, 4->5->2 MB, 5 MB goal, 0 MB stacks, 0 MB globals, 20 P
gc 10680 @18.375s 8%: 0.075+0.31+0.069 ms clock, 1.5+0.30/0.57/0.027+1.3 ms cpu, 4->5->2 MB, 5 MB goal, 0 MB stacks, 0 MB globals, 20 P
gc 10681 @18.376s 8%: 0.072+0.40+0.10 ms clock, 1.4+0.32/0.71/0.001+2.1 ms cpu, 3->4->2 MB, 4 MB goal, 0 MB stacks, 0 MB globals, 20 P
gc 10682 @18.378s 8%: 0.071+0.55+0.045 ms clock, 1.4+0.47/0.76/0.029+0.91 ms cpu, 4->5->2 MB, 5 MB goal, 0 MB stacks, 0 MB globals, 20 P
gc 10683 @18.379s 8%: 0.077+0.53+0.088 ms clock, 1.5+0.30/0.55/0.17+1.7 ms cpu, 4->5->2 MB, 5 MB goal, 0 MB stacks, 0 MB globals, 20 P
gc 10684 @18.381s 8%: 0.055+0.29+0.066 ms clock, 1.1+0.16/0.65/0.036+1.3 ms cpu, 4->5->2 MB, 5 MB goal, 0 MB stacks, 0 MB globals, 20 P
gc 10685 @18.382s 8%: 0.074+0.25+0.053 ms clock, 1.4+0.47/0.61/0.032+1.0 ms cpu, 4->4->2 MB, 4 MB goal, 0 MB stacks, 0 MB globals, 20 P
gc 10686 @18.383s 8%: 0.057+0.51+0.059 ms clock, 1.1+0.32/0.62/0.013+1.1 ms cpu, 4->5->2 MB, 4 MB goal, 0 MB stacks, 0 MB globals, 20 P
gc 10687 @18.385s 8%: 0.034+0.35+0.083 ms clock, 0.69+0.13/0.61/0.17+1.6 ms cpu, 4->5->2 MB, 5 MB goal, 0 MB stacks, 0 MB globals, 20 P
gc 10688 @18.386s 8%: 0.069+0.41+0.063 ms clock, 1.3+0.40/0.59/0.16+1.2 ms cpu, 4->4->2 MB, 4 MB goal, 0 MB stacks, 0 MB globals, 20 P
gc 10689 @18.387s 8%: 0.080+0.28+0.079 ms clock, 1.6+0.22/0.64/0.001+1.5 ms cpu, 4->5->2 MB, 4 MB goal, 0 MB stacks, 0 MB globals, 20 P
gc 10690 @18.388s 8%: 0.068+0.49+0.029 ms clock, 1.3+0.25/0.70/0.11+0.59 ms cpu, 4->5->2 MB, 4 MB goal, 0 MB stacks, 0 MB globals, 20 P
gc 10691 @18.390s 8%: 0.047+0.25+0.065 ms clock, 0.94+0.24/0.60/0.057+1.3 ms cpu, 4->4->2 MB, 5 MB goal, 0 MB stacks, 0 MB globals, 20 P
gc 10692 @18.391s 8%: 0.060+0.41+0.032 ms clock, 1.2+0.37/0.62/0.001+0.65 ms cpu, 3->4->2 MB, 4 MB goal, 0 MB stacks, 0 MB globals, 20 P
gc 10693 @18.392s 8%: 0.069+0.33+0.050 ms clock, 1.3+0.39/0.62/0+1.0 ms cpu, 4->5->2 MB, 5 MB goal, 0 MB stacks, 0 MB globals, 20 P
gc 10694 @18.393s 8%: 0.043+0.27+0.056 ms clock, 0.87+0.33/0.62/0.023+1.1 ms cpu, 4->4->2 MB, 4 MB goal, 0 MB stacks, 0 MB globals, 20 P
gc 10695 @18.395s 8%: 0.096+0.59+0.055 ms clock, 1.9+0.24/0.76/0.002+1.1 ms cpu, 4->5->2 MB, 4 MB goal, 0 MB stacks, 0 MB globals, 20 P
gc 10696 @18.396s 8%: 0.035+0.31+0.075 ms clock, 0.70+0.29/0.81/0.020+1.5 ms cpu, 4->5->2 MB, 5 MB goal, 0 MB stacks, 0 MB globals, 20 P
gc 10697 @18.398s 8%: 0.068+0.37+0.076 ms clock, 1.3+0.35/0.67/0.001+1.5 ms cpu, 4->4->2 MB, 4 MB goal, 0 MB stacks, 0 MB globals, 20 P
gc 10698 @18.399s 8%: 0.090+0.40+0.044 ms clock, 1.8+0.38/0.64/0+0.89 ms cpu, 4->5->2 MB, 4 MB goal, 0 MB stacks, 0 MB globals, 20 P
gc 10699 @18.401s 8%: 0.052+0.55+0.082 ms clock, 1.0+0.34/0.67/0+1.6 ms cpu, 4->5->2 MB, 5 MB goal, 0 MB stacks, 0 MB globals, 20 P
gc 10700 @18.402s 8%: 0.079+0.25+0.045 ms clock, 1.5+0.29/0.53/0.039+0.90 ms cpu, 4->5->2 MB, 5 MB goal, 0 MB stacks, 0 MB globals, 20 P
gc 10701 @18.403s 8%: 0.067+0.29+0.075 ms clock, 1.3+0.34/0.57/0.027+1.5 ms cpu, 3->4->2 MB, 4 MB goal, 0 MB stacks, 0 MB globals, 20 P
gc 10702 @18.404s 8%: 0.057+0.44+0.048 ms clock, 1.1+0.39/0.54/0.024+0.97 ms cpu, 3->4->2 MB, 4 MB goal, 0 MB stacks, 0 MB globals, 20 P
gc 10703 @18.406s 8%: 0.087+0.63+0.023 ms clock, 1.7+0.37/0.61/0.005+0.46 ms cpu, 4->5->2 MB, 5 MB goal, 0 MB stacks, 0 MB globals, 20 P
gc 10704 @18.407s 8%: 0.079+0.61+0.026 ms clock, 1.5+0.36/0.69/0.010+0.53 ms cpu, 4->5->2 MB, 5 MB goal, 0 MB stacks, 0 MB globals, 20 P
gc 10705 @18.409s 8%: 0.072+0.37+0.10 ms clock, 1.4+0.25/0.70/0.019+2.1 ms cpu, 4->5->2 MB, 5 MB goal, 0 MB stacks, 0 MB globals, 20 P
gc 10706 @18.410s 8%: 0.093+0.44+0.014 ms clock, 1.8+0.33/0.55/0+0.29 ms cpu, 3->4->2 MB, 4 MB goal, 0 MB stacks, 0 MB globals, 20 P
gc 10707 @18.412s 8%: 0.065+0.45+0.057 ms clock, 1.3+0.34/0.55/0.065+1.1 ms cpu, 4->5->2 MB, 5 MB goal, 0 MB stacks, 0 MB globals, 20 P
gc 10708 @18.413s 8%: 0.070+0.33+0.040 ms clock, 1.4+0.25/0.65/0+0.80 ms cpu, 4->5->2 MB, 5 MB goal, 0 MB stacks, 0 MB globals, 20 P
gc 10709 @18.414s 8%: 0.069+0.29+0.014 ms clock, 1.3+0.31/0.62/0.003+0.28 ms cpu, 4->5->2 MB, 5 MB goal, 0 MB stacks, 0 MB globals, 20 P
gc 10710 @18.415s 8%: 0.081+0.49+0.036 ms clock, 1.6+0.27/0.62/0+0.73 ms cpu, 4->5->2 MB, 4 MB goal, 0 MB stacks, 0 MB globals, 20 P
gc 10711 @18.417s 8%: 0.059+0.40+0.039 ms clock, 1.1+0.29/0.66/0.016+0.79 ms cpu, 4->5->2 MB, 5 MB goal, 0 MB stacks, 0 MB globals, 20 P
gc 10712 @18.418s 8%: 0.048+0.42+0.060 ms clock, 0.97+0.13/0.67/0+1.2 ms cpu, 4->4->2 MB, 4 MB goal, 0 MB stacks, 0 MB globals, 20 P
gc 10713 @18.419s 8%: 0.065+0.36+0.12 ms clock, 1.3+0.30/0.75/0+2.4 ms cpu, 4->5->2 MB, 4 MB goal, 0 MB stacks, 0 MB globals, 20 P
gc 10714 @18.420s 8%: 0.053+0.43+0.17 ms clock, 1.0+0.38/0.66/0.010+3.4 ms cpu, 4->5->2 MB, 4 MB goal, 0 MB stacks, 0 MB globals, 20 P
gc 10715 @18.422s 8%: 0.058+0.36+0.071 ms clock, 1.1+0.33/0.78/0.033+1.4 ms cpu, 4->5->2 MB, 5 MB goal, 0 MB stacks, 0 MB globals, 20 P
gc 10716 @18.423s 8%: 0.045+0.33+0.067 ms clock, 0.90+0.29/0.56/0.056+1.3 ms cpu, 4->5->2 MB, 5 MB goal, 0 MB stacks, 0 MB globals, 20 P
gc 10717 @18.424s 8%: 0.063+0.30+0.069 ms clock, 1.2+0.35/0.56/0.073+1.3 ms cpu, 4->4->2 MB, 4 MB goal, 0 MB stacks, 0 MB globals, 20 P
gc 10718 @18.425s 8%: 0.068+0.45+0.041 ms clock, 1.3+0.33/0.70/0.009+0.83 ms cpu, 3->5->2 MB, 4 MB goal, 0 MB stacks, 0 MB globals, 20 P
gc 10719 @18.426s 8%: 0.083+0.40+0.073 ms clock, 1.6+0.28/0.60/0.050+1.4 ms cpu, 4->5->2 MB, 5 MB goal, 0 MB stacks, 0 MB globals, 20 P
gc 10720 @18.427s 8%: 0.048+0.50+0.039 ms clock, 0.97+0.34/0.60/0.039+0.78 ms cpu, 4->5->2 MB, 5 MB goal, 0 MB stacks, 0 MB globals, 20 P
gc 10721 @18.429s 8%: 0.084+0.44+0.053 ms clock, 1.6+0.31/0.63/0.092+1.0 ms cpu, 4->5->2 MB, 5 MB goal, 0 MB stacks, 0 MB globals, 20 P
gc 10722 @18.430s 8%: 0.080+0.35+0.066 ms clock, 1.6+0.32/0.66/0.037+1.3 ms cpu, 4->5->2 MB, 5 MB goal, 0 MB stacks, 0 MB globals, 20 P
gc 10723 @18.432s 8%: 0.094+0.45+0.029 ms clock, 1.8+0.26/0.62/0+0.59 ms cpu, 4->4->2 MB, 4 MB goal, 0 MB stacks, 0 MB globals, 20 P
gc 10724 @18.433s 8%: 0.083+0.35+0.022 ms clock, 1.6+0.22/0.68/0.006+0.45 ms cpu, 4->4->2 MB, 5 MB goal, 0 MB stacks, 0 MB globals, 20 P
gc 10725 @18.434s 8%: 0.038+0.46+0.10 ms clock, 0.77+0.16/0.58/0.16+2.1 ms cpu, 3->4->2 MB, 4 MB goal, 0 MB stacks, 0 MB globals, 20 P
gc 10726 @18.436s 8%: 0.078+0.53+0.024 ms clock, 1.5+0.42/0.56/0.043+0.48 ms cpu, 4->5->2 MB, 4 MB goal, 0 MB stacks, 0 MB globals, 20 P
gc 10727 @18.437s 8%: 0.074+0.47+0.044 ms clock, 1.4+0.30/0.68/0.017+0.88 ms cpu, 4->5->2 MB, 5 MB goal, 0 MB stacks, 0 MB globals, 20 P
gc 10728 @18.439s 8%: 0.043+0.43+0.076 ms clock, 0.86+0.27/0.62/0.002+1.5 ms cpu, 4->5->2 MB, 5 MB goal, 0 MB stacks, 0 MB globals, 20 P
gc 10729 @18.440s 8%: 0.072+0.43+0.037 ms clock, 1.4+0.34/0.55/0.028+0.74 ms cpu, 4->5->2 MB, 5 MB goal, 0 MB stacks, 0 MB globals, 20 P
gc 10730 @18.442s 8%: 0.043+0.50+0.025 ms clock, 0.86+0.44/0.59/0.003+0.51 ms cpu, 4->5->2 MB, 5 MB goal, 0 MB stacks, 0 MB globals, 20 P
gc 10731 @18.443s 8%: 0.096+0.32+0.10 ms clock, 1.9+0.41/0.56/0+2.1 ms cpu, 4->5->2 MB, 5 MB goal, 0 MB stacks, 0 MB globals, 20 P
gc 10732 @18.444s 8%: 0.099+0.22+0.068 ms clock, 1.9+0.31/0.63/0.059+1.3 ms cpu, 4->4->2 MB, 5 MB goal, 0 MB stacks, 0 MB globals, 20 P
gc 10733 @18.445s 8%: 0.047+0.28+0.027 ms clock, 0.95+0.38/0.57/0.019+0.55 ms cpu, 4->4->2 MB, 4 MB goal, 0 MB stacks, 0 MB globals, 20 P
gc 10734 @18.446s 8%: 0.047+0.46+0.11 ms clock, 0.95+0.41/0.60/0.045+2.2 ms cpu, 4->4->2 MB, 4 MB goal, 0 MB stacks, 0 MB globals, 20 P
gc 10735 @18.448s 8%: 0.10+0.33+0.019 ms clock, 2.1+0.39/0.53/0+0.38 ms cpu, 4->5->2 MB, 5 MB goal, 0 MB stacks, 0 MB globals, 20 P
gc 10736 @18.449s 8%: 0.066+0.31+0.087 ms clock, 1.3+0.24/0.67/0.022+1.7 ms cpu, 4->4->2 MB, 5 MB goal, 0 MB stacks, 0 MB globals, 20 P
gc 10737 @18.450s 8%: 0.087+0.33+0.068 ms clock, 1.7+0.24/0.56/0.032+1.3 ms cpu, 3->4->2 MB, 4 MB goal, 0 MB stacks, 0 MB globals, 20 P
gc 10738 @18.451s 8%: 0.078+0.39+0.075 ms clock, 1.5+0.39/0.67/0.076+1.5 ms cpu, 4->4->2 MB, 5 MB goal, 0 MB stacks, 0 MB globals, 20 P
gc 10739 @18.453s 8%: 0.076+0.55+0.015 ms clock, 1.5+0.22/0.63/0+0.31 ms cpu, 4->4->2 MB, 4 MB goal, 0 MB stacks, 0 MB globals, 20 P
gc 10740 @18.454s 8%: 0.080+0.56+0.070 ms clock, 1.6+0.29/0.70/0.004+1.4 ms cpu, 4->5->2 MB, 5 MB goal, 0 MB stacks, 0 MB globals, 20 P
gc 10741 @18.455s 8%: 0.045+0.38+0.092 ms clock, 0.91+0.31/0.62/0.064+1.8 ms cpu, 4->5->2 MB, 5 MB goal, 0 MB stacks, 0 MB globals, 20 P
gc 10742 @18.457s 8%: 0.035+0.28+0.038 ms clock, 0.70+0.35/0.57/0.037+0.77 ms cpu, 4->5->2 MB, 5 MB goal, 0 MB stacks, 0 MB globals, 20 P
gc 10743 @18.458s 8%: 0.067+0.36+0.11 ms clock, 1.3+0.40/0.66/0.037+2.2 ms cpu, 3->4->2 MB, 4 MB goal, 0 MB stacks, 0 MB globals, 20 P
gc 10744 @18.459s 8%: 0.047+0.39+0.019 ms clock, 0.94+0.33/0.63/0.023+0.39 ms cpu, 4->4->2 MB, 4 MB goal, 0 MB stacks, 0 MB globals, 20 P
gc 10745 @18.461s 8%: 0.065+0.42+0.082 ms clock, 1.3+0.18/0.62/0.015+1.6 ms cpu, 4->5->2 MB, 4 MB goal, 0 MB stacks, 0 MB globals, 20 P
gc 10746 @18.462s 8%: 0.039+0.48+0.097 ms clock, 0.79+0.36/0.63/0.056+1.9 ms cpu, 4->5->2 MB, 4 MB goal, 0 MB stacks, 0 MB globals, 20 P
gc 10747 @18.463s 8%: 0.054+0.35+0.029 ms clock, 1.0+0.32/0.68/0.030+0.59 ms cpu, 4->5->2 MB, 5 MB goal, 0 MB stacks, 0 MB globals, 20 P
gc 10748 @18.464s 8%: 0.037+0.40+0.023 ms clock, 0.74+0.30/0.59/0.054+0.46 ms cpu, 4->5->2 MB, 5 MB goal, 0 MB stacks, 0 MB globals, 20 P
gc 10749 @18.466s 8%: 0.099+0.30+0.062 ms clock, 1.9+0.24/0.64/0.057+1.2 ms cpu, 4->5->2 MB, 4 MB goal, 0 MB stacks, 0 MB globals, 20 P
gc 10750 @18.467s 8%: 0.036+0.36+0.039 ms clock, 0.73+0.32/0.56/0.039+0.79 ms cpu, 4->4->2 MB, 4 MB goal, 0 MB stacks, 0 MB globals, 20 P
gc 10751 @18.469s 8%: 0.064+0.35+0.058 ms clock, 1.2+0.35/0.55/0+1.1 ms cpu, 4->5->2 MB, 5 MB goal, 0 MB stacks, 0 MB globals, 20 P
gc 10752 @18.470s 8%: 0.057+0.46+0.038 ms clock, 1.1+0.32/0.79/0+0.76 ms cpu, 4->5->2 MB, 4 MB goal, 0 MB stacks, 0 MB globals, 20 P
gc 10753 @18.472s 8%: 0.037+0.29+0.065 ms clock, 0.75+0.26/0.63/0.017+1.3 ms cpu, 4->5->2 MB, 5 MB goal, 0 MB stacks, 0 MB globals, 20 P
gc 10754 @18.473s 8%: 0.032+0.41+0.065 ms clock, 0.65+0.42/0.74/0.044+1.3 ms cpu, 3->4->2 MB, 4 MB goal, 0 MB stacks, 0 MB globals, 20 P
gc 10755 @18.474s 8%: 0.026+0.50+0.053 ms clock, 0.53+0.25/0.55/0.024+1.0 ms cpu, 4->5->2 MB, 4 MB goal, 0 MB stacks, 0 MB globals, 20 P
gc 10756 @18.476s 8%: 0.036+0.32+0.056 ms clock, 0.72+0.33/0.63/0.036+1.1 ms cpu, 4->5->2 MB, 5 MB goal, 0 MB stacks, 0 MB globals, 20 P
gc 10757 @18.478s 8%: 0.073+0.42+0.062 ms clock, 1.4+0.26/0.84/0.17+1.2 ms cpu, 4->5->2 MB, 5 MB goal, 0 MB stacks, 0 MB globals, 20 P
gc 10758 @18.479s 8%: 0.048+0.43+0.029 ms clock, 0.97+0.095/0.79/0+0.59 ms cpu, 4->5->2 MB, 5 MB goal, 0 MB stacks, 0 MB globals, 20 P
gc 10759 @18.480s 8%: 0.030+0.31+0.021 ms clock, 0.61+0.20/0.74/0.015+0.42 ms cpu, 4->5->2 MB, 5 MB goal, 0 MB stacks, 0 MB globals, 20 P
gc 10760 @18.481s 8%: 0.057+0.50+0.037 ms clock, 1.1+0.24/0.83/0.005+0.74 ms cpu, 4->4->2 MB, 4 MB goal, 0 MB stacks, 0 MB globals, 20 P
gc 10761 @18.483s 8%: 0.054+0.53+0.074 ms clock, 1.0+0.32/0.52/0.091+1.4 ms cpu, 4->5->2 MB, 5 MB goal, 0 MB stacks, 0 MB globals, 20 P
gc 10762 @18.484s 8%: 0.080+0.38+0.066 ms clock, 1.6+0.35/0.72/0.026+1.3 ms cpu, 4->5->2 MB, 5 MB goal, 0 MB stacks, 0 MB globals, 20 P
gc 10763 @18.485s 8%: 0.052+0.34+0.016 ms clock, 1.0+0.38/0.63/0.013+0.33 ms cpu, 4->4->2 MB, 5 MB goal, 0 MB stacks, 0 MB globals, 20 P
gc 10764 @18.486s 8%: 0.080+0.37+0.082 ms clock, 1.6+0.50/0.60/0.003+1.6 ms cpu, 4->5->2 MB, 4 MB goal, 0 MB stacks, 0 MB globals, 20 P
gc 10765 @18.488s 8%: 0.054+0.40+0.066 ms clock, 1.0+0.33/0.81/0+1.3 ms cpu, 4->5->2 MB, 5 MB goal, 0 MB stacks, 0 MB globals, 20 P
gc 10766 @18.489s 8%: 0.097+0.27+0.061 ms clock, 1.9+0.27/0.57/0.099+1.2 ms cpu, 4->5->2 MB, 5 MB goal, 0 MB stacks, 0 MB globals, 20 P
gc 10767 @18.490s 8%: 0.076+0.37+0.073 ms clock, 1.5+0.37/0.78/0.007+1.4 ms cpu, 4->5->2 MB, 5 MB goal, 0 MB stacks, 0 MB globals, 20 P
gc 10768 @18.492s 8%: 0.031+0.35+0.042 ms clock, 0.62+0.31/0.65/0.11+0.84 ms cpu, 4->5->2 MB, 4 MB goal, 0 MB stacks, 0 MB globals, 20 P
gc 10769 @18.493s 8%: 0.071+0.45+0.063 ms clock, 1.4+0.19/0.67/0+1.2 ms cpu, 4->5->2 MB, 5 MB goal, 0 MB stacks, 0 MB globals, 20 P
gc 10770 @18.494s 8%: 0.081+0.33+0.065 ms clock, 1.6+0.31/0.57/0.018+1.3 ms cpu, 4->5->2 MB, 5 MB goal, 0 MB stacks, 0 MB globals, 20 P
gc 10771 @18.495s 8%: 0.079+0.37+0.045 ms clock, 1.5+0.39/0.60/0+0.90 ms cpu, 4->5->2 MB, 4 MB goal, 0 MB stacks, 0 MB globals, 20 P
gc 10772 @18.497s 8%: 0.11+0.43+0.056 ms clock, 2.3+0.24/0.78/0+1.1 ms cpu, 4->5->2 MB, 5 MB goal, 0 MB stacks, 0 MB globals, 20 P
gc 10773 @18.498s 8%: 0.071+0.28+0.055 ms clock, 1.4+0.48/0.51/0+1.1 ms cpu, 4->5->2 MB, 5 MB goal, 0 MB stacks, 0 MB globals, 20 P
gc 10774 @18.500s 8%: 0.046+0.24+0.067 ms clock, 0.93+0.12/0.74/0.019+1.3 ms cpu, 4->4->2 MB, 5 MB goal, 0 MB stacks, 0 MB globals, 20 P
gc 10775 @18.501s 8%: 0.077+0.41+0.018 ms clock, 1.5+0.30/0.66/0.006+0.37 ms cpu, 3->4->2 MB, 4 MB goal, 0 MB stacks, 0 MB globals, 20 P
gc 10776 @18.502s 8%: 0.089+0.34+0.056 ms clock, 1.7+0.22/0.63/0.019+1.1 ms cpu, 4->5->2 MB, 4 MB goal, 0 MB stacks, 0 MB globals, 20 P
gc 10777 @18.503s 8%: 0.065+0.36+0.084 ms clock, 1.3+0.30/0.75/0.025+1.6 ms cpu, 4->4->2 MB, 4 MB goal, 0 MB stacks, 0 MB globals, 20 P
gc 10778 @18.504s 8%: 0.059+0.50+0.066 ms clock, 1.1+0.37/0.80/0.007+1.3 ms cpu, 4->5->2 MB, 4 MB goal, 0 MB stacks, 0 MB globals, 20 P
gc 10779 @18.506s 8%: 0.046+0.48+0.048 ms clock, 0.93+0.32/0.60/0.032+0.96 ms cpu, 4->5->2 MB, 5 MB goal, 0 MB stacks, 0 MB globals, 20 P
gc 10780 @18.507s 8%: 0.11+0.40+0.063 ms clock, 2.2+0.37/0.63/0.014+1.2 ms cpu, 4->5->2 MB, 5 MB goal, 0 MB stacks, 0 MB globals, 20 P
gc 10781 @18.509s 8%: 0.091+0.36+0.065 ms clock, 1.8+0.33/0.67/0.030+1.3 ms cpu, 4->5->2 MB, 5 MB goal, 0 MB stacks, 0 MB globals, 20 P
gc 10782 @18.510s 8%: 0.074+0.42+0.024 ms clock, 1.4+0.28/0.72/0+0.49 ms cpu, 4->5->2 MB, 5 MB goal, 0 MB stacks, 0 MB globals, 20 P
gc 10783 @18.512s 8%: 0.053+0.33+0.065 ms clock, 1.0+0.23/0.60/0.042+1.3 ms cpu, 4->5->2 MB, 5 MB goal, 0 MB stacks, 0 MB globals, 20 P
gc 10784 @18.513s 8%: 0.071+0.45+0.018 ms clock, 1.4+0.42/0.70/0.10+0.36 ms cpu, 4->5->2 MB, 5 MB goal, 0 MB stacks, 0 MB globals, 20 P
gc 10785 @18.514s 8%: 0.077+0.32+0.089 ms clock, 1.5+0.35/0.55/0.049+1.7 ms cpu, 4->5->2 MB, 5 MB goal, 0 MB stacks, 0 MB globals, 20 P
gc 10786 @18.515s 8%: 0.070+0.39+0.073 ms clock, 1.4+0.33/0.76/0.059+1.4 ms cpu, 4->4->2 MB, 4 MB goal, 0 MB stacks, 0 MB globals, 20 P
gc 10787 @18.516s 8%: 0.061+0.39+0.075 ms clock, 1.2+0.28/0.60/0+1.5 ms cpu, 4->5->2 MB, 5 MB goal, 0 MB stacks, 0 MB globals, 20 P
gc 10788 @18.518s 8%: 0.069+0.26+0.072 ms clock, 1.3+0.30/0.67/0.006+1.4 ms cpu, 4->5->2 MB, 5 MB goal, 0 MB stacks, 0 MB globals, 20 P
gc 10789 @18.519s 8%: 0.057+0.39+0.054 ms clock, 1.1+0.26/0.57/0.075+1.0 ms cpu, 3->4->2 MB, 4 MB goal, 0 MB stacks, 0 MB globals, 20 P
gc 10790 @18.520s 8%: 0.053+0.49+0.006 ms clock, 1.0+0.38/0.69/0.14+0.13 ms cpu, 4->5->2 MB, 4 MB goal, 0 MB stacks, 0 MB globals, 20 P
gc 10791 @18.522s 8%: 0.077+0.57+0.026 ms clock, 1.5+0.24/0.66/0.028+0.52 ms cpu, 4->5->2 MB, 5 MB goal, 0 MB stacks, 0 MB globals, 20 P
gc 10792 @18.523s 8%: 0.070+0.50+0.044 ms clock, 1.4+0.30/0.59/0.066+0.89 ms cpu, 4->5->2 MB, 5 MB goal, 0 MB stacks, 0 MB globals, 20 P
gc 10793 @18.525s 8%: 0.042+0.28+0.082 ms clock, 0.84+0.26/0.66/0.007+1.6 ms cpu, 4->5->2 MB, 5 MB goal, 0 MB stacks, 0 MB globals, 20 P
gc 10794 @18.526s 8%: 0.085+0.60+0.015 ms clock, 1.7+0.28/0.61/0.022+0.31 ms cpu, 4->5->2 MB, 4 MB goal, 0 MB stacks, 0 MB globals, 20 P
gc 10795 @18.528s 8%: 0.080+0.39+0.060 ms clock, 1.6+0.21/0.68/0.025+1.2 ms cpu, 4->5->2 MB, 5 MB goal, 0 MB stacks, 0 MB globals, 20 P
gc 10796 @18.529s 8%: 0.039+0.43+0.064 ms clock, 0.78+0.22/0.59/0.053+1.2 ms cpu, 3->4->2 MB, 4 MB goal, 0 MB stacks, 0 MB globals, 20 P
gc 10797 @18.530s 8%: 0.064+0.38+0.083 ms clock, 1.2+0.31/0.59/0.026+1.6 ms cpu, 4->4->2 MB, 4 MB goal, 0 MB stacks, 0 MB globals, 20 P
gc 10798 @18.532s 8%: 0.035+0.36+0.084 ms clock, 0.71+0.18/0.68/0.10+1.6 ms cpu, 4->5->2 MB, 5 MB goal, 0 MB stacks, 0 MB globals, 20 P
gc 10799 @18.533s 8%: 0.066+0.30+0.039 ms clock, 1.3+0.29/0.61/0.015+0.79 ms cpu, 4->4->2 MB, 4 MB goal, 0 MB stacks, 0 MB globals, 20 P
gc 10800 @18.534s 8%: 0.085+0.36+0.11 ms clock, 1.7+0.27/0.64/0+2.2 ms cpu, 4->4->2 MB, 4 MB goal, 0 MB stacks, 0 MB globals, 20 P
gc 10801 @18.535s 8%: 0.056+0.37+0.021 ms clock, 1.1+0.32/0.52/0.032+0.42 ms cpu, 4->5->2 MB, 4 MB goal, 0 MB stacks, 0 MB globals, 20 P
gc 10802 @18.536s 8%: 0.082+0.40+0.032 ms clock, 1.6+0.25/0.69/0+0.65 ms cpu, 4->5->2 MB, 5 MB goal, 0 MB stacks, 0 MB globals, 20 P
gc 10803 @18.538s 8%: 0.018+0.42+0.062 ms clock, 0.36+0.18/0.75/0+1.2 ms cpu, 4->5->2 MB, 5 MB goal, 0 MB stacks, 0 MB globals, 20 P
gc 10804 @18.539s 8%: 0.065+0.33+0.056 ms clock, 1.3+0.081/0.78/0+1.1 ms cpu, 4->5->2 MB, 5 MB goal, 0 MB stacks, 0 MB globals, 20 P
gc 10805 @18.541s 8%: 0.085+0.34+0.023 ms clock, 1.7+0.31/0.65/0.080+0.46 ms cpu, 4->5->2 MB, 5 MB goal, 0 MB stacks, 0 MB globals, 20 P
gc 10806 @18.542s 8%: 0.079+0.66+0.003 ms clock, 1.5+0.40/0.61/0.066+0.065 ms cpu, 4->5->2 MB, 4 MB goal, 0 MB stacks, 0 MB globals, 20 P
gc 10807 @18.543s 8%: 0.079+0.25+0.051 ms clock, 1.5+0.18/0.67/0.006+1.0 ms cpu, 4->5->2 MB, 5 MB goal, 0 MB stacks, 0 MB globals, 20 P
gc 10808 @18.544s 8%: 0.079+0.57+0.078 ms clock, 1.5+0.24/0.66/0+1.5 ms cpu, 3->5->2 MB, 4 MB goal, 0 MB stacks, 0 MB globals, 20 P
gc 10809 @18.546s 8%: 0.071+0.34+0.051 ms clock, 1.4+0.45/0.70/0.002+1.0 ms cpu, 4->5->2 MB, 5 MB goal, 0 MB stacks, 0 MB globals, 20 P
gc 10810 @18.547s 8%: 0.034+0.48+0.066 ms clock, 0.69+0.24/0.63/0.083+1.3 ms cpu, 4->5->2 MB, 5 MB goal, 0 MB stacks, 0 MB globals, 20 P
gc 10811 @18.549s 8%: 0.058+0.30+0.015 ms clock, 1.1+0.28/0.69/0.006+0.31 ms cpu, 4->4->2 MB, 5 MB goal, 0 MB stacks, 0 MB globals, 20 P
gc 10812 @18.550s 8%: 0.070+0.31+0.068 ms clock, 1.4+0.38/0.62/0+1.3 ms cpu, 3->4->2 MB, 4 MB goal, 0 MB stacks, 0 MB globals, 20 P
gc 10813 @18.551s 8%: 0.059+0.38+0.071 ms clock, 1.1+0.22/0.57/0.023+1.4 ms cpu, 4->4->2 MB, 4 MB goal, 0 MB stacks, 0 MB globals, 20 P
gc 10814 @18.552s 8%: 0.055+0.44+0.011 ms clock, 1.1+0.32/0.65/0.046+0.23 ms cpu, 4->5->2 MB, 5 MB goal, 0 MB stacks, 0 MB globals, 20 P
gc 10815 @18.553s 8%: 0.048+0.49+0.056 ms clock, 0.97+0.23/0.65/0+1.1 ms cpu, 4->5->2 MB, 5 MB goal, 0 MB stacks, 0 MB globals, 20 P
gc 10816 @18.555s 8%: 0.093+0.49+0.070 ms clock, 1.8+0.23/0.69/0.001+1.4 ms cpu, 4->5->2 MB, 5 MB goal, 0 MB stacks, 0 MB globals, 20 P
gc 10817 @18.556s 8%: 0.046+0.48+0.10 ms clock, 0.92+0.22/0.67/0.017+2.0 ms cpu, 4->5->2 MB, 5 MB goal, 0 MB stacks, 0 MB globals, 20 P
gc 10818 @18.558s 8%: 0.058+0.45+0.062 ms clock, 1.1+0.24/0.73/0.019+1.2 ms cpu, 4->5->2 MB, 5 MB goal, 0 MB stacks, 0 MB globals, 20 P
gc 10819 @18.559s 8%: 0.062+0.26+0.060 ms clock, 1.2+0.27/0.61/0.048+1.2 ms cpu, 4->5->2 MB, 5 MB goal, 0 MB stacks, 0 MB globals, 20 P
gc 10820 @18.561s 8%: 0.080+0.38+0.049 ms clock, 1.6+0.31/0.65/0.045+0.98 ms cpu, 3->4->2 MB, 4 MB goal, 0 MB stacks, 0 MB globals, 20 P
gc 10821 @18.562s 8%: 0.037+0.36+0.024 ms clock, 0.74+0.44/0.60/0.076+0.49 ms cpu, 4->4->2 MB, 4 MB goal, 0 MB stacks, 0 MB globals, 20 P
gc 10822 @18.563s 8%: 0.067+0.34+0.088 ms clock, 1.3+0.39/0.52/0.018+1.7 ms cpu, 3->4->2 MB, 4 MB goal, 0 MB stacks, 0 MB globals, 20 P
gc 10823 @18.564s 8%: 0.073+0.35+0.042 ms clock, 1.4+0.29/0.61/0.10+0.85 ms cpu, 3->4->2 MB, 4 MB goal, 0 MB stacks, 0 MB globals, 20 P
gc 10824 @18.565s 8%: 0.071+0.47+0.071 ms clock, 1.4+0.50/0.63/0.008+1.4 ms cpu, 4->5->2 MB, 4 MB goal, 0 MB stacks, 0 MB globals, 20 P
gc 10825 @18.567s 8%: 0.066+0.53+0.011 ms clock, 1.3+0.38/0.63/0.033+0.22 ms cpu, 4->5->2 MB, 5 MB goal, 0 MB stacks, 0 MB globals, 20 P
gc 10826 @18.568s 8%: 0.067+0.29+0.027 ms clock, 1.3+0.31/0.61/0.025+0.54 ms cpu, 4->5->2 MB, 5 MB goal, 0 MB stacks, 0 MB globals, 20 P
gc 10827 @18.570s 8%: 0.047+0.39+0.075 ms clock, 0.94+0.30/0.61/0.044+1.5 ms cpu, 3->4->2 MB, 4 MB goal, 0 MB stacks, 0 MB globals, 20 P
gc 10828 @18.571s 8%: 0.063+0.38+0.052 ms clock, 1.2+0.33/0.68/0.15+1.0 ms cpu, 4->5->2 MB, 5 MB goal, 0 MB stacks, 0 MB globals, 20 P
gc 10829 @18.572s 8%: 0.040+0.39+0.054 ms clock, 0.80+0.30/0.66/0.040+1.0 ms cpu, 4->4->2 MB, 4 MB goal, 0 MB stacks, 0 MB globals, 20 P
gc 10830 @18.574s 8%: 0.076+0.47+0.086 ms clock, 1.5+0.44/0.74/0+1.7 ms cpu, 4->5->2 MB, 4 MB goal, 0 MB stacks, 0 MB globals, 20 P
gc 10831 @18.575s 8%: 0.040+0.36+0.092 ms clock, 0.80+0.25/0.62/0.10+1.8 ms cpu, 4->5->2 MB, 5 MB goal, 0 MB stacks, 0 MB globals, 20 P
gc 10832 @18.576s 8%: 0.045+0.56+0.066 ms clock, 0.91+0.31/0.59/0.049+1.3 ms cpu, 4->5->2 MB, 5 MB goal, 0 MB stacks, 0 MB globals, 20 P
gc 10833 @18.578s 8%: 0.037+0.37+0.11 ms clock, 0.74+0.36/0.70/0.11+2.2 ms cpu, 4->5->2 MB, 5 MB goal, 0 MB stacks, 0 MB globals, 20 P
gc 10834 @18.579s 8%: 0.10+0.37+0.082 ms clock, 2.0+0.66/0.87/0.003+1.6 ms cpu, 4->5->2 MB, 5 MB goal, 0 MB stacks, 0 MB globals, 20 P
gc 10835 @18.580s 8%: 0.024+0.35+0.054 ms clock, 0.49+0.19/0.55/0.12+1.0 ms cpu, 4->4->2 MB, 4 MB goal, 0 MB stacks, 0 MB globals, 20 P
gc 10836 @18.581s 8%: 0.075+0.41+0.047 ms clock, 1.5+0.26/0.66/0.033+0.95 ms cpu, 3->4->2 MB, 4 MB goal, 0 MB stacks, 0 MB globals, 20 P
gc 10837 @18.583s 8%: 0.066+0.41+0.067 ms clock, 1.3+0.44/0.65/0+1.3 ms cpu, 4->5->2 MB, 5 MB goal, 0 MB stacks, 0 MB globals, 20 P
gc 10838 @18.584s 8%: 0.028+0.36+0.065 ms clock, 0.57+0.20/0.67/0+1.3 ms cpu, 4->5->2 MB, 5 MB goal, 0 MB stacks, 0 MB globals, 20 P
gc 10839 @18.585s 8%: 0.057+0.27+0.075 ms clock, 1.1+0.33/0.59/0.001+1.5 ms cpu, 4->4->2 MB, 5 MB goal, 0 MB stacks, 0 MB globals, 20 P
gc 10840 @18.586s 8%: 0.060+0.36+0.018 ms clock, 1.2+0.26/0.57/0.027+0.36 ms cpu, 4->4->2 MB, 4 MB goal, 0 MB stacks, 0 MB globals, 20 P
gc 10841 @18.587s 8%: 0.025+0.43+0.035 ms clock, 0.51+0.37/0.55/0.084+0.70 ms cpu, 4->5->2 MB, 5 MB goal, 0 MB stacks, 0 MB globals, 20 P
gc 10842 @18.589s 8%: 0.063+0.39+0.070 ms clock, 1.2+0.28/0.61/0.032+1.4 ms cpu, 4->5->2 MB, 5 MB goal, 0 MB stacks, 0 MB globals, 20 P
gc 10843 @18.590s 8%: 0.064+0.28+0.062 ms clock, 1.2+0.27/0.63/0.015+1.2 ms cpu, 4->5->2 MB, 5 MB goal, 0 MB stacks, 0 MB globals, 20 P
gc 10844 @18.591s 8%: 0.082+0.39+0.067 ms clock, 1.6+0.18/0.80/0+1.3 ms cpu, 4->4->2 MB, 4 MB goal, 0 MB stacks, 0 MB globals, 20 P
gc 10845 @18.592s 8%: 0.082+0.68+0.062 ms clock, 1.6+0.48/0.56/0.013+1.2 ms cpu, 4->5->2 MB, 5 MB goal, 0 MB stacks, 0 MB globals, 20 P
gc 10846 @18.594s 8%: 0.073+0.43+0.069 ms clock, 1.4+0.25/0.76/0.012+1.3 ms cpu, 5->6->2 MB, 6 MB goal, 0 MB stacks, 0 MB globals, 20 P
gc 10847 @18.595s 8%: 0.081+0.33+0.050 ms clock, 1.6+0.36/0.67/0+1.0 ms cpu, 4->5->2 MB, 5 MB goal, 0 MB stacks, 0 MB globals, 20 P
gc 10848 @18.597s 8%: 0.081+0.54+0.050 ms clock, 1.6+0.24/0.55/0+1.0 ms cpu, 4->5->2 MB, 5 MB goal, 0 MB stacks, 0 MB globals, 20 P
gc 10849 @18.598s 8%: 0.086+0.53+0.077 ms clock, 1.7+0.30/0.55/0+1.5 ms cpu, 4->5->2 MB, 5 MB goal, 0 MB stacks, 0 MB globals, 20 P
gc 10850 @18.600s 8%: 0.087+0.33+0.069 ms clock, 1.7+0.40/0.65/0+1.3 ms cpu, 4->5->2 MB, 5 MB goal, 0 MB stacks, 0 MB globals, 20 P
gc 10851 @18.601s 8%: 0.085+0.29+0.023 ms clock, 1.7+0.29/0.71/0.010+0.47 ms cpu, 4->5->2 MB, 5 MB goal, 0 MB stacks, 0 MB globals, 20 P
gc 10852 @18.602s 8%: 0.085+0.37+0.026 ms clock, 1.7+0.37/0.60/0+0.53 ms cpu, 4->5->2 MB, 4 MB goal, 0 MB stacks, 0 MB globals, 20 P
gc 10853 @18.604s 8%: 0.081+0.48+0.013 ms clock, 1.6+0.28/0.64/0.043+0.26 ms cpu, 4->5->2 MB, 5 MB goal, 0 MB stacks, 0 MB globals, 20 P
gc 10854 @18.606s 8%: 0.046+0.36+0.069 ms clock, 0.93+0.33/0.65/0.032+1.3 ms cpu, 4->5->2 MB, 5 MB goal, 0 MB stacks, 0 MB globals, 20 P
gc 10855 @18.607s 8%: 0.069+0.32+0.069 ms clock, 1.3+0.20/0.62/0+1.3 ms cpu, 4->4->2 MB, 5 MB goal, 0 MB stacks, 0 MB globals, 20 P
gc 10856 @18.609s 8%: 0.035+0.39+0.047 ms clock, 0.70+0.30/0.64/0.034+0.95 ms cpu, 4->4->2 MB, 4 MB goal, 0 MB stacks, 0 MB globals, 20 P
gc 10857 @18.610s 8%: 0.052+0.42+0.072 ms clock, 1.0+0.27/0.63/0.10+1.4 ms cpu, 4->5->2 MB, 4 MB goal, 0 MB stacks, 0 MB globals, 20 P
gc 10858 @18.611s 8%: 0.065+0.32+0.036 ms clock, 1.3+0.22/0.62/0.020+0.72 ms cpu, 4->5->2 MB, 5 MB goal, 0 MB stacks, 0 MB globals, 20 P
gc 10859 @18.613s 8%: 0.061+0.46+0.029 ms clock, 1.2+0.24/0.57/0.007+0.59 ms cpu, 4->5->2 MB, 4 MB goal, 0 MB stacks, 0 MB globals, 20 P
gc 10860 @18.614s 8%: 0.067+0.52+0.048 ms clock, 1.3+0.10/0.67/0+0.96 ms cpu, 4->5->2 MB, 5 MB goal, 0 MB stacks, 0 MB globals, 20 P
gc 10861 @18.616s 8%: 0.047+0.35+0.079 ms clock, 0.95+0.33/0.57/0.066+1.5 ms cpu, 4->5->2 MB, 5 MB goal, 0 MB stacks, 0 MB globals, 20 P
2026/03/17 14:45:38 derp: 10.50.0.1:60018: client [+NDc5]: readFrameHeader: read tcp 10.50.0.2:3340->10.50.0.1:60018: read: connection reset by peer
