2026/03/15 10:59:31 no config path specified; using /var/lib/derper/derper.key
2026/03/15 10:59:31 STUN server listening on [::]:3478
2026/03/15 10:59:31 No mesh key configured
2026/03/15 10:59:31 derper: serving on :3340 with TLS
2026/03/15 10:59:35 http: TLS handshake error from 10.20.0.20:56496: unexpected EOF
gc 1 @4.103s 0%: 0.45+0.81+0.034 ms clock, 7.3+0.61/1.3/0+0.55 ms cpu, 3->4->1 MB, 4 MB goal, 0 MB stacks, 0 MB globals, 16 P
gc 2 @4.105s 0%: 0.20+0.72+0.17 ms clock, 3.2+0.96/1.1/0+2.8 ms cpu, 3->4->2 MB, 4 MB goal, 0 MB stacks, 0 MB globals, 16 P
gc 3 @4.106s 0%: 0.21+2.2+0.35 ms clock, 3.3+0.87/0.96/0+5.6 ms cpu, 4->5->2 MB, 5 MB goal, 0 MB stacks, 0 MB globals, 16 P
gc 4 @4.110s 0%: 0.14+0.68+0.25 ms clock, 2.3+0.73/0.89/0.061+4.1 ms cpu, 4->5->2 MB, 5 MB goal, 0 MB stacks, 0 MB globals, 16 P
gc 5 @4.112s 0%: 0.18+0.56+0.15 ms clock, 2.9+0.57/0.95/0+2.4 ms cpu, 4->5->2 MB, 5 MB goal, 0 MB stacks, 0 MB globals, 16 P
gc 6 @4.113s 0%: 0.18+0.68+0.20 ms clock, 2.9+0.88/0.91/0+3.2 ms cpu, 4->5->2 MB, 4 MB goal, 0 MB stacks, 0 MB globals, 16 P
gc 7 @4.115s 0%: 0.20+0.55+0.17 ms clock, 3.2+0.67/0.82/0+2.8 ms cpu, 4->4->2 MB, 5 MB goal, 0 MB stacks, 0 MB globals, 16 P
gc 8 @4.117s 0%: 0.21+0.75+0.14 ms clock, 3.4+0.74/0.94/0+2.2 ms cpu, 4->5->2 MB, 4 MB goal, 0 MB stacks, 0 MB globals, 16 P
gc 9 @4.118s 0%: 0.20+0.71+0.19 ms clock, 3.2+0.83/1.0/0+3.0 ms cpu, 4->5->2 MB, 5 MB goal, 0 MB stacks, 0 MB globals, 16 P
gc 10 @4.120s 0%: 0.23+0.61+0.23 ms clock, 3.8+0.60/0.95/0+3.6 ms cpu, 4->5->2 MB, 5 MB goal, 0 MB stacks, 0 MB globals, 16 P
gc 11 @4.122s 0%: 0.14+0.51+0.10 ms clock, 2.3+0.58/0.90/0.012+1.6 ms cpu, 4->5->2 MB, 5 MB goal, 0 MB stacks, 0 MB globals, 16 P
gc 12 @4.123s 0%: 0.16+0.54+0.17 ms clock, 2.7+0.55/0.84/0+2.8 ms cpu, 3->4->2 MB, 4 MB goal, 0 MB stacks, 0 MB globals, 16 P
gc 13 @4.125s 0%: 0.14+0.66+0.092 ms clock, 2.3+0.66/0.98/0+1.4 ms cpu, 4->5->2 MB, 4 MB goal, 0 MB stacks, 0 MB globals, 16 P
gc 14 @4.127s 0%: 0.20+0.67+0.098 ms clock, 3.2+0.61/1.0/0.008+1.5 ms cpu, 4->4->2 MB, 4 MB goal, 0 MB stacks, 0 MB globals, 16 P
gc 15 @4.129s 0%: 0.26+0.52+0.12 ms clock, 4.2+0.81/0.86/0+1.9 ms cpu, 4->4->2 MB, 4 MB goal, 0 MB stacks, 0 MB globals, 16 P
gc 16 @4.131s 0%: 0.11+0.77+0.17 ms clock, 1.8+0.57/0.97/0+2.8 ms cpu, 4->4->2 MB, 4 MB goal, 0 MB stacks, 0 MB globals, 16 P
gc 17 @4.132s 0%: 0.13+0.48+0.13 ms clock, 2.0+0.64/0.92/0.006+2.1 ms cpu, 4->4->2 MB, 4 MB goal, 0 MB stacks, 0 MB globals, 16 P
gc 18 @4.134s 0%: 0.18+0.90+0.10 ms clock, 2.9+0.69/0.94/0.007+1.6 ms cpu, 3->4->2 MB, 4 MB goal, 0 MB stacks, 0 MB globals, 16 P
gc 19 @4.136s 0%: 0.18+0.55+0.14 ms clock, 2.8+0.62/0.99/0.005+2.3 ms cpu, 4->5->2 MB, 5 MB goal, 0 MB stacks, 0 MB globals, 16 P
gc 20 @4.138s 0%: 0.17+0.50+0.094 ms clock, 2.7+0.53/0.90/0+1.5 ms cpu, 3->4->2 MB, 4 MB goal, 0 MB stacks, 0 MB globals, 16 P
gc 21 @4.140s 0%: 0.10+0.58+0.12 ms clock, 1.6+0.66/0.83/0.012+1.9 ms cpu, 3->4->2 MB, 4 MB goal, 0 MB stacks, 0 MB globals, 16 P
gc 22 @4.141s 0%: 0.13+0.49+0.12 ms clock, 2.1+0.61/0.84/0+1.9 ms cpu, 3->4->1 MB, 4 MB goal, 0 MB stacks, 0 MB globals, 16 P
gc 23 @4.143s 0%: 0.11+0.54+0.13 ms clock, 1.7+0.52/0.94/0.003+2.1 ms cpu, 3->4->2 MB, 4 MB goal, 0 MB stacks, 0 MB globals, 16 P
gc 24 @4.144s 0%: 0.10+0.65+0.091 ms clock, 1.6+0.50/0.96/0+1.4 ms cpu, 3->4->2 MB, 4 MB goal, 0 MB stacks, 0 MB globals, 16 P
gc 25 @4.146s 0%: 0.23+0.89+0.12 ms clock, 3.7+0.79/1.1/0+2.0 ms cpu, 3->5->2 MB, 4 MB goal, 0 MB stacks, 0 MB globals, 16 P
gc 26 @4.148s 0%: 0.11+0.55+0.094 ms clock, 1.9+0.57/0.89/0+1.5 ms cpu, 4->5->2 MB, 5 MB goal, 0 MB stacks, 0 MB globals, 16 P
gc 27 @4.150s 0%: 0.16+0.57+0.12 ms clock, 2.6+0.85/0.91/0+2.0 ms cpu, 3->4->2 MB, 4 MB goal, 0 MB stacks, 0 MB globals, 16 P
gc 28 @4.152s 0%: 0.12+0.65+0.067 ms clock, 1.9+0.51/1.0/0.010+1.0 ms cpu, 3->4->2 MB, 4 MB goal, 0 MB stacks, 0 MB globals, 16 P
gc 29 @4.153s 0%: 0.13+0.66+0.21 ms clock, 2.1+0.78/0.94/0.016+3.4 ms cpu, 3->4->2 MB, 4 MB goal, 0 MB stacks, 0 MB globals, 16 P
gc 30 @4.155s 0%: 0.18+0.71+0.075 ms clock, 2.9+0.72/0.92/0+1.2 ms cpu, 4->5->2 MB, 4 MB goal, 0 MB stacks, 0 MB globals, 16 P
gc 31 @4.157s 0%: 0.19+0.53+0.15 ms clock, 3.0+0.63/0.90/0+2.5 ms cpu, 4->5->2 MB, 5 MB goal, 0 MB stacks, 0 MB globals, 16 P
gc 32 @4.159s 0%: 0.11+0.57+0.11 ms clock, 1.7+0.52/0.98/0+1.7 ms cpu, 4->4->2 MB, 4 MB goal, 0 MB stacks, 0 MB globals, 16 P
gc 33 @4.160s 0%: 0.15+0.62+0.070 ms clock, 2.5+0.64/0.89/0+1.1 ms cpu, 3->4->2 MB, 4 MB goal, 0 MB stacks, 0 MB globals, 16 P
gc 34 @4.162s 0%: 0.15+0.61+0.11 ms clock, 2.4+0.69/1.0/0+1.9 ms cpu, 3->4->2 MB, 4 MB goal, 0 MB stacks, 0 MB globals, 16 P
gc 35 @4.164s 0%: 0.15+0.53+0.16 ms clock, 2.5+0.69/0.79/0.068+2.6 ms cpu, 4->4->1 MB, 4 MB goal, 0 MB stacks, 0 MB globals, 16 P
gc 36 @4.165s 0%: 0.17+0.94+0.086 ms clock, 2.8+0.60/0.95/0+1.3 ms cpu, 3->4->2 MB, 4 MB goal, 0 MB stacks, 0 MB globals, 16 P
gc 37 @4.168s 0%: 0.11+0.68+0.063 ms clock, 1.8+0.91/0.85/0+1.0 ms cpu, 4->5->2 MB, 5 MB goal, 0 MB stacks, 0 MB globals, 16 P
gc 38 @4.169s 0%: 0.11+0.67+0.096 ms clock, 1.7+0.74/0.98/0.010+1.5 ms cpu, 4->4->2 MB, 4 MB goal, 0 MB stacks, 0 MB globals, 16 P
gc 39 @4.171s 0%: 0.13+0.49+0.13 ms clock, 2.1+0.72/0.92/0.015+2.1 ms cpu, 4->4->2 MB, 4 MB goal, 0 MB stacks, 0 MB globals, 16 P
gc 40 @4.173s 0%: 0.13+0.77+0.074 ms clock, 2.1+0.55/0.87/0.006+1.1 ms cpu, 3->4->2 MB, 4 MB goal, 0 MB stacks, 0 MB globals, 16 P
gc 41 @4.175s 0%: 0.19+0.67+0.093 ms clock, 3.0+0.63/1.0/0.014+1.4 ms cpu, 4->5->2 MB, 5 MB goal, 0 MB stacks, 0 MB globals, 16 P
gc 42 @4.177s 0%: 0.14+0.68+0.12 ms clock, 2.2+0.58/1.0/0.024+1.9 ms cpu, 4->5->2 MB, 5 MB goal, 0 MB stacks, 0 MB globals, 16 P
gc 43 @4.179s 0%: 0.18+0.58+0.098 ms clock, 2.9+0.58/0.98/0+1.5 ms cpu, 4->5->2 MB, 4 MB goal, 0 MB stacks, 0 MB globals, 16 P
gc 44 @4.180s 0%: 0.11+0.66+0.17 ms clock, 1.8+0.86/1.1/0.003+2.8 ms cpu, 4->4->2 MB, 4 MB goal, 0 MB stacks, 0 MB globals, 16 P
gc 45 @4.182s 0%: 0.12+0.75+0.10 ms clock, 2.0+0.70/0.85/0.017+1.6 ms cpu, 4->5->2 MB, 4 MB goal, 0 MB stacks, 0 MB globals, 16 P
gc 46 @4.184s 0%: 0.10+0.64+0.11 ms clock, 1.6+0.59/0.87/0.056+1.7 ms cpu, 4->5->2 MB, 5 MB goal, 0 MB stacks, 0 MB globals, 16 P
gc 47 @4.186s 0%: 0.14+0.73+0.081 ms clock, 2.3+0.61/1.0/0.029+1.3 ms cpu, 4->5->2 MB, 4 MB goal, 0 MB stacks, 0 MB globals, 16 P
gc 48 @4.188s 0%: 0.15+0.73+0.089 ms clock, 2.5+0.45/1.0/0.023+1.4 ms cpu, 4->5->2 MB, 5 MB goal, 0 MB stacks, 0 MB globals, 16 P
gc 49 @4.190s 0%: 0.16+0.66+0.11 ms clock, 2.6+0.60/0.87/0+1.8 ms cpu, 4->5->2 MB, 4 MB goal, 0 MB stacks, 0 MB globals, 16 P
gc 50 @4.192s 0%: 0.17+0.68+0.062 ms clock, 2.8+0.69/0.99/0+0.99 ms cpu, 4->5->2 MB, 5 MB goal, 0 MB stacks, 0 MB globals, 16 P
gc 51 @4.194s 0%: 0.11+0.58+0.099 ms clock, 1.7+0.46/1.0/0+1.5 ms cpu, 4->5->2 MB, 5 MB goal, 0 MB stacks, 0 MB globals, 16 P
gc 52 @4.196s 0%: 0.13+0.65+0.10 ms clock, 2.1+0.76/0.89/0+1.7 ms cpu, 4->4->2 MB, 4 MB goal, 0 MB stacks, 0 MB globals, 16 P
gc 53 @4.198s 0%: 0.10+0.63+0.11 ms clock, 1.6+0.73/0.97/0+1.7 ms cpu, 3->4->2 MB, 4 MB goal, 0 MB stacks, 0 MB globals, 16 P
gc 54 @4.199s 0%: 0.12+0.63+0.12 ms clock, 1.9+0.70/0.79/0+1.9 ms cpu, 4->4->2 MB, 4 MB goal, 0 MB stacks, 0 MB globals, 16 P
gc 55 @4.201s 0%: 0.11+0.54+0.077 ms clock, 1.8+0.59/0.90/0+1.2 ms cpu, 3->4->2 MB, 4 MB goal, 0 MB stacks, 0 MB globals, 16 P
gc 56 @4.202s 0%: 0.10+0.55+0.11 ms clock, 1.6+0.48/0.94/0+1.8 ms cpu, 3->4->2 MB, 4 MB goal, 0 MB stacks, 0 MB globals, 16 P
gc 57 @4.204s 0%: 0.14+0.73+0.082 ms clock, 2.2+0.68/0.88/0.013+1.3 ms cpu, 3->4->2 MB, 4 MB goal, 0 MB stacks, 0 MB globals, 16 P
gc 58 @4.206s 0%: 0.14+0.56+0.13 ms clock, 2.2+0.80/0.83/0+2.1 ms cpu, 4->4->2 MB, 5 MB goal, 0 MB stacks, 0 MB globals, 16 P
gc 59 @4.208s 0%: 0.14+0.46+0.18 ms clock, 2.3+0.63/0.69/0.12+2.9 ms cpu, 4->4->1 MB, 4 MB goal, 0 MB stacks, 0 MB globals, 16 P
gc 60 @4.209s 0%: 0.18+0.87+0.10 ms clock, 2.8+0.65/0.89/0+1.6 ms cpu, 3->4->2 MB, 4 MB goal, 0 MB stacks, 0 MB globals, 16 P
gc 61 @4.211s 0%: 0.12+0.59+0.18 ms clock, 1.9+0.92/0.98/0+2.9 ms cpu, 4->5->2 MB, 5 MB goal, 0 MB stacks, 0 MB globals, 16 P
gc 62 @4.213s 0%: 0.17+0.50+0.19 ms clock, 2.8+0.62/0.85/0+3.1 ms cpu, 3->4->2 MB, 4 MB goal, 0 MB stacks, 0 MB globals, 16 P
gc 63 @4.215s 0%: 0.11+0.69+0.10 ms clock, 1.9+0.54/1.1/0.032+1.6 ms cpu, 3->4->2 MB, 4 MB goal, 0 MB stacks, 0 MB globals, 16 P
gc 64 @4.217s 0%: 0.12+0.61+0.19 ms clock, 1.9+0.75/0.93/0+3.0 ms cpu, 4->5->2 MB, 5 MB goal, 0 MB stacks, 0 MB globals, 16 P
gc 65 @4.218s 0%: 0.12+0.67+0.088 ms clock, 2.0+0.59/0.98/0.10+1.4 ms cpu, 4->5->2 MB, 4 MB goal, 0 MB stacks, 0 MB globals, 16 P
gc 66 @4.220s 0%: 0.16+0.77+0.13 ms clock, 2.5+0.61/0.93/0+2.0 ms cpu, 4->5->2 MB, 4 MB goal, 0 MB stacks, 0 MB globals, 16 P
gc 67 @4.222s 0%: 0.11+0.52+0.17 ms clock, 1.8+0.62/0.98/0+2.8 ms cpu, 4->5->2 MB, 5 MB goal, 0 MB stacks, 0 MB globals, 16 P
gc 68 @4.224s 0%: 0.13+0.67+0.085 ms clock, 2.1+0.56/1.1/0.001+1.3 ms cpu, 3->4->2 MB, 4 MB goal, 0 MB stacks, 0 MB globals, 16 P
gc 69 @4.226s 0%: 0.11+0.57+0.14 ms clock, 1.8+0.66/0.90/0+2.3 ms cpu, 4->4->2 MB, 4 MB goal, 0 MB stacks, 0 MB globals, 16 P
gc 70 @4.227s 0%: 0.23+0.63+0.085 ms clock, 3.7+0.61/0.85/0+1.3 ms cpu, 3->4->2 MB, 4 MB goal, 0 MB stacks, 0 MB globals, 16 P
gc 71 @4.229s 0%: 0.13+0.69+0.15 ms clock, 2.1+0.47/1.0/0+2.4 ms cpu, 3->4->2 MB, 4 MB goal, 0 MB stacks, 0 MB globals, 16 P
gc 72 @4.231s 0%: 0.14+0.62+0.19 ms clock, 2.3+0.77/1.0/0.003+3.1 ms cpu, 4->5->2 MB, 5 MB goal, 0 MB stacks, 0 MB globals, 16 P
gc 73 @4.233s 0%: 0.13+0.62+0.10 ms clock, 2.1+0.79/0.90/0.025+1.6 ms cpu, 4->5->2 MB, 4 MB goal, 0 MB stacks, 0 MB globals, 16 P
gc 74 @4.235s 0%: 0.12+0.62+0.18 ms clock, 1.9+0.47/1.1/0+2.9 ms cpu, 4->5->2 MB, 5 MB goal, 0 MB stacks, 0 MB globals, 16 P
gc 75 @4.236s 0%: 0.15+0.48+0.17 ms clock, 2.4+0.79/0.86/0+2.7 ms cpu, 4->4->2 MB, 4 MB goal, 0 MB stacks, 0 MB globals, 16 P
gc 76 @4.238s 0%: 0.26+0.48+0.16 ms clock, 4.2+0.59/0.86/0.047+2.7 ms cpu, 3->4->2 MB, 4 MB goal, 0 MB stacks, 0 MB globals, 16 P
gc 77 @4.240s 0%: 0.13+0.46+0.18 ms clock, 2.1+0.62/0.89/0.033+2.9 ms cpu, 3->4->2 MB, 4 MB goal, 0 MB stacks, 0 MB globals, 16 P
gc 78 @4.241s 0%: 0.16+0.91+0.061 ms clock, 2.6+0.68/1.0/0+0.98 ms cpu, 3->4->2 MB, 4 MB goal, 0 MB stacks, 0 MB globals, 16 P
gc 79 @4.243s 0%: 0.15+0.70+0.090 ms clock, 2.4+0.63/1.0/0.002+1.4 ms cpu, 4->5->2 MB, 5 MB goal, 0 MB stacks, 0 MB globals, 16 P
gc 80 @4.245s 0%: 0.13+0.64+0.16 ms clock, 2.1+0.73/0.96/0+2.5 ms cpu, 4->4->2 MB, 4 MB goal, 0 MB stacks, 0 MB globals, 16 P
gc 81 @4.247s 0%: 0.17+0.76+0.10 ms clock, 2.8+0.66/1.0/0+1.6 ms cpu, 4->5->2 MB, 4 MB goal, 0 MB stacks, 0 MB globals, 16 P
gc 82 @4.249s 0%: 0.11+0.63+0.14 ms clock, 1.8+0.66/0.93/0.027+2.2 ms cpu, 4->5->2 MB, 5 MB goal, 0 MB stacks, 0 MB globals, 16 P
gc 83 @4.251s 0%: 0.19+0.62+0.087 ms clock, 3.1+0.59/0.91/0+1.4 ms cpu, 3->4->2 MB, 4 MB goal, 0 MB stacks, 0 MB globals, 16 P
gc 84 @4.253s 0%: 0.23+0.55+0.15 ms clock, 3.7+0.68/0.89/0+2.4 ms cpu, 4->4->2 MB, 4 MB goal, 0 MB stacks, 0 MB globals, 16 P
gc 85 @4.255s 0%: 0.13+0.90+0.10 ms clock, 2.1+0.65/0.86/0+1.7 ms cpu, 4->5->2 MB, 4 MB goal, 0 MB stacks, 0 MB globals, 16 P
gc 86 @4.257s 0%: 0.11+0.58+0.096 ms clock, 1.8+0.64/1.0/0+1.5 ms cpu, 4->5->2 MB, 5 MB goal, 0 MB stacks, 0 MB globals, 16 P
gc 87 @4.258s 0%: 0.14+0.54+0.15 ms clock, 2.3+0.65/0.89/0+2.4 ms cpu, 4->4->2 MB, 4 MB goal, 0 MB stacks, 0 MB globals, 16 P
gc 88 @4.260s 0%: 0.084+0.65+0.12 ms clock, 1.3+0.69/1.0/0.005+2.0 ms cpu, 4->5->2 MB, 4 MB goal, 0 MB stacks, 0 MB globals, 16 P
gc 89 @4.262s 0%: 0.12+0.76+0.14 ms clock, 2.0+0.59/0.94/0+2.2 ms cpu, 4->5->2 MB, 4 MB goal, 0 MB stacks, 0 MB globals, 16 P
gc 90 @4.264s 0%: 0.10+0.70+0.11 ms clock, 1.7+0.60/1.1/0.072+1.8 ms cpu, 4->5->2 MB, 4 MB goal, 0 MB stacks, 0 MB globals, 16 P
gc 91 @4.266s 0%: 0.11+0.62+0.086 ms clock, 1.8+0.61/1.0/0.013+1.3 ms cpu, 4->5->2 MB, 5 MB goal, 0 MB stacks, 0 MB globals, 16 P
gc 92 @4.268s 0%: 0.13+0.55+0.20 ms clock, 2.2+0.59/1.0/0+3.2 ms cpu, 4->4->2 MB, 4 MB goal, 0 MB stacks, 0 MB globals, 16 P
gc 93 @4.269s 0%: 0.13+0.73+0.092 ms clock, 2.0+0.51/1.1/0+1.4 ms cpu, 3->4->2 MB, 4 MB goal, 0 MB stacks, 0 MB globals, 16 P
gc 94 @4.271s 0%: 0.12+0.62+0.083 ms clock, 1.9+0.52/1.0/0.002+1.3 ms cpu, 4->5->2 MB, 5 MB goal, 0 MB stacks, 0 MB globals, 16 P
gc 95 @4.273s 0%: 0.14+0.60+0.091 ms clock, 2.3+0.62/0.92/0+1.4 ms cpu, 4->4->2 MB, 4 MB goal, 0 MB stacks, 0 MB globals, 16 P
gc 96 @4.275s 0%: 0.10+0.59+0.10 ms clock, 1.6+0.57/0.96/0+1.6 ms cpu, 4->4->2 MB, 4 MB goal, 0 MB stacks, 0 MB globals, 16 P
gc 97 @4.276s 0%: 0.11+0.62+0.12 ms clock, 1.7+0.82/0.87/0+1.9 ms cpu, 3->4->2 MB, 4 MB goal, 0 MB stacks, 0 MB globals, 16 P
gc 98 @4.278s 0%: 0.21+0.69+0.12 ms clock, 3.3+0.63/0.89/0+1.9 ms cpu, 4->5->2 MB, 4 MB goal, 0 MB stacks, 0 MB globals, 16 P
gc 99 @4.280s 0%: 0.14+0.73+0.12 ms clock, 2.3+0.71/1.0/0+2.0 ms cpu, 4->5->2 MB, 5 MB goal, 0 MB stacks, 0 MB globals, 16 P
gc 100 @4.282s 0%: 0.11+0.72+0.065 ms clock, 1.9+0.69/0.82/0+1.0 ms cpu, 4->5->2 MB, 5 MB goal, 0 MB stacks, 0 MB globals, 16 P
gc 101 @4.284s 0%: 0.13+0.53+0.13 ms clock, 2.2+0.68/0.93/0+2.1 ms cpu, 4->4->2 MB, 4 MB goal, 0 MB stacks, 0 MB globals, 16 P
gc 102 @4.286s 0%: 0.14+0.69+0.11 ms clock, 2.3+0.76/0.88/0.003+1.7 ms cpu, 3->4->2 MB, 4 MB goal, 0 MB stacks, 0 MB globals, 16 P
gc 103 @4.287s 0%: 0.14+0.68+0.16 ms clock, 2.2+0.45/1.1/0+2.5 ms cpu, 4->5->2 MB, 4 MB goal, 0 MB stacks, 0 MB globals, 16 P
gc 104 @4.290s 0%: 0.19+0.44+0.18 ms clock, 3.1+0.83/0.88/0+3.0 ms cpu, 4->5->2 MB, 5 MB goal, 0 MB stacks, 0 MB globals, 16 P
gc 105 @4.291s 0%: 0.15+0.67+0.16 ms clock, 2.5+0.49/0.93/0+2.6 ms cpu, 3->4->2 MB, 4 MB goal, 0 MB stacks, 0 MB globals, 16 P
gc 106 @4.293s 0%: 0.12+0.60+0.16 ms clock, 1.9+0.54/1.0/0+2.7 ms cpu, 4->4->2 MB, 4 MB goal, 0 MB stacks, 0 MB globals, 16 P
gc 107 @4.294s 0%: 0.15+0.47+0.19 ms clock, 2.5+0.61/0.80/0.062+3.1 ms cpu, 3->4->2 MB, 4 MB goal, 0 MB stacks, 0 MB globals, 16 P
gc 108 @4.296s 0%: 0.13+0.67+0.077 ms clock, 2.1+0.72/1.3/0+1.2 ms cpu, 3->4->2 MB, 4 MB goal, 0 MB stacks, 0 MB globals, 16 P
gc 109 @4.298s 0%: 0.12+0.71+0.12 ms clock, 1.9+0.68/0.99/0+1.9 ms cpu, 4->5->2 MB, 5 MB goal, 0 MB stacks, 0 MB globals, 16 P
gc 110 @4.300s 0%: 0.14+0.81+0.11 ms clock, 2.3+0.62/0.94/0.001+1.7 ms cpu, 4->5->2 MB, 5 MB goal, 0 MB stacks, 0 MB globals, 16 P
gc 111 @4.302s 0%: 0.12+0.87+0.12 ms clock, 1.9+0.77/1.1/0+1.9 ms cpu, 4->5->2 MB, 5 MB goal, 0 MB stacks, 0 MB globals, 16 P
gc 112 @4.304s 0%: 0.068+0.60+0.080 ms clock, 1.0+0.50/0.96/0+1.2 ms cpu, 4->5->2 MB, 5 MB goal, 0 MB stacks, 0 MB globals, 16 P
gc 113 @4.306s 0%: 0.14+0.62+0.17 ms clock, 2.2+0.65/0.88/0.030+2.8 ms cpu, 3->4->2 MB, 4 MB goal, 0 MB stacks, 0 MB globals, 16 P
gc 114 @4.307s 0%: 0.18+0.65+0.11 ms clock, 3.0+0.63/0.99/0.003+1.8 ms cpu, 3->4->2 MB, 4 MB goal, 0 MB stacks, 0 MB globals, 16 P
gc 115 @4.310s 0%: 0.12+0.70+0.099 ms clock, 1.9+0.64/1.0/0+1.5 ms cpu, 4->5->2 MB, 5 MB goal, 0 MB stacks, 0 MB globals, 16 P
gc 116 @4.311s 0%: 0.15+0.62+0.14 ms clock, 2.4+0.68/0.92/0+2.3 ms cpu, 4->5->2 MB, 4 MB goal, 0 MB stacks, 0 MB globals, 16 P
gc 117 @4.313s 0%: 0.13+0.59+0.11 ms clock, 2.1+0.70/0.94/0+1.9 ms cpu, 4->4->2 MB, 4 MB goal, 0 MB stacks, 0 MB globals, 16 P
gc 118 @4.315s 0%: 0.10+0.88+0.082 ms clock, 1.7+0.72/1.0/0.046+1.3 ms cpu, 4->5->2 MB, 4 MB goal, 0 MB stacks, 0 MB globals, 16 P
gc 119 @4.317s 0%: 0.17+0.67+0.16 ms clock, 2.8+0.83/0.97/0+2.6 ms cpu, 4->5->2 MB, 5 MB goal, 0 MB stacks, 0 MB globals, 16 P
gc 120 @4.319s 0%: 0.11+0.63+0.16 ms clock, 1.7+0.60/1.1/0.070+2.6 ms cpu, 4->5->2 MB, 5 MB goal, 0 MB stacks, 0 MB globals, 16 P
gc 121 @4.321s 0%: 0.16+0.89+0.092 ms clock, 2.7+0.65/1.0/0+1.4 ms cpu, 4->5->2 MB, 4 MB goal, 0 MB stacks, 0 MB globals, 16 P
gc 122 @4.323s 0%: 0.15+0.70+0.12 ms clock, 2.4+0.68/0.88/0+2.0 ms cpu, 4->5->2 MB, 5 MB goal, 0 MB stacks, 0 MB globals, 16 P
gc 123 @4.325s 0%: 0.17+0.56+0.14 ms clock, 2.8+0.56/0.98/0+2.3 ms cpu, 4->5->2 MB, 5 MB goal, 0 MB stacks, 0 MB globals, 16 P
gc 124 @4.327s 0%: 0.11+0.74+0.21 ms clock, 1.8+0.50/1.0/0.015+3.4 ms cpu, 4->5->2 MB, 4 MB goal, 0 MB stacks, 0 MB globals, 16 P
gc 125 @4.329s 0%: 0.12+0.72+0.10 ms clock, 2.0+0.77/0.93/0+1.6 ms cpu, 4->5->2 MB, 5 MB goal, 0 MB stacks, 0 MB globals, 16 P
gc 126 @4.331s 0%: 0.21+0.58+0.12 ms clock, 3.4+0.58/0.96/0.052+2.0 ms cpu, 4->5->2 MB, 5 MB goal, 0 MB stacks, 0 MB globals, 16 P
gc 127 @4.332s 0%: 0.12+0.61+0.11 ms clock, 2.0+0.65/0.92/0.002+1.8 ms cpu, 4->4->2 MB, 4 MB goal, 0 MB stacks, 0 MB globals, 16 P
gc 128 @4.334s 0%: 0.15+0.60+0.12 ms clock, 2.4+0.62/0.97/0.032+1.9 ms cpu, 4->4->2 MB, 4 MB goal, 0 MB stacks, 0 MB globals, 16 P
gc 129 @4.336s 0%: 0.12+0.66+0.13 ms clock, 1.9+0.58/0.95/0+2.2 ms cpu, 3->4->2 MB, 4 MB goal, 0 MB stacks, 0 MB globals, 16 P
gc 130 @4.338s 0%: 0.23+0.63+0.14 ms clock, 3.7+0.78/0.94/0+2.3 ms cpu, 4->5->2 MB, 4 MB goal, 0 MB stacks, 0 MB globals, 16 P
gc 131 @4.340s 0%: 0.20+0.59+0.13 ms clock, 3.2+0.79/0.92/0+2.1 ms cpu, 4->5->2 MB, 5 MB goal, 0 MB stacks, 0 MB globals, 16 P
gc 132 @4.342s 0%: 0.17+0.74+0.10 ms clock, 2.7+0.74/0.76/0+1.7 ms cpu, 4->5->2 MB, 5 MB goal, 0 MB stacks, 0 MB globals, 16 P
gc 133 @4.344s 0%: 0.14+0.46+0.17 ms clock, 2.3+0.66/0.85/0+2.7 ms cpu, 4->4->2 MB, 5 MB goal, 0 MB stacks, 0 MB globals, 16 P
gc 134 @4.345s 0%: 0.15+0.58+0.16 ms clock, 2.5+0.55/0.92/0+2.5 ms cpu, 3->4->2 MB, 4 MB goal, 0 MB stacks, 0 MB globals, 16 P
gc 135 @4.347s 0%: 0.14+0.51+0.13 ms clock, 2.2+0.54/0.93/0.005+2.0 ms cpu, 4->4->2 MB, 4 MB goal, 0 MB stacks, 0 MB globals, 16 P
gc 136 @4.349s 0%: 0.12+0.66+0.10 ms clock, 2.0+0.83/1.0/0.001+1.6 ms cpu, 3->4->2 MB, 4 MB goal, 0 MB stacks, 0 MB globals, 16 P
gc 137 @4.350s 0%: 0.13+0.67+0.089 ms clock, 2.2+0.63/1.0/0+1.4 ms cpu, 4->4->2 MB, 4 MB goal, 0 MB stacks, 0 MB globals, 16 P
gc 138 @4.352s 0%: 0.16+0.71+0.10 ms clock, 2.6+0.62/1.0/0+1.6 ms cpu, 4->5->2 MB, 4 MB goal, 0 MB stacks, 0 MB globals, 16 P
gc 139 @4.354s 0%: 0.12+0.58+0.084 ms clock, 1.9+0.67/0.90/0+1.3 ms cpu, 4->4->2 MB, 5 MB goal, 0 MB stacks, 0 MB globals, 16 P
gc 140 @4.356s 0%: 0.13+0.62+0.14 ms clock, 2.1+0.58/0.93/0.058+2.2 ms cpu, 3->4->2 MB, 4 MB goal, 0 MB stacks, 0 MB globals, 16 P
gc 141 @4.358s 0%: 0.14+0.68+0.088 ms clock, 2.2+0.75/0.84/0+1.4 ms cpu, 3->4->2 MB, 4 MB goal, 0 MB stacks, 0 MB globals, 16 P
gc 142 @4.359s 0%: 0.18+0.78+0.053 ms clock, 2.9+0.58/0.92/0+0.86 ms cpu, 4->4->2 MB, 4 MB goal, 0 MB stacks, 0 MB globals, 16 P
gc 143 @4.361s 0%: 0.13+0.56+0.23 ms clock, 2.1+0.60/0.88/0+3.7 ms cpu, 4->4->2 MB, 5 MB goal, 0 MB stacks, 0 MB globals, 16 P
gc 144 @4.363s 0%: 0.11+0.68+0.19 ms clock, 1.8+0.51/0.79/0.059+3.1 ms cpu, 3->4->2 MB, 4 MB goal, 0 MB stacks, 0 MB globals, 16 P
gc 145 @4.364s 0%: 0.16+0.60+0.19 ms clock, 2.6+0.75/1.1/0+3.1 ms cpu, 3->4->2 MB, 4 MB goal, 0 MB stacks, 0 MB globals, 16 P
gc 146 @4.366s 0%: 0.18+0.82+0.095 ms clock, 2.9+0.66/1.0/0+1.5 ms cpu, 4->5->2 MB, 5 MB goal, 0 MB stacks, 0 MB globals, 16 P
gc 147 @4.368s 0%: 0.17+0.69+0.16 ms clock, 2.8+0.71/1.1/0+2.5 ms cpu, 4->5->2 MB, 5 MB goal, 0 MB stacks, 0 MB globals, 16 P
gc 148 @4.370s 0%: 0.12+0.66+0.17 ms clock, 2.0+0.71/0.74/0+2.7 ms cpu, 4->5->2 MB, 5 MB goal, 0 MB stacks, 0 MB globals, 16 P
gc 149 @4.372s 0%: 0.11+0.73+0.25 ms clock, 1.8+0.62/1.0/0+4.0 ms cpu, 4->4->2 MB, 4 MB goal, 0 MB stacks, 0 MB globals, 16 P
gc 150 @4.374s 0%: 0.11+0.77+0.10 ms clock, 1.8+0.66/0.88/0+1.6 ms cpu, 4->4->2 MB, 4 MB goal, 0 MB stacks, 0 MB globals, 16 P
gc 151 @4.376s 0%: 0.17+0.57+0.12 ms clock, 2.8+0.75/1.1/0+1.9 ms cpu, 4->5->2 MB, 4 MB goal, 0 MB stacks, 0 MB globals, 16 P
gc 152 @4.378s 0%: 0.18+0.85+0.095 ms clock, 2.9+0.68/0.90/0.027+1.5 ms cpu, 4->5->2 MB, 4 MB goal, 0 MB stacks, 0 MB globals, 16 P
gc 153 @4.380s 0%: 0.12+0.67+0.14 ms clock, 2.0+0.62/1.2/0.028+2.2 ms cpu, 4->5->2 MB, 5 MB goal, 0 MB stacks, 0 MB globals, 16 P
gc 154 @4.382s 0%: 0.11+0.62+0.091 ms clock, 1.7+0.74/0.79/0.029+1.4 ms cpu, 4->5->2 MB, 5 MB goal, 0 MB stacks, 0 MB globals, 16 P
gc 155 @4.384s 0%: 0.11+0.74+0.10 ms clock, 1.8+0.67/0.98/0.046+1.7 ms cpu, 4->4->2 MB, 4 MB goal, 0 MB stacks, 0 MB globals, 16 P
gc 156 @4.385s 0%: 0.11+0.72+0.10 ms clock, 1.8+0.69/1.2/0+1.6 ms cpu, 4->5->2 MB, 4 MB goal, 0 MB stacks, 0 MB globals, 16 P
gc 157 @4.387s 0%: 0.095+0.63+0.15 ms clock, 1.5+0.53/1.0/0.006+2.4 ms cpu, 4->5->2 MB, 5 MB goal, 0 MB stacks, 0 MB globals, 16 P
gc 158 @4.389s 0%: 0.13+0.62+0.20 ms clock, 2.1+0.65/1.0/0.031+3.3 ms cpu, 4->4->2 MB, 4 MB goal, 0 MB stacks, 0 MB globals, 16 P
gc 159 @4.391s 0%: 0.14+0.63+0.14 ms clock, 2.2+0.72/0.86/0+2.3 ms cpu, 4->4->2 MB, 4 MB goal, 0 MB stacks, 0 MB globals, 16 P
gc 160 @4.393s 0%: 0.11+0.93+0.13 ms clock, 1.8+0.59/1.0/0+2.1 ms cpu, 4->5->2 MB, 4 MB goal, 0 MB stacks, 0 MB globals, 16 P
gc 161 @4.395s 0%: 0.12+0.73+0.14 ms clock, 1.9+0.73/0.93/0.054+2.2 ms cpu, 4->5->2 MB, 5 MB goal, 0 MB stacks, 0 MB globals, 16 P
gc 162 @4.397s 0%: 0.13+0.68+0.097 ms clock, 2.1+0.62/0.99/0.004+1.5 ms cpu, 4->5->2 MB, 5 MB goal, 0 MB stacks, 0 MB globals, 16 P
gc 163 @4.399s 0%: 0.13+0.47+0.11 ms clock, 2.0+0.60/1.0/0+1.8 ms cpu, 4->4->2 MB, 4 MB goal, 0 MB stacks, 0 MB globals, 16 P
gc 164 @4.400s 0%: 0.14+0.65+0.16 ms clock, 2.3+0.57/1.0/0+2.6 ms cpu, 4->4->2 MB, 4 MB goal, 0 MB stacks, 0 MB globals, 16 P
gc 165 @4.402s 0%: 0.21+0.69+0.22 ms clock, 3.5+0.55/1.0/0+3.6 ms cpu, 4->5->2 MB, 5 MB goal, 0 MB stacks, 0 MB globals, 16 P
gc 166 @4.404s 0%: 0.12+0.56+0.16 ms clock, 1.9+0.68/0.92/0.002+2.5 ms cpu, 4->5->2 MB, 5 MB goal, 0 MB stacks, 0 MB globals, 16 P
gc 167 @4.406s 0%: 0.070+0.55+0.14 ms clock, 1.1+0.49/1.0/0+2.3 ms cpu, 4->4->2 MB, 4 MB goal, 0 MB stacks, 0 MB globals, 16 P
gc 168 @4.408s 0%: 0.12+0.59+0.11 ms clock, 2.0+0.63/0.93/0+1.7 ms cpu, 3->4->2 MB, 4 MB goal, 0 MB stacks, 0 MB globals, 16 P
gc 169 @4.409s 0%: 0.12+0.77+0.12 ms clock, 1.9+0.54/1.0/0+1.9 ms cpu, 4->5->2 MB, 4 MB goal, 0 MB stacks, 0 MB globals, 16 P
gc 170 @4.411s 0%: 0.10+0.91+0.11 ms clock, 1.7+0.52/0.98/0+1.7 ms cpu, 4->5->2 MB, 5 MB goal, 0 MB stacks, 0 MB globals, 16 P
gc 171 @4.414s 0%: 0.18+0.61+0.091 ms clock, 2.8+0.77/0.90/0+1.4 ms cpu, 4->5->2 MB, 5 MB goal, 0 MB stacks, 0 MB globals, 16 P
gc 172 @4.415s 0%: 0.13+0.61+0.098 ms clock, 2.1+0.44/0.94/0+1.5 ms cpu, 4->4->2 MB, 4 MB goal, 0 MB stacks, 0 MB globals, 16 P
gc 173 @4.417s 0%: 0.18+0.50+0.20 ms clock, 2.9+0.60/0.86/0+3.3 ms cpu, 4->4->2 MB, 4 MB goal, 0 MB stacks, 0 MB globals, 16 P
gc 174 @4.419s 0%: 0.11+0.63+0.098 ms clock, 1.8+0.56/0.96/0+1.5 ms cpu, 3->4->2 MB, 4 MB goal, 0 MB stacks, 0 MB globals, 16 P
gc 175 @4.420s 1%: 0.14+0.56+0.16 ms clock, 2.2+0.82/0.82/0+2.6 ms cpu, 4->4->2 MB, 4 MB goal, 0 MB stacks, 0 MB globals, 16 P
gc 176 @4.422s 1%: 0.12+0.59+0.19 ms clock, 2.0+0.61/0.84/0+3.1 ms cpu, 4->4->2 MB, 4 MB goal, 0 MB stacks, 0 MB globals, 16 P
gc 177 @4.424s 1%: 0.16+0.59+0.096 ms clock, 2.5+0.77/0.86/0.014+1.5 ms cpu, 4->4->2 MB, 4 MB goal, 0 MB stacks, 0 MB globals, 16 P
gc 178 @4.426s 1%: 0.095+0.69+0.13 ms clock, 1.5+0.69/0.95/0+2.1 ms cpu, 4->4->2 MB, 4 MB goal, 0 MB stacks, 0 MB globals, 16 P
gc 179 @4.427s 1%: 0.14+0.78+0.18 ms clock, 2.3+0.64/0.75/0.13+2.8 ms cpu, 4->5->2 MB, 4 MB goal, 0 MB stacks, 0 MB globals, 16 P
gc 180 @4.430s 1%: 0.16+0.95+0.096 ms clock, 2.6+0.68/1.0/0+1.5 ms cpu, 4->5->2 MB, 5 MB goal, 0 MB stacks, 0 MB globals, 16 P
gc 181 @4.432s 1%: 0.13+0.62+0.10 ms clock, 2.2+0.51/0.94/0+1.6 ms cpu, 4->5->2 MB, 5 MB goal, 0 MB stacks, 0 MB globals, 16 P
gc 182 @4.433s 1%: 0.12+0.61+0.094 ms clock, 1.9+0.61/0.96/0+1.5 ms cpu, 4->4->2 MB, 4 MB goal, 0 MB stacks, 0 MB globals, 16 P
gc 183 @4.435s 1%: 0.13+0.63+0.21 ms clock, 2.2+0.65/0.99/0+3.4 ms cpu, 4->4->2 MB, 4 MB goal, 0 MB stacks, 0 MB globals, 16 P
gc 184 @4.437s 1%: 0.13+0.49+0.17 ms clock, 2.1+0.54/0.83/0.005+2.8 ms cpu, 4->4->2 MB, 5 MB goal, 0 MB stacks, 0 MB globals, 16 P
gc 185 @4.439s 1%: 0.13+0.53+0.18 ms clock, 2.2+0.72/0.78/0+2.9 ms cpu, 3->4->2 MB, 4 MB goal, 0 MB stacks, 0 MB globals, 16 P
gc 186 @4.440s 1%: 0.12+0.69+0.10 ms clock, 2.0+0.62/0.94/0.029+1.6 ms cpu, 3->4->2 MB, 4 MB goal, 0 MB stacks, 0 MB globals, 16 P
gc 187 @4.442s 1%: 0.12+0.56+0.22 ms clock, 2.0+0.57/1.1/0+3.5 ms cpu, 4->5->2 MB, 5 MB goal, 0 MB stacks, 0 MB globals, 16 P
gc 188 @4.444s 1%: 0.089+0.54+0.18 ms clock, 1.4+0.65/0.94/0.031+2.9 ms cpu, 4->4->2 MB, 4 MB goal, 0 MB stacks, 0 MB globals, 16 P
gc 189 @4.445s 1%: 0.12+0.63+0.14 ms clock, 2.0+0.58/1.0/0+2.2 ms cpu, 4->4->2 MB, 4 MB goal, 0 MB stacks, 0 MB globals, 16 P
gc 190 @4.447s 1%: 0.11+0.69+0.11 ms clock, 1.7+0.58/0.94/0+1.8 ms cpu, 3->4->2 MB, 4 MB goal, 0 MB stacks, 0 MB globals, 16 P
gc 191 @4.449s 1%: 0.16+0.64+0.10 ms clock, 2.5+0.68/0.94/0+1.6 ms cpu, 4->5->2 MB, 5 MB goal, 0 MB stacks, 0 MB globals, 16 P
gc 192 @4.451s 1%: 0.14+0.55+0.14 ms clock, 2.2+0.89/0.92/0.005+2.2 ms cpu, 4->4->2 MB, 4 MB goal, 0 MB stacks, 0 MB globals, 16 P
gc 193 @4.452s 1%: 0.11+0.61+0.11 ms clock, 1.9+0.63/0.88/0.002+1.8 ms cpu, 3->4->2 MB, 4 MB goal, 0 MB stacks, 0 MB globals, 16 P
gc 194 @4.454s 1%: 0.18+0.57+0.20 ms clock, 3.0+0.80/0.96/0+3.3 ms cpu, 4->4->2 MB, 4 MB goal, 0 MB stacks, 0 MB globals, 16 P
gc 195 @4.456s 1%: 0.12+0.81+0.093 ms clock, 2.0+0.59/0.93/0.035+1.5 ms cpu, 4->4->2 MB, 4 MB goal, 0 MB stacks, 0 MB globals, 16 P
gc 196 @4.458s 1%: 0.20+0.74+0.086 ms clock, 3.2+0.74/1.1/0+1.3 ms cpu, 4->5->2 MB, 4 MB goal, 0 MB stacks, 0 MB globals, 16 P
gc 197 @4.460s 1%: 0.11+0.60+0.16 ms clock, 1.7+0.62/0.86/0+2.6 ms cpu, 4->5->2 MB, 5 MB goal, 0 MB stacks, 0 MB globals, 16 P
gc 198 @4.462s 1%: 0.18+0.74+0.094 ms clock, 2.9+0.78/1.0/0.004+1.5 ms cpu, 3->4->2 MB, 4 MB goal, 0 MB stacks, 0 MB globals, 16 P
gc 199 @4.464s 1%: 0.11+0.53+0.19 ms clock, 1.8+0.75/0.93/0.001+3.1 ms cpu, 4->5->2 MB, 5 MB goal, 0 MB stacks, 0 MB globals, 16 P
gc 200 @4.465s 1%: 0.16+0.52+0.14 ms clock, 2.6+0.71/0.83/0+2.2 ms cpu, 3->4->2 MB, 4 MB goal, 0 MB stacks, 0 MB globals, 16 P
gc 201 @4.467s 1%: 0.18+0.67+0.071 ms clock, 3.0+0.69/0.87/0+1.1 ms cpu, 3->4->2 MB, 4 MB goal, 0 MB stacks, 0 MB globals, 16 P
gc 202 @4.469s 1%: 0.14+0.59+0.19 ms clock, 2.3+0.65/0.88/0+3.1 ms cpu, 4->4->2 MB, 4 MB goal, 0 MB stacks, 0 MB globals, 16 P
gc 203 @4.471s 1%: 0.15+0.55+0.14 ms clock, 2.5+0.76/1.0/0.011+2.3 ms cpu, 4->4->2 MB, 4 MB goal, 0 MB stacks, 0 MB globals, 16 P
gc 204 @4.472s 1%: 0.11+0.67+0.10 ms clock, 1.7+0.53/0.88/0.011+1.7 ms cpu, 4->4->2 MB, 4 MB goal, 0 MB stacks, 0 MB globals, 16 P
gc 205 @4.474s 1%: 0.12+0.65+0.10 ms clock, 2.0+0.72/0.82/0.025+1.7 ms cpu, 4->4->2 MB, 4 MB goal, 0 MB stacks, 0 MB globals, 16 P
gc 206 @4.476s 1%: 0.13+0.55+0.14 ms clock, 2.1+0.57/1.0/0.003+2.2 ms cpu, 4->4->2 MB, 4 MB goal, 0 MB stacks, 0 MB globals, 16 P
gc 207 @4.478s 1%: 0.087+0.66+0.088 ms clock, 1.3+0.62/0.96/0+1.4 ms cpu, 4->4->2 MB, 4 MB goal, 0 MB stacks, 0 MB globals, 16 P
gc 208 @4.479s 1%: 0.12+0.59+0.19 ms clock, 2.0+0.73/0.84/0+3.0 ms cpu, 3->4->2 MB, 4 MB goal, 0 MB stacks, 0 MB globals, 16 P
gc 209 @4.481s 1%: 0.15+0.58+0.19 ms clock, 2.4+0.62/0.82/0+3.1 ms cpu, 4->5->2 MB, 4 MB goal, 0 MB stacks, 0 MB globals, 16 P
gc 210 @4.483s 1%: 0.13+0.62+0.12 ms clock, 2.1+0.58/0.91/0.002+1.9 ms cpu, 4->4->2 MB, 4 MB goal, 0 MB stacks, 0 MB globals, 16 P
gc 211 @4.485s 1%: 0.14+0.64+0.19 ms clock, 2.3+0.78/0.75/0+3.1 ms cpu, 4->4->2 MB, 5 MB goal, 0 MB stacks, 0 MB globals, 16 P
gc 212 @4.487s 1%: 0.14+0.54+0.20 ms clock, 2.2+0.57/0.93/0+3.2 ms cpu, 4->4->2 MB, 4 MB goal, 0 MB stacks, 0 MB globals, 16 P
gc 213 @4.488s 1%: 0.18+0.90+0.10 ms clock, 2.9+0.79/0.83/0+1.6 ms cpu, 4->5->2 MB, 4 MB goal, 0 MB stacks, 0 MB globals, 16 P
gc 214 @4.491s 1%: 0.13+0.80+0.099 ms clock, 2.1+0.73/0.80/0+1.5 ms cpu, 4->5->2 MB, 5 MB goal, 0 MB stacks, 0 MB globals, 16 P
gc 215 @4.493s 1%: 0.10+0.95+0.10 ms clock, 1.6+0.57/1.2/0+1.7 ms cpu, 4->5->2 MB, 5 MB goal, 0 MB stacks, 0 MB globals, 16 P
gc 216 @4.495s 1%: 0.12+0.69+0.14 ms clock, 2.0+0.79/0.81/0+2.3 ms cpu, 4->5->2 MB, 5 MB goal, 0 MB stacks, 0 MB globals, 16 P
gc 217 @4.497s 1%: 0.14+0.69+0.14 ms clock, 2.2+0.61/1.0/0.016+2.3 ms cpu, 4->5->2 MB, 4 MB goal, 0 MB stacks, 0 MB globals, 16 P
gc 218 @4.499s 1%: 0.096+0.80+0.088 ms clock, 1.5+0.69/1.1/0+1.4 ms cpu, 4->5->2 MB, 5 MB goal, 0 MB stacks, 0 MB globals, 16 P
gc 219 @4.501s 1%: 0.085+0.59+0.19 ms clock, 1.3+0.69/1.0/0+3.1 ms cpu, 4->4->2 MB, 4 MB goal, 0 MB stacks, 0 MB globals, 16 P
gc 220 @4.503s 1%: 0.14+0.68+0.10 ms clock, 2.3+0.82/0.89/0+1.6 ms cpu, 4->4->2 MB, 4 MB goal, 0 MB stacks, 0 MB globals, 16 P
gc 221 @4.504s 1%: 0.099+0.65+0.15 ms clock, 1.5+0.63/1.0/0.016+2.5 ms cpu, 4->5->2 MB, 5 MB goal, 0 MB stacks, 0 MB globals, 16 P
gc 222 @4.506s 1%: 0.10+0.58+0.14 ms clock, 1.6+0.58/0.97/0+2.3 ms cpu, 4->5->2 MB, 5 MB goal, 0 MB stacks, 0 MB globals, 16 P
gc 223 @4.508s 1%: 0.13+0.67+0.19 ms clock, 2.1+0.73/0.87/0.004+3.1 ms cpu, 4->4->2 MB, 4 MB goal, 0 MB stacks, 0 MB globals, 16 P
gc 224 @4.510s 1%: 0.16+0.54+0.10 ms clock, 2.5+0.61/1.0/0+1.6 ms cpu, 4->4->2 MB, 4 MB goal, 0 MB stacks, 0 MB globals, 16 P
gc 225 @4.511s 1%: 0.10+0.58+0.11 ms clock, 1.7+0.60/0.89/0.001+1.8 ms cpu, 3->4->2 MB, 4 MB goal, 0 MB stacks, 0 MB globals, 16 P
gc 226 @4.513s 1%: 0.10+0.69+0.16 ms clock, 1.7+0.73/0.81/0+2.6 ms cpu, 3->4->2 MB, 4 MB goal, 0 MB stacks, 0 MB globals, 16 P
gc 227 @4.515s 1%: 0.13+0.73+0.089 ms clock, 2.0+0.55/0.96/0+1.4 ms cpu, 4->4->2 MB, 4 MB goal, 0 MB stacks, 0 MB globals, 16 P
gc 228 @4.517s 1%: 0.12+0.48+0.16 ms clock, 1.9+0.55/0.91/0.027+2.6 ms cpu, 4->4->2 MB, 4 MB goal, 0 MB stacks, 0 MB globals, 16 P
gc 229 @4.518s 1%: 0.13+0.54+0.13 ms clock, 2.1+0.70/0.91/0.023+2.1 ms cpu, 3->4->2 MB, 4 MB goal, 0 MB stacks, 0 MB globals, 16 P
gc 230 @4.520s 1%: 0.17+0.67+0.17 ms clock, 2.7+0.70/0.80/0+2.8 ms cpu, 3->4->2 MB, 4 MB goal, 0 MB stacks, 0 MB globals, 16 P
gc 231 @4.522s 1%: 0.12+0.53+0.16 ms clock, 2.0+0.49/0.89/0.14+2.6 ms cpu, 4->4->2 MB, 5 MB goal, 0 MB stacks, 0 MB globals, 16 P
gc 232 @4.523s 1%: 0.15+0.62+0.11 ms clock, 2.4+0.55/0.94/0+1.8 ms cpu, 3->4->2 MB, 4 MB goal, 0 MB stacks, 0 MB globals, 16 P
gc 233 @4.525s 1%: 0.10+0.75+0.025 ms clock, 1.7+0.54/0.94/0+0.40 ms cpu, 4->4->2 MB, 4 MB goal, 0 MB stacks, 0 MB globals, 16 P
gc 234 @4.526s 1%: 0.080+0.65+0.10 ms clock, 1.2+0.44/0.96/0.030+1.6 ms cpu, 3->4->2 MB, 4 MB goal, 0 MB stacks, 0 MB globals, 16 P
gc 235 @4.528s 1%: 0.11+0.71+0.13 ms clock, 1.8+0.61/0.98/0+2.0 ms cpu, 3->4->2 MB, 4 MB goal, 0 MB stacks, 0 MB globals, 16 P
gc 236 @4.530s 1%: 0.11+0.67+0.078 ms clock, 1.9+0.57/1.0/0+1.2 ms cpu, 4->4->2 MB, 4 MB goal, 0 MB stacks, 0 MB globals, 16 P
gc 237 @4.532s 1%: 0.12+0.59+0.15 ms clock, 1.9+0.52/0.74/0.11+2.5 ms cpu, 4->4->2 MB, 4 MB goal, 0 MB stacks, 0 MB globals, 16 P
gc 238 @4.533s 1%: 0.16+0.59+0.15 ms clock, 2.6+0.53/0.92/0.015+2.4 ms cpu, 3->4->2 MB, 4 MB goal, 0 MB stacks, 0 MB globals, 16 P
gc 239 @4.535s 1%: 0.11+0.53+0.11 ms clock, 1.9+0.58/0.90/0.014+1.8 ms cpu, 4->4->2 MB, 4 MB goal, 0 MB stacks, 0 MB globals, 16 P
gc 240 @4.537s 1%: 0.18+0.67+0.11 ms clock, 2.9+0.63/0.91/0+1.8 ms cpu, 3->4->2 MB, 4 MB goal, 0 MB stacks, 0 MB globals, 16 P
gc 241 @4.538s 1%: 0.11+0.75+0.13 ms clock, 1.8+0.60/1.0/0.003+2.1 ms cpu, 4->4->2 MB, 4 MB goal, 0 MB stacks, 0 MB globals, 16 P
gc 242 @4.540s 1%: 0.12+0.60+0.090 ms clock, 2.0+0.49/0.94/0+1.4 ms cpu, 4->4->2 MB, 4 MB goal, 0 MB stacks, 0 MB globals, 16 P
gc 243 @4.542s 1%: 0.19+0.53+0.14 ms clock, 3.0+0.70/0.92/0+2.3 ms cpu, 3->4->2 MB, 4 MB goal, 0 MB stacks, 0 MB globals, 16 P
gc 244 @4.544s 1%: 0.096+0.62+0.14 ms clock, 1.5+0.56/0.99/0+2.2 ms cpu, 4->4->2 MB, 4 MB goal, 0 MB stacks, 0 MB globals, 16 P
gc 245 @4.545s 1%: 0.13+0.76+0.072 ms clock, 2.1+0.58/0.92/0.004+1.1 ms cpu, 4->4->2 MB, 4 MB goal, 0 MB stacks, 0 MB globals, 16 P
gc 246 @4.547s 1%: 0.12+0.69+0.098 ms clock, 1.9+0.70/0.91/0+1.5 ms cpu, 4->5->2 MB, 4 MB goal, 0 MB stacks, 0 MB globals, 16 P
gc 247 @4.549s 1%: 0.14+0.68+0.21 ms clock, 2.3+0.81/0.91/0+3.4 ms cpu, 4->5->2 MB, 4 MB goal, 0 MB stacks, 0 MB globals, 16 P
gc 248 @4.551s 1%: 0.070+0.55+0.19 ms clock, 1.1+0.39/1.0/0+3.0 ms cpu, 4->5->2 MB, 5 MB goal, 0 MB stacks, 0 MB globals, 16 P
gc 249 @4.553s 1%: 0.10+0.65+0.099 ms clock, 1.6+0.71/0.89/0+1.5 ms cpu, 3->4->2 MB, 4 MB goal, 0 MB stacks, 0 MB globals, 16 P
gc 250 @4.554s 1%: 0.11+0.47+0.12 ms clock, 1.8+0.54/0.85/0+1.9 ms cpu, 3->4->2 MB, 4 MB goal, 0 MB stacks, 0 MB globals, 16 P
gc 251 @4.556s 1%: 0.13+0.56+0.10 ms clock, 2.0+0.51/1.0/0.007+1.7 ms cpu, 3->4->2 MB, 4 MB goal, 0 MB stacks, 0 MB globals, 16 P
gc 252 @4.558s 1%: 0.13+0.71+0.078 ms clock, 2.0+0.63/0.96/0+1.2 ms cpu, 3->4->2 MB, 4 MB goal, 0 MB stacks, 0 MB globals, 16 P
gc 253 @4.559s 1%: 0.10+0.64+0.12 ms clock, 1.7+0.53/0.96/0.021+1.9 ms cpu, 4->5->2 MB, 4 MB goal, 0 MB stacks, 0 MB globals, 16 P
gc 254 @4.561s 1%: 0.11+0.79+0.017 ms clock, 1.8+0.74/0.93/0.049+0.27 ms cpu, 4->5->2 MB, 4 MB goal, 0 MB stacks, 0 MB globals, 16 P
gc 255 @4.563s 1%: 0.14+0.64+0.089 ms clock, 2.2+0.61/1.0/0.003+1.4 ms cpu, 4->4->2 MB, 4 MB goal, 0 MB stacks, 0 MB globals, 16 P
gc 256 @4.565s 1%: 0.13+0.58+0.12 ms clock, 2.2+0.57/1.0/0.001+1.9 ms cpu, 4->4->2 MB, 4 MB goal, 0 MB stacks, 0 MB globals, 16 P
gc 257 @4.567s 1%: 0.10+0.62+0.092 ms clock, 1.6+0.59/0.94/0+1.4 ms cpu, 4->4->2 MB, 4 MB goal, 0 MB stacks, 0 MB globals, 16 P
gc 258 @4.568s 1%: 0.10+0.63+0.20 ms clock, 1.6+0.76/0.92/0.004+3.3 ms cpu, 4->4->2 MB, 4 MB goal, 0 MB stacks, 0 MB globals, 16 P
gc 259 @4.570s 1%: 0.10+0.50+0.16 ms clock, 1.6+0.62/0.85/0+2.7 ms cpu, 4->4->2 MB, 4 MB goal, 0 MB stacks, 0 MB globals, 16 P
gc 260 @4.572s 1%: 0.10+0.55+0.090 ms clock, 1.7+0.78/0.98/0.006+1.4 ms cpu, 3->4->2 MB, 4 MB goal, 0 MB stacks, 0 MB globals, 16 P
gc 261 @4.573s 1%: 0.15+0.74+0.16 ms clock, 2.5+0.58/1.0/0+2.6 ms cpu, 4->5->2 MB, 4 MB goal, 0 MB stacks, 0 MB globals, 16 P
gc 262 @4.576s 1%: 0.19+0.74+0.10 ms clock, 3.1+0.60/0.90/0+1.7 ms cpu, 4->5->2 MB, 5 MB goal, 0 MB stacks, 0 MB globals, 16 P
gc 263 @4.578s 1%: 0.15+0.65+0.096 ms clock, 2.4+0.79/1.0/0+1.5 ms cpu, 4->5->2 MB, 5 MB goal, 0 MB stacks, 0 MB globals, 16 P
gc 264 @4.580s 1%: 0.14+0.70+0.13 ms clock, 2.3+0.54/1.1/0.003+2.1 ms cpu, 4->5->2 MB, 5 MB goal, 0 MB stacks, 0 MB globals, 16 P
gc 265 @4.582s 1%: 0.13+0.77+0.097 ms clock, 2.1+0.64/0.99/0.017+1.5 ms cpu, 4->5->2 MB, 5 MB goal, 0 MB stacks, 0 MB globals, 16 P
gc 266 @4.584s 1%: 0.10+0.74+0.11 ms clock, 1.7+0.65/1.0/0.010+1.9 ms cpu, 4->5->2 MB, 5 MB goal, 0 MB stacks, 0 MB globals, 16 P
gc 267 @4.586s 1%: 0.11+0.60+0.12 ms clock, 1.8+0.66/1.1/0.001+2.0 ms cpu, 4->4->2 MB, 4 MB goal, 0 MB stacks, 0 MB globals, 16 P
gc 268 @4.587s 1%: 0.13+0.74+0.13 ms clock, 2.1+0.58/0.88/0.12+2.2 ms cpu, 4->4->2 MB, 4 MB goal, 0 MB stacks, 0 MB globals, 16 P
gc 269 @4.589s 1%: 0.16+0.59+0.10 ms clock, 2.6+0.46/0.96/0.048+1.6 ms cpu, 4->5->2 MB, 5 MB goal, 0 MB stacks, 0 MB globals, 16 P
gc 270 @4.591s 1%: 0.16+0.60+0.088 ms clock, 2.5+0.56/1.0/0+1.4 ms cpu, 3->4->2 MB, 4 MB goal, 0 MB stacks, 0 MB globals, 16 P
gc 271 @4.593s 1%: 0.092+0.64+0.10 ms clock, 1.4+0.50/0.95/0.001+1.7 ms cpu, 4->4->2 MB, 4 MB goal, 0 MB stacks, 0 MB globals, 16 P
gc 272 @4.594s 1%: 0.13+0.62+0.19 ms clock, 2.1+0.50/1.0/0.002+3.1 ms cpu, 4->4->2 MB, 4 MB goal, 0 MB stacks, 0 MB globals, 16 P
gc 273 @4.596s 1%: 0.13+0.56+0.15 ms clock, 2.1+0.65/0.83/0+2.4 ms cpu, 3->4->2 MB, 4 MB goal, 0 MB stacks, 0 MB globals, 16 P
gc 274 @4.598s 1%: 0.16+0.91+0.089 ms clock, 2.7+0.75/1.0/0.033+1.4 ms cpu, 3->5->2 MB, 4 MB goal, 0 MB stacks, 0 MB globals, 16 P
gc 275 @4.600s 1%: 0.17+0.90+0.15 ms clock, 2.7+0.74/0.80/0+2.4 ms cpu, 4->5->2 MB, 5 MB goal, 0 MB stacks, 0 MB globals, 16 P
gc 276 @4.602s 1%: 0.11+0.57+0.18 ms clock, 1.7+0.69/0.99/0.038+2.9 ms cpu, 4->5->2 MB, 5 MB goal, 0 MB stacks, 0 MB globals, 16 P
gc 277 @4.604s 1%: 0.12+0.64+0.11 ms clock, 2.0+0.85/0.99/0+1.8 ms cpu, 3->4->2 MB, 4 MB goal, 0 MB stacks, 0 MB globals, 16 P
gc 278 @4.606s 1%: 0.13+0.54+0.13 ms clock, 2.2+0.68/0.90/0+2.1 ms cpu, 4->5->2 MB, 4 MB goal, 0 MB stacks, 0 MB globals, 16 P
gc 279 @4.608s 1%: 0.12+0.63+0.16 ms clock, 2.0+0.77/0.98/0.019+2.6 ms cpu, 4->4->2 MB, 4 MB goal, 0 MB stacks, 0 MB globals, 16 P
gc 280 @4.609s 1%: 0.096+0.55+0.27 ms clock, 1.5+0.70/0.92/0+4.4 ms cpu, 4->4->2 MB, 4 MB goal, 0 MB stacks, 0 MB globals, 16 P
gc 281 @4.611s 1%: 0.20+0.69+0.13 ms clock, 3.3+0.71/0.85/0+2.1 ms cpu, 4->4->2 MB, 4 MB goal, 0 MB stacks, 0 MB globals, 16 P
gc 282 @4.613s 1%: 0.10+0.69+0.19 ms clock, 1.7+0.65/0.96/0+3.1 ms cpu, 4->5->2 MB, 5 MB goal, 0 MB stacks, 0 MB globals, 16 P
gc 283 @4.615s 1%: 0.22+0.75+0.15 ms clock, 3.5+0.73/0.89/0+2.4 ms cpu, 4->5->2 MB, 4 MB goal, 0 MB stacks, 0 MB globals, 16 P
gc 284 @4.617s 1%: 0.15+0.84+0.12 ms clock, 2.4+0.67/0.97/0+2.0 ms cpu, 4->5->2 MB, 5 MB goal, 0 MB stacks, 0 MB globals, 16 P
gc 285 @4.619s 1%: 0.12+0.59+0.10 ms clock, 1.9+0.50/1.0/0+1.6 ms cpu, 4->5->2 MB, 5 MB goal, 0 MB stacks, 0 MB globals, 16 P
gc 286 @4.621s 1%: 0.11+0.55+0.15 ms clock, 1.8+0.62/0.93/0.036+2.4 ms cpu, 4->4->2 MB, 4 MB goal, 0 MB stacks, 0 MB globals, 16 P
gc 287 @4.623s 1%: 0.16+0.45+0.099 ms clock, 2.6+0.67/0.84/0+1.5 ms cpu, 3->4->2 MB, 4 MB goal, 0 MB stacks, 0 MB globals, 16 P
gc 288 @4.624s 1%: 0.12+0.53+0.21 ms clock, 2.0+0.61/0.94/0+3.5 ms cpu, 3->4->2 MB, 4 MB goal, 0 MB stacks, 0 MB globals, 16 P
gc 289 @4.626s 1%: 0.20+0.66+0.14 ms clock, 3.2+0.74/0.94/0+2.2 ms cpu, 4->5->2 MB, 4 MB goal, 0 MB stacks, 0 MB globals, 16 P
gc 290 @4.628s 1%: 0.12+0.71+0.12 ms clock, 1.9+0.69/1.0/0.016+2.0 ms cpu, 4->5->2 MB, 5 MB goal, 0 MB stacks, 0 MB globals, 16 P
gc 291 @4.630s 1%: 0.13+0.57+0.12 ms clock, 2.1+0.76/0.92/0.008+1.9 ms cpu, 4->4->2 MB, 5 MB goal, 0 MB stacks, 0 MB globals, 16 P
gc 292 @4.631s 1%: 0.12+0.77+0.082 ms clock, 2.0+0.50/1.0/0+1.3 ms cpu, 3->4->2 MB, 4 MB goal, 0 MB stacks, 0 MB globals, 16 P
gc 293 @4.633s 1%: 0.11+0.61+0.16 ms clock, 1.8+0.75/0.90/0.031+2.6 ms cpu, 4->5->2 MB, 5 MB goal, 0 MB stacks, 0 MB globals, 16 P
gc 294 @4.635s 1%: 0.12+0.84+0.10 ms clock, 1.9+0.66/0.93/0.012+1.7 ms cpu, 4->5->2 MB, 5 MB goal, 0 MB stacks, 0 MB globals, 16 P
gc 295 @4.637s 1%: 0.15+0.72+0.10 ms clock, 2.4+0.54/1.0/0+1.6 ms cpu, 4->5->2 MB, 5 MB goal, 0 MB stacks, 0 MB globals, 16 P
gc 296 @4.639s 1%: 0.20+0.81+0.083 ms clock, 3.3+0.51/0.91/0.046+1.3 ms cpu, 4->5->2 MB, 4 MB goal, 0 MB stacks, 0 MB globals, 16 P
gc 297 @4.641s 1%: 0.12+0.65+0.19 ms clock, 1.9+0.34/1.0/0+3.1 ms cpu, 4->5->2 MB, 5 MB goal, 0 MB stacks, 0 MB globals, 16 P
gc 298 @4.643s 1%: 0.16+0.97+0.098 ms clock, 2.6+0.57/0.81/0.002+1.5 ms cpu, 4->5->2 MB, 4 MB goal, 0 MB stacks, 0 MB globals, 16 P
gc 299 @4.645s 1%: 0.14+0.74+0.096 ms clock, 2.2+0.73/0.88/0+1.5 ms cpu, 4->5->2 MB, 5 MB goal, 0 MB stacks, 0 MB globals, 16 P
gc 300 @4.647s 1%: 0.10+0.52+0.13 ms clock, 1.7+0.62/0.96/0+2.2 ms cpu, 4->4->2 MB, 5 MB goal, 0 MB stacks, 0 MB globals, 16 P
gc 301 @4.649s 1%: 0.10+0.64+0.082 ms clock, 1.6+0.52/0.97/0.001+1.3 ms cpu, 3->4->2 MB, 4 MB goal, 0 MB stacks, 0 MB globals, 16 P
gc 302 @4.651s 1%: 0.14+0.57+0.19 ms clock, 2.2+0.65/0.89/0.034+3.1 ms cpu, 4->4->1 MB, 4 MB goal, 0 MB stacks, 0 MB globals, 16 P
gc 303 @4.652s 1%: 0.29+0.63+0.11 ms clock, 4.6+0.75/0.93/0+1.8 ms cpu, 3->4->2 MB, 4 MB goal, 0 MB stacks, 0 MB globals, 16 P
gc 304 @4.654s 1%: 0.11+0.73+0.10 ms clock, 1.8+0.62/1.0/0+1.6 ms cpu, 4->5->2 MB, 5 MB goal, 0 MB stacks, 0 MB globals, 16 P
gc 305 @4.656s 1%: 0.15+0.73+0.10 ms clock, 2.5+0.67/0.81/0+1.6 ms cpu, 4->5->2 MB, 5 MB goal, 0 MB stacks, 0 MB globals, 16 P
gc 306 @4.658s 1%: 0.10+0.58+0.13 ms clock, 1.6+0.63/1.0/0+2.1 ms cpu, 4->4->2 MB, 4 MB goal, 0 MB stacks, 0 MB globals, 16 P
gc 307 @4.659s 1%: 0.11+0.65+0.15 ms clock, 1.8+0.56/0.90/0.041+2.4 ms cpu, 3->4->2 MB, 4 MB goal, 0 MB stacks, 0 MB globals, 16 P
gc 308 @4.661s 1%: 0.19+0.61+0.16 ms clock, 3.0+0.58/1.1/0+2.7 ms cpu, 4->5->2 MB, 5 MB goal, 0 MB stacks, 0 MB globals, 16 P
gc 309 @4.663s 1%: 0.11+0.60+0.15 ms clock, 1.7+0.56/0.91/0+2.5 ms cpu, 4->5->2 MB, 4 MB goal, 0 MB stacks, 0 MB globals, 16 P
gc 310 @4.665s 1%: 0.16+0.67+0.12 ms clock, 2.6+0.59/0.87/0+2.0 ms cpu, 4->4->2 MB, 4 MB goal, 0 MB stacks, 0 MB globals, 16 P
gc 311 @4.667s 1%: 0.11+0.69+0.10 ms clock, 1.7+0.73/1.1/0+1.6 ms cpu, 4->5->2 MB, 4 MB goal, 0 MB stacks, 0 MB globals, 16 P
gc 312 @4.669s 1%: 0.18+0.58+0.12 ms clock, 2.9+0.80/0.73/0.019+1.9 ms cpu, 4->5->2 MB, 5 MB goal, 0 MB stacks, 0 MB globals, 16 P
gc 313 @4.671s 1%: 0.16+0.48+0.16 ms clock, 2.5+0.61/0.98/0.030+2.5 ms cpu, 4->4->2 MB, 5 MB goal, 0 MB stacks, 0 MB globals, 16 P
gc 314 @4.672s 1%: 0.13+0.65+0.10 ms clock, 2.1+0.50/0.90/0+1.7 ms cpu, 3->4->2 MB, 4 MB goal, 0 MB stacks, 0 MB globals, 16 P
gc 315 @4.674s 1%: 0.19+0.57+0.076 ms clock, 3.1+0.60/1.0/0.009+1.2 ms cpu, 4->4->2 MB, 4 MB goal, 0 MB stacks, 0 MB globals, 16 P
gc 316 @4.676s 1%: 0.11+0.63+0.092 ms clock, 1.8+0.55/0.98/0.002+1.4 ms cpu, 4->4->2 MB, 4 MB goal, 0 MB stacks, 0 MB globals, 16 P
gc 317 @4.678s 1%: 0.12+0.73+0.12 ms clock, 2.0+0.74/0.96/0+2.0 ms cpu, 4->4->2 MB, 4 MB goal, 0 MB stacks, 0 MB globals, 16 P
gc 318 @4.680s 1%: 0.12+0.84+0.090 ms clock, 2.0+0.60/1.0/0+1.4 ms cpu, 4->5->2 MB, 4 MB goal, 0 MB stacks, 0 MB globals, 16 P
gc 319 @4.682s 1%: 0.16+0.68+0.17 ms clock, 2.5+0.80/0.96/0+2.8 ms cpu, 4->5->2 MB, 5 MB goal, 0 MB stacks, 0 MB globals, 16 P
gc 320 @4.684s 1%: 0.12+0.82+0.12 ms clock, 1.9+0.70/0.89/0+2.0 ms cpu, 4->5->2 MB, 5 MB goal, 0 MB stacks, 0 MB globals, 16 P
gc 321 @4.686s 1%: 0.10+0.69+0.16 ms clock, 1.7+0.80/0.96/0+2.6 ms cpu, 4->5->2 MB, 5 MB goal, 0 MB stacks, 0 MB globals, 16 P
gc 322 @4.687s 1%: 0.13+0.56+0.19 ms clock, 2.1+0.70/0.91/0+3.1 ms cpu, 3->4->2 MB, 4 MB goal, 0 MB stacks, 0 MB globals, 16 P
gc 323 @4.689s 1%: 0.17+0.54+0.19 ms clock, 2.8+0.73/0.89/0.004+3.1 ms cpu, 4->4->2 MB, 4 MB goal, 0 MB stacks, 0 MB globals, 16 P
gc 324 @4.691s 1%: 0.13+0.71+0.11 ms clock, 2.0+0.73/1.0/0+1.8 ms cpu, 4->4->2 MB, 4 MB goal, 0 MB stacks, 0 MB globals, 16 P
gc 325 @4.693s 1%: 0.14+0.64+0.11 ms clock, 2.3+0.78/0.84/0+1.8 ms cpu, 4->5->2 MB, 5 MB goal, 0 MB stacks, 0 MB globals, 16 P
gc 326 @4.695s 1%: 0.090+0.65+0.14 ms clock, 1.4+0.42/1.0/0+2.3 ms cpu, 4->4->2 MB, 4 MB goal, 0 MB stacks, 0 MB globals, 16 P
gc 327 @4.696s 1%: 0.20+0.94+0.067 ms clock, 3.3+0.74/0.96/0+1.0 ms cpu, 3->5->2 MB, 4 MB goal, 0 MB stacks, 0 MB globals, 16 P
gc 328 @4.698s 1%: 0.13+0.77+0.10 ms clock, 2.1+0.63/0.95/0.006+1.6 ms cpu, 4->5->2 MB, 5 MB goal, 0 MB stacks, 0 MB globals, 16 P
gc 329 @4.700s 1%: 0.12+0.65+0.098 ms clock, 1.9+0.67/0.93/0+1.5 ms cpu, 4->4->2 MB, 4 MB goal, 0 MB stacks, 0 MB globals, 16 P
gc 330 @4.702s 1%: 0.15+0.64+0.13 ms clock, 2.4+0.16/0.92/0+2.1 ms cpu, 4->4->2 MB, 4 MB goal, 0 MB stacks, 0 MB globals, 16 P
gc 331 @4.704s 1%: 0.11+0.61+0.11 ms clock, 1.8+0.67/1.0/0+1.9 ms cpu, 4->4->2 MB, 4 MB goal, 0 MB stacks, 0 MB globals, 16 P
gc 332 @4.706s 1%: 0.17+0.62+0.085 ms clock, 2.7+0.88/1.1/0+1.3 ms cpu, 4->4->2 MB, 4 MB goal, 0 MB stacks, 0 MB globals, 16 P
gc 333 @4.707s 1%: 0.13+0.59+0.14 ms clock, 2.1+0.70/0.94/0.001+2.3 ms cpu, 4->4->2 MB, 4 MB goal, 0 MB stacks, 0 MB globals, 16 P
gc 334 @4.709s 1%: 0.11+0.61+0.21 ms clock, 1.7+0.63/0.83/0.006+3.4 ms cpu, 3->4->2 MB, 4 MB goal, 0 MB stacks, 0 MB globals, 16 P
gc 335 @4.711s 1%: 0.18+0.56+0.14 ms clock, 2.9+0.70/0.96/0+2.2 ms cpu, 3->4->2 MB, 4 MB goal, 0 MB stacks, 0 MB globals, 16 P
gc 336 @4.712s 1%: 0.12+0.52+0.10 ms clock, 1.9+0.61/0.95/0.015+1.6 ms cpu, 4->4->2 MB, 4 MB goal, 0 MB stacks, 0 MB globals, 16 P
gc 337 @4.714s 1%: 0.15+0.69+0.064 ms clock, 2.4+0.62/0.96/0.004+1.0 ms cpu, 3->4->2 MB, 4 MB goal, 0 MB stacks, 0 MB globals, 16 P
gc 338 @4.716s 1%: 0.21+0.54+0.10 ms clock, 3.4+0.57/0.93/0+1.6 ms cpu, 4->4->2 MB, 4 MB goal, 0 MB stacks, 0 MB globals, 16 P
gc 339 @4.718s 1%: 0.14+0.75+0.10 ms clock, 2.3+0.85/0.96/0+1.6 ms cpu, 3->4->2 MB, 4 MB goal, 0 MB stacks, 0 MB globals, 16 P
gc 340 @4.720s 1%: 0.11+0.63+0.050 ms clock, 1.7+0.53/0.97/0+0.81 ms cpu, 4->4->2 MB, 5 MB goal, 0 MB stacks, 0 MB globals, 16 P
gc 341 @4.721s 1%: 0.11+0.52+0.11 ms clock, 1.8+0.65/0.90/0.008+1.7 ms cpu, 3->4->2 MB, 4 MB goal, 0 MB stacks, 0 MB globals, 16 P
gc 342 @4.723s 1%: 0.14+0.73+0.10 ms clock, 2.3+0.57/0.98/0.006+1.7 ms cpu, 3->4->2 MB, 4 MB goal, 0 MB stacks, 0 MB globals, 16 P
gc 343 @4.725s 1%: 0.11+0.71+0.16 ms clock, 1.8+0.55/0.91/0+2.5 ms cpu, 4->5->2 MB, 5 MB goal, 0 MB stacks, 0 MB globals, 16 P
gc 344 @4.726s 1%: 0.13+0.56+0.11 ms clock, 2.1+0.70/0.86/0+1.8 ms cpu, 4->4->2 MB, 4 MB goal, 0 MB stacks, 0 MB globals, 16 P
gc 345 @4.728s 1%: 0.23+0.56+0.15 ms clock, 3.7+0.76/0.88/0.010+2.5 ms cpu, 4->4->2 MB, 4 MB goal, 0 MB stacks, 0 MB globals, 16 P
gc 346 @4.730s 1%: 0.15+0.48+0.12 ms clock, 2.4+0.81/0.86/0+2.0 ms cpu, 4->4->2 MB, 4 MB goal, 0 MB stacks, 0 MB globals, 16 P
gc 347 @4.731s 1%: 0.14+0.51+0.12 ms clock, 2.3+0.63/1.0/0+2.0 ms cpu, 3->4->2 MB, 4 MB goal, 0 MB stacks, 0 MB globals, 16 P
gc 348 @4.733s 1%: 0.10+0.60+0.10 ms clock, 1.6+0.69/1.0/0+1.7 ms cpu, 4->4->2 MB, 4 MB goal, 0 MB stacks, 0 MB globals, 16 P
gc 349 @4.735s 1%: 0.13+0.48+0.18 ms clock, 2.1+0.72/0.99/0.005+2.9 ms cpu, 3->4->2 MB, 4 MB goal, 0 MB stacks, 0 MB globals, 16 P
gc 350 @4.736s 1%: 0.11+0.76+0.067 ms clock, 1.8+0.63/1.0/0.017+1.0 ms cpu, 3->4->2 MB, 4 MB goal, 0 MB stacks, 0 MB globals, 16 P
gc 351 @4.738s 1%: 0.17+0.53+0.13 ms clock, 2.8+0.68/0.90/0.075+2.1 ms cpu, 4->4->2 MB, 5 MB goal, 0 MB stacks, 0 MB globals, 16 P
gc 352 @4.740s 1%: 0.16+0.70+0.10 ms clock, 2.7+0.58/0.88/0+1.6 ms cpu, 3->4->2 MB, 4 MB goal, 0 MB stacks, 0 MB globals, 16 P
gc 353 @4.742s 1%: 0.24+0.52+0.19 ms clock, 3.9+0.65/0.90/0+3.1 ms cpu, 4->5->2 MB, 5 MB goal, 0 MB stacks, 0 MB globals, 16 P
gc 354 @4.744s 1%: 0.12+0.74+0.11 ms clock, 2.0+0.48/1.0/0.003+1.7 ms cpu, 4->4->2 MB, 4 MB goal, 0 MB stacks, 0 MB globals, 16 P
gc 355 @4.745s 1%: 0.15+0.55+0.18 ms clock, 2.4+0.81/0.85/0+3.0 ms cpu, 4->4->2 MB, 5 MB goal, 0 MB stacks, 0 MB globals, 16 P
gc 356 @4.747s 1%: 0.18+0.54+0.12 ms clock, 3.0+0.74/0.90/0+2.0 ms cpu, 3->4->2 MB, 4 MB goal, 0 MB stacks, 0 MB globals, 16 P
gc 357 @4.749s 1%: 0.23+0.52+0.18 ms clock, 3.7+0.63/1.0/0+3.0 ms cpu, 4->5->2 MB, 4 MB goal, 0 MB stacks, 0 MB globals, 16 P
gc 358 @4.751s 1%: 0.23+0.71+0.10 ms clock, 3.6+0.54/1.0/0.043+1.6 ms cpu, 4->5->2 MB, 4 MB goal, 0 MB stacks, 0 MB globals, 16 P
gc 359 @4.753s 1%: 0.13+0.76+0.13 ms clock, 2.1+0.61/1.0/0+2.1 ms cpu, 4->5->2 MB, 4 MB goal, 0 MB stacks, 0 MB globals, 16 P
gc 360 @4.755s 1%: 0.11+0.64+0.11 ms clock, 1.8+0.66/0.88/0+1.7 ms cpu, 4->5->2 MB, 5 MB goal, 0 MB stacks, 0 MB globals, 16 P
gc 361 @4.756s 1%: 0.13+1.0+0.060 ms clock, 2.2+0.65/0.95/0+0.97 ms cpu, 4->5->2 MB, 4 MB goal, 0 MB stacks, 0 MB globals, 16 P
gc 362 @4.759s 1%: 0.12+0.63+0.056 ms clock, 1.9+0.95/0.95/0.003+0.90 ms cpu, 4->5->2 MB, 5 MB goal, 0 MB stacks, 0 MB globals, 16 P
gc 363 @4.761s 1%: 0.14+0.54+0.12 ms clock, 2.3+0.63/0.84/0+2.0 ms cpu, 4->5->2 MB, 4 MB goal, 0 MB stacks, 0 MB globals, 16 P
gc 364 @4.763s 1%: 0.15+0.62+0.15 ms clock, 2.4+0.86/0.75/0+2.5 ms cpu, 4->4->2 MB, 4 MB goal, 0 MB stacks, 0 MB globals, 16 P
gc 365 @4.764s 1%: 0.11+0.54+0.13 ms clock, 1.8+0.77/0.94/0+2.0 ms cpu, 3->4->2 MB, 4 MB goal, 0 MB stacks, 0 MB globals, 16 P
gc 366 @4.766s 1%: 0.075+0.64+0.12 ms clock, 1.2+0.54/0.92/0+2.0 ms cpu, 3->4->2 MB, 4 MB goal, 0 MB stacks, 0 MB globals, 16 P
gc 367 @4.768s 1%: 0.097+0.62+0.18 ms clock, 1.5+0.59/0.87/0+2.9 ms cpu, 3->4->2 MB, 4 MB goal, 0 MB stacks, 0 MB globals, 16 P
gc 368 @4.769s 1%: 0.11+0.77+0.085 ms clock, 1.8+0.58/0.90/0+1.3 ms cpu, 3->4->2 MB, 4 MB goal, 0 MB stacks, 0 MB globals, 16 P
gc 369 @4.771s 1%: 0.13+0.50+0.13 ms clock, 2.2+0.70/0.99/0+2.1 ms cpu, 4->4->2 MB, 4 MB goal, 0 MB stacks, 0 MB globals, 16 P
gc 370 @4.773s 1%: 0.13+0.52+0.12 ms clock, 2.2+0.82/0.81/0+2.0 ms cpu, 3->4->2 MB, 4 MB goal, 0 MB stacks, 0 MB globals, 16 P
gc 371 @4.774s 1%: 0.14+0.45+0.20 ms clock, 2.2+0.84/0.72/0+3.2 ms cpu, 3->4->2 MB, 4 MB goal, 0 MB stacks, 0 MB globals, 16 P
gc 372 @4.776s 1%: 0.18+0.58+0.20 ms clock, 2.9+0.67/0.97/0+3.3 ms cpu, 3->4->2 MB, 4 MB goal, 0 MB stacks, 0 MB globals, 16 P
gc 373 @4.778s 1%: 0.14+0.61+0.17 ms clock, 2.3+0.64/1.1/0+2.8 ms cpu, 4->4->2 MB, 5 MB goal, 0 MB stacks, 0 MB globals, 16 P
gc 374 @4.779s 1%: 0.10+0.66+0.12 ms clock, 1.6+0.63/1.1/0+1.9 ms cpu, 3->4->2 MB, 4 MB goal, 0 MB stacks, 0 MB globals, 16 P
gc 375 @4.781s 1%: 0.17+0.70+0.14 ms clock, 2.8+0.70/0.98/0+2.2 ms cpu, 4->5->2 MB, 5 MB goal, 0 MB stacks, 0 MB globals, 16 P
gc 376 @4.783s 1%: 0.11+0.66+0.15 ms clock, 1.8+0.67/0.99/0.002+2.4 ms cpu, 4->5->2 MB, 5 MB goal, 0 MB stacks, 0 MB globals, 16 P
gc 377 @4.785s 1%: 0.14+0.54+0.16 ms clock, 2.3+0.64/0.89/0.006+2.6 ms cpu, 4->4->2 MB, 4 MB goal, 0 MB stacks, 0 MB globals, 16 P
gc 378 @4.787s 1%: 0.12+0.60+0.12 ms clock, 2.0+0.75/0.83/0+2.0 ms cpu, 3->4->2 MB, 4 MB goal, 0 MB stacks, 0 MB globals, 16 P
gc 379 @4.788s 1%: 0.14+0.64+0.11 ms clock, 2.3+0.55/1.0/0+1.9 ms cpu, 3->4->2 MB, 4 MB goal, 0 MB stacks, 0 MB globals, 16 P
gc 380 @4.790s 1%: 0.14+0.51+0.13 ms clock, 2.2+0.80/0.85/0+2.2 ms cpu, 4->4->2 MB, 4 MB goal, 0 MB stacks, 0 MB globals, 16 P
gc 381 @4.792s 1%: 0.17+0.76+0.13 ms clock, 2.7+0.74/0.87/0.024+2.1 ms cpu, 3->4->2 MB, 4 MB goal, 0 MB stacks, 0 MB globals, 16 P
gc 382 @4.793s 2%: 0.14+0.64+0.11 ms clock, 2.3+0.52/1.1/0.041+1.9 ms cpu, 4->4->2 MB, 4 MB goal, 0 MB stacks, 0 MB globals, 16 P
gc 383 @4.795s 2%: 0.13+0.65+0.078 ms clock, 2.1+0.68/0.97/0.008+1.2 ms cpu, 4->5->2 MB, 4 MB goal, 0 MB stacks, 0 MB globals, 16 P
gc 384 @4.797s 2%: 0.13+0.58+0.091 ms clock, 2.0+0.66/0.86/0+1.4 ms cpu, 4->5->2 MB, 4 MB goal, 0 MB stacks, 0 MB globals, 16 P
gc 385 @4.799s 2%: 0.14+0.58+0.15 ms clock, 2.2+0.84/0.84/0+2.5 ms cpu, 4->4->2 MB, 4 MB goal, 0 MB stacks, 0 MB globals, 16 P
gc 386 @4.801s 2%: 0.12+0.56+0.16 ms clock, 1.9+0.59/0.91/0+2.6 ms cpu, 4->4->2 MB, 4 MB goal, 0 MB stacks, 0 MB globals, 16 P
gc 387 @4.802s 2%: 0.16+0.51+0.15 ms clock, 2.5+0.59/0.87/0.038+2.4 ms cpu, 3->4->2 MB, 4 MB goal, 0 MB stacks, 0 MB globals, 16 P
gc 388 @4.804s 2%: 0.13+0.56+0.15 ms clock, 2.2+0.74/0.85/0+2.4 ms cpu, 3->4->2 MB, 4 MB goal, 0 MB stacks, 0 MB globals, 16 P
gc 389 @4.806s 2%: 0.11+0.64+0.21 ms clock, 1.9+0.66/1.1/0.006+3.4 ms cpu, 3->4->2 MB, 4 MB goal, 0 MB stacks, 0 MB globals, 16 P
gc 390 @4.807s 2%: 0.13+0.65+0.093 ms clock, 2.2+0.71/0.92/0+1.4 ms cpu, 4->4->2 MB, 4 MB goal, 0 MB stacks, 0 MB globals, 16 P
gc 391 @4.809s 2%: 0.10+0.57+0.21 ms clock, 1.7+0.55/0.87/0.048+3.4 ms cpu, 4->4->1 MB, 4 MB goal, 0 MB stacks, 0 MB globals, 16 P
gc 392 @4.811s 2%: 0.17+0.67+0.15 ms clock, 2.7+0.68/1.1/0+2.4 ms cpu, 3->4->2 MB, 4 MB goal, 0 MB stacks, 0 MB globals, 16 P
gc 393 @4.813s 2%: 0.19+0.62+0.20 ms clock, 3.1+0.77/1.0/0+3.2 ms cpu, 4->5->2 MB, 5 MB goal, 0 MB stacks, 0 MB globals, 16 P
gc 394 @4.815s 2%: 0.10+0.99+0.085 ms clock, 1.7+0.56/0.85/0.018+1.3 ms cpu, 4->5->2 MB, 5 MB goal, 0 MB stacks, 0 MB globals, 16 P
gc 395 @4.817s 2%: 0.12+0.54+0.14 ms clock, 2.0+0.64/0.89/0+2.2 ms cpu, 4->5->2 MB, 5 MB goal, 0 MB stacks, 0 MB globals, 16 P
gc 396 @4.819s 2%: 0.15+0.67+0.083 ms clock, 2.5+0.59/0.79/0.16+1.3 ms cpu, 3->4->2 MB, 4 MB goal, 0 MB stacks, 0 MB globals, 16 P
gc 397 @4.820s 2%: 0.14+0.63+0.10 ms clock, 2.3+0.71/1.1/0.002+1.6 ms cpu, 4->5->2 MB, 4 MB goal, 0 MB stacks, 0 MB globals, 16 P
gc 398 @4.822s 2%: 0.13+0.58+0.23 ms clock, 2.2+0.60/0.92/0.038+3.7 ms cpu, 4->4->2 MB, 4 MB goal, 0 MB stacks, 0 MB globals, 16 P
gc 399 @4.824s 2%: 0.17+0.56+0.16 ms clock, 2.8+0.45/0.88/0+2.6 ms cpu, 4->5->2 MB, 4 MB goal, 0 MB stacks, 0 MB globals, 16 P
gc 400 @4.826s 2%: 0.13+0.74+0.085 ms clock, 2.0+0.67/1.0/0+1.3 ms cpu, 4->4->2 MB, 4 MB goal, 0 MB stacks, 0 MB globals, 16 P
gc 401 @4.828s 2%: 0.11+0.79+0.10 ms clock, 1.8+0.73/1.0/0.013+1.6 ms cpu, 4->5->2 MB, 5 MB goal, 0 MB stacks, 0 MB globals, 16 P
gc 402 @4.830s 2%: 0.14+0.82+0.095 ms clock, 2.3+0.67/0.78/0+1.5 ms cpu, 4->5->2 MB, 5 MB goal, 0 MB stacks, 0 MB globals, 16 P
gc 403 @4.832s 2%: 0.12+0.69+0.13 ms clock, 1.9+0.64/0.96/0.043+2.2 ms cpu, 4->5->2 MB, 5 MB goal, 0 MB stacks, 0 MB globals, 16 P
gc 404 @4.834s 2%: 0.13+0.48+0.15 ms clock, 2.2+0.82/0.86/0.024+2.4 ms cpu, 4->4->2 MB, 4 MB goal, 0 MB stacks, 0 MB globals, 16 P
gc 405 @4.835s 2%: 0.15+0.45+0.13 ms clock, 2.4+0.65/0.92/0+2.2 ms cpu, 3->4->2 MB, 4 MB goal, 0 MB stacks, 0 MB globals, 16 P
gc 406 @4.837s 2%: 0.12+0.65+0.11 ms clock, 2.0+0.68/0.91/0+1.7 ms cpu, 3->4->2 MB, 4 MB goal, 0 MB stacks, 0 MB globals, 16 P
gc 407 @4.839s 2%: 0.11+0.65+0.082 ms clock, 1.8+0.64/1.0/0.003+1.3 ms cpu, 4->4->2 MB, 4 MB goal, 0 MB stacks, 0 MB globals, 16 P
gc 408 @4.840s 2%: 0.13+0.69+0.068 ms clock, 2.2+0.54/1.0/0.015+1.0 ms cpu, 4->5->2 MB, 4 MB goal, 0 MB stacks, 0 MB globals, 16 P
gc 409 @4.842s 2%: 0.10+0.52+0.15 ms clock, 1.6+0.63/0.96/0+2.4 ms cpu, 4->4->2 MB, 4 MB goal, 0 MB stacks, 0 MB globals, 16 P
gc 410 @4.844s 2%: 0.14+0.66+0.15 ms clock, 2.2+0.63/0.94/0+2.4 ms cpu, 3->4->2 MB, 4 MB goal, 0 MB stacks, 0 MB globals, 16 P
gc 411 @4.846s 2%: 0.12+0.76+0.12 ms clock, 2.0+0.61/1.0/0+2.0 ms cpu, 4->5->2 MB, 5 MB goal, 0 MB stacks, 0 MB globals, 16 P
gc 412 @4.848s 2%: 0.11+0.64+0.085 ms clock, 1.8+0.74/1.0/0.014+1.3 ms cpu, 4->5->2 MB, 5 MB goal, 0 MB stacks, 0 MB globals, 16 P
gc 413 @4.850s 2%: 0.19+0.69+0.097 ms clock, 3.1+0.64/0.95/0+1.5 ms cpu, 4->5->2 MB, 4 MB goal, 0 MB stacks, 0 MB globals, 16 P
gc 414 @4.852s 2%: 0.12+0.86+0.069 ms clock, 2.0+0.72/0.95/0.002+1.1 ms cpu, 4->5->2 MB, 5 MB goal, 0 MB stacks, 0 MB globals, 16 P
gc 415 @4.854s 2%: 0.14+0.74+0.078 ms clock, 2.2+0.69/0.96/0+1.2 ms cpu, 4->5->2 MB, 5 MB goal, 0 MB stacks, 0 MB globals, 16 P
gc 416 @4.856s 2%: 0.11+0.73+0.12 ms clock, 1.8+0.63/0.84/0+2.0 ms cpu, 4->5->2 MB, 5 MB goal, 0 MB stacks, 0 MB globals, 16 P
gc 417 @4.858s 2%: 0.21+0.54+0.20 ms clock, 3.4+0.55/0.98/0+3.3 ms cpu, 4->4->2 MB, 4 MB goal, 0 MB stacks, 0 MB globals, 16 P
gc 418 @4.859s 2%: 0.13+0.70+0.13 ms clock, 2.1+0.69/0.93/0+2.1 ms cpu, 3->4->2 MB, 4 MB goal, 0 MB stacks, 0 MB globals, 16 P
gc 419 @4.861s 2%: 0.11+0.65+0.15 ms clock, 1.9+0.70/0.86/0+2.4 ms cpu, 4->4->2 MB, 4 MB goal, 0 MB stacks, 0 MB globals, 16 P
gc 420 @4.863s 2%: 0.10+0.54+0.11 ms clock, 1.7+0.44/0.95/0+1.8 ms cpu, 4->4->2 MB, 4 MB goal, 0 MB stacks, 0 MB globals, 16 P
gc 421 @4.865s 2%: 0.12+0.67+0.070 ms clock, 1.9+0.60/0.89/0.020+1.1 ms cpu, 3->4->2 MB, 4 MB goal, 0 MB stacks, 0 MB globals, 16 P
gc 422 @4.866s 2%: 0.22+0.71+0.058 ms clock, 3.5+0.62/1.0/0+0.93 ms cpu, 3->4->2 MB, 4 MB goal, 0 MB stacks, 0 MB globals, 16 P
gc 423 @4.868s 2%: 0.13+0.61+0.24 ms clock, 2.1+0.64/0.99/0+3.8 ms cpu, 4->5->2 MB, 5 MB goal, 0 MB stacks, 0 MB globals, 16 P
gc 424 @4.870s 2%: 0.16+0.68+0.14 ms clock, 2.6+0.70/0.91/0.001+2.2 ms cpu, 4->4->2 MB, 4 MB goal, 0 MB stacks, 0 MB globals, 16 P
gc 425 @4.872s 2%: 0.17+0.73+0.17 ms clock, 2.7+0.62/0.90/0.019+2.7 ms cpu, 4->5->2 MB, 4 MB goal, 0 MB stacks, 0 MB globals, 16 P
gc 426 @4.874s 2%: 0.12+0.60+0.26 ms clock, 2.0+0.68/1.0/0+4.2 ms cpu, 4->5->2 MB, 4 MB goal, 0 MB stacks, 0 MB globals, 16 P
gc 427 @4.876s 2%: 0.17+0.56+0.11 ms clock, 2.8+0.51/0.93/0+1.7 ms cpu, 4->4->2 MB, 4 MB goal, 0 MB stacks, 0 MB globals, 16 P
gc 428 @4.877s 2%: 0.13+0.63+0.21 ms clock, 2.0+0.57/1.1/0.020+3.3 ms cpu, 4->4->2 MB, 4 MB goal, 0 MB stacks, 0 MB globals, 16 P
gc 429 @4.879s 2%: 0.12+0.58+0.14 ms clock, 1.9+0.58/0.95/0.009+2.2 ms cpu, 4->5->2 MB, 4 MB goal, 0 MB stacks, 0 MB globals, 16 P
gc 430 @4.881s 2%: 0.12+0.47+0.089 ms clock, 2.0+0.38/0.97/0+1.4 ms cpu, 4->4->2 MB, 4 MB goal, 0 MB stacks, 0 MB globals, 16 P
gc 431 @4.882s 2%: 0.14+0.77+0.10 ms clock, 2.3+0.71/0.86/0.005+1.6 ms cpu, 3->5->2 MB, 4 MB goal, 0 MB stacks, 0 MB globals, 16 P
gc 432 @4.885s 2%: 0.11+0.54+0.15 ms clock, 1.9+0.68/0.97/0.026+2.4 ms cpu, 4->5->2 MB, 5 MB goal, 0 MB stacks, 0 MB globals, 16 P
gc 433 @4.886s 2%: 0.21+0.52+0.13 ms clock, 3.3+0.98/0.81/0+2.1 ms cpu, 3->4->2 MB, 4 MB goal, 0 MB stacks, 0 MB globals, 16 P
gc 434 @4.888s 2%: 0.16+0.63+0.23 ms clock, 2.5+0.64/0.90/0+3.7 ms cpu, 4->4->2 MB, 4 MB goal, 0 MB stacks, 0 MB globals, 16 P
gc 435 @4.890s 2%: 0.23+0.92+0.061 ms clock, 3.7+0.80/1.0/0.002+0.97 ms cpu, 4->5->2 MB, 4 MB goal, 0 MB stacks, 0 MB globals, 16 P
gc 436 @4.892s 2%: 0.19+0.78+0.089 ms clock, 3.0+0.54/1.1/0+1.4 ms cpu, 4->5->2 MB, 5 MB goal, 0 MB stacks, 0 MB globals, 16 P
gc 437 @4.894s 2%: 0.11+0.65+0.10 ms clock, 1.7+0.58/1.1/0+1.6 ms cpu, 4->5->2 MB, 5 MB goal, 0 MB stacks, 0 MB globals, 16 P
gc 438 @4.896s 2%: 0.11+0.60+0.12 ms clock, 1.8+0.65/0.91/0+2.0 ms cpu, 4->4->2 MB, 4 MB goal, 0 MB stacks, 0 MB globals, 16 P
gc 439 @4.897s 2%: 0.10+0.69+0.10 ms clock, 1.6+0.56/1.0/0+1.6 ms cpu, 4->4->2 MB, 4 MB goal, 0 MB stacks, 0 MB globals, 16 P
gc 440 @4.899s 2%: 0.093+0.67+0.093 ms clock, 1.5+0.63/0.93/0+1.5 ms cpu, 3->4->2 MB, 4 MB goal, 0 MB stacks, 0 MB globals, 16 P
gc 441 @4.901s 2%: 0.096+0.63+0.10 ms clock, 1.5+0.53/0.85/0+1.6 ms cpu, 4->4->2 MB, 4 MB goal, 0 MB stacks, 0 MB globals, 16 P
gc 442 @4.903s 2%: 0.10+0.62+0.10 ms clock, 1.7+0.69/0.77/0+1.6 ms cpu, 3->4->2 MB, 4 MB goal, 0 MB stacks, 0 MB globals, 16 P
gc 443 @4.904s 2%: 0.099+0.80+0.13 ms clock, 1.5+0.53/1.1/0+2.2 ms cpu, 3->4->2 MB, 4 MB goal, 0 MB stacks, 0 MB globals, 16 P
gc 444 @4.906s 2%: 0.10+0.59+0.11 ms clock, 1.6+0.55/0.99/0.004+1.8 ms cpu, 4->5->2 MB, 5 MB goal, 0 MB stacks, 0 MB globals, 16 P
gc 445 @4.908s 2%: 0.25+0.58+0.11 ms clock, 4.0+0.74/0.96/0+1.8 ms cpu, 3->4->2 MB, 4 MB goal, 0 MB stacks, 0 MB globals, 16 P
gc 446 @4.910s 2%: 0.11+0.73+0.098 ms clock, 1.8+0.65/0.97/0.006+1.5 ms cpu, 4->5->2 MB, 5 MB goal, 0 MB stacks, 0 MB globals, 16 P
gc 447 @4.912s 2%: 0.10+0.71+0.14 ms clock, 1.6+0.66/0.92/0.051+2.2 ms cpu, 4->5->2 MB, 4 MB goal, 0 MB stacks, 0 MB globals, 16 P
gc 448 @4.914s 2%: 0.087+0.58+0.096 ms clock, 1.4+0.66/0.93/0.001+1.5 ms cpu, 4->4->2 MB, 5 MB goal, 0 MB stacks, 0 MB globals, 16 P
gc 449 @4.915s 2%: 0.12+0.70+0.093 ms clock, 1.9+0.54/1.0/0.005+1.4 ms cpu, 3->4->2 MB, 4 MB goal, 0 MB stacks, 0 MB globals, 16 P
gc 450 @4.917s 2%: 0.13+0.60+0.19 ms clock, 2.1+0.51/0.99/0+3.0 ms cpu, 4->4->2 MB, 4 MB goal, 0 MB stacks, 0 MB globals, 16 P
gc 451 @4.919s 2%: 0.16+0.69+0.12 ms clock, 2.6+0.85/0.97/0+2.0 ms cpu, 4->5->2 MB, 4 MB goal, 0 MB stacks, 0 MB globals, 16 P
gc 452 @4.921s 2%: 0.14+0.57+0.13 ms clock, 2.3+0.50/0.87/0.071+2.1 ms cpu, 4->5->2 MB, 5 MB goal, 0 MB stacks, 0 MB globals, 16 P
gc 453 @4.922s 2%: 0.11+0.50+0.11 ms clock, 1.8+0.61/0.90/0.008+1.8 ms cpu, 3->4->2 MB, 4 MB goal, 0 MB stacks, 0 MB globals, 16 P
gc 454 @4.924s 2%: 0.11+0.68+0.10 ms clock, 1.8+0.59/1.1/0.002+1.6 ms cpu, 3->4->2 MB, 4 MB goal, 0 MB stacks, 0 MB globals, 16 P
gc 455 @4.925s 2%: 0.21+0.59+0.16 ms clock, 3.4+0.68/0.97/0+2.6 ms cpu, 4->4->2 MB, 4 MB goal, 0 MB stacks, 0 MB globals, 16 P
gc 456 @4.927s 2%: 0.14+0.67+0.14 ms clock, 2.2+0.65/1.0/0+2.3 ms cpu, 3->4->2 MB, 4 MB goal, 0 MB stacks, 0 MB globals, 16 P
gc 457 @4.929s 2%: 0.11+0.54+0.24 ms clock, 1.8+0.81/0.83/0+3.8 ms cpu, 4->5->2 MB, 5 MB goal, 0 MB stacks, 0 MB globals, 16 P
gc 458 @4.931s 2%: 0.11+0.78+0.068 ms clock, 1.8+0.74/1.0/0.034+1.1 ms cpu, 3->4->2 MB, 4 MB goal, 0 MB stacks, 0 MB globals, 16 P
gc 459 @4.933s 2%: 0.10+0.66+0.12 ms clock, 1.7+0.55/0.90/0+1.9 ms cpu, 4->5->2 MB, 5 MB goal, 0 MB stacks, 0 MB globals, 16 P
gc 460 @4.934s 2%: 0.12+0.57+0.096 ms clock, 1.9+0.48/0.89/0.036+1.5 ms cpu, 4->4->2 MB, 4 MB goal, 0 MB stacks, 0 MB globals, 16 P
gc 461 @4.936s 2%: 0.10+0.56+0.10 ms clock, 1.7+0.53/0.94/0.008+1.7 ms cpu, 3->4->2 MB, 4 MB goal, 0 MB stacks, 0 MB globals, 16 P
gc 462 @4.938s 2%: 0.12+0.68+0.13 ms clock, 1.9+0.63/1.0/0+2.2 ms cpu, 3->4->2 MB, 4 MB goal, 0 MB stacks, 0 MB globals, 16 P
gc 463 @4.939s 2%: 0.12+0.61+0.16 ms clock, 1.9+0.65/0.95/0+2.5 ms cpu, 4->4->2 MB, 4 MB goal, 0 MB stacks, 0 MB globals, 16 P
gc 464 @4.941s 2%: 0.10+0.55+0.15 ms clock, 1.6+0.53/0.90/0.046+2.5 ms cpu, 4->5->2 MB, 4 MB goal, 0 MB stacks, 0 MB globals, 16 P
gc 465 @4.943s 2%: 0.17+0.53+0.10 ms clock, 2.7+0.89/0.98/0+1.7 ms cpu, 3->4->2 MB, 4 MB goal, 0 MB stacks, 0 MB globals, 16 P
gc 466 @4.944s 2%: 0.12+0.75+0.11 ms clock, 1.9+0.66/1.0/0+1.8 ms cpu, 3->4->2 MB, 4 MB goal, 0 MB stacks, 0 MB globals, 16 P
gc 467 @4.946s 2%: 0.13+0.63+0.10 ms clock, 2.2+0.71/0.85/0+1.7 ms cpu, 4->5->2 MB, 5 MB goal, 0 MB stacks, 0 MB globals, 16 P
gc 468 @4.948s 2%: 0.17+0.63+0.11 ms clock, 2.7+0.44/0.93/0.045+1.9 ms cpu, 4->4->2 MB, 4 MB goal, 0 MB stacks, 0 MB globals, 16 P
gc 469 @4.950s 2%: 0.13+0.65+0.22 ms clock, 2.1+0.63/0.83/0+3.6 ms cpu, 4->4->2 MB, 4 MB goal, 0 MB stacks, 0 MB globals, 16 P
gc 470 @4.952s 2%: 0.087+0.70+0.14 ms clock, 1.4+0.49/0.91/0+2.3 ms cpu, 4->4->2 MB, 4 MB goal, 0 MB stacks, 0 MB globals, 16 P
gc 471 @4.954s 2%: 0.11+0.75+0.10 ms clock, 1.8+0.71/1.1/0+1.7 ms cpu, 4->5->2 MB, 4 MB goal, 0 MB stacks, 0 MB globals, 16 P
gc 472 @4.956s 2%: 0.18+0.53+0.14 ms clock, 3.0+0.71/0.88/0+2.2 ms cpu, 4->5->2 MB, 5 MB goal, 0 MB stacks, 0 MB globals, 16 P
gc 473 @4.957s 2%: 0.13+0.79+0.075 ms clock, 2.1+0.74/0.89/0.12+1.2 ms cpu, 4->5->2 MB, 4 MB goal, 0 MB stacks, 0 MB globals, 16 P
gc 474 @4.960s 2%: 0.11+0.75+0.13 ms clock, 1.7+0.34/1.0/0+2.0 ms cpu, 4->5->2 MB, 5 MB goal, 0 MB stacks, 0 MB globals, 16 P
gc 475 @4.962s 2%: 0.11+0.58+0.17 ms clock, 1.7+0.75/0.99/0+2.7 ms cpu, 4->4->2 MB, 5 MB goal, 0 MB stacks, 0 MB globals, 16 P
gc 476 @4.963s 2%: 0.15+0.82+0.090 ms clock, 2.5+0.61/0.86/0.060+1.4 ms cpu, 3->4->2 MB, 4 MB goal, 0 MB stacks, 0 MB globals, 16 P
gc 477 @4.965s 2%: 0.085+0.84+0.15 ms clock, 1.3+0.54/0.97/0.16+2.4 ms cpu, 4->5->2 MB, 5 MB goal, 0 MB stacks, 0 MB globals, 16 P
gc 478 @4.967s 2%: 0.12+0.70+0.069 ms clock, 1.9+0.60/0.94/0+1.1 ms cpu, 4->5->2 MB, 4 MB goal, 0 MB stacks, 0 MB globals, 16 P
gc 479 @4.969s 2%: 0.16+0.74+0.10 ms clock, 2.6+0.62/0.78/0.056+1.6 ms cpu, 4->4->2 MB, 4 MB goal, 0 MB stacks, 0 MB globals, 16 P
gc 480 @4.971s 2%: 0.20+0.68+0.092 ms clock, 3.2+0.88/1.0/0.001+1.4 ms cpu, 4->5->2 MB, 4 MB goal, 0 MB stacks, 0 MB globals, 16 P
gc 481 @4.973s 2%: 0.11+0.57+0.10 ms clock, 1.9+0.55/1.0/0+1.7 ms cpu, 4->5->2 MB, 5 MB goal, 0 MB stacks, 0 MB globals, 16 P
gc 482 @4.974s 2%: 0.10+0.55+0.11 ms clock, 1.6+0.61/0.96/0.022+1.8 ms cpu, 3->4->2 MB, 4 MB goal, 0 MB stacks, 0 MB globals, 16 P
gc 483 @4.976s 2%: 0.23+0.51+0.23 ms clock, 3.7+0.74/0.88/0+3.6 ms cpu, 3->4->2 MB, 4 MB goal, 0 MB stacks, 0 MB globals, 16 P
gc 484 @4.978s 2%: 0.12+0.51+0.13 ms clock, 2.0+0.72/0.97/0+2.1 ms cpu, 4->4->2 MB, 4 MB goal, 0 MB stacks, 0 MB globals, 16 P
gc 485 @4.979s 2%: 0.14+0.71+0.099 ms clock, 2.2+0.80/0.83/0.001+1.5 ms cpu, 3->4->2 MB, 4 MB goal, 0 MB stacks, 0 MB globals, 16 P
gc 486 @4.981s 2%: 0.12+0.68+0.10 ms clock, 2.0+0.53/0.97/0.057+1.6 ms cpu, 4->4->2 MB, 4 MB goal, 0 MB stacks, 0 MB globals, 16 P
gc 487 @4.983s 2%: 0.21+0.65+0.10 ms clock, 3.4+0.49/0.88/0+1.6 ms cpu, 4->5->2 MB, 4 MB goal, 0 MB stacks, 0 MB globals, 16 P
gc 488 @4.985s 2%: 0.16+0.66+0.15 ms clock, 2.6+0.62/0.89/0+2.4 ms cpu, 4->4->2 MB, 4 MB goal, 0 MB stacks, 0 MB globals, 16 P
gc 489 @4.987s 2%: 0.13+0.63+0.16 ms clock, 2.1+0.64/0.97/0+2.6 ms cpu, 4->5->2 MB, 4 MB goal, 0 MB stacks, 0 MB globals, 16 P
gc 490 @4.988s 2%: 0.096+0.53+0.11 ms clock, 1.5+0.70/1.0/0.003+1.8 ms cpu, 4->4->2 MB, 4 MB goal, 0 MB stacks, 0 MB globals, 16 P
gc 491 @4.990s 2%: 0.13+0.59+0.12 ms clock, 2.1+0.74/1.0/0.039+1.9 ms cpu, 3->4->2 MB, 4 MB goal, 0 MB stacks, 0 MB globals, 16 P
gc 492 @4.992s 2%: 0.14+0.84+0.096 ms clock, 2.2+0.62/0.98/0.021+1.5 ms cpu, 4->5->2 MB, 4 MB goal, 0 MB stacks, 0 MB globals, 16 P
gc 493 @4.994s 2%: 0.13+0.71+0.098 ms clock, 2.1+0.75/0.96/0+1.5 ms cpu, 4->5->2 MB, 5 MB goal, 0 MB stacks, 0 MB globals, 16 P
gc 494 @4.996s 2%: 0.10+0.75+0.088 ms clock, 1.7+0.69/0.92/0+1.4 ms cpu, 4->5->2 MB, 5 MB goal, 0 MB stacks, 0 MB globals, 16 P
gc 495 @4.998s 2%: 0.20+0.52+0.20 ms clock, 3.3+0.87/0.91/0+3.2 ms cpu, 4->5->2 MB, 4 MB goal, 0 MB stacks, 0 MB globals, 16 P
gc 496 @5.000s 2%: 0.19+0.67+0.084 ms clock, 3.0+0.68/1.0/0.033+1.3 ms cpu, 4->4->2 MB, 4 MB goal, 0 MB stacks, 0 MB globals, 16 P
gc 497 @5.001s 2%: 0.12+0.64+0.14 ms clock, 2.0+0.65/0.91/0+2.3 ms cpu, 4->4->2 MB, 4 MB goal, 0 MB stacks, 0 MB globals, 16 P
gc 498 @5.003s 2%: 0.12+0.72+0.10 ms clock, 2.0+0.59/1.0/0+1.6 ms cpu, 3->4->2 MB, 4 MB goal, 0 MB stacks, 0 MB globals, 16 P
gc 499 @5.005s 2%: 0.10+0.49+0.12 ms clock, 1.7+0.69/0.85/0+1.9 ms cpu, 4->4->2 MB, 4 MB goal, 0 MB stacks, 0 MB globals, 16 P
gc 500 @5.006s 2%: 0.088+0.63+0.14 ms clock, 1.4+0.55/1.0/0+2.3 ms cpu, 3->4->2 MB, 4 MB goal, 0 MB stacks, 0 MB globals, 16 P
gc 501 @5.008s 2%: 0.083+0.56+0.17 ms clock, 1.3+0.71/0.90/0+2.8 ms cpu, 4->4->2 MB, 4 MB goal, 0 MB stacks, 0 MB globals, 16 P
gc 502 @5.010s 2%: 0.17+0.66+0.13 ms clock, 2.8+0.69/1.1/0+2.1 ms cpu, 3->4->2 MB, 4 MB goal, 0 MB stacks, 0 MB globals, 16 P
gc 503 @5.012s 2%: 0.11+0.87+0.089 ms clock, 1.9+0.65/0.98/0+1.4 ms cpu, 4->5->2 MB, 5 MB goal, 0 MB stacks, 0 MB globals, 16 P
gc 504 @5.013s 2%: 0.10+0.66+0.19 ms clock, 1.7+0.61/1.0/0.032+3.1 ms cpu, 4->4->2 MB, 4 MB goal, 0 MB stacks, 0 MB globals, 16 P
gc 505 @5.015s 2%: 0.14+0.62+0.13 ms clock, 2.2+0.53/0.98/0+2.1 ms cpu, 4->4->2 MB, 4 MB goal, 0 MB stacks, 0 MB globals, 16 P
gc 506 @5.017s 2%: 0.16+0.61+0.22 ms clock, 2.5+0.75/0.85/0+3.6 ms cpu, 3->4->2 MB, 4 MB goal, 0 MB stacks, 0 MB globals, 16 P
gc 507 @5.019s 2%: 0.14+0.52+0.11 ms clock, 2.3+0.60/0.88/0+1.8 ms cpu, 4->4->2 MB, 4 MB goal, 0 MB stacks, 0 MB globals, 16 P
gc 508 @5.020s 2%: 0.14+0.75+0.074 ms clock, 2.2+0.49/0.97/0+1.1 ms cpu, 3->4->2 MB, 4 MB goal, 0 MB stacks, 0 MB globals, 16 P
gc 509 @5.022s 2%: 0.14+0.65+0.22 ms clock, 2.3+0.66/1.0/0+3.6 ms cpu, 4->5->2 MB, 4 MB goal, 0 MB stacks, 0 MB globals, 16 P
gc 510 @5.024s 2%: 0.14+0.63+0.14 ms clock, 2.2+0.40/0.88/0+2.3 ms cpu, 4->5->2 MB, 5 MB goal, 0 MB stacks, 0 MB globals, 16 P
gc 511 @5.026s 2%: 0.13+0.61+0.11 ms clock, 2.2+0.56/1.0/0+1.8 ms cpu, 4->4->2 MB, 4 MB goal, 0 MB stacks, 0 MB globals, 16 P
gc 512 @5.028s 2%: 0.14+0.73+0.057 ms clock, 2.3+0.72/0.95/0+0.91 ms cpu, 4->4->2 MB, 5 MB goal, 0 MB stacks, 0 MB globals, 16 P
gc 513 @5.030s 2%: 0.098+0.71+0.15 ms clock, 1.5+0.98/1.0/0+2.4 ms cpu, 4->4->2 MB, 4 MB goal, 0 MB stacks, 0 MB globals, 16 P
gc 514 @5.032s 2%: 0.096+0.69+0.098 ms clock, 1.5+0.62/0.91/0.045+1.5 ms cpu, 4->5->2 MB, 4 MB goal, 0 MB stacks, 0 MB globals, 16 P
gc 515 @5.033s 2%: 0.13+0.65+0.072 ms clock, 2.2+0.56/1.0/0.001+1.1 ms cpu, 4->5->2 MB, 4 MB goal, 0 MB stacks, 0 MB globals, 16 P
gc 516 @5.035s 2%: 0.11+0.52+0.084 ms clock, 1.7+0.67/0.87/0+1.3 ms cpu, 4->4->2 MB, 4 MB goal, 0 MB stacks, 0 MB globals, 16 P
gc 517 @5.037s 2%: 0.12+0.60+0.12 ms clock, 1.9+0.66/1.1/0+2.0 ms cpu, 3->4->2 MB, 4 MB goal, 0 MB stacks, 0 MB globals, 16 P
gc 518 @5.038s 2%: 0.17+0.69+0.12 ms clock, 2.7+0.62/0.91/0+1.9 ms cpu, 4->4->2 MB, 4 MB goal, 0 MB stacks, 0 MB globals, 16 P
gc 519 @5.040s 2%: 0.14+0.81+0.090 ms clock, 2.2+0.60/1.1/0+1.4 ms cpu, 4->5->2 MB, 5 MB goal, 0 MB stacks, 0 MB globals, 16 P
gc 520 @5.043s 2%: 0.16+0.85+0.11 ms clock, 2.6+0.57/0.96/0+1.8 ms cpu, 4->5->2 MB, 5 MB goal, 0 MB stacks, 0 MB globals, 16 P
gc 521 @5.045s 2%: 0.10+0.64+0.11 ms clock, 1.6+0.56/0.97/0+1.8 ms cpu, 4->5->2 MB, 5 MB goal, 0 MB stacks, 0 MB globals, 16 P
gc 522 @5.046s 2%: 0.14+0.67+0.14 ms clock, 2.3+0.74/0.97/0+2.3 ms cpu, 4->5->2 MB, 4 MB goal, 0 MB stacks, 0 MB globals, 16 P
gc 523 @5.048s 2%: 0.16+0.67+0.096 ms clock, 2.5+0.65/0.90/0.038+1.5 ms cpu, 4->4->2 MB, 5 MB goal, 0 MB stacks, 0 MB globals, 16 P
gc 524 @5.050s 2%: 0.099+0.59+0.12 ms clock, 1.5+0.71/0.96/0+1.9 ms cpu, 3->4->2 MB, 4 MB goal, 0 MB stacks, 0 MB globals, 16 P
gc 525 @5.052s 2%: 0.13+0.57+0.19 ms clock, 2.1+0.73/0.90/0+3.0 ms cpu, 4->4->2 MB, 4 MB goal, 0 MB stacks, 0 MB globals, 16 P
gc 526 @5.054s 2%: 0.11+0.60+0.10 ms clock, 1.9+0.71/1.1/0+1.6 ms cpu, 3->4->2 MB, 4 MB goal, 0 MB stacks, 0 MB globals, 16 P
gc 527 @5.055s 2%: 0.10+0.65+0.10 ms clock, 1.6+0.69/0.88/0.004+1.6 ms cpu, 4->5->2 MB, 4 MB goal, 0 MB stacks, 0 MB globals, 16 P
gc 528 @5.057s 2%: 0.12+0.64+0.15 ms clock, 1.9+0.62/0.90/0+2.5 ms cpu, 4->5->2 MB, 5 MB goal, 0 MB stacks, 0 MB globals, 16 P
gc 529 @5.059s 2%: 0.13+0.58+0.12 ms clock, 2.1+0.59/0.97/0+1.9 ms cpu, 3->4->2 MB, 4 MB goal, 0 MB stacks, 0 MB globals, 16 P
gc 530 @5.061s 2%: 0.15+0.88+0.10 ms clock, 2.4+0.73/0.94/0+1.7 ms cpu, 4->5->2 MB, 5 MB goal, 0 MB stacks, 0 MB globals, 16 P
gc 531 @5.063s 2%: 0.15+0.60+0.13 ms clock, 2.4+0.82/0.84/0+2.1 ms cpu, 4->5->2 MB, 5 MB goal, 0 MB stacks, 0 MB globals, 16 P
gc 532 @5.065s 2%: 0.12+0.63+0.14 ms clock, 2.0+0.77/0.87/0+2.2 ms cpu, 4->4->2 MB, 4 MB goal, 0 MB stacks, 0 MB globals, 16 P
gc 533 @5.067s 2%: 0.12+0.61+0.14 ms clock, 2.0+0.57/1.0/0+2.3 ms cpu, 4->4->2 MB, 4 MB goal, 0 MB stacks, 0 MB globals, 16 P
gc 534 @5.069s 2%: 0.15+0.51+0.15 ms clock, 2.5+0.70/0.89/0.050+2.5 ms cpu, 4->4->2 MB, 4 MB goal, 0 MB stacks, 0 MB globals, 16 P
gc 535 @5.070s 2%: 0.12+0.53+0.13 ms clock, 1.9+0.75/0.91/0.003+2.0 ms cpu, 4->4->2 MB, 4 MB goal, 0 MB stacks, 0 MB globals, 16 P
gc 536 @5.072s 2%: 0.10+0.68+0.058 ms clock, 1.6+0.60/0.96/0+0.93 ms cpu, 4->4->2 MB, 4 MB goal, 0 MB stacks, 0 MB globals, 16 P
gc 537 @5.074s 2%: 0.13+0.79+0.15 ms clock, 2.1+0.67/1.1/0+2.4 ms cpu, 4->5->2 MB, 4 MB goal, 0 MB stacks, 0 MB globals, 16 P
gc 538 @5.076s 2%: 0.12+0.51+0.10 ms clock, 1.9+0.50/0.94/0+1.6 ms cpu, 4->5->2 MB, 5 MB goal, 0 MB stacks, 0 MB globals, 16 P
gc 539 @5.077s 2%: 0.15+0.71+0.10 ms clock, 2.4+0.46/1.1/0.032+1.6 ms cpu, 3->4->2 MB, 4 MB goal, 0 MB stacks, 0 MB globals, 16 P
gc 540 @5.079s 2%: 0.12+0.80+0.10 ms clock, 1.9+0.69/0.92/0.005+1.6 ms cpu, 4->5->2 MB, 4 MB goal, 0 MB stacks, 0 MB globals, 16 P
gc 541 @5.081s 2%: 0.13+0.76+0.10 ms clock, 2.1+0.65/1.0/0.002+1.7 ms cpu, 4->5->2 MB, 5 MB goal, 0 MB stacks, 0 MB globals, 16 P
gc 542 @5.083s 2%: 0.19+0.96+0.18 ms clock, 3.1+0.78/0.91/0+2.9 ms cpu, 4->5->2 MB, 5 MB goal, 0 MB stacks, 0 MB globals, 16 P
gc 543 @5.086s 2%: 0.12+0.79+0.15 ms clock, 2.0+0.68/0.95/0+2.4 ms cpu, 4->6->2 MB, 5 MB goal, 0 MB stacks, 0 MB globals, 16 P
gc 544 @5.088s 2%: 0.11+0.83+0.16 ms clock, 1.8+0.55/1.0/0+2.5 ms cpu, 4->5->2 MB, 5 MB goal, 0 MB stacks, 0 MB globals, 16 P
gc 545 @5.090s 2%: 0.11+0.67+0.13 ms clock, 1.9+0.57/0.92/0+2.2 ms cpu, 4->5->2 MB, 5 MB goal, 0 MB stacks, 0 MB globals, 16 P
gc 546 @5.092s 2%: 0.14+0.67+0.16 ms clock, 2.3+0.72/0.94/0+2.7 ms cpu, 4->5->2 MB, 5 MB goal, 0 MB stacks, 0 MB globals, 16 P
gc 547 @5.094s 2%: 0.10+0.74+0.080 ms clock, 1.6+0.51/1.1/0.004+1.2 ms cpu, 4->5->2 MB, 4 MB goal, 0 MB stacks, 0 MB globals, 16 P
gc 548 @5.096s 2%: 0.090+0.74+0.11 ms clock, 1.4+0.58/1.1/0.014+1.8 ms cpu, 4->5->2 MB, 5 MB goal, 0 MB stacks, 0 MB globals, 16 P
gc 549 @5.098s 2%: 0.15+0.58+0.19 ms clock, 2.4+0.79/0.95/0+3.0 ms cpu, 4->5->2 MB, 5 MB goal, 0 MB stacks, 0 MB globals, 16 P
gc 550 @5.100s 2%: 0.19+0.74+0.11 ms clock, 3.1+0.81/0.81/0+1.7 ms cpu, 4->5->2 MB, 4 MB goal, 0 MB stacks, 0 MB globals, 16 P
gc 551 @5.102s 2%: 0.14+0.86+0.14 ms clock, 2.3+0.65/0.94/0+2.3 ms cpu, 4->5->2 MB, 5 MB goal, 0 MB stacks, 0 MB globals, 16 P
gc 552 @5.104s 2%: 0.11+0.58+0.11 ms clock, 1.7+0.61/0.98/0+1.7 ms cpu, 4->5->2 MB, 5 MB goal, 0 MB stacks, 0 MB globals, 16 P
gc 553 @5.106s 2%: 0.18+0.53+0.17 ms clock, 2.9+0.60/1.0/0+2.8 ms cpu, 4->4->2 MB, 4 MB goal, 0 MB stacks, 0 MB globals, 16 P
gc 554 @5.108s 2%: 0.13+0.58+0.081 ms clock, 2.1+0.64/0.92/0+1.3 ms cpu, 4->4->2 MB, 4 MB goal, 0 MB stacks, 0 MB globals, 16 P
gc 555 @5.109s 2%: 0.16+0.78+0.15 ms clock, 2.6+0.63/1.1/0.056+2.5 ms cpu, 3->5->2 MB, 4 MB goal, 0 MB stacks, 0 MB globals, 16 P
gc 556 @5.111s 2%: 0.086+0.78+0.10 ms clock, 1.3+0.61/0.99/0+1.6 ms cpu, 4->5->2 MB, 5 MB goal, 0 MB stacks, 0 MB globals, 16 P
gc 557 @5.114s 2%: 0.11+0.62+0.11 ms clock, 1.8+0.60/1.0/0.015+1.8 ms cpu, 4->5->2 MB, 5 MB goal, 0 MB stacks, 0 MB globals, 16 P
gc 558 @5.115s 2%: 0.15+0.52+0.23 ms clock, 2.5+0.72/0.87/0.022+3.8 ms cpu, 3->4->2 MB, 4 MB goal, 0 MB stacks, 0 MB globals, 16 P
gc 559 @5.117s 2%: 0.22+0.53+0.14 ms clock, 3.6+0.55/0.91/0.003+2.2 ms cpu, 3->4->2 MB, 4 MB goal, 0 MB stacks, 0 MB globals, 16 P
gc 560 @5.119s 2%: 0.14+0.69+0.13 ms clock, 2.2+0.69/0.85/0+2.1 ms cpu, 4->4->2 MB, 4 MB goal, 0 MB stacks, 0 MB globals, 16 P
gc 561 @5.120s 2%: 0.11+0.76+0.10 ms clock, 1.8+0.66/0.90/0.039+1.6 ms cpu, 4->4->2 MB, 4 MB goal, 0 MB stacks, 0 MB globals, 16 P
gc 562 @5.122s 2%: 0.10+0.64+0.12 ms clock, 1.7+0.65/0.95/0+1.9 ms cpu, 4->4->2 MB, 4 MB goal, 0 MB stacks, 0 MB globals, 16 P
gc 563 @5.124s 2%: 0.16+0.60+0.11 ms clock, 2.5+0.54/1.0/0.025+1.8 ms cpu, 4->5->2 MB, 4 MB goal, 0 MB stacks, 0 MB globals, 16 P
gc 564 @5.126s 2%: 0.20+0.70+0.11 ms clock, 3.2+0.66/1.0/0+1.7 ms cpu, 4->5->2 MB, 4 MB goal, 0 MB stacks, 0 MB globals, 16 P
gc 565 @5.128s 2%: 0.10+0.55+0.13 ms clock, 1.6+0.42/0.91/0.010+2.1 ms cpu, 4->5->2 MB, 5 MB goal, 0 MB stacks, 0 MB globals, 16 P
gc 566 @5.129s 2%: 0.15+0.97+0.11 ms clock, 2.4+0.73/1.0/0.009+1.8 ms cpu, 3->4->2 MB, 4 MB goal, 0 MB stacks, 0 MB globals, 16 P
gc 567 @5.132s 2%: 0.13+0.70+0.070 ms clock, 2.2+0.74/0.98/0+1.1 ms cpu, 4->5->2 MB, 5 MB goal, 0 MB stacks, 0 MB globals, 16 P
gc 568 @5.134s 2%: 0.21+0.73+0.14 ms clock, 3.3+0.49/1.0/0+2.3 ms cpu, 4->5->2 MB, 5 MB goal, 0 MB stacks, 0 MB globals, 16 P
gc 569 @5.136s 2%: 0.10+0.55+0.17 ms clock, 1.7+0.70/0.94/0+2.7 ms cpu, 4->5->2 MB, 5 MB goal, 0 MB stacks, 0 MB globals, 16 P
gc 570 @5.138s 2%: 0.15+0.67+0.17 ms clock, 2.5+0.67/1.1/0.037+2.8 ms cpu, 3->4->2 MB, 4 MB goal, 0 MB stacks, 0 MB globals, 16 P
gc 571 @5.139s 2%: 0.17+0.65+0.14 ms clock, 2.7+0.71/0.76/0+2.3 ms cpu, 4->5->2 MB, 5 MB goal, 0 MB stacks, 0 MB globals, 16 P
gc 572 @5.142s 2%: 0.12+0.63+0.12 ms clock, 1.9+0.50/1.0/0+1.9 ms cpu, 4->5->2 MB, 5 MB goal, 0 MB stacks, 0 MB globals, 16 P
gc 573 @5.143s 2%: 0.11+0.87+0.060 ms clock, 1.8+0.59/0.99/0.024+0.96 ms cpu, 4->4->2 MB, 4 MB goal, 0 MB stacks, 0 MB globals, 16 P
gc 574 @5.145s 2%: 0.10+0.57+0.092 ms clock, 1.6+0.55/0.94/0+1.4 ms cpu, 4->5->2 MB, 5 MB goal, 0 MB stacks, 0 MB globals, 16 P
gc 575 @5.147s 2%: 0.15+0.64+0.18 ms clock, 2.5+0.81/0.84/0+2.9 ms cpu, 3->4->2 MB, 4 MB goal, 0 MB stacks, 0 MB globals, 16 P
gc 576 @5.149s 2%: 0.15+0.61+0.097 ms clock, 2.4+0.57/1.0/0.004+1.5 ms cpu, 4->5->2 MB, 4 MB goal, 0 MB stacks, 0 MB globals, 16 P
gc 577 @5.151s 2%: 0.12+0.66+0.14 ms clock, 2.0+0.58/1.0/0.008+2.3 ms cpu, 4->4->2 MB, 4 MB goal, 0 MB stacks, 0 MB globals, 16 P
gc 578 @5.152s 2%: 0.20+0.63+0.12 ms clock, 3.2+0.69/0.96/0+2.0 ms cpu, 4->5->2 MB, 4 MB goal, 0 MB stacks, 0 MB globals, 16 P
gc 579 @5.154s 2%: 0.10+0.60+0.12 ms clock, 1.7+0.50/1.0/0.006+1.9 ms cpu, 4->5->2 MB, 5 MB goal, 0 MB stacks, 0 MB globals, 16 P
gc 580 @5.156s 2%: 0.13+0.60+0.095 ms clock, 2.2+0.55/0.98/0.010+1.5 ms cpu, 4->4->2 MB, 4 MB goal, 0 MB stacks, 0 MB globals, 16 P
gc 581 @5.158s 2%: 0.10+0.68+0.11 ms clock, 1.7+0.60/1.0/0.007+1.7 ms cpu, 4->4->2 MB, 4 MB goal, 0 MB stacks, 0 MB globals, 16 P
gc 582 @5.160s 2%: 0.12+0.64+0.090 ms clock, 2.0+0.68/0.88/0.002+1.4 ms cpu, 4->4->2 MB, 4 MB goal, 0 MB stacks, 0 MB globals, 16 P
gc 583 @5.161s 2%: 0.12+0.72+0.077 ms clock, 1.9+0.66/0.94/0+1.2 ms cpu, 4->4->2 MB, 4 MB goal, 0 MB stacks, 0 MB globals, 16 P
gc 584 @5.163s 2%: 0.11+0.62+0.089 ms clock, 1.9+0.65/0.93/0+1.4 ms cpu, 4->4->2 MB, 4 MB goal, 0 MB stacks, 0 MB globals, 16 P
gc 585 @5.165s 2%: 0.12+0.72+0.10 ms clock, 2.0+0.52/1.0/0.036+1.7 ms cpu, 4->4->2 MB, 4 MB goal, 0 MB stacks, 0 MB globals, 16 P
gc 586 @5.167s 2%: 0.10+0.58+0.12 ms clock, 1.6+0.76/1.0/0+2.0 ms cpu, 4->5->2 MB, 4 MB goal, 0 MB stacks, 0 MB globals, 16 P
gc 587 @5.169s 2%: 0.14+0.55+0.15 ms clock, 2.3+0.64/0.84/0+2.4 ms cpu, 3->4->2 MB, 4 MB goal, 0 MB stacks, 0 MB globals, 16 P
gc 588 @5.170s 2%: 0.13+0.54+0.21 ms clock, 2.1+0.78/0.89/0+3.4 ms cpu, 4->4->2 MB, 4 MB goal, 0 MB stacks, 0 MB globals, 16 P
gc 589 @5.172s 2%: 0.14+0.56+0.14 ms clock, 2.3+0.59/0.97/0.022+2.2 ms cpu, 4->4->2 MB, 4 MB goal, 0 MB stacks, 0 MB globals, 16 P
gc 590 @5.174s 2%: 0.13+0.68+0.14 ms clock, 2.2+0.62/0.96/0+2.2 ms cpu, 4->5->2 MB, 5 MB goal, 0 MB stacks, 0 MB globals, 16 P
gc 591 @5.176s 2%: 0.11+0.68+0.095 ms clock, 1.7+0.62/1.0/0+1.5 ms cpu, 4->5->2 MB, 5 MB goal, 0 MB stacks, 0 MB globals, 16 P
gc 592 @5.178s 2%: 0.22+0.54+0.22 ms clock, 3.6+0.71/0.95/0+3.6 ms cpu, 4->4->2 MB, 4 MB goal, 0 MB stacks, 0 MB globals, 16 P
gc 593 @5.180s 2%: 0.13+0.58+0.12 ms clock, 2.2+0.81/0.78/0+2.0 ms cpu, 4->4->2 MB, 4 MB goal, 0 MB stacks, 0 MB globals, 16 P
gc 594 @5.181s 2%: 0.16+0.65+0.20 ms clock, 2.6+0.73/0.99/0+3.2 ms cpu, 3->4->2 MB, 4 MB goal, 0 MB stacks, 0 MB globals, 16 P
gc 595 @5.183s 2%: 0.12+0.54+0.12 ms clock, 2.0+0.63/0.91/0.001+2.0 ms cpu, 4->5->2 MB, 5 MB goal, 0 MB stacks, 0 MB globals, 16 P
gc 596 @5.185s 2%: 0.18+0.65+0.19 ms clock, 2.9+0.59/0.94/0.033+3.0 ms cpu, 3->4->2 MB, 4 MB goal, 0 MB stacks, 0 MB globals, 16 P
gc 597 @5.187s 2%: 0.18+0.57+0.11 ms clock, 3.0+0.87/0.90/0+1.7 ms cpu, 4->4->2 MB, 4 MB goal, 0 MB stacks, 0 MB globals, 16 P
gc 598 @5.188s 2%: 0.13+0.83+0.10 ms clock, 2.1+0.86/0.90/0.010+1.6 ms cpu, 3->5->2 MB, 4 MB goal, 0 MB stacks, 0 MB globals, 16 P
gc 599 @5.191s 2%: 0.13+0.50+0.13 ms clock, 2.1+0.67/0.91/0+2.1 ms cpu, 4->5->2 MB, 5 MB goal, 0 MB stacks, 0 MB globals, 16 P
gc 600 @5.192s 2%: 0.21+0.96+0.097 ms clock, 3.4+0.71/1.0/0+1.5 ms cpu, 3->5->2 MB, 4 MB goal, 0 MB stacks, 0 MB globals, 16 P
gc 601 @5.195s 2%: 0.11+0.65+0.086 ms clock, 1.7+0.68/0.88/0.022+1.3 ms cpu, 4->5->2 MB, 5 MB goal, 0 MB stacks, 0 MB globals, 16 P
gc 602 @5.196s 2%: 0.16+0.52+0.14 ms clock, 2.6+0.91/0.98/0+2.2 ms cpu, 3->4->2 MB, 4 MB goal, 0 MB stacks, 0 MB globals, 16 P
gc 603 @5.198s 2%: 0.11+0.62+0.098 ms clock, 1.9+0.59/0.99/0.002+1.5 ms cpu, 4->4->2 MB, 4 MB goal, 0 MB stacks, 0 MB globals, 16 P
gc 604 @5.200s 2%: 0.13+0.54+0.15 ms clock, 2.2+0.71/0.89/0+2.4 ms cpu, 4->4->2 MB, 4 MB goal, 0 MB stacks, 0 MB globals, 16 P
gc 605 @5.202s 2%: 0.13+0.73+0.14 ms clock, 2.1+0.73/1.0/0+2.3 ms cpu, 4->5->2 MB, 4 MB goal, 0 MB stacks, 0 MB globals, 16 P
gc 606 @5.204s 2%: 0.10+0.66+0.10 ms clock, 1.6+0.61/0.91/0+1.6 ms cpu, 4->5->2 MB, 5 MB goal, 0 MB stacks, 0 MB globals, 16 P
gc 607 @5.205s 2%: 0.20+0.80+0.097 ms clock, 3.3+0.71/1.0/0+1.5 ms cpu, 4->4->2 MB, 4 MB goal, 0 MB stacks, 0 MB globals, 16 P
gc 608 @5.207s 2%: 0.13+0.57+0.19 ms clock, 2.1+0.82/0.89/0.001+3.0 ms cpu, 4->5->2 MB, 5 MB goal, 0 MB stacks, 0 MB globals, 16 P
gc 609 @5.209s 2%: 0.13+0.66+0.20 ms clock, 2.2+0.72/0.93/0.001+3.2 ms cpu, 3->4->2 MB, 4 MB goal, 0 MB stacks, 0 MB globals, 16 P
gc 610 @5.211s 2%: 0.12+0.54+0.18 ms clock, 2.0+0.67/1.0/0.089+3.0 ms cpu, 4->4->2 MB, 4 MB goal, 0 MB stacks, 0 MB globals, 16 P
gc 611 @5.213s 2%: 0.087+0.56+0.068 ms clock, 1.3+0.64/0.90/0.011+1.1 ms cpu, 3->4->2 MB, 4 MB goal, 0 MB stacks, 0 MB globals, 16 P
gc 612 @5.214s 2%: 0.14+0.75+0.13 ms clock, 2.3+0.64/1.0/0+2.1 ms cpu, 3->4->2 MB, 4 MB goal, 0 MB stacks, 0 MB globals, 16 P
gc 613 @5.216s 2%: 0.18+0.74+0.12 ms clock, 2.9+0.65/0.87/0+2.0 ms cpu, 4->5->2 MB, 5 MB goal, 0 MB stacks, 0 MB globals, 16 P
gc 614 @5.218s 2%: 0.15+0.67+0.098 ms clock, 2.5+0.56/1.0/0+1.5 ms cpu, 4->4->2 MB, 4 MB goal, 0 MB stacks, 0 MB globals, 16 P
gc 615 @5.220s 2%: 0.13+0.73+0.097 ms clock, 2.1+0.70/0.90/0+1.5 ms cpu, 4->5->2 MB, 5 MB goal, 0 MB stacks, 0 MB globals, 16 P
gc 616 @5.222s 2%: 0.12+0.60+0.15 ms clock, 1.9+0.56/1.0/0.023+2.5 ms cpu, 4->5->2 MB, 5 MB goal, 0 MB stacks, 0 MB globals, 16 P
gc 617 @5.224s 2%: 0.13+0.65+0.11 ms clock, 2.1+0.68/0.92/0+1.8 ms cpu, 4->5->2 MB, 4 MB goal, 0 MB stacks, 0 MB globals, 16 P
gc 618 @5.225s 2%: 0.12+0.73+0.25 ms clock, 1.9+0.61/0.99/0+4.1 ms cpu, 4->5->2 MB, 5 MB goal, 0 MB stacks, 0 MB globals, 16 P
gc 619 @5.227s 2%: 0.13+0.62+0.18 ms clock, 2.0+0.87/0.77/0+3.0 ms cpu, 4->5->2 MB, 5 MB goal, 0 MB stacks, 0 MB globals, 16 P
gc 620 @5.229s 2%: 0.13+0.69+0.16 ms clock, 2.1+0.75/0.89/0+2.6 ms cpu, 4->5->2 MB, 4 MB goal, 0 MB stacks, 0 MB globals, 16 P
gc 621 @5.231s 2%: 0.27+0.86+0.087 ms clock, 4.3+0.67/1.0/0+1.4 ms cpu, 4->5->2 MB, 4 MB goal, 0 MB stacks, 0 MB globals, 16 P
gc 622 @5.233s 2%: 0.13+0.63+0.26 ms clock, 2.1+0.74/0.92/0.011+4.2 ms cpu, 4->5->2 MB, 5 MB goal, 0 MB stacks, 0 MB globals, 16 P
gc 623 @5.235s 2%: 0.13+0.56+0.15 ms clock, 2.0+0.76/0.88/0+2.5 ms cpu, 4->4->2 MB, 4 MB goal, 0 MB stacks, 0 MB globals, 16 P
gc 624 @5.237s 2%: 0.13+0.54+0.12 ms clock, 2.2+0.78/0.95/0+1.9 ms cpu, 4->4->2 MB, 4 MB goal, 0 MB stacks, 0 MB globals, 16 P
gc 625 @5.239s 2%: 0.14+0.60+0.11 ms clock, 2.3+0.91/0.84/0+1.8 ms cpu, 4->5->2 MB, 4 MB goal, 0 MB stacks, 0 MB globals, 16 P
gc 626 @5.241s 2%: 0.18+0.54+0.15 ms clock, 2.9+0.73/0.86/0+2.4 ms cpu, 4->4->2 MB, 5 MB goal, 0 MB stacks, 0 MB globals, 16 P
gc 627 @5.242s 2%: 0.12+0.72+0.10 ms clock, 1.9+0.69/1.0/0.004+1.6 ms cpu, 4->4->2 MB, 4 MB goal, 0 MB stacks, 0 MB globals, 16 P
gc 628 @5.244s 2%: 0.11+0.57+0.088 ms clock, 1.7+0.58/1.1/0+1.4 ms cpu, 4->4->2 MB, 5 MB goal, 0 MB stacks, 0 MB globals, 16 P
gc 629 @5.246s 2%: 0.23+0.55+0.18 ms clock, 3.7+0.66/0.93/0+2.9 ms cpu, 3->4->2 MB, 4 MB goal, 0 MB stacks, 0 MB globals, 16 P
gc 630 @5.248s 3%: 0.12+0.67+0.092 ms clock, 2.0+0.64/0.96/0+1.4 ms cpu, 4->4->2 MB, 4 MB goal, 0 MB stacks, 0 MB globals, 16 P
gc 631 @5.250s 3%: 0.11+0.52+0.11 ms clock, 1.8+0.63/1.0/0+1.8 ms cpu, 4->4->2 MB, 4 MB goal, 0 MB stacks, 0 MB globals, 16 P
gc 632 @5.251s 3%: 0.16+0.65+0.094 ms clock, 2.6+0.62/0.80/0.11+1.5 ms cpu, 3->4->2 MB, 4 MB goal, 0 MB stacks, 0 MB globals, 16 P
gc 633 @5.253s 3%: 0.18+0.71+0.16 ms clock, 2.9+0.70/0.90/0+2.6 ms cpu, 3->4->2 MB, 4 MB goal, 0 MB stacks, 0 MB globals, 16 P
gc 634 @5.255s 3%: 0.14+0.75+0.10 ms clock, 2.2+0.60/0.94/0+1.6 ms cpu, 4->5->2 MB, 4 MB goal, 0 MB stacks, 0 MB globals, 16 P
gc 635 @5.257s 3%: 0.17+0.57+0.12 ms clock, 2.7+0.64/0.81/0+2.0 ms cpu, 4->4->2 MB, 5 MB goal, 0 MB stacks, 0 MB globals, 16 P
gc 636 @5.258s 3%: 0.17+0.66+0.24 ms clock, 2.8+0.75/1.0/0+3.9 ms cpu, 3->4->2 MB, 4 MB goal, 0 MB stacks, 0 MB globals, 16 P
gc 637 @5.260s 3%: 0.18+0.63+0.11 ms clock, 2.9+0.88/0.82/0+1.8 ms cpu, 4->5->2 MB, 5 MB goal, 0 MB stacks, 0 MB globals, 16 P
gc 638 @5.262s 3%: 0.12+0.66+0.097 ms clock, 2.0+0.63/1.0/0+1.5 ms cpu, 4->4->2 MB, 4 MB goal, 0 MB stacks, 0 MB globals, 16 P
gc 639 @5.264s 3%: 0.22+0.52+0.17 ms clock, 3.5+0.61/0.94/0+2.7 ms cpu, 4->4->2 MB, 4 MB goal, 0 MB stacks, 0 MB globals, 16 P
gc 640 @5.265s 3%: 0.10+0.70+0.10 ms clock, 1.7+0.34/1.0/0.10+1.7 ms cpu, 4->4->2 MB, 4 MB goal, 0 MB stacks, 0 MB globals, 16 P
gc 641 @5.267s 3%: 0.13+0.53+0.11 ms clock, 2.1+0.65/0.92/0+1.8 ms cpu, 4->4->2 MB, 4 MB goal, 0 MB stacks, 0 MB globals, 16 P
gc 642 @5.269s 3%: 0.11+0.62+0.086 ms clock, 1.9+0.63/0.94/0.017+1.3 ms cpu, 3->4->2 MB, 4 MB goal, 0 MB stacks, 0 MB globals, 16 P
gc 643 @5.271s 3%: 0.12+0.50+0.10 ms clock, 1.9+0.73/0.92/0+1.7 ms cpu, 4->4->2 MB, 4 MB goal, 0 MB stacks, 0 MB globals, 16 P
gc 644 @5.272s 3%: 0.096+0.62+0.12 ms clock, 1.5+0.65/0.98/0.097+1.9 ms cpu, 3->4->2 MB, 4 MB goal, 0 MB stacks, 0 MB globals, 16 P
gc 645 @5.274s 3%: 0.11+0.60+0.085 ms clock, 1.8+0.72/0.85/0.008+1.3 ms cpu, 4->4->2 MB, 4 MB goal, 0 MB stacks, 0 MB globals, 16 P
gc 646 @5.276s 3%: 0.10+0.71+0.084 ms clock, 1.6+0.58/1.1/0.021+1.3 ms cpu, 3->4->2 MB, 4 MB goal, 0 MB stacks, 0 MB globals, 16 P
gc 647 @5.278s 3%: 0.11+0.65+0.13 ms clock, 1.7+0.83/1.0/0+2.1 ms cpu, 4->5->2 MB, 4 MB goal, 0 MB stacks, 0 MB globals, 16 P
gc 648 @5.279s 3%: 0.11+0.63+0.16 ms clock, 1.8+0.71/0.89/0.041+2.7 ms cpu, 4->5->2 MB, 4 MB goal, 0 MB stacks, 0 MB globals, 16 P
gc 649 @5.281s 3%: 0.10+0.55+0.12 ms clock, 1.6+0.67/0.96/0+2.0 ms cpu, 4->4->2 MB, 4 MB goal, 0 MB stacks, 0 MB globals, 16 P
gc 650 @5.283s 3%: 0.10+0.61+0.18 ms clock, 1.7+0.66/1.2/0+2.9 ms cpu, 3->4->2 MB, 4 MB goal, 0 MB stacks, 0 MB globals, 16 P
gc 651 @5.285s 3%: 0.17+0.48+0.19 ms clock, 2.8+0.93/0.87/0+3.1 ms cpu, 4->4->2 MB, 4 MB goal, 0 MB stacks, 0 MB globals, 16 P
gc 652 @5.286s 3%: 0.098+0.80+0.069 ms clock, 1.5+0.56/0.97/0.003+1.1 ms cpu, 3->4->2 MB, 4 MB goal, 0 MB stacks, 0 MB globals, 16 P
gc 653 @5.288s 3%: 0.16+0.66+0.15 ms clock, 2.5+0.77/0.82/0+2.5 ms cpu, 4->5->2 MB, 4 MB goal, 0 MB stacks, 0 MB globals, 16 P
gc 654 @5.290s 3%: 0.10+0.72+0.085 ms clock, 1.6+0.68/0.89/0+1.3 ms cpu, 4->5->2 MB, 5 MB goal, 0 MB stacks, 0 MB globals, 16 P
gc 655 @5.292s 3%: 0.14+0.61+0.12 ms clock, 2.2+0.56/1.0/0+1.9 ms cpu, 4->5->2 MB, 4 MB goal, 0 MB stacks, 0 MB globals, 16 P
gc 656 @5.294s 3%: 0.11+0.54+0.20 ms clock, 1.7+0.67/0.97/0.055+3.3 ms cpu, 4->4->2 MB, 4 MB goal, 0 MB stacks, 0 MB globals, 16 P
gc 657 @5.295s 3%: 0.13+0.64+0.11 ms clock, 2.0+0.50/0.93/0+1.8 ms cpu, 3->4->2 MB, 4 MB goal, 0 MB stacks, 0 MB globals, 16 P
gc 658 @5.297s 3%: 0.25+0.89+0.11 ms clock, 4.1+0.81/0.88/0.012+1.8 ms cpu, 4->5->2 MB, 4 MB goal, 0 MB stacks, 0 MB globals, 16 P
gc 659 @5.300s 3%: 0.11+0.56+0.17 ms clock, 1.9+0.57/1.0/0+2.7 ms cpu, 4->5->2 MB, 5 MB goal, 0 MB stacks, 0 MB globals, 16 P
gc 660 @5.301s 3%: 0.15+0.81+0.074 ms clock, 2.4+0.65/0.99/0+1.1 ms cpu, 3->4->2 MB, 4 MB goal, 0 MB stacks, 0 MB globals, 16 P
gc 661 @5.303s 3%: 0.10+0.68+0.10 ms clock, 1.6+0.51/1.1/0.001+1.7 ms cpu, 4->5->2 MB, 5 MB goal, 0 MB stacks, 0 MB globals, 16 P
gc 662 @5.305s 3%: 0.12+0.66+0.13 ms clock, 1.9+0.54/1.0/0+2.1 ms cpu, 4->4->2 MB, 4 MB goal, 0 MB stacks, 0 MB globals, 16 P
gc 663 @5.307s 3%: 0.12+0.69+0.15 ms clock, 1.9+0.64/0.91/0+2.5 ms cpu, 4->4->2 MB, 4 MB goal, 0 MB stacks, 0 MB globals, 16 P
gc 664 @5.309s 3%: 0.14+0.47+0.10 ms clock, 2.3+0.62/0.86/0+1.7 ms cpu, 4->4->2 MB, 4 MB goal, 0 MB stacks, 0 MB globals, 16 P
gc 665 @5.310s 3%: 0.14+0.58+0.16 ms clock, 2.3+0.87/0.83/0+2.5 ms cpu, 3->4->2 MB, 4 MB goal, 0 MB stacks, 0 MB globals, 16 P
gc 666 @5.312s 3%: 0.24+0.65+0.11 ms clock, 3.8+0.71/0.95/0+1.9 ms cpu, 4->5->2 MB, 4 MB goal, 0 MB stacks, 0 MB globals, 16 P
gc 667 @5.314s 3%: 0.16+0.59+0.075 ms clock, 2.5+0.72/0.90/0.011+1.2 ms cpu, 4->4->2 MB, 4 MB goal, 0 MB stacks, 0 MB globals, 16 P
gc 668 @5.316s 3%: 0.11+0.59+0.10 ms clock, 1.8+0.67/0.91/0+1.7 ms cpu, 4->4->2 MB, 4 MB goal, 0 MB stacks, 0 MB globals, 16 P
gc 669 @5.317s 3%: 0.14+0.63+0.083 ms clock, 2.2+0.62/1.0/0.025+1.3 ms cpu, 3->4->2 MB, 4 MB goal, 0 MB stacks, 0 MB globals, 16 P
gc 670 @5.319s 3%: 0.15+0.58+0.098 ms clock, 2.4+0.63/0.98/0+1.5 ms cpu, 4->4->2 MB, 4 MB goal, 0 MB stacks, 0 MB globals, 16 P
gc 671 @5.321s 3%: 0.10+0.75+0.13 ms clock, 1.7+0.47/0.96/0+2.1 ms cpu, 4->5->2 MB, 4 MB goal, 0 MB stacks, 0 MB globals, 16 P
gc 672 @5.323s 3%: 0.12+0.66+0.10 ms clock, 1.9+0.55/0.98/0+1.6 ms cpu, 4->5->2 MB, 5 MB goal, 0 MB stacks, 0 MB globals, 16 P
gc 673 @5.325s 3%: 0.11+0.59+0.22 ms clock, 1.8+0.43/1.0/0+3.6 ms cpu, 4->4->2 MB, 4 MB goal, 0 MB stacks, 0 MB globals, 16 P
gc 674 @5.326s 3%: 0.11+0.73+0.12 ms clock, 1.9+0.59/0.90/0+2.0 ms cpu, 4->4->2 MB, 4 MB goal, 0 MB stacks, 0 MB globals, 16 P
gc 675 @5.328s 3%: 0.17+0.61+0.15 ms clock, 2.8+0.57/0.95/0.010+2.4 ms cpu, 4->5->2 MB, 5 MB goal, 0 MB stacks, 0 MB globals, 16 P
gc 676 @5.330s 3%: 0.13+0.64+0.14 ms clock, 2.1+0.76/0.95/0+2.2 ms cpu, 4->5->2 MB, 5 MB goal, 0 MB stacks, 0 MB globals, 16 P
gc 677 @5.332s 3%: 0.11+0.48+0.13 ms clock, 1.8+0.68/0.84/0.024+2.0 ms cpu, 4->4->2 MB, 4 MB goal, 0 MB stacks, 0 MB globals, 16 P
gc 678 @5.334s 3%: 0.10+0.70+0.20 ms clock, 1.6+0.65/0.89/0.27+3.2 ms cpu, 3->4->2 MB, 4 MB goal, 0 MB stacks, 0 MB globals, 16 P
gc 679 @5.335s 3%: 0.20+0.72+0.15 ms clock, 3.2+0.62/0.85/0+2.4 ms cpu, 3->4->2 MB, 4 MB goal, 0 MB stacks, 0 MB globals, 16 P
gc 680 @5.337s 3%: 0.13+0.61+0.12 ms clock, 2.2+0.62/0.97/0+1.9 ms cpu, 4->5->2 MB, 5 MB goal, 0 MB stacks, 0 MB globals, 16 P
gc 681 @5.339s 3%: 0.12+0.64+0.11 ms clock, 2.0+0.83/0.82/0+1.7 ms cpu, 3->4->2 MB, 4 MB goal, 0 MB stacks, 0 MB globals, 16 P
gc 682 @5.341s 3%: 0.13+0.70+0.19 ms clock, 2.1+0.73/0.98/0+3.0 ms cpu, 4->5->2 MB, 4 MB goal, 0 MB stacks, 0 MB globals, 16 P
gc 683 @5.343s 3%: 0.15+0.55+0.17 ms clock, 2.4+0.62/0.85/0+2.8 ms cpu, 4->4->2 MB, 5 MB goal, 0 MB stacks, 0 MB globals, 16 P
gc 684 @5.345s 3%: 0.13+0.87+0.082 ms clock, 2.0+0.59/0.93/0+1.3 ms cpu, 3->4->2 MB, 4 MB goal, 0 MB stacks, 0 MB globals, 16 P
gc 685 @5.347s 3%: 0.14+0.66+0.096 ms clock, 2.3+0.73/1.0/0+1.5 ms cpu, 4->5->2 MB, 5 MB goal, 0 MB stacks, 0 MB globals, 16 P
gc 686 @5.349s 3%: 0.13+0.56+0.16 ms clock, 2.0+0.72/0.79/0+2.5 ms cpu, 4->4->2 MB, 5 MB goal, 0 MB stacks, 0 MB globals, 16 P
gc 687 @5.350s 3%: 0.12+0.60+0.12 ms clock, 2.0+0.62/1.2/0+2.0 ms cpu, 3->4->2 MB, 4 MB goal, 0 MB stacks, 0 MB globals, 16 P
gc 688 @5.352s 3%: 0.11+0.63+0.14 ms clock, 1.8+0.62/0.87/0+2.2 ms cpu, 4->4->2 MB, 5 MB goal, 0 MB stacks, 0 MB globals, 16 P
gc 689 @5.354s 3%: 0.11+0.69+0.082 ms clock, 1.8+0.58/1.1/0.042+1.3 ms cpu, 4->4->2 MB, 4 MB goal, 0 MB stacks, 0 MB globals, 16 P
gc 690 @5.356s 3%: 0.15+0.76+0.078 ms clock, 2.4+0.76/0.80/0.041+1.2 ms cpu, 4->5->2 MB, 4 MB goal, 0 MB stacks, 0 MB globals, 16 P
gc 691 @5.358s 3%: 0.14+0.72+0.14 ms clock, 2.2+0.67/0.99/0.027+2.2 ms cpu, 4->5->2 MB, 4 MB goal, 0 MB stacks, 0 MB globals, 16 P
gc 692 @5.359s 3%: 0.12+0.52+0.11 ms clock, 2.0+0.62/1.0/0+1.7 ms cpu, 4->4->2 MB, 4 MB goal, 0 MB stacks, 0 MB globals, 16 P
gc 693 @5.361s 3%: 0.11+0.65+0.15 ms clock, 1.8+0.62/1.1/0+2.5 ms cpu, 3->4->2 MB, 4 MB goal, 0 MB stacks, 0 MB globals, 16 P
gc 694 @5.363s 3%: 0.12+0.62+0.11 ms clock, 2.0+0.73/1.0/0+1.7 ms cpu, 4->4->2 MB, 4 MB goal, 0 MB stacks, 0 MB globals, 16 P
gc 695 @5.365s 3%: 0.12+0.55+0.10 ms clock, 1.9+0.64/0.89/0+1.6 ms cpu, 4->4->2 MB, 4 MB goal, 0 MB stacks, 0 MB globals, 16 P
gc 696 @5.366s 3%: 0.11+0.79+0.12 ms clock, 1.8+0.83/1.0/0.010+2.0 ms cpu, 3->4->2 MB, 4 MB goal, 0 MB stacks, 0 MB globals, 16 P
gc 697 @5.368s 3%: 0.15+0.68+0.13 ms clock, 2.4+0.63/1.0/0+2.0 ms cpu, 4->5->2 MB, 5 MB goal, 0 MB stacks, 0 MB globals, 16 P
gc 698 @5.370s 3%: 0.12+0.69+0.10 ms clock, 2.0+0.67/1.0/0+1.6 ms cpu, 4->5->2 MB, 5 MB goal, 0 MB stacks, 0 MB globals, 16 P
gc 699 @5.372s 3%: 0.14+0.62+0.083 ms clock, 2.3+0.73/1.0/0+1.3 ms cpu, 4->5->2 MB, 5 MB goal, 0 MB stacks, 0 MB globals, 16 P
gc 700 @5.374s 3%: 0.17+0.49+0.16 ms clock, 2.7+0.74/0.85/0+2.6 ms cpu, 4->4->2 MB, 4 MB goal, 0 MB stacks, 0 MB globals, 16 P
gc 701 @5.376s 3%: 0.12+0.56+0.11 ms clock, 1.9+0.59/1.0/0+1.7 ms cpu, 4->4->2 MB, 4 MB goal, 0 MB stacks, 0 MB globals, 16 P
gc 702 @5.377s 3%: 0.18+0.57+0.16 ms clock, 3.0+0.80/1.0/0+2.6 ms cpu, 3->4->2 MB, 4 MB goal, 0 MB stacks, 0 MB globals, 16 P
gc 703 @5.380s 3%: 0.37+1.0+0.088 ms clock, 5.9+0.53/0.97/0.12+1.4 ms cpu, 4->5->2 MB, 4 MB goal, 0 MB stacks, 0 MB globals, 16 P
gc 704 @5.382s 3%: 0.12+0.59+0.10 ms clock, 1.9+0.60/0.88/0.022+1.6 ms cpu, 5->5->2 MB, 6 MB goal, 0 MB stacks, 0 MB globals, 16 P
gc 705 @5.384s 3%: 0.13+0.86+0.057 ms clock, 2.1+0.59/1.0/0.001+0.92 ms cpu, 4->5->2 MB, 4 MB goal, 0 MB stacks, 0 MB globals, 16 P
gc 706 @5.386s 3%: 0.10+0.61+0.10 ms clock, 1.7+0.77/0.91/0+1.7 ms cpu, 4->5->2 MB, 5 MB goal, 0 MB stacks, 0 MB globals, 16 P
gc 707 @5.388s 3%: 0.14+0.80+0.048 ms clock, 2.3+0.62/1.1/0+0.77 ms cpu, 4->4->2 MB, 4 MB goal, 0 MB stacks, 0 MB globals, 16 P
gc 708 @5.390s 3%: 0.12+0.65+0.052 ms clock, 2.0+0.68/1.0/0+0.84 ms cpu, 4->5->2 MB, 5 MB goal, 0 MB stacks, 0 MB globals, 16 P
gc 709 @5.392s 3%: 0.16+0.70+0.18 ms clock, 2.6+0.78/0.78/0.044+3.0 ms cpu, 4->5->2 MB, 4 MB goal, 0 MB stacks, 0 MB globals, 16 P
gc 710 @5.394s 3%: 0.16+0.69+0.10 ms clock, 2.5+0.76/0.98/0.063+1.6 ms cpu, 4->5->2 MB, 5 MB goal, 0 MB stacks, 0 MB globals, 16 P
gc 711 @5.396s 3%: 0.14+0.76+0.10 ms clock, 2.2+0.81/0.99/0+1.6 ms cpu, 4->5->2 MB, 5 MB goal, 0 MB stacks, 0 MB globals, 16 P
gc 712 @5.398s 3%: 0.14+0.72+0.16 ms clock, 2.3+0.74/1.0/0+2.6 ms cpu, 4->5->2 MB, 5 MB goal, 0 MB stacks, 0 MB globals, 16 P
gc 713 @5.399s 3%: 0.10+0.76+0.091 ms clock, 1.7+0.58/1.1/0.003+1.4 ms cpu, 4->5->2 MB, 4 MB goal, 0 MB stacks, 0 MB globals, 16 P
gc 714 @5.402s 3%: 0.11+0.66+0.10 ms clock, 1.8+0.62/1.0/0+1.6 ms cpu, 4->5->2 MB, 5 MB goal, 0 MB stacks, 0 MB globals, 16 P
gc 715 @5.403s 3%: 0.14+0.66+0.11 ms clock, 2.3+0.48/0.86/0.017+1.7 ms cpu, 4->4->2 MB, 4 MB goal, 0 MB stacks, 0 MB globals, 16 P
gc 716 @5.405s 3%: 0.11+0.74+0.11 ms clock, 1.8+0.70/0.92/0+1.9 ms cpu, 3->4->2 MB, 4 MB goal, 0 MB stacks, 0 MB globals, 16 P
gc 717 @5.407s 3%: 0.11+0.47+0.11 ms clock, 1.8+0.79/0.87/0+1.8 ms cpu, 4->4->2 MB, 5 MB goal, 0 MB stacks, 0 MB globals, 16 P
gc 718 @5.408s 3%: 0.15+0.68+0.14 ms clock, 2.4+0.65/1.0/0+2.2 ms cpu, 3->4->2 MB, 4 MB goal, 0 MB stacks, 0 MB globals, 16 P
gc 719 @5.410s 3%: 0.15+0.54+0.091 ms clock, 2.4+0.58/0.96/0+1.4 ms cpu, 4->5->2 MB, 5 MB goal, 0 MB stacks, 0 MB globals, 16 P
gc 720 @5.412s 3%: 0.16+0.80+0.087 ms clock, 2.6+0.63/1.0/0.001+1.3 ms cpu, 3->4->2 MB, 4 MB goal, 0 MB stacks, 0 MB globals, 16 P
gc 721 @5.414s 3%: 0.11+0.71+0.20 ms clock, 1.8+0.55/1.0/0+3.2 ms cpu, 4->5->2 MB, 5 MB goal, 0 MB stacks, 0 MB globals, 16 P
gc 722 @5.416s 3%: 0.12+0.81+0.074 ms clock, 2.0+0.57/1.0/0+1.1 ms cpu, 4->5->2 MB, 5 MB goal, 0 MB stacks, 0 MB globals, 16 P
gc 723 @5.418s 3%: 0.12+0.65+0.16 ms clock, 1.9+0.70/0.95/0+2.6 ms cpu, 4->5->2 MB, 5 MB goal, 0 MB stacks, 0 MB globals, 16 P
gc 724 @5.419s 3%: 0.14+0.60+0.13 ms clock, 2.3+0.56/1.0/0+2.2 ms cpu, 4->4->2 MB, 4 MB goal, 0 MB stacks, 0 MB globals, 16 P
gc 725 @5.421s 3%: 0.12+0.70+0.13 ms clock, 1.9+0.50/1.0/0+2.2 ms cpu, 4->5->2 MB, 4 MB goal, 0 MB stacks, 0 MB globals, 16 P
gc 726 @5.423s 3%: 0.12+0.54+0.11 ms clock, 2.0+0.74/0.84/0.004+1.8 ms cpu, 4->4->2 MB, 5 MB goal, 0 MB stacks, 0 MB globals, 16 P
gc 727 @5.425s 3%: 0.15+0.64+0.13 ms clock, 2.5+0.70/1.0/0+2.1 ms cpu, 3->4->2 MB, 4 MB goal, 0 MB stacks, 0 MB globals, 16 P
gc 728 @5.427s 3%: 0.10+0.56+0.10 ms clock, 1.7+0.71/0.94/0+1.6 ms cpu, 4->4->2 MB, 4 MB goal, 0 MB stacks, 0 MB globals, 16 P
gc 729 @5.428s 3%: 0.20+0.53+0.16 ms clock, 3.3+0.78/0.86/0.027+2.6 ms cpu, 3->4->2 MB, 4 MB goal, 0 MB stacks, 0 MB globals, 16 P
gc 730 @5.430s 3%: 0.15+0.57+0.094 ms clock, 2.5+0.74/0.84/0+1.5 ms cpu, 4->4->2 MB, 4 MB goal, 0 MB stacks, 0 MB globals, 16 P
gc 731 @5.432s 3%: 0.17+0.62+0.17 ms clock, 2.7+0.68/0.85/0+2.8 ms cpu, 4->4->2 MB, 4 MB goal, 0 MB stacks, 0 MB globals, 16 P
gc 732 @5.434s 3%: 0.16+0.69+0.085 ms clock, 2.7+0.71/0.88/0+1.3 ms cpu, 4->5->2 MB, 4 MB goal, 0 MB stacks, 0 MB globals, 16 P
gc 733 @5.436s 3%: 0.13+0.69+0.10 ms clock, 2.1+0.71/0.92/0.007+1.6 ms cpu, 4->5->2 MB, 4 MB goal, 0 MB stacks, 0 MB globals, 16 P
gc 734 @5.438s 3%: 0.10+0.73+0.082 ms clock, 1.6+0.64/1.0/0+1.3 ms cpu, 4->4->2 MB, 5 MB goal, 0 MB stacks, 0 MB globals, 16 P
gc 735 @5.439s 3%: 0.12+0.68+0.13 ms clock, 2.0+0.71/0.81/0+2.1 ms cpu, 3->4->2 MB, 4 MB goal, 0 MB stacks, 0 MB globals, 16 P
gc 736 @5.441s 3%: 0.098+0.58+0.10 ms clock, 1.5+0.61/0.85/0+1.6 ms cpu, 4->4->2 MB, 4 MB goal, 0 MB stacks, 0 MB globals, 16 P
gc 737 @5.443s 3%: 0.14+0.68+0.17 ms clock, 2.3+0.71/1.0/0.021+2.7 ms cpu, 3->4->2 MB, 4 MB goal, 0 MB stacks, 0 MB globals, 16 P
gc 738 @5.445s 3%: 0.11+0.50+0.10 ms clock, 1.8+0.61/0.84/0+1.7 ms cpu, 4->4->2 MB, 5 MB goal, 0 MB stacks, 0 MB globals, 16 P
gc 739 @5.446s 3%: 0.20+0.68+0.16 ms clock, 3.3+0.68/0.92/0+2.5 ms cpu, 3->4->2 MB, 4 MB goal, 0 MB stacks, 0 MB globals, 16 P
gc 740 @5.448s 3%: 0.13+0.66+0.15 ms clock, 2.1+0.74/0.89/0.013+2.5 ms cpu, 4->5->2 MB, 5 MB goal, 0 MB stacks, 0 MB globals, 16 P
gc 741 @5.450s 3%: 0.16+0.67+0.11 ms clock, 2.6+0.66/0.89/0.019+1.9 ms cpu, 4->5->2 MB, 5 MB goal, 0 MB stacks, 0 MB globals, 16 P
gc 742 @5.452s 3%: 0.15+0.63+0.096 ms clock, 2.5+0.71/1.0/0+1.5 ms cpu, 4->5->2 MB, 4 MB goal, 0 MB stacks, 0 MB globals, 16 P
gc 743 @5.454s 3%: 0.11+0.65+0.099 ms clock, 1.8+0.57/0.99/0+1.5 ms cpu, 4->4->2 MB, 4 MB goal, 0 MB stacks, 0 MB globals, 16 P
gc 744 @5.455s 3%: 0.11+0.57+0.13 ms clock, 1.7+0.75/0.86/0+2.2 ms cpu, 4->4->2 MB, 4 MB goal, 0 MB stacks, 0 MB globals, 16 P
gc 745 @5.457s 3%: 0.12+0.56+0.19 ms clock, 2.0+0.64/0.83/0.027+3.0 ms cpu, 3->4->2 MB, 4 MB goal, 0 MB stacks, 0 MB globals, 16 P
gc 746 @5.459s 3%: 0.11+0.56+0.10 ms clock, 1.7+0.64/0.91/0.023+1.6 ms cpu, 3->4->2 MB, 4 MB goal, 0 MB stacks, 0 MB globals, 16 P
gc 747 @5.460s 3%: 0.11+0.77+0.065 ms clock, 1.8+1.0/1.2/0.030+1.0 ms cpu, 3->4->2 MB, 4 MB goal, 0 MB stacks, 0 MB globals, 16 P
gc 748 @5.462s 3%: 0.17+0.57+0.12 ms clock, 2.8+0.78/0.94/0+1.9 ms cpu, 4->5->2 MB, 4 MB goal, 0 MB stacks, 0 MB globals, 16 P
gc 749 @5.464s 3%: 0.11+0.57+0.22 ms clock, 1.8+0.59/0.92/0.012+3.6 ms cpu, 4->4->2 MB, 4 MB goal, 0 MB stacks, 0 MB globals, 16 P
gc 750 @5.466s 3%: 0.18+0.83+0.073 ms clock, 2.9+0.66/0.94/0+1.1 ms cpu, 4->5->2 MB, 4 MB goal, 0 MB stacks, 0 MB globals, 16 P
gc 751 @5.468s 3%: 0.16+0.58+0.10 ms clock, 2.6+0.68/0.95/0+1.6 ms cpu, 4->5->2 MB, 5 MB goal, 0 MB stacks, 0 MB globals, 16 P
gc 752 @5.470s 3%: 0.12+0.52+0.13 ms clock, 1.9+0.76/0.89/0+2.0 ms cpu, 4->4->2 MB, 4 MB goal, 0 MB stacks, 0 MB globals, 16 P
gc 753 @5.471s 3%: 0.19+0.62+0.10 ms clock, 3.0+0.59/0.93/0+1.7 ms cpu, 3->4->2 MB, 4 MB goal, 0 MB stacks, 0 MB globals, 16 P
gc 754 @5.473s 3%: 0.12+0.62+0.17 ms clock, 1.9+0.66/0.95/0.001+2.7 ms cpu, 4->4->2 MB, 4 MB goal, 0 MB stacks, 0 MB globals, 16 P
gc 755 @5.475s 3%: 0.11+0.75+0.11 ms clock, 1.7+0.62/1.0/0.009+1.8 ms cpu, 4->4->2 MB, 4 MB goal, 0 MB stacks, 0 MB globals, 16 P
gc 756 @5.477s 3%: 0.10+0.70+0.15 ms clock, 1.6+0.63/1.0/0+2.5 ms cpu, 4->5->2 MB, 5 MB goal, 0 MB stacks, 0 MB globals, 16 P
gc 757 @5.479s 3%: 0.18+0.68+0.11 ms clock, 3.0+0.65/0.91/0+1.8 ms cpu, 4->5->2 MB, 4 MB goal, 0 MB stacks, 0 MB globals, 16 P
gc 758 @5.481s 3%: 0.15+0.62+0.093 ms clock, 2.4+0.72/0.86/0+1.4 ms cpu, 4->4->2 MB, 4 MB goal, 0 MB stacks, 0 MB globals, 16 P
gc 759 @5.482s 3%: 0.17+0.66+0.15 ms clock, 2.8+0.62/0.79/0+2.5 ms cpu, 4->4->2 MB, 4 MB goal, 0 MB stacks, 0 MB globals, 16 P
gc 760 @5.484s 3%: 0.077+0.52+0.13 ms clock, 1.2+0.52/0.87/0.014+2.2 ms cpu, 4->4->2 MB, 4 MB goal, 0 MB stacks, 0 MB globals, 16 P
gc 761 @5.486s 3%: 0.13+0.57+0.15 ms clock, 2.1+0.72/1.0/0.001+2.4 ms cpu, 3->4->2 MB, 4 MB goal, 0 MB stacks, 0 MB globals, 16 P
gc 762 @5.487s 3%: 0.18+0.68+0.087 ms clock, 2.9+0.65/1.0/0+1.3 ms cpu, 3->4->2 MB, 4 MB goal, 0 MB stacks, 0 MB globals, 16 P
gc 763 @5.489s 3%: 0.20+0.59+0.16 ms clock, 3.2+0.78/0.88/0+2.6 ms cpu, 4->5->2 MB, 5 MB goal, 0 MB stacks, 0 MB globals, 16 P
gc 764 @5.491s 3%: 0.14+0.83+0.10 ms clock, 2.3+0.49/1.0/0.026+1.6 ms cpu, 4->5->2 MB, 4 MB goal, 0 MB stacks, 0 MB globals, 16 P
gc 765 @5.493s 3%: 0.091+0.79+0.11 ms clock, 1.4+0.61/1.0/0+1.8 ms cpu, 4->5->2 MB, 5 MB goal, 0 MB stacks, 0 MB globals, 16 P
gc 766 @5.495s 3%: 0.16+0.62+0.20 ms clock, 2.6+0.69/0.94/0+3.3 ms cpu, 4->5->2 MB, 5 MB goal, 0 MB stacks, 0 MB globals, 16 P
gc 767 @5.497s 3%: 0.13+0.68+0.13 ms clock, 2.0+0.75/0.83/0+2.2 ms cpu, 3->4->2 MB, 4 MB goal, 0 MB stacks, 0 MB globals, 16 P
gc 768 @5.499s 3%: 0.15+0.62+0.12 ms clock, 2.4+0.88/1.0/0+1.9 ms cpu, 4->5->2 MB, 5 MB goal, 0 MB stacks, 0 MB globals, 16 P
gc 769 @5.501s 3%: 0.14+0.91+0.093 ms clock, 2.2+0.67/0.94/0+1.5 ms cpu, 4->5->2 MB, 4 MB goal, 0 MB stacks, 0 MB globals, 16 P
gc 770 @5.503s 3%: 0.11+0.46+0.12 ms clock, 1.9+0.77/0.84/0+2.0 ms cpu, 4->5->2 MB, 5 MB goal, 0 MB stacks, 0 MB globals, 16 P
gc 771 @5.504s 3%: 0.19+0.69+0.11 ms clock, 3.0+0.55/0.99/0+1.8 ms cpu, 3->4->2 MB, 4 MB goal, 0 MB stacks, 0 MB globals, 16 P
gc 772 @5.506s 3%: 0.13+0.60+0.14 ms clock, 2.0+0.74/1.0/0+2.3 ms cpu, 4->4->2 MB, 4 MB goal, 0 MB stacks, 0 MB globals, 16 P
gc 773 @5.508s 3%: 0.071+0.79+0.10 ms clock, 1.1+0.74/0.83/0+1.6 ms cpu, 4->5->2 MB, 5 MB goal, 0 MB stacks, 0 MB globals, 16 P
gc 774 @5.510s 3%: 0.13+0.82+0.20 ms clock, 2.1+0.69/1.0/0+3.2 ms cpu, 4->5->2 MB, 5 MB goal, 0 MB stacks, 0 MB globals, 16 P
gc 775 @5.512s 3%: 0.16+0.55+0.12 ms clock, 2.6+0.56/0.96/0+1.9 ms cpu, 4->5->2 MB, 5 MB goal, 0 MB stacks, 0 MB globals, 16 P
gc 776 @5.514s 3%: 0.17+0.68+0.10 ms clock, 2.7+0.67/0.90/0+1.7 ms cpu, 4->4->2 MB, 4 MB goal, 0 MB stacks, 0 MB globals, 16 P
gc 777 @5.516s 3%: 0.080+0.65+0.093 ms clock, 1.2+0.57/0.90/0+1.5 ms cpu, 4->4->2 MB, 4 MB goal, 0 MB stacks, 0 MB globals, 16 P
gc 778 @5.518s 3%: 0.16+0.75+0.087 ms clock, 2.6+0.72/0.96/0.006+1.3 ms cpu, 3->4->2 MB, 4 MB goal, 0 MB stacks, 0 MB globals, 16 P
gc 779 @5.519s 3%: 0.17+0.68+0.089 ms clock, 2.8+0.69/0.98/0+1.4 ms cpu, 4->5->2 MB, 4 MB goal, 0 MB stacks, 0 MB globals, 16 P
gc 780 @5.521s 3%: 0.16+0.55+0.15 ms clock, 2.6+0.81/0.77/0+2.4 ms cpu, 4->5->2 MB, 5 MB goal, 0 MB stacks, 0 MB globals, 16 P
gc 781 @5.523s 3%: 0.12+0.53+0.080 ms clock, 2.0+0.79/0.89/0.004+1.2 ms cpu, 4->4->2 MB, 4 MB goal, 0 MB stacks, 0 MB globals, 16 P
gc 782 @5.525s 3%: 0.097+0.62+0.17 ms clock, 1.5+0.61/0.99/0+2.7 ms cpu, 3->4->2 MB, 4 MB goal, 0 MB stacks, 0 MB globals, 16 P
gc 783 @5.527s 3%: 0.12+0.75+0.15 ms clock, 2.0+0.69/0.93/0+2.5 ms cpu, 4->5->2 MB, 4 MB goal, 0 MB stacks, 0 MB globals, 16 P
gc 784 @5.528s 3%: 0.12+0.67+0.087 ms clock, 2.0+0.61/0.94/0.046+1.3 ms cpu, 4->5->2 MB, 5 MB goal, 0 MB stacks, 0 MB globals, 16 P
gc 785 @5.530s 3%: 0.12+0.68+0.11 ms clock, 1.9+0.65/0.96/0+1.8 ms cpu, 4->4->2 MB, 4 MB goal, 0 MB stacks, 0 MB globals, 16 P
gc 786 @5.532s 3%: 0.15+0.54+0.075 ms clock, 2.4+0.66/0.86/0.023+1.2 ms cpu, 4->4->2 MB, 4 MB goal, 0 MB stacks, 0 MB globals, 16 P
gc 787 @5.534s 3%: 0.12+0.72+0.15 ms clock, 1.9+0.77/0.92/0+2.5 ms cpu, 3->4->2 MB, 4 MB goal, 0 MB stacks, 0 MB globals, 16 P
gc 788 @5.535s 3%: 0.10+0.71+0.094 ms clock, 1.7+0.61/1.0/0.005+1.5 ms cpu, 4->4->2 MB, 4 MB goal, 0 MB stacks, 0 MB globals, 16 P
gc 789 @5.537s 3%: 0.10+0.65+0.098 ms clock, 1.6+0.67/0.89/0.018+1.5 ms cpu, 4->4->2 MB, 5 MB goal, 0 MB stacks, 0 MB globals, 16 P
gc 790 @5.539s 3%: 0.14+0.62+0.13 ms clock, 2.2+0.55/0.94/0.002+2.0 ms cpu, 3->4->2 MB, 4 MB goal, 0 MB stacks, 0 MB globals, 16 P
gc 791 @5.541s 3%: 0.19+0.58+0.17 ms clock, 3.0+0.63/0.85/0.033+2.8 ms cpu, 4->4->2 MB, 4 MB goal, 0 MB stacks, 0 MB globals, 16 P
gc 792 @5.543s 3%: 0.10+0.61+0.11 ms clock, 1.6+0.49/0.92/0+1.8 ms cpu, 4->4->2 MB, 4 MB goal, 0 MB stacks, 0 MB globals, 16 P
gc 793 @5.544s 3%: 0.15+0.64+0.11 ms clock, 2.5+0.65/0.91/0+1.9 ms cpu, 3->4->2 MB, 4 MB goal, 0 MB stacks, 0 MB globals, 16 P
gc 794 @5.546s 3%: 0.16+0.54+0.18 ms clock, 2.6+0.52/1.0/0+3.0 ms cpu, 4->4->2 MB, 4 MB goal, 0 MB stacks, 0 MB globals, 16 P
gc 795 @5.548s 3%: 0.13+0.67+0.079 ms clock, 2.1+0.48/0.94/0.001+1.2 ms cpu, 3->4->2 MB, 4 MB goal, 0 MB stacks, 0 MB globals, 16 P
gc 796 @5.550s 3%: 0.14+0.73+0.11 ms clock, 2.3+0.79/1.0/0+1.8 ms cpu, 4->5->2 MB, 4 MB goal, 0 MB stacks, 0 MB globals, 16 P
gc 797 @5.551s 3%: 0.16+0.75+0.076 ms clock, 2.7+0.77/0.89/0+1.2 ms cpu, 4->5->2 MB, 5 MB goal, 0 MB stacks, 0 MB globals, 16 P
gc 798 @5.554s 3%: 0.13+0.70+0.088 ms clock, 2.2+0.77/1.1/0.022+1.4 ms cpu, 4->5->2 MB, 5 MB goal, 0 MB stacks, 0 MB globals, 16 P
gc 799 @5.556s 3%: 0.15+0.61+0.18 ms clock, 2.5+0.68/0.97/0+2.9 ms cpu, 4->5->2 MB, 5 MB goal, 0 MB stacks, 0 MB globals, 16 P
gc 800 @5.557s 3%: 0.19+0.73+0.14 ms clock, 3.0+0.61/1.0/0.003+2.3 ms cpu, 3->4->2 MB, 4 MB goal, 0 MB stacks, 0 MB globals, 16 P
gc 801 @5.560s 3%: 0.18+0.56+0.092 ms clock, 2.9+0.58/0.87/0+1.4 ms cpu, 4->5->2 MB, 5 MB goal, 0 MB stacks, 0 MB globals, 16 P
gc 802 @5.561s 3%: 0.14+0.56+0.11 ms clock, 2.2+0.79/0.91/0.002+1.8 ms cpu, 3->4->2 MB, 4 MB goal, 0 MB stacks, 0 MB globals, 16 P
gc 803 @5.563s 3%: 0.16+0.55+0.15 ms clock, 2.6+0.75/0.75/0+2.4 ms cpu, 3->4->2 MB, 4 MB goal, 0 MB stacks, 0 MB globals, 16 P
gc 804 @5.564s 3%: 0.15+0.70+0.19 ms clock, 2.5+0.67/0.91/0+3.1 ms cpu, 3->4->2 MB, 4 MB goal, 0 MB stacks, 0 MB globals, 16 P
gc 805 @5.566s 3%: 0.10+0.68+0.094 ms clock, 1.7+0.65/1.0/0+1.5 ms cpu, 4->5->2 MB, 5 MB goal, 0 MB stacks, 0 MB globals, 16 P
gc 806 @5.568s 3%: 0.14+0.66+0.11 ms clock, 2.2+0.58/0.90/0+1.8 ms cpu, 4->5->2 MB, 5 MB goal, 0 MB stacks, 0 MB globals, 16 P
gc 807 @5.570s 3%: 0.17+0.54+0.16 ms clock, 2.7+0.64/0.90/0.041+2.7 ms cpu, 4->4->2 MB, 5 MB goal, 0 MB stacks, 0 MB globals, 16 P
gc 808 @5.572s 3%: 0.16+0.70+0.078 ms clock, 2.5+0.75/1.0/0+1.2 ms cpu, 3->4->2 MB, 4 MB goal, 0 MB stacks, 0 MB globals, 16 P
gc 809 @5.574s 3%: 0.12+0.81+0.14 ms clock, 1.9+0.79/1.0/0+2.2 ms cpu, 4->5->2 MB, 5 MB goal, 0 MB stacks, 0 MB globals, 16 P
gc 810 @5.576s 3%: 0.14+0.63+0.098 ms clock, 2.2+0.58/0.94/0+1.5 ms cpu, 4->5->2 MB, 5 MB goal, 0 MB stacks, 0 MB globals, 16 P
gc 811 @5.578s 3%: 0.19+0.54+0.17 ms clock, 3.1+0.78/0.82/0.015+2.7 ms cpu, 4->4->2 MB, 4 MB goal, 0 MB stacks, 0 MB globals, 16 P
gc 812 @5.580s 3%: 0.11+0.60+0.10 ms clock, 1.7+0.73/0.97/0+1.6 ms cpu, 4->5->2 MB, 4 MB goal, 0 MB stacks, 0 MB globals, 16 P
gc 813 @5.582s 3%: 0.13+0.64+0.12 ms clock, 2.1+0.67/1.0/0.043+1.9 ms cpu, 4->4->2 MB, 4 MB goal, 0 MB stacks, 0 MB globals, 16 P
gc 814 @5.583s 3%: 0.18+0.68+0.088 ms clock, 2.9+0.69/1.0/0.010+1.4 ms cpu, 4->4->2 MB, 4 MB goal, 0 MB stacks, 0 MB globals, 16 P
gc 815 @5.585s 3%: 0.15+0.68+0.15 ms clock, 2.5+0.75/0.84/0+2.4 ms cpu, 4->5->2 MB, 4 MB goal, 0 MB stacks, 0 MB globals, 16 P
gc 816 @5.587s 3%: 0.14+0.54+0.16 ms clock, 2.3+0.70/0.88/0+2.6 ms cpu, 4->4->2 MB, 5 MB goal, 0 MB stacks, 0 MB globals, 16 P
gc 817 @5.589s 3%: 0.10+0.53+0.088 ms clock, 1.7+0.54/0.94/0+1.4 ms cpu, 3->4->2 MB, 4 MB goal, 0 MB stacks, 0 MB globals, 16 P
gc 818 @5.590s 3%: 0.10+0.79+0.096 ms clock, 1.7+0.52/0.96/0.069+1.5 ms cpu, 3->4->2 MB, 4 MB goal, 0 MB stacks, 0 MB globals, 16 P
gc 819 @5.592s 3%: 0.14+0.58+0.15 ms clock, 2.2+0.84/1.0/0+2.4 ms cpu, 4->4->2 MB, 4 MB goal, 0 MB stacks, 0 MB globals, 16 P
gc 820 @5.594s 3%: 0.16+0.52+0.14 ms clock, 2.6+0.67/0.95/0+2.3 ms cpu, 4->4->2 MB, 4 MB goal, 0 MB stacks, 0 MB globals, 16 P
gc 821 @5.596s 3%: 0.11+0.71+0.097 ms clock, 1.8+0.50/0.95/0+1.5 ms cpu, 4->4->2 MB, 4 MB goal, 0 MB stacks, 0 MB globals, 16 P
gc 822 @5.597s 3%: 0.13+0.64+0.15 ms clock, 2.1+0.59/0.94/0.003+2.4 ms cpu, 4->4->2 MB, 4 MB goal, 0 MB stacks, 0 MB globals, 16 P
gc 823 @5.599s 3%: 0.10+0.59+0.11 ms clock, 1.6+0.19/1.1/0+1.8 ms cpu, 4->4->2 MB, 4 MB goal, 0 MB stacks, 0 MB globals, 16 P
gc 824 @5.601s 3%: 0.16+0.45+0.15 ms clock, 2.6+0.73/0.90/0.042+2.5 ms cpu, 3->4->2 MB, 4 MB goal, 0 MB stacks, 0 MB globals, 16 P
gc 825 @5.602s 3%: 0.16+0.48+0.18 ms clock, 2.5+0.67/0.83/0.003+2.9 ms cpu, 3->4->2 MB, 4 MB goal, 0 MB stacks, 0 MB globals, 16 P
gc 826 @5.604s 3%: 0.19+0.51+0.10 ms clock, 3.1+0.60/0.94/0.003+1.6 ms cpu, 4->4->2 MB, 4 MB goal, 0 MB stacks, 0 MB globals, 16 P
gc 827 @5.606s 3%: 0.12+0.62+0.14 ms clock, 1.9+0.60/1.0/0.006+2.3 ms cpu, 4->4->2 MB, 4 MB goal, 0 MB stacks, 0 MB globals, 16 P
gc 828 @5.607s 3%: 0.13+0.79+0.15 ms clock, 2.1+0.63/1.0/0.024+2.4 ms cpu, 4->5->2 MB, 4 MB goal, 0 MB stacks, 0 MB globals, 16 P
gc 829 @5.609s 3%: 0.11+0.71+0.086 ms clock, 1.8+0.74/0.82/0.025+1.3 ms cpu, 4->5->2 MB, 5 MB goal, 0 MB stacks, 0 MB globals, 16 P
gc 830 @5.611s 3%: 0.14+0.83+0.10 ms clock, 2.3+0.63/0.90/0.072+1.6 ms cpu, 4->5->2 MB, 4 MB goal, 0 MB stacks, 0 MB globals, 16 P
gc 831 @5.613s 3%: 0.13+0.68+0.19 ms clock, 2.2+0.73/0.86/0+3.1 ms cpu, 4->5->2 MB, 4 MB goal, 0 MB stacks, 0 MB globals, 16 P
gc 832 @5.615s 3%: 0.13+0.62+0.11 ms clock, 2.0+0.75/0.89/0+1.8 ms cpu, 4->4->2 MB, 4 MB goal, 0 MB stacks, 0 MB globals, 16 P
gc 833 @5.617s 3%: 0.13+0.70+0.14 ms clock, 2.1+0.75/0.84/0+2.2 ms cpu, 4->4->2 MB, 4 MB goal, 0 MB stacks, 0 MB globals, 16 P
gc 834 @5.618s 3%: 0.12+0.63+0.14 ms clock, 1.9+0.86/0.83/0+2.2 ms cpu, 4->4->2 MB, 4 MB goal, 0 MB stacks, 0 MB globals, 16 P
gc 835 @5.620s 3%: 0.11+0.54+0.10 ms clock, 1.7+0.56/0.86/0.028+1.6 ms cpu, 4->4->2 MB, 5 MB goal, 0 MB stacks, 0 MB globals, 16 P
gc 836 @5.622s 3%: 0.13+0.59+0.099 ms clock, 2.1+0.74/0.99/0+1.5 ms cpu, 3->4->2 MB, 4 MB goal, 0 MB stacks, 0 MB globals, 16 P
gc 837 @5.623s 3%: 0.14+0.66+0.13 ms clock, 2.3+0.66/1.0/0+2.2 ms cpu, 4->4->2 MB, 4 MB goal, 0 MB stacks, 0 MB globals, 16 P
gc 838 @5.625s 3%: 0.13+0.84+0.10 ms clock, 2.1+0.69/1.0/0+1.7 ms cpu, 4->5->2 MB, 5 MB goal, 0 MB stacks, 0 MB globals, 16 P
gc 839 @5.627s 3%: 0.13+0.59+0.098 ms clock, 2.2+0.57/0.89/0+1.5 ms cpu, 4->5->2 MB, 5 MB goal, 0 MB stacks, 0 MB globals, 16 P
gc 840 @5.629s 3%: 0.15+0.64+0.11 ms clock, 2.4+0.60/1.1/0+1.8 ms cpu, 4->4->2 MB, 4 MB goal, 0 MB stacks, 0 MB globals, 16 P
gc 841 @5.631s 3%: 0.12+0.71+0.082 ms clock, 1.9+0.69/0.94/0.013+1.3 ms cpu, 4->5->2 MB, 5 MB goal, 0 MB stacks, 0 MB globals, 16 P
gc 842 @5.633s 3%: 0.15+0.59+0.11 ms clock, 2.4+0.64/0.98/0.007+1.8 ms cpu, 4->5->2 MB, 5 MB goal, 0 MB stacks, 0 MB globals, 16 P
gc 843 @5.635s 3%: 0.12+0.63+0.083 ms clock, 1.9+0.62/1.1/0+1.3 ms cpu, 4->4->2 MB, 4 MB goal, 0 MB stacks, 0 MB globals, 16 P
gc 844 @5.637s 3%: 0.10+0.52+0.091 ms clock, 1.7+0.58/0.95/0.017+1.4 ms cpu, 4->4->2 MB, 4 MB goal, 0 MB stacks, 0 MB globals, 16 P
gc 845 @5.638s 3%: 0.12+0.63+0.18 ms clock, 1.9+0.64/1.0/0+2.8 ms cpu, 3->4->2 MB, 4 MB goal, 0 MB stacks, 0 MB globals, 16 P
gc 846 @5.640s 3%: 0.10+0.47+0.11 ms clock, 1.6+0.56/0.93/0.005+1.8 ms cpu, 4->4->2 MB, 4 MB goal, 0 MB stacks, 0 MB globals, 16 P
gc 847 @5.642s 3%: 0.11+0.51+0.13 ms clock, 1.8+0.76/0.80/0+2.1 ms cpu, 3->4->2 MB, 4 MB goal, 0 MB stacks, 0 MB globals, 16 P
gc 848 @5.643s 3%: 0.12+0.63+0.077 ms clock, 1.9+0.63/0.77/0+1.2 ms cpu, 3->4->2 MB, 4 MB goal, 0 MB stacks, 0 MB globals, 16 P
gc 849 @5.645s 3%: 0.12+0.56+0.17 ms clock, 2.0+0.44/0.99/0+2.8 ms cpu, 4->4->2 MB, 4 MB goal, 0 MB stacks, 0 MB globals, 16 P
gc 850 @5.647s 3%: 0.13+0.69+0.19 ms clock, 2.2+0.59/1.0/0+3.1 ms cpu, 4->5->2 MB, 4 MB goal, 0 MB stacks, 0 MB globals, 16 P
gc 851 @5.649s 3%: 0.11+0.66+0.10 ms clock, 1.9+0.73/0.80/0+1.7 ms cpu, 4->5->2 MB, 5 MB goal, 0 MB stacks, 0 MB globals, 16 P
gc 852 @5.651s 3%: 0.099+0.62+0.16 ms clock, 1.5+0.72/0.98/0.006+2.5 ms cpu, 4->5->2 MB, 5 MB goal, 0 MB stacks, 0 MB globals, 16 P
gc 853 @5.653s 3%: 0.095+0.56+0.091 ms clock, 1.5+0.62/1.0/0+1.4 ms cpu, 4->4->2 MB, 4 MB goal, 0 MB stacks, 0 MB globals, 16 P
gc 854 @5.654s 3%: 0.14+0.78+0.090 ms clock, 2.3+0.68/0.89/0.003+1.4 ms cpu, 3->4->2 MB, 4 MB goal, 0 MB stacks, 0 MB globals, 16 P
gc 855 @5.656s 3%: 0.16+0.78+0.16 ms clock, 2.5+0.73/1.0/0+2.6 ms cpu, 4->5->2 MB, 5 MB goal, 0 MB stacks, 0 MB globals, 16 P
gc 856 @5.658s 3%: 0.12+0.56+0.17 ms clock, 2.0+0.70/1.0/0+2.8 ms cpu, 4->5->2 MB, 5 MB goal, 0 MB stacks, 0 MB globals, 16 P
gc 857 @5.660s 3%: 0.14+0.50+0.10 ms clock, 2.3+0.58/0.84/0+1.7 ms cpu, 3->4->2 MB, 4 MB goal, 0 MB stacks, 0 MB globals, 16 P
gc 858 @5.661s 3%: 0.16+0.71+0.22 ms clock, 2.6+0.58/0.95/0+3.6 ms cpu, 3->4->2 MB, 4 MB goal, 0 MB stacks, 0 MB globals, 16 P
gc 859 @5.663s 3%: 0.21+0.65+0.093 ms clock, 3.5+0.90/0.76/0+1.4 ms cpu, 4->5->2 MB, 4 MB goal, 0 MB stacks, 0 MB globals, 16 P
gc 860 @5.665s 3%: 0.14+0.62+0.091 ms clock, 2.3+0.82/0.81/0+1.4 ms cpu, 4->4->2 MB, 4 MB goal, 0 MB stacks, 0 MB globals, 16 P
gc 861 @5.667s 3%: 0.11+0.63+0.094 ms clock, 1.7+0.78/0.98/0+1.5 ms cpu, 3->4->2 MB, 4 MB goal, 0 MB stacks, 0 MB globals, 16 P
gc 862 @5.668s 3%: 0.17+0.74+0.089 ms clock, 2.7+0.54/0.98/0+1.4 ms cpu, 3->4->2 MB, 4 MB goal, 0 MB stacks, 0 MB globals, 16 P
gc 863 @5.670s 3%: 0.090+0.69+0.17 ms clock, 1.4+0.49/0.82/0+2.7 ms cpu, 4->5->2 MB, 5 MB goal, 0 MB stacks, 0 MB globals, 16 P
gc 864 @5.672s 3%: 0.10+0.53+0.16 ms clock, 1.6+0.56/0.91/0.037+2.6 ms cpu, 3->4->2 MB, 4 MB goal, 0 MB stacks, 0 MB globals, 16 P
gc 865 @5.674s 3%: 0.13+0.57+0.23 ms clock, 2.1+0.61/1.0/0.002+3.7 ms cpu, 3->4->2 MB, 4 MB goal, 0 MB stacks, 0 MB globals, 16 P
gc 866 @5.675s 3%: 0.11+0.53+0.098 ms clock, 1.8+0.71/0.90/0.029+1.5 ms cpu, 3->4->2 MB, 4 MB goal, 0 MB stacks, 0 MB globals, 16 P
gc 867 @5.677s 3%: 0.13+0.68+0.084 ms clock, 2.0+0.55/1.1/0+1.3 ms cpu, 3->4->2 MB, 4 MB goal, 0 MB stacks, 0 MB globals, 16 P
gc 868 @5.679s 3%: 0.11+0.62+0.11 ms clock, 1.7+0.58/0.88/0+1.9 ms cpu, 4->5->2 MB, 4 MB goal, 0 MB stacks, 0 MB globals, 16 P
gc 869 @5.680s 3%: 0.12+0.74+0.12 ms clock, 1.9+0.62/0.81/0+2.0 ms cpu, 4->4->2 MB, 4 MB goal, 0 MB stacks, 0 MB globals, 16 P
gc 870 @5.682s 3%: 0.12+0.62+0.075 ms clock, 1.9+0.70/0.99/0+1.2 ms cpu, 4->4->2 MB, 4 MB goal, 0 MB stacks, 0 MB globals, 16 P
gc 871 @5.684s 3%: 0.14+0.49+0.13 ms clock, 2.3+0.67/0.85/0.016+2.1 ms cpu, 3->4->2 MB, 4 MB goal, 0 MB stacks, 0 MB globals, 16 P
gc 872 @5.686s 3%: 0.18+0.57+0.14 ms clock, 2.9+0.82/1.0/0+2.3 ms cpu, 3->4->2 MB, 4 MB goal, 0 MB stacks, 0 MB globals, 16 P
gc 873 @5.687s 3%: 0.26+0.91+0.10 ms clock, 4.3+0.76/0.85/0+1.6 ms cpu, 3->5->2 MB, 4 MB goal, 0 MB stacks, 0 MB globals, 16 P
gc 874 @5.690s 3%: 0.18+0.57+0.14 ms clock, 2.9+0.84/0.90/0+2.3 ms cpu, 4->5->2 MB, 5 MB goal, 0 MB stacks, 0 MB globals, 16 P
gc 875 @5.691s 3%: 0.10+0.75+0.045 ms clock, 1.6+0.53/1.0/0.005+0.72 ms cpu, 4->4->2 MB, 4 MB goal, 0 MB stacks, 0 MB globals, 16 P
gc 876 @5.693s 3%: 0.092+0.61+0.17 ms clock, 1.4+0.72/0.89/0+2.7 ms cpu, 4->4->2 MB, 4 MB goal, 0 MB stacks, 0 MB globals, 16 P
gc 877 @5.695s 3%: 0.19+0.88+0.067 ms clock, 3.1+0.73/0.86/0+1.0 ms cpu, 3->4->2 MB, 4 MB goal, 0 MB stacks, 0 MB globals, 16 P
gc 878 @5.697s 3%: 0.12+0.94+0.13 ms clock, 2.0+0.75/0.91/0.004+2.1 ms cpu, 4->5->2 MB, 5 MB goal, 0 MB stacks, 0 MB globals, 16 P
gc 879 @5.699s 3%: 0.14+0.47+0.11 ms clock, 2.3+0.63/0.82/0.005+1.7 ms cpu, 4->5->2 MB, 5 MB goal, 0 MB stacks, 0 MB globals, 16 P
gc 880 @5.701s 3%: 0.16+0.50+0.11 ms clock, 2.5+0.68/0.83/0+1.8 ms cpu, 3->4->2 MB, 4 MB goal, 0 MB stacks, 0 MB globals, 16 P
gc 881 @5.702s 3%: 0.18+0.60+0.18 ms clock, 2.9+0.67/0.84/0+3.0 ms cpu, 3->4->2 MB, 4 MB goal, 0 MB stacks, 0 MB globals, 16 P
gc 882 @5.704s 3%: 0.098+0.53+0.10 ms clock, 1.5+0.62/0.94/0.010+1.6 ms cpu, 4->4->2 MB, 4 MB goal, 0 MB stacks, 0 MB globals, 16 P
gc 883 @5.706s 3%: 0.17+0.74+0.11 ms clock, 2.8+0.69/1.0/0.003+1.8 ms cpu, 3->4->2 MB, 4 MB goal, 0 MB stacks, 0 MB globals, 16 P
gc 884 @5.708s 3%: 0.20+0.74+0.084 ms clock, 3.2+0.77/1.0/0+1.3 ms cpu, 4->5->2 MB, 5 MB goal, 0 MB stacks, 0 MB globals, 16 P
gc 885 @5.710s 3%: 0.12+0.62+0.18 ms clock, 1.9+0.69/0.97/0+2.9 ms cpu, 4->5->2 MB, 5 MB goal, 0 MB stacks, 0 MB globals, 16 P
gc 886 @5.712s 3%: 0.15+0.55+0.17 ms clock, 2.5+0.77/0.84/0+2.8 ms cpu, 4->4->2 MB, 5 MB goal, 0 MB stacks, 0 MB globals, 16 P
gc 887 @5.714s 3%: 0.12+0.62+0.11 ms clock, 1.9+0.66/0.87/0+1.7 ms cpu, 3->4->2 MB, 4 MB goal, 0 MB stacks, 0 MB globals, 16 P
gc 888 @5.716s 3%: 0.14+0.70+0.10 ms clock, 2.2+0.70/0.93/0+1.7 ms cpu, 3->4->2 MB, 4 MB goal, 0 MB stacks, 0 MB globals, 16 P
gc 889 @5.718s 3%: 0.11+0.65+0.092 ms clock, 1.7+0.68/0.96/0+1.4 ms cpu, 4->5->2 MB, 5 MB goal, 0 MB stacks, 0 MB globals, 16 P
gc 890 @5.720s 3%: 0.13+0.61+0.12 ms clock, 2.1+0.70/0.97/0+1.9 ms cpu, 4->5->2 MB, 4 MB goal, 0 MB stacks, 0 MB globals, 16 P
gc 891 @5.722s 3%: 0.14+0.59+0.17 ms clock, 2.2+0.72/1.1/0+2.8 ms cpu, 4->5->2 MB, 5 MB goal, 0 MB stacks, 0 MB globals, 16 P
gc 892 @5.723s 3%: 0.15+0.58+0.11 ms clock, 2.4+0.80/0.93/0+1.7 ms cpu, 4->4->2 MB, 4 MB goal, 0 MB stacks, 0 MB globals, 16 P
gc 893 @5.725s 3%: 0.13+0.60+0.15 ms clock, 2.1+0.68/0.94/0.005+2.5 ms cpu, 4->4->2 MB, 4 MB goal, 0 MB stacks, 0 MB globals, 16 P
gc 894 @5.727s 3%: 0.25+0.75+0.17 ms clock, 4.0+0.68/0.91/0+2.7 ms cpu, 4->4->2 MB, 4 MB goal, 0 MB stacks, 0 MB globals, 16 P
gc 895 @5.729s 3%: 0.17+0.61+0.13 ms clock, 2.7+0.68/1.0/0+2.2 ms cpu, 4->5->2 MB, 5 MB goal, 0 MB stacks, 0 MB globals, 16 P
gc 896 @5.731s 3%: 0.11+0.67+0.16 ms clock, 1.9+0.66/0.84/0.015+2.7 ms cpu, 4->4->2 MB, 4 MB goal, 0 MB stacks, 0 MB globals, 16 P
gc 897 @5.732s 3%: 0.11+0.56+0.19 ms clock, 1.8+0.74/0.94/0+3.0 ms cpu, 4->4->2 MB, 4 MB goal, 0 MB stacks, 0 MB globals, 16 P
gc 898 @5.734s 3%: 0.12+0.49+0.15 ms clock, 1.9+0.69/1.0/0.009+2.5 ms cpu, 3->4->2 MB, 4 MB goal, 0 MB stacks, 0 MB globals, 16 P
gc 899 @5.736s 3%: 0.11+0.63+0.16 ms clock, 1.8+0.57/0.98/0+2.6 ms cpu, 3->4->2 MB, 4 MB goal, 0 MB stacks, 0 MB globals, 16 P
gc 900 @5.737s 3%: 0.10+0.60+0.11 ms clock, 1.6+0.73/0.88/0+1.9 ms cpu, 4->4->2 MB, 4 MB goal, 0 MB stacks, 0 MB globals, 16 P
gc 901 @5.739s 3%: 0.10+0.63+0.13 ms clock, 1.7+0.85/0.82/0.089+2.2 ms cpu, 4->4->2 MB, 4 MB goal, 0 MB stacks, 0 MB globals, 16 P
gc 902 @5.741s 3%: 0.10+0.67+0.035 ms clock, 1.6+0.55/0.91/0+0.56 ms cpu, 4->4->2 MB, 4 MB goal, 0 MB stacks, 0 MB globals, 16 P
gc 903 @5.743s 3%: 0.14+0.63+0.11 ms clock, 2.3+0.73/1.0/0+1.8 ms cpu, 3->4->2 MB, 4 MB goal, 0 MB stacks, 0 MB globals, 16 P
gc 904 @5.744s 3%: 0.096+0.62+0.11 ms clock, 1.5+0.35/1.0/0.001+1.8 ms cpu, 4->4->2 MB, 4 MB goal, 0 MB stacks, 0 MB globals, 16 P
gc 905 @5.746s 3%: 0.11+0.68+0.096 ms clock, 1.8+0.67/0.98/0+1.5 ms cpu, 3->4->2 MB, 4 MB goal, 0 MB stacks, 0 MB globals, 16 P
gc 906 @5.748s 3%: 0.13+0.67+0.098 ms clock, 2.1+0.65/0.84/0+1.5 ms cpu, 4->5->2 MB, 4 MB goal, 0 MB stacks, 0 MB globals, 16 P
gc 907 @5.750s 3%: 0.18+0.66+0.15 ms clock, 2.9+0.68/0.95/0+2.5 ms cpu, 4->4->2 MB, 4 MB goal, 0 MB stacks, 0 MB globals, 16 P
gc 908 @5.752s 3%: 0.12+0.92+0.082 ms clock, 1.9+0.60/0.98/0.004+1.3 ms cpu, 4->5->2 MB, 4 MB goal, 0 MB stacks, 0 MB globals, 16 P
gc 909 @5.754s 3%: 0.16+0.51+0.11 ms clock, 2.6+0.65/0.93/0+1.7 ms cpu, 4->5->2 MB, 5 MB goal, 0 MB stacks, 0 MB globals, 16 P
gc 910 @5.755s 3%: 0.076+0.49+0.18 ms clock, 1.2+0.59/0.79/0.052+3.0 ms cpu, 3->4->2 MB, 4 MB goal, 0 MB stacks, 0 MB globals, 16 P
gc 911 @5.757s 3%: 0.13+0.75+0.16 ms clock, 2.0+0.58/1.1/0.010+2.5 ms cpu, 3->4->2 MB, 4 MB goal, 0 MB stacks, 0 MB globals, 16 P
gc 912 @5.759s 3%: 0.14+0.67+0.10 ms clock, 2.2+0.76/0.97/0+1.6 ms cpu, 4->5->2 MB, 5 MB goal, 0 MB stacks, 0 MB globals, 16 P
gc 913 @5.761s 3%: 0.12+0.56+0.10 ms clock, 2.0+0.53/0.92/0.003+1.6 ms cpu, 4->4->2 MB, 4 MB goal, 0 MB stacks, 0 MB globals, 16 P
gc 914 @5.762s 3%: 0.13+0.52+0.084 ms clock, 2.0+0.71/0.97/0+1.3 ms cpu, 3->4->2 MB, 4 MB goal, 0 MB stacks, 0 MB globals, 16 P
gc 915 @5.764s 3%: 0.11+0.48+0.15 ms clock, 1.9+0.51/0.95/0.010+2.4 ms cpu, 3->4->2 MB, 4 MB goal, 0 MB stacks, 0 MB globals, 16 P
gc 916 @5.765s 3%: 0.15+0.57+0.068 ms clock, 2.4+0.59/1.0/0+1.0 ms cpu, 3->4->2 MB, 4 MB goal, 0 MB stacks, 0 MB globals, 16 P
gc 917 @5.767s 3%: 0.19+0.67+0.10 ms clock, 3.0+0.73/0.85/0+1.6 ms cpu, 3->5->2 MB, 4 MB goal, 0 MB stacks, 0 MB globals, 16 P
gc 918 @5.769s 3%: 0.17+0.59+0.19 ms clock, 2.8+0.53/0.99/0.037+3.1 ms cpu, 4->5->2 MB, 5 MB goal, 0 MB stacks, 0 MB globals, 16 P
gc 919 @5.771s 3%: 0.12+0.86+0.057 ms clock, 2.0+0.62/1.1/0+0.92 ms cpu, 4->5->2 MB, 4 MB goal, 0 MB stacks, 0 MB globals, 16 P
gc 920 @5.773s 3%: 0.13+0.65+0.11 ms clock, 2.1+0.43/0.93/0.009+1.8 ms cpu, 4->5->2 MB, 5 MB goal, 0 MB stacks, 0 MB globals, 16 P
gc 921 @5.775s 3%: 0.12+0.73+0.10 ms clock, 2.0+0.53/1.1/0.059+1.6 ms cpu, 4->4->2 MB, 4 MB goal, 0 MB stacks, 0 MB globals, 16 P
gc 922 @5.777s 3%: 0.13+0.50+0.086 ms clock, 2.0+0.48/0.92/0.002+1.3 ms cpu, 4->4->2 MB, 4 MB goal, 0 MB stacks, 0 MB globals, 16 P
gc 923 @5.778s 3%: 0.10+0.47+0.12 ms clock, 1.6+0.79/0.84/0+1.9 ms cpu, 3->4->2 MB, 4 MB goal, 0 MB stacks, 0 MB globals, 16 P
gc 924 @5.780s 3%: 0.11+0.64+0.089 ms clock, 1.8+0.57/0.95/0+1.4 ms cpu, 3->4->2 MB, 4 MB goal, 0 MB stacks, 0 MB globals, 16 P
gc 925 @5.782s 3%: 0.12+0.60+0.19 ms clock, 2.0+0.71/1.0/0+3.1 ms cpu, 3->4->2 MB, 4 MB goal, 0 MB stacks, 0 MB globals, 16 P
gc 926 @5.783s 3%: 0.12+0.60+0.098 ms clock, 2.0+0.56/0.89/0+1.5 ms cpu, 4->4->2 MB, 4 MB goal, 0 MB stacks, 0 MB globals, 16 P
gc 927 @5.785s 3%: 0.14+0.48+0.13 ms clock, 2.3+0.67/0.91/0+2.2 ms cpu, 3->4->2 MB, 4 MB goal, 0 MB stacks, 0 MB globals, 16 P
gc 928 @5.787s 3%: 0.14+0.66+0.091 ms clock, 2.3+0.55/1.2/0.011+1.4 ms cpu, 3->4->2 MB, 4 MB goal, 0 MB stacks, 0 MB globals, 16 P
gc 929 @5.788s 3%: 0.15+0.66+0.11 ms clock, 2.4+0.66/1.0/0+1.7 ms cpu, 4->5->2 MB, 4 MB goal, 0 MB stacks, 0 MB globals, 16 P
gc 930 @5.790s 3%: 0.11+0.56+0.17 ms clock, 1.8+0.65/0.93/0+2.7 ms cpu, 4->4->2 MB, 4 MB goal, 0 MB stacks, 0 MB globals, 16 P
gc 931 @5.792s 3%: 0.16+0.71+0.14 ms clock, 2.7+0.89/0.81/0+2.2 ms cpu, 3->4->2 MB, 4 MB goal, 0 MB stacks, 0 MB globals, 16 P
gc 932 @5.794s 3%: 0.23+0.47+0.16 ms clock, 3.7+0.64/0.91/0.007+2.5 ms cpu, 4->4->2 MB, 4 MB goal, 0 MB stacks, 0 MB globals, 16 P
gc 933 @5.796s 3%: 0.11+0.60+0.14 ms clock, 1.8+0.54/0.87/0+2.2 ms cpu, 3->4->2 MB, 4 MB goal, 0 MB stacks, 0 MB globals, 16 P
gc 934 @5.797s 4%: 0.11+0.81+0.083 ms clock, 1.9+0.59/0.84/0+1.3 ms cpu, 4->5->2 MB, 4 MB goal, 0 MB stacks, 0 MB globals, 16 P
gc 935 @5.799s 4%: 0.13+0.61+0.18 ms clock, 2.1+0.64/0.92/0+2.9 ms cpu, 4->4->2 MB, 4 MB goal, 0 MB stacks, 0 MB globals, 16 P
gc 936 @5.801s 4%: 0.13+0.76+0.075 ms clock, 2.0+0.59/1.1/0+1.2 ms cpu, 3->4->2 MB, 4 MB goal, 0 MB stacks, 0 MB globals, 16 P
gc 937 @5.803s 4%: 0.13+0.64+0.19 ms clock, 2.1+0.67/0.87/0+3.0 ms cpu, 4->5->2 MB, 4 MB goal, 0 MB stacks, 0 MB globals, 16 P
gc 938 @5.805s 4%: 0.15+0.74+0.087 ms clock, 2.5+0.68/0.98/0+1.4 ms cpu, 4->5->2 MB, 4 MB goal, 0 MB stacks, 0 MB globals, 16 P
gc 939 @5.807s 4%: 0.15+0.72+0.14 ms clock, 2.4+0.59/0.93/0.009+2.3 ms cpu, 4->5->2 MB, 5 MB goal, 0 MB stacks, 0 MB globals, 16 P
gc 940 @5.808s 4%: 0.11+0.69+0.13 ms clock, 1.8+0.80/0.96/0+2.1 ms cpu, 4->5->2 MB, 4 MB goal, 0 MB stacks, 0 MB globals, 16 P
gc 941 @5.810s 4%: 0.12+0.68+0.095 ms clock, 1.9+0.48/0.97/0+1.5 ms cpu, 4->5->2 MB, 5 MB goal, 0 MB stacks, 0 MB globals, 16 P
gc 942 @5.812s 4%: 0.12+0.78+0.072 ms clock, 1.9+0.55/1.0/0.062+1.1 ms cpu, 4->5->2 MB, 4 MB goal, 0 MB stacks, 0 MB globals, 16 P
gc 943 @5.814s 4%: 0.17+0.55+0.096 ms clock, 2.8+0.59/0.92/0+1.5 ms cpu, 4->5->2 MB, 4 MB goal, 0 MB stacks, 0 MB globals, 16 P
gc 944 @5.816s 4%: 0.13+0.66+0.095 ms clock, 2.1+0.55/1.0/0+1.5 ms cpu, 4->5->2 MB, 4 MB goal, 0 MB stacks, 0 MB globals, 16 P
gc 945 @5.818s 4%: 0.17+0.59+0.12 ms clock, 2.7+0.75/0.83/0+2.0 ms cpu, 4->5->2 MB, 4 MB goal, 0 MB stacks, 0 MB globals, 16 P
gc 946 @5.820s 4%: 0.13+0.52+0.078 ms clock, 2.1+0.62/0.87/0+1.2 ms cpu, 4->4->2 MB, 5 MB goal, 0 MB stacks, 0 MB globals, 16 P
gc 947 @5.821s 4%: 0.12+0.81+0.10 ms clock, 1.9+0.61/0.97/0.001+1.7 ms cpu, 3->4->2 MB, 4 MB goal, 0 MB stacks, 0 MB globals, 16 P
gc 948 @5.823s 4%: 0.13+0.50+0.11 ms clock, 2.0+0.75/0.84/0+1.7 ms cpu, 4->4->2 MB, 4 MB goal, 0 MB stacks, 0 MB globals, 16 P
gc 949 @5.825s 4%: 0.12+0.71+0.15 ms clock, 1.9+0.52/0.95/0+2.4 ms cpu, 3->4->2 MB, 4 MB goal, 0 MB stacks, 0 MB globals, 16 P
gc 950 @5.826s 4%: 0.20+0.66+0.14 ms clock, 3.3+0.71/1.0/0.004+2.3 ms cpu, 3->4->2 MB, 4 MB goal, 0 MB stacks, 0 MB globals, 16 P
gc 951 @5.829s 4%: 0.13+0.63+0.22 ms clock, 2.1+0.52/1.0/0+3.6 ms cpu, 4->5->2 MB, 5 MB goal, 0 MB stacks, 0 MB globals, 16 P
gc 952 @5.830s 4%: 0.10+0.58+0.079 ms clock, 1.6+0.49/0.92/0+1.2 ms cpu, 4->4->2 MB, 4 MB goal, 0 MB stacks, 0 MB globals, 16 P
gc 953 @5.832s 4%: 0.13+0.65+0.090 ms clock, 2.1+0.75/0.82/0+1.4 ms cpu, 3->4->2 MB, 4 MB goal, 0 MB stacks, 0 MB globals, 16 P
gc 954 @5.834s 4%: 0.098+0.63+0.10 ms clock, 1.5+0.56/1.1/0+1.6 ms cpu, 3->4->2 MB, 4 MB goal, 0 MB stacks, 0 MB globals, 16 P
gc 955 @5.835s 4%: 0.15+0.61+0.099 ms clock, 2.4+0.54/1.0/0.009+1.5 ms cpu, 3->4->2 MB, 4 MB goal, 0 MB stacks, 0 MB globals, 16 P
gc 956 @5.837s 4%: 0.13+0.50+0.13 ms clock, 2.1+0.66/0.70/0.082+2.2 ms cpu, 4->4->2 MB, 4 MB goal, 0 MB stacks, 0 MB globals, 16 P
gc 957 @5.839s 4%: 0.16+0.57+0.14 ms clock, 2.6+0.57/1.1/0+2.3 ms cpu, 3->4->2 MB, 4 MB goal, 0 MB stacks, 0 MB globals, 16 P
gc 958 @5.840s 4%: 0.13+0.54+0.086 ms clock, 2.1+0.54/0.91/0.072+1.3 ms cpu, 4->4->2 MB, 4 MB goal, 0 MB stacks, 0 MB globals, 16 P
gc 959 @5.842s 4%: 0.16+0.69+0.13 ms clock, 2.6+0.78/0.84/0+2.2 ms cpu, 3->4->2 MB, 4 MB goal, 0 MB stacks, 0 MB globals, 16 P
gc 960 @5.844s 4%: 0.094+0.64+0.087 ms clock, 1.5+0.64/0.91/0+1.4 ms cpu, 4->5->2 MB, 5 MB goal, 0 MB stacks, 0 MB globals, 16 P
gc 961 @5.846s 4%: 0.13+0.69+0.15 ms clock, 2.1+0.83/0.97/0+2.4 ms cpu, 4->4->2 MB, 4 MB goal, 0 MB stacks, 0 MB globals, 16 P
gc 962 @5.847s 4%: 0.16+0.76+0.090 ms clock, 2.5+0.69/0.78/0+1.4 ms cpu, 4->5->2 MB, 4 MB goal, 0 MB stacks, 0 MB globals, 16 P
gc 963 @5.849s 4%: 0.16+0.53+0.097 ms clock, 2.7+0.58/1.0/0+1.5 ms cpu, 4->5->2 MB, 5 MB goal, 0 MB stacks, 0 MB globals, 16 P
gc 964 @5.851s 4%: 0.11+0.53+0.13 ms clock, 1.7+0.56/0.93/0+2.2 ms cpu, 4->4->2 MB, 4 MB goal, 0 MB stacks, 0 MB globals, 16 P
gc 965 @5.853s 4%: 0.11+0.64+0.11 ms clock, 1.7+0.72/0.92/0.12+1.9 ms cpu, 3->4->2 MB, 4 MB goal, 0 MB stacks, 0 MB globals, 16 P
gc 966 @5.855s 4%: 0.14+0.88+0.14 ms clock, 2.3+0.73/0.93/0+2.3 ms cpu, 4->5->2 MB, 4 MB goal, 0 MB stacks, 0 MB globals, 16 P
gc 967 @5.857s 4%: 0.12+0.69+0.10 ms clock, 2.0+0.61/1.0/0.028+1.6 ms cpu, 4->5->2 MB, 5 MB goal, 0 MB stacks, 0 MB globals, 16 P
gc 968 @5.859s 4%: 0.095+0.71+0.097 ms clock, 1.5+0.52/1.0/0+1.5 ms cpu, 4->5->2 MB, 4 MB goal, 0 MB stacks, 0 MB globals, 16 P
gc 969 @5.861s 4%: 0.13+0.54+0.16 ms clock, 2.0+0.65/0.97/0+2.6 ms cpu, 4->4->2 MB, 4 MB goal, 0 MB stacks, 0 MB globals, 16 P
gc 970 @5.862s 4%: 0.10+0.83+0.094 ms clock, 1.6+0.67/0.88/0.034+1.5 ms cpu, 3->5->2 MB, 4 MB goal, 0 MB stacks, 0 MB globals, 16 P
gc 971 @5.864s 4%: 0.10+0.61+0.095 ms clock, 1.7+0.56/0.96/0+1.5 ms cpu, 4->5->2 MB, 5 MB goal, 0 MB stacks, 0 MB globals, 16 P
gc 972 @5.866s 4%: 0.13+0.61+0.17 ms clock, 2.1+0.65/0.92/0.019+2.7 ms cpu, 4->4->2 MB, 4 MB goal, 0 MB stacks, 0 MB globals, 16 P
gc 973 @5.868s 4%: 0.12+0.60+0.16 ms clock, 2.0+0.60/0.91/0+2.6 ms cpu, 4->4->2 MB, 4 MB goal, 0 MB stacks, 0 MB globals, 16 P
gc 974 @5.870s 4%: 0.12+0.69+0.065 ms clock, 1.9+0.54/0.92/0+1.0 ms cpu, 4->5->2 MB, 4 MB goal, 0 MB stacks, 0 MB globals, 16 P
gc 975 @5.872s 4%: 0.086+0.52+0.094 ms clock, 1.3+0.45/1.0/0+1.5 ms cpu, 4->4->2 MB, 5 MB goal, 0 MB stacks, 0 MB globals, 16 P
gc 976 @5.873s 4%: 0.18+0.68+0.092 ms clock, 2.9+0.72/0.88/0.017+1.4 ms cpu, 3->4->2 MB, 4 MB goal, 0 MB stacks, 0 MB globals, 16 P
gc 977 @5.875s 4%: 0.10+0.66+0.085 ms clock, 1.7+0.63/0.90/0+1.3 ms cpu, 4->5->2 MB, 5 MB goal, 0 MB stacks, 0 MB globals, 16 P
gc 978 @5.877s 4%: 0.14+0.60+0.13 ms clock, 2.2+0.67/0.84/0+2.1 ms cpu, 4->4->2 MB, 4 MB goal, 0 MB stacks, 0 MB globals, 16 P
gc 979 @5.879s 4%: 0.14+0.64+0.17 ms clock, 2.2+0.63/1.0/0+2.8 ms cpu, 4->4->2 MB, 4 MB goal, 0 MB stacks, 0 MB globals, 16 P
gc 980 @5.880s 4%: 0.14+0.67+0.11 ms clock, 2.3+0.66/0.87/0+1.8 ms cpu, 4->5->2 MB, 4 MB goal, 0 MB stacks, 0 MB globals, 16 P
gc 981 @5.882s 4%: 0.12+0.60+0.21 ms clock, 1.9+0.58/0.92/0.090+3.5 ms cpu, 4->4->2 MB, 5 MB goal, 0 MB stacks, 0 MB globals, 16 P
gc 982 @5.884s 4%: 0.14+0.79+0.14 ms clock, 2.3+0.67/1.0/0.008+2.3 ms cpu, 4->5->2 MB, 4 MB goal, 0 MB stacks, 0 MB globals, 16 P
gc 983 @5.886s 4%: 0.10+0.77+0.13 ms clock, 1.7+0.64/0.91/0.001+2.1 ms cpu, 4->5->2 MB, 5 MB goal, 0 MB stacks, 0 MB globals, 16 P
gc 984 @5.888s 4%: 0.17+0.73+0.19 ms clock, 2.8+0.65/0.89/0+3.1 ms cpu, 4->5->2 MB, 5 MB goal, 0 MB stacks, 0 MB globals, 16 P
gc 985 @5.890s 4%: 0.16+0.48+0.11 ms clock, 2.7+0.53/0.96/0+1.7 ms cpu, 4->5->2 MB, 5 MB goal, 0 MB stacks, 0 MB globals, 16 P
gc 986 @5.892s 4%: 0.12+0.57+0.14 ms clock, 1.9+0.76/0.88/0+2.3 ms cpu, 3->4->2 MB, 4 MB goal, 0 MB stacks, 0 MB globals, 16 P
gc 987 @5.894s 4%: 0.14+0.81+0.058 ms clock, 2.3+0.64/1.2/0+0.93 ms cpu, 4->5->2 MB, 4 MB goal, 0 MB stacks, 0 MB globals, 16 P
gc 988 @5.896s 4%: 0.12+0.55+0.12 ms clock, 1.9+0.66/0.98/0+1.9 ms cpu, 4->5->2 MB, 5 MB goal, 0 MB stacks, 0 MB globals, 16 P
gc 989 @5.897s 4%: 0.15+0.51+0.16 ms clock, 2.4+0.78/1.0/0+2.5 ms cpu, 3->4->2 MB, 4 MB goal, 0 MB stacks, 0 MB globals, 16 P
gc 990 @5.899s 4%: 0.10+0.56+0.15 ms clock, 1.7+0.63/0.89/0+2.5 ms cpu, 3->4->2 MB, 4 MB goal, 0 MB stacks, 0 MB globals, 16 P
gc 991 @5.901s 4%: 0.14+0.56+0.10 ms clock, 2.3+0.62/0.92/0.002+1.6 ms cpu, 4->4->2 MB, 4 MB goal, 0 MB stacks, 0 MB globals, 16 P
gc 992 @5.902s 4%: 0.11+0.52+0.081 ms clock, 1.8+0.55/0.80/0+1.3 ms cpu, 3->4->2 MB, 4 MB goal, 0 MB stacks, 0 MB globals, 16 P
gc 993 @5.904s 4%: 0.12+0.72+0.085 ms clock, 1.9+0.59/0.91/0+1.3 ms cpu, 3->4->2 MB, 4 MB goal, 0 MB stacks, 0 MB globals, 16 P
gc 994 @5.906s 4%: 0.13+0.59+0.17 ms clock, 2.0+0.81/1.0/0+2.8 ms cpu, 4->4->2 MB, 4 MB goal, 0 MB stacks, 0 MB globals, 16 P
gc 995 @5.907s 4%: 0.11+0.68+0.19 ms clock, 1.8+0.55/0.89/0+3.1 ms cpu, 4->4->2 MB, 4 MB goal, 0 MB stacks, 0 MB globals, 16 P
gc 996 @5.909s 4%: 0.16+0.60+0.078 ms clock, 2.6+0.63/0.92/0+1.2 ms cpu, 4->5->2 MB, 5 MB goal, 0 MB stacks, 0 MB globals, 16 P
gc 997 @5.911s 4%: 0.13+0.68+0.14 ms clock, 2.2+0.74/0.80/0+2.2 ms cpu, 3->4->2 MB, 4 MB goal, 0 MB stacks, 0 MB globals, 16 P
gc 998 @5.913s 4%: 0.14+0.72+0.075 ms clock, 2.3+0.69/0.85/0.004+1.2 ms cpu, 4->4->2 MB, 4 MB goal, 0 MB stacks, 0 MB globals, 16 P
gc 999 @5.915s 4%: 0.13+0.78+0.097 ms clock, 2.0+0.51/1.0/0+1.5 ms cpu, 4->5->2 MB, 4 MB goal, 0 MB stacks, 0 MB globals, 16 P
gc 1000 @5.917s 4%: 0.10+0.55+0.12 ms clock, 1.7+0.73/0.89/0.004+2.0 ms cpu, 4->5->2 MB, 5 MB goal, 0 MB stacks, 0 MB globals, 16 P
gc 1001 @5.918s 4%: 0.17+0.60+0.092 ms clock, 2.7+0.60/0.97/0+1.4 ms cpu, 4->4->2 MB, 4 MB goal, 0 MB stacks, 0 MB globals, 16 P
gc 1002 @5.920s 4%: 0.13+0.53+0.12 ms clock, 2.1+0.62/0.91/0.024+2.0 ms cpu, 4->4->1 MB, 4 MB goal, 0 MB stacks, 0 MB globals, 16 P
gc 1003 @5.922s 4%: 0.13+0.66+0.19 ms clock, 2.2+0.63/1.0/0+3.1 ms cpu, 3->4->2 MB, 4 MB goal, 0 MB stacks, 0 MB globals, 16 P
gc 1004 @5.923s 4%: 0.14+0.63+0.10 ms clock, 2.3+0.70/0.86/0+1.6 ms cpu, 4->4->2 MB, 4 MB goal, 0 MB stacks, 0 MB globals, 16 P
gc 1005 @5.925s 4%: 0.16+0.66+0.11 ms clock, 2.6+0.65/0.90/0+1.9 ms cpu, 4->5->2 MB, 4 MB goal, 0 MB stacks, 0 MB globals, 16 P
gc 1006 @5.927s 4%: 0.097+0.63+0.12 ms clock, 1.5+0.56/0.92/0+2.0 ms cpu, 4->4->2 MB, 4 MB goal, 0 MB stacks, 0 MB globals, 16 P
gc 1007 @5.929s 4%: 0.18+0.68+0.10 ms clock, 2.9+0.61/0.91/0+1.7 ms cpu, 3->4->2 MB, 4 MB goal, 0 MB stacks, 0 MB globals, 16 P
gc 1008 @5.931s 4%: 0.17+0.72+0.17 ms clock, 2.8+0.88/0.87/0+2.8 ms cpu, 4->5->2 MB, 4 MB goal, 0 MB stacks, 0 MB globals, 16 P
gc 1009 @5.933s 4%: 0.11+0.58+0.12 ms clock, 1.7+0.59/1.0/0+1.9 ms cpu, 4->5->2 MB, 5 MB goal, 0 MB stacks, 0 MB globals, 16 P
gc 1010 @5.934s 4%: 0.12+0.76+0.12 ms clock, 1.9+0.60/1.0/0+1.9 ms cpu, 4->4->2 MB, 4 MB goal, 0 MB stacks, 0 MB globals, 16 P
gc 1011 @5.936s 4%: 0.13+0.96+0.13 ms clock, 2.1+0.86/1.0/0+2.1 ms cpu, 4->5->2 MB, 5 MB goal, 0 MB stacks, 0 MB globals, 16 P
gc 1012 @5.939s 4%: 0.13+0.72+0.12 ms clock, 2.1+0.62/0.99/0.029+1.9 ms cpu, 4->5->2 MB, 5 MB goal, 0 MB stacks, 0 MB globals, 16 P
gc 1013 @5.941s 4%: 0.15+0.60+0.19 ms clock, 2.4+0.82/0.96/0.031+3.1 ms cpu, 4->5->2 MB, 4 MB goal, 0 MB stacks, 0 MB globals, 16 P
gc 1014 @5.943s 4%: 0.15+0.68+0.11 ms clock, 2.4+0.61/0.90/0.043+1.8 ms cpu, 4->4->2 MB, 4 MB goal, 0 MB stacks, 0 MB globals, 16 P
gc 1015 @5.944s 4%: 0.13+0.67+0.11 ms clock, 2.2+0.61/1.0/0+1.8 ms cpu, 4->5->2 MB, 4 MB goal, 0 MB stacks, 0 MB globals, 16 P
gc 1016 @5.947s 4%: 0.14+0.72+0.089 ms clock, 2.3+0.62/0.95/0+1.4 ms cpu, 4->5->2 MB, 5 MB goal, 0 MB stacks, 0 MB globals, 16 P
gc 1017 @5.948s 4%: 0.11+0.54+0.10 ms clock, 1.8+0.80/0.88/0.026+1.6 ms cpu, 4->4->2 MB, 4 MB goal, 0 MB stacks, 0 MB globals, 16 P
gc 1018 @5.950s 4%: 0.13+0.65+0.094 ms clock, 2.1+0.60/1.0/0+1.5 ms cpu, 3->4->2 MB, 4 MB goal, 0 MB stacks, 0 MB globals, 16 P
gc 1019 @5.952s 4%: 0.16+0.60+0.14 ms clock, 2.5+0.58/0.90/0+2.3 ms cpu, 4->4->2 MB, 4 MB goal, 0 MB stacks, 0 MB globals, 16 P
gc 1020 @5.953s 4%: 0.12+1.0+0.098 ms clock, 1.9+0.80/0.93/0.037+1.5 ms cpu, 4->5->2 MB, 4 MB goal, 0 MB stacks, 0 MB globals, 16 P
gc 1021 @5.956s 4%: 0.11+0.91+0.16 ms clock, 1.8+0.59/1.1/0+2.6 ms cpu, 4->5->2 MB, 5 MB goal, 0 MB stacks, 0 MB globals, 16 P
gc 1022 @5.958s 4%: 0.19+0.54+0.15 ms clock, 3.0+0.76/0.95/0.004+2.5 ms cpu, 4->5->2 MB, 5 MB goal, 0 MB stacks, 0 MB globals, 16 P
gc 1023 @5.960s 4%: 0.11+0.69+0.19 ms clock, 1.7+0.59/1.0/0.051+3.0 ms cpu, 4->5->2 MB, 4 MB goal, 0 MB stacks, 0 MB globals, 16 P
gc 1024 @5.962s 4%: 0.11+0.66+0.18 ms clock, 1.8+0.62/1.1/0.041+2.9 ms cpu, 4->5->2 MB, 5 MB goal, 0 MB stacks, 0 MB globals, 16 P
gc 1025 @5.964s 4%: 0.11+0.69+0.070 ms clock, 1.9+0.49/1.0/0+1.1 ms cpu, 4->5->2 MB, 4 MB goal, 0 MB stacks, 0 MB globals, 16 P
gc 1026 @5.966s 4%: 0.11+0.69+0.12 ms clock, 1.8+0.58/0.94/0+2.0 ms cpu, 4->5->2 MB, 5 MB goal, 0 MB stacks, 0 MB globals, 16 P
gc 1027 @5.967s 4%: 0.14+0.54+0.18 ms clock, 2.3+0.68/0.87/0+3.0 ms cpu, 4->4->2 MB, 4 MB goal, 0 MB stacks, 0 MB globals, 16 P
gc 1028 @5.969s 4%: 0.16+0.75+0.12 ms clock, 2.5+0.87/0.85/0+2.0 ms cpu, 4->5->2 MB, 4 MB goal, 0 MB stacks, 0 MB globals, 16 P
gc 1029 @5.971s 4%: 0.17+0.76+0.11 ms clock, 2.8+0.65/0.93/0+1.9 ms cpu, 4->5->2 MB, 5 MB goal, 0 MB stacks, 0 MB globals, 16 P
gc 1030 @5.973s 4%: 0.14+0.58+0.12 ms clock, 2.2+0.62/0.93/0+2.0 ms cpu, 4->5->2 MB, 5 MB goal, 0 MB stacks, 0 MB globals, 16 P
gc 1031 @5.975s 4%: 0.14+0.64+0.093 ms clock, 2.2+0.56/0.91/0+1.4 ms cpu, 3->4->2 MB, 4 MB goal, 0 MB stacks, 0 MB globals, 16 P
gc 1032 @5.977s 4%: 0.13+0.59+0.15 ms clock, 2.1+0.66/0.88/0+2.4 ms cpu, 4->4->2 MB, 4 MB goal, 0 MB stacks, 0 MB globals, 16 P
gc 1033 @5.978s 4%: 0.17+0.74+0.10 ms clock, 2.7+0.58/0.90/0.023+1.7 ms cpu, 3->4->2 MB, 4 MB goal, 0 MB stacks, 0 MB globals, 16 P
gc 1034 @5.981s 4%: 0.14+0.57+0.10 ms clock, 2.2+0.74/0.99/0+1.6 ms cpu, 4->5->2 MB, 5 MB goal, 0 MB stacks, 0 MB globals, 16 P
gc 1035 @5.982s 4%: 0.15+0.67+0.13 ms clock, 2.4+0.78/0.83/0+2.2 ms cpu, 3->4->2 MB, 4 MB goal, 0 MB stacks, 0 MB globals, 16 P
gc 1036 @5.984s 4%: 0.13+0.52+0.20 ms clock, 2.1+0.83/0.82/0+3.2 ms cpu, 4->4->2 MB, 4 MB goal, 0 MB stacks, 0 MB globals, 16 P
gc 1037 @5.986s 4%: 0.10+0.59+0.11 ms clock, 1.6+0.65/0.97/0+1.7 ms cpu, 3->4->2 MB, 4 MB goal, 0 MB stacks, 0 MB globals, 16 P
gc 1038 @5.987s 4%: 0.11+0.79+0.040 ms clock, 1.8+0.50/1.0/0.002+0.64 ms cpu, 4->4->2 MB, 4 MB goal, 0 MB stacks, 0 MB globals, 16 P
gc 1039 @5.989s 4%: 0.11+0.56+0.21 ms clock, 1.8+0.58/0.90/0+3.4 ms cpu, 4->4->2 MB, 4 MB goal, 0 MB stacks, 0 MB globals, 16 P
gc 1040 @5.991s 4%: 0.11+0.66+0.097 ms clock, 1.7+0.70/0.99/0+1.5 ms cpu, 4->4->2 MB, 4 MB goal, 0 MB stacks, 0 MB globals, 16 P
gc 1041 @5.993s 4%: 0.17+0.66+0.13 ms clock, 2.8+0.59/1.0/0+2.2 ms cpu, 4->5->2 MB, 4 MB goal, 0 MB stacks, 0 MB globals, 16 P
gc 1042 @5.995s 4%: 0.15+0.68+0.097 ms clock, 2.4+0.56/0.96/0.015+1.5 ms cpu, 4->5->2 MB, 4 MB goal, 0 MB stacks, 0 MB globals, 16 P
gc 1043 @5.997s 4%: 0.12+0.64+0.11 ms clock, 2.0+0.73/0.88/0.018+1.8 ms cpu, 4->5->2 MB, 5 MB goal, 0 MB stacks, 0 MB globals, 16 P
gc 1044 @5.998s 4%: 0.13+0.66+0.13 ms clock, 2.1+0.66/0.96/0+2.1 ms cpu, 4->4->2 MB, 4 MB goal, 0 MB stacks, 0 MB globals, 16 P
gc 1045 @6.000s 4%: 0.12+0.58+0.21 ms clock, 1.9+0.72/1.0/0+3.4 ms cpu, 4->5->2 MB, 5 MB goal, 0 MB stacks, 0 MB globals, 16 P
gc 1046 @6.002s 4%: 0.13+0.60+0.11 ms clock, 2.1+0.59/1.0/0.003+1.9 ms cpu, 4->5->2 MB, 4 MB goal, 0 MB stacks, 0 MB globals, 16 P
gc 1047 @6.004s 4%: 0.12+0.68+0.15 ms clock, 2.0+0.64/1.0/0.015+2.4 ms cpu, 4->5->2 MB, 4 MB goal, 0 MB stacks, 0 MB globals, 16 P
gc 1048 @6.006s 4%: 0.17+0.75+0.050 ms clock, 2.7+0.51/1.1/0.001+0.80 ms cpu, 4->5->2 MB, 4 MB goal, 0 MB stacks, 0 MB globals, 16 P
gc 1049 @6.008s 4%: 0.10+0.68+0.057 ms clock, 1.7+0.66/1.0/0+0.92 ms cpu, 4->5->2 MB, 5 MB goal, 0 MB stacks, 0 MB globals, 16 P
gc 1050 @6.010s 4%: 0.12+0.57+0.11 ms clock, 1.9+0.84/1.0/0+1.7 ms cpu, 4->4->2 MB, 4 MB goal, 0 MB stacks, 0 MB globals, 16 P
gc 1051 @6.011s 4%: 0.12+0.63+0.11 ms clock, 2.0+0.70/0.82/0+1.8 ms cpu, 4->4->2 MB, 4 MB goal, 0 MB stacks, 0 MB globals, 16 P
gc 1052 @6.013s 4%: 0.12+0.68+0.12 ms clock, 1.9+0.58/0.87/0.051+1.9 ms cpu, 4->4->2 MB, 4 MB goal, 0 MB stacks, 0 MB globals, 16 P
gc 1053 @6.015s 4%: 0.11+0.87+0.085 ms clock, 1.8+0.60/1.2/0+1.3 ms cpu, 3->4->2 MB, 4 MB goal, 0 MB stacks, 0 MB globals, 16 P
gc 1054 @6.017s 4%: 0.16+0.56+0.26 ms clock, 2.5+0.77/0.84/0+4.2 ms cpu, 4->5->2 MB, 5 MB goal, 0 MB stacks, 0 MB globals, 16 P
gc 1055 @6.019s 4%: 0.21+0.61+0.12 ms clock, 3.4+0.75/1.0/0+1.9 ms cpu, 4->4->2 MB, 4 MB goal, 0 MB stacks, 0 MB globals, 16 P
gc 1056 @6.020s 4%: 0.11+0.75+0.070 ms clock, 1.9+0.61/0.95/0+1.1 ms cpu, 4->4->2 MB, 4 MB goal, 0 MB stacks, 0 MB globals, 16 P
gc 1057 @6.022s 4%: 0.21+0.67+0.12 ms clock, 3.3+0.71/1.0/0.004+1.9 ms cpu, 4->5->2 MB, 4 MB goal, 0 MB stacks, 0 MB globals, 16 P
gc 1058 @6.024s 4%: 0.12+0.63+0.14 ms clock, 2.0+0.76/0.81/0+2.3 ms cpu, 4->4->2 MB, 5 MB goal, 0 MB stacks, 0 MB globals, 16 P
gc 1059 @6.026s 4%: 0.16+0.73+0.10 ms clock, 2.7+0.81/1.0/0+1.7 ms cpu, 4->5->2 MB, 4 MB goal, 0 MB stacks, 0 MB globals, 16 P
gc 1060 @6.028s 4%: 0.13+0.54+0.19 ms clock, 2.1+0.62/0.93/0+3.0 ms cpu, 4->5->2 MB, 5 MB goal, 0 MB stacks, 0 MB globals, 16 P
gc 1061 @6.030s 4%: 0.17+0.62+0.10 ms clock, 2.7+0.59/1.0/0+1.6 ms cpu, 3->4->2 MB, 4 MB goal, 0 MB stacks, 0 MB globals, 16 P
gc 1062 @6.032s 4%: 0.11+0.77+0.065 ms clock, 1.7+0.48/1.1/0.004+1.0 ms cpu, 4->5->2 MB, 4 MB goal, 0 MB stacks, 0 MB globals, 16 P
gc 1063 @6.034s 4%: 0.11+0.73+0.15 ms clock, 1.8+0.61/1.1/0.047+2.5 ms cpu, 4->5->2 MB, 4 MB goal, 0 MB stacks, 0 MB globals, 16 P
gc 1064 @6.035s 4%: 0.18+0.60+0.14 ms clock, 2.9+0.56/0.88/0.018+2.3 ms cpu, 4->5->2 MB, 5 MB goal, 0 MB stacks, 0 MB globals, 16 P
gc 1065 @6.037s 4%: 0.12+0.61+0.11 ms clock, 1.9+0.62/0.93/0+1.8 ms cpu, 4->4->2 MB, 4 MB goal, 0 MB stacks, 0 MB globals, 16 P
gc 1066 @6.039s 4%: 0.11+0.72+0.17 ms clock, 1.8+0.66/0.99/0+2.7 ms cpu, 4->4->2 MB, 4 MB goal, 0 MB stacks, 0 MB globals, 16 P
gc 1067 @6.041s 4%: 0.19+0.91+0.083 ms clock, 3.1+0.74/0.89/0+1.3 ms cpu, 4->5->2 MB, 4 MB goal, 0 MB stacks, 0 MB globals, 16 P
gc 1068 @6.043s 4%: 0.11+0.63+0.082 ms clock, 1.7+0.74/0.85/0+1.3 ms cpu, 4->5->2 MB, 5 MB goal, 0 MB stacks, 0 MB globals, 16 P
gc 1069 @6.045s 4%: 0.16+0.63+0.11 ms clock, 2.6+0.64/1.0/0+1.8 ms cpu, 3->4->2 MB, 4 MB goal, 0 MB stacks, 0 MB globals, 16 P
gc 1070 @6.047s 4%: 0.11+0.91+0.071 ms clock, 1.8+0.68/1.0/0.045+1.1 ms cpu, 4->5->2 MB, 5 MB goal, 0 MB stacks, 0 MB globals, 16 P
gc 1071 @6.049s 4%: 0.10+0.82+0.12 ms clock, 1.6+0.58/1.0/0+2.0 ms cpu, 4->5->2 MB, 5 MB goal, 0 MB stacks, 0 MB globals, 16 P
gc 1072 @6.051s 4%: 0.17+0.62+0.095 ms clock, 2.7+0.64/0.91/0+1.5 ms cpu, 4->5->2 MB, 5 MB goal, 0 MB stacks, 0 MB globals, 16 P
gc 1073 @6.053s 4%: 0.13+0.56+0.15 ms clock, 2.1+0.54/1.0/0.010+2.4 ms cpu, 4->4->2 MB, 4 MB goal, 0 MB stacks, 0 MB globals, 16 P
gc 1074 @6.055s 4%: 0.11+0.66+0.16 ms clock, 1.8+0.78/0.87/0.028+2.6 ms cpu, 4->4->2 MB, 4 MB goal, 0 MB stacks, 0 MB globals, 16 P
gc 1075 @6.057s 4%: 0.13+0.67+0.099 ms clock, 2.1+0.52/1.1/0+1.5 ms cpu, 4->5->2 MB, 5 MB goal, 0 MB stacks, 0 MB globals, 16 P
gc 1076 @6.059s 4%: 0.13+0.68+0.11 ms clock, 2.1+0.65/1.0/0.001+1.7 ms cpu, 4->5->2 MB, 5 MB goal, 0 MB stacks, 0 MB globals, 16 P
gc 1077 @6.060s 4%: 0.17+0.62+0.18 ms clock, 2.8+0.56/0.93/0.002+2.9 ms cpu, 4->5->2 MB, 4 MB goal, 0 MB stacks, 0 MB globals, 16 P
gc 1078 @6.062s 4%: 0.11+0.65+0.19 ms clock, 1.9+0.53/0.95/0+3.1 ms cpu, 4->4->2 MB, 4 MB goal, 0 MB stacks, 0 MB globals, 16 P
gc 1079 @6.064s 4%: 0.12+0.60+0.21 ms clock, 1.9+0.69/0.89/0+3.3 ms cpu, 4->4->2 MB, 4 MB goal, 0 MB stacks, 0 MB globals, 16 P
gc 1080 @6.066s 4%: 0.15+0.69+0.094 ms clock, 2.4+0.73/0.95/0+1.5 ms cpu, 4->5->2 MB, 4 MB goal, 0 MB stacks, 0 MB globals, 16 P
gc 1081 @6.068s 4%: 0.11+0.61+0.092 ms clock, 1.7+0.51/0.99/0.012+1.4 ms cpu, 4->5->2 MB, 5 MB goal, 0 MB stacks, 0 MB globals, 16 P
gc 1082 @6.070s 4%: 0.13+0.62+0.12 ms clock, 2.1+0.67/1.0/0+1.9 ms cpu, 4->4->2 MB, 4 MB goal, 0 MB stacks, 0 MB globals, 16 P
gc 1083 @6.071s 4%: 0.18+0.83+0.097 ms clock, 2.9+0.54/0.96/0+1.5 ms cpu, 4->5->2 MB, 4 MB goal, 0 MB stacks, 0 MB globals, 16 P
gc 1084 @6.074s 4%: 0.11+0.60+0.097 ms clock, 1.8+0.70/1.1/0.003+1.5 ms cpu, 4->5->2 MB, 5 MB goal, 0 MB stacks, 0 MB globals, 16 P
gc 1085 @6.075s 4%: 0.13+0.71+0.088 ms clock, 2.0+0.70/0.95/0+1.4 ms cpu, 3->4->2 MB, 4 MB goal, 0 MB stacks, 0 MB globals, 16 P
gc 1086 @6.077s 4%: 0.10+0.69+0.10 ms clock, 1.6+0.59/0.98/0.002+1.7 ms cpu, 4->5->2 MB, 5 MB goal, 0 MB stacks, 0 MB globals, 16 P
gc 1087 @6.079s 4%: 0.13+0.62+0.16 ms clock, 2.1+0.72/1.0/0.026+2.6 ms cpu, 4->5->2 MB, 4 MB goal, 0 MB stacks, 0 MB globals, 16 P
gc 1088 @6.081s 4%: 0.12+0.64+0.19 ms clock, 2.0+0.63/0.98/0.10+3.1 ms cpu, 4->5->2 MB, 5 MB goal, 0 MB stacks, 0 MB globals, 16 P
gc 1089 @6.083s 4%: 0.11+0.81+0.11 ms clock, 1.8+0.62/0.96/0+1.8 ms cpu, 4->5->2 MB, 4 MB goal, 0 MB stacks, 0 MB globals, 16 P
gc 1090 @6.085s 4%: 0.11+0.61+0.14 ms clock, 1.8+0.41/0.96/0+2.2 ms cpu, 4->5->2 MB, 5 MB goal, 0 MB stacks, 0 MB globals, 16 P
gc 1091 @6.087s 4%: 0.14+0.70+0.063 ms clock, 2.3+0.74/0.83/0+1.0 ms cpu, 4->4->2 MB, 4 MB goal, 0 MB stacks, 0 MB globals, 16 P
gc 1092 @6.088s 4%: 0.098+0.46+0.12 ms clock, 1.5+0.61/0.83/0+1.9 ms cpu, 4->4->2 MB, 4 MB goal, 0 MB stacks, 0 MB globals, 16 P
gc 1093 @6.090s 4%: 0.11+0.42+0.12 ms clock, 1.8+0.68/0.89/0.003+2.0 ms cpu, 3->4->1 MB, 4 MB goal, 0 MB stacks, 0 MB globals, 16 P
gc 1094 @6.091s 4%: 0.094+0.57+0.17 ms clock, 1.5+0.45/0.83/0.052+2.7 ms cpu, 3->4->2 MB, 4 MB goal, 0 MB stacks, 0 MB globals, 16 P
gc 1095 @6.093s 4%: 0.10+0.60+0.11 ms clock, 1.6+0.51/0.96/0+1.7 ms cpu, 3->4->2 MB, 4 MB goal, 0 MB stacks, 0 MB globals, 16 P
gc 1096 @6.095s 4%: 0.12+0.74+0.096 ms clock, 1.9+0.62/0.93/0+1.5 ms cpu, 4->4->2 MB, 4 MB goal, 0 MB stacks, 0 MB globals, 16 P
gc 1097 @6.097s 4%: 0.14+0.72+0.16 ms clock, 2.3+0.70/1.0/0.018+2.7 ms cpu, 4->5->2 MB, 4 MB goal, 0 MB stacks, 0 MB globals, 16 P
gc 1098 @6.099s 4%: 0.18+0.56+0.15 ms clock, 2.8+0.82/1.0/0+2.4 ms cpu, 4->5->2 MB, 5 MB goal, 0 MB stacks, 0 MB globals, 16 P
gc 1099 @6.100s 4%: 0.15+0.46+0.19 ms clock, 2.4+0.71/0.87/0.018+3.1 ms cpu, 4->4->2 MB, 4 MB goal, 0 MB stacks, 0 MB globals, 16 P
gc 1100 @6.102s 4%: 0.10+0.86+0.079 ms clock, 1.7+0.91/1.0/0+1.2 ms cpu, 3->4->2 MB, 4 MB goal, 0 MB stacks, 0 MB globals, 16 P
gc 1101 @6.104s 4%: 0.11+0.72+0.16 ms clock, 1.7+0.47/1.0/0.002+2.6 ms cpu, 4->5->2 MB, 5 MB goal, 0 MB stacks, 0 MB globals, 16 P
gc 1102 @6.106s 4%: 0.10+0.65+0.089 ms clock, 1.6+0.65/1.0/0+1.4 ms cpu, 4->4->2 MB, 4 MB goal, 0 MB stacks, 0 MB globals, 16 P
gc 1103 @6.108s 4%: 0.13+0.55+0.11 ms clock, 2.0+0.69/0.87/0+1.8 ms cpu, 4->4->2 MB, 4 MB goal, 0 MB stacks, 0 MB globals, 16 P
gc 1104 @6.109s 4%: 0.11+0.71+0.19 ms clock, 1.7+0.72/0.88/0.017+3.0 ms cpu, 3->4->2 MB, 4 MB goal, 0 MB stacks, 0 MB globals, 16 P
gc 1105 @6.111s 4%: 0.14+0.78+0.064 ms clock, 2.3+0.58/1.0/0+1.0 ms cpu, 4->5->2 MB, 4 MB goal, 0 MB stacks, 0 MB globals, 16 P
gc 1106 @6.113s 4%: 0.11+0.65+0.18 ms clock, 1.7+0.47/0.80/0.068+2.9 ms cpu, 4->4->2 MB, 5 MB goal, 0 MB stacks, 0 MB globals, 16 P
gc 1107 @6.115s 4%: 0.14+0.49+0.27 ms clock, 2.3+0.81/0.87/0+4.3 ms cpu, 3->4->2 MB, 4 MB goal, 0 MB stacks, 0 MB globals, 16 P
gc 1108 @6.116s 4%: 0.17+0.57+0.24 ms clock, 2.8+0.70/1.0/0+3.8 ms cpu, 3->4->2 MB, 4 MB goal, 0 MB stacks, 0 MB globals, 16 P
gc 1109 @6.118s 4%: 0.11+0.56+0.11 ms clock, 1.9+0.55/0.88/0.045+1.8 ms cpu, 4->4->2 MB, 4 MB goal, 0 MB stacks, 0 MB globals, 16 P
gc 1110 @6.120s 4%: 0.11+0.71+0.11 ms clock, 1.8+0.61/0.97/0.002+1.8 ms cpu, 3->4->2 MB, 4 MB goal, 0 MB stacks, 0 MB globals, 16 P
gc 1111 @6.121s 4%: 0.18+0.67+0.10 ms clock, 2.9+0.88/1.0/0+1.7 ms cpu, 4->4->2 MB, 4 MB goal, 0 MB stacks, 0 MB globals, 16 P
gc 1112 @6.123s 4%: 0.11+0.63+0.16 ms clock, 1.8+0.67/1.0/0+2.6 ms cpu, 4->5->2 MB, 4 MB goal, 0 MB stacks, 0 MB globals, 16 P
gc 1113 @6.125s 4%: 0.15+0.62+0.11 ms clock, 2.4+0.65/1.0/0+1.8 ms cpu, 4->5->2 MB, 4 MB goal, 0 MB stacks, 0 MB globals, 16 P
gc 1114 @6.127s 4%: 0.13+0.65+0.14 ms clock, 2.0+0.62/0.97/0+2.3 ms cpu, 4->4->2 MB, 5 MB goal, 0 MB stacks, 0 MB globals, 16 P
gc 1115 @6.129s 4%: 0.14+0.63+0.15 ms clock, 2.2+0.51/0.89/0+2.4 ms cpu, 3->4->2 MB, 4 MB goal, 0 MB stacks, 0 MB globals, 16 P
gc 1116 @6.130s 4%: 0.12+0.61+0.16 ms clock, 1.9+0.58/0.92/0.002+2.6 ms cpu, 4->4->2 MB, 4 MB goal, 0 MB stacks, 0 MB globals, 16 P
gc 1117 @6.132s 4%: 0.21+0.65+0.20 ms clock, 3.4+0.61/0.86/0+3.2 ms cpu, 4->4->2 MB, 4 MB goal, 0 MB stacks, 0 MB globals, 16 P
gc 1118 @6.134s 4%: 0.11+0.70+0.10 ms clock, 1.8+0.58/1.0/0+1.6 ms cpu, 4->5->2 MB, 4 MB goal, 0 MB stacks, 0 MB globals, 16 P
gc 1119 @6.136s 4%: 0.11+0.55+0.13 ms clock, 1.8+0.57/1.0/0.001+2.0 ms cpu, 4->4->2 MB, 4 MB goal, 0 MB stacks, 0 MB globals, 16 P
gc 1120 @6.138s 4%: 0.17+0.64+0.12 ms clock, 2.7+0.65/0.97/0+1.9 ms cpu, 3->4->2 MB, 4 MB goal, 0 MB stacks, 0 MB globals, 16 P
gc 1121 @6.140s 4%: 0.12+0.74+0.077 ms clock, 2.0+0.65/0.87/0+1.2 ms cpu, 4->4->2 MB, 4 MB goal, 0 MB stacks, 0 MB globals, 16 P
gc 1122 @6.141s 4%: 0.24+0.73+0.18 ms clock, 3.8+0.85/0.79/0+2.9 ms cpu, 3->5->2 MB, 4 MB goal, 0 MB stacks, 0 MB globals, 16 P
gc 1123 @6.143s 4%: 0.12+0.77+0.092 ms clock, 2.0+0.58/1.0/0+1.4 ms cpu, 4->5->2 MB, 5 MB goal, 0 MB stacks, 0 MB globals, 16 P
gc 1124 @6.145s 4%: 0.11+0.63+0.15 ms clock, 1.8+0.68/1.0/0+2.4 ms cpu, 4->5->2 MB, 5 MB goal, 0 MB stacks, 0 MB globals, 16 P
gc 1125 @6.147s 4%: 0.18+0.53+0.18 ms clock, 2.9+0.68/0.89/0+3.0 ms cpu, 4->4->2 MB, 4 MB goal, 0 MB stacks, 0 MB globals, 16 P
gc 1126 @6.149s 4%: 0.19+0.64+0.26 ms clock, 3.1+0.66/0.96/0+4.1 ms cpu, 3->4->2 MB, 4 MB goal, 0 MB stacks, 0 MB globals, 16 P
gc 1127 @6.151s 4%: 0.14+0.76+0.13 ms clock, 2.2+0.92/0.91/0+2.1 ms cpu, 4->5->2 MB, 5 MB goal, 0 MB stacks, 0 MB globals, 16 P
gc 1128 @6.153s 4%: 0.12+0.54+0.072 ms clock, 2.0+0.67/0.93/0+1.1 ms cpu, 4->5->2 MB, 5 MB goal, 0 MB stacks, 0 MB globals, 16 P
gc 1129 @6.155s 4%: 0.14+0.57+0.12 ms clock, 2.2+0.73/0.79/0+2.0 ms cpu, 3->4->2 MB, 4 MB goal, 0 MB stacks, 0 MB globals, 16 P
gc 1130 @6.156s 4%: 0.11+0.59+0.068 ms clock, 1.8+0.68/0.92/0.027+1.0 ms cpu, 3->4->2 MB, 4 MB goal, 0 MB stacks, 0 MB globals, 16 P
gc 1131 @6.158s 4%: 0.23+0.51+0.11 ms clock, 3.7+0.64/0.98/0+1.8 ms cpu, 3->4->2 MB, 4 MB goal, 0 MB stacks, 0 MB globals, 16 P
gc 1132 @6.159s 4%: 0.15+0.63+0.13 ms clock, 2.5+0.67/1.0/0+2.0 ms cpu, 3->4->2 MB, 4 MB goal, 0 MB stacks, 0 MB globals, 16 P
gc 1133 @6.161s 4%: 0.11+0.73+0.11 ms clock, 1.9+0.52/1.1/0.006+1.8 ms cpu, 4->5->2 MB, 5 MB goal, 0 MB stacks, 0 MB globals, 16 P
gc 1134 @6.163s 4%: 0.14+0.66+0.099 ms clock, 2.3+0.68/0.97/0+1.5 ms cpu, 4->5->2 MB, 5 MB goal, 0 MB stacks, 0 MB globals, 16 P
gc 1135 @6.165s 4%: 0.12+0.61+0.10 ms clock, 2.0+0.50/0.97/0.002+1.6 ms cpu, 4->5->2 MB, 5 MB goal, 0 MB stacks, 0 MB globals, 16 P
gc 1136 @6.167s 4%: 0.18+0.88+0.10 ms clock, 3.0+0.67/1.0/0+1.7 ms cpu, 4->5->2 MB, 4 MB goal, 0 MB stacks, 0 MB globals, 16 P
gc 1137 @6.169s 4%: 0.15+0.62+0.14 ms clock, 2.5+0.63/1.0/0.003+2.2 ms cpu, 4->5->2 MB, 5 MB goal, 0 MB stacks, 0 MB globals, 16 P
gc 1138 @6.171s 4%: 0.13+0.92+0.14 ms clock, 2.1+0.85/0.81/0+2.3 ms cpu, 4->5->2 MB, 4 MB goal, 0 MB stacks, 0 MB globals, 16 P
gc 1139 @6.174s 4%: 0.18+0.78+0.14 ms clock, 2.9+0.64/1.1/0+2.3 ms cpu, 4->5->2 MB, 5 MB goal, 0 MB stacks, 0 MB globals, 16 P
gc 1140 @6.176s 4%: 0.15+0.72+0.15 ms clock, 2.4+0.86/1.0/0.014+2.4 ms cpu, 4->5->2 MB, 5 MB goal, 0 MB stacks, 0 MB globals, 16 P
gc 1141 @6.178s 4%: 0.11+0.46+0.099 ms clock, 1.8+0.53/0.95/0+1.5 ms cpu, 4->5->2 MB, 5 MB goal, 0 MB stacks, 0 MB globals, 16 P
gc 1142 @6.179s 4%: 0.21+0.95+0.084 ms clock, 3.4+0.64/0.88/0.035+1.3 ms cpu, 3->5->2 MB, 4 MB goal, 0 MB stacks, 0 MB globals, 16 P
gc 1143 @6.182s 4%: 0.15+0.74+0.12 ms clock, 2.5+0.57/0.98/0+2.0 ms cpu, 4->5->2 MB, 5 MB goal, 0 MB stacks, 0 MB globals, 16 P
gc 1144 @6.184s 4%: 0.12+0.86+0.12 ms clock, 1.9+0.65/1.0/0.049+1.9 ms cpu, 4->5->2 MB, 5 MB goal, 0 MB stacks, 0 MB globals, 16 P
gc 1145 @6.186s 4%: 0.19+0.67+0.14 ms clock, 3.0+0.71/0.88/0+2.3 ms cpu, 4->5->2 MB, 5 MB goal, 0 MB stacks, 0 MB globals, 16 P
gc 1146 @6.188s 4%: 0.17+0.52+0.10 ms clock, 2.7+0.87/0.85/0+1.6 ms cpu, 4->5->2 MB, 5 MB goal, 0 MB stacks, 0 MB globals, 16 P
gc 1147 @6.190s 4%: 0.15+0.73+0.075 ms clock, 2.4+0.71/0.94/0+1.2 ms cpu, 4->5->2 MB, 4 MB goal, 0 MB stacks, 0 MB globals, 16 P
gc 1148 @6.192s 4%: 0.16+0.60+0.26 ms clock, 2.6+0.63/0.95/0+4.2 ms cpu, 4->5->2 MB, 5 MB goal, 0 MB stacks, 0 MB globals, 16 P
gc 1149 @6.194s 4%: 0.13+0.76+0.090 ms clock, 2.2+0.73/0.88/0+1.4 ms cpu, 4->4->2 MB, 4 MB goal, 0 MB stacks, 0 MB globals, 16 P
gc 1150 @6.196s 4%: 0.18+0.62+0.16 ms clock, 3.0+0.55/0.99/0+2.6 ms cpu, 4->5->2 MB, 5 MB goal, 0 MB stacks, 0 MB globals, 16 P
gc 1151 @6.197s 4%: 0.13+0.58+0.10 ms clock, 2.0+0.69/0.89/0+1.6 ms cpu, 4->4->2 MB, 4 MB goal, 0 MB stacks, 0 MB globals, 16 P
gc 1152 @6.199s 4%: 0.12+0.57+0.089 ms clock, 2.0+0.71/0.88/0+1.4 ms cpu, 3->4->2 MB, 4 MB goal, 0 MB stacks, 0 MB globals, 16 P
gc 1153 @6.201s 4%: 0.13+0.65+0.10 ms clock, 2.1+0.56/0.87/0+1.6 ms cpu, 4->4->2 MB, 4 MB goal, 0 MB stacks, 0 MB globals, 16 P
gc 1154 @6.202s 4%: 0.14+0.67+0.17 ms clock, 2.3+0.77/1.0/0+2.8 ms cpu, 3->4->2 MB, 4 MB goal, 0 MB stacks, 0 MB globals, 16 P
gc 1155 @6.204s 4%: 0.12+0.76+0.097 ms clock, 2.0+0.78/0.96/0+1.5 ms cpu, 4->5->2 MB, 5 MB goal, 0 MB stacks, 0 MB globals, 16 P
gc 1156 @6.206s 4%: 0.093+0.60+0.11 ms clock, 1.4+0.68/1.0/0.007+1.8 ms cpu, 4->5->2 MB, 5 MB goal, 0 MB stacks, 0 MB globals, 16 P
gc 1157 @6.208s 4%: 0.16+0.52+0.17 ms clock, 2.6+0.71/0.94/0+2.8 ms cpu, 4->4->2 MB, 4 MB goal, 0 MB stacks, 0 MB globals, 16 P
gc 1158 @6.210s 4%: 0.14+0.71+0.13 ms clock, 2.3+0.73/0.91/0+2.1 ms cpu, 4->5->2 MB, 4 MB goal, 0 MB stacks, 0 MB globals, 16 P
gc 1159 @6.212s 4%: 0.12+0.56+0.19 ms clock, 2.0+0.73/0.94/0+3.1 ms cpu, 4->5->2 MB, 5 MB goal, 0 MB stacks, 0 MB globals, 16 P
gc 1160 @6.214s 4%: 0.24+0.55+0.21 ms clock, 3.8+0.68/0.97/0+3.4 ms cpu, 4->5->2 MB, 4 MB goal, 0 MB stacks, 0 MB globals, 16 P
gc 1161 @6.216s 4%: 0.089+0.59+0.13 ms clock, 1.4+0.47/1.1/0+2.1 ms cpu, 4->5->2 MB, 5 MB goal, 0 MB stacks, 0 MB globals, 16 P
gc 1162 @6.217s 4%: 0.17+0.63+0.12 ms clock, 2.8+0.70/0.97/0+1.9 ms cpu, 3->4->2 MB, 4 MB goal, 0 MB stacks, 0 MB globals, 16 P
gc 1163 @6.219s 4%: 0.11+0.69+0.068 ms clock, 1.7+0.57/0.82/0.026+1.1 ms cpu, 3->4->2 MB, 4 MB goal, 0 MB stacks, 0 MB globals, 16 P
gc 1164 @6.221s 4%: 0.15+0.78+0.080 ms clock, 2.4+0.68/1.1/0+1.2 ms cpu, 4->4->2 MB, 4 MB goal, 0 MB stacks, 0 MB globals, 16 P
gc 1165 @6.223s 4%: 0.12+0.71+0.11 ms clock, 1.9+0.78/0.93/0.068+1.7 ms cpu, 4->5->2 MB, 5 MB goal, 0 MB stacks, 0 MB globals, 16 P
gc 1166 @6.225s 4%: 0.17+0.59+0.10 ms clock, 2.7+0.71/0.93/0+1.7 ms cpu, 4->4->2 MB, 4 MB goal, 0 MB stacks, 0 MB globals, 16 P
gc 1167 @6.226s 4%: 0.10+0.73+0.11 ms clock, 1.6+0.55/1.0/0.021+1.8 ms cpu, 4->4->2 MB, 4 MB goal, 0 MB stacks, 0 MB globals, 16 P
gc 1168 @6.228s 4%: 0.11+0.73+0.12 ms clock, 1.8+0.76/0.84/0+1.9 ms cpu, 4->5->2 MB, 4 MB goal, 0 MB stacks, 0 MB globals, 16 P
gc 1169 @6.230s 4%: 0.12+0.70+0.21 ms clock, 2.0+0.64/0.81/0+3.3 ms cpu, 4->5->2 MB, 4 MB goal, 0 MB stacks, 0 MB globals, 16 P
gc 1170 @6.232s 4%: 0.10+0.71+0.15 ms clock, 1.7+0.69/0.86/0+2.4 ms cpu, 4->5->2 MB, 5 MB goal, 0 MB stacks, 0 MB globals, 16 P
gc 1171 @6.234s 4%: 0.10+0.65+0.087 ms clock, 1.6+0.80/0.87/0+1.3 ms cpu, 4->4->2 MB, 4 MB goal, 0 MB stacks, 0 MB globals, 16 P
gc 1172 @6.235s 4%: 0.11+0.52+0.13 ms clock, 1.8+0.64/0.88/0.003+2.1 ms cpu, 3->4->2 MB, 4 MB goal, 0 MB stacks, 0 MB globals, 16 P
gc 1173 @6.237s 4%: 0.10+0.59+0.072 ms clock, 1.6+0.52/0.92/0+1.1 ms cpu, 3->4->2 MB, 4 MB goal, 0 MB stacks, 0 MB globals, 16 P
gc 1174 @6.239s 4%: 0.15+0.74+0.15 ms clock, 2.4+0.83/0.86/0+2.4 ms cpu, 3->4->2 MB, 4 MB goal, 0 MB stacks, 0 MB globals, 16 P
gc 1175 @6.241s 4%: 0.16+0.55+0.13 ms clock, 2.5+0.66/0.89/0+2.1 ms cpu, 4->5->2 MB, 5 MB goal, 0 MB stacks, 0 MB globals, 16 P
gc 1176 @6.242s 4%: 0.10+0.66+0.12 ms clock, 1.6+0.79/0.92/0.008+2.0 ms cpu, 3->4->2 MB, 4 MB goal, 0 MB stacks, 0 MB globals, 16 P
gc 1177 @6.244s 4%: 0.091+0.54+0.14 ms clock, 1.4+0.50/0.96/0.004+2.3 ms cpu, 3->4->2 MB, 4 MB goal, 0 MB stacks, 0 MB globals, 16 P
gc 1178 @6.246s 4%: 0.13+0.57+0.11 ms clock, 2.2+0.71/1.1/0.015+1.7 ms cpu, 3->4->2 MB, 4 MB goal, 0 MB stacks, 0 MB globals, 16 P
gc 1179 @6.247s 4%: 0.19+0.62+0.13 ms clock, 3.0+0.63/0.98/0+2.1 ms cpu, 3->4->2 MB, 4 MB goal, 0 MB stacks, 0 MB globals, 16 P
gc 1180 @6.249s 4%: 0.090+0.78+0.094 ms clock, 1.4+0.46/0.84/0.091+1.5 ms cpu, 4->5->2 MB, 5 MB goal, 0 MB stacks, 0 MB globals, 16 P
gc 1181 @6.251s 4%: 0.18+0.64+0.11 ms clock, 2.9+0.57/1.1/0+1.8 ms cpu, 4->4->2 MB, 4 MB goal, 0 MB stacks, 0 MB globals, 16 P
gc 1182 @6.253s 4%: 0.098+0.62+0.12 ms clock, 1.5+0.53/0.84/0+1.9 ms cpu, 4->4->2 MB, 4 MB goal, 0 MB stacks, 0 MB globals, 16 P
gc 1183 @6.254s 4%: 0.11+0.59+0.14 ms clock, 1.8+0.71/0.95/0.002+2.3 ms cpu, 4->4->2 MB, 4 MB goal, 0 MB stacks, 0 MB globals, 16 P
gc 1184 @6.256s 4%: 0.14+0.72+0.092 ms clock, 2.2+0.57/1.0/0+1.4 ms cpu, 4->4->2 MB, 4 MB goal, 0 MB stacks, 0 MB globals, 16 P
gc 1185 @6.258s 4%: 0.16+0.81+0.11 ms clock, 2.6+0.72/0.92/0+1.8 ms cpu, 4->5->2 MB, 4 MB goal, 0 MB stacks, 0 MB globals, 16 P
gc 1186 @6.260s 4%: 0.15+0.57+0.10 ms clock, 2.4+0.82/0.92/0+1.7 ms cpu, 4->5->2 MB, 5 MB goal, 0 MB stacks, 0 MB globals, 16 P
gc 1187 @6.262s 4%: 0.18+0.59+0.15 ms clock, 2.9+0.68/0.89/0+2.4 ms cpu, 4->4->2 MB, 4 MB goal, 0 MB stacks, 0 MB globals, 16 P
gc 1188 @6.264s 4%: 0.19+0.48+0.12 ms clock, 3.1+0.61/0.94/0+1.9 ms cpu, 4->4->2 MB, 4 MB goal, 0 MB stacks, 0 MB globals, 16 P
gc 1189 @6.265s 4%: 0.10+0.65+0.10 ms clock, 1.7+0.62/0.99/0+1.6 ms cpu, 4->4->2 MB, 4 MB goal, 0 MB stacks, 0 MB globals, 16 P
gc 1190 @6.267s 4%: 0.12+0.40+0.14 ms clock, 2.0+0.58/0.89/0+2.3 ms cpu, 4->4->1 MB, 4 MB goal, 0 MB stacks, 0 MB globals, 16 P
gc 1191 @6.269s 4%: 0.23+0.85+0.064 ms clock, 3.8+0.70/1.0/0.026+1.0 ms cpu, 3->4->2 MB, 4 MB goal, 0 MB stacks, 0 MB globals, 16 P
gc 1192 @6.271s 4%: 0.14+0.62+0.16 ms clock, 2.3+0.58/0.99/0+2.5 ms cpu, 4->5->2 MB, 5 MB goal, 0 MB stacks, 0 MB globals, 16 P
gc 1193 @6.273s 4%: 0.13+0.62+0.11 ms clock, 2.2+0.74/0.90/0.014+1.8 ms cpu, 4->4->2 MB, 4 MB goal, 0 MB stacks, 0 MB globals, 16 P
gc 1194 @6.274s 4%: 0.12+0.48+0.12 ms clock, 2.0+0.63/0.83/0+2.0 ms cpu, 4->4->2 MB, 4 MB goal, 0 MB stacks, 0 MB globals, 16 P
gc 1195 @6.276s 4%: 0.11+0.65+0.12 ms clock, 1.8+0.63/0.86/0+1.9 ms cpu, 3->4->2 MB, 4 MB goal, 0 MB stacks, 0 MB globals, 16 P
gc 1196 @6.278s 4%: 0.18+0.83+0.092 ms clock, 2.9+0.83/1.0/0+1.4 ms cpu, 4->5->2 MB, 4 MB goal, 0 MB stacks, 0 MB globals, 16 P
gc 1197 @6.280s 4%: 0.12+0.73+0.065 ms clock, 2.0+0.78/0.92/0+1.0 ms cpu, 4->5->2 MB, 5 MB goal, 0 MB stacks, 0 MB globals, 16 P
gc 1198 @6.282s 4%: 0.13+0.51+0.15 ms clock, 2.0+0.50/1.0/0.007+2.4 ms cpu, 4->4->2 MB, 4 MB goal, 0 MB stacks, 0 MB globals, 16 P
gc 1199 @6.283s 4%: 0.17+0.55+0.18 ms clock, 2.8+0.60/0.89/0+3.0 ms cpu, 3->4->2 MB, 4 MB goal, 0 MB stacks, 0 MB globals, 16 P
gc 1200 @6.285s 4%: 0.18+0.69+0.15 ms clock, 2.8+0.58/0.96/0+2.4 ms cpu, 4->5->2 MB, 4 MB goal, 0 MB stacks, 0 MB globals, 16 P
gc 1201 @6.287s 4%: 0.10+0.63+0.11 ms clock, 1.7+0.61/0.89/0.027+1.8 ms cpu, 4->5->2 MB, 5 MB goal, 0 MB stacks, 0 MB globals, 16 P
gc 1202 @6.289s 4%: 0.14+0.58+0.12 ms clock, 2.2+0.56/0.98/0+1.9 ms cpu, 4->4->2 MB, 4 MB goal, 0 MB stacks, 0 MB globals, 16 P
gc 1203 @6.291s 4%: 0.11+0.64+0.12 ms clock, 1.8+0.50/1.0/0.019+2.0 ms cpu, 4->4->2 MB, 4 MB goal, 0 MB stacks, 0 MB globals, 16 P
gc 1204 @6.292s 4%: 0.092+0.66+0.13 ms clock, 1.4+0.52/0.92/0.033+2.0 ms cpu, 4->4->2 MB, 4 MB goal, 0 MB stacks, 0 MB globals, 16 P
gc 1205 @6.294s 4%: 0.27+0.59+0.14 ms clock, 4.4+0.71/0.74/0+2.2 ms cpu, 3->4->2 MB, 4 MB goal, 0 MB stacks, 0 MB globals, 16 P
gc 1206 @6.296s 4%: 0.25+0.62+0.16 ms clock, 4.0+0.67/1.0/0+2.5 ms cpu, 3->4->2 MB, 4 MB goal, 0 MB stacks, 0 MB globals, 16 P
gc 1207 @6.298s 4%: 0.12+0.71+0.098 ms clock, 2.0+0.85/0.89/0+1.5 ms cpu, 4->4->2 MB, 4 MB goal, 0 MB stacks, 0 MB globals, 16 P
gc 1208 @6.299s 4%: 0.099+0.88+0.085 ms clock, 1.5+0.69/0.97/0+1.3 ms cpu, 4->5->2 MB, 4 MB goal, 0 MB stacks, 0 MB globals, 16 P
gc 1209 @6.302s 4%: 0.14+0.85+0.17 ms clock, 2.3+0.12/1.1/0+2.8 ms cpu, 4->5->2 MB, 5 MB goal, 0 MB stacks, 0 MB globals, 16 P
gc 1210 @6.304s 4%: 0.18+0.52+0.12 ms clock, 2.9+0.72/0.97/0+2.0 ms cpu, 4->5->2 MB, 5 MB goal, 0 MB stacks, 0 MB globals, 16 P
gc 1211 @6.306s 4%: 0.15+0.50+0.13 ms clock, 2.5+0.64/1.0/0.004+2.1 ms cpu, 4->4->2 MB, 4 MB goal, 0 MB stacks, 0 MB globals, 16 P
gc 1212 @6.307s 4%: 0.13+0.72+0.086 ms clock, 2.1+0.61/1.0/0+1.3 ms cpu, 3->4->2 MB, 4 MB goal, 0 MB stacks, 0 MB globals, 16 P
gc 1213 @6.309s 4%: 0.11+0.53+0.20 ms clock, 1.8+0.64/0.97/0.092+3.2 ms cpu, 4->5->2 MB, 4 MB goal, 0 MB stacks, 0 MB globals, 16 P
gc 1214 @6.311s 4%: 0.16+0.86+0.085 ms clock, 2.6+0.61/1.0/0.002+1.3 ms cpu, 3->5->2 MB, 4 MB goal, 0 MB stacks, 0 MB globals, 16 P
gc 1215 @6.313s 4%: 0.19+0.80+0.11 ms clock, 3.0+0.75/0.90/0+1.9 ms cpu, 4->5->2 MB, 5 MB goal, 0 MB stacks, 0 MB globals, 16 P
gc 1216 @6.315s 4%: 0.14+0.59+0.18 ms clock, 2.3+0.78/0.95/0+2.9 ms cpu, 4->5->2 MB, 5 MB goal, 0 MB stacks, 0 MB globals, 16 P
gc 1217 @6.317s 4%: 0.22+0.72+0.13 ms clock, 3.5+0.65/1.0/0.001+2.2 ms cpu, 4->5->2 MB, 4 MB goal, 0 MB stacks, 0 MB globals, 16 P
gc 1218 @6.319s 4%: 0.13+0.55+0.11 ms clock, 2.1+0.79/0.87/0+1.8 ms cpu, 4->5->2 MB, 5 MB goal, 0 MB stacks, 0 MB globals, 16 P
gc 1219 @6.320s 4%: 0.19+0.63+0.10 ms clock, 3.1+0.68/0.90/0+1.7 ms cpu, 3->4->2 MB, 4 MB goal, 0 MB stacks, 0 MB globals, 16 P
gc 1220 @6.322s 4%: 0.11+0.58+0.15 ms clock, 1.7+0.75/0.97/0+2.5 ms cpu, 3->4->2 MB, 4 MB goal, 0 MB stacks, 0 MB globals, 16 P
gc 1221 @6.324s 4%: 0.13+0.70+0.13 ms clock, 2.1+0.64/1.0/0+2.1 ms cpu, 4->5->2 MB, 4 MB goal, 0 MB stacks, 0 MB globals, 16 P
gc 1222 @6.326s 4%: 0.18+0.65+0.13 ms clock, 3.0+0.67/1.0/0+2.0 ms cpu, 4->5->2 MB, 4 MB goal, 0 MB stacks, 0 MB globals, 16 P
gc 1223 @6.328s 4%: 0.21+0.69+0.22 ms clock, 3.4+0.70/0.84/0+3.6 ms cpu, 4->5->2 MB, 5 MB goal, 0 MB stacks, 0 MB globals, 16 P
gc 1224 @6.330s 4%: 0.12+0.63+0.10 ms clock, 1.9+0.69/0.90/0+1.6 ms cpu, 4->5->2 MB, 5 MB goal, 0 MB stacks, 0 MB globals, 16 P
gc 1225 @6.332s 4%: 0.12+0.63+0.17 ms clock, 2.0+0.74/0.90/0+2.8 ms cpu, 4->4->2 MB, 4 MB goal, 0 MB stacks, 0 MB globals, 16 P
gc 1226 @6.333s 4%: 0.10+0.63+0.18 ms clock, 1.7+0.50/0.90/0+2.9 ms cpu, 3->4->2 MB, 4 MB goal, 0 MB stacks, 0 MB globals, 16 P
gc 1227 @6.335s 4%: 0.14+0.74+0.065 ms clock, 2.2+0.52/1.0/0.038+1.0 ms cpu, 3->5->2 MB, 4 MB goal, 0 MB stacks, 0 MB globals, 16 P
gc 1228 @6.337s 4%: 0.11+0.46+0.18 ms clock, 1.8+0.63/0.89/0+2.9 ms cpu, 4->4->1 MB, 5 MB goal, 0 MB stacks, 0 MB globals, 16 P
gc 1229 @6.338s 4%: 0.17+0.69+0.078 ms clock, 2.8+0.52/0.86/0.041+1.2 ms cpu, 3->4->2 MB, 4 MB goal, 0 MB stacks, 0 MB globals, 16 P
gc 1230 @6.340s 4%: 0.11+0.52+0.19 ms clock, 1.8+0.57/0.89/0.022+3.1 ms cpu, 4->4->2 MB, 4 MB goal, 0 MB stacks, 0 MB globals, 16 P
gc 1231 @6.342s 4%: 0.17+0.69+0.21 ms clock, 2.7+0.94/0.82/0+3.4 ms cpu, 3->4->2 MB, 4 MB goal, 0 MB stacks, 0 MB globals, 16 P
gc 1232 @6.343s 4%: 0.16+0.63+0.12 ms clock, 2.6+0.54/1.0/0+2.0 ms cpu, 4->4->2 MB, 4 MB goal, 0 MB stacks, 0 MB globals, 16 P
gc 1233 @6.345s 4%: 0.16+0.58+0.11 ms clock, 2.5+0.62/0.99/0+1.8 ms cpu, 4->4->2 MB, 4 MB goal, 0 MB stacks, 0 MB globals, 16 P
gc 1234 @6.347s 4%: 0.13+0.53+0.13 ms clock, 2.1+0.68/0.95/0+2.2 ms cpu, 4->4->2 MB, 4 MB goal, 0 MB stacks, 0 MB globals, 16 P
gc 1235 @6.349s 4%: 0.10+0.78+0.080 ms clock, 1.7+0.66/0.97/0.001+1.2 ms cpu, 3->4->2 MB, 4 MB goal, 0 MB stacks, 0 MB globals, 16 P
gc 1236 @6.351s 4%: 0.15+0.57+0.10 ms clock, 2.5+0.75/0.84/0.027+1.6 ms cpu, 4->5->2 MB, 5 MB goal, 0 MB stacks, 0 MB globals, 16 P
gc 1237 @6.352s 4%: 0.11+0.74+0.091 ms clock, 1.8+0.55/0.85/0+1.4 ms cpu, 3->4->2 MB, 4 MB goal, 0 MB stacks, 0 MB globals, 16 P
gc 1238 @6.354s 4%: 0.11+0.63+0.20 ms clock, 1.8+0.49/1.0/0+3.2 ms cpu, 4->5->2 MB, 4 MB goal, 0 MB stacks, 0 MB globals, 16 P
gc 1239 @6.356s 4%: 0.13+0.87+0.11 ms clock, 2.2+0.65/1.0/0+1.7 ms cpu, 4->5->2 MB, 4 MB goal, 0 MB stacks, 0 MB globals, 16 P
gc 1240 @6.358s 4%: 0.24+0.49+0.16 ms clock, 3.8+0.63/0.91/0.001+2.6 ms cpu, 4->5->2 MB, 5 MB goal, 0 MB stacks, 0 MB globals, 16 P
gc 1241 @6.360s 4%: 0.23+0.74+0.10 ms clock, 3.8+0.66/0.91/0+1.6 ms cpu, 3->4->2 MB, 4 MB goal, 0 MB stacks, 0 MB globals, 16 P
gc 1242 @6.362s 4%: 0.11+0.76+0.10 ms clock, 1.8+0.70/1.1/0.005+1.6 ms cpu, 4->5->2 MB, 5 MB goal, 0 MB stacks, 0 MB globals, 16 P
gc 1243 @6.364s 4%: 0.14+0.85+0.095 ms clock, 2.3+0.67/0.84/0.001+1.5 ms cpu, 4->5->2 MB, 5 MB goal, 0 MB stacks, 0 MB globals, 16 P
gc 1244 @6.366s 4%: 0.13+0.54+0.23 ms clock, 2.1+0.66/0.95/0+3.7 ms cpu, 4->5->2 MB, 5 MB goal, 0 MB stacks, 0 MB globals, 16 P
gc 1245 @6.368s 4%: 0.11+0.56+0.20 ms clock, 1.7+0.71/1.0/0.016+3.3 ms cpu, 3->4->2 MB, 4 MB goal, 0 MB stacks, 0 MB globals, 16 P
gc 1246 @6.370s 4%: 0.14+0.68+0.087 ms clock, 2.2+0.61/1.0/0.010+1.3 ms cpu, 3->4->2 MB, 4 MB goal, 0 MB stacks, 0 MB globals, 16 P
gc 1247 @6.371s 4%: 0.14+0.83+0.082 ms clock, 2.2+0.63/0.92/0+1.3 ms cpu, 4->5->2 MB, 4 MB goal, 0 MB stacks, 0 MB globals, 16 P
gc 1248 @6.373s 4%: 0.12+0.81+0.11 ms clock, 2.0+0.71/1.0/0.010+1.7 ms cpu, 4->5->2 MB, 5 MB goal, 0 MB stacks, 0 MB globals, 16 P
gc 1249 @6.376s 4%: 0.099+0.63+0.10 ms clock, 1.5+0.60/1.0/0+1.7 ms cpu, 4->5->2 MB, 5 MB goal, 0 MB stacks, 0 MB globals, 16 P
gc 1250 @6.377s 4%: 0.13+0.64+0.13 ms clock, 2.1+0.78/0.91/0+2.2 ms cpu, 4->4->2 MB, 4 MB goal, 0 MB stacks, 0 MB globals, 16 P
gc 1251 @6.379s 4%: 0.097+0.78+0.095 ms clock, 1.5+0.73/0.86/0+1.5 ms cpu, 4->5->2 MB, 5 MB goal, 0 MB stacks, 0 MB globals, 16 P
gc 1252 @6.381s 4%: 0.14+0.54+0.20 ms clock, 2.3+0.60/0.88/0.009+3.3 ms cpu, 4->4->2 MB, 5 MB goal, 0 MB stacks, 0 MB globals, 16 P
gc 1253 @6.383s 4%: 0.10+0.62+0.12 ms clock, 1.6+0.82/1.0/0+2.0 ms cpu, 3->4->2 MB, 4 MB goal, 0 MB stacks, 0 MB globals, 16 P
gc 1254 @6.385s 4%: 0.15+0.52+0.16 ms clock, 2.5+0.68/0.85/0+2.6 ms cpu, 3->4->2 MB, 4 MB goal, 0 MB stacks, 0 MB globals, 16 P
gc 1255 @6.386s 4%: 0.16+0.66+0.19 ms clock, 2.5+0.77/0.83/0+3.1 ms cpu, 3->4->2 MB, 4 MB goal, 0 MB stacks, 0 MB globals, 16 P
gc 1256 @6.388s 4%: 0.14+0.57+0.13 ms clock, 2.3+0.59/0.93/0+2.1 ms cpu, 4->4->2 MB, 4 MB goal, 0 MB stacks, 0 MB globals, 16 P
gc 1257 @6.390s 4%: 0.12+0.55+0.15 ms clock, 2.0+0.58/0.99/0+2.4 ms cpu, 3->4->2 MB, 4 MB goal, 0 MB stacks, 0 MB globals, 16 P
gc 1258 @6.391s 4%: 0.16+0.54+0.12 ms clock, 2.5+0.60/0.95/0+2.0 ms cpu, 3->4->2 MB, 4 MB goal, 0 MB stacks, 0 MB globals, 16 P
gc 1259 @6.393s 4%: 0.11+0.68+0.10 ms clock, 1.7+0.65/1.0/0.001+1.6 ms cpu, 4->4->2 MB, 4 MB goal, 0 MB stacks, 0 MB globals, 16 P
gc 1260 @6.395s 4%: 0.10+0.73+0.12 ms clock, 1.6+0.64/1.0/0.042+1.9 ms cpu, 4->4->2 MB, 4 MB goal, 0 MB stacks, 0 MB globals, 16 P
gc 1261 @6.397s 4%: 0.19+0.62+0.093 ms clock, 3.0+0.64/0.96/0+1.4 ms cpu, 4->5->2 MB, 4 MB goal, 0 MB stacks, 0 MB globals, 16 P
gc 1262 @6.399s 4%: 0.14+0.64+0.13 ms clock, 2.3+0.66/1.0/0+2.2 ms cpu, 4->5->2 MB, 5 MB goal, 0 MB stacks, 0 MB globals, 16 P
gc 1263 @6.400s 4%: 0.17+0.53+0.15 ms clock, 2.8+0.68/0.92/0+2.4 ms cpu, 4->4->2 MB, 5 MB goal, 0 MB stacks, 0 MB globals, 16 P
gc 1264 @6.402s 4%: 0.13+0.51+0.12 ms clock, 2.1+0.56/0.92/0+2.0 ms cpu, 3->4->2 MB, 4 MB goal, 0 MB stacks, 0 MB globals, 16 P
gc 1265 @6.404s 4%: 0.11+0.60+0.13 ms clock, 1.7+0.55/0.95/0+2.2 ms cpu, 3->4->2 MB, 4 MB goal, 0 MB stacks, 0 MB globals, 16 P
gc 1266 @6.405s 4%: 0.13+0.55+0.11 ms clock, 2.2+0.48/1.0/0+1.8 ms cpu, 3->4->2 MB, 4 MB goal, 0 MB stacks, 0 MB globals, 16 P
gc 1267 @6.407s 4%: 0.11+0.50+0.15 ms clock, 1.8+0.69/0.89/0.027+2.4 ms cpu, 3->4->2 MB, 4 MB goal, 0 MB stacks, 0 MB globals, 16 P
gc 1268 @6.409s 4%: 0.083+0.54+0.14 ms clock, 1.3+0.58/0.90/0.001+2.3 ms cpu, 3->4->2 MB, 4 MB goal, 0 MB stacks, 0 MB globals, 16 P
gc 1269 @6.410s 4%: 0.20+0.56+0.20 ms clock, 3.3+0.75/0.97/0+3.3 ms cpu, 3->4->2 MB, 4 MB goal, 0 MB stacks, 0 MB globals, 16 P
gc 1270 @6.412s 4%: 0.13+0.53+0.13 ms clock, 2.2+0.72/0.91/0.004+2.0 ms cpu, 4->4->2 MB, 4 MB goal, 0 MB stacks, 0 MB globals, 16 P
gc 1271 @6.414s 4%: 0.11+0.71+0.10 ms clock, 1.7+0.63/1.0/0+1.7 ms cpu, 3->4->2 MB, 4 MB goal, 0 MB stacks, 0 MB globals, 16 P
gc 1272 @6.416s 4%: 0.14+0.65+0.093 ms clock, 2.3+0.58/0.97/0.002+1.4 ms cpu, 4->5->2 MB, 4 MB goal, 0 MB stacks, 0 MB globals, 16 P
gc 1273 @6.417s 4%: 0.15+0.58+0.16 ms clock, 2.5+0.41/1.0/0+2.6 ms cpu, 4->4->2 MB, 4 MB goal, 0 MB stacks, 0 MB globals, 16 P
gc 1274 @6.419s 4%: 0.20+0.56+0.12 ms clock, 3.2+0.72/0.87/0+2.0 ms cpu, 4->4->2 MB, 4 MB goal, 0 MB stacks, 0 MB globals, 16 P
gc 1275 @6.421s 4%: 0.14+0.47+0.14 ms clock, 2.2+0.67/0.90/0+2.3 ms cpu, 4->4->2 MB, 4 MB goal, 0 MB stacks, 0 MB globals, 16 P
gc 1276 @6.422s 4%: 0.20+0.71+0.16 ms clock, 3.2+0.83/1.1/0.001+2.6 ms cpu, 3->4->2 MB, 4 MB goal, 0 MB stacks, 0 MB globals, 16 P
gc 1277 @6.424s 4%: 0.12+0.53+0.099 ms clock, 2.0+0.56/0.95/0+1.5 ms cpu, 4->5->2 MB, 5 MB goal, 0 MB stacks, 0 MB globals, 16 P
gc 1278 @6.426s 4%: 0.16+0.55+0.17 ms clock, 2.5+0.69/0.81/0+2.7 ms cpu, 3->4->2 MB, 4 MB goal, 0 MB stacks, 0 MB globals, 16 P
gc 1279 @6.428s 4%: 0.13+0.50+0.11 ms clock, 2.0+0.64/0.83/0.078+1.8 ms cpu, 4->4->2 MB, 4 MB goal, 0 MB stacks, 0 MB globals, 16 P
gc 1280 @6.429s 4%: 0.13+0.71+0.093 ms clock, 2.1+0.72/0.88/0+1.4 ms cpu, 3->4->2 MB, 4 MB goal, 0 MB stacks, 0 MB globals, 16 P
gc 1281 @6.431s 4%: 0.16+0.64+0.13 ms clock, 2.7+0.65/1.0/0.023+2.0 ms cpu, 4->5->2 MB, 4 MB goal, 0 MB stacks, 0 MB globals, 16 P
gc 1282 @6.433s 4%: 0.12+0.48+0.16 ms clock, 1.9+0.63/0.83/0.020+2.7 ms cpu, 4->4->2 MB, 5 MB goal, 0 MB stacks, 0 MB globals, 16 P
gc 1283 @6.435s 4%: 0.15+0.54+0.14 ms clock, 2.4+0.47/0.94/0.001+2.2 ms cpu, 3->4->2 MB, 4 MB goal, 0 MB stacks, 0 MB globals, 16 P
gc 1284 @6.436s 4%: 0.12+0.65+0.18 ms clock, 2.0+0.63/0.96/0.035+3.0 ms cpu, 3->4->2 MB, 4 MB goal, 0 MB stacks, 0 MB globals, 16 P
gc 1285 @6.438s 4%: 0.15+0.46+0.095 ms clock, 2.4+0.73/0.88/0+1.5 ms cpu, 4->4->2 MB, 4 MB goal, 0 MB stacks, 0 MB globals, 16 P
gc 1286 @6.439s 4%: 0.17+0.57+0.18 ms clock, 2.8+0.57/0.90/0+2.9 ms cpu, 3->4->2 MB, 4 MB goal, 0 MB stacks, 0 MB globals, 16 P
gc 1287 @6.441s 4%: 0.18+0.66+0.11 ms clock, 2.9+0.71/0.93/0+1.8 ms cpu, 4->5->2 MB, 4 MB goal, 0 MB stacks, 0 MB globals, 16 P
gc 1288 @6.443s 4%: 0.13+0.54+0.14 ms clock, 2.2+0.83/0.85/0+2.2 ms cpu, 4->5->2 MB, 5 MB goal, 0 MB stacks, 0 MB globals, 16 P
gc 1289 @6.445s 4%: 0.12+0.74+0.10 ms clock, 1.9+0.59/0.87/0+1.6 ms cpu, 4->4->2 MB, 4 MB goal, 0 MB stacks, 0 MB globals, 16 P
gc 1290 @6.447s 4%: 0.099+0.78+0.11 ms clock, 1.5+0.62/1.2/0.005+1.7 ms cpu, 4->5->2 MB, 4 MB goal, 0 MB stacks, 0 MB globals, 16 P
gc 1291 @6.449s 4%: 0.19+0.68+0.12 ms clock, 3.1+0.55/0.95/0.015+1.9 ms cpu, 4->5->2 MB, 4 MB goal, 0 MB stacks, 0 MB globals, 16 P
gc 1292 @6.451s 4%: 0.096+0.77+0.093 ms clock, 1.5+0.68/1.0/0+1.4 ms cpu, 4->5->2 MB, 5 MB goal, 0 MB stacks, 0 MB globals, 16 P
gc 1293 @6.452s 4%: 0.14+0.60+0.12 ms clock, 2.2+0.68/0.93/0.027+1.9 ms cpu, 4->4->2 MB, 4 MB goal, 0 MB stacks, 0 MB globals, 16 P
gc 1294 @6.454s 4%: 0.11+0.55+0.12 ms clock, 1.8+0.73/0.87/0.047+1.9 ms cpu, 3->4->2 MB, 4 MB goal, 0 MB stacks, 0 MB globals, 16 P
gc 1295 @6.456s 4%: 0.18+0.67+0.14 ms clock, 2.9+0.48/0.96/0.040+2.3 ms cpu, 3->4->2 MB, 4 MB goal, 0 MB stacks, 0 MB globals, 16 P
gc 1296 @6.458s 4%: 0.16+0.71+0.094 ms clock, 2.6+0.80/1.0/0+1.5 ms cpu, 4->4->2 MB, 4 MB goal, 0 MB stacks, 0 MB globals, 16 P
gc 1297 @6.460s 4%: 0.11+0.45+0.19 ms clock, 1.8+0.78/0.83/0+3.0 ms cpu, 4->5->2 MB, 5 MB goal, 0 MB stacks, 0 MB globals, 16 P
gc 1298 @6.461s 4%: 0.21+0.55+0.20 ms clock, 3.4+0.71/0.90/0+3.2 ms cpu, 3->4->2 MB, 4 MB goal, 0 MB stacks, 0 MB globals, 16 P
gc 1299 @6.463s 4%: 0.12+0.52+0.15 ms clock, 1.9+0.69/0.87/0+2.4 ms cpu, 4->4->2 MB, 4 MB goal, 0 MB stacks, 0 MB globals, 16 P
gc 1300 @6.464s 4%: 0.15+0.73+0.093 ms clock, 2.4+0.54/0.93/0.080+1.4 ms cpu, 3->4->2 MB, 4 MB goal, 0 MB stacks, 0 MB globals, 16 P
gc 1301 @6.466s 4%: 0.11+0.62+0.19 ms clock, 1.8+0.74/0.73/0.12+3.0 ms cpu, 4->5->2 MB, 4 MB goal, 0 MB stacks, 0 MB globals, 16 P
gc 1302 @6.468s 5%: 0.11+0.58+0.12 ms clock, 1.8+0.53/0.93/0.011+2.0 ms cpu, 4->5->2 MB, 5 MB goal, 0 MB stacks, 0 MB globals, 16 P
gc 1303 @6.470s 5%: 0.11+0.53+0.17 ms clock, 1.8+0.74/0.89/0+2.7 ms cpu, 4->4->2 MB, 4 MB goal, 0 MB stacks, 0 MB globals, 16 P
gc 1304 @6.471s 5%: 0.14+0.76+0.087 ms clock, 2.3+0.56/0.85/0.002+1.4 ms cpu, 3->4->2 MB, 4 MB goal, 0 MB stacks, 0 MB globals, 16 P
gc 1305 @6.473s 5%: 0.25+0.73+0.14 ms clock, 4.1+0.83/0.99/0+2.3 ms cpu, 4->5->2 MB, 4 MB goal, 0 MB stacks, 0 MB globals, 16 P
gc 1306 @6.476s 5%: 0.13+0.52+0.14 ms clock, 2.2+0.52/0.99/0.002+2.2 ms cpu, 4->5->2 MB, 5 MB goal, 0 MB stacks, 0 MB globals, 16 P
gc 1307 @6.477s 5%: 0.090+0.68+0.18 ms clock, 1.4+0.54/1.0/0+2.9 ms cpu, 3->4->2 MB, 4 MB goal, 0 MB stacks, 0 MB globals, 16 P
gc 1308 @6.479s 5%: 0.10+0.79+0.036 ms clock, 1.6+0.42/1.3/0.087+0.57 ms cpu, 4->5->2 MB, 4 MB goal, 0 MB stacks, 0 MB globals, 16 P
gc 1309 @6.481s 5%: 0.11+0.75+0.081 ms clock, 1.7+0.77/0.86/0.001+1.3 ms cpu, 4->5->2 MB, 4 MB goal, 0 MB stacks, 0 MB globals, 16 P
gc 1310 @6.483s 5%: 0.16+0.62+0.10 ms clock, 2.7+0.66/1.0/0.022+1.6 ms cpu, 4->5->2 MB, 4 MB goal, 0 MB stacks, 0 MB globals, 16 P
gc 1311 @6.484s 5%: 0.10+0.64+0.12 ms clock, 1.7+0.51/1.1/0.004+2.0 ms cpu, 4->4->2 MB, 4 MB goal, 0 MB stacks, 0 MB globals, 16 P
gc 1312 @6.486s 5%: 0.11+0.55+0.096 ms clock, 1.8+0.65/0.89/0.001+1.5 ms cpu, 4->4->2 MB, 4 MB goal, 0 MB stacks, 0 MB globals, 16 P
gc 1313 @6.488s 5%: 0.12+0.85+0.14 ms clock, 1.9+0.41/1.0/0.013+2.3 ms cpu, 3->5->2 MB, 4 MB goal, 0 MB stacks, 0 MB globals, 16 P
gc 1314 @6.490s 5%: 0.10+0.72+0.091 ms clock, 1.6+0.64/1.1/0.009+1.4 ms cpu, 4->5->2 MB, 5 MB goal, 0 MB stacks, 0 MB globals, 16 P
gc 1315 @6.492s 5%: 0.13+0.76+0.12 ms clock, 2.1+0.69/0.80/0.015+1.9 ms cpu, 4->5->2 MB, 4 MB goal, 0 MB stacks, 0 MB globals, 16 P
gc 1316 @6.494s 5%: 0.13+0.70+0.095 ms clock, 2.1+0.58/1.0/0+1.5 ms cpu, 4->5->2 MB, 4 MB goal, 0 MB stacks, 0 MB globals, 16 P
gc 1317 @6.496s 5%: 0.10+0.57+0.17 ms clock, 1.7+0.65/1.0/0+2.8 ms cpu, 4->5->2 MB, 4 MB goal, 0 MB stacks, 0 MB globals, 16 P
gc 1318 @6.497s 5%: 0.12+0.71+0.12 ms clock, 2.0+0.73/1.0/0.011+1.9 ms cpu, 4->4->2 MB, 4 MB goal, 0 MB stacks, 0 MB globals, 16 P
gc 1319 @6.499s 5%: 0.25+0.72+0.12 ms clock, 4.0+0.75/0.95/0.001+1.9 ms cpu, 4->5->2 MB, 4 MB goal, 0 MB stacks, 0 MB globals, 16 P
gc 1320 @6.501s 5%: 0.10+0.70+0.11 ms clock, 1.6+0.57/0.90/0+1.8 ms cpu, 4->5->2 MB, 5 MB goal, 0 MB stacks, 0 MB globals, 16 P
gc 1321 @6.503s 5%: 0.14+0.65+0.094 ms clock, 2.3+0.58/0.84/0+1.5 ms cpu, 4->4->2 MB, 4 MB goal, 0 MB stacks, 0 MB globals, 16 P
gc 1322 @6.505s 5%: 0.15+0.70+0.15 ms clock, 2.4+0.68/1.0/0.014+2.5 ms cpu, 4->5->2 MB, 4 MB goal, 0 MB stacks, 0 MB globals, 16 P
gc 1323 @6.507s 5%: 0.11+0.61+0.12 ms clock, 1.8+0.58/0.94/0+2.0 ms cpu, 4->5->2 MB, 5 MB goal, 0 MB stacks, 0 MB globals, 16 P
gc 1324 @6.509s 5%: 0.10+0.65+0.10 ms clock, 1.6+0.56/0.94/0+1.7 ms cpu, 4->4->2 MB, 4 MB goal, 0 MB stacks, 0 MB globals, 16 P
gc 1325 @6.511s 5%: 0.15+0.69+0.16 ms clock, 2.4+0.63/1.0/0.006+2.6 ms cpu, 3->4->2 MB, 4 MB goal, 0 MB stacks, 0 MB globals, 16 P
gc 1326 @6.513s 5%: 0.14+0.54+0.13 ms clock, 2.2+0.76/0.94/0.016+2.1 ms cpu, 4->5->2 MB, 5 MB goal, 0 MB stacks, 0 MB globals, 16 P
gc 1327 @6.514s 5%: 0.17+0.68+0.10 ms clock, 2.7+0.71/0.88/0+1.6 ms cpu, 4->4->2 MB, 4 MB goal, 0 MB stacks, 0 MB globals, 16 P
gc 1328 @6.516s 5%: 0.18+0.60+0.11 ms clock, 3.0+0.67/0.84/0.054+1.8 ms cpu, 4->5->2 MB, 4 MB goal, 0 MB stacks, 0 MB globals, 16 P
gc 1329 @6.518s 5%: 0.17+0.77+0.24 ms clock, 2.7+0.75/0.82/0.032+3.8 ms cpu, 4->5->2 MB, 5 MB goal, 0 MB stacks, 0 MB globals, 16 P
gc 1330 @6.520s 5%: 0.10+0.58+0.12 ms clock, 1.6+0.51/0.91/0+1.9 ms cpu, 4->5->2 MB, 5 MB goal, 0 MB stacks, 0 MB globals, 16 P
gc 1331 @6.522s 5%: 0.22+0.46+0.16 ms clock, 3.5+0.67/0.81/0+2.6 ms cpu, 3->4->2 MB, 4 MB goal, 0 MB stacks, 0 MB globals, 16 P
gc 1332 @6.523s 5%: 0.11+0.62+0.072 ms clock, 1.7+0.53/0.92/0.028+1.1 ms cpu, 3->4->2 MB, 4 MB goal, 0 MB stacks, 0 MB globals, 16 P
gc 1333 @6.525s 5%: 0.12+0.82+0.079 ms clock, 2.0+0.59/0.91/0.004+1.2 ms cpu, 4->4->2 MB, 4 MB goal, 0 MB stacks, 0 MB globals, 16 P
gc 1334 @6.527s 5%: 0.10+0.63+0.11 ms clock, 1.7+0.54/1.0/0.006+1.8 ms cpu, 4->5->2 MB, 5 MB goal, 0 MB stacks, 0 MB globals, 16 P
gc 1335 @6.529s 5%: 0.12+0.65+0.14 ms clock, 2.0+0.55/0.97/0+2.3 ms cpu, 3->4->2 MB, 4 MB goal, 0 MB stacks, 0 MB globals, 16 P
gc 1336 @6.531s 5%: 0.13+0.66+0.11 ms clock, 2.1+0.64/0.94/0.057+1.8 ms cpu, 4->4->2 MB, 4 MB goal, 0 MB stacks, 0 MB globals, 16 P
gc 1337 @6.532s 5%: 0.19+0.55+0.090 ms clock, 3.0+0.58/0.98/0+1.4 ms cpu, 4->4->2 MB, 4 MB goal, 0 MB stacks, 0 MB globals, 16 P
gc 1338 @6.534s 5%: 0.10+0.55+0.16 ms clock, 1.7+0.56/0.90/0.009+2.6 ms cpu, 3->4->2 MB, 4 MB goal, 0 MB stacks, 0 MB globals, 16 P
gc 1339 @6.535s 5%: 0.14+0.68+0.16 ms clock, 2.2+0.48/0.96/0+2.6 ms cpu, 3->4->2 MB, 4 MB goal, 0 MB stacks, 0 MB globals, 16 P
gc 1340 @6.537s 5%: 0.15+0.68+0.10 ms clock, 2.4+0.75/0.85/0+1.6 ms cpu, 4->5->2 MB, 4 MB goal, 0 MB stacks, 0 MB globals, 16 P
gc 1341 @6.539s 5%: 0.11+0.60+0.13 ms clock, 1.7+0.56/1.0/0+2.1 ms cpu, 4->4->2 MB, 4 MB goal, 0 MB stacks, 0 MB globals, 16 P
gc 1342 @6.541s 5%: 0.12+0.59+0.15 ms clock, 1.9+0.85/0.71/0+2.5 ms cpu, 4->4->2 MB, 4 MB goal, 0 MB stacks, 0 MB globals, 16 P
gc 1343 @6.542s 5%: 0.12+0.65+0.16 ms clock, 1.9+0.70/0.89/0+2.7 ms cpu, 3->4->2 MB, 4 MB goal, 0 MB stacks, 0 MB globals, 16 P
gc 1344 @6.544s 5%: 0.14+0.80+0.085 ms clock, 2.3+0.76/0.75/0.053+1.3 ms cpu, 3->4->2 MB, 4 MB goal, 0 MB stacks, 0 MB globals, 16 P
gc 1345 @6.546s 5%: 0.14+0.86+0.079 ms clock, 2.2+0.70/1.0/0+1.2 ms cpu, 4->5->2 MB, 4 MB goal, 0 MB stacks, 0 MB globals, 16 P
gc 1346 @6.548s 5%: 0.12+0.56+0.093 ms clock, 1.9+0.60/0.96/0.028+1.4 ms cpu, 4->5->2 MB, 5 MB goal, 0 MB stacks, 0 MB globals, 16 P
gc 1347 @6.550s 5%: 0.19+0.67+0.094 ms clock, 3.1+0.69/0.89/0+1.5 ms cpu, 3->4->2 MB, 4 MB goal, 0 MB stacks, 0 MB globals, 16 P
gc 1348 @6.552s 5%: 0.13+0.45+0.17 ms clock, 2.0+0.67/0.82/0.030+2.7 ms cpu, 4->4->1 MB, 4 MB goal, 0 MB stacks, 0 MB globals, 16 P
gc 1349 @6.553s 5%: 0.16+0.50+0.22 ms clock, 2.7+0.60/0.91/0+3.6 ms cpu, 3->4->2 MB, 4 MB goal, 0 MB stacks, 0 MB globals, 16 P
gc 1350 @6.555s 5%: 0.13+0.74+0.088 ms clock, 2.1+0.47/1.2/0+1.4 ms cpu, 3->4->2 MB, 4 MB goal, 0 MB stacks, 0 MB globals, 16 P
gc 1351 @6.556s 5%: 0.12+0.81+0.11 ms clock, 1.9+0.61/0.93/0+1.8 ms cpu, 4->5->2 MB, 4 MB goal, 0 MB stacks, 0 MB globals, 16 P
gc 1352 @6.559s 5%: 0.13+0.92+0.14 ms clock, 2.1+0.64/0.81/0.039+2.2 ms cpu, 4->5->2 MB, 5 MB goal, 0 MB stacks, 0 MB globals, 16 P
gc 1353 @6.561s 5%: 0.15+0.68+0.14 ms clock, 2.4+0.67/0.90/0+2.2 ms cpu, 4->5->2 MB, 5 MB goal, 0 MB stacks, 0 MB globals, 16 P
gc 1354 @6.563s 5%: 0.13+0.55+0.090 ms clock, 2.1+0.50/0.95/0+1.4 ms cpu, 4->4->2 MB, 4 MB goal, 0 MB stacks, 0 MB globals, 16 P
gc 1355 @6.565s 5%: 0.12+0.61+0.098 ms clock, 2.0+0.51/0.98/0.045+1.5 ms cpu, 3->4->2 MB, 4 MB goal, 0 MB stacks, 0 MB globals, 16 P
gc 1356 @6.566s 5%: 0.28+0.71+0.21 ms clock, 4.4+0.95/0.68/0+3.3 ms cpu, 3->4->2 MB, 4 MB goal, 0 MB stacks, 0 MB globals, 16 P
gc 1357 @6.568s 5%: 0.14+0.53+0.10 ms clock, 2.3+0.55/0.86/0+1.7 ms cpu, 4->5->2 MB, 5 MB goal, 0 MB stacks, 0 MB globals, 16 P
gc 1358 @6.570s 5%: 0.10+0.65+0.11 ms clock, 1.6+0.62/0.98/0+1.9 ms cpu, 3->4->2 MB, 4 MB goal, 0 MB stacks, 0 MB globals, 16 P
gc 1359 @6.572s 5%: 0.15+0.66+0.12 ms clock, 2.4+0.63/0.98/0+2.0 ms cpu, 4->4->2 MB, 4 MB goal, 0 MB stacks, 0 MB globals, 16 P
gc 1360 @6.574s 5%: 0.17+0.58+0.11 ms clock, 2.8+0.63/1.0/0+1.9 ms cpu, 4->4->2 MB, 4 MB goal, 0 MB stacks, 0 MB globals, 16 P
gc 1361 @6.575s 5%: 0.099+0.68+0.087 ms clock, 1.5+0.48/1.1/0+1.3 ms cpu, 4->4->2 MB, 4 MB goal, 0 MB stacks, 0 MB globals, 16 P
gc 1362 @6.577s 5%: 0.25+0.89+0.035 ms clock, 4.0+0.74/0.98/0+0.56 ms cpu, 4->5->2 MB, 4 MB goal, 0 MB stacks, 0 MB globals, 16 P
gc 1363 @6.579s 5%: 0.12+0.64+0.10 ms clock, 1.9+0.59/0.88/0.071+1.7 ms cpu, 4->5->2 MB, 5 MB goal, 0 MB stacks, 0 MB globals, 16 P
gc 1364 @6.581s 5%: 0.11+0.54+0.14 ms clock, 1.8+0.46/1.0/0.020+2.2 ms cpu, 4->4->2 MB, 5 MB goal, 0 MB stacks, 0 MB globals, 16 P
gc 1365 @6.583s 5%: 0.15+0.64+0.14 ms clock, 2.4+0.64/0.98/0.041+2.3 ms cpu, 3->4->2 MB, 4 MB goal, 0 MB stacks, 0 MB globals, 16 P
gc 1366 @6.585s 5%: 0.14+0.73+0.077 ms clock, 2.2+0.53/0.94/0+1.2 ms cpu, 4->5->2 MB, 4 MB goal, 0 MB stacks, 0 MB globals, 16 P
gc 1367 @6.587s 5%: 0.10+0.56+0.11 ms clock, 1.7+0.66/0.88/0.002+1.8 ms cpu, 4->4->2 MB, 4 MB goal, 0 MB stacks, 0 MB globals, 16 P
gc 1368 @6.588s 5%: 0.15+0.72+0.090 ms clock, 2.4+0.73/0.89/0+1.4 ms cpu, 3->4->2 MB, 4 MB goal, 0 MB stacks, 0 MB globals, 16 P
gc 1369 @6.590s 5%: 0.11+0.56+0.12 ms clock, 1.8+0.62/0.94/0.066+1.9 ms cpu, 4->4->2 MB, 5 MB goal, 0 MB stacks, 0 MB globals, 16 P
gc 1370 @6.592s 5%: 0.12+0.54+0.099 ms clock, 1.9+0.66/0.93/0+1.5 ms cpu, 4->4->2 MB, 4 MB goal, 0 MB stacks, 0 MB globals, 16 P
gc 1371 @6.594s 5%: 0.12+0.58+0.048 ms clock, 1.9+0.48/1.0/0+0.78 ms cpu, 4->4->2 MB, 4 MB goal, 0 MB stacks, 0 MB globals, 16 P
gc 1372 @6.595s 5%: 0.18+0.63+0.11 ms clock, 2.9+0.49/0.99/0+1.8 ms cpu, 3->4->2 MB, 4 MB goal, 0 MB stacks, 0 MB globals, 16 P
gc 1373 @6.597s 5%: 0.12+0.61+0.14 ms clock, 2.0+0.58/0.90/0+2.2 ms cpu, 4->4->2 MB, 4 MB goal, 0 MB stacks, 0 MB globals, 16 P
gc 1374 @6.599s 5%: 0.17+0.73+0.089 ms clock, 2.8+0.64/0.96/0+1.4 ms cpu, 4->4->2 MB, 4 MB goal, 0 MB stacks, 0 MB globals, 16 P
gc 1375 @6.600s 5%: 0.11+0.70+0.074 ms clock, 1.8+0.55/0.90/0+1.1 ms cpu, 4->5->2 MB, 4 MB goal, 0 MB stacks, 0 MB globals, 16 P
gc 1376 @6.602s 5%: 0.17+0.45+0.12 ms clock, 2.7+0.61/0.90/0+1.9 ms cpu, 4->4->2 MB, 4 MB goal, 0 MB stacks, 0 MB globals, 16 P
gc 1377 @6.604s 5%: 0.10+0.53+0.10 ms clock, 1.7+0.67/1.0/0+1.7 ms cpu, 3->4->2 MB, 4 MB goal, 0 MB stacks, 0 MB globals, 16 P
gc 1378 @6.606s 5%: 0.15+0.57+0.13 ms clock, 2.4+0.71/1.0/0+2.1 ms cpu, 4->4->2 MB, 4 MB goal, 0 MB stacks, 0 MB globals, 16 P
gc 1379 @6.607s 5%: 0.11+0.51+0.14 ms clock, 1.8+0.60/0.92/0+2.3 ms cpu, 4->4->2 MB, 4 MB goal, 0 MB stacks, 0 MB globals, 16 P
gc 1380 @6.609s 5%: 0.13+0.61+0.16 ms clock, 2.1+0.61/0.95/0+2.6 ms cpu, 3->4->2 MB, 4 MB goal, 0 MB stacks, 0 MB globals, 16 P
gc 1381 @6.611s 5%: 0.14+0.66+0.12 ms clock, 2.2+0.85/0.93/0+1.9 ms cpu, 3->4->2 MB, 4 MB goal, 0 MB stacks, 0 MB globals, 16 P
gc 1382 @6.613s 5%: 0.094+0.66+0.093 ms clock, 1.5+0.64/0.94/0+1.4 ms cpu, 4->5->2 MB, 5 MB goal, 0 MB stacks, 0 MB globals, 16 P
gc 1383 @6.614s 5%: 0.13+0.68+0.12 ms clock, 2.1+0.65/1.0/0+1.9 ms cpu, 3->4->2 MB, 4 MB goal, 0 MB stacks, 0 MB globals, 16 P
gc 1384 @6.616s 5%: 0.14+0.54+0.18 ms clock, 2.3+0.64/0.86/0.045+3.0 ms cpu, 4->4->2 MB, 5 MB goal, 0 MB stacks, 0 MB globals, 16 P
gc 1385 @6.618s 5%: 0.13+0.68+0.091 ms clock, 2.1+0.79/0.94/0+1.4 ms cpu, 3->4->2 MB, 4 MB goal, 0 MB stacks, 0 MB globals, 16 P
gc 1386 @6.620s 5%: 0.13+0.59+0.10 ms clock, 2.1+0.53/0.86/0+1.6 ms cpu, 4->4->2 MB, 5 MB goal, 0 MB stacks, 0 MB globals, 16 P
gc 1387 @6.621s 5%: 0.21+0.61+0.10 ms clock, 3.5+0.60/0.82/0.021+1.6 ms cpu, 3->4->2 MB, 4 MB goal, 0 MB stacks, 0 MB globals, 16 P
gc 1388 @6.623s 5%: 0.17+0.57+0.10 ms clock, 2.7+0.63/1.1/0.031+1.6 ms cpu, 4->5->2 MB, 5 MB goal, 0 MB stacks, 0 MB globals, 16 P
gc 1389 @6.625s 5%: 0.079+0.62+0.17 ms clock, 1.2+0.73/0.83/0+2.8 ms cpu, 4->4->2 MB, 4 MB goal, 0 MB stacks, 0 MB globals, 16 P
gc 1390 @6.627s 5%: 0.16+0.65+0.087 ms clock, 2.5+0.75/1.1/0+1.4 ms cpu, 3->4->2 MB, 4 MB goal, 0 MB stacks, 0 MB globals, 16 P
gc 1391 @6.629s 5%: 0.13+0.64+0.12 ms clock, 2.0+0.76/0.89/0+2.0 ms cpu, 4->5->2 MB, 5 MB goal, 0 MB stacks, 0 MB globals, 16 P
gc 1392 @6.631s 5%: 0.13+0.54+0.16 ms clock, 2.1+0.72/1.0/0+2.6 ms cpu, 4->4->2 MB, 4 MB goal, 0 MB stacks, 0 MB globals, 16 P
gc 1393 @6.632s 5%: 0.11+0.65+0.13 ms clock, 1.9+0.61/0.92/0.013+2.1 ms cpu, 4->5->2 MB, 4 MB goal, 0 MB stacks, 0 MB globals, 16 P
gc 1394 @6.634s 5%: 0.14+0.65+0.16 ms clock, 2.2+0.85/0.86/0+2.7 ms cpu, 4->5->2 MB, 5 MB goal, 0 MB stacks, 0 MB globals, 16 P
gc 1395 @6.636s 5%: 0.12+0.58+0.084 ms clock, 1.9+0.68/0.85/0+1.3 ms cpu, 4->4->2 MB, 4 MB goal, 0 MB stacks, 0 MB globals, 16 P
gc 1396 @6.638s 5%: 0.12+0.68+0.10 ms clock, 1.9+0.69/1.0/0+1.6 ms cpu, 4->4->2 MB, 4 MB goal, 0 MB stacks, 0 MB globals, 16 P
gc 1397 @6.640s 5%: 0.21+0.51+0.10 ms clock, 3.4+0.86/0.75/0+1.7 ms cpu, 4->4->2 MB, 4 MB goal, 0 MB stacks, 0 MB globals, 16 P
gc 1398 @6.641s 5%: 0.12+0.62+0.18 ms clock, 1.9+0.62/0.86/0.053+2.9 ms cpu, 3->4->2 MB, 4 MB goal, 0 MB stacks, 0 MB globals, 16 P
gc 1399 @6.643s 5%: 0.13+0.55+0.16 ms clock, 2.1+0.56/1.0/0+2.5 ms cpu, 3->4->2 MB, 4 MB goal, 0 MB stacks, 0 MB globals, 16 P
gc 1400 @6.645s 5%: 0.11+0.60+0.088 ms clock, 1.8+0.46/0.98/0+1.4 ms cpu, 4->4->2 MB, 4 MB goal, 0 MB stacks, 0 MB globals, 16 P
gc 1401 @6.646s 5%: 0.12+0.55+0.15 ms clock, 2.0+0.63/0.94/0.001+2.4 ms cpu, 3->4->2 MB, 4 MB goal, 0 MB stacks, 0 MB globals, 16 P
gc 1402 @6.648s 5%: 0.13+0.61+0.11 ms clock, 2.2+0.82/0.86/0.032+1.8 ms cpu, 3->4->2 MB, 4 MB goal, 0 MB stacks, 0 MB globals, 16 P
gc 1403 @6.650s 5%: 0.15+0.69+0.097 ms clock, 2.4+0.50/1.0/0+1.5 ms cpu, 4->4->2 MB, 4 MB goal, 0 MB stacks, 0 MB globals, 16 P
gc 1404 @6.651s 5%: 0.12+0.59+0.071 ms clock, 2.0+0.46/0.90/0+1.1 ms cpu, 4->4->2 MB, 4 MB goal, 0 MB stacks, 0 MB globals, 16 P
gc 1405 @6.653s 5%: 0.13+0.59+0.14 ms clock, 2.0+0.55/0.94/0.002+2.3 ms cpu, 3->4->2 MB, 4 MB goal, 0 MB stacks, 0 MB globals, 16 P
gc 1406 @6.655s 5%: 0.12+0.55+0.16 ms clock, 2.0+0.63/0.93/0.008+2.5 ms cpu, 4->4->2 MB, 4 MB goal, 0 MB stacks, 0 MB globals, 16 P
gc 1407 @6.656s 5%: 0.17+0.62+0.096 ms clock, 2.8+0.73/0.83/0+1.5 ms cpu, 4->4->2 MB, 4 MB goal, 0 MB stacks, 0 MB globals, 16 P
gc 1408 @6.658s 5%: 0.19+0.51+0.094 ms clock, 3.1+0.78/0.84/0+1.5 ms cpu, 4->5->2 MB, 4 MB goal, 0 MB stacks, 0 MB globals, 16 P
gc 1409 @6.660s 5%: 0.11+0.71+0.096 ms clock, 1.7+0.61/0.95/0.040+1.5 ms cpu, 3->4->2 MB, 4 MB goal, 0 MB stacks, 0 MB globals, 16 P
gc 1410 @6.662s 5%: 0.15+0.67+0.18 ms clock, 2.4+0.62/0.96/0+2.9 ms cpu, 4->5->2 MB, 4 MB goal, 0 MB stacks, 0 MB globals, 16 P
gc 1411 @6.664s 5%: 0.095+0.50+0.16 ms clock, 1.5+0.49/0.83/0.005+2.5 ms cpu, 4->4->2 MB, 5 MB goal, 0 MB stacks, 0 MB globals, 16 P
gc 1412 @6.665s 5%: 0.15+0.55+0.14 ms clock, 2.4+0.71/0.87/0.057+2.2 ms cpu, 3->4->2 MB, 4 MB goal, 0 MB stacks, 0 MB globals, 16 P
gc 1413 @6.667s 5%: 0.10+0.63+0.13 ms clock, 1.7+0.53/1.0/0+2.2 ms cpu, 3->4->2 MB, 4 MB goal, 0 MB stacks, 0 MB globals, 16 P
gc 1414 @6.669s 5%: 0.14+0.72+0.067 ms clock, 2.3+0.58/0.87/0+1.0 ms cpu, 3->4->2 MB, 4 MB goal, 0 MB stacks, 0 MB globals, 16 P
gc 1415 @6.670s 5%: 0.12+0.56+0.12 ms clock, 2.0+0.56/0.83/0.057+2.0 ms cpu, 3->4->1 MB, 4 MB goal, 0 MB stacks, 0 MB globals, 16 P
gc 1416 @6.672s 5%: 0.22+0.74+0.11 ms clock, 3.5+0.69/0.86/0+1.8 ms cpu, 3->4->2 MB, 4 MB goal, 0 MB stacks, 0 MB globals, 16 P
gc 1417 @6.674s 5%: 0.15+0.85+0.12 ms clock, 2.4+0.81/1.1/0.005+2.0 ms cpu, 4->5->2 MB, 5 MB goal, 0 MB stacks, 0 MB globals, 16 P
gc 1418 @6.676s 5%: 0.11+0.75+0.091 ms clock, 1.7+0.53/1.0/0.032+1.4 ms cpu, 4->5->2 MB, 5 MB goal, 0 MB stacks, 0 MB globals, 16 P
gc 1419 @6.678s 5%: 0.17+0.71+0.080 ms clock, 2.7+0.74/0.84/0+1.2 ms cpu, 4->5->2 MB, 5 MB goal, 0 MB stacks, 0 MB globals, 16 P
gc 1420 @6.680s 5%: 0.10+0.56+0.15 ms clock, 1.6+0.72/0.99/0+2.4 ms cpu, 4->5->2 MB, 4 MB goal, 0 MB stacks, 0 MB globals, 16 P
gc 1421 @6.681s 5%: 0.10+0.63+0.064 ms clock, 1.7+0.61/0.98/0+1.0 ms cpu, 4->4->2 MB, 4 MB goal, 0 MB stacks, 0 MB globals, 16 P
gc 1422 @6.683s 5%: 0.11+0.51+0.12 ms clock, 1.8+0.64/0.86/0+2.0 ms cpu, 4->4->2 MB, 4 MB goal, 0 MB stacks, 0 MB globals, 16 P
gc 1423 @6.685s 5%: 0.096+0.52+0.16 ms clock, 1.5+0.79/0.82/0.004+2.6 ms cpu, 3->4->2 MB, 4 MB goal, 0 MB stacks, 0 MB globals, 16 P
gc 1424 @6.686s 5%: 0.13+0.74+0.19 ms clock, 2.0+0.70/1.1/0+3.1 ms cpu, 3->4->2 MB, 4 MB goal, 0 MB stacks, 0 MB globals, 16 P
gc 1425 @6.688s 5%: 0.16+0.68+0.11 ms clock, 2.6+0.96/0.86/0+1.8 ms cpu, 4->5->2 MB, 5 MB goal, 0 MB stacks, 0 MB globals, 16 P
gc 1426 @6.690s 5%: 0.14+0.72+0.064 ms clock, 2.2+0.74/0.93/0.062+1.0 ms cpu, 4->5->2 MB, 4 MB goal, 0 MB stacks, 0 MB globals, 16 P
gc 1427 @6.692s 5%: 0.15+0.58+0.12 ms clock, 2.4+0.53/1.0/0+2.0 ms cpu, 4->5->2 MB, 5 MB goal, 0 MB stacks, 0 MB globals, 16 P
gc 1428 @6.694s 5%: 0.094+0.60+0.11 ms clock, 1.5+0.61/0.89/0+1.8 ms cpu, 4->4->2 MB, 4 MB goal, 0 MB stacks, 0 MB globals, 16 P
gc 1429 @6.695s 5%: 0.12+0.57+0.18 ms clock, 1.9+0.58/0.98/0+2.8 ms cpu, 3->4->2 MB, 4 MB goal, 0 MB stacks, 0 MB globals, 16 P
gc 1430 @6.697s 5%: 0.13+0.71+0.14 ms clock, 2.1+0.68/0.91/0.023+2.3 ms cpu, 3->4->2 MB, 4 MB goal, 0 MB stacks, 0 MB globals, 16 P
gc 1431 @6.699s 5%: 0.15+0.61+0.086 ms clock, 2.4+0.61/0.93/0+1.3 ms cpu, 4->5->2 MB, 5 MB goal, 0 MB stacks, 0 MB globals, 16 P
gc 1432 @6.701s 5%: 0.098+0.56+0.094 ms clock, 1.5+0.63/0.86/0+1.5 ms cpu, 4->4->2 MB, 4 MB goal, 0 MB stacks, 0 MB globals, 16 P
gc 1433 @6.702s 5%: 0.14+0.65+0.16 ms clock, 2.3+0.64/0.90/0+2.5 ms cpu, 3->4->2 MB, 4 MB goal, 0 MB stacks, 0 MB globals, 16 P
gc 1434 @6.704s 5%: 0.13+0.59+0.074 ms clock, 2.2+0.54/1.0/0+1.1 ms cpu, 3->4->2 MB, 4 MB goal, 0 MB stacks, 0 MB globals, 16 P
gc 1435 @6.706s 5%: 0.13+0.76+0.080 ms clock, 2.1+0.78/0.92/0+1.2 ms cpu, 4->4->2 MB, 4 MB goal, 0 MB stacks, 0 MB globals, 16 P
gc 1436 @6.708s 5%: 0.13+0.61+0.13 ms clock, 2.2+0.72/0.78/0+2.2 ms cpu, 4->4->2 MB, 4 MB goal, 0 MB stacks, 0 MB globals, 16 P
gc 1437 @6.709s 5%: 0.11+0.72+0.12 ms clock, 1.8+0.57/0.98/0.054+1.9 ms cpu, 3->4->2 MB, 4 MB goal, 0 MB stacks, 0 MB globals, 16 P
gc 1438 @6.711s 5%: 0.12+0.68+0.061 ms clock, 1.9+0.56/1.0/0.001+0.98 ms cpu, 4->5->2 MB, 4 MB goal, 0 MB stacks, 0 MB globals, 16 P
gc 1439 @6.713s 5%: 0.15+0.63+0.11 ms clock, 2.4+0.73/1.0/0+1.8 ms cpu, 4->5->2 MB, 4 MB goal, 0 MB stacks, 0 MB globals, 16 P
gc 1440 @6.715s 5%: 0.10+0.59+0.088 ms clock, 1.6+0.56/1.0/0.005+1.4 ms cpu, 4->5->2 MB, 5 MB goal, 0 MB stacks, 0 MB globals, 16 P
gc 1441 @6.717s 5%: 0.11+0.63+0.13 ms clock, 1.7+0.73/0.87/0.005+2.0 ms cpu, 4->4->2 MB, 4 MB goal, 0 MB stacks, 0 MB globals, 16 P
gc 1442 @6.719s 5%: 0.18+0.68+0.22 ms clock, 2.9+0.60/1.1/0.015+3.6 ms cpu, 3->5->2 MB, 4 MB goal, 0 MB stacks, 0 MB globals, 16 P
gc 1443 @6.721s 5%: 0.11+0.66+0.13 ms clock, 1.8+0.53/1.0/0.048+2.1 ms cpu, 4->5->2 MB, 5 MB goal, 0 MB stacks, 0 MB globals, 16 P
gc 1444 @6.722s 5%: 0.15+0.53+0.18 ms clock, 2.4+0.68/0.97/0.015+2.8 ms cpu, 4->4->2 MB, 4 MB goal, 0 MB stacks, 0 MB globals, 16 P
gc 1445 @6.724s 5%: 0.11+0.55+0.12 ms clock, 1.7+0.92/0.92/0+1.9 ms cpu, 3->4->2 MB, 4 MB goal, 0 MB stacks, 0 MB globals, 16 P
gc 1446 @6.726s 5%: 0.16+0.80+0.10 ms clock, 2.5+0.74/0.99/0+1.6 ms cpu, 4->5->2 MB, 4 MB goal, 0 MB stacks, 0 MB globals, 16 P
gc 1447 @6.728s 5%: 0.10+0.50+0.13 ms clock, 1.6+0.67/0.93/0+2.1 ms cpu, 4->5->2 MB, 5 MB goal, 0 MB stacks, 0 MB globals, 16 P
gc 1448 @6.729s 5%: 0.23+0.85+0.13 ms clock, 3.8+0.84/0.91/0+2.1 ms cpu, 3->4->2 MB, 4 MB goal, 0 MB stacks, 0 MB globals, 16 P
gc 1449 @6.732s 5%: 0.16+0.58+0.17 ms clock, 2.7+0.76/1.0/0+2.7 ms cpu, 4->5->2 MB, 5 MB goal, 0 MB stacks, 0 MB globals, 16 P
gc 1450 @6.733s 5%: 0.18+0.70+0.074 ms clock, 2.8+0.64/0.91/0.011+1.1 ms cpu, 4->5->2 MB, 4 MB goal, 0 MB stacks, 0 MB globals, 16 P
gc 1451 @6.735s 5%: 0.13+0.81+0.091 ms clock, 2.1+0.53/0.93/0.029+1.4 ms cpu, 4->5->2 MB, 4 MB goal, 0 MB stacks, 0 MB globals, 16 P
gc 1452 @6.737s 5%: 0.15+0.74+0.086 ms clock, 2.4+0.67/0.88/0+1.3 ms cpu, 4->5->2 MB, 5 MB goal, 0 MB stacks, 0 MB globals, 16 P
gc 1453 @6.739s 5%: 0.10+0.74+0.089 ms clock, 1.6+0.60/0.99/0.008+1.4 ms cpu, 4->5->2 MB, 5 MB goal, 0 MB stacks, 0 MB globals, 16 P
gc 1454 @6.741s 5%: 0.11+0.72+0.13 ms clock, 1.8+0.58/0.94/0.015+2.1 ms cpu, 4->5->2 MB, 4 MB goal, 0 MB stacks, 0 MB globals, 16 P
gc 1455 @6.743s 5%: 0.10+0.46+0.16 ms clock, 1.6+0.85/0.92/0+2.5 ms cpu, 4->4->2 MB, 4 MB goal, 0 MB stacks, 0 MB globals, 16 P
gc 1456 @6.744s 5%: 0.16+0.59+0.15 ms clock, 2.7+0.74/1.1/0+2.4 ms cpu, 3->4->2 MB, 4 MB goal, 0 MB stacks, 0 MB globals, 16 P
gc 1457 @6.746s 5%: 0.13+0.51+0.17 ms clock, 2.2+0.55/0.94/0+2.8 ms cpu, 4->4->2 MB, 4 MB goal, 0 MB stacks, 0 MB globals, 16 P
gc 1458 @6.748s 5%: 0.090+0.67+0.091 ms clock, 1.4+0.57/0.99/0+1.4 ms cpu, 3->4->2 MB, 4 MB goal, 0 MB stacks, 0 MB globals, 16 P
gc 1459 @6.750s 5%: 0.20+0.52+0.15 ms clock, 3.3+0.75/0.86/0.041+2.4 ms cpu, 4->4->2 MB, 4 MB goal, 0 MB stacks, 0 MB globals, 16 P
gc 1460 @6.751s 5%: 0.19+0.64+0.17 ms clock, 3.1+0.59/0.87/0+2.7 ms cpu, 3->4->2 MB, 4 MB goal, 0 MB stacks, 0 MB globals, 16 P
gc 1461 @6.753s 5%: 0.16+0.58+0.091 ms clock, 2.5+0.55/0.93/0+1.4 ms cpu, 4->4->2 MB, 4 MB goal, 0 MB stacks, 0 MB globals, 16 P
gc 1462 @6.755s 5%: 0.17+0.65+0.16 ms clock, 2.8+0.61/0.91/0.021+2.6 ms cpu, 3->4->2 MB, 4 MB goal, 0 MB stacks, 0 MB globals, 16 P
gc 1463 @6.757s 5%: 0.13+0.71+0.10 ms clock, 2.1+0.53/1.0/0+1.7 ms cpu, 4->5->2 MB, 5 MB goal, 0 MB stacks, 0 MB globals, 16 P
gc 1464 @6.759s 5%: 0.10+0.52+0.082 ms clock, 1.6+0.60/0.92/0+1.3 ms cpu, 4->5->2 MB, 5 MB goal, 0 MB stacks, 0 MB globals, 16 P
gc 1465 @6.760s 5%: 0.19+0.58+0.19 ms clock, 3.1+0.80/0.82/0+3.0 ms cpu, 3->4->2 MB, 4 MB goal, 0 MB stacks, 0 MB globals, 16 P
gc 1466 @6.762s 5%: 0.18+0.65+0.14 ms clock, 3.0+0.68/1.0/0+2.2 ms cpu, 3->5->2 MB, 4 MB goal, 0 MB stacks, 0 MB globals, 16 P
gc 1467 @6.764s 5%: 0.10+0.55+0.14 ms clock, 1.7+0.47/0.90/0.028+2.3 ms cpu, 4->4->2 MB, 5 MB goal, 0 MB stacks, 0 MB globals, 16 P
gc 1468 @6.765s 5%: 0.11+0.65+0.10 ms clock, 1.8+0.61/1.0/0+1.6 ms cpu, 3->4->2 MB, 4 MB goal, 0 MB stacks, 0 MB globals, 16 P
gc 1469 @6.767s 5%: 0.12+0.55+0.097 ms clock, 1.9+0.57/0.98/0+1.5 ms cpu, 4->4->2 MB, 4 MB goal, 0 MB stacks, 0 MB globals, 16 P
gc 1470 @6.769s 5%: 0.15+0.59+0.14 ms clock, 2.4+0.60/0.96/0+2.3 ms cpu, 3->4->2 MB, 4 MB goal, 0 MB stacks, 0 MB globals, 16 P
gc 1471 @6.771s 5%: 0.11+0.68+0.11 ms clock, 1.8+0.82/0.87/0+1.8 ms cpu, 4->4->2 MB, 4 MB goal, 0 MB stacks, 0 MB globals, 16 P
gc 1472 @6.772s 5%: 0.12+0.58+0.10 ms clock, 1.9+0.74/0.95/0.012+1.6 ms cpu, 4->4->2 MB, 4 MB goal, 0 MB stacks, 0 MB globals, 16 P
gc 1473 @6.774s 5%: 0.13+0.54+0.088 ms clock, 2.0+0.59/0.82/0.019+1.4 ms cpu, 3->4->2 MB, 4 MB goal, 0 MB stacks, 0 MB globals, 16 P
gc 1474 @6.775s 5%: 0.11+0.62+0.13 ms clock, 1.8+0.72/0.84/0.023+2.2 ms cpu, 3->4->2 MB, 4 MB goal, 0 MB stacks, 0 MB globals, 16 P
gc 1475 @6.777s 5%: 0.12+0.68+0.23 ms clock, 1.9+0.63/1.0/0.013+3.6 ms cpu, 3->4->2 MB, 4 MB goal, 0 MB stacks, 0 MB globals, 16 P
gc 1476 @6.779s 5%: 0.13+0.74+0.096 ms clock, 2.1+0.67/0.98/0.010+1.5 ms cpu, 4->5->2 MB, 5 MB goal, 0 MB stacks, 0 MB globals, 16 P
gc 1477 @6.781s 5%: 0.15+0.68+0.18 ms clock, 2.4+0.71/0.96/0.057+2.9 ms cpu, 4->5->2 MB, 5 MB goal, 0 MB stacks, 0 MB globals, 16 P
gc 1478 @6.783s 5%: 0.10+0.82+0.14 ms clock, 1.7+0.85/1.0/0.002+2.3 ms cpu, 3->5->2 MB, 4 MB goal, 0 MB stacks, 0 MB globals, 16 P
gc 1479 @6.785s 5%: 0.10+0.55+0.15 ms clock, 1.7+0.68/0.88/0+2.4 ms cpu, 4->5->2 MB, 5 MB goal, 0 MB stacks, 0 MB globals, 16 P
gc 1480 @6.786s 5%: 0.19+0.70+0.19 ms clock, 3.1+0.82/0.80/0+3.1 ms cpu, 3->4->2 MB, 4 MB goal, 0 MB stacks, 0 MB globals, 16 P
gc 1481 @6.788s 5%: 0.10+0.77+0.11 ms clock, 1.7+0.61/1.0/0.030+1.8 ms cpu, 4->5->2 MB, 5 MB goal, 0 MB stacks, 0 MB globals, 16 P
gc 1482 @6.790s 5%: 0.099+0.69+0.062 ms clock, 1.5+0.63/0.94/0+0.99 ms cpu, 4->5->2 MB, 5 MB goal, 0 MB stacks, 0 MB globals, 16 P
gc 1483 @6.792s 5%: 0.13+0.48+0.12 ms clock, 2.1+0.62/0.76/0.11+1.9 ms cpu, 4->4->1 MB, 4 MB goal, 0 MB stacks, 0 MB globals, 16 P
gc 1484 @6.794s 5%: 0.15+0.48+0.15 ms clock, 2.4+0.59/0.91/0+2.4 ms cpu, 3->4->2 MB, 4 MB goal, 0 MB stacks, 0 MB globals, 16 P
gc 1485 @6.795s 5%: 0.14+0.71+0.10 ms clock, 2.3+0.74/0.82/0+1.6 ms cpu, 3->4->2 MB, 4 MB goal, 0 MB stacks, 0 MB globals, 16 P
gc 1486 @6.797s 5%: 0.12+0.63+0.16 ms clock, 2.0+0.60/0.98/0+2.5 ms cpu, 4->5->2 MB, 5 MB goal, 0 MB stacks, 0 MB globals, 16 P
gc 1487 @6.799s 5%: 0.12+0.58+0.16 ms clock, 2.0+0.60/1.0/0.002+2.6 ms cpu, 4->5->2 MB, 4 MB goal, 0 MB stacks, 0 MB globals, 16 P
gc 1488 @6.801s 5%: 0.12+0.72+0.10 ms clock, 1.9+0.63/0.90/0+1.6 ms cpu, 4->5->2 MB, 4 MB goal, 0 MB stacks, 0 MB globals, 16 P
gc 1489 @6.803s 5%: 0.13+0.75+0.044 ms clock, 2.1+0.57/1.0/0.009+0.71 ms cpu, 4->5->2 MB, 5 MB goal, 0 MB stacks, 0 MB globals, 16 P
gc 1490 @6.805s 5%: 0.15+0.62+0.11 ms clock, 2.4+0.83/0.86/0+1.8 ms cpu, 4->5->2 MB, 4 MB goal, 0 MB stacks, 0 MB globals, 16 P
gc 1491 @6.807s 5%: 0.13+0.64+0.12 ms clock, 2.2+0.52/1.0/0+1.9 ms cpu, 4->5->2 MB, 4 MB goal, 0 MB stacks, 0 MB globals, 16 P
gc 1492 @6.808s 5%: 0.14+0.66+0.079 ms clock, 2.3+0.66/0.98/0+1.2 ms cpu, 4->4->2 MB, 4 MB goal, 0 MB stacks, 0 MB globals, 16 P
gc 1493 @6.810s 5%: 0.10+0.65+0.17 ms clock, 1.6+0.74/0.97/0.001+2.8 ms cpu, 3->4->2 MB, 4 MB goal, 0 MB stacks, 0 MB globals, 16 P
gc 1494 @6.812s 5%: 0.10+0.66+0.15 ms clock, 1.7+0.60/1.0/0+2.4 ms cpu, 4->5->2 MB, 5 MB goal, 0 MB stacks, 0 MB globals, 16 P
gc 1495 @6.814s 5%: 0.14+0.58+0.070 ms clock, 2.3+0.64/0.89/0+1.1 ms cpu, 4->4->2 MB, 4 MB goal, 0 MB stacks, 0 MB globals, 16 P
gc 1496 @6.815s 5%: 0.24+0.66+0.087 ms clock, 3.8+0.73/1.0/0+1.3 ms cpu, 3->4->2 MB, 4 MB goal, 0 MB stacks, 0 MB globals, 16 P
gc 1497 @6.817s 5%: 0.12+0.59+0.096 ms clock, 1.9+0.53/0.86/0+1.5 ms cpu, 4->4->2 MB, 4 MB goal, 0 MB stacks, 0 MB globals, 16 P
gc 1498 @6.819s 5%: 0.16+0.55+0.11 ms clock, 2.5+0.80/0.93/0+1.7 ms cpu, 3->4->2 MB, 4 MB goal, 0 MB stacks, 0 MB globals, 16 P
gc 1499 @6.820s 5%: 0.17+0.78+0.10 ms clock, 2.8+0.64/1.0/0+1.6 ms cpu, 3->4->2 MB, 4 MB goal, 0 MB stacks, 0 MB globals, 16 P
gc 1500 @6.823s 5%: 0.14+0.61+0.093 ms clock, 2.2+0.60/0.98/0.029+1.4 ms cpu, 4->5->2 MB, 5 MB goal, 0 MB stacks, 0 MB globals, 16 P
gc 1501 @6.824s 5%: 0.11+0.54+0.12 ms clock, 1.7+0.66/0.87/0+2.0 ms cpu, 4->4->2 MB, 4 MB goal, 0 MB stacks, 0 MB globals, 16 P
gc 1502 @6.826s 5%: 0.090+0.61+0.16 ms clock, 1.4+0.62/0.89/0+2.6 ms cpu, 4->4->2 MB, 4 MB goal, 0 MB stacks, 0 MB globals, 16 P
gc 1503 @6.828s 5%: 0.094+0.51+0.097 ms clock, 1.5+0.70/0.86/0.003+1.5 ms cpu, 4->4->2 MB, 4 MB goal, 0 MB stacks, 0 MB globals, 16 P
gc 1504 @6.829s 5%: 0.14+0.66+0.15 ms clock, 2.3+0.67/0.98/0+2.5 ms cpu, 3->4->2 MB, 4 MB goal, 0 MB stacks, 0 MB globals, 16 P
gc 1505 @6.831s 5%: 0.17+0.62+0.13 ms clock, 2.8+0.75/1.1/0+2.1 ms cpu, 4->5->2 MB, 4 MB goal, 0 MB stacks, 0 MB globals, 16 P
gc 1506 @6.833s 5%: 0.094+0.58+0.14 ms clock, 1.5+0.57/0.95/0.005+2.2 ms cpu, 4->5->2 MB, 5 MB goal, 0 MB stacks, 0 MB globals, 16 P
gc 1507 @6.835s 5%: 0.15+0.72+0.10 ms clock, 2.4+0.57/0.93/0+1.7 ms cpu, 3->4->2 MB, 4 MB goal, 0 MB stacks, 0 MB globals, 16 P
gc 1508 @6.836s 5%: 0.13+0.68+0.084 ms clock, 2.1+0.54/0.97/0+1.3 ms cpu, 4->5->2 MB, 5 MB goal, 0 MB stacks, 0 MB globals, 16 P
gc 1509 @6.838s 5%: 0.14+0.82+0.070 ms clock, 2.2+0.74/1.0/0.023+1.1 ms cpu, 4->5->2 MB, 4 MB goal, 0 MB stacks, 0 MB globals, 16 P
gc 1510 @6.840s 5%: 0.15+0.68+0.10 ms clock, 2.4+0.81/0.80/0.008+1.7 ms cpu, 4->5->2 MB, 5 MB goal, 0 MB stacks, 0 MB globals, 16 P
gc 1511 @6.842s 5%: 0.16+0.67+0.17 ms clock, 2.6+0.69/0.99/0+2.7 ms cpu, 4->5->2 MB, 4 MB goal, 0 MB stacks, 0 MB globals, 16 P
gc 1512 @6.844s 5%: 0.14+0.66+0.13 ms clock, 2.2+0.64/0.97/0.003+2.2 ms cpu, 4->5->2 MB, 5 MB goal, 0 MB stacks, 0 MB globals, 16 P
gc 1513 @6.846s 5%: 0.13+0.56+0.11 ms clock, 2.2+0.76/0.85/0+1.8 ms cpu, 4->4->2 MB, 4 MB goal, 0 MB stacks, 0 MB globals, 16 P
gc 1514 @6.848s 5%: 0.17+0.54+0.19 ms clock, 2.8+0.72/1.0/0+3.1 ms cpu, 3->4->2 MB, 4 MB goal, 0 MB stacks, 0 MB globals, 16 P
gc 1515 @6.849s 5%: 0.13+0.48+0.11 ms clock, 2.1+0.65/0.91/0+1.8 ms cpu, 4->4->2 MB, 4 MB goal, 0 MB stacks, 0 MB globals, 16 P
gc 1516 @6.851s 5%: 0.28+0.71+0.13 ms clock, 4.5+0.65/0.95/0+2.1 ms cpu, 3->4->2 MB, 4 MB goal, 0 MB stacks, 0 MB globals, 16 P
gc 1517 @6.853s 5%: 0.13+0.56+0.090 ms clock, 2.1+0.52/0.84/0.027+1.4 ms cpu, 4->5->2 MB, 5 MB goal, 0 MB stacks, 0 MB globals, 16 P
gc 1518 @6.854s 5%: 0.20+0.86+0.084 ms clock, 3.2+0.77/0.94/0+1.3 ms cpu, 3->5->2 MB, 4 MB goal, 0 MB stacks, 0 MB globals, 16 P
gc 1519 @6.857s 5%: 0.12+0.74+0.17 ms clock, 2.0+0.79/0.92/0.017+2.8 ms cpu, 4->5->2 MB, 5 MB goal, 0 MB stacks, 0 MB globals, 16 P
gc 1520 @6.859s 5%: 0.12+0.79+0.066 ms clock, 2.0+0.60/1.0/0+1.0 ms cpu, 4->5->2 MB, 5 MB goal, 0 MB stacks, 0 MB globals, 16 P
gc 1521 @6.861s 5%: 0.14+0.57+0.20 ms clock, 2.2+0.75/0.96/0+3.2 ms cpu, 4->4->2 MB, 4 MB goal, 0 MB stacks, 0 MB globals, 16 P
gc 1522 @6.863s 5%: 0.098+0.63+0.12 ms clock, 1.5+0.71/0.88/0.006+1.9 ms cpu, 4->4->2 MB, 4 MB goal, 0 MB stacks, 0 MB globals, 16 P
gc 1523 @6.864s 5%: 0.13+0.51+0.15 ms clock, 2.1+0.70/0.85/0+2.4 ms cpu, 3->4->2 MB, 4 MB goal, 0 MB stacks, 0 MB globals, 16 P
gc 1524 @6.866s 5%: 0.15+0.63+0.12 ms clock, 2.4+0.56/1.0/0+1.9 ms cpu, 3->4->2 MB, 4 MB goal, 0 MB stacks, 0 MB globals, 16 P
gc 1525 @6.868s 5%: 0.12+0.63+0.054 ms clock, 2.0+0.55/0.96/0+0.86 ms cpu, 4->4->2 MB, 4 MB goal, 0 MB stacks, 0 MB globals, 16 P
gc 1526 @6.869s 5%: 0.10+0.66+0.14 ms clock, 1.7+0.63/0.95/0.012+2.2 ms cpu, 4->4->2 MB, 4 MB goal, 0 MB stacks, 0 MB globals, 16 P
gc 1527 @6.871s 5%: 0.11+0.76+0.071 ms clock, 1.7+0.46/1.0/0.016+1.1 ms cpu, 4->4->2 MB, 4 MB goal, 0 MB stacks, 0 MB globals, 16 P
gc 1528 @6.873s 5%: 0.14+0.80+0.11 ms clock, 2.3+0.63/0.98/0.003+1.7 ms cpu, 4->5->2 MB, 4 MB goal, 0 MB stacks, 0 MB globals, 16 P
gc 1529 @6.875s 5%: 0.13+0.67+0.10 ms clock, 2.2+0.62/1.0/0+1.7 ms cpu, 4->5->2 MB, 5 MB goal, 0 MB stacks, 0 MB globals, 16 P
gc 1530 @6.877s 5%: 0.15+0.67+0.15 ms clock, 2.5+0.63/0.99/0+2.4 ms cpu, 4->4->2 MB, 4 MB goal, 0 MB stacks, 0 MB globals, 16 P
gc 1531 @6.879s 5%: 0.19+0.66+0.13 ms clock, 3.1+0.66/0.82/0+2.1 ms cpu, 4->5->2 MB, 4 MB goal, 0 MB stacks, 0 MB globals, 16 P
gc 1532 @6.880s 5%: 0.11+0.58+0.088 ms clock, 1.8+0.64/0.87/0.007+1.4 ms cpu, 4->4->2 MB, 4 MB goal, 0 MB stacks, 0 MB globals, 16 P
gc 1533 @6.882s 5%: 0.12+0.57+0.18 ms clock, 1.9+0.67/1.0/0+2.8 ms cpu, 3->4->2 MB, 4 MB goal, 0 MB stacks, 0 MB globals, 16 P
gc 1534 @6.884s 5%: 0.11+0.64+0.076 ms clock, 1.8+0.70/0.87/0+1.2 ms cpu, 3->4->2 MB, 4 MB goal, 0 MB stacks, 0 MB globals, 16 P
gc 1535 @6.886s 5%: 0.13+0.82+0.17 ms clock, 2.2+0.94/1.0/0+2.8 ms cpu, 4->4->2 MB, 4 MB goal, 0 MB stacks, 0 MB globals, 16 P
gc 1536 @6.888s 5%: 0.10+0.70+0.10 ms clock, 1.7+0.52/0.95/0.004+1.7 ms cpu, 4->5->2 MB, 5 MB goal, 0 MB stacks, 0 MB globals, 16 P
gc 1537 @6.889s 5%: 0.14+1.0+0.11 ms clock, 2.3+0.77/0.82/0+1.7 ms cpu, 4->5->2 MB, 4 MB goal, 0 MB stacks, 0 MB globals, 16 P
gc 1538 @6.892s 5%: 0.11+0.56+0.18 ms clock, 1.9+0.60/0.97/0.002+2.8 ms cpu, 4->5->2 MB, 5 MB goal, 0 MB stacks, 0 MB globals, 16 P
gc 1539 @6.894s 5%: 0.11+0.58+0.10 ms clock, 1.9+0.76/0.86/0+1.6 ms cpu, 3->4->2 MB, 4 MB goal, 0 MB stacks, 0 MB globals, 16 P
gc 1540 @6.895s 5%: 0.10+0.72+0.11 ms clock, 1.7+0.81/0.82/0+1.8 ms cpu, 4->5->2 MB, 4 MB goal, 0 MB stacks, 0 MB globals, 16 P
gc 1541 @6.897s 5%: 0.18+0.65+0.099 ms clock, 2.9+0.73/0.91/0.004+1.5 ms cpu, 4->5->2 MB, 4 MB goal, 0 MB stacks, 0 MB globals, 16 P
gc 1542 @6.899s 5%: 0.17+0.81+0.12 ms clock, 2.8+0.74/0.84/0+2.0 ms cpu, 4->5->2 MB, 4 MB goal, 0 MB stacks, 0 MB globals, 16 P
gc 1543 @6.901s 5%: 0.11+0.55+0.14 ms clock, 1.7+0.69/0.83/0+2.2 ms cpu, 4->5->2 MB, 5 MB goal, 0 MB stacks, 0 MB globals, 16 P
gc 1544 @6.903s 5%: 0.10+0.56+0.15 ms clock, 1.7+0.65/1.0/0+2.4 ms cpu, 3->4->2 MB, 4 MB goal, 0 MB stacks, 0 MB globals, 16 P
gc 1545 @6.905s 5%: 0.10+0.74+0.062 ms clock, 1.6+0.54/1.0/0.003+0.99 ms cpu, 3->4->2 MB, 4 MB goal, 0 MB stacks, 0 MB globals, 16 P
gc 1546 @6.906s 5%: 0.15+0.86+0.077 ms clock, 2.5+0.48/0.85/0.11+1.2 ms cpu, 4->5->2 MB, 4 MB goal, 0 MB stacks, 0 MB globals, 16 P
gc 1547 @6.908s 5%: 0.12+0.69+0.13 ms clock, 2.0+0.64/1.0/0+2.2 ms cpu, 4->5->2 MB, 5 MB goal, 0 MB stacks, 0 MB globals, 16 P
gc 1548 @6.910s 5%: 0.096+0.54+0.13 ms clock, 1.5+0.67/1.0/0+2.1 ms cpu, 4->4->2 MB, 5 MB goal, 0 MB stacks, 0 MB globals, 16 P
gc 1549 @6.912s 5%: 0.11+0.73+0.093 ms clock, 1.8+0.69/0.90/0.010+1.5 ms cpu, 3->4->2 MB, 4 MB goal, 0 MB stacks, 0 MB globals, 16 P
gc 1550 @6.914s 5%: 0.19+0.61+0.14 ms clock, 3.0+0.58/0.98/0.077+2.2 ms cpu, 4->4->2 MB, 4 MB goal, 0 MB stacks, 0 MB globals, 16 P
gc 1551 @6.915s 5%: 0.11+0.57+0.14 ms clock, 1.8+0.44/0.93/0.010+2.3 ms cpu, 3->4->2 MB, 4 MB goal, 0 MB stacks, 0 MB globals, 16 P
gc 1552 @6.917s 5%: 0.11+0.65+0.14 ms clock, 1.7+0.55/0.84/0+2.3 ms cpu, 4->4->2 MB, 4 MB goal, 0 MB stacks, 0 MB globals, 16 P
gc 1553 @6.919s 5%: 0.13+0.72+0.13 ms clock, 2.1+0.99/1.1/0.048+2.1 ms cpu, 4->4->2 MB, 4 MB goal, 0 MB stacks, 0 MB globals, 16 P
gc 1554 @6.921s 5%: 0.13+0.84+0.13 ms clock, 2.1+0.58/1.1/0+2.0 ms cpu, 4->5->2 MB, 5 MB goal, 0 MB stacks, 0 MB globals, 16 P
gc 1555 @6.923s 5%: 0.13+0.65+0.12 ms clock, 2.2+0.53/1.0/0+2.0 ms cpu, 4->5->2 MB, 5 MB goal, 0 MB stacks, 0 MB globals, 16 P
gc 1556 @6.925s 5%: 0.15+0.56+0.12 ms clock, 2.4+0.56/0.98/0+2.0 ms cpu, 3->4->2 MB, 4 MB goal, 0 MB stacks, 0 MB globals, 16 P
gc 1557 @6.926s 5%: 0.14+0.64+0.20 ms clock, 2.3+0.63/0.87/0+3.2 ms cpu, 4->5->2 MB, 4 MB goal, 0 MB stacks, 0 MB globals, 16 P
gc 1558 @6.928s 5%: 0.12+0.55+0.12 ms clock, 2.0+0.50/1.0/0.001+1.9 ms cpu, 4->4->2 MB, 4 MB goal, 0 MB stacks, 0 MB globals, 16 P
gc 1559 @6.930s 5%: 0.12+0.71+0.15 ms clock, 2.0+0.72/0.99/0+2.5 ms cpu, 4->5->2 MB, 4 MB goal, 0 MB stacks, 0 MB globals, 16 P
gc 1560 @6.932s 5%: 0.10+0.50+0.13 ms clock, 1.6+0.58/0.97/0.010+2.2 ms cpu, 4->4->2 MB, 5 MB goal, 0 MB stacks, 0 MB globals, 16 P
gc 1561 @6.933s 5%: 0.14+0.70+0.10 ms clock, 2.3+0.47/0.96/0.070+1.7 ms cpu, 3->4->2 MB, 4 MB goal, 0 MB stacks, 0 MB globals, 16 P
gc 1562 @6.935s 5%: 0.16+0.80+0.089 ms clock, 2.6+0.76/0.98/0.035+1.4 ms cpu, 4->5->2 MB, 4 MB goal, 0 MB stacks, 0 MB globals, 16 P
gc 1563 @6.937s 5%: 0.14+0.71+0.095 ms clock, 2.3+0.53/1.0/0.027+1.5 ms cpu, 4->5->2 MB, 5 MB goal, 0 MB stacks, 0 MB globals, 16 P
gc 1564 @6.939s 5%: 0.13+0.60+0.12 ms clock, 2.1+0.76/0.87/0+1.9 ms cpu, 4->5->2 MB, 5 MB goal, 0 MB stacks, 0 MB globals, 16 P
gc 1565 @6.941s 5%: 0.16+0.87+0.099 ms clock, 2.6+0.69/0.87/0+1.5 ms cpu, 4->5->2 MB, 4 MB goal, 0 MB stacks, 0 MB globals, 16 P
gc 1566 @6.943s 5%: 0.14+0.57+0.18 ms clock, 2.3+0.80/0.81/0+2.9 ms cpu, 4->5->2 MB, 5 MB goal, 0 MB stacks, 0 MB globals, 16 P
gc 1567 @6.945s 5%: 0.14+0.77+0.12 ms clock, 2.2+0.64/0.94/0+1.9 ms cpu, 4->5->2 MB, 4 MB goal, 0 MB stacks, 0 MB globals, 16 P
gc 1568 @6.947s 5%: 0.15+0.52+0.22 ms clock, 2.4+0.61/0.93/0+3.5 ms cpu, 4->5->2 MB, 5 MB goal, 0 MB stacks, 0 MB globals, 16 P
gc 1569 @6.949s 5%: 0.26+0.63+0.045 ms clock, 4.2+0.69/0.97/0+0.72 ms cpu, 3->4->2 MB, 4 MB goal, 0 MB stacks, 0 MB globals, 16 P
gc 1570 @6.951s 5%: 0.20+0.53+0.23 ms clock, 3.3+0.72/0.93/0.007+3.7 ms cpu, 4->4->2 MB, 4 MB goal, 0 MB stacks, 0 MB globals, 16 P
gc 1571 @6.952s 5%: 0.17+0.56+0.16 ms clock, 2.8+0.66/1.0/0.002+2.5 ms cpu, 4->5->2 MB, 4 MB goal, 0 MB stacks, 0 MB globals, 16 P
gc 1572 @6.954s 5%: 0.11+0.61+0.11 ms clock, 1.7+0.72/0.86/0+1.8 ms cpu, 4->4->2 MB, 4 MB goal, 0 MB stacks, 0 MB globals, 16 P
gc 1573 @6.956s 5%: 0.19+0.74+0.20 ms clock, 3.1+0.76/0.84/0+3.3 ms cpu, 3->5->2 MB, 4 MB goal, 0 MB stacks, 0 MB globals, 16 P
gc 1574 @6.958s 5%: 0.10+0.80+0.13 ms clock, 1.7+0.74/1.0/0.003+2.0 ms cpu, 4->5->2 MB, 5 MB goal, 0 MB stacks, 0 MB globals, 16 P
gc 1575 @6.960s 5%: 0.11+0.65+0.14 ms clock, 1.8+0.55/1.0/0+2.3 ms cpu, 4->5->2 MB, 5 MB goal, 0 MB stacks, 0 MB globals, 16 P
gc 1576 @6.962s 5%: 0.10+0.61+0.18 ms clock, 1.6+0.81/0.78/0+3.0 ms cpu, 4->4->2 MB, 4 MB goal, 0 MB stacks, 0 MB globals, 16 P
gc 1577 @6.964s 5%: 0.15+0.76+0.093 ms clock, 2.4+0.63/0.96/0.007+1.4 ms cpu, 4->5->2 MB, 4 MB goal, 0 MB stacks, 0 MB globals, 16 P
gc 1578 @6.966s 5%: 0.15+0.47+0.12 ms clock, 2.4+0.75/0.89/0+1.9 ms cpu, 4->4->2 MB, 5 MB goal, 0 MB stacks, 0 MB globals, 16 P
gc 1579 @6.967s 5%: 0.10+0.62+0.14 ms clock, 1.6+0.60/1.0/0+2.3 ms cpu, 3->4->2 MB, 4 MB goal, 0 MB stacks, 0 MB globals, 16 P
gc 1580 @6.969s 5%: 0.097+0.50+0.17 ms clock, 1.5+0.57/0.93/0.054+2.8 ms cpu, 4->4->2 MB, 5 MB goal, 0 MB stacks, 0 MB globals, 16 P
gc 1581 @6.971s 5%: 0.10+0.61+0.099 ms clock, 1.6+0.71/1.0/0+1.5 ms cpu, 3->4->2 MB, 4 MB goal, 0 MB stacks, 0 MB globals, 16 P
gc 1582 @6.972s 5%: 0.11+0.56+0.20 ms clock, 1.9+0.70/0.81/0.030+3.3 ms cpu, 4->4->2 MB, 4 MB goal, 0 MB stacks, 0 MB globals, 16 P
gc 1583 @6.974s 5%: 0.14+0.55+0.11 ms clock, 2.3+0.59/1.0/0.018+1.8 ms cpu, 3->4->2 MB, 4 MB goal, 0 MB stacks, 0 MB globals, 16 P
gc 1584 @6.976s 5%: 0.14+0.70+0.12 ms clock, 2.2+0.68/1.0/0+2.0 ms cpu, 4->5->2 MB, 4 MB goal, 0 MB stacks, 0 MB globals, 16 P
gc 1585 @6.978s 5%: 0.10+0.54+0.15 ms clock, 1.6+0.60/0.97/0+2.5 ms cpu, 4->4->2 MB, 5 MB goal, 0 MB stacks, 0 MB globals, 16 P
gc 1586 @6.979s 5%: 0.15+0.73+0.10 ms clock, 2.4+0.70/1.1/0+1.7 ms cpu, 3->4->2 MB, 4 MB goal, 0 MB stacks, 0 MB globals, 16 P
gc 1587 @6.981s 5%: 0.15+0.59+0.18 ms clock, 2.4+0.69/0.81/0+3.0 ms cpu, 4->5->2 MB, 5 MB goal, 0 MB stacks, 0 MB globals, 16 P
gc 1588 @6.983s 5%: 0.15+0.66+0.18 ms clock, 2.4+0.44/0.97/0.043+3.0 ms cpu, 3->4->2 MB, 4 MB goal, 0 MB stacks, 0 MB globals, 16 P
gc 1589 @6.985s 5%: 0.11+0.69+0.12 ms clock, 1.7+0.57/1.0/0.025+1.9 ms cpu, 4->5->2 MB, 4 MB goal, 0 MB stacks, 0 MB globals, 16 P
gc 1590 @6.987s 5%: 0.15+0.68+0.090 ms clock, 2.5+0.67/0.94/0+1.4 ms cpu, 4->5->2 MB, 5 MB goal, 0 MB stacks, 0 MB globals, 16 P
gc 1591 @6.989s 5%: 0.19+0.53+0.14 ms clock, 3.0+0.54/0.92/0.054+2.2 ms cpu, 4->4->2 MB, 4 MB goal, 0 MB stacks, 0 MB globals, 16 P
gc 1592 @6.990s 5%: 0.12+0.60+0.20 ms clock, 1.9+0.54/0.92/0+3.2 ms cpu, 3->4->2 MB, 4 MB goal, 0 MB stacks, 0 MB globals, 16 P
gc 1593 @6.992s 5%: 0.16+0.56+0.16 ms clock, 2.5+0.47/0.98/0+2.5 ms cpu, 3->4->2 MB, 4 MB goal, 0 MB stacks, 0 MB globals, 16 P
gc 1594 @6.994s 5%: 0.12+0.65+0.15 ms clock, 1.9+0.57/0.98/0+2.4 ms cpu, 4->4->2 MB, 4 MB goal, 0 MB stacks, 0 MB globals, 16 P
gc 1595 @6.995s 5%: 0.13+0.71+0.090 ms clock, 2.1+0.58/0.95/0+1.4 ms cpu, 3->4->2 MB, 4 MB goal, 0 MB stacks, 0 MB globals, 16 P
gc 1596 @6.997s 5%: 0.094+0.67+0.11 ms clock, 1.5+0.56/0.96/0+1.8 ms cpu, 4->5->2 MB, 5 MB goal, 0 MB stacks, 0 MB globals, 16 P
gc 1597 @6.999s 5%: 0.14+0.76+0.10 ms clock, 2.2+0.79/1.1/0+1.7 ms cpu, 4->5->2 MB, 4 MB goal, 0 MB stacks, 0 MB globals, 16 P
gc 1598 @7.001s 5%: 0.084+0.59+0.11 ms clock, 1.3+0.60/0.99/0+1.8 ms cpu, 4->5->2 MB, 5 MB goal, 0 MB stacks, 0 MB globals, 16 P
gc 1599 @7.003s 5%: 0.14+0.66+0.12 ms clock, 2.2+0.64/1.0/0.014+2.0 ms cpu, 3->4->2 MB, 4 MB goal, 0 MB stacks, 0 MB globals, 16 P
gc 1600 @7.004s 5%: 0.12+0.62+0.12 ms clock, 2.0+0.49/0.96/0+2.0 ms cpu, 4->4->2 MB, 4 MB goal, 0 MB stacks, 0 MB globals, 16 P
gc 1601 @7.006s 5%: 0.12+0.89+0.060 ms clock, 2.0+0.55/0.97/0+0.96 ms cpu, 3->4->2 MB, 4 MB goal, 0 MB stacks, 0 MB globals, 16 P
gc 1602 @7.008s 5%: 0.14+0.73+0.12 ms clock, 2.2+0.60/1.0/0+1.9 ms cpu, 4->5->2 MB, 4 MB goal, 0 MB stacks, 0 MB globals, 16 P
gc 1603 @7.010s 5%: 0.12+0.65+0.20 ms clock, 1.9+0.65/1.0/0.009+3.3 ms cpu, 4->5->2 MB, 5 MB goal, 0 MB stacks, 0 MB globals, 16 P
gc 1604 @7.012s 5%: 0.12+0.75+0.090 ms clock, 2.0+0.62/0.94/0+1.4 ms cpu, 4->5->2 MB, 4 MB goal, 0 MB stacks, 0 MB globals, 16 P
gc 1605 @7.014s 5%: 0.10+0.56+0.086 ms clock, 1.6+0.55/1.0/0+1.3 ms cpu, 4->5->2 MB, 5 MB goal, 0 MB stacks, 0 MB globals, 16 P
gc 1606 @7.016s 5%: 0.13+0.62+0.088 ms clock, 2.2+0.64/1.0/0+1.4 ms cpu, 3->4->2 MB, 4 MB goal, 0 MB stacks, 0 MB globals, 16 P
gc 1607 @7.018s 5%: 0.10+0.48+0.13 ms clock, 1.6+0.60/0.89/0.022+2.0 ms cpu, 4->4->2 MB, 4 MB goal, 0 MB stacks, 0 MB globals, 16 P
gc 1608 @7.019s 5%: 0.10+0.62+0.14 ms clock, 1.7+0.54/0.91/0+2.2 ms cpu, 3->4->2 MB, 4 MB goal, 0 MB stacks, 0 MB globals, 16 P
gc 1609 @7.021s 5%: 0.12+0.60+0.087 ms clock, 2.0+0.40/1.0/0+1.3 ms cpu, 3->4->2 MB, 4 MB goal, 0 MB stacks, 0 MB globals, 16 P
gc 1610 @7.022s 5%: 0.15+0.65+0.12 ms clock, 2.4+0.58/1.0/0+2.0 ms cpu, 4->5->2 MB, 4 MB goal, 0 MB stacks, 0 MB globals, 16 P
gc 1611 @7.024s 5%: 0.15+0.60+0.056 ms clock, 2.4+0.55/1.0/0+0.90 ms cpu, 4->5->2 MB, 5 MB goal, 0 MB stacks, 0 MB globals, 16 P
gc 1612 @7.026s 5%: 0.21+0.66+0.13 ms clock, 3.3+0.78/0.98/0.024+2.1 ms cpu, 3->5->2 MB, 4 MB goal, 0 MB stacks, 0 MB globals, 16 P
gc 1613 @7.028s 5%: 0.10+0.68+0.13 ms clock, 1.6+0.55/1.0/0+2.1 ms cpu, 4->5->2 MB, 5 MB goal, 0 MB stacks, 0 MB globals, 16 P
gc 1614 @7.030s 5%: 0.21+0.63+0.17 ms clock, 3.3+0.63/0.90/0+2.8 ms cpu, 4->5->2 MB, 5 MB goal, 0 MB stacks, 0 MB globals, 16 P
gc 1615 @7.032s 5%: 0.095+0.49+0.19 ms clock, 1.5+0.49/0.94/0.038+3.1 ms cpu, 4->4->2 MB, 4 MB goal, 0 MB stacks, 0 MB globals, 16 P
gc 1616 @7.034s 5%: 0.13+0.72+0.10 ms clock, 2.1+0.78/1.1/0.012+1.7 ms cpu, 3->4->2 MB, 4 MB goal, 0 MB stacks, 0 MB globals, 16 P
gc 1617 @7.036s 5%: 0.13+0.63+0.098 ms clock, 2.1+0.65/1.0/0+1.5 ms cpu, 4->5->2 MB, 5 MB goal, 0 MB stacks, 0 MB globals, 16 P
gc 1618 @7.037s 5%: 0.14+0.64+0.17 ms clock, 2.2+0.66/1.0/0+2.7 ms cpu, 4->4->2 MB, 4 MB goal, 0 MB stacks, 0 MB globals, 16 P
gc 1619 @7.039s 5%: 0.17+0.66+0.10 ms clock, 2.8+0.67/1.0/0+1.6 ms cpu, 3->4->2 MB, 4 MB goal, 0 MB stacks, 0 MB globals, 16 P
gc 1620 @7.041s 5%: 0.11+0.64+0.14 ms clock, 1.7+0.64/0.98/0+2.3 ms cpu, 4->5->2 MB, 5 MB goal, 0 MB stacks, 0 MB globals, 16 P
gc 1621 @7.043s 5%: 0.14+0.66+0.14 ms clock, 2.3+0.65/1.0/0.087+2.2 ms cpu, 4->4->2 MB, 4 MB goal, 0 MB stacks, 0 MB globals, 16 P
gc 1622 @7.045s 5%: 0.12+0.57+0.16 ms clock, 2.0+0.54/0.91/0+2.6 ms cpu, 4->5->2 MB, 5 MB goal, 0 MB stacks, 0 MB globals, 16 P
gc 1623 @7.046s 5%: 0.15+0.58+0.094 ms clock, 2.4+0.50/0.93/0+1.5 ms cpu, 3->4->2 MB, 4 MB goal, 0 MB stacks, 0 MB globals, 16 P
gc 1624 @7.048s 5%: 0.11+0.69+0.10 ms clock, 1.8+0.62/1.0/0.001+1.6 ms cpu, 4->5->2 MB, 4 MB goal, 0 MB stacks, 0 MB globals, 16 P
gc 1625 @7.050s 5%: 0.17+0.70+0.15 ms clock, 2.7+0.61/1.2/0.041+2.5 ms cpu, 4->5->2 MB, 5 MB goal, 0 MB stacks, 0 MB globals, 16 P
gc 1626 @7.052s 5%: 0.082+0.55+0.089 ms clock, 1.3+0.55/1.0/0+1.4 ms cpu, 4->4->2 MB, 5 MB goal, 0 MB stacks, 0 MB globals, 16 P
gc 1627 @7.054s 5%: 0.12+0.77+0.087 ms clock, 2.0+0.66/0.97/0+1.4 ms cpu, 3->4->2 MB, 4 MB goal, 0 MB stacks, 0 MB globals, 16 P
gc 1628 @7.056s 5%: 0.11+0.72+0.10 ms clock, 1.7+0.71/0.86/0+1.7 ms cpu, 4->5->2 MB, 5 MB goal, 0 MB stacks, 0 MB globals, 16 P
gc 1629 @7.058s 5%: 0.13+0.70+0.11 ms clock, 2.1+0.60/1.1/0+1.7 ms cpu, 4->5->2 MB, 5 MB goal, 0 MB stacks, 0 MB globals, 16 P
gc 1630 @7.060s 5%: 0.17+0.89+0.099 ms clock, 2.7+0.68/0.89/0+1.5 ms cpu, 4->5->2 MB, 5 MB goal, 0 MB stacks, 0 MB globals, 16 P
gc 1631 @7.062s 5%: 0.14+0.78+0.072 ms clock, 2.2+0.92/1.0/0+1.1 ms cpu, 4->5->2 MB, 5 MB goal, 0 MB stacks, 0 MB globals, 16 P
gc 1632 @7.064s 5%: 0.14+0.57+0.19 ms clock, 2.3+0.54/0.94/0.006+3.1 ms cpu, 4->5->2 MB, 5 MB goal, 0 MB stacks, 0 MB globals, 16 P
gc 1633 @7.066s 5%: 0.14+0.62+0.14 ms clock, 2.2+0.62/0.99/0+2.3 ms cpu, 4->4->2 MB, 4 MB goal, 0 MB stacks, 0 MB globals, 16 P
gc 1634 @7.068s 5%: 0.13+0.57+0.10 ms clock, 2.1+0.53/1.0/0+1.7 ms cpu, 4->4->2 MB, 4 MB goal, 0 MB stacks, 0 MB globals, 16 P
gc 1635 @7.069s 5%: 0.23+0.91+0.11 ms clock, 3.7+0.67/0.98/0+1.8 ms cpu, 4->5->2 MB, 4 MB goal, 0 MB stacks, 0 MB globals, 16 P
gc 1636 @7.072s 5%: 0.20+0.65+0.16 ms clock, 3.2+0.84/1.0/0+2.7 ms cpu, 4->5->2 MB, 5 MB goal, 0 MB stacks, 0 MB globals, 16 P
gc 1637 @7.074s 5%: 0.18+0.53+0.19 ms clock, 2.9+0.65/0.86/0+3.0 ms cpu, 4->5->2 MB, 5 MB goal, 0 MB stacks, 0 MB globals, 16 P
gc 1638 @7.075s 5%: 0.11+0.63+0.18 ms clock, 1.8+0.73/0.74/0.017+2.9 ms cpu, 4->4->2 MB, 4 MB goal, 0 MB stacks, 0 MB globals, 16 P
gc 1639 @7.077s 5%: 0.23+0.89+0.069 ms clock, 3.8+0.75/0.92/0+1.1 ms cpu, 3->5->2 MB, 4 MB goal, 0 MB stacks, 0 MB globals, 16 P
gc 1640 @7.079s 5%: 0.13+0.61+0.10 ms clock, 2.2+0.69/0.93/0+1.6 ms cpu, 4->5->2 MB, 5 MB goal, 0 MB stacks, 0 MB globals, 16 P
gc 1641 @7.081s 5%: 0.12+0.63+0.087 ms clock, 2.0+0.79/0.89/0+1.3 ms cpu, 4->4->2 MB, 4 MB goal, 0 MB stacks, 0 MB globals, 16 P
gc 1642 @7.083s 5%: 0.13+0.63+0.074 ms clock, 2.1+0.84/1.0/0.11+1.1 ms cpu, 4->4->2 MB, 4 MB goal, 0 MB stacks, 0 MB globals, 16 P
gc 1643 @7.085s 5%: 0.15+0.53+0.15 ms clock, 2.4+0.60/0.81/0.057+2.5 ms cpu, 4->4->2 MB, 4 MB goal, 0 MB stacks, 0 MB globals, 16 P
gc 1644 @7.086s 5%: 0.15+0.55+0.17 ms clock, 2.5+0.73/0.82/0+2.7 ms cpu, 3->4->2 MB, 4 MB goal, 0 MB stacks, 0 MB globals, 16 P
gc 1645 @7.088s 5%: 0.13+0.60+0.087 ms clock, 2.1+0.66/1.0/0.004+1.3 ms cpu, 4->4->2 MB, 4 MB goal, 0 MB stacks, 0 MB globals, 16 P
gc 1646 @7.090s 5%: 0.10+0.67+0.089 ms clock, 1.6+0.37/1.0/0+1.4 ms cpu, 4->4->2 MB, 4 MB goal, 0 MB stacks, 0 MB globals, 16 P
gc 1647 @7.092s 5%: 0.16+0.55+0.14 ms clock, 2.5+0.72/0.91/0+2.2 ms cpu, 4->4->2 MB, 4 MB goal, 0 MB stacks, 0 MB globals, 16 P
gc 1648 @7.094s 5%: 0.11+0.99+0.11 ms clock, 1.8+0.75/0.94/0+1.8 ms cpu, 4->5->2 MB, 4 MB goal, 0 MB stacks, 0 MB globals, 16 P
gc 1649 @7.096s 5%: 0.10+0.58+0.12 ms clock, 1.6+0.68/0.90/0.011+2.0 ms cpu, 4->5->2 MB, 5 MB goal, 0 MB stacks, 0 MB globals, 16 P
gc 1650 @7.097s 5%: 0.16+0.75+0.086 ms clock, 2.7+0.66/1.1/0.045+1.3 ms cpu, 4->5->2 MB, 4 MB goal, 0 MB stacks, 0 MB globals, 16 P
gc 1651 @7.099s 5%: 0.15+0.83+0.089 ms clock, 2.4+0.62/0.92/0+1.4 ms cpu, 4->5->2 MB, 5 MB goal, 0 MB stacks, 0 MB globals, 16 P
gc 1652 @7.102s 5%: 0.093+0.62+0.10 ms clock, 1.5+0.64/1.0/0.003+1.7 ms cpu, 4->5->2 MB, 5 MB goal, 0 MB stacks, 0 MB globals, 16 P
gc 1653 @7.103s 5%: 0.10+0.61+0.11 ms clock, 1.6+0.79/0.85/0+1.7 ms cpu, 4->4->2 MB, 4 MB goal, 0 MB stacks, 0 MB globals, 16 P
gc 1654 @7.105s 5%: 0.15+0.75+0.10 ms clock, 2.4+0.71/1.0/0+1.7 ms cpu, 3->4->2 MB, 4 MB goal, 0 MB stacks, 0 MB globals, 16 P
gc 1655 @7.107s 5%: 0.15+0.56+0.13 ms clock, 2.5+0.72/1.0/0+2.1 ms cpu, 4->5->2 MB, 5 MB goal, 0 MB stacks, 0 MB globals, 16 P
gc 1656 @7.109s 5%: 0.15+0.68+0.12 ms clock, 2.5+0.65/0.92/0+1.9 ms cpu, 4->5->2 MB, 4 MB goal, 0 MB stacks, 0 MB globals, 16 P
gc 1657 @7.111s 5%: 0.10+0.67+0.12 ms clock, 1.7+0.68/0.95/0+2.0 ms cpu, 4->5->2 MB, 5 MB goal, 0 MB stacks, 0 MB globals, 16 P
gc 1658 @7.113s 5%: 0.12+0.51+0.23 ms clock, 1.9+0.61/0.80/0+3.7 ms cpu, 3->4->2 MB, 4 MB goal, 0 MB stacks, 0 MB globals, 16 P
gc 1659 @7.114s 5%: 0.15+0.51+0.10 ms clock, 2.4+0.58/0.87/0+1.6 ms cpu, 3->4->2 MB, 4 MB goal, 0 MB stacks, 0 MB globals, 16 P
gc 1660 @7.116s 5%: 0.15+0.54+0.15 ms clock, 2.4+0.72/0.94/0+2.5 ms cpu, 3->4->2 MB, 4 MB goal, 0 MB stacks, 0 MB globals, 16 P
gc 1661 @7.117s 5%: 0.16+0.53+0.19 ms clock, 2.6+0.60/0.93/0+3.1 ms cpu, 4->4->2 MB, 4 MB goal, 0 MB stacks, 0 MB globals, 16 P
gc 1662 @7.119s 5%: 0.16+0.63+0.10 ms clock, 2.6+0.74/0.72/0.10+1.6 ms cpu, 4->4->2 MB, 4 MB goal, 0 MB stacks, 0 MB globals, 16 P
gc 1663 @7.121s 5%: 0.11+0.48+0.11 ms clock, 1.9+0.78/0.94/0+1.8 ms cpu, 4->4->2 MB, 4 MB goal, 0 MB stacks, 0 MB globals, 16 P
gc 1664 @7.123s 5%: 0.14+0.51+0.097 ms clock, 2.2+0.57/0.93/0+1.5 ms cpu, 3->4->2 MB, 4 MB goal, 0 MB stacks, 0 MB globals, 16 P
gc 1665 @7.124s 5%: 0.13+0.56+0.16 ms clock, 2.1+0.63/0.97/0+2.5 ms cpu, 3->4->2 MB, 4 MB goal, 0 MB stacks, 0 MB globals, 16 P
gc 1666 @7.126s 5%: 0.13+0.57+0.15 ms clock, 2.0+0.53/0.92/0+2.4 ms cpu, 3->4->2 MB, 4 MB goal, 0 MB stacks, 0 MB globals, 16 P
gc 1667 @7.127s 5%: 0.15+0.63+0.10 ms clock, 2.5+0.54/0.94/0.037+1.7 ms cpu, 4->4->2 MB, 4 MB goal, 0 MB stacks, 0 MB globals, 16 P
gc 1668 @7.129s 5%: 0.18+0.81+0.10 ms clock, 2.9+0.66/1.0/0+1.7 ms cpu, 3->5->2 MB, 4 MB goal, 0 MB stacks, 0 MB globals, 16 P
gc 1669 @7.132s 5%: 0.11+0.81+0.10 ms clock, 1.7+0.55/0.99/0+1.6 ms cpu, 4->5->2 MB, 5 MB goal, 0 MB stacks, 0 MB globals, 16 P
gc 1670 @7.133s 5%: 0.15+0.70+0.10 ms clock, 2.5+0.92/0.88/0+1.7 ms cpu, 4->5->2 MB, 5 MB goal, 0 MB stacks, 0 MB globals, 16 P
gc 1671 @7.135s 5%: 0.16+0.70+0.14 ms clock, 2.5+0.70/1.0/0+2.3 ms cpu, 4->5->2 MB, 4 MB goal, 0 MB stacks, 0 MB globals, 16 P
gc 1672 @7.137s 5%: 0.15+0.72+0.13 ms clock, 2.4+0.63/1.2/0+2.2 ms cpu, 4->5->2 MB, 5 MB goal, 0 MB stacks, 0 MB globals, 16 P
gc 1673 @7.139s 5%: 0.099+0.65+0.12 ms clock, 1.5+0.63/0.90/0.029+1.9 ms cpu, 4->5->2 MB, 5 MB goal, 0 MB stacks, 0 MB globals, 16 P
gc 1674 @7.141s 5%: 0.15+0.69+0.10 ms clock, 2.4+0.60/0.98/0+1.6 ms cpu, 3->4->2 MB, 4 MB goal, 0 MB stacks, 0 MB globals, 16 P
gc 1675 @7.143s 5%: 0.12+0.69+0.14 ms clock, 2.0+0.59/1.2/0.010+2.3 ms cpu, 4->5->2 MB, 5 MB goal, 0 MB stacks, 0 MB globals, 16 P
gc 1676 @7.145s 5%: 0.11+0.66+0.067 ms clock, 1.8+0.64/0.87/0+1.0 ms cpu, 4->5->2 MB, 5 MB goal, 0 MB stacks, 0 MB globals, 16 P
gc 1677 @7.147s 5%: 0.10+0.79+0.14 ms clock, 1.7+0.69/0.98/0.007+2.3 ms cpu, 4->5->2 MB, 4 MB goal, 0 MB stacks, 0 MB globals, 16 P
gc 1678 @7.149s 5%: 0.12+0.64+0.10 ms clock, 2.0+0.54/0.93/0+1.7 ms cpu, 4->5->2 MB, 5 MB goal, 0 MB stacks, 0 MB globals, 16 P
gc 1679 @7.151s 5%: 0.13+0.68+0.086 ms clock, 2.2+0.64/0.78/0+1.3 ms cpu, 4->5->2 MB, 4 MB goal, 0 MB stacks, 0 MB globals, 16 P
gc 1680 @7.152s 5%: 0.14+0.84+0.068 ms clock, 2.3+0.56/0.97/0+1.1 ms cpu, 4->5->2 MB, 4 MB goal, 0 MB stacks, 0 MB globals, 16 P
gc 1681 @7.154s 5%: 0.15+0.53+0.15 ms clock, 2.4+0.52/0.82/0.051+2.5 ms cpu, 4->5->2 MB, 5 MB goal, 0 MB stacks, 0 MB globals, 16 P
gc 1682 @7.156s 5%: 0.14+0.63+0.11 ms clock, 2.3+0.52/0.92/0+1.7 ms cpu, 3->4->2 MB, 4 MB goal, 0 MB stacks, 0 MB globals, 16 P
gc 1683 @7.158s 5%: 0.12+0.65+0.18 ms clock, 2.0+0.73/0.92/0.031+2.9 ms cpu, 4->4->2 MB, 4 MB goal, 0 MB stacks, 0 MB globals, 16 P
gc 1684 @7.160s 5%: 0.14+0.80+0.14 ms clock, 2.3+0.75/0.78/0.009+2.3 ms cpu, 3->4->2 MB, 4 MB goal, 0 MB stacks, 0 MB globals, 16 P
gc 1685 @7.162s 5%: 0.11+0.70+0.10 ms clock, 1.8+0.61/1.0/0+1.6 ms cpu, 4->5->2 MB, 5 MB goal, 0 MB stacks, 0 MB globals, 16 P
gc 1686 @7.164s 5%: 0.19+0.48+0.23 ms clock, 3.1+0.63/0.85/0+3.7 ms cpu, 4->4->2 MB, 4 MB goal, 0 MB stacks, 0 MB globals, 16 P
gc 1687 @7.165s 5%: 0.17+0.63+0.17 ms clock, 2.8+0.75/0.91/0+2.7 ms cpu, 4->4->2 MB, 4 MB goal, 0 MB stacks, 0 MB globals, 16 P
gc 1688 @7.167s 5%: 0.13+0.68+0.16 ms clock, 2.1+0.56/0.88/0+2.6 ms cpu, 3->4->2 MB, 4 MB goal, 0 MB stacks, 0 MB globals, 16 P
gc 1689 @7.169s 5%: 0.13+0.49+0.16 ms clock, 2.2+0.74/0.83/0+2.7 ms cpu, 4->4->2 MB, 5 MB goal, 0 MB stacks, 0 MB globals, 16 P
gc 1690 @7.170s 5%: 0.12+0.72+0.22 ms clock, 2.0+0.80/0.78/0+3.6 ms cpu, 3->4->2 MB, 4 MB goal, 0 MB stacks, 0 MB globals, 16 P
gc 1691 @7.172s 5%: 0.13+0.68+0.10 ms clock, 2.2+0.67/1.0/0+1.7 ms cpu, 4->5->2 MB, 5 MB goal, 0 MB stacks, 0 MB globals, 16 P
gc 1692 @7.174s 5%: 0.11+0.57+0.14 ms clock, 1.8+0.65/1.1/0+2.3 ms cpu, 4->5->2 MB, 5 MB goal, 0 MB stacks, 0 MB globals, 16 P
gc 1693 @7.176s 5%: 0.095+0.56+0.10 ms clock, 1.5+0.63/0.92/0+1.6 ms cpu, 4->4->2 MB, 4 MB goal, 0 MB stacks, 0 MB globals, 16 P
gc 1694 @7.178s 5%: 0.12+0.75+0.10 ms clock, 1.9+0.66/1.1/0+1.7 ms cpu, 3->4->2 MB, 4 MB goal, 0 MB stacks, 0 MB globals, 16 P
gc 1695 @7.180s 5%: 0.14+0.59+0.085 ms clock, 2.2+0.50/0.88/0+1.3 ms cpu, 4->4->2 MB, 5 MB goal, 0 MB stacks, 0 MB globals, 16 P
gc 1696 @7.181s 5%: 0.12+0.74+0.12 ms clock, 1.9+0.69/1.0/0.060+1.9 ms cpu, 3->4->2 MB, 4 MB goal, 0 MB stacks, 0 MB globals, 16 P
gc 1697 @7.183s 5%: 0.12+0.61+0.21 ms clock, 1.9+0.58/0.87/0+3.3 ms cpu, 4->5->2 MB, 5 MB goal, 0 MB stacks, 0 MB globals, 16 P
gc 1698 @7.185s 5%: 0.16+0.54+0.14 ms clock, 2.6+0.70/0.86/0+2.3 ms cpu, 4->4->2 MB, 4 MB goal, 0 MB stacks, 0 MB globals, 16 P
gc 1699 @7.187s 5%: 0.13+0.70+0.14 ms clock, 2.1+0.71/1.2/0.003+2.2 ms cpu, 4->4->2 MB, 4 MB goal, 0 MB stacks, 0 MB globals, 16 P
gc 1700 @7.189s 5%: 0.15+0.52+0.14 ms clock, 2.4+0.54/1.0/0.004+2.3 ms cpu, 4->5->2 MB, 5 MB goal, 0 MB stacks, 0 MB globals, 16 P
gc 1701 @7.190s 5%: 0.18+0.70+0.10 ms clock, 2.9+0.59/0.94/0.013+1.6 ms cpu, 3->4->2 MB, 4 MB goal, 0 MB stacks, 0 MB globals, 16 P
gc 1702 @7.192s 5%: 0.071+0.65+0.11 ms clock, 1.1+0.70/1.0/0.031+1.8 ms cpu, 4->4->2 MB, 4 MB goal, 0 MB stacks, 0 MB globals, 16 P
gc 1703 @7.194s 5%: 0.11+0.51+0.20 ms clock, 1.8+0.71/0.88/0+3.2 ms cpu, 4->4->2 MB, 4 MB goal, 0 MB stacks, 0 MB globals, 16 P
gc 1704 @7.196s 5%: 0.12+0.62+0.098 ms clock, 1.9+0.70/1.0/0.001+1.5 ms cpu, 3->4->2 MB, 4 MB goal, 0 MB stacks, 0 MB globals, 16 P
gc 1705 @7.198s 5%: 0.11+0.67+0.049 ms clock, 1.8+0.61/1.0/0+0.78 ms cpu, 4->5->2 MB, 4 MB goal, 0 MB stacks, 0 MB globals, 16 P
gc 1706 @7.199s 5%: 0.088+0.66+0.11 ms clock, 1.4+0.48/0.91/0+1.8 ms cpu, 4->4->2 MB, 4 MB goal, 0 MB stacks, 0 MB globals, 16 P
gc 1707 @7.201s 5%: 0.13+0.59+0.11 ms clock, 2.1+0.67/0.94/0+1.7 ms cpu, 3->4->2 MB, 4 MB goal, 0 MB stacks, 0 MB globals, 16 P
gc 1708 @7.203s 5%: 0.16+0.57+0.19 ms clock, 2.5+0.69/0.92/0.029+3.1 ms cpu, 3->4->2 MB, 4 MB goal, 0 MB stacks, 0 MB globals, 16 P
gc 1709 @7.204s 5%: 0.096+0.62+0.16 ms clock, 1.5+0.57/0.94/0.035+2.5 ms cpu, 3->4->2 MB, 4 MB goal, 0 MB stacks, 0 MB globals, 16 P
gc 1710 @7.206s 5%: 0.16+0.58+0.13 ms clock, 2.5+0.79/0.82/0+2.2 ms cpu, 4->4->2 MB, 4 MB goal, 0 MB stacks, 0 MB globals, 16 P
gc 1711 @7.208s 5%: 0.16+0.71+0.091 ms clock, 2.6+0.41/1.0/0+1.4 ms cpu, 4->4->2 MB, 4 MB goal, 0 MB stacks, 0 MB globals, 16 P
gc 1712 @7.210s 5%: 0.16+0.55+0.13 ms clock, 2.7+0.71/0.98/0+2.2 ms cpu, 4->4->2 MB, 4 MB goal, 0 MB stacks, 0 MB globals, 16 P
gc 1713 @7.212s 5%: 0.12+0.64+0.088 ms clock, 2.0+0.59/1.0/0+1.4 ms cpu, 4->4->2 MB, 4 MB goal, 0 MB stacks, 0 MB globals, 16 P
gc 1714 @7.213s 5%: 0.17+0.63+0.11 ms clock, 2.8+0.81/0.80/0+1.7 ms cpu, 4->4->2 MB, 4 MB goal, 0 MB stacks, 0 MB globals, 16 P
gc 1715 @7.215s 5%: 0.10+0.50+0.13 ms clock, 1.6+0.44/0.96/0+2.2 ms cpu, 4->4->2 MB, 4 MB goal, 0 MB stacks, 0 MB globals, 16 P
gc 1716 @7.217s 5%: 0.090+0.85+0.069 ms clock, 1.4+0.68/0.78/0+1.1 ms cpu, 3->4->2 MB, 4 MB goal, 0 MB stacks, 0 MB globals, 16 P
gc 1717 @7.218s 5%: 0.13+0.65+0.17 ms clock, 2.1+0.75/0.89/0.056+2.7 ms cpu, 4->4->2 MB, 4 MB goal, 0 MB stacks, 0 MB globals, 16 P
gc 1718 @7.220s 5%: 0.14+0.70+0.17 ms clock, 2.2+0.76/0.91/0.089+2.7 ms cpu, 4->5->2 MB, 5 MB goal, 0 MB stacks, 0 MB globals, 16 P
gc 1719 @7.222s 5%: 0.095+0.80+0.089 ms clock, 1.5+0.58/0.95/0+1.4 ms cpu, 4->4->2 MB, 4 MB goal, 0 MB stacks, 0 MB globals, 16 P
gc 1720 @7.224s 5%: 0.091+0.62+0.10 ms clock, 1.4+0.48/1.0/0+1.7 ms cpu, 4->4->2 MB, 4 MB goal, 0 MB stacks, 0 MB globals, 16 P
gc 1721 @7.226s 5%: 0.11+0.56+0.12 ms clock, 1.8+0.52/1.0/0.020+1.9 ms cpu, 3->4->2 MB, 4 MB goal, 0 MB stacks, 0 MB globals, 16 P
gc 1722 @7.227s 5%: 0.12+0.56+0.15 ms clock, 1.9+0.61/0.87/0.038+2.5 ms cpu, 3->4->2 MB, 4 MB goal, 0 MB stacks, 0 MB globals, 16 P
gc 1723 @7.229s 5%: 0.19+0.52+0.18 ms clock, 3.1+0.81/0.86/0+3.0 ms cpu, 3->4->2 MB, 4 MB goal, 0 MB stacks, 0 MB globals, 16 P
gc 1724 @7.231s 5%: 0.19+0.56+0.13 ms clock, 3.0+0.70/0.85/0+2.0 ms cpu, 3->4->2 MB, 4 MB goal, 0 MB stacks, 0 MB globals, 16 P
gc 1725 @7.232s 5%: 0.12+0.71+0.076 ms clock, 1.9+0.64/1.0/0.006+1.2 ms cpu, 3->4->2 MB, 4 MB goal, 0 MB stacks, 0 MB globals, 16 P
gc 1726 @7.234s 5%: 0.19+0.77+0.20 ms clock, 3.0+0.81/0.93/0+3.2 ms cpu, 4->5->2 MB, 4 MB goal, 0 MB stacks, 0 MB globals, 16 P
gc 1727 @7.236s 5%: 0.11+0.62+0.090 ms clock, 1.8+0.61/0.99/0.008+1.4 ms cpu, 4->5->2 MB, 5 MB goal, 0 MB stacks, 0 MB globals, 16 P
gc 1728 @7.238s 5%: 0.15+0.74+0.060 ms clock, 2.5+0.61/0.88/0+0.96 ms cpu, 4->4->2 MB, 4 MB goal, 0 MB stacks, 0 MB globals, 16 P
gc 1729 @7.239s 5%: 0.15+0.57+0.10 ms clock, 2.4+0.87/0.89/0.012+1.6 ms cpu, 4->4->2 MB, 4 MB goal, 0 MB stacks, 0 MB globals, 16 P
gc 1730 @7.241s 5%: 0.11+0.82+0.081 ms clock, 1.8+0.67/0.88/0.060+1.3 ms cpu, 3->4->2 MB, 4 MB goal, 0 MB stacks, 0 MB globals, 16 P
gc 1731 @7.243s 5%: 0.10+0.67+0.12 ms clock, 1.6+0.63/1.0/0.056+1.9 ms cpu, 4->4->2 MB, 4 MB goal, 0 MB stacks, 0 MB globals, 16 P
gc 1732 @7.245s 5%: 0.11+0.51+0.10 ms clock, 1.8+0.68/0.95/0.002+1.7 ms cpu, 4->4->2 MB, 4 MB goal, 0 MB stacks, 0 MB globals, 16 P
gc 1733 @7.246s 5%: 0.11+0.57+0.10 ms clock, 1.8+0.63/0.95/0+1.7 ms cpu, 3->4->2 MB, 4 MB goal, 0 MB stacks, 0 MB globals, 16 P
gc 1734 @7.248s 5%: 0.11+0.63+0.15 ms clock, 1.8+0.57/0.85/0+2.5 ms cpu, 3->4->2 MB, 4 MB goal, 0 MB stacks, 0 MB globals, 16 P
gc 1735 @7.249s 5%: 0.12+0.66+0.16 ms clock, 2.0+0.54/0.98/0.003+2.6 ms cpu, 3->4->2 MB, 4 MB goal, 0 MB stacks, 0 MB globals, 16 P
gc 1736 @7.251s 5%: 0.099+0.52+0.16 ms clock, 1.5+0.52/0.75/0.11+2.5 ms cpu, 4->4->1 MB, 4 MB goal, 0 MB stacks, 0 MB globals, 16 P
gc 1737 @7.252s 5%: 0.14+0.43+0.11 ms clock, 2.3+0.62/0.86/0.012+1.8 ms cpu, 3->4->2 MB, 4 MB goal, 0 MB stacks, 0 MB globals, 16 P
gc 1738 @7.254s 5%: 0.21+0.75+0.078 ms clock, 3.4+0.77/0.96/0+1.2 ms cpu, 3->4->2 MB, 4 MB goal, 0 MB stacks, 0 MB globals, 16 P
gc 1739 @7.256s 5%: 0.13+0.79+0.089 ms clock, 2.0+0.68/1.0/0.011+1.4 ms cpu, 4->5->2 MB, 5 MB goal, 0 MB stacks, 0 MB globals, 16 P
gc 1740 @7.258s 5%: 0.21+0.83+0.10 ms clock, 3.3+0.75/1.1/0.023+1.6 ms cpu, 4->5->2 MB, 4 MB goal, 0 MB stacks, 0 MB globals, 16 P
gc 1741 @7.260s 5%: 0.22+0.64+0.12 ms clock, 3.5+0.48/1.0/0+1.9 ms cpu, 4->5->2 MB, 5 MB goal, 0 MB stacks, 0 MB globals, 16 P
gc 1742 @7.262s 5%: 0.11+0.71+0.11 ms clock, 1.8+0.50/1.1/0+1.8 ms cpu, 4->5->2 MB, 5 MB goal, 0 MB stacks, 0 MB globals, 16 P
gc 1743 @7.263s 5%: 0.13+0.66+0.22 ms clock, 2.1+0.66/0.96/0.001+3.5 ms cpu, 4->4->2 MB, 4 MB goal, 0 MB stacks, 0 MB globals, 16 P
gc 1744 @7.265s 5%: 0.12+0.66+0.094 ms clock, 2.0+0.62/1.1/0.011+1.5 ms cpu, 4->5->2 MB, 5 MB goal, 0 MB stacks, 0 MB globals, 16 P
gc 1745 @7.267s 5%: 0.084+0.74+0.080 ms clock, 1.3+0.73/1.0/0+1.2 ms cpu, 4->5->2 MB, 4 MB goal, 0 MB stacks, 0 MB globals, 16 P
gc 1746 @7.269s 5%: 0.12+0.62+0.12 ms clock, 1.9+0.63/0.76/0.096+1.9 ms cpu, 4->4->2 MB, 4 MB goal, 0 MB stacks, 0 MB globals, 16 P
gc 1747 @7.270s 5%: 0.19+0.77+0.10 ms clock, 3.0+0.61/1.0/0.004+1.6 ms cpu, 3->4->2 MB, 4 MB goal, 0 MB stacks, 0 MB globals, 16 P
gc 1748 @7.273s 5%: 0.14+0.65+0.17 ms clock, 2.2+0.81/0.97/0.001+2.7 ms cpu, 4->5->2 MB, 5 MB goal, 0 MB stacks, 0 MB globals, 16 P
gc 1749 @7.274s 5%: 0.20+0.65+0.16 ms clock, 3.2+0.74/0.96/0.032+2.5 ms cpu, 4->5->2 MB, 4 MB goal, 0 MB stacks, 0 MB globals, 16 P
gc 1750 @7.276s 5%: 0.11+0.67+0.090 ms clock, 1.8+0.57/0.99/0+1.4 ms cpu, 4->4->2 MB, 5 MB goal, 0 MB stacks, 0 MB globals, 16 P
gc 1751 @7.278s 5%: 0.15+0.65+0.093 ms clock, 2.4+0.56/1.0/0.004+1.5 ms cpu, 3->4->2 MB, 4 MB goal, 0 MB stacks, 0 MB globals, 16 P
gc 1752 @7.280s 5%: 0.14+0.55+0.16 ms clock, 2.3+0.54/1.0/0.002+2.6 ms cpu, 4->5->2 MB, 4 MB goal, 0 MB stacks, 0 MB globals, 16 P
gc 1753 @7.281s 5%: 0.11+0.49+0.19 ms clock, 1.9+0.83/0.82/0+3.1 ms cpu, 4->4->2 MB, 4 MB goal, 0 MB stacks, 0 MB globals, 16 P
gc 1754 @7.283s 5%: 0.14+0.61+0.10 ms clock, 2.3+0.66/0.97/0+1.7 ms cpu, 3->4->2 MB, 4 MB goal, 0 MB stacks, 0 MB globals, 16 P
gc 1755 @7.285s 5%: 0.14+1.0+0.10 ms clock, 2.3+0.53/0.96/0.13+1.6 ms cpu, 4->5->2 MB, 5 MB goal, 0 MB stacks, 0 MB globals, 16 P
gc 1756 @7.287s 5%: 0.14+0.73+0.091 ms clock, 2.3+0.68/0.85/0+1.4 ms cpu, 4->5->2 MB, 5 MB goal, 0 MB stacks, 0 MB globals, 16 P
gc 1757 @7.289s 5%: 0.12+0.66+0.18 ms clock, 2.0+0.74/1.1/0+2.9 ms cpu, 4->5->2 MB, 5 MB goal, 0 MB stacks, 0 MB globals, 16 P
gc 1758 @7.291s 5%: 0.13+0.49+0.12 ms clock, 2.1+0.64/0.94/0+2.0 ms cpu, 4->5->2 MB, 5 MB goal, 0 MB stacks, 0 MB globals, 16 P
gc 1759 @7.293s 5%: 0.12+0.59+0.095 ms clock, 2.0+0.41/0.97/0+1.5 ms cpu, 3->4->2 MB, 4 MB goal, 0 MB stacks, 0 MB globals, 16 P
gc 1760 @7.295s 5%: 0.12+0.57+0.13 ms clock, 1.9+0.54/0.94/0.003+2.2 ms cpu, 3->4->2 MB, 4 MB goal, 0 MB stacks, 0 MB globals, 16 P
gc 1761 @7.296s 5%: 0.16+0.93+0.066 ms clock, 2.6+0.56/1.1/0.013+1.0 ms cpu, 4->5->2 MB, 4 MB goal, 0 MB stacks, 0 MB globals, 16 P
gc 1762 @7.299s 5%: 0.15+0.75+0.13 ms clock, 2.5+0.93/0.95/0+2.1 ms cpu, 4->5->2 MB, 5 MB goal, 0 MB stacks, 0 MB globals, 16 P
gc 1763 @7.301s 5%: 0.11+0.44+0.10 ms clock, 1.8+0.76/0.80/0+1.7 ms cpu, 4->5->2 MB, 5 MB goal, 0 MB stacks, 0 MB globals, 16 P
gc 1764 @7.302s 5%: 0.12+0.63+0.21 ms clock, 1.9+0.85/0.83/0.004+3.3 ms cpu, 3->4->2 MB, 4 MB goal, 0 MB stacks, 0 MB globals, 16 P
gc 1765 @7.304s 5%: 0.14+0.64+0.14 ms clock, 2.3+0.55/0.90/0+2.2 ms cpu, 4->4->2 MB, 4 MB goal, 0 MB stacks, 0 MB globals, 16 P
gc 1766 @7.306s 5%: 0.14+0.76+0.091 ms clock, 2.2+0.61/1.0/0+1.4 ms cpu, 4->4->2 MB, 4 MB goal, 0 MB stacks, 0 MB globals, 16 P
gc 1767 @7.308s 5%: 0.13+0.74+0.053 ms clock, 2.1+0.70/0.93/0+0.84 ms cpu, 4->5->2 MB, 5 MB goal, 0 MB stacks, 0 MB globals, 16 P
gc 1768 @7.309s 5%: 0.11+0.51+0.18 ms clock, 1.8+0.65/0.98/0.002+2.9 ms cpu, 4->4->2 MB, 4 MB goal, 0 MB stacks, 0 MB globals, 16 P
gc 1769 @7.311s 5%: 0.098+0.56+0.10 ms clock, 1.5+0.67/0.95/0+1.6 ms cpu, 3->4->2 MB, 4 MB goal, 0 MB stacks, 0 MB globals, 16 P
gc 1770 @7.313s 5%: 0.11+0.53+0.11 ms clock, 1.7+0.64/0.93/0+1.8 ms cpu, 3->4->2 MB, 4 MB goal, 0 MB stacks, 0 MB globals, 16 P
gc 1771 @7.314s 5%: 0.15+0.61+0.12 ms clock, 2.4+0.95/0.85/0+2.0 ms cpu, 3->4->2 MB, 4 MB goal, 0 MB stacks, 0 MB globals, 16 P
gc 1772 @7.316s 5%: 0.11+0.65+0.086 ms clock, 1.8+0.64/0.91/0+1.3 ms cpu, 4->4->2 MB, 5 MB goal, 0 MB stacks, 0 MB globals, 16 P
gc 1773 @7.318s 6%: 0.11+0.71+0.14 ms clock, 1.8+0.55/1.0/0+2.2 ms cpu, 4->4->2 MB, 4 MB goal, 0 MB stacks, 0 MB globals, 16 P
gc 1774 @7.320s 6%: 0.10+0.86+0.075 ms clock, 1.7+0.53/0.91/0+1.2 ms cpu, 4->5->2 MB, 5 MB goal, 0 MB stacks, 0 MB globals, 16 P
gc 1775 @7.322s 6%: 0.13+0.43+0.13 ms clock, 2.1+0.65/0.83/0+2.1 ms cpu, 4->4->2 MB, 5 MB goal, 0 MB stacks, 0 MB globals, 16 P
gc 1776 @7.323s 6%: 0.22+0.60+0.19 ms clock, 3.5+0.73/0.97/0+3.1 ms cpu, 3->4->2 MB, 4 MB goal, 0 MB stacks, 0 MB globals, 16 P
gc 1777 @7.325s 6%: 0.098+0.54+0.20 ms clock, 1.5+0.58/0.87/0.005+3.3 ms cpu, 4->5->2 MB, 5 MB goal, 0 MB stacks, 0 MB globals, 16 P
gc 1778 @7.327s 6%: 0.11+0.56+0.15 ms clock, 1.8+0.76/0.94/0+2.4 ms cpu, 3->4->2 MB, 4 MB goal, 0 MB stacks, 0 MB globals, 16 P
gc 1779 @7.329s 6%: 0.19+0.67+0.14 ms clock, 3.0+0.80/0.99/0+2.2 ms cpu, 4->5->2 MB, 4 MB goal, 0 MB stacks, 0 MB globals, 16 P
gc 1780 @7.331s 6%: 0.12+0.52+0.14 ms clock, 1.9+0.48/0.94/0+2.3 ms cpu, 4->5->2 MB, 5 MB goal, 0 MB stacks, 0 MB globals, 16 P
gc 1781 @7.332s 6%: 0.11+0.61+0.13 ms clock, 1.8+0.61/0.87/0+2.2 ms cpu, 3->4->2 MB, 4 MB goal, 0 MB stacks, 0 MB globals, 16 P
gc 1782 @7.334s 6%: 0.19+0.67+0.18 ms clock, 3.0+0.84/0.90/0+2.9 ms cpu, 4->4->2 MB, 4 MB goal, 0 MB stacks, 0 MB globals, 16 P
gc 1783 @7.336s 6%: 0.13+0.69+0.081 ms clock, 2.0+0.73/0.85/0+1.3 ms cpu, 4->5->2 MB, 5 MB goal, 0 MB stacks, 0 MB globals, 16 P
gc 1784 @7.338s 6%: 0.16+0.98+0.037 ms clock, 2.6+0.67/0.94/0+0.60 ms cpu, 4->5->2 MB, 4 MB goal, 0 MB stacks, 0 MB globals, 16 P
gc 1785 @7.340s 6%: 0.18+0.51+0.16 ms clock, 2.9+0.62/1.0/0+2.6 ms cpu, 4->5->2 MB, 5 MB goal, 0 MB stacks, 0 MB globals, 16 P
gc 1786 @7.342s 6%: 0.13+0.58+0.15 ms clock, 2.1+0.55/0.97/0+2.5 ms cpu, 3->4->2 MB, 4 MB goal, 0 MB stacks, 0 MB globals, 16 P
gc 1787 @7.343s 6%: 0.10+0.48+0.13 ms clock, 1.6+0.69/0.78/0+2.0 ms cpu, 3->4->2 MB, 4 MB goal, 0 MB stacks, 0 MB globals, 16 P
gc 1788 @7.345s 6%: 0.12+0.68+0.092 ms clock, 2.0+0.57/0.94/0.057+1.4 ms cpu, 3->4->2 MB, 4 MB goal, 0 MB stacks, 0 MB globals, 16 P
gc 1789 @7.347s 6%: 0.12+0.80+0.097 ms clock, 2.0+0.56/1.1/0.088+1.5 ms cpu, 4->5->2 MB, 4 MB goal, 0 MB stacks, 0 MB globals, 16 P
gc 1790 @7.349s 6%: 0.12+0.75+0.082 ms clock, 2.0+0.65/0.99/0+1.3 ms cpu, 4->5->2 MB, 5 MB goal, 0 MB stacks, 0 MB globals, 16 P
gc 1791 @7.351s 6%: 0.15+0.73+0.090 ms clock, 2.5+0.61/1.0/0+1.4 ms cpu, 4->4->2 MB, 4 MB goal, 0 MB stacks, 0 MB globals, 16 P
gc 1792 @7.352s 6%: 0.11+0.52+0.20 ms clock, 1.9+0.61/0.95/0+3.3 ms cpu, 4->4->2 MB, 4 MB goal, 0 MB stacks, 0 MB globals, 16 P
gc 1793 @7.354s 6%: 0.11+0.74+0.072 ms clock, 1.8+0.55/1.0/0+1.1 ms cpu, 3->4->2 MB, 4 MB goal, 0 MB stacks, 0 MB globals, 16 P
gc 1794 @7.356s 6%: 0.13+0.51+0.11 ms clock, 2.2+0.63/0.89/0+1.7 ms cpu, 4->4->2 MB, 4 MB goal, 0 MB stacks, 0 MB globals, 16 P
gc 1795 @7.357s 6%: 0.15+0.75+0.14 ms clock, 2.4+0.71/0.86/0+2.3 ms cpu, 3->4->2 MB, 4 MB goal, 0 MB stacks, 0 MB globals, 16 P
gc 1796 @7.359s 6%: 0.13+0.60+0.099 ms clock, 2.1+0.70/1.0/0.081+1.5 ms cpu, 4->5->2 MB, 5 MB goal, 0 MB stacks, 0 MB globals, 16 P
gc 1797 @7.361s 6%: 0.14+0.45+0.11 ms clock, 2.3+0.63/0.82/0.012+1.7 ms cpu, 4->4->2 MB, 4 MB goal, 0 MB stacks, 0 MB globals, 16 P
gc 1798 @7.363s 6%: 0.10+0.75+0.064 ms clock, 1.6+0.57/0.96/0.030+1.0 ms cpu, 3->4->2 MB, 4 MB goal, 0 MB stacks, 0 MB globals, 16 P
gc 1799 @7.364s 6%: 0.12+0.69+0.13 ms clock, 2.0+0.71/0.91/0+2.1 ms cpu, 4->4->2 MB, 4 MB goal, 0 MB stacks, 0 MB globals, 16 P
gc 1800 @7.366s 6%: 0.28+0.48+0.16 ms clock, 4.5+0.77/0.74/0+2.7 ms cpu, 4->4->2 MB, 4 MB goal, 0 MB stacks, 0 MB globals, 16 P
gc 1801 @7.368s 6%: 0.18+0.47+0.13 ms clock, 2.9+0.74/0.85/0.003+2.1 ms cpu, 3->4->2 MB, 4 MB goal, 0 MB stacks, 0 MB globals, 16 P
gc 1802 @7.369s 6%: 0.17+0.78+0.072 ms clock, 2.7+0.57/1.0/0+1.1 ms cpu, 3->4->2 MB, 4 MB goal, 0 MB stacks, 0 MB globals, 16 P
gc 1803 @7.372s 6%: 0.098+0.65+0.096 ms clock, 1.5+0.56/1.0/0.044+1.5 ms cpu, 4->5->2 MB, 5 MB goal, 0 MB stacks, 0 MB globals, 16 P
gc 1804 @7.373s 6%: 0.12+0.67+0.098 ms clock, 1.9+0.89/0.78/0.049+1.5 ms cpu, 4->4->2 MB, 4 MB goal, 0 MB stacks, 0 MB globals, 16 P
gc 1805 @7.375s 6%: 0.22+0.90+0.10 ms clock, 3.6+0.83/0.87/0+1.6 ms cpu, 4->5->2 MB, 4 MB goal, 0 MB stacks, 0 MB globals, 16 P
gc 1806 @7.378s 6%: 0.16+0.66+0.094 ms clock, 2.5+0.58/0.96/0+1.5 ms cpu, 4->5->2 MB, 5 MB goal, 0 MB stacks, 0 MB globals, 16 P
gc 1807 @7.380s 6%: 0.12+0.68+0.13 ms clock, 2.0+0.90/0.86/0+2.1 ms cpu, 4->5->2 MB, 5 MB goal, 0 MB stacks, 0 MB globals, 16 P
gc 1808 @7.381s 6%: 0.19+0.65+0.11 ms clock, 3.1+0.73/0.88/0+1.8 ms cpu, 4->4->2 MB, 4 MB goal, 0 MB stacks, 0 MB globals, 16 P
gc 1809 @7.383s 6%: 0.11+0.61+0.12 ms clock, 1.8+0.65/0.99/0+2.0 ms cpu, 4->4->2 MB, 4 MB goal, 0 MB stacks, 0 MB globals, 16 P
gc 1810 @7.385s 6%: 0.11+0.66+0.063 ms clock, 1.8+0.52/0.93/0.014+1.0 ms cpu, 3->4->2 MB, 4 MB goal, 0 MB stacks, 0 MB globals, 16 P
gc 1811 @7.386s 6%: 0.13+0.57+0.097 ms clock, 2.1+0.63/0.95/0+1.5 ms cpu, 3->4->2 MB, 4 MB goal, 0 MB stacks, 0 MB globals, 16 P
gc 1812 @7.388s 6%: 0.15+0.47+0.19 ms clock, 2.4+0.76/0.77/0+3.1 ms cpu, 4->4->2 MB, 4 MB goal, 0 MB stacks, 0 MB globals, 16 P
gc 1813 @7.390s 6%: 0.22+0.49+0.12 ms clock, 3.5+0.75/0.88/0+1.9 ms cpu, 3->4->2 MB, 4 MB goal, 0 MB stacks, 0 MB globals, 16 P
gc 1814 @7.391s 6%: 0.092+0.53+0.17 ms clock, 1.4+0.52/0.90/0+2.8 ms cpu, 3->4->1 MB, 4 MB goal, 0 MB stacks, 0 MB globals, 16 P
gc 1815 @7.393s 6%: 0.14+0.67+0.18 ms clock, 2.3+0.53/1.0/0+2.9 ms cpu, 3->4->2 MB, 4 MB goal, 0 MB stacks, 0 MB globals, 16 P
gc 1816 @7.395s 6%: 0.10+0.59+0.13 ms clock, 1.6+0.82/0.80/0.096+2.1 ms cpu, 4->5->2 MB, 5 MB goal, 0 MB stacks, 0 MB globals, 16 P
gc 1817 @7.396s 6%: 0.16+0.74+0.087 ms clock, 2.7+0.41/1.0/0+1.3 ms cpu, 3->4->2 MB, 4 MB goal, 0 MB stacks, 0 MB globals, 16 P
gc 1818 @7.398s 6%: 0.093+0.54+0.19 ms clock, 1.5+0.62/0.97/0.006+3.1 ms cpu, 4->4->2 MB, 4 MB goal, 0 MB stacks, 0 MB globals, 16 P
gc 1819 @7.400s 6%: 0.14+0.69+0.14 ms clock, 2.3+0.59/0.97/0.001+2.3 ms cpu, 3->4->2 MB, 4 MB goal, 0 MB stacks, 0 MB globals, 16 P
gc 1820 @7.402s 6%: 0.17+0.73+0.12 ms clock, 2.8+0.76/1.0/0.082+1.9 ms cpu, 4->5->2 MB, 5 MB goal, 0 MB stacks, 0 MB globals, 16 P
gc 1821 @7.404s 6%: 0.16+0.66+0.18 ms clock, 2.5+0.84/0.74/0+2.9 ms cpu, 4->5->2 MB, 5 MB goal, 0 MB stacks, 0 MB globals, 16 P
gc 1822 @7.405s 6%: 0.11+0.62+0.10 ms clock, 1.7+0.61/0.98/0.004+1.7 ms cpu, 4->4->2 MB, 4 MB goal, 0 MB stacks, 0 MB globals, 16 P
gc 1823 @7.407s 6%: 0.11+0.59+0.11 ms clock, 1.8+0.57/0.95/0.006+1.7 ms cpu, 4->5->2 MB, 4 MB goal, 0 MB stacks, 0 MB globals, 16 P
gc 1824 @7.409s 6%: 0.10+0.56+0.13 ms clock, 1.6+0.58/0.96/0.023+2.1 ms cpu, 3->4->2 MB, 4 MB goal, 0 MB stacks, 0 MB globals, 16 P
gc 1825 @7.411s 6%: 0.10+0.64+0.15 ms clock, 1.7+0.50/0.99/0+2.5 ms cpu, 4->4->2 MB, 4 MB goal, 0 MB stacks, 0 MB globals, 16 P
gc 1826 @7.412s 6%: 0.11+0.67+0.10 ms clock, 1.7+0.52/1.0/0+1.7 ms cpu, 4->4->2 MB, 4 MB goal, 0 MB stacks, 0 MB globals, 16 P
gc 1827 @7.414s 6%: 0.14+0.61+0.12 ms clock, 2.3+0.42/1.0/0+1.9 ms cpu, 4->5->2 MB, 4 MB goal, 0 MB stacks, 0 MB globals, 16 P
gc 1828 @7.416s 6%: 0.17+0.51+0.10 ms clock, 2.8+0.61/0.89/0+1.7 ms cpu, 4->4->2 MB, 4 MB goal, 0 MB stacks, 0 MB globals, 16 P
gc 1829 @7.418s 6%: 0.14+0.58+0.10 ms clock, 2.2+0.61/0.86/0+1.6 ms cpu, 3->4->2 MB, 4 MB goal, 0 MB stacks, 0 MB globals, 16 P
gc 1830 @7.419s 6%: 0.21+0.74+0.092 ms clock, 3.3+0.77/0.87/0+1.4 ms cpu, 4->5->2 MB, 4 MB goal, 0 MB stacks, 0 MB globals, 16 P
gc 1831 @7.422s 6%: 0.10+0.68+0.085 ms clock, 1.6+0.68/1.0/0+1.3 ms cpu, 4->5->2 MB, 5 MB goal, 0 MB stacks, 0 MB globals, 16 P
gc 1832 @7.423s 6%: 0.11+0.63+0.14 ms clock, 1.7+0.54/0.87/0.005+2.2 ms cpu, 4->4->2 MB, 4 MB goal, 0 MB stacks, 0 MB globals, 16 P
gc 1833 @7.425s 6%: 0.10+0.54+0.17 ms clock, 1.7+0.69/0.92/0.006+2.8 ms cpu, 4->4->2 MB, 4 MB goal, 0 MB stacks, 0 MB globals, 16 P
gc 1834 @7.427s 6%: 0.12+0.65+0.099 ms clock, 1.9+0.65/0.91/0+1.5 ms cpu, 3->4->2 MB, 4 MB goal, 0 MB stacks, 0 MB globals, 16 P
gc 1835 @7.428s 6%: 0.16+0.67+0.12 ms clock, 2.5+0.44/0.91/0+2.0 ms cpu, 4->4->2 MB, 4 MB goal, 0 MB stacks, 0 MB globals, 16 P
gc 1836 @7.430s 6%: 0.15+0.58+0.16 ms clock, 2.4+0.77/1.0/0.006+2.5 ms cpu, 4->4->2 MB, 4 MB goal, 0 MB stacks, 0 MB globals, 16 P
gc 1837 @7.432s 6%: 0.14+0.53+0.11 ms clock, 2.2+0.70/0.87/0+1.9 ms cpu, 4->4->2 MB, 4 MB goal, 0 MB stacks, 0 MB globals, 16 P
gc 1838 @7.433s 6%: 0.12+0.61+0.097 ms clock, 2.0+0.82/0.99/0.042+1.5 ms cpu, 4->4->2 MB, 4 MB goal, 0 MB stacks, 0 MB globals, 16 P
gc 1839 @7.435s 6%: 0.15+0.60+0.12 ms clock, 2.5+0.68/0.85/0+1.9 ms cpu, 4->5->2 MB, 4 MB goal, 0 MB stacks, 0 MB globals, 16 P
gc 1840 @7.437s 6%: 0.099+0.64+0.15 ms clock, 1.5+0.60/0.90/0.006+2.5 ms cpu, 4->5->2 MB, 5 MB goal, 0 MB stacks, 0 MB globals, 16 P
gc 1841 @7.439s 6%: 0.18+0.59+0.097 ms clock, 2.9+0.72/1.0/0+1.5 ms cpu, 4->4->2 MB, 4 MB goal, 0 MB stacks, 0 MB globals, 16 P
gc 1842 @7.441s 6%: 0.10+0.62+0.11 ms clock, 1.7+0.59/1.0/0+1.8 ms cpu, 4->4->2 MB, 4 MB goal, 0 MB stacks, 0 MB globals, 16 P
gc 1843 @7.443s 6%: 0.16+0.67+0.10 ms clock, 2.5+0.53/1.0/0.003+1.6 ms cpu, 4->5->2 MB, 4 MB goal, 0 MB stacks, 0 MB globals, 16 P
gc 1844 @7.444s 6%: 0.11+0.73+0.15 ms clock, 1.8+0.76/0.81/0+2.5 ms cpu, 4->5->2 MB, 5 MB goal, 0 MB stacks, 0 MB globals, 16 P
gc 1845 @7.446s 6%: 0.10+0.75+0.087 ms clock, 1.6+0.45/0.97/0+1.4 ms cpu, 4->4->2 MB, 5 MB goal, 0 MB stacks, 0 MB globals, 16 P
gc 1846 @7.448s 6%: 0.10+0.79+0.11 ms clock, 1.6+0.53/1.0/0+1.8 ms cpu, 4->4->2 MB, 4 MB goal, 0 MB stacks, 0 MB globals, 16 P
gc 1847 @7.450s 6%: 0.12+0.63+0.15 ms clock, 2.0+0.61/0.91/0.003+2.4 ms cpu, 4->5->2 MB, 5 MB goal, 0 MB stacks, 0 MB globals, 16 P
gc 1848 @7.452s 6%: 0.18+0.79+0.095 ms clock, 2.9+0.81/0.98/0+1.5 ms cpu, 4->5->2 MB, 4 MB goal, 0 MB stacks, 0 MB globals, 16 P
gc 1849 @7.454s 6%: 0.13+0.72+0.16 ms clock, 2.1+0.60/1.0/0.020+2.7 ms cpu, 4->5->2 MB, 5 MB goal, 0 MB stacks, 0 MB globals, 16 P
gc 1850 @7.456s 6%: 0.12+0.51+0.096 ms clock, 1.9+0.69/0.87/0+1.5 ms cpu, 4->4->2 MB, 4 MB goal, 0 MB stacks, 0 MB globals, 16 P
gc 1851 @7.457s 6%: 0.12+0.67+0.13 ms clock, 2.0+0.86/0.77/0+2.1 ms cpu, 3->4->2 MB, 4 MB goal, 0 MB stacks, 0 MB globals, 16 P
gc 1852 @7.459s 6%: 0.11+0.62+0.057 ms clock, 1.7+0.76/0.90/0.004+0.91 ms cpu, 4->4->2 MB, 4 MB goal, 0 MB stacks, 0 MB globals, 16 P
gc 1853 @7.461s 6%: 0.13+0.98+0.063 ms clock, 2.1+0.72/0.90/0+1.0 ms cpu, 3->5->2 MB, 4 MB goal, 0 MB stacks, 0 MB globals, 16 P
gc 1854 @7.463s 6%: 0.11+0.67+0.14 ms clock, 1.8+0.68/1.0/0+2.3 ms cpu, 4->5->2 MB, 5 MB goal, 0 MB stacks, 0 MB globals, 16 P
gc 1855 @7.465s 6%: 0.11+0.68+0.23 ms clock, 1.8+0.54/0.88/0+3.8 ms cpu, 4->5->2 MB, 4 MB goal, 0 MB stacks, 0 MB globals, 16 P
gc 1856 @7.467s 6%: 0.11+0.85+0.11 ms clock, 1.8+0.59/0.93/0+1.8 ms cpu, 4->5->2 MB, 5 MB goal, 0 MB stacks, 0 MB globals, 16 P
gc 1857 @7.469s 6%: 0.13+0.64+0.19 ms clock, 2.1+0.53/0.86/0.087+3.0 ms cpu, 4->5->2 MB, 5 MB goal, 0 MB stacks, 0 MB globals, 16 P
gc 1858 @7.471s 6%: 0.19+0.64+0.13 ms clock, 3.1+0.73/0.82/0+2.1 ms cpu, 4->4->2 MB, 4 MB goal, 0 MB stacks, 0 MB globals, 16 P
gc 1859 @7.473s 6%: 0.14+0.69+0.16 ms clock, 2.3+0.77/0.97/0.007+2.6 ms cpu, 4->5->2 MB, 5 MB goal, 0 MB stacks, 0 MB globals, 16 P
gc 1860 @7.475s 6%: 0.16+0.54+0.17 ms clock, 2.6+0.80/0.98/0+2.7 ms cpu, 4->5->2 MB, 5 MB goal, 0 MB stacks, 0 MB globals, 16 P
gc 1861 @7.477s 6%: 0.11+0.52+0.21 ms clock, 1.7+0.54/0.90/0.053+3.4 ms cpu, 4->4->1 MB, 4 MB goal, 0 MB stacks, 0 MB globals, 16 P
gc 1862 @7.478s 6%: 0.16+0.76+0.10 ms clock, 2.6+0.76/1.0/0+1.6 ms cpu, 3->4->2 MB, 4 MB goal, 0 MB stacks, 0 MB globals, 16 P
gc 1863 @7.480s 6%: 0.18+0.75+0.11 ms clock, 2.9+0.86/0.86/0+1.8 ms cpu, 4->5->2 MB, 5 MB goal, 0 MB stacks, 0 MB globals, 16 P
gc 1864 @7.482s 6%: 0.20+0.54+0.13 ms clock, 3.2+0.67/0.87/0+2.2 ms cpu, 4->4->2 MB, 4 MB goal, 0 MB stacks, 0 MB globals, 16 P
gc 1865 @7.484s 6%: 0.13+0.57+0.14 ms clock, 2.1+0.80/0.97/0.009+2.2 ms cpu, 3->4->2 MB, 4 MB goal, 0 MB stacks, 0 MB globals, 16 P
gc 1866 @7.485s 6%: 0.11+0.62+0.19 ms clock, 1.8+0.65/0.89/0+3.1 ms cpu, 4->4->2 MB, 4 MB goal, 0 MB stacks, 0 MB globals, 16 P
gc 1867 @7.487s 6%: 0.11+0.75+0.044 ms clock, 1.8+0.59/0.97/0+0.71 ms cpu, 3->4->2 MB, 4 MB goal, 0 MB stacks, 0 MB globals, 16 P
gc 1868 @7.489s 6%: 0.14+0.54+0.10 ms clock, 2.3+0.41/0.87/0.13+1.6 ms cpu, 4->4->1 MB, 4 MB goal, 0 MB stacks, 0 MB globals, 16 P
gc 1869 @7.490s 6%: 0.15+0.50+0.16 ms clock, 2.5+0.72/0.90/0+2.6 ms cpu, 3->4->2 MB, 4 MB goal, 0 MB stacks, 0 MB globals, 16 P
gc 1870 @7.492s 6%: 0.18+0.53+0.10 ms clock, 2.9+0.76/0.84/0+1.6 ms cpu, 4->4->2 MB, 4 MB goal, 0 MB stacks, 0 MB globals, 16 P
gc 1871 @7.494s 6%: 0.13+0.64+0.11 ms clock, 2.2+0.72/0.97/0+1.9 ms cpu, 4->5->2 MB, 4 MB goal, 0 MB stacks, 0 MB globals, 16 P
gc 1872 @7.495s 6%: 0.10+0.58+0.11 ms clock, 1.7+0.62/1.0/0.001+1.8 ms cpu, 4->5->2 MB, 5 MB goal, 0 MB stacks, 0 MB globals, 16 P
gc 1873 @7.497s 6%: 0.10+0.62+0.15 ms clock, 1.7+0.69/0.88/0+2.4 ms cpu, 4->4->2 MB, 4 MB goal, 0 MB stacks, 0 MB globals, 16 P
gc 1874 @7.499s 6%: 0.17+0.57+0.084 ms clock, 2.7+0.58/0.93/0+1.3 ms cpu, 4->4->2 MB, 4 MB goal, 0 MB stacks, 0 MB globals, 16 P
gc 1875 @7.500s 6%: 0.084+0.65+0.10 ms clock, 1.3+0.56/0.89/0.032+1.7 ms cpu, 3->4->2 MB, 4 MB goal, 0 MB stacks, 0 MB globals, 16 P
gc 1876 @7.502s 6%: 0.13+0.53+0.12 ms clock, 2.1+0.59/0.80/0.038+2.0 ms cpu, 4->4->2 MB, 4 MB goal, 0 MB stacks, 0 MB globals, 16 P
gc 1877 @7.504s 6%: 0.14+0.72+0.11 ms clock, 2.3+0.53/1.0/0.002+1.8 ms cpu, 3->4->2 MB, 4 MB goal, 0 MB stacks, 0 MB globals, 16 P
gc 1878 @7.506s 6%: 0.13+0.63+0.13 ms clock, 2.2+0.79/1.0/0+2.1 ms cpu, 4->5->2 MB, 5 MB goal, 0 MB stacks, 0 MB globals, 16 P
gc 1879 @7.508s 6%: 0.12+0.54+0.16 ms clock, 1.9+0.72/0.92/0+2.6 ms cpu, 4->5->2 MB, 5 MB goal, 0 MB stacks, 0 MB globals, 16 P
gc 1880 @7.509s 6%: 0.12+0.56+0.15 ms clock, 2.0+0.61/0.90/0+2.5 ms cpu, 4->4->2 MB, 4 MB goal, 0 MB stacks, 0 MB globals, 16 P
gc 1881 @7.511s 6%: 0.23+0.57+0.20 ms clock, 3.7+0.60/0.95/0.002+3.2 ms cpu, 4->4->2 MB, 4 MB goal, 0 MB stacks, 0 MB globals, 16 P
gc 1882 @7.513s 6%: 0.12+0.68+0.10 ms clock, 2.0+0.68/0.90/0.043+1.7 ms cpu, 4->4->2 MB, 5 MB goal, 0 MB stacks, 0 MB globals, 16 P
gc 1883 @7.515s 6%: 0.11+0.87+0.050 ms clock, 1.8+0.52/1.1/0+0.80 ms cpu, 4->5->2 MB, 4 MB goal, 0 MB stacks, 0 MB globals, 16 P
gc 1884 @7.517s 6%: 0.11+0.68+0.10 ms clock, 1.8+0.59/0.97/0+1.6 ms cpu, 4->5->2 MB, 5 MB goal, 0 MB stacks, 0 MB globals, 16 P
gc 1885 @7.519s 6%: 0.11+0.70+0.13 ms clock, 1.7+0.67/1.0/0.050+2.1 ms cpu, 4->5->2 MB, 4 MB goal, 0 MB stacks, 0 MB globals, 16 P
gc 1886 @7.521s 6%: 0.11+0.74+0.17 ms clock, 1.8+0.64/0.94/0+2.8 ms cpu, 4->5->2 MB, 5 MB goal, 0 MB stacks, 0 MB globals, 16 P
gc 1887 @7.523s 6%: 0.14+0.66+0.060 ms clock, 2.2+0.54/1.0/0+0.96 ms cpu, 4->5->2 MB, 4 MB goal, 0 MB stacks, 0 MB globals, 16 P
gc 1888 @7.524s 6%: 0.11+0.66+0.065 ms clock, 1.8+0.64/1.0/0+1.0 ms cpu, 4->4->2 MB, 4 MB goal, 0 MB stacks, 0 MB globals, 16 P
gc 1889 @7.526s 6%: 0.15+0.56+0.10 ms clock, 2.4+0.70/0.97/0.016+1.6 ms cpu, 4->4->2 MB, 4 MB goal, 0 MB stacks, 0 MB globals, 16 P
gc 1890 @7.528s 6%: 0.098+0.67+0.10 ms clock, 1.5+0.52/1.0/0+1.6 ms cpu, 4->4->2 MB, 4 MB goal, 0 MB stacks, 0 MB globals, 16 P
gc 1891 @7.530s 6%: 0.10+0.64+0.10 ms clock, 1.6+0.53/0.91/0.001+1.7 ms cpu, 4->4->2 MB, 4 MB goal, 0 MB stacks, 0 MB globals, 16 P
gc 1892 @7.532s 6%: 0.14+0.51+0.10 ms clock, 2.3+0.48/0.98/0+1.7 ms cpu, 4->4->2 MB, 4 MB goal, 0 MB stacks, 0 MB globals, 16 P
gc 1893 @7.533s 6%: 0.11+0.63+0.10 ms clock, 1.8+0.68/0.93/0.008+1.7 ms cpu, 3->4->2 MB, 4 MB goal, 0 MB stacks, 0 MB globals, 16 P
gc 1894 @7.535s 6%: 0.11+0.70+0.075 ms clock, 1.8+0.64/1.1/0+1.2 ms cpu, 3->4->2 MB, 4 MB goal, 0 MB stacks, 0 MB globals, 16 P
gc 1895 @7.537s 6%: 0.12+0.68+0.10 ms clock, 2.0+0.74/0.95/0+1.6 ms cpu, 4->5->2 MB, 5 MB goal, 0 MB stacks, 0 MB globals, 16 P
gc 1896 @7.539s 6%: 0.10+0.67+0.17 ms clock, 1.6+0.70/0.82/0.002+2.8 ms cpu, 4->4->2 MB, 4 MB goal, 0 MB stacks, 0 MB globals, 16 P
gc 1897 @7.541s 6%: 0.14+0.70+0.10 ms clock, 2.3+0.65/0.93/0+1.6 ms cpu, 4->5->2 MB, 5 MB goal, 0 MB stacks, 0 MB globals, 16 P
gc 1898 @7.543s 6%: 0.099+0.51+0.14 ms clock, 1.5+0.72/0.76/0+2.2 ms cpu, 4->5->2 MB, 5 MB goal, 0 MB stacks, 0 MB globals, 16 P
gc 1899 @7.544s 6%: 0.13+0.51+0.12 ms clock, 2.0+0.61/0.95/0+1.9 ms cpu, 3->4->2 MB, 4 MB goal, 0 MB stacks, 0 MB globals, 16 P
gc 1900 @7.546s 6%: 0.10+0.64+0.10 ms clock, 1.7+0.64/0.93/0+1.6 ms cpu, 3->4->2 MB, 4 MB goal, 0 MB stacks, 0 MB globals, 16 P
gc 1901 @7.547s 6%: 0.11+0.61+0.18 ms clock, 1.8+0.69/1.0/0+2.8 ms cpu, 3->4->2 MB, 4 MB goal, 0 MB stacks, 0 MB globals, 16 P
gc 1902 @7.549s 6%: 0.13+0.76+0.10 ms clock, 2.2+0.63/0.97/0+1.6 ms cpu, 4->5->2 MB, 4 MB goal, 0 MB stacks, 0 MB globals, 16 P
gc 1903 @7.551s 6%: 0.15+0.61+0.17 ms clock, 2.4+0.76/0.83/0.008+2.7 ms cpu, 4->4->2 MB, 5 MB goal, 0 MB stacks, 0 MB globals, 16 P
gc 1904 @7.553s 6%: 0.19+0.61+0.11 ms clock, 3.1+0.53/0.91/0+1.8 ms cpu, 4->4->2 MB, 4 MB goal, 0 MB stacks, 0 MB globals, 16 P
gc 1905 @7.555s 6%: 0.11+0.72+0.099 ms clock, 1.8+0.68/0.92/0.062+1.5 ms cpu, 4->5->2 MB, 4 MB goal, 0 MB stacks, 0 MB globals, 16 P
gc 1906 @7.556s 6%: 0.14+0.58+0.17 ms clock, 2.3+0.60/0.89/0+2.8 ms cpu, 4->4->2 MB, 5 MB goal, 0 MB stacks, 0 MB globals, 16 P
gc 1907 @7.558s 6%: 0.14+0.70+0.21 ms clock, 2.3+0.74/0.92/0+3.4 ms cpu, 3->4->2 MB, 4 MB goal, 0 MB stacks, 0 MB globals, 16 P
gc 1908 @7.560s 6%: 0.073+0.69+0.11 ms clock, 1.1+0.52/1.0/0+1.8 ms cpu, 4->5->2 MB, 5 MB goal, 0 MB stacks, 0 MB globals, 16 P
gc 1909 @7.562s 6%: 0.11+0.84+0.11 ms clock, 1.8+0.82/0.93/0.017+1.8 ms cpu, 4->5->2 MB, 4 MB goal, 0 MB stacks, 0 MB globals, 16 P
gc 1910 @7.564s 6%: 0.16+0.63+0.10 ms clock, 2.6+0.69/0.90/0+1.7 ms cpu, 4->5->2 MB, 5 MB goal, 0 MB stacks, 0 MB globals, 16 P
gc 1911 @7.566s 6%: 0.12+0.59+0.16 ms clock, 1.9+0.61/0.92/0+2.6 ms cpu, 4->5->2 MB, 5 MB goal, 0 MB stacks, 0 MB globals, 16 P
gc 1912 @7.568s 6%: 0.11+0.74+0.10 ms clock, 1.8+0.68/0.98/0+1.6 ms cpu, 4->4->2 MB, 4 MB goal, 0 MB stacks, 0 MB globals, 16 P
gc 1913 @7.570s 6%: 0.13+0.76+0.10 ms clock, 2.1+0.70/0.97/0+1.7 ms cpu, 4->5->2 MB, 4 MB goal, 0 MB stacks, 0 MB globals, 16 P
gc 1914 @7.572s 6%: 0.13+0.61+0.17 ms clock, 2.2+0.79/0.90/0+2.8 ms cpu, 4->5->2 MB, 5 MB goal, 0 MB stacks, 0 MB globals, 16 P
gc 1915 @7.574s 6%: 0.12+0.74+0.11 ms clock, 1.9+0.47/1.2/0.009+1.9 ms cpu, 4->5->2 MB, 4 MB goal, 0 MB stacks, 0 MB globals, 16 P
gc 1916 @7.576s 6%: 0.16+0.70+0.096 ms clock, 2.6+0.62/0.84/0.046+1.5 ms cpu, 4->5->2 MB, 5 MB goal, 0 MB stacks, 0 MB globals, 16 P
gc 1917 @7.577s 6%: 0.12+0.59+0.074 ms clock, 2.0+0.54/1.0/0.001+1.1 ms cpu, 3->4->2 MB, 4 MB goal, 0 MB stacks, 0 MB globals, 16 P
gc 1918 @7.579s 6%: 0.18+0.79+0.10 ms clock, 2.9+0.68/0.91/0+1.7 ms cpu, 4->5->2 MB, 4 MB goal, 0 MB stacks, 0 MB globals, 16 P
gc 1919 @7.582s 6%: 0.15+0.70+0.14 ms clock, 2.4+0.80/0.86/0+2.3 ms cpu, 4->5->2 MB, 5 MB goal, 0 MB stacks, 0 MB globals, 16 P
gc 1920 @7.584s 6%: 0.12+0.67+0.15 ms clock, 1.9+0.62/1.0/0+2.4 ms cpu, 4->5->2 MB, 4 MB goal, 0 MB stacks, 0 MB globals, 16 P
gc 1921 @7.585s 6%: 0.14+0.56+0.11 ms clock, 2.3+0.76/1.0/0+1.8 ms cpu, 4->5->2 MB, 5 MB goal, 0 MB stacks, 0 MB globals, 16 P
gc 1922 @7.587s 6%: 0.10+0.61+0.10 ms clock, 1.7+0.63/0.88/0.002+1.6 ms cpu, 4->4->2 MB, 4 MB goal, 0 MB stacks, 0 MB globals, 16 P
gc 1923 @7.589s 6%: 0.13+0.59+0.19 ms clock, 2.2+0.77/0.86/0+3.1 ms cpu, 3->4->2 MB, 4 MB goal, 0 MB stacks, 0 MB globals, 16 P
gc 1924 @7.590s 6%: 0.14+0.68+0.088 ms clock, 2.3+0.74/0.83/0+1.4 ms cpu, 3->4->2 MB, 4 MB goal, 0 MB stacks, 0 MB globals, 16 P
gc 1925 @7.592s 6%: 0.16+0.81+0.054 ms clock, 2.7+0.80/0.95/0+0.87 ms cpu, 4->5->2 MB, 4 MB goal, 0 MB stacks, 0 MB globals, 16 P
gc 1926 @7.595s 6%: 0.12+0.63+0.17 ms clock, 2.0+0.59/0.89/0+2.7 ms cpu, 4->5->2 MB, 5 MB goal, 0 MB stacks, 0 MB globals, 16 P
gc 1927 @7.596s 6%: 0.17+0.51+0.097 ms clock, 2.7+0.70/0.89/0.021+1.5 ms cpu, 4->4->2 MB, 4 MB goal, 0 MB stacks, 0 MB globals, 16 P
gc 1928 @7.598s 6%: 0.19+0.57+0.095 ms clock, 3.1+0.61/0.80/0.009+1.5 ms cpu, 3->4->2 MB, 4 MB goal, 0 MB stacks, 0 MB globals, 16 P
gc 1929 @7.600s 6%: 0.13+0.48+0.12 ms clock, 2.1+0.54/0.87/0+1.9 ms cpu, 4->4->2 MB, 4 MB goal, 0 MB stacks, 0 MB globals, 16 P
gc 1930 @7.601s 6%: 0.091+0.96+0.098 ms clock, 1.4+0.68/1.0/0+1.5 ms cpu, 3->4->2 MB, 4 MB goal, 0 MB stacks, 0 MB globals, 16 P
gc 1931 @7.603s 6%: 0.10+0.65+0.099 ms clock, 1.7+0.72/1.0/0.029+1.5 ms cpu, 4->5->2 MB, 5 MB goal, 0 MB stacks, 0 MB globals, 16 P
gc 1932 @7.605s 6%: 0.10+0.68+0.086 ms clock, 1.6+0.75/0.83/0+1.3 ms cpu, 3->4->2 MB, 4 MB goal, 0 MB stacks, 0 MB globals, 16 P
gc 1933 @7.607s 6%: 0.20+0.60+0.10 ms clock, 3.2+0.61/0.91/0+1.7 ms cpu, 3->4->2 MB, 4 MB goal, 0 MB stacks, 0 MB globals, 16 P
gc 1934 @7.608s 6%: 0.11+0.59+0.078 ms clock, 1.7+0.64/0.89/0+1.2 ms cpu, 4->4->2 MB, 4 MB goal, 0 MB stacks, 0 MB globals, 16 P
gc 1935 @7.610s 6%: 0.15+0.66+0.081 ms clock, 2.4+0.40/1.0/0+1.3 ms cpu, 3->4->2 MB, 4 MB goal, 0 MB stacks, 0 MB globals, 16 P
gc 1936 @7.612s 6%: 0.12+0.52+0.14 ms clock, 2.0+0.60/1.0/0.089+2.2 ms cpu, 4->4->2 MB, 4 MB goal, 0 MB stacks, 0 MB globals, 16 P
gc 1937 @7.613s 6%: 0.11+0.57+0.10 ms clock, 1.8+0.63/1.0/0.026+1.7 ms cpu, 3->4->2 MB, 4 MB goal, 0 MB stacks, 0 MB globals, 16 P
gc 1938 @7.615s 6%: 0.10+0.78+0.11 ms clock, 1.7+0.67/1.0/0+1.8 ms cpu, 3->4->2 MB, 4 MB goal, 0 MB stacks, 0 MB globals, 16 P
gc 1939 @7.617s 6%: 0.11+0.59+0.13 ms clock, 1.8+0.50/1.0/0.017+2.1 ms cpu, 4->5->2 MB, 5 MB goal, 0 MB stacks, 0 MB globals, 16 P
gc 1940 @7.619s 6%: 0.17+0.67+0.15 ms clock, 2.8+0.70/0.86/0.038+2.4 ms cpu, 4->4->2 MB, 4 MB goal, 0 MB stacks, 0 MB globals, 16 P
gc 1941 @7.621s 6%: 0.15+0.69+0.13 ms clock, 2.5+0.55/0.95/0.002+2.1 ms cpu, 4->5->2 MB, 5 MB goal, 0 MB stacks, 0 MB globals, 16 P
gc 1942 @7.623s 6%: 0.085+0.64+0.15 ms clock, 1.3+0.77/1.0/0.005+2.5 ms cpu, 4->5->2 MB, 5 MB goal, 0 MB stacks, 0 MB globals, 16 P
gc 1943 @7.625s 6%: 0.11+0.67+0.21 ms clock, 1.8+0.84/0.81/0+3.4 ms cpu, 4->5->2 MB, 4 MB goal, 0 MB stacks, 0 MB globals, 16 P
gc 1944 @7.627s 6%: 0.12+0.56+0.15 ms clock, 2.0+0.61/0.90/0+2.4 ms cpu, 4->4->2 MB, 4 MB goal, 0 MB stacks, 0 MB globals, 16 P
gc 1945 @7.628s 6%: 0.12+0.78+0.10 ms clock, 2.0+0.75/0.74/0+1.7 ms cpu, 3->4->2 MB, 4 MB goal, 0 MB stacks, 0 MB globals, 16 P
gc 1946 @7.630s 6%: 0.11+0.66+0.14 ms clock, 1.8+0.79/0.96/0.005+2.2 ms cpu, 4->5->2 MB, 5 MB goal, 0 MB stacks, 0 MB globals, 16 P
gc 1947 @7.632s 6%: 0.12+0.64+0.10 ms clock, 2.0+0.70/0.88/0.035+1.6 ms cpu, 4->4->2 MB, 4 MB goal, 0 MB stacks, 0 MB globals, 16 P
gc 1948 @7.634s 6%: 0.10+0.50+0.10 ms clock, 1.7+0.77/0.77/0+1.7 ms cpu, 4->4->2 MB, 4 MB goal, 0 MB stacks, 0 MB globals, 16 P
gc 1949 @7.635s 6%: 0.16+0.58+0.090 ms clock, 2.5+0.71/0.87/0+1.4 ms cpu, 3->4->2 MB, 4 MB goal, 0 MB stacks, 0 MB globals, 16 P
gc 1950 @7.637s 6%: 0.14+0.68+0.15 ms clock, 2.3+0.69/1.0/0.005+2.5 ms cpu, 4->5->2 MB, 4 MB goal, 0 MB stacks, 0 MB globals, 16 P
gc 1951 @7.639s 6%: 0.16+0.69+0.094 ms clock, 2.6+0.57/0.89/0.035+1.5 ms cpu, 4->5->2 MB, 5 MB goal, 0 MB stacks, 0 MB globals, 16 P
gc 1952 @7.641s 6%: 0.091+0.59+0.077 ms clock, 1.4+0.76/0.98/0+1.2 ms cpu, 4->4->2 MB, 4 MB goal, 0 MB stacks, 0 MB globals, 16 P
gc 1953 @7.643s 6%: 0.13+0.89+0.11 ms clock, 2.1+0.62/0.98/0.072+1.7 ms cpu, 3->4->2 MB, 4 MB goal, 0 MB stacks, 0 MB globals, 16 P
gc 1954 @7.645s 6%: 0.10+0.75+0.15 ms clock, 1.6+0.60/0.92/0+2.4 ms cpu, 4->5->2 MB, 5 MB goal, 0 MB stacks, 0 MB globals, 16 P
gc 1955 @7.647s 6%: 0.040+0.65+0.091 ms clock, 0.64+0.53/0.96/0+1.4 ms cpu, 4->4->2 MB, 4 MB goal, 0 MB stacks, 0 MB globals, 16 P
gc 1956 @7.648s 6%: 0.11+0.52+0.13 ms clock, 1.8+0.78/0.92/0.034+2.1 ms cpu, 3->4->2 MB, 4 MB goal, 0 MB stacks, 0 MB globals, 16 P
gc 1957 @7.650s 6%: 0.15+0.60+0.13 ms clock, 2.5+0.74/1.0/0+2.0 ms cpu, 3->4->2 MB, 4 MB goal, 0 MB stacks, 0 MB globals, 16 P
gc 1958 @7.652s 6%: 0.14+0.68+0.12 ms clock, 2.3+0.73/0.84/0+1.9 ms cpu, 4->5->2 MB, 4 MB goal, 0 MB stacks, 0 MB globals, 16 P
gc 1959 @7.654s 6%: 0.17+0.71+0.13 ms clock, 2.7+0.67/0.93/0+2.1 ms cpu, 4->5->2 MB, 5 MB goal, 0 MB stacks, 0 MB globals, 16 P
gc 1960 @7.656s 6%: 0.11+0.60+0.16 ms clock, 1.7+0.51/1.0/0.026+2.6 ms cpu, 4->5->2 MB, 5 MB goal, 0 MB stacks, 0 MB globals, 16 P
gc 1961 @7.657s 6%: 0.12+0.69+0.11 ms clock, 1.9+0.48/0.99/0+1.8 ms cpu, 4->4->2 MB, 4 MB goal, 0 MB stacks, 0 MB globals, 16 P
gc 1962 @7.659s 6%: 0.20+0.88+0.097 ms clock, 3.3+0.72/0.87/0+1.5 ms cpu, 4->5->2 MB, 4 MB goal, 0 MB stacks, 0 MB globals, 16 P
gc 1963 @7.661s 6%: 0.11+0.62+0.11 ms clock, 1.8+0.61/0.84/0+1.8 ms cpu, 4->5->2 MB, 5 MB goal, 0 MB stacks, 0 MB globals, 16 P
gc 1964 @7.663s 6%: 0.12+0.54+0.18 ms clock, 2.0+0.72/0.94/0.002+2.9 ms cpu, 3->4->2 MB, 4 MB goal, 0 MB stacks, 0 MB globals, 16 P
gc 1965 @7.664s 6%: 0.16+0.66+0.13 ms clock, 2.5+0.84/0.92/0+2.1 ms cpu, 3->4->2 MB, 4 MB goal, 0 MB stacks, 0 MB globals, 16 P
gc 1966 @7.666s 6%: 0.12+0.57+0.086 ms clock, 2.0+0.52/0.94/0+1.3 ms cpu, 4->4->2 MB, 4 MB goal, 0 MB stacks, 0 MB globals, 16 P
gc 1967 @7.668s 6%: 0.18+0.79+0.084 ms clock, 2.9+0.62/1.0/0+1.3 ms cpu, 3->4->2 MB, 4 MB goal, 0 MB stacks, 0 MB globals, 16 P
gc 1968 @7.670s 6%: 0.12+0.56+0.14 ms clock, 1.9+0.70/0.83/0+2.3 ms cpu, 4->5->2 MB, 5 MB goal, 0 MB stacks, 0 MB globals, 16 P
gc 1969 @7.672s 6%: 0.11+0.52+0.12 ms clock, 1.7+0.71/0.89/0+2.0 ms cpu, 3->4->2 MB, 4 MB goal, 0 MB stacks, 0 MB globals, 16 P
gc 1970 @7.673s 6%: 0.18+0.85+0.10 ms clock, 2.9+0.75/0.96/0.022+1.6 ms cpu, 3->4->2 MB, 4 MB goal, 0 MB stacks, 0 MB globals, 16 P
gc 1971 @7.675s 6%: 0.10+0.65+0.10 ms clock, 1.6+0.52/0.91/0+1.7 ms cpu, 4->5->2 MB, 5 MB goal, 0 MB stacks, 0 MB globals, 16 P
gc 1972 @7.677s 6%: 0.12+0.70+0.12 ms clock, 1.9+0.71/1.0/0+1.9 ms cpu, 4->4->2 MB, 4 MB goal, 0 MB stacks, 0 MB globals, 16 P
gc 1973 @7.679s 6%: 0.15+0.53+0.15 ms clock, 2.4+0.72/0.86/0+2.4 ms cpu, 4->5->2 MB, 5 MB goal, 0 MB stacks, 0 MB globals, 16 P
gc 1974 @7.681s 6%: 0.15+0.62+0.080 ms clock, 2.4+0.60/1.1/0.009+1.2 ms cpu, 4->4->2 MB, 4 MB goal, 0 MB stacks, 0 MB globals, 16 P
gc 1975 @7.682s 6%: 0.12+0.85+0.075 ms clock, 2.0+0.77/0.90/0+1.2 ms cpu, 4->5->2 MB, 4 MB goal, 0 MB stacks, 0 MB globals, 16 P
gc 1976 @7.685s 6%: 0.12+0.59+0.12 ms clock, 2.0+0.76/0.78/0.016+2.0 ms cpu, 4->5->2 MB, 5 MB goal, 0 MB stacks, 0 MB globals, 16 P
gc 1977 @7.687s 6%: 0.15+0.72+0.084 ms clock, 2.4+0.51/1.0/0.002+1.3 ms cpu, 4->5->2 MB, 4 MB goal, 0 MB stacks, 0 MB globals, 16 P
gc 1978 @7.689s 6%: 0.11+0.80+0.10 ms clock, 1.8+0.70/0.95/0.005+1.6 ms cpu, 4->5->2 MB, 5 MB goal, 0 MB stacks, 0 MB globals, 16 P
gc 1979 @7.691s 6%: 0.18+0.66+0.13 ms clock, 2.9+0.78/0.97/0+2.1 ms cpu, 4->5->2 MB, 5 MB goal, 0 MB stacks, 0 MB globals, 16 P
gc 1980 @7.692s 6%: 0.16+0.52+0.15 ms clock, 2.7+0.65/1.0/0.002+2.4 ms cpu, 4->5->2 MB, 5 MB goal, 0 MB stacks, 0 MB globals, 16 P
gc 1981 @7.694s 6%: 0.13+0.62+0.11 ms clock, 2.1+0.58/1.0/0+1.8 ms cpu, 4->4->2 MB, 4 MB goal, 0 MB stacks, 0 MB globals, 16 P
gc 1982 @7.696s 6%: 0.18+0.63+0.19 ms clock, 2.9+0.59/0.96/0+3.1 ms cpu, 4->4->2 MB, 4 MB goal, 0 MB stacks, 0 MB globals, 16 P
gc 1983 @7.698s 6%: 0.11+0.65+0.093 ms clock, 1.8+0.67/0.95/0+1.4 ms cpu, 4->4->2 MB, 4 MB goal, 0 MB stacks, 0 MB globals, 16 P
gc 1984 @7.700s 6%: 0.12+0.55+0.10 ms clock, 2.0+0.71/0.82/0.003+1.7 ms cpu, 3->4->2 MB, 4 MB goal, 0 MB stacks, 0 MB globals, 16 P
gc 1985 @7.701s 6%: 0.18+0.70+0.18 ms clock, 2.9+0.60/0.85/0+3.0 ms cpu, 3->4->2 MB, 4 MB goal, 0 MB stacks, 0 MB globals, 16 P
gc 1986 @7.703s 6%: 0.22+0.64+0.082 ms clock, 3.6+0.59/0.94/0.002+1.3 ms cpu, 4->5->2 MB, 4 MB goal, 0 MB stacks, 0 MB globals, 16 P
gc 1987 @7.705s 6%: 0.11+0.73+0.090 ms clock, 1.9+0.56/0.83/0.018+1.4 ms cpu, 4->4->2 MB, 4 MB goal, 0 MB stacks, 0 MB globals, 16 P
gc 1988 @7.707s 6%: 0.11+0.65+0.13 ms clock, 1.8+0.49/0.95/0+2.1 ms cpu, 4->4->2 MB, 4 MB goal, 0 MB stacks, 0 MB globals, 16 P
gc 1989 @7.708s 6%: 0.10+0.63+0.16 ms clock, 1.6+0.71/0.89/0+2.7 ms cpu, 3->4->2 MB, 4 MB goal, 0 MB stacks, 0 MB globals, 16 P
gc 1990 @7.710s 6%: 0.15+0.62+0.12 ms clock, 2.4+0.73/0.91/0.001+1.9 ms cpu, 3->4->2 MB, 4 MB goal, 0 MB stacks, 0 MB globals, 16 P
gc 1991 @7.712s 6%: 0.18+0.78+0.044 ms clock, 2.8+0.69/0.84/0.016+0.71 ms cpu, 4->5->2 MB, 4 MB goal, 0 MB stacks, 0 MB globals, 16 P
gc 1992 @7.714s 6%: 0.10+0.79+0.15 ms clock, 1.7+0.67/0.94/0+2.4 ms cpu, 4->5->2 MB, 5 MB goal, 0 MB stacks, 0 MB globals, 16 P
gc 1993 @7.716s 6%: 0.11+0.63+0.087 ms clock, 1.7+0.57/0.88/0+1.3 ms cpu, 4->4->2 MB, 4 MB goal, 0 MB stacks, 0 MB globals, 16 P
gc 1994 @7.717s 6%: 0.17+0.75+0.13 ms clock, 2.8+0.86/0.89/0.003+2.1 ms cpu, 4->5->2 MB, 4 MB goal, 0 MB stacks, 0 MB globals, 16 P
gc 1995 @7.720s 6%: 0.12+0.84+0.12 ms clock, 1.9+0.63/0.94/0+1.9 ms cpu, 4->5->2 MB, 5 MB goal, 0 MB stacks, 0 MB globals, 16 P
gc 1996 @7.722s 6%: 0.14+0.44+0.16 ms clock, 2.2+0.67/0.97/0+2.6 ms cpu, 4->5->2 MB, 5 MB goal, 0 MB stacks, 0 MB globals, 16 P
gc 1997 @7.723s 6%: 0.16+0.73+0.10 ms clock, 2.5+0.68/0.99/0+1.6 ms cpu, 3->4->2 MB, 4 MB goal, 0 MB stacks, 0 MB globals, 16 P
gc 1998 @7.726s 6%: 0.11+0.55+0.13 ms clock, 1.8+0.71/0.91/0+2.1 ms cpu, 4->5->2 MB, 5 MB goal, 0 MB stacks, 0 MB globals, 16 P
gc 1999 @7.727s 6%: 0.12+0.69+0.15 ms clock, 2.0+0.57/0.91/0+2.4 ms cpu, 3->4->2 MB, 4 MB goal, 0 MB stacks, 0 MB globals, 16 P
gc 2000 @7.729s 6%: 0.13+0.78+0.13 ms clock, 2.2+0.52/1.0/0+2.1 ms cpu, 4->5->2 MB, 5 MB goal, 0 MB stacks, 0 MB globals, 16 P
gc 2001 @7.731s 6%: 0.17+0.63+0.14 ms clock, 2.7+0.80/0.90/0+2.3 ms cpu, 4->5->2 MB, 4 MB goal, 0 MB stacks, 0 MB globals, 16 P
gc 2002 @7.733s 6%: 0.12+0.64+0.14 ms clock, 2.0+0.73/0.93/0+2.2 ms cpu, 4->4->2 MB, 4 MB goal, 0 MB stacks, 0 MB globals, 16 P
gc 2003 @7.735s 6%: 0.12+0.68+0.099 ms clock, 1.9+0.53/1.0/0.009+1.5 ms cpu, 4->4->2 MB, 4 MB goal, 0 MB stacks, 0 MB globals, 16 P
gc 2004 @7.736s 6%: 0.13+0.67+0.16 ms clock, 2.1+0.67/0.94/0+2.5 ms cpu, 4->5->2 MB, 4 MB goal, 0 MB stacks, 0 MB globals, 16 P
gc 2005 @7.738s 6%: 0.11+0.71+0.13 ms clock, 1.7+0.49/1.0/0+2.1 ms cpu, 4->4->2 MB, 4 MB goal, 0 MB stacks, 0 MB globals, 16 P
gc 2006 @7.740s 6%: 0.16+0.48+0.10 ms clock, 2.6+0.69/0.85/0+1.6 ms cpu, 4->4->2 MB, 4 MB goal, 0 MB stacks, 0 MB globals, 16 P
gc 2007 @7.742s 6%: 0.10+0.73+0.098 ms clock, 1.6+0.71/1.0/0+1.5 ms cpu, 3->4->2 MB, 4 MB goal, 0 MB stacks, 0 MB globals, 16 P
gc 2008 @7.743s 6%: 0.10+0.59+0.10 ms clock, 1.6+0.63/0.89/0+1.6 ms cpu, 4->4->2 MB, 4 MB goal, 0 MB stacks, 0 MB globals, 16 P
gc 2009 @7.745s 6%: 0.17+0.62+0.16 ms clock, 2.7+0.64/1.1/0+2.6 ms cpu, 3->4->2 MB, 4 MB goal, 0 MB stacks, 0 MB globals, 16 P
gc 2010 @7.747s 6%: 0.22+0.55+0.21 ms clock, 3.5+0.70/0.87/0+3.4 ms cpu, 4->5->2 MB, 4 MB goal, 0 MB stacks, 0 MB globals, 16 P
gc 2011 @7.749s 6%: 0.16+0.55+0.11 ms clock, 2.5+0.59/1.0/0+1.8 ms cpu, 4->4->2 MB, 4 MB goal, 0 MB stacks, 0 MB globals, 16 P
gc 2012 @7.750s 6%: 0.14+0.68+0.13 ms clock, 2.2+0.58/0.86/0.014+2.1 ms cpu, 3->4->2 MB, 4 MB goal, 0 MB stacks, 0 MB globals, 16 P
gc 2013 @7.752s 6%: 0.16+0.64+0.15 ms clock, 2.6+0.64/1.0/0+2.5 ms cpu, 4->4->2 MB, 4 MB goal, 0 MB stacks, 0 MB globals, 16 P
gc 2014 @7.754s 6%: 0.16+0.47+0.11 ms clock, 2.6+0.78/0.91/0.009+1.8 ms cpu, 4->5->2 MB, 5 MB goal, 0 MB stacks, 0 MB globals, 16 P
gc 2015 @7.756s 6%: 0.10+0.49+0.097 ms clock, 1.7+0.71/0.83/0+1.5 ms cpu, 3->4->2 MB, 4 MB goal, 0 MB stacks, 0 MB globals, 16 P
gc 2016 @7.757s 6%: 0.14+0.66+0.21 ms clock, 2.3+0.66/0.93/0+3.3 ms cpu, 3->4->2 MB, 4 MB goal, 0 MB stacks, 0 MB globals, 16 P
gc 2017 @7.759s 6%: 0.14+0.69+0.20 ms clock, 2.2+0.72/1.0/0+3.3 ms cpu, 4->5->2 MB, 4 MB goal, 0 MB stacks, 0 MB globals, 16 P
gc 2018 @7.761s 6%: 0.11+1.0+0.11 ms clock, 1.8+0.63/0.96/0+1.8 ms cpu, 4->5->2 MB, 5 MB goal, 0 MB stacks, 0 MB globals, 16 P
gc 2019 @7.763s 6%: 0.10+0.74+0.088 ms clock, 1.7+0.48/0.95/0+1.4 ms cpu, 4->5->2 MB, 5 MB goal, 0 MB stacks, 0 MB globals, 16 P
gc 2020 @7.765s 6%: 0.15+0.59+0.089 ms clock, 2.4+0.62/1.0/0+1.4 ms cpu, 4->5->2 MB, 4 MB goal, 0 MB stacks, 0 MB globals, 16 P
gc 2021 @7.767s 6%: 0.15+0.63+0.12 ms clock, 2.5+0.58/0.92/0+1.9 ms cpu, 4->4->2 MB, 4 MB goal, 0 MB stacks, 0 MB globals, 16 P
gc 2022 @7.769s 6%: 0.14+0.67+0.12 ms clock, 2.2+0.70/0.93/0.13+2.0 ms cpu, 3->4->2 MB, 4 MB goal, 0 MB stacks, 0 MB globals, 16 P
gc 2023 @7.771s 6%: 0.13+0.52+0.091 ms clock, 2.1+0.56/1.0/0.007+1.4 ms cpu, 4->4->2 MB, 5 MB goal, 0 MB stacks, 0 MB globals, 16 P
gc 2024 @7.772s 6%: 0.12+0.77+0.12 ms clock, 2.0+0.69/0.96/0+2.0 ms cpu, 3->4->2 MB, 4 MB goal, 0 MB stacks, 0 MB globals, 16 P
gc 2025 @7.774s 6%: 0.14+0.56+0.22 ms clock, 2.3+0.65/0.95/0.004+3.5 ms cpu, 4->4->2 MB, 4 MB goal, 0 MB stacks, 0 MB globals, 16 P
gc 2026 @7.776s 6%: 0.10+0.68+0.021 ms clock, 1.7+0.58/1.1/0+0.34 ms cpu, 4->4->2 MB, 4 MB goal, 0 MB stacks, 0 MB globals, 16 P
gc 2027 @7.778s 6%: 0.13+0.54+0.14 ms clock, 2.2+0.67/0.91/0+2.3 ms cpu, 4->4->2 MB, 4 MB goal, 0 MB stacks, 0 MB globals, 16 P
gc 2028 @7.779s 6%: 0.12+0.58+0.11 ms clock, 2.0+0.58/1.1/0+1.8 ms cpu, 3->4->2 MB, 4 MB goal, 0 MB stacks, 0 MB globals, 16 P
gc 2029 @7.781s 6%: 0.12+0.60+0.12 ms clock, 1.9+0.50/1.0/0+1.9 ms cpu, 4->4->2 MB, 4 MB goal, 0 MB stacks, 0 MB globals, 16 P
gc 2030 @7.783s 6%: 0.14+0.59+0.10 ms clock, 2.3+0.69/0.80/0+1.7 ms cpu, 3->4->2 MB, 4 MB goal, 0 MB stacks, 0 MB globals, 16 P
gc 2031 @7.784s 6%: 0.16+0.64+0.12 ms clock, 2.6+0.60/0.95/0.001+1.9 ms cpu, 3->4->2 MB, 4 MB goal, 0 MB stacks, 0 MB globals, 16 P
gc 2032 @7.786s 6%: 0.17+0.68+0.10 ms clock, 2.8+0.67/1.0/0+1.6 ms cpu, 4->5->2 MB, 4 MB goal, 0 MB stacks, 0 MB globals, 16 P
gc 2033 @7.788s 6%: 0.20+0.52+0.17 ms clock, 3.2+0.63/0.87/0.018+2.8 ms cpu, 4->5->2 MB, 5 MB goal, 0 MB stacks, 0 MB globals, 16 P
gc 2034 @7.790s 6%: 0.21+0.69+0.14 ms clock, 3.4+0.81/1.1/0+2.3 ms cpu, 3->4->2 MB, 4 MB goal, 0 MB stacks, 0 MB globals, 16 P
gc 2035 @7.792s 6%: 0.16+0.68+0.11 ms clock, 2.6+0.67/0.88/0+1.8 ms cpu, 4->5->2 MB, 5 MB goal, 0 MB stacks, 0 MB globals, 16 P
gc 2036 @7.794s 6%: 0.086+0.60+0.13 ms clock, 1.3+0.65/0.85/0.003+2.1 ms cpu, 4->4->2 MB, 4 MB goal, 0 MB stacks, 0 MB globals, 16 P
gc 2037 @7.795s 6%: 0.13+0.63+0.10 ms clock, 2.1+0.61/0.84/0.026+1.6 ms cpu, 4->4->2 MB, 4 MB goal, 0 MB stacks, 0 MB globals, 16 P
gc 2038 @7.797s 6%: 0.18+0.52+0.19 ms clock, 2.9+0.65/0.96/0+3.1 ms cpu, 3->4->2 MB, 4 MB goal, 0 MB stacks, 0 MB globals, 16 P
gc 2039 @7.798s 6%: 0.11+0.73+0.098 ms clock, 1.8+0.75/0.92/0+1.5 ms cpu, 3->4->2 MB, 4 MB goal, 0 MB stacks, 0 MB globals, 16 P
gc 2040 @7.800s 6%: 0.13+0.52+0.11 ms clock, 2.1+0.64/0.89/0+1.9 ms cpu, 4->5->2 MB, 5 MB goal, 0 MB stacks, 0 MB globals, 16 P
gc 2041 @7.802s 6%: 0.17+0.63+0.16 ms clock, 2.8+0.64/0.90/0+2.6 ms cpu, 3->4->2 MB, 4 MB goal, 0 MB stacks, 0 MB globals, 16 P
gc 2042 @7.804s 6%: 0.12+0.79+0.096 ms clock, 2.0+0.48/1.0/0+1.5 ms cpu, 4->4->2 MB, 4 MB goal, 0 MB stacks, 0 MB globals, 16 P
gc 2043 @7.806s 6%: 0.12+0.68+0.11 ms clock, 2.0+0.67/1.0/0+1.8 ms cpu, 4->5->2 MB, 4 MB goal, 0 MB stacks, 0 MB globals, 16 P
gc 2044 @7.807s 6%: 0.11+0.69+0.10 ms clock, 1.9+0.61/1.0/0.005+1.6 ms cpu, 4->4->2 MB, 4 MB goal, 0 MB stacks, 0 MB globals, 16 P
gc 2045 @7.809s 6%: 0.14+0.82+0.083 ms clock, 2.2+0.71/0.95/0.029+1.3 ms cpu, 4->5->2 MB, 4 MB goal, 0 MB stacks, 0 MB globals, 16 P
gc 2046 @7.811s 6%: 0.13+0.63+0.086 ms clock, 2.1+0.70/0.87/0+1.3 ms cpu, 4->5->2 MB, 5 MB goal, 0 MB stacks, 0 MB globals, 16 P
gc 2047 @7.813s 6%: 0.10+0.91+0.069 ms clock, 1.6+0.55/0.94/0.014+1.1 ms cpu, 4->5->2 MB, 5 MB goal, 0 MB stacks, 0 MB globals, 16 P
gc 2048 @7.815s 6%: 0.21+0.70+0.10 ms clock, 3.4+0.70/0.81/0+1.6 ms cpu, 4->5->2 MB, 5 MB goal, 0 MB stacks, 0 MB globals, 16 P
gc 2049 @7.817s 6%: 0.13+0.60+0.20 ms clock, 2.2+0.70/0.95/0+3.3 ms cpu, 4->4->2 MB, 4 MB goal, 0 MB stacks, 0 MB globals, 16 P
gc 2050 @7.819s 6%: 0.13+0.73+0.12 ms clock, 2.2+0.59/1.1/0+1.9 ms cpu, 4->4->2 MB, 4 MB goal, 0 MB stacks, 0 MB globals, 16 P
gc 2051 @7.821s 6%: 0.11+0.55+0.10 ms clock, 1.8+0.45/0.98/0.042+1.7 ms cpu, 4->4->2 MB, 4 MB goal, 0 MB stacks, 0 MB globals, 16 P
gc 2052 @7.822s 6%: 0.20+0.54+0.24 ms clock, 3.2+0.60/0.93/0+3.8 ms cpu, 3->4->2 MB, 4 MB goal, 0 MB stacks, 0 MB globals, 16 P
gc 2053 @7.824s 6%: 0.12+0.54+0.15 ms clock, 2.0+0.56/0.99/0.004+2.4 ms cpu, 4->4->2 MB, 4 MB goal, 0 MB stacks, 0 MB globals, 16 P
gc 2054 @7.826s 6%: 0.12+0.70+0.14 ms clock, 1.9+0.90/0.95/0+2.2 ms cpu, 4->4->2 MB, 4 MB goal, 0 MB stacks, 0 MB globals, 16 P
gc 2055 @7.828s 6%: 0.10+0.69+0.10 ms clock, 1.6+0.58/0.80/0+1.7 ms cpu, 4->5->2 MB, 5 MB goal, 0 MB stacks, 0 MB globals, 16 P
gc 2056 @7.829s 6%: 0.13+0.55+0.10 ms clock, 2.1+0.77/0.98/0+1.7 ms cpu, 3->4->2 MB, 4 MB goal, 0 MB stacks, 0 MB globals, 16 P
gc 2057 @7.831s 6%: 0.11+0.85+0.079 ms clock, 1.7+0.63/0.83/0+1.2 ms cpu, 3->4->2 MB, 4 MB goal, 0 MB stacks, 0 MB globals, 16 P
gc 2058 @7.833s 6%: 0.11+0.62+0.14 ms clock, 1.8+0.59/0.95/0+2.3 ms cpu, 4->5->2 MB, 5 MB goal, 0 MB stacks, 0 MB globals, 16 P
gc 2059 @7.835s 6%: 0.18+0.61+0.10 ms clock, 3.0+0.66/0.90/0.079+1.7 ms cpu, 4->4->2 MB, 4 MB goal, 0 MB stacks, 0 MB globals, 16 P
gc 2060 @7.837s 6%: 0.13+0.51+0.18 ms clock, 2.1+0.86/0.92/0+3.0 ms cpu, 4->4->2 MB, 4 MB goal, 0 MB stacks, 0 MB globals, 16 P
gc 2061 @7.838s 6%: 0.12+0.56+0.18 ms clock, 2.0+0.69/0.87/0+2.9 ms cpu, 3->4->2 MB, 4 MB goal, 0 MB stacks, 0 MB globals, 16 P
gc 2062 @7.840s 6%: 0.15+0.59+0.12 ms clock, 2.4+0.58/0.91/0+1.9 ms cpu, 4->4->2 MB, 4 MB goal, 0 MB stacks, 0 MB globals, 16 P
gc 2063 @7.842s 6%: 0.12+0.73+0.097 ms clock, 2.0+0.72/1.0/0+1.5 ms cpu, 3->4->2 MB, 4 MB goal, 0 MB stacks, 0 MB globals, 16 P
gc 2064 @7.844s 6%: 0.11+0.63+0.16 ms clock, 1.8+0.71/0.71/0.085+2.5 ms cpu, 4->5->2 MB, 5 MB goal, 0 MB stacks, 0 MB globals, 16 P
gc 2065 @7.845s 6%: 0.089+0.51+0.083 ms clock, 1.4+0.55/0.89/0+1.3 ms cpu, 3->4->2 MB, 4 MB goal, 0 MB stacks, 0 MB globals, 16 P
gc 2066 @7.847s 6%: 0.10+0.54+0.094 ms clock, 1.6+0.51/1.0/0+1.5 ms cpu, 3->4->2 MB, 4 MB goal, 0 MB stacks, 0 MB globals, 16 P
gc 2067 @7.848s 6%: 0.12+0.62+0.094 ms clock, 2.0+0.60/0.88/0+1.5 ms cpu, 3->4->2 MB, 4 MB goal, 0 MB stacks, 0 MB globals, 16 P
gc 2068 @7.850s 6%: 0.10+0.71+0.13 ms clock, 1.6+1.0/0.91/0+2.1 ms cpu, 3->4->2 MB, 4 MB goal, 0 MB stacks, 0 MB globals, 16 P
gc 2069 @7.852s 6%: 0.16+0.57+0.080 ms clock, 2.6+0.67/0.98/0+1.2 ms cpu, 4->4->2 MB, 4 MB goal, 0 MB stacks, 0 MB globals, 16 P
gc 2070 @7.853s 6%: 0.10+0.64+0.19 ms clock, 1.7+0.62/0.91/0+3.0 ms cpu, 3->4->2 MB, 4 MB goal, 0 MB stacks, 0 MB globals, 16 P
gc 2071 @7.855s 6%: 0.22+0.71+0.13 ms clock, 3.5+0.69/1.0/0+2.1 ms cpu, 4->5->2 MB, 4 MB goal, 0 MB stacks, 0 MB globals, 16 P
gc 2072 @7.857s 6%: 0.15+0.57+0.15 ms clock, 2.4+0.75/1.0/0+2.4 ms cpu, 4->5->2 MB, 5 MB goal, 0 MB stacks, 0 MB globals, 16 P
gc 2073 @7.859s 6%: 0.16+0.75+0.088 ms clock, 2.6+0.79/0.86/0+1.4 ms cpu, 4->5->2 MB, 4 MB goal, 0 MB stacks, 0 MB globals, 16 P
gc 2074 @7.861s 6%: 0.16+0.61+0.15 ms clock, 2.5+0.63/1.0/0+2.4 ms cpu, 4->5->2 MB, 5 MB goal, 0 MB stacks, 0 MB globals, 16 P
gc 2075 @7.863s 6%: 0.13+0.46+0.25 ms clock, 2.1+0.64/0.89/0.12+4.1 ms cpu, 4->4->1 MB, 4 MB goal, 0 MB stacks, 0 MB globals, 16 P
gc 2076 @7.864s 6%: 0.18+0.71+0.11 ms clock, 3.0+0.74/0.77/0+1.7 ms cpu, 3->4->2 MB, 4 MB goal, 0 MB stacks, 0 MB globals, 16 P
gc 2077 @7.866s 6%: 0.15+0.66+0.095 ms clock, 2.4+0.71/0.79/0+1.5 ms cpu, 4->5->2 MB, 5 MB goal, 0 MB stacks, 0 MB globals, 16 P
gc 2078 @7.868s 6%: 0.11+0.53+0.074 ms clock, 1.8+0.65/0.85/0+1.1 ms cpu, 4->4->2 MB, 4 MB goal, 0 MB stacks, 0 MB globals, 16 P
gc 2079 @7.869s 6%: 0.18+0.66+0.16 ms clock, 2.9+0.72/0.93/0+2.5 ms cpu, 3->4->2 MB, 4 MB goal, 0 MB stacks, 0 MB globals, 16 P
gc 2080 @7.871s 6%: 0.13+0.49+0.12 ms clock, 2.0+0.61/0.88/0+1.9 ms cpu, 4->4->2 MB, 4 MB goal, 0 MB stacks, 0 MB globals, 16 P
gc 2081 @7.873s 6%: 0.10+0.55+0.12 ms clock, 1.7+0.73/0.93/0+1.9 ms cpu, 3->4->2 MB, 4 MB goal, 0 MB stacks, 0 MB globals, 16 P
gc 2082 @7.874s 6%: 0.11+0.66+0.14 ms clock, 1.8+0.58/1.1/0.010+2.3 ms cpu, 3->4->2 MB, 4 MB goal, 0 MB stacks, 0 MB globals, 16 P
gc 2083 @7.876s 6%: 0.22+0.72+0.13 ms clock, 3.5+0.73/1.0/0+2.2 ms cpu, 4->4->2 MB, 4 MB goal, 0 MB stacks, 0 MB globals, 16 P
gc 2084 @7.878s 6%: 0.13+0.69+0.13 ms clock, 2.1+0.60/0.96/0+2.2 ms cpu, 4->5->2 MB, 5 MB goal, 0 MB stacks, 0 MB globals, 16 P
gc 2085 @7.880s 6%: 0.11+0.75+0.10 ms clock, 1.8+0.94/0.85/0+1.6 ms cpu, 4->5->2 MB, 5 MB goal, 0 MB stacks, 0 MB globals, 16 P
gc 2086 @7.882s 6%: 0.12+0.52+0.19 ms clock, 2.0+0.67/0.90/0+3.0 ms cpu, 4->4->2 MB, 4 MB goal, 0 MB stacks, 0 MB globals, 16 P
gc 2087 @7.884s 6%: 0.14+0.58+0.13 ms clock, 2.2+0.60/0.94/0+2.2 ms cpu, 3->4->2 MB, 4 MB goal, 0 MB stacks, 0 MB globals, 16 P
gc 2088 @7.886s 6%: 0.11+0.68+0.099 ms clock, 1.8+0.70/1.0/0.001+1.5 ms cpu, 4->5->2 MB, 5 MB goal, 0 MB stacks, 0 MB globals, 16 P
gc 2089 @7.887s 6%: 0.12+0.65+0.071 ms clock, 2.0+0.61/1.0/0+1.1 ms cpu, 4->4->2 MB, 4 MB goal, 0 MB stacks, 0 MB globals, 16 P
gc 2090 @7.889s 6%: 0.14+0.80+0.16 ms clock, 2.3+0.68/0.94/0+2.6 ms cpu, 3->4->2 MB, 4 MB goal, 0 MB stacks, 0 MB globals, 16 P
gc 2091 @7.891s 6%: 0.15+0.67+0.10 ms clock, 2.4+0.79/0.99/0.030+1.7 ms cpu, 4->5->2 MB, 5 MB goal, 0 MB stacks, 0 MB globals, 16 P
gc 2092 @7.893s 6%: 0.18+0.59+0.16 ms clock, 2.9+0.62/0.85/0.034+2.6 ms cpu, 4->4->2 MB, 4 MB goal, 0 MB stacks, 0 MB globals, 16 P
gc 2093 @7.894s 6%: 0.20+0.74+0.17 ms clock, 3.3+0.73/1.0/0+2.7 ms cpu, 3->5->2 MB, 4 MB goal, 0 MB stacks, 0 MB globals, 16 P
gc 2094 @7.897s 6%: 0.14+0.56+0.15 ms clock, 2.2+0.48/0.99/0+2.5 ms cpu, 4->5->2 MB, 5 MB goal, 0 MB stacks, 0 MB globals, 16 P
gc 2095 @7.899s 6%: 0.12+0.68+0.13 ms clock, 2.0+0.50/0.92/0+2.0 ms cpu, 4->4->2 MB, 4 MB goal, 0 MB stacks, 0 MB globals, 16 P
gc 2096 @7.900s 6%: 0.11+0.69+0.12 ms clock, 1.8+0.64/1.0/0.009+1.9 ms cpu, 4->4->2 MB, 4 MB goal, 0 MB stacks, 0 MB globals, 16 P
gc 2097 @7.902s 6%: 0.13+0.49+0.10 ms clock, 2.2+0.58/0.89/0+1.7 ms cpu, 4->4->2 MB, 4 MB goal, 0 MB stacks, 0 MB globals, 16 P
gc 2098 @7.904s 6%: 0.13+0.62+0.17 ms clock, 2.1+0.61/1.0/0+2.7 ms cpu, 3->4->2 MB, 4 MB goal, 0 MB stacks, 0 MB globals, 16 P
gc 2099 @7.906s 6%: 0.17+0.85+0.081 ms clock, 2.7+0.71/1.0/0.008+1.3 ms cpu, 4->5->2 MB, 4 MB goal, 0 MB stacks, 0 MB globals, 16 P
gc 2100 @7.908s 6%: 0.11+0.58+0.12 ms clock, 1.8+0.83/0.91/0+1.9 ms cpu, 4->5->2 MB, 5 MB goal, 0 MB stacks, 0 MB globals, 16 P
gc 2101 @7.910s 6%: 0.11+0.67+0.14 ms clock, 1.7+0.67/1.0/0.009+2.3 ms cpu, 3->4->2 MB, 4 MB goal, 0 MB stacks, 0 MB globals, 16 P
gc 2102 @7.911s 6%: 0.12+0.73+0.056 ms clock, 2.0+0.66/0.91/0+0.90 ms cpu, 4->4->2 MB, 4 MB goal, 0 MB stacks, 0 MB globals, 16 P
gc 2103 @7.913s 6%: 0.10+0.66+0.14 ms clock, 1.6+0.63/0.89/0.001+2.3 ms cpu, 3->4->2 MB, 4 MB goal, 0 MB stacks, 0 MB globals, 16 P
gc 2104 @7.915s 6%: 0.11+0.65+0.10 ms clock, 1.8+0.56/1.0/0.054+1.7 ms cpu, 3->4->2 MB, 4 MB goal, 0 MB stacks, 0 MB globals, 16 P
gc 2105 @7.917s 6%: 0.26+0.71+0.075 ms clock, 4.2+0.71/0.94/0+1.2 ms cpu, 4->4->2 MB, 4 MB goal, 0 MB stacks, 0 MB globals, 16 P
gc 2106 @7.919s 6%: 0.16+0.63+0.16 ms clock, 2.6+0.80/0.86/0+2.5 ms cpu, 4->4->2 MB, 4 MB goal, 0 MB stacks, 0 MB globals, 16 P
gc 2107 @7.920s 6%: 0.12+0.59+0.14 ms clock, 1.9+0.56/1.0/0+2.3 ms cpu, 4->4->2 MB, 4 MB goal, 0 MB stacks, 0 MB globals, 16 P
gc 2108 @7.922s 6%: 0.23+0.74+0.091 ms clock, 3.7+0.87/0.72/0+1.4 ms cpu, 3->5->2 MB, 4 MB goal, 0 MB stacks, 0 MB globals, 16 P
gc 2109 @7.924s 6%: 0.066+0.46+0.17 ms clock, 1.0+0.75/0.98/0.001+2.7 ms cpu, 4->5->1 MB, 5 MB goal, 0 MB stacks, 0 MB globals, 16 P
gc 2110 @7.926s 6%: 0.18+0.65+0.10 ms clock, 2.8+0.63/1.0/0.004+1.7 ms cpu, 3->4->2 MB, 4 MB goal, 0 MB stacks, 0 MB globals, 16 P
gc 2111 @7.928s 6%: 0.12+0.54+0.14 ms clock, 2.0+0.63/0.92/0+2.3 ms cpu, 4->5->2 MB, 5 MB goal, 0 MB stacks, 0 MB globals, 16 P
gc 2112 @7.929s 6%: 0.14+0.68+0.10 ms clock, 2.2+0.68/1.0/0+1.7 ms cpu, 3->4->2 MB, 4 MB goal, 0 MB stacks, 0 MB globals, 16 P
gc 2113 @7.931s 6%: 0.10+0.63+0.18 ms clock, 1.7+0.61/1.1/0+2.9 ms cpu, 4->4->2 MB, 4 MB goal, 0 MB stacks, 0 MB globals, 16 P
gc 2114 @7.933s 6%: 0.13+0.59+0.091 ms clock, 2.1+0.68/0.89/0+1.4 ms cpu, 4->4->2 MB, 4 MB goal, 0 MB stacks, 0 MB globals, 16 P
gc 2115 @7.935s 6%: 0.11+0.81+0.076 ms clock, 1.8+0.53/1.1/0.021+1.2 ms cpu, 4->5->2 MB, 4 MB goal, 0 MB stacks, 0 MB globals, 16 P
gc 2116 @7.937s 6%: 0.15+0.65+0.12 ms clock, 2.4+0.55/1.3/0+1.9 ms cpu, 4->5->2 MB, 5 MB goal, 0 MB stacks, 0 MB globals, 16 P
gc 2117 @7.939s 6%: 0.20+0.65+0.11 ms clock, 3.2+0.63/1.1/0+1.7 ms cpu, 4->5->2 MB, 5 MB goal, 0 MB stacks, 0 MB globals, 16 P
gc 2118 @7.941s 6%: 0.18+0.75+0.10 ms clock, 2.9+0.69/1.0/0+1.7 ms cpu, 4->5->2 MB, 4 MB goal, 0 MB stacks, 0 MB globals, 16 P
gc 2119 @7.943s 6%: 0.11+0.73+0.091 ms clock, 1.8+0.66/1.0/0.002+1.4 ms cpu, 4->5->2 MB, 5 MB goal, 0 MB stacks, 0 MB globals, 16 P
gc 2120 @7.945s 6%: 0.10+0.74+0.11 ms clock, 1.6+0.69/0.95/0+1.8 ms cpu, 4->5->2 MB, 5 MB goal, 0 MB stacks, 0 MB globals, 16 P
gc 2121 @7.947s 6%: 0.12+0.64+0.095 ms clock, 1.9+0.54/1.0/0.045+1.5 ms cpu, 4->5->2 MB, 5 MB goal, 0 MB stacks, 0 MB globals, 16 P
gc 2122 @7.949s 6%: 0.15+0.59+0.11 ms clock, 2.4+0.75/0.93/0+1.8 ms cpu, 4->4->2 MB, 4 MB goal, 0 MB stacks, 0 MB globals, 16 P
gc 2123 @7.950s 6%: 0.11+0.94+0.14 ms clock, 1.8+0.63/0.89/0.022+2.3 ms cpu, 4->5->2 MB, 4 MB goal, 0 MB stacks, 0 MB globals, 16 P
gc 2124 @7.952s 6%: 0.088+0.76+0.11 ms clock, 1.4+0.71/0.93/0+1.8 ms cpu, 4->5->2 MB, 5 MB goal, 0 MB stacks, 0 MB globals, 16 P
gc 2125 @7.954s 6%: 0.10+0.88+0.059 ms clock, 1.7+0.52/0.90/0.007+0.94 ms cpu, 4->4->2 MB, 4 MB goal, 0 MB stacks, 0 MB globals, 16 P
gc 2126 @7.956s 6%: 0.10+0.66+0.11 ms clock, 1.6+0.53/0.96/0.031+1.8 ms cpu, 4->5->2 MB, 5 MB goal, 0 MB stacks, 0 MB globals, 16 P
gc 2127 @7.958s 6%: 0.15+0.61+0.092 ms clock, 2.5+0.62/1.0/0+1.4 ms cpu, 4->4->2 MB, 4 MB goal, 0 MB stacks, 0 MB globals, 16 P
gc 2128 @7.959s 6%: 0.14+0.66+0.10 ms clock, 2.3+0.82/1.0/0+1.6 ms cpu, 4->4->2 MB, 4 MB goal, 0 MB stacks, 0 MB globals, 16 P
gc 2129 @7.961s 6%: 0.098+0.52+0.15 ms clock, 1.5+0.74/0.91/0.003+2.5 ms cpu, 4->4->2 MB, 5 MB goal, 0 MB stacks, 0 MB globals, 16 P
gc 2130 @7.963s 6%: 0.14+0.68+0.18 ms clock, 2.3+0.80/0.92/0+2.9 ms cpu, 3->4->2 MB, 4 MB goal, 0 MB stacks, 0 MB globals, 16 P
gc 2131 @7.965s 6%: 0.15+0.73+0.10 ms clock, 2.4+0.65/0.86/0.019+1.7 ms cpu, 4->5->2 MB, 5 MB goal, 0 MB stacks, 0 MB globals, 16 P
gc 2132 @7.967s 6%: 0.14+0.65+0.13 ms clock, 2.2+0.71/1.0/0+2.1 ms cpu, 4->5->2 MB, 5 MB goal, 0 MB stacks, 0 MB globals, 16 P
gc 2133 @7.969s 6%: 0.16+0.53+0.19 ms clock, 2.7+0.81/0.89/0.013+3.0 ms cpu, 4->4->2 MB, 4 MB goal, 0 MB stacks, 0 MB globals, 16 P
gc 2134 @7.970s 6%: 0.12+0.61+0.093 ms clock, 1.9+0.56/0.97/0.017+1.4 ms cpu, 4->5->2 MB, 4 MB goal, 0 MB stacks, 0 MB globals, 16 P
gc 2135 @7.972s 6%: 0.10+0.53+0.13 ms clock, 1.7+0.62/0.88/0.001+2.1 ms cpu, 4->4->2 MB, 4 MB goal, 0 MB stacks, 0 MB globals, 16 P
gc 2136 @7.974s 6%: 0.14+0.65+0.10 ms clock, 2.3+0.63/0.97/0+1.6 ms cpu, 4->4->2 MB, 4 MB goal, 0 MB stacks, 0 MB globals, 16 P
gc 2137 @7.976s 6%: 0.15+0.47+0.21 ms clock, 2.5+0.70/0.86/0.004+3.4 ms cpu, 4->4->2 MB, 4 MB goal, 0 MB stacks, 0 MB globals, 16 P
gc 2138 @7.977s 6%: 0.16+0.52+0.13 ms clock, 2.5+0.75/0.82/0.005+2.1 ms cpu, 3->4->2 MB, 4 MB goal, 0 MB stacks, 0 MB globals, 16 P
gc 2139 @7.979s 6%: 0.11+0.59+0.18 ms clock, 1.7+0.67/0.94/0.001+2.8 ms cpu, 3->4->2 MB, 4 MB goal, 0 MB stacks, 0 MB globals, 16 P
gc 2140 @7.981s 6%: 0.13+0.72+0.095 ms clock, 2.2+0.56/1.1/0+1.5 ms cpu, 4->5->2 MB, 4 MB goal, 0 MB stacks, 0 MB globals, 16 P
gc 2141 @7.983s 6%: 0.13+0.72+0.097 ms clock, 2.1+0.68/0.97/0+1.5 ms cpu, 4->5->2 MB, 5 MB goal, 0 MB stacks, 0 MB globals, 16 P
gc 2142 @7.985s 6%: 0.12+0.53+0.091 ms clock, 2.0+0.75/0.88/0.003+1.4 ms cpu, 4->4->2 MB, 5 MB goal, 0 MB stacks, 0 MB globals, 16 P
gc 2143 @7.986s 6%: 0.13+0.60+0.13 ms clock, 2.1+0.83/0.95/0+2.2 ms cpu, 3->4->2 MB, 4 MB goal, 0 MB stacks, 0 MB globals, 16 P
gc 2144 @7.988s 6%: 0.15+0.55+0.11 ms clock, 2.4+0.60/1.0/0.004+1.8 ms cpu, 4->4->2 MB, 5 MB goal, 0 MB stacks, 0 MB globals, 16 P
gc 2145 @7.990s 6%: 0.16+0.58+0.11 ms clock, 2.7+0.58/0.81/0+1.7 ms cpu, 3->4->2 MB, 4 MB goal, 0 MB stacks, 0 MB globals, 16 P
gc 2146 @7.992s 6%: 0.14+0.87+0.15 ms clock, 2.2+0.70/0.87/0+2.5 ms cpu, 4->5->2 MB, 4 MB goal, 0 MB stacks, 0 MB globals, 16 P
gc 2147 @7.994s 6%: 0.11+0.68+0.11 ms clock, 1.8+0.56/0.94/0+1.9 ms cpu, 4->5->2 MB, 5 MB goal, 0 MB stacks, 0 MB globals, 16 P
gc 2148 @7.996s 6%: 0.15+0.58+0.14 ms clock, 2.4+0.70/1.0/0.005+2.3 ms cpu, 4->4->2 MB, 4 MB goal, 0 MB stacks, 0 MB globals, 16 P
gc 2149 @7.998s 6%: 0.16+0.58+0.19 ms clock, 2.6+0.75/0.87/0+3.1 ms cpu, 4->4->2 MB, 4 MB goal, 0 MB stacks, 0 MB globals, 16 P
gc 2150 @8.000s 6%: 0.14+0.53+0.17 ms clock, 2.3+0.72/0.85/0.015+2.8 ms cpu, 4->4->2 MB, 4 MB goal, 0 MB stacks, 0 MB globals, 16 P
gc 2151 @8.001s 6%: 0.15+0.49+0.17 ms clock, 2.4+0.55/0.97/0+2.8 ms cpu, 3->4->2 MB, 4 MB goal, 0 MB stacks, 0 MB globals, 16 P
gc 2152 @8.003s 6%: 0.20+0.68+0.14 ms clock, 3.2+0.69/1.0/0+2.2 ms cpu, 3->4->2 MB, 4 MB goal, 0 MB stacks, 0 MB globals, 16 P
gc 2153 @8.005s 6%: 0.12+0.57+0.12 ms clock, 1.9+0.59/0.96/0.024+2.0 ms cpu, 4->4->2 MB, 5 MB goal, 0 MB stacks, 0 MB globals, 16 P
gc 2154 @8.006s 6%: 0.12+0.53+0.088 ms clock, 2.0+0.70/0.77/0+1.4 ms cpu, 3->4->2 MB, 4 MB goal, 0 MB stacks, 0 MB globals, 16 P
gc 2155 @8.008s 6%: 0.11+0.74+0.13 ms clock, 1.7+0.66/0.89/0.016+2.2 ms cpu, 3->4->2 MB, 4 MB goal, 0 MB stacks, 0 MB globals, 16 P
gc 2156 @8.010s 6%: 0.13+0.46+0.12 ms clock, 2.0+0.56/0.96/0+2.0 ms cpu, 4->4->2 MB, 5 MB goal, 0 MB stacks, 0 MB globals, 16 P
gc 2157 @8.011s 6%: 0.14+0.72+0.096 ms clock, 2.2+0.73/0.86/0+1.5 ms cpu, 3->4->2 MB, 4 MB goal, 0 MB stacks, 0 MB globals, 16 P
gc 2158 @8.013s 6%: 0.15+0.70+0.16 ms clock, 2.4+0.53/0.96/0+2.7 ms cpu, 4->5->2 MB, 5 MB goal, 0 MB stacks, 0 MB globals, 16 P
gc 2159 @8.015s 6%: 0.15+0.52+0.18 ms clock, 2.4+0.70/0.92/0.002+2.8 ms cpu, 4->4->2 MB, 5 MB goal, 0 MB stacks, 0 MB globals, 16 P
gc 2160 @8.017s 6%: 0.11+0.86+0.11 ms clock, 1.7+0.57/1.0/0.050+1.7 ms cpu, 4->5->2 MB, 4 MB goal, 0 MB stacks, 0 MB globals, 16 P
gc 2161 @8.019s 6%: 0.16+0.56+0.25 ms clock, 2.6+0.52/0.90/0+4.0 ms cpu, 4->5->2 MB, 5 MB goal, 0 MB stacks, 0 MB globals, 16 P
gc 2162 @8.021s 6%: 0.14+0.84+0.067 ms clock, 2.3+0.58/0.85/0+1.0 ms cpu, 4->4->2 MB, 4 MB goal, 0 MB stacks, 0 MB globals, 16 P
gc 2163 @8.022s 6%: 0.15+0.71+0.11 ms clock, 2.4+0.62/1.0/0+1.8 ms cpu, 4->4->2 MB, 4 MB goal, 0 MB stacks, 0 MB globals, 16 P
gc 2164 @8.025s 6%: 0.21+0.72+0.14 ms clock, 3.5+0.85/0.82/0+2.3 ms cpu, 4->5->2 MB, 5 MB goal, 0 MB stacks, 0 MB globals, 16 P
gc 2165 @8.027s 6%: 0.15+0.78+0.12 ms clock, 2.5+0.73/1.0/0+2.0 ms cpu, 4->5->2 MB, 5 MB goal, 0 MB stacks, 0 MB globals, 16 P
gc 2166 @8.028s 6%: 0.14+0.76+0.18 ms clock, 2.2+0.79/0.89/0+2.9 ms cpu, 4->5->2 MB, 5 MB goal, 0 MB stacks, 0 MB globals, 16 P
gc 2167 @8.031s 6%: 0.15+0.72+0.10 ms clock, 2.5+0.52/1.0/0+1.7 ms cpu, 4->5->2 MB, 5 MB goal, 0 MB stacks, 0 MB globals, 16 P
gc 2168 @8.032s 6%: 0.16+0.63+0.11 ms clock, 2.6+0.70/0.90/0+1.8 ms cpu, 4->5->2 MB, 5 MB goal, 0 MB stacks, 0 MB globals, 16 P
gc 2169 @8.034s 6%: 0.13+0.57+0.13 ms clock, 2.1+0.87/0.81/0+2.1 ms cpu, 4->5->2 MB, 5 MB goal, 0 MB stacks, 0 MB globals, 16 P
gc 2170 @8.036s 6%: 0.17+0.61+0.11 ms clock, 2.7+0.72/0.73/0+1.8 ms cpu, 4->4->2 MB, 4 MB goal, 0 MB stacks, 0 MB globals, 16 P
gc 2171 @8.038s 6%: 0.21+0.81+0.12 ms clock, 3.3+0.68/0.91/0+1.9 ms cpu, 4->5->2 MB, 4 MB goal, 0 MB stacks, 0 MB globals, 16 P
gc 2172 @8.040s 6%: 0.17+0.59+0.15 ms clock, 2.7+0.92/0.84/0+2.5 ms cpu, 4->5->2 MB, 5 MB goal, 0 MB stacks, 0 MB globals, 16 P
gc 2173 @8.042s 6%: 0.22+0.50+0.20 ms clock, 3.5+0.68/0.82/0.048+3.2 ms cpu, 4->4->2 MB, 4 MB goal, 0 MB stacks, 0 MB globals, 16 P
gc 2174 @8.044s 6%: 0.17+0.57+0.13 ms clock, 2.7+0.65/0.86/0+2.1 ms cpu, 4->4->2 MB, 4 MB goal, 0 MB stacks, 0 MB globals, 16 P
gc 2175 @8.045s 6%: 0.12+0.62+0.10 ms clock, 2.0+0.69/0.95/0+1.7 ms cpu, 4->4->2 MB, 4 MB goal, 0 MB stacks, 0 MB globals, 16 P
gc 2176 @8.047s 6%: 0.14+0.61+0.10 ms clock, 2.3+0.54/0.98/0.008+1.6 ms cpu, 4->4->2 MB, 4 MB goal, 0 MB stacks, 0 MB globals, 16 P
gc 2177 @8.049s 6%: 0.14+0.51+0.084 ms clock, 2.2+0.56/1.0/0+1.3 ms cpu, 4->4->2 MB, 4 MB goal, 0 MB stacks, 0 MB globals, 16 P
gc 2178 @8.051s 6%: 0.14+0.62+0.13 ms clock, 2.3+0.53/1.0/0.045+2.1 ms cpu, 3->4->2 MB, 4 MB goal, 0 MB stacks, 0 MB globals, 16 P
gc 2179 @8.052s 6%: 0.098+0.75+0.15 ms clock, 1.5+0.67/1.0/0+2.4 ms cpu, 4->5->2 MB, 4 MB goal, 0 MB stacks, 0 MB globals, 16 P
gc 2180 @8.054s 6%: 0.13+0.46+0.14 ms clock, 2.1+0.61/0.92/0+2.2 ms cpu, 4->4->2 MB, 5 MB goal, 0 MB stacks, 0 MB globals, 16 P
gc 2181 @8.056s 6%: 0.12+0.53+0.14 ms clock, 1.9+0.63/0.95/0.007+2.2 ms cpu, 3->4->2 MB, 4 MB goal, 0 MB stacks, 0 MB globals, 16 P
gc 2182 @8.058s 6%: 0.16+0.62+0.13 ms clock, 2.7+0.64/1.0/0+2.1 ms cpu, 3->4->2 MB, 4 MB goal, 0 MB stacks, 0 MB globals, 16 P
gc 2183 @8.059s 6%: 0.11+0.56+0.084 ms clock, 1.9+0.49/0.93/0+1.3 ms cpu, 4->4->2 MB, 4 MB goal, 0 MB stacks, 0 MB globals, 16 P
gc 2184 @8.061s 6%: 0.13+0.72+0.12 ms clock, 2.0+0.65/0.99/0.027+2.0 ms cpu, 3->4->2 MB, 4 MB goal, 0 MB stacks, 0 MB globals, 16 P
gc 2185 @8.063s 6%: 0.12+0.47+0.15 ms clock, 1.9+0.62/0.87/0+2.4 ms cpu, 4->4->2 MB, 4 MB goal, 0 MB stacks, 0 MB globals, 16 P
gc 2186 @8.064s 6%: 0.24+0.60+0.12 ms clock, 3.8+0.59/1.0/0+2.0 ms cpu, 3->4->2 MB, 4 MB goal, 0 MB stacks, 0 MB globals, 16 P
gc 2187 @8.066s 6%: 0.12+0.65+0.091 ms clock, 1.9+0.59/0.92/0+1.4 ms cpu, 4->5->2 MB, 4 MB goal, 0 MB stacks, 0 MB globals, 16 P
gc 2188 @8.068s 6%: 0.11+0.52+0.16 ms clock, 1.9+0.54/0.87/0+2.6 ms cpu, 4->4->2 MB, 4 MB goal, 0 MB stacks, 0 MB globals, 16 P
gc 2189 @8.070s 6%: 0.12+0.86+0.19 ms clock, 1.9+0.62/1.0/0.001+3.1 ms cpu, 3->4->2 MB, 4 MB goal, 0 MB stacks, 0 MB globals, 16 P
gc 2190 @8.071s 6%: 0.15+0.64+0.10 ms clock, 2.4+0.78/0.92/0.016+1.7 ms cpu, 4->5->2 MB, 4 MB goal, 0 MB stacks, 0 MB globals, 16 P
gc 2191 @8.073s 6%: 0.16+0.82+0.13 ms clock, 2.5+0.86/0.92/0+2.2 ms cpu, 4->5->2 MB, 4 MB goal, 0 MB stacks, 0 MB globals, 16 P
gc 2192 @8.076s 6%: 0.10+0.87+0.11 ms clock, 1.6+0.62/1.1/0+1.8 ms cpu, 4->5->2 MB, 5 MB goal, 0 MB stacks, 0 MB globals, 16 P
gc 2193 @8.078s 6%: 0.12+0.56+0.10 ms clock, 1.9+0.62/0.94/0.002+1.7 ms cpu, 4->5->2 MB, 5 MB goal, 0 MB stacks, 0 MB globals, 16 P
gc 2194 @8.079s 6%: 0.14+0.52+0.11 ms clock, 2.3+0.75/0.82/0+1.7 ms cpu, 3->4->2 MB, 4 MB goal, 0 MB stacks, 0 MB globals, 16 P
gc 2195 @8.081s 6%: 0.12+0.57+0.19 ms clock, 1.9+0.43/0.93/0.008+3.0 ms cpu, 4->4->2 MB, 4 MB goal, 0 MB stacks, 0 MB globals, 16 P
gc 2196 @8.083s 6%: 0.13+0.67+0.17 ms clock, 2.0+0.72/0.99/0+2.7 ms cpu, 3->4->2 MB, 4 MB goal, 0 MB stacks, 0 MB globals, 16 P
gc 2197 @8.085s 6%: 0.098+0.72+0.13 ms clock, 1.5+0.67/0.97/0.002+2.1 ms cpu, 4->4->2 MB, 4 MB goal, 0 MB stacks, 0 MB globals, 16 P
gc 2198 @8.086s 6%: 0.10+0.53+0.090 ms clock, 1.7+0.49/0.95/0+1.4 ms cpu, 4->4->2 MB, 4 MB goal, 0 MB stacks, 0 MB globals, 16 P
gc 2199 @8.088s 6%: 0.13+0.62+0.18 ms clock, 2.0+0.63/0.86/0+2.9 ms cpu, 3->4->2 MB, 4 MB goal, 0 MB stacks, 0 MB globals, 16 P
gc 2200 @8.090s 6%: 0.13+0.81+0.11 ms clock, 2.2+0.72/0.98/0+1.8 ms cpu, 4->5->2 MB, 4 MB goal, 0 MB stacks, 0 MB globals, 16 P
gc 2201 @8.092s 6%: 0.10+0.62+0.10 ms clock, 1.7+0.69/1.0/0+1.6 ms cpu, 4->5->2 MB, 5 MB goal, 0 MB stacks, 0 MB globals, 16 P
gc 2202 @8.094s 6%: 0.12+0.53+0.074 ms clock, 2.0+0.66/0.97/0+1.1 ms cpu, 4->4->2 MB, 5 MB goal, 0 MB stacks, 0 MB globals, 16 P
gc 2203 @8.096s 6%: 0.15+0.51+0.13 ms clock, 2.4+0.66/0.81/0.001+2.2 ms cpu, 3->4->2 MB, 4 MB goal, 0 MB stacks, 0 MB globals, 16 P
gc 2204 @8.097s 6%: 0.12+0.74+0.11 ms clock, 2.0+0.63/0.98/0.007+1.8 ms cpu, 3->4->2 MB, 4 MB goal, 0 MB stacks, 0 MB globals, 16 P
gc 2205 @8.099s 6%: 0.16+0.77+0.099 ms clock, 2.5+0.72/0.95/0+1.5 ms cpu, 4->5->2 MB, 5 MB goal, 0 MB stacks, 0 MB globals, 16 P
gc 2206 @8.101s 6%: 0.12+0.85+0.10 ms clock, 2.0+0.60/1.2/0+1.6 ms cpu, 4->5->2 MB, 5 MB goal, 0 MB stacks, 0 MB globals, 16 P
gc 2207 @8.104s 6%: 0.12+0.60+0.066 ms clock, 2.0+0.59/0.87/0+1.0 ms cpu, 4->5->2 MB, 5 MB goal, 0 MB stacks, 0 MB globals, 16 P
gc 2208 @8.105s 6%: 0.10+0.62+0.12 ms clock, 1.6+0.68/1.0/0+2.0 ms cpu, 4->5->2 MB, 4 MB goal, 0 MB stacks, 0 MB globals, 16 P
gc 2209 @8.107s 6%: 0.14+0.64+0.12 ms clock, 2.3+0.65/0.83/0.020+1.9 ms cpu, 4->4->2 MB, 4 MB goal, 0 MB stacks, 0 MB globals, 16 P
gc 2210 @8.109s 6%: 0.13+0.63+0.13 ms clock, 2.1+0.53/0.98/0+2.0 ms cpu, 4->4->2 MB, 4 MB goal, 0 MB stacks, 0 MB globals, 16 P
gc 2211 @8.111s 6%: 0.14+0.66+0.10 ms clock, 2.2+0.74/0.95/0+1.7 ms cpu, 4->4->2 MB, 4 MB goal, 0 MB stacks, 0 MB globals, 16 P
gc 2212 @8.113s 6%: 0.10+0.58+0.20 ms clock, 1.7+0.79/0.83/0+3.2 ms cpu, 4->4->2 MB, 4 MB goal, 0 MB stacks, 0 MB globals, 16 P
gc 2213 @8.114s 6%: 0.19+0.52+0.25 ms clock, 3.0+0.59/0.86/0.004+4.1 ms cpu, 3->4->2 MB, 4 MB goal, 0 MB stacks, 0 MB globals, 16 P
gc 2214 @8.116s 6%: 0.10+0.60+0.096 ms clock, 1.6+0.64/0.91/0+1.5 ms cpu, 4->4->2 MB, 4 MB goal, 0 MB stacks, 0 MB globals, 16 P
gc 2215 @8.118s 6%: 0.13+0.53+0.088 ms clock, 2.2+0.58/1.0/0+1.4 ms cpu, 4->4->2 MB, 4 MB goal, 0 MB stacks, 0 MB globals, 16 P
gc 2216 @8.119s 6%: 0.12+0.62+0.16 ms clock, 1.9+0.63/1.0/0+2.6 ms cpu, 3->4->2 MB, 4 MB goal, 0 MB stacks, 0 MB globals, 16 P
gc 2217 @8.121s 6%: 0.097+0.85+0.13 ms clock, 1.5+0.80/0.94/0.001+2.0 ms cpu, 4->5->2 MB, 4 MB goal, 0 MB stacks, 0 MB globals, 16 P
gc 2218 @8.123s 6%: 0.12+0.60+0.16 ms clock, 1.9+0.46/0.94/0+2.7 ms cpu, 4->5->2 MB, 5 MB goal, 0 MB stacks, 0 MB globals, 16 P
gc 2219 @8.125s 6%: 0.10+0.53+0.13 ms clock, 1.7+0.77/0.94/0+2.1 ms cpu, 3->4->2 MB, 4 MB goal, 0 MB stacks, 0 MB globals, 16 P
gc 2220 @8.127s 6%: 0.15+0.54+0.14 ms clock, 2.4+0.57/0.97/0+2.3 ms cpu, 3->4->2 MB, 4 MB goal, 0 MB stacks, 0 MB globals, 16 P
gc 2221 @8.128s 6%: 0.20+0.73+0.13 ms clock, 3.3+0.67/0.93/0.011+2.1 ms cpu, 4->5->2 MB, 4 MB goal, 0 MB stacks, 0 MB globals, 16 P
gc 2222 @8.130s 6%: 0.12+0.73+0.069 ms clock, 1.9+0.69/0.91/0+1.1 ms cpu, 4->5->2 MB, 5 MB goal, 0 MB stacks, 0 MB globals, 16 P
gc 2223 @8.132s 6%: 0.10+0.51+0.12 ms clock, 1.7+0.57/0.94/0+1.9 ms cpu, 4->4->2 MB, 4 MB goal, 0 MB stacks, 0 MB globals, 16 P
gc 2224 @8.134s 6%: 0.14+0.64+0.14 ms clock, 2.3+0.70/1.0/0.008+2.2 ms cpu, 3->4->2 MB, 4 MB goal, 0 MB stacks, 0 MB globals, 16 P
gc 2225 @8.136s 6%: 0.13+0.57+0.15 ms clock, 2.1+0.82/0.83/0.041+2.5 ms cpu, 4->4->2 MB, 5 MB goal, 0 MB stacks, 0 MB globals, 16 P
gc 2226 @8.137s 6%: 0.18+0.65+0.16 ms clock, 2.9+0.72/1.0/0.006+2.6 ms cpu, 4->5->2 MB, 4 MB goal, 0 MB stacks, 0 MB globals, 16 P
gc 2227 @8.139s 6%: 0.12+0.74+0.11 ms clock, 2.0+0.59/1.1/0+1.8 ms cpu, 4->5->2 MB, 5 MB goal, 0 MB stacks, 0 MB globals, 16 P
gc 2228 @8.141s 6%: 0.11+0.68+0.13 ms clock, 1.8+0.76/1.0/0.004+2.1 ms cpu, 4->5->2 MB, 5 MB goal, 0 MB stacks, 0 MB globals, 16 P
gc 2229 @8.143s 6%: 0.14+0.67+0.16 ms clock, 2.2+0.63/1.1/0+2.6 ms cpu, 4->5->2 MB, 5 MB goal, 0 MB stacks, 0 MB globals, 16 P
gc 2230 @8.145s 6%: 0.12+0.57+0.14 ms clock, 1.9+0.60/1.0/0+2.2 ms cpu, 4->4->2 MB, 5 MB goal, 0 MB stacks, 0 MB globals, 16 P
gc 2231 @8.147s 6%: 0.13+0.59+0.13 ms clock, 2.1+0.91/0.88/0+2.1 ms cpu, 3->4->2 MB, 4 MB goal, 0 MB stacks, 0 MB globals, 16 P
gc 2232 @8.149s 6%: 0.11+0.75+0.14 ms clock, 1.9+0.50/0.88/0+2.2 ms cpu, 3->4->2 MB, 4 MB goal, 0 MB stacks, 0 MB globals, 16 P
gc 2233 @8.151s 6%: 0.17+0.55+0.12 ms clock, 2.8+0.53/0.97/0.038+1.9 ms cpu, 4->5->2 MB, 5 MB goal, 0 MB stacks, 0 MB globals, 16 P
gc 2234 @8.152s 6%: 0.11+0.81+0.15 ms clock, 1.7+0.53/0.90/0.057+2.4 ms cpu, 3->4->2 MB, 4 MB goal, 0 MB stacks, 0 MB globals, 16 P
gc 2235 @8.154s 6%: 0.12+0.78+0.19 ms clock, 2.0+0.59/0.91/0+3.1 ms cpu, 4->5->2 MB, 4 MB goal, 0 MB stacks, 0 MB globals, 16 P
gc 2236 @8.156s 6%: 0.12+0.85+0.16 ms clock, 2.0+0.74/0.93/0+2.6 ms cpu, 4->5->2 MB, 5 MB goal, 0 MB stacks, 0 MB globals, 16 P
gc 2237 @8.158s 6%: 0.15+0.58+0.15 ms clock, 2.4+0.72/0.93/0+2.5 ms cpu, 4->5->2 MB, 5 MB goal, 0 MB stacks, 0 MB globals, 16 P
gc 2238 @8.160s 6%: 0.12+0.73+0.060 ms clock, 1.9+0.69/1.0/0+0.97 ms cpu, 4->5->2 MB, 4 MB goal, 0 MB stacks, 0 MB globals, 16 P
gc 2239 @8.162s 6%: 0.10+0.68+0.14 ms clock, 1.7+0.63/0.97/0.071+2.2 ms cpu, 4->5->2 MB, 4 MB goal, 0 MB stacks, 0 MB globals, 16 P
gc 2240 @8.164s 6%: 0.10+0.66+0.089 ms clock, 1.7+0.48/1.0/0+1.4 ms cpu, 4->4->2 MB, 4 MB goal, 0 MB stacks, 0 MB globals, 16 P
gc 2241 @8.165s 6%: 0.23+0.56+0.14 ms clock, 3.7+0.69/1.0/0+2.3 ms cpu, 3->4->2 MB, 4 MB goal, 0 MB stacks, 0 MB globals, 16 P
gc 2242 @8.167s 6%: 0.12+0.72+0.11 ms clock, 1.9+0.67/1.0/0.007+1.8 ms cpu, 3->4->2 MB, 4 MB goal, 0 MB stacks, 0 MB globals, 16 P
gc 2243 @8.169s 6%: 0.15+0.47+0.16 ms clock, 2.5+0.65/0.92/0+2.6 ms cpu, 4->4->2 MB, 5 MB goal, 0 MB stacks, 0 MB globals, 16 P
gc 2244 @8.171s 6%: 0.22+0.95+0.090 ms clock, 3.5+0.72/0.73/0+1.4 ms cpu, 3->4->2 MB, 4 MB goal, 0 MB stacks, 0 MB globals, 16 P
gc 2245 @8.173s 6%: 0.080+0.60+0.11 ms clock, 1.2+0.50/1.0/0.001+1.8 ms cpu, 4->5->2 MB, 5 MB goal, 0 MB stacks, 0 MB globals, 16 P
gc 2246 @8.174s 6%: 0.19+0.69+0.11 ms clock, 3.1+0.59/1.0/0.003+1.8 ms cpu, 3->4->2 MB, 4 MB goal, 0 MB stacks, 0 MB globals, 16 P
gc 2247 @8.176s 6%: 0.17+0.76+0.072 ms clock, 2.8+0.65/0.91/0+1.1 ms cpu, 4->5->2 MB, 5 MB goal, 0 MB stacks, 0 MB globals, 16 P
gc 2248 @8.178s 6%: 0.16+0.76+0.22 ms clock, 2.6+0.90/0.80/0.032+3.5 ms cpu, 4->5->2 MB, 5 MB goal, 0 MB stacks, 0 MB globals, 16 P
gc 2249 @8.180s 6%: 0.14+0.67+0.12 ms clock, 2.3+0.67/0.89/0.018+1.9 ms cpu, 4->5->2 MB, 5 MB goal, 0 MB stacks, 0 MB globals, 16 P
gc 2250 @8.182s 6%: 0.26+0.69+0.13 ms clock, 4.1+0.72/0.87/0+2.1 ms cpu, 4->4->2 MB, 4 MB goal, 0 MB stacks, 0 MB globals, 16 P
gc 2251 @8.184s 6%: 0.15+0.58+0.10 ms clock, 2.4+0.78/0.83/0.045+1.6 ms cpu, 4->4->2 MB, 5 MB goal, 0 MB stacks, 0 MB globals, 16 P
gc 2252 @8.186s 6%: 0.085+0.87+0.096 ms clock, 1.3+0.33/1.0/0+1.5 ms cpu, 3->4->2 MB, 4 MB goal, 0 MB stacks, 0 MB globals, 16 P
gc 2253 @8.188s 6%: 0.14+0.62+0.11 ms clock, 2.2+0.54/0.96/0+1.8 ms cpu, 4->5->2 MB, 5 MB goal, 0 MB stacks, 0 MB globals, 16 P
gc 2254 @8.189s 6%: 0.17+0.78+0.10 ms clock, 2.8+0.86/0.88/0+1.7 ms cpu, 4->5->2 MB, 4 MB goal, 0 MB stacks, 0 MB globals, 16 P
gc 2255 @8.192s 6%: 0.11+0.89+0.12 ms clock, 1.7+0.58/1.0/0+1.9 ms cpu, 4->5->2 MB, 5 MB goal, 0 MB stacks, 0 MB globals, 16 P
gc 2256 @8.194s 6%: 0.14+0.56+0.070 ms clock, 2.2+0.82/0.87/0.058+1.1 ms cpu, 4->5->2 MB, 5 MB goal, 0 MB stacks, 0 MB globals, 16 P
gc 2257 @8.195s 6%: 0.097+0.79+0.14 ms clock, 1.5+0.64/0.91/0.039+2.2 ms cpu, 4->4->2 MB, 4 MB goal, 0 MB stacks, 0 MB globals, 16 P
gc 2258 @8.198s 6%: 0.25+0.70+0.20 ms clock, 4.0+0.73/0.99/0+3.3 ms cpu, 4->5->2 MB, 5 MB goal, 0 MB stacks, 0 MB globals, 16 P
gc 2259 @8.200s 6%: 0.14+0.56+0.14 ms clock, 2.3+0.60/0.92/0.010+2.3 ms cpu, 4->5->2 MB, 5 MB goal, 0 MB stacks, 0 MB globals, 16 P
gc 2260 @8.202s 6%: 0.14+0.62+0.18 ms clock, 2.3+0.92/1.0/0+2.9 ms cpu, 3->4->2 MB, 4 MB goal, 0 MB stacks, 0 MB globals, 16 P
gc 2261 @8.203s 6%: 0.14+0.64+0.17 ms clock, 2.2+0.67/1.0/0+2.8 ms cpu, 4->5->2 MB, 5 MB goal, 0 MB stacks, 0 MB globals, 16 P
gc 2262 @8.205s 6%: 0.18+0.74+0.16 ms clock, 2.8+0.88/0.75/0.001+2.6 ms cpu, 4->5->2 MB, 4 MB goal, 0 MB stacks, 0 MB globals, 16 P
gc 2263 @8.207s 6%: 0.11+0.56+0.10 ms clock, 1.9+0.57/0.91/0+1.6 ms cpu, 4->4->2 MB, 4 MB goal, 0 MB stacks, 0 MB globals, 16 P
gc 2264 @8.209s 6%: 0.13+0.73+0.063 ms clock, 2.1+0.64/0.87/0.064+1.0 ms cpu, 3->4->2 MB, 4 MB goal, 0 MB stacks, 0 MB globals, 16 P
gc 2265 @8.211s 6%: 0.11+0.76+0.11 ms clock, 1.8+0.69/0.97/0+1.8 ms cpu, 4->5->2 MB, 5 MB goal, 0 MB stacks, 0 MB globals, 16 P
gc 2266 @8.213s 6%: 0.14+0.68+0.093 ms clock, 2.2+0.72/0.96/0.024+1.4 ms cpu, 4->5->2 MB, 5 MB goal, 0 MB stacks, 0 MB globals, 16 P
gc 2267 @8.214s 6%: 0.12+0.72+0.097 ms clock, 1.9+0.56/1.0/0+1.5 ms cpu, 4->5->2 MB, 4 MB goal, 0 MB stacks, 0 MB globals, 16 P
gc 2268 @8.216s 6%: 0.12+0.57+0.20 ms clock, 1.9+0.58/0.98/0.032+3.3 ms cpu, 4->5->2 MB, 5 MB goal, 0 MB stacks, 0 MB globals, 16 P
gc 2269 @8.218s 6%: 0.12+0.51+0.12 ms clock, 1.9+0.64/0.85/0.018+2.0 ms cpu, 3->4->2 MB, 4 MB goal, 0 MB stacks, 0 MB globals, 16 P
gc 2270 @8.220s 6%: 0.098+0.57+0.11 ms clock, 1.5+0.57/0.88/0.005+1.7 ms cpu, 3->4->2 MB, 4 MB goal, 0 MB stacks, 0 MB globals, 16 P
gc 2271 @8.221s 6%: 0.22+0.73+0.089 ms clock, 3.5+0.66/1.0/0.020+1.4 ms cpu, 3->5->2 MB, 4 MB goal, 0 MB stacks, 0 MB globals, 16 P
gc 2272 @8.223s 6%: 0.12+0.55+0.16 ms clock, 2.0+0.71/0.92/0+2.5 ms cpu, 4->5->2 MB, 5 MB goal, 0 MB stacks, 0 MB globals, 16 P
gc 2273 @8.225s 6%: 0.10+0.59+0.20 ms clock, 1.7+0.66/0.84/0.026+3.2 ms cpu, 4->4->2 MB, 4 MB goal, 0 MB stacks, 0 MB globals, 16 P
gc 2274 @8.227s 6%: 0.15+0.50+0.11 ms clock, 2.4+0.87/1.0/0+1.8 ms cpu, 3->4->2 MB, 4 MB goal, 0 MB stacks, 0 MB globals, 16 P
gc 2275 @8.229s 6%: 0.11+0.67+0.25 ms clock, 1.9+0.60/0.88/0+4.0 ms cpu, 3->4->2 MB, 4 MB goal, 0 MB stacks, 0 MB globals, 16 P
gc 2276 @8.230s 6%: 0.15+0.49+0.13 ms clock, 2.4+0.61/0.88/0+2.1 ms cpu, 4->4->2 MB, 4 MB goal, 0 MB stacks, 0 MB globals, 16 P
gc 2277 @8.232s 6%: 0.20+0.59+0.19 ms clock, 3.2+0.93/0.85/0+3.0 ms cpu, 3->4->2 MB, 4 MB goal, 0 MB stacks, 0 MB globals, 16 P
gc 2278 @8.234s 6%: 0.16+0.61+0.12 ms clock, 2.7+0.53/0.96/0.010+1.9 ms cpu, 4->5->2 MB, 5 MB goal, 0 MB stacks, 0 MB globals, 16 P
gc 2279 @8.235s 6%: 0.10+0.61+0.11 ms clock, 1.6+0.57/0.88/0+1.8 ms cpu, 3->4->2 MB, 4 MB goal, 0 MB stacks, 0 MB globals, 16 P
gc 2280 @8.237s 6%: 0.12+0.70+0.14 ms clock, 1.9+0.69/0.88/0+2.2 ms cpu, 3->4->2 MB, 4 MB goal, 0 MB stacks, 0 MB globals, 16 P
gc 2281 @8.239s 6%: 0.10+0.99+0.088 ms clock, 1.7+0.63/1.0/0+1.4 ms cpu, 4->5->2 MB, 4 MB goal, 0 MB stacks, 0 MB globals, 16 P
gc 2282 @8.241s 6%: 0.12+0.67+0.10 ms clock, 1.9+0.61/0.96/0+1.6 ms cpu, 4->5->2 MB, 5 MB goal, 0 MB stacks, 0 MB globals, 16 P
gc 2283 @8.243s 6%: 0.21+0.69+0.11 ms clock, 3.4+0.44/1.1/0.015+1.8 ms cpu, 4->5->2 MB, 4 MB goal, 0 MB stacks, 0 MB globals, 16 P
gc 2284 @8.245s 6%: 0.11+0.71+0.11 ms clock, 1.7+0.64/0.99/0+1.9 ms cpu, 4->5->2 MB, 5 MB goal, 0 MB stacks, 0 MB globals, 16 P
gc 2285 @8.247s 6%: 0.13+0.60+0.10 ms clock, 2.2+0.67/1.0/0+1.7 ms cpu, 4->5->2 MB, 5 MB goal, 0 MB stacks, 0 MB globals, 16 P
gc 2286 @8.249s 6%: 0.12+0.64+0.091 ms clock, 1.9+0.54/0.84/0.015+1.4 ms cpu, 4->4->2 MB, 4 MB goal, 0 MB stacks, 0 MB globals, 16 P
gc 2287 @8.251s 6%: 0.13+0.54+0.14 ms clock, 2.1+0.70/0.90/0.001+2.2 ms cpu, 4->4->2 MB, 4 MB goal, 0 MB stacks, 0 MB globals, 16 P
gc 2288 @8.252s 6%: 0.11+0.64+0.10 ms clock, 1.9+0.61/1.0/0+1.6 ms cpu, 3->4->2 MB, 4 MB goal, 0 MB stacks, 0 MB globals, 16 P
gc 2289 @8.254s 6%: 0.18+0.76+0.19 ms clock, 3.0+0.63/0.87/0+3.1 ms cpu, 4->5->2 MB, 4 MB goal, 0 MB stacks, 0 MB globals, 16 P
gc 2290 @8.256s 6%: 0.13+0.58+0.092 ms clock, 2.1+0.64/0.87/0.002+1.4 ms cpu, 4->5->2 MB, 5 MB goal, 0 MB stacks, 0 MB globals, 16 P
gc 2291 @8.258s 6%: 0.11+0.59+0.086 ms clock, 1.8+0.58/0.91/0+1.3 ms cpu, 4->4->2 MB, 4 MB goal, 0 MB stacks, 0 MB globals, 16 P
gc 2292 @8.260s 6%: 0.22+0.60+0.13 ms clock, 3.6+0.74/0.94/0+2.1 ms cpu, 4->4->2 MB, 4 MB goal, 0 MB stacks, 0 MB globals, 16 P
gc 2293 @8.262s 6%: 0.13+0.81+0.087 ms clock, 2.1+0.53/1.1/0+1.4 ms cpu, 4->5->2 MB, 4 MB goal, 0 MB stacks, 0 MB globals, 16 P
gc 2294 @8.264s 6%: 0.11+0.57+0.18 ms clock, 1.8+0.61/1.0/0.012+2.9 ms cpu, 4->5->2 MB, 5 MB goal, 0 MB stacks, 0 MB globals, 16 P
gc 2295 @8.265s 6%: 0.10+0.62+0.18 ms clock, 1.6+0.55/0.94/0.099+2.9 ms cpu, 4->4->2 MB, 4 MB goal, 0 MB stacks, 0 MB globals, 16 P
gc 2296 @8.267s 6%: 0.19+0.66+0.16 ms clock, 3.1+0.73/0.97/0.004+2.7 ms cpu, 3->4->2 MB, 4 MB goal, 0 MB stacks, 0 MB globals, 16 P
gc 2297 @8.269s 6%: 0.16+0.79+0.11 ms clock, 2.6+0.66/1.0/0.046+1.9 ms cpu, 4->5->2 MB, 5 MB goal, 0 MB stacks, 0 MB globals, 16 P
gc 2298 @8.271s 6%: 0.26+0.59+0.11 ms clock, 4.3+0.62/0.92/0+1.8 ms cpu, 4->5->2 MB, 5 MB goal, 0 MB stacks, 0 MB globals, 16 P
gc 2299 @8.273s 6%: 0.13+0.65+0.098 ms clock, 2.1+0.56/0.94/0+1.5 ms cpu, 4->4->2 MB, 5 MB goal, 0 MB stacks, 0 MB globals, 16 P
gc 2300 @8.275s 6%: 0.13+0.88+0.12 ms clock, 2.1+0.76/0.85/0+1.9 ms cpu, 3->5->2 MB, 4 MB goal, 0 MB stacks, 0 MB globals, 16 P
gc 2301 @8.277s 6%: 0.12+0.82+0.10 ms clock, 1.9+0.64/1.1/0+1.6 ms cpu, 4->5->2 MB, 5 MB goal, 0 MB stacks, 0 MB globals, 16 P
gc 2302 @8.279s 6%: 0.10+0.90+0.11 ms clock, 1.7+0.80/0.82/0+1.8 ms cpu, 4->5->2 MB, 5 MB goal, 0 MB stacks, 0 MB globals, 16 P
gc 2303 @8.281s 6%: 0.11+0.62+0.14 ms clock, 1.8+0.69/1.0/0+2.3 ms cpu, 4->5->2 MB, 5 MB goal, 0 MB stacks, 0 MB globals, 16 P
gc 2304 @8.283s 6%: 0.12+0.59+0.15 ms clock, 1.9+0.80/0.97/0+2.4 ms cpu, 4->4->2 MB, 4 MB goal, 0 MB stacks, 0 MB globals, 16 P
gc 2305 @8.285s 6%: 0.11+0.68+0.12 ms clock, 1.8+0.55/0.95/0+2.0 ms cpu, 3->4->2 MB, 4 MB goal, 0 MB stacks, 0 MB globals, 16 P
gc 2306 @8.286s 6%: 0.12+0.52+0.19 ms clock, 1.9+0.62/0.92/0+3.0 ms cpu, 4->4->2 MB, 4 MB goal, 0 MB stacks, 0 MB globals, 16 P
gc 2307 @8.288s 6%: 0.11+0.51+0.15 ms clock, 1.8+0.57/0.90/0+2.4 ms cpu, 3->4->2 MB, 4 MB goal, 0 MB stacks, 0 MB globals, 16 P
gc 2308 @8.289s 6%: 0.21+0.91+0.10 ms clock, 3.4+0.90/1.0/0+1.7 ms cpu, 3->5->2 MB, 4 MB goal, 0 MB stacks, 0 MB globals, 16 P
gc 2309 @8.292s 6%: 0.17+0.59+0.13 ms clock, 2.7+0.71/0.89/0+2.1 ms cpu, 4->5->2 MB, 5 MB goal, 0 MB stacks, 0 MB globals, 16 P
gc 2310 @8.293s 6%: 0.16+0.68+0.11 ms clock, 2.5+0.76/1.0/0.002+1.7 ms cpu, 4->4->2 MB, 4 MB goal, 0 MB stacks, 0 MB globals, 16 P
gc 2311 @8.295s 6%: 0.11+0.57+0.088 ms clock, 1.8+0.63/0.86/0.005+1.4 ms cpu, 4->5->2 MB, 5 MB goal, 0 MB stacks, 0 MB globals, 16 P
gc 2312 @8.297s 6%: 0.17+0.50+0.078 ms clock, 2.7+0.69/0.90/0+1.2 ms cpu, 3->4->2 MB, 4 MB goal, 0 MB stacks, 0 MB globals, 16 P
gc 2313 @8.299s 6%: 0.18+0.71+0.11 ms clock, 2.9+0.66/0.97/0+1.7 ms cpu, 4->4->2 MB, 4 MB goal, 0 MB stacks, 0 MB globals, 16 P
gc 2314 @8.301s 6%: 0.12+0.46+0.20 ms clock, 2.0+0.76/0.91/0+3.2 ms cpu, 4->4->2 MB, 4 MB goal, 0 MB stacks, 0 MB globals, 16 P
gc 2315 @8.302s 6%: 0.19+0.76+0.15 ms clock, 3.1+0.73/1.0/0.013+2.5 ms cpu, 3->4->2 MB, 4 MB goal, 0 MB stacks, 0 MB globals, 16 P
gc 2316 @8.304s 6%: 0.10+0.63+0.14 ms clock, 1.6+0.70/0.94/0+2.3 ms cpu, 4->5->2 MB, 5 MB goal, 0 MB stacks, 0 MB globals, 16 P
gc 2317 @8.306s 6%: 0.23+0.60+0.30 ms clock, 3.7+0.73/0.86/0+4.8 ms cpu, 4->5->2 MB, 5 MB goal, 0 MB stacks, 0 MB globals, 16 P
gc 2318 @8.308s 6%: 0.16+0.56+0.18 ms clock, 2.6+0.63/0.90/0+3.0 ms cpu, 4->5->2 MB, 5 MB goal, 0 MB stacks, 0 MB globals, 16 P
gc 2319 @8.310s 6%: 0.12+0.58+0.20 ms clock, 1.9+0.82/0.88/0+3.3 ms cpu, 4->4->2 MB, 4 MB goal, 0 MB stacks, 0 MB globals, 16 P
gc 2320 @8.312s 6%: 0.13+0.65+0.13 ms clock, 2.1+0.67/0.88/0+2.1 ms cpu, 4->5->2 MB, 4 MB goal, 0 MB stacks, 0 MB globals, 16 P
gc 2321 @8.313s 6%: 0.12+0.62+0.19 ms clock, 1.9+0.80/0.92/0+3.1 ms cpu, 4->5->2 MB, 4 MB goal, 0 MB stacks, 0 MB globals, 16 P
gc 2322 @8.315s 6%: 0.096+0.77+0.060 ms clock, 1.5+0.57/0.93/0+0.96 ms cpu, 4->5->2 MB, 4 MB goal, 0 MB stacks, 0 MB globals, 16 P
gc 2323 @8.317s 6%: 0.11+0.65+0.077 ms clock, 1.8+0.69/0.86/0+1.2 ms cpu, 4->4->2 MB, 4 MB goal, 0 MB stacks, 0 MB globals, 16 P
gc 2324 @8.319s 6%: 0.17+0.56+0.18 ms clock, 2.8+0.45/0.93/0.15+2.8 ms cpu, 4->4->2 MB, 4 MB goal, 0 MB stacks, 0 MB globals, 16 P
gc 2325 @8.321s 6%: 0.13+0.60+0.18 ms clock, 2.1+0.51/0.91/0.004+2.9 ms cpu, 4->4->2 MB, 4 MB goal, 0 MB stacks, 0 MB globals, 16 P
gc 2326 @8.322s 6%: 0.14+0.77+0.16 ms clock, 2.3+0.68/0.97/0+2.6 ms cpu, 4->5->2 MB, 4 MB goal, 0 MB stacks, 0 MB globals, 16 P
gc 2327 @8.324s 6%: 0.10+0.65+0.099 ms clock, 1.7+0.70/0.99/0.040+1.5 ms cpu, 4->5->2 MB, 5 MB goal, 0 MB stacks, 0 MB globals, 16 P
gc 2328 @8.326s 6%: 0.16+0.67+0.16 ms clock, 2.6+0.82/0.86/0+2.5 ms cpu, 4->4->2 MB, 4 MB goal, 0 MB stacks, 0 MB globals, 16 P
gc 2329 @8.328s 6%: 0.10+0.57+0.13 ms clock, 1.6+0.50/0.99/0.015+2.1 ms cpu, 4->4->2 MB, 4 MB goal, 0 MB stacks, 0 MB globals, 16 P
gc 2330 @8.329s 6%: 0.12+0.60+0.10 ms clock, 1.9+0.65/1.0/0+1.7 ms cpu, 3->4->2 MB, 4 MB goal, 0 MB stacks, 0 MB globals, 16 P
gc 2331 @8.331s 6%: 0.17+0.55+0.16 ms clock, 2.8+0.70/1.1/0.016+2.5 ms cpu, 4->4->2 MB, 4 MB goal, 0 MB stacks, 0 MB globals, 16 P
gc 2332 @8.333s 6%: 0.11+0.50+0.14 ms clock, 1.7+0.79/0.93/0.004+2.3 ms cpu, 4->4->2 MB, 4 MB goal, 0 MB stacks, 0 MB globals, 16 P
gc 2333 @8.334s 6%: 0.11+0.72+0.11 ms clock, 1.7+0.73/0.89/0+1.9 ms cpu, 3->4->2 MB, 4 MB goal, 0 MB stacks, 0 MB globals, 16 P
gc 2334 @8.336s 6%: 0.11+0.69+0.048 ms clock, 1.8+0.58/1.0/0+0.77 ms cpu, 4->5->2 MB, 4 MB goal, 0 MB stacks, 0 MB globals, 16 P
gc 2335 @8.338s 6%: 0.14+0.68+0.16 ms clock, 2.2+0.71/0.85/0+2.6 ms cpu, 4->5->2 MB, 4 MB goal, 0 MB stacks, 0 MB globals, 16 P
gc 2336 @8.340s 6%: 0.17+0.69+0.16 ms clock, 2.7+0.73/0.93/0.002+2.7 ms cpu, 4->5->2 MB, 5 MB goal, 0 MB stacks, 0 MB globals, 16 P
gc 2337 @8.342s 6%: 0.14+0.74+0.12 ms clock, 2.3+0.60/1.1/0.001+1.9 ms cpu, 4->5->2 MB, 5 MB goal, 0 MB stacks, 0 MB globals, 16 P
gc 2338 @8.344s 6%: 0.13+0.58+0.19 ms clock, 2.2+0.54/0.86/0.17+3.0 ms cpu, 4->4->2 MB, 5 MB goal, 0 MB stacks, 0 MB globals, 16 P
gc 2339 @8.346s 6%: 0.16+0.71+0.049 ms clock, 2.6+0.72/0.92/0.002+0.79 ms cpu, 3->4->2 MB, 4 MB goal, 0 MB stacks, 0 MB globals, 16 P
gc 2340 @8.348s 6%: 0.12+0.55+0.13 ms clock, 2.0+0.64/0.87/0+2.1 ms cpu, 4->5->2 MB, 5 MB goal, 0 MB stacks, 0 MB globals, 16 P
gc 2341 @8.349s 6%: 0.17+0.86+0.11 ms clock, 2.7+1.2/1.0/0+1.8 ms cpu, 4->5->2 MB, 4 MB goal, 0 MB stacks, 0 MB globals, 16 P
gc 2342 @8.352s 6%: 0.11+0.75+0.15 ms clock, 1.8+0.49/1.0/0+2.5 ms cpu, 4->5->2 MB, 5 MB goal, 0 MB stacks, 0 MB globals, 16 P
gc 2343 @8.354s 6%: 0.12+0.69+0.15 ms clock, 2.0+0.71/1.0/0.030+2.4 ms cpu, 4->5->2 MB, 5 MB goal, 0 MB stacks, 0 MB globals, 16 P
gc 2344 @8.356s 6%: 0.20+0.48+0.15 ms clock, 3.2+0.77/0.81/0+2.4 ms cpu, 4->4->2 MB, 4 MB goal, 0 MB stacks, 0 MB globals, 16 P
gc 2345 @8.357s 6%: 0.11+0.65+0.12 ms clock, 1.8+0.56/0.98/0+1.9 ms cpu, 3->4->2 MB, 4 MB goal, 0 MB stacks, 0 MB globals, 16 P
gc 2346 @8.359s 6%: 0.14+0.69+0.10 ms clock, 2.2+0.63/1.0/0+1.6 ms cpu, 3->4->2 MB, 4 MB goal, 0 MB stacks, 0 MB globals, 16 P
gc 2347 @8.361s 6%: 0.14+0.54+0.13 ms clock, 2.2+0.69/0.96/0.002+2.1 ms cpu, 4->5->2 MB, 5 MB goal, 0 MB stacks, 0 MB globals, 16 P
gc 2348 @8.362s 6%: 0.18+0.75+0.19 ms clock, 2.9+0.70/1.0/0.019+3.1 ms cpu, 4->4->2 MB, 4 MB goal, 0 MB stacks, 0 MB globals, 16 P
gc 2349 @8.365s 6%: 0.10+0.64+0.14 ms clock, 1.6+0.57/1.0/0+2.3 ms cpu, 4->5->2 MB, 5 MB goal, 0 MB stacks, 0 MB globals, 16 P
gc 2350 @8.366s 6%: 0.10+0.62+0.14 ms clock, 1.6+0.68/0.88/0+2.3 ms cpu, 4->4->2 MB, 4 MB goal, 0 MB stacks, 0 MB globals, 16 P
gc 2351 @8.368s 6%: 0.10+0.53+0.11 ms clock, 1.7+0.78/0.95/0+1.7 ms cpu, 4->4->2 MB, 4 MB goal, 0 MB stacks, 0 MB globals, 16 P
gc 2352 @8.370s 6%: 0.12+0.59+0.13 ms clock, 2.0+0.57/0.96/0+2.2 ms cpu, 3->4->2 MB, 4 MB goal, 0 MB stacks, 0 MB globals, 16 P
gc 2353 @8.371s 6%: 0.15+0.56+0.11 ms clock, 2.4+0.58/0.99/0.050+1.8 ms cpu, 4->4->2 MB, 4 MB goal, 0 MB stacks, 0 MB globals, 16 P
gc 2354 @8.373s 6%: 0.12+0.50+0.10 ms clock, 2.0+0.65/0.89/0+1.6 ms cpu, 4->4->2 MB, 4 MB goal, 0 MB stacks, 0 MB globals, 16 P
gc 2355 @8.375s 6%: 0.10+0.70+0.14 ms clock, 1.6+0.65/0.99/0.073+2.3 ms cpu, 3->4->2 MB, 4 MB goal, 0 MB stacks, 0 MB globals, 16 P
gc 2356 @8.377s 6%: 0.12+0.67+0.13 ms clock, 1.9+0.76/0.82/0.014+2.1 ms cpu, 4->5->2 MB, 4 MB goal, 0 MB stacks, 0 MB globals, 16 P
gc 2357 @8.378s 6%: 0.14+0.70+0.13 ms clock, 2.2+0.64/0.87/0+2.1 ms cpu, 4->5->2 MB, 4 MB goal, 0 MB stacks, 0 MB globals, 16 P
gc 2358 @8.380s 6%: 0.17+0.61+0.23 ms clock, 2.7+0.65/0.96/0+3.8 ms cpu, 4->5->2 MB, 4 MB goal, 0 MB stacks, 0 MB globals, 16 P
gc 2359 @8.382s 6%: 0.13+0.60+0.12 ms clock, 2.2+0.63/0.91/0+1.9 ms cpu, 4->4->2 MB, 4 MB goal, 0 MB stacks, 0 MB globals, 16 P
gc 2360 @8.384s 6%: 0.20+0.76+0.15 ms clock, 3.2+0.63/0.87/0+2.4 ms cpu, 3->4->2 MB, 4 MB goal, 0 MB stacks, 0 MB globals, 16 P
gc 2361 @8.386s 6%: 0.16+0.66+0.13 ms clock, 2.6+0.64/1.0/0+2.2 ms cpu, 4->5->2 MB, 5 MB goal, 0 MB stacks, 0 MB globals, 16 P
gc 2362 @8.388s 6%: 0.11+0.59+0.083 ms clock, 1.8+0.74/0.78/0+1.3 ms cpu, 4->4->2 MB, 5 MB goal, 0 MB stacks, 0 MB globals, 16 P
gc 2363 @8.389s 6%: 0.10+0.63+0.11 ms clock, 1.7+0.66/1.0/0+1.8 ms cpu, 3->4->2 MB, 4 MB goal, 0 MB stacks, 0 MB globals, 16 P
gc 2364 @8.391s 6%: 0.17+0.72+0.13 ms clock, 2.8+0.81/0.87/0.004+2.2 ms cpu, 4->4->2 MB, 4 MB goal, 0 MB stacks, 0 MB globals, 16 P
gc 2365 @8.393s 6%: 0.11+0.75+0.20 ms clock, 1.9+0.51/1.0/0+3.3 ms cpu, 4->5->2 MB, 5 MB goal, 0 MB stacks, 0 MB globals, 16 P
gc 2366 @8.395s 6%: 0.15+0.79+0.17 ms clock, 2.4+0.72/1.0/0+2.7 ms cpu, 4->5->2 MB, 5 MB goal, 0 MB stacks, 0 MB globals, 16 P
gc 2367 @8.397s 6%: 0.13+0.68+0.11 ms clock, 2.1+0.52/1.0/0+1.8 ms cpu, 4->5->2 MB, 5 MB goal, 0 MB stacks, 0 MB globals, 16 P
gc 2368 @8.399s 6%: 0.18+0.60+0.14 ms clock, 2.9+0.68/0.96/0+2.2 ms cpu, 4->5->2 MB, 4 MB goal, 0 MB stacks, 0 MB globals, 16 P
gc 2369 @8.401s 6%: 0.11+0.64+0.096 ms clock, 1.8+0.65/1.0/0+1.5 ms cpu, 4->5->2 MB, 5 MB goal, 0 MB stacks, 0 MB globals, 16 P
gc 2370 @8.403s 6%: 0.063+0.55+0.18 ms clock, 1.0+0.46/1.1/0.057+2.9 ms cpu, 4->4->2 MB, 4 MB goal, 0 MB stacks, 0 MB globals, 16 P
gc 2371 @8.404s 6%: 0.11+0.95+0.069 ms clock, 1.8+0.73/0.85/0.054+1.1 ms cpu, 3->4->2 MB, 4 MB goal, 0 MB stacks, 0 MB globals, 16 P
gc 2372 @8.406s 6%: 0.12+0.57+0.15 ms clock, 1.9+0.80/0.95/0+2.5 ms cpu, 4->5->2 MB, 5 MB goal, 0 MB stacks, 0 MB globals, 16 P
gc 2373 @8.408s 6%: 0.15+0.51+0.10 ms clock, 2.5+0.65/0.96/0+1.6 ms cpu, 4->4->2 MB, 4 MB goal, 0 MB stacks, 0 MB globals, 16 P
gc 2374 @8.410s 6%: 0.20+0.60+0.14 ms clock, 3.2+0.58/0.98/0+2.2 ms cpu, 3->4->2 MB, 4 MB goal, 0 MB stacks, 0 MB globals, 16 P
gc 2375 @8.412s 6%: 0.15+0.80+0.11 ms clock, 2.4+0.49/1.1/0.029+1.7 ms cpu, 4->5->2 MB, 4 MB goal, 0 MB stacks, 0 MB globals, 16 P
gc 2376 @8.414s 6%: 0.14+0.55+0.14 ms clock, 2.3+0.55/0.96/0+2.3 ms cpu, 4->5->2 MB, 5 MB goal, 0 MB stacks, 0 MB globals, 16 P
gc 2377 @8.415s 7%: 0.10+0.73+0.16 ms clock, 1.7+0.50/1.1/0.017+2.6 ms cpu, 3->4->2 MB, 4 MB goal, 0 MB stacks, 0 MB globals, 16 P
gc 2378 @8.417s 7%: 0.081+0.79+0.077 ms clock, 1.3+0.61/1.0/0.027+1.2 ms cpu, 4->4->2 MB, 4 MB goal, 0 MB stacks, 0 MB globals, 16 P
gc 2379 @8.419s 7%: 0.13+0.67+0.15 ms clock, 2.1+0.44/1.1/0.021+2.5 ms cpu, 4->5->2 MB, 4 MB goal, 0 MB stacks, 0 MB globals, 16 P
gc 2380 @8.421s 7%: 0.10+0.57+0.097 ms clock, 1.7+0.65/0.92/0+1.5 ms cpu, 4->4->2 MB, 4 MB goal, 0 MB stacks, 0 MB globals, 16 P
gc 2381 @8.422s 7%: 0.19+0.57+0.13 ms clock, 3.1+0.83/0.83/0+2.1 ms cpu, 3->4->2 MB, 4 MB goal, 0 MB stacks, 0 MB globals, 16 P
gc 2382 @8.424s 7%: 0.14+0.56+0.14 ms clock, 2.3+0.63/0.99/0+2.3 ms cpu, 3->4->2 MB, 4 MB goal, 0 MB stacks, 0 MB globals, 16 P
gc 2383 @8.426s 7%: 0.22+0.66+0.12 ms clock, 3.5+0.75/0.94/0+2.0 ms cpu, 4->5->2 MB, 5 MB goal, 0 MB stacks, 0 MB globals, 16 P
gc 2384 @8.428s 7%: 0.11+0.64+0.093 ms clock, 1.7+0.57/0.83/0.002+1.4 ms cpu, 4->5->2 MB, 5 MB goal, 0 MB stacks, 0 MB globals, 16 P
gc 2385 @8.430s 7%: 0.14+0.51+0.18 ms clock, 2.3+0.75/0.91/0+2.9 ms cpu, 3->4->2 MB, 4 MB goal, 0 MB stacks, 0 MB globals, 16 P
gc 2386 @8.431s 7%: 0.22+0.53+0.23 ms clock, 3.6+0.79/0.78/0+3.7 ms cpu, 3->4->2 MB, 4 MB goal, 0 MB stacks, 0 MB globals, 16 P
gc 2387 @8.433s 7%: 0.12+0.65+0.18 ms clock, 1.9+0.64/0.90/0+2.9 ms cpu, 4->4->2 MB, 4 MB goal, 0 MB stacks, 0 MB globals, 16 P
gc 2388 @8.435s 7%: 0.13+0.51+0.16 ms clock, 2.0+0.80/0.92/0.018+2.6 ms cpu, 3->4->2 MB, 4 MB goal, 0 MB stacks, 0 MB globals, 16 P
gc 2389 @8.436s 7%: 0.11+0.63+0.096 ms clock, 1.8+0.62/0.88/0.005+1.5 ms cpu, 4->4->2 MB, 4 MB goal, 0 MB stacks, 0 MB globals, 16 P
gc 2390 @8.438s 7%: 0.076+0.56+0.10 ms clock, 1.2+0.55/0.95/0.10+1.7 ms cpu, 4->4->2 MB, 4 MB goal, 0 MB stacks, 0 MB globals, 16 P
gc 2391 @8.440s 7%: 0.084+0.51+0.16 ms clock, 1.3+0.54/0.95/0.003+2.6 ms cpu, 3->4->2 MB, 4 MB goal, 0 MB stacks, 0 MB globals, 16 P
gc 2392 @8.441s 7%: 0.12+0.61+0.086 ms clock, 2.0+0.55/1.0/0+1.3 ms cpu, 3->4->2 MB, 4 MB goal, 0 MB stacks, 0 MB globals, 16 P
gc 2393 @8.443s 7%: 0.16+0.75+0.097 ms clock, 2.6+1.1/0.91/0+1.5 ms cpu, 4->4->2 MB, 4 MB goal, 0 MB stacks, 0 MB globals, 16 P
gc 2394 @8.445s 7%: 0.16+0.67+0.080 ms clock, 2.7+0.63/0.92/0+1.2 ms cpu, 4->5->2 MB, 4 MB goal, 0 MB stacks, 0 MB globals, 16 P
gc 2395 @8.447s 7%: 0.12+0.84+0.059 ms clock, 2.0+0.53/1.0/0+0.94 ms cpu, 4->5->2 MB, 5 MB goal, 0 MB stacks, 0 MB globals, 16 P
gc 2396 @8.449s 7%: 0.16+0.59+0.12 ms clock, 2.6+0.75/0.91/0+1.9 ms cpu, 4->5->2 MB, 5 MB goal, 0 MB stacks, 0 MB globals, 16 P
gc 2397 @8.451s 7%: 0.10+0.72+0.19 ms clock, 1.7+0.63/1.1/0.023+3.1 ms cpu, 4->5->2 MB, 5 MB goal, 0 MB stacks, 0 MB globals, 16 P
gc 2398 @8.453s 7%: 0.12+0.64+0.19 ms clock, 1.9+0.60/0.94/0.001+3.0 ms cpu, 4->5->2 MB, 5 MB goal, 0 MB stacks, 0 MB globals, 16 P
gc 2399 @8.455s 7%: 0.14+0.73+0.17 ms clock, 2.3+0.54/1.1/0+2.7 ms cpu, 4->5->2 MB, 4 MB goal, 0 MB stacks, 0 MB globals, 16 P
gc 2400 @8.457s 7%: 0.13+0.56+0.14 ms clock, 2.1+0.62/0.93/0+2.2 ms cpu, 4->5->2 MB, 5 MB goal, 0 MB stacks, 0 MB globals, 16 P
gc 2401 @8.459s 7%: 0.19+0.60+0.18 ms clock, 3.0+0.76/0.86/0+2.9 ms cpu, 3->4->2 MB, 4 MB goal, 0 MB stacks, 0 MB globals, 16 P
gc 2402 @8.461s 7%: 0.10+0.53+0.090 ms clock, 1.6+0.68/0.85/0+1.4 ms cpu, 4->4->2 MB, 5 MB goal, 0 MB stacks, 0 MB globals, 16 P
gc 2403 @8.462s 7%: 0.12+0.67+0.076 ms clock, 1.9+0.54/0.92/0+1.2 ms cpu, 3->4->2 MB, 4 MB goal, 0 MB stacks, 0 MB globals, 16 P
gc 2404 @8.464s 7%: 0.12+0.74+0.098 ms clock, 1.9+0.50/1.1/0+1.5 ms cpu, 4->4->2 MB, 4 MB goal, 0 MB stacks, 0 MB globals, 16 P
gc 2405 @8.466s 7%: 0.12+0.66+0.12 ms clock, 1.9+0.71/0.96/0+2.0 ms cpu, 4->5->2 MB, 4 MB goal, 0 MB stacks, 0 MB globals, 16 P
gc 2406 @8.468s 7%: 0.11+0.72+0.10 ms clock, 1.8+0.67/0.98/0.057+1.7 ms cpu, 4->5->2 MB, 4 MB goal, 0 MB stacks, 0 MB globals, 16 P
gc 2407 @8.470s 7%: 0.091+0.71+0.080 ms clock, 1.4+0.70/1.0/0.002+1.2 ms cpu, 4->5->2 MB, 5 MB goal, 0 MB stacks, 0 MB globals, 16 P
gc 2408 @8.471s 7%: 0.11+0.66+0.13 ms clock, 1.7+0.60/1.0/0.028+2.1 ms cpu, 4->4->2 MB, 4 MB goal, 0 MB stacks, 0 MB globals, 16 P
gc 2409 @8.473s 7%: 0.096+0.97+0.088 ms clock, 1.5+0.55/1.0/0.031+1.4 ms cpu, 4->5->2 MB, 4 MB goal, 0 MB stacks, 0 MB globals, 16 P
gc 2410 @8.475s 7%: 0.16+0.68+0.12 ms clock, 2.6+0.69/1.0/0.006+2.0 ms cpu, 4->5->2 MB, 5 MB goal, 0 MB stacks, 0 MB globals, 16 P
gc 2411 @8.477s 7%: 0.13+0.72+0.084 ms clock, 2.1+0.82/0.96/0+1.3 ms cpu, 4->5->2 MB, 5 MB goal, 0 MB stacks, 0 MB globals, 16 P
gc 2412 @8.479s 7%: 0.12+0.58+0.078 ms clock, 1.9+0.65/0.95/0+1.2 ms cpu, 4->5->2 MB, 5 MB goal, 0 MB stacks, 0 MB globals, 16 P
gc 2413 @8.481s 7%: 0.12+0.64+0.14 ms clock, 1.9+0.53/1.0/0+2.3 ms cpu, 3->4->2 MB, 4 MB goal, 0 MB stacks, 0 MB globals, 16 P
gc 2414 @8.483s 7%: 0.13+0.62+0.24 ms clock, 2.1+0.79/1.0/0+3.8 ms cpu, 4->4->2 MB, 4 MB goal, 0 MB stacks, 0 MB globals, 16 P
gc 2415 @8.485s 7%: 0.13+0.63+0.17 ms clock, 2.1+0.68/0.94/0+2.7 ms cpu, 3->4->2 MB, 4 MB goal, 0 MB stacks, 0 MB globals, 16 P
gc 2416 @8.487s 7%: 0.21+0.74+0.11 ms clock, 3.4+0.65/1.0/0+1.8 ms cpu, 4->5->2 MB, 5 MB goal, 0 MB stacks, 0 MB globals, 16 P
gc 2417 @8.488s 7%: 0.22+0.52+0.12 ms clock, 3.6+0.66/0.99/0.030+1.9 ms cpu, 4->5->2 MB, 5 MB goal, 0 MB stacks, 0 MB globals, 16 P
gc 2418 @8.490s 7%: 0.15+0.53+0.16 ms clock, 2.4+0.66/0.96/0+2.6 ms cpu, 4->4->2 MB, 4 MB goal, 0 MB stacks, 0 MB globals, 16 P
gc 2419 @8.492s 7%: 0.16+0.61+0.12 ms clock, 2.6+0.75/0.89/0+2.0 ms cpu, 4->4->2 MB, 4 MB goal, 0 MB stacks, 0 MB globals, 16 P
gc 2420 @8.494s 7%: 0.11+0.57+0.15 ms clock, 1.9+0.51/0.87/0.005+2.4 ms cpu, 4->4->2 MB, 4 MB goal, 0 MB stacks, 0 MB globals, 16 P
gc 2421 @8.495s 7%: 0.10+0.56+0.12 ms clock, 1.6+0.51/0.91/0.006+2.0 ms cpu, 3->4->2 MB, 4 MB goal, 0 MB stacks, 0 MB globals, 16 P
gc 2422 @8.497s 7%: 0.21+0.62+0.081 ms clock, 3.5+0.62/0.93/0+1.3 ms cpu, 3->4->2 MB, 4 MB goal, 0 MB stacks, 0 MB globals, 16 P
gc 2423 @8.499s 7%: 0.11+0.73+0.20 ms clock, 1.8+0.57/1.0/0+3.2 ms cpu, 4->5->2 MB, 4 MB goal, 0 MB stacks, 0 MB globals, 16 P
gc 2424 @8.501s 7%: 0.15+0.79+0.16 ms clock, 2.4+0.63/1.0/0+2.6 ms cpu, 4->5->2 MB, 5 MB goal, 0 MB stacks, 0 MB globals, 16 P
gc 2425 @8.503s 7%: 0.15+0.76+0.096 ms clock, 2.4+0.71/1.0/0+1.5 ms cpu, 4->5->2 MB, 5 MB goal, 0 MB stacks, 0 MB globals, 16 P
gc 2426 @8.505s 7%: 0.093+0.56+0.12 ms clock, 1.4+0.65/0.91/0+2.0 ms cpu, 4->5->2 MB, 5 MB goal, 0 MB stacks, 0 MB globals, 16 P
gc 2427 @8.506s 7%: 0.17+0.76+0.073 ms clock, 2.8+0.58/0.99/0+1.1 ms cpu, 3->4->2 MB, 4 MB goal, 0 MB stacks, 0 MB globals, 16 P
gc 2428 @8.508s 7%: 0.11+0.58+0.18 ms clock, 1.8+0.74/0.88/0+2.9 ms cpu, 4->4->2 MB, 4 MB goal, 0 MB stacks, 0 MB globals, 16 P
gc 2429 @8.510s 7%: 0.12+0.67+0.16 ms clock, 1.9+0.69/0.89/0+2.5 ms cpu, 3->4->2 MB, 4 MB goal, 0 MB stacks, 0 MB globals, 16 P
gc 2430 @8.512s 7%: 0.15+0.64+0.24 ms clock, 2.4+0.63/0.83/0+3.8 ms cpu, 3->4->2 MB, 4 MB goal, 0 MB stacks, 0 MB globals, 16 P
gc 2431 @8.513s 7%: 0.18+0.73+0.20 ms clock, 2.9+0.78/1.0/0.043+3.2 ms cpu, 4->5->2 MB, 4 MB goal, 0 MB stacks, 0 MB globals, 16 P
gc 2432 @8.515s 7%: 0.13+0.62+0.11 ms clock, 2.2+0.78/0.84/0.091+1.8 ms cpu, 4->5->2 MB, 5 MB goal, 0 MB stacks, 0 MB globals, 16 P
gc 2433 @8.517s 7%: 0.11+0.65+0.13 ms clock, 1.7+0.66/0.92/0.006+2.0 ms cpu, 4->4->2 MB, 4 MB goal, 0 MB stacks, 0 MB globals, 16 P
gc 2434 @8.519s 7%: 0.12+0.56+0.21 ms clock, 1.9+0.53/1.0/0+3.3 ms cpu, 3->4->2 MB, 4 MB goal, 0 MB stacks, 0 MB globals, 16 P
gc 2435 @8.520s 7%: 0.11+0.52+0.19 ms clock, 1.8+0.86/0.95/0+3.1 ms cpu, 3->4->2 MB, 4 MB goal, 0 MB stacks, 0 MB globals, 16 P
gc 2436 @8.522s 7%: 0.14+0.52+0.18 ms clock, 2.3+0.58/0.93/0.011+2.9 ms cpu, 4->4->2 MB, 4 MB goal, 0 MB stacks, 0 MB globals, 16 P
gc 2437 @8.524s 7%: 0.12+0.71+0.18 ms clock, 2.0+0.81/0.84/0+2.9 ms cpu, 4->4->2 MB, 4 MB goal, 0 MB stacks, 0 MB globals, 16 P
gc 2438 @8.526s 7%: 0.11+0.69+0.19 ms clock, 1.7+0.48/0.94/0+3.1 ms cpu, 4->5->2 MB, 5 MB goal, 0 MB stacks, 0 MB globals, 16 P
gc 2439 @8.528s 7%: 0.14+0.73+0.12 ms clock, 2.3+0.63/0.95/0+2.0 ms cpu, 4->5->2 MB, 4 MB goal, 0 MB stacks, 0 MB globals, 16 P
gc 2440 @8.530s 7%: 0.090+0.57+0.17 ms clock, 1.4+0.70/0.90/0+2.7 ms cpu, 4->4->2 MB, 5 MB goal, 0 MB stacks, 0 MB globals, 16 P
gc 2441 @8.531s 7%: 0.22+0.92+0.19 ms clock, 3.6+0.82/0.95/0+3.1 ms cpu, 3->5->2 MB, 4 MB goal, 0 MB stacks, 0 MB globals, 16 P
gc 2442 @8.534s 7%: 0.13+0.67+0.075 ms clock, 2.1+0.62/0.98/0.010+1.2 ms cpu, 4->6->2 MB, 5 MB goal, 0 MB stacks, 0 MB globals, 16 P
gc 2443 @8.536s 7%: 0.10+0.71+0.063 ms clock, 1.6+0.62/1.0/0.054+1.0 ms cpu, 4->5->2 MB, 5 MB goal, 0 MB stacks, 0 MB globals, 16 P
gc 2444 @8.538s 7%: 0.12+0.73+0.11 ms clock, 1.9+0.82/0.93/0.005+1.9 ms cpu, 4->5->2 MB, 5 MB goal, 0 MB stacks, 0 MB globals, 16 P
gc 2445 @8.540s 7%: 0.11+0.64+0.18 ms clock, 1.9+0.67/1.0/0+2.9 ms cpu, 4->5->2 MB, 5 MB goal, 0 MB stacks, 0 MB globals, 16 P
gc 2446 @8.541s 7%: 0.10+0.67+0.13 ms clock, 1.7+0.71/0.96/0.031+2.1 ms cpu, 4->4->2 MB, 4 MB goal, 0 MB stacks, 0 MB globals, 16 P
gc 2447 @8.543s 7%: 0.12+0.54+0.13 ms clock, 1.9+0.55/0.92/0+2.1 ms cpu, 4->4->2 MB, 4 MB goal, 0 MB stacks, 0 MB globals, 16 P
gc 2448 @8.545s 7%: 0.11+0.57+0.070 ms clock, 1.9+0.50/0.98/0.012+1.1 ms cpu, 3->4->2 MB, 4 MB goal, 0 MB stacks, 0 MB globals, 16 P
gc 2449 @8.547s 7%: 0.17+0.74+0.17 ms clock, 2.8+0.86/0.80/0+2.8 ms cpu, 4->4->2 MB, 4 MB goal, 0 MB stacks, 0 MB globals, 16 P
gc 2450 @8.549s 7%: 0.11+0.55+0.19 ms clock, 1.8+0.56/0.89/0.001+3.1 ms cpu, 4->5->2 MB, 5 MB goal, 0 MB stacks, 0 MB globals, 16 P
gc 2451 @8.550s 7%: 0.14+0.67+0.087 ms clock, 2.3+0.53/0.91/0.003+1.3 ms cpu, 3->4->2 MB, 4 MB goal, 0 MB stacks, 0 MB globals, 16 P
gc 2452 @8.552s 7%: 0.14+0.58+0.090 ms clock, 2.2+0.51/0.90/0.026+1.4 ms cpu, 4->4->2 MB, 4 MB goal, 0 MB stacks, 0 MB globals, 16 P
gc 2453 @8.554s 7%: 0.098+0.64+0.13 ms clock, 1.5+0.76/1.1/0+2.2 ms cpu, 3->4->2 MB, 4 MB goal, 0 MB stacks, 0 MB globals, 16 P
gc 2454 @8.555s 7%: 0.14+0.55+0.18 ms clock, 2.2+0.63/0.96/0+3.0 ms cpu, 4->4->2 MB, 4 MB goal, 0 MB stacks, 0 MB globals, 16 P
gc 2455 @8.557s 7%: 0.16+0.58+0.097 ms clock, 2.6+0.57/0.98/0.002+1.5 ms cpu, 3->4->2 MB, 4 MB goal, 0 MB stacks, 0 MB globals, 16 P
gc 2456 @8.559s 7%: 0.23+0.60+0.083 ms clock, 3.7+0.49/1.1/0.008+1.3 ms cpu, 4->5->2 MB, 4 MB goal, 0 MB stacks, 0 MB globals, 16 P
gc 2457 @8.560s 7%: 0.13+0.68+0.19 ms clock, 2.1+0.58/0.94/0.068+3.1 ms cpu, 4->5->2 MB, 4 MB goal, 0 MB stacks, 0 MB globals, 16 P
gc 2458 @8.563s 7%: 0.11+0.87+0.090 ms clock, 1.8+0.76/0.84/0+1.4 ms cpu, 4->5->2 MB, 5 MB goal, 0 MB stacks, 0 MB globals, 16 P
gc 2459 @8.565s 7%: 0.11+0.67+0.21 ms clock, 1.7+0.64/1.0/0+3.4 ms cpu, 4->5->2 MB, 5 MB goal, 0 MB stacks, 0 MB globals, 16 P
gc 2460 @8.567s 7%: 0.13+0.60+0.091 ms clock, 2.1+0.71/1.0/0+1.4 ms cpu, 4->5->2 MB, 5 MB goal, 0 MB stacks, 0 MB globals, 16 P
gc 2461 @8.568s 7%: 0.12+0.55+0.11 ms clock, 1.9+0.65/0.91/0+1.8 ms cpu, 4->4->2 MB, 4 MB goal, 0 MB stacks, 0 MB globals, 16 P
gc 2462 @8.570s 7%: 0.13+0.60+0.093 ms clock, 2.2+0.66/0.89/0+1.4 ms cpu, 4->4->2 MB, 4 MB goal, 0 MB stacks, 0 MB globals, 16 P
gc 2463 @8.572s 7%: 0.11+0.78+0.12 ms clock, 1.8+0.64/0.89/0.021+1.9 ms cpu, 3->4->2 MB, 4 MB goal, 0 MB stacks, 0 MB globals, 16 P
gc 2464 @8.574s 7%: 0.097+0.60+0.097 ms clock, 1.5+0.61/0.82/0.035+1.5 ms cpu, 4->5->2 MB, 5 MB goal, 0 MB stacks, 0 MB globals, 16 P
gc 2465 @8.576s 7%: 0.12+0.55+0.12 ms clock, 2.0+0.65/0.91/0.003+2.0 ms cpu, 4->4->2 MB, 4 MB goal, 0 MB stacks, 0 MB globals, 16 P
gc 2466 @8.577s 7%: 0.15+0.67+0.15 ms clock, 2.5+0.68/0.96/0+2.4 ms cpu, 3->4->2 MB, 4 MB goal, 0 MB stacks, 0 MB globals, 16 P
gc 2467 @8.579s 7%: 0.23+0.61+0.23 ms clock, 3.7+0.72/0.91/0+3.7 ms cpu, 4->5->2 MB, 5 MB goal, 0 MB stacks, 0 MB globals, 16 P
gc 2468 @8.581s 7%: 0.18+0.75+0.10 ms clock, 3.0+0.77/0.94/0.005+1.6 ms cpu, 4->5->2 MB, 5 MB goal, 0 MB stacks, 0 MB globals, 16 P
gc 2469 @8.583s 7%: 0.18+0.65+0.097 ms clock, 3.0+0.62/0.94/0.005+1.5 ms cpu, 4->5->2 MB, 5 MB goal, 0 MB stacks, 0 MB globals, 16 P
gc 2470 @8.585s 7%: 0.11+0.73+0.12 ms clock, 1.8+0.52/0.99/0.001+1.9 ms cpu, 4->5->2 MB, 4 MB goal, 0 MB stacks, 0 MB globals, 16 P
gc 2471 @8.587s 7%: 0.17+0.83+0.11 ms clock, 2.7+0.70/1.0/0+1.7 ms cpu, 4->5->2 MB, 4 MB goal, 0 MB stacks, 0 MB globals, 16 P
gc 2472 @8.589s 7%: 0.15+0.50+0.15 ms clock, 2.4+0.85/0.88/0+2.5 ms cpu, 4->5->2 MB, 5 MB goal, 0 MB stacks, 0 MB globals, 16 P
gc 2473 @8.591s 7%: 0.19+0.65+0.085 ms clock, 3.1+0.61/0.99/0+1.3 ms cpu, 3->4->2 MB, 4 MB goal, 0 MB stacks, 0 MB globals, 16 P
gc 2474 @8.593s 7%: 0.13+0.76+0.10 ms clock, 2.1+0.74/0.85/0.002+1.7 ms cpu, 4->5->2 MB, 5 MB goal, 0 MB stacks, 0 MB globals, 16 P
gc 2475 @8.595s 7%: 0.13+0.54+0.18 ms clock, 2.2+0.67/0.88/0+2.9 ms cpu, 4->4->2 MB, 4 MB goal, 0 MB stacks, 0 MB globals, 16 P
gc 2476 @8.596s 7%: 0.18+0.83+0.095 ms clock, 2.9+0.52/0.98/0.006+1.5 ms cpu, 3->4->2 MB, 4 MB goal, 0 MB stacks, 0 MB globals, 16 P
gc 2477 @8.598s 7%: 0.12+0.60+0.10 ms clock, 2.0+0.51/0.97/0.051+1.7 ms cpu, 4->4->2 MB, 5 MB goal, 0 MB stacks, 0 MB globals, 16 P
gc 2478 @8.600s 7%: 0.16+0.63+0.10 ms clock, 2.6+0.92/0.96/0.001+1.6 ms cpu, 3->4->2 MB, 4 MB goal, 0 MB stacks, 0 MB globals, 16 P
gc 2479 @8.601s 7%: 0.18+0.70+0.17 ms clock, 3.0+0.85/0.96/0+2.7 ms cpu, 4->5->2 MB, 5 MB goal, 0 MB stacks, 0 MB globals, 16 P
gc 2480 @8.604s 7%: 0.12+0.60+0.13 ms clock, 1.9+0.73/0.88/0+2.1 ms cpu, 4->5->2 MB, 5 MB goal, 0 MB stacks, 0 MB globals, 16 P
gc 2481 @8.605s 7%: 0.16+0.54+0.14 ms clock, 2.6+0.54/0.93/0+2.2 ms cpu, 4->4->2 MB, 4 MB goal, 0 MB stacks, 0 MB globals, 16 P
gc 2482 @8.607s 7%: 0.18+0.59+0.13 ms clock, 2.8+0.71/1.0/0+2.2 ms cpu, 3->4->2 MB, 4 MB goal, 0 MB stacks, 0 MB globals, 16 P
gc 2483 @8.609s 7%: 0.22+0.72+0.13 ms clock, 3.6+0.75/0.88/0.014+2.2 ms cpu, 4->5->2 MB, 5 MB goal, 0 MB stacks, 0 MB globals, 16 P
gc 2484 @8.611s 7%: 0.12+0.78+0.11 ms clock, 2.0+0.61/0.92/0+1.8 ms cpu, 4->5->2 MB, 5 MB goal, 0 MB stacks, 0 MB globals, 16 P
gc 2485 @8.613s 7%: 0.16+0.51+0.12 ms clock, 2.6+0.63/0.92/0+2.0 ms cpu, 4->5->2 MB, 5 MB goal, 0 MB stacks, 0 MB globals, 16 P
gc 2486 @8.615s 7%: 0.13+0.59+0.12 ms clock, 2.2+0.57/1.0/0+1.9 ms cpu, 3->4->2 MB, 4 MB goal, 0 MB stacks, 0 MB globals, 16 P
gc 2487 @8.616s 7%: 0.13+0.69+0.10 ms clock, 2.1+0.44/1.1/0+1.6 ms cpu, 4->4->2 MB, 4 MB goal, 0 MB stacks, 0 MB globals, 16 P
gc 2488 @8.618s 7%: 0.20+0.60+0.15 ms clock, 3.3+0.74/0.95/0.012+2.4 ms cpu, 4->5->2 MB, 4 MB goal, 0 MB stacks, 0 MB globals, 16 P
gc 2489 @8.620s 7%: 0.14+0.53+0.17 ms clock, 2.3+0.72/0.93/0+2.7 ms cpu, 4->5->2 MB, 4 MB goal, 0 MB stacks, 0 MB globals, 16 P
gc 2490 @8.622s 7%: 0.14+0.67+0.17 ms clock, 2.2+0.56/1.0/0+2.7 ms cpu, 4->4->2 MB, 4 MB goal, 0 MB stacks, 0 MB globals, 16 P
gc 2491 @8.624s 7%: 0.13+0.75+0.092 ms clock, 2.1+0.76/0.99/0+1.4 ms cpu, 4->5->2 MB, 4 MB goal, 0 MB stacks, 0 MB globals, 16 P
gc 2492 @8.626s 7%: 0.15+0.66+0.13 ms clock, 2.4+0.71/0.83/0.085+2.2 ms cpu, 4->5->2 MB, 5 MB goal, 0 MB stacks, 0 MB globals, 16 P
gc 2493 @8.628s 7%: 0.14+0.58+0.14 ms clock, 2.3+0.57/1.0/0.031+2.3 ms cpu, 4->4->2 MB, 4 MB goal, 0 MB stacks, 0 MB globals, 16 P
gc 2494 @8.629s 7%: 0.15+0.67+0.13 ms clock, 2.4+0.56/1.2/0+2.1 ms cpu, 4->4->2 MB, 4 MB goal, 0 MB stacks, 0 MB globals, 16 P
gc 2495 @8.631s 7%: 0.10+0.61+0.10 ms clock, 1.6+0.68/0.86/0.024+1.6 ms cpu, 4->4->2 MB, 4 MB goal, 0 MB stacks, 0 MB globals, 16 P
gc 2496 @8.633s 7%: 0.12+0.68+0.13 ms clock, 2.0+0.61/0.91/0+2.1 ms cpu, 3->4->2 MB, 4 MB goal, 0 MB stacks, 0 MB globals, 16 P
gc 2497 @8.635s 7%: 0.10+0.80+0.040 ms clock, 1.6+0.55/0.99/0+0.64 ms cpu, 4->5->2 MB, 5 MB goal, 0 MB stacks, 0 MB globals, 16 P
gc 2498 @8.637s 7%: 0.11+0.66+0.090 ms clock, 1.9+0.66/0.83/0+1.4 ms cpu, 4->5->2 MB, 5 MB goal, 0 MB stacks, 0 MB globals, 16 P
gc 2499 @8.638s 7%: 0.12+0.75+0.20 ms clock, 2.0+0.60/0.85/0.043+3.2 ms cpu, 4->4->2 MB, 4 MB goal, 0 MB stacks, 0 MB globals, 16 P
gc 2500 @8.640s 7%: 0.12+0.50+0.11 ms clock, 2.0+0.63/0.86/0+1.8 ms cpu, 4->4->2 MB, 4 MB goal, 0 MB stacks, 0 MB globals, 16 P
gc 2501 @8.642s 7%: 0.11+0.78+0.14 ms clock, 1.7+0.70/0.90/0.006+2.2 ms cpu, 3->4->2 MB, 4 MB goal, 0 MB stacks, 0 MB globals, 16 P
gc 2502 @8.644s 7%: 0.11+0.66+0.10 ms clock, 1.7+0.54/0.85/0.044+1.6 ms cpu, 4->5->2 MB, 5 MB goal, 0 MB stacks, 0 MB globals, 16 P
gc 2503 @8.646s 7%: 0.14+0.74+0.083 ms clock, 2.2+0.69/1.0/0.040+1.3 ms cpu, 4->4->2 MB, 4 MB goal, 0 MB stacks, 0 MB globals, 16 P
gc 2504 @8.647s 7%: 0.10+0.73+0.13 ms clock, 1.7+0.48/0.99/0+2.2 ms cpu, 4->5->2 MB, 4 MB goal, 0 MB stacks, 0 MB globals, 16 P
gc 2505 @8.649s 7%: 0.11+0.83+0.085 ms clock, 1.8+0.74/0.87/0+1.3 ms cpu, 4->5->2 MB, 5 MB goal, 0 MB stacks, 0 MB globals, 16 P
gc 2506 @8.651s 7%: 0.12+0.74+0.10 ms clock, 2.0+0.59/0.96/0.001+1.6 ms cpu, 4->5->2 MB, 5 MB goal, 0 MB stacks, 0 MB globals, 16 P
gc 2507 @8.653s 7%: 0.11+0.53+0.11 ms clock, 1.8+0.67/0.89/0+1.7 ms cpu, 4->5->2 MB, 5 MB goal, 0 MB stacks, 0 MB globals, 16 P
gc 2508 @8.655s 7%: 0.21+0.87+0.10 ms clock, 3.3+0.69/0.87/0+1.7 ms cpu, 3->5->2 MB, 4 MB goal, 0 MB stacks, 0 MB globals, 16 P
gc 2509 @8.657s 7%: 0.13+0.89+0.17 ms clock, 2.2+0.74/0.83/0+2.7 ms cpu, 4->5->2 MB, 5 MB goal, 0 MB stacks, 0 MB globals, 16 P
gc 2510 @8.660s 7%: 0.12+0.71+0.092 ms clock, 1.9+0.62/0.90/0.002+1.4 ms cpu, 4->5->2 MB, 5 MB goal, 0 MB stacks, 0 MB globals, 16 P
gc 2511 @8.661s 7%: 0.11+0.83+0.13 ms clock, 1.8+0.85/1.1/0.002+2.1 ms cpu, 4->5->2 MB, 4 MB goal, 0 MB stacks, 0 MB globals, 16 P
gc 2512 @8.664s 7%: 0.13+0.73+0.10 ms clock, 2.1+0.77/0.75/0+1.6 ms cpu, 4->5->2 MB, 5 MB goal, 0 MB stacks, 0 MB globals, 16 P
gc 2513 @8.665s 7%: 0.15+0.67+0.099 ms clock, 2.4+0.68/1.1/0+1.5 ms cpu, 4->5->2 MB, 4 MB goal, 0 MB stacks, 0 MB globals, 16 P
gc 2514 @8.667s 7%: 0.11+0.50+0.087 ms clock, 1.8+0.74/0.89/0+1.4 ms cpu, 4->5->2 MB, 5 MB goal, 0 MB stacks, 0 MB globals, 16 P
gc 2515 @8.669s 7%: 0.12+0.66+0.063 ms clock, 2.0+0.78/0.86/0+1.0 ms cpu, 3->4->2 MB, 4 MB goal, 0 MB stacks, 0 MB globals, 16 P
gc 2516 @8.671s 7%: 0.19+0.72+0.15 ms clock, 3.1+0.70/0.89/0+2.5 ms cpu, 4->5->2 MB, 4 MB goal, 0 MB stacks, 0 MB globals, 16 P
gc 2517 @8.673s 7%: 0.12+0.79+0.10 ms clock, 1.9+0.45/1.1/0.006+1.6 ms cpu, 4->5->2 MB, 5 MB goal, 0 MB stacks, 0 MB globals, 16 P
gc 2518 @8.675s 7%: 0.12+0.71+0.082 ms clock, 1.9+0.62/0.86/0.12+1.3 ms cpu, 4->5->2 MB, 4 MB goal, 0 MB stacks, 0 MB globals, 16 P
gc 2519 @8.677s 7%: 0.12+0.61+0.091 ms clock, 1.9+0.44/0.92/0+1.4 ms cpu, 4->4->2 MB, 4 MB goal, 0 MB stacks, 0 MB globals, 16 P
gc 2520 @8.678s 7%: 0.12+0.64+0.11 ms clock, 2.0+0.79/0.97/0+1.8 ms cpu, 3->4->2 MB, 4 MB goal, 0 MB stacks, 0 MB globals, 16 P
gc 2521 @8.680s 7%: 0.15+0.60+0.11 ms clock, 2.5+0.65/0.89/0+1.7 ms cpu, 4->4->2 MB, 4 MB goal, 0 MB stacks, 0 MB globals, 16 P
gc 2522 @8.682s 7%: 0.18+0.57+0.21 ms clock, 2.9+0.64/0.91/0+3.4 ms cpu, 4->4->2 MB, 4 MB goal, 0 MB stacks, 0 MB globals, 16 P
gc 2523 @8.684s 7%: 0.096+0.54+0.13 ms clock, 1.5+0.61/0.99/0+2.1 ms cpu, 4->4->2 MB, 4 MB goal, 0 MB stacks, 0 MB globals, 16 P
gc 2524 @8.685s 7%: 0.12+0.56+0.12 ms clock, 2.0+0.62/0.87/0+2.0 ms cpu, 3->4->2 MB, 4 MB goal, 0 MB stacks, 0 MB globals, 16 P
gc 2525 @8.687s 7%: 0.12+0.56+0.16 ms clock, 1.9+0.63/0.74/0.047+2.6 ms cpu, 4->4->2 MB, 4 MB goal, 0 MB stacks, 0 MB globals, 16 P
gc 2526 @8.689s 7%: 0.15+0.55+0.18 ms clock, 2.4+0.65/0.92/0.003+2.8 ms cpu, 3->4->2 MB, 4 MB goal, 0 MB stacks, 0 MB globals, 16 P
gc 2527 @8.690s 7%: 0.10+0.73+0.15 ms clock, 1.7+0.73/0.99/0+2.5 ms cpu, 4->4->2 MB, 4 MB goal, 0 MB stacks, 0 MB globals, 16 P
gc 2528 @8.692s 7%: 0.11+0.55+0.11 ms clock, 1.8+0.44/0.95/0+1.7 ms cpu, 4->4->2 MB, 4 MB goal, 0 MB stacks, 0 MB globals, 16 P
gc 2529 @8.694s 7%: 0.16+0.68+0.12 ms clock, 2.7+0.56/1.0/0+2.0 ms cpu, 3->4->2 MB, 4 MB goal, 0 MB stacks, 0 MB globals, 16 P
gc 2530 @8.695s 7%: 0.13+0.72+0.095 ms clock, 2.1+0.54/0.89/0.017+1.5 ms cpu, 4->4->2 MB, 4 MB goal, 0 MB stacks, 0 MB globals, 16 P
gc 2531 @8.697s 7%: 0.18+0.55+0.16 ms clock, 2.9+0.60/0.95/0+2.5 ms cpu, 3->4->2 MB, 4 MB goal, 0 MB stacks, 0 MB globals, 16 P
gc 2532 @8.699s 7%: 0.20+0.73+0.10 ms clock, 3.2+0.67/0.97/0+1.6 ms cpu, 4->5->2 MB, 4 MB goal, 0 MB stacks, 0 MB globals, 16 P
gc 2533 @8.701s 7%: 0.11+0.70+0.13 ms clock, 1.8+0.52/1.0/0.003+2.1 ms cpu, 4->5->2 MB, 5 MB goal, 0 MB stacks, 0 MB globals, 16 P
gc 2534 @8.703s 7%: 0.15+0.54+0.16 ms clock, 2.5+0.65/0.89/0.041+2.6 ms cpu, 4->5->2 MB, 5 MB goal, 0 MB stacks, 0 MB globals, 16 P
gc 2535 @8.704s 7%: 0.15+0.79+0.067 ms clock, 2.4+0.71/0.97/0+1.0 ms cpu, 4->5->2 MB, 4 MB goal, 0 MB stacks, 0 MB globals, 16 P
gc 2536 @8.707s 7%: 0.19+0.58+0.15 ms clock, 3.0+0.71/0.89/0+2.4 ms cpu, 4->5->2 MB, 5 MB goal, 0 MB stacks, 0 MB globals, 16 P
gc 2537 @8.708s 7%: 0.11+0.65+0.10 ms clock, 1.8+0.61/0.98/0+1.6 ms cpu, 4->4->2 MB, 4 MB goal, 0 MB stacks, 0 MB globals, 16 P
gc 2538 @8.710s 7%: 0.11+0.67+0.098 ms clock, 1.8+0.40/0.96/0.005+1.5 ms cpu, 4->4->2 MB, 4 MB goal, 0 MB stacks, 0 MB globals, 16 P
gc 2539 @8.712s 7%: 0.14+0.56+0.13 ms clock, 2.3+0.53/1.0/0+2.2 ms cpu, 3->4->2 MB, 4 MB goal, 0 MB stacks, 0 MB globals, 16 P
gc 2540 @8.713s 7%: 0.18+0.76+0.081 ms clock, 2.9+0.58/1.0/0+1.2 ms cpu, 4->4->2 MB, 4 MB goal, 0 MB stacks, 0 MB globals, 16 P
gc 2541 @8.715s 7%: 0.11+0.60+0.18 ms clock, 1.7+0.51/1.1/0.002+2.9 ms cpu, 4->5->2 MB, 5 MB goal, 0 MB stacks, 0 MB globals, 16 P
gc 2542 @8.717s 7%: 0.12+0.77+0.14 ms clock, 2.0+0.66/0.85/0.015+2.3 ms cpu, 4->5->2 MB, 4 MB goal, 0 MB stacks, 0 MB globals, 16 P
gc 2543 @8.719s 7%: 0.13+0.60+0.11 ms clock, 2.1+0.72/0.92/0+1.8 ms cpu, 4->5->2 MB, 5 MB goal, 0 MB stacks, 0 MB globals, 16 P
gc 2544 @8.721s 7%: 0.13+0.53+0.14 ms clock, 2.1+0.61/0.96/0+2.3 ms cpu, 4->4->2 MB, 5 MB goal, 0 MB stacks, 0 MB globals, 16 P
gc 2545 @8.723s 7%: 0.15+1.0+0.10 ms clock, 2.4+0.84/0.81/0+1.6 ms cpu, 3->4->2 MB, 4 MB goal, 0 MB stacks, 0 MB globals, 16 P
gc 2546 @8.725s 7%: 0.15+0.60+0.091 ms clock, 2.4+0.69/0.94/0+1.4 ms cpu, 4->5->2 MB, 5 MB goal, 0 MB stacks, 0 MB globals, 16 P
gc 2547 @8.727s 7%: 0.12+0.76+0.088 ms clock, 1.9+0.52/0.97/0+1.4 ms cpu, 4->5->2 MB, 5 MB goal, 0 MB stacks, 0 MB globals, 16 P
gc 2548 @8.728s 7%: 0.11+0.56+0.098 ms clock, 1.8+0.60/0.99/0+1.5 ms cpu, 4->4->2 MB, 4 MB goal, 0 MB stacks, 0 MB globals, 16 P
gc 2549 @8.730s 7%: 0.14+0.69+0.090 ms clock, 2.3+0.62/0.90/0.018+1.4 ms cpu, 3->4->2 MB, 4 MB goal, 0 MB stacks, 0 MB globals, 16 P
gc 2550 @8.732s 7%: 0.12+0.67+0.025 ms clock, 1.9+0.50/1.0/0+0.40 ms cpu, 4->5->2 MB, 5 MB goal, 0 MB stacks, 0 MB globals, 16 P
gc 2551 @8.734s 7%: 0.18+0.74+0.085 ms clock, 2.8+0.69/1.0/0+1.3 ms cpu, 4->5->2 MB, 4 MB goal, 0 MB stacks, 0 MB globals, 16 P
gc 2552 @8.736s 7%: 0.16+0.62+0.11 ms clock, 2.6+0.55/1.0/0+1.8 ms cpu, 4->5->2 MB, 5 MB goal, 0 MB stacks, 0 MB globals, 16 P
gc 2553 @8.737s 7%: 0.11+0.61+0.10 ms clock, 1.7+0.73/1.0/0+1.6 ms cpu, 4->4->2 MB, 4 MB goal, 0 MB stacks, 0 MB globals, 16 P
gc 2554 @8.739s 7%: 0.10+0.59+0.19 ms clock, 1.7+0.68/0.89/0.026+3.1 ms cpu, 4->4->2 MB, 4 MB goal, 0 MB stacks, 0 MB globals, 16 P
gc 2555 @8.741s 7%: 0.083+0.99+0.095 ms clock, 1.3+0.62/0.92/0+1.5 ms cpu, 4->5->2 MB, 4 MB goal, 0 MB stacks, 0 MB globals, 16 P
gc 2556 @8.743s 7%: 0.099+0.63+0.18 ms clock, 1.5+0.57/1.0/0+2.9 ms cpu, 4->5->2 MB, 5 MB goal, 0 MB stacks, 0 MB globals, 16 P
gc 2557 @8.745s 7%: 0.15+0.68+0.10 ms clock, 2.4+0.68/1.0/0+1.6 ms cpu, 4->5->2 MB, 4 MB goal, 0 MB stacks, 0 MB globals, 16 P
gc 2558 @8.747s 7%: 0.17+0.61+0.10 ms clock, 2.7+0.64/0.96/0+1.6 ms cpu, 4->5->2 MB, 5 MB goal, 0 MB stacks, 0 MB globals, 16 P
gc 2559 @8.749s 7%: 0.11+0.61+0.099 ms clock, 1.9+0.28/1.0/0+1.5 ms cpu, 4->4->2 MB, 4 MB goal, 0 MB stacks, 0 MB globals, 16 P
gc 2560 @8.750s 7%: 0.25+0.55+0.11 ms clock, 4.0+0.69/0.95/0+1.9 ms cpu, 3->4->2 MB, 4 MB goal, 0 MB stacks, 0 MB globals, 16 P
gc 2561 @8.752s 7%: 0.18+0.68+0.16 ms clock, 2.9+0.64/0.85/0+2.6 ms cpu, 4->5->2 MB, 4 MB goal, 0 MB stacks, 0 MB globals, 16 P
gc 2562 @8.754s 7%: 0.13+0.60+0.099 ms clock, 2.1+0.63/1.1/0.056+1.5 ms cpu, 4->5->2 MB, 5 MB goal, 0 MB stacks, 0 MB globals, 16 P
gc 2563 @8.756s 7%: 0.12+0.72+0.072 ms clock, 1.9+0.58/1.0/0.002+1.1 ms cpu, 4->4->2 MB, 4 MB goal, 0 MB stacks, 0 MB globals, 16 P
gc 2564 @8.758s 7%: 0.10+0.53+0.18 ms clock, 1.6+0.67/1.1/0.039+2.9 ms cpu, 4->4->2 MB, 4 MB goal, 0 MB stacks, 0 MB globals, 16 P
gc 2565 @8.759s 7%: 0.11+0.87+0.082 ms clock, 1.7+0.74/0.95/0.099+1.3 ms cpu, 4->5->2 MB, 4 MB goal, 0 MB stacks, 0 MB globals, 16 P
gc 2566 @8.761s 7%: 0.12+0.71+0.085 ms clock, 2.0+0.71/0.97/0+1.3 ms cpu, 4->5->2 MB, 5 MB goal, 0 MB stacks, 0 MB globals, 16 P
gc 2567 @8.763s 7%: 0.12+0.53+0.12 ms clock, 2.0+0.68/0.99/0+1.9 ms cpu, 4->4->2 MB, 4 MB goal, 0 MB stacks, 0 MB globals, 16 P
gc 2568 @8.765s 7%: 0.13+0.49+0.17 ms clock, 2.1+0.60/0.79/0.15+2.8 ms cpu, 3->4->2 MB, 4 MB goal, 0 MB stacks, 0 MB globals, 16 P
gc 2569 @8.766s 7%: 0.20+0.79+0.098 ms clock, 3.2+0.61/1.0/0.002+1.5 ms cpu, 3->4->2 MB, 4 MB goal, 0 MB stacks, 0 MB globals, 16 P
gc 2570 @8.768s 7%: 0.13+0.60+0.13 ms clock, 2.1+0.60/1.0/0+2.0 ms cpu, 4->4->2 MB, 5 MB goal, 0 MB stacks, 0 MB globals, 16 P
gc 2571 @8.770s 7%: 0.18+0.61+0.11 ms clock, 2.9+0.81/0.76/0.079+1.7 ms cpu, 3->4->2 MB, 4 MB goal, 0 MB stacks, 0 MB globals, 16 P
gc 2572 @8.772s 7%: 0.11+0.69+0.075 ms clock, 1.7+0.63/0.95/0.009+1.2 ms cpu, 4->4->2 MB, 5 MB goal, 0 MB stacks, 0 MB globals, 16 P
gc 2573 @8.773s 7%: 0.13+0.63+0.15 ms clock, 2.1+0.45/1.0/0.050+2.5 ms cpu, 4->4->2 MB, 4 MB goal, 0 MB stacks, 0 MB globals, 16 P
gc 2574 @8.775s 7%: 0.14+0.75+0.14 ms clock, 2.2+0.60/1.0/0+2.2 ms cpu, 3->4->2 MB, 4 MB goal, 0 MB stacks, 0 MB globals, 16 P
gc 2575 @8.777s 7%: 0.12+0.63+0.10 ms clock, 1.9+0.59/0.92/0+1.7 ms cpu, 4->5->2 MB, 5 MB goal, 0 MB stacks, 0 MB globals, 16 P
gc 2576 @8.779s 7%: 0.15+0.74+0.096 ms clock, 2.5+0.77/0.96/0+1.5 ms cpu, 4->5->2 MB, 4 MB goal, 0 MB stacks, 0 MB globals, 16 P
gc 2577 @8.781s 7%: 0.10+0.64+0.085 ms clock, 1.7+0.53/1.0/0+1.3 ms cpu, 4->5->2 MB, 5 MB goal, 0 MB stacks, 0 MB globals, 16 P
gc 2578 @8.783s 7%: 0.10+0.53+0.10 ms clock, 1.6+0.64/0.94/0+1.7 ms cpu, 4->4->2 MB, 4 MB goal, 0 MB stacks, 0 MB globals, 16 P
gc 2579 @8.784s 7%: 0.13+0.55+0.094 ms clock, 2.2+0.66/0.97/0+1.5 ms cpu, 3->4->2 MB, 4 MB goal, 0 MB stacks, 0 MB globals, 16 P
gc 2580 @8.786s 7%: 0.14+0.72+0.14 ms clock, 2.3+0.56/0.77/0.11+2.3 ms cpu, 4->5->2 MB, 4 MB goal, 0 MB stacks, 0 MB globals, 16 P
gc 2581 @8.788s 7%: 0.086+0.81+0.14 ms clock, 1.3+0.64/0.99/0.022+2.3 ms cpu, 4->5->2 MB, 5 MB goal, 0 MB stacks, 0 MB globals, 16 P
gc 2582 @8.790s 7%: 0.13+0.55+0.13 ms clock, 2.1+0.70/1.1/0+2.2 ms cpu, 4->5->2 MB, 5 MB goal, 0 MB stacks, 0 MB globals, 16 P
gc 2583 @8.792s 7%: 0.18+0.74+0.17 ms clock, 2.9+0.64/0.92/0.022+2.7 ms cpu, 4->5->2 MB, 4 MB goal, 0 MB stacks, 0 MB globals, 16 P
gc 2584 @8.794s 7%: 0.12+0.54+0.17 ms clock, 2.0+0.64/0.84/0.005+2.7 ms cpu, 4->5->2 MB, 5 MB goal, 0 MB stacks, 0 MB globals, 16 P
gc 2585 @8.796s 7%: 0.11+0.73+0.12 ms clock, 1.8+0.68/0.89/0+1.9 ms cpu, 4->4->2 MB, 4 MB goal, 0 MB stacks, 0 MB globals, 16 P
gc 2586 @8.797s 7%: 0.18+0.63+0.24 ms clock, 2.9+0.66/1.0/0+3.9 ms cpu, 4->5->2 MB, 4 MB goal, 0 MB stacks, 0 MB globals, 16 P
gc 2587 @8.799s 7%: 0.15+0.66+0.10 ms clock, 2.4+0.73/0.93/0+1.6 ms cpu, 4->5->2 MB, 4 MB goal, 0 MB stacks, 0 MB globals, 16 P
gc 2588 @8.801s 7%: 0.14+0.61+0.084 ms clock, 2.3+0.75/0.83/0.002+1.3 ms cpu, 4->4->2 MB, 4 MB goal, 0 MB stacks, 0 MB globals, 16 P
gc 2589 @8.803s 7%: 0.14+0.48+0.15 ms clock, 2.3+0.79/0.87/0+2.4 ms cpu, 4->4->2 MB, 4 MB goal, 0 MB stacks, 0 MB globals, 16 P
gc 2590 @8.804s 7%: 0.11+0.79+0.097 ms clock, 1.8+0.63/0.99/0+1.5 ms cpu, 3->4->2 MB, 4 MB goal, 0 MB stacks, 0 MB globals, 16 P
gc 2591 @8.806s 7%: 0.21+0.65+0.15 ms clock, 3.4+0.85/0.84/0+2.4 ms cpu, 4->5->2 MB, 5 MB goal, 0 MB stacks, 0 MB globals, 16 P
gc 2592 @8.808s 7%: 0.11+0.51+0.080 ms clock, 1.7+0.74/0.80/0+1.2 ms cpu, 4->5->2 MB, 5 MB goal, 0 MB stacks, 0 MB globals, 16 P
gc 2593 @8.810s 7%: 0.14+0.81+0.070 ms clock, 2.3+0.72/0.91/0+1.1 ms cpu, 3->4->2 MB, 4 MB goal, 0 MB stacks, 0 MB globals, 16 P
gc 2594 @8.812s 7%: 0.13+0.59+0.12 ms clock, 2.1+0.48/0.94/0+2.0 ms cpu, 4->5->2 MB, 5 MB goal, 0 MB stacks, 0 MB globals, 16 P
gc 2595 @8.814s 7%: 0.13+0.67+0.19 ms clock, 2.1+0.84/0.91/0+3.0 ms cpu, 3->4->2 MB, 4 MB goal, 0 MB stacks, 0 MB globals, 16 P
gc 2596 @8.816s 7%: 0.24+0.53+0.11 ms clock, 3.9+0.70/0.82/0+1.8 ms cpu, 4->4->2 MB, 4 MB goal, 0 MB stacks, 0 MB globals, 16 P
gc 2597 @8.817s 7%: 0.11+0.61+0.076 ms clock, 1.8+0.63/1.0/0+1.2 ms cpu, 3->4->2 MB, 4 MB goal, 0 MB stacks, 0 MB globals, 16 P
gc 2598 @8.819s 7%: 0.11+0.63+0.14 ms clock, 1.7+0.77/0.97/0+2.3 ms cpu, 4->4->2 MB, 4 MB goal, 0 MB stacks, 0 MB globals, 16 P
gc 2599 @8.821s 7%: 0.11+0.54+0.11 ms clock, 1.8+0.66/0.84/0+1.8 ms cpu, 4->4->2 MB, 4 MB goal, 0 MB stacks, 0 MB globals, 16 P
gc 2600 @8.822s 7%: 0.12+0.68+0.18 ms clock, 2.0+0.66/1.1/0+3.0 ms cpu, 3->4->2 MB, 4 MB goal, 0 MB stacks, 0 MB globals, 16 P
gc 2601 @8.824s 7%: 0.10+0.55+0.11 ms clock, 1.7+0.63/0.97/0+1.8 ms cpu, 4->4->2 MB, 5 MB goal, 0 MB stacks, 0 MB globals, 16 P
gc 2602 @8.826s 7%: 0.12+0.65+0.092 ms clock, 1.9+0.57/0.91/0+1.4 ms cpu, 3->4->2 MB, 4 MB goal, 0 MB stacks, 0 MB globals, 16 P
gc 2603 @8.828s 7%: 0.15+0.64+0.099 ms clock, 2.5+0.80/0.92/0+1.5 ms cpu, 4->4->2 MB, 4 MB goal, 0 MB stacks, 0 MB globals, 16 P
gc 2604 @8.829s 7%: 0.17+0.64+0.14 ms clock, 2.8+0.63/1.1/0.001+2.3 ms cpu, 4->5->2 MB, 4 MB goal, 0 MB stacks, 0 MB globals, 16 P
gc 2605 @8.831s 7%: 0.11+0.61+0.10 ms clock, 1.8+0.69/0.86/0+1.7 ms cpu, 4->4->2 MB, 4 MB goal, 0 MB stacks, 0 MB globals, 16 P
gc 2606 @8.833s 7%: 0.10+0.80+0.10 ms clock, 1.6+0.66/0.89/0+1.6 ms cpu, 3->4->2 MB, 4 MB goal, 0 MB stacks, 0 MB globals, 16 P
gc 2607 @8.835s 7%: 0.10+0.70+0.084 ms clock, 1.7+0.66/1.0/0+1.3 ms cpu, 4->5->2 MB, 5 MB goal, 0 MB stacks, 0 MB globals, 16 P
gc 2608 @8.837s 7%: 0.079+0.67+0.095 ms clock, 1.2+0.60/0.97/0.002+1.5 ms cpu, 4->4->2 MB, 4 MB goal, 0 MB stacks, 0 MB globals, 16 P
gc 2609 @8.838s 7%: 0.13+0.55+0.16 ms clock, 2.2+0.65/0.95/0+2.6 ms cpu, 4->4->2 MB, 4 MB goal, 0 MB stacks, 0 MB globals, 16 P
gc 2610 @8.840s 7%: 0.13+0.77+0.064 ms clock, 2.1+0.68/0.82/0+1.0 ms cpu, 3->4->2 MB, 4 MB goal, 0 MB stacks, 0 MB globals, 16 P
gc 2611 @8.842s 7%: 0.18+0.61+0.083 ms clock, 2.9+0.83/0.70/0.041+1.3 ms cpu, 4->5->2 MB, 4 MB goal, 0 MB stacks, 0 MB globals, 16 P
gc 2612 @8.844s 7%: 0.23+0.53+0.14 ms clock, 3.8+0.65/0.87/0.015+2.2 ms cpu, 4->4->2 MB, 4 MB goal, 0 MB stacks, 0 MB globals, 16 P
gc 2613 @8.845s 7%: 0.10+0.59+0.11 ms clock, 1.6+0.61/1.0/0+1.7 ms cpu, 4->4->2 MB, 4 MB goal, 0 MB stacks, 0 MB globals, 16 P
gc 2614 @8.847s 7%: 0.20+0.71+0.096 ms clock, 3.2+0.51/1.1/0+1.5 ms cpu, 4->4->2 MB, 4 MB goal, 0 MB stacks, 0 MB globals, 16 P
gc 2615 @8.849s 7%: 0.10+0.75+0.090 ms clock, 1.6+0.58/1.0/0.059+1.4 ms cpu, 4->5->2 MB, 5 MB goal, 0 MB stacks, 0 MB globals, 16 P
gc 2616 @8.851s 7%: 0.15+0.82+0.11 ms clock, 2.4+0.75/0.92/0+1.7 ms cpu, 4->5->2 MB, 5 MB goal, 0 MB stacks, 0 MB globals, 16 P
gc 2617 @8.853s 7%: 0.10+0.59+0.10 ms clock, 1.7+0.58/1.0/0+1.7 ms cpu, 4->5->2 MB, 5 MB goal, 0 MB stacks, 0 MB globals, 16 P
gc 2618 @8.855s 7%: 0.17+0.63+0.099 ms clock, 2.7+0.55/1.0/0.001+1.5 ms cpu, 3->4->2 MB, 4 MB goal, 0 MB stacks, 0 MB globals, 16 P
gc 2619 @8.857s 7%: 0.16+0.67+0.12 ms clock, 2.5+0.73/0.91/0+2.0 ms cpu, 4->5->2 MB, 4 MB goal, 0 MB stacks, 0 MB globals, 16 P
gc 2620 @8.859s 7%: 0.090+0.59+0.10 ms clock, 1.4+0.70/0.85/0+1.6 ms cpu, 4->5->2 MB, 4 MB goal, 0 MB stacks, 0 MB globals, 16 P
gc 2621 @8.860s 7%: 0.13+0.60+0.12 ms clock, 2.1+0.71/0.92/0.053+2.0 ms cpu, 3->4->2 MB, 4 MB goal, 0 MB stacks, 0 MB globals, 16 P
gc 2622 @8.862s 7%: 0.22+0.73+0.16 ms clock, 3.6+0.68/1.0/0+2.5 ms cpu, 4->5->2 MB, 5 MB goal, 0 MB stacks, 0 MB globals, 16 P
gc 2623 @8.865s 7%: 0.12+0.60+0.088 ms clock, 2.0+0.54/0.99/0.005+1.4 ms cpu, 4->5->2 MB, 5 MB goal, 0 MB stacks, 0 MB globals, 16 P
gc 2624 @8.866s 7%: 0.15+0.66+0.087 ms clock, 2.4+0.66/0.77/0.054+1.4 ms cpu, 4->4->2 MB, 4 MB goal, 0 MB stacks, 0 MB globals, 16 P
gc 2625 @8.868s 7%: 0.12+0.76+0.10 ms clock, 2.0+0.61/1.0/0.005+1.6 ms cpu, 3->5->2 MB, 4 MB goal, 0 MB stacks, 0 MB globals, 16 P
gc 2626 @8.870s 7%: 0.11+0.73+0.17 ms clock, 1.8+0.47/1.0/0+2.8 ms cpu, 4->5->2 MB, 5 MB goal, 0 MB stacks, 0 MB globals, 16 P
gc 2627 @8.872s 7%: 0.082+0.63+0.14 ms clock, 1.3+0.57/0.91/0.026+2.2 ms cpu, 4->4->2 MB, 4 MB goal, 0 MB stacks, 0 MB globals, 16 P
gc 2628 @8.874s 7%: 0.078+0.63+0.19 ms clock, 1.2+0.39/1.0/0+3.1 ms cpu, 4->4->2 MB, 4 MB goal, 0 MB stacks, 0 MB globals, 16 P
gc 2629 @8.875s 7%: 0.14+0.66+0.25 ms clock, 2.3+0.74/0.87/0.009+4.1 ms cpu, 4->4->2 MB, 4 MB goal, 0 MB stacks, 0 MB globals, 16 P
gc 2630 @8.877s 7%: 0.11+0.64+0.11 ms clock, 1.8+0.66/1.2/0.005+1.8 ms cpu, 4->5->2 MB, 5 MB goal, 0 MB stacks, 0 MB globals, 16 P
gc 2631 @8.879s 7%: 0.10+0.61+0.16 ms clock, 1.7+0.53/0.96/0+2.5 ms cpu, 4->5->2 MB, 4 MB goal, 0 MB stacks, 0 MB globals, 16 P
gc 2632 @8.881s 7%: 0.13+0.67+0.26 ms clock, 2.1+0.80/0.90/0.008+4.1 ms cpu, 4->4->2 MB, 4 MB goal, 0 MB stacks, 0 MB globals, 16 P
gc 2633 @8.883s 7%: 0.11+0.67+0.060 ms clock, 1.9+0.68/0.97/0+0.96 ms cpu, 4->5->2 MB, 4 MB goal, 0 MB stacks, 0 MB globals, 16 P
gc 2634 @8.885s 7%: 0.19+0.57+0.16 ms clock, 3.0+0.67/0.94/0+2.6 ms cpu, 4->5->2 MB, 5 MB goal, 0 MB stacks, 0 MB globals, 16 P
gc 2635 @8.887s 7%: 0.095+0.68+0.091 ms clock, 1.5+0.54/0.93/0.078+1.4 ms cpu, 4->5->2 MB, 4 MB goal, 0 MB stacks, 0 MB globals, 16 P
gc 2636 @8.888s 7%: 0.11+0.88+0.086 ms clock, 1.8+0.60/1.1/0.074+1.3 ms cpu, 4->5->2 MB, 4 MB goal, 0 MB stacks, 0 MB globals, 16 P
gc 2637 @8.891s 7%: 0.20+0.69+0.12 ms clock, 3.3+0.74/0.86/0+2.0 ms cpu, 4->5->2 MB, 5 MB goal, 0 MB stacks, 0 MB globals, 16 P
gc 2638 @8.893s 7%: 0.18+0.69+0.14 ms clock, 2.9+0.73/0.84/0+2.3 ms cpu, 4->5->2 MB, 5 MB goal, 0 MB stacks, 0 MB globals, 16 P
gc 2639 @8.895s 7%: 0.11+0.80+0.075 ms clock, 1.9+0.74/0.98/0+1.2 ms cpu, 4->5->2 MB, 5 MB goal, 0 MB stacks, 0 MB globals, 16 P
gc 2640 @8.897s 7%: 0.15+0.71+0.088 ms clock, 2.5+0.93/0.88/0+1.4 ms cpu, 4->5->2 MB, 4 MB goal, 0 MB stacks, 0 MB globals, 16 P
gc 2641 @8.899s 7%: 0.13+0.53+0.073 ms clock, 2.1+0.76/0.92/0+1.1 ms cpu, 4->5->2 MB, 5 MB goal, 0 MB stacks, 0 MB globals, 16 P
gc 2642 @8.900s 7%: 0.13+0.67+0.094 ms clock, 2.1+0.71/0.96/0+1.5 ms cpu, 3->4->2 MB, 4 MB goal, 0 MB stacks, 0 MB globals, 16 P
gc 2643 @8.902s 7%: 0.13+0.54+0.19 ms clock, 2.1+0.63/0.91/0+3.1 ms cpu, 4->4->2 MB, 5 MB goal, 0 MB stacks, 0 MB globals, 16 P
gc 2644 @8.904s 7%: 0.16+0.51+0.12 ms clock, 2.6+0.66/0.97/0+2.0 ms cpu, 4->4->2 MB, 4 MB goal, 0 MB stacks, 0 MB globals, 16 P
gc 2645 @8.906s 7%: 0.11+0.74+0.13 ms clock, 1.7+0.56/0.97/0+2.1 ms cpu, 4->5->2 MB, 4 MB goal, 0 MB stacks, 0 MB globals, 16 P
gc 2646 @8.908s 7%: 0.092+0.69+0.10 ms clock, 1.4+0.74/0.89/0.026+1.6 ms cpu, 4->5->2 MB, 5 MB goal, 0 MB stacks, 0 MB globals, 16 P
gc 2647 @8.909s 7%: 0.15+0.62+0.16 ms clock, 2.5+0.55/1.0/0+2.6 ms cpu, 4->4->2 MB, 4 MB goal, 0 MB stacks, 0 MB globals, 16 P
gc 2648 @8.911s 7%: 0.19+0.72+0.17 ms clock, 3.1+0.85/0.71/0+2.7 ms cpu, 3->4->2 MB, 4 MB goal, 0 MB stacks, 0 MB globals, 16 P
gc 2649 @8.913s 7%: 0.10+0.54+0.13 ms clock, 1.6+0.53/0.96/0.064+2.0 ms cpu, 4->5->2 MB, 5 MB goal, 0 MB stacks, 0 MB globals, 16 P
gc 2650 @8.915s 7%: 0.090+0.73+0.11 ms clock, 1.4+0.61/0.96/0+1.7 ms cpu, 3->5->2 MB, 4 MB goal, 0 MB stacks, 0 MB globals, 16 P
gc 2651 @8.917s 7%: 0.19+0.50+0.20 ms clock, 3.1+0.84/0.87/0.004+3.2 ms cpu, 4->4->2 MB, 5 MB goal, 0 MB stacks, 0 MB globals, 16 P
gc 2652 @8.918s 7%: 0.17+0.64+0.19 ms clock, 2.8+0.76/0.85/0+3.1 ms cpu, 3->4->2 MB, 4 MB goal, 0 MB stacks, 0 MB globals, 16 P
gc 2653 @8.920s 7%: 0.12+0.82+0.054 ms clock, 2.0+0.59/0.96/0+0.87 ms cpu, 4->4->2 MB, 4 MB goal, 0 MB stacks, 0 MB globals, 16 P
gc 2654 @8.922s 7%: 0.18+0.93+0.10 ms clock, 2.9+0.69/0.86/0+1.7 ms cpu, 4->5->2 MB, 4 MB goal, 0 MB stacks, 0 MB globals, 16 P
gc 2655 @8.924s 7%: 0.15+0.48+0.24 ms clock, 2.5+0.45/0.88/0+3.8 ms cpu, 4->5->2 MB, 5 MB goal, 0 MB stacks, 0 MB globals, 16 P
gc 2656 @8.926s 7%: 0.17+0.48+0.22 ms clock, 2.7+0.82/0.91/0+3.6 ms cpu, 4->4->2 MB, 4 MB goal, 0 MB stacks, 0 MB globals, 16 P
gc 2657 @8.928s 7%: 0.13+0.76+0.11 ms clock, 2.1+0.64/1.0/0+1.7 ms cpu, 4->5->2 MB, 4 MB goal, 0 MB stacks, 0 MB globals, 16 P
gc 2658 @8.930s 7%: 0.23+0.64+0.089 ms clock, 3.7+0.69/0.79/0+1.4 ms cpu, 4->5->2 MB, 5 MB goal, 0 MB stacks, 0 MB globals, 16 P
gc 2659 @8.932s 7%: 0.17+0.53+0.13 ms clock, 2.7+0.55/0.86/0.001+2.2 ms cpu, 4->4->2 MB, 4 MB goal, 0 MB stacks, 0 MB globals, 16 P
gc 2660 @8.933s 7%: 0.17+0.60+0.14 ms clock, 2.8+0.79/0.81/0.052+2.3 ms cpu, 4->4->2 MB, 4 MB goal, 0 MB stacks, 0 MB globals, 16 P
gc 2661 @8.935s 7%: 0.14+0.54+0.15 ms clock, 2.2+0.59/0.92/0+2.5 ms cpu, 4->4->2 MB, 4 MB goal, 0 MB stacks, 0 MB globals, 16 P
gc 2662 @8.937s 7%: 0.14+0.74+0.11 ms clock, 2.2+0.62/1.0/0.020+1.8 ms cpu, 4->4->2 MB, 4 MB goal, 0 MB stacks, 0 MB globals, 16 P
gc 2663 @8.939s 7%: 0.15+0.68+0.10 ms clock, 2.4+0.75/1.0/0.002+1.6 ms cpu, 4->4->2 MB, 4 MB goal, 0 MB stacks, 0 MB globals, 16 P
gc 2664 @8.941s 7%: 0.16+0.57+0.12 ms clock, 2.5+0.69/1.0/0.004+1.9 ms cpu, 4->5->2 MB, 4 MB goal, 0 MB stacks, 0 MB globals, 16 P
gc 2665 @8.942s 7%: 0.18+0.55+0.16 ms clock, 2.9+0.65/1.0/0+2.6 ms cpu, 4->5->2 MB, 4 MB goal, 0 MB stacks, 0 MB globals, 16 P
gc 2666 @8.944s 7%: 0.11+0.48+0.20 ms clock, 1.8+0.67/0.82/0+3.3 ms cpu, 4->4->2 MB, 4 MB goal, 0 MB stacks, 0 MB globals, 16 P
gc 2667 @8.946s 7%: 0.21+0.56+0.10 ms clock, 3.4+0.60/0.96/0+1.6 ms cpu, 3->4->2 MB, 4 MB goal, 0 MB stacks, 0 MB globals, 16 P
gc 2668 @8.947s 7%: 0.10+0.64+0.10 ms clock, 1.6+0.76/0.95/0+1.7 ms cpu, 3->4->2 MB, 4 MB goal, 0 MB stacks, 0 MB globals, 16 P
gc 2669 @8.949s 7%: 0.20+0.67+0.15 ms clock, 3.3+0.58/1.0/0+2.4 ms cpu, 4->5->2 MB, 4 MB goal, 0 MB stacks, 0 MB globals, 16 P
gc 2670 @8.951s 7%: 0.12+0.81+0.095 ms clock, 1.9+0.44/0.98/0.052+1.5 ms cpu, 4->5->2 MB, 4 MB goal, 0 MB stacks, 0 MB globals, 16 P
gc 2671 @8.953s 7%: 0.16+0.48+0.21 ms clock, 2.6+0.72/0.87/0+3.5 ms cpu, 4->5->2 MB, 5 MB goal, 0 MB stacks, 0 MB globals, 16 P
gc 2672 @8.955s 7%: 0.11+0.80+0.18 ms clock, 1.8+0.72/1.1/0+2.9 ms cpu, 3->5->2 MB, 4 MB goal, 0 MB stacks, 0 MB globals, 16 P
gc 2673 @8.957s 7%: 0.18+0.74+0.19 ms clock, 2.9+0.59/1.1/0+3.1 ms cpu, 4->5->2 MB, 5 MB goal, 0 MB stacks, 0 MB globals, 16 P
gc 2674 @8.959s 7%: 0.11+0.62+0.21 ms clock, 1.7+0.72/0.94/0+3.4 ms cpu, 4->5->2 MB, 5 MB goal, 0 MB stacks, 0 MB globals, 16 P
gc 2675 @8.961s 7%: 0.13+0.73+0.18 ms clock, 2.2+0.55/1.0/0+2.9 ms cpu, 3->4->2 MB, 4 MB goal, 0 MB stacks, 0 MB globals, 16 P
gc 2676 @8.963s 7%: 0.12+0.83+0.060 ms clock, 2.0+0.70/0.99/0+0.96 ms cpu, 4->5->2 MB, 4 MB goal, 0 MB stacks, 0 MB globals, 16 P
gc 2677 @8.965s 7%: 0.13+0.85+0.12 ms clock, 2.1+0.74/0.88/0+2.0 ms cpu, 4->4->2 MB, 4 MB goal, 0 MB stacks, 0 MB globals, 16 P
gc 2678 @8.967s 7%: 0.14+0.73+0.13 ms clock, 2.3+0.69/0.90/0.004+2.1 ms cpu, 4->5->2 MB, 5 MB goal, 0 MB stacks, 0 MB globals, 16 P
gc 2679 @8.969s 7%: 0.11+0.57+0.14 ms clock, 1.8+0.66/0.83/0+2.3 ms cpu, 4->4->2 MB, 4 MB goal, 0 MB stacks, 0 MB globals, 16 P
gc 2680 @8.970s 7%: 0.10+0.62+0.14 ms clock, 1.7+0.68/1.0/0+2.2 ms cpu, 3->4->2 MB, 4 MB goal, 0 MB stacks, 0 MB globals, 16 P
gc 2681 @8.972s 7%: 0.15+0.58+0.12 ms clock, 2.5+0.50/1.0/0+1.9 ms cpu, 4->4->2 MB, 4 MB goal, 0 MB stacks, 0 MB globals, 16 P
gc 2682 @8.974s 7%: 0.13+0.65+0.10 ms clock, 2.0+0.61/1.0/0+1.6 ms cpu, 4->4->2 MB, 4 MB goal, 0 MB stacks, 0 MB globals, 16 P
gc 2683 @8.975s 7%: 0.13+0.66+0.10 ms clock, 2.1+0.74/0.99/0+1.6 ms cpu, 4->4->2 MB, 4 MB goal, 0 MB stacks, 0 MB globals, 16 P
gc 2684 @8.977s 7%: 0.11+0.67+0.069 ms clock, 1.8+0.56/1.0/0.004+1.1 ms cpu, 4->4->2 MB, 4 MB goal, 0 MB stacks, 0 MB globals, 16 P
gc 2685 @8.979s 7%: 0.15+0.60+0.11 ms clock, 2.4+0.64/1.0/0+1.8 ms cpu, 4->5->2 MB, 4 MB goal, 0 MB stacks, 0 MB globals, 16 P
gc 2686 @8.981s 7%: 0.12+0.68+0.15 ms clock, 1.9+0.62/0.83/0.027+2.4 ms cpu, 4->5->2 MB, 5 MB goal, 0 MB stacks, 0 MB globals, 16 P
gc 2687 @8.983s 7%: 0.11+0.71+0.13 ms clock, 1.8+0.75/0.78/0+2.1 ms cpu, 4->5->2 MB, 4 MB goal, 0 MB stacks, 0 MB globals, 16 P
gc 2688 @8.985s 7%: 0.13+0.61+0.22 ms clock, 2.1+0.52/0.99/0.002+3.6 ms cpu, 4->5->2 MB, 5 MB goal, 0 MB stacks, 0 MB globals, 16 P
gc 2689 @8.987s 7%: 0.15+0.65+0.16 ms clock, 2.5+0.61/1.1/0+2.7 ms cpu, 4->5->2 MB, 4 MB goal, 0 MB stacks, 0 MB globals, 16 P
gc 2690 @8.989s 7%: 0.12+0.66+0.10 ms clock, 2.0+0.92/0.82/0+1.7 ms cpu, 4->5->2 MB, 5 MB goal, 0 MB stacks, 0 MB globals, 16 P
gc 2691 @8.991s 7%: 0.17+0.58+0.13 ms clock, 2.8+0.67/1.0/0+2.1 ms cpu, 4->5->2 MB, 4 MB goal, 0 MB stacks, 0 MB globals, 16 P
gc 2692 @8.993s 7%: 0.17+0.76+0.11 ms clock, 2.7+0.81/0.95/0.023+1.7 ms cpu, 4->5->2 MB, 4 MB goal, 0 MB stacks, 0 MB globals, 16 P
gc 2693 @8.995s 7%: 0.14+0.57+0.076 ms clock, 2.3+0.75/0.85/0.039+1.2 ms cpu, 4->5->2 MB, 5 MB goal, 0 MB stacks, 0 MB globals, 16 P
gc 2694 @8.996s 7%: 0.14+0.51+0.096 ms clock, 2.3+0.82/0.78/0+1.5 ms cpu, 3->4->2 MB, 4 MB goal, 0 MB stacks, 0 MB globals, 16 P
gc 2695 @8.998s 7%: 0.18+0.60+0.077 ms clock, 2.9+0.69/0.92/0+1.2 ms cpu, 3->4->2 MB, 4 MB goal, 0 MB stacks, 0 MB globals, 16 P
gc 2696 @8.999s 7%: 0.12+0.55+0.15 ms clock, 1.9+0.50/1.0/0+2.5 ms cpu, 3->4->2 MB, 4 MB goal, 0 MB stacks, 0 MB globals, 16 P
gc 2697 @9.001s 7%: 0.13+0.64+0.14 ms clock, 2.1+0.90/0.91/0+2.3 ms cpu, 3->4->2 MB, 4 MB goal, 0 MB stacks, 0 MB globals, 16 P
gc 2698 @9.003s 7%: 0.14+0.67+0.11 ms clock, 2.3+0.56/0.91/0+1.8 ms cpu, 4->4->2 MB, 4 MB goal, 0 MB stacks, 0 MB globals, 16 P
gc 2699 @9.005s 7%: 0.10+0.55+0.13 ms clock, 1.6+0.56/0.98/0.003+2.1 ms cpu, 3->4->2 MB, 4 MB goal, 0 MB stacks, 0 MB globals, 16 P
gc 2700 @9.006s 7%: 0.11+0.79+0.096 ms clock, 1.7+0.65/0.92/0+1.5 ms cpu, 4->5->2 MB, 4 MB goal, 0 MB stacks, 0 MB globals, 16 P
gc 2701 @9.008s 7%: 0.19+0.69+0.16 ms clock, 3.1+0.74/0.83/0+2.5 ms cpu, 4->5->2 MB, 5 MB goal, 0 MB stacks, 0 MB globals, 16 P
gc 2702 @9.010s 7%: 0.19+0.74+0.076 ms clock, 3.0+0.61/1.0/0+1.2 ms cpu, 4->5->2 MB, 4 MB goal, 0 MB stacks, 0 MB globals, 16 P
gc 2703 @9.012s 7%: 0.14+0.56+0.19 ms clock, 2.3+0.77/0.81/0+3.0 ms cpu, 4->5->2 MB, 5 MB goal, 0 MB stacks, 0 MB globals, 16 P
gc 2704 @9.014s 7%: 0.19+0.53+0.13 ms clock, 3.1+0.62/0.94/0+2.0 ms cpu, 3->4->2 MB, 4 MB goal, 0 MB stacks, 0 MB globals, 16 P
gc 2705 @9.016s 7%: 0.096+0.75+0.061 ms clock, 1.5+0.54/0.92/0+0.99 ms cpu, 4->5->2 MB, 4 MB goal, 0 MB stacks, 0 MB globals, 16 P
gc 2706 @9.017s 7%: 0.097+0.60+0.059 ms clock, 1.5+0.63/0.89/0+0.95 ms cpu, 4->4->2 MB, 4 MB goal, 0 MB stacks, 0 MB globals, 16 P
gc 2707 @9.019s 7%: 0.13+0.76+0.10 ms clock, 2.0+0.78/0.90/0.006+1.6 ms cpu, 3->4->2 MB, 4 MB goal, 0 MB stacks, 0 MB globals, 16 P
gc 2708 @9.021s 7%: 0.14+0.65+0.12 ms clock, 2.3+0.70/1.0/0+1.9 ms cpu, 4->5->2 MB, 5 MB goal, 0 MB stacks, 0 MB globals, 16 P
gc 2709 @9.023s 7%: 0.12+0.76+0.10 ms clock, 1.9+0.83/1.0/0+1.6 ms cpu, 4->5->2 MB, 5 MB goal, 0 MB stacks, 0 MB globals, 16 P
gc 2710 @9.025s 7%: 0.11+0.66+0.10 ms clock, 1.7+0.71/0.87/0.024+1.7 ms cpu, 4->4->2 MB, 5 MB goal, 0 MB stacks, 0 MB globals, 16 P
gc 2711 @9.026s 7%: 0.14+0.55+0.13 ms clock, 2.3+0.78/0.89/0.022+2.1 ms cpu, 3->4->2 MB, 4 MB goal, 0 MB stacks, 0 MB globals, 16 P
gc 2712 @9.028s 7%: 0.11+0.78+0.13 ms clock, 1.8+0.66/0.96/0.002+2.1 ms cpu, 4->5->2 MB, 4 MB goal, 0 MB stacks, 0 MB globals, 16 P
gc 2713 @9.030s 7%: 0.13+0.69+0.10 ms clock, 2.1+0.69/1.0/0+1.6 ms cpu, 4->5->2 MB, 5 MB goal, 0 MB stacks, 0 MB globals, 16 P
gc 2714 @9.032s 7%: 0.15+0.63+0.078 ms clock, 2.4+0.66/0.87/0.007+1.2 ms cpu, 4->5->2 MB, 5 MB goal, 0 MB stacks, 0 MB globals, 16 P
gc 2715 @9.034s 7%: 0.13+0.62+0.11 ms clock, 2.1+0.77/0.92/0+1.8 ms cpu, 4->5->2 MB, 5 MB goal, 0 MB stacks, 0 MB globals, 16 P
gc 2716 @9.036s 7%: 0.20+0.82+0.094 ms clock, 3.3+0.67/1.1/0.001+1.5 ms cpu, 4->5->2 MB, 4 MB goal, 0 MB stacks, 0 MB globals, 16 P
gc 2717 @9.038s 7%: 0.15+0.64+0.12 ms clock, 2.4+0.81/0.96/0.004+1.9 ms cpu, 4->5->2 MB, 5 MB goal, 0 MB stacks, 0 MB globals, 16 P
gc 2718 @9.040s 7%: 0.10+0.48+0.30 ms clock, 1.6+0.57/0.93/0+4.9 ms cpu, 4->4->2 MB, 5 MB goal, 0 MB stacks, 0 MB globals, 16 P
gc 2719 @9.042s 7%: 0.11+0.52+0.20 ms clock, 1.8+0.68/1.0/0+3.2 ms cpu, 3->4->2 MB, 4 MB goal, 0 MB stacks, 0 MB globals, 16 P
gc 2720 @9.044s 7%: 0.21+0.67+0.051 ms clock, 3.5+0.62/0.87/0.009+0.81 ms cpu, 3->4->2 MB, 4 MB goal, 0 MB stacks, 0 MB globals, 16 P
gc 2721 @9.045s 7%: 0.28+0.50+0.13 ms clock, 4.5+0.44/1.0/0+2.1 ms cpu, 4->4->2 MB, 4 MB goal, 0 MB stacks, 0 MB globals, 16 P
gc 2722 @9.047s 7%: 0.28+0.55+0.18 ms clock, 4.5+0.73/0.88/0+2.9 ms cpu, 3->4->2 MB, 4 MB goal, 0 MB stacks, 0 MB globals, 16 P
gc 2723 @9.049s 7%: 0.15+0.75+0.13 ms clock, 2.4+0.76/0.81/0+2.0 ms cpu, 4->5->2 MB, 5 MB goal, 0 MB stacks, 0 MB globals, 16 P
gc 2724 @9.051s 7%: 0.11+0.72+0.089 ms clock, 1.8+0.81/0.91/0+1.4 ms cpu, 4->5->2 MB, 5 MB goal, 0 MB stacks, 0 MB globals, 16 P
gc 2725 @9.053s 7%: 0.16+0.78+0.17 ms clock, 2.6+0.66/0.89/0+2.8 ms cpu, 4->5->2 MB, 4 MB goal, 0 MB stacks, 0 MB globals, 16 P
gc 2726 @9.055s 7%: 0.13+0.70+0.089 ms clock, 2.1+0.49/0.90/0.036+1.4 ms cpu, 4->5->2 MB, 5 MB goal, 0 MB stacks, 0 MB globals, 16 P
gc 2727 @9.057s 7%: 0.13+0.68+0.10 ms clock, 2.1+0.61/1.1/0.033+1.6 ms cpu, 4->5->2 MB, 4 MB goal, 0 MB stacks, 0 MB globals, 16 P
gc 2728 @9.058s 7%: 0.15+0.69+0.11 ms clock, 2.4+0.70/0.89/0.010+1.7 ms cpu, 4->5->2 MB, 4 MB goal, 0 MB stacks, 0 MB globals, 16 P
gc 2729 @9.060s 7%: 0.17+0.69+0.094 ms clock, 2.7+0.71/0.97/0+1.5 ms cpu, 4->5->2 MB, 5 MB goal, 0 MB stacks, 0 MB globals, 16 P
gc 2730 @9.063s 7%: 0.17+0.66+0.12 ms clock, 2.8+0.85/0.82/0+1.9 ms cpu, 4->5->2 MB, 5 MB goal, 0 MB stacks, 0 MB globals, 16 P
gc 2731 @9.064s 7%: 0.16+0.63+0.14 ms clock, 2.6+0.52/0.83/0+2.2 ms cpu, 4->4->2 MB, 4 MB goal, 0 MB stacks, 0 MB globals, 16 P
gc 2732 @9.066s 7%: 0.15+0.69+0.15 ms clock, 2.5+0.68/0.96/0+2.5 ms cpu, 3->4->2 MB, 4 MB goal, 0 MB stacks, 0 MB globals, 16 P
gc 2733 @9.068s 7%: 0.21+0.64+0.14 ms clock, 3.4+0.33/1.0/0+2.3 ms cpu, 4->5->2 MB, 5 MB goal, 0 MB stacks, 0 MB globals, 16 P
gc 2734 @9.070s 7%: 0.17+0.53+0.22 ms clock, 2.8+0.64/1.0/0+3.5 ms cpu, 3->4->2 MB, 4 MB goal, 0 MB stacks, 0 MB globals, 16 P
gc 2735 @9.071s 7%: 0.14+0.71+0.20 ms clock, 2.3+0.64/0.98/0+3.2 ms cpu, 4->5->2 MB, 4 MB goal, 0 MB stacks, 0 MB globals, 16 P
gc 2736 @9.073s 7%: 0.10+0.77+0.14 ms clock, 1.6+0.75/0.90/0+2.3 ms cpu, 4->5->2 MB, 5 MB goal, 0 MB stacks, 0 MB globals, 16 P
gc 2737 @9.075s 7%: 0.10+0.60+0.14 ms clock, 1.7+0.71/0.95/0+2.3 ms cpu, 4->5->2 MB, 4 MB goal, 0 MB stacks, 0 MB globals, 16 P
gc 2738 @9.077s 7%: 0.11+0.65+0.14 ms clock, 1.7+0.71/0.85/0.001+2.3 ms cpu, 4->4->2 MB, 4 MB goal, 0 MB stacks, 0 MB globals, 16 P
gc 2739 @9.079s 7%: 0.12+0.58+0.19 ms clock, 1.9+0.71/0.79/0.013+3.1 ms cpu, 3->4->2 MB, 4 MB goal, 0 MB stacks, 0 MB globals, 16 P
gc 2740 @9.080s 7%: 0.16+0.60+0.12 ms clock, 2.6+0.77/0.84/0+1.9 ms cpu, 4->4->2 MB, 4 MB goal, 0 MB stacks, 0 MB globals, 16 P
gc 2741 @9.082s 7%: 0.14+0.44+0.14 ms clock, 2.3+0.54/0.94/0.019+2.3 ms cpu, 4->4->2 MB, 4 MB goal, 0 MB stacks, 0 MB globals, 16 P
gc 2742 @9.084s 7%: 0.13+0.59+0.10 ms clock, 2.1+0.60/0.87/0+1.7 ms cpu, 3->4->2 MB, 4 MB goal, 0 MB stacks, 0 MB globals, 16 P
gc 2743 @9.085s 7%: 0.086+0.71+0.10 ms clock, 1.3+0.56/1.1/0+1.7 ms cpu, 4->4->2 MB, 4 MB goal, 0 MB stacks, 0 MB globals, 16 P
gc 2744 @9.087s 7%: 0.11+0.55+0.14 ms clock, 1.8+0.50/0.91/0+2.2 ms cpu, 4->4->2 MB, 4 MB goal, 0 MB stacks, 0 MB globals, 16 P
gc 2745 @9.089s 7%: 0.11+0.67+0.10 ms clock, 1.7+0.65/0.85/0+1.6 ms cpu, 3->4->2 MB, 4 MB goal, 0 MB stacks, 0 MB globals, 16 P
gc 2746 @9.090s 7%: 0.11+0.51+0.088 ms clock, 1.8+0.54/0.83/0+1.4 ms cpu, 4->4->2 MB, 4 MB goal, 0 MB stacks, 0 MB globals, 16 P
gc 2747 @9.092s 7%: 0.21+0.56+0.16 ms clock, 3.5+0.93/0.91/0+2.6 ms cpu, 3->4->2 MB, 4 MB goal, 0 MB stacks, 0 MB globals, 16 P
gc 2748 @9.094s 7%: 0.10+0.56+0.20 ms clock, 1.6+0.65/1.0/0+3.2 ms cpu, 4->4->2 MB, 4 MB goal, 0 MB stacks, 0 MB globals, 16 P
gc 2749 @9.095s 7%: 0.13+0.71+0.11 ms clock, 2.1+0.54/1.1/0+1.9 ms cpu, 4->4->2 MB, 4 MB goal, 0 MB stacks, 0 MB globals, 16 P
gc 2750 @9.097s 7%: 0.11+0.59+0.070 ms clock, 1.7+0.58/0.96/0.001+1.1 ms cpu, 4->4->2 MB, 4 MB goal, 0 MB stacks, 0 MB globals, 16 P
gc 2751 @9.099s 7%: 0.17+0.58+0.13 ms clock, 2.7+0.52/1.0/0+2.1 ms cpu, 3->4->2 MB, 4 MB goal, 0 MB stacks, 0 MB globals, 16 P
gc 2752 @9.101s 7%: 0.12+0.58+0.14 ms clock, 1.9+0.57/0.84/0.014+2.3 ms cpu, 3->4->2 MB, 4 MB goal, 0 MB stacks, 0 MB globals, 16 P
gc 2753 @9.102s 7%: 0.12+0.82+0.091 ms clock, 1.9+0.61/1.0/0+1.4 ms cpu, 4->5->2 MB, 4 MB goal, 0 MB stacks, 0 MB globals, 16 P
gc 2754 @9.104s 7%: 0.12+0.69+0.27 ms clock, 1.9+0.67/1.0/0.013+4.4 ms cpu, 4->5->2 MB, 5 MB goal, 0 MB stacks, 0 MB globals, 16 P
gc 2755 @9.106s 7%: 0.11+0.64+0.076 ms clock, 1.8+0.67/0.90/0.028+1.2 ms cpu, 4->4->2 MB, 5 MB goal, 0 MB stacks, 0 MB globals, 16 P
gc 2756 @9.108s 7%: 0.12+0.58+0.11 ms clock, 1.9+0.64/1.0/0.003+1.8 ms cpu, 3->4->2 MB, 4 MB goal, 0 MB stacks, 0 MB globals, 16 P
gc 2757 @9.110s 7%: 0.11+0.70+0.14 ms clock, 1.8+0.51/1.0/0+2.2 ms cpu, 4->5->2 MB, 4 MB goal, 0 MB stacks, 0 MB globals, 16 P
gc 2758 @9.112s 7%: 0.14+0.62+0.15 ms clock, 2.2+0.57/0.88/0+2.5 ms cpu, 4->4->2 MB, 5 MB goal, 0 MB stacks, 0 MB globals, 16 P
gc 2759 @9.113s 7%: 0.13+0.58+0.11 ms clock, 2.1+0.84/1.0/0+1.7 ms cpu, 4->4->2 MB, 4 MB goal, 0 MB stacks, 0 MB globals, 16 P
gc 2760 @9.115s 7%: 0.13+0.58+0.24 ms clock, 2.1+0.77/0.88/0+3.8 ms cpu, 4->4->2 MB, 4 MB goal, 0 MB stacks, 0 MB globals, 16 P
gc 2761 @9.117s 7%: 0.11+0.63+0.21 ms clock, 1.8+0.91/0.85/0+3.5 ms cpu, 4->4->2 MB, 4 MB goal, 0 MB stacks, 0 MB globals, 16 P
gc 2762 @9.119s 7%: 0.13+0.67+0.093 ms clock, 2.1+0.56/1.2/0+1.4 ms cpu, 4->4->2 MB, 4 MB goal, 0 MB stacks, 0 MB globals, 16 P
gc 2763 @9.121s 7%: 0.13+0.76+0.11 ms clock, 2.1+0.67/1.0/0+1.7 ms cpu, 4->5->2 MB, 4 MB goal, 0 MB stacks, 0 MB globals, 16 P
gc 2764 @9.123s 7%: 0.10+0.58+0.11 ms clock, 1.6+0.55/1.0/0+1.8 ms cpu, 4->5->2 MB, 5 MB goal, 0 MB stacks, 0 MB globals, 16 P
gc 2765 @9.124s 7%: 0.15+0.64+0.21 ms clock, 2.5+0.72/0.95/0+3.3 ms cpu, 4->4->2 MB, 4 MB goal, 0 MB stacks, 0 MB globals, 16 P
gc 2766 @9.126s 7%: 0.11+0.55+0.11 ms clock, 1.8+0.62/1.0/0+1.7 ms cpu, 4->4->2 MB, 4 MB goal, 0 MB stacks, 0 MB globals, 16 P
gc 2767 @9.128s 7%: 0.16+0.54+0.15 ms clock, 2.6+0.72/0.91/0+2.5 ms cpu, 4->4->2 MB, 4 MB goal, 0 MB stacks, 0 MB globals, 16 P
gc 2768 @9.130s 7%: 0.16+0.60+0.18 ms clock, 2.6+0.55/0.99/0.002+2.9 ms cpu, 4->4->2 MB, 4 MB goal, 0 MB stacks, 0 MB globals, 16 P
gc 2769 @9.131s 7%: 0.11+0.51+0.084 ms clock, 1.8+0.54/0.94/0.040+1.3 ms cpu, 3->4->2 MB, 4 MB goal, 0 MB stacks, 0 MB globals, 16 P
gc 2770 @9.133s 7%: 0.10+0.81+0.17 ms clock, 1.6+0.59/0.99/0+2.8 ms cpu, 3->4->2 MB, 4 MB goal, 0 MB stacks, 0 MB globals, 16 P
gc 2771 @9.135s 7%: 0.10+0.65+0.20 ms clock, 1.6+0.69/1.0/0.002+3.3 ms cpu, 4->5->2 MB, 5 MB goal, 0 MB stacks, 0 MB globals, 16 P
gc 2772 @9.137s 7%: 0.11+0.56+0.11 ms clock, 1.9+0.70/0.84/0.002+1.9 ms cpu, 4->4->2 MB, 4 MB goal, 0 MB stacks, 0 MB globals, 16 P
gc 2773 @9.138s 7%: 0.13+0.67+0.10 ms clock, 2.1+0.71/1.1/0+1.7 ms cpu, 3->4->2 MB, 4 MB goal, 0 MB stacks, 0 MB globals, 16 P
gc 2774 @9.140s 7%: 0.12+0.74+0.19 ms clock, 2.0+0.59/0.99/0+3.0 ms cpu, 4->4->2 MB, 4 MB goal, 0 MB stacks, 0 MB globals, 16 P
gc 2775 @9.142s 7%: 0.14+0.62+0.15 ms clock, 2.2+0.74/0.89/0+2.4 ms cpu, 4->5->2 MB, 4 MB goal, 0 MB stacks, 0 MB globals, 16 P
gc 2776 @9.144s 7%: 0.10+0.72+0.13 ms clock, 1.6+0.50/0.96/0.023+2.2 ms cpu, 4->4->2 MB, 4 MB goal, 0 MB stacks, 0 MB globals, 16 P
gc 2777 @9.146s 7%: 0.14+0.73+0.13 ms clock, 2.3+0.74/1.0/0+2.2 ms cpu, 4->5->2 MB, 5 MB goal, 0 MB stacks, 0 MB globals, 16 P
gc 2778 @9.148s 7%: 0.14+0.55+0.097 ms clock, 2.3+0.74/1.0/0+1.5 ms cpu, 4->5->2 MB, 5 MB goal, 0 MB stacks, 0 MB globals, 16 P
gc 2779 @9.150s 7%: 0.17+0.60+0.18 ms clock, 2.8+0.69/0.95/0.016+2.9 ms cpu, 4->4->2 MB, 4 MB goal, 0 MB stacks, 0 MB globals, 16 P
gc 2780 @9.151s 7%: 0.11+0.64+0.17 ms clock, 1.8+0.65/0.91/0+2.8 ms cpu, 4->4->2 MB, 4 MB goal, 0 MB stacks, 0 MB globals, 16 P
gc 2781 @9.153s 7%: 0.13+0.46+0.22 ms clock, 2.2+0.71/0.88/0+3.6 ms cpu, 3->4->2 MB, 4 MB goal, 0 MB stacks, 0 MB globals, 16 P
gc 2782 @9.154s 7%: 0.11+0.60+0.15 ms clock, 1.9+0.66/0.85/0.024+2.4 ms cpu, 3->4->2 MB, 4 MB goal, 0 MB stacks, 0 MB globals, 16 P
gc 2783 @9.156s 7%: 0.17+0.48+0.14 ms clock, 2.7+0.68/0.83/0.013+2.2 ms cpu, 4->4->2 MB, 4 MB goal, 0 MB stacks, 0 MB globals, 16 P
gc 2784 @9.158s 7%: 0.18+0.65+0.10 ms clock, 2.9+0.66/1.0/0+1.7 ms cpu, 3->4->2 MB, 4 MB goal, 0 MB stacks, 0 MB globals, 16 P
gc 2785 @9.160s 7%: 0.14+0.56+0.10 ms clock, 2.2+0.58/0.88/0+1.6 ms cpu, 4->4->2 MB, 4 MB goal, 0 MB stacks, 0 MB globals, 16 P
gc 2786 @9.161s 7%: 0.10+0.57+0.11 ms clock, 1.6+0.60/0.95/0+1.8 ms cpu, 4->4->2 MB, 4 MB goal, 0 MB stacks, 0 MB globals, 16 P
gc 2787 @9.163s 7%: 0.22+0.90+0.080 ms clock, 3.6+0.67/0.85/0+1.2 ms cpu, 3->4->2 MB, 4 MB goal, 0 MB stacks, 0 MB globals, 16 P
gc 2788 @9.165s 7%: 0.14+0.62+0.15 ms clock, 2.3+0.63/1.1/0+2.4 ms cpu, 4->5->2 MB, 5 MB goal, 0 MB stacks, 0 MB globals, 16 P
gc 2789 @9.167s 7%: 0.22+0.57+0.13 ms clock, 3.6+0.72/0.87/0+2.1 ms cpu, 4->5->2 MB, 5 MB goal, 0 MB stacks, 0 MB globals, 16 P
gc 2790 @9.169s 7%: 0.14+0.54+0.14 ms clock, 2.3+0.91/0.92/0+2.3 ms cpu, 4->4->2 MB, 4 MB goal, 0 MB stacks, 0 MB globals, 16 P
gc 2791 @9.170s 7%: 0.18+0.55+0.13 ms clock, 2.8+0.59/1.0/0+2.1 ms cpu, 3->4->2 MB, 4 MB goal, 0 MB stacks, 0 MB globals, 16 P
gc 2792 @9.172s 7%: 0.13+0.59+0.19 ms clock, 2.1+0.60/0.92/0.023+3.1 ms cpu, 3->4->2 MB, 4 MB goal, 0 MB stacks, 0 MB globals, 16 P
gc 2793 @9.174s 7%: 0.12+0.63+0.14 ms clock, 2.0+0.53/1.0/0+2.3 ms cpu, 3->4->2 MB, 4 MB goal, 0 MB stacks, 0 MB globals, 16 P
gc 2794 @9.175s 7%: 0.13+0.83+0.15 ms clock, 2.0+0.68/0.86/0.016+2.4 ms cpu, 3->4->2 MB, 4 MB goal, 0 MB stacks, 0 MB globals, 16 P
gc 2795 @9.178s 7%: 0.13+0.62+0.11 ms clock, 2.1+0.58/0.98/0+1.8 ms cpu, 4->5->2 MB, 5 MB goal, 0 MB stacks, 0 MB globals, 16 P
gc 2796 @9.179s 7%: 0.15+0.60+0.11 ms clock, 2.5+0.66/0.89/0+1.7 ms cpu, 4->4->2 MB, 4 MB goal, 0 MB stacks, 0 MB globals, 16 P
gc 2797 @9.181s 7%: 0.16+0.49+0.20 ms clock, 2.6+0.64/0.92/0+3.2 ms cpu, 4->4->2 MB, 5 MB goal, 0 MB stacks, 0 MB globals, 16 P
gc 2798 @9.183s 7%: 0.18+0.55+0.087 ms clock, 2.9+0.58/0.92/0+1.3 ms cpu, 3->4->2 MB, 4 MB goal, 0 MB stacks, 0 MB globals, 16 P
gc 2799 @9.185s 7%: 0.12+0.53+0.10 ms clock, 1.9+0.70/0.98/0.011+1.7 ms cpu, 4->4->2 MB, 4 MB goal, 0 MB stacks, 0 MB globals, 16 P
gc 2800 @9.186s 7%: 0.11+0.71+0.12 ms clock, 1.7+0.61/0.95/0.005+1.9 ms cpu, 3->4->2 MB, 4 MB goal, 0 MB stacks, 0 MB globals, 16 P
gc 2801 @9.188s 7%: 0.17+0.59+0.15 ms clock, 2.7+0.63/0.87/0.13+2.5 ms cpu, 4->4->2 MB, 4 MB goal, 0 MB stacks, 0 MB globals, 16 P
gc 2802 @9.190s 7%: 0.16+0.64+0.10 ms clock, 2.6+0.65/0.88/0.034+1.6 ms cpu, 4->5->2 MB, 4 MB goal, 0 MB stacks, 0 MB globals, 16 P
gc 2803 @9.192s 7%: 0.096+0.60+0.10 ms clock, 1.5+0.47/0.97/0+1.7 ms cpu, 4->5->2 MB, 5 MB goal, 0 MB stacks, 0 MB globals, 16 P
gc 2804 @9.193s 7%: 0.10+0.74+0.054 ms clock, 1.6+0.60/1.2/0+0.86 ms cpu, 3->4->2 MB, 4 MB goal, 0 MB stacks, 0 MB globals, 16 P
gc 2805 @9.195s 7%: 0.15+0.65+0.11 ms clock, 2.4+0.58/1.0/0+1.8 ms cpu, 4->5->2 MB, 4 MB goal, 0 MB stacks, 0 MB globals, 16 P
gc 2806 @9.197s 7%: 0.18+0.60+0.20 ms clock, 3.0+0.51/1.0/0+3.3 ms cpu, 4->5->2 MB, 4 MB goal, 0 MB stacks, 0 MB globals, 16 P
gc 2807 @9.199s 7%: 0.19+0.70+0.15 ms clock, 3.0+0.67/1.1/0.003+2.5 ms cpu, 4->4->2 MB, 4 MB goal, 0 MB stacks, 0 MB globals, 16 P
gc 2808 @9.201s 7%: 0.12+0.63+0.13 ms clock, 2.0+0.74/0.90/0.047+2.1 ms cpu, 4->5->2 MB, 5 MB goal, 0 MB stacks, 0 MB globals, 16 P
gc 2809 @9.203s 7%: 0.20+0.70+0.19 ms clock, 3.2+0.91/0.93/0+3.1 ms cpu, 4->5->2 MB, 4 MB goal, 0 MB stacks, 0 MB globals, 16 P
gc 2810 @9.205s 7%: 0.12+0.74+0.098 ms clock, 2.0+0.63/1.0/0.050+1.5 ms cpu, 4->5->2 MB, 5 MB goal, 0 MB stacks, 0 MB globals, 16 P
gc 2811 @9.207s 7%: 0.11+0.82+0.089 ms clock, 1.8+0.70/0.88/0.12+1.4 ms cpu, 4->5->2 MB, 4 MB goal, 0 MB stacks, 0 MB globals, 16 P
gc 2812 @9.209s 7%: 0.17+0.76+0.076 ms clock, 2.7+0.72/0.93/0+1.2 ms cpu, 4->5->2 MB, 4 MB goal, 0 MB stacks, 0 MB globals, 16 P
gc 2813 @9.210s 7%: 0.10+0.67+0.13 ms clock, 1.6+0.68/0.89/0+2.1 ms cpu, 4->5->2 MB, 4 MB goal, 0 MB stacks, 0 MB globals, 16 P
gc 2814 @9.212s 7%: 0.15+0.58+0.16 ms clock, 2.5+0.64/0.96/0+2.6 ms cpu, 4->4->2 MB, 4 MB goal, 0 MB stacks, 0 MB globals, 16 P
gc 2815 @9.214s 7%: 0.14+0.48+0.092 ms clock, 2.2+0.65/0.90/0+1.4 ms cpu, 4->4->2 MB, 4 MB goal, 0 MB stacks, 0 MB globals, 16 P
gc 2816 @9.216s 7%: 0.098+0.80+0.059 ms clock, 1.5+0.50/1.0/0.065+0.94 ms cpu, 3->4->2 MB, 4 MB goal, 0 MB stacks, 0 MB globals, 16 P
gc 2817 @9.217s 7%: 0.11+0.69+0.15 ms clock, 1.8+0.54/0.93/0+2.4 ms cpu, 4->4->2 MB, 4 MB goal, 0 MB stacks, 0 MB globals, 16 P
gc 2818 @9.219s 7%: 0.12+0.49+0.17 ms clock, 2.0+0.71/0.91/0+2.7 ms cpu, 4->5->2 MB, 4 MB goal, 0 MB stacks, 0 MB globals, 16 P
gc 2819 @9.221s 7%: 0.082+0.52+0.14 ms clock, 1.3+0.69/0.84/0.058+2.3 ms cpu, 4->4->2 MB, 4 MB goal, 0 MB stacks, 0 MB globals, 16 P
gc 2820 @9.222s 7%: 0.15+0.70+0.099 ms clock, 2.4+0.66/1.1/0+1.5 ms cpu, 3->4->2 MB, 4 MB goal, 0 MB stacks, 0 MB globals, 16 P
gc 2821 @9.224s 7%: 0.11+0.58+0.13 ms clock, 1.8+0.43/0.94/0.002+2.2 ms cpu, 4->5->2 MB, 5 MB goal, 0 MB stacks, 0 MB globals, 16 P
gc 2822 @9.226s 7%: 0.11+0.61+0.13 ms clock, 1.8+0.62/0.96/0.008+2.0 ms cpu, 3->4->2 MB, 4 MB goal, 0 MB stacks, 0 MB globals, 16 P
gc 2823 @9.228s 7%: 0.16+0.66+0.099 ms clock, 2.5+0.58/0.93/0+1.5 ms cpu, 4->5->2 MB, 4 MB goal, 0 MB stacks, 0 MB globals, 16 P
gc 2824 @9.230s 7%: 0.11+0.77+0.039 ms clock, 1.8+0.58/0.99/0+0.63 ms cpu, 4->4->2 MB, 4 MB goal, 0 MB stacks, 0 MB globals, 16 P
gc 2825 @9.231s 7%: 0.13+0.54+0.16 ms clock, 2.1+0.55/0.90/0.038+2.5 ms cpu, 4->4->2 MB, 4 MB goal, 0 MB stacks, 0 MB globals, 16 P
gc 2826 @9.233s 7%: 0.10+0.72+0.11 ms clock, 1.7+0.67/0.94/0+1.8 ms cpu, 3->4->2 MB, 4 MB goal, 0 MB stacks, 0 MB globals, 16 P
gc 2827 @9.235s 7%: 0.18+0.55+0.20 ms clock, 2.9+0.59/1.0/0.004+3.2 ms cpu, 4->5->2 MB, 5 MB goal, 0 MB stacks, 0 MB globals, 16 P
gc 2828 @9.236s 7%: 0.15+0.62+0.19 ms clock, 2.4+0.69/0.94/0+3.0 ms cpu, 4->4->2 MB, 4 MB goal, 0 MB stacks, 0 MB globals, 16 P
gc 2829 @9.238s 7%: 0.13+0.73+0.20 ms clock, 2.1+0.73/0.92/0+3.2 ms cpu, 4->5->2 MB, 4 MB goal, 0 MB stacks, 0 MB globals, 16 P
gc 2830 @9.240s 7%: 0.18+0.52+0.21 ms clock, 2.9+0.62/0.89/0+3.4 ms cpu, 4->4->2 MB, 4 MB goal, 0 MB stacks, 0 MB globals, 16 P
gc 2831 @9.242s 7%: 0.13+0.84+0.081 ms clock, 2.2+0.61/0.83/0.14+1.3 ms cpu, 4->5->2 MB, 4 MB goal, 0 MB stacks, 0 MB globals, 16 P
gc 2832 @9.244s 7%: 0.11+0.78+0.12 ms clock, 1.8+0.61/0.95/0+2.0 ms cpu, 4->5->2 MB, 5 MB goal, 0 MB stacks, 0 MB globals, 16 P
gc 2833 @9.246s 7%: 0.11+0.57+0.18 ms clock, 1.7+0.46/1.0/0+2.8 ms cpu, 4->4->2 MB, 4 MB goal, 0 MB stacks, 0 MB globals, 16 P
gc 2834 @9.248s 7%: 0.13+0.51+0.19 ms clock, 2.1+0.76/0.89/0+3.1 ms cpu, 4->4->2 MB, 4 MB goal, 0 MB stacks, 0 MB globals, 16 P
gc 2835 @9.249s 7%: 0.17+0.57+0.15 ms clock, 2.8+0.61/1.0/0+2.4 ms cpu, 3->4->2 MB, 4 MB goal, 0 MB stacks, 0 MB globals, 16 P
gc 2836 @9.251s 7%: 0.12+0.72+0.12 ms clock, 2.0+0.79/0.83/0+2.0 ms cpu, 4->5->2 MB, 4 MB goal, 0 MB stacks, 0 MB globals, 16 P
gc 2837 @9.253s 7%: 0.18+0.86+0.14 ms clock, 2.9+0.69/0.92/0+2.2 ms cpu, 4->5->2 MB, 5 MB goal, 0 MB stacks, 0 MB globals, 16 P
gc 2838 @9.255s 7%: 0.10+0.65+0.080 ms clock, 1.7+0.52/1.0/0+1.2 ms cpu, 4->5->2 MB, 5 MB goal, 0 MB stacks, 0 MB globals, 16 P
gc 2839 @9.257s 7%: 0.10+0.70+0.084 ms clock, 1.6+0.50/1.0/0+1.3 ms cpu, 4->4->2 MB, 4 MB goal, 0 MB stacks, 0 MB globals, 16 P
gc 2840 @9.259s 7%: 0.10+0.65+0.19 ms clock, 1.7+0.48/1.1/0+3.0 ms cpu, 4->5->2 MB, 4 MB goal, 0 MB stacks, 0 MB globals, 16 P
gc 2841 @9.261s 7%: 0.21+0.79+0.22 ms clock, 3.4+0.65/0.86/0.081+3.5 ms cpu, 4->5->2 MB, 5 MB goal, 0 MB stacks, 0 MB globals, 16 P
gc 2842 @9.263s 7%: 0.12+0.58+0.10 ms clock, 1.9+0.57/0.89/0+1.6 ms cpu, 4->5->2 MB, 5 MB goal, 0 MB stacks, 0 MB globals, 16 P
gc 2843 @9.265s 7%: 0.11+0.57+0.12 ms clock, 1.7+0.64/0.95/0.048+2.0 ms cpu, 3->4->2 MB, 4 MB goal, 0 MB stacks, 0 MB globals, 16 P
gc 2844 @9.266s 7%: 0.18+0.66+0.22 ms clock, 2.9+0.72/1.0/0+3.6 ms cpu, 3->4->2 MB, 4 MB goal, 0 MB stacks, 0 MB globals, 16 P
gc 2845 @9.268s 7%: 0.18+0.51+0.10 ms clock, 2.8+0.89/0.91/0+1.6 ms cpu, 4->5->2 MB, 5 MB goal, 0 MB stacks, 0 MB globals, 16 P
gc 2846 @9.270s 7%: 0.21+0.55+0.18 ms clock, 3.4+0.78/0.90/0+2.8 ms cpu, 3->4->2 MB, 4 MB goal, 0 MB stacks, 0 MB globals, 16 P
gc 2847 @9.272s 7%: 0.12+0.47+0.20 ms clock, 2.0+0.51/0.92/0.003+3.2 ms cpu, 3->4->2 MB, 4 MB goal, 0 MB stacks, 0 MB globals, 16 P
gc 2848 @9.273s 7%: 0.11+0.62+0.098 ms clock, 1.8+0.63/0.95/0+1.5 ms cpu, 3->4->2 MB, 4 MB goal, 0 MB stacks, 0 MB globals, 16 P
gc 2849 @9.275s 7%: 0.13+0.69+0.19 ms clock, 2.1+0.74/1.0/0.026+3.0 ms cpu, 3->4->2 MB, 4 MB goal, 0 MB stacks, 0 MB globals, 16 P
gc 2850 @9.277s 7%: 0.25+0.51+0.12 ms clock, 4.0+0.54/0.92/0+2.0 ms cpu, 4->5->2 MB, 5 MB goal, 0 MB stacks, 0 MB globals, 16 P
gc 2851 @9.279s 7%: 0.12+0.50+0.14 ms clock, 2.0+0.71/0.81/0+2.3 ms cpu, 4->4->2 MB, 4 MB goal, 0 MB stacks, 0 MB globals, 16 P
gc 2852 @9.280s 7%: 0.17+0.88+0.096 ms clock, 2.7+0.77/0.82/0+1.5 ms cpu, 3->4->2 MB, 4 MB goal, 0 MB stacks, 0 MB globals, 16 P
gc 2853 @9.282s 7%: 0.22+0.52+0.15 ms clock, 3.5+0.75/0.82/0+2.4 ms cpu, 4->5->2 MB, 5 MB goal, 0 MB stacks, 0 MB globals, 16 P
gc 2854 @9.284s 7%: 0.16+0.71+0.14 ms clock, 2.5+0.51/1.0/0+2.3 ms cpu, 4->5->2 MB, 4 MB goal, 0 MB stacks, 0 MB globals, 16 P
gc 2855 @9.286s 7%: 0.14+0.63+0.15 ms clock, 2.3+0.69/1.1/0.019+2.4 ms cpu, 4->5->2 MB, 5 MB goal, 0 MB stacks, 0 MB globals, 16 P
gc 2856 @9.288s 7%: 0.12+0.50+0.13 ms clock, 1.9+0.78/0.89/0+2.1 ms cpu, 4->4->2 MB, 4 MB goal, 0 MB stacks, 0 MB globals, 16 P
gc 2857 @9.289s 7%: 0.10+0.56+0.22 ms clock, 1.7+0.64/0.98/0+3.5 ms cpu, 3->4->2 MB, 4 MB goal, 0 MB stacks, 0 MB globals, 16 P
gc 2858 @9.291s 7%: 0.16+0.71+0.14 ms clock, 2.6+0.75/0.91/0+2.3 ms cpu, 3->4->2 MB, 4 MB goal, 0 MB stacks, 0 MB globals, 16 P
gc 2859 @9.293s 7%: 0.13+0.76+0.097 ms clock, 2.1+0.82/0.83/0+1.5 ms cpu, 4->5->2 MB, 5 MB goal, 0 MB stacks, 0 MB globals, 16 P
gc 2860 @9.295s 7%: 0.24+0.57+0.10 ms clock, 3.8+0.50/0.96/0+1.6 ms cpu, 4->5->2 MB, 5 MB goal, 0 MB stacks, 0 MB globals, 16 P
gc 2861 @9.297s 7%: 0.17+0.74+0.083 ms clock, 2.7+0.65/0.81/0+1.3 ms cpu, 4->5->2 MB, 5 MB goal, 0 MB stacks, 0 MB globals, 16 P
gc 2862 @9.299s 7%: 0.11+0.56+0.12 ms clock, 1.9+0.66/0.79/0.085+2.0 ms cpu, 4->4->2 MB, 4 MB goal, 0 MB stacks, 0 MB globals, 16 P
gc 2863 @9.301s 7%: 0.11+0.71+0.15 ms clock, 1.7+0.79/0.84/0+2.4 ms cpu, 3->4->2 MB, 4 MB goal, 0 MB stacks, 0 MB globals, 16 P
gc 2864 @9.302s 7%: 0.12+0.47+0.20 ms clock, 1.9+0.71/0.91/0+3.2 ms cpu, 4->4->2 MB, 4 MB goal, 0 MB stacks, 0 MB globals, 16 P
gc 2865 @9.304s 7%: 0.12+0.63+0.13 ms clock, 1.9+0.64/0.84/0.009+2.0 ms cpu, 3->4->2 MB, 4 MB goal, 0 MB stacks, 0 MB globals, 16 P
gc 2866 @9.306s 7%: 0.13+0.66+0.094 ms clock, 2.2+0.62/0.93/0.075+1.5 ms cpu, 4->4->2 MB, 4 MB goal, 0 MB stacks, 0 MB globals, 16 P
gc 2867 @9.307s 7%: 0.17+0.65+0.083 ms clock, 2.7+0.70/0.90/0+1.3 ms cpu, 3->4->2 MB, 4 MB goal, 0 MB stacks, 0 MB globals, 16 P
gc 2868 @9.309s 7%: 0.13+0.74+0.10 ms clock, 2.2+0.64/0.96/0.020+1.7 ms cpu, 4->5->2 MB, 4 MB goal, 0 MB stacks, 0 MB globals, 16 P
gc 2869 @9.311s 7%: 0.085+0.55+0.089 ms clock, 1.3+0.55/0.98/0.002+1.4 ms cpu, 4->5->2 MB, 5 MB goal, 0 MB stacks, 0 MB globals, 16 P
gc 2870 @9.313s 7%: 0.11+0.56+0.077 ms clock, 1.8+0.58/1.0/0+1.2 ms cpu, 3->4->2 MB, 4 MB goal, 0 MB stacks, 0 MB globals, 16 P
gc 2871 @9.314s 7%: 0.14+0.59+0.20 ms clock, 2.3+0.57/0.98/0+3.2 ms cpu, 3->4->2 MB, 4 MB goal, 0 MB stacks, 0 MB globals, 16 P
gc 2872 @9.316s 7%: 0.086+0.63+0.11 ms clock, 1.3+0.41/1.0/0+1.7 ms cpu, 4->4->2 MB, 4 MB goal, 0 MB stacks, 0 MB globals, 16 P
gc 2873 @9.318s 7%: 0.12+0.69+0.17 ms clock, 1.9+0.59/0.90/0+2.7 ms cpu, 4->4->2 MB, 4 MB goal, 0 MB stacks, 0 MB globals, 16 P
gc 2874 @9.320s 7%: 0.11+0.63+0.18 ms clock, 1.8+0.48/1.0/0.037+2.9 ms cpu, 4->5->2 MB, 5 MB goal, 0 MB stacks, 0 MB globals, 16 P
gc 2875 @9.322s 7%: 0.14+0.55+0.13 ms clock, 2.2+0.58/1.1/0+2.1 ms cpu, 4->5->2 MB, 4 MB goal, 0 MB stacks, 0 MB globals, 16 P
gc 2876 @9.324s 7%: 0.14+0.58+0.17 ms clock, 2.2+0.58/1.0/0.009+2.8 ms cpu, 4->4->2 MB, 4 MB goal, 0 MB stacks, 0 MB globals, 16 P
gc 2877 @9.325s 7%: 0.12+0.61+0.098 ms clock, 1.9+0.68/1.0/0+1.5 ms cpu, 4->4->2 MB, 4 MB goal, 0 MB stacks, 0 MB globals, 16 P
gc 2878 @9.327s 7%: 0.11+0.55+0.13 ms clock, 1.7+0.72/0.81/0+2.1 ms cpu, 4->4->2 MB, 4 MB goal, 0 MB stacks, 0 MB globals, 16 P
gc 2879 @9.329s 7%: 0.11+0.61+0.17 ms clock, 1.8+0.71/0.86/0+2.8 ms cpu, 3->4->2 MB, 4 MB goal, 0 MB stacks, 0 MB globals, 16 P
gc 2880 @9.330s 7%: 0.19+0.59+0.19 ms clock, 3.1+0.65/0.95/0+3.1 ms cpu, 3->4->2 MB, 4 MB goal, 0 MB stacks, 0 MB globals, 16 P
gc 2881 @9.332s 7%: 0.13+0.63+0.098 ms clock, 2.1+0.62/0.98/0.056+1.5 ms cpu, 4->5->2 MB, 5 MB goal, 0 MB stacks, 0 MB globals, 16 P
gc 2882 @9.334s 7%: 0.11+0.67+0.12 ms clock, 1.8+0.67/0.98/0+1.9 ms cpu, 4->4->2 MB, 4 MB goal, 0 MB stacks, 0 MB globals, 16 P
gc 2883 @9.336s 7%: 0.11+0.60+0.11 ms clock, 1.8+0.71/0.95/0.021+1.8 ms cpu, 4->5->2 MB, 5 MB goal, 0 MB stacks, 0 MB globals, 16 P
gc 2884 @9.338s 7%: 0.13+0.59+0.095 ms clock, 2.2+0.55/0.99/0+1.5 ms cpu, 4->4->2 MB, 4 MB goal, 0 MB stacks, 0 MB globals, 16 P
gc 2885 @9.339s 7%: 0.12+0.65+0.11 ms clock, 1.9+0.62/0.98/0+1.7 ms cpu, 3->4->2 MB, 4 MB goal, 0 MB stacks, 0 MB globals, 16 P
gc 2886 @9.341s 7%: 0.14+0.49+0.17 ms clock, 2.3+0.85/0.83/0.013+2.7 ms cpu, 4->4->2 MB, 4 MB goal, 0 MB stacks, 0 MB globals, 16 P
gc 2887 @9.343s 7%: 0.17+0.57+0.12 ms clock, 2.8+0.68/1.0/0+1.9 ms cpu, 3->4->2 MB, 4 MB goal, 0 MB stacks, 0 MB globals, 16 P
gc 2888 @9.345s 7%: 0.14+0.63+0.13 ms clock, 2.2+0.60/0.97/0.039+2.2 ms cpu, 4->5->2 MB, 4 MB goal, 0 MB stacks, 0 MB globals, 16 P
gc 2889 @9.346s 7%: 0.12+0.61+0.11 ms clock, 1.9+0.65/1.0/0+1.8 ms cpu, 4->5->2 MB, 4 MB goal, 0 MB stacks, 0 MB globals, 16 P
gc 2890 @9.348s 7%: 0.13+0.64+0.070 ms clock, 2.1+0.49/0.90/0+1.1 ms cpu, 4->4->2 MB, 4 MB goal, 0 MB stacks, 0 MB globals, 16 P
gc 2891 @9.350s 7%: 0.11+0.65+0.091 ms clock, 1.8+0.53/1.0/0.013+1.4 ms cpu, 4->4->2 MB, 4 MB goal, 0 MB stacks, 0 MB globals, 16 P
gc 2892 @9.352s 7%: 0.16+0.57+0.11 ms clock, 2.7+0.83/0.92/0+1.8 ms cpu, 4->5->2 MB, 4 MB goal, 0 MB stacks, 0 MB globals, 16 P
gc 2893 @9.354s 7%: 0.18+0.70+0.18 ms clock, 2.8+0.76/1.0/0+3.0 ms cpu, 4->5->2 MB, 4 MB goal, 0 MB stacks, 0 MB globals, 16 P
gc 2894 @9.356s 7%: 0.11+0.65+0.11 ms clock, 1.8+0.66/1.0/0+1.9 ms cpu, 4->5->2 MB, 5 MB goal, 0 MB stacks, 0 MB globals, 16 P
gc 2895 @9.358s 7%: 0.16+0.68+0.16 ms clock, 2.6+0.58/0.96/0.006+2.5 ms cpu, 4->5->2 MB, 4 MB goal, 0 MB stacks, 0 MB globals, 16 P
gc 2896 @9.360s 7%: 0.10+0.63+0.12 ms clock, 1.6+0.63/0.98/0+2.0 ms cpu, 4->5->2 MB, 5 MB goal, 0 MB stacks, 0 MB globals, 16 P
gc 2897 @9.361s 7%: 0.11+0.82+0.11 ms clock, 1.9+0.59/1.2/0.078+1.7 ms cpu, 4->4->2 MB, 4 MB goal, 0 MB stacks, 0 MB globals, 16 P
gc 2898 @9.363s 7%: 0.098+0.70+0.099 ms clock, 1.5+0.69/0.87/0.003+1.5 ms cpu, 4->5->2 MB, 5 MB goal, 0 MB stacks, 0 MB globals, 16 P
gc 2899 @9.365s 7%: 0.14+0.55+0.14 ms clock, 2.2+0.74/0.90/0.033+2.3 ms cpu, 3->4->2 MB, 4 MB goal, 0 MB stacks, 0 MB globals, 16 P
gc 2900 @9.367s 7%: 0.12+0.68+0.11 ms clock, 2.0+0.59/0.85/0+1.8 ms cpu, 3->4->2 MB, 4 MB goal, 0 MB stacks, 0 MB globals, 16 P
gc 2901 @9.369s 7%: 0.093+0.61+0.087 ms clock, 1.4+0.40/1.1/0+1.3 ms cpu, 4->5->2 MB, 5 MB goal, 0 MB stacks, 0 MB globals, 16 P
gc 2902 @9.370s 7%: 0.13+0.56+0.11 ms clock, 2.2+0.69/0.94/0+1.8 ms cpu, 4->4->2 MB, 4 MB goal, 0 MB stacks, 0 MB globals, 16 P
gc 2903 @9.372s 7%: 0.14+0.62+0.11 ms clock, 2.3+0.68/0.89/0+1.8 ms cpu, 3->4->2 MB, 4 MB goal, 0 MB stacks, 0 MB globals, 16 P
gc 2904 @9.374s 7%: 0.11+0.65+0.11 ms clock, 1.8+0.71/1.0/0+1.8 ms cpu, 4->5->2 MB, 4 MB goal, 0 MB stacks, 0 MB globals, 16 P
gc 2905 @9.376s 7%: 0.11+0.65+0.12 ms clock, 1.7+0.70/0.93/0+2.0 ms cpu, 4->5->2 MB, 5 MB goal, 0 MB stacks, 0 MB globals, 16 P
gc 2906 @9.377s 7%: 0.14+0.70+0.10 ms clock, 2.3+0.69/1.1/0+1.7 ms cpu, 4->5->2 MB, 5 MB goal, 0 MB stacks, 0 MB globals, 16 P
gc 2907 @9.380s 7%: 0.13+0.56+0.21 ms clock, 2.1+0.72/0.95/0+3.4 ms cpu, 4->5->2 MB, 5 MB goal, 0 MB stacks, 0 MB globals, 16 P
gc 2908 @9.381s 7%: 0.11+0.66+0.11 ms clock, 1.7+0.49/1.0/0+1.7 ms cpu, 4->4->2 MB, 4 MB goal, 0 MB stacks, 0 MB globals, 16 P
gc 2909 @9.383s 7%: 0.17+0.58+0.12 ms clock, 2.8+0.45/0.94/0+2.0 ms cpu, 4->4->2 MB, 4 MB goal, 0 MB stacks, 0 MB globals, 16 P
gc 2910 @9.385s 7%: 0.12+0.56+0.19 ms clock, 2.0+0.49/0.96/0.003+3.1 ms cpu, 3->4->2 MB, 4 MB goal, 0 MB stacks, 0 MB globals, 16 P
gc 2911 @9.387s 7%: 0.096+0.72+0.084 ms clock, 1.5+0.51/0.99/0+1.3 ms cpu, 4->4->2 MB, 4 MB goal, 0 MB stacks, 0 MB globals, 16 P
gc 2912 @9.389s 7%: 0.13+0.87+0.056 ms clock, 2.2+0.60/0.98/0.006+0.90 ms cpu, 4->5->2 MB, 4 MB goal, 0 MB stacks, 0 MB globals, 16 P
gc 2913 @9.391s 7%: 0.12+0.71+0.11 ms clock, 2.0+0.74/0.74/0+1.7 ms cpu, 4->5->2 MB, 5 MB goal, 0 MB stacks, 0 MB globals, 16 P
gc 2914 @9.393s 7%: 0.11+0.86+0.10 ms clock, 1.9+0.70/1.0/0+1.6 ms cpu, 4->5->2 MB, 5 MB goal, 0 MB stacks, 0 MB globals, 16 P
gc 2915 @9.395s 7%: 0.13+0.87+0.10 ms clock, 2.1+0.94/1.1/0+1.7 ms cpu, 4->5->2 MB, 5 MB goal, 0 MB stacks, 0 MB globals, 16 P
gc 2916 @9.397s 7%: 0.078+0.55+0.10 ms clock, 1.2+0.56/0.92/0.016+1.7 ms cpu, 4->5->2 MB, 5 MB goal, 0 MB stacks, 0 MB globals, 16 P
gc 2917 @9.399s 7%: 0.14+0.63+0.10 ms clock, 2.2+0.66/0.88/0+1.7 ms cpu, 3->4->2 MB, 4 MB goal, 0 MB stacks, 0 MB globals, 16 P
gc 2918 @9.400s 7%: 0.11+0.84+0.098 ms clock, 1.8+0.78/0.81/0.031+1.5 ms cpu, 4->5->2 MB, 4 MB goal, 0 MB stacks, 0 MB globals, 16 P
gc 2919 @9.402s 7%: 0.10+0.64+0.12 ms clock, 1.7+0.64/0.96/0+2.0 ms cpu, 4->5->2 MB, 5 MB goal, 0 MB stacks, 0 MB globals, 16 P
gc 2920 @9.404s 7%: 0.11+0.62+0.11 ms clock, 1.8+0.65/0.93/0+1.8 ms cpu, 4->5->2 MB, 4 MB goal, 0 MB stacks, 0 MB globals, 16 P
gc 2921 @9.406s 7%: 0.13+0.61+0.10 ms clock, 2.2+0.73/0.95/0.019+1.6 ms cpu, 4->4->2 MB, 4 MB goal, 0 MB stacks, 0 MB globals, 16 P
gc 2922 @9.408s 7%: 0.13+0.65+0.11 ms clock, 2.1+0.51/1.0/0+1.8 ms cpu, 3->4->2 MB, 4 MB goal, 0 MB stacks, 0 MB globals, 16 P
gc 2923 @9.410s 7%: 0.13+0.65+0.19 ms clock, 2.1+0.52/0.90/0+3.1 ms cpu, 4->5->2 MB, 5 MB goal, 0 MB stacks, 0 MB globals, 16 P
gc 2924 @9.412s 7%: 0.10+0.52+0.11 ms clock, 1.7+0.70/0.89/0.003+1.8 ms cpu, 4->4->2 MB, 4 MB goal, 0 MB stacks, 0 MB globals, 16 P
gc 2925 @9.413s 7%: 0.085+0.73+0.11 ms clock, 1.3+0.59/0.87/0+1.7 ms cpu, 3->4->2 MB, 4 MB goal, 0 MB stacks, 0 MB globals, 16 P
gc 2926 @9.415s 7%: 0.13+0.66+0.10 ms clock, 2.1+0.66/0.94/0+1.6 ms cpu, 3->4->2 MB, 4 MB goal, 0 MB stacks, 0 MB globals, 16 P
gc 2927 @9.416s 7%: 0.10+0.51+0.19 ms clock, 1.7+0.65/0.86/0+3.1 ms cpu, 4->4->2 MB, 4 MB goal, 0 MB stacks, 0 MB globals, 16 P
gc 2928 @9.418s 7%: 0.15+0.56+0.11 ms clock, 2.4+0.70/0.88/0+1.8 ms cpu, 3->4->2 MB, 4 MB goal, 0 MB stacks, 0 MB globals, 16 P
gc 2929 @9.420s 7%: 0.10+0.75+0.13 ms clock, 1.7+0.78/0.95/0+2.0 ms cpu, 4->5->2 MB, 4 MB goal, 0 MB stacks, 0 MB globals, 16 P
gc 2930 @9.422s 7%: 0.12+0.58+0.11 ms clock, 2.0+0.57/0.75/0.22+1.8 ms cpu, 4->4->2 MB, 5 MB goal, 0 MB stacks, 0 MB globals, 16 P
gc 2931 @9.423s 7%: 0.13+0.75+0.099 ms clock, 2.1+0.63/0.88/0+1.5 ms cpu, 3->4->2 MB, 4 MB goal, 0 MB stacks, 0 MB globals, 16 P
gc 2932 @9.425s 7%: 0.12+0.66+0.092 ms clock, 2.0+0.64/0.96/0+1.4 ms cpu, 4->5->2 MB, 5 MB goal, 0 MB stacks, 0 MB globals, 16 P
gc 2933 @9.427s 7%: 0.10+0.70+0.098 ms clock, 1.6+0.63/1.1/0.016+1.5 ms cpu, 4->5->2 MB, 4 MB goal, 0 MB stacks, 0 MB globals, 16 P
gc 2934 @9.429s 7%: 0.11+0.69+0.10 ms clock, 1.8+0.61/1.0/0+1.6 ms cpu, 4->5->2 MB, 4 MB goal, 0 MB stacks, 0 MB globals, 16 P
gc 2935 @9.431s 7%: 0.11+0.60+0.080 ms clock, 1.7+0.60/1.0/0+1.2 ms cpu, 4->4->2 MB, 4 MB goal, 0 MB stacks, 0 MB globals, 16 P
gc 2936 @9.432s 7%: 0.11+0.52+0.092 ms clock, 1.8+0.64/0.91/0+1.4 ms cpu, 3->4->2 MB, 4 MB goal, 0 MB stacks, 0 MB globals, 16 P
gc 2937 @9.434s 7%: 0.22+0.51+0.14 ms clock, 3.5+0.71/0.80/0+2.3 ms cpu, 3->4->2 MB, 4 MB goal, 0 MB stacks, 0 MB globals, 16 P
gc 2938 @9.436s 7%: 0.10+0.88+0.14 ms clock, 1.6+0.73/1.1/0.014+2.3 ms cpu, 3->5->2 MB, 4 MB goal, 0 MB stacks, 0 MB globals, 16 P
gc 2939 @9.438s 7%: 0.10+0.65+0.21 ms clock, 1.6+0.91/0.84/0+3.4 ms cpu, 4->5->2 MB, 5 MB goal, 0 MB stacks, 0 MB globals, 16 P
gc 2940 @9.440s 7%: 0.18+0.54+0.20 ms clock, 3.0+0.80/0.84/0+3.2 ms cpu, 4->4->2 MB, 4 MB goal, 0 MB stacks, 0 MB globals, 16 P
gc 2941 @9.441s 7%: 0.17+0.71+0.16 ms clock, 2.7+0.68/1.0/0+2.6 ms cpu, 3->4->2 MB, 4 MB goal, 0 MB stacks, 0 MB globals, 16 P
gc 2942 @9.443s 7%: 0.11+0.68+0.14 ms clock, 1.8+0.69/0.93/0+2.2 ms cpu, 4->5->2 MB, 5 MB goal, 0 MB stacks, 0 MB globals, 16 P
gc 2943 @9.445s 7%: 0.16+0.75+0.15 ms clock, 2.6+0.72/0.93/0.018+2.4 ms cpu, 4->5->2 MB, 4 MB goal, 0 MB stacks, 0 MB globals, 16 P
gc 2944 @9.447s 7%: 0.11+0.64+0.13 ms clock, 1.8+0.61/0.89/0+2.1 ms cpu, 4->5->2 MB, 5 MB goal, 0 MB stacks, 0 MB globals, 16 P
gc 2945 @9.449s 7%: 0.12+0.61+0.11 ms clock, 1.9+0.80/0.81/0+1.8 ms cpu, 3->4->2 MB, 4 MB goal, 0 MB stacks, 0 MB globals, 16 P
gc 2946 @9.451s 7%: 0.11+0.63+0.098 ms clock, 1.7+0.66/0.89/0+1.5 ms cpu, 3->4->2 MB, 4 MB goal, 0 MB stacks, 0 MB globals, 16 P
gc 2947 @9.452s 7%: 0.24+0.65+0.090 ms clock, 3.9+0.72/0.99/0+1.4 ms cpu, 3->4->2 MB, 4 MB goal, 0 MB stacks, 0 MB globals, 16 P
gc 2948 @9.454s 7%: 0.14+0.50+0.16 ms clock, 2.3+0.82/0.92/0+2.6 ms cpu, 4->5->2 MB, 5 MB goal, 0 MB stacks, 0 MB globals, 16 P
gc 2949 @9.456s 7%: 0.17+0.61+0.070 ms clock, 2.7+0.61/1.1/0+1.1 ms cpu, 3->4->2 MB, 4 MB goal, 0 MB stacks, 0 MB globals, 16 P
gc 2950 @9.458s 7%: 0.12+0.74+0.089 ms clock, 1.9+0.69/0.93/0+1.4 ms cpu, 4->5->2 MB, 4 MB goal, 0 MB stacks, 0 MB globals, 16 P
gc 2951 @9.459s 7%: 0.14+0.64+0.22 ms clock, 2.2+0.63/0.95/0+3.6 ms cpu, 4->4->2 MB, 5 MB goal, 0 MB stacks, 0 MB globals, 16 P
gc 2952 @9.461s 7%: 0.15+0.65+0.11 ms clock, 2.4+0.69/0.99/0.049+1.8 ms cpu, 4->4->2 MB, 4 MB goal, 0 MB stacks, 0 MB globals, 16 P
gc 2953 @9.463s 7%: 0.10+0.43+0.11 ms clock, 1.6+0.74/0.84/0.003+1.7 ms cpu, 4->5->2 MB, 5 MB goal, 0 MB stacks, 0 MB globals, 16 P
gc 2954 @9.465s 7%: 0.17+0.70+0.15 ms clock, 2.7+0.66/1.0/0+2.4 ms cpu, 3->4->2 MB, 4 MB goal, 0 MB stacks, 0 MB globals, 16 P
gc 2955 @9.467s 7%: 0.11+0.72+0.11 ms clock, 1.9+0.71/0.88/0+1.8 ms cpu, 4->5->2 MB, 5 MB goal, 0 MB stacks, 0 MB globals, 16 P
gc 2956 @9.469s 7%: 0.14+0.55+0.14 ms clock, 2.3+0.69/0.85/0+2.3 ms cpu, 4->4->2 MB, 4 MB goal, 0 MB stacks, 0 MB globals, 16 P
gc 2957 @9.470s 7%: 0.13+0.70+0.081 ms clock, 2.1+0.63/1.0/0.034+1.3 ms cpu, 3->4->2 MB, 4 MB goal, 0 MB stacks, 0 MB globals, 16 P
gc 2958 @9.472s 7%: 0.16+0.49+0.16 ms clock, 2.6+0.81/0.81/0+2.5 ms cpu, 4->5->2 MB, 5 MB goal, 0 MB stacks, 0 MB globals, 16 P
gc 2959 @9.474s 7%: 0.11+0.89+0.085 ms clock, 1.8+0.63/1.0/0.015+1.3 ms cpu, 3->4->2 MB, 4 MB goal, 0 MB stacks, 0 MB globals, 16 P
gc 2960 @9.476s 7%: 0.14+0.45+0.14 ms clock, 2.2+0.56/0.82/0+2.3 ms cpu, 4->5->2 MB, 5 MB goal, 0 MB stacks, 0 MB globals, 16 P
gc 2961 @9.477s 7%: 0.12+0.68+0.089 ms clock, 2.0+0.81/0.87/0+1.4 ms cpu, 3->4->2 MB, 4 MB goal, 0 MB stacks, 0 MB globals, 16 P
gc 2962 @9.479s 7%: 0.14+0.60+0.060 ms clock, 2.3+0.62/0.92/0+0.96 ms cpu, 4->4->2 MB, 4 MB goal, 0 MB stacks, 0 MB globals, 16 P
gc 2963 @9.481s 7%: 0.12+0.68+0.21 ms clock, 2.0+0.81/0.84/0+3.5 ms cpu, 4->4->2 MB, 4 MB goal, 0 MB stacks, 0 MB globals, 16 P
gc 2964 @9.483s 7%: 0.19+0.70+0.14 ms clock, 3.1+0.64/0.89/0+2.3 ms cpu, 4->4->2 MB, 4 MB goal, 0 MB stacks, 0 MB globals, 16 P
gc 2965 @9.484s 7%: 0.081+0.54+0.093 ms clock, 1.3+0.57/0.91/0.028+1.4 ms cpu, 4->4->2 MB, 4 MB goal, 0 MB stacks, 0 MB globals, 16 P
gc 2966 @9.486s 7%: 0.17+0.79+0.11 ms clock, 2.7+0.65/0.98/0.007+1.8 ms cpu, 3->4->2 MB, 4 MB goal, 0 MB stacks, 0 MB globals, 16 P
gc 2967 @9.488s 7%: 0.12+0.71+0.099 ms clock, 1.9+0.69/1.0/0.023+1.5 ms cpu, 4->5->2 MB, 5 MB goal, 0 MB stacks, 0 MB globals, 16 P
gc 2968 @9.490s 7%: 0.14+0.57+0.16 ms clock, 2.3+0.51/0.98/0+2.7 ms cpu, 4->5->2 MB, 5 MB goal, 0 MB stacks, 0 MB globals, 16 P
gc 2969 @9.492s 7%: 0.17+0.80+0.098 ms clock, 2.7+0.59/1.1/0+1.5 ms cpu, 4->4->2 MB, 4 MB goal, 0 MB stacks, 0 MB globals, 16 P
gc 2970 @9.494s 7%: 0.14+0.48+0.13 ms clock, 2.3+0.69/0.90/0+2.2 ms cpu, 4->5->2 MB, 5 MB goal, 0 MB stacks, 0 MB globals, 16 P
gc 2971 @9.495s 7%: 0.12+0.80+0.053 ms clock, 1.9+0.60/0.97/0+0.86 ms cpu, 4->4->2 MB, 4 MB goal, 0 MB stacks, 0 MB globals, 16 P
gc 2972 @9.497s 7%: 0.12+0.65+0.23 ms clock, 1.9+0.68/0.96/0.013+3.7 ms cpu, 3->4->2 MB, 4 MB goal, 0 MB stacks, 0 MB globals, 16 P
gc 2973 @9.499s 7%: 0.15+0.56+0.085 ms clock, 2.4+0.58/1.0/0.002+1.3 ms cpu, 4->5->2 MB, 4 MB goal, 0 MB stacks, 0 MB globals, 16 P
gc 2974 @9.501s 7%: 0.26+0.97+0.064 ms clock, 4.3+0.73/0.95/0.009+1.0 ms cpu, 3->5->2 MB, 4 MB goal, 0 MB stacks, 0 MB globals, 16 P
gc 2975 @9.503s 7%: 0.13+0.58+0.19 ms clock, 2.1+0.64/0.93/0+3.0 ms cpu, 4->5->2 MB, 5 MB goal, 0 MB stacks, 0 MB globals, 16 P
gc 2976 @9.505s 7%: 0.12+0.75+0.11 ms clock, 2.0+0.60/0.95/0.021+1.8 ms cpu, 4->5->2 MB, 4 MB goal, 0 MB stacks, 0 MB globals, 16 P
gc 2977 @9.507s 7%: 0.10+0.88+0.056 ms clock, 1.6+0.68/1.0/0+0.90 ms cpu, 4->5->2 MB, 4 MB goal, 0 MB stacks, 0 MB globals, 16 P
gc 2978 @9.509s 7%: 0.18+0.58+0.15 ms clock, 2.9+0.67/0.93/0+2.4 ms cpu, 4->5->2 MB, 5 MB goal, 0 MB stacks, 0 MB globals, 16 P
gc 2979 @9.511s 7%: 0.12+0.49+0.20 ms clock, 2.0+0.53/0.90/0+3.3 ms cpu, 4->4->1 MB, 4 MB goal, 0 MB stacks, 0 MB globals, 16 P
gc 2980 @9.512s 7%: 0.18+0.64+0.15 ms clock, 2.9+0.79/0.93/0+2.5 ms cpu, 3->4->2 MB, 4 MB goal, 0 MB stacks, 0 MB globals, 16 P
gc 2981 @9.514s 7%: 0.15+0.92+0.14 ms clock, 2.4+0.70/0.76/0.023+2.3 ms cpu, 4->5->2 MB, 4 MB goal, 0 MB stacks, 0 MB globals, 16 P
gc 2982 @9.516s 7%: 0.10+0.73+0.17 ms clock, 1.7+0.81/1.0/0.012+2.7 ms cpu, 4->5->2 MB, 5 MB goal, 0 MB stacks, 0 MB globals, 16 P
gc 2983 @9.518s 7%: 0.11+0.74+0.16 ms clock, 1.9+0.81/0.97/0+2.5 ms cpu, 4->5->2 MB, 5 MB goal, 0 MB stacks, 0 MB globals, 16 P
gc 2984 @9.520s 7%: 0.14+0.49+0.13 ms clock, 2.3+0.56/0.96/0+2.0 ms cpu, 4->5->2 MB, 5 MB goal, 0 MB stacks, 0 MB globals, 16 P
gc 2985 @9.522s 7%: 0.17+0.49+0.12 ms clock, 2.7+0.67/0.90/0+1.9 ms cpu, 3->4->2 MB, 4 MB goal, 0 MB stacks, 0 MB globals, 16 P
gc 2986 @9.523s 7%: 0.27+0.42+0.18 ms clock, 4.3+0.63/0.91/0+3.0 ms cpu, 3->4->2 MB, 4 MB goal, 0 MB stacks, 0 MB globals, 16 P
gc 2987 @9.525s 7%: 0.17+0.62+0.18 ms clock, 2.7+0.64/1.1/0+2.9 ms cpu, 4->5->2 MB, 4 MB goal, 0 MB stacks, 0 MB globals, 16 P
gc 2988 @9.527s 7%: 0.15+0.70+0.17 ms clock, 2.4+0.84/0.87/0+2.7 ms cpu, 4->5->2 MB, 5 MB goal, 0 MB stacks, 0 MB globals, 16 P
gc 2989 @9.529s 7%: 0.13+0.77+0.16 ms clock, 2.1+0.82/0.86/0+2.6 ms cpu, 4->5->2 MB, 5 MB goal, 0 MB stacks, 0 MB globals, 16 P
gc 2990 @9.531s 7%: 0.11+0.67+0.17 ms clock, 1.8+0.61/1.0/0.043+2.7 ms cpu, 4->5->2 MB, 5 MB goal, 0 MB stacks, 0 MB globals, 16 P
gc 2991 @9.533s 7%: 0.12+0.63+0.076 ms clock, 2.0+0.66/0.90/0+1.2 ms cpu, 4->4->2 MB, 4 MB goal, 0 MB stacks, 0 MB globals, 16 P
gc 2992 @9.535s 7%: 0.10+0.53+0.085 ms clock, 1.7+0.56/0.86/0.042+1.3 ms cpu, 4->4->2 MB, 4 MB goal, 0 MB stacks, 0 MB globals, 16 P
gc 2993 @9.536s 7%: 0.11+0.59+0.11 ms clock, 1.8+0.73/1.0/0+1.8 ms cpu, 3->4->2 MB, 4 MB goal, 0 MB stacks, 0 MB globals, 16 P
gc 2994 @9.538s 7%: 0.12+0.71+0.042 ms clock, 2.0+0.60/0.94/0+0.68 ms cpu, 3->4->2 MB, 4 MB goal, 0 MB stacks, 0 MB globals, 16 P
gc 2995 @9.540s 7%: 0.11+0.54+0.11 ms clock, 1.8+0.67/0.93/0+1.8 ms cpu, 3->4->2 MB, 4 MB goal, 0 MB stacks, 0 MB globals, 16 P
gc 2996 @9.541s 7%: 0.16+0.82+0.071 ms clock, 2.6+0.57/1.1/0+1.1 ms cpu, 3->5->2 MB, 4 MB goal, 0 MB stacks, 0 MB globals, 16 P
gc 2997 @9.543s 7%: 0.11+0.75+0.097 ms clock, 1.7+0.41/1.1/0.041+1.5 ms cpu, 4->5->2 MB, 5 MB goal, 0 MB stacks, 0 MB globals, 16 P
gc 2998 @9.545s 7%: 0.12+0.88+0.076 ms clock, 2.0+0.48/1.0/0.012+1.2 ms cpu, 4->5->2 MB, 5 MB goal, 0 MB stacks, 0 MB globals, 16 P
gc 2999 @9.547s 7%: 0.15+0.56+0.18 ms clock, 2.4+0.70/0.96/0.011+3.0 ms cpu, 4->5->2 MB, 5 MB goal, 0 MB stacks, 0 MB globals, 16 P
gc 3000 @9.549s 7%: 0.13+0.60+0.10 ms clock, 2.1+0.63/0.89/0.004+1.6 ms cpu, 4->4->2 MB, 4 MB goal, 0 MB stacks, 0 MB globals, 16 P
gc 3001 @9.551s 7%: 0.16+0.62+0.10 ms clock, 2.6+0.55/1.1/0+1.6 ms cpu, 4->4->2 MB, 4 MB goal, 0 MB stacks, 0 MB globals, 16 P
gc 3002 @9.552s 7%: 0.11+0.80+0.072 ms clock, 1.9+0.68/1.0/0+1.1 ms cpu, 3->4->2 MB, 4 MB goal, 0 MB stacks, 0 MB globals, 16 P
gc 3003 @9.554s 7%: 0.12+0.74+0.088 ms clock, 1.9+0.60/1.0/0.004+1.4 ms cpu, 4->5->2 MB, 5 MB goal, 0 MB stacks, 0 MB globals, 16 P
gc 3004 @9.556s 7%: 0.095+0.71+0.10 ms clock, 1.5+0.62/0.98/0+1.6 ms cpu, 4->5->2 MB, 5 MB goal, 0 MB stacks, 0 MB globals, 16 P
gc 3005 @9.558s 7%: 0.12+0.66+0.10 ms clock, 1.9+0.61/0.97/0.034+1.6 ms cpu, 4->4->2 MB, 4 MB goal, 0 MB stacks, 0 MB globals, 16 P
gc 3006 @9.560s 7%: 0.12+0.59+0.11 ms clock, 2.0+0.55/1.0/0+1.7 ms cpu, 4->4->2 MB, 4 MB goal, 0 MB stacks, 0 MB globals, 16 P
gc 3007 @9.562s 7%: 0.14+0.81+0.17 ms clock, 2.2+0.64/1.0/0+2.8 ms cpu, 4->5->2 MB, 4 MB goal, 0 MB stacks, 0 MB globals, 16 P
gc 3008 @9.564s 7%: 0.13+0.82+0.15 ms clock, 2.1+0.60/1.0/0.001+2.4 ms cpu, 4->5->2 MB, 5 MB goal, 0 MB stacks, 0 MB globals, 16 P
gc 3009 @9.566s 7%: 0.11+0.55+0.11 ms clock, 1.8+0.59/0.98/0+1.8 ms cpu, 4->5->2 MB, 5 MB goal, 0 MB stacks, 0 MB globals, 16 P
gc 3010 @9.568s 7%: 0.17+0.52+0.16 ms clock, 2.7+0.78/0.94/0+2.6 ms cpu, 3->4->2 MB, 4 MB goal, 0 MB stacks, 0 MB globals, 16 P
gc 3011 @9.570s 7%: 0.12+0.60+0.25 ms clock, 1.9+0.74/1.0/0.010+4.0 ms cpu, 4->4->2 MB, 4 MB goal, 0 MB stacks, 0 MB globals, 16 P
gc 3012 @9.571s 7%: 0.12+0.51+0.042 ms clock, 2.0+0.55/0.92/0.013+0.67 ms cpu, 4->4->2 MB, 4 MB goal, 0 MB stacks, 0 MB globals, 16 P
gc 3013 @9.573s 7%: 0.087+0.74+0.095 ms clock, 1.4+0.73/1.0/0+1.5 ms cpu, 3->4->2 MB, 4 MB goal, 0 MB stacks, 0 MB globals, 16 P
gc 3014 @9.575s 7%: 0.12+0.67+0.18 ms clock, 1.9+0.68/0.98/0.014+3.0 ms cpu, 4->5->2 MB, 4 MB goal, 0 MB stacks, 0 MB globals, 16 P
gc 3015 @9.577s 7%: 0.13+0.63+0.11 ms clock, 2.2+0.63/0.96/0+1.8 ms cpu, 4->4->2 MB, 4 MB goal, 0 MB stacks, 0 MB globals, 16 P
gc 3016 @9.578s 7%: 0.10+0.60+0.20 ms clock, 1.7+0.47/1.0/0.011+3.3 ms cpu, 4->4->2 MB, 4 MB goal, 0 MB stacks, 0 MB globals, 16 P
gc 3017 @9.580s 7%: 0.13+0.65+0.11 ms clock, 2.1+0.68/0.85/0+1.8 ms cpu, 3->4->2 MB, 4 MB goal, 0 MB stacks, 0 MB globals, 16 P
gc 3018 @9.582s 7%: 0.098+0.51+0.14 ms clock, 1.5+0.40/0.97/0+2.3 ms cpu, 4->4->2 MB, 4 MB goal, 0 MB stacks, 0 MB globals, 16 P
gc 3019 @9.583s 7%: 0.14+0.67+0.11 ms clock, 2.3+0.74/0.90/0+1.9 ms cpu, 3->4->2 MB, 4 MB goal, 0 MB stacks, 0 MB globals, 16 P
gc 3020 @9.585s 7%: 0.10+0.69+0.17 ms clock, 1.6+0.66/0.94/0.018+2.7 ms cpu, 4->5->2 MB, 5 MB goal, 0 MB stacks, 0 MB globals, 16 P
gc 3021 @9.587s 7%: 0.14+0.56+0.12 ms clock, 2.2+0.68/0.92/0.010+2.0 ms cpu, 4->4->2 MB, 4 MB goal, 0 MB stacks, 0 MB globals, 16 P
gc 3022 @9.589s 7%: 0.14+0.50+0.16 ms clock, 2.2+0.62/0.89/0+2.5 ms cpu, 4->4->2 MB, 4 MB goal, 0 MB stacks, 0 MB globals, 16 P
gc 3023 @9.591s 7%: 0.18+0.75+0.043 ms clock, 2.9+0.65/0.85/0+0.69 ms cpu, 3->4->2 MB, 4 MB goal, 0 MB stacks, 0 MB globals, 16 P
gc 3024 @9.592s 7%: 0.17+0.59+0.16 ms clock, 2.8+0.63/0.87/0+2.5 ms cpu, 4->5->2 MB, 5 MB goal, 0 MB stacks, 0 MB globals, 16 P
gc 3025 @9.594s 7%: 0.11+0.45+0.14 ms clock, 1.8+0.53/0.91/0+2.3 ms cpu, 4->4->1 MB, 4 MB goal, 0 MB stacks, 0 MB globals, 16 P
gc 3026 @9.596s 7%: 0.12+0.61+0.11 ms clock, 2.0+0.64/0.89/0+1.9 ms cpu, 3->4->2 MB, 4 MB goal, 0 MB stacks, 0 MB globals, 16 P
gc 3027 @9.597s 7%: 0.13+0.65+0.13 ms clock, 2.1+0.49/1.0/0+2.1 ms cpu, 3->4->2 MB, 4 MB goal, 0 MB stacks, 0 MB globals, 16 P
gc 3028 @9.599s 7%: 0.14+0.60+0.13 ms clock, 2.3+0.68/0.87/0+2.1 ms cpu, 4->4->2 MB, 4 MB goal, 0 MB stacks, 0 MB globals, 16 P
gc 3029 @9.601s 7%: 0.19+0.66+0.21 ms clock, 3.0+0.61/0.81/0+3.3 ms cpu, 4->4->2 MB, 4 MB goal, 0 MB stacks, 0 MB globals, 16 P
gc 3030 @9.603s 7%: 0.11+0.92+0.11 ms clock, 1.8+0.61/1.2/0+1.8 ms cpu, 4->5->2 MB, 4 MB goal, 0 MB stacks, 0 MB globals, 16 P
gc 3031 @9.605s 7%: 0.12+0.73+0.17 ms clock, 1.9+0.59/1.1/0.003+2.7 ms cpu, 4->5->2 MB, 5 MB goal, 0 MB stacks, 0 MB globals, 16 P
gc 3032 @9.607s 7%: 0.10+0.73+0.085 ms clock, 1.7+0.64/1.1/0+1.3 ms cpu, 4->5->2 MB, 4 MB goal, 0 MB stacks, 0 MB globals, 16 P
gc 3033 @9.609s 7%: 0.11+0.59+0.12 ms clock, 1.7+0.75/0.97/0+1.9 ms cpu, 4->5->2 MB, 5 MB goal, 0 MB stacks, 0 MB globals, 16 P
gc 3034 @9.610s 7%: 0.13+0.57+0.10 ms clock, 2.1+0.75/0.98/0+1.7 ms cpu, 4->4->2 MB, 4 MB goal, 0 MB stacks, 0 MB globals, 16 P
gc 3035 @9.612s 7%: 0.12+0.64+0.093 ms clock, 2.0+0.64/0.95/0.016+1.4 ms cpu, 4->4->2 MB, 4 MB goal, 0 MB stacks, 0 MB globals, 16 P
gc 3036 @9.614s 7%: 0.13+0.75+0.10 ms clock, 2.1+0.63/0.99/0+1.7 ms cpu, 4->5->2 MB, 4 MB goal, 0 MB stacks, 0 MB globals, 16 P
gc 3037 @9.616s 7%: 0.11+0.48+0.17 ms clock, 1.7+0.55/1.0/0.004+2.7 ms cpu, 4->5->2 MB, 5 MB goal, 0 MB stacks, 0 MB globals, 16 P
gc 3038 @9.618s 7%: 0.11+0.53+0.10 ms clock, 1.8+0.53/1.0/0+1.7 ms cpu, 3->4->2 MB, 4 MB goal, 0 MB stacks, 0 MB globals, 16 P
gc 3039 @9.619s 7%: 0.12+0.55+0.087 ms clock, 1.9+0.69/1.0/0+1.3 ms cpu, 3->4->2 MB, 4 MB goal, 0 MB stacks, 0 MB globals, 16 P
gc 3040 @9.621s 7%: 0.079+0.62+0.086 ms clock, 1.2+0.55/0.85/0+1.3 ms cpu, 3->4->2 MB, 4 MB goal, 0 MB stacks, 0 MB globals, 16 P
gc 3041 @9.623s 7%: 0.12+0.62+0.13 ms clock, 2.0+0.50/0.99/0.025+2.0 ms cpu, 3->4->2 MB, 4 MB goal, 0 MB stacks, 0 MB globals, 16 P
gc 3042 @9.624s 7%: 0.10+0.57+0.11 ms clock, 1.7+0.70/1.0/0+1.9 ms cpu, 4->4->2 MB, 4 MB goal, 0 MB stacks, 0 MB globals, 16 P
gc 3043 @9.626s 7%: 0.12+0.53+0.13 ms clock, 1.9+0.58/0.96/0+2.0 ms cpu, 3->4->2 MB, 4 MB goal, 0 MB stacks, 0 MB globals, 16 P
gc 3044 @9.628s 7%: 0.10+0.62+0.19 ms clock, 1.7+0.80/0.96/0+3.0 ms cpu, 3->4->2 MB, 4 MB goal, 0 MB stacks, 0 MB globals, 16 P
gc 3045 @9.629s 7%: 0.16+0.70+0.10 ms clock, 2.6+0.69/1.0/0+1.6 ms cpu, 4->5->2 MB, 4 MB goal, 0 MB stacks, 0 MB globals, 16 P
gc 3046 @9.632s 7%: 0.13+0.61+0.12 ms clock, 2.1+0.65/1.0/0.004+1.9 ms cpu, 4->5->2 MB, 5 MB goal, 0 MB stacks, 0 MB globals, 16 P
gc 3047 @9.633s 7%: 0.11+0.75+0.17 ms clock, 1.9+0.66/1.0/0+2.7 ms cpu, 3->4->2 MB, 4 MB goal, 0 MB stacks, 0 MB globals, 16 P
gc 3048 @9.635s 7%: 0.13+0.61+0.10 ms clock, 2.1+0.47/1.1/0+1.6 ms cpu, 4->5->2 MB, 5 MB goal, 0 MB stacks, 0 MB globals, 16 P
gc 3049 @9.637s 7%: 0.093+0.88+0.15 ms clock, 1.5+0.66/0.91/0+2.4 ms cpu, 4->4->2 MB, 4 MB goal, 0 MB stacks, 0 MB globals, 16 P
gc 3050 @9.639s 7%: 0.11+0.56+0.16 ms clock, 1.8+0.52/1.0/0+2.7 ms cpu, 4->5->2 MB, 5 MB goal, 0 MB stacks, 0 MB globals, 16 P
gc 3051 @9.641s 7%: 0.13+0.63+0.11 ms clock, 2.1+0.61/0.91/0+1.9 ms cpu, 3->4->2 MB, 4 MB goal, 0 MB stacks, 0 MB globals, 16 P
gc 3052 @9.642s 7%: 0.12+0.61+0.14 ms clock, 1.9+0.76/0.85/0+2.3 ms cpu, 4->4->2 MB, 4 MB goal, 0 MB stacks, 0 MB globals, 16 P
gc 3053 @9.644s 7%: 0.12+0.60+0.19 ms clock, 1.9+0.67/1.0/0+3.1 ms cpu, 3->4->2 MB, 4 MB goal, 0 MB stacks, 0 MB globals, 16 P
gc 3054 @9.646s 7%: 0.14+0.51+0.088 ms clock, 2.3+0.69/0.92/0+1.4 ms cpu, 4->4->2 MB, 4 MB goal, 0 MB stacks, 0 MB globals, 16 P
gc 3055 @9.648s 7%: 0.15+0.66+0.093 ms clock, 2.4+0.52/0.90/0+1.5 ms cpu, 3->4->2 MB, 4 MB goal, 0 MB stacks, 0 MB globals, 16 P
gc 3056 @9.649s 7%: 0.16+0.73+0.10 ms clock, 2.6+0.65/1.0/0+1.7 ms cpu, 4->5->2 MB, 4 MB goal, 0 MB stacks, 0 MB globals, 16 P
gc 3057 @9.651s 7%: 0.12+0.59+0.12 ms clock, 2.0+0.71/0.89/0+2.0 ms cpu, 4->4->2 MB, 4 MB goal, 0 MB stacks, 0 MB globals, 16 P
gc 3058 @9.653s 7%: 0.12+0.57+0.098 ms clock, 1.9+0.58/0.91/0.011+1.5 ms cpu, 4->4->2 MB, 4 MB goal, 0 MB stacks, 0 MB globals, 16 P
gc 3059 @9.655s 7%: 0.11+0.66+0.10 ms clock, 1.8+0.66/1.0/0+1.7 ms cpu, 3->4->2 MB, 4 MB goal, 0 MB stacks, 0 MB globals, 16 P
gc 3060 @9.657s 7%: 0.15+0.75+0.10 ms clock, 2.4+0.75/1.0/0+1.7 ms cpu, 4->5->2 MB, 4 MB goal, 0 MB stacks, 0 MB globals, 16 P
gc 3061 @9.659s 7%: 0.14+0.86+0.10 ms clock, 2.3+0.71/1.0/0.038+1.6 ms cpu, 4->5->2 MB, 5 MB goal, 0 MB stacks, 0 MB globals, 16 P
gc 3062 @9.661s 7%: 0.11+0.49+0.19 ms clock, 1.8+0.67/0.90/0+3.0 ms cpu, 4->5->2 MB, 5 MB goal, 0 MB stacks, 0 MB globals, 16 P
gc 3063 @9.663s 7%: 0.14+0.55+0.24 ms clock, 2.2+0.80/0.79/0+3.8 ms cpu, 3->4->2 MB, 4 MB goal, 0 MB stacks, 0 MB globals, 16 P
gc 3064 @9.664s 7%: 0.12+0.59+0.095 ms clock, 2.0+0.72/0.82/0.081+1.5 ms cpu, 4->4->2 MB, 4 MB goal, 0 MB stacks, 0 MB globals, 16 P
gc 3065 @9.666s 7%: 0.10+0.46+0.19 ms clock, 1.6+0.72/0.86/0.009+3.0 ms cpu, 3->4->2 MB, 4 MB goal, 0 MB stacks, 0 MB globals, 16 P
gc 3066 @9.667s 7%: 0.17+0.77+0.13 ms clock, 2.8+0.54/0.94/0.011+2.1 ms cpu, 3->4->2 MB, 4 MB goal, 0 MB stacks, 0 MB globals, 16 P
gc 3067 @9.669s 7%: 0.12+0.88+0.10 ms clock, 2.0+0.59/1.1/0+1.6 ms cpu, 4->5->2 MB, 5 MB goal, 0 MB stacks, 0 MB globals, 16 P
gc 3068 @9.672s 7%: 0.12+0.74+0.16 ms clock, 1.9+0.65/1.0/0.051+2.7 ms cpu, 4->5->2 MB, 5 MB goal, 0 MB stacks, 0 MB globals, 16 P
gc 3069 @9.674s 7%: 0.13+0.54+0.10 ms clock, 2.1+0.57/0.92/0.004+1.7 ms cpu, 4->5->2 MB, 5 MB goal, 0 MB stacks, 0 MB globals, 16 P
gc 3070 @9.675s 7%: 0.10+0.62+0.11 ms clock, 1.6+0.54/1.1/0+1.8 ms cpu, 3->4->2 MB, 4 MB goal, 0 MB stacks, 0 MB globals, 16 P
gc 3071 @9.677s 7%: 0.10+0.81+0.11 ms clock, 1.6+0.35/1.1/0.017+1.8 ms cpu, 4->5->2 MB, 4 MB goal, 0 MB stacks, 0 MB globals, 16 P
gc 3072 @9.679s 7%: 0.12+0.70+0.20 ms clock, 2.0+0.74/1.0/0+3.3 ms cpu, 4->5->2 MB, 5 MB goal, 0 MB stacks, 0 MB globals, 16 P
gc 3073 @9.681s 7%: 0.12+0.68+0.13 ms clock, 1.9+0.57/1.0/0+2.0 ms cpu, 4->5->2 MB, 5 MB goal, 0 MB stacks, 0 MB globals, 16 P
gc 3074 @9.683s 7%: 0.16+0.68+0.12 ms clock, 2.6+0.52/0.91/0+2.0 ms cpu, 4->4->2 MB, 4 MB goal, 0 MB stacks, 0 MB globals, 16 P
gc 3075 @9.685s 7%: 0.13+0.77+0.13 ms clock, 2.2+0.71/1.0/0+2.2 ms cpu, 4->5->2 MB, 4 MB goal, 0 MB stacks, 0 MB globals, 16 P
gc 3076 @9.687s 7%: 0.15+0.89+0.074 ms clock, 2.5+0.81/0.94/0+1.1 ms cpu, 4->5->2 MB, 5 MB goal, 0 MB stacks, 0 MB globals, 16 P
gc 3077 @9.689s 7%: 0.16+0.50+0.16 ms clock, 2.6+0.64/0.97/0+2.5 ms cpu, 4->5->2 MB, 5 MB goal, 0 MB stacks, 0 MB globals, 16 P
gc 3078 @9.691s 7%: 0.21+0.47+0.19 ms clock, 3.4+0.67/0.98/0.023+3.1 ms cpu, 3->4->2 MB, 4 MB goal, 0 MB stacks, 0 MB globals, 16 P
gc 3079 @9.692s 7%: 0.12+0.68+0.19 ms clock, 1.9+0.60/0.91/0.037+3.0 ms cpu, 4->4->2 MB, 4 MB goal, 0 MB stacks, 0 MB globals, 16 P
gc 3080 @9.694s 7%: 0.17+0.60+0.18 ms clock, 2.7+0.75/0.86/0.039+2.8 ms cpu, 4->5->2 MB, 4 MB goal, 0 MB stacks, 0 MB globals, 16 P
gc 3081 @9.696s 7%: 0.14+0.57+0.11 ms clock, 2.3+0.67/0.80/0+1.8 ms cpu, 3->4->2 MB, 4 MB goal, 0 MB stacks, 0 MB globals, 16 P
gc 3082 @9.698s 7%: 0.25+1.0+0.10 ms clock, 4.1+0.79/0.79/0.009+1.7 ms cpu, 3->4->2 MB, 4 MB goal, 0 MB stacks, 0 MB globals, 16 P
gc 3083 @9.700s 7%: 0.13+0.70+0.13 ms clock, 2.2+0.91/0.88/0+2.1 ms cpu, 4->5->2 MB, 5 MB goal, 0 MB stacks, 0 MB globals, 16 P
gc 3084 @9.702s 7%: 0.16+0.59+0.13 ms clock, 2.6+0.62/0.87/0.005+2.1 ms cpu, 4->4->2 MB, 4 MB goal, 0 MB stacks, 0 MB globals, 16 P
gc 3085 @9.704s 7%: 0.14+0.64+0.099 ms clock, 2.2+0.70/1.0/0+1.5 ms cpu, 4->4->2 MB, 4 MB goal, 0 MB stacks, 0 MB globals, 16 P
gc 3086 @9.705s 7%: 0.10+0.64+0.10 ms clock, 1.6+0.64/0.96/0+1.6 ms cpu, 4->4->2 MB, 5 MB goal, 0 MB stacks, 0 MB globals, 16 P
gc 3087 @9.707s 7%: 0.18+0.48+0.11 ms clock, 2.9+0.67/0.93/0+1.8 ms cpu, 3->4->2 MB, 4 MB goal, 0 MB stacks, 0 MB globals, 16 P
gc 3088 @9.709s 7%: 0.13+0.63+0.13 ms clock, 2.1+0.69/1.0/0+2.0 ms cpu, 3->4->2 MB, 4 MB goal, 0 MB stacks, 0 MB globals, 16 P
gc 3089 @9.711s 7%: 0.098+0.53+0.10 ms clock, 1.5+0.42/1.0/0+1.7 ms cpu, 4->4->2 MB, 4 MB goal, 0 MB stacks, 0 MB globals, 16 P
gc 3090 @9.712s 7%: 0.13+0.59+0.11 ms clock, 2.1+0.58/0.85/0+1.8 ms cpu, 3->4->2 MB, 4 MB goal, 0 MB stacks, 0 MB globals, 16 P
gc 3091 @9.714s 7%: 0.18+0.72+0.13 ms clock, 2.9+0.56/0.91/0+2.2 ms cpu, 3->4->2 MB, 4 MB goal, 0 MB stacks, 0 MB globals, 16 P
gc 3092 @9.716s 7%: 0.12+0.64+0.11 ms clock, 1.9+0.73/0.95/0.004+1.8 ms cpu, 4->5->2 MB, 5 MB goal, 0 MB stacks, 0 MB globals, 16 P
gc 3093 @9.718s 7%: 0.15+0.54+0.14 ms clock, 2.4+0.61/0.90/0+2.3 ms cpu, 4->4->2 MB, 4 MB goal, 0 MB stacks, 0 MB globals, 16 P
gc 3094 @9.719s 7%: 0.15+0.75+0.093 ms clock, 2.4+0.65/0.99/0.015+1.4 ms cpu, 3->5->2 MB, 4 MB goal, 0 MB stacks, 0 MB globals, 16 P
gc 3095 @9.721s 7%: 0.14+0.61+0.10 ms clock, 2.2+0.72/0.99/0+1.6 ms cpu, 4->5->2 MB, 5 MB goal, 0 MB stacks, 0 MB globals, 16 P
gc 3096 @9.723s 7%: 0.11+0.76+0.13 ms clock, 1.9+0.58/0.89/0.047+2.0 ms cpu, 4->5->2 MB, 4 MB goal, 0 MB stacks, 0 MB globals, 16 P
gc 3097 @9.725s 7%: 0.15+0.89+0.072 ms clock, 2.5+0.74/1.0/0.005+1.1 ms cpu, 4->5->2 MB, 5 MB goal, 0 MB stacks, 0 MB globals, 16 P
gc 3098 @9.728s 7%: 0.12+0.64+0.10 ms clock, 1.9+0.79/0.89/0+1.6 ms cpu, 4->5->2 MB, 5 MB goal, 0 MB stacks, 0 MB globals, 16 P
gc 3099 @9.730s 7%: 0.098+0.68+0.11 ms clock, 1.5+0.59/0.96/0+1.7 ms cpu, 4->4->2 MB, 5 MB goal, 0 MB stacks, 0 MB globals, 16 P
gc 3100 @9.731s 7%: 0.11+0.60+0.11 ms clock, 1.8+0.54/0.97/0+1.8 ms cpu, 3->4->2 MB, 4 MB goal, 0 MB stacks, 0 MB globals, 16 P
gc 3101 @9.733s 7%: 0.11+0.86+0.12 ms clock, 1.7+0.60/0.81/0.036+1.9 ms cpu, 3->4->2 MB, 4 MB goal, 0 MB stacks, 0 MB globals, 16 P
gc 3102 @9.735s 7%: 0.12+0.64+0.14 ms clock, 1.9+0.71/0.99/0.022+2.3 ms cpu, 4->4->2 MB, 4 MB goal, 0 MB stacks, 0 MB globals, 16 P
gc 3103 @9.737s 7%: 0.26+0.72+0.11 ms clock, 4.2+0.75/1.0/0+1.8 ms cpu, 3->4->2 MB, 4 MB goal, 0 MB stacks, 0 MB globals, 16 P
gc 3104 @9.739s 7%: 0.11+0.54+0.13 ms clock, 1.8+0.65/0.85/0.015+2.1 ms cpu, 4->5->2 MB, 5 MB goal, 0 MB stacks, 0 MB globals, 16 P
gc 3105 @9.740s 7%: 0.16+0.64+0.10 ms clock, 2.6+0.54/1.0/0+1.7 ms cpu, 3->4->2 MB, 4 MB goal, 0 MB stacks, 0 MB globals, 16 P
gc 3106 @9.742s 7%: 0.14+0.63+0.10 ms clock, 2.3+0.67/0.88/0.010+1.6 ms cpu, 4->4->2 MB, 4 MB goal, 0 MB stacks, 0 MB globals, 16 P
gc 3107 @9.744s 7%: 0.16+0.60+0.17 ms clock, 2.5+0.66/0.99/0+2.8 ms cpu, 4->4->2 MB, 4 MB goal, 0 MB stacks, 0 MB globals, 16 P
gc 3108 @9.746s 7%: 0.16+0.62+0.13 ms clock, 2.5+0.70/0.88/0+2.1 ms cpu, 4->5->2 MB, 4 MB goal, 0 MB stacks, 0 MB globals, 16 P
gc 3109 @9.747s 7%: 0.11+0.57+0.12 ms clock, 1.9+0.57/1.0/0.001+2.0 ms cpu, 4->4->2 MB, 4 MB goal, 0 MB stacks, 0 MB globals, 16 P
gc 3110 @9.749s 7%: 0.18+0.63+0.14 ms clock, 3.0+0.69/0.94/0+2.3 ms cpu, 3->4->2 MB, 4 MB goal, 0 MB stacks, 0 MB globals, 16 P
gc 3111 @9.751s 7%: 0.19+0.68+0.14 ms clock, 3.1+0.88/1.1/0+2.2 ms cpu, 4->5->2 MB, 4 MB goal, 0 MB stacks, 0 MB globals, 16 P
gc 3112 @9.753s 7%: 0.15+0.56+0.17 ms clock, 2.5+0.71/0.85/0+2.7 ms cpu, 4->5->2 MB, 5 MB goal, 0 MB stacks, 0 MB globals, 16 P
gc 3113 @9.755s 7%: 0.11+0.74+0.063 ms clock, 1.8+0.63/0.89/0+1.0 ms cpu, 4->4->2 MB, 4 MB goal, 0 MB stacks, 0 MB globals, 16 P
gc 3114 @9.756s 7%: 0.10+0.55+0.13 ms clock, 1.7+0.66/0.80/0.012+2.2 ms cpu, 4->4->2 MB, 4 MB goal, 0 MB stacks, 0 MB globals, 16 P
gc 3115 @9.758s 7%: 0.076+0.51+0.11 ms clock, 1.2+0.54/0.98/0+1.8 ms cpu, 3->4->2 MB, 4 MB goal, 0 MB stacks, 0 MB globals, 16 P
gc 3116 @9.759s 7%: 0.094+0.58+0.084 ms clock, 1.5+0.44/0.91/0+1.3 ms cpu, 3->4->2 MB, 4 MB goal, 0 MB stacks, 0 MB globals, 16 P
gc 3117 @9.761s 7%: 0.12+0.46+0.19 ms clock, 2.0+0.52/1.0/0+3.1 ms cpu, 3->4->2 MB, 4 MB goal, 0 MB stacks, 0 MB globals, 16 P
gc 3118 @9.763s 7%: 0.11+0.74+0.093 ms clock, 1.7+0.63/0.96/0.021+1.4 ms cpu, 3->4->2 MB, 4 MB goal, 0 MB stacks, 0 MB globals, 16 P
gc 3119 @9.764s 7%: 0.10+0.80+0.10 ms clock, 1.6+0.68/1.0/0+1.7 ms cpu, 4->4->2 MB, 4 MB goal, 0 MB stacks, 0 MB globals, 16 P
gc 3120 @9.766s 7%: 0.10+0.75+0.11 ms clock, 1.7+0.56/1.0/0.074+1.7 ms cpu, 4->5->2 MB, 5 MB goal, 0 MB stacks, 0 MB globals, 16 P
gc 3121 @9.768s 7%: 0.098+0.79+0.10 ms clock, 1.5+0.50/0.90/0+1.6 ms cpu, 4->5->2 MB, 5 MB goal, 0 MB stacks, 0 MB globals, 16 P
gc 3122 @9.770s 7%: 0.14+0.67+0.10 ms clock, 2.2+0.72/0.86/0+1.6 ms cpu, 4->5->2 MB, 5 MB goal, 0 MB stacks, 0 MB globals, 16 P
gc 3123 @9.772s 7%: 0.13+0.72+0.079 ms clock, 2.1+0.64/1.1/0+1.2 ms cpu, 4->4->2 MB, 4 MB goal, 0 MB stacks, 0 MB globals, 16 P
gc 3124 @9.774s 7%: 0.12+0.69+0.12 ms clock, 1.9+0.57/1.0/0.002+1.9 ms cpu, 4->5->2 MB, 5 MB goal, 0 MB stacks, 0 MB globals, 16 P
gc 3125 @9.776s 7%: 0.15+0.68+0.097 ms clock, 2.4+0.53/0.97/0+1.5 ms cpu, 4->4->2 MB, 4 MB goal, 0 MB stacks, 0 MB globals, 16 P
gc 3126 @9.777s 7%: 0.10+0.50+0.11 ms clock, 1.6+0.34/0.87/0+1.8 ms cpu, 4->4->2 MB, 4 MB goal, 0 MB stacks, 0 MB globals, 16 P
gc 3127 @9.779s 7%: 0.13+0.53+0.19 ms clock, 2.1+0.58/0.89/0.079+3.0 ms cpu, 3->4->2 MB, 4 MB goal, 0 MB stacks, 0 MB globals, 16 P
gc 3128 @9.780s 7%: 0.11+0.49+0.15 ms clock, 1.8+0.69/0.82/0+2.5 ms cpu, 3->4->2 MB, 4 MB goal, 0 MB stacks, 0 MB globals, 16 P
gc 3129 @9.782s 7%: 0.11+0.70+0.090 ms clock, 1.8+0.58/0.89/0.029+1.4 ms cpu, 3->4->2 MB, 4 MB goal, 0 MB stacks, 0 MB globals, 16 P
gc 3130 @9.784s 7%: 0.10+0.66+0.15 ms clock, 1.7+0.51/0.92/0+2.4 ms cpu, 4->4->2 MB, 4 MB goal, 0 MB stacks, 0 MB globals, 16 P
gc 3131 @9.785s 7%: 0.13+0.60+0.13 ms clock, 2.1+0.65/0.93/0+2.2 ms cpu, 4->4->2 MB, 4 MB goal, 0 MB stacks, 0 MB globals, 16 P
gc 3132 @9.787s 7%: 0.18+0.45+0.13 ms clock, 3.0+0.63/0.89/0+2.0 ms cpu, 3->4->2 MB, 4 MB goal, 0 MB stacks, 0 MB globals, 16 P
gc 3133 @9.789s 7%: 0.12+0.56+0.11 ms clock, 2.0+0.47/0.83/0+1.7 ms cpu, 3->4->2 MB, 4 MB goal, 0 MB stacks, 0 MB globals, 16 P
gc 3134 @9.790s 7%: 0.15+0.52+0.14 ms clock, 2.4+0.76/0.80/0+2.2 ms cpu, 3->4->2 MB, 4 MB goal, 0 MB stacks, 0 MB globals, 16 P
gc 3135 @9.792s 7%: 0.13+0.72+0.090 ms clock, 2.1+0.75/0.78/0+1.4 ms cpu, 4->5->2 MB, 4 MB goal, 0 MB stacks, 0 MB globals, 16 P
gc 3136 @9.794s 7%: 0.14+0.78+0.074 ms clock, 2.3+0.60/0.96/0+1.1 ms cpu, 4->5->2 MB, 5 MB goal, 0 MB stacks, 0 MB globals, 16 P
gc 3137 @9.795s 7%: 0.21+0.56+0.16 ms clock, 3.4+0.74/0.83/0+2.6 ms cpu, 3->4->2 MB, 4 MB goal, 0 MB stacks, 0 MB globals, 16 P
gc 3138 @9.797s 7%: 0.14+0.69+0.19 ms clock, 2.3+0.81/0.77/0+3.0 ms cpu, 3->4->2 MB, 4 MB goal, 0 MB stacks, 0 MB globals, 16 P
gc 3139 @9.799s 7%: 0.095+0.61+0.10 ms clock, 1.5+0.70/1.0/0.003+1.7 ms cpu, 4->5->2 MB, 5 MB goal, 0 MB stacks, 0 MB globals, 16 P
gc 3140 @9.801s 7%: 0.11+0.47+0.18 ms clock, 1.8+0.83/0.88/0+3.0 ms cpu, 4->4->2 MB, 4 MB goal, 0 MB stacks, 0 MB globals, 16 P
gc 3141 @9.802s 7%: 0.097+0.65+0.12 ms clock, 1.5+0.71/0.82/0+1.9 ms cpu, 3->4->2 MB, 4 MB goal, 0 MB stacks, 0 MB globals, 16 P
gc 3142 @9.804s 7%: 0.080+0.49+0.14 ms clock, 1.2+0.60/0.82/0+2.2 ms cpu, 4->4->2 MB, 4 MB goal, 0 MB stacks, 0 MB globals, 16 P
gc 3143 @9.805s 7%: 0.13+0.60+0.10 ms clock, 2.1+0.61/0.92/0+1.6 ms cpu, 3->4->2 MB, 4 MB goal, 0 MB stacks, 0 MB globals, 16 P
gc 3144 @9.807s 7%: 0.14+0.85+0.061 ms clock, 2.2+0.66/0.95/0.047+0.98 ms cpu, 3->5->2 MB, 4 MB goal, 0 MB stacks, 0 MB globals, 16 P
gc 3145 @9.809s 7%: 0.16+0.88+0.11 ms clock, 2.6+0.81/0.89/0.007+1.8 ms cpu, 4->5->2 MB, 5 MB goal, 0 MB stacks, 0 MB globals, 16 P
gc 3146 @9.812s 7%: 0.086+0.64+0.092 ms clock, 1.3+0.66/0.98/0+1.4 ms cpu, 4->5->2 MB, 5 MB goal, 0 MB stacks, 0 MB globals, 16 P
gc 3147 @9.813s 7%: 0.13+0.58+0.11 ms clock, 2.0+0.57/1.0/0+1.7 ms cpu, 4->4->2 MB, 4 MB goal, 0 MB stacks, 0 MB globals, 16 P
gc 3148 @9.815s 7%: 0.17+0.81+0.073 ms clock, 2.8+0.57/1.2/0+1.1 ms cpu, 3->4->2 MB, 4 MB goal, 0 MB stacks, 0 MB globals, 16 P
gc 3149 @9.817s 7%: 0.11+0.59+0.091 ms clock, 1.8+0.66/0.91/0.030+1.4 ms cpu, 4->5->2 MB, 5 MB goal, 0 MB stacks, 0 MB globals, 16 P
gc 3150 @9.819s 7%: 0.13+0.72+0.13 ms clock, 2.1+0.62/1.2/0+2.2 ms cpu, 4->4->2 MB, 4 MB goal, 0 MB stacks, 0 MB globals, 16 P
gc 3151 @9.821s 7%: 0.16+0.67+0.13 ms clock, 2.6+0.72/0.78/0+2.1 ms cpu, 4->5->2 MB, 5 MB goal, 0 MB stacks, 0 MB globals, 16 P
gc 3152 @9.822s 7%: 0.12+0.63+0.088 ms clock, 1.9+0.62/0.93/0.001+1.4 ms cpu, 4->4->2 MB, 4 MB goal, 0 MB stacks, 0 MB globals, 16 P
gc 3153 @9.824s 7%: 0.18+0.53+0.18 ms clock, 2.8+0.69/0.90/0+2.9 ms cpu, 4->4->2 MB, 4 MB goal, 0 MB stacks, 0 MB globals, 16 P
gc 3154 @9.826s 7%: 0.16+0.47+0.21 ms clock, 2.7+0.71/0.89/0.058+3.3 ms cpu, 4->4->2 MB, 4 MB goal, 0 MB stacks, 0 MB globals, 16 P
gc 3155 @9.827s 7%: 0.13+0.62+0.12 ms clock, 2.1+0.67/0.96/0.031+2.0 ms cpu, 3->4->2 MB, 4 MB goal, 0 MB stacks, 0 MB globals, 16 P
gc 3156 @9.829s 7%: 0.15+0.67+0.16 ms clock, 2.5+0.82/1.1/0+2.6 ms cpu, 4->5->2 MB, 5 MB goal, 0 MB stacks, 0 MB globals, 16 P
gc 3157 @9.831s 7%: 0.12+0.78+0.084 ms clock, 1.9+0.55/0.93/0.019+1.3 ms cpu, 4->5->2 MB, 5 MB goal, 0 MB stacks, 0 MB globals, 16 P
gc 3158 @9.833s 7%: 0.20+0.62+0.18 ms clock, 3.2+0.66/0.87/0+2.9 ms cpu, 4->4->2 MB, 4 MB goal, 0 MB stacks, 0 MB globals, 16 P
gc 3159 @9.835s 7%: 0.11+0.57+0.12 ms clock, 1.8+0.59/0.93/0+1.9 ms cpu, 3->4->2 MB, 4 MB goal, 0 MB stacks, 0 MB globals, 16 P
gc 3160 @9.837s 7%: 0.11+0.64+0.10 ms clock, 1.8+0.68/1.0/0+1.7 ms cpu, 4->4->2 MB, 4 MB goal, 0 MB stacks, 0 MB globals, 16 P
gc 3161 @9.838s 7%: 0.10+0.68+0.10 ms clock, 1.7+0.59/1.0/0.031+1.6 ms cpu, 4->4->2 MB, 4 MB goal, 0 MB stacks, 0 MB globals, 16 P
gc 3162 @9.840s 7%: 0.13+0.74+0.18 ms clock, 2.1+0.77/1.0/0+2.8 ms cpu, 4->5->2 MB, 4 MB goal, 0 MB stacks, 0 MB globals, 16 P
gc 3163 @9.842s 7%: 0.16+0.53+0.11 ms clock, 2.5+0.77/0.84/0+1.8 ms cpu, 4->5->2 MB, 5 MB goal, 0 MB stacks, 0 MB globals, 16 P
gc 3164 @9.844s 7%: 0.12+0.62+0.098 ms clock, 2.0+0.50/0.99/0+1.5 ms cpu, 4->4->2 MB, 4 MB goal, 0 MB stacks, 0 MB globals, 16 P
gc 3165 @9.846s 7%: 0.12+0.76+0.15 ms clock, 1.9+0.77/1.0/0.001+2.5 ms cpu, 3->4->2 MB, 4 MB goal, 0 MB stacks, 0 MB globals, 16 P
gc 3166 @9.848s 7%: 0.12+0.62+0.15 ms clock, 2.0+0.35/0.87/0+2.5 ms cpu, 4->5->2 MB, 5 MB goal, 0 MB stacks, 0 MB globals, 16 P
gc 3167 @9.849s 7%: 0.11+0.52+0.22 ms clock, 1.8+0.61/0.90/0.026+3.6 ms cpu, 3->4->2 MB, 4 MB goal, 0 MB stacks, 0 MB globals, 16 P
gc 3168 @9.851s 7%: 0.21+0.56+0.088 ms clock, 3.4+0.65/0.91/0+1.4 ms cpu, 3->4->2 MB, 4 MB goal, 0 MB stacks, 0 MB globals, 16 P
gc 3169 @9.853s 7%: 0.11+0.64+0.17 ms clock, 1.7+0.61/0.87/0+2.8 ms cpu, 4->5->2 MB, 4 MB goal, 0 MB stacks, 0 MB globals, 16 P
gc 3170 @9.854s 7%: 0.13+0.65+0.063 ms clock, 2.1+0.54/1.0/0.001+1.0 ms cpu, 4->4->2 MB, 4 MB goal, 0 MB stacks, 0 MB globals, 16 P
gc 3171 @9.856s 7%: 0.12+0.59+0.14 ms clock, 1.9+0.59/0.90/0+2.2 ms cpu, 4->4->2 MB, 4 MB goal, 0 MB stacks, 0 MB globals, 16 P
gc 3172 @9.858s 7%: 0.11+0.61+0.19 ms clock, 1.8+0.53/0.94/0+3.0 ms cpu, 3->4->2 MB, 4 MB goal, 0 MB stacks, 0 MB globals, 16 P
gc 3173 @9.860s 7%: 0.15+0.69+0.055 ms clock, 2.4+0.56/0.95/0.022+0.88 ms cpu, 3->4->2 MB, 4 MB goal, 0 MB stacks, 0 MB globals, 16 P
gc 3174 @9.861s 7%: 0.10+0.73+0.12 ms clock, 1.7+0.55/1.0/0+2.0 ms cpu, 4->5->2 MB, 4 MB goal, 0 MB stacks, 0 MB globals, 16 P
gc 3175 @9.863s 7%: 0.13+0.72+0.11 ms clock, 2.1+0.57/0.87/0.020+1.8 ms cpu, 4->5->2 MB, 5 MB goal, 0 MB stacks, 0 MB globals, 16 P
gc 3176 @9.865s 7%: 0.12+0.68+0.087 ms clock, 1.9+0.67/1.0/0+1.4 ms cpu, 3->5->2 MB, 4 MB goal, 0 MB stacks, 0 MB globals, 16 P
gc 3177 @9.867s 7%: 0.15+0.66+0.15 ms clock, 2.5+0.44/1.1/0+2.5 ms cpu, 4->5->2 MB, 5 MB goal, 0 MB stacks, 0 MB globals, 16 P
gc 3178 @9.869s 7%: 0.10+0.54+0.11 ms clock, 1.6+0.70/0.85/0+1.8 ms cpu, 4->4->2 MB, 4 MB goal, 0 MB stacks, 0 MB globals, 16 P
gc 3179 @9.870s 7%: 0.22+0.53+0.11 ms clock, 3.5+0.83/0.88/0+1.9 ms cpu, 4->4->2 MB, 4 MB goal, 0 MB stacks, 0 MB globals, 16 P
gc 3180 @9.872s 7%: 0.15+0.53+0.10 ms clock, 2.4+0.76/0.95/0+1.6 ms cpu, 3->4->2 MB, 4 MB goal, 0 MB stacks, 0 MB globals, 16 P
gc 3181 @9.874s 7%: 0.14+0.56+0.066 ms clock, 2.2+0.67/0.98/0+1.0 ms cpu, 3->4->2 MB, 4 MB goal, 0 MB stacks, 0 MB globals, 16 P
gc 3182 @9.875s 7%: 0.17+0.73+0.062 ms clock, 2.7+0.52/1.0/0+1.0 ms cpu, 3->4->2 MB, 4 MB goal, 0 MB stacks, 0 MB globals, 16 P
gc 3183 @9.877s 7%: 0.10+0.53+0.16 ms clock, 1.6+0.65/0.83/0+2.5 ms cpu, 4->5->2 MB, 5 MB goal, 0 MB stacks, 0 MB globals, 16 P
gc 3184 @9.879s 7%: 0.10+0.70+0.11 ms clock, 1.6+0.59/0.99/0.037+1.7 ms cpu, 3->4->2 MB, 4 MB goal, 0 MB stacks, 0 MB globals, 16 P
gc 3185 @9.881s 7%: 0.14+0.59+0.076 ms clock, 2.3+0.62/0.90/0+1.2 ms cpu, 4->5->2 MB, 5 MB goal, 0 MB stacks, 0 MB globals, 16 P
gc 3186 @9.882s 7%: 0.12+0.58+0.12 ms clock, 1.9+0.54/0.89/0+2.0 ms cpu, 3->4->2 MB, 4 MB goal, 0 MB stacks, 0 MB globals, 16 P
gc 3187 @9.884s 7%: 0.12+0.66+0.14 ms clock, 2.0+0.56/0.94/0+2.3 ms cpu, 3->4->2 MB, 4 MB goal, 0 MB stacks, 0 MB globals, 16 P
gc 3188 @9.886s 7%: 0.11+0.78+0.10 ms clock, 1.7+0.50/1.0/0.004+1.6 ms cpu, 4->5->2 MB, 4 MB goal, 0 MB stacks, 0 MB globals, 16 P
gc 3189 @9.888s 7%: 0.16+0.70+0.096 ms clock, 2.5+0.57/0.96/0+1.5 ms cpu, 4->5->2 MB, 4 MB goal, 0 MB stacks, 0 MB globals, 16 P
gc 3190 @9.890s 7%: 0.15+0.71+0.11 ms clock, 2.5+0.62/1.2/0+1.7 ms cpu, 4->5->2 MB, 5 MB goal, 0 MB stacks, 0 MB globals, 16 P
gc 3191 @9.892s 7%: 0.13+0.64+0.096 ms clock, 2.2+0.56/1.0/0+1.5 ms cpu, 4->5->2 MB, 5 MB goal, 0 MB stacks, 0 MB globals, 16 P
gc 3192 @9.894s 7%: 0.15+0.69+0.031 ms clock, 2.5+0.70/0.92/0+0.50 ms cpu, 4->5->2 MB, 4 MB goal, 0 MB stacks, 0 MB globals, 16 P
gc 3193 @9.896s 7%: 0.17+0.83+0.10 ms clock, 2.7+0.61/1.0/0.013+1.7 ms cpu, 4->5->2 MB, 5 MB goal, 0 MB stacks, 0 MB globals, 16 P
gc 3194 @9.898s 7%: 0.14+0.68+0.12 ms clock, 2.3+0.66/0.94/0.036+2.0 ms cpu, 4->5->2 MB, 5 MB goal, 0 MB stacks, 0 MB globals, 16 P
gc 3195 @9.900s 7%: 0.12+0.71+0.13 ms clock, 2.0+0.77/0.86/0.006+2.1 ms cpu, 4->5->2 MB, 5 MB goal, 0 MB stacks, 0 MB globals, 16 P
gc 3196 @9.902s 7%: 0.14+0.95+0.091 ms clock, 2.3+0.48/0.94/0.033+1.4 ms cpu, 4->5->2 MB, 5 MB goal, 0 MB stacks, 0 MB globals, 16 P
gc 3197 @9.904s 7%: 0.29+0.60+0.11 ms clock, 4.6+0.69/0.97/0+1.7 ms cpu, 4->5->2 MB, 5 MB goal, 0 MB stacks, 0 MB globals, 16 P
gc 3198 @9.906s 7%: 0.15+0.63+0.12 ms clock, 2.4+0.74/0.98/0.005+1.9 ms cpu, 4->5->2 MB, 4 MB goal, 0 MB stacks, 0 MB globals, 16 P
gc 3199 @9.908s 7%: 0.14+0.72+0.099 ms clock, 2.3+0.53/0.88/0+1.5 ms cpu, 4->5->2 MB, 4 MB goal, 0 MB stacks, 0 MB globals, 16 P
gc 3200 @9.909s 7%: 0.14+0.84+0.080 ms clock, 2.2+0.71/0.88/0+1.2 ms cpu, 4->5->2 MB, 4 MB goal, 0 MB stacks, 0 MB globals, 16 P
gc 3201 @9.911s 7%: 0.11+0.53+0.10 ms clock, 1.8+0.54/0.94/0+1.6 ms cpu, 4->4->2 MB, 4 MB goal, 0 MB stacks, 0 MB globals, 16 P
gc 3202 @9.913s 7%: 0.11+0.57+0.076 ms clock, 1.7+0.57/0.87/0.021+1.2 ms cpu, 3->4->2 MB, 4 MB goal, 0 MB stacks, 0 MB globals, 16 P
gc 3203 @9.914s 7%: 0.12+0.67+0.090 ms clock, 1.9+0.62/0.92/0.006+1.4 ms cpu, 3->4->2 MB, 4 MB goal, 0 MB stacks, 0 MB globals, 16 P
gc 3204 @9.916s 7%: 0.11+0.67+0.088 ms clock, 1.7+0.56/1.1/0.065+1.4 ms cpu, 4->5->2 MB, 4 MB goal, 0 MB stacks, 0 MB globals, 16 P
gc 3205 @9.918s 7%: 0.13+0.58+0.14 ms clock, 2.1+0.59/0.84/0.001+2.3 ms cpu, 4->4->2 MB, 4 MB goal, 0 MB stacks, 0 MB globals, 16 P
gc 3206 @9.920s 7%: 0.12+0.62+0.080 ms clock, 2.0+0.54/1.0/0.003+1.2 ms cpu, 4->4->2 MB, 4 MB goal, 0 MB stacks, 0 MB globals, 16 P
gc 3207 @9.922s 7%: 0.20+0.61+0.20 ms clock, 3.2+0.64/1.0/0+3.3 ms cpu, 4->4->2 MB, 4 MB goal, 0 MB stacks, 0 MB globals, 16 P
gc 3208 @9.924s 7%: 0.097+0.53+0.079 ms clock, 1.5+0.54/0.97/0.023+1.2 ms cpu, 4->4->2 MB, 4 MB goal, 0 MB stacks, 0 MB globals, 16 P
gc 3209 @9.925s 8%: 0.14+0.82+0.081 ms clock, 2.2+0.52/1.0/0.026+1.3 ms cpu, 3->4->2 MB, 4 MB goal, 0 MB stacks, 0 MB globals, 16 P
gc 3210 @9.927s 8%: 0.16+0.64+0.15 ms clock, 2.6+0.57/0.79/0.072+2.4 ms cpu, 4->5->2 MB, 5 MB goal, 0 MB stacks, 0 MB globals, 16 P
gc 3211 @9.929s 8%: 0.11+0.66+0.13 ms clock, 1.7+0.58/0.86/0+2.2 ms cpu, 3->4->2 MB, 4 MB goal, 0 MB stacks, 0 MB globals, 16 P
gc 3212 @9.931s 8%: 0.10+0.63+0.13 ms clock, 1.6+0.71/1.0/0+2.2 ms cpu, 4->4->2 MB, 4 MB goal, 0 MB stacks, 0 MB globals, 16 P
gc 3213 @9.932s 8%: 0.15+0.58+0.099 ms clock, 2.4+0.67/0.77/0.072+1.5 ms cpu, 3->4->2 MB, 4 MB goal, 0 MB stacks, 0 MB globals, 16 P
gc 3214 @9.934s 8%: 0.12+0.61+0.10 ms clock, 1.9+0.62/1.0/0+1.7 ms cpu, 3->4->2 MB, 4 MB goal, 0 MB stacks, 0 MB globals, 16 P
gc 3215 @9.936s 8%: 0.12+0.68+0.086 ms clock, 1.9+0.63/0.91/0.031+1.3 ms cpu, 4->4->2 MB, 4 MB goal, 0 MB stacks, 0 MB globals, 16 P
gc 3216 @9.938s 8%: 0.21+0.72+0.10 ms clock, 3.4+0.71/0.95/0+1.7 ms cpu, 4->5->2 MB, 4 MB goal, 0 MB stacks, 0 MB globals, 16 P
gc 3217 @9.940s 8%: 0.10+0.59+0.11 ms clock, 1.7+0.47/1.0/0+1.8 ms cpu, 4->5->2 MB, 5 MB goal, 0 MB stacks, 0 MB globals, 16 P
gc 3218 @9.941s 8%: 0.11+0.60+0.19 ms clock, 1.7+0.59/1.1/0.007+3.1 ms cpu, 4->4->2 MB, 4 MB goal, 0 MB stacks, 0 MB globals, 16 P
gc 3219 @9.943s 8%: 0.10+0.86+0.094 ms clock, 1.7+0.54/1.0/0+1.5 ms cpu, 4->5->2 MB, 4 MB goal, 0 MB stacks, 0 MB globals, 16 P
gc 3220 @9.945s 8%: 0.12+0.56+0.13 ms clock, 2.0+0.58/0.99/0+2.2 ms cpu, 4->5->2 MB, 5 MB goal, 0 MB stacks, 0 MB globals, 16 P
gc 3221 @9.947s 8%: 0.12+0.58+0.13 ms clock, 2.0+0.64/0.92/0+2.1 ms cpu, 3->4->2 MB, 4 MB goal, 0 MB stacks, 0 MB globals, 16 P
gc 3222 @9.949s 8%: 0.15+0.86+0.098 ms clock, 2.4+0.65/1.0/0.009+1.5 ms cpu, 3->5->2 MB, 4 MB goal, 0 MB stacks, 0 MB globals, 16 P
gc 3223 @9.951s 8%: 0.15+0.75+0.13 ms clock, 2.4+0.88/1.0/0+2.1 ms cpu, 4->5->2 MB, 5 MB goal, 0 MB stacks, 0 MB globals, 16 P
gc 3224 @9.953s 8%: 0.12+0.57+0.21 ms clock, 2.0+0.57/0.91/0.009+3.4 ms cpu, 4->5->2 MB, 5 MB goal, 0 MB stacks, 0 MB globals, 16 P
gc 3225 @9.955s 8%: 0.097+0.74+0.058 ms clock, 1.5+0.61/1.1/0.008+0.94 ms cpu, 4->4->2 MB, 4 MB goal, 0 MB stacks, 0 MB globals, 16 P
gc 3226 @9.956s 8%: 0.097+0.58+0.14 ms clock, 1.5+0.53/1.0/0+2.3 ms cpu, 4->4->2 MB, 4 MB goal, 0 MB stacks, 0 MB globals, 16 P
gc 3227 @9.958s 8%: 0.11+0.64+0.12 ms clock, 1.7+0.67/0.86/0.039+2.0 ms cpu, 3->4->2 MB, 4 MB goal, 0 MB stacks, 0 MB globals, 16 P
gc 3228 @9.960s 8%: 0.13+0.64+0.042 ms clock, 2.2+0.48/1.0/0+0.67 ms cpu, 4->4->2 MB, 4 MB goal, 0 MB stacks, 0 MB globals, 16 P
gc 3229 @9.962s 8%: 0.11+0.56+0.23 ms clock, 1.8+0.74/0.90/0+3.7 ms cpu, 4->4->2 MB, 4 MB goal, 0 MB stacks, 0 MB globals, 16 P
gc 3230 @9.963s 8%: 0.16+0.62+0.11 ms clock, 2.7+0.72/0.84/0+1.7 ms cpu, 3->4->2 MB, 4 MB goal, 0 MB stacks, 0 MB globals, 16 P
gc 3231 @9.965s 8%: 0.21+0.65+0.11 ms clock, 3.5+0.57/1.0/0+1.8 ms cpu, 4->5->2 MB, 4 MB goal, 0 MB stacks, 0 MB globals, 16 P
gc 3232 @9.967s 8%: 0.12+0.59+0.13 ms clock, 2.0+0.67/0.86/0+2.2 ms cpu, 4->5->2 MB, 5 MB goal, 0 MB stacks, 0 MB globals, 16 P
gc 3233 @9.969s 8%: 0.13+0.70+0.14 ms clock, 2.1+0.58/0.98/0+2.2 ms cpu, 3->4->2 MB, 4 MB goal, 0 MB stacks, 0 MB globals, 16 P
gc 3234 @9.971s 8%: 0.13+0.42+0.16 ms clock, 2.1+0.75/0.78/0+2.6 ms cpu, 4->4->2 MB, 4 MB goal, 0 MB stacks, 0 MB globals, 16 P
gc 3235 @9.972s 8%: 0.11+0.68+0.11 ms clock, 1.8+0.44/1.0/0.053+1.8 ms cpu, 3->4->2 MB, 4 MB goal, 0 MB stacks, 0 MB globals, 16 P
gc 3236 @9.974s 8%: 0.12+0.65+0.11 ms clock, 2.0+0.72/0.95/0+1.8 ms cpu, 4->4->2 MB, 4 MB goal, 0 MB stacks, 0 MB globals, 16 P
gc 3237 @9.976s 8%: 0.14+0.70+0.087 ms clock, 2.3+0.54/1.1/0+1.4 ms cpu, 4->5->2 MB, 4 MB goal, 0 MB stacks, 0 MB globals, 16 P
gc 3238 @9.977s 8%: 0.15+0.72+0.14 ms clock, 2.4+0.53/1.0/0+2.2 ms cpu, 4->5->2 MB, 4 MB goal, 0 MB stacks, 0 MB globals, 16 P
gc 3239 @9.980s 8%: 0.11+0.71+0.097 ms clock, 1.8+0.66/0.90/0+1.5 ms cpu, 4->5->2 MB, 5 MB goal, 0 MB stacks, 0 MB globals, 16 P
gc 3240 @9.981s 8%: 0.12+0.83+0.16 ms clock, 2.0+0.64/1.1/0.013+2.5 ms cpu, 4->5->2 MB, 4 MB goal, 0 MB stacks, 0 MB globals, 16 P
gc 3241 @9.984s 8%: 0.12+0.61+0.14 ms clock, 1.9+0.61/0.99/0+2.3 ms cpu, 4->5->2 MB, 5 MB goal, 0 MB stacks, 0 MB globals, 16 P
gc 3242 @9.985s 8%: 0.11+0.62+0.074 ms clock, 1.7+0.55/0.92/0+1.1 ms cpu, 4->4->2 MB, 4 MB goal, 0 MB stacks, 0 MB globals, 16 P
gc 3243 @9.987s 8%: 0.11+0.54+0.12 ms clock, 1.9+0.62/0.80/0.056+2.0 ms cpu, 4->4->2 MB, 4 MB goal, 0 MB stacks, 0 MB globals, 16 P
gc 3244 @9.989s 8%: 0.14+0.50+0.23 ms clock, 2.2+0.95/0.86/0+3.7 ms cpu, 3->4->2 MB, 4 MB goal, 0 MB stacks, 0 MB globals, 16 P
gc 3245 @9.990s 8%: 0.13+0.69+0.092 ms clock, 2.1+0.68/0.98/0+1.4 ms cpu, 3->4->2 MB, 4 MB goal, 0 MB stacks, 0 MB globals, 16 P
gc 3246 @9.992s 8%: 0.15+0.56+0.24 ms clock, 2.4+0.81/0.89/0.028+3.9 ms cpu, 4->5->2 MB, 5 MB goal, 0 MB stacks, 0 MB globals, 16 P
gc 3247 @9.994s 8%: 0.13+0.66+0.14 ms clock, 2.2+0.60/0.94/0+2.2 ms cpu, 3->4->2 MB, 4 MB goal, 0 MB stacks, 0 MB globals, 16 P
gc 3248 @9.996s 8%: 0.11+0.66+0.18 ms clock, 1.8+0.57/0.95/0+2.9 ms cpu, 4->5->2 MB, 5 MB goal, 0 MB stacks, 0 MB globals, 16 P
gc 3249 @9.998s 8%: 0.13+0.53+0.099 ms clock, 2.1+0.68/0.84/0+1.5 ms cpu, 4->5->2 MB, 4 MB goal, 0 MB stacks, 0 MB globals, 16 P
gc 3250 @10.000s 8%: 0.084+0.57+0.10 ms clock, 1.3+0.61/0.89/0.027+1.6 ms cpu, 4->4->2 MB, 4 MB goal, 0 MB stacks, 0 MB globals, 16 P
gc 3251 @10.001s 8%: 0.16+0.68+0.16 ms clock, 2.5+0.68/1.0/0.001+2.6 ms cpu, 3->4->2 MB, 4 MB goal, 0 MB stacks, 0 MB globals, 16 P
gc 3252 @10.003s 8%: 0.11+0.53+0.11 ms clock, 1.8+0.51/1.0/0.003+1.7 ms cpu, 4->5->2 MB, 5 MB goal, 0 MB stacks, 0 MB globals, 16 P
gc 3253 @10.005s 8%: 0.11+0.61+0.19 ms clock, 1.8+0.61/0.90/0+3.1 ms cpu, 3->4->2 MB, 4 MB goal, 0 MB stacks, 0 MB globals, 16 P
gc 3254 @10.006s 8%: 0.10+0.93+0.087 ms clock, 1.7+0.80/0.73/0+1.3 ms cpu, 3->4->2 MB, 4 MB goal, 0 MB stacks, 0 MB globals, 16 P
gc 3255 @10.009s 8%: 0.23+0.62+0.13 ms clock, 3.8+0.62/0.97/0.034+2.2 ms cpu, 4->5->2 MB, 5 MB goal, 0 MB stacks, 0 MB globals, 16 P
gc 3256 @10.011s 8%: 0.096+0.82+0.090 ms clock, 1.5+0.71/1.0/0.003+1.4 ms cpu, 4->5->2 MB, 4 MB goal, 0 MB stacks, 0 MB globals, 16 P
gc 3257 @10.013s 8%: 0.17+0.67+0.15 ms clock, 2.8+0.54/0.95/0+2.5 ms cpu, 4->5->2 MB, 5 MB goal, 0 MB stacks, 0 MB globals, 16 P
gc 3258 @10.014s 8%: 0.10+0.51+0.19 ms clock, 1.7+0.56/0.94/0.063+3.1 ms cpu, 4->4->2 MB, 4 MB goal, 0 MB stacks, 0 MB globals, 16 P
gc 3259 @10.016s 8%: 0.12+0.50+0.14 ms clock, 2.0+0.63/0.99/0+2.2 ms cpu, 3->4->2 MB, 4 MB goal, 0 MB stacks, 0 MB globals, 16 P
gc 3260 @10.018s 8%: 0.17+0.84+0.091 ms clock, 2.8+0.91/1.0/0+1.4 ms cpu, 3->4->2 MB, 4 MB goal, 0 MB stacks, 0 MB globals, 16 P
gc 3261 @10.020s 8%: 0.11+0.72+0.10 ms clock, 1.9+0.64/1.1/0+1.7 ms cpu, 4->5->2 MB, 5 MB goal, 0 MB stacks, 0 MB globals, 16 P
gc 3262 @10.022s 8%: 0.13+0.77+0.16 ms clock, 2.1+0.68/0.93/0+2.6 ms cpu, 4->5->2 MB, 5 MB goal, 0 MB stacks, 0 MB globals, 16 P
gc 3263 @10.024s 8%: 0.12+0.76+0.072 ms clock, 2.0+0.57/1.0/0.042+1.1 ms cpu, 4->5->2 MB, 5 MB goal, 0 MB stacks, 0 MB globals, 16 P
gc 3264 @10.026s 8%: 0.15+0.69+0.10 ms clock, 2.4+0.73/0.86/0.079+1.7 ms cpu, 4->4->2 MB, 5 MB goal, 0 MB stacks, 0 MB globals, 16 P
gc 3265 @10.027s 8%: 0.12+0.62+0.090 ms clock, 2.0+0.64/0.98/0.007+1.4 ms cpu, 4->4->2 MB, 4 MB goal, 0 MB stacks, 0 MB globals, 16 P
gc 3266 @10.029s 8%: 0.11+0.81+0.072 ms clock, 1.8+0.48/0.93/0+1.1 ms cpu, 4->5->2 MB, 4 MB goal, 0 MB stacks, 0 MB globals, 16 P
gc 3267 @10.031s 8%: 0.11+0.57+0.20 ms clock, 1.8+0.53/1.0/0.006+3.3 ms cpu, 4->4->2 MB, 4 MB goal, 0 MB stacks, 0 MB globals, 16 P
gc 3268 @10.033s 8%: 0.17+0.61+0.24 ms clock, 2.8+0.87/0.96/0+3.8 ms cpu, 4->5->2 MB, 4 MB goal, 0 MB stacks, 0 MB globals, 16 P
gc 3269 @10.035s 8%: 0.11+0.63+0.10 ms clock, 1.8+0.52/1.1/0+1.6 ms cpu, 4->5->2 MB, 5 MB goal, 0 MB stacks, 0 MB globals, 16 P
gc 3270 @10.037s 8%: 0.15+0.69+0.039 ms clock, 2.4+0.57/0.88/0+0.63 ms cpu, 4->4->2 MB, 4 MB goal, 0 MB stacks, 0 MB globals, 16 P
gc 3271 @10.038s 8%: 0.14+0.58+0.17 ms clock, 2.3+0.68/0.97/0+2.8 ms cpu, 4->4->2 MB, 4 MB goal, 0 MB stacks, 0 MB globals, 16 P
gc 3272 @10.040s 8%: 0.15+0.58+0.22 ms clock, 2.5+0.58/0.96/0.025+3.5 ms cpu, 4->5->2 MB, 4 MB goal, 0 MB stacks, 0 MB globals, 16 P
gc 3273 @10.042s 8%: 0.15+0.67+0.11 ms clock, 2.4+0.71/0.94/0+1.8 ms cpu, 4->4->2 MB, 4 MB goal, 0 MB stacks, 0 MB globals, 16 P
gc 3274 @10.044s 8%: 0.14+0.72+0.097 ms clock, 2.3+0.64/0.92/0+1.5 ms cpu, 4->5->2 MB, 5 MB goal, 0 MB stacks, 0 MB globals, 16 P
gc 3275 @10.046s 8%: 0.12+0.65+0.10 ms clock, 2.0+0.60/1.0/0.008+1.6 ms cpu, 4->5->2 MB, 5 MB goal, 0 MB stacks, 0 MB globals, 16 P
gc 3276 @10.048s 8%: 0.11+0.59+0.14 ms clock, 1.8+0.46/0.95/0+2.2 ms cpu, 4->4->2 MB, 4 MB goal, 0 MB stacks, 0 MB globals, 16 P
gc 3277 @10.049s 8%: 0.10+0.72+0.12 ms clock, 1.6+0.67/1.0/0.056+1.9 ms cpu, 4->4->2 MB, 4 MB goal, 0 MB stacks, 0 MB globals, 16 P
gc 3278 @10.051s 8%: 0.13+0.56+0.12 ms clock, 2.1+0.77/0.83/0+1.9 ms cpu, 4->5->2 MB, 4 MB goal, 0 MB stacks, 0 MB globals, 16 P
gc 3279 @10.053s 8%: 0.12+0.70+0.12 ms clock, 1.9+0.51/1.0/0+1.9 ms cpu, 4->4->2 MB, 4 MB goal, 0 MB stacks, 0 MB globals, 16 P
gc 3280 @10.055s 8%: 0.10+0.68+0.15 ms clock, 1.7+0.67/0.96/0+2.4 ms cpu, 4->5->2 MB, 4 MB goal, 0 MB stacks, 0 MB globals, 16 P
gc 3281 @10.057s 8%: 0.16+0.70+0.10 ms clock, 2.6+0.84/0.88/0+1.6 ms cpu, 4->5->2 MB, 4 MB goal, 0 MB stacks, 0 MB globals, 16 P
gc 3282 @10.059s 8%: 0.13+0.58+0.16 ms clock, 2.2+0.57/0.86/0+2.6 ms cpu, 4->5->2 MB, 5 MB goal, 0 MB stacks, 0 MB globals, 16 P
gc 3283 @10.061s 8%: 0.13+0.64+0.16 ms clock, 2.0+0.57/0.98/0.001+2.5 ms cpu, 4->5->2 MB, 4 MB goal, 0 MB stacks, 0 MB globals, 16 P
gc 3284 @10.063s 8%: 0.14+0.95+0.081 ms clock, 2.2+0.96/0.98/0+1.3 ms cpu, 4->5->2 MB, 5 MB goal, 0 MB stacks, 0 MB globals, 16 P
gc 3285 @10.065s 8%: 0.14+0.67+0.10 ms clock, 2.2+0.65/1.0/0.005+1.6 ms cpu, 4->5->2 MB, 5 MB goal, 0 MB stacks, 0 MB globals, 16 P
gc 3286 @10.067s 8%: 0.13+0.62+0.081 ms clock, 2.2+0.64/0.87/0+1.2 ms cpu, 4->4->2 MB, 4 MB goal, 0 MB stacks, 0 MB globals, 16 P
gc 3287 @10.069s 8%: 0.11+0.59+0.099 ms clock, 1.7+0.74/0.90/0+1.5 ms cpu, 3->4->2 MB, 4 MB goal, 0 MB stacks, 0 MB globals, 16 P
gc 3288 @10.070s 8%: 0.16+0.63+0.080 ms clock, 2.5+0.63/1.0/0+1.2 ms cpu, 4->4->2 MB, 4 MB goal, 0 MB stacks, 0 MB globals, 16 P
gc 3289 @10.072s 8%: 0.11+0.60+0.088 ms clock, 1.7+0.62/0.95/0.029+1.4 ms cpu, 4->4->2 MB, 4 MB goal, 0 MB stacks, 0 MB globals, 16 P
gc 3290 @10.074s 8%: 0.11+0.67+0.099 ms clock, 1.7+0.64/0.94/0+1.5 ms cpu, 3->4->2 MB, 4 MB goal, 0 MB stacks, 0 MB globals, 16 P
gc 3291 @10.076s 8%: 0.13+0.71+0.078 ms clock, 2.1+0.66/0.94/0+1.2 ms cpu, 3->4->2 MB, 4 MB goal, 0 MB stacks, 0 MB globals, 16 P
gc 3292 @10.078s 8%: 0.10+0.73+0.10 ms clock, 1.6+0.47/0.94/0+1.7 ms cpu, 4->5->2 MB, 4 MB goal, 0 MB stacks, 0 MB globals, 16 P
gc 3293 @10.080s 8%: 0.12+0.86+0.073 ms clock, 2.0+0.70/0.91/0+1.1 ms cpu, 4->5->2 MB, 5 MB goal, 0 MB stacks, 0 MB globals, 16 P
gc 3294 @10.081s 8%: 0.11+0.87+0.069 ms clock, 1.8+0.83/0.89/0.095+1.1 ms cpu, 4->4->2 MB, 4 MB goal, 0 MB stacks, 0 MB globals, 16 P
gc 3295 @10.083s 8%: 0.17+0.67+0.17 ms clock, 2.8+0.74/0.81/0.001+2.8 ms cpu, 4->5->2 MB, 4 MB goal, 0 MB stacks, 0 MB globals, 16 P
gc 3296 @10.085s 8%: 0.17+0.54+0.18 ms clock, 2.7+0.70/0.90/0+2.9 ms cpu, 4->5->2 MB, 5 MB goal, 0 MB stacks, 0 MB globals, 16 P
gc 3297 @10.087s 8%: 0.15+0.63+0.15 ms clock, 2.4+0.77/1.0/0.029+2.5 ms cpu, 4->5->2 MB, 4 MB goal, 0 MB stacks, 0 MB globals, 16 P
gc 3298 @10.089s 8%: 0.10+0.43+0.15 ms clock, 1.7+0.90/0.76/0+2.4 ms cpu, 4->4->1 MB, 5 MB goal, 0 MB stacks, 0 MB globals, 16 P
gc 3299 @10.091s 8%: 0.096+0.56+0.081 ms clock, 1.5+0.47/1.1/0.006+1.2 ms cpu, 3->4->2 MB, 4 MB goal, 0 MB stacks, 0 MB globals, 16 P
gc 3300 @10.092s 8%: 0.19+0.48+0.14 ms clock, 3.1+0.74/0.73/0+2.2 ms cpu, 3->4->1 MB, 4 MB goal, 0 MB stacks, 0 MB globals, 16 P
gc 3301 @10.094s 8%: 0.13+0.65+0.11 ms clock, 2.1+0.63/0.81/0+1.8 ms cpu, 3->4->2 MB, 4 MB goal, 0 MB stacks, 0 MB globals, 16 P
gc 3302 @10.095s 8%: 0.12+0.65+0.22 ms clock, 2.0+0.72/0.86/0+3.5 ms cpu, 4->4->2 MB, 4 MB goal, 0 MB stacks, 0 MB globals, 16 P
gc 3303 @10.097s 8%: 0.19+0.79+0.10 ms clock, 3.1+0.67/0.93/0+1.6 ms cpu, 4->5->2 MB, 4 MB goal, 0 MB stacks, 0 MB globals, 16 P
gc 3304 @10.099s 8%: 0.11+0.63+0.13 ms clock, 1.8+0.69/0.96/0+2.1 ms cpu, 4->5->2 MB, 5 MB goal, 0 MB stacks, 0 MB globals, 16 P
gc 3305 @10.101s 8%: 0.14+0.73+0.099 ms clock, 2.2+0.71/0.97/0+1.5 ms cpu, 3->5->2 MB, 4 MB goal, 0 MB stacks, 0 MB globals, 16 P
gc 3306 @10.103s 8%: 0.16+0.62+0.16 ms clock, 2.6+0.72/0.94/0+2.5 ms cpu, 4->5->2 MB, 5 MB goal, 0 MB stacks, 0 MB globals, 16 P
gc 3307 @10.105s 8%: 0.18+0.81+0.048 ms clock, 2.9+0.52/1.0/0+0.76 ms cpu, 4->5->2 MB, 4 MB goal, 0 MB stacks, 0 MB globals, 16 P
gc 3308 @10.107s 8%: 0.17+0.83+0.096 ms clock, 2.7+0.60/0.86/0.010+1.5 ms cpu, 4->5->2 MB, 5 MB goal, 0 MB stacks, 0 MB globals, 16 P
gc 3309 @10.109s 8%: 0.18+0.56+0.16 ms clock, 2.9+0.62/0.87/0+2.6 ms cpu, 4->5->2 MB, 5 MB goal, 0 MB stacks, 0 MB globals, 16 P
gc 3310 @10.111s 8%: 0.16+0.62+0.11 ms clock, 2.6+0.64/0.86/0.042+1.8 ms cpu, 3->4->2 MB, 4 MB goal, 0 MB stacks, 0 MB globals, 16 P
gc 3311 @10.112s 8%: 0.10+0.58+0.21 ms clock, 1.6+0.60/0.86/0.075+3.4 ms cpu, 4->5->2 MB, 5 MB goal, 0 MB stacks, 0 MB globals, 16 P
gc 3312 @10.114s 8%: 0.17+0.71+0.080 ms clock, 2.8+0.74/0.91/0+1.2 ms cpu, 3->4->2 MB, 4 MB goal, 0 MB stacks, 0 MB globals, 16 P
gc 3313 @10.116s 8%: 0.11+0.62+0.049 ms clock, 1.8+0.55/0.96/0.001+0.79 ms cpu, 4->4->2 MB, 5 MB goal, 0 MB stacks, 0 MB globals, 16 P
gc 3314 @10.118s 8%: 0.10+0.52+0.10 ms clock, 1.6+0.41/0.96/0.001+1.7 ms cpu, 3->4->2 MB, 4 MB goal, 0 MB stacks, 0 MB globals, 16 P
gc 3315 @10.119s 8%: 0.17+0.54+0.19 ms clock, 2.8+0.81/0.85/0+3.1 ms cpu, 3->4->2 MB, 4 MB goal, 0 MB stacks, 0 MB globals, 16 P
gc 3316 @10.121s 8%: 0.11+0.78+0.071 ms clock, 1.8+0.77/1.0/0.019+1.1 ms cpu, 4->5->2 MB, 4 MB goal, 0 MB stacks, 0 MB globals, 16 P
gc 3317 @10.123s 8%: 0.15+0.79+0.097 ms clock, 2.4+0.51/0.99/0+1.5 ms cpu, 4->5->2 MB, 4 MB goal, 0 MB stacks, 0 MB globals, 16 P
gc 3318 @10.125s 8%: 0.10+0.67+0.13 ms clock, 1.6+0.56/0.80/0+2.0 ms cpu, 4->5->2 MB, 5 MB goal, 0 MB stacks, 0 MB globals, 16 P
gc 3319 @10.127s 8%: 0.092+0.57+0.11 ms clock, 1.4+0.60/0.94/0+1.7 ms cpu, 4->4->2 MB, 4 MB goal, 0 MB stacks, 0 MB globals, 16 P
gc 3320 @10.128s 8%: 0.13+0.86+0.064 ms clock, 2.0+0.70/1.0/0.006+1.0 ms cpu, 3->4->2 MB, 4 MB goal, 0 MB stacks, 0 MB globals, 16 P
gc 3321 @10.131s 8%: 0.14+0.73+0.14 ms clock, 2.3+0.94/0.83/0+2.3 ms cpu, 4->5->2 MB, 5 MB goal, 0 MB stacks, 0 MB globals, 16 P
gc 3322 @10.133s 8%: 0.17+0.73+0.10 ms clock, 2.7+0.73/0.98/0+1.7 ms cpu, 4->5->2 MB, 5 MB goal, 0 MB stacks, 0 MB globals, 16 P
gc 3323 @10.135s 8%: 0.12+0.61+0.17 ms clock, 1.9+0.62/1.0/0.042+2.7 ms cpu, 4->5->2 MB, 5 MB goal, 0 MB stacks, 0 MB globals, 16 P
gc 3324 @10.137s 8%: 0.10+0.65+0.091 ms clock, 1.7+0.63/0.88/0+1.4 ms cpu, 4->4->2 MB, 4 MB goal, 0 MB stacks, 0 MB globals, 16 P
gc 3325 @10.138s 8%: 0.13+0.72+0.096 ms clock, 2.1+0.57/1.0/0.005+1.5 ms cpu, 4->4->2 MB, 4 MB goal, 0 MB stacks, 0 MB globals, 16 P
gc 3326 @10.140s 8%: 0.11+0.57+0.12 ms clock, 1.8+0.69/0.90/0+2.0 ms cpu, 4->4->2 MB, 4 MB goal, 0 MB stacks, 0 MB globals, 16 P
gc 3327 @10.142s 8%: 0.17+0.50+0.12 ms clock, 2.8+0.72/0.95/0+2.0 ms cpu, 3->4->2 MB, 4 MB goal, 0 MB stacks, 0 MB globals, 16 P
gc 3328 @10.144s 8%: 0.10+0.56+0.21 ms clock, 1.6+0.59/0.85/0+3.3 ms cpu, 4->4->2 MB, 4 MB goal, 0 MB stacks, 0 MB globals, 16 P
gc 3329 @10.145s 8%: 0.11+0.67+0.13 ms clock, 1.7+0.68/0.80/0+2.0 ms cpu, 3->4->2 MB, 4 MB goal, 0 MB stacks, 0 MB globals, 16 P
gc 3330 @10.147s 8%: 0.12+0.53+0.15 ms clock, 2.0+0.60/1.1/0+2.4 ms cpu, 4->4->2 MB, 4 MB goal, 0 MB stacks, 0 MB globals, 16 P
gc 3331 @10.149s 8%: 0.13+0.53+0.11 ms clock, 2.1+0.68/0.94/0.016+1.9 ms cpu, 4->4->2 MB, 4 MB goal, 0 MB stacks, 0 MB globals, 16 P
gc 3332 @10.150s 8%: 0.18+0.65+0.16 ms clock, 3.0+0.67/0.77/0.024+2.6 ms cpu, 3->4->2 MB, 4 MB goal, 0 MB stacks, 0 MB globals, 16 P
gc 3333 @10.152s 8%: 0.16+0.55+0.18 ms clock, 2.5+0.74/0.89/0+2.9 ms cpu, 4->4->2 MB, 4 MB goal, 0 MB stacks, 0 MB globals, 16 P
gc 3334 @10.154s 8%: 0.13+0.93+0.12 ms clock, 2.2+0.72/1.0/0+1.9 ms cpu, 3->5->2 MB, 4 MB goal, 0 MB stacks, 0 MB globals, 16 P
gc 3335 @10.156s 8%: 0.15+0.61+0.076 ms clock, 2.4+0.71/0.95/0+1.2 ms cpu, 4->5->2 MB, 5 MB goal, 0 MB stacks, 0 MB globals, 16 P
gc 3336 @10.158s 8%: 0.15+0.56+0.14 ms clock, 2.5+0.74/0.87/0.003+2.3 ms cpu, 3->4->2 MB, 4 MB goal, 0 MB stacks, 0 MB globals, 16 P
gc 3337 @10.159s 8%: 0.12+0.61+0.095 ms clock, 1.9+0.69/0.93/0+1.5 ms cpu, 3->4->2 MB, 4 MB goal, 0 MB stacks, 0 MB globals, 16 P
gc 3338 @10.161s 8%: 0.16+0.56+0.073 ms clock, 2.5+0.63/0.85/0+1.1 ms cpu, 4->4->2 MB, 4 MB goal, 0 MB stacks, 0 MB globals, 16 P
gc 3339 @10.163s 8%: 0.13+0.58+0.18 ms clock, 2.1+0.71/0.81/0+3.0 ms cpu, 4->4->2 MB, 4 MB goal, 0 MB stacks, 0 MB globals, 16 P
gc 3340 @10.164s 8%: 0.13+0.69+0.10 ms clock, 2.2+0.57/0.88/0.15+1.6 ms cpu, 3->4->2 MB, 4 MB goal, 0 MB stacks, 0 MB globals, 16 P
gc 3341 @10.166s 8%: 0.16+0.71+0.22 ms clock, 2.5+0.75/0.86/0+3.6 ms cpu, 4->5->2 MB, 5 MB goal, 0 MB stacks, 0 MB globals, 16 P
gc 3342 @10.168s 8%: 0.17+0.64+0.23 ms clock, 2.7+0.86/0.80/0+3.7 ms cpu, 4->5->2 MB, 5 MB goal, 0 MB stacks, 0 MB globals, 16 P
gc 3343 @10.170s 8%: 0.14+0.60+0.17 ms clock, 2.3+0.70/0.78/0+2.7 ms cpu, 4->5->2 MB, 5 MB goal, 0 MB stacks, 0 MB globals, 16 P
gc 3344 @10.172s 8%: 0.13+0.56+0.082 ms clock, 2.2+0.55/0.94/0+1.3 ms cpu, 3->4->2 MB, 4 MB goal, 0 MB stacks, 0 MB globals, 16 P
gc 3345 @10.174s 8%: 0.16+0.67+0.18 ms clock, 2.7+0.67/1.0/0.004+2.9 ms cpu, 4->5->2 MB, 5 MB goal, 0 MB stacks, 0 MB globals, 16 P
gc 3346 @10.176s 8%: 0.12+0.47+0.13 ms clock, 2.0+0.70/0.88/0.022+2.2 ms cpu, 4->4->1 MB, 5 MB goal, 0 MB stacks, 0 MB globals, 16 P
gc 3347 @10.177s 8%: 0.14+0.82+0.10 ms clock, 2.3+0.55/0.89/0+1.6 ms cpu, 3->4->2 MB, 4 MB goal, 0 MB stacks, 0 MB globals, 16 P
gc 3348 @10.179s 8%: 0.21+0.77+0.078 ms clock, 3.4+0.81/1.0/0+1.2 ms cpu, 4->5->2 MB, 5 MB goal, 0 MB stacks, 0 MB globals, 16 P
gc 3349 @10.181s 8%: 0.15+0.77+0.10 ms clock, 2.5+0.79/0.79/0+1.6 ms cpu, 4->5->2 MB, 5 MB goal, 0 MB stacks, 0 MB globals, 16 P
gc 3350 @10.183s 8%: 0.10+0.75+0.088 ms clock, 1.7+0.54/1.0/0+1.4 ms cpu, 4->5->2 MB, 5 MB goal, 0 MB stacks, 0 MB globals, 16 P
gc 3351 @10.185s 8%: 0.13+0.66+0.13 ms clock, 2.1+0.73/0.95/0+2.1 ms cpu, 4->5->2 MB, 5 MB goal, 0 MB stacks, 0 MB globals, 16 P
gc 3352 @10.187s 8%: 0.10+0.98+0.098 ms clock, 1.7+0.77/0.99/0+1.5 ms cpu, 4->5->2 MB, 5 MB goal, 0 MB stacks, 0 MB globals, 16 P
gc 3353 @10.190s 8%: 0.11+0.78+0.10 ms clock, 1.8+0.79/1.0/0+1.6 ms cpu, 4->5->2 MB, 5 MB goal, 0 MB stacks, 0 MB globals, 16 P
gc 3354 @10.192s 8%: 0.12+0.54+0.12 ms clock, 1.9+0.69/1.0/0.042+2.0 ms cpu, 4->5->2 MB, 5 MB goal, 0 MB stacks, 0 MB globals, 16 P
gc 3355 @10.193s 8%: 0.14+0.69+0.13 ms clock, 2.3+0.69/1.0/0+2.0 ms cpu, 3->4->2 MB, 4 MB goal, 0 MB stacks, 0 MB globals, 16 P
gc 3356 @10.195s 8%: 0.16+0.63+0.12 ms clock, 2.6+0.82/0.74/0+2.0 ms cpu, 4->5->2 MB, 5 MB goal, 0 MB stacks, 0 MB globals, 16 P
gc 3357 @10.197s 8%: 0.13+0.75+0.13 ms clock, 2.1+0.64/1.0/0+2.1 ms cpu, 4->5->2 MB, 4 MB goal, 0 MB stacks, 0 MB globals, 16 P
gc 3358 @10.199s 8%: 0.16+0.71+0.10 ms clock, 2.6+0.67/1.0/0.006+1.6 ms cpu, 4->5->2 MB, 5 MB goal, 0 MB stacks, 0 MB globals, 16 P
gc 3359 @10.201s 8%: 0.14+0.49+0.15 ms clock, 2.3+0.84/0.81/0+2.4 ms cpu, 4->4->2 MB, 5 MB goal, 0 MB stacks, 0 MB globals, 16 P
gc 3360 @10.202s 8%: 0.13+0.54+0.14 ms clock, 2.1+0.65/0.74/0.084+2.3 ms cpu, 3->4->2 MB, 4 MB goal, 0 MB stacks, 0 MB globals, 16 P
gc 3361 @10.204s 8%: 0.18+0.80+0.065 ms clock, 3.0+0.70/0.86/0+1.0 ms cpu, 3->4->2 MB, 4 MB goal, 0 MB stacks, 0 MB globals, 16 P
gc 3362 @10.206s 8%: 0.15+0.52+0.18 ms clock, 2.5+0.69/0.84/0+2.9 ms cpu, 4->5->2 MB, 5 MB goal, 0 MB stacks, 0 MB globals, 16 P
gc 3363 @10.208s 8%: 0.20+0.59+0.19 ms clock, 3.3+0.70/0.88/0+3.1 ms cpu, 3->4->2 MB, 4 MB goal, 0 MB stacks, 0 MB globals, 16 P
gc 3364 @10.209s 8%: 0.11+0.69+0.12 ms clock, 1.8+0.61/0.88/0+2.0 ms cpu, 4->4->2 MB, 4 MB goal, 0 MB stacks, 0 MB globals, 16 P
gc 3365 @10.211s 8%: 0.11+0.64+0.15 ms clock, 1.9+0.92/0.92/0.012+2.4 ms cpu, 4->4->2 MB, 4 MB goal, 0 MB stacks, 0 MB globals, 16 P
gc 3366 @10.213s 8%: 0.14+0.70+0.093 ms clock, 2.3+0.78/0.85/0.002+1.4 ms cpu, 4->5->2 MB, 4 MB goal, 0 MB stacks, 0 MB globals, 16 P
gc 3367 @10.215s 8%: 0.10+0.54+0.14 ms clock, 1.6+0.78/1.0/0+2.3 ms cpu, 4->5->2 MB, 5 MB goal, 0 MB stacks, 0 MB globals, 16 P
gc 3368 @10.216s 8%: 0.15+0.84+0.086 ms clock, 2.5+0.59/0.74/0.074+1.3 ms cpu, 3->4->2 MB, 4 MB goal, 0 MB stacks, 0 MB globals, 16 P
gc 3369 @10.218s 8%: 0.16+0.61+0.10 ms clock, 2.6+0.81/0.89/0.026+1.6 ms cpu, 4->5->2 MB, 5 MB goal, 0 MB stacks, 0 MB globals, 16 P
gc 3370 @10.220s 8%: 0.19+0.81+0.078 ms clock, 3.0+0.79/1.1/0+1.2 ms cpu, 4->5->2 MB, 4 MB goal, 0 MB stacks, 0 MB globals, 16 P
gc 3371 @10.222s 8%: 0.15+0.78+0.092 ms clock, 2.5+0.62/1.0/0+1.4 ms cpu, 4->5->2 MB, 5 MB goal, 0 MB stacks, 0 MB globals, 16 P
gc 3372 @10.225s 8%: 0.10+0.83+0.18 ms clock, 1.7+0.72/0.86/0+2.9 ms cpu, 4->5->2 MB, 5 MB goal, 0 MB stacks, 0 MB globals, 16 P
gc 3373 @10.227s 8%: 0.096+0.55+0.18 ms clock, 1.5+0.63/0.94/0.006+2.9 ms cpu, 4->5->2 MB, 5 MB goal, 0 MB stacks, 0 MB globals, 16 P
gc 3374 @10.228s 8%: 0.13+0.68+0.17 ms clock, 2.2+0.63/0.94/0+2.8 ms cpu, 3->4->2 MB, 4 MB goal, 0 MB stacks, 0 MB globals, 16 P
gc 3375 @10.230s 8%: 0.12+0.67+0.18 ms clock, 1.9+0.73/0.90/0+2.9 ms cpu, 4->5->2 MB, 5 MB goal, 0 MB stacks, 0 MB globals, 16 P
gc 3376 @10.232s 8%: 0.12+0.66+0.17 ms clock, 1.9+0.73/1.0/0+2.8 ms cpu, 4->5->2 MB, 5 MB goal, 0 MB stacks, 0 MB globals, 16 P
gc 3377 @10.234s 8%: 0.11+0.45+0.17 ms clock, 1.8+0.75/0.82/0+2.7 ms cpu, 4->4->2 MB, 5 MB goal, 0 MB stacks, 0 MB globals, 16 P
gc 3378 @10.236s 8%: 0.15+0.64+0.18 ms clock, 2.4+0.64/0.87/0.003+3.0 ms cpu, 3->4->2 MB, 4 MB goal, 0 MB stacks, 0 MB globals, 16 P
gc 3379 @10.238s 8%: 0.12+0.60+0.10 ms clock, 1.9+0.61/1.0/0+1.7 ms cpu, 4->4->2 MB, 4 MB goal, 0 MB stacks, 0 MB globals, 16 P
gc 3380 @10.239s 8%: 0.17+0.60+0.22 ms clock, 2.7+0.58/0.95/0+3.6 ms cpu, 3->4->2 MB, 4 MB goal, 0 MB stacks, 0 MB globals, 16 P
gc 3381 @10.241s 8%: 0.14+0.54+0.12 ms clock, 2.3+0.73/0.86/0+1.9 ms cpu, 4->5->2 MB, 4 MB goal, 0 MB stacks, 0 MB globals, 16 P
gc 3382 @10.243s 8%: 0.16+0.53+0.14 ms clock, 2.5+0.67/0.90/0+2.2 ms cpu, 4->4->2 MB, 4 MB goal, 0 MB stacks, 0 MB globals, 16 P
gc 3383 @10.244s 8%: 0.13+0.93+0.092 ms clock, 2.1+0.61/1.0/0+1.4 ms cpu, 3->4->2 MB, 4 MB goal, 0 MB stacks, 0 MB globals, 16 P
gc 3384 @10.247s 8%: 0.099+0.74+0.086 ms clock, 1.5+0.69/1.1/0.018+1.3 ms cpu, 4->5->2 MB, 5 MB goal, 0 MB stacks, 0 MB globals, 16 P
gc 3385 @10.248s 8%: 0.12+0.73+0.098 ms clock, 2.0+0.37/0.97/0.011+1.5 ms cpu, 4->4->2 MB, 4 MB goal, 0 MB stacks, 0 MB globals, 16 P
gc 3386 @10.250s 8%: 0.14+0.69+0.13 ms clock, 2.3+0.83/0.92/0+2.1 ms cpu, 4->4->2 MB, 4 MB goal, 0 MB stacks, 0 MB globals, 16 P
gc 3387 @10.252s 8%: 0.12+0.74+0.19 ms clock, 1.9+0.59/1.1/0+3.1 ms cpu, 4->5->2 MB, 5 MB goal, 0 MB stacks, 0 MB globals, 16 P
gc 3388 @10.254s 8%: 0.11+0.60+0.12 ms clock, 1.8+0.66/0.99/0.024+2.0 ms cpu, 4->5->2 MB, 5 MB goal, 0 MB stacks, 0 MB globals, 16 P
gc 3389 @10.256s 8%: 0.11+0.65+0.098 ms clock, 1.9+0.68/0.86/0.039+1.5 ms cpu, 4->4->2 MB, 4 MB goal, 0 MB stacks, 0 MB globals, 16 P
gc 3390 @10.258s 8%: 0.14+0.80+0.064 ms clock, 2.3+0.77/0.97/0.014+1.0 ms cpu, 4->5->2 MB, 4 MB goal, 0 MB stacks, 0 MB globals, 16 P
gc 3391 @10.260s 8%: 0.19+0.62+0.17 ms clock, 3.0+0.74/0.79/0.083+2.8 ms cpu, 4->5->2 MB, 5 MB goal, 0 MB stacks, 0 MB globals, 16 P
gc 3392 @10.261s 8%: 0.11+0.71+0.050 ms clock, 1.7+0.53/1.0/0.080+0.80 ms cpu, 3->4->2 MB, 4 MB goal, 0 MB stacks, 0 MB globals, 16 P
gc 3393 @10.263s 8%: 0.11+0.73+0.10 ms clock, 1.7+0.71/0.87/0+1.6 ms cpu, 4->4->2 MB, 4 MB goal, 0 MB stacks, 0 MB globals, 16 P
gc 3394 @10.265s 8%: 0.24+0.54+0.15 ms clock, 3.8+0.64/0.90/0+2.4 ms cpu, 4->5->2 MB, 4 MB goal, 0 MB stacks, 0 MB globals, 16 P
gc 3395 @10.267s 8%: 0.11+0.66+0.18 ms clock, 1.8+0.92/0.87/0+2.9 ms cpu, 4->5->2 MB, 5 MB goal, 0 MB stacks, 0 MB globals, 16 P
gc 3396 @10.269s 8%: 0.090+0.60+0.13 ms clock, 1.4+0.65/0.93/0.007+2.1 ms cpu, 4->4->2 MB, 5 MB goal, 0 MB stacks, 0 MB globals, 16 P
gc 3397 @10.270s 8%: 0.12+0.77+0.14 ms clock, 1.9+0.70/0.84/0.031+2.3 ms cpu, 3->4->2 MB, 4 MB goal, 0 MB stacks, 0 MB globals, 16 P
gc 3398 @10.272s 8%: 0.11+0.58+0.20 ms clock, 1.7+0.79/0.95/0+3.2 ms cpu, 4->5->2 MB, 5 MB goal, 0 MB stacks, 0 MB globals, 16 P
gc 3399 @10.274s 8%: 0.11+0.63+0.10 ms clock, 1.8+0.55/1.0/0+1.6 ms cpu, 4->4->2 MB, 4 MB goal, 0 MB stacks, 0 MB globals, 16 P
gc 3400 @10.276s 8%: 0.10+0.74+0.10 ms clock, 1.7+0.60/0.94/0+1.6 ms cpu, 4->4->2 MB, 4 MB goal, 0 MB stacks, 0 MB globals, 16 P
gc 3401 @10.278s 8%: 0.11+0.47+0.073 ms clock, 1.9+0.63/0.90/0.001+1.1 ms cpu, 4->4->2 MB, 4 MB goal, 0 MB stacks, 0 MB globals, 16 P
gc 3402 @10.279s 8%: 0.20+0.76+0.14 ms clock, 3.3+0.70/0.91/0+2.3 ms cpu, 3->4->2 MB, 4 MB goal, 0 MB stacks, 0 MB globals, 16 P
gc 3403 @10.281s 8%: 0.11+0.86+0.15 ms clock, 1.8+0.59/0.96/0.011+2.4 ms cpu, 4->5->2 MB, 5 MB goal, 0 MB stacks, 0 MB globals, 16 P
gc 3404 @10.283s 8%: 0.13+0.75+0.10 ms clock, 2.2+0.64/1.0/0+1.6 ms cpu, 4->5->2 MB, 5 MB goal, 0 MB stacks, 0 MB globals, 16 P
gc 3405 @10.285s 8%: 0.15+0.65+0.13 ms clock, 2.4+0.63/1.0/0+2.0 ms cpu, 4->5->2 MB, 5 MB goal, 0 MB stacks, 0 MB globals, 16 P
gc 3406 @10.287s 8%: 0.21+0.58+0.15 ms clock, 3.4+0.79/1.0/0+2.4 ms cpu, 4->5->2 MB, 4 MB goal, 0 MB stacks, 0 MB globals, 16 P
gc 3407 @10.289s 8%: 0.12+0.73+0.086 ms clock, 2.0+0.59/1.1/0+1.3 ms cpu, 4->5->2 MB, 5 MB goal, 0 MB stacks, 0 MB globals, 16 P
gc 3408 @10.291s 8%: 0.11+0.53+0.095 ms clock, 1.7+0.69/0.88/0+1.5 ms cpu, 4->4->2 MB, 5 MB goal, 0 MB stacks, 0 MB globals, 16 P
gc 3409 @10.293s 8%: 0.12+0.56+0.13 ms clock, 2.0+0.57/0.97/0+2.0 ms cpu, 3->4->2 MB, 4 MB goal, 0 MB stacks, 0 MB globals, 16 P
gc 3410 @10.295s 8%: 0.12+0.46+0.14 ms clock, 1.9+0.57/0.85/0+2.3 ms cpu, 3->4->2 MB, 4 MB goal, 0 MB stacks, 0 MB globals, 16 P
gc 3411 @10.296s 8%: 0.17+0.51+0.19 ms clock, 2.7+0.59/0.91/0+3.1 ms cpu, 3->4->2 MB, 4 MB goal, 0 MB stacks, 0 MB globals, 16 P
gc 3412 @10.298s 8%: 0.19+0.86+0.066 ms clock, 3.1+0.62/1.1/0.004+1.0 ms cpu, 3->5->2 MB, 4 MB goal, 0 MB stacks, 0 MB globals, 16 P
gc 3413 @10.300s 8%: 0.12+0.68+0.11 ms clock, 2.0+0.82/0.80/0+1.7 ms cpu, 4->5->2 MB, 5 MB goal, 0 MB stacks, 0 MB globals, 16 P
gc 3414 @10.302s 8%: 0.14+0.74+0.081 ms clock, 2.2+0.53/1.0/0.001+1.2 ms cpu, 4->5->2 MB, 4 MB goal, 0 MB stacks, 0 MB globals, 16 P
gc 3415 @10.304s 8%: 0.16+0.57+0.17 ms clock, 2.6+0.60/0.87/0+2.7 ms cpu, 4->5->2 MB, 5 MB goal, 0 MB stacks, 0 MB globals, 16 P
gc 3416 @10.305s 8%: 0.14+0.59+0.17 ms clock, 2.3+0.53/1.0/0+2.7 ms cpu, 3->4->2 MB, 4 MB goal, 0 MB stacks, 0 MB globals, 16 P
gc 3417 @10.307s 8%: 0.15+0.63+0.14 ms clock, 2.5+0.68/0.81/0.013+2.3 ms cpu, 4->5->2 MB, 4 MB goal, 0 MB stacks, 0 MB globals, 16 P
gc 3418 @10.309s 8%: 0.11+0.58+0.099 ms clock, 1.9+0.55/0.92/0.002+1.5 ms cpu, 4->4->2 MB, 4 MB goal, 0 MB stacks, 0 MB globals, 16 P
gc 3419 @10.311s 8%: 0.14+0.90+0.10 ms clock, 2.2+0.74/0.90/0+1.6 ms cpu, 3->4->2 MB, 4 MB goal, 0 MB stacks, 0 MB globals, 16 P
gc 3420 @10.313s 8%: 0.15+0.56+0.16 ms clock, 2.5+0.73/0.86/0.013+2.6 ms cpu, 4->5->2 MB, 5 MB goal, 0 MB stacks, 0 MB globals, 16 P
gc 3421 @10.314s 8%: 0.10+0.57+0.083 ms clock, 1.6+0.74/0.86/0+1.3 ms cpu, 3->4->1 MB, 4 MB goal, 0 MB stacks, 0 MB globals, 16 P
gc 3422 @10.316s 8%: 0.19+0.55+0.12 ms clock, 3.1+0.85/0.81/0+2.0 ms cpu, 3->4->2 MB, 4 MB goal, 0 MB stacks, 0 MB globals, 16 P
gc 3423 @10.318s 8%: 0.13+0.62+0.19 ms clock, 2.1+0.93/0.91/0+3.0 ms cpu, 4->4->2 MB, 4 MB goal, 0 MB stacks, 0 MB globals, 16 P
gc 3424 @10.319s 8%: 0.13+0.79+0.12 ms clock, 2.2+0.65/1.0/0+1.9 ms cpu, 4->5->2 MB, 4 MB goal, 0 MB stacks, 0 MB globals, 16 P
gc 3425 @10.321s 8%: 0.22+0.55+0.12 ms clock, 3.5+0.68/0.94/0+2.0 ms cpu, 4->5->2 MB, 5 MB goal, 0 MB stacks, 0 MB globals, 16 P
gc 3426 @10.323s 8%: 0.15+0.52+0.11 ms clock, 2.5+0.54/0.87/0.031+1.7 ms cpu, 4->4->2 MB, 4 MB goal, 0 MB stacks, 0 MB globals, 16 P
gc 3427 @10.325s 8%: 0.083+0.66+0.092 ms clock, 1.3+0.47/1.0/0.010+1.4 ms cpu, 3->4->2 MB, 4 MB goal, 0 MB stacks, 0 MB globals, 16 P
gc 3428 @10.327s 8%: 0.14+0.83+0.16 ms clock, 2.3+0.81/0.88/0+2.6 ms cpu, 4->5->2 MB, 4 MB goal, 0 MB stacks, 0 MB globals, 16 P
gc 3429 @10.329s 8%: 0.17+0.63+0.27 ms clock, 2.8+0.62/0.96/0.009+4.3 ms cpu, 4->5->2 MB, 5 MB goal, 0 MB stacks, 0 MB globals, 16 P
gc 3430 @10.331s 8%: 0.12+0.57+0.21 ms clock, 1.9+0.61/0.94/0+3.4 ms cpu, 4->4->2 MB, 4 MB goal, 0 MB stacks, 0 MB globals, 16 P
gc 3431 @10.332s 8%: 0.16+0.73+0.11 ms clock, 2.5+0.77/1.1/0+1.9 ms cpu, 4->5->2 MB, 4 MB goal, 0 MB stacks, 0 MB globals, 16 P
gc 3432 @10.334s 8%: 0.14+0.79+0.091 ms clock, 2.3+0.59/0.92/0+1.4 ms cpu, 4->5->2 MB, 5 MB goal, 0 MB stacks, 0 MB globals, 16 P
gc 3433 @10.336s 8%: 0.11+0.62+0.14 ms clock, 1.8+0.70/0.95/0+2.3 ms cpu, 4->5->2 MB, 5 MB goal, 0 MB stacks, 0 MB globals, 16 P
gc 3434 @10.338s 8%: 0.11+0.73+0.11 ms clock, 1.8+0.70/1.1/0+1.8 ms cpu, 4->5->2 MB, 4 MB goal, 0 MB stacks, 0 MB globals, 16 P
gc 3435 @10.340s 8%: 0.15+0.65+0.074 ms clock, 2.5+0.47/1.0/0+1.1 ms cpu, 4->5->2 MB, 5 MB goal, 0 MB stacks, 0 MB globals, 16 P
gc 3436 @10.342s 8%: 0.12+0.77+0.079 ms clock, 1.9+0.59/0.96/0.004+1.2 ms cpu, 4->4->2 MB, 4 MB goal, 0 MB stacks, 0 MB globals, 16 P
gc 3437 @10.344s 8%: 0.13+0.75+0.11 ms clock, 2.1+0.73/0.97/0+1.9 ms cpu, 4->5->2 MB, 4 MB goal, 0 MB stacks, 0 MB globals, 16 P
gc 3438 @10.346s 8%: 0.13+0.59+0.14 ms clock, 2.1+0.68/1.0/0+2.2 ms cpu, 4->5->2 MB, 5 MB goal, 0 MB stacks, 0 MB globals, 16 P
gc 3439 @10.348s 8%: 0.13+0.59+0.19 ms clock, 2.0+0.84/0.75/0+3.1 ms cpu, 4->4->2 MB, 4 MB goal, 0 MB stacks, 0 MB globals, 16 P
gc 3440 @10.349s 8%: 0.10+0.69+0.094 ms clock, 1.6+0.74/1.1/0+1.5 ms cpu, 4->4->2 MB, 4 MB goal, 0 MB stacks, 0 MB globals, 16 P
gc 3441 @10.351s 8%: 0.18+0.59+0.16 ms clock, 2.9+0.60/0.92/0+2.6 ms cpu, 4->4->2 MB, 4 MB goal, 0 MB stacks, 0 MB globals, 16 P
gc 3442 @10.353s 8%: 0.16+0.57+0.16 ms clock, 2.6+0.70/0.98/0+2.7 ms cpu, 4->4->2 MB, 4 MB goal, 0 MB stacks, 0 MB globals, 16 P
gc 3443 @10.355s 8%: 0.15+0.55+0.18 ms clock, 2.5+0.57/0.86/0+3.0 ms cpu, 4->4->2 MB, 4 MB goal, 0 MB stacks, 0 MB globals, 16 P
gc 3444 @10.356s 8%: 0.19+0.58+0.094 ms clock, 3.0+0.67/1.0/0.019+1.5 ms cpu, 3->4->2 MB, 4 MB goal, 0 MB stacks, 0 MB globals, 16 P
gc 3445 @10.358s 8%: 0.13+0.71+0.18 ms clock, 2.1+0.63/1.1/0+2.9 ms cpu, 4->5->2 MB, 4 MB goal, 0 MB stacks, 0 MB globals, 16 P
gc 3446 @10.360s 8%: 0.21+0.68+0.10 ms clock, 3.4+0.69/0.96/0+1.7 ms cpu, 4->5->2 MB, 5 MB goal, 0 MB stacks, 0 MB globals, 16 P
gc 3447 @10.362s 8%: 0.10+0.60+0.11 ms clock, 1.7+0.60/1.1/0+1.8 ms cpu, 4->5->2 MB, 5 MB goal, 0 MB stacks, 0 MB globals, 16 P
gc 3448 @10.364s 8%: 0.11+0.81+0.097 ms clock, 1.7+0.59/1.0/0+1.5 ms cpu, 4->5->2 MB, 4 MB goal, 0 MB stacks, 0 MB globals, 16 P
gc 3449 @10.366s 8%: 0.16+0.89+0.091 ms clock, 2.6+0.68/1.0/0+1.4 ms cpu, 4->5->2 MB, 5 MB goal, 0 MB stacks, 0 MB globals, 16 P
gc 3450 @10.368s 8%: 0.18+0.81+0.10 ms clock, 3.0+0.86/0.97/0+1.7 ms cpu, 4->5->2 MB, 5 MB goal, 0 MB stacks, 0 MB globals, 16 P
gc 3451 @10.370s 8%: 0.11+0.85+0.15 ms clock, 1.8+0.87/0.88/0+2.4 ms cpu, 4->5->2 MB, 5 MB goal, 0 MB stacks, 0 MB globals, 16 P
gc 3452 @10.373s 8%: 0.12+0.61+0.13 ms clock, 2.0+0.77/0.94/0+2.1 ms cpu, 4->5->2 MB, 5 MB goal, 0 MB stacks, 0 MB globals, 16 P
gc 3453 @10.375s 8%: 0.17+0.63+0.18 ms clock, 2.8+0.61/0.99/0.002+2.8 ms cpu, 4->5->2 MB, 5 MB goal, 0 MB stacks, 0 MB globals, 16 P
gc 3454 @10.376s 8%: 0.12+0.69+0.10 ms clock, 1.9+0.69/1.2/0+1.6 ms cpu, 4->5->2 MB, 4 MB goal, 0 MB stacks, 0 MB globals, 16 P
gc 3455 @10.378s 8%: 0.12+0.70+0.18 ms clock, 2.0+0.63/0.89/0+3.0 ms cpu, 4->5->2 MB, 4 MB goal, 0 MB stacks, 0 MB globals, 16 P
gc 3456 @10.380s 8%: 0.12+0.72+0.12 ms clock, 1.9+0.67/0.90/0+1.9 ms cpu, 3->4->2 MB, 4 MB goal, 0 MB stacks, 0 MB globals, 16 P
gc 3457 @10.382s 8%: 0.15+0.65+0.15 ms clock, 2.4+0.78/0.84/0.007+2.4 ms cpu, 4->4->2 MB, 4 MB goal, 0 MB stacks, 0 MB globals, 16 P
gc 3458 @10.384s 8%: 0.16+0.62+0.19 ms clock, 2.6+0.61/0.88/0+3.0 ms cpu, 3->4->2 MB, 4 MB goal, 0 MB stacks, 0 MB globals, 16 P
gc 3459 @10.385s 8%: 0.15+0.77+0.14 ms clock, 2.5+0.76/0.95/0.042+2.3 ms cpu, 4->5->2 MB, 4 MB goal, 0 MB stacks, 0 MB globals, 16 P
gc 3460 @10.387s 8%: 0.13+0.62+0.14 ms clock, 2.0+0.56/0.97/0+2.3 ms cpu, 4->4->2 MB, 4 MB goal, 0 MB stacks, 0 MB globals, 16 P
gc 3461 @10.389s 8%: 0.12+0.70+0.095 ms clock, 1.9+0.63/1.0/0+1.5 ms cpu, 3->4->2 MB, 4 MB goal, 0 MB stacks, 0 MB globals, 16 P
gc 3462 @10.391s 8%: 0.11+0.62+0.085 ms clock, 1.8+0.58/1.0/0.017+1.3 ms cpu, 4->5->2 MB, 4 MB goal, 0 MB stacks, 0 MB globals, 16 P
gc 3463 @10.393s 8%: 0.15+0.50+0.11 ms clock, 2.5+0.67/0.98/0.015+1.8 ms cpu, 4->4->2 MB, 4 MB goal, 0 MB stacks, 0 MB globals, 16 P
gc 3464 @10.394s 8%: 0.11+0.78+0.11 ms clock, 1.8+0.61/1.0/0.029+1.8 ms cpu, 4->4->2 MB, 4 MB goal, 0 MB stacks, 0 MB globals, 16 P
gc 3465 @10.396s 8%: 0.10+0.66+0.085 ms clock, 1.6+0.47/1.0/0+1.3 ms cpu, 4->5->2 MB, 5 MB goal, 0 MB stacks, 0 MB globals, 16 P
gc 3466 @10.398s 8%: 0.11+0.79+0.096 ms clock, 1.9+0.63/0.96/0.015+1.5 ms cpu, 4->5->2 MB, 4 MB goal, 0 MB stacks, 0 MB globals, 16 P
gc 3467 @10.400s 8%: 0.14+0.67+0.10 ms clock, 2.3+0.75/1.0/0+1.7 ms cpu, 4->5->2 MB, 5 MB goal, 0 MB stacks, 0 MB globals, 16 P
gc 3468 @10.402s 8%: 0.11+0.72+0.12 ms clock, 1.8+0.81/0.90/0+1.9 ms cpu, 4->5->2 MB, 5 MB goal, 0 MB stacks, 0 MB globals, 16 P
gc 3469 @10.404s 8%: 0.11+0.46+0.12 ms clock, 1.8+0.73/0.87/0.026+1.9 ms cpu, 4->4->2 MB, 4 MB goal, 0 MB stacks, 0 MB globals, 16 P
gc 3470 @10.405s 8%: 0.11+0.56+0.16 ms clock, 1.8+0.51/0.94/0.001+2.6 ms cpu, 3->4->2 MB, 4 MB goal, 0 MB stacks, 0 MB globals, 16 P
gc 3471 @10.407s 8%: 0.21+0.71+0.079 ms clock, 3.4+0.71/0.95/0+1.2 ms cpu, 4->5->2 MB, 4 MB goal, 0 MB stacks, 0 MB globals, 16 P
gc 3472 @10.409s 8%: 0.11+0.67+0.097 ms clock, 1.8+0.65/0.94/0+1.5 ms cpu, 4->5->2 MB, 5 MB goal, 0 MB stacks, 0 MB globals, 16 P
gc 3473 @10.411s 8%: 0.12+0.85+0.048 ms clock, 1.9+0.58/1.1/0+0.78 ms cpu, 3->4->2 MB, 4 MB goal, 0 MB stacks, 0 MB globals, 16 P
gc 3474 @10.413s 8%: 0.11+0.87+0.10 ms clock, 1.7+0.67/1.0/0.001+1.6 ms cpu, 4->5->2 MB, 5 MB goal, 0 MB stacks, 0 MB globals, 16 P
gc 3475 @10.415s 8%: 0.13+0.61+0.11 ms clock, 2.1+0.71/0.94/0+1.8 ms cpu, 4->4->2 MB, 5 MB goal, 0 MB stacks, 0 MB globals, 16 P
gc 3476 @10.416s 8%: 0.13+0.68+0.11 ms clock, 2.1+0.58/0.96/0+1.8 ms cpu, 4->4->2 MB, 4 MB goal, 0 MB stacks, 0 MB globals, 16 P
gc 3477 @10.418s 8%: 0.095+0.64+0.16 ms clock, 1.5+0.67/0.97/0+2.6 ms cpu, 4->4->2 MB, 4 MB goal, 0 MB stacks, 0 MB globals, 16 P
gc 3478 @10.420s 8%: 0.15+0.56+0.096 ms clock, 2.5+0.82/0.91/0.003+1.5 ms cpu, 4->4->2 MB, 4 MB goal, 0 MB stacks, 0 MB globals, 16 P
gc 3479 @10.422s 8%: 0.14+0.63+0.13 ms clock, 2.2+0.70/0.86/0+2.1 ms cpu, 3->4->2 MB, 4 MB goal, 0 MB stacks, 0 MB globals, 16 P
gc 3480 @10.423s 8%: 0.10+0.80+0.15 ms clock, 1.7+0.78/0.79/0+2.4 ms cpu, 4->4->2 MB, 4 MB goal, 0 MB stacks, 0 MB globals, 16 P
gc 3481 @10.425s 8%: 0.10+0.68+0.094 ms clock, 1.6+0.48/1.0/0+1.5 ms cpu, 4->5->2 MB, 4 MB goal, 0 MB stacks, 0 MB globals, 16 P
gc 3482 @10.427s 8%: 0.14+0.62+0.17 ms clock, 2.3+0.76/0.98/0+2.8 ms cpu, 4->5->2 MB, 4 MB goal, 0 MB stacks, 0 MB globals, 16 P
gc 3483 @10.429s 8%: 0.15+0.59+0.13 ms clock, 2.4+0.65/0.99/0.011+2.1 ms cpu, 4->5->2 MB, 5 MB goal, 0 MB stacks, 0 MB globals, 16 P
gc 3484 @10.431s 8%: 0.11+0.70+0.13 ms clock, 1.8+0.77/0.97/0+2.1 ms cpu, 4->4->2 MB, 4 MB goal, 0 MB stacks, 0 MB globals, 16 P
gc 3485 @10.433s 8%: 0.12+0.59+0.21 ms clock, 2.0+0.68/0.91/0+3.4 ms cpu, 4->4->2 MB, 4 MB goal, 0 MB stacks, 0 MB globals, 16 P
gc 3486 @10.434s 8%: 0.14+0.51+0.16 ms clock, 2.2+0.58/0.90/0.089+2.5 ms cpu, 4->4->1 MB, 4 MB goal, 0 MB stacks, 0 MB globals, 16 P
gc 3487 @10.436s 8%: 0.14+0.55+0.13 ms clock, 2.3+0.56/0.92/0+2.0 ms cpu, 3->4->2 MB, 4 MB goal, 0 MB stacks, 0 MB globals, 16 P
gc 3488 @10.438s 8%: 0.12+0.69+0.11 ms clock, 2.0+0.62/1.1/0+1.8 ms cpu, 4->4->2 MB, 4 MB goal, 0 MB stacks, 0 MB globals, 16 P
gc 3489 @10.439s 8%: 0.15+0.71+0.089 ms clock, 2.4+0.69/0.83/0+1.4 ms cpu, 4->4->2 MB, 4 MB goal, 0 MB stacks, 0 MB globals, 16 P
gc 3490 @10.441s 8%: 0.11+0.72+0.11 ms clock, 1.9+0.63/1.1/0.008+1.8 ms cpu, 4->5->2 MB, 4 MB goal, 0 MB stacks, 0 MB globals, 16 P
gc 3491 @10.443s 8%: 0.12+0.52+0.24 ms clock, 1.9+0.71/0.85/0.004+3.8 ms cpu, 4->4->2 MB, 5 MB goal, 0 MB stacks, 0 MB globals, 16 P
gc 3492 @10.445s 8%: 0.17+0.70+0.15 ms clock, 2.7+0.79/0.92/0+2.5 ms cpu, 3->4->2 MB, 4 MB goal, 0 MB stacks, 0 MB globals, 16 P
gc 3493 @10.447s 8%: 0.10+0.51+0.14 ms clock, 1.6+0.52/0.81/0.046+2.3 ms cpu, 4->4->1 MB, 5 MB goal, 0 MB stacks, 0 MB globals, 16 P
gc 3494 @10.448s 8%: 0.15+0.72+0.058 ms clock, 2.4+0.59/1.0/0+0.93 ms cpu, 3->4->2 MB, 4 MB goal, 0 MB stacks, 0 MB globals, 16 P
gc 3495 @10.450s 8%: 0.12+0.64+0.15 ms clock, 2.0+0.64/1.1/0.073+2.4 ms cpu, 4->5->2 MB, 5 MB goal, 0 MB stacks, 0 MB globals, 16 P
gc 3496 @10.452s 8%: 0.17+0.55+0.12 ms clock, 2.8+0.78/0.89/0+1.9 ms cpu, 4->5->2 MB, 4 MB goal, 0 MB stacks, 0 MB globals, 16 P
gc 3497 @10.454s 8%: 0.15+0.85+0.12 ms clock, 2.5+0.80/0.89/0.020+1.9 ms cpu, 4->5->2 MB, 4 MB goal, 0 MB stacks, 0 MB globals, 16 P
gc 3498 @10.456s 8%: 0.15+0.69+0.092 ms clock, 2.4+0.54/1.1/0+1.4 ms cpu, 4->5->2 MB, 5 MB goal, 0 MB stacks, 0 MB globals, 16 P
gc 3499 @10.458s 8%: 0.16+0.50+0.18 ms clock, 2.6+0.78/0.93/0+3.0 ms cpu, 4->5->2 MB, 5 MB goal, 0 MB stacks, 0 MB globals, 16 P
gc 3500 @10.460s 8%: 0.10+0.74+0.14 ms clock, 1.6+0.38/1.2/0.004+2.3 ms cpu, 3->4->2 MB, 4 MB goal, 0 MB stacks, 0 MB globals, 16 P
gc 3501 @10.462s 8%: 0.14+0.70+0.080 ms clock, 2.2+0.74/0.93/0.008+1.2 ms cpu, 4->5->2 MB, 5 MB goal, 0 MB stacks, 0 MB globals, 16 P
gc 3502 @10.464s 8%: 0.15+0.69+0.12 ms clock, 2.4+0.60/0.87/0+2.0 ms cpu, 4->5->2 MB, 5 MB goal, 0 MB stacks, 0 MB globals, 16 P
gc 3503 @10.465s 8%: 0.16+0.65+0.082 ms clock, 2.5+0.61/1.1/0+1.3 ms cpu, 4->5->2 MB, 4 MB goal, 0 MB stacks, 0 MB globals, 16 P
gc 3504 @10.467s 8%: 0.10+0.64+0.11 ms clock, 1.7+0.53/1.0/0.007+1.7 ms cpu, 4->4->2 MB, 4 MB goal, 0 MB stacks, 0 MB globals, 16 P
gc 3505 @10.469s 8%: 0.14+0.48+0.17 ms clock, 2.3+0.79/0.78/0+2.7 ms cpu, 4->4->2 MB, 4 MB goal, 0 MB stacks, 0 MB globals, 16 P
gc 3506 @10.471s 8%: 0.16+0.52+0.17 ms clock, 2.6+0.46/0.90/0.001+2.8 ms cpu, 3->4->2 MB, 4 MB goal, 0 MB stacks, 0 MB globals, 16 P
gc 3507 @10.472s 8%: 0.17+0.61+0.096 ms clock, 2.8+0.86/0.77/0+1.5 ms cpu, 4->4->2 MB, 4 MB goal, 0 MB stacks, 0 MB globals, 16 P
gc 3508 @10.474s 8%: 0.14+0.87+0.085 ms clock, 2.3+0.79/0.95/0+1.3 ms cpu, 4->5->2 MB, 5 MB goal, 0 MB stacks, 0 MB globals, 16 P
gc 3509 @10.477s 8%: 0.11+0.62+0.12 ms clock, 1.8+0.53/1.0/0.019+1.9 ms cpu, 4->5->2 MB, 5 MB goal, 0 MB stacks, 0 MB globals, 16 P
gc 3510 @10.478s 8%: 0.13+0.49+0.19 ms clock, 2.2+0.77/0.90/0+3.1 ms cpu, 4->4->2 MB, 4 MB goal, 0 MB stacks, 0 MB globals, 16 P
gc 3511 @10.480s 8%: 0.20+0.53+0.17 ms clock, 3.3+0.76/0.89/0+2.8 ms cpu, 3->4->2 MB, 4 MB goal, 0 MB stacks, 0 MB globals, 16 P
gc 3512 @10.482s 8%: 0.20+0.52+0.16 ms clock, 3.2+0.68/0.88/0+2.6 ms cpu, 4->4->2 MB, 4 MB goal, 0 MB stacks, 0 MB globals, 16 P
gc 3513 @10.483s 8%: 0.17+0.59+0.14 ms clock, 2.7+0.55/0.98/0.003+2.3 ms cpu, 3->4->2 MB, 4 MB goal, 0 MB stacks, 0 MB globals, 16 P
gc 3514 @10.485s 8%: 0.15+0.63+0.089 ms clock, 2.4+0.72/0.91/0+1.4 ms cpu, 4->5->2 MB, 5 MB goal, 0 MB stacks, 0 MB globals, 16 P
gc 3515 @10.487s 8%: 0.15+0.61+0.094 ms clock, 2.5+0.69/0.92/0+1.5 ms cpu, 4->4->2 MB, 4 MB goal, 0 MB stacks, 0 MB globals, 16 P
gc 3516 @10.489s 8%: 0.17+0.54+0.16 ms clock, 2.7+0.54/0.95/0.003+2.6 ms cpu, 4->5->2 MB, 5 MB goal, 0 MB stacks, 0 MB globals, 16 P
gc 3517 @10.491s 8%: 0.11+0.79+0.11 ms clock, 1.8+0.73/0.85/0.060+1.7 ms cpu, 4->5->2 MB, 4 MB goal, 0 MB stacks, 0 MB globals, 16 P
gc 3518 @10.493s 8%: 0.14+0.57+0.13 ms clock, 2.3+0.69/0.89/0.010+2.1 ms cpu, 4->5->2 MB, 5 MB goal, 0 MB stacks, 0 MB globals, 16 P
gc 3519 @10.494s 8%: 0.16+0.79+0.093 ms clock, 2.6+0.78/1.0/0+1.4 ms cpu, 3->5->2 MB, 4 MB goal, 0 MB stacks, 0 MB globals, 16 P
gc 3520 @10.497s 8%: 0.16+0.59+0.13 ms clock, 2.6+0.54/0.92/0.012+2.1 ms cpu, 4->5->2 MB, 5 MB goal, 0 MB stacks, 0 MB globals, 16 P
gc 3521 @10.499s 8%: 0.19+0.71+0.17 ms clock, 3.1+0.71/1.1/0+2.7 ms cpu, 4->5->2 MB, 4 MB goal, 0 MB stacks, 0 MB globals, 16 P
gc 3522 @10.501s 8%: 0.10+0.59+0.15 ms clock, 1.7+0.48/1.0/0+2.4 ms cpu, 4->5->2 MB, 5 MB goal, 0 MB stacks, 0 MB globals, 16 P
gc 3523 @10.502s 8%: 0.16+0.52+0.19 ms clock, 2.5+0.57/0.76/0.032+3.1 ms cpu, 4->4->2 MB, 4 MB goal, 0 MB stacks, 0 MB globals, 16 P
gc 3524 @10.504s 8%: 0.11+0.57+0.19 ms clock, 1.9+0.60/0.97/0+3.1 ms cpu, 3->4->2 MB, 4 MB goal, 0 MB stacks, 0 MB globals, 16 P
gc 3525 @10.506s 8%: 0.11+0.58+0.15 ms clock, 1.8+0.62/0.94/0.024+2.4 ms cpu, 4->4->2 MB, 4 MB goal, 0 MB stacks, 0 MB globals, 16 P
gc 3526 @10.508s 8%: 0.12+0.64+0.13 ms clock, 1.9+0.58/0.88/0+2.1 ms cpu, 4->4->2 MB, 4 MB goal, 0 MB stacks, 0 MB globals, 16 P
gc 3527 @10.510s 8%: 0.11+0.64+0.10 ms clock, 1.8+0.65/0.94/0+1.6 ms cpu, 4->4->2 MB, 4 MB goal, 0 MB stacks, 0 MB globals, 16 P
gc 3528 @10.511s 8%: 0.14+0.71+0.11 ms clock, 2.3+0.60/1.0/0+1.7 ms cpu, 3->4->2 MB, 4 MB goal, 0 MB stacks, 0 MB globals, 16 P
gc 3529 @10.513s 8%: 0.16+0.63+0.14 ms clock, 2.7+0.80/0.83/0+2.2 ms cpu, 4->4->2 MB, 4 MB goal, 0 MB stacks, 0 MB globals, 16 P
gc 3530 @10.515s 8%: 0.11+0.50+0.15 ms clock, 1.7+0.66/1.0/0.020+2.5 ms cpu, 4->4->2 MB, 4 MB goal, 0 MB stacks, 0 MB globals, 16 P
gc 3531 @10.516s 8%: 0.12+0.65+0.054 ms clock, 2.0+0.66/0.93/0+0.87 ms cpu, 3->4->2 MB, 4 MB goal, 0 MB stacks, 0 MB globals, 16 P
gc 3532 @10.518s 8%: 0.13+0.56+0.11 ms clock, 2.1+0.81/0.96/0+1.8 ms cpu, 3->4->2 MB, 4 MB goal, 0 MB stacks, 0 MB globals, 16 P
gc 3533 @10.520s 8%: 0.12+0.75+0.16 ms clock, 1.9+0.72/0.85/0+2.6 ms cpu, 3->4->2 MB, 4 MB goal, 0 MB stacks, 0 MB globals, 16 P
gc 3534 @10.522s 8%: 0.24+0.82+0.14 ms clock, 3.9+0.52/1.1/0+2.2 ms cpu, 4->5->2 MB, 4 MB goal, 0 MB stacks, 0 MB globals, 16 P
gc 3535 @10.524s 8%: 0.13+0.79+0.091 ms clock, 2.1+0.73/1.1/0+1.4 ms cpu, 4->5->2 MB, 5 MB goal, 0 MB stacks, 0 MB globals, 16 P
gc 3536 @10.526s 8%: 0.15+0.62+0.099 ms clock, 2.4+0.69/1.0/0+1.5 ms cpu, 4->5->2 MB, 5 MB goal, 0 MB stacks, 0 MB globals, 16 P
gc 3537 @10.528s 8%: 0.14+0.72+0.14 ms clock, 2.3+0.66/1.0/0+2.2 ms cpu, 4->5->2 MB, 4 MB goal, 0 MB stacks, 0 MB globals, 16 P
gc 3538 @10.530s 8%: 0.16+0.58+0.11 ms clock, 2.5+0.82/0.88/0.006+1.8 ms cpu, 4->5->2 MB, 5 MB goal, 0 MB stacks, 0 MB globals, 16 P
gc 3539 @10.532s 8%: 0.12+0.65+0.10 ms clock, 1.9+0.69/0.93/0+1.6 ms cpu, 4->5->2 MB, 5 MB goal, 0 MB stacks, 0 MB globals, 16 P
gc 3540 @10.534s 8%: 0.13+0.84+0.13 ms clock, 2.1+0.74/0.92/0+2.1 ms cpu, 4->5->2 MB, 4 MB goal, 0 MB stacks, 0 MB globals, 16 P
gc 3541 @10.536s 8%: 0.10+0.71+0.18 ms clock, 1.6+0.59/1.0/0.018+2.9 ms cpu, 4->5->2 MB, 5 MB goal, 0 MB stacks, 0 MB globals, 16 P
gc 3542 @10.538s 8%: 0.13+0.68+0.16 ms clock, 2.2+0.82/0.93/0+2.6 ms cpu, 4->5->2 MB, 4 MB goal, 0 MB stacks, 0 MB globals, 16 P
gc 3543 @10.540s 8%: 0.19+0.63+0.20 ms clock, 3.0+0.64/0.83/0+3.2 ms cpu, 4->5->2 MB, 5 MB goal, 0 MB stacks, 0 MB globals, 16 P
gc 3544 @10.542s 8%: 0.091+0.54+0.15 ms clock, 1.4+0.86/0.97/0+2.4 ms cpu, 4->4->2 MB, 4 MB goal, 0 MB stacks, 0 MB globals, 16 P
gc 3545 @10.543s 8%: 0.20+0.93+0.10 ms clock, 3.3+0.66/0.83/0+1.6 ms cpu, 3->5->2 MB, 4 MB goal, 0 MB stacks, 0 MB globals, 16 P
gc 3546 @10.545s 8%: 0.10+0.74+0.10 ms clock, 1.7+0.80/1.0/0+1.7 ms cpu, 4->5->2 MB, 5 MB goal, 0 MB stacks, 0 MB globals, 16 P
gc 3547 @10.547s 8%: 0.13+0.51+0.17 ms clock, 2.1+0.58/0.91/0+2.8 ms cpu, 4->4->2 MB, 4 MB goal, 0 MB stacks, 0 MB globals, 16 P
gc 3548 @10.549s 8%: 0.17+0.60+0.25 ms clock, 2.8+0.75/0.85/0+4.0 ms cpu, 3->4->2 MB, 4 MB goal, 0 MB stacks, 0 MB globals, 16 P
gc 3549 @10.551s 8%: 0.23+0.68+0.12 ms clock, 3.7+0.60/0.99/0.017+2.0 ms cpu, 4->5->2 MB, 5 MB goal, 0 MB stacks, 0 MB globals, 16 P
gc 3550 @10.553s 8%: 0.13+0.54+0.21 ms clock, 2.1+0.62/1.0/0+3.4 ms cpu, 4->5->2 MB, 5 MB goal, 0 MB stacks, 0 MB globals, 16 P
gc 3551 @10.555s 8%: 0.12+0.68+0.087 ms clock, 1.9+0.61/1.0/0+1.4 ms cpu, 4->4->2 MB, 4 MB goal, 0 MB stacks, 0 MB globals, 16 P
gc 3552 @10.557s 8%: 0.093+0.59+0.10 ms clock, 1.5+0.64/0.96/0.039+1.6 ms cpu, 4->4->2 MB, 4 MB goal, 0 MB stacks, 0 MB globals, 16 P
gc 3553 @10.558s 8%: 0.13+0.54+0.097 ms clock, 2.2+0.64/0.96/0.059+1.5 ms cpu, 3->4->2 MB, 4 MB goal, 0 MB stacks, 0 MB globals, 16 P
gc 3554 @10.560s 8%: 0.14+0.61+0.12 ms clock, 2.3+0.53/0.85/0.002+1.9 ms cpu, 3->4->2 MB, 4 MB goal, 0 MB stacks, 0 MB globals, 16 P
gc 3555 @10.562s 8%: 0.12+0.60+0.10 ms clock, 1.9+0.74/0.96/0.006+1.6 ms cpu, 3->4->2 MB, 4 MB goal, 0 MB stacks, 0 MB globals, 16 P
gc 3556 @10.563s 8%: 0.11+0.44+0.13 ms clock, 1.9+0.67/0.79/0.049+2.2 ms cpu, 4->4->2 MB, 4 MB goal, 0 MB stacks, 0 MB globals, 16 P
gc 3557 @10.565s 8%: 0.19+0.68+0.13 ms clock, 3.1+0.72/0.84/0.019+2.0 ms cpu, 3->4->2 MB, 4 MB goal, 0 MB stacks, 0 MB globals, 16 P
gc 3558 @10.567s 8%: 0.15+0.71+0.13 ms clock, 2.5+0.82/0.86/0+2.0 ms cpu, 4->5->2 MB, 5 MB goal, 0 MB stacks, 0 MB globals, 16 P
gc 3559 @10.569s 8%: 0.12+0.54+0.19 ms clock, 1.9+0.63/0.82/0.10+3.1 ms cpu, 4->4->2 MB, 4 MB goal, 0 MB stacks, 0 MB globals, 16 P
gc 3560 @10.570s 8%: 0.12+0.63+0.13 ms clock, 1.9+0.64/0.89/0+2.1 ms cpu, 3->4->2 MB, 4 MB goal, 0 MB stacks, 0 MB globals, 16 P
gc 3561 @10.572s 8%: 0.14+0.55+0.21 ms clock, 2.3+0.70/0.96/0.002+3.3 ms cpu, 4->4->2 MB, 4 MB goal, 0 MB stacks, 0 MB globals, 16 P
gc 3562 @10.574s 8%: 0.10+0.61+0.10 ms clock, 1.7+0.66/0.89/0+1.7 ms cpu, 3->4->2 MB, 4 MB goal, 0 MB stacks, 0 MB globals, 16 P
gc 3563 @10.575s 8%: 0.15+0.89+0.13 ms clock, 2.4+0.71/0.94/0.006+2.2 ms cpu, 3->5->2 MB, 4 MB goal, 0 MB stacks, 0 MB globals, 16 P
gc 3564 @10.578s 8%: 0.11+0.65+0.11 ms clock, 1.7+0.52/1.1/0.002+1.7 ms cpu, 4->5->2 MB, 5 MB goal, 0 MB stacks, 0 MB globals, 16 P
gc 3565 @10.580s 8%: 0.15+0.81+0.13 ms clock, 2.5+0.69/0.97/0.005+2.0 ms cpu, 4->5->2 MB, 4 MB goal, 0 MB stacks, 0 MB globals, 16 P
gc 3566 @10.582s 8%: 0.14+0.59+0.092 ms clock, 2.3+0.73/0.98/0+1.4 ms cpu, 4->5->2 MB, 5 MB goal, 0 MB stacks, 0 MB globals, 16 P
gc 3567 @10.584s 8%: 0.23+0.45+0.19 ms clock, 3.8+0.63/0.87/0+3.1 ms cpu, 4->4->2 MB, 4 MB goal, 0 MB stacks, 0 MB globals, 16 P
gc 3568 @10.585s 8%: 0.17+0.63+0.16 ms clock, 2.7+0.63/0.86/0+2.5 ms cpu, 3->4->2 MB, 4 MB goal, 0 MB stacks, 0 MB globals, 16 P
gc 3569 @10.587s 8%: 0.15+0.64+0.17 ms clock, 2.4+0.73/0.98/0+2.7 ms cpu, 4->4->2 MB, 4 MB goal, 0 MB stacks, 0 MB globals, 16 P
gc 3570 @10.589s 8%: 0.13+0.59+0.15 ms clock, 2.2+0.68/0.90/0+2.4 ms cpu, 4->5->2 MB, 5 MB goal, 0 MB stacks, 0 MB globals, 16 P
gc 3571 @10.591s 8%: 0.11+0.56+0.10 ms clock, 1.8+0.72/0.94/0+1.6 ms cpu, 4->4->2 MB, 4 MB goal, 0 MB stacks, 0 MB globals, 16 P
gc 3572 @10.592s 8%: 0.12+0.54+0.18 ms clock, 1.9+0.65/0.95/0+2.8 ms cpu, 3->4->2 MB, 4 MB goal, 0 MB stacks, 0 MB globals, 16 P
gc 3573 @10.594s 8%: 0.16+0.77+0.10 ms clock, 2.6+0.65/0.78/0.13+1.6 ms cpu, 3->4->2 MB, 4 MB goal, 0 MB stacks, 0 MB globals, 16 P
gc 3574 @10.596s 8%: 0.11+0.53+0.21 ms clock, 1.8+0.56/0.90/0+3.3 ms cpu, 4->5->2 MB, 5 MB goal, 0 MB stacks, 0 MB globals, 16 P
gc 3575 @10.598s 8%: 0.12+0.55+0.14 ms clock, 2.0+0.81/0.72/0.017+2.2 ms cpu, 3->4->2 MB, 4 MB goal, 0 MB stacks, 0 MB globals, 16 P
gc 3576 @10.599s 8%: 0.11+0.66+0.068 ms clock, 1.8+0.62/0.96/0+1.0 ms cpu, 3->4->2 MB, 4 MB goal, 0 MB stacks, 0 MB globals, 16 P
gc 3577 @10.601s 8%: 0.13+0.67+0.078 ms clock, 2.1+0.51/0.96/0+1.2 ms cpu, 3->4->2 MB, 4 MB goal, 0 MB stacks, 0 MB globals, 16 P
gc 3578 @10.603s 8%: 0.19+0.62+0.11 ms clock, 3.0+0.71/1.0/0+1.8 ms cpu, 3->4->2 MB, 4 MB goal, 0 MB stacks, 0 MB globals, 16 P
gc 3579 @10.605s 8%: 0.11+0.49+0.10 ms clock, 1.8+0.64/0.87/0+1.7 ms cpu, 4->5->2 MB, 5 MB goal, 0 MB stacks, 0 MB globals, 16 P
gc 3580 @10.606s 8%: 0.16+0.54+0.096 ms clock, 2.6+0.64/0.84/0+1.5 ms cpu, 3->4->2 MB, 4 MB goal, 0 MB stacks, 0 MB globals, 16 P
gc 3581 @10.608s 8%: 0.093+0.83+0.096 ms clock, 1.4+0.72/0.86/0+1.5 ms cpu, 3->4->2 MB, 4 MB goal, 0 MB stacks, 0 MB globals, 16 P
gc 3582 @10.610s 8%: 0.20+0.63+0.036 ms clock, 3.2+0.75/1.1/0+0.59 ms cpu, 4->5->2 MB, 4 MB goal, 0 MB stacks, 0 MB globals, 16 P
gc 3583 @10.612s 8%: 0.20+0.52+0.18 ms clock, 3.2+0.55/1.0/0+3.0 ms cpu, 4->4->2 MB, 4 MB goal, 0 MB stacks, 0 MB globals, 16 P
gc 3584 @10.613s 8%: 0.16+0.48+0.11 ms clock, 2.6+0.80/0.94/0+1.8 ms cpu, 4->4->2 MB, 4 MB goal, 0 MB stacks, 0 MB globals, 16 P
gc 3585 @10.615s 8%: 0.10+0.62+0.17 ms clock, 1.6+0.63/1.0/0+2.8 ms cpu, 3->4->2 MB, 4 MB goal, 0 MB stacks, 0 MB globals, 16 P
gc 3586 @10.617s 8%: 0.14+0.57+0.10 ms clock, 2.2+0.76/0.83/0+1.7 ms cpu, 3->4->2 MB, 4 MB goal, 0 MB stacks, 0 MB globals, 16 P
gc 3587 @10.618s 8%: 0.13+0.66+0.14 ms clock, 2.1+0.74/0.90/0+2.3 ms cpu, 4->4->2 MB, 4 MB goal, 0 MB stacks, 0 MB globals, 16 P
gc 3588 @10.620s 8%: 0.13+0.63+0.10 ms clock, 2.1+0.57/0.90/0.047+1.6 ms cpu, 4->5->2 MB, 5 MB goal, 0 MB stacks, 0 MB globals, 16 P
gc 3589 @10.622s 8%: 0.11+0.57+0.15 ms clock, 1.8+0.79/0.92/0+2.4 ms cpu, 4->4->2 MB, 4 MB goal, 0 MB stacks, 0 MB globals, 16 P
gc 3590 @10.624s 8%: 0.15+0.49+0.13 ms clock, 2.4+0.77/0.91/0.033+2.1 ms cpu, 3->4->2 MB, 4 MB goal, 0 MB stacks, 0 MB globals, 16 P
gc 3591 @10.625s 8%: 0.10+0.65+0.099 ms clock, 1.6+0.67/0.92/0+1.5 ms cpu, 3->4->2 MB, 4 MB goal, 0 MB stacks, 0 MB globals, 16 P
gc 3592 @10.627s 8%: 0.15+0.71+0.062 ms clock, 2.4+0.58/0.96/0+0.99 ms cpu, 4->4->2 MB, 4 MB goal, 0 MB stacks, 0 MB globals, 16 P
gc 3593 @10.629s 8%: 0.14+0.47+0.13 ms clock, 2.3+0.74/0.84/0+2.1 ms cpu, 4->4->2 MB, 4 MB goal, 0 MB stacks, 0 MB globals, 16 P
gc 3594 @10.630s 8%: 0.13+0.62+0.093 ms clock, 2.1+0.50/0.91/0+1.4 ms cpu, 3->4->2 MB, 4 MB goal, 0 MB stacks, 0 MB globals, 16 P
gc 3595 @10.632s 8%: 0.13+0.56+0.18 ms clock, 2.0+0.57/0.96/0+2.9 ms cpu, 3->4->2 MB, 4 MB goal, 0 MB stacks, 0 MB globals, 16 P
gc 3596 @10.634s 8%: 0.14+0.86+0.14 ms clock, 2.3+0.78/0.89/0+2.2 ms cpu, 3->4->2 MB, 4 MB goal, 0 MB stacks, 0 MB globals, 16 P
gc 3597 @10.636s 8%: 0.10+0.58+0.11 ms clock, 1.6+0.75/0.83/0+1.7 ms cpu, 4->5->2 MB, 5 MB goal, 0 MB stacks, 0 MB globals, 16 P
gc 3598 @10.638s 8%: 0.13+0.59+0.12 ms clock, 2.1+0.60/1.0/0+1.9 ms cpu, 4->4->2 MB, 4 MB goal, 0 MB stacks, 0 MB globals, 16 P
gc 3599 @10.639s 8%: 0.11+0.78+0.098 ms clock, 1.8+0.81/0.80/0+1.5 ms cpu, 4->5->2 MB, 4 MB goal, 0 MB stacks, 0 MB globals, 16 P
gc 3600 @10.641s 8%: 0.13+0.66+0.089 ms clock, 2.2+0.75/0.95/0+1.4 ms cpu, 4->5->2 MB, 5 MB goal, 0 MB stacks, 0 MB globals, 16 P
gc 3601 @10.643s 8%: 0.11+0.63+0.14 ms clock, 1.8+0.63/0.93/0+2.2 ms cpu, 4->5->2 MB, 5 MB goal, 0 MB stacks, 0 MB globals, 16 P
gc 3602 @10.645s 8%: 0.18+0.59+0.13 ms clock, 2.8+0.74/0.89/0+2.1 ms cpu, 3->4->2 MB, 4 MB goal, 0 MB stacks, 0 MB globals, 16 P
gc 3603 @10.647s 8%: 0.14+0.58+0.16 ms clock, 2.3+0.98/0.98/0+2.5 ms cpu, 4->4->2 MB, 4 MB goal, 0 MB stacks, 0 MB globals, 16 P
gc 3604 @10.649s 8%: 0.12+0.50+0.077 ms clock, 1.9+0.58/0.93/0+1.2 ms cpu, 3->4->2 MB, 4 MB goal, 0 MB stacks, 0 MB globals, 16 P
gc 3605 @10.650s 8%: 0.14+0.65+0.099 ms clock, 2.3+0.72/0.86/0+1.5 ms cpu, 3->4->2 MB, 4 MB goal, 0 MB stacks, 0 MB globals, 16 P
gc 3606 @10.652s 8%: 0.11+0.62+0.12 ms clock, 1.7+0.65/1.0/0+2.0 ms cpu, 4->5->2 MB, 4 MB goal, 0 MB stacks, 0 MB globals, 16 P
gc 3607 @10.654s 8%: 0.12+0.61+0.12 ms clock, 2.0+0.79/0.76/0+1.9 ms cpu, 4->4->2 MB, 4 MB goal, 0 MB stacks, 0 MB globals, 16 P
gc 3608 @10.655s 8%: 0.13+0.64+0.23 ms clock, 2.1+0.73/0.82/0+3.7 ms cpu, 3->4->2 MB, 4 MB goal, 0 MB stacks, 0 MB globals, 16 P
gc 3609 @10.657s 8%: 0.11+0.69+0.13 ms clock, 1.8+0.77/1.0/0+2.1 ms cpu, 4->5->2 MB, 4 MB goal, 0 MB stacks, 0 MB globals, 16 P
gc 3610 @10.659s 8%: 0.15+0.80+0.15 ms clock, 2.4+0.74/0.84/0+2.4 ms cpu, 4->5->2 MB, 4 MB goal, 0 MB stacks, 0 MB globals, 16 P
gc 3611 @10.661s 8%: 0.14+0.76+0.16 ms clock, 2.2+0.81/0.90/0+2.6 ms cpu, 4->5->2 MB, 5 MB goal, 0 MB stacks, 0 MB globals, 16 P
gc 3612 @10.663s 8%: 0.12+0.88+0.091 ms clock, 1.9+0.55/1.0/0+1.4 ms cpu, 4->5->2 MB, 5 MB goal, 0 MB stacks, 0 MB globals, 16 P
gc 3613 @10.665s 8%: 0.16+0.58+0.17 ms clock, 2.6+0.80/1.0/0.002+2.7 ms cpu, 4->5->2 MB, 5 MB goal, 0 MB stacks, 0 MB globals, 16 P
gc 3614 @10.667s 8%: 0.23+0.62+0.20 ms clock, 3.7+0.80/0.83/0+3.3 ms cpu, 4->4->2 MB, 4 MB goal, 0 MB stacks, 0 MB globals, 16 P
gc 3615 @10.669s 8%: 0.13+0.82+0.093 ms clock, 2.1+0.63/0.87/0+1.4 ms cpu, 4->5->2 MB, 4 MB goal, 0 MB stacks, 0 MB globals, 16 P
gc 3616 @10.671s 8%: 0.20+0.82+0.078 ms clock, 3.2+0.74/1.0/0+1.2 ms cpu, 4->5->2 MB, 5 MB goal, 0 MB stacks, 0 MB globals, 16 P
gc 3617 @10.673s 8%: 0.12+0.71+0.16 ms clock, 1.9+0.73/0.90/0+2.5 ms cpu, 4->5->2 MB, 5 MB goal, 0 MB stacks, 0 MB globals, 16 P
gc 3618 @10.675s 8%: 0.14+0.60+0.14 ms clock, 2.2+0.59/0.99/0+2.3 ms cpu, 4->5->2 MB, 5 MB goal, 0 MB stacks, 0 MB globals, 16 P
gc 3619 @10.677s 8%: 0.14+0.70+0.16 ms clock, 2.2+0.77/1.1/0.020+2.6 ms cpu, 4->5->2 MB, 4 MB goal, 0 MB stacks, 0 MB globals, 16 P
gc 3620 @10.679s 8%: 0.24+0.70+0.17 ms clock, 3.8+0.94/0.87/0.003+2.8 ms cpu, 4->5->2 MB, 5 MB goal, 0 MB stacks, 0 MB globals, 16 P
gc 3621 @10.681s 8%: 0.17+0.65+0.15 ms clock, 2.7+0.62/0.98/0+2.4 ms cpu, 4->5->2 MB, 5 MB goal, 0 MB stacks, 0 MB globals, 16 P
gc 3622 @10.683s 8%: 0.15+0.53+0.14 ms clock, 2.5+0.73/0.85/0+2.3 ms cpu, 4->4->2 MB, 4 MB goal, 0 MB stacks, 0 MB globals, 16 P
gc 3623 @10.685s 8%: 0.10+0.67+0.047 ms clock, 1.7+0.47/0.97/0.071+0.76 ms cpu, 4->4->2 MB, 4 MB goal, 0 MB stacks, 0 MB globals, 16 P
gc 3624 @10.687s 8%: 0.14+0.56+0.13 ms clock, 2.3+0.75/0.78/0+2.1 ms cpu, 3->4->2 MB, 4 MB goal, 0 MB stacks, 0 MB globals, 16 P
gc 3625 @10.688s 8%: 0.19+0.67+0.099 ms clock, 3.1+0.74/1.0/0+1.5 ms cpu, 3->4->2 MB, 4 MB goal, 0 MB stacks, 0 MB globals, 16 P
gc 3626 @10.690s 8%: 0.16+0.69+0.17 ms clock, 2.5+0.65/0.91/0+2.8 ms cpu, 4->5->2 MB, 5 MB goal, 0 MB stacks, 0 MB globals, 16 P
gc 3627 @10.692s 8%: 0.098+0.46+0.14 ms clock, 1.5+0.65/0.84/0+2.3 ms cpu, 4->4->1 MB, 4 MB goal, 0 MB stacks, 0 MB globals, 16 P
gc 3628 @10.694s 8%: 0.12+0.62+0.096 ms clock, 2.0+0.71/0.88/0+1.5 ms cpu, 3->4->2 MB, 4 MB goal, 0 MB stacks, 0 MB globals, 16 P
gc 3629 @10.695s 8%: 0.14+0.51+0.093 ms clock, 2.3+0.59/0.90/0.002+1.4 ms cpu, 4->4->2 MB, 4 MB goal, 0 MB stacks, 0 MB globals, 16 P
gc 3630 @10.697s 8%: 0.14+0.81+0.087 ms clock, 2.3+0.74/0.88/0+1.4 ms cpu, 3->4->2 MB, 4 MB goal, 0 MB stacks, 0 MB globals, 16 P
gc 3631 @10.699s 8%: 0.12+0.99+0.10 ms clock, 1.9+0.74/0.99/0+1.6 ms cpu, 4->5->2 MB, 5 MB goal, 0 MB stacks, 0 MB globals, 16 P
gc 3632 @10.701s 8%: 0.10+0.77+0.14 ms clock, 1.6+0.69/0.89/0.002+2.3 ms cpu, 4->5->2 MB, 5 MB goal, 0 MB stacks, 0 MB globals, 16 P
gc 3633 @10.703s 8%: 0.083+0.55+0.10 ms clock, 1.3+0.63/0.97/0+1.6 ms cpu, 4->5->2 MB, 5 MB goal, 0 MB stacks, 0 MB globals, 16 P
gc 3634 @10.705s 8%: 0.16+0.57+0.10 ms clock, 2.5+0.77/0.92/0+1.7 ms cpu, 3->4->2 MB, 4 MB goal, 0 MB stacks, 0 MB globals, 16 P
gc 3635 @10.706s 8%: 0.11+0.51+0.12 ms clock, 1.8+0.69/0.90/0+2.0 ms cpu, 3->4->2 MB, 4 MB goal, 0 MB stacks, 0 MB globals, 16 P
gc 3636 @10.708s 8%: 0.10+0.58+0.082 ms clock, 1.7+0.56/1.0/0+1.3 ms cpu, 3->4->2 MB, 4 MB goal, 0 MB stacks, 0 MB globals, 16 P
gc 3637 @10.710s 8%: 0.10+0.68+0.10 ms clock, 1.6+0.59/1.0/0.008+1.7 ms cpu, 4->4->2 MB, 4 MB goal, 0 MB stacks, 0 MB globals, 16 P
gc 3638 @10.712s 8%: 0.14+0.60+0.14 ms clock, 2.3+0.72/0.86/0+2.3 ms cpu, 4->4->2 MB, 4 MB goal, 0 MB stacks, 0 MB globals, 16 P
gc 3639 @10.713s 8%: 0.13+0.47+0.22 ms clock, 2.0+0.61/0.85/0.003+3.5 ms cpu, 3->4->1 MB, 4 MB goal, 0 MB stacks, 0 MB globals, 16 P
gc 3640 @10.715s 8%: 0.17+0.73+0.19 ms clock, 2.7+0.66/1.0/0.075+3.1 ms cpu, 3->4->2 MB, 4 MB goal, 0 MB stacks, 0 MB globals, 16 P
gc 3641 @10.717s 8%: 0.13+0.60+0.22 ms clock, 2.1+0.48/0.89/0.018+3.6 ms cpu, 4->5->2 MB, 5 MB goal, 0 MB stacks, 0 MB globals, 16 P
gc 3642 @10.718s 8%: 0.23+0.57+0.15 ms clock, 3.7+0.77/0.89/0.010+2.5 ms cpu, 3->4->2 MB, 4 MB goal, 0 MB stacks, 0 MB globals, 16 P
gc 3643 @10.720s 8%: 0.20+0.53+0.15 ms clock, 3.2+0.71/0.90/0+2.5 ms cpu, 4->5->2 MB, 4 MB goal, 0 MB stacks, 0 MB globals, 16 P
gc 3644 @10.722s 8%: 0.10+0.50+0.19 ms clock, 1.7+0.68/0.92/0.059+3.1 ms cpu, 4->4->2 MB, 4 MB goal, 0 MB stacks, 0 MB globals, 16 P
gc 3645 @10.724s 8%: 0.14+0.65+0.037 ms clock, 2.3+0.71/0.80/0.017+0.59 ms cpu, 3->4->2 MB, 4 MB goal, 0 MB stacks, 0 MB globals, 16 P
gc 3646 @10.725s 8%: 0.14+0.77+0.050 ms clock, 2.3+0.40/1.1/0.009+0.81 ms cpu, 3->4->2 MB, 4 MB goal, 0 MB stacks, 0 MB globals, 16 P
gc 3647 @10.727s 8%: 0.11+0.94+0.079 ms clock, 1.8+0.57/1.0/0.022+1.2 ms cpu, 4->5->2 MB, 4 MB goal, 0 MB stacks, 0 MB globals, 16 P
gc 3648 @10.729s 8%: 0.20+0.70+0.14 ms clock, 3.3+0.74/1.0/0+2.2 ms cpu, 4->5->2 MB, 5 MB goal, 0 MB stacks, 0 MB globals, 16 P
gc 3649 @10.731s 8%: 0.12+0.65+0.15 ms clock, 1.9+0.67/0.89/0+2.5 ms cpu, 4->5->2 MB, 5 MB goal, 0 MB stacks, 0 MB globals, 16 P
gc 3650 @10.733s 8%: 0.16+0.79+0.10 ms clock, 2.6+0.57/1.0/0+1.6 ms cpu, 4->4->2 MB, 4 MB goal, 0 MB stacks, 0 MB globals, 16 P
gc 3651 @10.735s 8%: 0.19+0.61+0.10 ms clock, 3.1+0.47/0.78/0.18+1.6 ms cpu, 4->5->2 MB, 5 MB goal, 0 MB stacks, 0 MB globals, 16 P
gc 3652 @10.737s 8%: 0.18+0.66+0.19 ms clock, 3.0+0.63/0.91/0+3.1 ms cpu, 4->5->2 MB, 4 MB goal, 0 MB stacks, 0 MB globals, 16 P
gc 3653 @10.739s 8%: 0.096+0.79+0.16 ms clock, 1.5+0.64/1.0/0+2.5 ms cpu, 4->5->2 MB, 5 MB goal, 0 MB stacks, 0 MB globals, 16 P
gc 3654 @10.741s 8%: 0.16+0.49+0.13 ms clock, 2.6+0.67/0.91/0+2.1 ms cpu, 4->5->2 MB, 5 MB goal, 0 MB stacks, 0 MB globals, 16 P
gc 3655 @10.742s 8%: 0.15+0.73+0.11 ms clock, 2.5+0.62/1.1/0+1.7 ms cpu, 3->4->2 MB, 4 MB goal, 0 MB stacks, 0 MB globals, 16 P
gc 3656 @10.744s 8%: 0.23+0.69+0.095 ms clock, 3.8+0.71/0.86/0+1.5 ms cpu, 4->5->2 MB, 5 MB goal, 0 MB stacks, 0 MB globals, 16 P
gc 3657 @10.746s 8%: 0.14+0.68+0.20 ms clock, 2.3+0.44/0.90/0+3.3 ms cpu, 4->5->2 MB, 5 MB goal, 0 MB stacks, 0 MB globals, 16 P
gc 3658 @10.748s 8%: 0.14+0.63+0.18 ms clock, 2.3+0.58/0.96/0.025+2.9 ms cpu, 4->5->2 MB, 5 MB goal, 0 MB stacks, 0 MB globals, 16 P
gc 3659 @10.750s 8%: 0.13+0.52+0.19 ms clock, 2.1+0.57/0.94/0+3.1 ms cpu, 4->4->2 MB, 4 MB goal, 0 MB stacks, 0 MB globals, 16 P
gc 3660 @10.752s 8%: 0.12+0.62+0.14 ms clock, 2.0+0.73/1.1/0+2.2 ms cpu, 3->4->2 MB, 4 MB goal, 0 MB stacks, 0 MB globals, 16 P
gc 3661 @10.754s 8%: 0.13+0.68+0.12 ms clock, 2.1+0.66/0.84/0+1.9 ms cpu, 4->4->2 MB, 4 MB goal, 0 MB stacks, 0 MB globals, 16 P
gc 3662 @10.756s 8%: 0.13+0.70+0.096 ms clock, 2.1+0.74/0.73/0+1.5 ms cpu, 4->5->2 MB, 5 MB goal, 0 MB stacks, 0 MB globals, 16 P
gc 3663 @10.757s 8%: 0.15+0.62+0.12 ms clock, 2.4+0.63/0.90/0+2.0 ms cpu, 4->4->2 MB, 4 MB goal, 0 MB stacks, 0 MB globals, 16 P
gc 3664 @10.759s 8%: 0.19+0.94+0.099 ms clock, 3.1+0.99/0.92/0+1.5 ms cpu, 3->4->2 MB, 4 MB goal, 0 MB stacks, 0 MB globals, 16 P
gc 3665 @10.761s 8%: 0.15+0.64+0.14 ms clock, 2.5+0.68/1.0/0+2.3 ms cpu, 4->5->2 MB, 5 MB goal, 0 MB stacks, 0 MB globals, 16 P
gc 3666 @10.763s 8%: 0.16+0.58+0.10 ms clock, 2.6+0.69/0.87/0+1.6 ms cpu, 4->4->2 MB, 4 MB goal, 0 MB stacks, 0 MB globals, 16 P
gc 3667 @10.765s 8%: 0.17+0.55+0.15 ms clock, 2.8+0.76/0.89/0+2.4 ms cpu, 4->4->2 MB, 4 MB goal, 0 MB stacks, 0 MB globals, 16 P
gc 3668 @10.767s 8%: 0.12+0.47+0.15 ms clock, 2.0+0.69/0.93/0+2.5 ms cpu, 4->4->2 MB, 4 MB goal, 0 MB stacks, 0 MB globals, 16 P
gc 3669 @10.768s 8%: 0.17+0.70+0.15 ms clock, 2.8+0.77/0.78/0+2.5 ms cpu, 3->4->2 MB, 4 MB goal, 0 MB stacks, 0 MB globals, 16 P
gc 3670 @10.770s 8%: 0.13+0.75+0.097 ms clock, 2.1+0.59/1.0/0+1.5 ms cpu, 4->5->2 MB, 5 MB goal, 0 MB stacks, 0 MB globals, 16 P
gc 3671 @10.772s 8%: 0.13+0.88+0.084 ms clock, 2.2+0.52/0.83/0.062+1.3 ms cpu, 4->5->2 MB, 5 MB goal, 0 MB stacks, 0 MB globals, 16 P
gc 3672 @10.774s 8%: 0.14+0.65+0.17 ms clock, 2.2+0.62/1.0/0+2.8 ms cpu, 4->5->2 MB, 4 MB goal, 0 MB stacks, 0 MB globals, 16 P
gc 3673 @10.776s 8%: 0.13+0.66+0.13 ms clock, 2.1+0.71/0.96/0.040+2.1 ms cpu, 4->5->2 MB, 5 MB goal, 0 MB stacks, 0 MB globals, 16 P
gc 3674 @10.778s 8%: 0.11+0.69+0.081 ms clock, 1.9+0.76/0.87/0+1.2 ms cpu, 4->5->2 MB, 5 MB goal, 0 MB stacks, 0 MB globals, 16 P
gc 3675 @10.780s 8%: 0.14+0.49+0.15 ms clock, 2.3+0.64/0.84/0+2.4 ms cpu, 4->4->2 MB, 4 MB goal, 0 MB stacks, 0 MB globals, 16 P
gc 3676 @10.781s 8%: 0.10+0.67+0.055 ms clock, 1.7+0.48/0.86/0+0.88 ms cpu, 3->4->2 MB, 4 MB goal, 0 MB stacks, 0 MB globals, 16 P
gc 3677 @10.783s 8%: 0.20+0.46+0.17 ms clock, 3.3+0.62/0.82/0.022+2.7 ms cpu, 3->4->1 MB, 4 MB goal, 0 MB stacks, 0 MB globals, 16 P
gc 3678 @10.784s 8%: 0.20+0.56+0.22 ms clock, 3.2+0.69/0.92/0+3.5 ms cpu, 3->4->2 MB, 4 MB goal, 0 MB stacks, 0 MB globals, 16 P
gc 3679 @10.786s 8%: 0.10+0.61+0.11 ms clock, 1.6+0.59/0.88/0+1.8 ms cpu, 4->5->2 MB, 5 MB goal, 0 MB stacks, 0 MB globals, 16 P
gc 3680 @10.788s 8%: 0.17+0.65+0.19 ms clock, 2.7+0.78/1.0/0.005+3.0 ms cpu, 4->4->2 MB, 4 MB goal, 0 MB stacks, 0 MB globals, 16 P
gc 3681 @10.790s 8%: 0.13+0.50+0.15 ms clock, 2.1+0.44/0.90/0+2.4 ms cpu, 4->4->2 MB, 4 MB goal, 0 MB stacks, 0 MB globals, 16 P
gc 3682 @10.791s 8%: 0.13+0.69+0.16 ms clock, 2.2+0.71/0.77/0.034+2.6 ms cpu, 3->4->2 MB, 4 MB goal, 0 MB stacks, 0 MB globals, 16 P
gc 3683 @10.793s 8%: 0.23+0.59+0.18 ms clock, 3.7+0.79/0.95/0+2.9 ms cpu, 4->5->2 MB, 5 MB goal, 0 MB stacks, 0 MB globals, 16 P
gc 3684 @10.795s 8%: 0.10+0.60+0.092 ms clock, 1.7+0.66/0.96/0+1.4 ms cpu, 4->5->2 MB, 5 MB goal, 0 MB stacks, 0 MB globals, 16 P
gc 3685 @10.797s 8%: 0.11+0.52+0.11 ms clock, 1.7+0.83/0.80/0.012+1.7 ms cpu, 3->4->2 MB, 4 MB goal, 0 MB stacks, 0 MB globals, 16 P
gc 3686 @10.798s 8%: 0.15+0.52+0.14 ms clock, 2.5+0.49/0.92/0+2.3 ms cpu, 3->4->2 MB, 4 MB goal, 0 MB stacks, 0 MB globals, 16 P
gc 3687 @10.800s 8%: 0.10+0.74+0.10 ms clock, 1.6+0.59/0.88/0+1.7 ms cpu, 4->5->2 MB, 4 MB goal, 0 MB stacks, 0 MB globals, 16 P
gc 3688 @10.802s 8%: 0.17+0.52+0.13 ms clock, 2.8+0.56/0.91/0.067+2.1 ms cpu, 4->5->2 MB, 5 MB goal, 0 MB stacks, 0 MB globals, 16 P
gc 3689 @10.804s 8%: 0.17+0.84+0.083 ms clock, 2.8+0.61/0.91/0+1.3 ms cpu, 3->4->2 MB, 4 MB goal, 0 MB stacks, 0 MB globals, 16 P
gc 3690 @10.806s 8%: 0.11+0.66+0.14 ms clock, 1.8+0.72/0.86/0+2.2 ms cpu, 4->5->2 MB, 5 MB goal, 0 MB stacks, 0 MB globals, 16 P
gc 3691 @10.808s 8%: 0.11+0.50+0.13 ms clock, 1.8+0.66/0.89/0.029+2.1 ms cpu, 4->4->2 MB, 4 MB goal, 0 MB stacks, 0 MB globals, 16 P
gc 3692 @10.809s 8%: 0.14+0.84+0.061 ms clock, 2.3+0.87/1.0/0.003+0.98 ms cpu, 3->5->2 MB, 4 MB goal, 0 MB stacks, 0 MB globals, 16 P
gc 3693 @10.812s 8%: 0.12+0.61+0.15 ms clock, 2.0+0.64/0.93/0+2.5 ms cpu, 4->5->2 MB, 5 MB goal, 0 MB stacks, 0 MB globals, 16 P
gc 3694 @10.813s 8%: 0.14+0.70+0.12 ms clock, 2.3+0.68/1.0/0+1.9 ms cpu, 4->5->2 MB, 4 MB goal, 0 MB stacks, 0 MB globals, 16 P
gc 3695 @10.815s 8%: 0.13+0.71+0.11 ms clock, 2.1+0.70/0.81/0+1.8 ms cpu, 4->5->2 MB, 5 MB goal, 0 MB stacks, 0 MB globals, 16 P
gc 3696 @10.817s 8%: 0.14+0.49+0.14 ms clock, 2.2+0.60/0.94/0.007+2.3 ms cpu, 4->4->2 MB, 4 MB goal, 0 MB stacks, 0 MB globals, 16 P
gc 3697 @10.819s 8%: 0.22+0.77+0.059 ms clock, 3.5+0.59/1.1/0+0.94 ms cpu, 3->4->2 MB, 4 MB goal, 0 MB stacks, 0 MB globals, 16 P
gc 3698 @10.821s 8%: 0.15+0.62+0.14 ms clock, 2.4+0.58/1.0/0+2.3 ms cpu, 4->5->2 MB, 5 MB goal, 0 MB stacks, 0 MB globals, 16 P
gc 3699 @10.823s 8%: 0.20+0.69+0.14 ms clock, 3.3+0.90/0.81/0+2.3 ms cpu, 4->5->2 MB, 4 MB goal, 0 MB stacks, 0 MB globals, 16 P
gc 3700 @10.825s 8%: 0.14+0.75+0.089 ms clock, 2.3+0.62/0.96/0+1.4 ms cpu, 4->5->2 MB, 5 MB goal, 0 MB stacks, 0 MB globals, 16 P
gc 3701 @10.827s 8%: 0.12+0.61+0.14 ms clock, 1.9+0.66/1.1/0.009+2.3 ms cpu, 4->5->2 MB, 5 MB goal, 0 MB stacks, 0 MB globals, 16 P
gc 3702 @10.829s 8%: 0.12+0.72+0.097 ms clock, 1.9+0.61/0.85/0+1.5 ms cpu, 4->5->2 MB, 4 MB goal, 0 MB stacks, 0 MB globals, 16 P
gc 3703 @10.831s 8%: 0.10+0.69+0.094 ms clock, 1.6+0.69/0.98/0+1.5 ms cpu, 4->5->2 MB, 5 MB goal, 0 MB stacks, 0 MB globals, 16 P
gc 3704 @10.833s 8%: 0.14+0.69+0.15 ms clock, 2.3+0.66/1.0/0+2.5 ms cpu, 4->5->2 MB, 4 MB goal, 0 MB stacks, 0 MB globals, 16 P
gc 3705 @10.835s 8%: 0.21+0.70+0.18 ms clock, 3.4+0.66/1.0/0+2.9 ms cpu, 4->5->2 MB, 5 MB goal, 0 MB stacks, 0 MB globals, 16 P
gc 3706 @10.837s 8%: 0.11+0.71+0.12 ms clock, 1.8+0.58/0.99/0+1.9 ms cpu, 4->5->2 MB, 5 MB goal, 0 MB stacks, 0 MB globals, 16 P
gc 3707 @10.839s 8%: 0.12+0.63+0.090 ms clock, 2.0+0.70/0.96/0+1.4 ms cpu, 4->5->2 MB, 5 MB goal, 0 MB stacks, 0 MB globals, 16 P
gc 3708 @10.841s 8%: 0.12+0.69+0.14 ms clock, 2.0+0.82/0.82/0.031+2.3 ms cpu, 4->5->2 MB, 4 MB goal, 0 MB stacks, 0 MB globals, 16 P
gc 3709 @10.842s 8%: 0.10+1.1+0.091 ms clock, 1.6+0.60/0.94/0.039+1.4 ms cpu, 4->5->2 MB, 4 MB goal, 0 MB stacks, 0 MB globals, 16 P
gc 3710 @10.845s 8%: 0.16+0.75+0.13 ms clock, 2.6+0.32/1.0/0.10+2.1 ms cpu, 4->5->2 MB, 5 MB goal, 0 MB stacks, 0 MB globals, 16 P
gc 3711 @10.847s 8%: 0.13+0.60+0.14 ms clock, 2.1+0.60/1.1/0+2.3 ms cpu, 4->4->2 MB, 4 MB goal, 0 MB stacks, 0 MB globals, 16 P
gc 3712 @10.848s 8%: 0.12+0.56+0.11 ms clock, 2.0+0.61/0.98/0.008+1.9 ms cpu, 4->4->2 MB, 4 MB goal, 0 MB stacks, 0 MB globals, 16 P
gc 3713 @10.850s 8%: 0.11+0.72+0.11 ms clock, 1.8+0.71/1.0/0.002+1.8 ms cpu, 3->4->2 MB, 4 MB goal, 0 MB stacks, 0 MB globals, 16 P
gc 3714 @10.852s 8%: 0.16+0.48+0.12 ms clock, 2.6+0.79/0.87/0.008+1.9 ms cpu, 4->4->2 MB, 5 MB goal, 0 MB stacks, 0 MB globals, 16 P
gc 3715 @10.854s 8%: 0.22+0.72+0.13 ms clock, 3.5+0.63/0.94/0.026+2.2 ms cpu, 3->4->2 MB, 4 MB goal, 0 MB stacks, 0 MB globals, 16 P
gc 3716 @10.856s 8%: 0.11+0.58+0.17 ms clock, 1.8+0.67/0.92/0+2.8 ms cpu, 4->5->2 MB, 4 MB goal, 0 MB stacks, 0 MB globals, 16 P
gc 3717 @10.857s 8%: 0.14+0.82+0.090 ms clock, 2.3+0.58/0.99/0+1.4 ms cpu, 4->5->2 MB, 4 MB goal, 0 MB stacks, 0 MB globals, 16 P
gc 3718 @10.860s 8%: 0.10+0.59+0.16 ms clock, 1.7+0.59/1.0/0+2.6 ms cpu, 4->5->2 MB, 5 MB goal, 0 MB stacks, 0 MB globals, 16 P
gc 3719 @10.861s 8%: 0.070+0.56+0.094 ms clock, 1.1+0.60/0.89/0.008+1.5 ms cpu, 3->4->2 MB, 4 MB goal, 0 MB stacks, 0 MB globals, 16 P
gc 3720 @10.863s 8%: 0.17+0.71+0.078 ms clock, 2.7+0.74/0.90/0.003+1.2 ms cpu, 3->4->2 MB, 4 MB goal, 0 MB stacks, 0 MB globals, 16 P
gc 3721 @10.864s 8%: 0.14+0.64+0.13 ms clock, 2.3+0.73/1.0/0+2.1 ms cpu, 4->4->2 MB, 4 MB goal, 0 MB stacks, 0 MB globals, 16 P
gc 3722 @10.866s 8%: 0.19+0.91+0.17 ms clock, 3.1+0.71/0.85/0+2.7 ms cpu, 4->5->2 MB, 4 MB goal, 0 MB stacks, 0 MB globals, 16 P
gc 3723 @10.869s 8%: 0.16+0.55+0.15 ms clock, 2.6+0.69/0.96/0+2.4 ms cpu, 4->5->2 MB, 5 MB goal, 0 MB stacks, 0 MB globals, 16 P
gc 3724 @10.871s 8%: 0.13+0.52+0.16 ms clock, 2.1+0.72/0.89/0+2.6 ms cpu, 4->4->2 MB, 4 MB goal, 0 MB stacks, 0 MB globals, 16 P
gc 3725 @10.872s 8%: 0.16+0.66+0.22 ms clock, 2.6+0.74/0.93/0+3.5 ms cpu, 3->4->2 MB, 4 MB goal, 0 MB stacks, 0 MB globals, 16 P
gc 3726 @10.874s 8%: 0.16+0.75+0.14 ms clock, 2.6+0.76/0.84/0+2.2 ms cpu, 4->5->2 MB, 5 MB goal, 0 MB stacks, 0 MB globals, 16 P
gc 3727 @10.876s 8%: 0.15+0.54+0.22 ms clock, 2.4+0.62/0.89/0+3.5 ms cpu, 4->5->2 MB, 4 MB goal, 0 MB stacks, 0 MB globals, 16 P
gc 3728 @10.878s 8%: 0.13+0.65+0.16 ms clock, 2.1+0.70/1.0/0.006+2.5 ms cpu, 4->4->2 MB, 4 MB goal, 0 MB stacks, 0 MB globals, 16 P
gc 3729 @10.880s 8%: 0.15+0.59+0.093 ms clock, 2.4+0.64/0.84/0.011+1.4 ms cpu, 4->4->2 MB, 4 MB goal, 0 MB stacks, 0 MB globals, 16 P
gc 3730 @10.881s 8%: 0.14+0.58+0.17 ms clock, 2.3+0.60/0.93/0+2.8 ms cpu, 3->4->2 MB, 4 MB goal, 0 MB stacks, 0 MB globals, 16 P
gc 3731 @10.883s 8%: 0.12+0.75+0.12 ms clock, 2.0+0.71/0.93/0+2.0 ms cpu, 3->4->2 MB, 4 MB goal, 0 MB stacks, 0 MB globals, 16 P
gc 3732 @10.885s 8%: 0.12+0.61+0.12 ms clock, 1.9+0.60/1.0/0.013+2.0 ms cpu, 4->5->2 MB, 5 MB goal, 0 MB stacks, 0 MB globals, 16 P
gc 3733 @10.887s 8%: 0.13+0.55+0.21 ms clock, 2.1+0.62/0.88/0.026+3.4 ms cpu, 4->4->2 MB, 4 MB goal, 0 MB stacks, 0 MB globals, 16 P
gc 3734 @10.888s 8%: 0.15+0.58+0.18 ms clock, 2.5+0.57/1.1/0+2.9 ms cpu, 4->4->2 MB, 4 MB goal, 0 MB stacks, 0 MB globals, 16 P
gc 3735 @10.890s 8%: 0.14+0.57+0.11 ms clock, 2.3+0.57/1.0/0+1.8 ms cpu, 4->4->2 MB, 4 MB goal, 0 MB stacks, 0 MB globals, 16 P
gc 3736 @10.892s 8%: 0.19+0.60+0.12 ms clock, 3.1+0.75/0.88/0+1.9 ms cpu, 4->5->2 MB, 4 MB goal, 0 MB stacks, 0 MB globals, 16 P
gc 3737 @10.894s 8%: 0.12+0.54+0.053 ms clock, 2.0+0.69/0.91/0.011+0.86 ms cpu, 4->5->2 MB, 5 MB goal, 0 MB stacks, 0 MB globals, 16 P
gc 3738 @10.896s 8%: 0.10+0.62+0.14 ms clock, 1.6+0.65/0.87/0.002+2.2 ms cpu, 3->4->2 MB, 4 MB goal, 0 MB stacks, 0 MB globals, 16 P
gc 3739 @10.897s 8%: 0.12+0.73+0.17 ms clock, 2.0+0.60/0.91/0+2.7 ms cpu, 3->4->2 MB, 4 MB goal, 0 MB stacks, 0 MB globals, 16 P
gc 3740 @10.899s 8%: 0.15+0.58+0.17 ms clock, 2.4+0.64/1.0/0.003+2.8 ms cpu, 4->4->2 MB, 4 MB goal, 0 MB stacks, 0 MB globals, 16 P
gc 3741 @10.901s 8%: 0.20+0.51+0.11 ms clock, 3.2+0.65/1.0/0+1.7 ms cpu, 4->4->2 MB, 4 MB goal, 0 MB stacks, 0 MB globals, 16 P
gc 3742 @10.902s 8%: 0.14+0.65+0.10 ms clock, 2.3+0.87/0.80/0+1.6 ms cpu, 3->4->2 MB, 4 MB goal, 0 MB stacks, 0 MB globals, 16 P
gc 3743 @10.904s 8%: 0.12+0.63+0.15 ms clock, 2.0+0.79/0.83/0+2.5 ms cpu, 4->4->2 MB, 4 MB goal, 0 MB stacks, 0 MB globals, 16 P
gc 3744 @10.906s 8%: 0.11+0.76+0.079 ms clock, 1.8+0.60/1.1/0.019+1.2 ms cpu, 3->4->2 MB, 4 MB goal, 0 MB stacks, 0 MB globals, 16 P
gc 3745 @10.908s 8%: 0.15+0.57+0.18 ms clock, 2.4+0.64/0.90/0+3.0 ms cpu, 4->4->2 MB, 5 MB goal, 0 MB stacks, 0 MB globals, 16 P
gc 3746 @10.909s 8%: 0.12+0.56+0.13 ms clock, 1.9+0.59/1.0/0+2.2 ms cpu, 3->4->2 MB, 4 MB goal, 0 MB stacks, 0 MB globals, 16 P
gc 3747 @10.911s 8%: 0.14+0.64+0.18 ms clock, 2.3+0.67/0.93/0+2.8 ms cpu, 3->4->2 MB, 4 MB goal, 0 MB stacks, 0 MB globals, 16 P
gc 3748 @10.913s 8%: 0.10+0.66+0.16 ms clock, 1.7+0.71/1.0/0.002+2.6 ms cpu, 4->5->2 MB, 4 MB goal, 0 MB stacks, 0 MB globals, 16 P
gc 3749 @10.915s 8%: 0.15+0.47+0.17 ms clock, 2.4+0.77/0.90/0+2.8 ms cpu, 4->4->2 MB, 4 MB goal, 0 MB stacks, 0 MB globals, 16 P
gc 3750 @10.916s 8%: 0.24+0.78+0.20 ms clock, 3.9+0.57/0.99/0+3.3 ms cpu, 3->5->2 MB, 4 MB goal, 0 MB stacks, 0 MB globals, 16 P
gc 3751 @10.919s 8%: 0.17+0.53+0.11 ms clock, 2.7+0.58/0.91/0+1.7 ms cpu, 4->5->2 MB, 5 MB goal, 0 MB stacks, 0 MB globals, 16 P
gc 3752 @10.920s 8%: 0.25+0.75+0.10 ms clock, 4.1+0.79/0.75/0.005+1.6 ms cpu, 3->4->2 MB, 4 MB goal, 0 MB stacks, 0 MB globals, 16 P
gc 3753 @10.922s 8%: 0.11+0.59+0.16 ms clock, 1.7+0.62/0.99/0.004+2.5 ms cpu, 4->5->2 MB, 5 MB goal, 0 MB stacks, 0 MB globals, 16 P
gc 3754 @10.924s 8%: 0.11+0.56+0.22 ms clock, 1.8+0.74/0.86/0.007+3.6 ms cpu, 3->4->2 MB, 4 MB goal, 0 MB stacks, 0 MB globals, 16 P
gc 3755 @10.925s 8%: 0.11+0.73+0.14 ms clock, 1.9+0.57/1.0/0+2.3 ms cpu, 4->4->2 MB, 4 MB goal, 0 MB stacks, 0 MB globals, 16 P
gc 3756 @10.927s 8%: 0.15+0.75+0.16 ms clock, 2.4+0.78/1.0/0+2.6 ms cpu, 4->5->2 MB, 5 MB goal, 0 MB stacks, 0 MB globals, 16 P
gc 3757 @10.930s 8%: 0.13+0.59+0.15 ms clock, 2.1+0.64/0.93/0+2.5 ms cpu, 4->5->2 MB, 5 MB goal, 0 MB stacks, 0 MB globals, 16 P
gc 3758 @10.931s 8%: 0.12+0.69+0.098 ms clock, 1.9+0.74/0.83/0+1.5 ms cpu, 4->4->2 MB, 4 MB goal, 0 MB stacks, 0 MB globals, 16 P
gc 3759 @10.933s 8%: 0.095+0.77+0.064 ms clock, 1.5+0.66/1.0/0+1.0 ms cpu, 4->4->2 MB, 4 MB goal, 0 MB stacks, 0 MB globals, 16 P
gc 3760 @10.935s 8%: 0.10+0.69+0.095 ms clock, 1.7+0.99/0.95/0.018+1.5 ms cpu, 4->4->2 MB, 4 MB goal, 0 MB stacks, 0 MB globals, 16 P
gc 3761 @10.937s 8%: 0.15+0.49+0.24 ms clock, 2.4+0.46/0.82/0.24+3.9 ms cpu, 4->4->1 MB, 4 MB goal, 0 MB stacks, 0 MB globals, 16 P
gc 3762 @10.938s 8%: 0.16+0.67+0.17 ms clock, 2.7+0.71/0.95/0+2.7 ms cpu, 3->4->2 MB, 4 MB goal, 0 MB stacks, 0 MB globals, 16 P
gc 3763 @10.940s 8%: 0.13+0.47+0.13 ms clock, 2.1+0.74/0.95/0.017+2.2 ms cpu, 4->5->2 MB, 5 MB goal, 0 MB stacks, 0 MB globals, 16 P
gc 3764 @10.942s 8%: 0.19+0.72+0.085 ms clock, 3.1+0.87/0.85/0+1.3 ms cpu, 3->4->2 MB, 4 MB goal, 0 MB stacks, 0 MB globals, 16 P
gc 3765 @10.944s 8%: 0.14+0.70+0.14 ms clock, 2.3+0.65/0.89/0.079+2.3 ms cpu, 4->5->2 MB, 5 MB goal, 0 MB stacks, 0 MB globals, 16 P
gc 3766 @10.945s 8%: 0.11+0.53+0.19 ms clock, 1.7+0.63/0.97/0+3.1 ms cpu, 4->4->2 MB, 4 MB goal, 0 MB stacks, 0 MB globals, 16 P
gc 3767 @10.947s 8%: 0.14+0.76+0.064 ms clock, 2.3+0.54/1.2/0.005+1.0 ms cpu, 3->4->2 MB, 4 MB goal, 0 MB stacks, 0 MB globals, 16 P
gc 3768 @10.949s 8%: 0.10+0.60+0.10 ms clock, 1.7+0.59/0.97/0+1.7 ms cpu, 4->5->2 MB, 4 MB goal, 0 MB stacks, 0 MB globals, 16 P
gc 3769 @10.951s 8%: 0.17+0.63+0.14 ms clock, 2.8+0.62/0.98/0+2.3 ms cpu, 3->4->2 MB, 4 MB goal, 0 MB stacks, 0 MB globals, 16 P
gc 3770 @10.952s 8%: 0.099+0.49+0.11 ms clock, 1.5+0.78/0.79/0+1.7 ms cpu, 4->4->2 MB, 4 MB goal, 0 MB stacks, 0 MB globals, 16 P
gc 3771 @10.954s 8%: 0.14+0.64+0.13 ms clock, 2.2+0.74/0.88/0.032+2.0 ms cpu, 3->4->2 MB, 4 MB goal, 0 MB stacks, 0 MB globals, 16 P
gc 3772 @10.956s 8%: 0.12+0.60+0.15 ms clock, 1.9+0.70/0.91/0+2.5 ms cpu, 4->4->2 MB, 4 MB goal, 0 MB stacks, 0 MB globals, 16 P
gc 3773 @10.958s 8%: 0.14+0.63+0.13 ms clock, 2.2+0.65/0.98/0+2.1 ms cpu, 3->5->2 MB, 4 MB goal, 0 MB stacks, 0 MB globals, 16 P
gc 3774 @10.960s 8%: 0.094+0.73+0.095 ms clock, 1.5+0.54/0.83/0.033+1.5 ms cpu, 4->4->2 MB, 4 MB goal, 0 MB stacks, 0 MB globals, 16 P
gc 3775 @10.961s 8%: 0.14+0.71+0.10 ms clock, 2.3+0.73/1.0/0+1.6 ms cpu, 4->5->2 MB, 4 MB goal, 0 MB stacks, 0 MB globals, 16 P
gc 3776 @10.963s 8%: 0.11+0.81+0.074 ms clock, 1.9+0.62/0.95/0.014+1.1 ms cpu, 4->5->2 MB, 5 MB goal, 0 MB stacks, 0 MB globals, 16 P
gc 3777 @10.965s 8%: 0.14+0.68+0.10 ms clock, 2.3+0.61/1.0/0+1.6 ms cpu, 4->5->2 MB, 5 MB goal, 0 MB stacks, 0 MB globals, 16 P
gc 3778 @10.967s 8%: 0.20+0.57+0.19 ms clock, 3.2+0.72/0.93/0+3.1 ms cpu, 4->4->2 MB, 4 MB goal, 0 MB stacks, 0 MB globals, 16 P
gc 3779 @10.969s 8%: 0.10+0.57+0.10 ms clock, 1.7+0.63/0.86/0+1.7 ms cpu, 4->4->2 MB, 4 MB goal, 0 MB stacks, 0 MB globals, 16 P
gc 3780 @10.971s 8%: 0.12+0.52+0.13 ms clock, 1.9+0.47/0.88/0.042+2.2 ms cpu, 3->4->2 MB, 4 MB goal, 0 MB stacks, 0 MB globals, 16 P
gc 3781 @10.972s 8%: 0.17+0.60+0.15 ms clock, 2.7+0.72/0.85/0.077+2.5 ms cpu, 3->4->1 MB, 4 MB goal, 0 MB stacks, 0 MB globals, 16 P
gc 3782 @10.974s 8%: 0.15+0.61+0.12 ms clock, 2.5+0.81/0.82/0+1.9 ms cpu, 3->4->2 MB, 4 MB goal, 0 MB stacks, 0 MB globals, 16 P
gc 3783 @10.975s 8%: 0.13+0.78+0.098 ms clock, 2.1+0.65/0.91/0+1.5 ms cpu, 4->5->2 MB, 4 MB goal, 0 MB stacks, 0 MB globals, 16 P
gc 3784 @10.977s 8%: 0.13+0.57+0.16 ms clock, 2.1+0.67/0.91/0+2.6 ms cpu, 4->5->2 MB, 5 MB goal, 0 MB stacks, 0 MB globals, 16 P
gc 3785 @10.979s 8%: 0.084+0.76+0.19 ms clock, 1.3+0.82/0.93/0.046+3.0 ms cpu, 3->4->2 MB, 4 MB goal, 0 MB stacks, 0 MB globals, 16 P
gc 3786 @10.981s 8%: 0.12+0.57+0.10 ms clock, 1.9+0.61/0.94/0+1.7 ms cpu, 4->4->2 MB, 4 MB goal, 0 MB stacks, 0 MB globals, 16 P
gc 3787 @10.982s 8%: 0.18+0.51+0.10 ms clock, 3.0+0.58/0.97/0+1.6 ms cpu, 3->4->2 MB, 4 MB goal, 0 MB stacks, 0 MB globals, 16 P
gc 3788 @10.984s 8%: 0.18+0.48+0.12 ms clock, 2.9+0.69/0.91/0.007+2.0 ms cpu, 4->4->2 MB, 4 MB goal, 0 MB stacks, 0 MB globals, 16 P
gc 3789 @10.986s 8%: 0.11+0.64+0.12 ms clock, 1.7+0.62/0.96/0.024+1.9 ms cpu, 3->4->2 MB, 4 MB goal, 0 MB stacks, 0 MB globals, 16 P
gc 3790 @10.988s 8%: 0.17+0.81+0.11 ms clock, 2.8+0.76/1.0/0+1.7 ms cpu, 4->5->2 MB, 4 MB goal, 0 MB stacks, 0 MB globals, 16 P
gc 3791 @10.990s 8%: 0.10+0.84+0.048 ms clock, 1.6+0.51/1.1/0.002+0.77 ms cpu, 4->5->2 MB, 5 MB goal, 0 MB stacks, 0 MB globals, 16 P
gc 3792 @10.992s 8%: 0.16+0.51+0.15 ms clock, 2.5+0.71/0.85/0+2.4 ms cpu, 4->5->2 MB, 5 MB goal, 0 MB stacks, 0 MB globals, 16 P
gc 3793 @10.993s 8%: 0.13+0.67+0.11 ms clock, 2.2+0.59/1.0/0+1.8 ms cpu, 3->4->2 MB, 4 MB goal, 0 MB stacks, 0 MB globals, 16 P
gc 3794 @10.995s 8%: 0.12+0.52+0.20 ms clock, 2.0+0.45/0.89/0.002+3.2 ms cpu, 4->4->2 MB, 4 MB goal, 0 MB stacks, 0 MB globals, 16 P
gc 3795 @10.997s 8%: 0.13+0.56+0.12 ms clock, 2.2+0.68/1.0/0+1.9 ms cpu, 3->4->2 MB, 4 MB goal, 0 MB stacks, 0 MB globals, 16 P
gc 3796 @10.999s 8%: 0.11+0.58+0.098 ms clock, 1.8+0.68/0.82/0.002+1.5 ms cpu, 4->4->2 MB, 4 MB goal, 0 MB stacks, 0 MB globals, 16 P
gc 3797 @11.000s 8%: 0.10+0.73+0.21 ms clock, 1.6+0.57/1.0/0.071+3.4 ms cpu, 3->4->2 MB, 4 MB goal, 0 MB stacks, 0 MB globals, 16 P
gc 3798 @11.002s 8%: 0.10+0.65+0.080 ms clock, 1.6+0.48/1.0/0.003+1.2 ms cpu, 4->4->2 MB, 4 MB goal, 0 MB stacks, 0 MB globals, 16 P
gc 3799 @11.004s 8%: 0.12+0.54+0.17 ms clock, 2.0+0.55/0.92/0+2.8 ms cpu, 3->4->2 MB, 4 MB goal, 0 MB stacks, 0 MB globals, 16 P
gc 3800 @11.005s 8%: 0.14+0.66+0.13 ms clock, 2.3+0.87/0.91/0+2.1 ms cpu, 4->4->2 MB, 4 MB goal, 0 MB stacks, 0 MB globals, 16 P
gc 3801 @11.007s 8%: 0.14+0.73+0.18 ms clock, 2.2+0.51/1.0/0+2.8 ms cpu, 3->4->2 MB, 4 MB goal, 0 MB stacks, 0 MB globals, 16 P
gc 3802 @11.009s 8%: 0.21+0.68+0.18 ms clock, 3.5+0.77/1.0/0+2.9 ms cpu, 4->5->2 MB, 4 MB goal, 0 MB stacks, 0 MB globals, 16 P
gc 3803 @11.011s 8%: 0.10+0.64+0.13 ms clock, 1.7+0.61/0.98/0+2.1 ms cpu, 4->4->2 MB, 5 MB goal, 0 MB stacks, 0 MB globals, 16 P
gc 3804 @11.013s 8%: 0.12+0.64+0.11 ms clock, 2.0+0.55/0.92/0.023+1.7 ms cpu, 3->4->2 MB, 4 MB goal, 0 MB stacks, 0 MB globals, 16 P
gc 3805 @11.014s 8%: 0.18+0.67+0.083 ms clock, 2.8+0.60/0.96/0+1.3 ms cpu, 4->4->2 MB, 4 MB goal, 0 MB stacks, 0 MB globals, 16 P
gc 3806 @11.016s 8%: 0.11+0.59+0.19 ms clock, 1.7+0.86/0.76/0+3.1 ms cpu, 4->4->2 MB, 4 MB goal, 0 MB stacks, 0 MB globals, 16 P
gc 3807 @11.018s 8%: 0.10+0.59+0.18 ms clock, 1.7+0.52/0.94/0.004+2.9 ms cpu, 4->4->2 MB, 4 MB goal, 0 MB stacks, 0 MB globals, 16 P
gc 3808 @11.019s 8%: 0.14+0.60+0.10 ms clock, 2.2+0.59/0.88/0+1.6 ms cpu, 3->4->2 MB, 4 MB goal, 0 MB stacks, 0 MB globals, 16 P
gc 3809 @11.021s 8%: 0.23+0.49+0.14 ms clock, 3.8+0.49/0.94/0+2.2 ms cpu, 3->4->2 MB, 4 MB goal, 0 MB stacks, 0 MB globals, 16 P
gc 3810 @11.023s 8%: 0.12+0.67+0.085 ms clock, 2.0+0.58/0.97/0.001+1.3 ms cpu, 3->4->2 MB, 4 MB goal, 0 MB stacks, 0 MB globals, 16 P
gc 3811 @11.024s 8%: 0.089+0.64+0.12 ms clock, 1.4+0.60/1.0/0+1.9 ms cpu, 4->5->2 MB, 4 MB goal, 0 MB stacks, 0 MB globals, 16 P
gc 3812 @11.026s 8%: 0.076+0.47+0.10 ms clock, 1.2+0.57/0.95/0.003+1.6 ms cpu, 4->4->2 MB, 4 MB goal, 0 MB stacks, 0 MB globals, 16 P
gc 3813 @11.028s 8%: 0.13+0.57+0.091 ms clock, 2.1+0.69/0.89/0+1.4 ms cpu, 3->4->2 MB, 4 MB goal, 0 MB stacks, 0 MB globals, 16 P
gc 3814 @11.029s 8%: 0.13+0.76+0.10 ms clock, 2.0+0.58/1.0/0+1.6 ms cpu, 3->4->2 MB, 4 MB goal, 0 MB stacks, 0 MB globals, 16 P
gc 3815 @11.031s 8%: 0.13+0.66+0.10 ms clock, 2.1+0.87/0.73/0+1.6 ms cpu, 4->4->2 MB, 5 MB goal, 0 MB stacks, 0 MB globals, 16 P
gc 3816 @11.033s 8%: 0.11+0.74+0.10 ms clock, 1.8+0.63/0.94/0.008+1.7 ms cpu, 3->4->2 MB, 4 MB goal, 0 MB stacks, 0 MB globals, 16 P
gc 3817 @11.035s 8%: 0.081+0.66+0.11 ms clock, 1.3+0.66/1.0/0+1.8 ms cpu, 4->4->2 MB, 5 MB goal, 0 MB stacks, 0 MB globals, 16 P
gc 3818 @11.037s 8%: 0.12+0.66+0.11 ms clock, 1.9+0.67/0.92/0.084+1.9 ms cpu, 4->4->2 MB, 4 MB goal, 0 MB stacks, 0 MB globals, 16 P
gc 3819 @11.038s 8%: 0.11+0.64+0.11 ms clock, 1.8+0.66/1.0/0+1.7 ms cpu, 4->4->2 MB, 4 MB goal, 0 MB stacks, 0 MB globals, 16 P
gc 3820 @11.040s 8%: 0.11+0.55+0.12 ms clock, 1.8+0.55/0.94/0+1.9 ms cpu, 4->4->2 MB, 4 MB goal, 0 MB stacks, 0 MB globals, 16 P
gc 3821 @11.042s 8%: 0.084+0.70+0.10 ms clock, 1.3+0.51/1.0/0.008+1.7 ms cpu, 3->4->2 MB, 4 MB goal, 0 MB stacks, 0 MB globals, 16 P
gc 3822 @11.044s 8%: 0.12+0.56+0.13 ms clock, 1.9+0.62/0.97/0+2.2 ms cpu, 4->4->2 MB, 4 MB goal, 0 MB stacks, 0 MB globals, 16 P
gc 3823 @11.045s 8%: 0.15+0.53+0.18 ms clock, 2.5+0.69/0.83/0+2.9 ms cpu, 3->4->2 MB, 4 MB goal, 0 MB stacks, 0 MB globals, 16 P
gc 3824 @11.047s 8%: 0.14+0.50+0.16 ms clock, 2.3+0.81/0.89/0.004+2.6 ms cpu, 4->4->2 MB, 4 MB goal, 0 MB stacks, 0 MB globals, 16 P
gc 3825 @11.048s 8%: 0.18+0.56+0.14 ms clock, 2.9+0.72/0.96/0+2.3 ms cpu, 3->4->2 MB, 4 MB goal, 0 MB stacks, 0 MB globals, 16 P
gc 3826 @11.050s 8%: 0.11+0.70+0.088 ms clock, 1.8+0.62/0.98/0+1.4 ms cpu, 4->5->2 MB, 4 MB goal, 0 MB stacks, 0 MB globals, 16 P
gc 3827 @11.052s 8%: 0.10+0.64+0.12 ms clock, 1.6+0.64/0.89/0+2.0 ms cpu, 4->5->2 MB, 5 MB goal, 0 MB stacks, 0 MB globals, 16 P
gc 3828 @11.054s 8%: 0.10+0.61+0.13 ms clock, 1.7+0.64/0.94/0+2.0 ms cpu, 4->4->2 MB, 4 MB goal, 0 MB stacks, 0 MB globals, 16 P
gc 3829 @11.056s 8%: 0.10+0.62+0.093 ms clock, 1.6+0.68/0.86/0.017+1.4 ms cpu, 3->4->2 MB, 4 MB goal, 0 MB stacks, 0 MB globals, 16 P
gc 3830 @11.057s 8%: 0.13+0.71+0.17 ms clock, 2.1+0.72/0.97/0+2.8 ms cpu, 3->4->2 MB, 4 MB goal, 0 MB stacks, 0 MB globals, 16 P
gc 3831 @11.059s 8%: 0.10+0.50+0.16 ms clock, 1.6+0.58/0.85/0+2.5 ms cpu, 4->4->2 MB, 5 MB goal, 0 MB stacks, 0 MB globals, 16 P
gc 3832 @11.061s 8%: 0.11+0.69+0.13 ms clock, 1.7+0.48/1.0/0+2.1 ms cpu, 3->4->2 MB, 4 MB goal, 0 MB stacks, 0 MB globals, 16 P
gc 3833 @11.062s 8%: 0.13+0.63+0.081 ms clock, 2.2+0.53/0.99/0.015+1.3 ms cpu, 4->4->2 MB, 4 MB goal, 0 MB stacks, 0 MB globals, 16 P
gc 3834 @11.064s 8%: 0.089+0.64+0.077 ms clock, 1.4+0.52/1.1/0.026+1.2 ms cpu, 4->4->2 MB, 4 MB goal, 0 MB stacks, 0 MB globals, 16 P
gc 3835 @11.066s 8%: 0.14+0.63+0.11 ms clock, 2.3+0.56/1.0/0+1.7 ms cpu, 3->4->2 MB, 4 MB goal, 0 MB stacks, 0 MB globals, 16 P
gc 3836 @11.068s 8%: 0.12+0.72+0.073 ms clock, 2.0+0.60/0.94/0.019+1.1 ms cpu, 3->4->2 MB, 4 MB goal, 0 MB stacks, 0 MB globals, 16 P
gc 3837 @11.069s 8%: 0.16+0.73+0.081 ms clock, 2.5+0.62/0.93/0+1.2 ms cpu, 4->4->2 MB, 4 MB goal, 0 MB stacks, 0 MB globals, 16 P
gc 3838 @11.071s 8%: 0.16+0.66+0.21 ms clock, 2.7+0.75/0.84/0+3.4 ms cpu, 4->5->2 MB, 4 MB goal, 0 MB stacks, 0 MB globals, 16 P
gc 3839 @11.073s 8%: 0.10+0.62+0.083 ms clock, 1.7+0.64/0.87/0+1.3 ms cpu, 4->5->2 MB, 5 MB goal, 0 MB stacks, 0 MB globals, 16 P
gc 3840 @11.075s 8%: 0.14+0.79+0.075 ms clock, 2.3+0.61/1.1/0+1.2 ms cpu, 4->5->2 MB, 4 MB goal, 0 MB stacks, 0 MB globals, 16 P
gc 3841 @11.077s 8%: 0.18+0.80+0.12 ms clock, 3.0+0.60/0.89/0+2.0 ms cpu, 4->5->2 MB, 5 MB goal, 0 MB stacks, 0 MB globals, 16 P
gc 3842 @11.079s 8%: 0.11+0.57+0.12 ms clock, 1.8+0.71/0.97/0+1.9 ms cpu, 4->5->2 MB, 5 MB goal, 0 MB stacks, 0 MB globals, 16 P
gc 3843 @11.081s 8%: 0.12+0.54+0.19 ms clock, 2.0+0.64/0.91/0.013+3.0 ms cpu, 3->4->2 MB, 4 MB goal, 0 MB stacks, 0 MB globals, 16 P
gc 3844 @11.083s 8%: 0.13+0.71+0.11 ms clock, 2.1+0.67/1.0/0+1.8 ms cpu, 4->4->2 MB, 4 MB goal, 0 MB stacks, 0 MB globals, 16 P
gc 3845 @11.085s 8%: 0.098+0.55+0.17 ms clock, 1.5+0.51/0.99/0+2.7 ms cpu, 4->5->2 MB, 5 MB goal, 0 MB stacks, 0 MB globals, 16 P
gc 3846 @11.086s 8%: 0.11+0.54+0.14 ms clock, 1.8+0.58/0.93/0+2.2 ms cpu, 3->4->2 MB, 4 MB goal, 0 MB stacks, 0 MB globals, 16 P
gc 3847 @11.088s 8%: 0.14+0.63+0.12 ms clock, 2.3+0.75/0.83/0+2.0 ms cpu, 3->4->2 MB, 4 MB goal, 0 MB stacks, 0 MB globals, 16 P
gc 3848 @11.090s 8%: 0.12+0.88+0.075 ms clock, 2.0+0.65/0.86/0+1.2 ms cpu, 4->5->2 MB, 4 MB goal, 0 MB stacks, 0 MB globals, 16 P
gc 3849 @11.092s 8%: 0.092+0.60+0.19 ms clock, 1.4+0.83/0.98/0.004+3.0 ms cpu, 4->5->2 MB, 5 MB goal, 0 MB stacks, 0 MB globals, 16 P
gc 3850 @11.093s 8%: 0.12+0.69+0.093 ms clock, 1.9+0.77/0.99/0.042+1.5 ms cpu, 4->4->2 MB, 4 MB goal, 0 MB stacks, 0 MB globals, 16 P
gc 3851 @11.095s 8%: 0.14+0.61+0.075 ms clock, 2.3+0.64/0.92/0+1.2 ms cpu, 4->4->2 MB, 4 MB goal, 0 MB stacks, 0 MB globals, 16 P
gc 3852 @11.097s 8%: 0.15+0.56+0.12 ms clock, 2.4+0.74/0.92/0+1.9 ms cpu, 4->4->2 MB, 4 MB goal, 0 MB stacks, 0 MB globals, 16 P
gc 3853 @11.099s 8%: 0.11+0.79+0.10 ms clock, 1.9+0.49/0.95/0.002+1.6 ms cpu, 3->4->2 MB, 4 MB goal, 0 MB stacks, 0 MB globals, 16 P
gc 3854 @11.100s 8%: 0.13+0.66+0.12 ms clock, 2.1+0.66/0.98/0+2.0 ms cpu, 3->4->2 MB, 4 MB goal, 0 MB stacks, 0 MB globals, 16 P
gc 3855 @11.102s 8%: 0.099+0.46+0.13 ms clock, 1.5+0.65/0.89/0.017+2.1 ms cpu, 4->4->1 MB, 5 MB goal, 0 MB stacks, 0 MB globals, 16 P
gc 3856 @11.104s 8%: 0.13+0.59+0.10 ms clock, 2.2+0.59/1.0/0+1.7 ms cpu, 3->4->2 MB, 4 MB goal, 0 MB stacks, 0 MB globals, 16 P
gc 3857 @11.106s 8%: 0.12+0.52+0.14 ms clock, 2.0+0.62/0.91/0+2.2 ms cpu, 4->4->2 MB, 4 MB goal, 0 MB stacks, 0 MB globals, 16 P
gc 3858 @11.107s 8%: 0.11+0.73+0.073 ms clock, 1.7+0.64/0.86/0+1.1 ms cpu, 4->4->2 MB, 4 MB goal, 0 MB stacks, 0 MB globals, 16 P
gc 3859 @11.109s 8%: 0.11+0.58+0.13 ms clock, 1.8+0.61/0.92/0+2.1 ms cpu, 4->4->2 MB, 4 MB goal, 0 MB stacks, 0 MB globals, 16 P
gc 3860 @11.111s 8%: 0.19+0.56+0.18 ms clock, 3.0+0.70/0.88/0+2.8 ms cpu, 4->4->2 MB, 4 MB goal, 0 MB stacks, 0 MB globals, 16 P
gc 3861 @11.113s 8%: 0.12+0.69+0.10 ms clock, 1.9+0.67/0.99/0.024+1.6 ms cpu, 4->5->2 MB, 4 MB goal, 0 MB stacks, 0 MB globals, 16 P
gc 3862 @11.115s 8%: 0.14+0.59+0.11 ms clock, 2.3+0.70/1.1/0.003+1.7 ms cpu, 4->5->2 MB, 5 MB goal, 0 MB stacks, 0 MB globals, 16 P
gc 3863 @11.116s 8%: 0.14+0.79+0.089 ms clock, 2.3+0.59/0.97/0.023+1.4 ms cpu, 4->5->2 MB, 4 MB goal, 0 MB stacks, 0 MB globals, 16 P
gc 3864 @11.119s 8%: 0.13+0.65+0.18 ms clock, 2.2+0.71/0.82/0+2.9 ms cpu, 4->5->2 MB, 5 MB goal, 0 MB stacks, 0 MB globals, 16 P
gc 3865 @11.121s 8%: 0.14+0.67+0.11 ms clock, 2.2+0.66/0.93/0+1.8 ms cpu, 4->5->2 MB, 5 MB goal, 0 MB stacks, 0 MB globals, 16 P
gc 3866 @11.123s 8%: 0.13+0.63+0.095 ms clock, 2.1+0.61/0.97/0+1.5 ms cpu, 4->5->2 MB, 5 MB goal, 0 MB stacks, 0 MB globals, 16 P
gc 3867 @11.124s 8%: 0.18+0.60+0.12 ms clock, 2.8+0.86/1.0/0+2.0 ms cpu, 4->5->2 MB, 4 MB goal, 0 MB stacks, 0 MB globals, 16 P
gc 3868 @11.126s 8%: 0.13+0.63+0.063 ms clock, 2.1+0.54/0.89/0+1.0 ms cpu, 4->5->2 MB, 4 MB goal, 0 MB stacks, 0 MB globals, 16 P
gc 3869 @11.128s 8%: 0.11+0.53+0.13 ms clock, 1.7+0.64/0.98/0.003+2.1 ms cpu, 4->4->2 MB, 4 MB goal, 0 MB stacks, 0 MB globals, 16 P
gc 3870 @11.130s 8%: 0.13+0.76+0.078 ms clock, 2.2+0.63/0.99/0+1.2 ms cpu, 4->4->2 MB, 4 MB goal, 0 MB stacks, 0 MB globals, 16 P
gc 3871 @11.132s 8%: 0.13+0.52+0.15 ms clock, 2.2+0.59/0.88/0+2.4 ms cpu, 4->4->2 MB, 5 MB goal, 0 MB stacks, 0 MB globals, 16 P
gc 3872 @11.133s 8%: 0.11+0.59+0.18 ms clock, 1.8+0.88/0.85/0+2.9 ms cpu, 3->4->2 MB, 4 MB goal, 0 MB stacks, 0 MB globals, 16 P
gc 3873 @11.135s 8%: 0.12+0.75+0.089 ms clock, 2.0+0.63/1.0/0.018+1.4 ms cpu, 3->4->2 MB, 4 MB goal, 0 MB stacks, 0 MB globals, 16 P
gc 3874 @11.137s 8%: 0.20+0.66+0.14 ms clock, 3.2+0.67/0.92/0.004+2.2 ms cpu, 4->5->2 MB, 5 MB goal, 0 MB stacks, 0 MB globals, 16 P
gc 3875 @11.139s 8%: 0.11+0.55+0.15 ms clock, 1.8+0.56/0.95/0.040+2.4 ms cpu, 4->4->2 MB, 4 MB goal, 0 MB stacks, 0 MB globals, 16 P
gc 3876 @11.140s 8%: 0.16+0.70+0.10 ms clock, 2.5+0.58/0.91/0+1.6 ms cpu, 3->4->2 MB, 4 MB goal, 0 MB stacks, 0 MB globals, 16 P
gc 3877 @11.142s 8%: 0.12+0.50+0.14 ms clock, 1.9+0.55/0.92/0.003+2.3 ms cpu, 4->5->2 MB, 5 MB goal, 0 MB stacks, 0 MB globals, 16 P
gc 3878 @11.144s 8%: 0.12+0.59+0.10 ms clock, 1.9+0.88/0.79/0+1.7 ms cpu, 3->4->2 MB, 4 MB goal, 0 MB stacks, 0 MB globals, 16 P
gc 3879 @11.146s 8%: 0.13+0.62+0.14 ms clock, 2.1+0.61/1.0/0+2.3 ms cpu, 4->4->2 MB, 4 MB goal, 0 MB stacks, 0 MB globals, 16 P
gc 3880 @11.147s 8%: 0.075+0.73+0.085 ms clock, 1.2+0.52/1.0/0.006+1.3 ms cpu, 4->4->2 MB, 4 MB goal, 0 MB stacks, 0 MB globals, 16 P
gc 3881 @11.149s 8%: 0.16+0.82+0.069 ms clock, 2.5+0.70/0.98/0+1.1 ms cpu, 4->5->2 MB, 4 MB goal, 0 MB stacks, 0 MB globals, 16 P
gc 3882 @11.151s 8%: 0.10+0.51+0.11 ms clock, 1.6+0.52/0.91/0.033+1.7 ms cpu, 4->5->2 MB, 5 MB goal, 0 MB stacks, 0 MB globals, 16 P
gc 3883 @11.153s 8%: 0.11+0.64+0.076 ms clock, 1.8+0.66/0.93/0.007+1.2 ms cpu, 3->4->2 MB, 4 MB goal, 0 MB stacks, 0 MB globals, 16 P
gc 3884 @11.155s 8%: 0.13+0.51+0.12 ms clock, 2.1+0.71/0.91/0+1.9 ms cpu, 4->4->2 MB, 4 MB goal, 0 MB stacks, 0 MB globals, 16 P
gc 3885 @11.156s 8%: 0.13+0.54+0.15 ms clock, 2.1+0.64/0.90/0.045+2.4 ms cpu, 4->4->2 MB, 4 MB goal, 0 MB stacks, 0 MB globals, 16 P
gc 3886 @11.158s 8%: 0.20+0.68+0.17 ms clock, 3.3+0.78/0.86/0+2.8 ms cpu, 3->4->2 MB, 4 MB goal, 0 MB stacks, 0 MB globals, 16 P
gc 3887 @11.160s 8%: 0.072+0.66+0.13 ms clock, 1.1+0.53/0.84/0.040+2.1 ms cpu, 4->5->2 MB, 5 MB goal, 0 MB stacks, 0 MB globals, 16 P
gc 3888 @11.162s 8%: 0.17+0.62+0.10 ms clock, 2.7+0.60/1.1/0.017+1.6 ms cpu, 4->4->2 MB, 4 MB goal, 0 MB stacks, 0 MB globals, 16 P
gc 3889 @11.164s 8%: 0.11+0.57+0.099 ms clock, 1.8+0.44/0.98/0+1.5 ms cpu, 4->4->2 MB, 4 MB goal, 0 MB stacks, 0 MB globals, 16 P
gc 3890 @11.165s 8%: 0.13+0.69+0.097 ms clock, 2.1+0.61/0.98/0+1.5 ms cpu, 3->4->2 MB, 4 MB goal, 0 MB stacks, 0 MB globals, 16 P
gc 3891 @11.167s 8%: 0.12+0.80+0.13 ms clock, 1.9+0.71/0.99/0+2.1 ms cpu, 4->5->2 MB, 5 MB goal, 0 MB stacks, 0 MB globals, 16 P
gc 3892 @11.169s 8%: 0.15+0.75+0.11 ms clock, 2.4+0.43/1.1/0.007+1.8 ms cpu, 4->5->2 MB, 5 MB goal, 0 MB stacks, 0 MB globals, 16 P
gc 3893 @11.172s 8%: 0.12+0.52+0.097 ms clock, 1.9+0.49/0.98/0+1.5 ms cpu, 4->5->2 MB, 5 MB goal, 0 MB stacks, 0 MB globals, 16 P
gc 3894 @11.173s 8%: 0.14+0.71+0.12 ms clock, 2.2+0.68/0.90/0.003+1.9 ms cpu, 3->4->2 MB, 4 MB goal, 0 MB stacks, 0 MB globals, 16 P
gc 3895 @11.175s 8%: 0.12+0.81+0.083 ms clock, 1.9+0.57/1.0/0+1.3 ms cpu, 4->5->2 MB, 4 MB goal, 0 MB stacks, 0 MB globals, 16 P
gc 3896 @11.177s 8%: 0.11+0.63+0.14 ms clock, 1.8+0.54/1.0/0+2.3 ms cpu, 4->5->2 MB, 5 MB goal, 0 MB stacks, 0 MB globals, 16 P
gc 3897 @11.179s 8%: 0.15+0.58+0.12 ms clock, 2.4+0.70/0.98/0.005+1.9 ms cpu, 4->4->2 MB, 4 MB goal, 0 MB stacks, 0 MB globals, 16 P
gc 3898 @11.181s 8%: 0.21+0.64+0.14 ms clock, 3.4+0.81/0.83/0.002+2.3 ms cpu, 4->4->2 MB, 4 MB goal, 0 MB stacks, 0 MB globals, 16 P
gc 3899 @11.183s 8%: 0.16+0.71+0.096 ms clock, 2.6+0.67/0.84/0+1.5 ms cpu, 4->5->2 MB, 5 MB goal, 0 MB stacks, 0 MB globals, 16 P
gc 3900 @11.184s 8%: 0.16+0.62+0.13 ms clock, 2.6+0.90/0.78/0+2.1 ms cpu, 4->5->2 MB, 5 MB goal, 0 MB stacks, 0 MB globals, 16 P
gc 3901 @11.186s 8%: 0.13+0.64+0.12 ms clock, 2.0+0.59/0.96/0+2.0 ms cpu, 4->5->2 MB, 5 MB goal, 0 MB stacks, 0 MB globals, 16 P
gc 3902 @11.188s 8%: 0.12+0.64+0.10 ms clock, 2.0+0.60/1.1/0+1.6 ms cpu, 4->5->2 MB, 5 MB goal, 0 MB stacks, 0 MB globals, 16 P
gc 3903 @11.190s 8%: 0.12+0.51+0.16 ms clock, 1.9+0.65/0.86/0.004+2.6 ms cpu, 4->4->2 MB, 4 MB goal, 0 MB stacks, 0 MB globals, 16 P
gc 3904 @11.192s 8%: 0.14+0.67+0.11 ms clock, 2.2+0.68/1.0/0+1.8 ms cpu, 3->4->2 MB, 4 MB goal, 0 MB stacks, 0 MB globals, 16 P
gc 3905 @11.194s 8%: 0.15+0.67+0.14 ms clock, 2.4+0.62/1.0/0+2.3 ms cpu, 4->4->2 MB, 4 MB goal, 0 MB stacks, 0 MB globals, 16 P
gc 3906 @11.195s 8%: 0.11+0.62+0.093 ms clock, 1.7+0.59/1.0/0+1.4 ms cpu, 4->4->2 MB, 4 MB goal, 0 MB stacks, 0 MB globals, 16 P
gc 3907 @11.197s 8%: 0.15+0.62+0.12 ms clock, 2.4+0.75/1.0/0.029+2.0 ms cpu, 4->4->2 MB, 4 MB goal, 0 MB stacks, 0 MB globals, 16 P
gc 3908 @11.199s 8%: 0.18+0.49+0.14 ms clock, 2.8+0.73/0.90/0.028+2.3 ms cpu, 4->4->2 MB, 4 MB goal, 0 MB stacks, 0 MB globals, 16 P
gc 3909 @11.201s 8%: 0.089+0.53+0.11 ms clock, 1.4+0.55/0.87/0.059+1.7 ms cpu, 3->4->2 MB, 4 MB goal, 0 MB stacks, 0 MB globals, 16 P
gc 3910 @11.202s 8%: 0.12+0.78+0.14 ms clock, 1.9+0.71/0.95/0+2.2 ms cpu, 3->5->2 MB, 4 MB goal, 0 MB stacks, 0 MB globals, 16 P
gc 3911 @11.204s 8%: 0.16+0.58+0.15 ms clock, 2.6+0.96/0.77/0+2.4 ms cpu, 4->4->2 MB, 5 MB goal, 0 MB stacks, 0 MB globals, 16 P
gc 3912 @11.206s 8%: 0.090+0.53+0.16 ms clock, 1.4+0.58/0.96/0+2.5 ms cpu, 3->4->2 MB, 4 MB goal, 0 MB stacks, 0 MB globals, 16 P
gc 3913 @11.207s 8%: 0.11+0.67+0.21 ms clock, 1.9+0.68/0.89/0.003+3.4 ms cpu, 3->4->2 MB, 4 MB goal, 0 MB stacks, 0 MB globals, 16 P
gc 3914 @11.209s 8%: 0.21+0.73+0.096 ms clock, 3.3+0.72/1.1/0+1.5 ms cpu, 4->5->2 MB, 5 MB goal, 0 MB stacks, 0 MB globals, 16 P
gc 3915 @11.211s 8%: 0.16+0.68+0.18 ms clock, 2.6+0.59/0.93/0.060+2.9 ms cpu, 4->5->2 MB, 5 MB goal, 0 MB stacks, 0 MB globals, 16 P
gc 3916 @11.213s 8%: 0.13+0.83+0.10 ms clock, 2.1+0.76/0.90/0+1.7 ms cpu, 4->5->2 MB, 5 MB goal, 0 MB stacks, 0 MB globals, 16 P
gc 3917 @11.216s 8%: 0.14+0.63+0.14 ms clock, 2.2+0.62/0.99/0.002+2.3 ms cpu, 4->5->2 MB, 5 MB goal, 0 MB stacks, 0 MB globals, 16 P
gc 3918 @11.217s 8%: 0.11+0.68+0.094 ms clock, 1.7+0.60/1.1/0.011+1.5 ms cpu, 4->5->2 MB, 4 MB goal, 0 MB stacks, 0 MB globals, 16 P
gc 3919 @11.219s 8%: 0.13+0.54+0.18 ms clock, 2.1+0.65/0.95/0.028+2.9 ms cpu, 4->4->2 MB, 4 MB goal, 0 MB stacks, 0 MB globals, 16 P
gc 3920 @11.221s 8%: 0.19+0.61+0.16 ms clock, 3.1+0.60/0.88/0+2.6 ms cpu, 3->4->2 MB, 4 MB goal, 0 MB stacks, 0 MB globals, 16 P
gc 3921 @11.223s 8%: 0.10+0.79+0.050 ms clock, 1.6+0.46/1.0/0+0.80 ms cpu, 4->5->2 MB, 5 MB goal, 0 MB stacks, 0 MB globals, 16 P
gc 3922 @11.225s 8%: 0.16+0.66+0.17 ms clock, 2.6+0.65/0.93/0+2.8 ms cpu, 4->5->2 MB, 5 MB goal, 0 MB stacks, 0 MB globals, 16 P
gc 3923 @11.227s 8%: 0.18+0.68+0.16 ms clock, 2.8+0.72/0.98/0+2.6 ms cpu, 4->5->2 MB, 5 MB goal, 0 MB stacks, 0 MB globals, 16 P
gc 3924 @11.229s 8%: 0.14+0.68+0.13 ms clock, 2.3+0.60/0.89/0.007+2.0 ms cpu, 4->5->2 MB, 5 MB goal, 0 MB stacks, 0 MB globals, 16 P
gc 3925 @11.231s 8%: 0.21+0.67+0.13 ms clock, 3.3+0.66/0.85/0+2.1 ms cpu, 4->5->2 MB, 5 MB goal, 0 MB stacks, 0 MB globals, 16 P
gc 3926 @11.233s 8%: 0.11+0.63+0.10 ms clock, 1.7+0.56/0.95/0+1.6 ms cpu, 4->5->2 MB, 4 MB goal, 0 MB stacks, 0 MB globals, 16 P
gc 3927 @11.235s 8%: 0.23+0.58+0.13 ms clock, 3.7+0.68/0.84/0+2.1 ms cpu, 4->4->2 MB, 4 MB goal, 0 MB stacks, 0 MB globals, 16 P
gc 3928 @11.236s 8%: 0.11+0.90+0.17 ms clock, 1.8+0.60/1.0/0+2.8 ms cpu, 4->5->2 MB, 4 MB goal, 0 MB stacks, 0 MB globals, 16 P
gc 3929 @11.238s 8%: 0.11+0.53+0.19 ms clock, 1.8+0.51/0.92/0+3.1 ms cpu, 4->5->2 MB, 5 MB goal, 0 MB stacks, 0 MB globals, 16 P
gc 3930 @11.240s 8%: 0.15+0.56+0.098 ms clock, 2.4+0.51/1.0/0+1.5 ms cpu, 3->4->2 MB, 4 MB goal, 0 MB stacks, 0 MB globals, 16 P
gc 3931 @11.242s 8%: 0.15+0.56+0.21 ms clock, 2.4+0.70/0.86/0+3.3 ms cpu, 3->4->2 MB, 4 MB goal, 0 MB stacks, 0 MB globals, 16 P
gc 3932 @11.243s 8%: 0.15+0.59+0.098 ms clock, 2.5+0.68/1.0/0+1.5 ms cpu, 3->4->2 MB, 4 MB goal, 0 MB stacks, 0 MB globals, 16 P
gc 3933 @11.245s 8%: 0.14+0.82+0.072 ms clock, 2.2+0.70/0.94/0+1.1 ms cpu, 4->5->2 MB, 4 MB goal, 0 MB stacks, 0 MB globals, 16 P
gc 3934 @11.247s 8%: 0.13+0.73+0.077 ms clock, 2.1+0.55/0.92/0+1.2 ms cpu, 4->5->2 MB, 5 MB goal, 0 MB stacks, 0 MB globals, 16 P
gc 3935 @11.249s 8%: 0.11+0.69+0.16 ms clock, 1.7+0.59/1.0/0.005+2.7 ms cpu, 4->4->2 MB, 4 MB goal, 0 MB stacks, 0 MB globals, 16 P
gc 3936 @11.251s 8%: 0.14+0.70+0.14 ms clock, 2.3+0.70/0.91/0.044+2.3 ms cpu, 4->5->2 MB, 4 MB goal, 0 MB stacks, 0 MB globals, 16 P
gc 3937 @11.253s 8%: 0.12+0.72+0.078 ms clock, 1.9+0.65/0.98/0+1.2 ms cpu, 4->4->2 MB, 4 MB goal, 0 MB stacks, 0 MB globals, 16 P
gc 3938 @11.255s 8%: 0.17+0.53+0.12 ms clock, 2.8+0.61/0.87/0+2.0 ms cpu, 4->4->2 MB, 4 MB goal, 0 MB stacks, 0 MB globals, 16 P
gc 3939 @11.256s 8%: 0.11+0.88+0.10 ms clock, 1.8+0.64/0.99/0+1.6 ms cpu, 3->4->2 MB, 4 MB goal, 0 MB stacks, 0 MB globals, 16 P
gc 3940 @11.258s 8%: 0.13+0.92+0.12 ms clock, 2.1+0.68/1.0/0+2.0 ms cpu, 4->5->2 MB, 5 MB goal, 0 MB stacks, 0 MB globals, 16 P
gc 3941 @11.261s 8%: 0.12+0.51+0.10 ms clock, 2.0+0.56/1.0/0+1.6 ms cpu, 4->5->2 MB, 5 MB goal, 0 MB stacks, 0 MB globals, 16 P
gc 3942 @11.262s 8%: 0.10+0.71+0.18 ms clock, 1.7+0.67/0.96/0+3.0 ms cpu, 3->4->2 MB, 4 MB goal, 0 MB stacks, 0 MB globals, 16 P
gc 3943 @11.264s 8%: 0.13+0.63+0.13 ms clock, 2.1+0.64/1.0/0+2.2 ms cpu, 4->5->2 MB, 4 MB goal, 0 MB stacks, 0 MB globals, 16 P
gc 3944 @11.266s 8%: 0.17+0.79+0.11 ms clock, 2.7+0.76/0.96/0.046+1.7 ms cpu, 4->5->2 MB, 5 MB goal, 0 MB stacks, 0 MB globals, 16 P
gc 3945 @11.268s 8%: 0.15+0.71+0.093 ms clock, 2.4+0.81/0.90/0+1.4 ms cpu, 4->5->2 MB, 5 MB goal, 0 MB stacks, 0 MB globals, 16 P
gc 3946 @11.270s 8%: 0.11+0.63+0.15 ms clock, 1.8+0.76/0.81/0.074+2.5 ms cpu, 4->5->2 MB, 5 MB goal, 0 MB stacks, 0 MB globals, 16 P
gc 3947 @11.272s 8%: 0.15+0.53+0.14 ms clock, 2.4+0.57/0.95/0+2.2 ms cpu, 3->4->2 MB, 4 MB goal, 0 MB stacks, 0 MB globals, 16 P
gc 3948 @11.274s 8%: 0.17+0.67+0.11 ms clock, 2.8+1.0/0.95/0+1.8 ms cpu, 4->5->2 MB, 4 MB goal, 0 MB stacks, 0 MB globals, 16 P
gc 3949 @11.276s 8%: 0.14+0.72+0.099 ms clock, 2.2+0.51/1.2/0+1.5 ms cpu, 4->5->2 MB, 5 MB goal, 0 MB stacks, 0 MB globals, 16 P
gc 3950 @11.278s 8%: 0.13+0.63+0.18 ms clock, 2.1+0.69/1.0/0.024+3.0 ms cpu, 4->5->2 MB, 5 MB goal, 0 MB stacks, 0 MB globals, 16 P
gc 3951 @11.279s 8%: 0.099+0.71+0.080 ms clock, 1.5+0.47/0.86/0+1.2 ms cpu, 3->4->2 MB, 4 MB goal, 0 MB stacks, 0 MB globals, 16 P
gc 3952 @11.281s 8%: 0.14+0.57+0.21 ms clock, 2.3+0.75/1.0/0+3.3 ms cpu, 4->4->2 MB, 4 MB goal, 0 MB stacks, 0 MB globals, 16 P
gc 3953 @11.283s 8%: 0.17+0.65+0.10 ms clock, 2.8+0.80/0.80/0+1.6 ms cpu, 3->4->2 MB, 4 MB goal, 0 MB stacks, 0 MB globals, 16 P
gc 3954 @11.285s 8%: 0.15+0.67+0.13 ms clock, 2.4+0.68/1.0/0+2.1 ms cpu, 3->5->2 MB, 4 MB goal, 0 MB stacks, 0 MB globals, 16 P
gc 3955 @11.287s 8%: 0.10+0.70+0.20 ms clock, 1.6+0.70/1.0/0+3.2 ms cpu, 4->5->2 MB, 5 MB goal, 0 MB stacks, 0 MB globals, 16 P
gc 3956 @11.288s 8%: 0.15+0.62+0.12 ms clock, 2.4+0.70/0.95/0+1.9 ms cpu, 4->5->2 MB, 4 MB goal, 0 MB stacks, 0 MB globals, 16 P
gc 3957 @11.290s 8%: 0.22+0.70+0.098 ms clock, 3.5+0.59/1.0/0+1.5 ms cpu, 4->4->2 MB, 4 MB goal, 0 MB stacks, 0 MB globals, 16 P
gc 3958 @11.292s 8%: 0.15+0.64+0.10 ms clock, 2.4+0.66/0.92/0.018+1.6 ms cpu, 4->4->2 MB, 4 MB goal, 0 MB stacks, 0 MB globals, 16 P
gc 3959 @11.294s 8%: 0.12+0.75+0.082 ms clock, 1.9+0.65/0.91/0.003+1.3 ms cpu, 4->5->2 MB, 4 MB goal, 0 MB stacks, 0 MB globals, 16 P
gc 3960 @11.296s 8%: 0.14+0.86+0.085 ms clock, 2.2+0.60/0.99/0+1.3 ms cpu, 4->5->2 MB, 4 MB goal, 0 MB stacks, 0 MB globals, 16 P
gc 3961 @11.298s 8%: 0.17+0.74+0.073 ms clock, 2.7+0.61/0.90/0+1.1 ms cpu, 4->5->2 MB, 5 MB goal, 0 MB stacks, 0 MB globals, 16 P
gc 3962 @11.300s 8%: 0.14+0.68+0.14 ms clock, 2.3+0.65/1.0/0.013+2.3 ms cpu, 4->5->2 MB, 5 MB goal, 0 MB stacks, 0 MB globals, 16 P
gc 3963 @11.302s 8%: 0.13+0.64+0.081 ms clock, 2.1+0.53/0.97/0+1.3 ms cpu, 4->5->2 MB, 5 MB goal, 0 MB stacks, 0 MB globals, 16 P
gc 3964 @11.304s 8%: 0.13+0.73+0.096 ms clock, 2.1+0.74/1.0/0.017+1.5 ms cpu, 4->5->2 MB, 4 MB goal, 0 MB stacks, 0 MB globals, 16 P
gc 3965 @11.306s 8%: 0.15+0.59+0.12 ms clock, 2.5+0.62/1.0/0+2.0 ms cpu, 4->5->2 MB, 5 MB goal, 0 MB stacks, 0 MB globals, 16 P
gc 3966 @11.308s 8%: 0.17+0.65+0.098 ms clock, 2.7+0.61/0.98/0+1.5 ms cpu, 4->5->2 MB, 4 MB goal, 0 MB stacks, 0 MB globals, 16 P
gc 3967 @11.310s 8%: 0.13+0.55+0.14 ms clock, 2.2+0.51/1.0/0+2.3 ms cpu, 4->5->2 MB, 5 MB goal, 0 MB stacks, 0 MB globals, 16 P
gc 3968 @11.311s 8%: 0.14+0.79+0.075 ms clock, 2.3+0.67/0.80/0+1.2 ms cpu, 4->5->2 MB, 4 MB goal, 0 MB stacks, 0 MB globals, 16 P
gc 3969 @11.313s 8%: 0.15+0.68+0.12 ms clock, 2.5+0.69/0.97/0+1.9 ms cpu, 4->5->2 MB, 5 MB goal, 0 MB stacks, 0 MB globals, 16 P
gc 3970 @11.315s 8%: 0.12+0.73+0.12 ms clock, 1.9+0.91/1.0/0+2.0 ms cpu, 4->5->2 MB, 4 MB goal, 0 MB stacks, 0 MB globals, 16 P
gc 3971 @11.317s 8%: 0.14+0.85+0.12 ms clock, 2.2+0.78/1.1/0+2.0 ms cpu, 4->5->2 MB, 5 MB goal, 0 MB stacks, 0 MB globals, 16 P
gc 3972 @11.319s 8%: 0.11+0.59+0.11 ms clock, 1.8+0.52/0.95/0+1.7 ms cpu, 4->5->2 MB, 5 MB goal, 0 MB stacks, 0 MB globals, 16 P
gc 3973 @11.321s 8%: 0.10+0.51+0.11 ms clock, 1.7+0.65/0.86/0+1.8 ms cpu, 4->4->2 MB, 4 MB goal, 0 MB stacks, 0 MB globals, 16 P
gc 3974 @11.323s 8%: 0.13+0.70+0.10 ms clock, 2.1+0.59/0.96/0+1.7 ms cpu, 3->4->2 MB, 4 MB goal, 0 MB stacks, 0 MB globals, 16 P
gc 3975 @11.324s 8%: 0.15+0.45+0.13 ms clock, 2.5+0.53/0.90/0+2.1 ms cpu, 3->4->2 MB, 4 MB goal, 0 MB stacks, 0 MB globals, 16 P
gc 3976 @11.326s 8%: 0.17+0.66+0.11 ms clock, 2.7+0.62/1.0/0+1.8 ms cpu, 3->4->2 MB, 4 MB goal, 0 MB stacks, 0 MB globals, 16 P
gc 3977 @11.328s 8%: 0.17+0.59+0.13 ms clock, 2.8+0.81/1.0/0.002+2.1 ms cpu, 4->5->2 MB, 5 MB goal, 0 MB stacks, 0 MB globals, 16 P
gc 3978 @11.329s 8%: 0.12+0.61+0.083 ms clock, 1.9+0.72/1.1/0+1.3 ms cpu, 4->4->2 MB, 4 MB goal, 0 MB stacks, 0 MB globals, 16 P
gc 3979 @11.331s 8%: 0.10+0.69+0.17 ms clock, 1.7+0.64/1.0/0+2.7 ms cpu, 3->4->2 MB, 4 MB goal, 0 MB stacks, 0 MB globals, 16 P
gc 3980 @11.333s 8%: 0.19+0.64+0.17 ms clock, 3.1+0.73/0.98/0+2.8 ms cpu, 4->5->2 MB, 5 MB goal, 0 MB stacks, 0 MB globals, 16 P
gc 3981 @11.335s 8%: 0.12+0.71+0.11 ms clock, 2.0+0.76/0.99/0+1.8 ms cpu, 4->5->2 MB, 5 MB goal, 0 MB stacks, 0 MB globals, 16 P
gc 3982 @11.337s 8%: 0.19+0.67+0.12 ms clock, 3.0+0.81/0.93/0.031+1.9 ms cpu, 4->5->2 MB, 4 MB goal, 0 MB stacks, 0 MB globals, 16 P
gc 3983 @11.339s 8%: 0.14+0.68+0.18 ms clock, 2.3+0.79/0.89/0.088+2.9 ms cpu, 4->5->2 MB, 5 MB goal, 0 MB stacks, 0 MB globals, 16 P
gc 3984 @11.341s 8%: 0.13+0.73+0.10 ms clock, 2.1+0.66/1.0/0+1.6 ms cpu, 4->5->2 MB, 4 MB goal, 0 MB stacks, 0 MB globals, 16 P
gc 3985 @11.343s 8%: 0.13+0.52+0.15 ms clock, 2.2+0.73/0.91/0+2.4 ms cpu, 4->4->2 MB, 5 MB goal, 0 MB stacks, 0 MB globals, 16 P
gc 3986 @11.344s 8%: 0.15+0.66+0.14 ms clock, 2.4+0.56/0.92/0.021+2.2 ms cpu, 3->4->2 MB, 4 MB goal, 0 MB stacks, 0 MB globals, 16 P
gc 3987 @11.346s 8%: 0.18+0.72+0.30 ms clock, 3.0+0.79/0.83/0+4.8 ms cpu, 4->5->2 MB, 5 MB goal, 0 MB stacks, 0 MB globals, 16 P
gc 3988 @11.348s 8%: 0.16+0.69+0.15 ms clock, 2.5+0.69/0.90/0+2.5 ms cpu, 4->5->2 MB, 5 MB goal, 0 MB stacks, 0 MB globals, 16 P
gc 3989 @11.350s 8%: 0.14+0.62+0.15 ms clock, 2.3+0.72/0.90/0.018+2.5 ms cpu, 4->5->2 MB, 5 MB goal, 0 MB stacks, 0 MB globals, 16 P
gc 3990 @11.352s 8%: 0.12+0.59+0.13 ms clock, 2.0+0.59/0.92/0.001+2.1 ms cpu, 4->4->2 MB, 4 MB goal, 0 MB stacks, 0 MB globals, 16 P
gc 3991 @11.354s 8%: 0.12+0.52+0.14 ms clock, 2.0+0.67/0.91/0.003+2.2 ms cpu, 4->4->2 MB, 4 MB goal, 0 MB stacks, 0 MB globals, 16 P
gc 3992 @11.355s 8%: 0.12+0.53+0.19 ms clock, 1.9+0.78/0.79/0+3.1 ms cpu, 3->4->2 MB, 4 MB goal, 0 MB stacks, 0 MB globals, 16 P
gc 3993 @11.357s 8%: 0.093+0.68+0.15 ms clock, 1.4+0.41/0.95/0+2.5 ms cpu, 3->4->2 MB, 4 MB goal, 0 MB stacks, 0 MB globals, 16 P
gc 3994 @11.359s 8%: 0.20+0.64+0.13 ms clock, 3.2+0.71/0.94/0+2.1 ms cpu, 4->5->2 MB, 4 MB goal, 0 MB stacks, 0 MB globals, 16 P
gc 3995 @11.360s 8%: 0.21+0.66+0.088 ms clock, 3.4+0.66/0.88/0+1.4 ms cpu, 4->5->2 MB, 4 MB goal, 0 MB stacks, 0 MB globals, 16 P
gc 3996 @11.363s 8%: 0.094+0.60+0.14 ms clock, 1.5+0.54/0.92/0.004+2.2 ms cpu, 4->5->2 MB, 5 MB goal, 0 MB stacks, 0 MB globals, 16 P
gc 3997 @11.364s 8%: 0.15+0.59+0.11 ms clock, 2.5+0.57/0.99/0+1.7 ms cpu, 4->4->2 MB, 4 MB goal, 0 MB stacks, 0 MB globals, 16 P
gc 3998 @11.366s 8%: 0.13+0.70+0.19 ms clock, 2.1+0.70/0.87/0.10+3.1 ms cpu, 4->5->2 MB, 4 MB goal, 0 MB stacks, 0 MB globals, 16 P
gc 3999 @11.368s 8%: 0.10+0.63+0.099 ms clock, 1.6+0.59/0.90/0+1.5 ms cpu, 4->5->2 MB, 5 MB goal, 0 MB stacks, 0 MB globals, 16 P
gc 4000 @11.370s 8%: 0.13+0.60+0.17 ms clock, 2.1+0.75/0.97/0.007+2.8 ms cpu, 3->4->2 MB, 4 MB goal, 0 MB stacks, 0 MB globals, 16 P
gc 4001 @11.372s 8%: 0.10+0.47+0.12 ms clock, 1.7+0.56/0.84/0+1.9 ms cpu, 4->4->2 MB, 4 MB goal, 0 MB stacks, 0 MB globals, 16 P
gc 4002 @11.373s 8%: 0.13+0.50+0.17 ms clock, 2.2+0.61/0.82/0+2.8 ms cpu, 3->4->2 MB, 4 MB goal, 0 MB stacks, 0 MB globals, 16 P
gc 4003 @11.375s 8%: 0.11+0.50+0.17 ms clock, 1.8+0.58/0.95/0+2.8 ms cpu, 3->4->2 MB, 4 MB goal, 0 MB stacks, 0 MB globals, 16 P
gc 4004 @11.376s 8%: 0.10+0.71+0.078 ms clock, 1.6+0.57/0.88/0+1.2 ms cpu, 3->4->2 MB, 4 MB goal, 0 MB stacks, 0 MB globals, 16 P
gc 4005 @11.378s 8%: 0.12+0.55+0.17 ms clock, 1.9+0.78/0.94/0+2.7 ms cpu, 4->4->2 MB, 4 MB goal, 0 MB stacks, 0 MB globals, 16 P
gc 4006 @11.380s 8%: 0.20+0.69+0.099 ms clock, 3.2+0.75/0.95/0+1.5 ms cpu, 3->4->2 MB, 4 MB goal, 0 MB stacks, 0 MB globals, 16 P
gc 4007 @11.382s 8%: 0.12+0.74+0.095 ms clock, 1.9+0.84/0.88/0.006+1.5 ms cpu, 4->5->2 MB, 5 MB goal, 0 MB stacks, 0 MB globals, 16 P
gc 4008 @11.384s 8%: 0.14+0.62+0.13 ms clock, 2.3+0.62/0.74/0.095+2.1 ms cpu, 4->4->2 MB, 5 MB goal, 0 MB stacks, 0 MB globals, 16 P
gc 4009 @11.385s 8%: 0.13+0.61+0.13 ms clock, 2.1+0.66/0.95/0+2.1 ms cpu, 4->4->2 MB, 4 MB goal, 0 MB stacks, 0 MB globals, 16 P
gc 4010 @11.387s 8%: 0.13+0.58+0.10 ms clock, 2.1+0.63/0.95/0.035+1.6 ms cpu, 4->4->2 MB, 4 MB goal, 0 MB stacks, 0 MB globals, 16 P
gc 4011 @11.389s 8%: 0.11+0.71+0.14 ms clock, 1.9+0.81/0.83/0+2.2 ms cpu, 4->4->2 MB, 4 MB goal, 0 MB stacks, 0 MB globals, 16 P
gc 4012 @11.391s 8%: 0.095+0.51+0.14 ms clock, 1.5+0.41/0.93/0.050+2.3 ms cpu, 4->4->2 MB, 4 MB goal, 0 MB stacks, 0 MB globals, 16 P
gc 4013 @11.392s 8%: 0.17+0.53+0.10 ms clock, 2.8+0.88/0.94/0+1.7 ms cpu, 3->4->2 MB, 4 MB goal, 0 MB stacks, 0 MB globals, 16 P
gc 4014 @11.394s 8%: 0.15+0.50+0.15 ms clock, 2.4+0.39/0.96/0+2.5 ms cpu, 3->4->2 MB, 4 MB goal, 0 MB stacks, 0 MB globals, 16 P
gc 4015 @11.395s 8%: 0.17+0.67+0.077 ms clock, 2.7+0.79/0.75/0+1.2 ms cpu, 3->4->2 MB, 4 MB goal, 0 MB stacks, 0 MB globals, 16 P
gc 4016 @11.397s 8%: 0.13+0.53+0.17 ms clock, 2.2+0.64/0.89/0+2.7 ms cpu, 4->4->2 MB, 4 MB goal, 0 MB stacks, 0 MB globals, 16 P
gc 4017 @11.399s 8%: 0.080+0.63+0.078 ms clock, 1.2+0.69/0.98/0+1.2 ms cpu, 3->4->2 MB, 4 MB goal, 0 MB stacks, 0 MB globals, 16 P
gc 4018 @11.400s 8%: 0.18+0.64+0.10 ms clock, 2.9+0.65/0.86/0.001+1.6 ms cpu, 3->4->2 MB, 4 MB goal, 0 MB stacks, 0 MB globals, 16 P
gc 4019 @11.402s 8%: 0.13+0.71+0.10 ms clock, 2.1+0.75/0.75/0.046+1.6 ms cpu, 4->5->2 MB, 4 MB goal, 0 MB stacks, 0 MB globals, 16 P
gc 4020 @11.404s 8%: 0.071+0.76+0.073 ms clock, 1.1+0.63/1.1/0.006+1.1 ms cpu, 4->5->2 MB, 4 MB goal, 0 MB stacks, 0 MB globals, 16 P
gc 4021 @11.406s 8%: 0.11+0.56+0.18 ms clock, 1.8+0.56/0.92/0+2.9 ms cpu, 4->4->2 MB, 4 MB goal, 0 MB stacks, 0 MB globals, 16 P
gc 4022 @11.408s 8%: 0.13+0.55+0.13 ms clock, 2.1+0.65/0.90/0+2.1 ms cpu, 3->4->2 MB, 4 MB goal, 0 MB stacks, 0 MB globals, 16 P
gc 4023 @11.409s 8%: 0.11+0.78+0.12 ms clock, 1.8+0.70/0.79/0.045+2.0 ms cpu, 4->4->2 MB, 4 MB goal, 0 MB stacks, 0 MB globals, 16 P
gc 4024 @11.411s 8%: 0.14+0.64+0.083 ms clock, 2.2+0.60/0.99/0+1.3 ms cpu, 4->4->2 MB, 4 MB goal, 0 MB stacks, 0 MB globals, 16 P
gc 4025 @11.413s 8%: 0.11+0.54+0.13 ms clock, 1.8+0.58/0.97/0.018+2.1 ms cpu, 4->4->2 MB, 4 MB goal, 0 MB stacks, 0 MB globals, 16 P
gc 4026 @11.414s 8%: 0.15+0.65+0.23 ms clock, 2.5+0.71/0.92/0+3.7 ms cpu, 3->5->2 MB, 4 MB goal, 0 MB stacks, 0 MB globals, 16 P
gc 4027 @11.416s 8%: 0.15+0.56+0.14 ms clock, 2.4+0.76/0.88/0.025+2.2 ms cpu, 4->5->2 MB, 5 MB goal, 0 MB stacks, 0 MB globals, 16 P
gc 4028 @11.418s 8%: 0.17+0.62+0.11 ms clock, 2.7+0.65/0.97/0+1.8 ms cpu, 4->4->2 MB, 4 MB goal, 0 MB stacks, 0 MB globals, 16 P
gc 4029 @11.420s 8%: 0.14+0.72+0.11 ms clock, 2.2+0.80/0.81/0+1.8 ms cpu, 4->5->2 MB, 5 MB goal, 0 MB stacks, 0 MB globals, 16 P
gc 4030 @11.422s 8%: 0.16+0.51+0.22 ms clock, 2.6+0.76/0.79/0+3.6 ms cpu, 4->4->2 MB, 5 MB goal, 0 MB stacks, 0 MB globals, 16 P
gc 4031 @11.424s 8%: 0.19+0.70+0.15 ms clock, 3.0+0.74/1.0/0+2.5 ms cpu, 4->5->2 MB, 4 MB goal, 0 MB stacks, 0 MB globals, 16 P
gc 4032 @11.426s 8%: 0.13+0.63+0.092 ms clock, 2.1+0.76/1.0/0+1.4 ms cpu, 4->5->2 MB, 5 MB goal, 0 MB stacks, 0 MB globals, 16 P
gc 4033 @11.428s 8%: 0.10+0.78+0.089 ms clock, 1.7+0.75/0.80/0+1.4 ms cpu, 4->5->2 MB, 5 MB goal, 0 MB stacks, 0 MB globals, 16 P
gc 4034 @11.430s 8%: 0.12+0.56+0.17 ms clock, 1.9+0.54/1.0/0+2.8 ms cpu, 4->5->2 MB, 5 MB goal, 0 MB stacks, 0 MB globals, 16 P
gc 4035 @11.431s 8%: 0.12+0.54+0.13 ms clock, 1.9+0.70/0.83/0+2.2 ms cpu, 3->4->2 MB, 4 MB goal, 0 MB stacks, 0 MB globals, 16 P
gc 4036 @11.433s 8%: 0.11+0.51+0.20 ms clock, 1.7+0.64/0.86/0+3.3 ms cpu, 3->4->2 MB, 4 MB goal, 0 MB stacks, 0 MB globals, 16 P
gc 4037 @11.435s 8%: 0.14+0.62+0.17 ms clock, 2.2+0.71/0.99/0+2.7 ms cpu, 3->4->2 MB, 4 MB goal, 0 MB stacks, 0 MB globals, 16 P
gc 4038 @11.436s 8%: 0.14+0.66+0.096 ms clock, 2.2+0.63/0.88/0+1.5 ms cpu, 4->4->2 MB, 4 MB goal, 0 MB stacks, 0 MB globals, 16 P
gc 4039 @11.438s 8%: 0.14+0.53+0.092 ms clock, 2.2+0.60/1.0/0+1.4 ms cpu, 3->4->2 MB, 4 MB goal, 0 MB stacks, 0 MB globals, 16 P
gc 4040 @11.440s 8%: 0.12+0.64+0.080 ms clock, 1.9+0.77/0.90/0+1.2 ms cpu, 4->4->2 MB, 4 MB goal, 0 MB stacks, 0 MB globals, 16 P
gc 4041 @11.442s 8%: 0.20+0.65+0.13 ms clock, 3.2+0.88/0.99/0.003+2.1 ms cpu, 4->4->2 MB, 4 MB goal, 0 MB stacks, 0 MB globals, 16 P
gc 4042 @11.444s 8%: 0.098+0.59+0.098 ms clock, 1.5+0.52/1.0/0.017+1.5 ms cpu, 4->5->2 MB, 5 MB goal, 0 MB stacks, 0 MB globals, 16 P
gc 4043 @11.445s 8%: 0.13+0.53+0.18 ms clock, 2.1+0.66/0.85/0.066+2.9 ms cpu, 4->4->2 MB, 4 MB goal, 0 MB stacks, 0 MB globals, 16 P
gc 4044 @11.447s 8%: 0.17+0.65+0.079 ms clock, 2.7+0.61/1.0/0+1.2 ms cpu, 3->4->2 MB, 4 MB goal, 0 MB stacks, 0 MB globals, 16 P
gc 4045 @11.449s 8%: 0.13+0.76+0.16 ms clock, 2.1+0.54/0.98/0.024+2.6 ms cpu, 4->5->2 MB, 4 MB goal, 0 MB stacks, 0 MB globals, 16 P
gc 4046 @11.451s 8%: 0.19+0.65+0.12 ms clock, 3.1+0.77/0.85/0+2.0 ms cpu, 4->5->2 MB, 5 MB goal, 0 MB stacks, 0 MB globals, 16 P
gc 4047 @11.453s 8%: 0.13+0.48+0.16 ms clock, 2.1+0.71/0.74/0+2.7 ms cpu, 4->4->2 MB, 5 MB goal, 0 MB stacks, 0 MB globals, 16 P
gc 4048 @11.454s 8%: 0.16+0.64+0.14 ms clock, 2.6+0.66/0.97/0+2.2 ms cpu, 3->4->2 MB, 4 MB goal, 0 MB stacks, 0 MB globals, 16 P
gc 4049 @11.456s 8%: 0.10+0.62+0.088 ms clock, 1.6+0.51/0.94/0+1.4 ms cpu, 4->4->2 MB, 4 MB goal, 0 MB stacks, 0 MB globals, 16 P
gc 4050 @11.457s 8%: 0.23+0.62+0.12 ms clock, 3.7+0.80/1.1/0+1.9 ms cpu, 3->4->2 MB, 4 MB goal, 0 MB stacks, 0 MB globals, 16 P
gc 4051 @11.459s 8%: 0.15+0.58+0.10 ms clock, 2.4+0.62/1.0/0+1.6 ms cpu, 4->5->2 MB, 5 MB goal, 0 MB stacks, 0 MB globals, 16 P
gc 4052 @11.461s 8%: 0.11+0.69+0.10 ms clock, 1.8+0.59/0.89/0+1.6 ms cpu, 4->4->2 MB, 4 MB goal, 0 MB stacks, 0 MB globals, 16 P
gc 4053 @11.463s 8%: 0.12+0.53+0.20 ms clock, 1.9+0.58/1.0/0.006+3.2 ms cpu, 4->4->2 MB, 4 MB goal, 0 MB stacks, 0 MB globals, 16 P
gc 4054 @11.464s 8%: 0.11+0.60+0.12 ms clock, 1.8+0.59/0.83/0+1.9 ms cpu, 3->4->2 MB, 4 MB goal, 0 MB stacks, 0 MB globals, 16 P
gc 4055 @11.466s 8%: 0.12+0.53+0.12 ms clock, 2.0+0.63/1.0/0+1.9 ms cpu, 3->4->2 MB, 4 MB goal, 0 MB stacks, 0 MB globals, 16 P
gc 4056 @11.468s 8%: 0.16+0.52+0.16 ms clock, 2.6+0.68/0.85/0+2.5 ms cpu, 3->4->2 MB, 4 MB goal, 0 MB stacks, 0 MB globals, 16 P
gc 4057 @11.469s 8%: 0.15+0.66+0.11 ms clock, 2.4+0.57/1.1/0+1.7 ms cpu, 3->4->2 MB, 4 MB goal, 0 MB stacks, 0 MB globals, 16 P
gc 4058 @11.471s 8%: 0.12+0.65+0.22 ms clock, 2.0+0.71/0.94/0+3.5 ms cpu, 4->5->2 MB, 4 MB goal, 0 MB stacks, 0 MB globals, 16 P
gc 4059 @11.473s 8%: 0.13+0.64+0.098 ms clock, 2.1+0.66/0.94/0.007+1.5 ms cpu, 4->5->2 MB, 5 MB goal, 0 MB stacks, 0 MB globals, 16 P
gc 4060 @11.475s 8%: 0.13+0.61+0.15 ms clock, 2.2+0.51/0.97/0+2.5 ms cpu, 4->4->2 MB, 4 MB goal, 0 MB stacks, 0 MB globals, 16 P
gc 4061 @11.477s 8%: 0.13+0.69+0.14 ms clock, 2.2+0.53/1.0/0.001+2.3 ms cpu, 4->5->2 MB, 4 MB goal, 0 MB stacks, 0 MB globals, 16 P
gc 4062 @11.479s 8%: 0.10+0.50+0.18 ms clock, 1.6+0.63/1.0/0.009+2.9 ms cpu, 4->4->2 MB, 4 MB goal, 0 MB stacks, 0 MB globals, 16 P
gc 4063 @11.480s 8%: 0.14+0.55+0.12 ms clock, 2.3+0.72/0.88/0+2.0 ms cpu, 3->4->2 MB, 4 MB goal, 0 MB stacks, 0 MB globals, 16 P
gc 4064 @11.482s 8%: 0.18+0.73+0.12 ms clock, 2.9+0.77/0.92/0+2.0 ms cpu, 4->4->2 MB, 4 MB goal, 0 MB stacks, 0 MB globals, 16 P
gc 4065 @11.484s 8%: 0.16+0.59+0.094 ms clock, 2.6+0.61/0.97/0.049+1.5 ms cpu, 4->5->2 MB, 5 MB goal, 0 MB stacks, 0 MB globals, 16 P
gc 4066 @11.486s 8%: 0.15+0.51+0.15 ms clock, 2.4+0.59/0.99/0+2.4 ms cpu, 4->4->2 MB, 4 MB goal, 0 MB stacks, 0 MB globals, 16 P
gc 4067 @11.487s 8%: 0.10+0.53+0.076 ms clock, 1.7+0.71/0.85/0.019+1.2 ms cpu, 3->4->2 MB, 4 MB goal, 0 MB stacks, 0 MB globals, 16 P
gc 4068 @11.489s 8%: 0.11+0.66+0.14 ms clock, 1.8+0.65/0.92/0.027+2.2 ms cpu, 3->4->2 MB, 4 MB goal, 0 MB stacks, 0 MB globals, 16 P
gc 4069 @11.491s 8%: 0.12+0.70+0.11 ms clock, 2.0+0.55/0.96/0.003+1.8 ms cpu, 4->4->2 MB, 4 MB goal, 0 MB stacks, 0 MB globals, 16 P
gc 4070 @11.493s 8%: 0.13+0.58+0.076 ms clock, 2.1+0.46/0.90/0+1.2 ms cpu, 4->4->2 MB, 4 MB goal, 0 MB stacks, 0 MB globals, 16 P
gc 4071 @11.494s 8%: 0.13+0.80+0.080 ms clock, 2.1+0.55/0.85/0.077+1.2 ms cpu, 3->4->2 MB, 4 MB goal, 0 MB stacks, 0 MB globals, 16 P
gc 4072 @11.496s 8%: 0.12+0.61+0.085 ms clock, 2.0+0.80/0.88/0+1.3 ms cpu, 4->5->2 MB, 5 MB goal, 0 MB stacks, 0 MB globals, 16 P
gc 4073 @11.498s 8%: 0.12+0.68+0.10 ms clock, 2.0+0.76/0.89/0+1.6 ms cpu, 3->4->2 MB, 4 MB goal, 0 MB stacks, 0 MB globals, 16 P
gc 4074 @11.500s 8%: 0.17+0.62+0.13 ms clock, 2.8+0.64/0.93/0+2.1 ms cpu, 4->4->2 MB, 4 MB goal, 0 MB stacks, 0 MB globals, 16 P
gc 4075 @11.502s 8%: 0.18+0.65+0.084 ms clock, 2.9+0.71/1.0/0+1.3 ms cpu, 4->5->2 MB, 4 MB goal, 0 MB stacks, 0 MB globals, 16 P
gc 4076 @11.503s 8%: 0.12+0.64+0.10 ms clock, 2.0+0.49/0.87/0+1.6 ms cpu, 4->5->2 MB, 5 MB goal, 0 MB stacks, 0 MB globals, 16 P
gc 4077 @11.505s 8%: 0.12+0.83+0.091 ms clock, 2.0+0.62/1.0/0+1.4 ms cpu, 4->5->2 MB, 4 MB goal, 0 MB stacks, 0 MB globals, 16 P
gc 4078 @11.507s 8%: 0.10+0.66+0.16 ms clock, 1.7+0.63/0.92/0+2.6 ms cpu, 4->5->2 MB, 5 MB goal, 0 MB stacks, 0 MB globals, 16 P
gc 4079 @11.509s 8%: 0.11+0.58+0.051 ms clock, 1.7+0.64/0.88/0.001+0.81 ms cpu, 4->4->2 MB, 4 MB goal, 0 MB stacks, 0 MB globals, 16 P
gc 4080 @11.511s 8%: 0.15+0.75+0.10 ms clock, 2.4+0.66/0.96/0.040+1.7 ms cpu, 3->4->2 MB, 4 MB goal, 0 MB stacks, 0 MB globals, 16 P
gc 4081 @11.512s 8%: 0.18+0.66+0.10 ms clock, 2.9+0.63/1.0/0+1.6 ms cpu, 4->5->2 MB, 5 MB goal, 0 MB stacks, 0 MB globals, 16 P
gc 4082 @11.515s 8%: 0.13+0.71+0.16 ms clock, 2.2+0.59/0.95/0+2.7 ms cpu, 4->5->2 MB, 5 MB goal, 0 MB stacks, 0 MB globals, 16 P
gc 4083 @11.516s 8%: 0.14+0.78+0.10 ms clock, 2.3+0.71/1.0/0+1.6 ms cpu, 4->5->2 MB, 4 MB goal, 0 MB stacks, 0 MB globals, 16 P
gc 4084 @11.519s 8%: 0.16+0.57+0.098 ms clock, 2.6+0.55/0.94/0.020+1.5 ms cpu, 4->5->2 MB, 5 MB goal, 0 MB stacks, 0 MB globals, 16 P
gc 4085 @11.520s 8%: 0.16+0.51+0.15 ms clock, 2.6+0.92/0.83/0+2.4 ms cpu, 4->4->2 MB, 4 MB goal, 0 MB stacks, 0 MB globals, 16 P
gc 4086 @11.522s 8%: 0.13+0.65+0.21 ms clock, 2.2+0.62/1.0/0+3.4 ms cpu, 3->4->2 MB, 4 MB goal, 0 MB stacks, 0 MB globals, 16 P
gc 4087 @11.524s 8%: 0.11+0.78+0.14 ms clock, 1.7+0.63/0.92/0.019+2.3 ms cpu, 4->5->2 MB, 4 MB goal, 0 MB stacks, 0 MB globals, 16 P
gc 4088 @11.526s 8%: 0.16+0.62+0.13 ms clock, 2.6+0.74/1.1/0+2.1 ms cpu, 4->5->2 MB, 5 MB goal, 0 MB stacks, 0 MB globals, 16 P
gc 4089 @11.528s 8%: 0.10+0.70+0.096 ms clock, 1.7+0.73/1.0/0+1.5 ms cpu, 4->5->2 MB, 5 MB goal, 0 MB stacks, 0 MB globals, 16 P
gc 4090 @11.530s 8%: 0.12+0.59+0.14 ms clock, 2.0+0.92/0.86/0+2.2 ms cpu, 4->5->2 MB, 5 MB goal, 0 MB stacks, 0 MB globals, 16 P
gc 4091 @11.532s 8%: 0.13+0.61+0.10 ms clock, 2.1+0.70/0.87/0+1.7 ms cpu, 4->4->2 MB, 4 MB goal, 0 MB stacks, 0 MB globals, 16 P
gc 4092 @11.534s 8%: 0.16+0.65+0.16 ms clock, 2.5+0.82/0.85/0.046+2.6 ms cpu, 4->4->2 MB, 4 MB goal, 0 MB stacks, 0 MB globals, 16 P
gc 4093 @11.535s 8%: 0.14+0.63+0.16 ms clock, 2.3+0.63/1.0/0.030+2.5 ms cpu, 3->4->2 MB, 4 MB goal, 0 MB stacks, 0 MB globals, 16 P
gc 4094 @11.537s 8%: 0.24+0.81+0.081 ms clock, 3.9+0.74/0.95/0.003+1.3 ms cpu, 4->5->2 MB, 5 MB goal, 0 MB stacks, 0 MB globals, 16 P
gc 4095 @11.539s 8%: 0.16+0.65+0.15 ms clock, 2.5+0.63/0.95/0.047+2.5 ms cpu, 4->5->2 MB, 5 MB goal, 0 MB stacks, 0 MB globals, 16 P
gc 4096 @11.541s 8%: 0.089+0.64+0.11 ms clock, 1.4+0.73/0.92/0+1.7 ms cpu, 4->4->2 MB, 4 MB goal, 0 MB stacks, 0 MB globals, 16 P
gc 4097 @11.543s 8%: 0.13+0.68+0.14 ms clock, 2.1+0.76/1.0/0.002+2.3 ms cpu, 4->4->2 MB, 4 MB goal, 0 MB stacks, 0 MB globals, 16 P
gc 4098 @11.545s 8%: 0.18+0.62+0.18 ms clock, 2.8+0.75/0.97/0+2.9 ms cpu, 4->5->2 MB, 5 MB goal, 0 MB stacks, 0 MB globals, 16 P
gc 4099 @11.547s 8%: 0.13+0.62+0.15 ms clock, 2.1+0.55/0.92/0+2.4 ms cpu, 4->4->2 MB, 4 MB goal, 0 MB stacks, 0 MB globals, 16 P
gc 4100 @11.549s 8%: 0.13+0.52+0.13 ms clock, 2.1+0.56/0.96/0.001+2.1 ms cpu, 4->4->2 MB, 4 MB goal, 0 MB stacks, 0 MB globals, 16 P
gc 4101 @11.550s 8%: 0.15+0.61+0.12 ms clock, 2.4+0.68/0.97/0.006+2.0 ms cpu, 3->4->2 MB, 4 MB goal, 0 MB stacks, 0 MB globals, 16 P
gc 4102 @11.552s 8%: 0.12+0.49+0.18 ms clock, 1.9+0.46/0.77/0.079+3.0 ms cpu, 4->4->2 MB, 4 MB goal, 0 MB stacks, 0 MB globals, 16 P
gc 4103 @11.554s 8%: 0.14+0.60+0.16 ms clock, 2.3+0.69/1.0/0+2.6 ms cpu, 3->4->2 MB, 4 MB goal, 0 MB stacks, 0 MB globals, 16 P
gc 4104 @11.556s 8%: 0.12+0.65+0.19 ms clock, 2.0+0.74/0.95/0+3.0 ms cpu, 3->5->2 MB, 4 MB goal, 0 MB stacks, 0 MB globals, 16 P
gc 4105 @11.557s 8%: 0.16+0.72+0.10 ms clock, 2.6+0.70/1.1/0+1.6 ms cpu, 4->5->2 MB, 5 MB goal, 0 MB stacks, 0 MB globals, 16 P
gc 4106 @11.559s 8%: 0.12+0.63+0.12 ms clock, 1.9+0.47/1.0/0+1.9 ms cpu, 4->5->2 MB, 5 MB goal, 0 MB stacks, 0 MB globals, 16 P
gc 4107 @11.561s 8%: 0.12+0.62+0.12 ms clock, 1.9+0.68/0.84/0.002+2.0 ms cpu, 4->4->2 MB, 4 MB goal, 0 MB stacks, 0 MB globals, 16 P
gc 4108 @11.563s 8%: 0.16+0.61+0.13 ms clock, 2.6+0.98/0.96/0+2.1 ms cpu, 4->4->2 MB, 4 MB goal, 0 MB stacks, 0 MB globals, 16 P
gc 4109 @11.565s 8%: 0.11+0.61+0.12 ms clock, 1.9+0.63/0.84/0.055+1.9 ms cpu, 4->5->2 MB, 5 MB goal, 0 MB stacks, 0 MB globals, 16 P
gc 4110 @11.567s 8%: 0.10+0.59+0.090 ms clock, 1.6+0.43/0.97/0+1.4 ms cpu, 4->4->2 MB, 4 MB goal, 0 MB stacks, 0 MB globals, 16 P
gc 4111 @11.568s 8%: 0.12+0.78+0.095 ms clock, 1.9+0.66/1.1/0.012+1.5 ms cpu, 3->4->2 MB, 4 MB goal, 0 MB stacks, 0 MB globals, 16 P
gc 4112 @11.570s 8%: 0.14+0.62+0.19 ms clock, 2.3+0.74/0.88/0+3.1 ms cpu, 4->5->2 MB, 5 MB goal, 0 MB stacks, 0 MB globals, 16 P
gc 4113 @11.572s 8%: 0.17+0.61+0.098 ms clock, 2.7+0.78/0.89/0+1.5 ms cpu, 3->4->2 MB, 4 MB goal, 0 MB stacks, 0 MB globals, 16 P
gc 4114 @11.574s 8%: 0.19+0.64+0.22 ms clock, 3.0+0.77/0.87/0+3.5 ms cpu, 4->4->2 MB, 4 MB goal, 0 MB stacks, 0 MB globals, 16 P
gc 4115 @11.576s 8%: 0.15+0.57+0.10 ms clock, 2.5+0.56/1.0/0+1.7 ms cpu, 4->4->2 MB, 4 MB goal, 0 MB stacks, 0 MB globals, 16 P
gc 4116 @11.578s 8%: 0.18+0.49+0.14 ms clock, 2.9+0.99/0.85/0+2.2 ms cpu, 4->4->2 MB, 4 MB goal, 0 MB stacks, 0 MB globals, 16 P
gc 4117 @11.579s 8%: 0.13+0.61+0.21 ms clock, 2.2+0.65/0.84/0+3.4 ms cpu, 3->4->2 MB, 4 MB goal, 0 MB stacks, 0 MB globals, 16 P
gc 4118 @11.581s 8%: 0.22+0.83+0.10 ms clock, 3.5+0.62/0.90/0+1.6 ms cpu, 3->5->2 MB, 4 MB goal, 0 MB stacks, 0 MB globals, 16 P
gc 4119 @11.583s 8%: 0.12+0.73+0.16 ms clock, 1.9+0.82/0.95/0.015+2.6 ms cpu, 4->5->2 MB, 5 MB goal, 0 MB stacks, 0 MB globals, 16 P
gc 4120 @11.585s 8%: 0.19+0.72+0.11 ms clock, 3.1+0.86/0.86/0+1.9 ms cpu, 4->5->2 MB, 5 MB goal, 0 MB stacks, 0 MB globals, 16 P
gc 4121 @11.587s 8%: 0.10+0.82+0.083 ms clock, 1.6+0.68/0.90/0+1.3 ms cpu, 4->5->2 MB, 5 MB goal, 0 MB stacks, 0 MB globals, 16 P
gc 4122 @11.589s 8%: 0.12+0.66+0.11 ms clock, 2.0+0.81/0.96/0+1.7 ms cpu, 4->4->2 MB, 4 MB goal, 0 MB stacks, 0 MB globals, 16 P
gc 4123 @11.591s 8%: 0.20+0.71+0.10 ms clock, 3.2+0.86/0.97/0.011+1.6 ms cpu, 4->5->2 MB, 4 MB goal, 0 MB stacks, 0 MB globals, 16 P
gc 4124 @11.593s 8%: 0.12+0.87+0.17 ms clock, 1.9+0.68/1.0/0.025+2.8 ms cpu, 4->5->2 MB, 5 MB goal, 0 MB stacks, 0 MB globals, 16 P
gc 4125 @11.595s 8%: 0.099+0.54+0.16 ms clock, 1.5+0.68/0.90/0+2.6 ms cpu, 4->5->2 MB, 5 MB goal, 0 MB stacks, 0 MB globals, 16 P
gc 4126 @11.597s 8%: 0.12+0.69+0.13 ms clock, 2.0+0.64/1.0/0+2.2 ms cpu, 3->4->2 MB, 4 MB goal, 0 MB stacks, 0 MB globals, 16 P
gc 4127 @11.599s 8%: 0.14+0.77+0.15 ms clock, 2.2+0.82/1.0/0+2.5 ms cpu, 4->5->2 MB, 5 MB goal, 0 MB stacks, 0 MB globals, 16 P
gc 4128 @11.601s 8%: 0.13+0.64+0.31 ms clock, 2.2+0.69/0.85/0+4.9 ms cpu, 4->5->2 MB, 5 MB goal, 0 MB stacks, 0 MB globals, 16 P
gc 4129 @11.603s 8%: 0.12+0.74+0.15 ms clock, 2.0+0.63/1.0/0+2.4 ms cpu, 4->4->2 MB, 5 MB goal, 0 MB stacks, 0 MB globals, 16 P
gc 4130 @11.605s 8%: 0.099+0.51+0.12 ms clock, 1.5+0.61/0.92/0+1.9 ms cpu, 4->4->2 MB, 4 MB goal, 0 MB stacks, 0 MB globals, 16 P
gc 4131 @11.606s 8%: 0.14+0.62+0.056 ms clock, 2.2+0.69/1.0/0+0.91 ms cpu, 3->4->2 MB, 4 MB goal, 0 MB stacks, 0 MB globals, 16 P
gc 4132 @11.608s 8%: 0.17+0.61+0.11 ms clock, 2.8+0.52/1.0/0+1.9 ms cpu, 4->5->2 MB, 5 MB goal, 0 MB stacks, 0 MB globals, 16 P
gc 4133 @11.610s 8%: 0.17+0.52+0.15 ms clock, 2.7+0.76/0.78/0+2.4 ms cpu, 4->5->2 MB, 4 MB goal, 0 MB stacks, 0 MB globals, 16 P
gc 4134 @11.612s 8%: 0.12+0.55+0.20 ms clock, 2.0+0.76/0.92/0+3.3 ms cpu, 4->4->2 MB, 4 MB goal, 0 MB stacks, 0 MB globals, 16 P
gc 4135 @11.613s 8%: 0.13+0.91+0.12 ms clock, 2.1+0.82/1.0/0.002+1.9 ms cpu, 3->5->2 MB, 4 MB goal, 0 MB stacks, 0 MB globals, 16 P
gc 4136 @11.616s 8%: 0.10+0.72+0.10 ms clock, 1.6+0.64/1.0/0.003+1.6 ms cpu, 4->5->2 MB, 5 MB goal, 0 MB stacks, 0 MB globals, 16 P
gc 4137 @11.618s 8%: 0.15+0.59+0.12 ms clock, 2.4+0.59/0.88/0+1.9 ms cpu, 4->4->2 MB, 4 MB goal, 0 MB stacks, 0 MB globals, 16 P
gc 4138 @11.619s 8%: 0.10+0.67+0.12 ms clock, 1.7+0.59/0.94/0+1.9 ms cpu, 4->4->2 MB, 4 MB goal, 0 MB stacks, 0 MB globals, 16 P
gc 4139 @11.621s 8%: 0.17+0.84+0.13 ms clock, 2.7+0.64/0.97/0+2.0 ms cpu, 3->5->2 MB, 4 MB goal, 0 MB stacks, 0 MB globals, 16 P
gc 4140 @11.623s 8%: 0.15+0.50+0.21 ms clock, 2.4+0.79/0.85/0+3.4 ms cpu, 4->5->2 MB, 5 MB goal, 0 MB stacks, 0 MB globals, 16 P
gc 4141 @11.625s 8%: 0.19+0.49+0.16 ms clock, 3.1+0.73/0.82/0+2.6 ms cpu, 4->4->2 MB, 4 MB goal, 0 MB stacks, 0 MB globals, 16 P
gc 4142 @11.627s 8%: 0.15+0.73+0.099 ms clock, 2.4+0.67/1.0/0+1.5 ms cpu, 4->5->2 MB, 4 MB goal, 0 MB stacks, 0 MB globals, 16 P
gc 4143 @11.629s 8%: 0.13+0.62+0.13 ms clock, 2.2+0.58/0.98/0+2.1 ms cpu, 4->5->2 MB, 5 MB goal, 0 MB stacks, 0 MB globals, 16 P
gc 4144 @11.631s 8%: 0.15+0.64+0.094 ms clock, 2.4+0.97/0.97/0+1.5 ms cpu, 4->5->2 MB, 4 MB goal, 0 MB stacks, 0 MB globals, 16 P
gc 4145 @11.633s 8%: 0.16+0.81+0.10 ms clock, 2.5+0.65/0.80/0+1.7 ms cpu, 4->5->2 MB, 5 MB goal, 0 MB stacks, 0 MB globals, 16 P
gc 4146 @11.635s 8%: 0.14+0.61+0.10 ms clock, 2.3+0.62/1.0/0+1.6 ms cpu, 4->5->2 MB, 5 MB goal, 0 MB stacks, 0 MB globals, 16 P
gc 4147 @11.637s 8%: 0.12+0.75+0.11 ms clock, 1.9+0.65/0.92/0+1.8 ms cpu, 4->4->2 MB, 4 MB goal, 0 MB stacks, 0 MB globals, 16 P
gc 4148 @11.639s 8%: 0.16+0.70+0.090 ms clock, 2.6+0.65/0.97/0.044+1.4 ms cpu, 4->5->2 MB, 4 MB goal, 0 MB stacks, 0 MB globals, 16 P
gc 4149 @11.641s 8%: 0.13+0.69+0.14 ms clock, 2.1+0.66/0.85/0+2.2 ms cpu, 4->5->2 MB, 5 MB goal, 0 MB stacks, 0 MB globals, 16 P
gc 4150 @11.643s 8%: 0.18+0.79+0.16 ms clock, 2.9+0.70/0.87/0+2.6 ms cpu, 4->5->2 MB, 5 MB goal, 0 MB stacks, 0 MB globals, 16 P
gc 4151 @11.645s 8%: 0.18+0.53+0.15 ms clock, 3.0+0.60/0.95/0+2.5 ms cpu, 4->5->2 MB, 5 MB goal, 0 MB stacks, 0 MB globals, 16 P
gc 4152 @11.646s 8%: 0.15+0.73+0.099 ms clock, 2.4+0.46/0.96/0.012+1.5 ms cpu, 4->5->2 MB, 4 MB goal, 0 MB stacks, 0 MB globals, 16 P
gc 4153 @11.648s 8%: 0.19+0.71+0.20 ms clock, 3.0+0.56/0.92/0+3.3 ms cpu, 4->5->2 MB, 5 MB goal, 0 MB stacks, 0 MB globals, 16 P
gc 4154 @11.650s 8%: 0.17+0.73+0.16 ms clock, 2.7+0.66/0.87/0+2.6 ms cpu, 4->5->2 MB, 4 MB goal, 0 MB stacks, 0 MB globals, 16 P
gc 4155 @11.652s 8%: 0.096+0.55+0.14 ms clock, 1.5+0.48/1.0/0.010+2.3 ms cpu, 4->4->2 MB, 4 MB goal, 0 MB stacks, 0 MB globals, 16 P
gc 4156 @11.654s 8%: 0.12+0.62+0.11 ms clock, 1.9+0.66/0.98/0+1.8 ms cpu, 3->4->2 MB, 4 MB goal, 0 MB stacks, 0 MB globals, 16 P
gc 4157 @11.656s 8%: 0.11+0.80+0.013 ms clock, 1.8+0.61/0.84/0.025+0.20 ms cpu, 4->5->2 MB, 4 MB goal, 0 MB stacks, 0 MB globals, 16 P
gc 4158 @11.657s 8%: 0.11+0.81+0.11 ms clock, 1.8+0.58/1.1/0.028+1.8 ms cpu, 4->5->2 MB, 4 MB goal, 0 MB stacks, 0 MB globals, 16 P
gc 4159 @11.659s 8%: 0.23+0.58+0.17 ms clock, 3.8+0.57/0.96/0+2.8 ms cpu, 4->5->2 MB, 5 MB goal, 0 MB stacks, 0 MB globals, 16 P
gc 4160 @11.661s 8%: 0.11+0.62+0.23 ms clock, 1.8+0.67/0.92/0+3.8 ms cpu, 4->4->2 MB, 5 MB goal, 0 MB stacks, 0 MB globals, 16 P
gc 4161 @11.663s 8%: 0.14+0.85+0.073 ms clock, 2.3+0.69/1.0/0.041+1.1 ms cpu, 4->5->2 MB, 4 MB goal, 0 MB stacks, 0 MB globals, 16 P
gc 4162 @11.665s 8%: 0.10+0.59+0.11 ms clock, 1.6+0.70/0.88/0.011+1.8 ms cpu, 4->5->2 MB, 5 MB goal, 0 MB stacks, 0 MB globals, 16 P
gc 4163 @11.667s 8%: 0.095+0.67+0.082 ms clock, 1.5+0.56/1.1/0.024+1.3 ms cpu, 4->4->2 MB, 4 MB goal, 0 MB stacks, 0 MB globals, 16 P
gc 4164 @11.669s 8%: 0.14+0.60+0.15 ms clock, 2.3+0.74/0.96/0+2.4 ms cpu, 4->4->2 MB, 4 MB goal, 0 MB stacks, 0 MB globals, 16 P
gc 4165 @11.670s 8%: 0.13+0.63+0.20 ms clock, 2.2+0.80/0.98/0+3.2 ms cpu, 4->5->2 MB, 4 MB goal, 0 MB stacks, 0 MB globals, 16 P
gc 4166 @11.672s 8%: 0.12+0.92+0.058 ms clock, 2.0+0.64/1.0/0.054+0.93 ms cpu, 4->5->2 MB, 5 MB goal, 0 MB stacks, 0 MB globals, 16 P
gc 4167 @11.675s 8%: 0.20+0.65+0.17 ms clock, 3.2+0.71/0.88/0+2.8 ms cpu, 4->5->2 MB, 5 MB goal, 0 MB stacks, 0 MB globals, 16 P
gc 4168 @11.676s 8%: 0.17+0.53+0.20 ms clock, 2.7+0.61/0.96/0+3.2 ms cpu, 4->4->2 MB, 4 MB goal, 0 MB stacks, 0 MB globals, 16 P
gc 4169 @11.678s 8%: 0.12+0.58+0.22 ms clock, 1.9+0.63/1.0/0+3.5 ms cpu, 4->5->2 MB, 4 MB goal, 0 MB stacks, 0 MB globals, 16 P
gc 4170 @11.680s 8%: 0.16+0.86+0.086 ms clock, 2.6+0.70/0.80/0+1.3 ms cpu, 4->5->2 MB, 4 MB goal, 0 MB stacks, 0 MB globals, 16 P
gc 4171 @11.682s 8%: 0.12+0.59+0.14 ms clock, 1.9+0.66/1.0/0+2.2 ms cpu, 4->5->2 MB, 5 MB goal, 0 MB stacks, 0 MB globals, 16 P
gc 4172 @11.684s 8%: 0.13+0.64+0.15 ms clock, 2.1+0.49/1.1/0.015+2.5 ms cpu, 4->4->2 MB, 4 MB goal, 0 MB stacks, 0 MB globals, 16 P
gc 4173 @11.686s 8%: 0.17+0.59+0.086 ms clock, 2.7+0.55/0.98/0+1.3 ms cpu, 4->4->2 MB, 4 MB goal, 0 MB stacks, 0 MB globals, 16 P
gc 4174 @11.687s 8%: 0.10+0.59+0.21 ms clock, 1.6+0.60/1.0/0.051+3.4 ms cpu, 4->5->2 MB, 4 MB goal, 0 MB stacks, 0 MB globals, 16 P
gc 4175 @11.689s 8%: 0.11+0.61+0.14 ms clock, 1.7+0.76/0.95/0+2.3 ms cpu, 4->4->2 MB, 4 MB goal, 0 MB stacks, 0 MB globals, 16 P
gc 4176 @11.691s 8%: 0.12+0.54+0.17 ms clock, 1.9+0.73/0.84/0+2.8 ms cpu, 4->4->2 MB, 4 MB goal, 0 MB stacks, 0 MB globals, 16 P
gc 4177 @11.693s 8%: 0.12+0.65+0.11 ms clock, 2.0+0.79/1.0/0.001+1.7 ms cpu, 4->4->2 MB, 4 MB goal, 0 MB stacks, 0 MB globals, 16 P
gc 4178 @11.695s 8%: 0.15+0.50+0.15 ms clock, 2.4+0.62/1.0/0+2.5 ms cpu, 4->4->2 MB, 4 MB goal, 0 MB stacks, 0 MB globals, 16 P
gc 4179 @11.696s 8%: 0.10+0.50+0.13 ms clock, 1.7+0.53/0.93/0+2.1 ms cpu, 3->4->2 MB, 4 MB goal, 0 MB stacks, 0 MB globals, 16 P
gc 4180 @11.698s 8%: 0.11+0.71+0.096 ms clock, 1.8+0.66/0.83/0+1.5 ms cpu, 3->4->2 MB, 4 MB goal, 0 MB stacks, 0 MB globals, 16 P
gc 4181 @11.700s 8%: 0.12+0.55+0.19 ms clock, 2.0+0.66/0.84/0+3.1 ms cpu, 4->4->2 MB, 4 MB goal, 0 MB stacks, 0 MB globals, 16 P
gc 4182 @11.701s 8%: 0.14+0.72+0.19 ms clock, 2.3+0.62/1.0/0.022+3.1 ms cpu, 3->4->2 MB, 4 MB goal, 0 MB stacks, 0 MB globals, 16 P
gc 4183 @11.703s 8%: 0.12+0.77+0.089 ms clock, 1.9+0.70/0.85/0.004+1.4 ms cpu, 4->5->2 MB, 5 MB goal, 0 MB stacks, 0 MB globals, 16 P
gc 4184 @11.705s 8%: 0.12+0.62+0.11 ms clock, 2.0+0.47/0.93/0+1.8 ms cpu, 4->5->2 MB, 5 MB goal, 0 MB stacks, 0 MB globals, 16 P
gc 4185 @11.707s 8%: 0.12+0.57+0.19 ms clock, 2.0+0.58/0.85/0.11+3.1 ms cpu, 4->4->2 MB, 4 MB goal, 0 MB stacks, 0 MB globals, 16 P
gc 4186 @11.709s 8%: 0.17+0.57+0.11 ms clock, 2.7+0.70/1.0/0+1.7 ms cpu, 3->4->2 MB, 4 MB goal, 0 MB stacks, 0 MB globals, 16 P
gc 4187 @11.710s 8%: 0.18+0.73+0.16 ms clock, 2.9+0.73/0.84/0.023+2.6 ms cpu, 4->5->2 MB, 5 MB goal, 0 MB stacks, 0 MB globals, 16 P
gc 4188 @11.713s 8%: 0.26+0.47+0.12 ms clock, 4.2+0.55/0.89/0.007+2.0 ms cpu, 4->4->1 MB, 5 MB goal, 0 MB stacks, 0 MB globals, 16 P
gc 4189 @11.714s 8%: 0.12+0.64+0.10 ms clock, 2.0+0.53/1.2/0.003+1.6 ms cpu, 3->4->2 MB, 4 MB goal, 0 MB stacks, 0 MB globals, 16 P
gc 4190 @11.716s 8%: 0.14+0.74+0.084 ms clock, 2.2+0.62/0.96/0.013+1.3 ms cpu, 4->5->2 MB, 5 MB goal, 0 MB stacks, 0 MB globals, 16 P
gc 4191 @11.718s 8%: 0.11+0.64+0.077 ms clock, 1.7+0.43/0.96/0.053+1.2 ms cpu, 4->4->2 MB, 4 MB goal, 0 MB stacks, 0 MB globals, 16 P
gc 4192 @11.720s 8%: 0.10+0.60+0.11 ms clock, 1.6+0.59/0.93/0.011+1.9 ms cpu, 3->4->2 MB, 4 MB goal, 0 MB stacks, 0 MB globals, 16 P
gc 4193 @11.722s 8%: 0.17+0.62+0.13 ms clock, 2.7+0.84/0.92/0+2.2 ms cpu, 4->4->2 MB, 4 MB goal, 0 MB stacks, 0 MB globals, 16 P
gc 4194 @11.723s 8%: 0.10+0.76+0.10 ms clock, 1.7+0.61/1.0/0.024+1.6 ms cpu, 4->5->2 MB, 5 MB goal, 0 MB stacks, 0 MB globals, 16 P
gc 4195 @11.726s 8%: 0.13+0.50+0.13 ms clock, 2.1+0.80/0.95/0+2.1 ms cpu, 4->5->2 MB, 5 MB goal, 0 MB stacks, 0 MB globals, 16 P
gc 4196 @11.727s 8%: 0.18+0.77+0.085 ms clock, 2.9+0.63/0.99/0.028+1.3 ms cpu, 4->4->2 MB, 4 MB goal, 0 MB stacks, 0 MB globals, 16 P
gc 4197 @11.729s 8%: 0.13+0.58+0.17 ms clock, 2.2+0.70/1.0/0.018+2.8 ms cpu, 4->4->2 MB, 4 MB goal, 0 MB stacks, 0 MB globals, 16 P
gc 4198 @11.731s 8%: 0.12+0.51+0.14 ms clock, 1.9+0.64/0.96/0+2.3 ms cpu, 3->4->2 MB, 4 MB goal, 0 MB stacks, 0 MB globals, 16 P
gc 4199 @11.732s 8%: 0.14+0.58+0.17 ms clock, 2.3+0.67/0.90/0+2.7 ms cpu, 4->4->2 MB, 4 MB goal, 0 MB stacks, 0 MB globals, 16 P
gc 4200 @11.734s 8%: 0.11+0.69+0.10 ms clock, 1.8+0.70/0.95/0+1.7 ms cpu, 4->4->2 MB, 4 MB goal, 0 MB stacks, 0 MB globals, 16 P
gc 4201 @11.736s 8%: 0.12+0.63+0.10 ms clock, 1.9+0.67/0.96/0.003+1.6 ms cpu, 4->5->2 MB, 4 MB goal, 0 MB stacks, 0 MB globals, 16 P
gc 4202 @11.738s 8%: 0.13+0.73+0.098 ms clock, 2.0+0.67/0.85/0+1.5 ms cpu, 4->4->2 MB, 4 MB goal, 0 MB stacks, 0 MB globals, 16 P
gc 4203 @11.740s 8%: 0.11+0.67+0.086 ms clock, 1.7+0.59/1.1/0.012+1.3 ms cpu, 4->5->2 MB, 5 MB goal, 0 MB stacks, 0 MB globals, 16 P
gc 4204 @11.742s 8%: 0.19+0.60+0.10 ms clock, 3.1+0.75/0.83/0+1.6 ms cpu, 4->4->2 MB, 4 MB goal, 0 MB stacks, 0 MB globals, 16 P
gc 4205 @11.743s 8%: 0.13+0.61+0.20 ms clock, 2.2+0.69/0.96/0+3.2 ms cpu, 4->4->2 MB, 4 MB goal, 0 MB stacks, 0 MB globals, 16 P
gc 4206 @11.745s 8%: 0.13+0.67+0.19 ms clock, 2.1+0.61/1.0/0+3.1 ms cpu, 4->4->2 MB, 4 MB goal, 0 MB stacks, 0 MB globals, 16 P
gc 4207 @11.747s 8%: 0.11+0.65+0.080 ms clock, 1.8+0.74/0.98/0+1.2 ms cpu, 4->4->2 MB, 4 MB goal, 0 MB stacks, 0 MB globals, 16 P
gc 4208 @11.749s 8%: 0.11+0.57+0.18 ms clock, 1.8+0.73/0.87/0+2.9 ms cpu, 4->4->2 MB, 4 MB goal, 0 MB stacks, 0 MB globals, 16 P
gc 4209 @11.750s 8%: 0.11+0.47+0.15 ms clock, 1.8+0.75/0.95/0.052+2.5 ms cpu, 3->4->2 MB, 4 MB goal, 0 MB stacks, 0 MB globals, 16 P
gc 4210 @11.752s 8%: 0.19+0.52+0.16 ms clock, 3.0+0.61/1.0/0+2.6 ms cpu, 3->4->2 MB, 4 MB goal, 0 MB stacks, 0 MB globals, 16 P
gc 4211 @11.754s 8%: 0.10+0.70+0.14 ms clock, 1.6+0.66/0.96/0.009+2.3 ms cpu, 4->4->2 MB, 4 MB goal, 0 MB stacks, 0 MB globals, 16 P
gc 4212 @11.756s 8%: 0.14+0.65+0.12 ms clock, 2.2+0.63/0.88/0+2.0 ms cpu, 4->5->2 MB, 4 MB goal, 0 MB stacks, 0 MB globals, 16 P
gc 4213 @11.758s 8%: 0.13+0.56+0.095 ms clock, 2.0+0.53/0.99/0+1.5 ms cpu, 4->4->2 MB, 4 MB goal, 0 MB stacks, 0 MB globals, 16 P
gc 4214 @11.759s 8%: 0.18+0.58+0.19 ms clock, 2.9+0.58/0.79/0+3.1 ms cpu, 3->4->2 MB, 4 MB goal, 0 MB stacks, 0 MB globals, 16 P
gc 4215 @11.761s 8%: 0.14+0.68+0.19 ms clock, 2.3+0.64/0.87/0+3.1 ms cpu, 3->4->2 MB, 4 MB goal, 0 MB stacks, 0 MB globals, 16 P
gc 4216 @11.763s 8%: 0.11+0.62+0.099 ms clock, 1.7+0.66/1.0/0.017+1.5 ms cpu, 4->5->2 MB, 5 MB goal, 0 MB stacks, 0 MB globals, 16 P
gc 4217 @11.764s 8%: 0.20+0.62+0.12 ms clock, 3.3+0.57/0.92/0+1.9 ms cpu, 4->4->2 MB, 4 MB goal, 0 MB stacks, 0 MB globals, 16 P
gc 4218 @11.766s 8%: 0.11+0.67+0.10 ms clock, 1.8+0.58/0.87/0+1.7 ms cpu, 4->5->2 MB, 4 MB goal, 0 MB stacks, 0 MB globals, 16 P
gc 4219 @11.768s 8%: 0.12+0.52+0.16 ms clock, 2.0+0.51/1.1/0.005+2.6 ms cpu, 4->4->2 MB, 4 MB goal, 0 MB stacks, 0 MB globals, 16 P
gc 4220 @11.770s 8%: 0.12+0.56+0.12 ms clock, 1.9+0.70/0.96/0+1.9 ms cpu, 3->4->2 MB, 4 MB goal, 0 MB stacks, 0 MB globals, 16 P
gc 4221 @11.771s 8%: 0.16+0.56+0.10 ms clock, 2.6+0.70/0.82/0+1.6 ms cpu, 3->4->2 MB, 4 MB goal, 0 MB stacks, 0 MB globals, 16 P
gc 4222 @11.773s 8%: 0.11+0.59+0.12 ms clock, 1.8+0.64/0.90/0.045+2.0 ms cpu, 4->4->2 MB, 4 MB goal, 0 MB stacks, 0 MB globals, 16 P
gc 4223 @11.775s 8%: 0.12+0.56+0.17 ms clock, 1.9+0.83/0.85/0.019+2.7 ms cpu, 3->4->2 MB, 4 MB goal, 0 MB stacks, 0 MB globals, 16 P
gc 4224 @11.776s 8%: 0.14+0.52+0.068 ms clock, 2.3+0.60/0.89/0+1.1 ms cpu, 3->4->2 MB, 4 MB goal, 0 MB stacks, 0 MB globals, 16 P
gc 4225 @11.778s 8%: 0.12+0.55+0.15 ms clock, 1.9+0.53/0.91/0+2.4 ms cpu, 3->4->2 MB, 4 MB goal, 0 MB stacks, 0 MB globals, 16 P
gc 4226 @11.780s 8%: 0.080+0.62+0.13 ms clock, 1.2+0.39/0.94/0.001+2.1 ms cpu, 3->4->2 MB, 4 MB goal, 0 MB stacks, 0 MB globals, 16 P
gc 4227 @11.781s 8%: 0.17+0.77+0.095 ms clock, 2.7+0.65/0.82/0+1.5 ms cpu, 3->4->2 MB, 4 MB goal, 0 MB stacks, 0 MB globals, 16 P
gc 4228 @11.783s 8%: 0.12+0.50+0.14 ms clock, 2.0+0.68/0.94/0+2.3 ms cpu, 4->5->2 MB, 5 MB goal, 0 MB stacks, 0 MB globals, 16 P
gc 4229 @11.785s 8%: 0.11+0.62+0.14 ms clock, 1.7+0.64/0.88/0+2.3 ms cpu, 3->4->2 MB, 4 MB goal, 0 MB stacks, 0 MB globals, 16 P
gc 4230 @11.786s 8%: 0.11+0.71+0.048 ms clock, 1.7+0.59/0.95/0+0.78 ms cpu, 4->4->2 MB, 4 MB goal, 0 MB stacks, 0 MB globals, 16 P
gc 4231 @11.788s 8%: 0.12+0.49+0.12 ms clock, 1.9+0.66/0.85/0+1.9 ms cpu, 3->4->2 MB, 4 MB goal, 0 MB stacks, 0 MB globals, 16 P
gc 4232 @11.790s 8%: 0.11+0.95+0.063 ms clock, 1.8+0.62/0.89/0.008+1.0 ms cpu, 3->4->2 MB, 4 MB goal, 0 MB stacks, 0 MB globals, 16 P
gc 4233 @11.792s 8%: 0.14+0.60+0.14 ms clock, 2.3+0.58/0.97/0+2.3 ms cpu, 4->5->2 MB, 5 MB goal, 0 MB stacks, 0 MB globals, 16 P
gc 4234 @11.793s 8%: 0.14+0.57+0.12 ms clock, 2.3+0.72/0.95/0.015+2.0 ms cpu, 3->4->2 MB, 4 MB goal, 0 MB stacks, 0 MB globals, 16 P
gc 4235 @11.795s 8%: 0.20+0.85+0.096 ms clock, 3.3+0.62/0.95/0.021+1.5 ms cpu, 4->4->2 MB, 4 MB goal, 0 MB stacks, 0 MB globals, 16 P
gc 4236 @11.797s 8%: 0.13+0.78+0.12 ms clock, 2.1+0.83/0.89/0.003+1.9 ms cpu, 4->5->2 MB, 4 MB goal, 0 MB stacks, 0 MB globals, 16 P
gc 4237 @11.799s 8%: 0.13+0.65+0.12 ms clock, 2.0+0.70/0.90/0.082+1.9 ms cpu, 4->4->2 MB, 5 MB goal, 0 MB stacks, 0 MB globals, 16 P
gc 4238 @11.801s 8%: 0.13+0.72+0.086 ms clock, 2.1+0.60/0.97/0+1.3 ms cpu, 4->4->2 MB, 4 MB goal, 0 MB stacks, 0 MB globals, 16 P
gc 4239 @11.802s 8%: 0.19+0.69+0.10 ms clock, 3.0+0.57/0.93/0+1.7 ms cpu, 3->4->2 MB, 4 MB goal, 0 MB stacks, 0 MB globals, 16 P
gc 4240 @11.804s 8%: 0.16+0.60+0.18 ms clock, 2.6+0.64/0.91/0+3.0 ms cpu, 4->5->2 MB, 5 MB goal, 0 MB stacks, 0 MB globals, 16 P
gc 4241 @11.806s 8%: 0.11+0.67+0.16 ms clock, 1.8+0.52/1.0/0+2.6 ms cpu, 4->4->2 MB, 4 MB goal, 0 MB stacks, 0 MB globals, 16 P
gc 4242 @11.808s 8%: 0.17+0.57+0.087 ms clock, 2.8+0.76/0.89/0+1.3 ms cpu, 4->5->2 MB, 5 MB goal, 0 MB stacks, 0 MB globals, 16 P
gc 4243 @11.810s 8%: 0.12+0.99+0.082 ms clock, 1.9+0.71/0.93/0.040+1.3 ms cpu, 4->5->2 MB, 4 MB goal, 0 MB stacks, 0 MB globals, 16 P
gc 4244 @11.812s 8%: 0.12+0.56+0.10 ms clock, 1.9+0.54/0.94/0+1.7 ms cpu, 4->5->2 MB, 5 MB goal, 0 MB stacks, 0 MB globals, 16 P
gc 4245 @11.814s 8%: 0.11+0.48+0.14 ms clock, 1.8+0.78/0.98/0+2.3 ms cpu, 3->4->2 MB, 4 MB goal, 0 MB stacks, 0 MB globals, 16 P
gc 4246 @11.815s 8%: 0.10+0.71+0.13 ms clock, 1.6+0.44/0.92/0.048+2.0 ms cpu, 3->4->2 MB, 4 MB goal, 0 MB stacks, 0 MB globals, 16 P
gc 4247 @11.817s 8%: 0.18+0.61+0.13 ms clock, 3.0+0.59/1.0/0+2.2 ms cpu, 4->5->2 MB, 4 MB goal, 0 MB stacks, 0 MB globals, 16 P
gc 4248 @11.819s 8%: 0.15+0.85+0.10 ms clock, 2.4+0.65/1.0/0+1.6 ms cpu, 4->5->2 MB, 5 MB goal, 0 MB stacks, 0 MB globals, 16 P
gc 4249 @11.821s 8%: 0.13+0.56+0.19 ms clock, 2.1+0.67/0.78/0+3.1 ms cpu, 4->5->2 MB, 5 MB goal, 0 MB stacks, 0 MB globals, 16 P
gc 4250 @11.823s 8%: 0.13+0.74+0.10 ms clock, 2.1+0.54/1.1/0.004+1.6 ms cpu, 4->5->2 MB, 4 MB goal, 0 MB stacks, 0 MB globals, 16 P
gc 4251 @11.825s 8%: 0.15+0.82+0.17 ms clock, 2.5+0.72/0.99/0.003+2.7 ms cpu, 4->5->2 MB, 5 MB goal, 0 MB stacks, 0 MB globals, 16 P
gc 4252 @11.827s 8%: 0.11+0.61+0.23 ms clock, 1.8+0.79/0.76/0.039+3.8 ms cpu, 4->5->2 MB, 5 MB goal, 0 MB stacks, 0 MB globals, 16 P
gc 4253 @11.829s 8%: 0.16+0.66+0.13 ms clock, 2.6+0.65/0.90/0+2.2 ms cpu, 4->4->2 MB, 4 MB goal, 0 MB stacks, 0 MB globals, 16 P
gc 4254 @11.831s 8%: 0.18+0.70+0.083 ms clock, 3.0+0.69/0.98/0+1.3 ms cpu, 4->5->2 MB, 4 MB goal, 0 MB stacks, 0 MB globals, 16 P
gc 4255 @11.833s 8%: 0.10+0.61+0.17 ms clock, 1.6+0.57/0.96/0.064+2.8 ms cpu, 4->4->2 MB, 5 MB goal, 0 MB stacks, 0 MB globals, 16 P
gc 4256 @11.834s 8%: 0.14+0.60+0.14 ms clock, 2.2+0.56/0.95/0+2.3 ms cpu, 3->4->2 MB, 4 MB goal, 0 MB stacks, 0 MB globals, 16 P
gc 4257 @11.836s 8%: 0.11+0.59+0.16 ms clock, 1.7+0.60/0.95/0+2.6 ms cpu, 4->4->2 MB, 4 MB goal, 0 MB stacks, 0 MB globals, 16 P
gc 4258 @11.838s 8%: 0.20+0.60+0.12 ms clock, 3.2+0.55/0.93/0+2.0 ms cpu, 3->4->2 MB, 4 MB goal, 0 MB stacks, 0 MB globals, 16 P
gc 4259 @11.840s 8%: 0.11+0.52+0.21 ms clock, 1.8+0.60/0.96/0.005+3.4 ms cpu, 4->5->2 MB, 4 MB goal, 0 MB stacks, 0 MB globals, 16 P
gc 4260 @11.842s 8%: 0.10+0.69+0.046 ms clock, 1.6+0.55/0.97/0.011+0.75 ms cpu, 3->4->2 MB, 4 MB goal, 0 MB stacks, 0 MB globals, 16 P
gc 4261 @11.843s 8%: 0.11+0.61+0.13 ms clock, 1.9+0.62/1.0/0.002+2.1 ms cpu, 3->4->2 MB, 4 MB goal, 0 MB stacks, 0 MB globals, 16 P
gc 4262 @11.845s 8%: 0.11+0.56+0.15 ms clock, 1.8+0.49/0.94/0.002+2.4 ms cpu, 4->4->2 MB, 4 MB goal, 0 MB stacks, 0 MB globals, 16 P
gc 4263 @11.847s 8%: 0.12+0.55+0.15 ms clock, 2.0+0.73/0.94/0.074+2.5 ms cpu, 4->4->2 MB, 4 MB goal, 0 MB stacks, 0 MB globals, 16 P
gc 4264 @11.848s 8%: 0.086+0.54+0.15 ms clock, 1.3+0.63/0.92/0.006+2.4 ms cpu, 3->4->2 MB, 4 MB goal, 0 MB stacks, 0 MB globals, 16 P
gc 4265 @11.850s 8%: 0.10+0.59+0.17 ms clock, 1.7+0.51/0.98/0+2.8 ms cpu, 3->4->2 MB, 4 MB goal, 0 MB stacks, 0 MB globals, 16 P
gc 4266 @11.852s 8%: 0.11+0.67+0.13 ms clock, 1.8+0.62/0.90/0.029+2.1 ms cpu, 4->4->2 MB, 4 MB goal, 0 MB stacks, 0 MB globals, 16 P
gc 4267 @11.853s 8%: 0.12+0.75+0.084 ms clock, 2.0+0.73/1.1/0.004+1.3 ms cpu, 4->5->2 MB, 4 MB goal, 0 MB stacks, 0 MB globals, 16 P
gc 4268 @11.855s 8%: 0.16+0.54+0.15 ms clock, 2.6+0.73/0.82/0+2.4 ms cpu, 4->5->2 MB, 5 MB goal, 0 MB stacks, 0 MB globals, 16 P
gc 4269 @11.857s 8%: 0.12+0.55+0.13 ms clock, 2.0+0.54/1.1/0.004+2.1 ms cpu, 4->4->2 MB, 4 MB goal, 0 MB stacks, 0 MB globals, 16 P
gc 4270 @11.859s 8%: 0.24+1.1+0.098 ms clock, 3.9+0.82/0.86/0+1.5 ms cpu, 3->5->2 MB, 4 MB goal, 0 MB stacks, 0 MB globals, 16 P
gc 4271 @11.862s 8%: 0.15+0.71+0.14 ms clock, 2.4+0.51/1.0/0+2.2 ms cpu, 4->5->2 MB, 5 MB goal, 0 MB stacks, 0 MB globals, 16 P
gc 4272 @11.863s 8%: 0.16+0.54+0.20 ms clock, 2.6+0.76/0.97/0+3.3 ms cpu, 4->4->2 MB, 4 MB goal, 0 MB stacks, 0 MB globals, 16 P
gc 4273 @11.865s 8%: 0.15+0.78+0.16 ms clock, 2.4+0.85/1.0/0+2.5 ms cpu, 4->5->2 MB, 4 MB goal, 0 MB stacks, 0 MB globals, 16 P
gc 4274 @11.867s 8%: 0.17+0.64+0.10 ms clock, 2.8+0.50/1.0/0.026+1.6 ms cpu, 4->5->2 MB, 5 MB goal, 0 MB stacks, 0 MB globals, 16 P
gc 4275 @11.869s 8%: 0.12+0.51+0.16 ms clock, 1.9+0.67/0.92/0+2.6 ms cpu, 4->4->2 MB, 5 MB goal, 0 MB stacks, 0 MB globals, 16 P
gc 4276 @11.871s 8%: 0.17+0.65+0.18 ms clock, 2.8+0.52/0.92/0+3.0 ms cpu, 3->4->2 MB, 4 MB goal, 0 MB stacks, 0 MB globals, 16 P
gc 4277 @11.873s 8%: 0.19+0.69+0.083 ms clock, 3.1+0.67/0.91/0+1.3 ms cpu, 4->4->2 MB, 4 MB goal, 0 MB stacks, 0 MB globals, 16 P
gc 4278 @11.875s 8%: 0.16+0.78+0.097 ms clock, 2.6+0.81/0.94/0+1.5 ms cpu, 4->4->2 MB, 4 MB goal, 0 MB stacks, 0 MB globals, 16 P
gc 4279 @11.877s 8%: 0.14+0.64+0.19 ms clock, 2.3+0.74/0.92/0.006+3.1 ms cpu, 4->5->2 MB, 5 MB goal, 0 MB stacks, 0 MB globals, 16 P
gc 4280 @11.878s 8%: 0.15+0.53+0.13 ms clock, 2.5+0.57/0.89/0.031+2.0 ms cpu, 4->4->2 MB, 4 MB goal, 0 MB stacks, 0 MB globals, 16 P
gc 4281 @11.880s 8%: 0.15+0.55+0.20 ms clock, 2.4+0.70/0.88/0+3.2 ms cpu, 3->4->2 MB, 4 MB goal, 0 MB stacks, 0 MB globals, 16 P
gc 4282 @11.882s 8%: 0.19+0.78+0.14 ms clock, 3.0+0.60/0.97/0+2.3 ms cpu, 3->4->2 MB, 4 MB goal, 0 MB stacks, 0 MB globals, 16 P
gc 4283 @11.884s 8%: 0.12+0.57+0.099 ms clock, 1.9+0.63/0.85/0+1.5 ms cpu, 4->5->2 MB, 5 MB goal, 0 MB stacks, 0 MB globals, 16 P
gc 4284 @11.885s 8%: 0.16+0.73+0.14 ms clock, 2.5+0.72/1.0/0.013+2.3 ms cpu, 3->5->2 MB, 4 MB goal, 0 MB stacks, 0 MB globals, 16 P
gc 4285 @11.888s 8%: 0.15+0.73+0.16 ms clock, 2.4+0.62/1.0/0+2.7 ms cpu, 4->5->2 MB, 5 MB goal, 0 MB stacks, 0 MB globals, 16 P
gc 4286 @11.890s 8%: 0.10+0.53+0.14 ms clock, 1.7+0.64/0.94/0+2.2 ms cpu, 4->4->2 MB, 5 MB goal, 0 MB stacks, 0 MB globals, 16 P
gc 4287 @11.891s 8%: 0.14+0.72+0.10 ms clock, 2.2+0.79/1.0/0+1.7 ms cpu, 3->4->2 MB, 4 MB goal, 0 MB stacks, 0 MB globals, 16 P
gc 4288 @11.893s 8%: 0.12+0.64+0.089 ms clock, 1.9+0.77/0.88/0+1.4 ms cpu, 4->4->2 MB, 5 MB goal, 0 MB stacks, 0 MB globals, 16 P
gc 4289 @11.895s 8%: 0.094+0.59+0.082 ms clock, 1.5+0.63/0.90/0+1.3 ms cpu, 3->4->2 MB, 4 MB goal, 0 MB stacks, 0 MB globals, 16 P
gc 4290 @11.896s 8%: 0.098+0.73+0.096 ms clock, 1.5+0.47/1.1/0.003+1.5 ms cpu, 3->4->2 MB, 4 MB goal, 0 MB stacks, 0 MB globals, 16 P
gc 4291 @11.898s 8%: 0.13+0.62+0.11 ms clock, 2.1+0.74/0.78/0+1.8 ms cpu, 4->5->2 MB, 4 MB goal, 0 MB stacks, 0 MB globals, 16 P
gc 4292 @11.900s 8%: 0.12+0.63+0.12 ms clock, 1.9+0.59/0.89/0.026+1.9 ms cpu, 4->4->2 MB, 4 MB goal, 0 MB stacks, 0 MB globals, 16 P
gc 4293 @11.902s 8%: 0.14+0.63+0.14 ms clock, 2.2+0.67/0.96/0.004+2.3 ms cpu, 4->5->2 MB, 4 MB goal, 0 MB stacks, 0 MB globals, 16 P
gc 4294 @11.904s 8%: 0.21+0.57+0.19 ms clock, 3.3+0.88/0.96/0.007+3.0 ms cpu, 4->5->2 MB, 5 MB goal, 0 MB stacks, 0 MB globals, 16 P
gc 4295 @11.905s 8%: 0.12+0.67+0.083 ms clock, 1.9+0.57/0.89/0+1.3 ms cpu, 4->5->2 MB, 4 MB goal, 0 MB stacks, 0 MB globals, 16 P
gc 4296 @11.907s 8%: 0.12+0.62+0.098 ms clock, 2.0+0.52/1.0/0.005+1.5 ms cpu, 4->4->2 MB, 4 MB goal, 0 MB stacks, 0 MB globals, 16 P
gc 4297 @11.909s 8%: 0.10+0.57+0.086 ms clock, 1.7+0.52/0.88/0+1.3 ms cpu, 3->4->2 MB, 4 MB goal, 0 MB stacks, 0 MB globals, 16 P
gc 4298 @11.910s 8%: 0.18+0.70+0.12 ms clock, 2.9+0.83/0.84/0+2.0 ms cpu, 3->4->2 MB, 4 MB goal, 0 MB stacks, 0 MB globals, 16 P
gc 4299 @11.912s 8%: 0.16+0.61+0.14 ms clock, 2.6+0.68/0.97/0+2.3 ms cpu, 4->5->2 MB, 4 MB goal, 0 MB stacks, 0 MB globals, 16 P
gc 4300 @11.914s 8%: 0.13+0.76+0.18 ms clock, 2.1+0.63/1.0/0+2.9 ms cpu, 4->5->2 MB, 5 MB goal, 0 MB stacks, 0 MB globals, 16 P
gc 4301 @11.917s 8%: 0.10+0.58+0.17 ms clock, 1.6+0.55/0.98/0.010+2.7 ms cpu, 4->5->2 MB, 5 MB goal, 0 MB stacks, 0 MB globals, 16 P
gc 4302 @11.918s 8%: 0.10+0.55+0.17 ms clock, 1.6+0.63/0.85/0+2.7 ms cpu, 3->4->2 MB, 4 MB goal, 0 MB stacks, 0 MB globals, 16 P
gc 4303 @11.920s 8%: 0.11+0.75+0.10 ms clock, 1.8+0.61/0.97/0+1.7 ms cpu, 3->4->2 MB, 4 MB goal, 0 MB stacks, 0 MB globals, 16 P
gc 4304 @11.922s 8%: 0.14+0.53+0.13 ms clock, 2.3+0.53/1.0/0.002+2.1 ms cpu, 4->4->2 MB, 4 MB goal, 0 MB stacks, 0 MB globals, 16 P
gc 4305 @11.923s 8%: 0.10+0.57+0.15 ms clock, 1.6+0.69/0.91/0+2.5 ms cpu, 3->4->2 MB, 4 MB goal, 0 MB stacks, 0 MB globals, 16 P
gc 4306 @11.925s 8%: 0.12+0.65+0.11 ms clock, 2.0+0.56/0.94/0+1.7 ms cpu, 3->4->2 MB, 4 MB goal, 0 MB stacks, 0 MB globals, 16 P
gc 4307 @11.927s 8%: 0.18+0.63+0.16 ms clock, 2.9+0.66/1.1/0+2.6 ms cpu, 4->5->2 MB, 4 MB goal, 0 MB stacks, 0 MB globals, 16 P
gc 4308 @11.929s 8%: 0.11+0.64+0.12 ms clock, 1.8+0.70/1.0/0+2.0 ms cpu, 4->5->2 MB, 4 MB goal, 0 MB stacks, 0 MB globals, 16 P
gc 4309 @11.930s 8%: 0.10+0.49+0.17 ms clock, 1.6+0.58/0.86/0+2.7 ms cpu, 4->4->2 MB, 4 MB goal, 0 MB stacks, 0 MB globals, 16 P
gc 4310 @11.932s 8%: 0.16+0.56+0.20 ms clock, 2.5+0.62/0.99/0.012+3.2 ms cpu, 3->4->2 MB, 4 MB goal, 0 MB stacks, 0 MB globals, 16 P
gc 4311 @11.934s 8%: 0.15+0.55+0.20 ms clock, 2.4+0.73/0.81/0+3.2 ms cpu, 4->4->2 MB, 4 MB goal, 0 MB stacks, 0 MB globals, 16 P
gc 4312 @11.935s 8%: 0.11+0.54+0.14 ms clock, 1.7+0.58/1.0/0+2.3 ms cpu, 4->4->2 MB, 4 MB goal, 0 MB stacks, 0 MB globals, 16 P
gc 4313 @11.937s 8%: 0.11+0.50+0.18 ms clock, 1.7+0.46/0.85/0.19+2.9 ms cpu, 3->4->1 MB, 4 MB goal, 0 MB stacks, 0 MB globals, 16 P
gc 4314 @11.939s 8%: 0.17+0.56+0.19 ms clock, 2.7+0.62/0.91/0.004+3.1 ms cpu, 3->4->2 MB, 4 MB goal, 0 MB stacks, 0 MB globals, 16 P
gc 4315 @11.940s 8%: 0.082+0.59+0.075 ms clock, 1.3+0.43/1.0/0.042+1.2 ms cpu, 4->4->2 MB, 5 MB goal, 0 MB stacks, 0 MB globals, 16 P
gc 4316 @11.942s 8%: 0.13+0.75+0.052 ms clock, 2.1+0.73/0.98/0.027+0.84 ms cpu, 3->4->2 MB, 4 MB goal, 0 MB stacks, 0 MB globals, 16 P
gc 4317 @11.944s 8%: 0.11+0.77+0.032 ms clock, 1.7+0.69/0.87/0.001+0.51 ms cpu, 4->4->2 MB, 4 MB goal, 0 MB stacks, 0 MB globals, 16 P
gc 4318 @11.945s 8%: 0.12+0.66+0.23 ms clock, 1.9+0.56/1.1/0+3.7 ms cpu, 4->5->2 MB, 4 MB goal, 0 MB stacks, 0 MB globals, 16 P
gc 4319 @11.947s 8%: 0.12+0.79+0.10 ms clock, 1.9+0.68/1.0/0.030+1.6 ms cpu, 4->5->2 MB, 5 MB goal, 0 MB stacks, 0 MB globals, 16 P
gc 4320 @11.949s 8%: 0.16+0.58+0.11 ms clock, 2.6+0.94/1.0/0+1.8 ms cpu, 4->5->2 MB, 5 MB goal, 0 MB stacks, 0 MB globals, 16 P
gc 4321 @11.951s 8%: 0.16+0.51+0.12 ms clock, 2.5+0.79/0.89/0.044+2.0 ms cpu, 4->4->2 MB, 4 MB goal, 0 MB stacks, 0 MB globals, 16 P
gc 4322 @11.953s 8%: 0.10+0.81+0.088 ms clock, 1.6+0.73/0.82/0+1.4 ms cpu, 3->4->2 MB, 4 MB goal, 0 MB stacks, 0 MB globals, 16 P
gc 4323 @11.955s 8%: 0.12+0.63+0.091 ms clock, 1.9+0.68/1.0/0+1.4 ms cpu, 4->4->2 MB, 4 MB goal, 0 MB stacks, 0 MB globals, 16 P
gc 4324 @11.957s 8%: 0.14+0.64+0.19 ms clock, 2.2+0.62/0.90/0+3.1 ms cpu, 4->4->2 MB, 4 MB goal, 0 MB stacks, 0 MB globals, 16 P
gc 4325 @11.958s 8%: 0.10+0.77+0.12 ms clock, 1.7+0.73/1.1/0+2.0 ms cpu, 3->5->2 MB, 4 MB goal, 0 MB stacks, 0 MB globals, 16 P
gc 4326 @11.960s 8%: 0.13+0.62+0.092 ms clock, 2.1+0.63/0.86/0+1.4 ms cpu, 4->5->2 MB, 5 MB goal, 0 MB stacks, 0 MB globals, 16 P
gc 4327 @11.962s 8%: 0.13+0.94+0.18 ms clock, 2.1+0.74/1.0/0+2.9 ms cpu, 4->5->2 MB, 4 MB goal, 0 MB stacks, 0 MB globals, 16 P
gc 4328 @11.965s 8%: 0.14+0.83+0.11 ms clock, 2.3+0.59/1.0/0+1.8 ms cpu, 4->5->2 MB, 5 MB goal, 0 MB stacks, 0 MB globals, 16 P
gc 4329 @11.967s 8%: 0.16+0.61+0.11 ms clock, 2.5+0.60/1.0/0.001+1.8 ms cpu, 4->5->2 MB, 5 MB goal, 0 MB stacks, 0 MB globals, 16 P
gc 4330 @11.969s 8%: 0.13+0.84+0.10 ms clock, 2.2+0.61/0.95/0+1.6 ms cpu, 4->5->2 MB, 4 MB goal, 0 MB stacks, 0 MB globals, 16 P
gc 4331 @11.971s 8%: 0.15+0.51+0.17 ms clock, 2.4+0.89/0.96/0.051+2.8 ms cpu, 4->4->1 MB, 5 MB goal, 0 MB stacks, 0 MB globals, 16 P
gc 4332 @11.972s 8%: 0.18+0.60+0.15 ms clock, 2.9+0.65/0.86/0+2.4 ms cpu, 3->4->2 MB, 4 MB goal, 0 MB stacks, 0 MB globals, 16 P
gc 4333 @11.974s 8%: 0.12+0.69+0.096 ms clock, 2.0+0.69/0.96/0.002+1.5 ms cpu, 4->5->2 MB, 5 MB goal, 0 MB stacks, 0 MB globals, 16 P
gc 4334 @11.976s 8%: 0.11+0.59+0.10 ms clock, 1.7+0.49/0.96/0+1.6 ms cpu, 4->4->2 MB, 5 MB goal, 0 MB stacks, 0 MB globals, 16 P
gc 4335 @11.978s 8%: 0.075+0.69+0.15 ms clock, 1.2+0.43/0.92/0.017+2.5 ms cpu, 3->4->2 MB, 4 MB goal, 0 MB stacks, 0 MB globals, 16 P
gc 4336 @11.980s 8%: 0.14+0.75+0.094 ms clock, 2.2+0.59/1.1/0+1.5 ms cpu, 4->5->2 MB, 4 MB goal, 0 MB stacks, 0 MB globals, 16 P
gc 4337 @11.982s 8%: 0.17+0.72+0.076 ms clock, 2.8+0.52/0.95/0+1.2 ms cpu, 4->5->2 MB, 5 MB goal, 0 MB stacks, 0 MB globals, 16 P
gc 4338 @11.984s 8%: 0.10+0.84+0.081 ms clock, 1.7+0.53/1.1/0+1.2 ms cpu, 4->5->2 MB, 5 MB goal, 0 MB stacks, 0 MB globals, 16 P
gc 4339 @11.986s 8%: 0.15+0.82+0.13 ms clock, 2.4+0.54/0.93/0+2.1 ms cpu, 4->5->2 MB, 5 MB goal, 0 MB stacks, 0 MB globals, 16 P
gc 4340 @11.988s 8%: 0.12+0.63+0.20 ms clock, 1.9+0.76/0.78/0.061+3.3 ms cpu, 4->5->2 MB, 5 MB goal, 0 MB stacks, 0 MB globals, 16 P
gc 4341 @11.990s 8%: 0.21+0.69+0.074 ms clock, 3.4+0.72/0.87/0.005+1.1 ms cpu, 3->4->2 MB, 4 MB goal, 0 MB stacks, 0 MB globals, 16 P
gc 4342 @11.992s 8%: 0.15+0.76+0.11 ms clock, 2.4+0.65/0.88/0+1.8 ms cpu, 4->5->2 MB, 5 MB goal, 0 MB stacks, 0 MB globals, 16 P
gc 4343 @11.994s 8%: 0.094+0.54+0.14 ms clock, 1.5+0.60/0.89/0.052+2.3 ms cpu, 4->5->2 MB, 5 MB goal, 0 MB stacks, 0 MB globals, 16 P
gc 4344 @11.996s 8%: 0.11+0.68+0.19 ms clock, 1.9+0.68/0.92/0+3.1 ms cpu, 3->4->2 MB, 4 MB goal, 0 MB stacks, 0 MB globals, 16 P
gc 4345 @11.997s 8%: 0.10+0.75+0.10 ms clock, 1.6+0.64/1.0/0.025+1.7 ms cpu, 4->5->2 MB, 5 MB goal, 0 MB stacks, 0 MB globals, 16 P
gc 4346 @11.999s 8%: 0.11+0.67+0.14 ms clock, 1.8+0.62/1.0/0+2.2 ms cpu, 4->5->2 MB, 4 MB goal, 0 MB stacks, 0 MB globals, 16 P
gc 4347 @12.001s 8%: 0.13+0.68+0.077 ms clock, 2.2+0.69/0.83/0+1.2 ms cpu, 4->4->2 MB, 4 MB goal, 0 MB stacks, 0 MB globals, 16 P
gc 4348 @12.003s 8%: 0.14+0.86+0.099 ms clock, 2.3+0.58/0.92/0.083+1.5 ms cpu, 4->5->2 MB, 4 MB goal, 0 MB stacks, 0 MB globals, 16 P
gc 4349 @12.005s 8%: 0.18+0.52+0.16 ms clock, 2.9+0.63/0.92/0+2.6 ms cpu, 4->4->2 MB, 4 MB goal, 0 MB stacks, 0 MB globals, 16 P
gc 4350 @12.007s 8%: 0.11+0.72+0.18 ms clock, 1.8+0.97/0.82/0+3.0 ms cpu, 3->4->2 MB, 4 MB goal, 0 MB stacks, 0 MB globals, 16 P
gc 4351 @12.008s 8%: 0.14+0.77+0.14 ms clock, 2.2+0.68/1.0/0+2.3 ms cpu, 4->5->2 MB, 4 MB goal, 0 MB stacks, 0 MB globals, 16 P
gc 4352 @12.011s 8%: 0.098+0.80+0.17 ms clock, 1.5+0.61/0.99/0.065+2.8 ms cpu, 4->5->2 MB, 5 MB goal, 0 MB stacks, 0 MB globals, 16 P
gc 4353 @12.013s 8%: 0.15+0.54+0.12 ms clock, 2.4+0.62/0.95/0+2.0 ms cpu, 4->5->2 MB, 5 MB goal, 0 MB stacks, 0 MB globals, 16 P
gc 4354 @12.014s 8%: 0.10+0.58+0.088 ms clock, 1.6+0.64/0.88/0+1.4 ms cpu, 4->4->2 MB, 4 MB goal, 0 MB stacks, 0 MB globals, 16 P
gc 4355 @12.016s 8%: 0.19+0.62+0.11 ms clock, 3.0+0.63/1.0/0+1.8 ms cpu, 3->4->2 MB, 4 MB goal, 0 MB stacks, 0 MB globals, 16 P
gc 4356 @12.018s 8%: 0.13+0.79+0.078 ms clock, 2.1+0.55/1.0/0.016+1.2 ms cpu, 4->5->2 MB, 5 MB goal, 0 MB stacks, 0 MB globals, 16 P
gc 4357 @12.020s 8%: 0.11+0.57+0.13 ms clock, 1.8+0.61/1.0/0+2.0 ms cpu, 4->5->2 MB, 5 MB goal, 0 MB stacks, 0 MB globals, 16 P
gc 4358 @12.021s 8%: 0.12+0.91+0.11 ms clock, 2.0+0.65/0.98/0+1.7 ms cpu, 4->5->2 MB, 4 MB goal, 0 MB stacks, 0 MB globals, 16 P
gc 4359 @12.024s 8%: 0.10+0.51+0.20 ms clock, 1.6+0.54/1.0/0+3.2 ms cpu, 4->5->2 MB, 5 MB goal, 0 MB stacks, 0 MB globals, 16 P
gc 4360 @12.025s 8%: 0.12+0.75+0.10 ms clock, 2.0+0.84/0.84/0+1.7 ms cpu, 3->4->2 MB, 4 MB goal, 0 MB stacks, 0 MB globals, 16 P
gc 4361 @12.027s 8%: 0.13+0.81+0.12 ms clock, 2.1+0.63/1.1/0.003+1.9 ms cpu, 4->5->2 MB, 5 MB goal, 0 MB stacks, 0 MB globals, 16 P
gc 4362 @12.030s 8%: 0.20+0.85+0.12 ms clock, 3.3+0.90/0.83/0+2.0 ms cpu, 4->6->2 MB, 5 MB goal, 0 MB stacks, 0 MB globals, 16 P
gc 4363 @12.032s 8%: 0.13+0.67+0.20 ms clock, 2.2+0.67/1.0/0+3.3 ms cpu, 4->5->2 MB, 5 MB goal, 0 MB stacks, 0 MB globals, 16 P
gc 4364 @12.034s 8%: 0.15+0.70+0.12 ms clock, 2.4+0.62/1.1/0+1.9 ms cpu, 4->5->2 MB, 4 MB goal, 0 MB stacks, 0 MB globals, 16 P
gc 4365 @12.036s 8%: 0.18+0.66+0.22 ms clock, 2.9+0.71/1.1/0+3.6 ms cpu, 4->5->2 MB, 5 MB goal, 0 MB stacks, 0 MB globals, 16 P
gc 4366 @12.038s 8%: 0.14+0.52+0.20 ms clock, 2.3+0.63/0.95/0+3.3 ms cpu, 4->5->2 MB, 5 MB goal, 0 MB stacks, 0 MB globals, 16 P
gc 4367 @12.040s 8%: 0.15+0.63+0.078 ms clock, 2.5+0.57/0.94/0.010+1.2 ms cpu, 3->4->2 MB, 4 MB goal, 0 MB stacks, 0 MB globals, 16 P
gc 4368 @12.041s 8%: 0.15+0.59+0.11 ms clock, 2.5+0.57/0.96/0.079+1.8 ms cpu, 4->4->2 MB, 4 MB goal, 0 MB stacks, 0 MB globals, 16 P
gc 4369 @12.043s 8%: 0.12+0.59+0.11 ms clock, 2.0+0.59/0.95/0.002+1.8 ms cpu, 4->4->2 MB, 4 MB goal, 0 MB stacks, 0 MB globals, 16 P
gc 4370 @12.045s 8%: 0.11+0.69+0.10 ms clock, 1.8+0.47/1.1/0+1.6 ms cpu, 3->4->2 MB, 4 MB goal, 0 MB stacks, 0 MB globals, 16 P
gc 4371 @12.047s 8%: 0.12+0.54+0.13 ms clock, 2.0+0.60/0.99/0+2.2 ms cpu, 4->4->2 MB, 4 MB goal, 0 MB stacks, 0 MB globals, 16 P
gc 4372 @12.048s 8%: 0.11+0.59+0.20 ms clock, 1.8+0.73/0.89/0+3.2 ms cpu, 4->4->2 MB, 4 MB goal, 0 MB stacks, 0 MB globals, 16 P
gc 4373 @12.050s 8%: 0.14+0.76+0.17 ms clock, 2.3+0.67/0.85/0+2.8 ms cpu, 3->4->2 MB, 4 MB goal, 0 MB stacks, 0 MB globals, 16 P
gc 4374 @12.052s 8%: 0.12+0.68+0.097 ms clock, 2.0+0.56/1.0/0+1.5 ms cpu, 4->5->2 MB, 5 MB goal, 0 MB stacks, 0 MB globals, 16 P
gc 4375 @12.054s 8%: 0.12+0.69+0.087 ms clock, 1.9+0.54/0.93/0+1.4 ms cpu, 4->4->2 MB, 4 MB goal, 0 MB stacks, 0 MB globals, 16 P
gc 4376 @12.056s 8%: 0.12+0.65+0.14 ms clock, 1.9+0.65/0.91/0.003+2.2 ms cpu, 3->4->2 MB, 4 MB goal, 0 MB stacks, 0 MB globals, 16 P
gc 4377 @12.058s 8%: 0.15+0.59+0.20 ms clock, 2.4+0.66/1.0/0.001+3.3 ms cpu, 4->4->2 MB, 4 MB goal, 0 MB stacks, 0 MB globals, 16 P
gc 4378 @12.059s 8%: 0.15+0.59+0.12 ms clock, 2.4+0.76/0.93/0.045+1.9 ms cpu, 4->4->2 MB, 4 MB goal, 0 MB stacks, 0 MB globals, 16 P
gc 4379 @12.061s 8%: 0.11+0.68+0.14 ms clock, 1.9+0.73/1.0/0.033+2.2 ms cpu, 4->5->2 MB, 4 MB goal, 0 MB stacks, 0 MB globals, 16 P
gc 4380 @12.063s 8%: 0.25+0.80+0.092 ms clock, 4.0+0.57/0.99/0+1.4 ms cpu, 4->5->2 MB, 5 MB goal, 0 MB stacks, 0 MB globals, 16 P
gc 4381 @12.065s 8%: 0.11+0.60+0.12 ms clock, 1.7+0.70/0.85/0+2.0 ms cpu, 4->5->2 MB, 5 MB goal, 0 MB stacks, 0 MB globals, 16 P
gc 4382 @12.067s 8%: 0.17+0.62+0.081 ms clock, 2.8+0.85/0.88/0+1.3 ms cpu, 3->4->2 MB, 4 MB goal, 0 MB stacks, 0 MB globals, 16 P
gc 4383 @12.069s 8%: 0.13+0.75+0.071 ms clock, 2.0+0.64/0.98/0+1.1 ms cpu, 4->5->2 MB, 4 MB goal, 0 MB stacks, 0 MB globals, 16 P
gc 4384 @12.071s 8%: 0.10+1.0+0.069 ms clock, 1.7+0.83/0.90/0.003+1.1 ms cpu, 4->5->2 MB, 4 MB goal, 0 MB stacks, 0 MB globals, 16 P
gc 4385 @12.073s 8%: 0.17+0.56+0.15 ms clock, 2.7+0.65/0.90/0+2.4 ms cpu, 4->5->2 MB, 5 MB goal, 0 MB stacks, 0 MB globals, 16 P
gc 4386 @12.075s 8%: 0.14+0.71+0.22 ms clock, 2.3+0.73/0.81/0+3.6 ms cpu, 3->4->2 MB, 4 MB goal, 0 MB stacks, 0 MB globals, 16 P
gc 4387 @12.077s 8%: 0.14+0.58+0.20 ms clock, 2.3+0.85/0.92/0+3.2 ms cpu, 4->5->2 MB, 4 MB goal, 0 MB stacks, 0 MB globals, 16 P
gc 4388 @12.078s 8%: 0.17+0.56+0.12 ms clock, 2.7+0.68/0.91/0.011+2.0 ms cpu, 4->4->2 MB, 4 MB goal, 0 MB stacks, 0 MB globals, 16 P
gc 4389 @12.080s 8%: 0.12+0.62+0.14 ms clock, 1.9+0.67/1.0/0.051+2.2 ms cpu, 4->4->2 MB, 4 MB goal, 0 MB stacks, 0 MB globals, 16 P
gc 4390 @12.082s 8%: 0.11+0.64+0.10 ms clock, 1.8+0.58/1.0/0+1.6 ms cpu, 4->4->2 MB, 4 MB goal, 0 MB stacks, 0 MB globals, 16 P
gc 4391 @12.084s 9%: 0.12+0.61+0.096 ms clock, 2.0+0.60/1.0/0+1.5 ms cpu, 4->4->2 MB, 4 MB goal, 0 MB stacks, 0 MB globals, 16 P
gc 4392 @12.085s 9%: 0.10+0.94+0.10 ms clock, 1.6+0.65/0.95/0+1.6 ms cpu, 4->5->2 MB, 4 MB goal, 0 MB stacks, 0 MB globals, 16 P
gc 4393 @12.087s 9%: 0.10+0.64+0.080 ms clock, 1.6+0.72/0.78/0+1.2 ms cpu, 4->5->2 MB, 5 MB goal, 0 MB stacks, 0 MB globals, 16 P
gc 4394 @12.089s 9%: 0.11+0.78+0.11 ms clock, 1.8+0.74/1.1/0.009+1.8 ms cpu, 3->4->2 MB, 4 MB goal, 0 MB stacks, 0 MB globals, 16 P
gc 4395 @12.091s 9%: 0.17+0.63+0.22 ms clock, 2.7+0.55/0.86/0+3.5 ms cpu, 4->5->2 MB, 5 MB goal, 0 MB stacks, 0 MB globals, 16 P
gc 4396 @12.093s 9%: 0.22+0.71+0.17 ms clock, 3.5+0.68/0.87/0+2.8 ms cpu, 4->4->2 MB, 4 MB goal, 0 MB stacks, 0 MB globals, 16 P
gc 4397 @12.095s 9%: 0.11+0.50+0.18 ms clock, 1.8+0.62/0.96/0+3.0 ms cpu, 4->4->2 MB, 4 MB goal, 0 MB stacks, 0 MB globals, 16 P
gc 4398 @12.096s 9%: 0.10+0.69+0.091 ms clock, 1.7+0.59/0.88/0+1.4 ms cpu, 3->4->2 MB, 4 MB goal, 0 MB stacks, 0 MB globals, 16 P
gc 4399 @12.098s 9%: 0.19+0.58+0.17 ms clock, 3.0+0.62/0.97/0.002+2.7 ms cpu, 4->5->2 MB, 4 MB goal, 0 MB stacks, 0 MB globals, 16 P
gc 4400 @12.100s 9%: 0.24+0.64+0.11 ms clock, 3.8+0.51/0.90/0.045+1.8 ms cpu, 4->5->2 MB, 5 MB goal, 0 MB stacks, 0 MB globals, 16 P
gc 4401 @12.102s 9%: 0.13+0.64+0.11 ms clock, 2.1+0.78/0.89/0+1.8 ms cpu, 4->4->2 MB, 4 MB goal, 0 MB stacks, 0 MB globals, 16 P
gc 4402 @12.104s 9%: 0.13+0.69+0.12 ms clock, 2.1+0.63/0.93/0+1.9 ms cpu, 4->5->2 MB, 5 MB goal, 0 MB stacks, 0 MB globals, 16 P
gc 4403 @12.106s 9%: 0.13+0.80+0.050 ms clock, 2.1+0.51/1.0/0.013+0.80 ms cpu, 4->5->2 MB, 5 MB goal, 0 MB stacks, 0 MB globals, 16 P
gc 4404 @12.108s 9%: 0.11+0.64+0.093 ms clock, 1.8+0.58/0.94/0+1.5 ms cpu, 4->5->2 MB, 4 MB goal, 0 MB stacks, 0 MB globals, 16 P
gc 4405 @12.110s 9%: 0.13+0.59+0.22 ms clock, 2.2+0.58/0.98/0.020+3.6 ms cpu, 4->5->2 MB, 4 MB goal, 0 MB stacks, 0 MB globals, 16 P
gc 4406 @12.111s 9%: 0.098+0.59+0.11 ms clock, 1.5+0.59/0.87/0+1.7 ms cpu, 4->4->1 MB, 4 MB goal, 0 MB stacks, 0 MB globals, 16 P
gc 4407 @12.113s 9%: 0.17+0.61+0.18 ms clock, 2.7+0.64/1.1/0+2.9 ms cpu, 3->4->2 MB, 4 MB goal, 0 MB stacks, 0 MB globals, 16 P
gc 4408 @12.115s 9%: 0.11+0.82+0.13 ms clock, 1.9+0.73/1.0/0.001+2.0 ms cpu, 4->5->2 MB, 5 MB goal, 0 MB stacks, 0 MB globals, 16 P
gc 4409 @12.117s 9%: 0.13+0.76+0.097 ms clock, 2.1+0.56/0.99/0.036+1.5 ms cpu, 4->5->2 MB, 5 MB goal, 0 MB stacks, 0 MB globals, 16 P
gc 4410 @12.119s 9%: 0.20+0.57+0.099 ms clock, 3.2+0.69/0.88/0+1.5 ms cpu, 4->4->2 MB, 4 MB goal, 0 MB stacks, 0 MB globals, 16 P
gc 4411 @12.121s 9%: 0.11+0.65+0.12 ms clock, 1.7+0.60/1.0/0.026+1.9 ms cpu, 3->4->2 MB, 4 MB goal, 0 MB stacks, 0 MB globals, 16 P
gc 4412 @12.122s 9%: 0.14+0.57+0.13 ms clock, 2.3+0.56/0.93/0+2.1 ms cpu, 4->4->2 MB, 4 MB goal, 0 MB stacks, 0 MB globals, 16 P
gc 4413 @12.124s 9%: 0.13+0.76+0.11 ms clock, 2.2+0.66/0.89/0+1.8 ms cpu, 4->4->2 MB, 4 MB goal, 0 MB stacks, 0 MB globals, 16 P
gc 4414 @12.126s 9%: 0.13+0.57+0.19 ms clock, 2.1+0.62/1.0/0.002+3.0 ms cpu, 4->5->2 MB, 5 MB goal, 0 MB stacks, 0 MB globals, 16 P
gc 4415 @12.128s 9%: 0.19+0.61+0.10 ms clock, 3.1+0.65/0.84/0+1.6 ms cpu, 4->4->2 MB, 4 MB goal, 0 MB stacks, 0 MB globals, 16 P
gc 4416 @12.130s 9%: 0.13+0.79+0.11 ms clock, 2.1+0.55/1.0/0+1.7 ms cpu, 4->5->2 MB, 5 MB goal, 0 MB stacks, 0 MB globals, 16 P
gc 4417 @12.132s 9%: 0.16+0.58+0.16 ms clock, 2.6+0.65/0.86/0+2.5 ms cpu, 4->4->2 MB, 5 MB goal, 0 MB stacks, 0 MB globals, 16 P
gc 4418 @12.133s 9%: 0.10+0.75+0.17 ms clock, 1.6+0.59/1.1/0+2.7 ms cpu, 3->4->2 MB, 4 MB goal, 0 MB stacks, 0 MB globals, 16 P
gc 4419 @12.135s 9%: 0.11+0.57+0.078 ms clock, 1.7+0.76/0.92/0+1.2 ms cpu, 4->5->2 MB, 5 MB goal, 0 MB stacks, 0 MB globals, 16 P
gc 4420 @12.137s 9%: 0.11+0.66+0.17 ms clock, 1.7+0.59/0.98/0+2.8 ms cpu, 3->4->2 MB, 4 MB goal, 0 MB stacks, 0 MB globals, 16 P
gc 4421 @12.139s 9%: 0.11+0.66+0.16 ms clock, 1.7+0.79/1.0/0+2.6 ms cpu, 4->4->2 MB, 4 MB goal, 0 MB stacks, 0 MB globals, 16 P
gc 4422 @12.141s 9%: 0.14+0.90+0.10 ms clock, 2.3+0.64/0.89/0+1.6 ms cpu, 4->5->2 MB, 4 MB goal, 0 MB stacks, 0 MB globals, 16 P
gc 4423 @12.143s 9%: 0.12+0.56+0.14 ms clock, 2.0+0.91/0.89/0+2.2 ms cpu, 4->5->2 MB, 5 MB goal, 0 MB stacks, 0 MB globals, 16 P
gc 4424 @12.145s 9%: 0.15+0.67+0.10 ms clock, 2.5+0.74/0.99/0.015+1.7 ms cpu, 4->4->2 MB, 4 MB goal, 0 MB stacks, 0 MB globals, 16 P
gc 4425 @12.146s 9%: 0.12+0.65+0.079 ms clock, 2.0+0.60/1.0/0.019+1.2 ms cpu, 4->5->2 MB, 4 MB goal, 0 MB stacks, 0 MB globals, 16 P
gc 4426 @12.148s 9%: 0.11+0.60+0.14 ms clock, 1.8+0.58/0.93/0.030+2.3 ms cpu, 4->4->2 MB, 4 MB goal, 0 MB stacks, 0 MB globals, 16 P
gc 4427 @12.150s 9%: 0.12+0.73+0.20 ms clock, 1.9+0.60/0.92/0+3.3 ms cpu, 3->5->2 MB, 4 MB goal, 0 MB stacks, 0 MB globals, 16 P
gc 4428 @12.152s 9%: 0.13+0.64+0.11 ms clock, 2.1+0.63/0.98/0+1.8 ms cpu, 4->5->2 MB, 5 MB goal, 0 MB stacks, 0 MB globals, 16 P
gc 4429 @12.154s 9%: 0.16+0.67+0.063 ms clock, 2.5+0.67/0.90/0+1.0 ms cpu, 4->4->2 MB, 4 MB goal, 0 MB stacks, 0 MB globals, 16 P
gc 4430 @12.156s 9%: 0.17+0.67+0.11 ms clock, 2.7+0.57/1.0/0+1.8 ms cpu, 4->4->2 MB, 4 MB goal, 0 MB stacks, 0 MB globals, 16 P
gc 4431 @12.157s 9%: 0.11+0.58+0.15 ms clock, 1.7+0.89/0.94/0+2.4 ms cpu, 4->4->2 MB, 4 MB goal, 0 MB stacks, 0 MB globals, 16 P
gc 4432 @12.159s 9%: 0.15+0.56+0.11 ms clock, 2.4+0.61/0.95/0+1.7 ms cpu, 4->4->2 MB, 4 MB goal, 0 MB stacks, 0 MB globals, 16 P
gc 4433 @12.161s 9%: 0.11+0.90+0.091 ms clock, 1.9+0.67/0.93/0+1.4 ms cpu, 3->5->2 MB, 4 MB goal, 0 MB stacks, 0 MB globals, 16 P
gc 4434 @12.163s 9%: 0.13+0.79+0.10 ms clock, 2.2+0.66/0.91/0+1.6 ms cpu, 4->5->2 MB, 5 MB goal, 0 MB stacks, 0 MB globals, 16 P
gc 4435 @12.165s 9%: 0.15+0.55+0.11 ms clock, 2.4+0.75/0.90/0.048+1.7 ms cpu, 4->5->2 MB, 5 MB goal, 0 MB stacks, 0 MB globals, 16 P
gc 4436 @12.167s 9%: 0.14+0.51+0.16 ms clock, 2.2+0.65/0.96/0+2.5 ms cpu, 4->4->2 MB, 4 MB goal, 0 MB stacks, 0 MB globals, 16 P
gc 4437 @12.168s 9%: 0.22+0.93+0.032 ms clock, 3.5+0.82/0.85/0+0.51 ms cpu, 3->4->2 MB, 4 MB goal, 0 MB stacks, 0 MB globals, 16 P
gc 4438 @12.171s 9%: 0.15+0.54+0.18 ms clock, 2.4+0.49/1.0/0.031+2.9 ms cpu, 4->5->2 MB, 5 MB goal, 0 MB stacks, 0 MB globals, 16 P
gc 4439 @12.172s 9%: 0.19+0.54+0.11 ms clock, 3.1+0.69/0.86/0+1.7 ms cpu, 4->4->2 MB, 4 MB goal, 0 MB stacks, 0 MB globals, 16 P
gc 4440 @12.174s 9%: 0.17+0.56+0.16 ms clock, 2.8+0.51/1.0/0+2.6 ms cpu, 4->4->2 MB, 4 MB goal, 0 MB stacks, 0 MB globals, 16 P
gc 4441 @12.176s 9%: 0.16+0.56+0.24 ms clock, 2.5+0.68/0.85/0+3.9 ms cpu, 4->4->2 MB, 4 MB goal, 0 MB stacks, 0 MB globals, 16 P
gc 4442 @12.178s 9%: 0.12+0.61+0.16 ms clock, 1.9+0.58/0.93/0.003+2.6 ms cpu, 3->4->2 MB, 4 MB goal, 0 MB stacks, 0 MB globals, 16 P
gc 4443 @12.179s 9%: 0.11+0.67+0.10 ms clock, 1.8+0.51/0.93/0.035+1.6 ms cpu, 4->4->2 MB, 4 MB goal, 0 MB stacks, 0 MB globals, 16 P
gc 4444 @12.181s 9%: 0.15+0.72+0.17 ms clock, 2.4+0.74/0.97/0+2.7 ms cpu, 4->5->2 MB, 4 MB goal, 0 MB stacks, 0 MB globals, 16 P
gc 4445 @12.183s 9%: 0.18+0.64+0.098 ms clock, 2.9+0.90/1.0/0.011+1.5 ms cpu, 4->5->2 MB, 4 MB goal, 0 MB stacks, 0 MB globals, 16 P
gc 4446 @12.185s 9%: 0.13+0.61+0.055 ms clock, 2.1+0.56/1.0/0.024+0.88 ms cpu, 4->4->2 MB, 4 MB goal, 0 MB stacks, 0 MB globals, 16 P
gc 4447 @12.186s 9%: 0.12+0.64+0.10 ms clock, 2.0+0.64/0.86/0.060+1.7 ms cpu, 3->4->2 MB, 4 MB goal, 0 MB stacks, 0 MB globals, 16 P
gc 4448 @12.188s 9%: 0.13+0.74+0.091 ms clock, 2.1+0.58/0.96/0.026+1.4 ms cpu, 3->4->2 MB, 4 MB goal, 0 MB stacks, 0 MB globals, 16 P
gc 4449 @12.190s 9%: 0.099+0.58+0.18 ms clock, 1.5+0.60/0.86/0+3.0 ms cpu, 4->4->2 MB, 4 MB goal, 0 MB stacks, 0 MB globals, 16 P
gc 4450 @12.191s 9%: 0.10+0.51+0.097 ms clock, 1.7+0.48/1.0/0.013+1.5 ms cpu, 3->4->2 MB, 4 MB goal, 0 MB stacks, 0 MB globals, 16 P
gc 4451 @12.193s 9%: 0.14+0.58+0.10 ms clock, 2.2+0.73/0.84/0+1.7 ms cpu, 3->4->2 MB, 4 MB goal, 0 MB stacks, 0 MB globals, 16 P
gc 4452 @12.195s 9%: 0.14+0.54+0.15 ms clock, 2.2+0.63/1.0/0+2.5 ms cpu, 4->4->2 MB, 4 MB goal, 0 MB stacks, 0 MB globals, 16 P
gc 4453 @12.196s 9%: 0.12+0.51+0.13 ms clock, 1.9+0.49/0.99/0+2.1 ms cpu, 3->4->2 MB, 4 MB goal, 0 MB stacks, 0 MB globals, 16 P
gc 4454 @12.198s 9%: 0.11+0.52+0.16 ms clock, 1.8+0.69/0.81/0+2.6 ms cpu, 3->4->2 MB, 4 MB goal, 0 MB stacks, 0 MB globals, 16 P
gc 4455 @12.200s 9%: 0.13+0.49+0.11 ms clock, 2.1+0.59/0.81/0+1.7 ms cpu, 3->4->2 MB, 4 MB goal, 0 MB stacks, 0 MB globals, 16 P
gc 4456 @12.201s 9%: 0.11+0.58+0.14 ms clock, 1.8+0.59/0.95/0+2.2 ms cpu, 3->4->2 MB, 4 MB goal, 0 MB stacks, 0 MB globals, 16 P
gc 4457 @12.203s 9%: 0.12+0.64+0.20 ms clock, 2.0+0.58/1.0/0.097+3.2 ms cpu, 4->5->2 MB, 4 MB goal, 0 MB stacks, 0 MB globals, 16 P
gc 4458 @12.205s 9%: 0.10+0.61+0.13 ms clock, 1.6+0.54/1.0/0.001+2.1 ms cpu, 4->5->2 MB, 4 MB goal, 0 MB stacks, 0 MB globals, 16 P
gc 4459 @12.207s 9%: 0.13+0.95+0.032 ms clock, 2.2+0.65/0.96/0+0.51 ms cpu, 4->4->2 MB, 4 MB goal, 0 MB stacks, 0 MB globals, 16 P
gc 4460 @12.209s 9%: 0.12+0.71+0.12 ms clock, 1.9+0.54/0.90/0.002+2.0 ms cpu, 4->5->2 MB, 4 MB goal, 0 MB stacks, 0 MB globals, 16 P
gc 4461 @12.211s 9%: 0.17+0.77+0.090 ms clock, 2.8+0.76/0.84/0.087+1.4 ms cpu, 4->5->2 MB, 5 MB goal, 0 MB stacks, 0 MB globals, 16 P
gc 4462 @12.213s 9%: 0.13+0.57+0.10 ms clock, 2.0+0.58/0.90/0+1.6 ms cpu, 4->5->2 MB, 5 MB goal, 0 MB stacks, 0 MB globals, 16 P
gc 4463 @12.214s 9%: 0.10+0.62+0.12 ms clock, 1.7+0.61/0.80/0+2.0 ms cpu, 3->4->2 MB, 4 MB goal, 0 MB stacks, 0 MB globals, 16 P
gc 4464 @12.216s 9%: 0.11+0.48+0.10 ms clock, 1.9+0.64/0.90/0+1.6 ms cpu, 3->4->2 MB, 4 MB goal, 0 MB stacks, 0 MB globals, 16 P
gc 4465 @12.218s 9%: 0.13+0.61+0.13 ms clock, 2.1+0.66/1.0/0+2.1 ms cpu, 3->4->2 MB, 4 MB goal, 0 MB stacks, 0 MB globals, 16 P
gc 4466 @12.219s 9%: 0.22+0.84+0.077 ms clock, 3.6+0.76/0.89/0+1.2 ms cpu, 4->5->2 MB, 4 MB goal, 0 MB stacks, 0 MB globals, 16 P
gc 4467 @12.222s 9%: 0.13+0.75+0.092 ms clock, 2.1+0.66/1.0/0+1.4 ms cpu, 4->5->2 MB, 5 MB goal, 0 MB stacks, 0 MB globals, 16 P
gc 4468 @12.224s 9%: 0.076+0.62+0.084 ms clock, 1.2+0.65/0.96/0+1.3 ms cpu, 4->5->2 MB, 5 MB goal, 0 MB stacks, 0 MB globals, 16 P
gc 4469 @12.225s 9%: 0.10+0.63+0.13 ms clock, 1.7+0.61/1.0/0+2.1 ms cpu, 3->4->2 MB, 4 MB goal, 0 MB stacks, 0 MB globals, 16 P
gc 4470 @12.227s 9%: 0.13+0.75+0.11 ms clock, 2.2+0.55/0.89/0+1.8 ms cpu, 4->4->2 MB, 4 MB goal, 0 MB stacks, 0 MB globals, 16 P
gc 4471 @12.229s 9%: 0.17+0.49+0.12 ms clock, 2.7+0.66/0.83/0+1.9 ms cpu, 4->5->2 MB, 5 MB goal, 0 MB stacks, 0 MB globals, 16 P
gc 4472 @12.231s 9%: 0.11+0.64+0.10 ms clock, 1.7+0.59/0.95/0+1.6 ms cpu, 3->4->2 MB, 4 MB goal, 0 MB stacks, 0 MB globals, 16 P
gc 4473 @12.233s 9%: 0.15+0.77+0.11 ms clock, 2.5+0.68/0.90/0+1.7 ms cpu, 4->5->2 MB, 4 MB goal, 0 MB stacks, 0 MB globals, 16 P
gc 4474 @12.235s 9%: 0.19+0.55+0.11 ms clock, 3.0+0.47/0.92/0.062+1.7 ms cpu, 4->5->2 MB, 5 MB goal, 0 MB stacks, 0 MB globals, 16 P
gc 4475 @12.236s 9%: 0.094+0.60+0.14 ms clock, 1.5+0.66/0.86/0+2.3 ms cpu, 3->4->2 MB, 4 MB goal, 0 MB stacks, 0 MB globals, 16 P
gc 4476 @12.238s 9%: 0.10+0.57+0.10 ms clock, 1.7+0.59/0.95/0.013+1.6 ms cpu, 3->4->2 MB, 4 MB goal, 0 MB stacks, 0 MB globals, 16 P
gc 4477 @12.240s 9%: 0.12+0.74+0.082 ms clock, 1.9+0.55/0.97/0.023+1.3 ms cpu, 4->5->2 MB, 4 MB goal, 0 MB stacks, 0 MB globals, 16 P
gc 4478 @12.242s 9%: 0.12+0.56+0.21 ms clock, 1.9+0.64/0.87/0.005+3.4 ms cpu, 4->5->2 MB, 5 MB goal, 0 MB stacks, 0 MB globals, 16 P
gc 4479 @12.243s 9%: 0.20+0.58+0.15 ms clock, 3.2+0.64/0.87/0+2.5 ms cpu, 4->4->2 MB, 4 MB goal, 0 MB stacks, 0 MB globals, 16 P
gc 4480 @12.245s 9%: 0.12+0.64+0.18 ms clock, 1.9+0.45/1.0/0.002+2.9 ms cpu, 3->4->2 MB, 4 MB goal, 0 MB stacks, 0 MB globals, 16 P
gc 4481 @12.247s 9%: 0.090+0.65+0.14 ms clock, 1.4+0.60/1.1/0+2.3 ms cpu, 3->4->2 MB, 4 MB goal, 0 MB stacks, 0 MB globals, 16 P
gc 4482 @12.248s 9%: 0.13+0.45+0.20 ms clock, 2.1+0.61/0.94/0.017+3.2 ms cpu, 4->4->2 MB, 4 MB goal, 0 MB stacks, 0 MB globals, 16 P
gc 4483 @12.250s 9%: 0.11+0.69+0.18 ms clock, 1.8+0.68/1.0/0+2.9 ms cpu, 3->4->2 MB, 4 MB goal, 0 MB stacks, 0 MB globals, 16 P
gc 4484 @12.252s 9%: 0.13+0.52+0.18 ms clock, 2.1+0.74/0.97/0.005+3.0 ms cpu, 4->5->2 MB, 5 MB goal, 0 MB stacks, 0 MB globals, 16 P
gc 4485 @12.254s 9%: 0.13+0.66+0.15 ms clock, 2.2+0.66/0.97/0+2.5 ms cpu, 4->4->2 MB, 4 MB goal, 0 MB stacks, 0 MB globals, 16 P
gc 4486 @12.255s 9%: 0.12+0.55+0.12 ms clock, 1.9+0.76/0.86/0.012+1.9 ms cpu, 4->4->2 MB, 4 MB goal, 0 MB stacks, 0 MB globals, 16 P
gc 4487 @12.257s 9%: 0.082+0.66+0.14 ms clock, 1.3+0.53/0.80/0+2.3 ms cpu, 3->4->2 MB, 4 MB goal, 0 MB stacks, 0 MB globals, 16 P
gc 4488 @12.259s 9%: 0.13+0.73+0.10 ms clock, 2.1+0.59/1.0/0+1.7 ms cpu, 3->4->2 MB, 4 MB goal, 0 MB stacks, 0 MB globals, 16 P
gc 4489 @12.261s 9%: 0.11+0.56+0.093 ms clock, 1.8+0.63/1.0/0+1.4 ms cpu, 4->4->2 MB, 5 MB goal, 0 MB stacks, 0 MB globals, 16 P
gc 4490 @12.262s 9%: 0.15+0.73+0.073 ms clock, 2.4+0.66/0.89/0+1.1 ms cpu, 3->4->2 MB, 4 MB goal, 0 MB stacks, 0 MB globals, 16 P
gc 4491 @12.264s 9%: 0.12+0.77+0.10 ms clock, 1.9+0.56/1.0/0+1.6 ms cpu, 4->5->2 MB, 4 MB goal, 0 MB stacks, 0 MB globals, 16 P
gc 4492 @12.266s 9%: 0.12+0.62+0.085 ms clock, 1.9+0.59/0.96/0+1.3 ms cpu, 4->4->2 MB, 5 MB goal, 0 MB stacks, 0 MB globals, 16 P
gc 4493 @12.268s 9%: 0.11+0.61+0.095 ms clock, 1.8+0.55/0.99/0+1.5 ms cpu, 3->4->2 MB, 4 MB goal, 0 MB stacks, 0 MB globals, 16 P
gc 4494 @12.269s 9%: 0.14+0.66+0.15 ms clock, 2.3+0.77/0.94/0+2.5 ms cpu, 4->4->2 MB, 4 MB goal, 0 MB stacks, 0 MB globals, 16 P
gc 4495 @12.271s 9%: 0.11+0.77+0.17 ms clock, 1.8+0.71/0.92/0+2.7 ms cpu, 4->5->2 MB, 4 MB goal, 0 MB stacks, 0 MB globals, 16 P
gc 4496 @12.273s 9%: 0.19+0.61+0.19 ms clock, 3.1+0.72/0.95/0.016+3.0 ms cpu, 4->5->2 MB, 4 MB goal, 0 MB stacks, 0 MB globals, 16 P
gc 4497 @12.275s 9%: 0.19+0.55+0.13 ms clock, 3.1+0.67/1.0/0.005+2.1 ms cpu, 4->5->2 MB, 5 MB goal, 0 MB stacks, 0 MB globals, 16 P
gc 4498 @12.277s 9%: 0.14+0.70+0.18 ms clock, 2.3+0.79/0.91/0+3.0 ms cpu, 4->5->2 MB, 4 MB goal, 0 MB stacks, 0 MB globals, 16 P
gc 4499 @12.279s 9%: 0.17+0.88+0.059 ms clock, 2.8+0.73/1.0/0.002+0.95 ms cpu, 4->5->2 MB, 5 MB goal, 0 MB stacks, 0 MB globals, 16 P
gc 4500 @12.281s 9%: 0.12+0.60+0.20 ms clock, 1.9+0.64/0.99/0.019+3.2 ms cpu, 4->5->2 MB, 5 MB goal, 0 MB stacks, 0 MB globals, 16 P
gc 4501 @12.283s 9%: 0.14+0.61+0.14 ms clock, 2.2+0.54/1.0/0+2.3 ms cpu, 4->5->2 MB, 4 MB goal, 0 MB stacks, 0 MB globals, 16 P
gc 4502 @12.284s 9%: 0.14+0.73+0.10 ms clock, 2.2+0.64/0.97/0+1.6 ms cpu, 4->5->2 MB, 4 MB goal, 0 MB stacks, 0 MB globals, 16 P
gc 4503 @12.287s 9%: 0.11+0.60+0.16 ms clock, 1.8+0.49/0.98/0+2.6 ms cpu, 4->5->2 MB, 5 MB goal, 0 MB stacks, 0 MB globals, 16 P
gc 4504 @12.288s 9%: 0.16+0.65+0.088 ms clock, 2.6+0.58/0.92/0.003+1.4 ms cpu, 4->5->2 MB, 4 MB goal, 0 MB stacks, 0 MB globals, 16 P
gc 4505 @12.290s 9%: 0.11+0.55+0.10 ms clock, 1.7+0.67/0.88/0.049+1.7 ms cpu, 4->4->2 MB, 5 MB goal, 0 MB stacks, 0 MB globals, 16 P
gc 4506 @12.292s 9%: 0.19+0.58+0.11 ms clock, 3.1+0.62/0.91/0+1.8 ms cpu, 3->4->2 MB, 4 MB goal, 0 MB stacks, 0 MB globals, 16 P
gc 4507 @12.294s 9%: 0.15+0.63+0.12 ms clock, 2.5+0.66/0.89/0+2.0 ms cpu, 4->5->2 MB, 5 MB goal, 0 MB stacks, 0 MB globals, 16 P
gc 4508 @12.296s 9%: 0.11+0.63+0.083 ms clock, 1.8+0.59/0.94/0+1.3 ms cpu, 4->5->2 MB, 4 MB goal, 0 MB stacks, 0 MB globals, 16 P
gc 4509 @12.297s 9%: 0.13+0.54+0.13 ms clock, 2.1+0.63/1.0/0+2.1 ms cpu, 4->4->2 MB, 4 MB goal, 0 MB stacks, 0 MB globals, 16 P
gc 4510 @12.299s 9%: 0.12+0.50+0.25 ms clock, 2.0+0.71/0.93/0.042+4.0 ms cpu, 4->4->2 MB, 4 MB goal, 0 MB stacks, 0 MB globals, 16 P
gc 4511 @12.301s 9%: 0.13+0.58+0.10 ms clock, 2.2+0.49/0.90/0.037+1.6 ms cpu, 3->4->2 MB, 4 MB goal, 0 MB stacks, 0 MB globals, 16 P
gc 4512 @12.303s 9%: 0.11+0.57+0.11 ms clock, 1.8+0.67/0.87/0.16+1.8 ms cpu, 3->4->2 MB, 4 MB goal, 0 MB stacks, 0 MB globals, 16 P
gc 4513 @12.304s 9%: 0.11+0.81+0.11 ms clock, 1.8+0.65/0.96/0+1.8 ms cpu, 3->5->2 MB, 4 MB goal, 0 MB stacks, 0 MB globals, 16 P
gc 4514 @12.306s 9%: 0.11+0.76+0.097 ms clock, 1.8+0.66/1.0/0+1.5 ms cpu, 4->5->2 MB, 5 MB goal, 0 MB stacks, 0 MB globals, 16 P
gc 4515 @12.308s 9%: 0.17+0.71+0.12 ms clock, 2.8+0.85/0.86/0+2.0 ms cpu, 4->5->2 MB, 5 MB goal, 0 MB stacks, 0 MB globals, 16 P
gc 4516 @12.310s 9%: 0.11+0.81+0.065 ms clock, 1.8+0.66/0.89/0+1.0 ms cpu, 4->5->2 MB, 5 MB goal, 0 MB stacks, 0 MB globals, 16 P
gc 4517 @12.313s 9%: 0.13+0.90+0.20 ms clock, 2.2+0.62/0.90/0+3.3 ms cpu, 4->5->2 MB, 5 MB goal, 0 MB stacks, 0 MB globals, 16 P
gc 4518 @12.315s 9%: 0.12+0.49+0.17 ms clock, 1.9+0.84/0.89/0.024+2.7 ms cpu, 4->5->1 MB, 5 MB goal, 0 MB stacks, 0 MB globals, 16 P
gc 4519 @12.316s 9%: 0.23+0.68+0.17 ms clock, 3.7+0.83/0.93/0+2.8 ms cpu, 3->4->2 MB, 4 MB goal, 0 MB stacks, 0 MB globals, 16 P
gc 4520 @12.318s 9%: 0.12+0.62+0.13 ms clock, 1.9+0.62/0.89/0+2.1 ms cpu, 4->5->2 MB, 5 MB goal, 0 MB stacks, 0 MB globals, 16 P
gc 4521 @12.320s 9%: 0.14+0.54+0.14 ms clock, 2.3+0.53/0.99/0+2.3 ms cpu, 3->4->2 MB, 4 MB goal, 0 MB stacks, 0 MB globals, 16 P
gc 4522 @12.321s 9%: 0.10+0.59+0.15 ms clock, 1.6+0.76/1.0/0.073+2.5 ms cpu, 4->4->2 MB, 4 MB goal, 0 MB stacks, 0 MB globals, 16 P
gc 4523 @12.323s 9%: 0.20+0.58+0.13 ms clock, 3.2+0.70/0.94/0+2.2 ms cpu, 3->4->2 MB, 4 MB goal, 0 MB stacks, 0 MB globals, 16 P
gc 4524 @12.325s 9%: 0.11+0.69+0.098 ms clock, 1.8+0.46/0.99/0.026+1.5 ms cpu, 4->5->2 MB, 4 MB goal, 0 MB stacks, 0 MB globals, 16 P
gc 4525 @12.327s 9%: 0.10+0.62+0.097 ms clock, 1.7+0.71/1.0/0+1.5 ms cpu, 4->5->2 MB, 4 MB goal, 0 MB stacks, 0 MB globals, 16 P
gc 4526 @12.328s 9%: 0.10+0.47+0.13 ms clock, 1.6+0.65/0.87/0.018+2.2 ms cpu, 4->4->2 MB, 4 MB goal, 0 MB stacks, 0 MB globals, 16 P
gc 4527 @12.330s 9%: 0.12+0.69+0.12 ms clock, 2.0+0.70/0.92/0.002+2.0 ms cpu, 3->4->2 MB, 4 MB goal, 0 MB stacks, 0 MB globals, 16 P
gc 4528 @12.332s 9%: 0.17+0.63+0.15 ms clock, 2.8+0.73/1.0/0+2.4 ms cpu, 4->5->2 MB, 5 MB goal, 0 MB stacks, 0 MB globals, 16 P
gc 4529 @12.334s 9%: 0.099+0.73+0.087 ms clock, 1.5+0.66/1.0/0+1.3 ms cpu, 4->5->2 MB, 5 MB goal, 0 MB stacks, 0 MB globals, 16 P
gc 4530 @12.336s 9%: 0.10+0.52+0.10 ms clock, 1.7+0.78/0.94/0+1.7 ms cpu, 4->5->2 MB, 5 MB goal, 0 MB stacks, 0 MB globals, 16 P
gc 4531 @12.338s 9%: 0.22+0.62+0.081 ms clock, 3.5+0.69/0.91/0.009+1.3 ms cpu, 3->4->2 MB, 4 MB goal, 0 MB stacks, 0 MB globals, 16 P
gc 4532 @12.339s 9%: 0.11+0.70+0.088 ms clock, 1.8+0.81/0.80/0.040+1.4 ms cpu, 4->4->2 MB, 4 MB goal, 0 MB stacks, 0 MB globals, 16 P
gc 4533 @12.341s 9%: 0.16+0.74+0.085 ms clock, 2.6+0.52/0.89/0.066+1.3 ms cpu, 4->4->2 MB, 4 MB goal, 0 MB stacks, 0 MB globals, 16 P
gc 4534 @12.343s 9%: 0.18+0.67+0.12 ms clock, 3.0+0.58/0.95/0+1.9 ms cpu, 3->4->2 MB, 4 MB goal, 0 MB stacks, 0 MB globals, 16 P
gc 4535 @12.345s 9%: 0.10+0.66+0.12 ms clock, 1.6+0.78/0.88/0+1.9 ms cpu, 4->5->2 MB, 5 MB goal, 0 MB stacks, 0 MB globals, 16 P
gc 4536 @12.347s 9%: 0.14+0.58+0.15 ms clock, 2.3+0.83/0.90/0+2.4 ms cpu, 3->4->2 MB, 4 MB goal, 0 MB stacks, 0 MB globals, 16 P
gc 4537 @12.348s 9%: 0.11+0.98+0.093 ms clock, 1.8+0.66/1.0/0+1.5 ms cpu, 4->5->2 MB, 4 MB goal, 0 MB stacks, 0 MB globals, 16 P
gc 4538 @12.350s 9%: 0.10+0.52+0.16 ms clock, 1.7+0.63/0.97/0+2.6 ms cpu, 4->5->2 MB, 5 MB goal, 0 MB stacks, 0 MB globals, 16 P
gc 4539 @12.352s 9%: 0.14+0.45+0.11 ms clock, 2.3+0.78/0.81/0+1.8 ms cpu, 3->4->2 MB, 4 MB goal, 0 MB stacks, 0 MB globals, 16 P
gc 4540 @12.354s 9%: 0.18+0.69+0.10 ms clock, 2.9+0.66/1.1/0+1.6 ms cpu, 3->4->2 MB, 4 MB goal, 0 MB stacks, 0 MB globals, 16 P
gc 4541 @12.355s 9%: 0.13+0.58+0.095 ms clock, 2.1+0.55/1.0/0.049+1.5 ms cpu, 4->4->2 MB, 4 MB goal, 0 MB stacks, 0 MB globals, 16 P
gc 4542 @12.357s 9%: 0.11+0.64+0.13 ms clock, 1.7+0.51/0.95/0.009+2.1 ms cpu, 3->4->2 MB, 4 MB goal, 0 MB stacks, 0 MB globals, 16 P
gc 4543 @12.359s 9%: 0.11+0.69+0.19 ms clock, 1.9+0.83/0.83/0.041+3.0 ms cpu, 4->4->2 MB, 4 MB goal, 0 MB stacks, 0 MB globals, 16 P
gc 4544 @12.361s 9%: 0.14+0.58+0.11 ms clock, 2.3+0.60/0.97/0+1.8 ms cpu, 4->4->2 MB, 4 MB goal, 0 MB stacks, 0 MB globals, 16 P
gc 4545 @12.362s 9%: 0.082+0.62+0.099 ms clock, 1.3+0.50/0.96/0+1.5 ms cpu, 3->4->2 MB, 4 MB goal, 0 MB stacks, 0 MB globals, 16 P
gc 4546 @12.364s 9%: 0.12+0.54+0.11 ms clock, 2.0+0.62/0.93/0+1.8 ms cpu, 4->4->2 MB, 4 MB goal, 0 MB stacks, 0 MB globals, 16 P
gc 4547 @12.366s 9%: 0.11+0.66+0.15 ms clock, 1.8+0.71/0.94/0+2.4 ms cpu, 3->4->2 MB, 4 MB goal, 0 MB stacks, 0 MB globals, 16 P
gc 4548 @12.367s 9%: 0.16+0.61+0.19 ms clock, 2.6+0.68/0.98/0.007+3.0 ms cpu, 4->4->2 MB, 4 MB goal, 0 MB stacks, 0 MB globals, 16 P
gc 4549 @12.369s 9%: 0.13+0.62+0.19 ms clock, 2.0+0.62/0.97/0+3.0 ms cpu, 4->4->2 MB, 4 MB goal, 0 MB stacks, 0 MB globals, 16 P
gc 4550 @12.371s 9%: 0.13+0.64+0.11 ms clock, 2.1+0.73/1.0/0+1.7 ms cpu, 4->5->2 MB, 4 MB goal, 0 MB stacks, 0 MB globals, 16 P
gc 4551 @12.373s 9%: 0.098+0.80+0.14 ms clock, 1.5+0.40/0.98/0+2.2 ms cpu, 4->5->2 MB, 5 MB goal, 0 MB stacks, 0 MB globals, 16 P
gc 4552 @12.375s 9%: 0.10+0.55+0.11 ms clock, 1.7+0.69/0.83/0.002+1.8 ms cpu, 4->4->2 MB, 4 MB goal, 0 MB stacks, 0 MB globals, 16 P
gc 4553 @12.376s 9%: 0.19+0.72+0.18 ms clock, 3.1+0.58/0.87/0+2.9 ms cpu, 3->4->2 MB, 4 MB goal, 0 MB stacks, 0 MB globals, 16 P
gc 4554 @12.378s 9%: 0.12+0.62+0.078 ms clock, 1.9+0.52/0.97/0+1.2 ms cpu, 4->5->2 MB, 4 MB goal, 0 MB stacks, 0 MB globals, 16 P
gc 4555 @12.380s 9%: 0.12+0.54+0.14 ms clock, 1.9+0.89/0.79/0.002+2.3 ms cpu, 4->4->2 MB, 4 MB goal, 0 MB stacks, 0 MB globals, 16 P
gc 4556 @12.381s 9%: 0.16+0.68+0.084 ms clock, 2.6+0.59/0.95/0+1.3 ms cpu, 3->4->2 MB, 4 MB goal, 0 MB stacks, 0 MB globals, 16 P
gc 4557 @12.383s 9%: 0.13+0.61+0.18 ms clock, 2.2+0.63/0.95/0+2.9 ms cpu, 4->5->2 MB, 5 MB goal, 0 MB stacks, 0 MB globals, 16 P
gc 4558 @12.385s 9%: 0.12+0.63+0.26 ms clock, 1.9+0.63/0.91/0+4.1 ms cpu, 4->4->2 MB, 4 MB goal, 0 MB stacks, 0 MB globals, 16 P
gc 4559 @12.387s 9%: 0.14+0.54+0.10 ms clock, 2.3+0.63/0.98/0.037+1.7 ms cpu, 4->4->2 MB, 4 MB goal, 0 MB stacks, 0 MB globals, 16 P
gc 4560 @12.389s 9%: 0.13+0.70+0.22 ms clock, 2.1+0.68/0.83/0+3.6 ms cpu, 3->4->2 MB, 4 MB goal, 0 MB stacks, 0 MB globals, 16 P
gc 4561 @12.391s 9%: 0.10+0.66+0.10 ms clock, 1.7+0.75/1.0/0+1.6 ms cpu, 4->4->2 MB, 4 MB goal, 0 MB stacks, 0 MB globals, 16 P
gc 4562 @12.392s 9%: 0.12+0.57+0.14 ms clock, 2.0+0.58/0.89/0.074+2.3 ms cpu, 4->4->2 MB, 4 MB goal, 0 MB stacks, 0 MB globals, 16 P
gc 4563 @12.394s 9%: 0.10+0.55+0.10 ms clock, 1.7+0.54/0.92/0.041+1.6 ms cpu, 3->4->2 MB, 4 MB goal, 0 MB stacks, 0 MB globals, 16 P
gc 4564 @12.396s 9%: 0.13+0.54+0.11 ms clock, 2.1+1.1/0.83/0+1.7 ms cpu, 3->4->2 MB, 4 MB goal, 0 MB stacks, 0 MB globals, 16 P
gc 4565 @12.397s 9%: 0.14+0.59+0.17 ms clock, 2.2+0.77/0.85/0.016+2.7 ms cpu, 4->4->2 MB, 4 MB goal, 0 MB stacks, 0 MB globals, 16 P
gc 4566 @12.399s 9%: 0.17+0.63+0.13 ms clock, 2.8+0.70/1.0/0+2.1 ms cpu, 3->4->2 MB, 4 MB goal, 0 MB stacks, 0 MB globals, 16 P
gc 4567 @12.401s 9%: 0.10+0.53+0.19 ms clock, 1.6+0.73/0.84/0.016+3.0 ms cpu, 4->4->2 MB, 5 MB goal, 0 MB stacks, 0 MB globals, 16 P
gc 4568 @12.403s 9%: 0.15+0.61+0.10 ms clock, 2.4+0.58/0.95/0.004+1.6 ms cpu, 3->4->2 MB, 4 MB goal, 0 MB stacks, 0 MB globals, 16 P
gc 4569 @12.404s 9%: 0.13+0.73+0.15 ms clock, 2.1+0.51/1.0/0.12+2.4 ms cpu, 4->5->2 MB, 4 MB goal, 0 MB stacks, 0 MB globals, 16 P
gc 4570 @12.406s 9%: 0.14+0.82+0.098 ms clock, 2.2+0.82/0.82/0.058+1.5 ms cpu, 4->5->2 MB, 5 MB goal, 0 MB stacks, 0 MB globals, 16 P
gc 4571 @12.408s 9%: 0.10+0.69+0.10 ms clock, 1.6+0.60/0.95/0+1.7 ms cpu, 4->5->2 MB, 5 MB goal, 0 MB stacks, 0 MB globals, 16 P
gc 4572 @12.410s 9%: 0.15+0.76+0.11 ms clock, 2.4+0.45/0.88/0.025+1.7 ms cpu, 4->4->2 MB, 4 MB goal, 0 MB stacks, 0 MB globals, 16 P
gc 4573 @12.412s 9%: 0.12+0.51+0.18 ms clock, 2.0+0.67/0.85/0.079+2.9 ms cpu, 4->4->1 MB, 4 MB goal, 0 MB stacks, 0 MB globals, 16 P
gc 4574 @12.414s 9%: 0.12+0.86+0.071 ms clock, 1.9+0.92/0.84/0.054+1.1 ms cpu, 3->4->2 MB, 4 MB goal, 0 MB stacks, 0 MB globals, 16 P
gc 4575 @12.416s 9%: 0.12+0.69+0.10 ms clock, 1.9+0.55/1.1/0+1.6 ms cpu, 4->5->2 MB, 5 MB goal, 0 MB stacks, 0 MB globals, 16 P
gc 4576 @12.418s 9%: 0.13+0.80+0.072 ms clock, 2.1+0.56/1.0/0+1.1 ms cpu, 4->5->2 MB, 4 MB goal, 0 MB stacks, 0 MB globals, 16 P
gc 4577 @12.419s 9%: 0.10+0.75+0.10 ms clock, 1.6+0.57/0.96/0+1.7 ms cpu, 4->5->2 MB, 4 MB goal, 0 MB stacks, 0 MB globals, 16 P
gc 4578 @12.421s 9%: 0.13+0.65+0.15 ms clock, 2.0+0.87/0.90/0+2.4 ms cpu, 4->5->2 MB, 4 MB goal, 0 MB stacks, 0 MB globals, 16 P
gc 4579 @12.423s 9%: 0.17+0.55+0.18 ms clock, 2.7+0.79/1.0/0+2.9 ms cpu, 4->4->2 MB, 4 MB goal, 0 MB stacks, 0 MB globals, 16 P
gc 4580 @12.425s 9%: 0.11+0.77+0.19 ms clock, 1.8+0.71/0.92/0+3.0 ms cpu, 4->5->2 MB, 4 MB goal, 0 MB stacks, 0 MB globals, 16 P
gc 4581 @12.427s 9%: 0.12+0.77+0.10 ms clock, 1.9+0.80/0.99/0.003+1.7 ms cpu, 4->5->2 MB, 5 MB goal, 0 MB stacks, 0 MB globals, 16 P
gc 4582 @12.429s 9%: 0.15+0.52+0.17 ms clock, 2.5+0.67/0.90/0+2.7 ms cpu, 4->5->2 MB, 5 MB goal, 0 MB stacks, 0 MB globals, 16 P
gc 4583 @12.431s 9%: 0.17+0.65+0.10 ms clock, 2.8+0.72/1.0/0+1.6 ms cpu, 3->4->2 MB, 4 MB goal, 0 MB stacks, 0 MB globals, 16 P
gc 4584 @12.433s 9%: 0.16+0.56+0.14 ms clock, 2.7+0.83/0.85/0.018+2.2 ms cpu, 4->5->2 MB, 5 MB goal, 0 MB stacks, 0 MB globals, 16 P
gc 4585 @12.434s 9%: 0.12+0.62+0.11 ms clock, 2.0+0.59/0.96/0.036+1.8 ms cpu, 4->4->2 MB, 4 MB goal, 0 MB stacks, 0 MB globals, 16 P
gc 4586 @12.436s 9%: 0.20+0.48+0.13 ms clock, 3.2+0.60/0.79/0.012+2.1 ms cpu, 4->4->1 MB, 4 MB goal, 0 MB stacks, 0 MB globals, 16 P
gc 4587 @12.438s 9%: 0.29+0.64+0.12 ms clock, 4.6+0.70/1.0/0+2.0 ms cpu, 3->4->2 MB, 4 MB goal, 0 MB stacks, 0 MB globals, 16 P
gc 4588 @12.440s 9%: 0.11+0.74+0.10 ms clock, 1.8+0.48/0.94/0+1.6 ms cpu, 4->5->2 MB, 5 MB goal, 0 MB stacks, 0 MB globals, 16 P
gc 4589 @12.441s 9%: 0.13+0.57+0.14 ms clock, 2.1+0.67/1.0/0+2.2 ms cpu, 4->4->2 MB, 4 MB goal, 0 MB stacks, 0 MB globals, 16 P
gc 4590 @12.443s 9%: 0.13+0.51+0.17 ms clock, 2.1+0.50/0.94/0.028+2.8 ms cpu, 3->4->2 MB, 4 MB goal, 0 MB stacks, 0 MB globals, 16 P
gc 4591 @12.445s 9%: 0.10+0.64+0.042 ms clock, 1.6+0.58/0.92/0.008+0.67 ms cpu, 3->4->2 MB, 4 MB goal, 0 MB stacks, 0 MB globals, 16 P
gc 4592 @12.446s 9%: 0.13+0.64+0.14 ms clock, 2.1+0.69/0.95/0+2.3 ms cpu, 3->4->2 MB, 4 MB goal, 0 MB stacks, 0 MB globals, 16 P
gc 4593 @12.448s 9%: 0.14+0.63+0.11 ms clock, 2.3+0.72/0.92/0+1.8 ms cpu, 4->4->2 MB, 4 MB goal, 0 MB stacks, 0 MB globals, 16 P
gc 4594 @12.450s 9%: 0.11+0.59+0.17 ms clock, 1.8+0.52/0.95/0+2.8 ms cpu, 4->4->2 MB, 4 MB goal, 0 MB stacks, 0 MB globals, 16 P
gc 4595 @12.451s 9%: 0.13+0.69+0.096 ms clock, 2.2+0.64/1.0/0+1.5 ms cpu, 3->4->2 MB, 4 MB goal, 0 MB stacks, 0 MB globals, 16 P
gc 4596 @12.453s 9%: 0.13+0.59+0.090 ms clock, 2.0+0.68/1.1/0.011+1.4 ms cpu, 4->4->2 MB, 5 MB goal, 0 MB stacks, 0 MB globals, 16 P
gc 4597 @12.455s 9%: 0.13+0.69+0.13 ms clock, 2.0+0.67/0.79/0+2.1 ms cpu, 4->4->2 MB, 4 MB goal, 0 MB stacks, 0 MB globals, 16 P
gc 4598 @12.457s 9%: 0.12+0.58+0.15 ms clock, 1.9+0.67/0.91/0.001+2.4 ms cpu, 4->5->2 MB, 5 MB goal, 0 MB stacks, 0 MB globals, 16 P
gc 4599 @12.459s 9%: 0.10+0.62+0.10 ms clock, 1.7+0.72/0.86/0+1.6 ms cpu, 4->4->2 MB, 4 MB goal, 0 MB stacks, 0 MB globals, 16 P
gc 4600 @12.460s 9%: 0.11+0.51+0.17 ms clock, 1.8+0.76/0.96/0+2.7 ms cpu, 3->4->2 MB, 4 MB goal, 0 MB stacks, 0 MB globals, 16 P
gc 4601 @12.462s 9%: 0.11+0.52+0.14 ms clock, 1.8+0.79/0.88/0+2.3 ms cpu, 3->4->2 MB, 4 MB goal, 0 MB stacks, 0 MB globals, 16 P
gc 4602 @12.463s 9%: 0.10+0.48+0.11 ms clock, 1.6+0.49/0.93/0.003+1.7 ms cpu, 3->4->2 MB, 4 MB goal, 0 MB stacks, 0 MB globals, 16 P
gc 4603 @12.465s 9%: 0.15+0.49+0.20 ms clock, 2.4+0.73/0.85/0+3.2 ms cpu, 3->4->2 MB, 4 MB goal, 0 MB stacks, 0 MB globals, 16 P
gc 4604 @12.466s 9%: 0.10+0.71+0.076 ms clock, 1.6+0.73/0.86/0.001+1.2 ms cpu, 3->4->2 MB, 4 MB goal, 0 MB stacks, 0 MB globals, 16 P
gc 4605 @12.468s 9%: 0.16+0.69+0.13 ms clock, 2.6+0.76/0.96/0+2.1 ms cpu, 4->5->2 MB, 5 MB goal, 0 MB stacks, 0 MB globals, 16 P
gc 4606 @12.470s 9%: 0.11+0.76+0.084 ms clock, 1.7+0.40/0.99/0+1.3 ms cpu, 4->5->2 MB, 4 MB goal, 0 MB stacks, 0 MB globals, 16 P
gc 4607 @12.472s 9%: 0.11+0.65+0.069 ms clock, 1.7+0.73/0.90/0.018+1.1 ms cpu, 4->4->2 MB, 4 MB goal, 0 MB stacks, 0 MB globals, 16 P
gc 4608 @12.474s 9%: 0.10+0.53+0.18 ms clock, 1.7+0.75/0.88/0.035+2.9 ms cpu, 4->4->2 MB, 4 MB goal, 0 MB stacks, 0 MB globals, 16 P
gc 4609 @12.475s 9%: 0.18+0.56+0.18 ms clock, 2.9+0.72/0.92/0+2.9 ms cpu, 3->4->2 MB, 4 MB goal, 0 MB stacks, 0 MB globals, 16 P
gc 4610 @12.477s 9%: 0.20+0.75+0.10 ms clock, 3.3+0.47/0.91/0+1.6 ms cpu, 4->4->2 MB, 4 MB goal, 0 MB stacks, 0 MB globals, 16 P
gc 4611 @12.479s 9%: 0.10+0.61+0.14 ms clock, 1.7+0.93/0.90/0+2.3 ms cpu, 4->4->2 MB, 4 MB goal, 0 MB stacks, 0 MB globals, 16 P
gc 4612 @12.481s 9%: 0.11+0.74+0.081 ms clock, 1.8+0.85/0.80/0+1.3 ms cpu, 3->4->2 MB, 4 MB goal, 0 MB stacks, 0 MB globals, 16 P
gc 4613 @12.482s 9%: 0.12+0.71+0.12 ms clock, 1.9+0.77/1.0/0+1.9 ms cpu, 4->5->2 MB, 4 MB goal, 0 MB stacks, 0 MB globals, 16 P
gc 4614 @12.484s 9%: 0.16+0.72+0.13 ms clock, 2.6+0.82/0.78/0+2.2 ms cpu, 4->5->2 MB, 5 MB goal, 0 MB stacks, 0 MB globals, 16 P
gc 4615 @12.486s 9%: 0.18+0.61+0.11 ms clock, 2.8+0.72/0.89/0+1.8 ms cpu, 4->5->2 MB, 5 MB goal, 0 MB stacks, 0 MB globals, 16 P
gc 4616 @12.488s 9%: 0.11+0.49+0.13 ms clock, 1.8+0.66/0.81/0+2.1 ms cpu, 3->4->2 MB, 4 MB goal, 0 MB stacks, 0 MB globals, 16 P
gc 4617 @12.490s 9%: 0.13+0.61+0.10 ms clock, 2.1+0.65/0.96/0.022+1.6 ms cpu, 3->4->2 MB, 4 MB goal, 0 MB stacks, 0 MB globals, 16 P
gc 4618 @12.491s 9%: 0.14+0.61+0.11 ms clock, 2.3+0.82/0.85/0+1.8 ms cpu, 4->4->2 MB, 4 MB goal, 0 MB stacks, 0 MB globals, 16 P
gc 4619 @12.493s 9%: 0.14+0.66+0.14 ms clock, 2.2+0.58/0.93/0.004+2.3 ms cpu, 3->4->2 MB, 4 MB goal, 0 MB stacks, 0 MB globals, 16 P
gc 4620 @12.495s 9%: 0.17+0.61+0.092 ms clock, 2.7+0.64/0.98/0+1.4 ms cpu, 4->4->2 MB, 4 MB goal, 0 MB stacks, 0 MB globals, 16 P
gc 4621 @12.497s 9%: 0.18+0.59+0.18 ms clock, 2.8+0.66/0.89/0+2.9 ms cpu, 4->4->2 MB, 4 MB goal, 0 MB stacks, 0 MB globals, 16 P
gc 4622 @12.498s 9%: 0.12+0.58+0.20 ms clock, 2.0+0.62/0.89/0+3.3 ms cpu, 4->4->2 MB, 4 MB goal, 0 MB stacks, 0 MB globals, 16 P
gc 4623 @12.500s 9%: 0.10+0.54+0.15 ms clock, 1.7+0.62/1.0/0+2.5 ms cpu, 4->4->2 MB, 4 MB goal, 0 MB stacks, 0 MB globals, 16 P
gc 4624 @12.502s 9%: 0.15+0.56+0.18 ms clock, 2.5+0.73/0.93/0+3.0 ms cpu, 3->4->2 MB, 4 MB goal, 0 MB stacks, 0 MB globals, 16 P
gc 4625 @12.503s 9%: 0.12+0.50+0.15 ms clock, 2.0+0.74/0.74/0.041+2.4 ms cpu, 4->4->2 MB, 4 MB goal, 0 MB stacks, 0 MB globals, 16 P
gc 4626 @12.505s 9%: 0.13+0.98+0.091 ms clock, 2.2+0.78/0.99/0.007+1.4 ms cpu, 3->4->2 MB, 4 MB goal, 0 MB stacks, 0 MB globals, 16 P
gc 4627 @12.507s 9%: 0.10+0.63+0.12 ms clock, 1.6+0.70/0.87/0+1.9 ms cpu, 4->5->2 MB, 5 MB goal, 0 MB stacks, 0 MB globals, 16 P
gc 4628 @12.509s 9%: 0.10+0.69+0.11 ms clock, 1.6+0.72/0.93/0.051+1.9 ms cpu, 4->4->2 MB, 4 MB goal, 0 MB stacks, 0 MB globals, 16 P
gc 4629 @12.511s 9%: 0.11+0.57+0.12 ms clock, 1.8+0.77/0.86/0.005+2.0 ms cpu, 4->4->2 MB, 4 MB goal, 0 MB stacks, 0 MB globals, 16 P
gc 4630 @12.513s 9%: 0.13+0.54+0.15 ms clock, 2.1+0.60/0.95/0.001+2.5 ms cpu, 3->4->2 MB, 4 MB goal, 0 MB stacks, 0 MB globals, 16 P
gc 4631 @12.514s 9%: 0.13+0.46+0.12 ms clock, 2.1+0.74/0.85/0+2.0 ms cpu, 3->4->2 MB, 4 MB goal, 0 MB stacks, 0 MB globals, 16 P
gc 4632 @12.516s 9%: 0.11+0.64+0.057 ms clock, 1.7+0.61/1.0/0+0.91 ms cpu, 3->4->2 MB, 4 MB goal, 0 MB stacks, 0 MB globals, 16 P
gc 4633 @12.518s 9%: 0.14+0.52+0.19 ms clock, 2.3+0.70/0.80/0+3.1 ms cpu, 4->4->2 MB, 4 MB goal, 0 MB stacks, 0 MB globals, 16 P
gc 4634 @12.519s 9%: 0.20+0.60+0.17 ms clock, 3.2+0.59/0.95/0.027+2.7 ms cpu, 4->4->2 MB, 4 MB goal, 0 MB stacks, 0 MB globals, 16 P
gc 4635 @12.521s 9%: 0.12+0.58+0.21 ms clock, 2.0+0.86/0.95/0+3.4 ms cpu, 4->4->2 MB, 4 MB goal, 0 MB stacks, 0 MB globals, 16 P
gc 4636 @12.523s 9%: 0.12+0.71+0.090 ms clock, 1.9+0.53/1.0/0+1.4 ms cpu, 4->4->2 MB, 4 MB goal, 0 MB stacks, 0 MB globals, 16 P
gc 4637 @12.525s 9%: 0.11+0.70+0.027 ms clock, 1.8+0.59/1.1/0.008+0.43 ms cpu, 4->5->2 MB, 5 MB goal, 0 MB stacks, 0 MB globals, 16 P
gc 4638 @12.527s 9%: 0.13+0.64+0.18 ms clock, 2.1+0.64/0.82/0.014+2.8 ms cpu, 4->4->2 MB, 4 MB goal, 0 MB stacks, 0 MB globals, 16 P
gc 4639 @12.528s 9%: 0.15+0.53+0.15 ms clock, 2.4+0.68/0.96/0+2.4 ms cpu, 4->4->2 MB, 4 MB goal, 0 MB stacks, 0 MB globals, 16 P
gc 4640 @12.530s 9%: 0.14+0.55+0.073 ms clock, 2.2+0.71/1.0/0.002+1.1 ms cpu, 3->4->2 MB, 4 MB goal, 0 MB stacks, 0 MB globals, 16 P
gc 4641 @12.532s 9%: 0.10+0.63+0.080 ms clock, 1.6+0.65/0.97/0+1.2 ms cpu, 3->4->2 MB, 4 MB goal, 0 MB stacks, 0 MB globals, 16 P
gc 4642 @12.533s 9%: 0.18+0.60+0.21 ms clock, 2.9+0.67/0.95/0+3.4 ms cpu, 3->4->2 MB, 4 MB goal, 0 MB stacks, 0 MB globals, 16 P
gc 4643 @12.535s 9%: 0.10+0.58+0.11 ms clock, 1.6+0.72/0.93/0.007+1.8 ms cpu, 4->4->2 MB, 4 MB goal, 0 MB stacks, 0 MB globals, 16 P
gc 4644 @12.537s 9%: 0.11+0.68+0.093 ms clock, 1.8+0.62/0.91/0+1.4 ms cpu, 3->4->2 MB, 4 MB goal, 0 MB stacks, 0 MB globals, 16 P
gc 4645 @12.539s 9%: 0.11+0.61+0.11 ms clock, 1.8+0.48/0.99/0.066+1.7 ms cpu, 4->4->1 MB, 4 MB goal, 0 MB stacks, 0 MB globals, 16 P
gc 4646 @12.540s 9%: 0.18+0.67+0.093 ms clock, 2.9+0.69/0.99/0.051+1.4 ms cpu, 3->4->2 MB, 4 MB goal, 0 MB stacks, 0 MB globals, 16 P
gc 4647 @12.542s 9%: 0.12+0.69+0.096 ms clock, 2.0+0.59/1.0/0+1.5 ms cpu, 4->5->2 MB, 5 MB goal, 0 MB stacks, 0 MB globals, 16 P
gc 4648 @12.544s 9%: 0.14+0.50+0.15 ms clock, 2.3+0.66/0.91/0.004+2.4 ms cpu, 4->4->2 MB, 4 MB goal, 0 MB stacks, 0 MB globals, 16 P
gc 4649 @12.545s 9%: 0.12+0.60+0.098 ms clock, 2.0+0.65/0.97/0+1.5 ms cpu, 3->4->2 MB, 4 MB goal, 0 MB stacks, 0 MB globals, 16 P
gc 4650 @12.547s 9%: 0.10+0.78+0.083 ms clock, 1.7+0.64/1.0/0+1.3 ms cpu, 3->4->2 MB, 4 MB goal, 0 MB stacks, 0 MB globals, 16 P
gc 4651 @12.549s 9%: 0.11+0.62+0.11 ms clock, 1.8+0.51/1.0/0+1.7 ms cpu, 4->4->2 MB, 4 MB goal, 0 MB stacks, 0 MB globals, 16 P
gc 4652 @12.550s 9%: 0.17+0.70+0.13 ms clock, 2.7+0.64/0.97/0.002+2.1 ms cpu, 4->5->2 MB, 4 MB goal, 0 MB stacks, 0 MB globals, 16 P
gc 4653 @12.553s 9%: 0.21+0.55+0.084 ms clock, 3.3+0.69/0.86/0+1.3 ms cpu, 4->5->2 MB, 5 MB goal, 0 MB stacks, 0 MB globals, 16 P
gc 4654 @12.554s 9%: 0.11+0.57+0.13 ms clock, 1.8+0.65/0.89/0+2.2 ms cpu, 4->4->2 MB, 4 MB goal, 0 MB stacks, 0 MB globals, 16 P
gc 4655 @12.556s 9%: 0.097+0.71+0.17 ms clock, 1.5+0.71/0.97/0+2.7 ms cpu, 3->4->2 MB, 4 MB goal, 0 MB stacks, 0 MB globals, 16 P
gc 4656 @12.558s 9%: 0.11+0.78+0.097 ms clock, 1.7+0.57/1.0/0+1.5 ms cpu, 4->5->2 MB, 4 MB goal, 0 MB stacks, 0 MB globals, 16 P
gc 4657 @12.560s 9%: 0.098+0.64+0.18 ms clock, 1.5+0.62/0.87/0+3.0 ms cpu, 4->4->2 MB, 5 MB goal, 0 MB stacks, 0 MB globals, 16 P
gc 4658 @12.561s 9%: 0.12+0.66+0.11 ms clock, 1.9+0.62/1.0/0.015+1.8 ms cpu, 3->4->2 MB, 4 MB goal, 0 MB stacks, 0 MB globals, 16 P
gc 4659 @12.563s 9%: 0.10+0.56+0.094 ms clock, 1.7+0.71/0.87/0.065+1.5 ms cpu, 4->4->2 MB, 4 MB goal, 0 MB stacks, 0 MB globals, 16 P
gc 4660 @12.565s 9%: 0.10+0.46+0.11 ms clock, 1.7+0.74/0.79/0.029+1.9 ms cpu, 3->4->2 MB, 4 MB goal, 0 MB stacks, 0 MB globals, 16 P
gc 4661 @12.566s 9%: 0.11+0.61+0.10 ms clock, 1.8+0.68/0.99/0.001+1.6 ms cpu, 3->4->2 MB, 4 MB goal, 0 MB stacks, 0 MB globals, 16 P
gc 4662 @12.568s 9%: 0.14+0.56+0.13 ms clock, 2.3+0.63/0.92/0.003+2.2 ms cpu, 4->4->2 MB, 4 MB goal, 0 MB stacks, 0 MB globals, 16 P
gc 4663 @12.570s 9%: 0.074+0.75+0.16 ms clock, 1.1+0.58/1.1/0+2.6 ms cpu, 4->5->2 MB, 4 MB goal, 0 MB stacks, 0 MB globals, 16 P
gc 4664 @12.572s 9%: 0.14+0.53+0.17 ms clock, 2.2+0.76/0.92/0+2.8 ms cpu, 4->4->2 MB, 5 MB goal, 0 MB stacks, 0 MB globals, 16 P
gc 4665 @12.573s 9%: 0.085+0.92+0.16 ms clock, 1.3+0.74/1.0/0.045+2.5 ms cpu, 3->4->2 MB, 4 MB goal, 0 MB stacks, 0 MB globals, 16 P
gc 4666 @12.575s 9%: 0.12+0.60+0.15 ms clock, 2.0+0.60/1.0/0+2.4 ms cpu, 4->5->2 MB, 5 MB goal, 0 MB stacks, 0 MB globals, 16 P
gc 4667 @12.577s 9%: 0.15+0.68+0.096 ms clock, 2.5+0.71/0.97/0.020+1.5 ms cpu, 4->4->2 MB, 4 MB goal, 0 MB stacks, 0 MB globals, 16 P
gc 4668 @12.579s 9%: 0.15+0.69+0.10 ms clock, 2.4+0.84/0.99/0.003+1.6 ms cpu, 4->5->2 MB, 4 MB goal, 0 MB stacks, 0 MB globals, 16 P
gc 4669 @12.581s 9%: 0.15+0.62+0.12 ms clock, 2.4+0.76/0.86/0.047+1.9 ms cpu, 4->5->2 MB, 5 MB goal, 0 MB stacks, 0 MB globals, 16 P
gc 4670 @12.583s 9%: 0.092+0.55+0.10 ms clock, 1.4+0.74/0.93/0.025+1.7 ms cpu, 4->4->2 MB, 4 MB goal, 0 MB stacks, 0 MB globals, 16 P
gc 4671 @12.584s 9%: 0.13+0.80+0.12 ms clock, 2.1+0.70/1.0/0.050+1.9 ms cpu, 3->4->2 MB, 4 MB goal, 0 MB stacks, 0 MB globals, 16 P
gc 4672 @12.587s 9%: 0.14+0.68+0.16 ms clock, 2.3+0.76/0.79/0.007+2.5 ms cpu, 4->5->2 MB, 5 MB goal, 0 MB stacks, 0 MB globals, 16 P
gc 4673 @12.589s 9%: 0.10+0.61+0.12 ms clock, 1.6+0.52/1.0/0.021+2.0 ms cpu, 4->5->2 MB, 5 MB goal, 0 MB stacks, 0 MB globals, 16 P
gc 4674 @12.590s 9%: 0.11+0.61+0.10 ms clock, 1.8+0.44/1.0/0.008+1.7 ms cpu, 4->5->2 MB, 4 MB goal, 0 MB stacks, 0 MB globals, 16 P
gc 4675 @12.592s 9%: 0.14+0.61+0.16 ms clock, 2.3+0.77/0.83/0+2.5 ms cpu, 4->4->2 MB, 4 MB goal, 0 MB stacks, 0 MB globals, 16 P
gc 4676 @12.594s 9%: 0.10+0.68+0.089 ms clock, 1.7+0.61/1.1/0.011+1.4 ms cpu, 3->4->2 MB, 4 MB goal, 0 MB stacks, 0 MB globals, 16 P
gc 4677 @12.596s 9%: 0.12+0.53+0.13 ms clock, 1.9+0.65/0.89/0.010+2.0 ms cpu, 4->4->2 MB, 4 MB goal, 0 MB stacks, 0 MB globals, 16 P
gc 4678 @12.597s 9%: 0.11+0.78+0.10 ms clock, 1.8+0.71/0.99/0+1.6 ms cpu, 3->4->2 MB, 4 MB goal, 0 MB stacks, 0 MB globals, 16 P
gc 4679 @12.599s 9%: 0.14+0.68+0.10 ms clock, 2.2+0.55/1.1/0+1.6 ms cpu, 4->5->2 MB, 5 MB goal, 0 MB stacks, 0 MB globals, 16 P
gc 4680 @12.601s 9%: 0.13+0.62+0.16 ms clock, 2.1+0.74/0.96/0+2.6 ms cpu, 4->5->2 MB, 5 MB goal, 0 MB stacks, 0 MB globals, 16 P
gc 4681 @12.603s 9%: 0.12+0.62+0.13 ms clock, 2.0+0.71/0.89/0.010+2.1 ms cpu, 4->4->2 MB, 4 MB goal, 0 MB stacks, 0 MB globals, 16 P
gc 4682 @12.605s 9%: 0.17+0.61+0.098 ms clock, 2.7+0.62/0.97/0+1.5 ms cpu, 4->4->2 MB, 4 MB goal, 0 MB stacks, 0 MB globals, 16 P
gc 4683 @12.607s 9%: 0.15+0.63+0.17 ms clock, 2.5+0.59/0.84/0+2.8 ms cpu, 4->4->2 MB, 4 MB goal, 0 MB stacks, 0 MB globals, 16 P
gc 4684 @12.609s 9%: 0.14+0.56+0.13 ms clock, 2.3+0.67/0.88/0+2.1 ms cpu, 4->4->2 MB, 4 MB goal, 0 MB stacks, 0 MB globals, 16 P
gc 4685 @12.610s 9%: 0.13+0.87+0.014 ms clock, 2.0+0.69/0.98/0+0.23 ms cpu, 3->4->2 MB, 4 MB goal, 0 MB stacks, 0 MB globals, 16 P
gc 4686 @12.612s 9%: 0.15+0.61+0.15 ms clock, 2.5+0.69/0.95/0.051+2.5 ms cpu, 4->5->2 MB, 4 MB goal, 0 MB stacks, 0 MB globals, 16 P
gc 4687 @12.614s 9%: 0.21+0.81+0.060 ms clock, 3.5+0.54/0.84/0+0.97 ms cpu, 4->5->2 MB, 5 MB goal, 0 MB stacks, 0 MB globals, 16 P
gc 4688 @12.616s 9%: 0.13+0.67+0.19 ms clock, 2.1+0.61/0.88/0.061+3.0 ms cpu, 4->5->2 MB, 5 MB goal, 0 MB stacks, 0 MB globals, 16 P
gc 4689 @12.618s 9%: 0.13+0.87+0.12 ms clock, 2.1+0.69/0.99/0+2.0 ms cpu, 4->5->2 MB, 5 MB goal, 0 MB stacks, 0 MB globals, 16 P
gc 4690 @12.620s 9%: 0.11+0.77+0.094 ms clock, 1.8+0.54/0.91/0+1.5 ms cpu, 4->5->2 MB, 5 MB goal, 0 MB stacks, 0 MB globals, 16 P
gc 4691 @12.622s 9%: 0.15+0.61+0.10 ms clock, 2.4+0.75/0.86/0+1.7 ms cpu, 4->4->2 MB, 4 MB goal, 0 MB stacks, 0 MB globals, 16 P
gc 4692 @12.624s 9%: 0.15+0.60+0.13 ms clock, 2.4+0.69/0.99/0+2.1 ms cpu, 4->4->2 MB, 4 MB goal, 0 MB stacks, 0 MB globals, 16 P
gc 4693 @12.626s 9%: 0.14+0.61+0.16 ms clock, 2.3+0.70/1.0/0+2.6 ms cpu, 4->4->2 MB, 4 MB goal, 0 MB stacks, 0 MB globals, 16 P
gc 4694 @12.627s 9%: 0.11+0.59+0.098 ms clock, 1.8+0.71/0.80/0+1.5 ms cpu, 4->4->2 MB, 4 MB goal, 0 MB stacks, 0 MB globals, 16 P
gc 4695 @12.629s 9%: 0.12+0.61+0.15 ms clock, 1.9+0.55/0.82/0.027+2.4 ms cpu, 3->4->2 MB, 4 MB goal, 0 MB stacks, 0 MB globals, 16 P
gc 4696 @12.630s 9%: 0.13+0.63+0.10 ms clock, 2.0+0.64/0.87/0+1.7 ms cpu, 3->4->2 MB, 4 MB goal, 0 MB stacks, 0 MB globals, 16 P
gc 4697 @12.632s 9%: 0.13+0.64+0.10 ms clock, 2.2+0.62/1.0/0+1.7 ms cpu, 3->4->2 MB, 4 MB goal, 0 MB stacks, 0 MB globals, 16 P
gc 4698 @12.634s 9%: 0.13+0.57+0.11 ms clock, 2.2+0.63/0.96/0.002+1.7 ms cpu, 4->4->2 MB, 4 MB goal, 0 MB stacks, 0 MB globals, 16 P
gc 4699 @12.636s 9%: 0.10+0.53+0.14 ms clock, 1.6+0.59/0.96/0+2.3 ms cpu, 3->4->2 MB, 4 MB goal, 0 MB stacks, 0 MB globals, 16 P
gc 4700 @12.637s 9%: 0.12+0.64+0.14 ms clock, 2.0+0.61/1.0/0+2.3 ms cpu, 3->4->2 MB, 4 MB goal, 0 MB stacks, 0 MB globals, 16 P
gc 4701 @12.639s 9%: 0.12+0.54+0.11 ms clock, 1.9+0.47/0.99/0+1.8 ms cpu, 3->4->2 MB, 4 MB goal, 0 MB stacks, 0 MB globals, 16 P
gc 4702 @12.640s 9%: 0.12+0.51+0.12 ms clock, 1.9+0.63/0.93/0+2.0 ms cpu, 3->4->2 MB, 4 MB goal, 0 MB stacks, 0 MB globals, 16 P
gc 4703 @12.642s 9%: 0.14+0.55+0.13 ms clock, 2.2+0.55/1.0/0+2.2 ms cpu, 3->4->2 MB, 4 MB goal, 0 MB stacks, 0 MB globals, 16 P
gc 4704 @12.644s 9%: 0.11+0.66+0.12 ms clock, 1.8+0.59/0.94/0.029+1.9 ms cpu, 3->4->2 MB, 4 MB goal, 0 MB stacks, 0 MB globals, 16 P
gc 4705 @12.646s 9%: 0.13+0.77+0.13 ms clock, 2.1+0.71/0.83/0+2.1 ms cpu, 4->5->2 MB, 5 MB goal, 0 MB stacks, 0 MB globals, 16 P
gc 4706 @12.648s 9%: 0.092+0.63+0.090 ms clock, 1.4+0.63/0.85/0+1.4 ms cpu, 4->5->2 MB, 5 MB goal, 0 MB stacks, 0 MB globals, 16 P
gc 4707 @12.650s 9%: 0.13+0.55+0.11 ms clock, 2.1+0.68/0.92/0.014+1.9 ms cpu, 4->4->2 MB, 4 MB goal, 0 MB stacks, 0 MB globals, 16 P
gc 4708 @12.651s 9%: 0.13+0.67+0.13 ms clock, 2.0+0.67/0.91/0.003+2.1 ms cpu, 4->4->2 MB, 4 MB goal, 0 MB stacks, 0 MB globals, 16 P
gc 4709 @12.653s 9%: 0.088+0.57+0.13 ms clock, 1.4+0.53/0.94/0.039+2.1 ms cpu, 4->4->2 MB, 4 MB goal, 0 MB stacks, 0 MB globals, 16 P
gc 4710 @12.655s 9%: 0.13+0.65+0.050 ms clock, 2.2+0.62/0.91/0+0.80 ms cpu, 3->4->2 MB, 4 MB goal, 0 MB stacks, 0 MB globals, 16 P
gc 4711 @12.656s 9%: 0.10+0.56+0.19 ms clock, 1.7+0.59/0.87/0+3.1 ms cpu, 3->4->2 MB, 4 MB goal, 0 MB stacks, 0 MB globals, 16 P
gc 4712 @12.658s 9%: 0.22+0.71+0.14 ms clock, 3.6+0.63/1.0/0+2.3 ms cpu, 3->4->2 MB, 4 MB goal, 0 MB stacks, 0 MB globals, 16 P
gc 4713 @12.660s 9%: 0.12+0.56+0.088 ms clock, 2.0+0.50/0.90/0+1.4 ms cpu, 4->5->2 MB, 5 MB goal, 0 MB stacks, 0 MB globals, 16 P
gc 4714 @12.661s 9%: 0.16+0.59+0.10 ms clock, 2.6+0.60/0.86/0.001+1.7 ms cpu, 3->4->2 MB, 4 MB goal, 0 MB stacks, 0 MB globals, 16 P
gc 4715 @12.663s 9%: 0.11+0.51+0.13 ms clock, 1.7+0.58/0.80/0+2.0 ms cpu, 3->4->2 MB, 4 MB goal, 0 MB stacks, 0 MB globals, 16 P
gc 4716 @12.665s 9%: 0.10+0.50+0.092 ms clock, 1.6+0.50/1.0/0.002+1.4 ms cpu, 4->4->2 MB, 4 MB goal, 0 MB stacks, 0 MB globals, 16 P
gc 4717 @12.666s 9%: 0.12+0.87+0.13 ms clock, 2.0+0.58/0.95/0+2.1 ms cpu, 3->4->2 MB, 4 MB goal, 0 MB stacks, 0 MB globals, 16 P
gc 4718 @12.668s 9%: 0.13+0.60+0.089 ms clock, 2.1+0.67/0.87/0+1.4 ms cpu, 4->5->2 MB, 5 MB goal, 0 MB stacks, 0 MB globals, 16 P
gc 4719 @12.670s 9%: 0.14+0.54+0.20 ms clock, 2.3+0.60/0.90/0+3.2 ms cpu, 3->4->2 MB, 4 MB goal, 0 MB stacks, 0 MB globals, 16 P
gc 4720 @12.672s 9%: 0.16+0.66+0.15 ms clock, 2.6+0.75/0.91/0.043+2.5 ms cpu, 4->4->2 MB, 4 MB goal, 0 MB stacks, 0 MB globals, 16 P
gc 4721 @12.674s 9%: 0.16+0.47+0.17 ms clock, 2.5+0.77/0.83/0.004+2.7 ms cpu, 4->4->2 MB, 5 MB goal, 0 MB stacks, 0 MB globals, 16 P
gc 4722 @12.675s 9%: 0.11+0.73+0.10 ms clock, 1.7+0.58/0.84/0+1.7 ms cpu, 3->4->2 MB, 4 MB goal, 0 MB stacks, 0 MB globals, 16 P
gc 4723 @12.677s 9%: 0.23+0.62+0.10 ms clock, 3.8+0.61/0.89/0+1.7 ms cpu, 4->5->2 MB, 5 MB goal, 0 MB stacks, 0 MB globals, 16 P
gc 4724 @12.679s 9%: 0.18+0.54+0.19 ms clock, 2.9+0.70/0.95/0+3.0 ms cpu, 4->5->2 MB, 4 MB goal, 0 MB stacks, 0 MB globals, 16 P
gc 4725 @12.681s 9%: 0.19+0.57+0.10 ms clock, 3.1+0.80/0.92/0.004+1.6 ms cpu, 4->5->2 MB, 4 MB goal, 0 MB stacks, 0 MB globals, 16 P
gc 4726 @12.683s 9%: 0.16+0.89+0.10 ms clock, 2.6+0.71/0.82/0+1.6 ms cpu, 4->5->2 MB, 4 MB goal, 0 MB stacks, 0 MB globals, 16 P
gc 4727 @12.685s 9%: 0.12+0.50+0.15 ms clock, 1.9+0.93/0.72/0+2.4 ms cpu, 4->4->2 MB, 5 MB goal, 0 MB stacks, 0 MB globals, 16 P
gc 4728 @12.686s 9%: 0.22+0.72+0.18 ms clock, 3.5+0.76/1.0/0+2.8 ms cpu, 3->4->2 MB, 4 MB goal, 0 MB stacks, 0 MB globals, 16 P
gc 4729 @12.688s 9%: 0.12+0.55+0.10 ms clock, 1.9+0.58/0.96/0+1.6 ms cpu, 4->5->2 MB, 5 MB goal, 0 MB stacks, 0 MB globals, 16 P
gc 4730 @12.690s 9%: 0.13+0.66+0.097 ms clock, 2.0+0.67/0.97/0+1.5 ms cpu, 3->4->2 MB, 4 MB goal, 0 MB stacks, 0 MB globals, 16 P
gc 4731 @12.692s 9%: 0.11+0.63+0.17 ms clock, 1.8+0.67/0.90/0+2.7 ms cpu, 4->5->2 MB, 5 MB goal, 0 MB stacks, 0 MB globals, 16 P
gc 4732 @12.694s 9%: 0.12+0.67+0.13 ms clock, 2.0+0.58/1.0/0+2.0 ms cpu, 3->4->2 MB, 4 MB goal, 0 MB stacks, 0 MB globals, 16 P
gc 4733 @12.695s 9%: 0.14+0.57+0.17 ms clock, 2.2+0.79/0.88/0.070+2.7 ms cpu, 4->4->2 MB, 4 MB goal, 0 MB stacks, 0 MB globals, 16 P
gc 4734 @12.697s 9%: 0.12+0.52+0.11 ms clock, 2.0+0.66/0.90/0+1.8 ms cpu, 4->5->2 MB, 5 MB goal, 0 MB stacks, 0 MB globals, 16 P
gc 4735 @12.699s 9%: 0.12+0.60+0.13 ms clock, 1.9+0.70/1.0/0+2.1 ms cpu, 3->4->2 MB, 4 MB goal, 0 MB stacks, 0 MB globals, 16 P
gc 4736 @12.701s 9%: 0.11+0.61+0.20 ms clock, 1.8+0.63/0.92/0+3.3 ms cpu, 4->4->2 MB, 4 MB goal, 0 MB stacks, 0 MB globals, 16 P
gc 4737 @12.702s 9%: 0.10+0.55+0.19 ms clock, 1.6+0.58/0.90/0+3.1 ms cpu, 4->4->2 MB, 4 MB goal, 0 MB stacks, 0 MB globals, 16 P
gc 4738 @12.704s 9%: 0.15+0.70+0.13 ms clock, 2.4+0.49/1.1/0+2.2 ms cpu, 3->4->2 MB, 4 MB goal, 0 MB stacks, 0 MB globals, 16 P
gc 4739 @12.706s 9%: 0.15+0.77+0.17 ms clock, 2.4+0.61/0.94/0+2.7 ms cpu, 4->5->2 MB, 5 MB goal, 0 MB stacks, 0 MB globals, 16 P
gc 4740 @12.708s 9%: 0.19+0.64+0.084 ms clock, 3.1+0.82/1.0/0.008+1.3 ms cpu, 4->5->2 MB, 5 MB goal, 0 MB stacks, 0 MB globals, 16 P
gc 4741 @12.710s 9%: 0.11+0.66+0.10 ms clock, 1.8+0.43/1.0/0+1.6 ms cpu, 4->5->2 MB, 4 MB goal, 0 MB stacks, 0 MB globals, 16 P
gc 4742 @12.712s 9%: 0.11+0.61+0.14 ms clock, 1.8+0.56/1.0/0.045+2.2 ms cpu, 4->4->2 MB, 4 MB goal, 0 MB stacks, 0 MB globals, 16 P
gc 4743 @12.714s 9%: 0.16+0.80+0.086 ms clock, 2.5+0.71/1.1/0.006+1.3 ms cpu, 3->4->2 MB, 4 MB goal, 0 MB stacks, 0 MB globals, 16 P
gc 4744 @12.716s 9%: 0.10+0.61+0.14 ms clock, 1.7+0.84/0.88/0+2.3 ms cpu, 4->5->2 MB, 5 MB goal, 0 MB stacks, 0 MB globals, 16 P
gc 4745 @12.718s 9%: 0.16+0.84+0.11 ms clock, 2.5+0.67/1.0/0.014+1.8 ms cpu, 4->5->2 MB, 4 MB goal, 0 MB stacks, 0 MB globals, 16 P
gc 4746 @12.720s 9%: 0.19+0.73+0.089 ms clock, 3.0+0.61/1.0/0.090+1.4 ms cpu, 4->5->2 MB, 5 MB goal, 0 MB stacks, 0 MB globals, 16 P
gc 4747 @12.722s 9%: 0.10+0.66+0.069 ms clock, 1.7+0.68/0.89/0+1.1 ms cpu, 4->5->2 MB, 5 MB goal, 0 MB stacks, 0 MB globals, 16 P
gc 4748 @12.723s 9%: 0.12+0.62+0.079 ms clock, 1.9+0.82/0.84/0+1.2 ms cpu, 4->4->2 MB, 4 MB goal, 0 MB stacks, 0 MB globals, 16 P
gc 4749 @12.725s 9%: 0.12+0.78+0.11 ms clock, 1.9+0.52/1.0/0.017+1.7 ms cpu, 3->4->2 MB, 4 MB goal, 0 MB stacks, 0 MB globals, 16 P
gc 4750 @12.727s 9%: 0.12+0.64+0.17 ms clock, 2.0+0.48/0.83/0.077+2.8 ms cpu, 4->4->2 MB, 5 MB goal, 0 MB stacks, 0 MB globals, 16 P
gc 4751 @12.728s 9%: 0.18+1.1+0.098 ms clock, 2.9+0.88/0.92/0+1.5 ms cpu, 3->5->2 MB, 4 MB goal, 0 MB stacks, 0 MB globals, 16 P
gc 4752 @12.731s 9%: 0.15+0.55+0.21 ms clock, 2.4+0.68/0.94/0+3.3 ms cpu, 5->5->2 MB, 6 MB goal, 0 MB stacks, 0 MB globals, 16 P
gc 4753 @12.733s 9%: 0.12+0.61+0.15 ms clock, 2.0+0.66/0.96/0+2.5 ms cpu, 4->4->2 MB, 4 MB goal, 0 MB stacks, 0 MB globals, 16 P
gc 4754 @12.735s 9%: 0.11+0.55+0.18 ms clock, 1.8+0.66/1.0/0+2.9 ms cpu, 4->4->2 MB, 4 MB goal, 0 MB stacks, 0 MB globals, 16 P
gc 4755 @12.736s 9%: 0.14+0.80+0.085 ms clock, 2.3+0.78/1.0/0.017+1.3 ms cpu, 3->4->2 MB, 4 MB goal, 0 MB stacks, 0 MB globals, 16 P
gc 4756 @12.738s 9%: 0.12+0.76+0.18 ms clock, 2.0+0.60/0.98/0.054+2.9 ms cpu, 4->5->2 MB, 5 MB goal, 0 MB stacks, 0 MB globals, 16 P
gc 4757 @12.740s 9%: 0.10+0.83+0.092 ms clock, 1.7+0.43/1.1/0+1.4 ms cpu, 4->5->2 MB, 5 MB goal, 0 MB stacks, 0 MB globals, 16 P
gc 4758 @12.742s 9%: 0.11+0.63+0.13 ms clock, 1.8+0.63/0.97/0+2.1 ms cpu, 4->5->2 MB, 5 MB goal, 0 MB stacks, 0 MB globals, 16 P
gc 4759 @12.744s 9%: 0.13+0.63+0.098 ms clock, 2.1+0.59/0.89/0.027+1.5 ms cpu, 4->4->2 MB, 4 MB goal, 0 MB stacks, 0 MB globals, 16 P
gc 4760 @12.746s 9%: 0.15+0.76+0.094 ms clock, 2.4+0.56/0.91/0.033+1.5 ms cpu, 4->5->2 MB, 5 MB goal, 0 MB stacks, 0 MB globals, 16 P
gc 4761 @12.748s 9%: 0.17+0.47+0.13 ms clock, 2.8+0.62/0.90/0+2.0 ms cpu, 4->4->2 MB, 5 MB goal, 0 MB stacks, 0 MB globals, 16 P
gc 4762 @12.750s 9%: 0.15+0.60+0.087 ms clock, 2.5+0.57/1.0/0.059+1.4 ms cpu, 3->4->2 MB, 4 MB goal, 0 MB stacks, 0 MB globals, 16 P
gc 4763 @12.751s 9%: 0.19+0.55+0.13 ms clock, 3.0+0.70/0.82/0.048+2.1 ms cpu, 4->4->2 MB, 4 MB goal, 0 MB stacks, 0 MB globals, 16 P
gc 4764 @12.753s 9%: 0.16+0.60+0.13 ms clock, 2.6+0.62/0.96/0+2.1 ms cpu, 3->4->2 MB, 4 MB goal, 0 MB stacks, 0 MB globals, 16 P
gc 4765 @12.755s 9%: 0.14+0.74+0.10 ms clock, 2.3+0.71/0.86/0+1.6 ms cpu, 4->5->2 MB, 5 MB goal, 0 MB stacks, 0 MB globals, 16 P
gc 4766 @12.757s 9%: 0.10+0.53+0.10 ms clock, 1.6+0.60/0.91/0.003+1.7 ms cpu, 4->4->1 MB, 5 MB goal, 0 MB stacks, 0 MB globals, 16 P
gc 4767 @12.758s 9%: 0.19+0.59+0.061 ms clock, 3.0+0.58/1.0/0+0.97 ms cpu, 3->4->2 MB, 4 MB goal, 0 MB stacks, 0 MB globals, 16 P
gc 4768 @12.760s 9%: 0.10+0.67+0.13 ms clock, 1.6+0.59/0.94/0+2.1 ms cpu, 4->5->2 MB, 5 MB goal, 0 MB stacks, 0 MB globals, 16 P
gc 4769 @12.762s 9%: 0.12+0.55+0.089 ms clock, 1.9+0.59/0.95/0+1.4 ms cpu, 4->4->2 MB, 4 MB goal, 0 MB stacks, 0 MB globals, 16 P
gc 4770 @12.763s 9%: 0.10+0.57+0.17 ms clock, 1.7+0.58/0.95/0.017+2.8 ms cpu, 3->4->2 MB, 4 MB goal, 0 MB stacks, 0 MB globals, 16 P
gc 4771 @12.765s 9%: 0.19+0.59+0.24 ms clock, 3.1+0.67/0.92/0+3.9 ms cpu, 3->4->2 MB, 4 MB goal, 0 MB stacks, 0 MB globals, 16 P
gc 4772 @12.767s 9%: 0.13+0.64+0.13 ms clock, 2.2+0.52/0.98/0.074+2.2 ms cpu, 4->5->2 MB, 5 MB goal, 0 MB stacks, 0 MB globals, 16 P
gc 4773 @12.769s 9%: 0.11+0.51+0.18 ms clock, 1.8+0.54/0.97/0.024+2.9 ms cpu, 4->4->2 MB, 5 MB goal, 0 MB stacks, 0 MB globals, 16 P
gc 4774 @12.770s 9%: 0.12+0.52+0.13 ms clock, 1.9+0.64/0.86/0+2.0 ms cpu, 3->4->2 MB, 4 MB goal, 0 MB stacks, 0 MB globals, 16 P
gc 4775 @12.772s 9%: 0.16+0.66+0.048 ms clock, 2.6+0.66/1.1/0+0.76 ms cpu, 3->4->2 MB, 4 MB goal, 0 MB stacks, 0 MB globals, 16 P
gc 4776 @12.773s 9%: 0.15+0.56+0.11 ms clock, 2.5+0.63/0.94/0+1.8 ms cpu, 4->4->2 MB, 4 MB goal, 0 MB stacks, 0 MB globals, 16 P
gc 4777 @12.775s 9%: 0.17+1.0+0.10 ms clock, 2.8+0.74/0.96/0+1.6 ms cpu, 4->5->2 MB, 4 MB goal, 0 MB stacks, 0 MB globals, 16 P
gc 4778 @12.778s 9%: 0.11+0.69+0.10 ms clock, 1.9+0.75/1.0/0.041+1.7 ms cpu, 4->5->2 MB, 5 MB goal, 0 MB stacks, 0 MB globals, 16 P
gc 4779 @12.780s 9%: 0.10+0.71+0.067 ms clock, 1.6+0.63/0.99/0+1.0 ms cpu, 4->5->2 MB, 5 MB goal, 0 MB stacks, 0 MB globals, 16 P
gc 4780 @12.781s 9%: 0.12+0.57+0.15 ms clock, 1.9+0.82/0.94/0+2.4 ms cpu, 4->4->2 MB, 4 MB goal, 0 MB stacks, 0 MB globals, 16 P
gc 4781 @12.783s 9%: 0.13+0.60+0.10 ms clock, 2.1+0.79/0.89/0+1.6 ms cpu, 4->4->2 MB, 4 MB goal, 0 MB stacks, 0 MB globals, 16 P
gc 4782 @12.785s 9%: 0.12+0.68+0.14 ms clock, 1.9+0.68/1.0/0+2.3 ms cpu, 4->5->2 MB, 5 MB goal, 0 MB stacks, 0 MB globals, 16 P
gc 4783 @12.787s 9%: 0.14+0.62+0.16 ms clock, 2.2+0.57/0.93/0+2.6 ms cpu, 4->5->2 MB, 5 MB goal, 0 MB stacks, 0 MB globals, 16 P
gc 4784 @12.789s 9%: 0.15+0.79+0.094 ms clock, 2.4+0.45/0.96/0+1.5 ms cpu, 4->5->2 MB, 4 MB goal, 0 MB stacks, 0 MB globals, 16 P
gc 4785 @12.791s 9%: 0.091+0.54+0.091 ms clock, 1.4+0.58/1.0/0.005+1.4 ms cpu, 4->4->2 MB, 4 MB goal, 0 MB stacks, 0 MB globals, 16 P
gc 4786 @12.792s 9%: 0.13+0.69+0.12 ms clock, 2.1+0.58/0.78/0.095+2.0 ms cpu, 3->4->2 MB, 4 MB goal, 0 MB stacks, 0 MB globals, 16 P
gc 4787 @12.794s 9%: 0.11+0.75+0.087 ms clock, 1.7+0.67/0.95/0+1.3 ms cpu, 4->5->2 MB, 4 MB goal, 0 MB stacks, 0 MB globals, 16 P
gc 4788 @12.796s 9%: 0.17+0.48+0.14 ms clock, 2.8+0.67/0.89/0+2.3 ms cpu, 4->4->2 MB, 5 MB goal, 0 MB stacks, 0 MB globals, 16 P
gc 4789 @12.798s 9%: 0.18+0.52+0.19 ms clock, 3.0+0.53/0.96/0+3.0 ms cpu, 4->4->2 MB, 4 MB goal, 0 MB stacks, 0 MB globals, 16 P
gc 4790 @12.800s 9%: 0.10+0.83+0.061 ms clock, 1.6+0.75/0.84/0+0.98 ms cpu, 3->4->2 MB, 4 MB goal, 0 MB stacks, 0 MB globals, 16 P
gc 4791 @12.802s 9%: 0.13+0.67+0.10 ms clock, 2.1+0.68/1.0/0.019+1.6 ms cpu, 4->5->2 MB, 5 MB goal, 0 MB stacks, 0 MB globals, 16 P
gc 4792 @12.803s 9%: 0.10+0.84+0.10 ms clock, 1.6+0.64/0.98/0+1.6 ms cpu, 4->5->2 MB, 5 MB goal, 0 MB stacks, 0 MB globals, 16 P
gc 4793 @12.805s 9%: 0.13+0.52+0.098 ms clock, 2.2+0.82/0.84/0+1.5 ms cpu, 4->4->2 MB, 5 MB goal, 0 MB stacks, 0 MB globals, 16 P
gc 4794 @12.807s 9%: 0.11+0.65+0.20 ms clock, 1.9+0.77/0.98/0+3.3 ms cpu, 3->4->2 MB, 4 MB goal, 0 MB stacks, 0 MB globals, 16 P
gc 4795 @12.809s 9%: 0.13+0.52+0.14 ms clock, 2.1+0.68/0.87/0+2.2 ms cpu, 4->4->2 MB, 4 MB goal, 0 MB stacks, 0 MB globals, 16 P
gc 4796 @12.810s 9%: 0.11+0.68+0.24 ms clock, 1.8+0.68/1.0/0+3.9 ms cpu, 3->4->2 MB, 4 MB goal, 0 MB stacks, 0 MB globals, 16 P
gc 4797 @12.812s 9%: 0.14+0.69+0.11 ms clock, 2.3+0.68/0.96/0+1.8 ms cpu, 4->5->2 MB, 4 MB goal, 0 MB stacks, 0 MB globals, 16 P
gc 4798 @12.814s 9%: 0.14+0.85+0.093 ms clock, 2.2+0.60/1.1/0+1.4 ms cpu, 4->5->2 MB, 5 MB goal, 0 MB stacks, 0 MB globals, 16 P
gc 4799 @12.816s 9%: 0.16+0.65+0.10 ms clock, 2.7+0.54/0.94/0+1.7 ms cpu, 4->5->2 MB, 5 MB goal, 0 MB stacks, 0 MB globals, 16 P
gc 4800 @12.818s 9%: 0.13+0.73+0.096 ms clock, 2.1+0.56/0.86/0.028+1.5 ms cpu, 4->5->2 MB, 4 MB goal, 0 MB stacks, 0 MB globals, 16 P
gc 4801 @12.820s 9%: 0.15+0.56+0.14 ms clock, 2.4+0.64/0.92/0.017+2.3 ms cpu, 4->5->2 MB, 5 MB goal, 0 MB stacks, 0 MB globals, 16 P
gc 4802 @12.822s 9%: 0.11+0.58+0.11 ms clock, 1.9+0.56/0.93/0+1.7 ms cpu, 4->4->2 MB, 4 MB goal, 0 MB stacks, 0 MB globals, 16 P
gc 4803 @12.824s 9%: 0.11+0.51+0.17 ms clock, 1.7+0.57/0.84/0+2.8 ms cpu, 4->4->2 MB, 4 MB goal, 0 MB stacks, 0 MB globals, 16 P
gc 4804 @12.825s 9%: 0.11+0.79+0.093 ms clock, 1.8+0.65/0.90/0+1.5 ms cpu, 3->4->2 MB, 4 MB goal, 0 MB stacks, 0 MB globals, 16 P
gc 4805 @12.827s 9%: 0.16+0.88+0.083 ms clock, 2.6+0.65/0.99/0.003+1.3 ms cpu, 3->4->2 MB, 4 MB goal, 0 MB stacks, 0 MB globals, 16 P
gc 4806 @12.829s 9%: 0.11+0.67+0.092 ms clock, 1.9+0.70/0.98/0+1.4 ms cpu, 4->5->2 MB, 5 MB goal, 0 MB stacks, 0 MB globals, 16 P
gc 4807 @12.831s 9%: 0.097+0.64+0.10 ms clock, 1.5+0.53/0.98/0+1.6 ms cpu, 4->4->2 MB, 4 MB goal, 0 MB stacks, 0 MB globals, 16 P
gc 4808 @12.833s 9%: 0.14+0.82+0.16 ms clock, 2.2+0.78/0.95/0.009+2.5 ms cpu, 3->5->2 MB, 4 MB goal, 0 MB stacks, 0 MB globals, 16 P
gc 4809 @12.835s 9%: 0.19+0.53+0.10 ms clock, 3.1+1.0/0.83/0+1.6 ms cpu, 4->5->2 MB, 5 MB goal, 0 MB stacks, 0 MB globals, 16 P
gc 4810 @12.836s 9%: 0.23+0.47+0.18 ms clock, 3.7+0.65/0.87/0.035+2.9 ms cpu, 3->4->2 MB, 4 MB goal, 0 MB stacks, 0 MB globals, 16 P
gc 4811 @12.838s 9%: 0.11+0.78+0.072 ms clock, 1.8+0.91/1.0/0.002+1.1 ms cpu, 4->5->2 MB, 4 MB goal, 0 MB stacks, 0 MB globals, 16 P
gc 4812 @12.840s 9%: 0.18+0.80+0.12 ms clock, 2.9+0.80/1.0/0+1.9 ms cpu, 4->5->2 MB, 5 MB goal, 0 MB stacks, 0 MB globals, 16 P
gc 4813 @12.842s 9%: 0.11+0.67+0.15 ms clock, 1.9+0.55/1.0/0.070+2.4 ms cpu, 4->5->2 MB, 5 MB goal, 0 MB stacks, 0 MB globals, 16 P
gc 4814 @12.844s 9%: 0.13+0.62+0.15 ms clock, 2.0+0.67/0.92/0.059+2.4 ms cpu, 4->5->2 MB, 4 MB goal, 0 MB stacks, 0 MB globals, 16 P
gc 4815 @12.846s 9%: 0.10+0.89+0.096 ms clock, 1.6+0.76/1.2/0.019+1.5 ms cpu, 4->5->2 MB, 5 MB goal, 0 MB stacks, 0 MB globals, 16 P
gc 4816 @12.848s 9%: 0.13+0.60+0.12 ms clock, 2.2+0.56/1.1/0+2.0 ms cpu, 4->5->2 MB, 5 MB goal, 0 MB stacks, 0 MB globals, 16 P
gc 4817 @12.850s 9%: 0.14+0.51+0.20 ms clock, 2.2+0.61/0.94/0+3.2 ms cpu, 4->4->2 MB, 4 MB goal, 0 MB stacks, 0 MB globals, 16 P
gc 4818 @12.852s 9%: 0.12+0.71+0.076 ms clock, 2.0+0.69/0.93/0.002+1.2 ms cpu, 3->4->2 MB, 4 MB goal, 0 MB stacks, 0 MB globals, 16 P
gc 4819 @12.854s 9%: 0.11+0.93+0.087 ms clock, 1.8+0.65/1.1/0.020+1.4 ms cpu, 4->5->2 MB, 4 MB goal, 0 MB stacks, 0 MB globals, 16 P
gc 4820 @12.856s 9%: 0.11+0.70+0.10 ms clock, 1.8+0.60/1.0/0+1.6 ms cpu, 4->5->2 MB, 5 MB goal, 0 MB stacks, 0 MB globals, 16 P
gc 4821 @12.858s 9%: 0.10+0.65+0.073 ms clock, 1.6+0.31/1.1/0+1.1 ms cpu, 4->5->2 MB, 5 MB goal, 0 MB stacks, 0 MB globals, 16 P
gc 4822 @12.860s 9%: 0.10+0.63+0.11 ms clock, 1.7+0.68/0.93/0+1.8 ms cpu, 4->4->2 MB, 4 MB goal, 0 MB stacks, 0 MB globals, 16 P
gc 4823 @12.861s 9%: 0.11+0.61+0.14 ms clock, 1.8+0.81/1.1/0.029+2.2 ms cpu, 3->4->2 MB, 4 MB goal, 0 MB stacks, 0 MB globals, 16 P
gc 4824 @12.863s 9%: 0.17+0.89+0.11 ms clock, 2.8+0.57/1.0/0+1.7 ms cpu, 4->5->2 MB, 4 MB goal, 0 MB stacks, 0 MB globals, 16 P
gc 4825 @12.865s 9%: 0.16+0.62+0.093 ms clock, 2.6+0.59/1.0/0+1.4 ms cpu, 4->5->2 MB, 5 MB goal, 0 MB stacks, 0 MB globals, 16 P
gc 4826 @12.867s 9%: 0.14+0.59+0.15 ms clock, 2.2+0.62/0.88/0+2.5 ms cpu, 4->4->2 MB, 4 MB goal, 0 MB stacks, 0 MB globals, 16 P
gc 4827 @12.869s 9%: 0.13+0.54+0.096 ms clock, 2.2+0.57/0.97/0+1.5 ms cpu, 3->4->2 MB, 4 MB goal, 0 MB stacks, 0 MB globals, 16 P
gc 4828 @12.871s 9%: 0.14+0.84+0.11 ms clock, 2.2+0.68/0.91/0.021+1.7 ms cpu, 3->4->2 MB, 4 MB goal, 0 MB stacks, 0 MB globals, 16 P
gc 4829 @12.873s 9%: 0.10+0.62+0.14 ms clock, 1.7+0.56/0.89/0+2.3 ms cpu, 4->5->2 MB, 5 MB goal, 0 MB stacks, 0 MB globals, 16 P
gc 4830 @12.874s 9%: 0.11+0.58+0.20 ms clock, 1.8+0.80/0.95/0+3.2 ms cpu, 4->4->2 MB, 4 MB goal, 0 MB stacks, 0 MB globals, 16 P
gc 4831 @12.876s 9%: 0.16+0.51+0.14 ms clock, 2.6+0.70/0.90/0.039+2.2 ms cpu, 4->4->2 MB, 4 MB goal, 0 MB stacks, 0 MB globals, 16 P
gc 4832 @12.878s 9%: 0.13+0.54+0.16 ms clock, 2.0+0.84/0.93/0+2.6 ms cpu, 3->4->2 MB, 4 MB goal, 0 MB stacks, 0 MB globals, 16 P
gc 4833 @12.880s 9%: 0.14+0.68+0.099 ms clock, 2.3+0.58/1.0/0+1.5 ms cpu, 4->4->2 MB, 4 MB goal, 0 MB stacks, 0 MB globals, 16 P
gc 4834 @12.881s 9%: 0.10+0.49+0.14 ms clock, 1.6+0.59/0.92/0+2.3 ms cpu, 4->4->2 MB, 4 MB goal, 0 MB stacks, 0 MB globals, 16 P
gc 4835 @12.883s 9%: 0.094+0.66+0.11 ms clock, 1.5+0.58/1.0/0.030+1.8 ms cpu, 3->4->2 MB, 4 MB goal, 0 MB stacks, 0 MB globals, 16 P
gc 4836 @12.885s 9%: 0.14+0.67+0.11 ms clock, 2.3+0.66/1.0/0+1.8 ms cpu, 4->4->2 MB, 4 MB goal, 0 MB stacks, 0 MB globals, 16 P
gc 4837 @12.887s 9%: 0.12+0.60+0.13 ms clock, 1.9+0.76/0.94/0+2.1 ms cpu, 4->5->2 MB, 4 MB goal, 0 MB stacks, 0 MB globals, 16 P
gc 4838 @12.888s 9%: 0.13+0.96+0.13 ms clock, 2.1+0.73/0.91/0+2.2 ms cpu, 4->5->2 MB, 4 MB goal, 0 MB stacks, 0 MB globals, 16 P
gc 4839 @12.891s 9%: 0.094+0.78+0.094 ms clock, 1.5+0.62/0.94/0.025+1.5 ms cpu, 4->5->2 MB, 5 MB goal, 0 MB stacks, 0 MB globals, 16 P
gc 4840 @12.893s 9%: 0.18+0.61+0.10 ms clock, 2.9+0.72/0.95/0+1.7 ms cpu, 4->5->2 MB, 4 MB goal, 0 MB stacks, 0 MB globals, 16 P
gc 4841 @12.894s 9%: 0.19+0.67+0.14 ms clock, 3.0+0.68/0.89/0+2.2 ms cpu, 4->5->2 MB, 4 MB goal, 0 MB stacks, 0 MB globals, 16 P
gc 4842 @12.896s 9%: 0.18+0.60+0.13 ms clock, 2.9+0.65/1.0/0.011+2.2 ms cpu, 4->5->2 MB, 5 MB goal, 0 MB stacks, 0 MB globals, 16 P
gc 4843 @12.898s 9%: 0.10+0.53+0.13 ms clock, 1.6+0.63/0.81/0+2.1 ms cpu, 4->4->2 MB, 4 MB goal, 0 MB stacks, 0 MB globals, 16 P
gc 4844 @12.900s 9%: 0.14+0.71+0.077 ms clock, 2.3+0.57/1.0/0+1.2 ms cpu, 3->4->2 MB, 4 MB goal, 0 MB stacks, 0 MB globals, 16 P
gc 4845 @12.902s 9%: 0.11+0.65+0.10 ms clock, 1.8+0.76/0.82/0+1.7 ms cpu, 4->5->2 MB, 4 MB goal, 0 MB stacks, 0 MB globals, 16 P
gc 4846 @12.903s 9%: 0.18+0.90+0.12 ms clock, 2.9+0.55/0.89/0+2.0 ms cpu, 4->5->2 MB, 4 MB goal, 0 MB stacks, 0 MB globals, 16 P
gc 4847 @12.906s 9%: 0.13+0.81+0.14 ms clock, 2.1+0.50/1.1/0.011+2.2 ms cpu, 4->5->2 MB, 5 MB goal, 0 MB stacks, 0 MB globals, 16 P
gc 4848 @12.908s 9%: 0.16+0.80+0.10 ms clock, 2.7+0.63/1.0/0.001+1.7 ms cpu, 4->5->2 MB, 5 MB goal, 0 MB stacks, 0 MB globals, 16 P
gc 4849 @12.910s 9%: 0.12+0.89+0.14 ms clock, 2.0+0.59/1.0/0.002+2.3 ms cpu, 4->5->2 MB, 5 MB goal, 0 MB stacks, 0 MB globals, 16 P
gc 4850 @12.913s 9%: 0.12+0.75+0.096 ms clock, 2.0+0.62/1.1/0.012+1.5 ms cpu, 4->5->2 MB, 5 MB goal, 0 MB stacks, 0 MB globals, 16 P
gc 4851 @12.915s 9%: 0.14+0.73+0.12 ms clock, 2.3+0.75/1.1/0.004+1.9 ms cpu, 4->5->2 MB, 5 MB goal, 0 MB stacks, 0 MB globals, 16 P
gc 4852 @12.917s 9%: 0.15+0.59+0.20 ms clock, 2.5+0.49/0.98/0.002+3.2 ms cpu, 4->5->2 MB, 5 MB goal, 0 MB stacks, 0 MB globals, 16 P
gc 4853 @12.919s 9%: 0.15+0.68+0.12 ms clock, 2.4+0.59/1.1/0+1.9 ms cpu, 4->5->2 MB, 4 MB goal, 0 MB stacks, 0 MB globals, 16 P
gc 4854 @12.921s 9%: 0.11+0.66+0.13 ms clock, 1.8+0.88/0.86/0+2.1 ms cpu, 4->5->2 MB, 5 MB goal, 0 MB stacks, 0 MB globals, 16 P
gc 4855 @12.922s 9%: 0.13+0.67+0.095 ms clock, 2.1+0.60/0.94/0+1.5 ms cpu, 4->4->2 MB, 4 MB goal, 0 MB stacks, 0 MB globals, 16 P
gc 4856 @12.924s 9%: 0.16+0.68+0.17 ms clock, 2.6+0.74/0.92/0.005+2.7 ms cpu, 4->5->2 MB, 4 MB goal, 0 MB stacks, 0 MB globals, 16 P
gc 4857 @12.926s 9%: 0.13+0.56+0.082 ms clock, 2.1+0.51/0.91/0+1.3 ms cpu, 4->5->2 MB, 5 MB goal, 0 MB stacks, 0 MB globals, 16 P
gc 4858 @12.928s 9%: 0.10+0.67+0.076 ms clock, 1.6+0.55/0.98/0.077+1.2 ms cpu, 3->4->2 MB, 4 MB goal, 0 MB stacks, 0 MB globals, 16 P
gc 4859 @12.930s 9%: 0.13+0.74+0.11 ms clock, 2.1+0.79/0.86/0+1.8 ms cpu, 4->5->2 MB, 4 MB goal, 0 MB stacks, 0 MB globals, 16 P
gc 4860 @12.932s 9%: 0.13+0.57+0.11 ms clock, 2.1+0.55/0.92/0+1.8 ms cpu, 4->5->2 MB, 5 MB goal, 0 MB stacks, 0 MB globals, 16 P
gc 4861 @12.934s 9%: 0.13+0.63+0.11 ms clock, 2.1+0.59/0.92/0.042+1.9 ms cpu, 4->4->2 MB, 4 MB goal, 0 MB stacks, 0 MB globals, 16 P
gc 4862 @12.935s 9%: 0.29+0.56+0.11 ms clock, 4.7+0.63/0.97/0+1.7 ms cpu, 4->5->2 MB, 4 MB goal, 0 MB stacks, 0 MB globals, 16 P
gc 4863 @12.937s 9%: 0.10+0.63+0.13 ms clock, 1.7+0.71/1.0/0.003+2.2 ms cpu, 4->4->2 MB, 4 MB goal, 0 MB stacks, 0 MB globals, 16 P
gc 4864 @12.939s 9%: 0.18+0.59+0.098 ms clock, 3.0+0.63/0.99/0+1.5 ms cpu, 4->4->2 MB, 4 MB goal, 0 MB stacks, 0 MB globals, 16 P
gc 4865 @12.941s 9%: 0.13+0.64+0.059 ms clock, 2.1+0.61/0.96/0+0.95 ms cpu, 4->4->2 MB, 4 MB goal, 0 MB stacks, 0 MB globals, 16 P
gc 4866 @12.943s 9%: 0.11+0.78+0.089 ms clock, 1.8+0.54/0.91/0.058+1.4 ms cpu, 4->4->2 MB, 4 MB goal, 0 MB stacks, 0 MB globals, 16 P
gc 4867 @12.945s 9%: 0.14+0.57+0.17 ms clock, 2.3+0.62/0.96/0+2.8 ms cpu, 4->4->2 MB, 5 MB goal, 0 MB stacks, 0 MB globals, 16 P
gc 4868 @12.946s 9%: 0.16+0.57+0.10 ms clock, 2.6+0.56/0.99/0+1.6 ms cpu, 3->4->2 MB, 4 MB goal, 0 MB stacks, 0 MB globals, 16 P
gc 4869 @12.948s 9%: 0.10+0.67+0.11 ms clock, 1.6+0.53/0.99/0+1.8 ms cpu, 4->5->2 MB, 4 MB goal, 0 MB stacks, 0 MB globals, 16 P
gc 4870 @12.950s 9%: 0.15+0.69+0.10 ms clock, 2.4+0.74/0.94/0+1.6 ms cpu, 4->4->2 MB, 4 MB goal, 0 MB stacks, 0 MB globals, 16 P
gc 4871 @12.952s 9%: 0.12+0.60+0.16 ms clock, 2.0+0.56/1.0/0+2.6 ms cpu, 4->5->2 MB, 4 MB goal, 0 MB stacks, 0 MB globals, 16 P
gc 4872 @12.953s 9%: 0.13+0.61+0.065 ms clock, 2.0+0.73/0.94/0+1.0 ms cpu, 4->4->2 MB, 4 MB goal, 0 MB stacks, 0 MB globals, 16 P
gc 4873 @12.955s 9%: 0.15+0.71+0.15 ms clock, 2.5+0.63/0.96/0+2.5 ms cpu, 4->5->2 MB, 4 MB goal, 0 MB stacks, 0 MB globals, 16 P
gc 4874 @12.957s 9%: 0.11+0.72+0.068 ms clock, 1.7+0.65/1.1/0+1.1 ms cpu, 4->5->2 MB, 5 MB goal, 0 MB stacks, 0 MB globals, 16 P
gc 4875 @12.959s 9%: 0.14+0.80+0.12 ms clock, 2.3+0.93/0.86/0.019+1.9 ms cpu, 4->5->2 MB, 4 MB goal, 0 MB stacks, 0 MB globals, 16 P
gc 4876 @12.962s 9%: 0.17+0.72+0.27 ms clock, 2.8+0.81/1.1/0+4.3 ms cpu, 4->5->2 MB, 5 MB goal, 0 MB stacks, 0 MB globals, 16 P
gc 4877 @12.964s 9%: 0.22+0.53+0.22 ms clock, 3.6+0.67/1.0/0+3.6 ms cpu, 4->5->2 MB, 5 MB goal, 0 MB stacks, 0 MB globals, 16 P
gc 4878 @12.966s 9%: 0.12+0.65+0.17 ms clock, 2.0+0.54/1.0/0+2.8 ms cpu, 4->5->2 MB, 4 MB goal, 0 MB stacks, 0 MB globals, 16 P
gc 4879 @12.967s 9%: 0.17+0.61+0.17 ms clock, 2.8+0.51/1.0/0+2.7 ms cpu, 4->5->2 MB, 4 MB goal, 0 MB stacks, 0 MB globals, 16 P
gc 4880 @12.969s 9%: 0.11+0.59+0.13 ms clock, 1.8+0.53/1.1/0.002+2.2 ms cpu, 4->5->2 MB, 5 MB goal, 0 MB stacks, 0 MB globals, 16 P
gc 4881 @12.971s 9%: 0.15+0.53+0.16 ms clock, 2.4+0.51/0.95/0.002+2.6 ms cpu, 4->4->2 MB, 4 MB goal, 0 MB stacks, 0 MB globals, 16 P
gc 4882 @12.973s 9%: 0.13+0.58+0.12 ms clock, 2.1+0.59/0.96/0+2.0 ms cpu, 3->4->2 MB, 4 MB goal, 0 MB stacks, 0 MB globals, 16 P
gc 4883 @12.974s 9%: 0.10+0.75+0.099 ms clock, 1.7+0.55/0.98/0+1.5 ms cpu, 3->4->2 MB, 4 MB goal, 0 MB stacks, 0 MB globals, 16 P
gc 4884 @12.976s 9%: 0.12+0.69+0.16 ms clock, 1.9+0.61/1.1/0.008+2.5 ms cpu, 4->5->2 MB, 5 MB goal, 0 MB stacks, 0 MB globals, 16 P
gc 4885 @12.978s 9%: 0.11+0.61+0.082 ms clock, 1.8+0.66/1.0/0.033+1.3 ms cpu, 4->5->2 MB, 5 MB goal, 0 MB stacks, 0 MB globals, 16 P
gc 4886 @12.980s 9%: 0.13+0.61+0.11 ms clock, 2.1+0.81/0.79/0+1.8 ms cpu, 4->4->2 MB, 4 MB goal, 0 MB stacks, 0 MB globals, 16 P
gc 4887 @12.982s 9%: 0.13+0.57+0.15 ms clock, 2.1+0.74/0.95/0+2.4 ms cpu, 3->4->2 MB, 4 MB goal, 0 MB stacks, 0 MB globals, 16 P
gc 4888 @12.983s 9%: 0.14+0.61+0.11 ms clock, 2.3+0.55/0.98/0+1.8 ms cpu, 4->4->2 MB, 4 MB goal, 0 MB stacks, 0 MB globals, 16 P
gc 4889 @12.985s 9%: 0.11+0.57+0.090 ms clock, 1.8+0.64/1.1/0+1.4 ms cpu, 4->4->2 MB, 5 MB goal, 0 MB stacks, 0 MB globals, 16 P
gc 4890 @12.987s 9%: 0.20+0.95+0.10 ms clock, 3.2+0.76/0.90/0+1.7 ms cpu, 4->5->2 MB, 4 MB goal, 0 MB stacks, 0 MB globals, 16 P
gc 4891 @12.990s 9%: 0.15+0.62+0.090 ms clock, 2.4+0.85/1.0/0+1.4 ms cpu, 4->5->2 MB, 5 MB goal, 0 MB stacks, 0 MB globals, 16 P
gc 4892 @12.991s 9%: 0.12+0.57+0.091 ms clock, 2.0+0.82/0.93/0+1.4 ms cpu, 4->5->2 MB, 4 MB goal, 0 MB stacks, 0 MB globals, 16 P
gc 4893 @12.993s 9%: 0.16+0.73+0.094 ms clock, 2.5+0.76/0.85/0+1.5 ms cpu, 4->5->2 MB, 4 MB goal, 0 MB stacks, 0 MB globals, 16 P
gc 4894 @12.995s 9%: 0.12+0.53+0.21 ms clock, 2.0+0.64/0.91/0+3.5 ms cpu, 4->5->2 MB, 5 MB goal, 0 MB stacks, 0 MB globals, 16 P
gc 4895 @12.997s 9%: 0.11+0.65+0.11 ms clock, 1.8+0.57/1.0/0.054+1.8 ms cpu, 3->4->2 MB, 4 MB goal, 0 MB stacks, 0 MB globals, 16 P
gc 4896 @12.999s 9%: 0.098+0.67+0.099 ms clock, 1.5+0.62/1.2/0+1.5 ms cpu, 4->5->2 MB, 5 MB goal, 0 MB stacks, 0 MB globals, 16 P
gc 4897 @13.001s 9%: 0.19+0.67+0.15 ms clock, 3.0+0.79/0.86/0.019+2.5 ms cpu, 4->5->2 MB, 4 MB goal, 0 MB stacks, 0 MB globals, 16 P
gc 4898 @13.003s 9%: 0.14+0.65+0.099 ms clock, 2.3+0.81/0.84/0+1.5 ms cpu, 4->5->2 MB, 5 MB goal, 0 MB stacks, 0 MB globals, 16 P
gc 4899 @13.004s 9%: 0.13+0.53+0.094 ms clock, 2.2+0.72/0.93/0.016+1.5 ms cpu, 4->4->2 MB, 4 MB goal, 0 MB stacks, 0 MB globals, 16 P
gc 4900 @13.006s 9%: 0.11+0.79+0.074 ms clock, 1.7+0.64/0.89/0+1.1 ms cpu, 3->4->2 MB, 4 MB goal, 0 MB stacks, 0 MB globals, 16 P
gc 4901 @13.008s 9%: 0.19+0.63+0.17 ms clock, 3.0+0.70/0.89/0+2.8 ms cpu, 4->4->2 MB, 4 MB goal, 0 MB stacks, 0 MB globals, 16 P
gc 4902 @13.010s 9%: 0.15+0.49+0.19 ms clock, 2.5+0.78/0.94/0+3.1 ms cpu, 4->4->2 MB, 5 MB goal, 0 MB stacks, 0 MB globals, 16 P
gc 4903 @13.011s 9%: 0.17+0.64+0.17 ms clock, 2.8+0.74/1.0/0+2.7 ms cpu, 3->4->2 MB, 4 MB goal, 0 MB stacks, 0 MB globals, 16 P
gc 4904 @13.013s 9%: 0.18+0.69+0.14 ms clock, 2.9+0.64/1.0/0+2.3 ms cpu, 4->5->2 MB, 5 MB goal, 0 MB stacks, 0 MB globals, 16 P
gc 4905 @13.015s 9%: 0.15+0.66+0.21 ms clock, 2.4+0.70/0.83/0.035+3.3 ms cpu, 4->5->2 MB, 5 MB goal, 0 MB stacks, 0 MB globals, 16 P
gc 4906 @13.017s 9%: 0.12+0.66+0.17 ms clock, 2.0+0.60/0.92/0+2.8 ms cpu, 4->5->2 MB, 5 MB goal, 0 MB stacks, 0 MB globals, 16 P
gc 4907 @13.019s 9%: 0.17+0.64+0.10 ms clock, 2.8+0.69/0.92/0+1.6 ms cpu, 4->4->2 MB, 4 MB goal, 0 MB stacks, 0 MB globals, 16 P
gc 4908 @13.021s 9%: 0.13+0.72+0.086 ms clock, 2.2+0.55/1.0/0+1.3 ms cpu, 4->4->2 MB, 4 MB goal, 0 MB stacks, 0 MB globals, 16 P
gc 4909 @13.023s 9%: 0.12+0.73+0.094 ms clock, 1.9+0.59/0.91/0+1.5 ms cpu, 4->5->2 MB, 4 MB goal, 0 MB stacks, 0 MB globals, 16 P
gc 4910 @13.024s 9%: 0.10+0.62+0.12 ms clock, 1.6+0.47/1.0/0+1.9 ms cpu, 4->5->2 MB, 4 MB goal, 0 MB stacks, 0 MB globals, 16 P
gc 4911 @13.026s 9%: 0.18+0.61+0.21 ms clock, 2.8+0.65/0.79/0+3.3 ms cpu, 4->4->2 MB, 4 MB goal, 0 MB stacks, 0 MB globals, 16 P
gc 4912 @13.028s 9%: 0.13+0.71+0.12 ms clock, 2.1+0.51/0.98/0+1.9 ms cpu, 4->4->2 MB, 4 MB goal, 0 MB stacks, 0 MB globals, 16 P
gc 4913 @13.030s 9%: 0.17+0.69+0.11 ms clock, 2.7+0.59/0.96/0+1.8 ms cpu, 4->5->2 MB, 4 MB goal, 0 MB stacks, 0 MB globals, 16 P
gc 4914 @13.032s 9%: 0.10+0.62+0.13 ms clock, 1.7+0.59/1.0/0+2.2 ms cpu, 4->5->2 MB, 5 MB goal, 0 MB stacks, 0 MB globals, 16 P
gc 4915 @13.034s 9%: 0.10+0.90+0.084 ms clock, 1.7+0.58/0.88/0+1.3 ms cpu, 4->5->2 MB, 4 MB goal, 0 MB stacks, 0 MB globals, 16 P
gc 4916 @13.036s 9%: 0.11+0.81+0.088 ms clock, 1.8+0.67/1.0/0.001+1.4 ms cpu, 4->5->2 MB, 5 MB goal, 0 MB stacks, 0 MB globals, 16 P
gc 4917 @13.038s 9%: 0.11+0.55+0.13 ms clock, 1.8+0.90/0.85/0+2.1 ms cpu, 4->5->2 MB, 5 MB goal, 0 MB stacks, 0 MB globals, 16 P
gc 4918 @13.040s 9%: 0.14+0.56+0.19 ms clock, 2.3+0.61/0.93/0+3.1 ms cpu, 3->4->2 MB, 4 MB goal, 0 MB stacks, 0 MB globals, 16 P
gc 4919 @13.041s 9%: 0.12+0.71+0.17 ms clock, 1.9+0.65/0.98/0+2.7 ms cpu, 4->4->2 MB, 4 MB goal, 0 MB stacks, 0 MB globals, 16 P
gc 4920 @13.043s 9%: 0.15+0.69+0.21 ms clock, 2.4+0.85/0.90/0.032+3.5 ms cpu, 4->5->2 MB, 5 MB goal, 0 MB stacks, 0 MB globals, 16 P
gc 4921 @13.045s 9%: 0.15+0.54+0.19 ms clock, 2.4+0.71/0.93/0+3.1 ms cpu, 4->4->2 MB, 4 MB goal, 0 MB stacks, 0 MB globals, 16 P
gc 4922 @13.047s 9%: 0.26+0.68+0.16 ms clock, 4.2+0.80/0.90/0+2.5 ms cpu, 4->5->2 MB, 4 MB goal, 0 MB stacks, 0 MB globals, 16 P
gc 4923 @13.049s 9%: 0.15+0.77+0.12 ms clock, 2.4+0.81/0.90/0.011+1.9 ms cpu, 4->5->2 MB, 5 MB goal, 0 MB stacks, 0 MB globals, 16 P
gc 4924 @13.051s 9%: 0.18+0.90+0.064 ms clock, 2.8+0.60/0.90/0.010+1.0 ms cpu, 4->5->2 MB, 5 MB goal, 0 MB stacks, 0 MB globals, 16 P
gc 4925 @13.053s 9%: 0.12+0.83+0.11 ms clock, 1.9+0.65/0.93/0+1.7 ms cpu, 4->5->2 MB, 5 MB goal, 0 MB stacks, 0 MB globals, 16 P
gc 4926 @13.055s 9%: 0.11+0.48+0.15 ms clock, 1.7+0.70/0.88/0+2.5 ms cpu, 4->4->2 MB, 5 MB goal, 0 MB stacks, 0 MB globals, 16 P
gc 4927 @13.057s 9%: 0.13+0.72+0.099 ms clock, 2.1+0.82/0.92/0+1.5 ms cpu, 3->4->2 MB, 4 MB goal, 0 MB stacks, 0 MB globals, 16 P
gc 4928 @13.059s 9%: 0.14+0.65+0.19 ms clock, 2.3+0.59/0.97/0+3.1 ms cpu, 4->5->2 MB, 5 MB goal, 0 MB stacks, 0 MB globals, 16 P
gc 4929 @13.061s 9%: 0.24+0.67+0.14 ms clock, 3.9+0.66/0.98/0+2.3 ms cpu, 4->5->2 MB, 5 MB goal, 0 MB stacks, 0 MB globals, 16 P
gc 4930 @13.063s 9%: 0.12+0.85+0.12 ms clock, 1.9+0.69/0.88/0+1.9 ms cpu, 4->5->2 MB, 5 MB goal, 0 MB stacks, 0 MB globals, 16 P
gc 4931 @13.065s 9%: 0.10+0.56+0.14 ms clock, 1.7+0.69/0.98/0+2.3 ms cpu, 4->5->2 MB, 5 MB goal, 0 MB stacks, 0 MB globals, 16 P
gc 4932 @13.067s 9%: 0.12+0.79+0.079 ms clock, 1.9+0.61/0.81/0+1.2 ms cpu, 3->4->2 MB, 4 MB goal, 0 MB stacks, 0 MB globals, 16 P
gc 4933 @13.069s 9%: 0.11+0.59+0.15 ms clock, 1.8+0.69/0.90/0+2.4 ms cpu, 4->4->2 MB, 4 MB goal, 0 MB stacks, 0 MB globals, 16 P
gc 4934 @13.071s 9%: 0.22+1.0+0.047 ms clock, 3.6+0.78/0.96/0+0.76 ms cpu, 3->5->2 MB, 4 MB goal, 0 MB stacks, 0 MB globals, 16 P
gc 4935 @13.073s 9%: 0.16+0.52+0.17 ms clock, 2.6+0.71/0.83/0.061+2.7 ms cpu, 5->5->2 MB, 5 MB goal, 0 MB stacks, 0 MB globals, 16 P
gc 4936 @13.075s 9%: 0.25+0.63+0.22 ms clock, 4.1+0.68/1.0/0+3.5 ms cpu, 3->4->2 MB, 4 MB goal, 0 MB stacks, 0 MB globals, 16 P
gc 4937 @13.077s 9%: 0.11+0.63+0.18 ms clock, 1.8+0.93/0.90/0+3.0 ms cpu, 4->5->2 MB, 5 MB goal, 0 MB stacks, 0 MB globals, 16 P
gc 4938 @13.079s 9%: 0.074+0.65+0.098 ms clock, 1.1+0.57/0.77/0.054+1.5 ms cpu, 4->4->2 MB, 4 MB goal, 0 MB stacks, 0 MB globals, 16 P
gc 4939 @13.080s 9%: 0.10+0.50+0.10 ms clock, 1.7+0.70/0.90/0+1.7 ms cpu, 4->4->2 MB, 4 MB goal, 0 MB stacks, 0 MB globals, 16 P
gc 4940 @13.082s 9%: 0.12+0.65+0.076 ms clock, 2.0+0.68/0.99/0+1.2 ms cpu, 3->4->2 MB, 4 MB goal, 0 MB stacks, 0 MB globals, 16 P
gc 4941 @13.084s 9%: 0.10+0.64+0.096 ms clock, 1.6+0.57/0.93/0+1.5 ms cpu, 4->4->2 MB, 4 MB goal, 0 MB stacks, 0 MB globals, 16 P
gc 4942 @13.085s 9%: 0.16+0.72+0.14 ms clock, 2.5+0.80/0.83/0+2.3 ms cpu, 4->5->2 MB, 4 MB goal, 0 MB stacks, 0 MB globals, 16 P
gc 4943 @13.087s 9%: 0.15+0.61+0.11 ms clock, 2.4+0.78/0.83/0+1.7 ms cpu, 4->5->2 MB, 5 MB goal, 0 MB stacks, 0 MB globals, 16 P
gc 4944 @13.089s 9%: 0.13+0.52+0.10 ms clock, 2.1+0.54/0.96/0+1.7 ms cpu, 4->4->2 MB, 4 MB goal, 0 MB stacks, 0 MB globals, 16 P
gc 4945 @13.091s 9%: 0.10+0.62+0.092 ms clock, 1.6+0.53/1.0/0+1.4 ms cpu, 3->4->2 MB, 4 MB goal, 0 MB stacks, 0 MB globals, 16 P
gc 4946 @13.092s 9%: 0.13+0.52+0.088 ms clock, 2.1+0.59/0.86/0+1.4 ms cpu, 4->4->2 MB, 4 MB goal, 0 MB stacks, 0 MB globals, 16 P
gc 4947 @13.094s 9%: 0.18+0.67+0.11 ms clock, 2.9+0.69/0.94/0.008+1.8 ms cpu, 3->4->2 MB, 4 MB goal, 0 MB stacks, 0 MB globals, 16 P
gc 4948 @13.096s 9%: 0.11+0.68+0.098 ms clock, 1.7+0.48/0.92/0.004+1.5 ms cpu, 4->4->2 MB, 4 MB goal, 0 MB stacks, 0 MB globals, 16 P
gc 4949 @13.098s 9%: 0.12+0.48+0.16 ms clock, 2.0+0.66/0.87/0+2.6 ms cpu, 4->4->2 MB, 4 MB goal, 0 MB stacks, 0 MB globals, 16 P
gc 4950 @13.099s 9%: 0.13+0.72+0.10 ms clock, 2.1+0.68/0.88/0+1.7 ms cpu, 3->4->2 MB, 4 MB goal, 0 MB stacks, 0 MB globals, 16 P
gc 4951 @13.101s 9%: 0.19+0.88+0.065 ms clock, 3.1+0.80/0.85/0+1.0 ms cpu, 4->5->2 MB, 5 MB goal, 0 MB stacks, 0 MB globals, 16 P
gc 4952 @13.103s 9%: 0.14+0.53+0.21 ms clock, 2.2+0.65/0.88/0.019+3.5 ms cpu, 4->5->2 MB, 5 MB goal, 0 MB stacks, 0 MB globals, 16 P
gc 4953 @13.105s 9%: 0.19+0.63+0.15 ms clock, 3.1+0.79/0.79/0+2.5 ms cpu, 3->4->2 MB, 4 MB goal, 0 MB stacks, 0 MB globals, 16 P
gc 4954 @13.107s 9%: 0.16+0.74+0.069 ms clock, 2.6+0.58/1.2/0+1.1 ms cpu, 4->5->2 MB, 4 MB goal, 0 MB stacks, 0 MB globals, 16 P
gc 4955 @13.109s 9%: 0.14+0.60+0.11 ms clock, 2.2+0.67/1.0/0.001+1.8 ms cpu, 4->5->2 MB, 5 MB goal, 0 MB stacks, 0 MB globals, 16 P
gc 4956 @13.111s 9%: 0.12+0.69+0.13 ms clock, 1.9+0.63/0.88/0+2.1 ms cpu, 4->4->2 MB, 4 MB goal, 0 MB stacks, 0 MB globals, 16 P
gc 4957 @13.112s 9%: 0.13+0.61+0.093 ms clock, 2.1+0.59/1.0/0+1.4 ms cpu, 4->4->2 MB, 4 MB goal, 0 MB stacks, 0 MB globals, 16 P
gc 4958 @13.114s 9%: 0.17+0.62+0.081 ms clock, 2.8+0.66/0.96/0+1.3 ms cpu, 4->5->2 MB, 4 MB goal, 0 MB stacks, 0 MB globals, 16 P
gc 4959 @13.116s 9%: 0.10+0.65+0.10 ms clock, 1.7+0.64/0.95/0.015+1.6 ms cpu, 4->5->2 MB, 5 MB goal, 0 MB stacks, 0 MB globals, 16 P
gc 4960 @13.118s 9%: 0.15+0.62+0.12 ms clock, 2.5+0.62/0.91/0+1.9 ms cpu, 4->4->2 MB, 4 MB goal, 0 MB stacks, 0 MB globals, 16 P
gc 4961 @13.120s 9%: 0.10+0.62+0.10 ms clock, 1.6+0.65/0.94/0.001+1.6 ms cpu, 4->5->2 MB, 5 MB goal, 0 MB stacks, 0 MB globals, 16 P
gc 4962 @13.122s 9%: 0.14+0.61+0.094 ms clock, 2.3+0.70/0.98/0+1.5 ms cpu, 4->4->2 MB, 4 MB goal, 0 MB stacks, 0 MB globals, 16 P
gc 4963 @13.123s 9%: 0.11+0.69+0.069 ms clock, 1.8+0.59/1.0/0.001+1.1 ms cpu, 4->4->2 MB, 4 MB goal, 0 MB stacks, 0 MB globals, 16 P
gc 4964 @13.125s 9%: 0.11+0.74+0.069 ms clock, 1.8+0.59/1.0/0+1.1 ms cpu, 4->5->2 MB, 4 MB goal, 0 MB stacks, 0 MB globals, 16 P
gc 4965 @13.127s 9%: 0.12+0.63+0.11 ms clock, 1.9+0.66/0.95/0.066+1.7 ms cpu, 4->5->2 MB, 5 MB goal, 0 MB stacks, 0 MB globals, 16 P
gc 4966 @13.129s 9%: 0.11+0.72+0.10 ms clock, 1.8+0.74/0.91/0+1.6 ms cpu, 4->4->2 MB, 4 MB goal, 0 MB stacks, 0 MB globals, 16 P
gc 4967 @13.131s 9%: 0.10+0.49+0.12 ms clock, 1.6+0.59/0.95/0.016+1.9 ms cpu, 4->4->2 MB, 5 MB goal, 0 MB stacks, 0 MB globals, 16 P
gc 4968 @13.132s 9%: 0.14+0.46+0.11 ms clock, 2.2+0.52/0.88/0.019+1.8 ms cpu, 3->4->2 MB, 4 MB goal, 0 MB stacks, 0 MB globals, 16 P
gc 4969 @13.134s 9%: 0.10+0.58+0.18 ms clock, 1.7+0.59/0.87/0+2.9 ms cpu, 3->4->2 MB, 4 MB goal, 0 MB stacks, 0 MB globals, 16 P
gc 4970 @13.136s 9%: 0.11+0.59+0.22 ms clock, 1.7+0.59/1.0/0.048+3.6 ms cpu, 4->4->2 MB, 4 MB goal, 0 MB stacks, 0 MB globals, 16 P
gc 4971 @13.137s 9%: 0.14+0.74+0.093 ms clock, 2.3+0.61/1.0/0+1.4 ms cpu, 4->5->2 MB, 4 MB goal, 0 MB stacks, 0 MB globals, 16 P
gc 4972 @13.139s 9%: 0.16+0.55+0.20 ms clock, 2.5+0.71/0.86/0+3.3 ms cpu, 4->4->2 MB, 5 MB goal, 0 MB stacks, 0 MB globals, 16 P
gc 4973 @13.141s 9%: 0.12+0.57+0.22 ms clock, 2.0+0.50/0.93/0+3.5 ms cpu, 4->4->2 MB, 4 MB goal, 0 MB stacks, 0 MB globals, 16 P
gc 4974 @13.143s 9%: 0.14+0.62+0.15 ms clock, 2.2+0.76/1.0/0+2.5 ms cpu, 4->4->2 MB, 4 MB goal, 0 MB stacks, 0 MB globals, 16 P
gc 4975 @13.145s 9%: 0.097+0.63+0.082 ms clock, 1.5+0.69/1.0/0.031+1.3 ms cpu, 4->4->2 MB, 4 MB goal, 0 MB stacks, 0 MB globals, 16 P
gc 4976 @13.146s 9%: 0.10+0.69+0.18 ms clock, 1.6+0.70/0.94/0+2.8 ms cpu, 3->4->2 MB, 4 MB goal, 0 MB stacks, 0 MB globals, 16 P
gc 4977 @13.148s 9%: 0.11+0.54+0.18 ms clock, 1.8+0.77/0.95/0.042+3.0 ms cpu, 4->4->2 MB, 4 MB goal, 0 MB stacks, 0 MB globals, 16 P
gc 4978 @13.150s 9%: 0.15+0.66+0.098 ms clock, 2.4+0.74/0.92/0.001+1.5 ms cpu, 4->5->2 MB, 4 MB goal, 0 MB stacks, 0 MB globals, 16 P
gc 4979 @13.152s 9%: 0.11+0.64+0.14 ms clock, 1.8+0.57/0.88/0.031+2.3 ms cpu, 4->4->2 MB, 4 MB goal, 0 MB stacks, 0 MB globals, 16 P
gc 4980 @13.153s 9%: 0.18+0.68+0.18 ms clock, 2.9+0.60/0.92/0+2.9 ms cpu, 3->4->2 MB, 4 MB goal, 0 MB stacks, 0 MB globals, 16 P
gc 4981 @13.155s 9%: 0.11+0.53+0.088 ms clock, 1.8+0.72/0.87/0.013+1.4 ms cpu, 4->5->2 MB, 5 MB goal, 0 MB stacks, 0 MB globals, 16 P
gc 4982 @13.157s 9%: 0.15+0.59+0.20 ms clock, 2.4+0.64/0.95/0+3.3 ms cpu, 3->4->2 MB, 4 MB goal, 0 MB stacks, 0 MB globals, 16 P
gc 4983 @13.159s 9%: 0.17+0.64+0.19 ms clock, 2.7+0.66/0.77/0.14+3.1 ms cpu, 4->4->2 MB, 4 MB goal, 0 MB stacks, 0 MB globals, 16 P
gc 4984 @13.160s 9%: 0.15+0.57+0.20 ms clock, 2.4+0.76/0.79/0+3.2 ms cpu, 3->4->2 MB, 4 MB goal, 0 MB stacks, 0 MB globals, 16 P
gc 4985 @13.162s 9%: 0.18+0.75+0.069 ms clock, 2.9+0.54/1.0/0+1.1 ms cpu, 4->5->2 MB, 5 MB goal, 0 MB stacks, 0 MB globals, 16 P
gc 4986 @13.164s 9%: 0.11+0.60+0.21 ms clock, 1.7+0.57/0.99/0.37+3.4 ms cpu, 4->4->2 MB, 5 MB goal, 0 MB stacks, 0 MB globals, 16 P
gc 4987 @13.166s 9%: 0.13+0.62+0.12 ms clock, 2.2+0.79/0.93/0+2.0 ms cpu, 4->4->2 MB, 4 MB goal, 0 MB stacks, 0 MB globals, 16 P
gc 4988 @13.167s 9%: 0.14+0.67+0.087 ms clock, 2.3+0.45/0.88/0.051+1.3 ms cpu, 4->4->2 MB, 4 MB goal, 0 MB stacks, 0 MB globals, 16 P
gc 4989 @13.169s 9%: 0.099+0.68+0.093 ms clock, 1.5+0.54/0.99/0.024+1.4 ms cpu, 4->4->2 MB, 4 MB goal, 0 MB stacks, 0 MB globals, 16 P
gc 4990 @13.171s 9%: 0.11+0.63+0.063 ms clock, 1.8+0.55/0.96/0.006+1.0 ms cpu, 4->4->2 MB, 4 MB goal, 0 MB stacks, 0 MB globals, 16 P
gc 4991 @13.173s 9%: 0.26+0.57+0.13 ms clock, 4.3+0.78/0.86/0+2.2 ms cpu, 4->4->2 MB, 4 MB goal, 0 MB stacks, 0 MB globals, 16 P
gc 4992 @13.175s 9%: 0.13+0.54+0.12 ms clock, 2.1+0.64/0.87/0.050+2.0 ms cpu, 4->4->2 MB, 4 MB goal, 0 MB stacks, 0 MB globals, 16 P
gc 4993 @13.176s 9%: 0.13+0.67+0.19 ms clock, 2.1+0.80/1.0/0+3.1 ms cpu, 3->4->2 MB, 4 MB goal, 0 MB stacks, 0 MB globals, 16 P
gc 4994 @13.178s 9%: 0.12+0.55+0.19 ms clock, 1.9+0.65/0.99/0.035+3.1 ms cpu, 4->5->2 MB, 5 MB goal, 0 MB stacks, 0 MB globals, 16 P
gc 4995 @13.180s 9%: 0.12+0.49+0.19 ms clock, 2.0+0.61/0.99/0.005+3.0 ms cpu, 4->4->2 MB, 4 MB goal, 0 MB stacks, 0 MB globals, 16 P
gc 4996 @13.181s 9%: 0.11+0.46+0.14 ms clock, 1.7+0.64/0.94/0+2.3 ms cpu, 3->4->2 MB, 4 MB goal, 0 MB stacks, 0 MB globals, 16 P
gc 4997 @13.183s 9%: 0.17+0.67+0.10 ms clock, 2.8+0.62/0.98/0+1.7 ms cpu, 3->4->2 MB, 4 MB goal, 0 MB stacks, 0 MB globals, 16 P
gc 4998 @13.185s 9%: 0.13+0.72+0.13 ms clock, 2.1+0.62/0.91/0.007+2.1 ms cpu, 4->5->2 MB, 5 MB goal, 0 MB stacks, 0 MB globals, 16 P
gc 4999 @13.187s 9%: 0.11+0.58+0.13 ms clock, 1.8+0.54/0.91/0.001+2.1 ms cpu, 4->4->2 MB, 4 MB goal, 0 MB stacks, 0 MB globals, 16 P
gc 5000 @13.188s 9%: 0.12+0.78+0.079 ms clock, 2.0+0.64/0.99/0+1.2 ms cpu, 3->4->2 MB, 4 MB goal, 0 MB stacks, 0 MB globals, 16 P
gc 5001 @13.191s 9%: 0.070+0.91+0.080 ms clock, 1.1+0.61/1.0/0.004+1.2 ms cpu, 4->5->2 MB, 5 MB goal, 0 MB stacks, 0 MB globals, 16 P
gc 5002 @13.192s 9%: 0.20+0.55+0.18 ms clock, 3.3+0.60/0.95/0+2.9 ms cpu, 4->5->2 MB, 4 MB goal, 0 MB stacks, 0 MB globals, 16 P
gc 5003 @13.194s 9%: 0.15+0.71+0.12 ms clock, 2.4+0.62/0.94/0+2.0 ms cpu, 4->5->2 MB, 4 MB goal, 0 MB stacks, 0 MB globals, 16 P
gc 5004 @13.196s 9%: 0.14+0.75+0.11 ms clock, 2.3+0.52/1.2/0.017+1.8 ms cpu, 4->5->2 MB, 5 MB goal, 0 MB stacks, 0 MB globals, 16 P
gc 5005 @13.198s 9%: 0.099+0.70+0.096 ms clock, 1.5+0.52/1.0/0.046+1.5 ms cpu, 4->5->2 MB, 5 MB goal, 0 MB stacks, 0 MB globals, 16 P
gc 5006 @13.200s 9%: 0.27+0.61+0.13 ms clock, 4.3+0.81/0.79/0+2.1 ms cpu, 4->4->2 MB, 4 MB goal, 0 MB stacks, 0 MB globals, 16 P
gc 5007 @13.202s 9%: 0.10+0.63+0.067 ms clock, 1.7+0.55/0.92/0.011+1.0 ms cpu, 4->5->2 MB, 4 MB goal, 0 MB stacks, 0 MB globals, 16 P
gc 5008 @13.204s 9%: 0.16+0.78+0.11 ms clock, 2.6+0.64/0.95/0+1.8 ms cpu, 4->5->2 MB, 4 MB goal, 0 MB stacks, 0 MB globals, 16 P
gc 5009 @13.206s 9%: 0.12+0.65+0.20 ms clock, 2.0+0.88/0.82/0+3.2 ms cpu, 4->5->2 MB, 5 MB goal, 0 MB stacks, 0 MB globals, 16 P
gc 5010 @13.208s 9%: 0.087+0.55+0.17 ms clock, 1.3+0.63/0.85/0+2.7 ms cpu, 4->5->2 MB, 4 MB goal, 0 MB stacks, 0 MB globals, 16 P
gc 5011 @13.209s 9%: 0.14+0.59+0.16 ms clock, 2.2+0.83/1.0/0+2.5 ms cpu, 3->4->2 MB, 4 MB goal, 0 MB stacks, 0 MB globals, 16 P
gc 5012 @13.211s 9%: 0.17+0.76+0.090 ms clock, 2.8+0.73/0.89/0.002+1.4 ms cpu, 4->5->2 MB, 4 MB goal, 0 MB stacks, 0 MB globals, 16 P
gc 5013 @13.213s 9%: 0.21+0.65+0.12 ms clock, 3.4+0.56/1.0/0+1.9 ms cpu, 4->5->2 MB, 4 MB goal, 0 MB stacks, 0 MB globals, 16 P
gc 5014 @13.215s 9%: 0.13+0.59+0.086 ms clock, 2.1+0.48/0.92/0.015+1.3 ms cpu, 4->5->2 MB, 5 MB goal, 0 MB stacks, 0 MB globals, 16 P
gc 5015 @13.217s 9%: 0.19+0.78+0.087 ms clock, 3.1+0.74/0.96/0.012+1.4 ms cpu, 3->4->2 MB, 4 MB goal, 0 MB stacks, 0 MB globals, 16 P
gc 5016 @13.219s 9%: 0.13+0.60+0.22 ms clock, 2.0+0.68/0.86/0.050+3.5 ms cpu, 4->5->2 MB, 5 MB goal, 0 MB stacks, 0 MB globals, 16 P
gc 5017 @13.220s 9%: 0.16+0.78+0.11 ms clock, 2.6+0.50/1.1/0.001+1.8 ms cpu, 3->5->2 MB, 4 MB goal, 0 MB stacks, 0 MB globals, 16 P
gc 5018 @13.223s 9%: 0.16+0.76+0.11 ms clock, 2.6+0.64/1.0/0.025+1.8 ms cpu, 4->5->2 MB, 5 MB goal, 0 MB stacks, 0 MB globals, 16 P
gc 5019 @13.225s 9%: 0.12+0.74+0.15 ms clock, 1.9+0.70/1.0/0+2.4 ms cpu, 4->5->2 MB, 5 MB goal, 0 MB stacks, 0 MB globals, 16 P
gc 5020 @13.227s 9%: 0.11+0.58+0.20 ms clock, 1.8+0.64/0.96/0+3.3 ms cpu, 4->5->2 MB, 5 MB goal, 0 MB stacks, 0 MB globals, 16 P
gc 5021 @13.229s 9%: 0.16+0.59+0.094 ms clock, 2.6+0.64/0.81/0.069+1.5 ms cpu, 4->4->2 MB, 4 MB goal, 0 MB stacks, 0 MB globals, 16 P
gc 5022 @13.230s 9%: 0.13+0.65+0.13 ms clock, 2.2+0.46/0.92/0+2.0 ms cpu, 3->4->2 MB, 4 MB goal, 0 MB stacks, 0 MB globals, 16 P
gc 5023 @13.232s 9%: 0.20+0.92+0.057 ms clock, 3.3+0.57/0.92/0+0.91 ms cpu, 4->5->2 MB, 4 MB goal, 0 MB stacks, 0 MB globals, 16 P
gc 5024 @13.234s 9%: 0.11+0.60+0.13 ms clock, 1.8+0.78/0.91/0+2.1 ms cpu, 4->5->2 MB, 5 MB goal, 0 MB stacks, 0 MB globals, 16 P
gc 5025 @13.236s 9%: 0.12+0.79+0.13 ms clock, 2.0+0.70/0.87/0+2.0 ms cpu, 3->4->2 MB, 4 MB goal, 0 MB stacks, 0 MB globals, 16 P
gc 5026 @13.238s 9%: 0.11+0.64+0.10 ms clock, 1.7+0.62/0.93/0+1.6 ms cpu, 4->5->2 MB, 5 MB goal, 0 MB stacks, 0 MB globals, 16 P
gc 5027 @13.240s 9%: 0.12+0.61+0.090 ms clock, 1.9+0.45/0.98/0+1.4 ms cpu, 4->4->2 MB, 4 MB goal, 0 MB stacks, 0 MB globals, 16 P
gc 5028 @13.242s 9%: 0.20+0.58+0.12 ms clock, 3.2+0.58/0.89/0+1.9 ms cpu, 3->4->2 MB, 4 MB goal, 0 MB stacks, 0 MB globals, 16 P
gc 5029 @13.243s 9%: 0.13+0.73+0.079 ms clock, 2.1+0.75/0.86/0.074+1.2 ms cpu, 4->5->2 MB, 4 MB goal, 0 MB stacks, 0 MB globals, 16 P
gc 5030 @13.245s 9%: 0.12+0.93+0.10 ms clock, 2.0+0.57/1.0/0+1.7 ms cpu, 4->5->2 MB, 5 MB goal, 0 MB stacks, 0 MB globals, 16 P
gc 5031 @13.247s 9%: 0.081+0.62+0.13 ms clock, 1.3+0.49/0.95/0+2.1 ms cpu, 4->4->2 MB, 5 MB goal, 0 MB stacks, 0 MB globals, 16 P
gc 5032 @13.249s 9%: 0.15+0.79+0.10 ms clock, 2.4+0.65/0.90/0+1.7 ms cpu, 3->4->2 MB, 4 MB goal, 0 MB stacks, 0 MB globals, 16 P
gc 5033 @13.251s 9%: 0.16+0.56+0.22 ms clock, 2.6+0.57/1.0/0+3.5 ms cpu, 4->5->2 MB, 5 MB goal, 0 MB stacks, 0 MB globals, 16 P
gc 5034 @13.253s 9%: 0.13+0.91+0.11 ms clock, 2.2+0.72/1.1/0+1.8 ms cpu, 4->5->2 MB, 4 MB goal, 0 MB stacks, 0 MB globals, 16 P
gc 5035 @13.255s 9%: 0.15+0.55+0.18 ms clock, 2.5+0.49/0.88/0.20+3.0 ms cpu, 4->5->2 MB, 5 MB goal, 0 MB stacks, 0 MB globals, 16 P
gc 5036 @13.257s 9%: 0.25+0.95+0.082 ms clock, 4.0+0.86/1.0/0+1.3 ms cpu, 3->5->2 MB, 4 MB goal, 0 MB stacks, 0 MB globals, 16 P
gc 5037 @13.259s 9%: 0.19+0.78+0.11 ms clock, 3.1+0.75/1.0/0+1.7 ms cpu, 4->6->2 MB, 5 MB goal, 0 MB stacks, 0 MB globals, 16 P
gc 5038 @13.262s 9%: 0.24+0.51+0.14 ms clock, 3.8+0.90/0.87/0+2.3 ms cpu, 4->5->2 MB, 5 MB goal, 0 MB stacks, 0 MB globals, 16 P
gc 5039 @13.263s 9%: 0.16+0.58+0.19 ms clock, 2.6+0.66/0.87/0+3.1 ms cpu, 4->4->2 MB, 4 MB goal, 0 MB stacks, 0 MB globals, 16 P
gc 5040 @13.265s 9%: 0.16+0.73+0.13 ms clock, 2.6+0.70/0.94/0+2.2 ms cpu, 4->5->2 MB, 4 MB goal, 0 MB stacks, 0 MB globals, 16 P
gc 5041 @13.267s 9%: 0.11+0.80+0.10 ms clock, 1.8+0.70/0.99/0+1.6 ms cpu, 4->5->2 MB, 5 MB goal, 0 MB stacks, 0 MB globals, 16 P
gc 5042 @13.269s 9%: 0.16+0.58+0.18 ms clock, 2.7+0.65/0.98/0.023+3.0 ms cpu, 4->5->2 MB, 5 MB goal, 0 MB stacks, 0 MB globals, 16 P
gc 5043 @13.271s 9%: 0.15+0.51+0.19 ms clock, 2.4+0.52/0.94/0+3.0 ms cpu, 4->4->2 MB, 4 MB goal, 0 MB stacks, 0 MB globals, 16 P
gc 5044 @13.273s 9%: 0.14+0.57+0.17 ms clock, 2.2+0.58/0.95/0.065+2.7 ms cpu, 3->4->2 MB, 4 MB goal, 0 MB stacks, 0 MB globals, 16 P
gc 5045 @13.274s 9%: 0.11+0.59+0.19 ms clock, 1.7+0.64/1.0/0+3.0 ms cpu, 3->4->2 MB, 4 MB goal, 0 MB stacks, 0 MB globals, 16 P
gc 5046 @13.276s 9%: 0.17+0.73+0.20 ms clock, 2.7+0.70/0.93/0+3.3 ms cpu, 4->5->2 MB, 4 MB goal, 0 MB stacks, 0 MB globals, 16 P
gc 5047 @13.278s 9%: 0.12+0.60+0.12 ms clock, 1.9+0.59/1.0/0.037+1.9 ms cpu, 4->5->2 MB, 5 MB goal, 0 MB stacks, 0 MB globals, 16 P
gc 5048 @13.280s 9%: 0.12+0.74+0.084 ms clock, 1.9+0.74/0.93/0.001+1.3 ms cpu, 3->4->2 MB, 4 MB goal, 0 MB stacks, 0 MB globals, 16 P
gc 5049 @13.281s 9%: 0.11+0.67+0.094 ms clock, 1.7+0.66/1.2/0.048+1.5 ms cpu, 4->4->2 MB, 4 MB goal, 0 MB stacks, 0 MB globals, 16 P
gc 5050 @13.283s 9%: 0.14+0.66+0.16 ms clock, 2.3+0.64/1.0/0.041+2.6 ms cpu, 3->4->2 MB, 4 MB goal, 0 MB stacks, 0 MB globals, 16 P
gc 5051 @13.285s 9%: 0.14+0.64+0.14 ms clock, 2.2+0.70/0.94/0+2.3 ms cpu, 4->5->2 MB, 5 MB goal, 0 MB stacks, 0 MB globals, 16 P
gc 5052 @13.287s 9%: 0.13+0.64+0.13 ms clock, 2.1+0.71/0.94/0+2.2 ms cpu, 3->4->2 MB, 4 MB goal, 0 MB stacks, 0 MB globals, 16 P
gc 5053 @13.288s 9%: 0.13+0.71+0.13 ms clock, 2.1+0.66/0.96/0+2.2 ms cpu, 4->4->2 MB, 4 MB goal, 0 MB stacks, 0 MB globals, 16 P
gc 5054 @13.290s 9%: 0.11+0.80+0.022 ms clock, 1.8+0.57/1.0/0+0.35 ms cpu, 4->4->2 MB, 4 MB goal, 0 MB stacks, 0 MB globals, 16 P
gc 5055 @13.292s 9%: 0.10+0.78+0.12 ms clock, 1.7+0.75/1.1/0.008+2.0 ms cpu, 4->5->2 MB, 5 MB goal, 0 MB stacks, 0 MB globals, 16 P
gc 5056 @13.294s 9%: 0.10+0.57+0.20 ms clock, 1.6+0.63/1.0/0+3.3 ms cpu, 4->4->2 MB, 4 MB goal, 0 MB stacks, 0 MB globals, 16 P
gc 5057 @13.296s 9%: 0.32+0.68+0.18 ms clock, 5.2+0.80/1.1/0+2.9 ms cpu, 3->5->2 MB, 4 MB goal, 0 MB stacks, 0 MB globals, 16 P
gc 5058 @13.298s 9%: 0.12+0.57+0.12 ms clock, 1.9+0.64/1.0/0+1.9 ms cpu, 4->5->2 MB, 5 MB goal, 0 MB stacks, 0 MB globals, 16 P
gc 5059 @13.299s 9%: 0.14+0.59+0.14 ms clock, 2.2+0.77/0.88/0+2.2 ms cpu, 3->4->2 MB, 4 MB goal, 0 MB stacks, 0 MB globals, 16 P
gc 5060 @13.301s 9%: 0.18+0.68+0.16 ms clock, 2.8+0.62/1.1/0+2.5 ms cpu, 3->5->2 MB, 4 MB goal, 0 MB stacks, 0 MB globals, 16 P
gc 5061 @13.303s 9%: 0.10+0.73+0.16 ms clock, 1.6+0.63/1.0/0.10+2.7 ms cpu, 4->5->2 MB, 5 MB goal, 0 MB stacks, 0 MB globals, 16 P
gc 5062 @13.305s 9%: 0.14+0.67+0.17 ms clock, 2.2+0.81/0.96/0+2.7 ms cpu, 4->5->2 MB, 5 MB goal, 0 MB stacks, 0 MB globals, 16 P
gc 5063 @13.307s 9%: 0.18+0.62+0.075 ms clock, 2.9+0.55/1.1/0+1.2 ms cpu, 4->4->2 MB, 4 MB goal, 0 MB stacks, 0 MB globals, 16 P
gc 5064 @13.309s 9%: 0.14+0.58+0.096 ms clock, 2.2+0.73/0.90/0+1.5 ms cpu, 4->4->2 MB, 4 MB goal, 0 MB stacks, 0 MB globals, 16 P
gc 5065 @13.310s 9%: 0.14+0.89+0.083 ms clock, 2.3+0.75/1.0/0+1.3 ms cpu, 4->5->2 MB, 4 MB goal, 0 MB stacks, 0 MB globals, 16 P
gc 5066 @13.313s 9%: 0.067+0.62+0.20 ms clock, 1.0+0.55/1.0/0+3.2 ms cpu, 4->5->2 MB, 5 MB goal, 0 MB stacks, 0 MB globals, 16 P
gc 5067 @13.314s 9%: 0.11+0.73+0.089 ms clock, 1.8+0.51/1.0/0.069+1.4 ms cpu, 3->4->2 MB, 4 MB goal, 0 MB stacks, 0 MB globals, 16 P
gc 5068 @13.316s 9%: 0.12+0.60+0.097 ms clock, 1.9+0.63/1.0/0+1.5 ms cpu, 3->4->2 MB, 4 MB goal, 0 MB stacks, 0 MB globals, 16 P
gc 5069 @13.318s 9%: 0.10+0.60+0.098 ms clock, 1.6+0.72/1.0/0+1.5 ms cpu, 3->4->2 MB, 4 MB goal, 0 MB stacks, 0 MB globals, 16 P
gc 5070 @13.320s 9%: 0.10+0.55+0.17 ms clock, 1.7+0.63/0.96/0.003+2.8 ms cpu, 4->4->2 MB, 4 MB goal, 0 MB stacks, 0 MB globals, 16 P
gc 5071 @13.321s 9%: 0.14+0.47+0.19 ms clock, 2.3+0.56/1.0/0.005+3.0 ms cpu, 3->4->1 MB, 4 MB goal, 0 MB stacks, 0 MB globals, 16 P
gc 5072 @13.323s 9%: 0.14+0.52+0.13 ms clock, 2.2+0.51/1.2/0.001+2.1 ms cpu, 3->4->2 MB, 4 MB goal, 0 MB stacks, 0 MB globals, 16 P
gc 5073 @13.324s 9%: 0.12+0.66+0.063 ms clock, 2.0+0.48/0.97/0+1.0 ms cpu, 3->4->2 MB, 4 MB goal, 0 MB stacks, 0 MB globals, 16 P
gc 5074 @13.326s 9%: 0.11+0.81+0.10 ms clock, 1.8+0.65/0.92/0+1.6 ms cpu, 3->4->2 MB, 4 MB goal, 0 MB stacks, 0 MB globals, 16 P
gc 5075 @13.328s 9%: 0.12+0.59+0.15 ms clock, 1.9+0.77/0.81/0.020+2.4 ms cpu, 4->4->2 MB, 4 MB goal, 0 MB stacks, 0 MB globals, 16 P
gc 5076 @13.329s 9%: 0.17+0.68+0.10 ms clock, 2.8+0.85/1.1/0+1.6 ms cpu, 4->4->2 MB, 4 MB goal, 0 MB stacks, 0 MB globals, 16 P
gc 5077 @13.331s 9%: 0.14+0.62+0.085 ms clock, 2.3+0.80/0.88/0+1.3 ms cpu, 4->5->2 MB, 5 MB goal, 0 MB stacks, 0 MB globals, 16 P
gc 5078 @13.333s 9%: 0.14+0.63+0.21 ms clock, 2.2+0.72/1.1/0+3.4 ms cpu, 4->5->2 MB, 4 MB goal, 0 MB stacks, 0 MB globals, 16 P
gc 5079 @13.335s 9%: 0.21+0.53+0.19 ms clock, 3.4+0.66/0.89/0+3.0 ms cpu, 4->5->2 MB, 5 MB goal, 0 MB stacks, 0 MB globals, 16 P
gc 5080 @13.337s 9%: 0.14+0.72+0.099 ms clock, 2.2+0.52/0.99/0+1.5 ms cpu, 4->5->2 MB, 4 MB goal, 0 MB stacks, 0 MB globals, 16 P
gc 5081 @13.339s 9%: 0.17+0.60+0.18 ms clock, 2.8+0.63/0.89/0.010+2.9 ms cpu, 4->5->2 MB, 5 MB goal, 0 MB stacks, 0 MB globals, 16 P
gc 5082 @13.341s 9%: 0.14+0.49+0.17 ms clock, 2.3+0.81/0.82/0+2.7 ms cpu, 4->4->2 MB, 4 MB goal, 0 MB stacks, 0 MB globals, 16 P
gc 5083 @13.342s 9%: 0.13+0.69+0.12 ms clock, 2.1+0.86/0.83/0+1.9 ms cpu, 3->4->2 MB, 4 MB goal, 0 MB stacks, 0 MB globals, 16 P
gc 5084 @13.344s 9%: 0.13+0.81+0.10 ms clock, 2.0+0.72/0.90/0+1.6 ms cpu, 4->5->2 MB, 5 MB goal, 0 MB stacks, 0 MB globals, 16 P
gc 5085 @13.347s 9%: 0.16+0.70+0.10 ms clock, 2.6+0.73/1.0/0.003+1.7 ms cpu, 4->5->2 MB, 5 MB goal, 0 MB stacks, 0 MB globals, 16 P
gc 5086 @13.348s 9%: 0.14+0.69+0.17 ms clock, 2.2+0.58/1.0/0.014+2.7 ms cpu, 4->5->2 MB, 5 MB goal, 0 MB stacks, 0 MB globals, 16 P
gc 5087 @13.350s 9%: 0.16+0.65+0.12 ms clock, 2.6+0.53/0.94/0+1.9 ms cpu, 4->4->2 MB, 4 MB goal, 0 MB stacks, 0 MB globals, 16 P
gc 5088 @13.352s 9%: 0.11+0.83+0.028 ms clock, 1.8+0.54/1.0/0.054+0.45 ms cpu, 4->5->2 MB, 4 MB goal, 0 MB stacks, 0 MB globals, 16 P
gc 5089 @13.354s 9%: 0.10+0.53+0.14 ms clock, 1.6+0.58/0.89/0+2.3 ms cpu, 4->4->2 MB, 5 MB goal, 0 MB stacks, 0 MB globals, 16 P
gc 5090 @13.356s 9%: 0.14+0.71+0.094 ms clock, 2.3+0.59/1.0/0+1.5 ms cpu, 3->4->2 MB, 4 MB goal, 0 MB stacks, 0 MB globals, 16 P
gc 5091 @13.358s 9%: 0.11+0.56+0.15 ms clock, 1.7+0.63/0.92/0+2.4 ms cpu, 4->5->2 MB, 5 MB goal, 0 MB stacks, 0 MB globals, 16 P
gc 5092 @13.359s 9%: 0.10+0.68+0.12 ms clock, 1.7+0.52/0.93/0+1.9 ms cpu, 3->4->2 MB, 4 MB goal, 0 MB stacks, 0 MB globals, 16 P
gc 5093 @13.361s 9%: 0.17+0.57+0.19 ms clock, 2.7+0.70/0.84/0+3.1 ms cpu, 4->4->2 MB, 4 MB goal, 0 MB stacks, 0 MB globals, 16 P
gc 5094 @13.363s 9%: 0.11+0.53+0.16 ms clock, 1.9+0.66/1.0/0+2.6 ms cpu, 4->4->2 MB, 4 MB goal, 0 MB stacks, 0 MB globals, 16 P
gc 5095 @13.364s 9%: 0.16+0.72+0.10 ms clock, 2.6+0.76/0.81/0+1.6 ms cpu, 3->4->2 MB, 4 MB goal, 0 MB stacks, 0 MB globals, 16 P
gc 5096 @13.366s 9%: 0.13+0.66+0.11 ms clock, 2.1+0.56/1.0/0+1.7 ms cpu, 4->5->2 MB, 5 MB goal, 0 MB stacks, 0 MB globals, 16 P
gc 5097 @13.368s 9%: 0.14+0.54+0.097 ms clock, 2.3+0.60/0.93/0+1.5 ms cpu, 4->4->2 MB, 4 MB goal, 0 MB stacks, 0 MB globals, 16 P
gc 5098 @13.370s 9%: 0.11+0.70+0.081 ms clock, 1.9+0.63/0.92/0+1.3 ms cpu, 4->4->2 MB, 4 MB goal, 0 MB stacks, 0 MB globals, 16 P
gc 5099 @13.372s 9%: 0.11+0.67+0.10 ms clock, 1.7+0.54/0.98/0.045+1.6 ms cpu, 4->4->2 MB, 4 MB goal, 0 MB stacks, 0 MB globals, 16 P
gc 5100 @13.373s 9%: 0.12+0.75+0.11 ms clock, 2.0+0.80/1.0/0+1.7 ms cpu, 4->4->2 MB, 4 MB goal, 0 MB stacks, 0 MB globals, 16 P
gc 5101 @13.376s 9%: 0.10+0.49+0.10 ms clock, 1.7+0.68/0.82/0+1.6 ms cpu, 4->4->2 MB, 5 MB goal, 0 MB stacks, 0 MB globals, 16 P
gc 5102 @13.377s 9%: 0.10+0.71+0.17 ms clock, 1.7+0.69/0.86/0.063+2.8 ms cpu, 3->4->2 MB, 4 MB goal, 0 MB stacks, 0 MB globals, 16 P
gc 5103 @13.379s 9%: 0.13+0.80+0.10 ms clock, 2.2+0.60/0.99/0+1.6 ms cpu, 3->4->2 MB, 4 MB goal, 0 MB stacks, 0 MB globals, 16 P
gc 5104 @13.381s 9%: 0.14+0.58+0.18 ms clock, 2.3+0.59/0.93/0+2.9 ms cpu, 4->5->2 MB, 5 MB goal, 0 MB stacks, 0 MB globals, 16 P
gc 5105 @13.383s 9%: 0.14+0.91+0.10 ms clock, 2.3+0.63/1.0/0.014+1.6 ms cpu, 4->5->2 MB, 4 MB goal, 0 MB stacks, 0 MB globals, 16 P
gc 5106 @13.385s 9%: 0.17+0.65+0.16 ms clock, 2.8+0.78/0.85/0+2.6 ms cpu, 4->5->2 MB, 5 MB goal, 0 MB stacks, 0 MB globals, 16 P
gc 5107 @13.387s 9%: 0.19+0.62+0.20 ms clock, 3.0+0.74/0.93/0+3.3 ms cpu, 4->5->2 MB, 4 MB goal, 0 MB stacks, 0 MB globals, 16 P
gc 5108 @13.389s 9%: 0.14+0.71+0.10 ms clock, 2.2+0.68/0.83/0.041+1.6 ms cpu, 4->5->2 MB, 5 MB goal, 0 MB stacks, 0 MB globals, 16 P
gc 5109 @13.391s 9%: 0.12+0.72+0.13 ms clock, 2.0+0.78/0.86/0+2.1 ms cpu, 4->4->2 MB, 4 MB goal, 0 MB stacks, 0 MB globals, 16 P
gc 5110 @13.393s 9%: 0.13+0.66+0.17 ms clock, 2.1+0.79/0.95/0+2.7 ms cpu, 4->5->2 MB, 5 MB goal, 0 MB stacks, 0 MB globals, 16 P
gc 5111 @13.394s 9%: 0.17+0.58+0.12 ms clock, 2.8+0.59/0.97/0+1.9 ms cpu, 4->5->2 MB, 4 MB goal, 0 MB stacks, 0 MB globals, 16 P
gc 5112 @13.396s 9%: 0.13+0.57+0.22 ms clock, 2.1+0.68/0.87/0.056+3.6 ms cpu, 4->4->2 MB, 4 MB goal, 0 MB stacks, 0 MB globals, 16 P
gc 5113 @13.398s 9%: 0.12+0.76+0.088 ms clock, 1.9+0.65/0.98/0.048+1.4 ms cpu, 4->4->2 MB, 4 MB goal, 0 MB stacks, 0 MB globals, 16 P
gc 5114 @13.400s 9%: 0.12+0.63+0.15 ms clock, 2.0+0.69/0.93/0.008+2.5 ms cpu, 4->5->2 MB, 4 MB goal, 0 MB stacks, 0 MB globals, 16 P
gc 5115 @13.402s 9%: 0.15+0.56+0.18 ms clock, 2.4+0.82/0.86/0+2.9 ms cpu, 4->5->2 MB, 5 MB goal, 0 MB stacks, 0 MB globals, 16 P
gc 5116 @13.403s 9%: 0.12+0.52+0.14 ms clock, 1.9+0.62/0.84/0.10+2.3 ms cpu, 4->4->1 MB, 4 MB goal, 0 MB stacks, 0 MB globals, 16 P
gc 5117 @13.405s 9%: 0.13+0.78+0.10 ms clock, 2.1+0.59/1.0/0+1.7 ms cpu, 3->4->2 MB, 4 MB goal, 0 MB stacks, 0 MB globals, 16 P
gc 5118 @13.407s 9%: 0.11+0.64+0.090 ms clock, 1.7+0.55/1.2/0+1.4 ms cpu, 4->5->2 MB, 5 MB goal, 0 MB stacks, 0 MB globals, 16 P
gc 5119 @13.409s 9%: 0.11+0.74+0.10 ms clock, 1.8+0.66/0.95/0.042+1.6 ms cpu, 4->5->2 MB, 4 MB goal, 0 MB stacks, 0 MB globals, 16 P
gc 5120 @13.411s 9%: 0.17+0.71+0.10 ms clock, 2.7+0.59/1.1/0+1.6 ms cpu, 4->5->2 MB, 5 MB goal, 0 MB stacks, 0 MB globals, 16 P
gc 5121 @13.413s 9%: 0.20+0.77+0.11 ms clock, 3.2+0.72/0.99/0.014+1.7 ms cpu, 4->5->2 MB, 5 MB goal, 0 MB stacks, 0 MB globals, 16 P
gc 5122 @13.415s 9%: 0.14+0.56+0.20 ms clock, 2.2+0.85/1.0/0+3.2 ms cpu, 4->5->2 MB, 5 MB goal, 0 MB stacks, 0 MB globals, 16 P
gc 5123 @13.417s 9%: 0.13+0.70+0.13 ms clock, 2.0+0.58/0.92/0.052+2.2 ms cpu, 4->4->2 MB, 4 MB goal, 0 MB stacks, 0 MB globals, 16 P
gc 5124 @13.418s 9%: 0.13+0.65+0.091 ms clock, 2.1+0.54/0.95/0+1.4 ms cpu, 3->4->2 MB, 4 MB goal, 0 MB stacks, 0 MB globals, 16 P
gc 5125 @13.420s 9%: 0.14+0.72+0.11 ms clock, 2.3+0.72/1.0/0+1.8 ms cpu, 4->5->2 MB, 4 MB goal, 0 MB stacks, 0 MB globals, 16 P
gc 5126 @13.422s 9%: 0.17+0.66+0.11 ms clock, 2.8+0.64/0.92/0+1.7 ms cpu, 4->5->2 MB, 5 MB goal, 0 MB stacks, 0 MB globals, 16 P
gc 5127 @13.424s 9%: 0.11+0.78+0.073 ms clock, 1.8+0.61/0.97/0+1.1 ms cpu, 4->5->2 MB, 4 MB goal, 0 MB stacks, 0 MB globals, 16 P
gc 5128 @13.426s 9%: 0.094+0.77+0.075 ms clock, 1.5+0.62/0.99/0+1.2 ms cpu, 4->5->2 MB, 5 MB goal, 0 MB stacks, 0 MB globals, 16 P
gc 5129 @13.428s 9%: 0.11+0.67+0.18 ms clock, 1.8+0.66/0.94/0+2.8 ms cpu, 4->5->2 MB, 5 MB goal, 0 MB stacks, 0 MB globals, 16 P
gc 5130 @13.430s 9%: 0.19+0.64+0.10 ms clock, 3.1+0.66/0.94/0+1.6 ms cpu, 4->5->2 MB, 4 MB goal, 0 MB stacks, 0 MB globals, 16 P
gc 5131 @13.432s 9%: 0.12+0.69+0.14 ms clock, 2.0+0.73/0.86/0+2.3 ms cpu, 4->5->2 MB, 5 MB goal, 0 MB stacks, 0 MB globals, 16 P
gc 5132 @13.434s 9%: 0.090+0.59+0.12 ms clock, 1.4+0.72/0.96/0.018+1.9 ms cpu, 4->4->2 MB, 4 MB goal, 0 MB stacks, 0 MB globals, 16 P
gc 5133 @13.436s 9%: 0.19+0.70+0.14 ms clock, 3.1+0.77/0.87/0+2.3 ms cpu, 4->5->2 MB, 4 MB goal, 0 MB stacks, 0 MB globals, 16 P
gc 5134 @13.438s 9%: 0.11+0.46+0.18 ms clock, 1.7+0.58/0.92/0.058+2.9 ms cpu, 4->4->2 MB, 5 MB goal, 0 MB stacks, 0 MB globals, 16 P
gc 5135 @13.439s 9%: 0.14+0.66+0.19 ms clock, 2.3+0.19/1.0/0+3.0 ms cpu, 3->4->2 MB, 4 MB goal, 0 MB stacks, 0 MB globals, 16 P
gc 5136 @13.441s 9%: 0.18+0.60+0.11 ms clock, 3.0+0.80/0.82/0+1.8 ms cpu, 4->4->2 MB, 4 MB goal, 0 MB stacks, 0 MB globals, 16 P
gc 5137 @13.443s 9%: 0.12+0.58+0.15 ms clock, 1.9+0.51/1.0/0+2.4 ms cpu, 3->4->2 MB, 4 MB goal, 0 MB stacks, 0 MB globals, 16 P
gc 5138 @13.444s 9%: 0.14+0.56+0.083 ms clock, 2.3+0.53/0.93/0+1.3 ms cpu, 4->4->2 MB, 4 MB goal, 0 MB stacks, 0 MB globals, 16 P
gc 5139 @13.446s 9%: 0.15+0.68+0.098 ms clock, 2.5+0.76/1.0/0.019+1.5 ms cpu, 3->4->2 MB, 4 MB goal, 0 MB stacks, 0 MB globals, 16 P
gc 5140 @13.448s 9%: 0.12+0.47+0.14 ms clock, 1.9+0.58/0.82/0.054+2.2 ms cpu, 4->4->2 MB, 5 MB goal, 0 MB stacks, 0 MB globals, 16 P
gc 5141 @13.450s 9%: 0.11+0.97+0.11 ms clock, 1.7+0.76/0.91/0+1.7 ms cpu, 3->4->2 MB, 4 MB goal, 0 MB stacks, 0 MB globals, 16 P
gc 5142 @13.452s 9%: 0.14+0.80+0.10 ms clock, 2.3+0.68/0.84/0+1.6 ms cpu, 4->5->2 MB, 5 MB goal, 0 MB stacks, 0 MB globals, 16 P
gc 5143 @13.454s 9%: 0.10+0.70+0.11 ms clock, 1.7+0.64/1.0/0+1.8 ms cpu, 4->5->2 MB, 5 MB goal, 0 MB stacks, 0 MB globals, 16 P
gc 5144 @13.456s 9%: 0.24+0.67+0.12 ms clock, 3.9+0.69/0.92/0+1.9 ms cpu, 4->5->2 MB, 5 MB goal, 0 MB stacks, 0 MB globals, 16 P
gc 5145 @13.458s 9%: 0.18+0.52+0.16 ms clock, 3.0+0.50/0.97/0+2.6 ms cpu, 4->5->2 MB, 4 MB goal, 0 MB stacks, 0 MB globals, 16 P
gc 5146 @13.459s 9%: 0.087+0.42+0.10 ms clock, 1.4+0.64/0.83/0.011+1.7 ms cpu, 3->4->1 MB, 4 MB goal, 0 MB stacks, 0 MB globals, 16 P
gc 5147 @13.461s 9%: 0.18+0.65+0.13 ms clock, 2.9+0.77/0.94/0+2.1 ms cpu, 3->4->2 MB, 4 MB goal, 0 MB stacks, 0 MB globals, 16 P
gc 5148 @13.463s 9%: 0.12+0.64+0.10 ms clock, 1.9+0.76/1.0/0.054+1.6 ms cpu, 4->5->2 MB, 5 MB goal, 0 MB stacks, 0 MB globals, 16 P
gc 5149 @13.465s 9%: 0.13+0.63+0.072 ms clock, 2.1+0.69/0.95/0+1.1 ms cpu, 4->4->2 MB, 4 MB goal, 0 MB stacks, 0 MB globals, 16 P
gc 5150 @13.466s 9%: 0.16+0.61+0.10 ms clock, 2.6+0.83/0.91/0+1.6 ms cpu, 3->4->2 MB, 4 MB goal, 0 MB stacks, 0 MB globals, 16 P
gc 5151 @13.468s 9%: 0.14+0.49+0.16 ms clock, 2.3+0.64/0.89/0+2.7 ms cpu, 4->4->2 MB, 5 MB goal, 0 MB stacks, 0 MB globals, 16 P
gc 5152 @13.470s 9%: 0.16+0.52+0.17 ms clock, 2.6+0.44/0.80/0.026+2.7 ms cpu, 3->4->2 MB, 4 MB goal, 0 MB stacks, 0 MB globals, 16 P
gc 5153 @13.471s 9%: 0.10+0.80+0.16 ms clock, 1.7+0.75/0.85/0+2.6 ms cpu, 3->4->2 MB, 4 MB goal, 0 MB stacks, 0 MB globals, 16 P
gc 5154 @13.473s 9%: 0.12+0.52+0.12 ms clock, 1.9+0.58/0.97/0+1.9 ms cpu, 4->5->2 MB, 5 MB goal, 0 MB stacks, 0 MB globals, 16 P
gc 5155 @13.475s 9%: 0.12+0.58+0.17 ms clock, 1.9+0.54/0.95/0+2.8 ms cpu, 4->4->2 MB, 4 MB goal, 0 MB stacks, 0 MB globals, 16 P
gc 5156 @13.477s 9%: 0.13+0.66+0.072 ms clock, 2.2+0.56/0.95/0+1.1 ms cpu, 3->4->2 MB, 4 MB goal, 0 MB stacks, 0 MB globals, 16 P
gc 5157 @13.479s 9%: 0.11+0.78+0.076 ms clock, 1.8+0.58/1.0/0+1.2 ms cpu, 4->5->2 MB, 5 MB goal, 0 MB stacks, 0 MB globals, 16 P
gc 5158 @13.481s 9%: 0.17+0.66+0.14 ms clock, 2.8+0.71/0.82/0+2.3 ms cpu, 4->4->2 MB, 5 MB goal, 0 MB stacks, 0 MB globals, 16 P
gc 5159 @13.482s 9%: 0.12+0.66+0.071 ms clock, 2.0+0.68/0.88/0+1.1 ms cpu, 3->4->2 MB, 4 MB goal, 0 MB stacks, 0 MB globals, 16 P
gc 5160 @13.484s 9%: 0.13+0.70+0.16 ms clock, 2.2+0.74/0.92/0.027+2.6 ms cpu, 4->4->2 MB, 4 MB goal, 0 MB stacks, 0 MB globals, 16 P
gc 5161 @13.486s 9%: 0.19+0.71+0.19 ms clock, 3.1+0.59/1.0/0.012+3.0 ms cpu, 4->5->2 MB, 4 MB goal, 0 MB stacks, 0 MB globals, 16 P
gc 5162 @13.488s 9%: 0.14+0.88+0.10 ms clock, 2.3+0.60/0.95/0.002+1.7 ms cpu, 4->5->2 MB, 5 MB goal, 0 MB stacks, 0 MB globals, 16 P
gc 5163 @13.490s 9%: 0.13+0.66+0.11 ms clock, 2.1+0.79/0.90/0+1.7 ms cpu, 4->5->2 MB, 5 MB goal, 0 MB stacks, 0 MB globals, 16 P
gc 5164 @13.492s 9%: 0.11+0.63+0.13 ms clock, 1.8+0.64/0.95/0+2.1 ms cpu, 4->5->2 MB, 4 MB goal, 0 MB stacks, 0 MB globals, 16 P
gc 5165 @13.494s 9%: 0.18+0.64+0.12 ms clock, 2.9+0.62/0.86/0+1.9 ms cpu, 4->4->2 MB, 4 MB goal, 0 MB stacks, 0 MB globals, 16 P
gc 5166 @13.496s 9%: 0.11+0.79+0.10 ms clock, 1.9+0.62/0.91/0+1.6 ms cpu, 4->5->2 MB, 4 MB goal, 0 MB stacks, 0 MB globals, 16 P
gc 5167 @13.498s 9%: 0.10+0.68+0.13 ms clock, 1.7+0.48/0.95/0.002+2.1 ms cpu, 4->5->2 MB, 5 MB goal, 0 MB stacks, 0 MB globals, 16 P
gc 5168 @13.500s 9%: 0.12+0.60+0.096 ms clock, 2.0+0.64/0.85/0+1.5 ms cpu, 4->4->2 MB, 4 MB goal, 0 MB stacks, 0 MB globals, 16 P
gc 5169 @13.502s 9%: 0.20+0.67+0.14 ms clock, 3.3+0.71/0.84/0+2.2 ms cpu, 4->4->2 MB, 4 MB goal, 0 MB stacks, 0 MB globals, 16 P
gc 5170 @13.504s 9%: 0.11+0.70+0.094 ms clock, 1.9+0.62/0.98/0.028+1.5 ms cpu, 4->5->2 MB, 4 MB goal, 0 MB stacks, 0 MB globals, 16 P
gc 5171 @13.505s 9%: 0.13+0.79+0.028 ms clock, 2.0+0.59/1.1/0.003+0.45 ms cpu, 4->5->2 MB, 4 MB goal, 0 MB stacks, 0 MB globals, 16 P
gc 5172 @13.507s 9%: 0.16+0.60+0.19 ms clock, 2.6+0.71/0.85/0+3.0 ms cpu, 4->4->2 MB, 4 MB goal, 0 MB stacks, 0 MB globals, 16 P
gc 5173 @13.509s 9%: 0.17+0.89+0.10 ms clock, 2.8+0.67/1.0/0.009+1.6 ms cpu, 4->5->2 MB, 4 MB goal, 0 MB stacks, 0 MB globals, 16 P
gc 5174 @13.511s 9%: 0.14+0.79+0.097 ms clock, 2.2+0.63/0.97/0.004+1.5 ms cpu, 4->5->2 MB, 5 MB goal, 0 MB stacks, 0 MB globals, 16 P
gc 5175 @13.513s 9%: 0.14+0.63+0.11 ms clock, 2.3+0.67/0.94/0+1.8 ms cpu, 4->5->2 MB, 5 MB goal, 0 MB stacks, 0 MB globals, 16 P
gc 5176 @13.515s 9%: 0.15+0.88+0.089 ms clock, 2.4+0.52/0.90/0+1.4 ms cpu, 4->5->2 MB, 5 MB goal, 0 MB stacks, 0 MB globals, 16 P
gc 5177 @13.518s 9%: 0.10+0.69+0.10 ms clock, 1.6+0.55/1.0/0+1.6 ms cpu, 4->5->2 MB, 5 MB goal, 0 MB stacks, 0 MB globals, 16 P
gc 5178 @13.520s 9%: 0.15+0.55+0.12 ms clock, 2.4+0.60/0.82/0.020+2.0 ms cpu, 4->5->2 MB, 5 MB goal, 0 MB stacks, 0 MB globals, 16 P
gc 5179 @13.521s 9%: 0.10+0.58+0.12 ms clock, 1.6+0.78/1.0/0.040+2.0 ms cpu, 3->4->2 MB, 4 MB goal, 0 MB stacks, 0 MB globals, 16 P
gc 5180 @13.523s 9%: 0.15+0.47+0.094 ms clock, 2.4+0.69/0.89/0+1.5 ms cpu, 4->4->2 MB, 4 MB goal, 0 MB stacks, 0 MB globals, 16 P
gc 5181 @13.525s 9%: 0.13+0.61+0.066 ms clock, 2.0+0.62/0.82/0.008+1.0 ms cpu, 3->4->2 MB, 4 MB goal, 0 MB stacks, 0 MB globals, 16 P
gc 5182 @13.526s 9%: 0.12+0.71+0.12 ms clock, 2.0+0.68/1.0/0+2.0 ms cpu, 3->4->2 MB, 4 MB goal, 0 MB stacks, 0 MB globals, 16 P
gc 5183 @13.528s 9%: 0.13+0.52+0.16 ms clock, 2.2+0.79/0.89/0+2.6 ms cpu, 4->5->2 MB, 5 MB goal, 0 MB stacks, 0 MB globals, 16 P
gc 5184 @13.530s 9%: 0.15+0.45+0.098 ms clock, 2.4+0.49/0.98/0+1.5 ms cpu, 4->4->2 MB, 4 MB goal, 0 MB stacks, 0 MB globals, 16 P
gc 5185 @13.531s 9%: 0.16+0.62+0.11 ms clock, 2.5+0.67/0.95/0+1.7 ms cpu, 3->4->2 MB, 4 MB goal, 0 MB stacks, 0 MB globals, 16 P
gc 5186 @13.533s 9%: 0.12+0.62+0.12 ms clock, 2.0+0.71/0.90/0+1.9 ms cpu, 4->4->2 MB, 4 MB goal, 0 MB stacks, 0 MB globals, 16 P
gc 5187 @13.535s 9%: 0.10+0.69+0.056 ms clock, 1.7+0.63/1.0/0.005+0.90 ms cpu, 4->4->2 MB, 4 MB goal, 0 MB stacks, 0 MB globals, 16 P
gc 5188 @13.537s 9%: 0.15+0.60+0.16 ms clock, 2.5+0.68/0.91/0+2.6 ms cpu, 4->4->2 MB, 4 MB goal, 0 MB stacks, 0 MB globals, 16 P
gc 5189 @13.539s 9%: 0.22+0.64+0.16 ms clock, 3.6+0.65/0.90/0+2.6 ms cpu, 4->5->2 MB, 4 MB goal, 0 MB stacks, 0 MB globals, 16 P
gc 5190 @13.541s 9%: 0.087+0.74+0.10 ms clock, 1.4+0.55/0.90/0.003+1.6 ms cpu, 4->5->2 MB, 5 MB goal, 0 MB stacks, 0 MB globals, 16 P
gc 5191 @13.542s 9%: 0.10+0.71+0.18 ms clock, 1.6+0.86/0.86/0+2.8 ms cpu, 4->5->2 MB, 5 MB goal, 0 MB stacks, 0 MB globals, 16 P
gc 5192 @13.544s 9%: 0.18+0.86+0.15 ms clock, 2.8+0.95/0.75/0+2.5 ms cpu, 4->5->2 MB, 4 MB goal, 0 MB stacks, 0 MB globals, 16 P
gc 5193 @13.547s 9%: 0.13+0.53+0.16 ms clock, 2.1+0.68/1.0/0+2.6 ms cpu, 4->5->2 MB, 5 MB goal, 0 MB stacks, 0 MB globals, 16 P
gc 5194 @13.548s 9%: 0.13+0.58+0.11 ms clock, 2.1+0.65/1.0/0+1.8 ms cpu, 3->4->2 MB, 4 MB goal, 0 MB stacks, 0 MB globals, 16 P
gc 5195 @13.550s 9%: 0.10+0.74+0.12 ms clock, 1.7+0.64/0.83/0+1.9 ms cpu, 4->5->2 MB, 4 MB goal, 0 MB stacks, 0 MB globals, 16 P
gc 5196 @13.552s 9%: 0.12+0.66+0.15 ms clock, 1.9+0.78/0.73/0.065+2.5 ms cpu, 4->5->2 MB, 5 MB goal, 0 MB stacks, 0 MB globals, 16 P
gc 5197 @13.554s 9%: 0.14+0.54+0.11 ms clock, 2.3+0.58/0.90/0.013+1.8 ms cpu, 4->4->2 MB, 4 MB goal, 0 MB stacks, 0 MB globals, 16 P
gc 5198 @13.556s 9%: 0.10+0.60+0.17 ms clock, 1.6+0.65/1.0/0+2.8 ms cpu, 3->4->2 MB, 4 MB goal, 0 MB stacks, 0 MB globals, 16 P
gc 5199 @13.558s 9%: 0.11+0.79+0.083 ms clock, 1.7+0.64/0.82/0+1.3 ms cpu, 3->4->2 MB, 4 MB goal, 0 MB stacks, 0 MB globals, 16 P
gc 5200 @13.560s 9%: 0.14+0.62+0.11 ms clock, 2.2+0.74/0.99/0+1.9 ms cpu, 4->5->2 MB, 4 MB goal, 0 MB stacks, 0 MB globals, 16 P
gc 5201 @13.561s 9%: 0.20+0.70+0.087 ms clock, 3.2+0.66/0.91/0+1.3 ms cpu, 4->5->2 MB, 4 MB goal, 0 MB stacks, 0 MB globals, 16 P
gc 5202 @13.563s 9%: 0.11+0.76+0.11 ms clock, 1.8+0.74/0.85/0.047+1.8 ms cpu, 4->5->2 MB, 5 MB goal, 0 MB stacks, 0 MB globals, 16 P
gc 5203 @13.566s 9%: 0.12+0.59+0.10 ms clock, 1.9+0.73/1.0/0.002+1.7 ms cpu, 4->5->2 MB, 5 MB goal, 0 MB stacks, 0 MB globals, 16 P
gc 5204 @13.567s 9%: 0.18+0.58+0.16 ms clock, 2.9+0.53/0.90/0.018+2.6 ms cpu, 4->4->2 MB, 4 MB goal, 0 MB stacks, 0 MB globals, 16 P
gc 5205 @13.569s 9%: 0.10+0.71+0.16 ms clock, 1.7+0.65/1.0/0.001+2.6 ms cpu, 3->4->2 MB, 4 MB goal, 0 MB stacks, 0 MB globals, 16 P
gc 5206 @13.571s 9%: 0.11+0.70+0.072 ms clock, 1.7+0.65/1.0/0.044+1.1 ms cpu, 4->5->2 MB, 5 MB goal, 0 MB stacks, 0 MB globals, 16 P
gc 5207 @13.573s 9%: 0.12+0.65+0.18 ms clock, 2.0+0.80/0.90/0+3.0 ms cpu, 4->5->2 MB, 4 MB goal, 0 MB stacks, 0 MB globals, 16 P
gc 5208 @13.575s 9%: 0.16+0.63+0.19 ms clock, 2.6+0.62/0.98/0+3.1 ms cpu, 4->5->2 MB, 5 MB goal, 0 MB stacks, 0 MB globals, 16 P
gc 5209 @13.577s 9%: 0.12+0.72+0.071 ms clock, 2.0+0.63/0.90/0+1.1 ms cpu, 4->5->2 MB, 5 MB goal, 0 MB stacks, 0 MB globals, 16 P
gc 5210 @13.578s 9%: 0.12+0.81+0.062 ms clock, 1.9+0.70/1.0/0.052+1.0 ms cpu, 4->5->2 MB, 4 MB goal, 0 MB stacks, 0 MB globals, 16 P
gc 5211 @13.581s 9%: 0.084+0.74+0.036 ms clock, 1.3+0.59/0.87/0.020+0.58 ms cpu, 4->5->2 MB, 5 MB goal, 0 MB stacks, 0 MB globals, 16 P
gc 5212 @13.582s 9%: 0.13+0.71+0.088 ms clock, 2.1+0.59/0.88/0+1.4 ms cpu, 3->4->2 MB, 4 MB goal, 0 MB stacks, 0 MB globals, 16 P
gc 5213 @13.584s 9%: 0.083+0.68+0.10 ms clock, 1.3+0.47/0.96/0+1.6 ms cpu, 4->4->2 MB, 4 MB goal, 0 MB stacks, 0 MB globals, 16 P
gc 5214 @13.586s 9%: 0.20+0.57+0.061 ms clock, 3.3+0.69/0.89/0.017+0.99 ms cpu, 4->4->2 MB, 4 MB goal, 0 MB stacks, 0 MB globals, 16 P
gc 5215 @13.587s 9%: 0.13+0.63+0.21 ms clock, 2.2+0.73/1.0/0+3.4 ms cpu, 3->4->2 MB, 4 MB goal, 0 MB stacks, 0 MB globals, 16 P
gc 5216 @13.589s 9%: 0.20+0.53+0.21 ms clock, 3.2+0.69/0.95/0+3.4 ms cpu, 4->5->2 MB, 5 MB goal, 0 MB stacks, 0 MB globals, 16 P
gc 5217 @13.591s 9%: 0.27+0.57+0.13 ms clock, 4.4+0.64/0.83/0+2.1 ms cpu, 4->4->2 MB, 4 MB goal, 0 MB stacks, 0 MB globals, 16 P
gc 5218 @13.593s 9%: 0.13+0.58+0.16 ms clock, 2.0+0.53/0.93/0.023+2.6 ms cpu, 3->4->2 MB, 4 MB goal, 0 MB stacks, 0 MB globals, 16 P
gc 5219 @13.595s 9%: 0.11+0.61+0.089 ms clock, 1.9+0.61/1.0/0+1.4 ms cpu, 4->4->2 MB, 4 MB goal, 0 MB stacks, 0 MB globals, 16 P
gc 5220 @13.596s 9%: 0.11+0.56+0.084 ms clock, 1.8+0.66/0.96/0+1.3 ms cpu, 3->4->2 MB, 4 MB goal, 0 MB stacks, 0 MB globals, 16 P
gc 5221 @13.598s 9%: 0.24+0.83+0.095 ms clock, 3.9+0.79/0.88/0.008+1.5 ms cpu, 3->5->2 MB, 4 MB goal, 0 MB stacks, 0 MB globals, 16 P
gc 5222 @13.600s 9%: 0.14+0.61+0.14 ms clock, 2.2+0.63/0.92/0+2.3 ms cpu, 4->5->2 MB, 5 MB goal, 0 MB stacks, 0 MB globals, 16 P
gc 5223 @13.602s 9%: 0.12+0.56+0.15 ms clock, 1.9+0.54/0.89/0+2.5 ms cpu, 4->5->2 MB, 5 MB goal, 0 MB stacks, 0 MB globals, 16 P
gc 5224 @13.604s 9%: 0.14+0.70+0.089 ms clock, 2.3+0.73/0.94/0+1.4 ms cpu, 3->4->2 MB, 4 MB goal, 0 MB stacks, 0 MB globals, 16 P
gc 5225 @13.606s 9%: 0.12+0.57+0.10 ms clock, 2.0+0.73/0.95/0+1.7 ms cpu, 4->5->2 MB, 5 MB goal, 0 MB stacks, 0 MB globals, 16 P
gc 5226 @13.608s 9%: 0.14+0.71+0.17 ms clock, 2.3+0.65/0.84/0+2.8 ms cpu, 4->4->2 MB, 4 MB goal, 0 MB stacks, 0 MB globals, 16 P
gc 5227 @13.609s 9%: 0.16+0.67+0.18 ms clock, 2.6+0.74/1.0/0.003+3.0 ms cpu, 4->5->2 MB, 4 MB goal, 0 MB stacks, 0 MB globals, 16 P
gc 5228 @13.612s 9%: 0.11+0.60+0.10 ms clock, 1.8+0.59/1.0/0.010+1.7 ms cpu, 4->5->2 MB, 5 MB goal, 0 MB stacks, 0 MB globals, 16 P
gc 5229 @13.613s 9%: 0.10+0.66+0.090 ms clock, 1.6+0.52/1.0/0+1.4 ms cpu, 3->4->2 MB, 4 MB goal, 0 MB stacks, 0 MB globals, 16 P
gc 5230 @13.615s 9%: 0.16+0.77+0.046 ms clock, 2.6+0.73/1.0/0+0.75 ms cpu, 3->4->2 MB, 4 MB goal, 0 MB stacks, 0 MB globals, 16 P
gc 5231 @13.617s 9%: 0.15+0.67+0.090 ms clock, 2.5+0.70/0.87/0+1.4 ms cpu, 4->5->2 MB, 4 MB goal, 0 MB stacks, 0 MB globals, 16 P
gc 5232 @13.619s 9%: 0.10+0.67+0.080 ms clock, 1.7+0.58/0.88/0+1.2 ms cpu, 4->4->2 MB, 4 MB goal, 0 MB stacks, 0 MB globals, 16 P
gc 5233 @13.620s 9%: 0.20+0.76+0.18 ms clock, 3.2+0.86/0.80/0+3.0 ms cpu, 3->4->2 MB, 4 MB goal, 0 MB stacks, 0 MB globals, 16 P
gc 5234 @13.622s 9%: 0.12+0.73+0.13 ms clock, 2.0+0.72/0.86/0+2.2 ms cpu, 4->5->2 MB, 5 MB goal, 0 MB stacks, 0 MB globals, 16 P
gc 5235 @13.624s 9%: 0.11+0.60+0.15 ms clock, 1.7+0.45/0.94/0+2.4 ms cpu, 4->4->2 MB, 5 MB goal, 0 MB stacks, 0 MB globals, 16 P
gc 5236 @13.626s 9%: 0.12+0.61+0.13 ms clock, 2.0+0.73/0.98/0.013+2.1 ms cpu, 3->4->2 MB, 4 MB goal, 0 MB stacks, 0 MB globals, 16 P
gc 5237 @13.628s 9%: 0.13+0.78+0.094 ms clock, 2.2+0.60/1.1/0+1.5 ms cpu, 4->5->2 MB, 4 MB goal, 0 MB stacks, 0 MB globals, 16 P
gc 5238 @13.630s 9%: 0.15+0.60+0.12 ms clock, 2.5+0.65/1.0/0+1.9 ms cpu, 4->5->2 MB, 5 MB goal, 0 MB stacks, 0 MB globals, 16 P
gc 5239 @13.632s 9%: 0.25+0.61+0.20 ms clock, 4.1+0.75/0.77/0.080+3.2 ms cpu, 4->4->2 MB, 4 MB goal, 0 MB stacks, 0 MB globals, 16 P
gc 5240 @13.634s 9%: 0.11+0.61+0.096 ms clock, 1.8+0.42/0.99/0+1.5 ms cpu, 4->5->2 MB, 5 MB goal, 0 MB stacks, 0 MB globals, 16 P
gc 5241 @13.635s 9%: 0.11+0.74+0.10 ms clock, 1.8+0.63/0.98/0+1.6 ms cpu, 4->4->2 MB, 4 MB goal, 0 MB stacks, 0 MB globals, 16 P
gc 5242 @13.637s 9%: 0.15+0.56+0.13 ms clock, 2.4+0.40/1.0/0+2.1 ms cpu, 4->4->2 MB, 5 MB goal, 0 MB stacks, 0 MB globals, 16 P
gc 5243 @13.639s 9%: 0.13+0.50+0.089 ms clock, 2.1+0.62/0.88/0.014+1.4 ms cpu, 3->4->2 MB, 4 MB goal, 0 MB stacks, 0 MB globals, 16 P
gc 5244 @13.641s 9%: 0.10+0.58+0.13 ms clock, 1.6+0.64/0.90/0+2.1 ms cpu, 3->4->2 MB, 4 MB goal, 0 MB stacks, 0 MB globals, 16 P
gc 5245 @13.642s 9%: 0.10+0.86+0.12 ms clock, 1.6+0.67/1.0/0.003+1.9 ms cpu, 3->5->2 MB, 4 MB goal, 0 MB stacks, 0 MB globals, 16 P
gc 5246 @13.644s 9%: 0.12+0.72+0.080 ms clock, 1.9+0.73/1.0/0.017+1.2 ms cpu, 4->5->2 MB, 5 MB goal, 0 MB stacks, 0 MB globals, 16 P
gc 5247 @13.646s 9%: 0.15+0.50+0.15 ms clock, 2.4+0.69/0.96/0+2.5 ms cpu, 4->4->2 MB, 5 MB goal, 0 MB stacks, 0 MB globals, 16 P
gc 5248 @13.648s 9%: 0.10+0.65+0.087 ms clock, 1.6+0.64/0.95/0+1.4 ms cpu, 3->4->2 MB, 4 MB goal, 0 MB stacks, 0 MB globals, 16 P
gc 5249 @13.650s 9%: 0.11+0.77+0.088 ms clock, 1.8+0.65/1.0/0.006+1.4 ms cpu, 3->4->2 MB, 4 MB goal, 0 MB stacks, 0 MB globals, 16 P
gc 5250 @13.651s 9%: 0.12+0.72+0.16 ms clock, 1.9+0.61/0.96/0+2.6 ms cpu, 4->5->2 MB, 4 MB goal, 0 MB stacks, 0 MB globals, 16 P
gc 5251 @13.653s 9%: 0.14+0.49+0.18 ms clock, 2.3+0.69/0.90/0+2.8 ms cpu, 4->5->2 MB, 5 MB goal, 0 MB stacks, 0 MB globals, 16 P
gc 5252 @13.655s 9%: 0.25+0.74+0.12 ms clock, 4.0+0.86/0.81/0+1.9 ms cpu, 3->4->2 MB, 4 MB goal, 0 MB stacks, 0 MB globals, 16 P
gc 5253 @13.657s 9%: 0.097+0.65+0.21 ms clock, 1.5+0.58/0.90/0.081+3.4 ms cpu, 4->5->2 MB, 5 MB goal, 0 MB stacks, 0 MB globals, 16 P
gc 5254 @13.659s 9%: 0.10+0.63+0.13 ms clock, 1.7+0.79/1.0/0+2.1 ms cpu, 4->4->2 MB, 4 MB goal, 0 MB stacks, 0 MB globals, 16 P
gc 5255 @13.661s 9%: 0.14+0.54+0.14 ms clock, 2.3+0.69/0.92/0+2.3 ms cpu, 4->4->2 MB, 4 MB goal, 0 MB stacks, 0 MB globals, 16 P
gc 5256 @13.662s 9%: 0.15+0.75+0.057 ms clock, 2.4+0.59/0.91/0.034+0.91 ms cpu, 4->4->2 MB, 4 MB goal, 0 MB stacks, 0 MB globals, 16 P
gc 5257 @13.664s 9%: 0.13+0.74+0.15 ms clock, 2.2+0.67/0.94/0+2.5 ms cpu, 4->5->2 MB, 4 MB goal, 0 MB stacks, 0 MB globals, 16 P
gc 5258 @13.666s 9%: 0.14+0.63+0.12 ms clock, 2.2+0.67/1.0/0+2.0 ms cpu, 4->5->2 MB, 4 MB goal, 0 MB stacks, 0 MB globals, 16 P
gc 5259 @13.668s 9%: 0.13+0.58+0.17 ms clock, 2.1+0.47/0.93/0+2.7 ms cpu, 4->5->2 MB, 5 MB goal, 0 MB stacks, 0 MB globals, 16 P
gc 5260 @13.670s 9%: 0.15+0.65+0.12 ms clock, 2.5+0.69/0.95/0.010+2.0 ms cpu, 3->4->2 MB, 4 MB goal, 0 MB stacks, 0 MB globals, 16 P
gc 5261 @13.671s 9%: 0.11+0.53+0.098 ms clock, 1.7+0.69/1.0/0+1.5 ms cpu, 4->4->2 MB, 4 MB goal, 0 MB stacks, 0 MB globals, 16 P
gc 5262 @13.673s 9%: 0.14+0.61+0.086 ms clock, 2.2+0.80/0.87/0+1.3 ms cpu, 3->4->2 MB, 4 MB goal, 0 MB stacks, 0 MB globals, 16 P
gc 5263 @13.675s 9%: 0.11+0.66+0.17 ms clock, 1.8+0.67/1.2/0+2.7 ms cpu, 4->4->2 MB, 4 MB goal, 0 MB stacks, 0 MB globals, 16 P
gc 5264 @13.677s 9%: 0.12+0.66+0.097 ms clock, 2.0+0.64/1.1/0+1.5 ms cpu, 4->5->2 MB, 4 MB goal, 0 MB stacks, 0 MB globals, 16 P
gc 5265 @13.678s 9%: 0.11+0.82+0.073 ms clock, 1.8+0.42/1.2/0.017+1.1 ms cpu, 4->5->2 MB, 4 MB goal, 0 MB stacks, 0 MB globals, 16 P
gc 5266 @13.681s 9%: 0.12+1.0+0.095 ms clock, 2.0+0.65/1.1/0+1.5 ms cpu, 4->5->2 MB, 5 MB goal, 0 MB stacks, 0 MB globals, 16 P
gc 5267 @13.683s 9%: 0.13+0.64+0.072 ms clock, 2.2+0.56/1.0/0.001+1.1 ms cpu, 4->5->2 MB, 5 MB goal, 0 MB stacks, 0 MB globals, 16 P
gc 5268 @13.684s 9%: 0.12+0.54+0.12 ms clock, 1.9+0.74/0.90/0+1.9 ms cpu, 3->4->2 MB, 4 MB goal, 0 MB stacks, 0 MB globals, 16 P
gc 5269 @13.686s 9%: 0.14+0.53+0.11 ms clock, 2.3+0.63/1.0/0.019+1.7 ms cpu, 4->4->2 MB, 4 MB goal, 0 MB stacks, 0 MB globals, 16 P
gc 5270 @13.688s 9%: 0.13+0.73+0.10 ms clock, 2.2+0.79/0.85/0+1.7 ms cpu, 4->4->2 MB, 4 MB goal, 0 MB stacks, 0 MB globals, 16 P
gc 5271 @13.690s 9%: 0.18+0.71+0.16 ms clock, 2.9+0.50/0.92/0+2.6 ms cpu, 4->5->2 MB, 4 MB goal, 0 MB stacks, 0 MB globals, 16 P
gc 5272 @13.692s 9%: 0.12+0.73+0.095 ms clock, 1.9+0.67/0.93/0.022+1.5 ms cpu, 4->5->2 MB, 5 MB goal, 0 MB stacks, 0 MB globals, 16 P
gc 5273 @13.694s 9%: 0.16+0.88+0.10 ms clock, 2.6+0.73/0.81/0+1.6 ms cpu, 4->5->2 MB, 5 MB goal, 0 MB stacks, 0 MB globals, 16 P
gc 5274 @13.696s 9%: 0.095+0.81+0.12 ms clock, 1.5+0.66/0.82/0+1.9 ms cpu, 4->5->2 MB, 5 MB goal, 0 MB stacks, 0 MB globals, 16 P
gc 5275 @13.698s 9%: 0.18+0.73+0.15 ms clock, 2.9+0.63/1.0/0+2.5 ms cpu, 4->5->2 MB, 5 MB goal, 0 MB stacks, 0 MB globals, 16 P
gc 5276 @13.700s 9%: 0.19+0.57+0.14 ms clock, 3.1+0.69/0.95/0.010+2.2 ms cpu, 4->5->2 MB, 5 MB goal, 0 MB stacks, 0 MB globals, 16 P
gc 5277 @13.702s 9%: 0.11+0.72+0.098 ms clock, 1.7+0.60/0.98/0.001+1.5 ms cpu, 4->5->2 MB, 4 MB goal, 0 MB stacks, 0 MB globals, 16 P
gc 5278 @13.704s 9%: 0.11+0.78+0.10 ms clock, 1.8+0.58/1.1/0.063+1.6 ms cpu, 4->5->2 MB, 5 MB goal, 0 MB stacks, 0 MB globals, 16 P
gc 5279 @13.706s 9%: 0.12+0.60+0.18 ms clock, 1.9+0.61/0.95/0.14+2.9 ms cpu, 4->4->2 MB, 5 MB goal, 0 MB stacks, 0 MB globals, 16 P
gc 5280 @13.708s 9%: 0.18+0.65+0.073 ms clock, 2.9+0.62/0.97/0+1.1 ms cpu, 3->4->2 MB, 4 MB goal, 0 MB stacks, 0 MB globals, 16 P
gc 5281 @13.710s 9%: 0.12+0.49+0.20 ms clock, 2.0+0.71/0.93/0+3.2 ms cpu, 4->5->2 MB, 5 MB goal, 0 MB stacks, 0 MB globals, 16 P
gc 5282 @13.711s 9%: 0.18+0.58+0.10 ms clock, 2.9+0.58/0.83/0+1.7 ms cpu, 3->4->2 MB, 4 MB goal, 0 MB stacks, 0 MB globals, 16 P
gc 5283 @13.713s 9%: 0.15+0.73+0.14 ms clock, 2.4+0.62/0.91/0+2.3 ms cpu, 4->5->2 MB, 4 MB goal, 0 MB stacks, 0 MB globals, 16 P
gc 5284 @13.715s 9%: 0.093+0.55+0.092 ms clock, 1.4+0.65/0.96/0+1.4 ms cpu, 4->5->2 MB, 5 MB goal, 0 MB stacks, 0 MB globals, 16 P
gc 5285 @13.717s 9%: 0.14+0.63+0.12 ms clock, 2.3+0.59/1.0/0.005+2.0 ms cpu, 3->4->2 MB, 4 MB goal, 0 MB stacks, 0 MB globals, 16 P
gc 5286 @13.718s 9%: 0.13+0.74+0.18 ms clock, 2.1+0.67/0.86/0+3.0 ms cpu, 4->4->2 MB, 4 MB goal, 0 MB stacks, 0 MB globals, 16 P
gc 5287 @13.720s 9%: 0.14+0.60+0.092 ms clock, 2.3+0.62/0.88/0+1.4 ms cpu, 4->4->2 MB, 4 MB goal, 0 MB stacks, 0 MB globals, 16 P
gc 5288 @13.722s 9%: 0.11+0.99+0.11 ms clock, 1.9+0.72/0.81/0+1.8 ms cpu, 3->5->2 MB, 4 MB goal, 0 MB stacks, 0 MB globals, 16 P
gc 5289 @13.724s 9%: 0.11+0.58+0.14 ms clock, 1.8+0.68/0.93/0.003+2.3 ms cpu, 4->5->2 MB, 5 MB goal, 0 MB stacks, 0 MB globals, 16 P
gc 5290 @13.726s 9%: 0.12+0.88+0.011 ms clock, 2.0+0.58/0.89/0+0.18 ms cpu, 4->4->2 MB, 4 MB goal, 0 MB stacks, 0 MB globals, 16 P
gc 5291 @13.728s 9%: 0.14+0.63+0.092 ms clock, 2.3+0.59/1.1/0+1.4 ms cpu, 4->5->2 MB, 4 MB goal, 0 MB stacks, 0 MB globals, 16 P
gc 5292 @13.730s 9%: 0.18+0.70+0.086 ms clock, 2.9+0.41/0.75/0.14+1.3 ms cpu, 4->5->2 MB, 4 MB goal, 0 MB stacks, 0 MB globals, 16 P
gc 5293 @13.732s 9%: 0.12+0.67+0.13 ms clock, 1.9+0.86/0.83/0+2.1 ms cpu, 4->5->2 MB, 4 MB goal, 0 MB stacks, 0 MB globals, 16 P
gc 5294 @13.734s 9%: 0.16+0.89+0.094 ms clock, 2.5+0.43/1.1/0.007+1.5 ms cpu, 4->5->2 MB, 4 MB goal, 0 MB stacks, 0 MB globals, 16 P
gc 5295 @13.736s 9%: 0.12+0.55+0.087 ms clock, 1.9+0.53/1.0/0.022+1.3 ms cpu, 4->4->2 MB, 5 MB goal, 0 MB stacks, 0 MB globals, 16 P
gc 5296 @13.737s 9%: 0.19+0.79+0.18 ms clock, 3.1+0.75/0.97/0+2.9 ms cpu, 3->4->2 MB, 4 MB goal, 0 MB stacks, 0 MB globals, 16 P
gc 5297 @13.739s 9%: 0.10+0.68+0.10 ms clock, 1.6+0.65/0.87/0+1.6 ms cpu, 4->5->2 MB, 5 MB goal, 0 MB stacks, 0 MB globals, 16 P
gc 5298 @13.741s 9%: 0.11+0.77+0.14 ms clock, 1.8+0.78/0.96/0+2.3 ms cpu, 4->4->2 MB, 4 MB goal, 0 MB stacks, 0 MB globals, 16 P
gc 5299 @13.743s 9%: 0.17+0.50+0.095 ms clock, 2.7+0.69/0.97/0+1.5 ms cpu, 4->5->2 MB, 5 MB goal, 0 MB stacks, 0 MB globals, 16 P
gc 5300 @13.745s 9%: 0.10+0.50+0.10 ms clock, 1.6+0.56/0.94/0.012+1.7 ms cpu, 3->4->2 MB, 4 MB goal, 0 MB stacks, 0 MB globals, 16 P
gc 5301 @13.746s 9%: 0.087+0.47+0.11 ms clock, 1.3+0.59/0.86/0+1.7 ms cpu, 3->4->1 MB, 4 MB goal, 0 MB stacks, 0 MB globals, 16 P
gc 5302 @13.748s 9%: 0.11+0.58+0.12 ms clock, 1.8+0.63/0.90/0+1.9 ms cpu, 3->4->2 MB, 4 MB goal, 0 MB stacks, 0 MB globals, 16 P
gc 5303 @13.749s 9%: 0.11+0.79+0.10 ms clock, 1.9+0.58/0.97/0.004+1.7 ms cpu, 3->4->2 MB, 4 MB goal, 0 MB stacks, 0 MB globals, 16 P
gc 5304 @13.751s 9%: 0.12+0.77+0.11 ms clock, 2.0+0.72/1.0/0.002+1.8 ms cpu, 4->5->2 MB, 4 MB goal, 0 MB stacks, 0 MB globals, 16 P
gc 5305 @13.753s 9%: 0.11+0.70+0.17 ms clock, 1.8+0.66/1.0/0+2.8 ms cpu, 4->5->2 MB, 5 MB goal, 0 MB stacks, 0 MB globals, 16 P
gc 5306 @13.755s 9%: 0.090+0.74+0.10 ms clock, 1.4+0.66/1.0/0.072+1.6 ms cpu, 4->5->2 MB, 4 MB goal, 0 MB stacks, 0 MB globals, 16 P
gc 5307 @13.757s 9%: 0.12+0.55+0.21 ms clock, 2.0+0.46/0.93/0+3.4 ms cpu, 4->5->2 MB, 5 MB goal, 0 MB stacks, 0 MB globals, 16 P
gc 5308 @13.759s 9%: 0.21+0.42+0.10 ms clock, 3.3+0.47/0.90/0+1.7 ms cpu, 3->4->2 MB, 4 MB goal, 0 MB stacks, 0 MB globals, 16 P
gc 5309 @13.760s 9%: 0.11+0.59+0.11 ms clock, 1.9+0.49/0.99/0.014+1.8 ms cpu, 3->4->2 MB, 4 MB goal, 0 MB stacks, 0 MB globals, 16 P
gc 5310 @13.762s 9%: 0.14+0.63+0.12 ms clock, 2.3+0.70/0.91/0+2.0 ms cpu, 4->4->2 MB, 4 MB goal, 0 MB stacks, 0 MB globals, 16 P
gc 5311 @13.764s 9%: 0.092+0.62+0.10 ms clock, 1.4+0.52/0.91/0.051+1.6 ms cpu, 4->4->2 MB, 4 MB goal, 0 MB stacks, 0 MB globals, 16 P
gc 5312 @13.765s 9%: 0.19+0.49+0.10 ms clock, 3.0+0.46/0.93/0+1.6 ms cpu, 3->4->1 MB, 4 MB goal, 0 MB stacks, 0 MB globals, 16 P
gc 5313 @13.767s 9%: 0.13+0.68+0.091 ms clock, 2.0+0.76/1.1/0.005+1.4 ms cpu, 3->4->2 MB, 4 MB goal, 0 MB stacks, 0 MB globals, 16 P
gc 5314 @13.769s 9%: 0.21+0.62+0.11 ms clock, 3.3+0.83/0.74/0+1.8 ms cpu, 4->5->2 MB, 5 MB goal, 0 MB stacks, 0 MB globals, 16 P
gc 5315 @13.771s 9%: 0.12+0.62+0.13 ms clock, 2.0+0.62/0.84/0+2.1 ms cpu, 4->4->2 MB, 4 MB goal, 0 MB stacks, 0 MB globals, 16 P
gc 5316 @13.772s 9%: 0.13+0.64+0.10 ms clock, 2.1+0.63/0.88/0.15+1.7 ms cpu, 3->4->2 MB, 4 MB goal, 0 MB stacks, 0 MB globals, 16 P
gc 5317 @13.774s 9%: 0.10+0.75+0.14 ms clock, 1.7+0.50/1.0/0+2.3 ms cpu, 4->4->2 MB, 4 MB goal, 0 MB stacks, 0 MB globals, 16 P
gc 5318 @13.776s 9%: 0.13+0.58+0.14 ms clock, 2.1+0.51/1.0/0+2.3 ms cpu, 4->5->2 MB, 5 MB goal, 0 MB stacks, 0 MB globals, 16 P
gc 5319 @13.778s 9%: 0.10+0.54+0.15 ms clock, 1.6+0.68/0.88/0+2.4 ms cpu, 4->4->2 MB, 4 MB goal, 0 MB stacks, 0 MB globals, 16 P
gc 5320 @13.779s 9%: 0.17+0.46+0.18 ms clock, 2.7+0.84/0.86/0+3.0 ms cpu, 3->4->2 MB, 4 MB goal, 0 MB stacks, 0 MB globals, 16 P
gc 5321 @13.781s 9%: 0.12+0.75+0.068 ms clock, 2.0+0.56/1.0/0.001+1.0 ms cpu, 3->4->2 MB, 4 MB goal, 0 MB stacks, 0 MB globals, 16 P
gc 5322 @13.783s 9%: 0.13+0.55+0.11 ms clock, 2.2+0.71/0.90/0+1.7 ms cpu, 4->5->2 MB, 5 MB goal, 0 MB stacks, 0 MB globals, 16 P
gc 5323 @13.784s 9%: 0.093+0.69+0.21 ms clock, 1.5+0.63/0.97/0+3.3 ms cpu, 3->4->2 MB, 4 MB goal, 0 MB stacks, 0 MB globals, 16 P
gc 5324 @13.786s 9%: 0.12+0.62+0.079 ms clock, 1.9+0.59/0.90/0+1.2 ms cpu, 4->4->2 MB, 4 MB goal, 0 MB stacks, 0 MB globals, 16 P
gc 5325 @13.788s 9%: 0.093+0.58+0.19 ms clock, 1.4+0.46/0.93/0.003+3.1 ms cpu, 3->4->2 MB, 4 MB goal, 0 MB stacks, 0 MB globals, 16 P
gc 5326 @13.789s 9%: 0.12+0.69+0.086 ms clock, 2.0+0.70/0.90/0+1.3 ms cpu, 3->4->2 MB, 4 MB goal, 0 MB stacks, 0 MB globals, 16 P
gc 5327 @13.791s 9%: 0.15+0.62+0.086 ms clock, 2.5+0.61/0.86/0+1.3 ms cpu, 4->4->2 MB, 4 MB goal, 0 MB stacks, 0 MB globals, 16 P
gc 5328 @13.793s 9%: 0.090+0.78+0.068 ms clock, 1.4+0.53/0.98/0+1.1 ms cpu, 3->4->2 MB, 4 MB goal, 0 MB stacks, 0 MB globals, 16 P
gc 5329 @13.794s 9%: 0.12+0.55+0.13 ms clock, 1.9+0.63/1.0/0.018+2.2 ms cpu, 4->4->2 MB, 4 MB goal, 0 MB stacks, 0 MB globals, 16 P
gc 5330 @13.796s 9%: 0.14+0.67+0.16 ms clock, 2.3+0.73/0.89/0+2.6 ms cpu, 3->4->2 MB, 4 MB goal, 0 MB stacks, 0 MB globals, 16 P
gc 5331 @13.798s 9%: 0.13+0.55+0.21 ms clock, 2.1+0.33/1.0/0.025+3.3 ms cpu, 4->5->2 MB, 5 MB goal, 0 MB stacks, 0 MB globals, 16 P
gc 5332 @13.800s 9%: 0.10+0.68+0.10 ms clock, 1.7+0.63/1.0/0+1.6 ms cpu, 3->4->2 MB, 4 MB goal, 0 MB stacks, 0 MB globals, 16 P
gc 5333 @13.802s 9%: 0.18+0.74+0.16 ms clock, 3.0+0.56/0.99/0+2.6 ms cpu, 4->5->2 MB, 4 MB goal, 0 MB stacks, 0 MB globals, 16 P
gc 5334 @13.804s 9%: 0.16+0.66+0.086 ms clock, 2.6+0.47/1.0/0+1.3 ms cpu, 4->5->2 MB, 5 MB goal, 0 MB stacks, 0 MB globals, 16 P
gc 5335 @13.806s 9%: 0.11+0.60+0.12 ms clock, 1.8+0.65/0.95/0.004+2.0 ms cpu, 4->4->2 MB, 4 MB goal, 0 MB stacks, 0 MB globals, 16 P
gc 5336 @13.807s 9%: 0.096+0.67+0.072 ms clock, 1.5+0.55/0.97/0.052+1.1 ms cpu, 4->4->2 MB, 4 MB goal, 0 MB stacks, 0 MB globals, 16 P
gc 5337 @13.809s 9%: 0.14+0.61+0.20 ms clock, 2.2+0.70/1.0/0+3.2 ms cpu, 4->5->2 MB, 4 MB goal, 0 MB stacks, 0 MB globals, 16 P
gc 5338 @13.811s 9%: 0.13+0.58+0.13 ms clock, 2.0+0.44/0.98/0.010+2.1 ms cpu, 4->5->2 MB, 4 MB goal, 0 MB stacks, 0 MB globals, 16 P
gc 5339 @13.813s 9%: 0.19+0.65+0.21 ms clock, 3.1+0.74/0.94/0+3.3 ms cpu, 3->4->2 MB, 4 MB goal, 0 MB stacks, 0 MB globals, 16 P
gc 5340 @13.814s 9%: 0.16+0.70+0.095 ms clock, 2.6+0.57/0.93/0.080+1.5 ms cpu, 3->4->2 MB, 4 MB goal, 0 MB stacks, 0 MB globals, 16 P
gc 5341 @13.816s 9%: 0.13+0.96+0.10 ms clock, 2.1+0.63/0.83/0+1.6 ms cpu, 4->5->2 MB, 5 MB goal, 0 MB stacks, 0 MB globals, 16 P
gc 5342 @13.819s 9%: 0.11+0.59+0.10 ms clock, 1.8+0.49/1.0/0+1.6 ms cpu, 4->5->2 MB, 5 MB goal, 0 MB stacks, 0 MB globals, 16 P
gc 5343 @13.820s 9%: 0.13+0.68+0.099 ms clock, 2.1+0.77/0.97/0.022+1.5 ms cpu, 4->4->2 MB, 4 MB goal, 0 MB stacks, 0 MB globals, 16 P
gc 5344 @13.822s 9%: 0.13+0.52+0.20 ms clock, 2.1+0.59/0.99/0+3.3 ms cpu, 4->4->2 MB, 5 MB goal, 0 MB stacks, 0 MB globals, 16 P
gc 5345 @13.824s 9%: 0.15+0.59+0.099 ms clock, 2.4+0.73/0.97/0+1.5 ms cpu, 3->4->2 MB, 4 MB goal, 0 MB stacks, 0 MB globals, 16 P
gc 5346 @13.826s 9%: 0.099+0.53+0.11 ms clock, 1.5+0.46/1.0/0+1.8 ms cpu, 4->4->2 MB, 4 MB goal, 0 MB stacks, 0 MB globals, 16 P
gc 5347 @13.827s 9%: 0.15+0.58+0.15 ms clock, 2.4+0.72/0.93/0+2.5 ms cpu, 3->4->2 MB, 4 MB goal, 0 MB stacks, 0 MB globals, 16 P
gc 5348 @13.829s 9%: 0.10+0.61+0.14 ms clock, 1.7+0.50/1.0/0+2.2 ms cpu, 4->4->2 MB, 4 MB goal, 0 MB stacks, 0 MB globals, 16 P
gc 5349 @13.831s 9%: 0.098+0.59+0.16 ms clock, 1.5+0.66/0.90/0+2.6 ms cpu, 3->4->2 MB, 4 MB goal, 0 MB stacks, 0 MB globals, 16 P
gc 5350 @13.832s 9%: 0.12+0.62+0.089 ms clock, 2.0+0.85/0.78/0.001+1.4 ms cpu, 3->4->2 MB, 4 MB goal, 0 MB stacks, 0 MB globals, 16 P
gc 5351 @13.834s 9%: 0.11+0.51+0.14 ms clock, 1.7+0.63/0.94/0+2.3 ms cpu, 4->4->2 MB, 4 MB goal, 0 MB stacks, 0 MB globals, 16 P
gc 5352 @13.836s 9%: 0.12+0.70+0.16 ms clock, 1.9+0.72/1.0/0+2.5 ms cpu, 3->4->2 MB, 4 MB goal, 0 MB stacks, 0 MB globals, 16 P
gc 5353 @13.838s 9%: 0.17+0.75+0.091 ms clock, 2.7+0.63/0.95/0+1.4 ms cpu, 4->5->2 MB, 4 MB goal, 0 MB stacks, 0 MB globals, 16 P
gc 5354 @13.840s 9%: 0.11+0.63+0.13 ms clock, 1.8+0.63/0.78/0+2.0 ms cpu, 4->5->2 MB, 5 MB goal, 0 MB stacks, 0 MB globals, 16 P
gc 5355 @13.841s 9%: 0.11+0.71+0.18 ms clock, 1.8+0.62/0.99/0.010+2.9 ms cpu, 3->4->2 MB, 4 MB goal, 0 MB stacks, 0 MB globals, 16 P
gc 5356 @13.843s 9%: 0.14+0.62+0.15 ms clock, 2.3+0.64/1.0/0.014+2.5 ms cpu, 4->5->2 MB, 5 MB goal, 0 MB stacks, 0 MB globals, 16 P
gc 5357 @13.845s 9%: 0.076+0.63+0.12 ms clock, 1.2+0.62/0.89/0+1.9 ms cpu, 4->4->2 MB, 4 MB goal, 0 MB stacks, 0 MB globals, 16 P
gc 5358 @13.846s 9%: 0.066+0.54+0.11 ms clock, 1.0+0.56/0.91/0.057+1.8 ms cpu, 3->4->2 MB, 4 MB goal, 0 MB stacks, 0 MB globals, 16 P
gc 5359 @13.848s 9%: 0.16+0.65+0.11 ms clock, 2.6+0.70/0.87/0+1.8 ms cpu, 3->4->2 MB, 4 MB goal, 0 MB stacks, 0 MB globals, 16 P
gc 5360 @13.850s 9%: 0.14+0.75+0.10 ms clock, 2.3+0.59/0.96/0+1.6 ms cpu, 4->4->2 MB, 4 MB goal, 0 MB stacks, 0 MB globals, 16 P
gc 5361 @13.852s 9%: 0.16+0.63+0.14 ms clock, 2.7+0.73/1.0/0+2.3 ms cpu, 4->5->2 MB, 5 MB goal, 0 MB stacks, 0 MB globals, 16 P
gc 5362 @13.854s 9%: 0.14+0.58+0.22 ms clock, 2.3+0.55/0.94/0.071+3.5 ms cpu, 4->4->2 MB, 4 MB goal, 0 MB stacks, 0 MB globals, 16 P
gc 5363 @13.855s 9%: 0.16+0.73+0.17 ms clock, 2.7+0.65/1.0/0+2.7 ms cpu, 3->4->2 MB, 4 MB goal, 0 MB stacks, 0 MB globals, 16 P
gc 5364 @13.857s 9%: 0.15+0.86+0.094 ms clock, 2.4+0.54/1.0/0+1.5 ms cpu, 4->5->2 MB, 5 MB goal, 0 MB stacks, 0 MB globals, 16 P
gc 5365 @13.860s 9%: 0.23+0.78+0.082 ms clock, 3.8+0.82/0.80/0+1.3 ms cpu, 4->5->2 MB, 5 MB goal, 0 MB stacks, 0 MB globals, 16 P
gc 5366 @13.862s 9%: 0.14+0.59+0.14 ms clock, 2.2+0.83/0.88/0+2.3 ms cpu, 4->5->2 MB, 5 MB goal, 0 MB stacks, 0 MB globals, 16 P
gc 5367 @13.863s 9%: 0.21+0.61+0.14 ms clock, 3.3+0.80/0.80/0+2.3 ms cpu, 3->4->2 MB, 4 MB goal, 0 MB stacks, 0 MB globals, 16 P
gc 5368 @13.865s 9%: 0.14+0.56+0.19 ms clock, 2.3+0.72/0.83/0.007+3.1 ms cpu, 4->4->2 MB, 4 MB goal, 0 MB stacks, 0 MB globals, 16 P
gc 5369 @13.867s 9%: 0.16+0.58+0.17 ms clock, 2.6+0.59/1.0/0+2.7 ms cpu, 3->4->2 MB, 4 MB goal, 0 MB stacks, 0 MB globals, 16 P
gc 5370 @13.868s 9%: 0.17+0.65+0.072 ms clock, 2.8+0.62/1.0/0+1.1 ms cpu, 4->4->2 MB, 4 MB goal, 0 MB stacks, 0 MB globals, 16 P
gc 5371 @13.870s 9%: 0.11+0.56+0.11 ms clock, 1.7+0.47/0.92/0+1.8 ms cpu, 4->4->2 MB, 4 MB goal, 0 MB stacks, 0 MB globals, 16 P
gc 5372 @13.872s 9%: 0.13+0.66+0.19 ms clock, 2.0+0.63/0.99/0+3.1 ms cpu, 4->4->2 MB, 4 MB goal, 0 MB stacks, 0 MB globals, 16 P
gc 5373 @13.874s 9%: 0.18+0.54+0.16 ms clock, 3.0+0.64/0.96/0+2.5 ms cpu, 4->4->2 MB, 4 MB goal, 0 MB stacks, 0 MB globals, 16 P
gc 5374 @13.875s 9%: 0.13+0.66+0.13 ms clock, 2.1+0.78/1.0/0+2.1 ms cpu, 3->4->2 MB, 4 MB goal, 0 MB stacks, 0 MB globals, 16 P
gc 5375 @13.877s 9%: 0.11+0.77+0.097 ms clock, 1.8+0.53/0.95/0+1.5 ms cpu, 4->5->2 MB, 5 MB goal, 0 MB stacks, 0 MB globals, 16 P
gc 5376 @13.879s 9%: 0.11+0.62+0.21 ms clock, 1.8+0.83/1.0/0+3.3 ms cpu, 4->4->2 MB, 4 MB goal, 0 MB stacks, 0 MB globals, 16 P
gc 5377 @13.881s 9%: 0.13+0.97+0.095 ms clock, 2.1+0.54/1.0/0.004+1.5 ms cpu, 4->5->2 MB, 4 MB goal, 0 MB stacks, 0 MB globals, 16 P
gc 5378 @13.883s 9%: 0.16+0.70+0.080 ms clock, 2.5+0.79/0.85/0+1.2 ms cpu, 4->5->2 MB, 5 MB goal, 0 MB stacks, 0 MB globals, 16 P
gc 5379 @13.885s 9%: 0.13+0.49+0.23 ms clock, 2.0+0.78/0.85/0.035+3.8 ms cpu, 4->4->2 MB, 5 MB goal, 0 MB stacks, 0 MB globals, 16 P
gc 5380 @13.887s 9%: 0.14+0.65+0.054 ms clock, 2.2+0.70/0.80/0+0.86 ms cpu, 3->4->2 MB, 4 MB goal, 0 MB stacks, 0 MB globals, 16 P
gc 5381 @13.888s 9%: 0.19+0.62+0.10 ms clock, 3.0+0.68/0.94/0.003+1.6 ms cpu, 3->4->2 MB, 4 MB goal, 0 MB stacks, 0 MB globals, 16 P
gc 5382 @13.890s 9%: 0.14+0.78+0.16 ms clock, 2.3+0.76/0.99/0.012+2.6 ms cpu, 4->5->2 MB, 5 MB goal, 0 MB stacks, 0 MB globals, 16 P
gc 5383 @13.892s 9%: 0.18+0.71+0.13 ms clock, 2.9+0.66/0.89/0.013+2.2 ms cpu, 4->5->2 MB, 5 MB goal, 0 MB stacks, 0 MB globals, 16 P
gc 5384 @13.894s 9%: 0.15+0.86+0.11 ms clock, 2.4+0.77/1.0/0.013+1.8 ms cpu, 4->5->2 MB, 5 MB goal, 0 MB stacks, 0 MB globals, 16 P
gc 5385 @13.897s 9%: 0.21+0.69+0.15 ms clock, 3.3+0.62/0.89/0+2.4 ms cpu, 4->5->2 MB, 5 MB goal, 0 MB stacks, 0 MB globals, 16 P
gc 5386 @13.898s 9%: 0.12+0.59+0.13 ms clock, 2.0+0.75/0.83/0+2.0 ms cpu, 4->4->2 MB, 5 MB goal, 0 MB stacks, 0 MB globals, 16 P
gc 5387 @13.900s 9%: 0.18+0.47+0.20 ms clock, 2.9+0.74/0.85/0+3.3 ms cpu, 3->4->2 MB, 4 MB goal, 0 MB stacks, 0 MB globals, 16 P
gc 5388 @13.902s 9%: 0.14+0.83+0.12 ms clock, 2.3+0.52/1.0/0+2.0 ms cpu, 3->4->2 MB, 4 MB goal, 0 MB stacks, 0 MB globals, 16 P
gc 5389 @13.903s 9%: 0.10+0.79+0.23 ms clock, 1.6+0.59/1.1/0.019+3.7 ms cpu, 4->5->2 MB, 5 MB goal, 0 MB stacks, 0 MB globals, 16 P
gc 5390 @13.906s 9%: 0.11+0.72+0.12 ms clock, 1.7+0.60/1.1/0+2.0 ms cpu, 4->5->2 MB, 5 MB goal, 0 MB stacks, 0 MB globals, 16 P
gc 5391 @13.908s 9%: 0.13+0.64+0.14 ms clock, 2.1+0.64/0.92/0+2.3 ms cpu, 4->5->2 MB, 5 MB goal, 0 MB stacks, 0 MB globals, 16 P
gc 5392 @13.910s 9%: 0.13+0.50+0.12 ms clock, 2.1+0.76/0.90/0+1.9 ms cpu, 4->4->2 MB, 4 MB goal, 0 MB stacks, 0 MB globals, 16 P
gc 5393 @13.911s 9%: 0.13+0.70+0.14 ms clock, 2.0+0.71/0.85/0+2.3 ms cpu, 4->4->2 MB, 4 MB goal, 0 MB stacks, 0 MB globals, 16 P
gc 5394 @13.913s 9%: 0.086+0.64+0.073 ms clock, 1.3+0.62/0.84/0+1.1 ms cpu, 3->4->2 MB, 4 MB goal, 0 MB stacks, 0 MB globals, 16 P
gc 5395 @13.915s 9%: 0.13+0.58+0.083 ms clock, 2.1+0.69/0.98/0.017+1.3 ms cpu, 3->4->2 MB, 4 MB goal, 0 MB stacks, 0 MB globals, 16 P
gc 5396 @13.916s 9%: 0.16+0.49+0.12 ms clock, 2.6+0.74/0.96/0.078+2.0 ms cpu, 4->4->2 MB, 4 MB goal, 0 MB stacks, 0 MB globals, 16 P
gc 5397 @13.918s 9%: 0.19+0.79+0.052 ms clock, 3.0+0.63/0.86/0+0.84 ms cpu, 3->4->2 MB, 4 MB goal, 0 MB stacks, 0 MB globals, 16 P
gc 5398 @13.920s 9%: 0.13+0.90+0.093 ms clock, 2.1+0.62/1.0/0+1.4 ms cpu, 4->5->2 MB, 5 MB goal, 0 MB stacks, 0 MB globals, 16 P
gc 5399 @13.922s 9%: 0.11+0.84+0.096 ms clock, 1.8+0.46/1.0/0.003+1.5 ms cpu, 4->5->2 MB, 5 MB goal, 0 MB stacks, 0 MB globals, 16 P
gc 5400 @13.924s 9%: 0.12+0.58+0.11 ms clock, 1.9+0.56/1.0/0+1.8 ms cpu, 4->5->2 MB, 5 MB goal, 0 MB stacks, 0 MB globals, 16 P
gc 5401 @13.926s 9%: 0.095+0.64+0.10 ms clock, 1.5+0.70/1.0/0+1.7 ms cpu, 4->4->2 MB, 4 MB goal, 0 MB stacks, 0 MB globals, 16 P
gc 5402 @13.928s 9%: 0.10+0.77+0.14 ms clock, 1.7+0.56/1.0/0.009+2.2 ms cpu, 3->4->2 MB, 4 MB goal, 0 MB stacks, 0 MB globals, 16 P
gc 5403 @13.930s 9%: 0.10+0.75+0.083 ms clock, 1.6+0.58/0.95/0+1.3 ms cpu, 4->5->2 MB, 5 MB goal, 0 MB stacks, 0 MB globals, 16 P
gc 5404 @13.931s 9%: 0.13+0.61+0.079 ms clock, 2.1+0.59/1.0/0.001+1.2 ms cpu, 4->4->2 MB, 4 MB goal, 0 MB stacks, 0 MB globals, 16 P
gc 5405 @13.933s 9%: 0.18+0.62+0.092 ms clock, 3.0+0.68/0.99/0.013+1.4 ms cpu, 4->4->2 MB, 4 MB goal, 0 MB stacks, 0 MB globals, 16 P
gc 5406 @13.935s 9%: 0.10+0.57+0.17 ms clock, 1.7+0.72/0.91/0+2.7 ms cpu, 4->4->2 MB, 4 MB goal, 0 MB stacks, 0 MB globals, 16 P
gc 5407 @13.937s 9%: 0.15+0.55+0.14 ms clock, 2.4+0.79/1.0/0+2.3 ms cpu, 3->4->2 MB, 4 MB goal, 0 MB stacks, 0 MB globals, 16 P
gc 5408 @13.938s 9%: 0.16+0.69+0.10 ms clock, 2.5+0.71/0.97/0+1.7 ms cpu, 4->4->2 MB, 4 MB goal, 0 MB stacks, 0 MB globals, 16 P
gc 5409 @13.940s 9%: 0.12+0.68+0.12 ms clock, 1.9+0.61/1.0/0+2.0 ms cpu, 4->5->2 MB, 5 MB goal, 0 MB stacks, 0 MB globals, 16 P
gc 5410 @13.942s 9%: 0.19+0.71+0.23 ms clock, 3.0+0.65/0.89/0.002+3.7 ms cpu, 4->5->2 MB, 4 MB goal, 0 MB stacks, 0 MB globals, 16 P
gc 5411 @13.944s 9%: 0.18+0.61+0.12 ms clock, 2.8+0.76/0.96/0+2.0 ms cpu, 4->5->2 MB, 5 MB goal, 0 MB stacks, 0 MB globals, 16 P
gc 5412 @13.946s 9%: 0.092+0.51+0.19 ms clock, 1.4+0.58/0.96/0+3.1 ms cpu, 4->4->2 MB, 4 MB goal, 0 MB stacks, 0 MB globals, 16 P
gc 5413 @13.948s 9%: 0.14+0.64+0.16 ms clock, 2.3+0.64/0.90/0+2.6 ms cpu, 3->4->2 MB, 4 MB goal, 0 MB stacks, 0 MB globals, 16 P
gc 5414 @13.950s 9%: 0.14+0.66+0.10 ms clock, 2.3+0.74/0.95/0.010+1.7 ms cpu, 4->5->2 MB, 4 MB goal, 0 MB stacks, 0 MB globals, 16 P
gc 5415 @13.951s 9%: 0.12+0.61+0.15 ms clock, 1.9+0.67/0.98/0+2.4 ms cpu, 4->5->2 MB, 4 MB goal, 0 MB stacks, 0 MB globals, 16 P
gc 5416 @13.953s 9%: 0.16+0.59+0.11 ms clock, 2.6+0.64/1.0/0+1.8 ms cpu, 4->4->2 MB, 4 MB goal, 0 MB stacks, 0 MB globals, 16 P
gc 5417 @13.955s 9%: 0.12+0.66+0.094 ms clock, 1.9+0.63/0.96/0.062+1.5 ms cpu, 3->4->2 MB, 4 MB goal, 0 MB stacks, 0 MB globals, 16 P
gc 5418 @13.957s 9%: 0.11+1.0+0.10 ms clock, 1.9+0.63/0.94/0.003+1.6 ms cpu, 4->5->2 MB, 4 MB goal, 0 MB stacks, 0 MB globals, 16 P
gc 5419 @13.959s 9%: 0.13+0.55+0.15 ms clock, 2.1+0.64/1.0/0+2.4 ms cpu, 4->5->2 MB, 5 MB goal, 0 MB stacks, 0 MB globals, 16 P
gc 5420 @13.961s 9%: 0.12+0.67+0.087 ms clock, 2.0+0.48/1.1/0.004+1.4 ms cpu, 4->4->2 MB, 4 MB goal, 0 MB stacks, 0 MB globals, 16 P
gc 5421 @13.962s 9%: 0.11+0.61+0.10 ms clock, 1.8+0.62/1.1/0+1.6 ms cpu, 4->4->2 MB, 4 MB goal, 0 MB stacks, 0 MB globals, 16 P
gc 5422 @13.964s 9%: 0.12+0.64+0.096 ms clock, 1.9+0.64/0.85/0+1.5 ms cpu, 4->4->2 MB, 4 MB goal, 0 MB stacks, 0 MB globals, 16 P
gc 5423 @13.966s 9%: 0.078+0.52+0.24 ms clock, 1.2+0.57/0.94/0+3.8 ms cpu, 3->4->2 MB, 4 MB goal, 0 MB stacks, 0 MB globals, 16 P
gc 5424 @13.968s 9%: 0.13+0.63+0.095 ms clock, 2.1+0.75/0.95/0+1.5 ms cpu, 3->4->2 MB, 4 MB goal, 0 MB stacks, 0 MB globals, 16 P
gc 5425 @13.969s 9%: 0.10+0.62+0.089 ms clock, 1.6+0.55/1.0/0.006+1.4 ms cpu, 4->4->2 MB, 4 MB goal, 0 MB stacks, 0 MB globals, 16 P
gc 5426 @13.971s 9%: 0.17+0.69+0.082 ms clock, 2.7+0.60/1.0/0+1.3 ms cpu, 4->4->2 MB, 4 MB goal, 0 MB stacks, 0 MB globals, 16 P
gc 5427 @13.973s 9%: 0.14+0.71+0.15 ms clock, 2.2+0.64/0.98/0.001+2.4 ms cpu, 4->5->2 MB, 5 MB goal, 0 MB stacks, 0 MB globals, 16 P
gc 5428 @13.975s 9%: 0.11+0.55+0.083 ms clock, 1.8+0.72/0.82/0.021+1.3 ms cpu, 4->4->2 MB, 4 MB goal, 0 MB stacks, 0 MB globals, 16 P
gc 5429 @13.976s 9%: 0.15+0.64+0.21 ms clock, 2.4+0.61/0.90/0+3.3 ms cpu, 3->4->2 MB, 4 MB goal, 0 MB stacks, 0 MB globals, 16 P
gc 5430 @13.978s 9%: 0.13+0.61+0.11 ms clock, 2.2+0.64/1.0/0+1.7 ms cpu, 4->4->2 MB, 4 MB goal, 0 MB stacks, 0 MB globals, 16 P
gc 5431 @13.980s 9%: 0.17+0.63+0.10 ms clock, 2.7+0.68/0.91/0+1.6 ms cpu, 4->4->2 MB, 4 MB goal, 0 MB stacks, 0 MB globals, 16 P
gc 5432 @13.982s 9%: 0.12+0.50+0.13 ms clock, 2.0+0.53/0.86/0.002+2.1 ms cpu, 4->4->2 MB, 5 MB goal, 0 MB stacks, 0 MB globals, 16 P
gc 5433 @13.983s 9%: 0.14+0.88+0.077 ms clock, 2.3+0.74/0.83/0+1.2 ms cpu, 3->5->2 MB, 4 MB goal, 0 MB stacks, 0 MB globals, 16 P
gc 5434 @13.986s 9%: 0.16+0.53+0.11 ms clock, 2.5+0.68/0.93/0+1.7 ms cpu, 4->5->2 MB, 5 MB goal, 0 MB stacks, 0 MB globals, 16 P
gc 5435 @13.987s 9%: 0.15+0.54+0.15 ms clock, 2.5+0.62/0.95/0+2.5 ms cpu, 3->4->2 MB, 4 MB goal, 0 MB stacks, 0 MB globals, 16 P
gc 5436 @13.989s 9%: 0.12+0.65+0.18 ms clock, 1.9+0.62/1.0/0.027+2.9 ms cpu, 4->4->2 MB, 4 MB goal, 0 MB stacks, 0 MB globals, 16 P
gc 5437 @13.991s 9%: 0.21+0.56+0.14 ms clock, 3.4+0.79/0.96/0+2.3 ms cpu, 4->4->2 MB, 4 MB goal, 0 MB stacks, 0 MB globals, 16 P
gc 5438 @13.993s 9%: 0.13+0.67+0.070 ms clock, 2.1+0.56/1.0/0.005+1.1 ms cpu, 4->4->2 MB, 4 MB goal, 0 MB stacks, 0 MB globals, 16 P
gc 5439 @13.994s 9%: 0.11+0.69+0.12 ms clock, 1.8+0.58/1.0/0+1.9 ms cpu, 4->5->2 MB, 4 MB goal, 0 MB stacks, 0 MB globals, 16 P
gc 5440 @13.996s 9%: 0.10+0.45+0.15 ms clock, 1.6+0.78/0.83/0+2.4 ms cpu, 4->4->2 MB, 5 MB goal, 0 MB stacks, 0 MB globals, 16 P
gc 5441 @13.998s 9%: 0.14+0.52+0.13 ms clock, 2.3+0.65/0.90/0+2.1 ms cpu, 3->4->2 MB, 4 MB goal, 0 MB stacks, 0 MB globals, 16 P
gc 5442 @14.000s 9%: 0.17+0.67+0.066 ms clock, 2.8+0.59/0.95/0+1.0 ms cpu, 4->4->2 MB, 4 MB goal, 0 MB stacks, 0 MB globals, 16 P
gc 5443 @14.001s 9%: 0.13+0.62+0.18 ms clock, 2.1+0.84/1.0/0+2.9 ms cpu, 4->5->2 MB, 5 MB goal, 0 MB stacks, 0 MB globals, 16 P
gc 5444 @14.003s 9%: 0.11+0.86+0.075 ms clock, 1.8+0.71/0.92/0.014+1.2 ms cpu, 4->5->2 MB, 4 MB goal, 0 MB stacks, 0 MB globals, 16 P
gc 5445 @14.005s 9%: 0.11+0.76+0.048 ms clock, 1.8+0.59/1.0/0+0.77 ms cpu, 4->5->2 MB, 4 MB goal, 0 MB stacks, 0 MB globals, 16 P
gc 5446 @14.007s 9%: 0.12+0.57+0.16 ms clock, 2.0+0.76/0.88/0+2.5 ms cpu, 4->4->2 MB, 4 MB goal, 0 MB stacks, 0 MB globals, 16 P
gc 5447 @14.009s 9%: 0.15+0.77+0.15 ms clock, 2.4+0.67/0.90/0+2.4 ms cpu, 4->5->2 MB, 4 MB goal, 0 MB stacks, 0 MB globals, 16 P
gc 5448 @14.011s 9%: 0.11+0.74+0.11 ms clock, 1.7+0.82/1.0/0+1.8 ms cpu, 4->5->2 MB, 5 MB goal, 0 MB stacks, 0 MB globals, 16 P
gc 5449 @14.013s 9%: 0.19+0.71+0.12 ms clock, 3.0+0.79/0.86/0+2.0 ms cpu, 4->5->2 MB, 4 MB goal, 0 MB stacks, 0 MB globals, 16 P
gc 5450 @14.015s 9%: 0.10+0.60+0.15 ms clock, 1.7+0.60/1.1/0.043+2.4 ms cpu, 4->5->2 MB, 5 MB goal, 0 MB stacks, 0 MB globals, 16 P
gc 5451 @14.016s 9%: 0.14+0.73+0.12 ms clock, 2.3+0.74/0.99/0+2.0 ms cpu, 4->4->2 MB, 4 MB goal, 0 MB stacks, 0 MB globals, 16 P
gc 5452 @14.018s 9%: 0.10+0.59+0.10 ms clock, 1.7+0.72/0.91/0+1.6 ms cpu, 4->4->2 MB, 4 MB goal, 0 MB stacks, 0 MB globals, 16 P
gc 5453 @14.020s 9%: 0.21+0.57+0.16 ms clock, 3.4+0.57/0.97/0+2.6 ms cpu, 4->4->2 MB, 4 MB goal, 0 MB stacks, 0 MB globals, 16 P
gc 5454 @14.022s 9%: 0.12+0.56+0.18 ms clock, 2.0+0.47/0.84/0.063+2.9 ms cpu, 3->4->2 MB, 4 MB goal, 0 MB stacks, 0 MB globals, 16 P
gc 5455 @14.023s 9%: 0.17+0.49+0.17 ms clock, 2.8+0.52/0.91/0.070+2.8 ms cpu, 3->4->2 MB, 4 MB goal, 0 MB stacks, 0 MB globals, 16 P
gc 5456 @14.025s 9%: 0.19+0.64+0.13 ms clock, 3.1+0.63/0.89/0+2.1 ms cpu, 3->4->2 MB, 4 MB goal, 0 MB stacks, 0 MB globals, 16 P
gc 5457 @14.026s 9%: 0.12+0.49+0.11 ms clock, 1.9+0.51/0.89/0+1.9 ms cpu, 4->4->2 MB, 4 MB goal, 0 MB stacks, 0 MB globals, 16 P
gc 5458 @14.028s 9%: 0.13+0.53+0.11 ms clock, 2.1+0.82/0.77/0.028+1.8 ms cpu, 3->4->2 MB, 4 MB goal, 0 MB stacks, 0 MB globals, 16 P
gc 5459 @14.029s 9%: 0.17+0.65+0.088 ms clock, 2.7+0.84/1.0/0+1.4 ms cpu, 3->4->2 MB, 4 MB goal, 0 MB stacks, 0 MB globals, 16 P
gc 5460 @14.031s 9%: 0.089+0.72+0.099 ms clock, 1.4+0.67/1.0/0.014+1.5 ms cpu, 4->5->2 MB, 4 MB goal, 0 MB stacks, 0 MB globals, 16 P
gc 5461 @14.033s 9%: 0.078+0.64+0.14 ms clock, 1.2+0.59/0.97/0+2.3 ms cpu, 4->5->2 MB, 5 MB goal, 0 MB stacks, 0 MB globals, 16 P
gc 5462 @14.035s 9%: 0.17+0.81+0.18 ms clock, 2.8+0.72/0.98/0+2.8 ms cpu, 4->5->2 MB, 4 MB goal, 0 MB stacks, 0 MB globals, 16 P
gc 5463 @14.037s 9%: 0.21+0.58+0.098 ms clock, 3.4+0.89/0.78/0+1.5 ms cpu, 4->5->2 MB, 5 MB goal, 0 MB stacks, 0 MB globals, 16 P
gc 5464 @14.039s 9%: 0.12+0.60+0.12 ms clock, 2.0+0.75/1.0/0.041+2.0 ms cpu, 4->5->2 MB, 4 MB goal, 0 MB stacks, 0 MB globals, 16 P
gc 5465 @14.041s 9%: 0.17+0.61+0.10 ms clock, 2.8+0.61/1.1/0.010+1.6 ms cpu, 4->5->2 MB, 4 MB goal, 0 MB stacks, 0 MB globals, 16 P
gc 5466 @14.043s 9%: 0.13+0.73+0.15 ms clock, 2.1+0.60/0.97/0.062+2.5 ms cpu, 4->5->2 MB, 5 MB goal, 0 MB stacks, 0 MB globals, 16 P
gc 5467 @14.044s 9%: 0.17+0.53+0.18 ms clock, 2.8+0.63/0.99/0+3.0 ms cpu, 4->4->2 MB, 4 MB goal, 0 MB stacks, 0 MB globals, 16 P
gc 5468 @14.046s 9%: 0.18+0.55+0.16 ms clock, 2.8+0.69/0.87/0+2.5 ms cpu, 3->4->2 MB, 4 MB goal, 0 MB stacks, 0 MB globals, 16 P
gc 5469 @14.048s 9%: 0.11+0.50+0.11 ms clock, 1.7+0.68/1.0/0+1.8 ms cpu, 4->4->2 MB, 4 MB goal, 0 MB stacks, 0 MB globals, 16 P
gc 5470 @14.049s 9%: 0.12+0.50+0.17 ms clock, 2.0+0.64/0.86/0+2.8 ms cpu, 3->4->2 MB, 4 MB goal, 0 MB stacks, 0 MB globals, 16 P
gc 5471 @14.051s 9%: 0.14+0.50+0.086 ms clock, 2.2+0.75/0.81/0+1.3 ms cpu, 3->4->2 MB, 4 MB goal, 0 MB stacks, 0 MB globals, 16 P
gc 5472 @14.053s 9%: 0.11+0.63+0.10 ms clock, 1.8+0.53/1.0/0+1.6 ms cpu, 3->4->2 MB, 4 MB goal, 0 MB stacks, 0 MB globals, 16 P
gc 5473 @14.054s 9%: 0.17+0.70+0.15 ms clock, 2.8+0.72/0.91/0+2.5 ms cpu, 4->5->2 MB, 4 MB goal, 0 MB stacks, 0 MB globals, 16 P
gc 5474 @14.056s 9%: 0.15+0.77+0.089 ms clock, 2.4+0.55/0.93/0+1.4 ms cpu, 4->5->2 MB, 5 MB goal, 0 MB stacks, 0 MB globals, 16 P
gc 5475 @14.058s 9%: 0.15+0.67+0.13 ms clock, 2.5+0.51/0.98/0+2.1 ms cpu, 4->5->2 MB, 5 MB goal, 0 MB stacks, 0 MB globals, 16 P
gc 5476 @14.060s 9%: 0.11+0.53+0.13 ms clock, 1.8+0.86/0.74/0+2.1 ms cpu, 4->4->2 MB, 4 MB goal, 0 MB stacks, 0 MB globals, 16 P
gc 5477 @14.062s 9%: 0.13+0.67+0.12 ms clock, 2.1+0.59/0.93/0+1.9 ms cpu, 4->4->2 MB, 4 MB goal, 0 MB stacks, 0 MB globals, 16 P
gc 5478 @14.063s 9%: 0.14+0.55+0.11 ms clock, 2.3+0.55/0.93/0.010+1.8 ms cpu, 4->4->2 MB, 4 MB goal, 0 MB stacks, 0 MB globals, 16 P
gc 5479 @14.065s 9%: 0.12+0.63+0.13 ms clock, 1.9+0.50/0.97/0.021+2.2 ms cpu, 3->4->2 MB, 4 MB goal, 0 MB stacks, 0 MB globals, 16 P
gc 5480 @14.067s 9%: 0.19+0.49+0.16 ms clock, 3.0+0.78/0.93/0+2.5 ms cpu, 3->4->2 MB, 4 MB goal, 0 MB stacks, 0 MB globals, 16 P
gc 5481 @14.068s 9%: 0.14+0.73+0.12 ms clock, 2.3+0.50/1.1/0.018+2.0 ms cpu, 3->4->2 MB, 4 MB goal, 0 MB stacks, 0 MB globals, 16 P
gc 5482 @14.070s 9%: 0.12+0.54+0.17 ms clock, 2.0+0.75/0.90/0.010+2.7 ms cpu, 4->5->2 MB, 5 MB goal, 0 MB stacks, 0 MB globals, 16 P
gc 5483 @14.072s 9%: 0.13+0.61+0.13 ms clock, 2.0+0.53/1.0/0+2.1 ms cpu, 3->4->2 MB, 4 MB goal, 0 MB stacks, 0 MB globals, 16 P
gc 5484 @14.074s 9%: 0.11+0.55+0.16 ms clock, 1.8+0.57/0.94/0.026+2.5 ms cpu, 3->4->2 MB, 4 MB goal, 0 MB stacks, 0 MB globals, 16 P
gc 5485 @14.075s 9%: 0.11+0.55+0.11 ms clock, 1.8+0.82/0.86/0+1.8 ms cpu, 3->4->2 MB, 4 MB goal, 0 MB stacks, 0 MB globals, 16 P
gc 5486 @14.077s 9%: 0.16+0.49+0.15 ms clock, 2.5+0.70/0.83/0+2.5 ms cpu, 3->4->2 MB, 4 MB goal, 0 MB stacks, 0 MB globals, 16 P
gc 5487 @14.078s 9%: 0.12+0.70+0.17 ms clock, 1.9+0.63/0.90/0+2.7 ms cpu, 3->4->2 MB, 4 MB goal, 0 MB stacks, 0 MB globals, 16 P
gc 5488 @14.080s 9%: 0.12+0.51+0.12 ms clock, 1.9+0.65/0.98/0+2.0 ms cpu, 4->4->2 MB, 4 MB goal, 0 MB stacks, 0 MB globals, 16 P
gc 5489 @14.082s 9%: 0.12+0.62+0.11 ms clock, 1.9+0.53/1.0/0+1.7 ms cpu, 3->4->2 MB, 4 MB goal, 0 MB stacks, 0 MB globals, 16 P
gc 5490 @14.084s 9%: 0.17+0.72+0.10 ms clock, 2.7+0.63/0.92/0+1.7 ms cpu, 4->4->2 MB, 4 MB goal, 0 MB stacks, 0 MB globals, 16 P
gc 5491 @14.086s 9%: 0.21+0.69+0.17 ms clock, 3.4+0.58/1.0/0+2.8 ms cpu, 4->5->2 MB, 4 MB goal, 0 MB stacks, 0 MB globals, 16 P
gc 5492 @14.088s 9%: 0.10+0.54+0.098 ms clock, 1.6+0.56/1.0/0+1.5 ms cpu, 4->5->2 MB, 5 MB goal, 0 MB stacks, 0 MB globals, 16 P
gc 5493 @14.089s 9%: 0.095+0.71+0.21 ms clock, 1.5+0.66/1.0/0+3.4 ms cpu, 3->4->2 MB, 4 MB goal, 0 MB stacks, 0 MB globals, 16 P
gc 5494 @14.091s 9%: 0.089+0.68+0.15 ms clock, 1.4+0.49/0.90/0.086+2.5 ms cpu, 4->5->2 MB, 5 MB goal, 0 MB stacks, 0 MB globals, 16 P
gc 5495 @14.093s 9%: 0.15+0.52+0.13 ms clock, 2.5+0.79/0.91/0+2.1 ms cpu, 4->4->2 MB, 4 MB goal, 0 MB stacks, 0 MB globals, 16 P
gc 5496 @14.095s 9%: 0.10+0.53+0.10 ms clock, 1.6+0.62/0.93/0+1.6 ms cpu, 3->4->2 MB, 4 MB goal, 0 MB stacks, 0 MB globals, 16 P
gc 5497 @14.096s 9%: 0.19+0.56+0.17 ms clock, 3.1+0.64/0.95/0+2.8 ms cpu, 4->4->2 MB, 4 MB goal, 0 MB stacks, 0 MB globals, 16 P
gc 5498 @14.098s 9%: 0.17+0.58+0.16 ms clock, 2.8+0.69/0.95/0+2.6 ms cpu, 3->4->2 MB, 4 MB goal, 0 MB stacks, 0 MB globals, 16 P
gc 5499 @14.100s 9%: 0.12+0.62+0.087 ms clock, 2.0+0.53/0.99/0.011+1.3 ms cpu, 4->5->2 MB, 5 MB goal, 0 MB stacks, 0 MB globals, 16 P
gc 5500 @14.102s 9%: 0.12+0.57+0.14 ms clock, 2.0+0.57/1.0/0+2.3 ms cpu, 3->4->2 MB, 4 MB goal, 0 MB stacks, 0 MB globals, 16 P
gc 5501 @14.103s 9%: 0.18+0.56+0.13 ms clock, 2.9+0.28/1.0/0+2.1 ms cpu, 3->4->2 MB, 4 MB goal, 0 MB stacks, 0 MB globals, 16 P
gc 5502 @14.105s 9%: 0.21+0.59+0.15 ms clock, 3.3+0.93/0.85/0+2.4 ms cpu, 3->4->2 MB, 4 MB goal, 0 MB stacks, 0 MB globals, 16 P
gc 5503 @14.107s 9%: 0.14+0.53+0.21 ms clock, 2.2+0.65/0.89/0+3.3 ms cpu, 4->4->2 MB, 4 MB goal, 0 MB stacks, 0 MB globals, 16 P
gc 5504 @14.108s 9%: 0.16+0.84+0.14 ms clock, 2.6+0.67/1.0/0+2.2 ms cpu, 3->5->2 MB, 4 MB goal, 0 MB stacks, 0 MB globals, 16 P
gc 5505 @14.111s 9%: 0.13+0.68+0.20 ms clock, 2.1+0.76/0.90/0+3.3 ms cpu, 4->5->2 MB, 5 MB goal, 0 MB stacks, 0 MB globals, 16 P
gc 5506 @14.113s 9%: 0.18+0.64+0.11 ms clock, 3.0+0.74/1.0/0.027+1.8 ms cpu, 4->5->2 MB, 5 MB goal, 0 MB stacks, 0 MB globals, 16 P
gc 5507 @14.115s 9%: 0.12+0.61+0.21 ms clock, 2.0+0.41/1.1/0.001+3.3 ms cpu, 4->4->2 MB, 4 MB goal, 0 MB stacks, 0 MB globals, 16 P
gc 5508 @14.116s 9%: 0.094+0.73+0.083 ms clock, 1.5+0.72/0.94/0.040+1.3 ms cpu, 4->4->2 MB, 4 MB goal, 0 MB stacks, 0 MB globals, 16 P
gc 5509 @14.118s 9%: 0.19+0.55+0.17 ms clock, 3.0+0.83/0.84/0+2.7 ms cpu, 4->4->2 MB, 4 MB goal, 0 MB stacks, 0 MB globals, 16 P
gc 5510 @14.120s 9%: 0.11+0.50+0.17 ms clock, 1.8+0.59/0.87/0+2.8 ms cpu, 4->4->2 MB, 4 MB goal, 0 MB stacks, 0 MB globals, 16 P
gc 5511 @14.121s 9%: 0.23+0.64+0.15 ms clock, 3.7+0.56/1.0/0+2.4 ms cpu, 3->4->2 MB, 4 MB goal, 0 MB stacks, 0 MB globals, 16 P
gc 5512 @14.123s 9%: 0.12+0.62+0.11 ms clock, 1.9+0.67/0.96/0+1.8 ms cpu, 4->5->2 MB, 5 MB goal, 0 MB stacks, 0 MB globals, 16 P
gc 5513 @14.125s 9%: 0.20+0.76+0.22 ms clock, 3.3+0.50/0.93/0.25+3.5 ms cpu, 3->4->2 MB, 4 MB goal, 0 MB stacks, 0 MB globals, 16 P
gc 5514 @14.127s 9%: 0.17+0.62+0.15 ms clock, 2.7+0.56/1.0/0+2.4 ms cpu, 4->4->2 MB, 4 MB goal, 0 MB stacks, 0 MB globals, 16 P
gc 5515 @14.129s 9%: 0.12+0.52+0.13 ms clock, 2.0+0.60/0.90/0+2.1 ms cpu, 4->4->2 MB, 4 MB goal, 0 MB stacks, 0 MB globals, 16 P
gc 5516 @14.130s 9%: 0.11+0.63+0.11 ms clock, 1.9+0.59/1.0/0+1.8 ms cpu, 3->4->2 MB, 4 MB goal, 0 MB stacks, 0 MB globals, 16 P
gc 5517 @14.132s 9%: 0.15+0.49+0.10 ms clock, 2.5+0.72/0.86/0.006+1.6 ms cpu, 3->4->2 MB, 4 MB goal, 0 MB stacks, 0 MB globals, 16 P
gc 5518 @14.133s 9%: 0.15+0.65+0.11 ms clock, 2.4+0.73/0.78/0+1.8 ms cpu, 3->4->2 MB, 4 MB goal, 0 MB stacks, 0 MB globals, 16 P
gc 5519 @14.135s 9%: 0.21+0.86+0.087 ms clock, 3.4+0.74/0.81/0+1.4 ms cpu, 3->4->2 MB, 4 MB goal, 0 MB stacks, 0 MB globals, 16 P
gc 5520 @14.137s 9%: 0.14+0.56+0.15 ms clock, 2.3+0.82/0.99/0.027+2.5 ms cpu, 4->5->2 MB, 5 MB goal, 0 MB stacks, 0 MB globals, 16 P
gc 5521 @14.139s 9%: 0.10+0.74+0.086 ms clock, 1.6+0.49/0.94/0.075+1.3 ms cpu, 4->4->2 MB, 4 MB goal, 0 MB stacks, 0 MB globals, 16 P
gc 5522 @14.141s 9%: 0.15+0.51+0.22 ms clock, 2.4+0.77/0.84/0+3.6 ms cpu, 4->4->2 MB, 4 MB goal, 0 MB stacks, 0 MB globals, 16 P
gc 5523 @14.143s 9%: 0.094+0.61+0.12 ms clock, 1.5+0.47/0.92/0+2.0 ms cpu, 3->4->2 MB, 4 MB goal, 0 MB stacks, 0 MB globals, 16 P
gc 5524 @14.144s 9%: 0.11+0.56+0.12 ms clock, 1.9+0.71/1.0/0+1.9 ms cpu, 4->4->2 MB, 4 MB goal, 0 MB stacks, 0 MB globals, 16 P
gc 5525 @14.146s 9%: 0.11+0.75+0.17 ms clock, 1.8+0.65/0.94/0.004+2.7 ms cpu, 3->5->2 MB, 4 MB goal, 0 MB stacks, 0 MB globals, 16 P
gc 5526 @14.148s 9%: 0.10+0.67+0.12 ms clock, 1.6+0.72/0.81/0.031+2.0 ms cpu, 4->4->2 MB, 5 MB goal, 0 MB stacks, 0 MB globals, 16 P
gc 5527 @14.150s 9%: 0.15+0.89+0.064 ms clock, 2.5+0.66/0.93/0.032+1.0 ms cpu, 4->5->2 MB, 4 MB goal, 0 MB stacks, 0 MB globals, 16 P
gc 5528 @14.152s 9%: 0.13+0.64+0.15 ms clock, 2.0+0.59/0.99/0.002+2.4 ms cpu, 4->5->2 MB, 5 MB goal, 0 MB stacks, 0 MB globals, 16 P
gc 5529 @14.154s 9%: 0.13+0.84+0.052 ms clock, 2.1+0.65/1.0/0+0.84 ms cpu, 4->4->2 MB, 4 MB goal, 0 MB stacks, 0 MB globals, 16 P
gc 5530 @14.156s 9%: 0.12+0.88+0.14 ms clock, 2.0+0.62/0.94/0+2.2 ms cpu, 4->5->2 MB, 4 MB goal, 0 MB stacks, 0 MB globals, 16 P
gc 5531 @14.158s 9%: 0.11+0.72+0.083 ms clock, 1.9+0.95/0.81/0+1.3 ms cpu, 4->5->2 MB, 5 MB goal, 0 MB stacks, 0 MB globals, 16 P
gc 5532 @14.160s 9%: 0.11+0.47+0.18 ms clock, 1.8+0.65/1.0/0+3.0 ms cpu, 4->4->2 MB, 4 MB goal, 0 MB stacks, 0 MB globals, 16 P
gc 5533 @14.161s 9%: 0.13+0.70+0.084 ms clock, 2.2+0.57/0.95/0+1.3 ms cpu, 3->4->2 MB, 4 MB goal, 0 MB stacks, 0 MB globals, 16 P
gc 5534 @14.163s 9%: 0.18+0.63+0.072 ms clock, 3.0+0.58/0.93/0.027+1.1 ms cpu, 4->4->2 MB, 4 MB goal, 0 MB stacks, 0 MB globals, 16 P
gc 5535 @14.165s 9%: 0.15+0.64+0.10 ms clock, 2.5+0.76/1.0/0.015+1.6 ms cpu, 4->4->2 MB, 4 MB goal, 0 MB stacks, 0 MB globals, 16 P
gc 5536 @14.167s 9%: 0.087+0.64+0.14 ms clock, 1.4+0.61/0.86/0+2.3 ms cpu, 4->4->2 MB, 4 MB goal, 0 MB stacks, 0 MB globals, 16 P
gc 5537 @14.168s 9%: 0.15+0.76+0.11 ms clock, 2.5+0.82/1.0/0+1.8 ms cpu, 3->4->2 MB, 4 MB goal, 0 MB stacks, 0 MB globals, 16 P
gc 5538 @14.170s 9%: 0.16+0.71+0.17 ms clock, 2.6+0.68/1.0/0+2.7 ms cpu, 4->5->2 MB, 5 MB goal, 0 MB stacks, 0 MB globals, 16 P
gc 5539 @14.173s 9%: 0.099+0.59+0.13 ms clock, 1.5+0.66/0.95/0+2.1 ms cpu, 4->5->2 MB, 5 MB goal, 0 MB stacks, 0 MB globals, 16 P
gc 5540 @14.174s 9%: 0.15+0.70+0.13 ms clock, 2.5+0.75/0.92/0+2.1 ms cpu, 3->4->2 MB, 4 MB goal, 0 MB stacks, 0 MB globals, 16 P
gc 5541 @14.176s 9%: 0.13+0.55+0.13 ms clock, 2.1+0.76/0.89/0.040+2.1 ms cpu, 4->4->2 MB, 5 MB goal, 0 MB stacks, 0 MB globals, 16 P
gc 5542 @14.178s 9%: 0.15+0.74+0.10 ms clock, 2.4+0.64/0.83/0.003+1.6 ms cpu, 3->4->2 MB, 4 MB goal, 0 MB stacks, 0 MB globals, 16 P
gc 5543 @14.180s 9%: 0.12+0.50+0.15 ms clock, 2.0+0.63/0.87/0+2.4 ms cpu, 4->4->2 MB, 4 MB goal, 0 MB stacks, 0 MB globals, 16 P
gc 5544 @14.181s 9%: 0.19+0.69+0.12 ms clock, 3.1+0.56/1.0/0+1.9 ms cpu, 3->4->2 MB, 4 MB goal, 0 MB stacks, 0 MB globals, 16 P
gc 5545 @14.183s 9%: 0.13+0.58+0.092 ms clock, 2.0+0.57/0.83/0.002+1.4 ms cpu, 4->4->2 MB, 4 MB goal, 0 MB stacks, 0 MB globals, 16 P
gc 5546 @14.185s 9%: 0.089+0.61+0.12 ms clock, 1.4+0.63/1.0/0.001+1.9 ms cpu, 3->4->2 MB, 4 MB goal, 0 MB stacks, 0 MB globals, 16 P
gc 5547 @14.186s 9%: 0.18+0.65+0.10 ms clock, 3.0+0.59/0.94/0+1.6 ms cpu, 4->4->2 MB, 4 MB goal, 0 MB stacks, 0 MB globals, 16 P
gc 5548 @14.188s 9%: 0.097+0.70+0.14 ms clock, 1.5+0.56/1.0/0+2.3 ms cpu, 4->5->2 MB, 4 MB goal, 0 MB stacks, 0 MB globals, 16 P
gc 5549 @14.190s 9%: 0.11+0.48+0.13 ms clock, 1.8+0.68/0.98/0.031+2.1 ms cpu, 4->5->2 MB, 4 MB goal, 0 MB stacks, 0 MB globals, 16 P
gc 5550 @14.192s 9%: 0.18+0.83+0.10 ms clock, 2.9+0.65/0.94/0+1.6 ms cpu, 4->5->2 MB, 4 MB goal, 0 MB stacks, 0 MB globals, 16 P
gc 5551 @14.194s 9%: 0.14+0.60+0.14 ms clock, 2.2+0.52/0.95/0+2.3 ms cpu, 4->5->2 MB, 5 MB goal, 0 MB stacks, 0 MB globals, 16 P
gc 5552 @14.196s 9%: 0.18+0.64+0.21 ms clock, 2.9+0.69/0.95/0.010+3.3 ms cpu, 3->5->2 MB, 4 MB goal, 0 MB stacks, 0 MB globals, 16 P
gc 5553 @14.198s 9%: 0.10+0.55+0.17 ms clock, 1.6+0.55/0.88/0.10+2.8 ms cpu, 4->4->1 MB, 5 MB goal, 0 MB stacks, 0 MB globals, 16 P
gc 5554 @14.199s 9%: 0.16+0.65+0.20 ms clock, 2.6+0.61/0.97/0+3.2 ms cpu, 3->4->2 MB, 4 MB goal, 0 MB stacks, 0 MB globals, 16 P
gc 5555 @14.201s 9%: 0.12+0.70+0.12 ms clock, 1.9+0.69/1.1/0.002+1.9 ms cpu, 4->5->2 MB, 5 MB goal, 0 MB stacks, 0 MB globals, 16 P
gc 5556 @14.203s 9%: 0.10+0.52+0.11 ms clock, 1.6+0.87/0.78/0+1.8 ms cpu, 4->4->2 MB, 5 MB goal, 0 MB stacks, 0 MB globals, 16 P
gc 5557 @14.205s 9%: 0.11+0.70+0.15 ms clock, 1.8+0.71/0.87/0+2.5 ms cpu, 3->4->2 MB, 4 MB goal, 0 MB stacks, 0 MB globals, 16 P
gc 5558 @14.206s 9%: 0.16+0.65+0.18 ms clock, 2.5+0.79/0.94/0+3.0 ms cpu, 4->4->2 MB, 4 MB goal, 0 MB stacks, 0 MB globals, 16 P
gc 5559 @14.208s 9%: 0.12+0.76+0.081 ms clock, 1.9+0.62/1.0/0+1.3 ms cpu, 4->5->2 MB, 4 MB goal, 0 MB stacks, 0 MB globals, 16 P
gc 5560 @14.210s 9%: 0.12+0.86+0.084 ms clock, 1.9+0.80/0.82/0.002+1.3 ms cpu, 4->5->2 MB, 4 MB goal, 0 MB stacks, 0 MB globals, 16 P
gc 5561 @14.212s 9%: 0.12+0.72+0.13 ms clock, 2.0+0.56/1.0/0.032+2.2 ms cpu, 4->5->2 MB, 5 MB goal, 0 MB stacks, 0 MB globals, 16 P
gc 5562 @14.214s 9%: 0.15+0.65+0.13 ms clock, 2.5+0.66/1.0/0+2.2 ms cpu, 4->5->2 MB, 5 MB goal, 0 MB stacks, 0 MB globals, 16 P
gc 5563 @14.216s 9%: 0.15+0.57+0.11 ms clock, 2.4+0.53/0.98/0+1.7 ms cpu, 4->4->2 MB, 5 MB goal, 0 MB stacks, 0 MB globals, 16 P
gc 5564 @14.218s 9%: 0.21+0.66+0.10 ms clock, 3.4+0.65/0.97/0+1.6 ms cpu, 3->4->2 MB, 4 MB goal, 0 MB stacks, 0 MB globals, 16 P
gc 5565 @14.220s 9%: 0.13+0.52+0.11 ms clock, 2.2+0.60/0.93/0+1.8 ms cpu, 4->4->2 MB, 4 MB goal, 0 MB stacks, 0 MB globals, 16 P
gc 5566 @14.221s 9%: 0.10+0.65+0.18 ms clock, 1.6+0.53/1.0/0+2.9 ms cpu, 3->4->2 MB, 4 MB goal, 0 MB stacks, 0 MB globals, 16 P
gc 5567 @14.223s 9%: 0.10+0.59+0.060 ms clock, 1.7+0.52/0.97/0+0.97 ms cpu, 4->4->2 MB, 5 MB goal, 0 MB stacks, 0 MB globals, 16 P
gc 5568 @14.225s 9%: 0.11+0.81+0.18 ms clock, 1.8+0.48/0.90/0+3.0 ms cpu, 4->5->2 MB, 4 MB goal, 0 MB stacks, 0 MB globals, 16 P
gc 5569 @14.227s 9%: 0.11+0.54+0.15 ms clock, 1.8+0.87/0.95/0.021+2.5 ms cpu, 4->4->2 MB, 5 MB goal, 0 MB stacks, 0 MB globals, 16 P
gc 5570 @14.229s 9%: 0.094+0.54+0.12 ms clock, 1.5+0.46/1.0/0.004+2.0 ms cpu, 3->4->2 MB, 4 MB goal, 0 MB stacks, 0 MB globals, 16 P
gc 5571 @14.230s 9%: 0.11+0.50+0.15 ms clock, 1.8+0.57/0.90/0+2.4 ms cpu, 4->4->2 MB, 4 MB goal, 0 MB stacks, 0 MB globals, 16 P
gc 5572 @14.232s 9%: 0.11+0.78+0.13 ms clock, 1.9+0.59/1.0/0.033+2.1 ms cpu, 3->4->2 MB, 4 MB goal, 0 MB stacks, 0 MB globals, 16 P
gc 5573 @14.234s 9%: 0.17+0.62+0.19 ms clock, 2.8+0.86/0.99/0+3.1 ms cpu, 4->5->2 MB, 5 MB goal, 0 MB stacks, 0 MB globals, 16 P
gc 5574 @14.236s 9%: 0.098+0.70+0.13 ms clock, 1.5+0.64/0.98/0.015+2.2 ms cpu, 4->4->2 MB, 4 MB goal, 0 MB stacks, 0 MB globals, 16 P
gc 5575 @14.237s 9%: 0.15+0.61+0.14 ms clock, 2.4+0.96/1.1/0.010+2.2 ms cpu, 4->5->2 MB, 4 MB goal, 0 MB stacks, 0 MB globals, 16 P
gc 5576 @14.239s 9%: 0.21+0.61+0.15 ms clock, 3.3+0.63/1.0/0+2.5 ms cpu, 4->4->2 MB, 4 MB goal, 0 MB stacks, 0 MB globals, 16 P
gc 5577 @14.241s 9%: 0.16+0.65+0.10 ms clock, 2.6+0.57/1.0/0+1.7 ms cpu, 4->5->2 MB, 4 MB goal, 0 MB stacks, 0 MB globals, 16 P
gc 5578 @14.243s 9%: 0.17+0.74+0.11 ms clock, 2.8+0.61/0.91/0+1.8 ms cpu, 4->5->2 MB, 4 MB goal, 0 MB stacks, 0 MB globals, 16 P
gc 5579 @14.245s 9%: 0.14+0.74+0.099 ms clock, 2.3+0.53/1.1/0+1.5 ms cpu, 4->5->2 MB, 5 MB goal, 0 MB stacks, 0 MB globals, 16 P
gc 5580 @14.247s 9%: 0.11+0.64+0.17 ms clock, 1.9+0.70/0.98/0.016+2.7 ms cpu, 4->5->2 MB, 5 MB goal, 0 MB stacks, 0 MB globals, 16 P
gc 5581 @14.249s 9%: 0.12+0.74+0.16 ms clock, 1.9+0.60/1.0/0+2.5 ms cpu, 4->5->2 MB, 5 MB goal, 0 MB stacks, 0 MB globals, 16 P
gc 5582 @14.251s 9%: 0.15+0.81+0.12 ms clock, 2.5+0.75/1.1/0+2.0 ms cpu, 4->5->2 MB, 4 MB goal, 0 MB stacks, 0 MB globals, 16 P
gc 5583 @14.253s 9%: 0.12+0.67+0.087 ms clock, 2.0+0.61/1.1/0.009+1.3 ms cpu, 4->5->2 MB, 5 MB goal, 0 MB stacks, 0 MB globals, 16 P
gc 5584 @14.255s 9%: 0.11+0.67+0.097 ms clock, 1.8+0.74/1.2/0.008+1.5 ms cpu, 4->5->2 MB, 4 MB goal, 0 MB stacks, 0 MB globals, 16 P
gc 5585 @14.257s 9%: 0.10+0.49+0.10 ms clock, 1.7+0.66/0.91/0.070+1.7 ms cpu, 4->4->2 MB, 4 MB goal, 0 MB stacks, 0 MB globals, 16 P
gc 5586 @14.258s 9%: 0.19+0.58+0.16 ms clock, 3.0+0.61/0.90/0+2.7 ms cpu, 3->4->2 MB, 4 MB goal, 0 MB stacks, 0 MB globals, 16 P
gc 5587 @14.260s 9%: 0.15+0.54+0.12 ms clock, 2.4+0.55/1.1/0+1.9 ms cpu, 4->4->2 MB, 4 MB goal, 0 MB stacks, 0 MB globals, 16 P
gc 5588 @14.262s 9%: 0.20+0.56+0.10 ms clock, 3.2+0.79/0.83/0+1.6 ms cpu, 3->4->2 MB, 4 MB goal, 0 MB stacks, 0 MB globals, 16 P
gc 5589 @14.263s 9%: 0.10+0.65+0.15 ms clock, 1.6+0.68/0.96/0.030+2.4 ms cpu, 4->4->2 MB, 4 MB goal, 0 MB stacks, 0 MB globals, 16 P
gc 5590 @14.265s 9%: 0.11+0.64+0.098 ms clock, 1.8+0.60/1.1/0.041+1.5 ms cpu, 4->4->2 MB, 4 MB goal, 0 MB stacks, 0 MB globals, 16 P
gc 5591 @14.267s 9%: 0.14+0.75+0.087 ms clock, 2.3+0.58/0.98/0.002+1.3 ms cpu, 4->5->2 MB, 4 MB goal, 0 MB stacks, 0 MB globals, 16 P
gc 5592 @14.269s 9%: 0.11+0.62+0.11 ms clock, 1.7+0.56/1.0/0+1.7 ms cpu, 4->5->2 MB, 5 MB goal, 0 MB stacks, 0 MB globals, 16 P
gc 5593 @14.271s 9%: 0.14+0.57+0.20 ms clock, 2.2+0.91/0.98/0+3.2 ms cpu, 4->4->2 MB, 4 MB goal, 0 MB stacks, 0 MB globals, 16 P
gc 5594 @14.272s 9%: 0.18+0.66+0.13 ms clock, 2.9+0.66/0.99/0+2.2 ms cpu, 4->4->2 MB, 4 MB goal, 0 MB stacks, 0 MB globals, 16 P
gc 5595 @14.274s 9%: 0.16+0.57+0.11 ms clock, 2.6+0.65/0.90/0.033+1.7 ms cpu, 4->4->2 MB, 4 MB goal, 0 MB stacks, 0 MB globals, 16 P
gc 5596 @14.276s 9%: 0.16+0.64+0.12 ms clock, 2.5+0.88/0.93/0+1.9 ms cpu, 3->4->2 MB, 4 MB goal, 0 MB stacks, 0 MB globals, 16 P
gc 5597 @14.278s 9%: 0.12+0.64+0.17 ms clock, 1.9+0.76/0.82/0+2.7 ms cpu, 4->4->2 MB, 4 MB goal, 0 MB stacks, 0 MB globals, 16 P
gc 5598 @14.279s 9%: 0.13+0.74+0.098 ms clock, 2.1+0.60/0.87/0+1.5 ms cpu, 4->5->2 MB, 4 MB goal, 0 MB stacks, 0 MB globals, 16 P
gc 5599 @14.281s 9%: 0.11+0.54+0.13 ms clock, 1.8+0.95/1.0/0.001+2.1 ms cpu, 4->4->2 MB, 4 MB goal, 0 MB stacks, 0 MB globals, 16 P
gc 5600 @14.283s 9%: 0.20+0.70+0.17 ms clock, 3.2+0.71/1.0/0.031+2.7 ms cpu, 4->5->2 MB, 4 MB goal, 0 MB stacks, 0 MB globals, 16 P
gc 5601 @14.285s 9%: 0.15+0.66+0.13 ms clock, 2.4+0.69/0.91/0.058+2.1 ms cpu, 4->5->2 MB, 5 MB goal, 0 MB stacks, 0 MB globals, 16 P
gc 5602 @14.287s 9%: 0.15+0.58+0.25 ms clock, 2.5+0.61/0.99/0+4.0 ms cpu, 4->5->2 MB, 5 MB goal, 0 MB stacks, 0 MB globals, 16 P
gc 5603 @14.289s 9%: 0.12+0.75+0.16 ms clock, 1.9+0.72/0.84/0.043+2.5 ms cpu, 4->5->2 MB, 4 MB goal, 0 MB stacks, 0 MB globals, 16 P
gc 5604 @14.291s 9%: 0.19+0.89+0.11 ms clock, 3.1+0.72/0.86/0+1.7 ms cpu, 4->5->2 MB, 5 MB goal, 0 MB stacks, 0 MB globals, 16 P
gc 5605 @14.293s 9%: 0.16+0.61+0.11 ms clock, 2.6+0.69/1.0/0+1.8 ms cpu, 4->5->2 MB, 5 MB goal, 0 MB stacks, 0 MB globals, 16 P
gc 5606 @14.295s 9%: 0.15+0.62+0.14 ms clock, 2.4+0.83/0.81/0+2.3 ms cpu, 4->4->2 MB, 4 MB goal, 0 MB stacks, 0 MB globals, 16 P
gc 5607 @14.297s 9%: 0.12+0.47+0.15 ms clock, 1.9+0.70/0.86/0+2.5 ms cpu, 4->4->2 MB, 4 MB goal, 0 MB stacks, 0 MB globals, 16 P
gc 5608 @14.299s 9%: 0.10+0.56+0.11 ms clock, 1.6+0.66/0.88/0.003+1.8 ms cpu, 3->4->2 MB, 4 MB goal, 0 MB stacks, 0 MB globals, 16 P
gc 5609 @14.300s 9%: 0.19+0.75+0.098 ms clock, 3.1+0.59/0.98/0+1.5 ms cpu, 3->4->2 MB, 4 MB goal, 0 MB stacks, 0 MB globals, 16 P
gc 5610 @14.302s 9%: 0.12+0.55+0.20 ms clock, 2.0+0.67/0.91/0+3.2 ms cpu, 4->5->2 MB, 5 MB goal, 0 MB stacks, 0 MB globals, 16 P
gc 5611 @14.304s 9%: 0.19+0.64+0.17 ms clock, 3.0+0.75/0.81/0.048+2.7 ms cpu, 3->4->2 MB, 4 MB goal, 0 MB stacks, 0 MB globals, 16 P
gc 5612 @14.306s 9%: 0.13+0.53+0.12 ms clock, 2.2+0.57/1.0/0.003+1.9 ms cpu, 4->4->2 MB, 4 MB goal, 0 MB stacks, 0 MB globals, 16 P
gc 5613 @14.307s 9%: 0.18+0.58+0.17 ms clock, 2.9+0.76/0.97/0+2.8 ms cpu, 3->4->2 MB, 4 MB goal, 0 MB stacks, 0 MB globals, 16 P
gc 5614 @14.309s 9%: 0.13+0.90+0.17 ms clock, 2.2+0.63/1.0/0+2.8 ms cpu, 4->5->2 MB, 5 MB goal, 0 MB stacks, 0 MB globals, 16 P
gc 5615 @14.311s 9%: 0.19+0.77+0.16 ms clock, 3.0+0.78/1.1/0+2.5 ms cpu, 4->5->2 MB, 5 MB goal, 0 MB stacks, 0 MB globals, 16 P
gc 5616 @14.314s 9%: 0.12+0.65+0.12 ms clock, 2.0+0.58/1.0/0+2.0 ms cpu, 4->5->2 MB, 5 MB goal, 0 MB stacks, 0 MB globals, 16 P
gc 5617 @14.315s 9%: 0.15+0.58+0.14 ms clock, 2.4+0.61/0.93/0.020+2.3 ms cpu, 4->5->2 MB, 4 MB goal, 0 MB stacks, 0 MB globals, 16 P
gc 5618 @14.317s 9%: 0.17+0.58+0.15 ms clock, 2.8+0.63/1.0/0.006+2.4 ms cpu, 4->4->2 MB, 4 MB goal, 0 MB stacks, 0 MB globals, 16 P
gc 5619 @14.319s 9%: 0.16+0.61+0.14 ms clock, 2.7+0.67/0.88/0+2.2 ms cpu, 4->4->2 MB, 4 MB goal, 0 MB stacks, 0 MB globals, 16 P
gc 5620 @14.321s 9%: 0.15+0.51+0.11 ms clock, 2.4+0.69/0.95/0+1.8 ms cpu, 4->4->2 MB, 4 MB goal, 0 MB stacks, 0 MB globals, 16 P
gc 5621 @14.322s 9%: 0.16+0.67+0.12 ms clock, 2.7+0.56/1.0/0.002+1.9 ms cpu, 3->4->2 MB, 4 MB goal, 0 MB stacks, 0 MB globals, 16 P
gc 5622 @14.324s 9%: 0.11+0.63+0.10 ms clock, 1.8+0.51/1.0/0+1.7 ms cpu, 4->5->2 MB, 5 MB goal, 0 MB stacks, 0 MB globals, 16 P
gc 5623 @14.326s 9%: 0.14+0.69+0.11 ms clock, 2.3+0.44/1.0/0+1.9 ms cpu, 4->5->2 MB, 5 MB goal, 0 MB stacks, 0 MB globals, 16 P
gc 5624 @14.328s 9%: 0.12+0.66+0.10 ms clock, 1.9+0.83/0.92/0.001+1.6 ms cpu, 4->5->2 MB, 4 MB goal, 0 MB stacks, 0 MB globals, 16 P
gc 5625 @14.330s 9%: 0.12+0.52+0.10 ms clock, 1.9+0.78/0.88/0+1.6 ms cpu, 4->4->2 MB, 4 MB goal, 0 MB stacks, 0 MB globals, 16 P
gc 5626 @14.331s 9%: 0.12+0.54+0.12 ms clock, 1.9+0.59/0.89/0.035+2.0 ms cpu, 3->4->2 MB, 4 MB goal, 0 MB stacks, 0 MB globals, 16 P
gc 5627 @14.333s 9%: 0.13+1.0+0.089 ms clock, 2.0+0.68/0.94/0+1.4 ms cpu, 3->4->2 MB, 4 MB goal, 0 MB stacks, 0 MB globals, 16 P
gc 5628 @14.335s 9%: 0.12+0.75+0.13 ms clock, 2.0+0.68/0.98/0+2.1 ms cpu, 4->5->2 MB, 5 MB goal, 0 MB stacks, 0 MB globals, 16 P
gc 5629 @14.337s 9%: 0.13+0.48+0.13 ms clock, 2.1+0.78/0.85/0.003+2.2 ms cpu, 4->4->2 MB, 4 MB goal, 0 MB stacks, 0 MB globals, 16 P
gc 5630 @14.339s 9%: 0.12+0.72+0.19 ms clock, 1.9+0.67/1.1/0+3.0 ms cpu, 3->4->2 MB, 4 MB goal, 0 MB stacks, 0 MB globals, 16 P
gc 5631 @14.341s 9%: 0.14+0.56+0.10 ms clock, 2.2+0.67/0.98/0.002+1.6 ms cpu, 4->5->2 MB, 5 MB goal, 0 MB stacks, 0 MB globals, 16 P
gc 5632 @14.342s 9%: 0.13+0.58+0.13 ms clock, 2.0+0.67/0.94/0+2.2 ms cpu, 3->4->2 MB, 4 MB goal, 0 MB stacks, 0 MB globals, 16 P
gc 5633 @14.344s 9%: 0.13+0.66+0.16 ms clock, 2.2+0.76/0.91/0+2.6 ms cpu, 4->4->2 MB, 4 MB goal, 0 MB stacks, 0 MB globals, 16 P
gc 5634 @14.346s 9%: 0.18+0.66+0.11 ms clock, 2.9+0.78/0.83/0.059+1.9 ms cpu, 3->5->2 MB, 4 MB goal, 0 MB stacks, 0 MB globals, 16 P
gc 5635 @14.348s 9%: 0.14+0.63+0.23 ms clock, 2.3+0.62/0.97/0+3.6 ms cpu, 4->5->2 MB, 5 MB goal, 0 MB stacks, 0 MB globals, 16 P
gc 5636 @14.350s 9%: 0.11+0.52+0.20 ms clock, 1.7+0.64/0.88/0+3.3 ms cpu, 4->4->2 MB, 4 MB goal, 0 MB stacks, 0 MB globals, 16 P
gc 5637 @14.351s 9%: 0.17+0.55+0.13 ms clock, 2.8+0.59/0.87/0+2.1 ms cpu, 3->4->2 MB, 4 MB goal, 0 MB stacks, 0 MB globals, 16 P
gc 5638 @14.353s 9%: 0.13+0.59+0.078 ms clock, 2.1+0.58/0.95/0+1.2 ms cpu, 4->4->2 MB, 4 MB goal, 0 MB stacks, 0 MB globals, 16 P
gc 5639 @14.354s 9%: 0.12+0.60+0.11 ms clock, 1.9+0.67/0.87/0+1.8 ms cpu, 3->4->2 MB, 4 MB goal, 0 MB stacks, 0 MB globals, 16 P
gc 5640 @14.356s 9%: 0.15+0.71+0.12 ms clock, 2.5+0.64/1.0/0+1.9 ms cpu, 4->4->2 MB, 4 MB goal, 0 MB stacks, 0 MB globals, 16 P
gc 5641 @14.358s 9%: 0.16+0.77+0.16 ms clock, 2.6+0.69/0.91/0.035+2.5 ms cpu, 4->5->2 MB, 4 MB goal, 0 MB stacks, 0 MB globals, 16 P
gc 5642 @14.360s 9%: 0.11+0.52+0.18 ms clock, 1.8+0.76/0.86/0+3.0 ms cpu, 4->5->2 MB, 5 MB goal, 0 MB stacks, 0 MB globals, 16 P
gc 5643 @14.362s 9%: 0.12+0.53+0.094 ms clock, 1.9+0.71/0.98/0+1.5 ms cpu, 3->4->2 MB, 4 MB goal, 0 MB stacks, 0 MB globals, 16 P
gc 5644 @14.363s 9%: 0.16+0.56+0.12 ms clock, 2.6+0.52/1.0/0.002+1.9 ms cpu, 3->4->2 MB, 4 MB goal, 0 MB stacks, 0 MB globals, 16 P
gc 5645 @14.365s 9%: 0.12+0.68+0.097 ms clock, 1.9+0.59/1.0/0.023+1.5 ms cpu, 4->4->2 MB, 4 MB goal, 0 MB stacks, 0 MB globals, 16 P
gc 5646 @14.367s 9%: 0.16+0.54+0.15 ms clock, 2.5+0.81/1.0/0.007+2.5 ms cpu, 4->4->2 MB, 4 MB goal, 0 MB stacks, 0 MB globals, 16 P
gc 5647 @14.369s 9%: 0.16+0.77+0.079 ms clock, 2.5+0.75/0.92/0.023+1.2 ms cpu, 4->4->2 MB, 4 MB goal, 0 MB stacks, 0 MB globals, 16 P
gc 5648 @14.370s 9%: 0.12+0.50+0.25 ms clock, 1.9+0.58/0.79/0.18+4.0 ms cpu, 4->4->1 MB, 4 MB goal, 0 MB stacks, 0 MB globals, 16 P
gc 5649 @14.372s 9%: 0.17+0.70+0.099 ms clock, 2.8+0.52/1.0/0+1.5 ms cpu, 3->4->2 MB, 4 MB goal, 0 MB stacks, 0 MB globals, 16 P
gc 5650 @14.374s 9%: 0.16+0.61+0.11 ms clock, 2.5+0.80/0.86/0+1.8 ms cpu, 4->5->2 MB, 5 MB goal, 0 MB stacks, 0 MB globals, 16 P
gc 5651 @14.376s 9%: 0.14+0.74+0.088 ms clock, 2.2+0.78/0.89/0+1.4 ms cpu, 4->5->2 MB, 5 MB goal, 0 MB stacks, 0 MB globals, 16 P
gc 5652 @14.377s 9%: 0.13+0.69+0.22 ms clock, 2.1+0.90/0.92/0+3.5 ms cpu, 4->4->2 MB, 4 MB goal, 0 MB stacks, 0 MB globals, 16 P
gc 5653 @14.379s 9%: 0.11+0.61+0.12 ms clock, 1.8+0.73/0.85/0+2.0 ms cpu, 4->4->2 MB, 4 MB goal, 0 MB stacks, 0 MB globals, 16 P
gc 5654 @14.381s 9%: 0.10+0.66+0.15 ms clock, 1.6+0.80/0.95/0.014+2.4 ms cpu, 4->4->2 MB, 4 MB goal, 0 MB stacks, 0 MB globals, 16 P
gc 5655 @14.383s 9%: 0.21+0.65+0.19 ms clock, 3.4+0.67/0.99/0+3.0 ms cpu, 4->5->2 MB, 4 MB goal, 0 MB stacks, 0 MB globals, 16 P
gc 5656 @14.385s 9%: 0.14+0.62+0.18 ms clock, 2.2+0.74/0.85/0+2.8 ms cpu, 4->5->2 MB, 5 MB goal, 0 MB stacks, 0 MB globals, 16 P
gc 5657 @14.387s 9%: 0.12+0.70+0.13 ms clock, 2.0+0.68/1.0/0.073+2.1 ms cpu, 4->5->2 MB, 5 MB goal, 0 MB stacks, 0 MB globals, 16 P
gc 5658 @14.389s 9%: 0.14+0.62+0.10 ms clock, 2.2+0.72/0.87/0.014+1.6 ms cpu, 4->4->2 MB, 4 MB goal, 0 MB stacks, 0 MB globals, 16 P
gc 5659 @14.390s 9%: 0.17+0.67+0.13 ms clock, 2.7+0.56/1.0/0.028+2.1 ms cpu, 4->4->2 MB, 4 MB goal, 0 MB stacks, 0 MB globals, 16 P
gc 5660 @14.392s 9%: 0.15+0.68+0.090 ms clock, 2.4+0.63/1.0/0+1.4 ms cpu, 4->5->2 MB, 4 MB goal, 0 MB stacks, 0 MB globals, 16 P
gc 5661 @14.394s 9%: 0.11+0.76+0.096 ms clock, 1.9+0.68/1.0/0.010+1.5 ms cpu, 4->5->2 MB, 4 MB goal, 0 MB stacks, 0 MB globals, 16 P
gc 5662 @14.396s 9%: 0.15+0.66+0.10 ms clock, 2.5+0.58/0.83/0+1.6 ms cpu, 4->5->2 MB, 5 MB goal, 0 MB stacks, 0 MB globals, 16 P
gc 5663 @14.398s 9%: 0.10+0.68+0.10 ms clock, 1.7+0.68/1.0/0.014+1.6 ms cpu, 4->5->2 MB, 5 MB goal, 0 MB stacks, 0 MB globals, 16 P
gc 5664 @14.400s 9%: 0.13+0.75+0.11 ms clock, 2.2+0.66/0.96/0+1.8 ms cpu, 4->5->2 MB, 4 MB goal, 0 MB stacks, 0 MB globals, 16 P
gc 5665 @14.402s 9%: 0.11+0.51+0.17 ms clock, 1.8+0.71/0.85/0.021+2.8 ms cpu, 4->5->2 MB, 5 MB goal, 0 MB stacks, 0 MB globals, 16 P
gc 5666 @14.404s 9%: 0.12+0.69+0.19 ms clock, 1.9+0.66/0.98/0+3.1 ms cpu, 3->4->2 MB, 4 MB goal, 0 MB stacks, 0 MB globals, 16 P
gc 5667 @14.405s 9%: 0.19+0.85+0.093 ms clock, 3.0+0.55/1.1/0+1.4 ms cpu, 4->5->2 MB, 4 MB goal, 0 MB stacks, 0 MB globals, 16 P
gc 5668 @14.408s 9%: 0.17+0.62+0.12 ms clock, 2.8+0.57/1.0/0+1.9 ms cpu, 4->5->2 MB, 5 MB goal, 0 MB stacks, 0 MB globals, 16 P
gc 5669 @14.409s 9%: 0.11+0.66+0.15 ms clock, 1.8+0.55/1.1/0+2.4 ms cpu, 4->5->2 MB, 4 MB goal, 0 MB stacks, 0 MB globals, 16 P
gc 5670 @14.411s 9%: 0.13+0.62+0.097 ms clock, 2.1+0.60/0.97/0+1.5 ms cpu, 4->5->2 MB, 4 MB goal, 0 MB stacks, 0 MB globals, 16 P
gc 5671 @14.413s 9%: 0.14+0.65+0.10 ms clock, 2.2+0.68/0.99/0+1.6 ms cpu, 4->4->2 MB, 4 MB goal, 0 MB stacks, 0 MB globals, 16 P
gc 5672 @14.415s 9%: 0.090+0.57+0.11 ms clock, 1.4+0.62/0.98/0+1.8 ms cpu, 4->4->2 MB, 4 MB goal, 0 MB stacks, 0 MB globals, 16 P
gc 5673 @14.417s 9%: 0.13+0.62+0.16 ms clock, 2.1+0.67/0.98/0+2.5 ms cpu, 3->4->2 MB, 4 MB goal, 0 MB stacks, 0 MB globals, 16 P
gc 5674 @14.418s 9%: 0.18+0.47+0.21 ms clock, 2.9+0.84/0.84/0+3.3 ms cpu, 4->4->2 MB, 4 MB goal, 0 MB stacks, 0 MB globals, 16 P
gc 5675 @14.420s 9%: 0.17+0.54+0.20 ms clock, 2.7+0.47/0.94/0+3.2 ms cpu, 3->4->2 MB, 4 MB goal, 0 MB stacks, 0 MB globals, 16 P
gc 5676 @14.422s 9%: 0.17+0.54+0.11 ms clock, 2.8+0.69/0.81/0+1.9 ms cpu, 3->4->2 MB, 4 MB goal, 0 MB stacks, 0 MB globals, 16 P
gc 5677 @14.423s 9%: 0.14+0.66+0.099 ms clock, 2.2+0.53/0.93/0+1.5 ms cpu, 3->4->2 MB, 4 MB goal, 0 MB stacks, 0 MB globals, 16 P
gc 5678 @14.425s 9%: 0.11+0.66+0.10 ms clock, 1.8+0.69/0.83/0+1.7 ms cpu, 4->4->2 MB, 5 MB goal, 0 MB stacks, 0 MB globals, 16 P
gc 5679 @14.426s 9%: 0.14+0.57+0.20 ms clock, 2.2+0.63/0.85/0.10+3.2 ms cpu, 3->4->1 MB, 4 MB goal, 0 MB stacks, 0 MB globals, 16 P
gc 5680 @14.428s 9%: 0.11+0.71+0.16 ms clock, 1.8+0.57/1.1/0+2.6 ms cpu, 3->4->2 MB, 4 MB goal, 0 MB stacks, 0 MB globals, 16 P
gc 5681 @14.430s 9%: 0.11+0.58+0.17 ms clock, 1.8+0.53/0.90/0.29+2.7 ms cpu, 4->5->2 MB, 5 MB goal, 0 MB stacks, 0 MB globals, 16 P
gc 5682 @14.431s 9%: 0.22+0.68+0.14 ms clock, 3.6+0.75/1.0/0+2.2 ms cpu, 3->4->2 MB, 4 MB goal, 0 MB stacks, 0 MB globals, 16 P
gc 5683 @14.434s 9%: 0.11+0.58+0.13 ms clock, 1.8+0.53/1.0/0.005+2.1 ms cpu, 4->5->2 MB, 5 MB goal, 0 MB stacks, 0 MB globals, 16 P
gc 5684 @14.435s 9%: 0.14+0.59+0.17 ms clock, 2.2+0.74/1.0/0.002+2.7 ms cpu, 4->4->2 MB, 4 MB goal, 0 MB stacks, 0 MB globals, 16 P
gc 5685 @14.437s 9%: 0.15+0.80+0.10 ms clock, 2.4+0.61/1.1/0+1.6 ms cpu, 4->5->2 MB, 4 MB goal, 0 MB stacks, 0 MB globals, 16 P
gc 5686 @14.439s 9%: 0.13+0.58+0.19 ms clock, 2.0+0.55/1.0/0+3.0 ms cpu, 4->5->2 MB, 5 MB goal, 0 MB stacks, 0 MB globals, 16 P
gc 5687 @14.441s 9%: 0.10+0.94+0.090 ms clock, 1.7+0.44/1.2/0.014+1.4 ms cpu, 4->5->2 MB, 4 MB goal, 0 MB stacks, 0 MB globals, 16 P
gc 5688 @14.443s 9%: 0.12+0.76+0.088 ms clock, 2.0+0.66/0.93/0+1.4 ms cpu, 4->5->2 MB, 5 MB goal, 0 MB stacks, 0 MB globals, 16 P
gc 5689 @14.445s 9%: 0.17+0.63+0.16 ms clock, 2.7+0.66/0.96/0+2.6 ms cpu, 4->4->2 MB, 4 MB goal, 0 MB stacks, 0 MB globals, 16 P
gc 5690 @14.447s 9%: 0.12+0.83+0.099 ms clock, 2.0+0.64/1.1/0+1.5 ms cpu, 4->5->2 MB, 4 MB goal, 0 MB stacks, 0 MB globals, 16 P
gc 5691 @14.449s 9%: 0.12+0.81+0.095 ms clock, 1.9+0.60/1.1/0.019+1.5 ms cpu, 4->5->2 MB, 5 MB goal, 0 MB stacks, 0 MB globals, 16 P
gc 5692 @14.451s 9%: 0.14+0.57+0.12 ms clock, 2.3+0.75/1.0/0+2.0 ms cpu, 4->5->2 MB, 5 MB goal, 0 MB stacks, 0 MB globals, 16 P
gc 5693 @14.453s 9%: 0.18+0.65+0.13 ms clock, 2.9+0.76/1.0/0.040+2.0 ms cpu, 4->4->2 MB, 4 MB goal, 0 MB stacks, 0 MB globals, 16 P
gc 5694 @14.455s 9%: 0.14+0.72+0.087 ms clock, 2.3+0.66/1.0/0.015+1.4 ms cpu, 4->5->2 MB, 4 MB goal, 0 MB stacks, 0 MB globals, 16 P
gc 5695 @14.457s 9%: 0.17+0.52+0.18 ms clock, 2.8+0.75/0.91/0+2.9 ms cpu, 4->4->2 MB, 5 MB goal, 0 MB stacks, 0 MB globals, 16 P
gc 5696 @14.458s 9%: 0.14+0.60+0.16 ms clock, 2.3+0.45/1.1/0+2.6 ms cpu, 4->4->2 MB, 4 MB goal, 0 MB stacks, 0 MB globals, 16 P
gc 5697 @14.460s 9%: 0.12+0.56+0.11 ms clock, 2.0+0.63/0.86/0.001+1.7 ms cpu, 3->4->2 MB, 4 MB goal, 0 MB stacks, 0 MB globals, 16 P
gc 5698 @14.462s 9%: 0.14+0.63+0.20 ms clock, 2.2+0.82/1.0/0+3.3 ms cpu, 3->4->2 MB, 4 MB goal, 0 MB stacks, 0 MB globals, 16 P
gc 5699 @14.464s 9%: 0.11+0.99+0.15 ms clock, 1.7+0.64/0.89/0.007+2.4 ms cpu, 4->5->2 MB, 5 MB goal, 0 MB stacks, 0 MB globals, 16 P
gc 5700 @14.466s 9%: 0.10+0.60+0.083 ms clock, 1.7+0.45/0.92/0+1.3 ms cpu, 4->5->2 MB, 5 MB goal, 0 MB stacks, 0 MB globals, 16 P
gc 5701 @14.467s 9%: 0.11+0.45+0.14 ms clock, 1.8+0.55/0.90/0+2.2 ms cpu, 3->4->2 MB, 4 MB goal, 0 MB stacks, 0 MB globals, 16 P
gc 5702 @14.469s 9%: 0.13+0.72+0.13 ms clock, 2.2+0.73/0.87/0+2.1 ms cpu, 3->4->2 MB, 4 MB goal, 0 MB stacks, 0 MB globals, 16 P
gc 5703 @14.471s 9%: 0.18+0.58+0.14 ms clock, 2.8+0.71/0.96/0.067+2.2 ms cpu, 4->5->2 MB, 4 MB goal, 0 MB stacks, 0 MB globals, 16 P
gc 5704 @14.472s 9%: 0.12+0.61+0.14 ms clock, 2.0+0.52/0.88/0.15+2.2 ms cpu, 4->5->2 MB, 4 MB goal, 0 MB stacks, 0 MB globals, 16 P
gc 5705 @14.474s 9%: 0.12+0.62+0.17 ms clock, 2.0+0.59/1.0/0+2.8 ms cpu, 4->4->2 MB, 4 MB goal, 0 MB stacks, 0 MB globals, 16 P
gc 5706 @14.476s 9%: 0.11+0.63+0.16 ms clock, 1.8+0.62/1.0/0+2.7 ms cpu, 4->5->2 MB, 4 MB goal, 0 MB stacks, 0 MB globals, 16 P
gc 5707 @14.478s 9%: 0.24+0.54+0.16 ms clock, 3.9+0.71/0.96/0+2.6 ms cpu, 4->5->2 MB, 4 MB goal, 0 MB stacks, 0 MB globals, 16 P
gc 5708 @14.480s 9%: 0.13+0.71+0.10 ms clock, 2.0+0.57/1.0/0+1.7 ms cpu, 4->5->2 MB, 4 MB goal, 0 MB stacks, 0 MB globals, 16 P
gc 5709 @14.482s 9%: 0.14+0.64+0.20 ms clock, 2.3+0.86/0.87/0+3.3 ms cpu, 4->5->2 MB, 5 MB goal, 0 MB stacks, 0 MB globals, 16 P
gc 5710 @14.484s 9%: 0.15+0.81+0.058 ms clock, 2.4+0.68/1.1/0.004+0.93 ms cpu, 4->5->2 MB, 4 MB goal, 0 MB stacks, 0 MB globals, 16 P
gc 5711 @14.486s 9%: 0.10+0.69+0.19 ms clock, 1.6+0.70/1.0/0+3.1 ms cpu, 4->5->2 MB, 5 MB goal, 0 MB stacks, 0 MB globals, 16 P
gc 5712 @14.487s 9%: 0.15+0.48+0.14 ms clock, 2.4+0.71/0.93/0+2.3 ms cpu, 4->4->2 MB, 4 MB goal, 0 MB stacks, 0 MB globals, 16 P
gc 5713 @14.489s 9%: 0.16+0.71+0.15 ms clock, 2.5+0.55/0.92/0+2.4 ms cpu, 3->4->2 MB, 4 MB goal, 0 MB stacks, 0 MB globals, 16 P
gc 5714 @14.491s 9%: 0.15+0.64+0.18 ms clock, 2.5+0.66/1.0/0.002+2.9 ms cpu, 4->5->2 MB, 5 MB goal, 0 MB stacks, 0 MB globals, 16 P
gc 5715 @14.493s 9%: 0.18+0.61+0.20 ms clock, 2.9+0.70/0.96/0.017+3.3 ms cpu, 4->5->2 MB, 5 MB goal, 0 MB stacks, 0 MB globals, 16 P
gc 5716 @14.495s 9%: 0.20+0.66+0.13 ms clock, 3.2+0.83/0.87/0+2.1 ms cpu, 4->4->2 MB, 4 MB goal, 0 MB stacks, 0 MB globals, 16 P
gc 5717 @14.497s 9%: 0.17+0.60+0.12 ms clock, 2.7+0.77/1.0/0+1.9 ms cpu, 4->5->2 MB, 5 MB goal, 0 MB stacks, 0 MB globals, 16 P
gc 5718 @14.499s 9%: 0.16+0.70+0.12 ms clock, 2.6+0.55/0.99/0+2.0 ms cpu, 4->5->2 MB, 4 MB goal, 0 MB stacks, 0 MB globals, 16 P
gc 5719 @14.501s 9%: 0.13+0.49+0.090 ms clock, 2.1+0.82/0.86/0.003+1.4 ms cpu, 4->5->2 MB, 5 MB goal, 0 MB stacks, 0 MB globals, 16 P
gc 5720 @14.502s 9%: 0.12+0.69+0.056 ms clock, 2.0+0.56/1.0/0.004+0.90 ms cpu, 3->4->2 MB, 4 MB goal, 0 MB stacks, 0 MB globals, 16 P
gc 5721 @14.504s 9%: 0.14+0.63+0.13 ms clock, 2.3+0.66/1.0/0+2.1 ms cpu, 4->5->2 MB, 4 MB goal, 0 MB stacks, 0 MB globals, 16 P
gc 5722 @14.506s 9%: 0.12+0.77+0.16 ms clock, 2.0+0.68/1.1/0+2.6 ms cpu, 4->5->2 MB, 4 MB goal, 0 MB stacks, 0 MB globals, 16 P
gc 5723 @14.508s 9%: 0.12+0.74+0.12 ms clock, 1.9+0.67/1.0/0.020+1.9 ms cpu, 4->5->2 MB, 5 MB goal, 0 MB stacks, 0 MB globals, 16 P
gc 5724 @14.510s 9%: 0.12+0.72+0.061 ms clock, 2.0+0.61/0.95/0+0.99 ms cpu, 4->4->2 MB, 4 MB goal, 0 MB stacks, 0 MB globals, 16 P
gc 5725 @14.512s 9%: 0.13+0.48+0.16 ms clock, 2.1+0.62/0.91/0.019+2.6 ms cpu, 4->4->2 MB, 4 MB goal, 0 MB stacks, 0 MB globals, 16 P
gc 5726 @14.513s 9%: 0.12+0.78+0.075 ms clock, 1.9+0.61/1.0/0+1.2 ms cpu, 3->4->2 MB, 4 MB goal, 0 MB stacks, 0 MB globals, 16 P
gc 5727 @14.515s 9%: 0.13+0.53+0.18 ms clock, 2.2+0.86/1.1/0+2.9 ms cpu, 4->4->2 MB, 4 MB goal, 0 MB stacks, 0 MB globals, 16 P
gc 5728 @14.517s 9%: 0.16+0.95+0.096 ms clock, 2.6+0.70/0.90/0+1.5 ms cpu, 3->5->2 MB, 4 MB goal, 0 MB stacks, 0 MB globals, 16 P
gc 5729 @14.519s 9%: 0.15+0.59+0.11 ms clock, 2.4+0.70/0.94/0+1.7 ms cpu, 4->5->2 MB, 5 MB goal, 0 MB stacks, 0 MB globals, 16 P
gc 5730 @14.521s 9%: 0.11+0.66+0.20 ms clock, 1.8+0.62/0.94/0.031+3.3 ms cpu, 4->4->2 MB, 4 MB goal, 0 MB stacks, 0 MB globals, 16 P
gc 5731 @14.523s 9%: 0.12+0.67+0.11 ms clock, 1.9+0.47/1.0/0+1.8 ms cpu, 4->4->2 MB, 4 MB goal, 0 MB stacks, 0 MB globals, 16 P
gc 5732 @14.524s 9%: 0.12+0.65+0.21 ms clock, 2.0+0.76/0.92/0.031+3.3 ms cpu, 4->4->2 MB, 4 MB goal, 0 MB stacks, 0 MB globals, 16 P
gc 5733 @14.526s 9%: 0.15+0.66+0.11 ms clock, 2.4+0.63/1.0/0+1.8 ms cpu, 4->5->2 MB, 4 MB goal, 0 MB stacks, 0 MB globals, 16 P
gc 5734 @14.528s 9%: 0.10+0.63+0.075 ms clock, 1.7+0.58/1.1/0.002+1.2 ms cpu, 4->5->2 MB, 5 MB goal, 0 MB stacks, 0 MB globals, 16 P
gc 5735 @14.530s 9%: 0.12+0.54+0.082 ms clock, 2.0+0.65/0.97/0+1.3 ms cpu, 4->4->2 MB, 4 MB goal, 0 MB stacks, 0 MB globals, 16 P
gc 5736 @14.532s 9%: 0.095+0.48+0.17 ms clock, 1.5+0.48/0.92/0.002+2.7 ms cpu, 3->4->2 MB, 4 MB goal, 0 MB stacks, 0 MB globals, 16 P
gc 5737 @14.533s 9%: 0.18+0.68+0.16 ms clock, 3.0+0.88/1.0/0+2.5 ms cpu, 3->4->2 MB, 4 MB goal, 0 MB stacks, 0 MB globals, 16 P
gc 5738 @14.535s 9%: 0.13+0.61+0.11 ms clock, 2.1+0.57/1.0/0.006+1.8 ms cpu, 4->4->2 MB, 4 MB goal, 0 MB stacks, 0 MB globals, 16 P
gc 5739 @14.537s 9%: 0.15+0.71+0.20 ms clock, 2.4+0.83/0.94/0+3.2 ms cpu, 4->4->2 MB, 4 MB goal, 0 MB stacks, 0 MB globals, 16 P
gc 5740 @14.539s 9%: 0.15+0.50+0.17 ms clock, 2.5+0.67/0.89/0+2.8 ms cpu, 4->4->2 MB, 5 MB goal, 0 MB stacks, 0 MB globals, 16 P
gc 5741 @14.540s 9%: 0.13+0.67+0.11 ms clock, 2.2+0.67/0.81/0+1.7 ms cpu, 3->4->2 MB, 4 MB goal, 0 MB stacks, 0 MB globals, 16 P
gc 5742 @14.542s 9%: 0.11+0.61+0.14 ms clock, 1.8+0.66/0.83/0.016+2.3 ms cpu, 4->4->2 MB, 4 MB goal, 0 MB stacks, 0 MB globals, 16 P
gc 5743 @14.544s 9%: 0.17+0.68+0.087 ms clock, 2.7+0.61/1.1/0+1.4 ms cpu, 3->4->2 MB, 4 MB goal, 0 MB stacks, 0 MB globals, 16 P
gc 5744 @14.545s 9%: 0.13+0.56+0.11 ms clock, 2.1+0.47/1.0/0+1.8 ms cpu, 4->4->2 MB, 4 MB goal, 0 MB stacks, 0 MB globals, 16 P
gc 5745 @14.547s 9%: 0.12+0.56+0.15 ms clock, 1.9+0.59/0.90/0.018+2.5 ms cpu, 3->4->2 MB, 4 MB goal, 0 MB stacks, 0 MB globals, 16 P
gc 5746 @14.549s 9%: 0.11+0.57+0.10 ms clock, 1.8+0.50/0.97/0+1.6 ms cpu, 4->4->2 MB, 4 MB goal, 0 MB stacks, 0 MB globals, 16 P
gc 5747 @14.550s 9%: 0.14+0.64+0.14 ms clock, 2.3+0.56/0.97/0+2.2 ms cpu, 3->4->2 MB, 4 MB goal, 0 MB stacks, 0 MB globals, 16 P
gc 5748 @14.552s 9%: 0.14+0.77+0.16 ms clock, 2.2+0.64/0.99/0+2.6 ms cpu, 4->5->2 MB, 4 MB goal, 0 MB stacks, 0 MB globals, 16 P
gc 5749 @14.554s 9%: 0.16+0.68+0.11 ms clock, 2.6+0.72/0.91/0+1.8 ms cpu, 4->5->2 MB, 5 MB goal, 0 MB stacks, 0 MB globals, 16 P
gc 5750 @14.556s 9%: 0.12+0.53+0.13 ms clock, 1.9+0.72/0.84/0+2.1 ms cpu, 4->4->2 MB, 5 MB goal, 0 MB stacks, 0 MB globals, 16 P
gc 5751 @14.558s 9%: 0.18+0.92+0.12 ms clock, 2.8+0.80/0.99/0+1.9 ms cpu, 3->5->2 MB, 4 MB goal, 0 MB stacks, 0 MB globals, 16 P
gc 5752 @14.560s 9%: 0.14+0.96+0.098 ms clock, 2.3+0.62/0.96/0+1.5 ms cpu, 4->5->2 MB, 5 MB goal, 0 MB stacks, 0 MB globals, 16 P
gc 5753 @14.562s 9%: 0.13+0.75+0.14 ms clock, 2.1+0.66/1.1/0+2.3 ms cpu, 4->5->2 MB, 5 MB goal, 0 MB stacks, 0 MB globals, 16 P
gc 5754 @14.565s 9%: 0.21+0.66+0.047 ms clock, 3.4+0.71/0.82/0+0.76 ms cpu, 4->5->2 MB, 5 MB goal, 0 MB stacks, 0 MB globals, 16 P
gc 5755 @14.567s 9%: 0.19+0.64+0.15 ms clock, 3.0+0.67/0.88/0+2.4 ms cpu, 4->5->2 MB, 4 MB goal, 0 MB stacks, 0 MB globals, 16 P
gc 5756 @14.568s 9%: 0.14+0.60+0.099 ms clock, 2.3+0.68/1.0/0+1.5 ms cpu, 4->5->2 MB, 4 MB goal, 0 MB stacks, 0 MB globals, 16 P
gc 5757 @14.570s 9%: 0.11+0.68+0.11 ms clock, 1.7+0.69/1.1/0.005+1.8 ms cpu, 4->5->2 MB, 4 MB goal, 0 MB stacks, 0 MB globals, 16 P
gc 5758 @14.572s 9%: 0.13+0.63+0.16 ms clock, 2.1+0.69/0.94/0+2.6 ms cpu, 4->5->2 MB, 5 MB goal, 0 MB stacks, 0 MB globals, 16 P
gc 5759 @14.574s 9%: 0.14+0.59+0.11 ms clock, 2.3+0.59/0.98/0.061+1.8 ms cpu, 4->4->2 MB, 4 MB goal, 0 MB stacks, 0 MB globals, 16 P
gc 5760 @14.576s 9%: 0.097+0.58+0.15 ms clock, 1.5+0.57/0.89/0.011+2.4 ms cpu, 4->4->2 MB, 4 MB goal, 0 MB stacks, 0 MB globals, 16 P
gc 5761 @14.577s 9%: 0.11+0.86+0.066 ms clock, 1.8+0.80/1.0/0+1.0 ms cpu, 3->4->2 MB, 4 MB goal, 0 MB stacks, 0 MB globals, 16 P
gc 5762 @14.580s 9%: 0.13+0.60+0.17 ms clock, 2.1+0.74/0.92/0.003+2.7 ms cpu, 4->5->2 MB, 5 MB goal, 0 MB stacks, 0 MB globals, 16 P
gc 5763 @14.581s 9%: 0.12+0.76+0.10 ms clock, 2.0+0.72/0.92/0.036+1.7 ms cpu, 4->4->2 MB, 4 MB goal, 0 MB stacks, 0 MB globals, 16 P
gc 5764 @14.583s 9%: 0.16+0.77+0.098 ms clock, 2.5+0.55/0.97/0+1.5 ms cpu, 4->4->2 MB, 4 MB goal, 0 MB stacks, 0 MB globals, 16 P
gc 5765 @14.585s 9%: 0.17+0.95+0.068 ms clock, 2.8+0.62/0.97/0+1.0 ms cpu, 4->5->2 MB, 5 MB goal, 0 MB stacks, 0 MB globals, 16 P
gc 5766 @14.587s 9%: 0.12+0.52+0.11 ms clock, 2.0+0.62/0.85/0.007+1.8 ms cpu, 4->5->2 MB, 5 MB goal, 0 MB stacks, 0 MB globals, 16 P
gc 5767 @14.589s 9%: 0.11+0.64+0.11 ms clock, 1.8+0.79/0.89/0.021+1.8 ms cpu, 3->4->2 MB, 4 MB goal, 0 MB stacks, 0 MB globals, 16 P
gc 5768 @14.591s 9%: 0.12+0.77+0.10 ms clock, 1.9+0.66/0.94/0+1.6 ms cpu, 3->4->2 MB, 4 MB goal, 0 MB stacks, 0 MB globals, 16 P
gc 5769 @14.593s 9%: 0.12+0.78+0.20 ms clock, 1.9+0.79/0.95/0+3.3 ms cpu, 4->5->2 MB, 5 MB goal, 0 MB stacks, 0 MB globals, 16 P
gc 5770 @14.595s 9%: 0.15+0.83+0.14 ms clock, 2.4+0.61/1.0/0.052+2.3 ms cpu, 4->5->2 MB, 5 MB goal, 0 MB stacks, 0 MB globals, 16 P
gc 5771 @14.597s 9%: 0.10+0.63+0.11 ms clock, 1.6+0.83/0.82/0+1.7 ms cpu, 4->5->2 MB, 5 MB goal, 0 MB stacks, 0 MB globals, 16 P
gc 5772 @14.599s 9%: 0.13+0.73+0.13 ms clock, 2.2+0.81/0.81/0+2.1 ms cpu, 3->4->2 MB, 4 MB goal, 0 MB stacks, 0 MB globals, 16 P
gc 5773 @14.601s 9%: 0.13+0.58+0.056 ms clock, 2.1+0.61/0.95/0.004+0.90 ms cpu, 4->5->2 MB, 4 MB goal, 0 MB stacks, 0 MB globals, 16 P
gc 5774 @14.602s 9%: 0.11+0.52+0.063 ms clock, 1.7+0.85/0.79/0+1.0 ms cpu, 3->4->2 MB, 4 MB goal, 0 MB stacks, 0 MB globals, 16 P
gc 5775 @14.604s 9%: 0.16+0.65+0.11 ms clock, 2.5+0.51/0.99/0.004+1.8 ms cpu, 3->4->2 MB, 4 MB goal, 0 MB stacks, 0 MB globals, 16 P
gc 5776 @14.606s 9%: 0.21+0.70+0.10 ms clock, 3.5+0.89/0.85/0+1.6 ms cpu, 4->5->2 MB, 4 MB goal, 0 MB stacks, 0 MB globals, 16 P
gc 5777 @14.608s 9%: 0.14+0.52+0.15 ms clock, 2.2+0.80/0.82/0+2.4 ms cpu, 4->5->2 MB, 5 MB goal, 0 MB stacks, 0 MB globals, 16 P
gc 5778 @14.609s 9%: 0.12+0.60+0.14 ms clock, 1.9+0.67/1.0/0.005+2.3 ms cpu, 3->4->2 MB, 4 MB goal, 0 MB stacks, 0 MB globals, 16 P
gc 5779 @14.611s 9%: 0.094+0.49+0.14 ms clock, 1.5+0.60/0.79/0.002+2.3 ms cpu, 3->4->2 MB, 4 MB goal, 0 MB stacks, 0 MB globals, 16 P
gc 5780 @14.613s 9%: 0.13+0.62+0.097 ms clock, 2.2+0.70/0.92/0.010+1.5 ms cpu, 3->4->2 MB, 4 MB goal, 0 MB stacks, 0 MB globals, 16 P
gc 5781 @14.614s 9%: 0.13+0.80+0.11 ms clock, 2.1+0.73/1.0/0+1.7 ms cpu, 4->4->2 MB, 4 MB goal, 0 MB stacks, 0 MB globals, 16 P
gc 5782 @14.616s 9%: 0.24+0.66+0.13 ms clock, 3.8+0.64/0.91/0+2.1 ms cpu, 4->5->2 MB, 5 MB goal, 0 MB stacks, 0 MB globals, 16 P
gc 5783 @14.618s 9%: 0.097+0.71+0.099 ms clock, 1.5+0.56/1.0/0.018+1.5 ms cpu, 4->5->2 MB, 5 MB goal, 0 MB stacks, 0 MB globals, 16 P
gc 5784 @14.620s 9%: 0.13+0.58+0.15 ms clock, 2.1+0.50/1.0/0.008+2.4 ms cpu, 4->4->2 MB, 4 MB goal, 0 MB stacks, 0 MB globals, 16 P
gc 5785 @14.622s 9%: 0.10+0.69+0.18 ms clock, 1.6+0.60/1.0/0+2.9 ms cpu, 3->4->2 MB, 4 MB goal, 0 MB stacks, 0 MB globals, 16 P
gc 5786 @14.624s 9%: 0.12+0.63+0.098 ms clock, 1.9+0.48/0.98/0.037+1.5 ms cpu, 4->4->2 MB, 5 MB goal, 0 MB stacks, 0 MB globals, 16 P
gc 5787 @14.625s 9%: 0.15+0.51+0.12 ms clock, 2.4+0.62/1.0/0+1.9 ms cpu, 3->4->2 MB, 4 MB goal, 0 MB stacks, 0 MB globals, 16 P
gc 5788 @14.627s 9%: 0.17+0.77+0.098 ms clock, 2.7+0.56/1.0/0.011+1.5 ms cpu, 3->4->2 MB, 4 MB goal, 0 MB stacks, 0 MB globals, 16 P
gc 5789 @14.629s 9%: 0.18+0.61+0.13 ms clock, 2.8+0.58/1.0/0+2.0 ms cpu, 4->5->2 MB, 5 MB goal, 0 MB stacks, 0 MB globals, 16 P
gc 5790 @14.631s 9%: 0.12+0.89+0.12 ms clock, 1.9+0.72/0.90/0+1.9 ms cpu, 4->5->2 MB, 4 MB goal, 0 MB stacks, 0 MB globals, 16 P
gc 5791 @14.633s 9%: 0.18+0.77+0.071 ms clock, 3.0+0.63/0.82/0+1.1 ms cpu, 4->5->2 MB, 5 MB goal, 0 MB stacks, 0 MB globals, 16 P
gc 5792 @14.635s 9%: 0.17+0.65+0.097 ms clock, 2.7+0.66/0.87/0+1.5 ms cpu, 4->5->2 MB, 4 MB goal, 0 MB stacks, 0 MB globals, 16 P
gc 5793 @14.637s 9%: 0.094+0.71+0.095 ms clock, 1.5+0.74/0.87/0.040+1.5 ms cpu, 4->5->2 MB, 5 MB goal, 0 MB stacks, 0 MB globals, 16 P
gc 5794 @14.639s 9%: 0.11+0.59+0.14 ms clock, 1.8+0.62/0.92/0+2.2 ms cpu, 3->4->2 MB, 4 MB goal, 0 MB stacks, 0 MB globals, 16 P
gc 5795 @14.640s 9%: 0.18+0.53+0.18 ms clock, 2.8+0.72/0.84/0+2.9 ms cpu, 4->4->2 MB, 4 MB goal, 0 MB stacks, 0 MB globals, 16 P
gc 5796 @14.642s 9%: 0.16+0.68+0.14 ms clock, 2.6+0.46/1.0/0+2.3 ms cpu, 3->4->2 MB, 4 MB goal, 0 MB stacks, 0 MB globals, 16 P
gc 5797 @14.644s 9%: 0.12+0.61+0.25 ms clock, 2.0+0.67/1.0/0+4.0 ms cpu, 4->5->2 MB, 4 MB goal, 0 MB stacks, 0 MB globals, 16 P
gc 5798 @14.646s 9%: 0.21+0.76+0.14 ms clock, 3.4+0.65/0.94/0+2.2 ms cpu, 3->5->2 MB, 4 MB goal, 0 MB stacks, 0 MB globals, 16 P
gc 5799 @14.648s 9%: 0.093+0.57+0.13 ms clock, 1.5+0.70/0.94/0.006+2.1 ms cpu, 4->5->2 MB, 5 MB goal, 0 MB stacks, 0 MB globals, 16 P
gc 5800 @14.649s 9%: 0.10+0.58+0.14 ms clock, 1.7+0.51/1.0/0+2.2 ms cpu, 3->4->2 MB, 4 MB goal, 0 MB stacks, 0 MB globals, 16 P
gc 5801 @14.651s 9%: 0.15+0.56+0.21 ms clock, 2.5+0.77/0.96/0.003+3.4 ms cpu, 3->4->2 MB, 4 MB goal, 0 MB stacks, 0 MB globals, 16 P
gc 5802 @14.653s 9%: 0.14+0.74+0.093 ms clock, 2.2+0.62/0.91/0+1.4 ms cpu, 4->4->2 MB, 4 MB goal, 0 MB stacks, 0 MB globals, 16 P
gc 5803 @14.655s 9%: 0.10+0.66+0.19 ms clock, 1.7+0.69/0.98/0.016+3.0 ms cpu, 4->4->2 MB, 4 MB goal, 0 MB stacks, 0 MB globals, 16 P
gc 5804 @14.656s 9%: 0.12+0.48+0.17 ms clock, 2.0+0.57/0.87/0+2.7 ms cpu, 4->4->2 MB, 4 MB goal, 0 MB stacks, 0 MB globals, 16 P
gc 5805 @14.658s 9%: 0.15+0.62+0.16 ms clock, 2.4+0.77/1.0/0.035+2.7 ms cpu, 3->4->2 MB, 4 MB goal, 0 MB stacks, 0 MB globals, 16 P
gc 5806 @14.660s 9%: 0.15+0.67+0.15 ms clock, 2.4+0.67/0.90/0+2.5 ms cpu, 4->5->2 MB, 4 MB goal, 0 MB stacks, 0 MB globals, 16 P
gc 5807 @14.662s 9%: 0.14+0.68+0.058 ms clock, 2.3+0.69/1.1/0+0.94 ms cpu, 4->5->2 MB, 5 MB goal, 0 MB stacks, 0 MB globals, 16 P
gc 5808 @14.663s 9%: 0.14+0.73+0.088 ms clock, 2.2+0.47/0.99/0+1.4 ms cpu, 4->5->2 MB, 4 MB goal, 0 MB stacks, 0 MB globals, 16 P
gc 5809 @14.665s 9%: 0.11+0.79+0.088 ms clock, 1.7+0.64/1.2/0+1.4 ms cpu, 4->5->2 MB, 5 MB goal, 0 MB stacks, 0 MB globals, 16 P
gc 5810 @14.667s 9%: 0.15+0.73+0.10 ms clock, 2.4+0.66/0.96/0+1.7 ms cpu, 4->5->2 MB, 5 MB goal, 0 MB stacks, 0 MB globals, 16 P
gc 5811 @14.669s 9%: 0.14+0.78+0.071 ms clock, 2.3+0.66/1.0/0+1.1 ms cpu, 4->5->2 MB, 5 MB goal, 0 MB stacks, 0 MB globals, 16 P
gc 5812 @14.671s 9%: 0.11+0.48+0.11 ms clock, 1.8+0.62/1.0/0+1.8 ms cpu, 4->5->2 MB, 5 MB goal, 0 MB stacks, 0 MB globals, 16 P
gc 5813 @14.673s 9%: 0.12+0.59+0.13 ms clock, 2.0+0.60/0.97/0+2.2 ms cpu, 3->4->2 MB, 4 MB goal, 0 MB stacks, 0 MB globals, 16 P
gc 5814 @14.675s 9%: 0.12+0.77+0.10 ms clock, 2.0+0.60/0.94/0+1.6 ms cpu, 3->4->2 MB, 4 MB goal, 0 MB stacks, 0 MB globals, 16 P
gc 5815 @14.676s 9%: 0.11+0.63+0.10 ms clock, 1.7+0.71/0.99/0.005+1.6 ms cpu, 4->5->2 MB, 4 MB goal, 0 MB stacks, 0 MB globals, 16 P
gc 5816 @14.678s 9%: 0.14+0.59+0.097 ms clock, 2.3+0.57/1.0/0+1.5 ms cpu, 4->4->2 MB, 4 MB goal, 0 MB stacks, 0 MB globals, 16 P
gc 5817 @14.680s 9%: 0.19+0.76+0.19 ms clock, 3.0+0.80/0.90/0+3.0 ms cpu, 4->5->2 MB, 4 MB goal, 0 MB stacks, 0 MB globals, 16 P
gc 5818 @14.682s 9%: 0.099+1.0+0.085 ms clock, 1.5+0.57/1.0/0+1.3 ms cpu, 4->5->2 MB, 4 MB goal, 0 MB stacks, 0 MB globals, 16 P
gc 5819 @14.684s 9%: 0.19+0.60+0.19 ms clock, 3.1+0.61/0.94/0.10+3.1 ms cpu, 4->5->2 MB, 5 MB goal, 0 MB stacks, 0 MB globals, 16 P
gc 5820 @14.686s 9%: 0.32+0.65+0.069 ms clock, 5.2+0.69/1.0/0+1.1 ms cpu, 3->4->2 MB, 4 MB goal, 0 MB stacks, 0 MB globals, 16 P
gc 5821 @14.687s 9%: 0.16+0.56+0.082 ms clock, 2.5+0.56/0.90/0+1.3 ms cpu, 4->4->2 MB, 5 MB goal, 0 MB stacks, 0 MB globals, 16 P
gc 5822 @14.689s 9%: 0.16+0.53+0.092 ms clock, 2.6+0.58/0.94/0+1.4 ms cpu, 3->4->2 MB, 4 MB goal, 0 MB stacks, 0 MB globals, 16 P
gc 5823 @14.691s 9%: 0.11+0.70+0.080 ms clock, 1.8+0.59/0.96/0+1.2 ms cpu, 3->4->2 MB, 4 MB goal, 0 MB stacks, 0 MB globals, 16 P
gc 5824 @14.693s 9%: 0.11+0.69+0.055 ms clock, 1.7+0.64/0.99/0+0.88 ms cpu, 4->5->2 MB, 4 MB goal, 0 MB stacks, 0 MB globals, 16 P
gc 5825 @14.694s 9%: 0.15+0.78+0.078 ms clock, 2.4+0.73/1.0/0.043+1.2 ms cpu, 4->5->2 MB, 4 MB goal, 0 MB stacks, 0 MB globals, 16 P
gc 5826 @14.696s 9%: 0.14+0.61+0.11 ms clock, 2.3+0.61/0.93/0.037+1.7 ms cpu, 4->5->2 MB, 5 MB goal, 0 MB stacks, 0 MB globals, 16 P
gc 5827 @14.698s 9%: 0.10+0.62+0.12 ms clock, 1.6+0.55/0.85/0.023+1.9 ms cpu, 4->4->2 MB, 4 MB goal, 0 MB stacks, 0 MB globals, 16 P
gc 5828 @14.700s 9%: 0.10+0.85+0.10 ms clock, 1.6+0.51/1.0/0+1.7 ms cpu, 3->4->2 MB, 4 MB goal, 0 MB stacks, 0 MB globals, 16 P
gc 5829 @14.702s 9%: 0.21+0.70+0.11 ms clock, 3.4+0.59/0.94/0+1.7 ms cpu, 4->5->2 MB, 5 MB goal, 0 MB stacks, 0 MB globals, 16 P
gc 5830 @14.704s 9%: 0.14+0.71+0.035 ms clock, 2.2+0.76/1.0/0.009+0.56 ms cpu, 4->5->2 MB, 5 MB goal, 0 MB stacks, 0 MB globals, 16 P
gc 5831 @14.706s 9%: 0.11+0.66+0.10 ms clock, 1.7+0.64/1.0/0.004+1.7 ms cpu, 4->5->2 MB, 5 MB goal, 0 MB stacks, 0 MB globals, 16 P
gc 5832 @14.707s 9%: 0.11+0.61+0.070 ms clock, 1.8+0.69/0.90/0+1.1 ms cpu, 4->4->2 MB, 4 MB goal, 0 MB stacks, 0 MB globals, 16 P
gc 5833 @14.709s 9%: 0.15+0.54+0.21 ms clock, 2.5+0.67/0.87/0+3.4 ms cpu, 3->4->2 MB, 4 MB goal, 0 MB stacks, 0 MB globals, 16 P
gc 5834 @14.711s 9%: 0.13+0.82+0.11 ms clock, 2.1+0.80/0.87/0+1.8 ms cpu, 4->4->2 MB, 4 MB goal, 0 MB stacks, 0 MB globals, 16 P
gc 5835 @14.713s 9%: 0.15+0.77+0.11 ms clock, 2.4+0.62/1.0/0.002+1.7 ms cpu, 4->5->2 MB, 5 MB goal, 0 MB stacks, 0 MB globals, 16 P
gc 5836 @14.715s 9%: 0.15+0.63+0.18 ms clock, 2.5+0.69/0.98/0+2.8 ms cpu, 4->5->2 MB, 5 MB goal, 0 MB stacks, 0 MB globals, 16 P
gc 5837 @14.717s 9%: 0.12+0.65+0.12 ms clock, 1.9+0.58/1.0/0+2.0 ms cpu, 3->5->2 MB, 4 MB goal, 0 MB stacks, 0 MB globals, 16 P
gc 5838 @14.718s 9%: 0.11+0.46+0.16 ms clock, 1.8+0.73/0.87/0+2.6 ms cpu, 4->4->2 MB, 4 MB goal, 0 MB stacks, 0 MB globals, 16 P
gc 5839 @14.720s 9%: 0.12+0.71+0.10 ms clock, 1.9+0.63/1.1/0+1.6 ms cpu, 3->4->2 MB, 4 MB goal, 0 MB stacks, 0 MB globals, 16 P
gc 5840 @14.722s 9%: 0.13+0.57+0.13 ms clock, 2.2+0.60/0.98/0+2.2 ms cpu, 4->5->2 MB, 5 MB goal, 0 MB stacks, 0 MB globals, 16 P
gc 5841 @14.724s 9%: 0.18+0.65+0.18 ms clock, 2.9+0.65/0.92/0+2.9 ms cpu, 4->4->2 MB, 4 MB goal, 0 MB stacks, 0 MB globals, 16 P
gc 5842 @14.726s 9%: 0.14+0.51+0.096 ms clock, 2.3+0.68/0.81/0+1.5 ms cpu, 4->4->2 MB, 5 MB goal, 0 MB stacks, 0 MB globals, 16 P
gc 5843 @14.727s 9%: 0.10+0.46+0.10 ms clock, 1.7+0.52/0.95/0+1.6 ms cpu, 3->4->2 MB, 4 MB goal, 0 MB stacks, 0 MB globals, 16 P
gc 5844 @14.729s 9%: 0.10+0.63+0.14 ms clock, 1.6+0.42/0.95/0+2.3 ms cpu, 3->4->2 MB, 4 MB goal, 0 MB stacks, 0 MB globals, 16 P
gc 5845 @14.730s 9%: 0.094+0.52+0.13 ms clock, 1.5+0.57/0.95/0+2.2 ms cpu, 3->4->2 MB, 4 MB goal, 0 MB stacks, 0 MB globals, 16 P
gc 5846 @14.732s 9%: 0.11+0.61+0.10 ms clock, 1.9+0.53/0.98/0+1.6 ms cpu, 3->4->2 MB, 4 MB goal, 0 MB stacks, 0 MB globals, 16 P
gc 5847 @14.734s 9%: 0.13+0.70+0.086 ms clock, 2.1+0.80/0.88/0+1.3 ms cpu, 4->5->2 MB, 4 MB goal, 0 MB stacks, 0 MB globals, 16 P
gc 5848 @14.736s 9%: 0.10+0.60+0.085 ms clock, 1.7+0.68/0.95/0+1.3 ms cpu, 4->5->2 MB, 5 MB goal, 0 MB stacks, 0 MB globals, 16 P
gc 5849 @14.737s 9%: 0.16+0.62+0.18 ms clock, 2.6+0.85/0.97/0+2.9 ms cpu, 3->4->2 MB, 4 MB goal, 0 MB stacks, 0 MB globals, 16 P
gc 5850 @14.739s 9%: 0.14+0.68+0.14 ms clock, 2.3+0.67/0.92/0+2.3 ms cpu, 4->5->2 MB, 5 MB goal, 0 MB stacks, 0 MB globals, 16 P
gc 5851 @14.741s 9%: 0.15+0.56+0.20 ms clock, 2.5+0.86/1.0/0+3.3 ms cpu, 4->5->2 MB, 5 MB goal, 0 MB stacks, 0 MB globals, 16 P
gc 5852 @14.743s 9%: 0.16+0.55+0.18 ms clock, 2.5+0.64/0.94/0.021+2.9 ms cpu, 4->4->2 MB, 4 MB goal, 0 MB stacks, 0 MB globals, 16 P
gc 5853 @14.745s 9%: 0.10+0.76+0.12 ms clock, 1.7+0.50/1.1/0.006+1.9 ms cpu, 4->4->2 MB, 4 MB goal, 0 MB stacks, 0 MB globals, 16 P
gc 5854 @14.747s 9%: 0.086+0.65+0.19 ms clock, 1.3+0.59/0.98/0+3.0 ms cpu, 4->4->2 MB, 5 MB goal, 0 MB stacks, 0 MB globals, 16 P
gc 5855 @14.749s 9%: 0.13+0.67+0.19 ms clock, 2.2+0.59/1.0/0+3.0 ms cpu, 3->4->2 MB, 4 MB goal, 0 MB stacks, 0 MB globals, 16 P
gc 5856 @14.750s 9%: 0.13+0.74+0.096 ms clock, 2.1+0.68/0.89/0+1.5 ms cpu, 4->5->2 MB, 5 MB goal, 0 MB stacks, 0 MB globals, 16 P
gc 5857 @14.752s 9%: 0.12+0.77+0.092 ms clock, 2.0+0.66/1.0/0+1.4 ms cpu, 4->5->2 MB, 4 MB goal, 0 MB stacks, 0 MB globals, 16 P
gc 5858 @14.754s 9%: 0.11+0.67+0.15 ms clock, 1.8+0.64/0.94/0.009+2.4 ms cpu, 4->5->2 MB, 5 MB goal, 0 MB stacks, 0 MB globals, 16 P
gc 5859 @14.756s 9%: 0.11+0.59+0.097 ms clock, 1.8+0.59/0.99/0+1.5 ms cpu, 4->4->2 MB, 5 MB goal, 0 MB stacks, 0 MB globals, 16 P
gc 5860 @14.758s 9%: 0.11+0.82+0.084 ms clock, 1.8+0.64/0.97/0+1.3 ms cpu, 4->4->2 MB, 4 MB goal, 0 MB stacks, 0 MB globals, 16 P
gc 5861 @14.760s 9%: 0.17+0.55+0.15 ms clock, 2.7+0.81/0.78/0+2.4 ms cpu, 4->5->2 MB, 5 MB goal, 0 MB stacks, 0 MB globals, 16 P
gc 5862 @14.762s 9%: 0.19+0.76+0.091 ms clock, 3.0+0.66/0.98/0.045+1.4 ms cpu, 4->5->2 MB, 4 MB goal, 0 MB stacks, 0 MB globals, 16 P
gc 5863 @14.764s 9%: 0.17+0.75+0.12 ms clock, 2.7+0.71/0.90/0+1.9 ms cpu, 4->5->2 MB, 5 MB goal, 0 MB stacks, 0 MB globals, 16 P
gc 5864 @14.766s 9%: 0.13+0.59+0.17 ms clock, 2.1+0.52/1.1/0.004+2.7 ms cpu, 4->5->2 MB, 5 MB goal, 0 MB stacks, 0 MB globals, 16 P
gc 5865 @14.768s 9%: 0.17+0.67+0.10 ms clock, 2.7+0.68/0.85/0.10+1.7 ms cpu, 4->5->2 MB, 4 MB goal, 0 MB stacks, 0 MB globals, 16 P
gc 5866 @14.770s 9%: 0.13+0.59+0.11 ms clock, 2.0+0.63/0.84/0.006+1.9 ms cpu, 4->5->2 MB, 5 MB goal, 0 MB stacks, 0 MB globals, 16 P
gc 5867 @14.771s 9%: 0.092+0.50+0.13 ms clock, 1.4+0.49/0.90/0+2.1 ms cpu, 4->4->2 MB, 4 MB goal, 0 MB stacks, 0 MB globals, 16 P
gc 5868 @14.773s 9%: 0.12+0.71+0.15 ms clock, 2.0+0.67/0.80/0+2.5 ms cpu, 3->4->2 MB, 4 MB goal, 0 MB stacks, 0 MB globals, 16 P
gc 5869 @14.775s 9%: 0.10+0.60+0.086 ms clock, 1.7+0.55/0.92/0+1.3 ms cpu, 4->4->2 MB, 4 MB goal, 0 MB stacks, 0 MB globals, 16 P
gc 5870 @14.776s 9%: 0.12+0.72+0.12 ms clock, 2.0+0.56/0.98/0+1.9 ms cpu, 4->4->2 MB, 4 MB goal, 0 MB stacks, 0 MB globals, 16 P
gc 5871 @14.778s 9%: 0.088+0.62+0.074 ms clock, 1.4+0.57/0.92/0.014+1.1 ms cpu, 4->4->2 MB, 4 MB goal, 0 MB stacks, 0 MB globals, 16 P
gc 5872 @14.780s 9%: 0.10+0.74+0.084 ms clock, 1.6+0.61/0.88/0+1.3 ms cpu, 4->4->2 MB, 4 MB goal, 0 MB stacks, 0 MB globals, 16 P
gc 5873 @14.782s 9%: 0.11+0.56+0.17 ms clock, 1.9+0.74/1.0/0+2.8 ms cpu, 4->4->2 MB, 4 MB goal, 0 MB stacks, 0 MB globals, 16 P
gc 5874 @14.783s 9%: 0.16+0.50+0.12 ms clock, 2.6+0.63/0.89/0.007+1.9 ms cpu, 3->4->2 MB, 4 MB goal, 0 MB stacks, 0 MB globals, 16 P
gc 5875 @14.785s 9%: 0.12+0.59+0.086 ms clock, 1.9+0.67/0.94/0.001+1.3 ms cpu, 3->4->2 MB, 4 MB goal, 0 MB stacks, 0 MB globals, 16 P
gc 5876 @14.787s 9%: 0.12+0.56+0.18 ms clock, 1.9+0.75/0.89/0+2.9 ms cpu, 4->4->2 MB, 4 MB goal, 0 MB stacks, 0 MB globals, 16 P
gc 5877 @14.788s 9%: 0.13+0.59+0.16 ms clock, 2.1+0.49/0.97/0.013+2.6 ms cpu, 3->4->2 MB, 4 MB goal, 0 MB stacks, 0 MB globals, 16 P
gc 5878 @14.790s 9%: 0.18+0.52+0.13 ms clock, 3.0+0.66/0.89/0+2.1 ms cpu, 3->4->2 MB, 4 MB goal, 0 MB stacks, 0 MB globals, 16 P
gc 5879 @14.792s 9%: 0.13+0.51+0.19 ms clock, 2.1+0.70/0.91/0+3.0 ms cpu, 4->4->2 MB, 4 MB goal, 0 MB stacks, 0 MB globals, 16 P
gc 5880 @14.793s 9%: 0.14+0.65+0.13 ms clock, 2.2+0.59/1.0/0+2.1 ms cpu, 3->4->2 MB, 4 MB goal, 0 MB stacks, 0 MB globals, 16 P
gc 5881 @14.795s 9%: 0.16+0.57+0.086 ms clock, 2.6+0.64/0.91/0.003+1.3 ms cpu, 4->5->2 MB, 5 MB goal, 0 MB stacks, 0 MB globals, 16 P
gc 5882 @14.797s 9%: 0.10+0.89+0.082 ms clock, 1.7+0.67/1.1/0.003+1.3 ms cpu, 4->5->2 MB, 4 MB goal, 0 MB stacks, 0 MB globals, 16 P
gc 5883 @14.799s 9%: 0.11+0.59+0.18 ms clock, 1.8+0.69/0.92/0+2.9 ms cpu, 4->5->2 MB, 5 MB goal, 0 MB stacks, 0 MB globals, 16 P
gc 5884 @14.801s 9%: 0.15+0.65+0.12 ms clock, 2.4+0.75/0.87/0+2.0 ms cpu, 3->4->2 MB, 4 MB goal, 0 MB stacks, 0 MB globals, 16 P
gc 5885 @14.803s 9%: 0.10+0.58+0.13 ms clock, 1.7+0.65/0.89/0+2.0 ms cpu, 3->4->2 MB, 4 MB goal, 0 MB stacks, 0 MB globals, 16 P
gc 5886 @14.804s 9%: 0.15+0.58+0.25 ms clock, 2.4+0.76/0.86/0+4.0 ms cpu, 3->4->2 MB, 4 MB goal, 0 MB stacks, 0 MB globals, 16 P
gc 5887 @14.806s 9%: 0.16+0.50+0.14 ms clock, 2.6+0.63/0.94/0+2.2 ms cpu, 4->4->2 MB, 4 MB goal, 0 MB stacks, 0 MB globals, 16 P
gc 5888 @14.808s 9%: 0.12+0.75+0.049 ms clock, 1.9+0.78/0.86/0.025+0.78 ms cpu, 3->4->2 MB, 4 MB goal, 0 MB stacks, 0 MB globals, 16 P
gc 5889 @14.810s 9%: 0.17+0.69+0.12 ms clock, 2.8+0.70/0.89/0+2.0 ms cpu, 4->5->2 MB, 4 MB goal, 0 MB stacks, 0 MB globals, 16 P
gc 5890 @14.812s 9%: 0.13+0.62+0.097 ms clock, 2.1+0.53/0.83/0.022+1.5 ms cpu, 4->5->2 MB, 5 MB goal, 0 MB stacks, 0 MB globals, 16 P
gc 5891 @14.813s 9%: 0.17+0.57+0.12 ms clock, 2.7+0.71/0.83/0+2.0 ms cpu, 4->4->2 MB, 4 MB goal, 0 MB stacks, 0 MB globals, 16 P
gc 5892 @14.815s 9%: 0.12+0.51+0.12 ms clock, 1.9+0.67/0.96/0+1.9 ms cpu, 4->4->2 MB, 4 MB goal, 0 MB stacks, 0 MB globals, 16 P
gc 5893 @14.817s 9%: 0.11+0.89+0.10 ms clock, 1.7+0.79/0.98/0+1.7 ms cpu, 3->4->2 MB, 4 MB goal, 0 MB stacks, 0 MB globals, 16 P
gc 5894 @14.819s 9%: 0.12+0.82+0.095 ms clock, 1.9+0.76/0.99/0+1.5 ms cpu, 4->5->2 MB, 5 MB goal, 0 MB stacks, 0 MB globals, 16 P
gc 5895 @14.821s 9%: 0.098+0.83+0.11 ms clock, 1.5+0.86/0.87/0+1.8 ms cpu, 4->5->2 MB, 5 MB goal, 0 MB stacks, 0 MB globals, 16 P
gc 5896 @14.823s 9%: 0.12+0.67+0.11 ms clock, 2.0+0.77/1.0/0+1.8 ms cpu, 4->5->2 MB, 5 MB goal, 0 MB stacks, 0 MB globals, 16 P
gc 5897 @14.825s 9%: 0.11+0.65+0.13 ms clock, 1.8+0.58/0.86/0.14+2.0 ms cpu, 4->5->2 MB, 4 MB goal, 0 MB stacks, 0 MB globals, 16 P
gc 5898 @14.827s 9%: 0.18+0.59+0.15 ms clock, 2.9+0.72/0.94/0+2.4 ms cpu, 4->4->2 MB, 4 MB goal, 0 MB stacks, 0 MB globals, 16 P
gc 5899 @14.828s 9%: 0.13+0.75+0.12 ms clock, 2.1+0.74/1.0/0+1.9 ms cpu, 3->5->2 MB, 4 MB goal, 0 MB stacks, 0 MB globals, 16 P
gc 5900 @14.831s 9%: 0.12+0.59+0.12 ms clock, 2.0+0.67/0.93/0+1.9 ms cpu, 4->5->2 MB, 5 MB goal, 0 MB stacks, 0 MB globals, 16 P
gc 5901 @14.832s 9%: 0.13+0.60+0.14 ms clock, 2.1+0.71/0.78/0+2.2 ms cpu, 4->4->2 MB, 4 MB goal, 0 MB stacks, 0 MB globals, 16 P
gc 5902 @14.834s 9%: 0.15+0.46+0.22 ms clock, 2.5+0.73/0.89/0+3.6 ms cpu, 3->4->2 MB, 4 MB goal, 0 MB stacks, 0 MB globals, 16 P
gc 5903 @14.836s 9%: 0.10+0.62+0.12 ms clock, 1.7+0.59/0.83/0+2.0 ms cpu, 3->4->2 MB, 4 MB goal, 0 MB stacks, 0 MB globals, 16 P
gc 5904 @14.837s 9%: 0.13+0.73+0.087 ms clock, 2.1+0.49/1.1/0.003+1.4 ms cpu, 3->4->2 MB, 4 MB goal, 0 MB stacks, 0 MB globals, 16 P
gc 5905 @14.839s 9%: 0.13+0.53+0.12 ms clock, 2.1+0.71/0.94/0+2.0 ms cpu, 4->5->2 MB, 5 MB goal, 0 MB stacks, 0 MB globals, 16 P
gc 5906 @14.841s 9%: 0.13+0.68+0.12 ms clock, 2.1+0.60/0.94/0+1.9 ms cpu, 3->4->2 MB, 4 MB goal, 0 MB stacks, 0 MB globals, 16 P
gc 5907 @14.843s 9%: 0.11+0.90+0.098 ms clock, 1.8+0.64/0.96/0.11+1.5 ms cpu, 4->5->2 MB, 4 MB goal, 0 MB stacks, 0 MB globals, 16 P
gc 5908 @14.845s 9%: 0.14+0.68+0.099 ms clock, 2.2+0.66/0.91/0+1.5 ms cpu, 4->5->2 MB, 5 MB goal, 0 MB stacks, 0 MB globals, 16 P
gc 5909 @14.847s 9%: 0.12+0.54+0.090 ms clock, 1.9+0.56/0.87/0+1.4 ms cpu, 4->4->2 MB, 4 MB goal, 0 MB stacks, 0 MB globals, 16 P
gc 5910 @14.848s 9%: 0.10+0.69+0.12 ms clock, 1.6+0.62/0.85/0.048+1.9 ms cpu, 3->4->2 MB, 4 MB goal, 0 MB stacks, 0 MB globals, 16 P
gc 5911 @14.850s 9%: 0.10+0.72+0.19 ms clock, 1.6+0.64/0.92/0.037+3.1 ms cpu, 4->4->2 MB, 4 MB goal, 0 MB stacks, 0 MB globals, 16 P
gc 5912 @14.852s 9%: 0.12+0.56+0.20 ms clock, 1.9+0.58/0.89/0.058+3.3 ms cpu, 4->5->2 MB, 5 MB goal, 0 MB stacks, 0 MB globals, 16 P
gc 5913 @14.854s 9%: 0.19+0.53+0.17 ms clock, 3.0+0.65/1.0/0+2.8 ms cpu, 3->4->2 MB, 4 MB goal, 0 MB stacks, 0 MB globals, 16 P
gc 5914 @14.856s 9%: 0.16+0.54+0.096 ms clock, 2.5+0.60/0.91/0+1.5 ms cpu, 4->5->2 MB, 5 MB goal, 0 MB stacks, 0 MB globals, 16 P
gc 5915 @14.857s 9%: 0.19+0.57+0.13 ms clock, 3.1+0.60/1.0/0+2.1 ms cpu, 3->4->2 MB, 4 MB goal, 0 MB stacks, 0 MB globals, 16 P
gc 5916 @14.859s 9%: 0.21+0.73+0.089 ms clock, 3.4+0.45/0.97/0.075+1.4 ms cpu, 4->4->2 MB, 4 MB goal, 0 MB stacks, 0 MB globals, 16 P
gc 5917 @14.861s 9%: 0.11+0.50+0.13 ms clock, 1.8+0.72/0.99/0+2.1 ms cpu, 4->4->2 MB, 4 MB goal, 0 MB stacks, 0 MB globals, 16 P
gc 5918 @14.862s 9%: 0.11+0.63+0.13 ms clock, 1.7+0.66/0.80/0.023+2.1 ms cpu, 3->4->2 MB, 4 MB goal, 0 MB stacks, 0 MB globals, 16 P
gc 5919 @14.864s 9%: 0.10+0.64+0.16 ms clock, 1.7+0.60/0.90/0+2.5 ms cpu, 4->4->2 MB, 4 MB goal, 0 MB stacks, 0 MB globals, 16 P
gc 5920 @14.866s 9%: 0.15+0.72+0.092 ms clock, 2.4+0.83/0.73/0+1.4 ms cpu, 4->5->2 MB, 4 MB goal, 0 MB stacks, 0 MB globals, 16 P
gc 5921 @14.868s 9%: 0.11+0.54+0.19 ms clock, 1.8+0.58/1.0/0.003+3.0 ms cpu, 4->5->2 MB, 5 MB goal, 0 MB stacks, 0 MB globals, 16 P
gc 5922 @14.869s 9%: 0.099+0.77+0.069 ms clock, 1.5+0.74/1.0/0+1.1 ms cpu, 3->4->2 MB, 4 MB goal, 0 MB stacks, 0 MB globals, 16 P
gc 5923 @14.871s 9%: 0.13+0.56+0.11 ms clock, 2.2+0.59/0.99/0+1.8 ms cpu, 4->4->2 MB, 5 MB goal, 0 MB stacks, 0 MB globals, 16 P
gc 5924 @14.873s 9%: 0.13+0.54+0.19 ms clock, 2.1+0.34/0.89/0+3.1 ms cpu, 3->4->2 MB, 4 MB goal, 0 MB stacks, 0 MB globals, 16 P
gc 5925 @14.874s 9%: 0.17+0.66+0.21 ms clock, 2.7+0.79/1.0/0+3.4 ms cpu, 3->4->2 MB, 4 MB goal, 0 MB stacks, 0 MB globals, 16 P
gc 5926 @14.876s 9%: 0.11+0.69+0.096 ms clock, 1.8+0.70/0.96/0.030+1.5 ms cpu, 4->5->2 MB, 5 MB goal, 0 MB stacks, 0 MB globals, 16 P
gc 5927 @14.878s 9%: 0.13+0.65+0.23 ms clock, 2.2+0.80/0.86/0+3.7 ms cpu, 4->5->2 MB, 5 MB goal, 0 MB stacks, 0 MB globals, 16 P
gc 5928 @14.880s 9%: 0.11+0.53+0.13 ms clock, 1.9+0.73/0.94/0.002+2.2 ms cpu, 4->4->2 MB, 4 MB goal, 0 MB stacks, 0 MB globals, 16 P
gc 5929 @14.882s 9%: 0.26+0.51+0.11 ms clock, 4.2+0.59/1.0/0.005+1.9 ms cpu, 3->4->2 MB, 4 MB goal, 0 MB stacks, 0 MB globals, 16 P
gc 5930 @14.884s 9%: 0.14+0.57+0.18 ms clock, 2.2+0.65/0.99/0+2.9 ms cpu, 4->5->2 MB, 5 MB goal, 0 MB stacks, 0 MB globals, 16 P
gc 5931 @14.886s 9%: 0.12+0.93+0.062 ms clock, 2.0+0.74/0.97/0+0.99 ms cpu, 4->5->2 MB, 4 MB goal, 0 MB stacks, 0 MB globals, 16 P
gc 5932 @14.888s 9%: 0.17+0.70+0.22 ms clock, 2.7+0.80/0.97/0+3.5 ms cpu, 4->5->2 MB, 5 MB goal, 0 MB stacks, 0 MB globals, 16 P
gc 5933 @14.890s 9%: 0.098+0.48+0.20 ms clock, 1.5+0.71/0.92/0.030+3.2 ms cpu, 4->5->2 MB, 5 MB goal, 0 MB stacks, 0 MB globals, 16 P
gc 5934 @14.891s 9%: 0.16+0.63+0.097 ms clock, 2.6+0.74/1.0/0+1.5 ms cpu, 3->4->2 MB, 4 MB goal, 0 MB stacks, 0 MB globals, 16 P
gc 5935 @14.893s 9%: 0.11+0.70+0.17 ms clock, 1.8+0.71/1.0/0+2.7 ms cpu, 4->4->2 MB, 4 MB goal, 0 MB stacks, 0 MB globals, 16 P
gc 5936 @14.895s 9%: 0.19+0.70+0.10 ms clock, 3.1+0.62/0.96/0+1.6 ms cpu, 4->5->2 MB, 4 MB goal, 0 MB stacks, 0 MB globals, 16 P
gc 5937 @14.897s 9%: 0.098+0.67+0.10 ms clock, 1.5+0.62/0.93/0+1.6 ms cpu, 4->5->2 MB, 5 MB goal, 0 MB stacks, 0 MB globals, 16 P
gc 5938 @14.899s 9%: 0.18+0.69+0.11 ms clock, 2.9+0.89/0.95/0+1.8 ms cpu, 4->5->2 MB, 4 MB goal, 0 MB stacks, 0 MB globals, 16 P
gc 5939 @14.901s 9%: 0.14+0.58+0.13 ms clock, 2.3+0.73/1.0/0+2.2 ms cpu, 4->5->2 MB, 5 MB goal, 0 MB stacks, 0 MB globals, 16 P
gc 5940 @14.903s 9%: 0.13+0.67+0.091 ms clock, 2.0+0.68/0.86/0+1.4 ms cpu, 4->4->2 MB, 4 MB goal, 0 MB stacks, 0 MB globals, 16 P
gc 5941 @14.904s 9%: 0.15+0.79+0.13 ms clock, 2.4+0.80/1.0/0.005+2.1 ms cpu, 4->5->2 MB, 4 MB goal, 0 MB stacks, 0 MB globals, 16 P
gc 5942 @14.907s 9%: 0.17+0.62+0.19 ms clock, 2.8+0.49/1.0/0+3.0 ms cpu, 4->5->2 MB, 5 MB goal, 0 MB stacks, 0 MB globals, 16 P
gc 5943 @14.908s 9%: 0.17+0.92+0.13 ms clock, 2.7+0.65/1.0/0.010+2.1 ms cpu, 4->5->2 MB, 4 MB goal, 0 MB stacks, 0 MB globals, 16 P
gc 5944 @14.911s 9%: 0.11+0.48+0.14 ms clock, 1.9+0.74/0.83/0+2.3 ms cpu, 4->5->2 MB, 5 MB goal, 0 MB stacks, 0 MB globals, 16 P
gc 5945 @14.912s 9%: 0.14+0.81+0.060 ms clock, 2.2+0.54/1.2/0.007+0.97 ms cpu, 3->4->2 MB, 4 MB goal, 0 MB stacks, 0 MB globals, 16 P
gc 5946 @14.914s 9%: 0.12+0.78+0.10 ms clock, 2.0+0.63/0.92/0.020+1.6 ms cpu, 4->5->2 MB, 5 MB goal, 0 MB stacks, 0 MB globals, 16 P
gc 5947 @14.916s 9%: 0.15+0.81+0.10 ms clock, 2.4+0.71/1.0/0.002+1.6 ms cpu, 4->5->2 MB, 4 MB goal, 0 MB stacks, 0 MB globals, 16 P
gc 5948 @14.918s 9%: 0.12+0.60+0.10 ms clock, 2.0+0.80/0.99/0+1.6 ms cpu, 4->5->2 MB, 5 MB goal, 0 MB stacks, 0 MB globals, 16 P
gc 5949 @14.920s 9%: 0.19+0.57+0.14 ms clock, 3.1+0.83/1.0/0+2.3 ms cpu, 4->4->2 MB, 4 MB goal, 0 MB stacks, 0 MB globals, 16 P
gc 5950 @14.922s 9%: 0.14+0.64+0.14 ms clock, 2.3+0.56/0.95/0.009+2.2 ms cpu, 4->5->2 MB, 4 MB goal, 0 MB stacks, 0 MB globals, 16 P
gc 5951 @14.924s 9%: 0.14+0.75+0.10 ms clock, 2.2+0.52/1.0/0.14+1.6 ms cpu, 4->5->2 MB, 4 MB goal, 0 MB stacks, 0 MB globals, 16 P
gc 5952 @14.926s 9%: 0.13+0.60+0.059 ms clock, 2.2+0.59/0.98/0+0.94 ms cpu, 4->5->2 MB, 5 MB goal, 0 MB stacks, 0 MB globals, 16 P
gc 5953 @14.928s 9%: 0.12+0.70+0.10 ms clock, 1.9+0.64/1.0/0.016+1.6 ms cpu, 4->4->2 MB, 4 MB goal, 0 MB stacks, 0 MB globals, 16 P
gc 5954 @14.930s 9%: 0.17+0.60+0.12 ms clock, 2.8+0.78/0.98/0+1.9 ms cpu, 4->5->2 MB, 4 MB goal, 0 MB stacks, 0 MB globals, 16 P
gc 5955 @14.931s 9%: 0.13+0.84+0.072 ms clock, 2.2+0.55/1.0/0+1.1 ms cpu, 4->5->2 MB, 4 MB goal, 0 MB stacks, 0 MB globals, 16 P
gc 5956 @14.934s 9%: 0.14+0.73+0.12 ms clock, 2.3+0.71/0.96/0+1.9 ms cpu, 4->5->2 MB, 5 MB goal, 0 MB stacks, 0 MB globals, 16 P
gc 5957 @14.936s 9%: 0.11+0.58+0.15 ms clock, 1.7+0.55/1.0/0.023+2.4 ms cpu, 4->5->2 MB, 5 MB goal, 0 MB stacks, 0 MB globals, 16 P
gc 5958 @14.938s 9%: 0.11+0.64+0.096 ms clock, 1.8+0.63/1.1/0+1.5 ms cpu, 3->4->2 MB, 4 MB goal, 0 MB stacks, 0 MB globals, 16 P
gc 5959 @14.939s 9%: 0.15+0.51+0.11 ms clock, 2.5+0.70/0.87/0+1.9 ms cpu, 4->4->2 MB, 4 MB goal, 0 MB stacks, 0 MB globals, 16 P
gc 5960 @14.941s 9%: 0.11+0.53+0.16 ms clock, 1.8+0.63/0.85/0+2.6 ms cpu, 3->4->2 MB, 4 MB goal, 0 MB stacks, 0 MB globals, 16 P
gc 5961 @14.942s 9%: 0.19+0.53+0.13 ms clock, 3.0+0.72/0.79/0+2.1 ms cpu, 3->4->2 MB, 4 MB goal, 0 MB stacks, 0 MB globals, 16 P
gc 5962 @14.944s 9%: 0.15+0.62+0.094 ms clock, 2.4+0.56/0.91/0+1.5 ms cpu, 4->4->2 MB, 4 MB goal, 0 MB stacks, 0 MB globals, 16 P
gc 5963 @14.946s 9%: 0.11+0.68+0.071 ms clock, 1.7+0.66/1.1/0+1.1 ms cpu, 3->4->2 MB, 4 MB goal, 0 MB stacks, 0 MB globals, 16 P
gc 5964 @14.948s 9%: 0.13+0.64+0.12 ms clock, 2.2+0.66/0.84/0+2.0 ms cpu, 4->4->2 MB, 4 MB goal, 0 MB stacks, 0 MB globals, 16 P
gc 5965 @14.949s 9%: 0.17+0.66+0.18 ms clock, 2.8+0.65/0.93/0+2.9 ms cpu, 3->4->2 MB, 4 MB goal, 0 MB stacks, 0 MB globals, 16 P
gc 5966 @14.951s 9%: 0.12+0.74+0.094 ms clock, 1.9+0.63/1.0/0+1.5 ms cpu, 4->5->2 MB, 4 MB goal, 0 MB stacks, 0 MB globals, 16 P
gc 5967 @14.953s 9%: 0.13+0.46+0.14 ms clock, 2.1+0.67/0.91/0+2.3 ms cpu, 4->4->2 MB, 4 MB goal, 0 MB stacks, 0 MB globals, 16 P
gc 5968 @14.954s 9%: 0.15+0.61+0.14 ms clock, 2.4+0.81/0.96/0.006+2.2 ms cpu, 3->4->2 MB, 4 MB goal, 0 MB stacks, 0 MB globals, 16 P
gc 5969 @14.956s 9%: 0.11+0.68+0.11 ms clock, 1.7+0.55/0.96/0+1.8 ms cpu, 4->4->2 MB, 5 MB goal, 0 MB stacks, 0 MB globals, 16 P
gc 5970 @14.958s 9%: 0.097+0.63+0.099 ms clock, 1.5+0.57/0.95/0.036+1.5 ms cpu, 4->4->2 MB, 4 MB goal, 0 MB stacks, 0 MB globals, 16 P
gc 5971 @14.960s 9%: 0.11+0.65+0.10 ms clock, 1.7+0.44/0.94/0.002+1.7 ms cpu, 3->4->2 MB, 4 MB goal, 0 MB stacks, 0 MB globals, 16 P
gc 5972 @14.961s 9%: 0.12+0.53+0.083 ms clock, 1.9+0.67/0.95/0+1.3 ms cpu, 4->4->2 MB, 4 MB goal, 0 MB stacks, 0 MB globals, 16 P
gc 5973 @14.963s 9%: 0.12+0.88+0.11 ms clock, 1.9+0.70/0.83/0+1.8 ms cpu, 3->4->2 MB, 4 MB goal, 0 MB stacks, 0 MB globals, 16 P
gc 5974 @14.965s 9%: 0.10+0.59+0.16 ms clock, 1.6+0.51/1.1/0+2.6 ms cpu, 4->5->2 MB, 5 MB goal, 0 MB stacks, 0 MB globals, 16 P
gc 5975 @14.967s 9%: 0.13+0.57+0.19 ms clock, 2.1+0.85/0.96/0+3.1 ms cpu, 3->4->2 MB, 4 MB goal, 0 MB stacks, 0 MB globals, 16 P
gc 5976 @14.969s 9%: 0.14+0.78+0.088 ms clock, 2.2+0.77/0.87/0+1.4 ms cpu, 3->4->2 MB, 4 MB goal, 0 MB stacks, 0 MB globals, 16 P
gc 5977 @14.971s 9%: 0.23+0.74+0.15 ms clock, 3.7+0.69/1.1/0+2.4 ms cpu, 4->5->2 MB, 5 MB goal, 0 MB stacks, 0 MB globals, 16 P
gc 5978 @14.973s 9%: 0.10+0.82+0.084 ms clock, 1.6+0.37/1.1/0.015+1.3 ms cpu, 4->5->2 MB, 5 MB goal, 0 MB stacks, 0 MB globals, 16 P
gc 5979 @14.974s 9%: 0.17+0.62+0.088 ms clock, 2.8+0.53/1.0/0+1.4 ms cpu, 4->4->2 MB, 4 MB goal, 0 MB stacks, 0 MB globals, 16 P
gc 5980 @14.976s 9%: 0.091+0.64+0.11 ms clock, 1.4+0.61/0.90/0+1.8 ms cpu, 4->4->2 MB, 4 MB goal, 0 MB stacks, 0 MB globals, 16 P
gc 5981 @14.978s 9%: 0.20+0.58+0.099 ms clock, 3.3+0.66/0.88/0+1.5 ms cpu, 3->4->2 MB, 4 MB goal, 0 MB stacks, 0 MB globals, 16 P
gc 5982 @14.980s 9%: 0.14+0.70+0.11 ms clock, 2.3+0.58/0.97/0+1.8 ms cpu, 4->5->2 MB, 4 MB goal, 0 MB stacks, 0 MB globals, 16 P
gc 5983 @14.982s 9%: 0.11+0.55+0.18 ms clock, 1.8+0.76/0.87/0+2.9 ms cpu, 4->5->2 MB, 5 MB goal, 0 MB stacks, 0 MB globals, 16 P
gc 5984 @14.983s 9%: 0.12+0.55+0.10 ms clock, 1.9+0.74/1.0/0+1.7 ms cpu, 4->4->2 MB, 4 MB goal, 0 MB stacks, 0 MB globals, 16 P
gc 5985 @14.985s 9%: 0.12+0.55+0.11 ms clock, 1.9+0.58/0.96/0+1.8 ms cpu, 4->4->2 MB, 4 MB goal, 0 MB stacks, 0 MB globals, 16 P
gc 5986 @14.987s 9%: 0.26+0.72+0.052 ms clock, 4.2+0.69/0.85/0+0.83 ms cpu, 3->4->2 MB, 4 MB goal, 0 MB stacks, 0 MB globals, 16 P
gc 5987 @14.988s 9%: 0.097+0.64+0.14 ms clock, 1.5+0.66/0.96/0+2.3 ms cpu, 4->5->2 MB, 5 MB goal, 0 MB stacks, 0 MB globals, 16 P
gc 5988 @14.990s 9%: 0.12+0.64+0.11 ms clock, 1.9+0.58/1.1/0+1.7 ms cpu, 4->5->2 MB, 4 MB goal, 0 MB stacks, 0 MB globals, 16 P
gc 5989 @14.992s 9%: 0.12+0.64+0.14 ms clock, 2.0+0.54/0.81/0+2.2 ms cpu, 4->4->2 MB, 4 MB goal, 0 MB stacks, 0 MB globals, 16 P
gc 5990 @14.994s 9%: 0.13+0.92+0.099 ms clock, 2.2+0.62/0.91/0+1.5 ms cpu, 3->4->2 MB, 4 MB goal, 0 MB stacks, 0 MB globals, 16 P
gc 5991 @14.996s 9%: 0.12+0.72+0.10 ms clock, 1.9+0.60/0.94/0.16+1.6 ms cpu, 4->5->2 MB, 5 MB goal, 0 MB stacks, 0 MB globals, 16 P
gc 5992 @14.998s 9%: 0.15+0.72+0.14 ms clock, 2.4+0.79/1.0/0+2.2 ms cpu, 4->5->2 MB, 4 MB goal, 0 MB stacks, 0 MB globals, 16 P
gc 5993 @14.999s 9%: 0.11+0.72+0.11 ms clock, 1.9+0.65/1.1/0.005+1.8 ms cpu, 4->5->2 MB, 4 MB goal, 0 MB stacks, 0 MB globals, 16 P
gc 5994 @15.001s 9%: 0.15+0.67+0.12 ms clock, 2.4+0.70/0.96/0.012+2.0 ms cpu, 4->5->2 MB, 5 MB goal, 0 MB stacks, 0 MB globals, 16 P
gc 5995 @15.003s 9%: 0.14+0.62+0.17 ms clock, 2.2+0.70/0.93/0+2.7 ms cpu, 4->5->2 MB, 5 MB goal, 0 MB stacks, 0 MB globals, 16 P
gc 5996 @15.005s 9%: 0.14+0.52+0.17 ms clock, 2.3+0.87/0.82/0+2.8 ms cpu, 4->4->2 MB, 4 MB goal, 0 MB stacks, 0 MB globals, 16 P
gc 5997 @15.007s 9%: 0.11+0.82+0.10 ms clock, 1.7+0.66/1.2/0+1.7 ms cpu, 3->4->2 MB, 4 MB goal, 0 MB stacks, 0 MB globals, 16 P
gc 5998 @15.009s 9%: 0.18+0.68+0.13 ms clock, 2.9+0.72/0.91/0+2.1 ms cpu, 4->5->2 MB, 5 MB goal, 0 MB stacks, 0 MB globals, 16 P
gc 5999 @15.011s 9%: 0.14+0.59+0.15 ms clock, 2.3+0.50/1.0/0.016+2.5 ms cpu, 4->5->2 MB, 4 MB goal, 0 MB stacks, 0 MB globals, 16 P
gc 6000 @15.012s 9%: 0.19+0.52+0.16 ms clock, 3.1+0.70/1.0/0.008+2.6 ms cpu, 4->4->2 MB, 4 MB goal, 0 MB stacks, 0 MB globals, 16 P
gc 6001 @15.014s 9%: 0.23+0.65+0.12 ms clock, 3.8+0.58/0.99/0+2.0 ms cpu, 4->5->2 MB, 4 MB goal, 0 MB stacks, 0 MB globals, 16 P
gc 6002 @15.016s 9%: 0.10+0.68+0.18 ms clock, 1.6+0.56/1.0/0+2.9 ms cpu, 4->5->2 MB, 5 MB goal, 0 MB stacks, 0 MB globals, 16 P
gc 6003 @15.018s 9%: 0.13+0.53+0.12 ms clock, 2.1+0.73/0.86/0.002+1.9 ms cpu, 4->4->2 MB, 4 MB goal, 0 MB stacks, 0 MB globals, 16 P
gc 6004 @15.020s 9%: 0.12+0.62+0.14 ms clock, 1.9+0.74/0.83/0+2.3 ms cpu, 3->4->2 MB, 4 MB goal, 0 MB stacks, 0 MB globals, 16 P
gc 6005 @15.021s 9%: 0.12+0.84+0.10 ms clock, 2.0+0.79/1.1/0+1.6 ms cpu, 4->5->2 MB, 4 MB goal, 0 MB stacks, 0 MB globals, 16 P
gc 6006 @15.024s 9%: 0.14+0.88+0.066 ms clock, 2.2+0.72/0.90/0+1.0 ms cpu, 4->5->2 MB, 5 MB goal, 0 MB stacks, 0 MB globals, 16 P
gc 6007 @15.026s 9%: 0.15+0.65+0.12 ms clock, 2.4+0.60/0.96/0+1.9 ms cpu, 4->5->2 MB, 5 MB goal, 0 MB stacks, 0 MB globals, 16 P
gc 6008 @15.028s 9%: 0.12+0.70+0.069 ms clock, 1.9+0.78/1.1/0.015+1.1 ms cpu, 4->5->2 MB, 5 MB goal, 0 MB stacks, 0 MB globals, 16 P
gc 6009 @15.029s 9%: 0.17+0.53+0.13 ms clock, 2.8+0.66/0.86/0+2.1 ms cpu, 4->4->2 MB, 4 MB goal, 0 MB stacks, 0 MB globals, 16 P
gc 6010 @15.031s 9%: 0.13+0.55+0.10 ms clock, 2.1+0.59/0.92/0.002+1.7 ms cpu, 4->4->2 MB, 4 MB goal, 0 MB stacks, 0 MB globals, 16 P
gc 6011 @15.033s 9%: 0.16+0.88+0.081 ms clock, 2.6+0.76/0.79/0+1.3 ms cpu, 4->5->2 MB, 4 MB goal, 0 MB stacks, 0 MB globals, 16 P
gc 6012 @15.035s 9%: 0.12+0.58+0.11 ms clock, 2.0+0.67/0.95/0+1.8 ms cpu, 4->5->2 MB, 5 MB goal, 0 MB stacks, 0 MB globals, 16 P
gc 6013 @15.037s 9%: 0.11+0.61+0.095 ms clock, 1.8+0.78/0.88/0+1.5 ms cpu, 4->4->2 MB, 4 MB goal, 0 MB stacks, 0 MB globals, 16 P
gc 6014 @15.039s 9%: 0.11+0.51+0.11 ms clock, 1.8+0.75/0.91/0+1.9 ms cpu, 4->4->2 MB, 4 MB goal, 0 MB stacks, 0 MB globals, 16 P
gc 6015 @15.040s 9%: 0.10+0.52+0.22 ms clock, 1.6+0.63/0.94/0.073+3.5 ms cpu, 3->4->2 MB, 4 MB goal, 0 MB stacks, 0 MB globals, 16 P
gc 6016 @15.042s 9%: 0.15+0.59+0.11 ms clock, 2.4+0.56/1.0/0.054+1.8 ms cpu, 4->4->2 MB, 4 MB goal, 0 MB stacks, 0 MB globals, 16 P
gc 6017 @15.044s 9%: 0.18+0.81+0.084 ms clock, 2.9+0.66/0.82/0+1.3 ms cpu, 4->5->2 MB, 4 MB goal, 0 MB stacks, 0 MB globals, 16 P
gc 6018 @15.046s 9%: 0.14+0.60+0.081 ms clock, 2.3+0.68/0.89/0+1.2 ms cpu, 4->5->2 MB, 5 MB goal, 0 MB stacks, 0 MB globals, 16 P
gc 6019 @15.047s 9%: 0.10+0.58+0.14 ms clock, 1.6+0.69/0.99/0.017+2.3 ms cpu, 4->4->2 MB, 4 MB goal, 0 MB stacks, 0 MB globals, 16 P
gc 6020 @15.049s 9%: 0.17+0.67+0.093 ms clock, 2.8+0.80/0.85/0+1.5 ms cpu, 4->4->2 MB, 4 MB goal, 0 MB stacks, 0 MB globals, 16 P
gc 6021 @15.051s 9%: 0.13+0.56+0.18 ms clock, 2.0+0.70/0.98/0+2.9 ms cpu, 4->4->2 MB, 4 MB goal, 0 MB stacks, 0 MB globals, 16 P
gc 6022 @15.053s 9%: 0.16+0.54+0.10 ms clock, 2.7+0.46/0.84/0.067+1.7 ms cpu, 3->4->2 MB, 4 MB goal, 0 MB stacks, 0 MB globals, 16 P
gc 6023 @15.054s 9%: 0.16+0.54+0.13 ms clock, 2.6+0.54/0.98/0.001+2.1 ms cpu, 3->4->2 MB, 4 MB goal, 0 MB stacks, 0 MB globals, 16 P
gc 6024 @15.056s 9%: 0.11+0.75+0.16 ms clock, 1.8+0.59/0.96/0+2.6 ms cpu, 4->5->2 MB, 4 MB goal, 0 MB stacks, 0 MB globals, 16 P
gc 6025 @15.058s 9%: 0.13+0.54+0.11 ms clock, 2.1+0.64/0.93/0+1.8 ms cpu, 4->4->2 MB, 4 MB goal, 0 MB stacks, 0 MB globals, 16 P
gc 6026 @15.059s 9%: 0.10+0.69+0.16 ms clock, 1.6+0.59/0.90/0+2.6 ms cpu, 4->4->2 MB, 4 MB goal, 0 MB stacks, 0 MB globals, 16 P
gc 6027 @15.061s 9%: 0.16+0.66+0.16 ms clock, 2.7+0.66/1.1/0+2.6 ms cpu, 3->4->2 MB, 4 MB goal, 0 MB stacks, 0 MB globals, 16 P
gc 6028 @15.063s 9%: 0.11+0.63+0.13 ms clock, 1.8+0.73/0.86/0.045+2.2 ms cpu, 3->4->2 MB, 4 MB goal, 0 MB stacks, 0 MB globals, 16 P
gc 6029 @15.065s 9%: 0.12+0.61+0.11 ms clock, 1.9+0.62/1.0/0.061+1.8 ms cpu, 3->4->2 MB, 4 MB goal, 0 MB stacks, 0 MB globals, 16 P
gc 6030 @15.066s 9%: 0.12+0.78+0.14 ms clock, 1.9+0.87/0.77/0+2.2 ms cpu, 4->5->2 MB, 4 MB goal, 0 MB stacks, 0 MB globals, 16 P
gc 6031 @15.068s 9%: 0.12+0.59+0.14 ms clock, 1.9+0.66/0.97/0+2.3 ms cpu, 4->5->2 MB, 5 MB goal, 0 MB stacks, 0 MB globals, 16 P
gc 6032 @15.070s 9%: 0.10+0.61+0.11 ms clock, 1.6+0.68/0.93/0+1.7 ms cpu, 4->4->2 MB, 4 MB goal, 0 MB stacks, 0 MB globals, 16 P
gc 6033 @15.072s 9%: 0.10+0.73+0.10 ms clock, 1.6+0.54/1.1/0.004+1.7 ms cpu, 4->4->2 MB, 4 MB goal, 0 MB stacks, 0 MB globals, 16 P
gc 6034 @15.074s 9%: 0.11+0.53+0.16 ms clock, 1.9+0.63/0.92/0+2.6 ms cpu, 4->4->2 MB, 4 MB goal, 0 MB stacks, 0 MB globals, 16 P
gc 6035 @15.075s 9%: 0.12+0.82+0.082 ms clock, 2.0+0.70/0.91/0+1.3 ms cpu, 3->4->2 MB, 4 MB goal, 0 MB stacks, 0 MB globals, 16 P
gc 6036 @15.077s 9%: 0.11+0.64+0.082 ms clock, 1.8+0.82/0.99/0+1.3 ms cpu, 4->5->2 MB, 5 MB goal, 0 MB stacks, 0 MB globals, 16 P
gc 6037 @15.079s 9%: 0.12+0.53+0.11 ms clock, 2.0+0.58/0.98/0+1.8 ms cpu, 4->4->2 MB, 4 MB goal, 0 MB stacks, 0 MB globals, 16 P
gc 6038 @15.081s 9%: 0.18+0.72+0.040 ms clock, 2.8+0.77/1.1/0.019+0.65 ms cpu, 3->4->2 MB, 4 MB goal, 0 MB stacks, 0 MB globals, 16 P
gc 6039 @15.083s 9%: 0.14+0.64+0.18 ms clock, 2.2+0.70/0.87/0+2.9 ms cpu, 4->4->2 MB, 4 MB goal, 0 MB stacks, 0 MB globals, 16 P
gc 6040 @15.085s 9%: 0.21+0.67+0.20 ms clock, 3.3+0.54/1.0/0+3.3 ms cpu, 3->5->2 MB, 4 MB goal, 0 MB stacks, 0 MB globals, 16 P
gc 6041 @15.087s 9%: 0.13+0.64+0.091 ms clock, 2.2+0.64/0.86/0+1.4 ms cpu, 4->5->2 MB, 5 MB goal, 0 MB stacks, 0 MB globals, 16 P
gc 6042 @15.088s 9%: 0.13+0.68+0.093 ms clock, 2.1+0.65/0.93/0.049+1.4 ms cpu, 4->4->2 MB, 4 MB goal, 0 MB stacks, 0 MB globals, 16 P
gc 6043 @15.090s 9%: 0.12+0.60+0.10 ms clock, 2.0+0.62/0.83/0+1.6 ms cpu, 4->4->2 MB, 4 MB goal, 0 MB stacks, 0 MB globals, 16 P
gc 6044 @15.092s 9%: 0.11+0.60+0.10 ms clock, 1.8+0.53/0.93/0+1.6 ms cpu, 3->4->2 MB, 4 MB goal, 0 MB stacks, 0 MB globals, 16 P
gc 6045 @15.093s 9%: 0.11+0.62+0.12 ms clock, 1.8+0.69/1.0/0.014+1.9 ms cpu, 4->4->2 MB, 4 MB goal, 0 MB stacks, 0 MB globals, 16 P
gc 6046 @15.095s 9%: 0.16+0.83+0.13 ms clock, 2.6+0.79/0.91/0+2.1 ms cpu, 4->5->2 MB, 4 MB goal, 0 MB stacks, 0 MB globals, 16 P
gc 6047 @15.097s 9%: 0.13+0.62+0.15 ms clock, 2.0+0.84/0.87/0.018+2.5 ms cpu, 4->5->2 MB, 5 MB goal, 0 MB stacks, 0 MB globals, 16 P
gc 6048 @15.099s 9%: 0.16+0.60+0.10 ms clock, 2.6+0.72/0.81/0+1.6 ms cpu, 4->4->2 MB, 4 MB goal, 0 MB stacks, 0 MB globals, 16 P
gc 6049 @15.101s 9%: 0.14+0.56+0.15 ms clock, 2.3+0.59/1.0/0+2.5 ms cpu, 4->4->2 MB, 4 MB goal, 0 MB stacks, 0 MB globals, 16 P
gc 6050 @15.103s 9%: 0.11+0.48+0.098 ms clock, 1.8+0.63/0.89/0+1.5 ms cpu, 4->4->2 MB, 4 MB goal, 0 MB stacks, 0 MB globals, 16 P
gc 6051 @15.104s 9%: 0.12+0.98+0.13 ms clock, 1.9+0.71/0.87/0.040+2.1 ms cpu, 3->4->2 MB, 4 MB goal, 0 MB stacks, 0 MB globals, 16 P
gc 6052 @15.106s 9%: 0.13+0.56+0.18 ms clock, 2.1+0.61/0.81/0.069+2.9 ms cpu, 4->5->2 MB, 5 MB goal, 0 MB stacks, 0 MB globals, 16 P
gc 6053 @15.108s 9%: 0.11+0.56+0.10 ms clock, 1.8+0.67/0.94/0+1.7 ms cpu, 3->4->2 MB, 4 MB goal, 0 MB stacks, 0 MB globals, 16 P
gc 6054 @15.110s 9%: 0.11+0.73+0.16 ms clock, 1.7+0.54/1.1/0+2.6 ms cpu, 3->4->2 MB, 4 MB goal, 0 MB stacks, 0 MB globals, 16 P
gc 6055 @15.112s 9%: 0.13+0.63+0.16 ms clock, 2.2+0.68/0.84/0.007+2.6 ms cpu, 4->4->2 MB, 5 MB goal, 0 MB stacks, 0 MB globals, 16 P
gc 6056 @15.113s 9%: 0.11+0.67+0.085 ms clock, 1.8+0.62/0.98/0+1.3 ms cpu, 3->4->2 MB, 4 MB goal, 0 MB stacks, 0 MB globals, 16 P
gc 6057 @15.115s 9%: 0.083+0.65+0.10 ms clock, 1.3+0.53/0.96/0.049+1.7 ms cpu, 4->4->2 MB, 4 MB goal, 0 MB stacks, 0 MB globals, 16 P
gc 6058 @15.117s 9%: 0.15+0.72+0.20 ms clock, 2.5+0.62/1.0/0+3.3 ms cpu, 3->4->2 MB, 4 MB goal, 0 MB stacks, 0 MB globals, 16 P
gc 6059 @15.119s 9%: 0.10+0.56+0.091 ms clock, 1.7+0.40/1.1/0+1.4 ms cpu, 4->4->2 MB, 5 MB goal, 0 MB stacks, 0 MB globals, 16 P
gc 6060 @15.120s 9%: 0.13+0.60+0.12 ms clock, 2.1+0.63/0.83/0+1.9 ms cpu, 3->4->2 MB, 4 MB goal, 0 MB stacks, 0 MB globals, 16 P
gc 6061 @15.122s 9%: 0.18+0.55+0.14 ms clock, 2.9+0.61/0.92/0+2.2 ms cpu, 3->4->2 MB, 4 MB goal, 0 MB stacks, 0 MB globals, 16 P
gc 6062 @15.124s 9%: 0.24+0.56+0.16 ms clock, 3.9+0.72/0.84/0+2.6 ms cpu, 3->4->2 MB, 4 MB goal, 0 MB stacks, 0 MB globals, 16 P
gc 6063 @15.125s 9%: 0.18+0.67+0.10 ms clock, 2.9+0.52/0.93/0+1.6 ms cpu, 4->5->2 MB, 4 MB goal, 0 MB stacks, 0 MB globals, 16 P
gc 6064 @15.127s 9%: 0.16+0.64+0.11 ms clock, 2.6+0.62/0.94/0+1.7 ms cpu, 4->5->2 MB, 5 MB goal, 0 MB stacks, 0 MB globals, 16 P
gc 6065 @15.129s 9%: 0.14+0.57+0.14 ms clock, 2.2+0.78/0.91/0+2.3 ms cpu, 4->4->2 MB, 4 MB goal, 0 MB stacks, 0 MB globals, 16 P
gc 6066 @15.131s 9%: 0.17+0.67+0.12 ms clock, 2.8+0.65/1.0/0+1.9 ms cpu, 3->5->2 MB, 4 MB goal, 0 MB stacks, 0 MB globals, 16 P
gc 6067 @15.133s 9%: 0.17+0.59+0.18 ms clock, 2.7+0.47/0.97/0+2.9 ms cpu, 4->5->2 MB, 5 MB goal, 0 MB stacks, 0 MB globals, 16 P
gc 6068 @15.135s 9%: 0.14+0.87+0.10 ms clock, 2.3+0.76/0.85/0.012+1.6 ms cpu, 3->5->2 MB, 4 MB goal, 0 MB stacks, 0 MB globals, 16 P
gc 6069 @15.137s 9%: 0.10+0.83+0.094 ms clock, 1.6+0.70/0.97/0+1.5 ms cpu, 4->5->2 MB, 5 MB goal, 0 MB stacks, 0 MB globals, 16 P
gc 6070 @15.139s 9%: 0.20+0.50+0.22 ms clock, 3.2+0.76/0.84/0+3.5 ms cpu, 4->5->2 MB, 5 MB goal, 0 MB stacks, 0 MB globals, 16 P
gc 6071 @15.141s 9%: 0.13+0.46+0.16 ms clock, 2.1+0.69/0.80/0+2.6 ms cpu, 3->4->2 MB, 4 MB goal, 0 MB stacks, 0 MB globals, 16 P
gc 6072 @15.142s 9%: 0.12+0.77+0.096 ms clock, 1.9+0.79/1.0/0+1.5 ms cpu, 3->4->2 MB, 4 MB goal, 0 MB stacks, 0 MB globals, 16 P
gc 6073 @15.144s 9%: 0.15+0.67+0.11 ms clock, 2.4+0.49/1.1/0+1.8 ms cpu, 4->5->2 MB, 5 MB goal, 0 MB stacks, 0 MB globals, 16 P
gc 6074 @15.146s 9%: 0.13+0.65+0.16 ms clock, 2.1+0.59/0.95/0+2.6 ms cpu, 4->5->2 MB, 5 MB goal, 0 MB stacks, 0 MB globals, 16 P
gc 6075 @15.148s 9%: 0.16+0.65+0.10 ms clock, 2.6+0.63/0.94/0.004+1.7 ms cpu, 4->5->2 MB, 5 MB goal, 0 MB stacks, 0 MB globals, 16 P
gc 6076 @15.150s 9%: 0.19+0.60+0.20 ms clock, 3.1+0.84/0.92/0+3.3 ms cpu, 4->5->2 MB, 4 MB goal, 0 MB stacks, 0 MB globals, 16 P
gc 6077 @15.152s 9%: 0.13+0.59+0.13 ms clock, 2.1+0.67/0.97/0+2.1 ms cpu, 4->5->2 MB, 5 MB goal, 0 MB stacks, 0 MB globals, 16 P
gc 6078 @15.154s 9%: 0.097+0.51+0.19 ms clock, 1.5+0.58/1.0/0.006+3.1 ms cpu, 4->4->2 MB, 4 MB goal, 0 MB stacks, 0 MB globals, 16 P
gc 6079 @15.156s 9%: 0.17+0.61+0.13 ms clock, 2.8+0.77/0.72/0.041+2.1 ms cpu, 3->4->2 MB, 4 MB goal, 0 MB stacks, 0 MB globals, 16 P
gc 6080 @15.157s 9%: 0.16+0.74+0.074 ms clock, 2.5+0.71/1.1/0+1.1 ms cpu, 4->4->2 MB, 4 MB goal, 0 MB stacks, 0 MB globals, 16 P
gc 6081 @15.159s 9%: 0.13+0.80+0.092 ms clock, 2.1+0.64/0.94/0+1.4 ms cpu, 4->5->2 MB, 5 MB goal, 0 MB stacks, 0 MB globals, 16 P
gc 6082 @15.161s 9%: 0.14+0.77+0.14 ms clock, 2.3+0.64/0.92/0+2.3 ms cpu, 4->5->2 MB, 4 MB goal, 0 MB stacks, 0 MB globals, 16 P
gc 6083 @15.163s 9%: 0.12+0.66+0.21 ms clock, 1.9+0.66/0.86/0+3.4 ms cpu, 4->5->2 MB, 5 MB goal, 0 MB stacks, 0 MB globals, 16 P
gc 6084 @15.165s 9%: 0.10+0.68+0.071 ms clock, 1.6+0.61/0.97/0+1.1 ms cpu, 4->4->2 MB, 4 MB goal, 0 MB stacks, 0 MB globals, 16 P
gc 6085 @15.167s 9%: 0.20+0.60+0.23 ms clock, 3.3+0.74/1.0/0.005+3.7 ms cpu, 3->4->2 MB, 4 MB goal, 0 MB stacks, 0 MB globals, 16 P
gc 6086 @15.169s 9%: 0.13+0.63+0.18 ms clock, 2.1+0.72/0.90/0.11+2.9 ms cpu, 4->4->2 MB, 5 MB goal, 0 MB stacks, 0 MB globals, 16 P
gc 6087 @15.170s 9%: 0.27+0.62+0.15 ms clock, 4.4+0.74/0.86/0+2.4 ms cpu, 3->4->2 MB, 4 MB goal, 0 MB stacks, 0 MB globals, 16 P
gc 6088 @15.172s 9%: 0.13+0.64+0.18 ms clock, 2.2+0.94/0.99/0.014+3.0 ms cpu, 4->5->2 MB, 5 MB goal, 0 MB stacks, 0 MB globals, 16 P
gc 6089 @15.174s 9%: 0.14+0.64+0.10 ms clock, 2.2+0.40/1.0/0.002+1.7 ms cpu, 4->5->2 MB, 5 MB goal, 0 MB stacks, 0 MB globals, 16 P
gc 6090 @15.176s 9%: 0.15+0.62+0.12 ms clock, 2.4+0.72/0.99/0+2.0 ms cpu, 4->5->2 MB, 4 MB goal, 0 MB stacks, 0 MB globals, 16 P
gc 6091 @15.178s 9%: 0.24+0.54+0.15 ms clock, 3.9+0.66/0.89/0+2.4 ms cpu, 4->4->2 MB, 4 MB goal, 0 MB stacks, 0 MB globals, 16 P
gc 6092 @15.179s 9%: 0.11+0.63+0.10 ms clock, 1.7+0.56/0.88/0.047+1.6 ms cpu, 4->4->2 MB, 4 MB goal, 0 MB stacks, 0 MB globals, 16 P
gc 6093 @15.181s 9%: 0.12+0.61+0.092 ms clock, 1.9+0.60/0.98/0+1.4 ms cpu, 4->4->2 MB, 4 MB goal, 0 MB stacks, 0 MB globals, 16 P
gc 6094 @15.183s 9%: 0.10+0.52+0.18 ms clock, 1.7+0.64/0.88/0.017+2.9 ms cpu, 4->4->2 MB, 4 MB goal, 0 MB stacks, 0 MB globals, 16 P
gc 6095 @15.184s 9%: 0.12+0.62+0.20 ms clock, 1.9+0.53/1.0/0+3.2 ms cpu, 3->4->2 MB, 4 MB goal, 0 MB stacks, 0 MB globals, 16 P
gc 6096 @15.186s 9%: 0.17+0.56+0.25 ms clock, 2.7+0.67/1.0/0.006+4.1 ms cpu, 4->4->2 MB, 4 MB goal, 0 MB stacks, 0 MB globals, 16 P
gc 6097 @15.188s 9%: 0.16+0.51+0.25 ms clock, 2.6+0.60/0.94/0+4.0 ms cpu, 4->4->2 MB, 4 MB goal, 0 MB stacks, 0 MB globals, 16 P
gc 6098 @15.190s 9%: 0.14+0.55+0.18 ms clock, 2.2+0.72/0.89/0+2.9 ms cpu, 4->4->2 MB, 4 MB goal, 0 MB stacks, 0 MB globals, 16 P
gc 6099 @15.191s 9%: 0.12+0.51+0.11 ms clock, 2.0+0.63/0.95/0.002+1.8 ms cpu, 3->4->2 MB, 4 MB goal, 0 MB stacks, 0 MB globals, 16 P
gc 6100 @15.193s 9%: 0.23+0.63+0.098 ms clock, 3.7+0.64/0.97/0.006+1.5 ms cpu, 3->4->2 MB, 4 MB goal, 0 MB stacks, 0 MB globals, 16 P
gc 6101 @15.195s 9%: 0.12+0.65+0.10 ms clock, 2.0+0.55/1.1/0.029+1.7 ms cpu, 4->5->2 MB, 4 MB goal, 0 MB stacks, 0 MB globals, 16 P
gc 6102 @15.197s 9%: 0.11+0.76+0.11 ms clock, 1.8+0.61/0.89/0+1.8 ms cpu, 4->4->2 MB, 4 MB goal, 0 MB stacks, 0 MB globals, 16 P
gc 6103 @15.198s 9%: 0.24+0.81+0.13 ms clock, 3.9+0.57/1.0/0+2.1 ms cpu, 4->5->2 MB, 4 MB goal, 0 MB stacks, 0 MB globals, 16 P
gc 6104 @15.201s 9%: 0.10+0.53+0.17 ms clock, 1.7+0.80/0.83/0.064+2.8 ms cpu, 4->5->2 MB, 5 MB goal, 0 MB stacks, 0 MB globals, 16 P
gc 6105 @15.202s 9%: 0.13+0.62+0.10 ms clock, 2.2+0.62/0.95/0+1.7 ms cpu, 4->4->2 MB, 4 MB goal, 0 MB stacks, 0 MB globals, 16 P
gc 6106 @15.204s 9%: 0.24+0.63+0.18 ms clock, 3.8+0.61/0.90/0+2.9 ms cpu, 4->5->2 MB, 4 MB goal, 0 MB stacks, 0 MB globals, 16 P
gc 6107 @15.206s 9%: 0.12+0.61+0.16 ms clock, 2.0+0.66/0.88/0+2.6 ms cpu, 4->5->2 MB, 5 MB goal, 0 MB stacks, 0 MB globals, 16 P
gc 6108 @15.208s 9%: 0.11+0.49+0.19 ms clock, 1.8+0.54/0.88/0+3.0 ms cpu, 4->4->2 MB, 4 MB goal, 0 MB stacks, 0 MB globals, 16 P
gc 6109 @15.210s 9%: 0.17+0.59+0.14 ms clock, 2.7+0.89/1.0/0.002+2.3 ms cpu, 3->4->2 MB, 4 MB goal, 0 MB stacks, 0 MB globals, 16 P
gc 6110 @15.211s 9%: 0.13+0.45+0.078 ms clock, 2.1+0.55/0.90/0.003+1.2 ms cpu, 4->5->2 MB, 5 MB goal, 0 MB stacks, 0 MB globals, 16 P
gc 6111 @15.213s 9%: 0.11+0.57+0.11 ms clock, 1.8+0.64/0.93/0.001+1.7 ms cpu, 3->4->2 MB, 4 MB goal, 0 MB stacks, 0 MB globals, 16 P
gc 6112 @15.215s 9%: 0.099+0.74+0.17 ms clock, 1.5+0.55/1.0/0.006+2.8 ms cpu, 3->4->2 MB, 4 MB goal, 0 MB stacks, 0 MB globals, 16 P
gc 6113 @15.216s 9%: 0.12+0.76+0.075 ms clock, 2.0+0.67/0.99/0+1.2 ms cpu, 4->5->2 MB, 4 MB goal, 0 MB stacks, 0 MB globals, 16 P
gc 6114 @15.218s 9%: 0.18+0.73+0.098 ms clock, 2.9+0.55/0.94/0.043+1.5 ms cpu, 4->5->2 MB, 5 MB goal, 0 MB stacks, 0 MB globals, 16 P
gc 6115 @15.220s 9%: 0.12+0.79+0.082 ms clock, 1.9+0.66/1.0/0.050+1.3 ms cpu, 4->5->2 MB, 5 MB goal, 0 MB stacks, 0 MB globals, 16 P
gc 6116 @15.222s 9%: 0.14+0.88+0.075 ms clock, 2.3+0.72/0.81/0+1.2 ms cpu, 4->5->2 MB, 5 MB goal, 0 MB stacks, 0 MB globals, 16 P
gc 6117 @15.224s 9%: 0.11+0.45+0.15 ms clock, 1.8+0.69/0.84/0.061+2.4 ms cpu, 4->5->2 MB, 5 MB goal, 0 MB stacks, 0 MB globals, 16 P
gc 6118 @15.226s 9%: 0.23+0.65+0.090 ms clock, 3.8+0.69/1.0/0+1.4 ms cpu, 3->4->2 MB, 4 MB goal, 0 MB stacks, 0 MB globals, 16 P
gc 6119 @15.228s 9%: 0.16+0.50+0.18 ms clock, 2.5+0.81/0.83/0+2.9 ms cpu, 4->5->2 MB, 5 MB goal, 0 MB stacks, 0 MB globals, 16 P
gc 6120 @15.230s 9%: 0.17+0.54+0.18 ms clock, 2.7+0.50/0.96/0.009+2.9 ms cpu, 3->4->2 MB, 4 MB goal, 0 MB stacks, 0 MB globals, 16 P
gc 6121 @15.231s 9%: 0.13+0.53+0.17 ms clock, 2.1+0.72/0.83/0+2.7 ms cpu, 3->4->2 MB, 4 MB goal, 0 MB stacks, 0 MB globals, 16 P
gc 6122 @15.233s 9%: 0.10+0.63+0.14 ms clock, 1.7+0.66/0.97/0+2.3 ms cpu, 3->4->2 MB, 4 MB goal, 0 MB stacks, 0 MB globals, 16 P
gc 6123 @15.235s 9%: 0.12+0.48+0.18 ms clock, 2.0+0.56/0.91/0+2.9 ms cpu, 4->4->2 MB, 4 MB goal, 0 MB stacks, 0 MB globals, 16 P
gc 6124 @15.236s 9%: 0.20+0.77+0.046 ms clock, 3.3+0.68/0.95/0.029+0.74 ms cpu, 3->4->2 MB, 4 MB goal, 0 MB stacks, 0 MB globals, 16 P
gc 6125 @15.238s 9%: 0.11+0.65+0.13 ms clock, 1.8+0.76/0.88/0.022+2.2 ms cpu, 4->5->2 MB, 5 MB goal, 0 MB stacks, 0 MB globals, 16 P
gc 6126 @15.240s 9%: 0.13+0.66+0.093 ms clock, 2.1+0.65/0.95/0+1.4 ms cpu, 4->4->2 MB, 4 MB goal, 0 MB stacks, 0 MB globals, 16 P
gc 6127 @15.242s 9%: 0.21+0.61+0.14 ms clock, 3.3+0.75/1.0/0.033+2.3 ms cpu, 3->4->2 MB, 4 MB goal, 0 MB stacks, 0 MB globals, 16 P
gc 6128 @15.244s 9%: 0.13+0.87+0.11 ms clock, 2.1+0.65/1.0/0.047+1.8 ms cpu, 4->5->2 MB, 5 MB goal, 0 MB stacks, 0 MB globals, 16 P
gc 6129 @15.246s 9%: 0.10+0.62+0.13 ms clock, 1.7+0.60/1.0/0+2.2 ms cpu, 4->5->2 MB, 5 MB goal, 0 MB stacks, 0 MB globals, 16 P
gc 6130 @15.248s 9%: 0.14+0.54+0.20 ms clock, 2.2+0.66/1.0/0+3.2 ms cpu, 4->4->2 MB, 4 MB goal, 0 MB stacks, 0 MB globals, 16 P
gc 6131 @15.249s 9%: 0.12+0.70+0.094 ms clock, 1.9+0.57/1.0/0+1.5 ms cpu, 4->4->2 MB, 4 MB goal, 0 MB stacks, 0 MB globals, 16 P
gc 6132 @15.251s 9%: 0.22+0.65+0.11 ms clock, 3.5+0.77/0.87/0+1.8 ms cpu, 4->5->2 MB, 5 MB goal, 0 MB stacks, 0 MB globals, 16 P
gc 6133 @15.253s 9%: 0.11+0.56+0.16 ms clock, 1.9+0.81/0.91/0+2.6 ms cpu, 4->5->2 MB, 5 MB goal, 0 MB stacks, 0 MB globals, 16 P
gc 6134 @15.255s 9%: 0.12+0.52+0.15 ms clock, 2.0+0.75/0.99/0+2.4 ms cpu, 3->4->2 MB, 4 MB goal, 0 MB stacks, 0 MB globals, 16 P
gc 6135 @15.256s 9%: 0.15+0.61+0.12 ms clock, 2.4+0.63/0.93/0+2.0 ms cpu, 3->4->2 MB, 4 MB goal, 0 MB stacks, 0 MB globals, 16 P
gc 6136 @15.258s 9%: 0.20+0.50+0.13 ms clock, 3.3+0.85/0.82/0+2.1 ms cpu, 4->4->2 MB, 4 MB goal, 0 MB stacks, 0 MB globals, 16 P
gc 6137 @15.260s 9%: 0.11+0.65+0.11 ms clock, 1.8+0.67/0.92/0.082+1.7 ms cpu, 3->4->2 MB, 4 MB goal, 0 MB stacks, 0 MB globals, 16 P
gc 6138 @15.262s 9%: 0.14+0.69+0.11 ms clock, 2.3+0.61/0.91/0.045+1.7 ms cpu, 4->5->2 MB, 5 MB goal, 0 MB stacks, 0 MB globals, 16 P
gc 6139 @15.264s 9%: 0.19+0.74+0.087 ms clock, 3.1+0.64/0.89/0.071+1.3 ms cpu, 4->5->2 MB, 5 MB goal, 0 MB stacks, 0 MB globals, 16 P
gc 6140 @15.265s 9%: 0.19+0.66+0.11 ms clock, 3.1+0.47/1.0/0+1.7 ms cpu, 4->5->2 MB, 5 MB goal, 0 MB stacks, 0 MB globals, 16 P
gc 6141 @15.267s 9%: 0.13+0.67+0.18 ms clock, 2.0+0.50/0.97/0+2.8 ms cpu, 4->4->2 MB, 4 MB goal, 0 MB stacks, 0 MB globals, 16 P
gc 6142 @15.269s 9%: 0.13+0.58+0.14 ms clock, 2.0+0.63/0.86/0+2.3 ms cpu, 4->4->2 MB, 4 MB goal, 0 MB stacks, 0 MB globals, 16 P
gc 6143 @15.271s 9%: 0.071+0.51+0.14 ms clock, 1.1+0.48/0.91/0.042+2.2 ms cpu, 3->4->2 MB, 4 MB goal, 0 MB stacks, 0 MB globals, 16 P
gc 6144 @15.272s 9%: 0.13+0.64+0.13 ms clock, 2.2+0.59/1.0/0.024+2.1 ms cpu, 3->4->2 MB, 4 MB goal, 0 MB stacks, 0 MB globals, 16 P
gc 6145 @15.274s 9%: 0.15+0.79+0.095 ms clock, 2.4+0.76/0.76/0+1.5 ms cpu, 4->5->2 MB, 4 MB goal, 0 MB stacks, 0 MB globals, 16 P
gc 6146 @15.276s 9%: 0.12+0.64+0.077 ms clock, 2.0+0.80/0.84/0+1.2 ms cpu, 4->5->2 MB, 5 MB goal, 0 MB stacks, 0 MB globals, 16 P
gc 6147 @15.278s 9%: 0.14+0.67+0.12 ms clock, 2.2+0.67/0.86/0+2.0 ms cpu, 4->4->2 MB, 4 MB goal, 0 MB stacks, 0 MB globals, 16 P
gc 6148 @15.280s 9%: 0.15+0.57+0.15 ms clock, 2.5+0.52/1.0/0.001+2.5 ms cpu, 4->4->2 MB, 4 MB goal, 0 MB stacks, 0 MB globals, 16 P
gc 6149 @15.282s 9%: 0.24+0.69+0.082 ms clock, 3.9+0.66/0.84/0+1.3 ms cpu, 4->5->2 MB, 4 MB goal, 0 MB stacks, 0 MB globals, 16 P
gc 6150 @15.284s 9%: 0.10+0.68+0.050 ms clock, 1.6+0.65/0.93/0.002+0.80 ms cpu, 4->5->2 MB, 5 MB goal, 0 MB stacks, 0 MB globals, 16 P
gc 6151 @15.286s 9%: 0.13+0.59+0.18 ms clock, 2.1+0.57/0.94/0+3.0 ms cpu, 3->4->2 MB, 4 MB goal, 0 MB stacks, 0 MB globals, 16 P
gc 6152 @15.287s 9%: 0.099+0.68+0.095 ms clock, 1.5+0.57/0.97/0.039+1.5 ms cpu, 4->5->2 MB, 4 MB goal, 0 MB stacks, 0 MB globals, 16 P
gc 6153 @15.289s 9%: 0.13+0.54+0.15 ms clock, 2.1+0.73/0.83/0+2.4 ms cpu, 4->4->2 MB, 4 MB goal, 0 MB stacks, 0 MB globals, 16 P
gc 6154 @15.291s 9%: 0.15+0.72+0.12 ms clock, 2.5+0.99/0.85/0.053+2.0 ms cpu, 3->4->2 MB, 4 MB goal, 0 MB stacks, 0 MB globals, 16 P
gc 6155 @15.293s 9%: 0.10+0.53+0.14 ms clock, 1.7+0.64/0.96/0+2.2 ms cpu, 4->4->2 MB, 5 MB goal, 0 MB stacks, 0 MB globals, 16 P
gc 6156 @15.294s 9%: 0.12+0.82+0.12 ms clock, 2.0+0.66/0.85/0+2.0 ms cpu, 3->4->2 MB, 4 MB goal, 0 MB stacks, 0 MB globals, 16 P
gc 6157 @15.296s 9%: 0.15+0.69+0.14 ms clock, 2.4+0.60/1.0/0+2.3 ms cpu, 4->5->2 MB, 5 MB goal, 0 MB stacks, 0 MB globals, 16 P
gc 6158 @15.298s 9%: 0.13+0.70+0.097 ms clock, 2.1+0.74/0.85/0+1.5 ms cpu, 4->5->2 MB, 5 MB goal, 0 MB stacks, 0 MB globals, 16 P
gc 6159 @15.300s 9%: 0.13+0.65+0.079 ms clock, 2.1+0.65/0.95/0.054+1.2 ms cpu, 4->5->2 MB, 5 MB goal, 0 MB stacks, 0 MB globals, 16 P
gc 6160 @15.302s 9%: 0.21+0.63+0.18 ms clock, 3.5+0.73/0.77/0+2.9 ms cpu, 4->5->2 MB, 5 MB goal, 0 MB stacks, 0 MB globals, 16 P
gc 6161 @15.304s 9%: 0.15+0.72+0.11 ms clock, 2.4+0.65/0.98/0+1.7 ms cpu, 4->4->2 MB, 4 MB goal, 0 MB stacks, 0 MB globals, 16 P
gc 6162 @15.306s 9%: 0.14+0.59+0.13 ms clock, 2.2+0.54/0.98/0+2.1 ms cpu, 4->5->2 MB, 5 MB goal, 0 MB stacks, 0 MB globals, 16 P
gc 6163 @15.308s 9%: 0.16+0.70+0.10 ms clock, 2.7+0.54/0.93/0+1.6 ms cpu, 4->4->2 MB, 4 MB goal, 0 MB stacks, 0 MB globals, 16 P
gc 6164 @15.310s 9%: 0.095+0.66+0.13 ms clock, 1.5+0.73/1.0/0+2.1 ms cpu, 4->5->2 MB, 4 MB goal, 0 MB stacks, 0 MB globals, 16 P
gc 6165 @15.312s 9%: 0.14+0.65+0.10 ms clock, 2.2+0.59/0.91/0.054+1.6 ms cpu, 4->4->2 MB, 4 MB goal, 0 MB stacks, 0 MB globals, 16 P
gc 6166 @15.313s 9%: 0.12+0.67+0.11 ms clock, 2.0+0.71/0.91/0+1.8 ms cpu, 4->5->2 MB, 4 MB goal, 0 MB stacks, 0 MB globals, 16 P
gc 6167 @15.315s 9%: 0.15+0.63+0.10 ms clock, 2.4+0.79/1.0/0+1.6 ms cpu, 4->5->2 MB, 5 MB goal, 0 MB stacks, 0 MB globals, 16 P
gc 6168 @15.317s 9%: 0.13+0.56+0.13 ms clock, 2.2+0.73/1.0/0+2.1 ms cpu, 4->4->2 MB, 4 MB goal, 0 MB stacks, 0 MB globals, 16 P
gc 6169 @15.319s 9%: 0.11+0.58+0.12 ms clock, 1.9+0.73/1.0/0.003+1.9 ms cpu, 4->4->2 MB, 4 MB goal, 0 MB stacks, 0 MB globals, 16 P
gc 6170 @15.320s 9%: 0.13+0.64+0.11 ms clock, 2.1+0.48/0.96/0.045+1.8 ms cpu, 3->4->2 MB, 4 MB goal, 0 MB stacks, 0 MB globals, 16 P
gc 6171 @15.322s 9%: 0.17+0.58+0.10 ms clock, 2.7+0.59/0.90/0.011+1.6 ms cpu, 4->4->2 MB, 4 MB goal, 0 MB stacks, 0 MB globals, 16 P
gc 6172 @15.324s 9%: 0.12+0.67+0.14 ms clock, 1.9+0.44/0.85/0.19+2.2 ms cpu, 4->4->2 MB, 4 MB goal, 0 MB stacks, 0 MB globals, 16 P
gc 6173 @15.326s 9%: 0.23+0.77+0.18 ms clock, 3.7+1.0/0.89/0+2.9 ms cpu, 4->5->2 MB, 4 MB goal, 0 MB stacks, 0 MB globals, 16 P
gc 6174 @15.328s 9%: 0.12+0.66+0.083 ms clock, 2.0+0.78/0.72/0+1.3 ms cpu, 4->5->2 MB, 5 MB goal, 0 MB stacks, 0 MB globals, 16 P
gc 6175 @15.330s 9%: 0.19+0.73+0.16 ms clock, 3.1+0.89/0.95/0+2.6 ms cpu, 3->4->2 MB, 4 MB goal, 0 MB stacks, 0 MB globals, 16 P
gc 6176 @15.332s 9%: 0.10+0.61+0.093 ms clock, 1.6+0.65/1.0/0+1.5 ms cpu, 4->5->2 MB, 5 MB goal, 0 MB stacks, 0 MB globals, 16 P
gc 6177 @15.333s 9%: 0.16+0.60+0.12 ms clock, 2.6+0.71/1.0/0+2.0 ms cpu, 3->4->2 MB, 4 MB goal, 0 MB stacks, 0 MB globals, 16 P
gc 6178 @15.335s 9%: 0.16+0.53+0.12 ms clock, 2.6+0.70/0.86/0+2.0 ms cpu, 4->4->2 MB, 4 MB goal, 0 MB stacks, 0 MB globals, 16 P
gc 6179 @15.337s 9%: 0.18+0.61+0.14 ms clock, 2.9+0.76/0.83/0+2.3 ms cpu, 3->4->2 MB, 4 MB goal, 0 MB stacks, 0 MB globals, 16 P
gc 6180 @15.338s 9%: 0.11+0.67+0.11 ms clock, 1.8+0.54/1.0/0.002+1.8 ms cpu, 4->4->2 MB, 4 MB goal, 0 MB stacks, 0 MB globals, 16 P
gc 6181 @15.340s 9%: 0.19+0.64+0.066 ms clock, 3.0+0.70/0.88/0+1.0 ms cpu, 4->5->2 MB, 4 MB goal, 0 MB stacks, 0 MB globals, 16 P
gc 6182 @15.342s 9%: 0.14+0.52+0.14 ms clock, 2.3+0.79/0.95/0+2.3 ms cpu, 4->4->2 MB, 4 MB goal, 0 MB stacks, 0 MB globals, 16 P
gc 6183 @15.344s 9%: 0.17+0.67+0.29 ms clock, 2.8+0.73/0.84/0+4.6 ms cpu, 4->4->2 MB, 4 MB goal, 0 MB stacks, 0 MB globals, 16 P
gc 6184 @15.346s 9%: 0.13+0.64+0.19 ms clock, 2.1+0.62/1.0/0.002+3.1 ms cpu, 4->5->2 MB, 4 MB goal, 0 MB stacks, 0 MB globals, 16 P
gc 6185 @15.348s 9%: 0.11+0.62+0.13 ms clock, 1.8+0.71/0.89/0+2.1 ms cpu, 4->5->2 MB, 4 MB goal, 0 MB stacks, 0 MB globals, 16 P
gc 6186 @15.350s 9%: 0.17+0.69+0.078 ms clock, 2.7+0.62/1.0/0+1.2 ms cpu, 4->5->2 MB, 4 MB goal, 0 MB stacks, 0 MB globals, 16 P
gc 6187 @15.352s 9%: 0.14+0.66+0.14 ms clock, 2.3+0.70/0.91/0+2.2 ms cpu, 4->5->2 MB, 5 MB goal, 0 MB stacks, 0 MB globals, 16 P
gc 6188 @15.354s 9%: 0.10+0.80+0.11 ms clock, 1.6+0.55/0.86/0.003+1.8 ms cpu, 4->5->2 MB, 5 MB goal, 0 MB stacks, 0 MB globals, 16 P
gc 6189 @15.356s 9%: 0.11+0.61+0.094 ms clock, 1.8+0.71/0.83/0+1.5 ms cpu, 4->5->2 MB, 5 MB goal, 0 MB stacks, 0 MB globals, 16 P
gc 6190 @15.357s 9%: 0.11+0.54+0.19 ms clock, 1.8+0.81/1.0/0+3.0 ms cpu, 3->4->2 MB, 4 MB goal, 0 MB stacks, 0 MB globals, 16 P
gc 6191 @15.359s 9%: 0.12+0.66+0.16 ms clock, 1.9+0.54/0.94/0+2.5 ms cpu, 3->4->2 MB, 4 MB goal, 0 MB stacks, 0 MB globals, 16 P
gc 6192 @15.361s 9%: 0.13+0.85+0.12 ms clock, 2.1+0.60/0.99/0+1.9 ms cpu, 4->5->2 MB, 5 MB goal, 0 MB stacks, 0 MB globals, 16 P
gc 6193 @15.363s 9%: 0.23+0.66+0.14 ms clock, 3.6+0.60/1.0/0+2.2 ms cpu, 4->5->2 MB, 4 MB goal, 0 MB stacks, 0 MB globals, 16 P
gc 6194 @15.365s 9%: 0.12+0.61+0.16 ms clock, 1.9+0.66/0.92/0.019+2.6 ms cpu, 4->5->2 MB, 5 MB goal, 0 MB stacks, 0 MB globals, 16 P
gc 6195 @15.367s 9%: 0.13+0.78+0.13 ms clock, 2.0+0.67/1.0/0+2.1 ms cpu, 4->5->2 MB, 4 MB goal, 0 MB stacks, 0 MB globals, 16 P
gc 6196 @15.369s 9%: 0.11+0.70+0.093 ms clock, 1.7+0.41/0.96/0+1.4 ms cpu, 4->5->2 MB, 5 MB goal, 0 MB stacks, 0 MB globals, 16 P
gc 6197 @15.370s 9%: 0.081+0.86+0.061 ms clock, 1.2+0.57/0.97/0+0.98 ms cpu, 4->4->2 MB, 4 MB goal, 0 MB stacks, 0 MB globals, 16 P
gc 6198 @15.372s 9%: 0.11+0.70+0.16 ms clock, 1.8+0.70/0.82/0.026+2.6 ms cpu, 4->5->2 MB, 5 MB goal, 0 MB stacks, 0 MB globals, 16 P
gc 6199 @15.374s 9%: 0.14+0.73+0.12 ms clock, 2.3+0.53/0.96/0+2.0 ms cpu, 4->5->2 MB, 4 MB goal, 0 MB stacks, 0 MB globals, 16 P
gc 6200 @15.376s 9%: 0.13+0.69+0.15 ms clock, 2.2+0.73/0.99/0.046+2.5 ms cpu, 4->5->2 MB, 5 MB goal, 0 MB stacks, 0 MB globals, 16 P
gc 6201 @15.378s 9%: 0.16+0.77+0.10 ms clock, 2.6+0.68/1.0/0.11+1.7 ms cpu, 4->5->2 MB, 5 MB goal, 0 MB stacks, 0 MB globals, 16 P
gc 6202 @15.380s 9%: 0.14+0.75+0.13 ms clock, 2.3+0.60/0.88/0+2.1 ms cpu, 4->5->2 MB, 5 MB goal, 0 MB stacks, 0 MB globals, 16 P
gc 6203 @15.382s 9%: 0.13+0.48+0.13 ms clock, 2.1+0.68/0.84/0.024+2.1 ms cpu, 4->4->2 MB, 4 MB goal, 0 MB stacks, 0 MB globals, 16 P
gc 6204 @15.383s 9%: 0.21+0.75+0.096 ms clock, 3.4+0.69/1.1/0+1.5 ms cpu, 3->4->2 MB, 4 MB goal, 0 MB stacks, 0 MB globals, 16 P
gc 6205 @15.385s 9%: 0.16+0.73+0.091 ms clock, 2.5+0.65/1.0/0+1.4 ms cpu, 4->5->2 MB, 5 MB goal, 0 MB stacks, 0 MB globals, 16 P
gc 6206 @15.387s 9%: 0.11+0.69+0.12 ms clock, 1.7+0.65/0.98/0+1.9 ms cpu, 4->5->2 MB, 5 MB goal, 0 MB stacks, 0 MB globals, 16 P
gc 6207 @15.389s 9%: 0.18+0.52+0.10 ms clock, 2.9+0.57/1.0/0+1.7 ms cpu, 4->4->2 MB, 4 MB goal, 0 MB stacks, 0 MB globals, 16 P
gc 6208 @15.391s 9%: 0.091+0.56+0.096 ms clock, 1.4+0.54/0.97/0+1.5 ms cpu, 3->4->2 MB, 4 MB goal, 0 MB stacks, 0 MB globals, 16 P
gc 6209 @15.393s 9%: 0.12+0.87+0.13 ms clock, 2.0+0.79/0.97/0.028+2.2 ms cpu, 3->5->2 MB, 4 MB goal, 0 MB stacks, 0 MB globals, 16 P
gc 6210 @15.395s 10%: 0.14+0.61+0.13 ms clock, 2.3+0.62/1.0/0+2.1 ms cpu, 4->5->2 MB, 5 MB goal, 0 MB stacks, 0 MB globals, 16 P
gc 6211 @15.397s 10%: 0.12+0.86+0.093 ms clock, 1.9+0.59/0.94/0+1.4 ms cpu, 4->5->2 MB, 4 MB goal, 0 MB stacks, 0 MB globals, 16 P
gc 6212 @15.399s 10%: 0.12+0.72+0.10 ms clock, 2.0+0.76/1.0/0+1.6 ms cpu, 4->5->2 MB, 4 MB goal, 0 MB stacks, 0 MB globals, 16 P
gc 6213 @15.401s 10%: 0.19+0.58+0.21 ms clock, 3.1+0.93/0.79/0+3.3 ms cpu, 4->4->2 MB, 5 MB goal, 0 MB stacks, 0 MB globals, 16 P
gc 6214 @15.402s 10%: 0.16+0.64+0.10 ms clock, 2.5+0.81/1.0/0+1.7 ms cpu, 3->4->2 MB, 4 MB goal, 0 MB stacks, 0 MB globals, 16 P
gc 6215 @15.404s 10%: 0.12+0.57+0.17 ms clock, 1.9+0.82/0.86/0.002+2.7 ms cpu, 4->5->2 MB, 5 MB goal, 0 MB stacks, 0 MB globals, 16 P
gc 6216 @15.406s 10%: 0.17+0.85+0.075 ms clock, 2.7+0.70/0.99/0+1.2 ms cpu, 3->4->2 MB, 4 MB goal, 0 MB stacks, 0 MB globals, 16 P
gc 6217 @15.408s 10%: 0.10+0.71+0.040 ms clock, 1.7+0.68/1.0/0+0.64 ms cpu, 4->5->2 MB, 5 MB goal, 0 MB stacks, 0 MB globals, 16 P
gc 6218 @15.410s 10%: 0.15+0.58+0.16 ms clock, 2.4+0.67/0.93/0.012+2.5 ms cpu, 4->4->2 MB, 4 MB goal, 0 MB stacks, 0 MB globals, 16 P
gc 6219 @15.412s 10%: 0.12+0.71+0.092 ms clock, 2.0+0.75/1.0/0+1.4 ms cpu, 4->5->2 MB, 4 MB goal, 0 MB stacks, 0 MB globals, 16 P
gc 6220 @15.414s 10%: 0.14+0.60+0.12 ms clock, 2.2+0.74/0.85/0+2.0 ms cpu, 4->5->2 MB, 5 MB goal, 0 MB stacks, 0 MB globals, 16 P
gc 6221 @15.415s 10%: 0.13+0.70+0.14 ms clock, 2.1+0.71/0.82/0.056+2.2 ms cpu, 4->5->2 MB, 4 MB goal, 0 MB stacks, 0 MB globals, 16 P
gc 6222 @15.417s 10%: 0.21+0.94+0.070 ms clock, 3.4+0.92/0.94/0+1.1 ms cpu, 4->5->2 MB, 5 MB goal, 0 MB stacks, 0 MB globals, 16 P
gc 6223 @15.420s 10%: 0.10+0.56+0.14 ms clock, 1.7+0.67/0.89/0.028+2.2 ms cpu, 4->5->2 MB, 5 MB goal, 0 MB stacks, 0 MB globals, 16 P
gc 6224 @15.422s 10%: 0.13+0.71+0.11 ms clock, 2.1+0.71/1.0/0.018+1.8 ms cpu, 3->4->2 MB, 4 MB goal, 0 MB stacks, 0 MB globals, 16 P
gc 6225 @15.424s 10%: 0.11+0.81+0.11 ms clock, 1.7+0.73/0.98/0+1.8 ms cpu, 4->5->2 MB, 5 MB goal, 0 MB stacks, 0 MB globals, 16 P
gc 6226 @15.426s 10%: 0.13+0.72+0.17 ms clock, 2.1+0.76/1.0/0.011+2.7 ms cpu, 4->5->2 MB, 5 MB goal, 0 MB stacks, 0 MB globals, 16 P
gc 6227 @15.428s 10%: 0.12+0.53+0.12 ms clock, 1.9+0.66/1.0/0+2.0 ms cpu, 4->5->2 MB, 5 MB goal, 0 MB stacks, 0 MB globals, 16 P
gc 6228 @15.430s 10%: 0.13+0.90+0.10 ms clock, 2.1+0.74/0.93/0+1.6 ms cpu, 3->5->2 MB, 4 MB goal, 0 MB stacks, 0 MB globals, 16 P
gc 6229 @15.432s 10%: 0.13+0.66+0.070 ms clock, 2.2+0.68/1.0/0+1.1 ms cpu, 4->5->2 MB, 5 MB goal, 0 MB stacks, 0 MB globals, 16 P
gc 6230 @15.434s 10%: 0.13+0.50+0.14 ms clock, 2.1+0.61/0.98/0.083+2.3 ms cpu, 4->4->1 MB, 4 MB goal, 0 MB stacks, 0 MB globals, 16 P
gc 6231 @15.435s 10%: 0.19+0.53+0.15 ms clock, 3.0+0.67/0.88/0.033+2.5 ms cpu, 3->4->2 MB, 4 MB goal, 0 MB stacks, 0 MB globals, 16 P
gc 6232 @15.437s 10%: 0.18+0.77+0.13 ms clock, 3.0+0.67/0.97/0+2.1 ms cpu, 4->5->2 MB, 5 MB goal, 0 MB stacks, 0 MB globals, 16 P
gc 6233 @15.439s 10%: 0.14+0.63+0.14 ms clock, 2.2+0.68/0.85/0+2.3 ms cpu, 4->5->2 MB, 5 MB goal, 0 MB stacks, 0 MB globals, 16 P
gc 6234 @15.441s 10%: 0.14+0.81+0.16 ms clock, 2.2+0.64/1.0/0+2.6 ms cpu, 4->5->2 MB, 5 MB goal, 0 MB stacks, 0 MB globals, 16 P
gc 6235 @15.443s 10%: 0.14+0.70+0.15 ms clock, 2.3+0.75/1.2/0.002+2.4 ms cpu, 4->5->2 MB, 5 MB goal, 0 MB stacks, 0 MB globals, 16 P
gc 6236 @15.445s 10%: 0.13+0.57+0.14 ms clock, 2.0+0.65/1.0/0.056+2.3 ms cpu, 4->5->2 MB, 5 MB goal, 0 MB stacks, 0 MB globals, 16 P
gc 6237 @15.447s 10%: 0.12+0.54+0.13 ms clock, 1.9+0.64/0.96/0+2.2 ms cpu, 3->4->2 MB, 4 MB goal, 0 MB stacks, 0 MB globals, 16 P
gc 6238 @15.449s 10%: 0.16+0.53+0.16 ms clock, 2.7+0.55/0.91/0+2.6 ms cpu, 4->4->2 MB, 5 MB goal, 0 MB stacks, 0 MB globals, 16 P
gc 6239 @15.450s 10%: 0.17+0.52+0.20 ms clock, 2.8+0.56/0.88/0+3.2 ms cpu, 4->4->2 MB, 4 MB goal, 0 MB stacks, 0 MB globals, 16 P
gc 6240 @15.452s 10%: 0.17+0.61+0.16 ms clock, 2.8+0.78/0.95/0+2.6 ms cpu, 4->4->2 MB, 4 MB goal, 0 MB stacks, 0 MB globals, 16 P
gc 6241 @15.454s 10%: 0.13+0.54+0.10 ms clock, 2.1+0.64/0.84/0.020+1.6 ms cpu, 4->5->2 MB, 5 MB goal, 0 MB stacks, 0 MB globals, 16 P
gc 6242 @15.456s 10%: 0.12+0.59+0.11 ms clock, 2.0+0.72/0.87/0+1.7 ms cpu, 4->4->2 MB, 4 MB goal, 0 MB stacks, 0 MB globals, 16 P
gc 6243 @15.457s 10%: 0.14+0.87+0.084 ms clock, 2.3+0.61/0.99/0.047+1.3 ms cpu, 4->5->2 MB, 4 MB goal, 0 MB stacks, 0 MB globals, 16 P
gc 6244 @15.460s 10%: 0.14+0.48+0.18 ms clock, 2.3+0.70/0.98/0+2.9 ms cpu, 4->5->2 MB, 5 MB goal, 0 MB stacks, 0 MB globals, 16 P
gc 6245 @15.461s 10%: 0.10+0.64+0.19 ms clock, 1.6+0.49/1.0/0.007+3.0 ms cpu, 3->4->2 MB, 4 MB goal, 0 MB stacks, 0 MB globals, 16 P
gc 6246 @15.463s 10%: 0.14+0.75+0.087 ms clock, 2.3+0.79/0.95/0+1.3 ms cpu, 4->4->2 MB, 4 MB goal, 0 MB stacks, 0 MB globals, 16 P
gc 6247 @15.465s 10%: 0.16+0.60+0.25 ms clock, 2.6+0.83/0.81/0+4.0 ms cpu, 4->5->2 MB, 5 MB goal, 0 MB stacks, 0 MB globals, 16 P
gc 6248 @15.467s 10%: 0.13+0.59+0.092 ms clock, 2.1+0.48/0.89/0+1.4 ms cpu, 4->4->2 MB, 5 MB goal, 0 MB stacks, 0 MB globals, 16 P
gc 6249 @15.468s 10%: 0.14+0.56+0.10 ms clock, 2.3+0.74/0.99/0+1.6 ms cpu, 3->4->2 MB, 4 MB goal, 0 MB stacks, 0 MB globals, 16 P
gc 6250 @15.470s 10%: 0.088+0.75+0.12 ms clock, 1.4+0.50/1.0/0+1.9 ms cpu, 4->5->2 MB, 4 MB goal, 0 MB stacks, 0 MB globals, 16 P
gc 6251 @15.472s 10%: 0.14+0.61+0.14 ms clock, 2.2+0.62/0.94/0+2.3 ms cpu, 4->5->2 MB, 5 MB goal, 0 MB stacks, 0 MB globals, 16 P
gc 6252 @15.474s 10%: 0.13+0.59+0.13 ms clock, 2.2+0.67/0.95/0+2.1 ms cpu, 4->4->2 MB, 4 MB goal, 0 MB stacks, 0 MB globals, 16 P
gc 6253 @15.476s 10%: 0.10+0.71+0.11 ms clock, 1.7+0.54/1.0/0+1.9 ms cpu, 4->4->2 MB, 4 MB goal, 0 MB stacks, 0 MB globals, 16 P
gc 6254 @15.477s 10%: 0.15+0.69+0.089 ms clock, 2.5+0.66/1.1/0+1.4 ms cpu, 4->4->2 MB, 4 MB goal, 0 MB stacks, 0 MB globals, 16 P
gc 6255 @15.479s 10%: 0.12+0.64+0.14 ms clock, 1.9+0.69/0.81/0.046+2.3 ms cpu, 4->5->2 MB, 5 MB goal, 0 MB stacks, 0 MB globals, 16 P
gc 6256 @15.481s 10%: 0.12+0.71+0.11 ms clock, 1.9+0.65/1.1/0.004+1.8 ms cpu, 4->4->2 MB, 4 MB goal, 0 MB stacks, 0 MB globals, 16 P
gc 6257 @15.483s 10%: 0.14+0.56+0.22 ms clock, 2.3+0.60/0.97/0.001+3.5 ms cpu, 4->4->2 MB, 4 MB goal, 0 MB stacks, 0 MB globals, 16 P
gc 6258 @15.485s 10%: 0.11+0.57+0.20 ms clock, 1.7+0.61/0.92/0.099+3.3 ms cpu, 3->4->2 MB, 4 MB goal, 0 MB stacks, 0 MB globals, 16 P
gc 6259 @15.486s 10%: 0.14+0.72+0.20 ms clock, 2.2+0.74/1.0/0.012+3.2 ms cpu, 4->4->2 MB, 4 MB goal, 0 MB stacks, 0 MB globals, 16 P
gc 6260 @15.488s 10%: 0.093+0.73+0.10 ms clock, 1.4+0.58/1.0/0.046+1.7 ms cpu, 4->5->2 MB, 4 MB goal, 0 MB stacks, 0 MB globals, 16 P
gc 6261 @15.490s 10%: 0.16+0.72+0.19 ms clock, 2.5+0.80/0.85/0+3.0 ms cpu, 4->5->2 MB, 4 MB goal, 0 MB stacks, 0 MB globals, 16 P
gc 6262 @15.492s 10%: 0.11+0.77+0.099 ms clock, 1.7+0.65/1.0/0.017+1.5 ms cpu, 4->5->2 MB, 5 MB goal, 0 MB stacks, 0 MB globals, 16 P
gc 6263 @15.494s 10%: 0.10+0.67+0.13 ms clock, 1.6+0.63/1.0/0+2.1 ms cpu, 4->5->2 MB, 5 MB goal, 0 MB stacks, 0 MB globals, 16 P
gc 6264 @15.496s 10%: 0.10+0.82+0.12 ms clock, 1.7+0.60/1.1/0.043+2.0 ms cpu, 4->5->2 MB, 4 MB goal, 0 MB stacks, 0 MB globals, 16 P
gc 6265 @15.498s 10%: 0.13+0.51+0.19 ms clock, 2.2+0.63/0.85/0+3.0 ms cpu, 4->5->2 MB, 5 MB goal, 0 MB stacks, 0 MB globals, 16 P
gc 6266 @15.500s 10%: 0.10+0.67+0.19 ms clock, 1.7+0.62/1.0/0+3.1 ms cpu, 3->4->2 MB, 4 MB goal, 0 MB stacks, 0 MB globals, 16 P
gc 6267 @15.501s 10%: 0.11+0.82+0.10 ms clock, 1.8+0.61/0.89/0.018+1.6 ms cpu, 4->5->2 MB, 5 MB goal, 0 MB stacks, 0 MB globals, 16 P
gc 6268 @15.503s 10%: 0.098+0.60+0.14 ms clock, 1.5+0.68/0.93/0+2.3 ms cpu, 4->5->2 MB, 5 MB goal, 0 MB stacks, 0 MB globals, 16 P
gc 6269 @15.505s 10%: 0.13+0.65+0.19 ms clock, 2.1+0.70/1.0/0+3.1 ms cpu, 3->4->2 MB, 4 MB goal, 0 MB stacks, 0 MB globals, 16 P
gc 6270 @15.507s 10%: 0.13+0.68+0.099 ms clock, 2.0+0.60/0.85/0.14+1.5 ms cpu, 4->5->2 MB, 5 MB goal, 0 MB stacks, 0 MB globals, 16 P
gc 6271 @15.509s 10%: 0.17+0.59+0.16 ms clock, 2.8+0.58/1.0/0+2.5 ms cpu, 4->5->2 MB, 4 MB goal, 0 MB stacks, 0 MB globals, 16 P
gc 6272 @15.511s 10%: 0.10+0.70+0.12 ms clock, 1.7+0.55/1.0/0+1.9 ms cpu, 4->5->2 MB, 4 MB goal, 0 MB stacks, 0 MB globals, 16 P
gc 6273 @15.512s 10%: 0.13+0.64+0.13 ms clock, 2.1+0.56/0.83/0.008+2.1 ms cpu, 4->4->2 MB, 4 MB goal, 0 MB stacks, 0 MB globals, 16 P
gc 6274 @15.514s 10%: 0.17+0.61+0.10 ms clock, 2.7+0.61/1.0/0+1.7 ms cpu, 3->4->2 MB, 4 MB goal, 0 MB stacks, 0 MB globals, 16 P
gc 6275 @15.516s 10%: 0.13+0.70+0.094 ms clock, 2.1+0.61/0.93/0.038+1.5 ms cpu, 4->4->2 MB, 4 MB goal, 0 MB stacks, 0 MB globals, 16 P
gc 6276 @15.518s 10%: 0.15+0.93+0.11 ms clock, 2.4+0.77/0.96/0+1.8 ms cpu, 4->5->2 MB, 4 MB goal, 0 MB stacks, 0 MB globals, 16 P
gc 6277 @15.520s 10%: 0.14+0.54+0.21 ms clock, 2.3+0.79/1.0/0+3.4 ms cpu, 4->5->2 MB, 5 MB goal, 0 MB stacks, 0 MB globals, 16 P
gc 6278 @15.522s 10%: 0.15+0.74+0.14 ms clock, 2.4+0.80/0.93/0.006+2.3 ms cpu, 4->5->2 MB, 4 MB goal, 0 MB stacks, 0 MB globals, 16 P
gc 6279 @15.524s 10%: 0.25+0.80+0.097 ms clock, 4.0+0.65/0.93/0+1.5 ms cpu, 4->5->2 MB, 5 MB goal, 0 MB stacks, 0 MB globals, 16 P
gc 6280 @15.526s 10%: 0.17+0.62+0.098 ms clock, 2.7+0.57/1.0/0+1.5 ms cpu, 4->5->2 MB, 5 MB goal, 0 MB stacks, 0 MB globals, 16 P
gc 6281 @15.528s 10%: 0.10+0.58+0.18 ms clock, 1.6+0.61/0.91/0.013+2.9 ms cpu, 4->4->2 MB, 4 MB goal, 0 MB stacks, 0 MB globals, 16 P
gc 6282 @15.530s 10%: 0.12+0.91+0.10 ms clock, 2.0+0.48/1.0/0+1.6 ms cpu, 4->4->2 MB, 4 MB goal, 0 MB stacks, 0 MB globals, 16 P
gc 6283 @15.532s 10%: 0.15+0.48+0.19 ms clock, 2.5+0.59/0.92/0+3.1 ms cpu, 4->5->2 MB, 5 MB goal, 0 MB stacks, 0 MB globals, 16 P
gc 6284 @15.533s 10%: 0.13+0.73+0.12 ms clock, 2.2+0.69/0.89/0.026+1.9 ms cpu, 3->4->2 MB, 4 MB goal, 0 MB stacks, 0 MB globals, 16 P
gc 6285 @15.535s 10%: 0.13+0.56+0.10 ms clock, 2.2+0.78/0.92/0+1.6 ms cpu, 4->5->2 MB, 5 MB goal, 0 MB stacks, 0 MB globals, 16 P
gc 6286 @15.537s 10%: 0.10+0.74+0.13 ms clock, 1.6+0.71/1.1/0.020+2.1 ms cpu, 4->4->2 MB, 4 MB goal, 0 MB stacks, 0 MB globals, 16 P
gc 6287 @15.539s 10%: 0.13+0.83+0.099 ms clock, 2.1+0.69/0.83/0+1.5 ms cpu, 4->5->2 MB, 5 MB goal, 0 MB stacks, 0 MB globals, 16 P
gc 6288 @15.541s 10%: 0.13+0.86+0.083 ms clock, 2.0+0.58/1.0/0+1.3 ms cpu, 4->5->2 MB, 5 MB goal, 0 MB stacks, 0 MB globals, 16 P
gc 6289 @15.543s 10%: 0.13+0.55+0.10 ms clock, 2.1+0.67/0.86/0+1.7 ms cpu, 4->5->2 MB, 5 MB goal, 0 MB stacks, 0 MB globals, 16 P
gc 6290 @15.545s 10%: 0.16+0.65+0.11 ms clock, 2.5+0.78/0.91/0+1.8 ms cpu, 4->4->2 MB, 4 MB goal, 0 MB stacks, 0 MB globals, 16 P
gc 6291 @15.547s 10%: 0.13+0.57+0.15 ms clock, 2.1+0.57/1.0/0+2.4 ms cpu, 4->4->2 MB, 4 MB goal, 0 MB stacks, 0 MB globals, 16 P
gc 6292 @15.548s 10%: 0.23+0.62+0.15 ms clock, 3.8+0.69/0.98/0+2.4 ms cpu, 4->4->2 MB, 4 MB goal, 0 MB stacks, 0 MB globals, 16 P
gc 6293 @15.550s 10%: 0.15+0.55+0.19 ms clock, 2.4+0.75/0.79/0+3.1 ms cpu, 4->5->2 MB, 5 MB goal, 0 MB stacks, 0 MB globals, 16 P
gc 6294 @15.552s 10%: 0.13+0.57+0.15 ms clock, 2.1+0.54/0.89/0.038+2.4 ms cpu, 4->4->1 MB, 4 MB goal, 0 MB stacks, 0 MB globals, 16 P
gc 6295 @15.553s 10%: 0.16+0.62+0.17 ms clock, 2.6+0.60/1.0/0.001+2.7 ms cpu, 3->4->2 MB, 4 MB goal, 0 MB stacks, 0 MB globals, 16 P
gc 6296 @15.555s 10%: 0.14+0.65+0.099 ms clock, 2.3+0.53/0.94/0+1.5 ms cpu, 4->5->2 MB, 5 MB goal, 0 MB stacks, 0 MB globals, 16 P
gc 6297 @15.557s 10%: 0.11+0.83+0.097 ms clock, 1.7+0.73/1.0/0.008+1.5 ms cpu, 4->5->2 MB, 4 MB goal, 0 MB stacks, 0 MB globals, 16 P
gc 6298 @15.559s 10%: 0.13+0.61+0.19 ms clock, 2.1+0.60/0.91/0+3.1 ms cpu, 4->5->2 MB, 5 MB goal, 0 MB stacks, 0 MB globals, 16 P
gc 6299 @15.561s 10%: 0.10+0.68+0.10 ms clock, 1.7+0.68/1.0/0+1.7 ms cpu, 3->4->2 MB, 4 MB goal, 0 MB stacks, 0 MB globals, 16 P
gc 6300 @15.563s 10%: 0.15+0.68+0.091 ms clock, 2.4+0.71/1.1/0+1.4 ms cpu, 4->5->2 MB, 4 MB goal, 0 MB stacks, 0 MB globals, 16 P
gc 6301 @15.565s 10%: 0.12+0.65+0.18 ms clock, 1.9+0.59/0.98/0+3.0 ms cpu, 4->5->2 MB, 5 MB goal, 0 MB stacks, 0 MB globals, 16 P
gc 6302 @15.566s 10%: 0.17+0.58+0.17 ms clock, 2.7+0.70/0.84/0+2.7 ms cpu, 4->4->2 MB, 4 MB goal, 0 MB stacks, 0 MB globals, 16 P
gc 6303 @15.568s 10%: 0.12+0.61+0.14 ms clock, 1.9+0.55/1.0/0.052+2.3 ms cpu, 4->4->2 MB, 4 MB goal, 0 MB stacks, 0 MB globals, 16 P
gc 6304 @15.570s 10%: 0.12+0.48+0.16 ms clock, 1.9+0.52/1.0/0.034+2.6 ms cpu, 4->4->2 MB, 4 MB goal, 0 MB stacks, 0 MB globals, 16 P
gc 6305 @15.571s 10%: 0.10+0.80+0.12 ms clock, 1.6+0.60/1.1/0+1.9 ms cpu, 3->4->2 MB, 4 MB goal, 0 MB stacks, 0 MB globals, 16 P
gc 6306 @15.573s 10%: 0.19+0.84+0.081 ms clock, 3.0+0.73/0.94/0+1.3 ms cpu, 4->5->2 MB, 5 MB goal, 0 MB stacks, 0 MB globals, 16 P
gc 6307 @15.576s 10%: 0.12+0.55+0.081 ms clock, 1.9+0.62/0.93/0+1.3 ms cpu, 4->5->2 MB, 5 MB goal, 0 MB stacks, 0 MB globals, 16 P
gc 6308 @15.577s 10%: 0.15+0.56+0.15 ms clock, 2.5+0.88/0.86/0.001+2.4 ms cpu, 3->4->2 MB, 4 MB goal, 0 MB stacks, 0 MB globals, 16 P
gc 6309 @15.579s 10%: 0.12+0.56+0.21 ms clock, 2.0+0.73/1.0/0+3.4 ms cpu, 3->4->2 MB, 4 MB goal, 0 MB stacks, 0 MB globals, 16 P
gc 6310 @15.580s 10%: 0.13+0.67+0.14 ms clock, 2.1+0.60/0.85/0+2.2 ms cpu, 4->4->2 MB, 4 MB goal, 0 MB stacks, 0 MB globals, 16 P
gc 6311 @15.582s 10%: 0.18+1.0+0.074 ms clock, 2.9+0.66/0.90/0+1.1 ms cpu, 4->5->2 MB, 4 MB goal, 0 MB stacks, 0 MB globals, 16 P
gc 6312 @15.585s 10%: 0.12+0.77+0.090 ms clock, 1.9+0.53/1.1/0.036+1.4 ms cpu, 4->5->2 MB, 5 MB goal, 0 MB stacks, 0 MB globals, 16 P
gc 6313 @15.587s 10%: 0.14+0.60+0.092 ms clock, 2.2+0.58/0.98/0+1.4 ms cpu, 4->5->2 MB, 5 MB goal, 0 MB stacks, 0 MB globals, 16 P
gc 6314 @15.589s 10%: 0.14+0.73+0.10 ms clock, 2.2+0.73/0.81/0+1.6 ms cpu, 4->4->2 MB, 4 MB goal, 0 MB stacks, 0 MB globals, 16 P
gc 6315 @15.590s 10%: 0.14+0.71+0.11 ms clock, 2.3+0.68/0.92/0+1.8 ms cpu, 4->4->2 MB, 4 MB goal, 0 MB stacks, 0 MB globals, 16 P
gc 6316 @15.592s 10%: 0.13+0.78+0.12 ms clock, 2.1+0.57/1.0/0+2.0 ms cpu, 4->5->2 MB, 4 MB goal, 0 MB stacks, 0 MB globals, 16 P
gc 6317 @15.594s 10%: 0.11+0.99+0.10 ms clock, 1.8+0.68/0.97/0.009+1.6 ms cpu, 4->5->2 MB, 5 MB goal, 0 MB stacks, 0 MB globals, 16 P
gc 6318 @15.596s 10%: 0.20+0.99+0.10 ms clock, 3.2+0.81/1.0/0+1.7 ms cpu, 4->5->2 MB, 5 MB goal, 0 MB stacks, 0 MB globals, 16 P
gc 6319 @15.599s 10%: 0.14+0.68+0.078 ms clock, 2.3+0.59/1.0/0.045+1.2 ms cpu, 4->5->2 MB, 5 MB goal, 0 MB stacks, 0 MB globals, 16 P
gc 6320 @15.601s 10%: 0.18+0.65+0.16 ms clock, 3.0+0.77/1.0/0+2.6 ms cpu, 4->5->2 MB, 4 MB goal, 0 MB stacks, 0 MB globals, 16 P
gc 6321 @15.603s 10%: 0.11+0.50+0.14 ms clock, 1.8+0.85/0.83/0+2.3 ms cpu, 4->5->2 MB, 5 MB goal, 0 MB stacks, 0 MB globals, 16 P
gc 6322 @15.604s 10%: 0.13+0.69+0.10 ms clock, 2.1+0.73/0.87/0+1.6 ms cpu, 3->4->2 MB, 4 MB goal, 0 MB stacks, 0 MB globals, 16 P
gc 6323 @15.606s 10%: 0.17+0.61+0.16 ms clock, 2.8+0.52/0.92/0+2.6 ms cpu, 4->4->2 MB, 4 MB goal, 0 MB stacks, 0 MB globals, 16 P
gc 6324 @15.608s 10%: 0.11+0.56+0.22 ms clock, 1.8+0.71/0.83/0+3.6 ms cpu, 4->4->2 MB, 4 MB goal, 0 MB stacks, 0 MB globals, 16 P
gc 6325 @15.609s 10%: 0.20+0.56+0.15 ms clock, 3.2+0.63/1.0/0+2.5 ms cpu, 3->4->2 MB, 4 MB goal, 0 MB stacks, 0 MB globals, 16 P
gc 6326 @15.611s 10%: 0.12+0.55+0.12 ms clock, 1.9+0.68/0.89/0+1.9 ms cpu, 4->5->2 MB, 5 MB goal, 0 MB stacks, 0 MB globals, 16 P
gc 6327 @15.613s 10%: 0.17+0.62+0.15 ms clock, 2.7+0.66/1.0/0+2.4 ms cpu, 3->4->2 MB, 4 MB goal, 0 MB stacks, 0 MB globals, 16 P
gc 6328 @15.614s 10%: 0.16+0.73+0.12 ms clock, 2.7+0.71/0.87/0.021+2.0 ms cpu, 4->5->2 MB, 4 MB goal, 0 MB stacks, 0 MB globals, 16 P
gc 6329 @15.616s 10%: 0.12+0.59+0.097 ms clock, 1.9+0.72/1.0/0.025+1.5 ms cpu, 4->5->2 MB, 5 MB goal, 0 MB stacks, 0 MB globals, 16 P
gc 6330 @15.618s 10%: 0.13+0.61+0.19 ms clock, 2.0+0.54/1.0/0+3.0 ms cpu, 4->4->2 MB, 4 MB goal, 0 MB stacks, 0 MB globals, 16 P
gc 6331 @15.620s 10%: 0.20+0.66+0.14 ms clock, 3.3+0.66/0.94/0.014+2.3 ms cpu, 4->5->2 MB, 4 MB goal, 0 MB stacks, 0 MB globals, 16 P
gc 6332 @15.622s 10%: 0.13+0.65+0.079 ms clock, 2.1+0.57/0.85/0.10+1.2 ms cpu, 4->5->2 MB, 5 MB goal, 0 MB stacks, 0 MB globals, 16 P
gc 6333 @15.623s 10%: 0.12+0.72+0.091 ms clock, 2.0+0.66/1.0/0+1.4 ms cpu, 3->4->2 MB, 4 MB goal, 0 MB stacks, 0 MB globals, 16 P
gc 6334 @15.625s 10%: 0.23+0.62+0.096 ms clock, 3.8+0.59/1.0/0.003+1.5 ms cpu, 4->4->2 MB, 4 MB goal, 0 MB stacks, 0 MB globals, 16 P
gc 6335 @15.627s 10%: 0.11+0.51+0.11 ms clock, 1.8+0.64/1.0/0+1.9 ms cpu, 4->4->2 MB, 4 MB goal, 0 MB stacks, 0 MB globals, 16 P
gc 6336 @15.629s 10%: 0.11+0.76+0.14 ms clock, 1.8+0.61/0.90/0.006+2.2 ms cpu, 3->4->2 MB, 4 MB goal, 0 MB stacks, 0 MB globals, 16 P
gc 6337 @15.631s 10%: 0.13+0.70+0.13 ms clock, 2.1+0.59/0.95/0.002+2.2 ms cpu, 4->5->2 MB, 4 MB goal, 0 MB stacks, 0 MB globals, 16 P
gc 6338 @15.632s 10%: 0.21+0.62+0.14 ms clock, 3.4+0.75/0.97/0+2.2 ms cpu, 4->5->2 MB, 4 MB goal, 0 MB stacks, 0 MB globals, 16 P
gc 6339 @15.634s 10%: 0.13+0.58+0.14 ms clock, 2.1+0.69/0.84/0+2.3 ms cpu, 4->5->2 MB, 5 MB goal, 0 MB stacks, 0 MB globals, 16 P
gc 6340 @15.636s 10%: 0.16+0.64+0.12 ms clock, 2.6+0.76/0.96/0+1.9 ms cpu, 3->4->2 MB, 4 MB goal, 0 MB stacks, 0 MB globals, 16 P
gc 6341 @15.638s 10%: 0.11+0.91+0.11 ms clock, 1.8+0.74/0.86/0+1.8 ms cpu, 4->5->2 MB, 4 MB goal, 0 MB stacks, 0 MB globals, 16 P
gc 6342 @15.640s 10%: 0.24+0.78+0.18 ms clock, 3.9+0.72/1.0/0+2.9 ms cpu, 4->5->2 MB, 5 MB goal, 0 MB stacks, 0 MB globals, 16 P
gc 6343 @15.642s 10%: 0.18+0.52+0.15 ms clock, 3.0+0.73/0.87/0.023+2.5 ms cpu, 4->5->2 MB, 5 MB goal, 0 MB stacks, 0 MB globals, 16 P
gc 6344 @15.644s 10%: 0.12+0.63+0.12 ms clock, 2.0+0.57/1.0/0+2.0 ms cpu, 4->4->2 MB, 4 MB goal, 0 MB stacks, 0 MB globals, 16 P
gc 6345 @15.646s 10%: 0.18+0.74+0.17 ms clock, 3.0+0.49/1.1/0+2.7 ms cpu, 4->5->2 MB, 4 MB goal, 0 MB stacks, 0 MB globals, 16 P
gc 6346 @15.648s 10%: 0.15+0.65+0.14 ms clock, 2.5+0.59/1.0/0+2.3 ms cpu, 4->5->2 MB, 5 MB goal, 0 MB stacks, 0 MB globals, 16 P
gc 6347 @15.650s 10%: 0.14+0.60+0.084 ms clock, 2.2+0.65/0.93/0+1.3 ms cpu, 4->4->2 MB, 5 MB goal, 0 MB stacks, 0 MB globals, 16 P
gc 6348 @15.651s 10%: 0.11+0.69+0.11 ms clock, 1.8+0.50/0.92/0+1.8 ms cpu, 3->4->2 MB, 4 MB goal, 0 MB stacks, 0 MB globals, 16 P
gc 6349 @15.653s 10%: 0.12+0.71+0.10 ms clock, 1.9+0.64/1.1/0.003+1.7 ms cpu, 4->5->2 MB, 4 MB goal, 0 MB stacks, 0 MB globals, 16 P
gc 6350 @15.655s 10%: 0.20+0.80+0.15 ms clock, 3.3+0.56/1.0/0+2.4 ms cpu, 4->5->2 MB, 5 MB goal, 0 MB stacks, 0 MB globals, 16 P
gc 6351 @15.657s 10%: 0.10+0.53+0.12 ms clock, 1.6+0.67/1.0/0+2.0 ms cpu, 4->4->2 MB, 5 MB goal, 0 MB stacks, 0 MB globals, 16 P
gc 6352 @15.659s 10%: 0.12+0.69+0.11 ms clock, 1.9+0.83/1.0/0+1.9 ms cpu, 3->4->2 MB, 4 MB goal, 0 MB stacks, 0 MB globals, 16 P
gc 6353 @15.661s 10%: 0.15+0.56+0.19 ms clock, 2.4+0.77/1.0/0.003+3.1 ms cpu, 4->5->2 MB, 5 MB goal, 0 MB stacks, 0 MB globals, 16 P
gc 6354 @15.663s 10%: 0.14+0.73+0.18 ms clock, 2.3+0.71/1.0/0+2.9 ms cpu, 4->5->2 MB, 5 MB goal, 0 MB stacks, 0 MB globals, 16 P
gc 6355 @15.665s 10%: 0.29+0.51+0.16 ms clock, 4.7+1.0/0.87/0+2.6 ms cpu, 4->5->2 MB, 5 MB goal, 0 MB stacks, 0 MB globals, 16 P
gc 6356 @15.667s 10%: 0.14+0.96+0.067 ms clock, 2.3+0.84/0.86/0.003+1.0 ms cpu, 3->4->2 MB, 4 MB goal, 0 MB stacks, 0 MB globals, 16 P
gc 6357 @15.669s 10%: 0.15+0.62+0.16 ms clock, 2.4+0.73/0.99/0.002+2.5 ms cpu, 4->5->2 MB, 5 MB goal, 0 MB stacks, 0 MB globals, 16 P
gc 6358 @15.671s 10%: 0.10+0.55+0.086 ms clock, 1.6+0.59/0.94/0.10+1.3 ms cpu, 4->4->2 MB, 4 MB goal, 0 MB stacks, 0 MB globals, 16 P
gc 6359 @15.672s 10%: 0.13+0.66+0.13 ms clock, 2.1+0.67/1.0/0+2.1 ms cpu, 3->4->2 MB, 4 MB goal, 0 MB stacks, 0 MB globals, 16 P
gc 6360 @15.674s 10%: 0.17+0.61+0.099 ms clock, 2.8+0.60/1.0/0+1.5 ms cpu, 4->4->2 MB, 4 MB goal, 0 MB stacks, 0 MB globals, 16 P
gc 6361 @15.676s 10%: 0.093+0.69+0.14 ms clock, 1.4+0.66/1.0/0+2.3 ms cpu, 4->5->2 MB, 4 MB goal, 0 MB stacks, 0 MB globals, 16 P
gc 6362 @15.678s 10%: 0.14+0.73+0.098 ms clock, 2.3+0.66/1.0/0+1.5 ms cpu, 4->5->2 MB, 5 MB goal, 0 MB stacks, 0 MB globals, 16 P
gc 6363 @15.680s 10%: 0.14+0.82+0.084 ms clock, 2.2+0.62/0.98/0+1.3 ms cpu, 4->5->2 MB, 5 MB goal, 0 MB stacks, 0 MB globals, 16 P
gc 6364 @15.682s 10%: 0.14+0.55+0.14 ms clock, 2.3+0.54/0.97/0+2.3 ms cpu, 4->5->2 MB, 5 MB goal, 0 MB stacks, 0 MB globals, 16 P
gc 6365 @15.684s 10%: 0.22+0.59+0.12 ms clock, 3.6+0.69/0.96/0+2.0 ms cpu, 4->4->2 MB, 4 MB goal, 0 MB stacks, 0 MB globals, 16 P
gc 6366 @15.685s 10%: 0.14+0.78+0.14 ms clock, 2.3+0.68/0.95/0.072+2.3 ms cpu, 3->4->2 MB, 4 MB goal, 0 MB stacks, 0 MB globals, 16 P
gc 6367 @15.687s 10%: 0.095+0.62+0.11 ms clock, 1.5+0.62/0.88/0.050+1.8 ms cpu, 4->5->2 MB, 5 MB goal, 0 MB stacks, 0 MB globals, 16 P
gc 6368 @15.689s 10%: 0.14+0.74+0.10 ms clock, 2.3+0.68/1.1/0.011+1.6 ms cpu, 3->4->2 MB, 4 MB goal, 0 MB stacks, 0 MB globals, 16 P
gc 6369 @15.691s 10%: 0.11+0.66+0.096 ms clock, 1.7+0.55/1.0/0+1.5 ms cpu, 4->5->2 MB, 5 MB goal, 0 MB stacks, 0 MB globals, 16 P
gc 6370 @15.693s 10%: 0.13+0.49+0.12 ms clock, 2.1+0.78/0.79/0+2.0 ms cpu, 4->5->2 MB, 5 MB goal, 0 MB stacks, 0 MB globals, 16 P
gc 6371 @15.694s 10%: 0.11+0.63+0.079 ms clock, 1.7+0.79/0.83/0.052+1.2 ms cpu, 3->4->2 MB, 4 MB goal, 0 MB stacks, 0 MB globals, 16 P
gc 6372 @15.696s 10%: 0.12+0.60+0.15 ms clock, 1.9+0.67/1.0/0.016+2.4 ms cpu, 3->4->2 MB, 4 MB goal, 0 MB stacks, 0 MB globals, 16 P
gc 6373 @15.698s 10%: 0.11+0.55+0.11 ms clock, 1.8+0.53/0.89/0.047+1.8 ms cpu, 4->4->2 MB, 4 MB goal, 0 MB stacks, 0 MB globals, 16 P
gc 6374 @15.699s 10%: 0.11+0.61+0.12 ms clock, 1.8+0.66/0.97/0.046+1.9 ms cpu, 3->4->2 MB, 4 MB goal, 0 MB stacks, 0 MB globals, 16 P
gc 6375 @15.701s 10%: 0.083+0.78+0.097 ms clock, 1.3+0.46/0.98/0.12+1.5 ms cpu, 4->4->2 MB, 4 MB goal, 0 MB stacks, 0 MB globals, 16 P
gc 6376 @15.703s 10%: 0.11+0.55+0.11 ms clock, 1.8+0.65/0.94/0+1.7 ms cpu, 4->4->2 MB, 4 MB goal, 0 MB stacks, 0 MB globals, 16 P
gc 6377 @15.704s 10%: 0.11+0.89+0.098 ms clock, 1.8+0.73/1.0/0+1.5 ms cpu, 3->4->2 MB, 4 MB goal, 0 MB stacks, 0 MB globals, 16 P
gc 6378 @15.706s 10%: 0.11+0.83+0.096 ms clock, 1.9+0.51/1.0/0.033+1.5 ms cpu, 4->5->2 MB, 5 MB goal, 0 MB stacks, 0 MB globals, 16 P
gc 6379 @15.709s 10%: 0.12+0.69+0.14 ms clock, 1.9+0.53/0.98/0.003+2.2 ms cpu, 4->5->2 MB, 5 MB goal, 0 MB stacks, 0 MB globals, 16 P
gc 6380 @15.711s 10%: 0.15+0.56+0.12 ms clock, 2.4+0.61/0.92/0+2.0 ms cpu, 4->5->2 MB, 5 MB goal, 0 MB stacks, 0 MB globals, 16 P
gc 6381 @15.712s 10%: 0.091+0.55+0.16 ms clock, 1.4+0.50/1.0/0+2.5 ms cpu, 4->4->2 MB, 4 MB goal, 0 MB stacks, 0 MB globals, 16 P
gc 6382 @15.714s 10%: 0.15+0.61+0.14 ms clock, 2.4+0.74/0.87/0.039+2.3 ms cpu, 3->4->2 MB, 4 MB goal, 0 MB stacks, 0 MB globals, 16 P
gc 6383 @15.716s 10%: 0.13+0.56+0.079 ms clock, 2.2+0.59/0.95/0.002+1.2 ms cpu, 4->4->2 MB, 4 MB goal, 0 MB stacks, 0 MB globals, 16 P
gc 6384 @15.717s 10%: 0.16+0.81+0.089 ms clock, 2.7+0.63/1.0/0.014+1.4 ms cpu, 4->5->2 MB, 4 MB goal, 0 MB stacks, 0 MB globals, 16 P
gc 6385 @15.719s 10%: 0.095+0.59+0.14 ms clock, 1.5+0.50/0.96/0.064+2.3 ms cpu, 4->5->2 MB, 5 MB goal, 0 MB stacks, 0 MB globals, 16 P
gc 6386 @15.721s 10%: 0.12+0.65+0.20 ms clock, 1.9+0.61/0.95/0+3.2 ms cpu, 3->4->2 MB, 4 MB goal, 0 MB stacks, 0 MB globals, 16 P
gc 6387 @15.723s 10%: 0.12+0.55+0.093 ms clock, 1.9+0.83/1.0/0+1.4 ms cpu, 4->5->2 MB, 5 MB goal, 0 MB stacks, 0 MB globals, 16 P
gc 6388 @15.725s 10%: 0.18+0.70+0.10 ms clock, 3.0+0.91/0.79/0+1.6 ms cpu, 3->4->2 MB, 4 MB goal, 0 MB stacks, 0 MB globals, 16 P
gc 6389 @15.727s 10%: 0.11+0.53+0.16 ms clock, 1.9+0.60/1.0/0+2.5 ms cpu, 4->5->2 MB, 5 MB goal, 0 MB stacks, 0 MB globals, 16 P
gc 6390 @15.728s 10%: 0.17+0.66+0.10 ms clock, 2.8+0.54/1.0/0.004+1.6 ms cpu, 4->4->2 MB, 4 MB goal, 0 MB stacks, 0 MB globals, 16 P
gc 6391 @15.730s 10%: 0.15+0.72+0.087 ms clock, 2.4+0.73/0.87/0+1.4 ms cpu, 4->5->2 MB, 5 MB goal, 0 MB stacks, 0 MB globals, 16 P
gc 6392 @15.732s 10%: 0.17+0.65+0.11 ms clock, 2.7+0.84/0.97/0+1.9 ms cpu, 4->5->2 MB, 4 MB goal, 0 MB stacks, 0 MB globals, 16 P
gc 6393 @15.734s 10%: 0.13+0.43+0.18 ms clock, 2.1+0.70/0.88/0.002+2.9 ms cpu, 4->4->1 MB, 5 MB goal, 0 MB stacks, 0 MB globals, 16 P
gc 6394 @15.736s 10%: 0.22+0.60+0.085 ms clock, 3.6+0.72/0.96/0+1.3 ms cpu, 3->4->2 MB, 4 MB goal, 0 MB stacks, 0 MB globals, 16 P
gc 6395 @15.737s 10%: 0.12+0.97+0.11 ms clock, 2.0+0.69/0.99/0.007+1.8 ms cpu, 4->5->2 MB, 5 MB goal, 0 MB stacks, 0 MB globals, 16 P
gc 6396 @15.740s 10%: 0.13+0.99+0.13 ms clock, 2.1+0.61/0.95/0.028+2.1 ms cpu, 4->5->2 MB, 5 MB goal, 0 MB stacks, 0 MB globals, 16 P
gc 6397 @15.742s 10%: 0.10+0.72+0.18 ms clock, 1.6+0.67/0.95/0+2.9 ms cpu, 4->5->2 MB, 5 MB goal, 0 MB stacks, 0 MB globals, 16 P
gc 6398 @15.744s 10%: 0.10+0.73+0.10 ms clock, 1.7+1.4/1.0/0+1.7 ms cpu, 4->5->2 MB, 5 MB goal, 0 MB stacks, 0 MB globals, 16 P
gc 6399 @15.746s 10%: 0.13+0.49+0.16 ms clock, 2.1+0.40/0.96/0+2.6 ms cpu, 4->4->2 MB, 4 MB goal, 0 MB stacks, 0 MB globals, 16 P
gc 6400 @15.748s 10%: 0.22+0.68+0.13 ms clock, 3.6+0.81/0.91/0+2.0 ms cpu, 3->4->2 MB, 4 MB goal, 0 MB stacks, 0 MB globals, 16 P
gc 6401 @15.750s 10%: 0.14+0.60+0.17 ms clock, 2.3+0.62/0.90/0.022+2.7 ms cpu, 4->5->2 MB, 5 MB goal, 0 MB stacks, 0 MB globals, 16 P
gc 6402 @15.751s 10%: 0.15+0.64+0.10 ms clock, 2.4+0.83/0.89/0+1.6 ms cpu, 4->5->2 MB, 4 MB goal, 0 MB stacks, 0 MB globals, 16 P
gc 6403 @15.753s 10%: 0.13+0.73+0.11 ms clock, 2.2+0.83/1.0/0.008+1.7 ms cpu, 4->5->2 MB, 5 MB goal, 0 MB stacks, 0 MB globals, 16 P
gc 6404 @15.756s 10%: 0.15+0.64+0.11 ms clock, 2.4+0.69/0.92/0+1.7 ms cpu, 4->5->2 MB, 5 MB goal, 0 MB stacks, 0 MB globals, 16 P
gc 6405 @15.758s 10%: 0.10+0.51+0.11 ms clock, 1.7+0.72/0.85/0+1.8 ms cpu, 4->4->2 MB, 5 MB goal, 0 MB stacks, 0 MB globals, 16 P
gc 6406 @15.759s 10%: 0.28+0.52+0.14 ms clock, 4.5+0.67/0.87/0+2.2 ms cpu, 3->4->2 MB, 4 MB goal, 0 MB stacks, 0 MB globals, 16 P
gc 6407 @15.761s 10%: 0.14+0.56+0.10 ms clock, 2.3+0.57/1.0/0+1.6 ms cpu, 4->4->2 MB, 4 MB goal, 0 MB stacks, 0 MB globals, 16 P
gc 6408 @15.762s 10%: 0.10+0.56+0.12 ms clock, 1.7+0.84/0.94/0.010+1.9 ms cpu, 4->4->2 MB, 4 MB goal, 0 MB stacks, 0 MB globals, 16 P
gc 6409 @15.764s 10%: 0.13+0.50+0.16 ms clock, 2.1+0.79/0.90/0+2.7 ms cpu, 4->4->2 MB, 4 MB goal, 0 MB stacks, 0 MB globals, 16 P
gc 6410 @15.766s 10%: 0.10+0.58+0.14 ms clock, 1.7+0.69/0.86/0+2.2 ms cpu, 4->4->2 MB, 4 MB goal, 0 MB stacks, 0 MB globals, 16 P
gc 6411 @15.767s 10%: 0.15+0.55+0.13 ms clock, 2.4+0.67/0.96/0+2.1 ms cpu, 3->4->2 MB, 4 MB goal, 0 MB stacks, 0 MB globals, 16 P
gc 6412 @15.769s 10%: 0.15+0.62+0.19 ms clock, 2.4+0.79/0.92/0.016+3.1 ms cpu, 4->4->2 MB, 4 MB goal, 0 MB stacks, 0 MB globals, 16 P
gc 6413 @15.771s 10%: 0.14+0.67+0.065 ms clock, 2.2+0.57/0.94/0+1.0 ms cpu, 4->5->2 MB, 5 MB goal, 0 MB stacks, 0 MB globals, 16 P
gc 6414 @15.773s 10%: 0.10+0.74+0.084 ms clock, 1.7+0.63/0.96/0.020+1.3 ms cpu, 4->5->2 MB, 5 MB goal, 0 MB stacks, 0 MB globals, 16 P
gc 6415 @15.775s 10%: 0.12+0.53+0.11 ms clock, 2.0+0.76/0.98/0+1.7 ms cpu, 4->4->2 MB, 4 MB goal, 0 MB stacks, 0 MB globals, 16 P
gc 6416 @15.776s 10%: 0.097+0.57+0.11 ms clock, 1.5+0.59/0.94/0.052+1.8 ms cpu, 3->4->2 MB, 4 MB goal, 0 MB stacks, 0 MB globals, 16 P
gc 6417 @15.778s 10%: 0.12+0.68+0.16 ms clock, 1.9+0.98/0.91/0+2.6 ms cpu, 3->4->2 MB, 4 MB goal, 0 MB stacks, 0 MB globals, 16 P
gc 6418 @15.780s 10%: 0.12+0.60+0.12 ms clock, 2.0+0.74/0.88/0.038+2.0 ms cpu, 4->4->2 MB, 4 MB goal, 0 MB stacks, 0 MB globals, 16 P
gc 6419 @15.781s 10%: 0.10+0.55+0.11 ms clock, 1.7+0.59/1.0/0.009+1.7 ms cpu, 3->4->2 MB, 4 MB goal, 0 MB stacks, 0 MB globals, 16 P
gc 6420 @15.783s 10%: 0.11+0.70+0.099 ms clock, 1.8+0.64/1.0/0.018+1.5 ms cpu, 3->4->2 MB, 4 MB goal, 0 MB stacks, 0 MB globals, 16 P
gc 6421 @15.785s 10%: 0.15+0.77+0.074 ms clock, 2.4+0.74/0.81/0+1.1 ms cpu, 4->5->2 MB, 5 MB goal, 0 MB stacks, 0 MB globals, 16 P
gc 6422 @15.787s 10%: 0.090+0.69+0.15 ms clock, 1.4+0.78/1.1/0+2.4 ms cpu, 4->5->2 MB, 5 MB goal, 0 MB stacks, 0 MB globals, 16 P
gc 6423 @15.789s 10%: 0.11+0.51+0.12 ms clock, 1.8+0.56/0.91/0+1.9 ms cpu, 4->5->2 MB, 5 MB goal, 0 MB stacks, 0 MB globals, 16 P
gc 6424 @15.790s 10%: 0.11+0.62+0.14 ms clock, 1.8+0.60/0.90/0.026+2.2 ms cpu, 3->4->2 MB, 4 MB goal, 0 MB stacks, 0 MB globals, 16 P
gc 6425 @15.792s 10%: 0.14+0.63+0.15 ms clock, 2.3+0.79/0.84/0+2.5 ms cpu, 4->4->2 MB, 4 MB goal, 0 MB stacks, 0 MB globals, 16 P
gc 6426 @15.794s 10%: 0.11+0.61+0.17 ms clock, 1.9+0.57/1.0/0+2.8 ms cpu, 4->4->2 MB, 4 MB goal, 0 MB stacks, 0 MB globals, 16 P
gc 6427 @15.796s 10%: 0.13+0.57+0.10 ms clock, 2.2+0.66/0.94/0.004+1.7 ms cpu, 4->4->2 MB, 4 MB goal, 0 MB stacks, 0 MB globals, 16 P
gc 6428 @15.797s 10%: 0.17+0.59+0.28 ms clock, 2.8+0.77/0.98/0+4.5 ms cpu, 4->4->2 MB, 4 MB goal, 0 MB stacks, 0 MB globals, 16 P
gc 6429 @15.799s 10%: 0.10+0.62+0.16 ms clock, 1.7+0.61/0.97/0+2.5 ms cpu, 4->5->2 MB, 5 MB goal, 0 MB stacks, 0 MB globals, 16 P
gc 6430 @15.801s 10%: 0.15+0.92+0.086 ms clock, 2.4+0.53/0.98/0.10+1.3 ms cpu, 4->5->2 MB, 4 MB goal, 0 MB stacks, 0 MB globals, 16 P
gc 6431 @15.803s 10%: 0.14+0.61+0.11 ms clock, 2.2+0.55/0.92/0.003+1.8 ms cpu, 4->5->2 MB, 5 MB goal, 0 MB stacks, 0 MB globals, 16 P
gc 6432 @15.805s 10%: 0.11+0.58+0.14 ms clock, 1.8+0.48/0.88/0+2.3 ms cpu, 3->4->2 MB, 4 MB goal, 0 MB stacks, 0 MB globals, 16 P
gc 6433 @15.807s 10%: 0.096+0.71+0.090 ms clock, 1.5+0.53/0.90/0.042+1.4 ms cpu, 4->5->2 MB, 4 MB goal, 0 MB stacks, 0 MB globals, 16 P
gc 6434 @15.809s 10%: 0.14+0.65+0.12 ms clock, 2.2+0.61/1.0/0.006+2.0 ms cpu, 4->5->2 MB, 4 MB goal, 0 MB stacks, 0 MB globals, 16 P
gc 6435 @15.810s 10%: 0.092+0.58+0.17 ms clock, 1.4+0.36/0.94/0+2.8 ms cpu, 4->4->2 MB, 4 MB goal, 0 MB stacks, 0 MB globals, 16 P
gc 6436 @15.812s 10%: 0.16+0.54+0.15 ms clock, 2.5+0.54/0.88/0+2.5 ms cpu, 3->4->2 MB, 4 MB goal, 0 MB stacks, 0 MB globals, 16 P
gc 6437 @15.814s 10%: 0.10+0.57+0.14 ms clock, 1.7+0.64/0.90/0+2.3 ms cpu, 3->4->2 MB, 4 MB goal, 0 MB stacks, 0 MB globals, 16 P
gc 6438 @15.815s 10%: 0.12+0.64+0.081 ms clock, 2.0+0.63/0.91/0.001+1.3 ms cpu, 4->4->2 MB, 4 MB goal, 0 MB stacks, 0 MB globals, 16 P
gc 6439 @15.817s 10%: 0.13+0.46+0.11 ms clock, 2.1+0.76/0.89/0+1.9 ms cpu, 4->4->2 MB, 4 MB goal, 0 MB stacks, 0 MB globals, 16 P
gc 6440 @15.819s 10%: 0.18+0.54+0.18 ms clock, 3.0+0.68/0.87/0+2.9 ms cpu, 3->4->2 MB, 4 MB goal, 0 MB stacks, 0 MB globals, 16 P
gc 6441 @15.820s 10%: 0.11+0.68+0.13 ms clock, 1.9+0.62/0.96/0.013+2.1 ms cpu, 4->4->2 MB, 4 MB goal, 0 MB stacks, 0 MB globals, 16 P
gc 6442 @15.822s 10%: 0.13+0.52+0.082 ms clock, 2.0+0.63/0.87/0.033+1.3 ms cpu, 3->4->2 MB, 4 MB goal, 0 MB stacks, 0 MB globals, 16 P
gc 6443 @15.824s 10%: 0.13+0.69+0.11 ms clock, 2.1+0.66/1.0/0.002+1.8 ms cpu, 3->4->2 MB, 4 MB goal, 0 MB stacks, 0 MB globals, 16 P
gc 6444 @15.826s 10%: 0.17+0.63+0.13 ms clock, 2.7+0.50/1.2/0.007+2.2 ms cpu, 4->5->2 MB, 4 MB goal, 0 MB stacks, 0 MB globals, 16 P
gc 6445 @15.827s 10%: 0.18+0.48+0.11 ms clock, 2.8+0.51/0.96/0+1.7 ms cpu, 4->4->2 MB, 5 MB goal, 0 MB stacks, 0 MB globals, 16 P
gc 6446 @15.829s 10%: 0.23+0.70+0.11 ms clock, 3.6+0.86/0.88/0+1.8 ms cpu, 3->4->2 MB, 4 MB goal, 0 MB stacks, 0 MB globals, 16 P
gc 6447 @15.831s 10%: 0.13+0.63+0.070 ms clock, 2.1+0.78/0.85/0+1.1 ms cpu, 4->5->2 MB, 5 MB goal, 0 MB stacks, 0 MB globals, 16 P
gc 6448 @15.833s 10%: 0.10+0.67+0.21 ms clock, 1.6+0.63/0.97/0.084+3.4 ms cpu, 4->4->2 MB, 4 MB goal, 0 MB stacks, 0 MB globals, 16 P
gc 6449 @15.835s 10%: 0.11+0.66+0.080 ms clock, 1.7+0.77/1.0/0+1.2 ms cpu, 4->5->2 MB, 4 MB goal, 0 MB stacks, 0 MB globals, 16 P
gc 6450 @15.837s 10%: 0.15+0.62+0.17 ms clock, 2.5+0.82/0.85/0+2.7 ms cpu, 4->5->2 MB, 4 MB goal, 0 MB stacks, 0 MB globals, 16 P
gc 6451 @15.839s 10%: 0.13+0.74+0.11 ms clock, 2.2+0.58/0.92/0+1.8 ms cpu, 4->5->2 MB, 4 MB goal, 0 MB stacks, 0 MB globals, 16 P
gc 6452 @15.841s 10%: 0.12+0.57+0.10 ms clock, 2.0+0.61/0.99/0+1.6 ms cpu, 4->5->2 MB, 5 MB goal, 0 MB stacks, 0 MB globals, 16 P
gc 6453 @15.842s 10%: 0.10+0.76+0.14 ms clock, 1.6+0.66/0.92/0.001+2.3 ms cpu, 4->4->2 MB, 4 MB goal, 0 MB stacks, 0 MB globals, 16 P
gc 6454 @15.844s 10%: 0.11+0.68+0.13 ms clock, 1.7+0.60/1.0/0.009+2.2 ms cpu, 4->4->2 MB, 4 MB goal, 0 MB stacks, 0 MB globals, 16 P
gc 6455 @15.846s 10%: 0.11+0.69+0.093 ms clock, 1.8+0.63/0.94/0+1.4 ms cpu, 4->4->2 MB, 4 MB goal, 0 MB stacks, 0 MB globals, 16 P
gc 6456 @15.848s 10%: 0.14+0.81+0.13 ms clock, 2.3+0.65/1.0/0+2.1 ms cpu, 4->5->2 MB, 4 MB goal, 0 MB stacks, 0 MB globals, 16 P
gc 6457 @15.850s 10%: 0.16+0.75+0.19 ms clock, 2.6+0.61/1.0/0.030+3.1 ms cpu, 4->5->2 MB, 5 MB goal, 0 MB stacks, 0 MB globals, 16 P
gc 6458 @15.852s 10%: 0.15+0.77+0.17 ms clock, 2.4+0.67/0.90/0+2.8 ms cpu, 4->5->2 MB, 5 MB goal, 0 MB stacks, 0 MB globals, 16 P
gc 6459 @15.854s 10%: 0.15+0.60+0.13 ms clock, 2.5+0.69/0.91/0.002+2.0 ms cpu, 4->5->2 MB, 5 MB goal, 0 MB stacks, 0 MB globals, 16 P
gc 6460 @15.856s 10%: 0.11+0.79+0.10 ms clock, 1.7+0.77/0.83/0.019+1.6 ms cpu, 4->5->2 MB, 4 MB goal, 0 MB stacks, 0 MB globals, 16 P
gc 6461 @15.858s 10%: 0.080+0.88+0.072 ms clock, 1.2+0.76/0.88/0+1.1 ms cpu, 4->5->2 MB, 5 MB goal, 0 MB stacks, 0 MB globals, 16 P
gc 6462 @15.860s 10%: 0.27+0.84+0.098 ms clock, 4.3+0.82/0.94/0+1.5 ms cpu, 4->5->2 MB, 5 MB goal, 0 MB stacks, 0 MB globals, 16 P
gc 6463 @15.863s 10%: 0.11+0.72+0.13 ms clock, 1.8+0.51/1.2/0.011+2.1 ms cpu, 4->5->2 MB, 5 MB goal, 0 MB stacks, 0 MB globals, 16 P
gc 6464 @15.865s 10%: 0.13+0.50+0.13 ms clock, 2.0+0.74/0.78/0.095+2.2 ms cpu, 4->4->2 MB, 5 MB goal, 0 MB stacks, 0 MB globals, 16 P
gc 6465 @15.866s 10%: 0.13+0.43+0.14 ms clock, 2.2+0.72/0.83/0+2.3 ms cpu, 3->4->2 MB, 4 MB goal, 0 MB stacks, 0 MB globals, 16 P
gc 6466 @15.868s 10%: 0.14+0.64+0.081 ms clock, 2.3+0.59/0.95/0.038+1.2 ms cpu, 3->4->2 MB, 4 MB goal, 0 MB stacks, 0 MB globals, 16 P
gc 6467 @15.869s 10%: 0.10+0.68+0.12 ms clock, 1.7+0.73/1.0/0.007+1.9 ms cpu, 4->4->2 MB, 4 MB goal, 0 MB stacks, 0 MB globals, 16 P
gc 6468 @15.871s 10%: 0.12+0.97+0.067 ms clock, 1.9+0.63/1.0/0+1.0 ms cpu, 4->5->2 MB, 4 MB goal, 0 MB stacks, 0 MB globals, 16 P
gc 6469 @15.873s 10%: 0.16+0.68+0.089 ms clock, 2.6+0.69/1.0/0+1.4 ms cpu, 4->5->2 MB, 5 MB goal, 0 MB stacks, 0 MB globals, 16 P
gc 6470 @15.875s 10%: 0.12+0.68+0.13 ms clock, 2.0+0.37/1.0/0+2.0 ms cpu, 4->5->2 MB, 5 MB goal, 0 MB stacks, 0 MB globals, 16 P
gc 6471 @15.877s 10%: 0.11+0.50+0.21 ms clock, 1.8+0.81/0.94/0+3.5 ms cpu, 4->4->2 MB, 4 MB goal, 0 MB stacks, 0 MB globals, 16 P
gc 6472 @15.878s 10%: 0.10+0.56+0.069 ms clock, 1.7+0.45/1.0/0+1.1 ms cpu, 3->4->2 MB, 4 MB goal, 0 MB stacks, 0 MB globals, 16 P
gc 6473 @15.880s 10%: 0.11+0.71+0.092 ms clock, 1.8+0.55/0.95/0.078+1.4 ms cpu, 3->4->2 MB, 4 MB goal, 0 MB stacks, 0 MB globals, 16 P
gc 6474 @15.882s 10%: 0.15+0.72+0.11 ms clock, 2.5+0.64/0.89/0.001+1.7 ms cpu, 4->4->2 MB, 4 MB goal, 0 MB stacks, 0 MB globals, 16 P
gc 6475 @15.884s 10%: 0.069+0.83+0.035 ms clock, 1.1+0.62/1.1/0.024+0.56 ms cpu, 4->5->2 MB, 4 MB goal, 0 MB stacks, 0 MB globals, 16 P
gc 6476 @15.886s 10%: 0.14+0.56+0.14 ms clock, 2.3+0.61/0.91/0.011+2.2 ms cpu, 4->4->2 MB, 5 MB goal, 0 MB stacks, 0 MB globals, 16 P
gc 6477 @15.887s 10%: 0.10+0.66+0.11 ms clock, 1.6+0.66/0.90/0+1.7 ms cpu, 4->4->2 MB, 4 MB goal, 0 MB stacks, 0 MB globals, 16 P
gc 6478 @15.889s 10%: 0.15+0.65+0.11 ms clock, 2.4+0.67/0.87/0+1.8 ms cpu, 3->4->2 MB, 4 MB goal, 0 MB stacks, 0 MB globals, 16 P
gc 6479 @15.891s 10%: 0.15+0.52+0.12 ms clock, 2.4+0.67/0.89/0+2.0 ms cpu, 4->4->2 MB, 4 MB goal, 0 MB stacks, 0 MB globals, 16 P
gc 6480 @15.892s 10%: 0.14+0.61+0.16 ms clock, 2.3+0.81/0.76/0.060+2.5 ms cpu, 4->4->2 MB, 4 MB goal, 0 MB stacks, 0 MB globals, 16 P
gc 6481 @15.894s 10%: 0.18+0.58+0.14 ms clock, 2.9+0.66/0.92/0+2.3 ms cpu, 4->4->2 MB, 4 MB goal, 0 MB stacks, 0 MB globals, 16 P
gc 6482 @15.896s 10%: 0.094+0.61+0.14 ms clock, 1.5+0.40/1.0/0+2.2 ms cpu, 4->4->2 MB, 5 MB goal, 0 MB stacks, 0 MB globals, 16 P
gc 6483 @15.897s 10%: 0.15+0.43+0.10 ms clock, 2.4+0.71/0.82/0.082+1.7 ms cpu, 3->4->1 MB, 4 MB goal, 0 MB stacks, 0 MB globals, 16 P
gc 6484 @15.899s 10%: 0.18+0.66+0.11 ms clock, 3.0+0.61/0.87/0+1.7 ms cpu, 3->4->2 MB, 4 MB goal, 0 MB stacks, 0 MB globals, 16 P
gc 6485 @15.900s 10%: 0.12+0.64+0.18 ms clock, 2.0+0.53/0.81/0.11+2.9 ms cpu, 4->4->2 MB, 5 MB goal, 0 MB stacks, 0 MB globals, 16 P
gc 6486 @15.902s 10%: 0.16+0.68+0.092 ms clock, 2.5+0.78/0.79/0+1.4 ms cpu, 3->4->2 MB, 4 MB goal, 0 MB stacks, 0 MB globals, 16 P
gc 6487 @15.904s 10%: 0.10+0.69+0.11 ms clock, 1.6+0.60/1.0/0.019+1.7 ms cpu, 4->5->2 MB, 5 MB goal, 0 MB stacks, 0 MB globals, 16 P
gc 6488 @15.906s 10%: 0.11+0.59+0.098 ms clock, 1.8+0.59/1.0/0+1.5 ms cpu, 4->4->2 MB, 5 MB goal, 0 MB stacks, 0 MB globals, 16 P
gc 6489 @15.907s 10%: 0.18+0.60+0.15 ms clock, 2.9+0.78/0.80/0+2.4 ms cpu, 3->4->2 MB, 4 MB goal, 0 MB stacks, 0 MB globals, 16 P
gc 6490 @15.909s 10%: 0.11+0.67+0.14 ms clock, 1.7+0.60/0.94/0+2.3 ms cpu, 3->4->2 MB, 4 MB goal, 0 MB stacks, 0 MB globals, 16 P
gc 6491 @15.911s 10%: 0.21+0.45+0.19 ms clock, 3.4+0.85/0.96/0.005+3.1 ms cpu, 3->4->2 MB, 4 MB goal, 0 MB stacks, 0 MB globals, 16 P
gc 6492 @15.912s 10%: 0.12+0.66+0.16 ms clock, 1.9+0.63/0.88/0+2.6 ms cpu, 3->4->2 MB, 4 MB goal, 0 MB stacks, 0 MB globals, 16 P
gc 6493 @15.914s 10%: 0.14+0.61+0.17 ms clock, 2.3+0.62/0.95/0.015+2.8 ms cpu, 4->4->2 MB, 4 MB goal, 0 MB stacks, 0 MB globals, 16 P
gc 6494 @15.916s 10%: 0.14+0.64+0.10 ms clock, 2.2+0.62/0.98/0+1.7 ms cpu, 4->4->2 MB, 4 MB goal, 0 MB stacks, 0 MB globals, 16 P
gc 6495 @15.917s 10%: 0.14+0.75+0.16 ms clock, 2.3+0.63/1.0/0+2.6 ms cpu, 4->5->2 MB, 4 MB goal, 0 MB stacks, 0 MB globals, 16 P
gc 6496 @15.920s 10%: 0.21+0.56+0.044 ms clock, 3.4+0.55/1.1/0.016+0.71 ms cpu, 4->5->2 MB, 5 MB goal, 0 MB stacks, 0 MB globals, 16 P
gc 6497 @15.921s 10%: 0.13+0.64+0.20 ms clock, 2.0+0.89/0.83/0+3.2 ms cpu, 4->4->2 MB, 4 MB goal, 0 MB stacks, 0 MB globals, 16 P
gc 6498 @15.923s 10%: 0.13+0.75+0.11 ms clock, 2.1+0.54/1.0/0.027+1.8 ms cpu, 4->5->2 MB, 4 MB goal, 0 MB stacks, 0 MB globals, 16 P
gc 6499 @15.925s 10%: 0.10+0.63+0.11 ms clock, 1.7+0.65/1.0/0+1.7 ms cpu, 4->5->2 MB, 5 MB goal, 0 MB stacks, 0 MB globals, 16 P
gc 6500 @15.927s 10%: 0.22+0.53+0.12 ms clock, 3.5+0.73/0.96/0+1.9 ms cpu, 4->4->2 MB, 4 MB goal, 0 MB stacks, 0 MB globals, 16 P
gc 6501 @15.929s 10%: 0.11+0.63+0.098 ms clock, 1.8+0.64/0.96/0+1.5 ms cpu, 4->5->2 MB, 4 MB goal, 0 MB stacks, 0 MB globals, 16 P
gc 6502 @15.931s 10%: 0.11+0.70+0.14 ms clock, 1.9+0.58/0.92/0+2.3 ms cpu, 4->4->2 MB, 4 MB goal, 0 MB stacks, 0 MB globals, 16 P
gc 6503 @15.932s 10%: 0.13+0.56+0.13 ms clock, 2.2+0.66/0.86/0.037+2.0 ms cpu, 3->4->2 MB, 4 MB goal, 0 MB stacks, 0 MB globals, 16 P
gc 6504 @15.934s 10%: 0.17+0.82+0.11 ms clock, 2.8+0.81/0.90/0.003+1.8 ms cpu, 4->5->2 MB, 4 MB goal, 0 MB stacks, 0 MB globals, 16 P
gc 6505 @15.936s 10%: 0.15+0.66+0.18 ms clock, 2.4+0.84/0.84/0+2.8 ms cpu, 4->5->2 MB, 5 MB goal, 0 MB stacks, 0 MB globals, 16 P
gc 6506 @15.938s 10%: 0.12+0.78+0.13 ms clock, 2.0+0.74/0.88/0+2.0 ms cpu, 4->5->2 MB, 5 MB goal, 0 MB stacks, 0 MB globals, 16 P
gc 6507 @15.940s 10%: 0.13+0.51+0.16 ms clock, 2.1+0.69/0.83/0+2.6 ms cpu, 4->5->2 MB, 5 MB goal, 0 MB stacks, 0 MB globals, 16 P
gc 6508 @15.942s 10%: 0.12+0.97+0.084 ms clock, 1.9+0.77/0.84/0+1.3 ms cpu, 3->5->2 MB, 4 MB goal, 0 MB stacks, 0 MB globals, 16 P
gc 6509 @15.944s 10%: 0.14+0.68+0.076 ms clock, 2.3+0.81/0.96/0+1.2 ms cpu, 4->5->2 MB, 5 MB goal, 0 MB stacks, 0 MB globals, 16 P
gc 6510 @15.946s 10%: 0.098+0.82+0.072 ms clock, 1.5+0.62/1.1/0.065+1.1 ms cpu, 4->5->2 MB, 5 MB goal, 0 MB stacks, 0 MB globals, 16 P
gc 6511 @15.948s 10%: 0.11+0.71+0.10 ms clock, 1.7+0.59/0.88/0+1.6 ms cpu, 4->5->2 MB, 5 MB goal, 0 MB stacks, 0 MB globals, 16 P
gc 6512 @15.950s 10%: 0.16+0.66+0.10 ms clock, 2.5+0.82/0.83/0+1.7 ms cpu, 4->4->2 MB, 4 MB goal, 0 MB stacks, 0 MB globals, 16 P
gc 6513 @15.952s 10%: 0.13+0.81+0.10 ms clock, 2.1+0.77/0.80/0+1.6 ms cpu, 4->5->2 MB, 4 MB goal, 0 MB stacks, 0 MB globals, 16 P
gc 6514 @15.954s 10%: 0.12+0.66+0.10 ms clock, 1.9+0.69/1.0/0+1.6 ms cpu, 4->5->2 MB, 5 MB goal, 0 MB stacks, 0 MB globals, 16 P
gc 6515 @15.956s 10%: 0.12+0.62+0.19 ms clock, 1.9+0.75/1.0/0+3.1 ms cpu, 4->5->2 MB, 4 MB goal, 0 MB stacks, 0 MB globals, 16 P
gc 6516 @15.958s 10%: 0.12+0.53+0.12 ms clock, 1.9+0.81/0.91/0+1.9 ms cpu, 4->4->2 MB, 4 MB goal, 0 MB stacks, 0 MB globals, 16 P
gc 6517 @15.959s 10%: 0.12+0.69+0.092 ms clock, 2.0+0.69/0.87/0+1.4 ms cpu, 3->4->2 MB, 4 MB goal, 0 MB stacks, 0 MB globals, 16 P
gc 6518 @15.961s 10%: 0.10+0.65+0.11 ms clock, 1.7+0.62/1.0/0.004+1.8 ms cpu, 4->4->2 MB, 4 MB goal, 0 MB stacks, 0 MB globals, 16 P
gc 6519 @15.963s 10%: 0.14+0.47+0.12 ms clock, 2.2+0.74/0.90/0.003+1.9 ms cpu, 4->4->2 MB, 4 MB goal, 0 MB stacks, 0 MB globals, 16 P
gc 6520 @15.964s 10%: 0.11+0.62+0.25 ms clock, 1.7+0.78/0.91/0+4.0 ms cpu, 3->4->2 MB, 4 MB goal, 0 MB stacks, 0 MB globals, 16 P
gc 6521 @15.966s 10%: 0.13+0.71+0.093 ms clock, 2.2+0.60/0.78/0.11+1.4 ms cpu, 4->4->2 MB, 4 MB goal, 0 MB stacks, 0 MB globals, 16 P
gc 6522 @15.968s 10%: 0.18+0.62+0.099 ms clock, 2.9+0.56/0.89/0.010+1.5 ms cpu, 3->4->2 MB, 4 MB goal, 0 MB stacks, 0 MB globals, 16 P
gc 6523 @15.970s 10%: 0.15+0.62+0.10 ms clock, 2.5+0.77/1.0/0+1.6 ms cpu, 4->5->2 MB, 5 MB goal, 0 MB stacks, 0 MB globals, 16 P
gc 6524 @15.972s 10%: 0.13+0.80+0.10 ms clock, 2.2+0.63/1.1/0.002+1.6 ms cpu, 4->5->2 MB, 4 MB goal, 0 MB stacks, 0 MB globals, 16 P
gc 6525 @15.974s 10%: 0.11+0.57+0.15 ms clock, 1.8+0.73/0.95/0.019+2.4 ms cpu, 4->5->2 MB, 5 MB goal, 0 MB stacks, 0 MB globals, 16 P
gc 6526 @15.976s 10%: 0.11+0.72+0.070 ms clock, 1.7+0.66/0.92/0.002+1.1 ms cpu, 4->5->2 MB, 4 MB goal, 0 MB stacks, 0 MB globals, 16 P
gc 6527 @15.978s 10%: 0.14+0.64+0.10 ms clock, 2.3+0.56/0.99/0.003+1.7 ms cpu, 4->5->2 MB, 5 MB goal, 0 MB stacks, 0 MB globals, 16 P
gc 6528 @15.980s 10%: 0.15+0.69+0.090 ms clock, 2.4+0.57/0.89/0+1.4 ms cpu, 4->5->2 MB, 4 MB goal, 0 MB stacks, 0 MB globals, 16 P
gc 6529 @15.981s 10%: 0.13+0.82+0.081 ms clock, 2.1+0.83/0.87/0.066+1.2 ms cpu, 4->5->2 MB, 5 MB goal, 0 MB stacks, 0 MB globals, 16 P
gc 6530 @15.984s 10%: 0.15+0.59+0.13 ms clock, 2.4+0.54/1.0/0.002+2.1 ms cpu, 4->5->2 MB, 5 MB goal, 0 MB stacks, 0 MB globals, 16 P
gc 6531 @15.985s 10%: 0.16+0.60+0.14 ms clock, 2.6+0.76/1.0/0+2.2 ms cpu, 4->5->2 MB, 4 MB goal, 0 MB stacks, 0 MB globals, 16 P
gc 6532 @15.987s 10%: 0.10+0.71+0.12 ms clock, 1.7+0.60/0.98/0+1.9 ms cpu, 4->5->2 MB, 4 MB goal, 0 MB stacks, 0 MB globals, 16 P
gc 6533 @15.989s 10%: 0.16+0.73+0.19 ms clock, 2.5+0.78/0.81/0+3.1 ms cpu, 4->5->2 MB, 4 MB goal, 0 MB stacks, 0 MB globals, 16 P
gc 6534 @15.991s 10%: 0.12+0.68+0.12 ms clock, 1.9+0.70/0.92/0.029+1.9 ms cpu, 4->5->2 MB, 5 MB goal, 0 MB stacks, 0 MB globals, 16 P
gc 6535 @15.993s 10%: 0.17+0.67+0.16 ms clock, 2.7+0.60/1.1/0+2.5 ms cpu, 4->5->2 MB, 4 MB goal, 0 MB stacks, 0 MB globals, 16 P
gc 6536 @15.995s 10%: 0.11+0.74+0.10 ms clock, 1.8+0.67/1.0/0.019+1.7 ms cpu, 4->5->2 MB, 5 MB goal, 0 MB stacks, 0 MB globals, 16 P
gc 6537 @15.997s 10%: 0.11+0.64+0.15 ms clock, 1.8+0.64/0.92/0+2.5 ms cpu, 4->5->2 MB, 4 MB goal, 0 MB stacks, 0 MB globals, 16 P
gc 6538 @15.999s 10%: 0.12+0.56+0.096 ms clock, 1.9+0.61/0.96/0+1.5 ms cpu, 4->4->2 MB, 4 MB goal, 0 MB stacks, 0 MB globals, 16 P
gc 6539 @16.000s 10%: 0.12+0.64+0.091 ms clock, 2.0+0.52/0.96/0+1.4 ms cpu, 4->4->2 MB, 4 MB goal, 0 MB stacks, 0 MB globals, 16 P
gc 6540 @16.002s 10%: 0.11+0.67+0.11 ms clock, 1.7+0.63/0.89/0.007+1.9 ms cpu, 4->5->2 MB, 4 MB goal, 0 MB stacks, 0 MB globals, 16 P
gc 6541 @16.004s 10%: 0.12+0.63+0.10 ms clock, 1.9+0.69/0.99/0.004+1.6 ms cpu, 4->4->2 MB, 4 MB goal, 0 MB stacks, 0 MB globals, 16 P
gc 6542 @16.006s 10%: 0.13+0.66+0.13 ms clock, 2.0+0.68/0.90/0+2.1 ms cpu, 3->4->2 MB, 4 MB goal, 0 MB stacks, 0 MB globals, 16 P
gc 6543 @16.008s 10%: 0.17+0.72+0.10 ms clock, 2.7+0.77/1.1/0+1.6 ms cpu, 4->5->2 MB, 4 MB goal, 0 MB stacks, 0 MB globals, 16 P
gc 6544 @16.010s 10%: 0.13+0.66+0.12 ms clock, 2.1+0.61/1.0/0+2.0 ms cpu, 4->5->2 MB, 5 MB goal, 0 MB stacks, 0 MB globals, 16 P
gc 6545 @16.012s 10%: 0.11+0.58+0.094 ms clock, 1.8+0.63/1.0/0+1.5 ms cpu, 4->5->2 MB, 5 MB goal, 0 MB stacks, 0 MB globals, 16 P
gc 6546 @16.013s 10%: 0.13+0.63+0.16 ms clock, 2.1+0.72/1.0/0+2.6 ms cpu, 3->4->2 MB, 4 MB goal, 0 MB stacks, 0 MB globals, 16 P
gc 6547 @16.015s 10%: 0.20+0.66+0.14 ms clock, 3.2+0.66/0.84/0+2.3 ms cpu, 4->5->2 MB, 4 MB goal, 0 MB stacks, 0 MB globals, 16 P
gc 6548 @16.017s 10%: 0.19+0.80+0.11 ms clock, 3.1+0.57/1.0/0+1.8 ms cpu, 4->5->2 MB, 4 MB goal, 0 MB stacks, 0 MB globals, 16 P
gc 6549 @16.019s 10%: 0.12+0.60+0.077 ms clock, 2.0+0.62/0.83/0+1.2 ms cpu, 4->5->2 MB, 5 MB goal, 0 MB stacks, 0 MB globals, 16 P
gc 6550 @16.021s 10%: 0.14+0.74+0.10 ms clock, 2.3+0.75/0.91/0+1.7 ms cpu, 4->4->2 MB, 4 MB goal, 0 MB stacks, 0 MB globals, 16 P
gc 6551 @16.023s 10%: 0.12+0.57+0.16 ms clock, 2.0+0.66/1.0/0+2.6 ms cpu, 4->5->2 MB, 5 MB goal, 0 MB stacks, 0 MB globals, 16 P
gc 6552 @16.025s 10%: 0.10+0.55+0.11 ms clock, 1.6+0.62/0.85/0+1.7 ms cpu, 4->4->2 MB, 4 MB goal, 0 MB stacks, 0 MB globals, 16 P
gc 6553 @16.026s 10%: 0.13+0.58+0.21 ms clock, 2.1+0.95/0.81/0+3.4 ms cpu, 3->4->2 MB, 4 MB goal, 0 MB stacks, 0 MB globals, 16 P
gc 6554 @16.028s 10%: 0.16+0.90+0.085 ms clock, 2.6+0.55/0.93/0.018+1.3 ms cpu, 4->5->2 MB, 5 MB goal, 0 MB stacks, 0 MB globals, 16 P
gc 6555 @16.030s 10%: 0.10+0.72+0.085 ms clock, 1.6+0.46/0.93/0.068+1.3 ms cpu, 4->5->2 MB, 5 MB goal, 0 MB stacks, 0 MB globals, 16 P
gc 6556 @16.032s 10%: 0.20+0.67+0.11 ms clock, 3.2+0.65/1.1/0+1.7 ms cpu, 3->4->2 MB, 4 MB goal, 0 MB stacks, 0 MB globals, 16 P
gc 6557 @16.034s 10%: 0.15+0.57+0.11 ms clock, 2.4+0.59/0.93/0+1.8 ms cpu, 4->5->2 MB, 5 MB goal, 0 MB stacks, 0 MB globals, 16 P
gc 6558 @16.036s 10%: 0.12+0.49+0.094 ms clock, 1.9+0.44/0.95/0+1.5 ms cpu, 4->4->2 MB, 4 MB goal, 0 MB stacks, 0 MB globals, 16 P
gc 6559 @16.037s 10%: 0.14+0.58+0.17 ms clock, 2.2+0.71/1.0/0+2.7 ms cpu, 3->4->2 MB, 4 MB goal, 0 MB stacks, 0 MB globals, 16 P
gc 6560 @16.039s 10%: 0.13+0.64+0.086 ms clock, 2.0+0.68/0.83/0+1.3 ms cpu, 4->4->2 MB, 4 MB goal, 0 MB stacks, 0 MB globals, 16 P
gc 6561 @16.041s 10%: 0.14+0.76+0.13 ms clock, 2.2+0.65/1.0/0+2.2 ms cpu, 4->5->2 MB, 4 MB goal, 0 MB stacks, 0 MB globals, 16 P
gc 6562 @16.043s 10%: 0.12+0.73+0.14 ms clock, 2.0+0.75/1.0/0.046+2.2 ms cpu, 4->5->2 MB, 5 MB goal, 0 MB stacks, 0 MB globals, 16 P
gc 6563 @16.045s 10%: 0.17+0.45+0.18 ms clock, 2.8+0.70/0.89/0+2.9 ms cpu, 4->4->2 MB, 5 MB goal, 0 MB stacks, 0 MB globals, 16 P
gc 6564 @16.046s 10%: 0.22+0.58+0.12 ms clock, 3.5+0.72/0.95/0+1.9 ms cpu, 3->4->2 MB, 4 MB goal, 0 MB stacks, 0 MB globals, 16 P
gc 6565 @16.048s 10%: 0.22+0.75+0.28 ms clock, 3.6+0.79/1.0/0+4.6 ms cpu, 4->5->2 MB, 5 MB goal, 0 MB stacks, 0 MB globals, 16 P
gc 6566 @16.050s 10%: 0.14+0.64+0.094 ms clock, 2.3+0.72/0.91/0+1.5 ms cpu, 4->5->2 MB, 5 MB goal, 0 MB stacks, 0 MB globals, 16 P
gc 6567 @16.052s 10%: 0.16+0.54+0.087 ms clock, 2.5+0.62/0.98/0+1.4 ms cpu, 4->5->2 MB, 5 MB goal, 0 MB stacks, 0 MB globals, 16 P
gc 6568 @16.054s 10%: 0.13+0.51+0.11 ms clock, 2.2+0.59/0.93/0.002+1.8 ms cpu, 3->4->2 MB, 4 MB goal, 0 MB stacks, 0 MB globals, 16 P
gc 6569 @16.056s 10%: 0.15+0.60+0.12 ms clock, 2.4+0.64/1.0/0+2.0 ms cpu, 3->4->2 MB, 4 MB goal, 0 MB stacks, 0 MB globals, 16 P
gc 6570 @16.057s 10%: 0.13+0.58+0.19 ms clock, 2.2+0.78/1.0/0+3.0 ms cpu, 4->4->2 MB, 4 MB goal, 0 MB stacks, 0 MB globals, 16 P
gc 6571 @16.059s 10%: 0.12+0.54+0.19 ms clock, 2.0+0.74/0.96/0.067+3.1 ms cpu, 4->4->2 MB, 4 MB goal, 0 MB stacks, 0 MB globals, 16 P
gc 6572 @16.061s 10%: 0.11+0.57+0.12 ms clock, 1.8+0.53/1.0/0+2.0 ms cpu, 4->4->2 MB, 4 MB goal, 0 MB stacks, 0 MB globals, 16 P
gc 6573 @16.063s 10%: 0.17+0.53+0.15 ms clock, 2.8+0.67/0.94/0.006+2.5 ms cpu, 4->4->2 MB, 4 MB goal, 0 MB stacks, 0 MB globals, 16 P
gc 6574 @16.064s 10%: 0.11+0.66+0.11 ms clock, 1.8+0.65/0.95/0+1.7 ms cpu, 4->4->2 MB, 4 MB goal, 0 MB stacks, 0 MB globals, 16 P
gc 6575 @16.066s 10%: 0.13+0.45+0.24 ms clock, 2.2+0.82/0.88/0+3.8 ms cpu, 4->4->2 MB, 4 MB goal, 0 MB stacks, 0 MB globals, 16 P
gc 6576 @16.068s 10%: 0.13+0.52+0.19 ms clock, 2.1+0.60/0.99/0+3.0 ms cpu, 3->4->2 MB, 4 MB goal, 0 MB stacks, 0 MB globals, 16 P
gc 6577 @16.069s 10%: 0.14+0.59+0.19 ms clock, 2.2+0.89/1.0/0.032+3.1 ms cpu, 4->4->2 MB, 4 MB goal, 0 MB stacks, 0 MB globals, 16 P
gc 6578 @16.071s 10%: 0.12+0.46+0.11 ms clock, 1.9+0.67/0.85/0+1.7 ms cpu, 4->4->2 MB, 4 MB goal, 0 MB stacks, 0 MB globals, 16 P
gc 6579 @16.073s 10%: 0.14+0.66+0.16 ms clock, 2.2+0.65/1.0/0.003+2.6 ms cpu, 3->4->2 MB, 4 MB goal, 0 MB stacks, 0 MB globals, 16 P
gc 6580 @16.075s 10%: 0.11+0.50+0.10 ms clock, 1.7+0.80/0.96/0+1.6 ms cpu, 4->5->2 MB, 5 MB goal, 0 MB stacks, 0 MB globals, 16 P
gc 6581 @16.076s 10%: 0.25+0.68+0.092 ms clock, 4.0+0.73/0.97/0+1.4 ms cpu, 3->4->2 MB, 4 MB goal, 0 MB stacks, 0 MB globals, 16 P
gc 6582 @16.078s 10%: 0.11+0.64+0.11 ms clock, 1.9+0.72/0.90/0+1.8 ms cpu, 4->5->2 MB, 5 MB goal, 0 MB stacks, 0 MB globals, 16 P
gc 6583 @16.080s 10%: 0.14+0.57+0.11 ms clock, 2.3+0.65/0.92/0.006+1.8 ms cpu, 4->4->2 MB, 4 MB goal, 0 MB stacks, 0 MB globals, 16 P
gc 6584 @16.082s 10%: 0.12+0.74+0.10 ms clock, 2.0+0.64/1.0/0+1.7 ms cpu, 3->4->2 MB, 4 MB goal, 0 MB stacks, 0 MB globals, 16 P
gc 6585 @16.084s 10%: 0.17+0.71+0.12 ms clock, 2.7+0.76/0.99/0+2.0 ms cpu, 4->5->2 MB, 5 MB goal, 0 MB stacks, 0 MB globals, 16 P
gc 6586 @16.086s 10%: 0.12+0.62+0.10 ms clock, 1.9+0.79/0.95/0.001+1.6 ms cpu, 4->5->2 MB, 5 MB goal, 0 MB stacks, 0 MB globals, 16 P
gc 6587 @16.088s 10%: 0.13+0.55+0.12 ms clock, 2.1+0.74/0.86/0+1.9 ms cpu, 4->5->2 MB, 5 MB goal, 0 MB stacks, 0 MB globals, 16 P
gc 6588 @16.090s 10%: 0.17+0.57+0.23 ms clock, 2.7+0.49/1.0/0.001+3.7 ms cpu, 4->5->2 MB, 4 MB goal, 0 MB stacks, 0 MB globals, 16 P
gc 6589 @16.091s 10%: 0.12+0.54+0.14 ms clock, 1.9+0.60/0.85/0.10+2.3 ms cpu, 4->4->2 MB, 4 MB goal, 0 MB stacks, 0 MB globals, 16 P
gc 6590 @16.093s 10%: 0.11+0.52+0.14 ms clock, 1.9+0.53/0.92/0+2.3 ms cpu, 3->4->2 MB, 4 MB goal, 0 MB stacks, 0 MB globals, 16 P
gc 6591 @16.095s 10%: 0.11+0.56+0.097 ms clock, 1.8+0.56/1.0/0+1.5 ms cpu, 3->4->2 MB, 4 MB goal, 0 MB stacks, 0 MB globals, 16 P
gc 6592 @16.096s 10%: 0.10+0.55+0.17 ms clock, 1.6+0.76/0.89/0+2.7 ms cpu, 3->4->2 MB, 4 MB goal, 0 MB stacks, 0 MB globals, 16 P
gc 6593 @16.098s 10%: 0.14+0.73+0.19 ms clock, 2.3+0.78/0.89/0+3.0 ms cpu, 4->5->2 MB, 4 MB goal, 0 MB stacks, 0 MB globals, 16 P
gc 6594 @16.100s 10%: 0.11+0.64+0.092 ms clock, 1.8+0.63/0.98/0+1.4 ms cpu, 4->5->2 MB, 5 MB goal, 0 MB stacks, 0 MB globals, 16 P
gc 6595 @16.102s 10%: 0.15+0.65+0.18 ms clock, 2.5+0.96/0.87/0+2.9 ms cpu, 4->5->2 MB, 4 MB goal, 0 MB stacks, 0 MB globals, 16 P
gc 6596 @16.104s 10%: 0.13+0.56+0.15 ms clock, 2.0+0.71/1.0/0+2.4 ms cpu, 4->5->2 MB, 5 MB goal, 0 MB stacks, 0 MB globals, 16 P
gc 6597 @16.106s 10%: 0.14+0.59+0.13 ms clock, 2.2+0.64/0.90/0.069+2.1 ms cpu, 4->4->2 MB, 4 MB goal, 0 MB stacks, 0 MB globals, 16 P
gc 6598 @16.108s 10%: 0.10+0.59+0.10 ms clock, 1.6+0.80/0.81/0+1.6 ms cpu, 3->4->2 MB, 4 MB goal, 0 MB stacks, 0 MB globals, 16 P
gc 6599 @16.109s 10%: 0.12+0.82+0.11 ms clock, 1.9+0.75/1.0/0+1.8 ms cpu, 4->4->2 MB, 4 MB goal, 0 MB stacks, 0 MB globals, 16 P
gc 6600 @16.111s 10%: 0.088+0.74+0.13 ms clock, 1.4+0.71/1.1/0.023+2.2 ms cpu, 4->5->2 MB, 5 MB goal, 0 MB stacks, 0 MB globals, 16 P
gc 6601 @16.113s 10%: 0.11+0.83+0.074 ms clock, 1.8+0.78/0.99/0+1.1 ms cpu, 4->5->2 MB, 5 MB goal, 0 MB stacks, 0 MB globals, 16 P
gc 6602 @16.115s 10%: 0.11+0.52+0.065 ms clock, 1.7+0.89/0.73/0.015+1.0 ms cpu, 4->5->2 MB, 5 MB goal, 0 MB stacks, 0 MB globals, 16 P
gc 6603 @16.117s 10%: 0.11+0.59+0.15 ms clock, 1.7+0.66/0.92/0+2.4 ms cpu, 3->4->2 MB, 4 MB goal, 0 MB stacks, 0 MB globals, 16 P
gc 6604 @16.119s 10%: 0.18+0.70+0.095 ms clock, 2.9+0.74/1.0/0+1.5 ms cpu, 4->5->2 MB, 4 MB goal, 0 MB stacks, 0 MB globals, 16 P
gc 6605 @16.121s 10%: 0.18+0.47+0.10 ms clock, 2.9+0.81/0.84/0+1.7 ms cpu, 4->5->2 MB, 5 MB goal, 0 MB stacks, 0 MB globals, 16 P
gc 6606 @16.122s 10%: 0.12+0.62+0.13 ms clock, 2.0+0.53/0.96/0+2.1 ms cpu, 3->4->2 MB, 4 MB goal, 0 MB stacks, 0 MB globals, 16 P
gc 6607 @16.124s 10%: 0.11+0.71+0.16 ms clock, 1.8+0.77/0.87/0+2.6 ms cpu, 4->4->2 MB, 4 MB goal, 0 MB stacks, 0 MB globals, 16 P
gc 6608 @16.126s 10%: 0.15+0.48+0.17 ms clock, 2.4+0.74/0.87/0.015+2.8 ms cpu, 4->4->2 MB, 4 MB goal, 0 MB stacks, 0 MB globals, 16 P
gc 6609 @16.128s 10%: 0.099+0.75+0.17 ms clock, 1.5+0.59/0.95/0.079+2.8 ms cpu, 3->4->2 MB, 4 MB goal, 0 MB stacks, 0 MB globals, 16 P
gc 6610 @16.129s 10%: 0.15+0.54+0.16 ms clock, 2.5+0.51/0.90/0.20+2.7 ms cpu, 4->4->1 MB, 4 MB goal, 0 MB stacks, 0 MB globals, 16 P
gc 6611 @16.131s 10%: 0.16+1.1+0.12 ms clock, 2.5+0.77/0.82/0+1.9 ms cpu, 3->5->3 MB, 4 MB goal, 0 MB stacks, 0 MB globals, 16 P
gc 6612 @16.134s 10%: 0.12+0.70+0.15 ms clock, 1.9+0.76/1.0/0+2.4 ms cpu, 5->6->2 MB, 6 MB goal, 0 MB stacks, 0 MB globals, 16 P
gc 6613 @16.136s 10%: 0.12+0.77+0.10 ms clock, 2.0+0.76/0.87/0+1.7 ms cpu, 4->5->2 MB, 5 MB goal, 0 MB stacks, 0 MB globals, 16 P
gc 6614 @16.137s 10%: 0.12+0.55+0.11 ms clock, 1.9+0.64/1.1/0.027+1.8 ms cpu, 4->4->2 MB, 5 MB goal, 0 MB stacks, 0 MB globals, 16 P
gc 6615 @16.139s 10%: 0.12+0.50+0.11 ms clock, 2.0+0.64/0.92/0.018+1.8 ms cpu, 3->4->2 MB, 4 MB goal, 0 MB stacks, 0 MB globals, 16 P
gc 6616 @16.141s 10%: 0.10+0.68+0.12 ms clock, 1.6+0.64/0.98/0+2.0 ms cpu, 3->4->2 MB, 4 MB goal, 0 MB stacks, 0 MB globals, 16 P
gc 6617 @16.142s 10%: 0.15+0.66+0.22 ms clock, 2.5+0.65/1.0/0+3.5 ms cpu, 3->4->2 MB, 4 MB goal, 0 MB stacks, 0 MB globals, 16 P
gc 6618 @16.144s 10%: 0.21+0.83+0.092 ms clock, 3.3+0.61/1.0/0.007+1.4 ms cpu, 4->5->2 MB, 5 MB goal, 0 MB stacks, 0 MB globals, 16 P
gc 6619 @16.146s 10%: 0.10+0.74+0.10 ms clock, 1.7+0.65/0.88/0+1.7 ms cpu, 4->5->2 MB, 5 MB goal, 0 MB stacks, 0 MB globals, 16 P
gc 6620 @16.148s 10%: 0.13+0.60+0.12 ms clock, 2.1+0.66/0.92/0+2.0 ms cpu, 4->5->2 MB, 4 MB goal, 0 MB stacks, 0 MB globals, 16 P
gc 6621 @16.150s 10%: 0.099+0.57+0.095 ms clock, 1.5+0.82/0.88/0.022+1.5 ms cpu, 4->4->2 MB, 4 MB goal, 0 MB stacks, 0 MB globals, 16 P
gc 6622 @16.152s 10%: 0.11+0.71+0.19 ms clock, 1.7+0.66/0.87/0.086+3.0 ms cpu, 3->4->2 MB, 4 MB goal, 0 MB stacks, 0 MB globals, 16 P
gc 6623 @16.153s 10%: 0.17+0.68+0.065 ms clock, 2.7+0.72/0.97/0+1.0 ms cpu, 3->4->2 MB, 4 MB goal, 0 MB stacks, 0 MB globals, 16 P
gc 6624 @16.155s 10%: 0.23+0.53+0.10 ms clock, 3.7+0.54/0.93/0+1.6 ms cpu, 4->5->2 MB, 5 MB goal, 0 MB stacks, 0 MB globals, 16 P
gc 6625 @16.157s 10%: 0.13+0.95+0.13 ms clock, 2.1+0.69/0.95/0.077+2.1 ms cpu, 4->5->2 MB, 4 MB goal, 0 MB stacks, 0 MB globals, 16 P
gc 6626 @16.159s 10%: 0.16+0.64+0.13 ms clock, 2.6+0.67/0.89/0.029+2.2 ms cpu, 4->5->2 MB, 5 MB goal, 0 MB stacks, 0 MB globals, 16 P
gc 6627 @16.161s 10%: 0.15+0.80+0.11 ms clock, 2.4+0.63/1.0/0.009+1.8 ms cpu, 4->5->2 MB, 4 MB goal, 0 MB stacks, 0 MB globals, 16 P
gc 6628 @16.163s 10%: 0.11+0.55+0.11 ms clock, 1.8+0.80/0.98/0.009+1.7 ms cpu, 4->5->2 MB, 5 MB goal, 0 MB stacks, 0 MB globals, 16 P
gc 6629 @16.165s 10%: 0.10+0.83+0.096 ms clock, 1.7+0.66/0.83/0+1.5 ms cpu, 4->4->2 MB, 4 MB goal, 0 MB stacks, 0 MB globals, 16 P
gc 6630 @16.167s 10%: 0.12+0.54+0.15 ms clock, 2.0+0.74/0.83/0.015+2.5 ms cpu, 4->4->2 MB, 4 MB goal, 0 MB stacks, 0 MB globals, 16 P
gc 6631 @16.168s 10%: 0.14+0.73+0.097 ms clock, 2.3+0.67/0.89/0+1.5 ms cpu, 3->4->2 MB, 4 MB goal, 0 MB stacks, 0 MB globals, 16 P
gc 6632 @16.170s 10%: 0.14+0.56+0.12 ms clock, 2.3+0.76/0.95/0+2.0 ms cpu, 4->4->2 MB, 4 MB goal, 0 MB stacks, 0 MB globals, 16 P
gc 6633 @16.172s 10%: 0.12+0.66+0.099 ms clock, 1.9+0.67/0.84/0.017+1.5 ms cpu, 4->4->2 MB, 4 MB goal, 0 MB stacks, 0 MB globals, 16 P
gc 6634 @16.174s 10%: 0.17+0.52+0.15 ms clock, 2.7+0.70/0.97/0+2.4 ms cpu, 4->4->2 MB, 4 MB goal, 0 MB stacks, 0 MB globals, 16 P
gc 6635 @16.175s 10%: 0.13+0.65+0.18 ms clock, 2.1+0.58/1.0/0+2.9 ms cpu, 4->4->2 MB, 4 MB goal, 0 MB stacks, 0 MB globals, 16 P
gc 6636 @16.177s 10%: 0.15+0.65+0.15 ms clock, 2.5+0.78/0.81/0.024+2.4 ms cpu, 4->4->2 MB, 4 MB goal, 0 MB stacks, 0 MB globals, 16 P
gc 6637 @16.179s 10%: 0.19+0.72+0.16 ms clock, 3.1+0.77/1.0/0.009+2.5 ms cpu, 3->5->2 MB, 4 MB goal, 0 MB stacks, 0 MB globals, 16 P
gc 6638 @16.181s 10%: 0.10+0.61+0.12 ms clock, 1.6+0.60/0.91/0.032+2.0 ms cpu, 4->5->2 MB, 5 MB goal, 0 MB stacks, 0 MB globals, 16 P
gc 6639 @16.183s 10%: 0.13+0.83+0.078 ms clock, 2.1+0.70/0.99/0+1.2 ms cpu, 4->5->2 MB, 4 MB goal, 0 MB stacks, 0 MB globals, 16 P
gc 6640 @16.185s 10%: 0.10+0.57+0.085 ms clock, 1.7+0.70/0.90/0+1.3 ms cpu, 4->5->2 MB, 5 MB goal, 0 MB stacks, 0 MB globals, 16 P
gc 6641 @16.186s 10%: 0.19+0.63+0.22 ms clock, 3.1+0.75/0.87/0+3.6 ms cpu, 3->4->2 MB, 4 MB goal, 0 MB stacks, 0 MB globals, 16 P
gc 6642 @16.188s 10%: 0.10+0.63+0.096 ms clock, 1.7+0.53/0.92/0.003+1.5 ms cpu, 4->4->2 MB, 4 MB goal, 0 MB stacks, 0 MB globals, 16 P
gc 6643 @16.190s 10%: 0.21+0.84+0.10 ms clock, 3.4+0.65/0.83/0.022+1.6 ms cpu, 3->4->2 MB, 4 MB goal, 0 MB stacks, 0 MB globals, 16 P
gc 6644 @16.192s 10%: 0.24+0.80+0.18 ms clock, 3.8+0.82/0.93/0+3.0 ms cpu, 4->5->2 MB, 5 MB goal, 0 MB stacks, 0 MB globals, 16 P
gc 6645 @16.194s 10%: 0.15+0.56+0.15 ms clock, 2.4+0.74/0.90/0+2.5 ms cpu, 4->5->2 MB, 5 MB goal, 0 MB stacks, 0 MB globals, 16 P
gc 6646 @16.196s 10%: 0.13+0.59+0.12 ms clock, 2.1+0.60/0.96/0+2.0 ms cpu, 4->4->2 MB, 4 MB goal, 0 MB stacks, 0 MB globals, 16 P
gc 6647 @16.197s 10%: 0.15+0.59+0.11 ms clock, 2.4+0.65/1.0/0+1.8 ms cpu, 3->4->2 MB, 4 MB goal, 0 MB stacks, 0 MB globals, 16 P
gc 6648 @16.199s 10%: 0.096+0.56+0.15 ms clock, 1.5+0.62/0.97/0.031+2.4 ms cpu, 4->4->2 MB, 4 MB goal, 0 MB stacks, 0 MB globals, 16 P
gc 6649 @16.201s 10%: 0.12+0.52+0.10 ms clock, 2.0+0.77/0.84/0+1.7 ms cpu, 3->4->2 MB, 4 MB goal, 0 MB stacks, 0 MB globals, 16 P
gc 6650 @16.202s 10%: 0.18+0.77+0.061 ms clock, 2.9+0.70/1.0/0+0.98 ms cpu, 3->4->2 MB, 4 MB goal, 0 MB stacks, 0 MB globals, 16 P
gc 6651 @16.204s 10%: 0.11+0.59+0.073 ms clock, 1.8+0.60/0.98/0.002+1.1 ms cpu, 4->5->2 MB, 5 MB goal, 0 MB stacks, 0 MB globals, 16 P
gc 6652 @16.206s 10%: 0.11+0.55+0.12 ms clock, 1.7+0.67/1.0/0+2.0 ms cpu, 3->4->2 MB, 4 MB goal, 0 MB stacks, 0 MB globals, 16 P
gc 6653 @16.207s 10%: 0.17+0.61+0.12 ms clock, 2.7+0.83/0.72/0+1.9 ms cpu, 3->4->2 MB, 4 MB goal, 0 MB stacks, 0 MB globals, 16 P
gc 6654 @16.209s 10%: 0.12+0.99+0.052 ms clock, 1.9+0.69/1.0/0.024+0.84 ms cpu, 4->5->2 MB, 4 MB goal, 0 MB stacks, 0 MB globals, 16 P
gc 6655 @16.212s 10%: 0.11+0.89+0.12 ms clock, 1.8+0.63/1.1/0+1.9 ms cpu, 4->5->2 MB, 5 MB goal, 0 MB stacks, 0 MB globals, 16 P
gc 6656 @16.214s 10%: 0.15+0.65+0.20 ms clock, 2.5+0.69/0.97/0.021+3.2 ms cpu, 4->5->2 MB, 5 MB goal, 0 MB stacks, 0 MB globals, 16 P
gc 6657 @16.216s 10%: 0.15+0.66+0.21 ms clock, 2.4+0.70/1.0/0.002+3.4 ms cpu, 4->5->2 MB, 5 MB goal, 0 MB stacks, 0 MB globals, 16 P
gc 6658 @16.218s 10%: 0.10+0.66+0.044 ms clock, 1.6+0.61/1.0/0.001+0.70 ms cpu, 4->5->2 MB, 5 MB goal, 0 MB stacks, 0 MB globals, 16 P
gc 6659 @16.219s 10%: 0.19+0.68+0.13 ms clock, 3.1+0.94/0.93/0+2.2 ms cpu, 4->4->2 MB, 4 MB goal, 0 MB stacks, 0 MB globals, 16 P
gc 6660 @16.221s 10%: 0.12+0.52+0.094 ms clock, 1.9+0.65/1.1/0.001+1.5 ms cpu, 4->4->2 MB, 4 MB goal, 0 MB stacks, 0 MB globals, 16 P
gc 6661 @16.223s 10%: 0.13+0.65+0.10 ms clock, 2.1+0.67/0.87/0.071+1.7 ms cpu, 3->4->2 MB, 4 MB goal, 0 MB stacks, 0 MB globals, 16 P
gc 6662 @16.224s 10%: 0.17+0.55+0.13 ms clock, 2.8+0.76/0.92/0+2.1 ms cpu, 4->4->2 MB, 4 MB goal, 0 MB stacks, 0 MB globals, 16 P
gc 6663 @16.226s 10%: 0.17+0.85+0.045 ms clock, 2.8+0.75/0.93/0.014+0.72 ms cpu, 4->5->2 MB, 4 MB goal, 0 MB stacks, 0 MB globals, 16 P
gc 6664 @16.229s 10%: 0.12+0.67+0.21 ms clock, 1.9+0.55/0.97/0+3.5 ms cpu, 4->5->2 MB, 5 MB goal, 0 MB stacks, 0 MB globals, 16 P
gc 6665 @16.230s 10%: 0.14+0.73+0.046 ms clock, 2.3+0.56/0.91/0+0.74 ms cpu, 3->4->2 MB, 4 MB goal, 0 MB stacks, 0 MB globals, 16 P
gc 6666 @16.232s 10%: 0.11+0.65+0.19 ms clock, 1.8+0.63/0.95/0+3.0 ms cpu, 4->5->2 MB, 5 MB goal, 0 MB stacks, 0 MB globals, 16 P
gc 6667 @16.234s 10%: 0.10+0.56+0.074 ms clock, 1.7+0.48/0.98/0.043+1.1 ms cpu, 4->4->2 MB, 4 MB goal, 0 MB stacks, 0 MB globals, 16 P
gc 6668 @16.236s 10%: 0.14+0.47+0.15 ms clock, 2.2+0.60/0.83/0.19+2.4 ms cpu, 3->4->1 MB, 4 MB goal, 0 MB stacks, 0 MB globals, 16 P
gc 6669 @16.237s 10%: 0.21+1.1+0.089 ms clock, 3.4+0.81/1.1/0+1.4 ms cpu, 3->4->2 MB, 4 MB goal, 0 MB stacks, 0 MB globals, 16 P
gc 6670 @16.239s 10%: 0.12+1.0+0.17 ms clock, 1.9+0.82/0.81/0+2.8 ms cpu, 4->6->2 MB, 5 MB goal, 0 MB stacks, 0 MB globals, 16 P
gc 6671 @16.242s 10%: 0.15+0.48+0.10 ms clock, 2.5+0.65/0.99/0.005+1.7 ms cpu, 4->5->2 MB, 5 MB goal, 0 MB stacks, 0 MB globals, 16 P
gc 6672 @16.244s 10%: 0.10+0.55+0.093 ms clock, 1.6+0.64/0.98/0+1.4 ms cpu, 3->4->2 MB, 4 MB goal, 0 MB stacks, 0 MB globals, 16 P
gc 6673 @16.246s 10%: 0.13+0.56+0.10 ms clock, 2.0+0.60/0.92/0.007+1.7 ms cpu, 3->4->2 MB, 4 MB goal, 0 MB stacks, 0 MB globals, 16 P
gc 6674 @16.247s 10%: 0.10+0.70+0.17 ms clock, 1.7+0.50/1.0/0+2.7 ms cpu, 4->4->2 MB, 4 MB goal, 0 MB stacks, 0 MB globals, 16 P
gc 6675 @16.249s 10%: 0.17+0.64+0.19 ms clock, 2.7+0.76/0.98/0+3.1 ms cpu, 4->5->2 MB, 4 MB goal, 0 MB stacks, 0 MB globals, 16 P
gc 6676 @16.251s 10%: 0.17+0.65+0.15 ms clock, 2.8+0.70/1.0/0.027+2.5 ms cpu, 4->5->2 MB, 5 MB goal, 0 MB stacks, 0 MB globals, 16 P
gc 6677 @16.253s 10%: 0.14+0.69+0.14 ms clock, 2.3+0.62/0.95/0+2.3 ms cpu, 4->5->2 MB, 5 MB goal, 0 MB stacks, 0 MB globals, 16 P
gc 6678 @16.255s 10%: 0.20+0.73+0.098 ms clock, 3.3+0.59/1.0/0.014+1.5 ms cpu, 4->5->2 MB, 5 MB goal, 0 MB stacks, 0 MB globals, 16 P
gc 6679 @16.257s 10%: 0.11+0.65+0.078 ms clock, 1.8+0.58/0.96/0.026+1.2 ms cpu, 4->5->2 MB, 5 MB goal, 0 MB stacks, 0 MB globals, 16 P
gc 6680 @16.259s 10%: 0.12+0.61+0.12 ms clock, 1.9+0.69/0.90/0.024+1.9 ms cpu, 4->4->2 MB, 4 MB goal, 0 MB stacks, 0 MB globals, 16 P
gc 6681 @16.261s 10%: 0.11+0.62+0.27 ms clock, 1.7+0.67/1.0/0+4.3 ms cpu, 3->4->2 MB, 4 MB goal, 0 MB stacks, 0 MB globals, 16 P
gc 6682 @16.262s 10%: 0.10+0.59+0.10 ms clock, 1.7+0.58/0.99/0+1.6 ms cpu, 4->4->2 MB, 4 MB goal, 0 MB stacks, 0 MB globals, 16 P
gc 6683 @16.264s 10%: 0.11+0.61+0.090 ms clock, 1.9+0.54/1.1/0+1.4 ms cpu, 4->4->2 MB, 4 MB goal, 0 MB stacks, 0 MB globals, 16 P
gc 6684 @16.266s 10%: 0.12+0.55+0.15 ms clock, 2.0+0.66/0.88/0+2.4 ms cpu, 4->4->2 MB, 4 MB goal, 0 MB stacks, 0 MB globals, 16 P
gc 6685 @16.268s 10%: 0.15+0.68+0.086 ms clock, 2.4+0.67/0.96/0.037+1.3 ms cpu, 4->4->2 MB, 4 MB goal, 0 MB stacks, 0 MB globals, 16 P
gc 6686 @16.270s 10%: 0.14+0.70+0.16 ms clock, 2.2+0.54/0.97/0+2.6 ms cpu, 4->4->2 MB, 4 MB goal, 0 MB stacks, 0 MB globals, 16 P
gc 6687 @16.271s 10%: 0.12+0.48+0.12 ms clock, 2.0+0.74/0.81/0+2.0 ms cpu, 4->4->2 MB, 5 MB goal, 0 MB stacks, 0 MB globals, 16 P
gc 6688 @16.273s 10%: 0.17+0.67+0.11 ms clock, 2.8+0.79/0.75/0.024+1.7 ms cpu, 3->4->2 MB, 4 MB goal, 0 MB stacks, 0 MB globals, 16 P
gc 6689 @16.275s 10%: 0.15+0.54+0.22 ms clock, 2.5+0.69/0.96/0+3.5 ms cpu, 3->4->2 MB, 4 MB goal, 0 MB stacks, 0 MB globals, 16 P
gc 6690 @16.276s 10%: 0.16+0.80+0.12 ms clock, 2.6+0.61/0.93/0+2.0 ms cpu, 4->5->2 MB, 4 MB goal, 0 MB stacks, 0 MB globals, 16 P
gc 6691 @16.278s 10%: 0.16+0.85+0.10 ms clock, 2.5+0.77/1.0/0.009+1.6 ms cpu, 4->5->2 MB, 5 MB goal, 0 MB stacks, 0 MB globals, 16 P
gc 6692 @16.281s 10%: 0.13+0.59+0.14 ms clock, 2.0+0.57/1.0/0+2.3 ms cpu, 4->5->2 MB, 5 MB goal, 0 MB stacks, 0 MB globals, 16 P
gc 6693 @16.282s 10%: 0.11+0.58+0.11 ms clock, 1.7+0.46/0.96/0.048+1.8 ms cpu, 4->4->2 MB, 4 MB goal, 0 MB stacks, 0 MB globals, 16 P
gc 6694 @16.284s 10%: 0.13+0.76+0.10 ms clock, 2.1+0.74/1.0/0+1.6 ms cpu, 3->4->2 MB, 4 MB goal, 0 MB stacks, 0 MB globals, 16 P
gc 6695 @16.286s 10%: 0.17+0.61+0.18 ms clock, 2.8+0.71/0.92/0.016+2.9 ms cpu, 4->5->2 MB, 5 MB goal, 0 MB stacks, 0 MB globals, 16 P
gc 6696 @16.288s 10%: 0.096+0.58+0.15 ms clock, 1.5+0.72/0.97/0+2.4 ms cpu, 4->4->2 MB, 4 MB goal, 0 MB stacks, 0 MB globals, 16 P
gc 6697 @16.290s 10%: 0.15+0.78+0.086 ms clock, 2.4+0.68/1.0/0+1.3 ms cpu, 3->5->2 MB, 4 MB goal, 0 MB stacks, 0 MB globals, 16 P
gc 6698 @16.292s 10%: 0.14+0.60+0.13 ms clock, 2.3+0.72/0.97/0+2.2 ms cpu, 4->5->2 MB, 5 MB goal, 0 MB stacks, 0 MB globals, 16 P
gc 6699 @16.294s 10%: 0.23+0.69+0.18 ms clock, 3.6+0.82/0.86/0.004+2.9 ms cpu, 4->5->2 MB, 4 MB goal, 0 MB stacks, 0 MB globals, 16 P
gc 6700 @16.296s 10%: 0.12+0.50+0.21 ms clock, 1.9+0.82/0.90/0+3.3 ms cpu, 4->5->2 MB, 5 MB goal, 0 MB stacks, 0 MB globals, 16 P
gc 6701 @16.297s 10%: 0.12+0.66+0.15 ms clock, 2.0+0.60/1.1/0.017+2.4 ms cpu, 3->4->2 MB, 4 MB goal, 0 MB stacks, 0 MB globals, 16 P
gc 6702 @16.299s 10%: 0.17+0.58+0.10 ms clock, 2.7+0.68/0.99/0+1.6 ms cpu, 4->5->2 MB, 5 MB goal, 0 MB stacks, 0 MB globals, 16 P
gc 6703 @16.301s 10%: 0.10+0.56+0.17 ms clock, 1.7+0.73/0.92/0+2.8 ms cpu, 4->4->2 MB, 4 MB goal, 0 MB stacks, 0 MB globals, 16 P
gc 6704 @16.303s 10%: 0.13+0.60+0.13 ms clock, 2.1+0.71/1.1/0.047+2.2 ms cpu, 3->4->2 MB, 4 MB goal, 0 MB stacks, 0 MB globals, 16 P
gc 6705 @16.304s 10%: 0.14+0.71+0.10 ms clock, 2.3+0.68/0.92/0+1.7 ms cpu, 3->4->2 MB, 4 MB goal, 0 MB stacks, 0 MB globals, 16 P
gc 6706 @16.306s 10%: 0.13+0.56+0.16 ms clock, 2.1+0.76/0.98/0+2.6 ms cpu, 4->5->2 MB, 5 MB goal, 0 MB stacks, 0 MB globals, 16 P
gc 6707 @16.308s 10%: 0.12+0.56+0.20 ms clock, 1.9+0.49/0.87/0+3.3 ms cpu, 4->4->2 MB, 4 MB goal, 0 MB stacks, 0 MB globals, 16 P
gc 6708 @16.309s 10%: 0.20+0.58+0.19 ms clock, 3.2+0.71/0.87/0+3.0 ms cpu, 3->4->2 MB, 4 MB goal, 0 MB stacks, 0 MB globals, 16 P
gc 6709 @16.311s 10%: 0.17+0.83+0.089 ms clock, 2.7+0.75/1.1/0+1.4 ms cpu, 4->5->2 MB, 5 MB goal, 0 MB stacks, 0 MB globals, 16 P
gc 6710 @16.314s 10%: 0.17+0.72+0.091 ms clock, 2.8+0.81/1.0/0+1.4 ms cpu, 4->5->2 MB, 5 MB goal, 0 MB stacks, 0 MB globals, 16 P
gc 6711 @16.316s 10%: 0.13+0.55+0.14 ms clock, 2.1+0.53/0.96/0.042+2.3 ms cpu, 4->5->2 MB, 5 MB goal, 0 MB stacks, 0 MB globals, 16 P
gc 6712 @16.317s 10%: 0.24+0.82+0.12 ms clock, 3.8+0.69/0.93/0+1.9 ms cpu, 3->5->2 MB, 4 MB goal, 0 MB stacks, 0 MB globals, 16 P
gc 6713 @16.320s 10%: 0.14+0.54+0.19 ms clock, 2.3+0.55/0.97/0+3.1 ms cpu, 4->5->2 MB, 5 MB goal, 0 MB stacks, 0 MB globals, 16 P
gc 6714 @16.322s 10%: 0.12+0.56+0.15 ms clock, 1.9+0.53/1.0/0+2.4 ms cpu, 3->4->2 MB, 4 MB goal, 0 MB stacks, 0 MB globals, 16 P
gc 6715 @16.323s 10%: 0.12+0.63+0.19 ms clock, 1.9+0.69/0.89/0+3.0 ms cpu, 4->4->2 MB, 4 MB goal, 0 MB stacks, 0 MB globals, 16 P
gc 6716 @16.325s 10%: 0.11+0.65+0.13 ms clock, 1.8+0.60/1.0/0+2.1 ms cpu, 3->4->2 MB, 4 MB goal, 0 MB stacks, 0 MB globals, 16 P
gc 6717 @16.327s 10%: 0.12+0.53+0.16 ms clock, 1.9+1.0/0.99/0.001+2.6 ms cpu, 4->5->2 MB, 5 MB goal, 0 MB stacks, 0 MB globals, 16 P
gc 6718 @16.329s 10%: 0.16+0.60+0.10 ms clock, 2.6+0.67/0.87/0+1.7 ms cpu, 4->4->2 MB, 4 MB goal, 0 MB stacks, 0 MB globals, 16 P
gc 6719 @16.330s 10%: 0.13+0.72+0.18 ms clock, 2.1+0.62/1.1/0.025+2.9 ms cpu, 3->4->2 MB, 4 MB goal, 0 MB stacks, 0 MB globals, 16 P
gc 6720 @16.332s 10%: 0.14+0.67+0.11 ms clock, 2.3+0.45/0.95/0+1.8 ms cpu, 4->5->2 MB, 5 MB goal, 0 MB stacks, 0 MB globals, 16 P
gc 6721 @16.334s 10%: 0.14+0.58+0.13 ms clock, 2.3+0.73/0.95/0+2.1 ms cpu, 4->4->2 MB, 4 MB goal, 0 MB stacks, 0 MB globals, 16 P
gc 6722 @16.336s 10%: 0.22+0.64+0.091 ms clock, 3.5+0.71/1.0/0+1.4 ms cpu, 4->5->2 MB, 4 MB goal, 0 MB stacks, 0 MB globals, 16 P
gc 6723 @16.338s 10%: 0.13+0.56+0.12 ms clock, 2.0+0.60/1.0/0+1.9 ms cpu, 4->4->2 MB, 5 MB goal, 0 MB stacks, 0 MB globals, 16 P
gc 6724 @16.340s 10%: 0.12+0.58+0.12 ms clock, 2.0+0.75/0.83/0.027+2.0 ms cpu, 4->4->2 MB, 4 MB goal, 0 MB stacks, 0 MB globals, 16 P
gc 6725 @16.341s 10%: 0.14+0.73+0.13 ms clock, 2.3+0.70/1.0/0+2.1 ms cpu, 3->4->2 MB, 4 MB goal, 0 MB stacks, 0 MB globals, 16 P
gc 6726 @16.343s 10%: 0.11+0.77+0.067 ms clock, 1.7+0.53/1.1/0.008+1.0 ms cpu, 4->5->2 MB, 4 MB goal, 0 MB stacks, 0 MB globals, 16 P
gc 6727 @16.345s 10%: 0.14+0.56+0.10 ms clock, 2.3+0.62/0.86/0.003+1.7 ms cpu, 4->5->2 MB, 5 MB goal, 0 MB stacks, 0 MB globals, 16 P
gc 6728 @16.347s 10%: 0.22+0.67+0.13 ms clock, 3.6+0.73/1.1/0+2.2 ms cpu, 3->4->2 MB, 4 MB goal, 0 MB stacks, 0 MB globals, 16 P
gc 6729 @16.349s 10%: 0.19+0.56+0.19 ms clock, 3.1+0.64/0.99/0+3.1 ms cpu, 4->5->2 MB, 5 MB goal, 0 MB stacks, 0 MB globals, 16 P
gc 6730 @16.350s 10%: 0.13+0.73+0.078 ms clock, 2.0+0.77/1.0/0+1.2 ms cpu, 4->5->2 MB, 4 MB goal, 0 MB stacks, 0 MB globals, 16 P
gc 6731 @16.352s 10%: 0.10+0.83+0.10 ms clock, 1.7+0.58/1.0/0.022+1.7 ms cpu, 4->5->2 MB, 5 MB goal, 0 MB stacks, 0 MB globals, 16 P
gc 6732 @16.355s 10%: 0.10+0.54+0.17 ms clock, 1.7+0.45/0.90/0+2.7 ms cpu, 4->5->2 MB, 5 MB goal, 0 MB stacks, 0 MB globals, 16 P
gc 6733 @16.356s 10%: 0.16+0.71+0.12 ms clock, 2.6+0.68/0.92/0+2.0 ms cpu, 3->4->2 MB, 4 MB goal, 0 MB stacks, 0 MB globals, 16 P
gc 6734 @16.358s 10%: 0.15+0.67+0.14 ms clock, 2.4+0.69/1.0/0.005+2.2 ms cpu, 4->5->2 MB, 5 MB goal, 0 MB stacks, 0 MB globals, 16 P
gc 6735 @16.360s 10%: 0.11+1.0+0.10 ms clock, 1.8+0.59/0.88/0+1.6 ms cpu, 4->5->2 MB, 4 MB goal, 0 MB stacks, 0 MB globals, 16 P
gc 6736 @16.362s 10%: 0.12+0.57+0.16 ms clock, 2.0+0.87/0.99/0.002+2.5 ms cpu, 4->5->2 MB, 5 MB goal, 0 MB stacks, 0 MB globals, 16 P
gc 6737 @16.364s 10%: 0.11+0.89+0.081 ms clock, 1.8+0.65/0.99/0+1.3 ms cpu, 4->5->2 MB, 4 MB goal, 0 MB stacks, 0 MB globals, 16 P
gc 6738 @16.366s 10%: 0.10+0.53+0.11 ms clock, 1.6+0.60/0.96/0+1.8 ms cpu, 4->5->2 MB, 5 MB goal, 0 MB stacks, 0 MB globals, 16 P
gc 6739 @16.368s 10%: 0.18+0.56+0.13 ms clock, 2.8+0.94/0.87/0.020+2.1 ms cpu, 3->4->2 MB, 4 MB goal, 0 MB stacks, 0 MB globals, 16 P
gc 6740 @16.370s 10%: 0.11+0.73+0.085 ms clock, 1.8+0.66/0.98/0.006+1.3 ms cpu, 4->5->2 MB, 4 MB goal, 0 MB stacks, 0 MB globals, 16 P
gc 6741 @16.372s 10%: 0.13+0.68+0.13 ms clock, 2.1+0.74/1.0/0+2.2 ms cpu, 4->5->2 MB, 5 MB goal, 0 MB stacks, 0 MB globals, 16 P
gc 6742 @16.374s 10%: 0.14+0.56+0.097 ms clock, 2.2+0.73/0.79/0+1.5 ms cpu, 4->4->2 MB, 5 MB goal, 0 MB stacks, 0 MB globals, 16 P
gc 6743 @16.375s 10%: 0.25+0.52+0.16 ms clock, 4.1+0.66/1.0/0+2.6 ms cpu, 3->4->2 MB, 4 MB goal, 0 MB stacks, 0 MB globals, 16 P
gc 6744 @16.377s 10%: 0.15+0.52+0.16 ms clock, 2.4+0.77/0.81/0+2.6 ms cpu, 4->4->2 MB, 4 MB goal, 0 MB stacks, 0 MB globals, 16 P
gc 6745 @16.379s 10%: 0.12+0.68+0.11 ms clock, 1.9+0.78/0.88/0+1.7 ms cpu, 3->4->2 MB, 4 MB goal, 0 MB stacks, 0 MB globals, 16 P
gc 6746 @16.380s 10%: 0.11+0.53+0.17 ms clock, 1.8+0.57/0.98/0+2.8 ms cpu, 4->4->2 MB, 4 MB goal, 0 MB stacks, 0 MB globals, 16 P
gc 6747 @16.382s 10%: 0.19+0.77+0.11 ms clock, 3.1+0.48/0.89/0.048+1.9 ms cpu, 3->4->2 MB, 4 MB goal, 0 MB stacks, 0 MB globals, 16 P
gc 6748 @16.384s 10%: 0.10+0.58+0.20 ms clock, 1.6+0.43/1.1/0.026+3.3 ms cpu, 4->5->2 MB, 5 MB goal, 0 MB stacks, 0 MB globals, 16 P
gc 6749 @16.386s 10%: 0.12+0.65+0.097 ms clock, 2.0+0.74/1.0/0.003+1.5 ms cpu, 4->4->2 MB, 4 MB goal, 0 MB stacks, 0 MB globals, 16 P
gc 6750 @16.387s 10%: 0.12+0.76+0.047 ms clock, 2.0+0.60/0.98/0+0.76 ms cpu, 4->5->2 MB, 5 MB goal, 0 MB stacks, 0 MB globals, 16 P
gc 6751 @16.389s 10%: 0.13+0.80+0.096 ms clock, 2.1+0.74/0.97/0+1.5 ms cpu, 4->5->2 MB, 5 MB goal, 0 MB stacks, 0 MB globals, 16 P
gc 6752 @16.392s 10%: 0.12+0.53+0.21 ms clock, 2.0+0.69/0.99/0+3.4 ms cpu, 4->5->2 MB, 5 MB goal, 0 MB stacks, 0 MB globals, 16 P
gc 6753 @16.393s 10%: 0.11+0.59+0.19 ms clock, 1.8+0.64/1.0/0+3.1 ms cpu, 4->4->2 MB, 4 MB goal, 0 MB stacks, 0 MB globals, 16 P
gc 6754 @16.395s 10%: 0.21+0.96+0.056 ms clock, 3.4+0.65/0.88/0+0.90 ms cpu, 3->4->2 MB, 4 MB goal, 0 MB stacks, 0 MB globals, 16 P
gc 6755 @16.397s 10%: 0.11+0.50+0.11 ms clock, 1.8+0.68/0.82/0+1.8 ms cpu, 4->5->2 MB, 5 MB goal, 0 MB stacks, 0 MB globals, 16 P
gc 6756 @16.399s 10%: 0.14+0.62+0.11 ms clock, 2.3+0.69/0.91/0+1.8 ms cpu, 3->4->2 MB, 4 MB goal, 0 MB stacks, 0 MB globals, 16 P
gc 6757 @16.400s 10%: 0.11+0.54+0.12 ms clock, 1.8+0.57/1.0/0+2.0 ms cpu, 4->4->2 MB, 4 MB goal, 0 MB stacks, 0 MB globals, 16 P
gc 6758 @16.402s 10%: 0.12+0.83+0.083 ms clock, 2.0+0.61/1.0/0.008+1.3 ms cpu, 3->4->2 MB, 4 MB goal, 0 MB stacks, 0 MB globals, 16 P
gc 6759 @16.404s 10%: 0.11+0.64+0.17 ms clock, 1.9+0.68/0.91/0+2.7 ms cpu, 4->5->2 MB, 5 MB goal, 0 MB stacks, 0 MB globals, 16 P
gc 6760 @16.406s 10%: 0.11+0.53+0.16 ms clock, 1.8+0.67/1.0/0.009+2.6 ms cpu, 4->4->2 MB, 4 MB goal, 0 MB stacks, 0 MB globals, 16 P
gc 6761 @16.408s 10%: 0.13+0.71+0.081 ms clock, 2.1+0.37/1.2/0+1.3 ms cpu, 3->4->2 MB, 4 MB goal, 0 MB stacks, 0 MB globals, 16 P
gc 6762 @16.410s 10%: 0.12+0.70+0.12 ms clock, 1.9+0.90/0.97/0+2.0 ms cpu, 4->5->2 MB, 5 MB goal, 0 MB stacks, 0 MB globals, 16 P
gc 6763 @16.411s 10%: 0.13+0.57+0.10 ms clock, 2.1+0.63/0.98/0+1.6 ms cpu, 4->5->2 MB, 5 MB goal, 0 MB stacks, 0 MB globals, 16 P
gc 6764 @16.413s 10%: 0.19+0.50+0.13 ms clock, 3.1+0.79/0.94/0+2.2 ms cpu, 4->4->2 MB, 4 MB goal, 0 MB stacks, 0 MB globals, 16 P
gc 6765 @16.415s 10%: 0.13+0.62+0.083 ms clock, 2.2+0.78/1.0/0.035+1.3 ms cpu, 3->4->2 MB, 4 MB goal, 0 MB stacks, 0 MB globals, 16 P
gc 6766 @16.417s 10%: 0.12+0.68+0.068 ms clock, 2.0+0.61/0.98/0+1.1 ms cpu, 4->4->2 MB, 4 MB goal, 0 MB stacks, 0 MB globals, 16 P
gc 6767 @16.419s 10%: 0.13+0.68+0.14 ms clock, 2.1+0.74/1.0/0.003+2.3 ms cpu, 4->5->2 MB, 4 MB goal, 0 MB stacks, 0 MB globals, 16 P
gc 6768 @16.420s 10%: 0.25+0.77+0.084 ms clock, 4.0+0.78/0.96/0.024+1.3 ms cpu, 4->5->2 MB, 5 MB goal, 0 MB stacks, 0 MB globals, 16 P
gc 6769 @16.423s 10%: 0.16+0.62+0.14 ms clock, 2.6+0.63/1.0/0.006+2.2 ms cpu, 4->5->2 MB, 5 MB goal, 0 MB stacks, 0 MB globals, 16 P
gc 6770 @16.425s 10%: 0.11+0.68+0.15 ms clock, 1.8+0.87/0.80/0+2.4 ms cpu, 4->5->2 MB, 5 MB goal, 0 MB stacks, 0 MB globals, 16 P
gc 6771 @16.427s 10%: 0.11+0.63+0.13 ms clock, 1.7+0.69/1.0/0.005+2.2 ms cpu, 4->5->2 MB, 5 MB goal, 0 MB stacks, 0 MB globals, 16 P
gc 6772 @16.428s 10%: 0.11+0.49+0.084 ms clock, 1.8+0.67/0.88/0+1.3 ms cpu, 4->4->1 MB, 4 MB goal, 0 MB stacks, 0 MB globals, 16 P
gc 6773 @16.430s 10%: 0.13+0.73+0.12 ms clock, 2.2+0.86/0.99/0.061+2.0 ms cpu, 3->4->2 MB, 4 MB goal, 0 MB stacks, 0 MB globals, 16 P
gc 6774 @16.432s 10%: 0.12+0.71+0.11 ms clock, 2.0+0.54/1.0/0.001+1.8 ms cpu, 4->5->2 MB, 5 MB goal, 0 MB stacks, 0 MB globals, 16 P
gc 6775 @16.434s 10%: 0.12+0.55+0.15 ms clock, 1.9+0.65/0.94/0+2.5 ms cpu, 4->5->2 MB, 5 MB goal, 0 MB stacks, 0 MB globals, 16 P
gc 6776 @16.435s 10%: 0.13+0.80+0.18 ms clock, 2.0+0.63/1.0/0+2.9 ms cpu, 4->5->2 MB, 4 MB goal, 0 MB stacks, 0 MB globals, 16 P
gc 6777 @16.437s 10%: 0.14+0.63+0.11 ms clock, 2.3+0.71/0.97/0+1.8 ms cpu, 4->5->2 MB, 5 MB goal, 0 MB stacks, 0 MB globals, 16 P
gc 6778 @16.439s 10%: 0.13+0.61+0.11 ms clock, 2.1+0.70/0.92/0+1.8 ms cpu, 4->5->2 MB, 5 MB goal, 0 MB stacks, 0 MB globals, 16 P
gc 6779 @16.441s 10%: 0.15+0.63+0.11 ms clock, 2.4+0.58/0.95/0.002+1.8 ms cpu, 4->4->2 MB, 5 MB goal, 0 MB stacks, 0 MB globals, 16 P
gc 6780 @16.443s 10%: 0.11+0.62+0.11 ms clock, 1.8+0.92/1.0/0.075+1.8 ms cpu, 4->4->2 MB, 4 MB goal, 0 MB stacks, 0 MB globals, 16 P
gc 6781 @16.445s 10%: 0.22+0.66+0.10 ms clock, 3.6+0.69/1.2/0+1.6 ms cpu, 4->5->2 MB, 4 MB goal, 0 MB stacks, 0 MB globals, 16 P
gc 6782 @16.447s 10%: 0.17+0.83+0.10 ms clock, 2.8+0.73/1.0/0+1.7 ms cpu, 4->5->2 MB, 5 MB goal, 0 MB stacks, 0 MB globals, 16 P
gc 6783 @16.449s 10%: 0.14+0.56+0.12 ms clock, 2.3+0.79/0.90/0+2.0 ms cpu, 4->5->2 MB, 5 MB goal, 0 MB stacks, 0 MB globals, 16 P
gc 6784 @16.451s 10%: 0.12+0.80+0.086 ms clock, 2.0+0.70/0.88/0.17+1.3 ms cpu, 4->4->2 MB, 4 MB goal, 0 MB stacks, 0 MB globals, 16 P
gc 6785 @16.453s 10%: 0.11+0.68+0.18 ms clock, 1.8+0.79/0.94/0+3.0 ms cpu, 4->5->2 MB, 5 MB goal, 0 MB stacks, 0 MB globals, 16 P
gc 6786 @16.455s 10%: 0.12+0.74+0.066 ms clock, 2.0+0.89/0.87/0+1.0 ms cpu, 4->5->2 MB, 4 MB goal, 0 MB stacks, 0 MB globals, 16 P
gc 6787 @16.457s 10%: 0.20+0.65+0.16 ms clock, 3.3+0.67/0.78/0+2.7 ms cpu, 4->5->2 MB, 5 MB goal, 0 MB stacks, 0 MB globals, 16 P
gc 6788 @16.459s 10%: 0.17+0.60+0.11 ms clock, 2.7+0.85/0.80/0.047+1.8 ms cpu, 3->4->2 MB, 4 MB goal, 0 MB stacks, 0 MB globals, 16 P
gc 6789 @16.460s 10%: 0.15+0.51+0.12 ms clock, 2.5+0.76/1.0/0+1.9 ms cpu, 3->4->2 MB, 4 MB goal, 0 MB stacks, 0 MB globals, 16 P
gc 6790 @16.462s 10%: 0.12+0.66+0.12 ms clock, 1.9+0.69/0.83/0+2.0 ms cpu, 4->4->2 MB, 4 MB goal, 0 MB stacks, 0 MB globals, 16 P
gc 6791 @16.464s 10%: 0.11+0.62+0.075 ms clock, 1.7+0.67/0.79/0+1.2 ms cpu, 4->4->2 MB, 4 MB goal, 0 MB stacks, 0 MB globals, 16 P
gc 6792 @16.465s 10%: 0.19+0.67+0.14 ms clock, 3.1+0.63/1.0/0+2.2 ms cpu, 3->4->2 MB, 4 MB goal, 0 MB stacks, 0 MB globals, 16 P
gc 6793 @16.467s 10%: 0.10+0.57+0.13 ms clock, 1.7+0.65/1.0/0.065+2.1 ms cpu, 4->5->2 MB, 5 MB goal, 0 MB stacks, 0 MB globals, 16 P
gc 6794 @16.469s 10%: 0.10+0.85+0.11 ms clock, 1.6+0.51/1.0/0.008+1.8 ms cpu, 4->5->2 MB, 4 MB goal, 0 MB stacks, 0 MB globals, 16 P
gc 6795 @16.471s 10%: 0.21+0.58+0.091 ms clock, 3.3+0.78/0.95/0+1.4 ms cpu, 4->5->2 MB, 5 MB goal, 0 MB stacks, 0 MB globals, 16 P
gc 6796 @16.473s 10%: 0.13+0.65+0.10 ms clock, 2.0+0.70/0.86/0.001+1.6 ms cpu, 4->4->2 MB, 4 MB goal, 0 MB stacks, 0 MB globals, 16 P
gc 6797 @16.475s 10%: 0.15+0.78+0.10 ms clock, 2.4+0.58/1.2/0.008+1.6 ms cpu, 4->5->2 MB, 4 MB goal, 0 MB stacks, 0 MB globals, 16 P
gc 6798 @16.477s 10%: 0.10+0.58+0.11 ms clock, 1.6+0.53/0.90/0+1.8 ms cpu, 4->5->2 MB, 5 MB goal, 0 MB stacks, 0 MB globals, 16 P
gc 6799 @16.478s 10%: 0.12+0.68+0.11 ms clock, 1.9+0.60/0.94/0+1.8 ms cpu, 3->4->2 MB, 4 MB goal, 0 MB stacks, 0 MB globals, 16 P
gc 6800 @16.480s 10%: 0.15+0.59+0.038 ms clock, 2.4+0.58/0.98/0+0.62 ms cpu, 4->5->2 MB, 4 MB goal, 0 MB stacks, 0 MB globals, 16 P
gc 6801 @16.482s 10%: 0.14+0.63+0.092 ms clock, 2.2+0.65/1.0/0+1.4 ms cpu, 4->4->2 MB, 4 MB goal, 0 MB stacks, 0 MB globals, 16 P
gc 6802 @16.484s 10%: 0.14+0.75+0.069 ms clock, 2.3+0.76/0.75/0+1.1 ms cpu, 4->5->2 MB, 4 MB goal, 0 MB stacks, 0 MB globals, 16 P
gc 6803 @16.486s 10%: 0.12+0.74+0.083 ms clock, 2.0+0.60/1.0/0+1.3 ms cpu, 4->5->2 MB, 5 MB goal, 0 MB stacks, 0 MB globals, 16 P
gc 6804 @16.488s 10%: 0.10+0.46+0.12 ms clock, 1.7+0.71/0.92/0+1.9 ms cpu, 4->4->2 MB, 4 MB goal, 0 MB stacks, 0 MB globals, 16 P
gc 6805 @16.489s 10%: 0.14+0.63+0.13 ms clock, 2.2+0.74/0.90/0+2.0 ms cpu, 3->4->2 MB, 4 MB goal, 0 MB stacks, 0 MB globals, 16 P
gc 6806 @16.491s 10%: 0.14+0.59+0.17 ms clock, 2.3+0.39/1.0/0+2.7 ms cpu, 4->5->2 MB, 4 MB goal, 0 MB stacks, 0 MB globals, 16 P
gc 6807 @16.493s 10%: 0.13+0.64+0.11 ms clock, 2.1+0.81/1.0/0.018+1.8 ms cpu, 4->4->2 MB, 4 MB goal, 0 MB stacks, 0 MB globals, 16 P
gc 6808 @16.495s 10%: 0.15+0.71+0.11 ms clock, 2.4+0.65/1.0/0+1.7 ms cpu, 4->5->2 MB, 5 MB goal, 0 MB stacks, 0 MB globals, 16 P
gc 6809 @16.497s 10%: 0.16+0.57+0.11 ms clock, 2.5+0.56/0.93/0+1.7 ms cpu, 4->5->2 MB, 5 MB goal, 0 MB stacks, 0 MB globals, 16 P
gc 6810 @16.499s 10%: 0.12+0.67+0.14 ms clock, 1.9+0.66/0.88/0.026+2.3 ms cpu, 3->4->2 MB, 4 MB goal, 0 MB stacks, 0 MB globals, 16 P
gc 6811 @16.501s 10%: 0.10+0.83+0.11 ms clock, 1.7+0.70/1.0/0.078+1.8 ms cpu, 4->5->2 MB, 5 MB goal, 0 MB stacks, 0 MB globals, 16 P
gc 6812 @16.503s 10%: 0.10+0.65+0.12 ms clock, 1.6+0.65/0.95/0.031+2.0 ms cpu, 4->5->2 MB, 5 MB goal, 0 MB stacks, 0 MB globals, 16 P
gc 6813 @16.504s 10%: 0.10+0.54+0.13 ms clock, 1.6+0.72/1.0/0+2.1 ms cpu, 4->4->2 MB, 4 MB goal, 0 MB stacks, 0 MB globals, 16 P
gc 6814 @16.506s 10%: 0.10+0.69+0.12 ms clock, 1.6+0.68/0.98/0.012+2.0 ms cpu, 3->4->2 MB, 4 MB goal, 0 MB stacks, 0 MB globals, 16 P
gc 6815 @16.508s 10%: 0.11+0.58+0.13 ms clock, 1.9+0.65/0.94/0+2.2 ms cpu, 4->4->2 MB, 4 MB goal, 0 MB stacks, 0 MB globals, 16 P
gc 6816 @16.510s 10%: 0.18+0.62+0.21 ms clock, 2.9+0.55/1.0/0.008+3.4 ms cpu, 4->5->2 MB, 4 MB goal, 0 MB stacks, 0 MB globals, 16 P
gc 6817 @16.512s 10%: 0.18+0.91+0.10 ms clock, 2.9+0.56/1.0/0+1.6 ms cpu, 4->5->2 MB, 5 MB goal, 0 MB stacks, 0 MB globals, 16 P
gc 6818 @16.514s 10%: 0.15+0.61+0.10 ms clock, 2.4+0.70/1.0/0+1.6 ms cpu, 4->5->2 MB, 5 MB goal, 0 MB stacks, 0 MB globals, 16 P
gc 6819 @16.516s 10%: 0.17+0.51+0.13 ms clock, 2.8+0.62/0.91/0+2.1 ms cpu, 4->4->2 MB, 5 MB goal, 0 MB stacks, 0 MB globals, 16 P
gc 6820 @16.518s 10%: 0.13+0.67+0.098 ms clock, 2.1+0.85/0.77/0.026+1.5 ms cpu, 3->4->2 MB, 4 MB goal, 0 MB stacks, 0 MB globals, 16 P
gc 6821 @16.520s 10%: 0.12+0.52+0.18 ms clock, 1.9+0.60/0.88/0.003+3.0 ms cpu, 4->4->2 MB, 4 MB goal, 0 MB stacks, 0 MB globals, 16 P
gc 6822 @16.521s 10%: 0.11+0.68+0.19 ms clock, 1.8+0.71/0.92/0.054+3.1 ms cpu, 3->4->2 MB, 4 MB goal, 0 MB stacks, 0 MB globals, 16 P
gc 6823 @16.523s 10%: 0.10+0.69+0.11 ms clock, 1.6+0.56/0.99/0.001+1.8 ms cpu, 4->5->2 MB, 5 MB goal, 0 MB stacks, 0 MB globals, 16 P
gc 6824 @16.525s 10%: 0.16+0.73+0.20 ms clock, 2.5+0.82/0.91/0+3.2 ms cpu, 4->5->2 MB, 4 MB goal, 0 MB stacks, 0 MB globals, 16 P
gc 6825 @16.527s 10%: 0.16+0.69+0.096 ms clock, 2.6+0.63/0.92/0+1.5 ms cpu, 4->5->2 MB, 5 MB goal, 0 MB stacks, 0 MB globals, 16 P
gc 6826 @16.529s 10%: 0.10+0.64+0.11 ms clock, 1.7+0.42/1.1/0+1.8 ms cpu, 4->5->2 MB, 5 MB goal, 0 MB stacks, 0 MB globals, 16 P
gc 6827 @16.531s 10%: 0.17+0.56+0.16 ms clock, 2.7+0.64/1.0/0+2.7 ms cpu, 4->4->2 MB, 4 MB goal, 0 MB stacks, 0 MB globals, 16 P
gc 6828 @16.532s 10%: 0.19+0.53+0.12 ms clock, 3.0+0.55/0.98/0+2.0 ms cpu, 4->4->2 MB, 4 MB goal, 0 MB stacks, 0 MB globals, 16 P
gc 6829 @16.534s 10%: 0.096+0.61+0.11 ms clock, 1.5+0.62/1.0/0.036+1.8 ms cpu, 3->4->2 MB, 4 MB goal, 0 MB stacks, 0 MB globals, 16 P
gc 6830 @16.536s 10%: 0.10+0.80+0.13 ms clock, 1.7+0.66/0.90/0.018+2.1 ms cpu, 4->5->2 MB, 4 MB goal, 0 MB stacks, 0 MB globals, 16 P
gc 6831 @16.538s 10%: 0.14+0.54+0.14 ms clock, 2.3+0.92/0.93/0+2.3 ms cpu, 4->5->2 MB, 5 MB goal, 0 MB stacks, 0 MB globals, 16 P
gc 6832 @16.540s 10%: 0.11+0.58+0.16 ms clock, 1.8+0.56/1.0/0.036+2.6 ms cpu, 4->4->2 MB, 4 MB goal, 0 MB stacks, 0 MB globals, 16 P
gc 6833 @16.541s 10%: 0.19+0.60+0.12 ms clock, 3.0+0.72/0.91/0+1.9 ms cpu, 3->4->2 MB, 4 MB goal, 0 MB stacks, 0 MB globals, 16 P
gc 6834 @16.543s 10%: 0.11+0.58+0.090 ms clock, 1.8+0.54/0.97/0.013+1.4 ms cpu, 4->5->2 MB, 5 MB goal, 0 MB stacks, 0 MB globals, 16 P
gc 6835 @16.545s 10%: 0.10+0.72+0.065 ms clock, 1.7+0.69/0.83/0+1.0 ms cpu, 4->4->2 MB, 4 MB goal, 0 MB stacks, 0 MB globals, 16 P
gc 6836 @16.547s 10%: 0.13+0.80+0.12 ms clock, 2.1+0.72/1.0/0.007+1.9 ms cpu, 4->5->2 MB, 4 MB goal, 0 MB stacks, 0 MB globals, 16 P
gc 6837 @16.549s 10%: 0.14+0.61+0.20 ms clock, 2.3+0.69/0.85/0+3.3 ms cpu, 4->5->2 MB, 5 MB goal, 0 MB stacks, 0 MB globals, 16 P
gc 6838 @16.551s 10%: 0.094+0.79+0.094 ms clock, 1.5+0.71/1.0/0+1.5 ms cpu, 3->5->2 MB, 4 MB goal, 0 MB stacks, 0 MB globals, 16 P
gc 6839 @16.553s 10%: 0.10+0.73+0.24 ms clock, 1.6+0.50/1.0/0.052+3.8 ms cpu, 4->5->2 MB, 5 MB goal, 0 MB stacks, 0 MB globals, 16 P
gc 6840 @16.555s 10%: 0.14+0.60+0.18 ms clock, 2.3+0.56/0.90/0+2.9 ms cpu, 4->5->2 MB, 4 MB goal, 0 MB stacks, 0 MB globals, 16 P
gc 6841 @16.556s 10%: 0.12+0.64+0.10 ms clock, 1.9+0.59/1.1/0+1.7 ms cpu, 4->5->2 MB, 4 MB goal, 0 MB stacks, 0 MB globals, 16 P
gc 6842 @16.558s 10%: 0.13+0.71+0.10 ms clock, 2.1+0.67/1.0/0+1.7 ms cpu, 4->5->2 MB, 4 MB goal, 0 MB stacks, 0 MB globals, 16 P
gc 6843 @16.560s 10%: 0.17+0.68+0.13 ms clock, 2.8+0.83/0.88/0.001+2.1 ms cpu, 4->5->2 MB, 5 MB goal, 0 MB stacks, 0 MB globals, 16 P
gc 6844 @16.562s 10%: 0.11+1.0+0.090 ms clock, 1.8+0.58/1.0/0.038+1.4 ms cpu, 4->5->2 MB, 5 MB goal, 0 MB stacks, 0 MB globals, 16 P
gc 6845 @16.565s 10%: 0.12+0.89+0.12 ms clock, 2.0+0.65/0.88/0+1.9 ms cpu, 4->5->2 MB, 5 MB goal, 0 MB stacks, 0 MB globals, 16 P
gc 6846 @16.567s 10%: 0.11+0.71+0.13 ms clock, 1.8+0.62/1.0/0+2.1 ms cpu, 4->5->2 MB, 5 MB goal, 0 MB stacks, 0 MB globals, 16 P
gc 6847 @16.569s 10%: 0.14+0.55+0.13 ms clock, 2.3+0.47/1.0/0+2.1 ms cpu, 4->4->2 MB, 4 MB goal, 0 MB stacks, 0 MB globals, 16 P
gc 6848 @16.571s 10%: 0.15+0.55+0.13 ms clock, 2.5+0.89/0.82/0+2.2 ms cpu, 3->4->2 MB, 4 MB goal, 0 MB stacks, 0 MB globals, 16 P
gc 6849 @16.572s 10%: 0.12+0.82+0.12 ms clock, 2.0+0.58/0.83/0+2.0 ms cpu, 3->4->2 MB, 4 MB goal, 0 MB stacks, 0 MB globals, 16 P
gc 6850 @16.574s 10%: 0.23+0.56+0.14 ms clock, 3.7+0.88/0.76/0+2.2 ms cpu, 4->5->2 MB, 5 MB goal, 0 MB stacks, 0 MB globals, 16 P
gc 6851 @16.576s 10%: 0.14+0.62+0.12 ms clock, 2.3+0.73/0.81/0+2.0 ms cpu, 3->4->2 MB, 4 MB goal, 0 MB stacks, 0 MB globals, 16 P
gc 6852 @16.578s 10%: 0.14+0.84+0.10 ms clock, 2.3+0.70/1.2/0.002+1.6 ms cpu, 3->5->2 MB, 4 MB goal, 0 MB stacks, 0 MB globals, 16 P
gc 6853 @16.580s 10%: 0.10+0.58+0.13 ms clock, 1.6+0.67/0.97/0+2.1 ms cpu, 4->5->2 MB, 5 MB goal, 0 MB stacks, 0 MB globals, 16 P
gc 6854 @16.581s 10%: 0.14+0.76+0.090 ms clock, 2.2+0.61/1.1/0.023+1.4 ms cpu, 4->4->2 MB, 4 MB goal, 0 MB stacks, 0 MB globals, 16 P
gc 6855 @16.584s 10%: 0.14+0.70+0.12 ms clock, 2.3+0.59/0.97/0+2.0 ms cpu, 4->5->2 MB, 5 MB goal, 0 MB stacks, 0 MB globals, 16 P
gc 6856 @16.586s 10%: 0.11+0.53+0.14 ms clock, 1.8+0.72/0.84/0+2.2 ms cpu, 4->5->2 MB, 5 MB goal, 0 MB stacks, 0 MB globals, 16 P
gc 6857 @16.587s 10%: 0.12+0.60+0.054 ms clock, 2.0+0.58/0.98/0+0.87 ms cpu, 3->4->2 MB, 4 MB goal, 0 MB stacks, 0 MB globals, 16 P
gc 6858 @16.589s 10%: 0.13+0.69+0.073 ms clock, 2.2+0.69/0.98/0.011+1.1 ms cpu, 3->4->2 MB, 4 MB goal, 0 MB stacks, 0 MB globals, 16 P
gc 6859 @16.591s 10%: 0.21+0.50+0.17 ms clock, 3.5+0.67/0.88/0+2.7 ms cpu, 4->5->2 MB, 5 MB goal, 0 MB stacks, 0 MB globals, 16 P
gc 6860 @16.593s 10%: 0.10+0.63+0.13 ms clock, 1.7+0.66/0.94/0.043+2.1 ms cpu, 4->4->2 MB, 4 MB goal, 0 MB stacks, 0 MB globals, 16 P
gc 6861 @16.594s 10%: 0.18+0.75+0.10 ms clock, 3.0+0.73/0.96/0.010+1.6 ms cpu, 3->4->2 MB, 4 MB goal, 0 MB stacks, 0 MB globals, 16 P
gc 6862 @16.597s 10%: 0.19+0.60+0.10 ms clock, 3.0+0.55/1.0/0+1.6 ms cpu, 4->5->2 MB, 5 MB goal, 0 MB stacks, 0 MB globals, 16 P
gc 6863 @16.598s 10%: 0.12+0.66+0.18 ms clock, 1.9+0.61/0.97/0.019+3.0 ms cpu, 4->4->2 MB, 4 MB goal, 0 MB stacks, 0 MB globals, 16 P
gc 6864 @16.600s 10%: 0.15+0.69+0.11 ms clock, 2.4+0.85/0.89/0+1.8 ms cpu, 4->5->2 MB, 4 MB goal, 0 MB stacks, 0 MB globals, 16 P
gc 6865 @16.602s 10%: 0.10+0.77+0.10 ms clock, 1.6+0.44/0.95/0.030+1.6 ms cpu, 4->4->2 MB, 4 MB goal, 0 MB stacks, 0 MB globals, 16 P
gc 6866 @16.604s 10%: 0.10+0.69+0.085 ms clock, 1.7+0.62/0.94/0+1.3 ms cpu, 4->5->2 MB, 5 MB goal, 0 MB stacks, 0 MB globals, 16 P
gc 6867 @16.606s 10%: 0.14+0.69+0.12 ms clock, 2.3+0.69/0.85/0.023+1.9 ms cpu, 4->4->2 MB, 4 MB goal, 0 MB stacks, 0 MB globals, 16 P
gc 6868 @16.608s 10%: 0.11+0.60+0.14 ms clock, 1.8+0.76/0.97/0.018+2.3 ms cpu, 4->4->2 MB, 4 MB goal, 0 MB stacks, 0 MB globals, 16 P
gc 6869 @16.609s 10%: 0.14+0.56+0.10 ms clock, 2.3+0.58/0.88/0+1.6 ms cpu, 3->4->2 MB, 4 MB goal, 0 MB stacks, 0 MB globals, 16 P
gc 6870 @16.611s 10%: 0.11+0.57+0.13 ms clock, 1.8+0.50/0.95/0+2.0 ms cpu, 3->4->2 MB, 4 MB goal, 0 MB stacks, 0 MB globals, 16 P
gc 6871 @16.612s 10%: 0.17+0.55+0.14 ms clock, 2.7+0.72/0.92/0+2.3 ms cpu, 3->4->2 MB, 4 MB goal, 0 MB stacks, 0 MB globals, 16 P
gc 6872 @16.614s 10%: 0.12+0.80+0.11 ms clock, 1.9+0.65/0.94/0.010+1.9 ms cpu, 4->5->2 MB, 4 MB goal, 0 MB stacks, 0 MB globals, 16 P
gc 6873 @16.616s 10%: 0.11+0.81+0.082 ms clock, 1.8+0.58/1.0/0+1.3 ms cpu, 4->5->2 MB, 5 MB goal, 0 MB stacks, 0 MB globals, 16 P
gc 6874 @16.618s 10%: 0.13+0.65+0.14 ms clock, 2.1+0.86/0.82/0+2.3 ms cpu, 4->4->2 MB, 4 MB goal, 0 MB stacks, 0 MB globals, 16 P
gc 6875 @16.620s 10%: 0.15+0.60+0.11 ms clock, 2.4+0.32/0.94/0+1.7 ms cpu, 4->4->2 MB, 4 MB goal, 0 MB stacks, 0 MB globals, 16 P
gc 6876 @16.621s 10%: 0.11+0.53+0.17 ms clock, 1.8+0.80/0.97/0+2.8 ms cpu, 4->4->2 MB, 4 MB goal, 0 MB stacks, 0 MB globals, 16 P
gc 6877 @16.623s 10%: 0.19+0.85+0.034 ms clock, 3.1+0.52/0.97/0+0.55 ms cpu, 3->4->2 MB, 4 MB goal, 0 MB stacks, 0 MB globals, 16 P
gc 6878 @16.625s 10%: 0.12+0.56+0.14 ms clock, 1.9+0.70/0.87/0.035+2.3 ms cpu, 4->4->1 MB, 4 MB goal, 0 MB stacks, 0 MB globals, 16 P
gc 6879 @16.626s 10%: 0.18+0.52+0.11 ms clock, 2.9+0.57/0.91/0.003+1.8 ms cpu, 3->4->2 MB, 4 MB goal, 0 MB stacks, 0 MB globals, 16 P
gc 6880 @16.628s 10%: 0.16+0.59+0.11 ms clock, 2.6+0.70/0.85/0.056+1.8 ms cpu, 4->5->2 MB, 4 MB goal, 0 MB stacks, 0 MB globals, 16 P
gc 6881 @16.630s 10%: 0.10+0.53+0.12 ms clock, 1.7+0.47/1.0/0.054+2.0 ms cpu, 4->4->2 MB, 4 MB goal, 0 MB stacks, 0 MB globals, 16 P
gc 6882 @16.631s 10%: 0.11+0.49+0.19 ms clock, 1.9+0.52/0.89/0.055+3.1 ms cpu, 3->4->2 MB, 4 MB goal, 0 MB stacks, 0 MB globals, 16 P
gc 6883 @16.633s 10%: 0.12+0.57+0.20 ms clock, 2.0+0.76/0.86/0+3.3 ms cpu, 3->4->2 MB, 4 MB goal, 0 MB stacks, 0 MB globals, 16 P
gc 6884 @16.634s 10%: 0.11+0.81+0.085 ms clock, 1.7+0.58/0.98/0+1.3 ms cpu, 4->4->2 MB, 4 MB goal, 0 MB stacks, 0 MB globals, 16 P
gc 6885 @16.636s 10%: 0.11+0.90+0.084 ms clock, 1.8+0.62/1.1/0+1.3 ms cpu, 4->5->2 MB, 4 MB goal, 0 MB stacks, 0 MB globals, 16 P
gc 6886 @16.638s 10%: 0.15+0.55+0.095 ms clock, 2.5+0.76/0.89/0+1.5 ms cpu, 4->5->2 MB, 5 MB goal, 0 MB stacks, 0 MB globals, 16 P
gc 6887 @16.640s 10%: 0.11+0.52+0.12 ms clock, 1.7+0.68/0.91/0.025+1.9 ms cpu, 4->4->2 MB, 4 MB goal, 0 MB stacks, 0 MB globals, 16 P
gc 6888 @16.642s 10%: 0.14+0.65+0.14 ms clock, 2.3+0.62/0.87/0+2.3 ms cpu, 3->4->2 MB, 4 MB goal, 0 MB stacks, 0 MB globals, 16 P
gc 6889 @16.644s 10%: 0.14+0.59+0.17 ms clock, 2.3+0.59/0.96/0.001+2.7 ms cpu, 4->4->2 MB, 4 MB goal, 0 MB stacks, 0 MB globals, 16 P
gc 6890 @16.645s 10%: 0.16+0.69+0.11 ms clock, 2.6+0.80/0.96/0.10+1.8 ms cpu, 4->4->2 MB, 4 MB goal, 0 MB stacks, 0 MB globals, 16 P
gc 6891 @16.647s 10%: 0.10+0.48+0.13 ms clock, 1.7+0.44/1.0/0.003+2.1 ms cpu, 4->4->2 MB, 4 MB goal, 0 MB stacks, 0 MB globals, 16 P
gc 6892 @16.649s 10%: 0.17+0.66+0.057 ms clock, 2.8+0.52/1.0/0+0.91 ms cpu, 3->4->2 MB, 4 MB goal, 0 MB stacks, 0 MB globals, 16 P
gc 6893 @16.650s 10%: 0.11+0.75+0.089 ms clock, 1.8+0.68/0.93/0+1.4 ms cpu, 4->5->2 MB, 4 MB goal, 0 MB stacks, 0 MB globals, 16 P
gc 6894 @16.652s 10%: 0.17+0.66+0.17 ms clock, 2.7+0.67/1.0/0+2.7 ms cpu, 4->5->2 MB, 5 MB goal, 0 MB stacks, 0 MB globals, 16 P
gc 6895 @16.654s 10%: 0.11+0.56+0.082 ms clock, 1.7+0.45/1.1/0.005+1.3 ms cpu, 4->5->2 MB, 5 MB goal, 0 MB stacks, 0 MB globals, 16 P
gc 6896 @16.656s 10%: 0.091+0.64+0.10 ms clock, 1.4+0.56/1.0/0+1.6 ms cpu, 4->4->2 MB, 4 MB goal, 0 MB stacks, 0 MB globals, 16 P
gc 6897 @16.658s 10%: 0.11+0.53+0.22 ms clock, 1.8+0.74/0.90/0.007+3.5 ms cpu, 4->4->2 MB, 4 MB goal, 0 MB stacks, 0 MB globals, 16 P
gc 6898 @16.659s 10%: 0.14+0.60+0.17 ms clock, 2.2+0.74/0.85/0.052+2.7 ms cpu, 3->4->2 MB, 4 MB goal, 0 MB stacks, 0 MB globals, 16 P
gc 6899 @16.661s 10%: 0.14+0.70+0.071 ms clock, 2.2+0.72/1.1/0+1.1 ms cpu, 4->5->2 MB, 4 MB goal, 0 MB stacks, 0 MB globals, 16 P
gc 6900 @16.663s 10%: 0.19+0.66+0.090 ms clock, 3.1+0.65/0.84/0+1.4 ms cpu, 4->5->2 MB, 5 MB goal, 0 MB stacks, 0 MB globals, 16 P
gc 6901 @16.665s 10%: 0.16+0.61+0.20 ms clock, 2.6+0.70/1.0/0+3.3 ms cpu, 4->4->2 MB, 4 MB goal, 0 MB stacks, 0 MB globals, 16 P
gc 6902 @16.667s 10%: 0.10+0.66+0.18 ms clock, 1.6+0.55/1.0/0+2.9 ms cpu, 4->4->2 MB, 4 MB goal, 0 MB stacks, 0 MB globals, 16 P
gc 6903 @16.669s 10%: 0.10+0.74+0.14 ms clock, 1.6+0.55/0.97/0+2.2 ms cpu, 4->5->2 MB, 4 MB goal, 0 MB stacks, 0 MB globals, 16 P
gc 6904 @16.670s 10%: 0.18+0.56+0.12 ms clock, 2.9+0.81/0.84/0+2.0 ms cpu, 4->4->2 MB, 4 MB goal, 0 MB stacks, 0 MB globals, 16 P
gc 6905 @16.672s 10%: 0.11+0.59+0.15 ms clock, 1.8+0.60/1.0/0+2.4 ms cpu, 4->4->2 MB, 4 MB goal, 0 MB stacks, 0 MB globals, 16 P
gc 6906 @16.674s 10%: 0.14+0.62+0.12 ms clock, 2.3+0.76/0.90/0.014+2.0 ms cpu, 4->4->2 MB, 4 MB goal, 0 MB stacks, 0 MB globals, 16 P
gc 6907 @16.676s 10%: 0.10+0.74+0.11 ms clock, 1.6+0.71/1.0/0.027+1.7 ms cpu, 4->5->2 MB, 4 MB goal, 0 MB stacks, 0 MB globals, 16 P
gc 6908 @16.678s 10%: 0.12+0.68+0.11 ms clock, 1.9+0.79/0.80/0+1.8 ms cpu, 4->5->2 MB, 5 MB goal, 0 MB stacks, 0 MB globals, 16 P
gc 6909 @16.680s 10%: 0.11+0.63+0.084 ms clock, 1.7+1.0/1.0/0.006+1.3 ms cpu, 4->4->2 MB, 4 MB goal, 0 MB stacks, 0 MB globals, 16 P
gc 6910 @16.681s 10%: 0.13+0.56+0.12 ms clock, 2.1+0.62/1.0/0.014+1.9 ms cpu, 4->4->2 MB, 4 MB goal, 0 MB stacks, 0 MB globals, 16 P
gc 6911 @16.683s 10%: 0.13+0.72+0.14 ms clock, 2.2+0.73/0.95/0+2.2 ms cpu, 4->4->2 MB, 4 MB goal, 0 MB stacks, 0 MB globals, 16 P
gc 6912 @16.685s 10%: 0.15+0.59+0.17 ms clock, 2.5+0.76/0.88/0+2.7 ms cpu, 4->5->2 MB, 4 MB goal, 0 MB stacks, 0 MB globals, 16 P
gc 6913 @16.687s 10%: 0.11+0.75+0.087 ms clock, 1.8+0.61/0.98/0+1.3 ms cpu, 4->4->2 MB, 4 MB goal, 0 MB stacks, 0 MB globals, 16 P
gc 6914 @16.688s 10%: 0.11+0.53+0.10 ms clock, 1.8+0.61/1.0/0.040+1.6 ms cpu, 4->4->2 MB, 4 MB goal, 0 MB stacks, 0 MB globals, 16 P
gc 6915 @16.690s 10%: 0.16+0.54+0.11 ms clock, 2.7+0.56/0.95/0.007+1.7 ms cpu, 3->4->2 MB, 4 MB goal, 0 MB stacks, 0 MB globals, 16 P
gc 6916 @16.692s 10%: 0.11+0.54+0.064 ms clock, 1.8+0.46/0.85/0.010+1.0 ms cpu, 4->4->2 MB, 4 MB goal, 0 MB stacks, 0 MB globals, 16 P
gc 6917 @16.693s 10%: 0.095+0.60+0.11 ms clock, 1.5+0.84/0.92/0+1.8 ms cpu, 3->4->2 MB, 4 MB goal, 0 MB stacks, 0 MB globals, 16 P
gc 6918 @16.695s 10%: 0.10+0.64+0.15 ms clock, 1.7+0.65/0.97/0.11+2.4 ms cpu, 3->4->2 MB, 4 MB goal, 0 MB stacks, 0 MB globals, 16 P
gc 6919 @16.696s 10%: 0.10+0.74+0.10 ms clock, 1.6+0.70/1.0/0.036+1.6 ms cpu, 3->4->2 MB, 4 MB goal, 0 MB stacks, 0 MB globals, 16 P
gc 6920 @16.698s 10%: 0.14+0.90+0.092 ms clock, 2.3+0.70/0.99/0+1.4 ms cpu, 4->5->2 MB, 4 MB goal, 0 MB stacks, 0 MB globals, 16 P
gc 6921 @16.700s 10%: 0.12+0.59+0.12 ms clock, 2.0+0.54/1.0/0.007+2.0 ms cpu, 4->5->2 MB, 5 MB goal, 0 MB stacks, 0 MB globals, 16 P
gc 6922 @16.702s 10%: 0.14+0.57+0.091 ms clock, 2.3+0.67/0.86/0+1.4 ms cpu, 4->4->2 MB, 4 MB goal, 0 MB stacks, 0 MB globals, 16 P
gc 6923 @16.704s 10%: 0.15+0.61+0.18 ms clock, 2.4+0.69/0.78/0.040+2.9 ms cpu, 3->4->2 MB, 4 MB goal, 0 MB stacks, 0 MB globals, 16 P
gc 6924 @16.705s 10%: 0.12+0.66+0.090 ms clock, 1.9+0.71/1.0/0+1.4 ms cpu, 4->4->2 MB, 4 MB goal, 0 MB stacks, 0 MB globals, 16 P
gc 6925 @16.707s 10%: 0.11+0.74+0.10 ms clock, 1.7+0.69/0.80/0.033+1.7 ms cpu, 4->5->2 MB, 5 MB goal, 0 MB stacks, 0 MB globals, 16 P
gc 6926 @16.709s 10%: 0.14+0.69+0.17 ms clock, 2.3+0.70/1.1/0.015+2.8 ms cpu, 4->4->2 MB, 4 MB goal, 0 MB stacks, 0 MB globals, 16 P
gc 6927 @16.711s 10%: 0.18+0.58+0.15 ms clock, 2.9+0.77/0.91/0+2.4 ms cpu, 4->5->2 MB, 5 MB goal, 0 MB stacks, 0 MB globals, 16 P
gc 6928 @16.713s 10%: 0.13+0.53+0.13 ms clock, 2.1+0.67/0.91/0+2.0 ms cpu, 4->4->2 MB, 4 MB goal, 0 MB stacks, 0 MB globals, 16 P
gc 6929 @16.715s 10%: 0.14+0.58+0.12 ms clock, 2.3+0.71/0.96/0.004+2.0 ms cpu, 3->4->2 MB, 4 MB goal, 0 MB stacks, 0 MB globals, 16 P
gc 6930 @16.716s 10%: 0.14+0.63+0.20 ms clock, 2.2+0.54/0.98/0.002+3.3 ms cpu, 4->5->2 MB, 4 MB goal, 0 MB stacks, 0 MB globals, 16 P
gc 6931 @16.718s 10%: 0.13+0.59+0.18 ms clock, 2.1+0.72/0.97/0.002+2.9 ms cpu, 4->5->2 MB, 5 MB goal, 0 MB stacks, 0 MB globals, 16 P
gc 6932 @16.720s 10%: 0.13+0.70+0.16 ms clock, 2.2+0.59/0.98/0+2.5 ms cpu, 4->4->2 MB, 4 MB goal, 0 MB stacks, 0 MB globals, 16 P
gc 6933 @16.722s 10%: 0.12+0.59+0.12 ms clock, 2.0+0.65/1.0/0.011+2.0 ms cpu, 4->5->2 MB, 5 MB goal, 0 MB stacks, 0 MB globals, 16 P
gc 6934 @16.724s 10%: 0.12+0.72+0.099 ms clock, 1.9+0.74/0.87/0+1.5 ms cpu, 4->5->2 MB, 4 MB goal, 0 MB stacks, 0 MB globals, 16 P
gc 6935 @16.726s 10%: 0.15+0.68+0.093 ms clock, 2.4+0.67/0.99/0+1.4 ms cpu, 4->5->2 MB, 5 MB goal, 0 MB stacks, 0 MB globals, 16 P
gc 6936 @16.728s 10%: 0.094+0.67+0.099 ms clock, 1.5+0.81/0.81/0+1.5 ms cpu, 4->4->2 MB, 4 MB goal, 0 MB stacks, 0 MB globals, 16 P
gc 6937 @16.729s 10%: 0.15+0.63+0.10 ms clock, 2.5+0.87/0.94/0+1.6 ms cpu, 4->4->2 MB, 4 MB goal, 0 MB stacks, 0 MB globals, 16 P
gc 6938 @16.731s 10%: 0.16+0.59+0.22 ms clock, 2.5+0.84/0.83/0+3.6 ms cpu, 4->4->2 MB, 4 MB goal, 0 MB stacks, 0 MB globals, 16 P
gc 6939 @16.733s 10%: 0.11+0.60+0.11 ms clock, 1.8+0.61/1.1/0.001+1.8 ms cpu, 4->4->2 MB, 4 MB goal, 0 MB stacks, 0 MB globals, 16 P
gc 6940 @16.735s 10%: 0.10+0.64+0.081 ms clock, 1.6+0.56/0.98/0.025+1.3 ms cpu, 4->4->2 MB, 4 MB goal, 0 MB stacks, 0 MB globals, 16 P
gc 6941 @16.736s 10%: 0.11+0.48+0.14 ms clock, 1.8+0.62/0.95/0+2.3 ms cpu, 3->4->2 MB, 4 MB goal, 0 MB stacks, 0 MB globals, 16 P
gc 6942 @16.738s 10%: 0.14+0.67+0.10 ms clock, 2.3+0.56/1.1/0+1.6 ms cpu, 3->4->2 MB, 4 MB goal, 0 MB stacks, 0 MB globals, 16 P
gc 6943 @16.740s 10%: 0.13+0.55+0.18 ms clock, 2.1+0.64/0.83/0.028+3.0 ms cpu, 4->4->2 MB, 4 MB goal, 0 MB stacks, 0 MB globals, 16 P
gc 6944 @16.741s 10%: 0.13+0.71+0.056 ms clock, 2.1+0.61/1.0/0.002+0.90 ms cpu, 3->4->2 MB, 4 MB goal, 0 MB stacks, 0 MB globals, 16 P
gc 6945 @16.743s 10%: 0.11+0.80+0.090 ms clock, 1.8+0.50/1.0/0+1.4 ms cpu, 4->4->2 MB, 4 MB goal, 0 MB stacks, 0 MB globals, 16 P
gc 6946 @16.745s 10%: 0.18+0.62+0.20 ms clock, 2.9+0.65/1.0/0+3.2 ms cpu, 4->5->2 MB, 5 MB goal, 0 MB stacks, 0 MB globals, 16 P
gc 6947 @16.747s 10%: 0.11+0.60+0.10 ms clock, 1.8+0.63/1.0/0+1.7 ms cpu, 4->4->2 MB, 4 MB goal, 0 MB stacks, 0 MB globals, 16 P
gc 6948 @16.749s 10%: 0.10+0.60+0.090 ms clock, 1.7+0.69/0.83/0+1.4 ms cpu, 4->4->2 MB, 4 MB goal, 0 MB stacks, 0 MB globals, 16 P
gc 6949 @16.750s 10%: 0.13+0.58+0.19 ms clock, 2.1+0.68/1.0/0+3.0 ms cpu, 3->4->2 MB, 4 MB goal, 0 MB stacks, 0 MB globals, 16 P
gc 6950 @16.752s 10%: 0.16+0.80+0.13 ms clock, 2.6+0.71/0.84/0+2.1 ms cpu, 4->5->2 MB, 4 MB goal, 0 MB stacks, 0 MB globals, 16 P
gc 6951 @16.754s 10%: 0.23+0.70+0.22 ms clock, 3.7+0.70/0.80/0+3.5 ms cpu, 4->5->2 MB, 5 MB goal, 0 MB stacks, 0 MB globals, 16 P
gc 6952 @16.756s 10%: 0.13+0.59+0.11 ms clock, 2.2+0.89/0.86/0+1.7 ms cpu, 4->5->2 MB, 5 MB goal, 0 MB stacks, 0 MB globals, 16 P
gc 6953 @16.758s 10%: 0.16+0.55+0.15 ms clock, 2.5+0.54/1.0/0.092+2.4 ms cpu, 4->4->2 MB, 5 MB goal, 0 MB stacks, 0 MB globals, 16 P
gc 6954 @16.760s 10%: 0.16+0.64+0.17 ms clock, 2.5+0.59/1.0/0.001+2.8 ms cpu, 3->4->2 MB, 4 MB goal, 0 MB stacks, 0 MB globals, 16 P
gc 6955 @16.761s 10%: 0.27+0.73+0.10 ms clock, 4.4+0.82/0.84/0+1.6 ms cpu, 4->5->2 MB, 4 MB goal, 0 MB stacks, 0 MB globals, 16 P
gc 6956 @16.764s 10%: 0.12+0.74+0.10 ms clock, 1.9+0.69/0.82/0.031+1.7 ms cpu, 4->5->2 MB, 5 MB goal, 0 MB stacks, 0 MB globals, 16 P
gc 6957 @16.766s 10%: 0.16+0.58+0.17 ms clock, 2.6+0.59/0.94/0+2.7 ms cpu, 4->5->2 MB, 5 MB goal, 0 MB stacks, 0 MB globals, 16 P
gc 6958 @16.768s 10%: 0.11+0.58+0.15 ms clock, 1.8+0.65/0.93/0+2.4 ms cpu, 4->4->2 MB, 4 MB goal, 0 MB stacks, 0 MB globals, 16 P
gc 6959 @16.769s 10%: 0.16+0.72+0.13 ms clock, 2.6+0.71/1.0/0+2.2 ms cpu, 4->4->2 MB, 4 MB goal, 0 MB stacks, 0 MB globals, 16 P
gc 6960 @16.771s 10%: 0.11+0.68+0.075 ms clock, 1.8+0.60/0.92/0+1.2 ms cpu, 4->5->2 MB, 5 MB goal, 0 MB stacks, 0 MB globals, 16 P
gc 6961 @16.773s 10%: 0.14+0.56+0.089 ms clock, 2.3+0.57/0.98/0.008+1.4 ms cpu, 4->4->2 MB, 4 MB goal, 0 MB stacks, 0 MB globals, 16 P
gc 6962 @16.775s 10%: 0.10+0.71+0.11 ms clock, 1.6+0.72/1.0/0+1.8 ms cpu, 4->4->2 MB, 4 MB goal, 0 MB stacks, 0 MB globals, 16 P
gc 6963 @16.777s 10%: 0.22+0.72+0.22 ms clock, 3.5+0.74/0.90/0+3.6 ms cpu, 4->5->2 MB, 5 MB goal, 0 MB stacks, 0 MB globals, 16 P
gc 6964 @16.779s 10%: 0.13+0.75+0.11 ms clock, 2.2+0.62/1.0/0+1.8 ms cpu, 4->5->2 MB, 5 MB goal, 0 MB stacks, 0 MB globals, 16 P
gc 6965 @16.781s 10%: 0.15+0.78+0.097 ms clock, 2.4+0.76/1.1/0+1.5 ms cpu, 4->5->2 MB, 5 MB goal, 0 MB stacks, 0 MB globals, 16 P
gc 6966 @16.783s 10%: 0.13+0.66+0.11 ms clock, 2.1+0.66/1.1/0.017+1.8 ms cpu, 4->5->2 MB, 5 MB goal, 0 MB stacks, 0 MB globals, 16 P
gc 6967 @16.785s 10%: 0.14+0.70+0.019 ms clock, 2.3+0.68/0.89/0+0.31 ms cpu, 4->5->2 MB, 5 MB goal, 0 MB stacks, 0 MB globals, 16 P
gc 6968 @16.787s 10%: 0.090+0.69+0.074 ms clock, 1.4+0.63/1.1/0.010+1.1 ms cpu, 4->4->2 MB, 4 MB goal, 0 MB stacks, 0 MB globals, 16 P
gc 6969 @16.789s 10%: 0.14+0.53+0.16 ms clock, 2.2+0.92/0.80/0+2.6 ms cpu, 4->4->2 MB, 4 MB goal, 0 MB stacks, 0 MB globals, 16 P
gc 6970 @16.790s 10%: 0.13+0.58+0.086 ms clock, 2.1+0.58/1.0/0+1.3 ms cpu, 3->4->2 MB, 4 MB goal, 0 MB stacks, 0 MB globals, 16 P
gc 6971 @16.792s 10%: 0.13+0.57+0.19 ms clock, 2.2+0.73/0.94/0+3.1 ms cpu, 3->4->2 MB, 4 MB goal, 0 MB stacks, 0 MB globals, 16 P
gc 6972 @16.794s 10%: 0.18+0.64+0.13 ms clock, 2.9+0.64/1.0/0+2.1 ms cpu, 4->4->2 MB, 4 MB goal, 0 MB stacks, 0 MB globals, 16 P
gc 6973 @16.795s 10%: 0.12+0.52+0.15 ms clock, 2.0+0.57/1.0/0.024+2.5 ms cpu, 4->4->2 MB, 4 MB goal, 0 MB stacks, 0 MB globals, 16 P
gc 6974 @16.797s 10%: 0.11+0.62+0.15 ms clock, 1.8+0.62/1.0/0+2.4 ms cpu, 3->4->2 MB, 4 MB goal, 0 MB stacks, 0 MB globals, 16 P
gc 6975 @16.799s 10%: 0.12+0.70+0.15 ms clock, 1.9+0.51/1.2/0+2.4 ms cpu, 4->5->2 MB, 5 MB goal, 0 MB stacks, 0 MB globals, 16 P
gc 6976 @16.800s 10%: 0.10+0.57+0.15 ms clock, 1.7+0.49/0.98/0+2.5 ms cpu, 4->5->2 MB, 5 MB goal, 0 MB stacks, 0 MB globals, 16 P
gc 6977 @16.802s 10%: 0.18+0.69+0.027 ms clock, 3.0+0.67/1.0/0+0.43 ms cpu, 3->4->2 MB, 4 MB goal, 0 MB stacks, 0 MB globals, 16 P
gc 6978 @16.804s 10%: 0.13+0.73+0.099 ms clock, 2.2+0.62/0.96/0.016+1.5 ms cpu, 4->5->2 MB, 5 MB goal, 0 MB stacks, 0 MB globals, 16 P
gc 6979 @16.806s 10%: 0.16+0.60+0.14 ms clock, 2.5+0.64/1.0/0.016+2.2 ms cpu, 4->5->2 MB, 5 MB goal, 0 MB stacks, 0 MB globals, 16 P
gc 6980 @16.808s 10%: 0.18+0.68+0.097 ms clock, 2.9+0.74/0.94/0+1.5 ms cpu, 4->5->2 MB, 4 MB goal, 0 MB stacks, 0 MB globals, 16 P
gc 6981 @16.810s 10%: 0.11+0.66+0.15 ms clock, 1.8+0.65/0.96/0+2.4 ms cpu, 4->4->2 MB, 4 MB goal, 0 MB stacks, 0 MB globals, 16 P
gc 6982 @16.812s 10%: 0.086+0.50+0.19 ms clock, 1.3+0.70/0.89/0.005+3.0 ms cpu, 4->4->2 MB, 5 MB goal, 0 MB stacks, 0 MB globals, 16 P
gc 6983 @16.813s 10%: 0.17+0.59+0.16 ms clock, 2.8+0.72/0.95/0+2.5 ms cpu, 3->4->2 MB, 4 MB goal, 0 MB stacks, 0 MB globals, 16 P
gc 6984 @16.815s 10%: 0.11+0.65+0.11 ms clock, 1.7+0.62/0.99/0.005+1.8 ms cpu, 4->5->2 MB, 5 MB goal, 0 MB stacks, 0 MB globals, 16 P
gc 6985 @16.817s 10%: 0.19+0.87+0.070 ms clock, 3.1+0.70/0.87/0.073+1.1 ms cpu, 4->5->2 MB, 4 MB goal, 0 MB stacks, 0 MB globals, 16 P
gc 6986 @16.819s 10%: 0.20+0.52+0.27 ms clock, 3.2+0.70/0.92/0+4.3 ms cpu, 4->5->2 MB, 5 MB goal, 0 MB stacks, 0 MB globals, 16 P
gc 6987 @16.821s 10%: 0.18+0.61+0.11 ms clock, 3.0+0.64/0.94/0+1.7 ms cpu, 4->5->2 MB, 4 MB goal, 0 MB stacks, 0 MB globals, 16 P
gc 6988 @16.823s 10%: 0.16+0.70+0.13 ms clock, 2.6+0.70/0.98/0+2.1 ms cpu, 4->5->2 MB, 5 MB goal, 0 MB stacks, 0 MB globals, 16 P
gc 6989 @16.825s 10%: 0.15+0.68+0.29 ms clock, 2.5+0.70/1.0/0.006+4.6 ms cpu, 4->5->2 MB, 4 MB goal, 0 MB stacks, 0 MB globals, 16 P
gc 6990 @16.827s 10%: 0.15+0.78+0.10 ms clock, 2.4+0.63/0.93/0+1.6 ms cpu, 4->5->2 MB, 5 MB goal, 0 MB stacks, 0 MB globals, 16 P
gc 6991 @16.829s 10%: 0.10+0.49+0.16 ms clock, 1.6+0.76/0.82/0.029+2.6 ms cpu, 4->4->1 MB, 5 MB goal, 0 MB stacks, 0 MB globals, 16 P
gc 6992 @16.830s 10%: 0.14+0.57+0.16 ms clock, 2.2+0.50/1.0/0+2.6 ms cpu, 3->4->2 MB, 4 MB goal, 0 MB stacks, 0 MB globals, 16 P
gc 6993 @16.832s 10%: 0.15+0.72+0.15 ms clock, 2.4+0.76/0.88/0+2.5 ms cpu, 4->5->2 MB, 5 MB goal, 0 MB stacks, 0 MB globals, 16 P
gc 6994 @16.834s 10%: 0.18+0.55+0.22 ms clock, 2.9+0.84/0.82/0+3.5 ms cpu, 4->5->2 MB, 5 MB goal, 0 MB stacks, 0 MB globals, 16 P
gc 6995 @16.836s 10%: 0.13+0.72+0.090 ms clock, 2.1+0.63/1.0/0+1.4 ms cpu, 4->5->2 MB, 5 MB goal, 0 MB stacks, 0 MB globals, 16 P
gc 6996 @16.838s 10%: 0.14+0.60+0.091 ms clock, 2.2+0.65/0.82/0+1.4 ms cpu, 4->5->2 MB, 5 MB goal, 0 MB stacks, 0 MB globals, 16 P
gc 6997 @16.840s 10%: 0.14+0.66+0.11 ms clock, 2.3+0.74/0.96/0+1.8 ms cpu, 3->4->2 MB, 4 MB goal, 0 MB stacks, 0 MB globals, 16 P
gc 6998 @16.842s 10%: 0.10+0.71+0.098 ms clock, 1.7+0.67/1.0/0.011+1.5 ms cpu, 4->5->2 MB, 4 MB goal, 0 MB stacks, 0 MB globals, 16 P
gc 6999 @16.843s 10%: 0.13+0.56+0.10 ms clock, 2.1+0.71/0.82/0.003+1.7 ms cpu, 4->4->2 MB, 5 MB goal, 0 MB stacks, 0 MB globals, 16 P
gc 7000 @16.845s 10%: 0.14+0.73+0.10 ms clock, 2.3+0.73/0.97/0+1.7 ms cpu, 3->4->2 MB, 4 MB goal, 0 MB stacks, 0 MB globals, 16 P
gc 7001 @16.847s 10%: 0.13+0.74+0.13 ms clock, 2.1+0.74/0.88/0.005+2.1 ms cpu, 4->5->2 MB, 5 MB goal, 0 MB stacks, 0 MB globals, 16 P
gc 7002 @16.849s 10%: 0.17+0.68+0.14 ms clock, 2.8+0.66/1.0/0+2.3 ms cpu, 4->5->2 MB, 5 MB goal, 0 MB stacks, 0 MB globals, 16 P
gc 7003 @16.851s 10%: 0.13+0.68+0.13 ms clock, 2.1+0.81/1.1/0+2.2 ms cpu, 4->5->2 MB, 4 MB goal, 0 MB stacks, 0 MB globals, 16 P
gc 7004 @16.853s 10%: 0.11+0.55+0.12 ms clock, 1.8+0.54/0.88/0.003+2.0 ms cpu, 4->5->2 MB, 5 MB goal, 0 MB stacks, 0 MB globals, 16 P
gc 7005 @16.855s 10%: 0.17+0.77+0.090 ms clock, 2.8+0.65/0.88/0.004+1.4 ms cpu, 4->5->2 MB, 4 MB goal, 0 MB stacks, 0 MB globals, 16 P
gc 7006 @16.857s 10%: 0.13+0.72+0.19 ms clock, 2.1+0.78/0.92/0+3.1 ms cpu, 4->5->2 MB, 5 MB goal, 0 MB stacks, 0 MB globals, 16 P
gc 7007 @16.859s 10%: 0.19+0.49+0.12 ms clock, 3.0+0.69/1.0/0+1.9 ms cpu, 4->5->2 MB, 5 MB goal, 0 MB stacks, 0 MB globals, 16 P
gc 7008 @16.860s 10%: 0.18+0.63+0.085 ms clock, 2.9+0.46/0.88/0+1.3 ms cpu, 3->4->2 MB, 4 MB goal, 0 MB stacks, 0 MB globals, 16 P
gc 7009 @16.862s 10%: 0.12+0.62+0.087 ms clock, 2.0+0.58/0.89/0.003+1.4 ms cpu, 4->4->2 MB, 4 MB goal, 0 MB stacks, 0 MB globals, 16 P
gc 7010 @16.864s 10%: 0.18+0.69+0.13 ms clock, 2.9+0.55/1.0/0+2.1 ms cpu, 4->5->2 MB, 4 MB goal, 0 MB stacks, 0 MB globals, 16 P
gc 7011 @16.866s 10%: 0.10+0.63+0.11 ms clock, 1.7+0.56/0.93/0+1.7 ms cpu, 4->5->2 MB, 5 MB goal, 0 MB stacks, 0 MB globals, 16 P
gc 7012 @16.868s 10%: 0.10+0.54+0.17 ms clock, 1.7+0.48/1.0/0+2.7 ms cpu, 4->4->2 MB, 4 MB goal, 0 MB stacks, 0 MB globals, 16 P
gc 7013 @16.869s 10%: 0.12+0.51+0.12 ms clock, 1.9+0.83/0.84/0+1.9 ms cpu, 3->4->2 MB, 4 MB goal, 0 MB stacks, 0 MB globals, 16 P
gc 7014 @16.871s 10%: 0.12+0.78+0.10 ms clock, 1.9+0.51/0.91/0+1.7 ms cpu, 3->4->2 MB, 4 MB goal, 0 MB stacks, 0 MB globals, 16 P
gc 7015 @16.873s 10%: 0.13+0.71+0.098 ms clock, 2.1+0.74/0.99/0+1.5 ms cpu, 4->5->2 MB, 4 MB goal, 0 MB stacks, 0 MB globals, 16 P
gc 7016 @16.875s 10%: 0.12+0.66+0.14 ms clock, 1.9+0.68/0.99/0+2.2 ms cpu, 4->5->2 MB, 4 MB goal, 0 MB stacks, 0 MB globals, 16 P
gc 7017 @16.877s 10%: 0.14+0.88+0.077 ms clock, 2.3+0.72/0.98/0+1.2 ms cpu, 4->5->2 MB, 5 MB goal, 0 MB stacks, 0 MB globals, 16 P
gc 7018 @16.879s 10%: 0.099+0.61+0.10 ms clock, 1.5+0.66/0.97/0+1.7 ms cpu, 4->5->2 MB, 5 MB goal, 0 MB stacks, 0 MB globals, 16 P
gc 7019 @16.881s 10%: 0.13+0.81+0.058 ms clock, 2.2+0.52/1.0/0.012+0.93 ms cpu, 4->5->2 MB, 4 MB goal, 0 MB stacks, 0 MB globals, 16 P
gc 7020 @16.883s 10%: 0.069+0.78+0.088 ms clock, 1.1+0.57/1.0/0.053+1.4 ms cpu, 4->5->2 MB, 5 MB goal, 0 MB stacks, 0 MB globals, 16 P
gc 7021 @16.885s 10%: 0.10+0.54+0.098 ms clock, 1.7+0.70/0.90/0.001+1.5 ms cpu, 4->5->2 MB, 5 MB goal, 0 MB stacks, 0 MB globals, 16 P
gc 7022 @16.886s 10%: 0.11+0.61+0.13 ms clock, 1.7+0.66/0.85/0+2.1 ms cpu, 3->4->2 MB, 4 MB goal, 0 MB stacks, 0 MB globals, 16 P
gc 7023 @16.888s 10%: 0.14+0.64+0.16 ms clock, 2.2+0.80/0.89/0.037+2.6 ms cpu, 3->4->2 MB, 4 MB goal, 0 MB stacks, 0 MB globals, 16 P
gc 7024 @16.890s 10%: 0.20+0.56+0.15 ms clock, 3.2+0.71/0.89/0+2.5 ms cpu, 4->4->2 MB, 4 MB goal, 0 MB stacks, 0 MB globals, 16 P
gc 7025 @16.891s 10%: 0.15+0.74+0.086 ms clock, 2.4+0.73/1.0/0+1.3 ms cpu, 4->5->2 MB, 4 MB goal, 0 MB stacks, 0 MB globals, 16 P
gc 7026 @16.894s 10%: 0.15+0.78+0.20 ms clock, 2.4+0.62/0.91/0.057+3.2 ms cpu, 4->5->2 MB, 5 MB goal, 0 MB stacks, 0 MB globals, 16 P
gc 7027 @16.896s 10%: 0.12+0.70+0.099 ms clock, 2.0+0.48/1.0/0.002+1.5 ms cpu, 4->5->2 MB, 5 MB goal, 0 MB stacks, 0 MB globals, 16 P
gc 7028 @16.897s 10%: 0.15+0.76+0.13 ms clock, 2.4+0.64/0.93/0.042+2.0 ms cpu, 4->4->2 MB, 4 MB goal, 0 MB stacks, 0 MB globals, 16 P
gc 7029 @16.899s 10%: 0.13+0.77+0.093 ms clock, 2.2+0.53/0.96/0+1.4 ms cpu, 4->4->2 MB, 4 MB goal, 0 MB stacks, 0 MB globals, 16 P
gc 7030 @16.901s 10%: 0.13+0.52+0.12 ms clock, 2.1+0.76/0.94/0+1.9 ms cpu, 4->5->2 MB, 5 MB goal, 0 MB stacks, 0 MB globals, 16 P
gc 7031 @16.903s 10%: 0.077+0.70+0.10 ms clock, 1.2+0.76/0.85/0.007+1.7 ms cpu, 3->4->2 MB, 4 MB goal, 0 MB stacks, 0 MB globals, 16 P
gc 7032 @16.905s 10%: 0.14+0.66+0.17 ms clock, 2.3+0.61/1.0/0+2.7 ms cpu, 4->5->2 MB, 4 MB goal, 0 MB stacks, 0 MB globals, 16 P
gc 7033 @16.907s 10%: 0.12+0.83+0.076 ms clock, 2.0+0.58/1.1/0+1.2 ms cpu, 4->5->2 MB, 5 MB goal, 0 MB stacks, 0 MB globals, 16 P
gc 7034 @16.909s 10%: 0.15+0.81+0.084 ms clock, 2.4+0.73/1.0/0+1.3 ms cpu, 4->5->2 MB, 5 MB goal, 0 MB stacks, 0 MB globals, 16 P
gc 7035 @16.911s 10%: 0.11+0.51+0.12 ms clock, 1.8+0.62/0.89/0.011+1.9 ms cpu, 4->5->2 MB, 5 MB goal, 0 MB stacks, 0 MB globals, 16 P
gc 7036 @16.913s 10%: 0.15+0.54+0.11 ms clock, 2.4+0.72/0.99/0.068+1.7 ms cpu, 3->4->2 MB, 4 MB goal, 0 MB stacks, 0 MB globals, 16 P
gc 7037 @16.914s 10%: 0.12+0.56+0.097 ms clock, 1.9+0.68/0.98/0.021+1.5 ms cpu, 4->4->2 MB, 4 MB goal, 0 MB stacks, 0 MB globals, 16 P
gc 7038 @16.916s 10%: 0.17+0.60+0.19 ms clock, 2.8+0.70/0.90/0+3.0 ms cpu, 4->5->2 MB, 4 MB goal, 0 MB stacks, 0 MB globals, 16 P
gc 7039 @16.918s 10%: 0.11+0.75+0.17 ms clock, 1.8+0.53/1.0/0.001+2.7 ms cpu, 4->5->2 MB, 5 MB goal, 0 MB stacks, 0 MB globals, 16 P
gc 7040 @16.920s 10%: 0.13+0.62+0.13 ms clock, 2.1+0.74/0.89/0+2.1 ms cpu, 4->5->2 MB, 5 MB goal, 0 MB stacks, 0 MB globals, 16 P
gc 7041 @16.922s 10%: 0.11+0.71+0.087 ms clock, 1.8+0.63/0.94/0.009+1.4 ms cpu, 3->4->2 MB, 4 MB goal, 0 MB stacks, 0 MB globals, 16 P
gc 7042 @16.924s 10%: 0.10+0.82+0.11 ms clock, 1.7+0.50/1.1/0+1.8 ms cpu, 4->5->2 MB, 4 MB goal, 0 MB stacks, 0 MB globals, 16 P
gc 7043 @16.926s 10%: 0.14+0.68+0.16 ms clock, 2.3+0.71/0.96/0+2.6 ms cpu, 4->5->2 MB, 5 MB goal, 0 MB stacks, 0 MB globals, 16 P
gc 7044 @16.928s 10%: 0.14+0.61+0.17 ms clock, 2.3+0.77/1.0/0+2.7 ms cpu, 4->5->2 MB, 5 MB goal, 0 MB stacks, 0 MB globals, 16 P
gc 7045 @16.930s 10%: 0.11+0.82+0.10 ms clock, 1.8+0.48/0.85/0.11+1.7 ms cpu, 4->4->2 MB, 4 MB goal, 0 MB stacks, 0 MB globals, 16 P
gc 7046 @16.932s 10%: 0.17+0.66+0.19 ms clock, 2.7+0.69/1.0/0+3.0 ms cpu, 4->5->2 MB, 4 MB goal, 0 MB stacks, 0 MB globals, 16 P
gc 7047 @16.934s 10%: 0.11+0.52+0.14 ms clock, 1.8+0.63/0.91/0+2.2 ms cpu, 4->5->2 MB, 5 MB goal, 0 MB stacks, 0 MB globals, 16 P
gc 7048 @16.936s 10%: 0.19+0.62+0.10 ms clock, 3.0+0.77/0.91/0+1.7 ms cpu, 4->4->2 MB, 4 MB goal, 0 MB stacks, 0 MB globals, 16 P
gc 7049 @16.937s 10%: 0.20+0.59+0.10 ms clock, 3.2+0.55/1.0/0+1.7 ms cpu, 4->5->2 MB, 5 MB goal, 0 MB stacks, 0 MB globals, 16 P
gc 7050 @16.939s 10%: 0.10+0.51+0.072 ms clock, 1.6+0.63/0.81/0+1.1 ms cpu, 4->4->2 MB, 4 MB goal, 0 MB stacks, 0 MB globals, 16 P
gc 7051 @16.941s 10%: 0.19+0.52+0.081 ms clock, 3.0+0.61/1.0/0+1.3 ms cpu, 3->4->2 MB, 4 MB goal, 0 MB stacks, 0 MB globals, 16 P
gc 7052 @16.942s 10%: 0.12+0.53+0.10 ms clock, 2.0+0.65/0.96/0+1.7 ms cpu, 4->4->2 MB, 4 MB goal, 0 MB stacks, 0 MB globals, 16 P
gc 7053 @16.944s 10%: 0.12+0.73+0.091 ms clock, 2.0+0.62/0.87/0.054+1.4 ms cpu, 3->4->2 MB, 4 MB goal, 0 MB stacks, 0 MB globals, 16 P
gc 7054 @16.946s 10%: 0.18+0.68+0.16 ms clock, 3.0+0.72/0.82/0.034+2.6 ms cpu, 4->5->2 MB, 4 MB goal, 0 MB stacks, 0 MB globals, 16 P
gc 7055 @16.948s 10%: 0.11+0.71+0.046 ms clock, 1.7+0.65/0.89/0.041+0.74 ms cpu, 4->5->2 MB, 5 MB goal, 0 MB stacks, 0 MB globals, 16 P
gc 7056 @16.949s 10%: 0.16+0.76+0.12 ms clock, 2.6+0.63/0.99/0+1.9 ms cpu, 4->5->2 MB, 4 MB goal, 0 MB stacks, 0 MB globals, 16 P
gc 7057 @16.952s 10%: 0.10+0.69+0.10 ms clock, 1.7+0.66/0.89/0+1.6 ms cpu, 4->5->2 MB, 5 MB goal, 0 MB stacks, 0 MB globals, 16 P
gc 7058 @16.954s 10%: 0.13+0.78+0.090 ms clock, 2.1+0.72/0.93/0+1.4 ms cpu, 4->5->2 MB, 5 MB goal, 0 MB stacks, 0 MB globals, 16 P
gc 7059 @16.956s 10%: 0.11+0.60+0.16 ms clock, 1.7+0.69/0.91/0+2.6 ms cpu, 4->5->2 MB, 5 MB goal, 0 MB stacks, 0 MB globals, 16 P
gc 7060 @16.957s 10%: 0.16+0.67+0.12 ms clock, 2.5+0.84/1.1/0.005+1.9 ms cpu, 4->5->2 MB, 5 MB goal, 0 MB stacks, 0 MB globals, 16 P
gc 7061 @16.959s 10%: 0.21+0.66+0.17 ms clock, 3.4+0.94/0.72/0+2.8 ms cpu, 4->5->2 MB, 5 MB goal, 0 MB stacks, 0 MB globals, 16 P
gc 7062 @16.962s 10%: 0.11+0.70+0.099 ms clock, 1.9+0.56/0.95/0+1.5 ms cpu, 4->5->2 MB, 5 MB goal, 0 MB stacks, 0 MB globals, 16 P
gc 7063 @16.964s 10%: 0.14+0.89+0.098 ms clock, 2.3+0.72/0.89/0.008+1.5 ms cpu, 4->5->2 MB, 4 MB goal, 0 MB stacks, 0 MB globals, 16 P
gc 7064 @16.966s 10%: 0.13+0.64+0.16 ms clock, 2.0+0.62/0.93/0+2.6 ms cpu, 4->5->2 MB, 5 MB goal, 0 MB stacks, 0 MB globals, 16 P
gc 7065 @16.968s 10%: 0.18+0.59+0.15 ms clock, 2.9+0.64/0.95/0+2.4 ms cpu, 4->5->2 MB, 5 MB goal, 0 MB stacks, 0 MB globals, 16 P
gc 7066 @16.970s 10%: 0.17+0.93+0.085 ms clock, 2.8+0.71/0.91/0+1.3 ms cpu, 4->5->2 MB, 4 MB goal, 0 MB stacks, 0 MB globals, 16 P
gc 7067 @16.972s 10%: 0.21+0.81+0.11 ms clock, 3.4+0.65/1.1/0+1.9 ms cpu, 4->5->2 MB, 5 MB goal, 0 MB stacks, 0 MB globals, 16 P
gc 7068 @16.974s 10%: 0.11+0.68+0.21 ms clock, 1.8+0.73/0.95/0+3.3 ms cpu, 4->5->2 MB, 5 MB goal, 0 MB stacks, 0 MB globals, 16 P
gc 7069 @16.976s 10%: 0.22+0.55+0.17 ms clock, 3.6+0.76/0.91/0.006+2.7 ms cpu, 4->4->2 MB, 4 MB goal, 0 MB stacks, 0 MB globals, 16 P
gc 7070 @16.978s 10%: 0.12+0.60+0.087 ms clock, 1.9+0.64/0.93/0+1.3 ms cpu, 4->4->2 MB, 4 MB goal, 0 MB stacks, 0 MB globals, 16 P
gc 7071 @16.980s 10%: 0.12+0.54+0.19 ms clock, 2.0+0.76/0.88/0+3.1 ms cpu, 4->4->2 MB, 4 MB goal, 0 MB stacks, 0 MB globals, 16 P
gc 7072 @16.981s 10%: 0.17+0.61+0.14 ms clock, 2.8+0.85/0.85/0.001+2.2 ms cpu, 3->4->2 MB, 4 MB goal, 0 MB stacks, 0 MB globals, 16 P
gc 7073 @16.983s 10%: 0.10+0.71+0.19 ms clock, 1.6+0.70/0.93/0.002+3.1 ms cpu, 4->5->2 MB, 5 MB goal, 0 MB stacks, 0 MB globals, 16 P
gc 7074 @16.985s 10%: 0.17+0.87+0.086 ms clock, 2.7+0.51/1.0/0+1.3 ms cpu, 4->5->2 MB, 5 MB goal, 0 MB stacks, 0 MB globals, 16 P
gc 7075 @16.987s 10%: 0.089+0.75+0.11 ms clock, 1.4+0.64/1.1/0+1.8 ms cpu, 4->5->2 MB, 4 MB goal, 0 MB stacks, 0 MB globals, 16 P
gc 7076 @16.989s 10%: 0.12+0.72+0.17 ms clock, 1.9+0.52/1.1/0+2.8 ms cpu, 4->5->2 MB, 5 MB goal, 0 MB stacks, 0 MB globals, 16 P
gc 7077 @16.991s 10%: 0.14+0.52+0.16 ms clock, 2.3+0.95/0.88/0+2.5 ms cpu, 4->5->2 MB, 5 MB goal, 0 MB stacks, 0 MB globals, 16 P
gc 7078 @16.992s 10%: 0.14+0.69+0.10 ms clock, 2.3+0.64/0.97/0+1.7 ms cpu, 3->4->2 MB, 4 MB goal, 0 MB stacks, 0 MB globals, 16 P
gc 7079 @16.995s 10%: 0.11+0.56+0.094 ms clock, 1.7+0.67/0.94/0+1.5 ms cpu, 4->5->2 MB, 5 MB goal, 0 MB stacks, 0 MB globals, 16 P
gc 7080 @16.996s 10%: 0.11+0.73+0.10 ms clock, 1.7+0.51/1.2/0+1.6 ms cpu, 3->4->2 MB, 4 MB goal, 0 MB stacks, 0 MB globals, 16 P
gc 7081 @16.998s 10%: 0.19+0.66+0.11 ms clock, 3.0+0.75/0.97/0+1.8 ms cpu, 4->5->2 MB, 4 MB goal, 0 MB stacks, 0 MB globals, 16 P
gc 7082 @17.000s 10%: 0.10+0.76+0.13 ms clock, 1.7+0.68/1.0/0+2.2 ms cpu, 4->5->2 MB, 5 MB goal, 0 MB stacks, 0 MB globals, 16 P
gc 7083 @17.002s 10%: 0.14+0.97+0.087 ms clock, 2.2+0.70/0.98/0.004+1.4 ms cpu, 4->5->2 MB, 5 MB goal, 0 MB stacks, 0 MB globals, 16 P
gc 7084 @17.004s 10%: 0.11+0.67+0.23 ms clock, 1.8+0.59/1.1/0.001+3.7 ms cpu, 4->5->2 MB, 5 MB goal, 0 MB stacks, 0 MB globals, 16 P
gc 7085 @17.006s 10%: 0.13+0.58+0.19 ms clock, 2.1+0.71/0.92/0.012+3.1 ms cpu, 4->4->2 MB, 5 MB goal, 0 MB stacks, 0 MB globals, 16 P
gc 7086 @17.008s 10%: 0.13+0.63+0.15 ms clock, 2.1+0.74/1.0/0+2.5 ms cpu, 4->4->2 MB, 4 MB goal, 0 MB stacks, 0 MB globals, 16 P
gc 7087 @17.010s 10%: 0.18+0.59+0.19 ms clock, 2.9+0.62/1.0/0+3.0 ms cpu, 4->5->2 MB, 4 MB goal, 0 MB stacks, 0 MB globals, 16 P
gc 7088 @17.012s 10%: 0.13+0.57+0.15 ms clock, 2.2+0.96/0.81/0.002+2.5 ms cpu, 4->4->2 MB, 5 MB goal, 0 MB stacks, 0 MB globals, 16 P
gc 7089 @17.013s 10%: 0.17+0.67+0.18 ms clock, 2.7+0.80/0.81/0+2.9 ms cpu, 3->4->2 MB, 4 MB goal, 0 MB stacks, 0 MB globals, 16 P
gc 7090 @17.015s 10%: 0.15+0.63+0.15 ms clock, 2.4+0.64/0.95/0+2.4 ms cpu, 4->5->2 MB, 5 MB goal, 0 MB stacks, 0 MB globals, 16 P
gc 7091 @17.017s 10%: 0.096+0.74+0.076 ms clock, 1.5+0.60/1.0/0.004+1.2 ms cpu, 4->5->2 MB, 5 MB goal, 0 MB stacks, 0 MB globals, 16 P
gc 7092 @17.019s 10%: 0.11+0.52+0.17 ms clock, 1.8+0.73/0.88/0+2.8 ms cpu, 4->4->2 MB, 5 MB goal, 0 MB stacks, 0 MB globals, 16 P
gc 7093 @17.021s 10%: 0.17+0.85+0.16 ms clock, 2.8+0.75/0.91/0.004+2.7 ms cpu, 3->5->2 MB, 4 MB goal, 0 MB stacks, 0 MB globals, 16 P
gc 7094 @17.023s 10%: 0.26+0.87+0.11 ms clock, 4.1+0.70/0.97/0+1.8 ms cpu, 4->5->2 MB, 5 MB goal, 0 MB stacks, 0 MB globals, 16 P
gc 7095 @17.025s 10%: 0.22+0.59+0.11 ms clock, 3.5+0.68/0.96/0+1.8 ms cpu, 4->5->2 MB, 5 MB goal, 0 MB stacks, 0 MB globals, 16 P
gc 7096 @17.027s 10%: 0.13+0.70+0.11 ms clock, 2.1+0.60/1.0/0.052+1.8 ms cpu, 4->5->2 MB, 4 MB goal, 0 MB stacks, 0 MB globals, 16 P
gc 7097 @17.029s 10%: 0.10+0.66+0.10 ms clock, 1.7+0.62/1.0/0.013+1.6 ms cpu, 4->5->2 MB, 5 MB goal, 0 MB stacks, 0 MB globals, 16 P
gc 7098 @17.031s 10%: 0.10+0.62+0.11 ms clock, 1.7+0.61/0.94/0+1.8 ms cpu, 4->5->2 MB, 5 MB goal, 0 MB stacks, 0 MB globals, 16 P
gc 7099 @17.033s 10%: 0.21+0.70+0.090 ms clock, 3.4+0.68/0.94/0.002+1.4 ms cpu, 4->4->2 MB, 4 MB goal, 0 MB stacks, 0 MB globals, 16 P
gc 7100 @17.035s 10%: 0.12+0.60+0.083 ms clock, 2.0+0.54/1.0/0.049+1.3 ms cpu, 4->5->2 MB, 4 MB goal, 0 MB stacks, 0 MB globals, 16 P
gc 7101 @17.037s 10%: 0.097+0.59+0.14 ms clock, 1.5+0.63/0.93/0.004+2.3 ms cpu, 4->4->2 MB, 4 MB goal, 0 MB stacks, 0 MB globals, 16 P
gc 7102 @17.038s 10%: 0.16+0.61+0.20 ms clock, 2.6+0.70/0.85/0+3.2 ms cpu, 4->4->2 MB, 4 MB goal, 0 MB stacks, 0 MB globals, 16 P
gc 7103 @17.040s 10%: 0.11+0.72+0.12 ms clock, 1.8+0.55/1.1/0+1.9 ms cpu, 4->5->2 MB, 4 MB goal, 0 MB stacks, 0 MB globals, 16 P
gc 7104 @17.042s 10%: 0.089+0.64+0.18 ms clock, 1.4+0.56/1.0/0+2.9 ms cpu, 4->5->2 MB, 4 MB goal, 0 MB stacks, 0 MB globals, 16 P
gc 7105 @17.044s 10%: 0.14+0.58+0.14 ms clock, 2.3+0.51/0.97/0+2.3 ms cpu, 4->4->2 MB, 4 MB goal, 0 MB stacks, 0 MB globals, 16 P
gc 7106 @17.046s 10%: 0.17+0.55+0.13 ms clock, 2.7+0.57/1.0/0+2.1 ms cpu, 4->4->2 MB, 4 MB goal, 0 MB stacks, 0 MB globals, 16 P
gc 7107 @17.047s 10%: 0.12+0.71+0.11 ms clock, 1.9+0.70/1.0/0+1.7 ms cpu, 3->4->2 MB, 4 MB goal, 0 MB stacks, 0 MB globals, 16 P
gc 7108 @17.049s 10%: 0.093+0.59+0.12 ms clock, 1.5+0.62/1.0/0+1.9 ms cpu, 4->5->2 MB, 5 MB goal, 0 MB stacks, 0 MB globals, 16 P
gc 7109 @17.051s 10%: 0.10+0.73+0.17 ms clock, 1.7+0.63/1.1/0+2.7 ms cpu, 3->4->2 MB, 4 MB goal, 0 MB stacks, 0 MB globals, 16 P
gc 7110 @17.053s 10%: 0.11+0.64+0.14 ms clock, 1.8+0.73/1.0/0.009+2.2 ms cpu, 4->5->2 MB, 4 MB goal, 0 MB stacks, 0 MB globals, 16 P
gc 7111 @17.055s 10%: 0.12+0.60+0.22 ms clock, 2.0+0.62/1.0/0+3.6 ms cpu, 4->5->2 MB, 4 MB goal, 0 MB stacks, 0 MB globals, 16 P
gc 7112 @17.056s 10%: 0.22+0.56+0.20 ms clock, 3.6+0.69/0.83/0+3.3 ms cpu, 4->5->2 MB, 4 MB goal, 0 MB stacks, 0 MB globals, 16 P
gc 7113 @17.058s 10%: 0.16+0.53+0.21 ms clock, 2.6+0.65/0.83/0.017+3.5 ms cpu, 4->4->2 MB, 4 MB goal, 0 MB stacks, 0 MB globals, 16 P
gc 7114 @17.060s 10%: 0.26+0.64+0.086 ms clock, 4.2+0.73/1.0/0+1.3 ms cpu, 3->4->2 MB, 4 MB goal, 0 MB stacks, 0 MB globals, 16 P
gc 7115 @17.062s 10%: 0.17+0.71+0.10 ms clock, 2.8+0.60/1.0/0.061+1.7 ms cpu, 4->5->2 MB, 4 MB goal, 0 MB stacks, 0 MB globals, 16 P
gc 7116 @17.064s 10%: 0.11+0.84+0.18 ms clock, 1.8+0.67/0.89/0+2.8 ms cpu, 4->5->2 MB, 5 MB goal, 0 MB stacks, 0 MB globals, 16 P
gc 7117 @17.066s 10%: 0.089+0.78+0.077 ms clock, 1.4+0.58/0.97/0+1.2 ms cpu, 4->5->2 MB, 5 MB goal, 0 MB stacks, 0 MB globals, 16 P
gc 7118 @17.068s 10%: 0.15+0.58+0.10 ms clock, 2.4+0.93/0.92/0.009+1.7 ms cpu, 4->5->2 MB, 5 MB goal, 0 MB stacks, 0 MB globals, 16 P
gc 7119 @17.070s 10%: 0.13+0.69+0.12 ms clock, 2.2+0.68/0.99/0+1.9 ms cpu, 4->4->2 MB, 4 MB goal, 0 MB stacks, 0 MB globals, 16 P
gc 7120 @17.072s 10%: 0.12+0.60+0.15 ms clock, 2.0+0.69/0.91/0+2.4 ms cpu, 4->5->2 MB, 5 MB goal, 0 MB stacks, 0 MB globals, 16 P
gc 7121 @17.074s 10%: 0.11+0.78+0.077 ms clock, 1.8+0.75/1.1/0+1.2 ms cpu, 4->5->2 MB, 4 MB goal, 0 MB stacks, 0 MB globals, 16 P
gc 7122 @17.076s 10%: 0.15+0.66+0.14 ms clock, 2.4+0.65/0.98/0+2.3 ms cpu, 4->5->2 MB, 5 MB goal, 0 MB stacks, 0 MB globals, 16 P
gc 7123 @17.078s 10%: 0.15+0.68+0.085 ms clock, 2.5+0.53/0.97/0.033+1.3 ms cpu, 4->5->2 MB, 5 MB goal, 0 MB stacks, 0 MB globals, 16 P
gc 7124 @17.080s 10%: 0.18+0.59+0.19 ms clock, 3.0+0.86/0.76/0+3.0 ms cpu, 4->5->2 MB, 4 MB goal, 0 MB stacks, 0 MB globals, 16 P
gc 7125 @17.081s 10%: 0.075+0.63+0.16 ms clock, 1.2+0.57/0.98/0.017+2.6 ms cpu, 4->4->2 MB, 4 MB goal, 0 MB stacks, 0 MB globals, 16 P
gc 7126 @17.083s 10%: 0.17+0.55+0.15 ms clock, 2.8+0.66/0.72/0+2.5 ms cpu, 3->4->2 MB, 4 MB goal, 0 MB stacks, 0 MB globals, 16 P
gc 7127 @17.085s 10%: 0.12+0.65+0.13 ms clock, 1.9+0.51/1.0/0+2.1 ms cpu, 4->4->2 MB, 4 MB goal, 0 MB stacks, 0 MB globals, 16 P
gc 7128 @17.086s 10%: 0.10+1.0+0.099 ms clock, 1.6+0.62/1.2/0+1.5 ms cpu, 4->5->2 MB, 4 MB goal, 0 MB stacks, 0 MB globals, 16 P
gc 7129 @17.089s 10%: 0.15+0.78+0.16 ms clock, 2.4+0.88/0.83/0+2.5 ms cpu, 4->5->2 MB, 5 MB goal, 0 MB stacks, 0 MB globals, 16 P
gc 7130 @17.091s 10%: 0.11+0.61+0.15 ms clock, 1.9+0.70/0.90/0+2.4 ms cpu, 4->5->2 MB, 5 MB goal, 0 MB stacks, 0 MB globals, 16 P
gc 7131 @17.093s 10%: 0.18+0.76+0.086 ms clock, 3.0+0.70/0.91/0.058+1.3 ms cpu, 4->5->2 MB, 4 MB goal, 0 MB stacks, 0 MB globals, 16 P
gc 7132 @17.095s 10%: 0.20+0.73+0.079 ms clock, 3.2+0.65/0.97/0+1.2 ms cpu, 4->5->2 MB, 5 MB goal, 0 MB stacks, 0 MB globals, 16 P
gc 7133 @17.097s 10%: 0.18+0.62+0.14 ms clock, 2.9+0.71/0.96/0+2.3 ms cpu, 4->5->2 MB, 5 MB goal, 0 MB stacks, 0 MB globals, 16 P
gc 7134 @17.098s 10%: 0.12+0.59+0.10 ms clock, 1.9+0.73/1.0/0+1.6 ms cpu, 4->4->2 MB, 4 MB goal, 0 MB stacks, 0 MB globals, 16 P
gc 7135 @17.100s 10%: 0.15+0.94+0.079 ms clock, 2.5+0.92/1.1/0+1.2 ms cpu, 4->5->2 MB, 4 MB goal, 0 MB stacks, 0 MB globals, 16 P
gc 7136 @17.103s 10%: 0.15+0.78+0.16 ms clock, 2.4+0.72/0.97/0+2.6 ms cpu, 4->5->2 MB, 5 MB goal, 0 MB stacks, 0 MB globals, 16 P
gc 7137 @17.105s 10%: 0.10+0.78+0.098 ms clock, 1.7+0.56/1.0/0.016+1.5 ms cpu, 4->5->2 MB, 5 MB goal, 0 MB stacks, 0 MB globals, 16 P
gc 7138 @17.107s 10%: 0.13+0.60+0.13 ms clock, 2.2+0.76/0.93/0+2.1 ms cpu, 4->5->2 MB, 5 MB goal, 0 MB stacks, 0 MB globals, 16 P
gc 7139 @17.109s 10%: 0.13+0.74+0.10 ms clock, 2.2+0.66/1.0/0+1.6 ms cpu, 4->4->2 MB, 4 MB goal, 0 MB stacks, 0 MB globals, 16 P
gc 7140 @17.110s 10%: 0.12+0.76+0.075 ms clock, 2.0+0.80/0.94/0.012+1.2 ms cpu, 4->5->2 MB, 4 MB goal, 0 MB stacks, 0 MB globals, 16 P
gc 7141 @17.112s 10%: 0.11+0.75+0.19 ms clock, 1.8+0.67/1.0/0.011+3.1 ms cpu, 4->5->2 MB, 5 MB goal, 0 MB stacks, 0 MB globals, 16 P
gc 7142 @17.114s 10%: 0.28+0.75+0.21 ms clock, 4.6+0.75/0.80/0+3.4 ms cpu, 4->5->2 MB, 5 MB goal, 0 MB stacks, 0 MB globals, 16 P
gc 7143 @17.117s 10%: 0.10+0.70+0.075 ms clock, 1.6+0.42/1.0/0.012+1.2 ms cpu, 4->5->2 MB, 5 MB goal, 0 MB stacks, 0 MB globals, 16 P
gc 7144 @17.118s 10%: 0.13+0.53+0.098 ms clock, 2.0+0.67/0.83/0+1.5 ms cpu, 4->4->2 MB, 4 MB goal, 0 MB stacks, 0 MB globals, 16 P
gc 7145 @17.120s 10%: 0.11+0.59+0.12 ms clock, 1.8+0.61/0.93/0.005+1.9 ms cpu, 3->4->2 MB, 4 MB goal, 0 MB stacks, 0 MB globals, 16 P
gc 7146 @17.122s 10%: 0.12+0.52+0.18 ms clock, 2.0+0.69/0.90/0+3.0 ms cpu, 4->4->2 MB, 4 MB goal, 0 MB stacks, 0 MB globals, 16 P
gc 7147 @17.123s 10%: 0.13+0.63+0.080 ms clock, 2.0+0.56/0.93/0.006+1.2 ms cpu, 3->4->2 MB, 4 MB goal, 0 MB stacks, 0 MB globals, 16 P
gc 7148 @17.125s 10%: 0.11+0.57+0.10 ms clock, 1.7+0.50/0.98/0+1.6 ms cpu, 4->4->2 MB, 4 MB goal, 0 MB stacks, 0 MB globals, 16 P
gc 7149 @17.127s 10%: 0.15+0.52+0.14 ms clock, 2.4+0.72/0.88/0+2.2 ms cpu, 3->4->2 MB, 4 MB goal, 0 MB stacks, 0 MB globals, 16 P
gc 7150 @17.128s 10%: 0.13+0.71+0.085 ms clock, 2.0+0.60/0.89/0+1.3 ms cpu, 4->4->2 MB, 4 MB goal, 0 MB stacks, 0 MB globals, 16 P
gc 7151 @17.130s 10%: 0.23+0.65+0.10 ms clock, 3.8+0.68/0.85/0+1.6 ms cpu, 4->4->2 MB, 4 MB goal, 0 MB stacks, 0 MB globals, 16 P
gc 7152 @17.132s 10%: 0.15+0.64+0.13 ms clock, 2.4+0.53/0.97/0+2.1 ms cpu, 4->4->2 MB, 4 MB goal, 0 MB stacks, 0 MB globals, 16 P
gc 7153 @17.134s 10%: 0.14+0.71+0.096 ms clock, 2.3+0.45/0.96/0.017+1.5 ms cpu, 4->4->2 MB, 4 MB goal, 0 MB stacks, 0 MB globals, 16 P
gc 7154 @17.135s 10%: 0.15+0.65+0.10 ms clock, 2.4+0.56/1.0/0+1.6 ms cpu, 4->4->2 MB, 4 MB goal, 0 MB stacks, 0 MB globals, 16 P
gc 7155 @17.137s 10%: 0.10+0.67+0.17 ms clock, 1.6+0.53/1.0/0.078+2.7 ms cpu, 4->5->2 MB, 4 MB goal, 0 MB stacks, 0 MB globals, 16 P
gc 7156 @17.139s 10%: 0.13+0.50+0.15 ms clock, 2.1+0.68/0.83/0.002+2.4 ms cpu, 4->4->2 MB, 4 MB goal, 0 MB stacks, 0 MB globals, 16 P
gc 7157 @17.141s 10%: 0.13+0.63+0.12 ms clock, 2.2+0.57/0.81/0+1.9 ms cpu, 4->5->2 MB, 4 MB goal, 0 MB stacks, 0 MB globals, 16 P
gc 7158 @17.143s 10%: 0.15+0.59+0.085 ms clock, 2.5+0.66/0.95/0+1.3 ms cpu, 4->5->2 MB, 4 MB goal, 0 MB stacks, 0 MB globals, 16 P
gc 7159 @17.144s 10%: 0.12+0.64+0.10 ms clock, 1.9+0.56/0.92/0.026+1.7 ms cpu, 4->4->2 MB, 4 MB goal, 0 MB stacks, 0 MB globals, 16 P
gc 7160 @17.146s 10%: 0.12+0.61+0.17 ms clock, 2.0+0.54/0.88/0.022+2.8 ms cpu, 3->4->2 MB, 4 MB goal, 0 MB stacks, 0 MB globals, 16 P
gc 7161 @17.148s 10%: 0.14+0.69+0.086 ms clock, 2.3+0.63/0.91/0+1.3 ms cpu, 4->4->2 MB, 4 MB goal, 0 MB stacks, 0 MB globals, 16 P
gc 7162 @17.149s 10%: 0.14+0.81+0.10 ms clock, 2.3+0.80/0.95/0.043+1.7 ms cpu, 4->5->2 MB, 4 MB goal, 0 MB stacks, 0 MB globals, 16 P
gc 7163 @17.151s 10%: 0.12+0.67+0.024 ms clock, 1.9+0.59/0.96/0+0.39 ms cpu, 4->5->2 MB, 5 MB goal, 0 MB stacks, 0 MB globals, 16 P
gc 7164 @17.153s 10%: 0.11+0.55+0.14 ms clock, 1.7+0.75/1.0/0+2.2 ms cpu, 4->4->2 MB, 4 MB goal, 0 MB stacks, 0 MB globals, 16 P
gc 7165 @17.155s 10%: 0.10+0.68+0.13 ms clock, 1.6+0.65/0.90/0+2.1 ms cpu, 3->4->2 MB, 4 MB goal, 0 MB stacks, 0 MB globals, 16 P
gc 7166 @17.157s 10%: 0.14+0.51+0.079 ms clock, 2.3+0.62/0.87/0.001+1.2 ms cpu, 4->4->2 MB, 4 MB goal, 0 MB stacks, 0 MB globals, 16 P
gc 7167 @17.158s 10%: 0.11+0.62+0.16 ms clock, 1.7+0.49/1.0/0+2.6 ms cpu, 3->4->2 MB, 4 MB goal, 0 MB stacks, 0 MB globals, 16 P
gc 7168 @17.160s 10%: 0.11+0.82+0.092 ms clock, 1.7+0.72/0.81/0.003+1.4 ms cpu, 4->5->2 MB, 4 MB goal, 0 MB stacks, 0 MB globals, 16 P
gc 7169 @17.162s 10%: 0.15+0.62+0.15 ms clock, 2.4+0.67/0.89/0+2.4 ms cpu, 4->5->2 MB, 5 MB goal, 0 MB stacks, 0 MB globals, 16 P
gc 7170 @17.164s 10%: 0.14+0.62+0.14 ms clock, 2.3+0.53/0.95/0+2.3 ms cpu, 4->4->2 MB, 4 MB goal, 0 MB stacks, 0 MB globals, 16 P
gc 7171 @17.165s 10%: 0.16+0.60+0.090 ms clock, 2.6+0.73/1.0/0+1.4 ms cpu, 3->4->2 MB, 4 MB goal, 0 MB stacks, 0 MB globals, 16 P
gc 7172 @17.167s 10%: 0.15+0.64+0.16 ms clock, 2.5+0.72/0.85/0.013+2.5 ms cpu, 4->5->2 MB, 4 MB goal, 0 MB stacks, 0 MB globals, 16 P
gc 7173 @17.169s 10%: 0.15+0.51+0.10 ms clock, 2.5+0.87/0.81/0+1.7 ms cpu, 4->4->2 MB, 5 MB goal, 0 MB stacks, 0 MB globals, 16 P
gc 7174 @17.171s 10%: 0.14+0.63+0.095 ms clock, 2.3+0.46/0.86/0+1.5 ms cpu, 3->4->2 MB, 4 MB goal, 0 MB stacks, 0 MB globals, 16 P
gc 7175 @17.172s 10%: 0.14+0.67+0.15 ms clock, 2.2+0.68/0.98/0+2.5 ms cpu, 3->4->2 MB, 4 MB goal, 0 MB stacks, 0 MB globals, 16 P
gc 7176 @17.174s 10%: 0.14+0.69+0.10 ms clock, 2.2+0.66/1.0/0+1.7 ms cpu, 4->5->2 MB, 4 MB goal, 0 MB stacks, 0 MB globals, 16 P
gc 7177 @17.176s 10%: 0.11+0.61+0.12 ms clock, 1.8+0.69/0.87/0+1.9 ms cpu, 4->5->2 MB, 5 MB goal, 0 MB stacks, 0 MB globals, 16 P
gc 7178 @17.178s 10%: 0.11+0.86+0.093 ms clock, 1.7+0.46/1.1/0.003+1.4 ms cpu, 4->5->2 MB, 4 MB goal, 0 MB stacks, 0 MB globals, 16 P
gc 7179 @17.180s 10%: 0.14+0.59+0.16 ms clock, 2.2+0.62/0.92/0+2.6 ms cpu, 4->5->2 MB, 5 MB goal, 0 MB stacks, 0 MB globals, 16 P
gc 7180 @17.182s 10%: 0.11+0.69+0.12 ms clock, 1.8+0.64/0.96/0+1.9 ms cpu, 4->4->2 MB, 4 MB goal, 0 MB stacks, 0 MB globals, 16 P
gc 7181 @17.183s 10%: 0.17+0.69+0.13 ms clock, 2.7+0.85/1.0/0.011+2.2 ms cpu, 4->5->2 MB, 4 MB goal, 0 MB stacks, 0 MB globals, 16 P
gc 7182 @17.185s 10%: 0.13+0.94+0.15 ms clock, 2.2+0.88/0.99/0+2.4 ms cpu, 4->5->2 MB, 5 MB goal, 0 MB stacks, 0 MB globals, 16 P
gc 7183 @17.188s 10%: 0.11+0.60+0.19 ms clock, 1.7+0.63/0.98/0+3.0 ms cpu, 4->5->2 MB, 5 MB goal, 0 MB stacks, 0 MB globals, 16 P
gc 7184 @17.189s 10%: 0.23+0.72+0.14 ms clock, 3.7+0.76/0.88/0+2.3 ms cpu, 4->5->2 MB, 4 MB goal, 0 MB stacks, 0 MB globals, 16 P
gc 7185 @17.192s 10%: 0.10+0.49+0.14 ms clock, 1.6+0.68/0.97/0.003+2.3 ms cpu, 4->5->2 MB, 5 MB goal, 0 MB stacks, 0 MB globals, 16 P
gc 7186 @17.193s 10%: 0.17+0.73+0.13 ms clock, 2.7+0.81/1.0/0.016+2.1 ms cpu, 3->4->2 MB, 4 MB goal, 0 MB stacks, 0 MB globals, 16 P
gc 7187 @17.195s 10%: 0.091+0.56+0.094 ms clock, 1.4+0.79/0.84/0+1.5 ms cpu, 4->5->2 MB, 5 MB goal, 0 MB stacks, 0 MB globals, 16 P
gc 7188 @17.197s 10%: 0.24+0.57+0.13 ms clock, 3.8+0.75/0.94/0.020+2.1 ms cpu, 3->4->2 MB, 4 MB goal, 0 MB stacks, 0 MB globals, 16 P
gc 7189 @17.199s 10%: 0.12+0.73+0.085 ms clock, 1.9+0.66/0.90/0+1.3 ms cpu, 4->4->2 MB, 4 MB goal, 0 MB stacks, 0 MB globals, 16 P
gc 7190 @17.200s 10%: 0.12+0.86+0.071 ms clock, 1.9+0.72/0.87/0+1.1 ms cpu, 4->5->2 MB, 4 MB goal, 0 MB stacks, 0 MB globals, 16 P
gc 7191 @17.203s 10%: 0.14+0.69+0.088 ms clock, 2.3+0.58/0.98/0+1.4 ms cpu, 4->5->2 MB, 5 MB goal, 0 MB stacks, 0 MB globals, 16 P
gc 7192 @17.204s 10%: 0.14+0.69+0.088 ms clock, 2.2+0.52/1.1/0.018+1.4 ms cpu, 4->5->2 MB, 4 MB goal, 0 MB stacks, 0 MB globals, 16 P
gc 7193 @17.206s 10%: 0.13+0.51+0.15 ms clock, 2.1+0.36/1.0/0+2.5 ms cpu, 4->4->2 MB, 5 MB goal, 0 MB stacks, 0 MB globals, 16 P
gc 7194 @17.208s 10%: 0.12+0.73+0.12 ms clock, 2.0+0.55/0.89/0+2.0 ms cpu, 3->4->2 MB, 4 MB goal, 0 MB stacks, 0 MB globals, 16 P
gc 7195 @17.210s 10%: 0.19+0.64+0.13 ms clock, 3.0+0.73/0.86/0+2.1 ms cpu, 4->4->2 MB, 4 MB goal, 0 MB stacks, 0 MB globals, 16 P
gc 7196 @17.211s 10%: 0.12+0.63+0.10 ms clock, 2.0+0.78/0.88/0+1.6 ms cpu, 4->4->2 MB, 4 MB goal, 0 MB stacks, 0 MB globals, 16 P
gc 7197 @17.213s 10%: 0.14+0.67+0.071 ms clock, 2.3+0.60/0.99/0+1.1 ms cpu, 4->4->2 MB, 4 MB goal, 0 MB stacks, 0 MB globals, 16 P
gc 7198 @17.215s 10%: 0.11+0.59+0.13 ms clock, 1.8+0.70/0.95/0+2.2 ms cpu, 4->5->2 MB, 4 MB goal, 0 MB stacks, 0 MB globals, 16 P
gc 7199 @17.217s 10%: 0.15+0.56+0.27 ms clock, 2.4+0.71/0.82/0+4.3 ms cpu, 4->4->2 MB, 4 MB goal, 0 MB stacks, 0 MB globals, 16 P
gc 7200 @17.218s 10%: 0.13+0.65+0.075 ms clock, 2.1+0.58/0.92/0.001+1.2 ms cpu, 4->4->2 MB, 4 MB goal, 0 MB stacks, 0 MB globals, 16 P
gc 7201 @17.220s 10%: 0.17+0.71+0.14 ms clock, 2.8+0.69/1.0/0.082+2.3 ms cpu, 4->5->2 MB, 4 MB goal, 0 MB stacks, 0 MB globals, 16 P
gc 7202 @17.222s 10%: 0.16+0.58+0.15 ms clock, 2.5+0.56/1.0/0+2.5 ms cpu, 4->5->2 MB, 5 MB goal, 0 MB stacks, 0 MB globals, 16 P
gc 7203 @17.224s 10%: 0.12+0.57+0.087 ms clock, 2.0+0.75/0.89/0+1.3 ms cpu, 4->4->2 MB, 4 MB goal, 0 MB stacks, 0 MB globals, 16 P
gc 7204 @17.226s 10%: 0.15+0.46+0.12 ms clock, 2.4+0.70/0.94/0+2.0 ms cpu, 4->4->2 MB, 4 MB goal, 0 MB stacks, 0 MB globals, 16 P
gc 7205 @17.227s 10%: 0.17+0.64+0.18 ms clock, 2.7+0.71/0.85/0+3.0 ms cpu, 3->4->2 MB, 4 MB goal, 0 MB stacks, 0 MB globals, 16 P
gc 7206 @17.229s 10%: 0.16+0.60+0.24 ms clock, 2.5+0.64/1.0/0+3.9 ms cpu, 4->4->2 MB, 4 MB goal, 0 MB stacks, 0 MB globals, 16 P
gc 7207 @17.231s 10%: 0.15+0.66+0.13 ms clock, 2.4+0.53/1.1/0+2.1 ms cpu, 4->4->2 MB, 4 MB goal, 0 MB stacks, 0 MB globals, 16 P
gc 7208 @17.233s 10%: 0.14+0.66+0.11 ms clock, 2.2+0.74/1.0/0.006+1.8 ms cpu, 4->5->2 MB, 4 MB goal, 0 MB stacks, 0 MB globals, 16 P
gc 7209 @17.235s 10%: 0.10+0.80+0.10 ms clock, 1.6+0.54/0.96/0+1.6 ms cpu, 4->5->2 MB, 5 MB goal, 0 MB stacks, 0 MB globals, 16 P
gc 7210 @17.237s 10%: 0.12+0.82+0.14 ms clock, 1.9+0.64/1.0/0.006+2.3 ms cpu, 4->5->2 MB, 5 MB goal, 0 MB stacks, 0 MB globals, 16 P
gc 7211 @17.239s 10%: 0.10+0.60+0.12 ms clock, 1.6+0.80/1.0/0.004+1.9 ms cpu, 4->5->2 MB, 5 MB goal, 0 MB stacks, 0 MB globals, 16 P
gc 7212 @17.241s 10%: 0.15+0.54+0.14 ms clock, 2.4+0.69/0.91/0.016+2.2 ms cpu, 4->4->2 MB, 4 MB goal, 0 MB stacks, 0 MB globals, 16 P
gc 7213 @17.242s 10%: 0.087+0.59+0.090 ms clock, 1.4+0.60/0.98/0.008+1.4 ms cpu, 3->4->2 MB, 4 MB goal, 0 MB stacks, 0 MB globals, 16 P
gc 7214 @17.244s 10%: 0.11+0.63+0.085 ms clock, 1.8+0.79/0.86/0.013+1.3 ms cpu, 3->4->2 MB, 4 MB goal, 0 MB stacks, 0 MB globals, 16 P
gc 7215 @17.246s 10%: 0.12+0.55+0.18 ms clock, 2.0+0.74/0.93/0+2.8 ms cpu, 4->4->2 MB, 4 MB goal, 0 MB stacks, 0 MB globals, 16 P
gc 7216 @17.247s 10%: 0.11+0.64+0.067 ms clock, 1.8+0.55/1.0/0+1.0 ms cpu, 4->4->2 MB, 4 MB goal, 0 MB stacks, 0 MB globals, 16 P
gc 7217 @17.249s 10%: 0.13+0.64+0.10 ms clock, 2.1+0.76/0.96/0+1.6 ms cpu, 4->4->2 MB, 4 MB goal, 0 MB stacks, 0 MB globals, 16 P
gc 7218 @17.251s 10%: 0.14+0.88+0.15 ms clock, 2.3+0.75/1.0/0+2.4 ms cpu, 4->5->2 MB, 4 MB goal, 0 MB stacks, 0 MB globals, 16 P
gc 7219 @17.253s 10%: 0.11+0.59+0.13 ms clock, 1.8+0.56/1.0/0+2.1 ms cpu, 4->5->2 MB, 5 MB goal, 0 MB stacks, 0 MB globals, 16 P
gc 7220 @17.255s 10%: 0.13+0.54+0.21 ms clock, 2.1+0.64/0.88/0.021+3.4 ms cpu, 4->4->2 MB, 4 MB goal, 0 MB stacks, 0 MB globals, 16 P
gc 7221 @17.257s 10%: 0.13+0.71+0.10 ms clock, 2.1+0.91/0.88/0+1.7 ms cpu, 4->5->2 MB, 4 MB goal, 0 MB stacks, 0 MB globals, 16 P
gc 7222 @17.259s 10%: 0.14+0.67+0.11 ms clock, 2.3+0.44/0.98/0+1.7 ms cpu, 4->5->2 MB, 5 MB goal, 0 MB stacks, 0 MB globals, 16 P
gc 7223 @17.261s 10%: 0.14+0.61+0.19 ms clock, 2.2+0.66/1.0/0.009+3.0 ms cpu, 4->5->2 MB, 5 MB goal, 0 MB stacks, 0 MB globals, 16 P
gc 7224 @17.263s 10%: 0.15+0.64+0.089 ms clock, 2.4+0.79/0.91/0+1.4 ms cpu, 4->4->2 MB, 4 MB goal, 0 MB stacks, 0 MB globals, 16 P
gc 7225 @17.265s 10%: 0.13+1.0+0.089 ms clock, 2.1+0.72/1.0/0+1.4 ms cpu, 4->5->2 MB, 4 MB goal, 0 MB stacks, 0 MB globals, 16 P
gc 7226 @17.267s 10%: 0.11+0.59+0.17 ms clock, 1.8+0.63/0.96/0.001+2.7 ms cpu, 4->5->2 MB, 5 MB goal, 0 MB stacks, 0 MB globals, 16 P
gc 7227 @17.269s 10%: 0.18+0.60+0.15 ms clock, 2.9+0.60/1.0/0+2.5 ms cpu, 4->4->2 MB, 4 MB goal, 0 MB stacks, 0 MB globals, 16 P
gc 7228 @17.271s 10%: 0.14+0.62+0.13 ms clock, 2.3+0.71/1.2/0.043+2.1 ms cpu, 4->5->2 MB, 5 MB goal, 0 MB stacks, 0 MB globals, 16 P
gc 7229 @17.273s 10%: 0.12+0.69+0.11 ms clock, 1.9+0.67/1.0/0+1.9 ms cpu, 4->5->2 MB, 5 MB goal, 0 MB stacks, 0 MB globals, 16 P
gc 7230 @17.274s 10%: 0.14+0.59+0.16 ms clock, 2.3+0.59/0.96/0.005+2.6 ms cpu, 4->4->2 MB, 4 MB goal, 0 MB stacks, 0 MB globals, 16 P
gc 7231 @17.276s 10%: 0.11+0.73+0.091 ms clock, 1.9+0.56/1.1/0.030+1.4 ms cpu, 4->5->2 MB, 4 MB goal, 0 MB stacks, 0 MB globals, 16 P
gc 7232 @17.278s 10%: 0.11+0.61+0.098 ms clock, 1.8+0.66/1.0/0.013+1.5 ms cpu, 4->4->2 MB, 4 MB goal, 0 MB stacks, 0 MB globals, 16 P
gc 7233 @17.280s 10%: 0.12+0.63+0.089 ms clock, 2.0+0.79/1.0/0+1.4 ms cpu, 4->4->2 MB, 4 MB goal, 0 MB stacks, 0 MB globals, 16 P
gc 7234 @17.282s 10%: 0.10+0.62+0.19 ms clock, 1.6+0.81/0.98/0.027+3.1 ms cpu, 4->5->2 MB, 4 MB goal, 0 MB stacks, 0 MB globals, 16 P
gc 7235 @17.284s 10%: 0.14+0.51+0.12 ms clock, 2.2+0.57/0.90/0+1.9 ms cpu, 4->4->2 MB, 4 MB goal, 0 MB stacks, 0 MB globals, 16 P
gc 7236 @17.285s 10%: 0.12+0.72+0.086 ms clock, 2.0+0.93/0.88/0+1.3 ms cpu, 3->4->2 MB, 4 MB goal, 0 MB stacks, 0 MB globals, 16 P
gc 7237 @17.287s 10%: 0.15+0.68+0.11 ms clock, 2.4+0.69/0.89/0+1.7 ms cpu, 4->4->2 MB, 4 MB goal, 0 MB stacks, 0 MB globals, 16 P
gc 7238 @17.289s 10%: 0.10+0.56+0.095 ms clock, 1.6+0.57/0.89/0+1.5 ms cpu, 4->4->2 MB, 4 MB goal, 0 MB stacks, 0 MB globals, 16 P
gc 7239 @17.290s 10%: 0.098+0.62+0.11 ms clock, 1.5+0.53/0.98/0.009+1.7 ms cpu, 3->4->2 MB, 4 MB goal, 0 MB stacks, 0 MB globals, 16 P
gc 7240 @17.292s 10%: 0.10+0.71+0.059 ms clock, 1.6+0.55/0.88/0.070+0.95 ms cpu, 3->4->2 MB, 4 MB goal, 0 MB stacks, 0 MB globals, 16 P
gc 7241 @17.294s 10%: 0.10+0.67+0.095 ms clock, 1.7+0.74/0.94/0.007+1.5 ms cpu, 3->4->2 MB, 4 MB goal, 0 MB stacks, 0 MB globals, 16 P
gc 7242 @17.295s 10%: 0.14+0.62+0.17 ms clock, 2.3+0.69/0.90/0+2.8 ms cpu, 4->4->2 MB, 4 MB goal, 0 MB stacks, 0 MB globals, 16 P
gc 7243 @17.297s 10%: 0.12+0.73+0.093 ms clock, 2.0+0.51/1.0/0.006+1.4 ms cpu, 3->4->2 MB, 4 MB goal, 0 MB stacks, 0 MB globals, 16 P
gc 7244 @17.299s 10%: 0.10+0.52+0.095 ms clock, 1.6+0.56/0.96/0+1.5 ms cpu, 4->4->2 MB, 4 MB goal, 0 MB stacks, 0 MB globals, 16 P
gc 7245 @17.301s 10%: 0.11+0.81+0.21 ms clock, 1.8+0.58/1.0/0.014+3.4 ms cpu, 3->4->2 MB, 4 MB goal, 0 MB stacks, 0 MB globals, 16 P
gc 7246 @17.303s 10%: 0.15+0.57+0.091 ms clock, 2.5+0.49/1.0/0.012+1.4 ms cpu, 4->5->2 MB, 5 MB goal, 0 MB stacks, 0 MB globals, 16 P
gc 7247 @17.304s 10%: 0.13+0.75+0.16 ms clock, 2.1+0.69/0.88/0+2.5 ms cpu, 4->5->2 MB, 4 MB goal, 0 MB stacks, 0 MB globals, 16 P
gc 7248 @17.306s 10%: 0.14+0.59+0.16 ms clock, 2.2+0.70/0.86/0.004+2.5 ms cpu, 4->5->2 MB, 5 MB goal, 0 MB stacks, 0 MB globals, 16 P
gc 7249 @17.308s 10%: 0.10+0.42+0.17 ms clock, 1.6+0.77/0.89/0+2.7 ms cpu, 4->4->2 MB, 4 MB goal, 0 MB stacks, 0 MB globals, 16 P
gc 7250 @17.310s 10%: 0.20+0.55+0.16 ms clock, 3.2+0.66/0.89/0+2.6 ms cpu, 3->4->2 MB, 4 MB goal, 0 MB stacks, 0 MB globals, 16 P
gc 7251 @17.311s 10%: 0.13+0.56+0.16 ms clock, 2.1+0.58/0.95/0.033+2.6 ms cpu, 4->4->2 MB, 4 MB goal, 0 MB stacks, 0 MB globals, 16 P
gc 7252 @17.313s 10%: 0.11+0.61+0.10 ms clock, 1.8+0.61/0.92/0.007+1.6 ms cpu, 3->4->2 MB, 4 MB goal, 0 MB stacks, 0 MB globals, 16 P
gc 7253 @17.315s 10%: 0.14+0.56+0.14 ms clock, 2.3+0.57/0.91/0+2.3 ms cpu, 3->4->2 MB, 4 MB goal, 0 MB stacks, 0 MB globals, 16 P
gc 7254 @17.316s 10%: 0.10+0.53+0.20 ms clock, 1.7+0.64/0.93/0+3.2 ms cpu, 3->4->2 MB, 4 MB goal, 0 MB stacks, 0 MB globals, 16 P
gc 7255 @17.318s 10%: 0.12+0.61+0.093 ms clock, 1.9+0.63/0.97/0+1.4 ms cpu, 3->4->2 MB, 4 MB goal, 0 MB stacks, 0 MB globals, 16 P
gc 7256 @17.319s 10%: 0.12+0.58+0.11 ms clock, 1.9+0.68/0.98/0+1.7 ms cpu, 4->4->2 MB, 4 MB goal, 0 MB stacks, 0 MB globals, 16 P
gc 7257 @17.321s 10%: 0.10+0.52+0.18 ms clock, 1.7+0.68/0.94/0+2.8 ms cpu, 4->4->2 MB, 4 MB goal, 0 MB stacks, 0 MB globals, 16 P
gc 7258 @17.323s 10%: 0.16+0.63+0.11 ms clock, 2.6+0.43/1.0/0.006+1.7 ms cpu, 3->4->2 MB, 4 MB goal, 0 MB stacks, 0 MB globals, 16 P
gc 7259 @17.324s 10%: 0.14+0.52+0.17 ms clock, 2.2+0.68/0.93/0+2.8 ms cpu, 3->4->2 MB, 4 MB goal, 0 MB stacks, 0 MB globals, 16 P
gc 7260 @17.326s 10%: 0.16+0.56+0.10 ms clock, 2.6+0.67/0.98/0+1.7 ms cpu, 3->4->2 MB, 4 MB goal, 0 MB stacks, 0 MB globals, 16 P
gc 7261 @17.328s 10%: 0.17+0.66+0.13 ms clock, 2.7+0.66/0.88/0+2.2 ms cpu, 4->4->2 MB, 4 MB goal, 0 MB stacks, 0 MB globals, 16 P
gc 7262 @17.330s 10%: 0.12+0.55+0.11 ms clock, 2.0+0.58/0.96/0+1.8 ms cpu, 4->4->2 MB, 4 MB goal, 0 MB stacks, 0 MB globals, 16 P
gc 7263 @17.331s 10%: 0.12+0.56+0.12 ms clock, 2.0+0.59/0.92/0.024+1.9 ms cpu, 4->4->2 MB, 4 MB goal, 0 MB stacks, 0 MB globals, 16 P
gc 7264 @17.333s 10%: 0.12+0.52+0.14 ms clock, 2.0+0.73/0.94/0+2.3 ms cpu, 3->4->2 MB, 4 MB goal, 0 MB stacks, 0 MB globals, 16 P
gc 7265 @17.335s 10%: 0.11+0.63+0.13 ms clock, 1.7+0.52/0.80/0.089+2.2 ms cpu, 3->4->1 MB, 4 MB goal, 0 MB stacks, 0 MB globals, 16 P
gc 7266 @17.336s 10%: 0.21+0.80+0.099 ms clock, 3.3+0.67/1.0/0+1.5 ms cpu, 3->4->2 MB, 4 MB goal, 0 MB stacks, 0 MB globals, 16 P
gc 7267 @17.338s 10%: 0.12+0.71+0.077 ms clock, 2.0+0.72/0.91/0.15+1.2 ms cpu, 4->5->2 MB, 5 MB goal, 0 MB stacks, 0 MB globals, 16 P
gc 7268 @17.340s 10%: 0.17+0.57+0.13 ms clock, 2.7+0.77/0.96/0+2.2 ms cpu, 4->4->2 MB, 4 MB goal, 0 MB stacks, 0 MB globals, 16 P
gc 7269 @17.342s 10%: 0.18+0.69+0.087 ms clock, 3.0+0.70/0.92/0+1.3 ms cpu, 3->4->2 MB, 4 MB goal, 0 MB stacks, 0 MB globals, 16 P
gc 7270 @17.344s 10%: 0.12+0.50+0.20 ms clock, 1.9+0.74/0.80/0+3.2 ms cpu, 4->4->2 MB, 4 MB goal, 0 MB stacks, 0 MB globals, 16 P
gc 7271 @17.345s 10%: 0.17+0.52+0.10 ms clock, 2.8+0.75/0.95/0.009+1.6 ms cpu, 3->4->2 MB, 4 MB goal, 0 MB stacks, 0 MB globals, 16 P
gc 7272 @17.347s 10%: 0.10+0.63+0.12 ms clock, 1.6+0.63/0.94/0+1.9 ms cpu, 3->4->2 MB, 4 MB goal, 0 MB stacks, 0 MB globals, 16 P
gc 7273 @17.349s 10%: 0.14+0.71+0.15 ms clock, 2.2+0.66/0.93/0.001+2.5 ms cpu, 4->5->2 MB, 4 MB goal, 0 MB stacks, 0 MB globals, 16 P
gc 7274 @17.351s 10%: 0.14+0.91+0.078 ms clock, 2.3+0.66/0.96/0+1.2 ms cpu, 4->5->2 MB, 5 MB goal, 0 MB stacks, 0 MB globals, 16 P
gc 7275 @17.353s 10%: 0.10+0.73+0.12 ms clock, 1.6+0.64/1.1/0+1.9 ms cpu, 4->5->2 MB, 5 MB goal, 0 MB stacks, 0 MB globals, 16 P
gc 7276 @17.355s 10%: 0.11+0.57+0.13 ms clock, 1.9+0.51/1.1/0+2.2 ms cpu, 4->4->2 MB, 4 MB goal, 0 MB stacks, 0 MB globals, 16 P
gc 7277 @17.357s 10%: 0.17+0.53+0.24 ms clock, 2.8+0.82/0.90/0.028+3.8 ms cpu, 4->4->2 MB, 4 MB goal, 0 MB stacks, 0 MB globals, 16 P
gc 7278 @17.358s 10%: 0.22+0.60+0.21 ms clock, 3.5+0.66/0.90/0+3.4 ms cpu, 4->4->2 MB, 4 MB goal, 0 MB stacks, 0 MB globals, 16 P
gc 7279 @17.360s 10%: 0.12+0.62+0.065 ms clock, 1.9+0.69/0.80/0+1.0 ms cpu, 4->4->2 MB, 5 MB goal, 0 MB stacks, 0 MB globals, 16 P
gc 7280 @17.362s 10%: 0.099+0.68+0.15 ms clock, 1.5+0.58/1.0/0.005+2.4 ms cpu, 3->4->2 MB, 4 MB goal, 0 MB stacks, 0 MB globals, 16 P
gc 7281 @17.363s 10%: 0.13+0.59+0.10 ms clock, 2.1+0.77/0.94/0.050+1.7 ms cpu, 4->4->2 MB, 4 MB goal, 0 MB stacks, 0 MB globals, 16 P
gc 7282 @17.365s 10%: 0.15+0.59+0.18 ms clock, 2.4+0.79/0.96/0+2.9 ms cpu, 4->5->2 MB, 4 MB goal, 0 MB stacks, 0 MB globals, 16 P
gc 7283 @17.367s 10%: 0.13+0.49+0.089 ms clock, 2.0+0.69/0.93/0+1.4 ms cpu, 4->4->2 MB, 4 MB goal, 0 MB stacks, 0 MB globals, 16 P
gc 7284 @17.369s 10%: 0.17+0.57+0.080 ms clock, 2.7+0.55/0.82/0+1.2 ms cpu, 3->4->2 MB, 4 MB goal, 0 MB stacks, 0 MB globals, 16 P
gc 7285 @17.370s 10%: 0.18+0.61+0.10 ms clock, 2.9+0.52/1.0/0.004+1.6 ms cpu, 3->4->2 MB, 4 MB goal, 0 MB stacks, 0 MB globals, 16 P
gc 7286 @17.372s 10%: 0.17+0.78+0.074 ms clock, 2.7+0.69/0.96/0+1.1 ms cpu, 4->5->2 MB, 5 MB goal, 0 MB stacks, 0 MB globals, 16 P
gc 7287 @17.374s 10%: 0.12+0.64+0.12 ms clock, 1.9+0.55/1.0/0+1.9 ms cpu, 4->5->2 MB, 5 MB goal, 0 MB stacks, 0 MB globals, 16 P
gc 7288 @17.376s 10%: 0.13+0.81+0.096 ms clock, 2.1+0.76/1.0/0+1.5 ms cpu, 4->5->2 MB, 4 MB goal, 0 MB stacks, 0 MB globals, 16 P
gc 7289 @17.378s 10%: 0.12+0.68+0.14 ms clock, 1.9+0.69/1.0/0.017+2.3 ms cpu, 4->5->2 MB, 5 MB goal, 0 MB stacks, 0 MB globals, 16 P
gc 7290 @17.380s 10%: 0.12+0.72+0.082 ms clock, 2.0+0.73/1.0/0+1.3 ms cpu, 4->5->2 MB, 4 MB goal, 0 MB stacks, 0 MB globals, 16 P
gc 7291 @17.382s 10%: 0.10+0.61+0.099 ms clock, 1.7+0.77/1.0/0+1.5 ms cpu, 4->4->2 MB, 4 MB goal, 0 MB stacks, 0 MB globals, 16 P
gc 7292 @17.384s 10%: 0.15+0.75+0.066 ms clock, 2.4+0.50/1.0/0.010+1.0 ms cpu, 4->5->2 MB, 4 MB goal, 0 MB stacks, 0 MB globals, 16 P
gc 7293 @17.385s 10%: 0.11+0.70+0.10 ms clock, 1.8+0.68/0.96/0+1.6 ms cpu, 4->5->2 MB, 4 MB goal, 0 MB stacks, 0 MB globals, 16 P
gc 7294 @17.387s 10%: 0.14+0.59+0.10 ms clock, 2.3+0.52/1.0/0+1.6 ms cpu, 4->5->2 MB, 5 MB goal, 0 MB stacks, 0 MB globals, 16 P
gc 7295 @17.389s 10%: 0.12+0.66+0.17 ms clock, 1.9+0.76/1.0/0+2.8 ms cpu, 4->4->2 MB, 4 MB goal, 0 MB stacks, 0 MB globals, 16 P
gc 7296 @17.391s 10%: 0.17+0.68+0.10 ms clock, 2.8+0.55/1.0/0.046+1.6 ms cpu, 4->5->2 MB, 4 MB goal, 0 MB stacks, 0 MB globals, 16 P
gc 7297 @17.393s 10%: 0.099+0.56+0.14 ms clock, 1.5+0.37/0.97/0.009+2.3 ms cpu, 4->4->2 MB, 4 MB goal, 0 MB stacks, 0 MB globals, 16 P
gc 7298 @17.394s 10%: 0.16+0.62+0.20 ms clock, 2.7+0.51/0.92/0+3.2 ms cpu, 3->4->2 MB, 4 MB goal, 0 MB stacks, 0 MB globals, 16 P
gc 7299 @17.396s 10%: 0.11+0.60+0.11 ms clock, 1.8+0.65/0.99/0+1.9 ms cpu, 4->5->2 MB, 5 MB goal, 0 MB stacks, 0 MB globals, 16 P
gc 7300 @17.398s 10%: 0.12+0.72+0.092 ms clock, 1.9+0.61/0.84/0+1.4 ms cpu, 4->4->2 MB, 4 MB goal, 0 MB stacks, 0 MB globals, 16 P
gc 7301 @17.400s 10%: 0.10+0.70+0.16 ms clock, 1.7+0.65/0.91/0.002+2.5 ms cpu, 4->4->2 MB, 4 MB goal, 0 MB stacks, 0 MB globals, 16 P
gc 7302 @17.402s 10%: 0.11+0.60+0.13 ms clock, 1.7+0.64/0.98/0+2.1 ms cpu, 4->5->2 MB, 4 MB goal, 0 MB stacks, 0 MB globals, 16 P
gc 7303 @17.404s 10%: 0.13+0.72+0.15 ms clock, 2.1+0.57/1.1/0+2.4 ms cpu, 4->5->2 MB, 4 MB goal, 0 MB stacks, 0 MB globals, 16 P
gc 7304 @17.406s 10%: 0.13+0.57+0.11 ms clock, 2.2+0.71/0.85/0+1.8 ms cpu, 4->5->2 MB, 5 MB goal, 0 MB stacks, 0 MB globals, 16 P
gc 7305 @17.407s 10%: 0.10+1.0+0.070 ms clock, 1.6+0.80/1.0/0+1.1 ms cpu, 4->5->2 MB, 4 MB goal, 0 MB stacks, 0 MB globals, 16 P
gc 7306 @17.410s 10%: 0.15+0.62+0.20 ms clock, 2.5+0.85/0.79/0+3.2 ms cpu, 4->5->2 MB, 5 MB goal, 0 MB stacks, 0 MB globals, 16 P
gc 7307 @17.411s 10%: 0.14+0.56+0.10 ms clock, 2.2+0.44/0.85/0+1.6 ms cpu, 4->4->2 MB, 4 MB goal, 0 MB stacks, 0 MB globals, 16 P
gc 7308 @17.413s 10%: 0.19+0.46+0.14 ms clock, 3.0+0.69/0.94/0+2.3 ms cpu, 3->4->2 MB, 4 MB goal, 0 MB stacks, 0 MB globals, 16 P
gc 7309 @17.415s 10%: 0.12+0.82+0.097 ms clock, 2.0+0.53/0.98/0+1.5 ms cpu, 4->4->2 MB, 4 MB goal, 0 MB stacks, 0 MB globals, 16 P
gc 7310 @17.417s 10%: 0.11+0.75+0.090 ms clock, 1.8+0.69/0.86/0+1.4 ms cpu, 4->5->2 MB, 5 MB goal, 0 MB stacks, 0 MB globals, 16 P
gc 7311 @17.419s 10%: 0.11+0.68+0.090 ms clock, 1.8+0.67/0.91/0+1.4 ms cpu, 4->5->2 MB, 5 MB goal, 0 MB stacks, 0 MB globals, 16 P
gc 7312 @17.420s 10%: 0.094+0.71+0.19 ms clock, 1.5+0.69/0.80/0.049+3.0 ms cpu, 4->5->2 MB, 4 MB goal, 0 MB stacks, 0 MB globals, 16 P
gc 7313 @17.422s 10%: 0.13+0.67+0.079 ms clock, 2.0+0.67/1.0/0+1.2 ms cpu, 4->4->2 MB, 4 MB goal, 0 MB stacks, 0 MB globals, 16 P
gc 7314 @17.424s 10%: 0.11+0.60+0.14 ms clock, 1.8+0.55/1.0/0+2.3 ms cpu, 4->5->2 MB, 5 MB goal, 0 MB stacks, 0 MB globals, 16 P
gc 7315 @17.426s 10%: 0.16+0.54+0.12 ms clock, 2.6+0.63/1.0/0+2.0 ms cpu, 4->4->2 MB, 4 MB goal, 0 MB stacks, 0 MB globals, 16 P
gc 7316 @17.428s 10%: 0.11+0.54+0.087 ms clock, 1.7+0.73/0.85/0+1.3 ms cpu, 4->4->2 MB, 4 MB goal, 0 MB stacks, 0 MB globals, 16 P
gc 7317 @17.429s 10%: 0.18+0.51+0.22 ms clock, 2.9+0.73/0.93/0.018+3.6 ms cpu, 4->4->2 MB, 4 MB goal, 0 MB stacks, 0 MB globals, 16 P
gc 7318 @17.431s 10%: 0.16+0.62+0.18 ms clock, 2.7+0.63/1.0/0+3.0 ms cpu, 3->4->2 MB, 4 MB goal, 0 MB stacks, 0 MB globals, 16 P
gc 7319 @17.433s 10%: 0.10+0.78+0.13 ms clock, 1.6+0.64/1.0/0+2.2 ms cpu, 4->5->2 MB, 5 MB goal, 0 MB stacks, 0 MB globals, 16 P
gc 7320 @17.435s 10%: 0.15+0.66+0.16 ms clock, 2.5+0.59/1.0/0+2.6 ms cpu, 4->5->2 MB, 5 MB goal, 0 MB stacks, 0 MB globals, 16 P
gc 7321 @17.437s 10%: 0.11+0.77+0.12 ms clock, 1.8+0.57/1.0/0+2.0 ms cpu, 4->5->2 MB, 5 MB goal, 0 MB stacks, 0 MB globals, 16 P
gc 7322 @17.439s 10%: 0.11+0.68+0.17 ms clock, 1.7+0.71/0.94/0+2.7 ms cpu, 4->5->2 MB, 5 MB goal, 0 MB stacks, 0 MB globals, 16 P
gc 7323 @17.440s 10%: 0.12+0.64+0.11 ms clock, 2.0+0.68/1.0/0+1.8 ms cpu, 4->5->2 MB, 4 MB goal, 0 MB stacks, 0 MB globals, 16 P
gc 7324 @17.442s 10%: 0.10+0.53+0.099 ms clock, 1.6+0.72/0.88/0+1.5 ms cpu, 4->5->2 MB, 5 MB goal, 0 MB stacks, 0 MB globals, 16 P
gc 7325 @17.444s 10%: 0.21+0.53+0.17 ms clock, 3.3+0.84/1.0/0+2.7 ms cpu, 3->4->2 MB, 4 MB goal, 0 MB stacks, 0 MB globals, 16 P
gc 7326 @17.446s 10%: 0.13+0.61+0.097 ms clock, 2.1+0.61/0.83/0.001+1.5 ms cpu, 4->4->2 MB, 4 MB goal, 0 MB stacks, 0 MB globals, 16 P
gc 7327 @17.447s 10%: 0.12+0.55+0.16 ms clock, 2.0+0.65/0.80/0.025+2.7 ms cpu, 3->4->2 MB, 4 MB goal, 0 MB stacks, 0 MB globals, 16 P
gc 7328 @17.449s 10%: 0.13+0.76+0.071 ms clock, 2.1+0.60/1.1/0+1.1 ms cpu, 3->4->2 MB, 4 MB goal, 0 MB stacks, 0 MB globals, 16 P
gc 7329 @17.451s 10%: 0.12+0.63+0.18 ms clock, 1.9+0.81/0.93/0+2.9 ms cpu, 4->5->2 MB, 5 MB goal, 0 MB stacks, 0 MB globals, 16 P
gc 7330 @17.453s 10%: 0.15+0.58+0.10 ms clock, 2.5+0.59/1.0/0.007+1.6 ms cpu, 4->4->2 MB, 4 MB goal, 0 MB stacks, 0 MB globals, 16 P
gc 7331 @17.454s 10%: 0.14+0.65+0.12 ms clock, 2.3+0.65/0.92/0+2.0 ms cpu, 3->4->2 MB, 4 MB goal, 0 MB stacks, 0 MB globals, 16 P
gc 7332 @17.456s 10%: 0.13+0.79+0.12 ms clock, 2.0+0.62/0.93/0+1.9 ms cpu, 4->5->2 MB, 4 MB goal, 0 MB stacks, 0 MB globals, 16 P
gc 7333 @17.458s 10%: 0.10+0.53+0.15 ms clock, 1.6+0.49/1.0/0+2.4 ms cpu, 4->5->2 MB, 5 MB goal, 0 MB stacks, 0 MB globals, 16 P
gc 7334 @17.460s 10%: 0.21+0.71+0.081 ms clock, 3.4+0.60/1.1/0+1.2 ms cpu, 3->4->2 MB, 4 MB goal, 0 MB stacks, 0 MB globals, 16 P
gc 7335 @17.462s 10%: 0.11+0.62+0.093 ms clock, 1.8+0.74/0.91/0.003+1.4 ms cpu, 4->5->2 MB, 5 MB goal, 0 MB stacks, 0 MB globals, 16 P
gc 7336 @17.464s 10%: 0.13+0.53+0.095 ms clock, 2.0+0.54/0.92/0+1.5 ms cpu, 4->4->2 MB, 4 MB goal, 0 MB stacks, 0 MB globals, 16 P
gc 7337 @17.465s 10%: 0.15+0.69+0.15 ms clock, 2.5+0.61/0.98/0+2.5 ms cpu, 3->4->2 MB, 4 MB goal, 0 MB stacks, 0 MB globals, 16 P
gc 7338 @17.467s 10%: 0.18+0.71+0.10 ms clock, 2.9+0.73/0.92/0.078+1.6 ms cpu, 4->5->2 MB, 5 MB goal, 0 MB stacks, 0 MB globals, 16 P
gc 7339 @17.469s 10%: 0.19+0.73+0.12 ms clock, 3.0+0.75/0.88/0+2.0 ms cpu, 4->5->2 MB, 4 MB goal, 0 MB stacks, 0 MB globals, 16 P
gc 7340 @17.471s 10%: 0.12+0.74+0.11 ms clock, 2.0+0.71/0.94/0+1.8 ms cpu, 4->5->2 MB, 5 MB goal, 0 MB stacks, 0 MB globals, 16 P
gc 7341 @17.473s 10%: 0.15+0.58+0.19 ms clock, 2.4+0.57/0.94/0.077+3.1 ms cpu, 4->4->1 MB, 5 MB goal, 0 MB stacks, 0 MB globals, 16 P
gc 7342 @17.474s 10%: 0.15+0.84+0.14 ms clock, 2.5+0.81/1.0/0+2.2 ms cpu, 3->4->2 MB, 4 MB goal, 0 MB stacks, 0 MB globals, 16 P
gc 7343 @17.477s 10%: 0.10+0.64+0.091 ms clock, 1.7+0.68/1.0/0+1.4 ms cpu, 5->5->2 MB, 6 MB goal, 0 MB stacks, 0 MB globals, 16 P
gc 7344 @17.478s 10%: 0.16+0.63+0.13 ms clock, 2.6+0.72/0.91/0+2.2 ms cpu, 3->4->2 MB, 4 MB goal, 0 MB stacks, 0 MB globals, 16 P
gc 7345 @17.480s 10%: 0.21+0.55+0.19 ms clock, 3.3+0.67/0.79/0.036+3.1 ms cpu, 4->5->2 MB, 5 MB goal, 0 MB stacks, 0 MB globals, 16 P
gc 7346 @17.482s 10%: 0.12+0.69+0.097 ms clock, 2.0+0.78/1.1/0.009+1.5 ms cpu, 3->4->2 MB, 4 MB goal, 0 MB stacks, 0 MB globals, 16 P
gc 7347 @17.484s 10%: 0.12+0.71+0.12 ms clock, 1.9+0.66/0.97/0.001+2.0 ms cpu, 4->5->2 MB, 5 MB goal, 0 MB stacks, 0 MB globals, 16 P
gc 7348 @17.486s 10%: 0.15+0.55+0.17 ms clock, 2.5+0.63/0.92/0.007+2.7 ms cpu, 4->4->2 MB, 4 MB goal, 0 MB stacks, 0 MB globals, 16 P
gc 7349 @17.487s 10%: 0.15+0.77+0.11 ms clock, 2.4+0.52/1.2/0+1.7 ms cpu, 3->4->2 MB, 4 MB goal, 0 MB stacks, 0 MB globals, 16 P
gc 7350 @17.489s 10%: 0.14+0.51+0.13 ms clock, 2.2+0.70/0.95/0.002+2.1 ms cpu, 4->4->2 MB, 5 MB goal, 0 MB stacks, 0 MB globals, 16 P
gc 7351 @17.491s 10%: 0.13+0.55+0.10 ms clock, 2.2+0.55/0.98/0+1.7 ms cpu, 3->4->2 MB, 4 MB goal, 0 MB stacks, 0 MB globals, 16 P
gc 7352 @17.493s 10%: 0.16+0.61+0.20 ms clock, 2.6+0.76/0.80/0+3.2 ms cpu, 4->4->2 MB, 4 MB goal, 0 MB stacks, 0 MB globals, 16 P
gc 7353 @17.495s 10%: 0.12+0.57+0.084 ms clock, 1.9+0.52/0.97/0.005+1.3 ms cpu, 4->4->2 MB, 4 MB goal, 0 MB stacks, 0 MB globals, 16 P
gc 7354 @17.496s 10%: 0.11+0.55+0.13 ms clock, 1.9+0.58/0.94/0+2.0 ms cpu, 3->4->2 MB, 4 MB goal, 0 MB stacks, 0 MB globals, 16 P
gc 7355 @17.498s 10%: 0.16+0.50+0.16 ms clock, 2.6+0.73/0.87/0+2.6 ms cpu, 3->4->2 MB, 4 MB goal, 0 MB stacks, 0 MB globals, 16 P
gc 7356 @17.499s 10%: 0.11+0.64+0.11 ms clock, 1.8+0.65/0.91/0+1.8 ms cpu, 4->4->2 MB, 4 MB goal, 0 MB stacks, 0 MB globals, 16 P
gc 7357 @17.501s 10%: 0.10+0.61+0.035 ms clock, 1.7+0.47/0.94/0+0.57 ms cpu, 3->4->2 MB, 4 MB goal, 0 MB stacks, 0 MB globals, 16 P
gc 7358 @17.503s 10%: 0.10+0.57+0.093 ms clock, 1.7+0.51/1.0/0.002+1.4 ms cpu, 3->4->2 MB, 4 MB goal, 0 MB stacks, 0 MB globals, 16 P
gc 7359 @17.504s 10%: 0.082+0.68+0.17 ms clock, 1.3+0.65/0.90/0.049+2.8 ms cpu, 3->4->2 MB, 4 MB goal, 0 MB stacks, 0 MB globals, 16 P
gc 7360 @17.506s 10%: 0.17+0.59+0.20 ms clock, 2.8+0.78/0.86/0+3.2 ms cpu, 4->4->2 MB, 4 MB goal, 0 MB stacks, 0 MB globals, 16 P
gc 7361 @17.508s 10%: 0.12+0.48+0.16 ms clock, 2.0+0.45/0.93/0.021+2.6 ms cpu, 3->4->2 MB, 4 MB goal, 0 MB stacks, 0 MB globals, 16 P
gc 7362 @17.509s 10%: 0.12+0.76+0.11 ms clock, 1.9+0.74/0.96/0+1.8 ms cpu, 3->4->2 MB, 4 MB goal, 0 MB stacks, 0 MB globals, 16 P
gc 7363 @17.511s 10%: 0.17+0.75+0.12 ms clock, 2.8+0.56/0.90/0.001+1.9 ms cpu, 4->5->2 MB, 5 MB goal, 0 MB stacks, 0 MB globals, 16 P
gc 7364 @17.513s 10%: 0.11+0.66+0.17 ms clock, 1.8+0.62/0.86/0.081+2.8 ms cpu, 4->5->2 MB, 5 MB goal, 0 MB stacks, 0 MB globals, 16 P
gc 7365 @17.515s 10%: 0.12+0.77+0.086 ms clock, 1.9+0.81/1.0/0.054+1.3 ms cpu, 3->4->2 MB, 4 MB goal, 0 MB stacks, 0 MB globals, 16 P
gc 7366 @17.517s 10%: 0.10+0.73+0.16 ms clock, 1.6+0.60/0.97/0.007+2.5 ms cpu, 4->4->2 MB, 4 MB goal, 0 MB stacks, 0 MB globals, 16 P
gc 7367 @17.519s 10%: 0.10+0.50+0.20 ms clock, 1.6+0.74/0.86/0.001+3.2 ms cpu, 4->4->2 MB, 4 MB goal, 0 MB stacks, 0 MB globals, 16 P
gc 7368 @17.520s 10%: 0.11+0.58+0.17 ms clock, 1.8+0.53/0.91/0+2.8 ms cpu, 3->4->2 MB, 4 MB goal, 0 MB stacks, 0 MB globals, 16 P
gc 7369 @17.522s 10%: 0.14+0.57+0.17 ms clock, 2.2+0.58/0.96/0+2.7 ms cpu, 3->4->2 MB, 4 MB goal, 0 MB stacks, 0 MB globals, 16 P
gc 7370 @17.523s 10%: 0.13+0.46+0.12 ms clock, 2.1+0.67/0.89/0+2.0 ms cpu, 4->4->2 MB, 4 MB goal, 0 MB stacks, 0 MB globals, 16 P
gc 7371 @17.525s 10%: 0.15+0.63+0.10 ms clock, 2.5+0.69/0.86/0+1.6 ms cpu, 3->4->2 MB, 4 MB goal, 0 MB stacks, 0 MB globals, 16 P
gc 7372 @17.527s 10%: 0.11+0.65+0.088 ms clock, 1.7+0.60/1.0/0+1.4 ms cpu, 4->4->2 MB, 4 MB goal, 0 MB stacks, 0 MB globals, 16 P
gc 7373 @17.528s 10%: 0.17+0.58+0.13 ms clock, 2.8+0.50/1.0/0.028+2.0 ms cpu, 4->4->2 MB, 4 MB goal, 0 MB stacks, 0 MB globals, 16 P
gc 7374 @17.530s 10%: 0.13+0.54+0.10 ms clock, 2.2+0.42/0.92/0.037+1.7 ms cpu, 4->4->2 MB, 4 MB goal, 0 MB stacks, 0 MB globals, 16 P
gc 7375 @17.532s 10%: 0.20+0.77+0.11 ms clock, 3.3+0.68/1.0/0+1.8 ms cpu, 3->4->2 MB, 4 MB goal, 0 MB stacks, 0 MB globals, 16 P
gc 7376 @17.534s 10%: 0.12+0.66+0.11 ms clock, 2.0+0.57/1.0/0+1.8 ms cpu, 4->5->2 MB, 5 MB goal, 0 MB stacks, 0 MB globals, 16 P
gc 7377 @17.536s 10%: 0.16+0.57+0.18 ms clock, 2.6+0.61/0.84/0+3.0 ms cpu, 4->4->2 MB, 4 MB goal, 0 MB stacks, 0 MB globals, 16 P
gc 7378 @17.537s 10%: 0.27+0.56+0.10 ms clock, 4.3+0.66/0.99/0+1.7 ms cpu, 3->4->2 MB, 4 MB goal, 0 MB stacks, 0 MB globals, 16 P
gc 7379 @17.539s 10%: 0.17+0.62+0.13 ms clock, 2.7+0.67/0.85/0.027+2.1 ms cpu, 4->5->2 MB, 4 MB goal, 0 MB stacks, 0 MB globals, 16 P
gc 7380 @17.541s 10%: 0.14+0.86+0.098 ms clock, 2.3+0.61/1.1/0.033+1.5 ms cpu, 4->5->2 MB, 5 MB goal, 0 MB stacks, 0 MB globals, 16 P
gc 7381 @17.543s 10%: 0.14+0.72+0.17 ms clock, 2.2+0.56/1.0/0+2.8 ms cpu, 4->5->2 MB, 5 MB goal, 0 MB stacks, 0 MB globals, 16 P
gc 7382 @17.545s 10%: 0.10+0.72+0.20 ms clock, 1.7+0.55/1.0/0+3.3 ms cpu, 4->5->2 MB, 5 MB goal, 0 MB stacks, 0 MB globals, 16 P
gc 7383 @17.547s 10%: 0.16+0.56+0.23 ms clock, 2.6+0.82/0.92/0+3.7 ms cpu, 4->4->2 MB, 4 MB goal, 0 MB stacks, 0 MB globals, 16 P
gc 7384 @17.549s 10%: 0.10+0.75+0.097 ms clock, 1.6+0.75/0.93/0+1.5 ms cpu, 4->5->2 MB, 4 MB goal, 0 MB stacks, 0 MB globals, 16 P
gc 7385 @17.550s 10%: 0.15+0.54+0.12 ms clock, 2.4+0.72/0.91/0+1.9 ms cpu, 4->5->2 MB, 4 MB goal, 0 MB stacks, 0 MB globals, 16 P
gc 7386 @17.552s 10%: 0.16+0.77+0.15 ms clock, 2.5+0.51/1.1/0+2.4 ms cpu, 4->5->2 MB, 4 MB goal, 0 MB stacks, 0 MB globals, 16 P
gc 7387 @17.554s 10%: 0.19+0.69+0.15 ms clock, 3.1+0.68/0.94/0.012+2.4 ms cpu, 4->5->2 MB, 5 MB goal, 0 MB stacks, 0 MB globals, 16 P
gc 7388 @17.556s 10%: 0.095+0.50+0.11 ms clock, 1.5+0.63/0.93/0+1.9 ms cpu, 4->4->2 MB, 5 MB goal, 0 MB stacks, 0 MB globals, 16 P
gc 7389 @17.558s 10%: 0.16+0.60+0.10 ms clock, 2.6+0.56/1.1/0.005+1.6 ms cpu, 3->4->2 MB, 4 MB goal, 0 MB stacks, 0 MB globals, 16 P
gc 7390 @17.560s 10%: 0.13+0.57+0.10 ms clock, 2.2+0.59/0.99/0.094+1.6 ms cpu, 4->4->2 MB, 4 MB goal, 0 MB stacks, 0 MB globals, 16 P
gc 7391 @17.561s 10%: 0.16+0.59+0.10 ms clock, 2.6+0.70/0.94/0+1.6 ms cpu, 3->4->2 MB, 4 MB goal, 0 MB stacks, 0 MB globals, 16 P
gc 7392 @17.563s 10%: 0.17+0.67+0.11 ms clock, 2.8+0.69/0.90/0+1.8 ms cpu, 4->5->2 MB, 4 MB goal, 0 MB stacks, 0 MB globals, 16 P
gc 7393 @17.565s 10%: 0.20+0.64+0.13 ms clock, 3.2+0.92/1.0/0.091+2.1 ms cpu, 4->5->2 MB, 5 MB goal, 0 MB stacks, 0 MB globals, 16 P
gc 7394 @17.567s 10%: 0.10+0.69+0.082 ms clock, 1.7+0.61/0.93/0+1.3 ms cpu, 4->4->2 MB, 5 MB goal, 0 MB stacks, 0 MB globals, 16 P
gc 7395 @17.569s 10%: 0.16+0.56+0.20 ms clock, 2.6+0.71/0.97/0.003+3.2 ms cpu, 4->4->2 MB, 4 MB goal, 0 MB stacks, 0 MB globals, 16 P
gc 7396 @17.571s 10%: 0.13+0.66+0.074 ms clock, 2.1+0.65/0.88/0.009+1.1 ms cpu, 4->4->2 MB, 4 MB goal, 0 MB stacks, 0 MB globals, 16 P
gc 7397 @17.572s 10%: 0.19+0.50+0.13 ms clock, 3.1+0.77/0.92/0+2.0 ms cpu, 3->4->2 MB, 4 MB goal, 0 MB stacks, 0 MB globals, 16 P
gc 7398 @17.574s 10%: 0.11+0.55+0.18 ms clock, 1.8+0.64/0.98/0+2.9 ms cpu, 4->4->2 MB, 4 MB goal, 0 MB stacks, 0 MB globals, 16 P
gc 7399 @17.576s 10%: 0.10+0.59+0.16 ms clock, 1.6+0.58/0.93/0+2.6 ms cpu, 4->4->2 MB, 4 MB goal, 0 MB stacks, 0 MB globals, 16 P
gc 7400 @17.577s 10%: 0.12+0.70+0.093 ms clock, 2.0+0.65/0.91/0.003+1.4 ms cpu, 4->5->2 MB, 4 MB goal, 0 MB stacks, 0 MB globals, 16 P
gc 7401 @17.579s 10%: 0.26+0.54+0.12 ms clock, 4.2+0.71/0.92/0+2.0 ms cpu, 4->5->2 MB, 4 MB goal, 0 MB stacks, 0 MB globals, 16 P
gc 7402 @17.581s 10%: 0.19+0.78+0.17 ms clock, 3.1+0.76/1.0/0+2.8 ms cpu, 4->5->2 MB, 4 MB goal, 0 MB stacks, 0 MB globals, 16 P
gc 7403 @17.583s 10%: 0.14+0.61+0.13 ms clock, 2.2+0.65/0.93/0+2.2 ms cpu, 4->5->2 MB, 5 MB goal, 0 MB stacks, 0 MB globals, 16 P
gc 7404 @17.585s 10%: 0.17+0.56+0.11 ms clock, 2.7+0.68/1.0/0+1.8 ms cpu, 4->4->2 MB, 4 MB goal, 0 MB stacks, 0 MB globals, 16 P
gc 7405 @17.587s 10%: 0.11+0.89+0.090 ms clock, 1.7+0.66/0.88/0+1.4 ms cpu, 4->5->2 MB, 4 MB goal, 0 MB stacks, 0 MB globals, 16 P
gc 7406 @17.589s 10%: 0.11+0.76+0.14 ms clock, 1.8+0.57/1.1/0.021+2.3 ms cpu, 4->5->2 MB, 5 MB goal, 0 MB stacks, 0 MB globals, 16 P
gc 7407 @17.591s 10%: 0.11+0.59+0.14 ms clock, 1.8+0.77/0.99/0+2.3 ms cpu, 4->5->2 MB, 5 MB goal, 0 MB stacks, 0 MB globals, 16 P
gc 7408 @17.593s 10%: 0.11+0.70+0.078 ms clock, 1.8+0.51/1.1/0+1.2 ms cpu, 3->4->2 MB, 4 MB goal, 0 MB stacks, 0 MB globals, 16 P
gc 7409 @17.594s 10%: 0.12+0.72+0.069 ms clock, 2.0+0.53/0.97/0+1.1 ms cpu, 4->4->2 MB, 4 MB goal, 0 MB stacks, 0 MB globals, 16 P
gc 7410 @17.596s 10%: 0.17+0.80+0.087 ms clock, 2.8+0.66/0.93/0+1.4 ms cpu, 4->5->2 MB, 4 MB goal, 0 MB stacks, 0 MB globals, 16 P
gc 7411 @17.598s 10%: 0.13+0.64+0.12 ms clock, 2.0+0.54/0.80/0+2.0 ms cpu, 4->5->2 MB, 5 MB goal, 0 MB stacks, 0 MB globals, 16 P
gc 7412 @17.600s 10%: 0.17+0.60+0.18 ms clock, 2.8+0.47/1.0/0.001+3.0 ms cpu, 4->4->2 MB, 4 MB goal, 0 MB stacks, 0 MB globals, 16 P
gc 7413 @17.602s 10%: 0.16+0.51+0.17 ms clock, 2.6+0.60/0.81/0+2.8 ms cpu, 4->4->2 MB, 4 MB goal, 0 MB stacks, 0 MB globals, 16 P
gc 7414 @17.603s 10%: 0.16+0.64+0.10 ms clock, 2.5+0.73/1.0/0.002+1.7 ms cpu, 3->4->2 MB, 4 MB goal, 0 MB stacks, 0 MB globals, 16 P
gc 7415 @17.605s 10%: 0.14+0.61+0.10 ms clock, 2.3+0.75/0.82/0+1.6 ms cpu, 4->4->2 MB, 4 MB goal, 0 MB stacks, 0 MB globals, 16 P
gc 7416 @17.607s 10%: 0.12+0.85+0.054 ms clock, 2.0+0.67/0.95/0.036+0.87 ms cpu, 3->4->2 MB, 4 MB goal, 0 MB stacks, 0 MB globals, 16 P
gc 7417 @17.609s 10%: 0.12+0.74+0.10 ms clock, 2.0+0.65/1.1/0+1.6 ms cpu, 4->5->2 MB, 5 MB goal, 0 MB stacks, 0 MB globals, 16 P
gc 7418 @17.611s 10%: 0.17+0.56+0.12 ms clock, 2.8+0.65/1.0/0+2.0 ms cpu, 4->5->2 MB, 5 MB goal, 0 MB stacks, 0 MB globals, 16 P
gc 7419 @17.613s 10%: 0.15+0.62+0.17 ms clock, 2.4+0.55/0.98/0+2.8 ms cpu, 4->4->2 MB, 4 MB goal, 0 MB stacks, 0 MB globals, 16 P
gc 7420 @17.615s 10%: 0.19+0.62+0.20 ms clock, 3.1+0.88/0.79/0+3.2 ms cpu, 4->5->2 MB, 4 MB goal, 0 MB stacks, 0 MB globals, 16 P
gc 7421 @17.617s 10%: 0.14+0.54+0.11 ms clock, 2.2+0.69/0.93/0.014+1.8 ms cpu, 4->5->2 MB, 4 MB goal, 0 MB stacks, 0 MB globals, 16 P
gc 7422 @17.618s 10%: 0.12+0.59+0.11 ms clock, 2.0+0.69/0.91/0+1.8 ms cpu, 4->4->2 MB, 4 MB goal, 0 MB stacks, 0 MB globals, 16 P
gc 7423 @17.620s 10%: 0.14+0.67+0.097 ms clock, 2.3+0.51/0.89/0+1.5 ms cpu, 3->4->2 MB, 4 MB goal, 0 MB stacks, 0 MB globals, 16 P
gc 7424 @17.622s 10%: 0.10+0.53+0.15 ms clock, 1.7+0.80/0.83/0+2.4 ms cpu, 4->4->2 MB, 4 MB goal, 0 MB stacks, 0 MB globals, 16 P
gc 7425 @17.623s 10%: 0.12+0.80+0.091 ms clock, 2.0+0.83/0.93/0+1.4 ms cpu, 3->5->2 MB, 4 MB goal, 0 MB stacks, 0 MB globals, 16 P
gc 7426 @17.626s 10%: 0.17+0.53+0.16 ms clock, 2.7+0.78/0.90/0.019+2.6 ms cpu, 4->5->2 MB, 5 MB goal, 0 MB stacks, 0 MB globals, 16 P
gc 7427 @17.627s 10%: 0.12+0.72+0.071 ms clock, 1.9+0.53/0.98/0.021+1.1 ms cpu, 3->4->2 MB, 4 MB goal, 0 MB stacks, 0 MB globals, 16 P
gc 7428 @17.629s 10%: 0.10+0.68+0.12 ms clock, 1.7+0.44/1.0/0+1.9 ms cpu, 4->5->2 MB, 4 MB goal, 0 MB stacks, 0 MB globals, 16 P
gc 7429 @17.631s 10%: 0.12+0.78+0.12 ms clock, 1.9+0.73/1.0/0.050+1.9 ms cpu, 4->5->2 MB, 4 MB goal, 0 MB stacks, 0 MB globals, 16 P
gc 7430 @17.633s 10%: 0.11+0.57+0.13 ms clock, 1.8+0.69/0.90/0+2.1 ms cpu, 4->5->2 MB, 5 MB goal, 0 MB stacks, 0 MB globals, 16 P
gc 7431 @17.634s 10%: 0.10+0.55+0.14 ms clock, 1.7+0.63/0.90/0.054+2.2 ms cpu, 3->4->2 MB, 4 MB goal, 0 MB stacks, 0 MB globals, 16 P
gc 7432 @17.636s 10%: 0.18+0.62+0.16 ms clock, 3.0+0.80/0.94/0+2.6 ms cpu, 3->4->2 MB, 4 MB goal, 0 MB stacks, 0 MB globals, 16 P
gc 7433 @17.638s 10%: 0.12+0.53+0.13 ms clock, 1.9+0.76/0.92/0+2.2 ms cpu, 4->4->2 MB, 5 MB goal, 0 MB stacks, 0 MB globals, 16 P
gc 7434 @17.640s 10%: 0.11+0.75+0.097 ms clock, 1.8+0.51/0.89/0+1.5 ms cpu, 3->4->2 MB, 4 MB goal, 0 MB stacks, 0 MB globals, 16 P
gc 7435 @17.641s 10%: 0.095+0.65+0.090 ms clock, 1.5+0.79/1.0/0+1.4 ms cpu, 4->4->2 MB, 4 MB goal, 0 MB stacks, 0 MB globals, 16 P
gc 7436 @17.643s 10%: 0.097+0.51+0.13 ms clock, 1.5+0.69/0.92/0+2.1 ms cpu, 4->4->2 MB, 4 MB goal, 0 MB stacks, 0 MB globals, 16 P
gc 7437 @17.644s 10%: 0.14+0.82+0.082 ms clock, 2.3+0.59/0.95/0.017+1.3 ms cpu, 3->4->2 MB, 4 MB goal, 0 MB stacks, 0 MB globals, 16 P
gc 7438 @17.646s 10%: 0.18+0.74+0.22 ms clock, 2.9+0.72/0.92/0.016+3.5 ms cpu, 4->5->2 MB, 4 MB goal, 0 MB stacks, 0 MB globals, 16 P
gc 7439 @17.648s 10%: 0.12+0.73+0.14 ms clock, 2.0+0.61/1.0/0.062+2.3 ms cpu, 4->5->2 MB, 5 MB goal, 0 MB stacks, 0 MB globals, 16 P
gc 7440 @17.650s 10%: 0.10+0.56+0.13 ms clock, 1.7+0.64/0.87/0.065+2.1 ms cpu, 4->4->2 MB, 5 MB goal, 0 MB stacks, 0 MB globals, 16 P
gc 7441 @17.652s 10%: 0.19+0.70+0.16 ms clock, 3.1+0.70/0.93/0+2.6 ms cpu, 3->4->2 MB, 4 MB goal, 0 MB stacks, 0 MB globals, 16 P
gc 7442 @17.654s 10%: 0.10+0.68+0.093 ms clock, 1.6+0.48/1.0/0+1.4 ms cpu, 4->5->2 MB, 5 MB goal, 0 MB stacks, 0 MB globals, 16 P
gc 7443 @17.656s 10%: 0.15+0.59+0.11 ms clock, 2.5+0.65/1.0/0+1.7 ms cpu, 4->4->2 MB, 4 MB goal, 0 MB stacks, 0 MB globals, 16 P
gc 7444 @17.657s 10%: 0.11+0.67+0.12 ms clock, 1.8+0.60/1.0/0+1.9 ms cpu, 4->4->2 MB, 4 MB goal, 0 MB stacks, 0 MB globals, 16 P
gc 7445 @17.659s 10%: 0.17+0.51+0.17 ms clock, 2.7+0.77/0.93/0+2.8 ms cpu, 4->4->2 MB, 4 MB goal, 0 MB stacks, 0 MB globals, 16 P
gc 7446 @17.661s 10%: 0.14+0.68+0.10 ms clock, 2.3+0.61/1.1/0+1.6 ms cpu, 4->5->2 MB, 4 MB goal, 0 MB stacks, 0 MB globals, 16 P
gc 7447 @17.663s 10%: 0.11+0.65+0.12 ms clock, 1.7+0.54/1.0/0+1.9 ms cpu, 4->4->2 MB, 5 MB goal, 0 MB stacks, 0 MB globals, 16 P
gc 7448 @17.665s 10%: 0.13+0.70+0.22 ms clock, 2.1+0.69/1.0/0+3.5 ms cpu, 3->4->2 MB, 4 MB goal, 0 MB stacks, 0 MB globals, 16 P
gc 7449 @17.667s 10%: 0.10+0.79+0.14 ms clock, 1.7+0.74/1.0/0+2.3 ms cpu, 4->5->2 MB, 5 MB goal, 0 MB stacks, 0 MB globals, 16 P
gc 7450 @17.669s 10%: 0.13+0.59+0.10 ms clock, 2.1+0.71/0.96/0+1.6 ms cpu, 4->5->2 MB, 5 MB goal, 0 MB stacks, 0 MB globals, 16 P
gc 7451 @17.671s 10%: 0.16+0.62+0.11 ms clock, 2.7+0.82/0.95/0+1.8 ms cpu, 3->4->2 MB, 4 MB goal, 0 MB stacks, 0 MB globals, 16 P
gc 7452 @17.672s 10%: 0.14+0.72+0.24 ms clock, 2.3+0.69/0.97/0.028+3.9 ms cpu, 4->5->2 MB, 4 MB goal, 0 MB stacks, 0 MB globals, 16 P
gc 7453 @17.675s 10%: 0.14+0.60+0.13 ms clock, 2.3+0.68/0.93/0+2.2 ms cpu, 4->5->2 MB, 5 MB goal, 0 MB stacks, 0 MB globals, 16 P
gc 7454 @17.676s 10%: 0.19+0.67+0.15 ms clock, 3.1+0.63/0.93/0.014+2.5 ms cpu, 4->4->2 MB, 4 MB goal, 0 MB stacks, 0 MB globals, 16 P
gc 7455 @17.678s 10%: 0.15+0.59+0.11 ms clock, 2.4+0.44/1.0/0+1.8 ms cpu, 4->5->2 MB, 4 MB goal, 0 MB stacks, 0 MB globals, 16 P
gc 7456 @17.680s 10%: 0.10+0.72+0.11 ms clock, 1.6+0.68/1.0/0.065+1.8 ms cpu, 4->5->2 MB, 5 MB goal, 0 MB stacks, 0 MB globals, 16 P
gc 7457 @17.682s 10%: 0.16+0.57+0.17 ms clock, 2.5+0.90/0.79/0+2.8 ms cpu, 4->5->2 MB, 5 MB goal, 0 MB stacks, 0 MB globals, 16 P
gc 7458 @17.684s 10%: 0.099+0.70+0.10 ms clock, 1.5+0.65/0.98/0.004+1.6 ms cpu, 4->5->2 MB, 5 MB goal, 0 MB stacks, 0 MB globals, 16 P
gc 7459 @17.686s 10%: 0.14+0.54+0.13 ms clock, 2.2+0.50/1.0/0.037+2.2 ms cpu, 4->4->2 MB, 5 MB goal, 0 MB stacks, 0 MB globals, 16 P
gc 7460 @17.687s 10%: 0.11+0.65+0.12 ms clock, 1.8+0.67/0.98/0+1.9 ms cpu, 3->4->2 MB, 4 MB goal, 0 MB stacks, 0 MB globals, 16 P
gc 7461 @17.689s 10%: 0.12+0.69+0.11 ms clock, 2.0+0.65/0.95/0.024+1.9 ms cpu, 4->5->2 MB, 4 MB goal, 0 MB stacks, 0 MB globals, 16 P
gc 7462 @17.691s 10%: 0.14+0.54+0.089 ms clock, 2.3+0.63/0.82/0+1.4 ms cpu, 4->4->2 MB, 5 MB goal, 0 MB stacks, 0 MB globals, 16 P
gc 7463 @17.693s 10%: 0.12+0.48+0.16 ms clock, 2.0+0.96/0.70/0+2.6 ms cpu, 3->4->2 MB, 4 MB goal, 0 MB stacks, 0 MB globals, 16 P
gc 7464 @17.694s 10%: 0.17+0.72+0.10 ms clock, 2.8+0.67/0.94/0+1.6 ms cpu, 3->4->2 MB, 4 MB goal, 0 MB stacks, 0 MB globals, 16 P
gc 7465 @17.697s 10%: 0.10+0.74+0.11 ms clock, 1.6+0.61/1.0/0.013+1.7 ms cpu, 4->5->2 MB, 5 MB goal, 0 MB stacks, 0 MB globals, 16 P
gc 7466 @17.698s 10%: 0.11+0.81+0.080 ms clock, 1.8+0.62/1.0/0.004+1.2 ms cpu, 4->5->2 MB, 4 MB goal, 0 MB stacks, 0 MB globals, 16 P
gc 7467 @17.700s 10%: 0.17+0.66+0.15 ms clock, 2.8+0.52/0.93/0.064+2.4 ms cpu, 4->5->2 MB, 5 MB goal, 0 MB stacks, 0 MB globals, 16 P
gc 7468 @17.702s 10%: 0.12+0.63+0.14 ms clock, 2.0+0.69/0.98/0.029+2.3 ms cpu, 4->5->2 MB, 5 MB goal, 0 MB stacks, 0 MB globals, 16 P
gc 7469 @17.704s 10%: 0.11+0.52+0.12 ms clock, 1.8+0.58/0.89/0+1.9 ms cpu, 4->4->2 MB, 4 MB goal, 0 MB stacks, 0 MB globals, 16 P
gc 7470 @17.706s 10%: 0.19+0.65+0.11 ms clock, 3.0+0.72/0.81/0+1.8 ms cpu, 3->4->2 MB, 4 MB goal, 0 MB stacks, 0 MB globals, 16 P
gc 7471 @17.708s 10%: 0.17+0.66+0.16 ms clock, 2.8+0.56/0.90/0.044+2.6 ms cpu, 4->5->2 MB, 5 MB goal, 0 MB stacks, 0 MB globals, 16 P
gc 7472 @17.710s 10%: 0.20+0.81+0.11 ms clock, 3.2+0.75/0.85/0+1.8 ms cpu, 4->5->2 MB, 4 MB goal, 0 MB stacks, 0 MB globals, 16 P
gc 7473 @17.712s 10%: 0.13+0.52+0.13 ms clock, 2.1+0.71/0.87/0+2.1 ms cpu, 4->5->2 MB, 5 MB goal, 0 MB stacks, 0 MB globals, 16 P
gc 7474 @17.713s 10%: 0.15+0.58+0.11 ms clock, 2.5+0.63/0.99/0+1.9 ms cpu, 3->4->2 MB, 4 MB goal, 0 MB stacks, 0 MB globals, 16 P
gc 7475 @17.715s 10%: 0.17+0.64+0.20 ms clock, 2.7+0.71/0.90/0+3.3 ms cpu, 4->4->2 MB, 4 MB goal, 0 MB stacks, 0 MB globals, 16 P
gc 7476 @17.717s 10%: 0.16+0.68+0.21 ms clock, 2.6+0.64/0.86/0+3.5 ms cpu, 4->4->2 MB, 4 MB goal, 0 MB stacks, 0 MB globals, 16 P
gc 7477 @17.719s 10%: 0.091+0.67+0.21 ms clock, 1.4+0.60/1.1/0.009+3.4 ms cpu, 4->5->2 MB, 5 MB goal, 0 MB stacks, 0 MB globals, 16 P
gc 7478 @17.721s 10%: 0.14+0.63+0.22 ms clock, 2.3+0.66/1.0/0+3.5 ms cpu, 4->5->2 MB, 4 MB goal, 0 MB stacks, 0 MB globals, 16 P
gc 7479 @17.723s 10%: 0.11+0.62+0.14 ms clock, 1.8+0.62/1.0/0+2.3 ms cpu, 4->5->2 MB, 5 MB goal, 0 MB stacks, 0 MB globals, 16 P
gc 7480 @17.725s 10%: 0.11+0.59+0.068 ms clock, 1.8+0.61/1.0/0.003+1.1 ms cpu, 4->5->2 MB, 4 MB goal, 0 MB stacks, 0 MB globals, 16 P
gc 7481 @17.726s 10%: 0.13+0.61+0.11 ms clock, 2.1+0.79/0.77/0+1.8 ms cpu, 4->4->2 MB, 4 MB goal, 0 MB stacks, 0 MB globals, 16 P
gc 7482 @17.728s 10%: 0.24+0.62+0.12 ms clock, 3.8+0.55/0.98/0+1.9 ms cpu, 4->4->2 MB, 4 MB goal, 0 MB stacks, 0 MB globals, 16 P
gc 7483 @17.730s 10%: 0.12+0.56+0.10 ms clock, 1.9+0.53/0.91/0+1.6 ms cpu, 4->4->2 MB, 5 MB goal, 0 MB stacks, 0 MB globals, 16 P
gc 7484 @17.732s 10%: 0.14+0.46+0.15 ms clock, 2.3+0.79/0.82/0+2.4 ms cpu, 3->4->2 MB, 4 MB goal, 0 MB stacks, 0 MB globals, 16 P
gc 7485 @17.733s 10%: 0.13+0.66+0.10 ms clock, 2.2+0.67/1.0/0.006+1.6 ms cpu, 3->4->2 MB, 4 MB goal, 0 MB stacks, 0 MB globals, 16 P
gc 7486 @17.735s 10%: 0.13+0.49+0.18 ms clock, 2.1+0.63/0.92/0+2.9 ms cpu, 4->4->2 MB, 5 MB goal, 0 MB stacks, 0 MB globals, 16 P
gc 7487 @17.737s 10%: 0.11+0.42+0.18 ms clock, 1.7+0.43/0.85/0.058+2.9 ms cpu, 3->4->1 MB, 4 MB goal, 0 MB stacks, 0 MB globals, 16 P
gc 7488 @17.738s 10%: 0.17+0.76+0.10 ms clock, 2.7+0.77/0.94/0+1.7 ms cpu, 3->4->2 MB, 4 MB goal, 0 MB stacks, 0 MB globals, 16 P
gc 7489 @17.740s 10%: 0.17+0.55+0.18 ms clock, 2.7+0.61/0.78/0.11+2.9 ms cpu, 4->5->2 MB, 5 MB goal, 0 MB stacks, 0 MB globals, 16 P
gc 7490 @17.741s 10%: 0.11+0.66+0.24 ms clock, 1.8+0.75/0.98/0+3.9 ms cpu, 3->4->2 MB, 4 MB goal, 0 MB stacks, 0 MB globals, 16 P
gc 7491 @17.743s 10%: 0.11+0.80+0.066 ms clock, 1.8+0.65/0.98/0+1.0 ms cpu, 4->5->2 MB, 4 MB goal, 0 MB stacks, 0 MB globals, 16 P
gc 7492 @17.745s 10%: 0.10+0.62+0.19 ms clock, 1.6+0.66/1.0/0.074+3.1 ms cpu, 4->5->2 MB, 5 MB goal, 0 MB stacks, 0 MB globals, 16 P
gc 7493 @17.747s 10%: 0.16+0.67+0.068 ms clock, 2.7+0.64/0.97/0.002+1.0 ms cpu, 4->4->2 MB, 4 MB goal, 0 MB stacks, 0 MB globals, 16 P
gc 7494 @17.749s 10%: 0.21+0.53+0.19 ms clock, 3.4+0.62/0.89/0+3.1 ms cpu, 4->5->2 MB, 5 MB goal, 0 MB stacks, 0 MB globals, 16 P
gc 7495 @17.751s 10%: 0.19+0.79+0.081 ms clock, 3.0+0.64/1.1/0+1.3 ms cpu, 4->5->2 MB, 4 MB goal, 0 MB stacks, 0 MB globals, 16 P
gc 7496 @17.753s 10%: 0.12+0.51+0.24 ms clock, 1.9+0.70/0.91/0.018+3.8 ms cpu, 4->5->2 MB, 5 MB goal, 0 MB stacks, 0 MB globals, 16 P
gc 7497 @17.755s 10%: 0.14+0.69+0.11 ms clock, 2.2+0.55/1.1/0.011+1.8 ms cpu, 3->4->2 MB, 4 MB goal, 0 MB stacks, 0 MB globals, 16 P
gc 7498 @17.757s 10%: 0.10+0.61+0.12 ms clock, 1.6+0.59/1.0/0+2.0 ms cpu, 4->5->2 MB, 5 MB goal, 0 MB stacks, 0 MB globals, 16 P
gc 7499 @17.758s 10%: 0.10+0.63+0.073 ms clock, 1.7+0.52/1.0/0+1.1 ms cpu, 4->4->2 MB, 4 MB goal, 0 MB stacks, 0 MB globals, 16 P
gc 7500 @17.760s 10%: 0.12+0.74+0.11 ms clock, 1.9+0.47/0.95/0.004+1.7 ms cpu, 4->5->2 MB, 4 MB goal, 0 MB stacks, 0 MB globals, 16 P
gc 7501 @17.762s 10%: 0.14+0.74+0.11 ms clock, 2.2+0.81/1.0/0+1.9 ms cpu, 4->5->2 MB, 5 MB goal, 0 MB stacks, 0 MB globals, 16 P
gc 7502 @17.764s 10%: 0.10+0.81+0.079 ms clock, 1.7+0.65/0.91/0.024+1.2 ms cpu, 4->5->2 MB, 5 MB goal, 0 MB stacks, 0 MB globals, 16 P
gc 7503 @17.766s 10%: 0.19+0.57+0.14 ms clock, 3.1+0.88/0.82/0+2.2 ms cpu, 4->4->2 MB, 5 MB goal, 0 MB stacks, 0 MB globals, 16 P
gc 7504 @17.768s 10%: 0.12+0.55+0.090 ms clock, 2.0+0.61/0.96/0.002+1.4 ms cpu, 3->4->2 MB, 4 MB goal, 0 MB stacks, 0 MB globals, 16 P
gc 7505 @17.769s 10%: 0.13+0.54+0.19 ms clock, 2.1+0.59/1.0/0.007+3.1 ms cpu, 3->4->2 MB, 4 MB goal, 0 MB stacks, 0 MB globals, 16 P
gc 7506 @17.771s 10%: 0.15+0.74+0.10 ms clock, 2.4+0.66/1.0/0+1.7 ms cpu, 3->4->2 MB, 4 MB goal, 0 MB stacks, 0 MB globals, 16 P
gc 7507 @17.773s 10%: 0.11+0.55+0.16 ms clock, 1.8+0.70/0.89/0+2.6 ms cpu, 4->5->2 MB, 5 MB goal, 0 MB stacks, 0 MB globals, 16 P
gc 7508 @17.774s 10%: 0.12+0.64+0.20 ms clock, 2.0+0.73/0.89/0.006+3.2 ms cpu, 3->4->2 MB, 4 MB goal, 0 MB stacks, 0 MB globals, 16 P
gc 7509 @17.776s 10%: 0.12+0.67+0.10 ms clock, 2.0+0.73/0.95/0+1.7 ms cpu, 4->5->2 MB, 4 MB goal, 0 MB stacks, 0 MB globals, 16 P
gc 7510 @17.778s 10%: 0.11+0.71+0.092 ms clock, 1.7+0.46/1.0/0+1.4 ms cpu, 4->5->2 MB, 5 MB goal, 0 MB stacks, 0 MB globals, 16 P
gc 7511 @17.780s 10%: 0.11+0.62+0.12 ms clock, 1.8+0.55/0.86/0.013+2.0 ms cpu, 3->4->2 MB, 4 MB goal, 0 MB stacks, 0 MB globals, 16 P
gc 7512 @17.782s 10%: 0.14+0.82+0.076 ms clock, 2.3+0.60/0.88/0+1.2 ms cpu, 3->4->2 MB, 4 MB goal, 0 MB stacks, 0 MB globals, 16 P
gc 7513 @17.784s 10%: 0.17+0.64+0.25 ms clock, 2.7+0.80/0.97/0+4.1 ms cpu, 4->5->2 MB, 5 MB goal, 0 MB stacks, 0 MB globals, 16 P
gc 7514 @17.786s 10%: 0.17+0.63+0.11 ms clock, 2.8+0.54/1.0/0+1.8 ms cpu, 4->5->2 MB, 4 MB goal, 0 MB stacks, 0 MB globals, 16 P
gc 7515 @17.788s 10%: 0.12+0.70+0.12 ms clock, 2.0+0.72/0.99/0+1.9 ms cpu, 4->4->2 MB, 5 MB goal, 0 MB stacks, 0 MB globals, 16 P
gc 7516 @17.789s 10%: 0.15+0.75+0.11 ms clock, 2.4+0.71/0.93/0+1.9 ms cpu, 3->5->2 MB, 4 MB goal, 0 MB stacks, 0 MB globals, 16 P
gc 7517 @17.791s 10%: 0.12+0.51+0.19 ms clock, 1.9+0.44/0.91/0.054+3.0 ms cpu, 4->5->1 MB, 5 MB goal, 0 MB stacks, 0 MB globals, 16 P
gc 7518 @17.793s 10%: 0.20+0.75+0.18 ms clock, 3.2+0.63/0.88/0+2.9 ms cpu, 3->4->2 MB, 4 MB goal, 0 MB stacks, 0 MB globals, 16 P
gc 7519 @17.795s 10%: 0.19+0.67+0.097 ms clock, 3.0+0.58/1.0/0+1.5 ms cpu, 4->5->2 MB, 5 MB goal, 0 MB stacks, 0 MB globals, 16 P
gc 7520 @17.797s 10%: 0.10+0.70+0.18 ms clock, 1.6+0.81/0.85/0.024+2.9 ms cpu, 4->5->2 MB, 5 MB goal, 0 MB stacks, 0 MB globals, 16 P
gc 7521 @17.799s 10%: 0.14+0.85+0.069 ms clock, 2.3+0.67/0.92/0+1.1 ms cpu, 3->4->2 MB, 4 MB goal, 0 MB stacks, 0 MB globals, 16 P
gc 7522 @17.801s 10%: 0.22+0.75+0.14 ms clock, 3.6+0.52/0.99/0.073+2.3 ms cpu, 4->5->2 MB, 5 MB goal, 0 MB stacks, 0 MB globals, 16 P
gc 7523 @17.803s 10%: 0.11+0.63+0.053 ms clock, 1.7+0.63/0.93/0.006+0.85 ms cpu, 4->5->2 MB, 5 MB goal, 0 MB stacks, 0 MB globals, 16 P
gc 7524 @17.804s 10%: 0.099+0.52+0.15 ms clock, 1.5+0.87/0.82/0+2.4 ms cpu, 4->4->2 MB, 4 MB goal, 0 MB stacks, 0 MB globals, 16 P
gc 7525 @17.806s 10%: 0.19+0.78+0.15 ms clock, 3.0+0.73/0.88/0.022+2.4 ms cpu, 3->5->2 MB, 4 MB goal, 0 MB stacks, 0 MB globals, 16 P
gc 7526 @17.808s 10%: 0.11+0.56+0.079 ms clock, 1.8+0.52/0.99/0.009+1.2 ms cpu, 4->5->2 MB, 5 MB goal, 0 MB stacks, 0 MB globals, 16 P
gc 7527 @17.810s 10%: 0.12+0.63+0.16 ms clock, 2.0+0.95/0.89/0+2.6 ms cpu, 4->5->2 MB, 4 MB goal, 0 MB stacks, 0 MB globals, 16 P
gc 7528 @17.812s 10%: 0.16+0.80+0.11 ms clock, 2.6+0.60/0.93/0.028+1.8 ms cpu, 4->5->2 MB, 4 MB goal, 0 MB stacks, 0 MB globals, 16 P
gc 7529 @17.814s 10%: 0.15+0.64+0.13 ms clock, 2.5+0.64/0.97/0+2.1 ms cpu, 4->5->2 MB, 5 MB goal, 0 MB stacks, 0 MB globals, 16 P
gc 7530 @17.816s 10%: 0.13+0.56+0.11 ms clock, 2.1+0.76/0.76/0.10+1.7 ms cpu, 4->4->2 MB, 4 MB goal, 0 MB stacks, 0 MB globals, 16 P
gc 7531 @17.817s 10%: 0.17+0.60+0.13 ms clock, 2.8+0.68/1.0/0+2.1 ms cpu, 4->4->2 MB, 4 MB goal, 0 MB stacks, 0 MB globals, 16 P
gc 7532 @17.819s 10%: 0.15+0.83+0.15 ms clock, 2.4+0.35/0.80/0.23+2.4 ms cpu, 4->5->2 MB, 5 MB goal, 0 MB stacks, 0 MB globals, 16 P
gc 7533 @17.821s 10%: 0.13+0.66+0.17 ms clock, 2.1+0.65/1.0/0+2.8 ms cpu, 4->5->2 MB, 5 MB goal, 0 MB stacks, 0 MB globals, 16 P
gc 7534 @17.824s 10%: 0.10+0.75+0.10 ms clock, 1.6+0.62/1.0/0+1.6 ms cpu, 4->5->2 MB, 5 MB goal, 0 MB stacks, 0 MB globals, 16 P
gc 7535 @17.825s 10%: 0.14+0.82+0.056 ms clock, 2.2+0.75/1.1/0.007+0.90 ms cpu, 4->5->2 MB, 5 MB goal, 0 MB stacks, 0 MB globals, 16 P
gc 7536 @17.828s 10%: 0.12+0.70+0.14 ms clock, 2.0+0.50/1.1/0+2.2 ms cpu, 4->5->2 MB, 5 MB goal, 0 MB stacks, 0 MB globals, 16 P
gc 7537 @17.830s 10%: 0.14+0.53+0.15 ms clock, 2.3+0.65/0.93/0+2.5 ms cpu, 4->5->2 MB, 5 MB goal, 0 MB stacks, 0 MB globals, 16 P
gc 7538 @17.831s 10%: 0.11+0.68+0.074 ms clock, 1.7+0.67/0.75/0.071+1.1 ms cpu, 3->4->2 MB, 4 MB goal, 0 MB stacks, 0 MB globals, 16 P
gc 7539 @17.833s 10%: 0.11+0.63+0.11 ms clock, 1.8+0.56/0.97/0.009+1.7 ms cpu, 4->4->2 MB, 4 MB goal, 0 MB stacks, 0 MB globals, 16 P
gc 7540 @17.835s 10%: 0.17+1.0+0.10 ms clock, 2.8+0.66/0.96/0+1.7 ms cpu, 4->5->2 MB, 4 MB goal, 0 MB stacks, 0 MB globals, 16 P
gc 7541 @17.837s 10%: 0.13+0.71+0.12 ms clock, 2.1+0.67/1.0/0.041+1.9 ms cpu, 4->5->2 MB, 5 MB goal, 0 MB stacks, 0 MB globals, 16 P
gc 7542 @17.839s 10%: 0.11+0.78+0.070 ms clock, 1.7+0.64/1.0/0+1.1 ms cpu, 4->5->2 MB, 5 MB goal, 0 MB stacks, 0 MB globals, 16 P
gc 7543 @17.841s 10%: 0.12+0.67+0.093 ms clock, 1.9+0.58/1.0/0.015+1.4 ms cpu, 4->4->2 MB, 5 MB goal, 0 MB stacks, 0 MB globals, 16 P
gc 7544 @17.843s 10%: 0.10+0.76+0.15 ms clock, 1.6+0.62/0.90/0+2.4 ms cpu, 3->4->2 MB, 4 MB goal, 0 MB stacks, 0 MB globals, 16 P
gc 7545 @17.845s 10%: 0.090+0.48+0.20 ms clock, 1.4+0.63/0.87/0+3.2 ms cpu, 4->4->2 MB, 4 MB goal, 0 MB stacks, 0 MB globals, 16 P
gc 7546 @17.846s 10%: 0.13+0.76+0.15 ms clock, 2.0+0.65/0.90/0+2.4 ms cpu, 3->4->2 MB, 4 MB goal, 0 MB stacks, 0 MB globals, 16 P
gc 7547 @17.848s 10%: 0.12+0.52+0.10 ms clock, 2.0+0.86/0.86/0.002+1.7 ms cpu, 4->5->2 MB, 5 MB goal, 0 MB stacks, 0 MB globals, 16 P
gc 7548 @17.850s 10%: 0.15+0.52+0.20 ms clock, 2.4+0.52/1.0/0+3.2 ms cpu, 3->4->2 MB, 4 MB goal, 0 MB stacks, 0 MB globals, 16 P
gc 7549 @17.852s 10%: 0.20+0.68+0.14 ms clock, 3.2+0.64/0.86/0+2.3 ms cpu, 3->4->2 MB, 4 MB goal, 0 MB stacks, 0 MB globals, 16 P
gc 7550 @17.854s 10%: 0.11+0.63+0.10 ms clock, 1.8+0.66/0.82/0+1.7 ms cpu, 4->4->2 MB, 5 MB goal, 0 MB stacks, 0 MB globals, 16 P
gc 7551 @17.855s 10%: 0.13+0.52+0.14 ms clock, 2.0+0.57/0.94/0.017+2.3 ms cpu, 4->4->2 MB, 4 MB goal, 0 MB stacks, 0 MB globals, 16 P
gc 7552 @17.857s 10%: 0.14+0.64+0.15 ms clock, 2.3+0.67/0.82/0+2.5 ms cpu, 3->4->2 MB, 4 MB goal, 0 MB stacks, 0 MB globals, 16 P
gc 7553 @17.859s 10%: 0.10+0.64+0.10 ms clock, 1.7+0.60/0.88/0.002+1.6 ms cpu, 4->4->2 MB, 4 MB goal, 0 MB stacks, 0 MB globals, 16 P
gc 7554 @17.861s 10%: 0.11+0.66+0.18 ms clock, 1.9+0.74/0.94/0.035+2.9 ms cpu, 4->5->2 MB, 5 MB goal, 0 MB stacks, 0 MB globals, 16 P
gc 7555 @17.862s 10%: 0.11+0.59+0.10 ms clock, 1.8+0.39/1.0/0.052+1.7 ms cpu, 4->4->2 MB, 5 MB goal, 0 MB stacks, 0 MB globals, 16 P
gc 7556 @17.864s 10%: 0.12+0.69+0.17 ms clock, 1.9+0.49/1.0/0+2.7 ms cpu, 4->4->2 MB, 4 MB goal, 0 MB stacks, 0 MB globals, 16 P
gc 7557 @17.866s 10%: 0.15+0.59+0.19 ms clock, 2.4+0.70/0.80/0.066+3.0 ms cpu, 4->5->2 MB, 5 MB goal, 0 MB stacks, 0 MB globals, 16 P
gc 7558 @17.868s 10%: 0.20+0.63+0.15 ms clock, 3.2+0.76/0.86/0+2.4 ms cpu, 3->4->2 MB, 4 MB goal, 0 MB stacks, 0 MB globals, 16 P
gc 7559 @17.870s 10%: 0.11+0.71+0.095 ms clock, 1.7+0.73/0.93/0.043+1.5 ms cpu, 4->5->2 MB, 4 MB goal, 0 MB stacks, 0 MB globals, 16 P
gc 7560 @17.871s 10%: 0.13+0.64+0.18 ms clock, 2.1+0.64/0.90/0+3.0 ms cpu, 4->5->2 MB, 4 MB goal, 0 MB stacks, 0 MB globals, 16 P
gc 7561 @17.873s 10%: 0.14+0.50+0.13 ms clock, 2.3+0.67/1.0/0.010+2.0 ms cpu, 4->4->2 MB, 5 MB goal, 0 MB stacks, 0 MB globals, 16 P
gc 7562 @17.875s 10%: 0.13+0.60+0.17 ms clock, 2.1+0.69/1.0/0.014+2.7 ms cpu, 3->4->2 MB, 4 MB goal, 0 MB stacks, 0 MB globals, 16 P
gc 7563 @17.877s 10%: 0.13+0.52+0.17 ms clock, 2.2+0.64/0.99/0+2.7 ms cpu, 4->4->2 MB, 4 MB goal, 0 MB stacks, 0 MB globals, 16 P
gc 7564 @17.878s 10%: 0.13+0.63+0.14 ms clock, 2.0+0.63/0.91/0+2.2 ms cpu, 4->5->2 MB, 4 MB goal, 0 MB stacks, 0 MB globals, 16 P
gc 7565 @17.880s 10%: 0.10+0.58+0.21 ms clock, 1.6+0.62/0.98/0+3.5 ms cpu, 4->5->2 MB, 4 MB goal, 0 MB stacks, 0 MB globals, 16 P
gc 7566 @17.882s 10%: 0.13+0.76+0.056 ms clock, 2.1+0.64/1.0/0+0.90 ms cpu, 4->5->2 MB, 4 MB goal, 0 MB stacks, 0 MB globals, 16 P
gc 7567 @17.884s 10%: 0.10+0.79+0.086 ms clock, 1.7+0.76/1.1/0+1.3 ms cpu, 4->5->2 MB, 5 MB goal, 0 MB stacks, 0 MB globals, 16 P
gc 7568 @17.886s 10%: 0.11+0.56+0.060 ms clock, 1.8+0.59/0.90/0.034+0.97 ms cpu, 4->5->2 MB, 5 MB goal, 0 MB stacks, 0 MB globals, 16 P
gc 7569 @17.888s 10%: 0.13+0.52+0.16 ms clock, 2.1+0.57/0.97/0+2.6 ms cpu, 3->4->2 MB, 4 MB goal, 0 MB stacks, 0 MB globals, 16 P
gc 7570 @17.890s 10%: 0.095+0.72+0.079 ms clock, 1.5+0.62/0.90/0+1.2 ms cpu, 4->4->2 MB, 4 MB goal, 0 MB stacks, 0 MB globals, 16 P
gc 7571 @17.891s 10%: 0.11+0.71+0.052 ms clock, 1.8+0.57/1.2/0.001+0.83 ms cpu, 3->4->2 MB, 4 MB goal, 0 MB stacks, 0 MB globals, 16 P
gc 7572 @17.893s 10%: 0.10+0.58+0.15 ms clock, 1.7+0.63/0.88/0.053+2.4 ms cpu, 4->4->2 MB, 5 MB goal, 0 MB stacks, 0 MB globals, 16 P
gc 7573 @17.895s 10%: 0.16+0.71+0.10 ms clock, 2.6+0.58/1.1/0+1.6 ms cpu, 3->4->2 MB, 4 MB goal, 0 MB stacks, 0 MB globals, 16 P
gc 7574 @17.897s 10%: 0.10+0.71+0.18 ms clock, 1.6+0.64/0.96/0+2.9 ms cpu, 4->5->2 MB, 5 MB goal, 0 MB stacks, 0 MB globals, 16 P
gc 7575 @17.899s 10%: 0.16+0.56+0.19 ms clock, 2.6+0.64/0.88/0+3.1 ms cpu, 4->4->2 MB, 4 MB goal, 0 MB stacks, 0 MB globals, 16 P
gc 7576 @17.900s 10%: 0.12+0.68+0.099 ms clock, 1.9+0.54/0.93/0+1.5 ms cpu, 4->4->2 MB, 4 MB goal, 0 MB stacks, 0 MB globals, 16 P
gc 7577 @17.902s 10%: 0.11+0.49+0.14 ms clock, 1.8+0.70/0.88/0.041+2.3 ms cpu, 4->4->2 MB, 4 MB goal, 0 MB stacks, 0 MB globals, 16 P
gc 7578 @17.903s 10%: 0.11+0.61+0.12 ms clock, 1.7+0.69/0.85/0+1.9 ms cpu, 3->4->2 MB, 4 MB goal, 0 MB stacks, 0 MB globals, 16 P
gc 7579 @17.905s 10%: 0.19+0.70+0.11 ms clock, 3.0+0.63/1.0/0+1.8 ms cpu, 3->4->2 MB, 4 MB goal, 0 MB stacks, 0 MB globals, 16 P
gc 7580 @17.907s 10%: 0.25+0.66+0.16 ms clock, 4.0+0.70/0.79/0+2.6 ms cpu, 4->5->2 MB, 5 MB goal, 0 MB stacks, 0 MB globals, 16 P
gc 7581 @17.909s 10%: 0.13+0.64+0.13 ms clock, 2.1+0.56/1.0/0+2.1 ms cpu, 3->4->2 MB, 4 MB goal, 0 MB stacks, 0 MB globals, 16 P
gc 7582 @17.911s 10%: 0.13+0.51+0.22 ms clock, 2.1+0.57/0.96/0.055+3.5 ms cpu, 4->5->2 MB, 5 MB goal, 0 MB stacks, 0 MB globals, 16 P
gc 7583 @17.912s 10%: 0.14+0.71+0.068 ms clock, 2.2+0.69/1.0/0+1.0 ms cpu, 4->4->2 MB, 4 MB goal, 0 MB stacks, 0 MB globals, 16 P
gc 7584 @17.914s 10%: 0.11+0.53+0.078 ms clock, 1.8+0.67/0.93/0+1.2 ms cpu, 4->4->2 MB, 5 MB goal, 0 MB stacks, 0 MB globals, 16 P
gc 7585 @17.916s 10%: 0.14+0.52+0.15 ms clock, 2.2+0.40/0.94/0+2.4 ms cpu, 3->4->2 MB, 4 MB goal, 0 MB stacks, 0 MB globals, 16 P
gc 7586 @17.917s 10%: 0.14+0.54+0.13 ms clock, 2.3+0.61/0.91/0+2.1 ms cpu, 3->4->2 MB, 4 MB goal, 0 MB stacks, 0 MB globals, 16 P
gc 7587 @17.919s 10%: 0.12+0.48+0.18 ms clock, 2.0+0.78/0.81/0+3.0 ms cpu, 4->4->2 MB, 4 MB goal, 0 MB stacks, 0 MB globals, 16 P
gc 7588 @17.921s 10%: 0.16+0.79+0.081 ms clock, 2.6+0.74/0.85/0+1.2 ms cpu, 3->4->2 MB, 4 MB goal, 0 MB stacks, 0 MB globals, 16 P
gc 7589 @17.923s 10%: 0.15+0.57+0.14 ms clock, 2.5+0.68/1.0/0+2.3 ms cpu, 4->5->2 MB, 5 MB goal, 0 MB stacks, 0 MB globals, 16 P
gc 7590 @17.924s 10%: 0.13+0.86+0.16 ms clock, 2.1+0.68/0.83/0+2.6 ms cpu, 4->4->2 MB, 4 MB goal, 0 MB stacks, 0 MB globals, 16 P
gc 7591 @17.926s 10%: 0.13+0.71+0.11 ms clock, 2.1+0.63/0.90/0.018+1.7 ms cpu, 4->5->2 MB, 5 MB goal, 0 MB stacks, 0 MB globals, 16 P
gc 7592 @17.928s 10%: 0.099+0.71+0.10 ms clock, 1.5+0.66/1.0/0+1.7 ms cpu, 4->5->2 MB, 4 MB goal, 0 MB stacks, 0 MB globals, 16 P
gc 7593 @17.930s 10%: 0.12+0.67+0.12 ms clock, 1.9+0.66/1.0/0+2.0 ms cpu, 4->4->2 MB, 4 MB goal, 0 MB stacks, 0 MB globals, 16 P
gc 7594 @17.932s 10%: 0.11+0.48+0.14 ms clock, 1.8+0.66/0.85/0+2.3 ms cpu, 4->4->2 MB, 4 MB goal, 0 MB stacks, 0 MB globals, 16 P
gc 7595 @17.934s 10%: 0.24+0.64+0.17 ms clock, 3.9+0.63/0.98/0+2.8 ms cpu, 3->4->2 MB, 4 MB goal, 0 MB stacks, 0 MB globals, 16 P
gc 7596 @17.935s 10%: 0.14+0.47+0.18 ms clock, 2.3+0.52/0.96/0+2.9 ms cpu, 4->4->2 MB, 5 MB goal, 0 MB stacks, 0 MB globals, 16 P
gc 7597 @17.937s 10%: 0.11+0.80+0.099 ms clock, 1.8+0.67/0.96/0.008+1.5 ms cpu, 3->4->2 MB, 4 MB goal, 0 MB stacks, 0 MB globals, 16 P
gc 7598 @17.939s 10%: 0.11+0.74+0.059 ms clock, 1.8+0.56/1.0/0+0.95 ms cpu, 4->4->2 MB, 4 MB goal, 0 MB stacks, 0 MB globals, 16 P
gc 7599 @17.941s 10%: 0.16+0.52+0.21 ms clock, 2.7+0.80/0.81/0.057+3.3 ms cpu, 4->4->2 MB, 4 MB goal, 0 MB stacks, 0 MB globals, 16 P
gc 7600 @17.942s 10%: 0.15+0.59+0.21 ms clock, 2.4+0.68/0.96/0+3.4 ms cpu, 4->4->2 MB, 4 MB goal, 0 MB stacks, 0 MB globals, 16 P
gc 7601 @17.944s 10%: 0.18+0.64+0.12 ms clock, 2.8+0.81/0.84/0.011+1.9 ms cpu, 4->5->2 MB, 4 MB goal, 0 MB stacks, 0 MB globals, 16 P
gc 7602 @17.946s 10%: 0.12+0.67+0.14 ms clock, 2.0+0.59/0.91/0+2.3 ms cpu, 4->5->2 MB, 5 MB goal, 0 MB stacks, 0 MB globals, 16 P
gc 7603 @17.948s 10%: 0.10+0.63+0.11 ms clock, 1.6+0.66/0.95/0+1.7 ms cpu, 4->4->2 MB, 4 MB goal, 0 MB stacks, 0 MB globals, 16 P
gc 7604 @17.950s 10%: 0.13+0.53+0.14 ms clock, 2.2+0.84/0.83/0+2.2 ms cpu, 4->4->2 MB, 4 MB goal, 0 MB stacks, 0 MB globals, 16 P
gc 7605 @17.951s 10%: 0.12+0.55+0.20 ms clock, 1.9+0.49/1.0/0+3.2 ms cpu, 3->4->2 MB, 4 MB goal, 0 MB stacks, 0 MB globals, 16 P
gc 7606 @17.953s 10%: 0.17+0.60+0.090 ms clock, 2.7+0.59/0.83/0.033+1.4 ms cpu, 4->4->2 MB, 4 MB goal, 0 MB stacks, 0 MB globals, 16 P
gc 7607 @17.954s 10%: 0.13+0.62+0.17 ms clock, 2.1+0.65/1.0/0.005+2.7 ms cpu, 3->4->2 MB, 4 MB goal, 0 MB stacks, 0 MB globals, 16 P
gc 7608 @17.956s 10%: 0.24+0.67+0.13 ms clock, 3.8+0.79/0.94/0+2.1 ms cpu, 4->5->2 MB, 5 MB goal, 0 MB stacks, 0 MB globals, 16 P
gc 7609 @17.958s 10%: 0.16+0.71+0.19 ms clock, 2.6+0.70/0.90/0.020+3.1 ms cpu, 4->5->2 MB, 4 MB goal, 0 MB stacks, 0 MB globals, 16 P
gc 7610 @17.960s 10%: 0.16+0.56+0.20 ms clock, 2.6+0.67/0.94/0+3.2 ms cpu, 4->5->2 MB, 4 MB goal, 0 MB stacks, 0 MB globals, 16 P
gc 7611 @17.962s 10%: 0.093+0.72+0.077 ms clock, 1.4+0.63/0.93/0+1.2 ms cpu, 4->5->2 MB, 4 MB goal, 0 MB stacks, 0 MB globals, 16 P
gc 7612 @17.964s 10%: 0.097+0.53+0.16 ms clock, 1.5+0.51/0.95/0+2.6 ms cpu, 4->4->2 MB, 4 MB goal, 0 MB stacks, 0 MB globals, 16 P
gc 7613 @17.965s 10%: 0.13+0.51+0.21 ms clock, 2.2+0.66/0.99/0.047+3.4 ms cpu, 3->4->2 MB, 4 MB goal, 0 MB stacks, 0 MB globals, 16 P
gc 7614 @17.967s 10%: 0.11+0.78+0.10 ms clock, 1.8+0.82/0.90/0+1.7 ms cpu, 3->4->2 MB, 4 MB goal, 0 MB stacks, 0 MB globals, 16 P
gc 7615 @17.969s 10%: 0.11+0.75+0.089 ms clock, 1.8+0.59/1.0/0+1.4 ms cpu, 4->5->2 MB, 5 MB goal, 0 MB stacks, 0 MB globals, 16 P
gc 7616 @17.971s 10%: 0.10+0.58+0.090 ms clock, 1.6+0.54/0.98/0+1.4 ms cpu, 4->4->2 MB, 5 MB goal, 0 MB stacks, 0 MB globals, 16 P
gc 7617 @17.972s 10%: 0.12+0.77+0.095 ms clock, 2.0+0.55/1.0/0+1.5 ms cpu, 3->4->2 MB, 4 MB goal, 0 MB stacks, 0 MB globals, 16 P
gc 7618 @17.974s 10%: 0.13+0.74+0.10 ms clock, 2.1+0.60/1.0/0+1.6 ms cpu, 4->5->2 MB, 5 MB goal, 0 MB stacks, 0 MB globals, 16 P
gc 7619 @17.976s 10%: 0.11+0.83+0.11 ms clock, 1.8+0.76/0.83/0.007+1.8 ms cpu, 4->5->2 MB, 5 MB goal, 0 MB stacks, 0 MB globals, 16 P
gc 7620 @17.979s 10%: 0.14+0.67+0.11 ms clock, 2.3+0.46/1.1/0+1.7 ms cpu, 4->5->2 MB, 5 MB goal, 0 MB stacks, 0 MB globals, 16 P
gc 7621 @17.981s 10%: 0.12+1.0+0.075 ms clock, 1.9+0.59/0.95/0.14+1.2 ms cpu, 4->5->2 MB, 5 MB goal, 0 MB stacks, 0 MB globals, 16 P
gc 7622 @17.983s 10%: 0.20+0.59+0.11 ms clock, 3.2+0.59/0.97/0.013+1.8 ms cpu, 4->5->2 MB, 5 MB goal, 0 MB stacks, 0 MB globals, 16 P
gc 7623 @17.985s 10%: 0.10+0.56+0.15 ms clock, 1.6+0.58/0.82/0.17+2.4 ms cpu, 4->4->1 MB, 4 MB goal, 0 MB stacks, 0 MB globals, 16 P
gc 7624 @17.986s 10%: 0.20+0.52+0.14 ms clock, 3.3+0.60/0.90/0+2.2 ms cpu, 3->4->2 MB, 4 MB goal, 0 MB stacks, 0 MB globals, 16 P
gc 7625 @17.988s 10%: 0.12+0.63+0.14 ms clock, 1.9+0.51/1.0/0+2.3 ms cpu, 4->4->2 MB, 4 MB goal, 0 MB stacks, 0 MB globals, 16 P
gc 7626 @17.990s 10%: 0.10+0.60+0.14 ms clock, 1.6+0.60/0.88/0.010+2.2 ms cpu, 4->4->2 MB, 4 MB goal, 0 MB stacks, 0 MB globals, 16 P
gc 7627 @17.991s 10%: 0.16+0.59+0.16 ms clock, 2.6+0.59/1.0/0.008+2.6 ms cpu, 3->4->2 MB, 4 MB goal, 0 MB stacks, 0 MB globals, 16 P
gc 7628 @17.993s 10%: 0.12+0.62+0.098 ms clock, 1.9+0.71/0.97/0.002+1.5 ms cpu, 4->4->2 MB, 4 MB goal, 0 MB stacks, 0 MB globals, 16 P
gc 7629 @17.995s 10%: 0.11+0.65+0.18 ms clock, 1.8+0.46/0.93/0.056+3.0 ms cpu, 4->4->2 MB, 4 MB goal, 0 MB stacks, 0 MB globals, 16 P
gc 7630 @17.997s 10%: 0.12+0.69+0.21 ms clock, 2.0+0.69/1.0/0+3.3 ms cpu, 4->5->2 MB, 4 MB goal, 0 MB stacks, 0 MB globals, 16 P
gc 7631 @17.998s 10%: 0.11+0.57+0.16 ms clock, 1.7+0.78/0.82/0+2.7 ms cpu, 4->4->2 MB, 4 MB goal, 0 MB stacks, 0 MB globals, 16 P
gc 7632 @18.000s 10%: 0.15+0.51+0.11 ms clock, 2.5+0.49/0.96/0+1.7 ms cpu, 4->4->2 MB, 4 MB goal, 0 MB stacks, 0 MB globals, 16 P
gc 7633 @18.002s 10%: 0.14+0.79+0.084 ms clock, 2.3+0.61/1.0/0.010+1.3 ms cpu, 3->5->2 MB, 4 MB goal, 0 MB stacks, 0 MB globals, 16 P
gc 7634 @18.004s 10%: 0.13+0.58+0.15 ms clock, 2.1+0.49/1.0/0+2.4 ms cpu, 4->5->2 MB, 5 MB goal, 0 MB stacks, 0 MB globals, 16 P
gc 7635 @18.006s 10%: 0.096+0.60+0.10 ms clock, 1.5+0.82/0.86/0.050+1.6 ms cpu, 4->4->2 MB, 4 MB goal, 0 MB stacks, 0 MB globals, 16 P
gc 7636 @18.007s 10%: 0.10+0.56+0.094 ms clock, 1.6+0.70/0.91/0+1.5 ms cpu, 3->4->2 MB, 4 MB goal, 0 MB stacks, 0 MB globals, 16 P
gc 7637 @18.009s 10%: 0.13+0.61+0.11 ms clock, 2.1+0.69/0.91/0.008+1.8 ms cpu, 3->4->2 MB, 4 MB goal, 0 MB stacks, 0 MB globals, 16 P
gc 7638 @18.011s 10%: 0.14+0.69+0.10 ms clock, 2.3+0.57/1.2/0+1.7 ms cpu, 4->4->2 MB, 4 MB goal, 0 MB stacks, 0 MB globals, 16 P
gc 7639 @18.013s 10%: 0.13+0.59+0.25 ms clock, 2.2+0.52/1.0/0.007+4.0 ms cpu, 4->5->2 MB, 4 MB goal, 0 MB stacks, 0 MB globals, 16 P
gc 7640 @18.015s 10%: 0.11+0.55+0.11 ms clock, 1.7+0.60/0.88/0+1.7 ms cpu, 4->4->2 MB, 4 MB goal, 0 MB stacks, 0 MB globals, 16 P
gc 7641 @18.016s 10%: 0.092+0.55+0.16 ms clock, 1.4+0.31/1.0/0+2.6 ms cpu, 3->4->2 MB, 4 MB goal, 0 MB stacks, 0 MB globals, 16 P
gc 7642 @18.018s 10%: 0.15+0.65+0.091 ms clock, 2.5+0.64/0.86/0+1.4 ms cpu, 3->4->2 MB, 4 MB goal, 0 MB stacks, 0 MB globals, 16 P
gc 7643 @18.020s 10%: 0.15+0.57+0.10 ms clock, 2.4+0.47/0.97/0+1.6 ms cpu, 4->4->2 MB, 4 MB goal, 0 MB stacks, 0 MB globals, 16 P
gc 7644 @18.021s 10%: 0.10+0.56+0.15 ms clock, 1.7+0.67/1.0/0.006+2.5 ms cpu, 3->4->2 MB, 4 MB goal, 0 MB stacks, 0 MB globals, 16 P
gc 7645 @18.023s 10%: 0.13+0.74+0.11 ms clock, 2.1+0.76/0.92/0+1.8 ms cpu, 4->4->2 MB, 4 MB goal, 0 MB stacks, 0 MB globals, 16 P
gc 7646 @18.025s 10%: 0.10+0.73+0.083 ms clock, 1.7+0.68/0.87/0.009+1.3 ms cpu, 4->5->2 MB, 5 MB goal, 0 MB stacks, 0 MB globals, 16 P
gc 7647 @18.027s 10%: 0.074+0.47+0.15 ms clock, 1.1+0.66/0.85/0+2.4 ms cpu, 4->4->2 MB, 4 MB goal, 0 MB stacks, 0 MB globals, 16 P
gc 7648 @18.028s 10%: 0.25+0.87+0.13 ms clock, 4.0+0.80/0.80/0+2.1 ms cpu, 3->4->2 MB, 4 MB goal, 0 MB stacks, 0 MB globals, 16 P
gc 7649 @18.031s 10%: 0.11+0.57+0.16 ms clock, 1.8+0.65/0.94/0+2.5 ms cpu, 4->5->2 MB, 5 MB goal, 0 MB stacks, 0 MB globals, 16 P
gc 7650 @18.032s 10%: 0.18+0.61+0.10 ms clock, 2.9+0.65/0.89/0+1.6 ms cpu, 4->4->2 MB, 4 MB goal, 0 MB stacks, 0 MB globals, 16 P
gc 7651 @18.034s 10%: 0.10+0.63+0.15 ms clock, 1.6+0.67/0.94/0.024+2.5 ms cpu, 4->5->2 MB, 4 MB goal, 0 MB stacks, 0 MB globals, 16 P
gc 7652 @18.036s 10%: 0.12+0.54+0.14 ms clock, 1.9+0.46/0.94/0+2.3 ms cpu, 4->4->2 MB, 4 MB goal, 0 MB stacks, 0 MB globals, 16 P
gc 7653 @18.037s 10%: 0.13+0.49+0.21 ms clock, 2.1+0.54/0.91/0.016+3.4 ms cpu, 3->4->1 MB, 4 MB goal, 0 MB stacks, 0 MB globals, 16 P
gc 7654 @18.039s 10%: 0.11+0.47+0.17 ms clock, 1.9+0.73/0.92/0+2.8 ms cpu, 3->4->2 MB, 4 MB goal, 0 MB stacks, 0 MB globals, 16 P
gc 7655 @18.040s 10%: 0.14+0.64+0.11 ms clock, 2.2+0.66/0.93/0+1.8 ms cpu, 4->4->2 MB, 4 MB goal, 0 MB stacks, 0 MB globals, 16 P
gc 7656 @18.042s 10%: 0.11+0.66+0.17 ms clock, 1.8+0.71/0.89/0+2.8 ms cpu, 4->4->2 MB, 4 MB goal, 0 MB stacks, 0 MB globals, 16 P
gc 7657 @18.044s 10%: 0.12+0.46+0.19 ms clock, 1.9+0.66/0.97/0.038+3.1 ms cpu, 3->4->2 MB, 4 MB goal, 0 MB stacks, 0 MB globals, 16 P
gc 7658 @18.045s 10%: 0.12+0.63+0.11 ms clock, 2.0+0.68/0.98/0+1.9 ms cpu, 3->4->2 MB, 4 MB goal, 0 MB stacks, 0 MB globals, 16 P
gc 7659 @18.047s 10%: 0.14+0.54+0.13 ms clock, 2.3+0.72/1.0/0+2.1 ms cpu, 3->4->2 MB, 4 MB goal, 0 MB stacks, 0 MB globals, 16 P
gc 7660 @18.049s 10%: 0.13+0.59+0.12 ms clock, 2.1+0.66/0.86/0+1.9 ms cpu, 3->4->2 MB, 4 MB goal, 0 MB stacks, 0 MB globals, 16 P
gc 7661 @18.050s 10%: 0.092+0.62+0.14 ms clock, 1.4+0.52/0.85/0.042+2.3 ms cpu, 4->5->2 MB, 5 MB goal, 0 MB stacks, 0 MB globals, 16 P
gc 7662 @18.052s 10%: 0.15+0.51+0.18 ms clock, 2.4+0.60/0.84/0+2.9 ms cpu, 3->4->1 MB, 4 MB goal, 0 MB stacks, 0 MB globals, 16 P
gc 7663 @18.053s 10%: 0.13+0.74+0.088 ms clock, 2.1+0.81/1.0/0+1.4 ms cpu, 3->4->2 MB, 4 MB goal, 0 MB stacks, 0 MB globals, 16 P
gc 7664 @18.055s 10%: 0.12+0.61+0.16 ms clock, 1.9+0.59/0.89/0.028+2.6 ms cpu, 4->5->2 MB, 5 MB goal, 0 MB stacks, 0 MB globals, 16 P
gc 7665 @18.057s 10%: 0.12+0.53+0.12 ms clock, 2.0+0.66/1.0/0+2.0 ms cpu, 4->4->2 MB, 4 MB goal, 0 MB stacks, 0 MB globals, 16 P
gc 7666 @18.059s 10%: 0.12+0.59+0.15 ms clock, 1.9+0.54/1.0/0+2.4 ms cpu, 3->4->2 MB, 4 MB goal, 0 MB stacks, 0 MB globals, 16 P
gc 7667 @18.060s 10%: 0.15+0.62+0.10 ms clock, 2.4+0.65/0.82/0+1.6 ms cpu, 4->4->2 MB, 4 MB goal, 0 MB stacks, 0 MB globals, 16 P
gc 7668 @18.062s 10%: 0.17+0.60+0.16 ms clock, 2.8+0.56/0.94/0+2.6 ms cpu, 4->4->2 MB, 4 MB goal, 0 MB stacks, 0 MB globals, 16 P
gc 7669 @18.064s 10%: 0.18+0.62+0.045 ms clock, 2.9+0.75/0.95/0+0.72 ms cpu, 3->4->2 MB, 4 MB goal, 0 MB stacks, 0 MB globals, 16 P
gc 7670 @18.066s 10%: 0.17+0.64+0.098 ms clock, 2.8+0.66/0.91/0+1.5 ms cpu, 4->5->2 MB, 4 MB goal, 0 MB stacks, 0 MB globals, 16 P
gc 7671 @18.068s 10%: 0.11+0.62+0.095 ms clock, 1.8+0.65/0.91/0+1.5 ms cpu, 4->5->2 MB, 5 MB goal, 0 MB stacks, 0 MB globals, 16 P
gc 7672 @18.070s 10%: 0.13+0.53+0.17 ms clock, 2.1+0.63/0.93/0+2.8 ms cpu, 3->4->2 MB, 4 MB goal, 0 MB stacks, 0 MB globals, 16 P
gc 7673 @18.071s 10%: 0.12+0.51+0.16 ms clock, 2.0+0.60/0.87/0.014+2.6 ms cpu, 3->4->2 MB, 4 MB goal, 0 MB stacks, 0 MB globals, 16 P
gc 7674 @18.073s 10%: 0.12+0.53+0.16 ms clock, 2.0+0.52/0.95/0.010+2.6 ms cpu, 3->4->2 MB, 4 MB goal, 0 MB stacks, 0 MB globals, 16 P
gc 7675 @18.074s 10%: 0.11+0.75+0.17 ms clock, 1.8+0.72/0.85/0+2.7 ms cpu, 3->4->2 MB, 4 MB goal, 0 MB stacks, 0 MB globals, 16 P
gc 7676 @18.076s 10%: 0.12+0.72+0.098 ms clock, 2.0+0.67/0.97/0.091+1.5 ms cpu, 4->5->2 MB, 4 MB goal, 0 MB stacks, 0 MB globals, 16 P
gc 7677 @18.078s 10%: 0.13+0.62+0.18 ms clock, 2.0+0.80/0.91/0+2.9 ms cpu, 4->5->2 MB, 5 MB goal, 0 MB stacks, 0 MB globals, 16 P
gc 7678 @18.080s 10%: 0.14+0.52+0.20 ms clock, 2.2+0.59/0.95/0+3.2 ms cpu, 4->4->2 MB, 4 MB goal, 0 MB stacks, 0 MB globals, 16 P
gc 7679 @18.082s 10%: 0.12+0.61+0.24 ms clock, 2.0+0.62/0.82/0.029+3.9 ms cpu, 3->4->2 MB, 4 MB goal, 0 MB stacks, 0 MB globals, 16 P
gc 7680 @18.083s 10%: 0.17+1.0+0.13 ms clock, 2.8+0.74/1.3/0+2.1 ms cpu, 3->5->2 MB, 4 MB goal, 0 MB stacks, 0 MB globals, 16 P
gc 7681 @18.086s 10%: 0.097+0.60+0.18 ms clock, 1.5+0.61/0.92/0+2.9 ms cpu, 5->5->2 MB, 6 MB goal, 0 MB stacks, 0 MB globals, 16 P
gc 7682 @18.088s 10%: 0.15+0.71+0.098 ms clock, 2.4+0.82/0.91/0+1.5 ms cpu, 3->4->2 MB, 4 MB goal, 0 MB stacks, 0 MB globals, 16 P
gc 7683 @18.090s 10%: 0.14+0.64+0.12 ms clock, 2.2+0.66/1.0/0+1.9 ms cpu, 4->5->2 MB, 5 MB goal, 0 MB stacks, 0 MB globals, 16 P
gc 7684 @18.092s 10%: 0.12+0.77+0.056 ms clock, 2.0+0.71/1.0/0+0.90 ms cpu, 4->5->2 MB, 4 MB goal, 0 MB stacks, 0 MB globals, 16 P
gc 7685 @18.094s 10%: 0.14+0.73+0.10 ms clock, 2.3+0.63/0.96/0+1.6 ms cpu, 4->5->2 MB, 5 MB goal, 0 MB stacks, 0 MB globals, 16 P
gc 7686 @18.096s 10%: 0.11+0.92+0.090 ms clock, 1.7+0.79/0.85/0.013+1.4 ms cpu, 4->5->2 MB, 5 MB goal, 0 MB stacks, 0 MB globals, 16 P
gc 7687 @18.098s 10%: 0.20+0.61+0.094 ms clock, 3.3+0.61/1.1/0.005+1.5 ms cpu, 4->5->2 MB, 5 MB goal, 0 MB stacks, 0 MB globals, 16 P
gc 7688 @18.100s 10%: 0.14+0.83+0.13 ms clock, 2.3+0.81/0.79/0+2.2 ms cpu, 4->5->2 MB, 5 MB goal, 0 MB stacks, 0 MB globals, 16 P
