2026/03/14 08:05:21 Running in dev mode.
2026/03/14 08:05:21 STUN server listening on [::]:3478
2026/03/14 08:05:21 No mesh key specified for dev via TAILSCALE_DERPER_MESH_KEY
2026/03/14 08:05:21 No mesh key configured for --dev mode
2026/03/14 08:05:21 derper: serving on :3340
gc 1 @33.881s 0%: 0.23+1.1+0.029 ms clock, 0.46+0.55/0.84/0+0.059 ms cpu, 3->3->0 MB, 4 MB goal, 0 MB stacks, 0 MB globals, 2 P
gc 2 @33.901s 0%: 0.024+1.1+0.003 ms clock, 0.048+0.82/0.45/0+0.007 ms cpu, 3->3->0 MB, 4 MB goal, 0 MB stacks, 0 MB globals, 2 P
gc 3 @33.918s 0%: 0.042+0.98+0.003 ms clock, 0.084+0.68/0.38/0+0.006 ms cpu, 3->3->0 MB, 4 MB goal, 0 MB stacks, 0 MB globals, 2 P
gc 4 @33.936s 0%: 0.020+0.75+0.028 ms clock, 0.040+0.73/0.32/0+0.056 ms cpu, 3->3->0 MB, 4 MB goal, 0 MB stacks, 0 MB globals, 2 P
gc 5 @33.954s 0%: 0.015+1.0+0.042 ms clock, 0.030+0.75/0.44/0+0.084 ms cpu, 3->3->0 MB, 4 MB goal, 0 MB stacks, 0 MB globals, 2 P
gc 6 @33.971s 0%: 0.033+0.78+0.026 ms clock, 0.066+0.68/0.36/0+0.053 ms cpu, 3->3->0 MB, 4 MB goal, 0 MB stacks, 0 MB globals, 2 P
gc 7 @33.989s 0%: 0.017+0.69+0.045 ms clock, 0.034+0.65/0.36/0+0.090 ms cpu, 3->3->0 MB, 4 MB goal, 0 MB stacks, 0 MB globals, 2 P
gc 8 @34.007s 0%: 0.026+0.70+0.004 ms clock, 0.053+0.52/0.47/0+0.008 ms cpu, 3->3->0 MB, 4 MB goal, 0 MB stacks, 0 MB globals, 2 P
gc 9 @34.025s 0%: 0.019+0.78+0.033 ms clock, 0.039+0.58/0.50/0+0.066 ms cpu, 3->3->0 MB, 4 MB goal, 0 MB stacks, 0 MB globals, 2 P
gc 10 @34.043s 0%: 0.059+0.77+0.013 ms clock, 0.11+0.59/0.45/0+0.027 ms cpu, 3->3->0 MB, 4 MB goal, 0 MB stacks, 0 MB globals, 2 P
gc 11 @34.062s 0%: 0.048+0.72+0.016 ms clock, 0.096+0.56/0.46/0+0.032 ms cpu, 3->3->0 MB, 4 MB goal, 0 MB stacks, 0 MB globals, 2 P
gc 12 @34.081s 0%: 0.060+0.73+0.026 ms clock, 0.12+0.73/0.40/0+0.052 ms cpu, 3->3->0 MB, 4 MB goal, 0 MB stacks, 0 MB globals, 2 P
gc 13 @34.099s 0%: 0.015+0.74+0.022 ms clock, 0.031+0.70/0.42/0+0.044 ms cpu, 3->3->0 MB, 4 MB goal, 0 MB stacks, 0 MB globals, 2 P
gc 14 @34.118s 0%: 0.017+0.71+0.024 ms clock, 0.034+0.57/0.49/0+0.048 ms cpu, 3->3->0 MB, 4 MB goal, 0 MB stacks, 0 MB globals, 2 P
gc 15 @34.137s 0%: 0.053+0.90+0.030 ms clock, 0.10+0.46/0.43/0+0.060 ms cpu, 3->3->0 MB, 4 MB goal, 0 MB stacks, 0 MB globals, 2 P
gc 16 @34.156s 0%: 0.45+0.82+0.008 ms clock, 0.90+0.47/0.49/0+0.017 ms cpu, 3->3->0 MB, 4 MB goal, 0 MB stacks, 0 MB globals, 2 P
gc 17 @34.175s 0%: 0.019+0.94+0.003 ms clock, 0.039+0.68/0.41/0+0.006 ms cpu, 3->3->0 MB, 4 MB goal, 0 MB stacks, 0 MB globals, 2 P
gc 18 @34.193s 0%: 0.021+0.85+0.018 ms clock, 0.042+0.51/0.45/0+0.036 ms cpu, 3->3->0 MB, 4 MB goal, 0 MB stacks, 0 MB globals, 2 P
gc 19 @34.211s 0%: 0.033+0.80+0.004 ms clock, 0.067+0.65/0.45/0+0.009 ms cpu, 3->3->0 MB, 4 MB goal, 0 MB stacks, 0 MB globals, 2 P
gc 20 @34.230s 0%: 0.025+0.80+0.022 ms clock, 0.050+0.65/0.49/0+0.045 ms cpu, 3->3->0 MB, 4 MB goal, 0 MB stacks, 0 MB globals, 2 P
gc 21 @34.248s 0%: 0.026+0.71+0.009 ms clock, 0.052+0.70/0.37/0+0.018 ms cpu, 3->3->0 MB, 4 MB goal, 0 MB stacks, 0 MB globals, 2 P
gc 22 @34.266s 0%: 0.034+0.69+0.039 ms clock, 0.069+0.56/0.53/0+0.078 ms cpu, 3->3->0 MB, 4 MB goal, 0 MB stacks, 0 MB globals, 2 P
gc 23 @34.285s 0%: 0.010+0.67+0.021 ms clock, 0.020+0.53/0.45/0+0.043 ms cpu, 3->3->0 MB, 4 MB goal, 0 MB stacks, 0 MB globals, 2 P
gc 24 @34.304s 0%: 0.042+0.84+0.006 ms clock, 0.085+0.64/0.46/0+0.012 ms cpu, 3->3->0 MB, 4 MB goal, 0 MB stacks, 0 MB globals, 2 P
gc 25 @34.323s 0%: 0.29+0.50+0.003 ms clock, 0.59+0.48/0.45/0+0.007 ms cpu, 3->3->0 MB, 4 MB goal, 0 MB stacks, 0 MB globals, 2 P
gc 26 @34.342s 0%: 0.020+0.65+0.018 ms clock, 0.041+0.54/0.47/0+0.036 ms cpu, 3->3->0 MB, 4 MB goal, 0 MB stacks, 0 MB globals, 2 P
gc 27 @34.361s 0%: 0.018+1.2+0.002 ms clock, 0.036+0.43/0.49/0+0.005 ms cpu, 3->3->0 MB, 4 MB goal, 0 MB stacks, 0 MB globals, 2 P
gc 28 @34.380s 0%: 0.054+0.71+0.038 ms clock, 0.10+0.62/0.37/0+0.076 ms cpu, 3->3->0 MB, 4 MB goal, 0 MB stacks, 0 MB globals, 2 P
gc 29 @34.400s 0%: 0.013+0.89+0.035 ms clock, 0.027+0.79/0.35/0+0.071 ms cpu, 3->3->0 MB, 4 MB goal, 0 MB stacks, 0 MB globals, 2 P
gc 30 @34.417s 0%: 0.042+0.76+0.011 ms clock, 0.085+0.58/0.50/0+0.022 ms cpu, 3->3->0 MB, 4 MB goal, 0 MB stacks, 0 MB globals, 2 P
gc 31 @34.434s 0%: 0.038+0.96+0.004 ms clock, 0.076+0.71/0.36/0+0.009 ms cpu, 3->3->0 MB, 4 MB goal, 0 MB stacks, 0 MB globals, 2 P
gc 32 @34.451s 0%: 0.032+0.72+0.011 ms clock, 0.064+0.69/0.33/0+0.022 ms cpu, 3->3->0 MB, 4 MB goal, 0 MB stacks, 0 MB globals, 2 P
gc 33 @34.468s 0%: 0.61+0.48+0.035 ms clock, 1.2+0.32/0.69/0+0.070 ms cpu, 3->3->0 MB, 4 MB goal, 0 MB stacks, 0 MB globals, 2 P
gc 34 @34.484s 0%: 0.047+0.69+0.003 ms clock, 0.095+0.60/0.38/0+0.006 ms cpu, 3->3->0 MB, 4 MB goal, 0 MB stacks, 0 MB globals, 2 P
gc 35 @34.501s 0%: 0.012+0.81+0.003 ms clock, 0.024+0.71/0.46/0+0.006 ms cpu, 3->3->0 MB, 4 MB goal, 0 MB stacks, 0 MB globals, 2 P
gc 36 @34.518s 0%: 0.035+0.72+0.003 ms clock, 0.070+0.67/0.38/0+0.006 ms cpu, 3->3->0 MB, 4 MB goal, 0 MB stacks, 0 MB globals, 2 P
gc 37 @34.536s 0%: 0.036+0.74+0.002 ms clock, 0.072+0.70/0.38/0+0.005 ms cpu, 3->3->0 MB, 4 MB goal, 0 MB stacks, 0 MB globals, 2 P
gc 38 @34.555s 0%: 0.059+0.68+0.002 ms clock, 0.11+0.60/0.36/0+0.005 ms cpu, 3->3->0 MB, 4 MB goal, 0 MB stacks, 0 MB globals, 2 P
gc 39 @34.573s 0%: 0.015+0.70+0.026 ms clock, 0.031+0.69/0.36/0+0.053 ms cpu, 3->3->0 MB, 4 MB goal, 0 MB stacks, 0 MB globals, 2 P
gc 40 @34.592s 0%: 0.020+1.1+0.003 ms clock, 0.041+0.49/0.51/0+0.006 ms cpu, 3->3->0 MB, 4 MB goal, 0 MB stacks, 0 MB globals, 2 P
gc 41 @34.611s 0%: 0.028+0.83+0.016 ms clock, 0.056+0.75/0.42/0+0.032 ms cpu, 3->3->0 MB, 4 MB goal, 0 MB stacks, 0 MB globals, 2 P
gc 42 @34.629s 0%: 0.031+0.97+0.002 ms clock, 0.063+0.64/0.34/0+0.005 ms cpu, 3->3->0 MB, 4 MB goal, 0 MB stacks, 0 MB globals, 2 P
gc 43 @34.647s 0%: 0.011+1.2+0.003 ms clock, 0.022+0.38/0.52/0+0.007 ms cpu, 3->3->0 MB, 4 MB goal, 0 MB stacks, 0 MB globals, 2 P
gc 44 @34.666s 0%: 0.033+0.92+0.003 ms clock, 0.067+0.71/0.38/0+0.006 ms cpu, 3->3->0 MB, 4 MB goal, 0 MB stacks, 0 MB globals, 2 P
gc 45 @34.684s 0%: 0.038+0.74+0.003 ms clock, 0.077+0.77/0.34/0+0.007 ms cpu, 3->3->0 MB, 4 MB goal, 0 MB stacks, 0 MB globals, 2 P
gc 46 @34.702s 0%: 0.017+0.73+0.017 ms clock, 0.035+0.65/0.39/0+0.035 ms cpu, 3->3->0 MB, 4 MB goal, 0 MB stacks, 0 MB globals, 2 P
gc 47 @34.720s 0%: 0.029+0.83+0.021 ms clock, 0.059+0.61/0.52/0+0.042 ms cpu, 3->3->0 MB, 4 MB goal, 0 MB stacks, 0 MB globals, 2 P
gc 48 @34.738s 0%: 0.044+0.91+0.012 ms clock, 0.088+0.65/0.47/0+0.024 ms cpu, 3->3->0 MB, 4 MB goal, 0 MB stacks, 0 MB globals, 2 P
gc 49 @34.757s 0%: 0.017+1.0+0.002 ms clock, 0.034+0.69/0.37/0+0.005 ms cpu, 3->3->0 MB, 4 MB goal, 0 MB stacks, 0 MB globals, 2 P
gc 50 @34.774s 0%: 0.43+0.34+0.033 ms clock, 0.86+0.39/0.51/0+0.066 ms cpu, 3->3->0 MB, 4 MB goal, 0 MB stacks, 0 MB globals, 2 P
gc 51 @34.792s 0%: 0.043+0.69+0.028 ms clock, 0.086+0.68/0.40/0+0.056 ms cpu, 3->3->0 MB, 4 MB goal, 0 MB stacks, 0 MB globals, 2 P
gc 52 @34.809s 0%: 0.040+0.72+0.027 ms clock, 0.081+0.62/0.40/0+0.055 ms cpu, 3->3->0 MB, 4 MB goal, 0 MB stacks, 0 MB globals, 2 P
gc 53 @34.827s 0%: 0.19+0.68+0.002 ms clock, 0.39+0.53/0.49/0+0.005 ms cpu, 3->3->0 MB, 4 MB goal, 0 MB stacks, 0 MB globals, 2 P
gc 54 @34.844s 0%: 0.026+1.0+0.002 ms clock, 0.053+0.69/0.47/0+0.005 ms cpu, 3->3->0 MB, 4 MB goal, 0 MB stacks, 0 MB globals, 2 P
gc 55 @34.862s 0%: 0.028+1.0+0.003 ms clock, 0.056+0.73/0.43/0+0.006 ms cpu, 3->3->0 MB, 4 MB goal, 0 MB stacks, 0 MB globals, 2 P
gc 56 @34.879s 0%: 0.032+0.82+0.025 ms clock, 0.064+0.68/0.47/0+0.050 ms cpu, 3->3->0 MB, 4 MB goal, 0 MB stacks, 0 MB globals, 2 P
gc 57 @34.897s 0%: 0.014+0.68+0.002 ms clock, 0.029+0.67/0.38/0+0.005 ms cpu, 3->3->0 MB, 4 MB goal, 0 MB stacks, 0 MB globals, 2 P
gc 58 @34.915s 0%: 0.030+0.79+0.013 ms clock, 0.061+0.61/0.52/0+0.027 ms cpu, 3->3->0 MB, 4 MB goal, 0 MB stacks, 0 MB globals, 2 P
gc 59 @34.932s 0%: 0.045+0.91+0.003 ms clock, 0.090+0.69/0.36/0+0.007 ms cpu, 3->3->0 MB, 4 MB goal, 0 MB stacks, 0 MB globals, 2 P
gc 60 @34.950s 0%: 0.045+0.93+0.026 ms clock, 0.090+0.69/0.42/0+0.052 ms cpu, 3->3->0 MB, 4 MB goal, 0 MB stacks, 0 MB globals, 2 P
gc 61 @34.968s 0%: 0.036+0.89+0.005 ms clock, 0.072+0.67/0.50/0+0.011 ms cpu, 3->3->0 MB, 4 MB goal, 0 MB stacks, 0 MB globals, 2 P
gc 62 @34.986s 0%: 0.034+0.77+0.041 ms clock, 0.068+0.68/0.45/0+0.082 ms cpu, 3->3->0 MB, 4 MB goal, 0 MB stacks, 0 MB globals, 2 P
gc 63 @35.004s 0%: 0.015+0.99+0.003 ms clock, 0.031+0.57/0.42/0+0.006 ms cpu, 3->3->0 MB, 4 MB goal, 0 MB stacks, 0 MB globals, 2 P
gc 64 @35.022s 0%: 0.14+0.65+0.047 ms clock, 0.28+0.64/0.39/0+0.095 ms cpu, 3->3->0 MB, 4 MB goal, 0 MB stacks, 0 MB globals, 2 P
gc 65 @35.040s 0%: 0.026+0.78+0.035 ms clock, 0.053+0.63/0.45/0+0.071 ms cpu, 3->3->0 MB, 4 MB goal, 0 MB stacks, 0 MB globals, 2 P
gc 66 @35.058s 0%: 0.039+0.98+0.008 ms clock, 0.079+0.63/0.58/0+0.017 ms cpu, 3->3->0 MB, 4 MB goal, 0 MB stacks, 0 MB globals, 2 P
gc 67 @35.077s 0%: 0.041+0.72+0.024 ms clock, 0.082+0.64/0.37/0+0.049 ms cpu, 3->3->0 MB, 4 MB goal, 0 MB stacks, 0 MB globals, 2 P
gc 68 @35.095s 0%: 0.041+0.72+0.006 ms clock, 0.082+0.62/0.36/0+0.013 ms cpu, 3->3->0 MB, 4 MB goal, 0 MB stacks, 0 MB globals, 2 P
gc 69 @35.113s 0%: 0.023+0.71+0.017 ms clock, 0.047+0.63/0.40/0+0.034 ms cpu, 3->3->0 MB, 4 MB goal, 0 MB stacks, 0 MB globals, 2 P
gc 70 @35.131s 0%: 0.029+0.68+0.021 ms clock, 0.058+0.60/0.42/0+0.043 ms cpu, 3->3->0 MB, 4 MB goal, 0 MB stacks, 0 MB globals, 2 P
gc 71 @35.149s 0%: 0.013+0.72+0.008 ms clock, 0.027+0.74/0.37/0+0.017 ms cpu, 3->3->0 MB, 4 MB goal, 0 MB stacks, 0 MB globals, 2 P
gc 72 @35.168s 0%: 0.025+0.85+0.027 ms clock, 0.050+0.72/0.43/0+0.054 ms cpu, 3->3->0 MB, 4 MB goal, 0 MB stacks, 0 MB globals, 2 P
gc 73 @35.185s 0%: 0.038+0.66+0.025 ms clock, 0.077+0.63/0.39/0+0.050 ms cpu, 3->3->0 MB, 4 MB goal, 0 MB stacks, 0 MB globals, 2 P
gc 74 @35.202s 0%: 0.15+0.61+0.022 ms clock, 0.30+0.59/0.40/0+0.044 ms cpu, 3->3->0 MB, 4 MB goal, 0 MB stacks, 0 MB globals, 2 P
gc 75 @35.219s 0%: 0.047+0.72+0.003 ms clock, 0.095+0.68/0.44/0+0.006 ms cpu, 3->3->0 MB, 4 MB goal, 0 MB stacks, 0 MB globals, 2 P
gc 76 @35.236s 0%: 0.020+0.77+0.010 ms clock, 0.040+0.66/0.50/0+0.021 ms cpu, 3->3->0 MB, 4 MB goal, 0 MB stacks, 0 MB globals, 2 P
gc 77 @35.254s 0%: 0.043+0.67+0.003 ms clock, 0.087+0.70/0.33/0+0.007 ms cpu, 3->3->0 MB, 4 MB goal, 0 MB stacks, 0 MB globals, 2 P
gc 78 @35.273s 0%: 0.043+0.76+0.017 ms clock, 0.086+0.62/0.39/0+0.034 ms cpu, 3->3->0 MB, 4 MB goal, 0 MB stacks, 0 MB globals, 2 P
gc 79 @35.291s 0%: 0.054+0.94+0.021 ms clock, 0.10+0.61/0.46/0+0.043 ms cpu, 3->3->0 MB, 4 MB goal, 0 MB stacks, 0 MB globals, 2 P
gc 80 @35.309s 0%: 0.017+1.1+0.003 ms clock, 0.035+0.73/0.43/0+0.007 ms cpu, 3->3->0 MB, 4 MB goal, 0 MB stacks, 0 MB globals, 2 P
gc 81 @35.327s 0%: 0.033+0.74+0.005 ms clock, 0.067+0.68/0.41/0+0.010 ms cpu, 3->3->0 MB, 4 MB goal, 0 MB stacks, 0 MB globals, 2 P
gc 82 @35.346s 0%: 0.021+0.68+0.003 ms clock, 0.042+0.64/0.39/0+0.007 ms cpu, 3->3->0 MB, 4 MB goal, 0 MB stacks, 0 MB globals, 2 P
gc 83 @35.364s 0%: 0.033+0.73+0.002 ms clock, 0.066+0.71/0.38/0+0.005 ms cpu, 3->3->0 MB, 4 MB goal, 0 MB stacks, 0 MB globals, 2 P
gc 84 @35.382s 0%: 0.043+0.81+0.003 ms clock, 0.086+0.57/0.43/0+0.007 ms cpu, 3->3->0 MB, 4 MB goal, 0 MB stacks, 0 MB globals, 2 P
gc 85 @35.400s 0%: 0.018+0.83+0.025 ms clock, 0.036+0.78/0.40/0+0.051 ms cpu, 3->3->0 MB, 4 MB goal, 0 MB stacks, 0 MB globals, 2 P
gc 86 @35.419s 0%: 0.026+0.77+0.029 ms clock, 0.053+0.71/0.46/0+0.058 ms cpu, 3->3->0 MB, 4 MB goal, 0 MB stacks, 0 MB globals, 2 P
gc 87 @35.438s 0%: 0.034+0.72+0.002 ms clock, 0.069+0.74/0.38/0+0.005 ms cpu, 3->3->0 MB, 4 MB goal, 0 MB stacks, 0 MB globals, 2 P
gc 88 @35.456s 0%: 0.019+0.89+0.009 ms clock, 0.038+0.64/0.53/0+0.018 ms cpu, 3->3->0 MB, 4 MB goal, 0 MB stacks, 0 MB globals, 2 P
gc 89 @35.475s 0%: 0.029+1.1+0.040 ms clock, 0.059+0.73/0.51/0+0.080 ms cpu, 3->3->0 MB, 4 MB goal, 0 MB stacks, 0 MB globals, 2 P
gc 90 @35.492s 0%: 0.014+0.78+0.008 ms clock, 0.028+0.64/0.40/0+0.016 ms cpu, 3->3->0 MB, 4 MB goal, 0 MB stacks, 0 MB globals, 2 P
gc 91 @35.510s 0%: 0.056+0.76+0.003 ms clock, 0.11+0.74/0.39/0+0.007 ms cpu, 3->3->0 MB, 4 MB goal, 0 MB stacks, 0 MB globals, 2 P
gc 92 @35.528s 0%: 0.18+0.57+0.017 ms clock, 0.37+0.54/0.46/0+0.034 ms cpu, 3->3->0 MB, 4 MB goal, 0 MB stacks, 0 MB globals, 2 P
gc 93 @35.546s 0%: 0.026+0.82+0.014 ms clock, 0.053+0.37/0.24/0+0.028 ms cpu, 3->3->0 MB, 4 MB goal, 0 MB stacks, 0 MB globals, 2 P
gc 94 @35.564s 0%: 0.025+0.67+0.015 ms clock, 0.051+0.58/0.45/0+0.030 ms cpu, 3->3->0 MB, 4 MB goal, 0 MB stacks, 0 MB globals, 2 P
gc 95 @35.582s 0%: 0.014+1.1+0.002 ms clock, 0.029+0.39/0.24/0+0.005 ms cpu, 3->3->0 MB, 4 MB goal, 0 MB stacks, 0 MB globals, 2 P
gc 96 @35.601s 0%: 0.032+0.67+0.020 ms clock, 0.065+0.65/0.37/0+0.041 ms cpu, 3->3->0 MB, 4 MB goal, 0 MB stacks, 0 MB globals, 2 P
gc 97 @35.619s 0%: 0.68+0.61+0.070 ms clock, 1.3+0.37/0.73/0+0.14 ms cpu, 3->3->0 MB, 4 MB goal, 0 MB stacks, 0 MB globals, 2 P
gc 98 @35.637s 0%: 0.033+0.73+0.016 ms clock, 0.066+0.66/0.37/0+0.033 ms cpu, 3->3->0 MB, 4 MB goal, 0 MB stacks, 0 MB globals, 2 P
gc 99 @35.655s 0%: 0.018+0.78+0.012 ms clock, 0.036+0.64/0.37/0+0.025 ms cpu, 3->3->0 MB, 4 MB goal, 0 MB stacks, 0 MB globals, 2 P
gc 100 @35.673s 0%: 0.028+0.86+0.003 ms clock, 0.057+0.54/0.52/0+0.006 ms cpu, 3->3->0 MB, 4 MB goal, 0 MB stacks, 0 MB globals, 2 P
gc 101 @35.691s 0%: 0.44+0.55+0.004 ms clock, 0.88+0.40/0.56/0+0.008 ms cpu, 3->3->0 MB, 4 MB goal, 0 MB stacks, 0 MB globals, 2 P
gc 102 @35.709s 0%: 0.038+0.65+0.014 ms clock, 0.076+0.67/0.32/0+0.029 ms cpu, 3->3->0 MB, 4 MB goal, 0 MB stacks, 0 MB globals, 2 P
gc 103 @35.728s 0%: 0.027+1.0+0.004 ms clock, 0.054+0.68/0.43/0+0.008 ms cpu, 3->3->0 MB, 4 MB goal, 0 MB stacks, 0 MB globals, 2 P
gc 104 @35.746s 0%: 0.19+0.70+0.043 ms clock, 0.38+0.54/0.45/0+0.087 ms cpu, 3->3->0 MB, 4 MB goal, 0 MB stacks, 0 MB globals, 2 P
gc 105 @35.764s 0%: 0.031+1.0+0.031 ms clock, 0.062+0.66/0.54/0+0.063 ms cpu, 3->3->0 MB, 4 MB goal, 0 MB stacks, 0 MB globals, 2 P
gc 106 @35.782s 0%: 0.010+1.1+0.028 ms clock, 0.021+0.40/1.3/0+0.056 ms cpu, 3->3->0 MB, 4 MB goal, 0 MB stacks, 0 MB globals, 2 P
gc 107 @35.801s 0%: 0.020+0.71+0.027 ms clock, 0.041+0.57/0.40/0+0.055 ms cpu, 3->3->0 MB, 4 MB goal, 0 MB stacks, 0 MB globals, 2 P
gc 108 @35.819s 0%: 0.013+0.75+0.025 ms clock, 0.027+0.64/0.37/0+0.051 ms cpu, 3->3->0 MB, 4 MB goal, 0 MB stacks, 0 MB globals, 2 P
gc 109 @35.837s 0%: 0.014+0.76+0.003 ms clock, 0.028+0.76/0.34/0+0.007 ms cpu, 3->3->0 MB, 4 MB goal, 0 MB stacks, 0 MB globals, 2 P
gc 110 @35.854s 0%: 0.90+0.41+0.018 ms clock, 1.8+0.40/0.62/0+0.037 ms cpu, 3->3->0 MB, 4 MB goal, 0 MB stacks, 0 MB globals, 2 P
gc 111 @35.872s 0%: 0.048+1.1+0.006 ms clock, 0.096+0.76/0.36/0+0.012 ms cpu, 3->3->0 MB, 4 MB goal, 0 MB stacks, 0 MB globals, 2 P
gc 112 @35.890s 0%: 0.98+0.49+0.021 ms clock, 1.9+0.39/0.80/0+0.043 ms cpu, 3->3->0 MB, 4 MB goal, 0 MB stacks, 0 MB globals, 2 P
gc 113 @35.907s 0%: 0.034+1.0+0.014 ms clock, 0.069+0.46/0.61/0+0.028 ms cpu, 3->3->0 MB, 4 MB goal, 0 MB stacks, 0 MB globals, 2 P
gc 114 @35.925s 0%: 0.028+1.0+0.003 ms clock, 0.057+0.79/0.36/0+0.007 ms cpu, 3->3->0 MB, 4 MB goal, 0 MB stacks, 0 MB globals, 2 P
gc 115 @35.943s 0%: 0.039+0.74+0.031 ms clock, 0.078+0.75/0.37/0+0.063 ms cpu, 3->3->0 MB, 4 MB goal, 0 MB stacks, 0 MB globals, 2 P
gc 116 @35.961s 0%: 0.028+0.86+0.019 ms clock, 0.057+0.73/0.44/0+0.039 ms cpu, 3->3->0 MB, 4 MB goal, 0 MB stacks, 0 MB globals, 2 P
gc 117 @35.979s 0%: 0.032+0.74+0.008 ms clock, 0.065+0.67/0.41/0+0.017 ms cpu, 3->3->0 MB, 4 MB goal, 0 MB stacks, 0 MB globals, 2 P
gc 118 @35.996s 0%: 0.064+0.73+0.017 ms clock, 0.12+0.74/0.36/0+0.034 ms cpu, 3->3->0 MB, 4 MB goal, 0 MB stacks, 0 MB globals, 2 P
gc 119 @36.014s 0%: 0.017+0.77+0.029 ms clock, 0.034+0.69/0.41/0+0.059 ms cpu, 3->3->0 MB, 4 MB goal, 0 MB stacks, 0 MB globals, 2 P
gc 120 @36.032s 0%: 0.039+0.97+0.003 ms clock, 0.078+0.39/0.49/0+0.006 ms cpu, 3->3->0 MB, 4 MB goal, 0 MB stacks, 0 MB globals, 2 P
gc 121 @36.050s 0%: 0.023+0.79+0.004 ms clock, 0.047+0.82/0.35/0+0.008 ms cpu, 3->3->0 MB, 4 MB goal, 0 MB stacks, 0 MB globals, 2 P
gc 122 @36.067s 0%: 0.13+1.0+0.003 ms clock, 0.27+0.51/0.47/0+0.006 ms cpu, 3->3->0 MB, 4 MB goal, 0 MB stacks, 0 MB globals, 2 P
gc 123 @36.084s 0%: 0.012+0.63+0.003 ms clock, 0.025+0.030/0.31/0.68+0.006 ms cpu, 3->3->0 MB, 4 MB goal, 0 MB stacks, 0 MB globals, 2 P
gc 124 @36.101s 0%: 0.025+0.84+0.003 ms clock, 0.050+0.64/0.52/0+0.006 ms cpu, 3->3->0 MB, 4 MB goal, 0 MB stacks, 0 MB globals, 2 P
gc 125 @36.118s 0%: 0.022+0.66+0.010 ms clock, 0.044+0.63/0.34/0+0.021 ms cpu, 3->3->0 MB, 4 MB goal, 0 MB stacks, 0 MB globals, 2 P
gc 126 @36.136s 0%: 0.022+0.67+0.019 ms clock, 0.045+0.65/0.42/0+0.038 ms cpu, 3->3->0 MB, 4 MB goal, 0 MB stacks, 0 MB globals, 2 P
gc 127 @36.154s 0%: 0.019+0.73+0.003 ms clock, 0.039+0.57/0.50/0+0.006 ms cpu, 3->3->0 MB, 4 MB goal, 0 MB stacks, 0 MB globals, 2 P
gc 128 @36.171s 0%: 0.039+0.83+0.011 ms clock, 0.078+0.41/0.48/0+0.023 ms cpu, 3->3->0 MB, 4 MB goal, 0 MB stacks, 0 MB globals, 2 P
gc 129 @36.189s 0%: 0.10+0.75+0.024 ms clock, 0.21+0.51/0.49/0+0.048 ms cpu, 3->3->0 MB, 4 MB goal, 0 MB stacks, 0 MB globals, 2 P
gc 130 @36.207s 0%: 0.96+0.60+0.013 ms clock, 1.9+0.50/0.52/0+0.027 ms cpu, 3->3->1 MB, 4 MB goal, 0 MB stacks, 0 MB globals, 2 P
gc 131 @36.225s 0%: 0.025+0.64+0.003 ms clock, 0.050+0.60/0.39/0+0.006 ms cpu, 3->3->0 MB, 4 MB goal, 0 MB stacks, 0 MB globals, 2 P
gc 132 @36.244s 0%: 0.013+0.78+0.002 ms clock, 0.027+0.63/0.45/0+0.005 ms cpu, 3->3->0 MB, 4 MB goal, 0 MB stacks, 0 MB globals, 2 P
gc 133 @36.262s 0%: 0.052+0.73+0.002 ms clock, 0.10+0.72/0.37/0+0.005 ms cpu, 3->3->0 MB, 4 MB goal, 0 MB stacks, 0 MB globals, 2 P
gc 134 @36.281s 0%: 0.031+0.74+0.003 ms clock, 0.062+0.63/0.49/0+0.007 ms cpu, 3->3->0 MB, 4 MB goal, 0 MB stacks, 0 MB globals, 2 P
gc 135 @36.299s 0%: 0.014+1.0+0.009 ms clock, 0.028+0.61/0.51/0+0.018 ms cpu, 3->3->0 MB, 4 MB goal, 0 MB stacks, 0 MB globals, 2 P
gc 136 @36.318s 0%: 0.36+0.90+0.10 ms clock, 0.73+0.40/0.56/0+0.20 ms cpu, 3->3->0 MB, 4 MB goal, 0 MB stacks, 0 MB globals, 2 P
gc 137 @36.336s 0%: 0.021+0.83+0.011 ms clock, 0.043+0.71/0.31/0+0.022 ms cpu, 3->3->0 MB, 4 MB goal, 0 MB stacks, 0 MB globals, 2 P
gc 138 @36.354s 0%: 0.013+1.0+0.003 ms clock, 0.026+0.63/0.36/0+0.006 ms cpu, 3->3->0 MB, 4 MB goal, 0 MB stacks, 0 MB globals, 2 P
gc 139 @36.372s 0%: 0.028+0.77+0.007 ms clock, 0.056+0.71/0.40/0+0.015 ms cpu, 3->3->0 MB, 4 MB goal, 0 MB stacks, 0 MB globals, 2 P
gc 140 @36.390s 0%: 0.016+0.82+0.004 ms clock, 0.032+0.73/0.43/0+0.008 ms cpu, 3->3->0 MB, 4 MB goal, 0 MB stacks, 0 MB globals, 2 P
gc 141 @36.408s 0%: 0.059+0.75+0.044 ms clock, 0.11+0.68/0.44/0+0.088 ms cpu, 3->3->0 MB, 4 MB goal, 0 MB stacks, 0 MB globals, 2 P
gc 142 @36.426s 0%: 0.013+1.0+0.002 ms clock, 0.027+0.52/0.49/0+0.005 ms cpu, 3->3->0 MB, 4 MB goal, 0 MB stacks, 0 MB globals, 2 P
gc 143 @36.444s 0%: 0.071+0.70+0.004 ms clock, 0.14+0.68/0.33/0+0.009 ms cpu, 3->3->0 MB, 4 MB goal, 0 MB stacks, 0 MB globals, 2 P
gc 144 @36.461s 0%: 0.038+0.75+0.025 ms clock, 0.076+0.63/0.38/0+0.051 ms cpu, 3->3->0 MB, 4 MB goal, 0 MB stacks, 0 MB globals, 2 P
gc 145 @36.479s 0%: 0.029+0.80+0.023 ms clock, 0.059+0.72/0.38/0+0.047 ms cpu, 3->3->0 MB, 4 MB goal, 0 MB stacks, 0 MB globals, 2 P
gc 146 @36.497s 0%: 0.035+0.70+0.007 ms clock, 0.071+0.72/0.37/0+0.014 ms cpu, 3->3->0 MB, 4 MB goal, 0 MB stacks, 0 MB globals, 2 P
gc 147 @36.515s 0%: 0.044+0.73+0.015 ms clock, 0.089+0.72/0.38/0+0.030 ms cpu, 3->3->0 MB, 4 MB goal, 0 MB stacks, 0 MB globals, 2 P
gc 148 @36.533s 0%: 0.037+0.68+0.015 ms clock, 0.074+0.67/0.37/0+0.030 ms cpu, 3->3->0 MB, 4 MB goal, 0 MB stacks, 0 MB globals, 2 P
gc 149 @36.551s 0%: 0.037+0.80+0.002 ms clock, 0.074+0.55/0.52/0+0.005 ms cpu, 3->3->0 MB, 4 MB goal, 0 MB stacks, 0 MB globals, 2 P
gc 150 @36.569s 0%: 0.014+0.66+0.024 ms clock, 0.028+0.65/0.33/0+0.048 ms cpu, 3->3->0 MB, 4 MB goal, 0 MB stacks, 0 MB globals, 2 P
gc 151 @36.587s 0%: 0.014+0.88+0.019 ms clock, 0.028+0.79/0.41/0+0.038 ms cpu, 3->3->0 MB, 4 MB goal, 0 MB stacks, 0 MB globals, 2 P
gc 152 @36.604s 0%: 0.012+0.65+0.002 ms clock, 0.025+0.67/0.34/0+0.005 ms cpu, 3->3->0 MB, 4 MB goal, 0 MB stacks, 0 MB globals, 2 P
gc 153 @36.620s 0%: 0.034+0.75+0.003 ms clock, 0.068+0.64/0.41/0+0.007 ms cpu, 3->3->0 MB, 4 MB goal, 0 MB stacks, 0 MB globals, 2 P
gc 154 @36.637s 0%: 0.026+1.1+0.004 ms clock, 0.053+0.64/0.36/0+0.008 ms cpu, 3->3->0 MB, 4 MB goal, 0 MB stacks, 0 MB globals, 2 P
gc 155 @36.654s 0%: 0.029+1.0+0.003 ms clock, 0.059+0.76/0.41/0+0.006 ms cpu, 3->3->0 MB, 4 MB goal, 0 MB stacks, 0 MB globals, 2 P
gc 156 @36.671s 0%: 0.016+0.84+0.003 ms clock, 0.033+0.82/0.40/0+0.006 ms cpu, 3->3->0 MB, 4 MB goal, 0 MB stacks, 0 MB globals, 2 P
gc 157 @36.688s 0%: 0.036+0.81+0.003 ms clock, 0.073+0.71/0.42/0+0.006 ms cpu, 3->3->0 MB, 4 MB goal, 0 MB stacks, 0 MB globals, 2 P
gc 158 @36.706s 0%: 0.032+0.77+0.026 ms clock, 0.064+0.58/0.43/0+0.053 ms cpu, 3->3->0 MB, 4 MB goal, 0 MB stacks, 0 MB globals, 2 P
gc 159 @36.723s 0%: 0.049+0.82+0.012 ms clock, 0.098+0.36/0.54/0+0.025 ms cpu, 3->3->0 MB, 4 MB goal, 0 MB stacks, 0 MB globals, 2 P
gc 160 @36.741s 0%: 0.021+0.75+0.002 ms clock, 0.043+0.79/0.36/0+0.005 ms cpu, 3->3->0 MB, 4 MB goal, 0 MB stacks, 0 MB globals, 2 P
gc 161 @36.757s 0%: 0.055+0.64+0.003 ms clock, 0.11+0.68/0.34/0+0.007 ms cpu, 3->3->0 MB, 4 MB goal, 0 MB stacks, 0 MB globals, 2 P
gc 162 @36.773s 0%: 0.023+0.67+0.006 ms clock, 0.046+0.59/0.45/0+0.012 ms cpu, 3->3->0 MB, 4 MB goal, 0 MB stacks, 0 MB globals, 2 P
gc 163 @36.790s 0%: 0.040+1.2+0.002 ms clock, 0.081+0.39/0.24/0+0.005 ms cpu, 3->3->0 MB, 4 MB goal, 0 MB stacks, 0 MB globals, 2 P
gc 164 @36.806s 0%: 0.014+0.75+0.034 ms clock, 0.028+0.73/0.41/0+0.069 ms cpu, 3->3->0 MB, 4 MB goal, 0 MB stacks, 0 MB globals, 2 P
gc 165 @36.823s 0%: 0.45+0.84+0.016 ms clock, 0.90+0.49/0.66/0+0.033 ms cpu, 3->3->0 MB, 4 MB goal, 0 MB stacks, 0 MB globals, 2 P
gc 166 @36.841s 0%: 0.016+0.80+0.007 ms clock, 0.033+0.64/0.37/0+0.014 ms cpu, 3->3->0 MB, 4 MB goal, 0 MB stacks, 0 MB globals, 2 P
gc 167 @36.860s 0%: 0.020+1.0+0.046 ms clock, 0.040+0.68/0.40/0+0.093 ms cpu, 3->3->0 MB, 4 MB goal, 0 MB stacks, 0 MB globals, 2 P
gc 168 @36.878s 0%: 0.015+0.84+0.005 ms clock, 0.030+0.75/0.41/0+0.011 ms cpu, 3->3->0 MB, 4 MB goal, 0 MB stacks, 0 MB globals, 2 P
gc 169 @36.896s 0%: 0.014+1.2+0.024 ms clock, 0.029+0.68/0.36/0+0.048 ms cpu, 3->3->0 MB, 4 MB goal, 0 MB stacks, 0 MB globals, 2 P
gc 170 @36.914s 0%: 0.029+0.67+0.012 ms clock, 0.059+0.66/0.32/0+0.025 ms cpu, 3->3->0 MB, 4 MB goal, 0 MB stacks, 0 MB globals, 2 P
gc 171 @36.932s 0%: 0.012+0.74+0.002 ms clock, 0.025+0.81/0.37/0+0.005 ms cpu, 3->3->0 MB, 4 MB goal, 0 MB stacks, 0 MB globals, 2 P
gc 172 @36.950s 0%: 0.037+0.82+0.010 ms clock, 0.075+0.62/0.37/0+0.020 ms cpu, 3->3->0 MB, 4 MB goal, 0 MB stacks, 0 MB globals, 2 P
gc 173 @36.967s 0%: 0.10+0.61+0.003 ms clock, 0.21+0.50/0.45/0+0.006 ms cpu, 3->3->0 MB, 4 MB goal, 0 MB stacks, 0 MB globals, 2 P
gc 174 @36.985s 0%: 0.012+0.87+0.014 ms clock, 0.025+0.77/0.38/0+0.028 ms cpu, 3->3->0 MB, 4 MB goal, 0 MB stacks, 0 MB globals, 2 P
gc 175 @37.002s 0%: 0.022+0.78+0.003 ms clock, 0.045+0.65/0.51/0+0.006 ms cpu, 3->3->0 MB, 4 MB goal, 0 MB stacks, 0 MB globals, 2 P
gc 176 @37.020s 0%: 0.022+0.72+0.011 ms clock, 0.044+0.59/0.33/0+0.023 ms cpu, 3->3->0 MB, 4 MB goal, 0 MB stacks, 0 MB globals, 2 P
gc 177 @37.038s 0%: 0.025+1.1+0.030 ms clock, 0.050+0.69/0.37/0+0.060 ms cpu, 3->3->0 MB, 4 MB goal, 0 MB stacks, 0 MB globals, 2 P
gc 178 @37.055s 0%: 0.031+1.3+0.009 ms clock, 0.062+0.66/0.50/0+0.019 ms cpu, 3->3->0 MB, 4 MB goal, 0 MB stacks, 0 MB globals, 2 P
gc 179 @37.073s 0%: 0.020+1.0+0.003 ms clock, 0.041+0.67/0.34/0+0.006 ms cpu, 3->3->0 MB, 4 MB goal, 0 MB stacks, 0 MB globals, 2 P
gc 180 @37.091s 0%: 0.034+1.5+0.002 ms clock, 0.068+0.46/0.26/0+0.005 ms cpu, 3->3->0 MB, 4 MB goal, 0 MB stacks, 0 MB globals, 2 P
gc 181 @37.109s 0%: 0.014+1.1+0.033 ms clock, 0.028+0.77/0.39/0+0.066 ms cpu, 3->3->0 MB, 4 MB goal, 0 MB stacks, 0 MB globals, 2 P
gc 182 @37.126s 0%: 0.28+0.58+0.003 ms clock, 0.56+0.34/0.53/0+0.006 ms cpu, 3->3->0 MB, 4 MB goal, 0 MB stacks, 0 MB globals, 2 P
gc 183 @37.144s 0%: 0.020+0.74+0.042 ms clock, 0.040+0.67/0.38/0+0.084 ms cpu, 3->3->0 MB, 4 MB goal, 0 MB stacks, 0 MB globals, 2 P
gc 184 @37.161s 0%: 0.020+0.78+0.003 ms clock, 0.040+0.59/0.49/0+0.007 ms cpu, 3->3->0 MB, 4 MB goal, 0 MB stacks, 0 MB globals, 2 P
gc 185 @37.178s 0%: 0.039+0.67+0.038 ms clock, 0.079+0.64/0.36/0+0.076 ms cpu, 3->3->0 MB, 4 MB goal, 0 MB stacks, 0 MB globals, 2 P
gc 186 @37.196s 0%: 0.027+0.68+0.015 ms clock, 0.055+0.51/0.49/0+0.031 ms cpu, 3->3->0 MB, 4 MB goal, 0 MB stacks, 0 MB globals, 2 P
gc 187 @37.213s 0%: 0.040+0.70+0.002 ms clock, 0.080+0.69/0.36/0+0.005 ms cpu, 3->3->0 MB, 4 MB goal, 0 MB stacks, 0 MB globals, 2 P
gc 188 @37.230s 0%: 0.020+0.68+0.034 ms clock, 0.041+0.56/0.50/0+0.068 ms cpu, 3->3->0 MB, 4 MB goal, 0 MB stacks, 0 MB globals, 2 P
gc 189 @37.247s 0%: 0.071+0.77+0.011 ms clock, 0.14+0.68/0.47/0+0.023 ms cpu, 3->3->0 MB, 4 MB goal, 0 MB stacks, 0 MB globals, 2 P
gc 190 @37.264s 0%: 0.20+0.64+0.016 ms clock, 0.41+0.51/0.47/0+0.033 ms cpu, 3->3->0 MB, 4 MB goal, 0 MB stacks, 0 MB globals, 2 P
gc 191 @37.282s 0%: 0.048+1.5+0.020 ms clock, 0.096+0.42/0.34/0+0.040 ms cpu, 3->3->0 MB, 4 MB goal, 0 MB stacks, 0 MB globals, 2 P
gc 192 @37.299s 0%: 0.072+0.79+0.024 ms clock, 0.14+0.72/0.44/0+0.048 ms cpu, 3->3->0 MB, 4 MB goal, 0 MB stacks, 0 MB globals, 2 P
gc 193 @37.318s 0%: 0.043+0.79+0.009 ms clock, 0.087+0.75/0.40/0+0.018 ms cpu, 3->3->0 MB, 4 MB goal, 0 MB stacks, 0 MB globals, 2 P
gc 194 @37.335s 0%: 0.027+0.78+0.016 ms clock, 0.054+0.55/0.54/0+0.032 ms cpu, 3->3->0 MB, 4 MB goal, 0 MB stacks, 0 MB globals, 2 P
gc 195 @37.353s 0%: 0.026+0.71+0.013 ms clock, 0.052+0.72/0.36/0+0.027 ms cpu, 3->3->0 MB, 4 MB goal, 0 MB stacks, 0 MB globals, 2 P
gc 196 @37.370s 0%: 0.013+1.1+0.003 ms clock, 0.026+0.74/0.35/0+0.007 ms cpu, 3->3->0 MB, 4 MB goal, 0 MB stacks, 0 MB globals, 2 P
gc 197 @37.387s 0%: 0.016+0.77+0.016 ms clock, 0.032+0.73/0.38/0+0.033 ms cpu, 3->3->0 MB, 4 MB goal, 0 MB stacks, 0 MB globals, 2 P
gc 198 @37.405s 0%: 0.037+0.65+0.014 ms clock, 0.074+0.57/0.40/0+0.028 ms cpu, 3->3->0 MB, 4 MB goal, 0 MB stacks, 0 MB globals, 2 P
gc 199 @37.422s 0%: 0.028+0.79+0.003 ms clock, 0.057+0.63/0.42/0+0.006 ms cpu, 3->3->0 MB, 4 MB goal, 0 MB stacks, 0 MB globals, 2 P
gc 200 @37.440s 0%: 0.75+0.21+0.002 ms clock, 1.5+0.45/0.47/0+0.005 ms cpu, 3->3->0 MB, 4 MB goal, 0 MB stacks, 0 MB globals, 2 P
gc 201 @37.457s 0%: 0.023+0.70+0.004 ms clock, 0.046+0.66/0.39/0+0.009 ms cpu, 3->3->0 MB, 4 MB goal, 0 MB stacks, 0 MB globals, 2 P
gc 202 @37.475s 0%: 0.055+0.80+0.004 ms clock, 0.11+0.60/0.52/0+0.008 ms cpu, 3->3->0 MB, 4 MB goal, 0 MB stacks, 0 MB globals, 2 P
gc 203 @37.493s 0%: 0.020+0.73+0.017 ms clock, 0.041+0.72/0.35/0+0.035 ms cpu, 3->3->0 MB, 4 MB goal, 0 MB stacks, 0 MB globals, 2 P
gc 204 @37.511s 0%: 0.040+0.76+0.026 ms clock, 0.081+0.71/0.42/0+0.053 ms cpu, 3->3->0 MB, 4 MB goal, 0 MB stacks, 0 MB globals, 2 P
gc 205 @37.529s 0%: 0.030+0.64+0.055 ms clock, 0.060+0.63/0.34/0+0.11 ms cpu, 3->3->0 MB, 4 MB goal, 0 MB stacks, 0 MB globals, 2 P
gc 206 @37.547s 0%: 0.016+0.67+0.011 ms clock, 0.032+0.71/0.32/0+0.023 ms cpu, 3->3->0 MB, 4 MB goal, 0 MB stacks, 0 MB globals, 2 P
gc 207 @37.565s 0%: 0.026+0.80+0.017 ms clock, 0.052+0.51/0.55/0+0.035 ms cpu, 3->3->0 MB, 4 MB goal, 0 MB stacks, 0 MB globals, 2 P
gc 208 @37.583s 0%: 0.022+0.60+0.019 ms clock, 0.045+0.14/0.23/0.63+0.039 ms cpu, 3->3->0 MB, 4 MB goal, 0 MB stacks, 0 MB globals, 2 P
gc 209 @37.601s 0%: 0.012+1.2+0.002 ms clock, 0.024+1.5/0.27/0+0.005 ms cpu, 3->3->0 MB, 4 MB goal, 0 MB stacks, 0 MB globals, 2 P
gc 210 @37.616s 0%: 0.031+1.1+0.003 ms clock, 0.063+0.54/0.55/0+0.006 ms cpu, 3->3->0 MB, 4 MB goal, 0 MB stacks, 0 MB globals, 2 P
gc 211 @37.631s 0%: 0.015+1.0+0.023 ms clock, 0.031+0.55/0.35/0+0.047 ms cpu, 3->3->0 MB, 4 MB goal, 0 MB stacks, 0 MB globals, 2 P
gc 212 @37.646s 0%: 0.036+0.71+0.026 ms clock, 0.072+0.59/0.45/0+0.052 ms cpu, 3->3->0 MB, 4 MB goal, 0 MB stacks, 0 MB globals, 2 P
gc 213 @37.662s 0%: 0.43+0.44+0.003 ms clock, 0.86+0.49/0.43/0+0.007 ms cpu, 3->3->0 MB, 4 MB goal, 0 MB stacks, 0 MB globals, 2 P
gc 214 @37.677s 0%: 0.039+0.74+0.017 ms clock, 0.079+0.58/0.44/0+0.035 ms cpu, 3->3->0 MB, 4 MB goal, 0 MB stacks, 0 MB globals, 2 P
gc 215 @37.695s 0%: 0.015+1.2+0.003 ms clock, 0.030+0.64/0.37/0+0.006 ms cpu, 3->3->0 MB, 4 MB goal, 0 MB stacks, 0 MB globals, 2 P
gc 216 @37.714s 0%: 0.11+0.75+0.040 ms clock, 0.22+0.64/0.40/0+0.081 ms cpu, 3->3->0 MB, 4 MB goal, 0 MB stacks, 0 MB globals, 2 P
gc 217 @37.732s 0%: 0.043+1.0+0.003 ms clock, 0.087+0.58/0.42/0+0.007 ms cpu, 3->3->0 MB, 4 MB goal, 0 MB stacks, 0 MB globals, 2 P
gc 218 @37.750s 0%: 0.024+1.1+0.003 ms clock, 0.048+0.44/0.21/0+0.006 ms cpu, 3->3->0 MB, 4 MB goal, 0 MB stacks, 0 MB globals, 2 P
gc 219 @37.769s 0%: 0.029+0.74+0.002 ms clock, 0.059+0.69/0.44/0+0.005 ms cpu, 3->3->0 MB, 4 MB goal, 0 MB stacks, 0 MB globals, 2 P
gc 220 @37.788s 0%: 0.055+0.96+0.003 ms clock, 0.11+0.43/0.31/0+0.006 ms cpu, 3->3->0 MB, 4 MB goal, 0 MB stacks, 0 MB globals, 2 P
gc 221 @37.807s 0%: 0.041+0.82+0.028 ms clock, 0.082+0.56/0.48/0+0.057 ms cpu, 3->3->0 MB, 4 MB goal, 0 MB stacks, 0 MB globals, 2 P
gc 222 @37.825s 0%: 0.033+0.74+0.018 ms clock, 0.067+0.59/0.44/0+0.036 ms cpu, 3->3->0 MB, 4 MB goal, 0 MB stacks, 0 MB globals, 2 P
gc 223 @37.844s 0%: 0.43+0.43+0.013 ms clock, 0.86+0.51/0.43/0+0.027 ms cpu, 3->3->0 MB, 4 MB goal, 0 MB stacks, 0 MB globals, 2 P
gc 224 @37.863s 0%: 0.063+0.88+0.018 ms clock, 0.12+0.58/0.53/0+0.037 ms cpu, 3->3->0 MB, 4 MB goal, 0 MB stacks, 0 MB globals, 2 P
gc 225 @37.882s 0%: 0.052+0.72+0.020 ms clock, 0.10+0.68/0.36/0+0.040 ms cpu, 3->3->0 MB, 4 MB goal, 0 MB stacks, 0 MB globals, 2 P
gc 226 @37.900s 0%: 0.026+0.72+0.004 ms clock, 0.053+0.68/0.34/0+0.009 ms cpu, 3->3->0 MB, 4 MB goal, 0 MB stacks, 0 MB globals, 2 P
gc 227 @37.918s 0%: 0.015+0.81+0.015 ms clock, 0.031+0.69/0.45/0+0.030 ms cpu, 3->3->0 MB, 4 MB goal, 0 MB stacks, 0 MB globals, 2 P
gc 228 @37.936s 0%: 0.013+0.68+0.028 ms clock, 0.027+0.71/0.35/0+0.057 ms cpu, 3->3->0 MB, 4 MB goal, 0 MB stacks, 0 MB globals, 2 P
gc 229 @37.954s 0%: 0.022+0.92+0.019 ms clock, 0.044+0.64/0.51/0+0.038 ms cpu, 3->3->0 MB, 4 MB goal, 0 MB stacks, 0 MB globals, 2 P
gc 230 @37.971s 0%: 0.061+0.66+0.018 ms clock, 0.12+0.56/0.48/0+0.037 ms cpu, 3->3->0 MB, 4 MB goal, 0 MB stacks, 0 MB globals, 2 P
gc 231 @37.989s 0%: 0.021+0.70+0.006 ms clock, 0.042+0.65/0.36/0+0.012 ms cpu, 3->3->0 MB, 4 MB goal, 0 MB stacks, 0 MB globals, 2 P
gc 232 @38.007s 0%: 0.022+0.79+0.047 ms clock, 0.045+0.63/0.47/0+0.094 ms cpu, 3->3->0 MB, 4 MB goal, 0 MB stacks, 0 MB globals, 2 P
gc 233 @38.025s 0%: 0.023+0.84+0.029 ms clock, 0.046+0.61/0.44/0+0.058 ms cpu, 3->3->0 MB, 4 MB goal, 0 MB stacks, 0 MB globals, 2 P
gc 234 @38.043s 0%: 0.042+0.83+0.017 ms clock, 0.085+0.64/0.46/0+0.034 ms cpu, 3->3->0 MB, 4 MB goal, 0 MB stacks, 0 MB globals, 2 P
gc 235 @38.061s 0%: 0.015+0.72+0.003 ms clock, 0.030+0.73/0.35/0+0.006 ms cpu, 3->3->0 MB, 4 MB goal, 0 MB stacks, 0 MB globals, 2 P
gc 236 @38.079s 0%: 0.036+0.81+0.017 ms clock, 0.072+0.64/0.48/0+0.035 ms cpu, 3->3->0 MB, 4 MB goal, 0 MB stacks, 0 MB globals, 2 P
gc 237 @38.097s 0%: 0.015+0.90+0.036 ms clock, 0.030+0.69/0.35/0+0.072 ms cpu, 3->3->0 MB, 4 MB goal, 0 MB stacks, 0 MB globals, 2 P
gc 238 @38.116s 0%: 0.032+0.72+0.002 ms clock, 0.065+0.75/0.36/0+0.005 ms cpu, 3->3->0 MB, 4 MB goal, 0 MB stacks, 0 MB globals, 2 P
gc 239 @38.133s 0%: 0.018+0.74+0.020 ms clock, 0.037+0.63/0.37/0+0.040 ms cpu, 3->3->0 MB, 4 MB goal, 0 MB stacks, 0 MB globals, 2 P
gc 240 @38.151s 0%: 0.16+0.89+0.003 ms clock, 0.33+0.55/0.45/0+0.006 ms cpu, 3->3->0 MB, 4 MB goal, 0 MB stacks, 0 MB globals, 2 P
gc 241 @38.169s 0%: 0.058+0.77+0.019 ms clock, 0.11+0.67/0.44/0+0.038 ms cpu, 3->3->0 MB, 4 MB goal, 0 MB stacks, 0 MB globals, 2 P
gc 242 @38.187s 0%: 0.015+1.1+0.003 ms clock, 0.030+0.40/0.23/0+0.006 ms cpu, 3->3->0 MB, 4 MB goal, 0 MB stacks, 0 MB globals, 2 P
gc 243 @38.205s 0%: 0.042+0.69+0.021 ms clock, 0.085+0.66/0.38/0+0.043 ms cpu, 3->3->0 MB, 4 MB goal, 0 MB stacks, 0 MB globals, 2 P
gc 244 @38.223s 0%: 0.020+1.2+0.003 ms clock, 0.040+0.77/0.34/0+0.007 ms cpu, 3->3->0 MB, 4 MB goal, 0 MB stacks, 0 MB globals, 2 P
gc 245 @38.241s 0%: 0.039+0.71+0.002 ms clock, 0.078+0.70/0.42/0+0.005 ms cpu, 3->3->0 MB, 4 MB goal, 0 MB stacks, 0 MB globals, 2 P
gc 246 @38.259s 0%: 0.019+0.85+0.016 ms clock, 0.039+0.66/0.43/0+0.032 ms cpu, 3->3->0 MB, 4 MB goal, 0 MB stacks, 0 MB globals, 2 P
gc 247 @38.276s 0%: 0.31+0.52+0.018 ms clock, 0.62+0.49/0.48/0+0.036 ms cpu, 3->3->0 MB, 4 MB goal, 0 MB stacks, 0 MB globals, 2 P
gc 248 @38.294s 0%: 0.029+0.72+0.010 ms clock, 0.059+0.70/0.35/0+0.020 ms cpu, 3->3->0 MB, 4 MB goal, 0 MB stacks, 0 MB globals, 2 P
gc 249 @38.312s 0%: 0.027+0.76+0.021 ms clock, 0.055+0.69/0.41/0+0.042 ms cpu, 3->3->0 MB, 4 MB goal, 0 MB stacks, 0 MB globals, 2 P
gc 250 @38.330s 0%: 0.027+0.82+0.020 ms clock, 0.055+0.61/0.52/0+0.040 ms cpu, 3->3->0 MB, 4 MB goal, 0 MB stacks, 0 MB globals, 2 P
gc 251 @38.348s 0%: 0.035+0.69+0.003 ms clock, 0.071+0.71/0.37/0+0.007 ms cpu, 3->3->0 MB, 4 MB goal, 0 MB stacks, 0 MB globals, 2 P
gc 252 @38.366s 0%: 0.009+0.99+0.037 ms clock, 0.019+0.70/0.34/0+0.075 ms cpu, 3->3->0 MB, 4 MB goal, 0 MB stacks, 0 MB globals, 2 P
gc 253 @38.384s 0%: 0.015+0.77+0.011 ms clock, 0.030+0.72/0.35/0+0.023 ms cpu, 3->3->0 MB, 4 MB goal, 0 MB stacks, 0 MB globals, 2 P
gc 254 @38.401s 0%: 0.015+0.52+0.017 ms clock, 0.030+0.027/0.22/0.63+0.035 ms cpu, 3->3->0 MB, 4 MB goal, 0 MB stacks, 0 MB globals, 2 P
gc 255 @38.418s 0%: 0.024+0.79+0.021 ms clock, 0.049+0.63/0.43/0+0.043 ms cpu, 3->3->0 MB, 4 MB goal, 0 MB stacks, 0 MB globals, 2 P
gc 256 @38.436s 0%: 0.020+0.65+0.014 ms clock, 0.041+0.64/0.35/0+0.029 ms cpu, 3->3->0 MB, 4 MB goal, 0 MB stacks, 0 MB globals, 2 P
gc 257 @38.453s 0%: 0.040+0.73+0.003 ms clock, 0.081+0.70/0.38/0+0.007 ms cpu, 3->3->0 MB, 4 MB goal, 0 MB stacks, 0 MB globals, 2 P
gc 258 @38.470s 0%: 0.017+0.69+0.012 ms clock, 0.034+0.66/0.36/0+0.025 ms cpu, 3->3->0 MB, 4 MB goal, 0 MB stacks, 0 MB globals, 2 P
gc 259 @38.489s 0%: 0.026+0.65+0.015 ms clock, 0.053+0.62/0.35/0+0.030 ms cpu, 3->3->0 MB, 4 MB goal, 0 MB stacks, 0 MB globals, 2 P
gc 260 @38.507s 0%: 0.016+0.74+0.015 ms clock, 0.033+0.68/0.41/0+0.031 ms cpu, 3->3->0 MB, 4 MB goal, 0 MB stacks, 0 MB globals, 2 P
gc 261 @38.525s 0%: 0.015+0.94+0.020 ms clock, 0.030+0.67/0.40/0+0.041 ms cpu, 3->3->0 MB, 4 MB goal, 0 MB stacks, 0 MB globals, 2 P
gc 262 @38.543s 0%: 0.13+0.91+0.004 ms clock, 0.26+0.62/0.37/0+0.008 ms cpu, 3->3->0 MB, 4 MB goal, 0 MB stacks, 0 MB globals, 2 P
gc 263 @38.562s 0%: 0.036+0.71+0.003 ms clock, 0.073+0.68/0.45/0+0.006 ms cpu, 3->3->0 MB, 4 MB goal, 0 MB stacks, 0 MB globals, 2 P
gc 264 @38.581s 0%: 0.037+0.69+0.020 ms clock, 0.075+0.55/0.47/0+0.040 ms cpu, 3->3->0 MB, 4 MB goal, 0 MB stacks, 0 MB globals, 2 P
gc 265 @38.599s 0%: 0.68+0.48+0.003 ms clock, 1.3+0.45/0.43/0+0.007 ms cpu, 3->3->0 MB, 4 MB goal, 0 MB stacks, 0 MB globals, 2 P
gc 266 @38.618s 0%: 0.016+1.0+0.005 ms clock, 0.032+0.65/0.47/0+0.010 ms cpu, 3->3->0 MB, 4 MB goal, 0 MB stacks, 0 MB globals, 2 P
gc 267 @38.636s 0%: 0.031+0.74+0.014 ms clock, 0.063+0.69/0.42/0+0.028 ms cpu, 3->3->0 MB, 4 MB goal, 0 MB stacks, 0 MB globals, 2 P
gc 268 @38.653s 0%: 0.026+0.70+0.005 ms clock, 0.052+0.68/0.37/0+0.011 ms cpu, 3->3->0 MB, 4 MB goal, 0 MB stacks, 0 MB globals, 2 P
gc 269 @38.671s 0%: 0.19+0.55+0.024 ms clock, 0.38+0.59/0.40/0+0.049 ms cpu, 3->3->0 MB, 4 MB goal, 0 MB stacks, 0 MB globals, 2 P
gc 270 @38.689s 0%: 0.021+0.80+0.038 ms clock, 0.043+0.69/0.45/0+0.077 ms cpu, 3->3->0 MB, 4 MB goal, 0 MB stacks, 0 MB globals, 2 P
gc 271 @38.707s 0%: 0.034+0.62+0.003 ms clock, 0.069+0.69/0.33/0+0.007 ms cpu, 3->3->0 MB, 4 MB goal, 0 MB stacks, 0 MB globals, 2 P
gc 272 @38.724s 0%: 0.024+0.74+0.002 ms clock, 0.048+0.70/0.45/0+0.005 ms cpu, 3->3->0 MB, 4 MB goal, 0 MB stacks, 0 MB globals, 2 P
gc 273 @38.742s 0%: 0.036+0.75+0.003 ms clock, 0.073+0.64/0.47/0+0.007 ms cpu, 3->3->0 MB, 4 MB goal, 0 MB stacks, 0 MB globals, 2 P
gc 274 @38.759s 0%: 0.045+0.74+0.023 ms clock, 0.091+0.72/0.39/0+0.046 ms cpu, 3->3->0 MB, 4 MB goal, 0 MB stacks, 0 MB globals, 2 P
gc 275 @38.777s 0%: 0.013+0.79+0.018 ms clock, 0.027+0.66/0.45/0+0.037 ms cpu, 3->3->0 MB, 4 MB goal, 0 MB stacks, 0 MB globals, 2 P
gc 276 @38.794s 0%: 0.032+0.98+0.036 ms clock, 0.065+0.64/0.37/0+0.072 ms cpu, 3->3->0 MB, 4 MB goal, 0 MB stacks, 0 MB globals, 2 P
gc 277 @38.812s 0%: 0.012+1.0+0.003 ms clock, 0.025+0.74/0.38/0+0.007 ms cpu, 3->3->0 MB, 4 MB goal, 0 MB stacks, 0 MB globals, 2 P
gc 278 @38.830s 0%: 0.033+0.74+0.010 ms clock, 0.066+0.68/0.37/0+0.021 ms cpu, 3->3->0 MB, 4 MB goal, 0 MB stacks, 0 MB globals, 2 P
gc 279 @38.848s 0%: 0.021+0.78+0.005 ms clock, 0.042+0.67/0.36/0+0.010 ms cpu, 3->3->0 MB, 4 MB goal, 0 MB stacks, 0 MB globals, 2 P
gc 280 @38.866s 0%: 0.063+0.81+0.019 ms clock, 0.12+0.68/0.37/0+0.039 ms cpu, 3->3->0 MB, 4 MB goal, 0 MB stacks, 0 MB globals, 2 P
gc 281 @38.884s 0%: 0.026+0.67+0.002 ms clock, 0.053+0.65/0.35/0+0.005 ms cpu, 3->3->0 MB, 4 MB goal, 0 MB stacks, 0 MB globals, 2 P
gc 282 @38.902s 0%: 0.62+0.43+0.018 ms clock, 1.2+0.49/0.46/0+0.037 ms cpu, 3->3->0 MB, 4 MB goal, 0 MB stacks, 0 MB globals, 2 P
gc 283 @38.920s 0%: 0.034+0.76+0.012 ms clock, 0.069+0.81/0.36/0+0.025 ms cpu, 3->3->0 MB, 4 MB goal, 0 MB stacks, 0 MB globals, 2 P
gc 284 @38.938s 0%: 0.016+0.73+0.025 ms clock, 0.033+0.61/0.46/0.052+0.051 ms cpu, 3->3->0 MB, 4 MB goal, 0 MB stacks, 0 MB globals, 2 P
gc 285 @38.957s 0%: 0.043+0.74+0.010 ms clock, 0.087+0.76/0.35/0+0.021 ms cpu, 3->3->0 MB, 4 MB goal, 0 MB stacks, 0 MB globals, 2 P
gc 286 @38.976s 0%: 0.017+0.69+0.021 ms clock, 0.035+0.61/0.37/0+0.043 ms cpu, 3->3->0 MB, 4 MB goal, 0 MB stacks, 0 MB globals, 2 P
gc 287 @38.995s 0%: 0.054+0.91+0.006 ms clock, 0.10+0.59/0.44/0+0.012 ms cpu, 3->3->0 MB, 4 MB goal, 0 MB stacks, 0 MB globals, 2 P
gc 288 @39.014s 0%: 0.021+0.76+0.017 ms clock, 0.042+0.65/0.35/0+0.035 ms cpu, 3->3->0 MB, 4 MB goal, 0 MB stacks, 0 MB globals, 2 P
gc 289 @39.032s 0%: 0.18+0.57+0.017 ms clock, 0.37+0.55/0.47/0+0.035 ms cpu, 3->3->0 MB, 4 MB goal, 0 MB stacks, 0 MB globals, 2 P
gc 290 @39.051s 0%: 0.037+1.0+0.004 ms clock, 0.074+0.64/0.37/0+0.009 ms cpu, 3->3->0 MB, 4 MB goal, 0 MB stacks, 0 MB globals, 2 P
gc 291 @39.069s 0%: 0.38+0.60+0.024 ms clock, 0.76+0.34/0.61/0+0.049 ms cpu, 3->3->0 MB, 4 MB goal, 0 MB stacks, 0 MB globals, 2 P
gc 292 @39.087s 0%: 0.025+0.90+0.016 ms clock, 0.050+0.77/0.36/0+0.033 ms cpu, 3->3->0 MB, 4 MB goal, 0 MB stacks, 0 MB globals, 2 P
gc 293 @39.105s 0%: 0.11+0.80+0.002 ms clock, 0.23+0.50/0.53/0+0.005 ms cpu, 3->3->0 MB, 4 MB goal, 0 MB stacks, 0 MB globals, 2 P
gc 294 @39.122s 0%: 0.048+1.0+0.004 ms clock, 0.097+0.58/0.52/0+0.008 ms cpu, 3->3->0 MB, 4 MB goal, 0 MB stacks, 0 MB globals, 2 P
gc 295 @39.139s 0%: 0.015+0.68+0.003 ms clock, 0.031+0.73/0.34/0+0.006 ms cpu, 3->3->0 MB, 4 MB goal, 0 MB stacks, 0 MB globals, 2 P
gc 296 @39.156s 0%: 0.019+0.78+0.004 ms clock, 0.038+0.76/0.37/0+0.008 ms cpu, 3->3->0 MB, 4 MB goal, 0 MB stacks, 0 MB globals, 2 P
gc 297 @39.173s 0%: 0.025+0.73+0.013 ms clock, 0.051+0.70/0.35/0+0.026 ms cpu, 3->3->0 MB, 4 MB goal, 0 MB stacks, 0 MB globals, 2 P
gc 298 @39.191s 0%: 0.021+0.70+0.018 ms clock, 0.043+0.76/0.34/0+0.037 ms cpu, 3->3->0 MB, 4 MB goal, 0 MB stacks, 0 MB globals, 2 P
gc 299 @39.209s 0%: 0.029+0.75+0.018 ms clock, 0.058+0.68/0.41/0+0.036 ms cpu, 3->3->0 MB, 4 MB goal, 0 MB stacks, 0 MB globals, 2 P
gc 300 @39.227s 0%: 0.043+0.86+0.016 ms clock, 0.086+0.65/0.37/0+0.032 ms cpu, 3->3->0 MB, 4 MB goal, 0 MB stacks, 0 MB globals, 2 P
gc 301 @39.245s 0%: 0.021+0.75+0.005 ms clock, 0.042+0.71/0.41/0+0.010 ms cpu, 3->3->0 MB, 4 MB goal, 0 MB stacks, 0 MB globals, 2 P
gc 302 @39.263s 0%: 0.013+0.86+0.004 ms clock, 0.026+0.64/0.44/0+0.008 ms cpu, 3->3->0 MB, 4 MB goal, 0 MB stacks, 0 MB globals, 2 P
gc 303 @39.281s 0%: 0.039+1.0+0.010 ms clock, 0.078+0.67/0.34/0+0.020 ms cpu, 3->3->0 MB, 4 MB goal, 0 MB stacks, 0 MB globals, 2 P
gc 304 @39.299s 0%: 0.012+0.80+0.011 ms clock, 0.025+0.74/0.36/0+0.023 ms cpu, 3->3->0 MB, 4 MB goal, 0 MB stacks, 0 MB globals, 2 P
gc 305 @39.317s 0%: 0.028+0.72+0.006 ms clock, 0.056+0.72/0.37/0+0.013 ms cpu, 3->3->0 MB, 4 MB goal, 0 MB stacks, 0 MB globals, 2 P
gc 306 @39.335s 0%: 0.69+0.72+0.020 ms clock, 1.3+0.96/0.47/0+0.041 ms cpu, 3->3->0 MB, 4 MB goal, 0 MB stacks, 0 MB globals, 2 P
gc 307 @39.353s 0%: 0.26+0.76+0.005 ms clock, 0.53+0.44/0.50/0+0.011 ms cpu, 3->3->0 MB, 4 MB goal, 0 MB stacks, 0 MB globals, 2 P
gc 308 @39.371s 0%: 0.037+0.88+0.004 ms clock, 0.075+0.69/0.42/0+0.008 ms cpu, 3->3->0 MB, 4 MB goal, 0 MB stacks, 0 MB globals, 2 P
gc 309 @39.389s 0%: 0.039+1.0+0.012 ms clock, 0.078+0.66/0.35/0+0.025 ms cpu, 3->3->0 MB, 4 MB goal, 0 MB stacks, 0 MB globals, 2 P
gc 310 @39.407s 0%: 0.028+0.83+0.025 ms clock, 0.057+0.68/0.44/0+0.050 ms cpu, 3->3->0 MB, 4 MB goal, 0 MB stacks, 0 MB globals, 2 P
gc 311 @39.425s 0%: 0.029+1.0+0.029 ms clock, 0.058+0.70/0.30/0+0.059 ms cpu, 3->3->0 MB, 4 MB goal, 0 MB stacks, 0 MB globals, 2 P
gc 312 @39.443s 0%: 0.014+0.75+0.015 ms clock, 0.028+0.70/0.36/0+0.030 ms cpu, 3->3->0 MB, 4 MB goal, 0 MB stacks, 0 MB globals, 2 P
gc 313 @39.461s 0%: 0.84+0.40+0.004 ms clock, 1.6+0.71/0.21/0+0.009 ms cpu, 3->3->0 MB, 4 MB goal, 0 MB stacks, 0 MB globals, 2 P
gc 314 @39.478s 0%: 0.12+0.69+0.003 ms clock, 0.25+0.59/0.40/0+0.006 ms cpu, 3->3->0 MB, 4 MB goal, 0 MB stacks, 0 MB globals, 2 P
gc 315 @39.496s 0%: 0.014+0.69+0.008 ms clock, 0.029+0.69/0.33/0+0.017 ms cpu, 3->3->0 MB, 4 MB goal, 0 MB stacks, 0 MB globals, 2 P
gc 316 @39.513s 0%: 0.12+0.62+0.002 ms clock, 0.24+0.64/0.40/0+0.005 ms cpu, 3->3->0 MB, 4 MB goal, 0 MB stacks, 0 MB globals, 2 P
gc 317 @39.531s 0%: 0.030+0.68+0.003 ms clock, 0.061+0.63/0.36/0+0.006 ms cpu, 3->3->0 MB, 4 MB goal, 0 MB stacks, 0 MB globals, 2 P
gc 318 @39.549s 0%: 0.015+1.3+0.003 ms clock, 0.031+0.64/0.46/0+0.007 ms cpu, 3->3->0 MB, 4 MB goal, 0 MB stacks, 0 MB globals, 2 P
gc 319 @39.567s 0%: 0.017+0.72+0.013 ms clock, 0.034+0.70/0.41/0+0.027 ms cpu, 3->3->0 MB, 4 MB goal, 0 MB stacks, 0 MB globals, 2 P
gc 320 @39.585s 0%: 0.016+0.74+0.003 ms clock, 0.032+0.65/0.36/0+0.006 ms cpu, 3->3->0 MB, 4 MB goal, 0 MB stacks, 0 MB globals, 2 P
gc 321 @39.602s 0%: 0.055+0.82+0.010 ms clock, 0.11+0.65/0.42/0+0.021 ms cpu, 3->3->0 MB, 4 MB goal, 0 MB stacks, 0 MB globals, 2 P
gc 322 @39.621s 0%: 0.065+0.66+0.003 ms clock, 0.13+0.54/0.49/0+0.007 ms cpu, 3->3->0 MB, 4 MB goal, 0 MB stacks, 0 MB globals, 2 P
gc 323 @39.638s 0%: 0.023+0.69+0.008 ms clock, 0.047+0.70/0.35/0+0.016 ms cpu, 3->3->0 MB, 4 MB goal, 0 MB stacks, 0 MB globals, 2 P
gc 324 @39.656s 0%: 0.025+1.0+0.027 ms clock, 0.051+0.61/0.37/0+0.055 ms cpu, 3->3->0 MB, 4 MB goal, 0 MB stacks, 0 MB globals, 2 P
gc 325 @39.674s 0%: 0.041+1.5+0.003 ms clock, 0.082+0.49/0.25/0+0.006 ms cpu, 3->3->0 MB, 4 MB goal, 0 MB stacks, 0 MB globals, 2 P
gc 326 @39.693s 0%: 0.022+0.68+0.003 ms clock, 0.044+0.62/0.42/0+0.007 ms cpu, 3->3->0 MB, 4 MB goal, 0 MB stacks, 0 MB globals, 2 P
gc 327 @39.711s 0%: 0.015+0.85+0.004 ms clock, 0.030+0.60/0.54/0+0.009 ms cpu, 3->3->0 MB, 4 MB goal, 0 MB stacks, 0 MB globals, 2 P
gc 328 @39.729s 0%: 0.11+0.59+0.017 ms clock, 0.23+0.61/0.38/0+0.034 ms cpu, 3->3->0 MB, 4 MB goal, 0 MB stacks, 0 MB globals, 2 P
gc 329 @39.748s 0%: 0.018+1.0+0.010 ms clock, 0.036+0.64/0.37/0+0.020 ms cpu, 3->3->0 MB, 4 MB goal, 0 MB stacks, 0 MB globals, 2 P
gc 330 @39.765s 0%: 0.013+0.51+0.002 ms clock, 0.026+0.035/0.22/0.72+0.005 ms cpu, 3->3->0 MB, 4 MB goal, 0 MB stacks, 0 MB globals, 2 P
gc 331 @39.782s 0%: 0.035+0.72+0.025 ms clock, 0.070+0.58/0.48/0+0.050 ms cpu, 3->3->0 MB, 4 MB goal, 0 MB stacks, 0 MB globals, 2 P
gc 332 @39.800s 0%: 0.037+0.77+0.003 ms clock, 0.075+0.66/0.47/0+0.006 ms cpu, 3->3->0 MB, 4 MB goal, 0 MB stacks, 0 MB globals, 2 P
gc 333 @39.817s 0%: 0.016+0.72+0.015 ms clock, 0.032+0.71/0.38/0+0.031 ms cpu, 3->3->0 MB, 4 MB goal, 0 MB stacks, 0 MB globals, 2 P
gc 334 @39.834s 0%: 0.35+0.50+0.007 ms clock, 0.71+0.43/0.49/0+0.015 ms cpu, 3->3->0 MB, 4 MB goal, 0 MB stacks, 0 MB globals, 2 P
gc 335 @39.853s 0%: 0.043+0.73+0.005 ms clock, 0.086+0.63/0.44/0+0.010 ms cpu, 3->3->0 MB, 4 MB goal, 0 MB stacks, 0 MB globals, 2 P
gc 336 @39.872s 0%: 0.045+0.77+0.003 ms clock, 0.090+0.68/0.37/0+0.007 ms cpu, 3->3->0 MB, 4 MB goal, 0 MB stacks, 0 MB globals, 2 P
gc 337 @39.890s 0%: 0.026+1.0+0.010 ms clock, 0.052+0.40/0.61/0+0.021 ms cpu, 3->3->0 MB, 4 MB goal, 0 MB stacks, 0 MB globals, 2 P
gc 338 @39.909s 0%: 0.017+0.70+0.020 ms clock, 0.035+0.70/0.35/0+0.041 ms cpu, 3->3->0 MB, 4 MB goal, 0 MB stacks, 0 MB globals, 2 P
gc 339 @39.928s 0%: 0.016+0.96+0.033 ms clock, 0.033+0.74/0.42/0+0.067 ms cpu, 3->3->0 MB, 4 MB goal, 0 MB stacks, 0 MB globals, 2 P
gc 340 @39.946s 0%: 0.030+0.88+0.004 ms clock, 0.061+0.61/0.48/0+0.009 ms cpu, 3->3->0 MB, 4 MB goal, 0 MB stacks, 0 MB globals, 2 P
gc 341 @39.964s 0%: 0.037+0.71+0.002 ms clock, 0.075+0.65/0.47/0+0.005 ms cpu, 3->3->0 MB, 4 MB goal, 0 MB stacks, 0 MB globals, 2 P
gc 342 @39.982s 0%: 0.013+0.81+0.038 ms clock, 0.026+0.50/0.47/0+0.076 ms cpu, 3->3->0 MB, 4 MB goal, 0 MB stacks, 0 MB globals, 2 P
gc 343 @40.000s 0%: 0.025+0.78+0.031 ms clock, 0.050+0.73/0.53/0+0.063 ms cpu, 3->3->0 MB, 4 MB goal, 0 MB stacks, 0 MB globals, 2 P
gc 344 @40.018s 0%: 0.028+0.75+0.004 ms clock, 0.057+0.74/0.40/0+0.008 ms cpu, 3->3->0 MB, 4 MB goal, 0 MB stacks, 0 MB globals, 2 P
gc 345 @40.036s 0%: 0.19+0.62+0.003 ms clock, 0.39+0.58/0.42/0+0.006 ms cpu, 3->3->0 MB, 4 MB goal, 0 MB stacks, 0 MB globals, 2 P
gc 346 @40.055s 0%: 0.017+0.76+0.008 ms clock, 0.035+0.65/0.37/0+0.016 ms cpu, 3->3->0 MB, 4 MB goal, 0 MB stacks, 0 MB globals, 2 P
gc 347 @40.073s 0%: 0.015+0.93+0.044 ms clock, 0.031+0.78/0.38/0+0.088 ms cpu, 3->3->0 MB, 4 MB goal, 0 MB stacks, 0 MB globals, 2 P
gc 348 @40.091s 0%: 0.021+0.74+0.033 ms clock, 0.043+0.64/0.50/0+0.066 ms cpu, 3->3->0 MB, 4 MB goal, 0 MB stacks, 0 MB globals, 2 P
gc 349 @40.108s 0%: 0.067+0.77+0.003 ms clock, 0.13+0.55/0.58/0+0.007 ms cpu, 3->3->0 MB, 4 MB goal, 0 MB stacks, 0 MB globals, 2 P
gc 350 @40.125s 0%: 0.036+0.77+0.009 ms clock, 0.072+0.78/0.38/0+0.019 ms cpu, 3->3->0 MB, 4 MB goal, 0 MB stacks, 0 MB globals, 2 P
gc 351 @40.143s 0%: 0.055+0.73+0.010 ms clock, 0.11+0.62/0.37/0+0.021 ms cpu, 3->3->0 MB, 4 MB goal, 0 MB stacks, 0 MB globals, 2 P
gc 352 @40.160s 0%: 0.042+0.73+0.004 ms clock, 0.084+0.68/0.35/0+0.009 ms cpu, 3->3->0 MB, 4 MB goal, 0 MB stacks, 0 MB globals, 2 P
gc 353 @40.178s 0%: 0.026+0.83+0.029 ms clock, 0.052+0.67/0.36/0+0.058 ms cpu, 3->3->0 MB, 4 MB goal, 0 MB stacks, 0 MB globals, 2 P
gc 354 @40.196s 0%: 0.023+0.70+0.034 ms clock, 0.046+0.59/0.49/0+0.069 ms cpu, 3->3->0 MB, 4 MB goal, 0 MB stacks, 0 MB globals, 2 P
gc 355 @40.213s 0%: 0.042+1.0+0.038 ms clock, 0.085+0.49/0.54/0+0.076 ms cpu, 3->3->0 MB, 4 MB goal, 0 MB stacks, 0 MB globals, 2 P
gc 356 @40.232s 0%: 0.018+1.0+0.003 ms clock, 0.036+0.79/0.32/0+0.006 ms cpu, 3->3->0 MB, 4 MB goal, 0 MB stacks, 0 MB globals, 2 P
gc 357 @40.249s 0%: 0.017+0.77+0.042 ms clock, 0.035+0.61/0.41/0+0.085 ms cpu, 3->3->0 MB, 4 MB goal, 0 MB stacks, 0 MB globals, 2 P
gc 358 @40.267s 0%: 0.36+0.45+0.007 ms clock, 0.72+0.46/0.43/0+0.015 ms cpu, 3->3->0 MB, 4 MB goal, 0 MB stacks, 0 MB globals, 2 P
gc 359 @40.284s 0%: 0.033+0.79+0.002 ms clock, 0.066+0.73/0.40/0+0.005 ms cpu, 3->3->0 MB, 4 MB goal, 0 MB stacks, 0 MB globals, 2 P
gc 360 @40.301s 0%: 0.036+0.71+0.014 ms clock, 0.073+0.63/0.42/0+0.028 ms cpu, 3->3->0 MB, 4 MB goal, 0 MB stacks, 0 MB globals, 2 P
gc 361 @40.318s 0%: 0.065+0.70+0.003 ms clock, 0.13+0.69/0.31/0+0.007 ms cpu, 3->3->0 MB, 4 MB goal, 0 MB stacks, 0 MB globals, 2 P
gc 362 @40.336s 0%: 0.035+0.83+0.023 ms clock, 0.070+0.64/0.55/0+0.047 ms cpu, 3->3->0 MB, 4 MB goal, 0 MB stacks, 0 MB globals, 2 P
gc 363 @40.355s 0%: 0.062+0.66+0.012 ms clock, 0.12+0.58/0.45/0+0.025 ms cpu, 3->3->0 MB, 4 MB goal, 0 MB stacks, 0 MB globals, 2 P
gc 364 @40.373s 0%: 0.038+1.5+0.010 ms clock, 0.076+0.44/0.30/0+0.021 ms cpu, 3->3->1 MB, 4 MB goal, 0 MB stacks, 0 MB globals, 2 P
gc 365 @40.391s 0%: 0.039+0.68+0.003 ms clock, 0.078+0.69/0.34/0+0.007 ms cpu, 3->3->0 MB, 4 MB goal, 0 MB stacks, 0 MB globals, 2 P
gc 366 @40.410s 0%: 0.014+1.0+0.002 ms clock, 0.029+0.72/0.36/0+0.005 ms cpu, 3->3->0 MB, 4 MB goal, 0 MB stacks, 0 MB globals, 2 P
gc 367 @40.428s 0%: 0.16+0.96+0.003 ms clock, 0.32+0.44/0.53/0+0.006 ms cpu, 3->3->0 MB, 4 MB goal, 0 MB stacks, 0 MB globals, 2 P
gc 368 @40.446s 0%: 0.016+1.1+0.003 ms clock, 0.032+0.69/0.54/0+0.006 ms cpu, 3->3->0 MB, 4 MB goal, 0 MB stacks, 0 MB globals, 2 P
gc 369 @40.464s 0%: 0.015+0.84+0.019 ms clock, 0.031+0.65/0.38/0+0.039 ms cpu, 3->3->0 MB, 4 MB goal, 0 MB stacks, 0 MB globals, 2 P
gc 370 @40.482s 0%: 0.011+1.0+0.003 ms clock, 0.023+0.50/0.49/0+0.006 ms cpu, 3->3->0 MB, 4 MB goal, 0 MB stacks, 0 MB globals, 2 P
gc 371 @40.501s 0%: 0.012+1.1+0.007 ms clock, 0.025+0.66/0.44/0+0.015 ms cpu, 3->3->0 MB, 4 MB goal, 0 MB stacks, 0 MB globals, 2 P
gc 372 @40.519s 0%: 0.030+0.74+0.018 ms clock, 0.060+0.64/0.36/0+0.037 ms cpu, 3->3->0 MB, 4 MB goal, 0 MB stacks, 0 MB globals, 2 P
gc 373 @40.537s 0%: 0.037+0.81+0.004 ms clock, 0.074+0.69/0.41/0+0.008 ms cpu, 3->3->0 MB, 4 MB goal, 0 MB stacks, 0 MB globals, 2 P
gc 374 @40.555s 0%: 0.039+0.66+0.018 ms clock, 0.078+0.61/0.40/0+0.036 ms cpu, 3->3->0 MB, 4 MB goal, 0 MB stacks, 0 MB globals, 2 P
gc 375 @40.574s 0%: 0.015+0.70+0.021 ms clock, 0.030+0.69/0.39/0+0.043 ms cpu, 3->3->0 MB, 4 MB goal, 0 MB stacks, 0 MB globals, 2 P
gc 376 @40.592s 0%: 0.036+0.80+0.004 ms clock, 0.073+0.67/0.46/0+0.008 ms cpu, 3->3->0 MB, 4 MB goal, 0 MB stacks, 0 MB globals, 2 P
gc 377 @40.611s 0%: 0.044+0.66+0.020 ms clock, 0.088+0.60/0.40/0+0.040 ms cpu, 3->3->0 MB, 4 MB goal, 0 MB stacks, 0 MB globals, 2 P
gc 378 @40.629s 0%: 0.026+0.77+0.024 ms clock, 0.052+0.77/0.37/0+0.049 ms cpu, 3->3->0 MB, 4 MB goal, 0 MB stacks, 0 MB globals, 2 P
gc 379 @40.648s 0%: 0.031+1.1+0.004 ms clock, 0.063+0.65/0.36/0+0.008 ms cpu, 3->3->0 MB, 4 MB goal, 0 MB stacks, 0 MB globals, 2 P
gc 380 @40.666s 0%: 0.029+0.63+0.003 ms clock, 0.059+0.67/0.33/0+0.006 ms cpu, 3->3->0 MB, 4 MB goal, 0 MB stacks, 0 MB globals, 2 P
gc 381 @40.684s 0%: 0.034+0.82+0.003 ms clock, 0.068+0.63/0.36/0+0.007 ms cpu, 3->3->0 MB, 4 MB goal, 0 MB stacks, 0 MB globals, 2 P
gc 382 @40.703s 0%: 0.022+0.79+0.015 ms clock, 0.045+0.74/0.44/0+0.030 ms cpu, 3->3->0 MB, 4 MB goal, 0 MB stacks, 0 MB globals, 2 P
gc 383 @40.720s 0%: 0.049+0.73+0.004 ms clock, 0.099+0.68/0.36/0+0.008 ms cpu, 3->3->0 MB, 4 MB goal, 0 MB stacks, 0 MB globals, 2 P
gc 384 @40.737s 0%: 0.011+1.0+0.003 ms clock, 0.023+0.67/0.37/0+0.007 ms cpu, 3->3->0 MB, 4 MB goal, 0 MB stacks, 0 MB globals, 2 P
gc 385 @40.754s 0%: 0.020+0.81+0.025 ms clock, 0.040+0.71/0.38/0+0.050 ms cpu, 3->3->0 MB, 4 MB goal, 0 MB stacks, 0 MB globals, 2 P
gc 386 @40.772s 0%: 0.013+0.71+0.003 ms clock, 0.027+0.72/0.33/0+0.006 ms cpu, 3->3->0 MB, 4 MB goal, 0 MB stacks, 0 MB globals, 2 P
gc 387 @40.789s 0%: 0.024+0.71+0.027 ms clock, 0.048+0.75/0.37/0+0.055 ms cpu, 3->3->0 MB, 4 MB goal, 0 MB stacks, 0 MB globals, 2 P
gc 388 @40.806s 0%: 0.079+1.2+0.016 ms clock, 0.15+0.64/0.44/0+0.032 ms cpu, 3->3->0 MB, 4 MB goal, 0 MB stacks, 0 MB globals, 2 P
gc 389 @40.823s 0%: 0.019+0.83+0.039 ms clock, 0.038+0.66/0.52/0+0.079 ms cpu, 3->3->0 MB, 4 MB goal, 0 MB stacks, 0 MB globals, 2 P
gc 390 @40.840s 0%: 0.023+0.93+0.025 ms clock, 0.046+0.63/0.49/0+0.050 ms cpu, 3->3->0 MB, 4 MB goal, 0 MB stacks, 0 MB globals, 2 P
gc 391 @40.857s 0%: 0.046+0.70+0.015 ms clock, 0.093+0.63/0.43/0+0.030 ms cpu, 3->3->0 MB, 4 MB goal, 0 MB stacks, 0 MB globals, 2 P
gc 392 @40.875s 0%: 0.045+1.3+0.012 ms clock, 0.090+0.60/0.44/0+0.025 ms cpu, 3->3->0 MB, 4 MB goal, 0 MB stacks, 0 MB globals, 2 P
gc 393 @40.893s 0%: 0.015+1.1+0.003 ms clock, 0.030+0.44/0.19/0+0.006 ms cpu, 3->3->0 MB, 4 MB goal, 0 MB stacks, 0 MB globals, 2 P
gc 394 @40.912s 0%: 0.037+0.94+0.003 ms clock, 0.075+0.65/0.39/0+0.007 ms cpu, 3->3->0 MB, 4 MB goal, 0 MB stacks, 0 MB globals, 2 P
gc 395 @40.930s 0%: 0.038+0.78+0.018 ms clock, 0.076+0.67/0.42/0+0.037 ms cpu, 3->3->0 MB, 4 MB goal, 0 MB stacks, 0 MB globals, 2 P
gc 396 @40.948s 0%: 0.023+0.68+0.003 ms clock, 0.046+0.63/0.41/0+0.006 ms cpu, 3->3->0 MB, 4 MB goal, 0 MB stacks, 0 MB globals, 2 P
gc 397 @40.966s 0%: 0.036+0.68+0.010 ms clock, 0.073+0.66/0.39/0+0.021 ms cpu, 3->3->0 MB, 4 MB goal, 0 MB stacks, 0 MB globals, 2 P
gc 398 @40.984s 0%: 0.042+0.73+0.025 ms clock, 0.084+0.57/0.42/0+0.051 ms cpu, 3->3->0 MB, 4 MB goal, 0 MB stacks, 0 MB globals, 2 P
gc 399 @41.002s 0%: 0.024+0.73+0.017 ms clock, 0.048+0.68/0.45/0+0.034 ms cpu, 3->3->0 MB, 4 MB goal, 0 MB stacks, 0 MB globals, 2 P
gc 400 @41.020s 0%: 0.021+0.98+0.014 ms clock, 0.043+0.56/0.51/0+0.028 ms cpu, 3->3->0 MB, 4 MB goal, 0 MB stacks, 0 MB globals, 2 P
gc 401 @41.039s 0%: 0.026+0.86+0.032 ms clock, 0.053+0.71/0.44/0+0.065 ms cpu, 3->3->0 MB, 4 MB goal, 0 MB stacks, 0 MB globals, 2 P
gc 402 @41.056s 0%: 0.014+0.79+0.017 ms clock, 0.029+0.78/0.43/0+0.034 ms cpu, 3->3->0 MB, 4 MB goal, 0 MB stacks, 0 MB globals, 2 P
gc 403 @41.073s 0%: 0.033+1.3+0.003 ms clock, 0.066+0.53/0.39/0+0.006 ms cpu, 3->3->0 MB, 4 MB goal, 0 MB stacks, 0 MB globals, 2 P
gc 404 @41.090s 0%: 0.018+0.72+0.016 ms clock, 0.037+0.64/0.44/0+0.032 ms cpu, 3->3->0 MB, 4 MB goal, 0 MB stacks, 0 MB globals, 2 P
gc 405 @41.106s 0%: 0.012+0.72+0.006 ms clock, 0.024+0.80/0.33/0+0.013 ms cpu, 3->3->0 MB, 4 MB goal, 0 MB stacks, 0 MB globals, 2 P
gc 406 @41.123s 0%: 0.014+0.84+0.002 ms clock, 0.028+0.64/0.46/0+0.005 ms cpu, 3->3->0 MB, 4 MB goal, 0 MB stacks, 0 MB globals, 2 P
gc 407 @41.140s 0%: 0.019+0.67+0.017 ms clock, 0.039+0.71/0.30/0+0.035 ms cpu, 3->3->0 MB, 4 MB goal, 0 MB stacks, 0 MB globals, 2 P
gc 408 @41.157s 0%: 0.061+0.76+0.011 ms clock, 0.12+0.60/0.54/0+0.023 ms cpu, 3->3->0 MB, 4 MB goal, 0 MB stacks, 0 MB globals, 2 P
gc 409 @41.173s 0%: 0.013+1.0+0.009 ms clock, 0.027+0.50/0.51/0+0.018 ms cpu, 3->3->0 MB, 4 MB goal, 0 MB stacks, 0 MB globals, 2 P
gc 410 @41.190s 0%: 0.026+1.0+0.003 ms clock, 0.052+0.55/0.46/0+0.006 ms cpu, 3->3->0 MB, 4 MB goal, 0 MB stacks, 0 MB globals, 2 P
gc 411 @41.209s 0%: 0.029+0.85+0.003 ms clock, 0.059+0.54/0.52/0+0.006 ms cpu, 3->3->0 MB, 4 MB goal, 0 MB stacks, 0 MB globals, 2 P
gc 412 @41.227s 0%: 0.030+1.2+0.070 ms clock, 0.061+0.63/0.50/0+0.14 ms cpu, 3->3->1 MB, 4 MB goal, 0 MB stacks, 0 MB globals, 2 P
gc 413 @41.245s 0%: 0.028+0.85+0.011 ms clock, 0.057+0.65/0.44/0+0.023 ms cpu, 3->3->0 MB, 4 MB goal, 0 MB stacks, 0 MB globals, 2 P
gc 414 @41.262s 0%: 0.020+0.80+0.030 ms clock, 0.040+0.69/0.39/0+0.061 ms cpu, 3->3->0 MB, 4 MB goal, 0 MB stacks, 0 MB globals, 2 P
gc 415 @41.280s 0%: 0.015+0.73+0.005 ms clock, 0.031+0.68/0.32/0+0.011 ms cpu, 3->3->0 MB, 4 MB goal, 0 MB stacks, 0 MB globals, 2 P
gc 416 @41.297s 0%: 0.11+0.65+0.003 ms clock, 0.22+0.69/0.33/0+0.007 ms cpu, 3->3->0 MB, 4 MB goal, 0 MB stacks, 0 MB globals, 2 P
gc 417 @41.315s 0%: 0.039+0.67+0.007 ms clock, 0.078+0.64/0.34/0+0.015 ms cpu, 3->3->0 MB, 4 MB goal, 0 MB stacks, 0 MB globals, 2 P
gc 418 @41.333s 0%: 0.042+0.91+0.003 ms clock, 0.084+0.67/0.52/0+0.006 ms cpu, 3->3->0 MB, 4 MB goal, 0 MB stacks, 0 MB globals, 2 P
gc 419 @41.351s 0%: 0.014+0.79+0.004 ms clock, 0.029+0.74/0.37/0+0.009 ms cpu, 3->3->0 MB, 4 MB goal, 0 MB stacks, 0 MB globals, 2 P
gc 420 @41.369s 0%: 0.013+0.84+0.042 ms clock, 0.026+0.73/0.43/0+0.084 ms cpu, 3->3->0 MB, 4 MB goal, 0 MB stacks, 0 MB globals, 2 P
gc 421 @41.387s 0%: 0.039+0.71+0.003 ms clock, 0.079+0.65/0.39/0+0.007 ms cpu, 3->3->0 MB, 4 MB goal, 0 MB stacks, 0 MB globals, 2 P
gc 422 @41.405s 0%: 0.013+0.66+0.003 ms clock, 0.027+0.67/0.33/0+0.007 ms cpu, 3->3->0 MB, 4 MB goal, 0 MB stacks, 0 MB globals, 2 P
gc 423 @41.423s 0%: 0.11+0.94+0.003 ms clock, 0.22+1.0/0.57/0+0.007 ms cpu, 3->3->0 MB, 4 MB goal, 0 MB stacks, 0 MB globals, 2 P
gc 424 @41.440s 0%: 0.061+0.78+0.019 ms clock, 0.12+0.46/0.47/0+0.039 ms cpu, 3->3->0 MB, 4 MB goal, 0 MB stacks, 0 MB globals, 2 P
gc 425 @41.456s 0%: 0.011+0.88+0.004 ms clock, 0.022+0.73/0.33/0+0.009 ms cpu, 3->3->0 MB, 4 MB goal, 0 MB stacks, 0 MB globals, 2 P
gc 426 @41.473s 0%: 0.025+0.67+0.029 ms clock, 0.050+0.68/0.43/0+0.059 ms cpu, 3->3->0 MB, 4 MB goal, 0 MB stacks, 0 MB globals, 2 P
gc 427 @41.489s 0%: 0.056+0.75+0.015 ms clock, 0.11+0.65/0.52/0+0.031 ms cpu, 3->3->0 MB, 4 MB goal, 0 MB stacks, 0 MB globals, 2 P
gc 428 @41.506s 0%: 0.53+0.44+0.022 ms clock, 1.0+0.35/0.58/0+0.045 ms cpu, 3->3->0 MB, 4 MB goal, 0 MB stacks, 0 MB globals, 2 P
gc 429 @41.524s 0%: 0.035+0.86+0.028 ms clock, 0.070+0.60/0.46/0+0.056 ms cpu, 3->3->0 MB, 4 MB goal, 0 MB stacks, 0 MB globals, 2 P
gc 430 @41.542s 0%: 0.038+0.95+0.004 ms clock, 0.076+0.63/0.49/0+0.008 ms cpu, 3->3->0 MB, 4 MB goal, 0 MB stacks, 0 MB globals, 2 P
gc 431 @41.561s 0%: 0.031+0.73+0.019 ms clock, 0.063+0.65/0.38/0+0.038 ms cpu, 3->3->0 MB, 4 MB goal, 0 MB stacks, 0 MB globals, 2 P
gc 432 @41.579s 0%: 0.061+0.78+0.031 ms clock, 0.12+0.66/0.41/0+0.062 ms cpu, 3->3->0 MB, 4 MB goal, 0 MB stacks, 0 MB globals, 2 P
gc 433 @41.597s 0%: 0.019+0.69+0.003 ms clock, 0.038+0.68/0.34/0+0.007 ms cpu, 3->3->0 MB, 4 MB goal, 0 MB stacks, 0 MB globals, 2 P
gc 434 @41.615s 0%: 0.048+0.70+0.008 ms clock, 0.096+0.64/0.37/0+0.016 ms cpu, 3->3->0 MB, 4 MB goal, 0 MB stacks, 0 MB globals, 2 P
gc 435 @41.633s 0%: 0.017+0.77+0.002 ms clock, 0.035+0.65/0.44/0+0.005 ms cpu, 3->3->0 MB, 4 MB goal, 0 MB stacks, 0 MB globals, 2 P
gc 436 @41.651s 0%: 0.014+0.77+0.015 ms clock, 0.029+0.75/0.44/0+0.030 ms cpu, 3->3->0 MB, 4 MB goal, 0 MB stacks, 0 MB globals, 2 P
gc 437 @41.668s 0%: 0.039+0.79+0.018 ms clock, 0.079+0.72/0.45/0+0.037 ms cpu, 3->3->0 MB, 4 MB goal, 0 MB stacks, 0 MB globals, 2 P
gc 438 @41.686s 0%: 0.017+0.79+0.022 ms clock, 0.034+0.59/0.45/0+0.045 ms cpu, 3->3->0 MB, 4 MB goal, 0 MB stacks, 0 MB globals, 2 P
gc 439 @41.703s 0%: 0.038+0.82+0.006 ms clock, 0.077+0.62/0.39/0+0.013 ms cpu, 3->3->0 MB, 4 MB goal, 0 MB stacks, 0 MB globals, 2 P
gc 440 @41.720s 0%: 0.018+0.65+0.026 ms clock, 0.036+0.62/0.42/0+0.052 ms cpu, 3->3->0 MB, 4 MB goal, 0 MB stacks, 0 MB globals, 2 P
gc 441 @41.739s 0%: 0.019+0.78+0.021 ms clock, 0.038+0.67/0.42/0+0.042 ms cpu, 3->3->0 MB, 4 MB goal, 0 MB stacks, 0 MB globals, 2 P
gc 442 @41.756s 0%: 0.031+0.87+0.024 ms clock, 0.062+0.74/0.41/0+0.048 ms cpu, 3->3->0 MB, 4 MB goal, 0 MB stacks, 0 MB globals, 2 P
gc 443 @41.774s 0%: 0.017+0.67+0.003 ms clock, 0.035+0.58/0.40/0+0.006 ms cpu, 3->3->0 MB, 4 MB goal, 0 MB stacks, 0 MB globals, 2 P
gc 444 @41.792s 0%: 0.025+0.81+0.003 ms clock, 0.050+0.75/0.40/0+0.007 ms cpu, 3->3->0 MB, 4 MB goal, 0 MB stacks, 0 MB globals, 2 P
gc 445 @41.810s 0%: 0.034+0.72+0.011 ms clock, 0.068+0.69/0.34/0+0.022 ms cpu, 3->3->0 MB, 4 MB goal, 0 MB stacks, 0 MB globals, 2 P
gc 446 @41.828s 0%: 0.015+0.76+0.008 ms clock, 0.031+0.79/0.32/0+0.016 ms cpu, 3->3->0 MB, 4 MB goal, 0 MB stacks, 0 MB globals, 2 P
gc 447 @41.844s 0%: 0.077+1.2+0.012 ms clock, 0.15+0.69/0.37/0+0.024 ms cpu, 3->3->0 MB, 4 MB goal, 0 MB stacks, 0 MB globals, 2 P
gc 448 @41.860s 0%: 0.032+0.78+0.020 ms clock, 0.064+0.60/0.47/0+0.041 ms cpu, 3->3->0 MB, 4 MB goal, 0 MB stacks, 0 MB globals, 2 P
gc 449 @41.877s 0%: 0.037+0.73+0.003 ms clock, 0.075+0.73/0.39/0+0.007 ms cpu, 3->3->0 MB, 4 MB goal, 0 MB stacks, 0 MB globals, 2 P
gc 450 @41.893s 0%: 0.012+1.3+0.030 ms clock, 0.024+0.56/0.42/0+0.060 ms cpu, 3->3->0 MB, 4 MB goal, 0 MB stacks, 0 MB globals, 2 P
gc 451 @41.910s 0%: 0.015+0.75+0.022 ms clock, 0.030+0.71/0.43/0+0.045 ms cpu, 3->3->0 MB, 4 MB goal, 0 MB stacks, 0 MB globals, 2 P
gc 452 @41.928s 0%: 0.071+0.79+0.014 ms clock, 0.14+0.72/0.41/0+0.028 ms cpu, 3->3->0 MB, 4 MB goal, 0 MB stacks, 0 MB globals, 2 P
gc 453 @41.946s 0%: 0.11+0.67+0.018 ms clock, 0.22+0.64/0.39/0+0.036 ms cpu, 3->3->0 MB, 4 MB goal, 0 MB stacks, 0 MB globals, 2 P
gc 454 @41.964s 0%: 0.041+0.83+0.004 ms clock, 0.082+0.59/0.49/0+0.008 ms cpu, 3->3->0 MB, 4 MB goal, 0 MB stacks, 0 MB globals, 2 P
gc 455 @41.982s 0%: 0.026+0.72+0.033 ms clock, 0.053+0.79/0.34/0+0.067 ms cpu, 3->3->0 MB, 4 MB goal, 0 MB stacks, 0 MB globals, 2 P
gc 456 @41.999s 0%: 0.050+0.75+0.034 ms clock, 0.10+0.64/0.39/0+0.068 ms cpu, 3->3->0 MB, 4 MB goal, 0 MB stacks, 0 MB globals, 2 P
gc 457 @42.016s 0%: 0.20+0.65+0.011 ms clock, 0.40+0.59/0.42/0+0.022 ms cpu, 3->3->0 MB, 4 MB goal, 0 MB stacks, 0 MB globals, 2 P
gc 458 @42.033s 0%: 0.026+0.77+0.003 ms clock, 0.052+0.73/0.40/0+0.007 ms cpu, 3->3->0 MB, 4 MB goal, 0 MB stacks, 0 MB globals, 2 P
gc 459 @42.050s 0%: 0.028+0.80+0.011 ms clock, 0.056+0.55/0.50/0+0.023 ms cpu, 3->3->0 MB, 4 MB goal, 0 MB stacks, 0 MB globals, 2 P
gc 460 @42.067s 0%: 0.038+0.68+0.034 ms clock, 0.076+0.63/0.43/0+0.069 ms cpu, 3->3->0 MB, 4 MB goal, 0 MB stacks, 0 MB globals, 2 P
gc 461 @42.086s 0%: 0.016+0.87+0.014 ms clock, 0.032+0.74/0.47/0+0.028 ms cpu, 3->3->0 MB, 4 MB goal, 0 MB stacks, 0 MB globals, 2 P
gc 462 @42.104s 0%: 0.013+0.87+0.016 ms clock, 0.026+0.68/0.42/0+0.033 ms cpu, 3->3->0 MB, 4 MB goal, 0 MB stacks, 0 MB globals, 2 P
gc 463 @42.121s 0%: 0.013+0.81+0.020 ms clock, 0.027+0.52/0.46/0+0.041 ms cpu, 3->3->0 MB, 4 MB goal, 0 MB stacks, 0 MB globals, 2 P
gc 464 @42.139s 0%: 0.016+0.79+0.023 ms clock, 0.033+0.61/0.40/0+0.047 ms cpu, 3->3->0 MB, 4 MB goal, 0 MB stacks, 0 MB globals, 2 P
gc 465 @42.157s 0%: 0.017+0.68+0.033 ms clock, 0.034+0.61/0.40/0+0.067 ms cpu, 3->3->0 MB, 4 MB goal, 0 MB stacks, 0 MB globals, 2 P
gc 466 @42.175s 0%: 0.015+0.76+0.004 ms clock, 0.031+0.77/0.35/0+0.009 ms cpu, 3->3->0 MB, 4 MB goal, 0 MB stacks, 0 MB globals, 2 P
gc 467 @42.193s 0%: 0.063+0.74+0.040 ms clock, 0.12+0.64/0.42/0+0.080 ms cpu, 3->3->0 MB, 4 MB goal, 0 MB stacks, 0 MB globals, 2 P
gc 468 @42.211s 0%: 0.016+1.0+0.003 ms clock, 0.032+0.64/0.36/0+0.006 ms cpu, 3->3->0 MB, 4 MB goal, 0 MB stacks, 0 MB globals, 2 P
gc 469 @42.229s 0%: 0.022+0.95+0.026 ms clock, 0.044+0.59/0.58/0+0.053 ms cpu, 3->3->0 MB, 4 MB goal, 0 MB stacks, 0 MB globals, 2 P
gc 470 @42.246s 0%: 0.014+0.68+0.010 ms clock, 0.029+0.62/0.41/0+0.020 ms cpu, 3->3->0 MB, 4 MB goal, 0 MB stacks, 0 MB globals, 2 P
gc 471 @42.264s 0%: 0.025+1.1+0.017 ms clock, 0.050+0.62/0.45/0+0.035 ms cpu, 3->3->0 MB, 4 MB goal, 0 MB stacks, 0 MB globals, 2 P
gc 472 @42.282s 0%: 0.044+0.83+0.018 ms clock, 0.088+0.69/0.42/0+0.037 ms cpu, 3->3->0 MB, 4 MB goal, 0 MB stacks, 0 MB globals, 2 P
gc 473 @42.299s 0%: 0.034+0.97+0.003 ms clock, 0.069+0.77/0.32/0+0.007 ms cpu, 3->3->0 MB, 4 MB goal, 0 MB stacks, 0 MB globals, 2 P
gc 474 @42.316s 0%: 0.017+0.73+0.002 ms clock, 0.035+0.72/0.35/0+0.005 ms cpu, 3->3->0 MB, 4 MB goal, 0 MB stacks, 0 MB globals, 2 P
gc 475 @42.333s 0%: 0.024+1.0+0.003 ms clock, 0.049+0.65/0.37/0+0.006 ms cpu, 3->3->0 MB, 4 MB goal, 0 MB stacks, 0 MB globals, 2 P
gc 476 @42.350s 0%: 0.36+0.52+0.003 ms clock, 0.72+0.40/0.59/0+0.007 ms cpu, 3->3->0 MB, 4 MB goal, 0 MB stacks, 0 MB globals, 2 P
gc 477 @42.367s 0%: 0.043+0.80+0.035 ms clock, 0.087+0.67/0.45/0+0.070 ms cpu, 3->3->0 MB, 4 MB goal, 0 MB stacks, 0 MB globals, 2 P
gc 478 @42.384s 0%: 0.081+0.97+0.004 ms clock, 0.16+0.57/0.51/0+0.008 ms cpu, 3->3->0 MB, 4 MB goal, 0 MB stacks, 0 MB globals, 2 P
gc 479 @42.403s 0%: 0.033+0.64+0.017 ms clock, 0.066+0.60/0.39/0+0.035 ms cpu, 3->3->0 MB, 4 MB goal, 0 MB stacks, 0 MB globals, 2 P
gc 480 @42.422s 0%: 0.017+0.69+0.004 ms clock, 0.034+0.61/0.39/0+0.009 ms cpu, 3->3->0 MB, 4 MB goal, 0 MB stacks, 0 MB globals, 2 P
gc 481 @42.440s 0%: 0.017+1.0+0.005 ms clock, 0.034+0.75/0.33/0+0.011 ms cpu, 3->3->0 MB, 4 MB goal, 0 MB stacks, 0 MB globals, 2 P
gc 482 @42.459s 0%: 0.021+0.67+0.019 ms clock, 0.042+0.69/0.32/0+0.039 ms cpu, 3->3->0 MB, 4 MB goal, 0 MB stacks, 0 MB globals, 2 P
gc 483 @42.477s 0%: 0.030+0.76+0.021 ms clock, 0.060+0.57/0.46/0+0.042 ms cpu, 3->3->0 MB, 4 MB goal, 0 MB stacks, 0 MB globals, 2 P
gc 484 @42.495s 0%: 0.46+0.64+0.033 ms clock, 0.93+0.47/0.42/0+0.066 ms cpu, 3->3->0 MB, 4 MB goal, 0 MB stacks, 0 MB globals, 2 P
gc 485 @42.514s 0%: 0.019+0.74+0.008 ms clock, 0.039+0.68/0.42/0+0.017 ms cpu, 3->3->0 MB, 4 MB goal, 0 MB stacks, 0 MB globals, 2 P
gc 486 @42.532s 0%: 0.035+0.93+0.003 ms clock, 0.071+0.63/0.51/0+0.007 ms cpu, 3->3->0 MB, 4 MB goal, 0 MB stacks, 0 MB globals, 2 P
gc 487 @42.550s 0%: 0.018+0.59+0.033 ms clock, 0.036+0.057/0.19/0.72+0.066 ms cpu, 3->3->0 MB, 4 MB goal, 0 MB stacks, 0 MB globals, 2 P
gc 488 @42.569s 0%: 0.042+0.76+0.004 ms clock, 0.085+0.65/0.41/0+0.009 ms cpu, 3->3->0 MB, 4 MB goal, 0 MB stacks, 0 MB globals, 2 P
gc 489 @42.587s 0%: 0.016+0.73+0.003 ms clock, 0.032+0.75/0.41/0+0.007 ms cpu, 3->3->0 MB, 4 MB goal, 0 MB stacks, 0 MB globals, 2 P
gc 490 @42.606s 0%: 0.018+0.75+0.031 ms clock, 0.037+0.76/0.37/0+0.063 ms cpu, 3->3->0 MB, 4 MB goal, 0 MB stacks, 0 MB globals, 2 P
gc 491 @42.622s 0%: 0.12+0.70+0.020 ms clock, 0.25+0.53/0.46/0+0.040 ms cpu, 3->3->0 MB, 4 MB goal, 0 MB stacks, 0 MB globals, 2 P
gc 492 @42.638s 0%: 0.023+0.90+0.013 ms clock, 0.047+0.65/0.45/0+0.027 ms cpu, 3->3->0 MB, 4 MB goal, 0 MB stacks, 0 MB globals, 2 P
gc 493 @42.655s 0%: 0.071+0.83+0.060 ms clock, 0.14+0.63/0.42/0+0.12 ms cpu, 3->3->0 MB, 4 MB goal, 0 MB stacks, 0 MB globals, 2 P
gc 494 @42.671s 0%: 0.014+0.78+0.029 ms clock, 0.028+0.78/0.40/0+0.059 ms cpu, 3->3->0 MB, 4 MB goal, 0 MB stacks, 0 MB globals, 2 P
gc 495 @42.687s 0%: 0.015+0.75+0.014 ms clock, 0.030+0.69/0.39/0+0.028 ms cpu, 3->3->0 MB, 4 MB goal, 0 MB stacks, 0 MB globals, 2 P
gc 496 @42.705s 0%: 0.023+0.81+0.006 ms clock, 0.046+0.67/0.43/0+0.013 ms cpu, 3->3->0 MB, 4 MB goal, 0 MB stacks, 0 MB globals, 2 P
gc 497 @42.723s 0%: 0.042+0.79+0.018 ms clock, 0.084+0.66/0.44/0+0.036 ms cpu, 3->3->0 MB, 4 MB goal, 0 MB stacks, 0 MB globals, 2 P
gc 498 @42.740s 0%: 0.015+0.72+0.021 ms clock, 0.031+0.68/0.36/0+0.042 ms cpu, 3->3->0 MB, 4 MB goal, 0 MB stacks, 0 MB globals, 2 P
gc 499 @42.758s 0%: 0.031+1.0+0.010 ms clock, 0.062+0.63/0.43/0+0.021 ms cpu, 3->3->0 MB, 4 MB goal, 0 MB stacks, 0 MB globals, 2 P
gc 500 @42.776s 0%: 0.028+0.92+0.010 ms clock, 0.057+0.61/0.50/0+0.020 ms cpu, 3->3->0 MB, 4 MB goal, 0 MB stacks, 0 MB globals, 2 P
gc 501 @42.794s 0%: 0.016+0.64+0.023 ms clock, 0.033+0.73/0.32/0+0.047 ms cpu, 3->3->0 MB, 4 MB goal, 0 MB stacks, 0 MB globals, 2 P
gc 502 @42.810s 0%: 0.028+0.84+0.016 ms clock, 0.057+0.57/0.55/0+0.032 ms cpu, 3->3->0 MB, 4 MB goal, 0 MB stacks, 0 MB globals, 2 P
gc 503 @42.827s 0%: 0.037+0.78+0.005 ms clock, 0.074+0.64/0.52/0+0.011 ms cpu, 3->3->0 MB, 4 MB goal, 0 MB stacks, 0 MB globals, 2 P
gc 504 @42.843s 0%: 0.014+0.73+0.009 ms clock, 0.029+0.70/0.38/0+0.018 ms cpu, 3->3->0 MB, 4 MB goal, 0 MB stacks, 0 MB globals, 2 P
gc 505 @42.859s 0%: 0.028+0.90+0.002 ms clock, 0.056+0.68/0.48/0+0.005 ms cpu, 3->3->0 MB, 4 MB goal, 0 MB stacks, 0 MB globals, 2 P
gc 506 @42.875s 0%: 0.014+0.73+0.019 ms clock, 0.028+0.56/0.44/0+0.038 ms cpu, 3->3->0 MB, 4 MB goal, 0 MB stacks, 0 MB globals, 2 P
gc 507 @42.894s 0%: 0.11+0.60+0.031 ms clock, 0.23+0.59/0.41/0+0.062 ms cpu, 3->3->0 MB, 4 MB goal, 0 MB stacks, 0 MB globals, 2 P
gc 508 @42.913s 0%: 0.021+0.83+0.027 ms clock, 0.043+0.75/0.39/0+0.055 ms cpu, 3->3->0 MB, 4 MB goal, 0 MB stacks, 0 MB globals, 2 P
gc 509 @42.931s 0%: 0.054+1.3+0.003 ms clock, 0.10+1.0/0.51/0+0.006 ms cpu, 3->3->0 MB, 4 MB goal, 0 MB stacks, 0 MB globals, 2 P
gc 510 @42.948s 0%: 0.042+0.69+0.010 ms clock, 0.084+0.67/0.34/0+0.020 ms cpu, 3->3->0 MB, 4 MB goal, 0 MB stacks, 0 MB globals, 2 P
gc 511 @42.964s 0%: 0.060+0.70+0.029 ms clock, 0.12+0.56/0.47/0+0.059 ms cpu, 3->3->0 MB, 4 MB goal, 0 MB stacks, 0 MB globals, 2 P
gc 512 @42.981s 0%: 0.028+0.88+0.012 ms clock, 0.057+0.57/0.42/0+0.025 ms cpu, 3->3->0 MB, 4 MB goal, 0 MB stacks, 0 MB globals, 2 P
gc 513 @42.998s 0%: 0.041+0.91+0.020 ms clock, 0.083+0.73/0.50/0+0.041 ms cpu, 3->3->0 MB, 4 MB goal, 0 MB stacks, 0 MB globals, 2 P
gc 514 @43.015s 0%: 0.014+0.73+0.002 ms clock, 0.028+0.61/0.39/0+0.005 ms cpu, 3->3->0 MB, 4 MB goal, 0 MB stacks, 0 MB globals, 2 P
gc 515 @43.033s 0%: 0.030+1.2+0.003 ms clock, 0.061+0.41/0.23/0+0.006 ms cpu, 3->3->0 MB, 4 MB goal, 0 MB stacks, 0 MB globals, 2 P
gc 516 @43.052s 0%: 0.28+0.50+0.018 ms clock, 0.56+0.57/0.43/0+0.036 ms cpu, 3->3->0 MB, 4 MB goal, 0 MB stacks, 0 MB globals, 2 P
gc 517 @43.070s 0%: 0.014+0.69+0.018 ms clock, 0.028+0.76/0.31/0+0.037 ms cpu, 3->3->0 MB, 4 MB goal, 0 MB stacks, 0 MB globals, 2 P
gc 518 @43.087s 0%: 0.022+0.84+0.004 ms clock, 0.045+0.73/0.41/0+0.008 ms cpu, 3->3->0 MB, 4 MB goal, 0 MB stacks, 0 MB globals, 2 P
gc 519 @43.105s 0%: 0.023+0.77+0.020 ms clock, 0.046+0.66/0.42/0+0.041 ms cpu, 3->3->0 MB, 4 MB goal, 0 MB stacks, 0 MB globals, 2 P
gc 520 @43.122s 0%: 0.012+0.76+0.027 ms clock, 0.025+0.66/0.41/0+0.054 ms cpu, 3->3->0 MB, 4 MB goal, 0 MB stacks, 0 MB globals, 2 P
gc 521 @43.139s 0%: 0.027+0.70+0.002 ms clock, 0.054+0.67/0.36/0+0.005 ms cpu, 3->3->0 MB, 4 MB goal, 0 MB stacks, 0 MB globals, 2 P
gc 522 @43.156s 0%: 0.014+0.75+0.033 ms clock, 0.028+0.65/0.45/0+0.066 ms cpu, 3->3->0 MB, 4 MB goal, 0 MB stacks, 0 MB globals, 2 P
gc 523 @43.173s 0%: 0.59+0.93+0.007 ms clock, 1.1+0.34/0.56/0+0.014 ms cpu, 3->3->0 MB, 4 MB goal, 0 MB stacks, 0 MB globals, 2 P
gc 524 @43.190s 0%: 0.014+0.71+0.003 ms clock, 0.028+0.66/0.36/0+0.006 ms cpu, 3->3->0 MB, 4 MB goal, 0 MB stacks, 0 MB globals, 2 P
gc 525 @43.207s 0%: 0.033+0.69+0.003 ms clock, 0.066+0.60/0.44/0+0.006 ms cpu, 3->3->0 MB, 4 MB goal, 0 MB stacks, 0 MB globals, 2 P
gc 526 @43.224s 0%: 0.021+0.72+0.021 ms clock, 0.042+0.63/0.45/0+0.042 ms cpu, 3->3->0 MB, 4 MB goal, 0 MB stacks, 0 MB globals, 2 P
gc 527 @43.240s 0%: 0.040+1.0+0.005 ms clock, 0.081+0.63/0.46/0+0.011 ms cpu, 3->3->0 MB, 4 MB goal, 0 MB stacks, 0 MB globals, 2 P
gc 528 @43.259s 0%: 0.017+0.78+0.011 ms clock, 0.034+0.76/0.40/0+0.023 ms cpu, 3->3->0 MB, 4 MB goal, 0 MB stacks, 0 MB globals, 2 P
gc 529 @43.276s 0%: 0.026+0.71+0.003 ms clock, 0.053+0.73/0.37/0+0.006 ms cpu, 3->3->0 MB, 4 MB goal, 0 MB stacks, 0 MB globals, 2 P
gc 530 @43.293s 0%: 0.011+0.62+0.011 ms clock, 0.022+0.64/0.31/0+0.023 ms cpu, 3->3->0 MB, 4 MB goal, 0 MB stacks, 0 MB globals, 2 P
gc 531 @43.310s 0%: 0.013+0.52+0.002 ms clock, 0.027+0.037/0.24/0.72+0.005 ms cpu, 3->3->0 MB, 4 MB goal, 0 MB stacks, 0 MB globals, 2 P
gc 532 @43.327s 0%: 0.012+1.1+0.003 ms clock, 0.025+0.62/0.48/0+0.007 ms cpu, 3->3->0 MB, 4 MB goal, 0 MB stacks, 0 MB globals, 2 P
gc 533 @43.343s 0%: 0.022+0.82+0.005 ms clock, 0.044+0.67/0.46/0+0.011 ms cpu, 3->3->0 MB, 4 MB goal, 0 MB stacks, 0 MB globals, 2 P
gc 534 @43.360s 0%: 0.033+1.2+0.002 ms clock, 0.067+0.72/0.40/0+0.005 ms cpu, 3->3->0 MB, 4 MB goal, 0 MB stacks, 0 MB globals, 2 P
gc 535 @43.378s 0%: 0.019+0.75+0.003 ms clock, 0.038+0.76/0.37/0+0.006 ms cpu, 3->3->0 MB, 4 MB goal, 0 MB stacks, 0 MB globals, 2 P
gc 536 @43.396s 0%: 0.038+0.73+0.051 ms clock, 0.077+0.65/0.46/0+0.10 ms cpu, 3->3->0 MB, 4 MB goal, 0 MB stacks, 0 MB globals, 2 P
gc 537 @43.413s 0%: 0.022+0.68+0.054 ms clock, 0.045+0.59/0.44/0+0.10 ms cpu, 3->3->0 MB, 4 MB goal, 0 MB stacks, 0 MB globals, 2 P
gc 538 @43.431s 0%: 0.011+1.0+0.002 ms clock, 0.023+0.48/0.52/0+0.005 ms cpu, 3->3->0 MB, 4 MB goal, 0 MB stacks, 0 MB globals, 2 P
gc 539 @43.449s 0%: 0.014+1.0+0.003 ms clock, 0.029+0.70/0.43/0+0.007 ms cpu, 3->3->0 MB, 4 MB goal, 0 MB stacks, 0 MB globals, 2 P
gc 540 @43.468s 0%: 0.47+0.66+0.020 ms clock, 0.95+0.26/0.68/0+0.041 ms cpu, 3->3->0 MB, 4 MB goal, 0 MB stacks, 0 MB globals, 2 P
gc 541 @43.486s 0%: 0.99+0.65+0.004 ms clock, 1.9+0.35/1.0/0+0.008 ms cpu, 3->3->0 MB, 4 MB goal, 0 MB stacks, 0 MB globals, 2 P
gc 542 @43.505s 0%: 0.019+0.67+0.039 ms clock, 0.038+0.56/0.48/0+0.079 ms cpu, 3->3->0 MB, 4 MB goal, 0 MB stacks, 0 MB globals, 2 P
gc 543 @43.524s 0%: 0.13+0.62+0.033 ms clock, 0.26+0.62/0.39/0+0.066 ms cpu, 3->3->0 MB, 4 MB goal, 0 MB stacks, 0 MB globals, 2 P
gc 544 @43.542s 0%: 0.039+0.67+0.015 ms clock, 0.079+0.61/0.43/0+0.031 ms cpu, 3->3->0 MB, 4 MB goal, 0 MB stacks, 0 MB globals, 2 P
gc 545 @43.562s 0%: 0.038+1.1+0.002 ms clock, 0.077+0.71/0.34/0+0.005 ms cpu, 3->3->0 MB, 4 MB goal, 0 MB stacks, 0 MB globals, 2 P
gc 546 @43.580s 0%: 0.033+0.77+0.010 ms clock, 0.067+0.62/0.43/0+0.020 ms cpu, 3->3->0 MB, 4 MB goal, 0 MB stacks, 0 MB globals, 2 P
gc 547 @43.599s 0%: 0.81+0.24+0.008 ms clock, 1.6+0.53/0.28/0+0.017 ms cpu, 3->3->0 MB, 4 MB goal, 0 MB stacks, 0 MB globals, 2 P
gc 548 @43.617s 0%: 0.020+0.71+0.011 ms clock, 0.040+0.67/0.41/0+0.023 ms cpu, 3->3->0 MB, 4 MB goal, 0 MB stacks, 0 MB globals, 2 P
gc 549 @43.635s 0%: 0.022+1.0+0.034 ms clock, 0.045+0.72/0.35/0+0.068 ms cpu, 3->3->0 MB, 4 MB goal, 0 MB stacks, 0 MB globals, 2 P
gc 550 @43.653s 0%: 0.026+0.77+0.003 ms clock, 0.053+0.68/0.38/0+0.006 ms cpu, 3->3->0 MB, 4 MB goal, 0 MB stacks, 0 MB globals, 2 P
gc 551 @43.671s 0%: 0.075+1.2+0.003 ms clock, 0.15+0.46/0.27/0+0.007 ms cpu, 3->3->0 MB, 4 MB goal, 0 MB stacks, 0 MB globals, 2 P
gc 552 @43.689s 0%: 0.035+0.78+0.018 ms clock, 0.070+0.59/0.48/0+0.036 ms cpu, 3->3->0 MB, 4 MB goal, 0 MB stacks, 0 MB globals, 2 P
gc 553 @43.707s 0%: 0.020+0.67+0.014 ms clock, 0.040+0.71/0.34/0+0.028 ms cpu, 3->3->0 MB, 4 MB goal, 0 MB stacks, 0 MB globals, 2 P
gc 554 @43.725s 0%: 0.074+0.67+0.024 ms clock, 0.14+0.61/0.40/0+0.048 ms cpu, 3->3->0 MB, 4 MB goal, 0 MB stacks, 0 MB globals, 2 P
gc 555 @43.742s 0%: 0.036+1.0+0.021 ms clock, 0.072+0.47/0.56/0+0.043 ms cpu, 3->3->0 MB, 4 MB goal, 0 MB stacks, 0 MB globals, 2 P
gc 556 @43.760s 0%: 0.014+1.1+0.005 ms clock, 0.028+0.65/0.37/0+0.010 ms cpu, 3->3->0 MB, 4 MB goal, 0 MB stacks, 0 MB globals, 2 P
gc 557 @43.778s 0%: 0.36+0.54+0.012 ms clock, 0.73+0.50/0.47/0+0.025 ms cpu, 3->3->0 MB, 4 MB goal, 0 MB stacks, 0 MB globals, 2 P
gc 558 @43.796s 0%: 0.019+0.83+0.004 ms clock, 0.038+0.67/0.50/0+0.008 ms cpu, 3->3->0 MB, 4 MB goal, 0 MB stacks, 0 MB globals, 2 P
gc 559 @43.814s 0%: 0.024+0.77+0.003 ms clock, 0.048+0.78/0.35/0+0.007 ms cpu, 3->3->0 MB, 4 MB goal, 0 MB stacks, 0 MB globals, 2 P
gc 560 @43.832s 0%: 0.045+0.74+0.013 ms clock, 0.090+0.56/0.49/0+0.027 ms cpu, 3->3->0 MB, 4 MB goal, 0 MB stacks, 0 MB globals, 2 P
gc 561 @43.850s 0%: 0.040+0.86+0.031 ms clock, 0.080+0.63/0.41/0+0.062 ms cpu, 3->3->0 MB, 4 MB goal, 0 MB stacks, 0 MB globals, 2 P
gc 562 @43.868s 0%: 0.014+0.79+0.002 ms clock, 0.029+0.71/0.44/0+0.005 ms cpu, 3->3->0 MB, 4 MB goal, 0 MB stacks, 0 MB globals, 2 P
gc 563 @43.886s 0%: 0.045+0.74+0.002 ms clock, 0.090+0.65/0.37/0+0.005 ms cpu, 3->3->0 MB, 4 MB goal, 0 MB stacks, 0 MB globals, 2 P
gc 564 @43.905s 0%: 0.042+0.82+0.003 ms clock, 0.085+0.63/0.38/0+0.007 ms cpu, 3->3->0 MB, 4 MB goal, 0 MB stacks, 0 MB globals, 2 P
gc 565 @43.923s 0%: 0.019+1.1+0.003 ms clock, 0.038+0.50/0.58/0+0.007 ms cpu, 3->3->0 MB, 4 MB goal, 0 MB stacks, 0 MB globals, 2 P
gc 566 @43.942s 0%: 0.097+0.60+0.016 ms clock, 0.19+0.68/0.33/0+0.033 ms cpu, 3->3->0 MB, 4 MB goal, 0 MB stacks, 0 MB globals, 2 P
gc 567 @43.961s 0%: 0.030+0.82+0.003 ms clock, 0.061+0.65/0.52/0+0.007 ms cpu, 3->3->0 MB, 4 MB goal, 0 MB stacks, 0 MB globals, 2 P
gc 568 @43.979s 0%: 0.055+0.69+0.030 ms clock, 0.11+0.58/0.40/0+0.060 ms cpu, 3->3->0 MB, 4 MB goal, 0 MB stacks, 0 MB globals, 2 P
gc 569 @43.998s 0%: 0.11+0.64+0.010 ms clock, 0.23+0.68/0.35/0+0.020 ms cpu, 3->3->0 MB, 4 MB goal, 0 MB stacks, 0 MB globals, 2 P
gc 570 @44.017s 0%: 0.060+0.72+0.003 ms clock, 0.12+0.53/0.50/0+0.006 ms cpu, 3->3->0 MB, 4 MB goal, 0 MB stacks, 0 MB globals, 2 P
gc 571 @44.035s 0%: 0.043+0.77+0.029 ms clock, 0.086+0.60/0.39/0+0.058 ms cpu, 3->3->0 MB, 4 MB goal, 0 MB stacks, 0 MB globals, 2 P
gc 572 @44.054s 0%: 0.012+0.84+0.005 ms clock, 0.025+0.70/0.41/0+0.011 ms cpu, 3->3->0 MB, 4 MB goal, 0 MB stacks, 0 MB globals, 2 P
gc 573 @44.072s 0%: 0.016+0.74+0.022 ms clock, 0.032+0.65/0.39/0+0.044 ms cpu, 3->3->0 MB, 4 MB goal, 0 MB stacks, 0 MB globals, 2 P
gc 574 @44.090s 0%: 0.014+1.1+0.002 ms clock, 0.028+1.5/0.24/0+0.005 ms cpu, 3->3->0 MB, 4 MB goal, 0 MB stacks, 0 MB globals, 2 P
gc 575 @44.105s 0%: 0.033+0.77+0.003 ms clock, 0.066+0.75/0.34/0+0.006 ms cpu, 3->3->0 MB, 4 MB goal, 0 MB stacks, 0 MB globals, 2 P
gc 576 @44.120s 0%: 0.027+0.74+0.012 ms clock, 0.054+0.70/0.37/0+0.025 ms cpu, 3->3->0 MB, 4 MB goal, 0 MB stacks, 0 MB globals, 2 P
gc 577 @44.136s 0%: 0.015+0.99+0.010 ms clock, 0.030+0.63/0.48/0+0.021 ms cpu, 3->3->0 MB, 4 MB goal, 0 MB stacks, 0 MB globals, 2 P
gc 578 @44.151s 0%: 0.013+0.74+0.027 ms clock, 0.027+0.62/0.39/0+0.055 ms cpu, 3->3->0 MB, 4 MB goal, 0 MB stacks, 0 MB globals, 2 P
gc 579 @44.166s 0%: 0.28+0.61+0.004 ms clock, 0.56+0.44/0.50/0+0.008 ms cpu, 3->3->0 MB, 4 MB goal, 0 MB stacks, 0 MB globals, 2 P
gc 580 @44.183s 0%: 0.018+0.67+0.018 ms clock, 0.037+0.64/0.39/0+0.036 ms cpu, 3->3->0 MB, 4 MB goal, 0 MB stacks, 0 MB globals, 2 P
gc 581 @44.201s 0%: 0.014+0.77+0.012 ms clock, 0.028+0.79/0.40/0+0.024 ms cpu, 3->3->0 MB, 4 MB goal, 0 MB stacks, 0 MB globals, 2 P
gc 582 @44.220s 0%: 0.015+1.3+0.003 ms clock, 0.031+0.58/0.51/0+0.007 ms cpu, 3->3->0 MB, 4 MB goal, 0 MB stacks, 0 MB globals, 2 P
gc 583 @44.239s 0%: 0.021+0.79+0.004 ms clock, 0.043+0.66/0.43/0+0.008 ms cpu, 3->3->0 MB, 4 MB goal, 0 MB stacks, 0 MB globals, 2 P
gc 584 @44.257s 0%: 0.022+1.1+0.004 ms clock, 0.044+0.65/0.50/0+0.008 ms cpu, 3->3->0 MB, 4 MB goal, 0 MB stacks, 0 MB globals, 2 P
gc 585 @44.275s 0%: 0.039+0.71+0.019 ms clock, 0.078+0.56/0.42/0+0.038 ms cpu, 3->3->0 MB, 4 MB goal, 0 MB stacks, 0 MB globals, 2 P
gc 586 @44.293s 0%: 0.050+0.74+0.026 ms clock, 0.10+0.64/0.44/0+0.053 ms cpu, 3->3->0 MB, 4 MB goal, 0 MB stacks, 0 MB globals, 2 P
gc 587 @44.311s 0%: 0.024+0.66+0.003 ms clock, 0.049+0.68/0.33/0+0.007 ms cpu, 3->3->0 MB, 4 MB goal, 0 MB stacks, 0 MB globals, 2 P
gc 588 @44.329s 0%: 0.042+0.84+0.003 ms clock, 0.084+0.61/0.55/0+0.006 ms cpu, 3->3->0 MB, 4 MB goal, 0 MB stacks, 0 MB globals, 2 P
gc 589 @44.347s 0%: 0.030+0.65+0.010 ms clock, 0.061+0.60/0.37/0+0.021 ms cpu, 3->3->0 MB, 4 MB goal, 0 MB stacks, 0 MB globals, 2 P
gc 590 @44.366s 0%: 0.024+1.2+0.004 ms clock, 0.048+0.65/0.48/0+0.009 ms cpu, 3->3->0 MB, 4 MB goal, 0 MB stacks, 0 MB globals, 2 P
gc 591 @44.385s 0%: 0.013+0.91+0.035 ms clock, 0.026+0.72/0.39/0+0.071 ms cpu, 3->3->0 MB, 4 MB goal, 0 MB stacks, 0 MB globals, 2 P
gc 592 @44.403s 0%: 0.013+0.91+0.016 ms clock, 0.027+0.66/0.33/0+0.033 ms cpu, 3->3->0 MB, 4 MB goal, 0 MB stacks, 0 MB globals, 2 P
gc 593 @44.421s 0%: 0.026+0.76+0.032 ms clock, 0.052+0.74/0.37/0+0.064 ms cpu, 3->3->0 MB, 4 MB goal, 0 MB stacks, 0 MB globals, 2 P
gc 594 @44.438s 0%: 0.035+0.86+0.005 ms clock, 0.071+0.70/0.47/0+0.010 ms cpu, 3->3->0 MB, 4 MB goal, 0 MB stacks, 0 MB globals, 2 P
gc 595 @44.456s 0%: 0.017+1.0+0.072 ms clock, 0.034+0.55/0.49/0+0.14 ms cpu, 3->3->0 MB, 4 MB goal, 0 MB stacks, 0 MB globals, 2 P
gc 596 @44.474s 0%: 0.034+0.85+0.003 ms clock, 0.068+0.65/0.41/0+0.007 ms cpu, 3->3->0 MB, 4 MB goal, 0 MB stacks, 0 MB globals, 2 P
gc 597 @44.492s 0%: 0.038+0.64+0.004 ms clock, 0.076+0.62/0.39/0+0.008 ms cpu, 3->3->0 MB, 4 MB goal, 0 MB stacks, 0 MB globals, 2 P
gc 598 @44.509s 0%: 0.065+1.1+0.005 ms clock, 0.13+0.65/0.34/0+0.010 ms cpu, 3->3->0 MB, 4 MB goal, 0 MB stacks, 0 MB globals, 2 P
gc 599 @44.527s 0%: 0.020+0.75+0.003 ms clock, 0.040+0.76/0.40/0+0.007 ms cpu, 3->3->0 MB, 4 MB goal, 0 MB stacks, 0 MB globals, 2 P
gc 600 @44.545s 0%: 0.028+0.73+0.017 ms clock, 0.056+0.72/0.35/0+0.034 ms cpu, 3->3->0 MB, 4 MB goal, 0 MB stacks, 0 MB globals, 2 P
gc 601 @44.563s 0%: 0.017+0.79+0.018 ms clock, 0.035+0.64/0.45/0+0.036 ms cpu, 3->3->0 MB, 4 MB goal, 0 MB stacks, 0 MB globals, 2 P
gc 602 @44.581s 0%: 0.027+0.72+0.016 ms clock, 0.054+0.77/0.34/0+0.033 ms cpu, 3->3->0 MB, 4 MB goal, 0 MB stacks, 0 MB globals, 2 P
gc 603 @44.598s 0%: 0.013+0.68+0.003 ms clock, 0.027+0.65/0.35/0+0.006 ms cpu, 3->3->0 MB, 4 MB goal, 0 MB stacks, 0 MB globals, 2 P
gc 604 @44.616s 0%: 0.027+0.75+0.016 ms clock, 0.054+0.68/0.35/0+0.032 ms cpu, 3->3->0 MB, 4 MB goal, 0 MB stacks, 0 MB globals, 2 P
gc 605 @44.633s 0%: 0.027+0.70+0.002 ms clock, 0.054+0.65/0.45/0+0.005 ms cpu, 3->3->0 MB, 4 MB goal, 0 MB stacks, 0 MB globals, 2 P
gc 606 @44.650s 0%: 0.12+0.62+0.004 ms clock, 0.24+0.57/0.41/0+0.008 ms cpu, 3->3->0 MB, 4 MB goal, 0 MB stacks, 0 MB globals, 2 P
gc 607 @44.667s 0%: 0.11+0.63+0.003 ms clock, 0.22+0.67/0.35/0+0.007 ms cpu, 3->3->0 MB, 4 MB goal, 0 MB stacks, 0 MB globals, 2 P
gc 608 @44.686s 0%: 0.037+1.1+0.006 ms clock, 0.074+0.61/0.53/0+0.012 ms cpu, 3->3->0 MB, 4 MB goal, 0 MB stacks, 0 MB globals, 2 P
gc 609 @44.705s 0%: 0.057+0.81+0.022 ms clock, 0.11+0.65/0.42/0+0.045 ms cpu, 3->3->0 MB, 4 MB goal, 0 MB stacks, 0 MB globals, 2 P
gc 610 @44.723s 0%: 0.011+0.70+0.028 ms clock, 0.023+0.65/0.37/0+0.057 ms cpu, 3->3->0 MB, 4 MB goal, 0 MB stacks, 0 MB globals, 2 P
gc 611 @44.741s 0%: 0.041+0.80+0.005 ms clock, 0.083+0.72/0.37/0+0.010 ms cpu, 3->3->0 MB, 4 MB goal, 0 MB stacks, 0 MB globals, 2 P
gc 612 @44.759s 0%: 0.012+0.73+0.003 ms clock, 0.024+0.68/0.34/0+0.006 ms cpu, 3->3->0 MB, 4 MB goal, 0 MB stacks, 0 MB globals, 2 P
gc 613 @44.776s 0%: 0.036+1.1+0.010 ms clock, 0.073+0.72/0.38/0+0.021 ms cpu, 3->3->0 MB, 4 MB goal, 0 MB stacks, 0 MB globals, 2 P
gc 614 @44.793s 0%: 0.025+0.73+0.016 ms clock, 0.050+0.71/0.35/0+0.032 ms cpu, 3->3->0 MB, 4 MB goal, 0 MB stacks, 0 MB globals, 2 P
gc 615 @44.811s 0%: 0.044+0.70+0.013 ms clock, 0.089+0.68/0.37/0+0.026 ms cpu, 3->3->0 MB, 4 MB goal, 0 MB stacks, 0 MB globals, 2 P
gc 616 @44.828s 0%: 0.015+1.0+0.004 ms clock, 0.030+0.47/0.56/0+0.009 ms cpu, 3->3->0 MB, 4 MB goal, 0 MB stacks, 0 MB globals, 2 P
gc 617 @44.846s 0%: 0.023+0.74+0.034 ms clock, 0.046+0.67/0.42/0+0.068 ms cpu, 3->3->0 MB, 4 MB goal, 0 MB stacks, 0 MB globals, 2 P
gc 618 @44.864s 0%: 0.019+0.65+0.011 ms clock, 0.038+0.62/0.40/0+0.022 ms cpu, 3->3->0 MB, 4 MB goal, 0 MB stacks, 0 MB globals, 2 P
gc 619 @44.881s 0%: 0.036+1.1+0.017 ms clock, 0.073+0.66/0.35/0+0.035 ms cpu, 3->3->0 MB, 4 MB goal, 0 MB stacks, 0 MB globals, 2 P
gc 620 @44.899s 0%: 0.025+0.63+0.022 ms clock, 0.051+0.70/0.29/0+0.045 ms cpu, 3->3->0 MB, 4 MB goal, 0 MB stacks, 0 MB globals, 2 P
gc 621 @44.916s 0%: 0.057+0.75+0.022 ms clock, 0.11+0.65/0.38/0+0.044 ms cpu, 3->3->0 MB, 4 MB goal, 0 MB stacks, 0 MB globals, 2 P
gc 622 @44.934s 0%: 0.014+0.82+0.003 ms clock, 0.028+0.68/0.48/0+0.006 ms cpu, 3->3->0 MB, 4 MB goal, 0 MB stacks, 0 MB globals, 2 P
gc 623 @44.952s 0%: 0.12+0.62+0.055 ms clock, 0.24+0.58/0.43/0+0.11 ms cpu, 3->3->0 MB, 4 MB goal, 0 MB stacks, 0 MB globals, 2 P
gc 624 @44.970s 0%: 0.013+0.91+0.025 ms clock, 0.027+0.60/0.53/0+0.050 ms cpu, 3->3->0 MB, 4 MB goal, 0 MB stacks, 0 MB globals, 2 P
gc 625 @44.988s 0%: 0.053+1.0+0.032 ms clock, 0.10+0.55/0.55/0+0.064 ms cpu, 3->3->0 MB, 4 MB goal, 0 MB stacks, 0 MB globals, 2 P
gc 626 @45.006s 0%: 0.053+1.0+0.003 ms clock, 0.10+0.70/0.31/0+0.006 ms cpu, 3->3->0 MB, 4 MB goal, 0 MB stacks, 0 MB globals, 2 P
gc 627 @45.024s 0%: 0.019+0.79+0.018 ms clock, 0.038+0.64/0.47/0+0.037 ms cpu, 3->3->0 MB, 4 MB goal, 0 MB stacks, 0 MB globals, 2 P
gc 628 @45.041s 0%: 0.035+0.70+0.021 ms clock, 0.070+0.74/0.33/0+0.042 ms cpu, 3->3->0 MB, 4 MB goal, 0 MB stacks, 0 MB globals, 2 P
gc 629 @45.059s 0%: 0.013+0.70+0.003 ms clock, 0.027+0.69/0.39/0+0.006 ms cpu, 3->3->0 MB, 4 MB goal, 0 MB stacks, 0 MB globals, 2 P
gc 630 @45.077s 0%: 0.030+0.74+0.018 ms clock, 0.060+0.73/0.32/0+0.037 ms cpu, 3->3->0 MB, 4 MB goal, 0 MB stacks, 0 MB globals, 2 P
gc 631 @45.095s 0%: 0.022+0.92+0.002 ms clock, 0.044+0.62/0.51/0+0.005 ms cpu, 3->3->0 MB, 4 MB goal, 0 MB stacks, 0 MB globals, 2 P
gc 632 @45.113s 0%: 0.030+0.81+0.045 ms clock, 0.060+0.69/0.33/0+0.091 ms cpu, 3->3->0 MB, 4 MB goal, 0 MB stacks, 0 MB globals, 2 P
gc 633 @45.131s 0%: 0.13+0.61+0.003 ms clock, 0.26+0.63/0.38/0+0.007 ms cpu, 3->3->0 MB, 4 MB goal, 0 MB stacks, 0 MB globals, 2 P
gc 634 @45.149s 0%: 0.014+0.88+0.004 ms clock, 0.029+0.77/0.41/0+0.008 ms cpu, 3->3->0 MB, 4 MB goal, 0 MB stacks, 0 MB globals, 2 P
gc 635 @45.166s 0%: 0.034+0.74+0.011 ms clock, 0.069+0.61/0.47/0+0.023 ms cpu, 3->3->0 MB, 4 MB goal, 0 MB stacks, 0 MB globals, 2 P
gc 636 @45.184s 0%: 0.030+0.67+0.003 ms clock, 0.060+0.65/0.35/0+0.007 ms cpu, 3->3->0 MB, 4 MB goal, 0 MB stacks, 0 MB globals, 2 P
gc 637 @45.202s 0%: 0.026+0.79+0.014 ms clock, 0.052+0.74/0.42/0+0.028 ms cpu, 3->3->0 MB, 4 MB goal, 0 MB stacks, 0 MB globals, 2 P
gc 638 @45.220s 0%: 0.029+0.91+0.012 ms clock, 0.059+0.70/0.48/0+0.025 ms cpu, 3->3->0 MB, 4 MB goal, 0 MB stacks, 0 MB globals, 2 P
gc 639 @45.238s 0%: 0.013+1.1+0.004 ms clock, 0.026+0.49/0.48/0+0.008 ms cpu, 3->3->0 MB, 4 MB goal, 0 MB stacks, 0 MB globals, 2 P
gc 640 @45.256s 0%: 0.031+0.92+0.009 ms clock, 0.062+0.68/0.51/0+0.018 ms cpu, 3->3->0 MB, 4 MB goal, 0 MB stacks, 0 MB globals, 2 P
gc 641 @45.274s 0%: 0.013+1.1+0.025 ms clock, 0.027+0.64/0.50/0+0.051 ms cpu, 3->3->0 MB, 4 MB goal, 0 MB stacks, 0 MB globals, 2 P
gc 642 @45.292s 0%: 0.015+0.80+0.025 ms clock, 0.030+0.71/0.38/0+0.050 ms cpu, 3->3->0 MB, 4 MB goal, 0 MB stacks, 0 MB globals, 2 P
gc 643 @45.310s 0%: 0.034+0.73+0.018 ms clock, 0.068+0.68/0.39/0+0.036 ms cpu, 3->3->0 MB, 4 MB goal, 0 MB stacks, 0 MB globals, 2 P
gc 644 @45.326s 0%: 0.015+1.1+0.003 ms clock, 0.030+0.72/0.43/0+0.007 ms cpu, 3->3->0 MB, 4 MB goal, 0 MB stacks, 0 MB globals, 2 P
gc 645 @45.343s 0%: 0.046+0.78+0.004 ms clock, 0.092+0.65/0.37/0+0.009 ms cpu, 3->3->0 MB, 4 MB goal, 0 MB stacks, 0 MB globals, 2 P
gc 646 @45.360s 0%: 0.041+0.76+0.020 ms clock, 0.082+0.58/0.51/0+0.040 ms cpu, 3->3->0 MB, 4 MB goal, 0 MB stacks, 0 MB globals, 2 P
gc 647 @45.377s 0%: 0.037+0.75+0.012 ms clock, 0.074+0.66/0.44/0+0.024 ms cpu, 3->3->0 MB, 4 MB goal, 0 MB stacks, 0 MB globals, 2 P
gc 648 @45.393s 0%: 0.049+0.78+0.017 ms clock, 0.098+0.57/0.38/0+0.035 ms cpu, 3->3->0 MB, 4 MB goal, 0 MB stacks, 0 MB globals, 2 P
gc 649 @45.411s 0%: 0.025+0.78+0.004 ms clock, 0.051+0.76/0.37/0+0.008 ms cpu, 3->3->0 MB, 4 MB goal, 0 MB stacks, 0 MB globals, 2 P
gc 650 @45.430s 0%: 0.042+0.92+0.003 ms clock, 0.084+0.75/0.46/0+0.006 ms cpu, 3->3->0 MB, 4 MB goal, 0 MB stacks, 0 MB globals, 2 P
gc 651 @45.449s 0%: 0.033+1.0+0.005 ms clock, 0.067+0.80/0.45/0+0.011 ms cpu, 3->3->0 MB, 4 MB goal, 0 MB stacks, 0 MB globals, 2 P
gc 652 @45.466s 0%: 0.014+0.49+0.002 ms clock, 0.028+0.059/0.23/0.62+0.004 ms cpu, 3->3->0 MB, 4 MB goal, 0 MB stacks, 0 MB globals, 2 P
gc 653 @45.484s 0%: 0.029+0.69+0.018 ms clock, 0.059+0.58/0.46/0+0.036 ms cpu, 3->3->0 MB, 4 MB goal, 0 MB stacks, 0 MB globals, 2 P
gc 654 @45.501s 0%: 0.032+1.0+0.073 ms clock, 0.064+0.66/0.45/0+0.14 ms cpu, 3->3->0 MB, 4 MB goal, 0 MB stacks, 0 MB globals, 2 P
gc 655 @45.518s 0%: 0.040+0.75+0.018 ms clock, 0.081+0.60/0.50/0+0.036 ms cpu, 3->3->0 MB, 4 MB goal, 0 MB stacks, 0 MB globals, 2 P
gc 656 @45.535s 0%: 0.057+0.85+0.003 ms clock, 0.11+0.65/0.38/0+0.006 ms cpu, 3->3->0 MB, 4 MB goal, 0 MB stacks, 0 MB globals, 2 P
gc 657 @45.554s 0%: 0.023+1.2+0.079 ms clock, 0.046+0.66/0.44/0+0.15 ms cpu, 3->3->0 MB, 4 MB goal, 0 MB stacks, 0 MB globals, 2 P
gc 658 @45.572s 0%: 0.042+0.74+0.025 ms clock, 0.084+0.66/0.42/0+0.051 ms cpu, 3->3->0 MB, 4 MB goal, 0 MB stacks, 0 MB globals, 2 P
gc 659 @45.590s 0%: 0.51+0.44+0.013 ms clock, 1.0+0.53/0.41/0+0.027 ms cpu, 3->3->0 MB, 4 MB goal, 0 MB stacks, 0 MB globals, 2 P
gc 660 @45.607s 0%: 0.014+0.77+0.005 ms clock, 0.028+0.72/0.43/0+0.010 ms cpu, 3->3->0 MB, 4 MB goal, 0 MB stacks, 0 MB globals, 2 P
gc 661 @45.625s 0%: 0.030+1.0+0.021 ms clock, 0.061+0.65/0.62/0+0.042 ms cpu, 3->3->0 MB, 4 MB goal, 0 MB stacks, 0 MB globals, 2 P
gc 662 @45.643s 0%: 0.041+0.62+0.016 ms clock, 0.083+0.52/0.48/0+0.033 ms cpu, 3->3->0 MB, 4 MB goal, 0 MB stacks, 0 MB globals, 2 P
gc 663 @45.661s 0%: 0.017+0.77+0.010 ms clock, 0.034+0.62/0.42/0+0.021 ms cpu, 3->3->0 MB, 4 MB goal, 0 MB stacks, 0 MB globals, 2 P
gc 664 @45.680s 0%: 0.59+0.44+0.003 ms clock, 1.1+0.43/0.54/0+0.006 ms cpu, 3->3->0 MB, 4 MB goal, 0 MB stacks, 0 MB globals, 2 P
gc 665 @45.698s 0%: 0.049+1.0+0.003 ms clock, 0.098+0.65/0.39/0+0.006 ms cpu, 3->3->0 MB, 4 MB goal, 0 MB stacks, 0 MB globals, 2 P
gc 666 @45.715s 0%: 0.013+0.69+0.029 ms clock, 0.027+0.70/0.32/0+0.058 ms cpu, 3->3->0 MB, 4 MB goal, 0 MB stacks, 0 MB globals, 2 P
gc 667 @45.733s 0%: 0.018+0.79+0.020 ms clock, 0.037+0.75/0.36/0+0.041 ms cpu, 3->3->0 MB, 4 MB goal, 0 MB stacks, 0 MB globals, 2 P
gc 668 @45.751s 0%: 0.014+0.68+0.003 ms clock, 0.028+0.67/0.36/0+0.006 ms cpu, 3->3->0 MB, 4 MB goal, 0 MB stacks, 0 MB globals, 2 P
gc 669 @45.769s 0%: 0.019+0.86+0.023 ms clock, 0.039+0.73/0.43/0+0.047 ms cpu, 3->3->0 MB, 4 MB goal, 0 MB stacks, 0 MB globals, 2 P
gc 670 @45.786s 0%: 0.025+0.76+0.027 ms clock, 0.051+0.59/0.41/0+0.055 ms cpu, 3->3->0 MB, 4 MB goal, 0 MB stacks, 0 MB globals, 2 P
gc 671 @45.804s 0%: 0.014+0.71+0.019 ms clock, 0.028+0.71/0.36/0+0.039 ms cpu, 3->3->0 MB, 4 MB goal, 0 MB stacks, 0 MB globals, 2 P
gc 672 @45.822s 0%: 0.055+1.0+0.022 ms clock, 0.11+0.63/0.42/0+0.044 ms cpu, 3->3->0 MB, 4 MB goal, 0 MB stacks, 0 MB globals, 2 P
gc 673 @45.840s 0%: 0.013+0.74+0.003 ms clock, 0.027+0.79/0.35/0+0.007 ms cpu, 3->3->0 MB, 4 MB goal, 0 MB stacks, 0 MB globals, 2 P
gc 674 @45.858s 0%: 0.013+1.1+0.003 ms clock, 0.026+0.75/0.39/0+0.006 ms cpu, 3->3->0 MB, 4 MB goal, 0 MB stacks, 0 MB globals, 2 P
gc 675 @45.875s 0%: 0.022+1.2+0.031 ms clock, 0.044+0.50/0.27/0+0.062 ms cpu, 3->3->0 MB, 4 MB goal, 0 MB stacks, 0 MB globals, 2 P
gc 676 @45.893s 0%: 0.013+0.78+0.026 ms clock, 0.026+0.67/0.45/0+0.053 ms cpu, 3->3->0 MB, 4 MB goal, 0 MB stacks, 0 MB globals, 2 P
gc 677 @45.911s 0%: 0.025+0.75+0.028 ms clock, 0.051+0.65/0.39/0+0.056 ms cpu, 3->3->0 MB, 4 MB goal, 0 MB stacks, 0 MB globals, 2 P
gc 678 @45.928s 0%: 0.017+0.74+0.005 ms clock, 0.035+0.72/0.40/0+0.011 ms cpu, 3->3->0 MB, 4 MB goal, 0 MB stacks, 0 MB globals, 2 P
gc 679 @45.946s 0%: 0.014+0.94+0.026 ms clock, 0.028+0.68/0.51/0+0.052 ms cpu, 3->3->0 MB, 4 MB goal, 0 MB stacks, 0 MB globals, 2 P
gc 680 @45.964s 0%: 0.017+0.72+0.004 ms clock, 0.035+0.67/0.41/0+0.009 ms cpu, 3->3->0 MB, 4 MB goal, 0 MB stacks, 0 MB globals, 2 P
gc 681 @45.982s 0%: 0.022+0.66+0.003 ms clock, 0.044+0.73/0.30/0+0.007 ms cpu, 3->3->0 MB, 4 MB goal, 0 MB stacks, 0 MB globals, 2 P
gc 682 @46.000s 0%: 0.78+0.37+0.004 ms clock, 1.5+0.63/0.34/0+0.008 ms cpu, 3->3->0 MB, 4 MB goal, 0 MB stacks, 0 MB globals, 2 P
gc 683 @46.018s 0%: 0.015+0.73+0.028 ms clock, 0.031+0.64/0.35/0+0.057 ms cpu, 3->3->0 MB, 4 MB goal, 0 MB stacks, 0 MB globals, 2 P
gc 684 @46.036s 0%: 0.038+1.0+0.013 ms clock, 0.076+0.44/0.32/0+0.026 ms cpu, 3->3->0 MB, 4 MB goal, 0 MB stacks, 0 MB globals, 2 P
gc 685 @46.054s 0%: 0.024+1.0+0.002 ms clock, 0.049+0.71/0.37/0+0.005 ms cpu, 3->3->0 MB, 4 MB goal, 0 MB stacks, 0 MB globals, 2 P
gc 686 @46.072s 0%: 0.015+0.73+0.026 ms clock, 0.031+0.81/0.31/0.023+0.052 ms cpu, 3->3->0 MB, 4 MB goal, 0 MB stacks, 0 MB globals, 2 P
gc 687 @46.090s 0%: 0.027+1.1+0.003 ms clock, 0.054+0.44/0.19/0+0.006 ms cpu, 3->3->0 MB, 4 MB goal, 0 MB stacks, 0 MB globals, 2 P
gc 688 @46.108s 0%: 0.075+0.88+0.016 ms clock, 0.15+0.86/0.38/0+0.033 ms cpu, 3->3->0 MB, 4 MB goal, 0 MB stacks, 0 MB globals, 2 P
gc 689 @46.126s 0%: 0.024+0.75+0.021 ms clock, 0.048+0.70/0.41/0+0.043 ms cpu, 3->3->0 MB, 4 MB goal, 0 MB stacks, 0 MB globals, 2 P
gc 690 @46.145s 0%: 0.015+0.77+0.003 ms clock, 0.031+0.70/0.44/0+0.006 ms cpu, 3->3->0 MB, 4 MB goal, 0 MB stacks, 0 MB globals, 2 P
gc 691 @46.163s 0%: 0.014+1.1+0.003 ms clock, 0.028+0.39/0.23/0+0.006 ms cpu, 3->3->0 MB, 4 MB goal, 0 MB stacks, 0 MB globals, 2 P
gc 692 @46.181s 0%: 0.031+0.73+0.002 ms clock, 0.062+0.75/0.38/0+0.005 ms cpu, 3->3->0 MB, 4 MB goal, 0 MB stacks, 0 MB globals, 2 P
gc 693 @46.199s 0%: 0.045+1.5+0.014 ms clock, 0.091+0.44/0.28/0+0.028 ms cpu, 3->3->1 MB, 4 MB goal, 0 MB stacks, 0 MB globals, 2 P
gc 694 @46.217s 0%: 0.036+1.1+0.003 ms clock, 0.073+0.63/0.42/0+0.006 ms cpu, 3->3->0 MB, 4 MB goal, 0 MB stacks, 0 MB globals, 2 P
gc 695 @46.235s 0%: 0.12+0.62+0.004 ms clock, 0.24+0.62/0.38/0+0.008 ms cpu, 3->3->0 MB, 4 MB goal, 0 MB stacks, 0 MB globals, 2 P
gc 696 @46.253s 0%: 0.19+0.65+0.021 ms clock, 0.39+0.59/0.42/0+0.042 ms cpu, 3->3->0 MB, 4 MB goal, 0 MB stacks, 0 MB globals, 2 P
gc 697 @46.272s 0%: 0.039+0.71+0.012 ms clock, 0.078+0.71/0.35/0+0.024 ms cpu, 3->3->0 MB, 4 MB goal, 0 MB stacks, 0 MB globals, 2 P
gc 698 @46.291s 0%: 0.020+0.66+0.020 ms clock, 0.040+0.68/0.32/0+0.041 ms cpu, 3->3->0 MB, 4 MB goal, 0 MB stacks, 0 MB globals, 2 P
gc 699 @46.309s 0%: 0.061+0.77+0.028 ms clock, 0.12+0.67/0.41/0+0.056 ms cpu, 3->3->0 MB, 4 MB goal, 0 MB stacks, 0 MB globals, 2 P
gc 700 @46.328s 0%: 0.047+0.98+0.050 ms clock, 0.094+0.82/0.44/0+0.10 ms cpu, 3->3->0 MB, 4 MB goal, 0 MB stacks, 0 MB globals, 2 P
gc 701 @46.346s 0%: 0.020+0.89+0.003 ms clock, 0.041+0.65/0.47/0+0.007 ms cpu, 3->3->0 MB, 4 MB goal, 0 MB stacks, 0 MB globals, 2 P
gc 702 @46.364s 0%: 0.036+1.3+0.003 ms clock, 0.073+0.68/0.40/0+0.007 ms cpu, 3->3->0 MB, 4 MB goal, 0 MB stacks, 0 MB globals, 2 P
gc 703 @46.382s 0%: 0.015+1.1+0.004 ms clock, 0.031+0.66/0.36/0+0.009 ms cpu, 3->3->0 MB, 4 MB goal, 0 MB stacks, 0 MB globals, 2 P
gc 704 @46.399s 0%: 0.032+0.72+0.032 ms clock, 0.064+0.80/0.35/0+0.065 ms cpu, 3->3->0 MB, 4 MB goal, 0 MB stacks, 0 MB globals, 2 P
gc 705 @46.417s 0%: 0.031+0.67+0.021 ms clock, 0.063+0.70/0.36/0+0.043 ms cpu, 3->3->0 MB, 4 MB goal, 0 MB stacks, 0 MB globals, 2 P
gc 706 @46.434s 0%: 0.029+0.69+0.019 ms clock, 0.058+0.69/0.32/0+0.039 ms cpu, 3->3->0 MB, 4 MB goal, 0 MB stacks, 0 MB globals, 2 P
gc 707 @46.452s 0%: 0.017+0.76+0.022 ms clock, 0.034+0.64/0.52/0+0.044 ms cpu, 3->3->0 MB, 4 MB goal, 0 MB stacks, 0 MB globals, 2 P
gc 708 @46.469s 0%: 0.47+0.54+0.002 ms clock, 0.95+0.46/0.54/0+0.005 ms cpu, 3->3->0 MB, 4 MB goal, 0 MB stacks, 0 MB globals, 2 P
gc 709 @46.487s 0%: 0.013+0.66+0.013 ms clock, 0.026+0.67/0.36/0+0.027 ms cpu, 3->3->0 MB, 4 MB goal, 0 MB stacks, 0 MB globals, 2 P
gc 710 @46.506s 0%: 0.029+0.78+0.002 ms clock, 0.059+0.74/0.47/0+0.005 ms cpu, 3->3->0 MB, 4 MB goal, 0 MB stacks, 0 MB globals, 2 P
gc 711 @46.524s 0%: 0.053+0.72+0.061 ms clock, 0.10+0.66/0.40/0+0.12 ms cpu, 3->3->0 MB, 4 MB goal, 0 MB stacks, 0 MB globals, 2 P
gc 712 @46.542s 0%: 0.031+1.0+0.004 ms clock, 0.063+0.65/0.41/0+0.009 ms cpu, 3->3->0 MB, 4 MB goal, 0 MB stacks, 0 MB globals, 2 P
gc 713 @46.561s 0%: 0.018+0.77+0.003 ms clock, 0.037+0.70/0.42/0+0.007 ms cpu, 3->3->0 MB, 4 MB goal, 0 MB stacks, 0 MB globals, 2 P
gc 714 @46.579s 0%: 0.013+0.72+0.027 ms clock, 0.027+0.71/0.36/0+0.054 ms cpu, 3->3->0 MB, 4 MB goal, 0 MB stacks, 0 MB globals, 2 P
gc 715 @46.597s 0%: 0.029+0.82+0.004 ms clock, 0.058+0.68/0.48/0+0.008 ms cpu, 3->3->0 MB, 4 MB goal, 0 MB stacks, 0 MB globals, 2 P
gc 716 @46.616s 0%: 0.013+0.51+0.002 ms clock, 0.027+0.033/0.23/0.71+0.004 ms cpu, 3->3->0 MB, 4 MB goal, 0 MB stacks, 0 MB globals, 2 P
gc 717 @46.634s 0%: 0.023+0.87+0.017 ms clock, 0.046+0.71/0.41/0+0.034 ms cpu, 3->3->0 MB, 4 MB goal, 0 MB stacks, 0 MB globals, 2 P
gc 718 @46.653s 0%: 0.033+0.79+0.021 ms clock, 0.066+0.66/0.45/0+0.042 ms cpu, 3->3->0 MB, 4 MB goal, 0 MB stacks, 0 MB globals, 2 P
gc 719 @46.671s 0%: 0.056+0.78+0.004 ms clock, 0.11+0.64/0.46/0+0.009 ms cpu, 3->3->0 MB, 4 MB goal, 0 MB stacks, 0 MB globals, 2 P
gc 720 @46.690s 0%: 0.035+0.87+0.006 ms clock, 0.070+0.73/0.43/0+0.013 ms cpu, 3->3->0 MB, 4 MB goal, 0 MB stacks, 0 MB globals, 2 P
gc 721 @46.707s 0%: 0.015+0.82+0.003 ms clock, 0.030+0.56/0.46/0+0.007 ms cpu, 3->3->0 MB, 4 MB goal, 0 MB stacks, 0 MB globals, 2 P
gc 722 @46.724s 0%: 0.11+0.87+0.026 ms clock, 0.22+0.67/0.39/0+0.052 ms cpu, 3->3->0 MB, 4 MB goal, 0 MB stacks, 0 MB globals, 2 P
gc 723 @46.741s 0%: 0.83+0.25+0.011 ms clock, 1.6+0.55/0.35/0+0.022 ms cpu, 3->3->0 MB, 4 MB goal, 0 MB stacks, 0 MB globals, 2 P
gc 724 @46.758s 0%: 0.016+0.79+0.007 ms clock, 0.032+0.74/0.38/0+0.015 ms cpu, 3->3->0 MB, 4 MB goal, 0 MB stacks, 0 MB globals, 2 P
gc 725 @46.775s 0%: 0.69+0.90+0.071 ms clock, 1.3+0.43/0.47/0+0.14 ms cpu, 3->3->1 MB, 4 MB goal, 0 MB stacks, 0 MB globals, 2 P
gc 726 @46.793s 0%: 0.029+0.65+0.003 ms clock, 0.058+0.56/0.44/0+0.007 ms cpu, 3->3->0 MB, 4 MB goal, 0 MB stacks, 0 MB globals, 2 P
gc 727 @46.811s 0%: 0.28+0.57+0.030 ms clock, 0.57+0.47/0.49/0+0.061 ms cpu, 3->3->0 MB, 4 MB goal, 0 MB stacks, 0 MB globals, 2 P
gc 728 @46.830s 0%: 0.037+0.67+0.002 ms clock, 0.074+0.60/0.39/0+0.005 ms cpu, 3->3->0 MB, 4 MB goal, 0 MB stacks, 0 MB globals, 2 P
gc 729 @46.848s 0%: 0.016+1.1+0.003 ms clock, 0.033+0.68/0.43/0+0.007 ms cpu, 3->3->0 MB, 4 MB goal, 0 MB stacks, 0 MB globals, 2 P
gc 730 @46.867s 0%: 0.012+0.70+0.023 ms clock, 0.024+0.70/0.31/0+0.046 ms cpu, 3->3->0 MB, 4 MB goal, 0 MB stacks, 0 MB globals, 2 P
gc 731 @46.885s 0%: 0.016+0.91+0.005 ms clock, 0.033+0.68/0.44/0+0.010 ms cpu, 3->3->0 MB, 4 MB goal, 0 MB stacks, 0 MB globals, 2 P
gc 732 @46.903s 0%: 0.018+0.84+0.032 ms clock, 0.036+0.64/0.47/0+0.065 ms cpu, 3->3->0 MB, 4 MB goal, 0 MB stacks, 0 MB globals, 2 P
gc 733 @46.921s 0%: 0.040+0.76+0.003 ms clock, 0.080+0.59/0.53/0+0.007 ms cpu, 3->3->0 MB, 4 MB goal, 0 MB stacks, 0 MB globals, 2 P
gc 734 @46.939s 0%: 0.036+0.76+0.017 ms clock, 0.073+0.64/0.42/0+0.035 ms cpu, 3->3->0 MB, 4 MB goal, 0 MB stacks, 0 MB globals, 2 P
gc 735 @46.958s 0%: 0.025+0.78+0.012 ms clock, 0.051+0.73/0.37/0+0.024 ms cpu, 3->3->0 MB, 4 MB goal, 0 MB stacks, 0 MB globals, 2 P
gc 736 @46.976s 0%: 0.026+1.5+0.012 ms clock, 0.052+0.66/0.42/0+0.025 ms cpu, 3->3->1 MB, 4 MB goal, 0 MB stacks, 0 MB globals, 2 P
gc 737 @46.994s 0%: 0.015+1.0+0.031 ms clock, 0.030+0.69/0.45/0+0.063 ms cpu, 3->3->0 MB, 4 MB goal, 0 MB stacks, 0 MB globals, 2 P
gc 738 @47.012s 0%: 0.013+0.79+0.028 ms clock, 0.026+0.63/0.42/0+0.057 ms cpu, 3->3->0 MB, 4 MB goal, 0 MB stacks, 0 MB globals, 2 P
gc 739 @47.030s 0%: 0.018+0.75+0.003 ms clock, 0.037+0.73/0.39/0+0.006 ms cpu, 3->3->0 MB, 4 MB goal, 0 MB stacks, 0 MB globals, 2 P
gc 740 @47.048s 0%: 0.055+1.8+0.009 ms clock, 0.11+1.2/0.41/0+0.019 ms cpu, 3->3->1 MB, 4 MB goal, 0 MB stacks, 0 MB globals, 2 P
gc 741 @47.064s 0%: 1.2+0.65+0.003 ms clock, 2.5+0.46/0.56/0+0.006 ms cpu, 3->3->1 MB, 4 MB goal, 0 MB stacks, 0 MB globals, 2 P
gc 742 @47.079s 0%: 0.64+0.64+0.003 ms clock, 1.2+0.28/0.93/0+0.006 ms cpu, 3->3->0 MB, 4 MB goal, 0 MB stacks, 0 MB globals, 2 P
gc 743 @47.094s 0%: 0.048+0.73+0.015 ms clock, 0.097+0.68/0.40/0+0.030 ms cpu, 3->3->0 MB, 4 MB goal, 0 MB stacks, 0 MB globals, 2 P
gc 744 @47.109s 0%: 0.034+1.0+0.020 ms clock, 0.069+0.57/0.47/0+0.041 ms cpu, 3->3->0 MB, 4 MB goal, 0 MB stacks, 0 MB globals, 2 P
gc 745 @47.125s 0%: 0.039+0.71+0.004 ms clock, 0.079+0.68/0.36/0+0.009 ms cpu, 3->3->0 MB, 4 MB goal, 0 MB stacks, 0 MB globals, 2 P
gc 746 @47.143s 0%: 0.014+0.73+0.003 ms clock, 0.028+0.77/0.35/0+0.006 ms cpu, 3->3->0 MB, 4 MB goal, 0 MB stacks, 0 MB globals, 2 P
gc 747 @47.161s 0%: 0.026+1.1+0.003 ms clock, 0.052+0.78/0.41/0+0.006 ms cpu, 3->3->0 MB, 4 MB goal, 0 MB stacks, 0 MB globals, 2 P
gc 748 @47.178s 0%: 0.031+0.74+0.010 ms clock, 0.063+0.77/0.34/0+0.021 ms cpu, 3->3->0 MB, 4 MB goal, 0 MB stacks, 0 MB globals, 2 P
gc 749 @47.194s 0%: 0.059+1.5+0.006 ms clock, 0.11+0.65/0.70/0+0.013 ms cpu, 3->3->1 MB, 4 MB goal, 0 MB stacks, 0 MB globals, 2 P
gc 750 @47.211s 0%: 0.035+0.97+0.011 ms clock, 0.071+0.75/0.48/0+0.023 ms cpu, 3->3->0 MB, 4 MB goal, 0 MB stacks, 0 MB globals, 2 P
gc 751 @47.228s 0%: 0.050+1.0+0.003 ms clock, 0.10+0.54/0.25/0+0.006 ms cpu, 3->3->0 MB, 4 MB goal, 0 MB stacks, 0 MB globals, 2 P
gc 752 @47.244s 0%: 0.80+0.29+0.010 ms clock, 1.6+0.59/0.35/0+0.020 ms cpu, 3->3->0 MB, 4 MB goal, 0 MB stacks, 0 MB globals, 2 P
gc 753 @47.261s 0%: 0.021+0.72+0.007 ms clock, 0.043+0.70/0.40/0+0.015 ms cpu, 3->3->0 MB, 4 MB goal, 0 MB stacks, 0 MB globals, 2 P
gc 754 @47.279s 0%: 0.022+0.92+0.004 ms clock, 0.045+0.53/0.61/0+0.008 ms cpu, 3->3->0 MB, 4 MB goal, 0 MB stacks, 0 MB globals, 2 P
gc 755 @47.296s 0%: 0.014+0.74+0.003 ms clock, 0.029+0.77/0.35/0+0.007 ms cpu, 3->3->0 MB, 4 MB goal, 0 MB stacks, 0 MB globals, 2 P
gc 756 @47.316s 0%: 0.029+1.1+0.003 ms clock, 0.058+0.44/0.18/0+0.006 ms cpu, 3->3->0 MB, 4 MB goal, 0 MB stacks, 0 MB globals, 2 P
gc 757 @47.334s 0%: 0.025+0.73+0.040 ms clock, 0.051+0.66/0.37/0+0.080 ms cpu, 3->3->0 MB, 4 MB goal, 0 MB stacks, 0 MB globals, 2 P
gc 758 @47.353s 0%: 0.035+0.83+0.007 ms clock, 0.070+0.76/0.40/0+0.015 ms cpu, 3->3->0 MB, 4 MB goal, 0 MB stacks, 0 MB globals, 2 P
gc 759 @47.371s 0%: 0.034+0.70+0.016 ms clock, 0.068+0.61/0.40/0+0.033 ms cpu, 3->3->0 MB, 4 MB goal, 0 MB stacks, 0 MB globals, 2 P
gc 760 @47.389s 0%: 0.044+0.73+0.002 ms clock, 0.089+0.75/0.35/0+0.005 ms cpu, 3->3->0 MB, 4 MB goal, 0 MB stacks, 0 MB globals, 2 P
gc 761 @47.406s 0%: 0.035+0.75+0.011 ms clock, 0.071+0.67/0.40/0+0.022 ms cpu, 3->3->0 MB, 4 MB goal, 0 MB stacks, 0 MB globals, 2 P
gc 762 @47.423s 0%: 0.030+0.74+0.011 ms clock, 0.060+0.78/0.36/0+0.022 ms cpu, 3->3->0 MB, 4 MB goal, 0 MB stacks, 0 MB globals, 2 P
gc 763 @47.441s 0%: 0.032+0.67+0.018 ms clock, 0.065+0.59/0.41/0+0.036 ms cpu, 3->3->0 MB, 4 MB goal, 0 MB stacks, 0 MB globals, 2 P
gc 764 @47.458s 0%: 0.032+0.70+0.010 ms clock, 0.065+0.64/0.40/0+0.020 ms cpu, 3->3->0 MB, 4 MB goal, 0 MB stacks, 0 MB globals, 2 P
gc 765 @47.475s 0%: 0.15+0.60+0.010 ms clock, 0.30+0.65/0.33/0+0.021 ms cpu, 3->3->0 MB, 4 MB goal, 0 MB stacks, 0 MB globals, 2 P
gc 766 @47.494s 0%: 0.030+0.95+0.015 ms clock, 0.061+0.70/0.49/0+0.030 ms cpu, 3->3->0 MB, 4 MB goal, 0 MB stacks, 0 MB globals, 2 P
gc 767 @47.512s 0%: 0.020+0.80+0.025 ms clock, 0.041+0.70/0.43/0+0.050 ms cpu, 3->3->0 MB, 4 MB goal, 0 MB stacks, 0 MB globals, 2 P
gc 768 @47.530s 0%: 0.016+0.66+0.022 ms clock, 0.033+0.61/0.41/0+0.045 ms cpu, 3->3->0 MB, 4 MB goal, 0 MB stacks, 0 MB globals, 2 P
gc 769 @47.548s 0%: 0.016+0.79+0.012 ms clock, 0.032+0.71/0.45/0+0.024 ms cpu, 3->3->0 MB, 4 MB goal, 0 MB stacks, 0 MB globals, 2 P
gc 770 @47.566s 0%: 0.042+0.69+0.028 ms clock, 0.084+0.67/0.35/0+0.057 ms cpu, 3->3->0 MB, 4 MB goal, 0 MB stacks, 0 MB globals, 2 P
gc 771 @47.584s 0%: 0.024+0.76+0.016 ms clock, 0.049+0.69/0.40/0+0.032 ms cpu, 3->3->0 MB, 4 MB goal, 0 MB stacks, 0 MB globals, 2 P
gc 772 @47.602s 0%: 0.025+0.68+0.013 ms clock, 0.050+0.61/0.43/0+0.026 ms cpu, 3->3->0 MB, 4 MB goal, 0 MB stacks, 0 MB globals, 2 P
gc 773 @47.620s 0%: 0.042+0.79+0.003 ms clock, 0.084+0.81/0.35/0+0.006 ms cpu, 3->3->0 MB, 4 MB goal, 0 MB stacks, 0 MB globals, 2 P
gc 774 @47.637s 0%: 0.020+1.2+0.003 ms clock, 0.041+0.56/0.46/0+0.006 ms cpu, 3->3->0 MB, 4 MB goal, 0 MB stacks, 0 MB globals, 2 P
gc 775 @47.655s 0%: 0.045+0.67+0.003 ms clock, 0.091+0.64/0.37/0+0.006 ms cpu, 3->3->0 MB, 4 MB goal, 0 MB stacks, 0 MB globals, 2 P
gc 776 @47.672s 0%: 0.035+0.67+0.003 ms clock, 0.070+0.52/0.32/0.24+0.006 ms cpu, 3->3->0 MB, 4 MB goal, 0 MB stacks, 0 MB globals, 2 P
gc 777 @47.689s 0%: 0.018+0.72+0.047 ms clock, 0.037+0.68/0.38/0+0.094 ms cpu, 3->3->0 MB, 4 MB goal, 0 MB stacks, 0 MB globals, 2 P
gc 778 @47.707s 0%: 0.037+0.73+0.003 ms clock, 0.074+0.74/0.41/0+0.006 ms cpu, 3->3->0 MB, 4 MB goal, 0 MB stacks, 0 MB globals, 2 P
gc 779 @47.725s 0%: 0.022+0.72+0.024 ms clock, 0.045+0.60/0.41/0+0.048 ms cpu, 3->3->0 MB, 4 MB goal, 0 MB stacks, 0 MB globals, 2 P
gc 780 @47.743s 0%: 0.029+0.75+0.032 ms clock, 0.058+0.78/0.37/0+0.065 ms cpu, 3->3->0 MB, 4 MB goal, 0 MB stacks, 0 MB globals, 2 P
gc 781 @47.760s 0%: 0.035+0.64+0.002 ms clock, 0.070+0.66/0.30/0+0.005 ms cpu, 3->3->0 MB, 4 MB goal, 0 MB stacks, 0 MB globals, 2 P
gc 782 @47.778s 0%: 0.024+0.78+0.016 ms clock, 0.049+0.66/0.46/0+0.032 ms cpu, 3->3->0 MB, 4 MB goal, 0 MB stacks, 0 MB globals, 2 P
gc 783 @47.796s 0%: 0.019+0.69+0.019 ms clock, 0.038+0.69/0.33/0+0.038 ms cpu, 3->3->0 MB, 4 MB goal, 0 MB stacks, 0 MB globals, 2 P
gc 784 @47.814s 0%: 0.31+0.70+0.016 ms clock, 0.63+0.53/0.52/0+0.032 ms cpu, 3->3->0 MB, 4 MB goal, 0 MB stacks, 0 MB globals, 2 P
gc 785 @47.831s 0%: 0.038+0.81+0.015 ms clock, 0.076+0.76/0.37/0+0.030 ms cpu, 3->3->0 MB, 4 MB goal, 0 MB stacks, 0 MB globals, 2 P
gc 786 @47.848s 0%: 0.014+1.2+0.004 ms clock, 0.028+0.72/0.39/0+0.008 ms cpu, 3->3->0 MB, 4 MB goal, 0 MB stacks, 0 MB globals, 2 P
gc 787 @47.866s 0%: 0.027+0.71+0.016 ms clock, 0.055+0.68/0.38/0+0.032 ms cpu, 3->3->0 MB, 4 MB goal, 0 MB stacks, 0 MB globals, 2 P
gc 788 @47.883s 0%: 0.023+0.75+0.015 ms clock, 0.046+0.65/0.44/0+0.030 ms cpu, 3->3->0 MB, 4 MB goal, 0 MB stacks, 0 MB globals, 2 P
gc 789 @47.901s 0%: 0.023+0.64+0.013 ms clock, 0.047+0.66/0.37/0+0.026 ms cpu, 3->3->0 MB, 4 MB goal, 0 MB stacks, 0 MB globals, 2 P
gc 790 @47.919s 0%: 0.019+0.68+0.004 ms clock, 0.038+0.74/0.30/0+0.009 ms cpu, 3->3->0 MB, 4 MB goal, 0 MB stacks, 0 MB globals, 2 P
gc 791 @47.937s 0%: 0.028+0.81+0.031 ms clock, 0.056+0.70/0.43/0+0.063 ms cpu, 3->3->0 MB, 4 MB goal, 0 MB stacks, 0 MB globals, 2 P
gc 792 @47.954s 0%: 0.013+0.77+0.008 ms clock, 0.027+0.64/0.41/0+0.016 ms cpu, 3->3->0 MB, 4 MB goal, 0 MB stacks, 0 MB globals, 2 P
gc 793 @47.972s 0%: 0.077+0.69+0.029 ms clock, 0.15+0.57/0.43/0+0.058 ms cpu, 3->3->0 MB, 4 MB goal, 0 MB stacks, 0 MB globals, 2 P
gc 794 @47.990s 0%: 0.026+0.65+0.031 ms clock, 0.053+0.67/0.38/0+0.063 ms cpu, 3->3->0 MB, 4 MB goal, 0 MB stacks, 0 MB globals, 2 P
gc 795 @48.008s 0%: 0.023+1.3+0.002 ms clock, 0.047+0.67/0.52/0+0.005 ms cpu, 3->3->1 MB, 4 MB goal, 0 MB stacks, 0 MB globals, 2 P
gc 796 @48.026s 0%: 0.030+1.3+0.002 ms clock, 0.061+0.71/0.35/0+0.005 ms cpu, 3->3->1 MB, 4 MB goal, 0 MB stacks, 0 MB globals, 2 P
gc 797 @48.044s 0%: 0.046+1.2+0.004 ms clock, 0.093+0.76/0.45/0+0.008 ms cpu, 3->3->0 MB, 4 MB goal, 0 MB stacks, 0 MB globals, 2 P
gc 798 @48.062s 0%: 0.013+0.84+0.003 ms clock, 0.027+0.67/0.43/0+0.007 ms cpu, 3->3->0 MB, 4 MB goal, 0 MB stacks, 0 MB globals, 2 P
gc 799 @48.079s 0%: 0.027+0.76+0.036 ms clock, 0.054+0.75/0.39/0+0.073 ms cpu, 3->3->0 MB, 4 MB goal, 0 MB stacks, 0 MB globals, 2 P
gc 800 @48.097s 0%: 0.013+0.67+0.003 ms clock, 0.026+0.71/0.35/0+0.006 ms cpu, 3->3->0 MB, 4 MB goal, 0 MB stacks, 0 MB globals, 2 P
gc 801 @48.115s 0%: 0.058+1.0+0.027 ms clock, 0.11+0.63/0.39/0+0.054 ms cpu, 3->3->0 MB, 4 MB goal, 0 MB stacks, 0 MB globals, 2 P
gc 802 @48.132s 0%: 0.21+0.56+0.003 ms clock, 0.42+0.64/0.35/0+0.006 ms cpu, 3->3->0 MB, 4 MB goal, 0 MB stacks, 0 MB globals, 2 P
gc 803 @48.151s 0%: 0.050+0.72+0.021 ms clock, 0.10+0.65/0.41/0+0.042 ms cpu, 3->3->0 MB, 4 MB goal, 0 MB stacks, 0 MB globals, 2 P
gc 804 @48.168s 0%: 0.010+1.2+0.003 ms clock, 0.021+0.74/0.37/0+0.007 ms cpu, 3->3->0 MB, 4 MB goal, 0 MB stacks, 0 MB globals, 2 P
gc 805 @48.187s 0%: 0.030+0.72+0.017 ms clock, 0.060+0.60/0.49/0+0.035 ms cpu, 3->3->0 MB, 4 MB goal, 0 MB stacks, 0 MB globals, 2 P
gc 806 @48.205s 0%: 0.024+0.86+0.021 ms clock, 0.048+0.68/0.48/0+0.043 ms cpu, 3->3->0 MB, 4 MB goal, 0 MB stacks, 0 MB globals, 2 P
gc 807 @48.223s 0%: 0.014+0.76+0.024 ms clock, 0.028+0.71/0.38/0+0.049 ms cpu, 3->3->0 MB, 4 MB goal, 0 MB stacks, 0 MB globals, 2 P
gc 808 @48.241s 0%: 0.019+0.79+0.019 ms clock, 0.039+0.64/0.47/0+0.038 ms cpu, 3->3->0 MB, 4 MB goal, 0 MB stacks, 0 MB globals, 2 P
gc 809 @48.259s 0%: 0.055+1.0+0.013 ms clock, 0.11+0.63/0.35/0+0.027 ms cpu, 3->3->0 MB, 4 MB goal, 0 MB stacks, 0 MB globals, 2 P
gc 810 @48.277s 0%: 0.013+1.0+0.032 ms clock, 0.026+0.69/0.43/0+0.064 ms cpu, 3->3->0 MB, 4 MB goal, 0 MB stacks, 0 MB globals, 2 P
gc 811 @48.295s 0%: 0.014+0.71+0.003 ms clock, 0.028+0.62/0.40/0+0.006 ms cpu, 3->3->0 MB, 4 MB goal, 0 MB stacks, 0 MB globals, 2 P
gc 812 @48.313s 0%: 0.042+0.75+0.003 ms clock, 0.085+0.76/0.34/0+0.007 ms cpu, 3->3->0 MB, 4 MB goal, 0 MB stacks, 0 MB globals, 2 P
gc 813 @48.331s 0%: 0.014+0.74+0.016 ms clock, 0.028+0.69/0.42/0.002+0.033 ms cpu, 3->3->0 MB, 4 MB goal, 0 MB stacks, 0 MB globals, 2 P
gc 814 @48.349s 0%: 0.061+1.4+0.002 ms clock, 0.12+0.48/0.24/0+0.005 ms cpu, 3->3->1 MB, 4 MB goal, 0 MB stacks, 0 MB globals, 2 P
gc 815 @48.367s 0%: 0.051+0.86+0.012 ms clock, 0.10+0.61/0.45/0+0.024 ms cpu, 3->3->0 MB, 4 MB goal, 0 MB stacks, 0 MB globals, 2 P
gc 816 @48.385s 0%: 0.027+0.85+0.003 ms clock, 0.055+0.55/0.48/0+0.006 ms cpu, 3->3->0 MB, 4 MB goal, 0 MB stacks, 0 MB globals, 2 P
gc 817 @48.404s 0%: 0.030+0.94+0.016 ms clock, 0.061+0.75/0.36/0+0.033 ms cpu, 3->3->0 MB, 4 MB goal, 0 MB stacks, 0 MB globals, 2 P
gc 818 @48.422s 0%: 0.031+0.76+0.021 ms clock, 0.063+0.67/0.35/0+0.042 ms cpu, 3->3->0 MB, 4 MB goal, 0 MB stacks, 0 MB globals, 2 P
gc 819 @48.439s 0%: 0.014+0.70+0.003 ms clock, 0.028+0.65/0.37/0+0.006 ms cpu, 3->3->0 MB, 4 MB goal, 0 MB stacks, 0 MB globals, 2 P
gc 820 @48.456s 0%: 0.046+0.81+0.037 ms clock, 0.093+0.67/0.46/0+0.074 ms cpu, 3->3->0 MB, 4 MB goal, 0 MB stacks, 0 MB globals, 2 P
gc 821 @48.474s 0%: 0.79+0.90+0.011 ms clock, 1.5+0.42/1.0/0+0.022 ms cpu, 3->3->0 MB, 4 MB goal, 0 MB stacks, 0 MB globals, 2 P
gc 822 @48.491s 0%: 0.016+0.72+0.002 ms clock, 0.032+0.80/0.33/0+0.005 ms cpu, 3->3->0 MB, 4 MB goal, 0 MB stacks, 0 MB globals, 2 P
gc 823 @48.508s 0%: 0.059+0.89+0.003 ms clock, 0.11+0.70/0.46/0+0.006 ms cpu, 3->3->0 MB, 4 MB goal, 0 MB stacks, 0 MB globals, 2 P
gc 824 @48.526s 0%: 0.010+0.74+0.021 ms clock, 0.020+0.63/0.40/0+0.043 ms cpu, 3->3->0 MB, 4 MB goal, 0 MB stacks, 0 MB globals, 2 P
gc 825 @48.544s 0%: 0.057+0.67+0.010 ms clock, 0.11+0.72/0.36/0+0.021 ms cpu, 3->3->0 MB, 4 MB goal, 0 MB stacks, 0 MB globals, 2 P
gc 826 @48.562s 0%: 0.75+0.63+0.004 ms clock, 1.5+0.50/0.42/0+0.008 ms cpu, 3->3->0 MB, 4 MB goal, 0 MB stacks, 0 MB globals, 2 P
gc 827 @48.580s 0%: 0.70+0.41+0.036 ms clock, 1.4+0.49/0.43/0+0.073 ms cpu, 3->3->0 MB, 4 MB goal, 0 MB stacks, 0 MB globals, 2 P
gc 828 @48.598s 0%: 0.026+0.67+0.002 ms clock, 0.052+0.67/0.37/0+0.005 ms cpu, 3->3->0 MB, 4 MB goal, 0 MB stacks, 0 MB globals, 2 P
gc 829 @48.617s 0%: 0.016+1.1+0.003 ms clock, 0.033+0.63/0.52/0+0.006 ms cpu, 3->3->0 MB, 4 MB goal, 0 MB stacks, 0 MB globals, 2 P
gc 830 @48.635s 0%: 0.12+0.66+0.015 ms clock, 0.24+0.66/0.37/0+0.031 ms cpu, 3->3->0 MB, 4 MB goal, 0 MB stacks, 0 MB globals, 2 P
gc 831 @48.653s 0%: 0.015+0.71+0.017 ms clock, 0.031+0.60/0.44/0+0.035 ms cpu, 3->3->0 MB, 4 MB goal, 0 MB stacks, 0 MB globals, 2 P
gc 832 @48.672s 0%: 0.026+0.74+0.020 ms clock, 0.053+0.64/0.43/0+0.041 ms cpu, 3->3->0 MB, 4 MB goal, 0 MB stacks, 0 MB globals, 2 P
gc 833 @48.690s 0%: 0.022+0.91+0.005 ms clock, 0.044+0.63/0.36/0+0.011 ms cpu, 3->3->0 MB, 4 MB goal, 0 MB stacks, 0 MB globals, 2 P
gc 834 @48.708s 0%: 0.016+0.76+0.005 ms clock, 0.032+0.68/0.43/0+0.010 ms cpu, 3->3->0 MB, 4 MB goal, 0 MB stacks, 0 MB globals, 2 P
gc 835 @48.727s 0%: 0.034+1.0+0.074 ms clock, 0.069+0.64/0.43/0+0.14 ms cpu, 3->3->0 MB, 4 MB goal, 0 MB stacks, 0 MB globals, 2 P
gc 836 @48.745s 0%: 0.014+1.2+0.003 ms clock, 0.029+0.41/0.24/0+0.006 ms cpu, 3->3->0 MB, 4 MB goal, 0 MB stacks, 0 MB globals, 2 P
gc 837 @48.763s 0%: 0.024+0.71+0.009 ms clock, 0.049+0.60/0.47/0+0.019 ms cpu, 3->3->0 MB, 4 MB goal, 0 MB stacks, 0 MB globals, 2 P
gc 838 @48.781s 0%: 0.031+0.70+0.003 ms clock, 0.062+0.66/0.36/0+0.007 ms cpu, 3->3->0 MB, 4 MB goal, 0 MB stacks, 0 MB globals, 2 P
gc 839 @48.800s 0%: 0.023+0.75+0.026 ms clock, 0.047+0.65/0.38/0+0.053 ms cpu, 3->3->0 MB, 4 MB goal, 0 MB stacks, 0 MB globals, 2 P
gc 840 @48.818s 0%: 0.17+0.67+0.003 ms clock, 0.35+0.56/0.49/0+0.006 ms cpu, 3->3->0 MB, 4 MB goal, 0 MB stacks, 0 MB globals, 2 P
gc 841 @48.837s 0%: 0.034+0.71+0.017 ms clock, 0.068+0.65/0.45/0+0.035 ms cpu, 3->3->0 MB, 4 MB goal, 0 MB stacks, 0 MB globals, 2 P
gc 842 @48.856s 0%: 0.032+0.77+0.021 ms clock, 0.064+0.74/0.38/0+0.043 ms cpu, 3->3->0 MB, 4 MB goal, 0 MB stacks, 0 MB globals, 2 P
gc 843 @48.873s 0%: 0.57+1.4+0.021 ms clock, 1.1+0.63/0.60/0+0.043 ms cpu, 3->3->1 MB, 4 MB goal, 0 MB stacks, 0 MB globals, 2 P
gc 844 @48.891s 0%: 0.041+0.69+0.002 ms clock, 0.083+0.70/0.35/0+0.005 ms cpu, 3->3->0 MB, 4 MB goal, 0 MB stacks, 0 MB globals, 2 P
gc 845 @48.909s 0%: 0.035+0.70+0.012 ms clock, 0.070+0.60/0.43/0+0.024 ms cpu, 3->3->0 MB, 4 MB goal, 0 MB stacks, 0 MB globals, 2 P
gc 846 @48.927s 0%: 0.027+0.68+0.027 ms clock, 0.055+0.66/0.44/0+0.054 ms cpu, 3->3->0 MB, 4 MB goal, 0 MB stacks, 0 MB globals, 2 P
gc 847 @48.945s 0%: 0.034+1.0+0.040 ms clock, 0.069+0.30/0.61/0+0.080 ms cpu, 3->3->0 MB, 4 MB goal, 0 MB stacks, 0 MB globals, 2 P
gc 848 @48.963s 0%: 0.057+0.77+0.011 ms clock, 0.11+0.57/0.52/0+0.023 ms cpu, 3->3->0 MB, 4 MB goal, 0 MB stacks, 0 MB globals, 2 P
gc 849 @48.982s 0%: 0.049+0.72+0.020 ms clock, 0.098+0.64/0.43/0+0.041 ms cpu, 3->3->0 MB, 4 MB goal, 0 MB stacks, 0 MB globals, 2 P
gc 850 @49.000s 0%: 0.034+0.95+0.019 ms clock, 0.068+0.38/0.42/0+0.039 ms cpu, 3->3->0 MB, 4 MB goal, 0 MB stacks, 0 MB globals, 2 P
gc 851 @49.018s 0%: 0.035+0.81+0.003 ms clock, 0.071+0.72/0.38/0+0.006 ms cpu, 3->3->0 MB, 4 MB goal, 0 MB stacks, 0 MB globals, 2 P
gc 852 @49.037s 0%: 0.016+1.0+0.087 ms clock, 0.032+0.68/0.47/0+0.17 ms cpu, 3->3->0 MB, 4 MB goal, 0 MB stacks, 0 MB globals, 2 P
gc 853 @49.055s 0%: 0.022+0.77+0.022 ms clock, 0.044+0.71/0.42/0+0.044 ms cpu, 3->3->0 MB, 4 MB goal, 0 MB stacks, 0 MB globals, 2 P
gc 854 @49.073s 0%: 0.044+0.70+0.003 ms clock, 0.088+0.64/0.36/0+0.006 ms cpu, 3->3->0 MB, 4 MB goal, 0 MB stacks, 0 MB globals, 2 P
gc 855 @49.091s 0%: 0.043+0.73+0.017 ms clock, 0.087+0.70/0.34/0+0.035 ms cpu, 3->3->0 MB, 4 MB goal, 0 MB stacks, 0 MB globals, 2 P
gc 856 @49.109s 0%: 0.020+0.71+0.003 ms clock, 0.040+0.75/0.36/0+0.006 ms cpu, 3->3->0 MB, 4 MB goal, 0 MB stacks, 0 MB globals, 2 P
gc 857 @49.127s 0%: 0.045+0.70+0.008 ms clock, 0.090+0.69/0.34/0+0.016 ms cpu, 3->3->0 MB, 4 MB goal, 0 MB stacks, 0 MB globals, 2 P
gc 858 @49.145s 0%: 0.80+0.32+0.035 ms clock, 1.6+0.61/0.29/0+0.071 ms cpu, 3->3->0 MB, 4 MB goal, 0 MB stacks, 0 MB globals, 2 P
gc 859 @49.163s 0%: 0.038+0.86+0.019 ms clock, 0.077+0.61/0.40/0+0.039 ms cpu, 3->3->0 MB, 4 MB goal, 0 MB stacks, 0 MB globals, 2 P
gc 860 @49.181s 0%: 0.027+0.81+0.036 ms clock, 0.054+0.53/0.51/0+0.072 ms cpu, 3->3->0 MB, 4 MB goal, 0 MB stacks, 0 MB globals, 2 P
gc 861 @49.200s 0%: 0.022+0.86+0.004 ms clock, 0.045+0.76/0.38/0+0.009 ms cpu, 3->3->0 MB, 4 MB goal, 0 MB stacks, 0 MB globals, 2 P
gc 862 @49.217s 0%: 0.016+0.86+0.021 ms clock, 0.033+0.69/0.44/0+0.042 ms cpu, 3->3->0 MB, 4 MB goal, 0 MB stacks, 0 MB globals, 2 P
gc 863 @49.234s 0%: 0.022+0.85+0.032 ms clock, 0.044+0.71/0.41/0+0.065 ms cpu, 3->3->0 MB, 4 MB goal, 0 MB stacks, 0 MB globals, 2 P
gc 864 @49.250s 0%: 0.055+0.67+0.009 ms clock, 0.11+0.61/0.39/0+0.019 ms cpu, 3->3->0 MB, 4 MB goal, 0 MB stacks, 0 MB globals, 2 P
gc 865 @49.267s 0%: 0.026+1.1+0.004 ms clock, 0.052+0.59/0.52/0+0.008 ms cpu, 3->3->0 MB, 4 MB goal, 0 MB stacks, 0 MB globals, 2 P
gc 866 @49.284s 0%: 0.014+0.85+0.004 ms clock, 0.029+0.55/0.48/0+0.008 ms cpu, 3->3->0 MB, 4 MB goal, 0 MB stacks, 0 MB globals, 2 P
gc 867 @49.303s 0%: 0.029+1.2+0.010 ms clock, 0.058+0.66/0.36/0+0.020 ms cpu, 3->3->0 MB, 4 MB goal, 0 MB stacks, 0 MB globals, 2 P
gc 868 @49.321s 0%: 0.020+0.80+0.003 ms clock, 0.040+0.56/0.43/0+0.006 ms cpu, 3->3->0 MB, 4 MB goal, 0 MB stacks, 0 MB globals, 2 P
gc 869 @49.339s 0%: 0.019+0.76+0.026 ms clock, 0.039+0.60/0.47/0.046+0.052 ms cpu, 3->3->0 MB, 4 MB goal, 0 MB stacks, 0 MB globals, 2 P
gc 870 @49.357s 0%: 0.017+0.76+0.003 ms clock, 0.035+0.76/0.34/0+0.006 ms cpu, 3->3->0 MB, 4 MB goal, 0 MB stacks, 0 MB globals, 2 P
gc 871 @49.375s 0%: 0.19+0.60+0.022 ms clock, 0.39+0.61/0.33/0+0.045 ms cpu, 3->3->0 MB, 4 MB goal, 0 MB stacks, 0 MB globals, 2 P
gc 872 @49.393s 0%: 0.067+1.0+0.020 ms clock, 0.13+0.96/0.61/0+0.041 ms cpu, 3->3->0 MB, 4 MB goal, 0 MB stacks, 0 MB globals, 2 P
gc 873 @49.410s 0%: 0.013+0.80+0.003 ms clock, 0.026+0.78/0.37/0+0.006 ms cpu, 3->3->0 MB, 4 MB goal, 0 MB stacks, 0 MB globals, 2 P
gc 874 @49.427s 0%: 0.030+0.66+0.003 ms clock, 0.060+0.60/0.39/0+0.006 ms cpu, 3->3->0 MB, 4 MB goal, 0 MB stacks, 0 MB globals, 2 P
gc 875 @49.443s 1%: 0.013+0.80+0.003 ms clock, 0.027+0.70/0.42/0+0.006 ms cpu, 3->3->0 MB, 4 MB goal, 0 MB stacks, 0 MB globals, 2 P
gc 876 @49.460s 1%: 0.025+0.84+0.002 ms clock, 0.051+0.75/0.42/0+0.005 ms cpu, 3->3->0 MB, 4 MB goal, 0 MB stacks, 0 MB globals, 2 P
gc 877 @49.476s 1%: 0.032+0.78+0.003 ms clock, 0.065+0.75/0.42/0+0.007 ms cpu, 3->3->0 MB, 4 MB goal, 0 MB stacks, 0 MB globals, 2 P
gc 878 @49.494s 1%: 0.14+0.73+0.003 ms clock, 0.29+0.62/0.46/0+0.006 ms cpu, 3->3->0 MB, 4 MB goal, 0 MB stacks, 0 MB globals, 2 P
gc 879 @49.512s 1%: 0.013+0.71+0.013 ms clock, 0.027+0.64/0.49/0+0.026 ms cpu, 3->3->0 MB, 4 MB goal, 0 MB stacks, 0 MB globals, 2 P
gc 880 @49.530s 1%: 0.020+1.1+0.060 ms clock, 0.041+0.62/0.39/0+0.12 ms cpu, 3->3->0 MB, 4 MB goal, 0 MB stacks, 0 MB globals, 2 P
gc 881 @49.547s 1%: 0.019+1.0+0.020 ms clock, 0.039+0.66/0.35/0+0.041 ms cpu, 3->3->0 MB, 4 MB goal, 0 MB stacks, 0 MB globals, 2 P
gc 882 @49.565s 1%: 0.029+0.82+0.023 ms clock, 0.059+0.61/0.47/0+0.046 ms cpu, 3->3->0 MB, 4 MB goal, 0 MB stacks, 0 MB globals, 2 P
gc 883 @49.582s 1%: 0.035+1.2+0.003 ms clock, 0.070+0.39/0.23/0+0.006 ms cpu, 3->3->0 MB, 4 MB goal, 0 MB stacks, 0 MB globals, 2 P
gc 884 @49.599s 1%: 0.036+1.1+0.004 ms clock, 0.073+0.70/0.35/0+0.008 ms cpu, 3->3->0 MB, 4 MB goal, 0 MB stacks, 0 MB globals, 2 P
gc 885 @49.617s 1%: 0.022+1.0+0.005 ms clock, 0.045+0.57/0.43/0+0.011 ms cpu, 3->3->0 MB, 4 MB goal, 0 MB stacks, 0 MB globals, 2 P
gc 886 @49.634s 1%: 0.042+0.73+0.003 ms clock, 0.084+0.65/0.35/0+0.007 ms cpu, 3->3->0 MB, 4 MB goal, 0 MB stacks, 0 MB globals, 2 P
gc 887 @49.652s 1%: 0.042+0.86+0.021 ms clock, 0.085+0.57/0.51/0+0.043 ms cpu, 3->3->0 MB, 4 MB goal, 0 MB stacks, 0 MB globals, 2 P
gc 888 @49.670s 1%: 0.011+1.1+0.019 ms clock, 0.023+0.51/0.40/0+0.038 ms cpu, 3->3->0 MB, 4 MB goal, 0 MB stacks, 0 MB globals, 2 P
gc 889 @49.687s 1%: 0.015+0.73+0.019 ms clock, 0.031+0.61/0.47/0+0.038 ms cpu, 3->3->0 MB, 4 MB goal, 0 MB stacks, 0 MB globals, 2 P
gc 890 @49.706s 1%: 0.053+0.73+0.011 ms clock, 0.10+0.66/0.35/0+0.022 ms cpu, 3->3->0 MB, 4 MB goal, 0 MB stacks, 0 MB globals, 2 P
gc 891 @49.724s 1%: 0.28+0.55+0.003 ms clock, 0.57+0.51/0.47/0+0.007 ms cpu, 3->3->0 MB, 4 MB goal, 0 MB stacks, 0 MB globals, 2 P
gc 892 @49.742s 1%: 0.016+0.97+0.003 ms clock, 0.033+0.64/0.36/0+0.006 ms cpu, 3->3->0 MB, 4 MB goal, 0 MB stacks, 0 MB globals, 2 P
gc 893 @49.759s 1%: 0.015+1.0+0.008 ms clock, 0.030+0.64/0.36/0+0.016 ms cpu, 3->3->0 MB, 4 MB goal, 0 MB stacks, 0 MB globals, 2 P
gc 894 @49.777s 1%: 0.033+0.68+0.003 ms clock, 0.066+0.64/0.35/0+0.006 ms cpu, 3->3->0 MB, 4 MB goal, 0 MB stacks, 0 MB globals, 2 P
gc 895 @49.795s 1%: 0.023+0.69+0.020 ms clock, 0.046+0.59/0.41/0+0.040 ms cpu, 3->3->0 MB, 4 MB goal, 0 MB stacks, 0 MB globals, 2 P
gc 896 @49.814s 1%: 0.033+1.1+0.003 ms clock, 0.067+0.39/0.24/0+0.006 ms cpu, 3->3->0 MB, 4 MB goal, 0 MB stacks, 0 MB globals, 2 P
gc 897 @49.832s 1%: 0.013+1.1+0.005 ms clock, 0.026+0.53/0.45/0+0.011 ms cpu, 3->3->0 MB, 4 MB goal, 0 MB stacks, 0 MB globals, 2 P
gc 898 @49.850s 1%: 0.013+1.1+0.002 ms clock, 0.027+0.38/0.25/0+0.005 ms cpu, 3->3->0 MB, 4 MB goal, 0 MB stacks, 0 MB globals, 2 P
gc 899 @49.869s 1%: 0.038+0.69+0.002 ms clock, 0.077+0.66/0.35/0+0.005 ms cpu, 3->3->0 MB, 4 MB goal, 0 MB stacks, 0 MB globals, 2 P
gc 900 @49.887s 1%: 0.018+0.51+0.002 ms clock, 0.036+0.025/0.068/0.89+0.005 ms cpu, 3->3->0 MB, 4 MB goal, 0 MB stacks, 0 MB globals, 2 P
gc 901 @49.905s 1%: 0.023+0.89+0.054 ms clock, 0.046+0.75/0.52/0+0.10 ms cpu, 3->3->0 MB, 4 MB goal, 0 MB stacks, 0 MB globals, 2 P
gc 902 @49.922s 1%: 0.041+0.78+0.017 ms clock, 0.082+0.70/0.36/0+0.034 ms cpu, 3->3->0 MB, 4 MB goal, 0 MB stacks, 0 MB globals, 2 P
gc 903 @49.938s 1%: 0.023+0.73+0.004 ms clock, 0.046+0.67/0.38/0+0.009 ms cpu, 3->3->0 MB, 4 MB goal, 0 MB stacks, 0 MB globals, 2 P
gc 904 @49.955s 1%: 0.051+1.8+0.003 ms clock, 0.10+0.39/0.36/0+0.006 ms cpu, 3->3->1 MB, 4 MB goal, 0 MB stacks, 0 MB globals, 2 P
gc 905 @49.971s 1%: 0.016+0.79+0.009 ms clock, 0.033+0.69/0.43/0+0.019 ms cpu, 3->3->0 MB, 4 MB goal, 0 MB stacks, 0 MB globals, 2 P
gc 906 @49.988s 1%: 0.19+0.56+0.003 ms clock, 0.39+0.63/0.38/0+0.007 ms cpu, 3->3->0 MB, 4 MB goal, 0 MB stacks, 0 MB globals, 2 P
gc 907 @50.006s 1%: 0.033+0.75+0.021 ms clock, 0.067+0.63/0.40/0+0.043 ms cpu, 3->3->0 MB, 4 MB goal, 0 MB stacks, 0 MB globals, 2 P
gc 908 @50.024s 1%: 0.032+1.4+0.024 ms clock, 0.064+0.75/0.37/0+0.049 ms cpu, 3->3->1 MB, 4 MB goal, 0 MB stacks, 0 MB globals, 2 P
gc 909 @50.043s 1%: 0.014+0.74+0.022 ms clock, 0.029+0.60/0.47/0+0.045 ms cpu, 3->3->0 MB, 4 MB goal, 0 MB stacks, 0 MB globals, 2 P
gc 910 @50.061s 1%: 0.034+1.1+0.020 ms clock, 0.068+0.62/0.41/0+0.040 ms cpu, 3->3->0 MB, 4 MB goal, 0 MB stacks, 0 MB globals, 2 P
gc 911 @50.079s 1%: 0.039+0.94+0.003 ms clock, 0.079+0.65/0.36/0+0.006 ms cpu, 3->3->0 MB, 4 MB goal, 0 MB stacks, 0 MB globals, 2 P
gc 912 @50.097s 1%: 0.73+0.57+0.034 ms clock, 1.4+0.92/0.28/0+0.069 ms cpu, 3->3->0 MB, 4 MB goal, 0 MB stacks, 0 MB globals, 2 P
gc 913 @50.114s 1%: 0.037+1.0+0.052 ms clock, 0.074+0.47/0.62/0+0.10 ms cpu, 3->3->0 MB, 4 MB goal, 0 MB stacks, 0 MB globals, 2 P
gc 914 @50.132s 1%: 0.054+0.68+0.020 ms clock, 0.10+0.66/0.38/0+0.041 ms cpu, 3->3->0 MB, 4 MB goal, 0 MB stacks, 0 MB globals, 2 P
gc 915 @50.149s 1%: 0.14+0.60+0.010 ms clock, 0.28+0.61/0.42/0+0.020 ms cpu, 3->3->0 MB, 4 MB goal, 0 MB stacks, 0 MB globals, 2 P
gc 916 @50.167s 1%: 0.038+0.88+0.011 ms clock, 0.077+0.71/0.41/0+0.022 ms cpu, 3->3->0 MB, 4 MB goal, 0 MB stacks, 0 MB globals, 2 P
gc 917 @50.184s 1%: 0.42+0.54+0.032 ms clock, 0.84+0.58/0.48/0+0.065 ms cpu, 3->3->0 MB, 4 MB goal, 0 MB stacks, 0 MB globals, 2 P
gc 918 @50.202s 1%: 0.043+0.79+0.009 ms clock, 0.086+0.72/0.37/0+0.019 ms cpu, 3->3->0 MB, 4 MB goal, 0 MB stacks, 0 MB globals, 2 P
gc 919 @50.220s 1%: 0.065+0.84+0.017 ms clock, 0.13+0.62/0.52/0+0.034 ms cpu, 3->3->0 MB, 4 MB goal, 0 MB stacks, 0 MB globals, 2 P
gc 920 @50.239s 1%: 0.022+0.72+0.010 ms clock, 0.045+0.71/0.36/0+0.021 ms cpu, 3->3->0 MB, 4 MB goal, 0 MB stacks, 0 MB globals, 2 P
gc 921 @50.257s 1%: 0.27+0.50+0.002 ms clock, 0.54+0.51/0.42/0+0.005 ms cpu, 3->3->0 MB, 4 MB goal, 0 MB stacks, 0 MB globals, 2 P
gc 922 @50.274s 1%: 0.025+0.80+0.038 ms clock, 0.050+0.74/0.44/0+0.077 ms cpu, 3->3->0 MB, 4 MB goal, 0 MB stacks, 0 MB globals, 2 P
gc 923 @50.292s 1%: 0.033+0.85+0.019 ms clock, 0.067+0.77/0.40/0+0.038 ms cpu, 3->3->0 MB, 4 MB goal, 0 MB stacks, 0 MB globals, 2 P
gc 924 @50.310s 1%: 0.037+0.87+0.011 ms clock, 0.075+0.59/0.52/0+0.022 ms cpu, 3->3->0 MB, 4 MB goal, 0 MB stacks, 0 MB globals, 2 P
gc 925 @50.328s 1%: 0.013+1.0+0.025 ms clock, 0.027+0.64/0.57/0+0.050 ms cpu, 3->3->0 MB, 4 MB goal, 0 MB stacks, 0 MB globals, 2 P
gc 926 @50.346s 1%: 0.028+0.80+0.011 ms clock, 0.056+0.59/0.45/0+0.023 ms cpu, 3->3->0 MB, 4 MB goal, 0 MB stacks, 0 MB globals, 2 P
gc 927 @50.364s 1%: 0.013+0.72+0.013 ms clock, 0.026+0.71/0.43/0+0.026 ms cpu, 3->3->0 MB, 4 MB goal, 0 MB stacks, 0 MB globals, 2 P
gc 928 @50.382s 1%: 0.015+0.72+0.016 ms clock, 0.030+0.65/0.40/0+0.032 ms cpu, 3->3->0 MB, 4 MB goal, 0 MB stacks, 0 MB globals, 2 P
gc 929 @50.400s 1%: 0.057+1.0+0.006 ms clock, 0.11+0.67/0.37/0+0.012 ms cpu, 3->3->0 MB, 4 MB goal, 0 MB stacks, 0 MB globals, 2 P
gc 930 @50.418s 1%: 0.039+0.69+0.008 ms clock, 0.078+0.71/0.32/0+0.017 ms cpu, 3->3->0 MB, 4 MB goal, 0 MB stacks, 0 MB globals, 2 P
gc 931 @50.436s 1%: 0.016+0.76+0.003 ms clock, 0.032+0.73/0.35/0+0.006 ms cpu, 3->3->0 MB, 4 MB goal, 0 MB stacks, 0 MB globals, 2 P
gc 932 @50.454s 1%: 0.045+1.4+0.002 ms clock, 0.090+0.51/0.24/0+0.005 ms cpu, 3->3->0 MB, 4 MB goal, 0 MB stacks, 0 MB globals, 2 P
gc 933 @50.472s 1%: 0.020+0.79+0.020 ms clock, 0.040+0.67/0.39/0+0.041 ms cpu, 3->3->0 MB, 4 MB goal, 0 MB stacks, 0 MB globals, 2 P
gc 934 @50.489s 1%: 0.036+0.69+0.022 ms clock, 0.073+0.61/0.39/0+0.044 ms cpu, 3->3->0 MB, 4 MB goal, 0 MB stacks, 0 MB globals, 2 P
gc 935 @50.506s 1%: 0.30+0.61+0.025 ms clock, 0.61+0.50/0.47/0+0.051 ms cpu, 3->3->0 MB, 4 MB goal, 0 MB stacks, 0 MB globals, 2 P
gc 936 @50.523s 1%: 0.021+0.70+0.017 ms clock, 0.042+0.66/0.38/0+0.034 ms cpu, 3->3->0 MB, 4 MB goal, 0 MB stacks, 0 MB globals, 2 P
gc 937 @50.540s 1%: 0.058+0.80+0.003 ms clock, 0.11+0.72/0.43/0+0.007 ms cpu, 3->3->0 MB, 4 MB goal, 0 MB stacks, 0 MB globals, 2 P
gc 938 @50.557s 1%: 0.040+0.69+0.003 ms clock, 0.080+0.68/0.32/0+0.007 ms cpu, 3->3->0 MB, 4 MB goal, 0 MB stacks, 0 MB globals, 2 P
gc 939 @50.575s 1%: 0.029+0.93+0.018 ms clock, 0.058+0.72/0.49/0+0.037 ms cpu, 3->3->0 MB, 4 MB goal, 0 MB stacks, 0 MB globals, 2 P
gc 940 @50.593s 1%: 0.035+0.60+0.017 ms clock, 0.070+0.63/0.31/0+0.034 ms cpu, 3->3->0 MB, 4 MB goal, 0 MB stacks, 0 MB globals, 2 P
gc 941 @50.611s 1%: 0.015+1.0+0.033 ms clock, 0.030+0.60/0.36/0+0.067 ms cpu, 3->3->0 MB, 4 MB goal, 0 MB stacks, 0 MB globals, 2 P
gc 942 @50.630s 1%: 0.024+0.84+0.031 ms clock, 0.049+0.70/0.33/0+0.062 ms cpu, 3->3->0 MB, 4 MB goal, 0 MB stacks, 0 MB globals, 2 P
gc 943 @50.647s 1%: 0.015+0.70+0.003 ms clock, 0.030+0.66/0.44/0+0.006 ms cpu, 3->3->0 MB, 4 MB goal, 0 MB stacks, 0 MB globals, 2 P
gc 944 @50.665s 1%: 0.11+1.3+0.002 ms clock, 0.22+1.1/0.48/0+0.005 ms cpu, 3->3->0 MB, 4 MB goal, 0 MB stacks, 0 MB globals, 2 P
gc 945 @50.682s 1%: 0.20+0.53+0.003 ms clock, 0.40+0.42/0.51/0+0.006 ms cpu, 3->3->0 MB, 4 MB goal, 0 MB stacks, 0 MB globals, 2 P
gc 946 @50.698s 1%: 0.015+1.2+0.003 ms clock, 0.030+0.41/0.21/0+0.006 ms cpu, 3->3->0 MB, 4 MB goal, 0 MB stacks, 0 MB globals, 2 P
gc 947 @50.715s 1%: 0.025+0.80+0.027 ms clock, 0.051+0.69/0.48/0+0.054 ms cpu, 3->3->0 MB, 4 MB goal, 0 MB stacks, 0 MB globals, 2 P
gc 948 @50.731s 1%: 0.52+0.50+0.013 ms clock, 1.0+0.33/0.61/0+0.026 ms cpu, 3->3->0 MB, 4 MB goal, 0 MB stacks, 0 MB globals, 2 P
gc 949 @50.748s 1%: 0.28+0.54+0.015 ms clock, 0.56+0.54/0.47/0+0.030 ms cpu, 3->3->0 MB, 4 MB goal, 0 MB stacks, 0 MB globals, 2 P
gc 950 @50.767s 1%: 0.052+1.4+0.003 ms clock, 0.10+0.57/0.42/0+0.007 ms cpu, 3->3->0 MB, 4 MB goal, 0 MB stacks, 0 MB globals, 2 P
gc 951 @50.786s 1%: 0.028+0.76+0.030 ms clock, 0.057+0.72/0.38/0+0.061 ms cpu, 3->3->0 MB, 4 MB goal, 0 MB stacks, 0 MB globals, 2 P
gc 952 @50.804s 1%: 0.012+0.77+0.023 ms clock, 0.024+0.74/0.34/0+0.047 ms cpu, 3->3->0 MB, 4 MB goal, 0 MB stacks, 0 MB globals, 2 P
gc 953 @50.821s 1%: 0.045+0.80+0.004 ms clock, 0.091+0.61/0.46/0+0.009 ms cpu, 3->3->0 MB, 4 MB goal, 0 MB stacks, 0 MB globals, 2 P
gc 954 @50.838s 1%: 0.014+0.76+0.023 ms clock, 0.029+0.52/0.48/0+0.047 ms cpu, 3->3->0 MB, 4 MB goal, 0 MB stacks, 0 MB globals, 2 P
gc 955 @50.855s 1%: 0.22+0.57+0.020 ms clock, 0.44+0.55/0.39/0+0.040 ms cpu, 3->3->0 MB, 4 MB goal, 0 MB stacks, 0 MB globals, 2 P
gc 956 @50.872s 1%: 0.020+0.83+0.035 ms clock, 0.041+0.59/0.49/0+0.071 ms cpu, 3->3->0 MB, 4 MB goal, 0 MB stacks, 0 MB globals, 2 P
gc 957 @50.889s 1%: 0.016+0.68+0.004 ms clock, 0.033+0.59/0.42/0+0.009 ms cpu, 3->3->0 MB, 4 MB goal, 0 MB stacks, 0 MB globals, 2 P
gc 958 @50.907s 1%: 0.022+0.71+0.014 ms clock, 0.044+0.68/0.35/0+0.028 ms cpu, 3->3->0 MB, 4 MB goal, 0 MB stacks, 0 MB globals, 2 P
gc 959 @50.925s 1%: 0.67+0.78+0.069 ms clock, 1.3+0.51/0.42/0+0.13 ms cpu, 3->3->1 MB, 4 MB goal, 0 MB stacks, 0 MB globals, 2 P
gc 960 @50.943s 1%: 0.033+0.74+0.014 ms clock, 0.066+0.64/0.41/0+0.029 ms cpu, 3->3->0 MB, 4 MB goal, 0 MB stacks, 0 MB globals, 2 P
gc 961 @50.961s 1%: 0.025+0.67+0.003 ms clock, 0.051+0.65/0.35/0+0.006 ms cpu, 3->3->0 MB, 4 MB goal, 0 MB stacks, 0 MB globals, 2 P
gc 962 @50.979s 1%: 0.026+0.78+0.029 ms clock, 0.053+0.66/0.46/0+0.059 ms cpu, 3->3->0 MB, 4 MB goal, 0 MB stacks, 0 MB globals, 2 P
gc 963 @50.998s 1%: 0.039+0.66+0.002 ms clock, 0.078+0.65/0.34/0+0.005 ms cpu, 3->3->0 MB, 4 MB goal, 0 MB stacks, 0 MB globals, 2 P
gc 964 @51.016s 1%: 0.018+0.88+0.022 ms clock, 0.037+0.72/0.34/0+0.044 ms cpu, 3->3->0 MB, 4 MB goal, 0 MB stacks, 0 MB globals, 2 P
gc 965 @51.033s 1%: 0.020+0.73+0.003 ms clock, 0.040+0.76/0.34/0+0.006 ms cpu, 3->3->0 MB, 4 MB goal, 0 MB stacks, 0 MB globals, 2 P
gc 966 @51.050s 1%: 0.032+0.78+0.041 ms clock, 0.064+0.65/0.51/0+0.083 ms cpu, 3->3->0 MB, 4 MB goal, 0 MB stacks, 0 MB globals, 2 P
gc 967 @51.067s 1%: 0.015+0.72+0.010 ms clock, 0.031+0.74/0.40/0+0.020 ms cpu, 3->3->0 MB, 4 MB goal, 0 MB stacks, 0 MB globals, 2 P
gc 968 @51.084s 1%: 0.039+1.2+0.003 ms clock, 0.078+0.58/0.56/0+0.007 ms cpu, 3->3->0 MB, 4 MB goal, 0 MB stacks, 0 MB globals, 2 P
gc 969 @51.101s 1%: 0.017+0.93+0.024 ms clock, 0.035+0.72/0.48/0+0.049 ms cpu, 3->3->0 MB, 4 MB goal, 0 MB stacks, 0 MB globals, 2 P
gc 970 @51.118s 1%: 0.14+0.61+0.017 ms clock, 0.29+0.61/0.42/0+0.034 ms cpu, 3->3->0 MB, 4 MB goal, 0 MB stacks, 0 MB globals, 2 P
gc 971 @51.137s 1%: 0.037+0.66+0.010 ms clock, 0.075+0.69/0.34/0+0.021 ms cpu, 3->3->0 MB, 4 MB goal, 0 MB stacks, 0 MB globals, 2 P
gc 972 @51.156s 1%: 0.84+0.17+0.013 ms clock, 1.6+0.50/0.30/0+0.026 ms cpu, 3->3->0 MB, 4 MB goal, 0 MB stacks, 0 MB globals, 2 P
gc 973 @51.174s 1%: 0.033+0.65+0.003 ms clock, 0.066+0.60/0.40/0+0.006 ms cpu, 3->3->0 MB, 4 MB goal, 0 MB stacks, 0 MB globals, 2 P
gc 974 @51.193s 1%: 0.044+1.5+0.002 ms clock, 0.088+0.49/0.25/0+0.005 ms cpu, 3->3->0 MB, 4 MB goal, 0 MB stacks, 0 MB globals, 2 P
gc 975 @51.212s 1%: 0.28+0.77+0.081 ms clock, 0.57+0.40/0.56/0+0.16 ms cpu, 3->3->0 MB, 4 MB goal, 0 MB stacks, 0 MB globals, 2 P
gc 976 @51.231s 1%: 0.12+0.83+0.038 ms clock, 0.24+0.80/0.49/0+0.077 ms cpu, 3->3->0 MB, 4 MB goal, 0 MB stacks, 0 MB globals, 2 P
gc 977 @51.250s 1%: 0.041+0.83+0.030 ms clock, 0.082+0.68/0.43/0+0.060 ms cpu, 3->3->0 MB, 4 MB goal, 0 MB stacks, 0 MB globals, 2 P
gc 978 @51.268s 1%: 0.010+0.75+0.005 ms clock, 0.020+0.63/0.43/0+0.010 ms cpu, 3->3->0 MB, 4 MB goal, 0 MB stacks, 0 MB globals, 2 P
gc 979 @51.286s 1%: 0.035+0.66+0.002 ms clock, 0.071+0.66/0.35/0+0.005 ms cpu, 3->3->0 MB, 4 MB goal, 0 MB stacks, 0 MB globals, 2 P
gc 980 @51.305s 1%: 0.037+1.2+0.014 ms clock, 0.074+0.69/0.48/0+0.028 ms cpu, 3->3->0 MB, 4 MB goal, 0 MB stacks, 0 MB globals, 2 P
gc 981 @51.323s 1%: 0.029+0.93+0.002 ms clock, 0.059+0.60/0.38/0+0.005 ms cpu, 3->3->0 MB, 4 MB goal, 0 MB stacks, 0 MB globals, 2 P
gc 982 @51.341s 1%: 0.032+0.92+0.018 ms clock, 0.064+0.60/0.43/0+0.037 ms cpu, 3->3->0 MB, 4 MB goal, 0 MB stacks, 0 MB globals, 2 P
gc 983 @51.359s 1%: 0.013+0.99+0.010 ms clock, 0.026+0.49/0.48/0+0.021 ms cpu, 3->3->0 MB, 4 MB goal, 0 MB stacks, 0 MB globals, 2 P
gc 984 @51.378s 1%: 0.030+0.69+0.003 ms clock, 0.060+0.65/0.37/0+0.006 ms cpu, 3->3->0 MB, 4 MB goal, 0 MB stacks, 0 MB globals, 2 P
gc 985 @51.396s 1%: 0.026+0.68+0.018 ms clock, 0.053+0.61/0.39/0+0.037 ms cpu, 3->3->0 MB, 4 MB goal, 0 MB stacks, 0 MB globals, 2 P
gc 986 @51.414s 1%: 0.016+0.81+0.003 ms clock, 0.033+0.78/0.36/0.052+0.006 ms cpu, 3->3->0 MB, 4 MB goal, 0 MB stacks, 0 MB globals, 2 P
gc 987 @51.431s 1%: 0.024+0.73+0.027 ms clock, 0.048+0.76/0.42/0+0.054 ms cpu, 3->3->0 MB, 4 MB goal, 0 MB stacks, 0 MB globals, 2 P
gc 988 @51.449s 1%: 0.022+1.0+0.003 ms clock, 0.045+0.68/0.37/0+0.006 ms cpu, 3->3->0 MB, 4 MB goal, 0 MB stacks, 0 MB globals, 2 P
gc 989 @51.466s 1%: 0.015+0.93+0.019 ms clock, 0.031+0.47/0.51/0+0.038 ms cpu, 3->3->0 MB, 4 MB goal, 0 MB stacks, 0 MB globals, 2 P
gc 990 @51.484s 1%: 0.036+1.1+0.018 ms clock, 0.073+0.39/0.40/0+0.036 ms cpu, 3->3->0 MB, 4 MB goal, 0 MB stacks, 0 MB globals, 2 P
gc 991 @51.501s 1%: 1.0+0.65+0.010 ms clock, 2.1+0.43/0.89/0+0.021 ms cpu, 3->3->0 MB, 4 MB goal, 0 MB stacks, 0 MB globals, 2 P
gc 992 @51.520s 1%: 0.019+0.67+0.010 ms clock, 0.038+0.73/0.33/0+0.021 ms cpu, 3->3->0 MB, 4 MB goal, 0 MB stacks, 0 MB globals, 2 P
gc 993 @51.538s 1%: 0.031+1.0+0.015 ms clock, 0.063+0.58/0.50/0+0.030 ms cpu, 3->3->0 MB, 4 MB goal, 0 MB stacks, 0 MB globals, 2 P
gc 994 @51.557s 1%: 0.026+0.71+0.014 ms clock, 0.053+0.75/0.40/0+0.029 ms cpu, 3->3->0 MB, 4 MB goal, 0 MB stacks, 0 MB globals, 2 P
gc 995 @51.576s 1%: 0.023+0.92+0.037 ms clock, 0.046+0.71/0.42/0+0.074 ms cpu, 3->3->0 MB, 4 MB goal, 0 MB stacks, 0 MB globals, 2 P
gc 996 @51.594s 1%: 0.017+0.74+0.013 ms clock, 0.034+0.82/0.39/0+0.027 ms cpu, 3->3->0 MB, 4 MB goal, 0 MB stacks, 0 MB globals, 2 P
gc 997 @51.612s 1%: 0.040+0.72+0.018 ms clock, 0.080+0.69/0.34/0+0.036 ms cpu, 3->3->0 MB, 4 MB goal, 0 MB stacks, 0 MB globals, 2 P
gc 998 @51.630s 1%: 0.083+1.0+0.003 ms clock, 0.16+0.71/0.32/0+0.006 ms cpu, 3->3->0 MB, 4 MB goal, 0 MB stacks, 0 MB globals, 2 P
gc 999 @51.648s 1%: 0.015+0.87+0.026 ms clock, 0.030+0.68/0.43/0+0.052 ms cpu, 3->3->0 MB, 4 MB goal, 0 MB stacks, 0 MB globals, 2 P
gc 1000 @51.665s 1%: 0.015+1.0+0.020 ms clock, 0.030+0.70/0.51/0+0.041 ms cpu, 3->3->0 MB, 4 MB goal, 0 MB stacks, 0 MB globals, 2 P
gc 1001 @51.683s 1%: 0.025+0.74+0.003 ms clock, 0.051+0.76/0.34/0+0.006 ms cpu, 3->3->0 MB, 4 MB goal, 0 MB stacks, 0 MB globals, 2 P
gc 1002 @51.701s 1%: 0.014+0.99+0.004 ms clock, 0.028+0.36/0.52/0+0.008 ms cpu, 3->3->0 MB, 4 MB goal, 0 MB stacks, 0 MB globals, 2 P
gc 1003 @51.718s 1%: 0.036+0.92+0.016 ms clock, 0.073+0.58/0.47/0+0.033 ms cpu, 3->3->0 MB, 4 MB goal, 0 MB stacks, 0 MB globals, 2 P
gc 1004 @51.736s 1%: 0.027+0.72+0.002 ms clock, 0.054+0.62/0.36/0+0.005 ms cpu, 3->3->0 MB, 4 MB goal, 0 MB stacks, 0 MB globals, 2 P
gc 1005 @51.753s 1%: 0.014+0.74+0.021 ms clock, 0.029+0.55/0.48/0+0.043 ms cpu, 3->3->0 MB, 4 MB goal, 0 MB stacks, 0 MB globals, 2 P
gc 1006 @51.771s 1%: 0.013+0.98+0.018 ms clock, 0.026+0.76/0.41/0+0.037 ms cpu, 3->3->0 MB, 4 MB goal, 0 MB stacks, 0 MB globals, 2 P
gc 1007 @51.790s 1%: 0.047+0.95+0.002 ms clock, 0.095+0.67/0.35/0+0.005 ms cpu, 3->3->0 MB, 4 MB goal, 0 MB stacks, 0 MB globals, 2 P
gc 1008 @51.807s 1%: 0.026+0.91+0.003 ms clock, 0.053+0.71/0.45/0+0.007 ms cpu, 3->3->0 MB, 4 MB goal, 0 MB stacks, 0 MB globals, 2 P
gc 1009 @51.825s 1%: 0.040+1.1+0.002 ms clock, 0.080+0.50/0.43/0+0.005 ms cpu, 3->3->0 MB, 4 MB goal, 0 MB stacks, 0 MB globals, 2 P
gc 1010 @51.842s 1%: 0.029+0.84+0.008 ms clock, 0.058+0.64/0.63/0+0.016 ms cpu, 3->3->0 MB, 4 MB goal, 0 MB stacks, 0 MB globals, 2 P
gc 1011 @51.860s 1%: 0.039+0.79+0.003 ms clock, 0.078+0.67/0.37/0+0.006 ms cpu, 3->3->0 MB, 4 MB goal, 0 MB stacks, 0 MB globals, 2 P
gc 1012 @51.877s 1%: 0.037+0.68+0.006 ms clock, 0.075+0.58/0.43/0+0.012 ms cpu, 3->3->0 MB, 4 MB goal, 0 MB stacks, 0 MB globals, 2 P
gc 1013 @51.896s 1%: 0.031+0.86+0.020 ms clock, 0.062+0.77/0.44/0+0.041 ms cpu, 3->3->0 MB, 4 MB goal, 0 MB stacks, 0 MB globals, 2 P
gc 1014 @51.914s 1%: 0.014+1.1+0.083 ms clock, 0.029+0.62/0.40/0+0.16 ms cpu, 3->3->0 MB, 4 MB goal, 0 MB stacks, 0 MB globals, 2 P
gc 1015 @51.933s 1%: 0.048+0.70+0.016 ms clock, 0.097+0.74/0.36/0+0.033 ms cpu, 3->3->0 MB, 4 MB goal, 0 MB stacks, 0 MB globals, 2 P
gc 1016 @51.951s 1%: 0.011+1.0+0.025 ms clock, 0.022+0.62/0.34/0+0.050 ms cpu, 3->3->0 MB, 4 MB goal, 0 MB stacks, 0 MB globals, 2 P
gc 1017 @51.969s 1%: 0.025+0.68+0.026 ms clock, 0.051+0.72/0.30/0+0.053 ms cpu, 3->3->0 MB, 4 MB goal, 0 MB stacks, 0 MB globals, 2 P
gc 1018 @51.987s 1%: 0.014+1.0+0.023 ms clock, 0.028+0.56/0.44/0+0.047 ms cpu, 3->3->0 MB, 4 MB goal, 0 MB stacks, 0 MB globals, 2 P
gc 1019 @52.005s 1%: 0.014+0.88+0.017 ms clock, 0.028+0.54/0.44/0+0.034 ms cpu, 3->3->0 MB, 4 MB goal, 0 MB stacks, 0 MB globals, 2 P
gc 1020 @52.023s 1%: 0.035+0.67+0.018 ms clock, 0.071+0.60/0.43/0+0.037 ms cpu, 3->3->0 MB, 4 MB goal, 0 MB stacks, 0 MB globals, 2 P
gc 1021 @52.041s 1%: 0.013+0.76+0.021 ms clock, 0.027+0.66/0.41/0+0.042 ms cpu, 3->3->0 MB, 4 MB goal, 0 MB stacks, 0 MB globals, 2 P
gc 1022 @52.058s 1%: 0.013+0.95+0.004 ms clock, 0.027+0.71/0.31/0+0.009 ms cpu, 3->3->0 MB, 4 MB goal, 0 MB stacks, 0 MB globals, 2 P
gc 1023 @52.077s 1%: 0.13+0.60+0.023 ms clock, 0.27+0.59/0.39/0+0.047 ms cpu, 3->3->0 MB, 4 MB goal, 0 MB stacks, 0 MB globals, 2 P
gc 1024 @52.095s 1%: 0.031+0.80+0.036 ms clock, 0.063+0.62/0.45/0+0.072 ms cpu, 3->3->0 MB, 4 MB goal, 0 MB stacks, 0 MB globals, 2 P
gc 1025 @52.112s 1%: 0.014+0.69+0.024 ms clock, 0.029+0.65/0.36/0+0.049 ms cpu, 3->3->0 MB, 4 MB goal, 0 MB stacks, 0 MB globals, 2 P
gc 1026 @52.130s 1%: 0.027+0.76+0.039 ms clock, 0.054+0.68/0.37/0+0.079 ms cpu, 3->3->0 MB, 4 MB goal, 0 MB stacks, 0 MB globals, 2 P
gc 1027 @52.147s 1%: 0.044+1.4+0.079 ms clock, 0.088+0.46/0.27/0+0.15 ms cpu, 3->3->0 MB, 4 MB goal, 0 MB stacks, 0 MB globals, 2 P
gc 1028 @52.165s 1%: 0.072+0.63+0.023 ms clock, 0.14+0.71/0.29/0+0.047 ms cpu, 3->3->0 MB, 4 MB goal, 0 MB stacks, 0 MB globals, 2 P
gc 1029 @52.183s 1%: 0.037+0.77+0.015 ms clock, 0.074+0.55/0.48/0+0.030 ms cpu, 3->3->0 MB, 4 MB goal, 0 MB stacks, 0 MB globals, 2 P
gc 1030 @52.201s 1%: 0.023+0.73+0.004 ms clock, 0.046+0.63/0.46/0+0.008 ms cpu, 3->3->0 MB, 4 MB goal, 0 MB stacks, 0 MB globals, 2 P
gc 1031 @52.219s 1%: 0.040+0.64+0.037 ms clock, 0.081+0.62/0.37/0+0.074 ms cpu, 3->3->0 MB, 4 MB goal, 0 MB stacks, 0 MB globals, 2 P
gc 1032 @52.238s 1%: 0.037+1.2+0.002 ms clock, 0.074+0.61/0.41/0+0.005 ms cpu, 3->3->0 MB, 4 MB goal, 0 MB stacks, 0 MB globals, 2 P
gc 1033 @52.256s 1%: 0.029+0.78+0.022 ms clock, 0.058+0.68/0.37/0+0.044 ms cpu, 3->3->0 MB, 4 MB goal, 0 MB stacks, 0 MB globals, 2 P
gc 1034 @52.275s 1%: 0.031+0.78+0.003 ms clock, 0.062+0.64/0.44/0+0.006 ms cpu, 3->3->0 MB, 4 MB goal, 0 MB stacks, 0 MB globals, 2 P
gc 1035 @52.293s 1%: 0.010+0.64+0.013 ms clock, 0.020+0.60/0.41/0+0.026 ms cpu, 3->3->0 MB, 4 MB goal, 0 MB stacks, 0 MB globals, 2 P
gc 1036 @52.311s 1%: 0.046+0.74+0.009 ms clock, 0.093+0.70/0.33/0+0.019 ms cpu, 3->3->0 MB, 4 MB goal, 0 MB stacks, 0 MB globals, 2 P
gc 1037 @52.329s 1%: 0.014+0.61+0.004 ms clock, 0.028+0.029/0.23/0.63+0.008 ms cpu, 3->3->0 MB, 4 MB goal, 0 MB stacks, 0 MB globals, 2 P
gc 1038 @52.347s 1%: 0.059+0.73+0.019 ms clock, 0.11+0.69/0.37/0+0.039 ms cpu, 3->3->0 MB, 4 MB goal, 0 MB stacks, 0 MB globals, 2 P
gc 1039 @52.365s 1%: 0.020+0.78+0.018 ms clock, 0.040+0.55/0.48/0+0.036 ms cpu, 3->3->0 MB, 4 MB goal, 0 MB stacks, 0 MB globals, 2 P
gc 1040 @52.383s 1%: 0.053+0.86+0.003 ms clock, 0.10+0.71/0.42/0+0.007 ms cpu, 3->3->0 MB, 4 MB goal, 0 MB stacks, 0 MB globals, 2 P
gc 1041 @52.401s 1%: 0.031+0.87+0.004 ms clock, 0.062+0.59/0.38/0+0.008 ms cpu, 3->3->0 MB, 4 MB goal, 0 MB stacks, 0 MB globals, 2 P
gc 1042 @52.420s 1%: 0.016+0.79+0.028 ms clock, 0.032+0.67/0.42/0+0.056 ms cpu, 3->3->0 MB, 4 MB goal, 0 MB stacks, 0 MB globals, 2 P
gc 1043 @52.438s 1%: 0.027+0.71+0.003 ms clock, 0.054+0.71/0.37/0+0.006 ms cpu, 3->3->0 MB, 4 MB goal, 0 MB stacks, 0 MB globals, 2 P
gc 1044 @52.457s 1%: 0.034+0.70+0.012 ms clock, 0.068+0.61/0.43/0+0.024 ms cpu, 3->3->0 MB, 4 MB goal, 0 MB stacks, 0 MB globals, 2 P
gc 1045 @52.475s 1%: 0.025+0.98+0.004 ms clock, 0.051+0.55/0.47/0+0.009 ms cpu, 3->3->0 MB, 4 MB goal, 0 MB stacks, 0 MB globals, 2 P
gc 1046 @52.494s 1%: 0.041+0.82+0.017 ms clock, 0.083+0.57/0.55/0+0.034 ms cpu, 3->3->0 MB, 4 MB goal, 0 MB stacks, 0 MB globals, 2 P
gc 1047 @52.512s 1%: 0.026+0.78+0.018 ms clock, 0.052+0.79/0.36/0+0.036 ms cpu, 3->3->0 MB, 4 MB goal, 0 MB stacks, 0 MB globals, 2 P
gc 1048 @52.529s 1%: 0.013+0.73+0.004 ms clock, 0.027+0.63/0.37/0+0.008 ms cpu, 3->3->0 MB, 4 MB goal, 0 MB stacks, 0 MB globals, 2 P
gc 1049 @52.547s 1%: 0.014+0.76+0.027 ms clock, 0.029+0.67/0.33/0+0.055 ms cpu, 3->3->0 MB, 4 MB goal, 0 MB stacks, 0 MB globals, 2 P
gc 1050 @52.564s 1%: 0.014+0.82+0.032 ms clock, 0.029+0.60/0.55/0+0.064 ms cpu, 3->3->0 MB, 4 MB goal, 0 MB stacks, 0 MB globals, 2 P
gc 1051 @52.581s 1%: 0.020+1.0+0.019 ms clock, 0.040+0.68/0.48/0+0.038 ms cpu, 3->3->0 MB, 4 MB goal, 0 MB stacks, 0 MB globals, 2 P
gc 1052 @52.599s 1%: 0.023+0.65+0.016 ms clock, 0.046+0.63/0.40/0+0.033 ms cpu, 3->3->0 MB, 4 MB goal, 0 MB stacks, 0 MB globals, 2 P
gc 1053 @52.617s 1%: 0.024+0.75+0.012 ms clock, 0.048+0.63/0.41/0+0.025 ms cpu, 3->3->0 MB, 4 MB goal, 0 MB stacks, 0 MB globals, 2 P
gc 1054 @52.635s 1%: 0.023+0.76+0.016 ms clock, 0.046+0.68/0.36/0+0.033 ms cpu, 3->3->0 MB, 4 MB goal, 0 MB stacks, 0 MB globals, 2 P
gc 1055 @52.654s 1%: 0.032+0.78+0.004 ms clock, 0.065+0.68/0.35/0+0.009 ms cpu, 3->3->0 MB, 4 MB goal, 0 MB stacks, 0 MB globals, 2 P
gc 1056 @52.672s 1%: 0.019+0.66+0.002 ms clock, 0.039+0.70/0.34/0+0.005 ms cpu, 3->3->0 MB, 4 MB goal, 0 MB stacks, 0 MB globals, 2 P
gc 1057 @52.690s 1%: 0.092+0.70+0.009 ms clock, 0.18+0.55/0.46/0+0.019 ms cpu, 3->3->0 MB, 4 MB goal, 0 MB stacks, 0 MB globals, 2 P
gc 1058 @52.708s 1%: 0.027+0.90+0.003 ms clock, 0.054+0.42/0.59/0+0.007 ms cpu, 3->3->0 MB, 4 MB goal, 0 MB stacks, 0 MB globals, 2 P
gc 1059 @52.726s 1%: 0.046+0.73+0.035 ms clock, 0.093+0.64/0.36/0+0.070 ms cpu, 3->3->0 MB, 4 MB goal, 0 MB stacks, 0 MB globals, 2 P
gc 1060 @52.743s 1%: 0.014+0.80+0.010 ms clock, 0.028+0.80/0.34/0+0.021 ms cpu, 3->3->0 MB, 4 MB goal, 0 MB stacks, 0 MB globals, 2 P
gc 1061 @52.761s 1%: 0.015+1.1+0.004 ms clock, 0.030+0.52/0.46/0+0.008 ms cpu, 3->3->0 MB, 4 MB goal, 0 MB stacks, 0 MB globals, 2 P
gc 1062 @52.778s 1%: 0.026+0.69+0.020 ms clock, 0.052+0.69/0.32/0+0.041 ms cpu, 3->3->0 MB, 4 MB goal, 0 MB stacks, 0 MB globals, 2 P
gc 1063 @52.795s 1%: 0.032+1.0+0.036 ms clock, 0.064+0.45/0.50/0+0.072 ms cpu, 3->3->0 MB, 4 MB goal, 0 MB stacks, 0 MB globals, 2 P
gc 1064 @52.813s 1%: 0.032+0.94+0.018 ms clock, 0.065+0.53/0.46/0+0.037 ms cpu, 3->3->0 MB, 4 MB goal, 0 MB stacks, 0 MB globals, 2 P
gc 1065 @52.830s 1%: 0.041+0.70+0.021 ms clock, 0.082+0.70/0.36/0+0.043 ms cpu, 3->3->0 MB, 4 MB goal, 0 MB stacks, 0 MB globals, 2 P
gc 1066 @52.848s 1%: 0.020+0.70+0.030 ms clock, 0.040+0.63/0.41/0+0.061 ms cpu, 3->3->0 MB, 4 MB goal, 0 MB stacks, 0 MB globals, 2 P
gc 1067 @52.867s 1%: 0.12+0.63+0.003 ms clock, 0.24+0.66/0.36/0+0.006 ms cpu, 3->3->0 MB, 4 MB goal, 0 MB stacks, 0 MB globals, 2 P
gc 1068 @52.886s 1%: 0.014+0.87+0.025 ms clock, 0.029+0.74/0.42/0+0.050 ms cpu, 3->3->0 MB, 4 MB goal, 0 MB stacks, 0 MB globals, 2 P
gc 1069 @52.902s 1%: 0.44+0.70+0.002 ms clock, 0.88+0.57/0.37/0+0.005 ms cpu, 3->3->0 MB, 4 MB goal, 0 MB stacks, 0 MB globals, 2 P
gc 1070 @52.919s 1%: 0.021+0.85+0.004 ms clock, 0.043+0.66/0.44/0+0.009 ms cpu, 3->3->0 MB, 4 MB goal, 0 MB stacks, 0 MB globals, 2 P
gc 1071 @52.936s 1%: 0.35+0.49+0.003 ms clock, 0.70+0.44/0.53/0+0.006 ms cpu, 3->3->0 MB, 4 MB goal, 0 MB stacks, 0 MB globals, 2 P
gc 1072 @52.953s 1%: 0.033+0.67+0.003 ms clock, 0.066+0.60/0.42/0+0.006 ms cpu, 3->3->0 MB, 4 MB goal, 0 MB stacks, 0 MB globals, 2 P
gc 1073 @52.970s 1%: 0.028+0.75+0.030 ms clock, 0.056+0.60/0.49/0+0.060 ms cpu, 3->3->0 MB, 4 MB goal, 0 MB stacks, 0 MB globals, 2 P
gc 1074 @52.989s 1%: 0.023+0.94+0.018 ms clock, 0.047+0.72/0.41/0+0.036 ms cpu, 3->3->0 MB, 4 MB goal, 0 MB stacks, 0 MB globals, 2 P
gc 1075 @53.007s 1%: 0.026+1.4+0.002 ms clock, 0.052+0.50/0.24/0+0.005 ms cpu, 3->3->0 MB, 4 MB goal, 0 MB stacks, 0 MB globals, 2 P
gc 1076 @53.025s 1%: 0.012+0.99+0.015 ms clock, 0.024+0.63/0.48/0+0.031 ms cpu, 3->3->0 MB, 4 MB goal, 0 MB stacks, 0 MB globals, 2 P
gc 1077 @53.043s 1%: 0.032+0.70+0.025 ms clock, 0.064+0.78/0.30/0+0.051 ms cpu, 3->3->0 MB, 4 MB goal, 0 MB stacks, 0 MB globals, 2 P
gc 1078 @53.061s 1%: 0.058+0.70+0.023 ms clock, 0.11+0.61/0.42/0+0.046 ms cpu, 3->3->0 MB, 4 MB goal, 0 MB stacks, 0 MB globals, 2 P
gc 1079 @53.079s 1%: 0.077+0.74+0.022 ms clock, 0.15+0.61/0.45/0+0.045 ms cpu, 3->3->0 MB, 4 MB goal, 0 MB stacks, 0 MB globals, 2 P
gc 1080 @53.097s 1%: 0.014+0.99+0.019 ms clock, 0.029+0.46/0.53/0+0.038 ms cpu, 3->3->0 MB, 4 MB goal, 0 MB stacks, 0 MB globals, 2 P
gc 1081 @53.115s 1%: 0.024+0.66+0.033 ms clock, 0.048+0.67/0.32/0+0.067 ms cpu, 3->3->0 MB, 4 MB goal, 0 MB stacks, 0 MB globals, 2 P
gc 1082 @53.133s 1%: 0.035+0.94+0.003 ms clock, 0.070+0.61/0.55/0+0.006 ms cpu, 3->3->0 MB, 4 MB goal, 0 MB stacks, 0 MB globals, 2 P
gc 1083 @53.151s 1%: 0.013+0.76+0.023 ms clock, 0.027+0.75/0.38/0+0.046 ms cpu, 3->3->0 MB, 4 MB goal, 0 MB stacks, 0 MB globals, 2 P
gc 1084 @53.169s 1%: 0.012+0.92+0.016 ms clock, 0.024+0.60/0.37/0+0.033 ms cpu, 3->3->0 MB, 4 MB goal, 0 MB stacks, 0 MB globals, 2 P
gc 1085 @53.188s 1%: 0.024+0.91+0.006 ms clock, 0.048+0.58/0.47/0+0.012 ms cpu, 3->3->0 MB, 4 MB goal, 0 MB stacks, 0 MB globals, 2 P
gc 1086 @53.206s 1%: 0.028+0.65+0.004 ms clock, 0.056+0.67/0.33/0+0.009 ms cpu, 3->3->0 MB, 4 MB goal, 0 MB stacks, 0 MB globals, 2 P
gc 1087 @53.224s 1%: 0.025+0.94+0.040 ms clock, 0.051+0.64/0.44/0+0.081 ms cpu, 3->3->0 MB, 4 MB goal, 0 MB stacks, 0 MB globals, 2 P
gc 1088 @53.243s 1%: 0.014+0.78+0.003 ms clock, 0.028+0.71/0.43/0+0.007 ms cpu, 3->3->0 MB, 4 MB goal, 0 MB stacks, 0 MB globals, 2 P
gc 1089 @53.261s 1%: 0.040+0.81+0.003 ms clock, 0.080+0.70/0.40/0+0.007 ms cpu, 3->3->0 MB, 4 MB goal, 0 MB stacks, 0 MB globals, 2 P
gc 1090 @53.279s 1%: 0.034+0.72+0.025 ms clock, 0.068+0.59/0.43/0+0.051 ms cpu, 3->3->0 MB, 4 MB goal, 0 MB stacks, 0 MB globals, 2 P
gc 1091 @53.297s 1%: 0.019+1.2+0.032 ms clock, 0.039+0.58/0.51/0+0.065 ms cpu, 3->3->0 MB, 4 MB goal, 0 MB stacks, 0 MB globals, 2 P
gc 1092 @53.316s 1%: 0.014+0.76+0.050 ms clock, 0.028+0.69/0.38/0+0.10 ms cpu, 3->3->0 MB, 4 MB goal, 0 MB stacks, 0 MB globals, 2 P
gc 1093 @53.334s 1%: 0.80+0.090+0.021 ms clock, 1.6+0.47/0.27/0+0.043 ms cpu, 3->3->0 MB, 4 MB goal, 0 MB stacks, 0 MB globals, 2 P
gc 1094 @53.352s 1%: 0.027+0.83+0.038 ms clock, 0.055+0.72/0.43/0+0.076 ms cpu, 3->3->0 MB, 4 MB goal, 0 MB stacks, 0 MB globals, 2 P
gc 1095 @53.370s 1%: 0.062+0.83+0.026 ms clock, 0.12+0.60/0.53/0+0.052 ms cpu, 3->3->0 MB, 4 MB goal, 0 MB stacks, 0 MB globals, 2 P
gc 1096 @53.387s 1%: 0.013+0.78+0.036 ms clock, 0.027+0.70/0.44/0+0.073 ms cpu, 3->3->0 MB, 4 MB goal, 0 MB stacks, 0 MB globals, 2 P
gc 1097 @53.405s 1%: 0.038+0.64+0.023 ms clock, 0.077+0.60/0.39/0+0.046 ms cpu, 3->3->0 MB, 4 MB goal, 0 MB stacks, 0 MB globals, 2 P
gc 1098 @53.423s 1%: 0.043+1.4+0.002 ms clock, 0.087+0.45/0.27/0+0.005 ms cpu, 3->3->0 MB, 4 MB goal, 0 MB stacks, 0 MB globals, 2 P
gc 1099 @53.440s 1%: 0.13+0.61+0.013 ms clock, 0.27+0.60/0.38/0+0.026 ms cpu, 3->3->0 MB, 4 MB goal, 0 MB stacks, 0 MB globals, 2 P
gc 1100 @53.459s 1%: 0.027+1.1+0.030 ms clock, 0.054+0.41/0.22/0+0.060 ms cpu, 3->3->0 MB, 4 MB goal, 0 MB stacks, 0 MB globals, 2 P
gc 1101 @53.478s 1%: 0.040+0.79+0.006 ms clock, 0.080+0.60/0.47/0+0.013 ms cpu, 3->3->0 MB, 4 MB goal, 0 MB stacks, 0 MB globals, 2 P
gc 1102 @53.497s 1%: 0.054+0.73+0.024 ms clock, 0.10+0.65/0.39/0+0.048 ms cpu, 3->3->0 MB, 4 MB goal, 0 MB stacks, 0 MB globals, 2 P
gc 1103 @53.515s 1%: 0.028+0.67+0.024 ms clock, 0.057+0.66/0.35/0+0.048 ms cpu, 3->3->0 MB, 4 MB goal, 0 MB stacks, 0 MB globals, 2 P
gc 1104 @53.533s 1%: 0.030+0.84+0.019 ms clock, 0.061+0.39/0.41/0+0.038 ms cpu, 3->3->0 MB, 4 MB goal, 0 MB stacks, 0 MB globals, 2 P
gc 1105 @53.551s 1%: 0.017+0.70+0.003 ms clock, 0.035+0.64/0.38/0+0.006 ms cpu, 3->3->0 MB, 4 MB goal, 0 MB stacks, 0 MB globals, 2 P
gc 1106 @53.569s 1%: 0.012+1.1+0.004 ms clock, 0.025+0.72/0.37/0+0.009 ms cpu, 3->3->0 MB, 4 MB goal, 0 MB stacks, 0 MB globals, 2 P
gc 1107 @53.586s 1%: 0.019+0.80+0.019 ms clock, 0.038+0.56/0.54/0+0.039 ms cpu, 3->3->0 MB, 4 MB goal, 0 MB stacks, 0 MB globals, 2 P
gc 1108 @53.604s 1%: 0.030+0.71+0.003 ms clock, 0.060+0.71/0.37/0+0.007 ms cpu, 3->3->0 MB, 4 MB goal, 0 MB stacks, 0 MB globals, 2 P
gc 1109 @53.621s 1%: 0.014+0.85+0.022 ms clock, 0.028+0.79/0.47/0+0.044 ms cpu, 3->3->0 MB, 4 MB goal, 0 MB stacks, 0 MB globals, 2 P
gc 1110 @53.639s 1%: 0.29+0.55+0.014 ms clock, 0.58+0.58/0.36/0+0.029 ms cpu, 3->3->0 MB, 4 MB goal, 0 MB stacks, 0 MB globals, 2 P
gc 1111 @53.656s 1%: 0.027+0.75+0.003 ms clock, 0.054+0.73/0.36/0+0.006 ms cpu, 3->3->0 MB, 4 MB goal, 0 MB stacks, 0 MB globals, 2 P
gc 1112 @53.674s 1%: 0.013+0.79+0.019 ms clock, 0.027+0.67/0.47/0+0.038 ms cpu, 3->3->0 MB, 4 MB goal, 0 MB stacks, 0 MB globals, 2 P
gc 1113 @53.691s 1%: 0.050+0.79+0.020 ms clock, 0.10+0.55/0.51/0+0.041 ms cpu, 3->3->0 MB, 4 MB goal, 0 MB stacks, 0 MB globals, 2 P
gc 1114 @53.709s 1%: 0.022+0.92+0.010 ms clock, 0.045+0.63/0.41/0+0.020 ms cpu, 3->3->0 MB, 4 MB goal, 0 MB stacks, 0 MB globals, 2 P
gc 1115 @53.728s 1%: 0.023+0.69+0.018 ms clock, 0.047+0.72/0.32/0+0.037 ms cpu, 3->3->0 MB, 4 MB goal, 0 MB stacks, 0 MB globals, 2 P
gc 1116 @53.746s 1%: 0.041+0.71+0.017 ms clock, 0.083+0.66/0.37/0+0.035 ms cpu, 3->3->0 MB, 4 MB goal, 0 MB stacks, 0 MB globals, 2 P
gc 1117 @53.764s 1%: 0.060+0.68+0.022 ms clock, 0.12+0.70/0.32/0+0.045 ms cpu, 3->3->0 MB, 4 MB goal, 0 MB stacks, 0 MB globals, 2 P
gc 1118 @53.782s 1%: 0.013+0.95+0.008 ms clock, 0.026+0.70/0.50/0+0.016 ms cpu, 3->3->0 MB, 4 MB goal, 0 MB stacks, 0 MB globals, 2 P
gc 1119 @53.800s 1%: 0.037+0.75+0.003 ms clock, 0.075+0.57/0.46/0+0.007 ms cpu, 3->3->0 MB, 4 MB goal, 0 MB stacks, 0 MB globals, 2 P
gc 1120 @53.818s 1%: 0.12+0.60+0.032 ms clock, 0.24+0.63/0.36/0+0.064 ms cpu, 3->3->0 MB, 4 MB goal, 0 MB stacks, 0 MB globals, 2 P
gc 1121 @53.837s 1%: 0.027+0.71+0.014 ms clock, 0.055+0.65/0.37/0+0.029 ms cpu, 3->3->0 MB, 4 MB goal, 0 MB stacks, 0 MB globals, 2 P
gc 1122 @53.855s 1%: 0.014+0.75+0.019 ms clock, 0.029+0.72/0.41/0+0.038 ms cpu, 3->3->0 MB, 4 MB goal, 0 MB stacks, 0 MB globals, 2 P
gc 1123 @53.873s 1%: 0.017+0.79+0.004 ms clock, 0.035+0.69/0.46/0+0.009 ms cpu, 3->3->0 MB, 4 MB goal, 0 MB stacks, 0 MB globals, 2 P
gc 1124 @53.891s 1%: 0.091+0.73+0.003 ms clock, 0.18+0.58/0.42/0+0.007 ms cpu, 3->3->0 MB, 4 MB goal, 0 MB stacks, 0 MB globals, 2 P
gc 1125 @53.909s 1%: 0.038+0.72+0.031 ms clock, 0.076+0.59/0.38/0+0.062 ms cpu, 3->3->0 MB, 4 MB goal, 0 MB stacks, 0 MB globals, 2 P
gc 1126 @53.927s 1%: 0.032+1.1+0.009 ms clock, 0.064+0.66/0.47/0+0.018 ms cpu, 3->3->0 MB, 4 MB goal, 0 MB stacks, 0 MB globals, 2 P
gc 1127 @53.945s 1%: 0.016+0.68+0.027 ms clock, 0.032+0.69/0.33/0+0.054 ms cpu, 3->3->0 MB, 4 MB goal, 0 MB stacks, 0 MB globals, 2 P
gc 1128 @53.964s 1%: 0.063+1.3+0.004 ms clock, 0.12+0.76/0.40/0+0.009 ms cpu, 3->3->1 MB, 4 MB goal, 0 MB stacks, 0 MB globals, 2 P
gc 1129 @53.981s 1%: 0.016+0.78+0.014 ms clock, 0.032+0.69/0.48/0+0.029 ms cpu, 3->3->0 MB, 4 MB goal, 0 MB stacks, 0 MB globals, 2 P
gc 1130 @53.999s 1%: 0.013+1.0+0.003 ms clock, 0.026+0.68/0.35/0+0.006 ms cpu, 3->3->0 MB, 4 MB goal, 0 MB stacks, 0 MB globals, 2 P
gc 1131 @54.016s 1%: 0.017+0.64+0.003 ms clock, 0.034+0.60/0.42/0+0.007 ms cpu, 3->3->0 MB, 4 MB goal, 0 MB stacks, 0 MB globals, 2 P
gc 1132 @54.034s 1%: 0.031+0.71+0.030 ms clock, 0.063+0.66/0.39/0+0.060 ms cpu, 3->3->0 MB, 4 MB goal, 0 MB stacks, 0 MB globals, 2 P
gc 1133 @54.051s 1%: 0.031+0.98+0.014 ms clock, 0.062+0.63/0.37/0+0.029 ms cpu, 3->3->0 MB, 4 MB goal, 0 MB stacks, 0 MB globals, 2 P
gc 1134 @54.070s 1%: 0.044+0.70+0.004 ms clock, 0.088+0.71/0.34/0+0.009 ms cpu, 3->3->0 MB, 4 MB goal, 0 MB stacks, 0 MB globals, 2 P
gc 1135 @54.087s 1%: 0.59+0.66+0.020 ms clock, 1.1+0.56/0.64/0+0.040 ms cpu, 3->3->0 MB, 4 MB goal, 0 MB stacks, 0 MB globals, 2 P
gc 1136 @54.106s 1%: 0.026+0.73+0.009 ms clock, 0.053+0.80/0.35/0+0.019 ms cpu, 3->3->0 MB, 4 MB goal, 0 MB stacks, 0 MB globals, 2 P
gc 1137 @54.124s 1%: 0.056+0.68+0.013 ms clock, 0.11+0.63/0.38/0+0.026 ms cpu, 3->3->0 MB, 4 MB goal, 0 MB stacks, 0 MB globals, 2 P
gc 1138 @54.142s 1%: 0.014+0.79+0.013 ms clock, 0.029+0.71/0.44/0+0.026 ms cpu, 3->3->0 MB, 4 MB goal, 0 MB stacks, 0 MB globals, 2 P
gc 1139 @54.160s 1%: 0.029+0.84+0.023 ms clock, 0.059+0.75/0.42/0+0.047 ms cpu, 3->3->0 MB, 4 MB goal, 0 MB stacks, 0 MB globals, 2 P
gc 1140 @54.178s 1%: 0.014+0.86+0.024 ms clock, 0.028+0.60/0.50/0+0.049 ms cpu, 3->3->0 MB, 4 MB goal, 0 MB stacks, 0 MB globals, 2 P
gc 1141 @54.196s 1%: 0.044+0.86+0.003 ms clock, 0.089+0.58/0.39/0+0.007 ms cpu, 3->3->0 MB, 4 MB goal, 0 MB stacks, 0 MB globals, 2 P
gc 1142 @54.214s 1%: 0.044+0.67+0.008 ms clock, 0.089+0.56/0.44/0+0.016 ms cpu, 3->3->0 MB, 4 MB goal, 0 MB stacks, 0 MB globals, 2 P
gc 1143 @54.232s 1%: 0.026+0.81+0.019 ms clock, 0.053+0.73/0.37/0+0.039 ms cpu, 3->3->0 MB, 4 MB goal, 0 MB stacks, 0 MB globals, 2 P
gc 1144 @54.250s 1%: 0.038+0.91+0.004 ms clock, 0.076+0.54/0.56/0+0.009 ms cpu, 3->3->0 MB, 4 MB goal, 0 MB stacks, 0 MB globals, 2 P
gc 1145 @54.269s 1%: 0.73+0.15+0.003 ms clock, 1.4+0.48/0.32/0+0.007 ms cpu, 3->3->0 MB, 4 MB goal, 0 MB stacks, 0 MB globals, 2 P
gc 1146 @54.288s 1%: 0.039+0.92+0.023 ms clock, 0.078+0.55/0.57/0+0.046 ms cpu, 3->3->0 MB, 4 MB goal, 0 MB stacks, 0 MB globals, 2 P
gc 1147 @54.306s 1%: 0.018+0.82+0.002 ms clock, 0.036+0.55/0.53/0+0.005 ms cpu, 3->3->0 MB, 4 MB goal, 0 MB stacks, 0 MB globals, 2 P
gc 1148 @54.325s 1%: 0.033+0.85+0.004 ms clock, 0.066+0.54/0.46/0+0.008 ms cpu, 3->3->0 MB, 4 MB goal, 0 MB stacks, 0 MB globals, 2 P
gc 1149 @54.344s 1%: 0.034+0.76+0.018 ms clock, 0.069+0.69/0.38/0+0.037 ms cpu, 3->3->0 MB, 4 MB goal, 0 MB stacks, 0 MB globals, 2 P
gc 1150 @54.362s 1%: 0.035+0.66+0.018 ms clock, 0.070+0.63/0.43/0+0.037 ms cpu, 3->3->0 MB, 4 MB goal, 0 MB stacks, 0 MB globals, 2 P
gc 1151 @54.380s 1%: 0.014+0.70+0.024 ms clock, 0.029+0.70/0.37/0+0.048 ms cpu, 3->3->0 MB, 4 MB goal, 0 MB stacks, 0 MB globals, 2 P
gc 1152 @54.399s 1%: 0.12+0.89+0.002 ms clock, 0.25+0.62/0.33/0+0.005 ms cpu, 3->3->0 MB, 4 MB goal, 0 MB stacks, 0 MB globals, 2 P
gc 1153 @54.417s 1%: 0.057+1.5+0.002 ms clock, 0.11+0.49/0.26/0+0.004 ms cpu, 3->3->1 MB, 4 MB goal, 0 MB stacks, 0 MB globals, 2 P
gc 1154 @54.435s 1%: 0.030+0.73+0.002 ms clock, 0.060+0.74/0.36/0+0.005 ms cpu, 3->3->0 MB, 4 MB goal, 0 MB stacks, 0 MB globals, 2 P
gc 1155 @54.454s 1%: 0.013+0.88+0.050 ms clock, 0.027+0.70/0.42/0+0.10 ms cpu, 3->3->0 MB, 4 MB goal, 0 MB stacks, 0 MB globals, 2 P
gc 1156 @54.471s 1%: 0.041+0.76+0.019 ms clock, 0.082+0.66/0.46/0+0.038 ms cpu, 3->3->0 MB, 4 MB goal, 0 MB stacks, 0 MB globals, 2 P
gc 1157 @54.489s 1%: 0.028+0.65+0.016 ms clock, 0.056+0.68/0.37/0+0.032 ms cpu, 3->3->0 MB, 4 MB goal, 0 MB stacks, 0 MB globals, 2 P
gc 1158 @54.506s 1%: 0.078+0.70+0.022 ms clock, 0.15+0.65/0.40/0+0.045 ms cpu, 3->3->0 MB, 4 MB goal, 0 MB stacks, 0 MB globals, 2 P
gc 1159 @54.524s 1%: 0.60+0.34+0.003 ms clock, 1.2+0.50/0.40/0+0.006 ms cpu, 3->3->0 MB, 4 MB goal, 0 MB stacks, 0 MB globals, 2 P
gc 1160 @54.542s 1%: 0.027+0.84+0.014 ms clock, 0.055+0.61/0.41/0+0.028 ms cpu, 3->3->0 MB, 4 MB goal, 0 MB stacks, 0 MB globals, 2 P
gc 1161 @54.559s 1%: 0.061+1.2+0.013 ms clock, 0.12+0.43/0.30/0+0.026 ms cpu, 3->3->0 MB, 4 MB goal, 0 MB stacks, 0 MB globals, 2 P
gc 1162 @54.577s 1%: 0.12+0.64+0.010 ms clock, 0.25+0.63/0.36/0+0.021 ms cpu, 3->3->0 MB, 4 MB goal, 0 MB stacks, 0 MB globals, 2 P
gc 1163 @54.594s 1%: 0.016+0.75+0.004 ms clock, 0.032+0.67/0.44/0+0.008 ms cpu, 3->3->0 MB, 4 MB goal, 0 MB stacks, 0 MB globals, 2 P
gc 1164 @54.612s 1%: 0.020+0.78+0.005 ms clock, 0.040+0.64/0.36/0+0.010 ms cpu, 3->3->0 MB, 4 MB goal, 0 MB stacks, 0 MB globals, 2 P
gc 1165 @54.629s 1%: 0.013+0.68+0.004 ms clock, 0.026+0.70/0.35/0+0.008 ms cpu, 3->3->0 MB, 4 MB goal, 0 MB stacks, 0 MB globals, 2 P
gc 1166 @54.647s 1%: 0.037+0.74+0.019 ms clock, 0.075+0.68/0.42/0+0.038 ms cpu, 3->3->0 MB, 4 MB goal, 0 MB stacks, 0 MB globals, 2 P
gc 1167 @54.665s 1%: 0.015+1.1+0.033 ms clock, 0.030+0.73/0.45/0+0.067 ms cpu, 3->3->0 MB, 4 MB goal, 0 MB stacks, 0 MB globals, 2 P
gc 1168 @54.683s 1%: 0.036+0.73+0.020 ms clock, 0.072+0.77/0.35/0+0.040 ms cpu, 3->3->0 MB, 4 MB goal, 0 MB stacks, 0 MB globals, 2 P
gc 1169 @54.702s 1%: 0.015+0.94+0.004 ms clock, 0.031+0.66/0.51/0+0.008 ms cpu, 3->3->0 MB, 4 MB goal, 0 MB stacks, 0 MB globals, 2 P
gc 1170 @54.719s 1%: 0.016+0.84+0.003 ms clock, 0.032+0.66/0.46/0+0.006 ms cpu, 3->3->0 MB, 4 MB goal, 0 MB stacks, 0 MB globals, 2 P
gc 1171 @54.736s 1%: 0.029+0.81+0.037 ms clock, 0.058+0.77/0.43/0+0.075 ms cpu, 3->3->0 MB, 4 MB goal, 0 MB stacks, 0 MB globals, 2 P
gc 1172 @54.754s 1%: 0.051+0.84+0.003 ms clock, 0.10+0.64/0.53/0+0.007 ms cpu, 3->3->0 MB, 4 MB goal, 0 MB stacks, 0 MB globals, 2 P
gc 1173 @54.771s 1%: 0.014+0.74+0.020 ms clock, 0.029+0.73/0.40/0+0.041 ms cpu, 3->3->0 MB, 4 MB goal, 0 MB stacks, 0 MB globals, 2 P
gc 1174 @54.788s 1%: 0.025+1.0+0.017 ms clock, 0.050+0.81/0.34/0+0.034 ms cpu, 3->3->0 MB, 4 MB goal, 0 MB stacks, 0 MB globals, 2 P
gc 1175 @54.805s 1%: 0.028+1.2+0.003 ms clock, 0.056+0.41/0.22/0+0.006 ms cpu, 3->3->0 MB, 4 MB goal, 0 MB stacks, 0 MB globals, 2 P
gc 1176 @54.822s 1%: 0.041+0.95+0.047 ms clock, 0.083+0.69/0.39/0+0.094 ms cpu, 3->3->0 MB, 4 MB goal, 0 MB stacks, 0 MB globals, 2 P
gc 1177 @54.840s 1%: 0.035+0.72+0.012 ms clock, 0.070+0.64/0.39/0+0.025 ms cpu, 3->3->0 MB, 4 MB goal, 0 MB stacks, 0 MB globals, 2 P
gc 1178 @54.858s 1%: 0.032+1.0+0.002 ms clock, 0.064+0.50/0.53/0+0.005 ms cpu, 3->3->0 MB, 4 MB goal, 0 MB stacks, 0 MB globals, 2 P
gc 1179 @54.876s 1%: 0.011+0.85+0.002 ms clock, 0.023+0.50/0.48/0+0.005 ms cpu, 3->3->0 MB, 4 MB goal, 0 MB stacks, 0 MB globals, 2 P
gc 1180 @54.894s 1%: 0.015+1.1+0.021 ms clock, 0.031+0.46/0.51/0+0.042 ms cpu, 3->3->0 MB, 4 MB goal, 0 MB stacks, 0 MB globals, 2 P
gc 1181 @54.913s 1%: 0.20+0.64+0.035 ms clock, 0.41+0.52/0.50/0+0.070 ms cpu, 3->3->0 MB, 4 MB goal, 0 MB stacks, 0 MB globals, 2 P
gc 1182 @54.932s 1%: 0.059+0.66+0.020 ms clock, 0.11+0.63/0.36/0+0.040 ms cpu, 3->3->0 MB, 4 MB goal, 0 MB stacks, 0 MB globals, 2 P
gc 1183 @54.951s 1%: 0.19+0.75+0.017 ms clock, 0.39+0.44/0.48/0+0.035 ms cpu, 3->3->0 MB, 4 MB goal, 0 MB stacks, 0 MB globals, 2 P
gc 1184 @54.970s 1%: 0.016+0.78+0.015 ms clock, 0.033+0.57/0.52/0+0.031 ms cpu, 3->3->0 MB, 4 MB goal, 0 MB stacks, 0 MB globals, 2 P
gc 1185 @54.988s 1%: 0.029+0.75+0.003 ms clock, 0.058+0.75/0.44/0+0.007 ms cpu, 3->3->0 MB, 4 MB goal, 0 MB stacks, 0 MB globals, 2 P
gc 1186 @55.006s 1%: 0.031+0.90+0.008 ms clock, 0.063+0.59/0.53/0+0.016 ms cpu, 3->3->0 MB, 4 MB goal, 0 MB stacks, 0 MB globals, 2 P
gc 1187 @55.024s 1%: 0.028+0.86+0.011 ms clock, 0.057+0.58/0.41/0+0.023 ms cpu, 3->3->0 MB, 4 MB goal, 0 MB stacks, 0 MB globals, 2 P
gc 1188 @55.042s 1%: 0.052+1.0+0.003 ms clock, 0.10+0.66/0.36/0+0.007 ms cpu, 3->3->0 MB, 4 MB goal, 0 MB stacks, 0 MB globals, 2 P
gc 1189 @55.060s 1%: 0.037+0.87+0.023 ms clock, 0.075+0.75/0.48/0+0.046 ms cpu, 3->3->0 MB, 4 MB goal, 0 MB stacks, 0 MB globals, 2 P
gc 1190 @55.078s 1%: 0.010+0.68+0.003 ms clock, 0.020+0.62/0.40/0+0.007 ms cpu, 3->3->0 MB, 4 MB goal, 0 MB stacks, 0 MB globals, 2 P
gc 1191 @55.095s 1%: 0.039+1.0+0.003 ms clock, 0.079+0.59/0.47/0+0.006 ms cpu, 3->3->0 MB, 4 MB goal, 0 MB stacks, 0 MB globals, 2 P
gc 1192 @55.113s 1%: 0.013+0.77+0.011 ms clock, 0.027+0.72/0.40/0+0.023 ms cpu, 3->3->0 MB, 4 MB goal, 0 MB stacks, 0 MB globals, 2 P
gc 1193 @55.130s 1%: 0.015+0.80+0.003 ms clock, 0.031+0.75/0.41/0+0.006 ms cpu, 3->3->0 MB, 4 MB goal, 0 MB stacks, 0 MB globals, 2 P
gc 1194 @55.148s 1%: 0.057+1.0+0.028 ms clock, 0.11+0.83/0.50/0+0.057 ms cpu, 3->3->0 MB, 4 MB goal, 0 MB stacks, 0 MB globals, 2 P
gc 1195 @55.165s 1%: 0.038+0.65+0.020 ms clock, 0.076+0.58/0.40/0+0.040 ms cpu, 3->3->0 MB, 4 MB goal, 0 MB stacks, 0 MB globals, 2 P
gc 1196 @55.183s 1%: 0.021+0.75+0.003 ms clock, 0.042+0.67/0.44/0+0.006 ms cpu, 3->3->0 MB, 4 MB goal, 0 MB stacks, 0 MB globals, 2 P
gc 1197 @55.200s 1%: 0.037+0.70+0.013 ms clock, 0.075+0.64/0.41/0+0.026 ms cpu, 3->3->0 MB, 4 MB goal, 0 MB stacks, 0 MB globals, 2 P
gc 1198 @55.218s 1%: 0.015+0.68+0.003 ms clock, 0.031+0.66/0.35/0+0.006 ms cpu, 3->3->0 MB, 4 MB goal, 0 MB stacks, 0 MB globals, 2 P
gc 1199 @55.235s 1%: 0.019+0.68+0.030 ms clock, 0.039+0.68/0.34/0+0.060 ms cpu, 3->3->0 MB, 4 MB goal, 0 MB stacks, 0 MB globals, 2 P
gc 1200 @55.255s 1%: 0.014+0.99+0.003 ms clock, 0.028+0.60/0.40/0+0.006 ms cpu, 3->3->0 MB, 4 MB goal, 0 MB stacks, 0 MB globals, 2 P
gc 1201 @55.273s 1%: 0.032+0.65+0.003 ms clock, 0.065+0.63/0.36/0+0.006 ms cpu, 3->3->0 MB, 4 MB goal, 0 MB stacks, 0 MB globals, 2 P
gc 1202 @55.291s 1%: 0.034+0.87+0.016 ms clock, 0.068+0.59/0.61/0+0.032 ms cpu, 3->3->0 MB, 4 MB goal, 0 MB stacks, 0 MB globals, 2 P
gc 1203 @55.308s 1%: 0.22+0.55+0.006 ms clock, 0.44+0.57/0.41/0+0.012 ms cpu, 3->3->0 MB, 4 MB goal, 0 MB stacks, 0 MB globals, 2 P
gc 1204 @55.326s 1%: 0.031+0.64+0.002 ms clock, 0.063+0.59/0.41/0+0.005 ms cpu, 3->3->0 MB, 4 MB goal, 0 MB stacks, 0 MB globals, 2 P
gc 1205 @55.344s 1%: 0.068+1.2+0.005 ms clock, 0.13+0.59/0.47/0+0.011 ms cpu, 3->3->0 MB, 4 MB goal, 0 MB stacks, 0 MB globals, 2 P
gc 1206 @55.362s 1%: 0.043+0.73+0.010 ms clock, 0.086+0.68/0.36/0+0.021 ms cpu, 3->3->0 MB, 4 MB goal, 0 MB stacks, 0 MB globals, 2 P
gc 1207 @55.381s 1%: 0.017+0.75+0.047 ms clock, 0.034+0.77/0.39/0+0.094 ms cpu, 3->3->0 MB, 4 MB goal, 0 MB stacks, 0 MB globals, 2 P
gc 1208 @55.398s 1%: 0.013+1.2+0.003 ms clock, 0.027+0.47/0.52/0+0.006 ms cpu, 3->3->0 MB, 4 MB goal, 0 MB stacks, 0 MB globals, 2 P
gc 1209 @55.416s 1%: 0.097+1.2+0.078 ms clock, 0.19+0.47/0.55/0+0.15 ms cpu, 3->3->0 MB, 4 MB goal, 0 MB stacks, 0 MB globals, 2 P
gc 1210 @55.434s 1%: 0.019+0.73+0.007 ms clock, 0.038+0.63/0.54/0+0.015 ms cpu, 3->3->0 MB, 4 MB goal, 0 MB stacks, 0 MB globals, 2 P
gc 1211 @55.451s 1%: 0.041+0.73+0.027 ms clock, 0.082+0.62/0.47/0+0.054 ms cpu, 3->3->0 MB, 4 MB goal, 0 MB stacks, 0 MB globals, 2 P
gc 1212 @55.469s 1%: 0.015+0.87+0.038 ms clock, 0.030+0.035/0.23/0.64+0.076 ms cpu, 3->3->0 MB, 4 MB goal, 0 MB stacks, 0 MB globals, 2 P
gc 1213 @55.487s 1%: 0.028+0.81+0.003 ms clock, 0.056+0.60/0.44/0+0.006 ms cpu, 3->3->0 MB, 4 MB goal, 0 MB stacks, 0 MB globals, 2 P
gc 1214 @55.506s 1%: 0.025+0.75+0.022 ms clock, 0.050+0.64/0.40/0+0.044 ms cpu, 3->3->0 MB, 4 MB goal, 0 MB stacks, 0 MB globals, 2 P
gc 1215 @55.525s 1%: 0.033+0.67+0.003 ms clock, 0.066+0.69/0.34/0+0.006 ms cpu, 3->3->0 MB, 4 MB goal, 0 MB stacks, 0 MB globals, 2 P
gc 1216 @55.543s 1%: 0.014+0.99+0.009 ms clock, 0.029+0.67/0.52/0+0.018 ms cpu, 3->3->0 MB, 4 MB goal, 0 MB stacks, 0 MB globals, 2 P
gc 1217 @55.562s 1%: 0.018+0.67+0.018 ms clock, 0.036+0.69/0.34/0+0.037 ms cpu, 3->3->0 MB, 4 MB goal, 0 MB stacks, 0 MB globals, 2 P
gc 1218 @55.579s 1%: 0.028+0.66+0.003 ms clock, 0.056+0.60/0.41/0+0.007 ms cpu, 3->3->0 MB, 4 MB goal, 0 MB stacks, 0 MB globals, 2 P
gc 1219 @55.596s 1%: 0.027+0.83+0.009 ms clock, 0.055+0.72/0.47/0+0.018 ms cpu, 3->3->0 MB, 4 MB goal, 0 MB stacks, 0 MB globals, 2 P
gc 1220 @55.614s 1%: 0.020+0.95+0.019 ms clock, 0.041+0.49/0.45/0+0.039 ms cpu, 3->3->0 MB, 4 MB goal, 0 MB stacks, 0 MB globals, 2 P
gc 1221 @55.632s 1%: 0.015+1.0+0.036 ms clock, 0.030+0.47/0.66/0+0.072 ms cpu, 3->3->0 MB, 4 MB goal, 0 MB stacks, 0 MB globals, 2 P
gc 1222 @55.649s 1%: 0.031+0.72+0.004 ms clock, 0.062+0.68/0.46/0+0.008 ms cpu, 3->3->0 MB, 4 MB goal, 0 MB stacks, 0 MB globals, 2 P
gc 1223 @55.667s 1%: 0.12+1.1+0.012 ms clock, 0.24+1.1/0.65/0+0.025 ms cpu, 3->3->0 MB, 4 MB goal, 0 MB stacks, 0 MB globals, 2 P
gc 1224 @55.684s 1%: 0.020+0.74+0.004 ms clock, 0.041+0.76/0.35/0+0.008 ms cpu, 3->3->0 MB, 4 MB goal, 0 MB stacks, 0 MB globals, 2 P
gc 1225 @55.700s 1%: 0.015+0.77+0.015 ms clock, 0.031+0.72/0.35/0+0.031 ms cpu, 3->3->0 MB, 4 MB goal, 0 MB stacks, 0 MB globals, 2 P
gc 1226 @55.717s 1%: 0.016+1.1+0.004 ms clock, 0.032+0.63/0.41/0+0.009 ms cpu, 3->3->0 MB, 4 MB goal, 0 MB stacks, 0 MB globals, 2 P
gc 1227 @55.734s 1%: 0.36+1.1+0.002 ms clock, 0.72+0.72/0.57/0+0.004 ms cpu, 3->3->0 MB, 4 MB goal, 0 MB stacks, 0 MB globals, 2 P
gc 1228 @55.750s 1%: 0.046+0.80+0.020 ms clock, 0.093+0.58/0.47/0+0.040 ms cpu, 3->3->0 MB, 4 MB goal, 0 MB stacks, 0 MB globals, 2 P
gc 1229 @55.769s 1%: 0.044+0.78+0.013 ms clock, 0.088+0.65/0.39/0+0.027 ms cpu, 3->3->0 MB, 4 MB goal, 0 MB stacks, 0 MB globals, 2 P
gc 1230 @55.788s 1%: 0.029+1.2+0.006 ms clock, 0.058+0.66/0.49/0+0.012 ms cpu, 3->3->0 MB, 4 MB goal, 0 MB stacks, 0 MB globals, 2 P
gc 1231 @55.806s 1%: 0.36+0.79+0.014 ms clock, 0.73+0.44/0.55/0+0.028 ms cpu, 3->3->0 MB, 4 MB goal, 0 MB stacks, 0 MB globals, 2 P
gc 1232 @55.824s 1%: 0.021+0.75+0.026 ms clock, 0.042+0.70/0.38/0+0.053 ms cpu, 3->3->0 MB, 4 MB goal, 0 MB stacks, 0 MB globals, 2 P
gc 1233 @55.842s 1%: 0.013+0.80+0.003 ms clock, 0.027+0.66/0.35/0+0.007 ms cpu, 3->3->0 MB, 4 MB goal, 0 MB stacks, 0 MB globals, 2 P
gc 1234 @55.860s 1%: 0.19+0.96+0.074 ms clock, 0.38+0.62/0.39/0+0.14 ms cpu, 3->3->0 MB, 4 MB goal, 0 MB stacks, 0 MB globals, 2 P
gc 1235 @55.878s 1%: 0.015+0.99+0.010 ms clock, 0.031+0.40/0.49/0+0.021 ms cpu, 3->3->0 MB, 4 MB goal, 0 MB stacks, 0 MB globals, 2 P
gc 1236 @55.896s 1%: 0.037+0.85+0.006 ms clock, 0.074+0.61/0.50/0+0.012 ms cpu, 3->3->0 MB, 4 MB goal, 0 MB stacks, 0 MB globals, 2 P
gc 1237 @55.914s 1%: 0.022+0.71+0.016 ms clock, 0.045+0.68/0.40/0+0.032 ms cpu, 3->3->0 MB, 4 MB goal, 0 MB stacks, 0 MB globals, 2 P
gc 1238 @55.932s 1%: 0.043+1.1+0.023 ms clock, 0.086+0.67/0.36/0+0.047 ms cpu, 3->3->0 MB, 4 MB goal, 0 MB stacks, 0 MB globals, 2 P
gc 1239 @55.951s 1%: 0.034+0.81+0.020 ms clock, 0.069+0.48/0.41/0+0.040 ms cpu, 3->3->0 MB, 4 MB goal, 0 MB stacks, 0 MB globals, 2 P
gc 1240 @55.968s 1%: 0.016+0.71+0.015 ms clock, 0.032+0.63/0.33/0+0.031 ms cpu, 3->3->0 MB, 4 MB goal, 0 MB stacks, 0 MB globals, 2 P
gc 1241 @55.987s 1%: 0.044+0.68+0.034 ms clock, 0.089+0.66/0.35/0+0.069 ms cpu, 3->3->0 MB, 4 MB goal, 0 MB stacks, 0 MB globals, 2 P
gc 1242 @56.005s 1%: 0.014+0.68+0.006 ms clock, 0.028+0.67/0.43/0+0.012 ms cpu, 3->3->0 MB, 4 MB goal, 0 MB stacks, 0 MB globals, 2 P
gc 1243 @56.023s 1%: 0.013+0.64+0.002 ms clock, 0.026+0.45/0.25/0.34+0.005 ms cpu, 3->3->0 MB, 4 MB goal, 0 MB stacks, 0 MB globals, 2 P
gc 1244 @56.042s 1%: 0.020+0.70+0.008 ms clock, 0.040+0.65/0.39/0+0.016 ms cpu, 3->3->0 MB, 4 MB goal, 0 MB stacks, 0 MB globals, 2 P
gc 1245 @56.060s 1%: 0.032+0.70+0.023 ms clock, 0.065+0.57/0.49/0+0.046 ms cpu, 3->3->0 MB, 4 MB goal, 0 MB stacks, 0 MB globals, 2 P
gc 1246 @56.079s 1%: 0.014+0.68+0.016 ms clock, 0.029+0.67/0.35/0+0.032 ms cpu, 3->3->0 MB, 4 MB goal, 0 MB stacks, 0 MB globals, 2 P
gc 1247 @56.097s 1%: 0.013+0.76+0.003 ms clock, 0.026+0.79/0.41/0+0.006 ms cpu, 3->3->0 MB, 4 MB goal, 0 MB stacks, 0 MB globals, 2 P
gc 1248 @56.115s 1%: 0.028+0.69+0.003 ms clock, 0.056+0.66/0.33/0+0.007 ms cpu, 3->3->0 MB, 4 MB goal, 0 MB stacks, 0 MB globals, 2 P
gc 1249 @56.132s 1%: 0.019+0.73+0.004 ms clock, 0.038+0.65/0.43/0+0.009 ms cpu, 3->3->0 MB, 4 MB goal, 0 MB stacks, 0 MB globals, 2 P
gc 1250 @56.150s 1%: 0.060+0.70+0.003 ms clock, 0.12+0.58/0.43/0+0.007 ms cpu, 3->3->0 MB, 4 MB goal, 0 MB stacks, 0 MB globals, 2 P
gc 1251 @56.167s 1%: 0.038+0.67+0.003 ms clock, 0.077+0.51/0.49/0+0.007 ms cpu, 3->3->0 MB, 4 MB goal, 0 MB stacks, 0 MB globals, 2 P
gc 1252 @56.184s 1%: 0.034+0.66+0.002 ms clock, 0.068+0.64/0.38/0+0.005 ms cpu, 3->3->0 MB, 4 MB goal, 0 MB stacks, 0 MB globals, 2 P
gc 1253 @56.202s 1%: 0.013+1.2+0.024 ms clock, 0.027+0.44/0.23/0+0.048 ms cpu, 3->3->0 MB, 4 MB goal, 0 MB stacks, 0 MB globals, 2 P
gc 1254 @56.220s 1%: 0.16+0.55+0.003 ms clock, 0.32+0.60/0.37/0+0.007 ms cpu, 3->3->0 MB, 4 MB goal, 0 MB stacks, 0 MB globals, 2 P
gc 1255 @56.238s 1%: 0.011+1.0+0.030 ms clock, 0.022+0.74/0.45/0+0.061 ms cpu, 3->3->0 MB, 4 MB goal, 0 MB stacks, 0 MB globals, 2 P
gc 1256 @56.256s 1%: 0.013+0.79+0.021 ms clock, 0.027+0.78/0.38/0+0.043 ms cpu, 3->3->0 MB, 4 MB goal, 0 MB stacks, 0 MB globals, 2 P
gc 1257 @56.273s 1%: 0.037+0.98+0.068 ms clock, 0.075+0.69/0.37/0+0.13 ms cpu, 3->3->0 MB, 4 MB goal, 0 MB stacks, 0 MB globals, 2 P
gc 1258 @56.291s 1%: 0.024+0.96+0.023 ms clock, 0.048+0.65/0.42/0+0.047 ms cpu, 3->3->0 MB, 4 MB goal, 0 MB stacks, 0 MB globals, 2 P
gc 1259 @56.308s 1%: 0.013+0.75+0.010 ms clock, 0.026+0.73/0.42/0+0.021 ms cpu, 3->3->0 MB, 4 MB goal, 0 MB stacks, 0 MB globals, 2 P
gc 1260 @56.326s 1%: 0.022+0.90+0.018 ms clock, 0.045+0.73/0.38/0+0.037 ms cpu, 3->3->0 MB, 4 MB goal, 0 MB stacks, 0 MB globals, 2 P
gc 1261 @56.343s 1%: 0.38+0.42+0.014 ms clock, 0.76+0.58/0.35/0+0.028 ms cpu, 3->3->0 MB, 4 MB goal, 0 MB stacks, 0 MB globals, 2 P
gc 1262 @56.361s 1%: 0.037+0.91+0.003 ms clock, 0.075+0.44/0.48/0+0.006 ms cpu, 3->3->0 MB, 4 MB goal, 0 MB stacks, 0 MB globals, 2 P
gc 1263 @56.378s 1%: 0.015+1.0+0.020 ms clock, 0.030+0.60/0.37/0+0.040 ms cpu, 3->3->0 MB, 4 MB goal, 0 MB stacks, 0 MB globals, 2 P
gc 1264 @56.396s 1%: 0.025+0.90+0.004 ms clock, 0.051+0.65/0.60/0+0.008 ms cpu, 3->3->0 MB, 4 MB goal, 0 MB stacks, 0 MB globals, 2 P
gc 1265 @56.413s 1%: 0.012+1.1+0.002 ms clock, 0.024+0.39/0.24/0+0.005 ms cpu, 3->3->0 MB, 4 MB goal, 0 MB stacks, 0 MB globals, 2 P
gc 1266 @56.431s 1%: 0.032+0.97+0.048 ms clock, 0.064+0.71/0.45/0+0.097 ms cpu, 3->3->0 MB, 4 MB goal, 0 MB stacks, 0 MB globals, 2 P
gc 1267 @56.449s 1%: 0.042+0.68+0.014 ms clock, 0.085+0.70/0.33/0+0.028 ms cpu, 3->3->0 MB, 4 MB goal, 0 MB stacks, 0 MB globals, 2 P
gc 1268 @56.467s 1%: 0.083+0.98+0.004 ms clock, 0.16+0.64/0.37/0+0.008 ms cpu, 3->3->0 MB, 4 MB goal, 0 MB stacks, 0 MB globals, 2 P
gc 1269 @56.485s 1%: 0.066+0.92+0.008 ms clock, 0.13+0.57/0.64/0+0.016 ms cpu, 3->3->0 MB, 4 MB goal, 0 MB stacks, 0 MB globals, 2 P
gc 1270 @56.503s 1%: 0.035+0.90+0.003 ms clock, 0.071+0.74/0.42/0+0.007 ms cpu, 3->3->0 MB, 4 MB goal, 0 MB stacks, 0 MB globals, 2 P
gc 1271 @56.521s 1%: 0.026+0.75+0.004 ms clock, 0.052+0.57/0.46/0+0.009 ms cpu, 3->3->0 MB, 4 MB goal, 0 MB stacks, 0 MB globals, 2 P
gc 1272 @56.539s 1%: 0.15+0.67+0.012 ms clock, 0.30+0.49/0.50/0+0.025 ms cpu, 3->3->0 MB, 4 MB goal, 0 MB stacks, 0 MB globals, 2 P
gc 1273 @56.557s 1%: 0.022+0.74+0.011 ms clock, 0.044+0.75/0.38/0+0.023 ms cpu, 3->3->0 MB, 4 MB goal, 0 MB stacks, 0 MB globals, 2 P
gc 1274 @56.575s 1%: 0.034+0.80+0.036 ms clock, 0.069+0.72/0.45/0+0.072 ms cpu, 3->3->0 MB, 4 MB goal, 0 MB stacks, 0 MB globals, 2 P
gc 1275 @56.593s 1%: 0.015+0.94+0.022 ms clock, 0.030+0.61/0.53/0+0.045 ms cpu, 3->3->0 MB, 4 MB goal, 0 MB stacks, 0 MB globals, 2 P
gc 1276 @56.611s 1%: 0.012+0.94+0.019 ms clock, 0.025+0.66/0.39/0+0.039 ms cpu, 3->3->0 MB, 4 MB goal, 0 MB stacks, 0 MB globals, 2 P
gc 1277 @56.629s 1%: 0.19+0.61+0.023 ms clock, 0.39+0.58/0.42/0+0.047 ms cpu, 3->3->0 MB, 4 MB goal, 0 MB stacks, 0 MB globals, 2 P
gc 1278 @56.648s 1%: 0.034+0.72+0.002 ms clock, 0.069+0.60/0.41/0+0.005 ms cpu, 3->3->0 MB, 4 MB goal, 0 MB stacks, 0 MB globals, 2 P
gc 1279 @56.666s 1%: 0.14+0.71+0.011 ms clock, 0.29+0.63/0.41/0+0.023 ms cpu, 3->3->0 MB, 4 MB goal, 0 MB stacks, 0 MB globals, 2 P
gc 1280 @56.684s 1%: 0.033+0.87+0.014 ms clock, 0.066+0.83/0.37/0+0.028 ms cpu, 3->3->0 MB, 4 MB goal, 0 MB stacks, 0 MB globals, 2 P
gc 1281 @56.701s 1%: 0.029+0.68+0.003 ms clock, 0.059+0.69/0.31/0+0.007 ms cpu, 3->3->0 MB, 4 MB goal, 0 MB stacks, 0 MB globals, 2 P
gc 1282 @56.718s 1%: 0.012+0.77+0.021 ms clock, 0.024+0.57/0.48/0+0.043 ms cpu, 3->3->0 MB, 4 MB goal, 0 MB stacks, 0 MB globals, 2 P
gc 1283 @56.735s 1%: 0.020+0.83+0.049 ms clock, 0.041+0.62/0.41/0+0.099 ms cpu, 3->3->0 MB, 4 MB goal, 0 MB stacks, 0 MB globals, 2 P
gc 1284 @56.752s 1%: 0.012+0.72+0.003 ms clock, 0.024+0.62/0.37/0+0.006 ms cpu, 3->3->0 MB, 4 MB goal, 0 MB stacks, 0 MB globals, 2 P
gc 1285 @56.769s 1%: 0.039+0.88+0.038 ms clock, 0.078+0.70/0.44/0+0.077 ms cpu, 3->3->0 MB, 4 MB goal, 0 MB stacks, 0 MB globals, 2 P
gc 1286 @56.786s 1%: 0.044+1.1+0.002 ms clock, 0.089+0.57/0.40/0+0.004 ms cpu, 3->3->0 MB, 4 MB goal, 0 MB stacks, 0 MB globals, 2 P
gc 1287 @56.803s 1%: 0.014+0.67+0.014 ms clock, 0.029+0.69/0.32/0+0.029 ms cpu, 3->3->0 MB, 4 MB goal, 0 MB stacks, 0 MB globals, 2 P
gc 1288 @56.820s 1%: 0.014+0.94+0.025 ms clock, 0.029+0.41/0.26/0+0.050 ms cpu, 3->3->0 MB, 4 MB goal, 0 MB stacks, 0 MB globals, 2 P
gc 1289 @56.837s 1%: 0.031+0.80+0.003 ms clock, 0.063+0.72/0.44/0+0.006 ms cpu, 3->3->0 MB, 4 MB goal, 0 MB stacks, 0 MB globals, 2 P
gc 1290 @56.853s 1%: 0.013+1.0+0.003 ms clock, 0.026+0.70/0.40/0+0.006 ms cpu, 3->3->0 MB, 4 MB goal, 0 MB stacks, 0 MB globals, 2 P
gc 1291 @56.872s 1%: 0.053+0.69+0.029 ms clock, 0.10+0.56/0.47/0.042+0.058 ms cpu, 3->3->0 MB, 4 MB goal, 0 MB stacks, 0 MB globals, 2 P
gc 1292 @56.890s 1%: 0.033+0.74+0.021 ms clock, 0.067+0.63/0.37/0+0.043 ms cpu, 3->3->0 MB, 4 MB goal, 0 MB stacks, 0 MB globals, 2 P
gc 1293 @56.908s 1%: 0.019+0.81+0.013 ms clock, 0.038+0.66/0.41/0+0.026 ms cpu, 3->3->0 MB, 4 MB goal, 0 MB stacks, 0 MB globals, 2 P
gc 1294 @56.926s 1%: 0.020+0.79+0.010 ms clock, 0.040+0.69/0.50/0+0.021 ms cpu, 3->3->0 MB, 4 MB goal, 0 MB stacks, 0 MB globals, 2 P
gc 1295 @56.944s 1%: 0.055+0.82+0.019 ms clock, 0.11+0.64/0.51/0+0.039 ms cpu, 3->3->0 MB, 4 MB goal, 0 MB stacks, 0 MB globals, 2 P
gc 1296 @56.962s 1%: 0.015+0.72+0.043 ms clock, 0.030+0.63/0.44/0+0.087 ms cpu, 3->3->0 MB, 4 MB goal, 0 MB stacks, 0 MB globals, 2 P
gc 1297 @56.980s 1%: 0.033+1.0+0.003 ms clock, 0.067+0.66/0.43/0+0.006 ms cpu, 3->3->0 MB, 4 MB goal, 0 MB stacks, 0 MB globals, 2 P
gc 1298 @56.998s 1%: 0.031+0.69+0.010 ms clock, 0.063+0.65/0.38/0+0.020 ms cpu, 3->3->0 MB, 4 MB goal, 0 MB stacks, 0 MB globals, 2 P
gc 1299 @57.015s 1%: 0.025+0.92+0.002 ms clock, 0.051+0.38/0.45/0+0.005 ms cpu, 3->3->0 MB, 4 MB goal, 0 MB stacks, 0 MB globals, 2 P
gc 1300 @57.034s 1%: 0.062+0.70+0.010 ms clock, 0.12+0.69/0.34/0+0.021 ms cpu, 3->3->0 MB, 4 MB goal, 0 MB stacks, 0 MB globals, 2 P
gc 1301 @57.052s 1%: 0.039+1.4+0.012 ms clock, 0.078+0.52/0.27/0+0.024 ms cpu, 3->3->0 MB, 4 MB goal, 0 MB stacks, 0 MB globals, 2 P
gc 1302 @57.070s 1%: 0.018+0.72+0.016 ms clock, 0.037+0.68/0.37/0+0.033 ms cpu, 3->3->0 MB, 4 MB goal, 0 MB stacks, 0 MB globals, 2 P
gc 1303 @57.088s 1%: 0.036+1.0+0.080 ms clock, 0.072+0.63/0.40/0+0.16 ms cpu, 3->3->0 MB, 4 MB goal, 0 MB stacks, 0 MB globals, 2 P
gc 1304 @57.106s 1%: 0.034+0.78+0.003 ms clock, 0.068+0.70/0.47/0+0.007 ms cpu, 3->3->0 MB, 4 MB goal, 0 MB stacks, 0 MB globals, 2 P
gc 1305 @57.125s 1%: 0.043+0.79+0.019 ms clock, 0.086+0.64/0.43/0+0.039 ms cpu, 3->3->0 MB, 4 MB goal, 0 MB stacks, 0 MB globals, 2 P
gc 1306 @57.143s 1%: 0.12+0.58+0.017 ms clock, 0.25+0.64/0.34/0+0.034 ms cpu, 3->3->0 MB, 4 MB goal, 0 MB stacks, 0 MB globals, 2 P
gc 1307 @57.161s 1%: 0.030+1.1+0.003 ms clock, 0.060+0.37/0.24/0+0.006 ms cpu, 3->3->0 MB, 4 MB goal, 0 MB stacks, 0 MB globals, 2 P
gc 1308 @57.180s 1%: 0.47+0.45+0.011 ms clock, 0.94+0.37/0.55/0+0.023 ms cpu, 3->3->0 MB, 4 MB goal, 0 MB stacks, 0 MB globals, 2 P
gc 1309 @57.198s 1%: 0.012+0.70+0.034 ms clock, 0.024+0.74/0.31/0+0.068 ms cpu, 3->3->0 MB, 4 MB goal, 0 MB stacks, 0 MB globals, 2 P
gc 1310 @57.217s 1%: 0.014+0.83+0.005 ms clock, 0.028+0.71/0.39/0+0.010 ms cpu, 3->3->0 MB, 4 MB goal, 0 MB stacks, 0 MB globals, 2 P
gc 1311 @57.235s 1%: 0.035+1.1+0.003 ms clock, 0.070+0.60/0.45/0+0.007 ms cpu, 3->3->0 MB, 4 MB goal, 0 MB stacks, 0 MB globals, 2 P
gc 1312 @57.253s 1%: 0.053+0.68+0.011 ms clock, 0.10+0.65/0.35/0+0.022 ms cpu, 3->3->0 MB, 4 MB goal, 0 MB stacks, 0 MB globals, 2 P
gc 1313 @57.272s 1%: 0.022+0.74+0.020 ms clock, 0.044+0.68/0.36/0+0.040 ms cpu, 3->3->0 MB, 4 MB goal, 0 MB stacks, 0 MB globals, 2 P
gc 1314 @57.290s 1%: 0.034+1.0+0.004 ms clock, 0.068+0.60/0.41/0+0.008 ms cpu, 3->3->0 MB, 4 MB goal, 0 MB stacks, 0 MB globals, 2 P
gc 1315 @57.309s 1%: 0.019+0.79+0.037 ms clock, 0.039+0.77/0.39/0+0.075 ms cpu, 3->3->0 MB, 4 MB goal, 0 MB stacks, 0 MB globals, 2 P
gc 1316 @57.327s 1%: 0.51+0.68+0.016 ms clock, 1.0+0.58/0.53/0+0.033 ms cpu, 3->3->0 MB, 4 MB goal, 0 MB stacks, 0 MB globals, 2 P
gc 1317 @57.346s 1%: 0.043+0.77+0.002 ms clock, 0.087+0.63/0.39/0+0.005 ms cpu, 3->3->0 MB, 4 MB goal, 0 MB stacks, 0 MB globals, 2 P
gc 1318 @57.364s 1%: 0.015+0.73+0.010 ms clock, 0.030+0.70/0.38/0+0.020 ms cpu, 3->3->0 MB, 4 MB goal, 0 MB stacks, 0 MB globals, 2 P
gc 1319 @57.383s 1%: 0.014+1.0+0.002 ms clock, 0.028+1.5/0.21/0+0.004 ms cpu, 3->3->0 MB, 4 MB goal, 0 MB stacks, 0 MB globals, 2 P
gc 1320 @57.398s 1%: 0.017+1.1+0.005 ms clock, 0.034+0.72/0.37/0+0.010 ms cpu, 3->3->0 MB, 4 MB goal, 0 MB stacks, 0 MB globals, 2 P
gc 1321 @57.414s 1%: 0.035+0.79+0.004 ms clock, 0.070+0.71/0.40/0+0.009 ms cpu, 3->3->0 MB, 4 MB goal, 0 MB stacks, 0 MB globals, 2 P
gc 1322 @57.428s 1%: 0.018+1.0+0.003 ms clock, 0.036+0.66/0.43/0+0.006 ms cpu, 3->3->0 MB, 4 MB goal, 0 MB stacks, 0 MB globals, 2 P
gc 1323 @57.444s 1%: 0.014+1.3+0.016 ms clock, 0.029+0.61/0.52/0+0.032 ms cpu, 3->3->0 MB, 4 MB goal, 0 MB stacks, 0 MB globals, 2 P
gc 1324 @57.459s 1%: 0.012+0.97+0.025 ms clock, 0.025+0.64/0.34/0+0.051 ms cpu, 3->3->0 MB, 4 MB goal, 0 MB stacks, 0 MB globals, 2 P
gc 1325 @57.477s 1%: 0.032+0.85+0.033 ms clock, 0.065+0.54/0.52/0+0.066 ms cpu, 3->3->0 MB, 4 MB goal, 0 MB stacks, 0 MB globals, 2 P
gc 1326 @57.495s 1%: 0.013+1.0+0.006 ms clock, 0.026+0.70/0.47/0+0.012 ms cpu, 3->3->0 MB, 4 MB goal, 0 MB stacks, 0 MB globals, 2 P
gc 1327 @57.512s 1%: 0.010+0.81+0.008 ms clock, 0.021+0.66/0.51/0+0.016 ms cpu, 3->3->0 MB, 4 MB goal, 0 MB stacks, 0 MB globals, 2 P
gc 1328 @57.529s 1%: 0.013+0.72+0.002 ms clock, 0.027+0.69/0.39/0+0.005 ms cpu, 3->3->0 MB, 4 MB goal, 0 MB stacks, 0 MB globals, 2 P
gc 1329 @57.546s 1%: 0.030+1.1+0.076 ms clock, 0.060+0.56/0.45/0+0.15 ms cpu, 3->3->0 MB, 4 MB goal, 0 MB stacks, 0 MB globals, 2 P
gc 1330 @57.563s 1%: 0.11+0.66+0.037 ms clock, 0.22+0.57/0.44/0+0.074 ms cpu, 3->3->0 MB, 4 MB goal, 0 MB stacks, 0 MB globals, 2 P
gc 1331 @57.580s 1%: 0.020+0.68+0.028 ms clock, 0.041+0.62/0.43/0+0.056 ms cpu, 3->3->0 MB, 4 MB goal, 0 MB stacks, 0 MB globals, 2 P
gc 1332 @57.599s 1%: 0.011+0.66+0.015 ms clock, 0.023+0.68/0.37/0+0.030 ms cpu, 3->3->0 MB, 4 MB goal, 0 MB stacks, 0 MB globals, 2 P
gc 1333 @57.617s 1%: 0.029+0.85+0.003 ms clock, 0.059+0.73/0.44/0+0.007 ms cpu, 3->3->0 MB, 4 MB goal, 0 MB stacks, 0 MB globals, 2 P
gc 1334 @57.635s 1%: 0.013+0.72+0.012 ms clock, 0.026+0.75/0.37/0+0.024 ms cpu, 3->3->0 MB, 4 MB goal, 0 MB stacks, 0 MB globals, 2 P
gc 1335 @57.653s 1%: 0.029+0.74+0.026 ms clock, 0.058+0.70/0.36/0+0.052 ms cpu, 3->3->0 MB, 4 MB goal, 0 MB stacks, 0 MB globals, 2 P
gc 1336 @57.670s 1%: 0.52+0.77+0.003 ms clock, 1.0+0.84/0.60/0+0.007 ms cpu, 3->3->0 MB, 4 MB goal, 0 MB stacks, 0 MB globals, 2 P
gc 1337 @57.689s 1%: 0.028+0.99+0.035 ms clock, 0.057+0.65/0.48/0.073+0.070 ms cpu, 3->3->0 MB, 4 MB goal, 0 MB stacks, 0 MB globals, 2 P
gc 1338 @57.707s 1%: 0.11+1.4+0.031 ms clock, 0.23+0.89/0.51/0+0.062 ms cpu, 3->3->0 MB, 4 MB goal, 0 MB stacks, 0 MB globals, 2 P
gc 1339 @57.724s 1%: 0.023+0.77+0.006 ms clock, 0.047+0.61/0.48/0+0.012 ms cpu, 3->3->0 MB, 4 MB goal, 0 MB stacks, 0 MB globals, 2 P
gc 1340 @57.741s 1%: 0.031+0.77+0.004 ms clock, 0.063+0.52/0.54/0+0.008 ms cpu, 3->3->0 MB, 4 MB goal, 0 MB stacks, 0 MB globals, 2 P
gc 1341 @57.759s 1%: 0.017+0.84+0.020 ms clock, 0.034+0.54/0.46/0+0.040 ms cpu, 3->3->0 MB, 4 MB goal, 0 MB stacks, 0 MB globals, 2 P
gc 1342 @57.776s 1%: 0.052+0.82+0.019 ms clock, 0.10+0.65/0.47/0+0.039 ms cpu, 3->3->0 MB, 4 MB goal, 0 MB stacks, 0 MB globals, 2 P
gc 1343 @57.793s 1%: 0.031+0.73+0.014 ms clock, 0.062+0.67/0.38/0+0.028 ms cpu, 3->3->0 MB, 4 MB goal, 0 MB stacks, 0 MB globals, 2 P
gc 1344 @57.811s 1%: 0.026+1.0+0.075 ms clock, 0.052+0.65/0.44/0+0.15 ms cpu, 3->3->0 MB, 4 MB goal, 0 MB stacks, 0 MB globals, 2 P
gc 1345 @57.828s 1%: 0.012+0.72+0.004 ms clock, 0.025+0.62/0.41/0+0.008 ms cpu, 3->3->0 MB, 4 MB goal, 0 MB stacks, 0 MB globals, 2 P
gc 1346 @57.846s 1%: 0.078+0.65+0.002 ms clock, 0.15+0.49/0.48/0+0.005 ms cpu, 3->3->0 MB, 4 MB goal, 0 MB stacks, 0 MB globals, 2 P
gc 1347 @57.863s 1%: 0.026+0.68+0.007 ms clock, 0.052+0.61/0.38/0+0.014 ms cpu, 3->3->0 MB, 4 MB goal, 0 MB stacks, 0 MB globals, 2 P
gc 1348 @57.881s 1%: 0.046+0.96+0.023 ms clock, 0.092+0.72/0.53/0+0.046 ms cpu, 3->3->0 MB, 4 MB goal, 0 MB stacks, 0 MB globals, 2 P
gc 1349 @57.899s 1%: 0.014+0.81+0.017 ms clock, 0.029+0.67/0.46/0+0.034 ms cpu, 3->3->0 MB, 4 MB goal, 0 MB stacks, 0 MB globals, 2 P
gc 1350 @57.918s 1%: 0.011+1.0+0.028 ms clock, 0.023+0.73/0.48/0+0.057 ms cpu, 3->3->0 MB, 4 MB goal, 0 MB stacks, 0 MB globals, 2 P
gc 1351 @57.934s 1%: 0.016+0.86+0.013 ms clock, 0.032+0.62/0.40/0+0.026 ms cpu, 3->3->0 MB, 4 MB goal, 0 MB stacks, 0 MB globals, 2 P
gc 1352 @57.950s 1%: 0.16+0.74+0.003 ms clock, 0.32+0.57/0.51/0+0.006 ms cpu, 3->3->0 MB, 4 MB goal, 0 MB stacks, 0 MB globals, 2 P
gc 1353 @57.966s 1%: 0.019+1.0+0.002 ms clock, 0.039+0.47/0.46/0+0.005 ms cpu, 3->3->0 MB, 4 MB goal, 0 MB stacks, 0 MB globals, 2 P
gc 1354 @57.983s 1%: 0.015+0.68+0.004 ms clock, 0.030+0.19/0.31/0.53+0.008 ms cpu, 3->3->0 MB, 4 MB goal, 0 MB stacks, 0 MB globals, 2 P
gc 1355 @57.999s 1%: 0.014+0.74+0.014 ms clock, 0.029+0.76/0.36/0+0.028 ms cpu, 3->3->0 MB, 4 MB goal, 0 MB stacks, 0 MB globals, 2 P
gc 1356 @58.016s 1%: 0.024+0.71+0.028 ms clock, 0.049+0.66/0.36/0+0.057 ms cpu, 3->3->0 MB, 4 MB goal, 0 MB stacks, 0 MB globals, 2 P
gc 1357 @58.034s 1%: 0.038+1.4+0.004 ms clock, 0.076+0.43/0.28/0+0.008 ms cpu, 3->3->0 MB, 4 MB goal, 0 MB stacks, 0 MB globals, 2 P
gc 1358 @58.052s 1%: 0.039+0.83+0.023 ms clock, 0.079+0.73/0.43/0+0.047 ms cpu, 3->3->0 MB, 4 MB goal, 0 MB stacks, 0 MB globals, 2 P
gc 1359 @58.069s 1%: 0.014+0.78+0.005 ms clock, 0.029+0.64/0.46/0+0.010 ms cpu, 3->3->0 MB, 4 MB goal, 0 MB stacks, 0 MB globals, 2 P
gc 1360 @58.087s 1%: 0.012+0.93+0.015 ms clock, 0.025+0.68/0.47/0+0.030 ms cpu, 3->3->0 MB, 4 MB goal, 0 MB stacks, 0 MB globals, 2 P
gc 1361 @58.105s 1%: 0.030+1.0+0.026 ms clock, 0.061+0.47/0.63/0+0.052 ms cpu, 3->3->0 MB, 4 MB goal, 0 MB stacks, 0 MB globals, 2 P
gc 1362 @58.123s 1%: 0.20+0.59+0.019 ms clock, 0.40+0.61/0.36/0+0.039 ms cpu, 3->3->0 MB, 4 MB goal, 0 MB stacks, 0 MB globals, 2 P
gc 1363 @58.141s 1%: 0.030+0.68+0.003 ms clock, 0.060+0.61/0.38/0+0.006 ms cpu, 3->3->0 MB, 4 MB goal, 0 MB stacks, 0 MB globals, 2 P
gc 1364 @58.159s 1%: 0.057+1.1+0.019 ms clock, 0.11+0.47/0.29/0+0.039 ms cpu, 3->3->0 MB, 4 MB goal, 0 MB stacks, 0 MB globals, 2 P
gc 1365 @58.178s 1%: 0.072+0.76+0.003 ms clock, 0.14+0.57/0.47/0+0.006 ms cpu, 3->3->0 MB, 4 MB goal, 0 MB stacks, 0 MB globals, 2 P
gc 1366 @58.197s 1%: 0.013+0.76+0.013 ms clock, 0.026+0.60/0.39/0+0.027 ms cpu, 3->3->0 MB, 4 MB goal, 0 MB stacks, 0 MB globals, 2 P
gc 1367 @58.215s 1%: 0.015+0.67+0.022 ms clock, 0.030+0.65/0.40/0+0.044 ms cpu, 3->3->0 MB, 4 MB goal, 0 MB stacks, 0 MB globals, 2 P
gc 1368 @58.232s 1%: 0.052+1.1+0.019 ms clock, 0.10+0.41/0.45/0+0.039 ms cpu, 3->3->0 MB, 4 MB goal, 0 MB stacks, 0 MB globals, 2 P
gc 1369 @58.248s 1%: 0.038+1.0+0.003 ms clock, 0.076+0.56/0.48/0+0.006 ms cpu, 3->3->0 MB, 4 MB goal, 0 MB stacks, 0 MB globals, 2 P
gc 1370 @58.264s 1%: 0.013+1.1+0.071 ms clock, 0.027+0.67/0.49/0+0.14 ms cpu, 3->3->0 MB, 4 MB goal, 0 MB stacks, 0 MB globals, 2 P
gc 1371 @58.281s 1%: 0.012+0.72+0.028 ms clock, 0.025+0.75/0.34/0+0.057 ms cpu, 3->3->0 MB, 4 MB goal, 0 MB stacks, 0 MB globals, 2 P
gc 1372 @58.297s 1%: 0.011+0.99+0.002 ms clock, 0.023+0.64/0.42/0+0.005 ms cpu, 3->3->0 MB, 4 MB goal, 0 MB stacks, 0 MB globals, 2 P
gc 1373 @58.315s 1%: 0.037+1.0+0.012 ms clock, 0.075+0.67/0.50/0+0.024 ms cpu, 3->3->0 MB, 4 MB goal, 0 MB stacks, 0 MB globals, 2 P
gc 1374 @58.333s 1%: 0.053+0.67+0.002 ms clock, 0.10+0.63/0.39/0+0.005 ms cpu, 3->3->0 MB, 4 MB goal, 0 MB stacks, 0 MB globals, 2 P
gc 1375 @58.351s 1%: 0.59+0.34+0.008 ms clock, 1.1+0.55/0.35/0+0.017 ms cpu, 3->3->0 MB, 4 MB goal, 0 MB stacks, 0 MB globals, 2 P
gc 1376 @58.368s 1%: 0.089+0.65+0.020 ms clock, 0.17+0.69/0.37/0+0.040 ms cpu, 3->3->0 MB, 4 MB goal, 0 MB stacks, 0 MB globals, 2 P
gc 1377 @58.386s 1%: 0.24+0.76+0.011 ms clock, 0.48+0.52/0.54/0+0.023 ms cpu, 3->3->0 MB, 4 MB goal, 0 MB stacks, 0 MB globals, 2 P
gc 1378 @58.403s 1%: 0.027+0.81+0.033 ms clock, 0.055+0.66/0.48/0+0.066 ms cpu, 3->3->0 MB, 4 MB goal, 0 MB stacks, 0 MB globals, 2 P
gc 1379 @58.421s 1%: 0.33+0.54+0.003 ms clock, 0.66+0.46/0.49/0+0.007 ms cpu, 3->3->0 MB, 4 MB goal, 0 MB stacks, 0 MB globals, 2 P
gc 1380 @58.440s 1%: 0.022+0.90+0.003 ms clock, 0.045+0.67/0.52/0+0.007 ms cpu, 3->3->0 MB, 4 MB goal, 0 MB stacks, 0 MB globals, 2 P
gc 1381 @58.458s 1%: 0.035+0.71+0.009 ms clock, 0.071+0.77/0.35/0+0.018 ms cpu, 3->3->0 MB, 4 MB goal, 0 MB stacks, 0 MB globals, 2 P
gc 1382 @58.475s 1%: 0.010+0.68+0.003 ms clock, 0.020+0.68/0.35/0+0.007 ms cpu, 3->3->0 MB, 4 MB goal, 0 MB stacks, 0 MB globals, 2 P
gc 1383 @58.493s 1%: 0.18+0.61+0.017 ms clock, 0.36+0.53/0.46/0+0.034 ms cpu, 3->3->0 MB, 4 MB goal, 0 MB stacks, 0 MB globals, 2 P
gc 1384 @58.511s 1%: 0.031+0.75+0.008 ms clock, 0.063+0.75/0.40/0+0.016 ms cpu, 3->3->0 MB, 4 MB goal, 0 MB stacks, 0 MB globals, 2 P
gc 1385 @58.528s 1%: 0.026+0.76+0.002 ms clock, 0.052+0.72/0.44/0+0.005 ms cpu, 3->3->0 MB, 4 MB goal, 0 MB stacks, 0 MB globals, 2 P
gc 1386 @58.546s 1%: 0.012+0.65+0.017 ms clock, 0.024+0.71/0.32/0+0.034 ms cpu, 3->3->0 MB, 4 MB goal, 0 MB stacks, 0 MB globals, 2 P
gc 1387 @58.564s 1%: 0.014+1.2+0.003 ms clock, 0.028+0.65/0.42/0+0.007 ms cpu, 3->3->0 MB, 4 MB goal, 0 MB stacks, 0 MB globals, 2 P
gc 1388 @58.583s 1%: 0.023+0.74+0.005 ms clock, 0.046+0.73/0.39/0+0.010 ms cpu, 3->3->0 MB, 4 MB goal, 0 MB stacks, 0 MB globals, 2 P
gc 1389 @58.601s 1%: 0.035+0.67+0.003 ms clock, 0.071+0.61/0.40/0+0.007 ms cpu, 3->3->0 MB, 4 MB goal, 0 MB stacks, 0 MB globals, 2 P
gc 1390 @58.619s 1%: 0.023+1.3+0.004 ms clock, 0.047+0.38/0.24/0+0.009 ms cpu, 3->3->0 MB, 4 MB goal, 0 MB stacks, 0 MB globals, 2 P
gc 1391 @58.637s 1%: 0.034+0.74+0.052 ms clock, 0.069+0.60/0.49/0+0.10 ms cpu, 3->3->0 MB, 4 MB goal, 0 MB stacks, 0 MB globals, 2 P
gc 1392 @58.656s 1%: 0.016+0.72+0.011 ms clock, 0.033+0.70/0.35/0+0.022 ms cpu, 3->3->0 MB, 4 MB goal, 0 MB stacks, 0 MB globals, 2 P
gc 1393 @58.675s 1%: 0.011+0.95+0.020 ms clock, 0.023+0.68/0.62/0+0.040 ms cpu, 3->3->0 MB, 4 MB goal, 0 MB stacks, 0 MB globals, 2 P
gc 1394 @58.693s 1%: 0.015+0.74+0.055 ms clock, 0.031+0.70/0.41/0+0.11 ms cpu, 3->3->0 MB, 4 MB goal, 0 MB stacks, 0 MB globals, 2 P
gc 1395 @58.711s 1%: 0.015+0.72+0.017 ms clock, 0.031+0.66/0.44/0+0.034 ms cpu, 3->3->0 MB, 4 MB goal, 0 MB stacks, 0 MB globals, 2 P
gc 1396 @58.729s 1%: 0.024+0.89+0.002 ms clock, 0.048+0.70/0.37/0+0.005 ms cpu, 3->3->0 MB, 4 MB goal, 0 MB stacks, 0 MB globals, 2 P
gc 1397 @58.748s 1%: 0.021+0.66+0.007 ms clock, 0.043+0.72/0.31/0+0.015 ms cpu, 3->3->0 MB, 4 MB goal, 0 MB stacks, 0 MB globals, 2 P
gc 1398 @58.766s 1%: 0.030+0.75+0.009 ms clock, 0.061+0.71/0.42/0+0.019 ms cpu, 3->3->0 MB, 4 MB goal, 0 MB stacks, 0 MB globals, 2 P
gc 1399 @58.784s 1%: 0.049+0.69+0.035 ms clock, 0.098+0.62/0.36/0+0.071 ms cpu, 3->3->0 MB, 4 MB goal, 0 MB stacks, 0 MB globals, 2 P
gc 1400 @58.802s 1%: 0.011+0.81+0.018 ms clock, 0.023+0.73/0.30/0+0.036 ms cpu, 3->3->0 MB, 4 MB goal, 0 MB stacks, 0 MB globals, 2 P
gc 1401 @58.820s 1%: 0.053+0.94+0.003 ms clock, 0.10+0.39/0.59/0+0.006 ms cpu, 3->3->0 MB, 4 MB goal, 0 MB stacks, 0 MB globals, 2 P
gc 1402 @58.838s 1%: 0.21+0.55+0.019 ms clock, 0.43+0.50/0.49/0+0.039 ms cpu, 3->3->0 MB, 4 MB goal, 0 MB stacks, 0 MB globals, 2 P
gc 1403 @58.856s 1%: 0.018+0.74+0.037 ms clock, 0.037+0.73/0.36/0+0.074 ms cpu, 3->3->0 MB, 4 MB goal, 0 MB stacks, 0 MB globals, 2 P
gc 1404 @58.874s 1%: 0.027+0.64+0.003 ms clock, 0.054+0.63/0.34/0+0.007 ms cpu, 3->3->0 MB, 4 MB goal, 0 MB stacks, 0 MB globals, 2 P
gc 1405 @58.892s 1%: 0.014+0.78+0.003 ms clock, 0.029+0.72/0.46/0+0.007 ms cpu, 3->3->0 MB, 4 MB goal, 0 MB stacks, 0 MB globals, 2 P
gc 1406 @58.911s 1%: 0.026+0.99+0.002 ms clock, 0.053+0.66/0.55/0+0.005 ms cpu, 3->3->0 MB, 4 MB goal, 0 MB stacks, 0 MB globals, 2 P
gc 1407 @58.929s 1%: 0.012+0.89+0.026 ms clock, 0.025+0.41/0.47/0+0.052 ms cpu, 3->3->0 MB, 4 MB goal, 0 MB stacks, 0 MB globals, 2 P
gc 1408 @58.948s 1%: 0.039+0.89+0.003 ms clock, 0.078+0.59/0.45/0+0.007 ms cpu, 3->3->0 MB, 4 MB goal, 0 MB stacks, 0 MB globals, 2 P
gc 1409 @58.966s 1%: 0.018+0.85+0.017 ms clock, 0.036+0.70/0.45/0+0.034 ms cpu, 3->3->0 MB, 4 MB goal, 0 MB stacks, 0 MB globals, 2 P
gc 1410 @58.985s 1%: 0.023+1.0+0.006 ms clock, 0.047+0.51/0.46/0+0.012 ms cpu, 3->3->0 MB, 4 MB goal, 0 MB stacks, 0 MB globals, 2 P
gc 1411 @59.003s 1%: 0.015+0.76+0.002 ms clock, 0.031+0.68/0.40/0.038+0.005 ms cpu, 3->3->0 MB, 4 MB goal, 0 MB stacks, 0 MB globals, 2 P
gc 1412 @59.022s 1%: 0.052+1.2+0.004 ms clock, 0.10+0.69/0.42/0+0.009 ms cpu, 3->3->0 MB, 4 MB goal, 0 MB stacks, 0 MB globals, 2 P
gc 1413 @59.039s 1%: 0.012+0.70+0.022 ms clock, 0.025+0.71/0.34/0+0.045 ms cpu, 3->3->0 MB, 4 MB goal, 0 MB stacks, 0 MB globals, 2 P
gc 1414 @59.057s 1%: 0.18+1.7+0.028 ms clock, 0.37+0.40/0.92/0+0.057 ms cpu, 3->3->1 MB, 4 MB goal, 0 MB stacks, 0 MB globals, 2 P
gc 1415 @59.074s 1%: 0.017+0.92+0.012 ms clock, 0.035+0.69/0.35/0+0.025 ms cpu, 3->3->0 MB, 4 MB goal, 0 MB stacks, 0 MB globals, 2 P
gc 1416 @59.092s 1%: 0.023+0.76+0.011 ms clock, 0.047+0.73/0.39/0+0.022 ms cpu, 3->3->0 MB, 4 MB goal, 0 MB stacks, 0 MB globals, 2 P
gc 1417 @59.110s 1%: 0.023+1.1+0.014 ms clock, 0.046+1.0/0.41/0+0.028 ms cpu, 3->3->0 MB, 4 MB goal, 0 MB stacks, 0 MB globals, 2 P
gc 1418 @59.125s 1%: 0.72+0.40+0.003 ms clock, 1.4+0.38/0.63/0+0.007 ms cpu, 3->3->0 MB, 4 MB goal, 0 MB stacks, 0 MB globals, 2 P
gc 1419 @59.140s 1%: 0.024+0.75+0.003 ms clock, 0.049+0.69/0.41/0+0.006 ms cpu, 3->3->0 MB, 4 MB goal, 0 MB stacks, 0 MB globals, 2 P
gc 1420 @59.155s 1%: 0.016+0.82+0.017 ms clock, 0.033+0.51/0.44/0+0.035 ms cpu, 3->3->0 MB, 4 MB goal, 0 MB stacks, 0 MB globals, 2 P
gc 1421 @59.170s 1%: 0.56+0.34+0.016 ms clock, 1.1+0.57/0.29/0+0.033 ms cpu, 3->3->0 MB, 4 MB goal, 0 MB stacks, 0 MB globals, 2 P
gc 1422 @59.185s 1%: 0.013+1.0+0.083 ms clock, 0.027+0.64/0.39/0.13+0.16 ms cpu, 3->3->0 MB, 4 MB goal, 0 MB stacks, 0 MB globals, 2 P
gc 1423 @59.203s 1%: 0.012+0.75+0.009 ms clock, 0.025+0.82/0.32/0+0.019 ms cpu, 3->3->0 MB, 4 MB goal, 0 MB stacks, 0 MB globals, 2 P
gc 1424 @59.222s 1%: 0.028+0.68+0.010 ms clock, 0.056+0.62/0.40/0+0.020 ms cpu, 3->3->0 MB, 4 MB goal, 0 MB stacks, 0 MB globals, 2 P
gc 1425 @59.239s 1%: 0.030+1.0+0.003 ms clock, 0.060+0.75/0.45/0+0.006 ms cpu, 3->3->0 MB, 4 MB goal, 0 MB stacks, 0 MB globals, 2 P
gc 1426 @59.257s 1%: 0.037+0.79+0.003 ms clock, 0.074+0.72/0.42/0+0.007 ms cpu, 3->3->0 MB, 4 MB goal, 0 MB stacks, 0 MB globals, 2 P
gc 1427 @59.274s 1%: 0.042+1.1+0.003 ms clock, 0.085+0.60/0.45/0+0.006 ms cpu, 3->3->0 MB, 4 MB goal, 0 MB stacks, 0 MB globals, 2 P
gc 1428 @59.292s 1%: 0.029+0.84+0.016 ms clock, 0.058+0.64/0.40/0+0.033 ms cpu, 3->3->0 MB, 4 MB goal, 0 MB stacks, 0 MB globals, 2 P
gc 1429 @59.309s 1%: 0.014+1.1+0.003 ms clock, 0.028+0.62/0.45/0+0.007 ms cpu, 3->3->0 MB, 4 MB goal, 0 MB stacks, 0 MB globals, 2 P
gc 1430 @59.327s 1%: 0.033+0.78+0.021 ms clock, 0.066+0.77/0.41/0+0.042 ms cpu, 3->3->0 MB, 4 MB goal, 0 MB stacks, 0 MB globals, 2 P
gc 1431 @59.346s 1%: 0.040+0.80+0.031 ms clock, 0.080+0.66/0.46/0+0.062 ms cpu, 3->3->0 MB, 4 MB goal, 0 MB stacks, 0 MB globals, 2 P
gc 1432 @59.364s 1%: 0.020+0.79+0.011 ms clock, 0.040+0.47/0.49/0+0.023 ms cpu, 3->3->0 MB, 4 MB goal, 0 MB stacks, 0 MB globals, 2 P
gc 1433 @59.382s 1%: 0.017+0.76+0.013 ms clock, 0.034+0.62/0.49/0+0.026 ms cpu, 3->3->0 MB, 4 MB goal, 0 MB stacks, 0 MB globals, 2 P
gc 1434 @59.400s 1%: 0.012+0.84+0.003 ms clock, 0.025+0.67/0.44/0+0.006 ms cpu, 3->3->0 MB, 4 MB goal, 0 MB stacks, 0 MB globals, 2 P
gc 1435 @59.419s 1%: 0.022+0.66+0.002 ms clock, 0.045+0.63/0.37/0+0.005 ms cpu, 3->3->0 MB, 4 MB goal, 0 MB stacks, 0 MB globals, 2 P
gc 1436 @59.437s 1%: 0.018+0.66+0.004 ms clock, 0.036+0.52/0.50/0+0.008 ms cpu, 3->3->0 MB, 4 MB goal, 0 MB stacks, 0 MB globals, 2 P
gc 1437 @59.456s 1%: 0.018+0.94+0.020 ms clock, 0.036+0.64/0.59/0+0.040 ms cpu, 3->3->0 MB, 4 MB goal, 0 MB stacks, 0 MB globals, 2 P
gc 1438 @59.474s 1%: 0.013+0.98+0.013 ms clock, 0.026+0.72/0.40/0+0.026 ms cpu, 3->3->0 MB, 4 MB goal, 0 MB stacks, 0 MB globals, 2 P
gc 1439 @59.492s 1%: 0.034+0.93+0.003 ms clock, 0.069+0.61/0.51/0+0.007 ms cpu, 3->3->0 MB, 4 MB goal, 0 MB stacks, 0 MB globals, 2 P
gc 1440 @59.510s 1%: 0.037+0.74+0.011 ms clock, 0.074+0.61/0.52/0+0.022 ms cpu, 3->3->0 MB, 4 MB goal, 0 MB stacks, 0 MB globals, 2 P
gc 1441 @59.528s 1%: 0.011+1.0+0.030 ms clock, 0.022+0.65/0.37/0+0.060 ms cpu, 3->3->0 MB, 4 MB goal, 0 MB stacks, 0 MB globals, 2 P
gc 1442 @59.546s 1%: 0.013+0.75+0.020 ms clock, 0.026+0.72/0.41/0.016+0.040 ms cpu, 3->3->0 MB, 4 MB goal, 0 MB stacks, 0 MB globals, 2 P
gc 1443 @59.565s 1%: 0.072+1.2+0.006 ms clock, 0.14+0.63/0.60/0+0.012 ms cpu, 3->3->0 MB, 4 MB goal, 0 MB stacks, 0 MB globals, 2 P
gc 1444 @59.583s 1%: 0.015+0.92+0.016 ms clock, 0.031+0.74/0.44/0+0.032 ms cpu, 3->3->0 MB, 4 MB goal, 0 MB stacks, 0 MB globals, 2 P
gc 1445 @59.601s 1%: 0.023+0.98+0.031 ms clock, 0.047+0.46/0.54/0+0.063 ms cpu, 3->3->0 MB, 4 MB goal, 0 MB stacks, 0 MB globals, 2 P
gc 1446 @59.619s 1%: 0.042+0.79+0.003 ms clock, 0.085+0.53/0.52/0+0.006 ms cpu, 3->3->0 MB, 4 MB goal, 0 MB stacks, 0 MB globals, 2 P
gc 1447 @59.637s 1%: 0.035+0.72+0.036 ms clock, 0.070+0.58/0.46/0+0.073 ms cpu, 3->3->0 MB, 4 MB goal, 0 MB stacks, 0 MB globals, 2 P
gc 1448 @59.655s 1%: 0.011+0.70+0.027 ms clock, 0.023+0.58/0.46/0+0.054 ms cpu, 3->3->0 MB, 4 MB goal, 0 MB stacks, 0 MB globals, 2 P
gc 1449 @59.673s 1%: 0.068+0.72+0.030 ms clock, 0.13+0.58/0.43/0+0.061 ms cpu, 3->3->0 MB, 4 MB goal, 0 MB stacks, 0 MB globals, 2 P
gc 1450 @59.691s 1%: 0.022+0.81+0.004 ms clock, 0.045+0.67/0.39/0+0.008 ms cpu, 3->3->0 MB, 4 MB goal, 0 MB stacks, 0 MB globals, 2 P
gc 1451 @59.709s 1%: 0.020+0.72+0.017 ms clock, 0.041+0.65/0.47/0+0.034 ms cpu, 3->3->0 MB, 4 MB goal, 0 MB stacks, 0 MB globals, 2 P
gc 1452 @59.726s 1%: 0.028+0.74+0.019 ms clock, 0.057+0.60/0.46/0+0.039 ms cpu, 3->3->0 MB, 4 MB goal, 0 MB stacks, 0 MB globals, 2 P
gc 1453 @59.744s 1%: 0.013+0.87+0.005 ms clock, 0.026+0.72/0.41/0+0.010 ms cpu, 3->3->0 MB, 4 MB goal, 0 MB stacks, 0 MB globals, 2 P
gc 1454 @59.761s 1%: 0.014+0.69+0.014 ms clock, 0.028+0.71/0.33/0+0.029 ms cpu, 3->3->0 MB, 4 MB goal, 0 MB stacks, 0 MB globals, 2 P
gc 1455 @59.779s 1%: 0.49+0.50+0.013 ms clock, 0.98+0.36/0.59/0+0.026 ms cpu, 3->3->0 MB, 4 MB goal, 0 MB stacks, 0 MB globals, 2 P
gc 1456 @59.797s 1%: 0.043+0.94+0.004 ms clock, 0.086+0.57/0.47/0+0.009 ms cpu, 3->3->0 MB, 4 MB goal, 0 MB stacks, 0 MB globals, 2 P
gc 1457 @59.816s 1%: 0.022+1.1+0.004 ms clock, 0.044+0.76/0.42/0+0.008 ms cpu, 3->3->0 MB, 4 MB goal, 0 MB stacks, 0 MB globals, 2 P
gc 1458 @59.833s 1%: 0.015+0.75+0.003 ms clock, 0.030+0.69/0.40/0+0.006 ms cpu, 3->3->0 MB, 4 MB goal, 0 MB stacks, 0 MB globals, 2 P
gc 1459 @59.851s 1%: 0.024+0.68+0.017 ms clock, 0.049+0.56/0.47/0+0.034 ms cpu, 3->3->0 MB, 4 MB goal, 0 MB stacks, 0 MB globals, 2 P
gc 1460 @59.868s 1%: 0.012+0.82+0.012 ms clock, 0.024+0.33/0.50/0+0.024 ms cpu, 3->3->0 MB, 4 MB goal, 0 MB stacks, 0 MB globals, 2 P
gc 1461 @59.885s 1%: 0.079+0.65+0.020 ms clock, 0.15+0.51/0.46/0+0.040 ms cpu, 3->3->0 MB, 4 MB goal, 0 MB stacks, 0 MB globals, 2 P
gc 1462 @59.903s 1%: 0.017+0.73+0.003 ms clock, 0.035+0.66/0.49/0+0.006 ms cpu, 3->3->0 MB, 4 MB goal, 0 MB stacks, 0 MB globals, 2 P
gc 1463 @59.922s 1%: 0.060+0.76+0.033 ms clock, 0.12+0.67/0.37/0+0.067 ms cpu, 3->3->0 MB, 4 MB goal, 0 MB stacks, 0 MB globals, 2 P
gc 1464 @59.940s 1%: 0.029+1.0+0.018 ms clock, 0.059+0.59/0.51/0+0.036 ms cpu, 3->3->0 MB, 4 MB goal, 0 MB stacks, 0 MB globals, 2 P
gc 1465 @59.958s 1%: 0.20+0.58+0.010 ms clock, 0.40+0.58/0.44/0+0.021 ms cpu, 3->3->0 MB, 4 MB goal, 0 MB stacks, 0 MB globals, 2 P
gc 1466 @59.975s 1%: 0.039+0.62+0.033 ms clock, 0.078+0.62/0.37/0+0.067 ms cpu, 3->3->0 MB, 4 MB goal, 0 MB stacks, 0 MB globals, 2 P
gc 1467 @59.993s 1%: 0.038+1.2+0.030 ms clock, 0.076+0.65/0.45/0+0.061 ms cpu, 3->3->0 MB, 4 MB goal, 0 MB stacks, 0 MB globals, 2 P
gc 1468 @60.011s 1%: 0.016+0.75+0.010 ms clock, 0.032+0.75/0.37/0+0.020 ms cpu, 3->3->0 MB, 4 MB goal, 0 MB stacks, 0 MB globals, 2 P
gc 1469 @60.029s 1%: 0.040+0.69+0.015 ms clock, 0.081+0.54/0.48/0+0.031 ms cpu, 3->3->0 MB, 4 MB goal, 0 MB stacks, 0 MB globals, 2 P
gc 1470 @60.046s 1%: 0.032+1.1+0.007 ms clock, 0.065+0.73/0.35/0+0.015 ms cpu, 3->3->0 MB, 4 MB goal, 0 MB stacks, 0 MB globals, 2 P
gc 1471 @60.064s 1%: 0.015+0.75+0.017 ms clock, 0.030+0.62/0.43/0+0.034 ms cpu, 3->3->0 MB, 4 MB goal, 0 MB stacks, 0 MB globals, 2 P
gc 1472 @60.082s 1%: 0.046+0.66+0.019 ms clock, 0.093+0.63/0.39/0+0.038 ms cpu, 3->3->0 MB, 4 MB goal, 0 MB stacks, 0 MB globals, 2 P
gc 1473 @60.101s 1%: 0.014+0.75+0.003 ms clock, 0.029+0.69/0.38/0+0.007 ms cpu, 3->3->0 MB, 4 MB goal, 0 MB stacks, 0 MB globals, 2 P
gc 1474 @60.119s 1%: 0.012+1.0+0.003 ms clock, 0.024+0.41/0.21/0+0.006 ms cpu, 3->3->0 MB, 4 MB goal, 0 MB stacks, 0 MB globals, 2 P
gc 1475 @60.137s 1%: 0.050+0.82+0.015 ms clock, 0.10+0.70/0.39/0+0.030 ms cpu, 3->3->0 MB, 4 MB goal, 0 MB stacks, 0 MB globals, 2 P
gc 1476 @60.156s 1%: 0.035+0.75+0.019 ms clock, 0.071+0.67/0.36/0+0.039 ms cpu, 3->3->0 MB, 4 MB goal, 0 MB stacks, 0 MB globals, 2 P
gc 1477 @60.174s 1%: 0.013+0.73+0.003 ms clock, 0.027+0.75/0.37/0+0.006 ms cpu, 3->3->0 MB, 4 MB goal, 0 MB stacks, 0 MB globals, 2 P
gc 1478 @60.192s 1%: 0.023+0.67+0.003 ms clock, 0.046+0.63/0.39/0+0.007 ms cpu, 3->3->0 MB, 4 MB goal, 0 MB stacks, 0 MB globals, 2 P
gc 1479 @60.211s 1%: 0.026+0.86+0.027 ms clock, 0.052+0.63/0.49/0+0.055 ms cpu, 3->3->0 MB, 4 MB goal, 0 MB stacks, 0 MB globals, 2 P
gc 1480 @60.229s 1%: 0.014+1.0+0.003 ms clock, 0.028+0.67/0.36/0+0.006 ms cpu, 3->3->0 MB, 4 MB goal, 0 MB stacks, 0 MB globals, 2 P
gc 1481 @60.247s 1%: 0.070+0.64+0.009 ms clock, 0.14+0.54/0.44/0+0.018 ms cpu, 3->3->0 MB, 4 MB goal, 0 MB stacks, 0 MB globals, 2 P
gc 1482 @60.266s 1%: 0.020+0.93+0.040 ms clock, 0.040+0.70/0.42/0+0.080 ms cpu, 3->3->0 MB, 4 MB goal, 0 MB stacks, 0 MB globals, 2 P
gc 1483 @60.284s 1%: 0.041+0.89+0.013 ms clock, 0.082+0.65/0.40/0+0.027 ms cpu, 3->3->0 MB, 4 MB goal, 0 MB stacks, 0 MB globals, 2 P
gc 1484 @60.302s 1%: 0.033+0.71+0.004 ms clock, 0.066+0.66/0.41/0+0.008 ms cpu, 3->3->0 MB, 4 MB goal, 0 MB stacks, 0 MB globals, 2 P
gc 1485 @60.320s 1%: 0.023+1.1+0.003 ms clock, 0.047+0.34/0.52/0+0.007 ms cpu, 3->3->0 MB, 4 MB goal, 0 MB stacks, 0 MB globals, 2 P
gc 1486 @60.338s 1%: 0.023+0.96+0.023 ms clock, 0.047+0.57/0.48/0+0.047 ms cpu, 3->3->0 MB, 4 MB goal, 0 MB stacks, 0 MB globals, 2 P
gc 1487 @60.356s 1%: 0.014+0.70+0.017 ms clock, 0.028+0.67/0.37/0+0.034 ms cpu, 3->3->0 MB, 4 MB goal, 0 MB stacks, 0 MB globals, 2 P
gc 1488 @60.374s 1%: 0.018+1.1+0.005 ms clock, 0.037+0.33/0.64/0+0.010 ms cpu, 3->3->0 MB, 4 MB goal, 0 MB stacks, 0 MB globals, 2 P
gc 1489 @60.392s 1%: 0.41+1.3+0.019 ms clock, 0.83+0.56/0.65/0+0.039 ms cpu, 3->3->1 MB, 4 MB goal, 0 MB stacks, 0 MB globals, 2 P
gc 1490 @60.410s 1%: 0.037+0.70+0.002 ms clock, 0.075+0.79/0.32/0+0.005 ms cpu, 3->3->0 MB, 4 MB goal, 0 MB stacks, 0 MB globals, 2 P
gc 1491 @60.429s 1%: 0.038+1.4+0.016 ms clock, 0.077+0.48/0.26/0+0.033 ms cpu, 3->3->0 MB, 4 MB goal, 0 MB stacks, 0 MB globals, 2 P
gc 1492 @60.447s 1%: 0.024+0.95+0.018 ms clock, 0.048+0.57/0.43/0+0.037 ms cpu, 3->3->0 MB, 4 MB goal, 0 MB stacks, 0 MB globals, 2 P
gc 1493 @60.466s 1%: 0.032+0.75+0.004 ms clock, 0.064+0.72/0.42/0+0.008 ms cpu, 3->3->0 MB, 4 MB goal, 0 MB stacks, 0 MB globals, 2 P
gc 1494 @60.485s 1%: 0.024+0.73+0.019 ms clock, 0.049+0.63/0.52/0+0.039 ms cpu, 3->3->0 MB, 4 MB goal, 0 MB stacks, 0 MB globals, 2 P
gc 1495 @60.504s 1%: 0.042+0.74+0.004 ms clock, 0.084+0.75/0.39/0+0.008 ms cpu, 3->3->0 MB, 4 MB goal, 0 MB stacks, 0 MB globals, 2 P
gc 1496 @60.521s 1%: 0.026+0.98+0.003 ms clock, 0.053+0.64/0.36/0+0.007 ms cpu, 3->3->0 MB, 4 MB goal, 0 MB stacks, 0 MB globals, 2 P
gc 1497 @60.538s 1%: 0.019+1.0+0.008 ms clock, 0.039+0.57/0.65/0+0.017 ms cpu, 3->3->0 MB, 4 MB goal, 0 MB stacks, 0 MB globals, 2 P
gc 1498 @60.556s 1%: 0.040+0.85+0.017 ms clock, 0.080+0.60/0.42/0+0.034 ms cpu, 3->3->0 MB, 4 MB goal, 0 MB stacks, 0 MB globals, 2 P
gc 1499 @60.574s 1%: 0.014+0.74+0.018 ms clock, 0.029+0.64/0.41/0+0.037 ms cpu, 3->3->0 MB, 4 MB goal, 0 MB stacks, 0 MB globals, 2 P
gc 1500 @60.591s 1%: 0.014+0.74+0.016 ms clock, 0.028+0.68/0.35/0+0.032 ms cpu, 3->3->0 MB, 4 MB goal, 0 MB stacks, 0 MB globals, 2 P
gc 1501 @60.609s 1%: 0.014+1.5+0.002 ms clock, 0.028+0.47/0.37/0+0.005 ms cpu, 3->3->1 MB, 4 MB goal, 0 MB stacks, 0 MB globals, 2 P
gc 1502 @60.627s 1%: 0.035+0.85+0.003 ms clock, 0.070+0.77/0.45/0+0.007 ms cpu, 3->3->0 MB, 4 MB goal, 0 MB stacks, 0 MB globals, 2 P
gc 1503 @60.645s 1%: 0.013+0.73+0.014 ms clock, 0.026+0.72/0.39/0+0.028 ms cpu, 3->3->0 MB, 4 MB goal, 0 MB stacks, 0 MB globals, 2 P
gc 1504 @60.664s 1%: 0.026+0.67+0.003 ms clock, 0.052+0.62/0.46/0+0.006 ms cpu, 3->3->0 MB, 4 MB goal, 0 MB stacks, 0 MB globals, 2 P
gc 1505 @60.682s 1%: 0.039+1.0+0.020 ms clock, 0.079+0.74/0.43/0+0.041 ms cpu, 3->3->0 MB, 4 MB goal, 0 MB stacks, 0 MB globals, 2 P
gc 1506 @60.700s 1%: 0.030+0.82+0.012 ms clock, 0.060+0.69/0.35/0+0.025 ms cpu, 3->3->0 MB, 4 MB goal, 0 MB stacks, 0 MB globals, 2 P
gc 1507 @60.718s 1%: 0.048+0.64+0.021 ms clock, 0.097+0.60/0.38/0+0.043 ms cpu, 3->3->0 MB, 4 MB goal, 0 MB stacks, 0 MB globals, 2 P
gc 1508 @60.736s 1%: 0.028+0.70+0.018 ms clock, 0.057+0.61/0.45/0+0.037 ms cpu, 3->3->0 MB, 4 MB goal, 0 MB stacks, 0 MB globals, 2 P
gc 1509 @60.754s 1%: 0.036+1.0+0.038 ms clock, 0.072+0.56/0.46/0+0.076 ms cpu, 3->3->0 MB, 4 MB goal, 0 MB stacks, 0 MB globals, 2 P
gc 1510 @60.772s 1%: 0.039+0.86+0.028 ms clock, 0.079+0.49/0.50/0+0.056 ms cpu, 3->3->0 MB, 4 MB goal, 0 MB stacks, 0 MB globals, 2 P
gc 1511 @60.790s 1%: 0.030+0.83+0.004 ms clock, 0.060+0.68/0.39/0+0.008 ms cpu, 3->3->0 MB, 4 MB goal, 0 MB stacks, 0 MB globals, 2 P
gc 1512 @60.809s 1%: 0.021+0.66+0.009 ms clock, 0.043+0.72/0.35/0+0.018 ms cpu, 3->3->0 MB, 4 MB goal, 0 MB stacks, 0 MB globals, 2 P
gc 1513 @60.826s 1%: 0.036+0.72+0.013 ms clock, 0.073+0.75/0.36/0+0.027 ms cpu, 3->3->0 MB, 4 MB goal, 0 MB stacks, 0 MB globals, 2 P
gc 1514 @60.844s 1%: 0.057+0.78+0.019 ms clock, 0.11+0.54/0.48/0+0.039 ms cpu, 3->3->0 MB, 4 MB goal, 0 MB stacks, 0 MB globals, 2 P
gc 1515 @60.861s 1%: 0.027+0.80+0.018 ms clock, 0.055+0.58/0.54/0+0.037 ms cpu, 3->3->0 MB, 4 MB goal, 0 MB stacks, 0 MB globals, 2 P
gc 1516 @60.879s 1%: 0.25+0.63+0.022 ms clock, 0.51+0.53/0.41/0+0.044 ms cpu, 3->3->0 MB, 4 MB goal, 0 MB stacks, 0 MB globals, 2 P
gc 1517 @60.896s 1%: 0.021+0.77+0.025 ms clock, 0.042+0.80/0.35/0+0.050 ms cpu, 3->3->0 MB, 4 MB goal, 0 MB stacks, 0 MB globals, 2 P
gc 1518 @60.914s 1%: 0.021+0.92+0.004 ms clock, 0.042+0.71/0.35/0+0.009 ms cpu, 3->3->0 MB, 4 MB goal, 0 MB stacks, 0 MB globals, 2 P
gc 1519 @60.931s 1%: 0.026+1.1+0.031 ms clock, 0.053+0.67/0.33/0+0.062 ms cpu, 3->3->0 MB, 4 MB goal, 0 MB stacks, 0 MB globals, 2 P
gc 1520 @60.949s 1%: 0.044+1.0+0.004 ms clock, 0.088+0.73/0.39/0+0.008 ms cpu, 3->3->0 MB, 4 MB goal, 0 MB stacks, 0 MB globals, 2 P
gc 1521 @60.966s 1%: 0.017+0.70+0.006 ms clock, 0.035+0.68/0.43/0+0.012 ms cpu, 3->3->0 MB, 4 MB goal, 0 MB stacks, 0 MB globals, 2 P
gc 1522 @60.983s 1%: 0.019+0.77+0.018 ms clock, 0.038+0.61/0.41/0+0.037 ms cpu, 3->3->0 MB, 4 MB goal, 0 MB stacks, 0 MB globals, 2 P
gc 1523 @61.001s 1%: 0.018+0.71+0.017 ms clock, 0.036+0.68/0.37/0+0.034 ms cpu, 3->3->0 MB, 4 MB goal, 0 MB stacks, 0 MB globals, 2 P
gc 1524 @61.019s 1%: 0.23+0.50+0.024 ms clock, 0.46+0.52/0.42/0+0.049 ms cpu, 3->3->0 MB, 4 MB goal, 0 MB stacks, 0 MB globals, 2 P
gc 1525 @61.037s 1%: 0.017+0.85+0.002 ms clock, 0.034+0.59/0.57/0+0.005 ms cpu, 3->3->0 MB, 4 MB goal, 0 MB stacks, 0 MB globals, 2 P
gc 1526 @61.056s 1%: 0.14+0.76+0.019 ms clock, 0.28+0.63/0.39/0+0.039 ms cpu, 3->3->0 MB, 4 MB goal, 0 MB stacks, 0 MB globals, 2 P
gc 1527 @61.075s 1%: 0.053+0.72+0.004 ms clock, 0.10+0.66/0.37/0+0.008 ms cpu, 3->3->0 MB, 4 MB goal, 0 MB stacks, 0 MB globals, 2 P
gc 1528 @61.093s 1%: 0.032+1.2+0.003 ms clock, 0.064+0.38/0.25/0+0.006 ms cpu, 3->3->0 MB, 4 MB goal, 0 MB stacks, 0 MB globals, 2 P
gc 1529 @61.111s 1%: 0.040+0.91+0.005 ms clock, 0.081+0.71/0.37/0+0.011 ms cpu, 3->3->0 MB, 4 MB goal, 0 MB stacks, 0 MB globals, 2 P
gc 1530 @61.130s 1%: 0.016+0.83+0.006 ms clock, 0.032+0.69/0.47/0+0.013 ms cpu, 3->3->0 MB, 4 MB goal, 0 MB stacks, 0 MB globals, 2 P
gc 1531 @61.148s 1%: 0.047+0.66+0.004 ms clock, 0.095+0.63/0.39/0+0.009 ms cpu, 3->3->0 MB, 4 MB goal, 0 MB stacks, 0 MB globals, 2 P
gc 1532 @61.166s 1%: 0.038+0.73+0.005 ms clock, 0.076+0.63/0.38/0+0.010 ms cpu, 3->3->0 MB, 4 MB goal, 0 MB stacks, 0 MB globals, 2 P
gc 1533 @61.185s 1%: 0.040+0.70+0.011 ms clock, 0.081+0.74/0.35/0+0.023 ms cpu, 3->3->0 MB, 4 MB goal, 0 MB stacks, 0 MB globals, 2 P
gc 1534 @61.204s 1%: 0.16+0.78+0.007 ms clock, 0.32+0.72/0.54/0+0.015 ms cpu, 3->3->0 MB, 4 MB goal, 0 MB stacks, 0 MB globals, 2 P
gc 1535 @61.222s 1%: 0.024+0.70+0.008 ms clock, 0.048+0.69/0.32/0+0.016 ms cpu, 3->3->0 MB, 4 MB goal, 0 MB stacks, 0 MB globals, 2 P
gc 1536 @61.240s 1%: 0.031+0.72+0.011 ms clock, 0.062+0.64/0.48/0+0.022 ms cpu, 3->3->0 MB, 4 MB goal, 0 MB stacks, 0 MB globals, 2 P
gc 1537 @61.259s 1%: 0.030+0.73+0.003 ms clock, 0.061+0.58/0.46/0+0.007 ms cpu, 3->3->0 MB, 4 MB goal, 0 MB stacks, 0 MB globals, 2 P
gc 1538 @61.277s 1%: 0.017+0.83+0.010 ms clock, 0.035+0.61/0.54/0+0.021 ms cpu, 3->3->0 MB, 4 MB goal, 0 MB stacks, 0 MB globals, 2 P
gc 1539 @61.295s 1%: 0.038+0.69+0.022 ms clock, 0.077+0.61/0.40/0+0.045 ms cpu, 3->3->0 MB, 4 MB goal, 0 MB stacks, 0 MB globals, 2 P
gc 1540 @61.313s 1%: 0.031+0.71+0.015 ms clock, 0.063+0.59/0.44/0+0.030 ms cpu, 3->3->0 MB, 4 MB goal, 0 MB stacks, 0 MB globals, 2 P
gc 1541 @61.332s 1%: 0.011+1.0+0.003 ms clock, 0.022+0.56/0.43/0+0.006 ms cpu, 3->3->0 MB, 4 MB goal, 0 MB stacks, 0 MB globals, 2 P
gc 1542 @61.350s 1%: 0.020+0.88+0.004 ms clock, 0.041+0.76/0.37/0+0.008 ms cpu, 3->3->0 MB, 4 MB goal, 0 MB stacks, 0 MB globals, 2 P
gc 1543 @61.368s 1%: 0.014+1.0+0.037 ms clock, 0.028+0.53/0.61/0+0.075 ms cpu, 3->3->0 MB, 4 MB goal, 0 MB stacks, 0 MB globals, 2 P
gc 1544 @61.385s 1%: 0.021+0.78+0.014 ms clock, 0.043+0.56/0.52/0+0.028 ms cpu, 3->3->0 MB, 4 MB goal, 0 MB stacks, 0 MB globals, 2 P
gc 1545 @61.402s 1%: 0.038+0.82+0.017 ms clock, 0.076+0.65/0.37/0+0.035 ms cpu, 3->3->0 MB, 4 MB goal, 0 MB stacks, 0 MB globals, 2 P
gc 1546 @61.420s 1%: 0.025+0.69+0.049 ms clock, 0.051+0.61/0.43/0+0.099 ms cpu, 3->3->0 MB, 4 MB goal, 0 MB stacks, 0 MB globals, 2 P
gc 1547 @61.437s 1%: 0.033+0.78+0.003 ms clock, 0.067+0.61/0.45/0+0.006 ms cpu, 3->3->0 MB, 4 MB goal, 0 MB stacks, 0 MB globals, 2 P
gc 1548 @61.456s 1%: 0.039+1.0+0.025 ms clock, 0.078+0.36/0.47/0+0.051 ms cpu, 3->3->0 MB, 4 MB goal, 0 MB stacks, 0 MB globals, 2 P
gc 1549 @61.474s 1%: 0.025+0.79+0.017 ms clock, 0.050+0.74/0.41/0+0.034 ms cpu, 3->3->0 MB, 4 MB goal, 0 MB stacks, 0 MB globals, 2 P
gc 1550 @61.493s 1%: 0.029+1.1+0.003 ms clock, 0.059+0.41/0.21/0+0.006 ms cpu, 3->3->0 MB, 4 MB goal, 0 MB stacks, 0 MB globals, 2 P
gc 1551 @61.512s 1%: 0.031+0.81+0.021 ms clock, 0.062+0.61/0.55/0+0.042 ms cpu, 3->3->0 MB, 4 MB goal, 0 MB stacks, 0 MB globals, 2 P
gc 1552 @61.530s 1%: 0.014+1.3+0.009 ms clock, 0.029+0.66/0.39/0+0.019 ms cpu, 3->3->0 MB, 4 MB goal, 0 MB stacks, 0 MB globals, 2 P
gc 1553 @61.548s 1%: 0.029+0.69+0.019 ms clock, 0.058+0.71/0.35/0+0.038 ms cpu, 3->3->0 MB, 4 MB goal, 0 MB stacks, 0 MB globals, 2 P
gc 1554 @61.566s 1%: 0.021+1.0+0.020 ms clock, 0.042+0.69/0.36/0+0.041 ms cpu, 3->3->0 MB, 4 MB goal, 0 MB stacks, 0 MB globals, 2 P
gc 1555 @61.584s 1%: 0.082+0.82+0.014 ms clock, 0.16+0.62/0.39/0+0.028 ms cpu, 3->3->0 MB, 4 MB goal, 0 MB stacks, 0 MB globals, 2 P
gc 1556 @61.602s 1%: 0.047+0.67+0.026 ms clock, 0.095+0.60/0.40/0+0.052 ms cpu, 3->3->0 MB, 4 MB goal, 0 MB stacks, 0 MB globals, 2 P
gc 1557 @61.620s 1%: 0.019+0.75+0.031 ms clock, 0.039+0.65/0.47/0+0.062 ms cpu, 3->3->0 MB, 4 MB goal, 0 MB stacks, 0 MB globals, 2 P
gc 1558 @61.638s 1%: 0.013+0.69+0.023 ms clock, 0.026+0.67/0.33/0+0.047 ms cpu, 3->3->0 MB, 4 MB goal, 0 MB stacks, 0 MB globals, 2 P
gc 1559 @61.656s 1%: 0.014+0.84+0.010 ms clock, 0.028+0.74/0.41/0+0.021 ms cpu, 3->3->0 MB, 4 MB goal, 0 MB stacks, 0 MB globals, 2 P
gc 1560 @61.674s 1%: 0.023+0.68+0.003 ms clock, 0.047+0.67/0.34/0+0.007 ms cpu, 3->3->0 MB, 4 MB goal, 0 MB stacks, 0 MB globals, 2 P
gc 1561 @61.692s 1%: 0.022+0.67+0.002 ms clock, 0.044+0.67/0.35/0+0.005 ms cpu, 3->3->0 MB, 4 MB goal, 0 MB stacks, 0 MB globals, 2 P
gc 1562 @61.709s 1%: 0.030+0.75+0.017 ms clock, 0.060+0.67/0.33/0+0.034 ms cpu, 3->3->0 MB, 4 MB goal, 0 MB stacks, 0 MB globals, 2 P
gc 1563 @61.727s 1%: 0.035+1.4+0.002 ms clock, 0.071+0.48/0.24/0+0.005 ms cpu, 3->3->0 MB, 4 MB goal, 0 MB stacks, 0 MB globals, 2 P
gc 1564 @61.744s 1%: 0.018+1.0+0.004 ms clock, 0.037+0.75/0.43/0+0.008 ms cpu, 3->3->0 MB, 4 MB goal, 0 MB stacks, 0 MB globals, 2 P
gc 1565 @61.762s 1%: 0.012+0.46+0.002 ms clock, 0.025+0.024/0.21/0.65+0.005 ms cpu, 3->3->0 MB, 4 MB goal, 0 MB stacks, 0 MB globals, 2 P
gc 1566 @61.779s 1%: 0.015+0.66+0.026 ms clock, 0.031+0.59/0.39/0+0.053 ms cpu, 3->3->0 MB, 4 MB goal, 0 MB stacks, 0 MB globals, 2 P
gc 1567 @61.797s 1%: 0.023+0.88+0.002 ms clock, 0.047+0.59/0.37/0+0.005 ms cpu, 3->3->0 MB, 4 MB goal, 0 MB stacks, 0 MB globals, 2 P
gc 1568 @61.815s 1%: 0.040+1.0+0.029 ms clock, 0.080+0.75/0.46/0+0.059 ms cpu, 3->3->0 MB, 4 MB goal, 0 MB stacks, 0 MB globals, 2 P
gc 1569 @61.833s 1%: 0.014+0.73+0.003 ms clock, 0.028+0.71/0.39/0+0.007 ms cpu, 3->3->0 MB, 4 MB goal, 0 MB stacks, 0 MB globals, 2 P
gc 1570 @61.851s 1%: 0.040+0.68+0.022 ms clock, 0.081+0.61/0.40/0+0.045 ms cpu, 3->3->0 MB, 4 MB goal, 0 MB stacks, 0 MB globals, 2 P
gc 1571 @61.869s 1%: 0.018+1.0+0.002 ms clock, 0.036+0.67/0.51/0+0.005 ms cpu, 3->3->0 MB, 4 MB goal, 0 MB stacks, 0 MB globals, 2 P
gc 1572 @61.888s 1%: 0.020+0.67+0.002 ms clock, 0.040+0.68/0.33/0+0.005 ms cpu, 3->3->0 MB, 4 MB goal, 0 MB stacks, 0 MB globals, 2 P
gc 1573 @61.905s 1%: 0.025+0.83+0.003 ms clock, 0.051+0.73/0.46/0+0.006 ms cpu, 3->3->0 MB, 4 MB goal, 0 MB stacks, 0 MB globals, 2 P
gc 1574 @61.922s 1%: 0.040+0.87+0.004 ms clock, 0.080+0.75/0.39/0+0.008 ms cpu, 3->3->0 MB, 4 MB goal, 0 MB stacks, 0 MB globals, 2 P
gc 1575 @61.939s 1%: 0.028+0.86+0.003 ms clock, 0.057+0.55/0.44/0+0.007 ms cpu, 3->3->0 MB, 4 MB goal, 0 MB stacks, 0 MB globals, 2 P
gc 1576 @61.956s 1%: 0.029+0.81+0.014 ms clock, 0.059+0.73/0.44/0+0.028 ms cpu, 3->3->0 MB, 4 MB goal, 0 MB stacks, 0 MB globals, 2 P
gc 1577 @61.973s 1%: 0.074+0.68+0.020 ms clock, 0.14+0.69/0.31/0+0.041 ms cpu, 3->3->0 MB, 4 MB goal, 0 MB stacks, 0 MB globals, 2 P
gc 1578 @61.992s 1%: 0.025+0.67+0.003 ms clock, 0.051+0.65/0.33/0+0.006 ms cpu, 3->3->0 MB, 4 MB goal, 0 MB stacks, 0 MB globals, 2 P
gc 1579 @62.009s 1%: 0.053+0.92+0.014 ms clock, 0.10+0.60/0.49/0+0.029 ms cpu, 3->3->0 MB, 4 MB goal, 0 MB stacks, 0 MB globals, 2 P
gc 1580 @62.027s 1%: 0.025+0.79+0.024 ms clock, 0.050+0.68/0.39/0+0.049 ms cpu, 3->3->0 MB, 4 MB goal, 0 MB stacks, 0 MB globals, 2 P
gc 1581 @62.044s 1%: 0.077+0.61+0.003 ms clock, 0.15+0.68/0.31/0+0.007 ms cpu, 3->3->0 MB, 4 MB goal, 0 MB stacks, 0 MB globals, 2 P
gc 1582 @62.062s 1%: 0.012+0.73+0.043 ms clock, 0.025+0.058/0.42/0.42+0.086 ms cpu, 3->3->0 MB, 4 MB goal, 0 MB stacks, 0 MB globals, 2 P
gc 1583 @62.079s 1%: 0.013+1.0+0.020 ms clock, 0.026+0.40/0.40/0+0.040 ms cpu, 3->3->0 MB, 4 MB goal, 0 MB stacks, 0 MB globals, 2 P
gc 1584 @62.097s 1%: 0.011+0.73+0.021 ms clock, 0.023+0.58/0.47/0+0.043 ms cpu, 3->3->0 MB, 4 MB goal, 0 MB stacks, 0 MB globals, 2 P
gc 1585 @62.115s 1%: 0.029+0.95+0.017 ms clock, 0.058+0.57/0.49/0+0.035 ms cpu, 3->3->0 MB, 4 MB goal, 0 MB stacks, 0 MB globals, 2 P
gc 1586 @62.133s 1%: 0.018+1.0+0.014 ms clock, 0.036+0.57/0.46/0+0.029 ms cpu, 3->3->0 MB, 4 MB goal, 0 MB stacks, 0 MB globals, 2 P
gc 1587 @62.152s 1%: 0.011+0.77+0.002 ms clock, 0.023+0.78/0.35/0+0.005 ms cpu, 3->3->0 MB, 4 MB goal, 0 MB stacks, 0 MB globals, 2 P
gc 1588 @62.169s 1%: 0.038+0.63+0.002 ms clock, 0.076+0.59/0.44/0+0.005 ms cpu, 3->3->0 MB, 4 MB goal, 0 MB stacks, 0 MB globals, 2 P
gc 1589 @62.186s 1%: 0.032+0.63+0.010 ms clock, 0.065+0.56/0.43/0+0.021 ms cpu, 3->3->0 MB, 4 MB goal, 0 MB stacks, 0 MB globals, 2 P
gc 1590 @62.203s 1%: 0.012+0.73+0.002 ms clock, 0.024+0.65/0.37/0+0.005 ms cpu, 3->3->0 MB, 4 MB goal, 0 MB stacks, 0 MB globals, 2 P
gc 1591 @62.220s 1%: 0.024+1.4+0.003 ms clock, 0.048+0.86/0.42/0+0.006 ms cpu, 3->3->1 MB, 4 MB goal, 0 MB stacks, 0 MB globals, 2 P
gc 1592 @62.237s 1%: 0.021+0.68+0.024 ms clock, 0.043+0.66/0.32/0+0.049 ms cpu, 3->3->0 MB, 4 MB goal, 0 MB stacks, 0 MB globals, 2 P
gc 1593 @62.254s 1%: 0.037+1.1+0.003 ms clock, 0.074+0.67/0.42/0+0.006 ms cpu, 3->3->0 MB, 4 MB goal, 0 MB stacks, 0 MB globals, 2 P
gc 1594 @62.272s 1%: 0.011+0.79+0.021 ms clock, 0.023+0.72/0.39/0+0.042 ms cpu, 3->3->0 MB, 4 MB goal, 0 MB stacks, 0 MB globals, 2 P
gc 1595 @62.289s 1%: 0.038+0.91+0.007 ms clock, 0.077+0.50/0.50/0+0.014 ms cpu, 3->3->0 MB, 4 MB goal, 0 MB stacks, 0 MB globals, 2 P
gc 1596 @62.306s 1%: 0.029+0.66+0.003 ms clock, 0.058+0.62/0.37/0+0.007 ms cpu, 3->3->0 MB, 4 MB goal, 0 MB stacks, 0 MB globals, 2 P
gc 1597 @62.324s 1%: 0.015+1.2+0.002 ms clock, 0.031+0.73/0.40/0+0.005 ms cpu, 3->3->0 MB, 4 MB goal, 0 MB stacks, 0 MB globals, 2 P
gc 1598 @62.342s 1%: 0.027+1.5+0.003 ms clock, 0.054+0.68/0.46/0+0.007 ms cpu, 3->3->1 MB, 4 MB goal, 0 MB stacks, 0 MB globals, 2 P
gc 1599 @62.360s 1%: 0.011+1.1+0.004 ms clock, 0.023+0.75/0.37/0+0.008 ms cpu, 3->3->0 MB, 4 MB goal, 0 MB stacks, 0 MB globals, 2 P
gc 1600 @62.377s 1%: 0.032+0.87+0.002 ms clock, 0.065+0.52/0.54/0+0.005 ms cpu, 3->3->0 MB, 4 MB goal, 0 MB stacks, 0 MB globals, 2 P
gc 1601 @62.395s 1%: 0.023+0.85+0.035 ms clock, 0.046+0.58/0.45/0+0.070 ms cpu, 3->3->0 MB, 4 MB goal, 0 MB stacks, 0 MB globals, 2 P
gc 1602 @62.413s 1%: 0.017+0.87+0.003 ms clock, 0.035+0.56/0.45/0+0.007 ms cpu, 3->3->0 MB, 4 MB goal, 0 MB stacks, 0 MB globals, 2 P
gc 1603 @62.430s 1%: 0.024+0.85+0.029 ms clock, 0.049+0.68/0.39/0+0.058 ms cpu, 3->3->0 MB, 4 MB goal, 0 MB stacks, 0 MB globals, 2 P
gc 1604 @62.448s 1%: 0.019+0.73+0.026 ms clock, 0.038+0.75/0.40/0+0.052 ms cpu, 3->3->0 MB, 4 MB goal, 0 MB stacks, 0 MB globals, 2 P
gc 1605 @62.466s 1%: 0.032+1.1+0.022 ms clock, 0.064+0.48/0.45/0+0.045 ms cpu, 3->3->0 MB, 4 MB goal, 0 MB stacks, 0 MB globals, 2 P
gc 1606 @62.485s 1%: 0.023+0.96+0.003 ms clock, 0.047+0.64/0.47/0+0.007 ms cpu, 3->3->0 MB, 4 MB goal, 0 MB stacks, 0 MB globals, 2 P
gc 1607 @62.503s 1%: 0.015+0.75+0.014 ms clock, 0.030+0.66/0.39/0+0.029 ms cpu, 3->3->0 MB, 4 MB goal, 0 MB stacks, 0 MB globals, 2 P
gc 1608 @62.522s 1%: 0.19+0.75+0.025 ms clock, 0.38+0.68/0.42/0+0.050 ms cpu, 3->3->0 MB, 4 MB goal, 0 MB stacks, 0 MB globals, 2 P
gc 1609 @62.540s 1%: 0.11+0.69+0.017 ms clock, 0.23+0.68/0.40/0+0.034 ms cpu, 3->3->0 MB, 4 MB goal, 0 MB stacks, 0 MB globals, 2 P
gc 1610 @62.558s 1%: 0.024+0.72+0.019 ms clock, 0.048+0.62/0.43/0+0.039 ms cpu, 3->3->0 MB, 4 MB goal, 0 MB stacks, 0 MB globals, 2 P
gc 1611 @62.577s 1%: 0.013+0.96+0.004 ms clock, 0.026+0.43/0.40/0+0.008 ms cpu, 3->3->0 MB, 4 MB goal, 0 MB stacks, 0 MB globals, 2 P
gc 1612 @62.595s 1%: 0.040+0.89+0.020 ms clock, 0.081+0.64/0.49/0+0.040 ms cpu, 3->3->0 MB, 4 MB goal, 0 MB stacks, 0 MB globals, 2 P
gc 1613 @62.613s 1%: 0.20+0.83+0.006 ms clock, 0.40+0.60/0.40/0+0.012 ms cpu, 3->3->0 MB, 4 MB goal, 0 MB stacks, 0 MB globals, 2 P
gc 1614 @62.632s 1%: 0.036+0.92+0.016 ms clock, 0.073+0.73/0.43/0+0.032 ms cpu, 3->3->0 MB, 4 MB goal, 0 MB stacks, 0 MB globals, 2 P
gc 1615 @62.650s 1%: 0.017+0.87+0.009 ms clock, 0.035+0.72/0.40/0+0.018 ms cpu, 3->3->0 MB, 4 MB goal, 0 MB stacks, 0 MB globals, 2 P
gc 1616 @62.667s 1%: 0.024+0.71+0.003 ms clock, 0.049+0.76/0.35/0+0.007 ms cpu, 3->3->0 MB, 4 MB goal, 0 MB stacks, 0 MB globals, 2 P
gc 1617 @62.685s 1%: 0.023+0.69+0.024 ms clock, 0.047+0.70/0.38/0+0.049 ms cpu, 3->3->0 MB, 4 MB goal, 0 MB stacks, 0 MB globals, 2 P
gc 1618 @62.702s 1%: 0.016+1.2+0.003 ms clock, 0.032+0.71/0.38/0+0.006 ms cpu, 3->3->0 MB, 4 MB goal, 0 MB stacks, 0 MB globals, 2 P
gc 1619 @62.719s 1%: 0.038+1.0+0.005 ms clock, 0.077+0.63/0.59/0+0.010 ms cpu, 3->3->0 MB, 4 MB goal, 0 MB stacks, 0 MB globals, 2 P
gc 1620 @62.736s 1%: 0.048+0.85+0.022 ms clock, 0.097+0.63/0.38/0+0.044 ms cpu, 3->3->0 MB, 4 MB goal, 0 MB stacks, 0 MB globals, 2 P
gc 1621 @62.754s 1%: 0.044+0.86+0.019 ms clock, 0.088+0.68/0.38/0+0.039 ms cpu, 3->3->0 MB, 4 MB goal, 0 MB stacks, 0 MB globals, 2 P
gc 1622 @62.771s 1%: 0.056+1.1+0.073 ms clock, 0.11+0.61/0.54/0+0.14 ms cpu, 3->3->0 MB, 4 MB goal, 0 MB stacks, 0 MB globals, 2 P
gc 1623 @62.788s 1%: 0.019+0.72+0.019 ms clock, 0.039+0.75/0.40/0+0.039 ms cpu, 3->3->0 MB, 4 MB goal, 0 MB stacks, 0 MB globals, 2 P
gc 1624 @62.806s 1%: 0.010+0.84+0.004 ms clock, 0.020+0.75/0.50/0+0.008 ms cpu, 3->3->0 MB, 4 MB goal, 0 MB stacks, 0 MB globals, 2 P
gc 1625 @62.824s 1%: 0.032+0.94+0.022 ms clock, 0.064+0.40/0.57/0+0.044 ms cpu, 3->3->0 MB, 4 MB goal, 0 MB stacks, 0 MB globals, 2 P
gc 1626 @62.842s 1%: 0.030+0.73+0.023 ms clock, 0.060+0.57/0.51/0+0.046 ms cpu, 3->3->0 MB, 4 MB goal, 0 MB stacks, 0 MB globals, 2 P
gc 1627 @62.860s 1%: 0.011+0.67+0.012 ms clock, 0.022+0.75/0.31/0+0.024 ms cpu, 3->3->0 MB, 4 MB goal, 0 MB stacks, 0 MB globals, 2 P
