2026/03/14 06:12:21 Running in dev mode.
2026/03/14 06:12:21 STUN server listening on [::]:3478
2026/03/14 06:12:21 No mesh key specified for dev via TAILSCALE_DERPER_MESH_KEY
2026/03/14 06:12:21 No mesh key configured for --dev mode
2026/03/14 06:12:21 derper: serving on :3340
gc 1 @33.881s 0%: 0.034+1.1+0.016 ms clock, 0.068+0.97/0.57/0+0.032 ms cpu, 3->3->0 MB, 4 MB goal, 0 MB stacks, 0 MB globals, 2 P
gc 2 @33.899s 0%: 0.065+0.78+0.003 ms clock, 0.13+0.81/0.40/0+0.007 ms cpu, 3->3->0 MB, 4 MB goal, 0 MB stacks, 0 MB globals, 2 P
gc 3 @33.917s 0%: 0.028+0.80+0.005 ms clock, 0.056+0.75/0.39/0+0.010 ms cpu, 3->3->0 MB, 4 MB goal, 0 MB stacks, 0 MB globals, 2 P
gc 4 @33.935s 0%: 0.015+0.80+0.017 ms clock, 0.031+0.65/0.43/0+0.034 ms cpu, 3->3->0 MB, 4 MB goal, 0 MB stacks, 0 MB globals, 2 P
gc 5 @33.953s 0%: 0.040+0.70+0.015 ms clock, 0.081+0.63/0.43/0+0.030 ms cpu, 3->3->0 MB, 4 MB goal, 0 MB stacks, 0 MB globals, 2 P
gc 6 @33.971s 0%: 0.017+1.0+0.004 ms clock, 0.035+0.71/0.32/0+0.009 ms cpu, 3->3->0 MB, 4 MB goal, 0 MB stacks, 0 MB globals, 2 P
gc 7 @33.989s 0%: 0.76+0.67+0.003 ms clock, 1.5+0.34/0.76/0+0.006 ms cpu, 3->3->0 MB, 4 MB goal, 0 MB stacks, 0 MB globals, 2 P
gc 8 @34.007s 0%: 0.014+0.75+0.028 ms clock, 0.028+0.70/0.36/0+0.056 ms cpu, 3->3->0 MB, 4 MB goal, 0 MB stacks, 0 MB globals, 2 P
gc 9 @34.026s 0%: 0.039+0.70+0.003 ms clock, 0.078+0.56/0.48/0+0.007 ms cpu, 3->3->0 MB, 4 MB goal, 0 MB stacks, 0 MB globals, 2 P
gc 10 @34.044s 0%: 0.017+0.65+0.017 ms clock, 0.035+0.65/0.33/0+0.034 ms cpu, 3->3->0 MB, 4 MB goal, 0 MB stacks, 0 MB globals, 2 P
gc 11 @34.063s 0%: 0.032+0.76+0.013 ms clock, 0.064+0.62/0.43/0+0.027 ms cpu, 3->3->0 MB, 4 MB goal, 0 MB stacks, 0 MB globals, 2 P
gc 12 @34.081s 0%: 0.016+0.72+0.017 ms clock, 0.032+0.63/0.41/0+0.034 ms cpu, 3->3->0 MB, 4 MB goal, 0 MB stacks, 0 MB globals, 2 P
gc 13 @34.100s 0%: 0.039+0.67+0.004 ms clock, 0.078+0.59/0.42/0+0.008 ms cpu, 3->3->0 MB, 4 MB goal, 0 MB stacks, 0 MB globals, 2 P
gc 14 @34.118s 0%: 0.013+0.91+0.018 ms clock, 0.027+0.76/0.40/0+0.037 ms cpu, 3->3->0 MB, 4 MB goal, 0 MB stacks, 0 MB globals, 2 P
gc 15 @34.137s 0%: 0.041+0.69+0.017 ms clock, 0.082+0.65/0.38/0+0.034 ms cpu, 3->3->0 MB, 4 MB goal, 0 MB stacks, 0 MB globals, 2 P
gc 16 @34.155s 0%: 0.027+1.0+0.004 ms clock, 0.055+0.72/0.36/0+0.009 ms cpu, 3->3->0 MB, 4 MB goal, 0 MB stacks, 0 MB globals, 2 P
gc 17 @34.173s 0%: 0.030+0.74+0.016 ms clock, 0.061+0.66/0.36/0+0.033 ms cpu, 3->3->0 MB, 4 MB goal, 0 MB stacks, 0 MB globals, 2 P
gc 18 @34.191s 0%: 0.072+0.79+0.018 ms clock, 0.14+0.59/0.47/0+0.037 ms cpu, 3->3->0 MB, 4 MB goal, 0 MB stacks, 0 MB globals, 2 P
gc 19 @34.209s 0%: 0.021+1.2+0.003 ms clock, 0.043+0.63/0.41/0+0.007 ms cpu, 3->3->0 MB, 4 MB goal, 0 MB stacks, 0 MB globals, 2 P
gc 20 @34.227s 0%: 0.038+1.1+0.011 ms clock, 0.076+0.62/0.48/0+0.022 ms cpu, 3->3->0 MB, 4 MB goal, 0 MB stacks, 0 MB globals, 2 P
gc 21 @34.245s 0%: 0.021+0.74+0.007 ms clock, 0.042+0.75/0.35/0+0.014 ms cpu, 3->3->0 MB, 4 MB goal, 0 MB stacks, 0 MB globals, 2 P
gc 22 @34.263s 0%: 0.017+0.70+0.054 ms clock, 0.035+0.77/0.38/0+0.10 ms cpu, 3->3->0 MB, 4 MB goal, 0 MB stacks, 0 MB globals, 2 P
gc 23 @34.281s 0%: 0.013+0.84+0.020 ms clock, 0.026+0.69/0.40/0+0.040 ms cpu, 3->3->0 MB, 4 MB goal, 0 MB stacks, 0 MB globals, 2 P
gc 24 @34.300s 0%: 0.014+0.77+0.003 ms clock, 0.028+0.73/0.39/0+0.006 ms cpu, 3->3->0 MB, 4 MB goal, 0 MB stacks, 0 MB globals, 2 P
gc 25 @34.318s 0%: 0.046+0.70+0.003 ms clock, 0.093+0.78/0.35/0+0.006 ms cpu, 3->3->0 MB, 4 MB goal, 0 MB stacks, 0 MB globals, 2 P
gc 26 @34.335s 0%: 0.050+0.67+0.003 ms clock, 0.10+0.70/0.34/0+0.006 ms cpu, 3->3->0 MB, 4 MB goal, 0 MB stacks, 0 MB globals, 2 P
gc 27 @34.353s 0%: 0.055+0.93+0.023 ms clock, 0.11+0.63/0.51/0+0.046 ms cpu, 3->3->0 MB, 4 MB goal, 0 MB stacks, 0 MB globals, 2 P
gc 28 @34.371s 0%: 0.038+0.82+0.021 ms clock, 0.077+0.74/0.48/0+0.042 ms cpu, 3->3->0 MB, 4 MB goal, 0 MB stacks, 0 MB globals, 2 P
gc 29 @34.388s 0%: 0.28+0.46+0.003 ms clock, 0.57+0.50/0.46/0+0.006 ms cpu, 3->3->0 MB, 4 MB goal, 0 MB stacks, 0 MB globals, 2 P
gc 30 @34.406s 0%: 0.059+0.76+0.024 ms clock, 0.11+0.64/0.39/0+0.048 ms cpu, 3->3->0 MB, 4 MB goal, 0 MB stacks, 0 MB globals, 2 P
gc 31 @34.425s 0%: 0.036+1.2+0.002 ms clock, 0.073+0.63/0.37/0+0.005 ms cpu, 3->3->0 MB, 4 MB goal, 0 MB stacks, 0 MB globals, 2 P
gc 32 @34.443s 0%: 0.045+0.96+0.003 ms clock, 0.090+0.61/0.39/0+0.006 ms cpu, 3->3->0 MB, 4 MB goal, 0 MB stacks, 0 MB globals, 2 P
gc 33 @34.461s 0%: 0.014+0.86+0.003 ms clock, 0.029+0.68/0.42/0+0.007 ms cpu, 3->3->0 MB, 4 MB goal, 0 MB stacks, 0 MB globals, 2 P
gc 34 @34.479s 0%: 0.018+0.69+0.020 ms clock, 0.036+0.61/0.41/0+0.041 ms cpu, 3->3->0 MB, 4 MB goal, 0 MB stacks, 0 MB globals, 2 P
gc 35 @34.498s 0%: 0.014+0.72+0.003 ms clock, 0.028+0.70/0.43/0+0.006 ms cpu, 3->3->0 MB, 4 MB goal, 0 MB stacks, 0 MB globals, 2 P
gc 36 @34.516s 0%: 0.11+1.3+0.018 ms clock, 0.23+0.68/0.35/0+0.037 ms cpu, 3->3->0 MB, 4 MB goal, 0 MB stacks, 0 MB globals, 2 P
gc 37 @34.534s 0%: 0.026+0.75+0.021 ms clock, 0.053+0.79/0.32/0+0.043 ms cpu, 3->3->0 MB, 4 MB goal, 0 MB stacks, 0 MB globals, 2 P
gc 38 @34.552s 0%: 0.020+0.82+0.002 ms clock, 0.041+0.67/0.44/0+0.005 ms cpu, 3->3->0 MB, 4 MB goal, 0 MB stacks, 0 MB globals, 2 P
gc 39 @34.570s 0%: 0.026+0.94+0.051 ms clock, 0.052+0.49/0.61/0+0.10 ms cpu, 3->3->0 MB, 4 MB goal, 0 MB stacks, 0 MB globals, 2 P
gc 40 @34.588s 0%: 0.031+0.78+0.003 ms clock, 0.063+0.59/0.58/0+0.006 ms cpu, 3->3->0 MB, 4 MB goal, 0 MB stacks, 0 MB globals, 2 P
gc 41 @34.606s 0%: 0.019+0.80+0.034 ms clock, 0.039+0.70/0.38/0+0.068 ms cpu, 3->3->0 MB, 4 MB goal, 0 MB stacks, 0 MB globals, 2 P
gc 42 @34.624s 0%: 0.056+0.77+0.027 ms clock, 0.11+0.65/0.48/0+0.054 ms cpu, 3->3->0 MB, 4 MB goal, 0 MB stacks, 0 MB globals, 2 P
gc 43 @34.643s 0%: 0.019+1.0+0.003 ms clock, 0.038+0.67/0.44/0+0.006 ms cpu, 3->3->0 MB, 4 MB goal, 0 MB stacks, 0 MB globals, 2 P
gc 44 @34.661s 0%: 0.024+0.67+0.025 ms clock, 0.049+0.65/0.42/0+0.051 ms cpu, 3->3->0 MB, 4 MB goal, 0 MB stacks, 0 MB globals, 2 P
gc 45 @34.679s 0%: 0.022+0.72+0.024 ms clock, 0.044+0.67/0.41/0+0.049 ms cpu, 3->3->0 MB, 4 MB goal, 0 MB stacks, 0 MB globals, 2 P
gc 46 @34.698s 0%: 0.015+0.73+0.011 ms clock, 0.031+0.68/0.38/0+0.022 ms cpu, 3->3->0 MB, 4 MB goal, 0 MB stacks, 0 MB globals, 2 P
gc 47 @34.716s 0%: 0.014+0.78+0.018 ms clock, 0.028+0.60/0.45/0+0.037 ms cpu, 3->3->0 MB, 4 MB goal, 0 MB stacks, 0 MB globals, 2 P
gc 48 @34.734s 0%: 0.12+0.64+0.011 ms clock, 0.25+0.62/0.38/0+0.023 ms cpu, 3->3->0 MB, 4 MB goal, 0 MB stacks, 0 MB globals, 2 P
gc 49 @34.754s 0%: 0.017+0.74+0.023 ms clock, 0.035+0.55/0.51/0+0.046 ms cpu, 3->3->0 MB, 4 MB goal, 0 MB stacks, 0 MB globals, 2 P
gc 50 @34.773s 0%: 0.024+0.69+0.025 ms clock, 0.049+0.63/0.40/0+0.051 ms cpu, 3->3->0 MB, 4 MB goal, 0 MB stacks, 0 MB globals, 2 P
gc 51 @34.792s 0%: 0.014+1.1+0.002 ms clock, 0.028+0.64/0.48/0+0.005 ms cpu, 3->3->0 MB, 4 MB goal, 0 MB stacks, 0 MB globals, 2 P
gc 52 @34.811s 0%: 0.013+1.1+0.003 ms clock, 0.026+0.76/0.34/0+0.007 ms cpu, 3->3->0 MB, 4 MB goal, 0 MB stacks, 0 MB globals, 2 P
gc 53 @34.829s 0%: 0.015+1.4+0.002 ms clock, 0.030+0.46/0.64/0+0.005 ms cpu, 3->3->1 MB, 4 MB goal, 0 MB stacks, 0 MB globals, 2 P
gc 54 @34.846s 0%: 0.36+0.49+0.020 ms clock, 0.72+0.51/0.46/0+0.040 ms cpu, 3->3->0 MB, 4 MB goal, 0 MB stacks, 0 MB globals, 2 P
gc 55 @34.864s 0%: 0.014+0.70+0.003 ms clock, 0.028+0.67/0.41/0+0.007 ms cpu, 3->3->0 MB, 4 MB goal, 0 MB stacks, 0 MB globals, 2 P
gc 56 @34.882s 0%: 0.020+0.70+0.003 ms clock, 0.040+0.73/0.38/0+0.006 ms cpu, 3->3->0 MB, 4 MB goal, 0 MB stacks, 0 MB globals, 2 P
gc 57 @34.899s 0%: 0.012+0.71+0.003 ms clock, 0.024+0.69/0.40/0+0.007 ms cpu, 3->3->0 MB, 4 MB goal, 0 MB stacks, 0 MB globals, 2 P
gc 58 @34.917s 0%: 0.037+0.99+0.085 ms clock, 0.075+0.36/0.58/0+0.17 ms cpu, 3->3->0 MB, 4 MB goal, 0 MB stacks, 0 MB globals, 2 P
gc 59 @34.935s 0%: 0.031+1.1+0.009 ms clock, 0.062+0.62/0.49/0+0.019 ms cpu, 3->3->0 MB, 4 MB goal, 0 MB stacks, 0 MB globals, 2 P
gc 60 @34.953s 0%: 0.015+1.1+0.003 ms clock, 0.031+0.60/0.43/0+0.006 ms cpu, 3->3->0 MB, 4 MB goal, 0 MB stacks, 0 MB globals, 2 P
gc 61 @34.971s 0%: 0.022+0.74+0.007 ms clock, 0.045+0.66/0.43/0+0.015 ms cpu, 3->3->0 MB, 4 MB goal, 0 MB stacks, 0 MB globals, 2 P
gc 62 @34.990s 0%: 0.017+1.0+0.004 ms clock, 0.034+0.69/0.46/0+0.009 ms cpu, 3->3->0 MB, 4 MB goal, 0 MB stacks, 0 MB globals, 2 P
gc 63 @35.008s 0%: 0.037+0.72+0.005 ms clock, 0.074+0.60/0.37/0.13+0.010 ms cpu, 3->3->0 MB, 4 MB goal, 0 MB stacks, 0 MB globals, 2 P
gc 64 @35.026s 0%: 0.032+0.78+0.007 ms clock, 0.064+0.69/0.53/0+0.015 ms cpu, 3->3->0 MB, 4 MB goal, 0 MB stacks, 0 MB globals, 2 P
gc 65 @35.044s 0%: 0.036+0.67+0.019 ms clock, 0.072+0.71/0.36/0+0.039 ms cpu, 3->3->0 MB, 4 MB goal, 0 MB stacks, 0 MB globals, 2 P
gc 66 @35.063s 0%: 0.80+0.25+0.016 ms clock, 1.6+0.54/0.35/0+0.032 ms cpu, 3->3->0 MB, 4 MB goal, 0 MB stacks, 0 MB globals, 2 P
gc 67 @35.081s 0%: 0.029+0.73+0.017 ms clock, 0.059+0.67/0.39/0+0.034 ms cpu, 3->3->0 MB, 4 MB goal, 0 MB stacks, 0 MB globals, 2 P
gc 68 @35.099s 0%: 0.018+0.66+0.016 ms clock, 0.036+0.69/0.33/0+0.033 ms cpu, 3->3->0 MB, 4 MB goal, 0 MB stacks, 0 MB globals, 2 P
gc 69 @35.118s 0%: 0.016+0.64+0.002 ms clock, 0.033+0.62/0.38/0+0.005 ms cpu, 3->3->0 MB, 4 MB goal, 0 MB stacks, 0 MB globals, 2 P
gc 70 @35.136s 0%: 0.018+0.75+0.014 ms clock, 0.037+0.62/0.46/0+0.028 ms cpu, 3->3->0 MB, 4 MB goal, 0 MB stacks, 0 MB globals, 2 P
gc 71 @35.155s 0%: 0.019+0.72+0.027 ms clock, 0.039+0.70/0.42/0+0.055 ms cpu, 3->3->0 MB, 4 MB goal, 0 MB stacks, 0 MB globals, 2 P
gc 72 @35.173s 0%: 0.043+0.72+0.008 ms clock, 0.087+0.70/0.44/0+0.016 ms cpu, 3->3->0 MB, 4 MB goal, 0 MB stacks, 0 MB globals, 2 P
gc 73 @35.192s 0%: 0.015+0.69+0.004 ms clock, 0.031+0.69/0.36/0+0.008 ms cpu, 3->3->0 MB, 4 MB goal, 0 MB stacks, 0 MB globals, 2 P
gc 74 @35.210s 0%: 0.016+1.1+0.074 ms clock, 0.032+0.61/0.47/0+0.14 ms cpu, 3->3->0 MB, 4 MB goal, 0 MB stacks, 0 MB globals, 2 P
gc 75 @35.229s 0%: 0.011+0.75+0.008 ms clock, 0.023+0.71/0.40/0.004+0.017 ms cpu, 3->3->0 MB, 4 MB goal, 0 MB stacks, 0 MB globals, 2 P
gc 76 @35.247s 0%: 0.018+1.3+0.003 ms clock, 0.037+0.49/0.50/0+0.006 ms cpu, 3->3->0 MB, 4 MB goal, 0 MB stacks, 0 MB globals, 2 P
gc 77 @35.265s 0%: 0.015+1.0+0.031 ms clock, 0.030+0.66/0.39/0+0.063 ms cpu, 3->3->0 MB, 4 MB goal, 0 MB stacks, 0 MB globals, 2 P
gc 78 @35.284s 0%: 0.015+0.79+0.003 ms clock, 0.031+0.076/0.20/0.68+0.006 ms cpu, 3->3->0 MB, 4 MB goal, 0 MB stacks, 0 MB globals, 2 P
gc 79 @35.302s 0%: 0.010+0.70+0.019 ms clock, 0.021+0.75/0.32/0+0.039 ms cpu, 3->3->0 MB, 4 MB goal, 0 MB stacks, 0 MB globals, 2 P
gc 80 @35.319s 0%: 0.046+0.88+0.026 ms clock, 0.093+0.65/0.35/0+0.052 ms cpu, 3->3->0 MB, 4 MB goal, 0 MB stacks, 0 MB globals, 2 P
gc 81 @35.337s 0%: 0.019+0.79+0.017 ms clock, 0.039+0.56/0.44/0+0.035 ms cpu, 3->3->0 MB, 4 MB goal, 0 MB stacks, 0 MB globals, 2 P
gc 82 @35.355s 0%: 0.015+0.68+0.012 ms clock, 0.031+0.72/0.33/0+0.025 ms cpu, 3->3->0 MB, 4 MB goal, 0 MB stacks, 0 MB globals, 2 P
gc 83 @35.372s 0%: 0.043+0.65+0.019 ms clock, 0.087+0.64/0.40/0+0.039 ms cpu, 3->3->0 MB, 4 MB goal, 0 MB stacks, 0 MB globals, 2 P
gc 84 @35.390s 0%: 0.35+0.51+0.015 ms clock, 0.71+0.45/0.52/0+0.031 ms cpu, 3->3->0 MB, 4 MB goal, 0 MB stacks, 0 MB globals, 2 P
gc 85 @35.407s 0%: 0.083+0.69+0.003 ms clock, 0.16+0.59/0.42/0+0.006 ms cpu, 3->3->0 MB, 4 MB goal, 0 MB stacks, 0 MB globals, 2 P
gc 86 @35.425s 0%: 0.013+0.71+0.024 ms clock, 0.027+0.64/0.41/0+0.049 ms cpu, 3->3->0 MB, 4 MB goal, 0 MB stacks, 0 MB globals, 2 P
gc 87 @35.442s 0%: 0.021+0.84+0.003 ms clock, 0.042+0.62/0.52/0+0.006 ms cpu, 3->3->0 MB, 4 MB goal, 0 MB stacks, 0 MB globals, 2 P
gc 88 @35.462s 0%: 0.063+0.76+0.016 ms clock, 0.12+0.64/0.49/0+0.033 ms cpu, 3->3->0 MB, 4 MB goal, 0 MB stacks, 0 MB globals, 2 P
gc 89 @35.481s 0%: 0.022+0.70+0.020 ms clock, 0.045+0.70/0.35/0+0.040 ms cpu, 3->3->0 MB, 4 MB goal, 0 MB stacks, 0 MB globals, 2 P
gc 90 @35.499s 0%: 0.017+1.2+0.024 ms clock, 0.034+0.57/0.45/0+0.048 ms cpu, 3->3->0 MB, 4 MB goal, 0 MB stacks, 0 MB globals, 2 P
gc 91 @35.518s 0%: 0.019+0.80+0.002 ms clock, 0.038+0.73/0.38/0+0.005 ms cpu, 3->3->0 MB, 4 MB goal, 0 MB stacks, 0 MB globals, 2 P
gc 92 @35.535s 0%: 0.013+1.1+0.003 ms clock, 0.027+0.61/0.51/0+0.007 ms cpu, 3->3->0 MB, 4 MB goal, 0 MB stacks, 0 MB globals, 2 P
gc 93 @35.553s 0%: 0.031+1.1+0.018 ms clock, 0.062+0.66/0.43/0+0.037 ms cpu, 3->3->0 MB, 4 MB goal, 0 MB stacks, 0 MB globals, 2 P
gc 94 @35.570s 0%: 0.038+0.81+0.019 ms clock, 0.076+0.71/0.42/0+0.038 ms cpu, 3->3->0 MB, 4 MB goal, 0 MB stacks, 0 MB globals, 2 P
gc 95 @35.588s 0%: 0.014+0.69+0.013 ms clock, 0.029+0.68/0.36/0+0.027 ms cpu, 3->3->0 MB, 4 MB goal, 0 MB stacks, 0 MB globals, 2 P
gc 96 @35.605s 0%: 0.022+0.96+0.053 ms clock, 0.045+0.66/0.34/0+0.10 ms cpu, 3->3->0 MB, 4 MB goal, 0 MB stacks, 0 MB globals, 2 P
gc 97 @35.623s 0%: 0.037+0.99+0.072 ms clock, 0.075+0.71/0.33/0+0.14 ms cpu, 3->3->0 MB, 4 MB goal, 0 MB stacks, 0 MB globals, 2 P
gc 98 @35.641s 0%: 0.043+0.74+0.023 ms clock, 0.086+0.66/0.40/0+0.047 ms cpu, 3->3->0 MB, 4 MB goal, 0 MB stacks, 0 MB globals, 2 P
gc 99 @35.659s 0%: 0.034+0.79+0.016 ms clock, 0.068+0.70/0.38/0+0.032 ms cpu, 3->3->0 MB, 4 MB goal, 0 MB stacks, 0 MB globals, 2 P
gc 100 @35.677s 0%: 0.020+0.76+0.004 ms clock, 0.040+0.74/0.37/0+0.009 ms cpu, 3->3->0 MB, 4 MB goal, 0 MB stacks, 0 MB globals, 2 P
gc 101 @35.694s 0%: 0.037+0.97+0.003 ms clock, 0.075+0.67/0.37/0+0.006 ms cpu, 3->3->0 MB, 4 MB goal, 0 MB stacks, 0 MB globals, 2 P
gc 102 @35.711s 0%: 0.13+0.81+0.035 ms clock, 0.27+0.53/0.46/0+0.070 ms cpu, 3->3->0 MB, 4 MB goal, 0 MB stacks, 0 MB globals, 2 P
gc 103 @35.728s 0%: 0.025+1.2+0.003 ms clock, 0.050+0.57/0.46/0+0.006 ms cpu, 3->3->0 MB, 4 MB goal, 0 MB stacks, 0 MB globals, 2 P
gc 104 @35.744s 0%: 0.015+0.76+0.021 ms clock, 0.030+0.73/0.36/0+0.042 ms cpu, 3->3->0 MB, 4 MB goal, 0 MB stacks, 0 MB globals, 2 P
gc 105 @35.761s 0%: 0.023+0.82+0.021 ms clock, 0.047+0.70/0.41/0+0.043 ms cpu, 3->3->0 MB, 4 MB goal, 0 MB stacks, 0 MB globals, 2 P
gc 106 @35.779s 0%: 0.014+0.89+0.012 ms clock, 0.029+0.74/0.44/0+0.025 ms cpu, 3->3->0 MB, 4 MB goal, 0 MB stacks, 0 MB globals, 2 P
gc 107 @35.796s 0%: 0.023+0.71+0.019 ms clock, 0.046+0.66/0.35/0+0.039 ms cpu, 3->3->0 MB, 4 MB goal, 0 MB stacks, 0 MB globals, 2 P
gc 108 @35.814s 0%: 0.15+0.61+0.016 ms clock, 0.31+0.51/0.48/0+0.032 ms cpu, 3->3->0 MB, 4 MB goal, 0 MB stacks, 0 MB globals, 2 P
gc 109 @35.831s 0%: 0.052+0.99+0.023 ms clock, 0.10+0.57/0.54/0+0.046 ms cpu, 3->3->0 MB, 4 MB goal, 0 MB stacks, 0 MB globals, 2 P
gc 110 @35.849s 0%: 0.020+0.84+0.003 ms clock, 0.041+0.66/0.40/0+0.007 ms cpu, 3->3->0 MB, 4 MB goal, 0 MB stacks, 0 MB globals, 2 P
gc 111 @35.867s 0%: 0.050+0.77+0.016 ms clock, 0.10+0.63/0.38/0+0.033 ms cpu, 3->3->0 MB, 4 MB goal, 0 MB stacks, 0 MB globals, 2 P
gc 112 @35.886s 0%: 0.040+0.91+0.042 ms clock, 0.080+0.66/0.44/0+0.085 ms cpu, 3->3->0 MB, 4 MB goal, 0 MB stacks, 0 MB globals, 2 P
gc 113 @35.904s 0%: 0.044+0.65+0.017 ms clock, 0.088+0.66/0.33/0+0.035 ms cpu, 3->3->0 MB, 4 MB goal, 0 MB stacks, 0 MB globals, 2 P
gc 114 @35.923s 0%: 0.36+0.71+0.003 ms clock, 0.72+0.41/0.49/0+0.006 ms cpu, 3->3->0 MB, 4 MB goal, 0 MB stacks, 0 MB globals, 2 P
gc 115 @35.942s 0%: 0.037+0.74+0.012 ms clock, 0.074+0.66/0.35/0+0.024 ms cpu, 3->3->0 MB, 4 MB goal, 0 MB stacks, 0 MB globals, 2 P
gc 116 @35.961s 0%: 0.046+1.1+0.005 ms clock, 0.093+0.66/0.43/0+0.011 ms cpu, 3->3->0 MB, 4 MB goal, 0 MB stacks, 0 MB globals, 2 P
gc 117 @35.979s 0%: 0.030+0.79+0.003 ms clock, 0.061+0.67/0.42/0+0.007 ms cpu, 3->3->0 MB, 4 MB goal, 0 MB stacks, 0 MB globals, 2 P
gc 118 @35.998s 0%: 0.033+1.1+0.020 ms clock, 0.067+0.74/0.37/0+0.041 ms cpu, 3->3->0 MB, 4 MB goal, 0 MB stacks, 0 MB globals, 2 P
gc 119 @36.016s 0%: 0.026+0.77+0.031 ms clock, 0.052+0.64/0.44/0+0.063 ms cpu, 3->3->0 MB, 4 MB goal, 0 MB stacks, 0 MB globals, 2 P
gc 120 @36.034s 0%: 0.20+0.73+0.030 ms clock, 0.41+0.53/0.43/0+0.061 ms cpu, 3->3->0 MB, 4 MB goal, 0 MB stacks, 0 MB globals, 2 P
gc 121 @36.052s 0%: 0.035+0.74+0.026 ms clock, 0.070+0.69/0.42/0+0.052 ms cpu, 3->3->0 MB, 4 MB goal, 0 MB stacks, 0 MB globals, 2 P
gc 122 @36.070s 0%: 0.021+1.0+0.033 ms clock, 0.042+0.55/0.60/0+0.067 ms cpu, 3->3->0 MB, 4 MB goal, 0 MB stacks, 0 MB globals, 2 P
gc 123 @36.088s 0%: 0.012+0.65+0.009 ms clock, 0.024+0.71/0.32/0+0.019 ms cpu, 3->3->0 MB, 4 MB goal, 0 MB stacks, 0 MB globals, 2 P
gc 124 @36.106s 0%: 0.028+0.75+0.003 ms clock, 0.056+0.70/0.36/0+0.006 ms cpu, 3->3->0 MB, 4 MB goal, 0 MB stacks, 0 MB globals, 2 P
gc 125 @36.124s 0%: 0.013+0.75+0.018 ms clock, 0.027+0.77/0.37/0+0.036 ms cpu, 3->3->0 MB, 4 MB goal, 0 MB stacks, 0 MB globals, 2 P
gc 126 @36.142s 0%: 0.58+0.23+0.015 ms clock, 1.1+0.60/0.23/0+0.030 ms cpu, 3->3->0 MB, 4 MB goal, 0 MB stacks, 0 MB globals, 2 P
gc 127 @36.160s 0%: 0.034+1.0+0.003 ms clock, 0.068+0.66/0.36/0+0.006 ms cpu, 3->3->0 MB, 4 MB goal, 0 MB stacks, 0 MB globals, 2 P
gc 128 @36.178s 0%: 0.023+1.1+0.003 ms clock, 0.047+0.68/0.45/0+0.007 ms cpu, 3->3->0 MB, 4 MB goal, 0 MB stacks, 0 MB globals, 2 P
gc 129 @36.196s 0%: 0.026+0.75+0.028 ms clock, 0.052+0.71/0.41/0+0.056 ms cpu, 3->3->0 MB, 4 MB goal, 0 MB stacks, 0 MB globals, 2 P
gc 130 @36.214s 0%: 0.013+0.69+0.010 ms clock, 0.027+0.62/0.38/0+0.020 ms cpu, 3->3->0 MB, 4 MB goal, 0 MB stacks, 0 MB globals, 2 P
gc 131 @36.233s 0%: 0.22+0.64+0.025 ms clock, 0.44+0.49/0.48/0+0.050 ms cpu, 3->3->0 MB, 4 MB goal, 0 MB stacks, 0 MB globals, 2 P
gc 132 @36.251s 0%: 0.018+0.87+0.041 ms clock, 0.036+0.65/0.42/0+0.083 ms cpu, 3->3->0 MB, 4 MB goal, 0 MB stacks, 0 MB globals, 2 P
gc 133 @36.269s 0%: 0.032+0.85+0.003 ms clock, 0.064+0.60/0.54/0+0.007 ms cpu, 3->3->0 MB, 4 MB goal, 0 MB stacks, 0 MB globals, 2 P
gc 134 @36.286s 0%: 0.012+0.98+0.004 ms clock, 0.024+0.69/0.40/0+0.008 ms cpu, 3->3->0 MB, 4 MB goal, 0 MB stacks, 0 MB globals, 2 P
gc 135 @36.304s 0%: 0.012+0.73+0.004 ms clock, 0.025+0.66/0.33/0+0.009 ms cpu, 3->3->0 MB, 4 MB goal, 0 MB stacks, 0 MB globals, 2 P
gc 136 @36.322s 0%: 0.13+0.98+0.010 ms clock, 0.27+0.53/0.44/0+0.020 ms cpu, 3->3->0 MB, 4 MB goal, 0 MB stacks, 0 MB globals, 2 P
gc 137 @36.340s 0%: 0.038+1.1+0.006 ms clock, 0.076+0.62/0.52/0+0.012 ms cpu, 3->3->0 MB, 4 MB goal, 0 MB stacks, 0 MB globals, 2 P
gc 138 @36.358s 0%: 0.056+0.70+0.018 ms clock, 0.11+0.63/0.39/0+0.036 ms cpu, 3->3->0 MB, 4 MB goal, 0 MB stacks, 0 MB globals, 2 P
gc 139 @36.377s 0%: 0.047+0.73+0.010 ms clock, 0.095+0.70/0.41/0+0.021 ms cpu, 3->3->0 MB, 4 MB goal, 0 MB stacks, 0 MB globals, 2 P
gc 140 @36.395s 0%: 0.093+1.2+0.004 ms clock, 0.18+0.30/1.2/0+0.008 ms cpu, 3->3->0 MB, 4 MB goal, 0 MB stacks, 0 MB globals, 2 P
gc 141 @36.414s 0%: 0.027+0.69+0.002 ms clock, 0.055+0.65/0.41/0+0.005 ms cpu, 3->3->0 MB, 4 MB goal, 0 MB stacks, 0 MB globals, 2 P
gc 142 @36.432s 0%: 0.012+0.70+0.020 ms clock, 0.024+0.63/0.38/0+0.040 ms cpu, 3->3->0 MB, 4 MB goal, 0 MB stacks, 0 MB globals, 2 P
gc 143 @36.451s 0%: 0.013+0.86+0.002 ms clock, 0.026+0.55/0.46/0+0.005 ms cpu, 3->3->0 MB, 4 MB goal, 0 MB stacks, 0 MB globals, 2 P
gc 144 @36.470s 0%: 0.024+0.64+0.010 ms clock, 0.049+0.62/0.34/0+0.021 ms cpu, 3->3->0 MB, 4 MB goal, 0 MB stacks, 0 MB globals, 2 P
gc 145 @36.489s 0%: 0.016+0.75+0.004 ms clock, 0.032+0.72/0.42/0+0.008 ms cpu, 3->3->0 MB, 4 MB goal, 0 MB stacks, 0 MB globals, 2 P
gc 146 @36.506s 0%: 0.20+0.64+0.014 ms clock, 0.41+0.67/0.36/0+0.028 ms cpu, 3->3->0 MB, 4 MB goal, 0 MB stacks, 0 MB globals, 2 P
gc 147 @36.524s 0%: 0.019+1.1+0.004 ms clock, 0.039+0.74/0.40/0+0.009 ms cpu, 3->3->0 MB, 4 MB goal, 0 MB stacks, 0 MB globals, 2 P
gc 148 @36.542s 0%: 0.036+0.67+0.025 ms clock, 0.072+0.58/0.47/0+0.050 ms cpu, 3->3->0 MB, 4 MB goal, 0 MB stacks, 0 MB globals, 2 P
gc 149 @36.560s 0%: 0.026+1.0+0.002 ms clock, 0.053+0.72/0.39/0+0.005 ms cpu, 3->3->0 MB, 4 MB goal, 0 MB stacks, 0 MB globals, 2 P
gc 150 @36.577s 0%: 0.15+0.66+0.017 ms clock, 0.30+0.51/0.42/0+0.034 ms cpu, 3->3->0 MB, 4 MB goal, 0 MB stacks, 0 MB globals, 2 P
gc 151 @36.594s 0%: 0.019+0.71+0.014 ms clock, 0.039+0.66/0.41/0+0.029 ms cpu, 3->3->0 MB, 4 MB goal, 0 MB stacks, 0 MB globals, 2 P
gc 152 @36.612s 0%: 0.20+0.56+0.012 ms clock, 0.41+0.52/0.43/0+0.025 ms cpu, 3->3->0 MB, 4 MB goal, 0 MB stacks, 0 MB globals, 2 P
gc 153 @36.629s 0%: 0.065+1.4+0.012 ms clock, 0.13+1.7/0.50/0+0.024 ms cpu, 3->3->0 MB, 4 MB goal, 0 MB stacks, 0 MB globals, 2 P
gc 154 @36.645s 0%: 0.27+0.51+0.023 ms clock, 0.55+0.49/0.46/0+0.046 ms cpu, 3->3->0 MB, 4 MB goal, 0 MB stacks, 0 MB globals, 2 P
gc 155 @36.660s 0%: 0.055+1.1+0.003 ms clock, 0.11+0.72/0.38/0+0.007 ms cpu, 3->3->0 MB, 4 MB goal, 0 MB stacks, 0 MB globals, 2 P
gc 156 @36.675s 0%: 0.044+0.67+0.020 ms clock, 0.088+0.66/0.34/0+0.041 ms cpu, 3->3->0 MB, 4 MB goal, 0 MB stacks, 0 MB globals, 2 P
gc 157 @36.690s 0%: 0.038+0.94+0.023 ms clock, 0.077+0.56/0.44/0+0.047 ms cpu, 3->3->0 MB, 4 MB goal, 0 MB stacks, 0 MB globals, 2 P
gc 158 @36.705s 0%: 0.045+0.71+0.002 ms clock, 0.091+0.58/0.37/0+0.005 ms cpu, 3->3->0 MB, 4 MB goal, 0 MB stacks, 0 MB globals, 2 P
gc 159 @36.723s 0%: 0.031+0.75+0.003 ms clock, 0.063+0.65/0.49/0+0.006 ms cpu, 3->3->0 MB, 4 MB goal, 0 MB stacks, 0 MB globals, 2 P
gc 160 @36.741s 0%: 0.033+0.76+0.019 ms clock, 0.066+0.72/0.42/0+0.039 ms cpu, 3->3->0 MB, 4 MB goal, 0 MB stacks, 0 MB globals, 2 P
gc 161 @36.758s 0%: 0.071+0.96+0.022 ms clock, 0.14+0.63/0.39/0+0.044 ms cpu, 3->3->0 MB, 4 MB goal, 0 MB stacks, 0 MB globals, 2 P
gc 162 @36.776s 0%: 0.026+0.68+0.003 ms clock, 0.052+0.65/0.38/0+0.007 ms cpu, 3->3->0 MB, 4 MB goal, 0 MB stacks, 0 MB globals, 2 P
gc 163 @36.793s 0%: 0.013+0.76+0.019 ms clock, 0.026+0.67/0.34/0+0.038 ms cpu, 3->3->0 MB, 4 MB goal, 0 MB stacks, 0 MB globals, 2 P
gc 164 @36.810s 0%: 0.40+0.38+0.012 ms clock, 0.80+0.54/0.31/0+0.025 ms cpu, 3->3->0 MB, 4 MB goal, 0 MB stacks, 0 MB globals, 2 P
gc 165 @36.828s 0%: 0.022+0.66+0.003 ms clock, 0.045+0.66/0.36/0+0.007 ms cpu, 3->3->0 MB, 4 MB goal, 0 MB stacks, 0 MB globals, 2 P
gc 166 @36.846s 0%: 0.022+0.72+0.003 ms clock, 0.045+0.71/0.45/0+0.006 ms cpu, 3->3->0 MB, 4 MB goal, 0 MB stacks, 0 MB globals, 2 P
gc 167 @36.865s 0%: 0.033+0.83+0.017 ms clock, 0.066+0.60/0.52/0+0.035 ms cpu, 3->3->0 MB, 4 MB goal, 0 MB stacks, 0 MB globals, 2 P
gc 168 @36.884s 0%: 0.050+0.67+0.004 ms clock, 0.10+0.60/0.41/0+0.008 ms cpu, 3->3->0 MB, 4 MB goal, 0 MB stacks, 0 MB globals, 2 P
gc 169 @36.902s 0%: 0.045+1.2+0.005 ms clock, 0.091+0.67/0.38/0+0.010 ms cpu, 3->3->0 MB, 4 MB goal, 0 MB stacks, 0 MB globals, 2 P
gc 170 @36.920s 0%: 0.042+0.72+0.022 ms clock, 0.084+0.76/0.35/0+0.045 ms cpu, 3->3->0 MB, 4 MB goal, 0 MB stacks, 0 MB globals, 2 P
gc 171 @36.938s 0%: 0.021+1.1+0.004 ms clock, 0.042+0.71/0.42/0+0.008 ms cpu, 3->3->0 MB, 4 MB goal, 0 MB stacks, 0 MB globals, 2 P
gc 172 @36.956s 0%: 0.025+0.72+0.022 ms clock, 0.050+0.69/0.33/0+0.045 ms cpu, 3->3->0 MB, 4 MB goal, 0 MB stacks, 0 MB globals, 2 P
gc 173 @36.974s 0%: 0.034+0.75+0.004 ms clock, 0.069+0.64/0.41/0+0.009 ms cpu, 3->3->0 MB, 4 MB goal, 0 MB stacks, 0 MB globals, 2 P
gc 174 @36.991s 0%: 0.095+0.62+0.032 ms clock, 0.19+0.52/0.47/0+0.064 ms cpu, 3->3->0 MB, 4 MB goal, 0 MB stacks, 0 MB globals, 2 P
gc 175 @37.008s 0%: 0.043+0.95+0.030 ms clock, 0.087+0.71/0.38/0+0.060 ms cpu, 3->3->0 MB, 4 MB goal, 0 MB stacks, 0 MB globals, 2 P
gc 176 @37.026s 0%: 0.038+0.70+0.018 ms clock, 0.076+0.65/0.37/0+0.036 ms cpu, 3->3->0 MB, 4 MB goal, 0 MB stacks, 0 MB globals, 2 P
gc 177 @37.043s 0%: 0.023+0.76+0.035 ms clock, 0.046+0.72/0.32/0+0.071 ms cpu, 3->3->0 MB, 4 MB goal, 0 MB stacks, 0 MB globals, 2 P
gc 178 @37.061s 0%: 0.29+0.59+0.039 ms clock, 0.58+0.51/0.45/0+0.079 ms cpu, 3->3->0 MB, 4 MB goal, 0 MB stacks, 0 MB globals, 2 P
gc 179 @37.079s 0%: 0.021+0.74+0.003 ms clock, 0.043+0.67/0.47/0+0.007 ms cpu, 3->3->0 MB, 4 MB goal, 0 MB stacks, 0 MB globals, 2 P
gc 180 @37.097s 0%: 0.032+0.74+0.034 ms clock, 0.065+0.63/0.41/0+0.068 ms cpu, 3->3->0 MB, 4 MB goal, 0 MB stacks, 0 MB globals, 2 P
gc 181 @37.115s 0%: 0.035+0.93+0.003 ms clock, 0.071+0.51/0.49/0+0.006 ms cpu, 3->3->0 MB, 4 MB goal, 0 MB stacks, 0 MB globals, 2 P
gc 182 @37.133s 0%: 0.032+0.70+0.003 ms clock, 0.064+0.69/0.38/0+0.006 ms cpu, 3->3->0 MB, 4 MB goal, 0 MB stacks, 0 MB globals, 2 P
gc 183 @37.151s 0%: 0.013+0.71+0.002 ms clock, 0.027+0.68/0.36/0+0.005 ms cpu, 3->3->0 MB, 4 MB goal, 0 MB stacks, 0 MB globals, 2 P
gc 184 @37.169s 0%: 0.039+0.72+0.021 ms clock, 0.078+0.68/0.36/0+0.042 ms cpu, 3->3->0 MB, 4 MB goal, 0 MB stacks, 0 MB globals, 2 P
gc 185 @37.187s 0%: 0.025+0.99+0.016 ms clock, 0.051+0.40/0.57/0+0.033 ms cpu, 3->3->0 MB, 4 MB goal, 0 MB stacks, 0 MB globals, 2 P
gc 186 @37.206s 0%: 0.038+0.80+0.028 ms clock, 0.077+0.57/0.52/0+0.056 ms cpu, 3->3->0 MB, 4 MB goal, 0 MB stacks, 0 MB globals, 2 P
gc 187 @37.224s 0%: 0.28+0.84+0.075 ms clock, 0.57+0.49/0.45/0+0.15 ms cpu, 3->3->0 MB, 4 MB goal, 0 MB stacks, 0 MB globals, 2 P
gc 188 @37.242s 0%: 0.036+0.91+0.003 ms clock, 0.072+0.61/0.52/0+0.006 ms cpu, 3->3->0 MB, 4 MB goal, 0 MB stacks, 0 MB globals, 2 P
gc 189 @37.261s 0%: 0.013+0.79+0.039 ms clock, 0.027+0.79/0.36/0+0.079 ms cpu, 3->3->0 MB, 4 MB goal, 0 MB stacks, 0 MB globals, 2 P
gc 190 @37.280s 0%: 0.040+0.75+0.003 ms clock, 0.080+0.67/0.40/0+0.006 ms cpu, 3->3->0 MB, 4 MB goal, 0 MB stacks, 0 MB globals, 2 P
gc 191 @37.298s 0%: 0.20+0.82+0.003 ms clock, 0.41+0.51/0.47/0+0.006 ms cpu, 3->3->0 MB, 4 MB goal, 0 MB stacks, 0 MB globals, 2 P
gc 192 @37.317s 0%: 0.035+0.97+0.038 ms clock, 0.071+0.72/0.57/0+0.076 ms cpu, 3->3->0 MB, 4 MB goal, 0 MB stacks, 0 MB globals, 2 P
gc 193 @37.335s 0%: 0.014+0.59+0.015 ms clock, 0.029+0.062/0.22/0.70+0.031 ms cpu, 3->3->0 MB, 4 MB goal, 0 MB stacks, 0 MB globals, 2 P
gc 194 @37.354s 0%: 0.020+0.83+0.002 ms clock, 0.040+0.52/0.49/0+0.005 ms cpu, 3->3->0 MB, 4 MB goal, 0 MB stacks, 0 MB globals, 2 P
gc 195 @37.372s 0%: 0.035+0.69+0.003 ms clock, 0.071+0.70/0.36/0+0.007 ms cpu, 3->3->0 MB, 4 MB goal, 0 MB stacks, 0 MB globals, 2 P
gc 196 @37.391s 0%: 0.037+1.0+0.016 ms clock, 0.075+0.56/0.45/0+0.032 ms cpu, 3->3->0 MB, 4 MB goal, 0 MB stacks, 0 MB globals, 2 P
gc 197 @37.410s 0%: 0.028+0.79+0.017 ms clock, 0.057+0.69/0.39/0+0.035 ms cpu, 3->3->0 MB, 4 MB goal, 0 MB stacks, 0 MB globals, 2 P
gc 198 @37.428s 0%: 0.052+1.1+0.003 ms clock, 0.10+0.57/0.49/0+0.006 ms cpu, 3->3->0 MB, 4 MB goal, 0 MB stacks, 0 MB globals, 2 P
gc 199 @37.447s 0%: 0.043+0.79+0.028 ms clock, 0.086+0.68/0.50/0+0.056 ms cpu, 3->3->0 MB, 4 MB goal, 0 MB stacks, 0 MB globals, 2 P
gc 200 @37.465s 0%: 0.28+0.55+0.024 ms clock, 0.57+0.47/0.48/0+0.049 ms cpu, 3->3->0 MB, 4 MB goal, 0 MB stacks, 0 MB globals, 2 P
gc 201 @37.484s 0%: 0.023+0.89+0.017 ms clock, 0.047+0.66/0.45/0+0.034 ms cpu, 3->3->0 MB, 4 MB goal, 0 MB stacks, 0 MB globals, 2 P
gc 202 @37.503s 0%: 0.040+0.70+0.031 ms clock, 0.081+0.69/0.39/0+0.062 ms cpu, 3->3->0 MB, 4 MB goal, 0 MB stacks, 0 MB globals, 2 P
gc 203 @37.521s 0%: 0.090+0.96+0.003 ms clock, 0.18+0.55/0.42/0+0.006 ms cpu, 3->3->0 MB, 4 MB goal, 0 MB stacks, 0 MB globals, 2 P
gc 204 @37.540s 0%: 0.054+0.65+0.016 ms clock, 0.10+0.64/0.39/0+0.033 ms cpu, 3->3->0 MB, 4 MB goal, 0 MB stacks, 0 MB globals, 2 P
gc 205 @37.559s 0%: 0.046+0.64+0.007 ms clock, 0.093+0.58/0.44/0+0.014 ms cpu, 3->3->0 MB, 4 MB goal, 0 MB stacks, 0 MB globals, 2 P
gc 206 @37.577s 0%: 0.044+0.66+0.030 ms clock, 0.088+0.69/0.35/0+0.060 ms cpu, 3->3->0 MB, 4 MB goal, 0 MB stacks, 0 MB globals, 2 P
gc 207 @37.596s 0%: 0.015+0.96+0.003 ms clock, 0.031+0.69/0.36/0+0.006 ms cpu, 3->3->0 MB, 4 MB goal, 0 MB stacks, 0 MB globals, 2 P
gc 208 @37.614s 0%: 0.026+0.73+0.028 ms clock, 0.053+0.71/0.34/0+0.057 ms cpu, 3->3->0 MB, 4 MB goal, 0 MB stacks, 0 MB globals, 2 P
gc 209 @37.632s 0%: 0.031+0.70+0.003 ms clock, 0.063+0.63/0.39/0+0.007 ms cpu, 3->3->0 MB, 4 MB goal, 0 MB stacks, 0 MB globals, 2 P
gc 210 @37.650s 0%: 0.049+0.99+0.018 ms clock, 0.099+0.32/0.55/0+0.036 ms cpu, 3->3->0 MB, 4 MB goal, 0 MB stacks, 0 MB globals, 2 P
gc 211 @37.668s 0%: 0.050+1.6+0.005 ms clock, 0.10+0.30/0.62/0+0.011 ms cpu, 3->3->1 MB, 4 MB goal, 0 MB stacks, 0 MB globals, 2 P
gc 212 @37.686s 0%: 0.013+0.79+0.003 ms clock, 0.027+0.72/0.47/0+0.006 ms cpu, 3->3->0 MB, 4 MB goal, 0 MB stacks, 0 MB globals, 2 P
gc 213 @37.705s 0%: 0.020+0.82+0.022 ms clock, 0.041+0.58/0.53/0+0.044 ms cpu, 3->3->0 MB, 4 MB goal, 0 MB stacks, 0 MB globals, 2 P
gc 214 @37.723s 0%: 0.21+0.53+0.015 ms clock, 0.43+0.51/0.44/0+0.030 ms cpu, 3->3->0 MB, 4 MB goal, 0 MB stacks, 0 MB globals, 2 P
gc 215 @37.742s 0%: 0.041+0.69+0.003 ms clock, 0.082+0.69/0.35/0+0.006 ms cpu, 3->3->0 MB, 4 MB goal, 0 MB stacks, 0 MB globals, 2 P
gc 216 @37.759s 0%: 0.018+1.0+0.025 ms clock, 0.037+0.48/0.54/0+0.051 ms cpu, 3->3->0 MB, 4 MB goal, 0 MB stacks, 0 MB globals, 2 P
gc 217 @37.776s 0%: 0.045+0.70+0.017 ms clock, 0.090+0.61/0.43/0+0.035 ms cpu, 3->3->0 MB, 4 MB goal, 0 MB stacks, 0 MB globals, 2 P
gc 218 @37.794s 0%: 0.054+0.71+0.028 ms clock, 0.10+0.70/0.35/0+0.056 ms cpu, 3->3->0 MB, 4 MB goal, 0 MB stacks, 0 MB globals, 2 P
gc 219 @37.811s 0%: 0.021+0.71+0.018 ms clock, 0.042+0.58/0.50/0+0.037 ms cpu, 3->3->0 MB, 4 MB goal, 0 MB stacks, 0 MB globals, 2 P
gc 220 @37.828s 0%: 0.036+0.85+0.012 ms clock, 0.072+0.68/0.40/0+0.025 ms cpu, 3->3->0 MB, 4 MB goal, 0 MB stacks, 0 MB globals, 2 P
gc 221 @37.847s 0%: 0.061+0.65+0.020 ms clock, 0.12+0.63/0.36/0+0.040 ms cpu, 3->3->0 MB, 4 MB goal, 0 MB stacks, 0 MB globals, 2 P
gc 222 @37.865s 0%: 0.63+0.84+0.004 ms clock, 1.2+0.51/0.59/0+0.008 ms cpu, 3->3->1 MB, 4 MB goal, 0 MB stacks, 0 MB globals, 2 P
gc 223 @37.884s 0%: 0.050+0.69+0.017 ms clock, 0.10+0.63/0.44/0+0.035 ms cpu, 3->3->0 MB, 4 MB goal, 0 MB stacks, 0 MB globals, 2 P
gc 224 @37.902s 0%: 0.014+1.0+0.003 ms clock, 0.028+0.75/0.46/0+0.006 ms cpu, 3->3->0 MB, 4 MB goal, 0 MB stacks, 0 MB globals, 2 P
gc 225 @37.920s 0%: 0.66+0.64+0.002 ms clock, 1.3+0.39/0.60/0+0.005 ms cpu, 3->3->0 MB, 4 MB goal, 0 MB stacks, 0 MB globals, 2 P
gc 226 @37.938s 0%: 0.032+0.80+0.015 ms clock, 0.065+0.78/0.42/0+0.031 ms cpu, 3->3->0 MB, 4 MB goal, 0 MB stacks, 0 MB globals, 2 P
gc 227 @37.956s 0%: 0.035+1.5+0.009 ms clock, 0.070+0.44/0.26/0+0.019 ms cpu, 3->3->1 MB, 4 MB goal, 0 MB stacks, 0 MB globals, 2 P
gc 228 @37.973s 0%: 0.032+0.68+0.015 ms clock, 0.064+0.64/0.34/0+0.031 ms cpu, 3->3->0 MB, 4 MB goal, 0 MB stacks, 0 MB globals, 2 P
gc 229 @37.991s 0%: 0.027+0.66+0.010 ms clock, 0.054+0.58/0.42/0+0.020 ms cpu, 3->3->0 MB, 4 MB goal, 0 MB stacks, 0 MB globals, 2 P
gc 230 @38.009s 0%: 0.011+0.88+0.045 ms clock, 0.023+0.71/0.39/0+0.090 ms cpu, 3->3->0 MB, 4 MB goal, 0 MB stacks, 0 MB globals, 2 P
gc 231 @38.028s 0%: 0.017+0.81+0.021 ms clock, 0.034+0.61/0.51/0+0.042 ms cpu, 3->3->0 MB, 4 MB goal, 0 MB stacks, 0 MB globals, 2 P
gc 232 @38.046s 0%: 0.018+0.75+0.018 ms clock, 0.036+0.72/0.38/0+0.036 ms cpu, 3->3->0 MB, 4 MB goal, 0 MB stacks, 0 MB globals, 2 P
gc 233 @38.064s 0%: 0.027+0.84+0.003 ms clock, 0.055+0.58/0.47/0+0.006 ms cpu, 3->3->0 MB, 4 MB goal, 0 MB stacks, 0 MB globals, 2 P
gc 234 @38.082s 0%: 0.032+0.71+0.032 ms clock, 0.064+0.64/0.38/0+0.064 ms cpu, 3->3->0 MB, 4 MB goal, 0 MB stacks, 0 MB globals, 2 P
gc 235 @38.100s 0%: 0.019+0.84+0.025 ms clock, 0.038+0.75/0.43/0+0.050 ms cpu, 3->3->0 MB, 4 MB goal, 0 MB stacks, 0 MB globals, 2 P
gc 236 @38.119s 0%: 0.033+0.73+0.016 ms clock, 0.066+0.69/0.41/0+0.033 ms cpu, 3->3->0 MB, 4 MB goal, 0 MB stacks, 0 MB globals, 2 P
gc 237 @38.137s 0%: 0.030+0.74+0.003 ms clock, 0.061+0.65/0.46/0+0.006 ms cpu, 3->3->0 MB, 4 MB goal, 0 MB stacks, 0 MB globals, 2 P
gc 238 @38.155s 0%: 0.014+0.92+0.003 ms clock, 0.028+0.66/0.35/0+0.007 ms cpu, 3->3->0 MB, 4 MB goal, 0 MB stacks, 0 MB globals, 2 P
gc 239 @38.174s 0%: 0.047+0.80+0.012 ms clock, 0.095+0.69/0.34/0+0.025 ms cpu, 3->3->0 MB, 4 MB goal, 0 MB stacks, 0 MB globals, 2 P
gc 240 @38.191s 0%: 0.023+0.83+0.029 ms clock, 0.046+0.63/0.45/0+0.058 ms cpu, 3->3->0 MB, 4 MB goal, 0 MB stacks, 0 MB globals, 2 P
gc 241 @38.209s 0%: 0.014+0.72+0.003 ms clock, 0.029+0.78/0.35/0+0.006 ms cpu, 3->3->0 MB, 4 MB goal, 0 MB stacks, 0 MB globals, 2 P
gc 242 @38.227s 0%: 0.015+0.75+0.016 ms clock, 0.030+0.81/0.33/0+0.032 ms cpu, 3->3->0 MB, 4 MB goal, 0 MB stacks, 0 MB globals, 2 P
gc 243 @38.244s 0%: 0.019+0.70+0.005 ms clock, 0.038+0.64/0.34/0+0.010 ms cpu, 3->3->0 MB, 4 MB goal, 0 MB stacks, 0 MB globals, 2 P
gc 244 @38.261s 0%: 0.023+0.83+0.010 ms clock, 0.047+0.67/0.49/0+0.020 ms cpu, 3->3->0 MB, 4 MB goal, 0 MB stacks, 0 MB globals, 2 P
gc 245 @38.278s 0%: 0.026+0.74+0.018 ms clock, 0.053+0.70/0.37/0+0.036 ms cpu, 3->3->0 MB, 4 MB goal, 0 MB stacks, 0 MB globals, 2 P
gc 246 @38.295s 0%: 0.027+0.73+0.013 ms clock, 0.055+0.72/0.41/0+0.026 ms cpu, 3->3->0 MB, 4 MB goal, 0 MB stacks, 0 MB globals, 2 P
gc 247 @38.311s 0%: 0.028+0.80+0.029 ms clock, 0.056+0.63/0.50/0+0.059 ms cpu, 3->3->0 MB, 4 MB goal, 0 MB stacks, 0 MB globals, 2 P
gc 248 @38.329s 0%: 0.034+0.94+0.029 ms clock, 0.069+0.46/0.23/0+0.059 ms cpu, 3->3->0 MB, 4 MB goal, 0 MB stacks, 0 MB globals, 2 P
gc 249 @38.347s 0%: 0.073+0.96+0.012 ms clock, 0.14+0.55/0.60/0+0.024 ms cpu, 3->3->0 MB, 4 MB goal, 0 MB stacks, 0 MB globals, 2 P
gc 250 @38.365s 0%: 0.066+1.0+0.033 ms clock, 0.13+0.67/0.37/0+0.066 ms cpu, 3->3->0 MB, 4 MB goal, 0 MB stacks, 0 MB globals, 2 P
gc 251 @38.384s 0%: 0.022+0.72+0.017 ms clock, 0.045+0.71/0.40/0+0.034 ms cpu, 3->3->0 MB, 4 MB goal, 0 MB stacks, 0 MB globals, 2 P
gc 252 @38.401s 0%: 0.032+0.92+0.022 ms clock, 0.064+0.63/0.51/0+0.044 ms cpu, 3->3->0 MB, 4 MB goal, 0 MB stacks, 0 MB globals, 2 P
gc 253 @38.419s 0%: 0.038+0.71+0.003 ms clock, 0.076+0.66/0.44/0+0.007 ms cpu, 3->3->0 MB, 4 MB goal, 0 MB stacks, 0 MB globals, 2 P
gc 254 @38.437s 0%: 0.014+0.82+0.018 ms clock, 0.029+0.79/0.38/0+0.036 ms cpu, 3->3->0 MB, 4 MB goal, 0 MB stacks, 0 MB globals, 2 P
gc 255 @38.455s 0%: 0.035+1.1+0.003 ms clock, 0.071+0.72/0.37/0+0.006 ms cpu, 3->3->0 MB, 4 MB goal, 0 MB stacks, 0 MB globals, 2 P
gc 256 @38.472s 0%: 0.13+0.64+0.023 ms clock, 0.26+0.59/0.42/0+0.046 ms cpu, 3->3->0 MB, 4 MB goal, 0 MB stacks, 0 MB globals, 2 P
gc 257 @38.489s 0%: 0.021+0.66+0.003 ms clock, 0.043+0.56/0.44/0+0.006 ms cpu, 3->3->0 MB, 4 MB goal, 0 MB stacks, 0 MB globals, 2 P
gc 258 @38.507s 0%: 0.013+1.0+0.013 ms clock, 0.027+0.57/0.52/0.045+0.026 ms cpu, 3->3->0 MB, 4 MB goal, 0 MB stacks, 0 MB globals, 2 P
gc 259 @38.524s 0%: 0.046+0.81+0.003 ms clock, 0.092+0.70/0.36/0+0.006 ms cpu, 3->3->0 MB, 4 MB goal, 0 MB stacks, 0 MB globals, 2 P
gc 260 @38.542s 0%: 0.013+0.87+0.003 ms clock, 0.027+0.77/0.42/0+0.007 ms cpu, 3->3->0 MB, 4 MB goal, 0 MB stacks, 0 MB globals, 2 P
gc 261 @38.560s 0%: 0.016+0.72+0.004 ms clock, 0.033+0.68/0.44/0+0.008 ms cpu, 3->3->0 MB, 4 MB goal, 0 MB stacks, 0 MB globals, 2 P
gc 262 @38.578s 0%: 0.022+1.3+0.027 ms clock, 0.045+0.66/0.48/0+0.055 ms cpu, 3->3->0 MB, 4 MB goal, 0 MB stacks, 0 MB globals, 2 P
gc 263 @38.596s 0%: 0.015+1.2+0.002 ms clock, 0.031+0.71/0.74/0+0.005 ms cpu, 3->3->0 MB, 4 MB goal, 0 MB stacks, 0 MB globals, 2 P
gc 264 @38.614s 0%: 0.013+0.71+0.002 ms clock, 0.027+0.74/0.41/0+0.005 ms cpu, 3->3->0 MB, 4 MB goal, 0 MB stacks, 0 MB globals, 2 P
gc 265 @38.631s 0%: 0.43+0.38+0.003 ms clock, 0.86+0.62/0.25/0+0.007 ms cpu, 3->3->0 MB, 4 MB goal, 0 MB stacks, 0 MB globals, 2 P
gc 266 @38.649s 0%: 0.032+0.74+0.033 ms clock, 0.064+0.63/0.47/0+0.067 ms cpu, 3->3->0 MB, 4 MB goal, 0 MB stacks, 0 MB globals, 2 P
gc 267 @38.666s 0%: 0.014+1.0+0.057 ms clock, 0.028+0.68/0.37/0+0.11 ms cpu, 3->3->0 MB, 4 MB goal, 0 MB stacks, 0 MB globals, 2 P
gc 268 @38.684s 0%: 0.024+1.1+0.004 ms clock, 0.049+0.67/0.49/0+0.008 ms cpu, 3->3->0 MB, 4 MB goal, 0 MB stacks, 0 MB globals, 2 P
gc 269 @38.702s 0%: 0.20+0.88+0.005 ms clock, 0.41+0.60/0.42/0+0.010 ms cpu, 3->3->0 MB, 4 MB goal, 0 MB stacks, 0 MB globals, 2 P
gc 270 @38.721s 0%: 0.046+1.1+0.073 ms clock, 0.093+0.66/0.38/0+0.14 ms cpu, 3->3->0 MB, 4 MB goal, 0 MB stacks, 0 MB globals, 2 P
gc 271 @38.739s 0%: 0.018+0.76+0.021 ms clock, 0.036+0.69/0.37/0+0.042 ms cpu, 3->3->0 MB, 4 MB goal, 0 MB stacks, 0 MB globals, 2 P
gc 272 @38.757s 0%: 0.015+0.65+0.042 ms clock, 0.030+0.65/0.35/0+0.085 ms cpu, 3->3->0 MB, 4 MB goal, 0 MB stacks, 0 MB globals, 2 P
gc 273 @38.775s 0%: 0.024+0.74+0.016 ms clock, 0.048+0.69/0.41/0+0.033 ms cpu, 3->3->0 MB, 4 MB goal, 0 MB stacks, 0 MB globals, 2 P
gc 274 @38.792s 0%: 0.030+1.1+0.037 ms clock, 0.061+0.69/0.44/0+0.074 ms cpu, 3->3->0 MB, 4 MB goal, 0 MB stacks, 0 MB globals, 2 P
gc 275 @38.810s 0%: 0.027+0.76+0.004 ms clock, 0.055+0.69/0.43/0+0.008 ms cpu, 3->3->0 MB, 4 MB goal, 0 MB stacks, 0 MB globals, 2 P
gc 276 @38.827s 0%: 0.017+0.81+0.010 ms clock, 0.034+0.72/0.41/0+0.021 ms cpu, 3->3->0 MB, 4 MB goal, 0 MB stacks, 0 MB globals, 2 P
gc 277 @38.845s 0%: 0.022+1.1+0.003 ms clock, 0.044+0.62/0.42/0+0.006 ms cpu, 3->3->0 MB, 4 MB goal, 0 MB stacks, 0 MB globals, 2 P
gc 278 @38.863s 0%: 0.015+0.69+0.015 ms clock, 0.030+0.65/0.39/0+0.031 ms cpu, 3->3->0 MB, 4 MB goal, 0 MB stacks, 0 MB globals, 2 P
gc 279 @38.880s 0%: 0.029+1.1+0.003 ms clock, 0.058+0.72/0.44/0+0.006 ms cpu, 3->3->0 MB, 4 MB goal, 0 MB stacks, 0 MB globals, 2 P
gc 280 @38.898s 0%: 0.015+1.0+0.082 ms clock, 0.030+0.80/0.43/0+0.16 ms cpu, 3->3->0 MB, 4 MB goal, 0 MB stacks, 0 MB globals, 2 P
gc 281 @38.915s 0%: 0.37+0.49+0.032 ms clock, 0.74+0.41/0.53/0+0.064 ms cpu, 3->3->0 MB, 4 MB goal, 0 MB stacks, 0 MB globals, 2 P
gc 282 @38.932s 0%: 0.027+0.76+0.002 ms clock, 0.054+0.55/0.49/0+0.005 ms cpu, 3->3->0 MB, 4 MB goal, 0 MB stacks, 0 MB globals, 2 P
gc 283 @38.949s 0%: 0.044+1.0+0.018 ms clock, 0.089+0.67/0.36/0+0.036 ms cpu, 3->3->0 MB, 4 MB goal, 0 MB stacks, 0 MB globals, 2 P
gc 284 @38.966s 0%: 0.020+0.74+0.004 ms clock, 0.040+0.70/0.38/0+0.009 ms cpu, 3->3->0 MB, 4 MB goal, 0 MB stacks, 0 MB globals, 2 P
gc 285 @38.983s 0%: 0.040+0.61+0.007 ms clock, 0.080+0.52/0.47/0+0.014 ms cpu, 3->3->0 MB, 4 MB goal, 0 MB stacks, 0 MB globals, 2 P
gc 286 @39.001s 0%: 0.033+0.68+0.025 ms clock, 0.067+0.66/0.35/0+0.050 ms cpu, 3->3->0 MB, 4 MB goal, 0 MB stacks, 0 MB globals, 2 P
gc 287 @39.020s 0%: 0.015+1.1+0.017 ms clock, 0.031+0.78/0.39/0+0.034 ms cpu, 3->3->0 MB, 4 MB goal, 0 MB stacks, 0 MB globals, 2 P
gc 288 @39.037s 0%: 0.052+1.3+0.007 ms clock, 0.10+0.46/0.25/0+0.015 ms cpu, 3->3->0 MB, 4 MB goal, 0 MB stacks, 0 MB globals, 2 P
gc 289 @39.055s 0%: 0.029+0.67+0.030 ms clock, 0.058+0.61/0.39/0+0.061 ms cpu, 3->3->0 MB, 4 MB goal, 0 MB stacks, 0 MB globals, 2 P
gc 290 @39.073s 0%: 0.032+0.70+0.020 ms clock, 0.065+0.62/0.40/0+0.040 ms cpu, 3->3->0 MB, 4 MB goal, 0 MB stacks, 0 MB globals, 2 P
gc 291 @39.090s 0%: 0.030+0.82+0.003 ms clock, 0.060+0.65/0.51/0+0.006 ms cpu, 3->3->0 MB, 4 MB goal, 0 MB stacks, 0 MB globals, 2 P
gc 292 @39.108s 0%: 0.37+1.0+0.024 ms clock, 0.74+0.66/0.61/0+0.048 ms cpu, 3->3->0 MB, 4 MB goal, 0 MB stacks, 0 MB globals, 2 P
gc 293 @39.126s 0%: 0.043+0.77+0.003 ms clock, 0.086+0.74/0.39/0+0.007 ms cpu, 3->3->0 MB, 4 MB goal, 0 MB stacks, 0 MB globals, 2 P
gc 294 @39.144s 0%: 0.010+0.67+0.034 ms clock, 0.021+0.64/0.38/0+0.068 ms cpu, 3->3->0 MB, 4 MB goal, 0 MB stacks, 0 MB globals, 2 P
gc 295 @39.163s 0%: 0.014+1.1+0.002 ms clock, 0.028+0.73/0.46/0+0.005 ms cpu, 3->3->0 MB, 4 MB goal, 0 MB stacks, 0 MB globals, 2 P
gc 296 @39.181s 0%: 0.013+0.76+0.038 ms clock, 0.027+0.67/0.36/0+0.077 ms cpu, 3->3->0 MB, 4 MB goal, 0 MB stacks, 0 MB globals, 2 P
gc 297 @39.199s 0%: 0.020+0.74+0.033 ms clock, 0.041+0.63/0.43/0+0.066 ms cpu, 3->3->0 MB, 4 MB goal, 0 MB stacks, 0 MB globals, 2 P
gc 298 @39.217s 0%: 0.017+0.69+0.034 ms clock, 0.034+0.73/0.32/0+0.068 ms cpu, 3->3->0 MB, 4 MB goal, 0 MB stacks, 0 MB globals, 2 P
gc 299 @39.235s 0%: 0.041+0.68+0.008 ms clock, 0.083+0.49/0.47/0+0.017 ms cpu, 3->3->0 MB, 4 MB goal, 0 MB stacks, 0 MB globals, 2 P
gc 300 @39.253s 0%: 0.014+0.85+0.003 ms clock, 0.029+0.75/0.42/0+0.006 ms cpu, 3->3->0 MB, 4 MB goal, 0 MB stacks, 0 MB globals, 2 P
gc 301 @39.271s 0%: 0.034+0.84+0.002 ms clock, 0.068+0.64/0.39/0+0.005 ms cpu, 3->3->0 MB, 4 MB goal, 0 MB stacks, 0 MB globals, 2 P
gc 302 @39.288s 0%: 0.015+0.79+0.016 ms clock, 0.030+0.74/0.37/0+0.033 ms cpu, 3->3->0 MB, 4 MB goal, 0 MB stacks, 0 MB globals, 2 P
gc 303 @39.306s 0%: 0.064+0.66+0.019 ms clock, 0.12+0.65/0.35/0+0.038 ms cpu, 3->3->0 MB, 4 MB goal, 0 MB stacks, 0 MB globals, 2 P
gc 304 @39.323s 0%: 0.027+0.78+0.015 ms clock, 0.054+0.68/0.45/0+0.030 ms cpu, 3->3->0 MB, 4 MB goal, 0 MB stacks, 0 MB globals, 2 P
gc 305 @39.341s 0%: 0.047+0.67+0.011 ms clock, 0.095+0.66/0.35/0+0.023 ms cpu, 3->3->0 MB, 4 MB goal, 0 MB stacks, 0 MB globals, 2 P
gc 306 @39.359s 0%: 0.084+1.2+0.003 ms clock, 0.16+0.35/1.1/0+0.007 ms cpu, 3->3->0 MB, 4 MB goal, 0 MB stacks, 0 MB globals, 2 P
gc 307 @39.378s 0%: 0.012+0.82+0.003 ms clock, 0.024+0.66/0.37/0+0.006 ms cpu, 3->3->0 MB, 4 MB goal, 0 MB stacks, 0 MB globals, 2 P
gc 308 @39.396s 0%: 0.019+0.69+0.036 ms clock, 0.039+0.65/0.43/0+0.072 ms cpu, 3->3->0 MB, 4 MB goal, 0 MB stacks, 0 MB globals, 2 P
gc 309 @39.414s 0%: 0.041+1.0+0.003 ms clock, 0.082+0.67/0.40/0+0.006 ms cpu, 3->3->0 MB, 4 MB goal, 0 MB stacks, 0 MB globals, 2 P
gc 310 @39.433s 0%: 0.075+0.75+0.003 ms clock, 0.15+0.66/0.44/0+0.006 ms cpu, 3->3->0 MB, 4 MB goal, 0 MB stacks, 0 MB globals, 2 P
gc 311 @39.451s 0%: 0.053+0.70+0.025 ms clock, 0.10+0.72/0.36/0+0.050 ms cpu, 3->3->0 MB, 4 MB goal, 0 MB stacks, 0 MB globals, 2 P
gc 312 @39.469s 0%: 0.28+0.51+0.011 ms clock, 0.57+0.62/0.38/0+0.023 ms cpu, 3->3->0 MB, 4 MB goal, 0 MB stacks, 0 MB globals, 2 P
gc 313 @39.487s 0%: 0.025+0.98+0.003 ms clock, 0.050+0.71/0.49/0+0.007 ms cpu, 3->3->0 MB, 4 MB goal, 0 MB stacks, 0 MB globals, 2 P
gc 314 @39.506s 0%: 0.24+0.94+0.004 ms clock, 0.49+0.76/0.60/0+0.008 ms cpu, 3->3->0 MB, 4 MB goal, 0 MB stacks, 0 MB globals, 2 P
gc 315 @39.524s 0%: 0.014+1.0+0.014 ms clock, 0.029+0.60/0.55/0+0.028 ms cpu, 3->3->0 MB, 4 MB goal, 0 MB stacks, 0 MB globals, 2 P
gc 316 @39.542s 0%: 0.015+0.70+0.028 ms clock, 0.031+0.69/0.36/0+0.056 ms cpu, 3->3->0 MB, 4 MB goal, 0 MB stacks, 0 MB globals, 2 P
gc 317 @39.560s 0%: 0.030+0.66+0.017 ms clock, 0.060+0.65/0.35/0+0.035 ms cpu, 3->3->0 MB, 4 MB goal, 0 MB stacks, 0 MB globals, 2 P
gc 318 @39.577s 0%: 0.048+0.90+0.035 ms clock, 0.097+0.68/0.44/0+0.070 ms cpu, 3->3->0 MB, 4 MB goal, 0 MB stacks, 0 MB globals, 2 P
gc 319 @39.596s 0%: 0.037+0.72+0.020 ms clock, 0.075+0.57/0.45/0+0.040 ms cpu, 3->3->0 MB, 4 MB goal, 0 MB stacks, 0 MB globals, 2 P
gc 320 @39.614s 0%: 0.039+0.78+0.003 ms clock, 0.079+0.75/0.39/0+0.006 ms cpu, 3->3->0 MB, 4 MB goal, 0 MB stacks, 0 MB globals, 2 P
gc 321 @39.632s 0%: 0.014+1.1+0.014 ms clock, 0.028+0.68/0.55/0+0.028 ms cpu, 3->3->0 MB, 4 MB goal, 0 MB stacks, 0 MB globals, 2 P
gc 322 @39.650s 0%: 0.053+0.97+0.003 ms clock, 0.10+0.46/0.50/0+0.007 ms cpu, 3->3->0 MB, 4 MB goal, 0 MB stacks, 0 MB globals, 2 P
gc 323 @39.668s 0%: 0.016+0.96+0.014 ms clock, 0.032+0.51/0.46/0+0.029 ms cpu, 3->3->0 MB, 4 MB goal, 0 MB stacks, 0 MB globals, 2 P
gc 324 @39.687s 0%: 0.047+1.1+0.005 ms clock, 0.094+0.58/0.45/0+0.010 ms cpu, 3->3->0 MB, 4 MB goal, 0 MB stacks, 0 MB globals, 2 P
gc 325 @39.705s 0%: 0.15+0.61+0.020 ms clock, 0.30+0.53/0.45/0+0.040 ms cpu, 3->3->0 MB, 4 MB goal, 0 MB stacks, 0 MB globals, 2 P
gc 326 @39.724s 0%: 0.014+0.71+0.010 ms clock, 0.029+0.62/0.44/0+0.020 ms cpu, 3->3->0 MB, 4 MB goal, 0 MB stacks, 0 MB globals, 2 P
gc 327 @39.743s 0%: 0.048+0.96+0.004 ms clock, 0.097+0.56/0.51/0+0.009 ms cpu, 3->3->0 MB, 4 MB goal, 0 MB stacks, 0 MB globals, 2 P
gc 328 @39.762s 0%: 0.032+1.1+0.004 ms clock, 0.065+0.66/0.37/0+0.009 ms cpu, 3->3->0 MB, 4 MB goal, 0 MB stacks, 0 MB globals, 2 P
gc 329 @39.780s 0%: 0.025+0.81+0.003 ms clock, 0.050+0.78/0.43/0+0.006 ms cpu, 3->3->0 MB, 4 MB goal, 0 MB stacks, 0 MB globals, 2 P
gc 330 @39.798s 0%: 0.020+0.78+0.015 ms clock, 0.040+0.67/0.44/0+0.030 ms cpu, 3->3->0 MB, 4 MB goal, 0 MB stacks, 0 MB globals, 2 P
gc 331 @39.816s 0%: 0.056+0.78+0.016 ms clock, 0.11+0.72/0.42/0+0.033 ms cpu, 3->3->0 MB, 4 MB goal, 0 MB stacks, 0 MB globals, 2 P
gc 332 @39.833s 0%: 0.036+1.8+0.003 ms clock, 0.073+0.46/0.25/0+0.007 ms cpu, 3->3->1 MB, 4 MB goal, 0 MB stacks, 0 MB globals, 2 P
gc 333 @39.851s 0%: 0.041+0.73+0.004 ms clock, 0.083+0.61/0.49/0+0.008 ms cpu, 3->3->0 MB, 4 MB goal, 0 MB stacks, 0 MB globals, 2 P
gc 334 @39.869s 0%: 0.067+1.0+0.076 ms clock, 0.13+0.49/0.48/0+0.15 ms cpu, 3->3->0 MB, 4 MB goal, 0 MB stacks, 0 MB globals, 2 P
gc 335 @39.887s 0%: 0.016+0.64+0.002 ms clock, 0.033+0.48/0.36/0.23+0.005 ms cpu, 3->3->0 MB, 4 MB goal, 0 MB stacks, 0 MB globals, 2 P
gc 336 @39.906s 0%: 0.034+0.74+0.017 ms clock, 0.068+0.70/0.42/0+0.035 ms cpu, 3->3->0 MB, 4 MB goal, 0 MB stacks, 0 MB globals, 2 P
gc 337 @39.925s 0%: 0.27+0.77+0.004 ms clock, 0.55+0.46/0.45/0+0.009 ms cpu, 3->3->0 MB, 4 MB goal, 0 MB stacks, 0 MB globals, 2 P
gc 338 @39.944s 0%: 0.042+0.81+0.036 ms clock, 0.084+0.69/0.32/0+0.073 ms cpu, 3->3->0 MB, 4 MB goal, 0 MB stacks, 0 MB globals, 2 P
gc 339 @39.962s 0%: 0.12+0.66+0.031 ms clock, 0.24+0.65/0.36/0+0.063 ms cpu, 3->3->0 MB, 4 MB goal, 0 MB stacks, 0 MB globals, 2 P
gc 340 @39.979s 0%: 0.019+0.81+0.003 ms clock, 0.039+0.63/0.52/0+0.007 ms cpu, 3->3->0 MB, 4 MB goal, 0 MB stacks, 0 MB globals, 2 P
gc 341 @39.997s 0%: 0.027+1.0+0.003 ms clock, 0.055+0.63/0.39/0+0.007 ms cpu, 3->3->0 MB, 4 MB goal, 0 MB stacks, 0 MB globals, 2 P
gc 342 @40.014s 0%: 0.014+1.0+0.026 ms clock, 0.029+0.61/0.62/0.065+0.052 ms cpu, 3->3->0 MB, 4 MB goal, 0 MB stacks, 0 MB globals, 2 P
gc 343 @40.031s 0%: 0.025+0.71+0.031 ms clock, 0.050+0.58/0.47/0+0.063 ms cpu, 3->3->0 MB, 4 MB goal, 0 MB stacks, 0 MB globals, 2 P
gc 344 @40.049s 0%: 0.050+0.68+0.029 ms clock, 0.10+0.61/0.41/0+0.059 ms cpu, 3->3->0 MB, 4 MB goal, 0 MB stacks, 0 MB globals, 2 P
gc 345 @40.066s 0%: 0.038+0.74+0.043 ms clock, 0.076+0.62/0.39/0+0.087 ms cpu, 3->3->0 MB, 4 MB goal, 0 MB stacks, 0 MB globals, 2 P
gc 346 @40.084s 0%: 0.28+0.66+0.030 ms clock, 0.56+0.48/0.46/0+0.061 ms cpu, 3->3->0 MB, 4 MB goal, 0 MB stacks, 0 MB globals, 2 P
gc 347 @40.103s 0%: 0.83+0.10+0.011 ms clock, 1.6+0.37/0.37/0+0.023 ms cpu, 3->3->0 MB, 4 MB goal, 0 MB stacks, 0 MB globals, 2 P
gc 348 @40.121s 0%: 0.026+0.81+0.006 ms clock, 0.052+0.65/0.45/0+0.013 ms cpu, 3->3->0 MB, 4 MB goal, 0 MB stacks, 0 MB globals, 2 P
gc 349 @40.140s 0%: 0.024+0.70+0.003 ms clock, 0.049+0.68/0.35/0+0.006 ms cpu, 3->3->0 MB, 4 MB goal, 0 MB stacks, 0 MB globals, 2 P
gc 350 @40.158s 0%: 0.015+0.96+0.003 ms clock, 0.030+0.69/0.39/0+0.006 ms cpu, 3->3->0 MB, 4 MB goal, 0 MB stacks, 0 MB globals, 2 P
gc 351 @40.176s 0%: 0.10+0.74+0.016 ms clock, 0.21+0.63/0.36/0+0.033 ms cpu, 3->3->0 MB, 4 MB goal, 0 MB stacks, 0 MB globals, 2 P
gc 352 @40.194s 0%: 0.028+0.73+0.004 ms clock, 0.057+0.53/0.52/0+0.008 ms cpu, 3->3->0 MB, 4 MB goal, 0 MB stacks, 0 MB globals, 2 P
gc 353 @40.212s 0%: 0.39+0.40+0.024 ms clock, 0.79+0.61/0.28/0+0.049 ms cpu, 3->3->0 MB, 4 MB goal, 0 MB stacks, 0 MB globals, 2 P
gc 354 @40.231s 0%: 0.044+0.73+0.028 ms clock, 0.089+0.70/0.45/0+0.056 ms cpu, 3->3->0 MB, 4 MB goal, 0 MB stacks, 0 MB globals, 2 P
gc 355 @40.249s 0%: 0.72+0.46+0.015 ms clock, 1.4+0.38/0.61/0+0.030 ms cpu, 3->3->0 MB, 4 MB goal, 0 MB stacks, 0 MB globals, 2 P
gc 356 @40.268s 0%: 0.028+0.77+0.025 ms clock, 0.057+0.59/0.43/0+0.050 ms cpu, 3->3->0 MB, 4 MB goal, 0 MB stacks, 0 MB globals, 2 P
gc 357 @40.287s 0%: 0.019+0.65+0.021 ms clock, 0.039+0.55/0.45/0+0.043 ms cpu, 3->3->0 MB, 4 MB goal, 0 MB stacks, 0 MB globals, 2 P
gc 358 @40.306s 0%: 0.038+0.75+0.011 ms clock, 0.077+0.72/0.41/0+0.022 ms cpu, 3->3->0 MB, 4 MB goal, 0 MB stacks, 0 MB globals, 2 P
gc 359 @40.325s 0%: 0.023+0.78+0.029 ms clock, 0.047+0.75/0.38/0+0.058 ms cpu, 3->3->0 MB, 4 MB goal, 0 MB stacks, 0 MB globals, 2 P
gc 360 @40.343s 0%: 0.032+1.1+0.018 ms clock, 0.064+0.62/0.42/0+0.036 ms cpu, 3->3->0 MB, 4 MB goal, 0 MB stacks, 0 MB globals, 2 P
gc 361 @40.362s 0%: 0.009+0.95+0.074 ms clock, 0.019+0.64/0.39/0+0.14 ms cpu, 3->3->0 MB, 4 MB goal, 0 MB stacks, 0 MB globals, 2 P
gc 362 @40.379s 0%: 0.055+0.71+0.025 ms clock, 0.11+0.69/0.37/0+0.050 ms cpu, 3->3->0 MB, 4 MB goal, 0 MB stacks, 0 MB globals, 2 P
gc 363 @40.397s 0%: 0.037+0.78+0.003 ms clock, 0.074+0.66/0.42/0+0.006 ms cpu, 3->3->0 MB, 4 MB goal, 0 MB stacks, 0 MB globals, 2 P
gc 364 @40.415s 0%: 0.043+0.77+0.004 ms clock, 0.087+0.62/0.42/0+0.008 ms cpu, 3->3->0 MB, 4 MB goal, 0 MB stacks, 0 MB globals, 2 P
gc 365 @40.433s 0%: 0.026+0.69+0.021 ms clock, 0.053+0.66/0.38/0+0.042 ms cpu, 3->3->0 MB, 4 MB goal, 0 MB stacks, 0 MB globals, 2 P
gc 366 @40.451s 0%: 0.016+0.72+0.003 ms clock, 0.032+0.70/0.44/0+0.007 ms cpu, 3->3->0 MB, 4 MB goal, 0 MB stacks, 0 MB globals, 2 P
gc 367 @40.469s 0%: 0.043+0.88+0.011 ms clock, 0.086+0.44/0.55/0+0.023 ms cpu, 3->3->0 MB, 4 MB goal, 0 MB stacks, 0 MB globals, 2 P
gc 368 @40.487s 0%: 0.011+0.75+0.020 ms clock, 0.022+0.64/0.39/0+0.040 ms cpu, 3->3->0 MB, 4 MB goal, 0 MB stacks, 0 MB globals, 2 P
gc 369 @40.506s 0%: 0.011+0.51+0.002 ms clock, 0.022+0.058/0.19/0.71+0.004 ms cpu, 3->3->0 MB, 4 MB goal, 0 MB stacks, 0 MB globals, 2 P
gc 370 @40.524s 0%: 0.038+0.75+0.003 ms clock, 0.076+0.78/0.36/0+0.007 ms cpu, 3->3->0 MB, 4 MB goal, 0 MB stacks, 0 MB globals, 2 P
gc 371 @40.542s 0%: 0.020+0.78+0.022 ms clock, 0.041+0.69/0.46/0+0.044 ms cpu, 3->3->0 MB, 4 MB goal, 0 MB stacks, 0 MB globals, 2 P
gc 372 @40.560s 0%: 0.028+0.69+0.002 ms clock, 0.056+0.56/0.45/0+0.004 ms cpu, 3->3->0 MB, 4 MB goal, 0 MB stacks, 0 MB globals, 2 P
gc 373 @40.578s 0%: 0.038+0.77+0.004 ms clock, 0.077+0.62/0.37/0+0.009 ms cpu, 3->3->0 MB, 4 MB goal, 0 MB stacks, 0 MB globals, 2 P
gc 374 @40.596s 0%: 0.013+0.85+0.015 ms clock, 0.027+0.63/0.48/0+0.031 ms cpu, 3->3->0 MB, 4 MB goal, 0 MB stacks, 0 MB globals, 2 P
gc 375 @40.615s 0%: 0.037+0.83+0.002 ms clock, 0.075+0.66/0.51/0+0.005 ms cpu, 3->3->0 MB, 4 MB goal, 0 MB stacks, 0 MB globals, 2 P
gc 376 @40.633s 0%: 0.019+0.78+0.033 ms clock, 0.038+0.60/0.52/0+0.067 ms cpu, 3->3->0 MB, 4 MB goal, 0 MB stacks, 0 MB globals, 2 P
gc 377 @40.651s 0%: 0.014+0.76+0.003 ms clock, 0.028+0.69/0.36/0+0.006 ms cpu, 3->3->0 MB, 4 MB goal, 0 MB stacks, 0 MB globals, 2 P
gc 378 @40.669s 0%: 0.020+0.74+0.035 ms clock, 0.040+0.66/0.45/0+0.071 ms cpu, 3->3->0 MB, 4 MB goal, 0 MB stacks, 0 MB globals, 2 P
gc 379 @40.687s 0%: 0.018+0.74+0.003 ms clock, 0.037+0.60/0.44/0+0.006 ms cpu, 3->3->0 MB, 4 MB goal, 0 MB stacks, 0 MB globals, 2 P
gc 380 @40.704s 0%: 0.20+0.66+0.003 ms clock, 0.41+0.45/0.48/0+0.007 ms cpu, 3->3->0 MB, 4 MB goal, 0 MB stacks, 0 MB globals, 2 P
gc 381 @40.722s 0%: 0.041+0.99+0.031 ms clock, 0.083+0.45/0.54/0+0.062 ms cpu, 3->3->0 MB, 4 MB goal, 0 MB stacks, 0 MB globals, 2 P
gc 382 @40.740s 0%: 0.036+1.2+0.008 ms clock, 0.072+0.72/0.43/0+0.017 ms cpu, 3->3->0 MB, 4 MB goal, 0 MB stacks, 0 MB globals, 2 P
gc 383 @40.758s 0%: 0.017+1.5+0.002 ms clock, 0.035+0.61/0.46/0+0.005 ms cpu, 3->3->1 MB, 4 MB goal, 0 MB stacks, 0 MB globals, 2 P
gc 384 @40.776s 0%: 0.043+1.0+0.077 ms clock, 0.087+0.66/0.45/0+0.15 ms cpu, 3->3->0 MB, 4 MB goal, 0 MB stacks, 0 MB globals, 2 P
gc 385 @40.795s 0%: 0.020+0.80+0.017 ms clock, 0.040+0.77/0.44/0+0.034 ms cpu, 3->3->0 MB, 4 MB goal, 0 MB stacks, 0 MB globals, 2 P
gc 386 @40.813s 0%: 0.019+0.84+0.004 ms clock, 0.038+0.69/0.45/0+0.009 ms cpu, 3->3->0 MB, 4 MB goal, 0 MB stacks, 0 MB globals, 2 P
gc 387 @40.831s 0%: 0.015+0.76+0.015 ms clock, 0.030+0.70/0.48/0+0.031 ms cpu, 3->3->0 MB, 4 MB goal, 0 MB stacks, 0 MB globals, 2 P
gc 388 @40.849s 0%: 0.019+0.66+0.003 ms clock, 0.039+0.69/0.34/0+0.006 ms cpu, 3->3->0 MB, 4 MB goal, 0 MB stacks, 0 MB globals, 2 P
gc 389 @40.867s 0%: 0.039+0.85+0.010 ms clock, 0.078+0.62/0.49/0+0.020 ms cpu, 3->3->0 MB, 4 MB goal, 0 MB stacks, 0 MB globals, 2 P
gc 390 @40.886s 0%: 0.15+0.57+0.003 ms clock, 0.31+0.59/0.38/0+0.006 ms cpu, 3->3->0 MB, 4 MB goal, 0 MB stacks, 0 MB globals, 2 P
gc 391 @40.904s 0%: 0.37+0.47+0.025 ms clock, 0.74+0.50/0.47/0+0.050 ms cpu, 3->3->0 MB, 4 MB goal, 0 MB stacks, 0 MB globals, 2 P
gc 392 @40.923s 0%: 0.040+0.84+0.023 ms clock, 0.081+0.60/0.50/0+0.046 ms cpu, 3->3->0 MB, 4 MB goal, 0 MB stacks, 0 MB globals, 2 P
gc 393 @40.941s 0%: 0.044+0.78+0.004 ms clock, 0.088+0.54/0.41/0+0.008 ms cpu, 3->3->0 MB, 4 MB goal, 0 MB stacks, 0 MB globals, 2 P
gc 394 @40.960s 0%: 0.013+0.74+0.003 ms clock, 0.027+0.72/0.39/0+0.007 ms cpu, 3->3->0 MB, 4 MB goal, 0 MB stacks, 0 MB globals, 2 P
gc 395 @40.979s 0%: 0.011+0.77+0.020 ms clock, 0.023+0.71/0.42/0+0.040 ms cpu, 3->3->0 MB, 4 MB goal, 0 MB stacks, 0 MB globals, 2 P
gc 396 @40.997s 0%: 0.029+0.76+0.017 ms clock, 0.059+0.81/0.34/0+0.034 ms cpu, 3->3->0 MB, 4 MB goal, 0 MB stacks, 0 MB globals, 2 P
gc 397 @41.015s 0%: 0.016+0.77+0.033 ms clock, 0.033+0.62/0.45/0+0.067 ms cpu, 3->3->0 MB, 4 MB goal, 0 MB stacks, 0 MB globals, 2 P
gc 398 @41.033s 0%: 0.039+1.2+0.076 ms clock, 0.079+0.63/0.44/0+0.15 ms cpu, 3->3->0 MB, 4 MB goal, 0 MB stacks, 0 MB globals, 2 P
gc 399 @41.051s 0%: 0.043+0.93+0.012 ms clock, 0.086+0.68/0.33/0+0.025 ms cpu, 3->3->0 MB, 4 MB goal, 0 MB stacks, 0 MB globals, 2 P
gc 400 @41.069s 0%: 0.039+0.83+0.003 ms clock, 0.078+0.56/0.41/0+0.006 ms cpu, 3->3->0 MB, 4 MB goal, 0 MB stacks, 0 MB globals, 2 P
gc 401 @41.087s 0%: 0.039+0.90+0.023 ms clock, 0.079+0.69/0.42/0+0.047 ms cpu, 3->3->0 MB, 4 MB goal, 0 MB stacks, 0 MB globals, 2 P
gc 402 @41.105s 0%: 0.019+0.70+0.017 ms clock, 0.039+0.74/0.34/0+0.035 ms cpu, 3->3->0 MB, 4 MB goal, 0 MB stacks, 0 MB globals, 2 P
gc 403 @41.121s 0%: 0.031+1.1+0.006 ms clock, 0.062+0.68/0.40/0+0.013 ms cpu, 3->3->0 MB, 4 MB goal, 0 MB stacks, 0 MB globals, 2 P
gc 404 @41.138s 0%: 0.039+0.77+0.015 ms clock, 0.078+0.73/0.36/0+0.030 ms cpu, 3->3->0 MB, 4 MB goal, 0 MB stacks, 0 MB globals, 2 P
gc 405 @41.155s 0%: 0.022+0.91+0.028 ms clock, 0.045+0.75/0.37/0+0.056 ms cpu, 3->3->0 MB, 4 MB goal, 0 MB stacks, 0 MB globals, 2 P
gc 406 @41.172s 0%: 0.024+0.67+0.012 ms clock, 0.049+0.71/0.33/0+0.025 ms cpu, 3->3->0 MB, 4 MB goal, 0 MB stacks, 0 MB globals, 2 P
gc 407 @41.189s 0%: 0.013+0.67+0.010 ms clock, 0.027+0.67/0.39/0+0.020 ms cpu, 3->3->0 MB, 4 MB goal, 0 MB stacks, 0 MB globals, 2 P
gc 408 @41.206s 0%: 0.020+0.75+0.025 ms clock, 0.040+0.77/0.39/0+0.050 ms cpu, 3->3->0 MB, 4 MB goal, 0 MB stacks, 0 MB globals, 2 P
gc 409 @41.224s 0%: 0.027+1.3+0.019 ms clock, 0.054+0.37/0.26/0+0.039 ms cpu, 3->3->0 MB, 4 MB goal, 0 MB stacks, 0 MB globals, 2 P
gc 410 @41.241s 0%: 0.042+0.64+0.031 ms clock, 0.084+0.62/0.39/0+0.063 ms cpu, 3->3->0 MB, 4 MB goal, 0 MB stacks, 0 MB globals, 2 P
gc 411 @41.258s 0%: 0.38+0.56+0.004 ms clock, 0.77+0.57/0.45/0+0.008 ms cpu, 3->3->0 MB, 4 MB goal, 0 MB stacks, 0 MB globals, 2 P
gc 412 @41.276s 0%: 0.024+0.71+0.020 ms clock, 0.049+0.72/0.37/0+0.041 ms cpu, 3->3->0 MB, 4 MB goal, 0 MB stacks, 0 MB globals, 2 P
gc 413 @41.294s 0%: 0.057+0.78+0.016 ms clock, 0.11+0.55/0.51/0+0.032 ms cpu, 3->3->0 MB, 4 MB goal, 0 MB stacks, 0 MB globals, 2 P
gc 414 @41.313s 0%: 0.70+0.32+0.003 ms clock, 1.4+0.41/0.43/0+0.007 ms cpu, 3->3->0 MB, 4 MB goal, 0 MB stacks, 0 MB globals, 2 P
gc 415 @41.331s 0%: 0.038+0.74+0.003 ms clock, 0.076+0.74/0.39/0+0.006 ms cpu, 3->3->0 MB, 4 MB goal, 0 MB stacks, 0 MB globals, 2 P
gc 416 @41.350s 0%: 0.029+0.78+0.002 ms clock, 0.058+0.69/0.44/0+0.005 ms cpu, 3->3->0 MB, 4 MB goal, 0 MB stacks, 0 MB globals, 2 P
gc 417 @41.369s 0%: 0.013+0.55+0.002 ms clock, 0.026+0.027/0.29/0.57+0.005 ms cpu, 3->3->0 MB, 4 MB goal, 0 MB stacks, 0 MB globals, 2 P
gc 418 @41.388s 0%: 0.044+0.70+0.014 ms clock, 0.089+0.68/0.31/0+0.028 ms cpu, 3->3->0 MB, 4 MB goal, 0 MB stacks, 0 MB globals, 2 P
gc 419 @41.406s 0%: 0.036+0.71+0.014 ms clock, 0.072+0.70/0.35/0+0.028 ms cpu, 3->3->0 MB, 4 MB goal, 0 MB stacks, 0 MB globals, 2 P
gc 420 @41.425s 0%: 0.28+0.62+0.004 ms clock, 0.56+0.42/0.52/0+0.008 ms cpu, 3->3->0 MB, 4 MB goal, 0 MB stacks, 0 MB globals, 2 P
gc 421 @41.444s 0%: 0.022+0.78+0.004 ms clock, 0.044+0.73/0.45/0+0.008 ms cpu, 3->3->0 MB, 4 MB goal, 0 MB stacks, 0 MB globals, 2 P
gc 422 @41.461s 0%: 0.040+0.79+0.010 ms clock, 0.080+0.70/0.41/0+0.020 ms cpu, 3->3->0 MB, 4 MB goal, 0 MB stacks, 0 MB globals, 2 P
gc 423 @41.478s 0%: 0.014+0.74+0.004 ms clock, 0.029+0.72/0.34/0+0.009 ms cpu, 3->3->0 MB, 4 MB goal, 0 MB stacks, 0 MB globals, 2 P
gc 424 @41.495s 0%: 0.011+1.0+0.014 ms clock, 0.023+1.3/0.29/0+0.028 ms cpu, 3->3->0 MB, 4 MB goal, 0 MB stacks, 0 MB globals, 2 P
gc 425 @41.510s 0%: 0.23+0.58+0.026 ms clock, 0.47+0.45/0.48/0+0.052 ms cpu, 3->3->0 MB, 4 MB goal, 0 MB stacks, 0 MB globals, 2 P
gc 426 @41.525s 0%: 0.018+0.80+0.035 ms clock, 0.036+0.64/0.40/0+0.071 ms cpu, 3->3->0 MB, 4 MB goal, 0 MB stacks, 0 MB globals, 2 P
gc 427 @41.540s 0%: 0.15+6.1+0.060 ms clock, 0.31+0.77/0.42/0+0.12 ms cpu, 3->3->1 MB, 4 MB goal, 0 MB stacks, 0 MB globals, 2 P
gc 428 @41.557s 0%: 0.69+5.7+0.006 ms clock, 1.3+0.47/0.68/0+0.013 ms cpu, 3->3->1 MB, 4 MB goal, 0 MB stacks, 0 MB globals, 2 P
gc 429 @41.574s 0%: 1.9+1.4+0.014 ms clock, 3.8+0.48/1.7/0+0.028 ms cpu, 3->3->1 MB, 4 MB goal, 0 MB stacks, 0 MB globals, 2 P
gc 430 @41.588s 0%: 0.028+0.84+0.024 ms clock, 0.057+0.70/0.50/0+0.049 ms cpu, 3->3->0 MB, 4 MB goal, 0 MB stacks, 0 MB globals, 2 P
gc 431 @41.604s 0%: 0.024+0.65+0.003 ms clock, 0.048+0.56/0.44/0+0.007 ms cpu, 3->3->0 MB, 4 MB goal, 0 MB stacks, 0 MB globals, 2 P
gc 432 @41.620s 0%: 0.27+0.51+0.010 ms clock, 0.54+0.57/0.39/0+0.021 ms cpu, 3->3->0 MB, 4 MB goal, 0 MB stacks, 0 MB globals, 2 P
gc 433 @41.636s 0%: 0.015+0.98+0.003 ms clock, 0.030+0.46/0.51/0+0.006 ms cpu, 3->3->0 MB, 4 MB goal, 0 MB stacks, 0 MB globals, 2 P
gc 434 @41.654s 0%: 0.063+0.87+0.018 ms clock, 0.12+0.60/0.48/0+0.037 ms cpu, 3->3->0 MB, 4 MB goal, 0 MB stacks, 0 MB globals, 2 P
gc 435 @41.672s 0%: 0.019+0.78+0.008 ms clock, 0.039+0.76/0.39/0+0.016 ms cpu, 3->3->0 MB, 4 MB goal, 0 MB stacks, 0 MB globals, 2 P
gc 436 @41.691s 0%: 0.016+0.67+0.039 ms clock, 0.032+0.64/0.38/0+0.079 ms cpu, 3->3->0 MB, 4 MB goal, 0 MB stacks, 0 MB globals, 2 P
gc 437 @41.709s 0%: 0.021+1.0+0.003 ms clock, 0.043+0.66/0.36/0+0.007 ms cpu, 3->3->0 MB, 4 MB goal, 0 MB stacks, 0 MB globals, 2 P
gc 438 @41.728s 0%: 0.014+0.78+0.018 ms clock, 0.029+0.68/0.37/0+0.037 ms cpu, 3->3->0 MB, 4 MB goal, 0 MB stacks, 0 MB globals, 2 P
gc 439 @41.745s 0%: 0.23+0.51+0.003 ms clock, 0.46+0.57/0.35/0+0.006 ms cpu, 3->3->0 MB, 4 MB goal, 0 MB stacks, 0 MB globals, 2 P
gc 440 @41.763s 0%: 0.021+0.89+0.020 ms clock, 0.043+0.62/0.47/0+0.040 ms cpu, 3->3->0 MB, 4 MB goal, 0 MB stacks, 0 MB globals, 2 P
gc 441 @41.781s 0%: 0.055+0.69+0.038 ms clock, 0.11+0.61/0.44/0+0.076 ms cpu, 3->3->0 MB, 4 MB goal, 0 MB stacks, 0 MB globals, 2 P
gc 442 @41.799s 0%: 0.059+0.89+0.057 ms clock, 0.11+0.57/0.42/0+0.11 ms cpu, 3->3->0 MB, 4 MB goal, 0 MB stacks, 0 MB globals, 2 P
gc 443 @41.816s 0%: 0.024+0.73+0.019 ms clock, 0.048+0.76/0.39/0+0.039 ms cpu, 3->3->0 MB, 4 MB goal, 0 MB stacks, 0 MB globals, 2 P
gc 444 @41.835s 0%: 0.054+0.77+0.031 ms clock, 0.10+0.58/0.47/0+0.063 ms cpu, 3->3->0 MB, 4 MB goal, 0 MB stacks, 0 MB globals, 2 P
gc 445 @41.854s 0%: 0.034+0.71+0.003 ms clock, 0.069+0.63/0.42/0+0.006 ms cpu, 3->3->0 MB, 4 MB goal, 0 MB stacks, 0 MB globals, 2 P
gc 446 @41.872s 0%: 0.035+0.83+0.019 ms clock, 0.070+0.65/0.45/0+0.038 ms cpu, 3->3->0 MB, 4 MB goal, 0 MB stacks, 0 MB globals, 2 P
gc 447 @41.890s 0%: 0.044+0.74+0.034 ms clock, 0.088+0.60/0.47/0+0.069 ms cpu, 3->3->0 MB, 4 MB goal, 0 MB stacks, 0 MB globals, 2 P
gc 448 @41.908s 0%: 0.032+0.75+0.011 ms clock, 0.064+0.63/0.38/0+0.023 ms cpu, 3->3->0 MB, 4 MB goal, 0 MB stacks, 0 MB globals, 2 P
gc 449 @41.926s 0%: 0.063+1.1+0.003 ms clock, 0.12+0.64/0.47/0+0.007 ms cpu, 3->3->0 MB, 4 MB goal, 0 MB stacks, 0 MB globals, 2 P
gc 450 @41.944s 0%: 0.038+1.3+0.005 ms clock, 0.076+0.69/0.37/0+0.011 ms cpu, 3->3->0 MB, 4 MB goal, 0 MB stacks, 0 MB globals, 2 P
gc 451 @41.962s 0%: 0.027+1.0+0.025 ms clock, 0.055+0.38/0.44/0+0.050 ms cpu, 3->3->0 MB, 4 MB goal, 0 MB stacks, 0 MB globals, 2 P
gc 452 @41.981s 0%: 0.027+0.85+0.003 ms clock, 0.054+0.77/0.44/0+0.007 ms cpu, 3->3->0 MB, 4 MB goal, 0 MB stacks, 0 MB globals, 2 P
gc 453 @41.998s 0%: 0.27+0.53+0.014 ms clock, 0.55+0.52/0.49/0+0.029 ms cpu, 3->3->0 MB, 4 MB goal, 0 MB stacks, 0 MB globals, 2 P
gc 454 @42.016s 0%: 0.019+0.64+0.002 ms clock, 0.038+0.62/0.38/0+0.005 ms cpu, 3->3->0 MB, 4 MB goal, 0 MB stacks, 0 MB globals, 2 P
gc 455 @42.033s 0%: 0.60+0.47+0.008 ms clock, 1.2+0.44/0.51/0+0.016 ms cpu, 3->3->0 MB, 4 MB goal, 0 MB stacks, 0 MB globals, 2 P
gc 456 @42.051s 0%: 0.052+0.78+0.023 ms clock, 0.10+0.54/0.51/0+0.046 ms cpu, 3->3->0 MB, 4 MB goal, 0 MB stacks, 0 MB globals, 2 P
gc 457 @42.068s 0%: 0.025+1.0+0.008 ms clock, 0.050+0.62/0.54/0+0.017 ms cpu, 3->3->0 MB, 4 MB goal, 0 MB stacks, 0 MB globals, 2 P
gc 458 @42.088s 0%: 0.27+0.52+0.004 ms clock, 0.54+0.49/0.48/0+0.008 ms cpu, 3->3->0 MB, 4 MB goal, 0 MB stacks, 0 MB globals, 2 P
gc 459 @42.107s 0%: 0.024+0.71+0.003 ms clock, 0.048+0.61/0.43/0+0.007 ms cpu, 3->3->0 MB, 4 MB goal, 0 MB stacks, 0 MB globals, 2 P
gc 460 @42.126s 0%: 0.015+0.70+0.020 ms clock, 0.031+0.71/0.37/0+0.040 ms cpu, 3->3->0 MB, 4 MB goal, 0 MB stacks, 0 MB globals, 2 P
gc 461 @42.145s 0%: 0.063+0.67+0.023 ms clock, 0.12+0.65/0.36/0+0.047 ms cpu, 3->3->0 MB, 4 MB goal, 0 MB stacks, 0 MB globals, 2 P
gc 462 @42.164s 0%: 0.067+1.0+0.054 ms clock, 0.13+0.63/0.62/0+0.10 ms cpu, 3->3->0 MB, 4 MB goal, 0 MB stacks, 0 MB globals, 2 P
gc 463 @42.182s 0%: 0.049+0.76+0.003 ms clock, 0.099+0.80/0.41/0+0.007 ms cpu, 3->3->0 MB, 4 MB goal, 0 MB stacks, 0 MB globals, 2 P
gc 464 @42.201s 0%: 0.014+0.69+0.011 ms clock, 0.028+0.63/0.38/0+0.023 ms cpu, 3->3->0 MB, 4 MB goal, 0 MB stacks, 0 MB globals, 2 P
gc 465 @42.219s 0%: 0.048+0.70+0.003 ms clock, 0.097+0.72/0.38/0+0.007 ms cpu, 3->3->0 MB, 4 MB goal, 0 MB stacks, 0 MB globals, 2 P
gc 466 @42.237s 0%: 0.025+0.71+0.003 ms clock, 0.050+0.66/0.37/0+0.007 ms cpu, 3->3->0 MB, 4 MB goal, 0 MB stacks, 0 MB globals, 2 P
gc 467 @42.256s 0%: 0.015+1.2+0.002 ms clock, 0.031+0.62/0.47/0+0.005 ms cpu, 3->3->0 MB, 4 MB goal, 0 MB stacks, 0 MB globals, 2 P
gc 468 @42.274s 0%: 0.015+0.65+0.002 ms clock, 0.030+0.27/0.37/0.35+0.005 ms cpu, 3->3->0 MB, 4 MB goal, 0 MB stacks, 0 MB globals, 2 P
gc 469 @42.293s 0%: 0.022+0.68+0.002 ms clock, 0.045+0.72/0.34/0+0.005 ms cpu, 3->3->0 MB, 4 MB goal, 0 MB stacks, 0 MB globals, 2 P
gc 470 @42.311s 0%: 0.19+0.53+0.019 ms clock, 0.39+0.60/0.38/0+0.039 ms cpu, 3->3->0 MB, 4 MB goal, 0 MB stacks, 0 MB globals, 2 P
gc 471 @42.330s 0%: 0.015+0.99+0.005 ms clock, 0.031+0.44/0.46/0+0.011 ms cpu, 3->3->0 MB, 4 MB goal, 0 MB stacks, 0 MB globals, 2 P
gc 472 @42.348s 0%: 0.33+1.5+0.014 ms clock, 0.66+0.25/0.71/0+0.028 ms cpu, 3->3->1 MB, 4 MB goal, 0 MB stacks, 0 MB globals, 2 P
gc 473 @42.366s 0%: 0.27+0.52+0.023 ms clock, 0.54+0.57/0.42/0+0.047 ms cpu, 3->3->0 MB, 4 MB goal, 0 MB stacks, 0 MB globals, 2 P
gc 474 @42.385s 0%: 0.041+0.74+0.034 ms clock, 0.083+0.66/0.38/0+0.068 ms cpu, 3->3->0 MB, 4 MB goal, 0 MB stacks, 0 MB globals, 2 P
gc 475 @42.403s 0%: 0.040+1.1+0.084 ms clock, 0.080+0.63/0.50/0+0.16 ms cpu, 3->3->0 MB, 4 MB goal, 0 MB stacks, 0 MB globals, 2 P
gc 476 @42.421s 0%: 0.99+0.39+0.019 ms clock, 1.9+0.63/0.32/0+0.039 ms cpu, 3->3->0 MB, 4 MB goal, 0 MB stacks, 0 MB globals, 2 P
gc 477 @42.439s 0%: 0.042+1.6+0.026 ms clock, 0.084+0.44/0.30/0+0.053 ms cpu, 3->3->1 MB, 4 MB goal, 0 MB stacks, 0 MB globals, 2 P
gc 478 @42.458s 0%: 0.028+0.80+0.002 ms clock, 0.057+0.67/0.39/0+0.005 ms cpu, 3->3->0 MB, 4 MB goal, 0 MB stacks, 0 MB globals, 2 P
gc 479 @42.474s 0%: 0.033+1.0+0.003 ms clock, 0.067+0.66/0.38/0+0.006 ms cpu, 3->3->0 MB, 4 MB goal, 0 MB stacks, 0 MB globals, 2 P
gc 480 @42.491s 0%: 0.044+1.2+0.003 ms clock, 0.088+0.41/0.23/0+0.006 ms cpu, 3->3->0 MB, 4 MB goal, 0 MB stacks, 0 MB globals, 2 P
gc 481 @42.508s 0%: 0.011+0.84+0.011 ms clock, 0.023+0.56/0.42/0+0.023 ms cpu, 3->3->0 MB, 4 MB goal, 0 MB stacks, 0 MB globals, 2 P
gc 482 @42.525s 0%: 0.021+1.0+0.027 ms clock, 0.042+0.67/0.65/0+0.054 ms cpu, 3->3->0 MB, 4 MB goal, 0 MB stacks, 0 MB globals, 2 P
gc 483 @42.541s 0%: 0.013+0.79+0.014 ms clock, 0.026+0.60/0.43/0+0.028 ms cpu, 3->3->0 MB, 4 MB goal, 0 MB stacks, 0 MB globals, 2 P
gc 484 @42.560s 0%: 0.84+0.31+0.017 ms clock, 1.6+0.54/0.34/0+0.034 ms cpu, 3->3->0 MB, 4 MB goal, 0 MB stacks, 0 MB globals, 2 P
gc 485 @42.578s 0%: 0.057+0.78+0.028 ms clock, 0.11+0.60/0.44/0+0.056 ms cpu, 3->3->0 MB, 4 MB goal, 0 MB stacks, 0 MB globals, 2 P
gc 486 @42.597s 0%: 0.009+0.81+0.003 ms clock, 0.019+0.070/0.39/0.47+0.006 ms cpu, 3->3->0 MB, 4 MB goal, 0 MB stacks, 0 MB globals, 2 P
gc 487 @42.615s 0%: 0.045+0.72+0.003 ms clock, 0.091+0.73/0.35/0+0.006 ms cpu, 3->3->0 MB, 4 MB goal, 0 MB stacks, 0 MB globals, 2 P
gc 488 @42.633s 0%: 0.018+0.99+0.003 ms clock, 0.036+0.63/0.36/0+0.007 ms cpu, 3->3->0 MB, 4 MB goal, 0 MB stacks, 0 MB globals, 2 P
gc 489 @42.651s 0%: 0.041+0.82+0.016 ms clock, 0.083+0.70/0.35/0+0.033 ms cpu, 3->3->0 MB, 4 MB goal, 0 MB stacks, 0 MB globals, 2 P
gc 490 @42.669s 0%: 1.4+0.47+0.011 ms clock, 2.9+0.42/0.69/0+0.023 ms cpu, 3->3->1 MB, 4 MB goal, 0 MB stacks, 0 MB globals, 2 P
gc 491 @42.686s 0%: 0.023+0.83+0.011 ms clock, 0.047+0.64/0.45/0+0.023 ms cpu, 3->3->0 MB, 4 MB goal, 0 MB stacks, 0 MB globals, 2 P
gc 492 @42.704s 0%: 0.016+0.81+0.022 ms clock, 0.032+0.70/0.38/0+0.045 ms cpu, 3->3->0 MB, 4 MB goal, 0 MB stacks, 0 MB globals, 2 P
gc 493 @42.721s 0%: 0.014+0.88+0.044 ms clock, 0.028+0.67/0.45/0+0.088 ms cpu, 3->3->0 MB, 4 MB goal, 0 MB stacks, 0 MB globals, 2 P
gc 494 @42.739s 0%: 0.21+0.54+0.014 ms clock, 0.43+0.58/0.36/0+0.028 ms cpu, 3->3->0 MB, 4 MB goal, 0 MB stacks, 0 MB globals, 2 P
gc 495 @42.757s 0%: 0.020+0.70+0.003 ms clock, 0.040+0.66/0.43/0+0.006 ms cpu, 3->3->0 MB, 4 MB goal, 0 MB stacks, 0 MB globals, 2 P
gc 496 @42.775s 0%: 0.034+1.0+0.016 ms clock, 0.068+0.63/0.40/0+0.033 ms cpu, 3->3->0 MB, 4 MB goal, 0 MB stacks, 0 MB globals, 2 P
gc 497 @42.793s 0%: 0.054+0.66+0.016 ms clock, 0.10+0.61/0.39/0+0.032 ms cpu, 3->3->0 MB, 4 MB goal, 0 MB stacks, 0 MB globals, 2 P
gc 498 @42.811s 0%: 0.019+0.79+0.013 ms clock, 0.039+0.69/0.47/0+0.027 ms cpu, 3->3->0 MB, 4 MB goal, 0 MB stacks, 0 MB globals, 2 P
gc 499 @42.829s 0%: 0.032+0.74+0.029 ms clock, 0.065+0.67/0.34/0+0.058 ms cpu, 3->3->0 MB, 4 MB goal, 0 MB stacks, 0 MB globals, 2 P
gc 500 @42.847s 0%: 0.033+0.78+0.020 ms clock, 0.067+0.69/0.39/0+0.041 ms cpu, 3->3->0 MB, 4 MB goal, 0 MB stacks, 0 MB globals, 2 P
gc 501 @42.864s 0%: 0.014+0.87+0.014 ms clock, 0.028+0.65/0.50/0+0.028 ms cpu, 3->3->0 MB, 4 MB goal, 0 MB stacks, 0 MB globals, 2 P
gc 502 @42.883s 0%: 0.011+1.2+0.004 ms clock, 0.023+0.52/0.32/0.24+0.009 ms cpu, 3->3->0 MB, 4 MB goal, 0 MB stacks, 0 MB globals, 2 P
gc 503 @42.901s 0%: 0.24+1.1+0.003 ms clock, 0.48+0.96/0.58/0+0.006 ms cpu, 3->3->0 MB, 4 MB goal, 0 MB stacks, 0 MB globals, 2 P
gc 504 @42.918s 0%: 0.026+0.72+0.022 ms clock, 0.052+0.76/0.34/0+0.044 ms cpu, 3->3->0 MB, 4 MB goal, 0 MB stacks, 0 MB globals, 2 P
gc 505 @42.936s 0%: 1.1+0.081+0.013 ms clock, 2.3+0.52/0.36/0+0.026 ms cpu, 3->3->0 MB, 4 MB goal, 0 MB stacks, 0 MB globals, 2 P
gc 506 @42.953s 0%: 0.031+0.68+0.023 ms clock, 0.062+0.65/0.38/0+0.046 ms cpu, 3->3->0 MB, 4 MB goal, 0 MB stacks, 0 MB globals, 2 P
gc 507 @42.971s 0%: 0.034+0.77+0.013 ms clock, 0.069+0.62/0.40/0+0.027 ms cpu, 3->3->0 MB, 4 MB goal, 0 MB stacks, 0 MB globals, 2 P
gc 508 @42.988s 0%: 0.033+0.70+0.023 ms clock, 0.066+0.64/0.45/0+0.046 ms cpu, 3->3->0 MB, 4 MB goal, 0 MB stacks, 0 MB globals, 2 P
gc 509 @43.005s 0%: 0.028+1.1+0.018 ms clock, 0.056+0.62/0.57/0+0.037 ms cpu, 3->3->0 MB, 4 MB goal, 0 MB stacks, 0 MB globals, 2 P
gc 510 @43.024s 0%: 0.80+0.54+0.002 ms clock, 1.6+0.38/0.82/0+0.005 ms cpu, 3->3->0 MB, 4 MB goal, 0 MB stacks, 0 MB globals, 2 P
gc 511 @43.043s 0%: 0.61+0.54+0.003 ms clock, 1.2+0.30/0.81/0+0.007 ms cpu, 3->3->0 MB, 4 MB goal, 0 MB stacks, 0 MB globals, 2 P
gc 512 @43.061s 0%: 0.043+0.73+0.025 ms clock, 0.086+0.57/0.46/0+0.050 ms cpu, 3->3->0 MB, 4 MB goal, 0 MB stacks, 0 MB globals, 2 P
gc 513 @43.080s 0%: 0.052+0.97+0.005 ms clock, 0.10+0.41/0.57/0+0.011 ms cpu, 3->3->0 MB, 4 MB goal, 0 MB stacks, 0 MB globals, 2 P
gc 514 @43.099s 0%: 0.19+0.56+0.035 ms clock, 0.38+0.46/0.50/0+0.070 ms cpu, 3->3->0 MB, 4 MB goal, 0 MB stacks, 0 MB globals, 2 P
gc 515 @43.118s 0%: 0.038+0.69+0.002 ms clock, 0.076+0.68/0.37/0+0.005 ms cpu, 3->3->0 MB, 4 MB goal, 0 MB stacks, 0 MB globals, 2 P
gc 516 @43.137s 0%: 0.029+0.73+0.033 ms clock, 0.058+0.73/0.39/0+0.066 ms cpu, 3->3->0 MB, 4 MB goal, 0 MB stacks, 0 MB globals, 2 P
gc 517 @43.155s 0%: 0.039+0.69+0.003 ms clock, 0.078+0.68/0.36/0+0.006 ms cpu, 3->3->0 MB, 4 MB goal, 0 MB stacks, 0 MB globals, 2 P
gc 518 @43.173s 0%: 0.014+1.1+0.020 ms clock, 0.028+0.59/0.39/0+0.040 ms cpu, 3->3->0 MB, 4 MB goal, 0 MB stacks, 0 MB globals, 2 P
gc 519 @43.191s 0%: 0.040+1.0+0.024 ms clock, 0.080+0.67/0.34/0+0.048 ms cpu, 3->3->0 MB, 4 MB goal, 0 MB stacks, 0 MB globals, 2 P
gc 520 @43.209s 0%: 0.017+1.0+0.002 ms clock, 0.034+0.70/0.36/0+0.005 ms cpu, 3->3->0 MB, 4 MB goal, 0 MB stacks, 0 MB globals, 2 P
gc 521 @43.227s 0%: 0.021+1.0+0.018 ms clock, 0.042+0.59/0.60/0+0.037 ms cpu, 3->3->0 MB, 4 MB goal, 0 MB stacks, 0 MB globals, 2 P
gc 522 @43.245s 0%: 0.015+0.93+0.002 ms clock, 0.031+0.59/0.49/0+0.005 ms cpu, 3->3->0 MB, 4 MB goal, 0 MB stacks, 0 MB globals, 2 P
gc 523 @43.263s 0%: 0.020+0.98+0.003 ms clock, 0.040+0.69/0.34/0+0.006 ms cpu, 3->3->0 MB, 4 MB goal, 0 MB stacks, 0 MB globals, 2 P
gc 524 @43.282s 0%: 0.030+0.72+0.003 ms clock, 0.060+0.63/0.38/0+0.007 ms cpu, 3->3->0 MB, 4 MB goal, 0 MB stacks, 0 MB globals, 2 P
gc 525 @43.300s 0%: 0.022+1.0+0.005 ms clock, 0.045+0.63/0.56/0.007+0.011 ms cpu, 3->3->0 MB, 4 MB goal, 0 MB stacks, 0 MB globals, 2 P
gc 526 @43.318s 0%: 0.020+0.86+0.004 ms clock, 0.040+0.67/0.43/0+0.008 ms cpu, 3->3->0 MB, 4 MB goal, 0 MB stacks, 0 MB globals, 2 P
gc 527 @43.336s 0%: 0.015+0.78+0.012 ms clock, 0.031+0.68/0.35/0+0.024 ms cpu, 3->3->0 MB, 4 MB goal, 0 MB stacks, 0 MB globals, 2 P
gc 528 @43.354s 0%: 0.042+0.92+0.013 ms clock, 0.084+0.71/0.35/0+0.027 ms cpu, 3->3->0 MB, 4 MB goal, 0 MB stacks, 0 MB globals, 2 P
gc 529 @43.372s 0%: 0.021+0.64+0.010 ms clock, 0.042+0.65/0.40/0+0.021 ms cpu, 3->3->0 MB, 4 MB goal, 0 MB stacks, 0 MB globals, 2 P
gc 530 @43.391s 0%: 0.017+0.74+0.003 ms clock, 0.035+0.68/0.44/0+0.007 ms cpu, 3->3->0 MB, 4 MB goal, 0 MB stacks, 0 MB globals, 2 P
gc 531 @43.409s 0%: 0.014+1.1+0.004 ms clock, 0.029+0.72/0.44/0+0.008 ms cpu, 3->3->0 MB, 4 MB goal, 0 MB stacks, 0 MB globals, 2 P
gc 532 @43.427s 0%: 0.021+0.81+0.034 ms clock, 0.042+0.63/0.45/0+0.068 ms cpu, 3->3->0 MB, 4 MB goal, 0 MB stacks, 0 MB globals, 2 P
gc 533 @43.445s 0%: 0.35+0.45+0.007 ms clock, 0.70+0.56/0.38/0+0.015 ms cpu, 3->3->0 MB, 4 MB goal, 0 MB stacks, 0 MB globals, 2 P
gc 534 @43.464s 0%: 0.018+0.77+0.024 ms clock, 0.036+0.45/0.26/0.41+0.048 ms cpu, 3->3->0 MB, 4 MB goal, 0 MB stacks, 0 MB globals, 2 P
gc 535 @43.483s 0%: 0.035+0.94+0.025 ms clock, 0.070+0.72/0.45/0+0.050 ms cpu, 3->3->0 MB, 4 MB goal, 0 MB stacks, 0 MB globals, 2 P
gc 536 @43.501s 0%: 0.059+0.77+0.010 ms clock, 0.11+0.60/0.44/0+0.020 ms cpu, 3->3->0 MB, 4 MB goal, 0 MB stacks, 0 MB globals, 2 P
gc 537 @43.520s 0%: 0.019+1.1+0.032 ms clock, 0.039+0.60/0.46/0+0.065 ms cpu, 3->3->0 MB, 4 MB goal, 0 MB stacks, 0 MB globals, 2 P
gc 538 @43.538s 0%: 0.012+0.80+0.016 ms clock, 0.025+0.75/0.42/0+0.033 ms cpu, 3->3->0 MB, 4 MB goal, 0 MB stacks, 0 MB globals, 2 P
gc 539 @43.557s 0%: 0.035+1.0+0.003 ms clock, 0.071+0.51/0.51/0+0.006 ms cpu, 3->3->0 MB, 4 MB goal, 0 MB stacks, 0 MB globals, 2 P
gc 540 @43.575s 0%: 0.019+0.72+0.003 ms clock, 0.039+0.76/0.37/0+0.007 ms cpu, 3->3->0 MB, 4 MB goal, 0 MB stacks, 0 MB globals, 2 P
gc 541 @43.594s 0%: 0.016+0.70+0.002 ms clock, 0.032+0.73/0.39/0+0.005 ms cpu, 3->3->0 MB, 4 MB goal, 0 MB stacks, 0 MB globals, 2 P
gc 542 @43.613s 0%: 0.015+0.73+0.021 ms clock, 0.030+0.67/0.44/0+0.043 ms cpu, 3->3->0 MB, 4 MB goal, 0 MB stacks, 0 MB globals, 2 P
gc 543 @43.631s 0%: 0.025+1.0+0.022 ms clock, 0.051+0.65/0.57/0+0.044 ms cpu, 3->3->0 MB, 4 MB goal, 0 MB stacks, 0 MB globals, 2 P
gc 544 @43.650s 0%: 0.013+0.83+0.024 ms clock, 0.027+0.68/0.44/0+0.049 ms cpu, 3->3->0 MB, 4 MB goal, 0 MB stacks, 0 MB globals, 2 P
gc 545 @43.668s 0%: 0.055+0.73+0.021 ms clock, 0.11+0.70/0.40/0+0.043 ms cpu, 3->3->0 MB, 4 MB goal, 0 MB stacks, 0 MB globals, 2 P
gc 546 @43.687s 0%: 0.041+0.71+0.033 ms clock, 0.082+0.71/0.36/0+0.066 ms cpu, 3->3->0 MB, 4 MB goal, 0 MB stacks, 0 MB globals, 2 P
gc 547 @43.705s 0%: 0.012+0.80+0.024 ms clock, 0.024+0.77/0.43/0+0.048 ms cpu, 3->3->0 MB, 4 MB goal, 0 MB stacks, 0 MB globals, 2 P
gc 548 @43.723s 0%: 0.022+0.77+0.048 ms clock, 0.044+0.67/0.43/0+0.097 ms cpu, 3->3->0 MB, 4 MB goal, 0 MB stacks, 0 MB globals, 2 P
gc 549 @43.741s 0%: 0.051+0.69+0.016 ms clock, 0.10+0.64/0.36/0+0.032 ms cpu, 3->3->0 MB, 4 MB goal, 0 MB stacks, 0 MB globals, 2 P
gc 550 @43.759s 0%: 0.036+0.68+0.003 ms clock, 0.073+0.61/0.37/0+0.007 ms cpu, 3->3->0 MB, 4 MB goal, 0 MB stacks, 0 MB globals, 2 P
gc 551 @43.778s 0%: 0.039+0.75+0.062 ms clock, 0.079+0.67/0.42/0+0.12 ms cpu, 3->3->0 MB, 4 MB goal, 0 MB stacks, 0 MB globals, 2 P
gc 552 @43.796s 0%: 0.037+0.65+0.003 ms clock, 0.075+0.56/0.47/0+0.006 ms cpu, 3->3->0 MB, 4 MB goal, 0 MB stacks, 0 MB globals, 2 P
gc 553 @43.814s 0%: 0.041+0.72+0.024 ms clock, 0.083+0.68/0.38/0+0.048 ms cpu, 3->3->0 MB, 4 MB goal, 0 MB stacks, 0 MB globals, 2 P
gc 554 @43.832s 0%: 0.016+1.1+0.002 ms clock, 0.033+0.74/0.41/0+0.004 ms cpu, 3->3->0 MB, 4 MB goal, 0 MB stacks, 0 MB globals, 2 P
gc 555 @43.850s 0%: 0.031+0.78+0.008 ms clock, 0.062+0.71/0.42/0+0.016 ms cpu, 3->3->0 MB, 4 MB goal, 0 MB stacks, 0 MB globals, 2 P
gc 556 @43.868s 0%: 0.014+0.82+0.015 ms clock, 0.028+0.66/0.49/0+0.031 ms cpu, 3->3->0 MB, 4 MB goal, 0 MB stacks, 0 MB globals, 2 P
gc 557 @43.886s 0%: 0.042+0.76+0.004 ms clock, 0.084+0.69/0.41/0+0.008 ms cpu, 3->3->0 MB, 4 MB goal, 0 MB stacks, 0 MB globals, 2 P
gc 558 @43.904s 0%: 0.037+0.84+0.017 ms clock, 0.074+0.56/0.39/0+0.034 ms cpu, 3->3->0 MB, 4 MB goal, 0 MB stacks, 0 MB globals, 2 P
gc 559 @43.921s 0%: 0.025+0.68+0.012 ms clock, 0.051+0.67/0.35/0+0.025 ms cpu, 3->3->0 MB, 4 MB goal, 0 MB stacks, 0 MB globals, 2 P
gc 560 @43.940s 0%: 0.040+0.70+0.017 ms clock, 0.081+0.70/0.33/0+0.035 ms cpu, 3->3->0 MB, 4 MB goal, 0 MB stacks, 0 MB globals, 2 P
gc 561 @43.958s 0%: 0.050+0.88+0.011 ms clock, 0.10+0.65/0.61/0+0.023 ms cpu, 3->3->0 MB, 4 MB goal, 0 MB stacks, 0 MB globals, 2 P
gc 562 @43.976s 0%: 0.017+0.95+0.029 ms clock, 0.035+0.75/0.52/0+0.059 ms cpu, 3->3->0 MB, 4 MB goal, 0 MB stacks, 0 MB globals, 2 P
gc 563 @43.993s 0%: 0.029+0.94+0.003 ms clock, 0.058+0.62/0.37/0+0.006 ms cpu, 3->3->0 MB, 4 MB goal, 0 MB stacks, 0 MB globals, 2 P
gc 564 @44.011s 0%: 0.043+0.78+0.002 ms clock, 0.087+0.55/0.44/0+0.005 ms cpu, 3->3->0 MB, 4 MB goal, 0 MB stacks, 0 MB globals, 2 P
gc 565 @44.028s 0%: 0.011+0.75+0.016 ms clock, 0.023+0.62/0.41/0+0.032 ms cpu, 3->3->0 MB, 4 MB goal, 0 MB stacks, 0 MB globals, 2 P
gc 566 @44.045s 0%: 0.031+0.72+0.016 ms clock, 0.062+0.77/0.36/0+0.032 ms cpu, 3->3->0 MB, 4 MB goal, 0 MB stacks, 0 MB globals, 2 P
gc 567 @44.063s 0%: 0.031+0.80+0.016 ms clock, 0.063+0.62/0.38/0+0.033 ms cpu, 3->3->0 MB, 4 MB goal, 0 MB stacks, 0 MB globals, 2 P
gc 568 @44.081s 0%: 0.041+0.77+0.014 ms clock, 0.082+0.75/0.45/0+0.028 ms cpu, 3->3->0 MB, 4 MB goal, 0 MB stacks, 0 MB globals, 2 P
gc 569 @44.099s 0%: 0.022+0.70+0.012 ms clock, 0.044+0.62/0.39/0+0.024 ms cpu, 3->3->0 MB, 4 MB goal, 0 MB stacks, 0 MB globals, 2 P
gc 570 @44.117s 0%: 0.036+1.3+0.018 ms clock, 0.073+0.46/0.25/0+0.036 ms cpu, 3->3->0 MB, 4 MB goal, 0 MB stacks, 0 MB globals, 2 P
gc 571 @44.135s 0%: 0.047+0.76+0.005 ms clock, 0.094+0.72/0.42/0+0.011 ms cpu, 3->3->0 MB, 4 MB goal, 0 MB stacks, 0 MB globals, 2 P
gc 572 @44.153s 0%: 0.049+0.64+0.025 ms clock, 0.099+0.64/0.37/0+0.050 ms cpu, 3->3->0 MB, 4 MB goal, 0 MB stacks, 0 MB globals, 2 P
gc 573 @44.172s 0%: 0.031+0.71+0.009 ms clock, 0.062+0.55/0.49/0+0.019 ms cpu, 3->3->0 MB, 4 MB goal, 0 MB stacks, 0 MB globals, 2 P
gc 574 @44.190s 0%: 0.022+1.3+0.003 ms clock, 0.045+0.74/0.43/0+0.006 ms cpu, 3->3->0 MB, 4 MB goal, 0 MB stacks, 0 MB globals, 2 P
gc 575 @44.209s 0%: 0.033+0.83+0.012 ms clock, 0.067+0.58/0.51/0+0.025 ms cpu, 3->3->0 MB, 4 MB goal, 0 MB stacks, 0 MB globals, 2 P
gc 576 @44.227s 0%: 0.013+0.79+0.018 ms clock, 0.026+0.76/0.39/0+0.036 ms cpu, 3->3->0 MB, 4 MB goal, 0 MB stacks, 0 MB globals, 2 P
gc 577 @44.245s 0%: 0.043+0.68+0.004 ms clock, 0.087+0.69/0.34/0+0.008 ms cpu, 3->3->0 MB, 4 MB goal, 0 MB stacks, 0 MB globals, 2 P
gc 578 @44.263s 0%: 0.026+0.65+0.003 ms clock, 0.053+0.67/0.34/0+0.007 ms cpu, 3->3->0 MB, 4 MB goal, 0 MB stacks, 0 MB globals, 2 P
gc 579 @44.281s 0%: 0.021+0.72+0.006 ms clock, 0.043+0.70/0.35/0+0.012 ms cpu, 3->3->0 MB, 4 MB goal, 0 MB stacks, 0 MB globals, 2 P
gc 580 @44.300s 0%: 0.017+0.77+0.028 ms clock, 0.035+0.60/0.47/0+0.056 ms cpu, 3->3->0 MB, 4 MB goal, 0 MB stacks, 0 MB globals, 2 P
gc 581 @44.318s 0%: 0.52+0.87+0.002 ms clock, 1.0+0.67/0.71/0+0.005 ms cpu, 3->3->0 MB, 4 MB goal, 0 MB stacks, 0 MB globals, 2 P
gc 582 @44.336s 0%: 0.68+0.44+0.028 ms clock, 1.3+0.37/0.68/0+0.057 ms cpu, 3->3->0 MB, 4 MB goal, 0 MB stacks, 0 MB globals, 2 P
gc 583 @44.354s 0%: 0.031+0.81+0.021 ms clock, 0.063+0.74/0.46/0+0.042 ms cpu, 3->3->0 MB, 4 MB goal, 0 MB stacks, 0 MB globals, 2 P
gc 584 @44.373s 0%: 0.033+0.72+0.002 ms clock, 0.067+0.62/0.46/0+0.005 ms cpu, 3->3->0 MB, 4 MB goal, 0 MB stacks, 0 MB globals, 2 P
gc 585 @44.392s 0%: 0.040+0.74+0.019 ms clock, 0.081+0.66/0.43/0+0.039 ms cpu, 3->3->0 MB, 4 MB goal, 0 MB stacks, 0 MB globals, 2 P
gc 586 @44.410s 0%: 0.031+0.64+0.027 ms clock, 0.063+0.58/0.44/0+0.055 ms cpu, 3->3->0 MB, 4 MB goal, 0 MB stacks, 0 MB globals, 2 P
gc 587 @44.429s 0%: 0.12+0.61+0.030 ms clock, 0.25+0.59/0.42/0+0.061 ms cpu, 3->3->0 MB, 4 MB goal, 0 MB stacks, 0 MB globals, 2 P
gc 588 @44.448s 0%: 0.046+0.68+0.002 ms clock, 0.092+0.65/0.34/0+0.005 ms cpu, 3->3->0 MB, 4 MB goal, 0 MB stacks, 0 MB globals, 2 P
gc 589 @44.467s 0%: 0.016+0.70+0.024 ms clock, 0.032+0.70/0.34/0+0.048 ms cpu, 3->3->0 MB, 4 MB goal, 0 MB stacks, 0 MB globals, 2 P
gc 590 @44.484s 0%: 0.037+0.96+0.021 ms clock, 0.075+0.60/0.43/0+0.042 ms cpu, 3->3->0 MB, 4 MB goal, 0 MB stacks, 0 MB globals, 2 P
gc 591 @44.501s 0%: 0.064+0.67+0.046 ms clock, 0.12+0.68/0.36/0+0.092 ms cpu, 3->3->0 MB, 4 MB goal, 0 MB stacks, 0 MB globals, 2 P
gc 592 @44.519s 0%: 0.035+0.76+0.003 ms clock, 0.070+0.69/0.44/0+0.007 ms cpu, 3->3->0 MB, 4 MB goal, 0 MB stacks, 0 MB globals, 2 P
gc 593 @44.536s 0%: 0.36+0.52+0.003 ms clock, 0.72+0.40/0.55/0+0.007 ms cpu, 3->3->0 MB, 4 MB goal, 0 MB stacks, 0 MB globals, 2 P
gc 594 @44.553s 0%: 0.022+1.2+0.003 ms clock, 0.045+0.78/0.35/0+0.007 ms cpu, 3->3->0 MB, 4 MB goal, 0 MB stacks, 0 MB globals, 2 P
gc 595 @44.571s 0%: 0.13+0.62+0.041 ms clock, 0.27+0.56/0.41/0+0.082 ms cpu, 3->3->0 MB, 4 MB goal, 0 MB stacks, 0 MB globals, 2 P
gc 596 @44.588s 0%: 0.032+0.69+0.021 ms clock, 0.065+0.66/0.43/0+0.042 ms cpu, 3->3->0 MB, 4 MB goal, 0 MB stacks, 0 MB globals, 2 P
gc 597 @44.606s 0%: 0.026+0.85+0.034 ms clock, 0.052+0.69/0.39/0+0.068 ms cpu, 3->3->0 MB, 4 MB goal, 0 MB stacks, 0 MB globals, 2 P
gc 598 @44.623s 0%: 0.019+0.75+0.026 ms clock, 0.038+0.69/0.37/0+0.052 ms cpu, 3->3->0 MB, 4 MB goal, 0 MB stacks, 0 MB globals, 2 P
gc 599 @44.641s 0%: 0.14+0.62+0.009 ms clock, 0.29+0.55/0.42/0+0.018 ms cpu, 3->3->0 MB, 4 MB goal, 0 MB stacks, 0 MB globals, 2 P
gc 600 @44.659s 0%: 0.014+0.66+0.022 ms clock, 0.028+0.045/0.24/0.69+0.045 ms cpu, 3->3->0 MB, 4 MB goal, 0 MB stacks, 0 MB globals, 2 P
gc 601 @44.678s 0%: 0.037+1.0+0.006 ms clock, 0.074+0.64/0.38/0+0.013 ms cpu, 3->3->0 MB, 4 MB goal, 0 MB stacks, 0 MB globals, 2 P
gc 602 @44.697s 0%: 0.037+0.97+0.027 ms clock, 0.074+0.68/0.47/0+0.055 ms cpu, 3->3->0 MB, 4 MB goal, 0 MB stacks, 0 MB globals, 2 P
gc 603 @44.715s 0%: 0.042+0.75+0.003 ms clock, 0.085+0.77/0.37/0+0.007 ms cpu, 3->3->0 MB, 4 MB goal, 0 MB stacks, 0 MB globals, 2 P
gc 604 @44.733s 0%: 0.29+0.66+0.003 ms clock, 0.58+0.37/0.54/0+0.007 ms cpu, 3->3->0 MB, 4 MB goal, 0 MB stacks, 0 MB globals, 2 P
gc 605 @44.751s 0%: 0.020+1.0+0.004 ms clock, 0.041+0.66/0.35/0+0.009 ms cpu, 3->3->0 MB, 4 MB goal, 0 MB stacks, 0 MB globals, 2 P
gc 606 @44.769s 0%: 0.23+0.53+0.003 ms clock, 0.46+0.55/0.41/0+0.006 ms cpu, 3->3->0 MB, 4 MB goal, 0 MB stacks, 0 MB globals, 2 P
gc 607 @44.787s 0%: 0.022+1.2+0.005 ms clock, 0.045+0.77/0.37/0+0.010 ms cpu, 3->3->0 MB, 4 MB goal, 0 MB stacks, 0 MB globals, 2 P
gc 608 @44.805s 0%: 0.012+0.74+0.004 ms clock, 0.024+0.64/0.38/0+0.008 ms cpu, 3->3->0 MB, 4 MB goal, 0 MB stacks, 0 MB globals, 2 P
gc 609 @44.823s 0%: 0.021+0.81+0.029 ms clock, 0.042+0.52/0.53/0+0.059 ms cpu, 3->3->0 MB, 4 MB goal, 0 MB stacks, 0 MB globals, 2 P
gc 610 @44.841s 0%: 0.020+0.76+0.016 ms clock, 0.041+0.60/0.43/0+0.032 ms cpu, 3->3->0 MB, 4 MB goal, 0 MB stacks, 0 MB globals, 2 P
gc 611 @44.859s 0%: 0.014+0.78+0.017 ms clock, 0.028+0.79/0.33/0+0.034 ms cpu, 3->3->0 MB, 4 MB goal, 0 MB stacks, 0 MB globals, 2 P
gc 612 @44.877s 0%: 0.015+1.5+0.003 ms clock, 0.031+0.68/0.37/0+0.006 ms cpu, 3->3->0 MB, 4 MB goal, 0 MB stacks, 0 MB globals, 2 P
gc 613 @44.895s 0%: 0.52+0.59+0.011 ms clock, 1.0+0.36/0.61/0+0.023 ms cpu, 3->3->0 MB, 4 MB goal, 0 MB stacks, 0 MB globals, 2 P
gc 614 @44.914s 0%: 0.015+0.48+0.002 ms clock, 0.030+0.041/0.22/0.65+0.005 ms cpu, 3->3->0 MB, 4 MB goal, 0 MB stacks, 0 MB globals, 2 P
gc 615 @44.933s 0%: 0.026+0.77+0.011 ms clock, 0.052+0.64/0.43/0+0.022 ms cpu, 3->3->0 MB, 4 MB goal, 0 MB stacks, 0 MB globals, 2 P
gc 616 @44.951s 0%: 0.014+0.69+0.003 ms clock, 0.029+0.62/0.41/0+0.006 ms cpu, 3->3->0 MB, 4 MB goal, 0 MB stacks, 0 MB globals, 2 P
gc 617 @44.970s 0%: 0.043+0.68+0.019 ms clock, 0.087+0.62/0.42/0+0.038 ms cpu, 3->3->0 MB, 4 MB goal, 0 MB stacks, 0 MB globals, 2 P
gc 618 @44.988s 0%: 0.029+0.70+0.013 ms clock, 0.058+0.66/0.45/0+0.027 ms cpu, 3->3->0 MB, 4 MB goal, 0 MB stacks, 0 MB globals, 2 P
gc 619 @45.007s 0%: 0.052+1.3+0.003 ms clock, 0.10+0.84/0.57/0+0.006 ms cpu, 3->3->0 MB, 4 MB goal, 0 MB stacks, 0 MB globals, 2 P
gc 620 @45.025s 0%: 0.022+0.75+0.011 ms clock, 0.044+0.63/0.37/0+0.023 ms cpu, 3->3->0 MB, 4 MB goal, 0 MB stacks, 0 MB globals, 2 P
gc 621 @45.042s 0%: 0.021+0.84+0.002 ms clock, 0.043+0.55/0.51/0+0.005 ms cpu, 3->3->0 MB, 4 MB goal, 0 MB stacks, 0 MB globals, 2 P
gc 622 @45.060s 0%: 0.012+1.0+0.035 ms clock, 0.025+0.52/0.47/0+0.070 ms cpu, 3->3->0 MB, 4 MB goal, 0 MB stacks, 0 MB globals, 2 P
gc 623 @45.078s 0%: 0.022+0.99+0.005 ms clock, 0.045+0.66/0.43/0+0.010 ms cpu, 3->3->0 MB, 4 MB goal, 0 MB stacks, 0 MB globals, 2 P
gc 624 @45.095s 0%: 0.017+0.94+0.022 ms clock, 0.035+0.65/0.46/0+0.045 ms cpu, 3->3->0 MB, 4 MB goal, 0 MB stacks, 0 MB globals, 2 P
gc 625 @45.114s 0%: 0.046+0.99+0.003 ms clock, 0.093+0.49/0.34/0+0.006 ms cpu, 3->3->0 MB, 4 MB goal, 0 MB stacks, 0 MB globals, 2 P
gc 626 @45.133s 0%: 0.030+0.73+0.003 ms clock, 0.060+0.75/0.39/0+0.006 ms cpu, 3->3->0 MB, 4 MB goal, 0 MB stacks, 0 MB globals, 2 P
gc 627 @45.151s 0%: 0.037+0.70+0.009 ms clock, 0.075+0.69/0.35/0+0.019 ms cpu, 3->3->0 MB, 4 MB goal, 0 MB stacks, 0 MB globals, 2 P
gc 628 @45.169s 0%: 0.021+1.3+0.028 ms clock, 0.042+0.41/0.21/0+0.056 ms cpu, 3->3->0 MB, 4 MB goal, 0 MB stacks, 0 MB globals, 2 P
gc 629 @45.187s 0%: 0.022+0.69+0.018 ms clock, 0.045+0.64/0.40/0+0.037 ms cpu, 3->3->0 MB, 4 MB goal, 0 MB stacks, 0 MB globals, 2 P
gc 630 @45.206s 0%: 0.030+0.90+0.005 ms clock, 0.061+0.59/0.49/0+0.011 ms cpu, 3->3->0 MB, 4 MB goal, 0 MB stacks, 0 MB globals, 2 P
gc 631 @45.224s 0%: 0.041+1.4+0.002 ms clock, 0.082+0.44/0.30/0+0.005 ms cpu, 3->3->0 MB, 4 MB goal, 0 MB stacks, 0 MB globals, 2 P
gc 632 @45.242s 0%: 0.016+1.2+0.003 ms clock, 0.033+0.75/0.43/0+0.007 ms cpu, 3->3->0 MB, 4 MB goal, 0 MB stacks, 0 MB globals, 2 P
gc 633 @45.259s 0%: 0.034+0.78+0.011 ms clock, 0.069+0.51/0.45/0+0.022 ms cpu, 3->3->0 MB, 4 MB goal, 0 MB stacks, 0 MB globals, 2 P
gc 634 @45.276s 0%: 0.039+0.72+0.020 ms clock, 0.078+0.71/0.39/0+0.040 ms cpu, 3->3->0 MB, 4 MB goal, 0 MB stacks, 0 MB globals, 2 P
gc 635 @45.294s 0%: 0.033+0.83+0.012 ms clock, 0.067+0.59/0.51/0+0.025 ms cpu, 3->3->0 MB, 4 MB goal, 0 MB stacks, 0 MB globals, 2 P
gc 636 @45.311s 0%: 0.038+0.80+0.050 ms clock, 0.077+0.59/0.48/0+0.10 ms cpu, 3->3->0 MB, 4 MB goal, 0 MB stacks, 0 MB globals, 2 P
gc 637 @45.328s 0%: 0.037+0.75+0.004 ms clock, 0.074+0.67/0.43/0+0.008 ms cpu, 3->3->0 MB, 4 MB goal, 0 MB stacks, 0 MB globals, 2 P
gc 638 @45.347s 0%: 0.039+0.67+0.014 ms clock, 0.078+0.70/0.31/0+0.029 ms cpu, 3->3->0 MB, 4 MB goal, 0 MB stacks, 0 MB globals, 2 P
gc 639 @45.365s 0%: 0.029+0.83+0.045 ms clock, 0.059+0.77/0.46/0+0.090 ms cpu, 3->3->0 MB, 4 MB goal, 0 MB stacks, 0 MB globals, 2 P
gc 640 @45.384s 0%: 0.031+0.68+0.018 ms clock, 0.063+0.64/0.34/0+0.036 ms cpu, 3->3->0 MB, 4 MB goal, 0 MB stacks, 0 MB globals, 2 P
gc 641 @45.402s 0%: 0.028+1.6+0.015 ms clock, 0.056+0.35/0.60/0+0.030 ms cpu, 3->3->1 MB, 4 MB goal, 0 MB stacks, 0 MB globals, 2 P
gc 642 @45.421s 0%: 0.026+0.86+0.022 ms clock, 0.052+0.71/0.44/0+0.044 ms cpu, 3->3->0 MB, 4 MB goal, 0 MB stacks, 0 MB globals, 2 P
gc 643 @45.439s 0%: 0.028+1.0+0.003 ms clock, 0.057+0.62/0.47/0+0.006 ms cpu, 3->3->0 MB, 4 MB goal, 0 MB stacks, 0 MB globals, 2 P
gc 644 @45.457s 0%: 0.045+0.91+0.003 ms clock, 0.091+0.43/0.52/0+0.006 ms cpu, 3->3->0 MB, 4 MB goal, 0 MB stacks, 0 MB globals, 2 P
gc 645 @45.474s 0%: 0.014+0.80+0.010 ms clock, 0.028+0.81/0.36/0+0.020 ms cpu, 3->3->0 MB, 4 MB goal, 0 MB stacks, 0 MB globals, 2 P
gc 646 @45.492s 0%: 0.015+1.1+0.003 ms clock, 0.031+0.40/0.25/0+0.006 ms cpu, 3->3->0 MB, 4 MB goal, 0 MB stacks, 0 MB globals, 2 P
gc 647 @45.509s 0%: 0.018+1.1+0.005 ms clock, 0.036+0.78/0.36/0+0.010 ms cpu, 3->3->0 MB, 4 MB goal, 0 MB stacks, 0 MB globals, 2 P
gc 648 @45.527s 0%: 0.032+0.78+0.004 ms clock, 0.065+0.65/0.42/0+0.008 ms cpu, 3->3->0 MB, 4 MB goal, 0 MB stacks, 0 MB globals, 2 P
gc 649 @45.544s 0%: 0.027+0.78+0.016 ms clock, 0.054+0.75/0.36/0+0.032 ms cpu, 3->3->0 MB, 4 MB goal, 0 MB stacks, 0 MB globals, 2 P
gc 650 @45.562s 0%: 0.034+0.72+0.013 ms clock, 0.068+0.64/0.42/0+0.026 ms cpu, 3->3->0 MB, 4 MB goal, 0 MB stacks, 0 MB globals, 2 P
gc 651 @45.579s 0%: 0.058+0.74+0.018 ms clock, 0.11+0.59/0.38/0+0.037 ms cpu, 3->3->0 MB, 4 MB goal, 0 MB stacks, 0 MB globals, 2 P
gc 652 @45.597s 0%: 0.021+0.74+0.019 ms clock, 0.043+0.60/0.40/0+0.039 ms cpu, 3->3->0 MB, 4 MB goal, 0 MB stacks, 0 MB globals, 2 P
gc 653 @45.615s 0%: 0.050+0.79+0.004 ms clock, 0.10+0.68/0.44/0+0.008 ms cpu, 3->3->0 MB, 4 MB goal, 0 MB stacks, 0 MB globals, 2 P
gc 654 @45.634s 0%: 0.019+0.77+0.021 ms clock, 0.039+0.77/0.39/0+0.043 ms cpu, 3->3->0 MB, 4 MB goal, 0 MB stacks, 0 MB globals, 2 P
gc 655 @45.653s 0%: 0.014+0.77+0.014 ms clock, 0.028+0.68/0.39/0+0.029 ms cpu, 3->3->0 MB, 4 MB goal, 0 MB stacks, 0 MB globals, 2 P
gc 656 @45.671s 0%: 0.024+0.74+0.022 ms clock, 0.048+0.61/0.49/0+0.044 ms cpu, 3->3->0 MB, 4 MB goal, 0 MB stacks, 0 MB globals, 2 P
gc 657 @45.688s 0%: 0.012+1.2+0.003 ms clock, 0.025+0.42/0.22/0+0.006 ms cpu, 3->3->0 MB, 4 MB goal, 0 MB stacks, 0 MB globals, 2 P
gc 658 @45.706s 0%: 0.026+0.66+0.026 ms clock, 0.053+0.72/0.32/0+0.052 ms cpu, 3->3->0 MB, 4 MB goal, 0 MB stacks, 0 MB globals, 2 P
gc 659 @45.724s 0%: 0.014+0.84+0.018 ms clock, 0.028+0.73/0.41/0+0.036 ms cpu, 3->3->0 MB, 4 MB goal, 0 MB stacks, 0 MB globals, 2 P
gc 660 @45.741s 0%: 0.043+0.71+0.012 ms clock, 0.087+0.67/0.33/0+0.024 ms cpu, 3->3->0 MB, 4 MB goal, 0 MB stacks, 0 MB globals, 2 P
gc 661 @45.760s 0%: 0.012+0.92+0.005 ms clock, 0.025+0.55/0.48/0+0.011 ms cpu, 3->3->0 MB, 4 MB goal, 0 MB stacks, 0 MB globals, 2 P
gc 662 @45.779s 0%: 0.024+0.79+0.004 ms clock, 0.049+0.64/0.42/0+0.008 ms cpu, 3->3->0 MB, 4 MB goal, 0 MB stacks, 0 MB globals, 2 P
gc 663 @45.797s 0%: 0.021+0.74+0.004 ms clock, 0.042+0.59/0.54/0+0.009 ms cpu, 3->3->0 MB, 4 MB goal, 0 MB stacks, 0 MB globals, 2 P
gc 664 @45.816s 0%: 0.013+1.0+0.003 ms clock, 0.027+0.64/0.44/0+0.006 ms cpu, 3->3->0 MB, 4 MB goal, 0 MB stacks, 0 MB globals, 2 P
gc 665 @45.834s 0%: 0.25+0.87+0.037 ms clock, 0.50+0.45/0.55/0+0.074 ms cpu, 3->3->0 MB, 4 MB goal, 0 MB stacks, 0 MB globals, 2 P
gc 666 @45.853s 0%: 0.027+0.70+0.037 ms clock, 0.055+0.67/0.38/0+0.075 ms cpu, 3->3->0 MB, 4 MB goal, 0 MB stacks, 0 MB globals, 2 P
gc 667 @45.871s 0%: 0.013+1.4+0.002 ms clock, 0.026+0.69/0.48/0+0.005 ms cpu, 3->3->0 MB, 4 MB goal, 0 MB stacks, 0 MB globals, 2 P
gc 668 @45.888s 0%: 0.025+0.84+0.012 ms clock, 0.050+0.67/0.37/0+0.025 ms cpu, 3->3->0 MB, 4 MB goal, 0 MB stacks, 0 MB globals, 2 P
gc 669 @45.906s 0%: 0.054+0.72+0.020 ms clock, 0.10+0.66/0.39/0+0.040 ms cpu, 3->3->0 MB, 4 MB goal, 0 MB stacks, 0 MB globals, 2 P
gc 670 @45.923s 0%: 0.035+0.74+0.009 ms clock, 0.070+0.72/0.37/0+0.018 ms cpu, 3->3->0 MB, 4 MB goal, 0 MB stacks, 0 MB globals, 2 P
gc 671 @45.941s 0%: 0.012+0.79+0.005 ms clock, 0.024+0.69/0.37/0+0.011 ms cpu, 3->3->0 MB, 4 MB goal, 0 MB stacks, 0 MB globals, 2 P
gc 672 @45.959s 0%: 0.021+0.65+0.027 ms clock, 0.042+0.59/0.40/0+0.055 ms cpu, 3->3->0 MB, 4 MB goal, 0 MB stacks, 0 MB globals, 2 P
gc 673 @45.977s 0%: 0.14+2.2+0.016 ms clock, 0.28+0.38/2.2/0+0.033 ms cpu, 3->3->0 MB, 4 MB goal, 0 MB stacks, 0 MB globals, 2 P
gc 674 @45.995s 0%: 0.030+0.86+0.009 ms clock, 0.060+0.59/0.60/0+0.018 ms cpu, 3->3->0 MB, 4 MB goal, 0 MB stacks, 0 MB globals, 2 P
gc 675 @46.013s 0%: 0.028+0.69+0.019 ms clock, 0.057+0.70/0.32/0+0.038 ms cpu, 3->3->0 MB, 4 MB goal, 0 MB stacks, 0 MB globals, 2 P
gc 676 @46.030s 0%: 0.038+1.1+0.021 ms clock, 0.076+0.38/0.55/0+0.042 ms cpu, 3->3->0 MB, 4 MB goal, 0 MB stacks, 0 MB globals, 2 P
gc 677 @46.049s 0%: 0.012+0.74+0.003 ms clock, 0.024+0.63/0.43/0+0.006 ms cpu, 3->3->0 MB, 4 MB goal, 0 MB stacks, 0 MB globals, 2 P
gc 678 @46.067s 0%: 0.056+0.84+0.002 ms clock, 0.11+0.65/0.52/0+0.005 ms cpu, 3->3->0 MB, 4 MB goal, 0 MB stacks, 0 MB globals, 2 P
gc 679 @46.085s 0%: 0.012+0.76+0.018 ms clock, 0.025+0.21/0.44/0.38+0.036 ms cpu, 3->3->0 MB, 4 MB goal, 0 MB stacks, 0 MB globals, 2 P
gc 680 @46.103s 0%: 0.044+1.5+0.003 ms clock, 0.088+0.46/0.28/0+0.007 ms cpu, 3->3->1 MB, 4 MB goal, 0 MB stacks, 0 MB globals, 2 P
gc 681 @46.122s 0%: 0.016+0.81+0.012 ms clock, 0.033+0.76/0.34/0+0.025 ms cpu, 3->3->0 MB, 4 MB goal, 0 MB stacks, 0 MB globals, 2 P
gc 682 @46.141s 0%: 0.020+0.74+0.003 ms clock, 0.040+0.70/0.43/0+0.007 ms cpu, 3->3->0 MB, 4 MB goal, 0 MB stacks, 0 MB globals, 2 P
gc 683 @46.159s 0%: 0.016+1.0+0.005 ms clock, 0.032+0.52/0.47/0+0.011 ms cpu, 3->3->0 MB, 4 MB goal, 0 MB stacks, 0 MB globals, 2 P
gc 684 @46.177s 0%: 0.010+0.82+0.003 ms clock, 0.021+0.74/0.42/0+0.007 ms cpu, 3->3->0 MB, 4 MB goal, 0 MB stacks, 0 MB globals, 2 P
gc 685 @46.194s 0%: 0.020+0.84+0.049 ms clock, 0.040+0.70/0.41/0+0.098 ms cpu, 3->3->0 MB, 4 MB goal, 0 MB stacks, 0 MB globals, 2 P
gc 686 @46.211s 0%: 0.056+0.65+0.043 ms clock, 0.11+0.63/0.38/0+0.087 ms cpu, 3->3->0 MB, 4 MB goal, 0 MB stacks, 0 MB globals, 2 P
gc 687 @46.228s 0%: 0.032+0.81+0.017 ms clock, 0.064+0.58/0.53/0+0.034 ms cpu, 3->3->0 MB, 4 MB goal, 0 MB stacks, 0 MB globals, 2 P
gc 688 @46.245s 0%: 0.043+0.72+0.021 ms clock, 0.087+0.71/0.34/0+0.043 ms cpu, 3->3->0 MB, 4 MB goal, 0 MB stacks, 0 MB globals, 2 P
gc 689 @46.262s 0%: 0.040+0.64+0.023 ms clock, 0.080+0.60/0.38/0+0.046 ms cpu, 3->3->0 MB, 4 MB goal, 0 MB stacks, 0 MB globals, 2 P
gc 690 @46.279s 0%: 0.023+0.89+0.028 ms clock, 0.046+0.65/0.45/0+0.056 ms cpu, 3->3->0 MB, 4 MB goal, 0 MB stacks, 0 MB globals, 2 P
gc 691 @46.297s 0%: 0.032+0.83+0.003 ms clock, 0.064+0.70/0.41/0+0.007 ms cpu, 3->3->0 MB, 4 MB goal, 0 MB stacks, 0 MB globals, 2 P
gc 692 @46.314s 0%: 0.029+1.1+0.004 ms clock, 0.058+0.68/0.50/0+0.008 ms cpu, 3->3->0 MB, 4 MB goal, 0 MB stacks, 0 MB globals, 2 P
gc 693 @46.332s 0%: 0.020+0.73+0.033 ms clock, 0.040+0.66/0.38/0+0.067 ms cpu, 3->3->0 MB, 4 MB goal, 0 MB stacks, 0 MB globals, 2 P
gc 694 @46.350s 0%: 0.030+1.0+0.006 ms clock, 0.061+0.67/0.43/0+0.013 ms cpu, 3->3->0 MB, 4 MB goal, 0 MB stacks, 0 MB globals, 2 P
gc 695 @46.368s 0%: 0.031+0.73+0.036 ms clock, 0.062+0.65/0.37/0+0.073 ms cpu, 3->3->0 MB, 4 MB goal, 0 MB stacks, 0 MB globals, 2 P
gc 696 @46.386s 0%: 0.060+0.84+0.017 ms clock, 0.12+0.56/0.55/0+0.035 ms cpu, 3->3->0 MB, 4 MB goal, 0 MB stacks, 0 MB globals, 2 P
gc 697 @46.404s 0%: 0.040+0.74+0.027 ms clock, 0.080+0.70/0.44/0+0.055 ms cpu, 3->3->0 MB, 4 MB goal, 0 MB stacks, 0 MB globals, 2 P
gc 698 @46.422s 0%: 0.054+0.70+0.015 ms clock, 0.10+0.70/0.34/0+0.031 ms cpu, 3->3->0 MB, 4 MB goal, 0 MB stacks, 0 MB globals, 2 P
gc 699 @46.440s 0%: 0.031+1.0+0.033 ms clock, 0.063+0.72/0.43/0+0.066 ms cpu, 3->3->0 MB, 4 MB goal, 0 MB stacks, 0 MB globals, 2 P
gc 700 @46.458s 0%: 0.017+0.73+0.003 ms clock, 0.035+0.68/0.44/0+0.007 ms cpu, 3->3->0 MB, 4 MB goal, 0 MB stacks, 0 MB globals, 2 P
gc 701 @46.476s 0%: 0.016+0.66+0.022 ms clock, 0.032+0.67/0.36/0+0.044 ms cpu, 3->3->0 MB, 4 MB goal, 0 MB stacks, 0 MB globals, 2 P
gc 702 @46.493s 0%: 0.014+0.75+0.018 ms clock, 0.028+0.68/0.38/0+0.037 ms cpu, 3->3->0 MB, 4 MB goal, 0 MB stacks, 0 MB globals, 2 P
gc 703 @46.511s 0%: 0.13+0.88+0.028 ms clock, 0.27+0.63/0.36/0+0.057 ms cpu, 3->3->0 MB, 4 MB goal, 0 MB stacks, 0 MB globals, 2 P
gc 704 @46.529s 0%: 0.022+1.0+0.006 ms clock, 0.044+0.78/0.38/0+0.012 ms cpu, 3->3->0 MB, 4 MB goal, 0 MB stacks, 0 MB globals, 2 P
gc 705 @46.546s 0%: 0.021+0.75+0.019 ms clock, 0.042+0.77/0.42/0+0.038 ms cpu, 3->3->0 MB, 4 MB goal, 0 MB stacks, 0 MB globals, 2 P
gc 706 @46.563s 0%: 0.046+0.74+0.002 ms clock, 0.092+0.65/0.38/0+0.005 ms cpu, 3->3->0 MB, 4 MB goal, 0 MB stacks, 0 MB globals, 2 P
gc 707 @46.580s 0%: 0.038+1.1+0.021 ms clock, 0.077+0.69/0.37/0+0.043 ms cpu, 3->3->0 MB, 4 MB goal, 0 MB stacks, 0 MB globals, 2 P
gc 708 @46.597s 0%: 0.024+0.68+0.019 ms clock, 0.048+0.62/0.41/0+0.038 ms cpu, 3->3->0 MB, 4 MB goal, 0 MB stacks, 0 MB globals, 2 P
gc 709 @46.614s 0%: 0.047+0.83+0.020 ms clock, 0.094+0.73/0.39/0+0.041 ms cpu, 3->3->0 MB, 4 MB goal, 0 MB stacks, 0 MB globals, 2 P
gc 710 @46.632s 0%: 0.71+0.43+0.020 ms clock, 1.4+0.79/0.26/0+0.041 ms cpu, 3->3->0 MB, 4 MB goal, 0 MB stacks, 0 MB globals, 2 P
gc 711 @46.650s 0%: 0.024+0.70+0.021 ms clock, 0.049+0.68/0.36/0+0.043 ms cpu, 3->3->0 MB, 4 MB goal, 0 MB stacks, 0 MB globals, 2 P
gc 712 @46.669s 0%: 0.021+0.73+0.032 ms clock, 0.042+0.68/0.35/0+0.064 ms cpu, 3->3->0 MB, 4 MB goal, 0 MB stacks, 0 MB globals, 2 P
gc 713 @46.687s 0%: 0.012+0.73+0.021 ms clock, 0.025+0.63/0.40/0+0.043 ms cpu, 3->3->0 MB, 4 MB goal, 0 MB stacks, 0 MB globals, 2 P
gc 714 @46.705s 0%: 0.063+1.0+0.003 ms clock, 0.12+0.65/0.37/0+0.007 ms cpu, 3->3->0 MB, 4 MB goal, 0 MB stacks, 0 MB globals, 2 P
gc 715 @46.723s 0%: 0.28+0.52+0.020 ms clock, 0.56+0.49/0.50/0+0.041 ms cpu, 3->3->0 MB, 4 MB goal, 0 MB stacks, 0 MB globals, 2 P
gc 716 @46.741s 0%: 0.027+0.69+0.003 ms clock, 0.054+0.63/0.41/0+0.007 ms cpu, 3->3->0 MB, 4 MB goal, 0 MB stacks, 0 MB globals, 2 P
gc 717 @46.759s 0%: 0.028+0.68+0.012 ms clock, 0.057+0.69/0.36/0+0.024 ms cpu, 3->3->0 MB, 4 MB goal, 0 MB stacks, 0 MB globals, 2 P
gc 718 @46.777s 0%: 0.032+0.75+0.003 ms clock, 0.064+0.74/0.39/0+0.007 ms cpu, 3->3->0 MB, 4 MB goal, 0 MB stacks, 0 MB globals, 2 P
gc 719 @46.796s 0%: 0.032+0.86+0.010 ms clock, 0.064+0.80/0.43/0+0.021 ms cpu, 3->3->0 MB, 4 MB goal, 0 MB stacks, 0 MB globals, 2 P
gc 720 @46.814s 0%: 0.033+0.79+0.037 ms clock, 0.067+0.66/0.43/0+0.074 ms cpu, 3->3->0 MB, 4 MB goal, 0 MB stacks, 0 MB globals, 2 P
gc 721 @46.831s 0%: 0.12+0.64+0.034 ms clock, 0.25+0.61/0.39/0+0.068 ms cpu, 3->3->0 MB, 4 MB goal, 0 MB stacks, 0 MB globals, 2 P
gc 722 @46.849s 0%: 0.029+1.0+0.080 ms clock, 0.058+0.74/0.40/0+0.16 ms cpu, 3->3->0 MB, 4 MB goal, 0 MB stacks, 0 MB globals, 2 P
gc 723 @46.867s 0%: 0.017+1.0+0.036 ms clock, 0.035+0.64/0.60/0+0.072 ms cpu, 3->3->0 MB, 4 MB goal, 0 MB stacks, 0 MB globals, 2 P
gc 724 @46.884s 0%: 0.032+0.84+0.004 ms clock, 0.064+0.74/0.43/0+0.009 ms cpu, 3->3->0 MB, 4 MB goal, 0 MB stacks, 0 MB globals, 2 P
gc 725 @46.901s 0%: 0.016+0.95+0.002 ms clock, 0.032+0.47/0.49/0+0.005 ms cpu, 3->3->0 MB, 4 MB goal, 0 MB stacks, 0 MB globals, 2 P
gc 726 @46.919s 0%: 0.040+0.72+0.023 ms clock, 0.080+0.60/0.39/0+0.046 ms cpu, 3->3->0 MB, 4 MB goal, 0 MB stacks, 0 MB globals, 2 P
gc 727 @46.936s 0%: 0.028+0.91+0.003 ms clock, 0.057+0.66/0.55/0+0.007 ms cpu, 3->3->0 MB, 4 MB goal, 0 MB stacks, 0 MB globals, 2 P
gc 728 @46.954s 0%: 0.045+1.0+0.083 ms clock, 0.090+0.67/0.38/0+0.16 ms cpu, 3->3->0 MB, 4 MB goal, 0 MB stacks, 0 MB globals, 2 P
gc 729 @46.972s 0%: 0.026+0.82+0.032 ms clock, 0.053+0.74/0.40/0+0.064 ms cpu, 3->3->0 MB, 4 MB goal, 0 MB stacks, 0 MB globals, 2 P
gc 730 @46.990s 0%: 0.014+0.76+0.003 ms clock, 0.029+0.72/0.42/0+0.007 ms cpu, 3->3->0 MB, 4 MB goal, 0 MB stacks, 0 MB globals, 2 P
gc 731 @47.007s 0%: 0.015+0.79+0.029 ms clock, 0.030+0.75/0.38/0+0.059 ms cpu, 3->3->0 MB, 4 MB goal, 0 MB stacks, 0 MB globals, 2 P
gc 732 @47.025s 0%: 0.035+1.2+0.003 ms clock, 0.071+0.73/0.44/0+0.006 ms cpu, 3->3->0 MB, 4 MB goal, 0 MB stacks, 0 MB globals, 2 P
gc 733 @47.043s 0%: 0.015+0.76+0.004 ms clock, 0.030+0.64/0.45/0+0.008 ms cpu, 3->3->0 MB, 4 MB goal, 0 MB stacks, 0 MB globals, 2 P
gc 734 @47.061s 0%: 0.021+0.75+0.006 ms clock, 0.042+0.71/0.33/0+0.012 ms cpu, 3->3->0 MB, 4 MB goal, 0 MB stacks, 0 MB globals, 2 P
gc 735 @47.079s 0%: 0.029+1.2+0.003 ms clock, 0.058+0.42/0.23/0+0.006 ms cpu, 3->3->0 MB, 4 MB goal, 0 MB stacks, 0 MB globals, 2 P
gc 736 @47.097s 0%: 0.023+0.67+0.003 ms clock, 0.046+0.69/0.31/0+0.006 ms cpu, 3->3->0 MB, 4 MB goal, 0 MB stacks, 0 MB globals, 2 P
gc 737 @47.114s 0%: 0.021+0.98+0.023 ms clock, 0.042+0.56/0.66/0+0.046 ms cpu, 3->3->0 MB, 4 MB goal, 0 MB stacks, 0 MB globals, 2 P
gc 738 @47.133s 0%: 0.031+0.77+0.018 ms clock, 0.062+0.71/0.44/0+0.037 ms cpu, 3->3->0 MB, 4 MB goal, 0 MB stacks, 0 MB globals, 2 P
gc 739 @47.152s 0%: 0.033+0.94+0.014 ms clock, 0.066+0.57/0.48/0+0.029 ms cpu, 3->3->0 MB, 4 MB goal, 0 MB stacks, 0 MB globals, 2 P
gc 740 @47.171s 0%: 0.014+0.83+0.025 ms clock, 0.028+0.66/0.49/0+0.051 ms cpu, 3->3->0 MB, 4 MB goal, 0 MB stacks, 0 MB globals, 2 P
gc 741 @47.189s 0%: 0.039+0.78+0.025 ms clock, 0.078+0.73/0.44/0+0.050 ms cpu, 3->3->0 MB, 4 MB goal, 0 MB stacks, 0 MB globals, 2 P
gc 742 @47.208s 0%: 0.066+0.79+0.014 ms clock, 0.13+0.57/0.51/0+0.029 ms cpu, 3->3->0 MB, 4 MB goal, 0 MB stacks, 0 MB globals, 2 P
gc 743 @47.226s 0%: 0.054+0.79+0.004 ms clock, 0.10+0.65/0.50/0+0.008 ms cpu, 3->3->0 MB, 4 MB goal, 0 MB stacks, 0 MB globals, 2 P
gc 744 @47.245s 0%: 0.030+0.76+0.025 ms clock, 0.061+0.67/0.45/0+0.051 ms cpu, 3->3->0 MB, 4 MB goal, 0 MB stacks, 0 MB globals, 2 P
gc 745 @47.263s 0%: 0.012+0.65+0.018 ms clock, 0.024+0.67/0.33/0+0.036 ms cpu, 3->3->0 MB, 4 MB goal, 0 MB stacks, 0 MB globals, 2 P
gc 746 @47.281s 0%: 0.014+1.2+0.013 ms clock, 0.029+0.71/0.37/0+0.027 ms cpu, 3->3->0 MB, 4 MB goal, 0 MB stacks, 0 MB globals, 2 P
gc 747 @47.299s 0%: 0.021+0.72+0.021 ms clock, 0.042+0.64/0.38/0+0.042 ms cpu, 3->3->0 MB, 4 MB goal, 0 MB stacks, 0 MB globals, 2 P
gc 748 @47.317s 0%: 0.61+0.30+0.030 ms clock, 1.2+0.56/0.34/0+0.060 ms cpu, 3->3->0 MB, 4 MB goal, 0 MB stacks, 0 MB globals, 2 P
gc 749 @47.335s 0%: 0.024+0.80+0.021 ms clock, 0.048+0.72/0.44/0+0.043 ms cpu, 3->3->0 MB, 4 MB goal, 0 MB stacks, 0 MB globals, 2 P
gc 750 @47.353s 0%: 0.029+0.84+0.021 ms clock, 0.058+0.67/0.46/0+0.043 ms cpu, 3->3->0 MB, 4 MB goal, 0 MB stacks, 0 MB globals, 2 P
gc 751 @47.372s 0%: 0.034+1.0+0.040 ms clock, 0.068+0.68/0.57/0+0.081 ms cpu, 3->3->0 MB, 4 MB goal, 0 MB stacks, 0 MB globals, 2 P
gc 752 @47.390s 0%: 0.031+1.1+0.019 ms clock, 0.062+0.43/0.57/0+0.038 ms cpu, 3->3->0 MB, 4 MB goal, 0 MB stacks, 0 MB globals, 2 P
gc 753 @47.409s 0%: 0.032+0.76+0.003 ms clock, 0.064+0.65/0.46/0+0.007 ms cpu, 3->3->0 MB, 4 MB goal, 0 MB stacks, 0 MB globals, 2 P
gc 754 @47.427s 0%: 0.015+0.65+0.016 ms clock, 0.030+0.65/0.32/0+0.032 ms cpu, 3->3->0 MB, 4 MB goal, 0 MB stacks, 0 MB globals, 2 P
gc 755 @47.445s 0%: 0.051+1.2+0.002 ms clock, 0.10+0.77/0.39/0+0.005 ms cpu, 3->3->0 MB, 4 MB goal, 0 MB stacks, 0 MB globals, 2 P
gc 756 @47.463s 0%: 0.040+0.71+0.023 ms clock, 0.080+0.70/0.37/0+0.047 ms cpu, 3->3->0 MB, 4 MB goal, 0 MB stacks, 0 MB globals, 2 P
gc 757 @47.481s 0%: 0.035+0.84+0.011 ms clock, 0.070+0.66/0.46/0+0.022 ms cpu, 3->3->0 MB, 4 MB goal, 0 MB stacks, 0 MB globals, 2 P
gc 758 @47.499s 0%: 0.019+1.1+0.003 ms clock, 0.039+0.68/0.45/0+0.007 ms cpu, 3->3->0 MB, 4 MB goal, 0 MB stacks, 0 MB globals, 2 P
gc 759 @47.517s 0%: 0.047+1.0+0.009 ms clock, 0.094+0.54/0.46/0+0.018 ms cpu, 3->3->0 MB, 4 MB goal, 0 MB stacks, 0 MB globals, 2 P
gc 760 @47.536s 0%: 0.022+0.82+0.033 ms clock, 0.044+0.67/0.48/0+0.066 ms cpu, 3->3->0 MB, 4 MB goal, 0 MB stacks, 0 MB globals, 2 P
gc 761 @47.553s 0%: 0.013+0.77+0.004 ms clock, 0.027+0.72/0.41/0+0.009 ms cpu, 3->3->0 MB, 4 MB goal, 0 MB stacks, 0 MB globals, 2 P
gc 762 @47.571s 0%: 0.025+0.74+0.015 ms clock, 0.051+0.67/0.44/0+0.031 ms cpu, 3->3->0 MB, 4 MB goal, 0 MB stacks, 0 MB globals, 2 P
gc 763 @47.589s 0%: 0.016+0.72+0.018 ms clock, 0.033+0.68/0.37/0+0.036 ms cpu, 3->3->0 MB, 4 MB goal, 0 MB stacks, 0 MB globals, 2 P
gc 764 @47.607s 0%: 0.062+0.90+0.003 ms clock, 0.12+0.56/0.48/0+0.007 ms cpu, 3->3->0 MB, 4 MB goal, 0 MB stacks, 0 MB globals, 2 P
gc 765 @47.625s 0%: 0.021+0.76+0.004 ms clock, 0.042+0.68/0.39/0+0.009 ms cpu, 3->3->0 MB, 4 MB goal, 0 MB stacks, 0 MB globals, 2 P
gc 766 @47.644s 0%: 0.029+0.77+0.003 ms clock, 0.059+0.77/0.40/0+0.006 ms cpu, 3->3->0 MB, 4 MB goal, 0 MB stacks, 0 MB globals, 2 P
gc 767 @47.662s 0%: 0.30+0.53+0.012 ms clock, 0.61+0.56/0.45/0+0.024 ms cpu, 3->3->0 MB, 4 MB goal, 0 MB stacks, 0 MB globals, 2 P
gc 768 @47.681s 0%: 0.078+0.76+0.003 ms clock, 0.15+0.53/0.51/0+0.006 ms cpu, 3->3->0 MB, 4 MB goal, 0 MB stacks, 0 MB globals, 2 P
gc 769 @47.699s 0%: 0.025+0.76+0.043 ms clock, 0.050+0.71/0.36/0+0.087 ms cpu, 3->3->0 MB, 4 MB goal, 0 MB stacks, 0 MB globals, 2 P
gc 770 @47.717s 0%: 0.12+0.64+0.035 ms clock, 0.25+0.67/0.36/0+0.070 ms cpu, 3->3->0 MB, 4 MB goal, 0 MB stacks, 0 MB globals, 2 P
gc 771 @47.736s 0%: 0.024+0.72+0.018 ms clock, 0.049+0.75/0.39/0+0.036 ms cpu, 3->3->0 MB, 4 MB goal, 0 MB stacks, 0 MB globals, 2 P
gc 772 @47.754s 0%: 0.048+0.78+0.026 ms clock, 0.096+0.68/0.49/0+0.053 ms cpu, 3->3->0 MB, 4 MB goal, 0 MB stacks, 0 MB globals, 2 P
gc 773 @47.773s 0%: 0.026+0.89+0.004 ms clock, 0.052+0.84/0.35/0+0.009 ms cpu, 3->3->0 MB, 4 MB goal, 0 MB stacks, 0 MB globals, 2 P
gc 774 @47.791s 0%: 0.026+0.77+0.002 ms clock, 0.052+0.70/0.45/0+0.005 ms cpu, 3->3->0 MB, 4 MB goal, 0 MB stacks, 0 MB globals, 2 P
gc 775 @47.808s 0%: 0.046+1.2+0.017 ms clock, 0.093+0.69/0.42/0+0.035 ms cpu, 3->3->0 MB, 4 MB goal, 0 MB stacks, 0 MB globals, 2 P
gc 776 @47.826s 0%: 0.99+0.44+0.029 ms clock, 1.9+0.50/0.46/0+0.059 ms cpu, 3->3->0 MB, 4 MB goal, 0 MB stacks, 0 MB globals, 2 P
gc 777 @47.843s 0%: 0.038+0.76+0.020 ms clock, 0.076+0.72/0.43/0+0.040 ms cpu, 3->3->0 MB, 4 MB goal, 0 MB stacks, 0 MB globals, 2 P
gc 778 @47.861s 0%: 0.017+0.74+0.022 ms clock, 0.035+0.70/0.41/0+0.044 ms cpu, 3->3->0 MB, 4 MB goal, 0 MB stacks, 0 MB globals, 2 P
gc 779 @47.879s 0%: 0.051+0.74+0.027 ms clock, 0.10+0.65/0.40/0+0.055 ms cpu, 3->3->0 MB, 4 MB goal, 0 MB stacks, 0 MB globals, 2 P
gc 780 @47.897s 0%: 0.046+1.1+0.003 ms clock, 0.093+0.44/0.54/0+0.007 ms cpu, 3->3->0 MB, 4 MB goal, 0 MB stacks, 0 MB globals, 2 P
gc 781 @47.916s 0%: 0.013+0.68+0.009 ms clock, 0.027+0.66/0.36/0+0.019 ms cpu, 3->3->0 MB, 4 MB goal, 0 MB stacks, 0 MB globals, 2 P
gc 782 @47.934s 0%: 0.019+0.68+0.028 ms clock, 0.038+0.68/0.36/0+0.056 ms cpu, 3->3->0 MB, 4 MB goal, 0 MB stacks, 0 MB globals, 2 P
gc 783 @47.951s 0%: 0.020+0.86+0.029 ms clock, 0.041+0.61/0.55/0+0.059 ms cpu, 3->3->0 MB, 4 MB goal, 0 MB stacks, 0 MB globals, 2 P
gc 784 @47.969s 0%: 0.051+1.0+0.003 ms clock, 0.10+0.61/0.36/0+0.006 ms cpu, 3->3->0 MB, 4 MB goal, 0 MB stacks, 0 MB globals, 2 P
gc 785 @47.986s 0%: 0.022+0.73+0.019 ms clock, 0.045+0.73/0.34/0+0.038 ms cpu, 3->3->0 MB, 4 MB goal, 0 MB stacks, 0 MB globals, 2 P
gc 786 @48.004s 0%: 0.036+0.73+0.007 ms clock, 0.072+0.72/0.37/0+0.015 ms cpu, 3->3->0 MB, 4 MB goal, 0 MB stacks, 0 MB globals, 2 P
gc 787 @48.022s 0%: 0.92+0.12+0.003 ms clock, 1.8+0.58/0.24/0+0.007 ms cpu, 3->3->0 MB, 4 MB goal, 0 MB stacks, 0 MB globals, 2 P
gc 788 @48.040s 0%: 0.016+0.73+0.012 ms clock, 0.033+0.68/0.38/0+0.024 ms cpu, 3->3->0 MB, 4 MB goal, 0 MB stacks, 0 MB globals, 2 P
gc 789 @48.058s 0%: 0.027+1.1+0.004 ms clock, 0.054+0.74/0.44/0+0.009 ms cpu, 3->3->0 MB, 4 MB goal, 0 MB stacks, 0 MB globals, 2 P
gc 790 @48.075s 0%: 0.013+0.89+0.004 ms clock, 0.026+0.69/0.50/0+0.008 ms cpu, 3->3->0 MB, 4 MB goal, 0 MB stacks, 0 MB globals, 2 P
gc 791 @48.093s 0%: 0.045+0.74+0.004 ms clock, 0.091+0.66/0.45/0+0.008 ms cpu, 3->3->0 MB, 4 MB goal, 0 MB stacks, 0 MB globals, 2 P
gc 792 @48.110s 0%: 0.028+0.83+0.015 ms clock, 0.057+0.76/0.49/0+0.030 ms cpu, 3->3->0 MB, 4 MB goal, 0 MB stacks, 0 MB globals, 2 P
gc 793 @48.128s 0%: 0.035+0.71+0.020 ms clock, 0.070+0.61/0.41/0+0.041 ms cpu, 3->3->0 MB, 4 MB goal, 0 MB stacks, 0 MB globals, 2 P
gc 794 @48.145s 0%: 0.029+0.72+0.038 ms clock, 0.058+0.73/0.36/0+0.076 ms cpu, 3->3->0 MB, 4 MB goal, 0 MB stacks, 0 MB globals, 2 P
gc 795 @48.163s 0%: 0.043+0.89+0.004 ms clock, 0.086+0.71/0.41/0+0.008 ms cpu, 3->3->0 MB, 4 MB goal, 0 MB stacks, 0 MB globals, 2 P
gc 796 @48.181s 0%: 0.025+0.69+0.004 ms clock, 0.051+0.66/0.36/0+0.009 ms cpu, 3->3->0 MB, 4 MB goal, 0 MB stacks, 0 MB globals, 2 P
gc 797 @48.198s 0%: 0.020+0.80+0.014 ms clock, 0.041+0.60/0.50/0+0.029 ms cpu, 3->3->0 MB, 4 MB goal, 0 MB stacks, 0 MB globals, 2 P
gc 798 @48.216s 0%: 0.014+1.0+0.003 ms clock, 0.029+0.74/0.35/0+0.007 ms cpu, 3->3->0 MB, 4 MB goal, 0 MB stacks, 0 MB globals, 2 P
gc 799 @48.233s 0%: 0.051+1.4+0.002 ms clock, 0.10+0.45/0.28/0+0.005 ms cpu, 3->3->0 MB, 4 MB goal, 0 MB stacks, 0 MB globals, 2 P
gc 800 @48.250s 0%: 0.034+0.68+0.031 ms clock, 0.069+0.61/0.40/0+0.063 ms cpu, 3->3->0 MB, 4 MB goal, 0 MB stacks, 0 MB globals, 2 P
gc 801 @48.267s 0%: 0.040+0.70+0.003 ms clock, 0.080+0.62/0.41/0+0.006 ms cpu, 3->3->0 MB, 4 MB goal, 0 MB stacks, 0 MB globals, 2 P
gc 802 @48.284s 0%: 0.032+0.75+0.022 ms clock, 0.065+0.65/0.42/0+0.044 ms cpu, 3->3->0 MB, 4 MB goal, 0 MB stacks, 0 MB globals, 2 P
gc 803 @48.302s 0%: 0.018+0.81+0.003 ms clock, 0.037+0.65/0.52/0+0.007 ms cpu, 3->3->0 MB, 4 MB goal, 0 MB stacks, 0 MB globals, 2 P
gc 804 @48.319s 0%: 0.043+0.71+0.005 ms clock, 0.086+0.67/0.36/0+0.011 ms cpu, 3->3->0 MB, 4 MB goal, 0 MB stacks, 0 MB globals, 2 P
gc 805 @48.337s 0%: 0.086+0.76+0.017 ms clock, 0.17+0.57/0.47/0+0.034 ms cpu, 3->3->0 MB, 4 MB goal, 0 MB stacks, 0 MB globals, 2 P
gc 806 @48.355s 0%: 0.036+0.74+0.007 ms clock, 0.072+0.62/0.42/0+0.015 ms cpu, 3->3->0 MB, 4 MB goal, 0 MB stacks, 0 MB globals, 2 P
gc 807 @48.373s 0%: 0.13+0.67+0.036 ms clock, 0.27+0.60/0.40/0+0.072 ms cpu, 3->3->0 MB, 4 MB goal, 0 MB stacks, 0 MB globals, 2 P
gc 808 @48.390s 0%: 0.24+0.58+0.008 ms clock, 0.48+0.58/0.47/0+0.017 ms cpu, 3->3->0 MB, 4 MB goal, 0 MB stacks, 0 MB globals, 2 P
gc 809 @48.409s 0%: 0.024+0.75+0.003 ms clock, 0.049+0.56/0.47/0+0.007 ms cpu, 3->3->0 MB, 4 MB goal, 0 MB stacks, 0 MB globals, 2 P
gc 810 @48.428s 0%: 0.036+0.77+0.003 ms clock, 0.073+0.75/0.37/0+0.007 ms cpu, 3->3->0 MB, 4 MB goal, 0 MB stacks, 0 MB globals, 2 P
gc 811 @48.446s 0%: 0.25+0.61+0.004 ms clock, 0.50+0.52/0.46/0+0.009 ms cpu, 3->3->0 MB, 4 MB goal, 0 MB stacks, 0 MB globals, 2 P
gc 812 @48.464s 0%: 0.034+0.82+0.018 ms clock, 0.068+0.64/0.47/0+0.037 ms cpu, 3->3->0 MB, 4 MB goal, 0 MB stacks, 0 MB globals, 2 P
gc 813 @48.481s 0%: 0.052+0.71+0.003 ms clock, 0.10+0.64/0.43/0+0.006 ms cpu, 3->3->0 MB, 4 MB goal, 0 MB stacks, 0 MB globals, 2 P
gc 814 @48.499s 0%: 0.044+0.75+0.015 ms clock, 0.089+0.64/0.46/0+0.030 ms cpu, 3->3->0 MB, 4 MB goal, 0 MB stacks, 0 MB globals, 2 P
gc 815 @48.517s 0%: 0.073+0.67+0.016 ms clock, 0.14+0.68/0.37/0+0.033 ms cpu, 3->3->0 MB, 4 MB goal, 0 MB stacks, 0 MB globals, 2 P
gc 816 @48.536s 0%: 0.041+1.6+0.034 ms clock, 0.082+0.44/0.29/0+0.069 ms cpu, 3->3->1 MB, 4 MB goal, 0 MB stacks, 0 MB globals, 2 P
gc 817 @48.554s 0%: 0.038+0.71+0.018 ms clock, 0.077+0.63/0.47/0+0.036 ms cpu, 3->3->0 MB, 4 MB goal, 0 MB stacks, 0 MB globals, 2 P
gc 818 @48.572s 0%: 0.041+0.75+0.002 ms clock, 0.083+0.64/0.41/0+0.005 ms cpu, 3->3->0 MB, 4 MB goal, 0 MB stacks, 0 MB globals, 2 P
gc 819 @48.590s 0%: 0.050+0.72+0.003 ms clock, 0.10+0.65/0.37/0+0.007 ms cpu, 3->3->0 MB, 4 MB goal, 0 MB stacks, 0 MB globals, 2 P
gc 820 @48.609s 0%: 0.033+0.79+0.003 ms clock, 0.067+0.64/0.45/0+0.007 ms cpu, 3->3->0 MB, 4 MB goal, 0 MB stacks, 0 MB globals, 2 P
gc 821 @48.627s 0%: 0.053+0.71+0.022 ms clock, 0.10+0.69/0.40/0+0.044 ms cpu, 3->3->0 MB, 4 MB goal, 0 MB stacks, 0 MB globals, 2 P
gc 822 @48.645s 0%: 0.012+0.73+0.016 ms clock, 0.024+0.59/0.48/0+0.033 ms cpu, 3->3->0 MB, 4 MB goal, 0 MB stacks, 0 MB globals, 2 P
gc 823 @48.663s 0%: 0.030+0.75+0.021 ms clock, 0.061+0.68/0.40/0+0.042 ms cpu, 3->3->0 MB, 4 MB goal, 0 MB stacks, 0 MB globals, 2 P
gc 824 @48.680s 0%: 0.015+0.72+0.007 ms clock, 0.031+0.70/0.36/0+0.015 ms cpu, 3->3->0 MB, 4 MB goal, 0 MB stacks, 0 MB globals, 2 P
gc 825 @48.698s 0%: 0.027+0.67+0.018 ms clock, 0.055+0.63/0.39/0+0.037 ms cpu, 3->3->0 MB, 4 MB goal, 0 MB stacks, 0 MB globals, 2 P
gc 826 @48.715s 0%: 0.029+1.0+0.003 ms clock, 0.059+0.63/0.44/0+0.007 ms cpu, 3->3->0 MB, 4 MB goal, 0 MB stacks, 0 MB globals, 2 P
gc 827 @48.732s 0%: 0.047+0.68+0.003 ms clock, 0.095+0.68/0.38/0+0.007 ms cpu, 3->3->0 MB, 4 MB goal, 0 MB stacks, 0 MB globals, 2 P
gc 828 @48.750s 0%: 0.010+0.60+0.023 ms clock, 0.021+0.047/0.22/0.67+0.047 ms cpu, 3->3->0 MB, 4 MB goal, 0 MB stacks, 0 MB globals, 2 P
gc 829 @48.768s 0%: 0.045+0.69+0.036 ms clock, 0.090+0.67/0.43/0+0.073 ms cpu, 3->3->0 MB, 4 MB goal, 0 MB stacks, 0 MB globals, 2 P
gc 830 @48.787s 0%: 0.043+0.93+0.003 ms clock, 0.087+0.69/0.35/0+0.006 ms cpu, 3->3->0 MB, 4 MB goal, 0 MB stacks, 0 MB globals, 2 P
gc 831 @48.805s 0%: 0.031+0.69+0.016 ms clock, 0.062+0.64/0.39/0+0.033 ms cpu, 3->3->0 MB, 4 MB goal, 0 MB stacks, 0 MB globals, 2 P
gc 832 @48.823s 0%: 0.27+0.63+0.022 ms clock, 0.55+0.54/0.46/0+0.044 ms cpu, 3->3->0 MB, 4 MB goal, 0 MB stacks, 0 MB globals, 2 P
gc 833 @48.841s 0%: 0.016+0.79+0.034 ms clock, 0.032+0.76/0.45/0+0.068 ms cpu, 3->3->0 MB, 4 MB goal, 0 MB stacks, 0 MB globals, 2 P
gc 834 @48.860s 0%: 0.029+0.81+0.004 ms clock, 0.059+0.64/0.47/0+0.008 ms cpu, 3->3->0 MB, 4 MB goal, 0 MB stacks, 0 MB globals, 2 P
gc 835 @48.878s 0%: 0.015+0.88+0.016 ms clock, 0.031+0.65/0.39/0+0.033 ms cpu, 3->3->0 MB, 4 MB goal, 0 MB stacks, 0 MB globals, 2 P
gc 836 @48.896s 0%: 0.038+0.75+0.021 ms clock, 0.077+0.64/0.37/0+0.043 ms cpu, 3->3->0 MB, 4 MB goal, 0 MB stacks, 0 MB globals, 2 P
gc 837 @48.914s 0%: 0.022+0.71+0.020 ms clock, 0.045+0.59/0.46/0+0.041 ms cpu, 3->3->0 MB, 4 MB goal, 0 MB stacks, 0 MB globals, 2 P
gc 838 @48.932s 0%: 0.026+0.82+0.019 ms clock, 0.053+0.59/0.47/0+0.039 ms cpu, 3->3->0 MB, 4 MB goal, 0 MB stacks, 0 MB globals, 2 P
gc 839 @48.950s 0%: 0.025+0.66+0.020 ms clock, 0.051+0.68/0.33/0+0.041 ms cpu, 3->3->0 MB, 4 MB goal, 0 MB stacks, 0 MB globals, 2 P
gc 840 @48.968s 0%: 0.036+0.67+0.004 ms clock, 0.072+0.57/0.41/0+0.009 ms cpu, 3->3->0 MB, 4 MB goal, 0 MB stacks, 0 MB globals, 2 P
gc 841 @48.987s 0%: 0.016+0.68+0.015 ms clock, 0.032+0.69/0.37/0+0.031 ms cpu, 3->3->0 MB, 4 MB goal, 0 MB stacks, 0 MB globals, 2 P
gc 842 @49.005s 0%: 0.035+0.67+0.021 ms clock, 0.071+0.63/0.40/0+0.042 ms cpu, 3->3->0 MB, 4 MB goal, 0 MB stacks, 0 MB globals, 2 P
gc 843 @49.024s 0%: 0.92+0.49+0.004 ms clock, 1.8+0.37/0.77/0+0.009 ms cpu, 3->3->0 MB, 4 MB goal, 0 MB stacks, 0 MB globals, 2 P
gc 844 @49.042s 0%: 0.051+0.74+0.021 ms clock, 0.10+0.74/0.33/0+0.043 ms cpu, 3->3->0 MB, 4 MB goal, 0 MB stacks, 0 MB globals, 2 P
gc 845 @49.060s 0%: 0.71+0.64+0.010 ms clock, 1.4+0.95/0.29/0+0.020 ms cpu, 3->3->0 MB, 4 MB goal, 0 MB stacks, 0 MB globals, 2 P
gc 846 @49.076s 0%: 0.023+1.0+0.022 ms clock, 0.046+0.64/0.43/0+0.045 ms cpu, 3->3->0 MB, 4 MB goal, 0 MB stacks, 0 MB globals, 2 P
gc 847 @49.093s 0%: 0.035+1.3+0.022 ms clock, 0.070+0.38/0.26/0+0.044 ms cpu, 3->3->0 MB, 4 MB goal, 0 MB stacks, 0 MB globals, 2 P
gc 848 @49.109s 0%: 0.014+0.75+0.025 ms clock, 0.028+0.79/0.41/0+0.050 ms cpu, 3->3->0 MB, 4 MB goal, 0 MB stacks, 0 MB globals, 2 P
gc 849 @49.125s 0%: 0.14+0.61+0.026 ms clock, 0.29+0.57/0.43/0+0.052 ms cpu, 3->3->0 MB, 4 MB goal, 0 MB stacks, 0 MB globals, 2 P
gc 850 @49.141s 0%: 0.040+0.97+0.017 ms clock, 0.081+0.72/0.37/0+0.035 ms cpu, 3->3->0 MB, 4 MB goal, 0 MB stacks, 0 MB globals, 2 P
gc 851 @49.159s 0%: 0.020+0.57+0.005 ms clock, 0.041+0.15/0.20/0.69+0.011 ms cpu, 3->3->0 MB, 4 MB goal, 0 MB stacks, 0 MB globals, 2 P
gc 852 @49.178s 0%: 0.015+0.95+0.016 ms clock, 0.030+0.44/0.25/0+0.032 ms cpu, 3->3->0 MB, 4 MB goal, 0 MB stacks, 0 MB globals, 2 P
gc 853 @49.197s 0%: 0.030+1.2+0.003 ms clock, 0.061+0.70/0.43/0+0.007 ms cpu, 3->3->0 MB, 4 MB goal, 0 MB stacks, 0 MB globals, 2 P
gc 854 @49.215s 0%: 0.015+0.78+0.002 ms clock, 0.030+0.70/0.45/0+0.005 ms cpu, 3->3->0 MB, 4 MB goal, 0 MB stacks, 0 MB globals, 2 P
gc 855 @49.233s 0%: 0.033+0.97+0.014 ms clock, 0.066+0.66/0.45/0+0.028 ms cpu, 3->3->0 MB, 4 MB goal, 0 MB stacks, 0 MB globals, 2 P
gc 856 @49.251s 0%: 0.015+0.71+0.022 ms clock, 0.030+0.66/0.33/0+0.044 ms cpu, 3->3->0 MB, 4 MB goal, 0 MB stacks, 0 MB globals, 2 P
gc 857 @49.270s 0%: 0.012+0.85+0.004 ms clock, 0.024+0.62/0.55/0+0.008 ms cpu, 3->3->0 MB, 4 MB goal, 0 MB stacks, 0 MB globals, 2 P
gc 858 @49.288s 0%: 0.013+0.76+0.015 ms clock, 0.026+0.79/0.38/0+0.030 ms cpu, 3->3->0 MB, 4 MB goal, 0 MB stacks, 0 MB globals, 2 P
gc 859 @49.306s 0%: 0.023+0.89+0.003 ms clock, 0.047+0.55/0.58/0+0.006 ms cpu, 3->3->0 MB, 4 MB goal, 0 MB stacks, 0 MB globals, 2 P
gc 860 @49.325s 0%: 0.016+0.82+0.003 ms clock, 0.032+0.65/0.55/0+0.006 ms cpu, 3->3->0 MB, 4 MB goal, 0 MB stacks, 0 MB globals, 2 P
gc 861 @49.343s 0%: 0.024+0.69+0.016 ms clock, 0.048+0.71/0.36/0+0.033 ms cpu, 3->3->0 MB, 4 MB goal, 0 MB stacks, 0 MB globals, 2 P
gc 862 @49.360s 0%: 0.044+0.88+0.017 ms clock, 0.088+0.74/0.47/0+0.034 ms cpu, 3->3->0 MB, 4 MB goal, 0 MB stacks, 0 MB globals, 2 P
gc 863 @49.378s 0%: 0.048+1.0+0.003 ms clock, 0.096+0.35/0.58/0+0.007 ms cpu, 3->3->0 MB, 4 MB goal, 0 MB stacks, 0 MB globals, 2 P
gc 864 @49.396s 0%: 0.48+0.99+0.032 ms clock, 0.96+0.58/0.61/0+0.064 ms cpu, 3->3->0 MB, 4 MB goal, 0 MB stacks, 0 MB globals, 2 P
gc 865 @49.414s 0%: 0.037+0.94+0.014 ms clock, 0.075+0.65/0.59/0+0.029 ms cpu, 3->3->0 MB, 4 MB goal, 0 MB stacks, 0 MB globals, 2 P
gc 866 @49.431s 0%: 0.021+1.0+0.005 ms clock, 0.043+0.67/0.48/0+0.011 ms cpu, 3->3->0 MB, 4 MB goal, 0 MB stacks, 0 MB globals, 2 P
gc 867 @49.448s 0%: 0.027+0.72+0.003 ms clock, 0.055+0.68/0.45/0+0.006 ms cpu, 3->3->0 MB, 4 MB goal, 0 MB stacks, 0 MB globals, 2 P
gc 868 @49.464s 0%: 0.022+0.77+0.004 ms clock, 0.045+0.67/0.40/0+0.008 ms cpu, 3->3->0 MB, 4 MB goal, 0 MB stacks, 0 MB globals, 2 P
gc 869 @49.481s 0%: 0.026+1.1+0.003 ms clock, 0.052+0.58/0.45/0+0.006 ms cpu, 3->3->0 MB, 4 MB goal, 0 MB stacks, 0 MB globals, 2 P
gc 870 @49.498s 0%: 0.026+0.77+0.037 ms clock, 0.052+0.73/0.40/0+0.074 ms cpu, 3->3->0 MB, 4 MB goal, 0 MB stacks, 0 MB globals, 2 P
gc 871 @49.516s 1%: 0.017+0.79+0.003 ms clock, 0.034+0.74/0.39/0+0.007 ms cpu, 3->3->0 MB, 4 MB goal, 0 MB stacks, 0 MB globals, 2 P
gc 872 @49.534s 1%: 0.018+0.67+0.014 ms clock, 0.036+0.71/0.33/0+0.029 ms cpu, 3->3->0 MB, 4 MB goal, 0 MB stacks, 0 MB globals, 2 P
gc 873 @49.553s 1%: 0.016+1.1+0.009 ms clock, 0.033+0.73/0.34/0+0.018 ms cpu, 3->3->0 MB, 4 MB goal, 0 MB stacks, 0 MB globals, 2 P
gc 874 @49.571s 1%: 0.015+0.69+0.002 ms clock, 0.031+0.66/0.34/0+0.005 ms cpu, 3->3->0 MB, 4 MB goal, 0 MB stacks, 0 MB globals, 2 P
gc 875 @49.589s 1%: 0.13+0.92+0.005 ms clock, 0.26+0.63/0.41/0+0.011 ms cpu, 3->3->0 MB, 4 MB goal, 0 MB stacks, 0 MB globals, 2 P
gc 876 @49.607s 1%: 0.053+0.82+0.014 ms clock, 0.10+0.63/0.38/0+0.028 ms cpu, 3->3->0 MB, 4 MB goal, 0 MB stacks, 0 MB globals, 2 P
gc 877 @49.625s 1%: 0.021+0.74+0.013 ms clock, 0.042+0.67/0.48/0+0.026 ms cpu, 3->3->0 MB, 4 MB goal, 0 MB stacks, 0 MB globals, 2 P
gc 878 @49.643s 1%: 0.034+0.84+0.016 ms clock, 0.068+0.69/0.41/0+0.032 ms cpu, 3->3->0 MB, 4 MB goal, 0 MB stacks, 0 MB globals, 2 P
gc 879 @49.661s 1%: 0.026+1.1+0.027 ms clock, 0.052+0.67/0.46/0+0.054 ms cpu, 3->3->0 MB, 4 MB goal, 0 MB stacks, 0 MB globals, 2 P
gc 880 @49.678s 1%: 0.021+0.87+0.019 ms clock, 0.042+0.68/0.53/0+0.039 ms cpu, 3->3->0 MB, 4 MB goal, 0 MB stacks, 0 MB globals, 2 P
gc 881 @49.696s 1%: 0.018+0.72+0.016 ms clock, 0.036+0.66/0.37/0+0.032 ms cpu, 3->3->0 MB, 4 MB goal, 0 MB stacks, 0 MB globals, 2 P
gc 882 @49.713s 1%: 0.023+0.79+0.026 ms clock, 0.046+0.63/0.38/0+0.053 ms cpu, 3->3->0 MB, 4 MB goal, 0 MB stacks, 0 MB globals, 2 P
gc 883 @49.730s 1%: 0.027+0.72+0.022 ms clock, 0.054+0.62/0.40/0+0.045 ms cpu, 3->3->0 MB, 4 MB goal, 0 MB stacks, 0 MB globals, 2 P
gc 884 @49.747s 1%: 0.036+0.80+0.003 ms clock, 0.073+0.62/0.53/0+0.007 ms cpu, 3->3->0 MB, 4 MB goal, 0 MB stacks, 0 MB globals, 2 P
gc 885 @49.766s 1%: 0.073+1.4+0.004 ms clock, 0.14+0.33/1.2/0+0.009 ms cpu, 3->3->1 MB, 4 MB goal, 0 MB stacks, 0 MB globals, 2 P
gc 886 @49.785s 1%: 0.027+1.1+0.066 ms clock, 0.054+0.56/0.52/0+0.13 ms cpu, 3->3->0 MB, 4 MB goal, 0 MB stacks, 0 MB globals, 2 P
gc 887 @49.804s 1%: 0.013+0.81+0.003 ms clock, 0.027+0.63/0.41/0+0.006 ms cpu, 3->3->0 MB, 4 MB goal, 0 MB stacks, 0 MB globals, 2 P
gc 888 @49.822s 1%: 0.36+0.49+0.003 ms clock, 0.72+0.62/0.38/0+0.006 ms cpu, 3->3->0 MB, 4 MB goal, 0 MB stacks, 0 MB globals, 2 P
gc 889 @49.841s 1%: 0.10+0.62+0.004 ms clock, 0.21+0.55/0.41/0+0.008 ms cpu, 3->3->0 MB, 4 MB goal, 0 MB stacks, 0 MB globals, 2 P
gc 890 @49.859s 1%: 0.033+0.74+0.015 ms clock, 0.067+0.72/0.41/0+0.030 ms cpu, 3->3->0 MB, 4 MB goal, 0 MB stacks, 0 MB globals, 2 P
gc 891 @49.878s 1%: 0.032+0.67+0.029 ms clock, 0.065+0.61/0.36/0+0.059 ms cpu, 3->3->0 MB, 4 MB goal, 0 MB stacks, 0 MB globals, 2 P
gc 892 @49.896s 1%: 0.014+0.79+0.004 ms clock, 0.029+0.63/0.43/0+0.008 ms cpu, 3->3->0 MB, 4 MB goal, 0 MB stacks, 0 MB globals, 2 P
gc 893 @49.915s 1%: 0.024+0.81+0.005 ms clock, 0.049+0.81/0.35/0+0.010 ms cpu, 3->3->0 MB, 4 MB goal, 0 MB stacks, 0 MB globals, 2 P
gc 894 @49.932s 1%: 0.037+0.73+0.009 ms clock, 0.075+0.72/0.43/0+0.019 ms cpu, 3->3->0 MB, 4 MB goal, 0 MB stacks, 0 MB globals, 2 P
gc 895 @49.949s 1%: 0.13+0.59+0.017 ms clock, 0.27+0.59/0.42/0+0.034 ms cpu, 3->3->0 MB, 4 MB goal, 0 MB stacks, 0 MB globals, 2 P
gc 896 @49.966s 1%: 0.031+0.87+0.004 ms clock, 0.062+0.80/0.44/0+0.008 ms cpu, 3->3->0 MB, 4 MB goal, 0 MB stacks, 0 MB globals, 2 P
gc 897 @49.983s 1%: 0.035+1.0+0.003 ms clock, 0.071+0.70/0.41/0+0.007 ms cpu, 3->3->0 MB, 4 MB goal, 0 MB stacks, 0 MB globals, 2 P
gc 898 @50.000s 1%: 0.015+0.78+0.004 ms clock, 0.030+0.75/0.43/0+0.008 ms cpu, 3->3->0 MB, 4 MB goal, 0 MB stacks, 0 MB globals, 2 P
gc 899 @50.017s 1%: 0.24+0.59+0.017 ms clock, 0.48+0.57/0.42/0+0.035 ms cpu, 3->3->0 MB, 4 MB goal, 0 MB stacks, 0 MB globals, 2 P
gc 900 @50.035s 1%: 0.014+0.72+0.011 ms clock, 0.028+0.78/0.34/0+0.023 ms cpu, 3->3->0 MB, 4 MB goal, 0 MB stacks, 0 MB globals, 2 P
gc 901 @50.052s 1%: 0.013+0.99+0.003 ms clock, 0.026+0.73/0.40/0+0.006 ms cpu, 3->3->0 MB, 4 MB goal, 0 MB stacks, 0 MB globals, 2 P
gc 902 @50.070s 1%: 0.046+0.95+0.003 ms clock, 0.092+0.73/0.34/0+0.007 ms cpu, 3->3->0 MB, 4 MB goal, 0 MB stacks, 0 MB globals, 2 P
gc 903 @50.087s 1%: 0.014+0.72+0.003 ms clock, 0.028+0.68/0.36/0+0.007 ms cpu, 3->3->0 MB, 4 MB goal, 0 MB stacks, 0 MB globals, 2 P
gc 904 @50.105s 1%: 0.017+0.71+0.022 ms clock, 0.034+0.70/0.37/0+0.044 ms cpu, 3->3->0 MB, 4 MB goal, 0 MB stacks, 0 MB globals, 2 P
gc 905 @50.122s 1%: 0.026+1.0+0.006 ms clock, 0.052+0.42/0.22/0+0.013 ms cpu, 3->3->0 MB, 4 MB goal, 0 MB stacks, 0 MB globals, 2 P
gc 906 @50.140s 1%: 0.049+1.1+0.013 ms clock, 0.099+0.66/0.36/0+0.027 ms cpu, 3->3->0 MB, 4 MB goal, 0 MB stacks, 0 MB globals, 2 P
gc 907 @50.158s 1%: 0.015+0.77+0.003 ms clock, 0.031+0.73/0.36/0+0.006 ms cpu, 3->3->0 MB, 4 MB goal, 0 MB stacks, 0 MB globals, 2 P
gc 908 @50.176s 1%: 0.037+0.77+0.022 ms clock, 0.075+0.57/0.49/0+0.044 ms cpu, 3->3->0 MB, 4 MB goal, 0 MB stacks, 0 MB globals, 2 P
gc 909 @50.194s 1%: 0.028+1.0+0.043 ms clock, 0.056+0.44/0.59/0.086+0.086 ms cpu, 3->3->0 MB, 4 MB goal, 0 MB stacks, 0 MB globals, 2 P
gc 910 @50.212s 1%: 0.014+1.0+0.019 ms clock, 0.028+0.67/0.37/0+0.038 ms cpu, 3->3->0 MB, 4 MB goal, 0 MB stacks, 0 MB globals, 2 P
gc 911 @50.230s 1%: 0.037+0.83+0.007 ms clock, 0.074+0.74/0.43/0+0.015 ms cpu, 3->3->0 MB, 4 MB goal, 0 MB stacks, 0 MB globals, 2 P
gc 912 @50.249s 1%: 0.061+0.78+0.005 ms clock, 0.12+0.64/0.46/0+0.010 ms cpu, 3->3->0 MB, 4 MB goal, 0 MB stacks, 0 MB globals, 2 P
gc 913 @50.267s 1%: 0.039+1.2+0.020 ms clock, 0.078+0.72/0.40/0+0.040 ms cpu, 3->3->0 MB, 4 MB goal, 0 MB stacks, 0 MB globals, 2 P
gc 914 @50.285s 1%: 0.038+0.96+0.006 ms clock, 0.077+0.69/0.42/0+0.012 ms cpu, 3->3->0 MB, 4 MB goal, 0 MB stacks, 0 MB globals, 2 P
gc 915 @50.303s 1%: 0.016+0.76+0.037 ms clock, 0.032+0.71/0.35/0+0.074 ms cpu, 3->3->0 MB, 4 MB goal, 0 MB stacks, 0 MB globals, 2 P
gc 916 @50.321s 1%: 0.037+0.70+0.003 ms clock, 0.074+0.60/0.39/0+0.007 ms cpu, 3->3->0 MB, 4 MB goal, 0 MB stacks, 0 MB globals, 2 P
gc 917 @50.339s 1%: 0.035+0.75+0.013 ms clock, 0.071+0.61/0.45/0+0.026 ms cpu, 3->3->0 MB, 4 MB goal, 0 MB stacks, 0 MB globals, 2 P
gc 918 @50.357s 1%: 0.022+1.1+0.016 ms clock, 0.045+0.46/0.59/0+0.033 ms cpu, 3->3->0 MB, 4 MB goal, 0 MB stacks, 0 MB globals, 2 P
gc 919 @50.375s 1%: 0.012+0.75+0.040 ms clock, 0.025+0.66/0.44/0+0.081 ms cpu, 3->3->0 MB, 4 MB goal, 0 MB stacks, 0 MB globals, 2 P
gc 920 @50.394s 1%: 0.014+0.70+0.038 ms clock, 0.029+0.70/0.35/0+0.076 ms cpu, 3->3->0 MB, 4 MB goal, 0 MB stacks, 0 MB globals, 2 P
gc 921 @50.412s 1%: 0.018+0.70+0.037 ms clock, 0.037+0.70/0.40/0+0.075 ms cpu, 3->3->0 MB, 4 MB goal, 0 MB stacks, 0 MB globals, 2 P
gc 922 @50.430s 1%: 0.042+0.73+0.003 ms clock, 0.085+0.76/0.39/0+0.007 ms cpu, 3->3->0 MB, 4 MB goal, 0 MB stacks, 0 MB globals, 2 P
gc 923 @50.448s 1%: 0.018+0.65+0.019 ms clock, 0.036+0.60/0.42/0+0.039 ms cpu, 3->3->0 MB, 4 MB goal, 0 MB stacks, 0 MB globals, 2 P
gc 924 @50.467s 1%: 0.045+0.67+0.003 ms clock, 0.091+0.61/0.38/0+0.006 ms cpu, 3->3->0 MB, 4 MB goal, 0 MB stacks, 0 MB globals, 2 P
gc 925 @50.485s 1%: 0.042+1.4+0.012 ms clock, 0.084+0.44/0.28/0+0.024 ms cpu, 3->3->1 MB, 4 MB goal, 0 MB stacks, 0 MB globals, 2 P
gc 926 @50.503s 1%: 0.025+0.81+0.003 ms clock, 0.051+0.70/0.47/0+0.006 ms cpu, 3->3->0 MB, 4 MB goal, 0 MB stacks, 0 MB globals, 2 P
gc 927 @50.521s 1%: 0.048+0.76+0.020 ms clock, 0.097+0.62/0.52/0+0.041 ms cpu, 3->3->0 MB, 4 MB goal, 0 MB stacks, 0 MB globals, 2 P
gc 928 @50.538s 1%: 0.057+0.98+0.018 ms clock, 0.11+0.74/0.57/0+0.037 ms cpu, 3->3->0 MB, 4 MB goal, 0 MB stacks, 0 MB globals, 2 P
gc 929 @50.556s 1%: 0.025+0.79+0.023 ms clock, 0.051+0.75/0.39/0+0.046 ms cpu, 3->3->0 MB, 4 MB goal, 0 MB stacks, 0 MB globals, 2 P
gc 930 @50.574s 1%: 0.026+0.76+0.015 ms clock, 0.053+0.77/0.36/0+0.030 ms cpu, 3->3->0 MB, 4 MB goal, 0 MB stacks, 0 MB globals, 2 P
gc 931 @50.592s 1%: 0.038+0.75+0.004 ms clock, 0.077+0.59/0.40/0+0.009 ms cpu, 3->3->0 MB, 4 MB goal, 0 MB stacks, 0 MB globals, 2 P
gc 932 @50.610s 1%: 0.019+0.88+0.035 ms clock, 0.039+0.64/0.46/0+0.070 ms cpu, 3->3->0 MB, 4 MB goal, 0 MB stacks, 0 MB globals, 2 P
gc 933 @50.629s 1%: 0.013+1.5+0.004 ms clock, 0.027+0.65/0.38/0+0.008 ms cpu, 3->3->1 MB, 4 MB goal, 0 MB stacks, 0 MB globals, 2 P
gc 934 @50.647s 1%: 0.027+0.81+0.028 ms clock, 0.055+0.68/0.36/0+0.057 ms cpu, 3->3->0 MB, 4 MB goal, 0 MB stacks, 0 MB globals, 2 P
gc 935 @50.665s 1%: 0.028+0.73+0.048 ms clock, 0.057+0.68/0.40/0+0.097 ms cpu, 3->3->0 MB, 4 MB goal, 0 MB stacks, 0 MB globals, 2 P
gc 936 @50.683s 1%: 0.043+1.4+0.014 ms clock, 0.086+0.44/0.29/0+0.029 ms cpu, 3->3->1 MB, 4 MB goal, 0 MB stacks, 0 MB globals, 2 P
gc 937 @50.701s 1%: 0.026+0.71+0.003 ms clock, 0.052+0.66/0.38/0+0.006 ms cpu, 3->3->0 MB, 4 MB goal, 0 MB stacks, 0 MB globals, 2 P
gc 938 @50.719s 1%: 0.013+0.82+0.020 ms clock, 0.027+0.61/0.44/0+0.040 ms cpu, 3->3->0 MB, 4 MB goal, 0 MB stacks, 0 MB globals, 2 P
gc 939 @50.737s 1%: 0.052+0.87+0.004 ms clock, 0.10+0.70/0.45/0+0.008 ms cpu, 3->3->0 MB, 4 MB goal, 0 MB stacks, 0 MB globals, 2 P
gc 940 @50.756s 1%: 0.034+0.74+0.003 ms clock, 0.068+0.59/0.51/0+0.006 ms cpu, 3->3->0 MB, 4 MB goal, 0 MB stacks, 0 MB globals, 2 P
gc 941 @50.774s 1%: 0.11+0.62+0.003 ms clock, 0.23+0.64/0.40/0+0.006 ms cpu, 3->3->0 MB, 4 MB goal, 0 MB stacks, 0 MB globals, 2 P
gc 942 @50.792s 1%: 0.014+0.73+0.024 ms clock, 0.029+0.68/0.38/0+0.049 ms cpu, 3->3->0 MB, 4 MB goal, 0 MB stacks, 0 MB globals, 2 P
gc 943 @50.810s 1%: 0.025+0.67+0.024 ms clock, 0.051+0.64/0.37/0+0.048 ms cpu, 3->3->0 MB, 4 MB goal, 0 MB stacks, 0 MB globals, 2 P
gc 944 @50.827s 1%: 0.032+0.67+0.023 ms clock, 0.065+0.67/0.36/0+0.047 ms cpu, 3->3->0 MB, 4 MB goal, 0 MB stacks, 0 MB globals, 2 P
gc 945 @50.845s 1%: 0.018+0.75+0.003 ms clock, 0.036+0.68/0.41/0+0.006 ms cpu, 3->3->0 MB, 4 MB goal, 0 MB stacks, 0 MB globals, 2 P
gc 946 @50.862s 1%: 0.012+0.85+0.018 ms clock, 0.025+0.71/0.43/0+0.036 ms cpu, 3->3->0 MB, 4 MB goal, 0 MB stacks, 0 MB globals, 2 P
gc 947 @50.880s 1%: 0.059+0.73+0.003 ms clock, 0.11+0.65/0.43/0+0.006 ms cpu, 3->3->0 MB, 4 MB goal, 0 MB stacks, 0 MB globals, 2 P
gc 948 @50.898s 1%: 0.033+0.71+0.016 ms clock, 0.066+0.59/0.48/0+0.033 ms cpu, 3->3->0 MB, 4 MB goal, 0 MB stacks, 0 MB globals, 2 P
gc 949 @50.915s 1%: 0.20+0.55+0.018 ms clock, 0.40+0.55/0.45/0+0.036 ms cpu, 3->3->0 MB, 4 MB goal, 0 MB stacks, 0 MB globals, 2 P
gc 950 @50.934s 1%: 0.026+0.72+0.003 ms clock, 0.053+0.68/0.41/0+0.006 ms cpu, 3->3->0 MB, 4 MB goal, 0 MB stacks, 0 MB globals, 2 P
gc 951 @50.951s 1%: 0.013+0.81+0.014 ms clock, 0.027+0.62/0.46/0+0.028 ms cpu, 3->3->0 MB, 4 MB goal, 0 MB stacks, 0 MB globals, 2 P
gc 952 @50.969s 1%: 0.054+0.81+0.008 ms clock, 0.10+0.58/0.53/0+0.017 ms cpu, 3->3->0 MB, 4 MB goal, 0 MB stacks, 0 MB globals, 2 P
gc 953 @50.986s 1%: 0.039+0.98+0.011 ms clock, 0.078+0.60/0.49/0+0.023 ms cpu, 3->3->0 MB, 4 MB goal, 0 MB stacks, 0 MB globals, 2 P
gc 954 @51.004s 1%: 0.018+0.76+0.021 ms clock, 0.037+0.67/0.36/0+0.042 ms cpu, 3->3->0 MB, 4 MB goal, 0 MB stacks, 0 MB globals, 2 P
gc 955 @51.022s 1%: 0.021+0.78+0.003 ms clock, 0.042+0.70/0.42/0+0.007 ms cpu, 3->3->0 MB, 4 MB goal, 0 MB stacks, 0 MB globals, 2 P
gc 956 @51.040s 1%: 0.013+0.98+0.010 ms clock, 0.027+0.62/0.53/0+0.020 ms cpu, 3->3->0 MB, 4 MB goal, 0 MB stacks, 0 MB globals, 2 P
gc 957 @51.058s 1%: 0.040+0.77+0.004 ms clock, 0.080+0.62/0.51/0+0.009 ms cpu, 3->3->0 MB, 4 MB goal, 0 MB stacks, 0 MB globals, 2 P
gc 958 @51.076s 1%: 0.025+0.80+0.019 ms clock, 0.050+0.56/0.58/0+0.039 ms cpu, 3->3->0 MB, 4 MB goal, 0 MB stacks, 0 MB globals, 2 P
gc 959 @51.094s 1%: 0.027+0.75+0.013 ms clock, 0.054+0.71/0.37/0+0.026 ms cpu, 3->3->0 MB, 4 MB goal, 0 MB stacks, 0 MB globals, 2 P
gc 960 @51.112s 1%: 0.033+0.70+0.011 ms clock, 0.067+0.68/0.42/0+0.023 ms cpu, 3->3->0 MB, 4 MB goal, 0 MB stacks, 0 MB globals, 2 P
gc 961 @51.129s 1%: 0.036+0.72+0.026 ms clock, 0.072+0.71/0.39/0+0.052 ms cpu, 3->3->0 MB, 4 MB goal, 0 MB stacks, 0 MB globals, 2 P
gc 962 @51.147s 1%: 0.18+0.61+0.003 ms clock, 0.36+0.67/0.36/0+0.007 ms cpu, 3->3->0 MB, 4 MB goal, 0 MB stacks, 0 MB globals, 2 P
gc 963 @51.164s 1%: 0.020+0.77+0.029 ms clock, 0.041+0.60/0.52/0+0.058 ms cpu, 3->3->0 MB, 4 MB goal, 0 MB stacks, 0 MB globals, 2 P
gc 964 @51.181s 1%: 0.015+0.73+0.003 ms clock, 0.030+0.57/0.49/0+0.007 ms cpu, 3->3->0 MB, 4 MB goal, 0 MB stacks, 0 MB globals, 2 P
gc 965 @51.200s 1%: 0.034+1.3+0.005 ms clock, 0.068+0.71/0.45/0+0.011 ms cpu, 3->3->0 MB, 4 MB goal, 0 MB stacks, 0 MB globals, 2 P
gc 966 @51.218s 1%: 0.028+0.86+0.004 ms clock, 0.057+0.59/0.49/0+0.008 ms cpu, 3->3->0 MB, 4 MB goal, 0 MB stacks, 0 MB globals, 2 P
gc 967 @51.236s 1%: 0.019+0.74+0.033 ms clock, 0.038+0.64/0.43/0+0.067 ms cpu, 3->3->0 MB, 4 MB goal, 0 MB stacks, 0 MB globals, 2 P
gc 968 @51.254s 1%: 0.016+0.82+0.030 ms clock, 0.032+0.66/0.35/0+0.060 ms cpu, 3->3->0 MB, 4 MB goal, 0 MB stacks, 0 MB globals, 2 P
gc 969 @51.272s 1%: 0.013+1.1+0.004 ms clock, 0.026+0.73/0.31/0+0.008 ms cpu, 3->3->0 MB, 4 MB goal, 0 MB stacks, 0 MB globals, 2 P
gc 970 @51.290s 1%: 0.021+0.68+0.027 ms clock, 0.042+0.56/0.40/0+0.054 ms cpu, 3->3->0 MB, 4 MB goal, 0 MB stacks, 0 MB globals, 2 P
gc 971 @51.308s 1%: 0.014+1.2+0.014 ms clock, 0.028+0.39/0.26/0+0.029 ms cpu, 3->3->0 MB, 4 MB goal, 0 MB stacks, 0 MB globals, 2 P
gc 972 @51.326s 1%: 0.020+0.76+0.022 ms clock, 0.040+0.68/0.37/0+0.044 ms cpu, 3->3->0 MB, 4 MB goal, 0 MB stacks, 0 MB globals, 2 P
gc 973 @51.345s 1%: 0.10+0.70+0.007 ms clock, 0.20+0.55/0.47/0+0.015 ms cpu, 3->3->0 MB, 4 MB goal, 0 MB stacks, 0 MB globals, 2 P
gc 974 @51.363s 1%: 0.015+0.74+0.023 ms clock, 0.030+0.64/0.43/0+0.047 ms cpu, 3->3->0 MB, 4 MB goal, 0 MB stacks, 0 MB globals, 2 P
gc 975 @51.381s 1%: 0.12+0.60+0.011 ms clock, 0.25+0.65/0.34/0+0.022 ms cpu, 3->3->0 MB, 4 MB goal, 0 MB stacks, 0 MB globals, 2 P
gc 976 @51.400s 1%: 0.017+0.83+0.024 ms clock, 0.034+0.60/0.47/0+0.048 ms cpu, 3->3->0 MB, 4 MB goal, 0 MB stacks, 0 MB globals, 2 P
gc 977 @51.418s 1%: 0.035+0.81+0.006 ms clock, 0.071+0.71/0.47/0+0.013 ms cpu, 3->3->0 MB, 4 MB goal, 0 MB stacks, 0 MB globals, 2 P
gc 978 @51.437s 1%: 0.046+0.72+0.020 ms clock, 0.093+0.61/0.47/0+0.040 ms cpu, 3->3->0 MB, 4 MB goal, 0 MB stacks, 0 MB globals, 2 P
gc 979 @51.456s 1%: 0.013+0.96+0.002 ms clock, 0.027+0.76/0.44/0+0.005 ms cpu, 3->3->0 MB, 4 MB goal, 0 MB stacks, 0 MB globals, 2 P
gc 980 @51.474s 1%: 0.035+0.75+0.004 ms clock, 0.071+0.65/0.50/0+0.009 ms cpu, 3->3->0 MB, 4 MB goal, 0 MB stacks, 0 MB globals, 2 P
gc 981 @51.492s 1%: 0.011+1.1+0.003 ms clock, 0.023+0.79/0.40/0+0.006 ms cpu, 3->3->0 MB, 4 MB goal, 0 MB stacks, 0 MB globals, 2 P
gc 982 @51.509s 1%: 0.024+0.71+0.018 ms clock, 0.048+0.64/0.38/0+0.036 ms cpu, 3->3->0 MB, 4 MB goal, 0 MB stacks, 0 MB globals, 2 P
gc 983 @51.527s 1%: 0.025+0.77+0.014 ms clock, 0.051+0.77/0.37/0+0.028 ms cpu, 3->3->0 MB, 4 MB goal, 0 MB stacks, 0 MB globals, 2 P
gc 984 @51.544s 1%: 0.016+0.69+0.024 ms clock, 0.032+0.68/0.37/0+0.049 ms cpu, 3->3->0 MB, 4 MB goal, 0 MB stacks, 0 MB globals, 2 P
gc 985 @51.562s 1%: 0.012+1.1+0.022 ms clock, 0.024+0.65/0.45/0+0.044 ms cpu, 3->3->0 MB, 4 MB goal, 0 MB stacks, 0 MB globals, 2 P
gc 986 @51.579s 1%: 0.014+0.74+0.006 ms clock, 0.029+0.66/0.33/0+0.013 ms cpu, 3->3->0 MB, 4 MB goal, 0 MB stacks, 0 MB globals, 2 P
gc 987 @51.598s 1%: 0.012+0.74+0.015 ms clock, 0.025+0.76/0.33/0+0.030 ms cpu, 3->3->0 MB, 4 MB goal, 0 MB stacks, 0 MB globals, 2 P
gc 988 @51.617s 1%: 0.031+0.78+0.026 ms clock, 0.062+0.64/0.51/0+0.053 ms cpu, 3->3->0 MB, 4 MB goal, 0 MB stacks, 0 MB globals, 2 P
gc 989 @51.635s 1%: 0.042+0.70+0.026 ms clock, 0.084+0.66/0.38/0+0.052 ms cpu, 3->3->0 MB, 4 MB goal, 0 MB stacks, 0 MB globals, 2 P
gc 990 @51.654s 1%: 0.026+0.84+0.021 ms clock, 0.053+0.76/0.36/0+0.043 ms cpu, 3->3->0 MB, 4 MB goal, 0 MB stacks, 0 MB globals, 2 P
gc 991 @51.672s 1%: 0.033+0.70+0.003 ms clock, 0.066+0.68/0.37/0+0.007 ms cpu, 3->3->0 MB, 4 MB goal, 0 MB stacks, 0 MB globals, 2 P
gc 992 @51.691s 1%: 0.015+0.82+0.007 ms clock, 0.031+0.82/0.43/0+0.015 ms cpu, 3->3->0 MB, 4 MB goal, 0 MB stacks, 0 MB globals, 2 P
gc 993 @51.710s 1%: 0.030+1.1+0.003 ms clock, 0.061+0.32/0.64/0+0.007 ms cpu, 3->3->0 MB, 4 MB goal, 0 MB stacks, 0 MB globals, 2 P
gc 994 @51.728s 1%: 0.013+1.1+0.074 ms clock, 0.027+0.73/0.38/0+0.14 ms cpu, 3->3->0 MB, 4 MB goal, 0 MB stacks, 0 MB globals, 2 P
gc 995 @51.746s 1%: 0.017+0.71+0.003 ms clock, 0.035+0.66/0.40/0+0.007 ms cpu, 3->3->0 MB, 4 MB goal, 0 MB stacks, 0 MB globals, 2 P
gc 996 @51.763s 1%: 0.12+0.91+0.038 ms clock, 0.24+0.64/0.36/0+0.077 ms cpu, 3->3->0 MB, 4 MB goal, 0 MB stacks, 0 MB globals, 2 P
gc 997 @51.780s 1%: 0.011+1.1+0.003 ms clock, 0.023+0.71/0.45/0+0.006 ms cpu, 3->3->0 MB, 4 MB goal, 0 MB stacks, 0 MB globals, 2 P
gc 998 @51.798s 1%: 0.029+1.0+0.054 ms clock, 0.059+0.73/0.38/0+0.10 ms cpu, 3->3->0 MB, 4 MB goal, 0 MB stacks, 0 MB globals, 2 P
gc 999 @51.815s 1%: 0.038+0.66+0.003 ms clock, 0.076+0.66/0.36/0+0.006 ms cpu, 3->3->0 MB, 4 MB goal, 0 MB stacks, 0 MB globals, 2 P
gc 1000 @51.833s 1%: 0.027+0.68+0.016 ms clock, 0.055+0.66/0.36/0+0.033 ms cpu, 3->3->0 MB, 4 MB goal, 0 MB stacks, 0 MB globals, 2 P
gc 1001 @51.851s 1%: 0.015+0.91+0.011 ms clock, 0.030+0.56/0.59/0+0.022 ms cpu, 3->3->0 MB, 4 MB goal, 0 MB stacks, 0 MB globals, 2 P
gc 1002 @51.868s 1%: 0.015+0.66+0.026 ms clock, 0.030+0.68/0.34/0+0.053 ms cpu, 3->3->0 MB, 4 MB goal, 0 MB stacks, 0 MB globals, 2 P
gc 1003 @51.886s 1%: 0.014+0.88+0.018 ms clock, 0.029+0.75/0.45/0+0.037 ms cpu, 3->3->0 MB, 4 MB goal, 0 MB stacks, 0 MB globals, 2 P
gc 1004 @51.904s 1%: 0.047+0.77+0.003 ms clock, 0.095+0.73/0.39/0+0.006 ms cpu, 3->3->0 MB, 4 MB goal, 0 MB stacks, 0 MB globals, 2 P
gc 1005 @51.922s 1%: 0.029+0.76+0.020 ms clock, 0.059+0.62/0.40/0+0.040 ms cpu, 3->3->0 MB, 4 MB goal, 0 MB stacks, 0 MB globals, 2 P
gc 1006 @51.940s 1%: 0.014+0.84+0.003 ms clock, 0.029+0.69/0.40/0+0.007 ms cpu, 3->3->0 MB, 4 MB goal, 0 MB stacks, 0 MB globals, 2 P
gc 1007 @51.958s 1%: 0.042+0.97+0.011 ms clock, 0.085+0.48/0.64/0+0.023 ms cpu, 3->3->0 MB, 4 MB goal, 0 MB stacks, 0 MB globals, 2 P
gc 1008 @51.977s 1%: 0.032+0.87+0.003 ms clock, 0.064+0.52/0.47/0+0.006 ms cpu, 3->3->0 MB, 4 MB goal, 0 MB stacks, 0 MB globals, 2 P
gc 1009 @51.996s 1%: 0.017+0.54+0.008 ms clock, 0.034+0.063/0.19/0.72+0.017 ms cpu, 3->3->0 MB, 4 MB goal, 0 MB stacks, 0 MB globals, 2 P
gc 1010 @52.014s 1%: 0.033+1.1+0.004 ms clock, 0.067+0.75/0.38/0+0.008 ms cpu, 3->3->0 MB, 4 MB goal, 0 MB stacks, 0 MB globals, 2 P
gc 1011 @52.032s 1%: 0.012+0.67+0.019 ms clock, 0.024+0.60/0.38/0+0.039 ms cpu, 3->3->0 MB, 4 MB goal, 0 MB stacks, 0 MB globals, 2 P
gc 1012 @52.049s 1%: 0.20+0.58+0.007 ms clock, 0.40+0.53/0.45/0+0.014 ms cpu, 3->3->0 MB, 4 MB goal, 0 MB stacks, 0 MB globals, 2 P
gc 1013 @52.066s 1%: 0.033+0.71+0.002 ms clock, 0.066+0.67/0.39/0+0.005 ms cpu, 3->3->0 MB, 4 MB goal, 0 MB stacks, 0 MB globals, 2 P
gc 1014 @52.084s 1%: 0.069+0.98+0.011 ms clock, 0.13+0.26/1.0/0+0.022 ms cpu, 3->3->0 MB, 4 MB goal, 0 MB stacks, 0 MB globals, 2 P
gc 1015 @52.101s 1%: 0.019+0.83+0.004 ms clock, 0.038+0.62/0.41/0+0.008 ms cpu, 3->3->0 MB, 4 MB goal, 0 MB stacks, 0 MB globals, 2 P
gc 1016 @52.120s 1%: 0.013+0.76+0.020 ms clock, 0.026+0.71/0.40/0+0.040 ms cpu, 3->3->0 MB, 4 MB goal, 0 MB stacks, 0 MB globals, 2 P
gc 1017 @52.139s 1%: 0.031+0.97+0.018 ms clock, 0.063+0.67/0.47/0+0.037 ms cpu, 3->3->0 MB, 4 MB goal, 0 MB stacks, 0 MB globals, 2 P
gc 1018 @52.157s 1%: 0.013+1.0+0.028 ms clock, 0.026+0.52/0.50/0+0.057 ms cpu, 3->3->0 MB, 4 MB goal, 0 MB stacks, 0 MB globals, 2 P
gc 1019 @52.176s 1%: 0.019+0.69+0.016 ms clock, 0.039+0.67/0.35/0+0.033 ms cpu, 3->3->0 MB, 4 MB goal, 0 MB stacks, 0 MB globals, 2 P
gc 1020 @52.194s 1%: 0.043+0.83+0.034 ms clock, 0.086+0.33/0.53/0+0.068 ms cpu, 3->3->0 MB, 4 MB goal, 0 MB stacks, 0 MB globals, 2 P
gc 1021 @52.213s 1%: 0.033+0.67+0.011 ms clock, 0.066+0.61/0.41/0+0.023 ms cpu, 3->3->0 MB, 4 MB goal, 0 MB stacks, 0 MB globals, 2 P
gc 1022 @52.231s 1%: 0.018+0.87+0.016 ms clock, 0.036+0.48/0.52/0+0.033 ms cpu, 3->3->0 MB, 4 MB goal, 0 MB stacks, 0 MB globals, 2 P
gc 1023 @52.249s 1%: 0.028+0.76+0.011 ms clock, 0.056+0.67/0.37/0+0.022 ms cpu, 3->3->0 MB, 4 MB goal, 0 MB stacks, 0 MB globals, 2 P
gc 1024 @52.268s 1%: 0.034+0.73+0.034 ms clock, 0.069+0.58/0.38/0+0.068 ms cpu, 3->3->0 MB, 4 MB goal, 0 MB stacks, 0 MB globals, 2 P
gc 1025 @52.287s 1%: 0.11+0.63+0.020 ms clock, 0.23+0.69/0.34/0+0.040 ms cpu, 3->3->0 MB, 4 MB goal, 0 MB stacks, 0 MB globals, 2 P
gc 1026 @52.306s 1%: 0.031+0.72+0.008 ms clock, 0.063+0.63/0.39/0+0.017 ms cpu, 3->3->0 MB, 4 MB goal, 0 MB stacks, 0 MB globals, 2 P
gc 1027 @52.324s 1%: 0.029+0.74+0.003 ms clock, 0.058+0.72/0.36/0+0.007 ms cpu, 3->3->0 MB, 4 MB goal, 0 MB stacks, 0 MB globals, 2 P
gc 1028 @52.342s 1%: 0.013+0.75+0.015 ms clock, 0.026+0.82/0.35/0+0.031 ms cpu, 3->3->0 MB, 4 MB goal, 0 MB stacks, 0 MB globals, 2 P
gc 1029 @52.360s 1%: 0.028+0.74+0.003 ms clock, 0.057+0.67/0.39/0+0.006 ms cpu, 3->3->0 MB, 4 MB goal, 0 MB stacks, 0 MB globals, 2 P
gc 1030 @52.378s 1%: 0.015+0.71+0.012 ms clock, 0.030+0.72/0.41/0+0.025 ms cpu, 3->3->0 MB, 4 MB goal, 0 MB stacks, 0 MB globals, 2 P
gc 1031 @52.396s 1%: 0.053+0.83+0.007 ms clock, 0.10+0.63/0.52/0+0.014 ms cpu, 3->3->0 MB, 4 MB goal, 0 MB stacks, 0 MB globals, 2 P
gc 1032 @52.414s 1%: 0.038+0.91+0.003 ms clock, 0.076+0.55/0.53/0+0.006 ms cpu, 3->3->0 MB, 4 MB goal, 0 MB stacks, 0 MB globals, 2 P
gc 1033 @52.431s 1%: 0.041+0.67+0.002 ms clock, 0.083+0.68/0.37/0+0.005 ms cpu, 3->3->0 MB, 4 MB goal, 0 MB stacks, 0 MB globals, 2 P
gc 1034 @52.450s 1%: 0.044+0.76+0.016 ms clock, 0.089+0.72/0.41/0+0.033 ms cpu, 3->3->0 MB, 4 MB goal, 0 MB stacks, 0 MB globals, 2 P
gc 1035 @52.468s 1%: 0.027+0.80+0.010 ms clock, 0.054+0.73/0.44/0+0.020 ms cpu, 3->3->0 MB, 4 MB goal, 0 MB stacks, 0 MB globals, 2 P
gc 1036 @52.486s 1%: 0.034+0.79+0.002 ms clock, 0.069+0.78/0.41/0+0.004 ms cpu, 3->3->0 MB, 4 MB goal, 0 MB stacks, 0 MB globals, 2 P
gc 1037 @52.504s 1%: 0.096+0.77+0.035 ms clock, 0.19+0.66/0.43/0+0.070 ms cpu, 3->3->0 MB, 4 MB goal, 0 MB stacks, 0 MB globals, 2 P
gc 1038 @52.522s 1%: 0.027+1.1+0.004 ms clock, 0.055+0.79/0.41/0+0.008 ms cpu, 3->3->0 MB, 4 MB goal, 0 MB stacks, 0 MB globals, 2 P
gc 1039 @52.541s 1%: 0.028+1.2+0.003 ms clock, 0.056+0.61/0.44/0+0.006 ms cpu, 3->3->0 MB, 4 MB goal, 0 MB stacks, 0 MB globals, 2 P
gc 1040 @52.559s 1%: 0.037+0.82+0.002 ms clock, 0.075+0.56/0.53/0+0.005 ms cpu, 3->3->0 MB, 4 MB goal, 0 MB stacks, 0 MB globals, 2 P
gc 1041 @52.577s 1%: 0.016+0.79+0.011 ms clock, 0.032+0.67/0.46/0+0.022 ms cpu, 3->3->0 MB, 4 MB goal, 0 MB stacks, 0 MB globals, 2 P
gc 1042 @52.595s 1%: 0.039+1.0+0.022 ms clock, 0.079+0.67/0.49/0+0.044 ms cpu, 3->3->0 MB, 4 MB goal, 0 MB stacks, 0 MB globals, 2 P
gc 1043 @52.614s 1%: 0.026+0.66+0.012 ms clock, 0.053+0.66/0.36/0+0.025 ms cpu, 3->3->0 MB, 4 MB goal, 0 MB stacks, 0 MB globals, 2 P
gc 1044 @52.632s 1%: 0.032+0.69+0.003 ms clock, 0.065+0.69/0.34/0+0.007 ms cpu, 3->3->0 MB, 4 MB goal, 0 MB stacks, 0 MB globals, 2 P
gc 1045 @52.650s 1%: 0.046+0.68+0.004 ms clock, 0.093+0.70/0.32/0+0.008 ms cpu, 3->3->0 MB, 4 MB goal, 0 MB stacks, 0 MB globals, 2 P
gc 1046 @52.668s 1%: 0.041+0.68+0.003 ms clock, 0.082+0.63/0.38/0+0.006 ms cpu, 3->3->0 MB, 4 MB goal, 0 MB stacks, 0 MB globals, 2 P
gc 1047 @52.686s 1%: 0.034+0.71+0.007 ms clock, 0.068+0.73/0.33/0+0.015 ms cpu, 3->3->0 MB, 4 MB goal, 0 MB stacks, 0 MB globals, 2 P
gc 1048 @52.704s 1%: 0.016+0.63+0.022 ms clock, 0.033+0.24/0.32/0.41+0.044 ms cpu, 3->3->0 MB, 4 MB goal, 0 MB stacks, 0 MB globals, 2 P
gc 1049 @52.722s 1%: 0.046+0.90+0.005 ms clock, 0.093+0.42/0.50/0+0.010 ms cpu, 3->3->0 MB, 4 MB goal, 0 MB stacks, 0 MB globals, 2 P
gc 1050 @52.740s 1%: 0.012+0.77+0.009 ms clock, 0.025+0.71/0.38/0+0.019 ms cpu, 3->3->0 MB, 4 MB goal, 0 MB stacks, 0 MB globals, 2 P
gc 1051 @52.759s 1%: 0.033+0.81+0.052 ms clock, 0.066+0.76/0.42/0+0.10 ms cpu, 3->3->0 MB, 4 MB goal, 0 MB stacks, 0 MB globals, 2 P
gc 1052 @52.777s 1%: 0.018+1.1+0.004 ms clock, 0.036+0.38/0.50/0+0.008 ms cpu, 3->3->0 MB, 4 MB goal, 0 MB stacks, 0 MB globals, 2 P
gc 1053 @52.795s 1%: 0.018+1.0+0.003 ms clock, 0.037+0.59/0.50/0+0.007 ms cpu, 3->3->0 MB, 4 MB goal, 0 MB stacks, 0 MB globals, 2 P
gc 1054 @52.814s 1%: 0.51+0.65+0.028 ms clock, 1.0+0.64/0.59/0+0.056 ms cpu, 3->3->0 MB, 4 MB goal, 0 MB stacks, 0 MB globals, 2 P
gc 1055 @52.832s 1%: 0.014+0.71+0.003 ms clock, 0.028+0.74/0.36/0+0.006 ms cpu, 3->3->0 MB, 4 MB goal, 0 MB stacks, 0 MB globals, 2 P
gc 1056 @52.851s 1%: 0.067+0.71+0.011 ms clock, 0.13+0.71/0.35/0+0.022 ms cpu, 3->3->0 MB, 4 MB goal, 0 MB stacks, 0 MB globals, 2 P
gc 1057 @52.869s 1%: 0.92+0.58+0.002 ms clock, 1.8+0.47/0.53/0+0.005 ms cpu, 3->3->1 MB, 4 MB goal, 0 MB stacks, 0 MB globals, 2 P
gc 1058 @52.888s 1%: 0.039+0.81+0.019 ms clock, 0.079+0.72/0.38/0+0.038 ms cpu, 3->3->0 MB, 4 MB goal, 0 MB stacks, 0 MB globals, 2 P
gc 1059 @52.905s 1%: 0.022+0.78+0.025 ms clock, 0.045+0.79/0.35/0+0.050 ms cpu, 3->3->0 MB, 4 MB goal, 0 MB stacks, 0 MB globals, 2 P
gc 1060 @52.922s 1%: 0.033+1.0+0.043 ms clock, 0.066+0.68/0.36/0+0.086 ms cpu, 3->3->0 MB, 4 MB goal, 0 MB stacks, 0 MB globals, 2 P
gc 1061 @52.940s 1%: 0.035+0.68+0.003 ms clock, 0.070+0.67/0.37/0+0.007 ms cpu, 3->3->0 MB, 4 MB goal, 0 MB stacks, 0 MB globals, 2 P
gc 1062 @52.957s 1%: 0.015+0.77+0.014 ms clock, 0.031+0.66/0.39/0+0.029 ms cpu, 3->3->0 MB, 4 MB goal, 0 MB stacks, 0 MB globals, 2 P
gc 1063 @52.975s 1%: 0.014+0.73+0.034 ms clock, 0.029+0.75/0.37/0+0.068 ms cpu, 3->3->0 MB, 4 MB goal, 0 MB stacks, 0 MB globals, 2 P
gc 1064 @52.993s 1%: 0.038+1.0+0.018 ms clock, 0.077+0.59/0.38/0+0.036 ms cpu, 3->3->0 MB, 4 MB goal, 0 MB stacks, 0 MB globals, 2 P
gc 1065 @53.010s 1%: 0.017+1.0+0.003 ms clock, 0.034+0.76/0.46/0+0.006 ms cpu, 3->3->0 MB, 4 MB goal, 0 MB stacks, 0 MB globals, 2 P
gc 1066 @53.027s 1%: 0.022+0.78+0.030 ms clock, 0.045+0.76/0.39/0+0.061 ms cpu, 3->3->0 MB, 4 MB goal, 0 MB stacks, 0 MB globals, 2 P
gc 1067 @53.044s 1%: 0.023+0.73+0.029 ms clock, 0.046+0.61/0.42/0+0.058 ms cpu, 3->3->0 MB, 4 MB goal, 0 MB stacks, 0 MB globals, 2 P
gc 1068 @53.060s 1%: 0.028+0.84+0.006 ms clock, 0.057+0.67/0.41/0+0.013 ms cpu, 3->3->0 MB, 4 MB goal, 0 MB stacks, 0 MB globals, 2 P
gc 1069 @53.077s 1%: 0.078+1.1+0.002 ms clock, 0.15+0.65/0.46/0+0.005 ms cpu, 3->3->0 MB, 4 MB goal, 0 MB stacks, 0 MB globals, 2 P
gc 1070 @53.094s 1%: 0.039+0.81+0.005 ms clock, 0.079+0.79/0.37/0+0.010 ms cpu, 3->3->0 MB, 4 MB goal, 0 MB stacks, 0 MB globals, 2 P
gc 1071 @53.112s 1%: 0.014+1.0+0.015 ms clock, 0.028+0.79/0.48/0+0.031 ms cpu, 3->3->0 MB, 4 MB goal, 0 MB stacks, 0 MB globals, 2 P
gc 1072 @53.130s 1%: 0.021+0.91+0.024 ms clock, 0.042+0.61/0.55/0+0.048 ms cpu, 3->3->0 MB, 4 MB goal, 0 MB stacks, 0 MB globals, 2 P
gc 1073 @53.148s 1%: 0.041+0.74+0.011 ms clock, 0.082+0.66/0.37/0+0.023 ms cpu, 3->3->0 MB, 4 MB goal, 0 MB stacks, 0 MB globals, 2 P
gc 1074 @53.166s 1%: 0.32+0.69+0.010 ms clock, 0.65+0.40/0.56/0+0.020 ms cpu, 3->3->0 MB, 4 MB goal, 0 MB stacks, 0 MB globals, 2 P
gc 1075 @53.184s 1%: 0.046+0.82+0.011 ms clock, 0.092+0.61/0.53/0+0.022 ms cpu, 3->3->0 MB, 4 MB goal, 0 MB stacks, 0 MB globals, 2 P
gc 1076 @53.202s 1%: 0.87+0.28+0.019 ms clock, 1.7+0.39/0.66/0+0.039 ms cpu, 3->3->0 MB, 4 MB goal, 0 MB stacks, 0 MB globals, 2 P
gc 1077 @53.220s 1%: 0.036+0.70+0.003 ms clock, 0.072+0.70/0.37/0+0.007 ms cpu, 3->3->0 MB, 4 MB goal, 0 MB stacks, 0 MB globals, 2 P
gc 1078 @53.237s 1%: 0.048+0.74+0.023 ms clock, 0.097+0.64/0.49/0+0.046 ms cpu, 3->3->0 MB, 4 MB goal, 0 MB stacks, 0 MB globals, 2 P
gc 1079 @53.255s 1%: 0.096+1.0+0.073 ms clock, 0.19+0.72/0.35/0+0.14 ms cpu, 3->3->0 MB, 4 MB goal, 0 MB stacks, 0 MB globals, 2 P
gc 1080 @53.272s 1%: 0.024+0.71+0.004 ms clock, 0.048+0.63/0.39/0+0.009 ms cpu, 3->3->0 MB, 4 MB goal, 0 MB stacks, 0 MB globals, 2 P
gc 1081 @53.289s 1%: 0.36+0.49+0.030 ms clock, 0.73+0.46/0.52/0+0.060 ms cpu, 3->3->0 MB, 4 MB goal, 0 MB stacks, 0 MB globals, 2 P
gc 1082 @53.306s 1%: 0.040+0.79+0.005 ms clock, 0.080+0.68/0.45/0+0.011 ms cpu, 3->3->0 MB, 4 MB goal, 0 MB stacks, 0 MB globals, 2 P
gc 1083 @53.323s 1%: 0.056+0.66+0.003 ms clock, 0.11+0.52/0.45/0+0.007 ms cpu, 3->3->0 MB, 4 MB goal, 0 MB stacks, 0 MB globals, 2 P
gc 1084 @53.341s 1%: 0.032+0.72+0.003 ms clock, 0.064+0.72/0.37/0+0.007 ms cpu, 3->3->0 MB, 4 MB goal, 0 MB stacks, 0 MB globals, 2 P
gc 1085 @53.359s 1%: 0.048+0.77+0.017 ms clock, 0.096+0.62/0.47/0+0.035 ms cpu, 3->3->0 MB, 4 MB goal, 0 MB stacks, 0 MB globals, 2 P
gc 1086 @53.377s 1%: 0.037+0.70+0.016 ms clock, 0.074+0.62/0.40/0+0.033 ms cpu, 3->3->0 MB, 4 MB goal, 0 MB stacks, 0 MB globals, 2 P
gc 1087 @53.395s 1%: 0.12+0.64+0.003 ms clock, 0.24+0.69/0.35/0+0.006 ms cpu, 3->3->0 MB, 4 MB goal, 0 MB stacks, 0 MB globals, 2 P
gc 1088 @53.413s 1%: 0.031+0.76+0.014 ms clock, 0.063+0.71/0.41/0+0.028 ms cpu, 3->3->0 MB, 4 MB goal, 0 MB stacks, 0 MB globals, 2 P
gc 1089 @53.432s 1%: 0.019+0.73+0.017 ms clock, 0.038+0.70/0.34/0+0.034 ms cpu, 3->3->0 MB, 4 MB goal, 0 MB stacks, 0 MB globals, 2 P
gc 1090 @53.450s 1%: 0.20+0.64+0.003 ms clock, 0.41+0.49/0.46/0+0.007 ms cpu, 3->3->0 MB, 4 MB goal, 0 MB stacks, 0 MB globals, 2 P
gc 1091 @53.468s 1%: 0.020+1.0+0.003 ms clock, 0.040+0.60/0.46/0+0.006 ms cpu, 3->3->0 MB, 4 MB goal, 0 MB stacks, 0 MB globals, 2 P
gc 1092 @53.486s 1%: 0.033+0.97+0.003 ms clock, 0.067+0.45/0.51/0+0.007 ms cpu, 3->3->0 MB, 4 MB goal, 0 MB stacks, 0 MB globals, 2 P
gc 1093 @53.505s 1%: 0.018+0.86+0.030 ms clock, 0.037+0.57/0.56/0+0.061 ms cpu, 3->3->0 MB, 4 MB goal, 0 MB stacks, 0 MB globals, 2 P
gc 1094 @53.523s 1%: 0.041+0.75+0.036 ms clock, 0.082+0.68/0.43/0+0.072 ms cpu, 3->3->0 MB, 4 MB goal, 0 MB stacks, 0 MB globals, 2 P
gc 1095 @53.541s 1%: 0.035+0.68+0.014 ms clock, 0.071+0.64/0.40/0+0.028 ms cpu, 3->3->0 MB, 4 MB goal, 0 MB stacks, 0 MB globals, 2 P
gc 1096 @53.560s 1%: 0.060+0.68+0.022 ms clock, 0.12+0.55/0.48/0+0.045 ms cpu, 3->3->0 MB, 4 MB goal, 0 MB stacks, 0 MB globals, 2 P
gc 1097 @53.579s 1%: 0.015+0.97+0.005 ms clock, 0.030+0.66/0.52/0+0.010 ms cpu, 3->3->0 MB, 4 MB goal, 0 MB stacks, 0 MB globals, 2 P
gc 1098 @53.598s 1%: 0.028+0.72+0.033 ms clock, 0.056+0.62/0.40/0+0.066 ms cpu, 3->3->0 MB, 4 MB goal, 0 MB stacks, 0 MB globals, 2 P
gc 1099 @53.616s 1%: 0.022+0.72+0.002 ms clock, 0.044+0.66/0.38/0+0.005 ms cpu, 3->3->0 MB, 4 MB goal, 0 MB stacks, 0 MB globals, 2 P
gc 1100 @53.635s 1%: 0.026+0.70+0.017 ms clock, 0.052+0.62/0.40/0+0.035 ms cpu, 3->3->0 MB, 4 MB goal, 0 MB stacks, 0 MB globals, 2 P
gc 1101 @53.653s 1%: 1.2+0.33+0.020 ms clock, 2.5+0.35/0.73/0+0.041 ms cpu, 3->3->0 MB, 4 MB goal, 0 MB stacks, 0 MB globals, 2 P
gc 1102 @53.671s 1%: 0.30+0.58+0.046 ms clock, 0.60+0.46/0.47/0+0.092 ms cpu, 3->3->0 MB, 4 MB goal, 0 MB stacks, 0 MB globals, 2 P
gc 1103 @53.689s 1%: 0.058+1.1+0.006 ms clock, 0.11+0.64/0.45/0+0.012 ms cpu, 3->3->0 MB, 4 MB goal, 0 MB stacks, 0 MB globals, 2 P
gc 1104 @53.708s 1%: 0.013+0.98+0.028 ms clock, 0.027+0.59/0.51/0+0.056 ms cpu, 3->3->0 MB, 4 MB goal, 0 MB stacks, 0 MB globals, 2 P
gc 1105 @53.726s 1%: 0.021+0.74+0.008 ms clock, 0.043+0.66/0.39/0+0.016 ms cpu, 3->3->0 MB, 4 MB goal, 0 MB stacks, 0 MB globals, 2 P
gc 1106 @53.745s 1%: 0.062+0.97+0.005 ms clock, 0.12+0.62/0.36/0+0.011 ms cpu, 3->3->0 MB, 4 MB goal, 0 MB stacks, 0 MB globals, 2 P
gc 1107 @53.763s 1%: 0.031+0.78+0.036 ms clock, 0.063+0.80/0.40/0+0.072 ms cpu, 3->3->0 MB, 4 MB goal, 0 MB stacks, 0 MB globals, 2 P
gc 1108 @53.780s 1%: 0.038+0.79+0.013 ms clock, 0.077+0.70/0.42/0+0.026 ms cpu, 3->3->0 MB, 4 MB goal, 0 MB stacks, 0 MB globals, 2 P
gc 1109 @53.798s 1%: 0.027+0.71+0.003 ms clock, 0.055+0.66/0.38/0+0.007 ms cpu, 3->3->0 MB, 4 MB goal, 0 MB stacks, 0 MB globals, 2 P
gc 1110 @53.815s 1%: 0.037+1.3+0.013 ms clock, 0.075+0.67/0.47/0+0.026 ms cpu, 3->3->0 MB, 4 MB goal, 0 MB stacks, 0 MB globals, 2 P
gc 1111 @53.832s 1%: 0.053+0.72+0.010 ms clock, 0.10+0.68/0.38/0+0.021 ms cpu, 3->3->0 MB, 4 MB goal, 0 MB stacks, 0 MB globals, 2 P
gc 1112 @53.850s 1%: 0.016+0.72+0.013 ms clock, 0.033+0.68/0.36/0+0.027 ms cpu, 3->3->0 MB, 4 MB goal, 0 MB stacks, 0 MB globals, 2 P
gc 1113 @53.868s 1%: 0.027+0.76+0.009 ms clock, 0.054+0.72/0.39/0+0.019 ms cpu, 3->3->0 MB, 4 MB goal, 0 MB stacks, 0 MB globals, 2 P
gc 1114 @53.885s 1%: 0.016+0.80+0.013 ms clock, 0.032+0.69/0.43/0+0.027 ms cpu, 3->3->0 MB, 4 MB goal, 0 MB stacks, 0 MB globals, 2 P
gc 1115 @53.903s 1%: 0.31+0.52+0.017 ms clock, 0.62+0.47/0.50/0+0.034 ms cpu, 3->3->0 MB, 4 MB goal, 0 MB stacks, 0 MB globals, 2 P
gc 1116 @53.921s 1%: 0.014+0.87+0.020 ms clock, 0.028+0.71/0.43/0+0.040 ms cpu, 3->3->0 MB, 4 MB goal, 0 MB stacks, 0 MB globals, 2 P
gc 1117 @53.939s 1%: 0.028+1.2+0.011 ms clock, 0.056+0.62/0.38/0+0.022 ms cpu, 3->3->0 MB, 4 MB goal, 0 MB stacks, 0 MB globals, 2 P
gc 1118 @53.957s 1%: 0.043+0.75+0.011 ms clock, 0.087+0.58/0.45/0+0.022 ms cpu, 3->3->0 MB, 4 MB goal, 0 MB stacks, 0 MB globals, 2 P
gc 1119 @53.975s 1%: 0.011+0.74+0.023 ms clock, 0.023+0.75/0.32/0+0.046 ms cpu, 3->3->0 MB, 4 MB goal, 0 MB stacks, 0 MB globals, 2 P
gc 1120 @53.992s 1%: 0.47+0.58+0.003 ms clock, 0.95+0.36/0.77/0+0.007 ms cpu, 3->3->0 MB, 4 MB goal, 0 MB stacks, 0 MB globals, 2 P
gc 1121 @54.009s 1%: 0.016+0.73+0.004 ms clock, 0.033+0.70/0.37/0.018+0.008 ms cpu, 3->3->0 MB, 4 MB goal, 0 MB stacks, 0 MB globals, 2 P
gc 1122 @54.026s 1%: 0.014+1.1+0.079 ms clock, 0.029+0.70/0.48/0+0.15 ms cpu, 3->3->0 MB, 4 MB goal, 0 MB stacks, 0 MB globals, 2 P
gc 1123 @54.043s 1%: 0.033+1.0+0.004 ms clock, 0.066+0.83/0.46/0+0.009 ms cpu, 3->3->0 MB, 4 MB goal, 0 MB stacks, 0 MB globals, 2 P
gc 1124 @54.060s 1%: 0.025+0.74+0.023 ms clock, 0.050+0.65/0.35/0+0.047 ms cpu, 3->3->0 MB, 4 MB goal, 0 MB stacks, 0 MB globals, 2 P
gc 1125 @54.076s 1%: 0.030+0.70+0.004 ms clock, 0.061+0.71/0.36/0+0.008 ms cpu, 3->3->0 MB, 4 MB goal, 0 MB stacks, 0 MB globals, 2 P
gc 1126 @54.093s 1%: 0.025+0.77+0.003 ms clock, 0.050+0.70/0.50/0+0.006 ms cpu, 3->3->0 MB, 4 MB goal, 0 MB stacks, 0 MB globals, 2 P
gc 1127 @54.109s 1%: 0.014+0.76+0.004 ms clock, 0.029+0.70/0.42/0+0.008 ms cpu, 3->3->0 MB, 4 MB goal, 0 MB stacks, 0 MB globals, 2 P
gc 1128 @54.126s 1%: 0.38+0.54+0.003 ms clock, 0.76+0.36/0.62/0+0.007 ms cpu, 3->3->0 MB, 4 MB goal, 0 MB stacks, 0 MB globals, 2 P
gc 1129 @54.143s 1%: 0.022+0.84+0.017 ms clock, 0.044+0.69/0.42/0+0.035 ms cpu, 3->3->0 MB, 4 MB goal, 0 MB stacks, 0 MB globals, 2 P
gc 1130 @54.161s 1%: 0.055+0.73+0.004 ms clock, 0.11+0.74/0.37/0+0.008 ms cpu, 3->3->0 MB, 4 MB goal, 0 MB stacks, 0 MB globals, 2 P
gc 1131 @54.178s 1%: 0.14+0.93+0.021 ms clock, 0.29+0.58/0.67/0+0.043 ms cpu, 3->3->0 MB, 4 MB goal, 0 MB stacks, 0 MB globals, 2 P
gc 1132 @54.195s 1%: 0.015+0.73+0.004 ms clock, 0.031+0.75/0.35/0+0.008 ms cpu, 3->3->0 MB, 4 MB goal, 0 MB stacks, 0 MB globals, 2 P
gc 1133 @54.214s 1%: 0.055+0.87+0.013 ms clock, 0.11+0.81/0.43/0+0.026 ms cpu, 3->3->0 MB, 4 MB goal, 0 MB stacks, 0 MB globals, 2 P
gc 1134 @54.232s 1%: 0.041+1.5+0.002 ms clock, 0.082+0.49/0.26/0+0.005 ms cpu, 3->3->1 MB, 4 MB goal, 0 MB stacks, 0 MB globals, 2 P
gc 1135 @54.250s 1%: 0.026+0.68+0.013 ms clock, 0.052+0.64/0.37/0+0.027 ms cpu, 3->3->0 MB, 4 MB goal, 0 MB stacks, 0 MB globals, 2 P
gc 1136 @54.268s 1%: 0.077+0.68+0.004 ms clock, 0.15+0.72/0.35/0+0.009 ms cpu, 3->3->0 MB, 4 MB goal, 0 MB stacks, 0 MB globals, 2 P
gc 1137 @54.287s 1%: 0.014+0.89+0.009 ms clock, 0.028+0.84/0.33/0+0.019 ms cpu, 3->3->0 MB, 4 MB goal, 0 MB stacks, 0 MB globals, 2 P
gc 1138 @54.305s 1%: 0.034+0.90+0.022 ms clock, 0.068+0.63/0.42/0+0.045 ms cpu, 3->3->0 MB, 4 MB goal, 0 MB stacks, 0 MB globals, 2 P
gc 1139 @54.323s 1%: 0.020+0.69+0.003 ms clock, 0.040+0.67/0.37/0+0.007 ms cpu, 3->3->0 MB, 4 MB goal, 0 MB stacks, 0 MB globals, 2 P
gc 1140 @54.341s 1%: 0.032+0.89+0.006 ms clock, 0.064+0.66/0.49/0+0.013 ms cpu, 3->3->0 MB, 4 MB goal, 0 MB stacks, 0 MB globals, 2 P
gc 1141 @54.359s 1%: 0.035+0.99+0.004 ms clock, 0.071+0.70/0.46/0+0.009 ms cpu, 3->3->0 MB, 4 MB goal, 0 MB stacks, 0 MB globals, 2 P
gc 1142 @54.377s 1%: 0.059+1.4+0.018 ms clock, 0.11+0.38/0.33/0+0.036 ms cpu, 3->3->0 MB, 4 MB goal, 0 MB stacks, 0 MB globals, 2 P
gc 1143 @54.396s 1%: 0.016+0.69+0.004 ms clock, 0.032+0.66/0.34/0+0.009 ms cpu, 3->3->0 MB, 4 MB goal, 0 MB stacks, 0 MB globals, 2 P
gc 1144 @54.414s 1%: 0.020+0.82+0.004 ms clock, 0.040+0.72/0.44/0+0.008 ms cpu, 3->3->0 MB, 4 MB goal, 0 MB stacks, 0 MB globals, 2 P
gc 1145 @54.432s 1%: 0.13+1.1+0.016 ms clock, 0.26+0.53/0.43/0+0.033 ms cpu, 3->3->0 MB, 4 MB goal, 0 MB stacks, 0 MB globals, 2 P
gc 1146 @54.450s 1%: 0.039+0.68+0.003 ms clock, 0.078+0.68/0.37/0+0.006 ms cpu, 3->3->0 MB, 4 MB goal, 0 MB stacks, 0 MB globals, 2 P
gc 1147 @54.468s 1%: 0.035+0.67+0.015 ms clock, 0.070+0.71/0.34/0+0.030 ms cpu, 3->3->0 MB, 4 MB goal, 0 MB stacks, 0 MB globals, 2 P
gc 1148 @54.486s 1%: 0.040+0.93+0.003 ms clock, 0.081+0.80/0.43/0+0.007 ms cpu, 3->3->0 MB, 4 MB goal, 0 MB stacks, 0 MB globals, 2 P
gc 1149 @54.504s 1%: 0.046+0.68+0.008 ms clock, 0.093+0.65/0.34/0+0.016 ms cpu, 3->3->0 MB, 4 MB goal, 0 MB stacks, 0 MB globals, 2 P
gc 1150 @54.521s 1%: 0.024+0.73+0.003 ms clock, 0.049+0.54/0.53/0+0.007 ms cpu, 3->3->0 MB, 4 MB goal, 0 MB stacks, 0 MB globals, 2 P
gc 1151 @54.539s 1%: 0.038+0.63+0.026 ms clock, 0.077+0.68/0.32/0+0.052 ms cpu, 3->3->0 MB, 4 MB goal, 0 MB stacks, 0 MB globals, 2 P
gc 1152 @54.557s 1%: 0.018+0.64+0.002 ms clock, 0.037+0.58/0.43/0+0.005 ms cpu, 3->3->0 MB, 4 MB goal, 0 MB stacks, 0 MB globals, 2 P
gc 1153 @54.574s 1%: 0.016+0.74+0.015 ms clock, 0.032+0.66/0.41/0+0.030 ms cpu, 3->3->0 MB, 4 MB goal, 0 MB stacks, 0 MB globals, 2 P
gc 1154 @54.593s 1%: 0.035+0.72+0.021 ms clock, 0.070+0.68/0.44/0+0.042 ms cpu, 3->3->0 MB, 4 MB goal, 0 MB stacks, 0 MB globals, 2 P
gc 1155 @54.611s 1%: 0.018+0.83+0.010 ms clock, 0.036+0.57/0.41/0+0.021 ms cpu, 3->3->0 MB, 4 MB goal, 0 MB stacks, 0 MB globals, 2 P
gc 1156 @54.629s 1%: 0.038+0.68+0.003 ms clock, 0.076+0.64/0.37/0+0.006 ms cpu, 3->3->0 MB, 4 MB goal, 0 MB stacks, 0 MB globals, 2 P
gc 1157 @54.648s 1%: 0.024+0.81+0.033 ms clock, 0.048+0.72/0.44/0+0.067 ms cpu, 3->3->0 MB, 4 MB goal, 0 MB stacks, 0 MB globals, 2 P
gc 1158 @54.666s 1%: 0.016+0.73+0.003 ms clock, 0.033+0.70/0.37/0+0.007 ms cpu, 3->3->0 MB, 4 MB goal, 0 MB stacks, 0 MB globals, 2 P
gc 1159 @54.685s 1%: 0.022+0.78+0.020 ms clock, 0.045+0.68/0.36/0+0.041 ms cpu, 3->3->0 MB, 4 MB goal, 0 MB stacks, 0 MB globals, 2 P
gc 1160 @54.703s 1%: 0.022+0.89+0.020 ms clock, 0.045+0.58/0.56/0+0.041 ms cpu, 3->3->0 MB, 4 MB goal, 0 MB stacks, 0 MB globals, 2 P
gc 1161 @54.721s 1%: 1.0+0.52+0.023 ms clock, 2.0+0.31/0.58/0+0.046 ms cpu, 3->3->1 MB, 4 MB goal, 0 MB stacks, 0 MB globals, 2 P
gc 1162 @54.739s 1%: 0.018+0.81+0.010 ms clock, 0.036+0.56/0.38/0+0.021 ms cpu, 3->3->0 MB, 4 MB goal, 0 MB stacks, 0 MB globals, 2 P
gc 1163 @54.758s 1%: 0.035+0.71+0.039 ms clock, 0.070+0.69/0.35/0+0.079 ms cpu, 3->3->0 MB, 4 MB goal, 0 MB stacks, 0 MB globals, 2 P
gc 1164 @54.776s 1%: 0.031+0.86+0.010 ms clock, 0.062+0.65/0.47/0+0.021 ms cpu, 3->3->0 MB, 4 MB goal, 0 MB stacks, 0 MB globals, 2 P
gc 1165 @54.794s 1%: 0.024+0.74+0.003 ms clock, 0.048+0.71/0.35/0+0.007 ms cpu, 3->3->0 MB, 4 MB goal, 0 MB stacks, 0 MB globals, 2 P
gc 1166 @54.812s 1%: 0.024+0.81+0.017 ms clock, 0.048+0.64/0.41/0+0.034 ms cpu, 3->3->0 MB, 4 MB goal, 0 MB stacks, 0 MB globals, 2 P
gc 1167 @54.830s 1%: 0.045+0.67+0.003 ms clock, 0.091+0.56/0.44/0+0.006 ms cpu, 3->3->0 MB, 4 MB goal, 0 MB stacks, 0 MB globals, 2 P
gc 1168 @54.848s 1%: 0.11+1.2+0.019 ms clock, 0.23+0.59/0.42/0.070+0.038 ms cpu, 3->3->0 MB, 4 MB goal, 0 MB stacks, 0 MB globals, 2 P
gc 1169 @54.866s 1%: 0.033+0.70+0.010 ms clock, 0.066+0.56/0.44/0+0.021 ms cpu, 3->3->0 MB, 4 MB goal, 0 MB stacks, 0 MB globals, 2 P
gc 1170 @54.884s 1%: 0.015+0.72+0.012 ms clock, 0.030+0.81/0.33/0+0.024 ms cpu, 3->3->0 MB, 4 MB goal, 0 MB stacks, 0 MB globals, 2 P
gc 1171 @54.901s 1%: 0.023+0.76+0.004 ms clock, 0.047+0.58/0.52/0+0.008 ms cpu, 3->3->0 MB, 4 MB goal, 0 MB stacks, 0 MB globals, 2 P
gc 1172 @54.919s 1%: 0.022+0.75+0.002 ms clock, 0.045+0.75/0.38/0+0.005 ms cpu, 3->3->0 MB, 4 MB goal, 0 MB stacks, 0 MB globals, 2 P
gc 1173 @54.937s 1%: 0.013+0.81+0.005 ms clock, 0.027+0.70/0.44/0+0.011 ms cpu, 3->3->0 MB, 4 MB goal, 0 MB stacks, 0 MB globals, 2 P
gc 1174 @54.955s 1%: 0.022+0.82+0.020 ms clock, 0.045+0.60/0.53/0.049+0.041 ms cpu, 3->3->0 MB, 4 MB goal, 0 MB stacks, 0 MB globals, 2 P
gc 1175 @54.972s 1%: 0.017+0.77+0.023 ms clock, 0.035+0.59/0.46/0+0.046 ms cpu, 3->3->0 MB, 4 MB goal, 0 MB stacks, 0 MB globals, 2 P
gc 1176 @54.991s 1%: 0.019+0.83+0.018 ms clock, 0.038+0.66/0.48/0+0.036 ms cpu, 3->3->0 MB, 4 MB goal, 0 MB stacks, 0 MB globals, 2 P
gc 1177 @55.009s 1%: 0.032+0.91+0.003 ms clock, 0.065+0.67/0.45/0+0.006 ms cpu, 3->3->0 MB, 4 MB goal, 0 MB stacks, 0 MB globals, 2 P
gc 1178 @55.027s 1%: 0.033+0.67+0.008 ms clock, 0.067+0.72/0.30/0+0.016 ms cpu, 3->3->0 MB, 4 MB goal, 0 MB stacks, 0 MB globals, 2 P
gc 1179 @55.046s 1%: 1.2+0.60+0.003 ms clock, 2.4+0.53/0.31/0+0.007 ms cpu, 3->3->1 MB, 4 MB goal, 0 MB stacks, 0 MB globals, 2 P
gc 1180 @55.064s 1%: 0.023+0.79+0.004 ms clock, 0.047+0.59/0.35/0+0.008 ms cpu, 3->3->0 MB, 4 MB goal, 0 MB stacks, 0 MB globals, 2 P
gc 1181 @55.083s 1%: 0.022+0.85+0.003 ms clock, 0.044+0.63/0.56/0+0.006 ms cpu, 3->3->0 MB, 4 MB goal, 0 MB stacks, 0 MB globals, 2 P
gc 1182 @55.101s 1%: 0.016+0.79+0.003 ms clock, 0.033+0.81/0.35/0+0.006 ms cpu, 3->3->0 MB, 4 MB goal, 0 MB stacks, 0 MB globals, 2 P
gc 1183 @55.118s 1%: 0.018+0.74+0.003 ms clock, 0.036+0.69/0.42/0+0.006 ms cpu, 3->3->0 MB, 4 MB goal, 0 MB stacks, 0 MB globals, 2 P
gc 1184 @55.135s 1%: 0.10+0.65+0.032 ms clock, 0.20+0.69/0.31/0+0.065 ms cpu, 3->3->0 MB, 4 MB goal, 0 MB stacks, 0 MB globals, 2 P
gc 1185 @55.152s 1%: 0.033+0.75+0.003 ms clock, 0.066+0.61/0.44/0+0.007 ms cpu, 3->3->0 MB, 4 MB goal, 0 MB stacks, 0 MB globals, 2 P
gc 1186 @55.169s 1%: 0.013+0.68+0.008 ms clock, 0.026+0.67/0.36/0+0.017 ms cpu, 3->3->0 MB, 4 MB goal, 0 MB stacks, 0 MB globals, 2 P
gc 1187 @55.186s 1%: 0.020+1.0+0.012 ms clock, 0.040+0.62/0.37/0+0.024 ms cpu, 3->3->0 MB, 4 MB goal, 0 MB stacks, 0 MB globals, 2 P
gc 1188 @55.204s 1%: 0.016+0.71+0.047 ms clock, 0.032+0.64/0.34/0+0.095 ms cpu, 3->3->0 MB, 4 MB goal, 0 MB stacks, 0 MB globals, 2 P
gc 1189 @55.223s 1%: 0.20+0.52+0.013 ms clock, 0.40+0.51/0.48/0+0.026 ms cpu, 3->3->0 MB, 4 MB goal, 0 MB stacks, 0 MB globals, 2 P
gc 1190 @55.242s 1%: 0.12+1.2+0.066 ms clock, 0.24+0.62/0.40/0+0.13 ms cpu, 3->3->0 MB, 4 MB goal, 0 MB stacks, 0 MB globals, 2 P
gc 1191 @55.260s 1%: 0.038+0.73+0.021 ms clock, 0.077+0.65/0.43/0+0.042 ms cpu, 3->3->0 MB, 4 MB goal, 0 MB stacks, 0 MB globals, 2 P
gc 1192 @55.278s 1%: 0.013+0.97+0.016 ms clock, 0.026+0.69/0.50/0+0.033 ms cpu, 3->3->0 MB, 4 MB goal, 0 MB stacks, 0 MB globals, 2 P
gc 1193 @55.296s 1%: 0.049+0.80+0.049 ms clock, 0.098+0.58/0.51/0+0.098 ms cpu, 3->3->0 MB, 4 MB goal, 0 MB stacks, 0 MB globals, 2 P
gc 1194 @55.315s 1%: 0.023+1.1+0.005 ms clock, 0.046+0.74/0.50/0+0.010 ms cpu, 3->3->0 MB, 4 MB goal, 0 MB stacks, 0 MB globals, 2 P
gc 1195 @55.333s 1%: 0.015+0.69+0.034 ms clock, 0.030+0.63/0.37/0+0.068 ms cpu, 3->3->0 MB, 4 MB goal, 0 MB stacks, 0 MB globals, 2 P
gc 1196 @55.351s 1%: 0.040+1.3+0.003 ms clock, 0.081+0.66/0.37/0+0.007 ms cpu, 3->3->0 MB, 4 MB goal, 0 MB stacks, 0 MB globals, 2 P
gc 1197 @55.369s 1%: 0.017+0.83+0.013 ms clock, 0.034+0.75/0.42/0+0.027 ms cpu, 3->3->0 MB, 4 MB goal, 0 MB stacks, 0 MB globals, 2 P
gc 1198 @55.387s 1%: 0.046+1.2+0.005 ms clock, 0.092+0.41/0.30/0+0.010 ms cpu, 3->3->0 MB, 4 MB goal, 0 MB stacks, 0 MB globals, 2 P
gc 1199 @55.405s 1%: 0.031+0.90+0.024 ms clock, 0.062+0.59/0.58/0+0.048 ms cpu, 3->3->0 MB, 4 MB goal, 0 MB stacks, 0 MB globals, 2 P
gc 1200 @55.423s 1%: 0.040+0.88+0.004 ms clock, 0.081+0.73/0.44/0+0.008 ms cpu, 3->3->0 MB, 4 MB goal, 0 MB stacks, 0 MB globals, 2 P
gc 1201 @55.441s 1%: 0.018+1.1+0.002 ms clock, 0.037+0.79/0.41/0+0.005 ms cpu, 3->3->0 MB, 4 MB goal, 0 MB stacks, 0 MB globals, 2 P
gc 1202 @55.458s 1%: 0.063+0.82+0.018 ms clock, 0.12+0.71/0.42/0+0.036 ms cpu, 3->3->0 MB, 4 MB goal, 0 MB stacks, 0 MB globals, 2 P
gc 1203 @55.475s 1%: 0.031+0.92+0.004 ms clock, 0.062+0.61/0.66/0+0.008 ms cpu, 3->3->0 MB, 4 MB goal, 0 MB stacks, 0 MB globals, 2 P
gc 1204 @55.492s 1%: 0.039+1.6+0.013 ms clock, 0.079+0.45/0.27/0+0.026 ms cpu, 3->3->1 MB, 4 MB goal, 0 MB stacks, 0 MB globals, 2 P
gc 1205 @55.509s 1%: 0.031+0.65+0.010 ms clock, 0.063+0.56/0.44/0+0.020 ms cpu, 3->3->0 MB, 4 MB goal, 0 MB stacks, 0 MB globals, 2 P
gc 1206 @55.526s 1%: 0.55+0.44+0.014 ms clock, 1.1+0.40/0.49/0+0.028 ms cpu, 3->3->0 MB, 4 MB goal, 0 MB stacks, 0 MB globals, 2 P
gc 1207 @55.544s 1%: 0.075+0.76+0.039 ms clock, 0.15+0.58/0.47/0+0.079 ms cpu, 3->3->0 MB, 4 MB goal, 0 MB stacks, 0 MB globals, 2 P
gc 1208 @55.562s 1%: 0.12+0.64+0.021 ms clock, 0.24+0.64/0.39/0+0.043 ms cpu, 3->3->0 MB, 4 MB goal, 0 MB stacks, 0 MB globals, 2 P
gc 1209 @55.581s 1%: 0.028+1.0+0.079 ms clock, 0.056+0.69/0.46/0+0.15 ms cpu, 3->3->0 MB, 4 MB goal, 0 MB stacks, 0 MB globals, 2 P
gc 1210 @55.599s 1%: 0.021+0.73+0.014 ms clock, 0.042+0.67/0.45/0+0.028 ms cpu, 3->3->0 MB, 4 MB goal, 0 MB stacks, 0 MB globals, 2 P
gc 1211 @55.617s 1%: 0.024+0.75+0.032 ms clock, 0.048+0.64/0.43/0+0.064 ms cpu, 3->3->0 MB, 4 MB goal, 0 MB stacks, 0 MB globals, 2 P
gc 1212 @55.635s 1%: 0.032+0.82+0.009 ms clock, 0.064+0.58/0.40/0+0.019 ms cpu, 3->3->0 MB, 4 MB goal, 0 MB stacks, 0 MB globals, 2 P
gc 1213 @55.653s 1%: 0.033+1.2+0.003 ms clock, 0.067+0.40/0.23/0+0.006 ms cpu, 3->3->0 MB, 4 MB goal, 0 MB stacks, 0 MB globals, 2 P
gc 1214 @55.670s 1%: 0.43+0.53+0.009 ms clock, 0.86+0.50/0.46/0+0.019 ms cpu, 3->3->0 MB, 4 MB goal, 0 MB stacks, 0 MB globals, 2 P
gc 1215 @55.689s 1%: 0.037+0.67+0.013 ms clock, 0.074+0.61/0.40/0+0.027 ms cpu, 3->3->0 MB, 4 MB goal, 0 MB stacks, 0 MB globals, 2 P
gc 1216 @55.707s 1%: 0.028+1.0+0.004 ms clock, 0.056+0.63/0.41/0+0.009 ms cpu, 3->3->0 MB, 4 MB goal, 0 MB stacks, 0 MB globals, 2 P
gc 1217 @55.725s 1%: 0.48+0.82+0.018 ms clock, 0.96+0.64/0.59/0+0.036 ms cpu, 3->3->0 MB, 4 MB goal, 0 MB stacks, 0 MB globals, 2 P
gc 1218 @55.744s 1%: 0.048+0.88+0.024 ms clock, 0.097+0.54/0.61/0+0.049 ms cpu, 3->3->0 MB, 4 MB goal, 0 MB stacks, 0 MB globals, 2 P
gc 1219 @55.762s 1%: 0.025+0.87+0.022 ms clock, 0.051+0.70/0.44/0+0.044 ms cpu, 3->3->0 MB, 4 MB goal, 0 MB stacks, 0 MB globals, 2 P
gc 1220 @55.781s 1%: 0.045+0.74+0.012 ms clock, 0.090+0.66/0.40/0+0.024 ms cpu, 3->3->0 MB, 4 MB goal, 0 MB stacks, 0 MB globals, 2 P
gc 1221 @55.800s 1%: 1.1+1.1+0.021 ms clock, 2.3+0.39/0.94/0+0.042 ms cpu, 3->3->1 MB, 4 MB goal, 0 MB stacks, 0 MB globals, 2 P
gc 1222 @55.818s 1%: 0.026+0.74+0.009 ms clock, 0.052+0.67/0.38/0+0.019 ms cpu, 3->3->0 MB, 4 MB goal, 0 MB stacks, 0 MB globals, 2 P
gc 1223 @55.836s 1%: 0.038+0.68+0.018 ms clock, 0.076+0.51/0.52/0+0.036 ms cpu, 3->3->0 MB, 4 MB goal, 0 MB stacks, 0 MB globals, 2 P
gc 1224 @55.854s 1%: 0.066+1.0+0.034 ms clock, 0.13+0.59/0.44/0+0.068 ms cpu, 3->3->0 MB, 4 MB goal, 0 MB stacks, 0 MB globals, 2 P
gc 1225 @55.873s 1%: 0.037+1.5+0.002 ms clock, 0.075+0.45/0.31/0+0.005 ms cpu, 3->3->1 MB, 4 MB goal, 0 MB stacks, 0 MB globals, 2 P
gc 1226 @55.891s 1%: 0.029+0.73+0.023 ms clock, 0.059+0.54/0.52/0+0.046 ms cpu, 3->3->0 MB, 4 MB goal, 0 MB stacks, 0 MB globals, 2 P
gc 1227 @55.909s 1%: 0.038+0.79+0.029 ms clock, 0.076+0.59/0.51/0+0.059 ms cpu, 3->3->0 MB, 4 MB goal, 0 MB stacks, 0 MB globals, 2 P
gc 1228 @55.927s 1%: 0.035+1.0+0.079 ms clock, 0.071+0.61/0.39/0+0.15 ms cpu, 3->3->0 MB, 4 MB goal, 0 MB stacks, 0 MB globals, 2 P
gc 1229 @55.945s 1%: 0.66+0.48+0.030 ms clock, 1.3+0.37/0.75/0+0.060 ms cpu, 3->3->0 MB, 4 MB goal, 0 MB stacks, 0 MB globals, 2 P
gc 1230 @55.963s 1%: 0.037+0.68+0.004 ms clock, 0.075+0.63/0.41/0+0.008 ms cpu, 3->3->0 MB, 4 MB goal, 0 MB stacks, 0 MB globals, 2 P
gc 1231 @55.981s 1%: 0.064+1.2+0.031 ms clock, 0.12+0.65/0.43/0+0.063 ms cpu, 3->3->0 MB, 4 MB goal, 0 MB stacks, 0 MB globals, 2 P
gc 1232 @55.999s 1%: 0.012+0.70+0.003 ms clock, 0.024+0.57/0.43/0+0.006 ms cpu, 3->3->0 MB, 4 MB goal, 0 MB stacks, 0 MB globals, 2 P
gc 1233 @56.017s 1%: 0.014+1.0+0.030 ms clock, 0.029+0.55/0.38/0+0.060 ms cpu, 3->3->0 MB, 4 MB goal, 0 MB stacks, 0 MB globals, 2 P
gc 1234 @56.036s 1%: 0.055+0.73+0.003 ms clock, 0.11+0.70/0.35/0+0.007 ms cpu, 3->3->0 MB, 4 MB goal, 0 MB stacks, 0 MB globals, 2 P
gc 1235 @56.053s 1%: 0.030+0.86+0.002 ms clock, 0.061+0.73/0.45/0+0.005 ms cpu, 3->3->0 MB, 4 MB goal, 0 MB stacks, 0 MB globals, 2 P
gc 1236 @56.070s 1%: 0.12+0.94+0.017 ms clock, 0.24+0.65/0.38/0+0.034 ms cpu, 3->3->0 MB, 4 MB goal, 0 MB stacks, 0 MB globals, 2 P
gc 1237 @56.087s 1%: 0.018+0.75+0.018 ms clock, 0.037+0.69/0.43/0+0.036 ms cpu, 3->3->0 MB, 4 MB goal, 0 MB stacks, 0 MB globals, 2 P
gc 1238 @56.104s 1%: 0.051+0.77+0.003 ms clock, 0.10+0.64/0.42/0+0.007 ms cpu, 3->3->0 MB, 4 MB goal, 0 MB stacks, 0 MB globals, 2 P
gc 1239 @56.122s 1%: 0.015+0.87+0.010 ms clock, 0.031+0.57/0.62/0+0.021 ms cpu, 3->3->0 MB, 4 MB goal, 0 MB stacks, 0 MB globals, 2 P
gc 1240 @56.140s 1%: 0.014+0.81+0.037 ms clock, 0.029+0.72/0.46/0+0.074 ms cpu, 3->3->0 MB, 4 MB goal, 0 MB stacks, 0 MB globals, 2 P
gc 1241 @56.158s 1%: 0.017+0.72+0.022 ms clock, 0.034+0.59/0.47/0+0.045 ms cpu, 3->3->0 MB, 4 MB goal, 0 MB stacks, 0 MB globals, 2 P
gc 1242 @56.176s 1%: 0.027+1.3+0.013 ms clock, 0.054+0.70/0.43/0+0.026 ms cpu, 3->3->0 MB, 4 MB goal, 0 MB stacks, 0 MB globals, 2 P
gc 1243 @56.194s 1%: 0.013+0.69+0.021 ms clock, 0.026+0.62/0.40/0+0.042 ms cpu, 3->3->0 MB, 4 MB goal, 0 MB stacks, 0 MB globals, 2 P
gc 1244 @56.213s 1%: 0.025+0.78+0.027 ms clock, 0.051+0.76/0.43/0+0.055 ms cpu, 3->3->0 MB, 4 MB goal, 0 MB stacks, 0 MB globals, 2 P
gc 1245 @56.230s 1%: 0.012+0.85+0.003 ms clock, 0.024+0.72/0.46/0+0.007 ms cpu, 3->3->0 MB, 4 MB goal, 0 MB stacks, 0 MB globals, 2 P
gc 1246 @56.248s 1%: 0.013+1.0+0.013 ms clock, 0.027+0.72/0.35/0+0.026 ms cpu, 3->3->0 MB, 4 MB goal, 0 MB stacks, 0 MB globals, 2 P
gc 1247 @56.265s 1%: 0.035+0.87+0.010 ms clock, 0.071+0.56/0.46/0+0.021 ms cpu, 3->3->0 MB, 4 MB goal, 0 MB stacks, 0 MB globals, 2 P
gc 1248 @56.283s 1%: 0.13+0.59+0.003 ms clock, 0.26+0.49/0.47/0+0.006 ms cpu, 3->3->0 MB, 4 MB goal, 0 MB stacks, 0 MB globals, 2 P
gc 1249 @56.301s 1%: 0.030+0.83+0.019 ms clock, 0.060+0.67/0.42/0+0.038 ms cpu, 3->3->0 MB, 4 MB goal, 0 MB stacks, 0 MB globals, 2 P
gc 1250 @56.318s 1%: 0.046+0.71+0.025 ms clock, 0.093+0.74/0.37/0+0.050 ms cpu, 3->3->0 MB, 4 MB goal, 0 MB stacks, 0 MB globals, 2 P
gc 1251 @56.336s 1%: 0.061+1.0+0.003 ms clock, 0.12+0.61/0.41/0+0.006 ms cpu, 3->3->0 MB, 4 MB goal, 0 MB stacks, 0 MB globals, 2 P
gc 1252 @56.354s 1%: 0.030+0.75+0.015 ms clock, 0.061+0.57/0.49/0+0.030 ms cpu, 3->3->0 MB, 4 MB goal, 0 MB stacks, 0 MB globals, 2 P
gc 1253 @56.371s 1%: 0.040+0.62+0.014 ms clock, 0.080+0.56/0.40/0+0.028 ms cpu, 3->3->0 MB, 4 MB goal, 0 MB stacks, 0 MB globals, 2 P
gc 1254 @56.389s 1%: 0.010+1.1+0.024 ms clock, 0.021+0.69/0.35/0+0.048 ms cpu, 3->3->0 MB, 4 MB goal, 0 MB stacks, 0 MB globals, 2 P
gc 1255 @56.407s 1%: 0.030+0.87+0.003 ms clock, 0.061+0.66/0.44/0+0.006 ms cpu, 3->3->0 MB, 4 MB goal, 0 MB stacks, 0 MB globals, 2 P
gc 1256 @56.424s 1%: 0.030+0.87+0.003 ms clock, 0.060+0.58/0.54/0+0.007 ms cpu, 3->3->0 MB, 4 MB goal, 0 MB stacks, 0 MB globals, 2 P
gc 1257 @56.442s 1%: 0.034+0.79+0.022 ms clock, 0.069+0.79/0.41/0+0.045 ms cpu, 3->3->0 MB, 4 MB goal, 0 MB stacks, 0 MB globals, 2 P
gc 1258 @56.460s 1%: 0.034+1.4+0.002 ms clock, 0.069+0.48/0.26/0+0.005 ms cpu, 3->3->0 MB, 4 MB goal, 0 MB stacks, 0 MB globals, 2 P
gc 1259 @56.477s 1%: 0.20+0.61+0.037 ms clock, 0.40+0.49/0.48/0+0.074 ms cpu, 3->3->0 MB, 4 MB goal, 0 MB stacks, 0 MB globals, 2 P
gc 1260 @56.496s 1%: 0.017+0.68+0.011 ms clock, 0.035+0.61/0.43/0+0.023 ms cpu, 3->3->0 MB, 4 MB goal, 0 MB stacks, 0 MB globals, 2 P
gc 1261 @56.514s 1%: 0.013+0.81+0.023 ms clock, 0.027+0.68/0.46/0.031+0.046 ms cpu, 3->3->0 MB, 4 MB goal, 0 MB stacks, 0 MB globals, 2 P
gc 1262 @56.532s 1%: 0.036+1.1+0.014 ms clock, 0.073+0.61/0.40/0+0.029 ms cpu, 3->3->0 MB, 4 MB goal, 0 MB stacks, 0 MB globals, 2 P
gc 1263 @56.550s 1%: 0.038+0.77+0.003 ms clock, 0.076+0.69/0.47/0+0.006 ms cpu, 3->3->0 MB, 4 MB goal, 0 MB stacks, 0 MB globals, 2 P
gc 1264 @56.568s 1%: 0.028+0.80+0.003 ms clock, 0.057+0.59/0.46/0+0.006 ms cpu, 3->3->0 MB, 4 MB goal, 0 MB stacks, 0 MB globals, 2 P
gc 1265 @56.586s 1%: 0.048+0.76+0.022 ms clock, 0.097+0.67/0.40/0+0.045 ms cpu, 3->3->0 MB, 4 MB goal, 0 MB stacks, 0 MB globals, 2 P
gc 1266 @56.604s 1%: 0.037+0.84+0.020 ms clock, 0.075+0.68/0.45/0+0.040 ms cpu, 3->3->0 MB, 4 MB goal, 0 MB stacks, 0 MB globals, 2 P
gc 1267 @56.623s 1%: 0.041+0.76+0.011 ms clock, 0.083+0.65/0.36/0+0.022 ms cpu, 3->3->0 MB, 4 MB goal, 0 MB stacks, 0 MB globals, 2 P
gc 1268 @56.641s 1%: 0.041+0.76+0.038 ms clock, 0.082+0.61/0.47/0+0.077 ms cpu, 3->3->0 MB, 4 MB goal, 0 MB stacks, 0 MB globals, 2 P
gc 1269 @56.660s 1%: 0.017+0.78+0.017 ms clock, 0.035+0.67/0.46/0+0.035 ms cpu, 3->3->0 MB, 4 MB goal, 0 MB stacks, 0 MB globals, 2 P
gc 1270 @56.679s 1%: 0.014+0.80+0.043 ms clock, 0.028+0.65/0.37/0+0.087 ms cpu, 3->3->0 MB, 4 MB goal, 0 MB stacks, 0 MB globals, 2 P
gc 1271 @56.696s 1%: 0.037+0.67+0.015 ms clock, 0.074+0.64/0.38/0+0.030 ms cpu, 3->3->0 MB, 4 MB goal, 0 MB stacks, 0 MB globals, 2 P
gc 1272 @56.714s 1%: 0.016+0.72+0.010 ms clock, 0.032+0.70/0.40/0+0.020 ms cpu, 3->3->0 MB, 4 MB goal, 0 MB stacks, 0 MB globals, 2 P
gc 1273 @56.732s 1%: 0.013+0.84+0.003 ms clock, 0.027+0.72/0.47/0+0.006 ms cpu, 3->3->0 MB, 4 MB goal, 0 MB stacks, 0 MB globals, 2 P
gc 1274 @56.750s 1%: 0.024+0.73+0.026 ms clock, 0.049+0.63/0.50/0+0.052 ms cpu, 3->3->0 MB, 4 MB goal, 0 MB stacks, 0 MB globals, 2 P
gc 1275 @56.768s 1%: 0.014+0.86+0.027 ms clock, 0.029+0.69/0.58/0+0.054 ms cpu, 3->3->0 MB, 4 MB goal, 0 MB stacks, 0 MB globals, 2 P
gc 1276 @56.785s 1%: 0.11+0.62+0.002 ms clock, 0.23+0.63/0.36/0+0.005 ms cpu, 3->3->0 MB, 4 MB goal, 0 MB stacks, 0 MB globals, 2 P
gc 1277 @56.803s 1%: 0.027+0.71+0.020 ms clock, 0.054+0.67/0.44/0+0.041 ms cpu, 3->3->0 MB, 4 MB goal, 0 MB stacks, 0 MB globals, 2 P
gc 1278 @56.821s 1%: 0.12+0.66+0.003 ms clock, 0.25+0.68/0.37/0+0.006 ms cpu, 3->3->0 MB, 4 MB goal, 0 MB stacks, 0 MB globals, 2 P
gc 1279 @56.839s 1%: 0.014+0.84+0.019 ms clock, 0.029+0.74/0.42/0+0.038 ms cpu, 3->3->0 MB, 4 MB goal, 0 MB stacks, 0 MB globals, 2 P
gc 1280 @56.857s 1%: 0.10+0.91+0.013 ms clock, 0.21+0.65/0.33/0+0.026 ms cpu, 3->3->0 MB, 4 MB goal, 0 MB stacks, 0 MB globals, 2 P
gc 1281 @56.875s 1%: 0.028+0.82+0.005 ms clock, 0.056+0.74/0.43/0+0.010 ms cpu, 3->3->0 MB, 4 MB goal, 0 MB stacks, 0 MB globals, 2 P
gc 1282 @56.892s 1%: 0.15+0.96+0.044 ms clock, 0.30+0.54/0.45/0+0.088 ms cpu, 3->3->0 MB, 4 MB goal, 0 MB stacks, 0 MB globals, 2 P
gc 1283 @56.910s 1%: 0.023+0.94+0.032 ms clock, 0.046+0.71/0.54/0+0.065 ms cpu, 3->3->0 MB, 4 MB goal, 0 MB stacks, 0 MB globals, 2 P
gc 1284 @56.928s 1%: 0.043+1.5+0.002 ms clock, 0.086+0.49/0.25/0+0.004 ms cpu, 3->3->1 MB, 4 MB goal, 0 MB stacks, 0 MB globals, 2 P
gc 1285 @56.945s 1%: 0.038+1.1+0.012 ms clock, 0.077+0.58/0.46/0+0.024 ms cpu, 3->3->0 MB, 4 MB goal, 0 MB stacks, 0 MB globals, 2 P
gc 1286 @56.963s 1%: 0.024+0.68+0.046 ms clock, 0.049+0.67/0.35/0+0.093 ms cpu, 3->3->0 MB, 4 MB goal, 0 MB stacks, 0 MB globals, 2 P
gc 1287 @56.982s 1%: 0.19+0.57+0.009 ms clock, 0.39+0.57/0.40/0+0.019 ms cpu, 3->3->0 MB, 4 MB goal, 0 MB stacks, 0 MB globals, 2 P
gc 1288 @57.000s 1%: 0.027+1.4+0.002 ms clock, 0.054+0.49/0.24/0+0.005 ms cpu, 3->3->0 MB, 4 MB goal, 0 MB stacks, 0 MB globals, 2 P
gc 1289 @57.019s 1%: 0.040+0.77+0.020 ms clock, 0.081+0.69/0.45/0+0.041 ms cpu, 3->3->0 MB, 4 MB goal, 0 MB stacks, 0 MB globals, 2 P
gc 1290 @57.037s 1%: 0.014+0.77+0.036 ms clock, 0.028+0.71/0.43/0+0.072 ms cpu, 3->3->0 MB, 4 MB goal, 0 MB stacks, 0 MB globals, 2 P
gc 1291 @57.056s 1%: 0.026+0.75+0.040 ms clock, 0.053+0.65/0.39/0+0.080 ms cpu, 3->3->0 MB, 4 MB goal, 0 MB stacks, 0 MB globals, 2 P
gc 1292 @57.074s 1%: 0.11+0.65+0.014 ms clock, 0.23+0.66/0.37/0+0.029 ms cpu, 3->3->0 MB, 4 MB goal, 0 MB stacks, 0 MB globals, 2 P
gc 1293 @57.093s 1%: 0.027+0.92+0.029 ms clock, 0.054+0.75/0.32/0+0.059 ms cpu, 3->3->0 MB, 4 MB goal, 0 MB stacks, 0 MB globals, 2 P
gc 1294 @57.112s 1%: 0.023+0.67+0.014 ms clock, 0.046+0.69/0.35/0+0.029 ms cpu, 3->3->0 MB, 4 MB goal, 0 MB stacks, 0 MB globals, 2 P
gc 1295 @57.130s 1%: 0.022+0.77+0.010 ms clock, 0.045+0.72/0.35/0+0.021 ms cpu, 3->3->0 MB, 4 MB goal, 0 MB stacks, 0 MB globals, 2 P
gc 1296 @57.149s 1%: 0.019+0.72+0.004 ms clock, 0.038+0.60/0.42/0+0.009 ms cpu, 3->3->0 MB, 4 MB goal, 0 MB stacks, 0 MB globals, 2 P
gc 1297 @57.167s 1%: 0.034+1.1+0.003 ms clock, 0.068+0.39/0.24/0+0.006 ms cpu, 3->3->0 MB, 4 MB goal, 0 MB stacks, 0 MB globals, 2 P
gc 1298 @57.185s 1%: 0.014+0.71+0.036 ms clock, 0.029+0.72/0.41/0+0.073 ms cpu, 3->3->0 MB, 4 MB goal, 0 MB stacks, 0 MB globals, 2 P
gc 1299 @57.204s 1%: 0.031+0.90+0.010 ms clock, 0.063+0.58/0.50/0+0.020 ms cpu, 3->3->0 MB, 4 MB goal, 0 MB stacks, 0 MB globals, 2 P
gc 1300 @57.222s 1%: 0.036+0.80+0.017 ms clock, 0.073+0.70/0.41/0+0.035 ms cpu, 3->3->0 MB, 4 MB goal, 0 MB stacks, 0 MB globals, 2 P
gc 1301 @57.240s 1%: 0.014+0.72+0.037 ms clock, 0.029+0.68/0.41/0+0.075 ms cpu, 3->3->0 MB, 4 MB goal, 0 MB stacks, 0 MB globals, 2 P
gc 1302 @57.258s 1%: 0.051+0.70+0.010 ms clock, 0.10+0.66/0.39/0+0.020 ms cpu, 3->3->0 MB, 4 MB goal, 0 MB stacks, 0 MB globals, 2 P
gc 1303 @57.276s 1%: 0.028+0.81+0.021 ms clock, 0.057+0.67/0.42/0+0.043 ms cpu, 3->3->0 MB, 4 MB goal, 0 MB stacks, 0 MB globals, 2 P
gc 1304 @57.295s 1%: 0.027+1.0+0.003 ms clock, 0.055+0.70/0.39/0+0.006 ms cpu, 3->3->0 MB, 4 MB goal, 0 MB stacks, 0 MB globals, 2 P
gc 1305 @57.313s 1%: 0.057+0.95+0.010 ms clock, 0.11+0.33/0.56/0+0.020 ms cpu, 3->3->0 MB, 4 MB goal, 0 MB stacks, 0 MB globals, 2 P
gc 1306 @57.332s 1%: 0.025+0.73+0.025 ms clock, 0.051+0.72/0.41/0+0.050 ms cpu, 3->3->0 MB, 4 MB goal, 0 MB stacks, 0 MB globals, 2 P
gc 1307 @57.349s 1%: 0.014+1.0+0.020 ms clock, 0.029+0.61/0.45/0+0.041 ms cpu, 3->3->0 MB, 4 MB goal, 0 MB stacks, 0 MB globals, 2 P
gc 1308 @57.367s 1%: 0.019+0.69+0.003 ms clock, 0.038+0.74/0.35/0+0.007 ms cpu, 3->3->0 MB, 4 MB goal, 0 MB stacks, 0 MB globals, 2 P
gc 1309 @57.385s 1%: 0.022+0.68+0.003 ms clock, 0.044+0.70/0.33/0+0.007 ms cpu, 3->3->0 MB, 4 MB goal, 0 MB stacks, 0 MB globals, 2 P
gc 1310 @57.402s 1%: 1.0+0.27+0.003 ms clock, 2.0+0.39/0.48/0+0.007 ms cpu, 3->3->0 MB, 4 MB goal, 0 MB stacks, 0 MB globals, 2 P
gc 1311 @57.419s 1%: 0.048+0.75+0.002 ms clock, 0.097+0.63/0.42/0+0.005 ms cpu, 3->3->0 MB, 4 MB goal, 0 MB stacks, 0 MB globals, 2 P
gc 1312 @57.436s 1%: 0.32+0.49+0.012 ms clock, 0.65+0.46/0.49/0+0.024 ms cpu, 3->3->0 MB, 4 MB goal, 0 MB stacks, 0 MB globals, 2 P
gc 1313 @57.453s 1%: 0.071+0.67+0.003 ms clock, 0.14+0.62/0.40/0+0.007 ms cpu, 3->3->0 MB, 4 MB goal, 0 MB stacks, 0 MB globals, 2 P
gc 1314 @57.472s 1%: 0.050+0.92+0.020 ms clock, 0.10+0.59/0.45/0+0.040 ms cpu, 3->3->0 MB, 4 MB goal, 0 MB stacks, 0 MB globals, 2 P
gc 1315 @57.491s 1%: 0.021+0.82+0.003 ms clock, 0.043+0.77/0.42/0+0.006 ms cpu, 3->3->0 MB, 4 MB goal, 0 MB stacks, 0 MB globals, 2 P
gc 1316 @57.508s 1%: 0.036+0.76+0.003 ms clock, 0.072+0.79/0.39/0+0.007 ms cpu, 3->3->0 MB, 4 MB goal, 0 MB stacks, 0 MB globals, 2 P
gc 1317 @57.525s 1%: 0.039+1.0+0.004 ms clock, 0.078+0.77/0.49/0+0.008 ms cpu, 3->3->0 MB, 4 MB goal, 0 MB stacks, 0 MB globals, 2 P
gc 1318 @57.542s 1%: 0.043+0.83+0.020 ms clock, 0.086+0.74/0.34/0+0.041 ms cpu, 3->3->0 MB, 4 MB goal, 0 MB stacks, 0 MB globals, 2 P
gc 1319 @57.559s 1%: 0.021+0.71+0.025 ms clock, 0.042+0.61/0.48/0+0.050 ms cpu, 3->3->0 MB, 4 MB goal, 0 MB stacks, 0 MB globals, 2 P
gc 1320 @57.576s 1%: 0.060+0.75+0.016 ms clock, 0.12+0.76/0.37/0+0.032 ms cpu, 3->3->0 MB, 4 MB goal, 0 MB stacks, 0 MB globals, 2 P
gc 1321 @57.593s 1%: 0.19+0.60+0.005 ms clock, 0.39+0.52/0.43/0+0.011 ms cpu, 3->3->0 MB, 4 MB goal, 0 MB stacks, 0 MB globals, 2 P
gc 1322 @57.610s 1%: 0.051+1.2+0.005 ms clock, 0.10+0.52/0.49/0+0.010 ms cpu, 3->3->0 MB, 4 MB goal, 0 MB stacks, 0 MB globals, 2 P
gc 1323 @57.628s 1%: 0.030+0.67+0.004 ms clock, 0.060+0.66/0.36/0+0.008 ms cpu, 3->3->0 MB, 4 MB goal, 0 MB stacks, 0 MB globals, 2 P
gc 1324 @57.647s 1%: 0.031+0.67+0.003 ms clock, 0.062+0.59/0.43/0+0.006 ms cpu, 3->3->0 MB, 4 MB goal, 0 MB stacks, 0 MB globals, 2 P
gc 1325 @57.666s 1%: 0.016+1.3+0.006 ms clock, 0.033+0.46/0.54/0+0.013 ms cpu, 3->3->0 MB, 4 MB goal, 0 MB stacks, 0 MB globals, 2 P
gc 1326 @57.685s 1%: 0.49+0.65+0.018 ms clock, 0.98+0.33/0.78/0+0.037 ms cpu, 3->3->0 MB, 4 MB goal, 0 MB stacks, 0 MB globals, 2 P
gc 1327 @57.704s 1%: 0.018+0.83+0.009 ms clock, 0.037+0.66/0.47/0+0.018 ms cpu, 3->3->0 MB, 4 MB goal, 0 MB stacks, 0 MB globals, 2 P
gc 1328 @57.722s 1%: 0.61+0.78+0.019 ms clock, 1.2+0.32/0.75/0+0.039 ms cpu, 3->3->0 MB, 4 MB goal, 0 MB stacks, 0 MB globals, 2 P
gc 1329 @57.740s 1%: 0.034+0.76+0.035 ms clock, 0.069+0.56/0.53/0+0.071 ms cpu, 3->3->0 MB, 4 MB goal, 0 MB stacks, 0 MB globals, 2 P
gc 1330 @57.759s 1%: 0.011+0.72+0.003 ms clock, 0.023+0.72/0.41/0+0.007 ms cpu, 3->3->0 MB, 4 MB goal, 0 MB stacks, 0 MB globals, 2 P
gc 1331 @57.777s 1%: 0.018+0.83+0.022 ms clock, 0.036+0.67/0.53/0+0.044 ms cpu, 3->3->0 MB, 4 MB goal, 0 MB stacks, 0 MB globals, 2 P
gc 1332 @57.795s 1%: 0.040+0.82+0.018 ms clock, 0.080+0.69/0.37/0+0.036 ms cpu, 3->3->0 MB, 4 MB goal, 0 MB stacks, 0 MB globals, 2 P
gc 1333 @57.814s 1%: 0.012+0.91+0.022 ms clock, 0.024+0.57/0.51/0+0.045 ms cpu, 3->3->0 MB, 4 MB goal, 0 MB stacks, 0 MB globals, 2 P
gc 1334 @57.833s 1%: 0.024+0.95+0.003 ms clock, 0.049+0.74/0.45/0+0.007 ms cpu, 3->3->0 MB, 4 MB goal, 0 MB stacks, 0 MB globals, 2 P
gc 1335 @57.851s 1%: 0.017+0.71+0.025 ms clock, 0.034+0.67/0.38/0+0.050 ms cpu, 3->3->0 MB, 4 MB goal, 0 MB stacks, 0 MB globals, 2 P
gc 1336 @57.869s 1%: 0.015+1.1+0.031 ms clock, 0.031+0.62/0.46/0+0.062 ms cpu, 3->3->0 MB, 4 MB goal, 0 MB stacks, 0 MB globals, 2 P
gc 1337 @57.888s 1%: 0.35+0.82+0.004 ms clock, 0.70+0.42/0.55/0+0.008 ms cpu, 3->3->0 MB, 4 MB goal, 0 MB stacks, 0 MB globals, 2 P
gc 1338 @57.906s 1%: 0.019+0.67+0.003 ms clock, 0.039+0.73/0.31/0+0.007 ms cpu, 3->3->0 MB, 4 MB goal, 0 MB stacks, 0 MB globals, 2 P
gc 1339 @57.924s 1%: 0.95+1.1+0.032 ms clock, 1.9+0.38/0.88/0+0.064 ms cpu, 3->3->1 MB, 4 MB goal, 0 MB stacks, 0 MB globals, 2 P
gc 1340 @57.942s 1%: 0.024+0.80+0.003 ms clock, 0.049+0.73/0.48/0+0.006 ms cpu, 3->3->0 MB, 4 MB goal, 0 MB stacks, 0 MB globals, 2 P
gc 1341 @57.960s 1%: 0.035+0.76+0.027 ms clock, 0.070+0.74/0.47/0+0.054 ms cpu, 3->3->0 MB, 4 MB goal, 0 MB stacks, 0 MB globals, 2 P
gc 1342 @57.978s 1%: 0.030+0.79+0.025 ms clock, 0.060+0.60/0.49/0+0.050 ms cpu, 3->3->0 MB, 4 MB goal, 0 MB stacks, 0 MB globals, 2 P
gc 1343 @57.996s 1%: 0.014+0.95+0.008 ms clock, 0.028+0.69/0.46/0+0.017 ms cpu, 3->3->0 MB, 4 MB goal, 0 MB stacks, 0 MB globals, 2 P
gc 1344 @58.014s 1%: 0.018+1.0+0.003 ms clock, 0.036+0.68/0.36/0+0.006 ms cpu, 3->3->0 MB, 4 MB goal, 0 MB stacks, 0 MB globals, 2 P
gc 1345 @58.033s 1%: 0.064+1.1+0.041 ms clock, 0.12+0.62/0.43/0+0.082 ms cpu, 3->3->0 MB, 4 MB goal, 0 MB stacks, 0 MB globals, 2 P
gc 1346 @58.051s 1%: 0.053+1.0+0.020 ms clock, 0.10+0.66/0.40/0+0.040 ms cpu, 3->3->0 MB, 4 MB goal, 0 MB stacks, 0 MB globals, 2 P
gc 1347 @58.069s 1%: 0.016+0.74+0.004 ms clock, 0.033+0.67/0.36/0.011+0.008 ms cpu, 3->3->0 MB, 4 MB goal, 0 MB stacks, 0 MB globals, 2 P
gc 1348 @58.088s 1%: 0.076+1.0+0.006 ms clock, 0.15+0.58/0.49/0+0.012 ms cpu, 3->3->0 MB, 4 MB goal, 0 MB stacks, 0 MB globals, 2 P
gc 1349 @58.106s 1%: 0.051+0.76+0.028 ms clock, 0.10+0.68/0.45/0+0.057 ms cpu, 3->3->0 MB, 4 MB goal, 0 MB stacks, 0 MB globals, 2 P
gc 1350 @58.125s 1%: 0.018+0.90+0.033 ms clock, 0.036+0.69/0.44/0+0.066 ms cpu, 3->3->0 MB, 4 MB goal, 0 MB stacks, 0 MB globals, 2 P
gc 1351 @58.143s 1%: 0.042+0.69+0.002 ms clock, 0.085+0.65/0.35/0+0.005 ms cpu, 3->3->0 MB, 4 MB goal, 0 MB stacks, 0 MB globals, 2 P
gc 1352 @58.160s 1%: 0.051+0.68+0.003 ms clock, 0.10+0.61/0.40/0+0.006 ms cpu, 3->3->0 MB, 4 MB goal, 0 MB stacks, 0 MB globals, 2 P
gc 1353 @58.178s 1%: 0.055+0.71+0.004 ms clock, 0.11+0.64/0.38/0+0.008 ms cpu, 3->3->0 MB, 4 MB goal, 0 MB stacks, 0 MB globals, 2 P
gc 1354 @58.195s 1%: 0.030+0.70+0.013 ms clock, 0.060+0.68/0.33/0+0.027 ms cpu, 3->3->0 MB, 4 MB goal, 0 MB stacks, 0 MB globals, 2 P
gc 1355 @58.213s 1%: 0.041+0.74+0.019 ms clock, 0.083+0.71/0.43/0+0.038 ms cpu, 3->3->0 MB, 4 MB goal, 0 MB stacks, 0 MB globals, 2 P
gc 1356 @58.231s 1%: 0.023+0.81+0.032 ms clock, 0.047+0.63/0.54/0+0.065 ms cpu, 3->3->0 MB, 4 MB goal, 0 MB stacks, 0 MB globals, 2 P
gc 1357 @58.249s 1%: 0.019+1.1+0.003 ms clock, 0.039+0.75/0.37/0+0.006 ms cpu, 3->3->0 MB, 4 MB goal, 0 MB stacks, 0 MB globals, 2 P
gc 1358 @58.267s 1%: 0.014+1.0+0.080 ms clock, 0.028+0.70/0.43/0+0.16 ms cpu, 3->3->0 MB, 4 MB goal, 0 MB stacks, 0 MB globals, 2 P
gc 1359 @58.284s 1%: 0.039+0.72+0.008 ms clock, 0.079+0.72/0.42/0+0.016 ms cpu, 3->3->0 MB, 4 MB goal, 0 MB stacks, 0 MB globals, 2 P
gc 1360 @58.302s 1%: 0.038+0.83+0.035 ms clock, 0.076+0.71/0.45/0+0.070 ms cpu, 3->3->0 MB, 4 MB goal, 0 MB stacks, 0 MB globals, 2 P
gc 1361 @58.319s 1%: 0.016+0.77+0.004 ms clock, 0.032+0.70/0.36/0+0.008 ms cpu, 3->3->0 MB, 4 MB goal, 0 MB stacks, 0 MB globals, 2 P
gc 1362 @58.336s 1%: 0.032+0.94+0.003 ms clock, 0.064+0.58/0.42/0+0.007 ms cpu, 3->3->0 MB, 4 MB goal, 0 MB stacks, 0 MB globals, 2 P
gc 1363 @58.354s 1%: 0.29+0.52+0.002 ms clock, 0.58+0.59/0.43/0+0.005 ms cpu, 3->3->0 MB, 4 MB goal, 0 MB stacks, 0 MB globals, 2 P
gc 1364 @58.372s 1%: 0.015+0.84+0.027 ms clock, 0.031+0.33/0.61/0+0.054 ms cpu, 3->3->0 MB, 4 MB goal, 0 MB stacks, 0 MB globals, 2 P
gc 1365 @58.391s 1%: 0.051+0.68+0.003 ms clock, 0.10+0.60/0.43/0+0.007 ms cpu, 3->3->0 MB, 4 MB goal, 0 MB stacks, 0 MB globals, 2 P
gc 1366 @58.409s 1%: 0.030+1.0+0.020 ms clock, 0.061+0.64/0.36/0+0.041 ms cpu, 3->3->0 MB, 4 MB goal, 0 MB stacks, 0 MB globals, 2 P
gc 1367 @58.428s 1%: 0.016+0.79+0.015 ms clock, 0.033+0.75/0.40/0+0.030 ms cpu, 3->3->0 MB, 4 MB goal, 0 MB stacks, 0 MB globals, 2 P
gc 1368 @58.445s 1%: 0.015+1.0+0.003 ms clock, 0.031+0.35/0.66/0+0.007 ms cpu, 3->3->0 MB, 4 MB goal, 0 MB stacks, 0 MB globals, 2 P
gc 1369 @58.462s 1%: 0.16+0.85+0.018 ms clock, 0.32+0.83/0.52/0+0.036 ms cpu, 3->3->0 MB, 4 MB goal, 0 MB stacks, 0 MB globals, 2 P
gc 1370 @58.479s 1%: 0.033+0.77+0.036 ms clock, 0.066+0.72/0.47/0+0.073 ms cpu, 3->3->0 MB, 4 MB goal, 0 MB stacks, 0 MB globals, 2 P
gc 1371 @58.496s 1%: 0.075+1.1+0.070 ms clock, 0.15+0.55/0.39/0+0.14 ms cpu, 3->3->0 MB, 4 MB goal, 0 MB stacks, 0 MB globals, 2 P
gc 1372 @58.513s 1%: 0.012+0.77+0.003 ms clock, 0.025+0.81/0.41/0+0.007 ms cpu, 3->3->0 MB, 4 MB goal, 0 MB stacks, 0 MB globals, 2 P
gc 1373 @58.532s 1%: 0.017+0.74+0.002 ms clock, 0.034+0.67/0.45/0+0.005 ms cpu, 3->3->0 MB, 4 MB goal, 0 MB stacks, 0 MB globals, 2 P
gc 1374 @58.550s 1%: 0.036+0.70+0.008 ms clock, 0.072+0.64/0.43/0+0.016 ms cpu, 3->3->0 MB, 4 MB goal, 0 MB stacks, 0 MB globals, 2 P
gc 1375 @58.568s 1%: 0.027+0.91+0.010 ms clock, 0.054+0.55/0.46/0+0.021 ms cpu, 3->3->0 MB, 4 MB goal, 0 MB stacks, 0 MB globals, 2 P
gc 1376 @58.586s 1%: 0.71+0.17+0.002 ms clock, 1.4+0.53/0.23/0+0.005 ms cpu, 3->3->0 MB, 4 MB goal, 0 MB stacks, 0 MB globals, 2 P
gc 1377 @58.605s 1%: 0.019+0.68+0.005 ms clock, 0.039+0.58/0.47/0+0.011 ms cpu, 3->3->0 MB, 4 MB goal, 0 MB stacks, 0 MB globals, 2 P
gc 1378 @58.623s 1%: 0.042+0.79+0.003 ms clock, 0.084+0.70/0.44/0+0.007 ms cpu, 3->3->0 MB, 4 MB goal, 0 MB stacks, 0 MB globals, 2 P
gc 1379 @58.642s 1%: 0.014+0.72+0.003 ms clock, 0.028+0.77/0.37/0+0.006 ms cpu, 3->3->0 MB, 4 MB goal, 0 MB stacks, 0 MB globals, 2 P
gc 1380 @58.660s 1%: 0.032+1.0+0.013 ms clock, 0.065+0.68/0.36/0+0.026 ms cpu, 3->3->0 MB, 4 MB goal, 0 MB stacks, 0 MB globals, 2 P
gc 1381 @58.678s 1%: 0.029+1.6+0.003 ms clock, 0.059+0.37/0.45/0+0.007 ms cpu, 3->3->1 MB, 4 MB goal, 0 MB stacks, 0 MB globals, 2 P
gc 1382 @58.696s 1%: 0.041+0.67+0.013 ms clock, 0.082+0.59/0.41/0+0.027 ms cpu, 3->3->0 MB, 4 MB goal, 0 MB stacks, 0 MB globals, 2 P
gc 1383 @58.714s 1%: 0.036+0.82+0.003 ms clock, 0.073+0.68/0.42/0+0.006 ms cpu, 3->3->0 MB, 4 MB goal, 0 MB stacks, 0 MB globals, 2 P
gc 1384 @58.733s 1%: 0.062+0.79+0.010 ms clock, 0.12+0.57/0.47/0+0.021 ms cpu, 3->3->0 MB, 4 MB goal, 0 MB stacks, 0 MB globals, 2 P
gc 1385 @58.751s 1%: 0.31+1.0+0.003 ms clock, 0.62+0.61/0.50/0+0.006 ms cpu, 3->3->0 MB, 4 MB goal, 0 MB stacks, 0 MB globals, 2 P
gc 1386 @58.769s 1%: 0.057+1.0+0.043 ms clock, 0.11+0.59/0.49/0+0.086 ms cpu, 3->3->0 MB, 4 MB goal, 0 MB stacks, 0 MB globals, 2 P
gc 1387 @58.787s 1%: 0.33+0.61+0.024 ms clock, 0.67+0.50/0.55/0+0.049 ms cpu, 3->3->0 MB, 4 MB goal, 0 MB stacks, 0 MB globals, 2 P
gc 1388 @58.806s 1%: 0.048+1.0+0.020 ms clock, 0.097+0.64/0.38/0+0.041 ms cpu, 3->3->0 MB, 4 MB goal, 0 MB stacks, 0 MB globals, 2 P
gc 1389 @58.824s 1%: 0.023+0.76+0.019 ms clock, 0.047+0.62/0.48/0+0.039 ms cpu, 3->3->0 MB, 4 MB goal, 0 MB stacks, 0 MB globals, 2 P
gc 1390 @58.842s 1%: 0.021+0.80+0.021 ms clock, 0.043+0.64/0.48/0+0.042 ms cpu, 3->3->0 MB, 4 MB goal, 0 MB stacks, 0 MB globals, 2 P
gc 1391 @58.860s 1%: 0.044+0.82+0.004 ms clock, 0.089+0.52/0.44/0+0.008 ms cpu, 3->3->0 MB, 4 MB goal, 0 MB stacks, 0 MB globals, 2 P
gc 1392 @58.879s 1%: 0.016+1.3+0.074 ms clock, 0.033+0.71/0.48/0+0.14 ms cpu, 3->3->1 MB, 4 MB goal, 0 MB stacks, 0 MB globals, 2 P
gc 1393 @58.896s 1%: 0.016+1.1+0.015 ms clock, 0.032+0.73/0.34/0+0.031 ms cpu, 3->3->0 MB, 4 MB goal, 0 MB stacks, 0 MB globals, 2 P
gc 1394 @58.914s 1%: 0.060+0.77+0.018 ms clock, 0.12+0.64/0.44/0+0.036 ms cpu, 3->3->0 MB, 4 MB goal, 0 MB stacks, 0 MB globals, 2 P
gc 1395 @58.931s 1%: 0.017+0.82+0.013 ms clock, 0.035+0.55/0.52/0+0.026 ms cpu, 3->3->0 MB, 4 MB goal, 0 MB stacks, 0 MB globals, 2 P
gc 1396 @58.949s 1%: 0.014+0.94+0.003 ms clock, 0.029+0.45/0.58/0+0.007 ms cpu, 3->3->0 MB, 4 MB goal, 0 MB stacks, 0 MB globals, 2 P
gc 1397 @58.966s 1%: 0.039+1.2+0.015 ms clock, 0.079+0.64/0.44/0+0.030 ms cpu, 3->3->0 MB, 4 MB goal, 0 MB stacks, 0 MB globals, 2 P
gc 1398 @58.984s 1%: 0.032+0.72+0.024 ms clock, 0.065+0.62/0.35/0+0.048 ms cpu, 3->3->0 MB, 4 MB goal, 0 MB stacks, 0 MB globals, 2 P
gc 1399 @59.002s 1%: 0.012+0.81+0.003 ms clock, 0.025+0.69/0.43/0+0.007 ms cpu, 3->3->0 MB, 4 MB goal, 0 MB stacks, 0 MB globals, 2 P
gc 1400 @59.020s 1%: 0.033+1.1+0.003 ms clock, 0.067+0.41/0.23/0+0.006 ms cpu, 3->3->0 MB, 4 MB goal, 0 MB stacks, 0 MB globals, 2 P
gc 1401 @59.038s 1%: 0.43+0.42+0.003 ms clock, 0.86+0.48/0.51/0+0.006 ms cpu, 3->3->0 MB, 4 MB goal, 0 MB stacks, 0 MB globals, 2 P
gc 1402 @59.056s 1%: 0.039+0.74+0.004 ms clock, 0.078+0.71/0.41/0+0.008 ms cpu, 3->3->0 MB, 4 MB goal, 0 MB stacks, 0 MB globals, 2 P
gc 1403 @59.074s 1%: 0.022+0.84+0.019 ms clock, 0.045+0.62/0.48/0+0.039 ms cpu, 3->3->0 MB, 4 MB goal, 0 MB stacks, 0 MB globals, 2 P
gc 1404 @59.092s 1%: 0.018+0.80+0.011 ms clock, 0.037+0.65/0.46/0+0.022 ms cpu, 3->3->0 MB, 4 MB goal, 0 MB stacks, 0 MB globals, 2 P
gc 1405 @59.111s 1%: 0.031+0.73+0.025 ms clock, 0.063+0.64/0.48/0+0.051 ms cpu, 3->3->0 MB, 4 MB goal, 0 MB stacks, 0 MB globals, 2 P
gc 1406 @59.130s 1%: 0.028+0.80+0.004 ms clock, 0.057+0.62/0.42/0+0.008 ms cpu, 3->3->0 MB, 4 MB goal, 0 MB stacks, 0 MB globals, 2 P
gc 1407 @59.149s 1%: 0.022+0.77+0.003 ms clock, 0.044+0.70/0.40/0+0.007 ms cpu, 3->3->0 MB, 4 MB goal, 0 MB stacks, 0 MB globals, 2 P
gc 1408 @59.167s 1%: 0.30+0.79+0.014 ms clock, 0.60+0.35/0.59/0+0.029 ms cpu, 3->3->0 MB, 4 MB goal, 0 MB stacks, 0 MB globals, 2 P
gc 1409 @59.185s 1%: 0.029+0.72+0.018 ms clock, 0.058+0.67/0.38/0+0.037 ms cpu, 3->3->0 MB, 4 MB goal, 0 MB stacks, 0 MB globals, 2 P
gc 1410 @59.203s 1%: 0.040+0.85+0.052 ms clock, 0.081+0.65/0.42/0+0.10 ms cpu, 3->3->0 MB, 4 MB goal, 0 MB stacks, 0 MB globals, 2 P
gc 1411 @59.221s 1%: 0.024+0.77+0.003 ms clock, 0.049+0.65/0.46/0+0.006 ms cpu, 3->3->0 MB, 4 MB goal, 0 MB stacks, 0 MB globals, 2 P
gc 1412 @59.240s 1%: 0.024+0.66+0.038 ms clock, 0.049+0.60/0.43/0+0.076 ms cpu, 3->3->0 MB, 4 MB goal, 0 MB stacks, 0 MB globals, 2 P
gc 1413 @59.258s 1%: 0.031+0.81+0.003 ms clock, 0.063+0.63/0.41/0+0.007 ms cpu, 3->3->0 MB, 4 MB goal, 0 MB stacks, 0 MB globals, 2 P
gc 1414 @59.276s 1%: 0.018+0.89+0.024 ms clock, 0.036+0.78/0.40/0+0.049 ms cpu, 3->3->0 MB, 4 MB goal, 0 MB stacks, 0 MB globals, 2 P
gc 1415 @59.293s 1%: 0.014+0.68+0.010 ms clock, 0.028+0.68/0.35/0+0.020 ms cpu, 3->3->0 MB, 4 MB goal, 0 MB stacks, 0 MB globals, 2 P
gc 1416 @59.311s 1%: 0.018+0.80+0.026 ms clock, 0.036+0.56/0.48/0+0.052 ms cpu, 3->3->0 MB, 4 MB goal, 0 MB stacks, 0 MB globals, 2 P
gc 1417 @59.328s 1%: 0.043+1.1+0.004 ms clock, 0.086+0.68/0.34/0+0.008 ms cpu, 3->3->0 MB, 4 MB goal, 0 MB stacks, 0 MB globals, 2 P
gc 1418 @59.346s 1%: 0.013+0.75+0.026 ms clock, 0.027+0.71/0.41/0+0.052 ms cpu, 3->3->0 MB, 4 MB goal, 0 MB stacks, 0 MB globals, 2 P
gc 1419 @59.363s 1%: 0.012+0.75+0.012 ms clock, 0.024+0.67/0.36/0+0.025 ms cpu, 3->3->0 MB, 4 MB goal, 0 MB stacks, 0 MB globals, 2 P
gc 1420 @59.381s 1%: 0.038+0.69+0.026 ms clock, 0.076+0.69/0.34/0+0.052 ms cpu, 3->3->0 MB, 4 MB goal, 0 MB stacks, 0 MB globals, 2 P
gc 1421 @59.398s 1%: 0.026+0.95+0.025 ms clock, 0.053+0.68/0.56/0+0.051 ms cpu, 3->3->0 MB, 4 MB goal, 0 MB stacks, 0 MB globals, 2 P
gc 1422 @59.416s 1%: 0.015+0.85+0.011 ms clock, 0.030+0.75/0.44/0+0.023 ms cpu, 3->3->0 MB, 4 MB goal, 0 MB stacks, 0 MB globals, 2 P
gc 1423 @59.433s 1%: 0.026+0.68+0.030 ms clock, 0.053+0.67/0.37/0+0.061 ms cpu, 3->3->0 MB, 4 MB goal, 0 MB stacks, 0 MB globals, 2 P
gc 1424 @59.450s 1%: 0.022+0.98+0.003 ms clock, 0.045+0.66/0.35/0+0.006 ms cpu, 3->3->0 MB, 4 MB goal, 0 MB stacks, 0 MB globals, 2 P
gc 1425 @59.467s 1%: 0.017+0.80+0.003 ms clock, 0.034+0.76/0.41/0+0.007 ms cpu, 3->3->0 MB, 4 MB goal, 0 MB stacks, 0 MB globals, 2 P
gc 1426 @59.484s 1%: 0.015+0.91+0.013 ms clock, 0.030+0.69/0.45/0+0.026 ms cpu, 3->3->0 MB, 4 MB goal, 0 MB stacks, 0 MB globals, 2 P
gc 1427 @59.501s 1%: 0.014+0.73+0.016 ms clock, 0.029+0.70/0.42/0+0.033 ms cpu, 3->3->0 MB, 4 MB goal, 0 MB stacks, 0 MB globals, 2 P
gc 1428 @59.519s 1%: 0.033+1.0+0.005 ms clock, 0.066+0.65/0.42/0+0.010 ms cpu, 3->3->0 MB, 4 MB goal, 0 MB stacks, 0 MB globals, 2 P
gc 1429 @59.537s 1%: 0.031+0.70+0.022 ms clock, 0.062+0.68/0.42/0+0.045 ms cpu, 3->3->0 MB, 4 MB goal, 0 MB stacks, 0 MB globals, 2 P
gc 1430 @59.555s 1%: 0.036+1.0+0.008 ms clock, 0.073+0.64/0.35/0+0.016 ms cpu, 3->3->0 MB, 4 MB goal, 0 MB stacks, 0 MB globals, 2 P
gc 1431 @59.573s 1%: 0.028+0.80+0.034 ms clock, 0.057+0.66/0.42/0+0.068 ms cpu, 3->3->0 MB, 4 MB goal, 0 MB stacks, 0 MB globals, 2 P
gc 1432 @59.592s 1%: 0.030+0.70+0.003 ms clock, 0.061+0.75/0.35/0+0.007 ms cpu, 3->3->0 MB, 4 MB goal, 0 MB stacks, 0 MB globals, 2 P
gc 1433 @59.610s 1%: 0.015+0.72+0.003 ms clock, 0.031+0.64/0.36/0+0.006 ms cpu, 3->3->0 MB, 4 MB goal, 0 MB stacks, 0 MB globals, 2 P
gc 1434 @59.628s 1%: 0.034+0.73+0.014 ms clock, 0.068+0.61/0.41/0+0.029 ms cpu, 3->3->0 MB, 4 MB goal, 0 MB stacks, 0 MB globals, 2 P
gc 1435 @59.645s 1%: 0.97+0.50+0.003 ms clock, 1.9+0.51/0.68/0+0.007 ms cpu, 3->3->1 MB, 4 MB goal, 0 MB stacks, 0 MB globals, 2 P
gc 1436 @59.663s 1%: 0.059+1.0+0.003 ms clock, 0.11+0.62/0.41/0+0.006 ms cpu, 3->3->0 MB, 4 MB goal, 0 MB stacks, 0 MB globals, 2 P
gc 1437 @59.681s 1%: 0.012+1.1+0.003 ms clock, 0.024+0.39/0.24/0+0.006 ms cpu, 3->3->0 MB, 4 MB goal, 0 MB stacks, 0 MB globals, 2 P
gc 1438 @59.699s 1%: 0.034+0.86+0.011 ms clock, 0.069+0.66/0.44/0+0.022 ms cpu, 3->3->0 MB, 4 MB goal, 0 MB stacks, 0 MB globals, 2 P
gc 1439 @59.717s 1%: 0.029+0.91+0.013 ms clock, 0.059+0.65/0.35/0+0.026 ms cpu, 3->3->0 MB, 4 MB goal, 0 MB stacks, 0 MB globals, 2 P
gc 1440 @59.735s 1%: 0.037+1.0+0.002 ms clock, 0.075+0.73/0.40/0+0.005 ms cpu, 3->3->0 MB, 4 MB goal, 0 MB stacks, 0 MB globals, 2 P
gc 1441 @59.752s 1%: 0.022+0.80+0.035 ms clock, 0.045+0.75/0.42/0+0.070 ms cpu, 3->3->0 MB, 4 MB goal, 0 MB stacks, 0 MB globals, 2 P
gc 1442 @59.769s 1%: 0.027+0.94+0.014 ms clock, 0.055+0.42/0.22/0+0.028 ms cpu, 3->3->0 MB, 4 MB goal, 0 MB stacks, 0 MB globals, 2 P
gc 1443 @59.787s 1%: 0.014+0.68+0.004 ms clock, 0.029+0.64/0.36/0+0.009 ms cpu, 3->3->0 MB, 4 MB goal, 0 MB stacks, 0 MB globals, 2 P
gc 1444 @59.804s 1%: 0.20+0.73+0.003 ms clock, 0.40+0.61/0.36/0+0.006 ms cpu, 3->3->0 MB, 4 MB goal, 0 MB stacks, 0 MB globals, 2 P
gc 1445 @59.822s 1%: 0.12+0.66+0.024 ms clock, 0.25+0.66/0.38/0+0.049 ms cpu, 3->3->0 MB, 4 MB goal, 0 MB stacks, 0 MB globals, 2 P
gc 1446 @59.841s 1%: 0.013+0.80+0.003 ms clock, 0.027+0.72/0.37/0+0.006 ms cpu, 3->3->0 MB, 4 MB goal, 0 MB stacks, 0 MB globals, 2 P
gc 1447 @59.857s 1%: 0.029+0.74+0.027 ms clock, 0.059+0.74/0.40/0+0.055 ms cpu, 3->3->0 MB, 4 MB goal, 0 MB stacks, 0 MB globals, 2 P
gc 1448 @59.874s 1%: 0.066+0.76+0.005 ms clock, 0.13+0.56/0.46/0+0.010 ms cpu, 3->3->0 MB, 4 MB goal, 0 MB stacks, 0 MB globals, 2 P
gc 1449 @59.891s 1%: 0.015+0.86+0.018 ms clock, 0.031+0.74/0.44/0+0.036 ms cpu, 3->3->0 MB, 4 MB goal, 0 MB stacks, 0 MB globals, 2 P
gc 1450 @59.908s 1%: 0.028+0.73+0.017 ms clock, 0.056+0.66/0.39/0+0.035 ms cpu, 3->3->0 MB, 4 MB goal, 0 MB stacks, 0 MB globals, 2 P
gc 1451 @59.924s 1%: 0.38+0.66+0.003 ms clock, 0.77+0.39/0.55/0+0.006 ms cpu, 3->3->0 MB, 4 MB goal, 0 MB stacks, 0 MB globals, 2 P
gc 1452 @59.943s 1%: 0.16+0.59+0.014 ms clock, 0.32+0.67/0.36/0+0.029 ms cpu, 3->3->0 MB, 4 MB goal, 0 MB stacks, 0 MB globals, 2 P
gc 1453 @59.961s 1%: 0.013+0.74+0.003 ms clock, 0.026+0.84/0.30/0+0.007 ms cpu, 3->3->0 MB, 4 MB goal, 0 MB stacks, 0 MB globals, 2 P
gc 1454 @59.978s 1%: 0.024+0.67+0.016 ms clock, 0.048+0.69/0.36/0+0.033 ms cpu, 3->3->0 MB, 4 MB goal, 0 MB stacks, 0 MB globals, 2 P
gc 1455 @59.994s 1%: 0.022+1.0+0.012 ms clock, 0.044+0.63/0.46/0+0.024 ms cpu, 3->3->0 MB, 4 MB goal, 0 MB stacks, 0 MB globals, 2 P
gc 1456 @60.011s 1%: 0.024+0.70+0.006 ms clock, 0.049+0.74/0.33/0+0.013 ms cpu, 3->3->0 MB, 4 MB goal, 0 MB stacks, 0 MB globals, 2 P
gc 1457 @60.028s 1%: 0.022+0.78+0.017 ms clock, 0.045+0.71/0.39/0+0.035 ms cpu, 3->3->0 MB, 4 MB goal, 0 MB stacks, 0 MB globals, 2 P
gc 1458 @60.045s 1%: 0.90+0.62+0.025 ms clock, 1.8+0.84/0.35/0+0.051 ms cpu, 3->3->0 MB, 4 MB goal, 0 MB stacks, 0 MB globals, 2 P
gc 1459 @60.063s 1%: 0.017+0.77+0.024 ms clock, 0.034+0.65/0.46/0+0.049 ms cpu, 3->3->0 MB, 4 MB goal, 0 MB stacks, 0 MB globals, 2 P
gc 1460 @60.080s 1%: 0.016+1.0+0.033 ms clock, 0.033+0.62/0.39/0+0.067 ms cpu, 3->3->0 MB, 4 MB goal, 0 MB stacks, 0 MB globals, 2 P
gc 1461 @60.097s 1%: 0.013+0.71+0.019 ms clock, 0.027+0.61/0.44/0+0.038 ms cpu, 3->3->0 MB, 4 MB goal, 0 MB stacks, 0 MB globals, 2 P
gc 1462 @60.115s 1%: 0.041+0.69+0.013 ms clock, 0.082+0.69/0.41/0+0.027 ms cpu, 3->3->0 MB, 4 MB goal, 0 MB stacks, 0 MB globals, 2 P
gc 1463 @60.132s 1%: 0.040+0.76+0.025 ms clock, 0.081+0.57/0.53/0+0.050 ms cpu, 3->3->0 MB, 4 MB goal, 0 MB stacks, 0 MB globals, 2 P
gc 1464 @60.151s 1%: 0.049+0.91+0.021 ms clock, 0.099+0.59/0.60/0+0.042 ms cpu, 3->3->0 MB, 4 MB goal, 0 MB stacks, 0 MB globals, 2 P
gc 1465 @60.169s 1%: 0.027+0.76+0.016 ms clock, 0.054+0.70/0.38/0+0.033 ms cpu, 3->3->0 MB, 4 MB goal, 0 MB stacks, 0 MB globals, 2 P
gc 1466 @60.188s 1%: 0.39+0.35+0.013 ms clock, 0.79+0.52/0.33/0+0.026 ms cpu, 3->3->0 MB, 4 MB goal, 0 MB stacks, 0 MB globals, 2 P
gc 1467 @60.206s 1%: 0.042+0.94+0.003 ms clock, 0.084+0.66/0.47/0+0.006 ms cpu, 3->3->0 MB, 4 MB goal, 0 MB stacks, 0 MB globals, 2 P
gc 1468 @60.225s 1%: 0.12+0.92+0.031 ms clock, 0.24+0.64/0.36/0+0.062 ms cpu, 3->3->0 MB, 4 MB goal, 0 MB stacks, 0 MB globals, 2 P
gc 1469 @60.243s 1%: 0.015+0.73+0.004 ms clock, 0.030+0.70/0.36/0+0.009 ms cpu, 3->3->0 MB, 4 MB goal, 0 MB stacks, 0 MB globals, 2 P
gc 1470 @60.260s 1%: 0.015+1.0+0.011 ms clock, 0.031+1.3/0.29/0+0.022 ms cpu, 3->3->0 MB, 4 MB goal, 0 MB stacks, 0 MB globals, 2 P
gc 1471 @60.276s 1%: 0.020+0.66+0.018 ms clock, 0.040+0.69/0.31/0+0.036 ms cpu, 3->3->0 MB, 4 MB goal, 0 MB stacks, 0 MB globals, 2 P
gc 1472 @60.290s 1%: 0.014+0.81+0.023 ms clock, 0.029+0.68/0.46/0+0.046 ms cpu, 3->3->0 MB, 4 MB goal, 0 MB stacks, 0 MB globals, 2 P
gc 1473 @60.305s 1%: 0.031+0.79+0.003 ms clock, 0.063+0.59/0.46/0+0.006 ms cpu, 3->3->0 MB, 4 MB goal, 0 MB stacks, 0 MB globals, 2 P
gc 1474 @60.320s 1%: 0.26+0.48+0.003 ms clock, 0.52+0.43/0.50/0+0.007 ms cpu, 3->3->0 MB, 4 MB goal, 0 MB stacks, 0 MB globals, 2 P
gc 1475 @60.335s 1%: 0.52+0.35+0.003 ms clock, 1.0+0.59/0.33/0+0.007 ms cpu, 3->3->0 MB, 4 MB goal, 0 MB stacks, 0 MB globals, 2 P
gc 1476 @60.353s 1%: 0.019+0.87+0.036 ms clock, 0.039+0.65/0.36/0+0.072 ms cpu, 3->3->0 MB, 4 MB goal, 0 MB stacks, 0 MB globals, 2 P
gc 1477 @60.372s 1%: 0.030+0.65+0.018 ms clock, 0.060+0.58/0.37/0+0.037 ms cpu, 3->3->0 MB, 4 MB goal, 0 MB stacks, 0 MB globals, 2 P
gc 1478 @60.390s 1%: 0.032+1.0+0.048 ms clock, 0.065+0.70/0.40/0+0.096 ms cpu, 3->3->0 MB, 4 MB goal, 0 MB stacks, 0 MB globals, 2 P
gc 1479 @60.408s 1%: 0.034+0.75+0.003 ms clock, 0.068+0.65/0.44/0+0.006 ms cpu, 3->3->0 MB, 4 MB goal, 0 MB stacks, 0 MB globals, 2 P
gc 1480 @60.426s 1%: 0.029+0.77+0.046 ms clock, 0.058+0.77/0.42/0+0.093 ms cpu, 3->3->0 MB, 4 MB goal, 0 MB stacks, 0 MB globals, 2 P
gc 1481 @60.444s 1%: 0.027+1.5+0.002 ms clock, 0.054+0.48/0.27/0+0.005 ms cpu, 3->3->1 MB, 4 MB goal, 0 MB stacks, 0 MB globals, 2 P
gc 1482 @60.461s 1%: 0.019+1.0+0.003 ms clock, 0.038+0.59/0.51/0+0.006 ms cpu, 3->3->0 MB, 4 MB goal, 0 MB stacks, 0 MB globals, 2 P
gc 1483 @60.479s 1%: 0.024+0.72+0.019 ms clock, 0.048+0.60/0.37/0+0.038 ms cpu, 3->3->0 MB, 4 MB goal, 0 MB stacks, 0 MB globals, 2 P
gc 1484 @60.496s 1%: 0.37+0.48+0.002 ms clock, 0.74+0.47/0.48/0+0.005 ms cpu, 3->3->0 MB, 4 MB goal, 0 MB stacks, 0 MB globals, 2 P
gc 1485 @60.514s 1%: 0.033+0.70+0.013 ms clock, 0.066+0.69/0.36/0+0.027 ms cpu, 3->3->0 MB, 4 MB goal, 0 MB stacks, 0 MB globals, 2 P
gc 1486 @60.532s 1%: 0.017+0.72+0.019 ms clock, 0.034+0.74/0.39/0+0.039 ms cpu, 3->3->0 MB, 4 MB goal, 0 MB stacks, 0 MB globals, 2 P
gc 1487 @60.550s 1%: 0.051+0.73+0.003 ms clock, 0.10+0.77/0.33/0+0.007 ms cpu, 3->3->0 MB, 4 MB goal, 0 MB stacks, 0 MB globals, 2 P
gc 1488 @60.569s 1%: 0.073+1.0+0.036 ms clock, 0.14+0.94/0.51/0+0.072 ms cpu, 3->3->0 MB, 4 MB goal, 0 MB stacks, 0 MB globals, 2 P
gc 1489 @60.588s 1%: 0.045+0.96+0.003 ms clock, 0.090+0.60/0.38/0+0.006 ms cpu, 3->3->0 MB, 4 MB goal, 0 MB stacks, 0 MB globals, 2 P
gc 1490 @60.606s 1%: 0.030+0.98+0.005 ms clock, 0.061+0.67/0.51/0+0.010 ms cpu, 3->3->0 MB, 4 MB goal, 0 MB stacks, 0 MB globals, 2 P
gc 1491 @60.624s 1%: 0.012+0.92+0.015 ms clock, 0.024+0.70/0.42/0+0.031 ms cpu, 3->3->0 MB, 4 MB goal, 0 MB stacks, 0 MB globals, 2 P
gc 1492 @60.642s 1%: 0.022+0.87+0.008 ms clock, 0.044+0.76/0.39/0+0.017 ms cpu, 3->3->0 MB, 4 MB goal, 0 MB stacks, 0 MB globals, 2 P
gc 1493 @60.660s 1%: 0.028+0.77+0.008 ms clock, 0.057+0.50/0.44/0.058+0.016 ms cpu, 3->3->0 MB, 4 MB goal, 0 MB stacks, 0 MB globals, 2 P
gc 1494 @60.678s 1%: 0.016+0.74+0.018 ms clock, 0.032+0.77/0.36/0+0.037 ms cpu, 3->3->0 MB, 4 MB goal, 0 MB stacks, 0 MB globals, 2 P
gc 1495 @60.695s 1%: 0.025+1.0+0.003 ms clock, 0.051+0.79/0.33/0+0.006 ms cpu, 3->3->0 MB, 4 MB goal, 0 MB stacks, 0 MB globals, 2 P
gc 1496 @60.712s 1%: 0.060+0.71+0.018 ms clock, 0.12+0.69/0.36/0+0.036 ms cpu, 3->3->0 MB, 4 MB goal, 0 MB stacks, 0 MB globals, 2 P
gc 1497 @60.729s 1%: 0.041+0.73+0.012 ms clock, 0.082+0.69/0.43/0+0.024 ms cpu, 3->3->0 MB, 4 MB goal, 0 MB stacks, 0 MB globals, 2 P
gc 1498 @60.746s 1%: 0.023+0.75+0.010 ms clock, 0.046+0.78/0.33/0+0.020 ms cpu, 3->3->0 MB, 4 MB goal, 0 MB stacks, 0 MB globals, 2 P
gc 1499 @60.761s 1%: 0.059+0.80+0.005 ms clock, 0.11+0.78/0.42/0+0.011 ms cpu, 3->3->0 MB, 4 MB goal, 0 MB stacks, 0 MB globals, 2 P
gc 1500 @60.777s 1%: 0.042+0.99+0.006 ms clock, 0.084+0.57/0.51/0+0.012 ms cpu, 3->3->0 MB, 4 MB goal, 0 MB stacks, 0 MB globals, 2 P
gc 1501 @60.793s 1%: 0.025+0.83+0.026 ms clock, 0.050+0.65/0.39/0+0.052 ms cpu, 3->3->0 MB, 4 MB goal, 0 MB stacks, 0 MB globals, 2 P
gc 1502 @60.809s 1%: 1.0+0.63+0.002 ms clock, 2.1+0.36/0.97/0+0.005 ms cpu, 3->3->1 MB, 4 MB goal, 0 MB stacks, 0 MB globals, 2 P
gc 1503 @60.825s 1%: 0.013+0.77+0.017 ms clock, 0.027+0.73/0.46/0+0.034 ms cpu, 3->3->0 MB, 4 MB goal, 0 MB stacks, 0 MB globals, 2 P
gc 1504 @60.843s 1%: 0.021+0.70+0.002 ms clock, 0.043+0.65/0.38/0+0.005 ms cpu, 3->3->0 MB, 4 MB goal, 0 MB stacks, 0 MB globals, 2 P
gc 1505 @60.860s 1%: 0.017+0.77+0.006 ms clock, 0.034+0.59/0.35/0+0.012 ms cpu, 3->3->0 MB, 4 MB goal, 0 MB stacks, 0 MB globals, 2 P
gc 1506 @60.878s 1%: 0.50+0.87+0.018 ms clock, 1.0+0.62/0.33/0+0.037 ms cpu, 3->3->0 MB, 4 MB goal, 0 MB stacks, 0 MB globals, 2 P
gc 1507 @60.896s 1%: 0.033+0.72+0.016 ms clock, 0.067+0.59/0.47/0+0.033 ms cpu, 3->3->0 MB, 4 MB goal, 0 MB stacks, 0 MB globals, 2 P
gc 1508 @60.913s 1%: 0.014+0.78+0.016 ms clock, 0.028+0.68/0.35/0+0.032 ms cpu, 3->3->0 MB, 4 MB goal, 0 MB stacks, 0 MB globals, 2 P
gc 1509 @60.931s 1%: 0.041+0.81+0.003 ms clock, 0.083+0.64/0.44/0+0.006 ms cpu, 3->3->0 MB, 4 MB goal, 0 MB stacks, 0 MB globals, 2 P
gc 1510 @60.949s 1%: 0.019+0.70+0.028 ms clock, 0.038+0.65/0.36/0+0.057 ms cpu, 3->3->0 MB, 4 MB goal, 0 MB stacks, 0 MB globals, 2 P
gc 1511 @60.967s 1%: 0.036+0.66+0.004 ms clock, 0.073+0.64/0.39/0+0.008 ms cpu, 3->3->0 MB, 4 MB goal, 0 MB stacks, 0 MB globals, 2 P
gc 1512 @60.985s 1%: 0.029+0.85+0.005 ms clock, 0.058+0.78/0.41/0+0.010 ms cpu, 3->3->0 MB, 4 MB goal, 0 MB stacks, 0 MB globals, 2 P
gc 1513 @61.003s 1%: 0.033+0.80+0.020 ms clock, 0.066+0.65/0.51/0+0.040 ms cpu, 3->3->0 MB, 4 MB goal, 0 MB stacks, 0 MB globals, 2 P
gc 1514 @61.020s 1%: 0.060+0.74+0.004 ms clock, 0.12+0.65/0.36/0+0.008 ms cpu, 3->3->0 MB, 4 MB goal, 0 MB stacks, 0 MB globals, 2 P
gc 1515 @61.038s 1%: 0.037+0.75+0.021 ms clock, 0.075+0.64/0.43/0+0.043 ms cpu, 3->3->0 MB, 4 MB goal, 0 MB stacks, 0 MB globals, 2 P
gc 1516 @61.056s 1%: 0.037+0.67+0.019 ms clock, 0.074+0.64/0.40/0+0.039 ms cpu, 3->3->0 MB, 4 MB goal, 0 MB stacks, 0 MB globals, 2 P
gc 1517 @61.074s 1%: 0.021+0.70+0.035 ms clock, 0.042+0.67/0.32/0+0.071 ms cpu, 3->3->0 MB, 4 MB goal, 0 MB stacks, 0 MB globals, 2 P
gc 1518 @61.093s 1%: 0.032+0.88+0.003 ms clock, 0.064+0.68/0.47/0+0.007 ms cpu, 3->3->0 MB, 4 MB goal, 0 MB stacks, 0 MB globals, 2 P
gc 1519 @61.111s 1%: 0.28+0.55+0.010 ms clock, 0.57+0.53/0.45/0+0.020 ms cpu, 3->3->0 MB, 4 MB goal, 0 MB stacks, 0 MB globals, 2 P
gc 1520 @61.130s 1%: 0.026+1.2+0.003 ms clock, 0.052+0.38/0.26/0+0.006 ms cpu, 3->3->0 MB, 4 MB goal, 0 MB stacks, 0 MB globals, 2 P
gc 1521 @61.148s 1%: 0.19+0.56+0.028 ms clock, 0.38+0.63/0.36/0+0.057 ms cpu, 3->3->0 MB, 4 MB goal, 0 MB stacks, 0 MB globals, 2 P
gc 1522 @61.167s 1%: 0.022+0.73+0.003 ms clock, 0.045+0.67/0.41/0+0.007 ms cpu, 3->3->0 MB, 4 MB goal, 0 MB stacks, 0 MB globals, 2 P
gc 1523 @61.186s 1%: 0.015+0.76+0.016 ms clock, 0.031+0.67/0.47/0+0.032 ms cpu, 3->3->0 MB, 4 MB goal, 0 MB stacks, 0 MB globals, 2 P
gc 1524 @61.204s 1%: 0.012+1.0+0.003 ms clock, 0.025+0.69/0.41/0+0.006 ms cpu, 3->3->0 MB, 4 MB goal, 0 MB stacks, 0 MB globals, 2 P
gc 1525 @61.222s 1%: 0.055+0.87+0.016 ms clock, 0.11+0.57/0.46/0+0.033 ms cpu, 3->3->0 MB, 4 MB goal, 0 MB stacks, 0 MB globals, 2 P
gc 1526 @61.240s 1%: 0.041+0.68+0.003 ms clock, 0.083+0.67/0.36/0+0.007 ms cpu, 3->3->0 MB, 4 MB goal, 0 MB stacks, 0 MB globals, 2 P
gc 1527 @61.257s 1%: 0.28+0.52+0.011 ms clock, 0.56+0.54/0.46/0+0.022 ms cpu, 3->3->0 MB, 4 MB goal, 0 MB stacks, 0 MB globals, 2 P
gc 1528 @61.275s 1%: 0.045+1.0+0.043 ms clock, 0.090+0.68/0.38/0+0.086 ms cpu, 3->3->0 MB, 4 MB goal, 0 MB stacks, 0 MB globals, 2 P
gc 1529 @61.293s 1%: 0.030+0.82+0.015 ms clock, 0.060+0.60/0.44/0+0.031 ms cpu, 3->3->0 MB, 4 MB goal, 0 MB stacks, 0 MB globals, 2 P
gc 1530 @61.312s 1%: 0.029+0.86+0.012 ms clock, 0.058+0.65/0.53/0+0.024 ms cpu, 3->3->0 MB, 4 MB goal, 0 MB stacks, 0 MB globals, 2 P
gc 1531 @61.330s 1%: 0.014+0.73+0.002 ms clock, 0.029+0.68/0.42/0+0.005 ms cpu, 3->3->0 MB, 4 MB goal, 0 MB stacks, 0 MB globals, 2 P
gc 1532 @61.348s 1%: 0.031+0.73+0.011 ms clock, 0.062+0.61/0.40/0+0.022 ms cpu, 3->3->0 MB, 4 MB goal, 0 MB stacks, 0 MB globals, 2 P
gc 1533 @61.365s 1%: 0.59+0.52+0.023 ms clock, 1.1+0.36/0.65/0+0.047 ms cpu, 3->3->0 MB, 4 MB goal, 0 MB stacks, 0 MB globals, 2 P
gc 1534 @61.383s 1%: 0.026+0.82+0.005 ms clock, 0.053+0.64/0.55/0+0.011 ms cpu, 3->3->0 MB, 4 MB goal, 0 MB stacks, 0 MB globals, 2 P
gc 1535 @61.401s 1%: 0.045+0.68+0.017 ms clock, 0.091+0.68/0.34/0+0.035 ms cpu, 3->3->0 MB, 4 MB goal, 0 MB stacks, 0 MB globals, 2 P
gc 1536 @61.418s 1%: 0.014+0.95+0.003 ms clock, 0.029+0.75/0.35/0+0.006 ms cpu, 3->3->0 MB, 4 MB goal, 0 MB stacks, 0 MB globals, 2 P
gc 1537 @61.436s 1%: 0.043+0.81+0.008 ms clock, 0.086+0.71/0.43/0+0.017 ms cpu, 3->3->0 MB, 4 MB goal, 0 MB stacks, 0 MB globals, 2 P
gc 1538 @61.453s 1%: 0.017+0.86+0.004 ms clock, 0.035+0.67/0.55/0+0.009 ms cpu, 3->3->0 MB, 4 MB goal, 0 MB stacks, 0 MB globals, 2 P
gc 1539 @61.470s 1%: 0.017+1.1+0.003 ms clock, 0.034+0.79/0.35/0+0.006 ms cpu, 3->3->0 MB, 4 MB goal, 0 MB stacks, 0 MB globals, 2 P
gc 1540 @61.488s 1%: 0.037+1.4+0.002 ms clock, 0.074+0.49/0.24/0+0.005 ms cpu, 3->3->0 MB, 4 MB goal, 0 MB stacks, 0 MB globals, 2 P
gc 1541 @61.505s 1%: 0.028+0.70+0.002 ms clock, 0.056+0.65/0.40/0+0.005 ms cpu, 3->3->0 MB, 4 MB goal, 0 MB stacks, 0 MB globals, 2 P
gc 1542 @61.523s 1%: 0.020+0.86+0.015 ms clock, 0.041+0.62/0.49/0+0.030 ms cpu, 3->3->0 MB, 4 MB goal, 0 MB stacks, 0 MB globals, 2 P
gc 1543 @61.542s 1%: 0.042+0.88+0.024 ms clock, 0.084+0.58/0.53/0+0.049 ms cpu, 3->3->0 MB, 4 MB goal, 0 MB stacks, 0 MB globals, 2 P
gc 1544 @61.560s 1%: 0.32+0.58+0.005 ms clock, 0.65+0.53/0.41/0+0.010 ms cpu, 3->3->0 MB, 4 MB goal, 0 MB stacks, 0 MB globals, 2 P
gc 1545 @61.579s 1%: 0.023+0.74+0.003 ms clock, 0.046+0.72/0.33/0+0.007 ms cpu, 3->3->0 MB, 4 MB goal, 0 MB stacks, 0 MB globals, 2 P
gc 1546 @61.598s 1%: 0.024+0.81+0.051 ms clock, 0.048+0.66/0.53/0+0.10 ms cpu, 3->3->0 MB, 4 MB goal, 0 MB stacks, 0 MB globals, 2 P
gc 1547 @61.617s 1%: 0.013+0.72+0.002 ms clock, 0.026+0.66/0.37/0+0.005 ms cpu, 3->3->0 MB, 4 MB goal, 0 MB stacks, 0 MB globals, 2 P
gc 1548 @61.635s 1%: 0.031+1.3+0.028 ms clock, 0.062+0.81/0.42/0+0.057 ms cpu, 3->3->0 MB, 4 MB goal, 0 MB stacks, 0 MB globals, 2 P
gc 1549 @61.653s 1%: 0.032+0.88+0.014 ms clock, 0.065+0.70/0.44/0+0.029 ms cpu, 3->3->0 MB, 4 MB goal, 0 MB stacks, 0 MB globals, 2 P
gc 1550 @61.670s 1%: 0.034+0.64+0.003 ms clock, 0.069+0.63/0.37/0+0.006 ms cpu, 3->3->0 MB, 4 MB goal, 0 MB stacks, 0 MB globals, 2 P
gc 1551 @61.687s 1%: 0.12+1.0+0.033 ms clock, 0.25+0.60/0.40/0+0.066 ms cpu, 3->3->0 MB, 4 MB goal, 0 MB stacks, 0 MB globals, 2 P
gc 1552 @61.704s 1%: 0.020+0.66+0.022 ms clock, 0.041+0.65/0.37/0+0.044 ms cpu, 3->3->0 MB, 4 MB goal, 0 MB stacks, 0 MB globals, 2 P
gc 1553 @61.721s 1%: 0.019+0.75+0.005 ms clock, 0.038+0.68/0.36/0+0.011 ms cpu, 3->3->0 MB, 4 MB goal, 0 MB stacks, 0 MB globals, 2 P
gc 1554 @61.739s 1%: 0.36+0.47+0.029 ms clock, 0.72+0.50/0.47/0+0.058 ms cpu, 3->3->0 MB, 4 MB goal, 0 MB stacks, 0 MB globals, 2 P
gc 1555 @61.758s 1%: 0.015+1.1+0.002 ms clock, 0.030+0.63/0.47/0+0.005 ms cpu, 3->3->0 MB, 4 MB goal, 0 MB stacks, 0 MB globals, 2 P
gc 1556 @61.776s 1%: 0.11+0.59+0.018 ms clock, 0.22+0.63/0.37/0+0.036 ms cpu, 3->3->0 MB, 4 MB goal, 0 MB stacks, 0 MB globals, 2 P
gc 1557 @61.794s 1%: 0.018+0.85+0.029 ms clock, 0.037+0.79/0.38/0+0.059 ms cpu, 3->3->0 MB, 4 MB goal, 0 MB stacks, 0 MB globals, 2 P
gc 1558 @61.811s 1%: 0.028+0.68+0.026 ms clock, 0.056+0.68/0.37/0+0.052 ms cpu, 3->3->0 MB, 4 MB goal, 0 MB stacks, 0 MB globals, 2 P
gc 1559 @61.829s 1%: 0.031+0.80+0.018 ms clock, 0.063+0.66/0.47/0+0.036 ms cpu, 3->3->0 MB, 4 MB goal, 0 MB stacks, 0 MB globals, 2 P
gc 1560 @61.847s 1%: 0.017+1.0+0.020 ms clock, 0.034+0.50/0.44/0+0.041 ms cpu, 3->3->0 MB, 4 MB goal, 0 MB stacks, 0 MB globals, 2 P
gc 1561 @61.864s 1%: 0.012+1.1+0.017 ms clock, 0.025+0.64/0.55/0+0.034 ms cpu, 3->3->0 MB, 4 MB goal, 0 MB stacks, 0 MB globals, 2 P
gc 1562 @61.882s 1%: 0.030+0.76+0.002 ms clock, 0.060+0.72/0.43/0+0.005 ms cpu, 3->3->0 MB, 4 MB goal, 0 MB stacks, 0 MB globals, 2 P
gc 1563 @61.900s 1%: 0.056+0.80+0.011 ms clock, 0.11+0.66/0.45/0+0.023 ms cpu, 3->3->0 MB, 4 MB goal, 0 MB stacks, 0 MB globals, 2 P
gc 1564 @61.918s 1%: 0.15+0.94+0.004 ms clock, 0.31+0.51/0.62/0+0.009 ms cpu, 3->3->0 MB, 4 MB goal, 0 MB stacks, 0 MB globals, 2 P
gc 1565 @61.936s 1%: 0.013+0.75+0.054 ms clock, 0.027+0.72/0.40/0+0.10 ms cpu, 3->3->0 MB, 4 MB goal, 0 MB stacks, 0 MB globals, 2 P
gc 1566 @61.955s 1%: 0.058+0.70+0.002 ms clock, 0.11+0.65/0.40/0+0.005 ms cpu, 3->3->0 MB, 4 MB goal, 0 MB stacks, 0 MB globals, 2 P
gc 1567 @61.973s 1%: 0.015+0.66+0.004 ms clock, 0.031+0.58/0.39/0+0.009 ms cpu, 3->3->0 MB, 4 MB goal, 0 MB stacks, 0 MB globals, 2 P
gc 1568 @61.991s 1%: 0.036+0.90+0.006 ms clock, 0.072+0.72/0.41/0+0.013 ms cpu, 3->3->0 MB, 4 MB goal, 0 MB stacks, 0 MB globals, 2 P
gc 1569 @62.010s 1%: 0.14+0.71+0.042 ms clock, 0.29+0.61/0.42/0+0.085 ms cpu, 3->3->0 MB, 4 MB goal, 0 MB stacks, 0 MB globals, 2 P
gc 1570 @62.029s 1%: 0.21+0.56+0.020 ms clock, 0.43+0.55/0.39/0+0.041 ms cpu, 3->3->0 MB, 4 MB goal, 0 MB stacks, 0 MB globals, 2 P
gc 1571 @62.048s 1%: 0.021+0.69+0.022 ms clock, 0.042+0.69/0.35/0+0.045 ms cpu, 3->3->0 MB, 4 MB goal, 0 MB stacks, 0 MB globals, 2 P
gc 1572 @62.066s 1%: 0.022+0.95+0.019 ms clock, 0.044+0.61/0.52/0+0.038 ms cpu, 3->3->0 MB, 4 MB goal, 0 MB stacks, 0 MB globals, 2 P
gc 1573 @62.084s 1%: 0.029+0.86+0.014 ms clock, 0.058+0.47/0.57/0.019+0.028 ms cpu, 3->3->0 MB, 4 MB goal, 0 MB stacks, 0 MB globals, 2 P
gc 1574 @62.103s 1%: 0.013+0.74+0.003 ms clock, 0.026+0.69/0.41/0+0.006 ms cpu, 3->3->0 MB, 4 MB goal, 0 MB stacks, 0 MB globals, 2 P
gc 1575 @62.121s 1%: 0.024+0.72+0.022 ms clock, 0.048+0.70/0.43/0+0.045 ms cpu, 3->3->0 MB, 4 MB goal, 0 MB stacks, 0 MB globals, 2 P
gc 1576 @62.139s 1%: 0.017+0.89+0.024 ms clock, 0.035+0.60/0.55/0+0.049 ms cpu, 3->3->0 MB, 4 MB goal, 0 MB stacks, 0 MB globals, 2 P
gc 1577 @62.157s 1%: 0.054+1.4+0.014 ms clock, 0.10+0.53/0.47/0+0.029 ms cpu, 3->3->1 MB, 4 MB goal, 0 MB stacks, 0 MB globals, 2 P
gc 1578 @62.176s 1%: 0.034+0.76+0.019 ms clock, 0.068+0.71/0.40/0+0.039 ms cpu, 3->3->0 MB, 4 MB goal, 0 MB stacks, 0 MB globals, 2 P
gc 1579 @62.194s 1%: 0.015+0.75+0.013 ms clock, 0.031+0.68/0.43/0+0.026 ms cpu, 3->3->0 MB, 4 MB goal, 0 MB stacks, 0 MB globals, 2 P
gc 1580 @62.213s 1%: 0.039+1.2+0.003 ms clock, 0.078+0.57/0.43/0+0.007 ms cpu, 3->3->0 MB, 4 MB goal, 0 MB stacks, 0 MB globals, 2 P
gc 1581 @62.231s 1%: 0.013+1.2+0.003 ms clock, 0.027+0.49/0.52/0+0.006 ms cpu, 3->3->0 MB, 4 MB goal, 0 MB stacks, 0 MB globals, 2 P
gc 1582 @62.250s 1%: 0.013+1.1+0.004 ms clock, 0.026+0.68/0.39/0+0.009 ms cpu, 3->3->0 MB, 4 MB goal, 0 MB stacks, 0 MB globals, 2 P
gc 1583 @62.268s 1%: 0.041+1.6+0.002 ms clock, 0.082+0.44/0.28/0+0.005 ms cpu, 3->3->1 MB, 4 MB goal, 0 MB stacks, 0 MB globals, 2 P
gc 1584 @62.287s 1%: 0.016+1.0+0.034 ms clock, 0.033+0.53/0.55/0+0.068 ms cpu, 3->3->0 MB, 4 MB goal, 0 MB stacks, 0 MB globals, 2 P
gc 1585 @62.305s 1%: 0.013+0.74+0.034 ms clock, 0.027+0.52/0.48/0+0.069 ms cpu, 3->3->0 MB, 4 MB goal, 0 MB stacks, 0 MB globals, 2 P
gc 1586 @62.323s 1%: 0.015+0.78+0.035 ms clock, 0.031+0.71/0.43/0+0.070 ms cpu, 3->3->0 MB, 4 MB goal, 0 MB stacks, 0 MB globals, 2 P
gc 1587 @62.341s 1%: 0.025+0.75+0.010 ms clock, 0.050+0.57/0.51/0+0.021 ms cpu, 3->3->0 MB, 4 MB goal, 0 MB stacks, 0 MB globals, 2 P
gc 1588 @62.359s 1%: 0.016+0.83+0.023 ms clock, 0.033+0.72/0.44/0+0.046 ms cpu, 3->3->0 MB, 4 MB goal, 0 MB stacks, 0 MB globals, 2 P
gc 1589 @62.377s 1%: 0.042+0.86+0.024 ms clock, 0.085+0.40/0.64/0+0.048 ms cpu, 3->3->0 MB, 4 MB goal, 0 MB stacks, 0 MB globals, 2 P
gc 1590 @62.395s 1%: 0.013+0.78+0.032 ms clock, 0.026+0.71/0.34/0+0.064 ms cpu, 3->3->0 MB, 4 MB goal, 0 MB stacks, 0 MB globals, 2 P
gc 1591 @62.413s 1%: 0.024+0.79+0.002 ms clock, 0.049+0.53/0.50/0+0.005 ms cpu, 3->3->0 MB, 4 MB goal, 0 MB stacks, 0 MB globals, 2 P
gc 1592 @62.431s 1%: 0.083+1.1+0.002 ms clock, 0.16+0.59/0.44/0+0.005 ms cpu, 3->3->0 MB, 4 MB goal, 0 MB stacks, 0 MB globals, 2 P
gc 1593 @62.450s 1%: 0.16+0.77+0.028 ms clock, 0.32+0.53/0.53/0+0.056 ms cpu, 3->3->0 MB, 4 MB goal, 0 MB stacks, 0 MB globals, 2 P
gc 1594 @62.468s 1%: 0.017+0.70+0.020 ms clock, 0.035+0.72/0.33/0+0.040 ms cpu, 3->3->0 MB, 4 MB goal, 0 MB stacks, 0 MB globals, 2 P
gc 1595 @62.485s 1%: 0.026+0.71+0.002 ms clock, 0.052+0.70/0.37/0+0.005 ms cpu, 3->3->0 MB, 4 MB goal, 0 MB stacks, 0 MB globals, 2 P
gc 1596 @62.501s 1%: 0.031+1.0+0.085 ms clock, 0.063+0.61/0.40/0+0.17 ms cpu, 3->3->0 MB, 4 MB goal, 0 MB stacks, 0 MB globals, 2 P
gc 1597 @62.518s 1%: 0.016+0.79+0.010 ms clock, 0.033+0.68/0.44/0+0.020 ms cpu, 3->3->0 MB, 4 MB goal, 0 MB stacks, 0 MB globals, 2 P
gc 1598 @62.534s 1%: 0.033+0.83+0.002 ms clock, 0.067+0.62/0.48/0+0.005 ms cpu, 3->3->0 MB, 4 MB goal, 0 MB stacks, 0 MB globals, 2 P
gc 1599 @62.551s 1%: 0.12+0.56+0.020 ms clock, 0.25+0.67/0.31/0+0.041 ms cpu, 3->3->0 MB, 4 MB goal, 0 MB stacks, 0 MB globals, 2 P
gc 1600 @62.569s 1%: 0.027+1.0+0.003 ms clock, 0.055+0.78/0.34/0+0.006 ms cpu, 3->3->0 MB, 4 MB goal, 0 MB stacks, 0 MB globals, 2 P
gc 1601 @62.587s 1%: 0.015+0.78+0.002 ms clock, 0.031+0.70/0.38/0+0.005 ms cpu, 3->3->0 MB, 4 MB goal, 0 MB stacks, 0 MB globals, 2 P
gc 1602 @62.604s 1%: 0.027+0.70+0.016 ms clock, 0.054+0.69/0.42/0+0.033 ms cpu, 3->3->0 MB, 4 MB goal, 0 MB stacks, 0 MB globals, 2 P
gc 1603 @62.622s 1%: 0.24+1.0+0.002 ms clock, 0.49+0.81/0.60/0+0.005 ms cpu, 3->3->0 MB, 4 MB goal, 0 MB stacks, 0 MB globals, 2 P
gc 1604 @62.640s 1%: 0.014+0.72+0.017 ms clock, 0.029+0.71/0.41/0+0.034 ms cpu, 3->3->0 MB, 4 MB goal, 0 MB stacks, 0 MB globals, 2 P
gc 1605 @62.657s 1%: 0.040+0.66+0.003 ms clock, 0.081+0.70/0.32/0+0.007 ms cpu, 3->3->0 MB, 4 MB goal, 0 MB stacks, 0 MB globals, 2 P
gc 1606 @62.676s 1%: 0.013+1.1+0.002 ms clock, 0.026+0.74/0.36/0+0.005 ms cpu, 3->3->0 MB, 4 MB goal, 0 MB stacks, 0 MB globals, 2 P
gc 1607 @62.693s 1%: 0.017+0.92+0.003 ms clock, 0.034+0.67/0.59/0+0.007 ms cpu, 3->3->0 MB, 4 MB goal, 0 MB stacks, 0 MB globals, 2 P
gc 1608 @62.711s 1%: 0.042+0.96+0.028 ms clock, 0.084+0.65/0.43/0+0.056 ms cpu, 3->3->0 MB, 4 MB goal, 0 MB stacks, 0 MB globals, 2 P
gc 1609 @62.729s 1%: 0.42+1.0+0.003 ms clock, 0.85+0.58/0.49/0+0.007 ms cpu, 3->3->0 MB, 4 MB goal, 0 MB stacks, 0 MB globals, 2 P
gc 1610 @62.747s 1%: 0.080+0.82+0.003 ms clock, 0.16+0.63/0.46/0+0.007 ms cpu, 3->3->0 MB, 4 MB goal, 0 MB stacks, 0 MB globals, 2 P
gc 1611 @62.765s 1%: 0.028+0.76+0.025 ms clock, 0.056+0.70/0.38/0+0.051 ms cpu, 3->3->0 MB, 4 MB goal, 0 MB stacks, 0 MB globals, 2 P
gc 1612 @62.783s 1%: 0.039+0.75+0.002 ms clock, 0.079+0.69/0.47/0+0.005 ms cpu, 3->3->0 MB, 4 MB goal, 0 MB stacks, 0 MB globals, 2 P
gc 1613 @62.801s 1%: 0.036+1.1+0.004 ms clock, 0.073+0.71/0.39/0+0.009 ms cpu, 3->3->0 MB, 4 MB goal, 0 MB stacks, 0 MB globals, 2 P
gc 1614 @62.819s 1%: 0.017+0.74+0.004 ms clock, 0.034+0.71/0.36/0+0.008 ms cpu, 3->3->0 MB, 4 MB goal, 0 MB stacks, 0 MB globals, 2 P
gc 1615 @62.837s 1%: 0.014+0.74+0.002 ms clock, 0.028+0.72/0.42/0+0.005 ms cpu, 3->3->0 MB, 4 MB goal, 0 MB stacks, 0 MB globals, 2 P
gc 1616 @62.855s 1%: 0.017+0.78+0.011 ms clock, 0.035+0.71/0.32/0+0.022 ms cpu, 3->3->0 MB, 4 MB goal, 0 MB stacks, 0 MB globals, 2 P
