2026/03/14 17:49:06 no config path specified; using /var/lib/derper/derper.key
2026/03/14 17:49:06 STUN server listening on [::]:3478
2026/03/14 17:49:06 No mesh key configured
2026/03/14 17:49:06 derper: serving on :3340 with TLS
2026/03/14 17:49:10 http: TLS handshake error from 10.10.0.3:59218: unexpected EOF
gc 1 @4.033s 0%: 0.13+1.3+0.044 ms clock, 2.1+0.29/1.2/0+0.71 ms cpu, 3->4->1 MB, 4 MB goal, 0 MB stacks, 0 MB globals, 16 P
gc 2 @4.036s 0%: 0.15+0.97+0.052 ms clock, 2.5+1.3/1.4/0+0.83 ms cpu, 3->4->2 MB, 4 MB goal, 0 MB stacks, 0 MB globals, 16 P
gc 3 @4.037s 0%: 0.15+1.4+0.11 ms clock, 2.5+5.4/1.8/0+1.8 ms cpu, 4->4->2 MB, 4 MB goal, 0 MB stacks, 0 MB globals, 16 P
gc 4 @4.040s 0%: 0.23+0.99+0.12 ms clock, 3.7+0.78/0.94/0+2.0 ms cpu, 3->4->2 MB, 4 MB goal, 0 MB stacks, 0 MB globals, 16 P
gc 5 @4.042s 0%: 0.16+1.5+0.13 ms clock, 2.7+0.83/0.90/0+2.1 ms cpu, 4->5->2 MB, 4 MB goal, 0 MB stacks, 0 MB globals, 16 P
gc 6 @4.045s 0%: 0.17+0.56+0.16 ms clock, 2.8+0.63/0.82/0+2.5 ms cpu, 4->5->2 MB, 5 MB goal, 0 MB stacks, 0 MB globals, 16 P
gc 7 @4.046s 0%: 0.17+2.0+0.019 ms clock, 2.7+0.72/0.69/0.011+0.31 ms cpu, 3->6->3 MB, 4 MB goal, 0 MB stacks, 0 MB globals, 16 P
gc 8 @4.050s 0%: 0.16+1.2+0.34 ms clock, 2.6+0.65/1.0/0+5.5 ms cpu, 6->8->2 MB, 8 MB goal, 0 MB stacks, 0 MB globals, 16 P
gc 9 @4.052s 0%: 0.12+0.84+0.13 ms clock, 1.9+0.69/0.83/0+2.2 ms cpu, 5->6->2 MB, 6 MB goal, 0 MB stacks, 0 MB globals, 16 P
gc 10 @4.054s 0%: 0.15+0.67+0.14 ms clock, 2.4+0.79/1.0/0+2.2 ms cpu, 4->5->2 MB, 5 MB goal, 0 MB stacks, 0 MB globals, 16 P
gc 11 @4.056s 0%: 0.14+0.49+0.13 ms clock, 2.2+0.69/0.88/0+2.2 ms cpu, 4->5->2 MB, 5 MB goal, 0 MB stacks, 0 MB globals, 16 P
gc 12 @4.058s 0%: 0.21+0.64+0.20 ms clock, 3.3+0.79/0.89/0+3.2 ms cpu, 3->4->2 MB, 4 MB goal, 0 MB stacks, 0 MB globals, 16 P
gc 13 @4.059s 0%: 0.13+0.71+0.16 ms clock, 2.1+0.61/0.95/0+2.6 ms cpu, 4->5->2 MB, 5 MB goal, 0 MB stacks, 0 MB globals, 16 P
gc 14 @4.061s 0%: 0.16+0.58+0.089 ms clock, 2.5+0.72/0.91/0+1.4 ms cpu, 4->5->2 MB, 4 MB goal, 0 MB stacks, 0 MB globals, 16 P
gc 15 @4.063s 0%: 0.15+0.60+0.22 ms clock, 2.4+0.59/1.0/0+3.5 ms cpu, 4->5->2 MB, 4 MB goal, 0 MB stacks, 0 MB globals, 16 P
gc 16 @4.065s 0%: 0.12+0.48+0.17 ms clock, 1.9+0.50/0.95/0+2.7 ms cpu, 4->4->1 MB, 4 MB goal, 0 MB stacks, 0 MB globals, 16 P
gc 17 @4.066s 0%: 0.21+0.64+0.14 ms clock, 3.5+0.58/0.88/0+2.3 ms cpu, 3->4->2 MB, 4 MB goal, 0 MB stacks, 0 MB globals, 16 P
gc 18 @4.068s 0%: 0.21+0.70+0.099 ms clock, 3.4+0.61/0.91/0+1.5 ms cpu, 3->4->2 MB, 4 MB goal, 0 MB stacks, 0 MB globals, 16 P
gc 19 @4.070s 0%: 0.16+0.52+0.15 ms clock, 2.6+0.67/0.85/0+2.4 ms cpu, 4->5->2 MB, 5 MB goal, 0 MB stacks, 0 MB globals, 16 P
gc 20 @4.071s 0%: 0.12+0.80+0.19 ms clock, 1.9+0.45/1.1/0.13+3.0 ms cpu, 3->4->2 MB, 4 MB goal, 0 MB stacks, 0 MB globals, 16 P
gc 21 @4.073s 0%: 0.18+0.62+0.23 ms clock, 2.9+0.75/0.82/0+3.7 ms cpu, 4->5->2 MB, 5 MB goal, 0 MB stacks, 0 MB globals, 16 P
gc 22 @4.075s 0%: 0.19+0.69+0.12 ms clock, 3.1+0.61/1.2/0+2.0 ms cpu, 4->4->2 MB, 4 MB goal, 0 MB stacks, 0 MB globals, 16 P
gc 23 @4.077s 0%: 0.10+0.55+0.13 ms clock, 1.7+0.64/0.82/0+2.2 ms cpu, 4->4->1 MB, 5 MB goal, 0 MB stacks, 0 MB globals, 16 P
gc 24 @4.079s 0%: 0.16+0.80+0.20 ms clock, 2.6+0.54/0.99/0+3.2 ms cpu, 3->4->2 MB, 4 MB goal, 0 MB stacks, 0 MB globals, 16 P
gc 25 @4.081s 0%: 0.13+0.70+0.19 ms clock, 2.1+0.45/1.0/0+3.1 ms cpu, 4->5->2 MB, 5 MB goal, 0 MB stacks, 0 MB globals, 16 P
gc 26 @4.082s 0%: 0.20+0.62+0.15 ms clock, 3.2+0.71/1.0/0+2.5 ms cpu, 4->5->2 MB, 4 MB goal, 0 MB stacks, 0 MB globals, 16 P
gc 27 @4.084s 0%: 0.11+0.77+0.15 ms clock, 1.8+0.63/0.96/0+2.5 ms cpu, 4->5->2 MB, 4 MB goal, 0 MB stacks, 0 MB globals, 16 P
gc 28 @4.086s 0%: 0.19+0.54+0.17 ms clock, 3.1+0.61/0.89/0+2.7 ms cpu, 4->4->2 MB, 5 MB goal, 0 MB stacks, 0 MB globals, 16 P
gc 29 @4.088s 0%: 0.18+0.55+0.10 ms clock, 3.0+0.73/0.96/0+1.7 ms cpu, 3->4->2 MB, 4 MB goal, 0 MB stacks, 0 MB globals, 16 P
gc 30 @4.090s 0%: 0.15+0.78+0.087 ms clock, 2.4+0.68/1.0/0+1.3 ms cpu, 3->5->2 MB, 4 MB goal, 0 MB stacks, 0 MB globals, 16 P
gc 31 @4.092s 0%: 0.20+0.63+0.11 ms clock, 3.2+0.66/1.0/0+1.8 ms cpu, 4->5->2 MB, 5 MB goal, 0 MB stacks, 0 MB globals, 16 P
gc 32 @4.093s 0%: 0.19+0.78+0.13 ms clock, 3.1+0.62/1.0/0+2.1 ms cpu, 4->5->2 MB, 4 MB goal, 0 MB stacks, 0 MB globals, 16 P
gc 33 @4.096s 0%: 0.11+0.75+0.22 ms clock, 1.7+0.60/1.0/0.017+3.6 ms cpu, 4->5->2 MB, 5 MB goal, 0 MB stacks, 0 MB globals, 16 P
gc 34 @4.097s 0%: 0.16+0.81+0.18 ms clock, 2.6+0.60/1.0/0+2.9 ms cpu, 4->5->2 MB, 4 MB goal, 0 MB stacks, 0 MB globals, 16 P
gc 35 @4.099s 0%: 0.14+0.58+0.23 ms clock, 2.2+0.54/0.99/0+3.8 ms cpu, 4->5->2 MB, 5 MB goal, 0 MB stacks, 0 MB globals, 16 P
gc 36 @4.101s 0%: 0.14+0.71+0.15 ms clock, 2.2+0.89/1.0/0+2.5 ms cpu, 4->5->2 MB, 4 MB goal, 0 MB stacks, 0 MB globals, 16 P
gc 37 @4.103s 0%: 0.12+0.57+0.12 ms clock, 1.9+0.74/0.96/0+2.0 ms cpu, 4->5->2 MB, 5 MB goal, 0 MB stacks, 0 MB globals, 16 P
gc 38 @4.105s 0%: 0.082+0.58+0.17 ms clock, 1.3+0.58/1.0/0+2.7 ms cpu, 3->4->1 MB, 4 MB goal, 0 MB stacks, 0 MB globals, 16 P
gc 39 @4.106s 0%: 0.17+0.70+0.12 ms clock, 2.7+0.64/1.0/0+2.0 ms cpu, 3->4->2 MB, 4 MB goal, 0 MB stacks, 0 MB globals, 16 P
gc 40 @4.108s 0%: 0.10+0.72+0.10 ms clock, 1.7+0.69/0.88/0+1.6 ms cpu, 4->5->2 MB, 5 MB goal, 0 MB stacks, 0 MB globals, 16 P
gc 41 @4.110s 0%: 0.10+0.58+0.14 ms clock, 1.6+0.63/1.0/0+2.3 ms cpu, 4->4->2 MB, 4 MB goal, 0 MB stacks, 0 MB globals, 16 P
gc 42 @4.112s 0%: 0.11+0.70+0.093 ms clock, 1.7+0.54/0.96/0+1.4 ms cpu, 4->4->2 MB, 4 MB goal, 0 MB stacks, 0 MB globals, 16 P
gc 43 @4.114s 0%: 0.16+0.96+0.074 ms clock, 2.6+0.67/0.99/0+1.1 ms cpu, 4->5->2 MB, 4 MB goal, 0 MB stacks, 0 MB globals, 16 P
gc 44 @4.116s 0%: 0.11+0.70+0.13 ms clock, 1.7+0.62/1.1/0+2.2 ms cpu, 4->5->2 MB, 5 MB goal, 0 MB stacks, 0 MB globals, 16 P
gc 45 @4.118s 0%: 0.10+0.76+0.049 ms clock, 1.7+0.58/1.1/0.007+0.79 ms cpu, 4->5->2 MB, 4 MB goal, 0 MB stacks, 0 MB globals, 16 P
gc 46 @4.120s 0%: 0.098+0.65+0.13 ms clock, 1.5+0.59/0.94/0+2.1 ms cpu, 4->5->2 MB, 5 MB goal, 0 MB stacks, 0 MB globals, 16 P
gc 47 @4.122s 0%: 0.15+0.52+0.16 ms clock, 2.5+0.61/0.89/0+2.6 ms cpu, 4->4->2 MB, 4 MB goal, 0 MB stacks, 0 MB globals, 16 P
gc 48 @4.123s 0%: 0.17+0.58+0.13 ms clock, 2.7+0.69/0.91/0+2.1 ms cpu, 4->4->2 MB, 4 MB goal, 0 MB stacks, 0 MB globals, 16 P
gc 49 @4.125s 0%: 0.12+0.64+0.096 ms clock, 2.0+0.63/0.80/0.10+1.5 ms cpu, 4->4->2 MB, 4 MB goal, 0 MB stacks, 0 MB globals, 16 P
gc 50 @4.127s 0%: 0.10+0.65+0.15 ms clock, 1.6+0.63/0.89/0+2.5 ms cpu, 3->4->2 MB, 4 MB goal, 0 MB stacks, 0 MB globals, 16 P
gc 51 @4.128s 0%: 0.15+0.71+0.11 ms clock, 2.4+0.70/0.93/0+1.8 ms cpu, 4->4->2 MB, 4 MB goal, 0 MB stacks, 0 MB globals, 16 P
gc 52 @4.130s 0%: 0.13+0.59+0.16 ms clock, 2.0+0.64/0.89/0+2.6 ms cpu, 4->5->2 MB, 4 MB goal, 0 MB stacks, 0 MB globals, 16 P
gc 53 @4.132s 0%: 0.10+0.65+0.11 ms clock, 1.6+0.49/1.0/0+1.7 ms cpu, 3->4->2 MB, 4 MB goal, 0 MB stacks, 0 MB globals, 16 P
gc 54 @4.134s 0%: 0.12+0.66+0.18 ms clock, 1.9+0.57/0.89/0.020+2.9 ms cpu, 4->5->2 MB, 4 MB goal, 0 MB stacks, 0 MB globals, 16 P
gc 55 @4.136s 0%: 0.18+0.81+0.095 ms clock, 2.8+0.62/1.0/0+1.5 ms cpu, 4->5->2 MB, 5 MB goal, 0 MB stacks, 0 MB globals, 16 P
gc 56 @4.138s 0%: 0.11+0.66+0.11 ms clock, 1.8+0.64/0.97/0+1.7 ms cpu, 4->5->2 MB, 5 MB goal, 0 MB stacks, 0 MB globals, 16 P
gc 57 @4.139s 0%: 0.11+0.67+0.18 ms clock, 1.7+0.54/0.98/0+2.9 ms cpu, 4->4->2 MB, 4 MB goal, 0 MB stacks, 0 MB globals, 16 P
gc 58 @4.141s 0%: 0.14+0.55+0.18 ms clock, 2.3+0.66/0.97/0+2.8 ms cpu, 4->4->2 MB, 4 MB goal, 0 MB stacks, 0 MB globals, 16 P
gc 59 @4.143s 0%: 0.12+0.59+0.059 ms clock, 2.0+0.51/0.94/0.005+0.94 ms cpu, 4->4->2 MB, 4 MB goal, 0 MB stacks, 0 MB globals, 16 P
gc 60 @4.145s 0%: 0.11+0.73+0.15 ms clock, 1.8+0.53/0.98/0.021+2.5 ms cpu, 3->4->2 MB, 4 MB goal, 0 MB stacks, 0 MB globals, 16 P
gc 61 @4.146s 0%: 0.11+0.59+0.12 ms clock, 1.8+0.61/0.81/0+2.0 ms cpu, 4->4->2 MB, 5 MB goal, 0 MB stacks, 0 MB globals, 16 P
gc 62 @4.148s 0%: 0.13+0.58+0.086 ms clock, 2.1+0.59/0.96/0+1.3 ms cpu, 3->4->2 MB, 4 MB goal, 0 MB stacks, 0 MB globals, 16 P
gc 63 @4.150s 0%: 0.13+0.80+0.082 ms clock, 2.1+0.73/0.75/0+1.3 ms cpu, 3->4->2 MB, 4 MB goal, 0 MB stacks, 0 MB globals, 16 P
gc 64 @4.152s 0%: 0.18+0.87+0.080 ms clock, 2.9+0.68/1.2/0+1.2 ms cpu, 4->5->2 MB, 4 MB goal, 0 MB stacks, 0 MB globals, 16 P
gc 65 @4.154s 0%: 0.11+0.68+0.12 ms clock, 1.9+0.65/0.94/0.031+1.9 ms cpu, 4->5->2 MB, 5 MB goal, 0 MB stacks, 0 MB globals, 16 P
gc 66 @4.156s 0%: 0.12+0.58+0.12 ms clock, 2.0+0.53/1.0/0+2.0 ms cpu, 4->4->2 MB, 4 MB goal, 0 MB stacks, 0 MB globals, 16 P
gc 67 @4.157s 0%: 0.10+0.69+0.17 ms clock, 1.7+0.73/1.1/0.006+2.8 ms cpu, 3->4->2 MB, 4 MB goal, 0 MB stacks, 0 MB globals, 16 P
gc 68 @4.159s 0%: 0.16+0.83+0.095 ms clock, 2.6+0.57/1.1/0+1.5 ms cpu, 4->5->2 MB, 4 MB goal, 0 MB stacks, 0 MB globals, 16 P
gc 69 @4.161s 0%: 0.13+0.61+0.094 ms clock, 2.1+0.59/1.0/0+1.5 ms cpu, 4->5->2 MB, 5 MB goal, 0 MB stacks, 0 MB globals, 16 P
gc 70 @4.163s 0%: 0.15+0.78+0.072 ms clock, 2.4+0.55/0.98/0+1.1 ms cpu, 3->4->2 MB, 4 MB goal, 0 MB stacks, 0 MB globals, 16 P
gc 71 @4.165s 0%: 0.16+0.52+0.081 ms clock, 2.6+0.60/0.91/0+1.3 ms cpu, 4->4->2 MB, 4 MB goal, 0 MB stacks, 0 MB globals, 16 P
gc 72 @4.166s 0%: 0.13+0.56+0.14 ms clock, 2.1+0.61/0.93/0+2.2 ms cpu, 3->4->2 MB, 4 MB goal, 0 MB stacks, 0 MB globals, 16 P
gc 73 @4.168s 0%: 0.14+0.57+0.16 ms clock, 2.2+0.69/0.91/0+2.6 ms cpu, 3->4->2 MB, 4 MB goal, 0 MB stacks, 0 MB globals, 16 P
gc 74 @4.169s 0%: 0.12+0.83+0.10 ms clock, 2.0+0.57/0.91/0+1.6 ms cpu, 3->4->2 MB, 4 MB goal, 0 MB stacks, 0 MB globals, 16 P
gc 75 @4.171s 0%: 0.13+0.58+0.11 ms clock, 2.1+0.55/1.0/0+1.8 ms cpu, 4->5->2 MB, 5 MB goal, 0 MB stacks, 0 MB globals, 16 P
gc 76 @4.173s 0%: 0.15+0.60+0.14 ms clock, 2.4+0.63/1.0/0+2.3 ms cpu, 4->4->2 MB, 4 MB goal, 0 MB stacks, 0 MB globals, 16 P
gc 77 @4.175s 0%: 0.10+0.65+0.14 ms clock, 1.7+0.63/1.0/0+2.3 ms cpu, 4->4->2 MB, 4 MB goal, 0 MB stacks, 0 MB globals, 16 P
gc 78 @4.177s 0%: 0.16+0.78+0.11 ms clock, 2.6+0.75/1.0/0+1.9 ms cpu, 3->4->2 MB, 4 MB goal, 0 MB stacks, 0 MB globals, 16 P
gc 79 @4.178s 0%: 0.17+0.83+0.17 ms clock, 2.7+0.86/0.94/0+2.7 ms cpu, 4->5->2 MB, 5 MB goal, 0 MB stacks, 0 MB globals, 16 P
gc 80 @4.181s 0%: 0.12+0.73+0.19 ms clock, 1.9+0.64/0.93/0+3.0 ms cpu, 4->5->2 MB, 5 MB goal, 0 MB stacks, 0 MB globals, 16 P
gc 81 @4.182s 0%: 0.13+0.60+0.091 ms clock, 2.1+0.55/0.97/0+1.4 ms cpu, 4->5->2 MB, 5 MB goal, 0 MB stacks, 0 MB globals, 16 P
gc 82 @4.184s 0%: 0.12+0.59+0.15 ms clock, 1.9+0.62/1.0/0.002+2.5 ms cpu, 3->4->2 MB, 4 MB goal, 0 MB stacks, 0 MB globals, 16 P
gc 83 @4.186s 0%: 0.18+0.91+0.088 ms clock, 3.0+0.60/0.98/0+1.4 ms cpu, 4->5->2 MB, 4 MB goal, 0 MB stacks, 0 MB globals, 16 P
gc 84 @4.188s 0%: 0.14+0.80+0.093 ms clock, 2.3+0.48/0.99/0+1.4 ms cpu, 4->5->2 MB, 5 MB goal, 0 MB stacks, 0 MB globals, 16 P
gc 85 @4.190s 0%: 0.10+0.70+0.068 ms clock, 1.7+0.58/1.1/0+1.0 ms cpu, 4->5->2 MB, 5 MB goal, 0 MB stacks, 0 MB globals, 16 P
gc 86 @4.192s 0%: 0.12+0.59+0.13 ms clock, 2.0+0.65/1.0/0.003+2.1 ms cpu, 4->4->2 MB, 5 MB goal, 0 MB stacks, 0 MB globals, 16 P
gc 87 @4.194s 0%: 0.14+0.79+0.094 ms clock, 2.2+0.47/1.3/0+1.5 ms cpu, 3->4->2 MB, 4 MB goal, 0 MB stacks, 0 MB globals, 16 P
gc 88 @4.196s 0%: 0.10+1.0+0.097 ms clock, 1.6+0.77/1.0/0+1.5 ms cpu, 4->5->2 MB, 5 MB goal, 0 MB stacks, 0 MB globals, 16 P
gc 89 @4.198s 0%: 0.092+0.67+0.097 ms clock, 1.4+0.69/0.83/0+1.5 ms cpu, 4->5->2 MB, 5 MB goal, 0 MB stacks, 0 MB globals, 16 P
gc 90 @4.200s 0%: 0.15+0.78+0.10 ms clock, 2.5+0.68/1.0/0+1.6 ms cpu, 3->4->2 MB, 4 MB goal, 0 MB stacks, 0 MB globals, 16 P
gc 91 @4.202s 0%: 0.14+0.87+0.16 ms clock, 2.3+0.76/0.90/0.009+2.6 ms cpu, 4->5->2 MB, 5 MB goal, 0 MB stacks, 0 MB globals, 16 P
gc 92 @4.204s 0%: 0.11+0.65+0.10 ms clock, 1.8+0.51/1.0/0+1.7 ms cpu, 4->5->2 MB, 5 MB goal, 0 MB stacks, 0 MB globals, 16 P
gc 93 @4.206s 0%: 0.11+0.81+0.089 ms clock, 1.8+0.59/0.97/0+1.4 ms cpu, 4->5->2 MB, 4 MB goal, 0 MB stacks, 0 MB globals, 16 P
gc 94 @4.208s 0%: 0.11+0.62+0.14 ms clock, 1.8+0.64/0.99/0+2.3 ms cpu, 4->5->2 MB, 5 MB goal, 0 MB stacks, 0 MB globals, 16 P
gc 95 @4.210s 0%: 0.21+0.55+0.18 ms clock, 3.3+0.65/1.0/0+2.8 ms cpu, 4->4->2 MB, 4 MB goal, 0 MB stacks, 0 MB globals, 16 P
gc 96 @4.211s 0%: 0.24+0.60+0.21 ms clock, 3.8+0.74/0.86/0+3.3 ms cpu, 4->4->2 MB, 4 MB goal, 0 MB stacks, 0 MB globals, 16 P
gc 97 @4.213s 0%: 0.12+0.63+0.12 ms clock, 2.0+0.71/0.84/0+1.9 ms cpu, 4->4->2 MB, 4 MB goal, 0 MB stacks, 0 MB globals, 16 P
gc 98 @4.215s 0%: 0.16+0.59+0.17 ms clock, 2.6+0.53/0.80/0+2.7 ms cpu, 3->4->2 MB, 4 MB goal, 0 MB stacks, 0 MB globals, 16 P
gc 99 @4.217s 0%: 0.11+0.69+0.14 ms clock, 1.8+0.67/1.0/0.011+2.2 ms cpu, 4->5->2 MB, 4 MB goal, 0 MB stacks, 0 MB globals, 16 P
gc 100 @4.219s 0%: 0.18+0.74+0.12 ms clock, 2.8+0.52/0.99/0+2.0 ms cpu, 4->5->2 MB, 5 MB goal, 0 MB stacks, 0 MB globals, 16 P
gc 101 @4.221s 0%: 0.10+1.0+0.096 ms clock, 1.6+0.66/1.0/0.007+1.5 ms cpu, 4->5->2 MB, 5 MB goal, 0 MB stacks, 0 MB globals, 16 P
gc 102 @4.223s 0%: 0.11+0.66+0.12 ms clock, 1.8+0.61/0.99/0+2.0 ms cpu, 4->5->2 MB, 5 MB goal, 0 MB stacks, 0 MB globals, 16 P
gc 103 @4.224s 0%: 0.12+0.44+0.19 ms clock, 1.9+0.50/0.90/0+3.1 ms cpu, 4->4->2 MB, 4 MB goal, 0 MB stacks, 0 MB globals, 16 P
gc 104 @4.226s 0%: 0.13+0.63+0.089 ms clock, 2.1+0.65/0.96/0.021+1.4 ms cpu, 3->4->2 MB, 4 MB goal, 0 MB stacks, 0 MB globals, 16 P
gc 105 @4.228s 0%: 0.15+0.83+0.046 ms clock, 2.4+0.62/0.99/0+0.74 ms cpu, 4->5->2 MB, 4 MB goal, 0 MB stacks, 0 MB globals, 16 P
gc 106 @4.230s 0%: 0.13+0.99+0.094 ms clock, 2.2+0.62/0.94/0+1.5 ms cpu, 4->5->2 MB, 5 MB goal, 0 MB stacks, 0 MB globals, 16 P
gc 107 @4.232s 0%: 0.12+0.69+0.090 ms clock, 1.9+0.58/0.98/0+1.4 ms cpu, 4->5->2 MB, 5 MB goal, 0 MB stacks, 0 MB globals, 16 P
gc 108 @4.234s 0%: 0.12+0.60+0.18 ms clock, 2.0+0.65/1.0/0.070+3.0 ms cpu, 3->4->2 MB, 4 MB goal, 0 MB stacks, 0 MB globals, 16 P
gc 109 @4.236s 0%: 0.11+0.76+0.085 ms clock, 1.8+0.68/0.75/0+1.3 ms cpu, 4->4->2 MB, 4 MB goal, 0 MB stacks, 0 MB globals, 16 P
gc 110 @4.237s 0%: 0.22+0.66+0.18 ms clock, 3.6+0.73/0.96/0+3.0 ms cpu, 4->4->2 MB, 4 MB goal, 0 MB stacks, 0 MB globals, 16 P
gc 111 @4.239s 0%: 0.14+0.77+0.15 ms clock, 2.2+0.67/1.1/0+2.5 ms cpu, 4->5->2 MB, 4 MB goal, 0 MB stacks, 0 MB globals, 16 P
gc 112 @4.241s 0%: 0.17+0.74+0.15 ms clock, 2.7+0.64/1.0/0.005+2.4 ms cpu, 4->5->2 MB, 5 MB goal, 0 MB stacks, 0 MB globals, 16 P
gc 113 @4.243s 0%: 0.075+0.65+0.16 ms clock, 1.2+0.49/1.2/0+2.6 ms cpu, 4->4->2 MB, 5 MB goal, 0 MB stacks, 0 MB globals, 16 P
gc 114 @4.245s 0%: 0.13+0.66+0.11 ms clock, 2.1+0.59/0.89/0+1.8 ms cpu, 4->4->2 MB, 4 MB goal, 0 MB stacks, 0 MB globals, 16 P
gc 115 @4.247s 0%: 0.17+0.60+0.17 ms clock, 2.8+0.66/1.0/0+2.8 ms cpu, 3->4->2 MB, 4 MB goal, 0 MB stacks, 0 MB globals, 16 P
gc 116 @4.248s 0%: 0.12+0.74+0.097 ms clock, 2.0+0.77/1.0/0+1.5 ms cpu, 4->4->2 MB, 4 MB goal, 0 MB stacks, 0 MB globals, 16 P
gc 117 @4.250s 0%: 0.17+0.85+0.16 ms clock, 2.7+0.48/0.97/0+2.6 ms cpu, 4->5->2 MB, 5 MB goal, 0 MB stacks, 0 MB globals, 16 P
gc 118 @4.252s 0%: 0.17+0.74+0.14 ms clock, 2.8+0.69/1.0/0+2.2 ms cpu, 4->5->2 MB, 5 MB goal, 0 MB stacks, 0 MB globals, 16 P
gc 119 @4.254s 0%: 0.21+1.2+0.095 ms clock, 3.4+0.76/0.79/0+1.5 ms cpu, 4->5->3 MB, 4 MB goal, 0 MB stacks, 0 MB globals, 16 P
gc 120 @4.257s 0%: 0.12+0.87+0.14 ms clock, 1.9+0.85/1.2/0+2.3 ms cpu, 5->6->2 MB, 6 MB goal, 0 MB stacks, 0 MB globals, 16 P
gc 121 @4.260s 0%: 0.12+0.79+0.12 ms clock, 2.0+0.77/0.93/0+2.0 ms cpu, 4->5->2 MB, 5 MB goal, 0 MB stacks, 0 MB globals, 16 P
gc 122 @4.262s 0%: 0.14+0.63+0.20 ms clock, 2.2+0.79/0.82/0+3.2 ms cpu, 4->5->2 MB, 5 MB goal, 0 MB stacks, 0 MB globals, 16 P
gc 123 @4.263s 0%: 0.11+0.66+0.13 ms clock, 1.8+0.76/1.0/0+2.2 ms cpu, 4->4->2 MB, 4 MB goal, 0 MB stacks, 0 MB globals, 16 P
gc 124 @4.265s 0%: 0.16+0.75+0.091 ms clock, 2.6+0.86/1.1/0+1.4 ms cpu, 4->5->2 MB, 5 MB goal, 0 MB stacks, 0 MB globals, 16 P
gc 125 @4.267s 0%: 0.11+0.62+0.18 ms clock, 1.7+0.55/1.0/0.11+2.9 ms cpu, 4->5->2 MB, 5 MB goal, 0 MB stacks, 0 MB globals, 16 P
gc 126 @4.269s 0%: 0.16+0.76+0.15 ms clock, 2.7+0.67/0.88/0+2.4 ms cpu, 4->4->2 MB, 4 MB goal, 0 MB stacks, 0 MB globals, 16 P
gc 127 @4.271s 0%: 0.19+0.89+0.11 ms clock, 3.1+0.67/0.98/0+1.8 ms cpu, 4->5->2 MB, 4 MB goal, 0 MB stacks, 0 MB globals, 16 P
gc 128 @4.273s 0%: 0.12+0.77+0.13 ms clock, 1.9+0.60/0.94/0.019+2.1 ms cpu, 4->5->2 MB, 5 MB goal, 0 MB stacks, 0 MB globals, 16 P
gc 129 @4.275s 0%: 0.098+0.69+0.20 ms clock, 1.5+0.53/1.2/0+3.2 ms cpu, 4->5->2 MB, 5 MB goal, 0 MB stacks, 0 MB globals, 16 P
gc 130 @4.277s 0%: 0.11+0.58+0.15 ms clock, 1.8+0.47/1.0/0+2.4 ms cpu, 4->5->2 MB, 4 MB goal, 0 MB stacks, 0 MB globals, 16 P
gc 131 @4.279s 0%: 0.18+0.85+0.13 ms clock, 2.9+0.65/1.0/0+2.2 ms cpu, 4->5->2 MB, 4 MB goal, 0 MB stacks, 0 MB globals, 16 P
gc 132 @4.281s 0%: 0.16+0.70+0.19 ms clock, 2.6+0.74/0.94/0+3.1 ms cpu, 4->5->2 MB, 5 MB goal, 0 MB stacks, 0 MB globals, 16 P
gc 133 @4.283s 0%: 0.28+0.74+0.18 ms clock, 4.6+0.73/0.87/0+2.9 ms cpu, 4->5->2 MB, 4 MB goal, 0 MB stacks, 0 MB globals, 16 P
gc 134 @4.285s 0%: 0.16+0.76+0.11 ms clock, 2.6+0.58/1.0/0+1.9 ms cpu, 4->5->2 MB, 5 MB goal, 0 MB stacks, 0 MB globals, 16 P
gc 135 @4.287s 0%: 0.11+0.56+0.14 ms clock, 1.8+0.66/0.84/0+2.3 ms cpu, 4->5->2 MB, 5 MB goal, 0 MB stacks, 0 MB globals, 16 P
gc 136 @4.289s 0%: 0.13+0.71+0.10 ms clock, 2.1+0.65/0.95/0+1.6 ms cpu, 3->4->2 MB, 4 MB goal, 0 MB stacks, 0 MB globals, 16 P
gc 137 @4.290s 0%: 0.15+0.56+0.18 ms clock, 2.4+0.63/0.93/0+2.9 ms cpu, 4->4->2 MB, 4 MB goal, 0 MB stacks, 0 MB globals, 16 P
gc 138 @4.292s 0%: 0.15+1.0+0.084 ms clock, 2.4+0.88/0.94/0+1.3 ms cpu, 3->5->2 MB, 4 MB goal, 0 MB stacks, 0 MB globals, 16 P
gc 139 @4.294s 0%: 0.11+0.97+0.11 ms clock, 1.7+0.46/0.85/0.13+1.8 ms cpu, 4->5->2 MB, 5 MB goal, 0 MB stacks, 0 MB globals, 16 P
gc 140 @4.297s 0%: 0.17+0.77+0.18 ms clock, 2.7+0.75/1.1/0+2.9 ms cpu, 4->5->2 MB, 5 MB goal, 0 MB stacks, 0 MB globals, 16 P
gc 141 @4.299s 0%: 0.091+0.64+0.097 ms clock, 1.4+0.63/1.1/0+1.5 ms cpu, 4->5->2 MB, 5 MB goal, 0 MB stacks, 0 MB globals, 16 P
gc 142 @4.301s 0%: 0.17+0.66+0.084 ms clock, 2.7+0.64/1.0/0+1.3 ms cpu, 4->4->2 MB, 4 MB goal, 0 MB stacks, 0 MB globals, 16 P
gc 143 @4.302s 0%: 0.12+0.44+0.12 ms clock, 1.9+0.69/0.85/0+1.9 ms cpu, 4->4->2 MB, 4 MB goal, 0 MB stacks, 0 MB globals, 16 P
gc 144 @4.304s 0%: 0.12+0.57+0.22 ms clock, 1.9+0.57/1.0/0+3.5 ms cpu, 3->4->2 MB, 4 MB goal, 0 MB stacks, 0 MB globals, 16 P
gc 145 @4.305s 0%: 0.21+0.66+0.16 ms clock, 3.4+0.72/0.81/0+2.5 ms cpu, 3->4->2 MB, 4 MB goal, 0 MB stacks, 0 MB globals, 16 P
gc 146 @4.307s 0%: 0.12+0.72+0.12 ms clock, 1.9+0.53/1.1/0.013+2.0 ms cpu, 4->5->2 MB, 4 MB goal, 0 MB stacks, 0 MB globals, 16 P
gc 147 @4.309s 0%: 0.11+0.58+0.14 ms clock, 1.8+0.67/0.96/0+2.2 ms cpu, 4->5->2 MB, 5 MB goal, 0 MB stacks, 0 MB globals, 16 P
gc 148 @4.311s 0%: 0.13+0.74+0.12 ms clock, 2.1+0.70/0.79/0+1.9 ms cpu, 3->4->2 MB, 4 MB goal, 0 MB stacks, 0 MB globals, 16 P
gc 149 @4.313s 0%: 0.099+0.72+0.11 ms clock, 1.5+0.55/1.0/0+1.8 ms cpu, 4->5->2 MB, 4 MB goal, 0 MB stacks, 0 MB globals, 16 P
gc 150 @4.315s 0%: 0.084+0.66+0.087 ms clock, 1.3+0.62/0.95/0.021+1.4 ms cpu, 4->4->2 MB, 4 MB goal, 0 MB stacks, 0 MB globals, 16 P
gc 151 @4.316s 0%: 0.14+0.59+0.12 ms clock, 2.2+0.66/0.97/0.003+1.9 ms cpu, 3->4->2 MB, 4 MB goal, 0 MB stacks, 0 MB globals, 16 P
gc 152 @4.318s 0%: 0.10+0.74+0.17 ms clock, 1.7+0.54/0.94/0.091+2.8 ms cpu, 3->4->2 MB, 4 MB goal, 0 MB stacks, 0 MB globals, 16 P
gc 153 @4.320s 0%: 0.12+0.57+0.15 ms clock, 2.0+0.59/1.1/0+2.4 ms cpu, 4->5->2 MB, 5 MB goal, 0 MB stacks, 0 MB globals, 16 P
gc 154 @4.322s 0%: 0.16+0.56+0.15 ms clock, 2.6+0.62/1.0/0+2.4 ms cpu, 4->4->2 MB, 4 MB goal, 0 MB stacks, 0 MB globals, 16 P
gc 155 @4.323s 0%: 0.12+0.68+0.20 ms clock, 1.9+0.77/0.94/0+3.2 ms cpu, 4->4->2 MB, 4 MB goal, 0 MB stacks, 0 MB globals, 16 P
gc 156 @4.325s 0%: 0.20+0.73+0.19 ms clock, 3.2+0.65/1.1/0+3.1 ms cpu, 3->4->2 MB, 4 MB goal, 0 MB stacks, 0 MB globals, 16 P
gc 157 @4.327s 0%: 0.17+0.75+0.14 ms clock, 2.7+0.79/0.88/0+2.2 ms cpu, 4->5->2 MB, 5 MB goal, 0 MB stacks, 0 MB globals, 16 P
gc 158 @4.329s 0%: 0.13+0.67+0.17 ms clock, 2.1+0.74/0.84/0+2.7 ms cpu, 4->5->2 MB, 5 MB goal, 0 MB stacks, 0 MB globals, 16 P
gc 159 @4.331s 0%: 0.11+0.68+0.13 ms clock, 1.7+0.52/1.0/0.007+2.0 ms cpu, 4->5->2 MB, 4 MB goal, 0 MB stacks, 0 MB globals, 16 P
gc 160 @4.332s 0%: 0.12+0.83+0.089 ms clock, 2.0+0.61/0.83/0+1.4 ms cpu, 3->4->2 MB, 4 MB goal, 0 MB stacks, 0 MB globals, 16 P
gc 161 @4.334s 0%: 0.13+0.77+0.11 ms clock, 2.1+0.57/0.94/0+1.8 ms cpu, 4->5->2 MB, 5 MB goal, 0 MB stacks, 0 MB globals, 16 P
gc 162 @4.336s 0%: 0.11+0.60+0.21 ms clock, 1.9+0.62/0.93/0+3.5 ms cpu, 4->5->2 MB, 5 MB goal, 0 MB stacks, 0 MB globals, 16 P
gc 163 @4.338s 0%: 0.21+0.63+0.15 ms clock, 3.4+0.72/1.0/0+2.5 ms cpu, 4->4->2 MB, 4 MB goal, 0 MB stacks, 0 MB globals, 16 P
gc 164 @4.340s 0%: 0.13+0.83+0.091 ms clock, 2.0+0.62/1.3/0.012+1.4 ms cpu, 4->5->2 MB, 5 MB goal, 0 MB stacks, 0 MB globals, 16 P
gc 165 @4.342s 0%: 0.16+0.53+0.19 ms clock, 2.6+0.61/0.99/0+3.0 ms cpu, 4->5->2 MB, 5 MB goal, 0 MB stacks, 0 MB globals, 16 P
gc 166 @4.344s 0%: 0.12+0.58+0.20 ms clock, 1.9+0.69/0.90/0+3.2 ms cpu, 3->4->2 MB, 4 MB goal, 0 MB stacks, 0 MB globals, 16 P
gc 167 @4.345s 0%: 0.13+0.69+0.14 ms clock, 2.1+0.66/0.96/0+2.2 ms cpu, 4->5->2 MB, 5 MB goal, 0 MB stacks, 0 MB globals, 16 P
gc 168 @4.347s 0%: 0.090+0.78+0.12 ms clock, 1.4+0.66/1.0/0+1.9 ms cpu, 4->4->2 MB, 4 MB goal, 0 MB stacks, 0 MB globals, 16 P
gc 169 @4.349s 0%: 0.12+0.74+0.10 ms clock, 1.9+0.66/1.2/0.008+1.7 ms cpu, 4->5->2 MB, 4 MB goal, 0 MB stacks, 0 MB globals, 16 P
gc 170 @4.351s 0%: 0.11+0.56+0.19 ms clock, 1.9+0.43/0.86/0.044+3.1 ms cpu, 4->4->1 MB, 4 MB goal, 0 MB stacks, 0 MB globals, 16 P
gc 171 @4.352s 0%: 0.16+1.0+0.072 ms clock, 2.6+0.80/0.85/0+1.1 ms cpu, 3->4->2 MB, 4 MB goal, 0 MB stacks, 0 MB globals, 16 P
gc 172 @4.355s 0%: 0.10+0.66+0.19 ms clock, 1.6+0.63/0.97/0+3.0 ms cpu, 5->5->2 MB, 6 MB goal, 0 MB stacks, 0 MB globals, 16 P
gc 173 @4.357s 0%: 0.13+0.58+0.13 ms clock, 2.1+0.57/1.0/0+2.2 ms cpu, 4->4->2 MB, 4 MB goal, 0 MB stacks, 0 MB globals, 16 P
gc 174 @4.358s 0%: 0.17+0.65+0.20 ms clock, 2.7+0.78/0.86/0+3.2 ms cpu, 3->4->2 MB, 4 MB goal, 0 MB stacks, 0 MB globals, 16 P
gc 175 @4.360s 1%: 0.17+0.94+0.10 ms clock, 2.7+0.75/1.2/0+1.7 ms cpu, 3->5->2 MB, 4 MB goal, 0 MB stacks, 0 MB globals, 16 P
gc 176 @4.362s 1%: 0.19+0.62+0.19 ms clock, 3.1+0.82/0.91/0.004+3.0 ms cpu, 4->5->2 MB, 5 MB goal, 0 MB stacks, 0 MB globals, 16 P
gc 177 @4.364s 1%: 0.17+0.81+0.12 ms clock, 2.7+0.55/1.0/0+2.0 ms cpu, 4->5->2 MB, 4 MB goal, 0 MB stacks, 0 MB globals, 16 P
gc 178 @4.366s 1%: 0.20+0.99+0.096 ms clock, 3.2+0.63/1.0/0.010+1.5 ms cpu, 4->5->2 MB, 5 MB goal, 0 MB stacks, 0 MB globals, 16 P
gc 179 @4.369s 1%: 0.11+0.71+0.13 ms clock, 1.8+0.83/0.96/0+2.1 ms cpu, 4->5->2 MB, 5 MB goal, 0 MB stacks, 0 MB globals, 16 P
gc 180 @4.370s 1%: 0.14+0.53+0.20 ms clock, 2.2+0.65/1.0/0.015+3.2 ms cpu, 3->4->2 MB, 4 MB goal, 0 MB stacks, 0 MB globals, 16 P
gc 181 @4.372s 1%: 0.16+0.82+0.12 ms clock, 2.6+0.80/1.0/0+2.0 ms cpu, 3->4->2 MB, 4 MB goal, 0 MB stacks, 0 MB globals, 16 P
gc 182 @4.374s 1%: 0.14+0.68+0.17 ms clock, 2.2+0.55/1.0/0+2.7 ms cpu, 4->5->2 MB, 5 MB goal, 0 MB stacks, 0 MB globals, 16 P
gc 183 @4.376s 1%: 0.11+0.66+0.18 ms clock, 1.9+0.78/0.82/0+2.8 ms cpu, 4->4->2 MB, 4 MB goal, 0 MB stacks, 0 MB globals, 16 P
gc 184 @4.378s 1%: 0.12+0.81+0.13 ms clock, 1.9+0.64/0.98/0+2.1 ms cpu, 4->5->2 MB, 4 MB goal, 0 MB stacks, 0 MB globals, 16 P
gc 185 @4.380s 1%: 0.15+1.1+0.090 ms clock, 2.4+0.70/1.0/0+1.4 ms cpu, 4->5->2 MB, 5 MB goal, 0 MB stacks, 0 MB globals, 16 P
gc 186 @4.382s 1%: 0.18+0.82+0.10 ms clock, 2.9+0.81/0.92/0+1.6 ms cpu, 5->6->2 MB, 5 MB goal, 0 MB stacks, 0 MB globals, 16 P
gc 187 @4.385s 1%: 0.13+0.80+0.098 ms clock, 2.1+0.67/0.92/0+1.5 ms cpu, 4->5->2 MB, 5 MB goal, 0 MB stacks, 0 MB globals, 16 P
gc 188 @4.387s 1%: 0.14+0.59+0.14 ms clock, 2.2+0.64/1.0/0+2.3 ms cpu, 4->5->2 MB, 5 MB goal, 0 MB stacks, 0 MB globals, 16 P
gc 189 @4.388s 1%: 0.19+0.61+0.12 ms clock, 3.1+0.68/0.89/0+2.0 ms cpu, 4->4->2 MB, 4 MB goal, 0 MB stacks, 0 MB globals, 16 P
gc 190 @4.390s 1%: 0.12+0.91+0.11 ms clock, 2.0+0.62/1.0/0+1.7 ms cpu, 4->4->2 MB, 4 MB goal, 0 MB stacks, 0 MB globals, 16 P
gc 191 @4.392s 1%: 0.14+0.60+0.10 ms clock, 2.3+0.61/0.91/0+1.6 ms cpu, 4->4->2 MB, 5 MB goal, 0 MB stacks, 0 MB globals, 16 P
gc 192 @4.394s 1%: 0.18+0.89+0.15 ms clock, 2.9+0.64/0.95/0.033+2.4 ms cpu, 3->5->2 MB, 4 MB goal, 0 MB stacks, 0 MB globals, 16 P
gc 193 @4.396s 1%: 0.11+0.63+0.13 ms clock, 1.8+0.57/1.0/0+2.1 ms cpu, 4->5->2 MB, 5 MB goal, 0 MB stacks, 0 MB globals, 16 P
gc 194 @4.398s 1%: 0.15+0.86+0.056 ms clock, 2.5+0.68/0.98/0+0.90 ms cpu, 4->5->2 MB, 4 MB goal, 0 MB stacks, 0 MB globals, 16 P
gc 195 @4.400s 1%: 0.13+0.60+0.15 ms clock, 2.0+0.89/0.91/0+2.4 ms cpu, 4->4->2 MB, 5 MB goal, 0 MB stacks, 0 MB globals, 16 P
gc 196 @4.401s 1%: 0.15+0.80+0.10 ms clock, 2.4+0.65/1.0/0+1.7 ms cpu, 3->4->2 MB, 4 MB goal, 0 MB stacks, 0 MB globals, 16 P
gc 197 @4.404s 1%: 0.17+0.61+0.18 ms clock, 2.8+0.77/1.0/0+2.9 ms cpu, 4->5->2 MB, 5 MB goal, 0 MB stacks, 0 MB globals, 16 P
gc 198 @4.405s 1%: 0.095+0.62+0.14 ms clock, 1.5+0.64/0.90/0.075+2.2 ms cpu, 4->4->2 MB, 4 MB goal, 0 MB stacks, 0 MB globals, 16 P
gc 199 @4.407s 1%: 0.23+0.46+0.13 ms clock, 3.6+0.66/0.95/0+2.0 ms cpu, 3->4->2 MB, 4 MB goal, 0 MB stacks, 0 MB globals, 16 P
gc 200 @4.409s 1%: 0.18+0.56+0.19 ms clock, 2.9+0.74/0.94/0.012+3.1 ms cpu, 3->4->2 MB, 4 MB goal, 0 MB stacks, 0 MB globals, 16 P
gc 201 @4.410s 1%: 0.20+0.78+0.12 ms clock, 3.2+0.56/1.0/0+2.0 ms cpu, 3->4->2 MB, 4 MB goal, 0 MB stacks, 0 MB globals, 16 P
gc 202 @4.412s 1%: 0.10+0.64+0.19 ms clock, 1.7+0.71/1.0/0.002+3.1 ms cpu, 4->5->2 MB, 5 MB goal, 0 MB stacks, 0 MB globals, 16 P
gc 203 @4.414s 1%: 0.16+0.62+0.15 ms clock, 2.6+0.56/0.87/0.053+2.4 ms cpu, 4->4->2 MB, 4 MB goal, 0 MB stacks, 0 MB globals, 16 P
gc 204 @4.416s 1%: 0.12+0.63+0.16 ms clock, 1.9+0.85/0.93/0+2.6 ms cpu, 3->4->2 MB, 4 MB goal, 0 MB stacks, 0 MB globals, 16 P
gc 205 @4.417s 1%: 0.12+0.65+0.18 ms clock, 1.9+0.71/0.92/0+2.8 ms cpu, 4->5->2 MB, 4 MB goal, 0 MB stacks, 0 MB globals, 16 P
gc 206 @4.419s 1%: 0.14+0.64+0.15 ms clock, 2.3+0.54/0.97/0+2.4 ms cpu, 4->4->2 MB, 4 MB goal, 0 MB stacks, 0 MB globals, 16 P
gc 207 @4.421s 1%: 0.12+0.62+0.16 ms clock, 1.9+0.52/0.94/0+2.5 ms cpu, 4->4->2 MB, 4 MB goal, 0 MB stacks, 0 MB globals, 16 P
gc 208 @4.422s 1%: 0.17+0.68+0.15 ms clock, 2.8+0.60/0.93/0.084+2.4 ms cpu, 4->4->2 MB, 4 MB goal, 0 MB stacks, 0 MB globals, 16 P
gc 209 @4.424s 1%: 0.10+0.51+0.12 ms clock, 1.6+0.58/0.94/0.029+1.9 ms cpu, 4->4->2 MB, 4 MB goal, 0 MB stacks, 0 MB globals, 16 P
gc 210 @4.426s 1%: 0.12+0.68+0.13 ms clock, 2.0+0.57/0.98/0.009+2.0 ms cpu, 3->4->2 MB, 4 MB goal, 0 MB stacks, 0 MB globals, 16 P
gc 211 @4.428s 1%: 0.12+0.56+0.11 ms clock, 1.9+0.52/1.0/0+1.7 ms cpu, 4->4->2 MB, 4 MB goal, 0 MB stacks, 0 MB globals, 16 P
gc 212 @4.429s 1%: 0.15+0.68+0.11 ms clock, 2.5+0.72/1.1/0+1.7 ms cpu, 3->4->2 MB, 4 MB goal, 0 MB stacks, 0 MB globals, 16 P
gc 213 @4.431s 1%: 0.20+0.69+0.11 ms clock, 3.2+0.73/0.94/0.012+1.7 ms cpu, 4->5->2 MB, 5 MB goal, 0 MB stacks, 0 MB globals, 16 P
gc 214 @4.433s 1%: 0.13+0.67+0.10 ms clock, 2.2+0.56/0.98/0+1.7 ms cpu, 4->5->2 MB, 5 MB goal, 0 MB stacks, 0 MB globals, 16 P
gc 215 @4.435s 1%: 0.17+0.66+0.094 ms clock, 2.8+0.57/0.86/0+1.5 ms cpu, 4->5->2 MB, 5 MB goal, 0 MB stacks, 0 MB globals, 16 P
gc 216 @4.437s 1%: 0.10+0.64+0.21 ms clock, 1.6+0.67/0.95/0+3.5 ms cpu, 4->4->2 MB, 4 MB goal, 0 MB stacks, 0 MB globals, 16 P
gc 217 @4.439s 1%: 0.16+0.61+0.11 ms clock, 2.5+0.64/0.80/0+1.7 ms cpu, 4->4->2 MB, 4 MB goal, 0 MB stacks, 0 MB globals, 16 P
gc 218 @4.441s 1%: 0.13+0.93+0.13 ms clock, 2.0+0.70/0.75/0.010+2.1 ms cpu, 4->5->2 MB, 4 MB goal, 0 MB stacks, 0 MB globals, 16 P
gc 219 @4.443s 1%: 0.11+0.79+0.021 ms clock, 1.8+0.51/0.97/0.011+0.34 ms cpu, 4->5->2 MB, 5 MB goal, 0 MB stacks, 0 MB globals, 16 P
gc 220 @4.445s 1%: 0.13+0.67+0.15 ms clock, 2.1+0.73/0.94/0.015+2.5 ms cpu, 4->5->2 MB, 4 MB goal, 0 MB stacks, 0 MB globals, 16 P
gc 221 @4.447s 1%: 0.11+0.61+0.17 ms clock, 1.7+0.60/0.95/0+2.7 ms cpu, 4->5->2 MB, 4 MB goal, 0 MB stacks, 0 MB globals, 16 P
gc 222 @4.449s 1%: 0.11+0.66+0.11 ms clock, 1.8+0.56/0.90/0+1.7 ms cpu, 4->4->2 MB, 4 MB goal, 0 MB stacks, 0 MB globals, 16 P
gc 223 @4.450s 1%: 0.12+0.54+0.11 ms clock, 2.0+0.72/0.86/0.004+1.8 ms cpu, 4->4->2 MB, 4 MB goal, 0 MB stacks, 0 MB globals, 16 P
gc 224 @4.452s 1%: 0.13+0.65+0.18 ms clock, 2.1+0.70/0.94/0+3.0 ms cpu, 3->4->2 MB, 4 MB goal, 0 MB stacks, 0 MB globals, 16 P
gc 225 @4.454s 1%: 0.20+0.77+0.18 ms clock, 3.2+0.71/1.1/0.003+2.9 ms cpu, 4->5->2 MB, 4 MB goal, 0 MB stacks, 0 MB globals, 16 P
gc 226 @4.456s 1%: 0.13+1.0+0.16 ms clock, 2.2+0.78/0.98/0+2.6 ms cpu, 4->5->2 MB, 5 MB goal, 0 MB stacks, 0 MB globals, 16 P
gc 227 @4.458s 1%: 0.11+0.67+0.13 ms clock, 1.7+0.61/0.99/0.017+2.2 ms cpu, 4->5->2 MB, 5 MB goal, 0 MB stacks, 0 MB globals, 16 P
gc 228 @4.460s 1%: 0.16+0.75+0.13 ms clock, 2.6+0.64/1.0/0+2.2 ms cpu, 4->4->2 MB, 4 MB goal, 0 MB stacks, 0 MB globals, 16 P
gc 229 @4.462s 1%: 0.15+0.79+0.042 ms clock, 2.4+0.98/0.93/0.070+0.67 ms cpu, 4->5->2 MB, 4 MB goal, 0 MB stacks, 0 MB globals, 16 P
gc 230 @4.464s 1%: 0.10+0.57+0.16 ms clock, 1.7+0.48/0.98/0+2.6 ms cpu, 4->5->2 MB, 5 MB goal, 0 MB stacks, 0 MB globals, 16 P
gc 231 @4.465s 1%: 0.12+0.81+0.11 ms clock, 1.9+0.77/1.0/0+1.8 ms cpu, 3->4->2 MB, 4 MB goal, 0 MB stacks, 0 MB globals, 16 P
gc 232 @4.468s 1%: 0.089+0.65+0.13 ms clock, 1.4+0.63/0.90/0.055+2.1 ms cpu, 4->5->2 MB, 5 MB goal, 0 MB stacks, 0 MB globals, 16 P
gc 233 @4.469s 1%: 0.11+0.51+0.19 ms clock, 1.9+0.46/0.92/0+3.1 ms cpu, 4->4->2 MB, 5 MB goal, 0 MB stacks, 0 MB globals, 16 P
gc 234 @4.471s 1%: 0.22+0.71+0.13 ms clock, 3.6+0.65/0.87/0+2.1 ms cpu, 3->4->2 MB, 4 MB goal, 0 MB stacks, 0 MB globals, 16 P
gc 235 @4.473s 1%: 0.11+0.63+0.15 ms clock, 1.9+0.61/0.99/0+2.4 ms cpu, 4->5->2 MB, 4 MB goal, 0 MB stacks, 0 MB globals, 16 P
gc 236 @4.475s 1%: 0.13+0.62+0.19 ms clock, 2.1+0.77/0.81/0+3.0 ms cpu, 4->5->2 MB, 5 MB goal, 0 MB stacks, 0 MB globals, 16 P
gc 237 @4.476s 1%: 0.14+0.70+0.17 ms clock, 2.3+0.54/1.0/0+2.7 ms cpu, 3->4->2 MB, 4 MB goal, 0 MB stacks, 0 MB globals, 16 P
gc 238 @4.478s 1%: 0.10+0.88+0.11 ms clock, 1.6+0.60/0.89/0.041+1.8 ms cpu, 4->5->2 MB, 5 MB goal, 0 MB stacks, 0 MB globals, 16 P
gc 239 @4.480s 1%: 0.20+0.80+0.13 ms clock, 3.3+0.62/0.96/0+2.2 ms cpu, 4->5->2 MB, 5 MB goal, 0 MB stacks, 0 MB globals, 16 P
gc 240 @4.482s 1%: 0.11+0.79+0.14 ms clock, 1.9+0.74/0.97/0+2.2 ms cpu, 4->5->2 MB, 5 MB goal, 0 MB stacks, 0 MB globals, 16 P
gc 241 @4.485s 1%: 0.14+0.84+0.10 ms clock, 2.3+0.63/1.0/0+1.6 ms cpu, 4->5->2 MB, 5 MB goal, 0 MB stacks, 0 MB globals, 16 P
gc 242 @4.487s 1%: 0.15+0.65+0.091 ms clock, 2.4+0.69/1.0/0+1.4 ms cpu, 4->5->2 MB, 5 MB goal, 0 MB stacks, 0 MB globals, 16 P
gc 243 @4.488s 1%: 0.13+0.61+0.12 ms clock, 2.1+0.70/1.0/0+1.9 ms cpu, 4->4->2 MB, 4 MB goal, 0 MB stacks, 0 MB globals, 16 P
gc 244 @4.490s 1%: 0.15+0.66+0.13 ms clock, 2.4+0.72/0.87/0+2.2 ms cpu, 4->4->2 MB, 4 MB goal, 0 MB stacks, 0 MB globals, 16 P
gc 245 @4.492s 1%: 0.11+0.56+0.13 ms clock, 1.7+0.75/0.87/0+2.1 ms cpu, 4->4->2 MB, 4 MB goal, 0 MB stacks, 0 MB globals, 16 P
gc 246 @4.494s 1%: 0.16+0.63+0.14 ms clock, 2.6+0.52/1.0/0+2.2 ms cpu, 4->4->2 MB, 4 MB goal, 0 MB stacks, 0 MB globals, 16 P
gc 247 @4.495s 1%: 0.12+0.78+0.10 ms clock, 1.9+0.65/1.0/0+1.6 ms cpu, 4->4->2 MB, 4 MB goal, 0 MB stacks, 0 MB globals, 16 P
gc 248 @4.497s 1%: 0.14+0.54+0.13 ms clock, 2.3+0.76/0.87/0+2.1 ms cpu, 4->4->2 MB, 4 MB goal, 0 MB stacks, 0 MB globals, 16 P
gc 249 @4.499s 1%: 0.19+0.67+0.097 ms clock, 3.1+0.85/0.86/0.037+1.5 ms cpu, 3->4->2 MB, 4 MB goal, 0 MB stacks, 0 MB globals, 16 P
gc 250 @4.500s 1%: 0.21+0.95+0.033 ms clock, 3.4+0.57/1.1/0+0.54 ms cpu, 4->5->2 MB, 4 MB goal, 0 MB stacks, 0 MB globals, 16 P
gc 251 @4.503s 1%: 0.11+0.59+0.21 ms clock, 1.8+0.64/1.0/0+3.4 ms cpu, 4->5->2 MB, 5 MB goal, 0 MB stacks, 0 MB globals, 16 P
gc 252 @4.504s 1%: 0.21+0.59+0.16 ms clock, 3.4+0.61/1.0/0+2.7 ms cpu, 3->4->2 MB, 4 MB goal, 0 MB stacks, 0 MB globals, 16 P
gc 253 @4.506s 1%: 0.11+0.57+0.15 ms clock, 1.8+0.68/0.93/0+2.5 ms cpu, 4->5->2 MB, 5 MB goal, 0 MB stacks, 0 MB globals, 16 P
gc 254 @4.508s 1%: 0.13+0.72+0.090 ms clock, 2.1+0.58/0.84/0.040+1.4 ms cpu, 3->4->2 MB, 4 MB goal, 0 MB stacks, 0 MB globals, 16 P
gc 255 @4.510s 1%: 0.10+0.51+0.20 ms clock, 1.7+0.59/0.95/0.045+3.2 ms cpu, 4->4->1 MB, 5 MB goal, 0 MB stacks, 0 MB globals, 16 P
gc 256 @4.511s 1%: 0.22+0.77+0.12 ms clock, 3.6+0.65/1.1/0+1.9 ms cpu, 3->4->2 MB, 4 MB goal, 0 MB stacks, 0 MB globals, 16 P
gc 257 @4.513s 1%: 0.12+0.77+0.14 ms clock, 1.9+0.76/0.99/0+2.3 ms cpu, 4->5->2 MB, 5 MB goal, 0 MB stacks, 0 MB globals, 16 P
gc 258 @4.515s 1%: 0.12+0.57+0.13 ms clock, 2.0+0.61/0.87/0+2.1 ms cpu, 4->5->2 MB, 5 MB goal, 0 MB stacks, 0 MB globals, 16 P
gc 259 @4.517s 1%: 0.11+0.66+0.15 ms clock, 1.9+0.57/0.90/0.063+2.5 ms cpu, 3->4->2 MB, 4 MB goal, 0 MB stacks, 0 MB globals, 16 P
gc 260 @4.518s 1%: 0.17+0.87+0.16 ms clock, 2.8+0.83/0.84/0+2.5 ms cpu, 3->5->2 MB, 4 MB goal, 0 MB stacks, 0 MB globals, 16 P
gc 261 @4.521s 1%: 0.098+0.64+0.15 ms clock, 1.5+0.69/0.91/0.046+2.4 ms cpu, 5->5->2 MB, 5 MB goal, 0 MB stacks, 0 MB globals, 16 P
gc 262 @4.522s 1%: 0.17+0.91+0.11 ms clock, 2.8+0.63/0.92/0+1.7 ms cpu, 3->4->2 MB, 4 MB goal, 0 MB stacks, 0 MB globals, 16 P
gc 263 @4.525s 1%: 0.11+0.60+0.16 ms clock, 1.8+0.53/0.86/0+2.6 ms cpu, 4->5->2 MB, 5 MB goal, 0 MB stacks, 0 MB globals, 16 P
gc 264 @4.526s 1%: 0.14+0.58+0.12 ms clock, 2.2+0.63/1.0/0+2.0 ms cpu, 4->4->2 MB, 4 MB goal, 0 MB stacks, 0 MB globals, 16 P
gc 265 @4.528s 1%: 0.10+0.71+0.12 ms clock, 1.6+0.65/0.92/0+2.0 ms cpu, 4->4->2 MB, 4 MB goal, 0 MB stacks, 0 MB globals, 16 P
gc 266 @4.530s 1%: 0.15+0.61+0.12 ms clock, 2.5+0.64/0.92/0+2.0 ms cpu, 4->5->2 MB, 5 MB goal, 0 MB stacks, 0 MB globals, 16 P
gc 267 @4.532s 1%: 0.16+0.80+0.095 ms clock, 2.5+0.58/0.92/0+1.5 ms cpu, 4->5->2 MB, 4 MB goal, 0 MB stacks, 0 MB globals, 16 P
gc 268 @4.534s 1%: 0.10+0.69+0.16 ms clock, 1.6+0.66/1.1/0.023+2.5 ms cpu, 4->5->2 MB, 5 MB goal, 0 MB stacks, 0 MB globals, 16 P
gc 269 @4.536s 1%: 0.16+0.80+0.087 ms clock, 2.5+0.64/0.92/0+1.4 ms cpu, 4->5->2 MB, 5 MB goal, 0 MB stacks, 0 MB globals, 16 P
gc 270 @4.538s 1%: 0.13+0.62+0.089 ms clock, 2.1+0.63/1.0/0+1.4 ms cpu, 4->5->2 MB, 5 MB goal, 0 MB stacks, 0 MB globals, 16 P
gc 271 @4.540s 1%: 0.20+0.62+0.10 ms clock, 3.2+0.61/0.98/0+1.7 ms cpu, 4->5->2 MB, 4 MB goal, 0 MB stacks, 0 MB globals, 16 P
gc 272 @4.541s 1%: 0.11+1.0+0.074 ms clock, 1.7+0.69/0.93/0+1.1 ms cpu, 4->5->2 MB, 4 MB goal, 0 MB stacks, 0 MB globals, 16 P
gc 273 @4.544s 1%: 0.15+0.66+0.16 ms clock, 2.5+0.54/1.0/0.12+2.5 ms cpu, 4->5->2 MB, 5 MB goal, 0 MB stacks, 0 MB globals, 16 P
gc 274 @4.546s 1%: 0.12+0.68+0.17 ms clock, 1.9+0.62/1.0/0+2.8 ms cpu, 4->5->2 MB, 5 MB goal, 0 MB stacks, 0 MB globals, 16 P
gc 275 @4.548s 1%: 0.11+0.60+0.10 ms clock, 1.7+0.67/1.0/0.015+1.6 ms cpu, 4->4->2 MB, 4 MB goal, 0 MB stacks, 0 MB globals, 16 P
gc 276 @4.549s 1%: 0.19+0.54+0.19 ms clock, 3.0+0.60/0.97/0+3.0 ms cpu, 3->4->2 MB, 4 MB goal, 0 MB stacks, 0 MB globals, 16 P
gc 277 @4.551s 1%: 0.16+0.67+0.10 ms clock, 2.6+0.66/0.97/0+1.7 ms cpu, 4->4->2 MB, 4 MB goal, 0 MB stacks, 0 MB globals, 16 P
gc 278 @4.553s 1%: 0.18+0.60+0.16 ms clock, 2.9+0.58/0.85/0+2.5 ms cpu, 4->4->2 MB, 4 MB goal, 0 MB stacks, 0 MB globals, 16 P
gc 279 @4.554s 1%: 0.23+0.63+0.12 ms clock, 3.8+0.61/1.0/0+2.0 ms cpu, 3->4->2 MB, 4 MB goal, 0 MB stacks, 0 MB globals, 16 P
gc 280 @4.556s 1%: 0.11+0.69+0.16 ms clock, 1.7+0.53/1.1/0+2.6 ms cpu, 4->5->2 MB, 5 MB goal, 0 MB stacks, 0 MB globals, 16 P
gc 281 @4.558s 1%: 0.12+0.50+0.14 ms clock, 1.9+0.72/0.87/0+2.2 ms cpu, 4->4->2 MB, 4 MB goal, 0 MB stacks, 0 MB globals, 16 P
gc 282 @4.560s 1%: 0.16+0.60+0.17 ms clock, 2.6+0.72/0.96/0+2.8 ms cpu, 3->4->2 MB, 4 MB goal, 0 MB stacks, 0 MB globals, 16 P
gc 283 @4.562s 1%: 0.11+0.63+0.16 ms clock, 1.7+0.62/0.94/0+2.5 ms cpu, 4->4->2 MB, 4 MB goal, 0 MB stacks, 0 MB globals, 16 P
gc 284 @4.563s 1%: 0.14+0.64+0.11 ms clock, 2.3+0.74/0.97/0.008+1.9 ms cpu, 3->4->2 MB, 4 MB goal, 0 MB stacks, 0 MB globals, 16 P
gc 285 @4.565s 1%: 0.10+0.69+0.19 ms clock, 1.6+0.73/0.94/0+3.1 ms cpu, 4->4->2 MB, 4 MB goal, 0 MB stacks, 0 MB globals, 16 P
gc 286 @4.567s 1%: 0.10+0.70+0.12 ms clock, 1.7+0.55/1.1/0+2.0 ms cpu, 4->5->2 MB, 4 MB goal, 0 MB stacks, 0 MB globals, 16 P
gc 287 @4.569s 1%: 0.11+0.80+0.10 ms clock, 1.8+0.56/1.0/0.053+1.6 ms cpu, 4->5->2 MB, 4 MB goal, 0 MB stacks, 0 MB globals, 16 P
gc 288 @4.571s 1%: 0.14+0.53+0.16 ms clock, 2.3+0.57/1.0/0.003+2.7 ms cpu, 4->5->2 MB, 5 MB goal, 0 MB stacks, 0 MB globals, 16 P
gc 289 @4.572s 1%: 0.10+0.63+0.16 ms clock, 1.7+0.63/1.0/0+2.6 ms cpu, 3->4->2 MB, 4 MB goal, 0 MB stacks, 0 MB globals, 16 P
gc 290 @4.574s 1%: 0.12+0.75+0.11 ms clock, 2.0+0.64/0.99/0+1.8 ms cpu, 4->5->2 MB, 4 MB goal, 0 MB stacks, 0 MB globals, 16 P
gc 291 @4.576s 1%: 0.10+0.57+0.18 ms clock, 1.6+0.56/1.0/0+2.9 ms cpu, 4->5->2 MB, 5 MB goal, 0 MB stacks, 0 MB globals, 16 P
gc 292 @4.578s 1%: 0.11+0.84+0.12 ms clock, 1.7+0.55/0.91/0.057+2.0 ms cpu, 3->4->2 MB, 4 MB goal, 0 MB stacks, 0 MB globals, 16 P
gc 293 @4.580s 1%: 0.10+0.68+0.029 ms clock, 1.6+0.59/0.89/0.13+0.46 ms cpu, 4->5->2 MB, 5 MB goal, 0 MB stacks, 0 MB globals, 16 P
gc 294 @4.582s 1%: 0.18+0.61+0.20 ms clock, 2.9+0.77/0.88/0+3.2 ms cpu, 3->4->2 MB, 4 MB goal, 0 MB stacks, 0 MB globals, 16 P
gc 295 @4.583s 1%: 0.18+0.69+0.17 ms clock, 2.9+0.70/1.0/0+2.8 ms cpu, 3->5->2 MB, 4 MB goal, 0 MB stacks, 0 MB globals, 16 P
gc 296 @4.586s 1%: 0.10+0.66+0.10 ms clock, 1.6+0.57/0.94/0.001+1.7 ms cpu, 4->5->2 MB, 5 MB goal, 0 MB stacks, 0 MB globals, 16 P
gc 297 @4.587s 1%: 0.13+0.65+0.15 ms clock, 2.1+0.60/1.0/0.029+2.5 ms cpu, 4->4->2 MB, 4 MB goal, 0 MB stacks, 0 MB globals, 16 P
gc 298 @4.589s 1%: 0.13+0.68+0.098 ms clock, 2.2+0.73/0.89/0+1.5 ms cpu, 4->4->2 MB, 4 MB goal, 0 MB stacks, 0 MB globals, 16 P
gc 299 @4.591s 1%: 0.12+0.83+0.054 ms clock, 2.0+0.62/1.2/0.003+0.87 ms cpu, 4->5->2 MB, 4 MB goal, 0 MB stacks, 0 MB globals, 16 P
gc 300 @4.593s 1%: 0.14+0.66+0.097 ms clock, 2.3+0.74/0.90/0+1.5 ms cpu, 4->5->2 MB, 5 MB goal, 0 MB stacks, 0 MB globals, 16 P
gc 301 @4.595s 1%: 0.16+0.85+0.13 ms clock, 2.6+0.89/1.0/0+2.2 ms cpu, 4->5->2 MB, 4 MB goal, 0 MB stacks, 0 MB globals, 16 P
gc 302 @4.597s 1%: 0.16+0.88+0.10 ms clock, 2.5+0.67/0.94/0+1.7 ms cpu, 4->5->2 MB, 5 MB goal, 0 MB stacks, 0 MB globals, 16 P
gc 303 @4.599s 1%: 0.13+0.70+0.13 ms clock, 2.1+0.82/1.1/0+2.0 ms cpu, 4->5->2 MB, 5 MB goal, 0 MB stacks, 0 MB globals, 16 P
gc 304 @4.601s 1%: 0.13+0.62+0.19 ms clock, 2.1+0.54/0.99/0+3.1 ms cpu, 4->5->2 MB, 5 MB goal, 0 MB stacks, 0 MB globals, 16 P
gc 305 @4.603s 1%: 0.13+0.78+0.11 ms clock, 2.2+0.67/1.1/0+1.8 ms cpu, 3->4->2 MB, 4 MB goal, 0 MB stacks, 0 MB globals, 16 P
gc 306 @4.605s 1%: 0.12+0.58+0.12 ms clock, 2.0+0.60/1.0/0+2.0 ms cpu, 4->5->2 MB, 5 MB goal, 0 MB stacks, 0 MB globals, 16 P
gc 307 @4.606s 1%: 0.14+0.62+0.097 ms clock, 2.3+0.75/0.94/0+1.5 ms cpu, 3->4->2 MB, 4 MB goal, 0 MB stacks, 0 MB globals, 16 P
gc 308 @4.608s 1%: 0.17+0.75+0.095 ms clock, 2.7+0.75/0.91/0+1.5 ms cpu, 4->5->2 MB, 4 MB goal, 0 MB stacks, 0 MB globals, 16 P
gc 309 @4.610s 1%: 0.11+0.57+0.15 ms clock, 1.9+0.68/1.0/0+2.5 ms cpu, 4->5->2 MB, 5 MB goal, 0 MB stacks, 0 MB globals, 16 P
gc 310 @4.612s 1%: 0.24+0.66+0.087 ms clock, 3.9+0.78/1.0/0+1.3 ms cpu, 3->4->2 MB, 4 MB goal, 0 MB stacks, 0 MB globals, 16 P
gc 311 @4.614s 1%: 0.11+0.56+0.12 ms clock, 1.8+0.72/0.90/0+2.0 ms cpu, 4->4->2 MB, 4 MB goal, 0 MB stacks, 0 MB globals, 16 P
gc 312 @4.615s 1%: 0.099+0.85+0.051 ms clock, 1.5+0.71/1.0/0+0.82 ms cpu, 4->4->2 MB, 4 MB goal, 0 MB stacks, 0 MB globals, 16 P
gc 313 @4.617s 1%: 0.12+0.71+0.11 ms clock, 2.0+0.71/0.95/0+1.8 ms cpu, 4->5->2 MB, 4 MB goal, 0 MB stacks, 0 MB globals, 16 P
gc 314 @4.619s 1%: 0.18+0.77+0.10 ms clock, 3.0+0.77/1.1/0+1.7 ms cpu, 4->5->2 MB, 4 MB goal, 0 MB stacks, 0 MB globals, 16 P
gc 315 @4.621s 1%: 0.11+0.74+0.12 ms clock, 1.8+0.67/1.0/0+2.0 ms cpu, 4->5->2 MB, 5 MB goal, 0 MB stacks, 0 MB globals, 16 P
gc 316 @4.623s 1%: 0.12+0.62+0.13 ms clock, 2.0+0.75/1.0/0+2.2 ms cpu, 4->5->2 MB, 5 MB goal, 0 MB stacks, 0 MB globals, 16 P
gc 317 @4.625s 1%: 0.13+0.63+0.19 ms clock, 2.0+0.61/0.87/0+3.0 ms cpu, 4->4->2 MB, 4 MB goal, 0 MB stacks, 0 MB globals, 16 P
gc 318 @4.627s 1%: 0.17+1.0+0.15 ms clock, 2.8+0.37/0.97/0.10+2.4 ms cpu, 4->5->2 MB, 4 MB goal, 0 MB stacks, 0 MB globals, 16 P
gc 319 @4.629s 1%: 0.17+0.70+0.15 ms clock, 2.7+0.47/1.0/0.020+2.4 ms cpu, 4->5->2 MB, 5 MB goal, 0 MB stacks, 0 MB globals, 16 P
gc 320 @4.631s 1%: 0.12+0.93+0.095 ms clock, 1.9+0.49/1.0/0+1.5 ms cpu, 4->5->2 MB, 4 MB goal, 0 MB stacks, 0 MB globals, 16 P
gc 321 @4.633s 1%: 0.15+0.54+0.19 ms clock, 2.4+0.61/0.97/0+3.1 ms cpu, 4->5->2 MB, 5 MB goal, 0 MB stacks, 0 MB globals, 16 P
gc 322 @4.635s 1%: 0.11+0.58+0.18 ms clock, 1.8+0.57/0.88/0+2.9 ms cpu, 3->4->2 MB, 4 MB goal, 0 MB stacks, 0 MB globals, 16 P
gc 323 @4.636s 1%: 0.16+0.56+0.18 ms clock, 2.5+0.69/1.0/0+3.0 ms cpu, 4->4->2 MB, 4 MB goal, 0 MB stacks, 0 MB globals, 16 P
gc 324 @4.638s 1%: 0.14+0.78+0.14 ms clock, 2.2+0.72/1.0/0+2.3 ms cpu, 4->5->2 MB, 4 MB goal, 0 MB stacks, 0 MB globals, 16 P
gc 325 @4.640s 1%: 0.17+0.65+0.12 ms clock, 2.8+0.59/1.0/0+1.9 ms cpu, 4->5->2 MB, 5 MB goal, 0 MB stacks, 0 MB globals, 16 P
gc 326 @4.642s 1%: 0.14+0.77+0.086 ms clock, 2.3+0.55/1.0/0+1.3 ms cpu, 4->5->2 MB, 4 MB goal, 0 MB stacks, 0 MB globals, 16 P
gc 327 @4.644s 1%: 0.13+0.74+0.15 ms clock, 2.1+0.63/1.0/0+2.4 ms cpu, 4->5->2 MB, 5 MB goal, 0 MB stacks, 0 MB globals, 16 P
gc 328 @4.646s 1%: 0.10+0.49+0.16 ms clock, 1.7+0.61/0.86/0+2.6 ms cpu, 4->4->2 MB, 4 MB goal, 0 MB stacks, 0 MB globals, 16 P
gc 329 @4.647s 1%: 0.17+0.89+0.078 ms clock, 2.8+0.76/1.2/0.036+1.2 ms cpu, 3->5->2 MB, 4 MB goal, 0 MB stacks, 0 MB globals, 16 P
gc 330 @4.650s 1%: 0.098+0.82+0.12 ms clock, 1.5+0.46/1.0/0.030+2.0 ms cpu, 4->5->2 MB, 5 MB goal, 0 MB stacks, 0 MB globals, 16 P
gc 331 @4.652s 1%: 0.22+0.60+0.16 ms clock, 3.5+0.70/0.96/0+2.6 ms cpu, 4->4->2 MB, 4 MB goal, 0 MB stacks, 0 MB globals, 16 P
gc 332 @4.653s 1%: 0.11+0.81+0.10 ms clock, 1.8+0.96/1.0/0+1.7 ms cpu, 4->5->2 MB, 4 MB goal, 0 MB stacks, 0 MB globals, 16 P
gc 333 @4.655s 1%: 0.15+0.78+0.10 ms clock, 2.5+0.62/1.0/0+1.7 ms cpu, 4->5->2 MB, 5 MB goal, 0 MB stacks, 0 MB globals, 16 P
gc 334 @4.657s 1%: 0.10+0.61+0.17 ms clock, 1.7+0.68/1.0/0+2.8 ms cpu, 4->4->2 MB, 4 MB goal, 0 MB stacks, 0 MB globals, 16 P
gc 335 @4.659s 1%: 0.12+0.76+0.20 ms clock, 1.9+0.51/1.1/0.016+3.3 ms cpu, 4->4->2 MB, 4 MB goal, 0 MB stacks, 0 MB globals, 16 P
gc 336 @4.661s 1%: 0.12+0.74+0.15 ms clock, 1.9+0.63/0.95/0.012+2.5 ms cpu, 4->5->2 MB, 4 MB goal, 0 MB stacks, 0 MB globals, 16 P
gc 337 @4.663s 1%: 0.10+0.69+0.26 ms clock, 1.6+0.66/1.0/0.047+4.1 ms cpu, 4->5->2 MB, 5 MB goal, 0 MB stacks, 0 MB globals, 16 P
gc 338 @4.665s 1%: 0.12+0.79+0.16 ms clock, 1.9+0.65/1.1/0.001+2.6 ms cpu, 4->5->2 MB, 4 MB goal, 0 MB stacks, 0 MB globals, 16 P
gc 339 @4.667s 1%: 0.15+0.67+0.16 ms clock, 2.4+0.62/1.0/0+2.6 ms cpu, 4->5->2 MB, 5 MB goal, 0 MB stacks, 0 MB globals, 16 P
gc 340 @4.669s 1%: 0.13+0.51+0.15 ms clock, 2.1+0.86/0.87/0+2.4 ms cpu, 4->4->2 MB, 4 MB goal, 0 MB stacks, 0 MB globals, 16 P
gc 341 @4.670s 1%: 0.21+1.0+0.17 ms clock, 3.4+0.72/0.79/0+2.8 ms cpu, 4->5->2 MB, 4 MB goal, 0 MB stacks, 0 MB globals, 16 P
gc 342 @4.673s 1%: 0.15+0.63+0.19 ms clock, 2.4+0.85/1.0/0+3.1 ms cpu, 5->5->2 MB, 5 MB goal, 0 MB stacks, 0 MB globals, 16 P
gc 343 @4.675s 1%: 0.095+0.67+0.18 ms clock, 1.5+0.68/0.98/0+3.0 ms cpu, 4->4->2 MB, 4 MB goal, 0 MB stacks, 0 MB globals, 16 P
gc 344 @4.677s 1%: 0.13+0.65+0.086 ms clock, 2.0+0.65/1.0/0+1.3 ms cpu, 4->5->2 MB, 4 MB goal, 0 MB stacks, 0 MB globals, 16 P
gc 345 @4.679s 1%: 0.20+0.50+0.15 ms clock, 3.2+0.70/0.82/0.002+2.4 ms cpu, 4->4->2 MB, 4 MB goal, 0 MB stacks, 0 MB globals, 16 P
gc 346 @4.680s 1%: 0.18+0.67+0.16 ms clock, 2.9+0.74/0.79/0+2.7 ms cpu, 3->4->2 MB, 4 MB goal, 0 MB stacks, 0 MB globals, 16 P
gc 347 @4.682s 1%: 0.15+0.72+0.13 ms clock, 2.5+0.56/0.80/0+2.1 ms cpu, 4->5->2 MB, 4 MB goal, 0 MB stacks, 0 MB globals, 16 P
gc 348 @4.684s 1%: 0.10+0.69+0.10 ms clock, 1.7+0.63/0.93/0+1.7 ms cpu, 4->4->2 MB, 4 MB goal, 0 MB stacks, 0 MB globals, 16 P
gc 349 @4.686s 1%: 0.12+0.62+0.11 ms clock, 1.9+0.61/0.94/0+1.8 ms cpu, 4->4->2 MB, 4 MB goal, 0 MB stacks, 0 MB globals, 16 P
gc 350 @4.687s 1%: 0.10+0.75+0.12 ms clock, 1.7+0.73/1.2/0+2.0 ms cpu, 3->5->2 MB, 4 MB goal, 0 MB stacks, 0 MB globals, 16 P
gc 351 @4.689s 1%: 0.20+0.65+0.15 ms clock, 3.2+0.75/1.0/0.017+2.5 ms cpu, 4->5->2 MB, 5 MB goal, 0 MB stacks, 0 MB globals, 16 P
gc 352 @4.691s 1%: 0.15+0.73+0.10 ms clock, 2.5+0.68/0.99/0.005+1.7 ms cpu, 4->4->2 MB, 4 MB goal, 0 MB stacks, 0 MB globals, 16 P
gc 353 @4.693s 1%: 0.15+0.86+0.11 ms clock, 2.4+0.74/1.1/0+1.8 ms cpu, 4->5->2 MB, 5 MB goal, 0 MB stacks, 0 MB globals, 16 P
gc 354 @4.695s 1%: 0.14+0.52+0.12 ms clock, 2.2+0.74/0.95/0+2.0 ms cpu, 4->5->2 MB, 5 MB goal, 0 MB stacks, 0 MB globals, 16 P
gc 355 @4.697s 1%: 0.18+0.55+0.19 ms clock, 2.9+0.63/0.92/0+3.0 ms cpu, 3->4->2 MB, 4 MB goal, 0 MB stacks, 0 MB globals, 16 P
gc 356 @4.698s 1%: 0.11+0.57+0.11 ms clock, 1.8+0.59/1.0/0+1.8 ms cpu, 4->4->2 MB, 4 MB goal, 0 MB stacks, 0 MB globals, 16 P
gc 357 @4.700s 1%: 0.12+0.70+0.11 ms clock, 1.9+0.74/0.98/0+1.9 ms cpu, 3->4->2 MB, 4 MB goal, 0 MB stacks, 0 MB globals, 16 P
gc 358 @4.702s 1%: 0.13+0.66+0.21 ms clock, 2.1+0.67/1.0/0+3.4 ms cpu, 4->5->2 MB, 5 MB goal, 0 MB stacks, 0 MB globals, 16 P
gc 359 @4.704s 1%: 0.098+0.60+0.11 ms clock, 1.5+0.48/1.0/0+1.8 ms cpu, 4->4->2 MB, 4 MB goal, 0 MB stacks, 0 MB globals, 16 P
gc 360 @4.705s 1%: 0.12+0.68+0.10 ms clock, 2.0+0.62/0.96/0+1.7 ms cpu, 4->4->2 MB, 4 MB goal, 0 MB stacks, 0 MB globals, 16 P
gc 361 @4.707s 1%: 0.15+0.69+0.14 ms clock, 2.4+0.69/0.89/0+2.3 ms cpu, 3->4->2 MB, 4 MB goal, 0 MB stacks, 0 MB globals, 16 P
gc 362 @4.709s 1%: 0.11+0.55+0.18 ms clock, 1.8+0.65/0.92/0+2.9 ms cpu, 4->4->2 MB, 4 MB goal, 0 MB stacks, 0 MB globals, 16 P
gc 363 @4.710s 1%: 0.12+0.76+0.10 ms clock, 2.0+0.81/0.94/0+1.6 ms cpu, 3->4->2 MB, 4 MB goal, 0 MB stacks, 0 MB globals, 16 P
gc 364 @4.712s 1%: 0.27+0.74+0.11 ms clock, 4.3+0.74/1.0/0+1.8 ms cpu, 4->5->2 MB, 4 MB goal, 0 MB stacks, 0 MB globals, 16 P
gc 365 @4.714s 1%: 0.18+1.0+0.11 ms clock, 3.0+0.74/1.2/0+1.8 ms cpu, 4->5->2 MB, 4 MB goal, 0 MB stacks, 0 MB globals, 16 P
gc 366 @4.717s 1%: 0.11+0.59+0.18 ms clock, 1.8+0.57/0.88/0.001+2.9 ms cpu, 4->5->2 MB, 5 MB goal, 0 MB stacks, 0 MB globals, 16 P
gc 367 @4.718s 1%: 0.18+0.73+0.13 ms clock, 2.9+0.60/1.1/0+2.1 ms cpu, 3->4->2 MB, 4 MB goal, 0 MB stacks, 0 MB globals, 16 P
gc 368 @4.720s 1%: 0.16+0.58+0.10 ms clock, 2.6+0.66/0.83/0+1.7 ms cpu, 4->4->2 MB, 4 MB goal, 0 MB stacks, 0 MB globals, 16 P
gc 369 @4.722s 1%: 0.11+0.57+0.14 ms clock, 1.7+0.63/0.92/0+2.2 ms cpu, 3->4->2 MB, 4 MB goal, 0 MB stacks, 0 MB globals, 16 P
gc 370 @4.723s 1%: 0.13+0.52+0.13 ms clock, 2.1+0.56/0.99/0+2.1 ms cpu, 4->4->2 MB, 4 MB goal, 0 MB stacks, 0 MB globals, 16 P
gc 371 @4.725s 1%: 0.12+0.83+0.082 ms clock, 2.0+0.71/1.1/0+1.3 ms cpu, 3->4->2 MB, 4 MB goal, 0 MB stacks, 0 MB globals, 16 P
gc 372 @4.727s 1%: 0.11+0.58+0.11 ms clock, 1.7+0.45/0.91/0+1.8 ms cpu, 4->4->2 MB, 4 MB goal, 0 MB stacks, 0 MB globals, 16 P
gc 373 @4.728s 1%: 0.10+0.67+0.12 ms clock, 1.7+0.63/0.97/0+1.9 ms cpu, 3->4->2 MB, 4 MB goal, 0 MB stacks, 0 MB globals, 16 P
gc 374 @4.730s 1%: 0.13+0.87+0.14 ms clock, 2.0+0.65/1.0/0+2.2 ms cpu, 3->4->2 MB, 4 MB goal, 0 MB stacks, 0 MB globals, 16 P
gc 375 @4.732s 1%: 0.18+0.87+0.083 ms clock, 2.9+0.66/1.0/0+1.3 ms cpu, 4->5->2 MB, 5 MB goal, 0 MB stacks, 0 MB globals, 16 P
gc 376 @4.734s 1%: 0.10+0.56+0.13 ms clock, 1.7+0.53/0.93/0.060+2.1 ms cpu, 4->4->2 MB, 5 MB goal, 0 MB stacks, 0 MB globals, 16 P
gc 377 @4.736s 1%: 0.14+0.91+0.057 ms clock, 2.3+0.95/1.3/0.045+0.91 ms cpu, 3->4->2 MB, 4 MB goal, 0 MB stacks, 0 MB globals, 16 P
gc 378 @4.738s 1%: 0.15+0.69+0.12 ms clock, 2.5+0.58/0.87/0.037+2.0 ms cpu, 4->5->2 MB, 5 MB goal, 0 MB stacks, 0 MB globals, 16 P
gc 379 @4.739s 1%: 0.15+0.66+0.097 ms clock, 2.4+0.65/1.0/0+1.5 ms cpu, 3->4->2 MB, 4 MB goal, 0 MB stacks, 0 MB globals, 16 P
gc 380 @4.741s 1%: 0.15+0.71+0.13 ms clock, 2.4+0.69/1.0/0+2.1 ms cpu, 4->4->2 MB, 4 MB goal, 0 MB stacks, 0 MB globals, 16 P
gc 381 @4.743s 1%: 0.15+0.64+0.14 ms clock, 2.4+0.51/1.1/0+2.3 ms cpu, 4->5->2 MB, 5 MB goal, 0 MB stacks, 0 MB globals, 16 P
gc 382 @4.745s 2%: 0.13+0.64+0.10 ms clock, 2.0+0.67/1.0/0+1.6 ms cpu, 4->4->2 MB, 4 MB goal, 0 MB stacks, 0 MB globals, 16 P
gc 383 @4.746s 2%: 0.10+0.53+0.17 ms clock, 1.6+0.50/0.98/0.023+2.8 ms cpu, 4->4->2 MB, 4 MB goal, 0 MB stacks, 0 MB globals, 16 P
gc 384 @4.748s 2%: 0.19+0.63+0.16 ms clock, 3.1+0.57/1.0/0+2.6 ms cpu, 3->4->2 MB, 4 MB goal, 0 MB stacks, 0 MB globals, 16 P
gc 385 @4.750s 2%: 0.12+0.64+0.11 ms clock, 1.9+0.61/1.0/0.18+1.7 ms cpu, 4->5->2 MB, 5 MB goal, 0 MB stacks, 0 MB globals, 16 P
gc 386 @4.752s 2%: 0.13+0.58+0.17 ms clock, 2.2+0.56/1.0/0+2.8 ms cpu, 3->4->2 MB, 4 MB goal, 0 MB stacks, 0 MB globals, 16 P
gc 387 @4.753s 2%: 0.19+0.71+0.20 ms clock, 3.1+0.67/1.0/0+3.3 ms cpu, 4->5->2 MB, 4 MB goal, 0 MB stacks, 0 MB globals, 16 P
gc 388 @4.755s 2%: 0.20+0.72+0.17 ms clock, 3.2+0.81/1.0/0.025+2.7 ms cpu, 4->5->2 MB, 5 MB goal, 0 MB stacks, 0 MB globals, 16 P
gc 389 @4.757s 2%: 0.10+0.71+0.13 ms clock, 1.7+0.59/1.0/0+2.1 ms cpu, 4->5->2 MB, 5 MB goal, 0 MB stacks, 0 MB globals, 16 P
gc 390 @4.759s 2%: 0.093+0.89+0.087 ms clock, 1.5+0.67/0.93/0+1.4 ms cpu, 4->5->2 MB, 4 MB goal, 0 MB stacks, 0 MB globals, 16 P
gc 391 @4.761s 2%: 0.14+0.62+0.12 ms clock, 2.3+0.59/1.0/0+2.0 ms cpu, 4->5->2 MB, 5 MB goal, 0 MB stacks, 0 MB globals, 16 P
gc 392 @4.763s 2%: 0.10+0.60+0.16 ms clock, 1.6+0.58/1.2/0+2.7 ms cpu, 4->4->2 MB, 4 MB goal, 0 MB stacks, 0 MB globals, 16 P
gc 393 @4.765s 2%: 0.12+1.0+0.13 ms clock, 1.9+0.64/1.0/0+2.0 ms cpu, 4->5->2 MB, 4 MB goal, 0 MB stacks, 0 MB globals, 16 P
gc 394 @4.767s 2%: 0.16+0.55+0.10 ms clock, 2.6+0.86/0.81/0+1.7 ms cpu, 4->5->2 MB, 5 MB goal, 0 MB stacks, 0 MB globals, 16 P
gc 395 @4.769s 2%: 0.15+0.78+0.089 ms clock, 2.4+0.73/0.86/0+1.4 ms cpu, 3->4->2 MB, 4 MB goal, 0 MB stacks, 0 MB globals, 16 P
gc 396 @4.770s 2%: 0.19+0.66+0.16 ms clock, 3.1+0.56/1.1/0.033+2.6 ms cpu, 4->5->2 MB, 4 MB goal, 0 MB stacks, 0 MB globals, 16 P
gc 397 @4.772s 2%: 0.14+0.66+0.21 ms clock, 2.3+0.61/0.99/0+3.4 ms cpu, 4->5->2 MB, 5 MB goal, 0 MB stacks, 0 MB globals, 16 P
gc 398 @4.774s 2%: 0.16+0.63+0.15 ms clock, 2.6+0.58/1.0/0+2.4 ms cpu, 3->4->2 MB, 4 MB goal, 0 MB stacks, 0 MB globals, 16 P
gc 399 @4.776s 2%: 0.16+0.94+0.10 ms clock, 2.6+0.83/1.3/0.006+1.6 ms cpu, 4->5->2 MB, 5 MB goal, 0 MB stacks, 0 MB globals, 16 P
gc 400 @4.778s 2%: 0.11+0.80+0.10 ms clock, 1.8+0.68/0.89/0+1.6 ms cpu, 4->5->2 MB, 5 MB goal, 0 MB stacks, 0 MB globals, 16 P
gc 401 @4.780s 2%: 0.11+0.60+0.14 ms clock, 1.8+0.61/1.0/0+2.3 ms cpu, 4->4->2 MB, 4 MB goal, 0 MB stacks, 0 MB globals, 16 P
gc 402 @4.782s 2%: 0.16+0.66+0.16 ms clock, 2.7+0.62/1.0/0+2.6 ms cpu, 4->4->2 MB, 4 MB goal, 0 MB stacks, 0 MB globals, 16 P
gc 403 @4.784s 2%: 0.17+0.69+0.15 ms clock, 2.8+0.73/1.0/0+2.4 ms cpu, 4->5->2 MB, 4 MB goal, 0 MB stacks, 0 MB globals, 16 P
gc 404 @4.786s 2%: 0.11+0.78+0.20 ms clock, 1.8+0.58/1.0/0+3.2 ms cpu, 4->5->2 MB, 5 MB goal, 0 MB stacks, 0 MB globals, 16 P
gc 405 @4.788s 2%: 0.13+0.77+0.14 ms clock, 2.1+0.66/1.0/0+2.2 ms cpu, 4->5->2 MB, 5 MB goal, 0 MB stacks, 0 MB globals, 16 P
gc 406 @4.790s 2%: 0.12+0.73+0.15 ms clock, 1.9+0.53/1.0/0.055+2.5 ms cpu, 4->5->2 MB, 5 MB goal, 0 MB stacks, 0 MB globals, 16 P
gc 407 @4.792s 2%: 0.14+0.74+0.19 ms clock, 2.3+0.60/0.94/0.049+3.0 ms cpu, 4->4->2 MB, 5 MB goal, 0 MB stacks, 0 MB globals, 16 P
gc 408 @4.794s 2%: 0.11+0.59+0.18 ms clock, 1.7+0.58/0.99/0+2.9 ms cpu, 4->4->2 MB, 4 MB goal, 0 MB stacks, 0 MB globals, 16 P
gc 409 @4.796s 2%: 0.14+0.68+0.18 ms clock, 2.3+0.54/1.1/0.010+2.9 ms cpu, 4->4->2 MB, 4 MB goal, 0 MB stacks, 0 MB globals, 16 P
gc 410 @4.797s 2%: 0.099+0.66+0.13 ms clock, 1.5+0.76/0.94/0.039+2.1 ms cpu, 4->5->2 MB, 4 MB goal, 0 MB stacks, 0 MB globals, 16 P
gc 411 @4.799s 2%: 0.11+0.58+0.20 ms clock, 1.7+0.72/0.92/0+3.2 ms cpu, 4->4->2 MB, 4 MB goal, 0 MB stacks, 0 MB globals, 16 P
gc 412 @4.801s 2%: 0.13+0.56+0.13 ms clock, 2.0+0.63/1.1/0+2.1 ms cpu, 3->4->2 MB, 4 MB goal, 0 MB stacks, 0 MB globals, 16 P
gc 413 @4.803s 2%: 0.12+0.68+0.12 ms clock, 2.0+0.71/0.85/0+2.0 ms cpu, 4->4->2 MB, 4 MB goal, 0 MB stacks, 0 MB globals, 16 P
gc 414 @4.804s 2%: 0.15+0.60+0.20 ms clock, 2.4+0.81/0.82/0.012+3.2 ms cpu, 4->4->2 MB, 4 MB goal, 0 MB stacks, 0 MB globals, 16 P
gc 415 @4.806s 2%: 0.12+0.72+0.15 ms clock, 2.0+0.71/0.93/0+2.5 ms cpu, 3->4->2 MB, 4 MB goal, 0 MB stacks, 0 MB globals, 16 P
gc 416 @4.808s 2%: 0.12+0.65+0.18 ms clock, 1.9+0.61/0.93/0+2.9 ms cpu, 4->4->2 MB, 5 MB goal, 0 MB stacks, 0 MB globals, 16 P
gc 417 @4.810s 2%: 0.18+0.69+0.13 ms clock, 2.9+0.73/1.0/0+2.2 ms cpu, 3->4->2 MB, 4 MB goal, 0 MB stacks, 0 MB globals, 16 P
gc 418 @4.812s 2%: 0.13+0.78+0.15 ms clock, 2.0+0.67/1.0/0+2.5 ms cpu, 4->5->2 MB, 5 MB goal, 0 MB stacks, 0 MB globals, 16 P
gc 419 @4.814s 2%: 0.11+0.65+0.16 ms clock, 1.7+0.69/0.81/0+2.6 ms cpu, 4->5->2 MB, 5 MB goal, 0 MB stacks, 0 MB globals, 16 P
gc 420 @4.815s 2%: 0.18+0.65+0.11 ms clock, 2.9+0.76/0.91/0.056+1.7 ms cpu, 4->4->2 MB, 4 MB goal, 0 MB stacks, 0 MB globals, 16 P
gc 421 @4.817s 2%: 0.12+0.84+0.12 ms clock, 2.0+0.64/1.1/0+1.9 ms cpu, 4->5->2 MB, 4 MB goal, 0 MB stacks, 0 MB globals, 16 P
gc 422 @4.819s 2%: 0.14+0.62+0.16 ms clock, 2.2+0.80/1.0/0+2.6 ms cpu, 4->5->2 MB, 5 MB goal, 0 MB stacks, 0 MB globals, 16 P
gc 423 @4.821s 2%: 0.13+0.54+0.12 ms clock, 2.2+0.79/0.81/0+2.0 ms cpu, 4->4->2 MB, 4 MB goal, 0 MB stacks, 0 MB globals, 16 P
gc 424 @4.823s 2%: 0.13+0.72+0.078 ms clock, 2.1+0.78/1.1/0+1.2 ms cpu, 3->4->2 MB, 4 MB goal, 0 MB stacks, 0 MB globals, 16 P
gc 425 @4.825s 2%: 0.10+0.77+0.18 ms clock, 1.7+0.51/1.0/0.028+2.9 ms cpu, 4->5->2 MB, 5 MB goal, 0 MB stacks, 0 MB globals, 16 P
gc 426 @4.826s 2%: 0.12+0.67+0.17 ms clock, 1.9+0.56/1.0/0+2.8 ms cpu, 4->5->2 MB, 5 MB goal, 0 MB stacks, 0 MB globals, 16 P
gc 427 @4.828s 2%: 0.10+0.54+0.14 ms clock, 1.6+0.49/0.96/0.018+2.2 ms cpu, 4->4->2 MB, 4 MB goal, 0 MB stacks, 0 MB globals, 16 P
gc 428 @4.830s 2%: 0.15+0.61+0.13 ms clock, 2.4+0.64/1.0/0+2.1 ms cpu, 3->4->2 MB, 4 MB goal, 0 MB stacks, 0 MB globals, 16 P
gc 429 @4.832s 2%: 0.11+0.55+0.19 ms clock, 1.9+0.76/0.84/0+3.1 ms cpu, 4->4->2 MB, 4 MB goal, 0 MB stacks, 0 MB globals, 16 P
gc 430 @4.833s 2%: 0.099+0.79+0.15 ms clock, 1.5+0.69/0.94/0+2.4 ms cpu, 3->4->2 MB, 4 MB goal, 0 MB stacks, 0 MB globals, 16 P
gc 431 @4.835s 2%: 0.12+0.90+0.18 ms clock, 1.9+0.64/1.0/0+3.0 ms cpu, 4->5->2 MB, 5 MB goal, 0 MB stacks, 0 MB globals, 16 P
gc 432 @4.838s 2%: 0.10+0.57+0.17 ms clock, 1.7+0.64/0.87/0+2.8 ms cpu, 4->5->2 MB, 5 MB goal, 0 MB stacks, 0 MB globals, 16 P
gc 433 @4.839s 2%: 0.11+0.70+0.072 ms clock, 1.7+0.70/1.2/0+1.1 ms cpu, 3->4->2 MB, 4 MB goal, 0 MB stacks, 0 MB globals, 16 P
gc 434 @4.841s 2%: 0.12+0.85+0.082 ms clock, 1.9+0.62/0.97/0.033+1.3 ms cpu, 4->5->2 MB, 5 MB goal, 0 MB stacks, 0 MB globals, 16 P
gc 435 @4.843s 2%: 0.15+0.82+0.17 ms clock, 2.4+0.70/1.3/0.010+2.7 ms cpu, 4->5->2 MB, 5 MB goal, 0 MB stacks, 0 MB globals, 16 P
gc 436 @4.845s 2%: 0.19+0.76+0.12 ms clock, 3.1+0.72/1.0/0+1.9 ms cpu, 4->5->2 MB, 5 MB goal, 0 MB stacks, 0 MB globals, 16 P
gc 437 @4.847s 2%: 0.086+0.69+0.13 ms clock, 1.3+0.57/1.0/0.022+2.1 ms cpu, 4->5->2 MB, 5 MB goal, 0 MB stacks, 0 MB globals, 16 P
gc 438 @4.849s 2%: 0.10+0.58+0.10 ms clock, 1.7+0.70/0.99/0.002+1.6 ms cpu, 4->4->2 MB, 4 MB goal, 0 MB stacks, 0 MB globals, 16 P
gc 439 @4.851s 2%: 0.14+0.85+0.087 ms clock, 2.2+0.69/1.0/0+1.3 ms cpu, 3->4->2 MB, 4 MB goal, 0 MB stacks, 0 MB globals, 16 P
gc 440 @4.853s 2%: 0.12+0.61+0.13 ms clock, 2.0+0.78/0.83/0+2.1 ms cpu, 4->5->2 MB, 5 MB goal, 0 MB stacks, 0 MB globals, 16 P
gc 441 @4.855s 2%: 0.11+0.62+0.10 ms clock, 1.8+0.50/1.0/0+1.6 ms cpu, 3->4->2 MB, 4 MB goal, 0 MB stacks, 0 MB globals, 16 P
gc 442 @4.856s 2%: 0.17+0.74+0.19 ms clock, 2.7+0.54/1.0/0+3.1 ms cpu, 3->4->2 MB, 4 MB goal, 0 MB stacks, 0 MB globals, 16 P
gc 443 @4.858s 2%: 0.10+0.60+0.15 ms clock, 1.7+0.56/1.1/0.050+2.4 ms cpu, 4->5->2 MB, 5 MB goal, 0 MB stacks, 0 MB globals, 16 P
gc 444 @4.860s 2%: 0.21+0.75+0.18 ms clock, 3.3+0.59/1.0/0.035+2.9 ms cpu, 3->4->2 MB, 4 MB goal, 0 MB stacks, 0 MB globals, 16 P
gc 445 @4.862s 2%: 0.17+0.57+0.17 ms clock, 2.7+0.79/1.1/0+2.7 ms cpu, 4->4->2 MB, 4 MB goal, 0 MB stacks, 0 MB globals, 16 P
gc 446 @4.863s 2%: 0.20+0.58+0.11 ms clock, 3.2+0.64/0.96/0+1.8 ms cpu, 4->4->2 MB, 4 MB goal, 0 MB stacks, 0 MB globals, 16 P
gc 447 @4.865s 2%: 0.13+0.60+0.10 ms clock, 2.0+0.53/1.1/0+1.6 ms cpu, 4->5->2 MB, 4 MB goal, 0 MB stacks, 0 MB globals, 16 P
gc 448 @4.867s 2%: 0.17+0.62+0.12 ms clock, 2.7+0.65/0.77/0.043+2.0 ms cpu, 4->4->2 MB, 4 MB goal, 0 MB stacks, 0 MB globals, 16 P
gc 449 @4.868s 2%: 0.16+0.53+0.19 ms clock, 2.5+0.54/0.97/0+3.0 ms cpu, 4->4->2 MB, 4 MB goal, 0 MB stacks, 0 MB globals, 16 P
gc 450 @4.870s 2%: 0.13+0.57+0.12 ms clock, 2.1+0.55/0.96/0+1.9 ms cpu, 4->4->2 MB, 4 MB goal, 0 MB stacks, 0 MB globals, 16 P
gc 451 @4.872s 2%: 0.14+0.72+0.12 ms clock, 2.3+0.73/0.95/0+1.9 ms cpu, 3->4->2 MB, 4 MB goal, 0 MB stacks, 0 MB globals, 16 P
gc 452 @4.874s 2%: 0.10+0.76+0.085 ms clock, 1.6+0.53/1.0/0.007+1.3 ms cpu, 4->5->2 MB, 5 MB goal, 0 MB stacks, 0 MB globals, 16 P
gc 453 @4.876s 2%: 0.16+0.53+0.12 ms clock, 2.6+0.64/0.94/0+1.9 ms cpu, 4->5->2 MB, 5 MB goal, 0 MB stacks, 0 MB globals, 16 P
gc 454 @4.877s 2%: 0.11+0.77+0.093 ms clock, 1.7+0.67/1.0/0+1.4 ms cpu, 3->4->2 MB, 4 MB goal, 0 MB stacks, 0 MB globals, 16 P
gc 455 @4.879s 2%: 0.10+0.64+0.15 ms clock, 1.6+0.69/0.97/0.10+2.5 ms cpu, 4->5->2 MB, 5 MB goal, 0 MB stacks, 0 MB globals, 16 P
gc 456 @4.881s 2%: 0.11+0.87+0.11 ms clock, 1.8+1.2/1.2/0.14+1.7 ms cpu, 4->5->2 MB, 4 MB goal, 0 MB stacks, 0 MB globals, 16 P
gc 457 @4.883s 2%: 0.11+0.52+0.12 ms clock, 1.8+0.88/0.92/0+1.9 ms cpu, 4->5->2 MB, 5 MB goal, 0 MB stacks, 0 MB globals, 16 P
gc 458 @4.885s 2%: 0.15+0.75+0.097 ms clock, 2.4+0.91/0.99/0+1.5 ms cpu, 3->4->2 MB, 4 MB goal, 0 MB stacks, 0 MB globals, 16 P
gc 459 @4.887s 2%: 0.18+0.68+0.13 ms clock, 2.9+0.63/0.96/0.025+2.1 ms cpu, 4->5->2 MB, 5 MB goal, 0 MB stacks, 0 MB globals, 16 P
gc 460 @4.889s 2%: 0.13+0.77+0.096 ms clock, 2.2+0.65/1.0/0+1.5 ms cpu, 4->5->2 MB, 4 MB goal, 0 MB stacks, 0 MB globals, 16 P
gc 461 @4.891s 2%: 0.12+1.1+0.045 ms clock, 1.9+0.67/1.0/0.002+0.72 ms cpu, 4->5->2 MB, 5 MB goal, 0 MB stacks, 0 MB globals, 16 P
gc 462 @4.893s 2%: 0.13+0.68+0.12 ms clock, 2.1+0.50/0.98/0+2.0 ms cpu, 4->5->2 MB, 5 MB goal, 0 MB stacks, 0 MB globals, 16 P
gc 463 @4.895s 2%: 0.19+0.65+0.11 ms clock, 3.0+0.67/0.84/0+1.8 ms cpu, 3->4->2 MB, 4 MB goal, 0 MB stacks, 0 MB globals, 16 P
gc 464 @4.897s 2%: 0.16+0.69+0.19 ms clock, 2.7+0.54/1.0/0+3.1 ms cpu, 4->5->2 MB, 4 MB goal, 0 MB stacks, 0 MB globals, 16 P
gc 465 @4.899s 2%: 0.094+0.66+0.13 ms clock, 1.5+0.52/1.1/0+2.1 ms cpu, 4->5->2 MB, 5 MB goal, 0 MB stacks, 0 MB globals, 16 P
gc 466 @4.900s 2%: 0.14+0.87+0.13 ms clock, 2.3+0.70/0.92/0.061+2.2 ms cpu, 4->4->2 MB, 4 MB goal, 0 MB stacks, 0 MB globals, 16 P
gc 467 @4.902s 2%: 0.17+1.1+0.096 ms clock, 2.7+0.70/0.96/0+1.5 ms cpu, 4->5->2 MB, 5 MB goal, 0 MB stacks, 0 MB globals, 16 P
gc 468 @4.905s 2%: 0.11+0.68+0.16 ms clock, 1.9+0.68/0.97/0+2.6 ms cpu, 4->5->2 MB, 5 MB goal, 0 MB stacks, 0 MB globals, 16 P
gc 469 @4.906s 2%: 0.10+0.77+0.11 ms clock, 1.6+0.65/1.0/0+1.8 ms cpu, 4->5->2 MB, 4 MB goal, 0 MB stacks, 0 MB globals, 16 P
gc 470 @4.908s 2%: 0.12+0.82+0.10 ms clock, 2.0+0.72/0.89/0+1.7 ms cpu, 4->5->2 MB, 4 MB goal, 0 MB stacks, 0 MB globals, 16 P
gc 471 @4.910s 2%: 0.11+0.76+0.12 ms clock, 1.8+0.70/0.98/0+2.0 ms cpu, 4->5->2 MB, 5 MB goal, 0 MB stacks, 0 MB globals, 16 P
gc 472 @4.912s 2%: 0.13+0.64+0.093 ms clock, 2.0+0.60/0.98/0+1.5 ms cpu, 4->4->2 MB, 4 MB goal, 0 MB stacks, 0 MB globals, 16 P
gc 473 @4.914s 2%: 0.12+0.74+0.10 ms clock, 1.9+0.55/1.0/0+1.7 ms cpu, 3->4->2 MB, 4 MB goal, 0 MB stacks, 0 MB globals, 16 P
gc 474 @4.915s 2%: 0.10+0.66+0.045 ms clock, 1.6+0.45/1.1/0+0.72 ms cpu, 4->4->2 MB, 4 MB goal, 0 MB stacks, 0 MB globals, 16 P
gc 475 @4.917s 2%: 0.14+0.79+0.090 ms clock, 2.2+0.61/0.82/0.023+1.4 ms cpu, 3->4->2 MB, 4 MB goal, 0 MB stacks, 0 MB globals, 16 P
gc 476 @4.919s 2%: 0.11+0.70+0.10 ms clock, 1.8+0.63/0.92/0.030+1.6 ms cpu, 4->5->2 MB, 5 MB goal, 0 MB stacks, 0 MB globals, 16 P
gc 477 @4.921s 2%: 0.14+0.62+0.069 ms clock, 2.3+0.56/0.92/0+1.1 ms cpu, 4->4->2 MB, 4 MB goal, 0 MB stacks, 0 MB globals, 16 P
gc 478 @4.923s 2%: 0.14+0.54+0.18 ms clock, 2.2+0.48/1.0/0.017+3.0 ms cpu, 4->4->2 MB, 4 MB goal, 0 MB stacks, 0 MB globals, 16 P
gc 479 @4.924s 2%: 0.14+0.70+0.11 ms clock, 2.3+0.57/0.98/0+1.7 ms cpu, 3->4->2 MB, 4 MB goal, 0 MB stacks, 0 MB globals, 16 P
gc 480 @4.926s 2%: 0.19+0.58+0.12 ms clock, 3.0+0.68/0.85/0+1.9 ms cpu, 4->4->2 MB, 5 MB goal, 0 MB stacks, 0 MB globals, 16 P
gc 481 @4.928s 2%: 0.17+0.67+0.086 ms clock, 2.7+0.76/1.0/0+1.3 ms cpu, 3->5->2 MB, 4 MB goal, 0 MB stacks, 0 MB globals, 16 P
gc 482 @4.930s 2%: 0.14+0.60+0.11 ms clock, 2.3+0.68/1.0/0+1.9 ms cpu, 4->5->2 MB, 5 MB goal, 0 MB stacks, 0 MB globals, 16 P
gc 483 @4.932s 2%: 0.11+0.92+0.12 ms clock, 1.8+0.72/1.1/0+1.9 ms cpu, 4->5->2 MB, 4 MB goal, 0 MB stacks, 0 MB globals, 16 P
gc 484 @4.934s 2%: 0.10+0.72+0.12 ms clock, 1.6+0.53/1.0/0+2.0 ms cpu, 4->5->2 MB, 5 MB goal, 0 MB stacks, 0 MB globals, 16 P
gc 485 @4.936s 2%: 0.13+0.69+0.18 ms clock, 2.0+0.59/1.1/0.002+2.9 ms cpu, 3->5->2 MB, 4 MB goal, 0 MB stacks, 0 MB globals, 16 P
gc 486 @4.938s 2%: 0.15+0.62+0.14 ms clock, 2.4+0.76/0.74/0+2.3 ms cpu, 4->5->2 MB, 5 MB goal, 0 MB stacks, 0 MB globals, 16 P
gc 487 @4.940s 2%: 0.11+0.69+0.18 ms clock, 1.8+0.63/0.99/0+2.9 ms cpu, 3->4->2 MB, 4 MB goal, 0 MB stacks, 0 MB globals, 16 P
gc 488 @4.941s 2%: 0.14+0.64+0.11 ms clock, 2.3+0.72/1.0/0+1.8 ms cpu, 4->4->2 MB, 4 MB goal, 0 MB stacks, 0 MB globals, 16 P
gc 489 @4.943s 2%: 0.11+0.82+0.20 ms clock, 1.7+0.63/1.1/0+3.2 ms cpu, 4->5->2 MB, 5 MB goal, 0 MB stacks, 0 MB globals, 16 P
gc 490 @4.945s 2%: 0.18+0.74+0.14 ms clock, 2.9+0.72/0.96/0.011+2.3 ms cpu, 4->5->2 MB, 5 MB goal, 0 MB stacks, 0 MB globals, 16 P
gc 491 @4.947s 2%: 0.10+0.60+0.20 ms clock, 1.7+0.56/1.0/0.019+3.2 ms cpu, 4->5->2 MB, 5 MB goal, 0 MB stacks, 0 MB globals, 16 P
gc 492 @4.949s 2%: 0.13+0.74+0.16 ms clock, 2.1+0.74/1.0/0.025+2.6 ms cpu, 3->4->2 MB, 4 MB goal, 0 MB stacks, 0 MB globals, 16 P
gc 493 @4.951s 2%: 0.14+0.71+0.14 ms clock, 2.2+0.48/1.0/0.015+2.3 ms cpu, 4->5->2 MB, 5 MB goal, 0 MB stacks, 0 MB globals, 16 P
gc 494 @4.953s 2%: 0.11+0.80+0.12 ms clock, 1.9+0.69/1.0/0+2.0 ms cpu, 4->5->2 MB, 4 MB goal, 0 MB stacks, 0 MB globals, 16 P
gc 495 @4.955s 2%: 0.13+0.77+0.079 ms clock, 2.1+0.70/1.0/0+1.2 ms cpu, 4->5->2 MB, 5 MB goal, 0 MB stacks, 0 MB globals, 16 P
gc 496 @4.957s 2%: 0.14+0.83+0.099 ms clock, 2.3+0.67/0.94/0.050+1.5 ms cpu, 4->5->2 MB, 5 MB goal, 0 MB stacks, 0 MB globals, 16 P
gc 497 @4.959s 2%: 0.14+0.81+0.14 ms clock, 2.3+0.71/0.95/0+2.3 ms cpu, 4->5->2 MB, 5 MB goal, 0 MB stacks, 0 MB globals, 16 P
gc 498 @4.961s 2%: 0.16+0.65+0.18 ms clock, 2.5+0.70/1.0/0+3.0 ms cpu, 4->5->2 MB, 4 MB goal, 0 MB stacks, 0 MB globals, 16 P
gc 499 @4.962s 2%: 0.091+0.62+0.19 ms clock, 1.4+0.69/1.1/0+3.0 ms cpu, 4->4->2 MB, 4 MB goal, 0 MB stacks, 0 MB globals, 16 P
gc 500 @4.964s 2%: 0.10+0.81+0.077 ms clock, 1.6+0.72/0.99/0+1.2 ms cpu, 4->4->2 MB, 4 MB goal, 0 MB stacks, 0 MB globals, 16 P
gc 501 @4.966s 2%: 0.11+0.78+0.12 ms clock, 1.8+0.71/1.0/0.002+1.9 ms cpu, 4->5->2 MB, 5 MB goal, 0 MB stacks, 0 MB globals, 16 P
gc 502 @4.968s 2%: 0.13+0.87+0.14 ms clock, 2.2+0.59/1.0/0+2.2 ms cpu, 4->5->2 MB, 5 MB goal, 0 MB stacks, 0 MB globals, 16 P
gc 503 @4.970s 2%: 0.12+0.63+0.14 ms clock, 1.9+0.68/0.92/0+2.3 ms cpu, 4->4->2 MB, 5 MB goal, 0 MB stacks, 0 MB globals, 16 P
gc 504 @4.972s 2%: 0.19+0.78+0.17 ms clock, 3.1+0.85/1.2/0+2.8 ms cpu, 3->4->2 MB, 4 MB goal, 0 MB stacks, 0 MB globals, 16 P
gc 505 @4.974s 2%: 0.14+0.65+0.13 ms clock, 2.3+0.67/0.94/0+2.1 ms cpu, 4->5->2 MB, 5 MB goal, 0 MB stacks, 0 MB globals, 16 P
gc 506 @4.976s 2%: 0.21+0.86+0.10 ms clock, 3.4+0.73/0.98/0+1.6 ms cpu, 4->5->2 MB, 4 MB goal, 0 MB stacks, 0 MB globals, 16 P
gc 507 @4.978s 2%: 0.17+0.91+0.10 ms clock, 2.8+0.88/0.88/0+1.6 ms cpu, 4->5->2 MB, 5 MB goal, 0 MB stacks, 0 MB globals, 16 P
gc 508 @4.981s 2%: 0.12+0.63+0.14 ms clock, 2.0+0.61/0.83/0.12+2.3 ms cpu, 4->5->2 MB, 5 MB goal, 0 MB stacks, 0 MB globals, 16 P
gc 509 @4.982s 2%: 0.22+0.70+0.094 ms clock, 3.5+0.60/1.0/0+1.5 ms cpu, 4->4->2 MB, 4 MB goal, 0 MB stacks, 0 MB globals, 16 P
gc 510 @4.984s 2%: 0.11+0.63+0.098 ms clock, 1.9+0.62/0.95/0+1.5 ms cpu, 4->4->2 MB, 4 MB goal, 0 MB stacks, 0 MB globals, 16 P
gc 511 @4.986s 2%: 0.14+0.97+0.10 ms clock, 2.3+0.68/1.0/0.001+1.7 ms cpu, 4->5->2 MB, 4 MB goal, 0 MB stacks, 0 MB globals, 16 P
gc 512 @4.988s 2%: 0.10+0.76+0.11 ms clock, 1.6+0.66/0.97/0.013+1.7 ms cpu, 4->5->2 MB, 5 MB goal, 0 MB stacks, 0 MB globals, 16 P
gc 513 @4.990s 2%: 0.11+0.69+0.19 ms clock, 1.8+0.76/1.0/0+3.1 ms cpu, 4->5->2 MB, 5 MB goal, 0 MB stacks, 0 MB globals, 16 P
gc 514 @4.992s 2%: 0.14+0.49+0.15 ms clock, 2.3+0.60/1.0/0.033+2.4 ms cpu, 4->4->2 MB, 4 MB goal, 0 MB stacks, 0 MB globals, 16 P
gc 515 @4.993s 2%: 0.19+0.76+0.11 ms clock, 3.1+0.74/0.87/0+1.7 ms cpu, 3->4->2 MB, 4 MB goal, 0 MB stacks, 0 MB globals, 16 P
gc 516 @4.995s 2%: 0.10+0.70+0.086 ms clock, 1.6+0.63/1.0/0.036+1.3 ms cpu, 4->5->2 MB, 5 MB goal, 0 MB stacks, 0 MB globals, 16 P
gc 517 @4.997s 2%: 0.16+0.83+0.12 ms clock, 2.7+0.64/1.1/0+2.0 ms cpu, 3->4->2 MB, 4 MB goal, 0 MB stacks, 0 MB globals, 16 P
gc 518 @4.999s 2%: 0.15+0.86+0.13 ms clock, 2.4+0.66/1.2/0+2.0 ms cpu, 4->5->2 MB, 5 MB goal, 0 MB stacks, 0 MB globals, 16 P
gc 519 @5.001s 2%: 0.15+0.70+0.24 ms clock, 2.5+0.70/0.98/0+3.9 ms cpu, 4->5->2 MB, 5 MB goal, 0 MB stacks, 0 MB globals, 16 P
gc 520 @5.003s 2%: 0.17+0.90+0.17 ms clock, 2.7+0.79/1.4/0+2.8 ms cpu, 4->5->2 MB, 4 MB goal, 0 MB stacks, 0 MB globals, 16 P
gc 521 @5.006s 2%: 0.10+0.67+0.20 ms clock, 1.6+0.62/1.0/0+3.3 ms cpu, 4->5->2 MB, 5 MB goal, 0 MB stacks, 0 MB globals, 16 P
gc 522 @5.008s 2%: 0.10+0.70+0.10 ms clock, 1.6+0.69/0.85/0+1.6 ms cpu, 4->5->2 MB, 4 MB goal, 0 MB stacks, 0 MB globals, 16 P
gc 523 @5.009s 2%: 0.17+0.96+0.086 ms clock, 2.8+0.67/0.96/0+1.3 ms cpu, 4->5->2 MB, 4 MB goal, 0 MB stacks, 0 MB globals, 16 P
gc 524 @5.012s 2%: 0.16+0.69+0.090 ms clock, 2.5+0.70/0.86/0+1.4 ms cpu, 4->5->2 MB, 5 MB goal, 0 MB stacks, 0 MB globals, 16 P
gc 525 @5.013s 2%: 0.15+0.58+0.11 ms clock, 2.4+0.73/0.91/0+1.7 ms cpu, 3->4->2 MB, 4 MB goal, 0 MB stacks, 0 MB globals, 16 P
gc 526 @5.015s 2%: 0.11+0.90+0.10 ms clock, 1.7+0.79/1.0/0+1.6 ms cpu, 3->4->2 MB, 4 MB goal, 0 MB stacks, 0 MB globals, 16 P
gc 527 @5.017s 2%: 0.10+0.67+0.089 ms clock, 1.6+0.52/1.0/0.033+1.4 ms cpu, 4->4->2 MB, 5 MB goal, 0 MB stacks, 0 MB globals, 16 P
gc 528 @5.019s 2%: 0.16+0.61+0.17 ms clock, 2.5+0.57/1.0/0+2.8 ms cpu, 4->4->2 MB, 4 MB goal, 0 MB stacks, 0 MB globals, 16 P
gc 529 @5.021s 2%: 0.12+0.62+0.18 ms clock, 1.9+0.66/1.0/0.070+2.8 ms cpu, 4->4->2 MB, 4 MB goal, 0 MB stacks, 0 MB globals, 16 P
gc 530 @5.022s 2%: 0.10+0.66+0.19 ms clock, 1.7+0.72/0.89/0.052+3.1 ms cpu, 3->4->2 MB, 4 MB goal, 0 MB stacks, 0 MB globals, 16 P
gc 531 @5.024s 2%: 0.092+0.57+0.17 ms clock, 1.4+0.60/1.0/0+2.7 ms cpu, 4->4->2 MB, 4 MB goal, 0 MB stacks, 0 MB globals, 16 P
gc 532 @5.026s 2%: 0.099+0.57+0.10 ms clock, 1.5+0.56/0.95/0+1.7 ms cpu, 3->4->2 MB, 4 MB goal, 0 MB stacks, 0 MB globals, 16 P
gc 533 @5.027s 2%: 0.13+0.60+0.14 ms clock, 2.1+0.71/0.94/0.003+2.3 ms cpu, 4->4->2 MB, 4 MB goal, 0 MB stacks, 0 MB globals, 16 P
gc 534 @5.029s 2%: 0.15+0.59+0.18 ms clock, 2.4+0.67/0.71/0.051+2.9 ms cpu, 4->4->2 MB, 4 MB goal, 0 MB stacks, 0 MB globals, 16 P
gc 535 @5.031s 2%: 0.092+0.67+0.12 ms clock, 1.4+0.50/1.0/0+1.9 ms cpu, 3->4->2 MB, 4 MB goal, 0 MB stacks, 0 MB globals, 16 P
gc 536 @5.033s 2%: 0.11+0.79+0.13 ms clock, 1.9+0.77/0.97/0+2.1 ms cpu, 4->5->2 MB, 5 MB goal, 0 MB stacks, 0 MB globals, 16 P
gc 537 @5.035s 2%: 0.13+1.0+0.046 ms clock, 2.2+0.72/0.95/0+0.73 ms cpu, 4->5->2 MB, 4 MB goal, 0 MB stacks, 0 MB globals, 16 P
gc 538 @5.037s 2%: 0.091+0.62+0.13 ms clock, 1.4+0.67/1.1/0.007+2.1 ms cpu, 4->5->2 MB, 5 MB goal, 0 MB stacks, 0 MB globals, 16 P
gc 539 @5.039s 2%: 0.11+0.49+0.17 ms clock, 1.9+0.73/0.97/0+2.8 ms cpu, 4->4->2 MB, 4 MB goal, 0 MB stacks, 0 MB globals, 16 P
gc 540 @5.040s 2%: 0.15+0.93+0.089 ms clock, 2.4+0.62/0.93/0.047+1.4 ms cpu, 3->4->2 MB, 4 MB goal, 0 MB stacks, 0 MB globals, 16 P
gc 541 @5.042s 2%: 0.13+0.52+0.15 ms clock, 2.1+0.53/0.95/0+2.4 ms cpu, 4->5->2 MB, 5 MB goal, 0 MB stacks, 0 MB globals, 16 P
gc 542 @5.044s 2%: 0.12+0.64+0.054 ms clock, 1.9+0.60/0.96/0+0.87 ms cpu, 3->4->2 MB, 4 MB goal, 0 MB stacks, 0 MB globals, 16 P
gc 543 @5.046s 2%: 0.20+0.65+0.17 ms clock, 3.2+0.65/0.82/0+2.7 ms cpu, 4->4->2 MB, 4 MB goal, 0 MB stacks, 0 MB globals, 16 P
gc 544 @5.047s 2%: 0.22+0.71+0.087 ms clock, 3.5+0.78/1.0/0+1.3 ms cpu, 4->5->2 MB, 4 MB goal, 0 MB stacks, 0 MB globals, 16 P
gc 545 @5.049s 2%: 0.10+0.88+0.040 ms clock, 1.6+0.86/1.3/0+0.65 ms cpu, 4->5->2 MB, 5 MB goal, 0 MB stacks, 0 MB globals, 16 P
gc 546 @5.051s 2%: 0.12+0.69+0.16 ms clock, 1.9+0.67/1.0/0+2.6 ms cpu, 4->5->2 MB, 5 MB goal, 0 MB stacks, 0 MB globals, 16 P
gc 547 @5.053s 2%: 0.10+0.77+0.16 ms clock, 1.6+0.38/1.2/0+2.6 ms cpu, 4->5->2 MB, 5 MB goal, 0 MB stacks, 0 MB globals, 16 P
gc 548 @5.055s 2%: 0.21+0.80+0.11 ms clock, 3.4+0.56/0.97/0+1.8 ms cpu, 4->5->2 MB, 5 MB goal, 0 MB stacks, 0 MB globals, 16 P
gc 549 @5.057s 2%: 0.095+0.71+0.089 ms clock, 1.5+0.49/1.0/0+1.4 ms cpu, 4->5->2 MB, 5 MB goal, 0 MB stacks, 0 MB globals, 16 P
gc 550 @5.059s 2%: 0.14+0.70+0.12 ms clock, 2.3+0.64/1.0/0+1.9 ms cpu, 4->5->2 MB, 4 MB goal, 0 MB stacks, 0 MB globals, 16 P
gc 551 @5.061s 2%: 0.070+0.69+0.099 ms clock, 1.1+0.70/1.0/0+1.5 ms cpu, 3->4->2 MB, 4 MB goal, 0 MB stacks, 0 MB globals, 16 P
gc 552 @5.063s 2%: 0.15+0.50+0.12 ms clock, 2.5+0.67/0.87/0+2.0 ms cpu, 4->4->2 MB, 4 MB goal, 0 MB stacks, 0 MB globals, 16 P
gc 553 @5.064s 2%: 0.11+0.54+0.16 ms clock, 1.8+0.47/0.88/0+2.6 ms cpu, 3->4->2 MB, 4 MB goal, 0 MB stacks, 0 MB globals, 16 P
gc 554 @5.066s 2%: 0.073+0.75+0.10 ms clock, 1.1+0.61/1.0/0+1.7 ms cpu, 3->4->2 MB, 4 MB goal, 0 MB stacks, 0 MB globals, 16 P
gc 555 @5.068s 2%: 0.14+0.87+0.088 ms clock, 2.3+0.66/0.79/0.021+1.4 ms cpu, 4->5->2 MB, 4 MB goal, 0 MB stacks, 0 MB globals, 16 P
gc 556 @5.070s 2%: 0.12+0.63+0.18 ms clock, 1.9+0.68/0.97/0+2.9 ms cpu, 4->5->2 MB, 5 MB goal, 0 MB stacks, 0 MB globals, 16 P
gc 557 @5.072s 2%: 0.16+0.55+0.13 ms clock, 2.6+0.60/0.93/0+2.2 ms cpu, 4->5->2 MB, 4 MB goal, 0 MB stacks, 0 MB globals, 16 P
gc 558 @5.074s 2%: 0.10+0.78+0.10 ms clock, 1.6+0.60/0.87/0+1.6 ms cpu, 4->4->2 MB, 4 MB goal, 0 MB stacks, 0 MB globals, 16 P
gc 559 @5.076s 2%: 0.12+0.55+0.16 ms clock, 1.9+0.51/1.0/0+2.6 ms cpu, 4->4->2 MB, 4 MB goal, 0 MB stacks, 0 MB globals, 16 P
gc 560 @5.077s 2%: 0.13+0.94+0.058 ms clock, 2.1+0.61/0.95/0+0.93 ms cpu, 3->4->2 MB, 4 MB goal, 0 MB stacks, 0 MB globals, 16 P
gc 561 @5.079s 2%: 0.17+0.80+0.096 ms clock, 2.8+0.61/1.0/0+1.5 ms cpu, 4->5->2 MB, 5 MB goal, 0 MB stacks, 0 MB globals, 16 P
gc 562 @5.081s 2%: 0.10+0.74+0.12 ms clock, 1.7+0.65/0.99/0+2.0 ms cpu, 4->5->2 MB, 5 MB goal, 0 MB stacks, 0 MB globals, 16 P
gc 563 @5.083s 2%: 0.16+0.64+0.15 ms clock, 2.6+0.64/1.0/0+2.5 ms cpu, 4->4->2 MB, 4 MB goal, 0 MB stacks, 0 MB globals, 16 P
gc 564 @5.085s 2%: 0.13+0.74+0.17 ms clock, 2.1+0.69/0.85/0+2.8 ms cpu, 4->5->2 MB, 5 MB goal, 0 MB stacks, 0 MB globals, 16 P
gc 565 @5.087s 2%: 0.19+0.74+0.14 ms clock, 3.1+0.72/0.99/0+2.3 ms cpu, 4->5->2 MB, 4 MB goal, 0 MB stacks, 0 MB globals, 16 P
gc 566 @5.089s 2%: 0.16+0.64+0.15 ms clock, 2.6+0.60/1.0/0+2.5 ms cpu, 4->5->2 MB, 5 MB goal, 0 MB stacks, 0 MB globals, 16 P
gc 567 @5.091s 2%: 0.10+0.82+0.090 ms clock, 1.7+0.67/1.0/0+1.4 ms cpu, 4->5->2 MB, 5 MB goal, 0 MB stacks, 0 MB globals, 16 P
gc 568 @5.093s 2%: 0.12+0.56+0.11 ms clock, 2.0+0.76/0.95/0+1.7 ms cpu, 4->4->2 MB, 5 MB goal, 0 MB stacks, 0 MB globals, 16 P
gc 569 @5.094s 2%: 0.16+0.62+0.14 ms clock, 2.6+0.67/1.0/0+2.3 ms cpu, 3->4->2 MB, 4 MB goal, 0 MB stacks, 0 MB globals, 16 P
gc 570 @5.096s 2%: 0.085+0.71+0.11 ms clock, 1.3+0.57/1.0/0+1.8 ms cpu, 4->4->2 MB, 4 MB goal, 0 MB stacks, 0 MB globals, 16 P
gc 571 @5.098s 2%: 0.13+0.53+0.14 ms clock, 2.1+0.62/0.94/0+2.3 ms cpu, 4->4->2 MB, 4 MB goal, 0 MB stacks, 0 MB globals, 16 P
gc 572 @5.099s 2%: 0.11+0.80+0.082 ms clock, 1.8+0.59/1.2/0+1.3 ms cpu, 3->4->2 MB, 4 MB goal, 0 MB stacks, 0 MB globals, 16 P
gc 573 @5.101s 2%: 0.14+0.68+0.11 ms clock, 2.3+0.48/1.1/0.016+1.8 ms cpu, 4->5->2 MB, 5 MB goal, 0 MB stacks, 0 MB globals, 16 P
gc 574 @5.103s 2%: 0.092+0.83+0.16 ms clock, 1.4+0.57/1.2/0.001+2.6 ms cpu, 4->5->2 MB, 4 MB goal, 0 MB stacks, 0 MB globals, 16 P
gc 575 @5.105s 2%: 0.12+0.64+0.16 ms clock, 1.9+0.70/1.0/0+2.6 ms cpu, 4->5->2 MB, 5 MB goal, 0 MB stacks, 0 MB globals, 16 P
gc 576 @5.107s 2%: 0.12+0.65+0.14 ms clock, 2.0+0.60/1.1/0+2.2 ms cpu, 4->5->2 MB, 4 MB goal, 0 MB stacks, 0 MB globals, 16 P
gc 577 @5.109s 2%: 0.11+0.52+0.13 ms clock, 1.8+0.69/1.0/0+2.2 ms cpu, 4->5->2 MB, 5 MB goal, 0 MB stacks, 0 MB globals, 16 P
gc 578 @5.110s 2%: 0.15+0.55+0.19 ms clock, 2.4+0.73/0.96/0.020+3.1 ms cpu, 3->4->2 MB, 4 MB goal, 0 MB stacks, 0 MB globals, 16 P
gc 579 @5.112s 2%: 0.23+0.73+0.12 ms clock, 3.7+0.74/1.0/0+1.9 ms cpu, 3->4->2 MB, 4 MB goal, 0 MB stacks, 0 MB globals, 16 P
gc 580 @5.114s 2%: 0.12+0.82+0.10 ms clock, 2.0+0.89/0.84/0+1.6 ms cpu, 4->5->2 MB, 5 MB goal, 0 MB stacks, 0 MB globals, 16 P
gc 581 @5.116s 2%: 0.16+0.79+0.073 ms clock, 2.6+0.52/1.0/0+1.1 ms cpu, 4->5->2 MB, 5 MB goal, 0 MB stacks, 0 MB globals, 16 P
gc 582 @5.118s 2%: 0.10+0.54+0.17 ms clock, 1.7+0.50/0.97/0.001+2.8 ms cpu, 4->5->2 MB, 5 MB goal, 0 MB stacks, 0 MB globals, 16 P
gc 583 @5.119s 2%: 0.10+0.57+0.15 ms clock, 1.6+0.68/0.97/0+2.5 ms cpu, 4->4->2 MB, 4 MB goal, 0 MB stacks, 0 MB globals, 16 P
gc 584 @5.121s 2%: 0.13+0.61+0.16 ms clock, 2.2+0.70/1.0/0.001+2.6 ms cpu, 4->4->2 MB, 4 MB goal, 0 MB stacks, 0 MB globals, 16 P
gc 585 @5.123s 2%: 0.13+0.86+0.10 ms clock, 2.2+0.60/0.96/0+1.6 ms cpu, 4->5->2 MB, 4 MB goal, 0 MB stacks, 0 MB globals, 16 P
gc 586 @5.125s 2%: 0.13+0.75+0.096 ms clock, 2.1+0.49/0.91/0+1.5 ms cpu, 4->5->2 MB, 5 MB goal, 0 MB stacks, 0 MB globals, 16 P
gc 587 @5.127s 2%: 0.11+0.74+0.12 ms clock, 1.8+0.71/0.92/0.053+2.0 ms cpu, 4->5->2 MB, 4 MB goal, 0 MB stacks, 0 MB globals, 16 P
gc 588 @5.129s 2%: 0.11+0.53+0.19 ms clock, 1.8+0.69/0.99/0.003+3.1 ms cpu, 4->4->2 MB, 4 MB goal, 0 MB stacks, 0 MB globals, 16 P
gc 589 @5.130s 2%: 0.16+0.58+0.14 ms clock, 2.7+0.55/0.90/0.044+2.3 ms cpu, 3->4->2 MB, 4 MB goal, 0 MB stacks, 0 MB globals, 16 P
gc 590 @5.132s 2%: 0.15+0.64+0.11 ms clock, 2.4+0.55/0.90/0+1.8 ms cpu, 4->4->2 MB, 4 MB goal, 0 MB stacks, 0 MB globals, 16 P
gc 591 @5.133s 2%: 0.18+0.63+0.12 ms clock, 3.0+0.59/1.0/0+2.0 ms cpu, 4->4->2 MB, 4 MB goal, 0 MB stacks, 0 MB globals, 16 P
gc 592 @5.135s 2%: 0.13+0.66+0.15 ms clock, 2.1+0.71/0.97/0.009+2.4 ms cpu, 4->4->2 MB, 5 MB goal, 0 MB stacks, 0 MB globals, 16 P
gc 593 @5.137s 2%: 0.18+0.71+0.14 ms clock, 2.8+0.55/1.0/0+2.3 ms cpu, 3->4->2 MB, 4 MB goal, 0 MB stacks, 0 MB globals, 16 P
gc 594 @5.139s 2%: 0.12+0.69+0.12 ms clock, 1.9+0.69/0.92/0+1.9 ms cpu, 4->5->2 MB, 5 MB goal, 0 MB stacks, 0 MB globals, 16 P
gc 595 @5.141s 2%: 0.12+0.82+0.038 ms clock, 2.0+0.75/1.3/0+0.60 ms cpu, 4->5->2 MB, 4 MB goal, 0 MB stacks, 0 MB globals, 16 P
gc 596 @5.143s 2%: 0.12+0.87+0.039 ms clock, 2.0+0.60/1.0/0+0.63 ms cpu, 4->5->2 MB, 5 MB goal, 0 MB stacks, 0 MB globals, 16 P
gc 597 @5.145s 2%: 0.15+0.58+0.15 ms clock, 2.5+0.65/1.0/0.029+2.5 ms cpu, 4->4->2 MB, 5 MB goal, 0 MB stacks, 0 MB globals, 16 P
gc 598 @5.146s 2%: 0.19+0.60+0.24 ms clock, 3.1+0.68/1.0/0+3.9 ms cpu, 3->4->2 MB, 4 MB goal, 0 MB stacks, 0 MB globals, 16 P
gc 599 @5.148s 2%: 0.19+0.64+0.22 ms clock, 3.0+0.64/1.0/0+3.6 ms cpu, 4->5->2 MB, 5 MB goal, 0 MB stacks, 0 MB globals, 16 P
gc 600 @5.150s 2%: 0.12+0.54+0.093 ms clock, 2.0+0.71/1.0/0+1.4 ms cpu, 4->5->2 MB, 5 MB goal, 0 MB stacks, 0 MB globals, 16 P
gc 601 @5.152s 2%: 0.15+0.65+0.10 ms clock, 2.5+0.62/0.99/0+1.7 ms cpu, 3->4->2 MB, 4 MB goal, 0 MB stacks, 0 MB globals, 16 P
gc 602 @5.154s 2%: 0.12+0.81+0.10 ms clock, 1.9+0.62/0.99/0+1.6 ms cpu, 4->5->2 MB, 4 MB goal, 0 MB stacks, 0 MB globals, 16 P
gc 603 @5.155s 2%: 0.11+0.74+0.12 ms clock, 1.7+0.78/1.0/0.082+2.0 ms cpu, 4->5->2 MB, 5 MB goal, 0 MB stacks, 0 MB globals, 16 P
gc 604 @5.157s 2%: 0.15+0.73+0.13 ms clock, 2.4+0.78/1.0/0+2.2 ms cpu, 4->4->2 MB, 4 MB goal, 0 MB stacks, 0 MB globals, 16 P
gc 605 @5.159s 2%: 0.10+0.55+0.14 ms clock, 1.6+0.48/0.96/0.081+2.2 ms cpu, 4->4->2 MB, 4 MB goal, 0 MB stacks, 0 MB globals, 16 P
gc 606 @5.160s 2%: 0.15+0.79+0.10 ms clock, 2.5+0.48/0.98/0+1.6 ms cpu, 3->4->2 MB, 4 MB goal, 0 MB stacks, 0 MB globals, 16 P
gc 607 @5.162s 2%: 0.10+0.70+0.16 ms clock, 1.7+0.61/0.95/0+2.6 ms cpu, 4->5->2 MB, 5 MB goal, 0 MB stacks, 0 MB globals, 16 P
gc 608 @5.164s 2%: 0.12+0.67+0.095 ms clock, 1.9+0.63/0.96/0.044+1.5 ms cpu, 4->4->2 MB, 5 MB goal, 0 MB stacks, 0 MB globals, 16 P
gc 609 @5.166s 2%: 0.16+0.64+0.13 ms clock, 2.6+0.75/0.95/0+2.1 ms cpu, 3->4->2 MB, 4 MB goal, 0 MB stacks, 0 MB globals, 16 P
gc 610 @5.168s 2%: 0.11+0.75+0.15 ms clock, 1.7+0.64/1.0/0.10+2.4 ms cpu, 4->5->2 MB, 5 MB goal, 0 MB stacks, 0 MB globals, 16 P
gc 611 @5.170s 2%: 0.14+0.67+0.073 ms clock, 2.2+0.54/1.0/0.003+1.1 ms cpu, 4->5->2 MB, 5 MB goal, 0 MB stacks, 0 MB globals, 16 P
gc 612 @5.171s 2%: 0.21+0.59+0.15 ms clock, 3.4+0.94/0.99/0+2.5 ms cpu, 4->4->2 MB, 4 MB goal, 0 MB stacks, 0 MB globals, 16 P
gc 613 @5.173s 2%: 0.12+0.56+0.18 ms clock, 2.0+0.65/1.0/0+2.9 ms cpu, 4->4->2 MB, 4 MB goal, 0 MB stacks, 0 MB globals, 16 P
gc 614 @5.175s 2%: 0.14+0.52+0.12 ms clock, 2.3+0.62/0.97/0+1.9 ms cpu, 3->4->2 MB, 4 MB goal, 0 MB stacks, 0 MB globals, 16 P
gc 615 @5.176s 2%: 0.14+0.48+0.13 ms clock, 2.3+0.73/0.84/0+2.0 ms cpu, 4->4->2 MB, 4 MB goal, 0 MB stacks, 0 MB globals, 16 P
gc 616 @5.178s 2%: 0.17+0.56+0.11 ms clock, 2.7+0.64/1.0/0+1.8 ms cpu, 3->4->2 MB, 4 MB goal, 0 MB stacks, 0 MB globals, 16 P
gc 617 @5.180s 2%: 0.21+0.78+0.23 ms clock, 3.3+0.74/1.0/0.002+3.7 ms cpu, 3->4->2 MB, 4 MB goal, 0 MB stacks, 0 MB globals, 16 P
gc 618 @5.182s 2%: 0.13+0.55+0.14 ms clock, 2.1+0.70/0.98/0+2.2 ms cpu, 4->5->2 MB, 5 MB goal, 0 MB stacks, 0 MB globals, 16 P
gc 619 @5.183s 2%: 0.13+0.90+0.090 ms clock, 2.1+0.58/1.1/0+1.4 ms cpu, 3->4->2 MB, 4 MB goal, 0 MB stacks, 0 MB globals, 16 P
gc 620 @5.185s 2%: 0.14+0.79+0.21 ms clock, 2.3+0.58/0.96/0+3.4 ms cpu, 4->5->2 MB, 5 MB goal, 0 MB stacks, 0 MB globals, 16 P
gc 621 @5.187s 2%: 0.13+0.89+0.13 ms clock, 2.2+0.85/1.0/0+2.1 ms cpu, 4->5->2 MB, 5 MB goal, 0 MB stacks, 0 MB globals, 16 P
gc 622 @5.189s 2%: 0.12+0.59+0.15 ms clock, 2.0+0.58/1.1/0+2.4 ms cpu, 4->5->2 MB, 5 MB goal, 0 MB stacks, 0 MB globals, 16 P
gc 623 @5.191s 2%: 0.12+0.77+0.12 ms clock, 2.0+0.65/0.99/0+2.0 ms cpu, 4->5->2 MB, 4 MB goal, 0 MB stacks, 0 MB globals, 16 P
gc 624 @5.193s 2%: 0.15+0.62+0.12 ms clock, 2.4+0.60/0.94/0+1.9 ms cpu, 4->5->2 MB, 5 MB goal, 0 MB stacks, 0 MB globals, 16 P
gc 625 @5.195s 2%: 0.17+0.63+0.22 ms clock, 2.8+0.76/1.0/0+3.5 ms cpu, 4->4->2 MB, 4 MB goal, 0 MB stacks, 0 MB globals, 16 P
gc 626 @5.197s 2%: 0.19+0.66+0.17 ms clock, 3.1+0.62/1.1/0+2.8 ms cpu, 4->4->2 MB, 4 MB goal, 0 MB stacks, 0 MB globals, 16 P
gc 627 @5.199s 2%: 0.13+0.69+0.21 ms clock, 2.1+0.49/0.95/0.037+3.4 ms cpu, 4->5->2 MB, 5 MB goal, 0 MB stacks, 0 MB globals, 16 P
gc 628 @5.201s 2%: 0.23+0.94+0.038 ms clock, 3.7+0.62/1.1/0+0.61 ms cpu, 3->5->2 MB, 4 MB goal, 0 MB stacks, 0 MB globals, 16 P
gc 629 @5.203s 2%: 0.18+1.2+0.097 ms clock, 2.9+0.75/0.99/0+1.5 ms cpu, 4->6->2 MB, 5 MB goal, 0 MB stacks, 0 MB globals, 16 P
gc 630 @5.206s 2%: 0.18+0.68+0.11 ms clock, 2.8+0.62/1.2/0+1.7 ms cpu, 4->5->2 MB, 5 MB goal, 0 MB stacks, 0 MB globals, 16 P
gc 631 @5.208s 3%: 0.13+0.53+0.15 ms clock, 2.1+0.89/0.87/0+2.5 ms cpu, 4->4->2 MB, 5 MB goal, 0 MB stacks, 0 MB globals, 16 P
gc 632 @5.209s 3%: 0.16+0.57+0.15 ms clock, 2.5+0.57/1.0/0+2.5 ms cpu, 4->4->2 MB, 4 MB goal, 0 MB stacks, 0 MB globals, 16 P
gc 633 @5.211s 3%: 0.15+0.67+0.18 ms clock, 2.4+0.81/0.88/0+2.9 ms cpu, 3->4->2 MB, 4 MB goal, 0 MB stacks, 0 MB globals, 16 P
gc 634 @5.213s 3%: 0.14+0.91+0.089 ms clock, 2.2+0.80/0.92/0+1.4 ms cpu, 4->5->2 MB, 4 MB goal, 0 MB stacks, 0 MB globals, 16 P
gc 635 @5.215s 3%: 0.12+0.90+0.077 ms clock, 1.9+0.71/1.0/0+1.2 ms cpu, 4->5->2 MB, 5 MB goal, 0 MB stacks, 0 MB globals, 16 P
gc 636 @5.217s 3%: 0.12+0.82+0.15 ms clock, 2.0+0.73/0.93/0+2.4 ms cpu, 4->5->2 MB, 5 MB goal, 0 MB stacks, 0 MB globals, 16 P
gc 637 @5.219s 3%: 0.14+0.79+0.081 ms clock, 2.2+0.70/0.96/0+1.3 ms cpu, 4->5->2 MB, 5 MB goal, 0 MB stacks, 0 MB globals, 16 P
gc 638 @5.221s 3%: 0.13+0.72+0.078 ms clock, 2.1+0.71/1.1/0.004+1.2 ms cpu, 4->4->2 MB, 4 MB goal, 0 MB stacks, 0 MB globals, 16 P
gc 639 @5.223s 3%: 0.15+0.64+0.14 ms clock, 2.4+0.87/1.0/0+2.2 ms cpu, 4->4->2 MB, 4 MB goal, 0 MB stacks, 0 MB globals, 16 P
gc 640 @5.224s 3%: 0.13+0.47+0.16 ms clock, 2.1+0.70/0.93/0+2.5 ms cpu, 4->4->2 MB, 4 MB goal, 0 MB stacks, 0 MB globals, 16 P
gc 641 @5.226s 3%: 0.15+0.70+0.15 ms clock, 2.4+0.63/1.1/0+2.4 ms cpu, 3->4->2 MB, 4 MB goal, 0 MB stacks, 0 MB globals, 16 P
gc 642 @5.228s 3%: 0.10+0.85+0.11 ms clock, 1.7+0.62/0.84/0+1.8 ms cpu, 4->5->2 MB, 4 MB goal, 0 MB stacks, 0 MB globals, 16 P
gc 643 @5.230s 3%: 0.13+0.67+0.10 ms clock, 2.2+0.67/1.1/0+1.6 ms cpu, 4->5->2 MB, 5 MB goal, 0 MB stacks, 0 MB globals, 16 P
gc 644 @5.232s 3%: 0.12+0.62+0.12 ms clock, 2.0+0.63/1.0/0+1.9 ms cpu, 4->4->2 MB, 4 MB goal, 0 MB stacks, 0 MB globals, 16 P
gc 645 @5.233s 3%: 0.097+0.60+0.14 ms clock, 1.5+0.59/0.99/0.009+2.3 ms cpu, 4->4->2 MB, 4 MB goal, 0 MB stacks, 0 MB globals, 16 P
gc 646 @5.235s 3%: 0.11+0.87+0.082 ms clock, 1.7+0.80/1.3/0+1.3 ms cpu, 3->4->2 MB, 4 MB goal, 0 MB stacks, 0 MB globals, 16 P
gc 647 @5.237s 3%: 0.11+0.82+0.077 ms clock, 1.8+0.71/1.0/0+1.2 ms cpu, 4->5->2 MB, 5 MB goal, 0 MB stacks, 0 MB globals, 16 P
gc 648 @5.239s 3%: 0.10+0.68+0.14 ms clock, 1.6+0.72/0.99/0+2.2 ms cpu, 4->5->2 MB, 5 MB goal, 0 MB stacks, 0 MB globals, 16 P
gc 649 @5.241s 3%: 0.12+0.57+0.12 ms clock, 1.9+0.76/0.97/0.005+2.0 ms cpu, 4->4->2 MB, 4 MB goal, 0 MB stacks, 0 MB globals, 16 P
gc 650 @5.242s 3%: 0.070+0.70+0.19 ms clock, 1.1+0.55/1.1/0+3.0 ms cpu, 3->4->2 MB, 4 MB goal, 0 MB stacks, 0 MB globals, 16 P
gc 651 @5.244s 3%: 0.17+0.57+0.14 ms clock, 2.8+0.79/0.95/0+2.3 ms cpu, 3->4->2 MB, 4 MB goal, 0 MB stacks, 0 MB globals, 16 P
gc 652 @5.246s 3%: 0.15+0.70+0.14 ms clock, 2.4+0.65/0.90/0+2.3 ms cpu, 3->4->2 MB, 4 MB goal, 0 MB stacks, 0 MB globals, 16 P
gc 653 @5.247s 3%: 0.11+0.64+0.14 ms clock, 1.8+0.68/1.0/0+2.2 ms cpu, 3->4->2 MB, 4 MB goal, 0 MB stacks, 0 MB globals, 16 P
gc 654 @5.249s 3%: 0.12+0.66+0.18 ms clock, 2.0+0.69/1.0/0+2.9 ms cpu, 4->5->2 MB, 5 MB goal, 0 MB stacks, 0 MB globals, 16 P
gc 655 @5.251s 3%: 0.077+0.59+0.11 ms clock, 1.2+0.62/1.0/0+1.8 ms cpu, 3->4->2 MB, 4 MB goal, 0 MB stacks, 0 MB globals, 16 P
gc 656 @5.253s 3%: 0.15+0.64+0.17 ms clock, 2.5+0.80/0.89/0+2.7 ms cpu, 3->4->2 MB, 4 MB goal, 0 MB stacks, 0 MB globals, 16 P
gc 657 @5.254s 3%: 0.13+0.56+0.15 ms clock, 2.1+0.67/1.0/0+2.4 ms cpu, 3->4->2 MB, 4 MB goal, 0 MB stacks, 0 MB globals, 16 P
gc 658 @5.256s 3%: 0.13+0.65+0.11 ms clock, 2.1+0.58/0.86/0+1.8 ms cpu, 3->4->2 MB, 4 MB goal, 0 MB stacks, 0 MB globals, 16 P
gc 659 @5.258s 3%: 0.11+0.67+0.17 ms clock, 1.7+0.56/1.0/0+2.7 ms cpu, 4->5->2 MB, 4 MB goal, 0 MB stacks, 0 MB globals, 16 P
gc 660 @5.260s 3%: 0.14+0.72+0.10 ms clock, 2.3+0.63/0.84/0+1.6 ms cpu, 4->4->2 MB, 5 MB goal, 0 MB stacks, 0 MB globals, 16 P
gc 661 @5.261s 3%: 0.11+0.82+0.11 ms clock, 1.8+0.71/1.1/0+1.8 ms cpu, 4->5->2 MB, 4 MB goal, 0 MB stacks, 0 MB globals, 16 P
gc 662 @5.264s 3%: 0.14+0.59+0.16 ms clock, 2.3+0.49/0.73/0.27+2.6 ms cpu, 4->5->2 MB, 5 MB goal, 0 MB stacks, 0 MB globals, 16 P
gc 663 @5.265s 3%: 0.11+0.53+0.13 ms clock, 1.9+0.54/1.0/0+2.2 ms cpu, 3->4->2 MB, 4 MB goal, 0 MB stacks, 0 MB globals, 16 P
gc 664 @5.267s 3%: 0.10+0.52+0.17 ms clock, 1.6+0.63/0.93/0.005+2.7 ms cpu, 3->4->2 MB, 4 MB goal, 0 MB stacks, 0 MB globals, 16 P
gc 665 @5.268s 3%: 0.098+0.47+0.21 ms clock, 1.5+0.47/0.86/0.078+3.4 ms cpu, 3->4->1 MB, 4 MB goal, 0 MB stacks, 0 MB globals, 16 P
gc 666 @5.270s 3%: 0.23+0.88+0.082 ms clock, 3.7+0.72/0.87/0+1.3 ms cpu, 3->4->2 MB, 4 MB goal, 0 MB stacks, 0 MB globals, 16 P
gc 667 @5.272s 3%: 0.11+0.66+0.14 ms clock, 1.8+0.57/1.0/0+2.3 ms cpu, 4->5->2 MB, 5 MB goal, 0 MB stacks, 0 MB globals, 16 P
gc 668 @5.274s 3%: 0.17+0.69+0.14 ms clock, 2.7+0.63/1.1/0+2.3 ms cpu, 3->4->2 MB, 4 MB goal, 0 MB stacks, 0 MB globals, 16 P
gc 669 @5.276s 3%: 0.16+0.70+0.13 ms clock, 2.7+0.66/0.95/0+2.1 ms cpu, 4->5->2 MB, 5 MB goal, 0 MB stacks, 0 MB globals, 16 P
gc 670 @5.277s 3%: 0.13+0.74+0.080 ms clock, 2.0+0.68/1.0/0+1.2 ms cpu, 4->4->2 MB, 4 MB goal, 0 MB stacks, 0 MB globals, 16 P
gc 671 @5.279s 3%: 0.11+0.61+0.12 ms clock, 1.7+0.51/1.0/0+1.9 ms cpu, 4->5->2 MB, 5 MB goal, 0 MB stacks, 0 MB globals, 16 P
gc 672 @5.281s 3%: 0.15+0.61+0.16 ms clock, 2.5+0.61/1.0/0+2.5 ms cpu, 3->4->2 MB, 4 MB goal, 0 MB stacks, 0 MB globals, 16 P
gc 673 @5.283s 3%: 0.11+0.67+0.16 ms clock, 1.8+0.55/0.84/0+2.7 ms cpu, 4->4->2 MB, 4 MB goal, 0 MB stacks, 0 MB globals, 16 P
gc 674 @5.284s 3%: 0.21+1.0+0.13 ms clock, 3.3+0.73/0.85/0+2.1 ms cpu, 3->5->2 MB, 4 MB goal, 0 MB stacks, 0 MB globals, 16 P
gc 675 @5.287s 3%: 0.11+0.71+0.18 ms clock, 1.8+0.75/1.0/0+2.9 ms cpu, 4->5->2 MB, 5 MB goal, 0 MB stacks, 0 MB globals, 16 P
gc 676 @5.289s 3%: 0.18+0.77+0.18 ms clock, 2.9+0.63/1.1/0+2.9 ms cpu, 4->5->2 MB, 5 MB goal, 0 MB stacks, 0 MB globals, 16 P
gc 677 @5.291s 3%: 0.13+0.61+0.083 ms clock, 2.1+0.76/0.97/0+1.3 ms cpu, 4->5->2 MB, 5 MB goal, 0 MB stacks, 0 MB globals, 16 P
gc 678 @5.293s 3%: 0.12+0.56+0.091 ms clock, 2.0+0.65/1.0/0+1.4 ms cpu, 3->4->2 MB, 4 MB goal, 0 MB stacks, 0 MB globals, 16 P
gc 679 @5.294s 3%: 0.10+0.64+0.17 ms clock, 1.7+0.56/0.97/0+2.8 ms cpu, 3->4->2 MB, 4 MB goal, 0 MB stacks, 0 MB globals, 16 P
gc 680 @5.296s 3%: 0.10+0.65+0.11 ms clock, 1.6+0.61/0.93/0+1.8 ms cpu, 4->4->2 MB, 4 MB goal, 0 MB stacks, 0 MB globals, 16 P
gc 681 @5.298s 3%: 0.11+0.77+0.11 ms clock, 1.8+0.62/1.0/0+1.8 ms cpu, 4->5->2 MB, 4 MB goal, 0 MB stacks, 0 MB globals, 16 P
gc 682 @5.300s 3%: 0.16+0.64+0.10 ms clock, 2.6+0.71/1.0/0+1.7 ms cpu, 4->5->2 MB, 5 MB goal, 0 MB stacks, 0 MB globals, 16 P
gc 683 @5.302s 3%: 0.12+0.60+0.11 ms clock, 1.9+0.74/1.0/0+1.8 ms cpu, 4->4->2 MB, 5 MB goal, 0 MB stacks, 0 MB globals, 16 P
gc 684 @5.303s 3%: 0.17+0.64+0.14 ms clock, 2.7+0.75/0.92/0+2.2 ms cpu, 4->4->2 MB, 4 MB goal, 0 MB stacks, 0 MB globals, 16 P
gc 685 @5.305s 3%: 0.12+0.87+0.16 ms clock, 1.9+0.64/0.97/0+2.6 ms cpu, 3->4->2 MB, 4 MB goal, 0 MB stacks, 0 MB globals, 16 P
gc 686 @5.307s 3%: 0.11+0.75+0.18 ms clock, 1.9+0.70/0.96/0+3.0 ms cpu, 4->5->2 MB, 5 MB goal, 0 MB stacks, 0 MB globals, 16 P
gc 687 @5.309s 3%: 0.14+0.73+0.11 ms clock, 2.2+0.71/0.97/0+1.8 ms cpu, 4->5->2 MB, 4 MB goal, 0 MB stacks, 0 MB globals, 16 P
gc 688 @5.311s 3%: 0.12+0.77+0.065 ms clock, 1.9+0.62/0.95/0+1.0 ms cpu, 4->4->2 MB, 4 MB goal, 0 MB stacks, 0 MB globals, 16 P
gc 689 @5.313s 3%: 0.17+0.98+0.15 ms clock, 2.8+0.76/1.0/0.050+2.5 ms cpu, 4->5->2 MB, 4 MB goal, 0 MB stacks, 0 MB globals, 16 P
gc 690 @5.315s 3%: 0.10+0.61+0.19 ms clock, 1.7+0.69/0.85/0+3.0 ms cpu, 4->5->2 MB, 5 MB goal, 0 MB stacks, 0 MB globals, 16 P
gc 691 @5.317s 3%: 0.13+0.52+0.12 ms clock, 2.2+0.68/0.80/0+1.9 ms cpu, 4->4->2 MB, 4 MB goal, 0 MB stacks, 0 MB globals, 16 P
gc 692 @5.319s 3%: 0.10+0.53+0.22 ms clock, 1.6+0.67/0.91/0+3.5 ms cpu, 3->4->2 MB, 4 MB goal, 0 MB stacks, 0 MB globals, 16 P
gc 693 @5.320s 3%: 0.18+0.63+0.15 ms clock, 2.9+0.65/0.81/0.002+2.5 ms cpu, 3->4->2 MB, 4 MB goal, 0 MB stacks, 0 MB globals, 16 P
gc 694 @5.322s 3%: 0.15+0.63+0.10 ms clock, 2.4+0.72/0.98/0+1.6 ms cpu, 4->5->2 MB, 4 MB goal, 0 MB stacks, 0 MB globals, 16 P
gc 695 @5.324s 3%: 0.14+0.60+0.14 ms clock, 2.2+0.52/0.90/0+2.3 ms cpu, 4->4->2 MB, 4 MB goal, 0 MB stacks, 0 MB globals, 16 P
gc 696 @5.325s 3%: 0.16+0.85+0.099 ms clock, 2.6+0.72/0.84/0.040+1.5 ms cpu, 4->5->2 MB, 4 MB goal, 0 MB stacks, 0 MB globals, 16 P
gc 697 @5.327s 3%: 0.096+0.79+0.058 ms clock, 1.5+0.89/0.99/0+0.93 ms cpu, 4->5->2 MB, 5 MB goal, 0 MB stacks, 0 MB globals, 16 P
gc 698 @5.329s 3%: 0.088+0.75+0.10 ms clock, 1.4+0.62/0.97/0.065+1.6 ms cpu, 4->5->2 MB, 5 MB goal, 0 MB stacks, 0 MB globals, 16 P
gc 699 @5.331s 3%: 0.13+0.67+0.10 ms clock, 2.2+0.59/0.95/0+1.6 ms cpu, 4->5->2 MB, 5 MB goal, 0 MB stacks, 0 MB globals, 16 P
gc 700 @5.333s 3%: 0.12+0.62+0.13 ms clock, 1.9+0.60/0.91/0+2.1 ms cpu, 4->5->2 MB, 4 MB goal, 0 MB stacks, 0 MB globals, 16 P
gc 701 @5.335s 3%: 0.16+0.67+0.15 ms clock, 2.6+0.59/0.92/0+2.4 ms cpu, 4->4->2 MB, 4 MB goal, 0 MB stacks, 0 MB globals, 16 P
gc 702 @5.337s 3%: 0.13+0.70+0.13 ms clock, 2.2+0.64/0.98/0+2.2 ms cpu, 4->4->2 MB, 4 MB goal, 0 MB stacks, 0 MB globals, 16 P
gc 703 @5.339s 3%: 0.12+0.54+0.12 ms clock, 2.0+0.79/0.87/0+1.9 ms cpu, 4->4->2 MB, 5 MB goal, 0 MB stacks, 0 MB globals, 16 P
gc 704 @5.341s 3%: 0.11+0.66+0.13 ms clock, 1.7+0.71/0.84/0+2.1 ms cpu, 4->4->2 MB, 4 MB goal, 0 MB stacks, 0 MB globals, 16 P
gc 705 @5.342s 3%: 0.10+0.45+0.17 ms clock, 1.7+0.48/0.81/0.11+2.8 ms cpu, 4->4->2 MB, 4 MB goal, 0 MB stacks, 0 MB globals, 16 P
gc 706 @5.344s 3%: 0.24+0.63+0.13 ms clock, 3.9+0.58/1.0/0+2.1 ms cpu, 3->4->2 MB, 4 MB goal, 0 MB stacks, 0 MB globals, 16 P
gc 707 @5.346s 3%: 0.15+0.62+0.11 ms clock, 2.5+0.70/0.83/0+1.8 ms cpu, 4->4->2 MB, 4 MB goal, 0 MB stacks, 0 MB globals, 16 P
gc 708 @5.347s 3%: 0.13+0.78+0.040 ms clock, 2.1+0.54/1.0/0+0.65 ms cpu, 4->5->2 MB, 4 MB goal, 0 MB stacks, 0 MB globals, 16 P
gc 709 @5.349s 3%: 0.11+0.92+0.082 ms clock, 1.8+0.66/1.0/0.010+1.3 ms cpu, 4->5->2 MB, 4 MB goal, 0 MB stacks, 0 MB globals, 16 P
gc 710 @5.351s 3%: 0.15+0.63+0.13 ms clock, 2.4+0.67/1.0/0+2.2 ms cpu, 4->5->2 MB, 5 MB goal, 0 MB stacks, 0 MB globals, 16 P
gc 711 @5.353s 3%: 0.13+0.67+0.098 ms clock, 2.1+0.63/1.0/0+1.5 ms cpu, 4->4->2 MB, 4 MB goal, 0 MB stacks, 0 MB globals, 16 P
gc 712 @5.355s 3%: 0.14+0.50+0.19 ms clock, 2.2+0.62/0.97/0+3.1 ms cpu, 3->4->2 MB, 4 MB goal, 0 MB stacks, 0 MB globals, 16 P
gc 713 @5.357s 3%: 0.15+0.64+0.089 ms clock, 2.4+0.48/1.0/0+1.4 ms cpu, 4->4->2 MB, 4 MB goal, 0 MB stacks, 0 MB globals, 16 P
gc 714 @5.358s 3%: 0.12+0.68+0.19 ms clock, 1.9+0.59/0.94/0+3.1 ms cpu, 4->4->2 MB, 4 MB goal, 0 MB stacks, 0 MB globals, 16 P
gc 715 @5.360s 3%: 0.21+0.55+0.14 ms clock, 3.4+0.78/0.94/0+2.2 ms cpu, 4->4->2 MB, 4 MB goal, 0 MB stacks, 0 MB globals, 16 P
gc 716 @5.362s 3%: 0.11+0.81+0.088 ms clock, 1.8+0.81/0.89/0+1.4 ms cpu, 4->5->2 MB, 4 MB goal, 0 MB stacks, 0 MB globals, 16 P
gc 717 @5.364s 3%: 0.17+0.64+0.15 ms clock, 2.7+0.59/0.99/0.008+2.4 ms cpu, 4->5->2 MB, 5 MB goal, 0 MB stacks, 0 MB globals, 16 P
gc 718 @5.366s 3%: 0.12+0.70+0.12 ms clock, 1.9+0.65/1.2/0.002+1.9 ms cpu, 4->5->2 MB, 4 MB goal, 0 MB stacks, 0 MB globals, 16 P
gc 719 @5.368s 3%: 0.12+0.69+0.072 ms clock, 1.9+0.69/1.1/0+1.1 ms cpu, 4->5->2 MB, 5 MB goal, 0 MB stacks, 0 MB globals, 16 P
gc 720 @5.369s 3%: 0.12+0.76+0.16 ms clock, 1.9+0.57/0.91/0.048+2.6 ms cpu, 4->5->2 MB, 5 MB goal, 0 MB stacks, 0 MB globals, 16 P
gc 721 @5.371s 3%: 0.15+0.60+0.096 ms clock, 2.5+0.60/0.97/0+1.5 ms cpu, 4->4->2 MB, 4 MB goal, 0 MB stacks, 0 MB globals, 16 P
gc 722 @5.373s 3%: 0.14+0.61+0.10 ms clock, 2.3+0.54/0.91/0.053+1.6 ms cpu, 3->4->2 MB, 4 MB goal, 0 MB stacks, 0 MB globals, 16 P
gc 723 @5.374s 3%: 0.14+0.70+0.15 ms clock, 2.2+0.53/1.0/0.008+2.4 ms cpu, 4->4->2 MB, 4 MB goal, 0 MB stacks, 0 MB globals, 16 P
gc 724 @5.376s 3%: 0.11+0.87+0.090 ms clock, 1.8+0.71/1.1/0.008+1.4 ms cpu, 4->5->2 MB, 4 MB goal, 0 MB stacks, 0 MB globals, 16 P
gc 725 @5.378s 3%: 0.19+0.77+0.14 ms clock, 3.0+0.60/1.2/0+2.3 ms cpu, 4->5->2 MB, 5 MB goal, 0 MB stacks, 0 MB globals, 16 P
gc 726 @5.381s 3%: 0.10+0.58+0.11 ms clock, 1.7+0.67/1.0/0+1.8 ms cpu, 4->5->2 MB, 5 MB goal, 0 MB stacks, 0 MB globals, 16 P
gc 727 @5.382s 3%: 0.21+1.0+0.087 ms clock, 3.3+0.82/0.95/0+1.4 ms cpu, 3->5->2 MB, 4 MB goal, 0 MB stacks, 0 MB globals, 16 P
gc 728 @5.385s 3%: 0.17+0.67+0.13 ms clock, 2.8+0.61/0.91/0+2.1 ms cpu, 4->5->2 MB, 5 MB goal, 0 MB stacks, 0 MB globals, 16 P
gc 729 @5.387s 3%: 0.11+1.1+0.049 ms clock, 1.8+0.64/1.0/0+0.79 ms cpu, 3->5->2 MB, 4 MB goal, 0 MB stacks, 0 MB globals, 16 P
gc 730 @5.389s 3%: 0.10+0.64+0.19 ms clock, 1.7+0.69/0.92/0+3.0 ms cpu, 4->5->2 MB, 5 MB goal, 0 MB stacks, 0 MB globals, 16 P
gc 731 @5.390s 3%: 0.13+0.79+0.15 ms clock, 2.1+0.68/1.0/0+2.5 ms cpu, 3->4->2 MB, 4 MB goal, 0 MB stacks, 0 MB globals, 16 P
gc 732 @5.393s 3%: 0.12+0.75+0.099 ms clock, 2.0+0.63/0.99/0.023+1.5 ms cpu, 4->5->2 MB, 5 MB goal, 0 MB stacks, 0 MB globals, 16 P
gc 733 @5.395s 3%: 0.12+0.96+0.15 ms clock, 1.9+0.77/0.87/0+2.4 ms cpu, 4->5->2 MB, 5 MB goal, 0 MB stacks, 0 MB globals, 16 P
gc 734 @5.397s 3%: 0.14+0.58+0.16 ms clock, 2.2+0.77/0.99/0+2.6 ms cpu, 4->5->2 MB, 5 MB goal, 0 MB stacks, 0 MB globals, 16 P
gc 735 @5.399s 3%: 0.14+0.76+0.20 ms clock, 2.2+0.59/1.0/0+3.3 ms cpu, 3->4->2 MB, 4 MB goal, 0 MB stacks, 0 MB globals, 16 P
gc 736 @5.401s 3%: 0.082+0.96+0.037 ms clock, 1.3+0.74/0.98/0+0.59 ms cpu, 4->5->2 MB, 5 MB goal, 0 MB stacks, 0 MB globals, 16 P
gc 737 @5.403s 3%: 0.23+0.92+0.077 ms clock, 3.7+0.58/0.96/0+1.2 ms cpu, 4->5->2 MB, 4 MB goal, 0 MB stacks, 0 MB globals, 16 P
gc 738 @5.405s 3%: 0.14+0.74+0.14 ms clock, 2.2+0.57/1.0/0+2.3 ms cpu, 4->5->2 MB, 5 MB goal, 0 MB stacks, 0 MB globals, 16 P
gc 739 @5.406s 3%: 0.13+0.62+0.20 ms clock, 2.1+0.62/1.0/0+3.3 ms cpu, 4->4->2 MB, 4 MB goal, 0 MB stacks, 0 MB globals, 16 P
gc 740 @5.408s 3%: 0.11+0.65+0.13 ms clock, 1.7+0.63/1.0/0.022+2.1 ms cpu, 4->5->2 MB, 4 MB goal, 0 MB stacks, 0 MB globals, 16 P
gc 741 @5.410s 3%: 0.17+0.82+0.027 ms clock, 2.7+0.67/1.1/0+0.44 ms cpu, 4->5->2 MB, 5 MB goal, 0 MB stacks, 0 MB globals, 16 P
gc 742 @5.412s 3%: 0.10+0.65+0.10 ms clock, 1.6+0.70/0.96/0+1.6 ms cpu, 4->5->2 MB, 5 MB goal, 0 MB stacks, 0 MB globals, 16 P
gc 743 @5.414s 3%: 0.10+0.56+0.13 ms clock, 1.6+0.66/0.92/0+2.1 ms cpu, 4->4->2 MB, 4 MB goal, 0 MB stacks, 0 MB globals, 16 P
gc 744 @5.416s 3%: 0.13+0.64+0.10 ms clock, 2.2+0.74/0.90/0+1.6 ms cpu, 4->4->2 MB, 4 MB goal, 0 MB stacks, 0 MB globals, 16 P
gc 745 @5.417s 3%: 0.13+0.56+0.094 ms clock, 2.1+0.60/0.86/0+1.5 ms cpu, 3->4->2 MB, 4 MB goal, 0 MB stacks, 0 MB globals, 16 P
gc 746 @5.419s 3%: 0.10+0.48+0.18 ms clock, 1.6+0.78/0.86/0.047+2.9 ms cpu, 3->4->1 MB, 4 MB goal, 0 MB stacks, 0 MB globals, 16 P
gc 747 @5.420s 3%: 0.17+0.64+0.12 ms clock, 2.7+0.35/1.0/0+2.0 ms cpu, 3->4->2 MB, 4 MB goal, 0 MB stacks, 0 MB globals, 16 P
gc 748 @5.422s 3%: 0.13+0.53+0.13 ms clock, 2.1+0.61/0.98/0+2.1 ms cpu, 4->4->2 MB, 5 MB goal, 0 MB stacks, 0 MB globals, 16 P
gc 749 @5.424s 3%: 0.11+0.64+0.15 ms clock, 1.8+0.63/1.0/0.002+2.4 ms cpu, 3->4->2 MB, 4 MB goal, 0 MB stacks, 0 MB globals, 16 P
gc 750 @5.426s 3%: 0.14+0.94+0.12 ms clock, 2.2+0.64/1.0/0+1.9 ms cpu, 4->5->2 MB, 5 MB goal, 0 MB stacks, 0 MB globals, 16 P
gc 751 @5.428s 3%: 0.091+0.70+0.11 ms clock, 1.4+0.61/1.0/0.003+1.8 ms cpu, 4->5->2 MB, 5 MB goal, 0 MB stacks, 0 MB globals, 16 P
gc 752 @5.430s 3%: 0.10+0.60+0.097 ms clock, 1.7+0.57/1.0/0.039+1.5 ms cpu, 4->5->2 MB, 4 MB goal, 0 MB stacks, 0 MB globals, 16 P
gc 753 @5.432s 3%: 0.11+0.53+0.16 ms clock, 1.8+0.47/1.0/0.008+2.5 ms cpu, 4->4->2 MB, 4 MB goal, 0 MB stacks, 0 MB globals, 16 P
gc 754 @5.433s 3%: 0.19+0.75+0.15 ms clock, 3.0+0.87/0.93/0+2.5 ms cpu, 3->4->2 MB, 4 MB goal, 0 MB stacks, 0 MB globals, 16 P
gc 755 @5.435s 3%: 0.10+0.67+0.087 ms clock, 1.7+0.47/0.94/0.10+1.4 ms cpu, 4->5->2 MB, 5 MB goal, 0 MB stacks, 0 MB globals, 16 P
gc 756 @5.437s 3%: 0.17+0.63+0.092 ms clock, 2.7+0.54/0.87/0+1.4 ms cpu, 4->4->2 MB, 4 MB goal, 0 MB stacks, 0 MB globals, 16 P
gc 757 @5.439s 3%: 0.14+0.61+0.17 ms clock, 2.3+0.70/1.0/0+2.8 ms cpu, 4->4->2 MB, 4 MB goal, 0 MB stacks, 0 MB globals, 16 P
gc 758 @5.440s 3%: 0.15+0.64+0.13 ms clock, 2.4+0.75/1.0/0+2.2 ms cpu, 4->5->2 MB, 4 MB goal, 0 MB stacks, 0 MB globals, 16 P
gc 759 @5.442s 3%: 0.14+0.72+0.11 ms clock, 2.2+0.64/0.94/0+1.7 ms cpu, 4->5->2 MB, 5 MB goal, 0 MB stacks, 0 MB globals, 16 P
gc 760 @5.444s 3%: 0.10+0.72+0.10 ms clock, 1.7+0.56/1.0/0+1.6 ms cpu, 4->5->2 MB, 5 MB goal, 0 MB stacks, 0 MB globals, 16 P
gc 761 @5.446s 3%: 0.098+0.74+0.11 ms clock, 1.5+0.57/1.1/0.019+1.7 ms cpu, 4->5->2 MB, 5 MB goal, 0 MB stacks, 0 MB globals, 16 P
gc 762 @5.448s 3%: 0.11+0.89+0.095 ms clock, 1.9+0.57/1.0/0+1.5 ms cpu, 4->5->2 MB, 4 MB goal, 0 MB stacks, 0 MB globals, 16 P
gc 763 @5.450s 3%: 0.17+0.73+0.15 ms clock, 2.8+0.71/1.1/0+2.4 ms cpu, 4->5->2 MB, 4 MB goal, 0 MB stacks, 0 MB globals, 16 P
gc 764 @5.452s 3%: 0.13+0.72+0.11 ms clock, 2.1+0.72/0.94/0+1.8 ms cpu, 4->5->2 MB, 5 MB goal, 0 MB stacks, 0 MB globals, 16 P
gc 765 @5.454s 3%: 0.10+0.66+0.12 ms clock, 1.7+0.68/0.94/0+2.0 ms cpu, 4->5->2 MB, 5 MB goal, 0 MB stacks, 0 MB globals, 16 P
gc 766 @5.456s 3%: 0.13+0.62+0.098 ms clock, 2.1+0.63/1.1/0+1.5 ms cpu, 3->4->2 MB, 4 MB goal, 0 MB stacks, 0 MB globals, 16 P
gc 767 @5.458s 3%: 0.20+0.62+0.17 ms clock, 3.2+0.73/0.91/0+2.8 ms cpu, 4->5->2 MB, 5 MB goal, 0 MB stacks, 0 MB globals, 16 P
gc 768 @5.460s 3%: 0.16+0.55+0.17 ms clock, 2.6+0.62/0.94/0+2.8 ms cpu, 4->4->2 MB, 4 MB goal, 0 MB stacks, 0 MB globals, 16 P
gc 769 @5.461s 3%: 0.14+0.70+0.12 ms clock, 2.3+0.65/0.97/0+2.0 ms cpu, 4->4->2 MB, 4 MB goal, 0 MB stacks, 0 MB globals, 16 P
gc 770 @5.463s 3%: 0.15+0.72+0.20 ms clock, 2.4+0.60/1.0/0+3.2 ms cpu, 4->4->2 MB, 4 MB goal, 0 MB stacks, 0 MB globals, 16 P
gc 771 @5.465s 3%: 0.12+0.68+0.094 ms clock, 2.0+0.55/1.1/0+1.5 ms cpu, 3->4->2 MB, 4 MB goal, 0 MB stacks, 0 MB globals, 16 P
gc 772 @5.467s 3%: 0.12+0.73+0.14 ms clock, 1.9+0.63/0.85/0+2.3 ms cpu, 4->5->2 MB, 5 MB goal, 0 MB stacks, 0 MB globals, 16 P
gc 773 @5.469s 3%: 0.14+0.60+0.17 ms clock, 2.2+0.64/1.0/0+2.8 ms cpu, 4->4->2 MB, 4 MB goal, 0 MB stacks, 0 MB globals, 16 P
gc 774 @5.470s 3%: 0.12+0.69+0.16 ms clock, 2.0+0.61/0.89/0+2.7 ms cpu, 3->4->2 MB, 4 MB goal, 0 MB stacks, 0 MB globals, 16 P
gc 775 @5.472s 3%: 0.12+0.56+0.14 ms clock, 1.9+0.57/0.90/0+2.3 ms cpu, 4->4->2 MB, 4 MB goal, 0 MB stacks, 0 MB globals, 16 P
gc 776 @5.474s 3%: 0.12+0.63+0.082 ms clock, 2.0+0.55/0.96/0.013+1.3 ms cpu, 4->4->2 MB, 4 MB goal, 0 MB stacks, 0 MB globals, 16 P
gc 777 @5.476s 3%: 0.17+0.82+0.20 ms clock, 2.8+0.76/1.1/0+3.2 ms cpu, 4->5->2 MB, 4 MB goal, 0 MB stacks, 0 MB globals, 16 P
gc 778 @5.478s 3%: 0.15+0.77+0.17 ms clock, 2.4+0.78/0.89/0+2.8 ms cpu, 4->5->2 MB, 5 MB goal, 0 MB stacks, 0 MB globals, 16 P
gc 779 @5.480s 3%: 0.17+0.94+0.041 ms clock, 2.7+0.67/0.88/0+0.67 ms cpu, 4->5->2 MB, 4 MB goal, 0 MB stacks, 0 MB globals, 16 P
gc 780 @5.482s 3%: 0.12+0.69+0.12 ms clock, 1.9+0.76/0.89/0+1.9 ms cpu, 4->5->2 MB, 5 MB goal, 0 MB stacks, 0 MB globals, 16 P
gc 781 @5.484s 3%: 0.19+0.68+0.15 ms clock, 3.0+0.75/0.96/0+2.4 ms cpu, 4->5->2 MB, 4 MB goal, 0 MB stacks, 0 MB globals, 16 P
gc 782 @5.486s 3%: 0.14+0.56+0.18 ms clock, 2.2+0.58/1.0/0.019+2.9 ms cpu, 4->5->2 MB, 5 MB goal, 0 MB stacks, 0 MB globals, 16 P
gc 783 @5.488s 3%: 0.13+0.63+0.15 ms clock, 2.1+0.56/1.0/0+2.4 ms cpu, 4->4->2 MB, 4 MB goal, 0 MB stacks, 0 MB globals, 16 P
gc 784 @5.489s 3%: 0.12+0.64+0.18 ms clock, 2.0+0.53/1.1/0+2.9 ms cpu, 4->4->2 MB, 4 MB goal, 0 MB stacks, 0 MB globals, 16 P
gc 785 @5.491s 3%: 0.13+0.72+0.078 ms clock, 2.0+0.74/0.88/0.048+1.2 ms cpu, 4->4->2 MB, 4 MB goal, 0 MB stacks, 0 MB globals, 16 P
gc 786 @5.493s 3%: 0.18+0.58+0.15 ms clock, 3.0+0.59/0.92/0+2.4 ms cpu, 4->4->2 MB, 4 MB goal, 0 MB stacks, 0 MB globals, 16 P
gc 787 @5.495s 3%: 0.19+0.57+0.17 ms clock, 3.1+0.61/0.99/0+2.8 ms cpu, 4->4->2 MB, 4 MB goal, 0 MB stacks, 0 MB globals, 16 P
gc 788 @5.496s 3%: 0.21+0.49+0.15 ms clock, 3.5+0.59/0.97/0+2.5 ms cpu, 4->4->2 MB, 4 MB goal, 0 MB stacks, 0 MB globals, 16 P
gc 789 @5.498s 3%: 0.13+0.79+0.10 ms clock, 2.2+0.69/1.0/0+1.6 ms cpu, 3->4->2 MB, 4 MB goal, 0 MB stacks, 0 MB globals, 16 P
gc 790 @5.500s 3%: 0.15+0.72+0.14 ms clock, 2.4+0.78/0.93/0+2.3 ms cpu, 4->5->2 MB, 5 MB goal, 0 MB stacks, 0 MB globals, 16 P
gc 791 @5.502s 3%: 0.14+0.65+0.18 ms clock, 2.2+0.75/0.93/0+2.9 ms cpu, 4->4->2 MB, 4 MB goal, 0 MB stacks, 0 MB globals, 16 P
gc 792 @5.504s 3%: 0.11+0.44+0.19 ms clock, 1.7+0.68/0.86/0+3.1 ms cpu, 4->4->1 MB, 4 MB goal, 0 MB stacks, 0 MB globals, 16 P
gc 793 @5.505s 3%: 0.20+0.70+0.20 ms clock, 3.2+0.70/1.2/0+3.3 ms cpu, 3->4->2 MB, 4 MB goal, 0 MB stacks, 0 MB globals, 16 P
gc 794 @5.507s 3%: 0.13+0.72+0.22 ms clock, 2.2+0.63/1.0/0+3.5 ms cpu, 4->5->2 MB, 5 MB goal, 0 MB stacks, 0 MB globals, 16 P
gc 795 @5.509s 3%: 0.12+0.58+0.16 ms clock, 1.9+0.67/1.0/0.002+2.6 ms cpu, 4->5->2 MB, 5 MB goal, 0 MB stacks, 0 MB globals, 16 P
gc 796 @5.511s 3%: 0.099+0.64+0.076 ms clock, 1.5+0.61/1.0/0.059+1.2 ms cpu, 4->4->2 MB, 4 MB goal, 0 MB stacks, 0 MB globals, 16 P
gc 797 @5.513s 3%: 0.10+0.78+0.12 ms clock, 1.6+0.59/1.0/0+1.9 ms cpu, 3->4->2 MB, 4 MB goal, 0 MB stacks, 0 MB globals, 16 P
gc 798 @5.514s 3%: 0.22+0.67+0.15 ms clock, 3.6+0.64/1.0/0+2.4 ms cpu, 4->4->2 MB, 4 MB goal, 0 MB stacks, 0 MB globals, 16 P
gc 799 @5.516s 3%: 0.15+0.46+0.14 ms clock, 2.5+0.64/0.85/0+2.2 ms cpu, 4->4->1 MB, 5 MB goal, 0 MB stacks, 0 MB globals, 16 P
gc 800 @5.518s 3%: 0.16+0.75+0.21 ms clock, 2.6+0.65/0.86/0+3.3 ms cpu, 3->4->2 MB, 4 MB goal, 0 MB stacks, 0 MB globals, 16 P
gc 801 @5.520s 3%: 0.18+0.68+0.19 ms clock, 2.9+0.62/0.97/0.028+3.1 ms cpu, 4->5->2 MB, 5 MB goal, 0 MB stacks, 0 MB globals, 16 P
gc 802 @5.522s 3%: 0.095+0.58+0.084 ms clock, 1.5+0.55/1.0/0+1.3 ms cpu, 4->4->2 MB, 4 MB goal, 0 MB stacks, 0 MB globals, 16 P
gc 803 @5.523s 3%: 0.15+0.69+0.16 ms clock, 2.4+0.77/0.94/0+2.6 ms cpu, 4->4->2 MB, 4 MB goal, 0 MB stacks, 0 MB globals, 16 P
gc 804 @5.525s 3%: 0.16+0.77+0.16 ms clock, 2.7+0.57/1.1/0+2.6 ms cpu, 4->5->2 MB, 4 MB goal, 0 MB stacks, 0 MB globals, 16 P
gc 805 @5.527s 3%: 0.12+0.67+0.11 ms clock, 1.9+0.55/0.98/0.045+1.8 ms cpu, 4->5->2 MB, 5 MB goal, 0 MB stacks, 0 MB globals, 16 P
gc 806 @5.529s 3%: 0.092+0.64+0.11 ms clock, 1.4+0.61/1.0/0+1.7 ms cpu, 3->4->2 MB, 4 MB goal, 0 MB stacks, 0 MB globals, 16 P
gc 807 @5.531s 3%: 0.14+0.60+0.13 ms clock, 2.2+0.64/0.94/0+2.2 ms cpu, 4->4->2 MB, 4 MB goal, 0 MB stacks, 0 MB globals, 16 P
gc 808 @5.532s 3%: 0.13+0.62+0.15 ms clock, 2.1+0.76/1.0/0+2.4 ms cpu, 4->4->2 MB, 4 MB goal, 0 MB stacks, 0 MB globals, 16 P
gc 809 @5.534s 3%: 0.16+0.70+0.12 ms clock, 2.6+0.63/0.95/0+1.9 ms cpu, 4->4->2 MB, 4 MB goal, 0 MB stacks, 0 MB globals, 16 P
gc 810 @5.536s 3%: 0.089+0.61+0.17 ms clock, 1.4+0.59/1.0/0+2.7 ms cpu, 4->5->2 MB, 5 MB goal, 0 MB stacks, 0 MB globals, 16 P
gc 811 @5.538s 3%: 0.12+0.74+0.079 ms clock, 1.9+0.60/0.99/0+1.2 ms cpu, 4->4->2 MB, 4 MB goal, 0 MB stacks, 0 MB globals, 16 P
gc 812 @5.540s 3%: 0.13+0.71+0.11 ms clock, 2.1+0.73/1.0/0+1.8 ms cpu, 4->4->2 MB, 4 MB goal, 0 MB stacks, 0 MB globals, 16 P
gc 813 @5.542s 3%: 0.12+0.62+0.15 ms clock, 2.0+0.55/1.0/0+2.4 ms cpu, 4->4->2 MB, 5 MB goal, 0 MB stacks, 0 MB globals, 16 P
gc 814 @5.543s 3%: 0.17+0.84+0.070 ms clock, 2.7+0.63/1.1/0+1.1 ms cpu, 3->4->2 MB, 4 MB goal, 0 MB stacks, 0 MB globals, 16 P
gc 815 @5.545s 3%: 0.11+0.63+0.17 ms clock, 1.8+0.67/0.87/0+2.8 ms cpu, 4->5->2 MB, 5 MB goal, 0 MB stacks, 0 MB globals, 16 P
gc 816 @5.547s 3%: 0.12+0.69+0.21 ms clock, 1.9+0.72/0.96/0+3.4 ms cpu, 3->4->2 MB, 4 MB goal, 0 MB stacks, 0 MB globals, 16 P
gc 817 @5.549s 3%: 0.18+0.65+0.20 ms clock, 2.9+0.65/1.0/0.008+3.2 ms cpu, 4->5->2 MB, 5 MB goal, 0 MB stacks, 0 MB globals, 16 P
gc 818 @5.551s 3%: 0.10+0.63+0.13 ms clock, 1.6+0.58/0.95/0+2.2 ms cpu, 3->4->2 MB, 4 MB goal, 0 MB stacks, 0 MB globals, 16 P
gc 819 @5.552s 3%: 0.10+0.49+0.13 ms clock, 1.7+0.60/0.95/0+2.1 ms cpu, 4->4->2 MB, 4 MB goal, 0 MB stacks, 0 MB globals, 16 P
gc 820 @5.554s 3%: 0.13+0.83+0.22 ms clock, 2.1+0.71/1.1/0+3.5 ms cpu, 3->4->2 MB, 4 MB goal, 0 MB stacks, 0 MB globals, 16 P
gc 821 @5.556s 3%: 0.16+0.62+0.23 ms clock, 2.5+0.74/1.0/0+3.7 ms cpu, 4->5->2 MB, 5 MB goal, 0 MB stacks, 0 MB globals, 16 P
gc 822 @5.558s 3%: 0.14+0.68+0.097 ms clock, 2.3+0.67/1.0/0+1.5 ms cpu, 4->4->2 MB, 4 MB goal, 0 MB stacks, 0 MB globals, 16 P
gc 823 @5.560s 3%: 0.13+0.54+0.19 ms clock, 2.1+0.67/0.92/0+3.0 ms cpu, 4->4->2 MB, 4 MB goal, 0 MB stacks, 0 MB globals, 16 P
gc 824 @5.561s 3%: 0.15+0.80+0.036 ms clock, 2.4+0.60/1.1/0+0.57 ms cpu, 3->4->2 MB, 4 MB goal, 0 MB stacks, 0 MB globals, 16 P
gc 825 @5.563s 3%: 0.11+0.73+0.16 ms clock, 1.7+0.73/1.0/0+2.5 ms cpu, 4->5->2 MB, 5 MB goal, 0 MB stacks, 0 MB globals, 16 P
gc 826 @5.565s 3%: 0.16+0.69+0.16 ms clock, 2.6+0.79/0.98/0+2.5 ms cpu, 3->4->2 MB, 4 MB goal, 0 MB stacks, 0 MB globals, 16 P
gc 827 @5.567s 3%: 0.15+0.69+0.10 ms clock, 2.5+0.61/1.1/0+1.7 ms cpu, 4->5->2 MB, 5 MB goal, 0 MB stacks, 0 MB globals, 16 P
gc 828 @5.569s 3%: 0.12+0.54+0.22 ms clock, 2.0+0.68/0.95/0+3.5 ms cpu, 4->5->2 MB, 5 MB goal, 0 MB stacks, 0 MB globals, 16 P
gc 829 @5.570s 3%: 0.19+0.83+0.057 ms clock, 3.0+0.61/0.87/0+0.91 ms cpu, 3->4->2 MB, 4 MB goal, 0 MB stacks, 0 MB globals, 16 P
gc 830 @5.573s 3%: 0.13+0.63+0.10 ms clock, 2.1+0.65/0.85/0+1.6 ms cpu, 4->5->2 MB, 5 MB goal, 0 MB stacks, 0 MB globals, 16 P
gc 831 @5.574s 3%: 0.10+0.63+0.12 ms clock, 1.7+0.50/1.0/0+1.9 ms cpu, 3->4->2 MB, 4 MB goal, 0 MB stacks, 0 MB globals, 16 P
gc 832 @5.576s 3%: 0.10+0.82+0.19 ms clock, 1.6+0.70/1.0/0.049+3.1 ms cpu, 4->4->2 MB, 4 MB goal, 0 MB stacks, 0 MB globals, 16 P
gc 833 @5.578s 3%: 0.17+0.63+0.097 ms clock, 2.7+0.57/0.97/0+1.5 ms cpu, 4->5->2 MB, 5 MB goal, 0 MB stacks, 0 MB globals, 16 P
gc 834 @5.580s 3%: 0.12+0.76+0.12 ms clock, 1.9+0.75/1.1/0+2.0 ms cpu, 4->5->2 MB, 4 MB goal, 0 MB stacks, 0 MB globals, 16 P
gc 835 @5.582s 3%: 0.11+0.65+0.11 ms clock, 1.8+0.65/1.0/0+1.8 ms cpu, 4->5->2 MB, 5 MB goal, 0 MB stacks, 0 MB globals, 16 P
gc 836 @5.583s 3%: 0.10+0.74+0.13 ms clock, 1.6+0.68/1.0/0+2.2 ms cpu, 4->4->2 MB, 4 MB goal, 0 MB stacks, 0 MB globals, 16 P
gc 837 @5.585s 3%: 0.10+0.58+0.13 ms clock, 1.7+0.71/0.94/0+2.1 ms cpu, 4->4->2 MB, 4 MB goal, 0 MB stacks, 0 MB globals, 16 P
gc 838 @5.587s 3%: 0.21+0.98+0.045 ms clock, 3.4+0.77/0.97/0+0.73 ms cpu, 3->5->2 MB, 4 MB goal, 0 MB stacks, 0 MB globals, 16 P
gc 839 @5.589s 3%: 0.13+0.68+0.16 ms clock, 2.1+0.68/0.99/0+2.7 ms cpu, 4->5->2 MB, 5 MB goal, 0 MB stacks, 0 MB globals, 16 P
gc 840 @5.591s 3%: 0.11+0.87+0.093 ms clock, 1.9+0.78/0.97/0+1.5 ms cpu, 4->5->2 MB, 4 MB goal, 0 MB stacks, 0 MB globals, 16 P
gc 841 @5.593s 3%: 0.14+0.69+0.16 ms clock, 2.3+0.73/0.88/0+2.5 ms cpu, 4->5->2 MB, 5 MB goal, 0 MB stacks, 0 MB globals, 16 P
gc 842 @5.595s 3%: 0.14+0.54+0.19 ms clock, 2.3+0.69/0.95/0+3.1 ms cpu, 4->4->2 MB, 4 MB goal, 0 MB stacks, 0 MB globals, 16 P
gc 843 @5.597s 3%: 0.10+0.76+0.093 ms clock, 1.6+0.65/1.0/0+1.4 ms cpu, 4->5->2 MB, 4 MB goal, 0 MB stacks, 0 MB globals, 16 P
gc 844 @5.598s 3%: 0.11+0.70+0.13 ms clock, 1.7+0.64/0.90/0+2.1 ms cpu, 4->4->2 MB, 4 MB goal, 0 MB stacks, 0 MB globals, 16 P
gc 845 @5.600s 3%: 0.14+0.88+0.068 ms clock, 2.3+0.66/0.98/0+1.0 ms cpu, 4->5->2 MB, 4 MB goal, 0 MB stacks, 0 MB globals, 16 P
gc 846 @5.602s 3%: 0.12+0.52+0.13 ms clock, 1.9+0.69/0.89/0+2.1 ms cpu, 4->5->2 MB, 5 MB goal, 0 MB stacks, 0 MB globals, 16 P
gc 847 @5.604s 3%: 0.20+0.72+0.18 ms clock, 3.3+0.59/1.0/0+2.9 ms cpu, 3->4->2 MB, 4 MB goal, 0 MB stacks, 0 MB globals, 16 P
gc 848 @5.606s 3%: 0.10+0.75+0.18 ms clock, 1.6+0.68/0.94/0+2.9 ms cpu, 4->5->2 MB, 5 MB goal, 0 MB stacks, 0 MB globals, 16 P
gc 849 @5.608s 3%: 0.13+0.68+0.13 ms clock, 2.2+0.69/1.0/0.006+2.2 ms cpu, 4->5->2 MB, 5 MB goal, 0 MB stacks, 0 MB globals, 16 P
gc 850 @5.610s 3%: 0.20+0.68+0.12 ms clock, 3.3+0.86/0.86/0+2.0 ms cpu, 4->5->2 MB, 5 MB goal, 0 MB stacks, 0 MB globals, 16 P
gc 851 @5.612s 3%: 0.13+0.59+0.14 ms clock, 2.0+0.68/1.0/0+2.2 ms cpu, 4->5->2 MB, 5 MB goal, 0 MB stacks, 0 MB globals, 16 P
gc 852 @5.613s 3%: 0.13+0.71+0.16 ms clock, 2.0+0.79/0.90/0+2.6 ms cpu, 3->4->2 MB, 4 MB goal, 0 MB stacks, 0 MB globals, 16 P
gc 853 @5.616s 3%: 0.12+0.63+0.11 ms clock, 1.9+0.73/0.84/0+1.8 ms cpu, 4->5->2 MB, 5 MB goal, 0 MB stacks, 0 MB globals, 16 P
gc 854 @5.617s 3%: 0.12+0.50+0.18 ms clock, 1.9+0.52/0.89/0.059+2.9 ms cpu, 4->4->2 MB, 4 MB goal, 0 MB stacks, 0 MB globals, 16 P
gc 855 @5.619s 3%: 0.16+0.65+0.14 ms clock, 2.6+0.63/0.97/0+2.3 ms cpu, 3->4->2 MB, 4 MB goal, 0 MB stacks, 0 MB globals, 16 P
gc 856 @5.620s 3%: 0.16+0.53+0.15 ms clock, 2.6+0.74/0.87/0+2.5 ms cpu, 4->5->2 MB, 5 MB goal, 0 MB stacks, 0 MB globals, 16 P
gc 857 @5.622s 3%: 0.13+0.62+0.15 ms clock, 2.0+0.57/0.93/0+2.4 ms cpu, 3->4->2 MB, 4 MB goal, 0 MB stacks, 0 MB globals, 16 P
gc 858 @5.624s 3%: 0.12+0.74+0.14 ms clock, 1.9+0.68/1.1/0+2.2 ms cpu, 4->5->2 MB, 4 MB goal, 0 MB stacks, 0 MB globals, 16 P
gc 859 @5.626s 3%: 0.16+0.59+0.16 ms clock, 2.6+0.79/0.98/0+2.6 ms cpu, 4->4->2 MB, 5 MB goal, 0 MB stacks, 0 MB globals, 16 P
gc 860 @5.628s 3%: 0.18+0.62+0.13 ms clock, 2.9+0.84/0.79/0.010+2.1 ms cpu, 4->4->2 MB, 4 MB goal, 0 MB stacks, 0 MB globals, 16 P
gc 861 @5.629s 3%: 0.10+0.75+0.13 ms clock, 1.6+0.77/1.2/0+2.1 ms cpu, 3->4->2 MB, 4 MB goal, 0 MB stacks, 0 MB globals, 16 P
gc 862 @5.631s 3%: 0.15+0.59+0.18 ms clock, 2.5+0.69/1.0/0+3.0 ms cpu, 4->4->2 MB, 5 MB goal, 0 MB stacks, 0 MB globals, 16 P
gc 863 @5.633s 3%: 0.15+0.76+0.21 ms clock, 2.4+0.62/1.0/0+3.4 ms cpu, 4->5->2 MB, 4 MB goal, 0 MB stacks, 0 MB globals, 16 P
gc 864 @5.635s 3%: 0.19+0.67+0.10 ms clock, 3.0+0.65/0.82/0+1.6 ms cpu, 4->5->2 MB, 5 MB goal, 0 MB stacks, 0 MB globals, 16 P
gc 865 @5.636s 3%: 0.20+0.79+0.095 ms clock, 3.3+0.62/1.0/0+1.5 ms cpu, 4->5->2 MB, 4 MB goal, 0 MB stacks, 0 MB globals, 16 P
gc 866 @5.639s 3%: 0.12+0.56+0.17 ms clock, 2.0+0.67/1.0/0+2.8 ms cpu, 4->5->2 MB, 5 MB goal, 0 MB stacks, 0 MB globals, 16 P
gc 867 @5.640s 3%: 0.13+0.63+0.17 ms clock, 2.2+0.64/1.0/0+2.8 ms cpu, 4->4->2 MB, 4 MB goal, 0 MB stacks, 0 MB globals, 16 P
gc 868 @5.642s 3%: 0.17+0.55+0.087 ms clock, 2.8+0.61/1.0/0+1.3 ms cpu, 4->4->2 MB, 4 MB goal, 0 MB stacks, 0 MB globals, 16 P
gc 869 @5.644s 3%: 0.12+0.74+0.11 ms clock, 2.0+0.51/1.0/0.027+1.9 ms cpu, 4->4->2 MB, 4 MB goal, 0 MB stacks, 0 MB globals, 16 P
gc 870 @5.646s 3%: 0.13+0.54+0.12 ms clock, 2.1+0.49/0.91/0.063+1.9 ms cpu, 4->4->2 MB, 5 MB goal, 0 MB stacks, 0 MB globals, 16 P
gc 871 @5.647s 3%: 0.12+0.60+0.13 ms clock, 2.0+0.73/0.95/0+2.0 ms cpu, 3->4->2 MB, 4 MB goal, 0 MB stacks, 0 MB globals, 16 P
gc 872 @5.649s 3%: 0.19+0.76+0.10 ms clock, 3.0+0.61/1.0/0+1.6 ms cpu, 4->5->2 MB, 4 MB goal, 0 MB stacks, 0 MB globals, 16 P
gc 873 @5.651s 3%: 0.12+0.95+0.12 ms clock, 1.9+0.61/0.93/0.036+2.0 ms cpu, 4->5->2 MB, 4 MB goal, 0 MB stacks, 0 MB globals, 16 P
gc 874 @5.653s 3%: 0.14+0.67+0.15 ms clock, 2.2+0.62/1.0/0+2.4 ms cpu, 4->5->2 MB, 5 MB goal, 0 MB stacks, 0 MB globals, 16 P
gc 875 @5.655s 3%: 0.12+0.74+0.13 ms clock, 1.9+0.66/1.1/0.061+2.1 ms cpu, 4->5->2 MB, 5 MB goal, 0 MB stacks, 0 MB globals, 16 P
gc 876 @5.657s 3%: 0.11+0.60+0.17 ms clock, 1.9+0.69/1.0/0+2.7 ms cpu, 4->5->2 MB, 5 MB goal, 0 MB stacks, 0 MB globals, 16 P
gc 877 @5.659s 3%: 0.15+0.94+0.095 ms clock, 2.5+0.54/1.1/0+1.5 ms cpu, 4->5->2 MB, 4 MB goal, 0 MB stacks, 0 MB globals, 16 P
gc 878 @5.661s 3%: 0.086+0.64+0.10 ms clock, 1.3+0.64/1.0/0.042+1.7 ms cpu, 4->5->2 MB, 5 MB goal, 0 MB stacks, 0 MB globals, 16 P
gc 879 @5.663s 3%: 0.11+0.59+0.18 ms clock, 1.8+0.81/0.91/0+2.9 ms cpu, 4->4->2 MB, 4 MB goal, 0 MB stacks, 0 MB globals, 16 P
gc 880 @5.664s 3%: 0.11+0.69+0.12 ms clock, 1.7+0.65/0.82/0.072+2.0 ms cpu, 3->4->2 MB, 4 MB goal, 0 MB stacks, 0 MB globals, 16 P
gc 881 @5.666s 3%: 0.096+0.59+0.17 ms clock, 1.5+0.56/1.0/0.020+2.7 ms cpu, 3->4->2 MB, 4 MB goal, 0 MB stacks, 0 MB globals, 16 P
gc 882 @5.668s 3%: 0.16+0.65+0.18 ms clock, 2.6+0.66/0.92/0+2.9 ms cpu, 4->5->2 MB, 4 MB goal, 0 MB stacks, 0 MB globals, 16 P
gc 883 @5.670s 3%: 0.14+0.62+0.16 ms clock, 2.3+0.60/0.99/0+2.6 ms cpu, 4->4->2 MB, 5 MB goal, 0 MB stacks, 0 MB globals, 16 P
gc 884 @5.671s 3%: 0.11+0.62+0.12 ms clock, 1.8+0.66/0.89/0+1.9 ms cpu, 4->4->2 MB, 4 MB goal, 0 MB stacks, 0 MB globals, 16 P
gc 885 @5.673s 3%: 0.17+0.92+0.11 ms clock, 2.7+0.62/1.0/0+1.7 ms cpu, 4->5->2 MB, 4 MB goal, 0 MB stacks, 0 MB globals, 16 P
gc 886 @5.675s 3%: 0.11+0.86+0.092 ms clock, 1.8+0.76/1.1/0+1.4 ms cpu, 4->5->2 MB, 5 MB goal, 0 MB stacks, 0 MB globals, 16 P
gc 887 @5.677s 3%: 0.10+0.68+0.18 ms clock, 1.6+0.83/0.88/0+2.9 ms cpu, 4->5->2 MB, 5 MB goal, 0 MB stacks, 0 MB globals, 16 P
gc 888 @5.679s 3%: 0.12+0.63+0.11 ms clock, 2.0+0.75/0.96/0+1.8 ms cpu, 3->4->2 MB, 4 MB goal, 0 MB stacks, 0 MB globals, 16 P
gc 889 @5.681s 3%: 0.12+1.1+0.039 ms clock, 2.0+0.62/1.0/0.029+0.63 ms cpu, 4->5->2 MB, 5 MB goal, 0 MB stacks, 0 MB globals, 16 P
gc 890 @5.683s 3%: 0.11+0.77+0.10 ms clock, 1.8+0.59/1.0/0+1.6 ms cpu, 4->5->2 MB, 5 MB goal, 0 MB stacks, 0 MB globals, 16 P
gc 891 @5.685s 3%: 0.13+0.55+0.18 ms clock, 2.1+0.82/0.93/0+3.0 ms cpu, 4->4->2 MB, 5 MB goal, 0 MB stacks, 0 MB globals, 16 P
gc 892 @5.687s 3%: 0.16+0.67+0.14 ms clock, 2.5+0.61/1.1/0.001+2.2 ms cpu, 3->4->2 MB, 4 MB goal, 0 MB stacks, 0 MB globals, 16 P
gc 893 @5.688s 3%: 0.076+0.63+0.12 ms clock, 1.2+0.50/1.0/0+2.0 ms cpu, 4->5->2 MB, 4 MB goal, 0 MB stacks, 0 MB globals, 16 P
gc 894 @5.690s 3%: 0.088+0.58+0.12 ms clock, 1.4+0.52/1.0/0.082+2.0 ms cpu, 4->4->2 MB, 4 MB goal, 0 MB stacks, 0 MB globals, 16 P
gc 895 @5.692s 3%: 0.15+0.96+0.11 ms clock, 2.4+0.70/1.1/0+1.7 ms cpu, 3->5->2 MB, 4 MB goal, 0 MB stacks, 0 MB globals, 16 P
gc 896 @5.694s 3%: 0.11+0.75+0.21 ms clock, 1.8+0.71/1.0/0+3.3 ms cpu, 4->5->2 MB, 5 MB goal, 0 MB stacks, 0 MB globals, 16 P
gc 897 @5.696s 3%: 0.097+0.91+0.13 ms clock, 1.5+0.51/0.96/0+2.0 ms cpu, 4->5->2 MB, 5 MB goal, 0 MB stacks, 0 MB globals, 16 P
gc 898 @5.698s 3%: 0.15+0.72+0.21 ms clock, 2.4+0.66/1.0/0+3.5 ms cpu, 4->5->2 MB, 5 MB goal, 0 MB stacks, 0 MB globals, 16 P
gc 899 @5.700s 3%: 0.11+0.55+0.19 ms clock, 1.8+0.74/0.91/0+3.1 ms cpu, 4->4->2 MB, 4 MB goal, 0 MB stacks, 0 MB globals, 16 P
gc 900 @5.702s 3%: 0.13+0.79+0.079 ms clock, 2.2+0.68/1.1/0+1.2 ms cpu, 3->4->2 MB, 4 MB goal, 0 MB stacks, 0 MB globals, 16 P
gc 901 @5.704s 3%: 0.20+0.63+0.16 ms clock, 3.2+0.67/1.0/0+2.6 ms cpu, 4->5->2 MB, 5 MB goal, 0 MB stacks, 0 MB globals, 16 P
gc 902 @5.705s 3%: 0.20+0.90+0.18 ms clock, 3.2+0.50/1.3/0+3.0 ms cpu, 4->5->2 MB, 4 MB goal, 0 MB stacks, 0 MB globals, 16 P
gc 903 @5.708s 3%: 0.22+0.76+0.13 ms clock, 3.5+0.65/1.1/0+2.2 ms cpu, 4->5->2 MB, 5 MB goal, 0 MB stacks, 0 MB globals, 16 P
gc 904 @5.710s 3%: 0.090+0.74+0.10 ms clock, 1.4+0.72/0.92/0+1.6 ms cpu, 4->5->2 MB, 5 MB goal, 0 MB stacks, 0 MB globals, 16 P
gc 905 @5.712s 3%: 0.15+0.60+0.17 ms clock, 2.5+0.67/1.0/0+2.8 ms cpu, 4->4->2 MB, 4 MB goal, 0 MB stacks, 0 MB globals, 16 P
gc 906 @5.714s 3%: 0.13+0.90+0.15 ms clock, 2.1+0.70/1.0/0+2.4 ms cpu, 3->5->2 MB, 4 MB goal, 0 MB stacks, 0 MB globals, 16 P
gc 907 @5.716s 3%: 0.10+0.96+0.075 ms clock, 1.7+0.65/1.1/0.001+1.2 ms cpu, 4->5->2 MB, 5 MB goal, 0 MB stacks, 0 MB globals, 16 P
gc 908 @5.718s 3%: 0.12+0.67+0.12 ms clock, 1.9+0.68/0.91/0+2.0 ms cpu, 4->5->2 MB, 5 MB goal, 0 MB stacks, 0 MB globals, 16 P
gc 909 @5.720s 3%: 0.13+0.67+0.14 ms clock, 2.1+0.75/1.0/0+2.2 ms cpu, 4->4->2 MB, 4 MB goal, 0 MB stacks, 0 MB globals, 16 P
gc 910 @5.721s 3%: 0.10+0.78+0.085 ms clock, 1.6+0.67/1.0/0+1.3 ms cpu, 4->5->2 MB, 4 MB goal, 0 MB stacks, 0 MB globals, 16 P
gc 911 @5.723s 3%: 0.12+0.89+0.11 ms clock, 2.0+0.63/0.89/0.11+1.8 ms cpu, 4->5->2 MB, 5 MB goal, 0 MB stacks, 0 MB globals, 16 P
gc 912 @5.726s 3%: 0.14+0.54+0.10 ms clock, 2.3+0.52/1.0/0+1.6 ms cpu, 4->5->2 MB, 5 MB goal, 0 MB stacks, 0 MB globals, 16 P
gc 913 @5.727s 3%: 0.11+0.99+0.10 ms clock, 1.8+0.69/1.0/0+1.6 ms cpu, 3->4->2 MB, 4 MB goal, 0 MB stacks, 0 MB globals, 16 P
gc 914 @5.729s 3%: 0.086+0.61+0.17 ms clock, 1.3+0.55/1.1/0.014+2.7 ms cpu, 4->5->2 MB, 5 MB goal, 0 MB stacks, 0 MB globals, 16 P
gc 915 @5.731s 3%: 0.14+0.63+0.24 ms clock, 2.2+0.72/1.0/0+3.9 ms cpu, 4->4->2 MB, 4 MB goal, 0 MB stacks, 0 MB globals, 16 P
gc 916 @5.733s 3%: 0.16+0.67+0.12 ms clock, 2.6+0.62/0.98/0.010+2.0 ms cpu, 4->5->2 MB, 4 MB goal, 0 MB stacks, 0 MB globals, 16 P
gc 917 @5.735s 3%: 0.13+0.54+0.15 ms clock, 2.0+0.66/0.91/0+2.5 ms cpu, 4->4->2 MB, 5 MB goal, 0 MB stacks, 0 MB globals, 16 P
gc 918 @5.737s 3%: 0.15+0.58+0.15 ms clock, 2.5+0.53/0.94/0+2.4 ms cpu, 3->4->2 MB, 4 MB goal, 0 MB stacks, 0 MB globals, 16 P
gc 919 @5.738s 3%: 0.087+0.62+0.098 ms clock, 1.3+0.46/0.89/0+1.5 ms cpu, 4->4->2 MB, 4 MB goal, 0 MB stacks, 0 MB globals, 16 P
gc 920 @5.740s 3%: 0.14+1.1+0.042 ms clock, 2.2+0.74/1.0/0+0.67 ms cpu, 3->4->2 MB, 4 MB goal, 0 MB stacks, 0 MB globals, 16 P
gc 921 @5.742s 3%: 0.10+0.55+0.14 ms clock, 1.6+0.75/1.0/0.011+2.3 ms cpu, 4->5->2 MB, 5 MB goal, 0 MB stacks, 0 MB globals, 16 P
gc 922 @5.744s 3%: 0.18+0.94+0.063 ms clock, 2.9+0.55/1.0/0+1.0 ms cpu, 3->4->2 MB, 4 MB goal, 0 MB stacks, 0 MB globals, 16 P
gc 923 @5.746s 3%: 0.14+0.72+0.19 ms clock, 2.3+0.61/0.98/0+3.1 ms cpu, 4->5->2 MB, 5 MB goal, 0 MB stacks, 0 MB globals, 16 P
gc 924 @5.748s 3%: 0.15+0.73+0.12 ms clock, 2.5+0.52/1.0/0+2.0 ms cpu, 4->5->2 MB, 4 MB goal, 0 MB stacks, 0 MB globals, 16 P
gc 925 @5.750s 3%: 0.13+0.69+0.12 ms clock, 2.1+0.79/0.91/0.006+2.0 ms cpu, 4->5->2 MB, 5 MB goal, 0 MB stacks, 0 MB globals, 16 P
gc 926 @5.752s 3%: 0.12+0.73+0.12 ms clock, 2.0+0.84/0.93/0+1.9 ms cpu, 4->5->2 MB, 4 MB goal, 0 MB stacks, 0 MB globals, 16 P
gc 927 @5.754s 3%: 0.13+0.72+0.10 ms clock, 2.0+0.62/1.0/0+1.6 ms cpu, 4->5->2 MB, 5 MB goal, 0 MB stacks, 0 MB globals, 16 P
gc 928 @5.755s 3%: 0.12+0.47+0.13 ms clock, 2.0+0.74/0.92/0.021+2.1 ms cpu, 4->4->2 MB, 5 MB goal, 0 MB stacks, 0 MB globals, 16 P
gc 929 @5.757s 3%: 0.12+0.86+0.081 ms clock, 1.9+0.69/0.88/0.046+1.3 ms cpu, 3->4->2 MB, 4 MB goal, 0 MB stacks, 0 MB globals, 16 P
gc 930 @5.759s 3%: 0.19+0.76+0.14 ms clock, 3.1+0.73/0.89/0.040+2.3 ms cpu, 4->5->2 MB, 5 MB goal, 0 MB stacks, 0 MB globals, 16 P
gc 931 @5.761s 3%: 0.13+0.84+0.11 ms clock, 2.1+0.70/0.90/0+1.7 ms cpu, 4->5->2 MB, 4 MB goal, 0 MB stacks, 0 MB globals, 16 P
gc 932 @5.763s 3%: 0.10+0.78+0.066 ms clock, 1.6+0.55/1.1/0+1.0 ms cpu, 4->5->2 MB, 5 MB goal, 0 MB stacks, 0 MB globals, 16 P
gc 933 @5.765s 3%: 0.11+0.61+0.12 ms clock, 1.8+0.86/0.96/0+1.9 ms cpu, 4->4->2 MB, 4 MB goal, 0 MB stacks, 0 MB globals, 16 P
gc 934 @5.766s 3%: 0.12+0.62+0.14 ms clock, 2.0+0.61/0.98/0.009+2.2 ms cpu, 4->4->2 MB, 4 MB goal, 0 MB stacks, 0 MB globals, 16 P
gc 935 @5.768s 4%: 0.14+0.61+0.17 ms clock, 2.2+0.52/1.0/0+2.8 ms cpu, 4->5->2 MB, 4 MB goal, 0 MB stacks, 0 MB globals, 16 P
gc 936 @5.770s 4%: 0.11+0.77+0.099 ms clock, 1.7+0.58/0.92/0+1.5 ms cpu, 4->5->2 MB, 4 MB goal, 0 MB stacks, 0 MB globals, 16 P
gc 937 @5.772s 4%: 0.12+0.81+0.16 ms clock, 1.9+0.59/1.1/0.044+2.6 ms cpu, 4->5->2 MB, 5 MB goal, 0 MB stacks, 0 MB globals, 16 P
gc 938 @5.774s 4%: 0.15+0.65+0.17 ms clock, 2.4+0.55/1.1/0+2.7 ms cpu, 4->5->2 MB, 5 MB goal, 0 MB stacks, 0 MB globals, 16 P
gc 939 @5.776s 4%: 0.13+0.54+0.23 ms clock, 2.1+0.59/0.95/0+3.7 ms cpu, 4->5->2 MB, 5 MB goal, 0 MB stacks, 0 MB globals, 16 P
gc 940 @5.778s 4%: 0.10+0.68+0.14 ms clock, 1.6+0.69/0.99/0+2.2 ms cpu, 4->4->2 MB, 4 MB goal, 0 MB stacks, 0 MB globals, 16 P
gc 941 @5.780s 4%: 0.14+0.71+0.11 ms clock, 2.2+0.73/0.83/0+1.8 ms cpu, 4->5->2 MB, 4 MB goal, 0 MB stacks, 0 MB globals, 16 P
gc 942 @5.782s 4%: 0.18+0.73+0.10 ms clock, 2.9+0.64/0.97/0+1.7 ms cpu, 4->5->2 MB, 4 MB goal, 0 MB stacks, 0 MB globals, 16 P
gc 943 @5.784s 4%: 0.14+1.0+0.13 ms clock, 2.2+0.74/0.99/0.025+2.1 ms cpu, 4->5->2 MB, 5 MB goal, 0 MB stacks, 0 MB globals, 16 P
gc 944 @5.786s 4%: 0.12+0.46+0.17 ms clock, 1.9+0.72/0.96/0+2.7 ms cpu, 4->5->2 MB, 5 MB goal, 0 MB stacks, 0 MB globals, 16 P
gc 945 @5.788s 4%: 0.15+0.55+0.16 ms clock, 2.5+0.63/0.95/0+2.6 ms cpu, 3->4->2 MB, 4 MB goal, 0 MB stacks, 0 MB globals, 16 P
gc 946 @5.789s 4%: 0.15+0.59+0.20 ms clock, 2.4+0.65/0.96/0+3.2 ms cpu, 3->4->2 MB, 4 MB goal, 0 MB stacks, 0 MB globals, 16 P
gc 947 @5.791s 4%: 0.12+0.88+0.063 ms clock, 1.9+0.54/0.92/0+1.0 ms cpu, 3->5->2 MB, 4 MB goal, 0 MB stacks, 0 MB globals, 16 P
gc 948 @5.793s 4%: 0.16+0.57+0.14 ms clock, 2.5+0.66/0.98/0+2.2 ms cpu, 4->5->2 MB, 5 MB goal, 0 MB stacks, 0 MB globals, 16 P
gc 949 @5.795s 4%: 0.14+0.81+0.10 ms clock, 2.2+0.62/1.1/0+1.7 ms cpu, 4->5->2 MB, 4 MB goal, 0 MB stacks, 0 MB globals, 16 P
gc 950 @5.797s 4%: 0.10+0.72+0.096 ms clock, 1.6+0.63/1.0/0+1.5 ms cpu, 4->5->2 MB, 5 MB goal, 0 MB stacks, 0 MB globals, 16 P
gc 951 @5.799s 4%: 0.12+0.55+0.26 ms clock, 1.9+0.70/0.81/0.075+4.1 ms cpu, 4->4->1 MB, 4 MB goal, 0 MB stacks, 0 MB globals, 16 P
gc 952 @5.800s 4%: 0.19+0.83+0.051 ms clock, 3.1+0.70/0.96/0+0.81 ms cpu, 3->4->2 MB, 4 MB goal, 0 MB stacks, 0 MB globals, 16 P
gc 953 @5.802s 4%: 0.16+0.83+0.087 ms clock, 2.6+0.67/1.0/0+1.3 ms cpu, 4->5->2 MB, 5 MB goal, 0 MB stacks, 0 MB globals, 16 P
gc 954 @5.804s 4%: 0.095+0.81+0.048 ms clock, 1.5+0.58/0.92/0+0.76 ms cpu, 4->5->2 MB, 5 MB goal, 0 MB stacks, 0 MB globals, 16 P
gc 955 @5.806s 4%: 0.11+0.88+0.11 ms clock, 1.8+0.63/1.0/0+1.8 ms cpu, 4->5->2 MB, 4 MB goal, 0 MB stacks, 0 MB globals, 16 P
gc 956 @5.808s 4%: 0.13+0.84+0.071 ms clock, 2.1+0.65/1.1/0.004+1.1 ms cpu, 4->5->2 MB, 5 MB goal, 0 MB stacks, 0 MB globals, 16 P
gc 957 @5.810s 4%: 0.15+0.77+0.14 ms clock, 2.4+0.65/1.0/0.11+2.2 ms cpu, 4->5->2 MB, 5 MB goal, 0 MB stacks, 0 MB globals, 16 P
gc 958 @5.812s 4%: 0.14+0.73+0.11 ms clock, 2.2+0.58/0.93/0+1.8 ms cpu, 4->5->2 MB, 5 MB goal, 0 MB stacks, 0 MB globals, 16 P
gc 959 @5.814s 4%: 0.13+0.61+0.11 ms clock, 2.1+0.64/0.87/0+1.7 ms cpu, 4->5->2 MB, 5 MB goal, 0 MB stacks, 0 MB globals, 16 P
gc 960 @5.816s 4%: 0.13+0.51+0.19 ms clock, 2.0+0.52/0.83/0+3.0 ms cpu, 4->4->2 MB, 4 MB goal, 0 MB stacks, 0 MB globals, 16 P
gc 961 @5.818s 4%: 0.14+0.81+0.080 ms clock, 2.2+0.69/1.0/0+1.2 ms cpu, 3->4->2 MB, 4 MB goal, 0 MB stacks, 0 MB globals, 16 P
gc 962 @5.820s 4%: 0.21+0.79+0.083 ms clock, 3.3+0.64/0.95/0+1.3 ms cpu, 4->5->2 MB, 5 MB goal, 0 MB stacks, 0 MB globals, 16 P
gc 963 @5.822s 4%: 0.17+0.65+0.15 ms clock, 2.7+0.75/1.0/0+2.4 ms cpu, 4->5->2 MB, 5 MB goal, 0 MB stacks, 0 MB globals, 16 P
gc 964 @5.824s 4%: 0.12+0.53+0.20 ms clock, 1.9+0.40/0.98/0+3.3 ms cpu, 4->5->2 MB, 5 MB goal, 0 MB stacks, 0 MB globals, 16 P
gc 965 @5.826s 4%: 0.12+0.73+0.26 ms clock, 1.9+0.58/0.89/0.047+4.1 ms cpu, 3->4->2 MB, 4 MB goal, 0 MB stacks, 0 MB globals, 16 P
gc 966 @5.827s 4%: 0.14+0.98+0.031 ms clock, 2.2+0.56/1.1/0+0.50 ms cpu, 4->5->2 MB, 4 MB goal, 0 MB stacks, 0 MB globals, 16 P
gc 967 @5.830s 4%: 0.20+0.70+0.18 ms clock, 3.2+0.65/0.92/0+2.8 ms cpu, 4->5->2 MB, 5 MB goal, 0 MB stacks, 0 MB globals, 16 P
gc 968 @5.832s 4%: 0.18+0.80+0.099 ms clock, 2.8+0.63/1.2/0.010+1.5 ms cpu, 4->5->2 MB, 5 MB goal, 0 MB stacks, 0 MB globals, 16 P
gc 969 @5.834s 4%: 0.13+0.68+0.15 ms clock, 2.1+0.36/1.0/0+2.4 ms cpu, 5->5->2 MB, 5 MB goal, 0 MB stacks, 0 MB globals, 16 P
gc 970 @5.836s 4%: 0.12+0.62+0.17 ms clock, 2.0+0.70/0.82/0+2.8 ms cpu, 4->4->2 MB, 4 MB goal, 0 MB stacks, 0 MB globals, 16 P
gc 971 @5.837s 4%: 0.11+0.73+0.13 ms clock, 1.9+0.83/1.0/0+2.0 ms cpu, 4->4->2 MB, 4 MB goal, 0 MB stacks, 0 MB globals, 16 P
gc 972 @5.839s 4%: 0.18+0.64+0.17 ms clock, 2.8+0.63/1.0/0+2.7 ms cpu, 4->5->2 MB, 4 MB goal, 0 MB stacks, 0 MB globals, 16 P
gc 973 @5.841s 4%: 0.12+0.88+0.043 ms clock, 1.9+0.57/1.0/0.014+0.69 ms cpu, 4->5->2 MB, 4 MB goal, 0 MB stacks, 0 MB globals, 16 P
gc 974 @5.843s 4%: 0.12+0.65+0.12 ms clock, 1.9+0.60/1.1/0+2.0 ms cpu, 4->5->2 MB, 5 MB goal, 0 MB stacks, 0 MB globals, 16 P
gc 975 @5.845s 4%: 0.12+0.56+0.12 ms clock, 1.9+0.59/1.0/0+1.9 ms cpu, 4->4->2 MB, 4 MB goal, 0 MB stacks, 0 MB globals, 16 P
gc 976 @5.847s 4%: 0.14+0.80+0.10 ms clock, 2.3+0.59/0.94/0+1.7 ms cpu, 4->4->2 MB, 4 MB goal, 0 MB stacks, 0 MB globals, 16 P
gc 977 @5.849s 4%: 0.15+0.68+0.10 ms clock, 2.4+0.73/1.0/0+1.7 ms cpu, 4->5->2 MB, 5 MB goal, 0 MB stacks, 0 MB globals, 16 P
gc 978 @5.851s 4%: 0.18+0.82+0.16 ms clock, 2.9+0.62/0.98/0+2.5 ms cpu, 4->5->2 MB, 5 MB goal, 0 MB stacks, 0 MB globals, 16 P
gc 979 @5.853s 4%: 0.098+0.82+0.12 ms clock, 1.5+0.74/0.99/0+2.0 ms cpu, 4->5->2 MB, 5 MB goal, 0 MB stacks, 0 MB globals, 16 P
gc 980 @5.855s 4%: 0.11+0.92+0.11 ms clock, 1.7+0.74/0.90/0+1.7 ms cpu, 4->5->2 MB, 5 MB goal, 0 MB stacks, 0 MB globals, 16 P
gc 981 @5.857s 4%: 0.16+0.62+0.14 ms clock, 2.6+0.63/0.92/0+2.3 ms cpu, 4->5->2 MB, 5 MB goal, 0 MB stacks, 0 MB globals, 16 P
gc 982 @5.859s 4%: 0.16+0.64+0.16 ms clock, 2.6+0.67/0.91/0+2.6 ms cpu, 4->4->2 MB, 4 MB goal, 0 MB stacks, 0 MB globals, 16 P
gc 983 @5.860s 4%: 0.15+0.73+0.16 ms clock, 2.5+0.59/0.97/0.002+2.6 ms cpu, 4->4->2 MB, 4 MB goal, 0 MB stacks, 0 MB globals, 16 P
gc 984 @5.862s 4%: 0.15+0.98+0.088 ms clock, 2.4+0.63/1.0/0+1.4 ms cpu, 4->5->2 MB, 4 MB goal, 0 MB stacks, 0 MB globals, 16 P
gc 985 @5.865s 4%: 0.15+0.64+0.19 ms clock, 2.5+0.59/1.0/0+3.0 ms cpu, 4->5->2 MB, 5 MB goal, 0 MB stacks, 0 MB globals, 16 P
gc 986 @5.867s 4%: 0.17+0.71+0.20 ms clock, 2.8+0.72/1.0/0+3.2 ms cpu, 4->5->2 MB, 4 MB goal, 0 MB stacks, 0 MB globals, 16 P
gc 987 @5.869s 4%: 0.12+0.71+0.096 ms clock, 1.9+0.60/0.99/0.005+1.5 ms cpu, 4->5->2 MB, 5 MB goal, 0 MB stacks, 0 MB globals, 16 P
gc 988 @5.870s 4%: 0.11+0.56+0.18 ms clock, 1.8+0.63/0.91/0+2.8 ms cpu, 4->5->2 MB, 4 MB goal, 0 MB stacks, 0 MB globals, 16 P
gc 989 @5.872s 4%: 0.20+0.60+0.12 ms clock, 3.3+0.68/0.86/0+1.9 ms cpu, 4->5->2 MB, 4 MB goal, 0 MB stacks, 0 MB globals, 16 P
gc 990 @5.874s 4%: 0.083+0.61+0.10 ms clock, 1.3+0.67/0.93/0.036+1.7 ms cpu, 4->4->2 MB, 4 MB goal, 0 MB stacks, 0 MB globals, 16 P
gc 991 @5.876s 4%: 0.12+0.92+0.11 ms clock, 1.9+0.50/1.1/0+1.9 ms cpu, 3->5->2 MB, 4 MB goal, 0 MB stacks, 0 MB globals, 16 P
gc 992 @5.878s 4%: 0.10+0.67+0.13 ms clock, 1.6+0.70/0.85/0+2.1 ms cpu, 4->5->2 MB, 5 MB goal, 0 MB stacks, 0 MB globals, 16 P
gc 993 @5.880s 4%: 0.12+0.48+0.19 ms clock, 1.9+0.65/0.85/0+3.1 ms cpu, 4->4->2 MB, 4 MB goal, 0 MB stacks, 0 MB globals, 16 P
gc 994 @5.881s 4%: 0.20+0.55+0.17 ms clock, 3.3+0.68/1.0/0+2.8 ms cpu, 3->4->2 MB, 4 MB goal, 0 MB stacks, 0 MB globals, 16 P
gc 995 @5.883s 4%: 0.11+0.69+0.10 ms clock, 1.9+0.67/1.0/0+1.7 ms cpu, 3->4->2 MB, 4 MB goal, 0 MB stacks, 0 MB globals, 16 P
gc 996 @5.885s 4%: 0.10+0.81+0.047 ms clock, 1.6+0.65/1.0/0+0.75 ms cpu, 4->5->2 MB, 4 MB goal, 0 MB stacks, 0 MB globals, 16 P
gc 997 @5.886s 4%: 0.12+0.77+0.12 ms clock, 1.9+0.77/1.0/0+2.0 ms cpu, 4->5->2 MB, 4 MB goal, 0 MB stacks, 0 MB globals, 16 P
gc 998 @5.888s 4%: 0.11+0.77+0.18 ms clock, 1.8+0.76/1.0/0+2.9 ms cpu, 4->5->2 MB, 5 MB goal, 0 MB stacks, 0 MB globals, 16 P
gc 999 @5.890s 4%: 0.18+0.83+0.11 ms clock, 3.0+0.73/1.0/0+1.8 ms cpu, 4->5->2 MB, 5 MB goal, 0 MB stacks, 0 MB globals, 16 P
gc 1000 @5.892s 4%: 0.11+0.68+0.13 ms clock, 1.8+0.89/0.90/0+2.2 ms cpu, 4->5->2 MB, 5 MB goal, 0 MB stacks, 0 MB globals, 16 P
gc 1001 @5.894s 4%: 0.11+0.69+0.17 ms clock, 1.8+0.89/1.1/0+2.7 ms cpu, 4->5->2 MB, 5 MB goal, 0 MB stacks, 0 MB globals, 16 P
gc 1002 @5.896s 4%: 0.12+0.77+0.16 ms clock, 2.0+0.63/1.0/0+2.7 ms cpu, 4->5->2 MB, 5 MB goal, 0 MB stacks, 0 MB globals, 16 P
gc 1003 @5.898s 4%: 0.12+0.85+0.085 ms clock, 2.0+0.77/0.82/0+1.3 ms cpu, 4->5->2 MB, 5 MB goal, 0 MB stacks, 0 MB globals, 16 P
gc 1004 @5.900s 4%: 0.14+0.70+0.18 ms clock, 2.2+0.79/0.92/0+3.0 ms cpu, 4->5->2 MB, 5 MB goal, 0 MB stacks, 0 MB globals, 16 P
gc 1005 @5.902s 4%: 0.11+0.60+0.10 ms clock, 1.7+0.60/0.94/0+1.6 ms cpu, 4->5->2 MB, 4 MB goal, 0 MB stacks, 0 MB globals, 16 P
gc 1006 @5.904s 4%: 0.11+0.72+0.097 ms clock, 1.8+0.63/0.95/0.006+1.5 ms cpu, 4->4->2 MB, 4 MB goal, 0 MB stacks, 0 MB globals, 16 P
gc 1007 @5.906s 4%: 0.16+0.86+0.15 ms clock, 2.5+0.77/1.0/0+2.4 ms cpu, 4->5->2 MB, 4 MB goal, 0 MB stacks, 0 MB globals, 16 P
gc 1008 @5.908s 4%: 0.15+0.80+0.11 ms clock, 2.4+0.66/1.2/0.025+1.8 ms cpu, 4->5->2 MB, 5 MB goal, 0 MB stacks, 0 MB globals, 16 P
gc 1009 @5.910s 4%: 0.11+0.51+0.18 ms clock, 1.8+0.83/0.87/0.005+2.9 ms cpu, 4->5->2 MB, 5 MB goal, 0 MB stacks, 0 MB globals, 16 P
gc 1010 @5.912s 4%: 0.11+0.76+0.035 ms clock, 1.8+0.59/1.0/0+0.56 ms cpu, 3->4->2 MB, 4 MB goal, 0 MB stacks, 0 MB globals, 16 P
gc 1011 @5.914s 4%: 0.17+0.75+0.11 ms clock, 2.8+0.70/0.83/0+1.9 ms cpu, 4->5->2 MB, 4 MB goal, 0 MB stacks, 0 MB globals, 16 P
gc 1012 @5.916s 4%: 0.17+0.62+0.17 ms clock, 2.7+0.69/1.0/0+2.8 ms cpu, 4->5->2 MB, 5 MB goal, 0 MB stacks, 0 MB globals, 16 P
gc 1013 @5.918s 4%: 0.20+0.87+0.14 ms clock, 3.2+0.62/0.95/0+2.2 ms cpu, 4->5->2 MB, 4 MB goal, 0 MB stacks, 0 MB globals, 16 P
gc 1014 @5.920s 4%: 0.12+0.59+0.13 ms clock, 1.9+0.59/0.97/0+2.1 ms cpu, 4->5->2 MB, 5 MB goal, 0 MB stacks, 0 MB globals, 16 P
gc 1015 @5.922s 4%: 0.10+0.70+0.072 ms clock, 1.6+0.54/0.98/0.013+1.1 ms cpu, 4->5->2 MB, 4 MB goal, 0 MB stacks, 0 MB globals, 16 P
gc 1016 @5.923s 4%: 0.088+0.71+0.19 ms clock, 1.4+0.65/0.99/0.10+3.1 ms cpu, 4->5->2 MB, 4 MB goal, 0 MB stacks, 0 MB globals, 16 P
gc 1017 @5.925s 4%: 0.12+0.46+0.10 ms clock, 1.9+0.73/0.86/0+1.7 ms cpu, 4->4->2 MB, 4 MB goal, 0 MB stacks, 0 MB globals, 16 P
gc 1018 @5.927s 4%: 0.12+0.55+0.18 ms clock, 1.9+0.66/0.95/0+2.8 ms cpu, 3->4->2 MB, 4 MB goal, 0 MB stacks, 0 MB globals, 16 P
gc 1019 @5.928s 4%: 0.13+0.79+0.16 ms clock, 2.1+0.59/1.0/0+2.6 ms cpu, 3->4->2 MB, 4 MB goal, 0 MB stacks, 0 MB globals, 16 P
gc 1020 @5.930s 4%: 0.13+0.83+0.15 ms clock, 2.1+0.75/0.91/0+2.5 ms cpu, 4->5->2 MB, 4 MB goal, 0 MB stacks, 0 MB globals, 16 P
gc 1021 @5.932s 4%: 0.14+0.97+0.11 ms clock, 2.3+0.59/0.98/0+1.8 ms cpu, 4->5->2 MB, 5 MB goal, 0 MB stacks, 0 MB globals, 16 P
gc 1022 @5.935s 4%: 0.14+0.72+0.11 ms clock, 2.3+0.61/0.91/0+1.8 ms cpu, 4->5->2 MB, 5 MB goal, 0 MB stacks, 0 MB globals, 16 P
gc 1023 @5.937s 4%: 0.12+0.69+0.17 ms clock, 1.9+0.73/0.92/0+2.8 ms cpu, 4->5->2 MB, 5 MB goal, 0 MB stacks, 0 MB globals, 16 P
gc 1024 @5.938s 4%: 0.13+0.58+0.15 ms clock, 2.2+0.59/1.0/0+2.4 ms cpu, 4->4->2 MB, 4 MB goal, 0 MB stacks, 0 MB globals, 16 P
gc 1025 @5.940s 4%: 0.11+0.54+0.18 ms clock, 1.7+0.66/0.84/0+2.9 ms cpu, 4->4->2 MB, 4 MB goal, 0 MB stacks, 0 MB globals, 16 P
gc 1026 @5.942s 4%: 0.15+0.72+0.15 ms clock, 2.4+0.79/1.0/0+2.4 ms cpu, 4->4->2 MB, 4 MB goal, 0 MB stacks, 0 MB globals, 16 P
gc 1027 @5.944s 4%: 0.13+0.71+0.11 ms clock, 2.1+0.63/0.91/0+1.7 ms cpu, 4->5->2 MB, 5 MB goal, 0 MB stacks, 0 MB globals, 16 P
gc 1028 @5.945s 4%: 0.14+0.56+0.18 ms clock, 2.3+0.61/0.94/0+2.9 ms cpu, 4->4->2 MB, 4 MB goal, 0 MB stacks, 0 MB globals, 16 P
gc 1029 @5.947s 4%: 0.15+0.69+0.15 ms clock, 2.4+0.46/1.0/0.030+2.5 ms cpu, 4->5->2 MB, 5 MB goal, 0 MB stacks, 0 MB globals, 16 P
gc 1030 @5.949s 4%: 0.10+0.73+0.089 ms clock, 1.6+0.60/0.85/0+1.4 ms cpu, 4->5->2 MB, 5 MB goal, 0 MB stacks, 0 MB globals, 16 P
gc 1031 @5.951s 4%: 0.16+0.46+0.14 ms clock, 2.5+0.69/0.79/0+2.2 ms cpu, 4->4->2 MB, 4 MB goal, 0 MB stacks, 0 MB globals, 16 P
gc 1032 @5.952s 4%: 0.14+0.81+0.053 ms clock, 2.3+0.80/0.91/0+0.85 ms cpu, 3->4->2 MB, 4 MB goal, 0 MB stacks, 0 MB globals, 16 P
gc 1033 @5.954s 4%: 0.12+0.64+0.16 ms clock, 2.0+0.62/0.78/0.10+2.6 ms cpu, 4->4->2 MB, 5 MB goal, 0 MB stacks, 0 MB globals, 16 P
gc 1034 @5.956s 4%: 0.24+0.68+0.16 ms clock, 3.8+0.58/1.0/0+2.6 ms cpu, 3->4->2 MB, 4 MB goal, 0 MB stacks, 0 MB globals, 16 P
gc 1035 @5.958s 4%: 0.10+0.70+0.044 ms clock, 1.7+0.43/1.2/0+0.71 ms cpu, 4->5->2 MB, 5 MB goal, 0 MB stacks, 0 MB globals, 16 P
gc 1036 @5.960s 4%: 0.11+0.69+0.11 ms clock, 1.8+0.69/1.0/0+1.8 ms cpu, 4->4->2 MB, 4 MB goal, 0 MB stacks, 0 MB globals, 16 P
gc 1037 @5.962s 4%: 0.13+0.61+0.19 ms clock, 2.1+0.51/0.93/0+3.0 ms cpu, 4->4->2 MB, 4 MB goal, 0 MB stacks, 0 MB globals, 16 P
gc 1038 @5.963s 4%: 0.083+0.63+0.18 ms clock, 1.3+0.73/1.1/0+3.0 ms cpu, 4->4->2 MB, 4 MB goal, 0 MB stacks, 0 MB globals, 16 P
gc 1039 @5.965s 4%: 0.11+0.70+0.15 ms clock, 1.8+0.70/0.96/0+2.4 ms cpu, 4->4->2 MB, 4 MB goal, 0 MB stacks, 0 MB globals, 16 P
gc 1040 @5.967s 4%: 0.10+0.61+0.15 ms clock, 1.6+0.68/0.87/0+2.5 ms cpu, 4->4->2 MB, 4 MB goal, 0 MB stacks, 0 MB globals, 16 P
gc 1041 @5.969s 4%: 0.11+0.78+0.006 ms clock, 1.8+0.60/0.87/0+0.11 ms cpu, 3->4->2 MB, 4 MB goal, 0 MB stacks, 0 MB globals, 16 P
gc 1042 @5.970s 4%: 0.16+0.57+0.18 ms clock, 2.6+0.69/0.93/0+2.9 ms cpu, 4->4->2 MB, 4 MB goal, 0 MB stacks, 0 MB globals, 16 P
gc 1043 @5.972s 4%: 0.088+0.59+0.20 ms clock, 1.4+0.56/0.83/0+3.3 ms cpu, 4->4->2 MB, 4 MB goal, 0 MB stacks, 0 MB globals, 16 P
gc 1044 @5.973s 4%: 0.14+0.56+0.057 ms clock, 2.3+0.59/1.0/0+0.92 ms cpu, 3->4->2 MB, 4 MB goal, 0 MB stacks, 0 MB globals, 16 P
gc 1045 @5.975s 4%: 0.14+0.48+0.13 ms clock, 2.2+0.62/0.91/0+2.0 ms cpu, 4->4->2 MB, 4 MB goal, 0 MB stacks, 0 MB globals, 16 P
gc 1046 @5.977s 4%: 0.097+0.72+0.12 ms clock, 1.5+0.75/0.74/0+2.0 ms cpu, 3->4->2 MB, 4 MB goal, 0 MB stacks, 0 MB globals, 16 P
gc 1047 @5.979s 4%: 0.10+0.56+0.21 ms clock, 1.6+0.76/0.93/0+3.4 ms cpu, 4->5->2 MB, 5 MB goal, 0 MB stacks, 0 MB globals, 16 P
gc 1048 @5.980s 4%: 0.13+0.63+0.11 ms clock, 2.1+0.56/0.92/0+1.7 ms cpu, 4->4->2 MB, 4 MB goal, 0 MB stacks, 0 MB globals, 16 P
gc 1049 @5.982s 4%: 0.12+0.75+0.10 ms clock, 1.9+0.54/1.0/0.053+1.6 ms cpu, 4->5->2 MB, 4 MB goal, 0 MB stacks, 0 MB globals, 16 P
gc 1050 @5.984s 4%: 0.19+0.71+0.16 ms clock, 3.0+0.71/1.0/0+2.6 ms cpu, 4->5->2 MB, 5 MB goal, 0 MB stacks, 0 MB globals, 16 P
gc 1051 @5.986s 4%: 0.12+0.89+0.12 ms clock, 1.9+0.78/0.94/0+1.9 ms cpu, 4->5->2 MB, 5 MB goal, 0 MB stacks, 0 MB globals, 16 P
gc 1052 @5.988s 4%: 0.083+0.71+0.14 ms clock, 1.3+0.63/1.0/0+2.3 ms cpu, 4->5->2 MB, 5 MB goal, 0 MB stacks, 0 MB globals, 16 P
gc 1053 @5.990s 4%: 0.18+0.73+0.10 ms clock, 3.0+0.79/0.87/0+1.6 ms cpu, 4->4->2 MB, 4 MB goal, 0 MB stacks, 0 MB globals, 16 P
gc 1054 @5.992s 4%: 0.19+0.67+0.19 ms clock, 3.1+0.64/0.99/0+3.0 ms cpu, 4->4->2 MB, 4 MB goal, 0 MB stacks, 0 MB globals, 16 P
gc 1055 @5.994s 4%: 0.10+0.68+0.15 ms clock, 1.7+0.57/0.98/0.002+2.4 ms cpu, 4->5->2 MB, 5 MB goal, 0 MB stacks, 0 MB globals, 16 P
gc 1056 @5.995s 4%: 0.098+0.67+0.12 ms clock, 1.5+0.73/1.1/0+2.0 ms cpu, 4->4->2 MB, 4 MB goal, 0 MB stacks, 0 MB globals, 16 P
gc 1057 @5.997s 4%: 0.14+0.70+0.11 ms clock, 2.3+0.74/1.0/0+1.8 ms cpu, 4->5->2 MB, 4 MB goal, 0 MB stacks, 0 MB globals, 16 P
gc 1058 @5.999s 4%: 0.14+0.87+0.10 ms clock, 2.3+0.76/1.0/0+1.6 ms cpu, 4->5->2 MB, 5 MB goal, 0 MB stacks, 0 MB globals, 16 P
gc 1059 @6.001s 4%: 0.21+0.87+0.084 ms clock, 3.4+0.59/1.0/0+1.3 ms cpu, 4->5->2 MB, 5 MB goal, 0 MB stacks, 0 MB globals, 16 P
gc 1060 @6.004s 4%: 0.16+0.71+0.13 ms clock, 2.6+0.59/0.83/0+2.2 ms cpu, 4->5->2 MB, 5 MB goal, 0 MB stacks, 0 MB globals, 16 P
gc 1061 @6.006s 4%: 0.18+0.84+0.11 ms clock, 3.0+0.63/0.93/0+1.7 ms cpu, 4->5->2 MB, 4 MB goal, 0 MB stacks, 0 MB globals, 16 P
gc 1062 @6.008s 4%: 0.13+0.73+0.14 ms clock, 2.1+0.69/1.1/0+2.2 ms cpu, 4->5->2 MB, 5 MB goal, 0 MB stacks, 0 MB globals, 16 P
gc 1063 @6.010s 4%: 0.14+0.68+0.14 ms clock, 2.3+0.65/1.0/0+2.2 ms cpu, 4->5->2 MB, 5 MB goal, 0 MB stacks, 0 MB globals, 16 P
gc 1064 @6.012s 4%: 0.10+0.55+0.17 ms clock, 1.7+0.60/0.78/0.10+2.8 ms cpu, 4->5->2 MB, 5 MB goal, 0 MB stacks, 0 MB globals, 16 P
gc 1065 @6.013s 4%: 0.14+0.79+0.080 ms clock, 2.3+0.83/1.1/0.001+1.2 ms cpu, 3->4->2 MB, 4 MB goal, 0 MB stacks, 0 MB globals, 16 P
gc 1066 @6.015s 4%: 0.16+0.78+0.22 ms clock, 2.6+0.83/0.99/0+3.6 ms cpu, 4->5->2 MB, 5 MB goal, 0 MB stacks, 0 MB globals, 16 P
gc 1067 @6.017s 4%: 0.18+0.93+0.13 ms clock, 2.8+0.59/1.1/0+2.2 ms cpu, 4->5->2 MB, 4 MB goal, 0 MB stacks, 0 MB globals, 16 P
gc 1068 @6.020s 4%: 0.089+0.55+0.10 ms clock, 1.4+0.52/0.86/0+1.6 ms cpu, 4->5->2 MB, 5 MB goal, 0 MB stacks, 0 MB globals, 16 P
gc 1069 @6.022s 4%: 0.10+0.77+0.057 ms clock, 1.6+0.73/0.91/0+0.92 ms cpu, 3->4->2 MB, 4 MB goal, 0 MB stacks, 0 MB globals, 16 P
gc 1070 @6.024s 4%: 0.13+0.51+0.18 ms clock, 2.1+0.76/0.81/0+2.9 ms cpu, 4->4->2 MB, 5 MB goal, 0 MB stacks, 0 MB globals, 16 P
gc 1071 @6.025s 4%: 0.15+0.81+0.18 ms clock, 2.4+0.64/0.93/0+2.8 ms cpu, 3->4->2 MB, 4 MB goal, 0 MB stacks, 0 MB globals, 16 P
gc 1072 @6.027s 4%: 0.18+0.95+0.11 ms clock, 2.9+0.58/0.95/0+1.8 ms cpu, 4->5->2 MB, 5 MB goal, 0 MB stacks, 0 MB globals, 16 P
gc 1073 @6.029s 4%: 0.17+0.63+0.17 ms clock, 2.7+0.64/1.0/0+2.8 ms cpu, 4->5->2 MB, 5 MB goal, 0 MB stacks, 0 MB globals, 16 P
gc 1074 @6.031s 4%: 0.22+0.63+0.13 ms clock, 3.5+0.67/0.93/0+2.1 ms cpu, 4->4->2 MB, 4 MB goal, 0 MB stacks, 0 MB globals, 16 P
gc 1075 @6.033s 4%: 0.10+0.57+0.16 ms clock, 1.6+0.76/0.82/0+2.6 ms cpu, 4->4->2 MB, 5 MB goal, 0 MB stacks, 0 MB globals, 16 P
gc 1076 @6.035s 4%: 0.17+0.62+0.10 ms clock, 2.8+0.61/1.0/0+1.6 ms cpu, 3->4->2 MB, 4 MB goal, 0 MB stacks, 0 MB globals, 16 P
gc 1077 @6.036s 4%: 0.15+0.60+0.15 ms clock, 2.4+0.71/0.99/0+2.5 ms cpu, 4->5->2 MB, 5 MB goal, 0 MB stacks, 0 MB globals, 16 P
gc 1078 @6.038s 4%: 0.10+0.85+0.093 ms clock, 1.7+0.57/0.96/0+1.4 ms cpu, 4->5->2 MB, 5 MB goal, 0 MB stacks, 0 MB globals, 16 P
gc 1079 @6.040s 4%: 0.13+0.70+0.12 ms clock, 2.0+0.60/1.0/0+2.0 ms cpu, 4->5->2 MB, 5 MB goal, 0 MB stacks, 0 MB globals, 16 P
gc 1080 @6.042s 4%: 0.21+0.72+0.17 ms clock, 3.5+0.68/0.94/0.002+2.7 ms cpu, 4->5->2 MB, 4 MB goal, 0 MB stacks, 0 MB globals, 16 P
gc 1081 @6.044s 4%: 0.13+0.82+0.11 ms clock, 2.2+0.64/0.97/0+1.8 ms cpu, 4->5->2 MB, 5 MB goal, 0 MB stacks, 0 MB globals, 16 P
gc 1082 @6.046s 4%: 0.15+0.50+0.18 ms clock, 2.4+0.81/0.82/0+3.0 ms cpu, 4->5->2 MB, 5 MB goal, 0 MB stacks, 0 MB globals, 16 P
gc 1083 @6.048s 4%: 0.18+0.71+0.12 ms clock, 2.9+0.70/1.0/0+1.9 ms cpu, 3->4->2 MB, 4 MB goal, 0 MB stacks, 0 MB globals, 16 P
gc 1084 @6.050s 4%: 0.16+0.89+0.11 ms clock, 2.7+0.63/1.1/0+1.8 ms cpu, 4->5->2 MB, 5 MB goal, 0 MB stacks, 0 MB globals, 16 P
gc 1085 @6.052s 4%: 0.15+0.74+0.13 ms clock, 2.4+0.55/0.97/0.006+2.1 ms cpu, 4->5->2 MB, 5 MB goal, 0 MB stacks, 0 MB globals, 16 P
gc 1086 @6.054s 4%: 0.14+0.67+0.17 ms clock, 2.3+0.59/0.82/0.10+2.8 ms cpu, 4->4->2 MB, 4 MB goal, 0 MB stacks, 0 MB globals, 16 P
gc 1087 @6.056s 4%: 0.19+0.97+0.036 ms clock, 3.1+0.78/1.0/0+0.59 ms cpu, 3->5->2 MB, 4 MB goal, 0 MB stacks, 0 MB globals, 16 P
gc 1088 @6.058s 4%: 0.15+0.66+0.15 ms clock, 2.5+0.53/1.0/0+2.5 ms cpu, 4->5->2 MB, 5 MB goal, 0 MB stacks, 0 MB globals, 16 P
gc 1089 @6.060s 4%: 0.13+0.61+0.080 ms clock, 2.1+0.53/1.0/0+1.2 ms cpu, 4->4->2 MB, 4 MB goal, 0 MB stacks, 0 MB globals, 16 P
gc 1090 @6.062s 4%: 0.11+0.79+0.10 ms clock, 1.8+0.85/0.91/0+1.6 ms cpu, 4->5->2 MB, 5 MB goal, 0 MB stacks, 0 MB globals, 16 P
gc 1091 @6.064s 4%: 0.14+0.73+0.11 ms clock, 2.3+0.66/1.0/0+1.8 ms cpu, 4->5->2 MB, 5 MB goal, 0 MB stacks, 0 MB globals, 16 P
gc 1092 @6.066s 4%: 0.12+0.61+0.15 ms clock, 1.9+0.50/1.0/0.011+2.4 ms cpu, 4->5->2 MB, 5 MB goal, 0 MB stacks, 0 MB globals, 16 P
gc 1093 @6.067s 4%: 0.14+0.65+0.15 ms clock, 2.2+0.54/0.93/0+2.4 ms cpu, 3->4->2 MB, 4 MB goal, 0 MB stacks, 0 MB globals, 16 P
gc 1094 @6.069s 4%: 0.10+0.64+0.11 ms clock, 1.7+0.60/0.89/0.029+1.8 ms cpu, 4->4->2 MB, 4 MB goal, 0 MB stacks, 0 MB globals, 16 P
gc 1095 @6.071s 4%: 0.17+0.64+0.18 ms clock, 2.8+0.65/0.90/0.033+2.9 ms cpu, 4->4->2 MB, 4 MB goal, 0 MB stacks, 0 MB globals, 16 P
gc 1096 @6.073s 4%: 0.12+0.82+0.090 ms clock, 2.0+0.71/0.95/0+1.4 ms cpu, 4->4->2 MB, 4 MB goal, 0 MB stacks, 0 MB globals, 16 P
gc 1097 @6.074s 4%: 0.12+0.50+0.19 ms clock, 1.9+0.68/1.0/0+3.0 ms cpu, 4->4->2 MB, 4 MB goal, 0 MB stacks, 0 MB globals, 16 P
gc 1098 @6.076s 4%: 0.12+0.66+0.099 ms clock, 2.0+0.57/1.0/0+1.5 ms cpu, 3->4->2 MB, 4 MB goal, 0 MB stacks, 0 MB globals, 16 P
gc 1099 @6.078s 4%: 0.12+0.63+0.12 ms clock, 2.0+0.55/1.1/0+1.9 ms cpu, 4->5->2 MB, 5 MB goal, 0 MB stacks, 0 MB globals, 16 P
gc 1100 @6.080s 4%: 0.11+0.48+0.20 ms clock, 1.9+0.70/0.94/0+3.2 ms cpu, 4->4->2 MB, 4 MB goal, 0 MB stacks, 0 MB globals, 16 P
gc 1101 @6.081s 4%: 0.10+0.59+0.20 ms clock, 1.6+0.55/1.0/0+3.3 ms cpu, 3->4->2 MB, 4 MB goal, 0 MB stacks, 0 MB globals, 16 P
gc 1102 @6.083s 4%: 0.097+0.81+0.18 ms clock, 1.5+0.54/0.98/0.20+3.0 ms cpu, 3->4->2 MB, 4 MB goal, 0 MB stacks, 0 MB globals, 16 P
gc 1103 @6.085s 4%: 0.11+0.91+0.099 ms clock, 1.7+0.74/0.83/0.16+1.5 ms cpu, 4->5->2 MB, 5 MB goal, 0 MB stacks, 0 MB globals, 16 P
gc 1104 @6.087s 4%: 0.12+0.79+0.15 ms clock, 1.9+0.82/1.0/0.036+2.4 ms cpu, 4->5->2 MB, 5 MB goal, 0 MB stacks, 0 MB globals, 16 P
gc 1105 @6.089s 4%: 0.13+0.61+0.19 ms clock, 2.0+0.62/1.0/0+3.0 ms cpu, 4->5->2 MB, 4 MB goal, 0 MB stacks, 0 MB globals, 16 P
gc 1106 @6.091s 4%: 0.26+0.90+0.14 ms clock, 4.2+0.58/1.0/0.079+2.2 ms cpu, 4->5->2 MB, 4 MB goal, 0 MB stacks, 0 MB globals, 16 P
gc 1107 @6.093s 4%: 0.14+0.81+0.050 ms clock, 2.2+0.58/0.98/0+0.81 ms cpu, 4->5->2 MB, 5 MB goal, 0 MB stacks, 0 MB globals, 16 P
gc 1108 @6.095s 4%: 0.11+0.49+0.16 ms clock, 1.8+0.49/0.99/0.001+2.5 ms cpu, 4->5->2 MB, 5 MB goal, 0 MB stacks, 0 MB globals, 16 P
gc 1109 @6.097s 4%: 0.10+0.70+0.082 ms clock, 1.6+0.61/0.90/0.020+1.3 ms cpu, 3->4->2 MB, 4 MB goal, 0 MB stacks, 0 MB globals, 16 P
gc 1110 @6.099s 4%: 0.11+0.61+0.13 ms clock, 1.8+0.66/0.99/0.032+2.1 ms cpu, 3->4->2 MB, 4 MB goal, 0 MB stacks, 0 MB globals, 16 P
gc 1111 @6.100s 4%: 0.11+0.59+0.18 ms clock, 1.8+0.62/1.0/0+3.0 ms cpu, 3->4->2 MB, 4 MB goal, 0 MB stacks, 0 MB globals, 16 P
gc 1112 @6.102s 4%: 0.16+1.0+0.075 ms clock, 2.5+0.64/0.83/0.040+1.2 ms cpu, 4->5->2 MB, 4 MB goal, 0 MB stacks, 0 MB globals, 16 P
gc 1113 @6.104s 4%: 0.087+0.80+0.13 ms clock, 1.3+0.61/1.0/0+2.1 ms cpu, 4->5->2 MB, 5 MB goal, 0 MB stacks, 0 MB globals, 16 P
gc 1114 @6.106s 4%: 0.10+0.71+0.095 ms clock, 1.6+0.73/1.2/0.005+1.5 ms cpu, 4->5->2 MB, 5 MB goal, 0 MB stacks, 0 MB globals, 16 P
gc 1115 @6.108s 4%: 0.11+0.69+0.13 ms clock, 1.8+0.77/0.93/0+2.1 ms cpu, 4->5->2 MB, 5 MB goal, 0 MB stacks, 0 MB globals, 16 P
gc 1116 @6.110s 4%: 0.21+0.63+0.15 ms clock, 3.4+0.85/1.0/0+2.4 ms cpu, 4->5->2 MB, 4 MB goal, 0 MB stacks, 0 MB globals, 16 P
gc 1117 @6.112s 4%: 0.12+0.54+0.19 ms clock, 1.9+0.63/0.82/0.071+3.0 ms cpu, 4->4->2 MB, 5 MB goal, 0 MB stacks, 0 MB globals, 16 P
gc 1118 @6.114s 4%: 0.12+0.95+0.16 ms clock, 1.9+0.77/0.97/0+2.6 ms cpu, 3->4->2 MB, 4 MB goal, 0 MB stacks, 0 MB globals, 16 P
gc 1119 @6.116s 4%: 0.18+0.79+0.22 ms clock, 2.9+0.60/1.1/0+3.6 ms cpu, 4->5->2 MB, 5 MB goal, 0 MB stacks, 0 MB globals, 16 P
gc 1120 @6.118s 4%: 0.18+0.60+0.15 ms clock, 2.9+0.58/1.0/0+2.4 ms cpu, 4->5->2 MB, 5 MB goal, 0 MB stacks, 0 MB globals, 16 P
gc 1121 @6.120s 4%: 0.12+0.69+0.11 ms clock, 1.9+0.51/0.93/0+1.8 ms cpu, 4->5->2 MB, 5 MB goal, 0 MB stacks, 0 MB globals, 16 P
gc 1122 @6.122s 4%: 0.12+0.71+0.056 ms clock, 2.0+0.55/1.0/0+0.89 ms cpu, 4->4->2 MB, 4 MB goal, 0 MB stacks, 0 MB globals, 16 P
gc 1123 @6.123s 4%: 0.11+0.57+0.16 ms clock, 1.7+0.57/0.88/0.078+2.7 ms cpu, 4->4->2 MB, 4 MB goal, 0 MB stacks, 0 MB globals, 16 P
gc 1124 @6.125s 4%: 0.17+0.66+0.17 ms clock, 2.8+0.88/1.1/0+2.7 ms cpu, 3->4->2 MB, 4 MB goal, 0 MB stacks, 0 MB globals, 16 P
gc 1125 @6.127s 4%: 0.14+0.88+0.090 ms clock, 2.3+0.55/1.0/0+1.4 ms cpu, 4->5->2 MB, 4 MB goal, 0 MB stacks, 0 MB globals, 16 P
gc 1126 @6.129s 4%: 0.12+0.60+0.17 ms clock, 2.0+0.73/0.83/0+2.7 ms cpu, 4->5->2 MB, 5 MB goal, 0 MB stacks, 0 MB globals, 16 P
gc 1127 @6.131s 4%: 0.10+0.58+0.11 ms clock, 1.6+0.49/0.89/0+1.8 ms cpu, 3->4->2 MB, 4 MB goal, 0 MB stacks, 0 MB globals, 16 P
gc 1128 @6.132s 4%: 0.10+0.64+0.14 ms clock, 1.6+0.65/0.92/0+2.2 ms cpu, 4->4->2 MB, 4 MB goal, 0 MB stacks, 0 MB globals, 16 P
gc 1129 @6.134s 4%: 0.094+0.72+0.094 ms clock, 1.5+0.54/1.0/0+1.5 ms cpu, 3->4->2 MB, 4 MB goal, 0 MB stacks, 0 MB globals, 16 P
gc 1130 @6.136s 4%: 0.18+0.74+0.095 ms clock, 2.9+0.54/1.2/0.003+1.5 ms cpu, 4->5->2 MB, 5 MB goal, 0 MB stacks, 0 MB globals, 16 P
gc 1131 @6.138s 4%: 0.11+0.47+0.21 ms clock, 1.8+0.79/0.82/0+3.4 ms cpu, 4->4->2 MB, 5 MB goal, 0 MB stacks, 0 MB globals, 16 P
gc 1132 @6.139s 4%: 0.18+0.51+0.18 ms clock, 2.9+0.69/0.88/0+2.8 ms cpu, 3->4->2 MB, 4 MB goal, 0 MB stacks, 0 MB globals, 16 P
gc 1133 @6.141s 4%: 0.11+0.83+0.19 ms clock, 1.8+0.61/0.98/0+3.1 ms cpu, 4->5->2 MB, 4 MB goal, 0 MB stacks, 0 MB globals, 16 P
gc 1134 @6.143s 4%: 0.13+0.63+0.10 ms clock, 2.2+0.58/1.0/0.10+1.7 ms cpu, 4->5->2 MB, 5 MB goal, 0 MB stacks, 0 MB globals, 16 P
gc 1135 @6.145s 4%: 0.21+0.60+0.17 ms clock, 3.5+0.62/0.97/0+2.7 ms cpu, 3->4->2 MB, 4 MB goal, 0 MB stacks, 0 MB globals, 16 P
gc 1136 @6.147s 4%: 0.21+0.68+0.19 ms clock, 3.4+0.74/0.99/0.022+3.1 ms cpu, 4->5->2 MB, 5 MB goal, 0 MB stacks, 0 MB globals, 16 P
gc 1137 @6.149s 4%: 0.14+0.66+0.10 ms clock, 2.2+0.46/0.91/0+1.7 ms cpu, 4->5->2 MB, 4 MB goal, 0 MB stacks, 0 MB globals, 16 P
gc 1138 @6.150s 4%: 0.15+0.68+0.18 ms clock, 2.5+0.65/1.0/0+2.9 ms cpu, 4->5->2 MB, 4 MB goal, 0 MB stacks, 0 MB globals, 16 P
gc 1139 @6.152s 4%: 0.14+0.66+0.088 ms clock, 2.2+0.73/1.1/0+1.4 ms cpu, 4->5->2 MB, 5 MB goal, 0 MB stacks, 0 MB globals, 16 P
gc 1140 @6.154s 4%: 0.13+0.76+0.18 ms clock, 2.2+0.61/0.91/0.14+3.0 ms cpu, 4->4->2 MB, 4 MB goal, 0 MB stacks, 0 MB globals, 16 P
gc 1141 @6.156s 4%: 0.12+0.55+0.15 ms clock, 1.9+0.63/0.95/0.088+2.4 ms cpu, 4->4->2 MB, 4 MB goal, 0 MB stacks, 0 MB globals, 16 P
gc 1142 @6.157s 4%: 0.12+0.72+0.16 ms clock, 1.9+0.70/0.97/0+2.5 ms cpu, 3->4->2 MB, 4 MB goal, 0 MB stacks, 0 MB globals, 16 P
gc 1143 @6.159s 4%: 0.11+0.72+0.10 ms clock, 1.8+0.57/1.0/0+1.6 ms cpu, 4->5->2 MB, 5 MB goal, 0 MB stacks, 0 MB globals, 16 P
gc 1144 @6.161s 4%: 0.091+0.58+0.10 ms clock, 1.4+0.57/0.90/0+1.6 ms cpu, 4->4->2 MB, 5 MB goal, 0 MB stacks, 0 MB globals, 16 P
gc 1145 @6.163s 4%: 0.20+0.61+0.20 ms clock, 3.2+0.78/1.0/0+3.2 ms cpu, 3->4->2 MB, 4 MB goal, 0 MB stacks, 0 MB globals, 16 P
gc 1146 @6.165s 4%: 0.12+0.66+0.10 ms clock, 1.9+0.73/0.82/0+1.7 ms cpu, 3->4->2 MB, 4 MB goal, 0 MB stacks, 0 MB globals, 16 P
gc 1147 @6.166s 4%: 0.17+0.67+0.17 ms clock, 2.7+0.81/0.82/0+2.8 ms cpu, 4->4->2 MB, 4 MB goal, 0 MB stacks, 0 MB globals, 16 P
gc 1148 @6.168s 4%: 0.13+0.61+0.14 ms clock, 2.2+0.52/0.98/0.011+2.3 ms cpu, 4->4->2 MB, 4 MB goal, 0 MB stacks, 0 MB globals, 16 P
gc 1149 @6.170s 4%: 0.14+0.73+0.099 ms clock, 2.3+0.62/1.1/0+1.5 ms cpu, 4->4->2 MB, 4 MB goal, 0 MB stacks, 0 MB globals, 16 P
gc 1150 @6.171s 4%: 0.15+0.69+0.16 ms clock, 2.4+0.64/1.1/0+2.6 ms cpu, 4->5->2 MB, 4 MB goal, 0 MB stacks, 0 MB globals, 16 P
gc 1151 @6.173s 4%: 0.16+0.78+0.10 ms clock, 2.5+0.84/0.95/0+1.7 ms cpu, 4->5->2 MB, 5 MB goal, 0 MB stacks, 0 MB globals, 16 P
gc 1152 @6.175s 4%: 0.13+0.61+0.18 ms clock, 2.2+0.71/0.93/0+2.9 ms cpu, 4->4->2 MB, 4 MB goal, 0 MB stacks, 0 MB globals, 16 P
gc 1153 @6.177s 4%: 0.14+0.70+0.092 ms clock, 2.3+0.59/1.0/0+1.4 ms cpu, 3->4->2 MB, 4 MB goal, 0 MB stacks, 0 MB globals, 16 P
gc 1154 @6.179s 4%: 0.11+0.80+0.13 ms clock, 1.7+0.66/0.98/0+2.0 ms cpu, 4->5->2 MB, 4 MB goal, 0 MB stacks, 0 MB globals, 16 P
gc 1155 @6.181s 4%: 0.13+0.61+0.11 ms clock, 2.1+0.58/1.0/0.045+1.7 ms cpu, 4->5->2 MB, 5 MB goal, 0 MB stacks, 0 MB globals, 16 P
gc 1156 @6.183s 4%: 0.17+0.75+0.14 ms clock, 2.7+0.61/1.1/0+2.3 ms cpu, 4->4->2 MB, 4 MB goal, 0 MB stacks, 0 MB globals, 16 P
gc 1157 @6.185s 4%: 0.10+0.82+0.10 ms clock, 1.7+0.69/0.99/0+1.7 ms cpu, 4->5->2 MB, 5 MB goal, 0 MB stacks, 0 MB globals, 16 P
gc 1158 @6.187s 4%: 0.11+0.83+0.10 ms clock, 1.8+0.67/1.0/0+1.6 ms cpu, 4->5->2 MB, 5 MB goal, 0 MB stacks, 0 MB globals, 16 P
gc 1159 @6.189s 4%: 0.12+0.58+0.14 ms clock, 1.9+0.81/0.89/0+2.2 ms cpu, 4->5->2 MB, 5 MB goal, 0 MB stacks, 0 MB globals, 16 P
gc 1160 @6.191s 4%: 0.17+0.77+0.13 ms clock, 2.7+0.63/0.90/0+2.0 ms cpu, 3->5->2 MB, 4 MB goal, 0 MB stacks, 0 MB globals, 16 P
gc 1161 @6.193s 4%: 0.11+0.63+0.14 ms clock, 1.8+0.59/1.1/0+2.3 ms cpu, 4->5->2 MB, 5 MB goal, 0 MB stacks, 0 MB globals, 16 P
gc 1162 @6.194s 4%: 0.18+0.69+0.070 ms clock, 3.0+0.75/1.0/0+1.1 ms cpu, 3->4->2 MB, 4 MB goal, 0 MB stacks, 0 MB globals, 16 P
gc 1163 @6.196s 4%: 0.15+0.63+0.16 ms clock, 2.4+0.58/0.97/0.002+2.5 ms cpu, 4->5->2 MB, 5 MB goal, 0 MB stacks, 0 MB globals, 16 P
gc 1164 @6.198s 4%: 0.18+0.69+0.15 ms clock, 2.9+0.62/0.99/0+2.5 ms cpu, 4->5->2 MB, 4 MB goal, 0 MB stacks, 0 MB globals, 16 P
gc 1165 @6.200s 4%: 0.13+0.60+0.14 ms clock, 2.0+0.57/0.87/0+2.2 ms cpu, 4->5->2 MB, 5 MB goal, 0 MB stacks, 0 MB globals, 16 P
gc 1166 @6.202s 4%: 0.18+0.66+0.10 ms clock, 2.9+0.72/0.99/0.014+1.6 ms cpu, 3->4->2 MB, 4 MB goal, 0 MB stacks, 0 MB globals, 16 P
gc 1167 @6.204s 4%: 0.13+0.59+0.17 ms clock, 2.2+0.82/0.88/0+2.8 ms cpu, 4->4->2 MB, 4 MB goal, 0 MB stacks, 0 MB globals, 16 P
gc 1168 @6.205s 4%: 0.17+0.58+0.17 ms clock, 2.7+0.62/0.90/0+2.7 ms cpu, 4->4->2 MB, 4 MB goal, 0 MB stacks, 0 MB globals, 16 P
gc 1169 @6.207s 4%: 0.18+0.97+0.080 ms clock, 2.9+0.64/1.0/0+1.2 ms cpu, 4->5->2 MB, 4 MB goal, 0 MB stacks, 0 MB globals, 16 P
gc 1170 @6.209s 4%: 0.12+0.59+0.10 ms clock, 2.0+0.62/1.0/0+1.6 ms cpu, 4->5->2 MB, 5 MB goal, 0 MB stacks, 0 MB globals, 16 P
gc 1171 @6.211s 4%: 0.14+0.80+0.14 ms clock, 2.3+0.72/0.96/0+2.3 ms cpu, 3->4->2 MB, 4 MB goal, 0 MB stacks, 0 MB globals, 16 P
gc 1172 @6.213s 4%: 0.17+0.60+0.20 ms clock, 2.8+0.76/0.92/0.014+3.3 ms cpu, 4->5->2 MB, 5 MB goal, 0 MB stacks, 0 MB globals, 16 P
gc 1173 @6.215s 4%: 0.11+0.66+0.14 ms clock, 1.8+0.58/0.99/0.031+2.3 ms cpu, 4->4->2 MB, 4 MB goal, 0 MB stacks, 0 MB globals, 16 P
gc 1174 @6.216s 4%: 0.13+0.84+0.087 ms clock, 2.1+0.62/0.74/0.17+1.3 ms cpu, 4->5->2 MB, 5 MB goal, 0 MB stacks, 0 MB globals, 16 P
gc 1175 @6.218s 4%: 0.14+0.68+0.10 ms clock, 2.2+0.57/0.89/0.001+1.7 ms cpu, 4->5->2 MB, 5 MB goal, 0 MB stacks, 0 MB globals, 16 P
gc 1176 @6.220s 4%: 0.15+0.70+0.21 ms clock, 2.4+0.62/1.0/0+3.3 ms cpu, 4->5->2 MB, 4 MB goal, 0 MB stacks, 0 MB globals, 16 P
gc 1177 @6.222s 4%: 0.18+0.66+0.090 ms clock, 2.9+0.60/0.86/0+1.4 ms cpu, 4->4->2 MB, 4 MB goal, 0 MB stacks, 0 MB globals, 16 P
gc 1178 @6.224s 4%: 0.11+0.70+0.12 ms clock, 1.8+0.52/1.1/0+2.0 ms cpu, 4->5->2 MB, 5 MB goal, 0 MB stacks, 0 MB globals, 16 P
gc 1179 @6.226s 4%: 0.093+0.55+0.11 ms clock, 1.5+0.63/0.86/0.020+1.8 ms cpu, 4->4->2 MB, 4 MB goal, 0 MB stacks, 0 MB globals, 16 P
gc 1180 @6.227s 4%: 0.088+0.62+0.17 ms clock, 1.4+0.54/1.0/0+2.7 ms cpu, 3->4->2 MB, 4 MB goal, 0 MB stacks, 0 MB globals, 16 P
gc 1181 @6.229s 4%: 0.11+0.64+0.11 ms clock, 1.8+0.62/1.0/0+1.8 ms cpu, 4->4->2 MB, 4 MB goal, 0 MB stacks, 0 MB globals, 16 P
gc 1182 @6.231s 4%: 0.11+0.59+0.099 ms clock, 1.7+0.60/0.86/0.017+1.5 ms cpu, 4->4->2 MB, 4 MB goal, 0 MB stacks, 0 MB globals, 16 P
gc 1183 @6.232s 4%: 0.13+0.66+0.12 ms clock, 2.0+0.72/0.80/0+1.9 ms cpu, 3->4->2 MB, 4 MB goal, 0 MB stacks, 0 MB globals, 16 P
gc 1184 @6.234s 4%: 0.15+0.79+0.15 ms clock, 2.5+0.61/1.0/0+2.4 ms cpu, 4->4->2 MB, 4 MB goal, 0 MB stacks, 0 MB globals, 16 P
gc 1185 @6.236s 4%: 0.18+0.53+0.16 ms clock, 2.9+0.76/1.0/0+2.6 ms cpu, 4->5->2 MB, 5 MB goal, 0 MB stacks, 0 MB globals, 16 P
gc 1186 @6.238s 4%: 0.17+0.64+0.17 ms clock, 2.7+0.58/0.92/0+2.7 ms cpu, 3->4->2 MB, 4 MB goal, 0 MB stacks, 0 MB globals, 16 P
gc 1187 @6.240s 4%: 0.10+0.68+0.20 ms clock, 1.7+0.65/0.99/0+3.2 ms cpu, 4->5->2 MB, 4 MB goal, 0 MB stacks, 0 MB globals, 16 P
gc 1188 @6.242s 4%: 0.15+0.78+0.073 ms clock, 2.5+0.67/0.98/0+1.1 ms cpu, 4->5->2 MB, 4 MB goal, 0 MB stacks, 0 MB globals, 16 P
gc 1189 @6.243s 4%: 0.13+0.58+0.16 ms clock, 2.0+0.65/0.95/0+2.6 ms cpu, 4->4->2 MB, 4 MB goal, 0 MB stacks, 0 MB globals, 16 P
gc 1190 @6.245s 4%: 0.10+0.71+0.097 ms clock, 1.7+0.54/0.93/0+1.5 ms cpu, 3->4->2 MB, 4 MB goal, 0 MB stacks, 0 MB globals, 16 P
gc 1191 @6.247s 4%: 0.13+0.53+0.19 ms clock, 2.2+0.58/0.96/0.001+3.0 ms cpu, 4->4->2 MB, 4 MB goal, 0 MB stacks, 0 MB globals, 16 P
gc 1192 @6.249s 4%: 0.18+0.67+0.15 ms clock, 3.0+0.57/0.85/0+2.4 ms cpu, 3->4->2 MB, 4 MB goal, 0 MB stacks, 0 MB globals, 16 P
gc 1193 @6.250s 4%: 0.14+0.68+0.10 ms clock, 2.2+0.67/1.0/0+1.6 ms cpu, 4->5->2 MB, 4 MB goal, 0 MB stacks, 0 MB globals, 16 P
gc 1194 @6.252s 4%: 0.11+0.92+0.10 ms clock, 1.8+0.64/0.97/0.025+1.6 ms cpu, 4->5->2 MB, 5 MB goal, 0 MB stacks, 0 MB globals, 16 P
gc 1195 @6.254s 4%: 0.10+0.82+0.21 ms clock, 1.6+0.61/1.0/0.020+3.4 ms cpu, 4->5->2 MB, 5 MB goal, 0 MB stacks, 0 MB globals, 16 P
gc 1196 @6.256s 4%: 0.11+0.66+0.12 ms clock, 1.8+0.72/1.1/0+2.0 ms cpu, 4->5->2 MB, 5 MB goal, 0 MB stacks, 0 MB globals, 16 P
gc 1197 @6.258s 4%: 0.10+0.76+0.15 ms clock, 1.7+0.47/1.1/0+2.5 ms cpu, 4->5->2 MB, 4 MB goal, 0 MB stacks, 0 MB globals, 16 P
gc 1198 @6.260s 4%: 0.15+0.59+0.18 ms clock, 2.4+0.69/1.0/0+2.9 ms cpu, 4->4->2 MB, 4 MB goal, 0 MB stacks, 0 MB globals, 16 P
gc 1199 @6.262s 4%: 0.11+0.77+0.14 ms clock, 1.8+0.84/1.1/0+2.2 ms cpu, 4->5->2 MB, 4 MB goal, 0 MB stacks, 0 MB globals, 16 P
gc 1200 @6.264s 4%: 0.13+0.62+0.16 ms clock, 2.2+0.72/0.91/0.010+2.5 ms cpu, 4->5->2 MB, 5 MB goal, 0 MB stacks, 0 MB globals, 16 P
gc 1201 @6.266s 4%: 0.12+0.50+0.19 ms clock, 2.0+0.75/0.91/0+3.0 ms cpu, 4->4->2 MB, 4 MB goal, 0 MB stacks, 0 MB globals, 16 P
gc 1202 @6.267s 4%: 0.13+0.66+0.19 ms clock, 2.1+0.85/1.0/0+3.1 ms cpu, 4->4->2 MB, 4 MB goal, 0 MB stacks, 0 MB globals, 16 P
gc 1203 @6.269s 4%: 0.18+0.90+0.12 ms clock, 3.0+0.76/0.84/0+1.9 ms cpu, 4->5->2 MB, 4 MB goal, 0 MB stacks, 0 MB globals, 16 P
gc 1204 @6.272s 4%: 0.19+0.67+0.10 ms clock, 3.0+0.61/1.1/0.006+1.6 ms cpu, 4->5->2 MB, 5 MB goal, 0 MB stacks, 0 MB globals, 16 P
gc 1205 @6.274s 4%: 0.11+0.86+0.11 ms clock, 1.8+0.59/1.0/0+1.8 ms cpu, 4->5->2 MB, 5 MB goal, 0 MB stacks, 0 MB globals, 16 P
gc 1206 @6.276s 4%: 0.11+0.55+0.11 ms clock, 1.8+0.61/0.88/0+1.9 ms cpu, 4->5->2 MB, 5 MB goal, 0 MB stacks, 0 MB globals, 16 P
gc 1207 @6.277s 4%: 0.13+0.76+0.14 ms clock, 2.1+0.67/0.90/0+2.3 ms cpu, 3->4->2 MB, 4 MB goal, 0 MB stacks, 0 MB globals, 16 P
gc 1208 @6.280s 4%: 0.14+0.49+0.13 ms clock, 2.3+0.72/0.90/0.032+2.1 ms cpu, 4->5->2 MB, 5 MB goal, 0 MB stacks, 0 MB globals, 16 P
gc 1209 @6.281s 4%: 0.11+0.63+0.20 ms clock, 1.9+0.59/1.0/0+3.2 ms cpu, 3->4->2 MB, 4 MB goal, 0 MB stacks, 0 MB globals, 16 P
gc 1210 @6.283s 4%: 0.21+0.64+0.21 ms clock, 3.3+0.73/0.90/0+3.4 ms cpu, 4->4->2 MB, 4 MB goal, 0 MB stacks, 0 MB globals, 16 P
gc 1211 @6.285s 4%: 0.11+0.73+0.12 ms clock, 1.7+0.71/0.98/0+1.9 ms cpu, 4->5->2 MB, 5 MB goal, 0 MB stacks, 0 MB globals, 16 P
gc 1212 @6.287s 4%: 0.10+0.83+0.094 ms clock, 1.7+0.58/0.93/0+1.5 ms cpu, 4->5->2 MB, 5 MB goal, 0 MB stacks, 0 MB globals, 16 P
gc 1213 @6.289s 4%: 0.13+0.69+0.17 ms clock, 2.1+0.65/0.90/0+2.7 ms cpu, 4->5->2 MB, 5 MB goal, 0 MB stacks, 0 MB globals, 16 P
gc 1214 @6.291s 4%: 0.18+0.59+0.21 ms clock, 2.9+0.70/0.90/0+3.3 ms cpu, 4->4->2 MB, 5 MB goal, 0 MB stacks, 0 MB globals, 16 P
gc 1215 @6.292s 4%: 0.14+0.81+0.13 ms clock, 2.2+0.65/0.96/0+2.0 ms cpu, 4->4->2 MB, 4 MB goal, 0 MB stacks, 0 MB globals, 16 P
gc 1216 @6.294s 4%: 0.084+0.57+0.11 ms clock, 1.3+0.74/0.96/0+1.8 ms cpu, 4->5->2 MB, 5 MB goal, 0 MB stacks, 0 MB globals, 16 P
gc 1217 @6.296s 4%: 0.10+0.79+0.083 ms clock, 1.6+0.46/0.98/0+1.3 ms cpu, 3->4->2 MB, 4 MB goal, 0 MB stacks, 0 MB globals, 16 P
gc 1218 @6.298s 4%: 0.095+0.67+0.14 ms clock, 1.5+0.64/0.92/0+2.2 ms cpu, 4->5->2 MB, 5 MB goal, 0 MB stacks, 0 MB globals, 16 P
gc 1219 @6.300s 4%: 0.11+0.66+0.16 ms clock, 1.8+0.69/1.0/0+2.5 ms cpu, 4->5->2 MB, 4 MB goal, 0 MB stacks, 0 MB globals, 16 P
gc 1220 @6.302s 4%: 0.18+0.75+0.11 ms clock, 2.9+0.63/1.0/0+1.8 ms cpu, 4->5->2 MB, 4 MB goal, 0 MB stacks, 0 MB globals, 16 P
gc 1221 @6.304s 4%: 0.12+0.69+0.14 ms clock, 2.0+0.63/0.97/0.003+2.3 ms cpu, 4->5->2 MB, 5 MB goal, 0 MB stacks, 0 MB globals, 16 P
gc 1222 @6.305s 4%: 0.18+0.73+0.16 ms clock, 2.9+0.74/0.83/0+2.6 ms cpu, 3->4->2 MB, 4 MB goal, 0 MB stacks, 0 MB globals, 16 P
gc 1223 @6.307s 4%: 0.13+0.72+0.092 ms clock, 2.2+0.69/1.1/0+1.4 ms cpu, 4->5->2 MB, 5 MB goal, 0 MB stacks, 0 MB globals, 16 P
gc 1224 @6.309s 4%: 0.16+0.65+0.19 ms clock, 2.7+0.71/0.93/0+3.1 ms cpu, 4->5->2 MB, 4 MB goal, 0 MB stacks, 0 MB globals, 16 P
gc 1225 @6.311s 4%: 0.11+0.78+0.10 ms clock, 1.8+0.66/1.0/0.083+1.6 ms cpu, 4->5->2 MB, 5 MB goal, 0 MB stacks, 0 MB globals, 16 P
gc 1226 @6.313s 4%: 0.17+0.59+0.16 ms clock, 2.8+0.51/1.0/0+2.7 ms cpu, 4->5->2 MB, 5 MB goal, 0 MB stacks, 0 MB globals, 16 P
gc 1227 @6.315s 4%: 0.15+0.63+0.086 ms clock, 2.5+0.52/1.0/0+1.3 ms cpu, 4->4->2 MB, 4 MB goal, 0 MB stacks, 0 MB globals, 16 P
gc 1228 @6.317s 4%: 0.11+0.81+0.091 ms clock, 1.9+0.73/0.91/0+1.4 ms cpu, 4->5->2 MB, 4 MB goal, 0 MB stacks, 0 MB globals, 16 P
gc 1229 @6.319s 4%: 0.14+0.83+0.11 ms clock, 2.2+0.59/0.94/0+1.7 ms cpu, 4->5->2 MB, 5 MB goal, 0 MB stacks, 0 MB globals, 16 P
gc 1230 @6.321s 4%: 0.098+0.78+0.10 ms clock, 1.5+0.53/1.0/0+1.6 ms cpu, 4->5->2 MB, 5 MB goal, 0 MB stacks, 0 MB globals, 16 P
gc 1231 @6.323s 4%: 0.12+0.73+0.15 ms clock, 1.9+0.70/0.95/0+2.5 ms cpu, 4->5->2 MB, 5 MB goal, 0 MB stacks, 0 MB globals, 16 P
gc 1232 @6.325s 4%: 0.13+0.78+0.092 ms clock, 2.1+0.63/1.0/0+1.4 ms cpu, 4->5->2 MB, 5 MB goal, 0 MB stacks, 0 MB globals, 16 P
gc 1233 @6.327s 4%: 0.13+0.64+0.087 ms clock, 2.1+0.63/0.94/0.049+1.3 ms cpu, 4->5->2 MB, 5 MB goal, 0 MB stacks, 0 MB globals, 16 P
gc 1234 @6.329s 4%: 0.11+0.63+0.17 ms clock, 1.7+0.49/1.0/0+2.8 ms cpu, 4->4->2 MB, 4 MB goal, 0 MB stacks, 0 MB globals, 16 P
gc 1235 @6.330s 4%: 0.17+0.80+0.16 ms clock, 2.8+0.73/0.84/0+2.6 ms cpu, 3->4->2 MB, 4 MB goal, 0 MB stacks, 0 MB globals, 16 P
gc 1236 @6.332s 4%: 0.11+0.90+0.083 ms clock, 1.8+0.64/1.0/0+1.3 ms cpu, 4->5->2 MB, 5 MB goal, 0 MB stacks, 0 MB globals, 16 P
gc 1237 @6.334s 4%: 0.11+0.55+0.22 ms clock, 1.8+0.61/0.89/0+3.6 ms cpu, 4->5->2 MB, 5 MB goal, 0 MB stacks, 0 MB globals, 16 P
gc 1238 @6.336s 4%: 0.11+0.70+0.14 ms clock, 1.7+0.66/0.96/0+2.3 ms cpu, 4->4->2 MB, 4 MB goal, 0 MB stacks, 0 MB globals, 16 P
gc 1239 @6.338s 4%: 0.11+0.66+0.11 ms clock, 1.8+0.66/0.95/0+1.8 ms cpu, 3->4->2 MB, 4 MB goal, 0 MB stacks, 0 MB globals, 16 P
gc 1240 @6.340s 4%: 0.21+0.86+0.12 ms clock, 3.3+0.79/0.95/0+1.9 ms cpu, 4->5->2 MB, 4 MB goal, 0 MB stacks, 0 MB globals, 16 P
gc 1241 @6.342s 4%: 0.11+0.43+0.18 ms clock, 1.7+0.51/0.88/0.078+2.9 ms cpu, 4->5->1 MB, 5 MB goal, 0 MB stacks, 0 MB globals, 16 P
gc 1242 @6.343s 4%: 0.11+0.64+0.073 ms clock, 1.8+0.84/1.0/0+1.1 ms cpu, 3->4->2 MB, 4 MB goal, 0 MB stacks, 0 MB globals, 16 P
gc 1243 @6.345s 4%: 0.12+0.73+0.14 ms clock, 1.9+0.63/1.0/0+2.2 ms cpu, 4->5->2 MB, 4 MB goal, 0 MB stacks, 0 MB globals, 16 P
gc 1244 @6.347s 4%: 0.12+0.80+0.084 ms clock, 1.9+0.63/0.82/0+1.3 ms cpu, 4->5->2 MB, 4 MB goal, 0 MB stacks, 0 MB globals, 16 P
gc 1245 @6.349s 4%: 0.12+0.75+0.12 ms clock, 2.0+0.69/0.86/0.011+2.0 ms cpu, 4->5->2 MB, 5 MB goal, 0 MB stacks, 0 MB globals, 16 P
gc 1246 @6.351s 4%: 0.11+0.56+0.20 ms clock, 1.7+0.66/0.86/0+3.2 ms cpu, 4->5->2 MB, 5 MB goal, 0 MB stacks, 0 MB globals, 16 P
gc 1247 @6.352s 4%: 0.11+0.60+0.16 ms clock, 1.8+0.65/1.0/0.048+2.5 ms cpu, 4->4->2 MB, 4 MB goal, 0 MB stacks, 0 MB globals, 16 P
gc 1248 @6.354s 4%: 0.11+0.58+0.15 ms clock, 1.9+0.55/0.98/0.001+2.4 ms cpu, 4->4->2 MB, 4 MB goal, 0 MB stacks, 0 MB globals, 16 P
gc 1249 @6.356s 4%: 0.11+0.57+0.19 ms clock, 1.9+0.78/0.96/0+3.1 ms cpu, 3->4->2 MB, 4 MB goal, 0 MB stacks, 0 MB globals, 16 P
gc 1250 @6.357s 4%: 0.12+0.66+0.15 ms clock, 1.9+0.69/1.0/0+2.4 ms cpu, 3->4->2 MB, 4 MB goal, 0 MB stacks, 0 MB globals, 16 P
gc 1251 @6.359s 4%: 0.15+0.58+0.12 ms clock, 2.4+0.60/0.97/0+2.0 ms cpu, 4->4->2 MB, 4 MB goal, 0 MB stacks, 0 MB globals, 16 P
gc 1252 @6.361s 4%: 0.11+0.63+0.081 ms clock, 1.7+0.53/0.95/0+1.3 ms cpu, 3->4->2 MB, 4 MB goal, 0 MB stacks, 0 MB globals, 16 P
gc 1253 @6.362s 4%: 0.097+0.73+0.15 ms clock, 1.5+0.43/0.95/0.11+2.4 ms cpu, 3->4->2 MB, 4 MB goal, 0 MB stacks, 0 MB globals, 16 P
gc 1254 @6.364s 4%: 0.11+0.76+0.13 ms clock, 1.8+0.61/0.97/0+2.2 ms cpu, 4->5->2 MB, 4 MB goal, 0 MB stacks, 0 MB globals, 16 P
gc 1255 @6.366s 4%: 0.12+0.86+0.11 ms clock, 1.9+0.64/0.98/0+1.7 ms cpu, 4->5->2 MB, 5 MB goal, 0 MB stacks, 0 MB globals, 16 P
gc 1256 @6.368s 4%: 0.097+0.63+0.12 ms clock, 1.5+0.63/0.95/0+1.9 ms cpu, 4->5->2 MB, 5 MB goal, 0 MB stacks, 0 MB globals, 16 P
gc 1257 @6.370s 4%: 0.12+0.59+0.13 ms clock, 1.9+0.53/1.0/0+2.2 ms cpu, 3->4->2 MB, 4 MB goal, 0 MB stacks, 0 MB globals, 16 P
gc 1258 @6.372s 4%: 0.11+0.49+0.18 ms clock, 1.8+0.58/0.93/0.002+2.8 ms cpu, 4->4->2 MB, 4 MB goal, 0 MB stacks, 0 MB globals, 16 P
gc 1259 @6.373s 4%: 0.16+0.63+0.15 ms clock, 2.6+0.62/0.80/0.006+2.4 ms cpu, 3->4->2 MB, 4 MB goal, 0 MB stacks, 0 MB globals, 16 P
gc 1260 @6.375s 4%: 0.10+0.61+0.14 ms clock, 1.7+0.55/0.97/0.035+2.2 ms cpu, 4->4->2 MB, 4 MB goal, 0 MB stacks, 0 MB globals, 16 P
gc 1261 @6.377s 4%: 0.095+0.74+0.10 ms clock, 1.5+0.69/1.0/0.051+1.6 ms cpu, 3->4->2 MB, 4 MB goal, 0 MB stacks, 0 MB globals, 16 P
gc 1262 @6.378s 4%: 0.11+0.97+0.11 ms clock, 1.8+0.74/0.95/0.030+1.8 ms cpu, 4->5->2 MB, 4 MB goal, 0 MB stacks, 0 MB globals, 16 P
gc 1263 @6.381s 4%: 0.20+0.86+0.11 ms clock, 3.2+0.53/0.92/0.095+1.8 ms cpu, 4->5->2 MB, 5 MB goal, 0 MB stacks, 0 MB globals, 16 P
gc 1264 @6.383s 4%: 0.18+0.58+0.14 ms clock, 2.9+0.76/1.1/0+2.3 ms cpu, 4->4->2 MB, 4 MB goal, 0 MB stacks, 0 MB globals, 16 P
gc 1265 @6.384s 4%: 0.19+0.59+0.13 ms clock, 3.1+0.69/1.0/0+2.1 ms cpu, 4->4->2 MB, 4 MB goal, 0 MB stacks, 0 MB globals, 16 P
gc 1266 @6.386s 4%: 0.13+0.77+0.19 ms clock, 2.2+0.59/1.0/0.012+3.1 ms cpu, 4->4->2 MB, 4 MB goal, 0 MB stacks, 0 MB globals, 16 P
gc 1267 @6.388s 4%: 0.19+0.68+0.10 ms clock, 3.1+0.51/0.96/0+1.6 ms cpu, 4->5->2 MB, 4 MB goal, 0 MB stacks, 0 MB globals, 16 P
gc 1268 @6.390s 4%: 0.11+0.63+0.12 ms clock, 1.8+0.58/0.94/0+1.9 ms cpu, 4->5->2 MB, 5 MB goal, 0 MB stacks, 0 MB globals, 16 P
gc 1269 @6.392s 4%: 0.17+0.65+0.10 ms clock, 2.8+0.74/0.86/0+1.6 ms cpu, 4->4->2 MB, 4 MB goal, 0 MB stacks, 0 MB globals, 16 P
gc 1270 @6.394s 4%: 0.14+0.58+0.19 ms clock, 2.3+0.59/1.1/0+3.1 ms cpu, 4->5->2 MB, 5 MB goal, 0 MB stacks, 0 MB globals, 16 P
gc 1271 @6.395s 4%: 0.14+0.61+0.13 ms clock, 2.2+0.68/1.0/0.044+2.1 ms cpu, 4->4->2 MB, 4 MB goal, 0 MB stacks, 0 MB globals, 16 P
gc 1272 @6.397s 4%: 0.20+0.69+0.14 ms clock, 3.3+0.75/0.99/0+2.3 ms cpu, 3->4->2 MB, 4 MB goal, 0 MB stacks, 0 MB globals, 16 P
gc 1273 @6.399s 4%: 0.12+0.61+0.16 ms clock, 2.0+0.55/1.0/0+2.6 ms cpu, 4->5->2 MB, 5 MB goal, 0 MB stacks, 0 MB globals, 16 P
gc 1274 @6.401s 4%: 0.11+0.82+0.092 ms clock, 1.8+0.62/0.95/0+1.4 ms cpu, 3->4->2 MB, 4 MB goal, 0 MB stacks, 0 MB globals, 16 P
gc 1275 @6.403s 4%: 0.16+0.72+0.14 ms clock, 2.6+0.58/0.96/0+2.2 ms cpu, 4->5->2 MB, 5 MB goal, 0 MB stacks, 0 MB globals, 16 P
gc 1276 @6.405s 4%: 0.13+0.64+0.16 ms clock, 2.1+0.65/0.93/0.035+2.5 ms cpu, 4->4->2 MB, 4 MB goal, 0 MB stacks, 0 MB globals, 16 P
gc 1277 @6.406s 4%: 0.14+0.50+0.19 ms clock, 2.3+0.66/0.89/0+3.1 ms cpu, 4->4->1 MB, 4 MB goal, 0 MB stacks, 0 MB globals, 16 P
gc 1278 @6.408s 4%: 0.14+0.61+0.12 ms clock, 2.2+0.75/0.85/0+2.0 ms cpu, 3->4->2 MB, 4 MB goal, 0 MB stacks, 0 MB globals, 16 P
gc 1279 @6.410s 4%: 0.11+0.67+0.10 ms clock, 1.8+0.49/0.92/0.057+1.6 ms cpu, 4->5->2 MB, 5 MB goal, 0 MB stacks, 0 MB globals, 16 P
gc 1280 @6.411s 4%: 0.11+0.90+0.079 ms clock, 1.9+0.56/1.1/0.033+1.2 ms cpu, 4->5->2 MB, 4 MB goal, 0 MB stacks, 0 MB globals, 16 P
gc 1281 @6.414s 4%: 0.16+0.57+0.13 ms clock, 2.6+0.67/0.91/0+2.0 ms cpu, 4->5->2 MB, 5 MB goal, 0 MB stacks, 0 MB globals, 16 P
gc 1282 @6.416s 4%: 0.095+0.63+0.11 ms clock, 1.5+0.60/0.93/0+1.8 ms cpu, 4->5->2 MB, 4 MB goal, 0 MB stacks, 0 MB globals, 16 P
gc 1283 @6.417s 4%: 0.12+0.78+0.045 ms clock, 2.0+0.63/0.88/0+0.72 ms cpu, 4->5->2 MB, 4 MB goal, 0 MB stacks, 0 MB globals, 16 P
gc 1284 @6.419s 4%: 0.16+0.71+0.12 ms clock, 2.7+0.75/0.93/0+2.0 ms cpu, 4->5->2 MB, 4 MB goal, 0 MB stacks, 0 MB globals, 16 P
gc 1285 @6.421s 4%: 0.15+0.53+0.11 ms clock, 2.4+0.62/0.87/0+1.7 ms cpu, 4->5->2 MB, 5 MB goal, 0 MB stacks, 0 MB globals, 16 P
gc 1286 @6.423s 4%: 0.19+0.86+0.10 ms clock, 3.1+0.61/1.0/0+1.7 ms cpu, 3->5->2 MB, 4 MB goal, 0 MB stacks, 0 MB globals, 16 P
gc 1287 @6.425s 4%: 0.12+0.76+0.081 ms clock, 2.0+0.69/1.0/0+1.3 ms cpu, 4->5->2 MB, 5 MB goal, 0 MB stacks, 0 MB globals, 16 P
gc 1288 @6.427s 4%: 0.10+0.60+0.14 ms clock, 1.7+0.74/0.82/0+2.3 ms cpu, 4->4->2 MB, 5 MB goal, 0 MB stacks, 0 MB globals, 16 P
gc 1289 @6.429s 4%: 0.13+0.67+0.20 ms clock, 2.1+0.60/0.85/0+3.2 ms cpu, 3->4->2 MB, 4 MB goal, 0 MB stacks, 0 MB globals, 16 P
gc 1290 @6.430s 4%: 0.12+0.52+0.12 ms clock, 1.9+0.74/0.94/0+2.0 ms cpu, 4->4->2 MB, 5 MB goal, 0 MB stacks, 0 MB globals, 16 P
gc 1291 @6.432s 4%: 0.11+0.71+0.075 ms clock, 1.8+0.54/0.81/0+1.2 ms cpu, 3->4->2 MB, 4 MB goal, 0 MB stacks, 0 MB globals, 16 P
gc 1292 @6.434s 4%: 0.10+0.63+0.18 ms clock, 1.7+0.59/1.0/0+3.0 ms cpu, 4->4->2 MB, 4 MB goal, 0 MB stacks, 0 MB globals, 16 P
gc 1293 @6.436s 4%: 0.12+0.70+0.11 ms clock, 2.0+0.54/1.0/0+1.9 ms cpu, 4->4->2 MB, 4 MB goal, 0 MB stacks, 0 MB globals, 16 P
gc 1294 @6.437s 4%: 0.14+0.63+0.13 ms clock, 2.3+0.82/0.78/0.009+2.2 ms cpu, 4->5->2 MB, 4 MB goal, 0 MB stacks, 0 MB globals, 16 P
gc 1295 @6.439s 4%: 0.15+0.65+0.19 ms clock, 2.4+0.65/0.85/0.042+3.1 ms cpu, 4->4->2 MB, 5 MB goal, 0 MB stacks, 0 MB globals, 16 P
gc 1296 @6.441s 4%: 0.11+0.78+0.074 ms clock, 1.8+0.58/1.0/0.014+1.1 ms cpu, 3->4->2 MB, 4 MB goal, 0 MB stacks, 0 MB globals, 16 P
gc 1297 @6.443s 4%: 0.096+0.88+0.11 ms clock, 1.5+0.36/0.97/0.092+1.7 ms cpu, 4->5->2 MB, 5 MB goal, 0 MB stacks, 0 MB globals, 16 P
gc 1298 @6.445s 4%: 0.11+0.58+0.16 ms clock, 1.8+0.49/1.0/0+2.6 ms cpu, 4->5->2 MB, 4 MB goal, 0 MB stacks, 0 MB globals, 16 P
gc 1299 @6.447s 4%: 0.14+0.58+0.16 ms clock, 2.3+0.60/0.87/0.002+2.6 ms cpu, 4->4->2 MB, 4 MB goal, 0 MB stacks, 0 MB globals, 16 P
gc 1300 @6.448s 4%: 0.20+0.72+0.095 ms clock, 3.2+0.65/0.95/0.010+1.5 ms cpu, 4->4->2 MB, 4 MB goal, 0 MB stacks, 0 MB globals, 16 P
gc 1301 @6.450s 4%: 0.13+0.64+0.13 ms clock, 2.0+0.52/0.99/0.025+2.1 ms cpu, 4->5->2 MB, 5 MB goal, 0 MB stacks, 0 MB globals, 16 P
gc 1302 @6.452s 4%: 0.20+0.71+0.17 ms clock, 3.2+0.86/0.89/0+2.7 ms cpu, 4->5->2 MB, 4 MB goal, 0 MB stacks, 0 MB globals, 16 P
gc 1303 @6.454s 4%: 0.13+0.72+0.11 ms clock, 2.1+0.57/1.0/0.012+1.8 ms cpu, 4->5->2 MB, 5 MB goal, 0 MB stacks, 0 MB globals, 16 P
gc 1304 @6.456s 4%: 0.11+0.57+0.16 ms clock, 1.8+0.89/0.94/0+2.6 ms cpu, 4->5->2 MB, 5 MB goal, 0 MB stacks, 0 MB globals, 16 P
gc 1305 @6.458s 4%: 0.18+0.61+0.14 ms clock, 2.8+0.73/0.89/0+2.2 ms cpu, 4->4->2 MB, 4 MB goal, 0 MB stacks, 0 MB globals, 16 P
gc 1306 @6.459s 4%: 0.16+0.64+0.15 ms clock, 2.6+0.63/1.0/0+2.5 ms cpu, 4->4->2 MB, 4 MB goal, 0 MB stacks, 0 MB globals, 16 P
gc 1307 @6.461s 4%: 0.11+0.58+0.17 ms clock, 1.8+0.79/0.94/0+2.7 ms cpu, 4->4->2 MB, 4 MB goal, 0 MB stacks, 0 MB globals, 16 P
gc 1308 @6.463s 4%: 0.11+0.67+0.14 ms clock, 1.9+0.61/0.98/0+2.2 ms cpu, 3->4->2 MB, 4 MB goal, 0 MB stacks, 0 MB globals, 16 P
gc 1309 @6.465s 4%: 0.12+0.60+0.16 ms clock, 1.9+0.67/1.1/0.005+2.6 ms cpu, 4->5->2 MB, 4 MB goal, 0 MB stacks, 0 MB globals, 16 P
gc 1310 @6.467s 4%: 0.11+0.68+0.14 ms clock, 1.8+0.48/0.96/0+2.2 ms cpu, 4->5->2 MB, 4 MB goal, 0 MB stacks, 0 MB globals, 16 P
gc 1311 @6.469s 4%: 0.11+0.57+0.14 ms clock, 1.8+0.68/0.94/0.027+2.2 ms cpu, 4->4->2 MB, 4 MB goal, 0 MB stacks, 0 MB globals, 16 P
gc 1312 @6.470s 4%: 0.19+0.67+0.11 ms clock, 3.1+0.65/0.89/0+1.8 ms cpu, 3->4->2 MB, 4 MB goal, 0 MB stacks, 0 MB globals, 16 P
gc 1313 @6.472s 5%: 0.13+0.90+0.18 ms clock, 2.2+0.58/1.0/0.009+2.9 ms cpu, 4->5->2 MB, 4 MB goal, 0 MB stacks, 0 MB globals, 16 P
gc 1314 @6.474s 5%: 0.11+0.47+0.13 ms clock, 1.8+0.77/0.89/0+2.0 ms cpu, 4->5->2 MB, 5 MB goal, 0 MB stacks, 0 MB globals, 16 P
gc 1315 @6.476s 5%: 0.16+0.82+0.13 ms clock, 2.6+0.64/0.92/0.035+2.0 ms cpu, 4->5->2 MB, 4 MB goal, 0 MB stacks, 0 MB globals, 16 P
gc 1316 @6.478s 5%: 0.13+0.51+0.21 ms clock, 2.1+0.68/0.93/0+3.3 ms cpu, 4->5->2 MB, 5 MB goal, 0 MB stacks, 0 MB globals, 16 P
gc 1317 @6.480s 5%: 0.12+0.75+0.13 ms clock, 2.0+0.57/1.1/0+2.2 ms cpu, 3->4->2 MB, 4 MB goal, 0 MB stacks, 0 MB globals, 16 P
gc 1318 @6.482s 5%: 0.12+0.79+0.10 ms clock, 2.0+0.71/0.93/0+1.6 ms cpu, 4->5->2 MB, 5 MB goal, 0 MB stacks, 0 MB globals, 16 P
gc 1319 @6.484s 5%: 0.11+0.63+0.12 ms clock, 1.8+0.68/1.0/0+1.9 ms cpu, 4->5->2 MB, 5 MB goal, 0 MB stacks, 0 MB globals, 16 P
gc 1320 @6.485s 5%: 0.11+0.53+0.17 ms clock, 1.8+0.72/0.80/0.064+2.7 ms cpu, 4->4->2 MB, 5 MB goal, 0 MB stacks, 0 MB globals, 16 P
gc 1321 @6.487s 5%: 0.11+0.69+0.15 ms clock, 1.8+0.60/1.0/0+2.5 ms cpu, 3->4->2 MB, 4 MB goal, 0 MB stacks, 0 MB globals, 16 P
gc 1322 @6.489s 5%: 0.10+0.56+0.19 ms clock, 1.6+0.52/1.0/0+3.1 ms cpu, 4->4->2 MB, 4 MB goal, 0 MB stacks, 0 MB globals, 16 P
gc 1323 @6.491s 5%: 0.18+0.69+0.14 ms clock, 3.0+0.66/0.88/0+2.3 ms cpu, 3->4->2 MB, 4 MB goal, 0 MB stacks, 0 MB globals, 16 P
gc 1324 @6.492s 5%: 0.11+0.58+0.15 ms clock, 1.9+0.81/0.84/0.001+2.4 ms cpu, 4->4->2 MB, 5 MB goal, 0 MB stacks, 0 MB globals, 16 P
gc 1325 @6.494s 5%: 0.17+0.58+0.18 ms clock, 2.7+0.63/0.85/0+3.0 ms cpu, 4->4->2 MB, 4 MB goal, 0 MB stacks, 0 MB globals, 16 P
gc 1326 @6.496s 5%: 0.13+0.78+0.085 ms clock, 2.2+0.68/1.0/0+1.3 ms cpu, 4->5->2 MB, 4 MB goal, 0 MB stacks, 0 MB globals, 16 P
gc 1327 @6.498s 5%: 0.093+0.77+0.10 ms clock, 1.5+0.43/1.1/0+1.6 ms cpu, 4->5->2 MB, 5 MB goal, 0 MB stacks, 0 MB globals, 16 P
gc 1328 @6.500s 5%: 0.12+0.96+0.097 ms clock, 1.9+0.74/1.0/0+1.5 ms cpu, 4->5->2 MB, 4 MB goal, 0 MB stacks, 0 MB globals, 16 P
gc 1329 @6.502s 5%: 0.24+0.90+0.097 ms clock, 3.8+0.78/0.98/0+1.5 ms cpu, 4->5->2 MB, 5 MB goal, 0 MB stacks, 0 MB globals, 16 P
gc 1330 @6.504s 5%: 0.10+1.0+0.11 ms clock, 1.6+0.59/1.2/0+1.8 ms cpu, 4->5->2 MB, 5 MB goal, 0 MB stacks, 0 MB globals, 16 P
gc 1331 @6.507s 5%: 0.16+0.92+0.13 ms clock, 2.5+0.68/0.93/0+2.2 ms cpu, 4->5->2 MB, 5 MB goal, 0 MB stacks, 0 MB globals, 16 P
gc 1332 @6.509s 5%: 0.14+0.76+0.14 ms clock, 2.2+0.81/0.97/0+2.3 ms cpu, 4->5->2 MB, 5 MB goal, 0 MB stacks, 0 MB globals, 16 P
gc 1333 @6.511s 5%: 0.19+0.63+0.19 ms clock, 3.1+0.73/1.0/0+3.1 ms cpu, 4->5->2 MB, 5 MB goal, 0 MB stacks, 0 MB globals, 16 P
gc 1334 @6.513s 5%: 0.11+0.54+0.12 ms clock, 1.8+0.68/1.0/0+1.9 ms cpu, 4->4->2 MB, 4 MB goal, 0 MB stacks, 0 MB globals, 16 P
gc 1335 @6.514s 5%: 0.14+0.67+0.18 ms clock, 2.3+0.75/1.1/0+2.9 ms cpu, 3->4->2 MB, 4 MB goal, 0 MB stacks, 0 MB globals, 16 P
gc 1336 @6.516s 5%: 0.098+0.73+0.11 ms clock, 1.5+0.57/0.91/0+1.7 ms cpu, 4->5->2 MB, 5 MB goal, 0 MB stacks, 0 MB globals, 16 P
gc 1337 @6.518s 5%: 0.12+0.59+0.17 ms clock, 1.9+0.46/0.78/0.084+2.8 ms cpu, 4->4->2 MB, 4 MB goal, 0 MB stacks, 0 MB globals, 16 P
gc 1338 @6.520s 5%: 0.11+0.55+0.19 ms clock, 1.8+0.47/1.0/0+3.0 ms cpu, 4->4->2 MB, 4 MB goal, 0 MB stacks, 0 MB globals, 16 P
gc 1339 @6.521s 5%: 0.12+0.62+0.16 ms clock, 1.9+0.54/0.99/0+2.5 ms cpu, 4->4->2 MB, 4 MB goal, 0 MB stacks, 0 MB globals, 16 P
gc 1340 @6.523s 5%: 0.12+0.50+0.14 ms clock, 2.0+0.52/0.96/0+2.3 ms cpu, 4->4->2 MB, 4 MB goal, 0 MB stacks, 0 MB globals, 16 P
gc 1341 @6.525s 5%: 0.12+0.53+0.11 ms clock, 1.9+0.59/0.94/0+1.8 ms cpu, 3->4->2 MB, 4 MB goal, 0 MB stacks, 0 MB globals, 16 P
gc 1342 @6.526s 5%: 0.10+0.63+0.14 ms clock, 1.6+0.71/0.90/0+2.2 ms cpu, 4->4->2 MB, 4 MB goal, 0 MB stacks, 0 MB globals, 16 P
gc 1343 @6.528s 5%: 0.099+0.72+0.12 ms clock, 1.5+0.74/1.0/0+1.9 ms cpu, 3->4->2 MB, 4 MB goal, 0 MB stacks, 0 MB globals, 16 P
gc 1344 @6.530s 5%: 0.19+0.77+0.085 ms clock, 3.1+0.71/1.0/0+1.3 ms cpu, 4->5->2 MB, 4 MB goal, 0 MB stacks, 0 MB globals, 16 P
gc 1345 @6.532s 5%: 0.13+0.69+0.12 ms clock, 2.1+0.66/0.98/0.064+2.0 ms cpu, 4->5->2 MB, 5 MB goal, 0 MB stacks, 0 MB globals, 16 P
gc 1346 @6.534s 5%: 0.13+0.78+0.14 ms clock, 2.2+0.73/0.92/0+2.3 ms cpu, 4->5->2 MB, 4 MB goal, 0 MB stacks, 0 MB globals, 16 P
gc 1347 @6.536s 5%: 0.12+0.46+0.10 ms clock, 1.9+0.63/0.88/0+1.6 ms cpu, 4->4->1 MB, 5 MB goal, 0 MB stacks, 0 MB globals, 16 P
gc 1348 @6.537s 5%: 0.20+0.63+0.14 ms clock, 3.2+0.62/0.83/0+2.2 ms cpu, 3->4->2 MB, 4 MB goal, 0 MB stacks, 0 MB globals, 16 P
gc 1349 @6.539s 5%: 0.15+0.83+0.094 ms clock, 2.4+0.72/0.96/0+1.5 ms cpu, 4->5->2 MB, 5 MB goal, 0 MB stacks, 0 MB globals, 16 P
gc 1350 @6.541s 5%: 0.13+0.71+0.098 ms clock, 2.0+0.59/0.96/0+1.5 ms cpu, 4->5->2 MB, 5 MB goal, 0 MB stacks, 0 MB globals, 16 P
gc 1351 @6.543s 5%: 0.14+0.84+0.12 ms clock, 2.3+0.77/0.78/0+1.9 ms cpu, 4->5->2 MB, 4 MB goal, 0 MB stacks, 0 MB globals, 16 P
gc 1352 @6.545s 5%: 0.12+0.74+0.090 ms clock, 2.0+0.61/0.96/0+1.4 ms cpu, 4->5->2 MB, 5 MB goal, 0 MB stacks, 0 MB globals, 16 P
gc 1353 @6.547s 5%: 0.11+0.78+0.080 ms clock, 1.7+0.59/0.96/0+1.2 ms cpu, 4->5->2 MB, 5 MB goal, 0 MB stacks, 0 MB globals, 16 P
gc 1354 @6.549s 5%: 0.14+0.56+0.15 ms clock, 2.3+0.65/1.0/0.003+2.4 ms cpu, 4->5->2 MB, 5 MB goal, 0 MB stacks, 0 MB globals, 16 P
gc 1355 @6.550s 5%: 0.11+0.63+0.063 ms clock, 1.7+0.61/0.79/0+1.0 ms cpu, 3->4->2 MB, 4 MB goal, 0 MB stacks, 0 MB globals, 16 P
gc 1356 @6.552s 5%: 0.14+0.62+0.061 ms clock, 2.3+0.60/0.92/0+0.98 ms cpu, 4->4->2 MB, 4 MB goal, 0 MB stacks, 0 MB globals, 16 P
gc 1357 @6.554s 5%: 0.11+0.69+0.19 ms clock, 1.9+0.58/0.93/0+3.1 ms cpu, 3->4->2 MB, 4 MB goal, 0 MB stacks, 0 MB globals, 16 P
gc 1358 @6.556s 5%: 0.14+0.70+0.094 ms clock, 2.2+0.66/0.84/0+1.5 ms cpu, 4->4->2 MB, 4 MB goal, 0 MB stacks, 0 MB globals, 16 P
gc 1359 @6.557s 5%: 0.092+0.66+0.16 ms clock, 1.4+0.60/1.0/0+2.6 ms cpu, 4->4->2 MB, 4 MB goal, 0 MB stacks, 0 MB globals, 16 P
gc 1360 @6.559s 5%: 0.15+0.76+0.16 ms clock, 2.4+0.56/1.0/0.034+2.6 ms cpu, 3->4->2 MB, 4 MB goal, 0 MB stacks, 0 MB globals, 16 P
gc 1361 @6.561s 5%: 0.11+0.52+0.14 ms clock, 1.8+0.55/1.0/0+2.2 ms cpu, 4->5->2 MB, 5 MB goal, 0 MB stacks, 0 MB globals, 16 P
gc 1362 @6.563s 5%: 0.19+0.57+0.12 ms clock, 3.1+0.68/1.0/0+1.9 ms cpu, 3->4->2 MB, 4 MB goal, 0 MB stacks, 0 MB globals, 16 P
gc 1363 @6.564s 5%: 0.12+0.80+0.080 ms clock, 1.9+0.63/0.97/0+1.2 ms cpu, 4->5->2 MB, 4 MB goal, 0 MB stacks, 0 MB globals, 16 P
gc 1364 @6.566s 5%: 0.13+0.81+0.11 ms clock, 2.1+0.58/1.0/0+1.7 ms cpu, 4->5->2 MB, 5 MB goal, 0 MB stacks, 0 MB globals, 16 P
gc 1365 @6.568s 5%: 0.11+0.85+0.068 ms clock, 1.7+0.50/1.3/0+1.0 ms cpu, 4->5->2 MB, 5 MB goal, 0 MB stacks, 0 MB globals, 16 P
gc 1366 @6.570s 5%: 0.099+0.81+0.067 ms clock, 1.5+0.73/0.85/0.011+1.0 ms cpu, 4->5->2 MB, 5 MB goal, 0 MB stacks, 0 MB globals, 16 P
gc 1367 @6.572s 5%: 0.10+0.62+0.15 ms clock, 1.6+0.57/0.89/0.015+2.4 ms cpu, 4->4->2 MB, 4 MB goal, 0 MB stacks, 0 MB globals, 16 P
gc 1368 @6.574s 5%: 0.12+0.63+0.18 ms clock, 2.0+0.67/0.92/0+2.9 ms cpu, 3->4->2 MB, 4 MB goal, 0 MB stacks, 0 MB globals, 16 P
gc 1369 @6.575s 5%: 0.12+0.51+0.13 ms clock, 1.9+0.73/0.87/0.004+2.1 ms cpu, 3->4->2 MB, 4 MB goal, 0 MB stacks, 0 MB globals, 16 P
gc 1370 @6.577s 5%: 0.15+0.59+0.15 ms clock, 2.5+0.56/0.99/0+2.4 ms cpu, 3->4->2 MB, 4 MB goal, 0 MB stacks, 0 MB globals, 16 P
gc 1371 @6.579s 5%: 0.10+0.64+0.21 ms clock, 1.6+0.44/1.0/0.046+3.4 ms cpu, 4->4->2 MB, 4 MB goal, 0 MB stacks, 0 MB globals, 16 P
gc 1372 @6.580s 5%: 0.13+0.58+0.17 ms clock, 2.2+0.74/0.88/0+2.7 ms cpu, 3->4->2 MB, 4 MB goal, 0 MB stacks, 0 MB globals, 16 P
gc 1373 @6.582s 5%: 0.14+0.60+0.10 ms clock, 2.2+0.70/1.0/0+1.6 ms cpu, 4->4->2 MB, 4 MB goal, 0 MB stacks, 0 MB globals, 16 P
gc 1374 @6.584s 5%: 0.11+0.65+0.13 ms clock, 1.7+0.50/1.0/0.028+2.1 ms cpu, 3->4->2 MB, 4 MB goal, 0 MB stacks, 0 MB globals, 16 P
gc 1375 @6.585s 5%: 0.095+0.87+0.10 ms clock, 1.5+0.57/0.96/0.050+1.6 ms cpu, 4->5->2 MB, 4 MB goal, 0 MB stacks, 0 MB globals, 16 P
gc 1376 @6.587s 5%: 0.11+0.60+0.15 ms clock, 1.8+0.75/0.92/0+2.5 ms cpu, 4->5->2 MB, 5 MB goal, 0 MB stacks, 0 MB globals, 16 P
gc 1377 @6.589s 5%: 0.14+0.67+0.12 ms clock, 2.2+0.56/0.99/0+1.9 ms cpu, 4->5->2 MB, 4 MB goal, 0 MB stacks, 0 MB globals, 16 P
gc 1378 @6.591s 5%: 0.15+0.57+0.097 ms clock, 2.5+0.44/0.99/0+1.5 ms cpu, 4->5->2 MB, 5 MB goal, 0 MB stacks, 0 MB globals, 16 P
gc 1379 @6.593s 5%: 0.13+0.70+0.18 ms clock, 2.0+0.57/0.98/0+2.9 ms cpu, 3->4->2 MB, 4 MB goal, 0 MB stacks, 0 MB globals, 16 P
gc 1380 @6.595s 5%: 0.13+0.61+0.11 ms clock, 2.2+0.65/0.86/0+1.9 ms cpu, 4->5->2 MB, 5 MB goal, 0 MB stacks, 0 MB globals, 16 P
gc 1381 @6.596s 5%: 0.11+0.72+0.13 ms clock, 1.8+0.72/0.80/0+2.1 ms cpu, 4->4->2 MB, 4 MB goal, 0 MB stacks, 0 MB globals, 16 P
gc 1382 @6.598s 5%: 0.14+0.89+0.17 ms clock, 2.2+0.57/0.99/0.022+2.8 ms cpu, 4->5->2 MB, 4 MB goal, 0 MB stacks, 0 MB globals, 16 P
gc 1383 @6.600s 5%: 0.11+0.63+0.15 ms clock, 1.7+0.60/1.0/0+2.5 ms cpu, 4->5->2 MB, 5 MB goal, 0 MB stacks, 0 MB globals, 16 P
gc 1384 @6.602s 5%: 0.15+0.76+0.20 ms clock, 2.4+0.69/0.92/0+3.3 ms cpu, 4->5->2 MB, 4 MB goal, 0 MB stacks, 0 MB globals, 16 P
gc 1385 @6.604s 5%: 0.14+0.88+0.11 ms clock, 2.3+0.73/1.0/0+1.7 ms cpu, 4->5->2 MB, 5 MB goal, 0 MB stacks, 0 MB globals, 16 P
gc 1386 @6.606s 5%: 0.16+0.63+0.18 ms clock, 2.6+0.56/0.95/0+2.9 ms cpu, 4->5->2 MB, 5 MB goal, 0 MB stacks, 0 MB globals, 16 P
gc 1387 @6.608s 5%: 0.16+0.74+0.14 ms clock, 2.6+0.63/1.1/0+2.3 ms cpu, 4->5->2 MB, 4 MB goal, 0 MB stacks, 0 MB globals, 16 P
gc 1388 @6.610s 5%: 0.092+0.68+0.17 ms clock, 1.4+0.54/0.96/0.004+2.7 ms cpu, 4->5->2 MB, 5 MB goal, 0 MB stacks, 0 MB globals, 16 P
gc 1389 @6.612s 5%: 0.12+0.56+0.14 ms clock, 2.0+0.70/0.90/0+2.2 ms cpu, 4->4->2 MB, 4 MB goal, 0 MB stacks, 0 MB globals, 16 P
gc 1390 @6.614s 5%: 0.13+0.55+0.15 ms clock, 2.1+0.61/0.95/0.031+2.4 ms cpu, 3->4->2 MB, 4 MB goal, 0 MB stacks, 0 MB globals, 16 P
gc 1391 @6.615s 5%: 0.18+0.64+0.10 ms clock, 2.9+0.90/0.82/0+1.7 ms cpu, 4->4->2 MB, 4 MB goal, 0 MB stacks, 0 MB globals, 16 P
gc 1392 @6.617s 5%: 0.16+0.75+0.064 ms clock, 2.5+0.80/1.0/0+1.0 ms cpu, 4->4->2 MB, 4 MB goal, 0 MB stacks, 0 MB globals, 16 P
gc 1393 @6.619s 5%: 0.13+0.61+0.12 ms clock, 2.0+0.65/0.97/0+2.0 ms cpu, 4->5->2 MB, 5 MB goal, 0 MB stacks, 0 MB globals, 16 P
gc 1394 @6.621s 5%: 0.11+0.81+0.18 ms clock, 1.8+0.63/1.0/0+2.9 ms cpu, 4->5->2 MB, 4 MB goal, 0 MB stacks, 0 MB globals, 16 P
gc 1395 @6.623s 5%: 0.13+0.89+0.10 ms clock, 2.1+0.54/1.0/0.12+1.6 ms cpu, 4->5->2 MB, 5 MB goal, 0 MB stacks, 0 MB globals, 16 P
gc 1396 @6.625s 5%: 0.11+0.73+0.12 ms clock, 1.8+0.56/0.90/0+1.9 ms cpu, 4->5->2 MB, 5 MB goal, 0 MB stacks, 0 MB globals, 16 P
gc 1397 @6.627s 5%: 0.15+0.52+0.19 ms clock, 2.4+0.58/0.94/0+3.1 ms cpu, 4->4->2 MB, 5 MB goal, 0 MB stacks, 0 MB globals, 16 P
gc 1398 @6.628s 5%: 0.11+0.59+0.13 ms clock, 1.8+0.73/0.86/0+2.1 ms cpu, 3->4->2 MB, 4 MB goal, 0 MB stacks, 0 MB globals, 16 P
gc 1399 @6.630s 5%: 0.11+0.79+0.098 ms clock, 1.8+0.60/1.0/0+1.5 ms cpu, 4->4->2 MB, 4 MB goal, 0 MB stacks, 0 MB globals, 16 P
gc 1400 @6.632s 5%: 0.094+0.60+0.17 ms clock, 1.5+0.59/0.87/0+2.7 ms cpu, 4->5->2 MB, 5 MB goal, 0 MB stacks, 0 MB globals, 16 P
gc 1401 @6.634s 5%: 0.12+0.65+0.12 ms clock, 1.9+0.55/1.0/0+1.9 ms cpu, 3->4->2 MB, 4 MB goal, 0 MB stacks, 0 MB globals, 16 P
gc 1402 @6.636s 5%: 0.13+0.55+0.18 ms clock, 2.1+0.47/1.0/0+2.9 ms cpu, 4->4->2 MB, 5 MB goal, 0 MB stacks, 0 MB globals, 16 P
gc 1403 @6.637s 5%: 0.089+0.62+0.063 ms clock, 1.4+0.55/1.1/0+1.0 ms cpu, 3->4->2 MB, 4 MB goal, 0 MB stacks, 0 MB globals, 16 P
gc 1404 @6.639s 5%: 0.11+0.72+0.11 ms clock, 1.8+0.65/0.89/0+1.8 ms cpu, 3->4->2 MB, 4 MB goal, 0 MB stacks, 0 MB globals, 16 P
gc 1405 @6.641s 5%: 0.14+0.57+0.15 ms clock, 2.3+0.71/0.90/0+2.5 ms cpu, 4->4->2 MB, 4 MB goal, 0 MB stacks, 0 MB globals, 16 P
gc 1406 @6.643s 5%: 0.12+0.59+0.12 ms clock, 1.9+0.71/1.1/0+2.0 ms cpu, 3->4->2 MB, 4 MB goal, 0 MB stacks, 0 MB globals, 16 P
gc 1407 @6.644s 5%: 0.11+0.75+0.11 ms clock, 1.7+0.71/1.1/0.034+1.9 ms cpu, 4->4->2 MB, 4 MB goal, 0 MB stacks, 0 MB globals, 16 P
gc 1408 @6.646s 5%: 0.12+0.69+0.20 ms clock, 2.0+0.60/1.0/0+3.3 ms cpu, 4->4->2 MB, 4 MB goal, 0 MB stacks, 0 MB globals, 16 P
gc 1409 @6.648s 5%: 0.16+0.74+0.10 ms clock, 2.5+0.58/0.90/0+1.6 ms cpu, 4->5->2 MB, 4 MB goal, 0 MB stacks, 0 MB globals, 16 P
gc 1410 @6.650s 5%: 0.11+0.75+0.11 ms clock, 1.8+0.60/0.86/0+1.7 ms cpu, 4->5->2 MB, 5 MB goal, 0 MB stacks, 0 MB globals, 16 P
gc 1411 @6.652s 5%: 0.10+0.84+0.10 ms clock, 1.6+0.75/1.0/0+1.6 ms cpu, 4->5->2 MB, 4 MB goal, 0 MB stacks, 0 MB globals, 16 P
gc 1412 @6.654s 5%: 0.13+0.76+0.12 ms clock, 2.2+0.53/1.1/0+2.0 ms cpu, 4->5->2 MB, 5 MB goal, 0 MB stacks, 0 MB globals, 16 P
gc 1413 @6.656s 5%: 0.11+0.61+0.18 ms clock, 1.9+0.70/0.97/0+2.8 ms cpu, 4->5->2 MB, 4 MB goal, 0 MB stacks, 0 MB globals, 16 P
gc 1414 @6.657s 5%: 0.14+0.71+0.20 ms clock, 2.3+0.58/0.96/0.062+3.2 ms cpu, 4->4->2 MB, 4 MB goal, 0 MB stacks, 0 MB globals, 16 P
gc 1415 @6.659s 5%: 0.18+0.73+0.18 ms clock, 2.9+0.74/0.97/0+2.9 ms cpu, 4->4->2 MB, 4 MB goal, 0 MB stacks, 0 MB globals, 16 P
gc 1416 @6.661s 5%: 0.11+0.75+0.084 ms clock, 1.7+0.63/0.99/0.007+1.3 ms cpu, 4->5->2 MB, 5 MB goal, 0 MB stacks, 0 MB globals, 16 P
gc 1417 @6.663s 5%: 0.14+0.59+0.18 ms clock, 2.2+0.61/0.98/0+2.9 ms cpu, 4->4->2 MB, 5 MB goal, 0 MB stacks, 0 MB globals, 16 P
gc 1418 @6.665s 5%: 0.23+0.68+0.16 ms clock, 3.6+0.46/1.2/0+2.6 ms cpu, 3->4->2 MB, 4 MB goal, 0 MB stacks, 0 MB globals, 16 P
gc 1419 @6.667s 5%: 0.12+0.58+0.10 ms clock, 1.9+0.56/0.93/0.033+1.6 ms cpu, 4->5->2 MB, 5 MB goal, 0 MB stacks, 0 MB globals, 16 P
gc 1420 @6.669s 5%: 0.11+0.58+0.10 ms clock, 1.8+0.63/1.0/0+1.6 ms cpu, 3->4->2 MB, 4 MB goal, 0 MB stacks, 0 MB globals, 16 P
gc 1421 @6.670s 5%: 0.18+0.54+0.16 ms clock, 2.8+0.75/0.95/0+2.5 ms cpu, 3->4->2 MB, 4 MB goal, 0 MB stacks, 0 MB globals, 16 P
gc 1422 @6.672s 5%: 0.13+0.62+0.14 ms clock, 2.0+0.62/0.86/0+2.2 ms cpu, 4->4->2 MB, 4 MB goal, 0 MB stacks, 0 MB globals, 16 P
gc 1423 @6.674s 5%: 0.12+0.60+0.095 ms clock, 2.0+0.50/0.88/0.010+1.5 ms cpu, 3->4->2 MB, 4 MB goal, 0 MB stacks, 0 MB globals, 16 P
gc 1424 @6.675s 5%: 0.082+0.61+0.20 ms clock, 1.3+0.73/0.98/0+3.2 ms cpu, 4->4->2 MB, 4 MB goal, 0 MB stacks, 0 MB globals, 16 P
gc 1425 @6.677s 5%: 0.16+0.68+0.096 ms clock, 2.6+0.70/0.91/0.004+1.5 ms cpu, 3->4->2 MB, 4 MB goal, 0 MB stacks, 0 MB globals, 16 P
gc 1426 @6.679s 5%: 0.16+0.63+0.20 ms clock, 2.5+0.65/0.95/0+3.2 ms cpu, 3->4->2 MB, 4 MB goal, 0 MB stacks, 0 MB globals, 16 P
gc 1427 @6.680s 5%: 0.16+0.66+0.11 ms clock, 2.6+0.69/1.0/0+1.8 ms cpu, 4->4->2 MB, 4 MB goal, 0 MB stacks, 0 MB globals, 16 P
gc 1428 @6.682s 5%: 0.12+0.60+0.13 ms clock, 1.9+0.60/1.0/0+2.1 ms cpu, 4->4->2 MB, 4 MB goal, 0 MB stacks, 0 MB globals, 16 P
gc 1429 @6.684s 5%: 0.13+0.60+0.20 ms clock, 2.1+0.63/0.99/0+3.2 ms cpu, 4->4->2 MB, 4 MB goal, 0 MB stacks, 0 MB globals, 16 P
gc 1430 @6.686s 5%: 0.13+0.79+0.14 ms clock, 2.1+0.64/0.89/0+2.2 ms cpu, 3->4->2 MB, 4 MB goal, 0 MB stacks, 0 MB globals, 16 P
gc 1431 @6.687s 5%: 0.12+0.90+0.12 ms clock, 1.9+0.68/1.0/0+1.9 ms cpu, 4->5->2 MB, 5 MB goal, 0 MB stacks, 0 MB globals, 16 P
gc 1432 @6.690s 5%: 0.15+0.78+0.14 ms clock, 2.4+0.67/0.96/0+2.2 ms cpu, 4->5->2 MB, 5 MB goal, 0 MB stacks, 0 MB globals, 16 P
gc 1433 @6.692s 5%: 0.15+0.88+0.10 ms clock, 2.4+0.71/1.0/0+1.7 ms cpu, 4->5->2 MB, 5 MB goal, 0 MB stacks, 0 MB globals, 16 P
gc 1434 @6.694s 5%: 0.17+0.67+0.16 ms clock, 2.8+0.62/1.0/0+2.6 ms cpu, 4->5->2 MB, 5 MB goal, 0 MB stacks, 0 MB globals, 16 P
gc 1435 @6.696s 5%: 0.12+0.75+0.17 ms clock, 1.9+0.51/1.1/0+2.7 ms cpu, 4->5->2 MB, 5 MB goal, 0 MB stacks, 0 MB globals, 16 P
gc 1436 @6.698s 5%: 0.12+0.68+0.18 ms clock, 2.0+0.88/0.74/0+2.9 ms cpu, 4->5->2 MB, 5 MB goal, 0 MB stacks, 0 MB globals, 16 P
gc 1437 @6.700s 5%: 0.12+0.68+0.12 ms clock, 2.0+0.74/1.0/0+1.9 ms cpu, 4->4->2 MB, 4 MB goal, 0 MB stacks, 0 MB globals, 16 P
gc 1438 @6.702s 5%: 0.15+0.63+0.15 ms clock, 2.4+0.52/1.0/0+2.4 ms cpu, 4->5->2 MB, 5 MB goal, 0 MB stacks, 0 MB globals, 16 P
gc 1439 @6.704s 5%: 0.16+0.69+0.17 ms clock, 2.5+0.71/0.91/0+2.7 ms cpu, 4->5->2 MB, 5 MB goal, 0 MB stacks, 0 MB globals, 16 P
gc 1440 @6.706s 5%: 0.11+0.82+0.13 ms clock, 1.9+0.61/1.2/0+2.2 ms cpu, 4->5->2 MB, 4 MB goal, 0 MB stacks, 0 MB globals, 16 P
gc 1441 @6.708s 5%: 0.17+0.72+0.067 ms clock, 2.7+0.73/0.91/0+1.0 ms cpu, 4->5->2 MB, 5 MB goal, 0 MB stacks, 0 MB globals, 16 P
gc 1442 @6.710s 5%: 0.16+0.80+0.098 ms clock, 2.5+0.75/0.89/0+1.5 ms cpu, 4->5->2 MB, 5 MB goal, 0 MB stacks, 0 MB globals, 16 P
gc 1443 @6.712s 5%: 0.11+0.48+0.15 ms clock, 1.8+0.59/0.88/0.17+2.4 ms cpu, 4->4->1 MB, 5 MB goal, 0 MB stacks, 0 MB globals, 16 P
gc 1444 @6.713s 5%: 0.12+0.67+0.12 ms clock, 1.9+0.71/1.0/0+1.9 ms cpu, 3->4->2 MB, 4 MB goal, 0 MB stacks, 0 MB globals, 16 P
gc 1445 @6.715s 5%: 0.11+0.69+0.15 ms clock, 1.8+0.61/0.87/0.046+2.5 ms cpu, 4->5->2 MB, 5 MB goal, 0 MB stacks, 0 MB globals, 16 P
gc 1446 @6.717s 5%: 0.12+0.68+0.14 ms clock, 1.9+0.48/0.96/0+2.2 ms cpu, 4->5->2 MB, 4 MB goal, 0 MB stacks, 0 MB globals, 16 P
gc 1447 @6.719s 5%: 0.13+0.70+0.10 ms clock, 2.0+0.70/0.85/0+1.6 ms cpu, 4->4->2 MB, 4 MB goal, 0 MB stacks, 0 MB globals, 16 P
gc 1448 @6.721s 5%: 0.13+0.56+0.25 ms clock, 2.1+0.69/0.96/0+4.0 ms cpu, 4->4->2 MB, 4 MB goal, 0 MB stacks, 0 MB globals, 16 P
gc 1449 @6.722s 5%: 0.13+0.58+0.16 ms clock, 2.1+0.58/1.0/0+2.7 ms cpu, 3->4->2 MB, 4 MB goal, 0 MB stacks, 0 MB globals, 16 P
gc 1450 @6.724s 5%: 0.11+0.71+0.089 ms clock, 1.8+0.58/0.95/0+1.4 ms cpu, 4->5->2 MB, 4 MB goal, 0 MB stacks, 0 MB globals, 16 P
gc 1451 @6.726s 5%: 0.15+0.75+0.18 ms clock, 2.5+0.55/0.88/0.11+2.9 ms cpu, 4->5->2 MB, 4 MB goal, 0 MB stacks, 0 MB globals, 16 P
gc 1452 @6.728s 5%: 0.13+0.61+0.072 ms clock, 2.1+0.56/0.80/0+1.1 ms cpu, 4->4->2 MB, 4 MB goal, 0 MB stacks, 0 MB globals, 16 P
gc 1453 @6.729s 5%: 0.15+0.73+0.16 ms clock, 2.4+0.60/1.0/0+2.6 ms cpu, 3->5->2 MB, 4 MB goal, 0 MB stacks, 0 MB globals, 16 P
gc 1454 @6.731s 5%: 0.10+0.61+0.15 ms clock, 1.7+0.80/0.98/0.008+2.5 ms cpu, 4->5->2 MB, 5 MB goal, 0 MB stacks, 0 MB globals, 16 P
gc 1455 @6.733s 5%: 0.10+0.54+0.15 ms clock, 1.7+0.72/0.90/0+2.4 ms cpu, 4->4->2 MB, 4 MB goal, 0 MB stacks, 0 MB globals, 16 P
gc 1456 @6.735s 5%: 0.16+0.71+0.093 ms clock, 2.7+0.60/0.99/0+1.4 ms cpu, 3->4->2 MB, 4 MB goal, 0 MB stacks, 0 MB globals, 16 P
gc 1457 @6.737s 5%: 0.13+0.70+0.10 ms clock, 2.0+0.68/0.81/0+1.6 ms cpu, 4->5->2 MB, 5 MB goal, 0 MB stacks, 0 MB globals, 16 P
gc 1458 @6.739s 5%: 0.12+0.67+0.14 ms clock, 1.9+0.56/0.91/0+2.3 ms cpu, 4->5->2 MB, 4 MB goal, 0 MB stacks, 0 MB globals, 16 P
gc 1459 @6.740s 5%: 0.11+0.76+0.10 ms clock, 1.7+0.70/0.93/0.008+1.6 ms cpu, 4->5->2 MB, 4 MB goal, 0 MB stacks, 0 MB globals, 16 P
gc 1460 @6.742s 5%: 0.19+0.64+0.18 ms clock, 3.0+0.66/0.89/0+2.9 ms cpu, 4->5->2 MB, 5 MB goal, 0 MB stacks, 0 MB globals, 16 P
gc 1461 @6.744s 5%: 0.11+0.78+0.13 ms clock, 1.7+0.55/0.94/0+2.1 ms cpu, 4->5->2 MB, 4 MB goal, 0 MB stacks, 0 MB globals, 16 P
gc 1462 @6.746s 5%: 0.10+0.53+0.13 ms clock, 1.6+0.49/0.99/0+2.1 ms cpu, 4->4->2 MB, 5 MB goal, 0 MB stacks, 0 MB globals, 16 P
gc 1463 @6.747s 5%: 0.059+1.0+0.093 ms clock, 0.95+0.62/1.1/0.031+1.5 ms cpu, 3->5->2 MB, 4 MB goal, 0 MB stacks, 0 MB globals, 16 P
gc 1464 @6.750s 5%: 0.13+0.64+0.19 ms clock, 2.1+0.40/1.0/0+3.1 ms cpu, 4->5->2 MB, 5 MB goal, 0 MB stacks, 0 MB globals, 16 P
gc 1465 @6.752s 5%: 0.11+0.63+0.16 ms clock, 1.7+0.79/1.0/0.003+2.6 ms cpu, 4->4->2 MB, 4 MB goal, 0 MB stacks, 0 MB globals, 16 P
gc 1466 @6.753s 5%: 0.10+0.65+0.20 ms clock, 1.7+0.71/0.94/0+3.2 ms cpu, 4->4->2 MB, 4 MB goal, 0 MB stacks, 0 MB globals, 16 P
gc 1467 @6.755s 5%: 0.095+0.57+0.12 ms clock, 1.5+0.60/1.0/0+2.0 ms cpu, 4->4->2 MB, 4 MB goal, 0 MB stacks, 0 MB globals, 16 P
gc 1468 @6.757s 5%: 0.11+0.75+0.089 ms clock, 1.7+0.71/0.92/0.009+1.4 ms cpu, 3->4->2 MB, 4 MB goal, 0 MB stacks, 0 MB globals, 16 P
gc 1469 @6.759s 5%: 0.11+0.71+0.079 ms clock, 1.9+0.47/1.0/0+1.2 ms cpu, 4->5->2 MB, 5 MB goal, 0 MB stacks, 0 MB globals, 16 P
gc 1470 @6.761s 5%: 0.13+0.67+0.13 ms clock, 2.1+0.77/0.75/0.096+2.1 ms cpu, 4->4->2 MB, 4 MB goal, 0 MB stacks, 0 MB globals, 16 P
gc 1471 @6.762s 5%: 0.21+0.91+0.11 ms clock, 3.4+0.64/1.0/0+1.8 ms cpu, 3->5->2 MB, 4 MB goal, 0 MB stacks, 0 MB globals, 16 P
gc 1472 @6.765s 5%: 0.16+0.62+0.17 ms clock, 2.5+0.63/0.93/0+2.7 ms cpu, 4->5->2 MB, 5 MB goal, 0 MB stacks, 0 MB globals, 16 P
gc 1473 @6.767s 5%: 0.10+0.78+0.10 ms clock, 1.6+0.60/1.0/0.002+1.6 ms cpu, 4->5->2 MB, 5 MB goal, 0 MB stacks, 0 MB globals, 16 P
gc 1474 @6.769s 5%: 0.16+0.60+0.099 ms clock, 2.6+0.75/0.85/0+1.5 ms cpu, 4->5->2 MB, 5 MB goal, 0 MB stacks, 0 MB globals, 16 P
gc 1475 @6.770s 5%: 0.11+0.64+0.082 ms clock, 1.7+0.64/0.91/0+1.3 ms cpu, 4->4->2 MB, 4 MB goal, 0 MB stacks, 0 MB globals, 16 P
gc 1476 @6.772s 5%: 0.11+0.66+0.12 ms clock, 1.8+0.62/0.99/0.003+1.9 ms cpu, 4->5->2 MB, 4 MB goal, 0 MB stacks, 0 MB globals, 16 P
gc 1477 @6.774s 5%: 0.10+0.64+0.13 ms clock, 1.6+0.60/0.85/0+2.1 ms cpu, 4->5->2 MB, 5 MB goal, 0 MB stacks, 0 MB globals, 16 P
gc 1478 @6.776s 5%: 0.15+0.62+0.10 ms clock, 2.5+0.79/1.0/0+1.6 ms cpu, 4->5->2 MB, 4 MB goal, 0 MB stacks, 0 MB globals, 16 P
gc 1479 @6.778s 5%: 0.14+0.67+0.14 ms clock, 2.2+0.75/1.1/0.004+2.3 ms cpu, 4->5->2 MB, 4 MB goal, 0 MB stacks, 0 MB globals, 16 P
gc 1480 @6.780s 5%: 0.093+0.70+0.14 ms clock, 1.4+0.55/0.94/0.035+2.2 ms cpu, 4->5->2 MB, 4 MB goal, 0 MB stacks, 0 MB globals, 16 P
gc 1481 @6.781s 5%: 0.14+0.64+0.20 ms clock, 2.3+0.62/1.0/0.049+3.2 ms cpu, 4->4->2 MB, 4 MB goal, 0 MB stacks, 0 MB globals, 16 P
gc 1482 @6.783s 5%: 0.11+0.69+0.19 ms clock, 1.9+0.77/1.0/0+3.1 ms cpu, 3->4->2 MB, 4 MB goal, 0 MB stacks, 0 MB globals, 16 P
gc 1483 @6.785s 5%: 0.16+0.61+0.20 ms clock, 2.5+0.67/0.94/0+3.2 ms cpu, 4->4->2 MB, 4 MB goal, 0 MB stacks, 0 MB globals, 16 P
gc 1484 @6.787s 5%: 0.17+0.70+0.15 ms clock, 2.8+0.61/0.89/0+2.4 ms cpu, 4->5->2 MB, 4 MB goal, 0 MB stacks, 0 MB globals, 16 P
gc 1485 @6.789s 5%: 0.12+0.71+0.090 ms clock, 2.0+0.63/0.93/0+1.4 ms cpu, 4->5->2 MB, 5 MB goal, 0 MB stacks, 0 MB globals, 16 P
gc 1486 @6.790s 5%: 0.11+0.60+0.11 ms clock, 1.9+0.51/1.0/0.021+1.7 ms cpu, 4->4->2 MB, 4 MB goal, 0 MB stacks, 0 MB globals, 16 P
gc 1487 @6.792s 5%: 0.15+0.61+0.19 ms clock, 2.4+0.65/1.0/0+3.0 ms cpu, 4->4->2 MB, 4 MB goal, 0 MB stacks, 0 MB globals, 16 P
gc 1488 @6.794s 5%: 0.11+0.64+0.083 ms clock, 1.7+0.72/0.93/0+1.3 ms cpu, 4->5->2 MB, 4 MB goal, 0 MB stacks, 0 MB globals, 16 P
gc 1489 @6.796s 5%: 0.14+0.75+0.19 ms clock, 2.3+0.69/0.96/0+3.1 ms cpu, 4->5->2 MB, 4 MB goal, 0 MB stacks, 0 MB globals, 16 P
gc 1490 @6.798s 5%: 0.18+0.67+0.16 ms clock, 2.9+0.80/0.88/0+2.6 ms cpu, 4->5->2 MB, 5 MB goal, 0 MB stacks, 0 MB globals, 16 P
gc 1491 @6.799s 5%: 0.21+0.74+0.11 ms clock, 3.4+0.69/1.0/0+1.8 ms cpu, 4->5->2 MB, 4 MB goal, 0 MB stacks, 0 MB globals, 16 P
gc 1492 @6.801s 5%: 0.17+0.55+0.14 ms clock, 2.7+0.61/0.98/0+2.2 ms cpu, 4->5->2 MB, 5 MB goal, 0 MB stacks, 0 MB globals, 16 P
gc 1493 @6.803s 5%: 0.12+0.61+0.15 ms clock, 2.0+0.72/1.1/0+2.5 ms cpu, 3->4->2 MB, 4 MB goal, 0 MB stacks, 0 MB globals, 16 P
gc 1494 @6.805s 5%: 0.090+0.57+0.13 ms clock, 1.4+0.72/1.1/0+2.1 ms cpu, 4->4->2 MB, 4 MB goal, 0 MB stacks, 0 MB globals, 16 P
gc 1495 @6.806s 5%: 0.11+0.80+0.15 ms clock, 1.8+0.55/0.99/0+2.4 ms cpu, 3->4->2 MB, 4 MB goal, 0 MB stacks, 0 MB globals, 16 P
gc 1496 @6.808s 5%: 0.13+0.55+0.19 ms clock, 2.1+0.83/0.96/0+3.1 ms cpu, 4->4->2 MB, 5 MB goal, 0 MB stacks, 0 MB globals, 16 P
gc 1497 @6.810s 5%: 0.16+0.72+0.12 ms clock, 2.7+0.77/1.0/0+2.0 ms cpu, 3->4->2 MB, 4 MB goal, 0 MB stacks, 0 MB globals, 16 P
gc 1498 @6.812s 5%: 0.10+0.80+0.12 ms clock, 1.6+0.55/0.95/0+1.9 ms cpu, 4->5->2 MB, 5 MB goal, 0 MB stacks, 0 MB globals, 16 P
gc 1499 @6.814s 5%: 0.13+0.65+0.11 ms clock, 2.2+0.54/1.1/0+1.7 ms cpu, 4->5->2 MB, 4 MB goal, 0 MB stacks, 0 MB globals, 16 P
gc 1500 @6.816s 5%: 0.20+0.58+0.20 ms clock, 3.2+0.71/0.93/0+3.2 ms cpu, 4->5->2 MB, 4 MB goal, 0 MB stacks, 0 MB globals, 16 P
gc 1501 @6.818s 5%: 0.14+0.63+0.19 ms clock, 2.3+0.56/0.92/0+3.0 ms cpu, 4->5->2 MB, 5 MB goal, 0 MB stacks, 0 MB globals, 16 P
gc 1502 @6.819s 5%: 0.18+0.61+0.17 ms clock, 3.0+0.78/0.98/0+2.7 ms cpu, 4->4->2 MB, 4 MB goal, 0 MB stacks, 0 MB globals, 16 P
gc 1503 @6.821s 5%: 0.13+0.56+0.081 ms clock, 2.1+0.68/0.88/0.012+1.3 ms cpu, 4->4->2 MB, 4 MB goal, 0 MB stacks, 0 MB globals, 16 P
gc 1504 @6.823s 5%: 0.16+0.63+0.16 ms clock, 2.5+0.63/1.0/0+2.7 ms cpu, 3->4->2 MB, 4 MB goal, 0 MB stacks, 0 MB globals, 16 P
gc 1505 @6.824s 5%: 0.080+0.82+0.074 ms clock, 1.2+0.56/1.1/0.019+1.1 ms cpu, 4->5->2 MB, 4 MB goal, 0 MB stacks, 0 MB globals, 16 P
gc 1506 @6.826s 5%: 0.11+0.67+0.20 ms clock, 1.9+0.74/0.87/0+3.3 ms cpu, 4->5->2 MB, 5 MB goal, 0 MB stacks, 0 MB globals, 16 P
gc 1507 @6.828s 5%: 0.14+0.85+0.11 ms clock, 2.3+0.60/0.94/0+1.8 ms cpu, 4->5->2 MB, 4 MB goal, 0 MB stacks, 0 MB globals, 16 P
gc 1508 @6.830s 5%: 0.13+0.53+0.092 ms clock, 2.2+0.73/0.91/0+1.4 ms cpu, 4->5->2 MB, 5 MB goal, 0 MB stacks, 0 MB globals, 16 P
gc 1509 @6.832s 5%: 0.18+0.73+0.099 ms clock, 3.0+0.77/0.84/0+1.5 ms cpu, 3->4->2 MB, 4 MB goal, 0 MB stacks, 0 MB globals, 16 P
gc 1510 @6.834s 5%: 0.10+0.75+0.077 ms clock, 1.7+0.72/0.91/0.004+1.2 ms cpu, 4->5->2 MB, 4 MB goal, 0 MB stacks, 0 MB globals, 16 P
gc 1511 @6.836s 5%: 0.12+0.56+0.18 ms clock, 1.9+0.75/0.89/0.087+3.0 ms cpu, 4->4->2 MB, 4 MB goal, 0 MB stacks, 0 MB globals, 16 P
gc 1512 @6.837s 5%: 0.15+0.79+0.15 ms clock, 2.4+0.81/0.91/0.011+2.5 ms cpu, 3->4->2 MB, 4 MB goal, 0 MB stacks, 0 MB globals, 16 P
gc 1513 @6.839s 5%: 0.18+0.80+0.040 ms clock, 2.9+0.68/1.1/0+0.64 ms cpu, 4->5->2 MB, 5 MB goal, 0 MB stacks, 0 MB globals, 16 P
gc 1514 @6.841s 5%: 0.095+0.65+0.095 ms clock, 1.5+0.50/0.99/0.025+1.5 ms cpu, 4->5->2 MB, 5 MB goal, 0 MB stacks, 0 MB globals, 16 P
gc 1515 @6.843s 5%: 0.21+0.61+0.11 ms clock, 3.3+0.74/0.92/0+1.8 ms cpu, 3->4->2 MB, 4 MB goal, 0 MB stacks, 0 MB globals, 16 P
gc 1516 @6.845s 5%: 0.14+0.80+0.074 ms clock, 2.2+0.72/1.0/0.001+1.1 ms cpu, 4->5->2 MB, 4 MB goal, 0 MB stacks, 0 MB globals, 16 P
gc 1517 @6.847s 5%: 0.15+0.69+0.16 ms clock, 2.4+0.75/1.0/0+2.6 ms cpu, 4->5->2 MB, 5 MB goal, 0 MB stacks, 0 MB globals, 16 P
gc 1518 @6.849s 5%: 0.14+0.72+0.059 ms clock, 2.3+0.53/1.1/0+0.95 ms cpu, 4->5->2 MB, 5 MB goal, 0 MB stacks, 0 MB globals, 16 P
gc 1519 @6.851s 5%: 0.11+0.62+0.13 ms clock, 1.8+0.69/0.88/0+2.0 ms cpu, 4->4->2 MB, 4 MB goal, 0 MB stacks, 0 MB globals, 16 P
gc 1520 @6.852s 5%: 0.11+0.78+0.067 ms clock, 1.8+0.60/1.1/0+1.0 ms cpu, 3->4->2 MB, 4 MB goal, 0 MB stacks, 0 MB globals, 16 P
gc 1521 @6.854s 5%: 0.094+0.52+0.12 ms clock, 1.5+0.56/0.98/0+1.9 ms cpu, 4->5->2 MB, 5 MB goal, 0 MB stacks, 0 MB globals, 16 P
gc 1522 @6.856s 5%: 0.10+0.64+0.10 ms clock, 1.6+0.49/0.90/0.11+1.6 ms cpu, 3->4->2 MB, 4 MB goal, 0 MB stacks, 0 MB globals, 16 P
gc 1523 @6.857s 5%: 0.097+0.69+0.22 ms clock, 1.5+0.54/1.0/0+3.6 ms cpu, 3->4->2 MB, 4 MB goal, 0 MB stacks, 0 MB globals, 16 P
gc 1524 @6.859s 5%: 0.19+0.93+0.097 ms clock, 3.1+0.48/0.97/0+1.5 ms cpu, 4->4->2 MB, 4 MB goal, 0 MB stacks, 0 MB globals, 16 P
gc 1525 @6.861s 5%: 0.097+0.71+0.095 ms clock, 1.5+0.53/1.0/0+1.5 ms cpu, 4->5->2 MB, 5 MB goal, 0 MB stacks, 0 MB globals, 16 P
gc 1526 @6.863s 5%: 0.10+0.63+0.11 ms clock, 1.7+0.50/1.0/0+1.8 ms cpu, 4->5->2 MB, 4 MB goal, 0 MB stacks, 0 MB globals, 16 P
gc 1527 @6.865s 5%: 0.10+0.45+0.11 ms clock, 1.6+0.56/0.95/0.007+1.8 ms cpu, 4->4->1 MB, 4 MB goal, 0 MB stacks, 0 MB globals, 16 P
gc 1528 @6.866s 5%: 0.19+0.80+0.13 ms clock, 3.1+0.62/1.0/0+2.1 ms cpu, 3->4->2 MB, 4 MB goal, 0 MB stacks, 0 MB globals, 16 P
gc 1529 @6.868s 5%: 0.13+0.52+0.11 ms clock, 2.1+0.62/1.0/0+1.8 ms cpu, 4->5->2 MB, 5 MB goal, 0 MB stacks, 0 MB globals, 16 P
gc 1530 @6.870s 5%: 0.17+0.84+0.093 ms clock, 2.8+0.71/0.93/0.011+1.4 ms cpu, 3->4->2 MB, 4 MB goal, 0 MB stacks, 0 MB globals, 16 P
gc 1531 @6.872s 5%: 0.14+0.68+0.092 ms clock, 2.3+0.57/1.0/0.007+1.4 ms cpu, 4->5->2 MB, 5 MB goal, 0 MB stacks, 0 MB globals, 16 P
gc 1532 @6.874s 5%: 0.11+0.49+0.10 ms clock, 1.9+0.70/0.88/0+1.7 ms cpu, 4->4->2 MB, 4 MB goal, 0 MB stacks, 0 MB globals, 16 P
gc 1533 @6.875s 5%: 0.13+0.73+0.13 ms clock, 2.1+0.62/0.95/0+2.1 ms cpu, 3->4->2 MB, 4 MB goal, 0 MB stacks, 0 MB globals, 16 P
gc 1534 @6.877s 5%: 0.12+0.57+0.14 ms clock, 2.0+0.65/0.98/0+2.2 ms cpu, 4->5->2 MB, 5 MB goal, 0 MB stacks, 0 MB globals, 16 P
gc 1535 @6.879s 5%: 0.12+1.0+0.070 ms clock, 2.0+0.58/0.93/0.010+1.1 ms cpu, 3->5->2 MB, 4 MB goal, 0 MB stacks, 0 MB globals, 16 P
gc 1536 @6.881s 5%: 0.10+0.62+0.17 ms clock, 1.7+0.59/0.98/0+2.7 ms cpu, 4->5->2 MB, 5 MB goal, 0 MB stacks, 0 MB globals, 16 P
gc 1537 @6.883s 5%: 0.14+0.65+0.17 ms clock, 2.3+0.60/1.0/0+2.8 ms cpu, 3->4->2 MB, 4 MB goal, 0 MB stacks, 0 MB globals, 16 P
gc 1538 @6.885s 5%: 0.15+0.69+0.13 ms clock, 2.5+0.62/0.97/0+2.2 ms cpu, 4->5->2 MB, 4 MB goal, 0 MB stacks, 0 MB globals, 16 P
gc 1539 @6.887s 5%: 0.11+0.71+0.16 ms clock, 1.8+0.77/0.88/0+2.5 ms cpu, 4->5->2 MB, 5 MB goal, 0 MB stacks, 0 MB globals, 16 P
gc 1540 @6.889s 5%: 0.12+0.64+0.14 ms clock, 2.0+0.60/0.95/0+2.3 ms cpu, 4->5->2 MB, 4 MB goal, 0 MB stacks, 0 MB globals, 16 P
gc 1541 @6.890s 5%: 0.22+1.1+0.089 ms clock, 3.5+0.69/0.97/0+1.4 ms cpu, 4->5->2 MB, 4 MB goal, 0 MB stacks, 0 MB globals, 16 P
gc 1542 @6.893s 5%: 0.12+0.81+0.16 ms clock, 1.9+0.69/1.0/0.024+2.7 ms cpu, 4->5->2 MB, 5 MB goal, 0 MB stacks, 0 MB globals, 16 P
gc 1543 @6.895s 5%: 0.14+0.63+0.10 ms clock, 2.2+0.50/0.94/0+1.7 ms cpu, 4->5->2 MB, 5 MB goal, 0 MB stacks, 0 MB globals, 16 P
gc 1544 @6.897s 5%: 0.14+0.56+0.12 ms clock, 2.3+0.69/0.97/0+2.0 ms cpu, 4->4->2 MB, 4 MB goal, 0 MB stacks, 0 MB globals, 16 P
gc 1545 @6.898s 5%: 0.15+0.66+0.10 ms clock, 2.4+0.56/0.87/0.10+1.6 ms cpu, 4->4->2 MB, 4 MB goal, 0 MB stacks, 0 MB globals, 16 P
gc 1546 @6.900s 5%: 0.097+0.94+0.038 ms clock, 1.5+0.56/1.0/0+0.61 ms cpu, 3->4->2 MB, 4 MB goal, 0 MB stacks, 0 MB globals, 16 P
gc 1547 @6.902s 5%: 0.12+0.62+0.15 ms clock, 1.9+0.51/1.1/0.018+2.4 ms cpu, 4->5->2 MB, 5 MB goal, 0 MB stacks, 0 MB globals, 16 P
gc 1548 @6.904s 5%: 0.12+0.65+0.14 ms clock, 1.9+0.64/1.0/0.057+2.2 ms cpu, 4->4->2 MB, 4 MB goal, 0 MB stacks, 0 MB globals, 16 P
gc 1549 @6.905s 5%: 0.13+0.74+0.076 ms clock, 2.1+0.63/0.93/0+1.2 ms cpu, 4->5->2 MB, 4 MB goal, 0 MB stacks, 0 MB globals, 16 P
gc 1550 @6.907s 5%: 0.19+0.80+0.10 ms clock, 3.0+0.59/1.1/0.041+1.6 ms cpu, 4->5->2 MB, 5 MB goal, 0 MB stacks, 0 MB globals, 16 P
gc 1551 @6.909s 5%: 0.13+0.56+0.20 ms clock, 2.2+0.68/0.87/0+3.2 ms cpu, 4->4->2 MB, 4 MB goal, 0 MB stacks, 0 MB globals, 16 P
gc 1552 @6.911s 5%: 0.12+0.72+0.11 ms clock, 1.9+0.66/1.0/0+1.7 ms cpu, 4->5->2 MB, 4 MB goal, 0 MB stacks, 0 MB globals, 16 P
gc 1553 @6.913s 5%: 0.10+0.76+0.087 ms clock, 1.7+0.63/0.95/0+1.4 ms cpu, 4->5->2 MB, 5 MB goal, 0 MB stacks, 0 MB globals, 16 P
gc 1554 @6.915s 5%: 0.20+0.61+0.14 ms clock, 3.3+0.63/0.87/0.009+2.3 ms cpu, 4->5->2 MB, 5 MB goal, 0 MB stacks, 0 MB globals, 16 P
gc 1555 @6.916s 5%: 0.19+0.64+0.17 ms clock, 3.0+0.59/0.92/0+2.8 ms cpu, 3->4->2 MB, 4 MB goal, 0 MB stacks, 0 MB globals, 16 P
gc 1556 @6.918s 5%: 0.12+0.80+0.095 ms clock, 2.0+0.65/0.82/0+1.5 ms cpu, 4->5->2 MB, 5 MB goal, 0 MB stacks, 0 MB globals, 16 P
gc 1557 @6.921s 5%: 0.12+0.86+0.041 ms clock, 2.0+0.56/0.99/0.034+0.66 ms cpu, 4->5->2 MB, 5 MB goal, 0 MB stacks, 0 MB globals, 16 P
gc 1558 @6.922s 5%: 0.11+0.80+0.18 ms clock, 1.8+0.60/0.93/0+2.9 ms cpu, 4->5->2 MB, 5 MB goal, 0 MB stacks, 0 MB globals, 16 P
gc 1559 @6.925s 5%: 0.23+0.45+0.20 ms clock, 3.7+0.74/0.83/0+3.2 ms cpu, 4->5->2 MB, 5 MB goal, 0 MB stacks, 0 MB globals, 16 P
gc 1560 @6.926s 5%: 0.16+0.53+0.15 ms clock, 2.5+0.75/0.88/0+2.5 ms cpu, 3->4->2 MB, 4 MB goal, 0 MB stacks, 0 MB globals, 16 P
gc 1561 @6.928s 5%: 0.10+0.71+0.029 ms clock, 1.6+0.54/0.92/0+0.47 ms cpu, 4->5->2 MB, 4 MB goal, 0 MB stacks, 0 MB globals, 16 P
gc 1562 @6.930s 5%: 0.22+0.85+0.13 ms clock, 3.5+0.68/1.2/0+2.1 ms cpu, 4->5->2 MB, 4 MB goal, 0 MB stacks, 0 MB globals, 16 P
gc 1563 @6.932s 5%: 0.12+0.69+0.12 ms clock, 2.0+0.64/0.84/0+1.9 ms cpu, 4->5->2 MB, 5 MB goal, 0 MB stacks, 0 MB globals, 16 P
gc 1564 @6.934s 5%: 0.13+0.61+0.20 ms clock, 2.0+0.76/0.85/0.002+3.2 ms cpu, 4->4->2 MB, 4 MB goal, 0 MB stacks, 0 MB globals, 16 P
gc 1565 @6.935s 5%: 0.16+0.86+0.043 ms clock, 2.5+0.65/1.1/0+0.69 ms cpu, 3->5->2 MB, 4 MB goal, 0 MB stacks, 0 MB globals, 16 P
gc 1566 @6.937s 5%: 0.099+0.72+0.11 ms clock, 1.5+0.67/0.93/0+1.7 ms cpu, 4->5->2 MB, 5 MB goal, 0 MB stacks, 0 MB globals, 16 P
gc 1567 @6.939s 5%: 0.093+0.69+0.095 ms clock, 1.5+0.63/1.0/0+1.5 ms cpu, 4->4->2 MB, 4 MB goal, 0 MB stacks, 0 MB globals, 16 P
gc 1568 @6.941s 5%: 0.12+0.60+0.092 ms clock, 1.9+0.70/0.80/0+1.4 ms cpu, 4->4->2 MB, 4 MB goal, 0 MB stacks, 0 MB globals, 16 P
gc 1569 @6.943s 5%: 0.21+0.73+0.10 ms clock, 3.4+0.73/1.0/0+1.7 ms cpu, 3->4->2 MB, 4 MB goal, 0 MB stacks, 0 MB globals, 16 P
gc 1570 @6.944s 5%: 0.13+0.61+0.16 ms clock, 2.0+0.64/1.0/0+2.6 ms cpu, 4->5->2 MB, 4 MB goal, 0 MB stacks, 0 MB globals, 16 P
gc 1571 @6.946s 5%: 0.14+0.54+0.12 ms clock, 2.2+0.54/0.90/0+1.9 ms cpu, 4->4->2 MB, 4 MB goal, 0 MB stacks, 0 MB globals, 16 P
gc 1572 @6.948s 5%: 0.18+0.73+0.15 ms clock, 2.9+0.52/1.1/0+2.5 ms cpu, 3->4->2 MB, 4 MB goal, 0 MB stacks, 0 MB globals, 16 P
gc 1573 @6.950s 5%: 0.098+0.65+0.12 ms clock, 1.5+0.71/1.1/0+2.0 ms cpu, 4->5->2 MB, 5 MB goal, 0 MB stacks, 0 MB globals, 16 P
gc 1574 @6.952s 5%: 0.13+0.90+0.10 ms clock, 2.1+0.54/0.94/0+1.6 ms cpu, 4->5->2 MB, 4 MB goal, 0 MB stacks, 0 MB globals, 16 P
gc 1575 @6.954s 5%: 0.16+0.64+0.099 ms clock, 2.6+0.67/1.0/0+1.5 ms cpu, 4->5->2 MB, 5 MB goal, 0 MB stacks, 0 MB globals, 16 P
gc 1576 @6.956s 5%: 0.14+0.62+0.14 ms clock, 2.3+0.73/0.86/0+2.3 ms cpu, 4->5->2 MB, 4 MB goal, 0 MB stacks, 0 MB globals, 16 P
gc 1577 @6.958s 5%: 0.16+0.88+0.10 ms clock, 2.5+0.77/0.95/0+1.6 ms cpu, 4->5->2 MB, 4 MB goal, 0 MB stacks, 0 MB globals, 16 P
gc 1578 @6.960s 5%: 0.12+0.67+0.13 ms clock, 1.9+0.42/0.89/0+2.1 ms cpu, 4->5->2 MB, 5 MB goal, 0 MB stacks, 0 MB globals, 16 P
gc 1579 @6.962s 5%: 0.11+0.83+0.12 ms clock, 1.8+0.59/1.0/0+1.9 ms cpu, 4->5->2 MB, 5 MB goal, 0 MB stacks, 0 MB globals, 16 P
gc 1580 @6.964s 5%: 0.15+0.64+0.11 ms clock, 2.4+0.61/0.99/0+1.9 ms cpu, 4->5->2 MB, 5 MB goal, 0 MB stacks, 0 MB globals, 16 P
gc 1581 @6.966s 5%: 0.15+0.62+0.17 ms clock, 2.4+0.89/0.89/0+2.8 ms cpu, 4->4->2 MB, 4 MB goal, 0 MB stacks, 0 MB globals, 16 P
gc 1582 @6.968s 5%: 0.10+0.82+0.080 ms clock, 1.6+0.45/1.0/0.008+1.2 ms cpu, 4->5->2 MB, 4 MB goal, 0 MB stacks, 0 MB globals, 16 P
gc 1583 @6.969s 5%: 0.14+0.65+0.13 ms clock, 2.2+0.57/1.0/0+2.1 ms cpu, 4->5->2 MB, 5 MB goal, 0 MB stacks, 0 MB globals, 16 P
gc 1584 @6.971s 5%: 0.12+0.60+0.12 ms clock, 1.9+0.72/0.98/0.010+1.9 ms cpu, 4->5->2 MB, 5 MB goal, 0 MB stacks, 0 MB globals, 16 P
gc 1585 @6.973s 5%: 0.13+0.55+0.16 ms clock, 2.1+0.59/0.89/0+2.6 ms cpu, 4->4->2 MB, 4 MB goal, 0 MB stacks, 0 MB globals, 16 P
gc 1586 @6.975s 5%: 0.16+0.73+0.19 ms clock, 2.6+0.67/1.0/0+3.0 ms cpu, 3->4->2 MB, 4 MB goal, 0 MB stacks, 0 MB globals, 16 P
gc 1587 @6.977s 5%: 0.15+0.63+0.14 ms clock, 2.5+0.78/0.87/0+2.2 ms cpu, 4->5->2 MB, 5 MB goal, 0 MB stacks, 0 MB globals, 16 P
gc 1588 @6.978s 5%: 0.13+0.84+0.15 ms clock, 2.2+0.80/0.97/0.020+2.4 ms cpu, 4->5->2 MB, 4 MB goal, 0 MB stacks, 0 MB globals, 16 P
gc 1589 @6.981s 5%: 0.097+0.63+0.092 ms clock, 1.5+0.61/1.0/0.005+1.4 ms cpu, 4->4->2 MB, 5 MB goal, 0 MB stacks, 0 MB globals, 16 P
gc 1590 @6.982s 5%: 0.15+0.68+0.10 ms clock, 2.4+0.64/0.99/0.020+1.6 ms cpu, 3->4->2 MB, 4 MB goal, 0 MB stacks, 0 MB globals, 16 P
gc 1591 @6.984s 5%: 0.17+0.56+0.17 ms clock, 2.7+0.57/0.85/0+2.8 ms cpu, 4->5->2 MB, 5 MB goal, 0 MB stacks, 0 MB globals, 16 P
gc 1592 @6.986s 5%: 0.11+0.66+0.10 ms clock, 1.9+0.62/1.0/0+1.7 ms cpu, 4->5->2 MB, 4 MB goal, 0 MB stacks, 0 MB globals, 16 P
gc 1593 @6.988s 5%: 0.14+0.65+0.17 ms clock, 2.2+0.62/1.0/0+2.8 ms cpu, 4->5->2 MB, 5 MB goal, 0 MB stacks, 0 MB globals, 16 P
gc 1594 @6.990s 5%: 0.15+0.74+0.11 ms clock, 2.4+0.71/0.98/0+1.8 ms cpu, 4->4->2 MB, 4 MB goal, 0 MB stacks, 0 MB globals, 16 P
gc 1595 @6.991s 5%: 0.17+0.65+0.22 ms clock, 2.7+0.64/1.0/0+3.5 ms cpu, 4->4->2 MB, 4 MB goal, 0 MB stacks, 0 MB globals, 16 P
gc 1596 @6.993s 5%: 0.12+0.64+0.096 ms clock, 2.0+0.71/0.88/0+1.5 ms cpu, 4->4->2 MB, 4 MB goal, 0 MB stacks, 0 MB globals, 16 P
gc 1597 @6.995s 5%: 0.19+0.75+0.11 ms clock, 3.1+0.57/0.98/0+1.8 ms cpu, 4->4->2 MB, 4 MB goal, 0 MB stacks, 0 MB globals, 16 P
gc 1598 @6.997s 5%: 0.13+0.57+0.11 ms clock, 2.2+0.70/1.0/0+1.9 ms cpu, 4->4->2 MB, 5 MB goal, 0 MB stacks, 0 MB globals, 16 P
gc 1599 @6.998s 5%: 0.11+0.65+0.15 ms clock, 1.8+0.73/0.92/0.050+2.5 ms cpu, 4->4->2 MB, 4 MB goal, 0 MB stacks, 0 MB globals, 16 P
gc 1600 @7.000s 5%: 0.20+0.89+0.16 ms clock, 3.2+0.75/1.0/0+2.5 ms cpu, 3->5->2 MB, 4 MB goal, 0 MB stacks, 0 MB globals, 16 P
gc 1601 @7.003s 5%: 0.096+0.60+0.15 ms clock, 1.5+0.68/0.91/0.10+2.5 ms cpu, 4->5->2 MB, 5 MB goal, 0 MB stacks, 0 MB globals, 16 P
gc 1602 @7.004s 5%: 0.12+0.88+0.074 ms clock, 2.0+0.58/0.95/0.011+1.1 ms cpu, 3->4->2 MB, 4 MB goal, 0 MB stacks, 0 MB globals, 16 P
gc 1603 @7.006s 5%: 0.12+0.70+0.16 ms clock, 1.9+0.74/0.91/0+2.5 ms cpu, 4->5->2 MB, 5 MB goal, 0 MB stacks, 0 MB globals, 16 P
gc 1604 @7.008s 5%: 0.13+0.51+0.16 ms clock, 2.1+0.68/0.91/0+2.6 ms cpu, 4->4->2 MB, 4 MB goal, 0 MB stacks, 0 MB globals, 16 P
gc 1605 @7.010s 5%: 0.14+0.73+0.15 ms clock, 2.2+0.65/1.0/0+2.4 ms cpu, 3->4->2 MB, 4 MB goal, 0 MB stacks, 0 MB globals, 16 P
gc 1606 @7.011s 5%: 0.12+0.75+0.14 ms clock, 1.9+0.92/1.1/0+2.3 ms cpu, 3->4->2 MB, 4 MB goal, 0 MB stacks, 0 MB globals, 16 P
gc 1607 @7.014s 5%: 0.15+0.71+0.10 ms clock, 2.5+0.70/0.97/0+1.6 ms cpu, 4->5->2 MB, 5 MB goal, 0 MB stacks, 0 MB globals, 16 P
gc 1608 @7.015s 5%: 0.16+0.60+0.12 ms clock, 2.7+0.64/1.0/0+2.0 ms cpu, 4->4->2 MB, 4 MB goal, 0 MB stacks, 0 MB globals, 16 P
gc 1609 @7.017s 5%: 0.10+0.76+0.091 ms clock, 1.6+0.47/0.95/0.079+1.4 ms cpu, 4->5->2 MB, 4 MB goal, 0 MB stacks, 0 MB globals, 16 P
gc 1610 @7.019s 5%: 0.10+0.54+0.12 ms clock, 1.7+0.62/0.87/0.052+1.9 ms cpu, 4->4->2 MB, 5 MB goal, 0 MB stacks, 0 MB globals, 16 P
gc 1611 @7.021s 5%: 0.14+0.63+0.054 ms clock, 2.3+0.54/0.96/0+0.87 ms cpu, 3->4->2 MB, 4 MB goal, 0 MB stacks, 0 MB globals, 16 P
gc 1612 @7.022s 5%: 0.10+0.67+0.14 ms clock, 1.7+0.50/0.94/0+2.2 ms cpu, 4->4->2 MB, 4 MB goal, 0 MB stacks, 0 MB globals, 16 P
gc 1613 @7.024s 5%: 0.13+0.48+0.14 ms clock, 2.2+0.65/0.87/0+2.3 ms cpu, 3->4->2 MB, 4 MB goal, 0 MB stacks, 0 MB globals, 16 P
gc 1614 @7.026s 5%: 0.10+0.65+0.13 ms clock, 1.7+0.62/1.0/0+2.0 ms cpu, 4->4->2 MB, 4 MB goal, 0 MB stacks, 0 MB globals, 16 P
gc 1615 @7.027s 5%: 0.088+0.53+0.093 ms clock, 1.4+0.58/0.89/0.002+1.5 ms cpu, 4->4->2 MB, 4 MB goal, 0 MB stacks, 0 MB globals, 16 P
gc 1616 @7.029s 5%: 0.13+0.73+0.18 ms clock, 2.1+0.50/0.92/0.034+2.9 ms cpu, 3->4->2 MB, 4 MB goal, 0 MB stacks, 0 MB globals, 16 P
gc 1617 @7.031s 5%: 0.10+0.54+0.19 ms clock, 1.7+0.47/0.91/0+3.1 ms cpu, 4->4->2 MB, 4 MB goal, 0 MB stacks, 0 MB globals, 16 P
gc 1618 @7.032s 5%: 0.15+0.67+0.10 ms clock, 2.4+0.65/1.0/0+1.7 ms cpu, 3->4->2 MB, 4 MB goal, 0 MB stacks, 0 MB globals, 16 P
gc 1619 @7.034s 5%: 0.10+0.68+0.16 ms clock, 1.7+0.57/0.85/0+2.6 ms cpu, 4->5->2 MB, 5 MB goal, 0 MB stacks, 0 MB globals, 16 P
gc 1620 @7.036s 5%: 0.11+0.74+0.16 ms clock, 1.8+0.59/0.84/0+2.6 ms cpu, 4->5->2 MB, 4 MB goal, 0 MB stacks, 0 MB globals, 16 P
gc 1621 @7.038s 5%: 0.10+0.72+0.16 ms clock, 1.7+0.62/0.85/0.041+2.6 ms cpu, 4->5->2 MB, 5 MB goal, 0 MB stacks, 0 MB globals, 16 P
gc 1622 @7.039s 5%: 0.10+0.76+0.14 ms clock, 1.6+0.80/1.0/0+2.3 ms cpu, 4->5->2 MB, 4 MB goal, 0 MB stacks, 0 MB globals, 16 P
gc 1623 @7.041s 5%: 0.16+0.61+0.16 ms clock, 2.7+0.65/0.83/0.036+2.7 ms cpu, 4->5->2 MB, 5 MB goal, 0 MB stacks, 0 MB globals, 16 P
gc 1624 @7.043s 5%: 0.16+0.91+0.10 ms clock, 2.6+0.63/0.88/0.001+1.6 ms cpu, 3->4->2 MB, 4 MB goal, 0 MB stacks, 0 MB globals, 16 P
gc 1625 @7.045s 5%: 0.11+0.55+0.21 ms clock, 1.8+0.84/0.90/0.046+3.4 ms cpu, 4->5->2 MB, 5 MB goal, 0 MB stacks, 0 MB globals, 16 P
gc 1626 @7.047s 5%: 0.13+0.75+0.15 ms clock, 2.1+0.73/0.92/0+2.5 ms cpu, 3->4->2 MB, 4 MB goal, 0 MB stacks, 0 MB globals, 16 P
gc 1627 @7.049s 5%: 0.11+0.65+0.17 ms clock, 1.8+0.74/1.0/0.001+2.8 ms cpu, 4->5->2 MB, 5 MB goal, 0 MB stacks, 0 MB globals, 16 P
gc 1628 @7.051s 5%: 0.13+0.65+0.16 ms clock, 2.2+0.68/1.0/0+2.6 ms cpu, 4->5->2 MB, 5 MB goal, 0 MB stacks, 0 MB globals, 16 P
gc 1629 @7.053s 5%: 0.17+0.79+0.066 ms clock, 2.7+0.65/0.98/0.068+1.0 ms cpu, 4->5->2 MB, 5 MB goal, 0 MB stacks, 0 MB globals, 16 P
gc 1630 @7.055s 5%: 0.17+0.68+0.12 ms clock, 2.7+0.65/0.86/0.026+2.0 ms cpu, 4->5->2 MB, 5 MB goal, 0 MB stacks, 0 MB globals, 16 P
gc 1631 @7.057s 5%: 0.11+0.68+0.14 ms clock, 1.8+0.55/1.0/0.080+2.3 ms cpu, 4->5->2 MB, 4 MB goal, 0 MB stacks, 0 MB globals, 16 P
gc 1632 @7.058s 5%: 0.11+0.70+0.14 ms clock, 1.8+0.54/0.92/0+2.3 ms cpu, 4->5->2 MB, 4 MB goal, 0 MB stacks, 0 MB globals, 16 P
gc 1633 @7.060s 5%: 0.18+0.54+0.11 ms clock, 2.9+0.63/0.99/0.001+1.7 ms cpu, 4->4->2 MB, 4 MB goal, 0 MB stacks, 0 MB globals, 16 P
gc 1634 @7.062s 5%: 0.16+0.68+0.17 ms clock, 2.7+0.71/1.0/0+2.8 ms cpu, 3->4->2 MB, 4 MB goal, 0 MB stacks, 0 MB globals, 16 P
gc 1635 @7.063s 5%: 0.13+0.67+0.18 ms clock, 2.1+0.73/1.1/0+2.9 ms cpu, 4->4->2 MB, 4 MB goal, 0 MB stacks, 0 MB globals, 16 P
gc 1636 @7.065s 5%: 0.11+0.73+0.12 ms clock, 1.7+0.57/0.94/0+1.9 ms cpu, 4->5->2 MB, 5 MB goal, 0 MB stacks, 0 MB globals, 16 P
gc 1637 @7.067s 5%: 0.10+0.77+0.17 ms clock, 1.6+0.74/0.96/0+2.8 ms cpu, 4->5->2 MB, 4 MB goal, 0 MB stacks, 0 MB globals, 16 P
gc 1638 @7.069s 5%: 0.12+0.53+0.17 ms clock, 2.0+0.64/0.90/0+2.8 ms cpu, 4->5->2 MB, 5 MB goal, 0 MB stacks, 0 MB globals, 16 P
gc 1639 @7.071s 5%: 0.16+0.81+0.089 ms clock, 2.5+0.55/0.96/0+1.4 ms cpu, 3->4->2 MB, 4 MB goal, 0 MB stacks, 0 MB globals, 16 P
gc 1640 @7.073s 5%: 0.11+0.72+0.11 ms clock, 1.7+0.58/1.1/0+1.8 ms cpu, 4->5->2 MB, 5 MB goal, 0 MB stacks, 0 MB globals, 16 P
gc 1641 @7.075s 5%: 0.12+0.62+0.19 ms clock, 2.0+0.45/1.1/0+3.1 ms cpu, 4->5->2 MB, 4 MB goal, 0 MB stacks, 0 MB globals, 16 P
gc 1642 @7.076s 5%: 0.14+0.54+0.14 ms clock, 2.3+0.55/0.94/0+2.2 ms cpu, 4->4->2 MB, 4 MB goal, 0 MB stacks, 0 MB globals, 16 P
gc 1643 @7.078s 5%: 0.14+0.51+0.17 ms clock, 2.2+0.64/0.88/0+2.8 ms cpu, 4->4->2 MB, 4 MB goal, 0 MB stacks, 0 MB globals, 16 P
gc 1644 @7.080s 5%: 0.17+0.70+0.072 ms clock, 2.7+0.83/0.92/0+1.1 ms cpu, 3->4->2 MB, 4 MB goal, 0 MB stacks, 0 MB globals, 16 P
gc 1645 @7.082s 5%: 0.15+0.63+0.17 ms clock, 2.4+0.70/0.84/0+2.7 ms cpu, 4->4->2 MB, 4 MB goal, 0 MB stacks, 0 MB globals, 16 P
gc 1646 @7.083s 5%: 0.13+0.74+0.093 ms clock, 2.0+0.59/1.0/0+1.4 ms cpu, 4->4->2 MB, 4 MB goal, 0 MB stacks, 0 MB globals, 16 P
gc 1647 @7.085s 5%: 0.12+0.58+0.12 ms clock, 1.9+0.62/1.0/0+2.0 ms cpu, 4->4->2 MB, 5 MB goal, 0 MB stacks, 0 MB globals, 16 P
gc 1648 @7.087s 5%: 0.17+0.73+0.086 ms clock, 2.8+0.65/1.0/0+1.3 ms cpu, 3->4->2 MB, 4 MB goal, 0 MB stacks, 0 MB globals, 16 P
gc 1649 @7.089s 5%: 0.14+1.0+0.089 ms clock, 2.3+0.68/1.0/0.024+1.4 ms cpu, 4->5->2 MB, 4 MB goal, 0 MB stacks, 0 MB globals, 16 P
gc 1650 @7.091s 5%: 0.15+0.64+0.11 ms clock, 2.4+0.74/0.78/0+1.8 ms cpu, 4->5->2 MB, 5 MB goal, 0 MB stacks, 0 MB globals, 16 P
gc 1651 @7.093s 5%: 0.15+0.77+0.16 ms clock, 2.4+0.88/0.85/0+2.6 ms cpu, 4->5->2 MB, 4 MB goal, 0 MB stacks, 0 MB globals, 16 P
gc 1652 @7.095s 5%: 0.14+0.67+0.084 ms clock, 2.3+0.54/0.98/0.002+1.3 ms cpu, 4->5->2 MB, 5 MB goal, 0 MB stacks, 0 MB globals, 16 P
gc 1653 @7.097s 5%: 0.16+0.83+0.10 ms clock, 2.6+0.62/0.98/0+1.7 ms cpu, 4->5->2 MB, 5 MB goal, 0 MB stacks, 0 MB globals, 16 P
gc 1654 @7.099s 5%: 0.13+0.67+0.19 ms clock, 2.1+0.82/0.81/0+3.0 ms cpu, 4->5->2 MB, 5 MB goal, 0 MB stacks, 0 MB globals, 16 P
gc 1655 @7.101s 5%: 0.15+0.58+0.15 ms clock, 2.4+0.74/1.0/0+2.4 ms cpu, 4->4->2 MB, 4 MB goal, 0 MB stacks, 0 MB globals, 16 P
gc 1656 @7.102s 5%: 0.11+0.54+0.11 ms clock, 1.8+0.57/0.91/0+1.7 ms cpu, 4->4->2 MB, 4 MB goal, 0 MB stacks, 0 MB globals, 16 P
gc 1657 @7.104s 5%: 0.13+0.56+0.13 ms clock, 2.1+0.66/1.0/0+2.1 ms cpu, 3->4->2 MB, 4 MB goal, 0 MB stacks, 0 MB globals, 16 P
gc 1658 @7.106s 5%: 0.13+0.74+0.19 ms clock, 2.2+0.60/0.98/0+3.0 ms cpu, 3->4->2 MB, 4 MB goal, 0 MB stacks, 0 MB globals, 16 P
gc 1659 @7.108s 5%: 0.18+0.70+0.18 ms clock, 3.0+0.65/0.98/0+2.9 ms cpu, 4->4->2 MB, 4 MB goal, 0 MB stacks, 0 MB globals, 16 P
gc 1660 @7.109s 5%: 0.12+0.91+0.10 ms clock, 2.0+0.73/0.87/0+1.6 ms cpu, 4->5->2 MB, 5 MB goal, 0 MB stacks, 0 MB globals, 16 P
gc 1661 @7.111s 5%: 0.13+0.77+0.14 ms clock, 2.1+0.72/0.98/0+2.3 ms cpu, 4->5->2 MB, 5 MB goal, 0 MB stacks, 0 MB globals, 16 P
gc 1662 @7.113s 5%: 0.21+0.63+0.095 ms clock, 3.4+0.67/1.1/0+1.5 ms cpu, 4->5->2 MB, 4 MB goal, 0 MB stacks, 0 MB globals, 16 P
gc 1663 @7.115s 5%: 0.090+0.58+0.14 ms clock, 1.4+0.73/1.1/0+2.3 ms cpu, 4->5->2 MB, 5 MB goal, 0 MB stacks, 0 MB globals, 16 P
gc 1664 @7.117s 5%: 0.16+0.61+0.083 ms clock, 2.6+0.69/0.91/0+1.3 ms cpu, 4->4->2 MB, 4 MB goal, 0 MB stacks, 0 MB globals, 16 P
gc 1665 @7.119s 5%: 0.092+1.1+0.14 ms clock, 1.4+0.38/1.2/0.006+2.2 ms cpu, 4->5->2 MB, 4 MB goal, 0 MB stacks, 0 MB globals, 16 P
gc 1666 @7.121s 5%: 0.10+0.67+0.098 ms clock, 1.6+0.72/0.95/0+1.5 ms cpu, 4->5->2 MB, 5 MB goal, 0 MB stacks, 0 MB globals, 16 P
gc 1667 @7.123s 5%: 0.11+0.66+0.092 ms clock, 1.7+0.61/1.0/0+1.4 ms cpu, 4->5->2 MB, 5 MB goal, 0 MB stacks, 0 MB globals, 16 P
gc 1668 @7.125s 5%: 0.15+0.52+0.10 ms clock, 2.4+0.43/0.92/0+1.6 ms cpu, 4->5->2 MB, 4 MB goal, 0 MB stacks, 0 MB globals, 16 P
gc 1669 @7.127s 5%: 0.16+0.57+0.13 ms clock, 2.6+0.67/0.98/0+2.1 ms cpu, 4->4->2 MB, 4 MB goal, 0 MB stacks, 0 MB globals, 16 P
gc 1670 @7.129s 5%: 0.11+0.71+0.17 ms clock, 1.9+0.65/0.87/0.026+2.7 ms cpu, 4->4->2 MB, 4 MB goal, 0 MB stacks, 0 MB globals, 16 P
gc 1671 @7.130s 5%: 0.11+0.49+0.14 ms clock, 1.9+0.58/0.99/0.001+2.3 ms cpu, 4->4->2 MB, 4 MB goal, 0 MB stacks, 0 MB globals, 16 P
gc 1672 @7.132s 5%: 0.10+0.77+0.065 ms clock, 1.6+0.65/0.93/0+1.0 ms cpu, 3->4->2 MB, 4 MB goal, 0 MB stacks, 0 MB globals, 16 P
gc 1673 @7.134s 5%: 0.15+0.72+0.13 ms clock, 2.5+0.59/0.81/0.087+2.1 ms cpu, 4->5->2 MB, 5 MB goal, 0 MB stacks, 0 MB globals, 16 P
gc 1674 @7.136s 5%: 0.12+0.44+0.13 ms clock, 2.0+0.63/0.90/0+2.1 ms cpu, 4->4->2 MB, 4 MB goal, 0 MB stacks, 0 MB globals, 16 P
gc 1675 @7.137s 5%: 0.13+0.76+0.10 ms clock, 2.1+0.61/1.1/0+1.7 ms cpu, 3->4->2 MB, 4 MB goal, 0 MB stacks, 0 MB globals, 16 P
gc 1676 @7.139s 5%: 0.14+0.75+0.12 ms clock, 2.3+0.61/0.95/0+1.9 ms cpu, 4->5->2 MB, 5 MB goal, 0 MB stacks, 0 MB globals, 16 P
gc 1677 @7.141s 5%: 0.14+0.59+0.14 ms clock, 2.2+0.59/1.0/0.006+2.3 ms cpu, 4->5->2 MB, 5 MB goal, 0 MB stacks, 0 MB globals, 16 P
gc 1678 @7.143s 5%: 0.19+0.58+0.13 ms clock, 3.1+0.61/0.98/0+2.2 ms cpu, 4->4->2 MB, 4 MB goal, 0 MB stacks, 0 MB globals, 16 P
gc 1679 @7.145s 5%: 0.11+0.58+0.15 ms clock, 1.8+0.68/0.83/0+2.5 ms cpu, 3->4->2 MB, 4 MB goal, 0 MB stacks, 0 MB globals, 16 P
gc 1680 @7.146s 5%: 0.15+0.89+0.11 ms clock, 2.4+0.61/1.0/0+1.8 ms cpu, 4->4->2 MB, 4 MB goal, 0 MB stacks, 0 MB globals, 16 P
gc 1681 @7.148s 5%: 0.13+0.57+0.15 ms clock, 2.1+0.52/1.0/0.004+2.5 ms cpu, 4->5->2 MB, 5 MB goal, 0 MB stacks, 0 MB globals, 16 P
gc 1682 @7.150s 5%: 0.095+0.59+0.18 ms clock, 1.5+0.60/0.92/0.006+2.9 ms cpu, 4->4->2 MB, 4 MB goal, 0 MB stacks, 0 MB globals, 16 P
gc 1683 @7.152s 5%: 0.10+0.61+0.17 ms clock, 1.7+0.64/1.0/0+2.7 ms cpu, 3->4->2 MB, 4 MB goal, 0 MB stacks, 0 MB globals, 16 P
gc 1684 @7.153s 5%: 0.12+0.69+0.11 ms clock, 2.0+0.58/1.0/0.016+1.9 ms cpu, 4->4->2 MB, 4 MB goal, 0 MB stacks, 0 MB globals, 16 P
gc 1685 @7.155s 5%: 0.17+0.80+0.11 ms clock, 2.7+0.54/1.0/0+1.8 ms cpu, 4->5->2 MB, 5 MB goal, 0 MB stacks, 0 MB globals, 16 P
gc 1686 @7.157s 5%: 0.25+0.52+0.14 ms clock, 4.0+0.61/1.0/0+2.2 ms cpu, 4->4->2 MB, 5 MB goal, 0 MB stacks, 0 MB globals, 16 P
gc 1687 @7.159s 5%: 0.11+0.61+0.11 ms clock, 1.8+0.59/0.98/0+1.7 ms cpu, 4->4->2 MB, 4 MB goal, 0 MB stacks, 0 MB globals, 16 P
gc 1688 @7.160s 5%: 0.090+0.55+0.13 ms clock, 1.4+0.62/0.83/0+2.1 ms cpu, 3->4->2 MB, 4 MB goal, 0 MB stacks, 0 MB globals, 16 P
gc 1689 @7.162s 5%: 0.13+0.72+0.051 ms clock, 2.1+0.55/0.98/0.065+0.82 ms cpu, 4->4->2 MB, 4 MB goal, 0 MB stacks, 0 MB globals, 16 P
gc 1690 @7.164s 5%: 0.13+0.58+0.19 ms clock, 2.0+0.65/1.0/0+3.1 ms cpu, 4->5->2 MB, 5 MB goal, 0 MB stacks, 0 MB globals, 16 P
gc 1691 @7.166s 5%: 0.094+0.50+0.13 ms clock, 1.5+0.67/1.0/0.009+2.1 ms cpu, 4->4->2 MB, 4 MB goal, 0 MB stacks, 0 MB globals, 16 P
gc 1692 @7.167s 5%: 0.070+0.57+0.15 ms clock, 1.1+0.62/1.0/0+2.5 ms cpu, 3->4->2 MB, 4 MB goal, 0 MB stacks, 0 MB globals, 16 P
gc 1693 @7.169s 5%: 0.18+0.80+0.19 ms clock, 2.9+0.59/1.1/0+3.1 ms cpu, 3->4->2 MB, 4 MB goal, 0 MB stacks, 0 MB globals, 16 P
gc 1694 @7.171s 5%: 0.10+0.73+0.12 ms clock, 1.7+0.56/1.0/0+2.0 ms cpu, 4->5->2 MB, 5 MB goal, 0 MB stacks, 0 MB globals, 16 P
gc 1695 @7.172s 5%: 0.12+0.56+0.14 ms clock, 1.9+0.60/1.0/0.007+2.2 ms cpu, 4->4->2 MB, 4 MB goal, 0 MB stacks, 0 MB globals, 16 P
gc 1696 @7.174s 5%: 0.087+0.67+0.099 ms clock, 1.4+0.58/0.98/0+1.5 ms cpu, 3->4->2 MB, 4 MB goal, 0 MB stacks, 0 MB globals, 16 P
gc 1697 @7.176s 5%: 0.14+0.52+0.13 ms clock, 2.3+0.59/0.94/0.003+2.2 ms cpu, 4->4->2 MB, 4 MB goal, 0 MB stacks, 0 MB globals, 16 P
gc 1698 @7.177s 5%: 0.11+0.59+0.18 ms clock, 1.8+0.60/0.86/0.055+2.8 ms cpu, 3->4->2 MB, 4 MB goal, 0 MB stacks, 0 MB globals, 16 P
gc 1699 @7.179s 5%: 0.11+0.59+0.16 ms clock, 1.8+0.59/0.93/0.005+2.5 ms cpu, 4->4->2 MB, 4 MB goal, 0 MB stacks, 0 MB globals, 16 P
gc 1700 @7.181s 5%: 0.12+0.56+0.15 ms clock, 1.9+0.85/0.92/0+2.5 ms cpu, 4->4->2 MB, 4 MB goal, 0 MB stacks, 0 MB globals, 16 P
gc 1701 @7.182s 5%: 0.19+0.52+0.14 ms clock, 3.1+0.78/0.79/0+2.3 ms cpu, 3->4->2 MB, 4 MB goal, 0 MB stacks, 0 MB globals, 16 P
gc 1702 @7.184s 5%: 0.18+0.80+0.17 ms clock, 2.8+0.70/1.2/0.002+2.8 ms cpu, 3->4->2 MB, 4 MB goal, 0 MB stacks, 0 MB globals, 16 P
gc 1703 @7.186s 5%: 0.10+0.72+0.097 ms clock, 1.6+0.56/1.2/0+1.5 ms cpu, 4->5->2 MB, 5 MB goal, 0 MB stacks, 0 MB globals, 16 P
gc 1704 @7.188s 5%: 0.11+0.67+0.10 ms clock, 1.7+0.62/0.95/0+1.7 ms cpu, 4->4->2 MB, 4 MB goal, 0 MB stacks, 0 MB globals, 16 P
gc 1705 @7.190s 5%: 0.15+0.60+0.14 ms clock, 2.5+0.62/1.0/0+2.3 ms cpu, 4->4->2 MB, 4 MB goal, 0 MB stacks, 0 MB globals, 16 P
gc 1706 @7.191s 5%: 0.15+0.65+0.11 ms clock, 2.4+0.57/1.0/0+1.9 ms cpu, 4->5->2 MB, 4 MB goal, 0 MB stacks, 0 MB globals, 16 P
gc 1707 @7.193s 5%: 0.15+0.54+0.11 ms clock, 2.4+0.72/0.89/0+1.8 ms cpu, 4->4->2 MB, 5 MB goal, 0 MB stacks, 0 MB globals, 16 P
gc 1708 @7.195s 5%: 0.19+0.71+0.16 ms clock, 3.0+0.63/1.0/0.003+2.7 ms cpu, 3->4->2 MB, 4 MB goal, 0 MB stacks, 0 MB globals, 16 P
gc 1709 @7.197s 5%: 0.11+0.55+0.20 ms clock, 1.8+0.74/0.85/0+3.2 ms cpu, 4->4->2 MB, 5 MB goal, 0 MB stacks, 0 MB globals, 16 P
gc 1710 @7.198s 5%: 0.18+0.69+0.18 ms clock, 3.0+0.61/1.0/0+2.9 ms cpu, 3->4->2 MB, 4 MB goal, 0 MB stacks, 0 MB globals, 16 P
gc 1711 @7.200s 5%: 0.13+0.58+0.14 ms clock, 2.1+0.73/1.1/0+2.3 ms cpu, 4->4->2 MB, 4 MB goal, 0 MB stacks, 0 MB globals, 16 P
gc 1712 @7.202s 5%: 0.14+0.63+0.14 ms clock, 2.3+0.84/0.94/0+2.3 ms cpu, 3->4->2 MB, 4 MB goal, 0 MB stacks, 0 MB globals, 16 P
gc 1713 @7.204s 5%: 0.12+0.83+0.11 ms clock, 1.9+0.62/1.0/0+1.8 ms cpu, 4->5->2 MB, 5 MB goal, 0 MB stacks, 0 MB globals, 16 P
gc 1714 @7.206s 5%: 0.16+0.77+0.17 ms clock, 2.5+0.83/1.2/0+2.7 ms cpu, 4->5->2 MB, 5 MB goal, 0 MB stacks, 0 MB globals, 16 P
gc 1715 @7.208s 5%: 0.19+0.60+0.19 ms clock, 3.0+0.63/1.0/0+3.1 ms cpu, 4->5->2 MB, 5 MB goal, 0 MB stacks, 0 MB globals, 16 P
gc 1716 @7.210s 5%: 0.10+0.55+0.18 ms clock, 1.6+0.55/0.98/0+2.9 ms cpu, 4->4->2 MB, 5 MB goal, 0 MB stacks, 0 MB globals, 16 P
gc 1717 @7.211s 5%: 0.17+0.93+0.095 ms clock, 2.7+0.67/1.1/0+1.5 ms cpu, 3->5->2 MB, 4 MB goal, 0 MB stacks, 0 MB globals, 16 P
gc 1718 @7.214s 5%: 0.11+0.70+0.14 ms clock, 1.8+0.65/1.1/0+2.3 ms cpu, 5->6->2 MB, 6 MB goal, 0 MB stacks, 0 MB globals, 16 P
gc 1719 @7.216s 5%: 0.11+0.83+0.090 ms clock, 1.9+0.72/0.88/0+1.4 ms cpu, 4->4->2 MB, 4 MB goal, 0 MB stacks, 0 MB globals, 16 P
gc 1720 @7.218s 5%: 0.078+0.54+0.11 ms clock, 1.2+0.58/1.0/0.005+1.8 ms cpu, 4->4->2 MB, 5 MB goal, 0 MB stacks, 0 MB globals, 16 P
gc 1721 @7.219s 5%: 0.11+0.67+0.10 ms clock, 1.7+0.69/1.1/0.009+1.6 ms cpu, 3->4->2 MB, 4 MB goal, 0 MB stacks, 0 MB globals, 16 P
gc 1722 @7.221s 5%: 0.13+0.62+0.17 ms clock, 2.1+0.68/0.89/0+2.7 ms cpu, 4->4->2 MB, 4 MB goal, 0 MB stacks, 0 MB globals, 16 P
gc 1723 @7.223s 5%: 0.11+0.59+0.19 ms clock, 1.9+0.70/0.78/0+3.0 ms cpu, 4->4->2 MB, 4 MB goal, 0 MB stacks, 0 MB globals, 16 P
gc 1724 @7.225s 5%: 0.14+0.85+0.10 ms clock, 2.3+0.52/0.98/0.027+1.7 ms cpu, 3->5->2 MB, 4 MB goal, 0 MB stacks, 0 MB globals, 16 P
gc 1725 @7.227s 5%: 0.13+0.85+0.085 ms clock, 2.1+0.66/1.0/0+1.3 ms cpu, 4->5->2 MB, 5 MB goal, 0 MB stacks, 0 MB globals, 16 P
gc 1726 @7.229s 5%: 0.12+0.92+0.084 ms clock, 1.9+0.57/1.0/0+1.3 ms cpu, 4->5->2 MB, 5 MB goal, 0 MB stacks, 0 MB globals, 16 P
gc 1727 @7.231s 5%: 0.096+0.66+0.11 ms clock, 1.5+0.60/1.0/0+1.8 ms cpu, 4->5->2 MB, 5 MB goal, 0 MB stacks, 0 MB globals, 16 P
gc 1728 @7.233s 5%: 0.18+0.59+0.18 ms clock, 2.8+0.86/0.78/0+2.9 ms cpu, 4->4->2 MB, 4 MB goal, 0 MB stacks, 0 MB globals, 16 P
gc 1729 @7.235s 5%: 0.12+0.61+0.085 ms clock, 1.9+0.64/0.91/0+1.3 ms cpu, 4->5->2 MB, 4 MB goal, 0 MB stacks, 0 MB globals, 16 P
gc 1730 @7.237s 5%: 0.14+0.44+0.13 ms clock, 2.3+0.88/0.80/0+2.0 ms cpu, 3->4->2 MB, 4 MB goal, 0 MB stacks, 0 MB globals, 16 P
gc 1731 @7.238s 5%: 0.16+1.1+0.081 ms clock, 2.6+0.54/1.0/0+1.3 ms cpu, 3->4->2 MB, 4 MB goal, 0 MB stacks, 0 MB globals, 16 P
gc 1732 @7.240s 5%: 0.12+0.50+0.13 ms clock, 2.0+0.59/1.0/0+2.2 ms cpu, 4->5->2 MB, 5 MB goal, 0 MB stacks, 0 MB globals, 16 P
gc 1733 @7.242s 5%: 0.18+0.65+0.087 ms clock, 3.0+0.61/0.88/0+1.4 ms cpu, 3->4->2 MB, 4 MB goal, 0 MB stacks, 0 MB globals, 16 P
gc 1734 @7.243s 5%: 0.14+0.71+0.17 ms clock, 2.3+0.79/0.93/0+2.7 ms cpu, 4->4->2 MB, 4 MB goal, 0 MB stacks, 0 MB globals, 16 P
gc 1735 @7.245s 5%: 0.13+0.63+0.087 ms clock, 2.1+0.68/0.95/0+1.4 ms cpu, 4->5->2 MB, 4 MB goal, 0 MB stacks, 0 MB globals, 16 P
gc 1736 @7.247s 5%: 0.16+0.72+0.10 ms clock, 2.5+0.63/0.99/0+1.6 ms cpu, 4->4->2 MB, 4 MB goal, 0 MB stacks, 0 MB globals, 16 P
gc 1737 @7.249s 5%: 0.10+0.78+0.12 ms clock, 1.7+0.53/0.97/0+2.0 ms cpu, 3->5->2 MB, 4 MB goal, 0 MB stacks, 0 MB globals, 16 P
gc 1738 @7.251s 5%: 0.12+0.61+0.16 ms clock, 1.9+0.58/1.0/0+2.6 ms cpu, 4->5->2 MB, 5 MB goal, 0 MB stacks, 0 MB globals, 16 P
gc 1739 @7.253s 5%: 0.12+0.66+0.11 ms clock, 1.9+0.68/0.79/0+1.7 ms cpu, 4->4->2 MB, 4 MB goal, 0 MB stacks, 0 MB globals, 16 P
gc 1740 @7.254s 5%: 0.11+0.56+0.16 ms clock, 1.7+0.62/0.84/0+2.6 ms cpu, 4->4->2 MB, 4 MB goal, 0 MB stacks, 0 MB globals, 16 P
gc 1741 @7.256s 5%: 0.10+0.68+0.13 ms clock, 1.7+0.68/0.85/0+2.1 ms cpu, 3->4->2 MB, 4 MB goal, 0 MB stacks, 0 MB globals, 16 P
gc 1742 @7.258s 5%: 0.10+0.75+0.073 ms clock, 1.6+0.57/0.93/0+1.1 ms cpu, 4->5->2 MB, 5 MB goal, 0 MB stacks, 0 MB globals, 16 P
gc 1743 @7.260s 5%: 0.14+0.97+0.11 ms clock, 2.3+0.66/0.88/0+1.8 ms cpu, 4->5->2 MB, 4 MB goal, 0 MB stacks, 0 MB globals, 16 P
gc 1744 @7.262s 5%: 0.15+0.67+0.079 ms clock, 2.4+0.68/0.88/0.024+1.2 ms cpu, 4->5->2 MB, 5 MB goal, 0 MB stacks, 0 MB globals, 16 P
gc 1745 @7.264s 5%: 0.14+0.68+0.12 ms clock, 2.2+0.64/0.91/0+1.9 ms cpu, 3->4->2 MB, 4 MB goal, 0 MB stacks, 0 MB globals, 16 P
gc 1746 @7.266s 5%: 0.10+0.86+0.093 ms clock, 1.7+0.66/0.99/0.030+1.4 ms cpu, 4->5->2 MB, 5 MB goal, 0 MB stacks, 0 MB globals, 16 P
gc 1747 @7.268s 5%: 0.13+0.93+0.099 ms clock, 2.1+0.51/0.98/0+1.5 ms cpu, 4->5->2 MB, 5 MB goal, 0 MB stacks, 0 MB globals, 16 P
gc 1748 @7.270s 5%: 0.12+0.64+0.20 ms clock, 1.9+0.74/0.79/0+3.2 ms cpu, 4->5->2 MB, 5 MB goal, 0 MB stacks, 0 MB globals, 16 P
gc 1749 @7.272s 5%: 0.15+0.65+0.094 ms clock, 2.4+0.60/1.0/0+1.5 ms cpu, 3->4->2 MB, 4 MB goal, 0 MB stacks, 0 MB globals, 16 P
gc 1750 @7.274s 5%: 0.10+0.78+0.13 ms clock, 1.7+0.58/0.93/0.12+2.1 ms cpu, 4->5->2 MB, 5 MB goal, 0 MB stacks, 0 MB globals, 16 P
gc 1751 @7.276s 5%: 0.17+0.70+0.13 ms clock, 2.8+0.61/0.88/0+2.1 ms cpu, 4->5->2 MB, 5 MB goal, 0 MB stacks, 0 MB globals, 16 P
gc 1752 @7.278s 5%: 0.14+0.74+0.086 ms clock, 2.2+0.65/0.87/0+1.3 ms cpu, 4->5->2 MB, 5 MB goal, 0 MB stacks, 0 MB globals, 16 P
gc 1753 @7.280s 5%: 0.15+0.66+0.17 ms clock, 2.4+0.65/1.0/0+2.7 ms cpu, 4->5->2 MB, 5 MB goal, 0 MB stacks, 0 MB globals, 16 P
gc 1754 @7.281s 5%: 0.12+0.67+0.14 ms clock, 1.9+0.53/1.0/0+2.2 ms cpu, 4->4->2 MB, 4 MB goal, 0 MB stacks, 0 MB globals, 16 P
gc 1755 @7.283s 5%: 0.16+0.68+0.21 ms clock, 2.6+0.70/1.0/0+3.4 ms cpu, 4->5->2 MB, 4 MB goal, 0 MB stacks, 0 MB globals, 16 P
gc 1756 @7.285s 5%: 0.13+0.79+0.10 ms clock, 2.2+0.51/1.0/0.049+1.6 ms cpu, 4->5->2 MB, 5 MB goal, 0 MB stacks, 0 MB globals, 16 P
gc 1757 @7.287s 5%: 0.13+0.76+0.11 ms clock, 2.1+0.50/1.0/0.016+1.8 ms cpu, 4->5->2 MB, 5 MB goal, 0 MB stacks, 0 MB globals, 16 P
gc 1758 @7.289s 5%: 0.11+0.58+0.083 ms clock, 1.8+0.73/0.87/0+1.3 ms cpu, 4->4->2 MB, 5 MB goal, 0 MB stacks, 0 MB globals, 16 P
gc 1759 @7.291s 5%: 0.085+0.57+0.14 ms clock, 1.3+0.66/0.92/0+2.3 ms cpu, 3->4->2 MB, 4 MB goal, 0 MB stacks, 0 MB globals, 16 P
gc 1760 @7.292s 5%: 0.16+0.72+0.21 ms clock, 2.6+0.63/1.0/0+3.4 ms cpu, 4->4->2 MB, 4 MB goal, 0 MB stacks, 0 MB globals, 16 P
gc 1761 @7.294s 5%: 0.11+0.76+0.11 ms clock, 1.8+0.50/0.93/0+1.8 ms cpu, 4->5->2 MB, 5 MB goal, 0 MB stacks, 0 MB globals, 16 P
gc 1762 @7.296s 5%: 0.15+0.63+0.15 ms clock, 2.5+0.71/1.0/0+2.4 ms cpu, 4->4->2 MB, 4 MB goal, 0 MB stacks, 0 MB globals, 16 P
gc 1763 @7.298s 5%: 0.17+0.65+0.10 ms clock, 2.8+0.56/0.94/0+1.6 ms cpu, 4->5->2 MB, 5 MB goal, 0 MB stacks, 0 MB globals, 16 P
gc 1764 @7.300s 5%: 0.14+0.76+0.14 ms clock, 2.2+0.61/1.0/0+2.3 ms cpu, 4->5->2 MB, 4 MB goal, 0 MB stacks, 0 MB globals, 16 P
gc 1765 @7.302s 5%: 0.11+0.94+0.088 ms clock, 1.8+0.56/1.0/0+1.4 ms cpu, 4->5->2 MB, 5 MB goal, 0 MB stacks, 0 MB globals, 16 P
gc 1766 @7.304s 5%: 0.14+0.70+0.13 ms clock, 2.2+0.73/1.0/0+2.1 ms cpu, 4->4->2 MB, 4 MB goal, 0 MB stacks, 0 MB globals, 16 P
gc 1767 @7.305s 5%: 0.19+0.56+0.19 ms clock, 3.0+0.70/0.96/0.003+3.0 ms cpu, 4->5->2 MB, 5 MB goal, 0 MB stacks, 0 MB globals, 16 P
gc 1768 @7.307s 5%: 0.16+0.60+0.14 ms clock, 2.5+0.73/1.0/0+2.3 ms cpu, 4->4->2 MB, 4 MB goal, 0 MB stacks, 0 MB globals, 16 P
gc 1769 @7.309s 5%: 0.11+0.63+0.13 ms clock, 1.7+0.73/0.99/0+2.1 ms cpu, 4->4->2 MB, 4 MB goal, 0 MB stacks, 0 MB globals, 16 P
gc 1770 @7.311s 5%: 0.16+0.78+0.19 ms clock, 2.6+0.73/1.1/0+3.1 ms cpu, 4->5->2 MB, 5 MB goal, 0 MB stacks, 0 MB globals, 16 P
gc 1771 @7.313s 5%: 0.11+0.82+0.11 ms clock, 1.8+0.73/1.0/0+1.7 ms cpu, 4->5->2 MB, 5 MB goal, 0 MB stacks, 0 MB globals, 16 P
gc 1772 @7.315s 5%: 0.11+0.69+0.16 ms clock, 1.8+0.61/0.92/0+2.7 ms cpu, 4->5->2 MB, 5 MB goal, 0 MB stacks, 0 MB globals, 16 P
gc 1773 @7.317s 5%: 0.16+0.70+0.12 ms clock, 2.7+0.70/0.82/0+1.9 ms cpu, 4->4->2 MB, 4 MB goal, 0 MB stacks, 0 MB globals, 16 P
gc 1774 @7.319s 5%: 0.15+0.55+0.16 ms clock, 2.4+0.62/0.83/0+2.6 ms cpu, 4->5->2 MB, 5 MB goal, 0 MB stacks, 0 MB globals, 16 P
gc 1775 @7.320s 5%: 0.18+1.1+0.087 ms clock, 2.9+0.74/1.0/0+1.3 ms cpu, 4->5->2 MB, 4 MB goal, 0 MB stacks, 0 MB globals, 16 P
gc 1776 @7.323s 5%: 0.19+0.74+0.18 ms clock, 3.1+0.80/0.93/0+2.8 ms cpu, 5->5->2 MB, 6 MB goal, 0 MB stacks, 0 MB globals, 16 P
gc 1777 @7.325s 5%: 0.21+0.58+0.15 ms clock, 3.4+0.66/0.94/0+2.4 ms cpu, 3->4->2 MB, 4 MB goal, 0 MB stacks, 0 MB globals, 16 P
gc 1778 @7.327s 5%: 0.18+1.1+0.10 ms clock, 2.8+0.72/1.0/0+1.6 ms cpu, 4->5->2 MB, 5 MB goal, 0 MB stacks, 0 MB globals, 16 P
gc 1779 @7.329s 5%: 0.10+0.71+0.093 ms clock, 1.6+0.47/0.95/0+1.5 ms cpu, 5->5->2 MB, 5 MB goal, 0 MB stacks, 0 MB globals, 16 P
gc 1780 @7.331s 5%: 0.14+0.71+0.16 ms clock, 2.3+0.66/0.96/0+2.6 ms cpu, 4->5->2 MB, 4 MB goal, 0 MB stacks, 0 MB globals, 16 P
gc 1781 @7.333s 5%: 0.13+0.61+0.17 ms clock, 2.2+0.62/0.89/0+2.8 ms cpu, 4->4->2 MB, 4 MB goal, 0 MB stacks, 0 MB globals, 16 P
gc 1782 @7.335s 5%: 0.11+0.70+0.13 ms clock, 1.9+0.66/0.84/0+2.0 ms cpu, 3->4->2 MB, 4 MB goal, 0 MB stacks, 0 MB globals, 16 P
gc 1783 @7.336s 5%: 0.13+0.62+0.10 ms clock, 2.1+0.57/0.89/0+1.7 ms cpu, 4->5->2 MB, 5 MB goal, 0 MB stacks, 0 MB globals, 16 P
gc 1784 @7.338s 5%: 0.11+0.70+0.10 ms clock, 1.8+0.60/0.81/0.029+1.7 ms cpu, 4->4->2 MB, 4 MB goal, 0 MB stacks, 0 MB globals, 16 P
gc 1785 @7.340s 5%: 0.10+0.46+0.13 ms clock, 1.6+0.55/0.93/0.020+2.1 ms cpu, 4->4->1 MB, 4 MB goal, 0 MB stacks, 0 MB globals, 16 P
gc 1786 @7.341s 5%: 0.15+0.57+0.19 ms clock, 2.4+0.47/0.98/0.005+3.1 ms cpu, 3->4->2 MB, 4 MB goal, 0 MB stacks, 0 MB globals, 16 P
gc 1787 @7.343s 5%: 0.13+0.53+0.22 ms clock, 2.2+0.61/1.0/0+3.5 ms cpu, 4->4->2 MB, 4 MB goal, 0 MB stacks, 0 MB globals, 16 P
gc 1788 @7.345s 5%: 0.12+0.67+0.14 ms clock, 2.0+0.61/0.84/0+2.2 ms cpu, 4->4->2 MB, 4 MB goal, 0 MB stacks, 0 MB globals, 16 P
gc 1789 @7.346s 5%: 0.11+0.79+0.057 ms clock, 1.8+0.54/0.90/0.011+0.91 ms cpu, 4->4->2 MB, 4 MB goal, 0 MB stacks, 0 MB globals, 16 P
gc 1790 @7.348s 5%: 0.12+0.61+0.10 ms clock, 2.0+0.54/0.91/0.057+1.6 ms cpu, 4->4->2 MB, 4 MB goal, 0 MB stacks, 0 MB globals, 16 P
gc 1791 @7.350s 5%: 0.13+0.77+0.097 ms clock, 2.1+0.55/1.0/0+1.5 ms cpu, 4->4->2 MB, 4 MB goal, 0 MB stacks, 0 MB globals, 16 P
gc 1792 @7.352s 5%: 0.13+0.79+0.093 ms clock, 2.2+0.62/0.85/0+1.4 ms cpu, 4->4->2 MB, 4 MB goal, 0 MB stacks, 0 MB globals, 16 P
gc 1793 @7.354s 5%: 0.12+0.55+0.14 ms clock, 2.0+0.62/0.96/0.002+2.2 ms cpu, 4->5->2 MB, 4 MB goal, 0 MB stacks, 0 MB globals, 16 P
gc 1794 @7.355s 5%: 0.13+0.71+0.10 ms clock, 2.0+0.56/1.0/0.073+1.7 ms cpu, 4->4->2 MB, 4 MB goal, 0 MB stacks, 0 MB globals, 16 P
gc 1795 @7.357s 5%: 0.12+0.70+0.16 ms clock, 2.0+0.57/0.95/0+2.6 ms cpu, 4->4->2 MB, 4 MB goal, 0 MB stacks, 0 MB globals, 16 P
gc 1796 @7.359s 5%: 0.11+0.68+0.073 ms clock, 1.9+0.59/0.91/0+1.1 ms cpu, 4->5->2 MB, 4 MB goal, 0 MB stacks, 0 MB globals, 16 P
gc 1797 @7.361s 6%: 0.15+0.78+0.093 ms clock, 2.4+0.59/1.0/0+1.5 ms cpu, 4->5->2 MB, 4 MB goal, 0 MB stacks, 0 MB globals, 16 P
gc 1798 @7.363s 6%: 0.10+0.59+0.15 ms clock, 1.7+0.52/0.93/0+2.5 ms cpu, 4->5->2 MB, 5 MB goal, 0 MB stacks, 0 MB globals, 16 P
gc 1799 @7.364s 6%: 0.17+0.61+0.14 ms clock, 2.8+0.72/1.0/0+2.3 ms cpu, 3->4->2 MB, 4 MB goal, 0 MB stacks, 0 MB globals, 16 P
gc 1800 @7.366s 6%: 0.18+0.82+0.12 ms clock, 3.0+0.76/1.0/0+2.0 ms cpu, 4->5->2 MB, 5 MB goal, 0 MB stacks, 0 MB globals, 16 P
gc 1801 @7.368s 6%: 0.15+0.69+0.095 ms clock, 2.5+0.75/0.91/0+1.5 ms cpu, 4->5->2 MB, 5 MB goal, 0 MB stacks, 0 MB globals, 16 P
gc 1802 @7.370s 6%: 0.12+0.59+0.11 ms clock, 1.9+0.49/0.99/0+1.8 ms cpu, 4->5->2 MB, 5 MB goal, 0 MB stacks, 0 MB globals, 16 P
gc 1803 @7.372s 6%: 0.12+0.56+0.18 ms clock, 2.0+0.66/1.0/0+2.9 ms cpu, 4->4->2 MB, 4 MB goal, 0 MB stacks, 0 MB globals, 16 P
gc 1804 @7.374s 6%: 0.12+0.60+0.18 ms clock, 2.0+0.65/0.95/0.001+2.9 ms cpu, 4->4->2 MB, 4 MB goal, 0 MB stacks, 0 MB globals, 16 P
gc 1805 @7.376s 6%: 0.12+0.71+0.14 ms clock, 1.9+0.50/1.0/0.015+2.3 ms cpu, 4->5->2 MB, 4 MB goal, 0 MB stacks, 0 MB globals, 16 P
gc 1806 @7.378s 6%: 0.12+0.47+0.18 ms clock, 2.0+0.70/0.84/0.10+3.0 ms cpu, 4->5->2 MB, 5 MB goal, 0 MB stacks, 0 MB globals, 16 P
gc 1807 @7.379s 6%: 0.13+0.70+0.16 ms clock, 2.2+0.64/0.99/0+2.5 ms cpu, 3->4->2 MB, 4 MB goal, 0 MB stacks, 0 MB globals, 16 P
gc 1808 @7.381s 6%: 0.10+0.67+0.12 ms clock, 1.7+0.55/1.0/0+1.9 ms cpu, 4->5->2 MB, 4 MB goal, 0 MB stacks, 0 MB globals, 16 P
gc 1809 @7.383s 6%: 0.19+0.91+0.096 ms clock, 3.1+0.81/1.3/0.016+1.5 ms cpu, 4->5->2 MB, 4 MB goal, 0 MB stacks, 0 MB globals, 16 P
gc 1810 @7.385s 6%: 0.14+0.56+0.18 ms clock, 2.2+0.57/1.0/0+3.0 ms cpu, 4->5->2 MB, 5 MB goal, 0 MB stacks, 0 MB globals, 16 P
gc 1811 @7.387s 6%: 0.13+0.59+0.12 ms clock, 2.2+0.66/1.0/0+2.0 ms cpu, 3->4->2 MB, 4 MB goal, 0 MB stacks, 0 MB globals, 16 P
gc 1812 @7.388s 6%: 0.10+0.70+0.19 ms clock, 1.7+0.63/1.1/0+3.0 ms cpu, 4->5->2 MB, 4 MB goal, 0 MB stacks, 0 MB globals, 16 P
gc 1813 @7.390s 6%: 0.14+0.63+0.16 ms clock, 2.3+0.67/1.0/0+2.5 ms cpu, 4->5->2 MB, 4 MB goal, 0 MB stacks, 0 MB globals, 16 P
gc 1814 @7.392s 6%: 0.13+0.58+0.27 ms clock, 2.2+0.72/0.88/0+4.4 ms cpu, 4->4->2 MB, 4 MB goal, 0 MB stacks, 0 MB globals, 16 P
gc 1815 @7.394s 6%: 0.14+0.71+0.18 ms clock, 2.3+0.66/0.99/0+2.9 ms cpu, 3->4->2 MB, 4 MB goal, 0 MB stacks, 0 MB globals, 16 P
gc 1816 @7.396s 6%: 0.11+0.89+0.11 ms clock, 1.8+0.78/0.93/0.079+1.8 ms cpu, 4->5->2 MB, 4 MB goal, 0 MB stacks, 0 MB globals, 16 P
gc 1817 @7.398s 6%: 0.096+0.70+0.11 ms clock, 1.5+0.59/1.1/0+1.7 ms cpu, 4->5->2 MB, 5 MB goal, 0 MB stacks, 0 MB globals, 16 P
gc 1818 @7.400s 6%: 0.18+0.61+0.13 ms clock, 2.9+0.62/1.0/0.001+2.1 ms cpu, 4->4->2 MB, 4 MB goal, 0 MB stacks, 0 MB globals, 16 P
gc 1819 @7.401s 6%: 0.14+0.59+0.18 ms clock, 2.2+0.62/0.93/0+2.9 ms cpu, 4->4->2 MB, 4 MB goal, 0 MB stacks, 0 MB globals, 16 P
gc 1820 @7.403s 6%: 0.12+0.75+0.12 ms clock, 1.9+0.63/1.1/0+2.0 ms cpu, 4->4->2 MB, 4 MB goal, 0 MB stacks, 0 MB globals, 16 P
gc 1821 @7.405s 6%: 0.12+0.71+0.097 ms clock, 1.9+0.69/1.0/0+1.5 ms cpu, 4->4->2 MB, 4 MB goal, 0 MB stacks, 0 MB globals, 16 P
gc 1822 @7.407s 6%: 0.14+0.55+0.15 ms clock, 2.3+0.56/0.90/0+2.4 ms cpu, 4->4->2 MB, 4 MB goal, 0 MB stacks, 0 MB globals, 16 P
gc 1823 @7.408s 6%: 0.11+0.68+0.13 ms clock, 1.8+0.67/1.1/0+2.1 ms cpu, 3->4->2 MB, 4 MB goal, 0 MB stacks, 0 MB globals, 16 P
gc 1824 @7.410s 6%: 0.14+0.58+0.16 ms clock, 2.3+0.63/0.92/0+2.7 ms cpu, 4->4->2 MB, 4 MB goal, 0 MB stacks, 0 MB globals, 16 P
gc 1825 @7.412s 6%: 0.15+0.84+0.078 ms clock, 2.4+0.52/1.1/0.002+1.2 ms cpu, 4->5->2 MB, 4 MB goal, 0 MB stacks, 0 MB globals, 16 P
gc 1826 @7.414s 6%: 0.12+0.76+0.017 ms clock, 2.0+0.71/0.85/0.029+0.28 ms cpu, 4->5->2 MB, 5 MB goal, 0 MB stacks, 0 MB globals, 16 P
gc 1827 @7.416s 6%: 0.13+0.47+0.15 ms clock, 2.2+0.81/0.81/0+2.4 ms cpu, 4->4->2 MB, 4 MB goal, 0 MB stacks, 0 MB globals, 16 P
gc 1828 @7.417s 6%: 0.11+0.85+0.048 ms clock, 1.8+0.57/0.92/0+0.77 ms cpu, 3->4->2 MB, 4 MB goal, 0 MB stacks, 0 MB globals, 16 P
gc 1829 @7.419s 6%: 0.16+0.58+0.10 ms clock, 2.6+0.59/0.91/0+1.7 ms cpu, 4->4->2 MB, 4 MB goal, 0 MB stacks, 0 MB globals, 16 P
gc 1830 @7.421s 6%: 0.15+0.71+0.19 ms clock, 2.4+0.64/0.91/0+3.0 ms cpu, 4->5->2 MB, 5 MB goal, 0 MB stacks, 0 MB globals, 16 P
gc 1831 @7.423s 6%: 0.12+0.74+0.10 ms clock, 1.9+0.61/0.94/0+1.7 ms cpu, 4->5->2 MB, 5 MB goal, 0 MB stacks, 0 MB globals, 16 P
gc 1832 @7.425s 6%: 0.13+0.78+0.12 ms clock, 2.1+0.69/1.0/0.008+1.9 ms cpu, 4->5->2 MB, 4 MB goal, 0 MB stacks, 0 MB globals, 16 P
gc 1833 @7.427s 6%: 0.095+0.72+0.11 ms clock, 1.5+0.40/1.0/0+1.7 ms cpu, 4->5->2 MB, 5 MB goal, 0 MB stacks, 0 MB globals, 16 P
gc 1834 @7.429s 6%: 0.10+0.66+0.15 ms clock, 1.6+0.73/0.94/0+2.5 ms cpu, 4->5->2 MB, 4 MB goal, 0 MB stacks, 0 MB globals, 16 P
gc 1835 @7.431s 6%: 0.10+0.52+0.16 ms clock, 1.6+0.70/0.91/0+2.6 ms cpu, 4->4->2 MB, 4 MB goal, 0 MB stacks, 0 MB globals, 16 P
gc 1836 @7.432s 6%: 0.14+0.91+0.16 ms clock, 2.3+0.73/1.0/0+2.6 ms cpu, 3->5->2 MB, 4 MB goal, 0 MB stacks, 0 MB globals, 16 P
gc 1837 @7.434s 6%: 0.12+0.76+0.10 ms clock, 2.0+0.59/1.0/0.026+1.6 ms cpu, 4->5->2 MB, 5 MB goal, 0 MB stacks, 0 MB globals, 16 P
gc 1838 @7.436s 6%: 0.11+0.67+0.15 ms clock, 1.8+0.65/0.99/0.034+2.4 ms cpu, 4->5->2 MB, 5 MB goal, 0 MB stacks, 0 MB globals, 16 P
gc 1839 @7.438s 6%: 0.16+0.67+0.10 ms clock, 2.6+0.63/0.98/0.007+1.6 ms cpu, 3->4->2 MB, 4 MB goal, 0 MB stacks, 0 MB globals, 16 P
gc 1840 @7.440s 6%: 0.14+0.66+0.18 ms clock, 2.3+0.75/0.89/0+2.8 ms cpu, 4->4->2 MB, 4 MB goal, 0 MB stacks, 0 MB globals, 16 P
gc 1841 @7.442s 6%: 0.18+0.97+0.097 ms clock, 3.0+0.63/0.93/0+1.5 ms cpu, 3->5->2 MB, 4 MB goal, 0 MB stacks, 0 MB globals, 16 P
gc 1842 @7.444s 6%: 0.12+0.71+0.14 ms clock, 1.9+0.60/1.0/0+2.3 ms cpu, 4->5->2 MB, 5 MB goal, 0 MB stacks, 0 MB globals, 16 P
gc 1843 @7.446s 6%: 0.096+0.70+0.13 ms clock, 1.5+0.81/1.0/0+2.1 ms cpu, 4->5->2 MB, 4 MB goal, 0 MB stacks, 0 MB globals, 16 P
gc 1844 @7.448s 6%: 0.14+0.66+0.081 ms clock, 2.3+0.64/0.93/0+1.3 ms cpu, 4->4->2 MB, 4 MB goal, 0 MB stacks, 0 MB globals, 16 P
gc 1845 @7.449s 6%: 0.13+0.52+0.13 ms clock, 2.1+0.50/0.94/0+2.2 ms cpu, 4->4->2 MB, 4 MB goal, 0 MB stacks, 0 MB globals, 16 P
gc 1846 @7.451s 6%: 0.14+0.64+0.15 ms clock, 2.3+0.78/0.92/0+2.4 ms cpu, 3->4->2 MB, 4 MB goal, 0 MB stacks, 0 MB globals, 16 P
gc 1847 @7.453s 6%: 0.10+0.58+0.11 ms clock, 1.6+0.68/0.79/0+1.8 ms cpu, 4->5->2 MB, 5 MB goal, 0 MB stacks, 0 MB globals, 16 P
gc 1848 @7.454s 6%: 0.11+0.68+0.21 ms clock, 1.7+0.59/0.93/0+3.4 ms cpu, 4->4->2 MB, 4 MB goal, 0 MB stacks, 0 MB globals, 16 P
gc 1849 @7.456s 6%: 0.12+0.69+0.11 ms clock, 2.0+0.60/0.96/0+1.8 ms cpu, 4->5->2 MB, 4 MB goal, 0 MB stacks, 0 MB globals, 16 P
gc 1850 @7.458s 6%: 0.086+0.79+0.12 ms clock, 1.3+0.60/0.89/0+1.9 ms cpu, 4->5->2 MB, 4 MB goal, 0 MB stacks, 0 MB globals, 16 P
gc 1851 @7.460s 6%: 0.22+0.93+0.11 ms clock, 3.6+0.61/1.1/0+1.8 ms cpu, 4->5->2 MB, 5 MB goal, 0 MB stacks, 0 MB globals, 16 P
gc 1852 @7.462s 6%: 0.11+0.68+0.12 ms clock, 1.8+0.65/0.96/0.005+2.0 ms cpu, 4->5->2 MB, 5 MB goal, 0 MB stacks, 0 MB globals, 16 P
gc 1853 @7.464s 6%: 0.21+0.79+0.10 ms clock, 3.4+0.73/0.91/0+1.6 ms cpu, 4->5->2 MB, 5 MB goal, 0 MB stacks, 0 MB globals, 16 P
gc 1854 @7.466s 6%: 0.14+0.82+0.13 ms clock, 2.3+0.66/0.93/0+2.1 ms cpu, 4->5->2 MB, 5 MB goal, 0 MB stacks, 0 MB globals, 16 P
gc 1855 @7.468s 6%: 0.15+0.59+0.14 ms clock, 2.4+0.57/0.96/0+2.3 ms cpu, 4->5->2 MB, 5 MB goal, 0 MB stacks, 0 MB globals, 16 P
gc 1856 @7.470s 6%: 0.14+0.60+0.14 ms clock, 2.2+0.74/0.82/0+2.2 ms cpu, 4->5->2 MB, 4 MB goal, 0 MB stacks, 0 MB globals, 16 P
gc 1857 @7.472s 6%: 0.095+0.64+0.099 ms clock, 1.5+0.59/1.0/0+1.5 ms cpu, 4->4->2 MB, 4 MB goal, 0 MB stacks, 0 MB globals, 16 P
gc 1858 @7.474s 6%: 0.15+0.71+0.20 ms clock, 2.4+0.67/1.0/0+3.3 ms cpu, 4->5->2 MB, 4 MB goal, 0 MB stacks, 0 MB globals, 16 P
gc 1859 @7.476s 6%: 0.14+0.72+0.12 ms clock, 2.3+0.65/1.0/0+2.0 ms cpu, 4->5->2 MB, 5 MB goal, 0 MB stacks, 0 MB globals, 16 P
gc 1860 @7.478s 6%: 0.19+0.87+0.073 ms clock, 3.0+0.62/1.2/0.031+1.1 ms cpu, 4->5->2 MB, 5 MB goal, 0 MB stacks, 0 MB globals, 16 P
gc 1861 @7.480s 6%: 0.094+0.69+0.097 ms clock, 1.5+0.65/0.88/0.013+1.5 ms cpu, 4->5->2 MB, 5 MB goal, 0 MB stacks, 0 MB globals, 16 P
gc 1862 @7.482s 6%: 0.11+0.78+0.12 ms clock, 1.8+0.77/0.89/0.019+1.9 ms cpu, 4->5->2 MB, 4 MB goal, 0 MB stacks, 0 MB globals, 16 P
gc 1863 @7.484s 6%: 0.11+0.56+0.12 ms clock, 1.9+0.56/0.94/0+1.9 ms cpu, 4->5->2 MB, 5 MB goal, 0 MB stacks, 0 MB globals, 16 P
gc 1864 @7.485s 6%: 0.14+0.50+0.091 ms clock, 2.2+0.66/1.0/0+1.4 ms cpu, 3->4->2 MB, 4 MB goal, 0 MB stacks, 0 MB globals, 16 P
gc 1865 @7.487s 6%: 0.13+0.52+0.14 ms clock, 2.1+0.78/0.94/0+2.2 ms cpu, 3->4->2 MB, 4 MB goal, 0 MB stacks, 0 MB globals, 16 P
gc 1866 @7.489s 6%: 0.16+0.77+0.075 ms clock, 2.7+0.68/0.90/0+1.2 ms cpu, 3->4->2 MB, 4 MB goal, 0 MB stacks, 0 MB globals, 16 P
gc 1867 @7.490s 6%: 0.10+0.91+0.10 ms clock, 1.7+0.49/1.0/0+1.6 ms cpu, 4->5->2 MB, 5 MB goal, 0 MB stacks, 0 MB globals, 16 P
gc 1868 @7.493s 6%: 0.089+0.65+0.15 ms clock, 1.4+0.62/0.87/0+2.5 ms cpu, 4->5->2 MB, 5 MB goal, 0 MB stacks, 0 MB globals, 16 P
gc 1869 @7.494s 6%: 0.10+0.64+0.089 ms clock, 1.7+0.64/0.92/0+1.4 ms cpu, 4->4->2 MB, 4 MB goal, 0 MB stacks, 0 MB globals, 16 P
gc 1870 @7.496s 6%: 0.11+0.58+0.16 ms clock, 1.8+0.69/0.89/0+2.6 ms cpu, 3->4->2 MB, 4 MB goal, 0 MB stacks, 0 MB globals, 16 P
gc 1871 @7.498s 6%: 0.22+0.62+0.081 ms clock, 3.5+0.64/0.99/0.003+1.3 ms cpu, 3->4->2 MB, 4 MB goal, 0 MB stacks, 0 MB globals, 16 P
gc 1872 @7.499s 6%: 0.12+0.80+0.10 ms clock, 1.9+0.73/1.0/0+1.6 ms cpu, 4->4->2 MB, 4 MB goal, 0 MB stacks, 0 MB globals, 16 P
gc 1873 @7.501s 6%: 0.12+0.82+0.21 ms clock, 2.0+0.68/0.99/0.029+3.5 ms cpu, 4->5->2 MB, 5 MB goal, 0 MB stacks, 0 MB globals, 16 P
gc 1874 @7.503s 6%: 0.12+0.69+0.13 ms clock, 2.0+0.76/0.99/0.057+2.1 ms cpu, 4->5->2 MB, 5 MB goal, 0 MB stacks, 0 MB globals, 16 P
gc 1875 @7.505s 6%: 0.18+0.78+0.091 ms clock, 2.9+0.65/0.82/0+1.4 ms cpu, 4->5->2 MB, 4 MB goal, 0 MB stacks, 0 MB globals, 16 P
gc 1876 @7.507s 6%: 0.11+0.58+0.19 ms clock, 1.8+0.64/1.0/0.004+3.0 ms cpu, 4->5->2 MB, 5 MB goal, 0 MB stacks, 0 MB globals, 16 P
gc 1877 @7.509s 6%: 0.11+0.82+0.18 ms clock, 1.8+0.72/1.2/0+2.9 ms cpu, 4->5->2 MB, 4 MB goal, 0 MB stacks, 0 MB globals, 16 P
gc 1878 @7.511s 6%: 0.13+0.68+0.14 ms clock, 2.2+0.56/0.96/0.037+2.3 ms cpu, 4->5->2 MB, 5 MB goal, 0 MB stacks, 0 MB globals, 16 P
gc 1879 @7.513s 6%: 0.16+0.52+0.15 ms clock, 2.6+0.52/0.85/0+2.5 ms cpu, 4->4->2 MB, 5 MB goal, 0 MB stacks, 0 MB globals, 16 P
gc 1880 @7.515s 6%: 0.11+0.75+0.043 ms clock, 1.7+0.73/0.99/0+0.70 ms cpu, 3->4->2 MB, 4 MB goal, 0 MB stacks, 0 MB globals, 16 P
gc 1881 @7.516s 6%: 0.11+0.70+0.12 ms clock, 1.8+0.57/0.88/0.049+1.9 ms cpu, 4->5->2 MB, 5 MB goal, 0 MB stacks, 0 MB globals, 16 P
gc 1882 @7.518s 6%: 0.10+0.51+0.18 ms clock, 1.6+0.57/0.73/0.081+2.9 ms cpu, 4->4->1 MB, 4 MB goal, 0 MB stacks, 0 MB globals, 16 P
gc 1883 @7.520s 6%: 0.16+0.64+0.13 ms clock, 2.6+0.73/1.0/0+2.1 ms cpu, 3->4->2 MB, 4 MB goal, 0 MB stacks, 0 MB globals, 16 P
gc 1884 @7.522s 6%: 0.078+0.79+0.11 ms clock, 1.2+0.60/1.0/0.003+1.7 ms cpu, 4->5->2 MB, 5 MB goal, 0 MB stacks, 0 MB globals, 16 P
gc 1885 @7.524s 6%: 0.11+0.71+0.059 ms clock, 1.8+0.65/1.0/0+0.94 ms cpu, 4->5->2 MB, 5 MB goal, 0 MB stacks, 0 MB globals, 16 P
gc 1886 @7.525s 6%: 0.12+0.57+0.16 ms clock, 2.0+0.71/0.99/0.044+2.5 ms cpu, 4->4->2 MB, 4 MB goal, 0 MB stacks, 0 MB globals, 16 P
gc 1887 @7.527s 6%: 0.11+0.70+0.12 ms clock, 1.8+0.63/1.0/0+1.9 ms cpu, 3->4->2 MB, 4 MB goal, 0 MB stacks, 0 MB globals, 16 P
gc 1888 @7.529s 6%: 0.12+0.72+0.12 ms clock, 1.9+0.50/1.0/0+2.0 ms cpu, 4->5->2 MB, 5 MB goal, 0 MB stacks, 0 MB globals, 16 P
gc 1889 @7.531s 6%: 0.13+0.60+0.069 ms clock, 2.2+0.65/0.90/0.009+1.1 ms cpu, 4->4->2 MB, 4 MB goal, 0 MB stacks, 0 MB globals, 16 P
gc 1890 @7.532s 6%: 0.23+0.70+0.15 ms clock, 3.7+0.75/0.91/0+2.5 ms cpu, 3->4->2 MB, 4 MB goal, 0 MB stacks, 0 MB globals, 16 P
gc 1891 @7.535s 6%: 0.17+0.64+0.18 ms clock, 2.7+0.69/0.86/0+2.9 ms cpu, 4->5->2 MB, 5 MB goal, 0 MB stacks, 0 MB globals, 16 P
gc 1892 @7.536s 6%: 0.13+0.64+0.11 ms clock, 2.2+0.67/1.0/0+1.8 ms cpu, 4->4->2 MB, 4 MB goal, 0 MB stacks, 0 MB globals, 16 P
gc 1893 @7.538s 6%: 0.13+0.61+0.13 ms clock, 2.2+0.52/0.86/0+2.1 ms cpu, 4->4->2 MB, 5 MB goal, 0 MB stacks, 0 MB globals, 16 P
gc 1894 @7.540s 6%: 0.12+0.77+0.10 ms clock, 1.9+0.60/0.96/0+1.6 ms cpu, 3->4->2 MB, 4 MB goal, 0 MB stacks, 0 MB globals, 16 P
gc 1895 @7.542s 6%: 0.074+0.73+0.14 ms clock, 1.1+0.42/1.0/0+2.2 ms cpu, 4->5->2 MB, 5 MB goal, 0 MB stacks, 0 MB globals, 16 P
gc 1896 @7.544s 6%: 0.12+0.62+0.10 ms clock, 1.9+0.61/1.0/0.001+1.7 ms cpu, 4->4->2 MB, 4 MB goal, 0 MB stacks, 0 MB globals, 16 P
gc 1897 @7.545s 6%: 0.17+0.66+0.12 ms clock, 2.7+0.60/1.0/0+1.9 ms cpu, 3->4->2 MB, 4 MB goal, 0 MB stacks, 0 MB globals, 16 P
gc 1898 @7.547s 6%: 0.10+0.66+0.077 ms clock, 1.7+0.49/1.1/0+1.2 ms cpu, 4->5->2 MB, 5 MB goal, 0 MB stacks, 0 MB globals, 16 P
gc 1899 @7.549s 6%: 0.13+0.85+0.11 ms clock, 2.2+0.66/1.0/0.009+1.8 ms cpu, 4->5->2 MB, 4 MB goal, 0 MB stacks, 0 MB globals, 16 P
gc 1900 @7.551s 6%: 0.094+0.73+0.17 ms clock, 1.5+0.58/1.0/0.12+2.8 ms cpu, 4->5->2 MB, 5 MB goal, 0 MB stacks, 0 MB globals, 16 P
gc 1901 @7.553s 6%: 0.14+0.69+0.20 ms clock, 2.2+0.67/0.86/0+3.2 ms cpu, 3->4->2 MB, 4 MB goal, 0 MB stacks, 0 MB globals, 16 P
gc 1902 @7.555s 6%: 0.10+0.70+0.12 ms clock, 1.7+0.58/1.1/0+1.9 ms cpu, 4->5->2 MB, 5 MB goal, 0 MB stacks, 0 MB globals, 16 P
gc 1903 @7.557s 6%: 0.14+0.65+0.16 ms clock, 2.3+0.77/0.89/0+2.6 ms cpu, 4->5->2 MB, 5 MB goal, 0 MB stacks, 0 MB globals, 16 P
gc 1904 @7.559s 6%: 0.10+0.77+0.10 ms clock, 1.6+0.53/1.1/0+1.6 ms cpu, 4->5->2 MB, 4 MB goal, 0 MB stacks, 0 MB globals, 16 P
gc 1905 @7.560s 6%: 0.11+0.71+0.12 ms clock, 1.7+0.56/0.90/0+1.9 ms cpu, 4->5->2 MB, 5 MB goal, 0 MB stacks, 0 MB globals, 16 P
gc 1906 @7.562s 6%: 0.13+0.63+0.12 ms clock, 2.1+0.67/1.1/0+1.9 ms cpu, 4->4->2 MB, 4 MB goal, 0 MB stacks, 0 MB globals, 16 P
gc 1907 @7.564s 6%: 0.14+0.72+0.17 ms clock, 2.3+0.68/0.96/0+2.7 ms cpu, 4->4->2 MB, 4 MB goal, 0 MB stacks, 0 MB globals, 16 P
gc 1908 @7.566s 6%: 0.14+0.74+0.10 ms clock, 2.2+0.67/0.95/0+1.7 ms cpu, 4->5->2 MB, 4 MB goal, 0 MB stacks, 0 MB globals, 16 P
gc 1909 @7.568s 6%: 0.14+0.55+0.19 ms clock, 2.3+0.83/0.78/0+3.0 ms cpu, 4->5->2 MB, 5 MB goal, 0 MB stacks, 0 MB globals, 16 P
gc 1910 @7.570s 6%: 0.13+0.72+0.096 ms clock, 2.1+0.61/0.91/0+1.5 ms cpu, 4->4->2 MB, 4 MB goal, 0 MB stacks, 0 MB globals, 16 P
gc 1911 @7.572s 6%: 0.11+0.87+0.13 ms clock, 1.8+0.63/0.97/0+2.1 ms cpu, 4->5->2 MB, 5 MB goal, 0 MB stacks, 0 MB globals, 16 P
gc 1912 @7.574s 6%: 0.14+0.66+0.15 ms clock, 2.3+0.45/0.97/0.081+2.4 ms cpu, 4->5->2 MB, 5 MB goal, 0 MB stacks, 0 MB globals, 16 P
gc 1913 @7.575s 6%: 0.11+1.0+0.061 ms clock, 1.8+0.57/0.95/0.005+0.99 ms cpu, 4->5->2 MB, 4 MB goal, 0 MB stacks, 0 MB globals, 16 P
gc 1914 @7.578s 6%: 0.14+0.81+0.092 ms clock, 2.2+0.58/1.0/0+1.4 ms cpu, 4->5->2 MB, 5 MB goal, 0 MB stacks, 0 MB globals, 16 P
gc 1915 @7.580s 6%: 0.10+0.65+0.20 ms clock, 1.7+0.61/1.0/0+3.3 ms cpu, 4->5->2 MB, 5 MB goal, 0 MB stacks, 0 MB globals, 16 P
gc 1916 @7.582s 6%: 0.10+0.73+0.095 ms clock, 1.7+0.72/0.96/0+1.5 ms cpu, 4->5->2 MB, 4 MB goal, 0 MB stacks, 0 MB globals, 16 P
gc 1917 @7.583s 6%: 0.15+0.73+0.10 ms clock, 2.4+0.58/1.0/0+1.6 ms cpu, 4->5->2 MB, 5 MB goal, 0 MB stacks, 0 MB globals, 16 P
gc 1918 @7.585s 6%: 0.095+0.70+0.12 ms clock, 1.5+0.61/1.0/0+1.9 ms cpu, 4->5->2 MB, 5 MB goal, 0 MB stacks, 0 MB globals, 16 P
gc 1919 @7.587s 6%: 0.12+0.75+0.13 ms clock, 1.9+0.70/1.0/0+2.0 ms cpu, 4->5->2 MB, 4 MB goal, 0 MB stacks, 0 MB globals, 16 P
gc 1920 @7.589s 6%: 0.20+0.86+0.12 ms clock, 3.2+0.74/0.95/0+1.9 ms cpu, 4->5->2 MB, 5 MB goal, 0 MB stacks, 0 MB globals, 16 P
gc 1921 @7.591s 6%: 0.11+0.89+0.090 ms clock, 1.8+0.53/1.0/0+1.4 ms cpu, 4->5->2 MB, 5 MB goal, 0 MB stacks, 0 MB globals, 16 P
gc 1922 @7.593s 6%: 0.091+0.69+0.18 ms clock, 1.4+0.71/0.97/0+2.9 ms cpu, 4->5->2 MB, 5 MB goal, 0 MB stacks, 0 MB globals, 16 P
gc 1923 @7.595s 6%: 0.094+0.67+0.13 ms clock, 1.5+0.71/0.96/0+2.2 ms cpu, 4->5->2 MB, 4 MB goal, 0 MB stacks, 0 MB globals, 16 P
gc 1924 @7.597s 6%: 0.17+0.66+0.15 ms clock, 2.7+0.68/1.0/0+2.5 ms cpu, 4->5->2 MB, 5 MB goal, 0 MB stacks, 0 MB globals, 16 P
gc 1925 @7.599s 6%: 0.16+0.68+0.15 ms clock, 2.5+0.58/0.94/0+2.4 ms cpu, 4->5->2 MB, 5 MB goal, 0 MB stacks, 0 MB globals, 16 P
gc 1926 @7.601s 6%: 0.10+0.48+0.14 ms clock, 1.6+0.74/1.0/0+2.3 ms cpu, 4->4->2 MB, 4 MB goal, 0 MB stacks, 0 MB globals, 16 P
gc 1927 @7.603s 6%: 0.14+0.50+0.10 ms clock, 2.2+0.64/0.86/0.001+1.7 ms cpu, 3->4->2 MB, 4 MB goal, 0 MB stacks, 0 MB globals, 16 P
gc 1928 @7.604s 6%: 0.15+0.74+0.10 ms clock, 2.5+0.67/1.1/0+1.6 ms cpu, 3->4->2 MB, 4 MB goal, 0 MB stacks, 0 MB globals, 16 P
gc 1929 @7.606s 6%: 0.15+0.69+0.14 ms clock, 2.5+0.60/0.96/0+2.2 ms cpu, 4->5->2 MB, 5 MB goal, 0 MB stacks, 0 MB globals, 16 P
gc 1930 @7.608s 6%: 0.11+0.59+0.14 ms clock, 1.8+0.71/1.0/0+2.3 ms cpu, 4->4->2 MB, 4 MB goal, 0 MB stacks, 0 MB globals, 16 P
gc 1931 @7.609s 6%: 0.19+0.69+0.20 ms clock, 3.1+0.66/1.2/0+3.2 ms cpu, 4->4->2 MB, 4 MB goal, 0 MB stacks, 0 MB globals, 16 P
gc 1932 @7.611s 6%: 0.12+0.75+0.067 ms clock, 2.0+0.66/1.0/0+1.0 ms cpu, 4->5->2 MB, 4 MB goal, 0 MB stacks, 0 MB globals, 16 P
gc 1933 @7.613s 6%: 0.14+0.88+0.077 ms clock, 2.2+0.63/0.86/0+1.2 ms cpu, 4->5->2 MB, 4 MB goal, 0 MB stacks, 0 MB globals, 16 P
gc 1934 @7.615s 6%: 0.11+0.54+0.10 ms clock, 1.7+0.59/1.0/0+1.6 ms cpu, 4->5->2 MB, 5 MB goal, 0 MB stacks, 0 MB globals, 16 P
gc 1935 @7.617s 6%: 0.10+0.54+0.089 ms clock, 1.6+0.51/0.92/0.026+1.4 ms cpu, 3->4->2 MB, 4 MB goal, 0 MB stacks, 0 MB globals, 16 P
gc 1936 @7.618s 6%: 0.19+0.74+0.19 ms clock, 3.1+0.82/0.84/0+3.0 ms cpu, 3->4->2 MB, 4 MB goal, 0 MB stacks, 0 MB globals, 16 P
gc 1937 @7.620s 6%: 0.14+1.0+0.089 ms clock, 2.3+0.73/0.97/0.024+1.4 ms cpu, 4->5->2 MB, 5 MB goal, 0 MB stacks, 0 MB globals, 16 P
gc 1938 @7.623s 6%: 0.082+0.55+0.20 ms clock, 1.3+0.53/0.89/0.005+3.2 ms cpu, 4->5->2 MB, 5 MB goal, 0 MB stacks, 0 MB globals, 16 P
gc 1939 @7.624s 6%: 0.12+0.57+0.17 ms clock, 2.0+0.57/0.89/0+2.7 ms cpu, 3->4->2 MB, 4 MB goal, 0 MB stacks, 0 MB globals, 16 P
gc 1940 @7.626s 6%: 0.13+0.55+0.15 ms clock, 2.1+0.53/0.98/0+2.5 ms cpu, 4->4->2 MB, 4 MB goal, 0 MB stacks, 0 MB globals, 16 P
gc 1941 @7.628s 6%: 0.099+0.75+0.099 ms clock, 1.5+0.44/0.99/0+1.5 ms cpu, 3->4->2 MB, 4 MB goal, 0 MB stacks, 0 MB globals, 16 P
gc 1942 @7.629s 6%: 0.17+0.69+0.11 ms clock, 2.8+0.66/0.98/0+1.7 ms cpu, 4->4->2 MB, 4 MB goal, 0 MB stacks, 0 MB globals, 16 P
gc 1943 @7.631s 6%: 0.10+0.69+0.10 ms clock, 1.6+0.67/1.1/0+1.7 ms cpu, 4->5->2 MB, 5 MB goal, 0 MB stacks, 0 MB globals, 16 P
gc 1944 @7.633s 6%: 0.19+0.51+0.10 ms clock, 3.1+0.64/0.82/0+1.6 ms cpu, 4->4->1 MB, 5 MB goal, 0 MB stacks, 0 MB globals, 16 P
gc 1945 @7.635s 6%: 0.20+0.66+0.14 ms clock, 3.3+0.78/1.0/0+2.3 ms cpu, 3->4->2 MB, 4 MB goal, 0 MB stacks, 0 MB globals, 16 P
gc 1946 @7.637s 6%: 0.089+0.44+0.13 ms clock, 1.4+0.64/0.88/0.070+2.1 ms cpu, 4->5->2 MB, 5 MB goal, 0 MB stacks, 0 MB globals, 16 P
gc 1947 @7.638s 6%: 0.099+0.57+0.19 ms clock, 1.5+0.82/0.87/0.015+3.0 ms cpu, 3->4->2 MB, 4 MB goal, 0 MB stacks, 0 MB globals, 16 P
gc 1948 @7.640s 6%: 0.10+0.70+0.087 ms clock, 1.6+0.64/0.86/0.019+1.4 ms cpu, 4->4->2 MB, 4 MB goal, 0 MB stacks, 0 MB globals, 16 P
gc 1949 @7.642s 6%: 0.091+0.50+0.13 ms clock, 1.4+0.49/0.86/0+2.1 ms cpu, 4->4->2 MB, 4 MB goal, 0 MB stacks, 0 MB globals, 16 P
gc 1950 @7.643s 6%: 0.20+0.73+0.16 ms clock, 3.3+0.68/1.0/0+2.6 ms cpu, 3->4->2 MB, 4 MB goal, 0 MB stacks, 0 MB globals, 16 P
gc 1951 @7.645s 6%: 0.15+0.62+0.12 ms clock, 2.5+0.78/0.86/0+2.0 ms cpu, 4->5->2 MB, 5 MB goal, 0 MB stacks, 0 MB globals, 16 P
gc 1952 @7.647s 6%: 0.13+0.65+0.18 ms clock, 2.1+0.61/1.1/0+2.9 ms cpu, 4->5->2 MB, 4 MB goal, 0 MB stacks, 0 MB globals, 16 P
gc 1953 @7.649s 6%: 0.087+0.53+0.13 ms clock, 1.3+0.60/0.81/0.023+2.2 ms cpu, 4->4->2 MB, 5 MB goal, 0 MB stacks, 0 MB globals, 16 P
gc 1954 @7.650s 6%: 0.16+0.67+0.10 ms clock, 2.5+0.66/1.0/0+1.6 ms cpu, 3->4->2 MB, 4 MB goal, 0 MB stacks, 0 MB globals, 16 P
gc 1955 @7.652s 6%: 0.093+0.80+0.12 ms clock, 1.4+0.61/1.1/0.025+1.9 ms cpu, 4->5->2 MB, 5 MB goal, 0 MB stacks, 0 MB globals, 16 P
gc 1956 @7.654s 6%: 0.11+0.70+0.15 ms clock, 1.8+0.71/0.98/0+2.5 ms cpu, 4->4->2 MB, 5 MB goal, 0 MB stacks, 0 MB globals, 16 P
gc 1957 @7.656s 6%: 0.11+0.70+0.13 ms clock, 1.8+0.65/0.93/0+2.1 ms cpu, 4->4->2 MB, 4 MB goal, 0 MB stacks, 0 MB globals, 16 P
gc 1958 @7.658s 6%: 0.14+0.80+0.16 ms clock, 2.3+0.64/1.0/0+2.6 ms cpu, 4->5->2 MB, 4 MB goal, 0 MB stacks, 0 MB globals, 16 P
gc 1959 @7.660s 6%: 0.15+0.68+0.11 ms clock, 2.5+0.81/0.96/0+1.9 ms cpu, 4->5->2 MB, 5 MB goal, 0 MB stacks, 0 MB globals, 16 P
gc 1960 @7.662s 6%: 0.10+1.0+0.086 ms clock, 1.6+0.65/0.92/0+1.3 ms cpu, 4->5->2 MB, 4 MB goal, 0 MB stacks, 0 MB globals, 16 P
gc 1961 @7.664s 6%: 0.10+0.63+0.11 ms clock, 1.6+0.60/0.89/0.041+1.7 ms cpu, 4->5->2 MB, 5 MB goal, 0 MB stacks, 0 MB globals, 16 P
gc 1962 @7.666s 6%: 0.11+0.63+0.098 ms clock, 1.8+0.75/1.0/0.003+1.5 ms cpu, 4->4->2 MB, 4 MB goal, 0 MB stacks, 0 MB globals, 16 P
gc 1963 @7.667s 6%: 0.094+0.72+0.12 ms clock, 1.5+0.64/0.82/0.010+1.9 ms cpu, 4->4->2 MB, 4 MB goal, 0 MB stacks, 0 MB globals, 16 P
gc 1964 @7.669s 6%: 0.10+0.56+0.14 ms clock, 1.6+0.57/1.0/0+2.3 ms cpu, 4->4->2 MB, 4 MB goal, 0 MB stacks, 0 MB globals, 16 P
gc 1965 @7.671s 6%: 0.10+0.65+0.085 ms clock, 1.6+0.62/0.83/0+1.3 ms cpu, 4->4->2 MB, 4 MB goal, 0 MB stacks, 0 MB globals, 16 P
gc 1966 @7.672s 6%: 0.095+0.78+0.081 ms clock, 1.5+0.67/0.87/0.028+1.3 ms cpu, 4->5->2 MB, 4 MB goal, 0 MB stacks, 0 MB globals, 16 P
gc 1967 @7.674s 6%: 0.12+0.68+0.17 ms clock, 2.0+0.56/0.86/0+2.7 ms cpu, 4->5->2 MB, 5 MB goal, 0 MB stacks, 0 MB globals, 16 P
gc 1968 @7.676s 6%: 0.12+0.66+0.22 ms clock, 1.9+0.71/0.97/0.048+3.5 ms cpu, 4->5->2 MB, 4 MB goal, 0 MB stacks, 0 MB globals, 16 P
gc 1969 @7.678s 6%: 0.29+0.91+0.10 ms clock, 4.6+0.62/0.94/0+1.7 ms cpu, 4->5->2 MB, 4 MB goal, 0 MB stacks, 0 MB globals, 16 P
gc 1970 @7.681s 6%: 0.19+0.64+0.15 ms clock, 3.1+0.57/1.0/0+2.5 ms cpu, 4->5->2 MB, 5 MB goal, 0 MB stacks, 0 MB globals, 16 P
gc 1971 @7.682s 6%: 0.25+0.77+0.078 ms clock, 4.0+0.28/1.2/0+1.2 ms cpu, 4->5->2 MB, 4 MB goal, 0 MB stacks, 0 MB globals, 16 P
gc 1972 @7.684s 6%: 0.12+0.43+0.16 ms clock, 1.9+0.59/0.91/0+2.5 ms cpu, 4->4->1 MB, 5 MB goal, 0 MB stacks, 0 MB globals, 16 P
gc 1973 @7.686s 6%: 0.14+0.65+0.11 ms clock, 2.3+0.52/0.98/0+1.7 ms cpu, 3->4->2 MB, 4 MB goal, 0 MB stacks, 0 MB globals, 16 P
gc 1974 @7.687s 6%: 0.11+0.50+0.12 ms clock, 1.7+0.63/0.91/0+1.9 ms cpu, 4->5->2 MB, 5 MB goal, 0 MB stacks, 0 MB globals, 16 P
gc 1975 @7.689s 6%: 0.11+0.56+0.083 ms clock, 1.7+0.60/0.82/0+1.3 ms cpu, 3->4->2 MB, 4 MB goal, 0 MB stacks, 0 MB globals, 16 P
gc 1976 @7.690s 6%: 0.11+0.68+0.13 ms clock, 1.8+0.67/1.1/0.014+2.1 ms cpu, 3->4->2 MB, 4 MB goal, 0 MB stacks, 0 MB globals, 16 P
gc 1977 @7.692s 6%: 0.12+0.65+0.20 ms clock, 1.9+0.59/0.97/0+3.2 ms cpu, 4->4->2 MB, 4 MB goal, 0 MB stacks, 0 MB globals, 16 P
gc 1978 @7.694s 6%: 0.16+1.0+0.10 ms clock, 2.6+0.54/0.93/0.13+1.7 ms cpu, 4->5->2 MB, 4 MB goal, 0 MB stacks, 0 MB globals, 16 P
gc 1979 @7.696s 6%: 0.12+0.71+0.10 ms clock, 1.9+0.53/1.1/0+1.6 ms cpu, 4->6->2 MB, 5 MB goal, 0 MB stacks, 0 MB globals, 16 P
gc 1980 @7.698s 6%: 0.10+0.56+0.22 ms clock, 1.7+0.52/0.95/0+3.5 ms cpu, 4->5->2 MB, 5 MB goal, 0 MB stacks, 0 MB globals, 16 P
gc 1981 @7.700s 6%: 0.15+0.90+0.23 ms clock, 2.5+0.95/1.1/0+3.6 ms cpu, 3->5->2 MB, 4 MB goal, 0 MB stacks, 0 MB globals, 16 P
gc 1982 @7.702s 6%: 0.11+0.77+0.10 ms clock, 1.8+0.71/1.0/0+1.6 ms cpu, 4->5->2 MB, 5 MB goal, 0 MB stacks, 0 MB globals, 16 P
gc 1983 @7.704s 6%: 0.10+0.62+0.17 ms clock, 1.6+0.58/1.0/0.025+2.7 ms cpu, 4->5->2 MB, 5 MB goal, 0 MB stacks, 0 MB globals, 16 P
gc 1984 @7.706s 6%: 0.099+0.60+0.15 ms clock, 1.5+0.67/0.99/0.041+2.5 ms cpu, 4->4->2 MB, 4 MB goal, 0 MB stacks, 0 MB globals, 16 P
gc 1985 @7.708s 6%: 0.12+0.82+0.11 ms clock, 1.9+0.76/1.0/0+1.7 ms cpu, 3->5->2 MB, 4 MB goal, 0 MB stacks, 0 MB globals, 16 P
gc 1986 @7.710s 6%: 0.13+0.55+0.21 ms clock, 2.2+0.59/0.99/0.012+3.4 ms cpu, 4->5->2 MB, 5 MB goal, 0 MB stacks, 0 MB globals, 16 P
gc 1987 @7.712s 6%: 0.12+0.81+0.14 ms clock, 2.0+0.72/1.0/0+2.3 ms cpu, 3->5->2 MB, 4 MB goal, 0 MB stacks, 0 MB globals, 16 P
gc 1988 @7.714s 6%: 0.11+0.69+0.10 ms clock, 1.8+0.66/0.95/0+1.6 ms cpu, 4->5->2 MB, 5 MB goal, 0 MB stacks, 0 MB globals, 16 P
gc 1989 @7.716s 6%: 0.14+0.74+0.084 ms clock, 2.2+0.62/0.95/0.009+1.3 ms cpu, 4->5->2 MB, 4 MB goal, 0 MB stacks, 0 MB globals, 16 P
gc 1990 @7.718s 6%: 0.097+0.56+0.15 ms clock, 1.5+0.53/0.96/0.025+2.5 ms cpu, 4->5->2 MB, 5 MB goal, 0 MB stacks, 0 MB globals, 16 P
gc 1991 @7.719s 6%: 0.11+0.65+0.19 ms clock, 1.8+0.70/1.0/0+3.1 ms cpu, 3->4->2 MB, 4 MB goal, 0 MB stacks, 0 MB globals, 16 P
gc 1992 @7.721s 6%: 0.10+0.59+0.055 ms clock, 1.7+0.63/0.93/0.041+0.89 ms cpu, 4->4->2 MB, 4 MB goal, 0 MB stacks, 0 MB globals, 16 P
gc 1993 @7.723s 6%: 0.11+0.60+0.20 ms clock, 1.8+0.65/0.85/0+3.3 ms cpu, 3->4->2 MB, 4 MB goal, 0 MB stacks, 0 MB globals, 16 P
gc 1994 @7.724s 6%: 0.17+0.74+0.10 ms clock, 2.8+0.67/1.0/0+1.6 ms cpu, 4->5->2 MB, 4 MB goal, 0 MB stacks, 0 MB globals, 16 P
gc 1995 @7.727s 6%: 0.17+0.59+0.13 ms clock, 2.7+0.54/0.97/0+2.2 ms cpu, 4->5->2 MB, 5 MB goal, 0 MB stacks, 0 MB globals, 16 P
gc 1996 @7.728s 6%: 0.17+0.60+0.19 ms clock, 2.8+0.72/0.77/0+3.1 ms cpu, 4->4->2 MB, 4 MB goal, 0 MB stacks, 0 MB globals, 16 P
gc 1997 @7.730s 6%: 0.15+0.77+0.085 ms clock, 2.5+0.78/0.88/0+1.3 ms cpu, 4->4->2 MB, 4 MB goal, 0 MB stacks, 0 MB globals, 16 P
gc 1998 @7.732s 6%: 0.13+0.65+0.11 ms clock, 2.0+0.79/0.93/0+1.7 ms cpu, 4->5->2 MB, 5 MB goal, 0 MB stacks, 0 MB globals, 16 P
gc 1999 @7.734s 6%: 0.094+0.63+0.12 ms clock, 1.5+0.52/0.99/0.010+2.0 ms cpu, 4->5->2 MB, 5 MB goal, 0 MB stacks, 0 MB globals, 16 P
gc 2000 @7.736s 6%: 0.14+0.78+0.098 ms clock, 2.2+0.73/0.79/0+1.5 ms cpu, 4->5->2 MB, 4 MB goal, 0 MB stacks, 0 MB globals, 16 P
gc 2001 @7.738s 6%: 0.11+0.60+0.19 ms clock, 1.8+0.70/0.92/0+3.0 ms cpu, 4->4->2 MB, 4 MB goal, 0 MB stacks, 0 MB globals, 16 P
gc 2002 @7.739s 6%: 0.15+0.68+0.10 ms clock, 2.5+0.75/1.1/0+1.7 ms cpu, 3->4->2 MB, 4 MB goal, 0 MB stacks, 0 MB globals, 16 P
gc 2003 @7.741s 6%: 0.19+0.85+0.20 ms clock, 3.0+0.66/0.97/0+3.2 ms cpu, 4->5->2 MB, 5 MB goal, 0 MB stacks, 0 MB globals, 16 P
gc 2004 @7.743s 6%: 0.11+0.69+0.050 ms clock, 1.8+0.56/1.0/0+0.81 ms cpu, 4->5->2 MB, 5 MB goal, 0 MB stacks, 0 MB globals, 16 P
gc 2005 @7.745s 6%: 0.20+0.57+0.12 ms clock, 3.2+0.58/0.88/0+1.9 ms cpu, 4->4->2 MB, 4 MB goal, 0 MB stacks, 0 MB globals, 16 P
gc 2006 @7.747s 6%: 0.081+0.68+0.13 ms clock, 1.2+0.59/1.0/0+2.1 ms cpu, 4->4->2 MB, 4 MB goal, 0 MB stacks, 0 MB globals, 16 P
gc 2007 @7.749s 6%: 0.11+0.51+0.14 ms clock, 1.8+0.76/0.91/0+2.2 ms cpu, 4->4->1 MB, 4 MB goal, 0 MB stacks, 0 MB globals, 16 P
gc 2008 @7.750s 6%: 0.20+0.79+0.13 ms clock, 3.2+0.59/0.98/0+2.0 ms cpu, 3->4->2 MB, 4 MB goal, 0 MB stacks, 0 MB globals, 16 P
gc 2009 @7.752s 6%: 0.13+0.99+0.11 ms clock, 2.1+0.82/0.92/0.012+1.8 ms cpu, 4->5->2 MB, 4 MB goal, 0 MB stacks, 0 MB globals, 16 P
gc 2010 @7.754s 6%: 0.13+0.71+0.10 ms clock, 2.0+0.62/0.88/0+1.7 ms cpu, 4->5->2 MB, 5 MB goal, 0 MB stacks, 0 MB globals, 16 P
gc 2011 @7.756s 6%: 0.15+0.80+0.14 ms clock, 2.4+0.57/1.0/0.11+2.3 ms cpu, 3->4->2 MB, 4 MB goal, 0 MB stacks, 0 MB globals, 16 P
gc 2012 @7.758s 6%: 0.17+0.81+0.15 ms clock, 2.7+0.70/0.96/0+2.4 ms cpu, 4->5->2 MB, 4 MB goal, 0 MB stacks, 0 MB globals, 16 P
gc 2013 @7.760s 6%: 0.11+0.74+0.14 ms clock, 1.8+0.73/1.0/0+2.3 ms cpu, 4->5->2 MB, 5 MB goal, 0 MB stacks, 0 MB globals, 16 P
gc 2014 @7.762s 6%: 0.22+0.62+0.18 ms clock, 3.5+0.71/0.96/0+3.0 ms cpu, 4->4->2 MB, 4 MB goal, 0 MB stacks, 0 MB globals, 16 P
gc 2015 @7.764s 6%: 0.11+0.86+0.081 ms clock, 1.8+0.59/0.95/0+1.3 ms cpu, 4->5->2 MB, 4 MB goal, 0 MB stacks, 0 MB globals, 16 P
gc 2016 @7.766s 6%: 0.11+0.82+0.073 ms clock, 1.8+0.56/0.96/0+1.1 ms cpu, 4->5->2 MB, 5 MB goal, 0 MB stacks, 0 MB globals, 16 P
gc 2017 @7.768s 6%: 0.14+0.91+0.094 ms clock, 2.3+0.61/1.0/0+1.5 ms cpu, 4->5->2 MB, 5 MB goal, 0 MB stacks, 0 MB globals, 16 P
gc 2018 @7.770s 6%: 0.11+0.63+0.15 ms clock, 1.7+0.59/1.0/0+2.4 ms cpu, 4->5->2 MB, 5 MB goal, 0 MB stacks, 0 MB globals, 16 P
gc 2019 @7.772s 6%: 0.14+0.61+0.18 ms clock, 2.2+0.47/0.93/0.095+2.9 ms cpu, 4->4->2 MB, 4 MB goal, 0 MB stacks, 0 MB globals, 16 P
gc 2020 @7.774s 6%: 0.092+0.72+0.10 ms clock, 1.4+0.67/0.93/0+1.6 ms cpu, 3->4->2 MB, 4 MB goal, 0 MB stacks, 0 MB globals, 16 P
gc 2021 @7.776s 6%: 0.11+0.68+0.093 ms clock, 1.7+0.66/0.87/0+1.4 ms cpu, 4->5->2 MB, 5 MB goal, 0 MB stacks, 0 MB globals, 16 P
gc 2022 @7.777s 6%: 0.11+0.70+0.084 ms clock, 1.7+0.63/0.94/0+1.3 ms cpu, 4->4->2 MB, 4 MB goal, 0 MB stacks, 0 MB globals, 16 P
gc 2023 @7.779s 6%: 0.17+0.73+0.15 ms clock, 2.7+0.77/0.83/0+2.5 ms cpu, 4->4->2 MB, 4 MB goal, 0 MB stacks, 0 MB globals, 16 P
gc 2024 @7.781s 6%: 0.15+0.58+0.19 ms clock, 2.4+0.93/0.90/0.058+3.1 ms cpu, 3->4->2 MB, 4 MB goal, 0 MB stacks, 0 MB globals, 16 P
gc 2025 @7.783s 6%: 0.20+0.62+0.20 ms clock, 3.2+0.50/1.1/0+3.2 ms cpu, 4->4->2 MB, 4 MB goal, 0 MB stacks, 0 MB globals, 16 P
gc 2026 @7.784s 6%: 0.17+0.75+0.16 ms clock, 2.8+0.69/1.0/0.002+2.7 ms cpu, 4->5->2 MB, 4 MB goal, 0 MB stacks, 0 MB globals, 16 P
gc 2027 @7.786s 6%: 0.11+0.89+0.075 ms clock, 1.7+0.68/1.0/0.007+1.2 ms cpu, 4->5->2 MB, 5 MB goal, 0 MB stacks, 0 MB globals, 16 P
gc 2028 @7.788s 6%: 0.11+0.60+0.15 ms clock, 1.7+0.58/1.0/0+2.4 ms cpu, 4->5->2 MB, 5 MB goal, 0 MB stacks, 0 MB globals, 16 P
gc 2029 @7.790s 6%: 0.10+0.71+0.088 ms clock, 1.6+0.58/0.90/0.047+1.4 ms cpu, 4->4->2 MB, 4 MB goal, 0 MB stacks, 0 MB globals, 16 P
gc 2030 @7.792s 6%: 0.17+0.66+0.075 ms clock, 2.8+0.65/0.95/0+1.2 ms cpu, 4->5->2 MB, 4 MB goal, 0 MB stacks, 0 MB globals, 16 P
gc 2031 @7.794s 6%: 0.12+0.64+0.19 ms clock, 2.0+0.57/1.0/0+3.1 ms cpu, 4->5->2 MB, 5 MB goal, 0 MB stacks, 0 MB globals, 16 P
gc 2032 @7.796s 6%: 0.12+0.60+0.15 ms clock, 2.0+0.57/0.88/0+2.4 ms cpu, 4->5->2 MB, 5 MB goal, 0 MB stacks, 0 MB globals, 16 P
gc 2033 @7.798s 6%: 0.18+0.64+0.13 ms clock, 3.0+0.61/1.0/0+2.2 ms cpu, 4->4->2 MB, 5 MB goal, 0 MB stacks, 0 MB globals, 16 P
gc 2034 @7.800s 6%: 0.17+0.60+0.18 ms clock, 2.7+0.57/0.92/0+2.8 ms cpu, 4->4->2 MB, 4 MB goal, 0 MB stacks, 0 MB globals, 16 P
gc 2035 @7.801s 6%: 0.13+0.55+0.16 ms clock, 2.2+0.54/0.92/0+2.6 ms cpu, 3->4->2 MB, 4 MB goal, 0 MB stacks, 0 MB globals, 16 P
gc 2036 @7.803s 6%: 0.18+0.83+0.16 ms clock, 2.9+0.50/1.1/0.061+2.6 ms cpu, 3->4->2 MB, 4 MB goal, 0 MB stacks, 0 MB globals, 16 P
gc 2037 @7.805s 6%: 0.11+0.74+0.12 ms clock, 1.9+0.67/1.1/0.006+1.9 ms cpu, 4->5->2 MB, 5 MB goal, 0 MB stacks, 0 MB globals, 16 P
gc 2038 @7.807s 6%: 0.17+0.70+0.13 ms clock, 2.8+0.65/0.92/0+2.1 ms cpu, 4->5->2 MB, 5 MB goal, 0 MB stacks, 0 MB globals, 16 P
gc 2039 @7.809s 6%: 0.15+0.67+0.16 ms clock, 2.4+0.66/1.0/0+2.5 ms cpu, 4->5->2 MB, 4 MB goal, 0 MB stacks, 0 MB globals, 16 P
gc 2040 @7.811s 6%: 0.17+0.62+0.16 ms clock, 2.7+0.58/1.0/0+2.6 ms cpu, 4->4->2 MB, 5 MB goal, 0 MB stacks, 0 MB globals, 16 P
gc 2041 @7.812s 6%: 0.12+0.51+0.15 ms clock, 2.0+0.70/1.0/0+2.4 ms cpu, 3->4->2 MB, 4 MB goal, 0 MB stacks, 0 MB globals, 16 P
gc 2042 @7.814s 6%: 0.13+0.69+0.16 ms clock, 2.1+0.59/0.98/0+2.6 ms cpu, 3->4->2 MB, 4 MB goal, 0 MB stacks, 0 MB globals, 16 P
gc 2043 @7.816s 6%: 0.15+0.60+0.14 ms clock, 2.4+0.61/1.1/0.001+2.2 ms cpu, 3->4->2 MB, 4 MB goal, 0 MB stacks, 0 MB globals, 16 P
gc 2044 @7.818s 6%: 0.17+0.59+0.14 ms clock, 2.7+0.70/0.96/0.010+2.2 ms cpu, 4->5->2 MB, 5 MB goal, 0 MB stacks, 0 MB globals, 16 P
gc 2045 @7.819s 6%: 0.11+0.56+0.15 ms clock, 1.8+0.67/0.92/0+2.5 ms cpu, 4->4->2 MB, 4 MB goal, 0 MB stacks, 0 MB globals, 16 P
gc 2046 @7.821s 6%: 0.11+0.63+0.17 ms clock, 1.8+0.54/0.87/0+2.7 ms cpu, 4->4->2 MB, 4 MB goal, 0 MB stacks, 0 MB globals, 16 P
gc 2047 @7.823s 6%: 0.11+0.65+0.14 ms clock, 1.7+0.57/0.94/0.020+2.3 ms cpu, 4->4->2 MB, 4 MB goal, 0 MB stacks, 0 MB globals, 16 P
gc 2048 @7.824s 6%: 0.10+0.79+0.10 ms clock, 1.6+0.64/1.0/0.007+1.6 ms cpu, 3->5->2 MB, 4 MB goal, 0 MB stacks, 0 MB globals, 16 P
gc 2049 @7.826s 6%: 0.10+0.68+0.10 ms clock, 1.7+0.64/0.92/0+1.7 ms cpu, 4->5->2 MB, 5 MB goal, 0 MB stacks, 0 MB globals, 16 P
gc 2050 @7.828s 6%: 0.12+0.57+0.12 ms clock, 1.9+0.58/0.94/0+1.9 ms cpu, 4->5->2 MB, 5 MB goal, 0 MB stacks, 0 MB globals, 16 P
gc 2051 @7.830s 6%: 0.13+0.71+0.056 ms clock, 2.1+0.70/0.92/0+0.91 ms cpu, 3->4->2 MB, 4 MB goal, 0 MB stacks, 0 MB globals, 16 P
gc 2052 @7.832s 6%: 0.095+0.71+0.089 ms clock, 1.5+0.65/0.97/0+1.4 ms cpu, 4->5->2 MB, 4 MB goal, 0 MB stacks, 0 MB globals, 16 P
gc 2053 @7.834s 6%: 0.10+0.56+0.17 ms clock, 1.6+0.57/1.0/0.023+2.8 ms cpu, 4->4->2 MB, 4 MB goal, 0 MB stacks, 0 MB globals, 16 P
gc 2054 @7.835s 6%: 0.097+0.67+0.18 ms clock, 1.5+0.60/0.93/0+2.9 ms cpu, 4->4->2 MB, 4 MB goal, 0 MB stacks, 0 MB globals, 16 P
gc 2055 @7.837s 6%: 0.19+0.58+0.17 ms clock, 3.1+0.67/1.0/0+2.7 ms cpu, 3->4->2 MB, 4 MB goal, 0 MB stacks, 0 MB globals, 16 P
gc 2056 @7.839s 6%: 0.15+0.92+0.032 ms clock, 2.4+0.65/0.97/0+0.51 ms cpu, 3->4->2 MB, 4 MB goal, 0 MB stacks, 0 MB globals, 16 P
gc 2057 @7.841s 6%: 0.14+0.53+0.15 ms clock, 2.3+0.50/0.94/0+2.4 ms cpu, 4->5->2 MB, 5 MB goal, 0 MB stacks, 0 MB globals, 16 P
gc 2058 @7.842s 6%: 0.11+0.57+0.10 ms clock, 1.8+0.51/1.0/0+1.6 ms cpu, 3->4->2 MB, 4 MB goal, 0 MB stacks, 0 MB globals, 16 P
gc 2059 @7.844s 6%: 0.15+0.67+0.18 ms clock, 2.4+0.59/0.92/0+2.9 ms cpu, 3->4->2 MB, 4 MB goal, 0 MB stacks, 0 MB globals, 16 P
gc 2060 @7.846s 6%: 0.12+0.60+0.18 ms clock, 2.0+0.54/1.0/0.046+3.0 ms cpu, 4->5->2 MB, 4 MB goal, 0 MB stacks, 0 MB globals, 16 P
gc 2061 @7.847s 6%: 0.11+0.65+0.16 ms clock, 1.8+0.68/0.90/0.038+2.6 ms cpu, 4->4->2 MB, 4 MB goal, 0 MB stacks, 0 MB globals, 16 P
gc 2062 @7.849s 6%: 0.096+0.62+0.077 ms clock, 1.5+0.55/0.97/0.047+1.2 ms cpu, 4->4->2 MB, 5 MB goal, 0 MB stacks, 0 MB globals, 16 P
gc 2063 @7.851s 6%: 0.12+0.61+0.20 ms clock, 1.9+0.62/0.93/0.068+3.2 ms cpu, 3->4->2 MB, 4 MB goal, 0 MB stacks, 0 MB globals, 16 P
gc 2064 @7.853s 6%: 0.15+0.68+0.16 ms clock, 2.4+0.70/0.97/0+2.5 ms cpu, 4->5->2 MB, 4 MB goal, 0 MB stacks, 0 MB globals, 16 P
gc 2065 @7.855s 6%: 0.16+0.59+0.22 ms clock, 2.5+0.68/0.97/0+3.5 ms cpu, 4->5->2 MB, 5 MB goal, 0 MB stacks, 0 MB globals, 16 P
gc 2066 @7.856s 6%: 0.14+0.66+0.14 ms clock, 2.3+0.80/0.99/0+2.3 ms cpu, 4->5->2 MB, 4 MB goal, 0 MB stacks, 0 MB globals, 16 P
gc 2067 @7.858s 6%: 0.12+0.64+0.11 ms clock, 2.0+0.73/0.85/0+1.8 ms cpu, 4->4->2 MB, 5 MB goal, 0 MB stacks, 0 MB globals, 16 P
gc 2068 @7.860s 6%: 0.12+0.83+0.11 ms clock, 1.9+0.63/0.90/0+1.8 ms cpu, 4->4->2 MB, 4 MB goal, 0 MB stacks, 0 MB globals, 16 P
gc 2069 @7.862s 6%: 0.17+0.81+0.11 ms clock, 2.7+0.66/0.94/0+1.8 ms cpu, 4->5->2 MB, 4 MB goal, 0 MB stacks, 0 MB globals, 16 P
gc 2070 @7.864s 6%: 0.13+0.64+0.10 ms clock, 2.2+0.75/0.90/0+1.6 ms cpu, 4->5->2 MB, 5 MB goal, 0 MB stacks, 0 MB globals, 16 P
gc 2071 @7.866s 6%: 0.14+0.61+0.10 ms clock, 2.2+0.71/0.87/0+1.7 ms cpu, 4->4->2 MB, 5 MB goal, 0 MB stacks, 0 MB globals, 16 P
gc 2072 @7.868s 6%: 0.097+0.68+0.17 ms clock, 1.5+0.58/1.0/0+2.8 ms cpu, 3->4->2 MB, 4 MB goal, 0 MB stacks, 0 MB globals, 16 P
gc 2073 @7.869s 6%: 0.16+0.78+0.015 ms clock, 2.6+0.73/1.0/0.007+0.25 ms cpu, 4->5->2 MB, 4 MB goal, 0 MB stacks, 0 MB globals, 16 P
gc 2074 @7.871s 6%: 0.094+0.62+0.10 ms clock, 1.5+0.74/1.0/0.055+1.6 ms cpu, 4->4->2 MB, 5 MB goal, 0 MB stacks, 0 MB globals, 16 P
gc 2075 @7.873s 6%: 0.11+0.68+0.14 ms clock, 1.8+0.58/0.83/0.024+2.2 ms cpu, 3->4->2 MB, 4 MB goal, 0 MB stacks, 0 MB globals, 16 P
gc 2076 @7.875s 6%: 0.15+0.56+0.17 ms clock, 2.5+0.58/0.98/0+2.8 ms cpu, 3->4->2 MB, 4 MB goal, 0 MB stacks, 0 MB globals, 16 P
gc 2077 @7.876s 6%: 0.13+0.96+0.14 ms clock, 2.0+0.68/0.83/0+2.2 ms cpu, 4->5->2 MB, 5 MB goal, 0 MB stacks, 0 MB globals, 16 P
gc 2078 @7.879s 6%: 0.16+0.49+0.14 ms clock, 2.6+0.66/0.93/0+2.3 ms cpu, 4->5->2 MB, 5 MB goal, 0 MB stacks, 0 MB globals, 16 P
gc 2079 @7.880s 6%: 0.18+0.66+0.16 ms clock, 2.9+0.89/1.1/0+2.5 ms cpu, 3->4->2 MB, 4 MB goal, 0 MB stacks, 0 MB globals, 16 P
gc 2080 @7.882s 6%: 0.14+0.58+0.14 ms clock, 2.2+0.73/0.95/0+2.3 ms cpu, 4->5->2 MB, 5 MB goal, 0 MB stacks, 0 MB globals, 16 P
gc 2081 @7.884s 6%: 0.18+0.75+0.21 ms clock, 2.9+0.60/0.96/0+3.4 ms cpu, 4->4->2 MB, 4 MB goal, 0 MB stacks, 0 MB globals, 16 P
gc 2082 @7.886s 6%: 0.21+0.85+0.086 ms clock, 3.3+0.67/1.1/0+1.3 ms cpu, 4->5->2 MB, 4 MB goal, 0 MB stacks, 0 MB globals, 16 P
gc 2083 @7.888s 6%: 0.18+0.65+0.20 ms clock, 2.9+0.74/0.91/0+3.2 ms cpu, 4->5->2 MB, 5 MB goal, 0 MB stacks, 0 MB globals, 16 P
gc 2084 @7.890s 6%: 0.10+0.68+0.15 ms clock, 1.6+0.59/1.1/0+2.4 ms cpu, 4->5->2 MB, 5 MB goal, 0 MB stacks, 0 MB globals, 16 P
gc 2085 @7.892s 6%: 0.12+0.72+0.11 ms clock, 2.0+0.53/1.1/0.001+1.7 ms cpu, 4->5->2 MB, 4 MB goal, 0 MB stacks, 0 MB globals, 16 P
gc 2086 @7.894s 6%: 0.18+0.58+0.11 ms clock, 2.9+0.55/1.0/0+1.7 ms cpu, 4->5->2 MB, 5 MB goal, 0 MB stacks, 0 MB globals, 16 P
gc 2087 @7.895s 6%: 0.11+0.74+0.17 ms clock, 1.7+0.69/1.2/0+2.8 ms cpu, 4->5->2 MB, 4 MB goal, 0 MB stacks, 0 MB globals, 16 P
gc 2088 @7.897s 6%: 0.093+0.56+0.11 ms clock, 1.4+0.58/1.0/0+1.9 ms cpu, 4->5->2 MB, 5 MB goal, 0 MB stacks, 0 MB globals, 16 P
gc 2089 @7.899s 6%: 0.085+0.79+0.19 ms clock, 1.3+0.76/0.84/0+3.0 ms cpu, 3->4->2 MB, 4 MB goal, 0 MB stacks, 0 MB globals, 16 P
gc 2090 @7.901s 6%: 0.13+0.60+0.14 ms clock, 2.1+0.76/0.86/0+2.3 ms cpu, 4->4->2 MB, 4 MB goal, 0 MB stacks, 0 MB globals, 16 P
gc 2091 @7.903s 6%: 0.17+0.85+0.17 ms clock, 2.8+0.74/1.0/0+2.8 ms cpu, 4->5->2 MB, 4 MB goal, 0 MB stacks, 0 MB globals, 16 P
gc 2092 @7.905s 6%: 0.11+0.56+0.13 ms clock, 1.8+0.54/1.0/0+2.1 ms cpu, 4->5->2 MB, 5 MB goal, 0 MB stacks, 0 MB globals, 16 P
gc 2093 @7.906s 6%: 0.099+0.74+0.076 ms clock, 1.5+0.97/1.2/0+1.2 ms cpu, 3->4->2 MB, 4 MB goal, 0 MB stacks, 0 MB globals, 16 P
gc 2094 @7.908s 6%: 0.15+0.84+0.19 ms clock, 2.5+0.68/1.0/0+3.0 ms cpu, 4->5->2 MB, 4 MB goal, 0 MB stacks, 0 MB globals, 16 P
gc 2095 @7.911s 6%: 0.12+0.53+0.13 ms clock, 2.0+0.62/1.0/0+2.1 ms cpu, 4->5->2 MB, 5 MB goal, 0 MB stacks, 0 MB globals, 16 P
gc 2096 @7.912s 6%: 0.13+0.94+0.056 ms clock, 2.0+0.79/0.89/0+0.90 ms cpu, 3->4->2 MB, 4 MB goal, 0 MB stacks, 0 MB globals, 16 P
gc 2097 @7.914s 6%: 0.17+0.74+0.12 ms clock, 2.8+0.63/0.97/0+1.9 ms cpu, 4->5->2 MB, 5 MB goal, 0 MB stacks, 0 MB globals, 16 P
gc 2098 @7.916s 6%: 0.14+0.92+0.15 ms clock, 2.2+0.66/1.0/0.019+2.5 ms cpu, 4->5->2 MB, 4 MB goal, 0 MB stacks, 0 MB globals, 16 P
gc 2099 @7.918s 6%: 0.11+0.69+0.087 ms clock, 1.8+0.58/1.0/0.003+1.4 ms cpu, 4->5->2 MB, 5 MB goal, 0 MB stacks, 0 MB globals, 16 P
gc 2100 @7.920s 6%: 0.15+0.53+0.19 ms clock, 2.5+0.51/0.99/0+3.1 ms cpu, 4->4->2 MB, 4 MB goal, 0 MB stacks, 0 MB globals, 16 P
gc 2101 @7.922s 6%: 0.11+0.63+0.17 ms clock, 1.8+0.69/1.0/0+2.8 ms cpu, 4->4->2 MB, 4 MB goal, 0 MB stacks, 0 MB globals, 16 P
gc 2102 @7.924s 6%: 0.18+0.57+0.18 ms clock, 3.0+0.82/0.88/0+2.8 ms cpu, 4->4->2 MB, 4 MB goal, 0 MB stacks, 0 MB globals, 16 P
gc 2103 @7.925s 6%: 0.23+0.70+0.10 ms clock, 3.8+0.70/0.93/0+1.6 ms cpu, 3->4->2 MB, 4 MB goal, 0 MB stacks, 0 MB globals, 16 P
gc 2104 @7.927s 6%: 0.16+0.73+0.16 ms clock, 2.7+0.56/0.89/0+2.5 ms cpu, 4->5->2 MB, 5 MB goal, 0 MB stacks, 0 MB globals, 16 P
gc 2105 @7.929s 6%: 0.16+0.68+0.10 ms clock, 2.6+0.70/0.94/0+1.7 ms cpu, 4->5->2 MB, 4 MB goal, 0 MB stacks, 0 MB globals, 16 P
gc 2106 @7.931s 6%: 0.10+0.66+0.16 ms clock, 1.6+0.65/0.96/0+2.6 ms cpu, 4->5->2 MB, 5 MB goal, 0 MB stacks, 0 MB globals, 16 P
gc 2107 @7.933s 6%: 0.091+0.74+0.083 ms clock, 1.4+0.50/1.2/0+1.3 ms cpu, 4->5->2 MB, 4 MB goal, 0 MB stacks, 0 MB globals, 16 P
gc 2108 @7.934s 6%: 0.16+0.80+0.11 ms clock, 2.7+0.61/1.0/0.002+1.8 ms cpu, 4->5->2 MB, 5 MB goal, 0 MB stacks, 0 MB globals, 16 P
gc 2109 @7.936s 6%: 0.19+0.63+0.097 ms clock, 3.0+0.53/1.0/0.035+1.5 ms cpu, 4->5->2 MB, 5 MB goal, 0 MB stacks, 0 MB globals, 16 P
gc 2110 @7.938s 6%: 0.19+0.66+0.19 ms clock, 3.1+0.73/1.0/0+3.0 ms cpu, 4->4->2 MB, 4 MB goal, 0 MB stacks, 0 MB globals, 16 P
gc 2111 @7.940s 6%: 0.17+0.68+0.10 ms clock, 2.7+0.61/0.91/0+1.7 ms cpu, 4->5->2 MB, 4 MB goal, 0 MB stacks, 0 MB globals, 16 P
gc 2112 @7.942s 6%: 0.19+0.54+0.15 ms clock, 3.1+0.67/0.94/0+2.5 ms cpu, 4->4->2 MB, 5 MB goal, 0 MB stacks, 0 MB globals, 16 P
gc 2113 @7.944s 6%: 0.22+0.56+0.15 ms clock, 3.5+0.88/0.96/0+2.4 ms cpu, 3->4->2 MB, 4 MB goal, 0 MB stacks, 0 MB globals, 16 P
gc 2114 @7.945s 6%: 0.17+1.0+0.054 ms clock, 2.8+0.56/1.1/0+0.87 ms cpu, 4->5->2 MB, 4 MB goal, 0 MB stacks, 0 MB globals, 16 P
gc 2115 @7.948s 6%: 0.097+0.51+0.15 ms clock, 1.5+0.70/0.89/0+2.4 ms cpu, 4->5->2 MB, 5 MB goal, 0 MB stacks, 0 MB globals, 16 P
gc 2116 @7.949s 6%: 0.14+0.62+0.17 ms clock, 2.2+0.68/1.1/0+2.8 ms cpu, 3->4->2 MB, 4 MB goal, 0 MB stacks, 0 MB globals, 16 P
gc 2117 @7.951s 6%: 0.14+0.82+0.10 ms clock, 2.3+0.69/0.86/0+1.6 ms cpu, 4->5->2 MB, 4 MB goal, 0 MB stacks, 0 MB globals, 16 P
gc 2118 @7.953s 6%: 0.11+0.69+0.13 ms clock, 1.7+0.62/1.0/0+2.2 ms cpu, 4->4->2 MB, 4 MB goal, 0 MB stacks, 0 MB globals, 16 P
gc 2119 @7.955s 6%: 0.12+0.73+0.18 ms clock, 2.0+0.64/0.95/0+2.9 ms cpu, 4->5->2 MB, 4 MB goal, 0 MB stacks, 0 MB globals, 16 P
gc 2120 @7.957s 6%: 0.10+0.68+0.13 ms clock, 1.7+0.83/0.96/0.047+2.1 ms cpu, 4->5->2 MB, 5 MB goal, 0 MB stacks, 0 MB globals, 16 P
gc 2121 @7.958s 6%: 0.11+0.79+0.20 ms clock, 1.9+0.71/1.0/0+3.2 ms cpu, 4->5->2 MB, 4 MB goal, 0 MB stacks, 0 MB globals, 16 P
gc 2122 @7.961s 6%: 0.19+0.93+0.11 ms clock, 3.1+0.71/0.98/0+1.8 ms cpu, 4->5->2 MB, 5 MB goal, 0 MB stacks, 0 MB globals, 16 P
gc 2123 @7.963s 6%: 0.11+0.76+0.12 ms clock, 1.8+0.57/1.0/0.014+2.0 ms cpu, 4->5->2 MB, 5 MB goal, 0 MB stacks, 0 MB globals, 16 P
gc 2124 @7.965s 6%: 0.15+0.81+0.11 ms clock, 2.5+0.65/0.99/0+1.8 ms cpu, 4->5->2 MB, 4 MB goal, 0 MB stacks, 0 MB globals, 16 P
gc 2125 @7.967s 6%: 0.12+0.75+0.13 ms clock, 2.0+0.76/0.96/0+2.1 ms cpu, 4->5->2 MB, 5 MB goal, 0 MB stacks, 0 MB globals, 16 P
gc 2126 @7.969s 6%: 0.20+0.64+0.11 ms clock, 3.2+0.71/0.91/0+1.8 ms cpu, 4->5->2 MB, 5 MB goal, 0 MB stacks, 0 MB globals, 16 P
gc 2127 @7.971s 6%: 0.14+0.87+0.11 ms clock, 2.2+0.43/1.0/0+1.7 ms cpu, 4->5->2 MB, 4 MB goal, 0 MB stacks, 0 MB globals, 16 P
gc 2128 @7.973s 6%: 0.15+0.48+0.16 ms clock, 2.4+0.76/0.81/0+2.6 ms cpu, 4->4->2 MB, 5 MB goal, 0 MB stacks, 0 MB globals, 16 P
gc 2129 @7.974s 6%: 0.11+0.62+0.10 ms clock, 1.8+0.63/1.0/0+1.7 ms cpu, 3->4->2 MB, 4 MB goal, 0 MB stacks, 0 MB globals, 16 P
gc 2130 @7.976s 6%: 0.11+0.74+0.13 ms clock, 1.8+0.61/0.90/0+2.1 ms cpu, 4->4->2 MB, 4 MB goal, 0 MB stacks, 0 MB globals, 16 P
gc 2131 @7.978s 6%: 0.095+0.71+0.12 ms clock, 1.5+0.62/1.1/0+1.9 ms cpu, 4->5->2 MB, 4 MB goal, 0 MB stacks, 0 MB globals, 16 P
gc 2132 @7.980s 6%: 0.15+0.62+0.13 ms clock, 2.5+0.59/0.96/0+2.0 ms cpu, 4->5->2 MB, 5 MB goal, 0 MB stacks, 0 MB globals, 16 P
gc 2133 @7.982s 6%: 0.13+0.64+0.15 ms clock, 2.1+0.78/1.0/0+2.5 ms cpu, 4->5->2 MB, 4 MB goal, 0 MB stacks, 0 MB globals, 16 P
gc 2134 @7.984s 6%: 0.15+0.57+0.14 ms clock, 2.4+0.55/0.88/0+2.2 ms cpu, 4->5->2 MB, 5 MB goal, 0 MB stacks, 0 MB globals, 16 P
gc 2135 @7.985s 6%: 0.11+0.63+0.15 ms clock, 1.8+0.60/0.86/0.062+2.5 ms cpu, 4->4->2 MB, 4 MB goal, 0 MB stacks, 0 MB globals, 16 P
gc 2136 @7.987s 6%: 0.14+0.54+0.095 ms clock, 2.3+0.97/0.91/0+1.5 ms cpu, 3->4->2 MB, 4 MB goal, 0 MB stacks, 0 MB globals, 16 P
gc 2137 @7.988s 6%: 0.16+0.65+0.098 ms clock, 2.6+0.80/0.82/0+1.5 ms cpu, 3->4->2 MB, 4 MB goal, 0 MB stacks, 0 MB globals, 16 P
gc 2138 @7.990s 6%: 0.18+0.78+0.15 ms clock, 2.9+0.63/0.95/0+2.5 ms cpu, 4->5->2 MB, 4 MB goal, 0 MB stacks, 0 MB globals, 16 P
gc 2139 @7.992s 6%: 0.18+0.69+0.20 ms clock, 2.9+0.58/0.99/0+3.3 ms cpu, 4->5->2 MB, 5 MB goal, 0 MB stacks, 0 MB globals, 16 P
gc 2140 @7.994s 6%: 0.10+0.62+0.14 ms clock, 1.6+0.51/1.1/0+2.2 ms cpu, 4->5->2 MB, 5 MB goal, 0 MB stacks, 0 MB globals, 16 P
gc 2141 @7.996s 6%: 0.15+0.85+0.080 ms clock, 2.5+0.57/1.1/0+1.2 ms cpu, 3->5->2 MB, 4 MB goal, 0 MB stacks, 0 MB globals, 16 P
gc 2142 @7.998s 6%: 0.14+0.60+0.16 ms clock, 2.3+0.66/0.92/0+2.6 ms cpu, 4->5->2 MB, 5 MB goal, 0 MB stacks, 0 MB globals, 16 P
gc 2143 @8.000s 6%: 0.12+0.80+0.15 ms clock, 1.9+0.71/1.0/0+2.4 ms cpu, 4->4->2 MB, 4 MB goal, 0 MB stacks, 0 MB globals, 16 P
gc 2144 @8.002s 6%: 0.16+0.68+0.12 ms clock, 2.6+0.65/1.1/0+1.9 ms cpu, 4->5->2 MB, 5 MB goal, 0 MB stacks, 0 MB globals, 16 P
gc 2145 @8.004s 6%: 0.16+0.78+0.12 ms clock, 2.6+0.73/1.0/0+1.9 ms cpu, 4->5->2 MB, 5 MB goal, 0 MB stacks, 0 MB globals, 16 P
gc 2146 @8.006s 6%: 0.14+0.60+0.12 ms clock, 2.2+0.58/1.0/0+2.0 ms cpu, 4->5->2 MB, 5 MB goal, 0 MB stacks, 0 MB globals, 16 P
gc 2147 @8.007s 6%: 0.20+0.54+0.13 ms clock, 3.3+0.67/0.95/0+2.2 ms cpu, 4->4->2 MB, 4 MB goal, 0 MB stacks, 0 MB globals, 16 P
gc 2148 @8.009s 6%: 0.16+0.64+0.092 ms clock, 2.6+0.56/0.97/0+1.4 ms cpu, 4->4->2 MB, 4 MB goal, 0 MB stacks, 0 MB globals, 16 P
gc 2149 @8.011s 6%: 0.17+0.74+0.14 ms clock, 2.7+0.66/1.0/0+2.2 ms cpu, 3->4->2 MB, 4 MB goal, 0 MB stacks, 0 MB globals, 16 P
gc 2150 @8.013s 6%: 0.092+0.97+0.060 ms clock, 1.4+0.89/1.1/0.013+0.96 ms cpu, 4->5->2 MB, 5 MB goal, 0 MB stacks, 0 MB globals, 16 P
gc 2151 @8.015s 6%: 0.14+0.84+0.12 ms clock, 2.2+0.73/1.1/0.008+2.0 ms cpu, 4->5->2 MB, 5 MB goal, 0 MB stacks, 0 MB globals, 16 P
gc 2152 @8.017s 6%: 0.13+0.74+0.12 ms clock, 2.2+0.59/0.85/0.042+1.9 ms cpu, 4->5->2 MB, 5 MB goal, 0 MB stacks, 0 MB globals, 16 P
gc 2153 @8.019s 6%: 0.11+0.70+0.14 ms clock, 1.8+0.61/0.86/0+2.3 ms cpu, 4->4->2 MB, 4 MB goal, 0 MB stacks, 0 MB globals, 16 P
gc 2154 @8.021s 6%: 0.13+0.70+0.11 ms clock, 2.2+0.54/0.84/0.004+1.7 ms cpu, 4->4->2 MB, 4 MB goal, 0 MB stacks, 0 MB globals, 16 P
gc 2155 @8.022s 6%: 0.16+0.81+0.11 ms clock, 2.6+0.57/0.83/0+1.8 ms cpu, 4->5->2 MB, 4 MB goal, 0 MB stacks, 0 MB globals, 16 P
gc 2156 @8.025s 6%: 0.12+0.75+0.10 ms clock, 1.9+0.62/0.98/0.015+1.6 ms cpu, 4->5->2 MB, 5 MB goal, 0 MB stacks, 0 MB globals, 16 P
gc 2157 @8.027s 6%: 0.15+0.57+0.11 ms clock, 2.4+0.58/0.95/0+1.8 ms cpu, 4->5->2 MB, 5 MB goal, 0 MB stacks, 0 MB globals, 16 P
gc 2158 @8.028s 6%: 0.13+0.80+0.16 ms clock, 2.2+0.67/0.87/0+2.5 ms cpu, 4->5->2 MB, 4 MB goal, 0 MB stacks, 0 MB globals, 16 P
gc 2159 @8.030s 6%: 0.14+0.70+0.091 ms clock, 2.2+0.63/1.0/0+1.4 ms cpu, 4->5->2 MB, 5 MB goal, 0 MB stacks, 0 MB globals, 16 P
gc 2160 @8.032s 6%: 0.11+0.78+0.12 ms clock, 1.8+0.58/1.0/0+2.0 ms cpu, 4->5->2 MB, 5 MB goal, 0 MB stacks, 0 MB globals, 16 P
gc 2161 @8.035s 6%: 0.11+0.72+0.15 ms clock, 1.8+0.78/1.1/0+2.4 ms cpu, 4->5->2 MB, 5 MB goal, 0 MB stacks, 0 MB globals, 16 P
gc 2162 @8.037s 6%: 0.13+0.69+0.11 ms clock, 2.1+0.68/0.97/0+1.8 ms cpu, 4->5->2 MB, 5 MB goal, 0 MB stacks, 0 MB globals, 16 P
gc 2163 @8.038s 6%: 0.15+0.73+0.15 ms clock, 2.4+0.66/1.0/0+2.4 ms cpu, 4->5->2 MB, 4 MB goal, 0 MB stacks, 0 MB globals, 16 P
gc 2164 @8.040s 6%: 0.17+0.55+0.14 ms clock, 2.7+0.58/0.96/0+2.3 ms cpu, 4->5->2 MB, 5 MB goal, 0 MB stacks, 0 MB globals, 16 P
gc 2165 @8.042s 6%: 0.10+0.91+0.13 ms clock, 1.7+0.63/0.98/0+2.1 ms cpu, 4->5->2 MB, 4 MB goal, 0 MB stacks, 0 MB globals, 16 P
gc 2166 @8.044s 6%: 0.12+0.57+0.17 ms clock, 1.9+0.59/1.0/0+2.7 ms cpu, 4->5->2 MB, 5 MB goal, 0 MB stacks, 0 MB globals, 16 P
gc 2167 @8.046s 6%: 0.13+0.85+0.11 ms clock, 2.1+0.91/1.1/0+1.8 ms cpu, 4->4->2 MB, 4 MB goal, 0 MB stacks, 0 MB globals, 16 P
gc 2168 @8.048s 6%: 0.17+0.59+0.17 ms clock, 2.7+0.73/1.0/0+2.7 ms cpu, 4->5->2 MB, 5 MB goal, 0 MB stacks, 0 MB globals, 16 P
gc 2169 @8.050s 6%: 0.10+0.59+0.17 ms clock, 1.7+0.66/0.99/0.011+2.7 ms cpu, 4->4->2 MB, 4 MB goal, 0 MB stacks, 0 MB globals, 16 P
gc 2170 @8.051s 6%: 0.15+0.71+0.12 ms clock, 2.4+0.80/1.0/0+1.9 ms cpu, 3->4->2 MB, 4 MB goal, 0 MB stacks, 0 MB globals, 16 P
gc 2171 @8.053s 6%: 0.083+0.53+0.17 ms clock, 1.3+0.69/0.84/0+2.8 ms cpu, 4->4->2 MB, 4 MB goal, 0 MB stacks, 0 MB globals, 16 P
gc 2172 @8.055s 6%: 0.12+0.87+0.15 ms clock, 1.9+0.75/0.99/0+2.4 ms cpu, 3->4->2 MB, 4 MB goal, 0 MB stacks, 0 MB globals, 16 P
gc 2173 @8.057s 6%: 0.15+0.63+0.11 ms clock, 2.5+0.68/0.86/0+1.8 ms cpu, 4->5->2 MB, 5 MB goal, 0 MB stacks, 0 MB globals, 16 P
gc 2174 @8.058s 6%: 0.18+0.61+0.15 ms clock, 3.0+0.71/0.92/0+2.5 ms cpu, 4->4->2 MB, 4 MB goal, 0 MB stacks, 0 MB globals, 16 P
gc 2175 @8.060s 6%: 0.19+0.51+0.10 ms clock, 3.1+0.65/0.96/0+1.7 ms cpu, 4->4->2 MB, 4 MB goal, 0 MB stacks, 0 MB globals, 16 P
gc 2176 @8.062s 6%: 0.18+0.78+0.18 ms clock, 2.9+0.73/1.0/0+2.9 ms cpu, 4->5->2 MB, 4 MB goal, 0 MB stacks, 0 MB globals, 16 P
gc 2177 @8.064s 6%: 0.13+0.67+0.19 ms clock, 2.1+0.72/1.0/0+3.0 ms cpu, 4->5->2 MB, 5 MB goal, 0 MB stacks, 0 MB globals, 16 P
gc 2178 @8.066s 6%: 0.13+0.77+0.13 ms clock, 2.0+0.66/1.0/0+2.1 ms cpu, 4->4->2 MB, 4 MB goal, 0 MB stacks, 0 MB globals, 16 P
gc 2179 @8.068s 6%: 0.11+0.59+0.13 ms clock, 1.8+0.62/0.88/0+2.0 ms cpu, 4->4->2 MB, 4 MB goal, 0 MB stacks, 0 MB globals, 16 P
gc 2180 @8.069s 6%: 0.18+0.93+0.096 ms clock, 2.9+0.63/0.91/0.031+1.5 ms cpu, 3->5->2 MB, 4 MB goal, 0 MB stacks, 0 MB globals, 16 P
gc 2181 @8.072s 6%: 0.15+0.80+0.16 ms clock, 2.5+0.68/1.0/0.001+2.6 ms cpu, 4->5->2 MB, 5 MB goal, 0 MB stacks, 0 MB globals, 16 P
gc 2182 @8.074s 6%: 0.13+0.57+0.15 ms clock, 2.1+0.52/0.88/0.10+2.4 ms cpu, 4->4->1 MB, 5 MB goal, 0 MB stacks, 0 MB globals, 16 P
gc 2183 @8.075s 6%: 0.20+0.60+0.15 ms clock, 3.2+0.86/1.0/0+2.4 ms cpu, 3->4->2 MB, 4 MB goal, 0 MB stacks, 0 MB globals, 16 P
gc 2184 @8.077s 6%: 0.16+0.51+0.10 ms clock, 2.7+0.55/0.89/0+1.6 ms cpu, 4->5->2 MB, 5 MB goal, 0 MB stacks, 0 MB globals, 16 P
gc 2185 @8.079s 6%: 0.11+0.59+0.20 ms clock, 1.7+0.47/1.1/0+3.3 ms cpu, 3->4->2 MB, 4 MB goal, 0 MB stacks, 0 MB globals, 16 P
gc 2186 @8.080s 6%: 0.11+0.79+0.11 ms clock, 1.8+0.68/1.0/0+1.8 ms cpu, 4->4->2 MB, 4 MB goal, 0 MB stacks, 0 MB globals, 16 P
gc 2187 @8.082s 6%: 0.16+0.71+0.10 ms clock, 2.6+0.66/1.0/0+1.6 ms cpu, 4->5->2 MB, 5 MB goal, 0 MB stacks, 0 MB globals, 16 P
gc 2188 @8.084s 6%: 0.13+0.59+0.10 ms clock, 2.2+0.56/1.0/0+1.6 ms cpu, 4->5->2 MB, 5 MB goal, 0 MB stacks, 0 MB globals, 16 P
gc 2189 @8.086s 6%: 0.086+0.59+0.15 ms clock, 1.3+0.62/0.93/0.002+2.5 ms cpu, 4->4->2 MB, 4 MB goal, 0 MB stacks, 0 MB globals, 16 P
gc 2190 @8.088s 6%: 0.13+0.57+0.15 ms clock, 2.2+0.64/0.96/0+2.4 ms cpu, 4->4->2 MB, 4 MB goal, 0 MB stacks, 0 MB globals, 16 P
gc 2191 @8.089s 6%: 0.15+0.68+0.075 ms clock, 2.4+0.84/0.86/0+1.2 ms cpu, 3->4->2 MB, 4 MB goal, 0 MB stacks, 0 MB globals, 16 P
gc 2192 @8.091s 6%: 0.12+0.63+0.14 ms clock, 2.0+0.73/0.83/0+2.2 ms cpu, 4->4->2 MB, 4 MB goal, 0 MB stacks, 0 MB globals, 16 P
gc 2193 @8.093s 6%: 0.14+0.60+0.18 ms clock, 2.3+0.58/0.88/0+2.9 ms cpu, 3->4->2 MB, 4 MB goal, 0 MB stacks, 0 MB globals, 16 P
gc 2194 @8.094s 6%: 0.11+0.70+0.080 ms clock, 1.8+0.52/1.0/0+1.2 ms cpu, 4->4->2 MB, 4 MB goal, 0 MB stacks, 0 MB globals, 16 P
gc 2195 @8.096s 6%: 0.14+0.56+0.15 ms clock, 2.2+0.58/0.92/0+2.4 ms cpu, 4->4->2 MB, 4 MB goal, 0 MB stacks, 0 MB globals, 16 P
gc 2196 @8.098s 6%: 0.13+1.0+0.12 ms clock, 2.1+0.71/1.2/0+2.0 ms cpu, 3->5->2 MB, 4 MB goal, 0 MB stacks, 0 MB globals, 16 P
gc 2197 @8.100s 6%: 0.13+0.72+0.18 ms clock, 2.1+0.75/1.0/0+2.9 ms cpu, 4->5->2 MB, 5 MB goal, 0 MB stacks, 0 MB globals, 16 P
gc 2198 @8.102s 6%: 0.10+0.58+0.17 ms clock, 1.6+0.60/0.98/0.084+2.8 ms cpu, 4->4->2 MB, 4 MB goal, 0 MB stacks, 0 MB globals, 16 P
gc 2199 @8.104s 6%: 0.14+0.66+0.19 ms clock, 2.3+0.96/0.95/0+3.1 ms cpu, 3->4->2 MB, 4 MB goal, 0 MB stacks, 0 MB globals, 16 P
gc 2200 @8.106s 6%: 0.14+0.56+0.15 ms clock, 2.3+0.76/0.91/0+2.4 ms cpu, 4->5->2 MB, 5 MB goal, 0 MB stacks, 0 MB globals, 16 P
gc 2201 @8.107s 6%: 0.095+0.50+0.097 ms clock, 1.5+0.77/0.89/0+1.5 ms cpu, 3->4->2 MB, 4 MB goal, 0 MB stacks, 0 MB globals, 16 P
gc 2202 @8.109s 6%: 0.12+0.50+0.12 ms clock, 1.9+0.69/0.99/0+1.9 ms cpu, 3->4->2 MB, 4 MB goal, 0 MB stacks, 0 MB globals, 16 P
gc 2203 @8.110s 6%: 0.13+0.64+0.20 ms clock, 2.0+0.64/0.97/0+3.2 ms cpu, 3->4->2 MB, 4 MB goal, 0 MB stacks, 0 MB globals, 16 P
gc 2204 @8.112s 6%: 0.11+0.59+0.11 ms clock, 1.8+0.69/0.95/0+1.7 ms cpu, 4->4->2 MB, 4 MB goal, 0 MB stacks, 0 MB globals, 16 P
gc 2205 @8.113s 6%: 0.11+0.97+0.13 ms clock, 1.7+0.64/0.95/0+2.1 ms cpu, 3->5->2 MB, 4 MB goal, 0 MB stacks, 0 MB globals, 16 P
gc 2206 @8.116s 6%: 0.11+0.58+0.10 ms clock, 1.8+0.57/1.0/0+1.7 ms cpu, 4->5->2 MB, 5 MB goal, 0 MB stacks, 0 MB globals, 16 P
gc 2207 @8.117s 6%: 0.090+0.61+0.095 ms clock, 1.4+0.70/0.86/0+1.5 ms cpu, 3->4->2 MB, 4 MB goal, 0 MB stacks, 0 MB globals, 16 P
gc 2208 @8.119s 6%: 0.17+0.72+0.14 ms clock, 2.8+0.78/0.77/0.082+2.2 ms cpu, 3->4->2 MB, 4 MB goal, 0 MB stacks, 0 MB globals, 16 P
gc 2209 @8.121s 6%: 0.095+0.78+0.17 ms clock, 1.5+0.57/0.86/0.023+2.7 ms cpu, 4->5->2 MB, 4 MB goal, 0 MB stacks, 0 MB globals, 16 P
gc 2210 @8.123s 6%: 0.11+0.68+0.14 ms clock, 1.7+0.77/0.86/0+2.3 ms cpu, 4->4->2 MB, 5 MB goal, 0 MB stacks, 0 MB globals, 16 P
gc 2211 @8.125s 6%: 0.18+0.69+0.15 ms clock, 2.9+0.71/1.0/0+2.4 ms cpu, 3->4->2 MB, 4 MB goal, 0 MB stacks, 0 MB globals, 16 P
gc 2212 @8.127s 6%: 0.11+0.67+0.12 ms clock, 1.9+0.55/0.99/0+2.0 ms cpu, 4->5->2 MB, 5 MB goal, 0 MB stacks, 0 MB globals, 16 P
gc 2213 @8.128s 6%: 0.082+0.83+0.085 ms clock, 1.3+0.74/0.99/0+1.3 ms cpu, 4->5->2 MB, 4 MB goal, 0 MB stacks, 0 MB globals, 16 P
gc 2214 @8.130s 6%: 0.13+0.65+0.17 ms clock, 2.2+0.68/1.0/0.045+2.8 ms cpu, 4->5->2 MB, 5 MB goal, 0 MB stacks, 0 MB globals, 16 P
gc 2215 @8.132s 6%: 0.12+0.79+0.083 ms clock, 1.9+0.64/1.4/0+1.3 ms cpu, 3->4->2 MB, 4 MB goal, 0 MB stacks, 0 MB globals, 16 P
gc 2216 @8.134s 6%: 0.11+0.60+0.15 ms clock, 1.8+0.69/0.85/0+2.5 ms cpu, 4->4->2 MB, 4 MB goal, 0 MB stacks, 0 MB globals, 16 P
gc 2217 @8.136s 6%: 0.15+0.93+0.11 ms clock, 2.4+0.72/0.80/0+1.8 ms cpu, 4->5->2 MB, 4 MB goal, 0 MB stacks, 0 MB globals, 16 P
gc 2218 @8.138s 6%: 0.10+0.55+0.085 ms clock, 1.6+0.61/0.90/0+1.3 ms cpu, 4->5->2 MB, 5 MB goal, 0 MB stacks, 0 MB globals, 16 P
gc 2219 @8.140s 6%: 0.087+0.66+0.10 ms clock, 1.4+0.53/1.0/0+1.6 ms cpu, 3->4->2 MB, 4 MB goal, 0 MB stacks, 0 MB globals, 16 P
gc 2220 @8.142s 6%: 0.15+0.72+0.17 ms clock, 2.4+0.53/0.94/0+2.7 ms cpu, 4->4->2 MB, 5 MB goal, 0 MB stacks, 0 MB globals, 16 P
gc 2221 @8.144s 6%: 0.10+0.64+0.12 ms clock, 1.7+0.55/1.0/0+1.9 ms cpu, 4->4->2 MB, 4 MB goal, 0 MB stacks, 0 MB globals, 16 P
gc 2222 @8.145s 6%: 0.12+0.64+0.20 ms clock, 2.0+0.76/0.98/0+3.2 ms cpu, 4->5->2 MB, 4 MB goal, 0 MB stacks, 0 MB globals, 16 P
gc 2223 @8.147s 6%: 0.16+0.57+0.13 ms clock, 2.6+0.76/1.0/0+2.0 ms cpu, 4->5->2 MB, 5 MB goal, 0 MB stacks, 0 MB globals, 16 P
gc 2224 @8.149s 6%: 0.10+0.92+0.081 ms clock, 1.6+0.55/1.0/0+1.3 ms cpu, 4->5->2 MB, 4 MB goal, 0 MB stacks, 0 MB globals, 16 P
gc 2225 @8.151s 6%: 0.10+0.58+0.18 ms clock, 1.7+0.71/0.88/0+2.9 ms cpu, 4->5->2 MB, 5 MB goal, 0 MB stacks, 0 MB globals, 16 P
gc 2226 @8.153s 6%: 0.19+0.59+0.21 ms clock, 3.0+0.61/0.92/0+3.3 ms cpu, 3->4->2 MB, 4 MB goal, 0 MB stacks, 0 MB globals, 16 P
gc 2227 @8.154s 6%: 0.13+0.76+0.10 ms clock, 2.1+0.63/0.97/0+1.7 ms cpu, 4->5->2 MB, 5 MB goal, 0 MB stacks, 0 MB globals, 16 P
gc 2228 @8.156s 6%: 0.12+0.71+0.089 ms clock, 1.9+0.62/0.94/0.006+1.4 ms cpu, 4->5->2 MB, 5 MB goal, 0 MB stacks, 0 MB globals, 16 P
gc 2229 @8.158s 6%: 0.10+0.68+0.14 ms clock, 1.6+0.72/0.94/0+2.3 ms cpu, 3->4->2 MB, 4 MB goal, 0 MB stacks, 0 MB globals, 16 P
gc 2230 @8.160s 6%: 0.11+0.81+0.13 ms clock, 1.7+0.64/0.95/0+2.0 ms cpu, 3->4->2 MB, 4 MB goal, 0 MB stacks, 0 MB globals, 16 P
gc 2231 @8.162s 6%: 0.090+0.60+0.18 ms clock, 1.4+0.58/0.89/0.015+2.9 ms cpu, 4->5->2 MB, 5 MB goal, 0 MB stacks, 0 MB globals, 16 P
gc 2232 @8.163s 6%: 0.16+0.72+0.11 ms clock, 2.6+0.64/1.0/0.007+1.8 ms cpu, 3->4->2 MB, 4 MB goal, 0 MB stacks, 0 MB globals, 16 P
gc 2233 @8.165s 6%: 0.17+0.73+0.10 ms clock, 2.7+0.71/0.88/0+1.6 ms cpu, 4->5->2 MB, 4 MB goal, 0 MB stacks, 0 MB globals, 16 P
gc 2234 @8.167s 6%: 0.11+0.62+0.14 ms clock, 1.8+0.51/1.0/0+2.3 ms cpu, 4->4->2 MB, 4 MB goal, 0 MB stacks, 0 MB globals, 16 P
gc 2235 @8.169s 6%: 0.10+0.51+0.16 ms clock, 1.7+0.52/0.98/0+2.5 ms cpu, 4->4->2 MB, 4 MB goal, 0 MB stacks, 0 MB globals, 16 P
gc 2236 @8.170s 6%: 0.12+0.78+0.15 ms clock, 1.9+0.52/0.89/0+2.4 ms cpu, 3->4->2 MB, 4 MB goal, 0 MB stacks, 0 MB globals, 16 P
gc 2237 @8.172s 6%: 0.10+0.68+0.16 ms clock, 1.7+0.65/0.92/0.058+2.7 ms cpu, 4->5->2 MB, 4 MB goal, 0 MB stacks, 0 MB globals, 16 P
gc 2238 @8.174s 6%: 0.086+0.64+0.087 ms clock, 1.3+0.54/0.99/0+1.3 ms cpu, 4->4->2 MB, 4 MB goal, 0 MB stacks, 0 MB globals, 16 P
gc 2239 @8.175s 6%: 0.14+0.68+0.088 ms clock, 2.2+0.72/1.0/0+1.4 ms cpu, 3->4->2 MB, 4 MB goal, 0 MB stacks, 0 MB globals, 16 P
gc 2240 @8.177s 6%: 0.15+0.70+0.15 ms clock, 2.5+0.63/0.87/0+2.4 ms cpu, 3->4->2 MB, 4 MB goal, 0 MB stacks, 0 MB globals, 16 P
gc 2241 @8.179s 6%: 0.14+0.64+0.14 ms clock, 2.2+0.67/0.93/0+2.3 ms cpu, 4->5->2 MB, 5 MB goal, 0 MB stacks, 0 MB globals, 16 P
gc 2242 @8.181s 6%: 0.099+0.54+0.089 ms clock, 1.5+0.59/0.81/0.017+1.4 ms cpu, 4->4->2 MB, 4 MB goal, 0 MB stacks, 0 MB globals, 16 P
gc 2243 @8.182s 6%: 0.14+0.87+0.11 ms clock, 2.3+0.77/1.2/0+1.7 ms cpu, 3->4->2 MB, 4 MB goal, 0 MB stacks, 0 MB globals, 16 P
gc 2244 @8.185s 6%: 0.15+0.65+0.22 ms clock, 2.5+0.68/0.91/0+3.6 ms cpu, 4->5->2 MB, 5 MB goal, 0 MB stacks, 0 MB globals, 16 P
gc 2245 @8.186s 6%: 0.070+0.55+0.11 ms clock, 1.1+0.69/1.0/0.025+1.8 ms cpu, 4->4->2 MB, 4 MB goal, 0 MB stacks, 0 MB globals, 16 P
gc 2246 @8.188s 6%: 0.15+0.82+0.091 ms clock, 2.5+0.48/0.90/0+1.4 ms cpu, 3->4->2 MB, 4 MB goal, 0 MB stacks, 0 MB globals, 16 P
gc 2247 @8.190s 6%: 0.13+0.64+0.11 ms clock, 2.1+0.60/0.97/0+1.7 ms cpu, 4->5->2 MB, 5 MB goal, 0 MB stacks, 0 MB globals, 16 P
gc 2248 @8.192s 6%: 0.15+0.60+0.12 ms clock, 2.5+0.58/1.0/0.024+1.9 ms cpu, 4->5->2 MB, 4 MB goal, 0 MB stacks, 0 MB globals, 16 P
gc 2249 @8.194s 6%: 0.17+0.68+0.12 ms clock, 2.7+0.54/1.0/0.002+1.9 ms cpu, 4->5->2 MB, 5 MB goal, 0 MB stacks, 0 MB globals, 16 P
gc 2250 @8.195s 6%: 0.10+0.61+0.14 ms clock, 1.6+0.59/0.92/0.026+2.2 ms cpu, 4->4->2 MB, 4 MB goal, 0 MB stacks, 0 MB globals, 16 P
gc 2251 @8.197s 6%: 0.10+0.47+0.12 ms clock, 1.7+0.63/0.82/0+2.0 ms cpu, 3->4->2 MB, 4 MB goal, 0 MB stacks, 0 MB globals, 16 P
gc 2252 @8.199s 6%: 0.16+0.60+0.093 ms clock, 2.6+0.50/0.97/0+1.4 ms cpu, 3->4->2 MB, 4 MB goal, 0 MB stacks, 0 MB globals, 16 P
gc 2253 @8.200s 6%: 0.087+0.54+0.11 ms clock, 1.4+0.67/0.82/0+1.7 ms cpu, 4->4->2 MB, 4 MB goal, 0 MB stacks, 0 MB globals, 16 P
gc 2254 @8.202s 6%: 0.10+0.61+0.13 ms clock, 1.7+0.73/0.90/0+2.1 ms cpu, 3->4->2 MB, 4 MB goal, 0 MB stacks, 0 MB globals, 16 P
gc 2255 @8.204s 6%: 0.11+0.67+0.16 ms clock, 1.8+0.80/1.0/0+2.5 ms cpu, 4->5->2 MB, 4 MB goal, 0 MB stacks, 0 MB globals, 16 P
gc 2256 @8.206s 6%: 0.11+0.95+0.088 ms clock, 1.8+0.61/0.98/0+1.4 ms cpu, 4->5->2 MB, 4 MB goal, 0 MB stacks, 0 MB globals, 16 P
gc 2257 @8.208s 6%: 0.15+0.55+0.11 ms clock, 2.4+0.65/0.96/0+1.8 ms cpu, 4->5->2 MB, 5 MB goal, 0 MB stacks, 0 MB globals, 16 P
gc 2258 @8.209s 6%: 0.13+0.90+0.083 ms clock, 2.1+0.76/0.88/0+1.3 ms cpu, 4->5->2 MB, 4 MB goal, 0 MB stacks, 0 MB globals, 16 P
gc 2259 @8.212s 6%: 0.13+0.63+0.13 ms clock, 2.1+0.65/1.0/0.014+2.1 ms cpu, 4->5->2 MB, 5 MB goal, 0 MB stacks, 0 MB globals, 16 P
gc 2260 @8.213s 6%: 0.20+0.60+0.12 ms clock, 3.2+0.56/0.96/0.052+1.9 ms cpu, 4->4->2 MB, 4 MB goal, 0 MB stacks, 0 MB globals, 16 P
gc 2261 @8.215s 6%: 0.20+0.67+0.16 ms clock, 3.2+0.78/1.0/0+2.6 ms cpu, 4->5->2 MB, 4 MB goal, 0 MB stacks, 0 MB globals, 16 P
gc 2262 @8.217s 6%: 0.12+0.73+0.091 ms clock, 2.0+0.59/1.1/0.006+1.4 ms cpu, 4->5->2 MB, 5 MB goal, 0 MB stacks, 0 MB globals, 16 P
gc 2263 @8.219s 6%: 0.15+0.51+0.19 ms clock, 2.4+0.68/0.96/0+3.1 ms cpu, 4->4->2 MB, 5 MB goal, 0 MB stacks, 0 MB globals, 16 P
gc 2264 @8.221s 6%: 0.16+0.72+0.094 ms clock, 2.6+0.65/0.80/0.006+1.5 ms cpu, 3->4->2 MB, 4 MB goal, 0 MB stacks, 0 MB globals, 16 P
gc 2265 @8.222s 6%: 0.14+0.69+0.16 ms clock, 2.3+0.47/0.90/0+2.7 ms cpu, 4->5->2 MB, 4 MB goal, 0 MB stacks, 0 MB globals, 16 P
gc 2266 @8.224s 6%: 0.15+0.68+0.21 ms clock, 2.4+0.65/1.0/0+3.4 ms cpu, 4->5->2 MB, 5 MB goal, 0 MB stacks, 0 MB globals, 16 P
gc 2267 @8.226s 6%: 0.15+0.65+0.16 ms clock, 2.5+0.70/0.99/0+2.5 ms cpu, 4->5->2 MB, 4 MB goal, 0 MB stacks, 0 MB globals, 16 P
gc 2268 @8.228s 6%: 0.10+0.58+0.15 ms clock, 1.7+0.64/0.93/0.019+2.4 ms cpu, 4->4->2 MB, 5 MB goal, 0 MB stacks, 0 MB globals, 16 P
gc 2269 @8.230s 6%: 0.11+0.68+0.11 ms clock, 1.8+0.61/0.83/0+1.8 ms cpu, 3->4->2 MB, 4 MB goal, 0 MB stacks, 0 MB globals, 16 P
gc 2270 @8.231s 6%: 0.11+0.79+0.099 ms clock, 1.8+0.57/0.99/0.010+1.5 ms cpu, 4->5->2 MB, 4 MB goal, 0 MB stacks, 0 MB globals, 16 P
gc 2271 @8.233s 6%: 0.12+0.67+0.10 ms clock, 1.9+0.54/0.96/0+1.6 ms cpu, 4->4->2 MB, 5 MB goal, 0 MB stacks, 0 MB globals, 16 P
gc 2272 @8.235s 6%: 0.10+0.51+0.12 ms clock, 1.6+0.49/0.92/0.002+2.0 ms cpu, 4->4->2 MB, 4 MB goal, 0 MB stacks, 0 MB globals, 16 P
gc 2273 @8.237s 6%: 0.10+0.73+0.099 ms clock, 1.7+0.46/1.0/0.010+1.5 ms cpu, 3->4->2 MB, 4 MB goal, 0 MB stacks, 0 MB globals, 16 P
gc 2274 @8.238s 6%: 0.089+0.75+0.15 ms clock, 1.4+0.68/1.0/0.012+2.4 ms cpu, 4->4->2 MB, 4 MB goal, 0 MB stacks, 0 MB globals, 16 P
gc 2275 @8.240s 6%: 0.13+0.68+0.093 ms clock, 2.0+0.62/1.0/0.001+1.4 ms cpu, 4->5->2 MB, 5 MB goal, 0 MB stacks, 0 MB globals, 16 P
gc 2276 @8.242s 6%: 0.11+0.69+0.085 ms clock, 1.9+0.51/1.1/0.002+1.3 ms cpu, 4->5->2 MB, 5 MB goal, 0 MB stacks, 0 MB globals, 16 P
gc 2277 @8.244s 6%: 0.12+0.59+0.16 ms clock, 1.9+0.55/0.86/0+2.5 ms cpu, 4->4->2 MB, 4 MB goal, 0 MB stacks, 0 MB globals, 16 P
gc 2278 @8.246s 6%: 0.17+0.62+0.20 ms clock, 2.7+0.73/0.79/0.042+3.2 ms cpu, 3->4->2 MB, 4 MB goal, 0 MB stacks, 0 MB globals, 16 P
gc 2279 @8.247s 6%: 0.16+0.86+0.076 ms clock, 2.6+0.53/1.0/0+1.2 ms cpu, 4->5->2 MB, 4 MB goal, 0 MB stacks, 0 MB globals, 16 P
gc 2280 @8.250s 6%: 0.14+0.66+0.15 ms clock, 2.3+0.68/0.94/0+2.5 ms cpu, 4->5->2 MB, 5 MB goal, 0 MB stacks, 0 MB globals, 16 P
gc 2281 @8.251s 6%: 0.18+0.75+0.16 ms clock, 2.9+0.64/0.97/0+2.6 ms cpu, 4->5->2 MB, 4 MB goal, 0 MB stacks, 0 MB globals, 16 P
gc 2282 @8.253s 6%: 0.15+0.82+0.12 ms clock, 2.4+0.60/0.93/0.029+1.9 ms cpu, 4->5->2 MB, 5 MB goal, 0 MB stacks, 0 MB globals, 16 P
gc 2283 @8.256s 6%: 0.12+0.82+0.10 ms clock, 2.0+0.63/1.0/0+1.7 ms cpu, 4->5->2 MB, 5 MB goal, 0 MB stacks, 0 MB globals, 16 P
gc 2284 @8.258s 6%: 0.12+0.76+0.16 ms clock, 2.0+0.62/0.89/0.041+2.5 ms cpu, 4->5->2 MB, 5 MB goal, 0 MB stacks, 0 MB globals, 16 P
gc 2285 @8.260s 6%: 0.14+0.56+0.094 ms clock, 2.3+0.59/1.0/0+1.5 ms cpu, 4->5->2 MB, 5 MB goal, 0 MB stacks, 0 MB globals, 16 P
gc 2286 @8.261s 6%: 0.19+0.68+0.098 ms clock, 3.1+0.62/1.0/0+1.5 ms cpu, 4->4->2 MB, 4 MB goal, 0 MB stacks, 0 MB globals, 16 P
gc 2287 @8.263s 6%: 0.10+0.76+0.082 ms clock, 1.6+0.60/1.1/0.001+1.3 ms cpu, 4->5->2 MB, 5 MB goal, 0 MB stacks, 0 MB globals, 16 P
gc 2288 @8.265s 6%: 0.19+0.79+0.073 ms clock, 3.0+0.53/1.0/0+1.1 ms cpu, 4->5->2 MB, 4 MB goal, 0 MB stacks, 0 MB globals, 16 P
gc 2289 @8.267s 6%: 0.12+0.99+0.11 ms clock, 2.0+0.66/1.2/0+1.8 ms cpu, 4->5->2 MB, 5 MB goal, 0 MB stacks, 0 MB globals, 16 P
gc 2290 @8.269s 6%: 0.11+0.65+0.19 ms clock, 1.8+0.68/1.1/0.051+3.1 ms cpu, 4->5->2 MB, 5 MB goal, 0 MB stacks, 0 MB globals, 16 P
gc 2291 @8.271s 6%: 0.14+0.70+0.17 ms clock, 2.2+0.54/1.0/0+2.7 ms cpu, 4->5->2 MB, 5 MB goal, 0 MB stacks, 0 MB globals, 16 P
gc 2292 @8.273s 6%: 0.16+0.64+0.14 ms clock, 2.6+0.73/0.84/0+2.2 ms cpu, 4->5->2 MB, 4 MB goal, 0 MB stacks, 0 MB globals, 16 P
gc 2293 @8.275s 6%: 0.11+0.67+0.091 ms clock, 1.8+0.65/0.89/0+1.4 ms cpu, 4->4->2 MB, 4 MB goal, 0 MB stacks, 0 MB globals, 16 P
gc 2294 @8.277s 6%: 0.11+0.59+0.13 ms clock, 1.7+0.57/0.93/0.023+2.1 ms cpu, 4->4->2 MB, 4 MB goal, 0 MB stacks, 0 MB globals, 16 P
gc 2295 @8.278s 6%: 0.12+0.70+0.11 ms clock, 1.9+0.52/1.0/0+1.7 ms cpu, 3->4->2 MB, 4 MB goal, 0 MB stacks, 0 MB globals, 16 P
gc 2296 @8.280s 6%: 0.12+0.57+0.19 ms clock, 1.9+0.50/0.93/0.005+3.1 ms cpu, 4->4->2 MB, 5 MB goal, 0 MB stacks, 0 MB globals, 16 P
gc 2297 @8.282s 6%: 0.099+0.71+0.094 ms clock, 1.5+0.51/0.96/0.001+1.5 ms cpu, 3->4->2 MB, 4 MB goal, 0 MB stacks, 0 MB globals, 16 P
gc 2298 @8.284s 6%: 0.16+0.65+0.20 ms clock, 2.5+0.72/0.96/0.002+3.2 ms cpu, 3->4->2 MB, 4 MB goal, 0 MB stacks, 0 MB globals, 16 P
gc 2299 @8.285s 6%: 0.11+0.61+0.19 ms clock, 1.8+0.54/0.96/0+3.1 ms cpu, 4->5->2 MB, 5 MB goal, 0 MB stacks, 0 MB globals, 16 P
gc 2300 @8.287s 6%: 0.21+0.73+0.13 ms clock, 3.4+0.75/1.0/0+2.1 ms cpu, 3->4->2 MB, 4 MB goal, 0 MB stacks, 0 MB globals, 16 P
gc 2301 @8.289s 6%: 0.12+0.83+0.10 ms clock, 2.0+0.55/1.0/0+1.6 ms cpu, 4->5->2 MB, 4 MB goal, 0 MB stacks, 0 MB globals, 16 P
gc 2302 @8.291s 6%: 0.11+0.68+0.099 ms clock, 1.7+0.48/1.0/0+1.5 ms cpu, 4->5->2 MB, 5 MB goal, 0 MB stacks, 0 MB globals, 16 P
gc 2303 @8.293s 6%: 0.14+0.67+0.15 ms clock, 2.3+0.64/0.93/0.020+2.4 ms cpu, 4->4->2 MB, 4 MB goal, 0 MB stacks, 0 MB globals, 16 P
gc 2304 @8.295s 6%: 0.15+0.52+0.17 ms clock, 2.5+0.69/0.92/0+2.8 ms cpu, 4->4->2 MB, 4 MB goal, 0 MB stacks, 0 MB globals, 16 P
gc 2305 @8.296s 6%: 0.13+0.49+0.16 ms clock, 2.1+0.53/0.97/0+2.6 ms cpu, 3->4->2 MB, 4 MB goal, 0 MB stacks, 0 MB globals, 16 P
gc 2306 @8.298s 6%: 0.13+0.72+0.092 ms clock, 2.1+0.64/1.1/0.009+1.4 ms cpu, 3->4->2 MB, 4 MB goal, 0 MB stacks, 0 MB globals, 16 P
gc 2307 @8.300s 6%: 0.15+0.68+0.14 ms clock, 2.4+0.58/0.86/0+2.3 ms cpu, 4->5->2 MB, 5 MB goal, 0 MB stacks, 0 MB globals, 16 P
gc 2308 @8.302s 6%: 0.11+0.59+0.16 ms clock, 1.7+0.71/1.0/0+2.6 ms cpu, 4->4->2 MB, 4 MB goal, 0 MB stacks, 0 MB globals, 16 P
gc 2309 @8.303s 6%: 0.16+0.80+0.16 ms clock, 2.6+0.62/0.97/0+2.6 ms cpu, 3->4->2 MB, 4 MB goal, 0 MB stacks, 0 MB globals, 16 P
gc 2310 @8.305s 6%: 0.11+0.55+0.11 ms clock, 1.7+0.63/0.93/0+1.9 ms cpu, 4->4->2 MB, 5 MB goal, 0 MB stacks, 0 MB globals, 16 P
gc 2311 @8.307s 6%: 0.15+0.61+0.15 ms clock, 2.4+0.79/0.88/0+2.4 ms cpu, 3->4->2 MB, 4 MB goal, 0 MB stacks, 0 MB globals, 16 P
gc 2312 @8.309s 6%: 0.17+0.73+0.13 ms clock, 2.8+0.47/1.0/0+2.1 ms cpu, 4->5->2 MB, 5 MB goal, 0 MB stacks, 0 MB globals, 16 P
gc 2313 @8.311s 6%: 0.10+0.76+0.19 ms clock, 1.7+0.62/1.0/0+3.1 ms cpu, 4->5->2 MB, 4 MB goal, 0 MB stacks, 0 MB globals, 16 P
gc 2314 @8.313s 6%: 0.16+0.75+0.14 ms clock, 2.6+0.64/1.0/0+2.3 ms cpu, 4->5->2 MB, 4 MB goal, 0 MB stacks, 0 MB globals, 16 P
gc 2315 @8.315s 6%: 0.10+0.53+0.14 ms clock, 1.6+0.83/0.93/0+2.3 ms cpu, 4->5->2 MB, 5 MB goal, 0 MB stacks, 0 MB globals, 16 P
gc 2316 @8.316s 6%: 0.15+0.70+0.13 ms clock, 2.4+0.87/0.83/0.007+2.0 ms cpu, 3->4->2 MB, 4 MB goal, 0 MB stacks, 0 MB globals, 16 P
gc 2317 @8.318s 6%: 0.12+0.64+0.14 ms clock, 2.0+0.61/0.90/0+2.3 ms cpu, 4->5->2 MB, 5 MB goal, 0 MB stacks, 0 MB globals, 16 P
gc 2318 @8.320s 6%: 0.19+0.91+0.12 ms clock, 3.1+0.81/0.92/0+2.0 ms cpu, 3->5->2 MB, 4 MB goal, 0 MB stacks, 0 MB globals, 16 P
gc 2319 @8.322s 6%: 0.12+1.1+0.080 ms clock, 1.9+0.63/1.0/0+1.2 ms cpu, 4->5->2 MB, 5 MB goal, 0 MB stacks, 0 MB globals, 16 P
gc 2320 @8.324s 6%: 0.15+0.67+0.15 ms clock, 2.4+0.71/0.98/0+2.5 ms cpu, 4->5->2 MB, 5 MB goal, 0 MB stacks, 0 MB globals, 16 P
gc 2321 @8.326s 6%: 0.12+0.87+0.10 ms clock, 2.0+0.73/1.0/0+1.6 ms cpu, 4->5->2 MB, 4 MB goal, 0 MB stacks, 0 MB globals, 16 P
gc 2322 @8.328s 6%: 0.13+0.63+0.12 ms clock, 2.2+0.63/0.92/0+2.0 ms cpu, 4->5->2 MB, 5 MB goal, 0 MB stacks, 0 MB globals, 16 P
gc 2323 @8.330s 6%: 0.10+0.82+0.095 ms clock, 1.7+0.75/0.83/0+1.5 ms cpu, 4->5->2 MB, 4 MB goal, 0 MB stacks, 0 MB globals, 16 P
gc 2324 @8.332s 6%: 0.18+0.75+0.13 ms clock, 2.9+0.69/0.87/0+2.0 ms cpu, 4->5->2 MB, 5 MB goal, 0 MB stacks, 0 MB globals, 16 P
gc 2325 @8.334s 6%: 0.12+0.59+0.15 ms clock, 1.9+0.63/0.98/0+2.4 ms cpu, 4->5->2 MB, 5 MB goal, 0 MB stacks, 0 MB globals, 16 P
gc 2326 @8.336s 6%: 0.17+0.57+0.17 ms clock, 2.7+0.54/1.0/0+2.7 ms cpu, 4->4->2 MB, 4 MB goal, 0 MB stacks, 0 MB globals, 16 P
gc 2327 @8.338s 6%: 0.11+0.55+0.13 ms clock, 1.8+0.61/0.85/0.063+2.1 ms cpu, 4->4->2 MB, 4 MB goal, 0 MB stacks, 0 MB globals, 16 P
gc 2328 @8.339s 6%: 0.11+0.64+0.11 ms clock, 1.9+0.57/1.0/0+1.7 ms cpu, 3->4->2 MB, 4 MB goal, 0 MB stacks, 0 MB globals, 16 P
gc 2329 @8.341s 6%: 0.096+0.67+0.18 ms clock, 1.5+0.51/0.90/0+2.9 ms cpu, 4->4->2 MB, 4 MB goal, 0 MB stacks, 0 MB globals, 16 P
gc 2330 @8.343s 6%: 0.11+0.50+0.13 ms clock, 1.8+0.60/0.91/0+2.2 ms cpu, 4->4->2 MB, 4 MB goal, 0 MB stacks, 0 MB globals, 16 P
gc 2331 @8.344s 6%: 0.11+0.58+0.11 ms clock, 1.8+0.56/1.0/0+1.8 ms cpu, 3->4->2 MB, 4 MB goal, 0 MB stacks, 0 MB globals, 16 P
gc 2332 @8.346s 6%: 0.13+0.67+0.14 ms clock, 2.1+0.52/0.90/0.044+2.2 ms cpu, 4->4->2 MB, 4 MB goal, 0 MB stacks, 0 MB globals, 16 P
gc 2333 @8.348s 6%: 0.10+0.63+0.14 ms clock, 1.6+0.50/0.97/0.038+2.3 ms cpu, 4->4->2 MB, 4 MB goal, 0 MB stacks, 0 MB globals, 16 P
gc 2334 @8.350s 6%: 0.12+0.60+0.12 ms clock, 1.9+0.53/1.0/0+1.9 ms cpu, 4->4->2 MB, 4 MB goal, 0 MB stacks, 0 MB globals, 16 P
gc 2335 @8.351s 6%: 0.18+0.56+0.11 ms clock, 2.9+0.75/0.92/0+1.8 ms cpu, 4->4->2 MB, 4 MB goal, 0 MB stacks, 0 MB globals, 16 P
gc 2336 @8.353s 6%: 0.12+0.55+0.18 ms clock, 1.9+0.66/0.96/0+2.9 ms cpu, 4->4->2 MB, 4 MB goal, 0 MB stacks, 0 MB globals, 16 P
gc 2337 @8.355s 6%: 0.15+0.76+0.059 ms clock, 2.4+0.60/1.0/0.023+0.95 ms cpu, 3->4->2 MB, 4 MB goal, 0 MB stacks, 0 MB globals, 16 P
gc 2338 @8.357s 6%: 0.13+0.58+0.17 ms clock, 2.1+0.60/0.98/0+2.7 ms cpu, 4->4->2 MB, 4 MB goal, 0 MB stacks, 0 MB globals, 16 P
gc 2339 @8.358s 6%: 0.13+0.57+0.19 ms clock, 2.1+0.49/1.0/0+3.1 ms cpu, 3->4->2 MB, 4 MB goal, 0 MB stacks, 0 MB globals, 16 P
gc 2340 @8.360s 6%: 0.17+0.56+0.11 ms clock, 2.7+0.56/0.86/0+1.8 ms cpu, 3->4->2 MB, 4 MB goal, 0 MB stacks, 0 MB globals, 16 P
gc 2341 @8.362s 6%: 0.10+0.80+0.13 ms clock, 1.7+0.60/1.0/0.020+2.1 ms cpu, 4->5->2 MB, 4 MB goal, 0 MB stacks, 0 MB globals, 16 P
gc 2342 @8.364s 6%: 0.15+0.56+0.18 ms clock, 2.5+0.66/0.96/0+2.8 ms cpu, 4->5->2 MB, 5 MB goal, 0 MB stacks, 0 MB globals, 16 P
gc 2343 @8.365s 6%: 0.13+0.63+0.096 ms clock, 2.0+0.64/0.97/0+1.5 ms cpu, 4->4->2 MB, 4 MB goal, 0 MB stacks, 0 MB globals, 16 P
gc 2344 @8.367s 6%: 0.21+0.59+0.17 ms clock, 3.4+0.66/1.0/0+2.8 ms cpu, 3->4->2 MB, 4 MB goal, 0 MB stacks, 0 MB globals, 16 P
gc 2345 @8.369s 6%: 0.12+0.61+0.18 ms clock, 1.9+0.58/1.0/0+3.0 ms cpu, 4->4->2 MB, 4 MB goal, 0 MB stacks, 0 MB globals, 16 P
gc 2346 @8.371s 6%: 0.13+0.65+0.19 ms clock, 2.1+0.67/1.0/0+3.0 ms cpu, 4->5->2 MB, 4 MB goal, 0 MB stacks, 0 MB globals, 16 P
gc 2347 @8.372s 6%: 0.092+0.71+0.17 ms clock, 1.4+0.57/0.95/0+2.8 ms cpu, 4->4->2 MB, 4 MB goal, 0 MB stacks, 0 MB globals, 16 P
gc 2348 @8.374s 6%: 0.10+0.62+0.11 ms clock, 1.6+0.66/0.91/0+1.8 ms cpu, 4->4->2 MB, 4 MB goal, 0 MB stacks, 0 MB globals, 16 P
gc 2349 @8.376s 6%: 0.16+0.50+0.20 ms clock, 2.6+0.55/0.92/0.002+3.2 ms cpu, 4->4->2 MB, 4 MB goal, 0 MB stacks, 0 MB globals, 16 P
gc 2350 @8.377s 6%: 0.16+0.63+0.12 ms clock, 2.5+0.78/0.83/0+2.0 ms cpu, 3->4->2 MB, 4 MB goal, 0 MB stacks, 0 MB globals, 16 P
gc 2351 @8.379s 6%: 0.12+0.47+0.19 ms clock, 1.9+0.57/0.91/0.003+3.1 ms cpu, 4->4->2 MB, 4 MB goal, 0 MB stacks, 0 MB globals, 16 P
gc 2352 @8.381s 6%: 0.20+0.92+0.10 ms clock, 3.2+0.53/1.0/0+1.7 ms cpu, 3->4->2 MB, 4 MB goal, 0 MB stacks, 0 MB globals, 16 P
gc 2353 @8.383s 6%: 0.10+0.76+0.10 ms clock, 1.7+0.60/1.0/0.004+1.7 ms cpu, 4->5->2 MB, 5 MB goal, 0 MB stacks, 0 MB globals, 16 P
gc 2354 @8.385s 6%: 0.11+0.55+0.14 ms clock, 1.8+0.69/0.94/0.039+2.3 ms cpu, 4->5->2 MB, 5 MB goal, 0 MB stacks, 0 MB globals, 16 P
gc 2355 @8.386s 6%: 0.11+0.60+0.16 ms clock, 1.7+0.59/1.0/0+2.5 ms cpu, 4->4->2 MB, 4 MB goal, 0 MB stacks, 0 MB globals, 16 P
gc 2356 @8.388s 6%: 0.10+0.82+0.058 ms clock, 1.6+0.49/1.0/0+0.93 ms cpu, 4->4->2 MB, 4 MB goal, 0 MB stacks, 0 MB globals, 16 P
gc 2357 @8.390s 6%: 0.11+0.88+0.11 ms clock, 1.8+0.72/0.95/0+1.7 ms cpu, 4->5->2 MB, 5 MB goal, 0 MB stacks, 0 MB globals, 16 P
gc 2358 @8.392s 6%: 0.090+0.62+0.19 ms clock, 1.4+0.56/0.89/0.13+3.0 ms cpu, 4->5->2 MB, 5 MB goal, 0 MB stacks, 0 MB globals, 16 P
gc 2359 @8.394s 6%: 0.16+0.74+0.12 ms clock, 2.5+0.73/1.0/0+2.0 ms cpu, 3->4->2 MB, 4 MB goal, 0 MB stacks, 0 MB globals, 16 P
gc 2360 @8.396s 6%: 0.11+0.73+0.11 ms clock, 1.8+0.47/0.94/0+1.8 ms cpu, 4->5->2 MB, 4 MB goal, 0 MB stacks, 0 MB globals, 16 P
gc 2361 @8.398s 6%: 0.11+0.87+0.18 ms clock, 1.8+0.57/1.0/0+2.9 ms cpu, 4->5->2 MB, 5 MB goal, 0 MB stacks, 0 MB globals, 16 P
gc 2362 @8.400s 6%: 0.11+0.68+0.12 ms clock, 1.8+0.71/0.98/0+1.9 ms cpu, 4->5->2 MB, 5 MB goal, 0 MB stacks, 0 MB globals, 16 P
gc 2363 @8.402s 6%: 0.13+0.67+0.090 ms clock, 2.2+0.60/0.99/0+1.4 ms cpu, 4->5->2 MB, 5 MB goal, 0 MB stacks, 0 MB globals, 16 P
gc 2364 @8.404s 6%: 0.11+0.71+0.16 ms clock, 1.7+0.64/1.1/0+2.5 ms cpu, 4->4->2 MB, 4 MB goal, 0 MB stacks, 0 MB globals, 16 P
gc 2365 @8.405s 6%: 0.13+0.56+0.13 ms clock, 2.2+0.61/0.95/0+2.1 ms cpu, 4->4->2 MB, 4 MB goal, 0 MB stacks, 0 MB globals, 16 P
gc 2366 @8.407s 6%: 0.21+0.59+0.15 ms clock, 3.4+0.61/1.0/0+2.4 ms cpu, 4->4->2 MB, 4 MB goal, 0 MB stacks, 0 MB globals, 16 P
gc 2367 @8.409s 6%: 0.16+0.75+0.13 ms clock, 2.6+0.63/0.90/0+2.1 ms cpu, 4->5->2 MB, 4 MB goal, 0 MB stacks, 0 MB globals, 16 P
gc 2368 @8.411s 6%: 0.13+0.70+0.16 ms clock, 2.1+0.68/0.82/0.018+2.6 ms cpu, 4->5->2 MB, 5 MB goal, 0 MB stacks, 0 MB globals, 16 P
gc 2369 @8.413s 6%: 0.15+0.66+0.15 ms clock, 2.4+0.82/0.90/0+2.5 ms cpu, 3->4->2 MB, 4 MB goal, 0 MB stacks, 0 MB globals, 16 P
gc 2370 @8.415s 6%: 0.10+0.86+0.12 ms clock, 1.6+0.64/0.85/0+1.9 ms cpu, 4->5->2 MB, 5 MB goal, 0 MB stacks, 0 MB globals, 16 P
gc 2371 @8.417s 6%: 0.14+0.55+0.16 ms clock, 2.2+0.65/0.90/0+2.6 ms cpu, 4->5->2 MB, 5 MB goal, 0 MB stacks, 0 MB globals, 16 P
gc 2372 @8.418s 6%: 0.10+0.59+0.17 ms clock, 1.6+0.52/0.88/0+2.8 ms cpu, 3->4->2 MB, 4 MB goal, 0 MB stacks, 0 MB globals, 16 P
gc 2373 @8.420s 6%: 0.13+0.58+0.17 ms clock, 2.1+0.74/0.89/0+2.8 ms cpu, 3->4->2 MB, 4 MB goal, 0 MB stacks, 0 MB globals, 16 P
gc 2374 @8.421s 6%: 0.13+0.54+0.12 ms clock, 2.2+0.68/0.95/0+1.9 ms cpu, 3->4->2 MB, 4 MB goal, 0 MB stacks, 0 MB globals, 16 P
gc 2375 @8.423s 6%: 0.11+0.78+0.074 ms clock, 1.7+0.54/0.86/0+1.1 ms cpu, 3->4->2 MB, 4 MB goal, 0 MB stacks, 0 MB globals, 16 P
gc 2376 @8.425s 6%: 0.13+0.56+0.20 ms clock, 2.2+0.61/0.92/0+3.2 ms cpu, 4->4->2 MB, 4 MB goal, 0 MB stacks, 0 MB globals, 16 P
gc 2377 @8.427s 6%: 0.10+0.55+0.22 ms clock, 1.7+0.62/0.87/0+3.5 ms cpu, 4->4->2 MB, 4 MB goal, 0 MB stacks, 0 MB globals, 16 P
gc 2378 @8.428s 6%: 0.14+0.65+0.20 ms clock, 2.2+0.58/1.1/0.003+3.2 ms cpu, 4->5->2 MB, 4 MB goal, 0 MB stacks, 0 MB globals, 16 P
gc 2379 @8.430s 6%: 0.10+0.70+0.15 ms clock, 1.7+0.48/0.90/0+2.4 ms cpu, 4->5->2 MB, 5 MB goal, 0 MB stacks, 0 MB globals, 16 P
gc 2380 @8.432s 6%: 0.11+0.69+0.12 ms clock, 1.8+0.66/0.99/0.004+1.9 ms cpu, 4->4->2 MB, 4 MB goal, 0 MB stacks, 0 MB globals, 16 P
gc 2381 @8.434s 6%: 0.12+0.74+0.095 ms clock, 2.0+0.72/0.81/0+1.5 ms cpu, 4->5->2 MB, 4 MB goal, 0 MB stacks, 0 MB globals, 16 P
gc 2382 @8.436s 6%: 0.10+0.55+0.12 ms clock, 1.6+0.59/0.94/0+2.0 ms cpu, 4->4->2 MB, 5 MB goal, 0 MB stacks, 0 MB globals, 16 P
gc 2383 @8.437s 6%: 0.18+0.74+0.17 ms clock, 2.9+0.75/0.85/0+2.7 ms cpu, 3->4->2 MB, 4 MB goal, 0 MB stacks, 0 MB globals, 16 P
gc 2384 @8.439s 6%: 0.10+0.75+0.085 ms clock, 1.6+0.65/0.90/0.003+1.3 ms cpu, 4->5->2 MB, 5 MB goal, 0 MB stacks, 0 MB globals, 16 P
gc 2385 @8.441s 6%: 0.099+0.62+0.10 ms clock, 1.5+0.58/0.99/0+1.7 ms cpu, 4->4->2 MB, 5 MB goal, 0 MB stacks, 0 MB globals, 16 P
gc 2386 @8.443s 6%: 0.10+0.60+0.10 ms clock, 1.7+0.49/1.1/0.001+1.7 ms cpu, 3->4->2 MB, 4 MB goal, 0 MB stacks, 0 MB globals, 16 P
gc 2387 @8.445s 6%: 0.11+0.55+0.14 ms clock, 1.8+0.60/1.0/0+2.2 ms cpu, 4->4->2 MB, 4 MB goal, 0 MB stacks, 0 MB globals, 16 P
gc 2388 @8.446s 6%: 0.12+0.82+0.086 ms clock, 2.0+0.62/0.87/0+1.3 ms cpu, 4->4->2 MB, 4 MB goal, 0 MB stacks, 0 MB globals, 16 P
gc 2389 @8.448s 6%: 0.13+0.56+0.17 ms clock, 2.1+0.43/0.97/0+2.7 ms cpu, 4->4->2 MB, 5 MB goal, 0 MB stacks, 0 MB globals, 16 P
gc 2390 @8.450s 6%: 0.14+0.59+0.15 ms clock, 2.3+0.64/1.0/0.016+2.4 ms cpu, 3->4->2 MB, 4 MB goal, 0 MB stacks, 0 MB globals, 16 P
gc 2391 @8.452s 6%: 0.17+0.60+0.13 ms clock, 2.7+0.52/0.93/0+2.1 ms cpu, 4->4->2 MB, 4 MB goal, 0 MB stacks, 0 MB globals, 16 P
gc 2392 @8.453s 6%: 0.13+0.74+0.11 ms clock, 2.1+0.67/0.91/0+1.7 ms cpu, 4->5->2 MB, 4 MB goal, 0 MB stacks, 0 MB globals, 16 P
gc 2393 @8.455s 6%: 0.11+0.63+0.15 ms clock, 1.8+0.74/1.0/0+2.5 ms cpu, 4->5->2 MB, 5 MB goal, 0 MB stacks, 0 MB globals, 16 P
gc 2394 @8.457s 6%: 0.15+0.69+0.095 ms clock, 2.4+0.55/0.98/0.040+1.5 ms cpu, 4->5->2 MB, 4 MB goal, 0 MB stacks, 0 MB globals, 16 P
gc 2395 @8.459s 6%: 0.13+0.61+0.13 ms clock, 2.0+0.59/1.0/0+2.1 ms cpu, 4->5->2 MB, 4 MB goal, 0 MB stacks, 0 MB globals, 16 P
gc 2396 @8.461s 6%: 0.10+0.59+0.11 ms clock, 1.7+0.48/1.0/0+1.7 ms cpu, 4->4->2 MB, 4 MB goal, 0 MB stacks, 0 MB globals, 16 P
gc 2397 @8.463s 6%: 0.12+0.68+0.12 ms clock, 1.9+0.63/0.89/0.053+1.9 ms cpu, 3->4->2 MB, 4 MB goal, 0 MB stacks, 0 MB globals, 16 P
gc 2398 @8.464s 6%: 0.13+0.96+0.095 ms clock, 2.1+0.79/0.91/0+1.5 ms cpu, 4->5->2 MB, 4 MB goal, 0 MB stacks, 0 MB globals, 16 P
gc 2399 @8.467s 6%: 0.16+0.84+0.047 ms clock, 2.6+0.69/0.95/0+0.75 ms cpu, 4->5->2 MB, 5 MB goal, 0 MB stacks, 0 MB globals, 16 P
gc 2400 @8.468s 6%: 0.19+0.59+0.13 ms clock, 3.0+0.56/0.92/0+2.1 ms cpu, 4->4->2 MB, 4 MB goal, 0 MB stacks, 0 MB globals, 16 P
gc 2401 @8.470s 6%: 0.15+0.56+0.11 ms clock, 2.4+0.61/0.91/0.013+1.8 ms cpu, 3->4->2 MB, 4 MB goal, 0 MB stacks, 0 MB globals, 16 P
gc 2402 @8.472s 6%: 0.11+0.64+0.14 ms clock, 1.8+0.52/0.93/0+2.2 ms cpu, 3->4->2 MB, 4 MB goal, 0 MB stacks, 0 MB globals, 16 P
gc 2403 @8.474s 6%: 0.13+0.65+0.15 ms clock, 2.2+0.70/0.81/0+2.4 ms cpu, 4->4->2 MB, 4 MB goal, 0 MB stacks, 0 MB globals, 16 P
gc 2404 @8.475s 6%: 0.12+0.64+0.18 ms clock, 1.9+0.62/1.1/0+2.9 ms cpu, 4->4->2 MB, 4 MB goal, 0 MB stacks, 0 MB globals, 16 P
gc 2405 @8.477s 6%: 0.13+0.58+0.14 ms clock, 2.2+0.63/0.88/0+2.3 ms cpu, 4->4->2 MB, 5 MB goal, 0 MB stacks, 0 MB globals, 16 P
gc 2406 @8.479s 6%: 0.15+0.59+0.14 ms clock, 2.5+0.56/0.94/0+2.3 ms cpu, 3->4->2 MB, 4 MB goal, 0 MB stacks, 0 MB globals, 16 P
gc 2407 @8.480s 6%: 0.17+0.55+0.14 ms clock, 2.7+0.64/1.0/0+2.3 ms cpu, 4->4->2 MB, 4 MB goal, 0 MB stacks, 0 MB globals, 16 P
gc 2408 @8.482s 6%: 0.16+0.56+0.16 ms clock, 2.5+0.55/0.98/0.022+2.6 ms cpu, 4->5->2 MB, 4 MB goal, 0 MB stacks, 0 MB globals, 16 P
gc 2409 @8.484s 6%: 0.11+0.65+0.18 ms clock, 1.7+0.54/1.0/0+2.9 ms cpu, 4->4->2 MB, 4 MB goal, 0 MB stacks, 0 MB globals, 16 P
gc 2410 @8.486s 6%: 0.11+0.67+0.18 ms clock, 1.7+0.66/1.0/0+2.9 ms cpu, 3->4->2 MB, 4 MB goal, 0 MB stacks, 0 MB globals, 16 P
gc 2411 @8.488s 6%: 0.15+0.51+0.16 ms clock, 2.4+0.41/0.86/0.013+2.6 ms cpu, 4->5->2 MB, 5 MB goal, 0 MB stacks, 0 MB globals, 16 P
gc 2412 @8.489s 6%: 0.11+0.55+0.12 ms clock, 1.8+0.73/0.85/0+2.0 ms cpu, 3->4->2 MB, 4 MB goal, 0 MB stacks, 0 MB globals, 16 P
gc 2413 @8.491s 6%: 0.10+0.49+0.16 ms clock, 1.7+0.65/0.92/0+2.6 ms cpu, 3->4->2 MB, 4 MB goal, 0 MB stacks, 0 MB globals, 16 P
gc 2414 @8.492s 6%: 0.14+0.65+0.10 ms clock, 2.3+0.71/0.96/0+1.7 ms cpu, 3->4->2 MB, 4 MB goal, 0 MB stacks, 0 MB globals, 16 P
gc 2415 @8.494s 6%: 0.10+0.90+0.085 ms clock, 1.6+0.61/0.88/0+1.3 ms cpu, 4->5->2 MB, 4 MB goal, 0 MB stacks, 0 MB globals, 16 P
gc 2416 @8.496s 6%: 0.15+0.55+0.14 ms clock, 2.4+0.62/0.91/0.024+2.2 ms cpu, 4->5->2 MB, 5 MB goal, 0 MB stacks, 0 MB globals, 16 P
gc 2417 @8.498s 6%: 0.14+0.69+0.10 ms clock, 2.2+0.65/1.0/0+1.7 ms cpu, 3->4->2 MB, 4 MB goal, 0 MB stacks, 0 MB globals, 16 P
gc 2418 @8.500s 6%: 0.13+0.56+0.15 ms clock, 2.1+0.56/1.0/0+2.4 ms cpu, 4->4->2 MB, 4 MB goal, 0 MB stacks, 0 MB globals, 16 P
gc 2419 @8.501s 6%: 0.18+0.66+0.21 ms clock, 2.9+0.67/1.0/0+3.4 ms cpu, 3->4->2 MB, 4 MB goal, 0 MB stacks, 0 MB globals, 16 P
gc 2420 @8.503s 6%: 0.10+0.60+0.12 ms clock, 1.6+0.67/0.96/0+1.9 ms cpu, 4->4->2 MB, 5 MB goal, 0 MB stacks, 0 MB globals, 16 P
gc 2421 @8.505s 6%: 0.10+0.66+0.078 ms clock, 1.6+0.55/1.0/0+1.2 ms cpu, 3->4->2 MB, 4 MB goal, 0 MB stacks, 0 MB globals, 16 P
gc 2422 @8.506s 6%: 0.17+0.66+0.15 ms clock, 2.8+0.56/0.89/0.11+2.4 ms cpu, 3->4->2 MB, 4 MB goal, 0 MB stacks, 0 MB globals, 16 P
gc 2423 @8.508s 6%: 0.12+0.72+0.093 ms clock, 1.9+0.60/0.98/0+1.4 ms cpu, 4->5->2 MB, 4 MB goal, 0 MB stacks, 0 MB globals, 16 P
gc 2424 @8.510s 6%: 0.14+0.75+0.11 ms clock, 2.3+0.58/0.95/0+1.7 ms cpu, 4->4->2 MB, 4 MB goal, 0 MB stacks, 0 MB globals, 16 P
gc 2425 @8.512s 6%: 0.096+0.72+0.13 ms clock, 1.5+0.60/0.89/0+2.2 ms cpu, 4->5->2 MB, 5 MB goal, 0 MB stacks, 0 MB globals, 16 P
gc 2426 @8.514s 6%: 0.11+0.76+0.18 ms clock, 1.7+0.52/1.0/0.005+3.0 ms cpu, 4->5->2 MB, 4 MB goal, 0 MB stacks, 0 MB globals, 16 P
gc 2427 @8.516s 6%: 0.11+0.89+0.12 ms clock, 1.8+0.45/1.0/0+1.9 ms cpu, 4->5->2 MB, 5 MB goal, 0 MB stacks, 0 MB globals, 16 P
gc 2428 @8.518s 6%: 0.12+0.92+0.10 ms clock, 2.0+0.58/1.0/0+1.7 ms cpu, 4->5->2 MB, 5 MB goal, 0 MB stacks, 0 MB globals, 16 P
gc 2429 @8.520s 6%: 0.14+0.63+0.13 ms clock, 2.2+0.72/0.86/0+2.1 ms cpu, 4->5->2 MB, 5 MB goal, 0 MB stacks, 0 MB globals, 16 P
gc 2430 @8.522s 6%: 0.13+0.57+0.18 ms clock, 2.2+0.82/0.94/0.010+2.9 ms cpu, 4->4->2 MB, 4 MB goal, 0 MB stacks, 0 MB globals, 16 P
gc 2431 @8.524s 7%: 0.12+0.81+0.14 ms clock, 2.0+0.13/1.2/0+2.2 ms cpu, 4->5->2 MB, 4 MB goal, 0 MB stacks, 0 MB globals, 16 P
gc 2432 @8.526s 7%: 0.22+0.80+0.19 ms clock, 3.6+0.80/0.98/0.013+3.0 ms cpu, 4->5->2 MB, 5 MB goal, 0 MB stacks, 0 MB globals, 16 P
gc 2433 @8.529s 7%: 0.15+0.69+0.14 ms clock, 2.4+0.69/1.0/0+2.3 ms cpu, 4->5->2 MB, 5 MB goal, 0 MB stacks, 0 MB globals, 16 P
gc 2434 @8.531s 7%: 0.11+0.53+0.19 ms clock, 1.8+0.49/0.88/0+3.1 ms cpu, 4->4->2 MB, 5 MB goal, 0 MB stacks, 0 MB globals, 16 P
gc 2435 @8.532s 7%: 0.18+0.76+0.15 ms clock, 2.9+0.65/0.97/0+2.4 ms cpu, 3->4->2 MB, 4 MB goal, 0 MB stacks, 0 MB globals, 16 P
gc 2436 @8.534s 7%: 0.18+0.85+0.15 ms clock, 2.9+0.68/1.0/0+2.4 ms cpu, 4->5->2 MB, 5 MB goal, 0 MB stacks, 0 MB globals, 16 P
gc 2437 @8.536s 7%: 0.14+0.68+0.14 ms clock, 2.3+0.74/0.93/0+2.3 ms cpu, 4->5->2 MB, 5 MB goal, 0 MB stacks, 0 MB globals, 16 P
gc 2438 @8.538s 7%: 0.14+0.77+0.11 ms clock, 2.3+0.77/0.91/0+1.8 ms cpu, 4->5->2 MB, 5 MB goal, 0 MB stacks, 0 MB globals, 16 P
gc 2439 @8.540s 7%: 0.12+0.78+0.13 ms clock, 2.0+0.73/0.95/0.010+2.0 ms cpu, 4->5->2 MB, 4 MB goal, 0 MB stacks, 0 MB globals, 16 P
gc 2440 @8.542s 7%: 0.12+0.61+0.13 ms clock, 1.9+0.60/1.0/0+2.1 ms cpu, 4->5->2 MB, 5 MB goal, 0 MB stacks, 0 MB globals, 16 P
gc 2441 @8.544s 7%: 0.11+0.66+0.11 ms clock, 1.8+0.46/0.97/0+1.7 ms cpu, 4->4->2 MB, 4 MB goal, 0 MB stacks, 0 MB globals, 16 P
gc 2442 @8.546s 7%: 0.16+0.73+0.095 ms clock, 2.6+0.80/0.82/0+1.5 ms cpu, 4->4->2 MB, 4 MB goal, 0 MB stacks, 0 MB globals, 16 P
gc 2443 @8.548s 7%: 0.20+0.40+0.12 ms clock, 3.2+0.60/0.91/0.025+2.0 ms cpu, 4->4->1 MB, 4 MB goal, 0 MB stacks, 0 MB globals, 16 P
gc 2444 @8.549s 7%: 0.20+0.60+0.19 ms clock, 3.3+0.70/0.78/0+3.1 ms cpu, 3->4->2 MB, 4 MB goal, 0 MB stacks, 0 MB globals, 16 P
gc 2445 @8.551s 7%: 0.16+1.0+0.042 ms clock, 2.6+0.62/0.91/0+0.68 ms cpu, 4->5->2 MB, 4 MB goal, 0 MB stacks, 0 MB globals, 16 P
gc 2446 @8.553s 7%: 0.17+0.67+0.14 ms clock, 2.7+0.56/1.0/0+2.2 ms cpu, 4->5->2 MB, 5 MB goal, 0 MB stacks, 0 MB globals, 16 P
gc 2447 @8.555s 7%: 0.11+0.67+0.13 ms clock, 1.8+0.66/0.98/0.035+2.1 ms cpu, 4->5->2 MB, 5 MB goal, 0 MB stacks, 0 MB globals, 16 P
gc 2448 @8.556s 7%: 0.16+0.65+0.15 ms clock, 2.6+0.63/0.92/0+2.5 ms cpu, 3->4->2 MB, 4 MB goal, 0 MB stacks, 0 MB globals, 16 P
gc 2449 @8.558s 7%: 0.19+0.59+0.17 ms clock, 3.1+0.69/1.0/0+2.8 ms cpu, 4->4->2 MB, 4 MB goal, 0 MB stacks, 0 MB globals, 16 P
gc 2450 @8.560s 7%: 0.12+0.65+0.12 ms clock, 1.9+0.64/1.0/0+1.9 ms cpu, 4->5->2 MB, 5 MB goal, 0 MB stacks, 0 MB globals, 16 P
gc 2451 @8.561s 7%: 0.16+0.65+0.20 ms clock, 2.5+0.62/1.0/0+3.3 ms cpu, 3->4->2 MB, 4 MB goal, 0 MB stacks, 0 MB globals, 16 P
gc 2452 @8.563s 7%: 0.14+0.87+0.10 ms clock, 2.3+0.82/1.1/0.012+1.7 ms cpu, 4->5->2 MB, 5 MB goal, 0 MB stacks, 0 MB globals, 16 P
gc 2453 @8.566s 7%: 0.15+0.77+0.16 ms clock, 2.4+0.72/0.76/0+2.5 ms cpu, 4->5->2 MB, 5 MB goal, 0 MB stacks, 0 MB globals, 16 P
gc 2454 @8.568s 7%: 0.11+0.68+0.062 ms clock, 1.7+0.72/0.93/0+1.0 ms cpu, 4->5->2 MB, 5 MB goal, 0 MB stacks, 0 MB globals, 16 P
gc 2455 @8.570s 7%: 0.18+0.62+0.094 ms clock, 2.9+0.75/0.86/0+1.5 ms cpu, 4->5->2 MB, 4 MB goal, 0 MB stacks, 0 MB globals, 16 P
gc 2456 @8.572s 7%: 0.14+0.85+0.11 ms clock, 2.3+0.66/1.0/0.003+1.9 ms cpu, 4->5->2 MB, 4 MB goal, 0 MB stacks, 0 MB globals, 16 P
gc 2457 @8.574s 7%: 0.18+0.67+0.13 ms clock, 2.8+0.63/0.96/0.011+2.2 ms cpu, 4->5->2 MB, 5 MB goal, 0 MB stacks, 0 MB globals, 16 P
gc 2458 @8.576s 7%: 0.12+0.63+0.16 ms clock, 2.0+0.69/1.0/0+2.6 ms cpu, 4->4->2 MB, 4 MB goal, 0 MB stacks, 0 MB globals, 16 P
gc 2459 @8.577s 7%: 0.12+0.92+0.092 ms clock, 2.0+0.70/1.0/0+1.4 ms cpu, 4->5->2 MB, 4 MB goal, 0 MB stacks, 0 MB globals, 16 P
gc 2460 @8.580s 7%: 0.11+0.80+0.10 ms clock, 1.8+0.57/1.0/0.042+1.6 ms cpu, 4->5->2 MB, 5 MB goal, 0 MB stacks, 0 MB globals, 16 P
gc 2461 @8.582s 7%: 0.11+0.60+0.13 ms clock, 1.8+0.61/0.95/0+2.1 ms cpu, 4->5->2 MB, 5 MB goal, 0 MB stacks, 0 MB globals, 16 P
gc 2462 @8.583s 7%: 0.10+0.57+0.13 ms clock, 1.7+0.65/0.99/0+2.1 ms cpu, 4->4->2 MB, 4 MB goal, 0 MB stacks, 0 MB globals, 16 P
gc 2463 @8.585s 7%: 0.13+0.66+0.084 ms clock, 2.1+0.57/0.81/0.031+1.3 ms cpu, 4->4->2 MB, 4 MB goal, 0 MB stacks, 0 MB globals, 16 P
gc 2464 @8.587s 7%: 0.19+0.62+0.17 ms clock, 3.0+0.73/0.97/0+2.7 ms cpu, 3->4->2 MB, 4 MB goal, 0 MB stacks, 0 MB globals, 16 P
gc 2465 @8.589s 7%: 0.12+0.58+0.12 ms clock, 2.0+0.64/0.97/0+2.0 ms cpu, 4->5->2 MB, 5 MB goal, 0 MB stacks, 0 MB globals, 16 P
gc 2466 @8.590s 7%: 0.16+0.48+0.18 ms clock, 2.5+0.59/0.89/0+2.8 ms cpu, 3->4->2 MB, 4 MB goal, 0 MB stacks, 0 MB globals, 16 P
gc 2467 @8.592s 7%: 0.11+0.60+0.12 ms clock, 1.8+0.51/0.96/0.055+2.0 ms cpu, 3->4->1 MB, 4 MB goal, 0 MB stacks, 0 MB globals, 16 P
gc 2468 @8.593s 7%: 0.18+0.74+0.10 ms clock, 2.9+0.76/0.89/0+1.6 ms cpu, 3->4->2 MB, 4 MB goal, 0 MB stacks, 0 MB globals, 16 P
gc 2469 @8.595s 7%: 0.11+0.65+0.11 ms clock, 1.8+0.61/0.92/0+1.8 ms cpu, 4->5->2 MB, 5 MB goal, 0 MB stacks, 0 MB globals, 16 P
gc 2470 @8.597s 7%: 0.14+0.64+0.13 ms clock, 2.2+0.74/0.96/0.007+2.1 ms cpu, 4->4->2 MB, 4 MB goal, 0 MB stacks, 0 MB globals, 16 P
gc 2471 @8.599s 7%: 0.19+0.70+0.11 ms clock, 3.1+0.74/1.0/0+1.9 ms cpu, 4->4->2 MB, 4 MB goal, 0 MB stacks, 0 MB globals, 16 P
gc 2472 @8.601s 7%: 0.11+0.62+0.21 ms clock, 1.8+0.68/1.0/0+3.3 ms cpu, 4->5->2 MB, 4 MB goal, 0 MB stacks, 0 MB globals, 16 P
gc 2473 @8.602s 7%: 0.13+0.69+0.17 ms clock, 2.1+0.60/1.1/0+2.7 ms cpu, 4->5->2 MB, 4 MB goal, 0 MB stacks, 0 MB globals, 16 P
gc 2474 @8.604s 7%: 0.14+0.72+0.11 ms clock, 2.3+0.57/1.0/0.002+1.8 ms cpu, 4->5->2 MB, 4 MB goal, 0 MB stacks, 0 MB globals, 16 P
gc 2475 @8.606s 7%: 0.11+0.65+0.089 ms clock, 1.7+0.71/0.91/0+1.4 ms cpu, 4->5->2 MB, 5 MB goal, 0 MB stacks, 0 MB globals, 16 P
gc 2476 @8.608s 7%: 0.12+0.68+0.13 ms clock, 2.0+0.79/0.92/0+2.1 ms cpu, 3->4->2 MB, 4 MB goal, 0 MB stacks, 0 MB globals, 16 P
gc 2477 @8.610s 7%: 0.11+0.74+0.12 ms clock, 1.8+0.63/1.0/0+1.9 ms cpu, 4->4->2 MB, 4 MB goal, 0 MB stacks, 0 MB globals, 16 P
gc 2478 @8.612s 7%: 0.13+0.69+0.18 ms clock, 2.0+0.65/0.94/0.012+2.9 ms cpu, 4->4->2 MB, 4 MB goal, 0 MB stacks, 0 MB globals, 16 P
gc 2479 @8.613s 7%: 0.13+0.65+0.091 ms clock, 2.0+0.59/0.88/0+1.4 ms cpu, 4->4->2 MB, 4 MB goal, 0 MB stacks, 0 MB globals, 16 P
gc 2480 @8.615s 7%: 0.13+0.60+0.12 ms clock, 2.1+0.61/1.0/0+2.0 ms cpu, 4->4->2 MB, 4 MB goal, 0 MB stacks, 0 MB globals, 16 P
gc 2481 @8.617s 7%: 0.14+0.49+0.17 ms clock, 2.3+0.75/0.96/0.013+2.7 ms cpu, 4->4->2 MB, 4 MB goal, 0 MB stacks, 0 MB globals, 16 P
gc 2482 @8.618s 7%: 0.064+0.47+0.12 ms clock, 1.0+0.61/0.90/0.052+2.0 ms cpu, 3->4->2 MB, 4 MB goal, 0 MB stacks, 0 MB globals, 16 P
gc 2483 @8.620s 7%: 0.12+0.65+0.12 ms clock, 2.0+0.53/0.88/0+2.0 ms cpu, 3->4->2 MB, 4 MB goal, 0 MB stacks, 0 MB globals, 16 P
gc 2484 @8.621s 7%: 0.14+0.82+0.14 ms clock, 2.3+0.67/1.0/0+2.2 ms cpu, 3->4->2 MB, 4 MB goal, 0 MB stacks, 0 MB globals, 16 P
gc 2485 @8.624s 7%: 0.12+0.56+0.13 ms clock, 2.0+0.55/1.0/0+2.1 ms cpu, 4->5->2 MB, 5 MB goal, 0 MB stacks, 0 MB globals, 16 P
gc 2486 @8.625s 7%: 0.11+0.54+0.18 ms clock, 1.9+0.66/0.87/0+3.0 ms cpu, 3->4->2 MB, 4 MB goal, 0 MB stacks, 0 MB globals, 16 P
gc 2487 @8.627s 7%: 0.11+0.49+0.16 ms clock, 1.9+0.61/1.0/0.006+2.6 ms cpu, 3->4->2 MB, 4 MB goal, 0 MB stacks, 0 MB globals, 16 P
gc 2488 @8.628s 7%: 0.11+0.65+0.097 ms clock, 1.9+0.74/1.0/0+1.5 ms cpu, 3->4->2 MB, 4 MB goal, 0 MB stacks, 0 MB globals, 16 P
gc 2489 @8.630s 7%: 0.10+0.85+0.076 ms clock, 1.6+0.61/0.90/0+1.2 ms cpu, 4->5->2 MB, 4 MB goal, 0 MB stacks, 0 MB globals, 16 P
gc 2490 @8.632s 7%: 0.13+0.64+0.18 ms clock, 2.1+0.68/0.94/0+2.8 ms cpu, 4->5->2 MB, 5 MB goal, 0 MB stacks, 0 MB globals, 16 P
gc 2491 @8.634s 7%: 0.13+0.53+0.18 ms clock, 2.1+0.59/0.98/0+2.9 ms cpu, 4->4->2 MB, 4 MB goal, 0 MB stacks, 0 MB globals, 16 P
gc 2492 @8.636s 7%: 0.19+0.60+0.17 ms clock, 3.0+0.74/0.90/0.018+2.7 ms cpu, 3->4->2 MB, 4 MB goal, 0 MB stacks, 0 MB globals, 16 P
gc 2493 @8.637s 7%: 0.12+1.0+0.085 ms clock, 1.9+2.0/0.95/0+1.3 ms cpu, 4->5->2 MB, 4 MB goal, 0 MB stacks, 0 MB globals, 16 P
gc 2494 @8.640s 7%: 0.12+0.70+0.16 ms clock, 2.0+0.54/0.94/0+2.6 ms cpu, 4->5->2 MB, 5 MB goal, 0 MB stacks, 0 MB globals, 16 P
gc 2495 @8.641s 7%: 0.11+0.71+0.12 ms clock, 1.8+0.55/1.0/0+1.9 ms cpu, 4->5->2 MB, 4 MB goal, 0 MB stacks, 0 MB globals, 16 P
gc 2496 @8.643s 7%: 0.16+0.65+0.17 ms clock, 2.5+0.44/0.90/0.064+2.7 ms cpu, 4->4->2 MB, 4 MB goal, 0 MB stacks, 0 MB globals, 16 P
gc 2497 @8.645s 7%: 0.19+0.54+0.11 ms clock, 3.1+0.82/0.96/0.042+1.8 ms cpu, 3->4->2 MB, 4 MB goal, 0 MB stacks, 0 MB globals, 16 P
gc 2498 @8.647s 7%: 0.12+0.64+0.18 ms clock, 2.0+0.66/1.0/0+3.0 ms cpu, 4->4->2 MB, 4 MB goal, 0 MB stacks, 0 MB globals, 16 P
gc 2499 @8.648s 7%: 0.11+0.69+0.22 ms clock, 1.9+0.66/0.98/0+3.6 ms cpu, 4->4->2 MB, 4 MB goal, 0 MB stacks, 0 MB globals, 16 P
gc 2500 @8.650s 7%: 0.17+0.70+0.18 ms clock, 2.7+0.75/1.1/0+3.0 ms cpu, 3->5->2 MB, 4 MB goal, 0 MB stacks, 0 MB globals, 16 P
gc 2501 @8.652s 7%: 0.10+0.80+0.12 ms clock, 1.7+0.69/0.90/0+2.0 ms cpu, 4->5->2 MB, 5 MB goal, 0 MB stacks, 0 MB globals, 16 P
gc 2502 @8.654s 7%: 0.14+0.63+0.15 ms clock, 2.2+0.59/1.0/0+2.4 ms cpu, 4->5->2 MB, 5 MB goal, 0 MB stacks, 0 MB globals, 16 P
gc 2503 @8.656s 7%: 0.14+0.71+0.15 ms clock, 2.3+0.62/1.1/0.008+2.4 ms cpu, 4->4->2 MB, 4 MB goal, 0 MB stacks, 0 MB globals, 16 P
gc 2504 @8.658s 7%: 0.11+0.53+0.14 ms clock, 1.8+0.51/0.87/0+2.3 ms cpu, 4->5->2 MB, 5 MB goal, 0 MB stacks, 0 MB globals, 16 P
gc 2505 @8.659s 7%: 0.19+0.75+0.15 ms clock, 3.1+0.61/0.91/0.027+2.4 ms cpu, 3->4->2 MB, 4 MB goal, 0 MB stacks, 0 MB globals, 16 P
gc 2506 @8.661s 7%: 0.17+0.70+0.094 ms clock, 2.8+0.71/0.88/0+1.5 ms cpu, 4->5->2 MB, 5 MB goal, 0 MB stacks, 0 MB globals, 16 P
gc 2507 @8.663s 7%: 0.10+0.65+0.22 ms clock, 1.7+0.59/0.94/0.043+3.5 ms cpu, 4->5->2 MB, 5 MB goal, 0 MB stacks, 0 MB globals, 16 P
gc 2508 @8.665s 7%: 0.11+0.53+0.20 ms clock, 1.9+0.61/0.84/0+3.2 ms cpu, 4->4->2 MB, 4 MB goal, 0 MB stacks, 0 MB globals, 16 P
gc 2509 @8.667s 7%: 0.12+0.77+0.089 ms clock, 1.9+0.63/1.1/0.002+1.4 ms cpu, 3->4->2 MB, 4 MB goal, 0 MB stacks, 0 MB globals, 16 P
gc 2510 @8.669s 7%: 0.12+0.52+0.16 ms clock, 1.9+0.64/0.87/0+2.6 ms cpu, 4->5->2 MB, 5 MB goal, 0 MB stacks, 0 MB globals, 16 P
gc 2511 @8.670s 7%: 0.13+0.71+0.10 ms clock, 2.1+0.68/0.95/0.001+1.6 ms cpu, 3->4->2 MB, 4 MB goal, 0 MB stacks, 0 MB globals, 16 P
gc 2512 @8.672s 7%: 0.14+0.64+0.11 ms clock, 2.3+0.59/0.83/0+1.8 ms cpu, 4->5->2 MB, 5 MB goal, 0 MB stacks, 0 MB globals, 16 P
gc 2513 @8.674s 7%: 0.14+0.50+0.22 ms clock, 2.3+0.64/0.93/0+3.5 ms cpu, 4->4->2 MB, 4 MB goal, 0 MB stacks, 0 MB globals, 16 P
gc 2514 @8.676s 7%: 0.18+0.81+0.070 ms clock, 3.0+0.62/1.2/0+1.1 ms cpu, 3->4->2 MB, 4 MB goal, 0 MB stacks, 0 MB globals, 16 P
gc 2515 @8.678s 7%: 0.11+0.71+0.090 ms clock, 1.9+0.52/0.99/0+1.4 ms cpu, 4->5->2 MB, 5 MB goal, 0 MB stacks, 0 MB globals, 16 P
gc 2516 @8.679s 7%: 0.16+0.92+0.095 ms clock, 2.7+0.58/0.86/0.14+1.5 ms cpu, 4->5->2 MB, 4 MB goal, 0 MB stacks, 0 MB globals, 16 P
gc 2517 @8.682s 7%: 0.12+0.63+0.18 ms clock, 2.0+0.55/0.96/0.072+3.0 ms cpu, 4->5->2 MB, 5 MB goal, 0 MB stacks, 0 MB globals, 16 P
gc 2518 @8.683s 7%: 0.095+0.61+0.12 ms clock, 1.5+0.75/0.88/0+2.0 ms cpu, 4->4->2 MB, 4 MB goal, 0 MB stacks, 0 MB globals, 16 P
gc 2519 @8.685s 7%: 0.15+0.78+0.10 ms clock, 2.4+0.67/0.91/0+1.6 ms cpu, 4->5->2 MB, 4 MB goal, 0 MB stacks, 0 MB globals, 16 P
gc 2520 @8.687s 7%: 0.096+0.78+0.22 ms clock, 1.5+0.68/1.0/0.011+3.5 ms cpu, 4->5->2 MB, 5 MB goal, 0 MB stacks, 0 MB globals, 16 P
gc 2521 @8.689s 7%: 0.11+0.56+0.17 ms clock, 1.8+0.55/1.0/0+2.7 ms cpu, 4->5->2 MB, 5 MB goal, 0 MB stacks, 0 MB globals, 16 P
gc 2522 @8.691s 7%: 0.11+0.65+0.19 ms clock, 1.8+0.74/0.98/0+3.1 ms cpu, 3->4->2 MB, 4 MB goal, 0 MB stacks, 0 MB globals, 16 P
gc 2523 @8.693s 7%: 0.18+0.79+0.20 ms clock, 2.9+0.44/1.0/0+3.2 ms cpu, 4->5->2 MB, 5 MB goal, 0 MB stacks, 0 MB globals, 16 P
gc 2524 @8.695s 7%: 0.14+0.63+0.15 ms clock, 2.3+0.52/1.1/0+2.5 ms cpu, 4->5->2 MB, 4 MB goal, 0 MB stacks, 0 MB globals, 16 P
gc 2525 @8.697s 7%: 0.14+0.96+0.084 ms clock, 2.2+0.57/0.98/0+1.3 ms cpu, 4->5->2 MB, 5 MB goal, 0 MB stacks, 0 MB globals, 16 P
gc 2526 @8.699s 7%: 0.12+0.86+0.15 ms clock, 1.9+0.64/0.98/0+2.4 ms cpu, 4->5->2 MB, 5 MB goal, 0 MB stacks, 0 MB globals, 16 P
gc 2527 @8.701s 7%: 0.12+0.49+0.14 ms clock, 2.0+0.72/1.0/0+2.3 ms cpu, 4->5->2 MB, 5 MB goal, 0 MB stacks, 0 MB globals, 16 P
gc 2528 @8.702s 7%: 0.11+0.62+0.11 ms clock, 1.8+0.61/1.0/0+1.7 ms cpu, 3->4->2 MB, 4 MB goal, 0 MB stacks, 0 MB globals, 16 P
gc 2529 @8.704s 7%: 0.20+0.66+0.13 ms clock, 3.3+0.74/1.0/0+2.2 ms cpu, 4->4->2 MB, 4 MB goal, 0 MB stacks, 0 MB globals, 16 P
gc 2530 @8.706s 7%: 0.11+0.61+0.19 ms clock, 1.7+0.62/0.98/0+3.0 ms cpu, 4->4->2 MB, 5 MB goal, 0 MB stacks, 0 MB globals, 16 P
gc 2531 @8.708s 7%: 0.13+0.74+0.059 ms clock, 2.2+0.54/0.99/0+0.94 ms cpu, 3->4->2 MB, 4 MB goal, 0 MB stacks, 0 MB globals, 16 P
gc 2532 @8.709s 7%: 0.12+0.59+0.15 ms clock, 1.9+0.69/0.99/0+2.5 ms cpu, 4->4->2 MB, 4 MB goal, 0 MB stacks, 0 MB globals, 16 P
gc 2533 @8.711s 7%: 0.14+0.54+0.15 ms clock, 2.3+0.51/0.89/0.001+2.5 ms cpu, 3->4->2 MB, 4 MB goal, 0 MB stacks, 0 MB globals, 16 P
gc 2534 @8.713s 7%: 0.16+0.70+0.15 ms clock, 2.6+0.62/0.96/0+2.4 ms cpu, 3->4->2 MB, 4 MB goal, 0 MB stacks, 0 MB globals, 16 P
gc 2535 @8.714s 7%: 0.13+0.59+0.15 ms clock, 2.0+0.57/1.0/0+2.4 ms cpu, 4->5->2 MB, 4 MB goal, 0 MB stacks, 0 MB globals, 16 P
gc 2536 @8.716s 7%: 0.13+0.82+0.14 ms clock, 2.1+0.44/0.97/0.002+2.3 ms cpu, 4->5->2 MB, 5 MB goal, 0 MB stacks, 0 MB globals, 16 P
gc 2537 @8.718s 7%: 0.11+0.81+0.10 ms clock, 1.7+0.57/0.94/0+1.6 ms cpu, 4->5->2 MB, 5 MB goal, 0 MB stacks, 0 MB globals, 16 P
gc 2538 @8.720s 7%: 0.11+0.79+0.080 ms clock, 1.8+0.66/0.95/0+1.2 ms cpu, 4->5->2 MB, 5 MB goal, 0 MB stacks, 0 MB globals, 16 P
gc 2539 @8.722s 7%: 0.11+0.95+0.035 ms clock, 1.7+0.62/0.87/0+0.57 ms cpu, 4->5->2 MB, 5 MB goal, 0 MB stacks, 0 MB globals, 16 P
gc 2540 @8.724s 7%: 0.15+0.58+0.17 ms clock, 2.5+0.63/0.96/0+2.8 ms cpu, 4->5->2 MB, 5 MB goal, 0 MB stacks, 0 MB globals, 16 P
gc 2541 @8.726s 7%: 0.13+0.53+0.12 ms clock, 2.1+0.60/0.92/0+2.0 ms cpu, 4->4->2 MB, 4 MB goal, 0 MB stacks, 0 MB globals, 16 P
gc 2542 @8.728s 7%: 0.20+0.65+0.15 ms clock, 3.2+0.63/1.0/0+2.4 ms cpu, 3->4->2 MB, 4 MB goal, 0 MB stacks, 0 MB globals, 16 P
gc 2543 @8.729s 7%: 0.22+0.70+0.13 ms clock, 3.6+0.65/0.93/0.028+2.0 ms cpu, 4->5->2 MB, 4 MB goal, 0 MB stacks, 0 MB globals, 16 P
gc 2544 @8.731s 7%: 0.11+0.54+0.20 ms clock, 1.8+0.74/0.96/0.005+3.2 ms cpu, 4->5->2 MB, 5 MB goal, 0 MB stacks, 0 MB globals, 16 P
gc 2545 @8.733s 7%: 0.19+0.55+0.18 ms clock, 3.1+0.47/1.0/0+3.0 ms cpu, 4->4->2 MB, 4 MB goal, 0 MB stacks, 0 MB globals, 16 P
gc 2546 @8.735s 7%: 0.12+0.95+0.094 ms clock, 1.9+0.65/0.74/0.039+1.5 ms cpu, 4->5->2 MB, 4 MB goal, 0 MB stacks, 0 MB globals, 16 P
gc 2547 @8.737s 7%: 0.11+0.83+0.12 ms clock, 1.9+0.53/0.87/0.069+2.0 ms cpu, 4->5->2 MB, 5 MB goal, 0 MB stacks, 0 MB globals, 16 P
gc 2548 @8.739s 7%: 0.13+0.55+0.19 ms clock, 2.1+0.65/0.95/0.012+3.0 ms cpu, 4->4->2 MB, 4 MB goal, 0 MB stacks, 0 MB globals, 16 P
gc 2549 @8.741s 7%: 0.12+0.58+0.088 ms clock, 2.0+0.62/0.95/0+1.4 ms cpu, 3->4->2 MB, 4 MB goal, 0 MB stacks, 0 MB globals, 16 P
gc 2550 @8.742s 7%: 0.11+0.55+0.11 ms clock, 1.8+0.51/0.92/0+1.8 ms cpu, 3->4->2 MB, 4 MB goal, 0 MB stacks, 0 MB globals, 16 P
gc 2551 @8.744s 7%: 0.16+0.77+0.12 ms clock, 2.6+0.58/1.0/0+1.9 ms cpu, 3->4->2 MB, 4 MB goal, 0 MB stacks, 0 MB globals, 16 P
gc 2552 @8.746s 7%: 0.096+0.71+0.10 ms clock, 1.5+0.59/1.0/0.016+1.7 ms cpu, 4->5->2 MB, 5 MB goal, 0 MB stacks, 0 MB globals, 16 P
gc 2553 @8.748s 7%: 0.14+0.50+0.16 ms clock, 2.2+0.64/0.86/0.002+2.5 ms cpu, 4->4->2 MB, 4 MB goal, 0 MB stacks, 0 MB globals, 16 P
gc 2554 @8.749s 7%: 0.13+0.53+0.10 ms clock, 2.2+0.70/0.88/0+1.7 ms cpu, 3->4->2 MB, 4 MB goal, 0 MB stacks, 0 MB globals, 16 P
gc 2555 @8.751s 7%: 0.091+0.63+0.076 ms clock, 1.4+0.70/0.84/0.026+1.2 ms cpu, 3->4->2 MB, 4 MB goal, 0 MB stacks, 0 MB globals, 16 P
gc 2556 @8.752s 7%: 0.087+0.51+0.15 ms clock, 1.4+0.57/0.89/0+2.4 ms cpu, 4->4->2 MB, 4 MB goal, 0 MB stacks, 0 MB globals, 16 P
gc 2557 @8.754s 7%: 0.11+0.80+0.11 ms clock, 1.8+0.56/1.0/0.013+1.7 ms cpu, 3->4->2 MB, 4 MB goal, 0 MB stacks, 0 MB globals, 16 P
gc 2558 @8.756s 7%: 0.11+0.60+0.13 ms clock, 1.9+0.65/1.0/0.067+2.1 ms cpu, 4->5->2 MB, 5 MB goal, 0 MB stacks, 0 MB globals, 16 P
gc 2559 @8.758s 7%: 0.098+0.73+0.10 ms clock, 1.5+0.44/0.95/0.020+1.7 ms cpu, 4->4->2 MB, 4 MB goal, 0 MB stacks, 0 MB globals, 16 P
gc 2560 @8.759s 7%: 0.15+0.97+0.11 ms clock, 2.4+0.72/1.1/0+1.9 ms cpu, 3->5->2 MB, 4 MB goal, 0 MB stacks, 0 MB globals, 16 P
gc 2561 @8.762s 7%: 0.083+0.61+0.14 ms clock, 1.3+0.57/1.0/0.014+2.2 ms cpu, 4->5->2 MB, 5 MB goal, 0 MB stacks, 0 MB globals, 16 P
gc 2562 @8.763s 7%: 0.13+0.67+0.11 ms clock, 2.1+0.64/1.0/0+1.8 ms cpu, 4->4->2 MB, 4 MB goal, 0 MB stacks, 0 MB globals, 16 P
gc 2563 @8.765s 7%: 0.16+0.72+0.14 ms clock, 2.6+0.52/0.94/0+2.3 ms cpu, 4->5->2 MB, 5 MB goal, 0 MB stacks, 0 MB globals, 16 P
gc 2564 @8.767s 7%: 0.092+0.70+0.18 ms clock, 1.4+0.53/0.95/0+2.9 ms cpu, 4->5->2 MB, 5 MB goal, 0 MB stacks, 0 MB globals, 16 P
gc 2565 @8.769s 7%: 0.11+0.72+0.10 ms clock, 1.7+0.71/0.94/0+1.6 ms cpu, 4->5->2 MB, 4 MB goal, 0 MB stacks, 0 MB globals, 16 P
gc 2566 @8.771s 7%: 0.11+0.71+0.12 ms clock, 1.8+0.69/1.0/0+1.9 ms cpu, 4->5->2 MB, 5 MB goal, 0 MB stacks, 0 MB globals, 16 P
gc 2567 @8.773s 7%: 0.12+0.87+0.11 ms clock, 2.0+0.74/0.89/0+1.7 ms cpu, 4->5->2 MB, 5 MB goal, 0 MB stacks, 0 MB globals, 16 P
gc 2568 @8.775s 7%: 0.097+0.45+0.18 ms clock, 1.5+0.76/0.79/0+2.9 ms cpu, 4->4->2 MB, 5 MB goal, 0 MB stacks, 0 MB globals, 16 P
gc 2569 @8.776s 7%: 0.10+0.66+0.16 ms clock, 1.6+0.70/1.0/0+2.5 ms cpu, 3->4->2 MB, 4 MB goal, 0 MB stacks, 0 MB globals, 16 P
gc 2570 @8.778s 7%: 0.10+0.87+0.072 ms clock, 1.7+0.56/0.90/0+1.1 ms cpu, 4->5->2 MB, 5 MB goal, 0 MB stacks, 0 MB globals, 16 P
gc 2571 @8.780s 7%: 0.10+0.76+0.098 ms clock, 1.7+0.62/0.98/0.005+1.5 ms cpu, 4->5->2 MB, 4 MB goal, 0 MB stacks, 0 MB globals, 16 P
gc 2572 @8.782s 7%: 0.10+0.70+0.15 ms clock, 1.6+0.53/0.95/0+2.4 ms cpu, 4->5->2 MB, 5 MB goal, 0 MB stacks, 0 MB globals, 16 P
gc 2573 @8.784s 7%: 0.19+0.58+0.19 ms clock, 3.1+0.54/0.99/0.002+3.0 ms cpu, 4->4->2 MB, 4 MB goal, 0 MB stacks, 0 MB globals, 16 P
gc 2574 @8.786s 7%: 0.12+0.76+0.090 ms clock, 2.0+0.45/1.0/0+1.4 ms cpu, 4->5->2 MB, 4 MB goal, 0 MB stacks, 0 MB globals, 16 P
gc 2575 @8.788s 7%: 0.11+0.78+0.12 ms clock, 1.8+0.69/0.92/0+2.0 ms cpu, 4->5->2 MB, 5 MB goal, 0 MB stacks, 0 MB globals, 16 P
gc 2576 @8.790s 7%: 0.18+0.56+0.090 ms clock, 2.9+0.68/0.92/0.001+1.4 ms cpu, 4->4->2 MB, 5 MB goal, 0 MB stacks, 0 MB globals, 16 P
gc 2577 @8.791s 7%: 0.13+0.64+0.11 ms clock, 2.2+0.70/0.88/0+1.8 ms cpu, 3->4->2 MB, 4 MB goal, 0 MB stacks, 0 MB globals, 16 P
gc 2578 @8.793s 7%: 0.15+0.72+0.088 ms clock, 2.5+0.64/1.0/0+1.4 ms cpu, 4->4->2 MB, 4 MB goal, 0 MB stacks, 0 MB globals, 16 P
gc 2579 @8.795s 7%: 0.16+0.44+0.14 ms clock, 2.5+0.61/0.78/0.039+2.2 ms cpu, 4->4->1 MB, 5 MB goal, 0 MB stacks, 0 MB globals, 16 P
gc 2580 @8.796s 7%: 0.14+0.69+0.14 ms clock, 2.3+0.72/1.0/0+2.2 ms cpu, 3->4->2 MB, 4 MB goal, 0 MB stacks, 0 MB globals, 16 P
gc 2581 @8.798s 7%: 0.10+0.71+0.091 ms clock, 1.6+0.54/1.0/0+1.4 ms cpu, 4->5->2 MB, 5 MB goal, 0 MB stacks, 0 MB globals, 16 P
gc 2582 @8.800s 7%: 0.11+0.58+0.18 ms clock, 1.7+0.52/1.0/0+3.0 ms cpu, 4->4->2 MB, 4 MB goal, 0 MB stacks, 0 MB globals, 16 P
gc 2583 @8.801s 7%: 0.16+0.56+0.14 ms clock, 2.5+0.67/0.87/0.025+2.3 ms cpu, 3->4->2 MB, 4 MB goal, 0 MB stacks, 0 MB globals, 16 P
gc 2584 @8.803s 7%: 0.10+0.58+0.15 ms clock, 1.6+0.56/1.0/0+2.4 ms cpu, 4->4->2 MB, 4 MB goal, 0 MB stacks, 0 MB globals, 16 P
gc 2585 @8.805s 7%: 0.15+0.66+0.15 ms clock, 2.5+0.70/0.98/0+2.4 ms cpu, 3->4->2 MB, 4 MB goal, 0 MB stacks, 0 MB globals, 16 P
gc 2586 @8.806s 7%: 0.15+0.56+0.16 ms clock, 2.5+0.59/0.89/0+2.6 ms cpu, 3->4->2 MB, 4 MB goal, 0 MB stacks, 0 MB globals, 16 P
gc 2587 @8.808s 7%: 0.13+0.61+0.14 ms clock, 2.1+0.70/0.94/0+2.2 ms cpu, 3->4->2 MB, 4 MB goal, 0 MB stacks, 0 MB globals, 16 P
gc 2588 @8.810s 7%: 0.15+0.65+0.11 ms clock, 2.4+0.60/0.81/0+1.7 ms cpu, 4->4->2 MB, 4 MB goal, 0 MB stacks, 0 MB globals, 16 P
gc 2589 @8.811s 7%: 0.11+0.62+0.11 ms clock, 1.8+0.58/1.1/0.024+1.9 ms cpu, 4->4->2 MB, 4 MB goal, 0 MB stacks, 0 MB globals, 16 P
gc 2590 @8.813s 7%: 0.22+0.74+0.14 ms clock, 3.5+0.62/0.98/0+2.3 ms cpu, 3->4->2 MB, 4 MB goal, 0 MB stacks, 0 MB globals, 16 P
gc 2591 @8.815s 7%: 0.14+0.61+0.19 ms clock, 2.2+0.68/1.0/0+3.0 ms cpu, 4->5->2 MB, 5 MB goal, 0 MB stacks, 0 MB globals, 16 P
gc 2592 @8.817s 7%: 0.14+0.81+0.11 ms clock, 2.3+0.48/0.96/0+1.8 ms cpu, 4->5->2 MB, 5 MB goal, 0 MB stacks, 0 MB globals, 16 P
gc 2593 @8.819s 7%: 0.13+0.64+0.11 ms clock, 2.2+0.56/1.0/0+1.8 ms cpu, 4->5->2 MB, 5 MB goal, 0 MB stacks, 0 MB globals, 16 P
gc 2594 @8.821s 7%: 0.11+0.80+0.099 ms clock, 1.8+0.53/0.92/0+1.5 ms cpu, 4->5->2 MB, 5 MB goal, 0 MB stacks, 0 MB globals, 16 P
gc 2595 @8.823s 7%: 0.16+0.70+0.12 ms clock, 2.6+0.65/0.78/0+2.0 ms cpu, 4->5->2 MB, 5 MB goal, 0 MB stacks, 0 MB globals, 16 P
gc 2596 @8.825s 7%: 0.11+0.57+0.19 ms clock, 1.9+0.65/0.94/0.024+3.0 ms cpu, 4->4->2 MB, 4 MB goal, 0 MB stacks, 0 MB globals, 16 P
gc 2597 @8.827s 7%: 0.13+0.52+0.12 ms clock, 2.2+0.71/0.85/0+1.9 ms cpu, 4->4->2 MB, 4 MB goal, 0 MB stacks, 0 MB globals, 16 P
gc 2598 @8.828s 7%: 0.11+0.68+0.067 ms clock, 1.8+0.61/0.99/0+1.0 ms cpu, 4->4->2 MB, 4 MB goal, 0 MB stacks, 0 MB globals, 16 P
gc 2599 @8.830s 7%: 0.12+0.59+0.10 ms clock, 2.0+0.55/0.91/0.002+1.6 ms cpu, 4->4->2 MB, 4 MB goal, 0 MB stacks, 0 MB globals, 16 P
gc 2600 @8.832s 7%: 0.081+0.60+0.070 ms clock, 1.3+0.55/0.82/0.043+1.1 ms cpu, 3->4->2 MB, 4 MB goal, 0 MB stacks, 0 MB globals, 16 P
gc 2601 @8.833s 7%: 0.11+0.56+0.097 ms clock, 1.8+0.72/0.85/0+1.5 ms cpu, 4->4->2 MB, 4 MB goal, 0 MB stacks, 0 MB globals, 16 P
gc 2602 @8.835s 7%: 0.15+0.69+0.17 ms clock, 2.5+0.74/0.90/0+2.7 ms cpu, 3->4->2 MB, 4 MB goal, 0 MB stacks, 0 MB globals, 16 P
gc 2603 @8.837s 7%: 0.11+0.67+0.17 ms clock, 1.8+0.56/1.0/0+2.8 ms cpu, 4->4->2 MB, 4 MB goal, 0 MB stacks, 0 MB globals, 16 P
gc 2604 @8.839s 7%: 0.12+0.79+0.10 ms clock, 1.9+0.67/0.79/0+1.7 ms cpu, 3->5->2 MB, 4 MB goal, 0 MB stacks, 0 MB globals, 16 P
gc 2605 @8.841s 7%: 0.16+0.73+0.13 ms clock, 2.7+0.65/1.0/0+2.2 ms cpu, 4->5->2 MB, 5 MB goal, 0 MB stacks, 0 MB globals, 16 P
gc 2606 @8.843s 7%: 0.14+0.59+0.11 ms clock, 2.2+0.60/0.98/0+1.8 ms cpu, 4->4->2 MB, 4 MB goal, 0 MB stacks, 0 MB globals, 16 P
gc 2607 @8.844s 7%: 0.10+0.97+0.092 ms clock, 1.6+0.60/0.89/0+1.4 ms cpu, 4->5->2 MB, 4 MB goal, 0 MB stacks, 0 MB globals, 16 P
gc 2608 @8.847s 7%: 0.14+0.51+0.18 ms clock, 2.3+0.60/0.98/0.020+2.9 ms cpu, 4->5->2 MB, 5 MB goal, 0 MB stacks, 0 MB globals, 16 P
gc 2609 @8.848s 7%: 0.14+0.69+0.12 ms clock, 2.3+0.63/0.97/0+1.9 ms cpu, 3->4->2 MB, 4 MB goal, 0 MB stacks, 0 MB globals, 16 P
gc 2610 @8.850s 7%: 0.14+0.64+0.11 ms clock, 2.3+0.66/0.75/0.075+1.8 ms cpu, 4->4->2 MB, 5 MB goal, 0 MB stacks, 0 MB globals, 16 P
gc 2611 @8.852s 7%: 0.10+0.67+0.10 ms clock, 1.6+0.57/1.0/0.001+1.6 ms cpu, 3->4->2 MB, 4 MB goal, 0 MB stacks, 0 MB globals, 16 P
gc 2612 @8.853s 7%: 0.13+0.80+0.18 ms clock, 2.1+0.70/0.91/0.001+3.0 ms cpu, 4->5->2 MB, 5 MB goal, 0 MB stacks, 0 MB globals, 16 P
gc 2613 @8.855s 7%: 0.10+0.51+0.11 ms clock, 1.6+0.63/0.97/0+1.8 ms cpu, 4->4->2 MB, 5 MB goal, 0 MB stacks, 0 MB globals, 16 P
gc 2614 @8.857s 7%: 0.11+0.71+0.14 ms clock, 1.7+0.61/1.0/0+2.2 ms cpu, 3->4->2 MB, 4 MB goal, 0 MB stacks, 0 MB globals, 16 P
gc 2615 @8.859s 7%: 0.15+0.88+0.088 ms clock, 2.4+0.60/0.86/0+1.4 ms cpu, 4->5->2 MB, 4 MB goal, 0 MB stacks, 0 MB globals, 16 P
gc 2616 @8.861s 7%: 0.12+0.70+0.12 ms clock, 2.0+0.67/0.91/0+2.0 ms cpu, 4->5->2 MB, 5 MB goal, 0 MB stacks, 0 MB globals, 16 P
gc 2617 @8.863s 7%: 0.13+0.71+0.071 ms clock, 2.1+0.72/0.92/0.004+1.1 ms cpu, 4->5->2 MB, 4 MB goal, 0 MB stacks, 0 MB globals, 16 P
gc 2618 @8.865s 7%: 0.13+0.67+0.094 ms clock, 2.2+0.51/0.90/0+1.5 ms cpu, 4->4->2 MB, 4 MB goal, 0 MB stacks, 0 MB globals, 16 P
gc 2619 @8.866s 7%: 0.14+0.88+0.074 ms clock, 2.3+0.72/1.1/0+1.1 ms cpu, 4->5->2 MB, 4 MB goal, 0 MB stacks, 0 MB globals, 16 P
gc 2620 @8.868s 7%: 0.10+0.74+0.18 ms clock, 1.6+0.65/0.97/0+2.9 ms cpu, 4->5->2 MB, 5 MB goal, 0 MB stacks, 0 MB globals, 16 P
gc 2621 @8.870s 7%: 0.10+0.63+0.15 ms clock, 1.7+0.48/1.0/0+2.5 ms cpu, 4->5->2 MB, 5 MB goal, 0 MB stacks, 0 MB globals, 16 P
gc 2622 @8.872s 7%: 0.092+0.86+0.085 ms clock, 1.4+0.71/0.89/0+1.3 ms cpu, 4->5->2 MB, 4 MB goal, 0 MB stacks, 0 MB globals, 16 P
gc 2623 @8.874s 7%: 0.11+0.70+0.12 ms clock, 1.7+0.72/0.83/0+1.9 ms cpu, 4->5->2 MB, 5 MB goal, 0 MB stacks, 0 MB globals, 16 P
gc 2624 @8.876s 7%: 0.13+0.64+0.19 ms clock, 2.0+0.69/1.0/0.002+3.1 ms cpu, 4->5->2 MB, 4 MB goal, 0 MB stacks, 0 MB globals, 16 P
gc 2625 @8.878s 7%: 0.094+0.81+0.073 ms clock, 1.5+0.53/0.94/0.047+1.1 ms cpu, 4->5->2 MB, 4 MB goal, 0 MB stacks, 0 MB globals, 16 P
gc 2626 @8.880s 7%: 0.11+0.64+0.098 ms clock, 1.8+0.60/0.91/0+1.5 ms cpu, 4->5->2 MB, 5 MB goal, 0 MB stacks, 0 MB globals, 16 P
gc 2627 @8.882s 7%: 0.11+0.65+0.17 ms clock, 1.8+0.61/1.1/0+2.8 ms cpu, 3->4->2 MB, 4 MB goal, 0 MB stacks, 0 MB globals, 16 P
gc 2628 @8.884s 7%: 0.13+0.81+0.12 ms clock, 2.1+0.65/1.0/0+2.0 ms cpu, 4->5->2 MB, 5 MB goal, 0 MB stacks, 0 MB globals, 16 P
gc 2629 @8.886s 7%: 0.11+0.61+0.12 ms clock, 1.8+0.56/0.97/0+2.0 ms cpu, 4->5->2 MB, 5 MB goal, 0 MB stacks, 0 MB globals, 16 P
gc 2630 @8.887s 7%: 0.099+0.64+0.12 ms clock, 1.5+0.57/1.0/0+2.0 ms cpu, 4->4->2 MB, 4 MB goal, 0 MB stacks, 0 MB globals, 16 P
gc 2631 @8.889s 7%: 0.13+1.1+0.063 ms clock, 2.0+0.65/1.0/0+1.0 ms cpu, 3->5->2 MB, 4 MB goal, 0 MB stacks, 0 MB globals, 16 P
gc 2632 @8.892s 7%: 0.10+0.98+0.10 ms clock, 1.7+0.41/1.0/0+1.6 ms cpu, 5->6->2 MB, 6 MB goal, 0 MB stacks, 0 MB globals, 16 P
gc 2633 @8.894s 7%: 0.12+0.54+0.17 ms clock, 2.0+0.60/1.0/0+2.8 ms cpu, 4->5->2 MB, 5 MB goal, 0 MB stacks, 0 MB globals, 16 P
gc 2634 @8.896s 7%: 0.15+0.71+0.12 ms clock, 2.5+0.52/0.93/0+1.9 ms cpu, 3->4->2 MB, 4 MB goal, 0 MB stacks, 0 MB globals, 16 P
gc 2635 @8.898s 7%: 0.12+0.68+0.22 ms clock, 1.9+0.56/1.1/0+3.5 ms cpu, 4->5->2 MB, 4 MB goal, 0 MB stacks, 0 MB globals, 16 P
gc 2636 @8.900s 7%: 0.12+0.67+0.12 ms clock, 2.0+0.53/0.97/0+2.0 ms cpu, 4->4->2 MB, 5 MB goal, 0 MB stacks, 0 MB globals, 16 P
gc 2637 @8.901s 7%: 0.21+0.89+0.046 ms clock, 3.4+0.67/0.99/0+0.73 ms cpu, 3->4->2 MB, 4 MB goal, 0 MB stacks, 0 MB globals, 16 P
gc 2638 @8.903s 7%: 0.094+0.71+0.17 ms clock, 1.5+0.77/0.99/0.005+2.7 ms cpu, 4->5->2 MB, 5 MB goal, 0 MB stacks, 0 MB globals, 16 P
gc 2639 @8.905s 7%: 0.13+0.75+0.12 ms clock, 2.0+0.67/0.98/0+1.9 ms cpu, 4->5->2 MB, 4 MB goal, 0 MB stacks, 0 MB globals, 16 P
gc 2640 @8.907s 7%: 0.12+0.80+0.13 ms clock, 1.9+0.64/1.1/0+2.1 ms cpu, 4->5->2 MB, 5 MB goal, 0 MB stacks, 0 MB globals, 16 P
gc 2641 @8.909s 7%: 0.13+0.70+0.13 ms clock, 2.1+0.73/0.96/0+2.1 ms cpu, 4->5->2 MB, 5 MB goal, 0 MB stacks, 0 MB globals, 16 P
gc 2642 @8.911s 7%: 0.14+0.63+0.15 ms clock, 2.2+0.65/0.95/0+2.4 ms cpu, 4->4->2 MB, 5 MB goal, 0 MB stacks, 0 MB globals, 16 P
gc 2643 @8.913s 7%: 0.19+0.88+0.17 ms clock, 3.1+0.73/1.1/0+2.8 ms cpu, 3->5->2 MB, 4 MB goal, 0 MB stacks, 0 MB globals, 16 P
gc 2644 @8.915s 7%: 0.12+0.58+0.17 ms clock, 2.0+0.47/1.0/0+2.7 ms cpu, 4->5->2 MB, 5 MB goal, 0 MB stacks, 0 MB globals, 16 P
gc 2645 @8.917s 7%: 0.17+0.63+0.21 ms clock, 2.8+0.70/0.88/0+3.4 ms cpu, 4->5->2 MB, 4 MB goal, 0 MB stacks, 0 MB globals, 16 P
gc 2646 @8.918s 7%: 0.12+0.75+0.098 ms clock, 2.0+0.65/0.94/0+1.5 ms cpu, 4->5->2 MB, 5 MB goal, 0 MB stacks, 0 MB globals, 16 P
gc 2647 @8.921s 7%: 0.10+0.59+0.18 ms clock, 1.6+0.61/0.81/0+2.9 ms cpu, 4->5->2 MB, 5 MB goal, 0 MB stacks, 0 MB globals, 16 P
gc 2648 @8.922s 7%: 0.12+0.59+0.14 ms clock, 2.0+0.69/0.94/0+2.2 ms cpu, 3->4->2 MB, 4 MB goal, 0 MB stacks, 0 MB globals, 16 P
gc 2649 @8.924s 7%: 0.097+0.57+0.14 ms clock, 1.5+0.60/0.94/0+2.3 ms cpu, 4->4->2 MB, 5 MB goal, 0 MB stacks, 0 MB globals, 16 P
gc 2650 @8.926s 7%: 0.14+0.73+0.13 ms clock, 2.2+0.68/0.83/0+2.1 ms cpu, 3->4->2 MB, 4 MB goal, 0 MB stacks, 0 MB globals, 16 P
gc 2651 @8.928s 7%: 0.11+0.71+0.14 ms clock, 1.8+0.63/1.1/0+2.2 ms cpu, 4->5->2 MB, 5 MB goal, 0 MB stacks, 0 MB globals, 16 P
gc 2652 @8.929s 7%: 0.13+0.68+0.15 ms clock, 2.1+0.71/0.92/0+2.4 ms cpu, 4->4->2 MB, 5 MB goal, 0 MB stacks, 0 MB globals, 16 P
gc 2653 @8.931s 7%: 0.15+0.58+0.16 ms clock, 2.4+0.59/0.87/0+2.6 ms cpu, 4->4->2 MB, 4 MB goal, 0 MB stacks, 0 MB globals, 16 P
gc 2654 @8.933s 7%: 0.17+0.64+0.15 ms clock, 2.7+0.65/0.96/0+2.5 ms cpu, 3->4->2 MB, 4 MB goal, 0 MB stacks, 0 MB globals, 16 P
gc 2655 @8.935s 7%: 0.13+0.64+0.17 ms clock, 2.2+0.71/1.1/0+2.8 ms cpu, 4->5->2 MB, 5 MB goal, 0 MB stacks, 0 MB globals, 16 P
gc 2656 @8.937s 7%: 0.19+0.61+0.13 ms clock, 3.0+0.76/1.0/0+2.1 ms cpu, 4->4->2 MB, 4 MB goal, 0 MB stacks, 0 MB globals, 16 P
gc 2657 @8.938s 7%: 0.092+0.60+0.17 ms clock, 1.4+0.65/0.85/0.029+2.8 ms cpu, 4->4->2 MB, 4 MB goal, 0 MB stacks, 0 MB globals, 16 P
gc 2658 @8.940s 7%: 0.17+0.66+0.084 ms clock, 2.7+0.81/0.82/0+1.3 ms cpu, 4->4->2 MB, 4 MB goal, 0 MB stacks, 0 MB globals, 16 P
gc 2659 @8.942s 7%: 0.11+0.74+0.15 ms clock, 1.7+0.61/0.93/0+2.4 ms cpu, 4->5->2 MB, 4 MB goal, 0 MB stacks, 0 MB globals, 16 P
gc 2660 @8.944s 7%: 0.14+0.72+0.12 ms clock, 2.3+0.59/1.0/0+1.9 ms cpu, 4->5->2 MB, 4 MB goal, 0 MB stacks, 0 MB globals, 16 P
gc 2661 @8.946s 7%: 0.12+0.72+0.085 ms clock, 1.9+0.48/1.0/0+1.3 ms cpu, 4->5->2 MB, 5 MB goal, 0 MB stacks, 0 MB globals, 16 P
gc 2662 @8.948s 7%: 0.16+0.72+0.11 ms clock, 2.6+0.59/0.97/0+1.8 ms cpu, 4->5->2 MB, 4 MB goal, 0 MB stacks, 0 MB globals, 16 P
gc 2663 @8.949s 7%: 0.12+0.90+0.093 ms clock, 1.9+0.55/1.0/0+1.4 ms cpu, 4->5->2 MB, 4 MB goal, 0 MB stacks, 0 MB globals, 16 P
gc 2664 @8.952s 7%: 0.12+0.64+0.092 ms clock, 1.9+0.61/0.90/0+1.4 ms cpu, 4->5->2 MB, 5 MB goal, 0 MB stacks, 0 MB globals, 16 P
gc 2665 @8.953s 7%: 0.10+0.67+0.11 ms clock, 1.6+0.71/1.0/0+1.9 ms cpu, 4->4->2 MB, 4 MB goal, 0 MB stacks, 0 MB globals, 16 P
gc 2666 @8.955s 7%: 0.18+0.57+0.15 ms clock, 2.9+0.63/0.96/0+2.4 ms cpu, 4->4->2 MB, 5 MB goal, 0 MB stacks, 0 MB globals, 16 P
gc 2667 @8.957s 7%: 0.16+0.76+0.079 ms clock, 2.7+0.64/0.84/0+1.2 ms cpu, 3->4->2 MB, 4 MB goal, 0 MB stacks, 0 MB globals, 16 P
gc 2668 @8.959s 7%: 0.12+0.95+0.11 ms clock, 1.9+0.64/0.97/0.026+1.8 ms cpu, 4->5->2 MB, 5 MB goal, 0 MB stacks, 0 MB globals, 16 P
gc 2669 @8.961s 7%: 0.14+0.93+0.020 ms clock, 2.3+0.64/0.97/0+0.33 ms cpu, 4->5->2 MB, 5 MB goal, 0 MB stacks, 0 MB globals, 16 P
gc 2670 @8.964s 7%: 0.094+0.65+0.10 ms clock, 1.5+0.64/0.89/0.023+1.6 ms cpu, 4->5->2 MB, 5 MB goal, 0 MB stacks, 0 MB globals, 16 P
gc 2671 @8.965s 7%: 0.13+0.58+0.10 ms clock, 2.1+0.59/0.86/0.064+1.6 ms cpu, 4->4->2 MB, 4 MB goal, 0 MB stacks, 0 MB globals, 16 P
gc 2672 @8.967s 7%: 0.12+0.70+0.095 ms clock, 2.0+0.61/0.88/0+1.5 ms cpu, 4->4->2 MB, 4 MB goal, 0 MB stacks, 0 MB globals, 16 P
gc 2673 @8.969s 7%: 0.14+0.47+0.15 ms clock, 2.2+0.61/0.87/0+2.5 ms cpu, 3->4->2 MB, 4 MB goal, 0 MB stacks, 0 MB globals, 16 P
gc 2674 @8.970s 7%: 0.10+0.68+0.12 ms clock, 1.7+0.54/1.0/0+1.9 ms cpu, 3->4->2 MB, 4 MB goal, 0 MB stacks, 0 MB globals, 16 P
gc 2675 @8.972s 7%: 0.15+0.56+0.14 ms clock, 2.5+0.67/0.82/0+2.2 ms cpu, 3->4->2 MB, 4 MB goal, 0 MB stacks, 0 MB globals, 16 P
gc 2676 @8.974s 7%: 0.12+0.74+0.14 ms clock, 1.9+0.58/1.0/0+2.3 ms cpu, 3->4->2 MB, 4 MB goal, 0 MB stacks, 0 MB globals, 16 P
gc 2677 @8.976s 7%: 0.12+0.55+0.14 ms clock, 2.0+0.57/0.80/0+2.3 ms cpu, 4->4->2 MB, 4 MB goal, 0 MB stacks, 0 MB globals, 16 P
gc 2678 @8.977s 7%: 0.21+0.66+0.18 ms clock, 3.4+0.74/0.93/0+2.9 ms cpu, 3->4->2 MB, 4 MB goal, 0 MB stacks, 0 MB globals, 16 P
gc 2679 @8.979s 7%: 0.13+0.70+0.19 ms clock, 2.2+0.67/1.0/0+3.1 ms cpu, 4->5->2 MB, 5 MB goal, 0 MB stacks, 0 MB globals, 16 P
gc 2680 @8.981s 7%: 0.12+0.97+0.085 ms clock, 2.0+0.81/1.4/0.011+1.3 ms cpu, 4->5->2 MB, 4 MB goal, 0 MB stacks, 0 MB globals, 16 P
gc 2681 @8.983s 7%: 0.11+0.52+0.16 ms clock, 1.7+0.57/0.80/0+2.6 ms cpu, 4->5->2 MB, 5 MB goal, 0 MB stacks, 0 MB globals, 16 P
gc 2682 @8.985s 7%: 0.12+0.68+0.12 ms clock, 2.0+0.50/0.98/0.001+1.9 ms cpu, 3->4->2 MB, 4 MB goal, 0 MB stacks, 0 MB globals, 16 P
gc 2683 @8.987s 7%: 0.099+0.59+0.11 ms clock, 1.5+0.48/0.88/0.12+1.9 ms cpu, 4->4->2 MB, 4 MB goal, 0 MB stacks, 0 MB globals, 16 P
gc 2684 @8.988s 7%: 0.13+0.51+0.21 ms clock, 2.2+0.54/0.90/0+3.4 ms cpu, 3->4->2 MB, 4 MB goal, 0 MB stacks, 0 MB globals, 16 P
gc 2685 @8.990s 7%: 0.15+0.54+0.19 ms clock, 2.5+0.68/0.93/0+3.1 ms cpu, 3->4->2 MB, 4 MB goal, 0 MB stacks, 0 MB globals, 16 P
gc 2686 @8.991s 7%: 0.16+0.71+0.086 ms clock, 2.6+0.62/1.0/0+1.3 ms cpu, 3->4->2 MB, 4 MB goal, 0 MB stacks, 0 MB globals, 16 P
gc 2687 @8.993s 7%: 0.13+0.72+0.14 ms clock, 2.1+0.67/0.81/0+2.3 ms cpu, 4->5->2 MB, 4 MB goal, 0 MB stacks, 0 MB globals, 16 P
gc 2688 @8.995s 7%: 0.13+0.59+0.17 ms clock, 2.2+0.79/0.84/0+2.7 ms cpu, 4->4->2 MB, 5 MB goal, 0 MB stacks, 0 MB globals, 16 P
gc 2689 @8.997s 7%: 0.13+0.65+0.16 ms clock, 2.1+0.67/0.84/0+2.5 ms cpu, 3->4->2 MB, 4 MB goal, 0 MB stacks, 0 MB globals, 16 P
gc 2690 @8.999s 7%: 0.13+0.67+0.12 ms clock, 2.1+0.85/0.85/0+1.9 ms cpu, 4->4->2 MB, 4 MB goal, 0 MB stacks, 0 MB globals, 16 P
gc 2691 @9.000s 7%: 0.10+0.80+0.11 ms clock, 1.6+0.67/0.93/0+1.8 ms cpu, 4->4->2 MB, 4 MB goal, 0 MB stacks, 0 MB globals, 16 P
gc 2692 @9.002s 7%: 0.14+0.75+0.099 ms clock, 2.3+0.47/1.0/0+1.5 ms cpu, 4->5->2 MB, 4 MB goal, 0 MB stacks, 0 MB globals, 16 P
gc 2693 @9.004s 7%: 0.11+0.59+0.17 ms clock, 1.8+0.66/0.98/0+2.7 ms cpu, 4->4->2 MB, 4 MB goal, 0 MB stacks, 0 MB globals, 16 P
gc 2694 @9.006s 7%: 0.10+0.51+0.14 ms clock, 1.7+0.48/1.0/0+2.3 ms cpu, 4->4->2 MB, 4 MB goal, 0 MB stacks, 0 MB globals, 16 P
gc 2695 @9.007s 7%: 0.12+0.67+0.17 ms clock, 1.9+0.62/0.95/0+2.7 ms cpu, 3->4->2 MB, 4 MB goal, 0 MB stacks, 0 MB globals, 16 P
gc 2696 @9.009s 7%: 0.13+0.64+0.12 ms clock, 2.1+0.63/1.0/0+1.9 ms cpu, 4->4->2 MB, 4 MB goal, 0 MB stacks, 0 MB globals, 16 P
gc 2697 @9.011s 7%: 0.20+0.72+0.19 ms clock, 3.2+0.69/1.0/0+3.1 ms cpu, 3->4->2 MB, 4 MB goal, 0 MB stacks, 0 MB globals, 16 P
gc 2698 @9.013s 7%: 0.18+0.68+0.12 ms clock, 2.8+0.65/0.97/0+1.9 ms cpu, 4->5->2 MB, 4 MB goal, 0 MB stacks, 0 MB globals, 16 P
gc 2699 @9.014s 7%: 0.17+0.62+0.10 ms clock, 2.7+0.57/1.0/0+1.7 ms cpu, 4->4->2 MB, 4 MB goal, 0 MB stacks, 0 MB globals, 16 P
gc 2700 @9.016s 7%: 0.14+0.56+0.20 ms clock, 2.3+0.65/0.98/0+3.3 ms cpu, 4->4->2 MB, 4 MB goal, 0 MB stacks, 0 MB globals, 16 P
gc 2701 @9.018s 7%: 0.11+0.59+0.19 ms clock, 1.8+0.58/1.0/0.001+3.1 ms cpu, 4->4->2 MB, 4 MB goal, 0 MB stacks, 0 MB globals, 16 P
gc 2702 @9.019s 7%: 0.12+0.70+0.12 ms clock, 1.9+0.81/0.88/0.015+2.0 ms cpu, 4->4->2 MB, 4 MB goal, 0 MB stacks, 0 MB globals, 16 P
gc 2703 @9.021s 7%: 0.10+0.59+0.12 ms clock, 1.7+0.49/0.98/0+2.0 ms cpu, 4->4->2 MB, 5 MB goal, 0 MB stacks, 0 MB globals, 16 P
gc 2704 @9.023s 7%: 0.14+0.61+0.14 ms clock, 2.3+0.60/0.92/0+2.3 ms cpu, 3->4->2 MB, 4 MB goal, 0 MB stacks, 0 MB globals, 16 P
gc 2705 @9.025s 7%: 0.11+0.65+0.11 ms clock, 1.8+0.79/0.88/0+1.8 ms cpu, 4->4->2 MB, 5 MB goal, 0 MB stacks, 0 MB globals, 16 P
gc 2706 @9.026s 7%: 0.14+0.76+0.078 ms clock, 2.3+0.85/1.1/0+1.2 ms cpu, 3->4->2 MB, 4 MB goal, 0 MB stacks, 0 MB globals, 16 P
gc 2707 @9.028s 7%: 0.11+0.55+0.19 ms clock, 1.7+0.50/1.0/0+3.0 ms cpu, 4->5->2 MB, 5 MB goal, 0 MB stacks, 0 MB globals, 16 P
gc 2708 @9.030s 7%: 0.19+0.93+0.10 ms clock, 3.1+0.83/0.83/0+1.7 ms cpu, 3->5->2 MB, 4 MB goal, 0 MB stacks, 0 MB globals, 16 P
gc 2709 @9.032s 7%: 0.11+0.56+0.14 ms clock, 1.8+0.56/0.97/0.033+2.2 ms cpu, 4->5->2 MB, 5 MB goal, 0 MB stacks, 0 MB globals, 16 P
gc 2710 @9.034s 7%: 0.18+0.56+0.23 ms clock, 2.9+0.64/0.99/0+3.7 ms cpu, 3->4->2 MB, 4 MB goal, 0 MB stacks, 0 MB globals, 16 P
gc 2711 @9.035s 7%: 0.15+0.54+0.16 ms clock, 2.5+0.61/0.94/0+2.7 ms cpu, 4->4->2 MB, 4 MB goal, 0 MB stacks, 0 MB globals, 16 P
gc 2712 @9.037s 7%: 0.18+0.66+0.15 ms clock, 3.0+0.76/0.88/0+2.5 ms cpu, 3->4->2 MB, 4 MB goal, 0 MB stacks, 0 MB globals, 16 P
gc 2713 @9.039s 7%: 0.13+0.61+0.20 ms clock, 2.1+0.63/1.0/0+3.2 ms cpu, 4->5->2 MB, 5 MB goal, 0 MB stacks, 0 MB globals, 16 P
gc 2714 @9.041s 7%: 0.12+0.65+0.12 ms clock, 1.9+0.58/0.92/0+2.0 ms cpu, 4->4->2 MB, 4 MB goal, 0 MB stacks, 0 MB globals, 16 P
gc 2715 @9.043s 7%: 0.12+0.54+0.19 ms clock, 2.0+0.63/0.86/0+3.0 ms cpu, 4->4->2 MB, 4 MB goal, 0 MB stacks, 0 MB globals, 16 P
gc 2716 @9.044s 7%: 0.14+0.77+0.078 ms clock, 2.3+0.65/0.95/0.013+1.2 ms cpu, 3->4->2 MB, 4 MB goal, 0 MB stacks, 0 MB globals, 16 P
gc 2717 @9.046s 7%: 0.10+0.61+0.14 ms clock, 1.7+0.59/0.90/0+2.3 ms cpu, 4->5->2 MB, 5 MB goal, 0 MB stacks, 0 MB globals, 16 P
gc 2718 @9.048s 7%: 0.10+0.53+0.16 ms clock, 1.7+0.63/0.92/0+2.6 ms cpu, 4->4->2 MB, 4 MB goal, 0 MB stacks, 0 MB globals, 16 P
gc 2719 @9.050s 7%: 0.15+0.68+0.12 ms clock, 2.4+0.67/0.89/0+1.9 ms cpu, 3->4->2 MB, 4 MB goal, 0 MB stacks, 0 MB globals, 16 P
gc 2720 @9.052s 7%: 0.13+0.56+0.15 ms clock, 2.2+0.62/1.0/0+2.5 ms cpu, 4->4->2 MB, 4 MB goal, 0 MB stacks, 0 MB globals, 16 P
gc 2721 @9.053s 7%: 0.11+0.75+0.098 ms clock, 1.8+0.69/0.97/0.067+1.5 ms cpu, 3->4->2 MB, 4 MB goal, 0 MB stacks, 0 MB globals, 16 P
gc 2722 @9.055s 7%: 0.16+0.81+0.088 ms clock, 2.5+0.59/0.95/0+1.4 ms cpu, 4->5->2 MB, 4 MB goal, 0 MB stacks, 0 MB globals, 16 P
gc 2723 @9.057s 7%: 0.11+0.87+0.11 ms clock, 1.8+0.74/0.97/0+1.8 ms cpu, 4->5->2 MB, 5 MB goal, 0 MB stacks, 0 MB globals, 16 P
gc 2724 @9.059s 7%: 0.14+0.70+0.11 ms clock, 2.2+0.60/1.1/0+1.8 ms cpu, 4->5->2 MB, 5 MB goal, 0 MB stacks, 0 MB globals, 16 P
gc 2725 @9.061s 7%: 0.13+0.56+0.12 ms clock, 2.2+0.64/0.96/0.010+1.9 ms cpu, 4->4->2 MB, 4 MB goal, 0 MB stacks, 0 MB globals, 16 P
gc 2726 @9.063s 7%: 0.11+0.57+0.092 ms clock, 1.7+0.45/0.92/0.023+1.4 ms cpu, 4->4->2 MB, 4 MB goal, 0 MB stacks, 0 MB globals, 16 P
gc 2727 @9.064s 7%: 0.11+0.49+0.14 ms clock, 1.7+0.62/0.84/0+2.3 ms cpu, 3->4->2 MB, 4 MB goal, 0 MB stacks, 0 MB globals, 16 P
gc 2728 @9.066s 7%: 0.12+0.66+0.064 ms clock, 1.9+0.58/1.1/0+1.0 ms cpu, 3->4->2 MB, 4 MB goal, 0 MB stacks, 0 MB globals, 16 P
gc 2729 @9.068s 7%: 0.092+0.60+0.12 ms clock, 1.4+0.56/1.0/0+2.0 ms cpu, 4->4->2 MB, 5 MB goal, 0 MB stacks, 0 MB globals, 16 P
gc 2730 @9.069s 7%: 0.15+0.76+0.17 ms clock, 2.5+0.66/1.0/0+2.8 ms cpu, 4->5->2 MB, 4 MB goal, 0 MB stacks, 0 MB globals, 16 P
gc 2731 @9.072s 7%: 0.11+0.60+0.17 ms clock, 1.8+0.57/0.93/0+2.8 ms cpu, 4->5->2 MB, 5 MB goal, 0 MB stacks, 0 MB globals, 16 P
gc 2732 @9.074s 7%: 0.12+0.59+0.15 ms clock, 1.9+0.52/0.92/0+2.5 ms cpu, 4->4->2 MB, 4 MB goal, 0 MB stacks, 0 MB globals, 16 P
gc 2733 @9.075s 7%: 0.19+0.69+0.15 ms clock, 3.0+0.71/1.0/0+2.4 ms cpu, 4->4->2 MB, 4 MB goal, 0 MB stacks, 0 MB globals, 16 P
gc 2734 @9.077s 7%: 0.11+0.63+0.18 ms clock, 1.9+0.69/1.0/0+3.0 ms cpu, 4->4->2 MB, 5 MB goal, 0 MB stacks, 0 MB globals, 16 P
gc 2735 @9.079s 7%: 0.14+0.51+0.12 ms clock, 2.3+0.58/0.75/0+1.9 ms cpu, 4->4->1 MB, 4 MB goal, 0 MB stacks, 0 MB globals, 16 P
gc 2736 @9.080s 7%: 0.16+0.59+0.19 ms clock, 2.6+0.61/0.99/0+3.1 ms cpu, 3->4->2 MB, 4 MB goal, 0 MB stacks, 0 MB globals, 16 P
gc 2737 @9.082s 7%: 0.096+0.54+0.22 ms clock, 1.5+0.60/0.94/0+3.5 ms cpu, 4->4->2 MB, 5 MB goal, 0 MB stacks, 0 MB globals, 16 P
gc 2738 @9.084s 7%: 0.11+0.54+0.13 ms clock, 1.8+0.69/1.0/0+2.1 ms cpu, 3->4->2 MB, 4 MB goal, 0 MB stacks, 0 MB globals, 16 P
gc 2739 @9.085s 7%: 0.13+0.66+0.18 ms clock, 2.1+0.61/0.90/0+2.9 ms cpu, 3->4->2 MB, 4 MB goal, 0 MB stacks, 0 MB globals, 16 P
gc 2740 @9.087s 7%: 0.14+0.56+0.18 ms clock, 2.2+0.53/0.97/0.036+2.9 ms cpu, 4->4->2 MB, 4 MB goal, 0 MB stacks, 0 MB globals, 16 P
gc 2741 @9.089s 7%: 0.14+0.72+0.11 ms clock, 2.3+0.58/1.0/0+1.9 ms cpu, 4->5->2 MB, 4 MB goal, 0 MB stacks, 0 MB globals, 16 P
gc 2742 @9.091s 7%: 0.11+0.58+0.15 ms clock, 1.7+0.65/0.79/0.008+2.4 ms cpu, 4->4->2 MB, 5 MB goal, 0 MB stacks, 0 MB globals, 16 P
gc 2743 @9.092s 7%: 0.10+0.78+0.16 ms clock, 1.7+0.64/1.0/0.018+2.6 ms cpu, 3->4->2 MB, 4 MB goal, 0 MB stacks, 0 MB globals, 16 P
gc 2744 @9.094s 7%: 0.15+0.70+0.12 ms clock, 2.5+0.64/0.88/0+2.0 ms cpu, 4->5->2 MB, 5 MB goal, 0 MB stacks, 0 MB globals, 16 P
gc 2745 @9.096s 7%: 0.16+0.72+0.060 ms clock, 2.5+0.64/0.88/0+0.97 ms cpu, 4->5->2 MB, 5 MB goal, 0 MB stacks, 0 MB globals, 16 P
gc 2746 @9.098s 7%: 0.10+0.67+0.16 ms clock, 1.6+0.47/1.1/0+2.7 ms cpu, 4->5->2 MB, 5 MB goal, 0 MB stacks, 0 MB globals, 16 P
gc 2747 @9.100s 7%: 0.11+0.63+0.14 ms clock, 1.8+0.70/0.90/0+2.3 ms cpu, 4->5->2 MB, 4 MB goal, 0 MB stacks, 0 MB globals, 16 P
gc 2748 @9.102s 7%: 0.11+0.95+0.10 ms clock, 1.8+0.72/0.85/0+1.7 ms cpu, 4->5->2 MB, 4 MB goal, 0 MB stacks, 0 MB globals, 16 P
gc 2749 @9.104s 7%: 0.15+0.70+0.19 ms clock, 2.5+0.71/1.1/0+3.1 ms cpu, 4->5->2 MB, 5 MB goal, 0 MB stacks, 0 MB globals, 16 P
gc 2750 @9.106s 7%: 0.13+0.82+0.12 ms clock, 2.0+0.71/0.98/0+2.0 ms cpu, 4->5->2 MB, 5 MB goal, 0 MB stacks, 0 MB globals, 16 P
gc 2751 @9.108s 7%: 0.21+0.57+0.25 ms clock, 3.4+0.77/0.98/0+4.0 ms cpu, 4->5->2 MB, 5 MB goal, 0 MB stacks, 0 MB globals, 16 P
gc 2752 @9.110s 7%: 0.22+0.68+0.099 ms clock, 3.5+0.56/0.97/0+1.5 ms cpu, 4->4->2 MB, 4 MB goal, 0 MB stacks, 0 MB globals, 16 P
gc 2753 @9.112s 7%: 0.19+0.64+0.15 ms clock, 3.1+0.63/0.95/0+2.5 ms cpu, 4->5->2 MB, 5 MB goal, 0 MB stacks, 0 MB globals, 16 P
gc 2754 @9.114s 7%: 0.15+0.60+0.19 ms clock, 2.5+0.72/0.99/0+3.0 ms cpu, 4->5->2 MB, 5 MB goal, 0 MB stacks, 0 MB globals, 16 P
gc 2755 @9.116s 7%: 0.12+0.72+0.14 ms clock, 1.9+0.68/1.0/0+2.2 ms cpu, 4->5->2 MB, 4 MB goal, 0 MB stacks, 0 MB globals, 16 P
gc 2756 @9.118s 7%: 0.12+0.72+0.14 ms clock, 1.9+0.49/1.0/0+2.3 ms cpu, 4->5->2 MB, 5 MB goal, 0 MB stacks, 0 MB globals, 16 P
gc 2757 @9.119s 7%: 0.20+0.65+0.16 ms clock, 3.2+0.66/1.0/0+2.5 ms cpu, 4->4->2 MB, 4 MB goal, 0 MB stacks, 0 MB globals, 16 P
gc 2758 @9.121s 7%: 0.10+0.80+0.12 ms clock, 1.7+0.64/0.96/0+1.9 ms cpu, 4->5->2 MB, 5 MB goal, 0 MB stacks, 0 MB globals, 16 P
gc 2759 @9.123s 7%: 0.14+1.1+0.053 ms clock, 2.2+0.68/0.97/0+0.85 ms cpu, 4->5->2 MB, 4 MB goal, 0 MB stacks, 0 MB globals, 16 P
gc 2760 @9.125s 7%: 0.17+0.63+0.20 ms clock, 2.8+0.79/0.85/0+3.2 ms cpu, 4->5->2 MB, 5 MB goal, 0 MB stacks, 0 MB globals, 16 P
gc 2761 @9.127s 7%: 0.11+1.1+0.065 ms clock, 1.8+0.64/1.1/0+1.0 ms cpu, 4->5->2 MB, 4 MB goal, 0 MB stacks, 0 MB globals, 16 P
gc 2762 @9.130s 7%: 0.12+0.75+0.087 ms clock, 1.9+0.78/0.99/0.017+1.4 ms cpu, 4->5->2 MB, 5 MB goal, 0 MB stacks, 0 MB globals, 16 P
gc 2763 @9.132s 7%: 0.13+0.77+0.16 ms clock, 2.0+0.50/1.0/0+2.6 ms cpu, 4->5->2 MB, 5 MB goal, 0 MB stacks, 0 MB globals, 16 P
gc 2764 @9.134s 7%: 0.15+0.69+0.13 ms clock, 2.5+0.64/0.91/0+2.1 ms cpu, 4->5->2 MB, 5 MB goal, 0 MB stacks, 0 MB globals, 16 P
gc 2765 @9.136s 7%: 0.19+0.67+0.17 ms clock, 3.0+0.69/0.86/0+2.8 ms cpu, 4->5->2 MB, 4 MB goal, 0 MB stacks, 0 MB globals, 16 P
gc 2766 @9.137s 7%: 0.11+0.63+0.16 ms clock, 1.8+0.68/1.1/0+2.6 ms cpu, 4->4->2 MB, 5 MB goal, 0 MB stacks, 0 MB globals, 16 P
gc 2767 @9.139s 7%: 0.16+0.69+0.12 ms clock, 2.6+0.66/1.0/0.006+2.0 ms cpu, 3->5->2 MB, 4 MB goal, 0 MB stacks, 0 MB globals, 16 P
gc 2768 @9.141s 7%: 0.10+0.69+0.092 ms clock, 1.6+0.53/0.81/0+1.4 ms cpu, 4->5->2 MB, 5 MB goal, 0 MB stacks, 0 MB globals, 16 P
gc 2769 @9.143s 7%: 0.11+0.74+0.10 ms clock, 1.9+0.59/1.0/0+1.6 ms cpu, 4->5->2 MB, 4 MB goal, 0 MB stacks, 0 MB globals, 16 P
gc 2770 @9.145s 7%: 0.14+0.68+0.093 ms clock, 2.3+0.57/0.92/0+1.4 ms cpu, 4->4->2 MB, 4 MB goal, 0 MB stacks, 0 MB globals, 16 P
gc 2771 @9.147s 7%: 0.14+0.65+0.18 ms clock, 2.3+0.45/1.0/0+2.9 ms cpu, 4->4->2 MB, 4 MB goal, 0 MB stacks, 0 MB globals, 16 P
gc 2772 @9.148s 7%: 0.11+0.72+0.12 ms clock, 1.8+0.57/0.93/0.008+2.0 ms cpu, 4->4->2 MB, 4 MB goal, 0 MB stacks, 0 MB globals, 16 P
gc 2773 @9.150s 7%: 0.14+0.89+0.047 ms clock, 2.3+0.72/1.0/0+0.76 ms cpu, 4->5->2 MB, 4 MB goal, 0 MB stacks, 0 MB globals, 16 P
gc 2774 @9.152s 7%: 0.11+0.79+0.096 ms clock, 1.8+0.58/1.0/0.002+1.5 ms cpu, 4->5->2 MB, 5 MB goal, 0 MB stacks, 0 MB globals, 16 P
gc 2775 @9.154s 7%: 0.13+0.70+0.12 ms clock, 2.0+0.71/0.97/0+1.9 ms cpu, 4->5->2 MB, 5 MB goal, 0 MB stacks, 0 MB globals, 16 P
gc 2776 @9.156s 7%: 0.20+0.60+0.15 ms clock, 3.2+0.72/0.96/0+2.5 ms cpu, 4->5->2 MB, 4 MB goal, 0 MB stacks, 0 MB globals, 16 P
gc 2777 @9.158s 7%: 0.13+0.71+0.15 ms clock, 2.2+0.57/0.91/0+2.5 ms cpu, 4->5->2 MB, 4 MB goal, 0 MB stacks, 0 MB globals, 16 P
gc 2778 @9.159s 7%: 0.10+0.54+0.13 ms clock, 1.6+0.80/0.96/0+2.0 ms cpu, 4->4->2 MB, 4 MB goal, 0 MB stacks, 0 MB globals, 16 P
gc 2779 @9.161s 7%: 0.10+0.70+0.079 ms clock, 1.7+0.57/0.91/0.009+1.2 ms cpu, 3->4->2 MB, 4 MB goal, 0 MB stacks, 0 MB globals, 16 P
gc 2780 @9.163s 7%: 0.11+0.71+0.17 ms clock, 1.8+0.52/0.93/0+2.7 ms cpu, 4->5->2 MB, 5 MB goal, 0 MB stacks, 0 MB globals, 16 P
gc 2781 @9.165s 7%: 0.12+0.55+0.16 ms clock, 1.9+0.52/0.93/0.083+2.6 ms cpu, 4->4->1 MB, 5 MB goal, 0 MB stacks, 0 MB globals, 16 P
gc 2782 @9.166s 7%: 0.14+0.61+0.17 ms clock, 2.3+0.48/1.2/0+2.7 ms cpu, 3->4->2 MB, 4 MB goal, 0 MB stacks, 0 MB globals, 16 P
gc 2783 @9.168s 7%: 0.11+0.68+0.14 ms clock, 1.8+0.58/1.0/0+2.3 ms cpu, 4->5->2 MB, 5 MB goal, 0 MB stacks, 0 MB globals, 16 P
gc 2784 @9.170s 7%: 0.10+0.72+0.088 ms clock, 1.6+0.46/1.0/0.005+1.4 ms cpu, 4->4->2 MB, 4 MB goal, 0 MB stacks, 0 MB globals, 16 P
gc 2785 @9.172s 7%: 0.11+0.58+0.14 ms clock, 1.8+0.56/1.0/0+2.3 ms cpu, 4->4->2 MB, 4 MB goal, 0 MB stacks, 0 MB globals, 16 P
gc 2786 @9.173s 7%: 0.11+0.89+0.14 ms clock, 1.8+0.68/0.86/0.058+2.3 ms cpu, 4->4->2 MB, 4 MB goal, 0 MB stacks, 0 MB globals, 16 P
gc 2787 @9.175s 7%: 0.13+0.86+0.090 ms clock, 2.1+0.60/1.0/0+1.4 ms cpu, 4->5->2 MB, 5 MB goal, 0 MB stacks, 0 MB globals, 16 P
gc 2788 @9.177s 7%: 0.11+0.61+0.087 ms clock, 1.8+0.47/0.96/0.019+1.3 ms cpu, 4->5->2 MB, 5 MB goal, 0 MB stacks, 0 MB globals, 16 P
gc 2789 @9.179s 7%: 0.099+0.59+0.14 ms clock, 1.5+0.51/0.95/0+2.3 ms cpu, 4->4->2 MB, 4 MB goal, 0 MB stacks, 0 MB globals, 16 P
gc 2790 @9.181s 7%: 0.24+0.76+0.18 ms clock, 3.8+0.80/0.97/0+3.0 ms cpu, 3->4->2 MB, 4 MB goal, 0 MB stacks, 0 MB globals, 16 P
gc 2791 @9.183s 7%: 0.13+0.61+0.16 ms clock, 2.1+0.59/0.96/0+2.6 ms cpu, 4->5->2 MB, 5 MB goal, 0 MB stacks, 0 MB globals, 16 P
gc 2792 @9.184s 7%: 0.17+0.79+0.20 ms clock, 2.7+0.76/1.1/0+3.2 ms cpu, 3->4->2 MB, 4 MB goal, 0 MB stacks, 0 MB globals, 16 P
gc 2793 @9.186s 7%: 0.11+0.57+0.19 ms clock, 1.8+0.72/1.0/0+3.1 ms cpu, 4->5->2 MB, 5 MB goal, 0 MB stacks, 0 MB globals, 16 P
gc 2794 @9.188s 7%: 0.17+0.69+0.20 ms clock, 2.8+0.72/1.0/0+3.2 ms cpu, 3->4->2 MB, 4 MB goal, 0 MB stacks, 0 MB globals, 16 P
gc 2795 @9.190s 7%: 0.18+0.84+0.15 ms clock, 2.8+0.57/1.1/0+2.5 ms cpu, 4->5->2 MB, 5 MB goal, 0 MB stacks, 0 MB globals, 16 P
gc 2796 @9.192s 7%: 0.15+0.75+0.15 ms clock, 2.5+0.71/1.1/0+2.4 ms cpu, 4->5->2 MB, 5 MB goal, 0 MB stacks, 0 MB globals, 16 P
gc 2797 @9.195s 7%: 0.11+0.98+0.14 ms clock, 1.9+0.79/1.1/0.053+2.2 ms cpu, 4->5->2 MB, 5 MB goal, 0 MB stacks, 0 MB globals, 16 P
gc 2798 @9.197s 7%: 0.17+0.77+0.13 ms clock, 2.7+0.57/1.0/0+2.1 ms cpu, 4->5->2 MB, 5 MB goal, 0 MB stacks, 0 MB globals, 16 P
gc 2799 @9.199s 7%: 0.15+0.76+0.10 ms clock, 2.4+0.41/0.98/0+1.6 ms cpu, 4->5->2 MB, 5 MB goal, 0 MB stacks, 0 MB globals, 16 P
gc 2800 @9.201s 7%: 0.13+0.46+0.25 ms clock, 2.2+0.63/0.93/0+4.1 ms cpu, 4->4->2 MB, 5 MB goal, 0 MB stacks, 0 MB globals, 16 P
gc 2801 @9.203s 7%: 0.13+0.92+0.043 ms clock, 2.1+0.83/1.1/0+0.69 ms cpu, 3->4->2 MB, 4 MB goal, 0 MB stacks, 0 MB globals, 16 P
gc 2802 @9.205s 7%: 0.10+0.57+0.15 ms clock, 1.6+0.76/0.96/0.037+2.5 ms cpu, 4->5->2 MB, 5 MB goal, 0 MB stacks, 0 MB globals, 16 P
gc 2803 @9.206s 7%: 0.17+0.69+0.20 ms clock, 2.8+0.74/0.86/0+3.3 ms cpu, 3->4->2 MB, 4 MB goal, 0 MB stacks, 0 MB globals, 16 P
gc 2804 @9.208s 7%: 0.17+0.79+0.20 ms clock, 2.7+0.68/1.1/0.048+3.2 ms cpu, 4->4->2 MB, 4 MB goal, 0 MB stacks, 0 MB globals, 16 P
gc 2805 @9.210s 7%: 0.23+0.56+0.11 ms clock, 3.8+0.66/0.96/0+1.8 ms cpu, 4->5->2 MB, 5 MB goal, 0 MB stacks, 0 MB globals, 16 P
gc 2806 @9.212s 7%: 0.19+0.51+0.22 ms clock, 3.1+0.68/0.93/0+3.5 ms cpu, 4->5->2 MB, 5 MB goal, 0 MB stacks, 0 MB globals, 16 P
gc 2807 @9.213s 7%: 0.16+0.73+0.16 ms clock, 2.5+0.71/1.1/0+2.5 ms cpu, 4->5->2 MB, 4 MB goal, 0 MB stacks, 0 MB globals, 16 P
gc 2808 @9.215s 7%: 0.11+0.67+0.18 ms clock, 1.8+0.64/1.1/0.009+2.8 ms cpu, 4->5->2 MB, 5 MB goal, 0 MB stacks, 0 MB globals, 16 P
gc 2809 @9.217s 7%: 0.14+0.53+0.17 ms clock, 2.2+0.64/0.91/0+2.8 ms cpu, 4->4->2 MB, 4 MB goal, 0 MB stacks, 0 MB globals, 16 P
gc 2810 @9.219s 7%: 0.12+1.0+0.050 ms clock, 2.0+0.59/0.86/0+0.80 ms cpu, 4->5->2 MB, 4 MB goal, 0 MB stacks, 0 MB globals, 16 P
gc 2811 @9.221s 7%: 0.11+0.53+0.14 ms clock, 1.9+0.74/1.0/0+2.3 ms cpu, 4->5->2 MB, 5 MB goal, 0 MB stacks, 0 MB globals, 16 P
gc 2812 @9.223s 7%: 0.19+0.67+0.16 ms clock, 3.1+0.64/0.92/0+2.5 ms cpu, 3->4->2 MB, 4 MB goal, 0 MB stacks, 0 MB globals, 16 P
gc 2813 @9.225s 7%: 0.13+0.80+0.17 ms clock, 2.2+0.76/0.89/0.037+2.8 ms cpu, 4->5->2 MB, 5 MB goal, 0 MB stacks, 0 MB globals, 16 P
gc 2814 @9.227s 7%: 0.13+0.81+0.097 ms clock, 2.1+0.48/1.2/0+1.5 ms cpu, 4->5->2 MB, 5 MB goal, 0 MB stacks, 0 MB globals, 16 P
gc 2815 @9.229s 7%: 0.18+0.99+0.17 ms clock, 2.9+0.62/1.0/0+2.7 ms cpu, 4->5->2 MB, 5 MB goal, 0 MB stacks, 0 MB globals, 16 P
gc 2816 @9.231s 7%: 0.092+0.92+0.086 ms clock, 1.4+0.65/1.1/0.032+1.3 ms cpu, 4->6->2 MB, 5 MB goal, 0 MB stacks, 0 MB globals, 16 P
gc 2817 @9.234s 7%: 0.14+0.55+0.15 ms clock, 2.3+0.76/0.90/0+2.5 ms cpu, 4->5->2 MB, 5 MB goal, 0 MB stacks, 0 MB globals, 16 P
gc 2818 @9.235s 7%: 0.16+0.56+0.17 ms clock, 2.6+0.84/0.99/0+2.7 ms cpu, 4->4->2 MB, 4 MB goal, 0 MB stacks, 0 MB globals, 16 P
gc 2819 @9.237s 7%: 0.14+0.58+0.21 ms clock, 2.2+0.70/0.86/0+3.4 ms cpu, 3->4->2 MB, 4 MB goal, 0 MB stacks, 0 MB globals, 16 P
gc 2820 @9.239s 7%: 0.18+0.66+0.14 ms clock, 2.8+0.57/0.98/0.001+2.3 ms cpu, 4->5->2 MB, 5 MB goal, 0 MB stacks, 0 MB globals, 16 P
gc 2821 @9.241s 7%: 0.10+0.72+0.053 ms clock, 1.7+0.54/0.89/0+0.85 ms cpu, 4->5->2 MB, 5 MB goal, 0 MB stacks, 0 MB globals, 16 P
gc 2822 @9.243s 7%: 0.12+0.70+0.20 ms clock, 2.0+0.39/0.99/0.063+3.3 ms cpu, 4->5->2 MB, 5 MB goal, 0 MB stacks, 0 MB globals, 16 P
gc 2823 @9.245s 7%: 0.21+0.80+0.087 ms clock, 3.3+0.60/0.91/0+1.4 ms cpu, 3->5->2 MB, 4 MB goal, 0 MB stacks, 0 MB globals, 16 P
gc 2824 @9.247s 7%: 0.15+0.74+0.14 ms clock, 2.4+0.70/0.94/0+2.3 ms cpu, 4->5->2 MB, 5 MB goal, 0 MB stacks, 0 MB globals, 16 P
gc 2825 @9.249s 7%: 0.10+0.64+0.070 ms clock, 1.7+0.75/1.0/0+1.1 ms cpu, 4->5->2 MB, 4 MB goal, 0 MB stacks, 0 MB globals, 16 P
gc 2826 @9.251s 7%: 0.11+1.2+0.11 ms clock, 1.9+0.88/0.87/0+1.7 ms cpu, 4->5->2 MB, 4 MB goal, 0 MB stacks, 0 MB globals, 16 P
gc 2827 @9.254s 7%: 0.10+0.64+0.14 ms clock, 1.6+0.57/1.0/0.004+2.2 ms cpu, 5->6->2 MB, 6 MB goal, 0 MB stacks, 0 MB globals, 16 P
gc 2828 @9.255s 7%: 0.12+0.60+0.075 ms clock, 1.9+0.67/0.95/0.032+1.2 ms cpu, 4->4->2 MB, 4 MB goal, 0 MB stacks, 0 MB globals, 16 P
gc 2829 @9.257s 7%: 0.15+0.62+0.18 ms clock, 2.5+0.69/0.88/0.001+2.9 ms cpu, 4->4->2 MB, 4 MB goal, 0 MB stacks, 0 MB globals, 16 P
gc 2830 @9.259s 7%: 0.19+0.55+0.13 ms clock, 3.0+0.74/0.88/0+2.1 ms cpu, 4->4->2 MB, 4 MB goal, 0 MB stacks, 0 MB globals, 16 P
gc 2831 @9.260s 7%: 0.10+0.62+0.18 ms clock, 1.7+0.63/0.97/0.001+2.8 ms cpu, 3->4->2 MB, 4 MB goal, 0 MB stacks, 0 MB globals, 16 P
gc 2832 @9.262s 7%: 0.10+0.75+0.11 ms clock, 1.6+0.62/0.96/0.019+1.7 ms cpu, 4->4->2 MB, 4 MB goal, 0 MB stacks, 0 MB globals, 16 P
gc 2833 @9.264s 7%: 0.11+0.84+0.11 ms clock, 1.8+0.53/1.0/0+1.7 ms cpu, 4->5->2 MB, 4 MB goal, 0 MB stacks, 0 MB globals, 16 P
gc 2834 @9.266s 7%: 0.13+0.70+0.12 ms clock, 2.1+0.69/0.98/0.005+2.0 ms cpu, 4->5->2 MB, 5 MB goal, 0 MB stacks, 0 MB globals, 16 P
gc 2835 @9.268s 7%: 0.11+0.80+0.12 ms clock, 1.7+0.53/1.0/0+1.9 ms cpu, 4->5->2 MB, 4 MB goal, 0 MB stacks, 0 MB globals, 16 P
gc 2836 @9.270s 7%: 0.092+0.68+0.14 ms clock, 1.4+0.65/0.99/0.009+2.3 ms cpu, 4->5->2 MB, 5 MB goal, 0 MB stacks, 0 MB globals, 16 P
gc 2837 @9.272s 7%: 0.11+0.76+0.071 ms clock, 1.8+0.65/0.90/0+1.1 ms cpu, 4->5->2 MB, 4 MB goal, 0 MB stacks, 0 MB globals, 16 P
gc 2838 @9.274s 7%: 0.15+0.72+0.19 ms clock, 2.4+0.61/1.0/0+3.0 ms cpu, 4->5->2 MB, 4 MB goal, 0 MB stacks, 0 MB globals, 16 P
gc 2839 @9.276s 7%: 0.15+0.68+0.15 ms clock, 2.5+0.53/1.1/0+2.4 ms cpu, 4->5->2 MB, 5 MB goal, 0 MB stacks, 0 MB globals, 16 P
gc 2840 @9.278s 7%: 0.14+0.60+0.11 ms clock, 2.3+0.63/0.99/0+1.9 ms cpu, 4->5->2 MB, 5 MB goal, 0 MB stacks, 0 MB globals, 16 P
gc 2841 @9.279s 7%: 0.17+0.75+0.11 ms clock, 2.8+0.68/0.91/0+1.9 ms cpu, 4->5->2 MB, 4 MB goal, 0 MB stacks, 0 MB globals, 16 P
gc 2842 @9.281s 7%: 0.12+0.84+0.16 ms clock, 1.9+0.67/1.0/0+2.7 ms cpu, 4->5->2 MB, 5 MB goal, 0 MB stacks, 0 MB globals, 16 P
gc 2843 @9.283s 7%: 0.20+0.83+0.10 ms clock, 3.2+0.67/1.1/0+1.6 ms cpu, 4->5->2 MB, 5 MB goal, 0 MB stacks, 0 MB globals, 16 P
gc 2844 @9.286s 7%: 0.18+0.73+0.097 ms clock, 2.8+0.64/1.0/0.010+1.5 ms cpu, 4->5->2 MB, 5 MB goal, 0 MB stacks, 0 MB globals, 16 P
gc 2845 @9.288s 7%: 0.11+0.61+0.16 ms clock, 1.8+0.57/0.92/0+2.5 ms cpu, 4->5->2 MB, 5 MB goal, 0 MB stacks, 0 MB globals, 16 P
gc 2846 @9.290s 7%: 0.10+0.62+0.11 ms clock, 1.6+0.58/1.0/0.001+1.8 ms cpu, 4->4->2 MB, 4 MB goal, 0 MB stacks, 0 MB globals, 16 P
gc 2847 @9.292s 7%: 0.11+0.64+0.19 ms clock, 1.9+0.75/0.79/0+3.1 ms cpu, 4->4->2 MB, 4 MB goal, 0 MB stacks, 0 MB globals, 16 P
gc 2848 @9.293s 7%: 0.14+0.68+0.15 ms clock, 2.3+0.62/0.87/0.003+2.4 ms cpu, 4->4->2 MB, 4 MB goal, 0 MB stacks, 0 MB globals, 16 P
gc 2849 @9.295s 7%: 0.11+0.77+0.17 ms clock, 1.8+0.78/0.94/0.039+2.8 ms cpu, 4->4->2 MB, 4 MB goal, 0 MB stacks, 0 MB globals, 16 P
gc 2850 @9.297s 7%: 0.10+0.83+0.083 ms clock, 1.7+0.76/0.93/0+1.3 ms cpu, 4->5->2 MB, 5 MB goal, 0 MB stacks, 0 MB globals, 16 P
gc 2851 @9.299s 7%: 0.13+0.79+0.14 ms clock, 2.1+0.71/0.90/0+2.3 ms cpu, 4->5->2 MB, 5 MB goal, 0 MB stacks, 0 MB globals, 16 P
gc 2852 @9.301s 7%: 0.12+0.64+0.19 ms clock, 1.9+0.67/0.94/0+3.1 ms cpu, 4->5->2 MB, 5 MB goal, 0 MB stacks, 0 MB globals, 16 P
gc 2853 @9.303s 7%: 0.13+0.68+0.15 ms clock, 2.1+0.61/0.96/0+2.4 ms cpu, 4->5->2 MB, 5 MB goal, 0 MB stacks, 0 MB globals, 16 P
gc 2854 @9.305s 7%: 0.11+0.70+0.082 ms clock, 1.7+0.69/0.90/0+1.3 ms cpu, 4->4->2 MB, 4 MB goal, 0 MB stacks, 0 MB globals, 16 P
gc 2855 @9.306s 7%: 0.11+0.58+0.17 ms clock, 1.8+0.68/0.96/0+2.7 ms cpu, 4->4->2 MB, 4 MB goal, 0 MB stacks, 0 MB globals, 16 P
gc 2856 @9.308s 7%: 0.17+0.64+0.11 ms clock, 2.8+0.75/0.97/0+1.7 ms cpu, 4->4->2 MB, 4 MB goal, 0 MB stacks, 0 MB globals, 16 P
gc 2857 @9.310s 7%: 0.12+0.59+0.11 ms clock, 1.9+0.68/1.0/0+1.8 ms cpu, 4->4->2 MB, 4 MB goal, 0 MB stacks, 0 MB globals, 16 P
gc 2858 @9.312s 7%: 0.11+0.54+0.11 ms clock, 1.7+0.63/0.96/0+1.8 ms cpu, 4->4->2 MB, 4 MB goal, 0 MB stacks, 0 MB globals, 16 P
gc 2859 @9.313s 7%: 0.14+0.71+0.035 ms clock, 2.3+0.59/1.0/0.012+0.57 ms cpu, 3->4->2 MB, 4 MB goal, 0 MB stacks, 0 MB globals, 16 P
gc 2860 @9.315s 7%: 0.18+0.78+0.15 ms clock, 2.9+0.84/0.97/0.042+2.5 ms cpu, 4->5->2 MB, 5 MB goal, 0 MB stacks, 0 MB globals, 16 P
gc 2861 @9.317s 7%: 0.14+0.61+0.086 ms clock, 2.2+0.50/1.0/0+1.3 ms cpu, 4->5->2 MB, 5 MB goal, 0 MB stacks, 0 MB globals, 16 P
gc 2862 @9.319s 7%: 0.12+0.54+0.10 ms clock, 2.0+0.69/1.0/0+1.7 ms cpu, 4->4->2 MB, 4 MB goal, 0 MB stacks, 0 MB globals, 16 P
gc 2863 @9.321s 7%: 0.14+0.96+0.070 ms clock, 2.3+0.62/1.0/0+1.1 ms cpu, 3->4->2 MB, 4 MB goal, 0 MB stacks, 0 MB globals, 16 P
gc 2864 @9.323s 7%: 0.12+0.64+0.18 ms clock, 2.0+0.62/1.0/0.045+2.9 ms cpu, 4->5->2 MB, 5 MB goal, 0 MB stacks, 0 MB globals, 16 P
gc 2865 @9.324s 7%: 0.15+0.65+0.12 ms clock, 2.5+0.71/0.88/0+2.0 ms cpu, 3->4->2 MB, 4 MB goal, 0 MB stacks, 0 MB globals, 16 P
gc 2866 @9.326s 7%: 0.12+0.59+0.16 ms clock, 1.9+0.69/1.0/0+2.5 ms cpu, 4->5->2 MB, 4 MB goal, 0 MB stacks, 0 MB globals, 16 P
gc 2867 @9.328s 7%: 0.10+0.50+0.12 ms clock, 1.6+0.73/0.85/0+1.9 ms cpu, 4->4->2 MB, 5 MB goal, 0 MB stacks, 0 MB globals, 16 P
gc 2868 @9.329s 7%: 0.19+0.79+0.11 ms clock, 3.1+0.75/0.87/0+1.7 ms cpu, 3->4->2 MB, 4 MB goal, 0 MB stacks, 0 MB globals, 16 P
gc 2869 @9.332s 7%: 0.12+0.66+0.11 ms clock, 2.0+0.59/0.99/0+1.8 ms cpu, 4->5->2 MB, 5 MB goal, 0 MB stacks, 0 MB globals, 16 P
gc 2870 @9.333s 7%: 0.13+0.63+0.23 ms clock, 2.1+0.75/0.79/0+3.6 ms cpu, 4->4->2 MB, 4 MB goal, 0 MB stacks, 0 MB globals, 16 P
gc 2871 @9.335s 7%: 0.15+0.81+0.15 ms clock, 2.4+0.73/1.0/0+2.5 ms cpu, 3->4->2 MB, 4 MB goal, 0 MB stacks, 0 MB globals, 16 P
gc 2872 @9.337s 7%: 0.14+0.64+0.12 ms clock, 2.2+0.61/1.0/0+2.0 ms cpu, 4->5->2 MB, 5 MB goal, 0 MB stacks, 0 MB globals, 16 P
gc 2873 @9.339s 7%: 0.10+0.64+0.13 ms clock, 1.6+0.63/0.94/0+2.1 ms cpu, 4->5->2 MB, 5 MB goal, 0 MB stacks, 0 MB globals, 16 P
gc 2874 @9.341s 7%: 0.10+0.67+0.14 ms clock, 1.7+0.58/0.95/0+2.3 ms cpu, 3->4->2 MB, 4 MB goal, 0 MB stacks, 0 MB globals, 16 P
gc 2875 @9.343s 7%: 0.19+0.68+0.10 ms clock, 3.1+0.60/0.98/0+1.7 ms cpu, 4->4->2 MB, 4 MB goal, 0 MB stacks, 0 MB globals, 16 P
gc 2876 @9.344s 7%: 0.20+0.69+0.15 ms clock, 3.2+0.63/1.1/0+2.4 ms cpu, 3->4->2 MB, 4 MB goal, 0 MB stacks, 0 MB globals, 16 P
gc 2877 @9.346s 7%: 0.13+0.99+0.11 ms clock, 2.1+0.55/0.93/0.008+1.8 ms cpu, 4->5->2 MB, 5 MB goal, 0 MB stacks, 0 MB globals, 16 P
gc 2878 @9.349s 7%: 0.10+0.62+0.10 ms clock, 1.6+0.64/0.94/0.002+1.6 ms cpu, 4->5->2 MB, 5 MB goal, 0 MB stacks, 0 MB globals, 16 P
gc 2879 @9.350s 7%: 0.14+0.54+0.12 ms clock, 2.3+0.80/0.81/0+1.9 ms cpu, 4->4->2 MB, 4 MB goal, 0 MB stacks, 0 MB globals, 16 P
gc 2880 @9.352s 7%: 0.091+0.89+0.089 ms clock, 1.4+0.65/0.92/0.023+1.4 ms cpu, 4->5->2 MB, 4 MB goal, 0 MB stacks, 0 MB globals, 16 P
gc 2881 @9.354s 7%: 0.10+0.79+0.14 ms clock, 1.6+0.54/0.94/0+2.3 ms cpu, 4->5->2 MB, 5 MB goal, 0 MB stacks, 0 MB globals, 16 P
gc 2882 @9.356s 7%: 0.18+0.71+0.15 ms clock, 2.8+0.76/0.80/0+2.4 ms cpu, 4->5->2 MB, 5 MB goal, 0 MB stacks, 0 MB globals, 16 P
gc 2883 @9.358s 7%: 0.11+0.87+0.098 ms clock, 1.8+0.65/0.94/0+1.5 ms cpu, 4->5->2 MB, 4 MB goal, 0 MB stacks, 0 MB globals, 16 P
gc 2884 @9.361s 7%: 0.18+0.64+0.15 ms clock, 2.8+0.81/0.93/0+2.5 ms cpu, 4->5->2 MB, 5 MB goal, 0 MB stacks, 0 MB globals, 16 P
gc 2885 @9.362s 7%: 0.19+0.79+0.11 ms clock, 3.0+0.74/0.89/0+1.7 ms cpu, 4->4->2 MB, 4 MB goal, 0 MB stacks, 0 MB globals, 16 P
gc 2886 @9.364s 7%: 0.12+0.61+0.099 ms clock, 1.9+0.59/0.97/0+1.5 ms cpu, 4->5->2 MB, 5 MB goal, 0 MB stacks, 0 MB globals, 16 P
gc 2887 @9.366s 7%: 0.17+0.62+0.15 ms clock, 2.8+0.57/1.0/0.12+2.4 ms cpu, 4->4->2 MB, 4 MB goal, 0 MB stacks, 0 MB globals, 16 P
gc 2888 @9.368s 7%: 0.088+0.62+0.11 ms clock, 1.4+0.58/0.99/0.001+1.8 ms cpu, 4->4->2 MB, 4 MB goal, 0 MB stacks, 0 MB globals, 16 P
gc 2889 @9.370s 7%: 0.13+0.78+0.14 ms clock, 2.2+0.74/1.2/0+2.2 ms cpu, 3->4->2 MB, 4 MB goal, 0 MB stacks, 0 MB globals, 16 P
gc 2890 @9.372s 7%: 0.17+0.79+0.16 ms clock, 2.8+0.75/1.1/0+2.6 ms cpu, 4->5->2 MB, 5 MB goal, 0 MB stacks, 0 MB globals, 16 P
gc 2891 @9.374s 7%: 0.18+0.76+0.11 ms clock, 2.9+0.79/1.0/0.003+1.8 ms cpu, 4->5->2 MB, 5 MB goal, 0 MB stacks, 0 MB globals, 16 P
gc 2892 @9.376s 7%: 0.11+0.53+0.12 ms clock, 1.8+0.62/0.87/0+2.0 ms cpu, 4->5->2 MB, 5 MB goal, 0 MB stacks, 0 MB globals, 16 P
gc 2893 @9.377s 7%: 0.11+0.65+0.11 ms clock, 1.8+0.70/0.82/0+1.7 ms cpu, 3->4->2 MB, 4 MB goal, 0 MB stacks, 0 MB globals, 16 P
gc 2894 @9.379s 7%: 0.10+0.65+0.10 ms clock, 1.7+0.59/0.98/0.028+1.6 ms cpu, 4->4->2 MB, 4 MB goal, 0 MB stacks, 0 MB globals, 16 P
gc 2895 @9.381s 7%: 0.12+0.57+0.11 ms clock, 1.9+0.63/1.0/0.064+1.8 ms cpu, 4->4->2 MB, 4 MB goal, 0 MB stacks, 0 MB globals, 16 P
gc 2896 @9.383s 7%: 0.12+0.56+0.19 ms clock, 1.9+0.55/0.98/0+3.0 ms cpu, 3->4->2 MB, 4 MB goal, 0 MB stacks, 0 MB globals, 16 P
gc 2897 @9.384s 7%: 0.094+0.69+0.17 ms clock, 1.5+0.59/0.94/0+2.7 ms cpu, 3->4->2 MB, 4 MB goal, 0 MB stacks, 0 MB globals, 16 P
gc 2898 @9.386s 7%: 0.15+0.62+0.14 ms clock, 2.4+0.65/0.99/0+2.3 ms cpu, 4->5->2 MB, 4 MB goal, 0 MB stacks, 0 MB globals, 16 P
gc 2899 @9.388s 7%: 0.12+0.69+0.11 ms clock, 1.9+0.66/0.83/0+1.8 ms cpu, 4->4->2 MB, 4 MB goal, 0 MB stacks, 0 MB globals, 16 P
gc 2900 @9.390s 7%: 0.092+0.82+0.048 ms clock, 1.4+0.58/1.0/0+0.77 ms cpu, 4->5->2 MB, 4 MB goal, 0 MB stacks, 0 MB globals, 16 P
gc 2901 @9.392s 7%: 0.11+0.75+0.13 ms clock, 1.9+0.61/1.0/0+2.0 ms cpu, 4->5->2 MB, 5 MB goal, 0 MB stacks, 0 MB globals, 16 P
gc 2902 @9.393s 7%: 0.12+0.75+0.18 ms clock, 1.9+0.54/0.89/0.018+2.9 ms cpu, 4->5->2 MB, 5 MB goal, 0 MB stacks, 0 MB globals, 16 P
gc 2903 @9.395s 7%: 0.20+0.61+0.16 ms clock, 3.3+0.62/0.83/0.039+2.5 ms cpu, 4->5->2 MB, 5 MB goal, 0 MB stacks, 0 MB globals, 16 P
gc 2904 @9.397s 7%: 0.12+0.72+0.13 ms clock, 2.0+0.52/1.0/0+2.0 ms cpu, 4->5->2 MB, 5 MB goal, 0 MB stacks, 0 MB globals, 16 P
gc 2905 @9.399s 7%: 0.13+0.79+0.11 ms clock, 2.1+0.72/1.0/0+1.8 ms cpu, 4->5->2 MB, 4 MB goal, 0 MB stacks, 0 MB globals, 16 P
gc 2906 @9.401s 7%: 0.15+0.48+0.16 ms clock, 2.5+0.64/0.90/0.032+2.7 ms cpu, 4->5->2 MB, 5 MB goal, 0 MB stacks, 0 MB globals, 16 P
gc 2907 @9.403s 7%: 0.15+0.89+0.16 ms clock, 2.4+0.70/1.1/0+2.5 ms cpu, 3->5->2 MB, 4 MB goal, 0 MB stacks, 0 MB globals, 16 P
gc 2908 @9.405s 7%: 0.14+0.91+0.11 ms clock, 2.3+0.58/1.2/0+1.8 ms cpu, 4->5->2 MB, 5 MB goal, 0 MB stacks, 0 MB globals, 16 P
gc 2909 @9.407s 7%: 0.15+0.70+0.16 ms clock, 2.4+0.72/0.99/0+2.6 ms cpu, 4->5->2 MB, 5 MB goal, 0 MB stacks, 0 MB globals, 16 P
gc 2910 @9.409s 7%: 0.16+0.79+0.11 ms clock, 2.6+0.78/0.95/0+1.9 ms cpu, 4->5->2 MB, 4 MB goal, 0 MB stacks, 0 MB globals, 16 P
gc 2911 @9.411s 7%: 0.12+0.80+0.12 ms clock, 1.9+0.65/0.93/0+1.9 ms cpu, 4->5->2 MB, 5 MB goal, 0 MB stacks, 0 MB globals, 16 P
gc 2912 @9.413s 7%: 0.10+0.70+0.15 ms clock, 1.6+0.64/1.0/0+2.4 ms cpu, 4->5->2 MB, 5 MB goal, 0 MB stacks, 0 MB globals, 16 P
gc 2913 @9.415s 7%: 0.11+0.52+0.14 ms clock, 1.9+0.70/0.98/0+2.3 ms cpu, 4->4->2 MB, 5 MB goal, 0 MB stacks, 0 MB globals, 16 P
gc 2914 @9.417s 7%: 0.10+0.76+0.087 ms clock, 1.6+0.70/0.95/0.032+1.4 ms cpu, 3->4->2 MB, 4 MB goal, 0 MB stacks, 0 MB globals, 16 P
gc 2915 @9.418s 7%: 0.17+0.67+0.17 ms clock, 2.8+0.71/1.1/0.009+2.7 ms cpu, 4->5->2 MB, 5 MB goal, 0 MB stacks, 0 MB globals, 16 P
gc 2916 @9.421s 7%: 0.15+0.82+0.13 ms clock, 2.4+0.59/1.2/0.012+2.2 ms cpu, 4->5->2 MB, 5 MB goal, 0 MB stacks, 0 MB globals, 16 P
gc 2917 @9.423s 7%: 0.10+0.86+0.11 ms clock, 1.6+0.64/1.2/0+1.8 ms cpu, 4->5->2 MB, 5 MB goal, 0 MB stacks, 0 MB globals, 16 P
gc 2918 @9.425s 7%: 0.12+0.52+0.19 ms clock, 2.0+0.52/0.89/0+3.1 ms cpu, 4->5->2 MB, 5 MB goal, 0 MB stacks, 0 MB globals, 16 P
gc 2919 @9.426s 7%: 0.14+0.82+0.099 ms clock, 2.3+0.61/1.0/0+1.5 ms cpu, 3->4->2 MB, 4 MB goal, 0 MB stacks, 0 MB globals, 16 P
gc 2920 @9.428s 7%: 0.096+0.57+0.18 ms clock, 1.5+0.67/0.87/0.030+2.9 ms cpu, 4->5->2 MB, 5 MB goal, 0 MB stacks, 0 MB globals, 16 P
gc 2921 @9.430s 7%: 0.071+0.77+0.092 ms clock, 1.1+0.59/1.0/0+1.4 ms cpu, 3->4->2 MB, 4 MB goal, 0 MB stacks, 0 MB globals, 16 P
gc 2922 @9.432s 7%: 0.13+0.79+0.078 ms clock, 2.1+0.66/0.93/0+1.2 ms cpu, 4->5->2 MB, 5 MB goal, 0 MB stacks, 0 MB globals, 16 P
gc 2923 @9.434s 7%: 0.17+0.66+0.17 ms clock, 2.8+0.55/0.86/0+2.7 ms cpu, 4->5->2 MB, 5 MB goal, 0 MB stacks, 0 MB globals, 16 P
gc 2924 @9.436s 7%: 0.16+0.62+0.14 ms clock, 2.5+0.72/1.0/0+2.3 ms cpu, 4->4->2 MB, 4 MB goal, 0 MB stacks, 0 MB globals, 16 P
gc 2925 @9.438s 7%: 0.095+0.76+0.14 ms clock, 1.5+0.51/0.94/0+2.2 ms cpu, 4->5->2 MB, 5 MB goal, 0 MB stacks, 0 MB globals, 16 P
gc 2926 @9.440s 7%: 0.10+0.86+0.071 ms clock, 1.6+0.63/1.1/0.031+1.1 ms cpu, 4->5->2 MB, 5 MB goal, 0 MB stacks, 0 MB globals, 16 P
gc 2927 @9.442s 7%: 0.17+0.74+0.084 ms clock, 2.7+0.65/0.99/0.052+1.3 ms cpu, 4->5->2 MB, 5 MB goal, 0 MB stacks, 0 MB globals, 16 P
gc 2928 @9.444s 7%: 0.11+0.60+0.099 ms clock, 1.8+0.54/0.98/0+1.5 ms cpu, 4->5->2 MB, 5 MB goal, 0 MB stacks, 0 MB globals, 16 P
gc 2929 @9.446s 7%: 0.11+0.85+0.10 ms clock, 1.7+0.59/0.98/0+1.6 ms cpu, 4->5->2 MB, 4 MB goal, 0 MB stacks, 0 MB globals, 16 P
gc 2930 @9.448s 7%: 0.11+0.69+0.15 ms clock, 1.8+0.77/0.78/0+2.4 ms cpu, 4->5->2 MB, 5 MB goal, 0 MB stacks, 0 MB globals, 16 P
gc 2931 @9.450s 7%: 0.11+0.60+0.15 ms clock, 1.8+0.59/1.1/0+2.4 ms cpu, 4->4->2 MB, 4 MB goal, 0 MB stacks, 0 MB globals, 16 P
gc 2932 @9.451s 7%: 0.14+0.91+0.12 ms clock, 2.3+0.60/0.99/0+2.0 ms cpu, 3->4->2 MB, 4 MB goal, 0 MB stacks, 0 MB globals, 16 P
gc 2933 @9.454s 7%: 0.10+0.92+0.076 ms clock, 1.7+0.58/1.1/0+1.2 ms cpu, 4->5->2 MB, 5 MB goal, 0 MB stacks, 0 MB globals, 16 P
gc 2934 @9.456s 7%: 0.13+0.56+0.18 ms clock, 2.2+0.64/0.97/0+3.0 ms cpu, 4->5->2 MB, 5 MB goal, 0 MB stacks, 0 MB globals, 16 P
gc 2935 @9.457s 7%: 0.13+0.75+0.081 ms clock, 2.1+0.58/0.96/0.058+1.3 ms cpu, 4->4->2 MB, 4 MB goal, 0 MB stacks, 0 MB globals, 16 P
gc 2936 @9.459s 7%: 0.12+0.83+0.10 ms clock, 2.0+0.88/1.0/0+1.6 ms cpu, 4->5->2 MB, 4 MB goal, 0 MB stacks, 0 MB globals, 16 P
gc 2937 @9.461s 7%: 0.10+1.1+0.095 ms clock, 1.6+0.66/0.99/0+1.5 ms cpu, 4->5->2 MB, 5 MB goal, 0 MB stacks, 0 MB globals, 16 P
gc 2938 @9.464s 7%: 0.26+0.62+0.19 ms clock, 4.2+0.65/0.98/0+3.1 ms cpu, 4->5->2 MB, 5 MB goal, 0 MB stacks, 0 MB globals, 16 P
gc 2939 @9.465s 7%: 0.13+0.62+0.11 ms clock, 2.1+0.62/1.0/0+1.8 ms cpu, 3->4->2 MB, 4 MB goal, 0 MB stacks, 0 MB globals, 16 P
gc 2940 @9.467s 7%: 0.13+0.72+0.15 ms clock, 2.1+0.59/0.92/0+2.4 ms cpu, 4->5->2 MB, 4 MB goal, 0 MB stacks, 0 MB globals, 16 P
gc 2941 @9.469s 7%: 0.10+0.79+0.072 ms clock, 1.6+0.59/0.91/0+1.1 ms cpu, 4->5->2 MB, 4 MB goal, 0 MB stacks, 0 MB globals, 16 P
gc 2942 @9.471s 7%: 0.16+0.54+0.18 ms clock, 2.6+0.52/1.0/0+2.9 ms cpu, 4->4->2 MB, 5 MB goal, 0 MB stacks, 0 MB globals, 16 P
gc 2943 @9.472s 7%: 0.22+0.77+0.13 ms clock, 3.5+0.67/1.0/0+2.0 ms cpu, 3->4->2 MB, 4 MB goal, 0 MB stacks, 0 MB globals, 16 P
gc 2944 @9.475s 7%: 0.21+0.56+0.17 ms clock, 3.4+0.78/0.95/0+2.8 ms cpu, 4->5->2 MB, 5 MB goal, 0 MB stacks, 0 MB globals, 16 P
gc 2945 @9.476s 7%: 0.12+0.58+0.10 ms clock, 2.0+0.75/0.78/0+1.6 ms cpu, 3->4->2 MB, 4 MB goal, 0 MB stacks, 0 MB globals, 16 P
gc 2946 @9.478s 7%: 0.16+0.54+0.084 ms clock, 2.6+0.77/0.79/0+1.3 ms cpu, 4->4->2 MB, 5 MB goal, 0 MB stacks, 0 MB globals, 16 P
gc 2947 @9.480s 7%: 0.12+0.73+0.081 ms clock, 1.9+0.52/1.2/0+1.3 ms cpu, 3->4->2 MB, 4 MB goal, 0 MB stacks, 0 MB globals, 16 P
gc 2948 @9.482s 7%: 0.17+0.63+0.12 ms clock, 2.8+0.74/0.98/0+1.9 ms cpu, 4->5->2 MB, 4 MB goal, 0 MB stacks, 0 MB globals, 16 P
gc 2949 @9.483s 7%: 0.14+0.69+0.15 ms clock, 2.2+0.49/1.1/0+2.5 ms cpu, 3->4->2 MB, 4 MB goal, 0 MB stacks, 0 MB globals, 16 P
gc 2950 @9.485s 7%: 0.10+0.81+0.10 ms clock, 1.6+0.60/1.0/0+1.6 ms cpu, 4->5->2 MB, 4 MB goal, 0 MB stacks, 0 MB globals, 16 P
gc 2951 @9.487s 7%: 0.16+0.69+0.17 ms clock, 2.6+0.62/1.0/0+2.7 ms cpu, 4->5->2 MB, 5 MB goal, 0 MB stacks, 0 MB globals, 16 P
gc 2952 @9.489s 7%: 0.10+0.67+0.16 ms clock, 1.6+0.61/1.0/0+2.6 ms cpu, 4->5->2 MB, 5 MB goal, 0 MB stacks, 0 MB globals, 16 P
gc 2953 @9.491s 7%: 0.19+0.72+0.19 ms clock, 3.0+0.49/1.0/0.014+3.0 ms cpu, 4->4->2 MB, 4 MB goal, 0 MB stacks, 0 MB globals, 16 P
gc 2954 @9.493s 7%: 0.22+0.94+0.17 ms clock, 3.6+0.74/1.1/0+2.7 ms cpu, 3->5->2 MB, 4 MB goal, 0 MB stacks, 0 MB globals, 16 P
gc 2955 @9.495s 7%: 0.15+0.56+0.18 ms clock, 2.5+0.57/0.83/0+2.9 ms cpu, 4->5->1 MB, 5 MB goal, 0 MB stacks, 0 MB globals, 16 P
gc 2956 @9.497s 7%: 0.18+0.62+0.18 ms clock, 2.9+0.79/0.80/0+3.0 ms cpu, 3->4->2 MB, 4 MB goal, 0 MB stacks, 0 MB globals, 16 P
gc 2957 @9.498s 7%: 0.13+1.0+0.061 ms clock, 2.1+0.67/0.78/0+0.98 ms cpu, 4->5->2 MB, 4 MB goal, 0 MB stacks, 0 MB globals, 16 P
gc 2958 @9.501s 7%: 0.13+0.81+0.12 ms clock, 2.1+0.59/0.95/0+2.0 ms cpu, 4->5->2 MB, 5 MB goal, 0 MB stacks, 0 MB globals, 16 P
gc 2959 @9.503s 7%: 0.10+0.59+0.092 ms clock, 1.7+0.56/1.0/0+1.4 ms cpu, 4->5->2 MB, 5 MB goal, 0 MB stacks, 0 MB globals, 16 P
gc 2960 @9.505s 7%: 0.17+0.75+0.13 ms clock, 2.7+0.89/1.1/0+2.1 ms cpu, 4->4->2 MB, 4 MB goal, 0 MB stacks, 0 MB globals, 16 P
gc 2961 @9.506s 7%: 0.13+0.64+0.069 ms clock, 2.1+0.65/0.97/0+1.1 ms cpu, 4->5->2 MB, 4 MB goal, 0 MB stacks, 0 MB globals, 16 P
gc 2962 @9.508s 7%: 0.15+0.59+0.087 ms clock, 2.4+0.77/0.82/0+1.4 ms cpu, 4->4->2 MB, 4 MB goal, 0 MB stacks, 0 MB globals, 16 P
gc 2963 @9.510s 7%: 0.14+0.66+0.19 ms clock, 2.3+0.68/0.95/0+3.1 ms cpu, 3->4->2 MB, 4 MB goal, 0 MB stacks, 0 MB globals, 16 P
gc 2964 @9.512s 7%: 0.20+0.85+0.062 ms clock, 3.2+0.80/0.90/0+1.0 ms cpu, 4->5->2 MB, 4 MB goal, 0 MB stacks, 0 MB globals, 16 P
gc 2965 @9.514s 7%: 0.11+0.72+0.14 ms clock, 1.7+0.61/0.98/0+2.3 ms cpu, 4->5->2 MB, 5 MB goal, 0 MB stacks, 0 MB globals, 16 P
gc 2966 @9.516s 7%: 0.13+0.74+0.13 ms clock, 2.1+0.74/1.1/0+2.1 ms cpu, 4->5->2 MB, 5 MB goal, 0 MB stacks, 0 MB globals, 16 P
gc 2967 @9.518s 7%: 0.11+0.50+0.20 ms clock, 1.8+0.58/0.81/0+3.2 ms cpu, 4->4->2 MB, 4 MB goal, 0 MB stacks, 0 MB globals, 16 P
gc 2968 @9.519s 7%: 0.097+0.74+0.10 ms clock, 1.5+0.67/1.1/0+1.6 ms cpu, 3->4->2 MB, 4 MB goal, 0 MB stacks, 0 MB globals, 16 P
gc 2969 @9.521s 7%: 0.12+0.90+0.082 ms clock, 2.0+0.63/0.88/0.25+1.3 ms cpu, 4->5->2 MB, 5 MB goal, 0 MB stacks, 0 MB globals, 16 P
gc 2970 @9.523s 7%: 0.14+0.75+0.12 ms clock, 2.2+0.69/0.97/0+2.0 ms cpu, 4->5->2 MB, 5 MB goal, 0 MB stacks, 0 MB globals, 16 P
gc 2971 @9.525s 7%: 0.10+0.62+0.17 ms clock, 1.7+0.71/1.1/0.001+2.7 ms cpu, 4->5->2 MB, 5 MB goal, 0 MB stacks, 0 MB globals, 16 P
gc 2972 @9.527s 7%: 0.12+0.59+0.16 ms clock, 2.0+0.55/0.98/0+2.6 ms cpu, 4->4->2 MB, 4 MB goal, 0 MB stacks, 0 MB globals, 16 P
gc 2973 @9.529s 7%: 0.10+0.62+0.057 ms clock, 1.7+0.55/0.90/0.054+0.92 ms cpu, 4->4->2 MB, 4 MB goal, 0 MB stacks, 0 MB globals, 16 P
gc 2974 @9.531s 7%: 0.12+0.53+0.17 ms clock, 1.9+0.70/0.82/0+2.7 ms cpu, 4->4->2 MB, 4 MB goal, 0 MB stacks, 0 MB globals, 16 P
gc 2975 @9.532s 7%: 0.21+0.62+0.15 ms clock, 3.4+0.68/0.99/0+2.4 ms cpu, 3->4->2 MB, 4 MB goal, 0 MB stacks, 0 MB globals, 16 P
gc 2976 @9.534s 7%: 0.12+0.72+0.19 ms clock, 2.0+0.70/0.84/0+3.0 ms cpu, 4->5->2 MB, 4 MB goal, 0 MB stacks, 0 MB globals, 16 P
gc 2977 @9.536s 7%: 0.11+0.75+0.095 ms clock, 1.8+0.70/0.91/0.010+1.5 ms cpu, 4->5->2 MB, 5 MB goal, 0 MB stacks, 0 MB globals, 16 P
gc 2978 @9.538s 7%: 0.14+0.51+0.18 ms clock, 2.3+0.60/0.75/0.16+2.9 ms cpu, 4->4->2 MB, 5 MB goal, 0 MB stacks, 0 MB globals, 16 P
gc 2979 @9.540s 7%: 0.19+0.62+0.15 ms clock, 3.0+0.71/0.93/0+2.4 ms cpu, 3->4->2 MB, 4 MB goal, 0 MB stacks, 0 MB globals, 16 P
gc 2980 @9.541s 7%: 0.10+0.56+0.10 ms clock, 1.6+0.46/0.97/0+1.7 ms cpu, 4->4->2 MB, 4 MB goal, 0 MB stacks, 0 MB globals, 16 P
gc 2981 @9.543s 7%: 0.19+0.71+0.077 ms clock, 3.0+0.74/0.91/0+1.2 ms cpu, 3->4->2 MB, 4 MB goal, 0 MB stacks, 0 MB globals, 16 P
gc 2982 @9.545s 7%: 0.11+0.85+0.12 ms clock, 1.9+0.64/1.0/0+1.9 ms cpu, 4->5->2 MB, 5 MB goal, 0 MB stacks, 0 MB globals, 16 P
gc 2983 @9.547s 7%: 0.10+0.74+0.096 ms clock, 1.7+0.62/0.96/0+1.5 ms cpu, 4->5->2 MB, 5 MB goal, 0 MB stacks, 0 MB globals, 16 P
gc 2984 @9.549s 7%: 0.13+0.63+0.11 ms clock, 2.1+0.53/1.0/0+1.8 ms cpu, 4->4->2 MB, 4 MB goal, 0 MB stacks, 0 MB globals, 16 P
gc 2985 @9.551s 7%: 0.11+0.63+0.095 ms clock, 1.7+0.37/0.90/0+1.5 ms cpu, 4->4->2 MB, 4 MB goal, 0 MB stacks, 0 MB globals, 16 P
gc 2986 @9.552s 7%: 0.19+0.71+0.16 ms clock, 3.0+0.66/0.89/0+2.5 ms cpu, 3->4->2 MB, 4 MB goal, 0 MB stacks, 0 MB globals, 16 P
gc 2987 @9.554s 7%: 0.17+0.75+0.099 ms clock, 2.8+0.61/1.0/0+1.5 ms cpu, 4->5->2 MB, 5 MB goal, 0 MB stacks, 0 MB globals, 16 P
gc 2988 @9.557s 7%: 0.16+0.61+0.13 ms clock, 2.6+0.59/0.93/0+2.1 ms cpu, 4->5->2 MB, 5 MB goal, 0 MB stacks, 0 MB globals, 16 P
gc 2989 @9.558s 7%: 0.26+0.63+0.21 ms clock, 4.2+0.55/0.98/0+3.3 ms cpu, 3->4->2 MB, 4 MB goal, 0 MB stacks, 0 MB globals, 16 P
gc 2990 @9.560s 7%: 0.17+0.73+0.12 ms clock, 2.8+0.56/0.92/0+2.0 ms cpu, 4->5->2 MB, 4 MB goal, 0 MB stacks, 0 MB globals, 16 P
gc 2991 @9.562s 7%: 0.11+0.71+0.12 ms clock, 1.8+0.56/1.0/0.002+2.0 ms cpu, 4->5->2 MB, 5 MB goal, 0 MB stacks, 0 MB globals, 16 P
gc 2992 @9.564s 7%: 0.11+0.69+0.15 ms clock, 1.9+0.58/0.87/0+2.4 ms cpu, 4->4->2 MB, 4 MB goal, 0 MB stacks, 0 MB globals, 16 P
gc 2993 @9.566s 7%: 0.10+0.58+0.091 ms clock, 1.7+0.53/1.0/0.021+1.4 ms cpu, 4->4->2 MB, 4 MB goal, 0 MB stacks, 0 MB globals, 16 P
gc 2994 @9.567s 7%: 0.10+0.80+0.065 ms clock, 1.6+0.54/1.0/0.036+1.0 ms cpu, 3->4->2 MB, 4 MB goal, 0 MB stacks, 0 MB globals, 16 P
gc 2995 @9.569s 7%: 0.14+0.73+0.14 ms clock, 2.3+0.68/0.85/0+2.2 ms cpu, 4->4->2 MB, 4 MB goal, 0 MB stacks, 0 MB globals, 16 P
gc 2996 @9.571s 7%: 0.14+0.74+0.19 ms clock, 2.2+0.69/0.92/0+3.1 ms cpu, 4->5->2 MB, 5 MB goal, 0 MB stacks, 0 MB globals, 16 P
gc 2997 @9.573s 7%: 0.11+0.74+0.14 ms clock, 1.7+0.54/0.96/0.070+2.2 ms cpu, 4->5->2 MB, 5 MB goal, 0 MB stacks, 0 MB globals, 16 P
gc 2998 @9.575s 7%: 0.14+0.70+0.19 ms clock, 2.3+0.69/0.90/0+3.0 ms cpu, 4->5->2 MB, 4 MB goal, 0 MB stacks, 0 MB globals, 16 P
gc 2999 @9.577s 7%: 0.12+0.89+0.10 ms clock, 2.0+0.57/0.93/0+1.6 ms cpu, 4->5->2 MB, 4 MB goal, 0 MB stacks, 0 MB globals, 16 P
gc 3000 @9.579s 7%: 0.11+0.58+0.14 ms clock, 1.7+0.61/0.98/0+2.2 ms cpu, 4->5->2 MB, 5 MB goal, 0 MB stacks, 0 MB globals, 16 P
gc 3001 @9.581s 7%: 0.099+0.56+0.17 ms clock, 1.5+0.40/0.85/0.15+2.8 ms cpu, 4->4->2 MB, 4 MB goal, 0 MB stacks, 0 MB globals, 16 P
gc 3002 @9.582s 7%: 0.18+0.55+0.17 ms clock, 2.9+0.58/1.0/0.006+2.8 ms cpu, 3->4->2 MB, 4 MB goal, 0 MB stacks, 0 MB globals, 16 P
gc 3003 @9.584s 7%: 0.12+0.77+0.13 ms clock, 2.0+0.67/0.99/0+2.1 ms cpu, 3->4->2 MB, 4 MB goal, 0 MB stacks, 0 MB globals, 16 P
gc 3004 @9.586s 7%: 0.11+0.50+0.20 ms clock, 1.8+0.57/1.0/0.005+3.3 ms cpu, 4->5->2 MB, 5 MB goal, 0 MB stacks, 0 MB globals, 16 P
gc 3005 @9.588s 7%: 0.12+0.63+0.21 ms clock, 2.0+0.74/0.91/0+3.4 ms cpu, 3->4->2 MB, 4 MB goal, 0 MB stacks, 0 MB globals, 16 P
gc 3006 @9.589s 7%: 0.18+0.77+0.10 ms clock, 3.0+0.72/0.91/0+1.7 ms cpu, 3->4->2 MB, 4 MB goal, 0 MB stacks, 0 MB globals, 16 P
gc 3007 @9.591s 7%: 0.10+0.82+0.12 ms clock, 1.6+0.62/1.1/0.004+1.9 ms cpu, 4->5->2 MB, 5 MB goal, 0 MB stacks, 0 MB globals, 16 P
gc 3008 @9.594s 7%: 0.13+0.74+0.14 ms clock, 2.1+0.48/0.94/0.060+2.3 ms cpu, 4->5->2 MB, 5 MB goal, 0 MB stacks, 0 MB globals, 16 P
gc 3009 @9.595s 7%: 0.16+0.65+0.14 ms clock, 2.6+0.77/0.90/0+2.3 ms cpu, 3->4->2 MB, 4 MB goal, 0 MB stacks, 0 MB globals, 16 P
gc 3010 @9.597s 7%: 0.12+0.73+0.15 ms clock, 1.9+0.58/1.0/0.012+2.4 ms cpu, 4->5->2 MB, 4 MB goal, 0 MB stacks, 0 MB globals, 16 P
gc 3011 @9.599s 7%: 0.12+0.55+0.15 ms clock, 1.9+0.61/0.98/0+2.4 ms cpu, 4->5->2 MB, 5 MB goal, 0 MB stacks, 0 MB globals, 16 P
gc 3012 @9.601s 7%: 0.12+0.71+0.10 ms clock, 2.0+0.46/0.97/0.003+1.6 ms cpu, 4->4->2 MB, 4 MB goal, 0 MB stacks, 0 MB globals, 16 P
gc 3013 @9.602s 7%: 0.12+0.73+0.22 ms clock, 1.9+0.61/1.1/0+3.6 ms cpu, 4->5->2 MB, 4 MB goal, 0 MB stacks, 0 MB globals, 16 P
gc 3014 @9.604s 7%: 0.13+0.65+0.095 ms clock, 2.1+0.48/1.0/0+1.5 ms cpu, 4->5->2 MB, 5 MB goal, 0 MB stacks, 0 MB globals, 16 P
gc 3015 @9.606s 7%: 0.12+0.59+0.13 ms clock, 2.0+0.49/0.96/0.008+2.2 ms cpu, 4->4->2 MB, 4 MB goal, 0 MB stacks, 0 MB globals, 16 P
gc 3016 @9.608s 7%: 0.10+0.58+0.15 ms clock, 1.7+0.60/1.0/0+2.4 ms cpu, 4->4->2 MB, 4 MB goal, 0 MB stacks, 0 MB globals, 16 P
gc 3017 @9.610s 7%: 0.13+0.78+0.083 ms clock, 2.2+0.65/0.95/0+1.3 ms cpu, 4->4->2 MB, 4 MB goal, 0 MB stacks, 0 MB globals, 16 P
gc 3018 @9.611s 7%: 0.15+0.56+0.16 ms clock, 2.4+0.65/1.0/0+2.6 ms cpu, 4->4->2 MB, 4 MB goal, 0 MB stacks, 0 MB globals, 16 P
gc 3019 @9.613s 7%: 0.13+0.57+0.15 ms clock, 2.0+0.48/1.0/0+2.4 ms cpu, 4->4->2 MB, 4 MB goal, 0 MB stacks, 0 MB globals, 16 P
gc 3020 @9.615s 7%: 0.17+0.66+0.19 ms clock, 2.8+0.67/0.93/0+3.0 ms cpu, 3->4->2 MB, 4 MB goal, 0 MB stacks, 0 MB globals, 16 P
gc 3021 @9.617s 7%: 0.16+0.59+0.17 ms clock, 2.6+0.68/0.89/0+2.7 ms cpu, 4->4->2 MB, 4 MB goal, 0 MB stacks, 0 MB globals, 16 P
gc 3022 @9.618s 7%: 0.18+0.87+0.073 ms clock, 2.8+0.63/1.1/0+1.1 ms cpu, 3->4->2 MB, 4 MB goal, 0 MB stacks, 0 MB globals, 16 P
gc 3023 @9.620s 7%: 0.10+0.79+0.10 ms clock, 1.6+0.63/1.0/0+1.7 ms cpu, 4->5->2 MB, 5 MB goal, 0 MB stacks, 0 MB globals, 16 P
gc 3024 @9.622s 7%: 0.094+0.67+0.18 ms clock, 1.5+0.66/0.91/0+2.9 ms cpu, 4->5->2 MB, 5 MB goal, 0 MB stacks, 0 MB globals, 16 P
gc 3025 @9.624s 7%: 0.13+0.71+0.15 ms clock, 2.1+0.58/1.0/0.002+2.4 ms cpu, 4->4->2 MB, 4 MB goal, 0 MB stacks, 0 MB globals, 16 P
gc 3026 @9.626s 7%: 0.12+0.68+0.17 ms clock, 2.0+0.62/1.1/0.052+2.8 ms cpu, 4->5->2 MB, 5 MB goal, 0 MB stacks, 0 MB globals, 16 P
gc 3027 @9.628s 7%: 0.16+0.64+0.19 ms clock, 2.5+0.65/1.1/0+3.1 ms cpu, 3->4->2 MB, 4 MB goal, 0 MB stacks, 0 MB globals, 16 P
gc 3028 @9.630s 7%: 0.17+0.62+0.12 ms clock, 2.7+0.65/1.0/0.010+2.0 ms cpu, 4->5->2 MB, 5 MB goal, 0 MB stacks, 0 MB globals, 16 P
gc 3029 @9.632s 7%: 0.12+0.69+0.075 ms clock, 1.9+0.69/0.83/0+1.2 ms cpu, 4->4->2 MB, 4 MB goal, 0 MB stacks, 0 MB globals, 16 P
gc 3030 @9.633s 7%: 0.10+0.66+0.10 ms clock, 1.7+0.64/0.97/0+1.7 ms cpu, 4->4->2 MB, 4 MB goal, 0 MB stacks, 0 MB globals, 16 P
gc 3031 @9.635s 7%: 0.11+0.59+0.14 ms clock, 1.8+0.50/0.84/0+2.2 ms cpu, 3->4->2 MB, 4 MB goal, 0 MB stacks, 0 MB globals, 16 P
gc 3032 @9.637s 7%: 0.11+0.52+0.098 ms clock, 1.7+0.52/1.0/0.001+1.5 ms cpu, 3->4->2 MB, 4 MB goal, 0 MB stacks, 0 MB globals, 16 P
gc 3033 @9.638s 7%: 0.12+0.69+0.15 ms clock, 2.0+0.45/0.96/0+2.4 ms cpu, 3->4->2 MB, 4 MB goal, 0 MB stacks, 0 MB globals, 16 P
gc 3034 @9.640s 7%: 0.14+0.75+0.14 ms clock, 2.2+0.57/0.99/0+2.3 ms cpu, 3->4->2 MB, 4 MB goal, 0 MB stacks, 0 MB globals, 16 P
gc 3035 @9.642s 7%: 0.10+0.62+0.14 ms clock, 1.6+0.71/0.82/0+2.3 ms cpu, 4->5->2 MB, 5 MB goal, 0 MB stacks, 0 MB globals, 16 P
gc 3036 @9.644s 7%: 0.12+0.68+0.11 ms clock, 1.9+0.73/0.96/0+1.7 ms cpu, 3->4->2 MB, 4 MB goal, 0 MB stacks, 0 MB globals, 16 P
gc 3037 @9.646s 7%: 0.13+0.70+0.14 ms clock, 2.1+0.66/0.95/0+2.3 ms cpu, 4->5->2 MB, 5 MB goal, 0 MB stacks, 0 MB globals, 16 P
gc 3038 @9.648s 7%: 0.14+0.58+0.22 ms clock, 2.3+0.77/0.85/0+3.6 ms cpu, 4->4->2 MB, 5 MB goal, 0 MB stacks, 0 MB globals, 16 P
gc 3039 @9.649s 7%: 0.19+0.81+0.14 ms clock, 3.1+0.72/0.81/0+2.2 ms cpu, 3->4->2 MB, 4 MB goal, 0 MB stacks, 0 MB globals, 16 P
gc 3040 @9.651s 7%: 0.10+0.72+0.098 ms clock, 1.7+0.63/1.2/0.005+1.5 ms cpu, 4->5->2 MB, 5 MB goal, 0 MB stacks, 0 MB globals, 16 P
gc 3041 @9.653s 7%: 0.13+0.67+0.18 ms clock, 2.1+0.65/0.90/0+2.9 ms cpu, 4->4->2 MB, 4 MB goal, 0 MB stacks, 0 MB globals, 16 P
gc 3042 @9.655s 7%: 0.17+0.53+0.19 ms clock, 2.7+0.86/0.86/0+3.1 ms cpu, 3->4->2 MB, 4 MB goal, 0 MB stacks, 0 MB globals, 16 P
gc 3043 @9.656s 7%: 0.20+0.85+0.25 ms clock, 3.2+0.79/0.93/0+4.0 ms cpu, 3->4->2 MB, 4 MB goal, 0 MB stacks, 0 MB globals, 16 P
gc 3044 @9.659s 7%: 0.20+0.56+0.11 ms clock, 3.2+0.75/0.97/0+1.8 ms cpu, 4->5->2 MB, 5 MB goal, 0 MB stacks, 0 MB globals, 16 P
gc 3045 @9.660s 7%: 0.14+0.67+0.18 ms clock, 2.3+0.76/0.95/0+2.8 ms cpu, 4->5->2 MB, 4 MB goal, 0 MB stacks, 0 MB globals, 16 P
gc 3046 @9.662s 7%: 0.12+0.63+0.12 ms clock, 2.0+0.65/0.84/0+1.9 ms cpu, 4->4->2 MB, 4 MB goal, 0 MB stacks, 0 MB globals, 16 P
gc 3047 @9.664s 7%: 0.18+0.74+0.26 ms clock, 2.8+0.78/1.1/0+4.2 ms cpu, 3->4->2 MB, 4 MB goal, 0 MB stacks, 0 MB globals, 16 P
gc 3048 @9.666s 7%: 0.11+0.56+0.12 ms clock, 1.8+0.71/1.0/0+2.0 ms cpu, 4->5->2 MB, 5 MB goal, 0 MB stacks, 0 MB globals, 16 P
gc 3049 @9.667s 7%: 0.23+0.76+0.091 ms clock, 3.7+0.74/1.0/0+1.4 ms cpu, 3->4->2 MB, 4 MB goal, 0 MB stacks, 0 MB globals, 16 P
gc 3050 @9.669s 7%: 0.11+0.60+0.12 ms clock, 1.7+0.53/0.90/0.026+2.0 ms cpu, 4->5->2 MB, 5 MB goal, 0 MB stacks, 0 MB globals, 16 P
gc 3051 @9.671s 7%: 0.12+0.59+0.19 ms clock, 2.0+0.70/0.81/0+3.0 ms cpu, 3->4->2 MB, 4 MB goal, 0 MB stacks, 0 MB globals, 16 P
gc 3052 @9.673s 7%: 0.11+0.69+0.057 ms clock, 1.9+0.57/1.0/0+0.91 ms cpu, 3->4->2 MB, 4 MB goal, 0 MB stacks, 0 MB globals, 16 P
gc 3053 @9.674s 7%: 0.15+0.51+0.13 ms clock, 2.4+0.56/0.91/0+2.1 ms cpu, 4->4->2 MB, 4 MB goal, 0 MB stacks, 0 MB globals, 16 P
gc 3054 @9.676s 7%: 0.11+0.70+0.16 ms clock, 1.8+0.61/0.94/0+2.6 ms cpu, 3->4->2 MB, 4 MB goal, 0 MB stacks, 0 MB globals, 16 P
gc 3055 @9.678s 7%: 0.25+0.56+0.17 ms clock, 4.1+0.82/0.87/0+2.7 ms cpu, 4->5->2 MB, 4 MB goal, 0 MB stacks, 0 MB globals, 16 P
gc 3056 @9.679s 7%: 0.12+0.70+0.21 ms clock, 2.0+0.52/1.1/0+3.4 ms cpu, 4->4->2 MB, 5 MB goal, 0 MB stacks, 0 MB globals, 16 P
gc 3057 @9.681s 7%: 0.15+0.67+0.15 ms clock, 2.4+0.85/0.90/0+2.5 ms cpu, 4->5->2 MB, 4 MB goal, 0 MB stacks, 0 MB globals, 16 P
gc 3058 @9.683s 7%: 0.13+0.70+0.14 ms clock, 2.1+0.74/0.86/0+2.3 ms cpu, 4->5->2 MB, 5 MB goal, 0 MB stacks, 0 MB globals, 16 P
gc 3059 @9.685s 7%: 0.12+0.53+0.17 ms clock, 2.0+0.56/0.88/0+2.7 ms cpu, 4->4->2 MB, 4 MB goal, 0 MB stacks, 0 MB globals, 16 P
gc 3060 @9.687s 7%: 0.11+0.60+0.094 ms clock, 1.7+0.59/0.99/0+1.5 ms cpu, 3->4->2 MB, 4 MB goal, 0 MB stacks, 0 MB globals, 16 P
gc 3061 @9.689s 7%: 0.20+0.63+0.16 ms clock, 3.2+0.79/1.0/0+2.5 ms cpu, 4->4->2 MB, 4 MB goal, 0 MB stacks, 0 MB globals, 16 P
gc 3062 @9.690s 7%: 0.17+0.84+0.12 ms clock, 2.7+0.62/0.93/0+2.0 ms cpu, 4->5->2 MB, 4 MB goal, 0 MB stacks, 0 MB globals, 16 P
gc 3063 @9.693s 7%: 0.11+0.52+0.19 ms clock, 1.8+0.58/1.0/0+3.0 ms cpu, 4->5->2 MB, 5 MB goal, 0 MB stacks, 0 MB globals, 16 P
gc 3064 @9.694s 7%: 0.14+0.73+0.12 ms clock, 2.2+0.72/0.84/0+1.9 ms cpu, 3->4->2 MB, 4 MB goal, 0 MB stacks, 0 MB globals, 16 P
gc 3065 @9.696s 7%: 0.18+1.1+0.038 ms clock, 2.8+0.61/0.93/0+0.62 ms cpu, 4->5->2 MB, 4 MB goal, 0 MB stacks, 0 MB globals, 16 P
gc 3066 @9.698s 7%: 0.15+0.75+0.23 ms clock, 2.4+0.77/0.92/0.002+3.7 ms cpu, 4->5->2 MB, 5 MB goal, 0 MB stacks, 0 MB globals, 16 P
gc 3067 @9.700s 7%: 0.12+0.59+0.16 ms clock, 1.9+0.62/1.0/0+2.6 ms cpu, 4->5->2 MB, 4 MB goal, 0 MB stacks, 0 MB globals, 16 P
gc 3068 @9.702s 7%: 0.21+1.0+0.092 ms clock, 3.5+0.73/1.1/0+1.4 ms cpu, 4->5->2 MB, 4 MB goal, 0 MB stacks, 0 MB globals, 16 P
gc 3069 @9.705s 7%: 0.11+0.71+0.15 ms clock, 1.8+0.75/0.93/0+2.4 ms cpu, 4->5->2 MB, 5 MB goal, 0 MB stacks, 0 MB globals, 16 P
gc 3070 @9.707s 7%: 0.13+0.59+0.20 ms clock, 2.1+0.70/0.95/0+3.2 ms cpu, 4->5->2 MB, 5 MB goal, 0 MB stacks, 0 MB globals, 16 P
gc 3071 @9.708s 7%: 0.22+0.60+0.12 ms clock, 3.5+0.63/0.96/0+1.9 ms cpu, 4->4->2 MB, 4 MB goal, 0 MB stacks, 0 MB globals, 16 P
gc 3072 @9.710s 7%: 0.12+0.62+0.095 ms clock, 1.9+0.57/0.98/0+1.5 ms cpu, 4->5->2 MB, 4 MB goal, 0 MB stacks, 0 MB globals, 16 P
gc 3073 @9.712s 7%: 0.12+0.63+0.10 ms clock, 1.9+0.66/0.91/0+1.6 ms cpu, 4->4->2 MB, 4 MB goal, 0 MB stacks, 0 MB globals, 16 P
gc 3074 @9.714s 7%: 0.12+0.72+0.11 ms clock, 2.0+0.53/1.1/0+1.8 ms cpu, 4->5->2 MB, 4 MB goal, 0 MB stacks, 0 MB globals, 16 P
gc 3075 @9.716s 7%: 0.13+0.65+0.091 ms clock, 2.0+0.73/1.0/0+1.4 ms cpu, 4->5->2 MB, 5 MB goal, 0 MB stacks, 0 MB globals, 16 P
gc 3076 @9.718s 7%: 0.13+0.71+0.091 ms clock, 2.1+0.64/0.85/0+1.4 ms cpu, 4->5->2 MB, 4 MB goal, 0 MB stacks, 0 MB globals, 16 P
gc 3077 @9.719s 7%: 0.12+0.73+0.13 ms clock, 1.9+0.66/0.95/0+2.1 ms cpu, 4->5->2 MB, 4 MB goal, 0 MB stacks, 0 MB globals, 16 P
gc 3078 @9.721s 7%: 0.24+0.73+0.12 ms clock, 3.9+0.57/0.98/0+2.0 ms cpu, 4->5->2 MB, 5 MB goal, 0 MB stacks, 0 MB globals, 16 P
gc 3079 @9.724s 7%: 0.082+0.63+0.16 ms clock, 1.3+0.74/1.0/0.025+2.6 ms cpu, 4->5->2 MB, 5 MB goal, 0 MB stacks, 0 MB globals, 16 P
gc 3080 @9.725s 7%: 0.11+0.54+0.16 ms clock, 1.8+0.54/0.96/0+2.6 ms cpu, 3->4->2 MB, 4 MB goal, 0 MB stacks, 0 MB globals, 16 P
gc 3081 @9.727s 7%: 0.19+0.73+0.12 ms clock, 3.1+0.78/0.94/0+1.9 ms cpu, 4->4->2 MB, 4 MB goal, 0 MB stacks, 0 MB globals, 16 P
gc 3082 @9.729s 7%: 0.19+0.75+0.20 ms clock, 3.1+0.51/1.0/0+3.2 ms cpu, 4->5->2 MB, 5 MB goal, 0 MB stacks, 0 MB globals, 16 P
gc 3083 @9.731s 7%: 0.17+0.99+0.11 ms clock, 2.8+0.65/0.96/0+1.7 ms cpu, 4->5->2 MB, 4 MB goal, 0 MB stacks, 0 MB globals, 16 P
gc 3084 @9.733s 7%: 0.11+0.56+0.090 ms clock, 1.9+0.77/0.83/0.10+1.4 ms cpu, 4->5->1 MB, 5 MB goal, 0 MB stacks, 0 MB globals, 16 P
gc 3085 @9.735s 7%: 0.21+0.66+0.11 ms clock, 3.4+0.84/1.0/0+1.8 ms cpu, 3->4->2 MB, 4 MB goal, 0 MB stacks, 0 MB globals, 16 P
gc 3086 @9.737s 7%: 0.083+0.63+0.17 ms clock, 1.3+0.65/0.93/0+2.8 ms cpu, 4->5->2 MB, 4 MB goal, 0 MB stacks, 0 MB globals, 16 P
gc 3087 @9.738s 7%: 0.13+0.57+0.14 ms clock, 2.2+0.51/1.0/0+2.3 ms cpu, 4->4->2 MB, 4 MB goal, 0 MB stacks, 0 MB globals, 16 P
gc 3088 @9.740s 7%: 0.12+0.57+0.19 ms clock, 2.0+0.69/1.1/0+3.1 ms cpu, 3->4->2 MB, 4 MB goal, 0 MB stacks, 0 MB globals, 16 P
gc 3089 @9.742s 7%: 0.14+0.90+0.10 ms clock, 2.3+0.87/0.80/0+1.6 ms cpu, 4->5->2 MB, 4 MB goal, 0 MB stacks, 0 MB globals, 16 P
gc 3090 @9.744s 7%: 0.11+0.67+0.18 ms clock, 1.8+0.69/1.0/0+2.9 ms cpu, 4->5->2 MB, 5 MB goal, 0 MB stacks, 0 MB globals, 16 P
gc 3091 @9.746s 7%: 0.17+0.89+0.073 ms clock, 2.7+0.67/0.93/0+1.1 ms cpu, 3->5->2 MB, 4 MB goal, 0 MB stacks, 0 MB globals, 16 P
gc 3092 @9.748s 7%: 0.11+0.77+0.090 ms clock, 1.8+0.54/1.0/0+1.4 ms cpu, 4->5->2 MB, 5 MB goal, 0 MB stacks, 0 MB globals, 16 P
gc 3093 @9.750s 7%: 0.16+0.64+0.14 ms clock, 2.5+0.64/1.0/0+2.2 ms cpu, 4->4->2 MB, 4 MB goal, 0 MB stacks, 0 MB globals, 16 P
gc 3094 @9.752s 7%: 0.13+0.78+0.17 ms clock, 2.1+0.66/1.0/0.044+2.8 ms cpu, 4->5->2 MB, 4 MB goal, 0 MB stacks, 0 MB globals, 16 P
gc 3095 @9.754s 7%: 0.11+0.59+0.19 ms clock, 1.7+0.83/1.0/0+3.0 ms cpu, 4->5->2 MB, 5 MB goal, 0 MB stacks, 0 MB globals, 16 P
gc 3096 @9.756s 7%: 0.12+0.72+0.19 ms clock, 1.9+0.60/0.93/0+3.1 ms cpu, 4->4->2 MB, 4 MB goal, 0 MB stacks, 0 MB globals, 16 P
gc 3097 @9.757s 7%: 0.10+0.62+0.11 ms clock, 1.6+0.71/0.99/0+1.8 ms cpu, 4->5->2 MB, 4 MB goal, 0 MB stacks, 0 MB globals, 16 P
gc 3098 @9.759s 7%: 0.10+0.62+0.13 ms clock, 1.6+0.61/0.93/0+2.1 ms cpu, 3->4->2 MB, 4 MB goal, 0 MB stacks, 0 MB globals, 16 P
gc 3099 @9.761s 7%: 0.12+0.58+0.14 ms clock, 1.9+0.74/0.92/0.009+2.3 ms cpu, 4->4->2 MB, 4 MB goal, 0 MB stacks, 0 MB globals, 16 P
gc 3100 @9.763s 7%: 0.11+0.65+0.15 ms clock, 1.8+0.56/1.0/0+2.4 ms cpu, 4->5->2 MB, 4 MB goal, 0 MB stacks, 0 MB globals, 16 P
gc 3101 @9.764s 7%: 0.10+0.68+0.12 ms clock, 1.6+0.62/0.92/0.024+1.9 ms cpu, 4->5->2 MB, 5 MB goal, 0 MB stacks, 0 MB globals, 16 P
gc 3102 @9.766s 7%: 0.13+0.72+0.14 ms clock, 2.1+0.58/1.0/0+2.2 ms cpu, 4->5->2 MB, 4 MB goal, 0 MB stacks, 0 MB globals, 16 P
gc 3103 @9.768s 7%: 0.13+0.61+0.12 ms clock, 2.2+0.71/1.0/0+2.0 ms cpu, 4->5->2 MB, 5 MB goal, 0 MB stacks, 0 MB globals, 16 P
gc 3104 @9.770s 7%: 0.15+0.56+0.10 ms clock, 2.4+0.56/0.95/0.013+1.6 ms cpu, 4->4->2 MB, 4 MB goal, 0 MB stacks, 0 MB globals, 16 P
gc 3105 @9.772s 7%: 0.11+0.61+0.16 ms clock, 1.7+0.63/0.94/0+2.6 ms cpu, 4->4->2 MB, 4 MB goal, 0 MB stacks, 0 MB globals, 16 P
gc 3106 @9.774s 7%: 0.11+0.72+0.089 ms clock, 1.9+0.59/0.97/0+1.4 ms cpu, 4->4->2 MB, 4 MB goal, 0 MB stacks, 0 MB globals, 16 P
gc 3107 @9.776s 7%: 0.12+1.0+0.070 ms clock, 1.9+0.64/0.93/0+1.1 ms cpu, 4->5->2 MB, 5 MB goal, 0 MB stacks, 0 MB globals, 16 P
gc 3108 @9.778s 7%: 0.17+0.75+0.14 ms clock, 2.8+0.65/1.0/0+2.3 ms cpu, 4->5->2 MB, 5 MB goal, 0 MB stacks, 0 MB globals, 16 P
gc 3109 @9.780s 7%: 0.13+0.86+0.17 ms clock, 2.0+0.69/1.0/0+2.7 ms cpu, 4->5->2 MB, 5 MB goal, 0 MB stacks, 0 MB globals, 16 P
gc 3110 @9.782s 7%: 0.10+0.71+0.20 ms clock, 1.6+0.57/1.0/0.020+3.3 ms cpu, 4->5->2 MB, 5 MB goal, 0 MB stacks, 0 MB globals, 16 P
gc 3111 @9.784s 7%: 0.14+0.79+0.099 ms clock, 2.3+0.79/0.80/0+1.5 ms cpu, 3->5->2 MB, 4 MB goal, 0 MB stacks, 0 MB globals, 16 P
gc 3112 @9.786s 7%: 0.15+0.70+0.14 ms clock, 2.4+0.59/0.95/0+2.2 ms cpu, 4->5->2 MB, 5 MB goal, 0 MB stacks, 0 MB globals, 16 P
gc 3113 @9.788s 7%: 0.17+0.82+0.19 ms clock, 2.7+0.71/1.1/0+3.1 ms cpu, 4->5->2 MB, 5 MB goal, 0 MB stacks, 0 MB globals, 16 P
gc 3114 @9.790s 7%: 0.14+0.62+0.10 ms clock, 2.3+0.65/0.96/0+1.7 ms cpu, 4->5->2 MB, 5 MB goal, 0 MB stacks, 0 MB globals, 16 P
gc 3115 @9.792s 7%: 0.17+0.60+0.099 ms clock, 2.7+0.67/0.94/0+1.5 ms cpu, 4->5->2 MB, 4 MB goal, 0 MB stacks, 0 MB globals, 16 P
gc 3116 @9.794s 7%: 0.12+0.59+0.068 ms clock, 2.0+0.76/0.78/0+1.1 ms cpu, 4->4->2 MB, 4 MB goal, 0 MB stacks, 0 MB globals, 16 P
gc 3117 @9.795s 7%: 0.14+0.90+0.093 ms clock, 2.3+0.67/1.1/0+1.4 ms cpu, 3->5->2 MB, 4 MB goal, 0 MB stacks, 0 MB globals, 16 P
gc 3118 @9.797s 7%: 0.10+0.56+0.13 ms clock, 1.7+0.68/0.85/0.067+2.1 ms cpu, 4->5->2 MB, 5 MB goal, 0 MB stacks, 0 MB globals, 16 P
gc 3119 @9.799s 7%: 0.15+0.60+0.078 ms clock, 2.5+0.67/0.95/0+1.2 ms cpu, 3->4->2 MB, 4 MB goal, 0 MB stacks, 0 MB globals, 16 P
gc 3120 @9.800s 7%: 0.14+0.67+0.22 ms clock, 2.3+0.66/0.98/0+3.6 ms cpu, 3->4->2 MB, 4 MB goal, 0 MB stacks, 0 MB globals, 16 P
gc 3121 @9.802s 7%: 0.13+0.65+0.095 ms clock, 2.1+0.61/1.0/0+1.5 ms cpu, 4->5->2 MB, 5 MB goal, 0 MB stacks, 0 MB globals, 16 P
gc 3122 @9.804s 7%: 0.10+0.65+0.17 ms clock, 1.7+0.86/0.83/0+2.8 ms cpu, 4->5->2 MB, 5 MB goal, 0 MB stacks, 0 MB globals, 16 P
gc 3123 @9.806s 7%: 0.12+0.62+0.15 ms clock, 2.0+0.97/0.88/0+2.4 ms cpu, 3->4->2 MB, 4 MB goal, 0 MB stacks, 0 MB globals, 16 P
gc 3124 @9.808s 7%: 0.21+0.65+0.20 ms clock, 3.4+0.85/0.98/0+3.2 ms cpu, 3->4->2 MB, 4 MB goal, 0 MB stacks, 0 MB globals, 16 P
gc 3125 @9.810s 7%: 0.20+0.57+0.14 ms clock, 3.3+0.69/0.97/0+2.2 ms cpu, 4->4->2 MB, 4 MB goal, 0 MB stacks, 0 MB globals, 16 P
gc 3126 @9.811s 7%: 0.14+0.77+0.18 ms clock, 2.2+0.54/1.1/0+2.9 ms cpu, 4->5->2 MB, 5 MB goal, 0 MB stacks, 0 MB globals, 16 P
gc 3127 @9.813s 7%: 0.14+0.72+0.17 ms clock, 2.2+0.69/1.1/0.009+2.7 ms cpu, 4->5->2 MB, 4 MB goal, 0 MB stacks, 0 MB globals, 16 P
gc 3128 @9.815s 7%: 0.11+0.60+0.13 ms clock, 1.7+0.51/1.0/0+2.2 ms cpu, 4->5->2 MB, 5 MB goal, 0 MB stacks, 0 MB globals, 16 P
gc 3129 @9.817s 7%: 0.19+0.77+0.10 ms clock, 3.0+0.79/1.0/0+1.6 ms cpu, 4->4->2 MB, 4 MB goal, 0 MB stacks, 0 MB globals, 16 P
gc 3130 @9.819s 7%: 0.11+0.77+0.11 ms clock, 1.8+0.73/1.1/0+1.8 ms cpu, 4->5->2 MB, 5 MB goal, 0 MB stacks, 0 MB globals, 16 P
gc 3131 @9.821s 7%: 0.16+0.63+0.10 ms clock, 2.5+0.52/1.1/0+1.7 ms cpu, 4->5->2 MB, 5 MB goal, 0 MB stacks, 0 MB globals, 16 P
gc 3132 @9.823s 7%: 0.091+0.60+0.13 ms clock, 1.4+0.49/0.92/0+2.1 ms cpu, 4->4->2 MB, 4 MB goal, 0 MB stacks, 0 MB globals, 16 P
gc 3133 @9.824s 7%: 0.12+0.78+0.13 ms clock, 2.0+0.62/0.93/0.012+2.2 ms cpu, 3->4->2 MB, 4 MB goal, 0 MB stacks, 0 MB globals, 16 P
gc 3134 @9.826s 7%: 0.12+0.59+0.16 ms clock, 2.0+0.63/0.98/0+2.6 ms cpu, 4->5->2 MB, 5 MB goal, 0 MB stacks, 0 MB globals, 16 P
gc 3135 @9.828s 7%: 0.10+0.72+0.12 ms clock, 1.6+0.59/0.94/0+1.9 ms cpu, 4->4->2 MB, 4 MB goal, 0 MB stacks, 0 MB globals, 16 P
gc 3136 @9.830s 7%: 0.15+0.68+0.12 ms clock, 2.5+0.65/0.91/0+2.0 ms cpu, 4->4->2 MB, 4 MB goal, 0 MB stacks, 0 MB globals, 16 P
gc 3137 @9.832s 7%: 0.12+0.65+0.19 ms clock, 2.0+0.77/0.89/0+3.0 ms cpu, 4->4->2 MB, 4 MB goal, 0 MB stacks, 0 MB globals, 16 P
gc 3138 @9.833s 7%: 0.13+0.64+0.18 ms clock, 2.1+0.65/1.0/0+2.9 ms cpu, 3->4->2 MB, 4 MB goal, 0 MB stacks, 0 MB globals, 16 P
gc 3139 @9.835s 7%: 0.11+0.73+0.17 ms clock, 1.9+0.57/1.0/0+2.7 ms cpu, 4->4->2 MB, 4 MB goal, 0 MB stacks, 0 MB globals, 16 P
gc 3140 @9.837s 7%: 0.097+0.81+0.11 ms clock, 1.5+0.74/0.98/0.007+1.8 ms cpu, 4->5->2 MB, 4 MB goal, 0 MB stacks, 0 MB globals, 16 P
gc 3141 @9.839s 7%: 0.11+0.67+0.097 ms clock, 1.9+0.64/0.90/0.012+1.5 ms cpu, 4->5->2 MB, 5 MB goal, 0 MB stacks, 0 MB globals, 16 P
gc 3142 @9.841s 7%: 0.091+0.71+0.13 ms clock, 1.4+0.65/1.0/0+2.0 ms cpu, 4->5->2 MB, 4 MB goal, 0 MB stacks, 0 MB globals, 16 P
gc 3143 @9.843s 7%: 0.13+0.60+0.13 ms clock, 2.1+0.64/0.99/0+2.1 ms cpu, 4->4->2 MB, 5 MB goal, 0 MB stacks, 0 MB globals, 16 P
gc 3144 @9.844s 7%: 0.17+0.55+0.15 ms clock, 2.8+0.59/0.97/0+2.5 ms cpu, 3->4->2 MB, 4 MB goal, 0 MB stacks, 0 MB globals, 16 P
gc 3145 @9.846s 7%: 0.12+0.74+0.12 ms clock, 2.0+0.53/0.90/0.18+1.9 ms cpu, 4->5->2 MB, 4 MB goal, 0 MB stacks, 0 MB globals, 16 P
gc 3146 @9.848s 7%: 0.14+1.0+0.033 ms clock, 2.2+0.77/1.2/0.043+0.54 ms cpu, 4->5->2 MB, 5 MB goal, 0 MB stacks, 0 MB globals, 16 P
gc 3147 @9.851s 7%: 0.11+0.63+0.12 ms clock, 1.7+0.57/1.0/0+2.0 ms cpu, 4->5->2 MB, 5 MB goal, 0 MB stacks, 0 MB globals, 16 P
gc 3148 @9.852s 7%: 0.18+0.62+0.18 ms clock, 2.9+0.58/0.94/0+2.8 ms cpu, 4->4->2 MB, 5 MB goal, 0 MB stacks, 0 MB globals, 16 P
gc 3149 @9.854s 7%: 0.12+0.65+0.18 ms clock, 1.9+0.79/1.0/0.021+2.9 ms cpu, 4->4->2 MB, 4 MB goal, 0 MB stacks, 0 MB globals, 16 P
gc 3150 @9.856s 7%: 0.15+0.72+0.092 ms clock, 2.5+0.65/0.88/0+1.4 ms cpu, 4->5->2 MB, 5 MB goal, 0 MB stacks, 0 MB globals, 16 P
gc 3151 @9.858s 7%: 0.10+0.78+0.084 ms clock, 1.6+0.63/1.0/0+1.3 ms cpu, 4->5->2 MB, 4 MB goal, 0 MB stacks, 0 MB globals, 16 P
gc 3152 @9.860s 7%: 0.12+0.52+0.14 ms clock, 1.9+0.70/0.84/0+2.3 ms cpu, 4->5->2 MB, 5 MB goal, 0 MB stacks, 0 MB globals, 16 P
gc 3153 @9.861s 7%: 0.13+0.65+0.12 ms clock, 2.1+0.95/0.89/0+1.9 ms cpu, 3->4->2 MB, 4 MB goal, 0 MB stacks, 0 MB globals, 16 P
gc 3154 @9.863s 7%: 0.14+0.70+0.15 ms clock, 2.3+0.69/0.94/0+2.4 ms cpu, 4->5->2 MB, 4 MB goal, 0 MB stacks, 0 MB globals, 16 P
gc 3155 @9.865s 7%: 0.12+0.90+0.12 ms clock, 2.0+0.73/0.94/0.016+2.0 ms cpu, 4->5->2 MB, 5 MB goal, 0 MB stacks, 0 MB globals, 16 P
gc 3156 @9.868s 7%: 0.17+0.70+0.13 ms clock, 2.7+0.46/1.0/0+2.1 ms cpu, 4->5->2 MB, 5 MB goal, 0 MB stacks, 0 MB globals, 16 P
gc 3157 @9.870s 7%: 0.11+0.65+0.14 ms clock, 1.8+0.58/1.0/0+2.2 ms cpu, 4->5->2 MB, 5 MB goal, 0 MB stacks, 0 MB globals, 16 P
gc 3158 @9.871s 7%: 0.12+0.53+0.17 ms clock, 2.0+0.59/0.90/0+2.8 ms cpu, 4->4->2 MB, 4 MB goal, 0 MB stacks, 0 MB globals, 16 P
gc 3159 @9.873s 7%: 0.13+0.59+0.13 ms clock, 2.1+0.78/0.87/0+2.1 ms cpu, 4->4->2 MB, 4 MB goal, 0 MB stacks, 0 MB globals, 16 P
gc 3160 @9.875s 7%: 0.17+0.64+0.14 ms clock, 2.8+0.63/1.0/0+2.3 ms cpu, 4->4->2 MB, 4 MB goal, 0 MB stacks, 0 MB globals, 16 P
gc 3161 @9.877s 7%: 0.14+0.76+0.11 ms clock, 2.2+0.49/1.0/0.004+1.8 ms cpu, 4->5->2 MB, 5 MB goal, 0 MB stacks, 0 MB globals, 16 P
gc 3162 @9.878s 7%: 0.12+0.63+0.088 ms clock, 1.9+0.61/1.0/0+1.4 ms cpu, 4->4->2 MB, 4 MB goal, 0 MB stacks, 0 MB globals, 16 P
gc 3163 @9.880s 7%: 0.16+0.73+0.17 ms clock, 2.6+0.61/1.0/0.019+2.7 ms cpu, 4->4->2 MB, 4 MB goal, 0 MB stacks, 0 MB globals, 16 P
gc 3164 @9.882s 7%: 0.12+0.73+0.18 ms clock, 2.0+0.65/1.2/0+2.9 ms cpu, 4->5->2 MB, 5 MB goal, 0 MB stacks, 0 MB globals, 16 P
gc 3165 @9.884s 7%: 0.12+0.79+0.14 ms clock, 1.9+0.64/1.2/0+2.3 ms cpu, 4->5->2 MB, 5 MB goal, 0 MB stacks, 0 MB globals, 16 P
gc 3166 @9.886s 7%: 0.11+0.53+0.12 ms clock, 1.8+0.61/0.97/0+2.0 ms cpu, 4->5->2 MB, 5 MB goal, 0 MB stacks, 0 MB globals, 16 P
gc 3167 @9.888s 7%: 0.15+0.66+0.097 ms clock, 2.4+0.60/1.0/0+1.5 ms cpu, 3->4->2 MB, 4 MB goal, 0 MB stacks, 0 MB globals, 16 P
gc 3168 @9.890s 7%: 0.081+0.52+0.10 ms clock, 1.2+0.63/0.86/0+1.6 ms cpu, 4->4->2 MB, 4 MB goal, 0 MB stacks, 0 MB globals, 16 P
gc 3169 @9.891s 7%: 0.18+0.74+0.21 ms clock, 2.9+0.83/0.88/0.095+3.4 ms cpu, 3->4->2 MB, 4 MB goal, 0 MB stacks, 0 MB globals, 16 P
gc 3170 @9.893s 7%: 0.12+0.70+0.19 ms clock, 1.9+0.68/0.98/0+3.1 ms cpu, 4->4->2 MB, 4 MB goal, 0 MB stacks, 0 MB globals, 16 P
gc 3171 @9.895s 7%: 0.11+0.48+0.15 ms clock, 1.8+0.59/0.87/0+2.4 ms cpu, 4->4->2 MB, 4 MB goal, 0 MB stacks, 0 MB globals, 16 P
gc 3172 @9.896s 7%: 0.16+0.66+0.14 ms clock, 2.5+0.65/1.2/0+2.3 ms cpu, 3->4->2 MB, 4 MB goal, 0 MB stacks, 0 MB globals, 16 P
gc 3173 @9.898s 7%: 0.11+0.69+0.11 ms clock, 1.8+0.52/1.0/0+1.7 ms cpu, 4->5->2 MB, 5 MB goal, 0 MB stacks, 0 MB globals, 16 P
gc 3174 @9.900s 7%: 0.11+0.73+0.13 ms clock, 1.7+0.67/1.1/0+2.2 ms cpu, 4->4->2 MB, 4 MB goal, 0 MB stacks, 0 MB globals, 16 P
gc 3175 @9.902s 7%: 0.12+0.64+0.14 ms clock, 1.9+0.67/0.99/0+2.2 ms cpu, 4->5->2 MB, 5 MB goal, 0 MB stacks, 0 MB globals, 16 P
gc 3176 @9.904s 7%: 0.15+0.57+0.082 ms clock, 2.4+0.70/0.82/0+1.3 ms cpu, 3->4->2 MB, 4 MB goal, 0 MB stacks, 0 MB globals, 16 P
gc 3177 @9.905s 7%: 0.11+0.76+0.11 ms clock, 1.7+0.75/0.97/0+1.8 ms cpu, 4->4->2 MB, 4 MB goal, 0 MB stacks, 0 MB globals, 16 P
gc 3178 @9.907s 7%: 0.099+0.61+0.18 ms clock, 1.5+0.74/1.0/0+2.9 ms cpu, 4->4->2 MB, 4 MB goal, 0 MB stacks, 0 MB globals, 16 P
gc 3179 @9.909s 7%: 0.11+0.75+0.14 ms clock, 1.8+0.66/1.0/0+2.3 ms cpu, 4->5->2 MB, 4 MB goal, 0 MB stacks, 0 MB globals, 16 P
gc 3180 @9.911s 7%: 0.16+0.55+0.15 ms clock, 2.7+0.84/0.84/0+2.5 ms cpu, 4->5->2 MB, 5 MB goal, 0 MB stacks, 0 MB globals, 16 P
gc 3181 @9.912s 7%: 0.13+0.63+0.082 ms clock, 2.1+0.59/0.98/0+1.3 ms cpu, 3->4->2 MB, 4 MB goal, 0 MB stacks, 0 MB globals, 16 P
gc 3182 @9.914s 7%: 0.12+0.61+0.14 ms clock, 2.0+0.74/0.94/0+2.3 ms cpu, 4->4->2 MB, 4 MB goal, 0 MB stacks, 0 MB globals, 16 P
gc 3183 @9.916s 7%: 0.13+0.79+0.079 ms clock, 2.0+0.43/0.98/0+1.2 ms cpu, 3->4->2 MB, 4 MB goal, 0 MB stacks, 0 MB globals, 16 P
gc 3184 @9.918s 7%: 0.10+0.73+0.17 ms clock, 1.7+0.55/1.1/0+2.7 ms cpu, 4->5->2 MB, 4 MB goal, 0 MB stacks, 0 MB globals, 16 P
gc 3185 @9.920s 7%: 0.14+0.58+0.13 ms clock, 2.2+0.60/1.0/0+2.1 ms cpu, 4->4->2 MB, 5 MB goal, 0 MB stacks, 0 MB globals, 16 P
gc 3186 @9.921s 7%: 0.16+0.99+0.058 ms clock, 2.6+0.68/0.93/0+0.93 ms cpu, 3->5->2 MB, 4 MB goal, 0 MB stacks, 0 MB globals, 16 P
gc 3187 @9.923s 7%: 0.10+0.70+0.16 ms clock, 1.6+0.81/1.0/0+2.7 ms cpu, 4->5->2 MB, 5 MB goal, 0 MB stacks, 0 MB globals, 16 P
gc 3188 @9.925s 7%: 0.10+0.66+0.15 ms clock, 1.7+0.64/0.86/0.098+2.5 ms cpu, 4->5->2 MB, 5 MB goal, 0 MB stacks, 0 MB globals, 16 P
gc 3189 @9.927s 7%: 0.13+1.0+0.11 ms clock, 2.2+0.62/0.96/0+1.9 ms cpu, 3->5->2 MB, 4 MB goal, 0 MB stacks, 0 MB globals, 16 P
gc 3190 @9.930s 7%: 0.11+0.84+0.18 ms clock, 1.9+0.70/0.94/0+2.9 ms cpu, 4->5->2 MB, 5 MB goal, 0 MB stacks, 0 MB globals, 16 P
gc 3191 @9.932s 7%: 0.10+0.72+0.10 ms clock, 1.7+0.70/1.0/0.001+1.6 ms cpu, 4->5->2 MB, 5 MB goal, 0 MB stacks, 0 MB globals, 16 P
gc 3192 @9.934s 7%: 0.11+0.59+0.14 ms clock, 1.8+0.61/1.0/0+2.3 ms cpu, 4->4->2 MB, 5 MB goal, 0 MB stacks, 0 MB globals, 16 P
gc 3193 @9.935s 7%: 0.18+0.92+0.089 ms clock, 2.9+0.84/0.96/0+1.4 ms cpu, 3->4->2 MB, 4 MB goal, 0 MB stacks, 0 MB globals, 16 P
gc 3194 @9.937s 7%: 0.12+0.77+0.10 ms clock, 2.0+0.65/1.0/0+1.6 ms cpu, 4->5->2 MB, 5 MB goal, 0 MB stacks, 0 MB globals, 16 P
gc 3195 @9.939s 7%: 0.15+0.72+0.089 ms clock, 2.4+0.59/0.87/0+1.4 ms cpu, 4->5->2 MB, 4 MB goal, 0 MB stacks, 0 MB globals, 16 P
gc 3196 @9.941s 7%: 0.10+0.71+0.13 ms clock, 1.6+0.63/0.98/0+2.0 ms cpu, 4->4->2 MB, 4 MB goal, 0 MB stacks, 0 MB globals, 16 P
gc 3197 @9.943s 7%: 0.15+0.71+0.19 ms clock, 2.4+0.60/0.93/0+3.1 ms cpu, 4->4->2 MB, 4 MB goal, 0 MB stacks, 0 MB globals, 16 P
gc 3198 @9.945s 7%: 0.11+0.71+0.15 ms clock, 1.8+0.52/1.0/0+2.5 ms cpu, 4->5->2 MB, 5 MB goal, 0 MB stacks, 0 MB globals, 16 P
gc 3199 @9.947s 7%: 0.12+0.59+0.092 ms clock, 1.9+0.61/0.92/0.093+1.4 ms cpu, 4->5->2 MB, 5 MB goal, 0 MB stacks, 0 MB globals, 16 P
gc 3200 @9.948s 7%: 0.15+0.63+0.14 ms clock, 2.4+0.73/1.0/0.002+2.2 ms cpu, 3->4->2 MB, 4 MB goal, 0 MB stacks, 0 MB globals, 16 P
gc 3201 @9.950s 7%: 0.14+0.78+0.083 ms clock, 2.2+0.76/0.82/0+1.3 ms cpu, 4->4->2 MB, 4 MB goal, 0 MB stacks, 0 MB globals, 16 P
gc 3202 @9.952s 7%: 0.12+0.69+0.16 ms clock, 1.9+0.53/1.0/0.017+2.5 ms cpu, 4->5->2 MB, 5 MB goal, 0 MB stacks, 0 MB globals, 16 P
gc 3203 @9.954s 7%: 0.19+0.68+0.10 ms clock, 3.1+0.61/0.93/0+1.7 ms cpu, 3->4->2 MB, 4 MB goal, 0 MB stacks, 0 MB globals, 16 P
gc 3204 @9.956s 7%: 0.11+0.67+0.15 ms clock, 1.7+0.56/1.1/0+2.4 ms cpu, 4->5->2 MB, 5 MB goal, 0 MB stacks, 0 MB globals, 16 P
gc 3205 @9.958s 7%: 0.17+0.63+0.12 ms clock, 2.8+0.58/0.91/0.007+1.9 ms cpu, 4->5->2 MB, 4 MB goal, 0 MB stacks, 0 MB globals, 16 P
gc 3206 @9.959s 7%: 0.13+0.77+0.073 ms clock, 2.2+0.51/0.97/0.052+1.1 ms cpu, 4->4->2 MB, 4 MB goal, 0 MB stacks, 0 MB globals, 16 P
gc 3207 @9.961s 7%: 0.12+0.58+0.15 ms clock, 1.9+0.56/0.92/0+2.4 ms cpu, 4->5->2 MB, 4 MB goal, 0 MB stacks, 0 MB globals, 16 P
gc 3208 @9.963s 7%: 0.11+0.62+0.12 ms clock, 1.7+0.53/1.0/0+1.9 ms cpu, 4->4->2 MB, 4 MB goal, 0 MB stacks, 0 MB globals, 16 P
gc 3209 @9.965s 7%: 0.15+0.78+0.16 ms clock, 2.4+0.63/0.93/0+2.6 ms cpu, 4->4->2 MB, 4 MB goal, 0 MB stacks, 0 MB globals, 16 P
gc 3210 @9.967s 7%: 0.11+0.57+0.072 ms clock, 1.8+0.62/0.99/0+1.1 ms cpu, 4->4->2 MB, 5 MB goal, 0 MB stacks, 0 MB globals, 16 P
gc 3211 @9.968s 7%: 0.098+0.56+0.14 ms clock, 1.5+0.63/0.98/0.031+2.3 ms cpu, 3->4->2 MB, 4 MB goal, 0 MB stacks, 0 MB globals, 16 P
gc 3212 @9.970s 7%: 0.12+0.67+0.071 ms clock, 1.9+0.55/0.85/0+1.1 ms cpu, 4->4->2 MB, 4 MB goal, 0 MB stacks, 0 MB globals, 16 P
gc 3213 @9.972s 7%: 0.11+0.84+0.094 ms clock, 1.8+0.40/1.0/0.006+1.5 ms cpu, 4->5->2 MB, 4 MB goal, 0 MB stacks, 0 MB globals, 16 P
gc 3214 @9.974s 7%: 0.15+0.50+0.15 ms clock, 2.4+0.59/1.0/0.002+2.4 ms cpu, 4->5->2 MB, 5 MB goal, 0 MB stacks, 0 MB globals, 16 P
gc 3215 @9.976s 7%: 0.097+0.64+0.19 ms clock, 1.5+0.65/0.99/0+3.0 ms cpu, 3->4->2 MB, 4 MB goal, 0 MB stacks, 0 MB globals, 16 P
gc 3216 @9.977s 7%: 0.12+0.90+0.085 ms clock, 2.0+0.51/1.0/0+1.3 ms cpu, 4->5->2 MB, 4 MB goal, 0 MB stacks, 0 MB globals, 16 P
gc 3217 @9.980s 7%: 0.16+0.57+0.19 ms clock, 2.6+0.67/0.89/0+3.1 ms cpu, 4->5->2 MB, 5 MB goal, 0 MB stacks, 0 MB globals, 16 P
gc 3218 @9.981s 7%: 0.11+0.71+0.043 ms clock, 1.8+0.56/1.0/0+0.70 ms cpu, 3->4->2 MB, 4 MB goal, 0 MB stacks, 0 MB globals, 16 P
gc 3219 @9.983s 7%: 0.14+0.78+0.13 ms clock, 2.3+0.60/0.86/0+2.1 ms cpu, 4->4->2 MB, 4 MB goal, 0 MB stacks, 0 MB globals, 16 P
gc 3220 @9.985s 7%: 0.13+0.65+0.16 ms clock, 2.1+0.68/0.97/0+2.6 ms cpu, 4->5->2 MB, 5 MB goal, 0 MB stacks, 0 MB globals, 16 P
gc 3221 @9.987s 7%: 0.13+0.77+0.15 ms clock, 2.1+0.99/1.0/0+2.4 ms cpu, 4->5->2 MB, 4 MB goal, 0 MB stacks, 0 MB globals, 16 P
gc 3222 @9.989s 7%: 0.11+0.49+0.12 ms clock, 1.8+0.53/0.98/0+2.0 ms cpu, 4->5->2 MB, 5 MB goal, 0 MB stacks, 0 MB globals, 16 P
gc 3223 @9.990s 7%: 0.10+0.71+0.080 ms clock, 1.6+0.53/0.99/0+1.2 ms cpu, 3->4->2 MB, 4 MB goal, 0 MB stacks, 0 MB globals, 16 P
gc 3224 @9.992s 7%: 0.14+0.60+0.13 ms clock, 2.2+0.51/0.90/0+2.1 ms cpu, 4->4->2 MB, 4 MB goal, 0 MB stacks, 0 MB globals, 16 P
gc 3225 @9.994s 7%: 0.12+0.63+0.12 ms clock, 1.9+0.49/1.0/0+1.9 ms cpu, 4->5->2 MB, 5 MB goal, 0 MB stacks, 0 MB globals, 16 P
gc 3226 @9.996s 7%: 0.18+0.72+0.13 ms clock, 3.0+0.69/0.94/0+2.1 ms cpu, 4->5->2 MB, 4 MB goal, 0 MB stacks, 0 MB globals, 16 P
gc 3227 @9.998s 7%: 0.12+0.58+0.11 ms clock, 2.0+0.47/0.95/0+1.8 ms cpu, 4->5->2 MB, 5 MB goal, 0 MB stacks, 0 MB globals, 16 P
gc 3228 @9.999s 7%: 0.10+0.70+0.040 ms clock, 1.6+0.48/0.98/0+0.65 ms cpu, 3->4->2 MB, 4 MB goal, 0 MB stacks, 0 MB globals, 16 P
gc 3229 @10.001s 7%: 0.12+0.54+0.10 ms clock, 2.0+0.51/0.89/0.004+1.6 ms cpu, 4->4->2 MB, 4 MB goal, 0 MB stacks, 0 MB globals, 16 P
gc 3230 @10.003s 7%: 0.13+0.78+0.12 ms clock, 2.1+0.72/0.81/0+2.0 ms cpu, 3->4->2 MB, 4 MB goal, 0 MB stacks, 0 MB globals, 16 P
gc 3231 @10.005s 7%: 0.11+0.58+0.10 ms clock, 1.8+0.64/0.95/0+1.6 ms cpu, 4->5->2 MB, 5 MB goal, 0 MB stacks, 0 MB globals, 16 P
gc 3232 @10.007s 7%: 0.18+0.77+0.13 ms clock, 2.9+0.55/1.1/0+2.2 ms cpu, 3->4->2 MB, 4 MB goal, 0 MB stacks, 0 MB globals, 16 P
gc 3233 @10.009s 7%: 0.15+0.55+0.12 ms clock, 2.4+0.59/1.0/0+2.0 ms cpu, 4->5->2 MB, 5 MB goal, 0 MB stacks, 0 MB globals, 16 P
gc 3234 @10.011s 7%: 0.12+0.72+0.18 ms clock, 1.9+0.75/1.1/0.028+2.9 ms cpu, 3->4->2 MB, 4 MB goal, 0 MB stacks, 0 MB globals, 16 P
gc 3235 @10.013s 7%: 0.14+0.64+0.18 ms clock, 2.2+0.68/0.93/0+2.9 ms cpu, 4->5->2 MB, 5 MB goal, 0 MB stacks, 0 MB globals, 16 P
gc 3236 @10.014s 7%: 0.13+0.62+0.14 ms clock, 2.1+0.66/1.0/0+2.3 ms cpu, 4->4->2 MB, 4 MB goal, 0 MB stacks, 0 MB globals, 16 P
gc 3237 @10.016s 7%: 0.12+0.97+0.10 ms clock, 2.0+0.48/1.1/0+1.6 ms cpu, 4->5->2 MB, 4 MB goal, 0 MB stacks, 0 MB globals, 16 P
gc 3238 @10.018s 7%: 0.11+0.56+0.13 ms clock, 1.9+0.70/0.89/0+2.0 ms cpu, 4->5->2 MB, 5 MB goal, 0 MB stacks, 0 MB globals, 16 P
gc 3239 @10.020s 7%: 0.11+0.59+0.18 ms clock, 1.8+0.59/1.0/0+3.0 ms cpu, 4->4->2 MB, 4 MB goal, 0 MB stacks, 0 MB globals, 16 P
gc 3240 @10.022s 7%: 0.12+0.85+0.10 ms clock, 1.9+0.46/1.0/0.034+1.6 ms cpu, 4->4->2 MB, 4 MB goal, 0 MB stacks, 0 MB globals, 16 P
gc 3241 @10.024s 7%: 0.15+0.63+0.10 ms clock, 2.5+0.68/0.80/0+1.7 ms cpu, 4->4->2 MB, 5 MB goal, 0 MB stacks, 0 MB globals, 16 P
gc 3242 @10.025s 7%: 0.14+0.56+0.17 ms clock, 2.3+0.54/0.96/0+2.7 ms cpu, 3->4->2 MB, 4 MB goal, 0 MB stacks, 0 MB globals, 16 P
gc 3243 @10.027s 7%: 0.11+0.81+0.14 ms clock, 1.8+0.64/1.0/0+2.2 ms cpu, 4->4->2 MB, 4 MB goal, 0 MB stacks, 0 MB globals, 16 P
gc 3244 @10.029s 7%: 0.13+0.78+0.079 ms clock, 2.1+0.60/1.0/0.016+1.2 ms cpu, 4->5->2 MB, 4 MB goal, 0 MB stacks, 0 MB globals, 16 P
gc 3245 @10.031s 7%: 0.13+0.61+0.18 ms clock, 2.1+0.52/1.0/0+2.9 ms cpu, 4->5->2 MB, 5 MB goal, 0 MB stacks, 0 MB globals, 16 P
gc 3246 @10.033s 7%: 0.10+0.63+0.14 ms clock, 1.6+0.65/0.76/0+2.2 ms cpu, 4->4->2 MB, 4 MB goal, 0 MB stacks, 0 MB globals, 16 P
gc 3247 @10.034s 7%: 0.14+0.54+0.11 ms clock, 2.3+0.53/0.96/0+1.9 ms cpu, 3->4->2 MB, 4 MB goal, 0 MB stacks, 0 MB globals, 16 P
gc 3248 @10.036s 7%: 0.14+0.54+0.17 ms clock, 2.2+0.51/0.99/0+2.7 ms cpu, 3->4->2 MB, 4 MB goal, 0 MB stacks, 0 MB globals, 16 P
gc 3249 @10.037s 7%: 0.18+0.93+0.13 ms clock, 2.9+0.65/0.83/0+2.2 ms cpu, 3->5->2 MB, 4 MB goal, 0 MB stacks, 0 MB globals, 16 P
gc 3250 @10.040s 7%: 0.15+0.53+0.11 ms clock, 2.4+0.57/0.91/0+1.8 ms cpu, 4->5->2 MB, 5 MB goal, 0 MB stacks, 0 MB globals, 16 P
gc 3251 @10.042s 7%: 0.11+0.48+0.22 ms clock, 1.8+0.57/0.79/0.097+3.6 ms cpu, 3->4->1 MB, 4 MB goal, 0 MB stacks, 0 MB globals, 16 P
gc 3252 @10.043s 7%: 0.17+0.70+0.21 ms clock, 2.8+0.67/0.89/0+3.3 ms cpu, 3->4->2 MB, 4 MB goal, 0 MB stacks, 0 MB globals, 16 P
gc 3253 @10.045s 7%: 0.10+0.51+0.17 ms clock, 1.6+0.65/0.85/0+2.8 ms cpu, 4->5->2 MB, 5 MB goal, 0 MB stacks, 0 MB globals, 16 P
gc 3254 @10.046s 7%: 0.15+0.52+0.15 ms clock, 2.4+0.52/0.92/0.015+2.4 ms cpu, 3->4->2 MB, 4 MB goal, 0 MB stacks, 0 MB globals, 16 P
gc 3255 @10.048s 7%: 0.12+0.53+0.17 ms clock, 2.0+0.62/0.95/0+2.8 ms cpu, 4->4->2 MB, 4 MB goal, 0 MB stacks, 0 MB globals, 16 P
gc 3256 @10.050s 7%: 0.15+0.55+0.10 ms clock, 2.4+0.78/0.87/0+1.7 ms cpu, 3->4->2 MB, 4 MB goal, 0 MB stacks, 0 MB globals, 16 P
gc 3257 @10.051s 7%: 0.11+0.65+0.14 ms clock, 1.8+0.63/0.97/0+2.3 ms cpu, 3->4->2 MB, 4 MB goal, 0 MB stacks, 0 MB globals, 16 P
gc 3258 @10.053s 7%: 0.11+0.87+0.034 ms clock, 1.8+0.52/0.85/0+0.55 ms cpu, 3->4->2 MB, 4 MB goal, 0 MB stacks, 0 MB globals, 16 P
gc 3259 @10.055s 7%: 0.11+0.76+0.15 ms clock, 1.7+0.57/1.0/0.074+2.4 ms cpu, 4->5->2 MB, 5 MB goal, 0 MB stacks, 0 MB globals, 16 P
gc 3260 @10.057s 7%: 0.10+0.68+0.092 ms clock, 1.6+0.56/1.0/0.005+1.4 ms cpu, 4->5->2 MB, 5 MB goal, 0 MB stacks, 0 MB globals, 16 P
gc 3261 @10.059s 7%: 0.14+0.69+0.090 ms clock, 2.3+0.42/1.1/0+1.4 ms cpu, 4->4->2 MB, 4 MB goal, 0 MB stacks, 0 MB globals, 16 P
gc 3262 @10.061s 7%: 0.11+0.73+0.075 ms clock, 1.7+0.60/0.92/0+1.2 ms cpu, 4->4->2 MB, 4 MB goal, 0 MB stacks, 0 MB globals, 16 P
gc 3263 @10.063s 7%: 0.10+0.57+0.17 ms clock, 1.7+0.49/0.98/0+2.8 ms cpu, 4->5->2 MB, 5 MB goal, 0 MB stacks, 0 MB globals, 16 P
gc 3264 @10.064s 7%: 0.13+0.71+0.10 ms clock, 2.0+0.50/0.98/0+1.7 ms cpu, 4->4->2 MB, 4 MB goal, 0 MB stacks, 0 MB globals, 16 P
gc 3265 @10.066s 7%: 0.13+0.76+0.085 ms clock, 2.1+0.67/0.89/0+1.3 ms cpu, 4->5->2 MB, 4 MB goal, 0 MB stacks, 0 MB globals, 16 P
gc 3266 @10.068s 7%: 0.12+0.66+0.15 ms clock, 2.0+0.65/0.97/0.082+2.4 ms cpu, 4->5->2 MB, 5 MB goal, 0 MB stacks, 0 MB globals, 16 P
gc 3267 @10.070s 7%: 0.11+0.60+0.11 ms clock, 1.9+0.73/0.92/0+1.7 ms cpu, 4->4->2 MB, 4 MB goal, 0 MB stacks, 0 MB globals, 16 P
gc 3268 @10.072s 7%: 0.095+0.76+0.12 ms clock, 1.5+0.73/1.1/0+2.0 ms cpu, 4->5->2 MB, 4 MB goal, 0 MB stacks, 0 MB globals, 16 P
gc 3269 @10.074s 7%: 0.11+0.70+0.16 ms clock, 1.9+0.67/0.98/0+2.6 ms cpu, 4->5->2 MB, 5 MB goal, 0 MB stacks, 0 MB globals, 16 P
gc 3270 @10.076s 7%: 0.16+0.81+0.11 ms clock, 2.7+0.66/1.2/0+1.9 ms cpu, 4->5->2 MB, 5 MB goal, 0 MB stacks, 0 MB globals, 16 P
gc 3271 @10.078s 7%: 0.14+1.1+0.091 ms clock, 2.2+0.73/1.0/0.032+1.4 ms cpu, 4->5->2 MB, 5 MB goal, 0 MB stacks, 0 MB globals, 16 P
gc 3272 @10.080s 7%: 0.20+0.60+0.17 ms clock, 3.2+0.58/0.85/0.11+2.8 ms cpu, 4->5->2 MB, 5 MB goal, 0 MB stacks, 0 MB globals, 16 P
gc 3273 @10.082s 7%: 0.12+0.58+0.095 ms clock, 2.0+0.63/0.99/0+1.5 ms cpu, 4->4->2 MB, 4 MB goal, 0 MB stacks, 0 MB globals, 16 P
gc 3274 @10.084s 7%: 0.11+0.56+0.12 ms clock, 1.7+0.69/0.94/0+1.9 ms cpu, 4->4->2 MB, 4 MB goal, 0 MB stacks, 0 MB globals, 16 P
gc 3275 @10.086s 7%: 0.14+0.60+0.13 ms clock, 2.3+0.61/0.94/0.072+2.0 ms cpu, 3->4->2 MB, 4 MB goal, 0 MB stacks, 0 MB globals, 16 P
gc 3276 @10.087s 7%: 0.13+0.72+0.14 ms clock, 2.1+0.60/1.0/0+2.3 ms cpu, 3->4->2 MB, 4 MB goal, 0 MB stacks, 0 MB globals, 16 P
gc 3277 @10.089s 7%: 0.17+0.80+0.12 ms clock, 2.7+0.54/0.92/0+1.9 ms cpu, 4->5->2 MB, 5 MB goal, 0 MB stacks, 0 MB globals, 16 P
gc 3278 @10.091s 7%: 0.11+0.74+0.12 ms clock, 1.8+0.52/0.89/0.086+1.9 ms cpu, 4->5->2 MB, 5 MB goal, 0 MB stacks, 0 MB globals, 16 P
gc 3279 @10.093s 7%: 0.11+0.69+0.13 ms clock, 1.9+0.75/0.81/0+2.0 ms cpu, 4->5->2 MB, 5 MB goal, 0 MB stacks, 0 MB globals, 16 P
gc 3280 @10.095s 7%: 0.13+0.51+0.12 ms clock, 2.1+0.69/0.88/0.013+2.0 ms cpu, 4->4->2 MB, 4 MB goal, 0 MB stacks, 0 MB globals, 16 P
gc 3281 @10.097s 7%: 0.12+0.63+0.11 ms clock, 2.0+0.58/0.92/0+1.8 ms cpu, 3->4->2 MB, 4 MB goal, 0 MB stacks, 0 MB globals, 16 P
gc 3282 @10.098s 7%: 0.10+0.54+0.17 ms clock, 1.6+0.53/1.0/0+2.8 ms cpu, 4->4->2 MB, 5 MB goal, 0 MB stacks, 0 MB globals, 16 P
gc 3283 @10.100s 7%: 0.11+0.83+0.082 ms clock, 1.8+0.62/0.88/0+1.3 ms cpu, 3->4->2 MB, 4 MB goal, 0 MB stacks, 0 MB globals, 16 P
gc 3284 @10.102s 7%: 0.097+0.67+0.087 ms clock, 1.5+0.71/0.88/0+1.4 ms cpu, 4->5->2 MB, 5 MB goal, 0 MB stacks, 0 MB globals, 16 P
gc 3285 @10.104s 7%: 0.12+0.53+0.21 ms clock, 2.0+0.58/0.88/0.003+3.4 ms cpu, 4->4->2 MB, 4 MB goal, 0 MB stacks, 0 MB globals, 16 P
gc 3286 @10.106s 7%: 0.15+0.58+0.14 ms clock, 2.4+0.66/0.98/0+2.3 ms cpu, 3->4->2 MB, 4 MB goal, 0 MB stacks, 0 MB globals, 16 P
gc 3287 @10.107s 7%: 0.14+0.67+0.13 ms clock, 2.3+0.61/0.94/0+2.1 ms cpu, 3->4->2 MB, 4 MB goal, 0 MB stacks, 0 MB globals, 16 P
gc 3288 @10.109s 7%: 0.10+0.67+0.14 ms clock, 1.6+0.78/0.84/0+2.3 ms cpu, 4->5->2 MB, 4 MB goal, 0 MB stacks, 0 MB globals, 16 P
gc 3289 @10.111s 7%: 0.13+0.61+0.20 ms clock, 2.2+0.56/1.0/0+3.2 ms cpu, 4->4->2 MB, 4 MB goal, 0 MB stacks, 0 MB globals, 16 P
gc 3290 @10.112s 7%: 0.16+0.82+0.14 ms clock, 2.7+0.82/0.93/0+2.2 ms cpu, 4->4->2 MB, 4 MB goal, 0 MB stacks, 0 MB globals, 16 P
gc 3291 @10.115s 7%: 0.19+0.73+0.073 ms clock, 3.1+0.60/1.0/0+1.1 ms cpu, 4->5->2 MB, 5 MB goal, 0 MB stacks, 0 MB globals, 16 P
gc 3292 @10.117s 7%: 0.12+0.67+0.21 ms clock, 2.0+0.67/0.99/0+3.5 ms cpu, 4->5->2 MB, 5 MB goal, 0 MB stacks, 0 MB globals, 16 P
gc 3293 @10.118s 7%: 0.17+0.70+0.10 ms clock, 2.8+0.58/1.0/0+1.7 ms cpu, 4->5->2 MB, 4 MB goal, 0 MB stacks, 0 MB globals, 16 P
gc 3294 @10.121s 7%: 0.077+0.57+0.11 ms clock, 1.2+0.58/0.94/0+1.8 ms cpu, 4->5->2 MB, 5 MB goal, 0 MB stacks, 0 MB globals, 16 P
gc 3295 @10.122s 7%: 0.13+0.69+0.096 ms clock, 2.1+0.64/0.97/0+1.5 ms cpu, 3->4->2 MB, 4 MB goal, 0 MB stacks, 0 MB globals, 16 P
gc 3296 @10.124s 7%: 0.12+0.70+0.13 ms clock, 1.9+0.56/0.89/0.001+2.1 ms cpu, 4->5->2 MB, 4 MB goal, 0 MB stacks, 0 MB globals, 16 P
gc 3297 @10.126s 7%: 0.11+0.62+0.10 ms clock, 1.8+0.43/0.98/0.003+1.7 ms cpu, 4->4->2 MB, 4 MB goal, 0 MB stacks, 0 MB globals, 16 P
gc 3298 @10.127s 7%: 0.19+0.79+0.10 ms clock, 3.0+0.78/0.83/0+1.6 ms cpu, 3->4->2 MB, 4 MB goal, 0 MB stacks, 0 MB globals, 16 P
gc 3299 @10.129s 7%: 0.12+0.70+0.11 ms clock, 1.9+0.74/0.99/0+1.8 ms cpu, 4->5->2 MB, 5 MB goal, 0 MB stacks, 0 MB globals, 16 P
gc 3300 @10.131s 7%: 0.078+0.58+0.19 ms clock, 1.2+0.72/0.95/0+3.1 ms cpu, 4->4->2 MB, 4 MB goal, 0 MB stacks, 0 MB globals, 16 P
gc 3301 @10.133s 7%: 0.099+0.68+0.093 ms clock, 1.5+0.54/0.97/0+1.5 ms cpu, 4->4->2 MB, 4 MB goal, 0 MB stacks, 0 MB globals, 16 P
gc 3302 @10.135s 7%: 0.11+0.58+0.13 ms clock, 1.8+0.54/0.86/0+2.1 ms cpu, 4->4->2 MB, 4 MB goal, 0 MB stacks, 0 MB globals, 16 P
gc 3303 @10.136s 7%: 0.096+0.45+0.17 ms clock, 1.5+0.65/0.93/0+2.8 ms cpu, 3->4->2 MB, 4 MB goal, 0 MB stacks, 0 MB globals, 16 P
gc 3304 @10.138s 7%: 0.11+0.66+0.16 ms clock, 1.8+0.74/0.99/0+2.6 ms cpu, 3->4->2 MB, 4 MB goal, 0 MB stacks, 0 MB globals, 16 P
gc 3305 @10.140s 7%: 0.10+0.70+0.11 ms clock, 1.6+0.69/0.98/0.078+1.7 ms cpu, 4->5->2 MB, 5 MB goal, 0 MB stacks, 0 MB globals, 16 P
gc 3306 @10.142s 7%: 0.10+0.77+0.095 ms clock, 1.6+0.76/0.75/0+1.5 ms cpu, 4->5->2 MB, 5 MB goal, 0 MB stacks, 0 MB globals, 16 P
gc 3307 @10.144s 7%: 0.11+0.55+0.10 ms clock, 1.8+0.52/0.84/0.073+1.6 ms cpu, 4->4->2 MB, 4 MB goal, 0 MB stacks, 0 MB globals, 16 P
gc 3308 @10.145s 7%: 0.12+0.57+0.10 ms clock, 1.9+0.42/0.98/0.031+1.7 ms cpu, 3->4->2 MB, 4 MB goal, 0 MB stacks, 0 MB globals, 16 P
gc 3309 @10.147s 7%: 0.17+0.46+0.15 ms clock, 2.8+0.51/0.94/0+2.4 ms cpu, 3->4->2 MB, 4 MB goal, 0 MB stacks, 0 MB globals, 16 P
gc 3310 @10.149s 7%: 0.15+0.60+0.17 ms clock, 2.4+0.71/0.93/0+2.8 ms cpu, 3->4->2 MB, 4 MB goal, 0 MB stacks, 0 MB globals, 16 P
gc 3311 @10.150s 7%: 0.11+0.58+0.19 ms clock, 1.8+0.65/0.80/0+3.0 ms cpu, 4->4->2 MB, 4 MB goal, 0 MB stacks, 0 MB globals, 16 P
gc 3312 @10.152s 7%: 0.11+0.58+0.11 ms clock, 1.7+0.59/0.90/0+1.9 ms cpu, 3->4->2 MB, 4 MB goal, 0 MB stacks, 0 MB globals, 16 P
gc 3313 @10.154s 8%: 0.14+0.76+0.099 ms clock, 2.3+0.69/0.94/0+1.5 ms cpu, 4->4->2 MB, 4 MB goal, 0 MB stacks, 0 MB globals, 16 P
gc 3314 @10.155s 8%: 0.16+0.73+0.19 ms clock, 2.6+0.66/0.95/0+3.1 ms cpu, 4->5->2 MB, 5 MB goal, 0 MB stacks, 0 MB globals, 16 P
gc 3315 @10.157s 8%: 0.10+0.77+0.12 ms clock, 1.7+0.63/0.95/0+1.9 ms cpu, 4->5->2 MB, 5 MB goal, 0 MB stacks, 0 MB globals, 16 P
gc 3316 @10.160s 8%: 0.13+0.71+0.11 ms clock, 2.1+0.63/1.1/0+1.8 ms cpu, 4->5->2 MB, 5 MB goal, 0 MB stacks, 0 MB globals, 16 P
gc 3317 @10.162s 8%: 0.12+0.56+0.14 ms clock, 2.0+0.65/1.0/0+2.3 ms cpu, 4->4->2 MB, 5 MB goal, 0 MB stacks, 0 MB globals, 16 P
gc 3318 @10.163s 8%: 0.16+0.66+0.20 ms clock, 2.6+0.61/0.98/0+3.2 ms cpu, 3->4->2 MB, 4 MB goal, 0 MB stacks, 0 MB globals, 16 P
gc 3319 @10.165s 8%: 0.10+0.55+0.14 ms clock, 1.7+0.69/0.98/0+2.2 ms cpu, 4->5->2 MB, 5 MB goal, 0 MB stacks, 0 MB globals, 16 P
gc 3320 @10.167s 8%: 0.11+0.51+0.12 ms clock, 1.7+0.56/0.95/0.001+1.9 ms cpu, 4->4->2 MB, 5 MB goal, 0 MB stacks, 0 MB globals, 16 P
gc 3321 @10.168s 8%: 0.11+0.58+0.16 ms clock, 1.7+0.68/1.0/0+2.6 ms cpu, 3->4->2 MB, 4 MB goal, 0 MB stacks, 0 MB globals, 16 P
gc 3322 @10.170s 8%: 0.14+0.69+0.10 ms clock, 2.2+0.61/0.91/0+1.7 ms cpu, 4->4->2 MB, 4 MB goal, 0 MB stacks, 0 MB globals, 16 P
gc 3323 @10.172s 8%: 0.12+0.68+0.030 ms clock, 1.9+0.68/1.0/0+0.48 ms cpu, 4->4->2 MB, 5 MB goal, 0 MB stacks, 0 MB globals, 16 P
gc 3324 @10.174s 8%: 0.13+0.53+0.10 ms clock, 2.1+0.62/0.85/0+1.6 ms cpu, 4->4->2 MB, 4 MB goal, 0 MB stacks, 0 MB globals, 16 P
gc 3325 @10.175s 8%: 0.15+0.68+0.15 ms clock, 2.4+0.64/0.99/0.12+2.5 ms cpu, 3->4->2 MB, 4 MB goal, 0 MB stacks, 0 MB globals, 16 P
gc 3326 @10.177s 8%: 0.090+0.65+0.10 ms clock, 1.4+0.74/0.91/0+1.7 ms cpu, 4->4->2 MB, 4 MB goal, 0 MB stacks, 0 MB globals, 16 P
gc 3327 @10.179s 8%: 0.092+0.66+0.19 ms clock, 1.4+0.48/1.0/0+3.0 ms cpu, 3->4->2 MB, 4 MB goal, 0 MB stacks, 0 MB globals, 16 P
gc 3328 @10.180s 8%: 0.15+0.64+0.12 ms clock, 2.4+0.54/0.98/0+1.9 ms cpu, 4->4->2 MB, 4 MB goal, 0 MB stacks, 0 MB globals, 16 P
gc 3329 @10.182s 8%: 0.16+0.86+0.10 ms clock, 2.6+0.55/0.90/0+1.6 ms cpu, 4->5->2 MB, 5 MB goal, 0 MB stacks, 0 MB globals, 16 P
gc 3330 @10.184s 8%: 0.11+0.58+0.10 ms clock, 1.8+0.65/0.88/0.029+1.6 ms cpu, 4->5->2 MB, 5 MB goal, 0 MB stacks, 0 MB globals, 16 P
gc 3331 @10.186s 8%: 0.14+0.66+0.15 ms clock, 2.3+0.49/0.99/0.074+2.4 ms cpu, 4->4->2 MB, 4 MB goal, 0 MB stacks, 0 MB globals, 16 P
gc 3332 @10.188s 8%: 0.11+0.85+0.090 ms clock, 1.7+0.90/1.0/0+1.4 ms cpu, 4->5->2 MB, 5 MB goal, 0 MB stacks, 0 MB globals, 16 P
gc 3333 @10.190s 8%: 0.14+0.69+0.13 ms clock, 2.2+0.59/0.86/0+2.2 ms cpu, 4->5->2 MB, 5 MB goal, 0 MB stacks, 0 MB globals, 16 P
gc 3334 @10.192s 8%: 0.12+0.76+0.18 ms clock, 1.9+0.50/1.1/0+2.9 ms cpu, 4->5->2 MB, 5 MB goal, 0 MB stacks, 0 MB globals, 16 P
gc 3335 @10.194s 8%: 0.13+0.82+0.098 ms clock, 2.0+0.53/1.0/0+1.5 ms cpu, 4->5->2 MB, 5 MB goal, 0 MB stacks, 0 MB globals, 16 P
gc 3336 @10.196s 8%: 0.13+0.60+0.044 ms clock, 2.1+0.63/0.93/0+0.70 ms cpu, 4->5->2 MB, 5 MB goal, 0 MB stacks, 0 MB globals, 16 P
gc 3337 @10.198s 8%: 0.14+0.65+0.17 ms clock, 2.3+0.72/0.97/0+2.8 ms cpu, 4->4->2 MB, 4 MB goal, 0 MB stacks, 0 MB globals, 16 P
gc 3338 @10.200s 8%: 0.14+0.77+0.19 ms clock, 2.3+0.60/0.93/0.045+3.0 ms cpu, 4->5->2 MB, 5 MB goal, 0 MB stacks, 0 MB globals, 16 P
gc 3339 @10.202s 8%: 0.13+0.98+0.11 ms clock, 2.1+0.58/0.92/0+1.8 ms cpu, 4->5->2 MB, 5 MB goal, 0 MB stacks, 0 MB globals, 16 P
gc 3340 @10.204s 8%: 0.13+0.52+0.11 ms clock, 2.1+0.51/0.89/0.014+1.9 ms cpu, 4->5->2 MB, 5 MB goal, 0 MB stacks, 0 MB globals, 16 P
gc 3341 @10.205s 8%: 0.11+0.63+0.10 ms clock, 1.8+0.55/0.89/0+1.6 ms cpu, 3->4->2 MB, 4 MB goal, 0 MB stacks, 0 MB globals, 16 P
gc 3342 @10.207s 8%: 0.13+0.73+0.17 ms clock, 2.0+0.57/0.89/0+2.7 ms cpu, 4->4->2 MB, 4 MB goal, 0 MB stacks, 0 MB globals, 16 P
gc 3343 @10.209s 8%: 0.11+0.85+0.11 ms clock, 1.9+0.61/0.97/0+1.7 ms cpu, 4->5->2 MB, 4 MB goal, 0 MB stacks, 0 MB globals, 16 P
gc 3344 @10.211s 8%: 0.13+0.92+0.12 ms clock, 2.1+0.75/1.1/0.014+1.9 ms cpu, 4->5->2 MB, 5 MB goal, 0 MB stacks, 0 MB globals, 16 P
gc 3345 @10.213s 8%: 0.11+0.70+0.15 ms clock, 1.8+0.61/0.87/0+2.4 ms cpu, 4->5->2 MB, 5 MB goal, 0 MB stacks, 0 MB globals, 16 P
gc 3346 @10.215s 8%: 0.13+0.72+0.16 ms clock, 2.2+0.66/0.97/0+2.7 ms cpu, 4->4->2 MB, 4 MB goal, 0 MB stacks, 0 MB globals, 16 P
gc 3347 @10.217s 8%: 0.10+0.64+0.13 ms clock, 1.7+0.65/0.86/0+2.0 ms cpu, 4->5->2 MB, 5 MB goal, 0 MB stacks, 0 MB globals, 16 P
gc 3348 @10.219s 8%: 0.12+0.94+0.11 ms clock, 2.0+0.63/1.0/0+1.8 ms cpu, 4->5->2 MB, 4 MB goal, 0 MB stacks, 0 MB globals, 16 P
gc 3349 @10.221s 8%: 0.12+0.66+0.13 ms clock, 2.0+0.54/1.0/0+2.2 ms cpu, 4->5->2 MB, 5 MB goal, 0 MB stacks, 0 MB globals, 16 P
gc 3350 @10.223s 8%: 0.10+0.55+0.16 ms clock, 1.7+0.53/1.0/0+2.6 ms cpu, 4->4->2 MB, 4 MB goal, 0 MB stacks, 0 MB globals, 16 P
gc 3351 @10.225s 8%: 0.13+0.67+0.12 ms clock, 2.1+0.59/1.1/0.057+1.9 ms cpu, 3->4->2 MB, 4 MB goal, 0 MB stacks, 0 MB globals, 16 P
gc 3352 @10.227s 8%: 0.17+0.65+0.20 ms clock, 2.7+0.64/0.89/0.036+3.2 ms cpu, 4->5->2 MB, 4 MB goal, 0 MB stacks, 0 MB globals, 16 P
gc 3353 @10.228s 8%: 0.11+0.68+0.13 ms clock, 1.8+0.62/0.95/0+2.1 ms cpu, 4->5->2 MB, 5 MB goal, 0 MB stacks, 0 MB globals, 16 P
gc 3354 @10.230s 8%: 0.10+0.60+0.10 ms clock, 1.6+0.51/0.97/0+1.7 ms cpu, 4->4->2 MB, 4 MB goal, 0 MB stacks, 0 MB globals, 16 P
gc 3355 @10.232s 8%: 0.11+0.85+0.12 ms clock, 1.8+0.63/1.1/0.015+1.9 ms cpu, 3->5->2 MB, 4 MB goal, 0 MB stacks, 0 MB globals, 16 P
gc 3356 @10.234s 8%: 0.17+0.64+0.10 ms clock, 2.7+0.65/1.0/0+1.7 ms cpu, 4->5->2 MB, 5 MB goal, 0 MB stacks, 0 MB globals, 16 P
gc 3357 @10.236s 8%: 0.13+0.69+0.16 ms clock, 2.1+0.66/0.90/0+2.6 ms cpu, 4->4->2 MB, 4 MB goal, 0 MB stacks, 0 MB globals, 16 P
gc 3358 @10.238s 8%: 0.25+0.65+0.12 ms clock, 4.1+0.80/1.0/0+2.0 ms cpu, 4->4->2 MB, 4 MB goal, 0 MB stacks, 0 MB globals, 16 P
gc 3359 @10.240s 8%: 0.11+0.66+0.10 ms clock, 1.8+0.72/1.0/0+1.6 ms cpu, 4->4->2 MB, 4 MB goal, 0 MB stacks, 0 MB globals, 16 P
gc 3360 @10.241s 8%: 0.16+0.71+0.095 ms clock, 2.6+0.67/1.0/0+1.5 ms cpu, 4->4->2 MB, 4 MB goal, 0 MB stacks, 0 MB globals, 16 P
gc 3361 @10.243s 8%: 0.13+0.78+0.10 ms clock, 2.1+0.55/1.0/0+1.7 ms cpu, 4->5->2 MB, 5 MB goal, 0 MB stacks, 0 MB globals, 16 P
gc 3362 @10.245s 8%: 0.18+0.55+0.13 ms clock, 2.8+0.67/1.0/0.003+2.2 ms cpu, 4->4->2 MB, 4 MB goal, 0 MB stacks, 0 MB globals, 16 P
gc 3363 @10.247s 8%: 0.12+0.71+0.12 ms clock, 2.0+0.70/0.90/0+1.9 ms cpu, 4->4->2 MB, 4 MB goal, 0 MB stacks, 0 MB globals, 16 P
gc 3364 @10.249s 8%: 0.11+0.65+0.11 ms clock, 1.8+0.58/0.97/0+1.8 ms cpu, 4->4->2 MB, 4 MB goal, 0 MB stacks, 0 MB globals, 16 P
gc 3365 @10.250s 8%: 0.14+0.72+0.15 ms clock, 2.3+0.69/1.2/0+2.5 ms cpu, 3->4->2 MB, 4 MB goal, 0 MB stacks, 0 MB globals, 16 P
gc 3366 @10.252s 8%: 0.099+0.87+0.033 ms clock, 1.5+0.71/1.4/0+0.53 ms cpu, 4->5->2 MB, 5 MB goal, 0 MB stacks, 0 MB globals, 16 P
gc 3367 @10.254s 8%: 0.097+0.65+0.11 ms clock, 1.5+0.55/1.0/0+1.8 ms cpu, 4->5->2 MB, 5 MB goal, 0 MB stacks, 0 MB globals, 16 P
gc 3368 @10.256s 8%: 0.095+0.68+0.18 ms clock, 1.5+0.67/0.88/0.040+2.9 ms cpu, 3->4->2 MB, 4 MB goal, 0 MB stacks, 0 MB globals, 16 P
gc 3369 @10.258s 8%: 0.16+0.70+0.073 ms clock, 2.5+0.67/1.0/0.011+1.1 ms cpu, 4->4->2 MB, 4 MB goal, 0 MB stacks, 0 MB globals, 16 P
gc 3370 @10.259s 8%: 0.11+0.70+0.11 ms clock, 1.8+0.83/1.0/0+1.8 ms cpu, 4->4->2 MB, 4 MB goal, 0 MB stacks, 0 MB globals, 16 P
gc 3371 @10.261s 8%: 0.14+0.57+0.12 ms clock, 2.2+0.62/0.96/0.025+1.9 ms cpu, 4->5->2 MB, 5 MB goal, 0 MB stacks, 0 MB globals, 16 P
gc 3372 @10.263s 8%: 0.089+0.77+0.16 ms clock, 1.4+0.52/0.90/0.086+2.6 ms cpu, 3->4->2 MB, 4 MB goal, 0 MB stacks, 0 MB globals, 16 P
gc 3373 @10.265s 8%: 0.13+0.84+0.15 ms clock, 2.1+0.53/1.2/0+2.4 ms cpu, 4->5->2 MB, 5 MB goal, 0 MB stacks, 0 MB globals, 16 P
gc 3374 @10.267s 8%: 0.14+0.72+0.088 ms clock, 2.2+0.72/0.79/0.071+1.4 ms cpu, 4->5->2 MB, 5 MB goal, 0 MB stacks, 0 MB globals, 16 P
gc 3375 @10.269s 8%: 0.20+0.71+0.081 ms clock, 3.2+0.68/0.93/0.009+1.3 ms cpu, 4->5->2 MB, 5 MB goal, 0 MB stacks, 0 MB globals, 16 P
gc 3376 @10.271s 8%: 0.10+0.72+0.10 ms clock, 1.6+0.55/0.92/0.012+1.6 ms cpu, 4->5->2 MB, 5 MB goal, 0 MB stacks, 0 MB globals, 16 P
gc 3377 @10.273s 8%: 0.11+0.77+0.073 ms clock, 1.7+0.56/0.88/0+1.1 ms cpu, 4->4->2 MB, 4 MB goal, 0 MB stacks, 0 MB globals, 16 P
gc 3378 @10.275s 8%: 0.10+0.55+0.14 ms clock, 1.7+0.63/0.85/0+2.3 ms cpu, 4->4->2 MB, 5 MB goal, 0 MB stacks, 0 MB globals, 16 P
gc 3379 @10.276s 8%: 0.10+0.59+0.15 ms clock, 1.7+0.58/0.90/0.063+2.4 ms cpu, 3->4->2 MB, 4 MB goal, 0 MB stacks, 0 MB globals, 16 P
gc 3380 @10.278s 8%: 0.099+0.60+0.084 ms clock, 1.5+0.65/0.96/0+1.3 ms cpu, 4->4->2 MB, 4 MB goal, 0 MB stacks, 0 MB globals, 16 P
gc 3381 @10.280s 8%: 0.13+0.56+0.16 ms clock, 2.1+0.54/1.0/0.006+2.5 ms cpu, 3->4->2 MB, 4 MB goal, 0 MB stacks, 0 MB globals, 16 P
gc 3382 @10.281s 8%: 0.18+0.73+0.056 ms clock, 2.8+0.66/0.95/0+0.91 ms cpu, 3->4->2 MB, 4 MB goal, 0 MB stacks, 0 MB globals, 16 P
gc 3383 @10.283s 8%: 0.14+0.56+0.21 ms clock, 2.2+0.64/1.0/0+3.4 ms cpu, 4->4->2 MB, 5 MB goal, 0 MB stacks, 0 MB globals, 16 P
gc 3384 @10.285s 8%: 0.16+0.98+0.10 ms clock, 2.6+0.76/0.95/0.018+1.6 ms cpu, 4->5->2 MB, 4 MB goal, 0 MB stacks, 0 MB globals, 16 P
gc 3385 @10.287s 8%: 0.13+0.67+0.15 ms clock, 2.2+0.64/1.0/0+2.4 ms cpu, 4->5->2 MB, 5 MB goal, 0 MB stacks, 0 MB globals, 16 P
gc 3386 @10.289s 8%: 0.17+0.79+0.14 ms clock, 2.7+0.80/0.82/0+2.3 ms cpu, 4->5->2 MB, 4 MB goal, 0 MB stacks, 0 MB globals, 16 P
gc 3387 @10.291s 8%: 0.16+0.64+0.12 ms clock, 2.6+0.64/1.0/0+1.9 ms cpu, 4->5->2 MB, 5 MB goal, 0 MB stacks, 0 MB globals, 16 P
gc 3388 @10.293s 8%: 0.10+0.68+0.17 ms clock, 1.7+0.67/1.2/0+2.8 ms cpu, 4->4->2 MB, 4 MB goal, 0 MB stacks, 0 MB globals, 16 P
gc 3389 @10.295s 8%: 0.14+0.63+0.11 ms clock, 2.3+0.74/1.0/0+1.7 ms cpu, 4->5->2 MB, 5 MB goal, 0 MB stacks, 0 MB globals, 16 P
gc 3390 @10.296s 8%: 0.12+0.66+0.19 ms clock, 2.0+0.66/1.1/0.005+3.1 ms cpu, 4->4->2 MB, 4 MB goal, 0 MB stacks, 0 MB globals, 16 P
gc 3391 @10.298s 8%: 0.13+0.77+0.092 ms clock, 2.1+0.76/0.87/0+1.4 ms cpu, 4->5->2 MB, 5 MB goal, 0 MB stacks, 0 MB globals, 16 P
gc 3392 @10.300s 8%: 0.10+0.54+0.096 ms clock, 1.6+0.55/0.90/0+1.5 ms cpu, 4->4->2 MB, 5 MB goal, 0 MB stacks, 0 MB globals, 16 P
gc 3393 @10.302s 8%: 0.16+0.53+0.18 ms clock, 2.6+0.83/0.80/0.030+2.9 ms cpu, 3->4->2 MB, 4 MB goal, 0 MB stacks, 0 MB globals, 16 P
gc 3394 @10.303s 8%: 0.20+0.63+0.18 ms clock, 3.3+0.85/1.0/0+2.8 ms cpu, 3->4->2 MB, 4 MB goal, 0 MB stacks, 0 MB globals, 16 P
gc 3395 @10.305s 8%: 0.14+0.58+0.13 ms clock, 2.2+0.59/1.0/0.003+2.1 ms cpu, 4->5->2 MB, 5 MB goal, 0 MB stacks, 0 MB globals, 16 P
gc 3396 @10.307s 8%: 0.24+0.68+0.15 ms clock, 3.8+0.74/0.92/0+2.4 ms cpu, 4->4->2 MB, 4 MB goal, 0 MB stacks, 0 MB globals, 16 P
gc 3397 @10.309s 8%: 0.12+0.66+0.15 ms clock, 1.9+0.40/1.1/0+2.4 ms cpu, 4->5->2 MB, 4 MB goal, 0 MB stacks, 0 MB globals, 16 P
gc 3398 @10.311s 8%: 0.10+0.64+0.16 ms clock, 1.6+0.70/0.88/0+2.6 ms cpu, 4->4->2 MB, 4 MB goal, 0 MB stacks, 0 MB globals, 16 P
gc 3399 @10.312s 8%: 0.14+0.57+0.16 ms clock, 2.2+0.62/1.0/0+2.6 ms cpu, 3->4->2 MB, 4 MB goal, 0 MB stacks, 0 MB globals, 16 P
gc 3400 @10.314s 8%: 0.14+0.66+0.17 ms clock, 2.3+0.70/1.0/0+2.7 ms cpu, 4->4->2 MB, 4 MB goal, 0 MB stacks, 0 MB globals, 16 P
gc 3401 @10.316s 8%: 0.12+0.76+0.15 ms clock, 1.9+0.53/1.1/0+2.5 ms cpu, 4->5->2 MB, 4 MB goal, 0 MB stacks, 0 MB globals, 16 P
gc 3402 @10.318s 8%: 0.12+0.82+0.10 ms clock, 2.0+0.49/0.92/0.004+1.6 ms cpu, 4->5->2 MB, 5 MB goal, 0 MB stacks, 0 MB globals, 16 P
gc 3403 @10.320s 8%: 0.14+0.66+0.10 ms clock, 2.3+0.58/0.96/0.035+1.7 ms cpu, 4->5->2 MB, 5 MB goal, 0 MB stacks, 0 MB globals, 16 P
gc 3404 @10.321s 8%: 0.11+0.58+0.10 ms clock, 1.9+0.83/0.75/0+1.6 ms cpu, 4->4->2 MB, 4 MB goal, 0 MB stacks, 0 MB globals, 16 P
gc 3405 @10.323s 8%: 0.11+0.69+0.14 ms clock, 1.8+0.54/1.0/0+2.2 ms cpu, 3->4->2 MB, 4 MB goal, 0 MB stacks, 0 MB globals, 16 P
gc 3406 @10.325s 8%: 0.11+0.57+0.17 ms clock, 1.7+0.53/0.91/0+2.7 ms cpu, 4->4->2 MB, 4 MB goal, 0 MB stacks, 0 MB globals, 16 P
gc 3407 @10.326s 8%: 0.11+0.71+0.018 ms clock, 1.8+0.60/1.0/0.026+0.29 ms cpu, 3->4->2 MB, 4 MB goal, 0 MB stacks, 0 MB globals, 16 P
gc 3408 @10.328s 8%: 0.11+0.62+0.14 ms clock, 1.8+0.63/0.94/0+2.3 ms cpu, 4->4->2 MB, 4 MB goal, 0 MB stacks, 0 MB globals, 16 P
gc 3409 @10.330s 8%: 0.11+0.54+0.13 ms clock, 1.7+0.42/0.99/0+2.1 ms cpu, 4->4->2 MB, 4 MB goal, 0 MB stacks, 0 MB globals, 16 P
gc 3410 @10.331s 8%: 0.075+0.68+0.21 ms clock, 1.2+0.66/0.96/0.070+3.4 ms cpu, 3->4->2 MB, 4 MB goal, 0 MB stacks, 0 MB globals, 16 P
gc 3411 @10.333s 8%: 0.17+0.74+0.16 ms clock, 2.7+0.53/0.96/0.093+2.7 ms cpu, 3->4->2 MB, 4 MB goal, 0 MB stacks, 0 MB globals, 16 P
gc 3412 @10.335s 8%: 0.12+0.72+0.14 ms clock, 2.0+0.59/0.92/0+2.3 ms cpu, 4->5->2 MB, 5 MB goal, 0 MB stacks, 0 MB globals, 16 P
gc 3413 @10.337s 8%: 0.091+0.69+0.16 ms clock, 1.4+0.53/0.92/0+2.6 ms cpu, 4->5->2 MB, 5 MB goal, 0 MB stacks, 0 MB globals, 16 P
gc 3414 @10.338s 8%: 0.11+0.60+0.12 ms clock, 1.8+0.55/0.94/0+1.9 ms cpu, 4->4->2 MB, 4 MB goal, 0 MB stacks, 0 MB globals, 16 P
gc 3415 @10.340s 8%: 0.16+0.98+0.096 ms clock, 2.6+0.65/0.97/0+1.5 ms cpu, 4->5->2 MB, 4 MB goal, 0 MB stacks, 0 MB globals, 16 P
gc 3416 @10.343s 8%: 0.15+0.76+0.10 ms clock, 2.4+0.57/0.93/0+1.6 ms cpu, 4->5->2 MB, 5 MB goal, 0 MB stacks, 0 MB globals, 16 P
gc 3417 @10.345s 8%: 0.14+0.58+0.15 ms clock, 2.2+0.61/0.88/0+2.5 ms cpu, 4->5->2 MB, 5 MB goal, 0 MB stacks, 0 MB globals, 16 P
gc 3418 @10.346s 8%: 0.10+0.59+0.10 ms clock, 1.7+0.57/1.0/0+1.7 ms cpu, 4->5->2 MB, 4 MB goal, 0 MB stacks, 0 MB globals, 16 P
gc 3419 @10.348s 8%: 0.13+0.72+0.13 ms clock, 2.2+0.60/0.93/0+2.0 ms cpu, 4->4->2 MB, 4 MB goal, 0 MB stacks, 0 MB globals, 16 P
gc 3420 @10.350s 8%: 0.15+0.81+0.21 ms clock, 2.4+0.67/1.0/0+3.4 ms cpu, 4->5->2 MB, 4 MB goal, 0 MB stacks, 0 MB globals, 16 P
gc 3421 @10.352s 8%: 0.19+0.58+0.16 ms clock, 3.1+0.83/0.90/0+2.6 ms cpu, 4->5->2 MB, 5 MB goal, 0 MB stacks, 0 MB globals, 16 P
gc 3422 @10.354s 8%: 0.14+0.63+0.13 ms clock, 2.2+0.56/0.98/0+2.2 ms cpu, 4->5->2 MB, 4 MB goal, 0 MB stacks, 0 MB globals, 16 P
gc 3423 @10.356s 8%: 0.14+0.64+0.16 ms clock, 2.3+0.55/1.0/0+2.6 ms cpu, 4->5->2 MB, 4 MB goal, 0 MB stacks, 0 MB globals, 16 P
gc 3424 @10.358s 8%: 0.14+0.72+0.17 ms clock, 2.2+0.47/0.91/0.036+2.7 ms cpu, 4->4->2 MB, 4 MB goal, 0 MB stacks, 0 MB globals, 16 P
gc 3425 @10.359s 8%: 0.16+0.54+0.14 ms clock, 2.5+0.49/0.99/0+2.3 ms cpu, 4->4->2 MB, 4 MB goal, 0 MB stacks, 0 MB globals, 16 P
gc 3426 @10.361s 8%: 0.10+0.67+0.14 ms clock, 1.7+0.51/1.0/0.003+2.2 ms cpu, 4->5->2 MB, 4 MB goal, 0 MB stacks, 0 MB globals, 16 P
gc 3427 @10.363s 8%: 0.10+0.88+0.037 ms clock, 1.6+0.50/1.0/0.007+0.60 ms cpu, 4->5->2 MB, 5 MB goal, 0 MB stacks, 0 MB globals, 16 P
gc 3428 @10.365s 8%: 0.096+0.62+0.13 ms clock, 1.5+0.58/1.0/0.055+2.1 ms cpu, 4->5->2 MB, 5 MB goal, 0 MB stacks, 0 MB globals, 16 P
gc 3429 @10.367s 8%: 0.13+0.68+0.21 ms clock, 2.2+0.60/0.95/0+3.4 ms cpu, 4->4->2 MB, 4 MB goal, 0 MB stacks, 0 MB globals, 16 P
gc 3430 @10.369s 8%: 0.10+0.85+0.081 ms clock, 1.6+0.55/0.95/0.010+1.3 ms cpu, 4->5->2 MB, 4 MB goal, 0 MB stacks, 0 MB globals, 16 P
gc 3431 @10.371s 8%: 0.14+0.68+0.11 ms clock, 2.3+0.62/0.95/0+1.8 ms cpu, 4->5->2 MB, 5 MB goal, 0 MB stacks, 0 MB globals, 16 P
gc 3432 @10.373s 8%: 0.10+0.82+0.14 ms clock, 1.7+0.61/1.1/0.018+2.3 ms cpu, 4->5->2 MB, 4 MB goal, 0 MB stacks, 0 MB globals, 16 P
gc 3433 @10.375s 8%: 0.11+0.58+0.11 ms clock, 1.8+0.62/1.0/0.002+1.8 ms cpu, 4->5->2 MB, 5 MB goal, 0 MB stacks, 0 MB globals, 16 P
gc 3434 @10.376s 8%: 0.14+0.73+0.13 ms clock, 2.3+0.58/1.2/0+2.1 ms cpu, 3->4->2 MB, 4 MB goal, 0 MB stacks, 0 MB globals, 16 P
gc 3435 @10.378s 8%: 0.13+0.57+0.14 ms clock, 2.0+0.73/0.99/0+2.3 ms cpu, 4->5->2 MB, 5 MB goal, 0 MB stacks, 0 MB globals, 16 P
gc 3436 @10.380s 8%: 0.13+0.84+0.071 ms clock, 2.0+0.82/0.91/0+1.1 ms cpu, 3->5->2 MB, 4 MB goal, 0 MB stacks, 0 MB globals, 16 P
gc 3437 @10.382s 8%: 0.15+0.74+0.14 ms clock, 2.4+0.59/0.96/0+2.2 ms cpu, 4->5->2 MB, 5 MB goal, 0 MB stacks, 0 MB globals, 16 P
gc 3438 @10.384s 8%: 0.11+0.55+0.14 ms clock, 1.7+0.71/0.97/0.006+2.2 ms cpu, 4->4->2 MB, 4 MB goal, 0 MB stacks, 0 MB globals, 16 P
gc 3439 @10.386s 8%: 0.14+0.64+0.18 ms clock, 2.3+0.79/1.0/0.007+2.9 ms cpu, 4->4->2 MB, 4 MB goal, 0 MB stacks, 0 MB globals, 16 P
gc 3440 @10.387s 8%: 0.11+1.0+0.10 ms clock, 1.8+0.71/1.1/0+1.6 ms cpu, 4->5->2 MB, 4 MB goal, 0 MB stacks, 0 MB globals, 16 P
gc 3441 @10.390s 8%: 0.16+0.78+0.10 ms clock, 2.6+0.68/0.97/0.035+1.6 ms cpu, 4->5->2 MB, 5 MB goal, 0 MB stacks, 0 MB globals, 16 P
gc 3442 @10.392s 8%: 0.12+0.71+0.14 ms clock, 1.9+0.47/1.0/0.018+2.2 ms cpu, 4->5->2 MB, 5 MB goal, 0 MB stacks, 0 MB globals, 16 P
gc 3443 @10.393s 8%: 0.12+0.74+0.17 ms clock, 2.0+0.58/1.1/0+2.8 ms cpu, 4->5->2 MB, 4 MB goal, 0 MB stacks, 0 MB globals, 16 P
gc 3444 @10.396s 8%: 0.12+0.84+0.22 ms clock, 1.9+0.65/1.1/0+3.6 ms cpu, 4->5->2 MB, 5 MB goal, 0 MB stacks, 0 MB globals, 16 P
gc 3445 @10.398s 8%: 0.12+0.63+0.17 ms clock, 2.0+0.61/1.0/0.008+2.7 ms cpu, 4->5->2 MB, 5 MB goal, 0 MB stacks, 0 MB globals, 16 P
gc 3446 @10.399s 8%: 0.14+0.68+0.093 ms clock, 2.2+0.58/1.0/0+1.4 ms cpu, 4->4->2 MB, 4 MB goal, 0 MB stacks, 0 MB globals, 16 P
gc 3447 @10.401s 8%: 0.13+0.58+0.11 ms clock, 2.2+0.53/0.97/0+1.7 ms cpu, 4->5->2 MB, 5 MB goal, 0 MB stacks, 0 MB globals, 16 P
gc 3448 @10.403s 8%: 0.099+0.59+0.10 ms clock, 1.5+0.48/0.91/0+1.7 ms cpu, 4->4->2 MB, 4 MB goal, 0 MB stacks, 0 MB globals, 16 P
gc 3449 @10.405s 8%: 0.12+0.66+0.20 ms clock, 1.9+0.54/0.94/0.004+3.2 ms cpu, 3->4->2 MB, 4 MB goal, 0 MB stacks, 0 MB globals, 16 P
gc 3450 @10.406s 8%: 0.12+0.81+0.11 ms clock, 2.0+0.72/0.93/0+1.8 ms cpu, 3->5->2 MB, 4 MB goal, 0 MB stacks, 0 MB globals, 16 P
gc 3451 @10.408s 8%: 0.12+0.88+0.090 ms clock, 2.0+0.68/1.0/0+1.4 ms cpu, 4->5->2 MB, 5 MB goal, 0 MB stacks, 0 MB globals, 16 P
gc 3452 @10.410s 8%: 0.14+0.73+0.18 ms clock, 2.2+0.68/0.96/0+2.9 ms cpu, 4->5->2 MB, 5 MB goal, 0 MB stacks, 0 MB globals, 16 P
gc 3453 @10.413s 8%: 0.14+0.91+0.10 ms clock, 2.3+0.59/1.0/0+1.7 ms cpu, 4->5->2 MB, 5 MB goal, 0 MB stacks, 0 MB globals, 16 P
gc 3454 @10.415s 8%: 0.12+0.82+0.16 ms clock, 2.0+0.71/0.92/0+2.6 ms cpu, 4->5->2 MB, 5 MB goal, 0 MB stacks, 0 MB globals, 16 P
gc 3455 @10.417s 8%: 0.11+0.96+0.047 ms clock, 1.8+0.74/1.0/0+0.75 ms cpu, 4->5->2 MB, 5 MB goal, 0 MB stacks, 0 MB globals, 16 P
gc 3456 @10.419s 8%: 0.12+0.69+0.13 ms clock, 2.0+0.54/0.95/0+2.2 ms cpu, 4->5->2 MB, 5 MB goal, 0 MB stacks, 0 MB globals, 16 P
gc 3457 @10.421s 8%: 0.081+0.54+0.14 ms clock, 1.3+0.59/0.99/0+2.3 ms cpu, 4->4->2 MB, 4 MB goal, 0 MB stacks, 0 MB globals, 16 P
gc 3458 @10.422s 8%: 0.11+0.59+0.10 ms clock, 1.8+0.59/0.92/0+1.6 ms cpu, 3->4->2 MB, 4 MB goal, 0 MB stacks, 0 MB globals, 16 P
gc 3459 @10.424s 8%: 0.12+0.63+0.096 ms clock, 1.9+0.61/0.89/0.002+1.5 ms cpu, 4->4->2 MB, 4 MB goal, 0 MB stacks, 0 MB globals, 16 P
gc 3460 @10.426s 8%: 0.12+0.56+0.12 ms clock, 1.9+0.50/1.0/0+2.0 ms cpu, 4->4->2 MB, 4 MB goal, 0 MB stacks, 0 MB globals, 16 P
gc 3461 @10.427s 8%: 0.14+0.63+0.16 ms clock, 2.3+0.67/0.83/0+2.6 ms cpu, 4->4->2 MB, 4 MB goal, 0 MB stacks, 0 MB globals, 16 P
gc 3462 @10.429s 8%: 0.097+1.1+0.10 ms clock, 1.5+0.68/0.85/0+1.6 ms cpu, 4->5->2 MB, 4 MB goal, 0 MB stacks, 0 MB globals, 16 P
gc 3463 @10.432s 8%: 0.11+0.58+0.19 ms clock, 1.8+0.68/0.91/0+3.0 ms cpu, 4->5->2 MB, 5 MB goal, 0 MB stacks, 0 MB globals, 16 P
gc 3464 @10.433s 8%: 0.11+0.70+0.14 ms clock, 1.8+0.51/0.84/0+2.3 ms cpu, 4->4->2 MB, 4 MB goal, 0 MB stacks, 0 MB globals, 16 P
gc 3465 @10.435s 8%: 0.10+0.65+0.20 ms clock, 1.6+0.64/0.94/0+3.2 ms cpu, 3->4->2 MB, 4 MB goal, 0 MB stacks, 0 MB globals, 16 P
gc 3466 @10.437s 8%: 0.13+0.60+0.12 ms clock, 2.0+0.68/0.90/0+1.9 ms cpu, 4->4->2 MB, 4 MB goal, 0 MB stacks, 0 MB globals, 16 P
gc 3467 @10.439s 8%: 0.10+0.62+0.13 ms clock, 1.6+0.81/0.84/0+2.1 ms cpu, 3->4->2 MB, 4 MB goal, 0 MB stacks, 0 MB globals, 16 P
gc 3468 @10.440s 8%: 0.14+0.71+0.18 ms clock, 2.2+0.61/1.0/0+2.9 ms cpu, 3->4->2 MB, 4 MB goal, 0 MB stacks, 0 MB globals, 16 P
gc 3469 @10.442s 8%: 0.11+0.71+0.13 ms clock, 1.8+0.59/0.92/0+2.1 ms cpu, 4->5->2 MB, 4 MB goal, 0 MB stacks, 0 MB globals, 16 P
gc 3470 @10.444s 8%: 0.12+0.89+0.068 ms clock, 1.9+0.65/1.0/0+1.0 ms cpu, 4->5->2 MB, 5 MB goal, 0 MB stacks, 0 MB globals, 16 P
gc 3471 @10.446s 8%: 0.12+0.93+0.051 ms clock, 1.9+0.50/0.94/0+0.83 ms cpu, 4->5->2 MB, 5 MB goal, 0 MB stacks, 0 MB globals, 16 P
gc 3472 @10.448s 8%: 0.18+0.60+0.19 ms clock, 3.0+0.74/0.89/0+3.0 ms cpu, 4->5->2 MB, 5 MB goal, 0 MB stacks, 0 MB globals, 16 P
gc 3473 @10.450s 8%: 0.082+0.77+0.10 ms clock, 1.3+0.58/1.1/0+1.6 ms cpu, 4->5->2 MB, 5 MB goal, 0 MB stacks, 0 MB globals, 16 P
gc 3474 @10.452s 8%: 0.15+0.87+0.10 ms clock, 2.4+0.54/1.0/0+1.6 ms cpu, 4->5->2 MB, 5 MB goal, 0 MB stacks, 0 MB globals, 16 P
gc 3475 @10.454s 8%: 0.11+0.60+0.12 ms clock, 1.8+0.61/0.95/0+2.0 ms cpu, 4->5->2 MB, 5 MB goal, 0 MB stacks, 0 MB globals, 16 P
gc 3476 @10.456s 8%: 0.12+0.60+0.16 ms clock, 1.9+0.62/1.0/0+2.6 ms cpu, 4->4->2 MB, 4 MB goal, 0 MB stacks, 0 MB globals, 16 P
gc 3477 @10.457s 8%: 0.10+0.79+0.11 ms clock, 1.6+0.44/0.99/0+1.8 ms cpu, 4->5->2 MB, 4 MB goal, 0 MB stacks, 0 MB globals, 16 P
gc 3478 @10.459s 8%: 0.14+0.58+0.14 ms clock, 2.3+0.61/0.99/0.002+2.3 ms cpu, 4->5->2 MB, 5 MB goal, 0 MB stacks, 0 MB globals, 16 P
gc 3479 @10.461s 8%: 0.12+0.64+0.098 ms clock, 1.9+0.68/0.84/0.002+1.5 ms cpu, 3->4->2 MB, 4 MB goal, 0 MB stacks, 0 MB globals, 16 P
gc 3480 @10.463s 8%: 0.13+0.70+0.10 ms clock, 2.1+0.64/1.0/0+1.6 ms cpu, 3->4->2 MB, 4 MB goal, 0 MB stacks, 0 MB globals, 16 P
gc 3481 @10.465s 8%: 0.17+0.78+0.086 ms clock, 2.8+0.61/1.1/0+1.3 ms cpu, 4->5->2 MB, 4 MB goal, 0 MB stacks, 0 MB globals, 16 P
gc 3482 @10.467s 8%: 0.15+0.80+0.11 ms clock, 2.4+0.67/0.88/0.061+1.8 ms cpu, 4->5->2 MB, 5 MB goal, 0 MB stacks, 0 MB globals, 16 P
gc 3483 @10.469s 8%: 0.12+0.70+0.20 ms clock, 2.0+0.70/0.88/0+3.2 ms cpu, 4->5->2 MB, 5 MB goal, 0 MB stacks, 0 MB globals, 16 P
gc 3484 @10.470s 8%: 0.13+0.76+0.13 ms clock, 2.1+0.60/0.96/0+2.1 ms cpu, 4->5->2 MB, 4 MB goal, 0 MB stacks, 0 MB globals, 16 P
gc 3485 @10.473s 8%: 0.20+0.65+0.12 ms clock, 3.2+0.68/0.81/0+1.9 ms cpu, 4->5->2 MB, 5 MB goal, 0 MB stacks, 0 MB globals, 16 P
gc 3486 @10.474s 8%: 0.18+0.80+0.14 ms clock, 2.8+0.74/1.0/0+2.2 ms cpu, 3->5->2 MB, 4 MB goal, 0 MB stacks, 0 MB globals, 16 P
gc 3487 @10.477s 8%: 0.15+0.75+0.22 ms clock, 2.4+0.60/0.95/0.012+3.5 ms cpu, 4->5->2 MB, 5 MB goal, 0 MB stacks, 0 MB globals, 16 P
gc 3488 @10.479s 8%: 0.13+1.0+0.11 ms clock, 2.1+0.64/0.95/0+1.8 ms cpu, 4->5->2 MB, 4 MB goal, 0 MB stacks, 0 MB globals, 16 P
gc 3489 @10.481s 8%: 0.15+0.68+0.16 ms clock, 2.5+0.68/0.83/0+2.6 ms cpu, 5->5->2 MB, 6 MB goal, 0 MB stacks, 0 MB globals, 16 P
gc 3490 @10.483s 8%: 0.14+0.60+0.19 ms clock, 2.3+0.63/0.98/0.002+3.0 ms cpu, 4->4->2 MB, 4 MB goal, 0 MB stacks, 0 MB globals, 16 P
gc 3491 @10.485s 8%: 0.11+0.84+0.096 ms clock, 1.7+0.61/0.89/0+1.5 ms cpu, 4->5->2 MB, 4 MB goal, 0 MB stacks, 0 MB globals, 16 P
gc 3492 @10.487s 8%: 0.15+0.62+0.18 ms clock, 2.4+0.69/0.78/0+2.8 ms cpu, 4->4->2 MB, 5 MB goal, 0 MB stacks, 0 MB globals, 16 P
gc 3493 @10.488s 8%: 0.17+0.69+0.094 ms clock, 2.8+0.72/0.95/0+1.5 ms cpu, 3->4->2 MB, 4 MB goal, 0 MB stacks, 0 MB globals, 16 P
gc 3494 @10.490s 8%: 0.096+0.71+0.10 ms clock, 1.5+0.72/0.80/0+1.6 ms cpu, 4->4->2 MB, 4 MB goal, 0 MB stacks, 0 MB globals, 16 P
gc 3495 @10.492s 8%: 0.12+0.61+0.13 ms clock, 1.9+0.68/0.91/0+2.0 ms cpu, 4->4->2 MB, 4 MB goal, 0 MB stacks, 0 MB globals, 16 P
gc 3496 @10.493s 8%: 0.14+0.71+0.12 ms clock, 2.2+0.63/1.0/0+2.0 ms cpu, 3->4->2 MB, 4 MB goal, 0 MB stacks, 0 MB globals, 16 P
gc 3497 @10.495s 8%: 0.10+0.60+0.13 ms clock, 1.7+0.71/1.1/0+2.1 ms cpu, 4->5->2 MB, 4 MB goal, 0 MB stacks, 0 MB globals, 16 P
gc 3498 @10.497s 8%: 0.11+0.54+0.18 ms clock, 1.8+0.63/1.0/0.021+2.9 ms cpu, 4->5->2 MB, 5 MB goal, 0 MB stacks, 0 MB globals, 16 P
gc 3499 @10.499s 8%: 0.13+0.68+0.15 ms clock, 2.1+0.67/0.94/0+2.4 ms cpu, 4->4->2 MB, 4 MB goal, 0 MB stacks, 0 MB globals, 16 P
gc 3500 @10.501s 8%: 0.12+0.68+0.18 ms clock, 2.0+0.64/0.88/0+2.9 ms cpu, 4->5->2 MB, 5 MB goal, 0 MB stacks, 0 MB globals, 16 P
gc 3501 @10.503s 8%: 0.16+0.49+0.15 ms clock, 2.6+0.58/0.80/0+2.5 ms cpu, 4->4->2 MB, 4 MB goal, 0 MB stacks, 0 MB globals, 16 P
gc 3502 @10.504s 8%: 0.11+0.60+0.13 ms clock, 1.9+0.68/0.84/0+2.1 ms cpu, 3->4->2 MB, 4 MB goal, 0 MB stacks, 0 MB globals, 16 P
gc 3503 @10.506s 8%: 0.15+0.69+0.12 ms clock, 2.5+0.65/0.88/0+1.9 ms cpu, 4->4->2 MB, 4 MB goal, 0 MB stacks, 0 MB globals, 16 P
gc 3504 @10.508s 8%: 0.13+0.52+0.12 ms clock, 2.1+0.51/0.91/0.028+2.0 ms cpu, 4->4->2 MB, 4 MB goal, 0 MB stacks, 0 MB globals, 16 P
gc 3505 @10.509s 8%: 0.15+0.68+0.13 ms clock, 2.5+0.57/1.0/0.005+2.1 ms cpu, 3->4->2 MB, 4 MB goal, 0 MB stacks, 0 MB globals, 16 P
gc 3506 @10.511s 8%: 0.12+0.66+0.11 ms clock, 2.0+0.49/1.1/0+1.8 ms cpu, 4->5->2 MB, 5 MB goal, 0 MB stacks, 0 MB globals, 16 P
gc 3507 @10.513s 8%: 0.10+0.78+0.20 ms clock, 1.6+0.70/1.0/0+3.2 ms cpu, 4->5->2 MB, 4 MB goal, 0 MB stacks, 0 MB globals, 16 P
gc 3508 @10.515s 8%: 0.13+0.55+0.20 ms clock, 2.1+0.59/0.88/0.005+3.2 ms cpu, 4->5->2 MB, 5 MB goal, 0 MB stacks, 0 MB globals, 16 P
gc 3509 @10.517s 8%: 0.10+0.71+0.10 ms clock, 1.6+0.61/0.83/0.022+1.7 ms cpu, 4->4->2 MB, 4 MB goal, 0 MB stacks, 0 MB globals, 16 P
gc 3510 @10.519s 8%: 0.15+0.52+0.079 ms clock, 2.4+0.52/0.93/0.094+1.2 ms cpu, 4->4->2 MB, 5 MB goal, 0 MB stacks, 0 MB globals, 16 P
gc 3511 @10.520s 8%: 0.12+0.85+0.078 ms clock, 1.9+0.69/0.95/0+1.2 ms cpu, 3->4->2 MB, 4 MB goal, 0 MB stacks, 0 MB globals, 16 P
gc 3512 @10.522s 8%: 0.13+0.78+0.075 ms clock, 2.1+0.66/0.83/0+1.2 ms cpu, 4->5->2 MB, 5 MB goal, 0 MB stacks, 0 MB globals, 16 P
gc 3513 @10.525s 8%: 0.15+0.73+0.11 ms clock, 2.4+0.63/1.0/0+1.7 ms cpu, 4->5->2 MB, 5 MB goal, 0 MB stacks, 0 MB globals, 16 P
gc 3514 @10.526s 8%: 0.13+0.57+0.15 ms clock, 2.1+0.47/1.0/0+2.4 ms cpu, 4->4->2 MB, 5 MB goal, 0 MB stacks, 0 MB globals, 16 P
gc 3515 @10.528s 8%: 0.15+0.73+0.080 ms clock, 2.5+0.63/0.96/0+1.2 ms cpu, 3->4->2 MB, 4 MB goal, 0 MB stacks, 0 MB globals, 16 P
gc 3516 @10.530s 8%: 0.10+0.58+0.19 ms clock, 1.6+0.55/1.0/0+3.1 ms cpu, 4->5->2 MB, 5 MB goal, 0 MB stacks, 0 MB globals, 16 P
gc 3517 @10.532s 8%: 0.10+0.63+0.23 ms clock, 1.6+0.59/0.87/0+3.7 ms cpu, 4->4->2 MB, 4 MB goal, 0 MB stacks, 0 MB globals, 16 P
gc 3518 @10.533s 8%: 0.13+0.60+0.091 ms clock, 2.1+0.57/1.1/0+1.4 ms cpu, 4->4->2 MB, 4 MB goal, 0 MB stacks, 0 MB globals, 16 P
gc 3519 @10.535s 8%: 0.18+0.72+0.10 ms clock, 2.9+0.61/0.84/0+1.6 ms cpu, 4->5->2 MB, 4 MB goal, 0 MB stacks, 0 MB globals, 16 P
gc 3520 @10.537s 8%: 0.16+0.86+0.15 ms clock, 2.6+0.59/0.94/0.013+2.5 ms cpu, 4->5->2 MB, 5 MB goal, 0 MB stacks, 0 MB globals, 16 P
gc 3521 @10.539s 8%: 0.11+0.55+0.10 ms clock, 1.8+0.55/1.0/0.002+1.6 ms cpu, 4->5->2 MB, 5 MB goal, 0 MB stacks, 0 MB globals, 16 P
gc 3522 @10.541s 8%: 0.13+0.74+0.12 ms clock, 2.2+0.65/0.93/0+1.9 ms cpu, 3->4->2 MB, 4 MB goal, 0 MB stacks, 0 MB globals, 16 P
gc 3523 @10.543s 8%: 0.099+0.66+0.14 ms clock, 1.5+0.68/0.90/0+2.2 ms cpu, 4->5->2 MB, 5 MB goal, 0 MB stacks, 0 MB globals, 16 P
gc 3524 @10.545s 8%: 0.14+0.73+0.088 ms clock, 2.3+0.63/1.0/0+1.4 ms cpu, 4->5->2 MB, 4 MB goal, 0 MB stacks, 0 MB globals, 16 P
gc 3525 @10.547s 8%: 0.10+0.62+0.096 ms clock, 1.6+0.58/1.0/0+1.5 ms cpu, 4->5->2 MB, 5 MB goal, 0 MB stacks, 0 MB globals, 16 P
gc 3526 @10.549s 8%: 0.10+0.67+0.097 ms clock, 1.7+0.45/1.1/0.005+1.5 ms cpu, 3->4->2 MB, 4 MB goal, 0 MB stacks, 0 MB globals, 16 P
gc 3527 @10.550s 8%: 0.12+0.64+0.11 ms clock, 2.0+0.50/1.1/0+1.8 ms cpu, 4->5->2 MB, 4 MB goal, 0 MB stacks, 0 MB globals, 16 P
gc 3528 @10.552s 8%: 0.16+0.49+0.11 ms clock, 2.5+0.70/0.90/0+1.8 ms cpu, 4->4->2 MB, 4 MB goal, 0 MB stacks, 0 MB globals, 16 P
gc 3529 @10.554s 8%: 0.10+0.69+0.15 ms clock, 1.6+0.63/1.0/0+2.5 ms cpu, 3->4->2 MB, 4 MB goal, 0 MB stacks, 0 MB globals, 16 P
gc 3530 @10.556s 8%: 0.14+0.82+0.12 ms clock, 2.3+0.64/1.0/0+2.0 ms cpu, 4->5->2 MB, 4 MB goal, 0 MB stacks, 0 MB globals, 16 P
gc 3531 @10.558s 8%: 0.11+0.81+0.14 ms clock, 1.7+0.73/1.1/0+2.3 ms cpu, 4->5->2 MB, 5 MB goal, 0 MB stacks, 0 MB globals, 16 P
gc 3532 @10.560s 8%: 0.20+0.59+0.16 ms clock, 3.3+0.94/0.94/0+2.5 ms cpu, 4->5->2 MB, 5 MB goal, 0 MB stacks, 0 MB globals, 16 P
gc 3533 @10.562s 8%: 0.12+0.95+0.083 ms clock, 1.9+1.0/0.96/0+1.3 ms cpu, 3->5->2 MB, 4 MB goal, 0 MB stacks, 0 MB globals, 16 P
gc 3534 @10.564s 8%: 0.095+0.79+0.087 ms clock, 1.5+0.57/1.0/0.071+1.4 ms cpu, 4->5->2 MB, 5 MB goal, 0 MB stacks, 0 MB globals, 16 P
gc 3535 @10.565s 8%: 0.11+0.98+0.13 ms clock, 1.7+0.78/1.1/0+2.1 ms cpu, 4->5->2 MB, 5 MB goal, 0 MB stacks, 0 MB globals, 16 P
gc 3536 @10.568s 8%: 0.13+0.53+0.12 ms clock, 2.0+0.72/0.94/0+2.0 ms cpu, 4->5->2 MB, 5 MB goal, 0 MB stacks, 0 MB globals, 16 P
gc 3537 @10.570s 8%: 0.22+0.68+0.13 ms clock, 3.6+0.65/0.84/0+2.1 ms cpu, 4->4->2 MB, 4 MB goal, 0 MB stacks, 0 MB globals, 16 P
gc 3538 @10.571s 8%: 0.17+0.58+0.13 ms clock, 2.8+0.63/1.0/0+2.1 ms cpu, 4->4->2 MB, 4 MB goal, 0 MB stacks, 0 MB globals, 16 P
gc 3539 @10.573s 8%: 0.10+0.72+0.15 ms clock, 1.7+0.70/1.0/0+2.4 ms cpu, 4->4->2 MB, 4 MB goal, 0 MB stacks, 0 MB globals, 16 P
gc 3540 @10.575s 8%: 0.10+0.74+0.14 ms clock, 1.7+0.57/1.0/0.012+2.2 ms cpu, 4->5->2 MB, 4 MB goal, 0 MB stacks, 0 MB globals, 16 P
gc 3541 @10.577s 8%: 0.11+0.76+0.15 ms clock, 1.9+0.61/1.0/0+2.4 ms cpu, 4->5->2 MB, 5 MB goal, 0 MB stacks, 0 MB globals, 16 P
gc 3542 @10.579s 8%: 0.12+0.82+0.078 ms clock, 1.9+0.54/1.1/0.044+1.2 ms cpu, 4->5->2 MB, 4 MB goal, 0 MB stacks, 0 MB globals, 16 P
gc 3543 @10.581s 8%: 0.10+0.73+0.16 ms clock, 1.7+0.58/0.88/0+2.6 ms cpu, 4->4->2 MB, 4 MB goal, 0 MB stacks, 0 MB globals, 16 P
gc 3544 @10.582s 8%: 0.11+0.46+0.12 ms clock, 1.8+0.57/0.92/0.013+2.0 ms cpu, 4->4->2 MB, 4 MB goal, 0 MB stacks, 0 MB globals, 16 P
gc 3545 @10.584s 8%: 0.13+0.62+0.091 ms clock, 2.2+0.74/0.84/0+1.4 ms cpu, 3->4->2 MB, 4 MB goal, 0 MB stacks, 0 MB globals, 16 P
gc 3546 @10.586s 8%: 0.14+0.75+0.13 ms clock, 2.3+0.64/0.98/0+2.1 ms cpu, 4->5->2 MB, 4 MB goal, 0 MB stacks, 0 MB globals, 16 P
gc 3547 @10.588s 8%: 0.16+0.57+0.14 ms clock, 2.6+0.77/0.95/0+2.2 ms cpu, 4->5->2 MB, 5 MB goal, 0 MB stacks, 0 MB globals, 16 P
gc 3548 @10.589s 8%: 0.14+0.74+0.091 ms clock, 2.3+0.73/0.97/0+1.4 ms cpu, 4->4->2 MB, 4 MB goal, 0 MB stacks, 0 MB globals, 16 P
gc 3549 @10.591s 8%: 0.12+0.79+0.12 ms clock, 1.9+0.72/0.92/0+2.0 ms cpu, 4->5->2 MB, 5 MB goal, 0 MB stacks, 0 MB globals, 16 P
gc 3550 @10.593s 8%: 0.089+0.84+0.10 ms clock, 1.4+0.60/1.1/0+1.7 ms cpu, 4->5->2 MB, 4 MB goal, 0 MB stacks, 0 MB globals, 16 P
gc 3551 @10.595s 8%: 0.10+0.67+0.13 ms clock, 1.6+0.46/1.0/0.018+2.2 ms cpu, 4->5->2 MB, 5 MB goal, 0 MB stacks, 0 MB globals, 16 P
gc 3552 @10.597s 8%: 0.093+0.82+0.097 ms clock, 1.5+0.62/0.94/0+1.5 ms cpu, 4->5->2 MB, 4 MB goal, 0 MB stacks, 0 MB globals, 16 P
gc 3553 @10.599s 8%: 0.10+0.68+0.18 ms clock, 1.7+0.71/0.74/0+2.9 ms cpu, 4->5->2 MB, 5 MB goal, 0 MB stacks, 0 MB globals, 16 P
gc 3554 @10.601s 8%: 0.14+0.80+0.097 ms clock, 2.2+0.61/0.98/0+1.5 ms cpu, 4->4->2 MB, 4 MB goal, 0 MB stacks, 0 MB globals, 16 P
gc 3555 @10.603s 8%: 0.10+0.72+0.10 ms clock, 1.7+0.60/0.99/0.005+1.6 ms cpu, 4->5->2 MB, 5 MB goal, 0 MB stacks, 0 MB globals, 16 P
gc 3556 @10.605s 8%: 0.13+0.87+0.049 ms clock, 2.0+0.53/0.93/0+0.78 ms cpu, 4->5->2 MB, 5 MB goal, 0 MB stacks, 0 MB globals, 16 P
gc 3557 @10.607s 8%: 0.16+0.71+0.19 ms clock, 2.6+0.63/1.0/0.023+3.1 ms cpu, 4->5->2 MB, 5 MB goal, 0 MB stacks, 0 MB globals, 16 P
gc 3558 @10.609s 8%: 0.13+1.0+0.099 ms clock, 2.1+0.65/1.0/0+1.5 ms cpu, 4->5->2 MB, 5 MB goal, 0 MB stacks, 0 MB globals, 16 P
gc 3559 @10.612s 8%: 0.10+0.59+0.17 ms clock, 1.6+0.64/1.0/0+2.8 ms cpu, 5->5->2 MB, 5 MB goal, 0 MB stacks, 0 MB globals, 16 P
gc 3560 @10.613s 8%: 0.16+0.76+0.093 ms clock, 2.5+0.57/0.82/0+1.5 ms cpu, 4->4->2 MB, 4 MB goal, 0 MB stacks, 0 MB globals, 16 P
gc 3561 @10.615s 8%: 0.20+0.92+0.12 ms clock, 3.3+0.82/1.2/0+2.0 ms cpu, 3->5->2 MB, 4 MB goal, 0 MB stacks, 0 MB globals, 16 P
gc 3562 @10.617s 8%: 0.10+0.95+0.076 ms clock, 1.6+0.76/1.0/0.012+1.2 ms cpu, 4->5->2 MB, 5 MB goal, 0 MB stacks, 0 MB globals, 16 P
gc 3563 @10.619s 8%: 0.16+0.57+0.23 ms clock, 2.6+0.69/1.0/0+3.7 ms cpu, 4->5->2 MB, 5 MB goal, 0 MB stacks, 0 MB globals, 16 P
gc 3564 @10.621s 8%: 0.089+0.71+0.10 ms clock, 1.4+0.43/1.1/0.015+1.6 ms cpu, 4->5->2 MB, 4 MB goal, 0 MB stacks, 0 MB globals, 16 P
gc 3565 @10.623s 8%: 0.14+0.81+0.10 ms clock, 2.3+0.59/0.98/0+1.6 ms cpu, 4->5->2 MB, 4 MB goal, 0 MB stacks, 0 MB globals, 16 P
gc 3566 @10.625s 8%: 0.11+0.72+0.10 ms clock, 1.7+0.66/0.86/0+1.6 ms cpu, 4->5->2 MB, 5 MB goal, 0 MB stacks, 0 MB globals, 16 P
gc 3567 @10.627s 8%: 0.094+0.72+0.17 ms clock, 1.5+0.60/0.91/0+2.8 ms cpu, 4->5->2 MB, 5 MB goal, 0 MB stacks, 0 MB globals, 16 P
gc 3568 @10.629s 8%: 0.11+0.66+0.10 ms clock, 1.8+0.59/0.99/0.001+1.7 ms cpu, 4->5->2 MB, 5 MB goal, 0 MB stacks, 0 MB globals, 16 P
gc 3569 @10.631s 8%: 0.11+0.65+0.11 ms clock, 1.8+0.57/1.0/0+1.7 ms cpu, 4->4->2 MB, 4 MB goal, 0 MB stacks, 0 MB globals, 16 P
gc 3570 @10.632s 8%: 0.12+0.55+0.11 ms clock, 1.9+0.59/1.0/0+1.7 ms cpu, 4->4->2 MB, 4 MB goal, 0 MB stacks, 0 MB globals, 16 P
gc 3571 @10.634s 8%: 0.12+0.71+0.10 ms clock, 2.0+0.82/0.98/0.001+1.6 ms cpu, 3->4->2 MB, 4 MB goal, 0 MB stacks, 0 MB globals, 16 P
gc 3572 @10.636s 8%: 0.14+0.64+0.16 ms clock, 2.3+0.76/1.0/0+2.7 ms cpu, 4->5->2 MB, 5 MB goal, 0 MB stacks, 0 MB globals, 16 P
gc 3573 @10.638s 8%: 0.17+0.78+0.15 ms clock, 2.8+0.56/0.95/0+2.5 ms cpu, 4->4->2 MB, 4 MB goal, 0 MB stacks, 0 MB globals, 16 P
gc 3574 @10.640s 8%: 0.13+0.77+0.10 ms clock, 2.0+0.55/1.1/0+1.6 ms cpu, 4->5->2 MB, 5 MB goal, 0 MB stacks, 0 MB globals, 16 P
gc 3575 @10.642s 8%: 0.23+0.76+0.11 ms clock, 3.8+0.80/0.91/0+1.8 ms cpu, 4->5->2 MB, 5 MB goal, 0 MB stacks, 0 MB globals, 16 P
gc 3576 @10.644s 8%: 0.15+0.65+0.21 ms clock, 2.4+0.61/1.0/0+3.3 ms cpu, 4->5->2 MB, 5 MB goal, 0 MB stacks, 0 MB globals, 16 P
gc 3577 @10.646s 8%: 0.17+0.54+0.19 ms clock, 2.7+0.77/1.0/0.003+3.1 ms cpu, 4->5->2 MB, 4 MB goal, 0 MB stacks, 0 MB globals, 16 P
gc 3578 @10.647s 8%: 0.15+0.56+0.12 ms clock, 2.4+0.72/1.0/0+2.0 ms cpu, 4->4->2 MB, 4 MB goal, 0 MB stacks, 0 MB globals, 16 P
gc 3579 @10.649s 8%: 0.098+0.67+0.070 ms clock, 1.5+0.50/0.89/0+1.1 ms cpu, 3->4->2 MB, 4 MB goal, 0 MB stacks, 0 MB globals, 16 P
gc 3580 @10.651s 8%: 0.11+0.73+0.16 ms clock, 1.8+0.54/1.1/0+2.5 ms cpu, 4->5->2 MB, 4 MB goal, 0 MB stacks, 0 MB globals, 16 P
gc 3581 @10.653s 8%: 0.11+0.74+0.10 ms clock, 1.8+0.59/0.87/0+1.6 ms cpu, 4->5->2 MB, 4 MB goal, 0 MB stacks, 0 MB globals, 16 P
gc 3582 @10.654s 8%: 0.11+0.61+0.15 ms clock, 1.7+0.63/0.99/0+2.4 ms cpu, 4->5->2 MB, 5 MB goal, 0 MB stacks, 0 MB globals, 16 P
gc 3583 @10.656s 8%: 0.13+0.82+0.10 ms clock, 2.1+0.72/0.97/0+1.7 ms cpu, 4->5->2 MB, 4 MB goal, 0 MB stacks, 0 MB globals, 16 P
gc 3584 @10.658s 8%: 0.12+0.73+0.10 ms clock, 1.9+0.57/0.91/0.030+1.6 ms cpu, 4->5->2 MB, 5 MB goal, 0 MB stacks, 0 MB globals, 16 P
gc 3585 @10.660s 8%: 0.17+0.68+0.19 ms clock, 2.8+0.53/0.97/0+3.0 ms cpu, 4->5->2 MB, 4 MB goal, 0 MB stacks, 0 MB globals, 16 P
gc 3586 @10.662s 8%: 0.16+0.75+0.16 ms clock, 2.6+0.65/1.0/0+2.6 ms cpu, 4->5->2 MB, 5 MB goal, 0 MB stacks, 0 MB globals, 16 P
gc 3587 @10.664s 8%: 0.17+0.63+0.17 ms clock, 2.7+0.75/0.91/0+2.7 ms cpu, 4->5->2 MB, 5 MB goal, 0 MB stacks, 0 MB globals, 16 P
gc 3588 @10.666s 8%: 0.12+0.69+0.099 ms clock, 2.0+0.60/0.90/0.063+1.5 ms cpu, 4->5->2 MB, 5 MB goal, 0 MB stacks, 0 MB globals, 16 P
gc 3589 @10.668s 8%: 0.12+0.73+0.084 ms clock, 1.9+0.62/1.0/0+1.3 ms cpu, 4->5->2 MB, 4 MB goal, 0 MB stacks, 0 MB globals, 16 P
gc 3590 @10.670s 8%: 0.16+0.60+0.15 ms clock, 2.7+0.68/0.96/0+2.5 ms cpu, 4->4->2 MB, 4 MB goal, 0 MB stacks, 0 MB globals, 16 P
gc 3591 @10.672s 8%: 0.16+0.59+0.093 ms clock, 2.6+0.60/0.82/0+1.5 ms cpu, 4->4->2 MB, 4 MB goal, 0 MB stacks, 0 MB globals, 16 P
gc 3592 @10.673s 8%: 0.12+0.56+0.16 ms clock, 1.9+0.57/1.0/0+2.7 ms cpu, 3->4->2 MB, 4 MB goal, 0 MB stacks, 0 MB globals, 16 P
gc 3593 @10.675s 8%: 0.12+0.59+0.17 ms clock, 1.9+0.59/1.0/0+2.8 ms cpu, 3->4->2 MB, 4 MB goal, 0 MB stacks, 0 MB globals, 16 P
gc 3594 @10.677s 8%: 0.15+0.78+0.16 ms clock, 2.5+0.73/0.93/0.012+2.5 ms cpu, 4->5->2 MB, 4 MB goal, 0 MB stacks, 0 MB globals, 16 P
gc 3595 @10.679s 8%: 0.11+0.68+0.20 ms clock, 1.7+0.60/0.93/0+3.3 ms cpu, 4->5->2 MB, 5 MB goal, 0 MB stacks, 0 MB globals, 16 P
gc 3596 @10.680s 8%: 0.19+0.68+0.12 ms clock, 3.1+0.72/0.89/0+2.0 ms cpu, 4->4->2 MB, 4 MB goal, 0 MB stacks, 0 MB globals, 16 P
gc 3597 @10.682s 8%: 0.076+0.87+0.12 ms clock, 1.2+0.61/0.95/0+1.9 ms cpu, 4->5->2 MB, 4 MB goal, 0 MB stacks, 0 MB globals, 16 P
gc 3598 @10.684s 8%: 0.19+0.53+0.10 ms clock, 3.1+0.65/0.93/0+1.6 ms cpu, 4->4->2 MB, 5 MB goal, 0 MB stacks, 0 MB globals, 16 P
gc 3599 @10.686s 8%: 0.12+0.68+0.20 ms clock, 2.0+0.62/0.93/0.003+3.3 ms cpu, 3->4->2 MB, 4 MB goal, 0 MB stacks, 0 MB globals, 16 P
gc 3600 @10.687s 8%: 0.18+0.80+0.11 ms clock, 2.9+0.80/1.0/0.080+1.8 ms cpu, 4->5->2 MB, 4 MB goal, 0 MB stacks, 0 MB globals, 16 P
gc 3601 @10.689s 8%: 0.16+0.71+0.10 ms clock, 2.7+0.70/0.84/0+1.7 ms cpu, 4->5->2 MB, 5 MB goal, 0 MB stacks, 0 MB globals, 16 P
gc 3602 @10.691s 8%: 0.12+0.71+0.13 ms clock, 1.9+0.65/1.0/0.002+2.1 ms cpu, 4->5->2 MB, 5 MB goal, 0 MB stacks, 0 MB globals, 16 P
gc 3603 @10.693s 8%: 0.11+0.50+0.18 ms clock, 1.7+0.65/0.96/0.012+2.9 ms cpu, 4->4->2 MB, 5 MB goal, 0 MB stacks, 0 MB globals, 16 P
gc 3604 @10.695s 8%: 0.19+0.88+0.068 ms clock, 3.1+0.65/1.0/0+1.0 ms cpu, 3->4->2 MB, 4 MB goal, 0 MB stacks, 0 MB globals, 16 P
gc 3605 @10.697s 8%: 0.15+0.62+0.14 ms clock, 2.4+0.58/0.93/0+2.2 ms cpu, 4->5->2 MB, 5 MB goal, 0 MB stacks, 0 MB globals, 16 P
gc 3606 @10.699s 8%: 0.097+0.54+0.13 ms clock, 1.5+0.64/0.90/0+2.1 ms cpu, 4->4->2 MB, 4 MB goal, 0 MB stacks, 0 MB globals, 16 P
gc 3607 @10.700s 8%: 0.12+0.74+0.086 ms clock, 2.0+0.61/0.97/0+1.3 ms cpu, 3->4->2 MB, 4 MB goal, 0 MB stacks, 0 MB globals, 16 P
gc 3608 @10.702s 8%: 0.14+0.63+0.13 ms clock, 2.2+0.59/1.0/0+2.0 ms cpu, 4->5->2 MB, 5 MB goal, 0 MB stacks, 0 MB globals, 16 P
gc 3609 @10.704s 8%: 0.10+0.62+0.18 ms clock, 1.6+0.52/1.0/0+2.9 ms cpu, 4->4->2 MB, 5 MB goal, 0 MB stacks, 0 MB globals, 16 P
gc 3610 @10.706s 8%: 0.20+0.62+0.15 ms clock, 3.2+0.62/1.0/0+2.4 ms cpu, 3->4->2 MB, 4 MB goal, 0 MB stacks, 0 MB globals, 16 P
gc 3611 @10.708s 8%: 0.13+0.66+0.12 ms clock, 2.1+0.60/1.0/0.036+2.0 ms cpu, 4->4->2 MB, 4 MB goal, 0 MB stacks, 0 MB globals, 16 P
gc 3612 @10.709s 8%: 0.11+0.60+0.20 ms clock, 1.8+0.75/0.95/0+3.3 ms cpu, 4->4->2 MB, 4 MB goal, 0 MB stacks, 0 MB globals, 16 P
gc 3613 @10.711s 8%: 0.15+0.77+0.10 ms clock, 2.4+0.65/1.0/0+1.6 ms cpu, 4->4->2 MB, 4 MB goal, 0 MB stacks, 0 MB globals, 16 P
gc 3614 @10.713s 8%: 0.13+0.78+0.19 ms clock, 2.1+0.58/1.1/0+3.0 ms cpu, 4->5->2 MB, 5 MB goal, 0 MB stacks, 0 MB globals, 16 P
gc 3615 @10.715s 8%: 0.11+0.64+0.16 ms clock, 1.8+0.59/0.93/0+2.5 ms cpu, 4->5->2 MB, 5 MB goal, 0 MB stacks, 0 MB globals, 16 P
gc 3616 @10.717s 8%: 0.20+0.61+0.21 ms clock, 3.2+0.60/1.1/0+3.4 ms cpu, 3->4->2 MB, 4 MB goal, 0 MB stacks, 0 MB globals, 16 P
gc 3617 @10.719s 8%: 0.12+0.65+0.20 ms clock, 1.9+0.75/0.98/0+3.2 ms cpu, 4->5->2 MB, 5 MB goal, 0 MB stacks, 0 MB globals, 16 P
gc 3618 @10.721s 8%: 0.11+0.60+0.18 ms clock, 1.8+0.72/1.0/0+2.9 ms cpu, 4->4->2 MB, 5 MB goal, 0 MB stacks, 0 MB globals, 16 P
gc 3619 @10.722s 8%: 0.11+0.55+0.11 ms clock, 1.9+0.60/0.92/0+1.8 ms cpu, 3->4->2 MB, 4 MB goal, 0 MB stacks, 0 MB globals, 16 P
gc 3620 @10.724s 8%: 0.21+0.74+0.076 ms clock, 3.3+0.72/1.0/0+1.2 ms cpu, 4->5->2 MB, 4 MB goal, 0 MB stacks, 0 MB globals, 16 P
gc 3621 @10.726s 8%: 0.10+0.53+0.15 ms clock, 1.6+0.61/0.94/0.007+2.4 ms cpu, 4->5->2 MB, 5 MB goal, 0 MB stacks, 0 MB globals, 16 P
gc 3622 @10.728s 8%: 0.16+0.77+0.10 ms clock, 2.5+0.60/0.86/0+1.6 ms cpu, 3->4->2 MB, 4 MB goal, 0 MB stacks, 0 MB globals, 16 P
gc 3623 @10.730s 8%: 0.14+0.56+0.24 ms clock, 2.2+0.54/0.96/0+3.8 ms cpu, 4->4->2 MB, 5 MB goal, 0 MB stacks, 0 MB globals, 16 P
gc 3624 @10.731s 8%: 0.17+0.63+0.12 ms clock, 2.8+0.67/0.90/0+2.0 ms cpu, 3->4->2 MB, 4 MB goal, 0 MB stacks, 0 MB globals, 16 P
gc 3625 @10.733s 8%: 0.11+0.59+0.10 ms clock, 1.7+0.67/0.85/0+1.6 ms cpu, 4->4->2 MB, 4 MB goal, 0 MB stacks, 0 MB globals, 16 P
gc 3626 @10.735s 8%: 0.097+0.65+0.11 ms clock, 1.5+0.60/0.85/0+1.7 ms cpu, 3->4->2 MB, 4 MB goal, 0 MB stacks, 0 MB globals, 16 P
gc 3627 @10.736s 8%: 0.15+0.68+0.17 ms clock, 2.4+0.89/0.97/0.045+2.7 ms cpu, 3->4->2 MB, 4 MB goal, 0 MB stacks, 0 MB globals, 16 P
gc 3628 @10.738s 8%: 0.17+0.77+0.11 ms clock, 2.7+0.66/1.0/0+1.8 ms cpu, 4->5->2 MB, 4 MB goal, 0 MB stacks, 0 MB globals, 16 P
gc 3629 @10.740s 8%: 0.13+0.71+0.18 ms clock, 2.0+0.61/0.86/0.027+3.0 ms cpu, 4->5->2 MB, 5 MB goal, 0 MB stacks, 0 MB globals, 16 P
gc 3630 @10.742s 8%: 0.11+0.54+0.18 ms clock, 1.8+0.57/0.92/0.022+3.0 ms cpu, 4->4->2 MB, 4 MB goal, 0 MB stacks, 0 MB globals, 16 P
gc 3631 @10.743s 8%: 0.18+0.47+0.17 ms clock, 2.9+0.61/0.90/0+2.7 ms cpu, 3->4->2 MB, 4 MB goal, 0 MB stacks, 0 MB globals, 16 P
gc 3632 @10.745s 8%: 0.11+0.73+0.10 ms clock, 1.8+0.58/0.96/0+1.7 ms cpu, 3->4->2 MB, 4 MB goal, 0 MB stacks, 0 MB globals, 16 P
gc 3633 @10.747s 8%: 0.11+0.67+0.20 ms clock, 1.7+0.64/0.86/0+3.2 ms cpu, 4->5->2 MB, 5 MB goal, 0 MB stacks, 0 MB globals, 16 P
gc 3634 @10.749s 8%: 0.11+0.70+0.13 ms clock, 1.9+0.55/1.0/0+2.2 ms cpu, 4->4->2 MB, 4 MB goal, 0 MB stacks, 0 MB globals, 16 P
gc 3635 @10.751s 8%: 0.10+0.63+0.16 ms clock, 1.6+0.57/0.96/0+2.6 ms cpu, 4->5->2 MB, 4 MB goal, 0 MB stacks, 0 MB globals, 16 P
gc 3636 @10.752s 8%: 0.18+0.63+0.20 ms clock, 3.0+0.68/0.94/0+3.3 ms cpu, 3->4->2 MB, 4 MB goal, 0 MB stacks, 0 MB globals, 16 P
gc 3637 @10.754s 8%: 0.12+0.70+0.091 ms clock, 2.0+0.60/1.0/0+1.4 ms cpu, 4->5->2 MB, 5 MB goal, 0 MB stacks, 0 MB globals, 16 P
gc 3638 @10.756s 8%: 0.10+0.82+0.10 ms clock, 1.6+0.50/0.94/0+1.7 ms cpu, 4->5->2 MB, 4 MB goal, 0 MB stacks, 0 MB globals, 16 P
gc 3639 @10.758s 8%: 0.12+0.72+0.11 ms clock, 1.9+0.77/1.1/0+1.9 ms cpu, 4->5->2 MB, 5 MB goal, 0 MB stacks, 0 MB globals, 16 P
gc 3640 @10.760s 8%: 0.10+0.58+0.16 ms clock, 1.7+0.77/0.84/0+2.7 ms cpu, 4->4->2 MB, 5 MB goal, 0 MB stacks, 0 MB globals, 16 P
gc 3641 @10.762s 8%: 0.071+0.66+0.12 ms clock, 1.1+0.61/0.75/0+2.0 ms cpu, 3->4->2 MB, 4 MB goal, 0 MB stacks, 0 MB globals, 16 P
gc 3642 @10.764s 8%: 0.13+0.68+0.15 ms clock, 2.1+0.54/0.92/0+2.5 ms cpu, 4->5->2 MB, 4 MB goal, 0 MB stacks, 0 MB globals, 16 P
gc 3643 @10.765s 8%: 0.15+0.59+0.12 ms clock, 2.4+0.63/1.0/0+1.9 ms cpu, 4->4->2 MB, 4 MB goal, 0 MB stacks, 0 MB globals, 16 P
gc 3644 @10.767s 8%: 0.11+0.52+0.15 ms clock, 1.7+0.55/0.79/0+2.4 ms cpu, 4->4->2 MB, 4 MB goal, 0 MB stacks, 0 MB globals, 16 P
gc 3645 @10.768s 8%: 0.13+0.51+0.16 ms clock, 2.1+0.50/0.91/0+2.6 ms cpu, 3->4->2 MB, 4 MB goal, 0 MB stacks, 0 MB globals, 16 P
gc 3646 @10.770s 8%: 0.11+0.71+0.075 ms clock, 1.8+0.72/0.78/0+1.2 ms cpu, 3->4->2 MB, 4 MB goal, 0 MB stacks, 0 MB globals, 16 P
gc 3647 @10.772s 8%: 0.12+0.77+0.18 ms clock, 1.9+0.72/0.88/0+2.8 ms cpu, 4->4->2 MB, 4 MB goal, 0 MB stacks, 0 MB globals, 16 P
gc 3648 @10.774s 8%: 0.15+0.67+0.13 ms clock, 2.4+0.57/0.95/0+2.0 ms cpu, 4->4->2 MB, 4 MB goal, 0 MB stacks, 0 MB globals, 16 P
gc 3649 @10.775s 8%: 0.11+0.68+0.14 ms clock, 1.8+0.59/0.97/0+2.2 ms cpu, 4->5->2 MB, 4 MB goal, 0 MB stacks, 0 MB globals, 16 P
gc 3650 @10.777s 8%: 0.14+0.93+0.18 ms clock, 2.3+0.66/0.98/0.042+2.9 ms cpu, 4->5->2 MB, 4 MB goal, 0 MB stacks, 0 MB globals, 16 P
gc 3651 @10.780s 8%: 0.22+0.55+0.19 ms clock, 3.6+0.60/0.89/0.044+3.1 ms cpu, 4->5->2 MB, 5 MB goal, 0 MB stacks, 0 MB globals, 16 P
gc 3652 @10.781s 8%: 0.16+0.82+0.081 ms clock, 2.6+0.63/0.91/0+1.2 ms cpu, 3->4->2 MB, 4 MB goal, 0 MB stacks, 0 MB globals, 16 P
gc 3653 @10.783s 8%: 0.089+0.66+0.14 ms clock, 1.4+0.58/0.96/0+2.3 ms cpu, 4->5->2 MB, 5 MB goal, 0 MB stacks, 0 MB globals, 16 P
gc 3654 @10.785s 8%: 0.10+0.65+0.15 ms clock, 1.7+0.59/0.96/0+2.5 ms cpu, 4->4->2 MB, 4 MB goal, 0 MB stacks, 0 MB globals, 16 P
gc 3655 @10.787s 8%: 0.13+0.70+0.16 ms clock, 2.1+0.55/0.99/0+2.6 ms cpu, 4->4->2 MB, 4 MB goal, 0 MB stacks, 0 MB globals, 16 P
gc 3656 @10.789s 8%: 0.17+0.78+0.049 ms clock, 2.7+0.56/0.97/0+0.78 ms cpu, 4->4->2 MB, 4 MB goal, 0 MB stacks, 0 MB globals, 16 P
gc 3657 @10.791s 8%: 0.12+0.75+0.18 ms clock, 2.0+0.67/0.99/0+2.9 ms cpu, 4->5->2 MB, 5 MB goal, 0 MB stacks, 0 MB globals, 16 P
gc 3658 @10.793s 8%: 0.13+0.90+0.095 ms clock, 2.1+0.72/0.98/0+1.5 ms cpu, 4->5->2 MB, 4 MB goal, 0 MB stacks, 0 MB globals, 16 P
gc 3659 @10.795s 8%: 0.19+0.78+0.11 ms clock, 3.0+0.71/0.94/0+1.8 ms cpu, 4->5->2 MB, 5 MB goal, 0 MB stacks, 0 MB globals, 16 P
gc 3660 @10.797s 8%: 0.15+0.60+0.16 ms clock, 2.5+0.70/0.98/0.001+2.6 ms cpu, 4->5->2 MB, 5 MB goal, 0 MB stacks, 0 MB globals, 16 P
gc 3661 @10.799s 8%: 0.12+0.42+0.16 ms clock, 2.0+0.66/0.82/0+2.6 ms cpu, 4->4->1 MB, 4 MB goal, 0 MB stacks, 0 MB globals, 16 P
gc 3662 @10.800s 8%: 0.15+0.63+0.14 ms clock, 2.4+0.59/1.0/0+2.3 ms cpu, 3->4->2 MB, 4 MB goal, 0 MB stacks, 0 MB globals, 16 P
gc 3663 @10.802s 8%: 0.14+0.87+0.095 ms clock, 2.3+0.47/0.95/0.11+1.5 ms cpu, 4->5->2 MB, 4 MB goal, 0 MB stacks, 0 MB globals, 16 P
gc 3664 @10.804s 8%: 0.11+0.60+0.10 ms clock, 1.8+0.54/0.97/0.030+1.6 ms cpu, 4->5->2 MB, 5 MB goal, 0 MB stacks, 0 MB globals, 16 P
gc 3665 @10.806s 8%: 0.14+0.61+0.039 ms clock, 2.3+0.67/0.93/0+0.62 ms cpu, 4->4->2 MB, 4 MB goal, 0 MB stacks, 0 MB globals, 16 P
gc 3666 @10.807s 8%: 0.12+0.81+0.13 ms clock, 2.0+0.70/1.0/0+2.1 ms cpu, 3->4->2 MB, 4 MB goal, 0 MB stacks, 0 MB globals, 16 P
gc 3667 @10.809s 8%: 0.14+0.74+0.17 ms clock, 2.2+0.65/1.0/0+2.8 ms cpu, 4->5->2 MB, 4 MB goal, 0 MB stacks, 0 MB globals, 16 P
gc 3668 @10.811s 8%: 0.087+0.85+0.095 ms clock, 1.4+0.62/1.1/0+1.5 ms cpu, 4->5->2 MB, 5 MB goal, 0 MB stacks, 0 MB globals, 16 P
gc 3669 @10.813s 8%: 0.12+0.98+0.048 ms clock, 1.9+0.61/1.0/0.19+0.78 ms cpu, 4->5->2 MB, 5 MB goal, 0 MB stacks, 0 MB globals, 16 P
gc 3670 @10.816s 8%: 0.18+0.61+0.12 ms clock, 3.0+0.63/1.0/0+2.0 ms cpu, 4->5->2 MB, 5 MB goal, 0 MB stacks, 0 MB globals, 16 P
gc 3671 @10.817s 8%: 0.12+0.75+0.067 ms clock, 2.0+0.70/1.0/0+1.0 ms cpu, 4->5->2 MB, 4 MB goal, 0 MB stacks, 0 MB globals, 16 P
gc 3672 @10.819s 8%: 0.17+0.75+0.16 ms clock, 2.7+0.60/0.98/0.017+2.6 ms cpu, 4->4->2 MB, 4 MB goal, 0 MB stacks, 0 MB globals, 16 P
gc 3673 @10.821s 8%: 0.17+0.63+0.19 ms clock, 2.8+0.61/1.1/0.004+3.1 ms cpu, 4->5->2 MB, 4 MB goal, 0 MB stacks, 0 MB globals, 16 P
gc 3674 @10.823s 8%: 0.11+0.71+0.13 ms clock, 1.8+0.60/1.0/0+2.1 ms cpu, 4->5->2 MB, 5 MB goal, 0 MB stacks, 0 MB globals, 16 P
gc 3675 @10.825s 8%: 0.10+0.70+0.13 ms clock, 1.7+0.44/1.1/0+2.1 ms cpu, 4->5->2 MB, 5 MB goal, 0 MB stacks, 0 MB globals, 16 P
gc 3676 @10.826s 8%: 0.14+0.90+0.098 ms clock, 2.3+0.49/0.96/0.052+1.5 ms cpu, 4->5->2 MB, 4 MB goal, 0 MB stacks, 0 MB globals, 16 P
gc 3677 @10.829s 8%: 0.096+0.78+0.11 ms clock, 1.5+0.60/0.94/0.039+1.8 ms cpu, 4->5->2 MB, 5 MB goal, 0 MB stacks, 0 MB globals, 16 P
gc 3678 @10.830s 8%: 0.11+0.62+0.11 ms clock, 1.7+0.69/1.0/0+1.8 ms cpu, 4->5->2 MB, 5 MB goal, 0 MB stacks, 0 MB globals, 16 P
gc 3679 @10.832s 8%: 0.089+0.56+0.12 ms clock, 1.4+0.51/1.0/0.016+1.9 ms cpu, 4->4->2 MB, 4 MB goal, 0 MB stacks, 0 MB globals, 16 P
gc 3680 @10.834s 8%: 0.13+0.78+0.10 ms clock, 2.1+0.64/0.92/0+1.7 ms cpu, 3->5->2 MB, 4 MB goal, 0 MB stacks, 0 MB globals, 16 P
gc 3681 @10.836s 8%: 0.13+0.62+0.13 ms clock, 2.1+0.73/1.0/0+2.1 ms cpu, 4->5->2 MB, 5 MB goal, 0 MB stacks, 0 MB globals, 16 P
gc 3682 @10.838s 8%: 0.11+0.70+0.16 ms clock, 1.8+0.76/0.92/0+2.6 ms cpu, 4->4->2 MB, 4 MB goal, 0 MB stacks, 0 MB globals, 16 P
gc 3683 @10.840s 8%: 0.15+0.82+0.11 ms clock, 2.4+0.61/1.0/0+1.8 ms cpu, 4->5->2 MB, 4 MB goal, 0 MB stacks, 0 MB globals, 16 P
gc 3684 @10.842s 8%: 0.12+0.64+0.17 ms clock, 2.0+0.60/0.99/0+2.7 ms cpu, 4->5->2 MB, 5 MB goal, 0 MB stacks, 0 MB globals, 16 P
gc 3685 @10.844s 8%: 0.12+0.70+0.097 ms clock, 1.9+0.64/1.2/0+1.5 ms cpu, 4->5->2 MB, 4 MB goal, 0 MB stacks, 0 MB globals, 16 P
gc 3686 @10.846s 8%: 0.12+0.71+0.19 ms clock, 2.0+0.62/0.94/0+3.1 ms cpu, 4->4->2 MB, 5 MB goal, 0 MB stacks, 0 MB globals, 16 P
gc 3687 @10.847s 8%: 0.15+0.81+0.091 ms clock, 2.5+0.74/1.0/0+1.4 ms cpu, 3->5->2 MB, 4 MB goal, 0 MB stacks, 0 MB globals, 16 P
gc 3688 @10.849s 8%: 0.17+0.66+0.15 ms clock, 2.7+0.58/0.85/0.10+2.4 ms cpu, 4->5->2 MB, 5 MB goal, 0 MB stacks, 0 MB globals, 16 P
gc 3689 @10.851s 8%: 0.16+1.0+0.074 ms clock, 2.5+0.77/0.78/0+1.1 ms cpu, 3->5->2 MB, 4 MB goal, 0 MB stacks, 0 MB globals, 16 P
gc 3690 @10.854s 8%: 0.10+0.66+0.19 ms clock, 1.6+0.60/0.97/0+3.1 ms cpu, 5->5->2 MB, 5 MB goal, 0 MB stacks, 0 MB globals, 16 P
gc 3691 @10.856s 8%: 0.21+0.57+0.15 ms clock, 3.4+0.68/1.0/0+2.4 ms cpu, 4->4->2 MB, 4 MB goal, 0 MB stacks, 0 MB globals, 16 P
gc 3692 @10.857s 8%: 0.13+0.64+0.19 ms clock, 2.0+0.67/1.0/0.024+3.1 ms cpu, 3->4->2 MB, 4 MB goal, 0 MB stacks, 0 MB globals, 16 P
gc 3693 @10.859s 8%: 0.16+0.74+0.093 ms clock, 2.6+0.58/1.0/0+1.4 ms cpu, 3->4->2 MB, 4 MB goal, 0 MB stacks, 0 MB globals, 16 P
gc 3694 @10.861s 8%: 0.11+0.50+0.13 ms clock, 1.9+0.67/0.92/0+2.2 ms cpu, 4->5->2 MB, 5 MB goal, 0 MB stacks, 0 MB globals, 16 P
gc 3695 @10.863s 8%: 0.15+0.57+0.17 ms clock, 2.4+0.65/0.93/0+2.7 ms cpu, 3->4->2 MB, 4 MB goal, 0 MB stacks, 0 MB globals, 16 P
gc 3696 @10.864s 8%: 0.13+0.58+0.16 ms clock, 2.1+0.64/0.99/0+2.6 ms cpu, 3->4->2 MB, 4 MB goal, 0 MB stacks, 0 MB globals, 16 P
gc 3697 @10.866s 8%: 0.15+0.59+0.10 ms clock, 2.5+0.53/0.94/0+1.6 ms cpu, 4->4->2 MB, 4 MB goal, 0 MB stacks, 0 MB globals, 16 P
gc 3698 @10.868s 8%: 0.092+0.81+0.066 ms clock, 1.4+0.67/0.80/0+1.0 ms cpu, 4->5->2 MB, 4 MB goal, 0 MB stacks, 0 MB globals, 16 P
gc 3699 @10.870s 8%: 0.10+0.57+0.11 ms clock, 1.7+0.53/0.88/0+1.9 ms cpu, 4->5->2 MB, 5 MB goal, 0 MB stacks, 0 MB globals, 16 P
gc 3700 @10.871s 8%: 0.11+0.64+0.17 ms clock, 1.8+0.52/0.95/0+2.8 ms cpu, 4->4->2 MB, 4 MB goal, 0 MB stacks, 0 MB globals, 16 P
gc 3701 @10.873s 8%: 0.19+1.0+0.073 ms clock, 3.1+0.69/0.92/0+1.1 ms cpu, 4->5->2 MB, 4 MB goal, 0 MB stacks, 0 MB globals, 16 P
gc 3702 @10.875s 8%: 0.098+0.57+0.14 ms clock, 1.5+0.57/0.88/0+2.2 ms cpu, 4->5->2 MB, 5 MB goal, 0 MB stacks, 0 MB globals, 16 P
gc 3703 @10.877s 8%: 0.15+0.62+0.19 ms clock, 2.5+0.66/0.81/0+3.1 ms cpu, 3->4->2 MB, 4 MB goal, 0 MB stacks, 0 MB globals, 16 P
gc 3704 @10.878s 8%: 0.11+0.66+0.17 ms clock, 1.7+0.82/0.90/0.032+2.8 ms cpu, 3->4->2 MB, 4 MB goal, 0 MB stacks, 0 MB globals, 16 P
gc 3705 @10.880s 8%: 0.086+0.78+0.14 ms clock, 1.3+0.54/0.95/0+2.2 ms cpu, 4->5->2 MB, 5 MB goal, 0 MB stacks, 0 MB globals, 16 P
gc 3706 @10.882s 8%: 0.15+0.64+0.18 ms clock, 2.4+0.62/1.1/0.021+2.9 ms cpu, 4->5->2 MB, 5 MB goal, 0 MB stacks, 0 MB globals, 16 P
gc 3707 @10.884s 8%: 0.11+0.59+0.12 ms clock, 1.7+0.47/1.0/0+1.9 ms cpu, 4->4->2 MB, 4 MB goal, 0 MB stacks, 0 MB globals, 16 P
gc 3708 @10.886s 8%: 0.13+0.63+0.11 ms clock, 2.1+0.69/0.88/0+1.8 ms cpu, 4->4->2 MB, 4 MB goal, 0 MB stacks, 0 MB globals, 16 P
gc 3709 @10.888s 8%: 0.13+0.63+0.14 ms clock, 2.1+0.70/0.79/0.050+2.3 ms cpu, 4->4->2 MB, 4 MB goal, 0 MB stacks, 0 MB globals, 16 P
gc 3710 @10.889s 8%: 0.11+0.73+0.11 ms clock, 1.8+0.65/0.86/0.038+1.9 ms cpu, 4->4->2 MB, 4 MB goal, 0 MB stacks, 0 MB globals, 16 P
gc 3711 @10.891s 8%: 0.10+0.53+0.20 ms clock, 1.7+0.43/1.0/0+3.2 ms cpu, 4->4->2 MB, 5 MB goal, 0 MB stacks, 0 MB globals, 16 P
gc 3712 @10.893s 8%: 0.25+0.70+0.18 ms clock, 4.0+0.73/1.0/0+2.9 ms cpu, 3->4->2 MB, 4 MB goal, 0 MB stacks, 0 MB globals, 16 P
gc 3713 @10.895s 8%: 0.16+0.75+0.16 ms clock, 2.5+0.58/1.0/0+2.7 ms cpu, 4->5->2 MB, 5 MB goal, 0 MB stacks, 0 MB globals, 16 P
gc 3714 @10.897s 8%: 0.15+0.74+0.13 ms clock, 2.4+0.72/0.87/0+2.2 ms cpu, 4->5->2 MB, 4 MB goal, 0 MB stacks, 0 MB globals, 16 P
gc 3715 @10.899s 8%: 0.11+1.1+0.12 ms clock, 1.8+0.80/0.80/0+2.0 ms cpu, 4->5->2 MB, 5 MB goal, 0 MB stacks, 0 MB globals, 16 P
gc 3716 @10.902s 8%: 0.14+0.55+0.15 ms clock, 2.2+0.58/1.0/0.019+2.5 ms cpu, 5->5->2 MB, 5 MB goal, 0 MB stacks, 0 MB globals, 16 P
gc 3717 @10.903s 8%: 0.17+1.0+0.090 ms clock, 2.7+0.80/1.0/0+1.4 ms cpu, 4->5->2 MB, 4 MB goal, 0 MB stacks, 0 MB globals, 16 P
gc 3718 @10.906s 8%: 0.14+0.72+0.091 ms clock, 2.3+0.70/0.91/0+1.4 ms cpu, 4->5->2 MB, 5 MB goal, 0 MB stacks, 0 MB globals, 16 P
gc 3719 @10.908s 8%: 0.11+0.94+0.12 ms clock, 1.7+0.72/0.98/0.016+1.9 ms cpu, 4->5->2 MB, 4 MB goal, 0 MB stacks, 0 MB globals, 16 P
gc 3720 @10.910s 8%: 0.11+0.69+0.10 ms clock, 1.8+0.70/1.1/0+1.7 ms cpu, 4->5->2 MB, 5 MB goal, 0 MB stacks, 0 MB globals, 16 P
gc 3721 @10.912s 8%: 0.14+0.61+0.13 ms clock, 2.3+0.85/0.87/0.020+2.2 ms cpu, 4->4->2 MB, 5 MB goal, 0 MB stacks, 0 MB globals, 16 P
gc 3722 @10.914s 8%: 0.10+0.62+0.15 ms clock, 1.7+0.60/0.97/0.034+2.4 ms cpu, 4->4->2 MB, 4 MB goal, 0 MB stacks, 0 MB globals, 16 P
gc 3723 @10.915s 8%: 0.11+0.73+0.15 ms clock, 1.8+0.66/1.1/0+2.4 ms cpu, 4->4->2 MB, 4 MB goal, 0 MB stacks, 0 MB globals, 16 P
gc 3724 @10.917s 8%: 0.10+0.60+0.17 ms clock, 1.7+0.84/0.89/0+2.8 ms cpu, 4->5->2 MB, 5 MB goal, 0 MB stacks, 0 MB globals, 16 P
gc 3725 @10.919s 8%: 0.10+0.57+0.15 ms clock, 1.6+0.60/1.0/0+2.4 ms cpu, 4->4->2 MB, 4 MB goal, 0 MB stacks, 0 MB globals, 16 P
gc 3726 @10.921s 8%: 0.11+0.66+0.14 ms clock, 1.9+0.57/0.96/0+2.2 ms cpu, 3->4->2 MB, 4 MB goal, 0 MB stacks, 0 MB globals, 16 P
gc 3727 @10.922s 8%: 0.098+0.57+0.10 ms clock, 1.5+0.63/1.0/0+1.7 ms cpu, 4->4->2 MB, 4 MB goal, 0 MB stacks, 0 MB globals, 16 P
gc 3728 @10.924s 8%: 0.17+0.73+0.099 ms clock, 2.8+0.83/0.90/0+1.5 ms cpu, 4->4->2 MB, 4 MB goal, 0 MB stacks, 0 MB globals, 16 P
gc 3729 @10.926s 8%: 0.12+0.71+0.15 ms clock, 1.9+0.45/0.97/0.061+2.5 ms cpu, 4->4->2 MB, 4 MB goal, 0 MB stacks, 0 MB globals, 16 P
gc 3730 @10.928s 8%: 0.16+0.61+0.19 ms clock, 2.6+0.72/0.89/0+3.1 ms cpu, 4->4->2 MB, 4 MB goal, 0 MB stacks, 0 MB globals, 16 P
gc 3731 @10.930s 8%: 0.12+0.69+0.10 ms clock, 2.0+0.60/1.1/0+1.6 ms cpu, 4->5->2 MB, 4 MB goal, 0 MB stacks, 0 MB globals, 16 P
gc 3732 @10.931s 8%: 0.18+0.69+0.19 ms clock, 2.9+0.87/0.95/0+3.0 ms cpu, 4->5->2 MB, 4 MB goal, 0 MB stacks, 0 MB globals, 16 P
gc 3733 @10.933s 8%: 0.12+0.62+0.12 ms clock, 2.0+0.56/0.98/0+2.0 ms cpu, 4->5->2 MB, 5 MB goal, 0 MB stacks, 0 MB globals, 16 P
gc 3734 @10.935s 8%: 0.20+0.59+0.18 ms clock, 3.2+0.80/1.0/0+2.9 ms cpu, 3->4->2 MB, 4 MB goal, 0 MB stacks, 0 MB globals, 16 P
gc 3735 @10.937s 8%: 0.087+0.52+0.11 ms clock, 1.3+0.72/0.80/0+1.8 ms cpu, 4->4->2 MB, 4 MB goal, 0 MB stacks, 0 MB globals, 16 P
gc 3736 @10.938s 8%: 0.12+0.73+0.13 ms clock, 1.9+0.60/0.94/0+2.1 ms cpu, 3->4->2 MB, 4 MB goal, 0 MB stacks, 0 MB globals, 16 P
gc 3737 @10.940s 8%: 0.13+0.65+0.16 ms clock, 2.1+0.65/0.95/0.005+2.6 ms cpu, 4->5->2 MB, 4 MB goal, 0 MB stacks, 0 MB globals, 16 P
gc 3738 @10.942s 8%: 0.096+0.63+0.14 ms clock, 1.5+0.46/1.0/0+2.3 ms cpu, 4->5->2 MB, 5 MB goal, 0 MB stacks, 0 MB globals, 16 P
gc 3739 @10.944s 8%: 0.11+0.60+0.10 ms clock, 1.7+0.63/0.95/0+1.7 ms cpu, 4->4->2 MB, 4 MB goal, 0 MB stacks, 0 MB globals, 16 P
gc 3740 @10.946s 8%: 0.13+0.71+0.17 ms clock, 2.1+0.60/1.1/0+2.7 ms cpu, 3->4->2 MB, 4 MB goal, 0 MB stacks, 0 MB globals, 16 P
gc 3741 @10.947s 8%: 0.14+0.60+0.15 ms clock, 2.3+0.44/0.99/0.22+2.4 ms cpu, 4->4->2 MB, 4 MB goal, 0 MB stacks, 0 MB globals, 16 P
gc 3742 @10.949s 8%: 0.11+0.69+0.16 ms clock, 1.8+0.68/0.96/0.015+2.6 ms cpu, 4->4->2 MB, 4 MB goal, 0 MB stacks, 0 MB globals, 16 P
gc 3743 @10.951s 8%: 0.12+0.70+0.13 ms clock, 2.0+0.52/0.89/0.074+2.1 ms cpu, 4->4->2 MB, 4 MB goal, 0 MB stacks, 0 MB globals, 16 P
gc 3744 @10.953s 8%: 0.099+0.84+0.058 ms clock, 1.5+0.57/0.90/0+0.93 ms cpu, 4->5->2 MB, 4 MB goal, 0 MB stacks, 0 MB globals, 16 P
gc 3745 @10.955s 8%: 0.12+0.65+0.12 ms clock, 1.9+0.69/1.0/0.002+1.9 ms cpu, 4->5->2 MB, 5 MB goal, 0 MB stacks, 0 MB globals, 16 P
gc 3746 @10.956s 8%: 0.10+0.59+0.14 ms clock, 1.7+0.49/1.0/0.013+2.3 ms cpu, 4->4->2 MB, 4 MB goal, 0 MB stacks, 0 MB globals, 16 P
gc 3747 @10.958s 8%: 0.13+0.80+0.12 ms clock, 2.1+0.59/1.1/0.023+2.0 ms cpu, 3->4->2 MB, 4 MB goal, 0 MB stacks, 0 MB globals, 16 P
gc 3748 @10.960s 8%: 0.096+0.54+0.14 ms clock, 1.5+0.56/0.88/0+2.2 ms cpu, 4->5->2 MB, 5 MB goal, 0 MB stacks, 0 MB globals, 16 P
gc 3749 @10.962s 8%: 0.13+0.50+0.10 ms clock, 2.1+0.66/0.87/0+1.7 ms cpu, 3->4->2 MB, 4 MB goal, 0 MB stacks, 0 MB globals, 16 P
gc 3750 @10.963s 8%: 0.094+0.77+0.099 ms clock, 1.5+0.61/1.0/0+1.5 ms cpu, 3->4->2 MB, 4 MB goal, 0 MB stacks, 0 MB globals, 16 P
gc 3751 @10.965s 8%: 0.11+0.58+0.13 ms clock, 1.8+0.52/0.84/0+2.1 ms cpu, 4->4->2 MB, 5 MB goal, 0 MB stacks, 0 MB globals, 16 P
gc 3752 @10.967s 8%: 0.20+0.63+0.17 ms clock, 3.3+0.81/0.86/0+2.7 ms cpu, 3->4->2 MB, 4 MB goal, 0 MB stacks, 0 MB globals, 16 P
gc 3753 @10.968s 8%: 0.12+0.58+0.18 ms clock, 2.0+0.86/0.89/0+2.9 ms cpu, 4->4->2 MB, 4 MB goal, 0 MB stacks, 0 MB globals, 16 P
gc 3754 @10.970s 8%: 0.14+0.82+0.088 ms clock, 2.2+0.66/0.95/0+1.4 ms cpu, 3->5->2 MB, 4 MB goal, 0 MB stacks, 0 MB globals, 16 P
gc 3755 @10.972s 8%: 0.15+0.63+0.17 ms clock, 2.4+0.74/0.94/0.004+2.7 ms cpu, 4->5->2 MB, 5 MB goal, 0 MB stacks, 0 MB globals, 16 P
gc 3756 @10.974s 8%: 0.12+0.61+0.098 ms clock, 2.0+0.64/0.78/0.066+1.5 ms cpu, 4->4->2 MB, 4 MB goal, 0 MB stacks, 0 MB globals, 16 P
gc 3757 @10.975s 8%: 0.16+0.62+0.12 ms clock, 2.6+0.55/1.0/0+1.9 ms cpu, 3->4->2 MB, 4 MB goal, 0 MB stacks, 0 MB globals, 16 P
gc 3758 @10.977s 8%: 0.11+0.70+0.073 ms clock, 1.8+0.49/0.95/0+1.1 ms cpu, 4->5->2 MB, 4 MB goal, 0 MB stacks, 0 MB globals, 16 P
gc 3759 @10.979s 8%: 0.13+0.59+0.12 ms clock, 2.1+0.67/0.95/0+2.0 ms cpu, 4->4->2 MB, 4 MB goal, 0 MB stacks, 0 MB globals, 16 P
gc 3760 @10.981s 8%: 0.15+0.81+0.13 ms clock, 2.4+0.71/0.92/0+2.1 ms cpu, 4->5->2 MB, 4 MB goal, 0 MB stacks, 0 MB globals, 16 P
gc 3761 @10.983s 8%: 0.11+0.61+0.090 ms clock, 1.7+0.62/0.92/0+1.4 ms cpu, 4->5->2 MB, 5 MB goal, 0 MB stacks, 0 MB globals, 16 P
gc 3762 @10.985s 8%: 0.10+0.72+0.15 ms clock, 1.6+0.67/0.85/0.010+2.4 ms cpu, 4->4->2 MB, 4 MB goal, 0 MB stacks, 0 MB globals, 16 P
gc 3763 @10.986s 8%: 0.12+1.0+0.10 ms clock, 1.9+0.50/1.1/0+1.6 ms cpu, 4->5->2 MB, 4 MB goal, 0 MB stacks, 0 MB globals, 16 P
gc 3764 @10.989s 8%: 0.13+0.65+0.11 ms clock, 2.0+0.46/0.98/0+1.8 ms cpu, 4->5->2 MB, 5 MB goal, 0 MB stacks, 0 MB globals, 16 P
gc 3765 @10.991s 8%: 0.15+0.70+0.14 ms clock, 2.4+0.68/1.0/0+2.3 ms cpu, 4->5->2 MB, 4 MB goal, 0 MB stacks, 0 MB globals, 16 P
gc 3766 @10.993s 8%: 0.11+0.64+0.15 ms clock, 1.8+0.50/1.0/0+2.4 ms cpu, 4->5->2 MB, 5 MB goal, 0 MB stacks, 0 MB globals, 16 P
gc 3767 @10.994s 8%: 0.17+0.81+0.16 ms clock, 2.8+0.55/0.95/0+2.5 ms cpu, 4->5->2 MB, 4 MB goal, 0 MB stacks, 0 MB globals, 16 P
gc 3768 @10.997s 8%: 0.10+0.53+0.11 ms clock, 1.7+0.59/0.91/0.011+1.8 ms cpu, 4->5->2 MB, 5 MB goal, 0 MB stacks, 0 MB globals, 16 P
gc 3769 @10.998s 8%: 0.13+0.67+0.10 ms clock, 2.1+0.59/0.96/0+1.6 ms cpu, 3->4->2 MB, 4 MB goal, 0 MB stacks, 0 MB globals, 16 P
gc 3770 @11.000s 8%: 0.11+0.54+0.088 ms clock, 1.9+0.54/1.0/0.002+1.4 ms cpu, 4->4->2 MB, 5 MB goal, 0 MB stacks, 0 MB globals, 16 P
gc 3771 @11.002s 8%: 0.11+0.86+0.10 ms clock, 1.8+0.62/0.87/0+1.6 ms cpu, 3->4->2 MB, 4 MB goal, 0 MB stacks, 0 MB globals, 16 P
gc 3772 @11.004s 8%: 0.098+0.54+0.14 ms clock, 1.5+0.57/0.84/0+2.2 ms cpu, 4->5->2 MB, 5 MB goal, 0 MB stacks, 0 MB globals, 16 P
gc 3773 @11.006s 8%: 0.11+0.60+0.11 ms clock, 1.7+0.68/0.84/0+1.8 ms cpu, 3->4->2 MB, 4 MB goal, 0 MB stacks, 0 MB globals, 16 P
gc 3774 @11.007s 8%: 0.14+0.80+0.10 ms clock, 2.2+0.94/0.91/0+1.6 ms cpu, 3->4->2 MB, 4 MB goal, 0 MB stacks, 0 MB globals, 16 P
gc 3775 @11.009s 8%: 0.11+0.67+0.21 ms clock, 1.8+0.75/0.81/0+3.5 ms cpu, 4->5->2 MB, 5 MB goal, 0 MB stacks, 0 MB globals, 16 P
gc 3776 @11.011s 8%: 0.16+0.85+0.11 ms clock, 2.6+0.83/1.0/0+1.8 ms cpu, 3->5->2 MB, 4 MB goal, 0 MB stacks, 0 MB globals, 16 P
gc 3777 @11.013s 8%: 0.11+0.52+0.15 ms clock, 1.8+0.67/0.86/0+2.4 ms cpu, 4->5->2 MB, 5 MB goal, 0 MB stacks, 0 MB globals, 16 P
gc 3778 @11.014s 8%: 0.12+0.72+0.096 ms clock, 2.0+0.69/1.1/0+1.5 ms cpu, 3->4->2 MB, 4 MB goal, 0 MB stacks, 0 MB globals, 16 P
gc 3779 @11.016s 8%: 0.17+0.62+0.19 ms clock, 2.8+0.58/0.98/0+3.1 ms cpu, 4->4->2 MB, 4 MB goal, 0 MB stacks, 0 MB globals, 16 P
gc 3780 @11.018s 8%: 0.14+0.55+0.19 ms clock, 2.2+0.59/0.99/0+3.0 ms cpu, 4->4->2 MB, 4 MB goal, 0 MB stacks, 0 MB globals, 16 P
gc 3781 @11.020s 8%: 0.18+0.59+0.20 ms clock, 2.9+0.65/0.95/0+3.2 ms cpu, 4->4->2 MB, 4 MB goal, 0 MB stacks, 0 MB globals, 16 P
gc 3782 @11.021s 8%: 0.067+0.69+0.14 ms clock, 1.0+0.46/0.98/0+2.3 ms cpu, 4->5->2 MB, 4 MB goal, 0 MB stacks, 0 MB globals, 16 P
gc 3783 @11.023s 8%: 0.088+0.68+0.14 ms clock, 1.4+0.53/1.0/0.001+2.3 ms cpu, 4->4->2 MB, 4 MB goal, 0 MB stacks, 0 MB globals, 16 P
gc 3784 @11.025s 8%: 0.16+0.65+0.096 ms clock, 2.6+0.71/1.1/0+1.5 ms cpu, 3->4->2 MB, 4 MB goal, 0 MB stacks, 0 MB globals, 16 P
gc 3785 @11.027s 8%: 0.10+0.50+0.11 ms clock, 1.6+0.60/1.0/0+1.8 ms cpu, 4->4->2 MB, 5 MB goal, 0 MB stacks, 0 MB globals, 16 P
gc 3786 @11.028s 8%: 0.11+0.77+0.14 ms clock, 1.8+0.69/0.99/0+2.3 ms cpu, 3->4->2 MB, 4 MB goal, 0 MB stacks, 0 MB globals, 16 P
gc 3787 @11.030s 8%: 0.093+0.64+0.15 ms clock, 1.4+0.53/1.1/0+2.5 ms cpu, 4->4->2 MB, 4 MB goal, 0 MB stacks, 0 MB globals, 16 P
gc 3788 @11.032s 8%: 0.13+0.61+0.11 ms clock, 2.1+0.77/0.92/0.002+1.8 ms cpu, 3->4->2 MB, 4 MB goal, 0 MB stacks, 0 MB globals, 16 P
gc 3789 @11.033s 8%: 0.10+0.60+0.16 ms clock, 1.6+0.57/0.93/0+2.6 ms cpu, 4->4->2 MB, 4 MB goal, 0 MB stacks, 0 MB globals, 16 P
gc 3790 @11.035s 8%: 0.11+0.63+0.16 ms clock, 1.7+0.71/0.78/0+2.6 ms cpu, 3->4->2 MB, 4 MB goal, 0 MB stacks, 0 MB globals, 16 P
gc 3791 @11.037s 8%: 0.15+0.53+0.14 ms clock, 2.4+0.53/0.82/0+2.3 ms cpu, 4->4->2 MB, 5 MB goal, 0 MB stacks, 0 MB globals, 16 P
gc 3792 @11.038s 8%: 0.10+0.78+0.092 ms clock, 1.7+0.66/0.88/0+1.4 ms cpu, 3->4->2 MB, 4 MB goal, 0 MB stacks, 0 MB globals, 16 P
gc 3793 @11.040s 8%: 0.12+0.58+0.15 ms clock, 1.9+0.60/1.0/0+2.5 ms cpu, 4->4->2 MB, 4 MB goal, 0 MB stacks, 0 MB globals, 16 P
gc 3794 @11.042s 8%: 0.11+0.55+0.14 ms clock, 1.8+0.63/0.94/0+2.3 ms cpu, 4->4->2 MB, 4 MB goal, 0 MB stacks, 0 MB globals, 16 P
gc 3795 @11.044s 8%: 0.12+0.59+0.14 ms clock, 1.9+0.58/1.0/0+2.3 ms cpu, 3->4->2 MB, 4 MB goal, 0 MB stacks, 0 MB globals, 16 P
gc 3796 @11.045s 8%: 0.13+0.66+0.060 ms clock, 2.2+0.48/0.95/0+0.96 ms cpu, 4->4->2 MB, 4 MB goal, 0 MB stacks, 0 MB globals, 16 P
gc 3797 @11.047s 8%: 0.20+0.90+0.031 ms clock, 3.2+0.69/1.3/0+0.50 ms cpu, 4->5->2 MB, 4 MB goal, 0 MB stacks, 0 MB globals, 16 P
gc 3798 @11.049s 8%: 0.11+0.80+0.13 ms clock, 1.7+0.62/0.89/0.10+2.1 ms cpu, 4->5->2 MB, 5 MB goal, 0 MB stacks, 0 MB globals, 16 P
gc 3799 @11.051s 8%: 0.13+0.73+0.11 ms clock, 2.1+0.68/0.96/0+1.8 ms cpu, 4->5->2 MB, 4 MB goal, 0 MB stacks, 0 MB globals, 16 P
gc 3800 @11.053s 8%: 0.12+0.79+0.093 ms clock, 1.9+0.52/1.1/0.003+1.4 ms cpu, 4->5->2 MB, 5 MB goal, 0 MB stacks, 0 MB globals, 16 P
gc 3801 @11.055s 8%: 0.10+0.58+0.18 ms clock, 1.7+0.75/0.99/0+2.9 ms cpu, 4->5->2 MB, 5 MB goal, 0 MB stacks, 0 MB globals, 16 P
gc 3802 @11.057s 8%: 0.12+0.84+0.064 ms clock, 1.9+0.62/1.0/0.002+1.0 ms cpu, 3->4->2 MB, 4 MB goal, 0 MB stacks, 0 MB globals, 16 P
gc 3803 @11.059s 8%: 0.10+0.51+0.12 ms clock, 1.6+0.57/0.95/0.017+1.9 ms cpu, 4->4->2 MB, 5 MB goal, 0 MB stacks, 0 MB globals, 16 P
gc 3804 @11.060s 8%: 0.12+0.57+0.10 ms clock, 1.9+0.81/0.80/0+1.7 ms cpu, 3->4->2 MB, 4 MB goal, 0 MB stacks, 0 MB globals, 16 P
gc 3805 @11.062s 8%: 0.12+0.58+0.14 ms clock, 1.9+0.68/0.93/0+2.3 ms cpu, 3->4->2 MB, 4 MB goal, 0 MB stacks, 0 MB globals, 16 P
gc 3806 @11.064s 8%: 0.12+0.71+0.10 ms clock, 1.9+0.75/0.98/0.026+1.7 ms cpu, 4->4->2 MB, 4 MB goal, 0 MB stacks, 0 MB globals, 16 P
gc 3807 @11.066s 8%: 0.10+0.70+0.16 ms clock, 1.6+0.59/1.1/0+2.6 ms cpu, 4->5->2 MB, 4 MB goal, 0 MB stacks, 0 MB globals, 16 P
gc 3808 @11.067s 8%: 0.14+0.67+0.14 ms clock, 2.3+0.72/0.89/0+2.3 ms cpu, 4->4->2 MB, 4 MB goal, 0 MB stacks, 0 MB globals, 16 P
gc 3809 @11.069s 8%: 0.21+0.70+0.18 ms clock, 3.5+0.63/1.0/0+2.8 ms cpu, 4->5->2 MB, 4 MB goal, 0 MB stacks, 0 MB globals, 16 P
gc 3810 @11.071s 8%: 0.13+0.82+0.10 ms clock, 2.2+0.71/0.99/0+1.7 ms cpu, 4->5->2 MB, 5 MB goal, 0 MB stacks, 0 MB globals, 16 P
gc 3811 @11.073s 8%: 0.082+0.58+0.19 ms clock, 1.3+0.57/0.97/0+3.1 ms cpu, 4->5->2 MB, 5 MB goal, 0 MB stacks, 0 MB globals, 16 P
gc 3812 @11.075s 8%: 0.19+0.67+0.15 ms clock, 3.1+0.74/1.0/0+2.5 ms cpu, 3->4->2 MB, 4 MB goal, 0 MB stacks, 0 MB globals, 16 P
gc 3813 @11.077s 8%: 0.14+0.56+0.15 ms clock, 2.2+0.62/0.90/0+2.5 ms cpu, 4->4->2 MB, 4 MB goal, 0 MB stacks, 0 MB globals, 16 P
gc 3814 @11.079s 8%: 0.17+0.80+0.11 ms clock, 2.7+0.67/0.97/0+1.8 ms cpu, 4->5->2 MB, 4 MB goal, 0 MB stacks, 0 MB globals, 16 P
gc 3815 @11.081s 8%: 0.092+0.58+0.11 ms clock, 1.4+0.66/0.96/0+1.7 ms cpu, 4->5->2 MB, 5 MB goal, 0 MB stacks, 0 MB globals, 16 P
gc 3816 @11.082s 8%: 0.15+0.66+0.13 ms clock, 2.4+0.69/0.97/0+2.1 ms cpu, 3->4->2 MB, 4 MB goal, 0 MB stacks, 0 MB globals, 16 P
gc 3817 @11.084s 8%: 0.15+0.68+0.14 ms clock, 2.4+0.69/0.91/0.004+2.2 ms cpu, 4->5->2 MB, 5 MB goal, 0 MB stacks, 0 MB globals, 16 P
gc 3818 @11.086s 8%: 0.12+0.56+0.15 ms clock, 1.9+0.71/0.94/0.024+2.5 ms cpu, 4->4->2 MB, 4 MB goal, 0 MB stacks, 0 MB globals, 16 P
gc 3819 @11.088s 8%: 0.14+0.63+0.025 ms clock, 2.3+0.77/0.94/0.005+0.40 ms cpu, 3->4->2 MB, 4 MB goal, 0 MB stacks, 0 MB globals, 16 P
gc 3820 @11.089s 8%: 0.10+0.58+0.14 ms clock, 1.6+0.52/0.88/0.16+2.2 ms cpu, 4->4->2 MB, 4 MB goal, 0 MB stacks, 0 MB globals, 16 P
gc 3821 @11.091s 8%: 0.11+0.68+0.13 ms clock, 1.8+0.72/1.0/0.041+2.1 ms cpu, 3->4->2 MB, 4 MB goal, 0 MB stacks, 0 MB globals, 16 P
gc 3822 @11.093s 8%: 0.11+0.81+0.11 ms clock, 1.8+0.58/1.0/0+1.8 ms cpu, 4->5->2 MB, 5 MB goal, 0 MB stacks, 0 MB globals, 16 P
gc 3823 @11.095s 8%: 0.11+0.70+0.10 ms clock, 1.8+0.62/0.91/0+1.6 ms cpu, 4->5->2 MB, 5 MB goal, 0 MB stacks, 0 MB globals, 16 P
gc 3824 @11.097s 8%: 0.12+0.51+0.10 ms clock, 1.9+0.55/0.95/0.008+1.6 ms cpu, 4->4->2 MB, 4 MB goal, 0 MB stacks, 0 MB globals, 16 P
gc 3825 @11.098s 8%: 0.11+0.65+0.11 ms clock, 1.8+0.59/0.92/0+1.8 ms cpu, 3->4->2 MB, 4 MB goal, 0 MB stacks, 0 MB globals, 16 P
gc 3826 @11.100s 8%: 0.099+0.55+0.18 ms clock, 1.5+0.50/0.89/0+3.0 ms cpu, 4->4->2 MB, 4 MB goal, 0 MB stacks, 0 MB globals, 16 P
gc 3827 @11.101s 8%: 0.12+0.55+0.13 ms clock, 2.0+0.64/0.91/0+2.1 ms cpu, 3->4->2 MB, 4 MB goal, 0 MB stacks, 0 MB globals, 16 P
gc 3828 @11.103s 8%: 0.10+0.60+0.15 ms clock, 1.6+0.44/0.91/0.003+2.4 ms cpu, 4->4->2 MB, 4 MB goal, 0 MB stacks, 0 MB globals, 16 P
gc 3829 @11.105s 8%: 0.14+0.86+0.062 ms clock, 2.3+0.73/1.1/0+0.99 ms cpu, 3->4->2 MB, 4 MB goal, 0 MB stacks, 0 MB globals, 16 P
gc 3830 @11.107s 8%: 0.13+0.53+0.17 ms clock, 2.1+0.68/0.84/0.020+2.8 ms cpu, 4->5->2 MB, 5 MB goal, 0 MB stacks, 0 MB globals, 16 P
gc 3831 @11.108s 8%: 0.16+0.61+0.10 ms clock, 2.6+0.74/0.91/0.002+1.6 ms cpu, 3->4->2 MB, 4 MB goal, 0 MB stacks, 0 MB globals, 16 P
gc 3832 @11.110s 8%: 0.10+0.75+0.090 ms clock, 1.7+0.58/1.0/0+1.4 ms cpu, 4->5->2 MB, 4 MB goal, 0 MB stacks, 0 MB globals, 16 P
gc 3833 @11.112s 8%: 0.12+0.82+0.051 ms clock, 2.0+0.57/0.91/0+0.82 ms cpu, 4->5->2 MB, 4 MB goal, 0 MB stacks, 0 MB globals, 16 P
gc 3834 @11.114s 8%: 0.12+0.48+0.13 ms clock, 1.9+0.54/0.86/0+2.0 ms cpu, 4->4->2 MB, 5 MB goal, 0 MB stacks, 0 MB globals, 16 P
gc 3835 @11.116s 8%: 0.11+0.64+0.11 ms clock, 1.9+0.61/0.89/0.032+1.8 ms cpu, 3->4->2 MB, 4 MB goal, 0 MB stacks, 0 MB globals, 16 P
gc 3836 @11.117s 8%: 0.14+0.56+0.097 ms clock, 2.3+0.63/0.91/0.061+1.5 ms cpu, 4->4->2 MB, 4 MB goal, 0 MB stacks, 0 MB globals, 16 P
gc 3837 @11.119s 8%: 0.14+1.1+0.11 ms clock, 2.2+0.68/0.81/0+1.8 ms cpu, 3->4->2 MB, 4 MB goal, 0 MB stacks, 0 MB globals, 16 P
gc 3838 @11.121s 8%: 0.099+0.62+0.16 ms clock, 1.5+0.58/0.96/0.044+2.6 ms cpu, 4->5->2 MB, 5 MB goal, 0 MB stacks, 0 MB globals, 16 P
gc 3839 @11.123s 8%: 0.22+0.79+0.12 ms clock, 3.5+0.50/0.95/0+1.9 ms cpu, 4->5->2 MB, 4 MB goal, 0 MB stacks, 0 MB globals, 16 P
gc 3840 @11.125s 8%: 0.13+0.68+0.16 ms clock, 2.2+0.67/0.99/0+2.6 ms cpu, 4->5->2 MB, 5 MB goal, 0 MB stacks, 0 MB globals, 16 P
gc 3841 @11.127s 8%: 0.16+0.79+0.13 ms clock, 2.5+0.61/1.1/0.004+2.0 ms cpu, 4->5->2 MB, 4 MB goal, 0 MB stacks, 0 MB globals, 16 P
gc 3842 @11.129s 8%: 0.11+0.70+0.11 ms clock, 1.8+0.67/1.2/0+1.8 ms cpu, 4->5->2 MB, 5 MB goal, 0 MB stacks, 0 MB globals, 16 P
gc 3843 @11.131s 8%: 0.097+0.60+0.12 ms clock, 1.5+0.71/1.0/0+1.9 ms cpu, 4->5->2 MB, 4 MB goal, 0 MB stacks, 0 MB globals, 16 P
gc 3844 @11.133s 8%: 0.12+0.72+0.095 ms clock, 2.0+0.64/0.91/0.004+1.5 ms cpu, 4->5->2 MB, 4 MB goal, 0 MB stacks, 0 MB globals, 16 P
gc 3845 @11.135s 8%: 0.093+0.62+0.12 ms clock, 1.4+0.58/0.94/0+1.9 ms cpu, 4->4->2 MB, 5 MB goal, 0 MB stacks, 0 MB globals, 16 P
gc 3846 @11.136s 8%: 0.11+0.88+0.071 ms clock, 1.7+0.60/0.99/0+1.1 ms cpu, 3->4->2 MB, 4 MB goal, 0 MB stacks, 0 MB globals, 16 P
gc 3847 @11.138s 8%: 0.10+0.47+0.13 ms clock, 1.6+0.52/0.98/0+2.2 ms cpu, 4->4->2 MB, 5 MB goal, 0 MB stacks, 0 MB globals, 16 P
gc 3848 @11.140s 8%: 0.11+0.63+0.16 ms clock, 1.7+0.63/0.90/0.004+2.6 ms cpu, 3->4->2 MB, 4 MB goal, 0 MB stacks, 0 MB globals, 16 P
gc 3849 @11.141s 8%: 0.11+0.79+0.076 ms clock, 1.8+0.70/0.86/0+1.2 ms cpu, 3->5->2 MB, 4 MB goal, 0 MB stacks, 0 MB globals, 16 P
gc 3850 @11.143s 8%: 0.14+0.56+0.19 ms clock, 2.3+0.36/0.99/0+3.1 ms cpu, 4->5->2 MB, 5 MB goal, 0 MB stacks, 0 MB globals, 16 P
gc 3851 @11.145s 8%: 0.10+0.83+0.083 ms clock, 1.7+0.77/0.89/0+1.3 ms cpu, 3->4->2 MB, 4 MB goal, 0 MB stacks, 0 MB globals, 16 P
gc 3852 @11.147s 8%: 0.10+0.56+0.14 ms clock, 1.6+0.62/0.88/0+2.3 ms cpu, 4->4->2 MB, 5 MB goal, 0 MB stacks, 0 MB globals, 16 P
gc 3853 @11.148s 8%: 0.12+0.62+0.13 ms clock, 1.9+0.72/0.84/0+2.1 ms cpu, 3->4->2 MB, 4 MB goal, 0 MB stacks, 0 MB globals, 16 P
gc 3854 @11.150s 8%: 0.11+0.62+0.065 ms clock, 1.8+0.51/0.84/0+1.0 ms cpu, 4->4->2 MB, 4 MB goal, 0 MB stacks, 0 MB globals, 16 P
gc 3855 @11.152s 8%: 0.093+0.79+0.11 ms clock, 1.4+0.53/0.94/0.11+1.8 ms cpu, 3->4->2 MB, 4 MB goal, 0 MB stacks, 0 MB globals, 16 P
gc 3856 @11.154s 8%: 0.10+0.79+0.10 ms clock, 1.6+0.42/0.85/0+1.6 ms cpu, 4->5->2 MB, 5 MB goal, 0 MB stacks, 0 MB globals, 16 P
gc 3857 @11.156s 8%: 0.12+0.69+0.11 ms clock, 2.0+0.56/0.92/0.010+1.8 ms cpu, 3->4->2 MB, 4 MB goal, 0 MB stacks, 0 MB globals, 16 P
gc 3858 @11.157s 8%: 0.17+0.61+0.18 ms clock, 2.7+0.69/0.84/0+2.9 ms cpu, 4->5->2 MB, 5 MB goal, 0 MB stacks, 0 MB globals, 16 P
gc 3859 @11.159s 8%: 0.11+0.65+0.11 ms clock, 1.8+0.65/0.97/0+1.8 ms cpu, 4->5->2 MB, 4 MB goal, 0 MB stacks, 0 MB globals, 16 P
gc 3860 @11.161s 8%: 0.15+0.71+0.12 ms clock, 2.5+0.59/0.98/0+1.9 ms cpu, 4->5->2 MB, 4 MB goal, 0 MB stacks, 0 MB globals, 16 P
gc 3861 @11.163s 8%: 0.12+0.63+0.13 ms clock, 1.9+0.56/0.94/0.017+2.2 ms cpu, 4->5->2 MB, 5 MB goal, 0 MB stacks, 0 MB globals, 16 P
gc 3862 @11.165s 8%: 0.19+0.62+0.12 ms clock, 3.0+0.53/0.93/0+2.0 ms cpu, 4->5->2 MB, 4 MB goal, 0 MB stacks, 0 MB globals, 16 P
gc 3863 @11.167s 8%: 0.11+0.86+0.064 ms clock, 1.7+0.52/1.0/0.012+1.0 ms cpu, 4->5->2 MB, 4 MB goal, 0 MB stacks, 0 MB globals, 16 P
gc 3864 @11.169s 8%: 0.12+0.86+0.10 ms clock, 2.0+0.51/0.98/0.11+1.7 ms cpu, 4->5->2 MB, 5 MB goal, 0 MB stacks, 0 MB globals, 16 P
gc 3865 @11.171s 8%: 0.11+0.65+0.072 ms clock, 1.8+0.62/0.99/0+1.1 ms cpu, 4->5->2 MB, 5 MB goal, 0 MB stacks, 0 MB globals, 16 P
gc 3866 @11.173s 8%: 0.12+0.47+0.20 ms clock, 1.9+0.64/0.80/0.057+3.2 ms cpu, 4->4->1 MB, 4 MB goal, 0 MB stacks, 0 MB globals, 16 P
gc 3867 @11.174s 8%: 0.21+0.81+0.16 ms clock, 3.4+0.76/1.1/0+2.6 ms cpu, 3->4->2 MB, 4 MB goal, 0 MB stacks, 0 MB globals, 16 P
gc 3868 @11.176s 8%: 0.097+0.70+0.16 ms clock, 1.5+0.72/1.1/0+2.6 ms cpu, 4->5->2 MB, 5 MB goal, 0 MB stacks, 0 MB globals, 16 P
gc 3869 @11.178s 8%: 0.10+0.75+0.24 ms clock, 1.7+0.55/1.0/0+3.9 ms cpu, 4->5->2 MB, 5 MB goal, 0 MB stacks, 0 MB globals, 16 P
gc 3870 @11.180s 8%: 0.11+0.66+0.15 ms clock, 1.8+0.66/0.90/0+2.4 ms cpu, 4->5->2 MB, 5 MB goal, 0 MB stacks, 0 MB globals, 16 P
gc 3871 @11.182s 8%: 0.13+0.81+0.095 ms clock, 2.1+0.57/1.0/0+1.5 ms cpu, 4->5->2 MB, 4 MB goal, 0 MB stacks, 0 MB globals, 16 P
gc 3872 @11.184s 8%: 0.11+0.86+0.080 ms clock, 1.8+0.60/1.0/0+1.2 ms cpu, 4->5->2 MB, 5 MB goal, 0 MB stacks, 0 MB globals, 16 P
gc 3873 @11.186s 8%: 0.13+0.74+0.10 ms clock, 2.0+0.63/1.1/0.008+1.6 ms cpu, 4->5->2 MB, 5 MB goal, 0 MB stacks, 0 MB globals, 16 P
gc 3874 @11.188s 8%: 0.10+0.56+0.15 ms clock, 1.6+0.38/0.98/0+2.5 ms cpu, 4->5->2 MB, 5 MB goal, 0 MB stacks, 0 MB globals, 16 P
gc 3875 @11.190s 8%: 0.16+0.82+0.051 ms clock, 2.5+0.53/1.3/0+0.81 ms cpu, 3->4->2 MB, 4 MB goal, 0 MB stacks, 0 MB globals, 16 P
gc 3876 @11.192s 8%: 0.10+0.75+0.12 ms clock, 1.6+0.58/0.95/0.059+2.0 ms cpu, 4->5->2 MB, 5 MB goal, 0 MB stacks, 0 MB globals, 16 P
gc 3877 @11.194s 8%: 0.14+0.72+0.15 ms clock, 2.2+0.63/1.1/0+2.4 ms cpu, 4->5->2 MB, 5 MB goal, 0 MB stacks, 0 MB globals, 16 P
gc 3878 @11.196s 8%: 0.13+0.63+0.18 ms clock, 2.1+0.59/1.0/0.016+2.9 ms cpu, 4->5->2 MB, 5 MB goal, 0 MB stacks, 0 MB globals, 16 P
gc 3879 @11.198s 8%: 0.14+0.62+0.17 ms clock, 2.3+0.74/0.90/0+2.8 ms cpu, 4->4->2 MB, 4 MB goal, 0 MB stacks, 0 MB globals, 16 P
gc 3880 @11.200s 8%: 0.13+0.68+0.11 ms clock, 2.2+0.48/0.99/0+1.7 ms cpu, 4->5->2 MB, 4 MB goal, 0 MB stacks, 0 MB globals, 16 P
gc 3881 @11.202s 8%: 0.14+0.47+0.19 ms clock, 2.3+0.69/0.75/0.053+3.1 ms cpu, 4->4->2 MB, 5 MB goal, 0 MB stacks, 0 MB globals, 16 P
gc 3882 @11.203s 8%: 0.11+0.53+0.14 ms clock, 1.8+0.60/0.85/0+2.2 ms cpu, 3->4->2 MB, 4 MB goal, 0 MB stacks, 0 MB globals, 16 P
gc 3883 @11.205s 8%: 0.17+0.70+0.20 ms clock, 2.8+0.56/0.94/0+3.3 ms cpu, 3->4->2 MB, 4 MB goal, 0 MB stacks, 0 MB globals, 16 P
gc 3884 @11.207s 8%: 0.10+0.89+0.099 ms clock, 1.7+0.45/0.97/0+1.5 ms cpu, 4->5->2 MB, 5 MB goal, 0 MB stacks, 0 MB globals, 16 P
gc 3885 @11.208s 8%: 0.13+0.71+0.11 ms clock, 2.1+0.63/1.0/0+1.8 ms cpu, 4->5->2 MB, 4 MB goal, 0 MB stacks, 0 MB globals, 16 P
gc 3886 @11.210s 8%: 0.13+0.56+0.13 ms clock, 2.2+0.49/1.0/0+2.1 ms cpu, 4->4->2 MB, 5 MB goal, 0 MB stacks, 0 MB globals, 16 P
gc 3887 @11.212s 8%: 0.13+0.63+0.10 ms clock, 2.0+0.60/1.1/0+1.6 ms cpu, 3->4->2 MB, 4 MB goal, 0 MB stacks, 0 MB globals, 16 P
gc 3888 @11.214s 8%: 0.11+0.50+0.16 ms clock, 1.8+0.65/0.85/0+2.6 ms cpu, 4->4->1 MB, 4 MB goal, 0 MB stacks, 0 MB globals, 16 P
gc 3889 @11.215s 8%: 0.24+0.67+0.18 ms clock, 3.9+0.95/0.98/0+2.9 ms cpu, 3->4->2 MB, 4 MB goal, 0 MB stacks, 0 MB globals, 16 P
gc 3890 @11.217s 8%: 0.14+0.94+0.11 ms clock, 2.2+0.51/0.98/0+1.8 ms cpu, 4->5->2 MB, 4 MB goal, 0 MB stacks, 0 MB globals, 16 P
gc 3891 @11.219s 8%: 0.11+0.71+0.089 ms clock, 1.8+0.49/1.0/0+1.4 ms cpu, 4->5->2 MB, 5 MB goal, 0 MB stacks, 0 MB globals, 16 P
gc 3892 @11.221s 8%: 0.12+0.81+0.12 ms clock, 2.0+0.77/0.83/0+1.9 ms cpu, 4->5->2 MB, 4 MB goal, 0 MB stacks, 0 MB globals, 16 P
gc 3893 @11.223s 8%: 0.083+0.79+0.088 ms clock, 1.3+0.55/0.99/0+1.4 ms cpu, 4->5->2 MB, 5 MB goal, 0 MB stacks, 0 MB globals, 16 P
gc 3894 @11.225s 8%: 0.11+0.54+0.10 ms clock, 1.8+0.52/1.1/0.003+1.7 ms cpu, 4->5->2 MB, 5 MB goal, 0 MB stacks, 0 MB globals, 16 P
gc 3895 @11.227s 8%: 0.10+0.77+0.089 ms clock, 1.6+0.68/0.93/0.055+1.4 ms cpu, 3->4->2 MB, 4 MB goal, 0 MB stacks, 0 MB globals, 16 P
gc 3896 @11.229s 8%: 0.10+0.59+0.17 ms clock, 1.7+0.58/0.95/0+2.7 ms cpu, 4->4->2 MB, 4 MB goal, 0 MB stacks, 0 MB globals, 16 P
gc 3897 @11.230s 8%: 0.10+0.89+0.046 ms clock, 1.6+0.48/1.0/0+0.73 ms cpu, 4->4->2 MB, 4 MB goal, 0 MB stacks, 0 MB globals, 16 P
gc 3898 @11.232s 8%: 0.10+0.52+0.13 ms clock, 1.6+0.60/0.93/0+2.1 ms cpu, 4->4->2 MB, 4 MB goal, 0 MB stacks, 0 MB globals, 16 P
gc 3899 @11.234s 8%: 0.11+0.77+0.15 ms clock, 1.8+0.50/1.0/0.027+2.4 ms cpu, 3->4->2 MB, 4 MB goal, 0 MB stacks, 0 MB globals, 16 P
gc 3900 @11.236s 8%: 0.12+0.98+0.18 ms clock, 1.9+0.50/0.85/0.19+2.9 ms cpu, 4->5->2 MB, 5 MB goal, 0 MB stacks, 0 MB globals, 16 P
gc 3901 @11.238s 8%: 0.11+0.76+0.088 ms clock, 1.8+0.65/0.88/0+1.4 ms cpu, 4->5->2 MB, 5 MB goal, 0 MB stacks, 0 MB globals, 16 P
gc 3902 @11.240s 8%: 0.11+0.63+0.12 ms clock, 1.8+0.61/0.91/0+1.9 ms cpu, 4->5->2 MB, 5 MB goal, 0 MB stacks, 0 MB globals, 16 P
gc 3903 @11.241s 8%: 0.10+0.72+0.21 ms clock, 1.6+0.64/1.0/0+3.3 ms cpu, 4->4->2 MB, 4 MB goal, 0 MB stacks, 0 MB globals, 16 P
gc 3904 @11.243s 8%: 0.12+0.72+0.16 ms clock, 1.9+0.67/1.0/0+2.5 ms cpu, 4->5->2 MB, 4 MB goal, 0 MB stacks, 0 MB globals, 16 P
gc 3905 @11.245s 8%: 0.13+1.2+0.008 ms clock, 2.1+0.74/0.95/0+0.13 ms cpu, 4->5->2 MB, 4 MB goal, 0 MB stacks, 0 MB globals, 16 P
gc 3906 @11.248s 8%: 0.15+0.53+0.14 ms clock, 2.4+0.41/0.96/0.017+2.3 ms cpu, 4->5->2 MB, 5 MB goal, 0 MB stacks, 0 MB globals, 16 P
gc 3907 @11.249s 8%: 0.17+0.55+0.17 ms clock, 2.7+0.57/0.95/0+2.8 ms cpu, 3->4->2 MB, 4 MB goal, 0 MB stacks, 0 MB globals, 16 P
gc 3908 @11.251s 8%: 0.13+0.64+0.21 ms clock, 2.1+0.57/0.97/0+3.4 ms cpu, 4->5->2 MB, 4 MB goal, 0 MB stacks, 0 MB globals, 16 P
gc 3909 @11.253s 8%: 0.14+0.58+0.18 ms clock, 2.2+0.61/0.96/0+2.9 ms cpu, 4->5->2 MB, 5 MB goal, 0 MB stacks, 0 MB globals, 16 P
gc 3910 @11.254s 8%: 0.11+0.71+0.16 ms clock, 1.8+0.64/0.93/0+2.7 ms cpu, 4->4->2 MB, 4 MB goal, 0 MB stacks, 0 MB globals, 16 P
gc 3911 @11.256s 8%: 0.16+0.90+0.12 ms clock, 2.6+0.64/1.1/0.004+1.9 ms cpu, 4->5->2 MB, 5 MB goal, 0 MB stacks, 0 MB globals, 16 P
gc 3912 @11.258s 8%: 0.14+0.70+0.12 ms clock, 2.3+0.61/0.87/0+1.9 ms cpu, 4->5->2 MB, 5 MB goal, 0 MB stacks, 0 MB globals, 16 P
gc 3913 @11.260s 8%: 0.10+0.66+0.24 ms clock, 1.6+0.37/0.91/0.012+3.8 ms cpu, 4->5->2 MB, 5 MB goal, 0 MB stacks, 0 MB globals, 16 P
gc 3914 @11.262s 8%: 0.16+0.77+0.10 ms clock, 2.5+0.61/0.97/0+1.6 ms cpu, 4->5->2 MB, 4 MB goal, 0 MB stacks, 0 MB globals, 16 P
gc 3915 @11.264s 8%: 0.14+0.56+0.14 ms clock, 2.2+0.92/0.88/0+2.3 ms cpu, 4->5->2 MB, 5 MB goal, 0 MB stacks, 0 MB globals, 16 P
gc 3916 @11.266s 8%: 0.14+0.58+0.16 ms clock, 2.2+0.68/1.0/0+2.6 ms cpu, 3->4->2 MB, 4 MB goal, 0 MB stacks, 0 MB globals, 16 P
gc 3917 @11.268s 8%: 0.16+0.65+0.11 ms clock, 2.6+0.53/1.1/0+1.8 ms cpu, 4->5->2 MB, 4 MB goal, 0 MB stacks, 0 MB globals, 16 P
gc 3918 @11.269s 8%: 0.11+0.58+0.13 ms clock, 1.8+0.60/0.87/0+2.1 ms cpu, 4->5->2 MB, 5 MB goal, 0 MB stacks, 0 MB globals, 16 P
gc 3919 @11.271s 8%: 0.10+0.79+0.14 ms clock, 1.7+0.60/0.98/0+2.3 ms cpu, 4->5->2 MB, 4 MB goal, 0 MB stacks, 0 MB globals, 16 P
gc 3920 @11.273s 8%: 0.17+0.64+0.12 ms clock, 2.8+0.65/0.99/0+2.0 ms cpu, 4->5->2 MB, 5 MB goal, 0 MB stacks, 0 MB globals, 16 P
gc 3921 @11.275s 8%: 0.12+0.67+0.17 ms clock, 1.9+0.65/1.1/0+2.7 ms cpu, 4->5->2 MB, 5 MB goal, 0 MB stacks, 0 MB globals, 16 P
gc 3922 @11.277s 8%: 0.14+0.68+0.14 ms clock, 2.3+0.67/0.88/0+2.3 ms cpu, 3->4->2 MB, 4 MB goal, 0 MB stacks, 0 MB globals, 16 P
gc 3923 @11.279s 8%: 0.20+0.64+0.18 ms clock, 3.2+0.65/1.0/0+2.9 ms cpu, 4->4->2 MB, 4 MB goal, 0 MB stacks, 0 MB globals, 16 P
gc 3924 @11.281s 8%: 0.10+0.86+0.075 ms clock, 1.6+0.57/1.0/0.017+1.2 ms cpu, 4->5->2 MB, 5 MB goal, 0 MB stacks, 0 MB globals, 16 P
gc 3925 @11.283s 8%: 0.10+0.80+0.10 ms clock, 1.7+0.69/1.1/0+1.7 ms cpu, 4->5->2 MB, 5 MB goal, 0 MB stacks, 0 MB globals, 16 P
gc 3926 @11.285s 8%: 0.097+0.70+0.17 ms clock, 1.5+0.75/0.84/0+2.7 ms cpu, 4->5->2 MB, 5 MB goal, 0 MB stacks, 0 MB globals, 16 P
gc 3927 @11.286s 8%: 0.14+0.78+0.17 ms clock, 2.3+0.79/0.90/0+2.8 ms cpu, 3->4->2 MB, 4 MB goal, 0 MB stacks, 0 MB globals, 16 P
gc 3928 @11.288s 8%: 0.090+0.65+0.13 ms clock, 1.4+0.45/0.89/0.010+2.1 ms cpu, 4->5->2 MB, 5 MB goal, 0 MB stacks, 0 MB globals, 16 P
gc 3929 @11.290s 8%: 0.20+1.0+0.14 ms clock, 3.3+0.69/0.93/0+2.3 ms cpu, 3->5->2 MB, 4 MB goal, 0 MB stacks, 0 MB globals, 16 P
gc 3930 @11.293s 8%: 0.16+0.63+0.12 ms clock, 2.6+0.66/1.0/0+1.9 ms cpu, 5->5->2 MB, 6 MB goal, 0 MB stacks, 0 MB globals, 16 P
gc 3931 @11.294s 8%: 0.11+0.70+0.094 ms clock, 1.8+0.57/1.0/0+1.5 ms cpu, 4->4->2 MB, 4 MB goal, 0 MB stacks, 0 MB globals, 16 P
gc 3932 @11.296s 8%: 0.11+0.70+0.14 ms clock, 1.7+0.63/0.89/0.036+2.3 ms cpu, 4->5->2 MB, 4 MB goal, 0 MB stacks, 0 MB globals, 16 P
gc 3933 @11.298s 8%: 0.15+0.67+0.21 ms clock, 2.4+0.66/1.0/0.025+3.5 ms cpu, 4->4->2 MB, 4 MB goal, 0 MB stacks, 0 MB globals, 16 P
gc 3934 @11.300s 8%: 0.17+0.84+0.093 ms clock, 2.8+0.57/1.1/0+1.5 ms cpu, 4->5->2 MB, 4 MB goal, 0 MB stacks, 0 MB globals, 16 P
gc 3935 @11.302s 8%: 0.11+0.59+0.10 ms clock, 1.7+0.61/1.0/0.009+1.6 ms cpu, 4->5->2 MB, 5 MB goal, 0 MB stacks, 0 MB globals, 16 P
gc 3936 @11.304s 8%: 0.13+0.74+0.12 ms clock, 2.0+0.63/0.90/0.044+1.9 ms cpu, 4->4->2 MB, 4 MB goal, 0 MB stacks, 0 MB globals, 16 P
gc 3937 @11.306s 8%: 0.11+0.52+0.15 ms clock, 1.7+0.59/0.93/0.002+2.5 ms cpu, 4->5->2 MB, 5 MB goal, 0 MB stacks, 0 MB globals, 16 P
gc 3938 @11.307s 8%: 0.12+0.91+0.11 ms clock, 2.0+1.1/1.9/0+1.8 ms cpu, 3->4->2 MB, 4 MB goal, 0 MB stacks, 0 MB globals, 16 P
gc 3939 @11.309s 8%: 0.20+0.58+0.19 ms clock, 3.3+0.87/0.93/0+3.1 ms cpu, 3->4->2 MB, 4 MB goal, 0 MB stacks, 0 MB globals, 16 P
gc 3940 @11.311s 8%: 0.13+0.77+0.13 ms clock, 2.1+0.78/1.1/0+2.1 ms cpu, 4->5->2 MB, 4 MB goal, 0 MB stacks, 0 MB globals, 16 P
gc 3941 @11.313s 8%: 0.16+0.61+0.16 ms clock, 2.6+0.60/1.1/0+2.6 ms cpu, 4->5->2 MB, 5 MB goal, 0 MB stacks, 0 MB globals, 16 P
gc 3942 @11.315s 8%: 0.15+0.67+0.11 ms clock, 2.4+0.63/0.87/0+1.9 ms cpu, 4->4->2 MB, 4 MB goal, 0 MB stacks, 0 MB globals, 16 P
gc 3943 @11.316s 8%: 0.22+0.71+0.17 ms clock, 3.6+0.85/0.86/0+2.8 ms cpu, 3->4->2 MB, 4 MB goal, 0 MB stacks, 0 MB globals, 16 P
gc 3944 @11.318s 8%: 0.14+0.60+0.13 ms clock, 2.2+0.59/1.0/0+2.1 ms cpu, 4->5->2 MB, 5 MB goal, 0 MB stacks, 0 MB globals, 16 P
gc 3945 @11.320s 8%: 0.12+0.83+0.13 ms clock, 1.9+0.72/1.0/0.038+2.1 ms cpu, 4->4->2 MB, 4 MB goal, 0 MB stacks, 0 MB globals, 16 P
gc 3946 @11.322s 8%: 0.10+0.83+0.10 ms clock, 1.7+0.68/0.88/0+1.7 ms cpu, 4->5->2 MB, 5 MB goal, 0 MB stacks, 0 MB globals, 16 P
gc 3947 @11.324s 8%: 0.11+0.82+0.083 ms clock, 1.7+0.65/1.0/0+1.3 ms cpu, 4->5->2 MB, 5 MB goal, 0 MB stacks, 0 MB globals, 16 P
gc 3948 @11.326s 8%: 0.11+0.65+0.094 ms clock, 1.8+0.61/0.99/0.006+1.5 ms cpu, 4->5->2 MB, 5 MB goal, 0 MB stacks, 0 MB globals, 16 P
gc 3949 @11.328s 8%: 0.085+0.57+0.14 ms clock, 1.3+0.55/1.0/0+2.2 ms cpu, 4->4->2 MB, 4 MB goal, 0 MB stacks, 0 MB globals, 16 P
gc 3950 @11.330s 8%: 0.15+0.59+0.18 ms clock, 2.4+0.72/0.93/0.016+2.9 ms cpu, 3->4->2 MB, 4 MB goal, 0 MB stacks, 0 MB globals, 16 P
gc 3951 @11.331s 8%: 0.10+0.59+0.10 ms clock, 1.6+0.63/0.90/0.036+1.6 ms cpu, 4->4->2 MB, 4 MB goal, 0 MB stacks, 0 MB globals, 16 P
gc 3952 @11.333s 8%: 0.10+0.63+0.14 ms clock, 1.6+0.70/0.94/0+2.3 ms cpu, 3->4->2 MB, 4 MB goal, 0 MB stacks, 0 MB globals, 16 P
gc 3953 @11.335s 8%: 0.094+0.68+0.11 ms clock, 1.5+0.66/0.84/0+1.7 ms cpu, 3->4->2 MB, 4 MB goal, 0 MB stacks, 0 MB globals, 16 P
gc 3954 @11.336s 8%: 0.15+0.74+0.098 ms clock, 2.4+0.72/1.0/0+1.5 ms cpu, 3->4->2 MB, 4 MB goal, 0 MB stacks, 0 MB globals, 16 P
gc 3955 @11.338s 8%: 0.13+0.65+0.10 ms clock, 2.2+0.54/1.0/0+1.6 ms cpu, 4->4->2 MB, 4 MB goal, 0 MB stacks, 0 MB globals, 16 P
gc 3956 @11.340s 8%: 0.20+0.72+0.089 ms clock, 3.2+0.64/0.90/0+1.4 ms cpu, 3->4->2 MB, 4 MB goal, 0 MB stacks, 0 MB globals, 16 P
gc 3957 @11.342s 8%: 0.12+0.93+0.099 ms clock, 1.9+0.60/0.88/0+1.5 ms cpu, 4->5->2 MB, 5 MB goal, 0 MB stacks, 0 MB globals, 16 P
gc 3958 @11.344s 8%: 0.12+0.72+0.071 ms clock, 1.9+0.55/0.91/0+1.1 ms cpu, 4->5->2 MB, 5 MB goal, 0 MB stacks, 0 MB globals, 16 P
gc 3959 @11.346s 8%: 0.12+0.52+0.14 ms clock, 2.0+0.71/0.86/0+2.2 ms cpu, 4->4->2 MB, 4 MB goal, 0 MB stacks, 0 MB globals, 16 P
gc 3960 @11.347s 8%: 0.12+0.63+0.16 ms clock, 1.9+0.56/0.95/0.023+2.6 ms cpu, 3->4->2 MB, 4 MB goal, 0 MB stacks, 0 MB globals, 16 P
gc 3961 @11.349s 8%: 0.13+0.56+0.12 ms clock, 2.2+0.70/0.97/0+1.9 ms cpu, 4->4->2 MB, 4 MB goal, 0 MB stacks, 0 MB globals, 16 P
gc 3962 @11.350s 8%: 0.10+0.48+0.13 ms clock, 1.6+0.63/0.95/0.004+2.2 ms cpu, 3->4->2 MB, 4 MB goal, 0 MB stacks, 0 MB globals, 16 P
gc 3963 @11.352s 8%: 0.11+0.66+0.13 ms clock, 1.8+0.68/1.0/0+2.1 ms cpu, 3->4->2 MB, 4 MB goal, 0 MB stacks, 0 MB globals, 16 P
gc 3964 @11.354s 8%: 0.16+0.78+0.20 ms clock, 2.6+0.63/0.89/0+3.2 ms cpu, 4->5->2 MB, 4 MB goal, 0 MB stacks, 0 MB globals, 16 P
gc 3965 @11.356s 8%: 0.10+0.74+0.10 ms clock, 1.7+0.65/0.91/0.019+1.6 ms cpu, 4->5->2 MB, 5 MB goal, 0 MB stacks, 0 MB globals, 16 P
gc 3966 @11.358s 8%: 0.17+0.73+0.13 ms clock, 2.7+0.78/0.90/0+2.0 ms cpu, 4->5->2 MB, 5 MB goal, 0 MB stacks, 0 MB globals, 16 P
gc 3967 @11.360s 8%: 0.12+0.92+0.050 ms clock, 2.0+0.61/0.99/0.096+0.80 ms cpu, 4->5->2 MB, 5 MB goal, 0 MB stacks, 0 MB globals, 16 P
gc 3968 @11.362s 8%: 0.11+0.66+0.10 ms clock, 1.8+0.60/1.0/0.003+1.6 ms cpu, 4->5->2 MB, 5 MB goal, 0 MB stacks, 0 MB globals, 16 P
gc 3969 @11.363s 8%: 0.17+0.64+0.046 ms clock, 2.8+0.52/1.0/0+0.74 ms cpu, 4->4->2 MB, 4 MB goal, 0 MB stacks, 0 MB globals, 16 P
gc 3970 @11.365s 8%: 0.11+0.67+0.15 ms clock, 1.8+0.75/0.86/0+2.4 ms cpu, 4->4->2 MB, 4 MB goal, 0 MB stacks, 0 MB globals, 16 P
gc 3971 @11.367s 8%: 0.14+0.79+0.17 ms clock, 2.2+0.71/0.96/0+2.7 ms cpu, 3->5->2 MB, 4 MB goal, 0 MB stacks, 0 MB globals, 16 P
gc 3972 @11.369s 8%: 0.12+0.64+0.12 ms clock, 1.9+0.57/0.92/0+2.0 ms cpu, 4->5->2 MB, 5 MB goal, 0 MB stacks, 0 MB globals, 16 P
gc 3973 @11.371s 8%: 0.16+0.92+0.10 ms clock, 2.6+0.67/0.99/0+1.6 ms cpu, 3->5->2 MB, 4 MB goal, 0 MB stacks, 0 MB globals, 16 P
gc 3974 @11.373s 8%: 0.13+0.62+0.15 ms clock, 2.1+0.60/1.0/0+2.4 ms cpu, 4->5->2 MB, 5 MB goal, 0 MB stacks, 0 MB globals, 16 P
gc 3975 @11.375s 8%: 0.12+0.93+0.10 ms clock, 1.9+0.62/1.0/0.063+1.6 ms cpu, 3->5->2 MB, 4 MB goal, 0 MB stacks, 0 MB globals, 16 P
gc 3976 @11.377s 8%: 0.14+0.79+0.17 ms clock, 2.3+0.75/0.93/0+2.8 ms cpu, 4->5->2 MB, 5 MB goal, 0 MB stacks, 0 MB globals, 16 P
gc 3977 @11.379s 8%: 0.11+0.71+0.19 ms clock, 1.8+0.76/1.0/0.009+3.1 ms cpu, 4->5->2 MB, 5 MB goal, 0 MB stacks, 0 MB globals, 16 P
gc 3978 @11.381s 8%: 0.13+0.64+0.18 ms clock, 2.1+0.59/1.1/0+2.8 ms cpu, 4->5->2 MB, 5 MB goal, 0 MB stacks, 0 MB globals, 16 P
gc 3979 @11.383s 8%: 0.11+0.66+0.21 ms clock, 1.8+0.52/1.1/0+3.3 ms cpu, 4->4->2 MB, 4 MB goal, 0 MB stacks, 0 MB globals, 16 P
gc 3980 @11.385s 8%: 0.16+0.58+0.16 ms clock, 2.7+0.71/0.88/0.004+2.6 ms cpu, 4->5->2 MB, 4 MB goal, 0 MB stacks, 0 MB globals, 16 P
gc 3981 @11.386s 8%: 0.14+1.0+0.14 ms clock, 2.2+0.77/1.0/0+2.2 ms cpu, 4->5->2 MB, 5 MB goal, 0 MB stacks, 0 MB globals, 16 P
gc 3982 @11.389s 8%: 0.16+0.59+0.11 ms clock, 2.7+0.71/0.92/0+1.7 ms cpu, 4->5->2 MB, 5 MB goal, 0 MB stacks, 0 MB globals, 16 P
gc 3983 @11.391s 8%: 0.11+0.88+0.077 ms clock, 1.8+0.58/1.0/0.004+1.2 ms cpu, 4->5->2 MB, 4 MB goal, 0 MB stacks, 0 MB globals, 16 P
gc 3984 @11.393s 8%: 0.15+0.72+0.16 ms clock, 2.4+0.70/0.98/0.11+2.6 ms cpu, 4->5->2 MB, 4 MB goal, 0 MB stacks, 0 MB globals, 16 P
gc 3985 @11.395s 8%: 0.19+0.66+0.16 ms clock, 3.1+0.57/1.0/0.034+2.7 ms cpu, 4->5->2 MB, 5 MB goal, 0 MB stacks, 0 MB globals, 16 P
gc 3986 @11.397s 8%: 0.12+0.84+0.099 ms clock, 2.0+0.56/0.92/0+1.5 ms cpu, 4->5->2 MB, 5 MB goal, 0 MB stacks, 0 MB globals, 16 P
gc 3987 @11.398s 8%: 0.18+0.72+0.15 ms clock, 2.9+0.54/1.0/0+2.5 ms cpu, 4->5->2 MB, 5 MB goal, 0 MB stacks, 0 MB globals, 16 P
gc 3988 @11.401s 8%: 0.12+0.63+0.25 ms clock, 1.9+0.83/1.0/0+4.1 ms cpu, 4->5->2 MB, 5 MB goal, 0 MB stacks, 0 MB globals, 16 P
gc 3989 @11.403s 8%: 0.12+0.56+0.21 ms clock, 1.9+0.46/1.0/0+3.3 ms cpu, 4->4->2 MB, 4 MB goal, 0 MB stacks, 0 MB globals, 16 P
gc 3990 @11.404s 8%: 0.15+0.87+0.054 ms clock, 2.4+0.51/1.1/0.020+0.86 ms cpu, 4->5->2 MB, 4 MB goal, 0 MB stacks, 0 MB globals, 16 P
gc 3991 @11.406s 8%: 0.11+0.71+0.19 ms clock, 1.8+0.53/1.0/0.029+3.1 ms cpu, 4->5->2 MB, 5 MB goal, 0 MB stacks, 0 MB globals, 16 P
gc 3992 @11.408s 8%: 0.19+0.82+0.10 ms clock, 3.0+0.67/0.92/0+1.6 ms cpu, 3->5->2 MB, 4 MB goal, 0 MB stacks, 0 MB globals, 16 P
gc 3993 @11.410s 8%: 0.17+0.91+0.098 ms clock, 2.7+0.57/0.88/0+1.5 ms cpu, 4->5->2 MB, 5 MB goal, 0 MB stacks, 0 MB globals, 16 P
gc 3994 @11.412s 8%: 0.15+0.77+0.093 ms clock, 2.5+0.61/0.99/0.058+1.4 ms cpu, 4->5->2 MB, 5 MB goal, 0 MB stacks, 0 MB globals, 16 P
gc 3995 @11.414s 8%: 0.12+0.92+0.097 ms clock, 2.0+0.67/0.92/0+1.5 ms cpu, 4->5->2 MB, 4 MB goal, 0 MB stacks, 0 MB globals, 16 P
gc 3996 @11.416s 8%: 0.12+0.71+0.095 ms clock, 1.9+0.54/1.0/0.003+1.5 ms cpu, 4->5->2 MB, 5 MB goal, 0 MB stacks, 0 MB globals, 16 P
gc 3997 @11.418s 8%: 0.11+0.71+0.16 ms clock, 1.8+0.59/0.96/0+2.6 ms cpu, 4->5->2 MB, 5 MB goal, 0 MB stacks, 0 MB globals, 16 P
gc 3998 @11.420s 8%: 0.14+0.53+0.13 ms clock, 2.3+0.65/0.91/0+2.1 ms cpu, 4->5->2 MB, 5 MB goal, 0 MB stacks, 0 MB globals, 16 P
gc 3999 @11.422s 8%: 0.14+0.63+0.14 ms clock, 2.3+0.52/1.0/0+2.3 ms cpu, 3->4->2 MB, 4 MB goal, 0 MB stacks, 0 MB globals, 16 P
gc 4000 @11.424s 8%: 0.13+0.62+0.18 ms clock, 2.1+0.68/0.79/0+2.9 ms cpu, 4->4->2 MB, 4 MB goal, 0 MB stacks, 0 MB globals, 16 P
gc 4001 @11.426s 8%: 0.18+0.74+0.072 ms clock, 2.9+0.62/1.1/0+1.1 ms cpu, 4->5->2 MB, 4 MB goal, 0 MB stacks, 0 MB globals, 16 P
gc 4002 @11.428s 8%: 0.22+0.76+0.087 ms clock, 3.5+0.55/0.95/0.032+1.4 ms cpu, 4->5->2 MB, 5 MB goal, 0 MB stacks, 0 MB globals, 16 P
gc 4003 @11.430s 8%: 0.13+0.65+0.14 ms clock, 2.1+0.64/0.94/0+2.2 ms cpu, 4->5->2 MB, 5 MB goal, 0 MB stacks, 0 MB globals, 16 P
gc 4004 @11.431s 8%: 0.078+0.66+0.13 ms clock, 1.2+0.57/1.0/0+2.1 ms cpu, 4->4->2 MB, 5 MB goal, 0 MB stacks, 0 MB globals, 16 P
gc 4005 @11.433s 8%: 0.11+0.73+0.12 ms clock, 1.8+0.48/0.93/0.007+1.9 ms cpu, 3->4->2 MB, 4 MB goal, 0 MB stacks, 0 MB globals, 16 P
gc 4006 @11.435s 8%: 0.10+0.48+0.16 ms clock, 1.6+0.66/0.81/0+2.6 ms cpu, 4->4->2 MB, 4 MB goal, 0 MB stacks, 0 MB globals, 16 P
gc 4007 @11.436s 8%: 0.11+0.80+0.11 ms clock, 1.8+0.58/1.1/0+1.8 ms cpu, 3->4->2 MB, 4 MB goal, 0 MB stacks, 0 MB globals, 16 P
gc 4008 @11.438s 8%: 0.13+0.64+0.11 ms clock, 2.2+0.62/1.0/0+1.8 ms cpu, 4->5->2 MB, 5 MB goal, 0 MB stacks, 0 MB globals, 16 P
gc 4009 @11.440s 8%: 0.10+0.60+0.093 ms clock, 1.6+0.67/0.80/0.077+1.4 ms cpu, 4->4->2 MB, 4 MB goal, 0 MB stacks, 0 MB globals, 16 P
gc 4010 @11.442s 8%: 0.093+0.67+0.15 ms clock, 1.4+0.67/0.89/0.029+2.4 ms cpu, 3->4->2 MB, 4 MB goal, 0 MB stacks, 0 MB globals, 16 P
gc 4011 @11.444s 8%: 0.12+0.57+0.13 ms clock, 1.9+0.59/0.89/0+2.1 ms cpu, 4->5->2 MB, 4 MB goal, 0 MB stacks, 0 MB globals, 16 P
gc 4012 @11.445s 8%: 0.12+0.53+0.067 ms clock, 1.9+0.57/0.92/0+1.0 ms cpu, 4->4->2 MB, 4 MB goal, 0 MB stacks, 0 MB globals, 16 P
gc 4013 @11.447s 8%: 0.10+0.65+0.13 ms clock, 1.6+0.69/0.80/0+2.1 ms cpu, 3->4->2 MB, 4 MB goal, 0 MB stacks, 0 MB globals, 16 P
gc 4014 @11.449s 8%: 0.14+0.52+0.15 ms clock, 2.2+0.55/0.93/0.091+2.4 ms cpu, 4->4->2 MB, 4 MB goal, 0 MB stacks, 0 MB globals, 16 P
gc 4015 @11.450s 8%: 0.12+0.64+0.12 ms clock, 1.9+0.56/0.87/0+2.0 ms cpu, 3->4->2 MB, 4 MB goal, 0 MB stacks, 0 MB globals, 16 P
gc 4016 @11.452s 8%: 0.10+0.63+0.099 ms clock, 1.7+0.53/1.0/0+1.5 ms cpu, 4->5->2 MB, 4 MB goal, 0 MB stacks, 0 MB globals, 16 P
gc 4017 @11.454s 8%: 0.11+0.55+0.077 ms clock, 1.8+0.52/0.93/0.036+1.2 ms cpu, 4->4->2 MB, 4 MB goal, 0 MB stacks, 0 MB globals, 16 P
gc 4018 @11.455s 8%: 0.14+0.54+0.14 ms clock, 2.3+0.67/0.87/0+2.2 ms cpu, 3->4->2 MB, 4 MB goal, 0 MB stacks, 0 MB globals, 16 P
gc 4019 @11.457s 8%: 0.093+0.71+0.16 ms clock, 1.5+0.51/0.95/0+2.5 ms cpu, 3->4->2 MB, 4 MB goal, 0 MB stacks, 0 MB globals, 16 P
gc 4020 @11.459s 8%: 0.15+0.75+0.098 ms clock, 2.4+0.56/0.97/0+1.5 ms cpu, 4->4->2 MB, 4 MB goal, 0 MB stacks, 0 MB globals, 16 P
gc 4021 @11.460s 8%: 0.12+0.56+0.12 ms clock, 1.9+0.50/1.0/0+1.9 ms cpu, 4->4->2 MB, 5 MB goal, 0 MB stacks, 0 MB globals, 16 P
gc 4022 @11.462s 8%: 0.13+0.55+0.19 ms clock, 2.1+0.63/0.74/0.11+3.0 ms cpu, 3->4->2 MB, 4 MB goal, 0 MB stacks, 0 MB globals, 16 P
gc 4023 @11.464s 8%: 0.10+0.81+0.087 ms clock, 1.6+0.78/0.90/0+1.3 ms cpu, 3->4->2 MB, 4 MB goal, 0 MB stacks, 0 MB globals, 16 P
gc 4024 @11.466s 8%: 0.12+0.70+0.12 ms clock, 2.0+0.74/0.98/0.005+1.9 ms cpu, 4->5->2 MB, 5 MB goal, 0 MB stacks, 0 MB globals, 16 P
gc 4025 @11.468s 8%: 0.11+0.64+0.18 ms clock, 1.7+0.63/1.1/0+2.9 ms cpu, 4->5->2 MB, 5 MB goal, 0 MB stacks, 0 MB globals, 16 P
gc 4026 @11.469s 8%: 0.22+0.75+0.054 ms clock, 3.6+0.66/0.99/0+0.86 ms cpu, 4->5->2 MB, 4 MB goal, 0 MB stacks, 0 MB globals, 16 P
gc 4027 @11.472s 8%: 0.14+0.75+0.072 ms clock, 2.3+0.61/0.86/0+1.1 ms cpu, 4->5->2 MB, 5 MB goal, 0 MB stacks, 0 MB globals, 16 P
gc 4028 @11.473s 8%: 0.13+0.66+0.17 ms clock, 2.1+0.67/1.1/0+2.8 ms cpu, 4->5->2 MB, 5 MB goal, 0 MB stacks, 0 MB globals, 16 P
gc 4029 @11.475s 8%: 0.14+0.69+0.21 ms clock, 2.2+0.70/1.0/0+3.4 ms cpu, 4->5->2 MB, 4 MB goal, 0 MB stacks, 0 MB globals, 16 P
gc 4030 @11.477s 8%: 0.10+0.79+0.22 ms clock, 1.7+0.64/1.0/0+3.5 ms cpu, 4->5->2 MB, 4 MB goal, 0 MB stacks, 0 MB globals, 16 P
gc 4031 @11.479s 8%: 0.12+0.73+0.17 ms clock, 1.9+0.44/1.0/0.20+2.8 ms cpu, 4->5->2 MB, 5 MB goal, 0 MB stacks, 0 MB globals, 16 P
gc 4032 @11.481s 8%: 0.13+0.84+0.10 ms clock, 2.1+0.69/0.95/0.027+1.6 ms cpu, 4->5->2 MB, 4 MB goal, 0 MB stacks, 0 MB globals, 16 P
gc 4033 @11.483s 8%: 0.098+0.62+0.19 ms clock, 1.5+0.67/0.88/0.011+3.1 ms cpu, 4->4->2 MB, 5 MB goal, 0 MB stacks, 0 MB globals, 16 P
gc 4034 @11.485s 8%: 0.18+0.78+0.11 ms clock, 2.9+0.70/0.85/0+1.8 ms cpu, 3->4->2 MB, 4 MB goal, 0 MB stacks, 0 MB globals, 16 P
gc 4035 @11.487s 8%: 0.078+0.88+0.11 ms clock, 1.2+0.53/1.2/0.035+1.8 ms cpu, 4->5->2 MB, 5 MB goal, 0 MB stacks, 0 MB globals, 16 P
gc 4036 @11.489s 8%: 0.10+0.65+0.20 ms clock, 1.6+0.44/0.85/0.34+3.3 ms cpu, 4->5->2 MB, 5 MB goal, 0 MB stacks, 0 MB globals, 16 P
gc 4037 @11.491s 8%: 0.17+0.65+0.13 ms clock, 2.7+0.70/1.0/0+2.2 ms cpu, 3->4->2 MB, 4 MB goal, 0 MB stacks, 0 MB globals, 16 P
gc 4038 @11.493s 8%: 0.12+0.54+0.14 ms clock, 1.9+0.60/0.98/0+2.3 ms cpu, 4->5->2 MB, 5 MB goal, 0 MB stacks, 0 MB globals, 16 P
gc 4039 @11.494s 8%: 0.13+0.84+0.056 ms clock, 2.1+0.54/0.94/0+0.90 ms cpu, 3->4->2 MB, 4 MB goal, 0 MB stacks, 0 MB globals, 16 P
gc 4040 @11.496s 8%: 0.14+0.94+0.093 ms clock, 2.2+0.57/1.1/0.008+1.4 ms cpu, 4->5->2 MB, 5 MB goal, 0 MB stacks, 0 MB globals, 16 P
gc 4041 @11.499s 8%: 0.13+0.87+0.10 ms clock, 2.1+0.70/0.99/0+1.6 ms cpu, 4->5->2 MB, 5 MB goal, 0 MB stacks, 0 MB globals, 16 P
gc 4042 @11.501s 8%: 0.11+0.51+0.12 ms clock, 1.7+0.65/0.83/0.014+2.0 ms cpu, 4->4->1 MB, 5 MB goal, 0 MB stacks, 0 MB globals, 16 P
gc 4043 @11.502s 8%: 0.16+0.93+0.082 ms clock, 2.6+0.55/1.0/0+1.3 ms cpu, 3->4->2 MB, 4 MB goal, 0 MB stacks, 0 MB globals, 16 P
gc 4044 @11.504s 8%: 0.12+0.84+0.11 ms clock, 1.9+0.51/1.1/0+1.8 ms cpu, 4->5->2 MB, 5 MB goal, 0 MB stacks, 0 MB globals, 16 P
gc 4045 @11.506s 8%: 0.12+0.85+0.097 ms clock, 1.9+0.55/1.1/0.020+1.5 ms cpu, 4->5->2 MB, 5 MB goal, 0 MB stacks, 0 MB globals, 16 P
gc 4046 @11.509s 8%: 0.090+0.60+0.15 ms clock, 1.4+0.50/0.96/0+2.4 ms cpu, 4->5->2 MB, 5 MB goal, 0 MB stacks, 0 MB globals, 16 P
gc 4047 @11.510s 8%: 0.19+0.74+0.13 ms clock, 3.1+0.74/1.1/0+2.2 ms cpu, 4->4->2 MB, 4 MB goal, 0 MB stacks, 0 MB globals, 16 P
gc 4048 @11.512s 8%: 0.12+0.71+0.18 ms clock, 2.0+0.65/0.92/0+2.8 ms cpu, 4->5->2 MB, 4 MB goal, 0 MB stacks, 0 MB globals, 16 P
gc 4049 @11.514s 8%: 0.11+0.58+0.16 ms clock, 1.7+0.50/0.99/0+2.6 ms cpu, 4->4->2 MB, 4 MB goal, 0 MB stacks, 0 MB globals, 16 P
gc 4050 @11.516s 8%: 0.15+0.66+0.21 ms clock, 2.4+0.69/1.1/0+3.3 ms cpu, 3->4->2 MB, 4 MB goal, 0 MB stacks, 0 MB globals, 16 P
gc 4051 @11.518s 8%: 0.12+0.71+0.17 ms clock, 2.0+0.61/1.1/0.014+2.7 ms cpu, 4->5->2 MB, 5 MB goal, 0 MB stacks, 0 MB globals, 16 P
gc 4052 @11.519s 8%: 0.11+0.54+0.12 ms clock, 1.8+0.75/0.91/0+1.9 ms cpu, 4->5->2 MB, 5 MB goal, 0 MB stacks, 0 MB globals, 16 P
gc 4053 @11.521s 8%: 0.12+0.79+0.10 ms clock, 1.9+0.75/0.94/0+1.6 ms cpu, 3->4->2 MB, 4 MB goal, 0 MB stacks, 0 MB globals, 16 P
gc 4054 @11.523s 8%: 0.13+0.53+0.15 ms clock, 2.2+0.69/0.94/0+2.4 ms cpu, 4->4->2 MB, 4 MB goal, 0 MB stacks, 0 MB globals, 16 P
gc 4055 @11.524s 8%: 0.14+0.60+0.14 ms clock, 2.3+0.58/1.1/0+2.3 ms cpu, 3->4->2 MB, 4 MB goal, 0 MB stacks, 0 MB globals, 16 P
gc 4056 @11.526s 8%: 0.12+0.84+0.094 ms clock, 1.9+0.51/1.1/0+1.5 ms cpu, 4->5->2 MB, 4 MB goal, 0 MB stacks, 0 MB globals, 16 P
gc 4057 @11.528s 8%: 0.12+0.72+0.056 ms clock, 2.0+0.59/0.95/0+0.91 ms cpu, 4->5->2 MB, 4 MB goal, 0 MB stacks, 0 MB globals, 16 P
gc 4058 @11.530s 8%: 0.11+0.51+0.17 ms clock, 1.8+0.66/0.91/0+2.7 ms cpu, 4->4->2 MB, 4 MB goal, 0 MB stacks, 0 MB globals, 16 P
gc 4059 @11.532s 8%: 0.14+0.69+0.15 ms clock, 2.2+0.71/0.92/0+2.4 ms cpu, 3->4->2 MB, 4 MB goal, 0 MB stacks, 0 MB globals, 16 P
gc 4060 @11.534s 8%: 0.11+0.62+0.083 ms clock, 1.8+0.51/0.95/0.001+1.3 ms cpu, 4->5->2 MB, 5 MB goal, 0 MB stacks, 0 MB globals, 16 P
gc 4061 @11.535s 8%: 0.11+0.57+0.17 ms clock, 1.8+0.69/0.99/0+2.7 ms cpu, 3->4->2 MB, 4 MB goal, 0 MB stacks, 0 MB globals, 16 P
gc 4062 @11.537s 8%: 0.15+0.71+0.077 ms clock, 2.4+0.59/0.94/0+1.2 ms cpu, 4->4->2 MB, 4 MB goal, 0 MB stacks, 0 MB globals, 16 P
gc 4063 @11.539s 8%: 0.16+0.74+0.099 ms clock, 2.6+0.69/0.87/0+1.5 ms cpu, 4->5->2 MB, 4 MB goal, 0 MB stacks, 0 MB globals, 16 P
gc 4064 @11.541s 8%: 0.15+0.58+0.15 ms clock, 2.4+0.65/1.0/0.003+2.5 ms cpu, 4->5->2 MB, 5 MB goal, 0 MB stacks, 0 MB globals, 16 P
gc 4065 @11.543s 8%: 0.19+0.84+0.091 ms clock, 3.1+0.79/1.0/0+1.4 ms cpu, 3->5->2 MB, 4 MB goal, 0 MB stacks, 0 MB globals, 16 P
gc 4066 @11.545s 8%: 0.11+0.49+0.12 ms clock, 1.7+0.58/0.84/0+1.9 ms cpu, 4->5->2 MB, 5 MB goal, 0 MB stacks, 0 MB globals, 16 P
gc 4067 @11.546s 8%: 0.19+0.71+0.14 ms clock, 3.1+0.75/0.86/0+2.3 ms cpu, 3->4->2 MB, 4 MB goal, 0 MB stacks, 0 MB globals, 16 P
gc 4068 @11.548s 8%: 0.17+0.55+0.19 ms clock, 2.7+0.65/0.92/0+3.1 ms cpu, 4->4->2 MB, 4 MB goal, 0 MB stacks, 0 MB globals, 16 P
gc 4069 @11.550s 8%: 0.12+0.70+0.13 ms clock, 2.0+0.61/0.99/0+2.2 ms cpu, 3->4->2 MB, 4 MB goal, 0 MB stacks, 0 MB globals, 16 P
gc 4070 @11.552s 8%: 0.10+0.92+0.16 ms clock, 1.6+0.76/1.0/0+2.6 ms cpu, 4->5->2 MB, 5 MB goal, 0 MB stacks, 0 MB globals, 16 P
gc 4071 @11.554s 8%: 0.14+0.70+0.17 ms clock, 2.2+0.66/1.1/0+2.7 ms cpu, 4->5->2 MB, 5 MB goal, 0 MB stacks, 0 MB globals, 16 P
gc 4072 @11.556s 8%: 0.15+0.80+0.14 ms clock, 2.5+0.89/0.80/0+2.2 ms cpu, 4->5->2 MB, 4 MB goal, 0 MB stacks, 0 MB globals, 16 P
gc 4073 @11.558s 8%: 0.10+0.62+0.21 ms clock, 1.6+0.70/0.91/0.010+3.3 ms cpu, 4->5->2 MB, 5 MB goal, 0 MB stacks, 0 MB globals, 16 P
gc 4074 @11.560s 8%: 0.12+0.71+0.14 ms clock, 2.0+0.46/1.0/0+2.3 ms cpu, 3->4->2 MB, 4 MB goal, 0 MB stacks, 0 MB globals, 16 P
gc 4075 @11.561s 8%: 0.081+0.70+0.13 ms clock, 1.3+0.57/1.0/0+2.1 ms cpu, 4->5->2 MB, 4 MB goal, 0 MB stacks, 0 MB globals, 16 P
gc 4076 @11.563s 8%: 0.11+0.51+0.13 ms clock, 1.8+0.56/0.86/0+2.1 ms cpu, 4->4->2 MB, 5 MB goal, 0 MB stacks, 0 MB globals, 16 P
gc 4077 @11.565s 8%: 0.15+0.68+0.15 ms clock, 2.5+0.67/0.92/0+2.4 ms cpu, 3->4->2 MB, 4 MB goal, 0 MB stacks, 0 MB globals, 16 P
gc 4078 @11.567s 8%: 0.13+0.63+0.13 ms clock, 2.1+0.52/1.0/0+2.0 ms cpu, 4->5->2 MB, 5 MB goal, 0 MB stacks, 0 MB globals, 16 P
gc 4079 @11.569s 8%: 0.12+0.78+0.16 ms clock, 2.0+0.79/0.93/0+2.7 ms cpu, 4->5->2 MB, 4 MB goal, 0 MB stacks, 0 MB globals, 16 P
gc 4080 @11.571s 8%: 0.10+0.65+0.12 ms clock, 1.7+0.68/0.85/0+1.9 ms cpu, 4->5->2 MB, 5 MB goal, 0 MB stacks, 0 MB globals, 16 P
gc 4081 @11.572s 8%: 0.16+0.56+0.14 ms clock, 2.6+0.61/0.93/0+2.3 ms cpu, 3->4->2 MB, 4 MB goal, 0 MB stacks, 0 MB globals, 16 P
gc 4082 @11.574s 8%: 0.094+0.77+0.13 ms clock, 1.5+0.52/0.88/0.067+2.2 ms cpu, 4->5->2 MB, 4 MB goal, 0 MB stacks, 0 MB globals, 16 P
gc 4083 @11.576s 8%: 0.13+0.64+0.090 ms clock, 2.2+0.54/1.1/0+1.4 ms cpu, 4->5->2 MB, 4 MB goal, 0 MB stacks, 0 MB globals, 16 P
gc 4084 @11.578s 8%: 0.13+0.45+0.15 ms clock, 2.1+0.74/0.84/0+2.4 ms cpu, 4->4->2 MB, 5 MB goal, 0 MB stacks, 0 MB globals, 16 P
gc 4085 @11.579s 8%: 0.11+0.61+0.14 ms clock, 1.8+0.71/0.90/0+2.2 ms cpu, 3->4->2 MB, 4 MB goal, 0 MB stacks, 0 MB globals, 16 P
gc 4086 @11.581s 8%: 0.10+0.72+0.11 ms clock, 1.6+0.55/1.0/0+1.8 ms cpu, 4->4->2 MB, 4 MB goal, 0 MB stacks, 0 MB globals, 16 P
gc 4087 @11.583s 8%: 0.12+0.54+0.090 ms clock, 1.9+0.56/0.92/0+1.4 ms cpu, 3->4->2 MB, 4 MB goal, 0 MB stacks, 0 MB globals, 16 P
gc 4088 @11.584s 8%: 0.099+0.75+0.055 ms clock, 1.5+0.50/0.96/0.075+0.89 ms cpu, 3->4->2 MB, 4 MB goal, 0 MB stacks, 0 MB globals, 16 P
gc 4089 @11.586s 8%: 0.13+0.74+0.055 ms clock, 2.1+0.66/0.89/0+0.88 ms cpu, 4->4->2 MB, 4 MB goal, 0 MB stacks, 0 MB globals, 16 P
gc 4090 @11.588s 8%: 0.16+0.59+0.19 ms clock, 2.6+0.71/0.86/0+3.1 ms cpu, 3->4->2 MB, 4 MB goal, 0 MB stacks, 0 MB globals, 16 P
gc 4091 @11.589s 8%: 0.12+0.54+0.15 ms clock, 2.0+0.49/0.99/0.002+2.4 ms cpu, 3->4->2 MB, 4 MB goal, 0 MB stacks, 0 MB globals, 16 P
gc 4092 @11.591s 8%: 0.14+0.71+0.22 ms clock, 2.3+0.74/0.86/0+3.6 ms cpu, 3->4->2 MB, 4 MB goal, 0 MB stacks, 0 MB globals, 16 P
gc 4093 @11.593s 8%: 0.20+0.45+0.11 ms clock, 3.2+0.70/0.77/0+1.8 ms cpu, 4->4->2 MB, 4 MB goal, 0 MB stacks, 0 MB globals, 16 P
gc 4094 @11.594s 8%: 0.10+0.82+0.055 ms clock, 1.7+0.45/0.95/0+0.88 ms cpu, 3->4->2 MB, 4 MB goal, 0 MB stacks, 0 MB globals, 16 P
gc 4095 @11.596s 8%: 0.13+0.80+0.094 ms clock, 2.2+0.64/0.95/0+1.5 ms cpu, 4->5->2 MB, 5 MB goal, 0 MB stacks, 0 MB globals, 16 P
gc 4096 @11.598s 8%: 0.13+0.55+0.29 ms clock, 2.1+0.63/1.0/0+4.6 ms cpu, 4->4->2 MB, 4 MB goal, 0 MB stacks, 0 MB globals, 16 P
gc 4097 @11.600s 8%: 0.20+0.66+0.13 ms clock, 3.3+0.69/1.1/0+2.1 ms cpu, 3->4->2 MB, 4 MB goal, 0 MB stacks, 0 MB globals, 16 P
gc 4098 @11.602s 8%: 0.11+0.76+0.14 ms clock, 1.7+0.65/1.0/0+2.3 ms cpu, 4->5->2 MB, 5 MB goal, 0 MB stacks, 0 MB globals, 16 P
gc 4099 @11.604s 8%: 0.13+0.68+0.10 ms clock, 2.2+0.67/0.96/0+1.6 ms cpu, 4->5->2 MB, 5 MB goal, 0 MB stacks, 0 MB globals, 16 P
gc 4100 @11.606s 8%: 0.11+0.56+0.21 ms clock, 1.7+0.70/0.95/0.037+3.5 ms cpu, 4->4->2 MB, 4 MB goal, 0 MB stacks, 0 MB globals, 16 P
gc 4101 @11.607s 8%: 0.13+0.58+0.17 ms clock, 2.1+0.72/1.0/0+2.8 ms cpu, 3->4->2 MB, 4 MB goal, 0 MB stacks, 0 MB globals, 16 P
gc 4102 @11.609s 8%: 0.12+0.67+0.18 ms clock, 2.0+0.46/0.96/0.010+3.0 ms cpu, 4->4->2 MB, 5 MB goal, 0 MB stacks, 0 MB globals, 16 P
gc 4103 @11.611s 8%: 0.11+0.73+0.10 ms clock, 1.8+0.56/1.0/0.011+1.6 ms cpu, 4->5->2 MB, 4 MB goal, 0 MB stacks, 0 MB globals, 16 P
gc 4104 @11.613s 8%: 0.14+0.93+0.088 ms clock, 2.2+0.56/0.97/0+1.4 ms cpu, 4->5->2 MB, 5 MB goal, 0 MB stacks, 0 MB globals, 16 P
gc 4105 @11.615s 8%: 0.14+0.77+0.14 ms clock, 2.2+0.67/1.0/0+2.2 ms cpu, 4->5->2 MB, 5 MB goal, 0 MB stacks, 0 MB globals, 16 P
gc 4106 @11.617s 8%: 0.15+0.73+0.062 ms clock, 2.5+0.68/1.0/0+0.99 ms cpu, 4->5->2 MB, 4 MB goal, 0 MB stacks, 0 MB globals, 16 P
gc 4107 @11.619s 8%: 0.13+0.61+0.16 ms clock, 2.2+0.63/0.93/0+2.6 ms cpu, 4->5->2 MB, 5 MB goal, 0 MB stacks, 0 MB globals, 16 P
gc 4108 @11.621s 8%: 0.11+0.82+0.086 ms clock, 1.8+0.83/0.97/0+1.3 ms cpu, 3->4->2 MB, 4 MB goal, 0 MB stacks, 0 MB globals, 16 P
gc 4109 @11.623s 8%: 0.10+0.82+0.083 ms clock, 1.6+0.71/0.86/0.11+1.3 ms cpu, 4->5->2 MB, 5 MB goal, 0 MB stacks, 0 MB globals, 16 P
gc 4110 @11.625s 8%: 0.10+0.74+0.090 ms clock, 1.7+0.55/0.94/0.017+1.4 ms cpu, 4->5->2 MB, 4 MB goal, 0 MB stacks, 0 MB globals, 16 P
gc 4111 @11.626s 8%: 0.091+0.99+0.092 ms clock, 1.4+0.61/0.94/0+1.4 ms cpu, 4->5->2 MB, 5 MB goal, 0 MB stacks, 0 MB globals, 16 P
gc 4112 @11.629s 8%: 0.10+0.68+0.12 ms clock, 1.7+0.53/1.0/0.006+1.9 ms cpu, 4->5->2 MB, 5 MB goal, 0 MB stacks, 0 MB globals, 16 P
gc 4113 @11.631s 8%: 0.13+0.70+0.17 ms clock, 2.1+0.46/1.0/0+2.8 ms cpu, 4->5->2 MB, 4 MB goal, 0 MB stacks, 0 MB globals, 16 P
gc 4114 @11.633s 8%: 0.16+0.77+0.097 ms clock, 2.7+0.47/1.0/0.11+1.5 ms cpu, 4->5->2 MB, 4 MB goal, 0 MB stacks, 0 MB globals, 16 P
gc 4115 @11.634s 8%: 0.089+0.57+0.21 ms clock, 1.4+0.57/0.95/0+3.4 ms cpu, 4->4->2 MB, 4 MB goal, 0 MB stacks, 0 MB globals, 16 P
gc 4116 @11.636s 8%: 0.11+0.82+0.17 ms clock, 1.8+0.63/1.1/0+2.7 ms cpu, 3->5->2 MB, 4 MB goal, 0 MB stacks, 0 MB globals, 16 P
gc 4117 @11.638s 8%: 0.097+0.66+0.077 ms clock, 1.5+0.61/0.88/0.061+1.2 ms cpu, 4->5->2 MB, 5 MB goal, 0 MB stacks, 0 MB globals, 16 P
gc 4118 @11.640s 8%: 0.11+0.66+0.22 ms clock, 1.7+0.55/1.0/0+3.5 ms cpu, 4->4->2 MB, 4 MB goal, 0 MB stacks, 0 MB globals, 16 P
gc 4119 @11.642s 8%: 0.15+0.59+0.19 ms clock, 2.4+0.48/0.86/0+3.1 ms cpu, 4->5->2 MB, 5 MB goal, 0 MB stacks, 0 MB globals, 16 P
gc 4120 @11.644s 8%: 0.093+0.71+0.099 ms clock, 1.4+0.61/0.91/0+1.5 ms cpu, 4->4->2 MB, 4 MB goal, 0 MB stacks, 0 MB globals, 16 P
gc 4121 @11.645s 8%: 0.18+0.59+0.14 ms clock, 2.9+0.70/0.92/0+2.3 ms cpu, 4->5->2 MB, 4 MB goal, 0 MB stacks, 0 MB globals, 16 P
gc 4122 @11.647s 8%: 0.15+0.64+0.17 ms clock, 2.4+0.53/1.0/0+2.7 ms cpu, 4->5->2 MB, 5 MB goal, 0 MB stacks, 0 MB globals, 16 P
gc 4123 @11.649s 8%: 0.11+0.55+0.11 ms clock, 1.8+0.52/0.97/0+1.7 ms cpu, 4->4->2 MB, 4 MB goal, 0 MB stacks, 0 MB globals, 16 P
gc 4124 @11.650s 8%: 0.16+0.55+0.15 ms clock, 2.6+0.61/0.85/0+2.4 ms cpu, 3->4->2 MB, 4 MB goal, 0 MB stacks, 0 MB globals, 16 P
gc 4125 @11.652s 8%: 0.12+0.58+0.22 ms clock, 1.9+0.83/0.87/0.003+3.5 ms cpu, 4->4->2 MB, 4 MB goal, 0 MB stacks, 0 MB globals, 16 P
gc 4126 @11.654s 8%: 0.15+0.62+0.10 ms clock, 2.4+0.50/0.91/0+1.6 ms cpu, 4->5->2 MB, 4 MB goal, 0 MB stacks, 0 MB globals, 16 P
gc 4127 @11.656s 8%: 0.16+0.84+0.071 ms clock, 2.6+0.63/0.87/0+1.1 ms cpu, 4->5->2 MB, 4 MB goal, 0 MB stacks, 0 MB globals, 16 P
gc 4128 @11.658s 8%: 0.12+0.95+0.053 ms clock, 2.0+0.82/0.84/0+0.85 ms cpu, 4->5->2 MB, 5 MB goal, 0 MB stacks, 0 MB globals, 16 P
gc 4129 @11.660s 8%: 0.15+0.65+0.14 ms clock, 2.4+0.64/0.97/0.094+2.2 ms cpu, 4->5->2 MB, 5 MB goal, 0 MB stacks, 0 MB globals, 16 P
gc 4130 @11.662s 8%: 0.23+0.77+0.10 ms clock, 3.7+0.64/1.0/0.002+1.7 ms cpu, 4->5->2 MB, 4 MB goal, 0 MB stacks, 0 MB globals, 16 P
gc 4131 @11.664s 8%: 0.17+0.71+0.094 ms clock, 2.8+0.62/0.94/0+1.5 ms cpu, 4->5->2 MB, 5 MB goal, 0 MB stacks, 0 MB globals, 16 P
gc 4132 @11.666s 8%: 0.12+0.66+0.18 ms clock, 2.0+0.51/1.0/0+2.8 ms cpu, 4->5->2 MB, 5 MB goal, 0 MB stacks, 0 MB globals, 16 P
gc 4133 @11.668s 8%: 0.12+0.64+0.13 ms clock, 2.0+0.64/1.0/0+2.0 ms cpu, 4->4->2 MB, 4 MB goal, 0 MB stacks, 0 MB globals, 16 P
gc 4134 @11.669s 8%: 0.12+0.74+0.10 ms clock, 2.0+0.52/0.93/0+1.7 ms cpu, 4->5->2 MB, 4 MB goal, 0 MB stacks, 0 MB globals, 16 P
gc 4135 @11.671s 8%: 0.11+0.59+0.17 ms clock, 1.7+0.63/1.0/0+2.8 ms cpu, 4->4->2 MB, 4 MB goal, 0 MB stacks, 0 MB globals, 16 P
gc 4136 @11.673s 8%: 0.16+0.62+0.18 ms clock, 2.6+0.60/1.1/0+2.9 ms cpu, 3->4->2 MB, 4 MB goal, 0 MB stacks, 0 MB globals, 16 P
gc 4137 @11.675s 8%: 0.13+0.60+0.18 ms clock, 2.0+0.61/1.1/0+3.0 ms cpu, 4->5->2 MB, 5 MB goal, 0 MB stacks, 0 MB globals, 16 P
gc 4138 @11.677s 8%: 0.15+0.70+0.10 ms clock, 2.4+0.66/1.1/0+1.6 ms cpu, 3->4->2 MB, 4 MB goal, 0 MB stacks, 0 MB globals, 16 P
gc 4139 @11.678s 8%: 0.12+0.57+0.099 ms clock, 1.9+0.62/0.85/0+1.5 ms cpu, 4->4->2 MB, 4 MB goal, 0 MB stacks, 0 MB globals, 16 P
gc 4140 @11.680s 8%: 0.15+0.59+0.16 ms clock, 2.5+0.63/0.95/0+2.6 ms cpu, 3->4->2 MB, 4 MB goal, 0 MB stacks, 0 MB globals, 16 P
gc 4141 @11.682s 8%: 0.12+0.58+0.15 ms clock, 1.9+0.61/0.94/0+2.4 ms cpu, 4->4->2 MB, 4 MB goal, 0 MB stacks, 0 MB globals, 16 P
gc 4142 @11.683s 8%: 0.097+0.82+0.10 ms clock, 1.5+0.58/1.2/0.091+1.6 ms cpu, 4->5->2 MB, 4 MB goal, 0 MB stacks, 0 MB globals, 16 P
gc 4143 @11.686s 8%: 0.12+0.98+0.069 ms clock, 2.0+0.64/0.90/0+1.1 ms cpu, 4->5->2 MB, 5 MB goal, 0 MB stacks, 0 MB globals, 16 P
gc 4144 @11.688s 8%: 0.094+0.53+0.14 ms clock, 1.5+0.64/0.88/0.042+2.3 ms cpu, 4->5->2 MB, 5 MB goal, 0 MB stacks, 0 MB globals, 16 P
gc 4145 @11.689s 8%: 0.10+0.63+0.11 ms clock, 1.6+0.61/0.91/0+1.7 ms cpu, 3->4->2 MB, 4 MB goal, 0 MB stacks, 0 MB globals, 16 P
gc 4146 @11.691s 8%: 0.15+0.83+0.090 ms clock, 2.4+0.68/1.0/0+1.4 ms cpu, 4->5->2 MB, 4 MB goal, 0 MB stacks, 0 MB globals, 16 P
gc 4147 @11.693s 8%: 0.11+0.54+0.13 ms clock, 1.7+0.53/0.94/0+2.0 ms cpu, 4->5->2 MB, 5 MB goal, 0 MB stacks, 0 MB globals, 16 P
gc 4148 @11.695s 8%: 0.13+0.57+0.22 ms clock, 2.1+0.65/0.95/0.024+3.5 ms cpu, 3->4->2 MB, 4 MB goal, 0 MB stacks, 0 MB globals, 16 P
gc 4149 @11.697s 8%: 0.12+0.65+0.15 ms clock, 1.9+0.60/1.0/0+2.5 ms cpu, 3->4->2 MB, 4 MB goal, 0 MB stacks, 0 MB globals, 16 P
gc 4150 @11.699s 8%: 0.13+0.90+0.10 ms clock, 2.1+0.68/1.0/0.012+1.7 ms cpu, 4->5->2 MB, 5 MB goal, 0 MB stacks, 0 MB globals, 16 P
gc 4151 @11.701s 8%: 0.11+0.69+0.12 ms clock, 1.7+0.80/1.0/0+2.0 ms cpu, 4->5->2 MB, 5 MB goal, 0 MB stacks, 0 MB globals, 16 P
gc 4152 @11.703s 8%: 0.16+0.70+0.19 ms clock, 2.6+0.71/1.0/0+3.0 ms cpu, 4->4->2 MB, 4 MB goal, 0 MB stacks, 0 MB globals, 16 P
gc 4153 @11.704s 8%: 0.15+0.65+0.19 ms clock, 2.4+0.66/0.93/0+3.1 ms cpu, 4->4->2 MB, 4 MB goal, 0 MB stacks, 0 MB globals, 16 P
gc 4154 @11.706s 8%: 0.17+0.77+0.12 ms clock, 2.7+0.69/1.1/0.005+1.9 ms cpu, 4->5->2 MB, 4 MB goal, 0 MB stacks, 0 MB globals, 16 P
gc 4155 @11.708s 8%: 0.18+0.83+0.096 ms clock, 3.0+0.55/0.99/0.013+1.5 ms cpu, 4->5->2 MB, 5 MB goal, 0 MB stacks, 0 MB globals, 16 P
gc 4156 @11.710s 8%: 0.12+0.81+0.14 ms clock, 2.0+0.63/1.1/0+2.3 ms cpu, 4->5->2 MB, 5 MB goal, 0 MB stacks, 0 MB globals, 16 P
gc 4157 @11.712s 8%: 0.13+0.65+0.23 ms clock, 2.1+0.75/1.0/0+3.7 ms cpu, 4->5->2 MB, 5 MB goal, 0 MB stacks, 0 MB globals, 16 P
gc 4158 @11.714s 8%: 0.16+1.0+0.11 ms clock, 2.6+0.54/0.93/0+1.8 ms cpu, 4->5->2 MB, 4 MB goal, 0 MB stacks, 0 MB globals, 16 P
gc 4159 @11.716s 8%: 0.11+0.63+0.085 ms clock, 1.8+0.69/0.98/0+1.3 ms cpu, 4->5->2 MB, 5 MB goal, 0 MB stacks, 0 MB globals, 16 P
gc 4160 @11.718s 8%: 0.17+0.60+0.15 ms clock, 2.7+0.80/0.85/0+2.4 ms cpu, 3->4->2 MB, 4 MB goal, 0 MB stacks, 0 MB globals, 16 P
gc 4161 @11.720s 8%: 0.15+0.57+0.19 ms clock, 2.4+0.64/0.99/0+3.1 ms cpu, 3->4->2 MB, 4 MB goal, 0 MB stacks, 0 MB globals, 16 P
gc 4162 @11.721s 8%: 0.13+0.71+0.12 ms clock, 2.0+0.56/1.2/0+1.9 ms cpu, 4->5->2 MB, 4 MB goal, 0 MB stacks, 0 MB globals, 16 P
gc 4163 @11.723s 8%: 0.16+1.0+0.15 ms clock, 2.6+0.83/0.87/0+2.5 ms cpu, 4->5->2 MB, 5 MB goal, 0 MB stacks, 0 MB globals, 16 P
gc 4164 @11.726s 8%: 0.12+0.85+0.12 ms clock, 1.9+0.68/0.96/0+1.9 ms cpu, 5->6->2 MB, 6 MB goal, 0 MB stacks, 0 MB globals, 16 P
gc 4165 @11.728s 8%: 0.12+0.76+0.14 ms clock, 1.9+0.69/0.85/0+2.3 ms cpu, 4->5->2 MB, 5 MB goal, 0 MB stacks, 0 MB globals, 16 P
gc 4166 @11.730s 8%: 0.14+1.0+0.094 ms clock, 2.2+0.71/1.0/0+1.5 ms cpu, 4->5->2 MB, 4 MB goal, 0 MB stacks, 0 MB globals, 16 P
gc 4167 @11.733s 8%: 0.072+0.61+0.11 ms clock, 1.1+0.78/1.0/0.005+1.8 ms cpu, 4->5->2 MB, 5 MB goal, 0 MB stacks, 0 MB globals, 16 P
gc 4168 @11.734s 8%: 0.11+0.74+0.051 ms clock, 1.7+0.79/0.90/0.016+0.82 ms cpu, 4->4->2 MB, 4 MB goal, 0 MB stacks, 0 MB globals, 16 P
gc 4169 @11.736s 8%: 0.10+0.62+0.14 ms clock, 1.6+0.59/1.0/0.040+2.3 ms cpu, 4->4->2 MB, 4 MB goal, 0 MB stacks, 0 MB globals, 16 P
gc 4170 @11.738s 8%: 0.11+0.55+0.15 ms clock, 1.7+0.62/1.0/0+2.4 ms cpu, 4->4->2 MB, 4 MB goal, 0 MB stacks, 0 MB globals, 16 P
gc 4171 @11.739s 8%: 0.12+0.59+0.20 ms clock, 2.0+0.69/0.87/0.041+3.2 ms cpu, 3->4->2 MB, 4 MB goal, 0 MB stacks, 0 MB globals, 16 P
gc 4172 @11.741s 8%: 0.093+0.74+0.091 ms clock, 1.4+0.49/0.92/0+1.4 ms cpu, 4->4->2 MB, 4 MB goal, 0 MB stacks, 0 MB globals, 16 P
gc 4173 @11.743s 8%: 0.17+0.58+0.15 ms clock, 2.8+0.54/0.98/0+2.4 ms cpu, 4->5->2 MB, 4 MB goal, 0 MB stacks, 0 MB globals, 16 P
gc 4174 @11.745s 8%: 0.092+0.57+0.17 ms clock, 1.4+0.63/0.94/0.10+2.8 ms cpu, 4->4->2 MB, 4 MB goal, 0 MB stacks, 0 MB globals, 16 P
gc 4175 @11.746s 8%: 0.20+0.60+0.14 ms clock, 3.3+0.63/0.91/0+2.2 ms cpu, 3->4->2 MB, 4 MB goal, 0 MB stacks, 0 MB globals, 16 P
gc 4176 @11.748s 8%: 0.13+0.87+0.10 ms clock, 2.1+0.65/0.91/0.036+1.6 ms cpu, 3->4->2 MB, 4 MB goal, 0 MB stacks, 0 MB globals, 16 P
gc 4177 @11.750s 8%: 0.12+0.69+0.074 ms clock, 2.0+0.57/1.0/0+1.1 ms cpu, 4->5->2 MB, 5 MB goal, 0 MB stacks, 0 MB globals, 16 P
gc 4178 @11.752s 8%: 0.13+0.94+0.10 ms clock, 2.1+0.66/0.91/0+1.6 ms cpu, 4->5->2 MB, 5 MB goal, 0 MB stacks, 0 MB globals, 16 P
gc 4179 @11.754s 8%: 0.10+0.62+0.19 ms clock, 1.6+0.56/0.84/0.064+3.1 ms cpu, 4->5->2 MB, 5 MB goal, 0 MB stacks, 0 MB globals, 16 P
gc 4180 @11.756s 8%: 0.14+0.62+0.16 ms clock, 2.3+0.67/0.99/0+2.5 ms cpu, 3->4->2 MB, 4 MB goal, 0 MB stacks, 0 MB globals, 16 P
gc 4181 @11.758s 8%: 0.16+0.63+0.20 ms clock, 2.7+0.63/1.0/0+3.2 ms cpu, 4->5->2 MB, 4 MB goal, 0 MB stacks, 0 MB globals, 16 P
gc 4182 @11.760s 8%: 0.11+0.84+0.14 ms clock, 1.8+0.71/1.0/0+2.2 ms cpu, 4->5->2 MB, 5 MB goal, 0 MB stacks, 0 MB globals, 16 P
gc 4183 @11.762s 8%: 0.11+0.65+0.17 ms clock, 1.8+0.64/0.97/0.093+2.7 ms cpu, 4->5->2 MB, 5 MB goal, 0 MB stacks, 0 MB globals, 16 P
gc 4184 @11.764s 8%: 0.15+0.80+0.096 ms clock, 2.4+0.59/0.94/0.018+1.5 ms cpu, 3->4->2 MB, 4 MB goal, 0 MB stacks, 0 MB globals, 16 P
gc 4185 @11.765s 8%: 0.16+0.68+0.13 ms clock, 2.6+0.53/1.0/0+2.1 ms cpu, 4->5->2 MB, 5 MB goal, 0 MB stacks, 0 MB globals, 16 P
gc 4186 @11.767s 8%: 0.10+0.68+0.14 ms clock, 1.6+0.60/0.93/0.015+2.3 ms cpu, 4->4->2 MB, 4 MB goal, 0 MB stacks, 0 MB globals, 16 P
gc 4187 @11.769s 8%: 0.10+0.53+0.20 ms clock, 1.7+0.77/0.83/0+3.2 ms cpu, 4->4->2 MB, 4 MB goal, 0 MB stacks, 0 MB globals, 16 P
gc 4188 @11.771s 8%: 0.17+0.66+0.18 ms clock, 2.8+0.57/0.95/0+2.9 ms cpu, 3->4->2 MB, 4 MB goal, 0 MB stacks, 0 MB globals, 16 P
gc 4189 @11.773s 8%: 0.18+0.57+0.14 ms clock, 2.9+0.64/0.90/0+2.2 ms cpu, 4->5->2 MB, 5 MB goal, 0 MB stacks, 0 MB globals, 16 P
gc 4190 @11.774s 8%: 0.17+0.55+0.20 ms clock, 2.7+0.62/1.0/0+3.2 ms cpu, 3->4->2 MB, 4 MB goal, 0 MB stacks, 0 MB globals, 16 P
gc 4191 @11.776s 8%: 0.091+0.61+0.13 ms clock, 1.4+0.80/0.92/0.080+2.1 ms cpu, 4->4->2 MB, 4 MB goal, 0 MB stacks, 0 MB globals, 16 P
gc 4192 @11.778s 8%: 0.17+0.58+0.17 ms clock, 2.8+0.79/0.85/0+2.8 ms cpu, 4->4->2 MB, 4 MB goal, 0 MB stacks, 0 MB globals, 16 P
gc 4193 @11.779s 8%: 0.11+0.62+0.12 ms clock, 1.7+0.73/1.0/0.006+1.9 ms cpu, 4->4->2 MB, 4 MB goal, 0 MB stacks, 0 MB globals, 16 P
gc 4194 @11.781s 8%: 0.15+0.75+0.14 ms clock, 2.4+0.85/0.81/0+2.3 ms cpu, 4->5->2 MB, 4 MB goal, 0 MB stacks, 0 MB globals, 16 P
gc 4195 @11.783s 8%: 0.11+0.64+0.12 ms clock, 1.8+0.63/1.0/0.003+1.9 ms cpu, 4->5->2 MB, 5 MB goal, 0 MB stacks, 0 MB globals, 16 P
gc 4196 @11.785s 8%: 0.15+0.72+0.078 ms clock, 2.5+0.60/0.89/0.012+1.2 ms cpu, 4->4->2 MB, 4 MB goal, 0 MB stacks, 0 MB globals, 16 P
gc 4197 @11.787s 8%: 0.10+0.58+0.10 ms clock, 1.6+0.45/0.92/0+1.6 ms cpu, 4->4->2 MB, 4 MB goal, 0 MB stacks, 0 MB globals, 16 P
gc 4198 @11.788s 8%: 0.10+0.72+0.10 ms clock, 1.6+0.61/0.92/0.19+1.6 ms cpu, 3->4->2 MB, 4 MB goal, 0 MB stacks, 0 MB globals, 16 P
gc 4199 @11.790s 8%: 0.10+0.78+0.17 ms clock, 1.7+0.70/1.0/0.011+2.8 ms cpu, 4->5->2 MB, 5 MB goal, 0 MB stacks, 0 MB globals, 16 P
gc 4200 @11.792s 8%: 0.12+0.67+0.11 ms clock, 2.0+0.54/0.93/0.014+1.9 ms cpu, 4->5->2 MB, 4 MB goal, 0 MB stacks, 0 MB globals, 16 P
gc 4201 @11.794s 8%: 0.14+0.63+0.12 ms clock, 2.2+0.72/1.0/0+2.0 ms cpu, 3->4->2 MB, 4 MB goal, 0 MB stacks, 0 MB globals, 16 P
gc 4202 @11.795s 8%: 0.14+0.85+0.090 ms clock, 2.3+0.66/1.0/0+1.4 ms cpu, 4->5->2 MB, 4 MB goal, 0 MB stacks, 0 MB globals, 16 P
gc 4203 @11.798s 8%: 0.22+0.72+0.15 ms clock, 3.5+0.81/0.94/0+2.5 ms cpu, 4->5->2 MB, 5 MB goal, 0 MB stacks, 0 MB globals, 16 P
gc 4204 @11.800s 8%: 0.13+0.80+0.15 ms clock, 2.2+0.63/1.0/0+2.5 ms cpu, 4->5->2 MB, 4 MB goal, 0 MB stacks, 0 MB globals, 16 P
gc 4205 @11.802s 8%: 0.14+0.63+0.22 ms clock, 2.3+0.64/0.84/0+3.6 ms cpu, 4->5->2 MB, 5 MB goal, 0 MB stacks, 0 MB globals, 16 P
gc 4206 @11.803s 8%: 0.22+0.82+0.14 ms clock, 3.6+0.67/1.0/0+2.3 ms cpu, 3->5->2 MB, 4 MB goal, 0 MB stacks, 0 MB globals, 16 P
gc 4207 @11.805s 8%: 0.17+0.73+0.19 ms clock, 2.7+0.76/0.86/0+3.1 ms cpu, 4->5->2 MB, 5 MB goal, 0 MB stacks, 0 MB globals, 16 P
gc 4208 @11.807s 8%: 0.12+0.68+0.095 ms clock, 1.9+0.58/0.95/0+1.5 ms cpu, 4->5->2 MB, 4 MB goal, 0 MB stacks, 0 MB globals, 16 P
gc 4209 @11.809s 8%: 0.11+0.58+0.16 ms clock, 1.8+0.72/0.89/0+2.6 ms cpu, 4->4->2 MB, 4 MB goal, 0 MB stacks, 0 MB globals, 16 P
gc 4210 @11.811s 8%: 0.10+0.57+0.10 ms clock, 1.6+0.51/0.99/0+1.6 ms cpu, 3->4->2 MB, 4 MB goal, 0 MB stacks, 0 MB globals, 16 P
gc 4211 @11.812s 8%: 0.12+0.69+0.16 ms clock, 1.9+0.64/1.2/0+2.5 ms cpu, 4->4->2 MB, 4 MB goal, 0 MB stacks, 0 MB globals, 16 P
gc 4212 @11.814s 8%: 0.15+0.76+0.14 ms clock, 2.4+0.64/1.1/0+2.3 ms cpu, 3->4->2 MB, 4 MB goal, 0 MB stacks, 0 MB globals, 16 P
gc 4213 @11.816s 8%: 0.11+0.70+0.060 ms clock, 1.7+0.68/0.98/0+0.96 ms cpu, 4->5->2 MB, 5 MB goal, 0 MB stacks, 0 MB globals, 16 P
gc 4214 @11.818s 8%: 0.11+0.57+0.16 ms clock, 1.8+0.61/1.0/0.046+2.6 ms cpu, 4->5->2 MB, 5 MB goal, 0 MB stacks, 0 MB globals, 16 P
gc 4215 @11.820s 8%: 0.16+0.63+0.11 ms clock, 2.6+0.63/1.1/0+1.7 ms cpu, 3->4->2 MB, 4 MB goal, 0 MB stacks, 0 MB globals, 16 P
gc 4216 @11.822s 8%: 0.11+0.78+0.12 ms clock, 1.8+0.70/1.0/0+1.9 ms cpu, 4->5->2 MB, 4 MB goal, 0 MB stacks, 0 MB globals, 16 P
gc 4217 @11.824s 8%: 0.10+0.58+0.17 ms clock, 1.7+0.58/1.0/0+2.7 ms cpu, 4->5->2 MB, 5 MB goal, 0 MB stacks, 0 MB globals, 16 P
gc 4218 @11.825s 8%: 0.12+0.75+0.072 ms clock, 1.9+0.63/0.90/0+1.1 ms cpu, 4->5->2 MB, 4 MB goal, 0 MB stacks, 0 MB globals, 16 P
gc 4219 @11.827s 8%: 0.20+0.71+0.16 ms clock, 3.2+0.63/0.95/0+2.6 ms cpu, 4->4->2 MB, 4 MB goal, 0 MB stacks, 0 MB globals, 16 P
gc 4220 @11.829s 8%: 0.20+0.75+0.12 ms clock, 3.3+0.68/1.0/0+2.0 ms cpu, 4->5->2 MB, 4 MB goal, 0 MB stacks, 0 MB globals, 16 P
gc 4221 @11.831s 8%: 0.22+0.59+0.22 ms clock, 3.5+0.65/0.97/0+3.6 ms cpu, 4->5->2 MB, 5 MB goal, 0 MB stacks, 0 MB globals, 16 P
gc 4222 @11.833s 8%: 0.15+0.78+0.21 ms clock, 2.4+0.84/1.0/0+3.4 ms cpu, 3->4->2 MB, 4 MB goal, 0 MB stacks, 0 MB globals, 16 P
gc 4223 @11.835s 8%: 0.14+0.73+0.23 ms clock, 2.3+0.70/0.97/0+3.7 ms cpu, 4->5->2 MB, 5 MB goal, 0 MB stacks, 0 MB globals, 16 P
gc 4224 @11.837s 8%: 0.17+0.61+0.17 ms clock, 2.8+0.67/1.0/0+2.7 ms cpu, 4->5->2 MB, 5 MB goal, 0 MB stacks, 0 MB globals, 16 P
gc 4225 @11.839s 8%: 0.10+0.52+0.16 ms clock, 1.7+0.43/0.97/0+2.5 ms cpu, 4->4->2 MB, 4 MB goal, 0 MB stacks, 0 MB globals, 16 P
gc 4226 @11.840s 8%: 0.15+0.75+0.052 ms clock, 2.5+0.62/0.87/0+0.83 ms cpu, 3->4->2 MB, 4 MB goal, 0 MB stacks, 0 MB globals, 16 P
gc 4227 @11.842s 8%: 0.11+0.73+0.12 ms clock, 1.8+0.71/0.96/0+1.9 ms cpu, 4->5->2 MB, 5 MB goal, 0 MB stacks, 0 MB globals, 16 P
gc 4228 @11.844s 8%: 0.10+0.51+0.18 ms clock, 1.7+0.53/0.95/0+2.8 ms cpu, 4->4->2 MB, 4 MB goal, 0 MB stacks, 0 MB globals, 16 P
gc 4229 @11.845s 8%: 0.099+0.63+0.059 ms clock, 1.5+0.58/0.96/0+0.94 ms cpu, 3->4->2 MB, 4 MB goal, 0 MB stacks, 0 MB globals, 16 P
gc 4230 @11.847s 8%: 0.20+0.76+0.14 ms clock, 3.2+0.69/1.0/0+2.3 ms cpu, 4->5->2 MB, 4 MB goal, 0 MB stacks, 0 MB globals, 16 P
gc 4231 @11.849s 8%: 0.11+0.69+0.099 ms clock, 1.8+0.44/1.0/0+1.5 ms cpu, 4->5->2 MB, 5 MB goal, 0 MB stacks, 0 MB globals, 16 P
gc 4232 @11.851s 8%: 0.14+0.60+0.10 ms clock, 2.3+0.57/0.88/0+1.6 ms cpu, 4->4->2 MB, 4 MB goal, 0 MB stacks, 0 MB globals, 16 P
gc 4233 @11.853s 8%: 0.16+0.63+0.13 ms clock, 2.6+0.62/1.0/0+2.1 ms cpu, 3->4->2 MB, 4 MB goal, 0 MB stacks, 0 MB globals, 16 P
gc 4234 @11.855s 8%: 0.13+0.84+0.11 ms clock, 2.0+0.63/1.1/0.021+1.8 ms cpu, 4->5->2 MB, 4 MB goal, 0 MB stacks, 0 MB globals, 16 P
gc 4235 @11.857s 8%: 0.17+0.67+0.13 ms clock, 2.7+0.58/1.0/0+2.1 ms cpu, 4->5->2 MB, 5 MB goal, 0 MB stacks, 0 MB globals, 16 P
gc 4236 @11.859s 8%: 0.13+0.68+0.11 ms clock, 2.0+0.59/1.1/0+1.8 ms cpu, 4->5->2 MB, 5 MB goal, 0 MB stacks, 0 MB globals, 16 P
gc 4237 @11.861s 8%: 0.13+0.69+0.10 ms clock, 2.1+0.57/1.0/0+1.7 ms cpu, 4->5->2 MB, 5 MB goal, 0 MB stacks, 0 MB globals, 16 P
gc 4238 @11.863s 8%: 0.10+0.75+0.059 ms clock, 1.6+0.75/0.83/0+0.94 ms cpu, 4->5->2 MB, 5 MB goal, 0 MB stacks, 0 MB globals, 16 P
gc 4239 @11.864s 8%: 0.10+0.71+0.082 ms clock, 1.7+0.76/1.0/0+1.3 ms cpu, 4->4->2 MB, 4 MB goal, 0 MB stacks, 0 MB globals, 16 P
gc 4240 @11.866s 8%: 0.12+0.61+0.14 ms clock, 2.0+0.75/0.88/0+2.2 ms cpu, 4->4->2 MB, 4 MB goal, 0 MB stacks, 0 MB globals, 16 P
gc 4241 @11.868s 8%: 0.13+0.77+0.094 ms clock, 2.0+0.51/0.90/0+1.5 ms cpu, 4->4->2 MB, 4 MB goal, 0 MB stacks, 0 MB globals, 16 P
gc 4242 @11.870s 8%: 0.10+0.63+0.090 ms clock, 1.6+0.58/0.92/0+1.4 ms cpu, 4->5->2 MB, 5 MB goal, 0 MB stacks, 0 MB globals, 16 P
gc 4243 @11.872s 8%: 0.13+0.67+0.091 ms clock, 2.1+0.48/0.98/0+1.4 ms cpu, 4->4->2 MB, 4 MB goal, 0 MB stacks, 0 MB globals, 16 P
gc 4244 @11.874s 8%: 0.10+0.59+0.13 ms clock, 1.6+0.69/0.94/0.002+2.1 ms cpu, 4->4->2 MB, 4 MB goal, 0 MB stacks, 0 MB globals, 16 P
gc 4245 @11.875s 8%: 0.13+0.52+0.14 ms clock, 2.1+0.60/0.89/0.062+2.2 ms cpu, 4->4->1 MB, 4 MB goal, 0 MB stacks, 0 MB globals, 16 P
gc 4246 @11.877s 8%: 0.15+0.79+0.12 ms clock, 2.5+0.65/1.1/0+2.0 ms cpu, 3->4->2 MB, 4 MB goal, 0 MB stacks, 0 MB globals, 16 P
gc 4247 @11.879s 8%: 0.16+0.74+0.11 ms clock, 2.6+0.55/1.0/0+1.9 ms cpu, 4->5->2 MB, 5 MB goal, 0 MB stacks, 0 MB globals, 16 P
gc 4248 @11.881s 8%: 0.13+0.51+0.091 ms clock, 2.1+0.72/0.81/0+1.4 ms cpu, 4->4->2 MB, 5 MB goal, 0 MB stacks, 0 MB globals, 16 P
gc 4249 @11.882s 8%: 0.10+0.58+0.12 ms clock, 1.7+0.46/0.99/0.004+1.9 ms cpu, 3->4->2 MB, 4 MB goal, 0 MB stacks, 0 MB globals, 16 P
gc 4250 @11.884s 8%: 0.14+0.68+0.14 ms clock, 2.3+0.56/1.0/0+2.3 ms cpu, 4->4->2 MB, 4 MB goal, 0 MB stacks, 0 MB globals, 16 P
gc 4251 @11.885s 8%: 0.12+0.59+0.10 ms clock, 2.0+0.65/1.0/0+1.6 ms cpu, 4->4->2 MB, 4 MB goal, 0 MB stacks, 0 MB globals, 16 P
gc 4252 @11.887s 8%: 0.16+0.76+0.13 ms clock, 2.7+0.59/1.0/0+2.1 ms cpu, 3->4->2 MB, 4 MB goal, 0 MB stacks, 0 MB globals, 16 P
gc 4253 @11.889s 8%: 0.18+0.88+0.097 ms clock, 2.9+0.73/1.0/0+1.5 ms cpu, 4->5->2 MB, 4 MB goal, 0 MB stacks, 0 MB globals, 16 P
gc 4254 @11.891s 8%: 0.10+0.75+0.14 ms clock, 1.7+0.61/0.95/0+2.2 ms cpu, 4->5->2 MB, 5 MB goal, 0 MB stacks, 0 MB globals, 16 P
gc 4255 @11.893s 8%: 0.14+0.86+0.14 ms clock, 2.2+0.74/0.92/0+2.2 ms cpu, 3->4->2 MB, 4 MB goal, 0 MB stacks, 0 MB globals, 16 P
gc 4256 @11.895s 8%: 0.25+0.65+0.20 ms clock, 4.1+0.64/1.0/0+3.2 ms cpu, 4->5->2 MB, 4 MB goal, 0 MB stacks, 0 MB globals, 16 P
gc 4257 @11.897s 8%: 0.12+0.57+0.15 ms clock, 2.0+0.65/1.0/0+2.4 ms cpu, 4->5->2 MB, 5 MB goal, 0 MB stacks, 0 MB globals, 16 P
gc 4258 @11.898s 8%: 0.14+0.75+0.17 ms clock, 2.2+0.76/1.0/0+2.7 ms cpu, 4->5->2 MB, 4 MB goal, 0 MB stacks, 0 MB globals, 16 P
gc 4259 @11.900s 8%: 0.13+0.54+0.18 ms clock, 2.0+0.59/0.98/0.009+2.9 ms cpu, 4->5->2 MB, 5 MB goal, 0 MB stacks, 0 MB globals, 16 P
gc 4260 @11.902s 8%: 0.14+0.55+0.10 ms clock, 2.3+0.54/0.96/0.004+1.6 ms cpu, 3->4->2 MB, 4 MB goal, 0 MB stacks, 0 MB globals, 16 P
gc 4261 @11.904s 8%: 0.21+0.79+0.11 ms clock, 3.4+0.66/0.92/0.002+1.7 ms cpu, 3->4->2 MB, 4 MB goal, 0 MB stacks, 0 MB globals, 16 P
gc 4262 @11.906s 8%: 0.11+0.64+0.10 ms clock, 1.7+0.66/0.97/0+1.7 ms cpu, 4->5->2 MB, 5 MB goal, 0 MB stacks, 0 MB globals, 16 P
gc 4263 @11.907s 8%: 0.12+0.67+0.21 ms clock, 2.0+0.77/1.1/0+3.4 ms cpu, 4->5->2 MB, 4 MB goal, 0 MB stacks, 0 MB globals, 16 P
gc 4264 @11.910s 8%: 0.096+0.99+0.093 ms clock, 1.5+0.55/1.0/0.031+1.4 ms cpu, 4->5->2 MB, 5 MB goal, 0 MB stacks, 0 MB globals, 16 P
gc 4265 @11.912s 8%: 0.10+0.71+0.099 ms clock, 1.7+0.62/1.0/0+1.5 ms cpu, 4->5->2 MB, 5 MB goal, 0 MB stacks, 0 MB globals, 16 P
gc 4266 @11.914s 8%: 0.14+0.67+0.14 ms clock, 2.3+0.67/0.99/0+2.2 ms cpu, 4->5->2 MB, 5 MB goal, 0 MB stacks, 0 MB globals, 16 P
gc 4267 @11.915s 8%: 0.15+0.74+0.19 ms clock, 2.4+0.76/1.0/0+3.0 ms cpu, 4->4->2 MB, 4 MB goal, 0 MB stacks, 0 MB globals, 16 P
gc 4268 @11.917s 8%: 0.16+0.79+0.10 ms clock, 2.6+0.66/1.0/0+1.6 ms cpu, 4->4->2 MB, 4 MB goal, 0 MB stacks, 0 MB globals, 16 P
gc 4269 @11.919s 8%: 0.11+0.62+0.14 ms clock, 1.7+0.62/1.0/0+2.2 ms cpu, 4->5->2 MB, 5 MB goal, 0 MB stacks, 0 MB globals, 16 P
gc 4270 @11.921s 8%: 0.11+0.66+0.11 ms clock, 1.8+0.71/1.2/0+1.8 ms cpu, 4->4->2 MB, 4 MB goal, 0 MB stacks, 0 MB globals, 16 P
gc 4271 @11.922s 8%: 0.14+0.64+0.14 ms clock, 2.3+0.62/0.96/0+2.2 ms cpu, 4->4->2 MB, 4 MB goal, 0 MB stacks, 0 MB globals, 16 P
gc 4272 @11.924s 8%: 0.16+0.64+0.14 ms clock, 2.5+0.65/1.0/0+2.3 ms cpu, 4->4->2 MB, 4 MB goal, 0 MB stacks, 0 MB globals, 16 P
gc 4273 @11.926s 8%: 0.11+0.73+0.13 ms clock, 1.8+0.65/1.1/0+2.1 ms cpu, 4->5->2 MB, 5 MB goal, 0 MB stacks, 0 MB globals, 16 P
gc 4274 @11.928s 8%: 0.11+0.50+0.12 ms clock, 1.8+0.67/0.97/0+2.0 ms cpu, 4->4->2 MB, 5 MB goal, 0 MB stacks, 0 MB globals, 16 P
gc 4275 @11.930s 8%: 0.11+0.61+0.15 ms clock, 1.7+0.63/1.0/0+2.4 ms cpu, 3->4->2 MB, 4 MB goal, 0 MB stacks, 0 MB globals, 16 P
gc 4276 @11.931s 8%: 0.11+0.69+0.13 ms clock, 1.8+0.53/1.0/0+2.1 ms cpu, 4->4->2 MB, 4 MB goal, 0 MB stacks, 0 MB globals, 16 P
gc 4277 @11.933s 8%: 0.12+0.73+0.19 ms clock, 1.9+0.60/0.95/0+3.1 ms cpu, 4->4->2 MB, 5 MB goal, 0 MB stacks, 0 MB globals, 16 P
gc 4278 @11.935s 8%: 0.21+0.76+0.11 ms clock, 3.4+0.70/0.98/0+1.8 ms cpu, 3->4->2 MB, 4 MB goal, 0 MB stacks, 0 MB globals, 16 P
gc 4279 @11.937s 8%: 0.17+0.60+0.21 ms clock, 2.7+0.68/0.89/0+3.4 ms cpu, 4->5->2 MB, 5 MB goal, 0 MB stacks, 0 MB globals, 16 P
gc 4280 @11.938s 8%: 0.14+0.65+0.13 ms clock, 2.3+0.60/0.95/0+2.0 ms cpu, 3->4->2 MB, 4 MB goal, 0 MB stacks, 0 MB globals, 16 P
gc 4281 @11.940s 8%: 0.11+0.85+0.14 ms clock, 1.7+0.61/0.97/0+2.2 ms cpu, 4->5->2 MB, 4 MB goal, 0 MB stacks, 0 MB globals, 16 P
gc 4282 @11.942s 8%: 0.11+0.58+0.11 ms clock, 1.7+0.63/0.98/0.026+1.8 ms cpu, 4->5->2 MB, 5 MB goal, 0 MB stacks, 0 MB globals, 16 P
gc 4283 @11.944s 8%: 0.17+0.68+0.19 ms clock, 2.7+0.66/1.0/0+3.0 ms cpu, 3->4->2 MB, 4 MB goal, 0 MB stacks, 0 MB globals, 16 P
gc 4284 @11.946s 8%: 0.10+0.55+0.15 ms clock, 1.6+0.72/0.85/0+2.4 ms cpu, 4->5->2 MB, 5 MB goal, 0 MB stacks, 0 MB globals, 16 P
gc 4285 @11.947s 8%: 0.17+0.57+0.10 ms clock, 2.8+0.75/0.95/0.004+1.7 ms cpu, 3->4->2 MB, 4 MB goal, 0 MB stacks, 0 MB globals, 16 P
gc 4286 @11.949s 8%: 0.11+0.67+0.17 ms clock, 1.8+0.73/1.1/0.010+2.7 ms cpu, 4->5->2 MB, 4 MB goal, 0 MB stacks, 0 MB globals, 16 P
gc 4287 @11.951s 8%: 0.11+0.62+0.19 ms clock, 1.7+0.47/0.97/0.001+3.0 ms cpu, 4->5->2 MB, 5 MB goal, 0 MB stacks, 0 MB globals, 16 P
gc 4288 @11.953s 8%: 0.10+0.68+0.18 ms clock, 1.6+0.60/1.1/0+2.9 ms cpu, 3->4->2 MB, 4 MB goal, 0 MB stacks, 0 MB globals, 16 P
gc 4289 @11.954s 8%: 0.16+0.68+0.11 ms clock, 2.5+0.56/0.97/0+1.9 ms cpu, 4->5->2 MB, 5 MB goal, 0 MB stacks, 0 MB globals, 16 P
gc 4290 @11.956s 8%: 0.10+0.60+0.12 ms clock, 1.6+0.67/0.98/0+1.9 ms cpu, 4->4->2 MB, 4 MB goal, 0 MB stacks, 0 MB globals, 16 P
gc 4291 @11.958s 8%: 0.12+0.70+0.066 ms clock, 1.9+0.57/0.93/0.048+1.0 ms cpu, 4->4->2 MB, 4 MB goal, 0 MB stacks, 0 MB globals, 16 P
gc 4292 @11.960s 8%: 0.12+0.60+0.12 ms clock, 1.9+0.59/0.95/0+1.9 ms cpu, 4->4->2 MB, 4 MB goal, 0 MB stacks, 0 MB globals, 16 P
gc 4293 @11.961s 8%: 0.13+0.70+0.10 ms clock, 2.1+0.59/0.95/0+1.7 ms cpu, 4->4->2 MB, 4 MB goal, 0 MB stacks, 0 MB globals, 16 P
gc 4294 @11.963s 8%: 0.14+0.58+0.11 ms clock, 2.3+0.85/0.91/0+1.9 ms cpu, 4->4->2 MB, 4 MB goal, 0 MB stacks, 0 MB globals, 16 P
gc 4295 @11.965s 8%: 0.14+0.73+0.098 ms clock, 2.3+0.64/0.95/0+1.5 ms cpu, 4->5->2 MB, 4 MB goal, 0 MB stacks, 0 MB globals, 16 P
gc 4296 @11.967s 8%: 0.10+0.89+0.064 ms clock, 1.7+0.70/0.75/0+1.0 ms cpu, 4->4->2 MB, 4 MB goal, 0 MB stacks, 0 MB globals, 16 P
gc 4297 @11.969s 8%: 0.13+0.77+0.10 ms clock, 2.2+0.53/0.98/0+1.7 ms cpu, 4->5->2 MB, 4 MB goal, 0 MB stacks, 0 MB globals, 16 P
gc 4298 @11.971s 8%: 0.11+0.69+0.11 ms clock, 1.7+0.63/0.90/0+1.8 ms cpu, 4->5->2 MB, 5 MB goal, 0 MB stacks, 0 MB globals, 16 P
gc 4299 @11.973s 8%: 0.10+0.75+0.12 ms clock, 1.7+0.61/1.0/0+1.9 ms cpu, 4->5->2 MB, 5 MB goal, 0 MB stacks, 0 MB globals, 16 P
gc 4300 @11.975s 8%: 0.097+0.68+0.12 ms clock, 1.5+0.65/0.98/0+1.9 ms cpu, 4->4->2 MB, 4 MB goal, 0 MB stacks, 0 MB globals, 16 P
gc 4301 @11.976s 8%: 0.13+0.71+0.11 ms clock, 2.0+0.68/1.0/0.010+1.9 ms cpu, 3->4->2 MB, 4 MB goal, 0 MB stacks, 0 MB globals, 16 P
gc 4302 @11.978s 8%: 0.13+0.83+0.10 ms clock, 2.1+0.51/0.91/0.021+1.6 ms cpu, 4->5->2 MB, 5 MB goal, 0 MB stacks, 0 MB globals, 16 P
gc 4303 @11.980s 8%: 0.11+0.70+0.23 ms clock, 1.8+0.68/1.0/0.051+3.7 ms cpu, 4->5->2 MB, 5 MB goal, 0 MB stacks, 0 MB globals, 16 P
gc 4304 @11.982s 8%: 0.13+0.55+0.12 ms clock, 2.0+0.63/1.0/0+2.0 ms cpu, 4->4->2 MB, 4 MB goal, 0 MB stacks, 0 MB globals, 16 P
gc 4305 @11.984s 8%: 0.12+0.54+0.12 ms clock, 2.0+0.46/1.0/0+1.9 ms cpu, 3->4->2 MB, 4 MB goal, 0 MB stacks, 0 MB globals, 16 P
gc 4306 @11.985s 8%: 0.16+0.57+0.17 ms clock, 2.6+0.65/0.91/0.015+2.8 ms cpu, 3->4->2 MB, 4 MB goal, 0 MB stacks, 0 MB globals, 16 P
gc 4307 @11.987s 8%: 0.10+0.65+0.13 ms clock, 1.7+0.60/0.90/0+2.0 ms cpu, 4->4->2 MB, 4 MB goal, 0 MB stacks, 0 MB globals, 16 P
gc 4308 @11.989s 8%: 0.12+0.73+0.059 ms clock, 1.9+0.55/0.89/0+0.94 ms cpu, 3->4->2 MB, 4 MB goal, 0 MB stacks, 0 MB globals, 16 P
gc 4309 @11.990s 8%: 0.10+0.72+0.10 ms clock, 1.6+0.43/1.0/0+1.6 ms cpu, 3->4->2 MB, 4 MB goal, 0 MB stacks, 0 MB globals, 16 P
gc 4310 @11.992s 8%: 0.15+0.54+0.12 ms clock, 2.4+0.63/0.98/0.006+1.9 ms cpu, 4->5->2 MB, 4 MB goal, 0 MB stacks, 0 MB globals, 16 P
gc 4311 @11.994s 8%: 0.11+0.51+0.099 ms clock, 1.8+0.64/0.89/0+1.5 ms cpu, 3->4->2 MB, 4 MB goal, 0 MB stacks, 0 MB globals, 16 P
gc 4312 @11.996s 8%: 0.13+0.64+0.11 ms clock, 2.1+0.58/0.90/0+1.7 ms cpu, 3->4->2 MB, 4 MB goal, 0 MB stacks, 0 MB globals, 16 P
gc 4313 @11.997s 8%: 0.14+0.74+0.13 ms clock, 2.3+0.71/0.91/0+2.1 ms cpu, 4->4->2 MB, 4 MB goal, 0 MB stacks, 0 MB globals, 16 P
gc 4314 @11.999s 8%: 0.11+0.94+0.10 ms clock, 1.8+0.59/1.0/0+1.6 ms cpu, 4->5->2 MB, 5 MB goal, 0 MB stacks, 0 MB globals, 16 P
gc 4315 @12.001s 8%: 0.072+0.56+0.12 ms clock, 1.1+0.53/0.89/0+2.0 ms cpu, 4->5->2 MB, 5 MB goal, 0 MB stacks, 0 MB globals, 16 P
gc 4316 @12.003s 8%: 0.15+0.59+0.22 ms clock, 2.4+0.66/0.88/0+3.6 ms cpu, 3->4->2 MB, 4 MB goal, 0 MB stacks, 0 MB globals, 16 P
gc 4317 @12.005s 8%: 0.17+0.71+0.12 ms clock, 2.8+0.59/0.99/0.003+1.9 ms cpu, 4->5->2 MB, 4 MB goal, 0 MB stacks, 0 MB globals, 16 P
gc 4318 @12.007s 8%: 0.11+0.61+0.093 ms clock, 1.8+0.76/0.92/0.043+1.4 ms cpu, 4->5->2 MB, 5 MB goal, 0 MB stacks, 0 MB globals, 16 P
gc 4319 @12.008s 8%: 0.17+0.62+0.17 ms clock, 2.8+0.59/1.0/0+2.8 ms cpu, 4->4->2 MB, 4 MB goal, 0 MB stacks, 0 MB globals, 16 P
gc 4320 @12.010s 8%: 0.13+0.56+0.16 ms clock, 2.1+0.64/0.94/0+2.6 ms cpu, 4->4->2 MB, 5 MB goal, 0 MB stacks, 0 MB globals, 16 P
gc 4321 @12.012s 8%: 0.13+0.64+0.13 ms clock, 2.1+0.56/0.97/0.003+2.1 ms cpu, 3->4->2 MB, 4 MB goal, 0 MB stacks, 0 MB globals, 16 P
gc 4322 @12.014s 8%: 0.11+0.65+0.10 ms clock, 1.8+0.59/0.99/0+1.6 ms cpu, 4->4->2 MB, 4 MB goal, 0 MB stacks, 0 MB globals, 16 P
gc 4323 @12.015s 8%: 0.11+0.69+0.16 ms clock, 1.8+0.71/1.1/0+2.5 ms cpu, 4->5->2 MB, 4 MB goal, 0 MB stacks, 0 MB globals, 16 P
gc 4324 @12.017s 8%: 0.10+0.52+0.20 ms clock, 1.6+0.56/0.95/0.001+3.3 ms cpu, 4->4->2 MB, 4 MB goal, 0 MB stacks, 0 MB globals, 16 P
gc 4325 @12.019s 8%: 0.11+0.60+0.18 ms clock, 1.7+0.62/0.88/0+2.9 ms cpu, 3->4->2 MB, 4 MB goal, 0 MB stacks, 0 MB globals, 16 P
gc 4326 @12.020s 8%: 0.14+0.59+0.10 ms clock, 2.3+0.55/1.0/0+1.7 ms cpu, 3->4->2 MB, 4 MB goal, 0 MB stacks, 0 MB globals, 16 P
gc 4327 @12.022s 8%: 0.075+0.65+0.16 ms clock, 1.2+0.66/0.92/0+2.6 ms cpu, 4->5->2 MB, 5 MB goal, 0 MB stacks, 0 MB globals, 16 P
gc 4328 @12.024s 8%: 0.13+0.48+0.20 ms clock, 2.1+0.55/0.94/0.020+3.3 ms cpu, 4->4->2 MB, 4 MB goal, 0 MB stacks, 0 MB globals, 16 P
gc 4329 @12.026s 8%: 0.12+0.55+0.096 ms clock, 1.9+0.49/0.97/0.010+1.5 ms cpu, 3->4->2 MB, 4 MB goal, 0 MB stacks, 0 MB globals, 16 P
gc 4330 @12.027s 8%: 0.11+0.64+0.10 ms clock, 1.9+0.59/1.0/0.028+1.6 ms cpu, 3->4->2 MB, 4 MB goal, 0 MB stacks, 0 MB globals, 16 P
gc 4331 @12.029s 8%: 0.10+0.68+0.12 ms clock, 1.6+0.60/0.98/0+1.9 ms cpu, 4->4->2 MB, 4 MB goal, 0 MB stacks, 0 MB globals, 16 P
gc 4332 @12.031s 8%: 0.10+0.72+0.20 ms clock, 1.7+0.53/0.97/0.058+3.2 ms cpu, 4->5->2 MB, 5 MB goal, 0 MB stacks, 0 MB globals, 16 P
gc 4333 @12.033s 8%: 0.13+0.70+0.18 ms clock, 2.2+0.61/0.92/0.004+2.9 ms cpu, 4->5->2 MB, 4 MB goal, 0 MB stacks, 0 MB globals, 16 P
gc 4334 @12.035s 8%: 0.094+0.96+0.16 ms clock, 1.5+0.64/1.1/0.058+2.6 ms cpu, 4->5->2 MB, 5 MB goal, 0 MB stacks, 0 MB globals, 16 P
gc 4335 @12.037s 8%: 0.12+0.60+0.13 ms clock, 2.0+0.59/0.97/0.016+2.2 ms cpu, 4->5->2 MB, 5 MB goal, 0 MB stacks, 0 MB globals, 16 P
gc 4336 @12.039s 8%: 0.071+0.75+0.097 ms clock, 1.1+0.53/1.0/0.031+1.5 ms cpu, 4->5->2 MB, 4 MB goal, 0 MB stacks, 0 MB globals, 16 P
gc 4337 @12.041s 8%: 0.12+0.65+0.099 ms clock, 2.0+0.63/0.88/0+1.5 ms cpu, 4->4->2 MB, 4 MB goal, 0 MB stacks, 0 MB globals, 16 P
gc 4338 @12.042s 8%: 0.10+0.59+0.17 ms clock, 1.6+0.61/0.90/0+2.7 ms cpu, 4->4->2 MB, 4 MB goal, 0 MB stacks, 0 MB globals, 16 P
gc 4339 @12.044s 8%: 0.10+0.81+0.10 ms clock, 1.6+0.70/0.92/0.010+1.7 ms cpu, 4->5->2 MB, 4 MB goal, 0 MB stacks, 0 MB globals, 16 P
gc 4340 @12.046s 8%: 0.16+0.52+0.19 ms clock, 2.5+0.82/0.81/0+3.1 ms cpu, 4->5->2 MB, 5 MB goal, 0 MB stacks, 0 MB globals, 16 P
gc 4341 @12.048s 8%: 0.11+0.77+0.092 ms clock, 1.8+0.66/1.0/0+1.4 ms cpu, 4->5->2 MB, 4 MB goal, 0 MB stacks, 0 MB globals, 16 P
gc 4342 @12.050s 8%: 0.11+0.60+0.11 ms clock, 1.8+0.47/0.93/0+1.8 ms cpu, 4->5->2 MB, 5 MB goal, 0 MB stacks, 0 MB globals, 16 P
gc 4343 @12.052s 8%: 0.17+0.54+0.19 ms clock, 2.7+0.61/0.84/0+3.0 ms cpu, 4->4->2 MB, 4 MB goal, 0 MB stacks, 0 MB globals, 16 P
gc 4344 @12.053s 8%: 0.14+0.59+0.13 ms clock, 2.3+0.66/0.94/0.036+2.2 ms cpu, 3->4->2 MB, 4 MB goal, 0 MB stacks, 0 MB globals, 16 P
gc 4345 @12.055s 8%: 0.14+0.61+0.20 ms clock, 2.2+0.62/0.92/0+3.2 ms cpu, 4->4->2 MB, 4 MB goal, 0 MB stacks, 0 MB globals, 16 P
gc 4346 @12.057s 8%: 0.10+0.81+0.10 ms clock, 1.6+0.58/1.1/0.021+1.6 ms cpu, 4->5->2 MB, 4 MB goal, 0 MB stacks, 0 MB globals, 16 P
gc 4347 @12.059s 8%: 0.16+0.66+0.23 ms clock, 2.5+0.47/0.94/0+3.8 ms cpu, 4->5->2 MB, 5 MB goal, 0 MB stacks, 0 MB globals, 16 P
gc 4348 @12.061s 8%: 0.087+0.81+0.092 ms clock, 1.3+0.60/1.0/0.008+1.4 ms cpu, 4->5->2 MB, 4 MB goal, 0 MB stacks, 0 MB globals, 16 P
gc 4349 @12.063s 8%: 0.12+0.75+0.14 ms clock, 1.9+0.70/0.88/0+2.2 ms cpu, 4->5->2 MB, 5 MB goal, 0 MB stacks, 0 MB globals, 16 P
gc 4350 @12.065s 8%: 0.11+0.71+0.17 ms clock, 1.8+0.73/0.86/0+2.8 ms cpu, 4->5->2 MB, 5 MB goal, 0 MB stacks, 0 MB globals, 16 P
gc 4351 @12.066s 8%: 0.12+0.70+0.16 ms clock, 2.0+0.59/0.99/0+2.6 ms cpu, 4->4->2 MB, 4 MB goal, 0 MB stacks, 0 MB globals, 16 P
gc 4352 @12.068s 8%: 0.21+0.64+0.17 ms clock, 3.3+0.59/0.98/0.034+2.7 ms cpu, 4->4->2 MB, 4 MB goal, 0 MB stacks, 0 MB globals, 16 P
gc 4353 @12.070s 8%: 0.092+0.66+0.12 ms clock, 1.4+0.60/0.95/0+2.0 ms cpu, 4->4->2 MB, 4 MB goal, 0 MB stacks, 0 MB globals, 16 P
gc 4354 @12.072s 8%: 0.12+0.57+0.094 ms clock, 1.9+0.64/0.86/0+1.5 ms cpu, 3->4->2 MB, 4 MB goal, 0 MB stacks, 0 MB globals, 16 P
gc 4355 @12.073s 8%: 0.19+0.74+0.16 ms clock, 3.1+0.78/0.81/0+2.7 ms cpu, 4->4->2 MB, 4 MB goal, 0 MB stacks, 0 MB globals, 16 P
gc 4356 @12.075s 8%: 0.10+0.83+0.091 ms clock, 1.6+0.71/1.2/0.010+1.4 ms cpu, 4->5->2 MB, 5 MB goal, 0 MB stacks, 0 MB globals, 16 P
gc 4357 @12.077s 8%: 0.18+0.62+0.18 ms clock, 2.9+0.66/0.99/0.010+3.0 ms cpu, 4->5->2 MB, 4 MB goal, 0 MB stacks, 0 MB globals, 16 P
gc 4358 @12.079s 8%: 0.10+0.67+0.13 ms clock, 1.7+0.65/0.93/0.007+2.1 ms cpu, 4->4->2 MB, 4 MB goal, 0 MB stacks, 0 MB globals, 16 P
gc 4359 @12.081s 8%: 0.10+0.88+0.10 ms clock, 1.7+0.65/0.95/0+1.6 ms cpu, 4->5->2 MB, 4 MB goal, 0 MB stacks, 0 MB globals, 16 P
gc 4360 @12.083s 8%: 0.11+0.75+0.17 ms clock, 1.9+0.69/0.98/0+2.7 ms cpu, 4->5->2 MB, 5 MB goal, 0 MB stacks, 0 MB globals, 16 P
gc 4361 @12.085s 8%: 0.16+0.72+0.14 ms clock, 2.5+0.60/1.0/0+2.2 ms cpu, 4->5->2 MB, 4 MB goal, 0 MB stacks, 0 MB globals, 16 P
gc 4362 @12.086s 8%: 0.10+0.65+0.13 ms clock, 1.6+0.62/0.88/0.004+2.1 ms cpu, 4->5->2 MB, 5 MB goal, 0 MB stacks, 0 MB globals, 16 P
gc 4363 @12.088s 8%: 0.20+0.76+0.13 ms clock, 3.3+0.56/0.88/0.028+2.1 ms cpu, 4->5->2 MB, 4 MB goal, 0 MB stacks, 0 MB globals, 16 P
gc 4364 @12.090s 8%: 0.11+0.51+0.12 ms clock, 1.8+0.53/0.91/0.041+1.9 ms cpu, 4->4->2 MB, 5 MB goal, 0 MB stacks, 0 MB globals, 16 P
gc 4365 @12.092s 8%: 0.12+0.66+0.13 ms clock, 2.0+0.69/0.97/0+2.1 ms cpu, 3->4->2 MB, 4 MB goal, 0 MB stacks, 0 MB globals, 16 P
gc 4366 @12.094s 8%: 0.12+0.66+0.15 ms clock, 2.0+0.56/1.1/0+2.4 ms cpu, 4->5->2 MB, 5 MB goal, 0 MB stacks, 0 MB globals, 16 P
gc 4367 @12.096s 8%: 0.11+0.58+0.19 ms clock, 1.7+0.67/0.86/0+3.1 ms cpu, 4->4->2 MB, 4 MB goal, 0 MB stacks, 0 MB globals, 16 P
gc 4368 @12.097s 8%: 0.14+0.68+0.17 ms clock, 2.3+0.59/0.93/0+2.8 ms cpu, 3->4->2 MB, 4 MB goal, 0 MB stacks, 0 MB globals, 16 P
gc 4369 @12.099s 8%: 0.18+0.64+0.17 ms clock, 2.9+0.72/0.79/0+2.8 ms cpu, 4->4->2 MB, 4 MB goal, 0 MB stacks, 0 MB globals, 16 P
gc 4370 @12.101s 8%: 0.14+0.59+0.18 ms clock, 2.2+0.59/0.92/0+2.9 ms cpu, 3->4->2 MB, 4 MB goal, 0 MB stacks, 0 MB globals, 16 P
gc 4371 @12.102s 8%: 0.13+0.53+0.21 ms clock, 2.0+0.61/1.0/0+3.4 ms cpu, 4->4->2 MB, 4 MB goal, 0 MB stacks, 0 MB globals, 16 P
gc 4372 @12.104s 8%: 0.13+0.70+0.17 ms clock, 2.1+0.64/1.0/0+2.7 ms cpu, 4->4->2 MB, 4 MB goal, 0 MB stacks, 0 MB globals, 16 P
gc 4373 @12.106s 8%: 0.15+0.93+0.091 ms clock, 2.4+0.71/1.2/0.003+1.4 ms cpu, 4->5->2 MB, 4 MB goal, 0 MB stacks, 0 MB globals, 16 P
gc 4374 @12.108s 8%: 0.15+0.80+0.21 ms clock, 2.4+0.71/0.96/0+3.5 ms cpu, 4->5->2 MB, 5 MB goal, 0 MB stacks, 0 MB globals, 16 P
gc 4375 @12.110s 8%: 0.16+0.47+0.14 ms clock, 2.6+0.76/0.85/0.074+2.3 ms cpu, 4->4->2 MB, 5 MB goal, 0 MB stacks, 0 MB globals, 16 P
gc 4376 @12.112s 8%: 0.14+0.82+0.096 ms clock, 2.3+0.64/0.89/0+1.5 ms cpu, 3->4->2 MB, 4 MB goal, 0 MB stacks, 0 MB globals, 16 P
gc 4377 @12.114s 8%: 0.10+0.74+0.19 ms clock, 1.6+0.61/0.86/0+3.1 ms cpu, 4->5->2 MB, 5 MB goal, 0 MB stacks, 0 MB globals, 16 P
gc 4378 @12.116s 8%: 0.12+0.71+0.10 ms clock, 2.0+0.98/1.0/0+1.7 ms cpu, 4->5->2 MB, 4 MB goal, 0 MB stacks, 0 MB globals, 16 P
gc 4379 @12.118s 8%: 0.16+0.70+0.16 ms clock, 2.5+0.54/0.94/0.005+2.5 ms cpu, 4->5->2 MB, 5 MB goal, 0 MB stacks, 0 MB globals, 16 P
gc 4380 @12.120s 8%: 0.15+1.0+0.12 ms clock, 2.5+0.68/1.3/0+2.0 ms cpu, 3->5->2 MB, 4 MB goal, 0 MB stacks, 0 MB globals, 16 P
gc 4381 @12.122s 8%: 0.10+0.69+0.11 ms clock, 1.6+0.67/1.0/0+1.8 ms cpu, 5->6->2 MB, 6 MB goal, 0 MB stacks, 0 MB globals, 16 P
gc 4382 @12.124s 8%: 0.13+0.58+0.20 ms clock, 2.2+0.65/0.91/0+3.2 ms cpu, 4->5->2 MB, 5 MB goal, 0 MB stacks, 0 MB globals, 16 P
gc 4383 @12.126s 8%: 0.13+0.73+0.12 ms clock, 2.1+0.66/1.0/0+1.9 ms cpu, 4->5->2 MB, 4 MB goal, 0 MB stacks, 0 MB globals, 16 P
gc 4384 @12.128s 8%: 0.11+0.76+0.10 ms clock, 1.8+0.56/0.94/0.004+1.6 ms cpu, 4->5->2 MB, 4 MB goal, 0 MB stacks, 0 MB globals, 16 P
gc 4385 @12.130s 8%: 0.13+0.73+0.17 ms clock, 2.1+0.78/0.84/0.030+2.7 ms cpu, 4->5->2 MB, 5 MB goal, 0 MB stacks, 0 MB globals, 16 P
gc 4386 @12.132s 8%: 0.11+0.47+0.13 ms clock, 1.8+0.59/0.94/0+2.2 ms cpu, 4->5->2 MB, 5 MB goal, 0 MB stacks, 0 MB globals, 16 P
gc 4387 @12.134s 8%: 0.14+0.64+0.16 ms clock, 2.3+0.60/1.0/0+2.6 ms cpu, 3->4->2 MB, 4 MB goal, 0 MB stacks, 0 MB globals, 16 P
gc 4388 @12.135s 8%: 0.12+0.60+0.16 ms clock, 2.0+0.91/0.94/0+2.6 ms cpu, 4->4->2 MB, 4 MB goal, 0 MB stacks, 0 MB globals, 16 P
gc 4389 @12.137s 8%: 0.088+0.45+0.13 ms clock, 1.4+0.35/0.77/0.22+2.1 ms cpu, 4->4->1 MB, 4 MB goal, 0 MB stacks, 0 MB globals, 16 P
gc 4390 @12.138s 8%: 0.11+0.60+0.11 ms clock, 1.8+0.68/0.93/0+1.8 ms cpu, 3->4->2 MB, 4 MB goal, 0 MB stacks, 0 MB globals, 16 P
gc 4391 @12.140s 8%: 0.10+0.68+0.17 ms clock, 1.7+0.75/1.0/0+2.7 ms cpu, 4->5->2 MB, 5 MB goal, 0 MB stacks, 0 MB globals, 16 P
gc 4392 @12.142s 8%: 0.15+0.61+0.16 ms clock, 2.4+0.53/0.86/0+2.5 ms cpu, 4->4->2 MB, 4 MB goal, 0 MB stacks, 0 MB globals, 16 P
gc 4393 @12.144s 8%: 0.20+0.62+0.12 ms clock, 3.3+0.62/0.97/0+2.0 ms cpu, 4->4->2 MB, 4 MB goal, 0 MB stacks, 0 MB globals, 16 P
gc 4394 @12.145s 8%: 0.12+0.57+0.19 ms clock, 1.9+0.65/0.93/0+3.0 ms cpu, 4->4->2 MB, 4 MB goal, 0 MB stacks, 0 MB globals, 16 P
gc 4395 @12.147s 8%: 0.10+0.77+0.10 ms clock, 1.7+0.57/0.93/0.12+1.7 ms cpu, 4->5->2 MB, 4 MB goal, 0 MB stacks, 0 MB globals, 16 P
gc 4396 @12.149s 8%: 0.15+0.56+0.18 ms clock, 2.5+0.68/0.96/0+2.9 ms cpu, 4->4->2 MB, 5 MB goal, 0 MB stacks, 0 MB globals, 16 P
gc 4397 @12.151s 8%: 0.12+0.55+0.14 ms clock, 2.0+0.58/0.95/0+2.3 ms cpu, 4->4->2 MB, 4 MB goal, 0 MB stacks, 0 MB globals, 16 P
gc 4398 @12.152s 8%: 0.13+0.57+0.10 ms clock, 2.1+0.65/1.0/0+1.6 ms cpu, 4->4->2 MB, 4 MB goal, 0 MB stacks, 0 MB globals, 16 P
gc 4399 @12.154s 8%: 0.10+0.60+0.17 ms clock, 1.7+0.54/0.88/0+2.7 ms cpu, 4->4->2 MB, 4 MB goal, 0 MB stacks, 0 MB globals, 16 P
gc 4400 @12.156s 8%: 0.12+0.63+0.17 ms clock, 1.9+0.53/1.0/0.004+2.8 ms cpu, 3->4->2 MB, 4 MB goal, 0 MB stacks, 0 MB globals, 16 P
gc 4401 @12.157s 8%: 0.15+0.58+0.088 ms clock, 2.4+0.47/0.80/0.046+1.4 ms cpu, 4->4->2 MB, 4 MB goal, 0 MB stacks, 0 MB globals, 16 P
gc 4402 @12.159s 8%: 0.17+0.73+0.10 ms clock, 2.7+0.67/0.84/0+1.6 ms cpu, 3->4->2 MB, 4 MB goal, 0 MB stacks, 0 MB globals, 16 P
gc 4403 @12.161s 8%: 0.11+0.80+0.089 ms clock, 1.8+0.58/0.87/0+1.4 ms cpu, 4->5->2 MB, 5 MB goal, 0 MB stacks, 0 MB globals, 16 P
gc 4404 @12.163s 8%: 0.093+0.72+0.11 ms clock, 1.5+0.68/0.91/0+1.7 ms cpu, 4->5->2 MB, 5 MB goal, 0 MB stacks, 0 MB globals, 16 P
gc 4405 @12.165s 8%: 0.11+0.56+0.17 ms clock, 1.8+0.48/0.98/0+2.8 ms cpu, 4->4->2 MB, 4 MB goal, 0 MB stacks, 0 MB globals, 16 P
gc 4406 @12.167s 8%: 0.099+0.69+0.11 ms clock, 1.5+0.65/0.82/0+1.8 ms cpu, 4->4->2 MB, 4 MB goal, 0 MB stacks, 0 MB globals, 16 P
gc 4407 @12.169s 8%: 0.092+0.65+0.13 ms clock, 1.4+0.55/1.0/0+2.1 ms cpu, 4->5->2 MB, 5 MB goal, 0 MB stacks, 0 MB globals, 16 P
gc 4408 @12.170s 8%: 0.16+0.77+0.17 ms clock, 2.6+0.58/1.2/0+2.8 ms cpu, 4->4->2 MB, 4 MB goal, 0 MB stacks, 0 MB globals, 16 P
gc 4409 @12.173s 8%: 0.17+0.69+0.19 ms clock, 2.7+0.63/0.94/0+3.1 ms cpu, 4->5->2 MB, 5 MB goal, 0 MB stacks, 0 MB globals, 16 P
gc 4410 @12.174s 8%: 0.11+0.91+0.087 ms clock, 1.8+0.48/0.99/0+1.3 ms cpu, 4->5->2 MB, 5 MB goal, 0 MB stacks, 0 MB globals, 16 P
gc 4411 @12.177s 8%: 0.12+0.87+0.099 ms clock, 1.9+0.61/0.82/0+1.5 ms cpu, 4->5->2 MB, 5 MB goal, 0 MB stacks, 0 MB globals, 16 P
gc 4412 @12.179s 8%: 0.19+0.73+0.11 ms clock, 3.1+0.69/0.88/0+1.7 ms cpu, 4->5->2 MB, 5 MB goal, 0 MB stacks, 0 MB globals, 16 P
gc 4413 @12.181s 8%: 0.12+0.94+0.088 ms clock, 1.9+0.58/1.1/0+1.4 ms cpu, 4->5->2 MB, 5 MB goal, 0 MB stacks, 0 MB globals, 16 P
gc 4414 @12.183s 8%: 0.067+0.74+0.056 ms clock, 1.0+0.59/0.87/0.094+0.90 ms cpu, 4->5->2 MB, 5 MB goal, 0 MB stacks, 0 MB globals, 16 P
gc 4415 @12.185s 8%: 0.19+0.49+0.15 ms clock, 3.1+0.57/0.87/0.11+2.4 ms cpu, 4->4->2 MB, 4 MB goal, 0 MB stacks, 0 MB globals, 16 P
gc 4416 @12.186s 8%: 0.094+0.69+0.12 ms clock, 1.5+0.53/0.92/0+2.0 ms cpu, 3->4->2 MB, 4 MB goal, 0 MB stacks, 0 MB globals, 16 P
gc 4417 @12.188s 8%: 0.11+0.57+0.11 ms clock, 1.7+0.75/0.85/0+1.8 ms cpu, 4->5->2 MB, 5 MB goal, 0 MB stacks, 0 MB globals, 16 P
gc 4418 @12.190s 8%: 0.11+0.68+0.10 ms clock, 1.8+0.45/1.0/0+1.6 ms cpu, 3->4->2 MB, 4 MB goal, 0 MB stacks, 0 MB globals, 16 P
gc 4419 @12.192s 8%: 0.17+0.60+0.14 ms clock, 2.7+0.63/0.80/0.056+2.3 ms cpu, 4->4->2 MB, 5 MB goal, 0 MB stacks, 0 MB globals, 16 P
gc 4420 @12.194s 8%: 0.14+0.60+0.13 ms clock, 2.2+0.66/1.0/0+2.1 ms cpu, 3->4->2 MB, 4 MB goal, 0 MB stacks, 0 MB globals, 16 P
gc 4421 @12.195s 8%: 0.12+0.75+0.12 ms clock, 2.0+0.60/0.93/0+1.9 ms cpu, 4->5->2 MB, 4 MB goal, 0 MB stacks, 0 MB globals, 16 P
gc 4422 @12.197s 8%: 0.12+0.50+0.12 ms clock, 2.0+0.59/0.90/0.002+2.0 ms cpu, 4->4->2 MB, 4 MB goal, 0 MB stacks, 0 MB globals, 16 P
gc 4423 @12.199s 8%: 0.10+0.65+0.14 ms clock, 1.6+0.75/0.93/0+2.2 ms cpu, 3->4->2 MB, 4 MB goal, 0 MB stacks, 0 MB globals, 16 P
gc 4424 @12.200s 8%: 0.16+0.82+0.10 ms clock, 2.6+0.57/1.1/0.001+1.7 ms cpu, 3->4->2 MB, 4 MB goal, 0 MB stacks, 0 MB globals, 16 P
gc 4425 @12.203s 8%: 0.11+0.70+0.10 ms clock, 1.8+0.65/0.87/0.049+1.6 ms cpu, 4->5->2 MB, 5 MB goal, 0 MB stacks, 0 MB globals, 16 P
gc 4426 @12.205s 8%: 0.10+0.51+0.14 ms clock, 1.6+0.66/0.94/0+2.3 ms cpu, 4->5->2 MB, 5 MB goal, 0 MB stacks, 0 MB globals, 16 P
gc 4427 @12.206s 8%: 0.14+0.70+0.18 ms clock, 2.3+0.60/1.0/0+3.0 ms cpu, 3->4->2 MB, 4 MB goal, 0 MB stacks, 0 MB globals, 16 P
gc 4428 @12.208s 8%: 0.12+0.62+0.12 ms clock, 2.0+0.68/1.0/0+2.0 ms cpu, 4->4->2 MB, 4 MB goal, 0 MB stacks, 0 MB globals, 16 P
gc 4429 @12.210s 8%: 0.16+0.55+0.14 ms clock, 2.5+0.74/0.97/0+2.3 ms cpu, 4->4->2 MB, 4 MB goal, 0 MB stacks, 0 MB globals, 16 P
gc 4430 @12.211s 8%: 0.18+0.74+0.13 ms clock, 2.9+0.75/1.1/0+2.1 ms cpu, 3->4->2 MB, 4 MB goal, 0 MB stacks, 0 MB globals, 16 P
gc 4431 @12.214s 8%: 0.14+0.60+0.13 ms clock, 2.3+0.51/0.98/0+2.1 ms cpu, 4->5->2 MB, 5 MB goal, 0 MB stacks, 0 MB globals, 16 P
gc 4432 @12.215s 8%: 0.20+0.75+0.21 ms clock, 3.3+0.63/1.1/0+3.4 ms cpu, 4->5->2 MB, 4 MB goal, 0 MB stacks, 0 MB globals, 16 P
gc 4433 @12.217s 8%: 0.15+0.60+0.16 ms clock, 2.4+0.67/0.92/0.004+2.6 ms cpu, 4->5->2 MB, 5 MB goal, 0 MB stacks, 0 MB globals, 16 P
gc 4434 @12.219s 8%: 0.11+0.60+0.21 ms clock, 1.8+0.75/0.91/0+3.4 ms cpu, 4->4->2 MB, 4 MB goal, 0 MB stacks, 0 MB globals, 16 P
gc 4435 @12.221s 8%: 0.12+0.65+0.14 ms clock, 2.0+0.62/1.1/0+2.3 ms cpu, 4->4->2 MB, 4 MB goal, 0 MB stacks, 0 MB globals, 16 P
gc 4436 @12.223s 8%: 0.12+0.56+0.14 ms clock, 2.0+0.67/1.0/0+2.3 ms cpu, 4->4->2 MB, 4 MB goal, 0 MB stacks, 0 MB globals, 16 P
gc 4437 @12.224s 8%: 0.12+0.83+0.10 ms clock, 1.9+0.74/1.0/0+1.6 ms cpu, 4->5->2 MB, 4 MB goal, 0 MB stacks, 0 MB globals, 16 P
gc 4438 @12.226s 8%: 0.14+0.61+0.18 ms clock, 2.2+0.65/0.98/0.013+2.8 ms cpu, 4->5->2 MB, 5 MB goal, 0 MB stacks, 0 MB globals, 16 P
gc 4439 @12.228s 8%: 0.12+0.59+0.16 ms clock, 1.9+0.63/1.0/0+2.6 ms cpu, 4->4->2 MB, 4 MB goal, 0 MB stacks, 0 MB globals, 16 P
gc 4440 @12.230s 8%: 0.093+0.64+0.10 ms clock, 1.5+0.65/0.93/0+1.6 ms cpu, 4->4->2 MB, 4 MB goal, 0 MB stacks, 0 MB globals, 16 P
gc 4441 @12.232s 8%: 0.14+0.61+0.15 ms clock, 2.3+0.62/0.85/0+2.5 ms cpu, 4->4->2 MB, 4 MB goal, 0 MB stacks, 0 MB globals, 16 P
gc 4442 @12.233s 8%: 0.18+0.66+0.16 ms clock, 2.9+0.48/0.99/0+2.5 ms cpu, 3->4->2 MB, 4 MB goal, 0 MB stacks, 0 MB globals, 16 P
gc 4443 @12.235s 8%: 0.12+0.59+0.14 ms clock, 1.9+0.69/0.95/0+2.3 ms cpu, 4->4->2 MB, 4 MB goal, 0 MB stacks, 0 MB globals, 16 P
gc 4444 @12.237s 8%: 0.10+0.81+0.091 ms clock, 1.7+0.67/0.79/0.019+1.4 ms cpu, 3->4->2 MB, 4 MB goal, 0 MB stacks, 0 MB globals, 16 P
gc 4445 @12.238s 8%: 0.14+0.67+0.17 ms clock, 2.3+0.69/0.91/0+2.8 ms cpu, 4->5->2 MB, 4 MB goal, 0 MB stacks, 0 MB globals, 16 P
gc 4446 @12.240s 8%: 0.15+0.70+0.25 ms clock, 2.5+0.62/0.93/0+4.1 ms cpu, 4->5->2 MB, 5 MB goal, 0 MB stacks, 0 MB globals, 16 P
gc 4447 @12.242s 8%: 0.12+0.59+0.15 ms clock, 1.9+0.65/0.93/0+2.5 ms cpu, 4->5->2 MB, 4 MB goal, 0 MB stacks, 0 MB globals, 16 P
gc 4448 @12.244s 8%: 0.19+1.0+0.086 ms clock, 3.1+0.40/1.1/0+1.3 ms cpu, 4->5->2 MB, 4 MB goal, 0 MB stacks, 0 MB globals, 16 P
gc 4449 @12.246s 8%: 0.12+0.65+0.14 ms clock, 2.0+0.65/0.91/0+2.2 ms cpu, 4->5->2 MB, 5 MB goal, 0 MB stacks, 0 MB globals, 16 P
gc 4450 @12.248s 8%: 0.13+0.87+0.11 ms clock, 2.1+0.71/1.0/0+1.8 ms cpu, 4->5->2 MB, 4 MB goal, 0 MB stacks, 0 MB globals, 16 P
gc 4451 @12.250s 8%: 0.10+0.75+0.10 ms clock, 1.7+0.61/0.82/0+1.7 ms cpu, 4->5->2 MB, 5 MB goal, 0 MB stacks, 0 MB globals, 16 P
gc 4452 @12.252s 8%: 0.097+0.73+0.13 ms clock, 1.5+0.54/0.97/0+2.1 ms cpu, 4->4->2 MB, 5 MB goal, 0 MB stacks, 0 MB globals, 16 P
gc 4453 @12.254s 8%: 0.20+0.63+0.14 ms clock, 3.2+0.59/1.0/0+2.3 ms cpu, 3->4->2 MB, 4 MB goal, 0 MB stacks, 0 MB globals, 16 P
gc 4454 @12.256s 8%: 0.17+0.91+0.096 ms clock, 2.8+0.62/1.0/0+1.5 ms cpu, 4->5->2 MB, 5 MB goal, 0 MB stacks, 0 MB globals, 16 P
gc 4455 @12.258s 8%: 0.15+0.66+0.11 ms clock, 2.4+0.76/0.92/0+1.7 ms cpu, 4->5->2 MB, 5 MB goal, 0 MB stacks, 0 MB globals, 16 P
gc 4456 @12.260s 8%: 0.14+0.73+0.13 ms clock, 2.3+0.59/1.0/0+2.1 ms cpu, 4->5->2 MB, 5 MB goal, 0 MB stacks, 0 MB globals, 16 P
gc 4457 @12.262s 8%: 0.10+0.68+0.089 ms clock, 1.7+0.66/0.97/0+1.4 ms cpu, 4->5->2 MB, 5 MB goal, 0 MB stacks, 0 MB globals, 16 P
gc 4458 @12.263s 8%: 0.20+0.61+0.13 ms clock, 3.3+0.76/0.95/0+2.1 ms cpu, 4->4->2 MB, 4 MB goal, 0 MB stacks, 0 MB globals, 16 P
gc 4459 @12.265s 8%: 0.11+0.77+0.10 ms clock, 1.8+0.64/1.1/0+1.7 ms cpu, 4->5->2 MB, 4 MB goal, 0 MB stacks, 0 MB globals, 16 P
gc 4460 @12.267s 8%: 0.14+0.67+0.11 ms clock, 2.3+0.58/1.0/0.001+1.7 ms cpu, 4->5->2 MB, 5 MB goal, 0 MB stacks, 0 MB globals, 16 P
gc 4461 @12.269s 8%: 0.15+0.59+0.13 ms clock, 2.5+0.71/0.85/0+2.2 ms cpu, 4->5->2 MB, 5 MB goal, 0 MB stacks, 0 MB globals, 16 P
gc 4462 @12.271s 8%: 0.12+0.73+0.12 ms clock, 1.9+0.67/0.97/0.002+2.0 ms cpu, 4->5->2 MB, 5 MB goal, 0 MB stacks, 0 MB globals, 16 P
gc 4463 @12.273s 8%: 0.11+0.62+0.11 ms clock, 1.8+0.51/1.0/0+1.8 ms cpu, 4->5->2 MB, 5 MB goal, 0 MB stacks, 0 MB globals, 16 P
gc 4464 @12.275s 8%: 0.10+0.73+0.11 ms clock, 1.6+0.70/0.97/0.042+1.7 ms cpu, 4->4->2 MB, 5 MB goal, 0 MB stacks, 0 MB globals, 16 P
gc 4465 @12.277s 8%: 0.21+0.65+0.17 ms clock, 3.3+0.83/0.92/0.14+2.8 ms cpu, 4->4->2 MB, 4 MB goal, 0 MB stacks, 0 MB globals, 16 P
gc 4466 @12.278s 8%: 0.21+0.68+0.16 ms clock, 3.3+0.53/0.96/0+2.7 ms cpu, 3->4->2 MB, 4 MB goal, 0 MB stacks, 0 MB globals, 16 P
gc 4467 @12.280s 8%: 0.12+0.49+0.16 ms clock, 1.9+0.64/0.83/0+2.6 ms cpu, 4->5->1 MB, 5 MB goal, 0 MB stacks, 0 MB globals, 16 P
gc 4468 @12.282s 8%: 0.17+0.57+0.14 ms clock, 2.7+0.68/0.81/0+2.3 ms cpu, 3->4->2 MB, 4 MB goal, 0 MB stacks, 0 MB globals, 16 P
gc 4469 @12.284s 8%: 0.10+1.3+0.094 ms clock, 1.7+0.59/1.0/0+1.5 ms cpu, 4->5->2 MB, 5 MB goal, 0 MB stacks, 0 MB globals, 16 P
gc 4470 @12.286s 8%: 0.21+0.81+0.12 ms clock, 3.3+0.62/1.0/0+2.0 ms cpu, 5->6->2 MB, 5 MB goal, 0 MB stacks, 0 MB globals, 16 P
gc 4471 @12.288s 8%: 0.11+0.83+0.12 ms clock, 1.8+0.63/0.97/0.025+2.0 ms cpu, 4->5->2 MB, 5 MB goal, 0 MB stacks, 0 MB globals, 16 P
gc 4472 @12.290s 8%: 0.11+0.57+0.16 ms clock, 1.8+0.61/0.93/0.015+2.6 ms cpu, 4->5->2 MB, 5 MB goal, 0 MB stacks, 0 MB globals, 16 P
gc 4473 @12.292s 8%: 0.16+0.54+0.15 ms clock, 2.6+0.71/0.91/0+2.5 ms cpu, 3->4->2 MB, 4 MB goal, 0 MB stacks, 0 MB globals, 16 P
gc 4474 @12.294s 8%: 0.18+0.63+0.13 ms clock, 3.0+0.79/0.77/0+2.1 ms cpu, 3->4->2 MB, 4 MB goal, 0 MB stacks, 0 MB globals, 16 P
gc 4475 @12.295s 8%: 0.18+0.68+0.16 ms clock, 2.9+0.62/1.1/0+2.6 ms cpu, 3->4->2 MB, 4 MB goal, 0 MB stacks, 0 MB globals, 16 P
gc 4476 @12.297s 8%: 0.12+0.80+0.10 ms clock, 1.9+0.52/1.0/0.10+1.6 ms cpu, 4->5->2 MB, 5 MB goal, 0 MB stacks, 0 MB globals, 16 P
gc 4477 @12.299s 8%: 0.12+0.63+0.11 ms clock, 1.9+0.51/0.94/0.025+1.7 ms cpu, 4->5->2 MB, 5 MB goal, 0 MB stacks, 0 MB globals, 16 P
gc 4478 @12.301s 8%: 0.14+0.68+0.14 ms clock, 2.3+0.62/1.0/0+2.2 ms cpu, 4->4->2 MB, 4 MB goal, 0 MB stacks, 0 MB globals, 16 P
gc 4479 @12.303s 8%: 0.11+1.2+0.11 ms clock, 1.8+0.58/0.98/0.020+1.7 ms cpu, 4->5->2 MB, 5 MB goal, 0 MB stacks, 0 MB globals, 16 P
gc 4480 @12.305s 8%: 0.12+0.76+0.13 ms clock, 1.9+0.54/1.0/0+2.2 ms cpu, 4->5->2 MB, 5 MB goal, 0 MB stacks, 0 MB globals, 16 P
gc 4481 @12.307s 8%: 0.14+1.0+0.044 ms clock, 2.3+0.69/1.0/0+0.70 ms cpu, 4->5->2 MB, 5 MB goal, 0 MB stacks, 0 MB globals, 16 P
gc 4482 @12.310s 8%: 0.19+0.62+0.15 ms clock, 3.1+0.67/1.1/0+2.4 ms cpu, 4->5->2 MB, 5 MB goal, 0 MB stacks, 0 MB globals, 16 P
gc 4483 @12.311s 8%: 0.13+0.73+0.10 ms clock, 2.1+0.52/1.0/0+1.7 ms cpu, 4->5->2 MB, 5 MB goal, 0 MB stacks, 0 MB globals, 16 P
gc 4484 @12.313s 8%: 0.11+0.63+0.16 ms clock, 1.8+0.63/0.94/0+2.6 ms cpu, 4->5->2 MB, 4 MB goal, 0 MB stacks, 0 MB globals, 16 P
gc 4485 @12.315s 8%: 0.12+0.60+0.20 ms clock, 1.9+0.56/0.94/0.072+3.3 ms cpu, 4->4->2 MB, 4 MB goal, 0 MB stacks, 0 MB globals, 16 P
gc 4486 @12.317s 8%: 0.10+0.72+0.12 ms clock, 1.7+0.65/1.0/0+1.9 ms cpu, 3->4->2 MB, 4 MB goal, 0 MB stacks, 0 MB globals, 16 P
gc 4487 @12.319s 8%: 0.12+0.75+0.13 ms clock, 1.9+0.57/1.0/0+2.2 ms cpu, 4->5->2 MB, 5 MB goal, 0 MB stacks, 0 MB globals, 16 P
gc 4488 @12.321s 8%: 0.13+0.73+0.075 ms clock, 2.1+0.60/1.2/0+1.2 ms cpu, 4->5->2 MB, 4 MB goal, 0 MB stacks, 0 MB globals, 16 P
gc 4489 @12.323s 8%: 0.15+0.51+0.16 ms clock, 2.5+0.64/0.96/0+2.5 ms cpu, 4->5->2 MB, 5 MB goal, 0 MB stacks, 0 MB globals, 16 P
gc 4490 @12.324s 8%: 0.13+0.83+0.11 ms clock, 2.0+0.76/0.94/0+1.7 ms cpu, 3->4->2 MB, 4 MB goal, 0 MB stacks, 0 MB globals, 16 P
gc 4491 @12.326s 8%: 0.12+0.66+0.16 ms clock, 2.0+0.72/0.92/0+2.5 ms cpu, 4->5->2 MB, 5 MB goal, 0 MB stacks, 0 MB globals, 16 P
gc 4492 @12.328s 8%: 0.15+0.57+0.13 ms clock, 2.4+0.83/1.0/0+2.0 ms cpu, 4->4->2 MB, 4 MB goal, 0 MB stacks, 0 MB globals, 16 P
gc 4493 @12.330s 8%: 0.11+0.64+0.18 ms clock, 1.9+0.70/1.0/0+2.9 ms cpu, 4->5->2 MB, 4 MB goal, 0 MB stacks, 0 MB globals, 16 P
gc 4494 @12.332s 8%: 0.11+0.47+0.16 ms clock, 1.9+0.65/0.93/0+2.6 ms cpu, 4->4->2 MB, 4 MB goal, 0 MB stacks, 0 MB globals, 16 P
gc 4495 @12.333s 8%: 0.16+0.65+0.19 ms clock, 2.6+0.69/0.94/0+3.1 ms cpu, 3->4->2 MB, 4 MB goal, 0 MB stacks, 0 MB globals, 16 P
gc 4496 @12.335s 8%: 0.14+0.87+0.076 ms clock, 2.3+0.60/0.96/0+1.2 ms cpu, 4->5->2 MB, 4 MB goal, 0 MB stacks, 0 MB globals, 16 P
gc 4497 @12.337s 8%: 0.13+0.58+0.14 ms clock, 2.1+0.67/0.95/0.004+2.2 ms cpu, 4->5->2 MB, 5 MB goal, 0 MB stacks, 0 MB globals, 16 P
gc 4498 @12.339s 8%: 0.10+0.52+0.12 ms clock, 1.6+0.67/0.94/0.019+2.0 ms cpu, 4->4->2 MB, 4 MB goal, 0 MB stacks, 0 MB globals, 16 P
gc 4499 @12.340s 8%: 0.13+0.61+0.11 ms clock, 2.0+0.70/1.0/0.007+1.7 ms cpu, 3->4->2 MB, 4 MB goal, 0 MB stacks, 0 MB globals, 16 P
gc 4500 @12.342s 8%: 0.086+0.51+0.12 ms clock, 1.3+0.62/1.0/0.026+2.0 ms cpu, 4->4->2 MB, 4 MB goal, 0 MB stacks, 0 MB globals, 16 P
gc 4501 @12.344s 8%: 0.11+0.64+0.13 ms clock, 1.7+0.54/0.87/0+2.1 ms cpu, 3->4->2 MB, 4 MB goal, 0 MB stacks, 0 MB globals, 16 P
gc 4502 @12.345s 8%: 0.16+0.73+0.086 ms clock, 2.6+0.75/1.0/0+1.3 ms cpu, 3->4->2 MB, 4 MB goal, 0 MB stacks, 0 MB globals, 16 P
gc 4503 @12.347s 8%: 0.12+1.0+0.052 ms clock, 2.0+0.59/0.92/0+0.83 ms cpu, 4->5->2 MB, 5 MB goal, 0 MB stacks, 0 MB globals, 16 P
gc 4504 @12.350s 8%: 0.12+0.55+0.15 ms clock, 2.0+0.48/0.94/0+2.5 ms cpu, 4->5->2 MB, 5 MB goal, 0 MB stacks, 0 MB globals, 16 P
gc 4505 @12.351s 8%: 0.14+0.77+0.12 ms clock, 2.3+0.66/0.91/0+2.0 ms cpu, 3->5->2 MB, 4 MB goal, 0 MB stacks, 0 MB globals, 16 P
gc 4506 @12.353s 8%: 0.10+0.73+0.12 ms clock, 1.7+0.58/0.99/0.031+2.0 ms cpu, 4->5->2 MB, 5 MB goal, 0 MB stacks, 0 MB globals, 16 P
gc 4507 @12.355s 8%: 0.12+0.67+0.15 ms clock, 2.0+0.51/0.93/0.047+2.4 ms cpu, 4->4->2 MB, 4 MB goal, 0 MB stacks, 0 MB globals, 16 P
gc 4508 @12.357s 8%: 0.14+0.68+0.20 ms clock, 2.2+0.76/1.0/0+3.3 ms cpu, 3->4->2 MB, 4 MB goal, 0 MB stacks, 0 MB globals, 16 P
gc 4509 @12.359s 8%: 0.11+0.61+0.14 ms clock, 1.7+0.47/1.0/0+2.3 ms cpu, 4->5->2 MB, 5 MB goal, 0 MB stacks, 0 MB globals, 16 P
gc 4510 @12.361s 8%: 0.16+0.91+0.067 ms clock, 2.7+0.65/1.0/0+1.0 ms cpu, 3->5->2 MB, 4 MB goal, 0 MB stacks, 0 MB globals, 16 P
gc 4511 @12.363s 8%: 0.13+0.65+0.14 ms clock, 2.1+0.78/0.96/0+2.3 ms cpu, 4->5->2 MB, 5 MB goal, 0 MB stacks, 0 MB globals, 16 P
gc 4512 @12.365s 8%: 0.12+0.58+0.14 ms clock, 2.0+0.72/0.86/0+2.2 ms cpu, 4->4->2 MB, 4 MB goal, 0 MB stacks, 0 MB globals, 16 P
gc 4513 @12.366s 8%: 0.10+0.82+0.12 ms clock, 1.6+0.62/1.0/0.004+2.0 ms cpu, 4->5->2 MB, 4 MB goal, 0 MB stacks, 0 MB globals, 16 P
gc 4514 @12.369s 8%: 0.11+0.64+0.14 ms clock, 1.7+0.60/1.0/0+2.3 ms cpu, 4->5->2 MB, 5 MB goal, 0 MB stacks, 0 MB globals, 16 P
gc 4515 @12.370s 8%: 0.12+0.81+0.083 ms clock, 1.9+0.47/0.96/0+1.3 ms cpu, 4->5->2 MB, 5 MB goal, 0 MB stacks, 0 MB globals, 16 P
gc 4516 @12.372s 8%: 0.12+0.67+0.13 ms clock, 2.0+0.65/0.91/0+2.1 ms cpu, 4->5->2 MB, 5 MB goal, 0 MB stacks, 0 MB globals, 16 P
gc 4517 @12.374s 8%: 0.14+0.65+0.21 ms clock, 2.2+0.64/0.97/0+3.4 ms cpu, 4->4->2 MB, 4 MB goal, 0 MB stacks, 0 MB globals, 16 P
gc 4518 @12.376s 8%: 0.13+1.2+0.057 ms clock, 2.0+0.64/0.97/0+0.91 ms cpu, 4->5->2 MB, 5 MB goal, 0 MB stacks, 0 MB globals, 16 P
gc 4519 @12.378s 8%: 0.11+0.64+0.11 ms clock, 1.8+0.60/1.0/0+1.8 ms cpu, 4->5->2 MB, 5 MB goal, 0 MB stacks, 0 MB globals, 16 P
gc 4520 @12.380s 8%: 0.12+0.84+0.098 ms clock, 2.0+0.68/1.0/0+1.5 ms cpu, 4->5->2 MB, 5 MB goal, 0 MB stacks, 0 MB globals, 16 P
gc 4521 @12.382s 8%: 0.13+0.52+0.18 ms clock, 2.1+0.55/0.90/0+2.8 ms cpu, 4->5->2 MB, 5 MB goal, 0 MB stacks, 0 MB globals, 16 P
gc 4522 @12.384s 8%: 0.14+0.69+0.13 ms clock, 2.2+0.98/1.0/0+2.1 ms cpu, 3->4->2 MB, 4 MB goal, 0 MB stacks, 0 MB globals, 16 P
gc 4523 @12.386s 8%: 0.20+0.63+0.14 ms clock, 3.2+0.65/1.0/0+2.3 ms cpu, 3->4->2 MB, 4 MB goal, 0 MB stacks, 0 MB globals, 16 P
gc 4524 @12.388s 8%: 0.21+0.69+0.15 ms clock, 3.3+0.67/0.93/0+2.4 ms cpu, 4->4->2 MB, 5 MB goal, 0 MB stacks, 0 MB globals, 16 P
gc 4525 @12.389s 8%: 0.11+0.75+0.083 ms clock, 1.8+0.68/0.91/0+1.3 ms cpu, 3->4->2 MB, 4 MB goal, 0 MB stacks, 0 MB globals, 16 P
gc 4526 @12.391s 8%: 0.11+0.81+0.099 ms clock, 1.7+0.59/1.1/0+1.5 ms cpu, 4->5->2 MB, 5 MB goal, 0 MB stacks, 0 MB globals, 16 P
gc 4527 @12.393s 8%: 0.096+0.70+0.087 ms clock, 1.5+0.60/0.97/0+1.4 ms cpu, 4->5->2 MB, 5 MB goal, 0 MB stacks, 0 MB globals, 16 P
gc 4528 @12.395s 8%: 0.19+0.63+0.14 ms clock, 3.1+0.76/0.87/0+2.2 ms cpu, 3->4->2 MB, 4 MB goal, 0 MB stacks, 0 MB globals, 16 P
gc 4529 @12.397s 8%: 0.21+0.69+0.17 ms clock, 3.3+0.62/1.0/0+2.8 ms cpu, 3->4->2 MB, 4 MB goal, 0 MB stacks, 0 MB globals, 16 P
gc 4530 @12.399s 8%: 0.12+0.70+0.19 ms clock, 1.9+0.58/1.1/0.041+3.1 ms cpu, 4->5->2 MB, 5 MB goal, 0 MB stacks, 0 MB globals, 16 P
gc 4531 @12.401s 8%: 0.12+0.95+0.099 ms clock, 1.9+0.63/0.95/0.036+1.5 ms cpu, 4->5->2 MB, 4 MB goal, 0 MB stacks, 0 MB globals, 16 P
gc 4532 @12.403s 8%: 0.12+0.73+0.056 ms clock, 1.9+0.68/0.94/0+0.90 ms cpu, 4->5->2 MB, 5 MB goal, 0 MB stacks, 0 MB globals, 16 P
gc 4533 @12.404s 8%: 0.13+0.54+0.21 ms clock, 2.2+0.50/0.89/0+3.3 ms cpu, 4->4->2 MB, 5 MB goal, 0 MB stacks, 0 MB globals, 16 P
gc 4534 @12.406s 8%: 0.23+0.68+0.19 ms clock, 3.6+0.71/1.0/0+3.0 ms cpu, 3->4->2 MB, 4 MB goal, 0 MB stacks, 0 MB globals, 16 P
gc 4535 @12.408s 8%: 0.12+0.84+0.18 ms clock, 2.0+0.69/1.0/0.023+3.0 ms cpu, 4->5->2 MB, 5 MB goal, 0 MB stacks, 0 MB globals, 16 P
gc 4536 @12.410s 8%: 0.15+0.65+0.13 ms clock, 2.4+0.65/0.92/0.009+2.1 ms cpu, 4->5->2 MB, 5 MB goal, 0 MB stacks, 0 MB globals, 16 P
gc 4537 @12.412s 8%: 0.18+0.86+0.12 ms clock, 2.9+0.70/0.92/0+2.0 ms cpu, 4->5->2 MB, 4 MB goal, 0 MB stacks, 0 MB globals, 16 P
gc 4538 @12.414s 8%: 0.14+0.72+0.18 ms clock, 2.3+0.65/1.0/0+2.9 ms cpu, 4->5->2 MB, 5 MB goal, 0 MB stacks, 0 MB globals, 16 P
gc 4539 @12.416s 8%: 0.12+0.62+0.12 ms clock, 1.9+0.57/1.0/0.008+1.9 ms cpu, 4->5->2 MB, 5 MB goal, 0 MB stacks, 0 MB globals, 16 P
gc 4540 @12.418s 8%: 0.16+0.50+0.15 ms clock, 2.5+0.70/1.0/0+2.4 ms cpu, 3->4->2 MB, 4 MB goal, 0 MB stacks, 0 MB globals, 16 P
gc 4541 @12.420s 8%: 0.12+0.65+0.095 ms clock, 2.0+0.56/1.1/0+1.5 ms cpu, 3->4->2 MB, 4 MB goal, 0 MB stacks, 0 MB globals, 16 P
gc 4542 @12.422s 8%: 0.14+0.55+0.21 ms clock, 2.3+0.69/0.91/0+3.3 ms cpu, 4->4->2 MB, 4 MB goal, 0 MB stacks, 0 MB globals, 16 P
gc 4543 @12.423s 8%: 0.17+0.78+0.15 ms clock, 2.7+0.69/1.1/0+2.5 ms cpu, 3->4->2 MB, 4 MB goal, 0 MB stacks, 0 MB globals, 16 P
gc 4544 @12.425s 8%: 0.12+0.66+0.11 ms clock, 1.9+0.60/1.0/0+1.8 ms cpu, 4->5->2 MB, 5 MB goal, 0 MB stacks, 0 MB globals, 16 P
gc 4545 @12.427s 8%: 0.10+0.86+0.094 ms clock, 1.6+0.71/1.3/0.034+1.5 ms cpu, 4->5->2 MB, 4 MB goal, 0 MB stacks, 0 MB globals, 16 P
gc 4546 @12.429s 8%: 0.12+0.78+0.067 ms clock, 1.9+0.60/0.98/0+1.0 ms cpu, 4->5->2 MB, 5 MB goal, 0 MB stacks, 0 MB globals, 16 P
gc 4547 @12.431s 8%: 0.14+0.70+0.096 ms clock, 2.2+0.59/0.99/0+1.5 ms cpu, 4->5->2 MB, 5 MB goal, 0 MB stacks, 0 MB globals, 16 P
gc 4548 @12.433s 8%: 0.12+0.87+0.13 ms clock, 2.0+0.57/0.99/0+2.2 ms cpu, 4->5->2 MB, 5 MB goal, 0 MB stacks, 0 MB globals, 16 P
gc 4549 @12.435s 8%: 0.13+0.64+0.079 ms clock, 2.1+0.67/0.93/0+1.2 ms cpu, 4->5->2 MB, 5 MB goal, 0 MB stacks, 0 MB globals, 16 P
gc 4550 @12.437s 8%: 0.13+0.65+0.12 ms clock, 2.1+0.66/0.92/0+2.0 ms cpu, 4->4->2 MB, 4 MB goal, 0 MB stacks, 0 MB globals, 16 P
gc 4551 @12.439s 8%: 0.088+0.69+0.077 ms clock, 1.4+0.49/1.1/0+1.2 ms cpu, 4->4->2 MB, 4 MB goal, 0 MB stacks, 0 MB globals, 16 P
gc 4552 @12.441s 8%: 0.12+0.68+0.17 ms clock, 2.0+0.58/0.90/0+2.7 ms cpu, 4->5->2 MB, 4 MB goal, 0 MB stacks, 0 MB globals, 16 P
gc 4553 @12.443s 8%: 0.15+0.78+0.11 ms clock, 2.5+0.63/0.90/0+1.8 ms cpu, 4->5->2 MB, 5 MB goal, 0 MB stacks, 0 MB globals, 16 P
gc 4554 @12.445s 8%: 0.18+0.72+0.16 ms clock, 2.9+0.59/1.0/0+2.7 ms cpu, 4->5->2 MB, 5 MB goal, 0 MB stacks, 0 MB globals, 16 P
gc 4555 @12.446s 8%: 0.079+0.47+0.11 ms clock, 1.2+0.58/0.85/0+1.8 ms cpu, 4->4->2 MB, 4 MB goal, 0 MB stacks, 0 MB globals, 16 P
gc 4556 @12.448s 8%: 0.19+0.73+0.13 ms clock, 3.1+0.68/0.94/0+2.1 ms cpu, 3->4->2 MB, 4 MB goal, 0 MB stacks, 0 MB globals, 16 P
gc 4557 @12.450s 8%: 0.13+0.68+0.096 ms clock, 2.2+0.71/0.84/0+1.5 ms cpu, 4->5->2 MB, 5 MB goal, 0 MB stacks, 0 MB globals, 16 P
gc 4558 @12.452s 8%: 0.11+0.61+0.15 ms clock, 1.9+0.43/1.0/0.014+2.4 ms cpu, 4->4->2 MB, 4 MB goal, 0 MB stacks, 0 MB globals, 16 P
gc 4559 @12.454s 8%: 0.10+0.61+0.11 ms clock, 1.6+0.52/0.79/0.041+1.8 ms cpu, 4->4->2 MB, 4 MB goal, 0 MB stacks, 0 MB globals, 16 P
gc 4560 @12.455s 8%: 0.13+0.58+0.13 ms clock, 2.1+0.73/0.87/0.046+2.0 ms cpu, 3->4->2 MB, 4 MB goal, 0 MB stacks, 0 MB globals, 16 P
gc 4561 @12.457s 8%: 0.12+0.87+0.083 ms clock, 1.9+0.57/1.1/0+1.3 ms cpu, 3->4->2 MB, 4 MB goal, 0 MB stacks, 0 MB globals, 16 P
gc 4562 @12.459s 8%: 0.094+0.58+0.10 ms clock, 1.5+0.62/1.0/0+1.7 ms cpu, 4->5->2 MB, 5 MB goal, 0 MB stacks, 0 MB globals, 16 P
gc 4563 @12.461s 8%: 0.12+0.70+0.16 ms clock, 1.9+0.70/0.97/0+2.6 ms cpu, 3->4->2 MB, 4 MB goal, 0 MB stacks, 0 MB globals, 16 P
gc 4564 @12.462s 8%: 0.15+0.63+0.13 ms clock, 2.4+0.67/1.1/0+2.2 ms cpu, 4->4->2 MB, 4 MB goal, 0 MB stacks, 0 MB globals, 16 P
gc 4565 @12.464s 8%: 0.21+0.60+0.13 ms clock, 3.5+0.48/1.0/0+2.1 ms cpu, 4->5->2 MB, 5 MB goal, 0 MB stacks, 0 MB globals, 16 P
gc 4566 @12.466s 8%: 0.10+0.65+0.20 ms clock, 1.6+0.72/1.0/0.024+3.2 ms cpu, 4->4->2 MB, 4 MB goal, 0 MB stacks, 0 MB globals, 16 P
gc 4567 @12.468s 8%: 0.22+0.65+0.15 ms clock, 3.6+0.68/0.85/0+2.4 ms cpu, 3->4->2 MB, 4 MB goal, 0 MB stacks, 0 MB globals, 16 P
gc 4568 @12.469s 8%: 0.12+0.63+0.11 ms clock, 1.9+0.61/1.1/0+1.8 ms cpu, 4->5->2 MB, 5 MB goal, 0 MB stacks, 0 MB globals, 16 P
gc 4569 @12.471s 8%: 0.14+0.67+0.24 ms clock, 2.3+0.68/0.91/0+3.9 ms cpu, 4->5->2 MB, 4 MB goal, 0 MB stacks, 0 MB globals, 16 P
gc 4570 @12.473s 8%: 0.10+0.67+0.17 ms clock, 1.6+0.57/1.0/0+2.8 ms cpu, 4->5->2 MB, 5 MB goal, 0 MB stacks, 0 MB globals, 16 P
gc 4571 @12.475s 8%: 0.10+0.63+0.14 ms clock, 1.7+0.63/0.95/0+2.3 ms cpu, 4->4->2 MB, 4 MB goal, 0 MB stacks, 0 MB globals, 16 P
gc 4572 @12.477s 8%: 0.17+0.65+0.14 ms clock, 2.7+0.78/0.96/0+2.2 ms cpu, 4->4->2 MB, 4 MB goal, 0 MB stacks, 0 MB globals, 16 P
gc 4573 @12.478s 8%: 0.12+0.66+0.10 ms clock, 2.0+0.48/1.0/0+1.6 ms cpu, 3->4->2 MB, 4 MB goal, 0 MB stacks, 0 MB globals, 16 P
gc 4574 @12.480s 8%: 0.14+0.76+0.18 ms clock, 2.2+0.64/0.96/0+2.8 ms cpu, 3->4->2 MB, 4 MB goal, 0 MB stacks, 0 MB globals, 16 P
gc 4575 @12.482s 8%: 0.12+0.80+0.11 ms clock, 1.9+0.84/1.0/0.002+1.9 ms cpu, 4->5->2 MB, 5 MB goal, 0 MB stacks, 0 MB globals, 16 P
gc 4576 @12.484s 8%: 0.14+0.99+0.088 ms clock, 2.3+0.74/0.95/0.041+1.4 ms cpu, 4->5->2 MB, 5 MB goal, 0 MB stacks, 0 MB globals, 16 P
gc 4577 @12.486s 8%: 0.12+0.51+0.15 ms clock, 1.9+0.78/1.0/0.002+2.5 ms cpu, 4->5->2 MB, 5 MB goal, 0 MB stacks, 0 MB globals, 16 P
gc 4578 @12.488s 8%: 0.13+0.65+0.21 ms clock, 2.1+0.67/1.1/0+3.4 ms cpu, 3->4->2 MB, 4 MB goal, 0 MB stacks, 0 MB globals, 16 P
gc 4579 @12.490s 8%: 0.11+0.79+0.10 ms clock, 1.8+0.64/1.2/0+1.6 ms cpu, 4->5->2 MB, 5 MB goal, 0 MB stacks, 0 MB globals, 16 P
gc 4580 @12.492s 8%: 0.13+0.63+0.17 ms clock, 2.1+0.56/1.0/0+2.8 ms cpu, 4->5->2 MB, 5 MB goal, 0 MB stacks, 0 MB globals, 16 P
gc 4581 @12.494s 8%: 0.21+0.75+0.17 ms clock, 3.4+0.69/1.0/0+2.8 ms cpu, 4->5->2 MB, 4 MB goal, 0 MB stacks, 0 MB globals, 16 P
gc 4582 @12.496s 8%: 0.087+0.59+0.11 ms clock, 1.4+0.55/0.94/0+1.7 ms cpu, 4->5->2 MB, 5 MB goal, 0 MB stacks, 0 MB globals, 16 P
gc 4583 @12.497s 8%: 0.16+0.73+0.12 ms clock, 2.6+0.81/0.94/0+1.9 ms cpu, 3->4->2 MB, 4 MB goal, 0 MB stacks, 0 MB globals, 16 P
gc 4584 @12.499s 8%: 0.10+0.64+0.085 ms clock, 1.6+0.58/0.95/0.018+1.3 ms cpu, 4->5->2 MB, 5 MB goal, 0 MB stacks, 0 MB globals, 16 P
gc 4585 @12.501s 8%: 0.11+0.62+0.098 ms clock, 1.7+0.63/0.93/0.004+1.5 ms cpu, 4->4->2 MB, 4 MB goal, 0 MB stacks, 0 MB globals, 16 P
gc 4586 @12.503s 8%: 0.17+0.73+0.16 ms clock, 2.7+0.57/0.98/0+2.6 ms cpu, 4->5->2 MB, 4 MB goal, 0 MB stacks, 0 MB globals, 16 P
gc 4587 @12.505s 8%: 0.15+0.63+0.15 ms clock, 2.4+0.68/0.87/0.013+2.4 ms cpu, 4->4->2 MB, 4 MB goal, 0 MB stacks, 0 MB globals, 16 P
gc 4588 @12.507s 8%: 0.11+0.61+0.14 ms clock, 1.7+0.66/0.93/0+2.2 ms cpu, 4->4->2 MB, 4 MB goal, 0 MB stacks, 0 MB globals, 16 P
gc 4589 @12.508s 8%: 0.11+0.62+0.11 ms clock, 1.8+0.65/0.99/0+1.9 ms cpu, 4->5->2 MB, 4 MB goal, 0 MB stacks, 0 MB globals, 16 P
gc 4590 @12.510s 8%: 0.16+0.62+0.12 ms clock, 2.6+0.68/0.92/0+1.9 ms cpu, 3->4->2 MB, 4 MB goal, 0 MB stacks, 0 MB globals, 16 P
gc 4591 @12.512s 8%: 0.18+0.56+0.16 ms clock, 2.8+0.63/1.0/0.026+2.5 ms cpu, 3->4->2 MB, 4 MB goal, 0 MB stacks, 0 MB globals, 16 P
gc 4592 @12.513s 8%: 0.13+0.57+0.16 ms clock, 2.2+0.80/0.79/0.001+2.6 ms cpu, 3->4->2 MB, 4 MB goal, 0 MB stacks, 0 MB globals, 16 P
gc 4593 @12.515s 8%: 0.11+0.81+0.15 ms clock, 1.8+0.68/0.91/0+2.4 ms cpu, 3->5->2 MB, 4 MB goal, 0 MB stacks, 0 MB globals, 16 P
gc 4594 @12.517s 8%: 0.10+0.63+0.12 ms clock, 1.7+0.63/0.94/0.039+2.0 ms cpu, 4->5->2 MB, 5 MB goal, 0 MB stacks, 0 MB globals, 16 P
gc 4595 @12.519s 8%: 0.12+0.70+0.14 ms clock, 1.9+0.66/0.90/0+2.3 ms cpu, 3->4->2 MB, 4 MB goal, 0 MB stacks, 0 MB globals, 16 P
gc 4596 @12.520s 8%: 0.16+0.76+0.098 ms clock, 2.6+0.56/0.91/0+1.5 ms cpu, 4->5->2 MB, 5 MB goal, 0 MB stacks, 0 MB globals, 16 P
gc 4597 @12.522s 8%: 0.11+0.75+0.11 ms clock, 1.7+0.62/0.93/0+1.8 ms cpu, 4->5->2 MB, 5 MB goal, 0 MB stacks, 0 MB globals, 16 P
gc 4598 @12.524s 8%: 0.097+0.74+0.10 ms clock, 1.5+0.43/0.95/0.016+1.6 ms cpu, 4->4->2 MB, 4 MB goal, 0 MB stacks, 0 MB globals, 16 P
gc 4599 @12.526s 8%: 0.13+0.64+0.14 ms clock, 2.1+0.73/0.83/0+2.3 ms cpu, 4->4->2 MB, 4 MB goal, 0 MB stacks, 0 MB globals, 16 P
gc 4600 @12.528s 8%: 0.12+0.94+0.15 ms clock, 1.9+0.53/1.0/0.006+2.4 ms cpu, 4->5->2 MB, 4 MB goal, 0 MB stacks, 0 MB globals, 16 P
gc 4601 @12.530s 8%: 0.15+0.51+0.18 ms clock, 2.5+0.53/0.90/0+2.8 ms cpu, 4->5->2 MB, 5 MB goal, 0 MB stacks, 0 MB globals, 16 P
gc 4602 @12.532s 8%: 0.22+0.94+0.009 ms clock, 3.5+0.67/0.84/0+0.15 ms cpu, 3->4->2 MB, 4 MB goal, 0 MB stacks, 0 MB globals, 16 P
gc 4603 @12.534s 8%: 0.12+0.65+0.12 ms clock, 2.0+0.70/0.96/0+2.0 ms cpu, 4->5->2 MB, 5 MB goal, 0 MB stacks, 0 MB globals, 16 P
gc 4604 @12.536s 8%: 0.098+0.56+0.13 ms clock, 1.5+0.68/0.81/0+2.1 ms cpu, 4->4->2 MB, 5 MB goal, 0 MB stacks, 0 MB globals, 16 P
gc 4605 @12.537s 8%: 0.22+0.79+0.074 ms clock, 3.6+0.75/0.87/0+1.1 ms cpu, 3->4->2 MB, 4 MB goal, 0 MB stacks, 0 MB globals, 16 P
gc 4606 @12.539s 8%: 0.11+0.69+0.14 ms clock, 1.8+0.70/0.96/0+2.3 ms cpu, 4->5->2 MB, 5 MB goal, 0 MB stacks, 0 MB globals, 16 P
gc 4607 @12.541s 8%: 0.13+0.68+0.11 ms clock, 2.1+0.59/1.0/0+1.7 ms cpu, 4->5->2 MB, 4 MB goal, 0 MB stacks, 0 MB globals, 16 P
gc 4608 @12.543s 8%: 0.12+0.68+0.14 ms clock, 1.9+0.48/1.1/0+2.2 ms cpu, 4->5->2 MB, 5 MB goal, 0 MB stacks, 0 MB globals, 16 P
gc 4609 @12.545s 8%: 0.18+0.74+0.13 ms clock, 2.9+0.60/0.95/0.017+2.2 ms cpu, 4->5->2 MB, 4 MB goal, 0 MB stacks, 0 MB globals, 16 P
gc 4610 @12.547s 8%: 0.11+0.55+0.12 ms clock, 1.9+0.65/0.94/0.006+2.0 ms cpu, 4->5->2 MB, 5 MB goal, 0 MB stacks, 0 MB globals, 16 P
gc 4611 @12.549s 8%: 0.12+0.55+0.13 ms clock, 2.0+0.72/0.84/0+2.2 ms cpu, 3->4->2 MB, 4 MB goal, 0 MB stacks, 0 MB globals, 16 P
gc 4612 @12.550s 8%: 0.13+0.49+0.12 ms clock, 2.0+0.58/0.89/0+2.0 ms cpu, 3->4->2 MB, 4 MB goal, 0 MB stacks, 0 MB globals, 16 P
gc 4613 @12.552s 8%: 0.19+0.77+0.058 ms clock, 3.1+0.80/0.88/0+0.94 ms cpu, 3->4->2 MB, 4 MB goal, 0 MB stacks, 0 MB globals, 16 P
gc 4614 @12.554s 8%: 0.14+0.54+0.17 ms clock, 2.3+0.60/0.93/0.046+2.7 ms cpu, 4->4->2 MB, 4 MB goal, 0 MB stacks, 0 MB globals, 16 P
gc 4615 @12.555s 8%: 0.15+0.58+0.16 ms clock, 2.4+0.64/0.91/0+2.6 ms cpu, 3->4->2 MB, 4 MB goal, 0 MB stacks, 0 MB globals, 16 P
gc 4616 @12.557s 8%: 0.11+0.61+0.096 ms clock, 1.8+0.52/1.0/0.018+1.5 ms cpu, 4->4->2 MB, 4 MB goal, 0 MB stacks, 0 MB globals, 16 P
gc 4617 @12.559s 8%: 0.11+0.56+0.15 ms clock, 1.8+0.50/1.0/0+2.4 ms cpu, 3->4->2 MB, 4 MB goal, 0 MB stacks, 0 MB globals, 16 P
gc 4618 @12.560s 8%: 0.11+0.79+0.11 ms clock, 1.7+0.73/0.81/0.006+1.8 ms cpu, 3->4->2 MB, 4 MB goal, 0 MB stacks, 0 MB globals, 16 P
gc 4619 @12.562s 8%: 0.15+0.58+0.14 ms clock, 2.4+0.52/0.99/0.008+2.2 ms cpu, 4->4->2 MB, 4 MB goal, 0 MB stacks, 0 MB globals, 16 P
gc 4620 @12.564s 8%: 0.10+0.75+0.092 ms clock, 1.7+0.65/0.89/0+1.4 ms cpu, 4->5->2 MB, 4 MB goal, 0 MB stacks, 0 MB globals, 16 P
gc 4621 @12.566s 8%: 0.15+0.60+0.12 ms clock, 2.4+0.80/0.81/0+2.0 ms cpu, 4->5->2 MB, 5 MB goal, 0 MB stacks, 0 MB globals, 16 P
gc 4622 @12.568s 8%: 0.12+0.63+0.12 ms clock, 1.9+0.57/0.92/0.049+1.9 ms cpu, 4->4->2 MB, 5 MB goal, 0 MB stacks, 0 MB globals, 16 P
gc 4623 @12.570s 8%: 0.12+0.59+0.14 ms clock, 2.0+0.33/1.0/0+2.2 ms cpu, 4->4->2 MB, 4 MB goal, 0 MB stacks, 0 MB globals, 16 P
gc 4624 @12.571s 8%: 0.13+0.49+0.13 ms clock, 2.1+0.61/1.0/0.003+2.1 ms cpu, 3->4->2 MB, 4 MB goal, 0 MB stacks, 0 MB globals, 16 P
gc 4625 @12.573s 8%: 0.13+0.55+0.11 ms clock, 2.1+0.62/0.96/0+1.8 ms cpu, 3->4->2 MB, 4 MB goal, 0 MB stacks, 0 MB globals, 16 P
gc 4626 @12.574s 8%: 0.11+0.68+0.13 ms clock, 1.9+0.61/0.94/0+2.2 ms cpu, 4->4->2 MB, 4 MB goal, 0 MB stacks, 0 MB globals, 16 P
gc 4627 @12.576s 8%: 0.12+0.94+0.092 ms clock, 2.0+0.61/1.0/0+1.4 ms cpu, 4->5->2 MB, 4 MB goal, 0 MB stacks, 0 MB globals, 16 P
gc 4628 @12.578s 8%: 0.093+0.60+0.12 ms clock, 1.4+0.53/0.87/0.061+2.0 ms cpu, 4->5->2 MB, 5 MB goal, 0 MB stacks, 0 MB globals, 16 P
gc 4629 @12.580s 9%: 0.14+0.63+0.13 ms clock, 2.2+0.62/0.92/0+2.1 ms cpu, 4->4->2 MB, 4 MB goal, 0 MB stacks, 0 MB globals, 16 P
gc 4630 @12.582s 9%: 0.096+0.84+0.092 ms clock, 1.5+0.60/1.0/0.051+1.4 ms cpu, 4->5->2 MB, 4 MB goal, 0 MB stacks, 0 MB globals, 16 P
gc 4631 @12.584s 9%: 0.18+0.63+0.14 ms clock, 2.8+0.62/0.99/0+2.3 ms cpu, 4->5->2 MB, 5 MB goal, 0 MB stacks, 0 MB globals, 16 P
gc 4632 @12.586s 9%: 0.15+0.55+0.11 ms clock, 2.4+0.74/0.79/0+1.8 ms cpu, 4->4->2 MB, 4 MB goal, 0 MB stacks, 0 MB globals, 16 P
gc 4633 @12.588s 9%: 0.10+0.61+0.13 ms clock, 1.6+0.57/1.0/0.002+2.2 ms cpu, 4->4->2 MB, 4 MB goal, 0 MB stacks, 0 MB globals, 16 P
gc 4634 @12.589s 9%: 0.11+0.52+0.11 ms clock, 1.7+0.53/0.92/0+1.7 ms cpu, 4->4->2 MB, 4 MB goal, 0 MB stacks, 0 MB globals, 16 P
gc 4635 @12.591s 9%: 0.15+0.58+0.11 ms clock, 2.4+0.75/0.84/0+1.8 ms cpu, 4->4->2 MB, 4 MB goal, 0 MB stacks, 0 MB globals, 16 P
gc 4636 @12.593s 9%: 0.14+0.54+0.099 ms clock, 2.2+0.59/0.79/0+1.5 ms cpu, 4->4->2 MB, 4 MB goal, 0 MB stacks, 0 MB globals, 16 P
gc 4637 @12.594s 9%: 0.11+0.60+0.13 ms clock, 1.8+0.49/1.0/0+2.0 ms cpu, 3->4->2 MB, 4 MB goal, 0 MB stacks, 0 MB globals, 16 P
gc 4638 @12.596s 9%: 0.12+0.67+0.16 ms clock, 1.9+0.67/0.98/0+2.6 ms cpu, 4->4->2 MB, 4 MB goal, 0 MB stacks, 0 MB globals, 16 P
gc 4639 @12.598s 9%: 0.11+0.72+0.12 ms clock, 1.8+0.55/1.0/0+2.0 ms cpu, 4->5->2 MB, 5 MB goal, 0 MB stacks, 0 MB globals, 16 P
gc 4640 @12.600s 9%: 0.13+0.79+0.16 ms clock, 2.1+0.58/1.1/0.001+2.6 ms cpu, 4->5->2 MB, 5 MB goal, 0 MB stacks, 0 MB globals, 16 P
gc 4641 @12.602s 9%: 0.11+0.62+0.12 ms clock, 1.7+0.65/0.90/0+2.0 ms cpu, 4->5->2 MB, 5 MB goal, 0 MB stacks, 0 MB globals, 16 P
gc 4642 @12.604s 9%: 0.10+0.56+0.096 ms clock, 1.7+0.64/0.90/0.030+1.5 ms cpu, 4->4->2 MB, 4 MB goal, 0 MB stacks, 0 MB globals, 16 P
gc 4643 @12.605s 9%: 0.11+0.65+0.18 ms clock, 1.7+0.75/0.95/0.050+2.9 ms cpu, 3->4->2 MB, 4 MB goal, 0 MB stacks, 0 MB globals, 16 P
gc 4644 @12.607s 9%: 0.15+0.54+0.18 ms clock, 2.4+0.72/0.96/0+2.9 ms cpu, 4->4->2 MB, 4 MB goal, 0 MB stacks, 0 MB globals, 16 P
gc 4645 @12.609s 9%: 0.19+0.60+0.22 ms clock, 3.0+0.81/1.0/0+3.6 ms cpu, 4->4->2 MB, 4 MB goal, 0 MB stacks, 0 MB globals, 16 P
gc 4646 @12.611s 9%: 0.14+0.72+0.13 ms clock, 2.3+0.59/1.0/0+2.2 ms cpu, 4->5->2 MB, 4 MB goal, 0 MB stacks, 0 MB globals, 16 P
gc 4647 @12.612s 9%: 0.10+0.69+0.11 ms clock, 1.7+0.51/1.1/0+1.8 ms cpu, 4->5->2 MB, 5 MB goal, 0 MB stacks, 0 MB globals, 16 P
gc 4648 @12.614s 9%: 0.10+0.58+0.14 ms clock, 1.7+0.62/1.0/0+2.2 ms cpu, 4->4->2 MB, 4 MB goal, 0 MB stacks, 0 MB globals, 16 P
gc 4649 @12.616s 9%: 0.10+0.63+0.10 ms clock, 1.7+0.69/0.94/0+1.6 ms cpu, 3->4->2 MB, 4 MB goal, 0 MB stacks, 0 MB globals, 16 P
gc 4650 @12.618s 9%: 0.12+0.66+0.097 ms clock, 1.9+0.71/1.1/0+1.5 ms cpu, 4->4->2 MB, 4 MB goal, 0 MB stacks, 0 MB globals, 16 P
gc 4651 @12.619s 9%: 0.098+0.61+0.11 ms clock, 1.5+0.52/0.93/0+1.8 ms cpu, 4->4->2 MB, 4 MB goal, 0 MB stacks, 0 MB globals, 16 P
gc 4652 @12.621s 9%: 0.12+0.76+0.092 ms clock, 1.9+0.64/0.98/0+1.4 ms cpu, 3->4->2 MB, 4 MB goal, 0 MB stacks, 0 MB globals, 16 P
gc 4653 @12.623s 9%: 0.12+0.68+0.17 ms clock, 1.9+0.48/1.1/0+2.8 ms cpu, 4->5->2 MB, 5 MB goal, 0 MB stacks, 0 MB globals, 16 P
gc 4654 @12.625s 9%: 0.11+0.55+0.12 ms clock, 1.8+0.55/0.90/0+2.0 ms cpu, 4->4->2 MB, 4 MB goal, 0 MB stacks, 0 MB globals, 16 P
gc 4655 @12.626s 9%: 0.11+0.55+0.11 ms clock, 1.9+0.66/0.91/0+1.7 ms cpu, 4->4->2 MB, 4 MB goal, 0 MB stacks, 0 MB globals, 16 P
gc 4656 @12.628s 9%: 0.12+0.59+0.084 ms clock, 1.9+0.72/0.82/0.003+1.3 ms cpu, 4->4->2 MB, 4 MB goal, 0 MB stacks, 0 MB globals, 16 P
gc 4657 @12.630s 9%: 0.11+0.62+0.21 ms clock, 1.8+0.69/0.86/0+3.4 ms cpu, 3->4->2 MB, 4 MB goal, 0 MB stacks, 0 MB globals, 16 P
gc 4658 @12.631s 9%: 0.12+0.59+0.19 ms clock, 1.9+0.71/0.93/0+3.1 ms cpu, 3->4->2 MB, 4 MB goal, 0 MB stacks, 0 MB globals, 16 P
gc 4659 @12.633s 9%: 0.18+0.71+0.14 ms clock, 2.8+0.64/0.95/0+2.3 ms cpu, 4->5->2 MB, 4 MB goal, 0 MB stacks, 0 MB globals, 16 P
gc 4660 @12.635s 9%: 0.16+0.54+0.10 ms clock, 2.6+0.64/0.83/0+1.6 ms cpu, 4->4->2 MB, 4 MB goal, 0 MB stacks, 0 MB globals, 16 P
gc 4661 @12.637s 9%: 0.16+0.59+0.099 ms clock, 2.5+0.56/0.89/0+1.5 ms cpu, 3->4->2 MB, 4 MB goal, 0 MB stacks, 0 MB globals, 16 P
gc 4662 @12.638s 9%: 0.11+0.69+0.13 ms clock, 1.8+0.68/1.0/0.074+2.1 ms cpu, 4->4->2 MB, 4 MB goal, 0 MB stacks, 0 MB globals, 16 P
gc 4663 @12.640s 9%: 0.15+0.80+0.089 ms clock, 2.5+0.63/0.92/0+1.4 ms cpu, 4->5->2 MB, 4 MB goal, 0 MB stacks, 0 MB globals, 16 P
gc 4664 @12.642s 9%: 0.11+0.56+0.18 ms clock, 1.8+0.76/0.86/0+2.9 ms cpu, 4->5->2 MB, 5 MB goal, 0 MB stacks, 0 MB globals, 16 P
gc 4665 @12.644s 9%: 0.10+0.67+0.16 ms clock, 1.7+0.69/0.80/0+2.6 ms cpu, 3->4->2 MB, 4 MB goal, 0 MB stacks, 0 MB globals, 16 P
gc 4666 @12.646s 9%: 0.19+0.73+0.099 ms clock, 3.1+0.66/1.0/0+1.5 ms cpu, 4->5->2 MB, 4 MB goal, 0 MB stacks, 0 MB globals, 16 P
gc 4667 @12.648s 9%: 0.10+0.72+0.17 ms clock, 1.7+0.51/0.92/0+2.8 ms cpu, 4->5->2 MB, 5 MB goal, 0 MB stacks, 0 MB globals, 16 P
gc 4668 @12.650s 9%: 0.090+0.63+0.20 ms clock, 1.4+0.63/1.0/0.056+3.3 ms cpu, 4->4->2 MB, 4 MB goal, 0 MB stacks, 0 MB globals, 16 P
gc 4669 @12.651s 9%: 0.15+0.65+0.14 ms clock, 2.5+0.71/0.99/0+2.3 ms cpu, 4->5->2 MB, 4 MB goal, 0 MB stacks, 0 MB globals, 16 P
gc 4670 @12.653s 9%: 0.10+0.64+0.12 ms clock, 1.6+0.57/1.0/0.045+2.0 ms cpu, 4->4->2 MB, 4 MB goal, 0 MB stacks, 0 MB globals, 16 P
gc 4671 @12.655s 9%: 0.10+0.63+0.17 ms clock, 1.7+0.54/1.0/0+2.7 ms cpu, 4->4->2 MB, 4 MB goal, 0 MB stacks, 0 MB globals, 16 P
gc 4672 @12.657s 9%: 0.11+0.69+0.18 ms clock, 1.7+0.59/0.98/0+3.0 ms cpu, 3->4->2 MB, 4 MB goal, 0 MB stacks, 0 MB globals, 16 P
gc 4673 @12.659s 9%: 0.097+0.83+0.12 ms clock, 1.5+0.49/1.3/0+2.0 ms cpu, 4->5->2 MB, 5 MB goal, 0 MB stacks, 0 MB globals, 16 P
gc 4674 @12.661s 9%: 0.12+0.73+0.13 ms clock, 2.0+0.78/0.94/0+2.1 ms cpu, 4->5->2 MB, 5 MB goal, 0 MB stacks, 0 MB globals, 16 P
gc 4675 @12.663s 9%: 0.21+0.90+0.087 ms clock, 3.4+0.60/1.0/0.002+1.4 ms cpu, 4->5->2 MB, 4 MB goal, 0 MB stacks, 0 MB globals, 16 P
gc 4676 @12.665s 9%: 0.11+0.61+0.073 ms clock, 1.8+0.64/0.83/0+1.1 ms cpu, 4->5->2 MB, 5 MB goal, 0 MB stacks, 0 MB globals, 16 P
gc 4677 @12.667s 9%: 0.10+0.63+0.13 ms clock, 1.6+0.70/0.90/0+2.2 ms cpu, 3->4->2 MB, 4 MB goal, 0 MB stacks, 0 MB globals, 16 P
gc 4678 @12.668s 9%: 0.13+0.57+0.18 ms clock, 2.1+0.63/0.89/0+2.8 ms cpu, 4->4->2 MB, 4 MB goal, 0 MB stacks, 0 MB globals, 16 P
gc 4679 @12.670s 9%: 0.13+0.52+0.13 ms clock, 2.1+0.61/0.81/0+2.2 ms cpu, 4->4->2 MB, 4 MB goal, 0 MB stacks, 0 MB globals, 16 P
gc 4680 @12.672s 9%: 0.10+0.84+0.037 ms clock, 1.6+0.66/0.82/0.020+0.59 ms cpu, 3->4->2 MB, 4 MB goal, 0 MB stacks, 0 MB globals, 16 P
gc 4681 @12.674s 9%: 0.20+0.76+0.071 ms clock, 3.2+0.64/0.94/0+1.1 ms cpu, 4->5->2 MB, 5 MB goal, 0 MB stacks, 0 MB globals, 16 P
gc 4682 @12.676s 9%: 0.13+0.51+0.14 ms clock, 2.1+0.68/0.84/0+2.2 ms cpu, 4->4->2 MB, 5 MB goal, 0 MB stacks, 0 MB globals, 16 P
gc 4683 @12.677s 9%: 0.12+0.68+0.057 ms clock, 1.9+0.58/0.98/0.064+0.91 ms cpu, 3->4->2 MB, 4 MB goal, 0 MB stacks, 0 MB globals, 16 P
gc 4684 @12.679s 9%: 0.12+0.59+0.19 ms clock, 1.9+0.74/0.99/0+3.1 ms cpu, 4->4->2 MB, 4 MB goal, 0 MB stacks, 0 MB globals, 16 P
gc 4685 @12.681s 9%: 0.10+0.57+0.14 ms clock, 1.6+0.51/0.95/0+2.3 ms cpu, 4->4->2 MB, 4 MB goal, 0 MB stacks, 0 MB globals, 16 P
gc 4686 @12.683s 9%: 0.11+0.62+0.16 ms clock, 1.7+0.56/0.89/0.049+2.5 ms cpu, 3->4->2 MB, 4 MB goal, 0 MB stacks, 0 MB globals, 16 P
gc 4687 @12.684s 9%: 0.11+0.54+0.16 ms clock, 1.8+0.52/0.91/0+2.6 ms cpu, 4->4->2 MB, 4 MB goal, 0 MB stacks, 0 MB globals, 16 P
gc 4688 @12.686s 9%: 0.10+0.79+0.074 ms clock, 1.6+0.53/1.0/0+1.1 ms cpu, 3->4->2 MB, 4 MB goal, 0 MB stacks, 0 MB globals, 16 P
gc 4689 @12.688s 9%: 0.15+0.77+0.11 ms clock, 2.4+0.71/0.84/0+1.8 ms cpu, 4->5->2 MB, 4 MB goal, 0 MB stacks, 0 MB globals, 16 P
gc 4690 @12.690s 9%: 0.082+0.53+0.20 ms clock, 1.3+0.55/0.89/0+3.2 ms cpu, 4->5->2 MB, 5 MB goal, 0 MB stacks, 0 MB globals, 16 P
gc 4691 @12.691s 9%: 0.12+1.1+0.063 ms clock, 1.9+0.69/1.1/0+1.0 ms cpu, 3->4->2 MB, 4 MB goal, 0 MB stacks, 0 MB globals, 16 P
gc 4692 @12.694s 9%: 0.10+0.66+0.12 ms clock, 1.6+0.66/0.98/0+2.0 ms cpu, 4->5->2 MB, 5 MB goal, 0 MB stacks, 0 MB globals, 16 P
gc 4693 @12.695s 9%: 0.080+0.63+0.16 ms clock, 1.2+0.67/0.86/0+2.5 ms cpu, 4->4->2 MB, 4 MB goal, 0 MB stacks, 0 MB globals, 16 P
gc 4694 @12.697s 9%: 0.18+0.67+0.074 ms clock, 3.0+0.64/0.88/0+1.1 ms cpu, 3->4->2 MB, 4 MB goal, 0 MB stacks, 0 MB globals, 16 P
gc 4695 @12.699s 9%: 0.11+0.62+0.12 ms clock, 1.8+0.72/0.78/0.072+1.9 ms cpu, 4->5->2 MB, 5 MB goal, 0 MB stacks, 0 MB globals, 16 P
gc 4696 @12.701s 9%: 0.094+0.60+0.14 ms clock, 1.5+0.53/1.0/0+2.3 ms cpu, 3->4->2 MB, 4 MB goal, 0 MB stacks, 0 MB globals, 16 P
gc 4697 @12.702s 9%: 0.11+0.75+0.16 ms clock, 1.7+0.77/1.0/0+2.6 ms cpu, 3->4->2 MB, 4 MB goal, 0 MB stacks, 0 MB globals, 16 P
gc 4698 @12.704s 9%: 0.13+0.82+0.13 ms clock, 2.1+0.74/0.96/0+2.0 ms cpu, 4->5->2 MB, 5 MB goal, 0 MB stacks, 0 MB globals, 16 P
gc 4699 @12.706s 9%: 0.095+0.63+0.14 ms clock, 1.5+0.73/1.1/0+2.2 ms cpu, 4->5->2 MB, 5 MB goal, 0 MB stacks, 0 MB globals, 16 P
gc 4700 @12.708s 9%: 0.18+0.64+0.14 ms clock, 3.0+0.55/0.89/0+2.3 ms cpu, 4->4->2 MB, 4 MB goal, 0 MB stacks, 0 MB globals, 16 P
gc 4701 @12.710s 9%: 0.22+0.71+0.24 ms clock, 3.6+0.73/1.1/0+3.8 ms cpu, 3->4->2 MB, 4 MB goal, 0 MB stacks, 0 MB globals, 16 P
gc 4702 @12.712s 9%: 0.16+0.50+0.16 ms clock, 2.7+0.70/0.90/0+2.7 ms cpu, 4->5->2 MB, 5 MB goal, 0 MB stacks, 0 MB globals, 16 P
gc 4703 @12.713s 9%: 0.21+0.85+0.042 ms clock, 3.3+0.51/1.1/0+0.68 ms cpu, 3->4->2 MB, 4 MB goal, 0 MB stacks, 0 MB globals, 16 P
gc 4704 @12.716s 9%: 0.16+0.58+0.17 ms clock, 2.7+0.66/1.0/0+2.7 ms cpu, 4->5->2 MB, 5 MB goal, 0 MB stacks, 0 MB globals, 16 P
gc 4705 @12.717s 9%: 0.10+0.56+0.10 ms clock, 1.7+0.66/0.97/0+1.6 ms cpu, 4->4->2 MB, 4 MB goal, 0 MB stacks, 0 MB globals, 16 P
gc 4706 @12.719s 9%: 0.18+0.85+0.068 ms clock, 2.9+0.63/1.0/0+1.1 ms cpu, 4->5->2 MB, 4 MB goal, 0 MB stacks, 0 MB globals, 16 P
gc 4707 @12.721s 9%: 0.13+0.70+0.18 ms clock, 2.1+0.80/1.1/0+2.9 ms cpu, 4->5->2 MB, 5 MB goal, 0 MB stacks, 0 MB globals, 16 P
gc 4708 @12.723s 9%: 0.12+0.69+0.18 ms clock, 1.9+0.74/0.93/0.001+3.0 ms cpu, 4->5->2 MB, 5 MB goal, 0 MB stacks, 0 MB globals, 16 P
gc 4709 @12.725s 9%: 0.12+0.74+0.13 ms clock, 2.0+0.67/0.90/0+2.0 ms cpu, 4->5->2 MB, 4 MB goal, 0 MB stacks, 0 MB globals, 16 P
gc 4710 @12.727s 9%: 0.11+0.61+0.20 ms clock, 1.9+0.68/0.98/0+3.2 ms cpu, 4->5->2 MB, 5 MB goal, 0 MB stacks, 0 MB globals, 16 P
gc 4711 @12.729s 9%: 0.16+0.77+0.15 ms clock, 2.5+0.66/1.1/0+2.5 ms cpu, 4->5->2 MB, 4 MB goal, 0 MB stacks, 0 MB globals, 16 P
gc 4712 @12.731s 9%: 0.15+0.82+0.12 ms clock, 2.5+0.63/1.0/0+1.9 ms cpu, 4->5->2 MB, 5 MB goal, 0 MB stacks, 0 MB globals, 16 P
gc 4713 @12.733s 9%: 0.16+0.62+0.17 ms clock, 2.6+0.67/0.94/0+2.7 ms cpu, 4->5->2 MB, 5 MB goal, 0 MB stacks, 0 MB globals, 16 P
gc 4714 @12.735s 9%: 0.11+0.64+0.11 ms clock, 1.9+0.65/1.0/0.017+1.8 ms cpu, 4->5->2 MB, 4 MB goal, 0 MB stacks, 0 MB globals, 16 P
gc 4715 @12.737s 9%: 0.10+0.65+0.15 ms clock, 1.6+0.55/0.96/0.043+2.5 ms cpu, 4->5->2 MB, 5 MB goal, 0 MB stacks, 0 MB globals, 16 P
gc 4716 @12.738s 9%: 0.16+0.67+0.11 ms clock, 2.6+0.61/1.0/0.017+1.7 ms cpu, 4->5->2 MB, 5 MB goal, 0 MB stacks, 0 MB globals, 16 P
gc 4717 @12.740s 9%: 0.12+0.68+0.14 ms clock, 1.9+0.59/1.0/0+2.3 ms cpu, 4->5->2 MB, 4 MB goal, 0 MB stacks, 0 MB globals, 16 P
gc 4718 @12.742s 9%: 0.17+0.53+0.16 ms clock, 2.7+0.77/0.78/0.042+2.5 ms cpu, 4->4->2 MB, 4 MB goal, 0 MB stacks, 0 MB globals, 16 P
gc 4719 @12.744s 9%: 0.13+0.70+0.17 ms clock, 2.1+0.65/0.92/0+2.7 ms cpu, 4->4->2 MB, 4 MB goal, 0 MB stacks, 0 MB globals, 16 P
gc 4720 @12.746s 9%: 0.18+0.86+0.066 ms clock, 3.0+0.46/0.97/0+1.0 ms cpu, 4->5->2 MB, 4 MB goal, 0 MB stacks, 0 MB globals, 16 P
gc 4721 @12.748s 9%: 0.14+0.61+0.21 ms clock, 2.2+0.64/0.93/0+3.4 ms cpu, 4->5->2 MB, 5 MB goal, 0 MB stacks, 0 MB globals, 16 P
gc 4722 @12.750s 9%: 0.10+0.65+0.097 ms clock, 1.6+0.57/0.94/0.009+1.5 ms cpu, 4->5->2 MB, 4 MB goal, 0 MB stacks, 0 MB globals, 16 P
gc 4723 @12.751s 9%: 0.14+0.56+0.16 ms clock, 2.3+0.55/0.97/0+2.6 ms cpu, 4->4->2 MB, 4 MB goal, 0 MB stacks, 0 MB globals, 16 P
gc 4724 @12.753s 9%: 0.26+0.86+0.10 ms clock, 4.1+0.61/0.94/0+1.6 ms cpu, 3->4->2 MB, 4 MB goal, 0 MB stacks, 0 MB globals, 16 P
gc 4725 @12.755s 9%: 0.13+0.60+0.11 ms clock, 2.1+0.60/0.97/0.002+1.8 ms cpu, 4->5->2 MB, 5 MB goal, 0 MB stacks, 0 MB globals, 16 P
gc 4726 @12.757s 9%: 0.12+0.69+0.19 ms clock, 1.9+0.58/0.98/0+3.1 ms cpu, 4->4->2 MB, 4 MB goal, 0 MB stacks, 0 MB globals, 16 P
gc 4727 @12.759s 9%: 0.14+0.56+0.14 ms clock, 2.2+0.71/1.0/0.003+2.2 ms cpu, 4->4->2 MB, 4 MB goal, 0 MB stacks, 0 MB globals, 16 P
gc 4728 @12.760s 9%: 0.10+0.64+0.12 ms clock, 1.6+0.58/1.0/0.028+1.9 ms cpu, 3->4->2 MB, 4 MB goal, 0 MB stacks, 0 MB globals, 16 P
gc 4729 @12.762s 9%: 0.16+0.65+0.14 ms clock, 2.6+0.75/0.99/0+2.3 ms cpu, 4->4->2 MB, 4 MB goal, 0 MB stacks, 0 MB globals, 16 P
gc 4730 @12.764s 9%: 0.16+0.68+0.20 ms clock, 2.5+0.42/0.98/0+3.2 ms cpu, 4->4->2 MB, 4 MB goal, 0 MB stacks, 0 MB globals, 16 P
gc 4731 @12.766s 9%: 0.13+0.62+0.14 ms clock, 2.2+0.68/0.99/0+2.3 ms cpu, 4->5->2 MB, 4 MB goal, 0 MB stacks, 0 MB globals, 16 P
gc 4732 @12.768s 9%: 0.15+0.52+0.19 ms clock, 2.4+0.75/0.95/0+3.1 ms cpu, 4->4->2 MB, 5 MB goal, 0 MB stacks, 0 MB globals, 16 P
gc 4733 @12.769s 9%: 0.17+0.60+0.11 ms clock, 2.7+0.73/0.88/0+1.8 ms cpu, 3->4->2 MB, 4 MB goal, 0 MB stacks, 0 MB globals, 16 P
gc 4734 @12.771s 9%: 0.19+0.76+0.17 ms clock, 3.1+0.58/0.98/0+2.8 ms cpu, 4->5->2 MB, 5 MB goal, 0 MB stacks, 0 MB globals, 16 P
gc 4735 @12.773s 9%: 0.12+0.66+0.14 ms clock, 2.0+0.70/0.94/0+2.3 ms cpu, 4->5->2 MB, 5 MB goal, 0 MB stacks, 0 MB globals, 16 P
gc 4736 @12.775s 9%: 0.11+0.55+0.097 ms clock, 1.8+0.79/0.95/0+1.5 ms cpu, 4->4->2 MB, 4 MB goal, 0 MB stacks, 0 MB globals, 16 P
gc 4737 @12.776s 9%: 0.10+0.81+0.12 ms clock, 1.6+0.62/0.99/0.014+2.0 ms cpu, 3->4->2 MB, 4 MB goal, 0 MB stacks, 0 MB globals, 16 P
gc 4738 @12.779s 9%: 0.13+0.91+0.10 ms clock, 2.1+0.63/1.0/0+1.7 ms cpu, 4->5->2 MB, 5 MB goal, 0 MB stacks, 0 MB globals, 16 P
gc 4739 @12.781s 9%: 0.12+0.71+0.12 ms clock, 2.0+0.43/1.0/0+2.0 ms cpu, 4->5->2 MB, 5 MB goal, 0 MB stacks, 0 MB globals, 16 P
gc 4740 @12.782s 9%: 0.13+0.70+0.11 ms clock, 2.1+0.63/0.92/0+1.8 ms cpu, 4->5->2 MB, 4 MB goal, 0 MB stacks, 0 MB globals, 16 P
gc 4741 @12.784s 9%: 0.092+0.52+0.12 ms clock, 1.4+0.66/0.99/0+2.0 ms cpu, 4->5->2 MB, 5 MB goal, 0 MB stacks, 0 MB globals, 16 P
gc 4742 @12.786s 9%: 0.10+0.80+0.20 ms clock, 1.7+0.61/1.0/0.031+3.2 ms cpu, 3->4->2 MB, 4 MB goal, 0 MB stacks, 0 MB globals, 16 P
gc 4743 @12.788s 9%: 0.11+0.71+0.13 ms clock, 1.8+0.63/0.84/0+2.1 ms cpu, 4->5->2 MB, 5 MB goal, 0 MB stacks, 0 MB globals, 16 P
gc 4744 @12.790s 9%: 0.082+0.67+0.067 ms clock, 1.3+0.59/0.91/0+1.0 ms cpu, 4->4->2 MB, 4 MB goal, 0 MB stacks, 0 MB globals, 16 P
gc 4745 @12.791s 9%: 0.13+0.66+0.13 ms clock, 2.1+0.61/0.89/0+2.1 ms cpu, 4->4->2 MB, 4 MB goal, 0 MB stacks, 0 MB globals, 16 P
gc 4746 @12.793s 9%: 0.12+0.69+0.14 ms clock, 2.0+0.68/0.95/0.010+2.2 ms cpu, 4->5->2 MB, 5 MB goal, 0 MB stacks, 0 MB globals, 16 P
gc 4747 @12.795s 9%: 0.13+0.73+0.12 ms clock, 2.1+0.78/1.1/0+1.9 ms cpu, 4->5->2 MB, 5 MB goal, 0 MB stacks, 0 MB globals, 16 P
gc 4748 @12.797s 9%: 0.16+0.59+0.18 ms clock, 2.6+0.67/0.92/0+2.9 ms cpu, 4->5->2 MB, 5 MB goal, 0 MB stacks, 0 MB globals, 16 P
gc 4749 @12.799s 9%: 0.11+0.68+0.11 ms clock, 1.9+0.59/0.98/0.002+1.8 ms cpu, 4->5->2 MB, 4 MB goal, 0 MB stacks, 0 MB globals, 16 P
gc 4750 @12.801s 9%: 0.10+0.63+0.086 ms clock, 1.7+0.56/1.0/0+1.3 ms cpu, 4->5->2 MB, 5 MB goal, 0 MB stacks, 0 MB globals, 16 P
gc 4751 @12.803s 9%: 0.13+0.71+0.091 ms clock, 2.1+0.60/1.1/0.015+1.4 ms cpu, 4->4->2 MB, 4 MB goal, 0 MB stacks, 0 MB globals, 16 P
gc 4752 @12.805s 9%: 0.10+0.54+0.17 ms clock, 1.7+0.66/0.99/0+2.7 ms cpu, 4->5->2 MB, 5 MB goal, 0 MB stacks, 0 MB globals, 16 P
gc 4753 @12.806s 9%: 0.16+0.62+0.098 ms clock, 2.5+0.69/1.0/0+1.5 ms cpu, 3->4->2 MB, 4 MB goal, 0 MB stacks, 0 MB globals, 16 P
gc 4754 @12.808s 9%: 0.14+0.65+0.11 ms clock, 2.2+0.47/1.0/0+1.8 ms cpu, 3->4->2 MB, 4 MB goal, 0 MB stacks, 0 MB globals, 16 P
gc 4755 @12.810s 9%: 0.11+0.71+0.15 ms clock, 1.8+0.56/0.97/0.005+2.5 ms cpu, 4->5->2 MB, 4 MB goal, 0 MB stacks, 0 MB globals, 16 P
gc 4756 @12.812s 9%: 0.20+0.54+0.10 ms clock, 3.2+0.65/0.91/0.022+1.7 ms cpu, 4->4->2 MB, 5 MB goal, 0 MB stacks, 0 MB globals, 16 P
gc 4757 @12.813s 9%: 0.14+0.68+0.18 ms clock, 2.3+0.69/0.86/0+2.8 ms cpu, 3->4->2 MB, 4 MB goal, 0 MB stacks, 0 MB globals, 16 P
gc 4758 @12.815s 9%: 0.13+0.79+0.097 ms clock, 2.1+0.63/0.94/0+1.5 ms cpu, 4->5->2 MB, 4 MB goal, 0 MB stacks, 0 MB globals, 16 P
gc 4759 @12.817s 9%: 0.11+0.76+0.10 ms clock, 1.8+0.79/0.83/0+1.6 ms cpu, 4->5->2 MB, 5 MB goal, 0 MB stacks, 0 MB globals, 16 P
gc 4760 @12.819s 9%: 0.12+0.58+0.16 ms clock, 2.0+0.62/1.0/0.040+2.6 ms cpu, 4->5->2 MB, 5 MB goal, 0 MB stacks, 0 MB globals, 16 P
gc 4761 @12.821s 9%: 0.10+0.56+0.13 ms clock, 1.6+0.56/0.95/0+2.1 ms cpu, 4->4->2 MB, 4 MB goal, 0 MB stacks, 0 MB globals, 16 P
gc 4762 @12.822s 9%: 0.13+0.53+0.16 ms clock, 2.1+0.62/0.96/0+2.7 ms cpu, 3->4->2 MB, 4 MB goal, 0 MB stacks, 0 MB globals, 16 P
gc 4763 @12.824s 9%: 0.11+0.57+0.15 ms clock, 1.8+0.63/1.1/0+2.4 ms cpu, 3->4->2 MB, 4 MB goal, 0 MB stacks, 0 MB globals, 16 P
gc 4764 @12.826s 9%: 0.11+0.83+0.11 ms clock, 1.8+0.54/0.91/0+1.9 ms cpu, 4->5->2 MB, 4 MB goal, 0 MB stacks, 0 MB globals, 16 P
gc 4765 @12.828s 9%: 0.10+0.56+0.18 ms clock, 1.7+0.59/0.86/0+2.9 ms cpu, 4->5->2 MB, 5 MB goal, 0 MB stacks, 0 MB globals, 16 P
gc 4766 @12.829s 9%: 0.13+0.70+0.082 ms clock, 2.1+0.60/0.93/0+1.3 ms cpu, 3->4->2 MB, 4 MB goal, 0 MB stacks, 0 MB globals, 16 P
gc 4767 @12.831s 9%: 0.11+0.62+0.19 ms clock, 1.8+0.52/0.96/0+3.0 ms cpu, 4->4->2 MB, 4 MB goal, 0 MB stacks, 0 MB globals, 16 P
gc 4768 @12.833s 9%: 0.10+0.71+0.080 ms clock, 1.6+0.35/1.0/0+1.2 ms cpu, 4->4->2 MB, 4 MB goal, 0 MB stacks, 0 MB globals, 16 P
gc 4769 @12.835s 9%: 0.14+0.58+0.15 ms clock, 2.2+0.70/0.97/0+2.4 ms cpu, 4->5->2 MB, 4 MB goal, 0 MB stacks, 0 MB globals, 16 P
gc 4770 @12.837s 9%: 0.11+0.63+0.14 ms clock, 1.9+0.78/0.82/0+2.3 ms cpu, 4->4->2 MB, 4 MB goal, 0 MB stacks, 0 MB globals, 16 P
gc 4771 @12.838s 9%: 0.10+0.55+0.20 ms clock, 1.7+0.70/0.82/0.025+3.2 ms cpu, 4->4->2 MB, 4 MB goal, 0 MB stacks, 0 MB globals, 16 P
gc 4772 @12.840s 9%: 0.18+0.61+0.12 ms clock, 3.0+0.66/0.92/0+2.0 ms cpu, 3->4->2 MB, 4 MB goal, 0 MB stacks, 0 MB globals, 16 P
gc 4773 @12.842s 9%: 0.14+0.56+0.17 ms clock, 2.2+0.69/0.82/0.032+2.7 ms cpu, 4->4->2 MB, 4 MB goal, 0 MB stacks, 0 MB globals, 16 P
gc 4774 @12.843s 9%: 0.13+0.69+0.10 ms clock, 2.2+0.60/0.99/0+1.6 ms cpu, 3->4->2 MB, 4 MB goal, 0 MB stacks, 0 MB globals, 16 P
gc 4775 @12.845s 9%: 0.11+0.60+0.099 ms clock, 1.7+0.39/1.0/0+1.5 ms cpu, 4->5->2 MB, 5 MB goal, 0 MB stacks, 0 MB globals, 16 P
gc 4776 @12.847s 9%: 0.10+0.86+0.070 ms clock, 1.6+0.73/1.0/0+1.1 ms cpu, 3->4->2 MB, 4 MB goal, 0 MB stacks, 0 MB globals, 16 P
gc 4777 @12.849s 9%: 0.12+0.68+0.11 ms clock, 1.9+0.64/0.96/0.016+1.8 ms cpu, 4->5->2 MB, 5 MB goal, 0 MB stacks, 0 MB globals, 16 P
gc 4778 @12.851s 9%: 0.13+0.66+0.16 ms clock, 2.1+0.54/1.0/0+2.5 ms cpu, 4->5->2 MB, 4 MB goal, 0 MB stacks, 0 MB globals, 16 P
gc 4779 @12.853s 9%: 0.12+0.63+0.17 ms clock, 1.9+0.58/0.79/0.031+2.7 ms cpu, 4->4->2 MB, 5 MB goal, 0 MB stacks, 0 MB globals, 16 P
gc 4780 @12.854s 9%: 0.11+0.64+0.12 ms clock, 1.7+0.56/0.97/0+1.9 ms cpu, 3->4->2 MB, 4 MB goal, 0 MB stacks, 0 MB globals, 16 P
gc 4781 @12.856s 9%: 0.099+0.71+0.10 ms clock, 1.5+0.54/1.1/0+1.6 ms cpu, 4->5->2 MB, 5 MB goal, 0 MB stacks, 0 MB globals, 16 P
gc 4782 @12.858s 9%: 0.13+1.0+0.085 ms clock, 2.1+0.78/0.83/0+1.3 ms cpu, 4->5->2 MB, 4 MB goal, 0 MB stacks, 0 MB globals, 16 P
gc 4783 @12.860s 9%: 0.10+0.67+0.10 ms clock, 1.6+0.94/0.87/0.003+1.7 ms cpu, 4->5->2 MB, 5 MB goal, 0 MB stacks, 0 MB globals, 16 P
gc 4784 @12.862s 9%: 0.12+0.82+0.10 ms clock, 1.9+0.82/1.0/0+1.6 ms cpu, 4->5->2 MB, 4 MB goal, 0 MB stacks, 0 MB globals, 16 P
gc 4785 @12.864s 9%: 0.11+0.70+0.11 ms clock, 1.8+0.70/0.93/0+1.8 ms cpu, 4->5->2 MB, 5 MB goal, 0 MB stacks, 0 MB globals, 16 P
gc 4786 @12.866s 9%: 0.19+0.85+0.10 ms clock, 3.1+0.72/0.87/0+1.6 ms cpu, 4->5->2 MB, 4 MB goal, 0 MB stacks, 0 MB globals, 16 P
gc 4787 @12.868s 9%: 0.12+0.85+0.12 ms clock, 1.9+0.64/1.0/0+1.9 ms cpu, 4->5->2 MB, 5 MB goal, 0 MB stacks, 0 MB globals, 16 P
gc 4788 @12.870s 9%: 0.15+0.56+0.19 ms clock, 2.5+0.60/0.97/0.020+3.1 ms cpu, 4->5->2 MB, 5 MB goal, 0 MB stacks, 0 MB globals, 16 P
gc 4789 @12.872s 9%: 0.12+0.61+0.14 ms clock, 2.0+0.67/0.99/0+2.2 ms cpu, 4->4->2 MB, 4 MB goal, 0 MB stacks, 0 MB globals, 16 P
gc 4790 @12.874s 9%: 0.14+0.55+0.11 ms clock, 2.3+0.69/0.95/0+1.7 ms cpu, 4->4->2 MB, 4 MB goal, 0 MB stacks, 0 MB globals, 16 P
gc 4791 @12.876s 9%: 0.14+0.77+0.089 ms clock, 2.2+0.63/0.91/0.033+1.4 ms cpu, 3->4->2 MB, 4 MB goal, 0 MB stacks, 0 MB globals, 16 P
gc 4792 @12.878s 9%: 0.089+0.59+0.15 ms clock, 1.4+0.59/0.84/0.066+2.5 ms cpu, 4->4->2 MB, 5 MB goal, 0 MB stacks, 0 MB globals, 16 P
gc 4793 @12.879s 9%: 0.11+0.63+0.10 ms clock, 1.8+0.67/0.88/0.016+1.6 ms cpu, 3->4->2 MB, 4 MB goal, 0 MB stacks, 0 MB globals, 16 P
gc 4794 @12.881s 9%: 0.13+0.50+0.13 ms clock, 2.1+0.57/0.81/0.12+2.2 ms cpu, 3->4->2 MB, 4 MB goal, 0 MB stacks, 0 MB globals, 16 P
gc 4795 @12.882s 9%: 0.17+0.55+0.12 ms clock, 2.7+0.61/0.91/0+1.9 ms cpu, 3->4->2 MB, 4 MB goal, 0 MB stacks, 0 MB globals, 16 P
gc 4796 @12.884s 9%: 0.13+0.79+0.063 ms clock, 2.1+0.65/0.86/0+1.0 ms cpu, 4->4->2 MB, 4 MB goal, 0 MB stacks, 0 MB globals, 16 P
gc 4797 @12.886s 9%: 0.11+0.67+0.10 ms clock, 1.8+0.55/0.97/0.043+1.7 ms cpu, 4->4->2 MB, 5 MB goal, 0 MB stacks, 0 MB globals, 16 P
gc 4798 @12.888s 9%: 0.17+0.70+0.16 ms clock, 2.8+0.68/0.97/0.004+2.6 ms cpu, 4->4->2 MB, 4 MB goal, 0 MB stacks, 0 MB globals, 16 P
gc 4799 @12.889s 9%: 0.16+0.84+0.10 ms clock, 2.7+0.81/1.0/0+1.6 ms cpu, 3->5->2 MB, 4 MB goal, 0 MB stacks, 0 MB globals, 16 P
gc 4800 @12.892s 9%: 0.17+0.79+0.19 ms clock, 2.7+0.73/0.85/0+3.0 ms cpu, 4->5->2 MB, 5 MB goal, 0 MB stacks, 0 MB globals, 16 P
gc 4801 @12.894s 9%: 0.088+0.56+0.17 ms clock, 1.4+0.75/0.95/0+2.7 ms cpu, 4->5->2 MB, 5 MB goal, 0 MB stacks, 0 MB globals, 16 P
gc 4802 @12.896s 9%: 0.19+0.64+0.15 ms clock, 3.1+0.72/1.0/0+2.4 ms cpu, 4->4->2 MB, 4 MB goal, 0 MB stacks, 0 MB globals, 16 P
gc 4803 @12.897s 9%: 0.20+0.81+0.11 ms clock, 3.2+0.57/0.87/0+1.8 ms cpu, 4->5->2 MB, 4 MB goal, 0 MB stacks, 0 MB globals, 16 P
gc 4804 @12.900s 9%: 0.16+0.73+0.17 ms clock, 2.5+0.69/0.85/0.003+2.7 ms cpu, 4->5->2 MB, 5 MB goal, 0 MB stacks, 0 MB globals, 16 P
gc 4805 @12.902s 9%: 0.12+0.63+0.19 ms clock, 1.9+0.59/0.89/0+3.1 ms cpu, 4->5->2 MB, 5 MB goal, 0 MB stacks, 0 MB globals, 16 P
gc 4806 @12.903s 9%: 0.12+0.87+0.059 ms clock, 2.0+0.56/1.0/0.056+0.94 ms cpu, 4->5->2 MB, 4 MB goal, 0 MB stacks, 0 MB globals, 16 P
gc 4807 @12.905s 9%: 0.10+0.76+0.069 ms clock, 1.7+0.69/0.92/0+1.1 ms cpu, 4->5->2 MB, 5 MB goal, 0 MB stacks, 0 MB globals, 16 P
gc 4808 @12.907s 9%: 0.16+0.67+0.11 ms clock, 2.7+0.84/0.90/0+1.8 ms cpu, 4->4->2 MB, 4 MB goal, 0 MB stacks, 0 MB globals, 16 P
gc 4809 @12.909s 9%: 0.13+0.82+0.16 ms clock, 2.1+0.71/0.95/0.098+2.6 ms cpu, 3->4->2 MB, 4 MB goal, 0 MB stacks, 0 MB globals, 16 P
gc 4810 @12.911s 9%: 0.17+1.0+0.15 ms clock, 2.7+0.63/0.94/0+2.4 ms cpu, 4->5->2 MB, 5 MB goal, 0 MB stacks, 0 MB globals, 16 P
gc 4811 @12.913s 9%: 0.10+0.69+0.15 ms clock, 1.6+0.68/0.98/0+2.4 ms cpu, 4->5->2 MB, 5 MB goal, 0 MB stacks, 0 MB globals, 16 P
gc 4812 @12.915s 9%: 0.10+0.82+0.10 ms clock, 1.6+0.56/0.99/0.047+1.6 ms cpu, 4->5->2 MB, 5 MB goal, 0 MB stacks, 0 MB globals, 16 P
gc 4813 @12.917s 9%: 0.15+0.63+0.10 ms clock, 2.4+0.57/0.94/0+1.6 ms cpu, 4->4->2 MB, 4 MB goal, 0 MB stacks, 0 MB globals, 16 P
gc 4814 @12.918s 9%: 0.13+0.61+0.13 ms clock, 2.2+0.72/0.97/0+2.1 ms cpu, 4->4->2 MB, 4 MB goal, 0 MB stacks, 0 MB globals, 16 P
gc 4815 @12.920s 9%: 0.18+0.49+0.18 ms clock, 2.8+0.51/0.99/0+3.0 ms cpu, 4->4->2 MB, 4 MB goal, 0 MB stacks, 0 MB globals, 16 P
gc 4816 @12.922s 9%: 0.16+0.64+0.091 ms clock, 2.5+0.63/1.0/0+1.4 ms cpu, 3->4->2 MB, 4 MB goal, 0 MB stacks, 0 MB globals, 16 P
gc 4817 @12.923s 9%: 0.12+0.62+0.082 ms clock, 2.0+0.64/1.0/0+1.3 ms cpu, 4->5->2 MB, 5 MB goal, 0 MB stacks, 0 MB globals, 16 P
gc 4818 @12.925s 9%: 0.16+0.80+0.13 ms clock, 2.6+0.69/0.97/0.033+2.2 ms cpu, 4->5->2 MB, 4 MB goal, 0 MB stacks, 0 MB globals, 16 P
gc 4819 @12.927s 9%: 0.17+0.69+0.14 ms clock, 2.8+0.64/0.99/0.005+2.2 ms cpu, 4->5->2 MB, 5 MB goal, 0 MB stacks, 0 MB globals, 16 P
gc 4820 @12.929s 9%: 0.15+0.68+0.099 ms clock, 2.5+0.66/0.87/0.028+1.5 ms cpu, 4->4->2 MB, 4 MB goal, 0 MB stacks, 0 MB globals, 16 P
gc 4821 @12.931s 9%: 0.12+0.70+0.12 ms clock, 2.0+0.63/1.0/0.004+1.9 ms cpu, 3->4->2 MB, 4 MB goal, 0 MB stacks, 0 MB globals, 16 P
gc 4822 @12.933s 9%: 0.12+0.59+0.22 ms clock, 1.9+0.73/0.90/0+3.6 ms cpu, 4->5->2 MB, 5 MB goal, 0 MB stacks, 0 MB globals, 16 P
gc 4823 @12.935s 9%: 0.20+0.57+0.17 ms clock, 3.3+0.61/0.97/0+2.8 ms cpu, 3->4->2 MB, 4 MB goal, 0 MB stacks, 0 MB globals, 16 P
gc 4824 @12.936s 9%: 0.15+0.73+0.085 ms clock, 2.5+0.49/1.0/0+1.3 ms cpu, 4->5->2 MB, 4 MB goal, 0 MB stacks, 0 MB globals, 16 P
gc 4825 @12.938s 9%: 0.13+0.68+0.098 ms clock, 2.1+0.90/0.83/0+1.5 ms cpu, 4->5->2 MB, 5 MB goal, 0 MB stacks, 0 MB globals, 16 P
gc 4826 @12.940s 9%: 0.12+0.59+0.14 ms clock, 1.9+0.57/0.93/0+2.3 ms cpu, 3->4->2 MB, 4 MB goal, 0 MB stacks, 0 MB globals, 16 P
gc 4827 @12.942s 9%: 0.12+0.68+0.12 ms clock, 2.0+0.76/0.75/0.014+1.9 ms cpu, 4->4->2 MB, 4 MB goal, 0 MB stacks, 0 MB globals, 16 P
gc 4828 @12.943s 9%: 0.11+0.82+0.072 ms clock, 1.8+0.61/0.96/0.011+1.1 ms cpu, 4->5->2 MB, 4 MB goal, 0 MB stacks, 0 MB globals, 16 P
gc 4829 @12.945s 9%: 0.092+0.81+0.095 ms clock, 1.4+0.52/0.94/0.055+1.5 ms cpu, 4->5->2 MB, 5 MB goal, 0 MB stacks, 0 MB globals, 16 P
gc 4830 @12.947s 9%: 0.18+0.69+0.12 ms clock, 2.9+0.63/0.95/0+2.0 ms cpu, 4->5->2 MB, 5 MB goal, 0 MB stacks, 0 MB globals, 16 P
gc 4831 @12.949s 9%: 0.20+0.62+0.22 ms clock, 3.3+0.94/0.89/0+3.5 ms cpu, 4->4->2 MB, 4 MB goal, 0 MB stacks, 0 MB globals, 16 P
gc 4832 @12.951s 9%: 0.15+0.69+0.089 ms clock, 2.5+0.71/0.91/0+1.4 ms cpu, 4->5->2 MB, 4 MB goal, 0 MB stacks, 0 MB globals, 16 P
gc 4833 @12.953s 9%: 0.11+0.71+0.26 ms clock, 1.8+0.63/0.98/0+4.2 ms cpu, 4->5->2 MB, 5 MB goal, 0 MB stacks, 0 MB globals, 16 P
gc 4834 @12.955s 9%: 0.13+0.62+0.097 ms clock, 2.1+0.67/0.91/0+1.5 ms cpu, 4->4->2 MB, 4 MB goal, 0 MB stacks, 0 MB globals, 16 P
gc 4835 @12.956s 9%: 0.12+0.59+0.17 ms clock, 2.0+0.77/1.0/0.018+2.8 ms cpu, 4->5->2 MB, 5 MB goal, 0 MB stacks, 0 MB globals, 16 P
gc 4836 @12.958s 9%: 0.15+0.88+0.099 ms clock, 2.4+0.63/0.82/0+1.5 ms cpu, 4->5->2 MB, 4 MB goal, 0 MB stacks, 0 MB globals, 16 P
gc 4837 @12.960s 9%: 0.14+0.75+0.19 ms clock, 2.2+0.54/0.86/0+3.1 ms cpu, 4->5->2 MB, 5 MB goal, 0 MB stacks, 0 MB globals, 16 P
gc 4838 @12.962s 9%: 0.16+0.55+0.16 ms clock, 2.7+0.67/0.93/0+2.6 ms cpu, 4->4->2 MB, 4 MB goal, 0 MB stacks, 0 MB globals, 16 P
gc 4839 @12.964s 9%: 0.099+0.56+0.18 ms clock, 1.5+0.49/0.96/0+2.9 ms cpu, 4->4->2 MB, 4 MB goal, 0 MB stacks, 0 MB globals, 16 P
gc 4840 @12.966s 9%: 0.095+0.72+0.094 ms clock, 1.5+0.59/0.90/0+1.5 ms cpu, 3->4->2 MB, 4 MB goal, 0 MB stacks, 0 MB globals, 16 P
gc 4841 @12.967s 9%: 0.14+0.57+0.14 ms clock, 2.2+0.91/0.88/0+2.3 ms cpu, 4->4->2 MB, 4 MB goal, 0 MB stacks, 0 MB globals, 16 P
gc 4842 @12.969s 9%: 0.11+0.72+0.020 ms clock, 1.8+0.53/0.92/0.046+0.33 ms cpu, 3->4->2 MB, 4 MB goal, 0 MB stacks, 0 MB globals, 16 P
gc 4843 @12.971s 9%: 0.12+0.71+0.077 ms clock, 2.0+0.58/1.2/0.003+1.2 ms cpu, 4->5->2 MB, 4 MB goal, 0 MB stacks, 0 MB globals, 16 P
gc 4844 @12.973s 9%: 0.11+0.69+0.13 ms clock, 1.8+0.56/1.0/0+2.1 ms cpu, 4->5->2 MB, 5 MB goal, 0 MB stacks, 0 MB globals, 16 P
gc 4845 @12.975s 9%: 0.15+0.75+0.14 ms clock, 2.4+0.51/1.0/0+2.3 ms cpu, 4->5->2 MB, 4 MB goal, 0 MB stacks, 0 MB globals, 16 P
gc 4846 @12.977s 9%: 0.093+0.57+0.16 ms clock, 1.4+0.58/1.0/0+2.5 ms cpu, 4->5->2 MB, 4 MB goal, 0 MB stacks, 0 MB globals, 16 P
gc 4847 @12.978s 9%: 0.18+0.88+0.092 ms clock, 3.0+0.69/0.80/0+1.4 ms cpu, 3->4->2 MB, 4 MB goal, 0 MB stacks, 0 MB globals, 16 P
gc 4848 @12.980s 9%: 0.10+0.70+0.15 ms clock, 1.7+0.62/1.0/0.047+2.4 ms cpu, 4->5->2 MB, 5 MB goal, 0 MB stacks, 0 MB globals, 16 P
gc 4849 @12.982s 9%: 0.13+0.84+0.16 ms clock, 2.1+0.61/0.93/0+2.5 ms cpu, 4->5->2 MB, 4 MB goal, 0 MB stacks, 0 MB globals, 16 P
gc 4850 @12.984s 9%: 0.15+0.79+0.097 ms clock, 2.5+0.75/1.0/0+1.5 ms cpu, 4->5->2 MB, 5 MB goal, 0 MB stacks, 0 MB globals, 16 P
gc 4851 @12.986s 9%: 0.12+0.57+0.12 ms clock, 1.9+0.50/0.91/0.023+1.9 ms cpu, 4->5->2 MB, 5 MB goal, 0 MB stacks, 0 MB globals, 16 P
gc 4852 @12.988s 9%: 0.11+0.76+0.097 ms clock, 1.7+0.55/1.0/0+1.5 ms cpu, 3->4->2 MB, 4 MB goal, 0 MB stacks, 0 MB globals, 16 P
gc 4853 @12.990s 9%: 0.11+0.59+0.16 ms clock, 1.9+0.48/0.99/0.009+2.7 ms cpu, 4->4->2 MB, 5 MB goal, 0 MB stacks, 0 MB globals, 16 P
gc 4854 @12.991s 9%: 0.15+0.73+0.12 ms clock, 2.5+0.62/0.86/0+1.9 ms cpu, 3->4->2 MB, 4 MB goal, 0 MB stacks, 0 MB globals, 16 P
gc 4855 @12.993s 9%: 0.11+0.63+0.14 ms clock, 1.8+0.62/1.0/0+2.3 ms cpu, 4->5->2 MB, 4 MB goal, 0 MB stacks, 0 MB globals, 16 P
gc 4856 @12.995s 9%: 0.084+0.64+0.16 ms clock, 1.3+0.55/1.0/0.016+2.7 ms cpu, 4->4->2 MB, 4 MB goal, 0 MB stacks, 0 MB globals, 16 P
gc 4857 @12.997s 9%: 0.21+0.63+0.18 ms clock, 3.4+0.75/0.90/0+2.9 ms cpu, 4->4->2 MB, 4 MB goal, 0 MB stacks, 0 MB globals, 16 P
gc 4858 @12.998s 9%: 0.097+0.49+0.13 ms clock, 1.5+0.71/0.89/0+2.1 ms cpu, 4->4->2 MB, 4 MB goal, 0 MB stacks, 0 MB globals, 16 P
gc 4859 @13.000s 9%: 0.16+0.83+0.14 ms clock, 2.5+0.74/1.0/0+2.3 ms cpu, 3->4->2 MB, 4 MB goal, 0 MB stacks, 0 MB globals, 16 P
gc 4860 @13.002s 9%: 0.11+0.63+0.10 ms clock, 1.7+0.65/0.76/0.020+1.6 ms cpu, 4->5->2 MB, 5 MB goal, 0 MB stacks, 0 MB globals, 16 P
gc 4861 @13.004s 9%: 0.12+0.73+0.16 ms clock, 2.0+0.54/1.0/0+2.6 ms cpu, 3->4->2 MB, 4 MB goal, 0 MB stacks, 0 MB globals, 16 P
gc 4862 @13.005s 9%: 0.15+0.60+0.13 ms clock, 2.4+0.61/0.95/0+2.1 ms cpu, 4->4->2 MB, 4 MB goal, 0 MB stacks, 0 MB globals, 16 P
gc 4863 @13.007s 9%: 0.15+1.0+0.041 ms clock, 2.4+0.71/0.89/0+0.65 ms cpu, 3->5->2 MB, 4 MB goal, 0 MB stacks, 0 MB globals, 16 P
gc 4864 @13.010s 9%: 0.14+0.79+0.18 ms clock, 2.3+0.62/1.0/0+3.0 ms cpu, 4->5->2 MB, 5 MB goal, 0 MB stacks, 0 MB globals, 16 P
gc 4865 @13.012s 9%: 0.11+0.82+0.091 ms clock, 1.9+0.67/0.97/0+1.4 ms cpu, 4->5->2 MB, 5 MB goal, 0 MB stacks, 0 MB globals, 16 P
gc 4866 @13.014s 9%: 0.18+0.55+0.11 ms clock, 3.0+0.80/0.95/0+1.8 ms cpu, 4->4->2 MB, 4 MB goal, 0 MB stacks, 0 MB globals, 16 P
gc 4867 @13.015s 9%: 0.17+0.71+0.16 ms clock, 2.8+0.83/0.97/0+2.6 ms cpu, 3->4->2 MB, 4 MB goal, 0 MB stacks, 0 MB globals, 16 P
gc 4868 @13.017s 9%: 0.13+0.62+0.12 ms clock, 2.1+0.69/0.86/0+2.0 ms cpu, 4->4->2 MB, 5 MB goal, 0 MB stacks, 0 MB globals, 16 P
gc 4869 @13.019s 9%: 0.16+0.88+0.17 ms clock, 2.6+0.81/1.1/0.019+2.7 ms cpu, 3->4->2 MB, 4 MB goal, 0 MB stacks, 0 MB globals, 16 P
gc 4870 @13.021s 9%: 0.13+0.64+0.19 ms clock, 2.0+0.82/0.93/0+3.0 ms cpu, 4->5->2 MB, 5 MB goal, 0 MB stacks, 0 MB globals, 16 P
gc 4871 @13.022s 9%: 0.12+0.75+0.10 ms clock, 1.9+0.66/0.86/0+1.6 ms cpu, 4->5->2 MB, 4 MB goal, 0 MB stacks, 0 MB globals, 16 P
gc 4872 @13.024s 9%: 0.13+0.75+0.13 ms clock, 2.2+0.61/1.1/0+2.1 ms cpu, 4->5->2 MB, 5 MB goal, 0 MB stacks, 0 MB globals, 16 P
gc 4873 @13.026s 9%: 0.19+0.63+0.12 ms clock, 3.1+0.62/0.99/0+1.9 ms cpu, 4->5->2 MB, 5 MB goal, 0 MB stacks, 0 MB globals, 16 P
gc 4874 @13.028s 9%: 0.11+0.92+0.15 ms clock, 1.7+0.78/1.0/0+2.4 ms cpu, 4->5->2 MB, 4 MB goal, 0 MB stacks, 0 MB globals, 16 P
gc 4875 @13.030s 9%: 0.12+0.73+0.22 ms clock, 1.9+0.80/0.72/0.075+3.5 ms cpu, 4->5->2 MB, 5 MB goal, 0 MB stacks, 0 MB globals, 16 P
gc 4876 @13.032s 9%: 0.19+1.0+0.16 ms clock, 3.0+0.78/0.86/0+2.5 ms cpu, 4->5->2 MB, 4 MB goal, 0 MB stacks, 0 MB globals, 16 P
gc 4877 @13.035s 9%: 0.12+0.81+0.096 ms clock, 2.0+0.52/1.0/0+1.5 ms cpu, 4->6->2 MB, 5 MB goal, 0 MB stacks, 0 MB globals, 16 P
gc 4878 @13.037s 9%: 0.14+0.69+0.14 ms clock, 2.2+0.70/1.0/0+2.2 ms cpu, 4->5->2 MB, 5 MB goal, 0 MB stacks, 0 MB globals, 16 P
gc 4879 @13.039s 9%: 0.12+0.66+0.063 ms clock, 1.9+0.67/1.0/0+1.0 ms cpu, 4->4->2 MB, 4 MB goal, 0 MB stacks, 0 MB globals, 16 P
gc 4880 @13.040s 9%: 0.11+0.48+0.15 ms clock, 1.9+0.79/0.87/0+2.5 ms cpu, 4->4->2 MB, 4 MB goal, 0 MB stacks, 0 MB globals, 16 P
gc 4881 @13.042s 9%: 0.19+0.69+0.11 ms clock, 3.0+0.73/0.93/0+1.8 ms cpu, 3->4->2 MB, 4 MB goal, 0 MB stacks, 0 MB globals, 16 P
gc 4882 @13.044s 9%: 0.12+0.57+0.13 ms clock, 1.9+0.55/0.89/0+2.0 ms cpu, 4->4->2 MB, 4 MB goal, 0 MB stacks, 0 MB globals, 16 P
gc 4883 @13.045s 9%: 0.11+0.64+0.17 ms clock, 1.7+0.50/0.95/0.053+2.7 ms cpu, 4->4->2 MB, 4 MB goal, 0 MB stacks, 0 MB globals, 16 P
gc 4884 @13.047s 9%: 0.12+0.72+0.10 ms clock, 1.9+0.46/0.96/0+1.6 ms cpu, 4->4->2 MB, 4 MB goal, 0 MB stacks, 0 MB globals, 16 P
gc 4885 @13.049s 9%: 0.14+1.0+0.097 ms clock, 2.3+0.82/0.89/0+1.5 ms cpu, 4->5->2 MB, 4 MB goal, 0 MB stacks, 0 MB globals, 16 P
gc 4886 @13.051s 9%: 0.12+0.81+0.16 ms clock, 1.9+0.77/0.89/0.042+2.6 ms cpu, 4->5->2 MB, 5 MB goal, 0 MB stacks, 0 MB globals, 16 P
gc 4887 @13.053s 9%: 0.13+0.79+0.10 ms clock, 2.2+0.55/0.99/0+1.6 ms cpu, 4->5->2 MB, 5 MB goal, 0 MB stacks, 0 MB globals, 16 P
gc 4888 @13.055s 9%: 0.13+0.69+0.11 ms clock, 2.2+0.61/0.99/0+1.8 ms cpu, 4->5->2 MB, 5 MB goal, 0 MB stacks, 0 MB globals, 16 P
gc 4889 @13.057s 9%: 0.11+0.70+0.13 ms clock, 1.7+0.51/1.0/0.001+2.1 ms cpu, 4->5->2 MB, 4 MB goal, 0 MB stacks, 0 MB globals, 16 P
gc 4890 @13.059s 9%: 0.15+0.63+0.12 ms clock, 2.4+0.56/1.0/0.029+2.0 ms cpu, 4->5->2 MB, 5 MB goal, 0 MB stacks, 0 MB globals, 16 P
gc 4891 @13.061s 9%: 0.13+0.57+0.10 ms clock, 2.1+0.57/0.99/0+1.6 ms cpu, 4->4->2 MB, 4 MB goal, 0 MB stacks, 0 MB globals, 16 P
gc 4892 @13.063s 9%: 0.13+0.59+0.16 ms clock, 2.0+0.68/0.92/0+2.6 ms cpu, 3->4->2 MB, 4 MB goal, 0 MB stacks, 0 MB globals, 16 P
gc 4893 @13.064s 9%: 0.12+0.78+0.098 ms clock, 2.0+0.52/0.97/0+1.5 ms cpu, 4->4->2 MB, 4 MB goal, 0 MB stacks, 0 MB globals, 16 P
gc 4894 @13.066s 9%: 0.18+0.71+0.17 ms clock, 2.9+0.54/1.0/0+2.8 ms cpu, 4->5->2 MB, 5 MB goal, 0 MB stacks, 0 MB globals, 16 P
gc 4895 @13.068s 9%: 0.10+0.86+0.14 ms clock, 1.6+0.57/0.91/0+2.3 ms cpu, 4->5->2 MB, 5 MB goal, 0 MB stacks, 0 MB globals, 16 P
gc 4896 @13.070s 9%: 0.13+0.64+0.13 ms clock, 2.1+0.73/0.84/0+2.2 ms cpu, 4->5->2 MB, 5 MB goal, 0 MB stacks, 0 MB globals, 16 P
gc 4897 @13.072s 9%: 0.14+0.60+0.081 ms clock, 2.3+0.65/1.0/0+1.2 ms cpu, 4->5->2 MB, 5 MB goal, 0 MB stacks, 0 MB globals, 16 P
gc 4898 @13.074s 9%: 0.14+0.72+0.14 ms clock, 2.3+0.70/0.74/0+2.3 ms cpu, 4->5->2 MB, 4 MB goal, 0 MB stacks, 0 MB globals, 16 P
gc 4899 @13.076s 9%: 0.11+0.68+0.16 ms clock, 1.8+0.61/0.97/0+2.5 ms cpu, 4->5->2 MB, 5 MB goal, 0 MB stacks, 0 MB globals, 16 P
gc 4900 @13.078s 9%: 0.13+0.75+0.10 ms clock, 2.0+0.48/0.96/0.056+1.6 ms cpu, 4->4->2 MB, 4 MB goal, 0 MB stacks, 0 MB globals, 16 P
gc 4901 @13.080s 9%: 0.16+0.72+0.11 ms clock, 2.6+0.76/1.0/0+1.8 ms cpu, 4->5->2 MB, 4 MB goal, 0 MB stacks, 0 MB globals, 16 P
gc 4902 @13.082s 9%: 0.10+0.93+0.073 ms clock, 1.7+0.48/0.94/0+1.1 ms cpu, 4->5->2 MB, 5 MB goal, 0 MB stacks, 0 MB globals, 16 P
gc 4903 @13.084s 9%: 0.11+0.55+0.14 ms clock, 1.8+0.57/0.93/0+2.2 ms cpu, 4->5->2 MB, 5 MB goal, 0 MB stacks, 0 MB globals, 16 P
gc 4904 @13.085s 9%: 0.13+0.55+0.19 ms clock, 2.1+0.71/0.87/0.004+3.0 ms cpu, 4->4->2 MB, 4 MB goal, 0 MB stacks, 0 MB globals, 16 P
gc 4905 @13.087s 9%: 0.078+0.73+0.11 ms clock, 1.2+0.48/0.82/0.037+1.9 ms cpu, 3->4->2 MB, 4 MB goal, 0 MB stacks, 0 MB globals, 16 P
gc 4906 @13.089s 9%: 0.13+0.67+0.12 ms clock, 2.1+0.59/0.88/0+2.0 ms cpu, 4->4->2 MB, 4 MB goal, 0 MB stacks, 0 MB globals, 16 P
gc 4907 @13.091s 9%: 0.11+0.67+0.16 ms clock, 1.8+0.84/0.82/0+2.6 ms cpu, 4->4->2 MB, 4 MB goal, 0 MB stacks, 0 MB globals, 16 P
gc 4908 @13.092s 9%: 0.16+0.93+0.096 ms clock, 2.6+0.72/0.85/0+1.5 ms cpu, 3->5->2 MB, 4 MB goal, 0 MB stacks, 0 MB globals, 16 P
gc 4909 @13.094s 9%: 0.14+0.74+0.10 ms clock, 2.2+0.65/0.88/0+1.6 ms cpu, 4->5->2 MB, 5 MB goal, 0 MB stacks, 0 MB globals, 16 P
gc 4910 @13.096s 9%: 0.12+0.72+0.19 ms clock, 1.9+0.74/0.97/0.019+3.1 ms cpu, 4->5->2 MB, 4 MB goal, 0 MB stacks, 0 MB globals, 16 P
gc 4911 @13.098s 9%: 0.17+0.66+0.19 ms clock, 2.7+0.69/1.0/0+3.1 ms cpu, 4->4->2 MB, 4 MB goal, 0 MB stacks, 0 MB globals, 16 P
gc 4912 @13.100s 9%: 0.24+0.71+0.088 ms clock, 3.9+0.55/1.0/0+1.4 ms cpu, 4->5->2 MB, 4 MB goal, 0 MB stacks, 0 MB globals, 16 P
gc 4913 @13.102s 9%: 0.19+0.67+0.14 ms clock, 3.0+0.49/0.97/0+2.3 ms cpu, 4->5->2 MB, 5 MB goal, 0 MB stacks, 0 MB globals, 16 P
gc 4914 @13.104s 9%: 0.13+0.67+0.14 ms clock, 2.1+0.61/0.94/0+2.3 ms cpu, 3->4->2 MB, 4 MB goal, 0 MB stacks, 0 MB globals, 16 P
gc 4915 @13.105s 9%: 0.11+0.62+0.10 ms clock, 1.8+0.69/0.86/0.024+1.6 ms cpu, 4->4->2 MB, 4 MB goal, 0 MB stacks, 0 MB globals, 16 P
gc 4916 @13.107s 9%: 0.12+0.71+0.16 ms clock, 1.9+0.58/0.97/0+2.5 ms cpu, 3->4->2 MB, 4 MB goal, 0 MB stacks, 0 MB globals, 16 P
gc 4917 @13.109s 9%: 0.14+0.90+0.13 ms clock, 2.2+0.59/0.99/0.029+2.1 ms cpu, 4->5->2 MB, 5 MB goal, 0 MB stacks, 0 MB globals, 16 P
gc 4918 @13.111s 9%: 0.076+0.77+0.084 ms clock, 1.2+0.52/1.1/0+1.3 ms cpu, 4->5->2 MB, 5 MB goal, 0 MB stacks, 0 MB globals, 16 P
gc 4919 @13.113s 9%: 0.11+0.67+0.17 ms clock, 1.8+0.58/1.1/0+2.8 ms cpu, 4->4->2 MB, 4 MB goal, 0 MB stacks, 0 MB globals, 16 P
gc 4920 @13.114s 9%: 0.11+0.66+0.099 ms clock, 1.9+0.63/0.95/0+1.5 ms cpu, 4->5->2 MB, 4 MB goal, 0 MB stacks, 0 MB globals, 16 P
gc 4921 @13.116s 9%: 0.15+0.82+0.10 ms clock, 2.5+0.73/0.81/0+1.6 ms cpu, 4->5->2 MB, 5 MB goal, 0 MB stacks, 0 MB globals, 16 P
gc 4922 @13.118s 9%: 0.11+0.62+0.16 ms clock, 1.8+0.61/1.1/0+2.6 ms cpu, 4->5->2 MB, 5 MB goal, 0 MB stacks, 0 MB globals, 16 P
gc 4923 @13.120s 9%: 0.18+0.92+0.12 ms clock, 2.9+0.73/0.93/0+1.9 ms cpu, 4->5->2 MB, 4 MB goal, 0 MB stacks, 0 MB globals, 16 P
gc 4924 @13.122s 9%: 0.12+0.66+0.12 ms clock, 2.0+0.67/0.98/0+2.0 ms cpu, 4->5->2 MB, 5 MB goal, 0 MB stacks, 0 MB globals, 16 P
gc 4925 @13.124s 9%: 0.21+0.59+0.12 ms clock, 3.4+0.84/1.1/0+2.0 ms cpu, 3->4->2 MB, 4 MB goal, 0 MB stacks, 0 MB globals, 16 P
gc 4926 @13.126s 9%: 0.14+0.59+0.14 ms clock, 2.3+0.67/1.0/0+2.2 ms cpu, 4->5->2 MB, 5 MB goal, 0 MB stacks, 0 MB globals, 16 P
gc 4927 @13.128s 9%: 0.12+0.65+0.21 ms clock, 2.0+0.59/1.0/0+3.4 ms cpu, 4->4->2 MB, 4 MB goal, 0 MB stacks, 0 MB globals, 16 P
gc 4928 @13.129s 9%: 0.18+0.93+0.12 ms clock, 2.9+0.70/0.91/0+2.0 ms cpu, 4->5->2 MB, 4 MB goal, 0 MB stacks, 0 MB globals, 16 P
gc 4929 @13.132s 9%: 0.15+0.95+0.10 ms clock, 2.5+0.84/0.79/0+1.6 ms cpu, 4->5->2 MB, 5 MB goal, 0 MB stacks, 0 MB globals, 16 P
gc 4930 @13.134s 9%: 0.097+0.55+0.14 ms clock, 1.5+0.56/0.94/0+2.3 ms cpu, 4->5->2 MB, 5 MB goal, 0 MB stacks, 0 MB globals, 16 P
gc 4931 @13.136s 9%: 0.17+0.71+0.17 ms clock, 2.7+0.67/0.93/0+2.8 ms cpu, 3->4->2 MB, 4 MB goal, 0 MB stacks, 0 MB globals, 16 P
gc 4932 @13.138s 9%: 0.15+0.61+0.17 ms clock, 2.4+0.57/0.99/0+2.7 ms cpu, 4->5->2 MB, 5 MB goal, 0 MB stacks, 0 MB globals, 16 P
gc 4933 @13.140s 9%: 0.092+0.62+0.083 ms clock, 1.4+0.59/0.80/0.21+1.3 ms cpu, 4->4->2 MB, 4 MB goal, 0 MB stacks, 0 MB globals, 16 P
gc 4934 @13.141s 9%: 0.10+0.50+0.14 ms clock, 1.6+0.58/0.87/0+2.3 ms cpu, 3->4->2 MB, 4 MB goal, 0 MB stacks, 0 MB globals, 16 P
gc 4935 @13.143s 9%: 0.15+0.73+0.13 ms clock, 2.4+0.71/0.98/0+2.2 ms cpu, 3->4->2 MB, 4 MB goal, 0 MB stacks, 0 MB globals, 16 P
gc 4936 @13.145s 9%: 0.13+0.66+0.12 ms clock, 2.2+0.69/1.0/0+2.0 ms cpu, 4->5->2 MB, 4 MB goal, 0 MB stacks, 0 MB globals, 16 P
gc 4937 @13.147s 9%: 0.12+0.75+0.15 ms clock, 1.9+0.58/0.94/0+2.5 ms cpu, 4->5->2 MB, 4 MB goal, 0 MB stacks, 0 MB globals, 16 P
gc 4938 @13.148s 9%: 0.10+0.55+0.18 ms clock, 1.6+0.57/1.0/0.040+2.9 ms cpu, 4->5->2 MB, 5 MB goal, 0 MB stacks, 0 MB globals, 16 P
gc 4939 @13.150s 9%: 0.15+0.58+0.13 ms clock, 2.4+0.53/0.97/0+2.0 ms cpu, 4->4->2 MB, 4 MB goal, 0 MB stacks, 0 MB globals, 16 P
gc 4940 @13.152s 9%: 0.18+0.56+0.17 ms clock, 2.8+0.64/0.96/0+2.8 ms cpu, 4->4->2 MB, 4 MB goal, 0 MB stacks, 0 MB globals, 16 P
gc 4941 @13.154s 9%: 0.16+0.73+0.15 ms clock, 2.6+0.76/0.79/0.042+2.4 ms cpu, 4->4->2 MB, 4 MB goal, 0 MB stacks, 0 MB globals, 16 P
gc 4942 @13.155s 9%: 0.17+0.74+0.14 ms clock, 2.8+0.74/1.2/0+2.2 ms cpu, 4->5->2 MB, 4 MB goal, 0 MB stacks, 0 MB globals, 16 P
gc 4943 @13.158s 9%: 0.13+0.66+0.16 ms clock, 2.1+0.55/1.0/0.029+2.6 ms cpu, 4->5->2 MB, 5 MB goal, 0 MB stacks, 0 MB globals, 16 P
gc 4944 @13.159s 9%: 0.12+0.85+0.062 ms clock, 1.9+0.68/0.97/0+1.0 ms cpu, 4->5->2 MB, 4 MB goal, 0 MB stacks, 0 MB globals, 16 P
gc 4945 @13.161s 9%: 0.096+0.76+0.11 ms clock, 1.5+0.93/0.96/0+1.7 ms cpu, 4->5->2 MB, 5 MB goal, 0 MB stacks, 0 MB globals, 16 P
gc 4946 @13.163s 9%: 0.11+0.83+0.10 ms clock, 1.8+0.57/1.1/0.003+1.6 ms cpu, 4->5->2 MB, 5 MB goal, 0 MB stacks, 0 MB globals, 16 P
gc 4947 @13.165s 9%: 0.12+0.68+0.16 ms clock, 1.9+0.65/0.94/0+2.6 ms cpu, 4->5->2 MB, 4 MB goal, 0 MB stacks, 0 MB globals, 16 P
gc 4948 @13.167s 9%: 0.12+0.53+0.14 ms clock, 1.9+0.61/1.0/0+2.2 ms cpu, 4->4->2 MB, 5 MB goal, 0 MB stacks, 0 MB globals, 16 P
gc 4949 @13.169s 9%: 0.11+0.56+0.18 ms clock, 1.8+0.55/0.92/0+2.9 ms cpu, 3->4->2 MB, 4 MB goal, 0 MB stacks, 0 MB globals, 16 P
gc 4950 @13.170s 9%: 0.12+0.59+0.13 ms clock, 2.0+0.55/0.99/0+2.0 ms cpu, 3->4->2 MB, 4 MB goal, 0 MB stacks, 0 MB globals, 16 P
gc 4951 @13.172s 9%: 0.15+0.64+0.19 ms clock, 2.5+0.63/0.97/0+3.0 ms cpu, 4->4->2 MB, 4 MB goal, 0 MB stacks, 0 MB globals, 16 P
gc 4952 @13.174s 9%: 0.12+0.87+0.10 ms clock, 2.0+0.58/0.88/0+1.7 ms cpu, 4->5->2 MB, 4 MB goal, 0 MB stacks, 0 MB globals, 16 P
gc 4953 @13.176s 9%: 0.13+0.61+0.16 ms clock, 2.2+0.65/1.0/0+2.6 ms cpu, 4->5->2 MB, 5 MB goal, 0 MB stacks, 0 MB globals, 16 P
gc 4954 @13.178s 9%: 0.11+0.86+0.088 ms clock, 1.8+0.68/0.96/0+1.4 ms cpu, 4->5->2 MB, 4 MB goal, 0 MB stacks, 0 MB globals, 16 P
gc 4955 @13.180s 9%: 0.15+0.64+0.12 ms clock, 2.4+0.61/0.89/0+2.0 ms cpu, 4->5->2 MB, 5 MB goal, 0 MB stacks, 0 MB globals, 16 P
gc 4956 @13.182s 9%: 0.12+0.80+0.14 ms clock, 2.0+0.67/1.0/0+2.3 ms cpu, 4->5->2 MB, 4 MB goal, 0 MB stacks, 0 MB globals, 16 P
gc 4957 @13.183s 9%: 0.13+0.83+0.084 ms clock, 2.2+0.66/0.98/0+1.3 ms cpu, 4->5->2 MB, 5 MB goal, 0 MB stacks, 0 MB globals, 16 P
gc 4958 @13.185s 9%: 0.20+0.90+0.090 ms clock, 3.2+0.63/1.2/0.001+1.4 ms cpu, 4->5->2 MB, 4 MB goal, 0 MB stacks, 0 MB globals, 16 P
gc 4959 @13.187s 9%: 0.23+0.73+0.19 ms clock, 3.7+0.75/0.92/0+3.1 ms cpu, 4->5->2 MB, 5 MB goal, 0 MB stacks, 0 MB globals, 16 P
gc 4960 @13.189s 9%: 0.12+0.73+0.15 ms clock, 2.0+0.73/0.88/0+2.4 ms cpu, 4->5->2 MB, 5 MB goal, 0 MB stacks, 0 MB globals, 16 P
gc 4961 @13.191s 9%: 0.10+0.55+0.19 ms clock, 1.6+0.59/0.95/0.021+3.1 ms cpu, 4->4->2 MB, 4 MB goal, 0 MB stacks, 0 MB globals, 16 P
gc 4962 @13.193s 9%: 0.12+0.80+0.087 ms clock, 2.0+0.65/1.0/0+1.4 ms cpu, 4->5->2 MB, 4 MB goal, 0 MB stacks, 0 MB globals, 16 P
gc 4963 @13.195s 9%: 0.15+0.64+0.14 ms clock, 2.5+0.57/0.90/0+2.2 ms cpu, 4->5->2 MB, 5 MB goal, 0 MB stacks, 0 MB globals, 16 P
gc 4964 @13.197s 9%: 0.13+0.59+0.14 ms clock, 2.2+0.51/0.96/0+2.2 ms cpu, 3->4->2 MB, 4 MB goal, 0 MB stacks, 0 MB globals, 16 P
gc 4965 @13.198s 9%: 0.14+0.59+0.14 ms clock, 2.3+0.60/0.92/0+2.3 ms cpu, 4->4->2 MB, 4 MB goal, 0 MB stacks, 0 MB globals, 16 P
gc 4966 @13.200s 9%: 0.10+0.51+0.10 ms clock, 1.6+0.69/0.85/0+1.6 ms cpu, 4->4->2 MB, 4 MB goal, 0 MB stacks, 0 MB globals, 16 P
gc 4967 @13.202s 9%: 0.13+0.65+0.19 ms clock, 2.2+0.76/0.83/0+3.0 ms cpu, 3->4->2 MB, 4 MB goal, 0 MB stacks, 0 MB globals, 16 P
gc 4968 @13.204s 9%: 0.088+0.70+0.10 ms clock, 1.4+0.57/0.89/0+1.6 ms cpu, 4->5->2 MB, 5 MB goal, 0 MB stacks, 0 MB globals, 16 P
gc 4969 @13.206s 9%: 0.10+0.67+0.11 ms clock, 1.6+0.63/0.95/0.027+1.7 ms cpu, 4->5->2 MB, 4 MB goal, 0 MB stacks, 0 MB globals, 16 P
gc 4970 @13.207s 9%: 0.16+0.62+0.10 ms clock, 2.6+0.71/0.95/0+1.6 ms cpu, 4->5->2 MB, 4 MB goal, 0 MB stacks, 0 MB globals, 16 P
gc 4971 @13.209s 9%: 0.089+0.71+0.081 ms clock, 1.4+0.56/1.0/0+1.3 ms cpu, 4->4->2 MB, 4 MB goal, 0 MB stacks, 0 MB globals, 16 P
gc 4972 @13.211s 9%: 0.11+0.62+0.15 ms clock, 1.8+0.66/0.86/0+2.4 ms cpu, 4->4->2 MB, 4 MB goal, 0 MB stacks, 0 MB globals, 16 P
gc 4973 @13.213s 9%: 0.13+0.60+0.16 ms clock, 2.2+0.70/0.96/0+2.7 ms cpu, 4->5->2 MB, 4 MB goal, 0 MB stacks, 0 MB globals, 16 P
gc 4974 @13.215s 9%: 0.13+0.58+0.10 ms clock, 2.1+0.58/0.94/0+1.6 ms cpu, 4->5->2 MB, 4 MB goal, 0 MB stacks, 0 MB globals, 16 P
gc 4975 @13.216s 9%: 0.12+0.56+0.15 ms clock, 1.9+0.53/0.85/0.15+2.5 ms cpu, 4->4->2 MB, 4 MB goal, 0 MB stacks, 0 MB globals, 16 P
gc 4976 @13.218s 9%: 0.12+0.83+0.084 ms clock, 1.9+0.58/0.98/0+1.3 ms cpu, 3->4->2 MB, 4 MB goal, 0 MB stacks, 0 MB globals, 16 P
gc 4977 @13.220s 9%: 0.11+0.81+0.14 ms clock, 1.8+0.61/1.0/0.003+2.2 ms cpu, 4->5->2 MB, 5 MB goal, 0 MB stacks, 0 MB globals, 16 P
gc 4978 @13.222s 9%: 0.17+0.64+0.17 ms clock, 2.7+0.70/1.1/0+2.8 ms cpu, 4->5->2 MB, 5 MB goal, 0 MB stacks, 0 MB globals, 16 P
gc 4979 @13.224s 9%: 0.086+0.70+0.076 ms clock, 1.3+0.59/1.0/0.038+1.2 ms cpu, 4->5->2 MB, 5 MB goal, 0 MB stacks, 0 MB globals, 16 P
gc 4980 @13.226s 9%: 0.12+0.66+0.18 ms clock, 2.0+0.62/1.0/0+2.8 ms cpu, 4->4->2 MB, 4 MB goal, 0 MB stacks, 0 MB globals, 16 P
gc 4981 @13.228s 9%: 0.12+0.78+0.14 ms clock, 2.0+0.56/0.99/0+2.3 ms cpu, 4->5->2 MB, 5 MB goal, 0 MB stacks, 0 MB globals, 16 P
gc 4982 @13.230s 9%: 0.12+0.67+0.14 ms clock, 2.0+0.67/1.0/0+2.2 ms cpu, 4->5->2 MB, 5 MB goal, 0 MB stacks, 0 MB globals, 16 P
gc 4983 @13.231s 9%: 0.099+0.55+0.12 ms clock, 1.5+0.60/0.95/0+1.9 ms cpu, 4->4->2 MB, 5 MB goal, 0 MB stacks, 0 MB globals, 16 P
gc 4984 @13.233s 9%: 0.12+0.66+0.098 ms clock, 1.9+0.71/0.96/0+1.5 ms cpu, 3->4->2 MB, 4 MB goal, 0 MB stacks, 0 MB globals, 16 P
gc 4985 @13.235s 9%: 0.13+0.52+0.21 ms clock, 2.1+0.37/0.92/0.094+3.4 ms cpu, 4->4->2 MB, 4 MB goal, 0 MB stacks, 0 MB globals, 16 P
gc 4986 @13.236s 9%: 0.23+1.0+0.10 ms clock, 3.8+0.46/0.94/0+1.6 ms cpu, 3->4->2 MB, 4 MB goal, 0 MB stacks, 0 MB globals, 16 P
gc 4987 @13.239s 9%: 0.13+0.64+0.12 ms clock, 2.0+0.66/0.94/0+2.0 ms cpu, 4->5->2 MB, 5 MB goal, 0 MB stacks, 0 MB globals, 16 P
gc 4988 @13.241s 9%: 0.12+0.64+0.12 ms clock, 2.0+0.56/1.1/0+1.9 ms cpu, 4->5->2 MB, 5 MB goal, 0 MB stacks, 0 MB globals, 16 P
gc 4989 @13.242s 9%: 0.13+0.57+0.15 ms clock, 2.1+0.55/1.0/0+2.4 ms cpu, 4->4->2 MB, 4 MB goal, 0 MB stacks, 0 MB globals, 16 P
gc 4990 @13.244s 9%: 0.22+0.84+0.13 ms clock, 3.5+0.56/0.99/0+2.1 ms cpu, 3->4->2 MB, 4 MB goal, 0 MB stacks, 0 MB globals, 16 P
gc 4991 @13.246s 9%: 0.12+0.90+0.14 ms clock, 2.0+0.68/0.92/0+2.3 ms cpu, 4->5->2 MB, 5 MB goal, 0 MB stacks, 0 MB globals, 16 P
gc 4992 @13.248s 9%: 0.11+0.51+0.15 ms clock, 1.8+0.76/0.78/0+2.4 ms cpu, 4->5->2 MB, 5 MB goal, 0 MB stacks, 0 MB globals, 16 P
gc 4993 @13.250s 9%: 0.13+0.65+0.12 ms clock, 2.1+0.75/1.0/0+2.0 ms cpu, 3->4->2 MB, 4 MB goal, 0 MB stacks, 0 MB globals, 16 P
gc 4994 @13.252s 9%: 0.15+0.66+0.12 ms clock, 2.5+0.81/0.84/0.008+2.0 ms cpu, 4->4->2 MB, 4 MB goal, 0 MB stacks, 0 MB globals, 16 P
gc 4995 @13.253s 9%: 0.12+0.59+0.15 ms clock, 2.0+0.58/0.94/0.001+2.4 ms cpu, 4->4->2 MB, 4 MB goal, 0 MB stacks, 0 MB globals, 16 P
gc 4996 @13.255s 9%: 0.14+0.63+0.20 ms clock, 2.3+0.51/0.94/0.004+3.2 ms cpu, 3->4->2 MB, 4 MB goal, 0 MB stacks, 0 MB globals, 16 P
gc 4997 @13.257s 9%: 0.13+0.82+0.066 ms clock, 2.1+0.64/1.1/0.001+1.0 ms cpu, 4->5->2 MB, 4 MB goal, 0 MB stacks, 0 MB globals, 16 P
gc 4998 @13.259s 9%: 0.12+0.68+0.070 ms clock, 1.9+0.38/1.0/0+1.1 ms cpu, 4->5->2 MB, 5 MB goal, 0 MB stacks, 0 MB globals, 16 P
gc 4999 @13.261s 9%: 0.14+0.60+0.18 ms clock, 2.2+0.58/1.0/0.010+2.9 ms cpu, 4->4->2 MB, 4 MB goal, 0 MB stacks, 0 MB globals, 16 P
gc 5000 @13.262s 9%: 0.15+0.59+0.13 ms clock, 2.5+0.65/0.94/0.019+2.0 ms cpu, 4->4->2 MB, 4 MB goal, 0 MB stacks, 0 MB globals, 16 P
gc 5001 @13.264s 9%: 0.13+0.53+0.20 ms clock, 2.1+0.63/0.88/0+3.2 ms cpu, 3->4->2 MB, 4 MB goal, 0 MB stacks, 0 MB globals, 16 P
gc 5002 @13.266s 9%: 0.19+0.73+0.10 ms clock, 3.0+0.53/1.1/0+1.6 ms cpu, 4->5->2 MB, 4 MB goal, 0 MB stacks, 0 MB globals, 16 P
gc 5003 @13.268s 9%: 0.10+0.60+0.10 ms clock, 1.6+0.77/0.92/0+1.7 ms cpu, 4->5->2 MB, 5 MB goal, 0 MB stacks, 0 MB globals, 16 P
gc 5004 @13.270s 9%: 0.11+0.63+0.079 ms clock, 1.8+0.58/0.92/0+1.2 ms cpu, 4->4->2 MB, 4 MB goal, 0 MB stacks, 0 MB globals, 16 P
gc 5005 @13.271s 9%: 0.13+0.79+0.074 ms clock, 2.1+0.67/0.96/0+1.1 ms cpu, 3->4->2 MB, 4 MB goal, 0 MB stacks, 0 MB globals, 16 P
gc 5006 @13.273s 9%: 0.17+0.69+0.091 ms clock, 2.8+0.61/0.88/0+1.4 ms cpu, 4->5->2 MB, 5 MB goal, 0 MB stacks, 0 MB globals, 16 P
gc 5007 @13.275s 9%: 0.18+0.54+0.15 ms clock, 2.8+0.47/0.90/0+2.4 ms cpu, 4->4->2 MB, 4 MB goal, 0 MB stacks, 0 MB globals, 16 P
gc 5008 @13.277s 9%: 0.085+0.79+0.042 ms clock, 1.3+0.39/1.0/0+0.67 ms cpu, 4->4->2 MB, 4 MB goal, 0 MB stacks, 0 MB globals, 16 P
gc 5009 @13.278s 9%: 0.10+0.62+0.21 ms clock, 1.6+0.73/1.0/0+3.3 ms cpu, 4->4->2 MB, 4 MB goal, 0 MB stacks, 0 MB globals, 16 P
gc 5010 @13.280s 9%: 0.12+0.73+0.082 ms clock, 2.0+0.61/0.83/0+1.3 ms cpu, 4->4->2 MB, 4 MB goal, 0 MB stacks, 0 MB globals, 16 P
gc 5011 @13.282s 9%: 0.12+0.76+0.088 ms clock, 2.0+0.60/0.80/0.28+1.4 ms cpu, 4->4->2 MB, 4 MB goal, 0 MB stacks, 0 MB globals, 16 P
gc 5012 @13.284s 9%: 0.10+0.54+0.10 ms clock, 1.7+0.58/0.94/0+1.6 ms cpu, 4->5->2 MB, 4 MB goal, 0 MB stacks, 0 MB globals, 16 P
gc 5013 @13.285s 9%: 0.11+0.63+0.099 ms clock, 1.8+0.54/0.87/0.005+1.5 ms cpu, 3->4->2 MB, 4 MB goal, 0 MB stacks, 0 MB globals, 16 P
gc 5014 @13.287s 9%: 0.16+0.67+0.12 ms clock, 2.6+0.52/0.98/0+1.9 ms cpu, 4->4->2 MB, 4 MB goal, 0 MB stacks, 0 MB globals, 16 P
gc 5015 @13.289s 9%: 0.11+0.82+0.10 ms clock, 1.9+0.75/1.2/0+1.7 ms cpu, 4->5->2 MB, 5 MB goal, 0 MB stacks, 0 MB globals, 16 P
gc 5016 @13.291s 9%: 0.11+0.57+0.11 ms clock, 1.7+0.65/0.93/0+1.7 ms cpu, 4->5->2 MB, 5 MB goal, 0 MB stacks, 0 MB globals, 16 P
gc 5017 @13.293s 9%: 0.16+0.67+0.087 ms clock, 2.5+0.66/1.1/0+1.4 ms cpu, 4->5->2 MB, 4 MB goal, 0 MB stacks, 0 MB globals, 16 P
gc 5018 @13.294s 9%: 0.11+0.71+0.16 ms clock, 1.8+0.69/1.0/0+2.5 ms cpu, 4->5->2 MB, 5 MB goal, 0 MB stacks, 0 MB globals, 16 P
gc 5019 @13.297s 9%: 0.13+0.64+0.22 ms clock, 2.1+0.73/0.93/0+3.6 ms cpu, 4->5->2 MB, 5 MB goal, 0 MB stacks, 0 MB globals, 16 P
gc 5020 @13.298s 9%: 0.14+0.59+0.11 ms clock, 2.3+0.70/1.0/0+1.8 ms cpu, 4->4->2 MB, 4 MB goal, 0 MB stacks, 0 MB globals, 16 P
gc 5021 @13.300s 9%: 0.10+0.75+0.15 ms clock, 1.7+0.56/1.0/0+2.4 ms cpu, 4->4->2 MB, 4 MB goal, 0 MB stacks, 0 MB globals, 16 P
gc 5022 @13.302s 9%: 0.14+0.60+0.095 ms clock, 2.2+0.83/0.77/0+1.5 ms cpu, 4->4->2 MB, 5 MB goal, 0 MB stacks, 0 MB globals, 16 P
gc 5023 @13.304s 9%: 0.17+0.73+0.11 ms clock, 2.8+0.82/0.80/0+1.9 ms cpu, 3->4->2 MB, 4 MB goal, 0 MB stacks, 0 MB globals, 16 P
gc 5024 @13.306s 9%: 0.20+0.48+0.16 ms clock, 3.2+0.68/0.78/0+2.6 ms cpu, 4->4->2 MB, 5 MB goal, 0 MB stacks, 0 MB globals, 16 P
gc 5025 @13.307s 9%: 0.11+0.75+0.041 ms clock, 1.8+0.47/1.0/0.099+0.67 ms cpu, 3->4->2 MB, 4 MB goal, 0 MB stacks, 0 MB globals, 16 P
gc 5026 @13.309s 9%: 0.12+0.63+0.12 ms clock, 1.9+0.57/1.0/0+2.0 ms cpu, 4->4->2 MB, 4 MB goal, 0 MB stacks, 0 MB globals, 16 P
gc 5027 @13.311s 9%: 0.11+0.74+0.13 ms clock, 1.8+0.53/0.93/0+2.1 ms cpu, 4->4->2 MB, 4 MB goal, 0 MB stacks, 0 MB globals, 16 P
gc 5028 @13.312s 9%: 0.18+0.64+0.19 ms clock, 2.9+0.53/1.0/0+3.1 ms cpu, 4->4->2 MB, 4 MB goal, 0 MB stacks, 0 MB globals, 16 P
gc 5029 @13.314s 9%: 0.22+0.78+0.14 ms clock, 3.6+0.64/0.95/0+2.3 ms cpu, 4->5->2 MB, 4 MB goal, 0 MB stacks, 0 MB globals, 16 P
gc 5030 @13.316s 9%: 0.12+0.95+0.10 ms clock, 1.9+0.80/0.90/0+1.6 ms cpu, 4->5->2 MB, 5 MB goal, 0 MB stacks, 0 MB globals, 16 P
gc 5031 @13.319s 9%: 0.19+0.70+0.20 ms clock, 3.1+0.68/1.0/0+3.2 ms cpu, 4->5->2 MB, 5 MB goal, 0 MB stacks, 0 MB globals, 16 P
gc 5032 @13.321s 9%: 0.097+0.70+0.15 ms clock, 1.5+0.68/0.91/0+2.5 ms cpu, 4->5->2 MB, 5 MB goal, 0 MB stacks, 0 MB globals, 16 P
gc 5033 @13.322s 9%: 0.23+0.66+0.14 ms clock, 3.7+0.70/0.92/0+2.3 ms cpu, 4->4->2 MB, 4 MB goal, 0 MB stacks, 0 MB globals, 16 P
gc 5034 @13.324s 9%: 0.10+0.64+0.14 ms clock, 1.7+0.75/0.99/0+2.3 ms cpu, 4->5->2 MB, 5 MB goal, 0 MB stacks, 0 MB globals, 16 P
gc 5035 @13.326s 9%: 0.11+0.72+0.13 ms clock, 1.8+0.68/0.98/0+2.2 ms cpu, 4->5->2 MB, 5 MB goal, 0 MB stacks, 0 MB globals, 16 P
gc 5036 @13.328s 9%: 0.11+0.87+0.099 ms clock, 1.8+0.70/0.82/0+1.5 ms cpu, 4->5->2 MB, 4 MB goal, 0 MB stacks, 0 MB globals, 16 P
gc 5037 @13.330s 9%: 0.094+0.75+0.099 ms clock, 1.5+0.62/1.0/0+1.5 ms cpu, 4->5->2 MB, 5 MB goal, 0 MB stacks, 0 MB globals, 16 P
gc 5038 @13.332s 9%: 0.14+0.58+0.15 ms clock, 2.3+0.72/0.79/0+2.4 ms cpu, 4->5->2 MB, 5 MB goal, 0 MB stacks, 0 MB globals, 16 P
gc 5039 @13.334s 9%: 0.17+0.62+0.19 ms clock, 2.8+0.56/0.98/0+3.0 ms cpu, 4->4->2 MB, 4 MB goal, 0 MB stacks, 0 MB globals, 16 P
gc 5040 @13.336s 9%: 0.14+0.91+0.065 ms clock, 2.2+0.79/1.1/0+1.0 ms cpu, 3->5->2 MB, 4 MB goal, 0 MB stacks, 0 MB globals, 16 P
gc 5041 @13.338s 9%: 0.10+0.75+0.17 ms clock, 1.6+0.70/0.98/0.001+2.8 ms cpu, 4->5->2 MB, 5 MB goal, 0 MB stacks, 0 MB globals, 16 P
gc 5042 @13.340s 9%: 0.12+0.60+0.13 ms clock, 1.9+0.54/0.90/0.073+2.0 ms cpu, 4->5->2 MB, 5 MB goal, 0 MB stacks, 0 MB globals, 16 P
gc 5043 @13.342s 9%: 0.14+0.60+0.15 ms clock, 2.2+0.73/0.94/0+2.4 ms cpu, 3->4->2 MB, 4 MB goal, 0 MB stacks, 0 MB globals, 16 P
gc 5044 @13.343s 9%: 0.12+0.86+0.15 ms clock, 2.0+0.60/1.0/0+2.5 ms cpu, 4->5->2 MB, 4 MB goal, 0 MB stacks, 0 MB globals, 16 P
gc 5045 @13.346s 9%: 0.11+0.63+0.071 ms clock, 1.8+0.60/0.90/0.087+1.1 ms cpu, 4->5->2 MB, 5 MB goal, 0 MB stacks, 0 MB globals, 16 P
gc 5046 @13.347s 9%: 0.18+0.72+0.17 ms clock, 2.9+0.52/1.0/0+2.7 ms cpu, 4->5->2 MB, 4 MB goal, 0 MB stacks, 0 MB globals, 16 P
gc 5047 @13.349s 9%: 0.10+0.63+0.13 ms clock, 1.6+0.62/0.98/0+2.1 ms cpu, 4->5->2 MB, 5 MB goal, 0 MB stacks, 0 MB globals, 16 P
gc 5048 @13.351s 9%: 0.12+0.60+0.14 ms clock, 1.9+0.53/0.92/0+2.3 ms cpu, 4->4->2 MB, 4 MB goal, 0 MB stacks, 0 MB globals, 16 P
gc 5049 @13.353s 9%: 0.11+0.45+0.15 ms clock, 1.9+0.57/0.95/0+2.4 ms cpu, 4->4->2 MB, 4 MB goal, 0 MB stacks, 0 MB globals, 16 P
gc 5050 @13.354s 9%: 0.14+0.74+0.098 ms clock, 2.3+0.74/0.92/0+1.5 ms cpu, 3->4->2 MB, 4 MB goal, 0 MB stacks, 0 MB globals, 16 P
gc 5051 @13.356s 9%: 0.17+0.70+0.11 ms clock, 2.8+0.68/0.93/0+1.8 ms cpu, 4->5->2 MB, 4 MB goal, 0 MB stacks, 0 MB globals, 16 P
gc 5052 @13.358s 9%: 0.12+0.59+0.10 ms clock, 2.0+0.55/0.99/0+1.6 ms cpu, 4->5->2 MB, 5 MB goal, 0 MB stacks, 0 MB globals, 16 P
gc 5053 @13.360s 9%: 0.14+0.62+0.11 ms clock, 2.3+0.61/0.93/0+1.8 ms cpu, 4->4->2 MB, 4 MB goal, 0 MB stacks, 0 MB globals, 16 P
gc 5054 @13.362s 9%: 0.11+0.73+0.078 ms clock, 1.7+0.48/0.97/0.12+1.2 ms cpu, 4->4->2 MB, 4 MB goal, 0 MB stacks, 0 MB globals, 16 P
gc 5055 @13.364s 9%: 0.14+0.70+0.11 ms clock, 2.2+0.60/1.1/0.001+1.8 ms cpu, 4->5->2 MB, 4 MB goal, 0 MB stacks, 0 MB globals, 16 P
gc 5056 @13.366s 9%: 0.14+0.69+0.10 ms clock, 2.3+0.69/0.99/0+1.6 ms cpu, 4->5->2 MB, 5 MB goal, 0 MB stacks, 0 MB globals, 16 P
gc 5057 @13.367s 9%: 0.11+0.58+0.14 ms clock, 1.8+0.55/0.93/0+2.3 ms cpu, 4->4->2 MB, 4 MB goal, 0 MB stacks, 0 MB globals, 16 P
gc 5058 @13.369s 9%: 0.13+0.67+0.25 ms clock, 2.1+0.61/0.92/0+4.0 ms cpu, 4->4->2 MB, 4 MB goal, 0 MB stacks, 0 MB globals, 16 P
gc 5059 @13.371s 9%: 0.13+0.66+0.12 ms clock, 2.0+0.68/0.98/0+2.0 ms cpu, 4->5->2 MB, 4 MB goal, 0 MB stacks, 0 MB globals, 16 P
gc 5060 @13.373s 9%: 0.13+0.83+0.12 ms clock, 2.1+0.70/1.0/0.005+2.0 ms cpu, 4->5->2 MB, 5 MB goal, 0 MB stacks, 0 MB globals, 16 P
gc 5061 @13.375s 9%: 0.11+0.85+0.13 ms clock, 1.7+0.65/1.2/0+2.2 ms cpu, 4->5->2 MB, 5 MB goal, 0 MB stacks, 0 MB globals, 16 P
gc 5062 @13.377s 9%: 0.12+0.70+0.18 ms clock, 2.0+0.80/0.98/0+2.9 ms cpu, 4->5->2 MB, 5 MB goal, 0 MB stacks, 0 MB globals, 16 P
gc 5063 @13.379s 9%: 0.14+0.73+0.13 ms clock, 2.3+0.66/0.98/0+2.1 ms cpu, 4->5->2 MB, 5 MB goal, 0 MB stacks, 0 MB globals, 16 P
gc 5064 @13.381s 9%: 0.15+0.86+0.10 ms clock, 2.5+0.82/0.89/0+1.6 ms cpu, 4->5->2 MB, 5 MB goal, 0 MB stacks, 0 MB globals, 16 P
gc 5065 @13.383s 9%: 0.10+0.64+0.14 ms clock, 1.6+0.53/1.0/0.021+2.3 ms cpu, 4->5->2 MB, 5 MB goal, 0 MB stacks, 0 MB globals, 16 P
gc 5066 @13.385s 9%: 0.19+0.84+0.016 ms clock, 3.1+0.61/1.0/0+0.27 ms cpu, 3->4->2 MB, 4 MB goal, 0 MB stacks, 0 MB globals, 16 P
gc 5067 @13.387s 9%: 0.17+0.92+0.10 ms clock, 2.8+0.75/0.88/0+1.7 ms cpu, 4->5->2 MB, 5 MB goal, 0 MB stacks, 0 MB globals, 16 P
gc 5068 @13.389s 9%: 0.10+0.60+0.14 ms clock, 1.7+0.53/0.95/0.24+2.2 ms cpu, 4->5->2 MB, 5 MB goal, 0 MB stacks, 0 MB globals, 16 P
gc 5069 @13.391s 9%: 0.15+0.86+0.087 ms clock, 2.4+0.73/0.84/0+1.4 ms cpu, 3->4->2 MB, 4 MB goal, 0 MB stacks, 0 MB globals, 16 P
gc 5070 @13.393s 9%: 0.12+0.68+0.16 ms clock, 2.0+0.67/0.84/0+2.6 ms cpu, 4->5->2 MB, 5 MB goal, 0 MB stacks, 0 MB globals, 16 P
gc 5071 @13.394s 9%: 0.10+0.61+0.12 ms clock, 1.7+0.52/1.0/0.046+2.0 ms cpu, 4->5->2 MB, 4 MB goal, 0 MB stacks, 0 MB globals, 16 P
gc 5072 @13.396s 9%: 0.11+0.76+0.10 ms clock, 1.7+0.54/1.1/0+1.6 ms cpu, 4->5->2 MB, 4 MB goal, 0 MB stacks, 0 MB globals, 16 P
gc 5073 @13.398s 9%: 0.11+0.70+0.071 ms clock, 1.8+0.59/0.88/0+1.1 ms cpu, 4->5->2 MB, 5 MB goal, 0 MB stacks, 0 MB globals, 16 P
gc 5074 @13.400s 9%: 0.10+0.73+0.11 ms clock, 1.7+0.65/0.87/0+1.7 ms cpu, 4->4->2 MB, 4 MB goal, 0 MB stacks, 0 MB globals, 16 P
gc 5075 @13.402s 9%: 0.19+0.83+0.095 ms clock, 3.1+0.59/1.2/0+1.5 ms cpu, 4->5->2 MB, 4 MB goal, 0 MB stacks, 0 MB globals, 16 P
gc 5076 @13.404s 9%: 0.10+0.72+0.12 ms clock, 1.6+0.43/1.0/0+2.0 ms cpu, 4->5->2 MB, 5 MB goal, 0 MB stacks, 0 MB globals, 16 P
gc 5077 @13.406s 9%: 0.16+0.68+0.15 ms clock, 2.6+0.72/0.86/0+2.5 ms cpu, 4->5->2 MB, 5 MB goal, 0 MB stacks, 0 MB globals, 16 P
gc 5078 @13.408s 9%: 0.24+0.73+0.18 ms clock, 3.9+0.59/0.94/0+2.9 ms cpu, 4->5->2 MB, 4 MB goal, 0 MB stacks, 0 MB globals, 16 P
gc 5079 @13.410s 9%: 0.15+0.72+0.11 ms clock, 2.4+0.67/0.86/0+1.8 ms cpu, 4->5->2 MB, 5 MB goal, 0 MB stacks, 0 MB globals, 16 P
gc 5080 @13.412s 9%: 0.11+1.0+0.078 ms clock, 1.8+0.64/1.0/0.003+1.2 ms cpu, 4->5->2 MB, 5 MB goal, 0 MB stacks, 0 MB globals, 16 P
gc 5081 @13.414s 9%: 0.11+0.54+0.15 ms clock, 1.8+0.46/0.94/0+2.5 ms cpu, 4->5->2 MB, 5 MB goal, 0 MB stacks, 0 MB globals, 16 P
gc 5082 @13.415s 9%: 0.15+0.55+0.20 ms clock, 2.5+0.59/0.90/0+3.2 ms cpu, 4->4->2 MB, 4 MB goal, 0 MB stacks, 0 MB globals, 16 P
gc 5083 @13.417s 9%: 0.12+0.88+0.14 ms clock, 2.0+0.56/0.98/0.031+2.2 ms cpu, 3->5->2 MB, 4 MB goal, 0 MB stacks, 0 MB globals, 16 P
gc 5084 @13.419s 9%: 0.15+0.66+0.16 ms clock, 2.4+0.88/0.90/0+2.6 ms cpu, 4->5->2 MB, 5 MB goal, 0 MB stacks, 0 MB globals, 16 P
gc 5085 @13.421s 9%: 0.14+0.80+0.16 ms clock, 2.2+0.65/1.0/0.050+2.6 ms cpu, 4->5->2 MB, 4 MB goal, 0 MB stacks, 0 MB globals, 16 P
gc 5086 @13.423s 9%: 0.10+0.72+0.087 ms clock, 1.7+0.59/1.0/0+1.4 ms cpu, 4->5->2 MB, 4 MB goal, 0 MB stacks, 0 MB globals, 16 P
gc 5087 @13.425s 9%: 0.13+0.65+0.091 ms clock, 2.1+0.64/1.0/0+1.4 ms cpu, 4->5->2 MB, 5 MB goal, 0 MB stacks, 0 MB globals, 16 P
gc 5088 @13.427s 9%: 0.12+0.65+0.15 ms clock, 1.9+0.54/1.0/0.008+2.4 ms cpu, 4->4->2 MB, 4 MB goal, 0 MB stacks, 0 MB globals, 16 P
gc 5089 @13.428s 9%: 0.11+0.74+0.19 ms clock, 1.8+0.40/1.1/0+3.0 ms cpu, 4->5->2 MB, 4 MB goal, 0 MB stacks, 0 MB globals, 16 P
gc 5090 @13.430s 9%: 0.12+0.67+0.12 ms clock, 2.0+0.75/0.87/0+1.9 ms cpu, 4->5->2 MB, 5 MB goal, 0 MB stacks, 0 MB globals, 16 P
gc 5091 @13.432s 9%: 0.14+0.70+0.095 ms clock, 2.2+0.57/0.92/0+1.5 ms cpu, 4->4->2 MB, 4 MB goal, 0 MB stacks, 0 MB globals, 16 P
gc 5092 @13.434s 9%: 0.12+0.56+0.18 ms clock, 2.0+0.66/0.94/0.005+2.9 ms cpu, 4->4->2 MB, 4 MB goal, 0 MB stacks, 0 MB globals, 16 P
gc 5093 @13.436s 9%: 0.15+0.56+0.14 ms clock, 2.5+0.58/0.90/0+2.2 ms cpu, 3->4->2 MB, 4 MB goal, 0 MB stacks, 0 MB globals, 16 P
gc 5094 @13.437s 9%: 0.10+0.67+0.048 ms clock, 1.6+0.51/0.92/0.038+0.76 ms cpu, 4->4->2 MB, 4 MB goal, 0 MB stacks, 0 MB globals, 16 P
gc 5095 @13.439s 9%: 0.11+0.59+0.16 ms clock, 1.8+0.60/0.99/0+2.6 ms cpu, 4->4->2 MB, 4 MB goal, 0 MB stacks, 0 MB globals, 16 P
gc 5096 @13.441s 9%: 0.11+0.64+0.21 ms clock, 1.7+0.70/0.82/0.014+3.4 ms cpu, 3->4->2 MB, 4 MB goal, 0 MB stacks, 0 MB globals, 16 P
gc 5097 @13.442s 9%: 0.16+0.74+0.11 ms clock, 2.6+0.63/0.95/0+1.8 ms cpu, 3->4->2 MB, 4 MB goal, 0 MB stacks, 0 MB globals, 16 P
gc 5098 @13.445s 9%: 0.15+0.55+0.20 ms clock, 2.5+0.91/0.75/0+3.3 ms cpu, 4->5->2 MB, 5 MB goal, 0 MB stacks, 0 MB globals, 16 P
gc 5099 @13.446s 9%: 0.12+0.76+0.12 ms clock, 1.9+0.61/1.2/0+2.0 ms cpu, 3->4->2 MB, 4 MB goal, 0 MB stacks, 0 MB globals, 16 P
gc 5100 @13.448s 9%: 0.17+0.67+0.18 ms clock, 2.7+0.69/1.0/0.003+2.9 ms cpu, 4->5->2 MB, 5 MB goal, 0 MB stacks, 0 MB globals, 16 P
gc 5101 @13.450s 9%: 0.15+0.81+0.12 ms clock, 2.4+0.61/0.99/0+1.9 ms cpu, 4->5->2 MB, 4 MB goal, 0 MB stacks, 0 MB globals, 16 P
gc 5102 @13.452s 9%: 0.17+0.68+0.14 ms clock, 2.8+0.60/1.0/0.004+2.3 ms cpu, 4->5->2 MB, 5 MB goal, 0 MB stacks, 0 MB globals, 16 P
gc 5103 @13.454s 9%: 0.14+0.83+0.10 ms clock, 2.2+0.69/0.99/0+1.6 ms cpu, 4->5->2 MB, 5 MB goal, 0 MB stacks, 0 MB globals, 16 P
gc 5104 @13.456s 9%: 0.11+0.60+0.16 ms clock, 1.7+0.60/1.0/0+2.6 ms cpu, 4->5->2 MB, 5 MB goal, 0 MB stacks, 0 MB globals, 16 P
gc 5105 @13.458s 9%: 0.096+0.78+0.092 ms clock, 1.5+0.43/1.2/0+1.4 ms cpu, 3->5->2 MB, 4 MB goal, 0 MB stacks, 0 MB globals, 16 P
gc 5106 @13.460s 9%: 0.096+0.77+0.10 ms clock, 1.5+0.77/0.88/0+1.6 ms cpu, 4->5->2 MB, 5 MB goal, 0 MB stacks, 0 MB globals, 16 P
gc 5107 @13.462s 9%: 0.13+0.84+0.091 ms clock, 2.1+0.79/0.85/0+1.4 ms cpu, 4->5->2 MB, 5 MB goal, 0 MB stacks, 0 MB globals, 16 P
gc 5108 @13.464s 9%: 0.11+0.76+0.073 ms clock, 1.8+0.70/1.0/0+1.1 ms cpu, 4->5->2 MB, 5 MB goal, 0 MB stacks, 0 MB globals, 16 P
gc 5109 @13.466s 9%: 0.10+0.53+0.19 ms clock, 1.6+0.50/0.89/0.070+3.1 ms cpu, 4->4->2 MB, 5 MB goal, 0 MB stacks, 0 MB globals, 16 P
gc 5110 @13.467s 9%: 0.15+0.55+0.14 ms clock, 2.4+0.43/0.99/0+2.3 ms cpu, 3->4->2 MB, 4 MB goal, 0 MB stacks, 0 MB globals, 16 P
gc 5111 @13.469s 9%: 0.10+0.53+0.13 ms clock, 1.6+0.59/0.76/0+2.1 ms cpu, 3->4->2 MB, 4 MB goal, 0 MB stacks, 0 MB globals, 16 P
gc 5112 @13.470s 9%: 0.11+0.62+0.14 ms clock, 1.8+0.68/0.95/0+2.2 ms cpu, 3->4->2 MB, 4 MB goal, 0 MB stacks, 0 MB globals, 16 P
gc 5113 @13.472s 9%: 0.11+0.57+0.12 ms clock, 1.8+0.57/1.0/0.044+2.0 ms cpu, 4->5->2 MB, 4 MB goal, 0 MB stacks, 0 MB globals, 16 P
gc 5114 @13.474s 9%: 0.12+0.68+0.17 ms clock, 1.9+0.55/0.76/0.13+2.7 ms cpu, 3->4->2 MB, 4 MB goal, 0 MB stacks, 0 MB globals, 16 P
gc 5115 @13.475s 9%: 0.28+0.69+0.15 ms clock, 4.5+0.82/1.0/0+2.4 ms cpu, 3->4->2 MB, 4 MB goal, 0 MB stacks, 0 MB globals, 16 P
gc 5116 @13.478s 9%: 0.11+0.75+0.088 ms clock, 1.7+0.58/0.88/0+1.4 ms cpu, 4->5->2 MB, 5 MB goal, 0 MB stacks, 0 MB globals, 16 P
gc 5117 @13.479s 9%: 0.13+0.51+0.18 ms clock, 2.1+0.64/0.94/0+2.9 ms cpu, 4->4->2 MB, 4 MB goal, 0 MB stacks, 0 MB globals, 16 P
gc 5118 @13.481s 9%: 0.13+0.62+0.13 ms clock, 2.1+0.72/1.0/0+2.1 ms cpu, 3->4->2 MB, 4 MB goal, 0 MB stacks, 0 MB globals, 16 P
gc 5119 @13.483s 9%: 0.096+0.57+0.16 ms clock, 1.5+0.57/1.0/0+2.6 ms cpu, 4->4->2 MB, 4 MB goal, 0 MB stacks, 0 MB globals, 16 P
gc 5120 @13.484s 9%: 0.14+0.53+0.12 ms clock, 2.2+0.90/1.0/0+1.9 ms cpu, 3->4->2 MB, 4 MB goal, 0 MB stacks, 0 MB globals, 16 P
gc 5121 @13.486s 9%: 0.14+0.61+0.13 ms clock, 2.3+0.63/0.91/0.001+2.1 ms cpu, 3->4->2 MB, 4 MB goal, 0 MB stacks, 0 MB globals, 16 P
gc 5122 @13.488s 9%: 0.12+0.79+0.13 ms clock, 2.0+0.51/0.87/0.083+2.1 ms cpu, 4->5->2 MB, 4 MB goal, 0 MB stacks, 0 MB globals, 16 P
gc 5123 @13.490s 9%: 0.099+0.52+0.19 ms clock, 1.5+0.49/0.96/0+3.1 ms cpu, 4->4->2 MB, 4 MB goal, 0 MB stacks, 0 MB globals, 16 P
gc 5124 @13.491s 9%: 0.15+0.86+0.082 ms clock, 2.4+0.68/1.1/0+1.3 ms cpu, 3->4->2 MB, 4 MB goal, 0 MB stacks, 0 MB globals, 16 P
gc 5125 @13.493s 9%: 0.14+0.80+0.097 ms clock, 2.3+0.57/0.96/0+1.5 ms cpu, 4->5->2 MB, 5 MB goal, 0 MB stacks, 0 MB globals, 16 P
gc 5126 @13.495s 9%: 0.11+0.60+0.10 ms clock, 1.8+0.67/0.87/0.007+1.6 ms cpu, 4->5->2 MB, 5 MB goal, 0 MB stacks, 0 MB globals, 16 P
gc 5127 @13.497s 9%: 0.10+0.64+0.23 ms clock, 1.6+0.49/1.0/0+3.8 ms cpu, 4->4->2 MB, 4 MB goal, 0 MB stacks, 0 MB globals, 16 P
gc 5128 @13.499s 9%: 0.10+0.62+0.14 ms clock, 1.6+0.72/1.0/0.010+2.2 ms cpu, 4->4->2 MB, 4 MB goal, 0 MB stacks, 0 MB globals, 16 P
gc 5129 @13.501s 9%: 0.19+0.50+0.21 ms clock, 3.1+0.86/0.85/0+3.4 ms cpu, 4->4->2 MB, 4 MB goal, 0 MB stacks, 0 MB globals, 16 P
gc 5130 @13.502s 9%: 0.13+0.92+0.095 ms clock, 2.0+0.70/1.1/0+1.5 ms cpu, 3->5->2 MB, 4 MB goal, 0 MB stacks, 0 MB globals, 16 P
gc 5131 @13.504s 9%: 0.12+0.68+0.18 ms clock, 1.9+0.55/1.0/0+2.9 ms cpu, 4->5->2 MB, 5 MB goal, 0 MB stacks, 0 MB globals, 16 P
gc 5132 @13.506s 9%: 0.13+0.84+0.076 ms clock, 2.2+0.52/0.93/0+1.2 ms cpu, 4->5->2 MB, 4 MB goal, 0 MB stacks, 0 MB globals, 16 P
gc 5133 @13.508s 9%: 0.15+0.54+0.15 ms clock, 2.4+0.68/0.87/0+2.5 ms cpu, 4->5->2 MB, 5 MB goal, 0 MB stacks, 0 MB globals, 16 P
gc 5134 @13.510s 9%: 0.11+0.85+0.091 ms clock, 1.8+0.59/0.92/0+1.4 ms cpu, 4->5->2 MB, 4 MB goal, 0 MB stacks, 0 MB globals, 16 P
gc 5135 @13.512s 9%: 0.11+0.54+0.095 ms clock, 1.8+0.42/0.95/0+1.5 ms cpu, 4->5->2 MB, 5 MB goal, 0 MB stacks, 0 MB globals, 16 P
gc 5136 @13.514s 9%: 0.13+0.79+0.15 ms clock, 2.1+0.64/0.85/0+2.5 ms cpu, 3->4->2 MB, 4 MB goal, 0 MB stacks, 0 MB globals, 16 P
gc 5137 @13.516s 9%: 0.13+0.82+0.049 ms clock, 2.1+0.57/1.1/0.021+0.79 ms cpu, 4->5->2 MB, 5 MB goal, 0 MB stacks, 0 MB globals, 16 P
gc 5138 @13.518s 9%: 0.13+0.55+0.14 ms clock, 2.1+0.66/0.95/0+2.3 ms cpu, 4->5->2 MB, 5 MB goal, 0 MB stacks, 0 MB globals, 16 P
gc 5139 @13.519s 9%: 0.19+0.55+0.15 ms clock, 3.1+0.71/1.0/0+2.5 ms cpu, 3->4->2 MB, 4 MB goal, 0 MB stacks, 0 MB globals, 16 P
gc 5140 @13.521s 9%: 0.15+0.58+0.22 ms clock, 2.4+0.63/0.97/0+3.5 ms cpu, 3->4->2 MB, 4 MB goal, 0 MB stacks, 0 MB globals, 16 P
gc 5141 @13.523s 9%: 0.14+0.77+0.21 ms clock, 2.3+0.56/0.94/0.024+3.4 ms cpu, 4->5->2 MB, 4 MB goal, 0 MB stacks, 0 MB globals, 16 P
gc 5142 @13.525s 9%: 0.12+0.70+0.097 ms clock, 1.9+0.52/0.85/0.077+1.5 ms cpu, 4->5->2 MB, 5 MB goal, 0 MB stacks, 0 MB globals, 16 P
gc 5143 @13.527s 9%: 0.11+0.69+0.15 ms clock, 1.8+0.66/0.94/0.007+2.4 ms cpu, 4->5->2 MB, 4 MB goal, 0 MB stacks, 0 MB globals, 16 P
gc 5144 @13.529s 9%: 0.12+0.78+0.099 ms clock, 2.0+0.63/1.0/0+1.5 ms cpu, 4->5->2 MB, 4 MB goal, 0 MB stacks, 0 MB globals, 16 P
gc 5145 @13.531s 9%: 0.10+0.69+0.19 ms clock, 1.6+0.55/0.99/0+3.1 ms cpu, 4->5->2 MB, 5 MB goal, 0 MB stacks, 0 MB globals, 16 P
gc 5146 @13.533s 9%: 0.15+0.77+0.089 ms clock, 2.4+0.69/0.98/0.045+1.4 ms cpu, 3->4->2 MB, 4 MB goal, 0 MB stacks, 0 MB globals, 16 P
gc 5147 @13.534s 9%: 0.12+0.66+0.14 ms clock, 2.0+0.55/0.95/0+2.3 ms cpu, 4->5->2 MB, 5 MB goal, 0 MB stacks, 0 MB globals, 16 P
gc 5148 @13.536s 9%: 0.14+0.71+0.17 ms clock, 2.3+0.71/1.0/0+2.7 ms cpu, 3->4->2 MB, 4 MB goal, 0 MB stacks, 0 MB globals, 16 P
gc 5149 @13.538s 9%: 0.10+0.76+0.097 ms clock, 1.6+0.63/0.93/0+1.5 ms cpu, 4->4->2 MB, 4 MB goal, 0 MB stacks, 0 MB globals, 16 P
gc 5150 @13.540s 9%: 0.091+0.57+0.17 ms clock, 1.4+0.66/1.0/0+2.7 ms cpu, 4->4->2 MB, 4 MB goal, 0 MB stacks, 0 MB globals, 16 P
gc 5151 @13.541s 9%: 0.12+0.61+0.14 ms clock, 1.9+0.63/0.95/0+2.3 ms cpu, 3->4->2 MB, 4 MB goal, 0 MB stacks, 0 MB globals, 16 P
gc 5152 @13.543s 9%: 0.13+0.71+0.18 ms clock, 2.1+0.74/0.88/0+2.8 ms cpu, 4->4->2 MB, 4 MB goal, 0 MB stacks, 0 MB globals, 16 P
gc 5153 @13.545s 9%: 0.10+0.65+0.088 ms clock, 1.7+0.50/0.92/0+1.4 ms cpu, 4->5->2 MB, 4 MB goal, 0 MB stacks, 0 MB globals, 16 P
gc 5154 @13.547s 9%: 0.16+0.97+0.10 ms clock, 2.6+0.71/0.76/0+1.7 ms cpu, 4->5->2 MB, 4 MB goal, 0 MB stacks, 0 MB globals, 16 P
gc 5155 @13.549s 9%: 0.12+1.0+0.088 ms clock, 1.9+0.74/0.95/0+1.4 ms cpu, 4->5->2 MB, 5 MB goal, 0 MB stacks, 0 MB globals, 16 P
gc 5156 @13.551s 9%: 0.16+0.90+0.054 ms clock, 2.6+0.62/0.86/0.058+0.87 ms cpu, 4->5->2 MB, 5 MB goal, 0 MB stacks, 0 MB globals, 16 P
gc 5157 @13.554s 9%: 0.10+0.68+0.13 ms clock, 1.6+0.64/0.96/0.041+2.2 ms cpu, 4->5->2 MB, 5 MB goal, 0 MB stacks, 0 MB globals, 16 P
gc 5158 @13.555s 9%: 0.12+0.89+0.067 ms clock, 2.0+0.72/1.0/0+1.0 ms cpu, 4->5->2 MB, 4 MB goal, 0 MB stacks, 0 MB globals, 16 P
gc 5159 @13.557s 9%: 0.17+0.64+0.19 ms clock, 2.7+0.53/0.95/0+3.0 ms cpu, 4->5->2 MB, 5 MB goal, 0 MB stacks, 0 MB globals, 16 P
gc 5160 @13.559s 9%: 0.091+0.61+0.14 ms clock, 1.4+0.59/0.86/0.010+2.3 ms cpu, 4->4->2 MB, 4 MB goal, 0 MB stacks, 0 MB globals, 16 P
gc 5161 @13.561s 9%: 0.13+0.69+0.11 ms clock, 2.2+0.62/0.89/0.021+1.9 ms cpu, 3->4->2 MB, 4 MB goal, 0 MB stacks, 0 MB globals, 16 P
gc 5162 @13.563s 9%: 0.10+0.64+0.11 ms clock, 1.6+0.47/0.98/0+1.9 ms cpu, 4->4->2 MB, 4 MB goal, 0 MB stacks, 0 MB globals, 16 P
gc 5163 @13.564s 9%: 0.15+0.52+0.11 ms clock, 2.4+0.60/0.91/0+1.7 ms cpu, 3->4->2 MB, 4 MB goal, 0 MB stacks, 0 MB globals, 16 P
gc 5164 @13.566s 9%: 0.11+0.60+0.21 ms clock, 1.8+0.72/0.81/0+3.5 ms cpu, 3->4->2 MB, 4 MB goal, 0 MB stacks, 0 MB globals, 16 P
gc 5165 @13.567s 9%: 0.12+0.77+0.097 ms clock, 1.9+0.66/1.1/0.007+1.5 ms cpu, 3->4->2 MB, 4 MB goal, 0 MB stacks, 0 MB globals, 16 P
gc 5166 @13.569s 9%: 0.11+0.78+0.13 ms clock, 1.8+0.62/1.0/0+2.0 ms cpu, 4->5->2 MB, 5 MB goal, 0 MB stacks, 0 MB globals, 16 P
gc 5167 @13.572s 9%: 0.15+0.54+0.13 ms clock, 2.4+0.81/0.80/0+2.2 ms cpu, 4->5->2 MB, 5 MB goal, 0 MB stacks, 0 MB globals, 16 P
gc 5168 @13.573s 9%: 0.18+0.59+0.15 ms clock, 2.8+0.75/0.91/0+2.5 ms cpu, 4->4->2 MB, 4 MB goal, 0 MB stacks, 0 MB globals, 16 P
gc 5169 @13.575s 9%: 0.13+0.81+0.10 ms clock, 2.2+0.67/0.83/0.10+1.6 ms cpu, 4->5->2 MB, 4 MB goal, 0 MB stacks, 0 MB globals, 16 P
gc 5170 @13.577s 9%: 0.11+0.69+0.10 ms clock, 1.9+0.76/1.0/0+1.7 ms cpu, 4->5->2 MB, 5 MB goal, 0 MB stacks, 0 MB globals, 16 P
gc 5171 @13.579s 9%: 0.17+0.77+0.15 ms clock, 2.7+0.77/0.78/0+2.4 ms cpu, 4->5->2 MB, 4 MB goal, 0 MB stacks, 0 MB globals, 16 P
gc 5172 @13.581s 9%: 0.10+0.58+0.18 ms clock, 1.7+0.59/1.0/0.001+2.9 ms cpu, 4->5->2 MB, 5 MB goal, 0 MB stacks, 0 MB globals, 16 P
gc 5173 @13.583s 9%: 0.14+0.75+0.14 ms clock, 2.3+0.41/0.96/0+2.3 ms cpu, 4->4->2 MB, 4 MB goal, 0 MB stacks, 0 MB globals, 16 P
gc 5174 @13.585s 9%: 0.11+0.73+0.077 ms clock, 1.8+0.50/0.94/0.024+1.2 ms cpu, 4->5->2 MB, 4 MB goal, 0 MB stacks, 0 MB globals, 16 P
gc 5175 @13.586s 9%: 0.14+0.71+0.14 ms clock, 2.2+0.51/0.91/0+2.2 ms cpu, 4->4->2 MB, 4 MB goal, 0 MB stacks, 0 MB globals, 16 P
gc 5176 @13.588s 9%: 0.20+0.77+0.10 ms clock, 3.2+0.65/0.93/0.003+1.6 ms cpu, 4->5->2 MB, 5 MB goal, 0 MB stacks, 0 MB globals, 16 P
gc 5177 @13.590s 9%: 0.10+0.80+0.090 ms clock, 1.6+0.60/0.96/0.002+1.4 ms cpu, 4->5->2 MB, 5 MB goal, 0 MB stacks, 0 MB globals, 16 P
gc 5178 @13.592s 9%: 0.10+0.57+0.10 ms clock, 1.7+0.43/0.79/0.14+1.6 ms cpu, 4->5->2 MB, 5 MB goal, 0 MB stacks, 0 MB globals, 16 P
gc 5179 @13.594s 9%: 0.12+0.71+0.10 ms clock, 2.0+0.57/1.1/0.007+1.6 ms cpu, 3->4->2 MB, 4 MB goal, 0 MB stacks, 0 MB globals, 16 P
gc 5180 @13.596s 9%: 0.12+0.58+0.13 ms clock, 1.9+0.68/0.91/0+2.2 ms cpu, 4->4->2 MB, 5 MB goal, 0 MB stacks, 0 MB globals, 16 P
gc 5181 @13.597s 9%: 0.13+0.59+0.18 ms clock, 2.2+0.58/0.98/0.035+2.9 ms cpu, 3->4->2 MB, 4 MB goal, 0 MB stacks, 0 MB globals, 16 P
gc 5182 @13.599s 9%: 0.11+1.0+0.093 ms clock, 1.9+0.76/0.86/0+1.5 ms cpu, 4->5->2 MB, 4 MB goal, 0 MB stacks, 0 MB globals, 16 P
gc 5183 @13.601s 9%: 0.13+0.73+0.13 ms clock, 2.1+0.58/0.97/0+2.2 ms cpu, 4->5->2 MB, 5 MB goal, 0 MB stacks, 0 MB globals, 16 P
gc 5184 @13.603s 9%: 0.12+0.51+0.13 ms clock, 2.0+0.87/0.86/0+2.1 ms cpu, 4->4->2 MB, 4 MB goal, 0 MB stacks, 0 MB globals, 16 P
gc 5185 @13.605s 9%: 0.20+0.87+0.16 ms clock, 3.3+0.78/1.0/0+2.6 ms cpu, 3->5->2 MB, 4 MB goal, 0 MB stacks, 0 MB globals, 16 P
gc 5186 @13.607s 9%: 0.16+0.67+0.18 ms clock, 2.6+0.70/1.1/0+2.9 ms cpu, 4->5->2 MB, 5 MB goal, 0 MB stacks, 0 MB globals, 16 P
gc 5187 @13.609s 9%: 0.11+0.70+0.099 ms clock, 1.8+0.67/1.0/0+1.5 ms cpu, 4->5->2 MB, 5 MB goal, 0 MB stacks, 0 MB globals, 16 P
gc 5188 @13.611s 9%: 0.14+0.78+0.13 ms clock, 2.3+0.68/1.1/0+2.2 ms cpu, 4->5->2 MB, 5 MB goal, 0 MB stacks, 0 MB globals, 16 P
gc 5189 @13.613s 9%: 0.16+0.70+0.15 ms clock, 2.6+0.61/0.99/0+2.4 ms cpu, 4->5->2 MB, 5 MB goal, 0 MB stacks, 0 MB globals, 16 P
gc 5190 @13.615s 9%: 0.13+0.77+0.10 ms clock, 2.1+0.51/1.0/0+1.6 ms cpu, 4->5->2 MB, 5 MB goal, 0 MB stacks, 0 MB globals, 16 P
gc 5191 @13.617s 9%: 0.10+0.90+0.089 ms clock, 1.6+0.63/1.0/0+1.4 ms cpu, 4->5->2 MB, 5 MB goal, 0 MB stacks, 0 MB globals, 16 P
gc 5192 @13.619s 9%: 0.12+0.66+0.11 ms clock, 1.9+0.71/0.86/0+1.8 ms cpu, 4->5->2 MB, 5 MB goal, 0 MB stacks, 0 MB globals, 16 P
gc 5193 @13.621s 9%: 0.12+0.73+0.20 ms clock, 1.9+0.67/0.95/0+3.2 ms cpu, 4->5->2 MB, 5 MB goal, 0 MB stacks, 0 MB globals, 16 P
gc 5194 @13.623s 9%: 0.12+0.77+0.17 ms clock, 2.0+0.76/1.0/0.003+2.7 ms cpu, 4->5->2 MB, 4 MB goal, 0 MB stacks, 0 MB globals, 16 P
gc 5195 @13.625s 9%: 0.11+0.66+0.085 ms clock, 1.7+0.62/1.0/0.005+1.3 ms cpu, 4->5->2 MB, 5 MB goal, 0 MB stacks, 0 MB globals, 16 P
gc 5196 @13.627s 9%: 0.17+0.67+0.19 ms clock, 2.7+0.58/0.97/0+3.0 ms cpu, 4->4->2 MB, 5 MB goal, 0 MB stacks, 0 MB globals, 16 P
gc 5197 @13.629s 9%: 0.14+0.69+0.16 ms clock, 2.2+0.54/1.0/0+2.6 ms cpu, 4->5->2 MB, 4 MB goal, 0 MB stacks, 0 MB globals, 16 P
gc 5198 @13.631s 9%: 0.12+0.73+0.033 ms clock, 2.0+0.56/0.90/0+0.53 ms cpu, 4->5->2 MB, 5 MB goal, 0 MB stacks, 0 MB globals, 16 P
gc 5199 @13.633s 9%: 0.10+0.81+0.10 ms clock, 1.7+0.63/0.93/0+1.6 ms cpu, 4->5->2 MB, 4 MB goal, 0 MB stacks, 0 MB globals, 16 P
gc 5200 @13.635s 9%: 0.10+0.81+0.089 ms clock, 1.7+0.71/0.81/0.070+1.4 ms cpu, 4->5->2 MB, 4 MB goal, 0 MB stacks, 0 MB globals, 16 P
gc 5201 @13.637s 9%: 0.13+0.67+0.10 ms clock, 2.2+0.62/1.0/0.004+1.7 ms cpu, 4->5->2 MB, 4 MB goal, 0 MB stacks, 0 MB globals, 16 P
gc 5202 @13.638s 9%: 0.15+0.73+0.093 ms clock, 2.5+0.67/0.93/0+1.4 ms cpu, 4->5->2 MB, 4 MB goal, 0 MB stacks, 0 MB globals, 16 P
gc 5203 @13.640s 9%: 0.12+0.65+0.11 ms clock, 1.9+0.51/1.0/0.023+1.8 ms cpu, 4->5->2 MB, 5 MB goal, 0 MB stacks, 0 MB globals, 16 P
gc 5204 @13.642s 9%: 0.12+0.73+0.10 ms clock, 1.9+0.73/0.80/0+1.7 ms cpu, 4->4->2 MB, 4 MB goal, 0 MB stacks, 0 MB globals, 16 P
gc 5205 @13.644s 9%: 0.11+0.68+0.041 ms clock, 1.8+0.52/1.1/0+0.65 ms cpu, 4->5->2 MB, 4 MB goal, 0 MB stacks, 0 MB globals, 16 P
gc 5206 @13.646s 9%: 0.11+0.57+0.078 ms clock, 1.8+0.55/0.92/0.024+1.2 ms cpu, 4->4->2 MB, 4 MB goal, 0 MB stacks, 0 MB globals, 16 P
gc 5207 @13.647s 9%: 0.11+0.64+0.15 ms clock, 1.8+0.61/1.0/0+2.5 ms cpu, 3->4->2 MB, 4 MB goal, 0 MB stacks, 0 MB globals, 16 P
gc 5208 @13.649s 9%: 0.097+0.58+0.12 ms clock, 1.5+0.58/1.0/0.012+2.0 ms cpu, 4->4->2 MB, 4 MB goal, 0 MB stacks, 0 MB globals, 16 P
gc 5209 @13.651s 9%: 0.16+0.59+0.17 ms clock, 2.6+0.70/0.85/0+2.8 ms cpu, 3->4->2 MB, 4 MB goal, 0 MB stacks, 0 MB globals, 16 P
gc 5210 @13.653s 9%: 0.10+0.70+0.20 ms clock, 1.6+0.68/0.92/0+3.2 ms cpu, 4->4->2 MB, 4 MB goal, 0 MB stacks, 0 MB globals, 16 P
gc 5211 @13.654s 9%: 0.094+0.94+0.11 ms clock, 1.5+0.57/0.95/0.049+1.9 ms cpu, 4->5->2 MB, 5 MB goal, 0 MB stacks, 0 MB globals, 16 P
gc 5212 @13.656s 9%: 0.13+0.82+0.10 ms clock, 2.1+0.52/1.1/0+1.6 ms cpu, 4->5->2 MB, 5 MB goal, 0 MB stacks, 0 MB globals, 16 P
gc 5213 @13.658s 9%: 0.12+0.56+0.17 ms clock, 2.0+0.56/1.0/0+2.8 ms cpu, 4->4->2 MB, 5 MB goal, 0 MB stacks, 0 MB globals, 16 P
gc 5214 @13.660s 9%: 0.22+0.65+0.16 ms clock, 3.5+0.80/1.0/0+2.5 ms cpu, 3->4->2 MB, 4 MB goal, 0 MB stacks, 0 MB globals, 16 P
gc 5215 @13.662s 9%: 0.18+0.94+0.10 ms clock, 2.9+0.69/0.88/0+1.6 ms cpu, 4->5->2 MB, 4 MB goal, 0 MB stacks, 0 MB globals, 16 P
gc 5216 @13.664s 9%: 0.096+0.83+0.16 ms clock, 1.5+0.73/0.88/0+2.5 ms cpu, 4->5->2 MB, 5 MB goal, 0 MB stacks, 0 MB globals, 16 P
gc 5217 @13.666s 9%: 0.099+0.70+0.088 ms clock, 1.5+0.47/1.0/0+1.4 ms cpu, 4->5->2 MB, 5 MB goal, 0 MB stacks, 0 MB globals, 16 P
gc 5218 @13.668s 9%: 0.13+0.61+0.15 ms clock, 2.1+0.67/0.94/0.006+2.4 ms cpu, 4->4->2 MB, 4 MB goal, 0 MB stacks, 0 MB globals, 16 P
gc 5219 @13.670s 9%: 0.12+0.57+0.12 ms clock, 1.9+0.61/0.98/0.028+2.0 ms cpu, 4->4->2 MB, 5 MB goal, 0 MB stacks, 0 MB globals, 16 P
gc 5220 @13.671s 9%: 0.12+0.64+0.16 ms clock, 1.9+0.47/1.0/0+2.5 ms cpu, 3->4->2 MB, 4 MB goal, 0 MB stacks, 0 MB globals, 16 P
gc 5221 @13.673s 9%: 0.11+0.60+0.097 ms clock, 1.8+0.52/0.88/0+1.5 ms cpu, 4->4->2 MB, 4 MB goal, 0 MB stacks, 0 MB globals, 16 P
gc 5222 @13.675s 9%: 0.10+0.59+0.12 ms clock, 1.7+0.67/0.91/0+1.9 ms cpu, 4->4->2 MB, 4 MB goal, 0 MB stacks, 0 MB globals, 16 P
gc 5223 @13.676s 9%: 0.11+0.67+0.18 ms clock, 1.8+0.63/1.0/0+2.9 ms cpu, 4->4->2 MB, 4 MB goal, 0 MB stacks, 0 MB globals, 16 P
gc 5224 @13.678s 9%: 0.10+0.63+0.10 ms clock, 1.6+0.53/0.86/0.15+1.7 ms cpu, 4->4->2 MB, 4 MB goal, 0 MB stacks, 0 MB globals, 16 P
gc 5225 @13.680s 9%: 0.15+0.54+0.12 ms clock, 2.4+0.57/1.0/0.002+1.9 ms cpu, 4->4->2 MB, 4 MB goal, 0 MB stacks, 0 MB globals, 16 P
gc 5226 @13.682s 9%: 0.13+0.77+0.10 ms clock, 2.1+0.71/0.97/0+1.7 ms cpu, 4->4->2 MB, 4 MB goal, 0 MB stacks, 0 MB globals, 16 P
gc 5227 @13.684s 9%: 0.12+0.73+0.12 ms clock, 2.0+0.53/0.86/0.089+1.9 ms cpu, 4->5->2 MB, 5 MB goal, 0 MB stacks, 0 MB globals, 16 P
gc 5228 @13.685s 9%: 0.13+0.61+0.14 ms clock, 2.2+0.57/1.0/0+2.3 ms cpu, 4->4->2 MB, 4 MB goal, 0 MB stacks, 0 MB globals, 16 P
gc 5229 @13.687s 9%: 0.14+0.72+0.13 ms clock, 2.3+0.56/1.0/0+2.1 ms cpu, 4->5->2 MB, 4 MB goal, 0 MB stacks, 0 MB globals, 16 P
gc 5230 @13.689s 9%: 0.080+0.60+0.18 ms clock, 1.2+0.55/0.83/0+2.9 ms cpu, 4->5->2 MB, 5 MB goal, 0 MB stacks, 0 MB globals, 16 P
gc 5231 @13.691s 9%: 0.16+0.51+0.14 ms clock, 2.6+0.60/0.95/0+2.3 ms cpu, 3->4->2 MB, 4 MB goal, 0 MB stacks, 0 MB globals, 16 P
gc 5232 @13.692s 9%: 0.14+0.65+0.14 ms clock, 2.2+0.60/1.1/0+2.3 ms cpu, 4->4->2 MB, 4 MB goal, 0 MB stacks, 0 MB globals, 16 P
gc 5233 @13.694s 9%: 0.12+0.60+0.13 ms clock, 1.9+0.55/0.96/0.047+2.1 ms cpu, 4->4->2 MB, 4 MB goal, 0 MB stacks, 0 MB globals, 16 P
gc 5234 @13.696s 9%: 0.11+0.73+0.095 ms clock, 1.7+0.36/1.0/0+1.5 ms cpu, 4->4->2 MB, 4 MB goal, 0 MB stacks, 0 MB globals, 16 P
gc 5235 @13.698s 9%: 0.12+0.63+0.16 ms clock, 2.0+0.65/1.0/0+2.6 ms cpu, 3->4->2 MB, 4 MB goal, 0 MB stacks, 0 MB globals, 16 P
gc 5236 @13.699s 9%: 0.10+0.55+0.18 ms clock, 1.6+0.77/0.87/0.016+2.9 ms cpu, 3->4->1 MB, 4 MB goal, 0 MB stacks, 0 MB globals, 16 P
gc 5237 @13.701s 9%: 0.22+0.68+0.12 ms clock, 3.6+0.74/0.99/0+1.9 ms cpu, 3->4->2 MB, 4 MB goal, 0 MB stacks, 0 MB globals, 16 P
gc 5238 @13.703s 9%: 0.18+0.61+0.20 ms clock, 3.0+0.70/0.90/0+3.2 ms cpu, 4->5->2 MB, 5 MB goal, 0 MB stacks, 0 MB globals, 16 P
gc 5239 @13.705s 9%: 0.12+0.78+0.18 ms clock, 1.9+0.69/0.96/0+2.9 ms cpu, 3->4->2 MB, 4 MB goal, 0 MB stacks, 0 MB globals, 16 P
gc 5240 @13.707s 9%: 0.12+0.79+0.12 ms clock, 2.0+0.48/0.84/0+1.9 ms cpu, 4->5->2 MB, 5 MB goal, 0 MB stacks, 0 MB globals, 16 P
gc 5241 @13.708s 9%: 0.17+0.80+0.10 ms clock, 2.7+0.72/1.1/0.023+1.7 ms cpu, 4->5->2 MB, 5 MB goal, 0 MB stacks, 0 MB globals, 16 P
gc 5242 @13.711s 9%: 0.14+0.59+0.15 ms clock, 2.3+0.66/0.99/0+2.4 ms cpu, 4->5->2 MB, 5 MB goal, 0 MB stacks, 0 MB globals, 16 P
gc 5243 @13.713s 9%: 0.10+0.80+0.092 ms clock, 1.7+0.58/0.89/0+1.4 ms cpu, 4->5->2 MB, 4 MB goal, 0 MB stacks, 0 MB globals, 16 P
gc 5244 @13.715s 9%: 0.10+0.64+0.094 ms clock, 1.6+0.56/0.90/0.046+1.5 ms cpu, 4->5->2 MB, 5 MB goal, 0 MB stacks, 0 MB globals, 16 P
gc 5245 @13.716s 9%: 0.10+0.66+0.11 ms clock, 1.6+0.75/0.84/0+1.8 ms cpu, 3->4->2 MB, 4 MB goal, 0 MB stacks, 0 MB globals, 16 P
gc 5246 @13.718s 9%: 0.17+0.64+0.12 ms clock, 2.7+0.66/1.0/0+2.0 ms cpu, 3->4->2 MB, 4 MB goal, 0 MB stacks, 0 MB globals, 16 P
gc 5247 @13.720s 9%: 0.11+0.72+0.12 ms clock, 1.8+0.62/0.96/0+1.9 ms cpu, 4->4->2 MB, 4 MB goal, 0 MB stacks, 0 MB globals, 16 P
gc 5248 @13.722s 9%: 0.11+0.68+0.093 ms clock, 1.8+0.56/1.0/0.004+1.4 ms cpu, 3->4->2 MB, 4 MB goal, 0 MB stacks, 0 MB globals, 16 P
gc 5249 @13.723s 9%: 0.12+0.65+0.11 ms clock, 2.0+0.51/1.0/0+1.8 ms cpu, 4->5->2 MB, 4 MB goal, 0 MB stacks, 0 MB globals, 16 P
gc 5250 @13.725s 9%: 0.12+0.77+0.099 ms clock, 2.0+0.47/1.0/0+1.5 ms cpu, 4->4->2 MB, 4 MB goal, 0 MB stacks, 0 MB globals, 16 P
gc 5251 @13.727s 9%: 0.17+0.59+0.093 ms clock, 2.7+0.62/0.92/0+1.4 ms cpu, 4->4->2 MB, 4 MB goal, 0 MB stacks, 0 MB globals, 16 P
gc 5252 @13.729s 9%: 0.18+0.69+0.11 ms clock, 2.8+0.57/0.81/0+1.7 ms cpu, 4->4->2 MB, 4 MB goal, 0 MB stacks, 0 MB globals, 16 P
gc 5253 @13.731s 9%: 0.19+0.62+0.20 ms clock, 3.0+0.66/1.0/0+3.2 ms cpu, 4->5->2 MB, 4 MB goal, 0 MB stacks, 0 MB globals, 16 P
gc 5254 @13.732s 9%: 0.11+0.71+0.11 ms clock, 1.7+0.65/1.0/0+1.7 ms cpu, 4->5->2 MB, 4 MB goal, 0 MB stacks, 0 MB globals, 16 P
gc 5255 @13.734s 9%: 0.10+0.72+0.096 ms clock, 1.6+0.52/0.88/0.085+1.5 ms cpu, 4->4->2 MB, 4 MB goal, 0 MB stacks, 0 MB globals, 16 P
gc 5256 @13.736s 9%: 0.11+0.69+0.15 ms clock, 1.8+0.57/0.99/0.019+2.5 ms cpu, 4->4->2 MB, 4 MB goal, 0 MB stacks, 0 MB globals, 16 P
gc 5257 @13.738s 9%: 0.11+0.65+0.056 ms clock, 1.8+0.55/0.86/0.025+0.91 ms cpu, 3->4->2 MB, 4 MB goal, 0 MB stacks, 0 MB globals, 16 P
gc 5258 @13.740s 9%: 0.10+0.83+0.045 ms clock, 1.7+0.70/0.84/0.003+0.72 ms cpu, 4->5->2 MB, 4 MB goal, 0 MB stacks, 0 MB globals, 16 P
gc 5259 @13.741s 9%: 0.11+0.54+0.14 ms clock, 1.9+0.75/0.79/0+2.3 ms cpu, 4->4->2 MB, 5 MB goal, 0 MB stacks, 0 MB globals, 16 P
gc 5260 @13.743s 9%: 0.13+0.65+0.13 ms clock, 2.1+0.66/0.97/0+2.1 ms cpu, 3->4->2 MB, 4 MB goal, 0 MB stacks, 0 MB globals, 16 P
gc 5261 @13.745s 9%: 0.13+0.68+0.10 ms clock, 2.0+0.63/1.0/0+1.7 ms cpu, 4->5->2 MB, 4 MB goal, 0 MB stacks, 0 MB globals, 16 P
gc 5262 @13.747s 9%: 0.13+0.52+0.22 ms clock, 2.0+0.79/0.91/0+3.6 ms cpu, 4->4->2 MB, 5 MB goal, 0 MB stacks, 0 MB globals, 16 P
gc 5263 @13.748s 9%: 0.13+0.68+0.16 ms clock, 2.2+0.59/0.94/0+2.6 ms cpu, 3->4->2 MB, 4 MB goal, 0 MB stacks, 0 MB globals, 16 P
gc 5264 @13.750s 9%: 0.11+0.55+0.20 ms clock, 1.9+0.64/1.0/0+3.2 ms cpu, 4->4->2 MB, 5 MB goal, 0 MB stacks, 0 MB globals, 16 P
gc 5265 @13.752s 9%: 0.17+0.85+0.10 ms clock, 2.7+0.55/0.78/0.048+1.6 ms cpu, 4->4->2 MB, 4 MB goal, 0 MB stacks, 0 MB globals, 16 P
gc 5266 @13.754s 9%: 0.19+0.63+0.14 ms clock, 3.0+0.64/0.91/0+2.3 ms cpu, 4->5->2 MB, 5 MB goal, 0 MB stacks, 0 MB globals, 16 P
gc 5267 @13.756s 9%: 0.098+0.64+0.17 ms clock, 1.5+0.66/0.92/0.040+2.8 ms cpu, 4->5->2 MB, 5 MB goal, 0 MB stacks, 0 MB globals, 16 P
gc 5268 @13.757s 9%: 0.12+0.96+0.090 ms clock, 2.0+0.62/1.0/0+1.4 ms cpu, 4->5->2 MB, 4 MB goal, 0 MB stacks, 0 MB globals, 16 P
gc 5269 @13.759s 9%: 0.10+0.85+0.090 ms clock, 1.7+0.75/0.97/0.061+1.4 ms cpu, 4->5->2 MB, 5 MB goal, 0 MB stacks, 0 MB globals, 16 P
gc 5270 @13.762s 9%: 0.12+0.64+0.15 ms clock, 1.9+0.64/0.90/0+2.4 ms cpu, 4->5->2 MB, 5 MB goal, 0 MB stacks, 0 MB globals, 16 P
gc 5271 @13.763s 9%: 0.16+0.66+0.11 ms clock, 2.5+0.77/1.0/0+1.8 ms cpu, 4->5->2 MB, 4 MB goal, 0 MB stacks, 0 MB globals, 16 P
gc 5272 @13.765s 9%: 0.12+0.62+0.18 ms clock, 2.0+0.60/0.99/0+3.0 ms cpu, 4->4->2 MB, 5 MB goal, 0 MB stacks, 0 MB globals, 16 P
gc 5273 @13.767s 9%: 0.10+0.60+0.18 ms clock, 1.6+0.57/1.0/0+2.9 ms cpu, 4->5->2 MB, 4 MB goal, 0 MB stacks, 0 MB globals, 16 P
gc 5274 @13.769s 9%: 0.15+0.75+0.10 ms clock, 2.4+0.53/1.0/0+1.7 ms cpu, 4->5->2 MB, 4 MB goal, 0 MB stacks, 0 MB globals, 16 P
gc 5275 @13.771s 9%: 0.096+0.59+0.11 ms clock, 1.5+0.54/0.99/0+1.8 ms cpu, 4->5->2 MB, 5 MB goal, 0 MB stacks, 0 MB globals, 16 P
gc 5276 @13.772s 9%: 0.10+0.74+0.075 ms clock, 1.7+0.63/1.0/0+1.2 ms cpu, 4->4->2 MB, 4 MB goal, 0 MB stacks, 0 MB globals, 16 P
gc 5277 @13.774s 9%: 0.11+0.67+0.12 ms clock, 1.8+0.57/1.0/0+2.0 ms cpu, 4->4->2 MB, 4 MB goal, 0 MB stacks, 0 MB globals, 16 P
gc 5278 @13.776s 9%: 0.13+0.64+0.12 ms clock, 2.1+0.84/0.98/0.001+1.9 ms cpu, 3->4->2 MB, 4 MB goal, 0 MB stacks, 0 MB globals, 16 P
gc 5279 @13.778s 9%: 0.14+0.74+0.16 ms clock, 2.2+0.73/0.95/0+2.6 ms cpu, 4->5->2 MB, 4 MB goal, 0 MB stacks, 0 MB globals, 16 P
gc 5280 @13.780s 9%: 0.12+0.73+0.16 ms clock, 2.0+0.56/1.0/0+2.6 ms cpu, 4->5->2 MB, 5 MB goal, 0 MB stacks, 0 MB globals, 16 P
gc 5281 @13.782s 9%: 0.11+0.70+0.16 ms clock, 1.8+0.47/1.1/0+2.6 ms cpu, 4->5->2 MB, 4 MB goal, 0 MB stacks, 0 MB globals, 16 P
gc 5282 @13.783s 9%: 0.095+0.76+0.080 ms clock, 1.5+0.43/1.0/0.079+1.2 ms cpu, 4->5->2 MB, 5 MB goal, 0 MB stacks, 0 MB globals, 16 P
gc 5283 @13.785s 9%: 0.11+0.55+0.17 ms clock, 1.8+0.66/0.80/0+2.7 ms cpu, 4->5->2 MB, 5 MB goal, 0 MB stacks, 0 MB globals, 16 P
gc 5284 @13.787s 9%: 0.10+0.79+0.069 ms clock, 1.6+0.64/0.89/0+1.1 ms cpu, 3->4->2 MB, 4 MB goal, 0 MB stacks, 0 MB globals, 16 P
gc 5285 @13.789s 9%: 0.10+0.71+0.17 ms clock, 1.6+0.55/0.97/0+2.8 ms cpu, 4->5->2 MB, 4 MB goal, 0 MB stacks, 0 MB globals, 16 P
gc 5286 @13.791s 9%: 0.11+0.85+0.14 ms clock, 1.8+0.63/0.98/0+2.3 ms cpu, 4->5->2 MB, 4 MB goal, 0 MB stacks, 0 MB globals, 16 P
gc 5287 @13.793s 9%: 0.13+0.76+0.16 ms clock, 2.2+0.73/0.95/0.11+2.6 ms cpu, 4->5->2 MB, 5 MB goal, 0 MB stacks, 0 MB globals, 16 P
gc 5288 @13.795s 9%: 0.11+0.62+0.20 ms clock, 1.8+0.80/0.94/0.009+3.3 ms cpu, 4->5->2 MB, 4 MB goal, 0 MB stacks, 0 MB globals, 16 P
gc 5289 @13.797s 9%: 0.098+0.53+0.16 ms clock, 1.5+0.54/0.98/0+2.6 ms cpu, 4->4->2 MB, 5 MB goal, 0 MB stacks, 0 MB globals, 16 P
gc 5290 @13.798s 9%: 0.16+0.67+0.19 ms clock, 2.6+0.65/0.92/0+3.1 ms cpu, 3->4->2 MB, 4 MB goal, 0 MB stacks, 0 MB globals, 16 P
gc 5291 @13.800s 9%: 0.15+0.68+0.21 ms clock, 2.4+0.56/1.0/0+3.4 ms cpu, 4->5->2 MB, 5 MB goal, 0 MB stacks, 0 MB globals, 16 P
gc 5292 @13.802s 9%: 0.18+0.60+0.17 ms clock, 2.9+0.67/0.87/0+2.8 ms cpu, 4->5->2 MB, 5 MB goal, 0 MB stacks, 0 MB globals, 16 P
gc 5293 @13.804s 9%: 0.15+0.89+0.089 ms clock, 2.5+0.67/0.92/0.060+1.4 ms cpu, 3->5->2 MB, 4 MB goal, 0 MB stacks, 0 MB globals, 16 P
gc 5294 @13.806s 9%: 0.091+0.75+0.18 ms clock, 1.4+0.088/1.0/0+3.0 ms cpu, 4->5->2 MB, 5 MB goal, 0 MB stacks, 0 MB globals, 16 P
gc 5295 @13.808s 9%: 0.16+0.46+0.17 ms clock, 2.6+0.59/0.96/0+2.8 ms cpu, 4->4->2 MB, 4 MB goal, 0 MB stacks, 0 MB globals, 16 P
gc 5296 @13.809s 9%: 0.17+0.59+0.14 ms clock, 2.7+0.65/1.0/0+2.2 ms cpu, 3->4->2 MB, 4 MB goal, 0 MB stacks, 0 MB globals, 16 P
gc 5297 @13.811s 9%: 0.076+0.84+0.14 ms clock, 1.2+0.63/1.0/0+2.3 ms cpu, 4->5->2 MB, 5 MB goal, 0 MB stacks, 0 MB globals, 16 P
gc 5298 @13.813s 9%: 0.14+0.61+0.12 ms clock, 2.3+0.65/0.87/0.003+1.9 ms cpu, 4->5->2 MB, 5 MB goal, 0 MB stacks, 0 MB globals, 16 P
gc 5299 @13.815s 9%: 0.10+0.84+0.11 ms clock, 1.7+0.58/0.99/0.010+1.8 ms cpu, 4->5->2 MB, 4 MB goal, 0 MB stacks, 0 MB globals, 16 P
gc 5300 @13.817s 9%: 0.17+0.98+0.16 ms clock, 2.8+0.80/1.0/0+2.5 ms cpu, 4->5->2 MB, 5 MB goal, 0 MB stacks, 0 MB globals, 16 P
gc 5301 @13.819s 9%: 0.085+0.80+0.12 ms clock, 1.3+0.52/1.1/0+1.9 ms cpu, 4->5->2 MB, 5 MB goal, 0 MB stacks, 0 MB globals, 16 P
gc 5302 @13.821s 9%: 0.21+0.74+0.15 ms clock, 3.4+0.62/0.94/0+2.5 ms cpu, 4->5->2 MB, 4 MB goal, 0 MB stacks, 0 MB globals, 16 P
gc 5303 @13.823s 9%: 0.17+0.51+0.14 ms clock, 2.7+0.76/0.96/0+2.3 ms cpu, 4->5->2 MB, 5 MB goal, 0 MB stacks, 0 MB globals, 16 P
gc 5304 @13.825s 9%: 0.19+0.89+0.17 ms clock, 3.0+0.70/1.0/0+2.7 ms cpu, 3->4->2 MB, 4 MB goal, 0 MB stacks, 0 MB globals, 16 P
gc 5305 @13.827s 9%: 0.12+0.91+0.11 ms clock, 1.9+0.64/1.0/0+1.8 ms cpu, 4->5->2 MB, 5 MB goal, 0 MB stacks, 0 MB globals, 16 P
gc 5306 @13.829s 9%: 0.16+0.61+0.16 ms clock, 2.6+0.67/0.97/0+2.5 ms cpu, 4->5->2 MB, 5 MB goal, 0 MB stacks, 0 MB globals, 16 P
gc 5307 @13.831s 9%: 0.14+0.74+0.22 ms clock, 2.3+0.65/0.85/0.094+3.5 ms cpu, 4->4->2 MB, 4 MB goal, 0 MB stacks, 0 MB globals, 16 P
gc 5308 @13.833s 9%: 0.16+0.61+0.22 ms clock, 2.5+0.79/0.73/0+3.6 ms cpu, 4->4->2 MB, 4 MB goal, 0 MB stacks, 0 MB globals, 16 P
gc 5309 @13.835s 9%: 0.13+0.77+0.18 ms clock, 2.2+0.56/0.97/0+2.8 ms cpu, 4->5->2 MB, 4 MB goal, 0 MB stacks, 0 MB globals, 16 P
gc 5310 @13.837s 9%: 0.10+0.56+0.18 ms clock, 1.6+0.54/0.85/0+2.9 ms cpu, 4->5->2 MB, 5 MB goal, 0 MB stacks, 0 MB globals, 16 P
gc 5311 @13.838s 9%: 0.21+0.82+0.088 ms clock, 3.3+0.78/0.84/0+1.4 ms cpu, 3->4->2 MB, 4 MB goal, 0 MB stacks, 0 MB globals, 16 P
gc 5312 @13.840s 9%: 0.10+0.66+0.14 ms clock, 1.7+0.58/0.90/0+2.2 ms cpu, 4->5->2 MB, 5 MB goal, 0 MB stacks, 0 MB globals, 16 P
gc 5313 @13.842s 9%: 0.19+0.60+0.22 ms clock, 3.1+0.57/0.98/0+3.6 ms cpu, 4->4->2 MB, 4 MB goal, 0 MB stacks, 0 MB globals, 16 P
gc 5314 @13.844s 9%: 0.12+0.69+0.15 ms clock, 1.9+0.65/1.0/0.016+2.4 ms cpu, 4->5->2 MB, 5 MB goal, 0 MB stacks, 0 MB globals, 16 P
gc 5315 @13.846s 9%: 0.13+0.51+0.14 ms clock, 2.0+0.57/0.93/0.008+2.3 ms cpu, 4->4->2 MB, 5 MB goal, 0 MB stacks, 0 MB globals, 16 P
gc 5316 @13.848s 9%: 0.11+0.54+0.14 ms clock, 1.8+0.57/0.97/0+2.3 ms cpu, 3->4->2 MB, 4 MB goal, 0 MB stacks, 0 MB globals, 16 P
gc 5317 @13.849s 9%: 0.14+0.60+0.13 ms clock, 2.2+0.71/0.80/0+2.1 ms cpu, 4->4->2 MB, 4 MB goal, 0 MB stacks, 0 MB globals, 16 P
gc 5318 @13.851s 9%: 0.10+0.65+0.11 ms clock, 1.6+0.70/0.92/0+1.9 ms cpu, 3->4->2 MB, 4 MB goal, 0 MB stacks, 0 MB globals, 16 P
gc 5319 @13.852s 9%: 0.11+0.59+0.15 ms clock, 1.8+0.66/0.88/0.002+2.4 ms cpu, 3->4->2 MB, 4 MB goal, 0 MB stacks, 0 MB globals, 16 P
gc 5320 @13.854s 9%: 0.18+0.52+0.10 ms clock, 2.9+0.54/0.85/0+1.6 ms cpu, 3->4->2 MB, 4 MB goal, 0 MB stacks, 0 MB globals, 16 P
gc 5321 @13.856s 9%: 0.11+0.74+0.15 ms clock, 1.9+0.61/0.97/0.003+2.5 ms cpu, 3->4->2 MB, 4 MB goal, 0 MB stacks, 0 MB globals, 16 P
gc 5322 @13.858s 9%: 0.17+0.63+0.062 ms clock, 2.8+0.59/0.83/0+1.0 ms cpu, 4->4->2 MB, 5 MB goal, 0 MB stacks, 0 MB globals, 16 P
gc 5323 @13.859s 9%: 0.13+0.53+0.10 ms clock, 2.0+0.56/0.95/0+1.7 ms cpu, 3->4->2 MB, 4 MB goal, 0 MB stacks, 0 MB globals, 16 P
gc 5324 @13.861s 9%: 0.20+0.69+0.14 ms clock, 3.2+0.66/1.0/0+2.2 ms cpu, 3->4->2 MB, 4 MB goal, 0 MB stacks, 0 MB globals, 16 P
gc 5325 @13.863s 9%: 0.13+0.51+0.15 ms clock, 2.1+0.47/0.91/0+2.4 ms cpu, 4->4->2 MB, 4 MB goal, 0 MB stacks, 0 MB globals, 16 P
gc 5326 @13.864s 9%: 0.12+0.74+0.081 ms clock, 2.0+0.77/0.88/0+1.3 ms cpu, 3->4->2 MB, 4 MB goal, 0 MB stacks, 0 MB globals, 16 P
gc 5327 @13.866s 9%: 0.16+0.73+0.18 ms clock, 2.6+0.64/1.0/0+2.9 ms cpu, 4->5->2 MB, 5 MB goal, 0 MB stacks, 0 MB globals, 16 P
gc 5328 @13.868s 9%: 0.10+0.64+0.16 ms clock, 1.6+0.48/0.98/0.002+2.6 ms cpu, 4->5->2 MB, 5 MB goal, 0 MB stacks, 0 MB globals, 16 P
gc 5329 @13.870s 9%: 0.17+0.57+0.17 ms clock, 2.8+0.71/1.0/0+2.7 ms cpu, 4->4->2 MB, 4 MB goal, 0 MB stacks, 0 MB globals, 16 P
gc 5330 @13.872s 9%: 0.16+0.60+0.18 ms clock, 2.6+0.65/0.95/0+2.9 ms cpu, 4->4->2 MB, 4 MB goal, 0 MB stacks, 0 MB globals, 16 P
gc 5331 @13.874s 9%: 0.11+0.91+0.058 ms clock, 1.8+0.73/1.0/0.004+0.93 ms cpu, 3->4->2 MB, 4 MB goal, 0 MB stacks, 0 MB globals, 16 P
gc 5332 @13.875s 9%: 0.14+0.82+0.11 ms clock, 2.3+0.63/1.0/0.058+1.8 ms cpu, 4->5->2 MB, 5 MB goal, 0 MB stacks, 0 MB globals, 16 P
gc 5333 @13.878s 9%: 0.10+0.61+0.18 ms clock, 1.7+0.56/0.98/0+2.9 ms cpu, 4->5->1 MB, 5 MB goal, 0 MB stacks, 0 MB globals, 16 P
gc 5334 @13.879s 9%: 0.19+0.56+0.13 ms clock, 3.1+0.85/0.87/0+2.2 ms cpu, 3->4->2 MB, 4 MB goal, 0 MB stacks, 0 MB globals, 16 P
gc 5335 @13.881s 9%: 0.12+0.88+0.064 ms clock, 1.9+0.46/1.0/0+1.0 ms cpu, 4->5->2 MB, 4 MB goal, 0 MB stacks, 0 MB globals, 16 P
gc 5336 @13.883s 9%: 0.15+0.84+0.065 ms clock, 2.5+0.70/0.85/0+1.0 ms cpu, 4->5->2 MB, 5 MB goal, 0 MB stacks, 0 MB globals, 16 P
gc 5337 @13.885s 9%: 0.13+0.54+0.16 ms clock, 2.1+0.55/0.91/0+2.5 ms cpu, 4->5->2 MB, 5 MB goal, 0 MB stacks, 0 MB globals, 16 P
gc 5338 @13.887s 9%: 0.10+0.63+0.11 ms clock, 1.7+0.82/0.71/0.038+1.9 ms cpu, 4->4->2 MB, 4 MB goal, 0 MB stacks, 0 MB globals, 16 P
gc 5339 @13.888s 9%: 0.13+0.63+0.18 ms clock, 2.2+0.54/0.82/0+3.0 ms cpu, 4->4->2 MB, 4 MB goal, 0 MB stacks, 0 MB globals, 16 P
gc 5340 @13.890s 9%: 0.095+0.70+0.13 ms clock, 1.5+0.60/1.1/0.016+2.1 ms cpu, 3->5->2 MB, 4 MB goal, 0 MB stacks, 0 MB globals, 16 P
gc 5341 @13.892s 9%: 0.14+0.63+0.12 ms clock, 2.3+0.70/0.92/0+1.9 ms cpu, 4->5->2 MB, 5 MB goal, 0 MB stacks, 0 MB globals, 16 P
gc 5342 @13.894s 9%: 0.12+1.0+0.13 ms clock, 2.0+0.64/1.0/0+2.1 ms cpu, 3->5->2 MB, 4 MB goal, 0 MB stacks, 0 MB globals, 16 P
gc 5343 @13.896s 9%: 0.12+0.57+0.15 ms clock, 1.9+0.73/0.96/0+2.4 ms cpu, 4->5->2 MB, 5 MB goal, 0 MB stacks, 0 MB globals, 16 P
gc 5344 @13.898s 9%: 0.13+0.79+0.11 ms clock, 2.1+0.57/1.0/0+1.7 ms cpu, 3->4->2 MB, 4 MB goal, 0 MB stacks, 0 MB globals, 16 P
gc 5345 @13.900s 9%: 0.18+0.76+0.21 ms clock, 2.8+0.60/1.0/0+3.5 ms cpu, 4->5->2 MB, 5 MB goal, 0 MB stacks, 0 MB globals, 16 P
gc 5346 @13.902s 9%: 0.17+0.98+0.095 ms clock, 2.7+0.63/1.1/0+1.5 ms cpu, 4->5->2 MB, 4 MB goal, 0 MB stacks, 0 MB globals, 16 P
gc 5347 @13.904s 9%: 0.13+0.64+0.20 ms clock, 2.1+0.84/0.90/0+3.2 ms cpu, 4->5->2 MB, 5 MB goal, 0 MB stacks, 0 MB globals, 16 P
gc 5348 @13.906s 9%: 0.11+0.74+0.11 ms clock, 1.8+0.58/0.97/0+1.8 ms cpu, 4->4->2 MB, 4 MB goal, 0 MB stacks, 0 MB globals, 16 P
gc 5349 @13.908s 9%: 0.13+0.56+0.14 ms clock, 2.1+0.69/0.87/0.033+2.3 ms cpu, 4->4->2 MB, 4 MB goal, 0 MB stacks, 0 MB globals, 16 P
gc 5350 @13.909s 9%: 0.17+0.83+0.12 ms clock, 2.7+0.63/1.0/0+1.9 ms cpu, 3->4->2 MB, 4 MB goal, 0 MB stacks, 0 MB globals, 16 P
gc 5351 @13.911s 9%: 0.14+0.63+0.10 ms clock, 2.3+0.48/1.0/0+1.7 ms cpu, 4->5->2 MB, 5 MB goal, 0 MB stacks, 0 MB globals, 16 P
gc 5352 @13.913s 9%: 0.10+0.56+0.086 ms clock, 1.7+0.50/0.91/0.042+1.3 ms cpu, 3->4->2 MB, 4 MB goal, 0 MB stacks, 0 MB globals, 16 P
gc 5353 @13.915s 9%: 0.12+0.50+0.17 ms clock, 1.9+0.61/0.91/0+2.7 ms cpu, 3->4->2 MB, 4 MB goal, 0 MB stacks, 0 MB globals, 16 P
gc 5354 @13.916s 9%: 0.13+0.69+0.10 ms clock, 2.1+0.65/0.97/0.070+1.6 ms cpu, 3->4->2 MB, 4 MB goal, 0 MB stacks, 0 MB globals, 16 P
gc 5355 @13.918s 9%: 0.13+0.69+0.25 ms clock, 2.1+0.68/0.87/0+4.0 ms cpu, 4->4->2 MB, 5 MB goal, 0 MB stacks, 0 MB globals, 16 P
gc 5356 @13.920s 9%: 0.20+0.66+0.087 ms clock, 3.2+0.63/0.95/0+1.4 ms cpu, 4->5->2 MB, 4 MB goal, 0 MB stacks, 0 MB globals, 16 P
gc 5357 @13.922s 9%: 0.14+0.67+0.14 ms clock, 2.2+0.65/1.0/0+2.3 ms cpu, 4->5->2 MB, 5 MB goal, 0 MB stacks, 0 MB globals, 16 P
gc 5358 @13.924s 9%: 0.10+0.74+0.094 ms clock, 1.7+0.54/1.0/0.003+1.5 ms cpu, 4->5->2 MB, 5 MB goal, 0 MB stacks, 0 MB globals, 16 P
gc 5359 @13.926s 9%: 0.10+0.67+0.16 ms clock, 1.7+0.61/1.0/0.007+2.5 ms cpu, 4->4->2 MB, 4 MB goal, 0 MB stacks, 0 MB globals, 16 P
gc 5360 @13.928s 9%: 0.14+0.62+0.12 ms clock, 2.3+0.68/1.1/0+1.9 ms cpu, 4->5->2 MB, 4 MB goal, 0 MB stacks, 0 MB globals, 16 P
gc 5361 @13.929s 9%: 0.10+0.78+0.12 ms clock, 1.6+0.67/0.94/0+1.9 ms cpu, 4->5->2 MB, 5 MB goal, 0 MB stacks, 0 MB globals, 16 P
gc 5362 @13.931s 9%: 0.17+0.85+0.14 ms clock, 2.7+0.85/0.99/0+2.2 ms cpu, 4->5->2 MB, 4 MB goal, 0 MB stacks, 0 MB globals, 16 P
gc 5363 @13.934s 9%: 0.13+0.77+0.10 ms clock, 2.1+0.59/1.1/0+1.6 ms cpu, 4->5->2 MB, 5 MB goal, 0 MB stacks, 0 MB globals, 16 P
gc 5364 @13.935s 9%: 0.13+0.74+0.11 ms clock, 2.1+0.63/0.97/0+1.8 ms cpu, 4->5->2 MB, 4 MB goal, 0 MB stacks, 0 MB globals, 16 P
gc 5365 @13.937s 9%: 0.10+0.61+0.075 ms clock, 1.6+0.64/0.91/0+1.2 ms cpu, 4->4->2 MB, 5 MB goal, 0 MB stacks, 0 MB globals, 16 P
gc 5366 @13.939s 9%: 0.13+0.76+0.12 ms clock, 2.0+0.49/0.87/0+1.9 ms cpu, 3->4->2 MB, 4 MB goal, 0 MB stacks, 0 MB globals, 16 P
gc 5367 @13.941s 9%: 0.10+0.57+0.13 ms clock, 1.7+0.55/0.92/0.004+2.1 ms cpu, 4->5->2 MB, 4 MB goal, 0 MB stacks, 0 MB globals, 16 P
gc 5368 @13.943s 9%: 0.13+0.76+0.089 ms clock, 2.2+0.43/1.0/0.001+1.4 ms cpu, 4->4->2 MB, 4 MB goal, 0 MB stacks, 0 MB globals, 16 P
gc 5369 @13.944s 9%: 0.13+0.81+0.068 ms clock, 2.1+0.65/1.1/0+1.0 ms cpu, 4->5->2 MB, 5 MB goal, 0 MB stacks, 0 MB globals, 16 P
gc 5370 @13.947s 9%: 0.13+0.69+0.10 ms clock, 2.1+0.67/1.0/0.020+1.6 ms cpu, 4->5->2 MB, 5 MB goal, 0 MB stacks, 0 MB globals, 16 P
gc 5371 @13.948s 9%: 0.17+0.56+0.20 ms clock, 2.8+0.54/0.97/0+3.3 ms cpu, 4->4->2 MB, 4 MB goal, 0 MB stacks, 0 MB globals, 16 P
gc 5372 @13.950s 9%: 0.10+0.69+0.16 ms clock, 1.7+0.64/0.86/0+2.7 ms cpu, 4->4->2 MB, 4 MB goal, 0 MB stacks, 0 MB globals, 16 P
gc 5373 @13.952s 9%: 0.10+0.68+0.13 ms clock, 1.7+0.49/1.0/0+2.1 ms cpu, 4->4->2 MB, 4 MB goal, 0 MB stacks, 0 MB globals, 16 P
gc 5374 @13.954s 9%: 0.12+0.75+0.047 ms clock, 1.9+0.60/1.0/0+0.75 ms cpu, 4->4->2 MB, 4 MB goal, 0 MB stacks, 0 MB globals, 16 P
gc 5375 @13.955s 9%: 0.13+0.67+0.072 ms clock, 2.1+0.55/1.2/0+1.1 ms cpu, 4->5->2 MB, 4 MB goal, 0 MB stacks, 0 MB globals, 16 P
gc 5376 @13.957s 9%: 0.14+0.65+0.22 ms clock, 2.2+0.68/1.1/0+3.5 ms cpu, 4->5->2 MB, 5 MB goal, 0 MB stacks, 0 MB globals, 16 P
gc 5377 @13.959s 9%: 0.079+0.73+0.085 ms clock, 1.2+0.66/1.1/0+1.3 ms cpu, 4->5->2 MB, 4 MB goal, 0 MB stacks, 0 MB globals, 16 P
gc 5378 @13.961s 9%: 0.15+0.51+0.10 ms clock, 2.4+0.49/0.93/0+1.6 ms cpu, 4->4->2 MB, 5 MB goal, 0 MB stacks, 0 MB globals, 16 P
gc 5379 @13.963s 9%: 0.12+0.72+0.10 ms clock, 1.9+0.61/0.98/0+1.6 ms cpu, 3->5->2 MB, 4 MB goal, 0 MB stacks, 0 MB globals, 16 P
gc 5380 @13.964s 9%: 0.19+0.87+0.077 ms clock, 3.1+0.71/1.0/0+1.2 ms cpu, 4->5->2 MB, 5 MB goal, 0 MB stacks, 0 MB globals, 16 P
gc 5381 @13.967s 9%: 0.11+0.67+0.17 ms clock, 1.8+0.62/1.1/0+2.8 ms cpu, 4->5->2 MB, 5 MB goal, 0 MB stacks, 0 MB globals, 16 P
gc 5382 @13.969s 9%: 0.15+0.65+0.15 ms clock, 2.4+0.59/0.96/0+2.4 ms cpu, 4->5->2 MB, 4 MB goal, 0 MB stacks, 0 MB globals, 16 P
gc 5383 @13.970s 9%: 0.12+1.0+0.087 ms clock, 2.0+0.94/1.0/0.030+1.4 ms cpu, 4->5->2 MB, 4 MB goal, 0 MB stacks, 0 MB globals, 16 P
gc 5384 @13.973s 9%: 0.10+0.68+0.096 ms clock, 1.7+0.57/0.97/0+1.5 ms cpu, 4->5->2 MB, 5 MB goal, 0 MB stacks, 0 MB globals, 16 P
gc 5385 @13.974s 9%: 0.13+0.57+0.13 ms clock, 2.1+0.47/1.0/0+2.1 ms cpu, 4->4->2 MB, 4 MB goal, 0 MB stacks, 0 MB globals, 16 P
gc 5386 @13.976s 9%: 0.14+0.64+0.13 ms clock, 2.3+0.48/1.1/0+2.1 ms cpu, 4->4->2 MB, 4 MB goal, 0 MB stacks, 0 MB globals, 16 P
gc 5387 @13.978s 9%: 0.14+0.61+0.18 ms clock, 2.3+0.45/1.0/0+2.9 ms cpu, 4->4->2 MB, 4 MB goal, 0 MB stacks, 0 MB globals, 16 P
gc 5388 @13.980s 9%: 0.11+0.61+0.10 ms clock, 1.8+0.46/0.96/0.048+1.6 ms cpu, 4->5->2 MB, 4 MB goal, 0 MB stacks, 0 MB globals, 16 P
gc 5389 @13.981s 9%: 0.087+0.74+0.14 ms clock, 1.4+0.61/0.92/0.022+2.2 ms cpu, 4->4->2 MB, 4 MB goal, 0 MB stacks, 0 MB globals, 16 P
gc 5390 @13.983s 9%: 0.11+0.52+0.18 ms clock, 1.8+0.56/1.0/0.013+2.8 ms cpu, 4->4->2 MB, 4 MB goal, 0 MB stacks, 0 MB globals, 16 P
gc 5391 @13.985s 9%: 0.11+0.56+0.16 ms clock, 1.8+0.76/0.93/0+2.6 ms cpu, 3->4->2 MB, 4 MB goal, 0 MB stacks, 0 MB globals, 16 P
gc 5392 @13.986s 9%: 0.099+0.81+0.10 ms clock, 1.5+0.67/0.90/0.039+1.6 ms cpu, 4->5->2 MB, 4 MB goal, 0 MB stacks, 0 MB globals, 16 P
gc 5393 @13.988s 9%: 0.11+0.61+0.18 ms clock, 1.8+0.66/0.95/0.003+2.9 ms cpu, 4->5->2 MB, 4 MB goal, 0 MB stacks, 0 MB globals, 16 P
gc 5394 @13.990s 9%: 0.13+0.71+0.14 ms clock, 2.1+0.57/1.0/0+2.2 ms cpu, 4->4->2 MB, 4 MB goal, 0 MB stacks, 0 MB globals, 16 P
gc 5395 @13.992s 9%: 0.096+0.51+0.18 ms clock, 1.5+0.48/0.99/0+2.8 ms cpu, 4->4->2 MB, 4 MB goal, 0 MB stacks, 0 MB globals, 16 P
gc 5396 @13.993s 9%: 0.16+0.61+0.17 ms clock, 2.5+0.76/0.88/0+2.7 ms cpu, 3->4->2 MB, 4 MB goal, 0 MB stacks, 0 MB globals, 16 P
gc 5397 @13.995s 9%: 0.12+0.58+0.13 ms clock, 1.9+0.71/0.90/0+2.1 ms cpu, 4->5->2 MB, 5 MB goal, 0 MB stacks, 0 MB globals, 16 P
gc 5398 @13.997s 9%: 0.10+0.62+0.12 ms clock, 1.6+0.65/0.88/0+2.0 ms cpu, 4->4->2 MB, 4 MB goal, 0 MB stacks, 0 MB globals, 16 P
gc 5399 @13.999s 9%: 0.14+0.67+0.18 ms clock, 2.3+0.56/0.97/0+2.9 ms cpu, 3->4->2 MB, 4 MB goal, 0 MB stacks, 0 MB globals, 16 P
gc 5400 @14.001s 9%: 0.10+0.54+0.17 ms clock, 1.6+0.62/0.92/0+2.8 ms cpu, 4->5->2 MB, 5 MB goal, 0 MB stacks, 0 MB globals, 16 P
gc 5401 @14.002s 9%: 0.15+0.76+0.073 ms clock, 2.5+0.84/0.84/0+1.1 ms cpu, 3->4->2 MB, 4 MB goal, 0 MB stacks, 0 MB globals, 16 P
gc 5402 @14.004s 9%: 0.14+0.62+0.10 ms clock, 2.3+0.57/0.97/0+1.6 ms cpu, 4->5->2 MB, 5 MB goal, 0 MB stacks, 0 MB globals, 16 P
gc 5403 @14.006s 9%: 0.12+0.67+0.13 ms clock, 2.0+0.61/0.84/0+2.1 ms cpu, 3->4->2 MB, 4 MB goal, 0 MB stacks, 0 MB globals, 16 P
gc 5404 @14.007s 9%: 0.10+0.69+0.16 ms clock, 1.6+0.70/1.0/0+2.6 ms cpu, 3->4->2 MB, 4 MB goal, 0 MB stacks, 0 MB globals, 16 P
gc 5405 @14.009s 9%: 0.18+0.74+0.10 ms clock, 2.9+0.58/0.93/0+1.6 ms cpu, 4->5->2 MB, 4 MB goal, 0 MB stacks, 0 MB globals, 16 P
gc 5406 @14.011s 9%: 0.13+0.58+0.14 ms clock, 2.2+0.59/1.0/0+2.2 ms cpu, 4->5->2 MB, 5 MB goal, 0 MB stacks, 0 MB globals, 16 P
gc 5407 @14.013s 9%: 0.16+0.66+0.21 ms clock, 2.6+0.85/0.76/0+3.4 ms cpu, 3->4->2 MB, 4 MB goal, 0 MB stacks, 0 MB globals, 16 P
gc 5408 @14.015s 9%: 0.16+0.66+0.21 ms clock, 2.6+0.66/0.88/0.031+3.4 ms cpu, 4->5->2 MB, 4 MB goal, 0 MB stacks, 0 MB globals, 16 P
gc 5409 @14.017s 9%: 0.10+0.65+0.15 ms clock, 1.6+0.62/0.90/0+2.4 ms cpu, 4->4->2 MB, 5 MB goal, 0 MB stacks, 0 MB globals, 16 P
gc 5410 @14.018s 9%: 0.15+0.81+0.084 ms clock, 2.5+0.71/1.0/0.013+1.3 ms cpu, 3->5->2 MB, 4 MB goal, 0 MB stacks, 0 MB globals, 16 P
gc 5411 @14.020s 9%: 0.15+0.69+0.10 ms clock, 2.4+0.56/0.96/0+1.6 ms cpu, 4->5->2 MB, 5 MB goal, 0 MB stacks, 0 MB globals, 16 P
gc 5412 @14.022s 9%: 0.14+0.61+0.14 ms clock, 2.2+0.73/0.98/0+2.3 ms cpu, 4->4->2 MB, 4 MB goal, 0 MB stacks, 0 MB globals, 16 P
gc 5413 @14.024s 9%: 0.10+0.88+0.15 ms clock, 1.7+0.50/1.0/0.067+2.4 ms cpu, 4->5->2 MB, 4 MB goal, 0 MB stacks, 0 MB globals, 16 P
gc 5414 @14.026s 9%: 0.11+0.66+0.10 ms clock, 1.9+0.56/1.1/0.032+1.7 ms cpu, 4->5->2 MB, 5 MB goal, 0 MB stacks, 0 MB globals, 16 P
gc 5415 @14.028s 9%: 0.12+0.54+0.13 ms clock, 2.0+0.62/1.0/0+2.1 ms cpu, 4->4->2 MB, 4 MB goal, 0 MB stacks, 0 MB globals, 16 P
gc 5416 @14.029s 9%: 0.18+0.60+0.13 ms clock, 2.9+0.57/1.1/0+2.1 ms cpu, 3->4->2 MB, 4 MB goal, 0 MB stacks, 0 MB globals, 16 P
gc 5417 @14.031s 9%: 0.23+0.73+0.084 ms clock, 3.7+0.65/1.0/0+1.3 ms cpu, 4->4->2 MB, 4 MB goal, 0 MB stacks, 0 MB globals, 16 P
gc 5418 @14.033s 9%: 0.10+0.63+0.12 ms clock, 1.7+0.58/0.92/0.001+1.9 ms cpu, 4->5->2 MB, 5 MB goal, 0 MB stacks, 0 MB globals, 16 P
gc 5419 @14.035s 9%: 0.13+0.71+0.082 ms clock, 2.1+0.54/1.0/0+1.3 ms cpu, 4->5->2 MB, 4 MB goal, 0 MB stacks, 0 MB globals, 16 P
gc 5420 @14.037s 9%: 0.11+0.57+0.17 ms clock, 1.8+0.63/0.88/0.048+2.8 ms cpu, 4->4->2 MB, 4 MB goal, 0 MB stacks, 0 MB globals, 16 P
gc 5421 @14.038s 9%: 0.12+0.61+0.11 ms clock, 1.9+0.53/0.97/0+1.8 ms cpu, 4->4->2 MB, 4 MB goal, 0 MB stacks, 0 MB globals, 16 P
gc 5422 @14.040s 9%: 0.12+0.81+0.091 ms clock, 1.9+0.56/0.97/0+1.4 ms cpu, 3->4->2 MB, 4 MB goal, 0 MB stacks, 0 MB globals, 16 P
gc 5423 @14.042s 9%: 0.11+0.54+0.11 ms clock, 1.7+0.71/0.90/0+1.7 ms cpu, 4->5->2 MB, 5 MB goal, 0 MB stacks, 0 MB globals, 16 P
gc 5424 @14.044s 9%: 0.14+0.55+0.14 ms clock, 2.3+0.65/0.78/0+2.2 ms cpu, 3->4->2 MB, 4 MB goal, 0 MB stacks, 0 MB globals, 16 P
gc 5425 @14.045s 9%: 0.10+0.56+0.10 ms clock, 1.6+0.63/0.91/0+1.6 ms cpu, 4->4->2 MB, 4 MB goal, 0 MB stacks, 0 MB globals, 16 P
gc 5426 @14.047s 9%: 0.16+0.68+0.087 ms clock, 2.5+0.66/0.96/0.003+1.4 ms cpu, 3->4->2 MB, 4 MB goal, 0 MB stacks, 0 MB globals, 16 P
gc 5427 @14.049s 9%: 0.11+0.58+0.17 ms clock, 1.8+0.54/1.0/0+2.8 ms cpu, 4->5->2 MB, 5 MB goal, 0 MB stacks, 0 MB globals, 16 P
gc 5428 @14.051s 9%: 0.10+0.92+0.084 ms clock, 1.6+0.55/0.86/0.048+1.3 ms cpu, 4->5->2 MB, 4 MB goal, 0 MB stacks, 0 MB globals, 16 P
gc 5429 @14.053s 9%: 0.19+0.55+0.12 ms clock, 3.1+0.66/0.87/0+2.0 ms cpu, 4->5->2 MB, 5 MB goal, 0 MB stacks, 0 MB globals, 16 P
gc 5430 @14.055s 9%: 0.15+0.83+0.069 ms clock, 2.4+0.66/0.94/0+1.1 ms cpu, 4->5->2 MB, 4 MB goal, 0 MB stacks, 0 MB globals, 16 P
gc 5431 @14.057s 9%: 0.14+0.71+0.11 ms clock, 2.2+0.49/0.96/0+1.8 ms cpu, 4->5->2 MB, 5 MB goal, 0 MB stacks, 0 MB globals, 16 P
gc 5432 @14.059s 9%: 0.15+0.52+0.15 ms clock, 2.4+0.77/0.87/0+2.4 ms cpu, 4->4->2 MB, 5 MB goal, 0 MB stacks, 0 MB globals, 16 P
gc 5433 @14.060s 9%: 0.16+0.60+0.13 ms clock, 2.6+0.51/1.0/0+2.2 ms cpu, 3->4->2 MB, 4 MB goal, 0 MB stacks, 0 MB globals, 16 P
gc 5434 @14.062s 9%: 0.11+0.63+0.10 ms clock, 1.7+0.48/1.0/0+1.6 ms cpu, 4->5->2 MB, 4 MB goal, 0 MB stacks, 0 MB globals, 16 P
gc 5435 @14.064s 9%: 0.20+0.67+0.15 ms clock, 3.3+0.65/0.84/0+2.4 ms cpu, 4->5->2 MB, 4 MB goal, 0 MB stacks, 0 MB globals, 16 P
gc 5436 @14.066s 9%: 0.13+0.58+0.22 ms clock, 2.1+0.59/0.95/0+3.6 ms cpu, 4->5->2 MB, 5 MB goal, 0 MB stacks, 0 MB globals, 16 P
gc 5437 @14.067s 9%: 0.17+0.69+0.19 ms clock, 2.8+0.73/1.1/0+3.1 ms cpu, 3->4->2 MB, 4 MB goal, 0 MB stacks, 0 MB globals, 16 P
gc 5438 @14.069s 9%: 0.12+0.73+0.10 ms clock, 1.9+0.53/1.1/0+1.6 ms cpu, 4->5->2 MB, 5 MB goal, 0 MB stacks, 0 MB globals, 16 P
gc 5439 @14.071s 9%: 0.10+0.71+0.15 ms clock, 1.6+0.68/0.87/0+2.4 ms cpu, 4->4->2 MB, 4 MB goal, 0 MB stacks, 0 MB globals, 16 P
gc 5440 @14.073s 9%: 0.13+0.61+0.20 ms clock, 2.1+0.63/0.94/0+3.3 ms cpu, 3->4->2 MB, 4 MB goal, 0 MB stacks, 0 MB globals, 16 P
gc 5441 @14.075s 9%: 0.12+0.54+0.19 ms clock, 2.0+0.73/0.99/0+3.1 ms cpu, 4->4->2 MB, 4 MB goal, 0 MB stacks, 0 MB globals, 16 P
gc 5442 @14.076s 9%: 0.076+0.83+0.17 ms clock, 1.2+0.65/1.0/0+2.8 ms cpu, 3->4->2 MB, 4 MB goal, 0 MB stacks, 0 MB globals, 16 P
gc 5443 @14.078s 9%: 0.10+0.58+0.14 ms clock, 1.6+0.59/0.96/0+2.3 ms cpu, 4->5->2 MB, 5 MB goal, 0 MB stacks, 0 MB globals, 16 P
gc 5444 @14.080s 9%: 0.11+0.63+0.17 ms clock, 1.8+0.66/0.82/0+2.8 ms cpu, 3->4->2 MB, 4 MB goal, 0 MB stacks, 0 MB globals, 16 P
gc 5445 @14.082s 9%: 0.11+0.66+0.11 ms clock, 1.7+0.65/0.92/0+1.8 ms cpu, 3->4->2 MB, 4 MB goal, 0 MB stacks, 0 MB globals, 16 P
gc 5446 @14.083s 9%: 0.10+0.56+0.15 ms clock, 1.7+0.62/0.98/0.024+2.4 ms cpu, 4->4->1 MB, 4 MB goal, 0 MB stacks, 0 MB globals, 16 P
gc 5447 @14.085s 9%: 0.15+0.58+0.15 ms clock, 2.4+0.49/1.0/0+2.4 ms cpu, 3->4->2 MB, 4 MB goal, 0 MB stacks, 0 MB globals, 16 P
gc 5448 @14.087s 9%: 0.10+0.50+0.13 ms clock, 1.6+0.72/0.86/0+2.1 ms cpu, 4->4->2 MB, 4 MB goal, 0 MB stacks, 0 MB globals, 16 P
gc 5449 @14.088s 9%: 0.081+0.64+0.15 ms clock, 1.3+0.53/0.95/0.021+2.4 ms cpu, 3->4->2 MB, 4 MB goal, 0 MB stacks, 0 MB globals, 16 P
gc 5450 @14.090s 9%: 0.16+0.73+0.11 ms clock, 2.6+0.50/1.0/0+1.9 ms cpu, 3->4->2 MB, 4 MB goal, 0 MB stacks, 0 MB globals, 16 P
gc 5451 @14.092s 9%: 0.13+0.83+0.16 ms clock, 2.1+0.65/1.1/0+2.7 ms cpu, 4->5->2 MB, 5 MB goal, 0 MB stacks, 0 MB globals, 16 P
gc 5452 @14.094s 9%: 0.12+0.74+0.16 ms clock, 1.9+0.67/0.96/0+2.6 ms cpu, 4->5->2 MB, 5 MB goal, 0 MB stacks, 0 MB globals, 16 P
gc 5453 @14.096s 9%: 0.10+0.70+0.095 ms clock, 1.7+0.56/0.93/0+1.5 ms cpu, 4->5->2 MB, 4 MB goal, 0 MB stacks, 0 MB globals, 16 P
gc 5454 @14.098s 9%: 0.13+0.61+0.10 ms clock, 2.1+0.59/0.95/0+1.6 ms cpu, 4->4->2 MB, 4 MB goal, 0 MB stacks, 0 MB globals, 16 P
gc 5455 @14.099s 9%: 0.10+0.71+0.19 ms clock, 1.7+0.54/1.0/0+3.1 ms cpu, 4->4->2 MB, 4 MB goal, 0 MB stacks, 0 MB globals, 16 P
gc 5456 @14.101s 9%: 0.14+0.55+0.10 ms clock, 2.3+0.64/0.86/0+1.7 ms cpu, 4->4->2 MB, 4 MB goal, 0 MB stacks, 0 MB globals, 16 P
gc 5457 @14.103s 9%: 0.10+0.60+0.12 ms clock, 1.7+0.68/0.88/0+2.0 ms cpu, 4->4->2 MB, 4 MB goal, 0 MB stacks, 0 MB globals, 16 P
gc 5458 @14.105s 9%: 0.095+0.67+0.13 ms clock, 1.5+0.69/0.89/0+2.1 ms cpu, 4->4->2 MB, 4 MB goal, 0 MB stacks, 0 MB globals, 16 P
gc 5459 @14.106s 9%: 0.12+0.65+0.13 ms clock, 2.0+0.78/0.94/0+2.1 ms cpu, 3->4->2 MB, 4 MB goal, 0 MB stacks, 0 MB globals, 16 P
gc 5460 @14.108s 9%: 0.11+0.67+0.17 ms clock, 1.9+0.63/0.87/0.010+2.8 ms cpu, 4->4->2 MB, 4 MB goal, 0 MB stacks, 0 MB globals, 16 P
gc 5461 @14.110s 9%: 0.19+0.53+0.17 ms clock, 3.1+0.66/0.85/0+2.8 ms cpu, 3->4->2 MB, 4 MB goal, 0 MB stacks, 0 MB globals, 16 P
gc 5462 @14.111s 9%: 0.11+0.66+0.18 ms clock, 1.8+0.70/1.0/0+2.9 ms cpu, 4->5->2 MB, 4 MB goal, 0 MB stacks, 0 MB globals, 16 P
gc 5463 @14.113s 9%: 0.12+0.61+0.13 ms clock, 1.9+0.59/1.0/0+2.2 ms cpu, 4->5->2 MB, 5 MB goal, 0 MB stacks, 0 MB globals, 16 P
gc 5464 @14.115s 9%: 0.10+0.62+0.11 ms clock, 1.6+0.50/1.1/0.009+1.8 ms cpu, 4->4->2 MB, 4 MB goal, 0 MB stacks, 0 MB globals, 16 P
gc 5465 @14.117s 9%: 0.12+1.1+0.079 ms clock, 2.0+0.68/1.0/0+1.2 ms cpu, 3->5->2 MB, 4 MB goal, 0 MB stacks, 0 MB globals, 16 P
gc 5466 @14.119s 9%: 0.11+0.59+0.18 ms clock, 1.8+0.59/0.97/0.064+2.9 ms cpu, 4->5->2 MB, 5 MB goal, 0 MB stacks, 0 MB globals, 16 P
gc 5467 @14.121s 9%: 0.11+0.64+0.14 ms clock, 1.9+0.52/0.97/0+2.3 ms cpu, 3->4->2 MB, 4 MB goal, 0 MB stacks, 0 MB globals, 16 P
gc 5468 @14.123s 9%: 0.11+0.57+0.18 ms clock, 1.7+0.66/0.98/0+2.9 ms cpu, 4->5->2 MB, 5 MB goal, 0 MB stacks, 0 MB globals, 16 P
gc 5469 @14.124s 9%: 0.11+0.53+0.17 ms clock, 1.7+0.52/0.94/0.021+2.8 ms cpu, 4->4->2 MB, 4 MB goal, 0 MB stacks, 0 MB globals, 16 P
gc 5470 @14.126s 9%: 0.12+0.67+0.096 ms clock, 2.0+0.57/0.90/0+1.5 ms cpu, 3->4->2 MB, 4 MB goal, 0 MB stacks, 0 MB globals, 16 P
gc 5471 @14.128s 9%: 0.10+0.69+0.12 ms clock, 1.6+0.66/0.96/0.056+2.0 ms cpu, 4->5->2 MB, 4 MB goal, 0 MB stacks, 0 MB globals, 16 P
gc 5472 @14.130s 9%: 0.11+0.59+0.12 ms clock, 1.8+0.43/1.0/0+1.9 ms cpu, 4->5->2 MB, 5 MB goal, 0 MB stacks, 0 MB globals, 16 P
gc 5473 @14.131s 9%: 0.11+0.63+0.16 ms clock, 1.7+0.76/1.1/0+2.7 ms cpu, 4->4->2 MB, 4 MB goal, 0 MB stacks, 0 MB globals, 16 P
gc 5474 @14.133s 9%: 0.12+0.66+0.17 ms clock, 1.9+0.61/0.92/0+2.7 ms cpu, 4->4->2 MB, 4 MB goal, 0 MB stacks, 0 MB globals, 16 P
gc 5475 @14.135s 9%: 0.10+0.71+0.11 ms clock, 1.6+0.60/1.0/0+1.8 ms cpu, 4->4->2 MB, 4 MB goal, 0 MB stacks, 0 MB globals, 16 P
gc 5476 @14.137s 9%: 0.11+0.68+0.14 ms clock, 1.8+0.65/0.90/0+2.2 ms cpu, 4->4->2 MB, 4 MB goal, 0 MB stacks, 0 MB globals, 16 P
gc 5477 @14.138s 9%: 0.15+0.52+0.16 ms clock, 2.4+0.54/1.0/0+2.6 ms cpu, 3->4->2 MB, 4 MB goal, 0 MB stacks, 0 MB globals, 16 P
gc 5478 @14.140s 9%: 0.096+0.61+0.13 ms clock, 1.5+0.54/1.0/0+2.1 ms cpu, 4->4->2 MB, 4 MB goal, 0 MB stacks, 0 MB globals, 16 P
gc 5479 @14.142s 9%: 0.14+0.78+0.20 ms clock, 2.3+0.58/0.93/0+3.3 ms cpu, 4->5->2 MB, 4 MB goal, 0 MB stacks, 0 MB globals, 16 P
gc 5480 @14.144s 9%: 0.15+0.86+0.10 ms clock, 2.4+0.44/0.91/0.046+1.6 ms cpu, 4->5->2 MB, 5 MB goal, 0 MB stacks, 0 MB globals, 16 P
gc 5481 @14.146s 9%: 0.14+0.76+0.092 ms clock, 2.3+0.49/0.97/0.046+1.4 ms cpu, 4->5->2 MB, 5 MB goal, 0 MB stacks, 0 MB globals, 16 P
gc 5482 @14.148s 9%: 0.11+0.83+0.10 ms clock, 1.8+0.66/0.93/0+1.6 ms cpu, 4->5->2 MB, 5 MB goal, 0 MB stacks, 0 MB globals, 16 P
gc 5483 @14.150s 9%: 0.098+0.57+0.088 ms clock, 1.5+0.49/0.97/0+1.4 ms cpu, 4->5->2 MB, 5 MB goal, 0 MB stacks, 0 MB globals, 16 P
gc 5484 @14.152s 9%: 0.12+0.70+0.12 ms clock, 1.9+0.57/1.0/0+1.9 ms cpu, 3->4->2 MB, 4 MB goal, 0 MB stacks, 0 MB globals, 16 P
gc 5485 @14.154s 9%: 0.089+0.61+0.14 ms clock, 1.4+0.50/1.0/0+2.3 ms cpu, 4->5->2 MB, 5 MB goal, 0 MB stacks, 0 MB globals, 16 P
gc 5486 @14.155s 9%: 0.14+0.77+0.18 ms clock, 2.3+0.55/1.1/0+2.9 ms cpu, 4->4->2 MB, 4 MB goal, 0 MB stacks, 0 MB globals, 16 P
gc 5487 @14.157s 9%: 0.14+0.51+0.19 ms clock, 2.3+0.64/0.90/0.084+3.0 ms cpu, 4->4->2 MB, 5 MB goal, 0 MB stacks, 0 MB globals, 16 P
gc 5488 @14.159s 9%: 0.098+0.56+0.12 ms clock, 1.5+0.71/0.85/0+2.0 ms cpu, 3->4->2 MB, 4 MB goal, 0 MB stacks, 0 MB globals, 16 P
gc 5489 @14.160s 9%: 0.14+0.37+0.16 ms clock, 2.2+0.69/0.77/0.021+2.6 ms cpu, 4->4->1 MB, 4 MB goal, 0 MB stacks, 0 MB globals, 16 P
gc 5490 @14.162s 9%: 0.15+0.82+0.16 ms clock, 2.5+0.71/1.1/0+2.6 ms cpu, 3->4->2 MB, 4 MB goal, 0 MB stacks, 0 MB globals, 16 P
gc 5491 @14.164s 9%: 0.10+0.70+0.12 ms clock, 1.6+0.55/1.1/0+1.9 ms cpu, 4->5->2 MB, 5 MB goal, 0 MB stacks, 0 MB globals, 16 P
gc 5492 @14.166s 9%: 0.11+0.74+0.20 ms clock, 1.7+0.52/0.98/0.014+3.2 ms cpu, 4->5->2 MB, 5 MB goal, 0 MB stacks, 0 MB globals, 16 P
gc 5493 @14.167s 9%: 0.11+0.67+0.18 ms clock, 1.8+0.54/1.2/0+2.9 ms cpu, 4->5->2 MB, 4 MB goal, 0 MB stacks, 0 MB globals, 16 P
gc 5494 @14.169s 9%: 0.17+0.55+0.11 ms clock, 2.8+0.62/0.89/0+1.8 ms cpu, 4->5->2 MB, 5 MB goal, 0 MB stacks, 0 MB globals, 16 P
gc 5495 @14.171s 9%: 0.16+0.64+0.20 ms clock, 2.6+0.64/1.0/0+3.2 ms cpu, 3->4->2 MB, 4 MB goal, 0 MB stacks, 0 MB globals, 16 P
gc 5496 @14.173s 9%: 0.14+0.69+0.16 ms clock, 2.2+0.78/0.86/0+2.6 ms cpu, 4->4->2 MB, 4 MB goal, 0 MB stacks, 0 MB globals, 16 P
gc 5497 @14.174s 9%: 0.13+0.61+0.095 ms clock, 2.2+0.73/0.87/0+1.5 ms cpu, 4->4->2 MB, 4 MB goal, 0 MB stacks, 0 MB globals, 16 P
gc 5498 @14.176s 9%: 0.12+0.66+0.10 ms clock, 1.9+0.55/1.1/0.024+1.6 ms cpu, 3->4->2 MB, 4 MB goal, 0 MB stacks, 0 MB globals, 16 P
gc 5499 @14.178s 9%: 0.12+0.78+0.17 ms clock, 2.0+0.64/1.1/0+2.7 ms cpu, 4->5->2 MB, 4 MB goal, 0 MB stacks, 0 MB globals, 16 P
gc 5500 @14.180s 9%: 0.13+0.72+0.23 ms clock, 2.0+0.75/1.0/0+3.7 ms cpu, 4->5->2 MB, 5 MB goal, 0 MB stacks, 0 MB globals, 16 P
gc 5501 @14.182s 9%: 0.10+0.55+0.088 ms clock, 1.6+0.62/0.99/0.008+1.4 ms cpu, 4->5->2 MB, 5 MB goal, 0 MB stacks, 0 MB globals, 16 P
gc 5502 @14.184s 9%: 0.11+0.73+0.053 ms clock, 1.7+0.42/0.97/0+0.85 ms cpu, 3->4->2 MB, 4 MB goal, 0 MB stacks, 0 MB globals, 16 P
gc 5503 @14.185s 9%: 0.14+0.70+0.12 ms clock, 2.3+0.60/0.92/0.001+1.9 ms cpu, 4->5->2 MB, 4 MB goal, 0 MB stacks, 0 MB globals, 16 P
gc 5504 @14.187s 9%: 0.11+0.74+0.10 ms clock, 1.8+0.60/1.2/0+1.7 ms cpu, 4->5->2 MB, 5 MB goal, 0 MB stacks, 0 MB globals, 16 P
gc 5505 @14.189s 9%: 0.17+0.92+0.14 ms clock, 2.7+0.66/0.89/0+2.2 ms cpu, 4->5->2 MB, 5 MB goal, 0 MB stacks, 0 MB globals, 16 P
gc 5506 @14.192s 9%: 0.15+0.60+0.11 ms clock, 2.5+0.61/1.0/0.010+1.7 ms cpu, 4->5->2 MB, 5 MB goal, 0 MB stacks, 0 MB globals, 16 P
gc 5507 @14.193s 9%: 0.10+0.76+0.13 ms clock, 1.7+0.53/0.89/0.095+2.0 ms cpu, 3->4->2 MB, 4 MB goal, 0 MB stacks, 0 MB globals, 16 P
gc 5508 @14.195s 9%: 0.13+0.65+0.13 ms clock, 2.1+0.67/1.0/0+2.2 ms cpu, 4->5->2 MB, 4 MB goal, 0 MB stacks, 0 MB globals, 16 P
gc 5509 @14.197s 9%: 0.12+0.60+0.12 ms clock, 1.9+0.64/0.90/0+2.0 ms cpu, 4->5->2 MB, 4 MB goal, 0 MB stacks, 0 MB globals, 16 P
gc 5510 @14.199s 9%: 0.13+0.59+0.14 ms clock, 2.1+0.54/0.93/0.072+2.3 ms cpu, 4->4->2 MB, 4 MB goal, 0 MB stacks, 0 MB globals, 16 P
gc 5511 @14.201s 9%: 0.099+0.74+0.080 ms clock, 1.5+0.49/0.89/0+1.2 ms cpu, 4->4->2 MB, 4 MB goal, 0 MB stacks, 0 MB globals, 16 P
gc 5512 @14.202s 9%: 0.14+0.59+0.16 ms clock, 2.3+0.57/1.0/0.001+2.5 ms cpu, 4->4->2 MB, 4 MB goal, 0 MB stacks, 0 MB globals, 16 P
gc 5513 @14.204s 9%: 0.11+0.66+0.10 ms clock, 1.9+0.68/0.98/0+1.6 ms cpu, 4->4->2 MB, 4 MB goal, 0 MB stacks, 0 MB globals, 16 P
gc 5514 @14.206s 9%: 0.12+0.55+0.13 ms clock, 2.0+0.58/0.94/0.009+2.1 ms cpu, 4->5->2 MB, 4 MB goal, 0 MB stacks, 0 MB globals, 16 P
gc 5515 @14.208s 9%: 0.14+0.59+0.20 ms clock, 2.3+0.58/0.94/0+3.2 ms cpu, 4->4->2 MB, 4 MB goal, 0 MB stacks, 0 MB globals, 16 P
gc 5516 @14.209s 9%: 0.12+1.0+0.12 ms clock, 1.9+0.67/0.93/0+2.0 ms cpu, 4->5->2 MB, 4 MB goal, 0 MB stacks, 0 MB globals, 16 P
gc 5517 @14.212s 9%: 0.11+0.75+0.093 ms clock, 1.8+0.68/1.0/0+1.4 ms cpu, 4->5->2 MB, 5 MB goal, 0 MB stacks, 0 MB globals, 16 P
gc 5518 @14.214s 9%: 0.13+0.81+0.10 ms clock, 2.2+0.52/1.1/0+1.6 ms cpu, 4->5->2 MB, 5 MB goal, 0 MB stacks, 0 MB globals, 16 P
gc 5519 @14.216s 9%: 0.10+0.64+0.066 ms clock, 1.6+0.71/0.91/0.099+1.0 ms cpu, 4->5->2 MB, 5 MB goal, 0 MB stacks, 0 MB globals, 16 P
gc 5520 @14.218s 9%: 0.16+0.59+0.10 ms clock, 2.5+0.56/0.96/0+1.7 ms cpu, 4->4->2 MB, 4 MB goal, 0 MB stacks, 0 MB globals, 16 P
gc 5521 @14.220s 9%: 0.27+0.75+0.18 ms clock, 4.3+0.76/1.1/0+2.9 ms cpu, 4->4->2 MB, 4 MB goal, 0 MB stacks, 0 MB globals, 16 P
gc 5522 @14.222s 9%: 0.12+0.58+0.17 ms clock, 1.9+0.67/0.95/0+2.7 ms cpu, 4->5->2 MB, 5 MB goal, 0 MB stacks, 0 MB globals, 16 P
gc 5523 @14.223s 9%: 0.18+0.50+0.18 ms clock, 2.9+0.63/0.87/0+2.9 ms cpu, 4->5->2 MB, 5 MB goal, 0 MB stacks, 0 MB globals, 16 P
gc 5524 @14.225s 9%: 0.10+0.79+0.11 ms clock, 1.7+0.68/1.1/0.033+1.8 ms cpu, 4->5->2 MB, 4 MB goal, 0 MB stacks, 0 MB globals, 16 P
gc 5525 @14.227s 9%: 0.19+0.58+0.15 ms clock, 3.0+0.59/0.91/0.022+2.4 ms cpu, 4->4->2 MB, 5 MB goal, 0 MB stacks, 0 MB globals, 16 P
gc 5526 @14.229s 9%: 0.11+0.77+0.16 ms clock, 1.8+0.60/1.0/0+2.6 ms cpu, 3->4->2 MB, 4 MB goal, 0 MB stacks, 0 MB globals, 16 P
gc 5527 @14.231s 9%: 0.11+0.60+0.17 ms clock, 1.8+0.51/0.91/0+2.8 ms cpu, 4->4->2 MB, 5 MB goal, 0 MB stacks, 0 MB globals, 16 P
gc 5528 @14.232s 9%: 0.12+0.84+0.084 ms clock, 1.9+0.59/0.95/0+1.3 ms cpu, 3->4->2 MB, 4 MB goal, 0 MB stacks, 0 MB globals, 16 P
gc 5529 @14.235s 9%: 0.10+0.57+0.097 ms clock, 1.6+0.54/0.93/0+1.5 ms cpu, 4->5->2 MB, 5 MB goal, 0 MB stacks, 0 MB globals, 16 P
gc 5530 @14.236s 9%: 0.18+0.60+0.11 ms clock, 2.9+0.63/0.94/0+1.8 ms cpu, 3->4->2 MB, 4 MB goal, 0 MB stacks, 0 MB globals, 16 P
gc 5531 @14.238s 9%: 0.12+0.72+0.10 ms clock, 1.9+0.52/0.93/0.006+1.6 ms cpu, 4->5->2 MB, 5 MB goal, 0 MB stacks, 0 MB globals, 16 P
gc 5532 @14.240s 9%: 0.12+0.63+0.10 ms clock, 2.0+0.60/0.95/0+1.6 ms cpu, 4->5->2 MB, 4 MB goal, 0 MB stacks, 0 MB globals, 16 P
gc 5533 @14.242s 9%: 0.12+0.60+0.066 ms clock, 1.9+0.67/0.83/0.015+1.0 ms cpu, 4->4->2 MB, 5 MB goal, 0 MB stacks, 0 MB globals, 16 P
gc 5534 @14.243s 9%: 0.16+0.50+0.16 ms clock, 2.6+0.68/0.96/0+2.6 ms cpu, 3->4->2 MB, 4 MB goal, 0 MB stacks, 0 MB globals, 16 P
gc 5535 @14.245s 9%: 0.12+0.80+0.14 ms clock, 1.9+0.58/1.2/0+2.3 ms cpu, 4->5->2 MB, 4 MB goal, 0 MB stacks, 0 MB globals, 16 P
gc 5536 @14.247s 9%: 0.098+0.65+0.13 ms clock, 1.5+0.67/1.0/0+2.2 ms cpu, 4->5->2 MB, 5 MB goal, 0 MB stacks, 0 MB globals, 16 P
gc 5537 @14.249s 9%: 0.10+0.66+0.13 ms clock, 1.7+0.57/0.92/0.014+2.0 ms cpu, 4->4->2 MB, 4 MB goal, 0 MB stacks, 0 MB globals, 16 P
gc 5538 @14.251s 9%: 0.12+0.65+0.11 ms clock, 2.0+0.65/0.90/0.009+1.8 ms cpu, 4->4->2 MB, 4 MB goal, 0 MB stacks, 0 MB globals, 16 P
gc 5539 @14.252s 9%: 0.13+0.68+0.10 ms clock, 2.1+0.55/0.95/0+1.6 ms cpu, 4->5->2 MB, 4 MB goal, 0 MB stacks, 0 MB globals, 16 P
gc 5540 @14.254s 9%: 0.19+0.58+0.093 ms clock, 3.1+0.71/0.88/0+1.4 ms cpu, 4->5->2 MB, 5 MB goal, 0 MB stacks, 0 MB globals, 16 P
gc 5541 @14.256s 9%: 0.13+0.59+0.15 ms clock, 2.1+0.54/1.0/0+2.4 ms cpu, 4->4->2 MB, 4 MB goal, 0 MB stacks, 0 MB globals, 16 P
gc 5542 @14.258s 9%: 0.21+0.79+0.093 ms clock, 3.3+0.81/1.1/0+1.4 ms cpu, 4->5->2 MB, 5 MB goal, 0 MB stacks, 0 MB globals, 16 P
gc 5543 @14.260s 9%: 0.11+0.60+0.13 ms clock, 1.7+0.46/0.99/0.12+2.1 ms cpu, 4->5->2 MB, 5 MB goal, 0 MB stacks, 0 MB globals, 16 P
gc 5544 @14.262s 9%: 0.18+0.53+0.10 ms clock, 2.9+0.68/0.94/0+1.6 ms cpu, 4->4->2 MB, 4 MB goal, 0 MB stacks, 0 MB globals, 16 P
gc 5545 @14.264s 9%: 0.11+0.60+0.10 ms clock, 1.9+0.74/0.78/0+1.7 ms cpu, 4->4->2 MB, 4 MB goal, 0 MB stacks, 0 MB globals, 16 P
gc 5546 @14.265s 9%: 0.11+0.70+0.15 ms clock, 1.9+0.55/1.0/0+2.5 ms cpu, 3->4->2 MB, 4 MB goal, 0 MB stacks, 0 MB globals, 16 P
gc 5547 @14.267s 9%: 0.10+0.74+0.20 ms clock, 1.6+0.61/0.84/0.046+3.3 ms cpu, 4->5->2 MB, 4 MB goal, 0 MB stacks, 0 MB globals, 16 P
gc 5548 @14.269s 9%: 0.13+0.55+0.17 ms clock, 2.2+0.62/0.96/0+2.8 ms cpu, 4->5->2 MB, 4 MB goal, 0 MB stacks, 0 MB globals, 16 P
gc 5549 @14.271s 9%: 0.10+0.66+0.14 ms clock, 1.6+0.46/0.88/0.031+2.3 ms cpu, 4->4->2 MB, 4 MB goal, 0 MB stacks, 0 MB globals, 16 P
gc 5550 @14.272s 9%: 0.088+0.61+0.13 ms clock, 1.4+0.66/0.83/0.047+2.2 ms cpu, 4->4->2 MB, 4 MB goal, 0 MB stacks, 0 MB globals, 16 P
gc 5551 @14.274s 9%: 0.13+0.57+0.15 ms clock, 2.1+0.61/1.0/0+2.4 ms cpu, 4->4->2 MB, 4 MB goal, 0 MB stacks, 0 MB globals, 16 P
gc 5552 @14.276s 9%: 0.14+0.78+0.10 ms clock, 2.3+0.60/0.94/0+1.6 ms cpu, 3->4->2 MB, 4 MB goal, 0 MB stacks, 0 MB globals, 16 P
gc 5553 @14.278s 9%: 0.090+0.79+0.11 ms clock, 1.4+0.64/0.91/0+1.8 ms cpu, 4->5->2 MB, 5 MB goal, 0 MB stacks, 0 MB globals, 16 P
gc 5554 @14.279s 9%: 0.099+0.86+0.072 ms clock, 1.5+0.60/1.4/0.067+1.1 ms cpu, 4->5->2 MB, 5 MB goal, 0 MB stacks, 0 MB globals, 16 P
gc 5555 @14.281s 9%: 0.13+0.63+0.10 ms clock, 2.1+0.67/0.86/0+1.6 ms cpu, 4->5->2 MB, 5 MB goal, 0 MB stacks, 0 MB globals, 16 P
gc 5556 @14.283s 9%: 0.15+0.57+0.20 ms clock, 2.4+0.65/0.88/0+3.3 ms cpu, 4->4->2 MB, 4 MB goal, 0 MB stacks, 0 MB globals, 16 P
gc 5557 @14.285s 9%: 0.15+0.61+0.14 ms clock, 2.4+0.58/0.94/0+2.3 ms cpu, 4->4->2 MB, 4 MB goal, 0 MB stacks, 0 MB globals, 16 P
gc 5558 @14.287s 9%: 0.15+0.66+0.14 ms clock, 2.4+0.58/0.93/0.027+2.3 ms cpu, 4->4->2 MB, 4 MB goal, 0 MB stacks, 0 MB globals, 16 P
gc 5559 @14.288s 9%: 0.13+0.70+0.21 ms clock, 2.0+0.62/0.99/0+3.4 ms cpu, 3->4->2 MB, 4 MB goal, 0 MB stacks, 0 MB globals, 16 P
gc 5560 @14.290s 9%: 0.11+0.61+0.13 ms clock, 1.8+0.49/0.84/0.004+2.1 ms cpu, 4->4->2 MB, 5 MB goal, 0 MB stacks, 0 MB globals, 16 P
gc 5561 @14.292s 9%: 0.20+0.66+0.14 ms clock, 3.2+0.79/0.94/0+2.3 ms cpu, 3->4->2 MB, 4 MB goal, 0 MB stacks, 0 MB globals, 16 P
gc 5562 @14.294s 9%: 0.085+1.0+0.15 ms clock, 1.3+0.45/1.0/0.057+2.5 ms cpu, 4->5->2 MB, 4 MB goal, 0 MB stacks, 0 MB globals, 16 P
gc 5563 @14.296s 9%: 0.15+1.1+0.095 ms clock, 2.4+0.78/0.86/0.020+1.5 ms cpu, 4->5->2 MB, 5 MB goal, 0 MB stacks, 0 MB globals, 16 P
gc 5564 @14.298s 9%: 0.11+0.66+0.10 ms clock, 1.8+0.60/1.0/0+1.7 ms cpu, 4->5->2 MB, 5 MB goal, 0 MB stacks, 0 MB globals, 16 P
gc 5565 @14.300s 9%: 0.12+0.57+0.13 ms clock, 2.0+0.68/0.87/0.021+2.1 ms cpu, 4->4->2 MB, 4 MB goal, 0 MB stacks, 0 MB globals, 16 P
gc 5566 @14.302s 9%: 0.20+0.63+0.23 ms clock, 3.2+0.64/0.96/0.057+3.8 ms cpu, 4->4->2 MB, 4 MB goal, 0 MB stacks, 0 MB globals, 16 P
gc 5567 @14.304s 9%: 0.12+0.66+0.19 ms clock, 2.0+0.64/0.92/0+3.0 ms cpu, 4->5->2 MB, 4 MB goal, 0 MB stacks, 0 MB globals, 16 P
gc 5568 @14.306s 9%: 0.12+0.83+0.097 ms clock, 2.0+0.49/0.92/0+1.5 ms cpu, 4->5->2 MB, 5 MB goal, 0 MB stacks, 0 MB globals, 16 P
gc 5569 @14.308s 9%: 0.078+0.57+0.11 ms clock, 1.2+0.56/1.0/0+1.8 ms cpu, 4->4->2 MB, 5 MB goal, 0 MB stacks, 0 MB globals, 16 P
gc 5570 @14.309s 9%: 0.14+0.54+0.15 ms clock, 2.2+0.55/0.97/0+2.4 ms cpu, 3->4->2 MB, 4 MB goal, 0 MB stacks, 0 MB globals, 16 P
gc 5571 @14.311s 9%: 0.10+0.72+0.14 ms clock, 1.7+0.63/1.1/0+2.2 ms cpu, 3->4->2 MB, 4 MB goal, 0 MB stacks, 0 MB globals, 16 P
gc 5572 @14.313s 9%: 0.14+0.64+0.10 ms clock, 2.2+0.63/0.96/0+1.7 ms cpu, 4->5->2 MB, 5 MB goal, 0 MB stacks, 0 MB globals, 16 P
gc 5573 @14.315s 9%: 0.14+0.78+0.078 ms clock, 2.2+0.88/1.0/0+1.2 ms cpu, 3->4->2 MB, 4 MB goal, 0 MB stacks, 0 MB globals, 16 P
gc 5574 @14.317s 9%: 0.11+0.60+0.094 ms clock, 1.9+0.79/0.89/0.009+1.5 ms cpu, 4->5->2 MB, 5 MB goal, 0 MB stacks, 0 MB globals, 16 P
gc 5575 @14.318s 9%: 0.14+0.71+0.20 ms clock, 2.3+0.65/1.0/0+3.3 ms cpu, 3->4->2 MB, 4 MB goal, 0 MB stacks, 0 MB globals, 16 P
gc 5576 @14.320s 9%: 0.11+0.95+0.054 ms clock, 1.8+0.73/0.88/0+0.87 ms cpu, 4->5->2 MB, 5 MB goal, 0 MB stacks, 0 MB globals, 16 P
gc 5577 @14.322s 9%: 0.21+0.67+0.16 ms clock, 3.3+0.75/0.82/0.045+2.6 ms cpu, 4->4->2 MB, 4 MB goal, 0 MB stacks, 0 MB globals, 16 P
gc 5578 @14.324s 9%: 0.20+0.73+0.19 ms clock, 3.3+0.85/0.93/0+3.1 ms cpu, 4->5->2 MB, 5 MB goal, 0 MB stacks, 0 MB globals, 16 P
gc 5579 @14.326s 9%: 0.12+0.74+0.17 ms clock, 2.0+0.65/1.1/0+2.7 ms cpu, 4->5->2 MB, 5 MB goal, 0 MB stacks, 0 MB globals, 16 P
gc 5580 @14.328s 9%: 0.092+0.58+0.084 ms clock, 1.4+0.52/0.93/0+1.3 ms cpu, 4->5->2 MB, 5 MB goal, 0 MB stacks, 0 MB globals, 16 P
gc 5581 @14.330s 9%: 0.24+0.64+0.20 ms clock, 3.8+0.56/0.99/0+3.2 ms cpu, 3->4->2 MB, 4 MB goal, 0 MB stacks, 0 MB globals, 16 P
gc 5582 @14.331s 9%: 0.10+0.75+0.12 ms clock, 1.7+0.78/0.95/0.069+1.9 ms cpu, 4->5->2 MB, 4 MB goal, 0 MB stacks, 0 MB globals, 16 P
gc 5583 @14.334s 9%: 0.20+0.73+0.18 ms clock, 3.2+0.68/0.87/0+2.9 ms cpu, 4->5->2 MB, 5 MB goal, 0 MB stacks, 0 MB globals, 16 P
gc 5584 @14.336s 9%: 0.090+0.59+0.14 ms clock, 1.4+0.67/0.95/0+2.3 ms cpu, 4->5->2 MB, 5 MB goal, 0 MB stacks, 0 MB globals, 16 P
gc 5585 @14.337s 9%: 0.12+0.75+0.078 ms clock, 1.9+0.52/0.99/0+1.2 ms cpu, 4->5->2 MB, 4 MB goal, 0 MB stacks, 0 MB globals, 16 P
gc 5586 @14.339s 9%: 0.099+0.78+0.076 ms clock, 1.5+0.60/1.1/0+1.2 ms cpu, 4->5->2 MB, 4 MB goal, 0 MB stacks, 0 MB globals, 16 P
gc 5587 @14.341s 9%: 0.098+0.47+0.17 ms clock, 1.5+0.51/0.83/0.037+2.7 ms cpu, 4->4->1 MB, 5 MB goal, 0 MB stacks, 0 MB globals, 16 P
gc 5588 @14.343s 9%: 0.17+0.59+0.16 ms clock, 2.8+0.62/1.0/0+2.5 ms cpu, 3->4->2 MB, 4 MB goal, 0 MB stacks, 0 MB globals, 16 P
gc 5589 @14.344s 9%: 0.16+0.59+0.12 ms clock, 2.6+0.61/0.83/0.10+1.9 ms cpu, 4->5->2 MB, 5 MB goal, 0 MB stacks, 0 MB globals, 16 P
gc 5590 @14.346s 9%: 0.12+0.64+0.13 ms clock, 1.9+0.57/0.91/0+2.1 ms cpu, 3->4->2 MB, 4 MB goal, 0 MB stacks, 0 MB globals, 16 P
gc 5591 @14.348s 9%: 0.12+0.51+0.16 ms clock, 1.9+0.69/0.82/0+2.6 ms cpu, 4->4->2 MB, 4 MB goal, 0 MB stacks, 0 MB globals, 16 P
gc 5592 @14.349s 9%: 0.11+0.64+0.12 ms clock, 1.8+0.58/0.91/0.002+1.9 ms cpu, 3->4->2 MB, 4 MB goal, 0 MB stacks, 0 MB globals, 16 P
gc 5593 @14.351s 9%: 0.22+0.64+0.15 ms clock, 3.6+0.63/0.94/0.004+2.4 ms cpu, 4->5->2 MB, 4 MB goal, 0 MB stacks, 0 MB globals, 16 P
gc 5594 @14.353s 9%: 0.11+0.72+0.11 ms clock, 1.8+0.61/0.85/0.051+1.8 ms cpu, 4->5->2 MB, 5 MB goal, 0 MB stacks, 0 MB globals, 16 P
gc 5595 @14.355s 9%: 0.099+0.65+0.15 ms clock, 1.5+0.58/0.90/0+2.4 ms cpu, 4->5->2 MB, 5 MB goal, 0 MB stacks, 0 MB globals, 16 P
gc 5596 @14.357s 9%: 0.10+0.79+0.072 ms clock, 1.7+0.69/0.93/0+1.1 ms cpu, 4->5->2 MB, 4 MB goal, 0 MB stacks, 0 MB globals, 16 P
gc 5597 @14.359s 9%: 0.15+0.86+0.14 ms clock, 2.5+0.59/1.1/0+2.3 ms cpu, 4->5->2 MB, 5 MB goal, 0 MB stacks, 0 MB globals, 16 P
gc 5598 @14.361s 9%: 0.098+0.66+0.12 ms clock, 1.5+0.53/1.0/0.008+1.9 ms cpu, 4->5->2 MB, 5 MB goal, 0 MB stacks, 0 MB globals, 16 P
gc 5599 @14.363s 9%: 0.10+0.67+0.11 ms clock, 1.7+0.73/0.91/0+1.8 ms cpu, 4->4->2 MB, 4 MB goal, 0 MB stacks, 0 MB globals, 16 P
gc 5600 @14.364s 9%: 0.12+0.74+0.10 ms clock, 2.0+0.58/1.0/0+1.7 ms cpu, 3->4->2 MB, 4 MB goal, 0 MB stacks, 0 MB globals, 16 P
gc 5601 @14.366s 9%: 0.10+0.62+0.062 ms clock, 1.7+0.57/0.90/0+0.99 ms cpu, 4->5->2 MB, 4 MB goal, 0 MB stacks, 0 MB globals, 16 P
gc 5602 @14.368s 9%: 0.15+0.67+0.11 ms clock, 2.4+0.74/0.89/0+1.8 ms cpu, 4->4->2 MB, 4 MB goal, 0 MB stacks, 0 MB globals, 16 P
gc 5603 @14.370s 9%: 0.12+0.55+0.10 ms clock, 1.9+0.64/0.97/0+1.6 ms cpu, 4->4->2 MB, 4 MB goal, 0 MB stacks, 0 MB globals, 16 P
gc 5604 @14.371s 9%: 0.12+0.65+0.19 ms clock, 1.9+0.65/0.93/0+3.0 ms cpu, 3->4->2 MB, 4 MB goal, 0 MB stacks, 0 MB globals, 16 P
gc 5605 @14.373s 9%: 0.14+0.79+0.13 ms clock, 2.3+0.63/0.82/0+2.2 ms cpu, 3->4->2 MB, 4 MB goal, 0 MB stacks, 0 MB globals, 16 P
gc 5606 @14.375s 9%: 0.14+0.67+0.18 ms clock, 2.2+0.71/0.82/0+3.0 ms cpu, 4->5->2 MB, 5 MB goal, 0 MB stacks, 0 MB globals, 16 P
gc 5607 @14.377s 9%: 0.11+0.67+0.16 ms clock, 1.7+0.54/1.0/0+2.6 ms cpu, 4->4->2 MB, 4 MB goal, 0 MB stacks, 0 MB globals, 16 P
gc 5608 @14.378s 9%: 0.13+0.81+0.071 ms clock, 2.1+0.70/0.98/0+1.1 ms cpu, 4->5->2 MB, 5 MB goal, 0 MB stacks, 0 MB globals, 16 P
gc 5609 @14.381s 9%: 0.11+0.57+0.10 ms clock, 1.8+0.61/1.0/0+1.7 ms cpu, 4->5->2 MB, 5 MB goal, 0 MB stacks, 0 MB globals, 16 P
gc 5610 @14.382s 9%: 0.12+0.70+0.10 ms clock, 2.0+0.70/0.91/0+1.7 ms cpu, 4->4->2 MB, 4 MB goal, 0 MB stacks, 0 MB globals, 16 P
gc 5611 @14.384s 9%: 0.16+0.62+0.12 ms clock, 2.7+0.60/0.89/0+2.0 ms cpu, 4->5->2 MB, 4 MB goal, 0 MB stacks, 0 MB globals, 16 P
gc 5612 @14.386s 9%: 0.10+0.71+0.20 ms clock, 1.7+0.70/0.94/0+3.3 ms cpu, 4->4->2 MB, 5 MB goal, 0 MB stacks, 0 MB globals, 16 P
gc 5613 @14.388s 9%: 0.13+0.67+0.046 ms clock, 2.1+0.71/0.86/0+0.73 ms cpu, 3->4->2 MB, 4 MB goal, 0 MB stacks, 0 MB globals, 16 P
gc 5614 @14.390s 9%: 0.19+0.61+0.11 ms clock, 3.1+0.65/0.86/0+1.8 ms cpu, 4->4->2 MB, 4 MB goal, 0 MB stacks, 0 MB globals, 16 P
gc 5615 @14.391s 9%: 0.13+0.55+0.11 ms clock, 2.1+0.62/0.90/0+1.9 ms cpu, 4->4->2 MB, 4 MB goal, 0 MB stacks, 0 MB globals, 16 P
gc 5616 @14.393s 9%: 0.13+0.57+0.13 ms clock, 2.0+0.57/0.90/0+2.2 ms cpu, 4->4->2 MB, 4 MB goal, 0 MB stacks, 0 MB globals, 16 P
gc 5617 @14.395s 9%: 0.12+0.56+0.070 ms clock, 1.9+0.86/0.77/0.001+1.1 ms cpu, 4->4->2 MB, 4 MB goal, 0 MB stacks, 0 MB globals, 16 P
gc 5618 @14.397s 9%: 0.096+0.43+0.16 ms clock, 1.5+0.72/0.77/0+2.6 ms cpu, 4->4->2 MB, 4 MB goal, 0 MB stacks, 0 MB globals, 16 P
gc 5619 @14.398s 9%: 0.12+0.63+0.079 ms clock, 1.9+0.64/0.79/0+1.2 ms cpu, 3->4->2 MB, 4 MB goal, 0 MB stacks, 0 MB globals, 16 P
gc 5620 @14.400s 9%: 0.16+0.53+0.15 ms clock, 2.5+0.55/0.93/0.12+2.4 ms cpu, 4->4->1 MB, 4 MB goal, 0 MB stacks, 0 MB globals, 16 P
gc 5621 @14.401s 9%: 0.13+0.86+0.14 ms clock, 2.1+0.92/0.97/0+2.2 ms cpu, 3->4->2 MB, 4 MB goal, 0 MB stacks, 0 MB globals, 16 P
gc 5622 @14.403s 9%: 0.13+0.66+0.12 ms clock, 2.1+0.65/0.81/0.058+1.9 ms cpu, 4->5->2 MB, 5 MB goal, 0 MB stacks, 0 MB globals, 16 P
gc 5623 @14.405s 9%: 0.10+0.63+0.15 ms clock, 1.7+0.58/1.0/0.002+2.4 ms cpu, 4->4->2 MB, 4 MB goal, 0 MB stacks, 0 MB globals, 16 P
gc 5624 @14.407s 9%: 0.16+0.71+0.13 ms clock, 2.7+0.51/0.98/0+2.2 ms cpu, 4->4->2 MB, 4 MB goal, 0 MB stacks, 0 MB globals, 16 P
gc 5625 @14.409s 9%: 0.12+0.60+0.15 ms clock, 1.9+0.70/0.92/0+2.4 ms cpu, 4->5->2 MB, 4 MB goal, 0 MB stacks, 0 MB globals, 16 P
gc 5626 @14.410s 9%: 0.11+0.74+0.088 ms clock, 1.7+0.73/0.97/0.002+1.4 ms cpu, 4->5->2 MB, 4 MB goal, 0 MB stacks, 0 MB globals, 16 P
gc 5627 @14.412s 9%: 0.10+0.75+0.11 ms clock, 1.7+0.59/1.0/0.004+1.8 ms cpu, 4->5->2 MB, 5 MB goal, 0 MB stacks, 0 MB globals, 16 P
gc 5628 @14.414s 9%: 0.10+0.54+0.12 ms clock, 1.6+0.62/0.91/0+1.9 ms cpu, 4->4->2 MB, 5 MB goal, 0 MB stacks, 0 MB globals, 16 P
gc 5629 @14.416s 9%: 0.17+0.76+0.15 ms clock, 2.7+0.90/1.0/0+2.4 ms cpu, 3->4->2 MB, 4 MB goal, 0 MB stacks, 0 MB globals, 16 P
gc 5630 @14.418s 9%: 0.11+0.49+0.20 ms clock, 1.7+0.67/0.73/0+3.3 ms cpu, 4->5->2 MB, 5 MB goal, 0 MB stacks, 0 MB globals, 16 P
gc 5631 @14.420s 9%: 0.13+0.72+0.10 ms clock, 2.1+0.69/0.95/0+1.6 ms cpu, 3->4->2 MB, 4 MB goal, 0 MB stacks, 0 MB globals, 16 P
gc 5632 @14.422s 9%: 0.10+0.55+0.13 ms clock, 1.6+0.56/1.0/0+2.2 ms cpu, 4->5->2 MB, 5 MB goal, 0 MB stacks, 0 MB globals, 16 P
gc 5633 @14.423s 9%: 0.12+0.71+0.056 ms clock, 2.0+0.76/0.79/0+0.90 ms cpu, 3->4->2 MB, 4 MB goal, 0 MB stacks, 0 MB globals, 16 P
gc 5634 @14.425s 9%: 0.15+0.66+0.13 ms clock, 2.4+0.73/0.91/0+2.0 ms cpu, 4->4->2 MB, 4 MB goal, 0 MB stacks, 0 MB globals, 16 P
gc 5635 @14.427s 9%: 0.12+0.86+0.11 ms clock, 1.9+0.61/0.94/0+1.7 ms cpu, 4->5->2 MB, 4 MB goal, 0 MB stacks, 0 MB globals, 16 P
gc 5636 @14.429s 9%: 0.17+0.54+0.15 ms clock, 2.7+0.58/0.97/0+2.5 ms cpu, 4->5->2 MB, 5 MB goal, 0 MB stacks, 0 MB globals, 16 P
gc 5637 @14.430s 9%: 0.20+0.59+0.074 ms clock, 3.2+0.67/0.80/0+1.1 ms cpu, 3->4->2 MB, 4 MB goal, 0 MB stacks, 0 MB globals, 16 P
gc 5638 @14.432s 9%: 0.093+0.63+0.15 ms clock, 1.4+0.60/0.89/0+2.4 ms cpu, 4->5->2 MB, 5 MB goal, 0 MB stacks, 0 MB globals, 16 P
gc 5639 @14.434s 9%: 0.13+0.64+0.16 ms clock, 2.1+0.60/0.98/0+2.6 ms cpu, 3->4->2 MB, 4 MB goal, 0 MB stacks, 0 MB globals, 16 P
gc 5640 @14.436s 9%: 0.11+0.78+0.10 ms clock, 1.9+0.56/0.91/0+1.6 ms cpu, 4->5->2 MB, 4 MB goal, 0 MB stacks, 0 MB globals, 16 P
gc 5641 @14.438s 9%: 0.088+0.67+0.11 ms clock, 1.4+0.59/0.94/0.019+1.7 ms cpu, 4->5->2 MB, 5 MB goal, 0 MB stacks, 0 MB globals, 16 P
gc 5642 @14.439s 9%: 0.099+0.63+0.11 ms clock, 1.5+0.61/1.0/0.007+1.8 ms cpu, 3->4->2 MB, 4 MB goal, 0 MB stacks, 0 MB globals, 16 P
gc 5643 @14.441s 9%: 0.11+0.49+0.14 ms clock, 1.9+0.61/1.0/0+2.3 ms cpu, 4->4->2 MB, 4 MB goal, 0 MB stacks, 0 MB globals, 16 P
gc 5644 @14.443s 9%: 0.12+0.58+0.19 ms clock, 2.0+0.62/0.94/0+3.0 ms cpu, 3->4->2 MB, 4 MB goal, 0 MB stacks, 0 MB globals, 16 P
gc 5645 @14.444s 9%: 0.12+0.52+0.14 ms clock, 2.0+0.57/0.85/0+2.2 ms cpu, 4->4->2 MB, 4 MB goal, 0 MB stacks, 0 MB globals, 16 P
gc 5646 @14.446s 9%: 0.18+0.80+0.19 ms clock, 2.9+0.71/0.89/0+3.1 ms cpu, 3->4->2 MB, 4 MB goal, 0 MB stacks, 0 MB globals, 16 P
gc 5647 @14.448s 9%: 0.14+0.76+0.18 ms clock, 2.3+0.84/1.0/0+2.8 ms cpu, 4->5->2 MB, 5 MB goal, 0 MB stacks, 0 MB globals, 16 P
gc 5648 @14.450s 9%: 0.13+0.72+0.13 ms clock, 2.1+0.58/1.0/0.016+2.1 ms cpu, 4->5->2 MB, 5 MB goal, 0 MB stacks, 0 MB globals, 16 P
gc 5649 @14.452s 9%: 0.15+0.54+0.21 ms clock, 2.4+0.59/0.92/0+3.4 ms cpu, 4->4->2 MB, 4 MB goal, 0 MB stacks, 0 MB globals, 16 P
gc 5650 @14.453s 9%: 0.17+0.73+0.15 ms clock, 2.8+0.66/1.0/0+2.4 ms cpu, 4->5->2 MB, 4 MB goal, 0 MB stacks, 0 MB globals, 16 P
gc 5651 @14.455s 9%: 0.092+0.78+0.13 ms clock, 1.4+0.70/1.1/0.17+2.1 ms cpu, 4->5->2 MB, 5 MB goal, 0 MB stacks, 0 MB globals, 16 P
gc 5652 @14.457s 9%: 0.16+0.56+0.21 ms clock, 2.6+0.69/0.92/0+3.4 ms cpu, 4->5->2 MB, 5 MB goal, 0 MB stacks, 0 MB globals, 16 P
gc 5653 @14.459s 9%: 0.10+0.65+0.12 ms clock, 1.7+0.68/1.0/0+2.0 ms cpu, 4->4->2 MB, 4 MB goal, 0 MB stacks, 0 MB globals, 16 P
gc 5654 @14.461s 9%: 0.12+0.65+0.15 ms clock, 1.9+0.54/1.0/0+2.4 ms cpu, 4->5->2 MB, 5 MB goal, 0 MB stacks, 0 MB globals, 16 P
gc 5655 @14.463s 9%: 0.12+0.66+0.12 ms clock, 2.0+0.70/1.0/0+2.0 ms cpu, 4->5->2 MB, 4 MB goal, 0 MB stacks, 0 MB globals, 16 P
gc 5656 @14.465s 9%: 0.11+0.54+0.15 ms clock, 1.8+0.75/0.97/0+2.4 ms cpu, 4->4->2 MB, 5 MB goal, 0 MB stacks, 0 MB globals, 16 P
gc 5657 @14.466s 9%: 0.14+0.75+0.092 ms clock, 2.3+0.45/1.0/0+1.4 ms cpu, 3->4->2 MB, 4 MB goal, 0 MB stacks, 0 MB globals, 16 P
gc 5658 @14.468s 9%: 0.10+0.81+0.10 ms clock, 1.6+0.65/0.99/0.055+1.6 ms cpu, 4->5->2 MB, 5 MB goal, 0 MB stacks, 0 MB globals, 16 P
gc 5659 @14.470s 9%: 0.11+0.72+0.17 ms clock, 1.8+0.63/0.87/0.084+2.8 ms cpu, 4->5->2 MB, 4 MB goal, 0 MB stacks, 0 MB globals, 16 P
gc 5660 @14.472s 9%: 0.18+0.74+0.098 ms clock, 2.9+0.56/1.0/0.007+1.5 ms cpu, 4->5->2 MB, 4 MB goal, 0 MB stacks, 0 MB globals, 16 P
gc 5661 @14.474s 9%: 0.099+0.68+0.10 ms clock, 1.5+0.62/1.1/0+1.6 ms cpu, 4->5->2 MB, 5 MB goal, 0 MB stacks, 0 MB globals, 16 P
gc 5662 @14.476s 9%: 0.11+0.59+0.14 ms clock, 1.8+0.47/0.97/0.16+2.3 ms cpu, 4->4->2 MB, 4 MB goal, 0 MB stacks, 0 MB globals, 16 P
gc 5663 @14.477s 9%: 0.16+0.70+0.11 ms clock, 2.5+0.56/1.0/0+1.8 ms cpu, 3->5->2 MB, 4 MB goal, 0 MB stacks, 0 MB globals, 16 P
gc 5664 @14.480s 9%: 0.10+0.59+0.15 ms clock, 1.6+0.60/0.97/0.053+2.5 ms cpu, 4->5->2 MB, 5 MB goal, 0 MB stacks, 0 MB globals, 16 P
gc 5665 @14.481s 9%: 0.11+0.47+0.12 ms clock, 1.7+0.52/0.92/0+2.0 ms cpu, 4->4->2 MB, 4 MB goal, 0 MB stacks, 0 MB globals, 16 P
gc 5666 @14.483s 9%: 0.19+0.61+0.15 ms clock, 3.1+0.69/1.0/0+2.4 ms cpu, 3->4->2 MB, 4 MB goal, 0 MB stacks, 0 MB globals, 16 P
gc 5667 @14.485s 9%: 0.12+0.61+0.11 ms clock, 1.9+0.56/1.0/0+1.8 ms cpu, 4->5->2 MB, 4 MB goal, 0 MB stacks, 0 MB globals, 16 P
gc 5668 @14.487s 9%: 0.081+0.62+0.14 ms clock, 1.3+0.35/1.0/0+2.3 ms cpu, 4->4->2 MB, 4 MB goal, 0 MB stacks, 0 MB globals, 16 P
gc 5669 @14.488s 9%: 0.080+0.47+0.13 ms clock, 1.2+0.59/0.88/0.043+2.0 ms cpu, 4->4->2 MB, 4 MB goal, 0 MB stacks, 0 MB globals, 16 P
gc 5670 @14.490s 9%: 0.13+0.64+0.10 ms clock, 2.1+0.67/0.91/0+1.7 ms cpu, 3->4->2 MB, 4 MB goal, 0 MB stacks, 0 MB globals, 16 P
gc 5671 @14.491s 9%: 0.099+0.52+0.15 ms clock, 1.5+0.79/0.84/0+2.4 ms cpu, 3->4->2 MB, 4 MB goal, 0 MB stacks, 0 MB globals, 16 P
gc 5672 @14.493s 9%: 0.14+0.85+0.12 ms clock, 2.3+0.62/0.89/0+2.0 ms cpu, 3->4->2 MB, 4 MB goal, 0 MB stacks, 0 MB globals, 16 P
gc 5673 @14.495s 9%: 0.18+0.71+0.13 ms clock, 2.9+0.58/1.1/0+2.1 ms cpu, 4->5->2 MB, 5 MB goal, 0 MB stacks, 0 MB globals, 16 P
gc 5674 @14.497s 9%: 0.17+0.62+0.16 ms clock, 2.8+0.46/0.97/0.068+2.5 ms cpu, 4->4->2 MB, 4 MB goal, 0 MB stacks, 0 MB globals, 16 P
gc 5675 @14.498s 9%: 0.22+0.62+0.13 ms clock, 3.5+0.72/0.94/0+2.1 ms cpu, 3->4->2 MB, 4 MB goal, 0 MB stacks, 0 MB globals, 16 P
gc 5676 @14.500s 9%: 0.20+0.67+0.18 ms clock, 3.2+0.82/1.0/0+2.8 ms cpu, 4->5->2 MB, 4 MB goal, 0 MB stacks, 0 MB globals, 16 P
gc 5677 @14.502s 9%: 0.11+0.58+0.17 ms clock, 1.8+0.63/0.99/0+2.8 ms cpu, 4->5->2 MB, 5 MB goal, 0 MB stacks, 0 MB globals, 16 P
gc 5678 @14.504s 9%: 0.22+0.49+0.15 ms clock, 3.5+0.64/0.84/0.058+2.4 ms cpu, 3->4->1 MB, 4 MB goal, 0 MB stacks, 0 MB globals, 16 P
gc 5679 @14.505s 9%: 0.15+0.86+0.095 ms clock, 2.4+0.73/0.99/0+1.5 ms cpu, 3->4->2 MB, 4 MB goal, 0 MB stacks, 0 MB globals, 16 P
gc 5680 @14.507s 9%: 0.12+0.50+0.14 ms clock, 2.0+0.57/0.97/0.005+2.3 ms cpu, 4->5->1 MB, 5 MB goal, 0 MB stacks, 0 MB globals, 16 P
gc 5681 @14.509s 9%: 0.097+0.66+0.11 ms clock, 1.5+0.67/0.86/0+1.8 ms cpu, 3->4->2 MB, 4 MB goal, 0 MB stacks, 0 MB globals, 16 P
gc 5682 @14.510s 9%: 0.097+0.66+0.13 ms clock, 1.5+0.73/1.0/0.001+2.2 ms cpu, 3->4->2 MB, 4 MB goal, 0 MB stacks, 0 MB globals, 16 P
gc 5683 @14.512s 9%: 0.16+0.67+0.12 ms clock, 2.6+0.77/1.0/0+1.9 ms cpu, 4->5->2 MB, 4 MB goal, 0 MB stacks, 0 MB globals, 16 P
gc 5684 @14.514s 9%: 0.094+0.67+0.15 ms clock, 1.5+0.72/0.89/0+2.4 ms cpu, 4->4->2 MB, 4 MB goal, 0 MB stacks, 0 MB globals, 16 P
gc 5685 @14.516s 9%: 0.12+0.58+0.12 ms clock, 1.9+0.88/0.78/0+1.9 ms cpu, 4->4->2 MB, 4 MB goal, 0 MB stacks, 0 MB globals, 16 P
gc 5686 @14.517s 9%: 0.094+0.79+0.11 ms clock, 1.5+0.50/1.1/0.026+1.8 ms cpu, 3->4->2 MB, 4 MB goal, 0 MB stacks, 0 MB globals, 16 P
gc 5687 @14.519s 9%: 0.077+0.82+0.051 ms clock, 1.2+0.67/0.99/0+0.81 ms cpu, 4->4->2 MB, 4 MB goal, 0 MB stacks, 0 MB globals, 16 P
gc 5688 @14.521s 9%: 0.16+0.75+0.10 ms clock, 2.6+0.57/1.0/0+1.6 ms cpu, 4->4->2 MB, 4 MB goal, 0 MB stacks, 0 MB globals, 16 P
gc 5689 @14.523s 9%: 0.18+0.60+0.13 ms clock, 2.9+0.63/0.87/0+2.1 ms cpu, 4->5->2 MB, 5 MB goal, 0 MB stacks, 0 MB globals, 16 P
gc 5690 @14.525s 9%: 0.18+0.83+0.093 ms clock, 2.9+0.67/0.90/0+1.4 ms cpu, 3->5->2 MB, 4 MB goal, 0 MB stacks, 0 MB globals, 16 P
gc 5691 @14.527s 9%: 0.15+0.98+0.15 ms clock, 2.4+0.64/0.89/0+2.4 ms cpu, 4->5->2 MB, 5 MB goal, 0 MB stacks, 0 MB globals, 16 P
gc 5692 @14.529s 9%: 0.10+0.64+0.10 ms clock, 1.6+0.62/0.98/0.024+1.6 ms cpu, 4->5->2 MB, 5 MB goal, 0 MB stacks, 0 MB globals, 16 P
gc 5693 @14.531s 9%: 0.15+0.67+0.12 ms clock, 2.4+0.73/0.91/0+2.0 ms cpu, 3->4->2 MB, 4 MB goal, 0 MB stacks, 0 MB globals, 16 P
gc 5694 @14.532s 9%: 0.16+0.68+0.13 ms clock, 2.5+0.061/1.1/0+2.0 ms cpu, 4->4->2 MB, 4 MB goal, 0 MB stacks, 0 MB globals, 16 P
gc 5695 @14.534s 9%: 0.11+0.96+0.073 ms clock, 1.8+0.68/0.83/0+1.1 ms cpu, 4->5->2 MB, 4 MB goal, 0 MB stacks, 0 MB globals, 16 P
gc 5696 @14.536s 9%: 0.14+0.80+0.11 ms clock, 2.3+0.62/1.1/0+1.8 ms cpu, 4->5->2 MB, 5 MB goal, 0 MB stacks, 0 MB globals, 16 P
gc 5697 @14.538s 9%: 0.12+0.67+0.10 ms clock, 2.0+0.62/1.0/0+1.6 ms cpu, 4->5->2 MB, 5 MB goal, 0 MB stacks, 0 MB globals, 16 P
gc 5698 @14.540s 9%: 0.11+0.74+0.10 ms clock, 1.8+0.73/1.0/0+1.7 ms cpu, 4->5->2 MB, 5 MB goal, 0 MB stacks, 0 MB globals, 16 P
gc 5699 @14.542s 9%: 0.12+0.53+0.13 ms clock, 2.0+0.71/0.99/0+2.1 ms cpu, 4->5->2 MB, 5 MB goal, 0 MB stacks, 0 MB globals, 16 P
gc 5700 @14.544s 9%: 0.15+0.67+0.14 ms clock, 2.4+0.66/1.0/0.010+2.2 ms cpu, 3->4->2 MB, 4 MB goal, 0 MB stacks, 0 MB globals, 16 P
gc 5701 @14.546s 9%: 0.10+0.48+0.15 ms clock, 1.7+0.67/0.78/0.026+2.4 ms cpu, 4->4->1 MB, 5 MB goal, 0 MB stacks, 0 MB globals, 16 P
gc 5702 @14.547s 9%: 0.14+0.67+0.13 ms clock, 2.3+0.65/1.1/0.004+2.2 ms cpu, 3->4->2 MB, 4 MB goal, 0 MB stacks, 0 MB globals, 16 P
gc 5703 @14.549s 9%: 0.10+0.68+0.085 ms clock, 1.7+0.63/1.0/0+1.3 ms cpu, 4->5->2 MB, 5 MB goal, 0 MB stacks, 0 MB globals, 16 P
gc 5704 @14.551s 9%: 0.12+0.75+0.17 ms clock, 1.9+0.57/1.2/0.002+2.8 ms cpu, 4->5->2 MB, 5 MB goal, 0 MB stacks, 0 MB globals, 16 P
gc 5705 @14.553s 9%: 0.097+0.74+0.16 ms clock, 1.5+0.49/0.98/0+2.7 ms cpu, 4->5->2 MB, 5 MB goal, 0 MB stacks, 0 MB globals, 16 P
gc 5706 @14.555s 9%: 0.12+0.75+0.11 ms clock, 1.9+0.69/0.95/0+1.7 ms cpu, 4->5->2 MB, 5 MB goal, 0 MB stacks, 0 MB globals, 16 P
gc 5707 @14.557s 9%: 0.085+0.62+0.13 ms clock, 1.3+0.67/1.0/0+2.1 ms cpu, 4->5->2 MB, 5 MB goal, 0 MB stacks, 0 MB globals, 16 P
gc 5708 @14.559s 9%: 0.077+0.68+0.14 ms clock, 1.2+0.53/1.1/0+2.3 ms cpu, 4->4->2 MB, 4 MB goal, 0 MB stacks, 0 MB globals, 16 P
gc 5709 @14.561s 9%: 0.19+0.66+0.12 ms clock, 3.0+0.65/1.0/0+2.0 ms cpu, 4->4->2 MB, 4 MB goal, 0 MB stacks, 0 MB globals, 16 P
gc 5710 @14.563s 9%: 0.12+0.76+0.10 ms clock, 1.9+0.61/0.94/0+1.6 ms cpu, 4->5->2 MB, 4 MB goal, 0 MB stacks, 0 MB globals, 16 P
gc 5711 @14.564s 9%: 0.14+0.62+0.15 ms clock, 2.3+0.64/1.0/0.005+2.4 ms cpu, 4->5->2 MB, 5 MB goal, 0 MB stacks, 0 MB globals, 16 P
gc 5712 @14.566s 9%: 0.097+0.78+0.16 ms clock, 1.5+0.59/0.98/0+2.6 ms cpu, 4->5->2 MB, 5 MB goal, 0 MB stacks, 0 MB globals, 16 P
gc 5713 @14.568s 9%: 0.13+1.0+0.11 ms clock, 2.1+0.67/1.1/0.029+1.7 ms cpu, 4->5->2 MB, 5 MB goal, 0 MB stacks, 0 MB globals, 16 P
gc 5714 @14.571s 9%: 0.10+0.71+0.11 ms clock, 1.6+0.71/1.0/0+1.8 ms cpu, 4->5->2 MB, 5 MB goal, 0 MB stacks, 0 MB globals, 16 P
gc 5715 @14.572s 9%: 0.21+0.71+0.16 ms clock, 3.5+0.69/1.1/0+2.5 ms cpu, 3->4->2 MB, 4 MB goal, 0 MB stacks, 0 MB globals, 16 P
gc 5716 @14.575s 9%: 0.13+0.65+0.14 ms clock, 2.1+0.61/0.97/0.005+2.3 ms cpu, 4->5->2 MB, 5 MB goal, 0 MB stacks, 0 MB globals, 16 P
gc 5717 @14.576s 9%: 0.12+0.65+0.16 ms clock, 1.9+0.56/1.0/0+2.6 ms cpu, 3->4->2 MB, 4 MB goal, 0 MB stacks, 0 MB globals, 16 P
gc 5718 @14.578s 9%: 0.15+0.62+0.18 ms clock, 2.5+0.62/0.93/0+2.9 ms cpu, 4->4->2 MB, 5 MB goal, 0 MB stacks, 0 MB globals, 16 P
gc 5719 @14.580s 9%: 0.10+0.75+0.15 ms clock, 1.6+0.66/0.95/0+2.4 ms cpu, 4->4->2 MB, 4 MB goal, 0 MB stacks, 0 MB globals, 16 P
gc 5720 @14.581s 9%: 0.16+0.65+0.16 ms clock, 2.5+0.68/1.0/0+2.6 ms cpu, 3->4->2 MB, 4 MB goal, 0 MB stacks, 0 MB globals, 16 P
gc 5721 @14.583s 9%: 0.11+0.71+0.14 ms clock, 1.8+0.66/1.1/0+2.2 ms cpu, 4->5->2 MB, 5 MB goal, 0 MB stacks, 0 MB globals, 16 P
gc 5722 @14.585s 9%: 0.10+0.66+0.15 ms clock, 1.6+0.54/0.91/0.059+2.5 ms cpu, 4->5->2 MB, 5 MB goal, 0 MB stacks, 0 MB globals, 16 P
gc 5723 @14.587s 9%: 0.16+0.59+0.14 ms clock, 2.6+0.70/1.0/0+2.2 ms cpu, 3->4->2 MB, 4 MB goal, 0 MB stacks, 0 MB globals, 16 P
gc 5724 @14.589s 9%: 0.15+0.54+0.20 ms clock, 2.4+0.73/0.77/0+3.2 ms cpu, 4->4->2 MB, 4 MB goal, 0 MB stacks, 0 MB globals, 16 P
gc 5725 @14.590s 9%: 0.22+0.72+0.095 ms clock, 3.6+0.67/1.0/0+1.5 ms cpu, 3->4->2 MB, 4 MB goal, 0 MB stacks, 0 MB globals, 16 P
gc 5726 @14.592s 9%: 0.091+0.67+0.17 ms clock, 1.4+0.45/1.0/0+2.7 ms cpu, 4->5->2 MB, 5 MB goal, 0 MB stacks, 0 MB globals, 16 P
gc 5727 @14.594s 9%: 0.20+0.64+0.18 ms clock, 3.3+0.67/1.0/0+2.9 ms cpu, 3->4->2 MB, 4 MB goal, 0 MB stacks, 0 MB globals, 16 P
gc 5728 @14.596s 9%: 0.16+0.61+0.18 ms clock, 2.5+0.60/1.0/0+2.8 ms cpu, 4->5->2 MB, 5 MB goal, 0 MB stacks, 0 MB globals, 16 P
gc 5729 @14.598s 9%: 0.10+0.71+0.11 ms clock, 1.6+0.78/1.1/0+1.8 ms cpu, 4->5->2 MB, 4 MB goal, 0 MB stacks, 0 MB globals, 16 P
gc 5730 @14.600s 9%: 0.097+0.50+0.12 ms clock, 1.5+0.59/0.95/0+1.9 ms cpu, 4->4->2 MB, 4 MB goal, 0 MB stacks, 0 MB globals, 16 P
gc 5731 @14.601s 9%: 0.12+0.72+0.084 ms clock, 1.9+0.61/0.95/0+1.3 ms cpu, 3->4->2 MB, 4 MB goal, 0 MB stacks, 0 MB globals, 16 P
gc 5732 @14.603s 9%: 0.10+0.48+0.17 ms clock, 1.6+0.72/0.85/0+2.8 ms cpu, 4->4->2 MB, 5 MB goal, 0 MB stacks, 0 MB globals, 16 P
gc 5733 @14.605s 9%: 0.10+0.60+0.14 ms clock, 1.6+0.64/0.98/0+2.3 ms cpu, 3->4->2 MB, 4 MB goal, 0 MB stacks, 0 MB globals, 16 P
gc 5734 @14.606s 9%: 0.10+0.99+0.10 ms clock, 1.6+0.66/0.96/0+1.6 ms cpu, 4->5->2 MB, 4 MB goal, 0 MB stacks, 0 MB globals, 16 P
gc 5735 @14.608s 9%: 0.11+0.85+0.12 ms clock, 1.8+0.44/1.0/0+2.0 ms cpu, 4->5->2 MB, 5 MB goal, 0 MB stacks, 0 MB globals, 16 P
gc 5736 @14.611s 9%: 0.13+0.65+0.12 ms clock, 2.1+0.69/1.0/0.006+1.9 ms cpu, 4->5->2 MB, 5 MB goal, 0 MB stacks, 0 MB globals, 16 P
gc 5737 @14.613s 9%: 0.19+0.76+0.089 ms clock, 3.0+0.69/0.95/0+1.4 ms cpu, 4->5->2 MB, 5 MB goal, 0 MB stacks, 0 MB globals, 16 P
gc 5738 @14.615s 9%: 0.14+0.79+0.16 ms clock, 2.2+0.90/0.97/0+2.6 ms cpu, 4->5->2 MB, 5 MB goal, 0 MB stacks, 0 MB globals, 16 P
gc 5739 @14.616s 9%: 0.11+0.59+0.14 ms clock, 1.8+0.48/0.95/0+2.3 ms cpu, 4->5->2 MB, 5 MB goal, 0 MB stacks, 0 MB globals, 16 P
gc 5740 @14.618s 9%: 0.20+0.68+0.17 ms clock, 3.3+0.57/1.0/0.026+2.8 ms cpu, 3->4->2 MB, 4 MB goal, 0 MB stacks, 0 MB globals, 16 P
gc 5741 @14.620s 9%: 0.12+0.78+0.071 ms clock, 2.0+0.66/0.99/0+1.1 ms cpu, 4->5->2 MB, 4 MB goal, 0 MB stacks, 0 MB globals, 16 P
gc 5742 @14.622s 9%: 0.086+0.57+0.16 ms clock, 1.3+0.63/0.95/0+2.6 ms cpu, 4->5->2 MB, 5 MB goal, 0 MB stacks, 0 MB globals, 16 P
gc 5743 @14.624s 9%: 0.10+0.71+0.079 ms clock, 1.7+0.59/0.95/0+1.2 ms cpu, 3->4->2 MB, 4 MB goal, 0 MB stacks, 0 MB globals, 16 P
gc 5744 @14.625s 9%: 0.083+0.67+0.089 ms clock, 1.3+0.55/0.85/0+1.4 ms cpu, 3->4->2 MB, 4 MB goal, 0 MB stacks, 0 MB globals, 16 P
gc 5745 @14.627s 9%: 0.14+0.58+0.099 ms clock, 2.3+0.74/0.97/0+1.5 ms cpu, 3->4->2 MB, 4 MB goal, 0 MB stacks, 0 MB globals, 16 P
gc 5746 @14.629s 9%: 0.11+0.64+0.16 ms clock, 1.7+0.62/1.0/0+2.6 ms cpu, 3->4->2 MB, 4 MB goal, 0 MB stacks, 0 MB globals, 16 P
gc 5747 @14.630s 9%: 0.14+0.58+0.13 ms clock, 2.2+0.62/0.96/0+2.1 ms cpu, 4->4->2 MB, 4 MB goal, 0 MB stacks, 0 MB globals, 16 P
gc 5748 @14.632s 9%: 0.13+0.75+0.15 ms clock, 2.1+0.53/1.0/0+2.4 ms cpu, 4->5->2 MB, 4 MB goal, 0 MB stacks, 0 MB globals, 16 P
gc 5749 @14.634s 9%: 0.066+0.68+0.085 ms clock, 1.0+0.56/0.94/0+1.3 ms cpu, 4->5->2 MB, 5 MB goal, 0 MB stacks, 0 MB globals, 16 P
gc 5750 @14.636s 9%: 0.10+0.75+0.12 ms clock, 1.6+0.59/0.83/0+2.0 ms cpu, 3->5->2 MB, 4 MB goal, 0 MB stacks, 0 MB globals, 16 P
gc 5751 @14.638s 9%: 0.086+0.64+0.092 ms clock, 1.3+0.48/0.99/0+1.4 ms cpu, 4->4->2 MB, 5 MB goal, 0 MB stacks, 0 MB globals, 16 P
gc 5752 @14.640s 9%: 0.14+0.60+0.099 ms clock, 2.2+0.69/0.90/0+1.5 ms cpu, 4->4->2 MB, 4 MB goal, 0 MB stacks, 0 MB globals, 16 P
gc 5753 @14.641s 9%: 0.19+0.73+0.087 ms clock, 3.1+0.59/0.98/0+1.3 ms cpu, 4->5->2 MB, 4 MB goal, 0 MB stacks, 0 MB globals, 16 P
gc 5754 @14.644s 9%: 0.11+0.57+0.12 ms clock, 1.7+0.68/0.93/0+2.0 ms cpu, 4->5->2 MB, 5 MB goal, 0 MB stacks, 0 MB globals, 16 P
gc 5755 @14.645s 9%: 0.15+0.51+0.18 ms clock, 2.5+0.61/0.91/0+2.8 ms cpu, 4->4->2 MB, 4 MB goal, 0 MB stacks, 0 MB globals, 16 P
gc 5756 @14.647s 9%: 0.10+0.53+0.15 ms clock, 1.7+0.65/0.87/0+2.5 ms cpu, 3->4->2 MB, 4 MB goal, 0 MB stacks, 0 MB globals, 16 P
gc 5757 @14.648s 9%: 0.13+0.53+0.18 ms clock, 2.1+0.51/1.0/0+2.9 ms cpu, 3->4->2 MB, 4 MB goal, 0 MB stacks, 0 MB globals, 16 P
gc 5758 @14.650s 9%: 0.12+0.59+0.16 ms clock, 1.9+0.61/0.88/0+2.6 ms cpu, 3->4->2 MB, 4 MB goal, 0 MB stacks, 0 MB globals, 16 P
gc 5759 @14.652s 9%: 0.13+0.77+0.11 ms clock, 2.2+0.57/1.2/0+1.9 ms cpu, 4->5->2 MB, 4 MB goal, 0 MB stacks, 0 MB globals, 16 P
gc 5760 @14.654s 9%: 0.12+1.0+0.10 ms clock, 2.0+0.80/1.0/0.009+1.6 ms cpu, 4->5->2 MB, 5 MB goal, 0 MB stacks, 0 MB globals, 16 P
gc 5761 @14.656s 9%: 0.14+0.77+0.077 ms clock, 2.3+0.69/1.0/0+1.2 ms cpu, 4->5->2 MB, 5 MB goal, 0 MB stacks, 0 MB globals, 16 P
gc 5762 @14.658s 9%: 0.12+0.47+0.14 ms clock, 2.0+0.52/1.0/0+2.2 ms cpu, 4->4->2 MB, 5 MB goal, 0 MB stacks, 0 MB globals, 16 P
gc 5763 @14.660s 9%: 0.11+0.60+0.20 ms clock, 1.8+0.66/1.0/0+3.2 ms cpu, 3->4->2 MB, 4 MB goal, 0 MB stacks, 0 MB globals, 16 P
gc 5764 @14.661s 9%: 0.18+0.63+0.20 ms clock, 3.0+0.70/1.0/0+3.2 ms cpu, 3->4->2 MB, 4 MB goal, 0 MB stacks, 0 MB globals, 16 P
gc 5765 @14.663s 9%: 0.19+0.76+0.14 ms clock, 3.1+0.55/0.95/0+2.2 ms cpu, 4->5->2 MB, 5 MB goal, 0 MB stacks, 0 MB globals, 16 P
gc 5766 @14.665s 9%: 0.11+0.63+0.12 ms clock, 1.8+0.36/1.0/0+1.9 ms cpu, 4->5->2 MB, 5 MB goal, 0 MB stacks, 0 MB globals, 16 P
gc 5767 @14.667s 9%: 0.095+0.60+0.20 ms clock, 1.5+0.43/0.82/0.26+3.2 ms cpu, 4->4->2 MB, 4 MB goal, 0 MB stacks, 0 MB globals, 16 P
gc 5768 @14.669s 9%: 0.17+0.73+0.090 ms clock, 2.8+0.52/0.88/0+1.4 ms cpu, 3->4->2 MB, 4 MB goal, 0 MB stacks, 0 MB globals, 16 P
gc 5769 @14.671s 9%: 0.13+0.69+0.18 ms clock, 2.0+0.67/0.88/0+2.9 ms cpu, 4->5->2 MB, 5 MB goal, 0 MB stacks, 0 MB globals, 16 P
gc 5770 @14.672s 9%: 0.15+0.68+0.16 ms clock, 2.5+0.64/0.99/0.005+2.6 ms cpu, 4->4->2 MB, 4 MB goal, 0 MB stacks, 0 MB globals, 16 P
gc 5771 @14.674s 9%: 0.11+0.52+0.18 ms clock, 1.8+0.48/0.87/0.023+2.9 ms cpu, 4->5->2 MB, 5 MB goal, 0 MB stacks, 0 MB globals, 16 P
gc 5772 @14.676s 9%: 0.15+0.70+0.16 ms clock, 2.4+0.77/1.0/0.007+2.6 ms cpu, 3->4->2 MB, 4 MB goal, 0 MB stacks, 0 MB globals, 16 P
gc 5773 @14.678s 9%: 0.12+0.57+0.17 ms clock, 2.0+0.68/0.91/0+2.8 ms cpu, 4->5->2 MB, 5 MB goal, 0 MB stacks, 0 MB globals, 16 P
gc 5774 @14.679s 9%: 0.12+0.73+0.080 ms clock, 1.9+0.72/1.0/0+1.2 ms cpu, 3->4->2 MB, 4 MB goal, 0 MB stacks, 0 MB globals, 16 P
gc 5775 @14.681s 9%: 0.11+0.89+0.16 ms clock, 1.8+0.74/1.1/0+2.7 ms cpu, 4->5->2 MB, 5 MB goal, 0 MB stacks, 0 MB globals, 16 P
gc 5776 @14.684s 9%: 0.15+0.77+0.12 ms clock, 2.4+0.58/0.92/0.022+1.9 ms cpu, 4->5->2 MB, 5 MB goal, 0 MB stacks, 0 MB globals, 16 P
gc 5777 @14.686s 9%: 0.14+0.66+0.17 ms clock, 2.2+0.68/1.0/0.001+2.8 ms cpu, 4->5->2 MB, 4 MB goal, 0 MB stacks, 0 MB globals, 16 P
gc 5778 @14.688s 9%: 0.11+0.85+0.11 ms clock, 1.9+0.56/1.0/0.018+1.7 ms cpu, 4->5->2 MB, 5 MB goal, 0 MB stacks, 0 MB globals, 16 P
gc 5779 @14.690s 9%: 0.15+0.54+0.11 ms clock, 2.4+0.70/0.97/0+1.8 ms cpu, 4->5->2 MB, 5 MB goal, 0 MB stacks, 0 MB globals, 16 P
gc 5780 @14.692s 9%: 0.15+0.85+0.10 ms clock, 2.4+0.58/1.0/0+1.6 ms cpu, 3->5->2 MB, 4 MB goal, 0 MB stacks, 0 MB globals, 16 P
gc 5781 @14.694s 9%: 0.13+0.60+0.14 ms clock, 2.0+0.62/1.1/0+2.3 ms cpu, 4->5->2 MB, 5 MB goal, 0 MB stacks, 0 MB globals, 16 P
gc 5782 @14.696s 9%: 0.16+0.83+0.15 ms clock, 2.7+0.79/1.1/0+2.5 ms cpu, 4->5->2 MB, 4 MB goal, 0 MB stacks, 0 MB globals, 16 P
gc 5783 @14.698s 9%: 0.14+0.84+0.12 ms clock, 2.2+0.84/0.84/0+1.9 ms cpu, 4->5->2 MB, 5 MB goal, 0 MB stacks, 0 MB globals, 16 P
gc 5784 @14.700s 9%: 0.22+0.73+0.072 ms clock, 3.5+0.61/0.97/0+1.1 ms cpu, 4->5->2 MB, 5 MB goal, 0 MB stacks, 0 MB globals, 16 P
gc 5785 @14.702s 9%: 0.13+0.64+0.13 ms clock, 2.1+0.61/1.0/0+2.2 ms cpu, 4->5->2 MB, 5 MB goal, 0 MB stacks, 0 MB globals, 16 P
gc 5786 @14.704s 9%: 0.15+0.62+0.19 ms clock, 2.5+0.72/0.78/0.075+3.0 ms cpu, 4->5->2 MB, 5 MB goal, 0 MB stacks, 0 MB globals, 16 P
gc 5787 @14.706s 9%: 0.12+0.58+0.19 ms clock, 1.9+0.47/0.99/0+3.0 ms cpu, 4->4->2 MB, 4 MB goal, 0 MB stacks, 0 MB globals, 16 P
gc 5788 @14.707s 9%: 0.12+0.64+0.15 ms clock, 2.0+0.67/1.0/0.010+2.4 ms cpu, 4->4->2 MB, 4 MB goal, 0 MB stacks, 0 MB globals, 16 P
gc 5789 @14.709s 9%: 0.19+0.67+0.10 ms clock, 3.1+0.68/0.97/0+1.6 ms cpu, 4->5->2 MB, 5 MB goal, 0 MB stacks, 0 MB globals, 16 P
gc 5790 @14.711s 9%: 0.14+0.60+0.18 ms clock, 2.3+0.69/1.1/0+2.8 ms cpu, 4->5->2 MB, 5 MB goal, 0 MB stacks, 0 MB globals, 16 P
gc 5791 @14.713s 9%: 0.12+0.79+0.13 ms clock, 1.9+0.67/1.0/0.030+2.0 ms cpu, 4->5->2 MB, 4 MB goal, 0 MB stacks, 0 MB globals, 16 P
gc 5792 @14.715s 9%: 0.11+0.72+0.11 ms clock, 1.8+0.61/0.90/0+1.8 ms cpu, 4->5->2 MB, 5 MB goal, 0 MB stacks, 0 MB globals, 16 P
gc 5793 @14.717s 9%: 0.16+0.67+0.11 ms clock, 2.5+0.55/0.88/0+1.8 ms cpu, 4->5->2 MB, 5 MB goal, 0 MB stacks, 0 MB globals, 16 P
gc 5794 @14.719s 9%: 0.11+0.70+0.083 ms clock, 1.8+0.53/0.98/0+1.3 ms cpu, 4->5->2 MB, 5 MB goal, 0 MB stacks, 0 MB globals, 16 P
gc 5795 @14.721s 9%: 0.14+0.73+0.10 ms clock, 2.3+0.64/1.0/0+1.6 ms cpu, 4->5->2 MB, 4 MB goal, 0 MB stacks, 0 MB globals, 16 P
gc 5796 @14.723s 9%: 0.11+0.64+0.12 ms clock, 1.9+0.57/0.98/0+1.9 ms cpu, 4->4->2 MB, 4 MB goal, 0 MB stacks, 0 MB globals, 16 P
gc 5797 @14.725s 9%: 0.11+0.61+0.14 ms clock, 1.8+0.60/0.96/0+2.3 ms cpu, 4->4->2 MB, 4 MB goal, 0 MB stacks, 0 MB globals, 16 P
gc 5798 @14.726s 9%: 0.10+0.55+0.10 ms clock, 1.7+0.56/0.92/0+1.6 ms cpu, 4->4->2 MB, 4 MB goal, 0 MB stacks, 0 MB globals, 16 P
gc 5799 @14.728s 9%: 0.12+0.71+0.10 ms clock, 2.0+0.58/0.99/0.039+1.6 ms cpu, 3->4->2 MB, 4 MB goal, 0 MB stacks, 0 MB globals, 16 P
gc 5800 @14.730s 9%: 0.12+0.64+0.12 ms clock, 1.9+0.49/0.98/0.017+1.9 ms cpu, 4->4->2 MB, 4 MB goal, 0 MB stacks, 0 MB globals, 16 P
gc 5801 @14.731s 9%: 0.092+0.49+0.19 ms clock, 1.4+0.64/0.85/0+3.0 ms cpu, 4->4->2 MB, 4 MB goal, 0 MB stacks, 0 MB globals, 16 P
gc 5802 @14.733s 9%: 0.11+0.70+0.12 ms clock, 1.8+0.69/1.0/0+1.9 ms cpu, 3->4->2 MB, 4 MB goal, 0 MB stacks, 0 MB globals, 16 P
gc 5803 @14.735s 9%: 0.11+0.71+0.15 ms clock, 1.9+0.65/0.93/0+2.4 ms cpu, 4->4->2 MB, 4 MB goal, 0 MB stacks, 0 MB globals, 16 P
gc 5804 @14.736s 9%: 0.13+0.56+0.22 ms clock, 2.1+0.68/0.94/0+3.5 ms cpu, 4->4->2 MB, 4 MB goal, 0 MB stacks, 0 MB globals, 16 P
gc 5805 @14.738s 9%: 0.12+0.79+0.14 ms clock, 2.0+0.61/1.0/0.020+2.3 ms cpu, 4->5->2 MB, 4 MB goal, 0 MB stacks, 0 MB globals, 16 P
gc 5806 @14.740s 9%: 0.14+0.66+0.14 ms clock, 2.3+0.53/1.0/0+2.2 ms cpu, 4->5->2 MB, 5 MB goal, 0 MB stacks, 0 MB globals, 16 P
gc 5807 @14.742s 9%: 0.17+0.66+0.13 ms clock, 2.7+0.54/0.90/0+2.1 ms cpu, 4->5->2 MB, 5 MB goal, 0 MB stacks, 0 MB globals, 16 P
gc 5808 @14.744s 9%: 0.13+0.74+0.10 ms clock, 2.1+0.64/0.87/0+1.7 ms cpu, 4->5->2 MB, 4 MB goal, 0 MB stacks, 0 MB globals, 16 P
gc 5809 @14.746s 9%: 0.11+0.80+0.056 ms clock, 1.8+0.57/0.94/0+0.90 ms cpu, 4->5->2 MB, 5 MB goal, 0 MB stacks, 0 MB globals, 16 P
gc 5810 @14.748s 9%: 0.18+0.68+0.14 ms clock, 3.0+0.75/0.88/0+2.2 ms cpu, 4->4->2 MB, 4 MB goal, 0 MB stacks, 0 MB globals, 16 P
gc 5811 @14.750s 9%: 0.13+0.64+0.17 ms clock, 2.2+0.54/0.99/0.006+2.7 ms cpu, 4->4->2 MB, 4 MB goal, 0 MB stacks, 0 MB globals, 16 P
gc 5812 @14.751s 9%: 0.084+0.59+0.11 ms clock, 1.3+0.61/0.90/0+1.7 ms cpu, 4->4->2 MB, 4 MB goal, 0 MB stacks, 0 MB globals, 16 P
gc 5813 @14.753s 9%: 0.072+0.58+0.093 ms clock, 1.1+0.61/0.91/0.007+1.4 ms cpu, 3->4->2 MB, 4 MB goal, 0 MB stacks, 0 MB globals, 16 P
gc 5814 @14.755s 9%: 0.15+0.49+0.18 ms clock, 2.4+0.59/0.94/0+3.0 ms cpu, 4->4->2 MB, 4 MB goal, 0 MB stacks, 0 MB globals, 16 P
gc 5815 @14.756s 9%: 0.11+0.55+0.14 ms clock, 1.8+0.70/0.95/0+2.3 ms cpu, 3->4->2 MB, 4 MB goal, 0 MB stacks, 0 MB globals, 16 P
gc 5816 @14.758s 9%: 0.081+0.50+0.10 ms clock, 1.3+0.61/0.78/0+1.6 ms cpu, 3->4->2 MB, 4 MB goal, 0 MB stacks, 0 MB globals, 16 P
gc 5817 @14.759s 9%: 0.10+0.59+0.15 ms clock, 1.7+0.68/0.93/0+2.5 ms cpu, 3->4->2 MB, 4 MB goal, 0 MB stacks, 0 MB globals, 16 P
gc 5818 @14.761s 9%: 0.12+0.79+0.19 ms clock, 2.0+0.59/1.1/0+3.0 ms cpu, 3->4->2 MB, 4 MB goal, 0 MB stacks, 0 MB globals, 16 P
gc 5819 @14.763s 9%: 0.10+0.58+0.20 ms clock, 1.6+0.42/1.0/0+3.2 ms cpu, 4->5->2 MB, 5 MB goal, 0 MB stacks, 0 MB globals, 16 P
gc 5820 @14.765s 9%: 0.11+0.76+0.079 ms clock, 1.7+0.36/1.0/0+1.2 ms cpu, 3->4->2 MB, 4 MB goal, 0 MB stacks, 0 MB globals, 16 P
gc 5821 @14.766s 9%: 0.13+0.65+0.13 ms clock, 2.1+0.59/1.1/0+2.0 ms cpu, 4->5->2 MB, 4 MB goal, 0 MB stacks, 0 MB globals, 16 P
gc 5822 @14.769s 9%: 0.13+0.59+0.15 ms clock, 2.1+0.64/1.0/0+2.4 ms cpu, 4->5->2 MB, 5 MB goal, 0 MB stacks, 0 MB globals, 16 P
gc 5823 @14.770s 9%: 0.10+0.56+0.12 ms clock, 1.6+0.61/0.82/0+1.9 ms cpu, 4->4->2 MB, 4 MB goal, 0 MB stacks, 0 MB globals, 16 P
gc 5824 @14.772s 9%: 0.13+1.0+0.098 ms clock, 2.1+0.59/1.0/0.032+1.5 ms cpu, 3->4->2 MB, 4 MB goal, 0 MB stacks, 0 MB globals, 16 P
gc 5825 @14.774s 9%: 0.15+0.85+0.16 ms clock, 2.4+0.67/0.88/0+2.6 ms cpu, 4->5->2 MB, 5 MB goal, 0 MB stacks, 0 MB globals, 16 P
gc 5826 @14.776s 9%: 0.098+0.67+0.13 ms clock, 1.5+0.60/1.0/0.026+2.2 ms cpu, 4->5->2 MB, 5 MB goal, 0 MB stacks, 0 MB globals, 16 P
gc 5827 @14.778s 9%: 0.11+0.73+0.18 ms clock, 1.7+0.57/1.1/0.039+2.9 ms cpu, 4->4->2 MB, 4 MB goal, 0 MB stacks, 0 MB globals, 16 P
gc 5828 @14.780s 9%: 0.11+0.77+0.10 ms clock, 1.8+0.51/0.94/0+1.7 ms cpu, 4->5->2 MB, 5 MB goal, 0 MB stacks, 0 MB globals, 16 P
gc 5829 @14.782s 9%: 0.11+0.70+0.10 ms clock, 1.8+0.50/1.0/0+1.6 ms cpu, 4->5->2 MB, 4 MB goal, 0 MB stacks, 0 MB globals, 16 P
gc 5830 @14.784s 9%: 0.21+0.73+0.16 ms clock, 3.4+0.71/0.92/0+2.6 ms cpu, 4->5->2 MB, 4 MB goal, 0 MB stacks, 0 MB globals, 16 P
gc 5831 @14.785s 9%: 0.17+0.64+0.13 ms clock, 2.7+0.61/0.99/0+2.2 ms cpu, 4->5->2 MB, 4 MB goal, 0 MB stacks, 0 MB globals, 16 P
gc 5832 @14.787s 9%: 0.10+0.86+0.11 ms clock, 1.6+0.68/0.95/0.004+1.8 ms cpu, 4->5->2 MB, 4 MB goal, 0 MB stacks, 0 MB globals, 16 P
gc 5833 @14.789s 9%: 0.12+0.68+0.14 ms clock, 2.0+0.66/1.0/0+2.3 ms cpu, 4->5->2 MB, 5 MB goal, 0 MB stacks, 0 MB globals, 16 P
gc 5834 @14.791s 9%: 0.11+0.73+0.094 ms clock, 1.8+0.61/0.83/0+1.5 ms cpu, 4->5->2 MB, 4 MB goal, 0 MB stacks, 0 MB globals, 16 P
gc 5835 @14.793s 9%: 0.13+0.66+0.091 ms clock, 2.1+0.62/0.92/0+1.4 ms cpu, 4->5->2 MB, 4 MB goal, 0 MB stacks, 0 MB globals, 16 P
gc 5836 @14.795s 9%: 0.11+0.60+0.16 ms clock, 1.9+0.67/0.82/0+2.7 ms cpu, 4->4->2 MB, 4 MB goal, 0 MB stacks, 0 MB globals, 16 P
gc 5837 @14.796s 9%: 0.12+0.55+0.21 ms clock, 2.0+0.67/0.95/0.018+3.4 ms cpu, 4->4->2 MB, 4 MB goal, 0 MB stacks, 0 MB globals, 16 P
gc 5838 @14.798s 9%: 0.17+0.75+0.19 ms clock, 2.8+0.73/1.1/0+3.0 ms cpu, 3->5->2 MB, 4 MB goal, 0 MB stacks, 0 MB globals, 16 P
gc 5839 @14.800s 9%: 0.11+0.54+0.14 ms clock, 1.8+0.59/0.92/0.050+2.3 ms cpu, 4->5->2 MB, 5 MB goal, 0 MB stacks, 0 MB globals, 16 P
gc 5840 @14.802s 9%: 0.10+0.75+0.18 ms clock, 1.6+0.47/1.0/0+2.9 ms cpu, 3->4->2 MB, 4 MB goal, 0 MB stacks, 0 MB globals, 16 P
gc 5841 @14.804s 9%: 0.13+0.82+0.084 ms clock, 2.2+0.49/1.0/0.018+1.3 ms cpu, 4->5->2 MB, 4 MB goal, 0 MB stacks, 0 MB globals, 16 P
gc 5842 @14.806s 9%: 0.15+0.48+0.19 ms clock, 2.5+0.44/0.80/0.26+3.1 ms cpu, 4->5->2 MB, 5 MB goal, 0 MB stacks, 0 MB globals, 16 P
gc 5843 @14.807s 9%: 0.16+0.66+0.13 ms clock, 2.7+0.70/1.0/0+2.2 ms cpu, 3->4->2 MB, 4 MB goal, 0 MB stacks, 0 MB globals, 16 P
gc 5844 @14.809s 9%: 0.14+0.63+0.094 ms clock, 2.3+0.54/0.92/0+1.5 ms cpu, 4->5->2 MB, 5 MB goal, 0 MB stacks, 0 MB globals, 16 P
gc 5845 @14.811s 9%: 0.11+0.54+0.15 ms clock, 1.8+0.45/0.90/0.037+2.4 ms cpu, 3->4->2 MB, 4 MB goal, 0 MB stacks, 0 MB globals, 16 P
gc 5846 @14.812s 9%: 0.10+0.60+0.13 ms clock, 1.6+0.63/0.86/0+2.1 ms cpu, 4->4->2 MB, 4 MB goal, 0 MB stacks, 0 MB globals, 16 P
gc 5847 @14.814s 9%: 0.15+0.68+0.16 ms clock, 2.5+0.59/1.1/0+2.6 ms cpu, 3->4->2 MB, 4 MB goal, 0 MB stacks, 0 MB globals, 16 P
gc 5848 @14.816s 9%: 0.16+0.63+0.16 ms clock, 2.6+0.53/0.99/0.034+2.5 ms cpu, 4->4->2 MB, 4 MB goal, 0 MB stacks, 0 MB globals, 16 P
gc 5849 @14.817s 9%: 0.12+0.70+0.13 ms clock, 2.0+0.56/1.1/0+2.1 ms cpu, 3->4->2 MB, 4 MB goal, 0 MB stacks, 0 MB globals, 16 P
gc 5850 @14.819s 9%: 0.14+0.60+0.15 ms clock, 2.3+0.57/0.94/0+2.4 ms cpu, 4->5->2 MB, 5 MB goal, 0 MB stacks, 0 MB globals, 16 P
gc 5851 @14.821s 9%: 0.11+0.50+0.11 ms clock, 1.8+0.71/0.80/0+1.8 ms cpu, 4->4->1 MB, 4 MB goal, 0 MB stacks, 0 MB globals, 16 P
gc 5852 @14.822s 9%: 0.14+0.70+0.15 ms clock, 2.3+0.58/1.1/0+2.5 ms cpu, 3->4->2 MB, 4 MB goal, 0 MB stacks, 0 MB globals, 16 P
gc 5853 @14.824s 9%: 0.14+0.66+0.14 ms clock, 2.2+0.57/1.1/0.041+2.3 ms cpu, 4->5->2 MB, 5 MB goal, 0 MB stacks, 0 MB globals, 16 P
gc 5854 @14.826s 9%: 0.13+0.66+0.10 ms clock, 2.1+0.65/0.98/0.028+1.7 ms cpu, 4->4->2 MB, 4 MB goal, 0 MB stacks, 0 MB globals, 16 P
gc 5855 @14.828s 9%: 0.14+0.61+0.14 ms clock, 2.3+0.64/0.91/0+2.3 ms cpu, 4->4->2 MB, 4 MB goal, 0 MB stacks, 0 MB globals, 16 P
gc 5856 @14.830s 9%: 0.15+0.81+0.10 ms clock, 2.4+0.78/1.0/0+1.6 ms cpu, 3->5->2 MB, 4 MB goal, 0 MB stacks, 0 MB globals, 16 P
gc 5857 @14.832s 9%: 0.12+0.55+0.18 ms clock, 2.0+0.77/0.83/0+3.0 ms cpu, 4->5->1 MB, 5 MB goal, 0 MB stacks, 0 MB globals, 16 P
gc 5858 @14.833s 9%: 0.19+0.66+0.18 ms clock, 3.1+0.61/1.0/0+2.9 ms cpu, 3->4->2 MB, 4 MB goal, 0 MB stacks, 0 MB globals, 16 P
gc 5859 @14.835s 9%: 0.11+0.51+0.11 ms clock, 1.8+0.61/0.82/0+1.8 ms cpu, 4->5->2 MB, 5 MB goal, 0 MB stacks, 0 MB globals, 16 P
gc 5860 @14.837s 9%: 0.10+0.79+0.099 ms clock, 1.6+0.70/0.93/0+1.5 ms cpu, 3->4->2 MB, 4 MB goal, 0 MB stacks, 0 MB globals, 16 P
gc 5861 @14.839s 9%: 0.10+0.66+0.13 ms clock, 1.7+0.56/1.0/0.024+2.2 ms cpu, 4->4->2 MB, 4 MB goal, 0 MB stacks, 0 MB globals, 16 P
gc 5862 @14.840s 9%: 0.12+0.90+0.063 ms clock, 1.9+0.52/1.0/0.032+1.0 ms cpu, 4->5->2 MB, 4 MB goal, 0 MB stacks, 0 MB globals, 16 P
gc 5863 @14.843s 9%: 0.10+0.82+0.088 ms clock, 1.6+0.66/1.1/0.009+1.4 ms cpu, 4->5->2 MB, 5 MB goal, 0 MB stacks, 0 MB globals, 16 P
gc 5864 @14.845s 9%: 0.11+0.69+0.076 ms clock, 1.8+0.70/0.91/0+1.2 ms cpu, 4->5->2 MB, 5 MB goal, 0 MB stacks, 0 MB globals, 16 P
gc 5865 @14.847s 9%: 0.10+0.76+0.082 ms clock, 1.6+0.57/0.97/0+1.3 ms cpu, 4->5->2 MB, 5 MB goal, 0 MB stacks, 0 MB globals, 16 P
gc 5866 @14.848s 9%: 0.19+0.52+0.17 ms clock, 3.0+0.73/0.95/0+2.7 ms cpu, 4->4->2 MB, 4 MB goal, 0 MB stacks, 0 MB globals, 16 P
gc 5867 @14.850s 9%: 0.10+0.55+0.16 ms clock, 1.6+0.64/0.96/0+2.7 ms cpu, 3->4->2 MB, 4 MB goal, 0 MB stacks, 0 MB globals, 16 P
gc 5868 @14.852s 9%: 0.11+0.67+0.18 ms clock, 1.7+0.53/1.1/0+2.9 ms cpu, 4->4->2 MB, 4 MB goal, 0 MB stacks, 0 MB globals, 16 P
gc 5869 @14.854s 9%: 0.10+0.59+0.098 ms clock, 1.7+0.57/0.82/0.036+1.5 ms cpu, 4->4->2 MB, 4 MB goal, 0 MB stacks, 0 MB globals, 16 P
gc 5870 @14.855s 9%: 0.14+0.73+0.12 ms clock, 2.3+0.72/0.98/0+2.0 ms cpu, 3->4->2 MB, 4 MB goal, 0 MB stacks, 0 MB globals, 16 P
gc 5871 @14.857s 9%: 0.18+0.79+0.10 ms clock, 2.8+0.67/0.96/0+1.6 ms cpu, 4->5->2 MB, 4 MB goal, 0 MB stacks, 0 MB globals, 16 P
gc 5872 @14.859s 9%: 0.15+0.61+0.15 ms clock, 2.4+0.61/0.97/0+2.4 ms cpu, 4->5->2 MB, 5 MB goal, 0 MB stacks, 0 MB globals, 16 P
gc 5873 @14.861s 9%: 0.17+0.47+0.19 ms clock, 2.7+0.70/0.83/0+3.0 ms cpu, 3->4->2 MB, 4 MB goal, 0 MB stacks, 0 MB globals, 16 P
gc 5874 @14.862s 9%: 0.11+0.83+0.095 ms clock, 1.8+0.69/0.91/0.075+1.5 ms cpu, 4->5->2 MB, 4 MB goal, 0 MB stacks, 0 MB globals, 16 P
gc 5875 @14.864s 9%: 0.17+0.61+0.16 ms clock, 2.8+0.55/0.94/0+2.5 ms cpu, 4->5->2 MB, 5 MB goal, 0 MB stacks, 0 MB globals, 16 P
gc 5876 @14.866s 9%: 0.12+0.49+0.12 ms clock, 1.9+0.53/0.84/0+1.9 ms cpu, 4->4->2 MB, 4 MB goal, 0 MB stacks, 0 MB globals, 16 P
gc 5877 @14.868s 9%: 0.18+0.64+0.12 ms clock, 2.9+0.58/0.97/0.007+1.9 ms cpu, 3->4->2 MB, 4 MB goal, 0 MB stacks, 0 MB globals, 16 P
gc 5878 @14.870s 9%: 0.10+0.52+0.14 ms clock, 1.7+0.65/0.97/0.006+2.3 ms cpu, 4->4->2 MB, 5 MB goal, 0 MB stacks, 0 MB globals, 16 P
gc 5879 @14.871s 9%: 0.12+0.55+0.18 ms clock, 2.0+0.62/1.0/0+3.0 ms cpu, 3->4->2 MB, 4 MB goal, 0 MB stacks, 0 MB globals, 16 P
gc 5880 @14.873s 9%: 0.074+0.52+0.15 ms clock, 1.1+0.62/0.90/0+2.4 ms cpu, 3->4->2 MB, 4 MB goal, 0 MB stacks, 0 MB globals, 16 P
gc 5881 @14.875s 9%: 0.13+0.63+0.14 ms clock, 2.1+0.64/0.80/0+2.2 ms cpu, 4->4->2 MB, 4 MB goal, 0 MB stacks, 0 MB globals, 16 P
gc 5882 @14.876s 9%: 0.13+0.68+0.095 ms clock, 2.2+0.60/0.93/0.019+1.5 ms cpu, 4->4->2 MB, 4 MB goal, 0 MB stacks, 0 MB globals, 16 P
gc 5883 @14.878s 9%: 0.14+0.55+0.13 ms clock, 2.3+0.79/0.81/0+2.1 ms cpu, 4->4->2 MB, 5 MB goal, 0 MB stacks, 0 MB globals, 16 P
gc 5884 @14.880s 9%: 0.12+0.52+0.13 ms clock, 1.9+0.57/1.0/0+2.1 ms cpu, 3->4->2 MB, 4 MB goal, 0 MB stacks, 0 MB globals, 16 P
gc 5885 @14.882s 9%: 0.12+0.66+0.11 ms clock, 2.0+0.58/1.0/0+1.7 ms cpu, 4->4->2 MB, 4 MB goal, 0 MB stacks, 0 MB globals, 16 P
gc 5886 @14.883s 9%: 0.10+0.61+0.10 ms clock, 1.6+0.70/0.92/0.013+1.6 ms cpu, 4->4->2 MB, 4 MB goal, 0 MB stacks, 0 MB globals, 16 P
gc 5887 @14.885s 9%: 0.14+0.59+0.13 ms clock, 2.3+0.65/0.88/0+2.1 ms cpu, 4->4->2 MB, 4 MB goal, 0 MB stacks, 0 MB globals, 16 P
gc 5888 @14.887s 9%: 0.15+0.78+0.11 ms clock, 2.4+0.53/0.93/0+1.8 ms cpu, 4->4->2 MB, 4 MB goal, 0 MB stacks, 0 MB globals, 16 P
gc 5889 @14.889s 9%: 0.092+0.66+0.11 ms clock, 1.4+0.64/0.88/0.042+1.7 ms cpu, 4->5->2 MB, 5 MB goal, 0 MB stacks, 0 MB globals, 16 P
gc 5890 @14.891s 9%: 0.11+0.65+0.17 ms clock, 1.8+0.67/1.0/0+2.7 ms cpu, 4->5->2 MB, 4 MB goal, 0 MB stacks, 0 MB globals, 16 P
gc 5891 @14.893s 9%: 0.15+0.60+0.18 ms clock, 2.4+0.46/1.0/0.076+2.8 ms cpu, 4->5->2 MB, 5 MB goal, 0 MB stacks, 0 MB globals, 16 P
gc 5892 @14.894s 9%: 0.12+0.77+0.10 ms clock, 2.0+0.80/1.0/0+1.6 ms cpu, 3->4->2 MB, 4 MB goal, 0 MB stacks, 0 MB globals, 16 P
gc 5893 @14.896s 9%: 0.13+0.62+0.13 ms clock, 2.1+0.65/0.98/0+2.2 ms cpu, 4->5->2 MB, 5 MB goal, 0 MB stacks, 0 MB globals, 16 P
gc 5894 @14.898s 9%: 0.22+0.71+0.12 ms clock, 3.5+0.61/0.97/0+1.9 ms cpu, 4->4->2 MB, 4 MB goal, 0 MB stacks, 0 MB globals, 16 P
gc 5895 @14.900s 9%: 0.13+0.87+0.084 ms clock, 2.1+0.55/0.93/0+1.3 ms cpu, 4->5->2 MB, 4 MB goal, 0 MB stacks, 0 MB globals, 16 P
gc 5896 @14.902s 9%: 0.11+0.55+0.12 ms clock, 1.8+0.61/0.86/0+2.0 ms cpu, 4->5->2 MB, 5 MB goal, 0 MB stacks, 0 MB globals, 16 P
gc 5897 @14.904s 9%: 0.18+0.62+0.12 ms clock, 2.9+0.77/0.84/0+2.0 ms cpu, 3->4->2 MB, 4 MB goal, 0 MB stacks, 0 MB globals, 16 P
gc 5898 @14.905s 9%: 0.13+0.54+0.20 ms clock, 2.2+0.61/0.89/0+3.2 ms cpu, 4->4->2 MB, 4 MB goal, 0 MB stacks, 0 MB globals, 16 P
gc 5899 @14.907s 9%: 0.11+0.63+0.17 ms clock, 1.8+0.61/0.92/0+2.8 ms cpu, 4->4->2 MB, 4 MB goal, 0 MB stacks, 0 MB globals, 16 P
gc 5900 @14.908s 9%: 0.16+0.75+0.055 ms clock, 2.7+0.47/1.1/0+0.89 ms cpu, 3->4->2 MB, 4 MB goal, 0 MB stacks, 0 MB globals, 16 P
gc 5901 @14.910s 9%: 0.089+0.58+0.089 ms clock, 1.4+0.61/0.87/0+1.4 ms cpu, 4->5->2 MB, 5 MB goal, 0 MB stacks, 0 MB globals, 16 P
gc 5902 @14.912s 9%: 0.087+1.0+0.081 ms clock, 1.3+0.48/1.0/0.022+1.3 ms cpu, 4->5->2 MB, 4 MB goal, 0 MB stacks, 0 MB globals, 16 P
gc 5903 @14.914s 9%: 0.15+0.61+0.17 ms clock, 2.5+0.66/1.0/0+2.8 ms cpu, 4->5->2 MB, 5 MB goal, 0 MB stacks, 0 MB globals, 16 P
gc 5904 @14.916s 9%: 0.13+0.69+0.14 ms clock, 2.2+0.58/1.0/0.033+2.2 ms cpu, 4->4->2 MB, 4 MB goal, 0 MB stacks, 0 MB globals, 16 P
gc 5905 @14.918s 9%: 0.20+0.72+0.17 ms clock, 3.2+0.66/1.1/0+2.7 ms cpu, 3->4->2 MB, 4 MB goal, 0 MB stacks, 0 MB globals, 16 P
gc 5906 @14.920s 9%: 0.14+0.63+0.13 ms clock, 2.2+0.58/1.0/0+2.0 ms cpu, 4->5->2 MB, 5 MB goal, 0 MB stacks, 0 MB globals, 16 P
gc 5907 @14.922s 9%: 0.14+0.58+0.12 ms clock, 2.3+0.67/0.98/0+2.0 ms cpu, 4->4->2 MB, 4 MB goal, 0 MB stacks, 0 MB globals, 16 P
gc 5908 @14.923s 9%: 0.14+0.57+0.15 ms clock, 2.2+0.62/1.0/0+2.4 ms cpu, 3->4->2 MB, 4 MB goal, 0 MB stacks, 0 MB globals, 16 P
gc 5909 @14.925s 9%: 0.11+0.69+0.12 ms clock, 1.8+0.54/0.93/0+2.0 ms cpu, 4->5->2 MB, 4 MB goal, 0 MB stacks, 0 MB globals, 16 P
gc 5910 @14.927s 9%: 0.10+0.59+0.11 ms clock, 1.6+0.68/1.0/0+1.8 ms cpu, 4->4->2 MB, 4 MB goal, 0 MB stacks, 0 MB globals, 16 P
gc 5911 @14.928s 9%: 0.12+0.55+0.13 ms clock, 2.0+0.65/0.90/0+2.1 ms cpu, 3->4->2 MB, 4 MB goal, 0 MB stacks, 0 MB globals, 16 P
gc 5912 @14.930s 9%: 0.10+0.73+0.072 ms clock, 1.7+0.67/1.1/0.006+1.1 ms cpu, 3->4->2 MB, 4 MB goal, 0 MB stacks, 0 MB globals, 16 P
gc 5913 @14.932s 9%: 0.14+0.71+0.16 ms clock, 2.2+0.56/1.1/0+2.6 ms cpu, 4->5->2 MB, 4 MB goal, 0 MB stacks, 0 MB globals, 16 P
gc 5914 @14.934s 9%: 0.11+0.60+0.11 ms clock, 1.9+0.60/1.0/0.010+1.7 ms cpu, 4->5->2 MB, 5 MB goal, 0 MB stacks, 0 MB globals, 16 P
gc 5915 @14.936s 9%: 0.15+0.52+0.14 ms clock, 2.4+0.60/0.95/0+2.3 ms cpu, 3->4->2 MB, 4 MB goal, 0 MB stacks, 0 MB globals, 16 P
gc 5916 @14.937s 9%: 0.12+0.63+0.18 ms clock, 1.9+0.68/0.87/0+2.9 ms cpu, 3->4->2 MB, 4 MB goal, 0 MB stacks, 0 MB globals, 16 P
gc 5917 @14.939s 9%: 0.094+0.69+0.18 ms clock, 1.5+0.61/0.91/0.042+2.9 ms cpu, 3->4->2 MB, 4 MB goal, 0 MB stacks, 0 MB globals, 16 P
gc 5918 @14.941s 9%: 0.16+0.93+0.11 ms clock, 2.7+0.67/0.89/0+1.8 ms cpu, 3->5->2 MB, 4 MB goal, 0 MB stacks, 0 MB globals, 16 P
gc 5919 @14.943s 9%: 0.13+0.66+0.10 ms clock, 2.1+0.54/1.0/0.026+1.6 ms cpu, 4->5->2 MB, 5 MB goal, 0 MB stacks, 0 MB globals, 16 P
gc 5920 @14.945s 9%: 0.10+0.65+0.16 ms clock, 1.7+0.74/0.89/0.019+2.6 ms cpu, 4->4->2 MB, 4 MB goal, 0 MB stacks, 0 MB globals, 16 P
gc 5921 @14.947s 9%: 0.097+0.68+0.10 ms clock, 1.5+0.64/1.0/0+1.6 ms cpu, 4->4->2 MB, 4 MB goal, 0 MB stacks, 0 MB globals, 16 P
gc 5922 @14.949s 9%: 0.12+0.61+0.14 ms clock, 1.9+0.57/0.88/0+2.3 ms cpu, 4->4->2 MB, 4 MB goal, 0 MB stacks, 0 MB globals, 16 P
gc 5923 @14.950s 9%: 0.22+0.60+0.17 ms clock, 3.6+0.62/0.96/0+2.7 ms cpu, 3->4->2 MB, 4 MB goal, 0 MB stacks, 0 MB globals, 16 P
gc 5924 @14.952s 9%: 0.094+0.70+0.17 ms clock, 1.5+0.63/0.85/0+2.7 ms cpu, 4->4->2 MB, 5 MB goal, 0 MB stacks, 0 MB globals, 16 P
gc 5925 @14.954s 9%: 0.11+0.67+0.10 ms clock, 1.7+0.63/1.2/0+1.6 ms cpu, 4->5->2 MB, 4 MB goal, 0 MB stacks, 0 MB globals, 16 P
gc 5926 @14.956s 9%: 0.13+0.81+0.086 ms clock, 2.1+0.74/1.0/0+1.3 ms cpu, 4->5->2 MB, 4 MB goal, 0 MB stacks, 0 MB globals, 16 P
gc 5927 @14.958s 9%: 0.18+0.61+0.12 ms clock, 2.8+0.55/1.0/0.002+2.0 ms cpu, 4->5->2 MB, 5 MB goal, 0 MB stacks, 0 MB globals, 16 P
gc 5928 @14.959s 9%: 0.11+0.67+0.14 ms clock, 1.8+0.68/1.0/0+2.3 ms cpu, 4->4->2 MB, 4 MB goal, 0 MB stacks, 0 MB globals, 16 P
gc 5929 @14.961s 9%: 0.11+0.81+0.16 ms clock, 1.9+0.69/0.90/0.098+2.6 ms cpu, 4->5->2 MB, 4 MB goal, 0 MB stacks, 0 MB globals, 16 P
gc 5930 @14.963s 9%: 0.14+0.73+0.18 ms clock, 2.2+0.51/1.0/0.025+2.8 ms cpu, 4->5->2 MB, 5 MB goal, 0 MB stacks, 0 MB globals, 16 P
gc 5931 @14.965s 9%: 0.098+0.79+0.20 ms clock, 1.5+0.61/1.0/0.22+3.2 ms cpu, 4->5->2 MB, 5 MB goal, 0 MB stacks, 0 MB globals, 16 P
gc 5932 @14.967s 9%: 0.089+0.62+0.16 ms clock, 1.4+0.68/0.87/0.010+2.6 ms cpu, 4->5->2 MB, 5 MB goal, 0 MB stacks, 0 MB globals, 16 P
gc 5933 @14.969s 9%: 0.12+0.69+0.11 ms clock, 1.9+0.67/1.0/0+1.8 ms cpu, 4->4->2 MB, 4 MB goal, 0 MB stacks, 0 MB globals, 16 P
gc 5934 @14.971s 9%: 0.088+0.69+0.15 ms clock, 1.4+0.76/0.77/0+2.5 ms cpu, 4->4->2 MB, 4 MB goal, 0 MB stacks, 0 MB globals, 16 P
gc 5935 @14.972s 9%: 0.10+0.63+0.13 ms clock, 1.6+0.60/0.97/0.11+2.1 ms cpu, 4->4->2 MB, 4 MB goal, 0 MB stacks, 0 MB globals, 16 P
gc 5936 @14.974s 9%: 0.18+0.63+0.19 ms clock, 2.9+0.59/1.0/0.003+3.1 ms cpu, 3->4->2 MB, 4 MB goal, 0 MB stacks, 0 MB globals, 16 P
gc 5937 @14.976s 9%: 0.14+0.84+0.16 ms clock, 2.2+0.56/0.99/0+2.6 ms cpu, 4->5->2 MB, 5 MB goal, 0 MB stacks, 0 MB globals, 16 P
gc 5938 @14.978s 9%: 0.13+0.71+0.18 ms clock, 2.1+0.76/0.96/0+2.9 ms cpu, 4->5->2 MB, 5 MB goal, 0 MB stacks, 0 MB globals, 16 P
gc 5939 @14.980s 9%: 0.11+0.62+0.10 ms clock, 1.8+0.86/0.93/0.006+1.7 ms cpu, 4->5->2 MB, 5 MB goal, 0 MB stacks, 0 MB globals, 16 P
gc 5940 @14.982s 9%: 0.10+0.65+0.19 ms clock, 1.6+0.67/1.0/0+3.1 ms cpu, 4->4->2 MB, 4 MB goal, 0 MB stacks, 0 MB globals, 16 P
gc 5941 @14.983s 9%: 0.11+0.73+0.14 ms clock, 1.8+0.74/1.0/0+2.3 ms cpu, 4->5->2 MB, 4 MB goal, 0 MB stacks, 0 MB globals, 16 P
gc 5942 @14.985s 9%: 0.13+0.82+0.17 ms clock, 2.0+0.59/0.94/0+2.7 ms cpu, 4->5->2 MB, 4 MB goal, 0 MB stacks, 0 MB globals, 16 P
gc 5943 @14.988s 9%: 0.10+0.59+0.18 ms clock, 1.6+0.66/1.0/0+2.9 ms cpu, 4->5->2 MB, 5 MB goal, 0 MB stacks, 0 MB globals, 16 P
gc 5944 @14.989s 9%: 0.14+0.50+0.13 ms clock, 2.2+0.58/1.0/0.004+2.1 ms cpu, 3->4->2 MB, 4 MB goal, 0 MB stacks, 0 MB globals, 16 P
gc 5945 @14.991s 9%: 0.11+0.82+0.081 ms clock, 1.8+0.78/1.0/0.052+1.2 ms cpu, 3->4->2 MB, 4 MB goal, 0 MB stacks, 0 MB globals, 16 P
gc 5946 @14.993s 9%: 0.15+0.59+0.11 ms clock, 2.4+0.61/0.97/0+1.8 ms cpu, 4->5->2 MB, 5 MB goal, 0 MB stacks, 0 MB globals, 16 P
gc 5947 @14.995s 9%: 0.10+0.68+0.14 ms clock, 1.7+0.51/0.95/0+2.3 ms cpu, 4->5->2 MB, 4 MB goal, 0 MB stacks, 0 MB globals, 16 P
gc 5948 @14.997s 9%: 0.16+0.69+0.10 ms clock, 2.7+0.70/0.80/0+1.7 ms cpu, 4->4->2 MB, 5 MB goal, 0 MB stacks, 0 MB globals, 16 P
gc 5949 @14.998s 9%: 0.15+0.67+0.15 ms clock, 2.4+0.61/1.0/0+2.4 ms cpu, 4->5->2 MB, 4 MB goal, 0 MB stacks, 0 MB globals, 16 P
gc 5950 @15.000s 9%: 0.087+0.54+0.23 ms clock, 1.4+0.52/1.0/0.008+3.7 ms cpu, 4->5->2 MB, 5 MB goal, 0 MB stacks, 0 MB globals, 16 P
gc 5951 @15.002s 9%: 0.20+0.53+0.13 ms clock, 3.2+0.59/1.0/0+2.0 ms cpu, 3->4->2 MB, 4 MB goal, 0 MB stacks, 0 MB globals, 16 P
gc 5952 @15.004s 9%: 0.10+0.64+0.13 ms clock, 1.7+0.54/1.0/0+2.2 ms cpu, 3->4->2 MB, 4 MB goal, 0 MB stacks, 0 MB globals, 16 P
gc 5953 @15.006s 9%: 0.14+0.60+0.13 ms clock, 2.2+0.74/0.87/0+2.1 ms cpu, 4->5->2 MB, 5 MB goal, 0 MB stacks, 0 MB globals, 16 P
gc 5954 @15.007s 9%: 0.16+0.57+0.15 ms clock, 2.6+0.50/0.95/0+2.4 ms cpu, 3->4->2 MB, 4 MB goal, 0 MB stacks, 0 MB globals, 16 P
gc 5955 @15.009s 9%: 0.14+0.69+0.15 ms clock, 2.3+0.77/0.99/0+2.4 ms cpu, 3->5->2 MB, 4 MB goal, 0 MB stacks, 0 MB globals, 16 P
gc 5956 @15.011s 9%: 0.095+0.74+0.10 ms clock, 1.5+0.59/1.0/0+1.6 ms cpu, 4->5->2 MB, 5 MB goal, 0 MB stacks, 0 MB globals, 16 P
gc 5957 @15.013s 9%: 0.12+0.69+0.11 ms clock, 2.0+0.61/1.0/0+1.7 ms cpu, 4->5->2 MB, 4 MB goal, 0 MB stacks, 0 MB globals, 16 P
gc 5958 @15.015s 9%: 0.16+0.77+0.094 ms clock, 2.7+0.64/1.0/0+1.5 ms cpu, 4->5->2 MB, 5 MB goal, 0 MB stacks, 0 MB globals, 16 P
gc 5959 @15.017s 9%: 0.097+0.60+0.12 ms clock, 1.5+0.61/0.93/0+1.9 ms cpu, 4->4->2 MB, 4 MB goal, 0 MB stacks, 0 MB globals, 16 P
gc 5960 @15.018s 9%: 0.095+0.79+0.095 ms clock, 1.5+0.57/1.1/0+1.5 ms cpu, 4->4->2 MB, 4 MB goal, 0 MB stacks, 0 MB globals, 16 P
gc 5961 @15.020s 9%: 0.15+0.64+0.15 ms clock, 2.4+0.59/1.0/0+2.4 ms cpu, 4->5->2 MB, 5 MB goal, 0 MB stacks, 0 MB globals, 16 P
gc 5962 @15.022s 9%: 0.14+0.89+0.099 ms clock, 2.2+0.58/0.82/0+1.5 ms cpu, 4->5->2 MB, 4 MB goal, 0 MB stacks, 0 MB globals, 16 P
gc 5963 @15.024s 9%: 0.090+0.55+0.14 ms clock, 1.4+0.55/0.99/0.013+2.2 ms cpu, 4->5->2 MB, 5 MB goal, 0 MB stacks, 0 MB globals, 16 P
gc 5964 @15.026s 9%: 0.11+0.71+0.11 ms clock, 1.8+0.71/0.91/0+1.7 ms cpu, 3->4->2 MB, 4 MB goal, 0 MB stacks, 0 MB globals, 16 P
gc 5965 @15.028s 9%: 0.16+0.78+0.11 ms clock, 2.6+0.56/0.87/0+1.7 ms cpu, 4->5->2 MB, 4 MB goal, 0 MB stacks, 0 MB globals, 16 P
gc 5966 @15.030s 9%: 0.17+0.64+0.11 ms clock, 2.7+0.63/0.81/0.12+1.8 ms cpu, 4->5->2 MB, 5 MB goal, 0 MB stacks, 0 MB globals, 16 P
gc 5967 @15.031s 9%: 0.10+0.69+0.16 ms clock, 1.6+0.62/0.94/0+2.6 ms cpu, 4->4->2 MB, 4 MB goal, 0 MB stacks, 0 MB globals, 16 P
gc 5968 @15.033s 9%: 0.17+0.64+0.15 ms clock, 2.8+0.58/0.82/0.030+2.4 ms cpu, 4->4->2 MB, 4 MB goal, 0 MB stacks, 0 MB globals, 16 P
gc 5969 @15.035s 9%: 0.16+0.63+0.18 ms clock, 2.6+0.72/0.85/0+2.9 ms cpu, 4->5->2 MB, 4 MB goal, 0 MB stacks, 0 MB globals, 16 P
gc 5970 @15.037s 9%: 0.11+0.68+0.10 ms clock, 1.8+0.57/1.1/0+1.7 ms cpu, 4->5->2 MB, 5 MB goal, 0 MB stacks, 0 MB globals, 16 P
gc 5971 @15.039s 9%: 0.12+0.46+0.17 ms clock, 1.9+0.65/0.88/0+2.7 ms cpu, 4->4->1 MB, 4 MB goal, 0 MB stacks, 0 MB globals, 16 P
gc 5972 @15.040s 9%: 0.12+0.60+0.11 ms clock, 2.0+0.71/0.97/0+1.9 ms cpu, 3->4->2 MB, 4 MB goal, 0 MB stacks, 0 MB globals, 16 P
gc 5973 @15.042s 9%: 0.18+0.73+0.10 ms clock, 3.0+0.69/0.95/0+1.6 ms cpu, 4->5->2 MB, 5 MB goal, 0 MB stacks, 0 MB globals, 16 P
gc 5974 @15.044s 9%: 0.12+0.92+0.075 ms clock, 2.0+0.56/0.80/0.069+1.2 ms cpu, 4->5->2 MB, 5 MB goal, 0 MB stacks, 0 MB globals, 16 P
gc 5975 @15.046s 9%: 0.090+0.69+0.15 ms clock, 1.4+0.56/0.95/0+2.4 ms cpu, 4->5->2 MB, 5 MB goal, 0 MB stacks, 0 MB globals, 16 P
gc 5976 @15.048s 9%: 0.10+0.65+0.13 ms clock, 1.7+0.48/1.0/0+2.2 ms cpu, 4->5->2 MB, 5 MB goal, 0 MB stacks, 0 MB globals, 16 P
gc 5977 @15.050s 9%: 0.14+1.0+0.059 ms clock, 2.3+0.52/0.89/0+0.95 ms cpu, 4->5->2 MB, 4 MB goal, 0 MB stacks, 0 MB globals, 16 P
gc 5978 @15.052s 9%: 0.11+0.63+0.10 ms clock, 1.8+0.67/1.0/0+1.7 ms cpu, 4->5->2 MB, 5 MB goal, 0 MB stacks, 0 MB globals, 16 P
gc 5979 @15.054s 9%: 0.14+0.86+0.17 ms clock, 2.2+0.57/0.95/0+2.7 ms cpu, 4->5->2 MB, 4 MB goal, 0 MB stacks, 0 MB globals, 16 P
gc 5980 @15.056s 9%: 0.082+0.53+0.13 ms clock, 1.3+0.52/0.96/0+2.1 ms cpu, 4->5->2 MB, 5 MB goal, 0 MB stacks, 0 MB globals, 16 P
gc 5981 @15.057s 9%: 0.075+0.51+0.13 ms clock, 1.2+0.52/0.83/0+2.2 ms cpu, 3->4->2 MB, 4 MB goal, 0 MB stacks, 0 MB globals, 16 P
gc 5982 @15.059s 9%: 0.10+0.67+0.12 ms clock, 1.7+0.52/0.98/0+1.9 ms cpu, 3->4->2 MB, 4 MB goal, 0 MB stacks, 0 MB globals, 16 P
gc 5983 @15.061s 9%: 0.13+0.57+0.11 ms clock, 2.1+0.69/0.95/0+1.7 ms cpu, 4->4->2 MB, 4 MB goal, 0 MB stacks, 0 MB globals, 16 P
gc 5984 @15.062s 9%: 0.11+0.48+0.15 ms clock, 1.8+0.59/0.92/0+2.4 ms cpu, 4->4->2 MB, 4 MB goal, 0 MB stacks, 0 MB globals, 16 P
gc 5985 @15.064s 9%: 0.11+0.57+0.17 ms clock, 1.9+0.63/1.0/0+2.7 ms cpu, 3->4->2 MB, 4 MB goal, 0 MB stacks, 0 MB globals, 16 P
gc 5986 @15.066s 9%: 0.13+0.78+0.15 ms clock, 2.1+0.61/0.93/0+2.4 ms cpu, 4->5->2 MB, 4 MB goal, 0 MB stacks, 0 MB globals, 16 P
gc 5987 @15.068s 9%: 0.11+0.74+0.090 ms clock, 1.7+0.60/1.0/0+1.4 ms cpu, 4->5->2 MB, 5 MB goal, 0 MB stacks, 0 MB globals, 16 P
gc 5988 @15.069s 9%: 0.12+0.64+0.18 ms clock, 1.9+0.70/0.90/0+2.9 ms cpu, 4->4->2 MB, 4 MB goal, 0 MB stacks, 0 MB globals, 16 P
gc 5989 @15.071s 9%: 0.12+0.76+0.099 ms clock, 2.0+0.60/0.99/0+1.5 ms cpu, 4->4->2 MB, 4 MB goal, 0 MB stacks, 0 MB globals, 16 P
gc 5990 @15.073s 9%: 0.12+0.52+0.14 ms clock, 1.9+0.61/0.87/0.050+2.2 ms cpu, 4->4->2 MB, 5 MB goal, 0 MB stacks, 0 MB globals, 16 P
gc 5991 @15.075s 9%: 0.18+0.71+0.15 ms clock, 2.8+0.77/1.1/0+2.5 ms cpu, 3->4->2 MB, 4 MB goal, 0 MB stacks, 0 MB globals, 16 P
gc 5992 @15.077s 9%: 0.098+0.74+0.11 ms clock, 1.5+0.44/1.2/0.013+1.9 ms cpu, 4->5->2 MB, 5 MB goal, 0 MB stacks, 0 MB globals, 16 P
gc 5993 @15.078s 9%: 0.12+0.70+0.17 ms clock, 1.9+0.53/0.92/0.030+2.8 ms cpu, 4->5->2 MB, 5 MB goal, 0 MB stacks, 0 MB globals, 16 P
gc 5994 @15.080s 9%: 0.13+0.72+0.23 ms clock, 2.0+0.58/0.99/0+3.7 ms cpu, 4->5->2 MB, 4 MB goal, 0 MB stacks, 0 MB globals, 16 P
gc 5995 @15.082s 9%: 0.15+0.60+0.092 ms clock, 2.4+0.48/0.94/0+1.4 ms cpu, 4->4->2 MB, 4 MB goal, 0 MB stacks, 0 MB globals, 16 P
gc 5996 @15.084s 9%: 0.14+0.51+0.17 ms clock, 2.3+0.68/0.86/0+2.7 ms cpu, 3->4->2 MB, 4 MB goal, 0 MB stacks, 0 MB globals, 16 P
gc 5997 @15.085s 9%: 0.13+0.92+0.10 ms clock, 2.1+0.71/0.75/0.014+1.6 ms cpu, 3->4->2 MB, 4 MB goal, 0 MB stacks, 0 MB globals, 16 P
gc 5998 @15.087s 9%: 0.15+0.69+0.16 ms clock, 2.4+0.76/0.91/0+2.5 ms cpu, 4->5->2 MB, 5 MB goal, 0 MB stacks, 0 MB globals, 16 P
gc 5999 @15.089s 9%: 0.15+0.70+0.15 ms clock, 2.5+0.66/0.95/0+2.5 ms cpu, 4->4->2 MB, 4 MB goal, 0 MB stacks, 0 MB globals, 16 P
gc 6000 @15.091s 9%: 0.14+0.63+0.097 ms clock, 2.3+0.59/1.0/0+1.5 ms cpu, 4->4->2 MB, 4 MB goal, 0 MB stacks, 0 MB globals, 16 P
gc 6001 @15.093s 9%: 0.16+0.60+0.19 ms clock, 2.5+0.77/0.96/0+3.1 ms cpu, 4->4->2 MB, 4 MB goal, 0 MB stacks, 0 MB globals, 16 P
gc 6002 @15.095s 9%: 0.17+0.88+0.087 ms clock, 2.8+0.63/0.99/0+1.4 ms cpu, 4->5->2 MB, 5 MB goal, 0 MB stacks, 0 MB globals, 16 P
gc 6003 @15.097s 9%: 0.11+0.83+0.11 ms clock, 1.8+0.61/0.94/0.17+1.8 ms cpu, 4->5->2 MB, 5 MB goal, 0 MB stacks, 0 MB globals, 16 P
gc 6004 @15.099s 9%: 0.13+0.64+0.098 ms clock, 2.1+0.65/1.0/0.004+1.5 ms cpu, 4->5->2 MB, 5 MB goal, 0 MB stacks, 0 MB globals, 16 P
gc 6005 @15.101s 9%: 0.13+0.77+0.11 ms clock, 2.0+0.77/0.99/0+1.8 ms cpu, 4->5->2 MB, 4 MB goal, 0 MB stacks, 0 MB globals, 16 P
gc 6006 @15.103s 9%: 0.12+0.48+0.15 ms clock, 1.9+0.22/0.96/0+2.4 ms cpu, 4->4->1 MB, 5 MB goal, 0 MB stacks, 0 MB globals, 16 P
gc 6007 @15.104s 9%: 0.15+0.60+0.18 ms clock, 2.4+0.63/1.0/0+2.9 ms cpu, 3->4->2 MB, 4 MB goal, 0 MB stacks, 0 MB globals, 16 P
gc 6008 @15.106s 9%: 0.15+0.62+0.21 ms clock, 2.5+0.67/1.0/0+3.3 ms cpu, 4->5->2 MB, 5 MB goal, 0 MB stacks, 0 MB globals, 16 P
gc 6009 @15.108s 9%: 0.17+0.81+0.12 ms clock, 2.8+0.44/1.1/0+1.9 ms cpu, 4->5->2 MB, 5 MB goal, 0 MB stacks, 0 MB globals, 16 P
gc 6010 @15.110s 9%: 0.15+0.64+0.16 ms clock, 2.4+0.68/1.1/0.018+2.6 ms cpu, 4->5->2 MB, 5 MB goal, 0 MB stacks, 0 MB globals, 16 P
gc 6011 @15.112s 9%: 0.11+0.65+0.098 ms clock, 1.8+0.44/0.96/0+1.5 ms cpu, 4->4->2 MB, 4 MB goal, 0 MB stacks, 0 MB globals, 16 P
gc 6012 @15.113s 9%: 0.14+0.71+0.10 ms clock, 2.3+1.1/0.94/0+1.6 ms cpu, 3->4->2 MB, 4 MB goal, 0 MB stacks, 0 MB globals, 16 P
gc 6013 @15.115s 9%: 0.14+1.3+0.10 ms clock, 2.3+0.58/0.96/0+1.6 ms cpu, 4->5->2 MB, 4 MB goal, 0 MB stacks, 0 MB globals, 16 P
gc 6014 @15.118s 9%: 0.11+0.91+0.11 ms clock, 1.8+0.71/0.94/0.10+1.8 ms cpu, 5->6->2 MB, 6 MB goal, 0 MB stacks, 0 MB globals, 16 P
gc 6015 @15.120s 9%: 0.13+0.64+0.074 ms clock, 2.1+0.46/1.1/0+1.1 ms cpu, 4->5->2 MB, 5 MB goal, 0 MB stacks, 0 MB globals, 16 P
gc 6016 @15.122s 9%: 0.11+0.69+0.16 ms clock, 1.7+0.68/0.92/0+2.6 ms cpu, 4->5->2 MB, 5 MB goal, 0 MB stacks, 0 MB globals, 16 P
gc 6017 @15.124s 9%: 0.15+0.89+0.11 ms clock, 2.4+0.60/1.1/0.012+1.8 ms cpu, 4->5->2 MB, 5 MB goal, 0 MB stacks, 0 MB globals, 16 P
gc 6018 @15.126s 9%: 0.19+0.58+0.19 ms clock, 3.0+0.71/0.98/0+3.0 ms cpu, 4->5->2 MB, 5 MB goal, 0 MB stacks, 0 MB globals, 16 P
gc 6019 @15.128s 9%: 0.17+0.81+0.074 ms clock, 2.8+0.57/1.0/0+1.1 ms cpu, 3->4->2 MB, 4 MB goal, 0 MB stacks, 0 MB globals, 16 P
gc 6020 @15.130s 9%: 0.10+0.60+0.13 ms clock, 1.6+0.59/0.99/0.009+2.0 ms cpu, 4->5->2 MB, 5 MB goal, 0 MB stacks, 0 MB globals, 16 P
gc 6021 @15.132s 9%: 0.14+0.61+0.19 ms clock, 2.3+0.60/0.90/0+3.1 ms cpu, 4->4->2 MB, 4 MB goal, 0 MB stacks, 0 MB globals, 16 P
gc 6022 @15.133s 9%: 0.15+0.78+0.11 ms clock, 2.4+0.47/1.0/0+1.8 ms cpu, 4->4->2 MB, 4 MB goal, 0 MB stacks, 0 MB globals, 16 P
gc 6023 @15.135s 9%: 0.14+0.81+0.095 ms clock, 2.3+0.51/1.1/0.052+1.5 ms cpu, 4->5->2 MB, 5 MB goal, 0 MB stacks, 0 MB globals, 16 P
gc 6024 @15.137s 9%: 0.071+0.64+0.16 ms clock, 1.1+0.43/1.0/0+2.6 ms cpu, 4->5->2 MB, 5 MB goal, 0 MB stacks, 0 MB globals, 16 P
gc 6025 @15.139s 9%: 0.12+0.63+0.19 ms clock, 1.9+0.71/0.91/0+3.1 ms cpu, 4->4->2 MB, 4 MB goal, 0 MB stacks, 0 MB globals, 16 P
gc 6026 @15.141s 9%: 0.14+0.62+0.14 ms clock, 2.2+0.71/0.88/0+2.2 ms cpu, 4->4->2 MB, 4 MB goal, 0 MB stacks, 0 MB globals, 16 P
gc 6027 @15.142s 9%: 0.12+1.0+0.065 ms clock, 2.0+0.78/0.85/0+1.0 ms cpu, 3->5->2 MB, 4 MB goal, 0 MB stacks, 0 MB globals, 16 P
gc 6028 @15.145s 9%: 0.18+0.61+0.20 ms clock, 2.9+0.70/0.84/0.066+3.2 ms cpu, 4->5->2 MB, 5 MB goal, 0 MB stacks, 0 MB globals, 16 P
gc 6029 @15.146s 9%: 0.16+0.51+0.21 ms clock, 2.6+0.48/1.0/0+3.4 ms cpu, 3->4->2 MB, 4 MB goal, 0 MB stacks, 0 MB globals, 16 P
gc 6030 @15.148s 9%: 0.10+0.62+0.11 ms clock, 1.7+0.45/1.0/0.013+1.9 ms cpu, 3->4->2 MB, 4 MB goal, 0 MB stacks, 0 MB globals, 16 P
gc 6031 @15.150s 9%: 0.11+0.60+0.11 ms clock, 1.8+0.70/0.96/0+1.8 ms cpu, 3->4->2 MB, 4 MB goal, 0 MB stacks, 0 MB globals, 16 P
gc 6032 @15.152s 9%: 0.15+0.74+0.10 ms clock, 2.4+0.60/0.89/0+1.6 ms cpu, 4->5->2 MB, 5 MB goal, 0 MB stacks, 0 MB globals, 16 P
gc 6033 @15.153s 9%: 0.16+0.61+0.13 ms clock, 2.7+0.75/0.92/0+2.1 ms cpu, 4->4->2 MB, 5 MB goal, 0 MB stacks, 0 MB globals, 16 P
gc 6034 @15.155s 9%: 0.13+0.59+0.18 ms clock, 2.1+0.84/0.98/0.010+3.0 ms cpu, 4->4->2 MB, 4 MB goal, 0 MB stacks, 0 MB globals, 16 P
gc 6035 @15.157s 9%: 0.14+0.56+0.23 ms clock, 2.3+0.78/0.86/0.009+3.7 ms cpu, 3->4->2 MB, 4 MB goal, 0 MB stacks, 0 MB globals, 16 P
gc 6036 @15.159s 9%: 0.15+0.62+0.13 ms clock, 2.4+0.68/1.1/0+2.1 ms cpu, 4->5->2 MB, 5 MB goal, 0 MB stacks, 0 MB globals, 16 P
gc 6037 @15.160s 9%: 0.13+0.62+0.15 ms clock, 2.1+0.77/0.93/0+2.4 ms cpu, 4->4->2 MB, 4 MB goal, 0 MB stacks, 0 MB globals, 16 P
gc 6038 @15.162s 9%: 0.089+0.63+0.13 ms clock, 1.4+0.58/1.1/0.018+2.2 ms cpu, 3->4->2 MB, 4 MB goal, 0 MB stacks, 0 MB globals, 16 P
gc 6039 @15.164s 9%: 0.15+0.62+0.15 ms clock, 2.5+0.80/0.92/0+2.4 ms cpu, 4->4->2 MB, 4 MB goal, 0 MB stacks, 0 MB globals, 16 P
gc 6040 @15.165s 9%: 0.14+0.86+0.15 ms clock, 2.3+0.64/0.95/0+2.5 ms cpu, 3->4->2 MB, 4 MB goal, 0 MB stacks, 0 MB globals, 16 P
gc 6041 @15.168s 9%: 0.12+0.64+0.18 ms clock, 2.0+0.55/0.98/0+2.9 ms cpu, 4->5->2 MB, 5 MB goal, 0 MB stacks, 0 MB globals, 16 P
gc 6042 @15.169s 9%: 0.13+0.92+0.096 ms clock, 2.1+0.74/1.0/0+1.5 ms cpu, 4->5->2 MB, 4 MB goal, 0 MB stacks, 0 MB globals, 16 P
gc 6043 @15.172s 9%: 0.22+0.64+0.15 ms clock, 3.6+0.66/0.85/0.019+2.4 ms cpu, 4->5->2 MB, 5 MB goal, 0 MB stacks, 0 MB globals, 16 P
gc 6044 @15.173s 9%: 0.14+0.61+0.097 ms clock, 2.3+0.58/0.85/0+1.5 ms cpu, 3->4->2 MB, 4 MB goal, 0 MB stacks, 0 MB globals, 16 P
gc 6045 @15.175s 9%: 0.11+0.90+0.14 ms clock, 1.7+0.72/0.90/0+2.2 ms cpu, 4->5->2 MB, 5 MB goal, 0 MB stacks, 0 MB globals, 16 P
gc 6046 @15.177s 9%: 0.10+0.59+0.20 ms clock, 1.6+0.65/1.1/0+3.2 ms cpu, 4->5->2 MB, 5 MB goal, 0 MB stacks, 0 MB globals, 16 P
gc 6047 @15.179s 9%: 0.091+0.62+0.098 ms clock, 1.4+0.66/1.0/0.020+1.5 ms cpu, 3->4->2 MB, 4 MB goal, 0 MB stacks, 0 MB globals, 16 P
gc 6048 @15.181s 9%: 0.15+0.69+0.17 ms clock, 2.4+0.49/0.94/0.041+2.7 ms cpu, 4->4->2 MB, 4 MB goal, 0 MB stacks, 0 MB globals, 16 P
gc 6049 @15.183s 9%: 0.11+0.74+0.10 ms clock, 1.8+0.60/1.0/0+1.7 ms cpu, 4->4->2 MB, 4 MB goal, 0 MB stacks, 0 MB globals, 16 P
gc 6050 @15.185s 9%: 0.14+0.65+0.19 ms clock, 2.3+0.61/0.86/0+3.1 ms cpu, 4->5->2 MB, 5 MB goal, 0 MB stacks, 0 MB globals, 16 P
gc 6051 @15.186s 9%: 0.13+0.60+0.10 ms clock, 2.1+0.64/1.1/0+1.6 ms cpu, 4->4->2 MB, 4 MB goal, 0 MB stacks, 0 MB globals, 16 P
gc 6052 @15.188s 9%: 0.15+0.60+0.14 ms clock, 2.4+0.50/0.97/0.015+2.2 ms cpu, 4->4->2 MB, 4 MB goal, 0 MB stacks, 0 MB globals, 16 P
gc 6053 @15.190s 9%: 0.12+0.72+0.16 ms clock, 2.0+0.65/0.93/0.14+2.6 ms cpu, 4->4->2 MB, 4 MB goal, 0 MB stacks, 0 MB globals, 16 P
gc 6054 @15.192s 9%: 0.10+0.62+0.11 ms clock, 1.7+0.61/1.0/0+1.8 ms cpu, 4->5->2 MB, 4 MB goal, 0 MB stacks, 0 MB globals, 16 P
gc 6055 @15.194s 9%: 0.20+0.61+0.16 ms clock, 3.2+0.66/1.0/0+2.6 ms cpu, 4->4->2 MB, 4 MB goal, 0 MB stacks, 0 MB globals, 16 P
gc 6056 @15.195s 9%: 0.21+0.76+0.14 ms clock, 3.4+0.68/1.1/0+2.3 ms cpu, 4->5->2 MB, 4 MB goal, 0 MB stacks, 0 MB globals, 16 P
gc 6057 @15.197s 9%: 0.14+0.83+0.071 ms clock, 2.2+0.53/1.0/0.018+1.1 ms cpu, 4->5->2 MB, 5 MB goal, 0 MB stacks, 0 MB globals, 16 P
gc 6058 @15.199s 9%: 0.15+0.70+0.15 ms clock, 2.4+0.72/1.1/0+2.4 ms cpu, 4->4->2 MB, 4 MB goal, 0 MB stacks, 0 MB globals, 16 P
gc 6059 @15.201s 9%: 0.12+0.71+0.14 ms clock, 1.9+0.46/0.97/0+2.2 ms cpu, 4->4->2 MB, 4 MB goal, 0 MB stacks, 0 MB globals, 16 P
gc 6060 @15.203s 9%: 0.10+0.70+0.099 ms clock, 1.6+0.68/0.82/0.043+1.5 ms cpu, 4->5->2 MB, 4 MB goal, 0 MB stacks, 0 MB globals, 16 P
gc 6061 @15.205s 9%: 0.16+0.69+0.12 ms clock, 2.6+0.66/0.97/0+1.9 ms cpu, 4->4->2 MB, 4 MB goal, 0 MB stacks, 0 MB globals, 16 P
gc 6062 @15.207s 9%: 0.12+0.56+0.13 ms clock, 1.9+0.71/0.92/0+2.1 ms cpu, 4->5->2 MB, 5 MB goal, 0 MB stacks, 0 MB globals, 16 P
gc 6063 @15.208s 9%: 0.12+0.75+0.092 ms clock, 1.9+0.70/0.97/0+1.4 ms cpu, 3->4->2 MB, 4 MB goal, 0 MB stacks, 0 MB globals, 16 P
gc 6064 @15.210s 9%: 0.13+0.89+0.056 ms clock, 2.1+0.65/1.0/0+0.89 ms cpu, 4->5->2 MB, 5 MB goal, 0 MB stacks, 0 MB globals, 16 P
gc 6065 @15.212s 9%: 0.11+0.60+0.12 ms clock, 1.8+0.47/1.0/0.029+1.9 ms cpu, 4->5->2 MB, 5 MB goal, 0 MB stacks, 0 MB globals, 16 P
gc 6066 @15.214s 9%: 0.17+0.85+0.11 ms clock, 2.8+0.50/1.1/0+1.8 ms cpu, 4->5->2 MB, 4 MB goal, 0 MB stacks, 0 MB globals, 16 P
gc 6067 @15.216s 9%: 0.15+0.58+0.10 ms clock, 2.4+0.57/0.90/0+1.7 ms cpu, 4->5->1 MB, 5 MB goal, 0 MB stacks, 0 MB globals, 16 P
gc 6068 @15.218s 9%: 0.22+1.1+0.055 ms clock, 3.6+0.83/0.98/0+0.88 ms cpu, 3->5->2 MB, 4 MB goal, 0 MB stacks, 0 MB globals, 16 P
gc 6069 @15.220s 9%: 0.11+0.73+0.18 ms clock, 1.8+0.57/1.0/0+2.9 ms cpu, 5->6->2 MB, 6 MB goal, 0 MB stacks, 0 MB globals, 16 P
gc 6070 @15.222s 9%: 0.16+0.85+0.092 ms clock, 2.7+0.69/0.90/0+1.4 ms cpu, 4->5->2 MB, 5 MB goal, 0 MB stacks, 0 MB globals, 16 P
gc 6071 @15.224s 9%: 0.15+0.59+0.13 ms clock, 2.5+0.56/0.72/0.15+2.1 ms cpu, 4->5->2 MB, 5 MB goal, 0 MB stacks, 0 MB globals, 16 P
gc 6072 @15.226s 9%: 0.14+0.69+0.13 ms clock, 2.2+0.68/1.0/0+2.0 ms cpu, 4->4->2 MB, 4 MB goal, 0 MB stacks, 0 MB globals, 16 P
gc 6073 @15.228s 9%: 0.14+0.56+0.14 ms clock, 2.2+0.53/0.96/0+2.3 ms cpu, 4->5->2 MB, 5 MB goal, 0 MB stacks, 0 MB globals, 16 P
gc 6074 @15.230s 9%: 0.098+0.74+0.090 ms clock, 1.5+0.59/1.0/0+1.4 ms cpu, 4->4->2 MB, 4 MB goal, 0 MB stacks, 0 MB globals, 16 P
gc 6075 @15.232s 9%: 0.10+0.85+0.060 ms clock, 1.7+0.49/1.3/0.051+0.96 ms cpu, 4->5->2 MB, 4 MB goal, 0 MB stacks, 0 MB globals, 16 P
gc 6076 @15.234s 9%: 0.090+0.56+0.14 ms clock, 1.4+0.46/1.0/0.007+2.3 ms cpu, 4->5->2 MB, 5 MB goal, 0 MB stacks, 0 MB globals, 16 P
gc 6077 @15.235s 9%: 0.16+0.54+0.17 ms clock, 2.5+0.78/1.0/0+2.8 ms cpu, 4->4->2 MB, 4 MB goal, 0 MB stacks, 0 MB globals, 16 P
gc 6078 @15.237s 9%: 0.17+0.60+0.11 ms clock, 2.7+0.52/1.0/0+1.7 ms cpu, 4->4->2 MB, 4 MB goal, 0 MB stacks, 0 MB globals, 16 P
gc 6079 @15.239s 9%: 0.11+0.98+0.11 ms clock, 1.8+0.64/0.81/0.013+1.7 ms cpu, 4->5->2 MB, 4 MB goal, 0 MB stacks, 0 MB globals, 16 P
gc 6080 @15.241s 9%: 0.12+0.62+0.14 ms clock, 2.0+0.65/0.90/0+2.2 ms cpu, 4->5->2 MB, 5 MB goal, 0 MB stacks, 0 MB globals, 16 P
gc 6081 @15.243s 9%: 0.12+0.73+0.083 ms clock, 1.9+0.74/0.82/0+1.3 ms cpu, 4->4->2 MB, 4 MB goal, 0 MB stacks, 0 MB globals, 16 P
gc 6082 @15.245s 9%: 0.11+0.76+0.11 ms clock, 1.7+0.65/1.0/0.002+1.7 ms cpu, 4->5->2 MB, 4 MB goal, 0 MB stacks, 0 MB globals, 16 P
gc 6083 @15.247s 9%: 0.13+0.75+0.088 ms clock, 2.1+0.66/0.92/0+1.4 ms cpu, 4->5->2 MB, 5 MB goal, 0 MB stacks, 0 MB globals, 16 P
gc 6084 @15.249s 9%: 0.13+0.71+0.12 ms clock, 2.1+0.65/1.0/0+2.0 ms cpu, 4->5->2 MB, 5 MB goal, 0 MB stacks, 0 MB globals, 16 P
gc 6085 @15.251s 9%: 0.20+0.75+0.17 ms clock, 3.3+0.67/1.0/0+2.7 ms cpu, 4->5->2 MB, 4 MB goal, 0 MB stacks, 0 MB globals, 16 P
gc 6086 @15.253s 9%: 0.19+0.94+0.11 ms clock, 3.0+0.78/1.0/0+1.7 ms cpu, 4->5->2 MB, 4 MB goal, 0 MB stacks, 0 MB globals, 16 P
gc 6087 @15.255s 9%: 0.13+0.62+0.22 ms clock, 2.2+0.55/1.0/0.085+3.5 ms cpu, 4->5->2 MB, 5 MB goal, 0 MB stacks, 0 MB globals, 16 P
gc 6088 @15.257s 9%: 0.18+0.81+0.18 ms clock, 2.9+0.68/0.99/0.008+2.9 ms cpu, 3->4->2 MB, 4 MB goal, 0 MB stacks, 0 MB globals, 16 P
gc 6089 @15.259s 9%: 0.13+0.94+0.19 ms clock, 2.1+0.52/1.0/0+3.1 ms cpu, 4->5->2 MB, 5 MB goal, 0 MB stacks, 0 MB globals, 16 P
gc 6090 @15.261s 9%: 0.14+0.53+0.20 ms clock, 2.3+0.66/0.89/0+3.2 ms cpu, 4->5->2 MB, 5 MB goal, 0 MB stacks, 0 MB globals, 16 P
gc 6091 @15.263s 9%: 0.18+0.66+0.11 ms clock, 3.0+0.54/1.0/0+1.9 ms cpu, 3->4->2 MB, 4 MB goal, 0 MB stacks, 0 MB globals, 16 P
gc 6092 @15.264s 9%: 0.12+0.51+0.13 ms clock, 1.9+0.47/0.95/0+2.2 ms cpu, 4->5->2 MB, 5 MB goal, 0 MB stacks, 0 MB globals, 16 P
gc 6093 @15.266s 9%: 0.11+0.73+0.11 ms clock, 1.7+0.56/1.0/0.015+1.8 ms cpu, 3->4->2 MB, 4 MB goal, 0 MB stacks, 0 MB globals, 16 P
gc 6094 @15.268s 9%: 0.12+0.68+0.13 ms clock, 1.9+0.65/0.90/0+2.0 ms cpu, 4->4->2 MB, 4 MB goal, 0 MB stacks, 0 MB globals, 16 P
gc 6095 @15.270s 9%: 0.11+0.55+0.16 ms clock, 1.8+0.70/0.86/0.051+2.6 ms cpu, 4->4->2 MB, 4 MB goal, 0 MB stacks, 0 MB globals, 16 P
gc 6096 @15.271s 9%: 0.15+0.84+0.068 ms clock, 2.4+0.73/1.0/0+1.0 ms cpu, 3->4->2 MB, 4 MB goal, 0 MB stacks, 0 MB globals, 16 P
gc 6097 @15.273s 9%: 0.092+0.50+0.10 ms clock, 1.4+0.54/0.94/0+1.7 ms cpu, 4->4->2 MB, 5 MB goal, 0 MB stacks, 0 MB globals, 16 P
gc 6098 @15.275s 9%: 0.13+0.67+0.18 ms clock, 2.1+0.59/0.98/0+2.9 ms cpu, 3->4->2 MB, 4 MB goal, 0 MB stacks, 0 MB globals, 16 P
gc 6099 @15.277s 9%: 0.18+0.85+0.083 ms clock, 2.9+0.67/0.90/0+1.3 ms cpu, 4->5->2 MB, 5 MB goal, 0 MB stacks, 0 MB globals, 16 P
gc 6100 @15.279s 9%: 0.17+0.63+0.16 ms clock, 2.8+0.51/1.0/0+2.6 ms cpu, 4->5->2 MB, 5 MB goal, 0 MB stacks, 0 MB globals, 16 P
gc 6101 @15.281s 9%: 0.14+0.59+0.11 ms clock, 2.3+0.67/0.87/0+1.8 ms cpu, 4->4->2 MB, 5 MB goal, 0 MB stacks, 0 MB globals, 16 P
gc 6102 @15.282s 9%: 0.19+0.62+0.13 ms clock, 3.1+0.82/0.94/0+2.1 ms cpu, 4->4->2 MB, 4 MB goal, 0 MB stacks, 0 MB globals, 16 P
gc 6103 @15.284s 9%: 0.13+0.82+0.10 ms clock, 2.2+0.15/1.1/0+1.7 ms cpu, 4->5->2 MB, 5 MB goal, 0 MB stacks, 0 MB globals, 16 P
gc 6104 @15.286s 9%: 0.11+0.80+0.081 ms clock, 1.7+0.59/0.90/0.052+1.3 ms cpu, 4->5->2 MB, 4 MB goal, 0 MB stacks, 0 MB globals, 16 P
gc 6105 @15.288s 9%: 0.12+0.62+0.13 ms clock, 1.9+0.67/0.94/0+2.2 ms cpu, 4->5->2 MB, 5 MB goal, 0 MB stacks, 0 MB globals, 16 P
gc 6106 @15.290s 9%: 0.11+0.66+0.18 ms clock, 1.8+0.50/1.0/0.062+2.9 ms cpu, 4->5->2 MB, 4 MB goal, 0 MB stacks, 0 MB globals, 16 P
gc 6107 @15.292s 9%: 0.10+0.51+0.21 ms clock, 1.7+0.64/0.92/0+3.3 ms cpu, 4->4->2 MB, 4 MB goal, 0 MB stacks, 0 MB globals, 16 P
gc 6108 @15.293s 9%: 0.17+0.57+0.19 ms clock, 2.8+0.86/0.88/0+3.0 ms cpu, 3->4->2 MB, 4 MB goal, 0 MB stacks, 0 MB globals, 16 P
gc 6109 @15.295s 9%: 0.16+0.67+0.11 ms clock, 2.6+0.73/0.99/0+1.8 ms cpu, 3->4->2 MB, 4 MB goal, 0 MB stacks, 0 MB globals, 16 P
gc 6110 @15.297s 9%: 0.13+0.60+0.12 ms clock, 2.1+0.54/0.93/0+2.0 ms cpu, 4->5->2 MB, 5 MB goal, 0 MB stacks, 0 MB globals, 16 P
gc 6111 @15.299s 9%: 0.11+0.68+0.10 ms clock, 1.8+0.57/0.97/0.055+1.7 ms cpu, 4->5->2 MB, 4 MB goal, 0 MB stacks, 0 MB globals, 16 P
gc 6112 @15.301s 9%: 0.091+0.64+0.083 ms clock, 1.4+0.56/1.1/0.10+1.3 ms cpu, 4->4->2 MB, 4 MB goal, 0 MB stacks, 0 MB globals, 16 P
gc 6113 @15.302s 9%: 0.11+0.72+0.17 ms clock, 1.8+0.66/1.0/0+2.8 ms cpu, 4->4->2 MB, 4 MB goal, 0 MB stacks, 0 MB globals, 16 P
gc 6114 @15.304s 9%: 0.19+1.0+0.12 ms clock, 3.0+0.69/1.0/0+2.0 ms cpu, 4->5->2 MB, 4 MB goal, 0 MB stacks, 0 MB globals, 16 P
gc 6115 @15.307s 9%: 0.14+0.71+0.17 ms clock, 2.2+0.74/1.0/0+2.7 ms cpu, 5->5->2 MB, 5 MB goal, 0 MB stacks, 0 MB globals, 16 P
gc 6116 @15.309s 9%: 0.15+0.69+0.14 ms clock, 2.5+0.80/1.1/0+2.2 ms cpu, 4->5->2 MB, 4 MB goal, 0 MB stacks, 0 MB globals, 16 P
gc 6117 @15.311s 9%: 0.14+0.65+0.12 ms clock, 2.2+0.65/0.96/0+1.9 ms cpu, 4->5->2 MB, 5 MB goal, 0 MB stacks, 0 MB globals, 16 P
gc 6118 @15.312s 9%: 0.13+0.61+0.11 ms clock, 2.1+0.64/1.1/0+1.7 ms cpu, 3->4->2 MB, 4 MB goal, 0 MB stacks, 0 MB globals, 16 P
gc 6119 @15.314s 9%: 0.13+0.59+0.14 ms clock, 2.2+0.57/0.93/0.14+2.3 ms cpu, 3->4->2 MB, 4 MB goal, 0 MB stacks, 0 MB globals, 16 P
gc 6120 @15.316s 9%: 0.25+0.55+0.20 ms clock, 4.0+0.74/1.0/0+3.2 ms cpu, 3->4->2 MB, 4 MB goal, 0 MB stacks, 0 MB globals, 16 P
gc 6121 @15.317s 9%: 0.18+0.61+0.17 ms clock, 2.8+0.66/1.0/0+2.8 ms cpu, 4->5->2 MB, 5 MB goal, 0 MB stacks, 0 MB globals, 16 P
gc 6122 @15.319s 9%: 0.10+0.84+0.12 ms clock, 1.6+0.59/0.97/0+2.0 ms cpu, 4->5->2 MB, 4 MB goal, 0 MB stacks, 0 MB globals, 16 P
gc 6123 @15.321s 9%: 0.12+0.60+0.12 ms clock, 2.0+0.53/0.93/0+2.0 ms cpu, 4->5->2 MB, 5 MB goal, 0 MB stacks, 0 MB globals, 16 P
gc 6124 @15.323s 9%: 0.17+0.52+0.21 ms clock, 2.7+0.74/0.94/0+3.4 ms cpu, 4->4->2 MB, 4 MB goal, 0 MB stacks, 0 MB globals, 16 P
gc 6125 @15.325s 9%: 0.15+0.63+0.11 ms clock, 2.4+0.72/1.0/0.013+1.8 ms cpu, 3->4->2 MB, 4 MB goal, 0 MB stacks, 0 MB globals, 16 P
gc 6126 @15.326s 9%: 0.14+0.58+0.15 ms clock, 2.3+0.64/0.96/0+2.5 ms cpu, 3->4->2 MB, 4 MB goal, 0 MB stacks, 0 MB globals, 16 P
gc 6127 @15.328s 9%: 0.17+0.53+0.15 ms clock, 2.7+0.51/0.87/0.048+2.4 ms cpu, 4->4->2 MB, 4 MB goal, 0 MB stacks, 0 MB globals, 16 P
gc 6128 @15.329s 9%: 0.13+0.51+0.15 ms clock, 2.2+0.56/0.94/0+2.4 ms cpu, 3->4->2 MB, 4 MB goal, 0 MB stacks, 0 MB globals, 16 P
gc 6129 @15.331s 9%: 0.24+0.81+0.084 ms clock, 3.8+0.63/1.0/0+1.3 ms cpu, 3->5->2 MB, 4 MB goal, 0 MB stacks, 0 MB globals, 16 P
gc 6130 @15.333s 9%: 0.22+0.60+0.19 ms clock, 3.6+0.43/1.0/0+3.1 ms cpu, 4->5->2 MB, 5 MB goal, 0 MB stacks, 0 MB globals, 16 P
gc 6131 @15.335s 9%: 0.080+0.49+0.15 ms clock, 1.2+0.56/0.97/0.047+2.5 ms cpu, 4->4->2 MB, 4 MB goal, 0 MB stacks, 0 MB globals, 16 P
gc 6132 @15.336s 9%: 0.14+0.62+0.14 ms clock, 2.2+0.63/1.1/0+2.3 ms cpu, 3->4->2 MB, 4 MB goal, 0 MB stacks, 0 MB globals, 16 P
gc 6133 @15.338s 9%: 0.12+0.62+0.12 ms clock, 2.0+0.71/0.95/0+1.9 ms cpu, 4->4->2 MB, 4 MB goal, 0 MB stacks, 0 MB globals, 16 P
gc 6134 @15.340s 9%: 0.11+0.56+0.11 ms clock, 1.8+0.64/0.90/0+1.8 ms cpu, 4->4->2 MB, 4 MB goal, 0 MB stacks, 0 MB globals, 16 P
gc 6135 @15.342s 9%: 0.17+0.60+0.12 ms clock, 2.7+0.61/1.0/0.003+1.9 ms cpu, 3->4->2 MB, 4 MB goal, 0 MB stacks, 0 MB globals, 16 P
gc 6136 @15.344s 9%: 0.12+0.73+0.15 ms clock, 2.0+0.65/1.0/0+2.4 ms cpu, 4->5->2 MB, 4 MB goal, 0 MB stacks, 0 MB globals, 16 P
gc 6137 @15.346s 9%: 0.14+0.56+0.17 ms clock, 2.2+0.67/1.0/0+2.7 ms cpu, 4->5->2 MB, 5 MB goal, 0 MB stacks, 0 MB globals, 16 P
gc 6138 @15.348s 9%: 0.14+0.66+0.073 ms clock, 2.2+0.54/0.86/0+1.1 ms cpu, 4->5->2 MB, 4 MB goal, 0 MB stacks, 0 MB globals, 16 P
gc 6139 @15.349s 9%: 0.15+0.69+0.14 ms clock, 2.4+0.56/0.98/0+2.3 ms cpu, 4->4->2 MB, 4 MB goal, 0 MB stacks, 0 MB globals, 16 P
gc 6140 @15.351s 9%: 0.12+0.85+0.20 ms clock, 1.9+0.73/0.93/0+3.2 ms cpu, 4->5->2 MB, 5 MB goal, 0 MB stacks, 0 MB globals, 16 P
gc 6141 @15.353s 9%: 0.096+0.65+0.16 ms clock, 1.5+0.57/1.0/0+2.6 ms cpu, 4->5->2 MB, 5 MB goal, 0 MB stacks, 0 MB globals, 16 P
gc 6142 @15.355s 9%: 0.22+0.60+0.21 ms clock, 3.5+0.88/1.0/0+3.4 ms cpu, 3->4->2 MB, 4 MB goal, 0 MB stacks, 0 MB globals, 16 P
gc 6143 @15.357s 9%: 0.16+0.68+0.21 ms clock, 2.6+0.57/1.1/0.012+3.4 ms cpu, 4->4->2 MB, 4 MB goal, 0 MB stacks, 0 MB globals, 16 P
gc 6144 @15.359s 9%: 0.17+0.71+0.22 ms clock, 2.7+0.59/0.99/0+3.6 ms cpu, 4->4->2 MB, 4 MB goal, 0 MB stacks, 0 MB globals, 16 P
gc 6145 @15.360s 9%: 0.16+0.59+0.19 ms clock, 2.7+0.76/0.97/0+3.1 ms cpu, 4->5->2 MB, 5 MB goal, 0 MB stacks, 0 MB globals, 16 P
gc 6146 @15.362s 9%: 0.10+0.59+0.19 ms clock, 1.7+0.55/0.93/0+3.0 ms cpu, 4->5->2 MB, 5 MB goal, 0 MB stacks, 0 MB globals, 16 P
gc 6147 @15.364s 9%: 0.16+0.50+0.16 ms clock, 2.6+0.67/0.91/0+2.6 ms cpu, 3->4->2 MB, 4 MB goal, 0 MB stacks, 0 MB globals, 16 P
gc 6148 @15.366s 9%: 0.27+0.68+0.15 ms clock, 4.4+0.70/1.0/0+2.4 ms cpu, 4->5->2 MB, 4 MB goal, 0 MB stacks, 0 MB globals, 16 P
gc 6149 @15.368s 9%: 0.084+0.50+0.20 ms clock, 1.3+0.65/0.88/0+3.2 ms cpu, 4->5->2 MB, 5 MB goal, 0 MB stacks, 0 MB globals, 16 P
gc 6150 @15.369s 9%: 0.10+0.70+0.097 ms clock, 1.7+0.62/1.1/0+1.5 ms cpu, 3->4->2 MB, 4 MB goal, 0 MB stacks, 0 MB globals, 16 P
gc 6151 @15.371s 9%: 0.15+0.59+0.20 ms clock, 2.4+0.75/0.97/0.015+3.2 ms cpu, 4->5->2 MB, 5 MB goal, 0 MB stacks, 0 MB globals, 16 P
gc 6152 @15.373s 9%: 0.13+0.61+0.14 ms clock, 2.1+0.73/0.88/0.017+2.3 ms cpu, 3->4->2 MB, 4 MB goal, 0 MB stacks, 0 MB globals, 16 P
gc 6153 @15.375s 9%: 0.12+0.53+0.19 ms clock, 1.9+0.54/0.97/0+3.1 ms cpu, 4->4->2 MB, 4 MB goal, 0 MB stacks, 0 MB globals, 16 P
gc 6154 @15.376s 9%: 0.10+0.62+0.14 ms clock, 1.7+0.63/0.79/0+2.3 ms cpu, 3->4->2 MB, 4 MB goal, 0 MB stacks, 0 MB globals, 16 P
gc 6155 @15.378s 9%: 0.16+0.70+0.097 ms clock, 2.5+0.58/0.79/0+1.5 ms cpu, 4->5->2 MB, 4 MB goal, 0 MB stacks, 0 MB globals, 16 P
gc 6156 @15.380s 9%: 0.13+0.70+0.16 ms clock, 2.2+0.65/1.0/0+2.5 ms cpu, 4->5->2 MB, 5 MB goal, 0 MB stacks, 0 MB globals, 16 P
gc 6157 @15.382s 9%: 0.11+0.62+0.11 ms clock, 1.8+0.48/0.89/0.003+1.7 ms cpu, 4->4->2 MB, 4 MB goal, 0 MB stacks, 0 MB globals, 16 P
gc 6158 @15.383s 9%: 0.11+0.79+0.16 ms clock, 1.7+0.52/0.93/0.025+2.6 ms cpu, 4->4->2 MB, 4 MB goal, 0 MB stacks, 0 MB globals, 16 P
gc 6159 @15.385s 9%: 0.14+0.57+0.15 ms clock, 2.3+0.58/0.97/0+2.4 ms cpu, 4->4->2 MB, 4 MB goal, 0 MB stacks, 0 MB globals, 16 P
gc 6160 @15.387s 9%: 0.12+0.84+0.11 ms clock, 1.9+0.69/0.86/0+1.7 ms cpu, 4->5->2 MB, 4 MB goal, 0 MB stacks, 0 MB globals, 16 P
gc 6161 @15.389s 9%: 0.12+0.86+0.10 ms clock, 2.0+0.58/0.94/0+1.6 ms cpu, 4->5->2 MB, 5 MB goal, 0 MB stacks, 0 MB globals, 16 P
gc 6162 @15.391s 9%: 0.12+0.81+0.14 ms clock, 2.0+0.70/1.0/0.003+2.3 ms cpu, 4->5->2 MB, 5 MB goal, 0 MB stacks, 0 MB globals, 16 P
gc 6163 @15.393s 9%: 0.17+0.64+0.12 ms clock, 2.7+0.77/0.86/0+1.9 ms cpu, 4->5->2 MB, 5 MB goal, 0 MB stacks, 0 MB globals, 16 P
gc 6164 @15.395s 9%: 0.15+0.76+0.20 ms clock, 2.5+0.63/0.95/0.011+3.2 ms cpu, 4->4->2 MB, 4 MB goal, 0 MB stacks, 0 MB globals, 16 P
gc 6165 @15.397s 9%: 0.19+0.61+0.14 ms clock, 3.0+0.51/1.0/0+2.2 ms cpu, 4->4->2 MB, 4 MB goal, 0 MB stacks, 0 MB globals, 16 P
gc 6166 @15.399s 9%: 0.11+0.63+0.12 ms clock, 1.8+0.67/1.1/0.002+2.0 ms cpu, 4->4->2 MB, 4 MB goal, 0 MB stacks, 0 MB globals, 16 P
gc 6167 @15.400s 9%: 0.16+0.98+0.096 ms clock, 2.5+0.69/0.88/0+1.5 ms cpu, 4->5->2 MB, 5 MB goal, 0 MB stacks, 0 MB globals, 16 P
gc 6168 @15.403s 9%: 0.15+0.62+0.21 ms clock, 2.4+0.82/0.80/0+3.4 ms cpu, 4->5->2 MB, 5 MB goal, 0 MB stacks, 0 MB globals, 16 P
gc 6169 @15.404s 9%: 0.19+0.81+0.18 ms clock, 3.0+0.78/0.87/0+2.9 ms cpu, 3->4->2 MB, 4 MB goal, 0 MB stacks, 0 MB globals, 16 P
gc 6170 @15.406s 9%: 0.11+0.72+0.14 ms clock, 1.8+0.61/0.98/0+2.2 ms cpu, 4->5->2 MB, 5 MB goal, 0 MB stacks, 0 MB globals, 16 P
gc 6171 @15.409s 9%: 0.92+0.63+0.11 ms clock, 14+0.75/1.1/0+1.8 ms cpu, 4->5->2 MB, 5 MB goal, 0 MB stacks, 0 MB globals, 16 P
gc 6172 @15.411s 9%: 0.14+0.89+0.11 ms clock, 2.3+0.50/1.0/0+1.8 ms cpu, 4->5->2 MB, 5 MB goal, 0 MB stacks, 0 MB globals, 16 P
gc 6173 @15.413s 9%: 0.21+0.68+0.12 ms clock, 3.4+0.59/1.1/0+2.0 ms cpu, 4->5->2 MB, 5 MB goal, 0 MB stacks, 0 MB globals, 16 P
gc 6174 @15.415s 9%: 0.089+0.45+0.17 ms clock, 1.4+0.52/0.90/0+2.7 ms cpu, 4->4->1 MB, 5 MB goal, 0 MB stacks, 0 MB globals, 16 P
gc 6175 @15.416s 9%: 0.22+0.73+0.21 ms clock, 3.6+0.74/1.1/0+3.4 ms cpu, 3->4->2 MB, 4 MB goal, 0 MB stacks, 0 MB globals, 16 P
gc 6176 @15.419s 9%: 0.13+0.89+0.069 ms clock, 2.1+0.85/0.99/0+1.1 ms cpu, 4->5->2 MB, 5 MB goal, 0 MB stacks, 0 MB globals, 16 P
gc 6177 @15.421s 9%: 0.13+0.74+0.075 ms clock, 2.1+0.71/0.83/0+1.2 ms cpu, 4->5->2 MB, 5 MB goal, 0 MB stacks, 0 MB globals, 16 P
gc 6178 @15.422s 9%: 0.19+0.55+0.16 ms clock, 3.0+0.71/0.85/0.018+2.6 ms cpu, 4->4->1 MB, 5 MB goal, 0 MB stacks, 0 MB globals, 16 P
gc 6179 @15.424s 9%: 0.22+0.86+0.054 ms clock, 3.6+0.76/1.1/0+0.87 ms cpu, 3->4->2 MB, 4 MB goal, 0 MB stacks, 0 MB globals, 16 P
gc 6180 @15.426s 9%: 0.12+0.61+0.21 ms clock, 2.0+0.51/1.0/0+3.4 ms cpu, 4->5->2 MB, 5 MB goal, 0 MB stacks, 0 MB globals, 16 P
gc 6181 @15.428s 9%: 0.17+0.66+0.17 ms clock, 2.7+0.73/1.1/0.009+2.8 ms cpu, 4->5->2 MB, 4 MB goal, 0 MB stacks, 0 MB globals, 16 P
gc 6182 @15.430s 9%: 0.096+0.48+0.20 ms clock, 1.5+0.67/0.93/0.046+3.2 ms cpu, 4->4->1 MB, 4 MB goal, 0 MB stacks, 0 MB globals, 16 P
gc 6183 @15.431s 9%: 0.21+0.70+0.14 ms clock, 3.4+1.0/0.93/0+2.2 ms cpu, 3->4->2 MB, 4 MB goal, 0 MB stacks, 0 MB globals, 16 P
gc 6184 @15.433s 9%: 0.20+0.71+0.10 ms clock, 3.2+0.65/1.1/0+1.6 ms cpu, 4->5->2 MB, 5 MB goal, 0 MB stacks, 0 MB globals, 16 P
gc 6185 @15.435s 9%: 0.093+0.55+0.10 ms clock, 1.4+0.66/0.86/0+1.7 ms cpu, 4->5->2 MB, 5 MB goal, 0 MB stacks, 0 MB globals, 16 P
gc 6186 @15.437s 9%: 0.11+0.71+0.10 ms clock, 1.8+0.60/0.99/0+1.6 ms cpu, 3->4->2 MB, 4 MB goal, 0 MB stacks, 0 MB globals, 16 P
gc 6187 @15.438s 9%: 0.10+0.80+0.11 ms clock, 1.7+0.63/1.1/0+1.8 ms cpu, 4->5->2 MB, 4 MB goal, 0 MB stacks, 0 MB globals, 16 P
gc 6188 @15.440s 9%: 0.11+0.60+0.12 ms clock, 1.8+0.68/0.86/0+2.0 ms cpu, 4->5->2 MB, 5 MB goal, 0 MB stacks, 0 MB globals, 16 P
gc 6189 @15.442s 9%: 0.12+0.70+0.097 ms clock, 1.9+0.62/0.99/0+1.5 ms cpu, 3->4->2 MB, 4 MB goal, 0 MB stacks, 0 MB globals, 16 P
gc 6190 @15.444s 9%: 0.11+0.68+0.17 ms clock, 1.7+0.66/1.0/0+2.8 ms cpu, 4->5->2 MB, 4 MB goal, 0 MB stacks, 0 MB globals, 16 P
gc 6191 @15.446s 9%: 0.18+0.58+0.11 ms clock, 2.9+0.63/0.96/0+1.7 ms cpu, 4->4->2 MB, 4 MB goal, 0 MB stacks, 0 MB globals, 16 P
gc 6192 @15.447s 9%: 0.12+0.63+0.13 ms clock, 2.0+0.63/1.1/0+2.1 ms cpu, 4->5->2 MB, 4 MB goal, 0 MB stacks, 0 MB globals, 16 P
gc 6193 @15.449s 9%: 0.10+0.65+0.21 ms clock, 1.6+0.55/1.0/0+3.4 ms cpu, 4->5->2 MB, 5 MB goal, 0 MB stacks, 0 MB globals, 16 P
gc 6194 @15.451s 9%: 0.11+0.68+0.14 ms clock, 1.8+0.63/0.99/0.052+2.3 ms cpu, 4->5->2 MB, 5 MB goal, 0 MB stacks, 0 MB globals, 16 P
gc 6195 @15.453s 9%: 0.14+0.70+0.094 ms clock, 2.3+0.65/1.0/0+1.5 ms cpu, 4->5->2 MB, 5 MB goal, 0 MB stacks, 0 MB globals, 16 P
gc 6196 @15.455s 9%: 0.11+0.63+0.14 ms clock, 1.8+0.72/0.99/0+2.3 ms cpu, 4->5->2 MB, 5 MB goal, 0 MB stacks, 0 MB globals, 16 P
gc 6197 @15.457s 9%: 0.12+0.76+0.16 ms clock, 2.0+0.62/1.1/0+2.6 ms cpu, 3->4->2 MB, 4 MB goal, 0 MB stacks, 0 MB globals, 16 P
gc 6198 @15.459s 9%: 0.11+0.66+0.15 ms clock, 1.8+0.55/0.94/0.008+2.4 ms cpu, 4->5->2 MB, 5 MB goal, 0 MB stacks, 0 MB globals, 16 P
gc 6199 @15.461s 9%: 0.12+0.58+0.13 ms clock, 2.0+0.54/0.96/0+2.1 ms cpu, 4->4->2 MB, 4 MB goal, 0 MB stacks, 0 MB globals, 16 P
gc 6200 @15.463s 9%: 0.10+0.62+0.13 ms clock, 1.6+0.57/0.85/0+2.2 ms cpu, 4->4->2 MB, 4 MB goal, 0 MB stacks, 0 MB globals, 16 P
gc 6201 @15.464s 9%: 0.20+0.74+0.083 ms clock, 3.3+0.61/0.84/0+1.3 ms cpu, 4->4->2 MB, 4 MB goal, 0 MB stacks, 0 MB globals, 16 P
gc 6202 @15.466s 9%: 0.14+0.79+0.092 ms clock, 2.3+0.71/1.2/0.001+1.4 ms cpu, 4->5->2 MB, 4 MB goal, 0 MB stacks, 0 MB globals, 16 P
gc 6203 @15.468s 9%: 0.10+0.80+0.014 ms clock, 1.6+0.55/1.0/0+0.22 ms cpu, 4->5->2 MB, 5 MB goal, 0 MB stacks, 0 MB globals, 16 P
gc 6204 @15.470s 9%: 0.12+0.72+0.12 ms clock, 1.9+0.70/1.0/0+2.0 ms cpu, 4->4->2 MB, 4 MB goal, 0 MB stacks, 0 MB globals, 16 P
gc 6205 @15.472s 9%: 0.10+0.63+0.22 ms clock, 1.6+0.66/1.1/0.041+3.6 ms cpu, 4->5->2 MB, 4 MB goal, 0 MB stacks, 0 MB globals, 16 P
gc 6206 @15.474s 9%: 0.12+0.82+0.040 ms clock, 1.9+0.47/1.1/0+0.64 ms cpu, 4->5->2 MB, 5 MB goal, 0 MB stacks, 0 MB globals, 16 P
gc 6207 @15.476s 9%: 0.13+0.82+0.17 ms clock, 2.1+0.76/0.85/0+2.7 ms cpu, 4->5->2 MB, 4 MB goal, 0 MB stacks, 0 MB globals, 16 P
gc 6208 @15.478s 9%: 0.11+0.95+0.077 ms clock, 1.8+0.77/0.93/0+1.2 ms cpu, 4->5->2 MB, 5 MB goal, 0 MB stacks, 0 MB globals, 16 P
gc 6209 @15.480s 9%: 0.12+0.73+0.18 ms clock, 1.9+0.54/1.0/0.015+3.0 ms cpu, 4->5->2 MB, 5 MB goal, 0 MB stacks, 0 MB globals, 16 P
gc 6210 @15.482s 9%: 0.13+0.85+0.098 ms clock, 2.1+0.58/1.0/0+1.5 ms cpu, 4->5->2 MB, 5 MB goal, 0 MB stacks, 0 MB globals, 16 P
gc 6211 @15.484s 9%: 0.12+0.88+0.14 ms clock, 2.0+0.72/0.96/0+2.3 ms cpu, 4->5->2 MB, 5 MB goal, 0 MB stacks, 0 MB globals, 16 P
gc 6212 @15.486s 9%: 0.17+0.91+0.076 ms clock, 2.7+0.77/0.98/0+1.2 ms cpu, 4->5->2 MB, 5 MB goal, 0 MB stacks, 0 MB globals, 16 P
gc 6213 @15.489s 9%: 0.12+0.64+0.14 ms clock, 2.0+0.53/0.95/0+2.3 ms cpu, 4->5->2 MB, 5 MB goal, 0 MB stacks, 0 MB globals, 16 P
gc 6214 @15.490s 9%: 0.15+0.55+0.16 ms clock, 2.4+0.54/1.0/0.005+2.6 ms cpu, 3->4->2 MB, 4 MB goal, 0 MB stacks, 0 MB globals, 16 P
gc 6215 @15.492s 9%: 0.16+0.68+0.14 ms clock, 2.6+0.50/0.93/0+2.2 ms cpu, 3->4->2 MB, 4 MB goal, 0 MB stacks, 0 MB globals, 16 P
gc 6216 @15.494s 9%: 0.13+0.60+0.18 ms clock, 2.1+0.62/1.0/0+2.9 ms cpu, 4->4->2 MB, 4 MB goal, 0 MB stacks, 0 MB globals, 16 P
gc 6217 @15.495s 9%: 0.11+0.52+0.10 ms clock, 1.8+0.60/0.93/0+1.6 ms cpu, 4->4->2 MB, 5 MB goal, 0 MB stacks, 0 MB globals, 16 P
gc 6218 @15.497s 9%: 0.23+0.49+0.13 ms clock, 3.7+0.59/0.97/0+2.1 ms cpu, 3->4->1 MB, 4 MB goal, 0 MB stacks, 0 MB globals, 16 P
gc 6219 @15.498s 9%: 0.17+0.63+0.18 ms clock, 2.8+0.56/1.0/0+3.0 ms cpu, 3->4->2 MB, 4 MB goal, 0 MB stacks, 0 MB globals, 16 P
gc 6220 @15.500s 9%: 0.11+0.57+0.15 ms clock, 1.8+0.51/1.0/0+2.5 ms cpu, 4->5->2 MB, 5 MB goal, 0 MB stacks, 0 MB globals, 16 P
gc 6221 @15.502s 9%: 0.16+0.54+0.19 ms clock, 2.7+0.70/0.88/0+3.1 ms cpu, 4->4->2 MB, 4 MB goal, 0 MB stacks, 0 MB globals, 16 P
gc 6222 @15.504s 9%: 0.25+0.48+0.18 ms clock, 4.0+0.58/0.90/0+2.8 ms cpu, 3->4->2 MB, 4 MB goal, 0 MB stacks, 0 MB globals, 16 P
gc 6223 @15.505s 9%: 0.15+0.86+0.089 ms clock, 2.5+0.58/1.0/0.021+1.4 ms cpu, 3->5->2 MB, 4 MB goal, 0 MB stacks, 0 MB globals, 16 P
gc 6224 @15.507s 9%: 0.15+0.78+0.10 ms clock, 2.4+0.58/0.91/0.032+1.6 ms cpu, 4->5->2 MB, 5 MB goal, 0 MB stacks, 0 MB globals, 16 P
gc 6225 @15.509s 9%: 0.10+0.66+0.11 ms clock, 1.6+0.63/0.94/0.026+1.8 ms cpu, 4->5->2 MB, 5 MB goal, 0 MB stacks, 0 MB globals, 16 P
gc 6226 @15.511s 9%: 0.12+0.78+0.13 ms clock, 1.9+0.68/1.0/0+2.1 ms cpu, 4->5->2 MB, 4 MB goal, 0 MB stacks, 0 MB globals, 16 P
gc 6227 @15.513s 9%: 0.10+0.69+0.10 ms clock, 1.6+0.52/1.1/0+1.6 ms cpu, 4->5->2 MB, 5 MB goal, 0 MB stacks, 0 MB globals, 16 P
gc 6228 @15.515s 9%: 0.12+0.72+0.10 ms clock, 2.0+0.70/0.96/0+1.6 ms cpu, 4->5->2 MB, 4 MB goal, 0 MB stacks, 0 MB globals, 16 P
gc 6229 @15.517s 9%: 0.18+0.59+0.19 ms clock, 3.0+0.77/0.97/0+3.0 ms cpu, 4->5->2 MB, 5 MB goal, 0 MB stacks, 0 MB globals, 16 P
gc 6230 @15.518s 9%: 0.15+0.52+0.19 ms clock, 2.5+0.74/0.88/0+3.1 ms cpu, 4->4->2 MB, 4 MB goal, 0 MB stacks, 0 MB globals, 16 P
gc 6231 @15.520s 9%: 0.16+0.51+0.19 ms clock, 2.5+0.65/0.88/0.015+3.0 ms cpu, 3->4->2 MB, 4 MB goal, 0 MB stacks, 0 MB globals, 16 P
gc 6232 @15.522s 9%: 0.11+0.70+0.16 ms clock, 1.8+0.63/0.96/0+2.6 ms cpu, 4->5->2 MB, 4 MB goal, 0 MB stacks, 0 MB globals, 16 P
gc 6233 @15.524s 9%: 0.14+0.67+0.15 ms clock, 2.2+0.59/0.99/0+2.5 ms cpu, 4->5->2 MB, 5 MB goal, 0 MB stacks, 0 MB globals, 16 P
gc 6234 @15.525s 9%: 0.16+0.64+0.22 ms clock, 2.7+0.56/1.0/0+3.5 ms cpu, 4->4->2 MB, 4 MB goal, 0 MB stacks, 0 MB globals, 16 P
gc 6235 @15.527s 9%: 0.14+0.78+0.15 ms clock, 2.3+0.73/1.1/0.002+2.4 ms cpu, 4->5->2 MB, 4 MB goal, 0 MB stacks, 0 MB globals, 16 P
gc 6236 @15.529s 9%: 0.11+0.57+0.12 ms clock, 1.7+0.62/0.91/0.073+1.9 ms cpu, 4->4->1 MB, 5 MB goal, 0 MB stacks, 0 MB globals, 16 P
gc 6237 @15.531s 9%: 0.19+0.78+0.14 ms clock, 3.1+0.80/1.0/0+2.2 ms cpu, 3->4->2 MB, 4 MB goal, 0 MB stacks, 0 MB globals, 16 P
gc 6238 @15.533s 9%: 0.15+0.55+0.14 ms clock, 2.4+0.54/0.99/0.005+2.3 ms cpu, 4->5->2 MB, 5 MB goal, 0 MB stacks, 0 MB globals, 16 P
gc 6239 @15.534s 9%: 0.17+0.56+0.18 ms clock, 2.7+0.87/0.78/0+2.9 ms cpu, 3->4->2 MB, 4 MB goal, 0 MB stacks, 0 MB globals, 16 P
gc 6240 @15.536s 9%: 0.11+0.57+0.16 ms clock, 1.8+0.60/0.94/0+2.6 ms cpu, 4->4->2 MB, 4 MB goal, 0 MB stacks, 0 MB globals, 16 P
gc 6241 @15.538s 9%: 0.17+0.56+0.19 ms clock, 2.8+0.58/0.96/0+3.0 ms cpu, 4->4->2 MB, 4 MB goal, 0 MB stacks, 0 MB globals, 16 P
gc 6242 @15.539s 9%: 0.11+0.60+0.094 ms clock, 1.9+0.64/1.0/0.004+1.5 ms cpu, 4->4->2 MB, 4 MB goal, 0 MB stacks, 0 MB globals, 16 P
gc 6243 @15.541s 9%: 0.096+0.82+0.14 ms clock, 1.5+0.59/1.0/0.006+2.2 ms cpu, 4->5->2 MB, 4 MB goal, 0 MB stacks, 0 MB globals, 16 P
gc 6244 @15.543s 9%: 0.11+0.74+0.17 ms clock, 1.7+0.70/1.1/0.046+2.8 ms cpu, 4->5->2 MB, 5 MB goal, 0 MB stacks, 0 MB globals, 16 P
gc 6245 @15.545s 9%: 0.10+0.73+0.10 ms clock, 1.7+0.63/0.93/0+1.7 ms cpu, 4->5->2 MB, 4 MB goal, 0 MB stacks, 0 MB globals, 16 P
gc 6246 @15.547s 9%: 0.10+0.80+0.14 ms clock, 1.6+0.62/1.1/0+2.3 ms cpu, 4->5->2 MB, 5 MB goal, 0 MB stacks, 0 MB globals, 16 P
gc 6247 @15.549s 9%: 0.10+0.86+0.059 ms clock, 1.6+0.58/0.88/0.023+0.94 ms cpu, 4->5->2 MB, 5 MB goal, 0 MB stacks, 0 MB globals, 16 P
gc 6248 @15.551s 9%: 0.15+0.54+0.17 ms clock, 2.4+0.60/0.95/0+2.8 ms cpu, 4->4->2 MB, 4 MB goal, 0 MB stacks, 0 MB globals, 16 P
gc 6249 @15.553s 9%: 0.20+0.84+0.090 ms clock, 3.2+0.88/0.90/0+1.4 ms cpu, 4->5->2 MB, 4 MB goal, 0 MB stacks, 0 MB globals, 16 P
gc 6250 @15.555s 9%: 0.18+0.42+0.18 ms clock, 3.0+0.67/0.90/0+3.0 ms cpu, 4->5->2 MB, 5 MB goal, 0 MB stacks, 0 MB globals, 16 P
gc 6251 @15.557s 9%: 0.12+0.96+0.099 ms clock, 1.9+0.83/0.91/0+1.5 ms cpu, 3->4->2 MB, 4 MB goal, 0 MB stacks, 0 MB globals, 16 P
gc 6252 @15.559s 9%: 0.14+0.66+0.20 ms clock, 2.3+0.60/1.0/0+3.2 ms cpu, 4->5->2 MB, 5 MB goal, 0 MB stacks, 0 MB globals, 16 P
gc 6253 @15.561s 9%: 0.16+0.61+0.20 ms clock, 2.5+0.68/0.88/0+3.2 ms cpu, 3->4->2 MB, 4 MB goal, 0 MB stacks, 0 MB globals, 16 P
gc 6254 @15.562s 9%: 0.12+0.56+0.16 ms clock, 2.0+0.61/0.92/0.012+2.6 ms cpu, 4->5->2 MB, 5 MB goal, 0 MB stacks, 0 MB globals, 16 P
gc 6255 @15.564s 9%: 0.14+0.66+0.18 ms clock, 2.2+0.70/0.92/0+2.9 ms cpu, 3->4->2 MB, 4 MB goal, 0 MB stacks, 0 MB globals, 16 P
gc 6256 @15.566s 9%: 0.10+0.52+0.14 ms clock, 1.7+0.63/0.98/0.039+2.3 ms cpu, 4->4->2 MB, 4 MB goal, 0 MB stacks, 0 MB globals, 16 P
gc 6257 @15.568s 9%: 0.14+0.66+0.15 ms clock, 2.3+0.80/1.0/0+2.4 ms cpu, 3->4->2 MB, 4 MB goal, 0 MB stacks, 0 MB globals, 16 P
gc 6258 @15.569s 9%: 0.13+0.87+0.079 ms clock, 2.1+0.71/1.4/0.067+1.2 ms cpu, 3->5->2 MB, 4 MB goal, 0 MB stacks, 0 MB globals, 16 P
gc 6259 @15.571s 9%: 0.12+0.70+0.15 ms clock, 2.0+0.57/1.0/0.13+2.4 ms cpu, 4->5->2 MB, 5 MB goal, 0 MB stacks, 0 MB globals, 16 P
gc 6260 @15.573s 9%: 0.13+0.65+0.13 ms clock, 2.1+0.72/0.98/0+2.1 ms cpu, 3->4->2 MB, 4 MB goal, 0 MB stacks, 0 MB globals, 16 P
gc 6261 @15.575s 9%: 0.11+0.85+0.10 ms clock, 1.8+0.62/0.87/0+1.6 ms cpu, 4->5->2 MB, 4 MB goal, 0 MB stacks, 0 MB globals, 16 P
gc 6262 @15.577s 9%: 0.13+0.67+0.22 ms clock, 2.1+0.73/0.87/0.11+3.5 ms cpu, 4->5->2 MB, 5 MB goal, 0 MB stacks, 0 MB globals, 16 P
gc 6263 @15.578s 9%: 0.18+0.82+0.14 ms clock, 2.9+0.67/0.95/0+2.3 ms cpu, 3->4->2 MB, 4 MB goal, 0 MB stacks, 0 MB globals, 16 P
gc 6264 @15.581s 9%: 0.10+0.59+0.19 ms clock, 1.6+0.68/0.89/0.026+3.1 ms cpu, 4->5->2 MB, 5 MB goal, 0 MB stacks, 0 MB globals, 16 P
gc 6265 @15.582s 9%: 0.11+0.57+0.21 ms clock, 1.9+0.63/0.76/0+3.4 ms cpu, 3->4->2 MB, 4 MB goal, 0 MB stacks, 0 MB globals, 16 P
gc 6266 @15.584s 9%: 0.17+0.68+0.18 ms clock, 2.8+0.78/0.97/0+2.9 ms cpu, 3->4->2 MB, 4 MB goal, 0 MB stacks, 0 MB globals, 16 P
gc 6267 @15.586s 9%: 0.18+0.76+0.092 ms clock, 3.0+0.49/0.89/0+1.4 ms cpu, 4->5->2 MB, 5 MB goal, 0 MB stacks, 0 MB globals, 16 P
gc 6268 @15.588s 9%: 0.11+0.70+0.11 ms clock, 1.9+0.52/1.0/0+1.8 ms cpu, 4->5->2 MB, 5 MB goal, 0 MB stacks, 0 MB globals, 16 P
gc 6269 @15.590s 9%: 0.12+0.59+0.11 ms clock, 1.9+0.63/1.0/0+1.7 ms cpu, 4->5->2 MB, 5 MB goal, 0 MB stacks, 0 MB globals, 16 P
gc 6270 @15.591s 9%: 0.11+0.69+0.18 ms clock, 1.8+0.68/0.90/0+2.8 ms cpu, 4->4->2 MB, 4 MB goal, 0 MB stacks, 0 MB globals, 16 P
gc 6271 @15.593s 9%: 0.17+0.58+0.15 ms clock, 2.7+0.60/0.96/0+2.4 ms cpu, 4->4->2 MB, 4 MB goal, 0 MB stacks, 0 MB globals, 16 P
gc 6272 @15.595s 9%: 0.12+1.0+0.10 ms clock, 2.0+0.78/0.91/0.024+1.6 ms cpu, 4->5->2 MB, 4 MB goal, 0 MB stacks, 0 MB globals, 16 P
gc 6273 @15.597s 9%: 0.15+0.65+0.21 ms clock, 2.4+0.73/0.90/0.018+3.3 ms cpu, 4->5->2 MB, 5 MB goal, 0 MB stacks, 0 MB globals, 16 P
gc 6274 @15.599s 9%: 0.15+0.73+0.13 ms clock, 2.5+0.67/1.0/0+2.1 ms cpu, 3->4->2 MB, 4 MB goal, 0 MB stacks, 0 MB globals, 16 P
gc 6275 @15.601s 9%: 0.17+0.65+0.18 ms clock, 2.7+0.60/0.99/0.067+3.0 ms cpu, 4->5->2 MB, 5 MB goal, 0 MB stacks, 0 MB globals, 16 P
gc 6276 @15.603s 9%: 0.10+0.70+0.16 ms clock, 1.7+0.80/1.0/0+2.5 ms cpu, 4->5->2 MB, 4 MB goal, 0 MB stacks, 0 MB globals, 16 P
gc 6277 @15.604s 9%: 0.18+0.88+0.091 ms clock, 2.9+0.73/1.0/0+1.4 ms cpu, 4->5->2 MB, 4 MB goal, 0 MB stacks, 0 MB globals, 16 P
gc 6278 @15.607s 9%: 0.10+0.51+0.16 ms clock, 1.6+0.52/0.94/0.002+2.6 ms cpu, 4->5->2 MB, 5 MB goal, 0 MB stacks, 0 MB globals, 16 P
gc 6279 @15.608s 9%: 0.10+0.66+0.11 ms clock, 1.7+0.68/0.94/0.002+1.8 ms cpu, 3->4->2 MB, 4 MB goal, 0 MB stacks, 0 MB globals, 16 P
gc 6280 @15.610s 9%: 0.12+0.65+0.15 ms clock, 1.9+0.64/1.0/0+2.4 ms cpu, 4->4->2 MB, 4 MB goal, 0 MB stacks, 0 MB globals, 16 P
gc 6281 @15.612s 9%: 0.12+0.72+0.16 ms clock, 1.9+0.71/1.0/0+2.6 ms cpu, 4->5->2 MB, 5 MB goal, 0 MB stacks, 0 MB globals, 16 P
gc 6282 @15.614s 9%: 0.11+0.63+0.16 ms clock, 1.8+0.61/0.96/0+2.6 ms cpu, 4->4->2 MB, 4 MB goal, 0 MB stacks, 0 MB globals, 16 P
gc 6283 @15.615s 9%: 0.15+0.58+0.17 ms clock, 2.4+0.77/0.97/0+2.7 ms cpu, 4->4->2 MB, 4 MB goal, 0 MB stacks, 0 MB globals, 16 P
gc 6284 @15.617s 9%: 0.10+0.61+0.12 ms clock, 1.7+0.61/0.91/0.003+1.9 ms cpu, 4->5->2 MB, 4 MB goal, 0 MB stacks, 0 MB globals, 16 P
gc 6285 @15.619s 9%: 0.12+0.72+0.069 ms clock, 1.9+0.51/1.0/0.010+1.1 ms cpu, 4->4->2 MB, 4 MB goal, 0 MB stacks, 0 MB globals, 16 P
gc 6286 @15.621s 9%: 0.13+0.56+0.19 ms clock, 2.1+0.68/0.91/0+3.0 ms cpu, 4->4->2 MB, 4 MB goal, 0 MB stacks, 0 MB globals, 16 P
gc 6287 @15.622s 9%: 0.13+0.61+0.13 ms clock, 2.1+0.59/0.83/0+2.2 ms cpu, 3->4->2 MB, 4 MB goal, 0 MB stacks, 0 MB globals, 16 P
gc 6288 @15.624s 9%: 0.14+0.53+0.15 ms clock, 2.3+0.76/0.98/0.004+2.4 ms cpu, 4->4->2 MB, 4 MB goal, 0 MB stacks, 0 MB globals, 16 P
gc 6289 @15.626s 9%: 0.14+0.66+0.11 ms clock, 2.3+0.67/1.1/0+1.7 ms cpu, 4->5->2 MB, 4 MB goal, 0 MB stacks, 0 MB globals, 16 P
gc 6290 @15.628s 9%: 0.10+0.67+0.10 ms clock, 1.7+0.52/1.1/0+1.7 ms cpu, 4->4->2 MB, 5 MB goal, 0 MB stacks, 0 MB globals, 16 P
gc 6291 @15.630s 9%: 0.12+0.56+0.13 ms clock, 1.9+0.70/0.98/0.026+2.1 ms cpu, 3->4->2 MB, 4 MB goal, 0 MB stacks, 0 MB globals, 16 P
gc 6292 @15.631s 9%: 0.15+0.71+0.079 ms clock, 2.4+0.65/0.83/0.11+1.2 ms cpu, 3->4->2 MB, 4 MB goal, 0 MB stacks, 0 MB globals, 16 P
gc 6293 @15.633s 9%: 0.18+0.61+0.17 ms clock, 3.0+0.65/1.0/0+2.7 ms cpu, 3->4->2 MB, 4 MB goal, 0 MB stacks, 0 MB globals, 16 P
gc 6294 @15.635s 9%: 0.19+0.69+0.074 ms clock, 3.1+0.66/0.97/0+1.1 ms cpu, 4->5->2 MB, 5 MB goal, 0 MB stacks, 0 MB globals, 16 P
gc 6295 @15.636s 9%: 0.13+0.72+0.15 ms clock, 2.1+0.71/0.91/0+2.4 ms cpu, 4->5->2 MB, 4 MB goal, 0 MB stacks, 0 MB globals, 16 P
gc 6296 @15.638s 9%: 0.12+0.85+0.075 ms clock, 1.9+0.53/1.0/0+1.2 ms cpu, 4->5->2 MB, 5 MB goal, 0 MB stacks, 0 MB globals, 16 P
gc 6297 @15.641s 9%: 0.11+0.57+0.13 ms clock, 1.8+0.69/0.92/0+2.2 ms cpu, 4->5->2 MB, 5 MB goal, 0 MB stacks, 0 MB globals, 16 P
gc 6298 @15.642s 9%: 0.11+0.56+0.13 ms clock, 1.8+0.64/0.90/0+2.2 ms cpu, 4->4->2 MB, 4 MB goal, 0 MB stacks, 0 MB globals, 16 P
gc 6299 @15.644s 9%: 0.16+0.57+0.17 ms clock, 2.6+0.85/0.78/0+2.8 ms cpu, 3->4->2 MB, 4 MB goal, 0 MB stacks, 0 MB globals, 16 P
gc 6300 @15.646s 9%: 0.15+0.75+0.087 ms clock, 2.4+0.54/0.92/0+1.3 ms cpu, 3->4->2 MB, 4 MB goal, 0 MB stacks, 0 MB globals, 16 P
gc 6301 @15.648s 9%: 0.16+0.77+0.088 ms clock, 2.6+0.65/0.82/0.017+1.4 ms cpu, 4->5->2 MB, 5 MB goal, 0 MB stacks, 0 MB globals, 16 P
gc 6302 @15.649s 9%: 0.15+0.75+0.21 ms clock, 2.4+0.71/0.88/0+3.3 ms cpu, 4->5->2 MB, 5 MB goal, 0 MB stacks, 0 MB globals, 16 P
gc 6303 @15.651s 9%: 0.12+0.51+0.090 ms clock, 1.9+0.69/1.0/0+1.4 ms cpu, 4->4->2 MB, 5 MB goal, 0 MB stacks, 0 MB globals, 16 P
gc 6304 @15.653s 9%: 0.20+0.57+0.18 ms clock, 3.2+0.93/0.98/0+2.9 ms cpu, 3->4->2 MB, 4 MB goal, 0 MB stacks, 0 MB globals, 16 P
gc 6305 @15.655s 9%: 0.14+0.57+0.17 ms clock, 2.2+0.55/0.98/0.037+2.8 ms cpu, 4->4->2 MB, 4 MB goal, 0 MB stacks, 0 MB globals, 16 P
gc 6306 @15.656s 9%: 0.21+0.49+0.15 ms clock, 3.4+0.69/0.86/0+2.4 ms cpu, 4->4->2 MB, 4 MB goal, 0 MB stacks, 0 MB globals, 16 P
gc 6307 @15.658s 9%: 0.11+0.90+0.10 ms clock, 1.8+0.74/1.0/0+1.6 ms cpu, 3->5->2 MB, 4 MB goal, 0 MB stacks, 0 MB globals, 16 P
gc 6308 @15.660s 9%: 0.16+0.62+0.11 ms clock, 2.5+0.67/0.97/0.033+1.8 ms cpu, 4->5->2 MB, 5 MB goal, 0 MB stacks, 0 MB globals, 16 P
gc 6309 @15.662s 9%: 0.10+0.65+0.17 ms clock, 1.7+0.56/0.95/0+2.8 ms cpu, 3->4->2 MB, 4 MB goal, 0 MB stacks, 0 MB globals, 16 P
gc 6310 @15.663s 9%: 0.12+0.56+0.14 ms clock, 2.0+0.64/0.97/0+2.2 ms cpu, 4->4->2 MB, 4 MB goal, 0 MB stacks, 0 MB globals, 16 P
gc 6311 @15.665s 9%: 0.13+0.66+0.19 ms clock, 2.0+0.62/1.1/0+3.1 ms cpu, 3->4->2 MB, 4 MB goal, 0 MB stacks, 0 MB globals, 16 P
gc 6312 @15.667s 9%: 0.17+0.66+0.098 ms clock, 2.8+0.65/1.0/0.007+1.5 ms cpu, 4->5->2 MB, 4 MB goal, 0 MB stacks, 0 MB globals, 16 P
gc 6313 @15.669s 9%: 0.10+0.69+0.091 ms clock, 1.7+0.61/1.0/0.076+1.4 ms cpu, 4->4->2 MB, 4 MB goal, 0 MB stacks, 0 MB globals, 16 P
gc 6314 @15.670s 9%: 0.10+0.55+0.15 ms clock, 1.7+0.51/1.0/0+2.5 ms cpu, 4->4->2 MB, 4 MB goal, 0 MB stacks, 0 MB globals, 16 P
gc 6315 @15.672s 9%: 0.15+0.85+0.081 ms clock, 2.4+0.62/1.0/0.018+1.3 ms cpu, 3->4->2 MB, 4 MB goal, 0 MB stacks, 0 MB globals, 16 P
gc 6316 @15.674s 9%: 0.14+0.61+0.10 ms clock, 2.3+0.49/1.1/0+1.6 ms cpu, 4->5->2 MB, 5 MB goal, 0 MB stacks, 0 MB globals, 16 P
gc 6317 @15.676s 9%: 0.12+0.66+0.14 ms clock, 1.9+0.59/0.96/0+2.3 ms cpu, 4->4->2 MB, 4 MB goal, 0 MB stacks, 0 MB globals, 16 P
gc 6318 @15.677s 9%: 0.14+0.77+0.11 ms clock, 2.3+0.66/1.0/0+1.8 ms cpu, 3->4->2 MB, 4 MB goal, 0 MB stacks, 0 MB globals, 16 P
gc 6319 @15.679s 9%: 0.10+0.74+0.19 ms clock, 1.7+0.63/1.0/0+3.1 ms cpu, 4->5->2 MB, 4 MB goal, 0 MB stacks, 0 MB globals, 16 P
gc 6320 @15.681s 9%: 0.14+0.75+0.099 ms clock, 2.2+0.61/0.81/0.079+1.5 ms cpu, 4->5->2 MB, 5 MB goal, 0 MB stacks, 0 MB globals, 16 P
gc 6321 @15.683s 9%: 0.097+0.61+0.14 ms clock, 1.5+0.48/1.0/0.010+2.3 ms cpu, 4->4->2 MB, 5 MB goal, 0 MB stacks, 0 MB globals, 16 P
gc 6322 @15.684s 9%: 0.11+0.64+0.13 ms clock, 1.7+0.57/0.94/0+2.1 ms cpu, 3->4->2 MB, 4 MB goal, 0 MB stacks, 0 MB globals, 16 P
gc 6323 @15.686s 9%: 0.093+0.51+0.13 ms clock, 1.5+0.58/0.82/0+2.1 ms cpu, 4->4->2 MB, 4 MB goal, 0 MB stacks, 0 MB globals, 16 P
gc 6324 @15.687s 9%: 0.10+0.61+0.058 ms clock, 1.6+0.65/0.96/0+0.93 ms cpu, 3->4->2 MB, 4 MB goal, 0 MB stacks, 0 MB globals, 16 P
gc 6325 @15.689s 9%: 0.10+0.78+0.11 ms clock, 1.6+0.79/0.92/0+1.9 ms cpu, 3->4->2 MB, 4 MB goal, 0 MB stacks, 0 MB globals, 16 P
gc 6326 @15.691s 9%: 0.11+0.85+0.065 ms clock, 1.7+0.65/0.93/0+1.0 ms cpu, 4->5->2 MB, 5 MB goal, 0 MB stacks, 0 MB globals, 16 P
gc 6327 @15.693s 9%: 0.11+0.58+0.19 ms clock, 1.7+0.72/0.75/0+3.1 ms cpu, 4->5->2 MB, 5 MB goal, 0 MB stacks, 0 MB globals, 16 P
gc 6328 @15.695s 9%: 0.11+0.59+0.12 ms clock, 1.9+0.62/0.81/0+2.0 ms cpu, 3->4->2 MB, 4 MB goal, 0 MB stacks, 0 MB globals, 16 P
gc 6329 @15.697s 9%: 0.12+0.66+0.14 ms clock, 1.9+0.64/1.0/0.011+2.3 ms cpu, 4->5->2 MB, 5 MB goal, 0 MB stacks, 0 MB globals, 16 P
gc 6330 @15.699s 9%: 0.12+0.80+0.058 ms clock, 1.9+0.73/1.0/0+0.93 ms cpu, 4->5->2 MB, 4 MB goal, 0 MB stacks, 0 MB globals, 16 P
gc 6331 @15.701s 9%: 0.14+0.63+0.18 ms clock, 2.3+0.57/1.0/0+2.9 ms cpu, 4->5->2 MB, 4 MB goal, 0 MB stacks, 0 MB globals, 16 P
gc 6332 @15.702s 9%: 0.20+0.61+0.18 ms clock, 3.2+0.61/0.97/0+3.0 ms cpu, 3->4->2 MB, 4 MB goal, 0 MB stacks, 0 MB globals, 16 P
gc 6333 @15.704s 9%: 0.098+0.68+0.090 ms clock, 1.5+0.79/1.0/0+1.4 ms cpu, 4->5->2 MB, 5 MB goal, 0 MB stacks, 0 MB globals, 16 P
gc 6334 @15.706s 9%: 0.11+0.81+0.065 ms clock, 1.7+0.53/1.0/0.10+1.0 ms cpu, 4->5->2 MB, 4 MB goal, 0 MB stacks, 0 MB globals, 16 P
gc 6335 @15.708s 9%: 0.11+0.49+0.17 ms clock, 1.7+0.55/0.90/0+2.7 ms cpu, 4->4->2 MB, 5 MB goal, 0 MB stacks, 0 MB globals, 16 P
gc 6336 @15.709s 9%: 0.11+0.64+0.10 ms clock, 1.9+0.61/0.89/0+1.7 ms cpu, 3->4->2 MB, 4 MB goal, 0 MB stacks, 0 MB globals, 16 P
gc 6337 @15.711s 9%: 0.12+0.65+0.16 ms clock, 2.0+0.69/0.95/0.018+2.6 ms cpu, 4->4->2 MB, 4 MB goal, 0 MB stacks, 0 MB globals, 16 P
gc 6338 @15.713s 9%: 0.15+0.83+0.11 ms clock, 2.4+0.69/0.94/0+1.8 ms cpu, 4->5->2 MB, 4 MB goal, 0 MB stacks, 0 MB globals, 16 P
gc 6339 @15.715s 9%: 0.11+0.72+0.099 ms clock, 1.7+0.69/0.97/0+1.5 ms cpu, 4->5->2 MB, 5 MB goal, 0 MB stacks, 0 MB globals, 16 P
gc 6340 @15.717s 9%: 0.10+0.77+0.16 ms clock, 1.7+0.45/0.96/0.12+2.5 ms cpu, 4->4->2 MB, 4 MB goal, 0 MB stacks, 0 MB globals, 16 P
gc 6341 @15.719s 9%: 0.15+0.47+0.18 ms clock, 2.4+0.83/0.92/0+2.9 ms cpu, 4->4->2 MB, 4 MB goal, 0 MB stacks, 0 MB globals, 16 P
gc 6342 @15.720s 9%: 0.17+0.83+0.18 ms clock, 2.7+0.77/0.96/0+2.9 ms cpu, 3->4->2 MB, 4 MB goal, 0 MB stacks, 0 MB globals, 16 P
gc 6343 @15.722s 9%: 0.15+0.69+0.13 ms clock, 2.4+0.68/0.94/0+2.2 ms cpu, 4->5->2 MB, 5 MB goal, 0 MB stacks, 0 MB globals, 16 P
gc 6344 @15.724s 9%: 0.13+0.61+0.22 ms clock, 2.1+0.67/0.94/0+3.5 ms cpu, 4->5->2 MB, 4 MB goal, 0 MB stacks, 0 MB globals, 16 P
gc 6345 @15.726s 9%: 0.16+0.81+0.10 ms clock, 2.6+0.66/0.88/0+1.6 ms cpu, 3->4->2 MB, 4 MB goal, 0 MB stacks, 0 MB globals, 16 P
gc 6346 @15.728s 9%: 0.097+0.59+0.12 ms clock, 1.5+0.72/0.83/0+2.0 ms cpu, 4->5->2 MB, 5 MB goal, 0 MB stacks, 0 MB globals, 16 P
gc 6347 @15.730s 9%: 0.11+0.90+0.062 ms clock, 1.8+0.58/1.0/0.015+1.0 ms cpu, 3->4->2 MB, 4 MB goal, 0 MB stacks, 0 MB globals, 16 P
gc 6348 @15.732s 9%: 0.16+0.60+0.15 ms clock, 2.5+0.69/0.90/0+2.5 ms cpu, 4->4->2 MB, 4 MB goal, 0 MB stacks, 0 MB globals, 16 P
gc 6349 @15.733s 9%: 0.090+0.54+0.17 ms clock, 1.4+0.61/1.0/0+2.8 ms cpu, 3->4->2 MB, 4 MB goal, 0 MB stacks, 0 MB globals, 16 P
gc 6350 @15.735s 9%: 0.12+0.68+0.17 ms clock, 2.0+0.68/0.95/0+2.8 ms cpu, 3->4->2 MB, 4 MB goal, 0 MB stacks, 0 MB globals, 16 P
gc 6351 @15.737s 9%: 0.12+0.74+0.087 ms clock, 1.9+0.59/0.87/0.004+1.4 ms cpu, 4->5->2 MB, 5 MB goal, 0 MB stacks, 0 MB globals, 16 P
gc 6352 @15.738s 9%: 0.12+0.74+0.12 ms clock, 1.9+0.62/1.2/0.001+2.0 ms cpu, 4->5->2 MB, 4 MB goal, 0 MB stacks, 0 MB globals, 16 P
gc 6353 @15.740s 9%: 0.11+0.77+0.17 ms clock, 1.8+0.71/0.95/0+2.7 ms cpu, 4->5->2 MB, 5 MB goal, 0 MB stacks, 0 MB globals, 16 P
gc 6354 @15.742s 9%: 0.10+0.60+0.16 ms clock, 1.6+0.70/1.0/0+2.6 ms cpu, 4->5->2 MB, 5 MB goal, 0 MB stacks, 0 MB globals, 16 P
gc 6355 @15.744s 9%: 0.11+0.67+0.15 ms clock, 1.8+0.56/0.95/0+2.4 ms cpu, 4->4->2 MB, 4 MB goal, 0 MB stacks, 0 MB globals, 16 P
gc 6356 @15.746s 9%: 0.11+0.53+0.12 ms clock, 1.7+0.69/0.89/0+2.0 ms cpu, 4->4->2 MB, 4 MB goal, 0 MB stacks, 0 MB globals, 16 P
gc 6357 @15.747s 9%: 0.17+0.55+0.099 ms clock, 2.7+0.77/0.83/0+1.5 ms cpu, 3->4->2 MB, 4 MB goal, 0 MB stacks, 0 MB globals, 16 P
gc 6358 @15.749s 9%: 0.12+0.60+0.13 ms clock, 1.9+0.60/0.93/0+2.1 ms cpu, 4->4->2 MB, 4 MB goal, 0 MB stacks, 0 MB globals, 16 P
gc 6359 @15.751s 9%: 0.11+0.58+0.18 ms clock, 1.8+0.62/1.0/0.052+2.9 ms cpu, 4->4->2 MB, 4 MB goal, 0 MB stacks, 0 MB globals, 16 P
gc 6360 @15.753s 9%: 0.10+0.99+0.065 ms clock, 1.6+0.73/0.99/0+1.0 ms cpu, 4->5->2 MB, 4 MB goal, 0 MB stacks, 0 MB globals, 16 P
gc 6361 @15.755s 9%: 0.21+0.75+0.10 ms clock, 3.4+0.61/1.1/0+1.6 ms cpu, 4->5->2 MB, 5 MB goal, 0 MB stacks, 0 MB globals, 16 P
gc 6362 @15.757s 9%: 0.12+0.84+0.060 ms clock, 2.0+0.74/1.1/0+0.96 ms cpu, 3->4->2 MB, 4 MB goal, 0 MB stacks, 0 MB globals, 16 P
gc 6363 @15.759s 9%: 0.13+0.75+0.13 ms clock, 2.1+0.53/1.2/0.002+2.1 ms cpu, 4->5->2 MB, 5 MB goal, 0 MB stacks, 0 MB globals, 16 P
gc 6364 @15.761s 9%: 0.11+0.49+0.13 ms clock, 1.8+0.72/0.85/0.031+2.2 ms cpu, 4->4->2 MB, 5 MB goal, 0 MB stacks, 0 MB globals, 16 P
gc 6365 @15.762s 9%: 0.19+0.62+0.16 ms clock, 3.1+0.73/0.97/0+2.6 ms cpu, 3->4->2 MB, 4 MB goal, 0 MB stacks, 0 MB globals, 16 P
gc 6366 @15.764s 9%: 0.13+0.65+0.081 ms clock, 2.1+0.54/0.99/0+1.3 ms cpu, 4->5->2 MB, 4 MB goal, 0 MB stacks, 0 MB globals, 16 P
gc 6367 @15.766s 9%: 0.10+0.51+0.12 ms clock, 1.7+0.66/0.89/0+1.9 ms cpu, 4->4->2 MB, 4 MB goal, 0 MB stacks, 0 MB globals, 16 P
gc 6368 @15.767s 9%: 0.13+0.83+0.11 ms clock, 2.1+0.62/1.1/0.004+1.7 ms cpu, 3->4->2 MB, 4 MB goal, 0 MB stacks, 0 MB globals, 16 P
gc 6369 @15.770s 9%: 0.11+0.56+0.16 ms clock, 1.8+0.63/0.99/0.055+2.7 ms cpu, 4->5->2 MB, 5 MB goal, 0 MB stacks, 0 MB globals, 16 P
gc 6370 @15.771s 9%: 0.12+0.58+0.16 ms clock, 1.9+0.77/0.92/0+2.7 ms cpu, 3->4->2 MB, 4 MB goal, 0 MB stacks, 0 MB globals, 16 P
gc 6371 @15.773s 9%: 0.10+0.61+0.11 ms clock, 1.6+0.47/1.0/0+1.8 ms cpu, 4->4->2 MB, 4 MB goal, 0 MB stacks, 0 MB globals, 16 P
gc 6372 @15.775s 9%: 0.15+0.87+0.14 ms clock, 2.4+0.59/1.0/0+2.3 ms cpu, 4->5->2 MB, 4 MB goal, 0 MB stacks, 0 MB globals, 16 P
gc 6373 @15.777s 9%: 0.088+0.78+0.096 ms clock, 1.4+0.62/0.90/0.008+1.5 ms cpu, 4->5->2 MB, 5 MB goal, 0 MB stacks, 0 MB globals, 16 P
gc 6374 @15.779s 9%: 0.12+0.68+0.10 ms clock, 2.0+0.57/0.96/0.010+1.7 ms cpu, 4->5->2 MB, 5 MB goal, 0 MB stacks, 0 MB globals, 16 P
gc 6375 @15.781s 9%: 0.15+0.67+0.17 ms clock, 2.4+0.70/1.0/0+2.7 ms cpu, 4->5->2 MB, 4 MB goal, 0 MB stacks, 0 MB globals, 16 P
gc 6376 @15.783s 9%: 0.072+0.73+0.17 ms clock, 1.1+0.50/1.0/0.045+2.7 ms cpu, 4->5->2 MB, 5 MB goal, 0 MB stacks, 0 MB globals, 16 P
gc 6377 @15.785s 9%: 0.10+0.74+0.095 ms clock, 1.6+0.67/0.86/0+1.5 ms cpu, 4->5->2 MB, 4 MB goal, 0 MB stacks, 0 MB globals, 16 P
gc 6378 @15.786s 9%: 0.13+0.74+0.13 ms clock, 2.0+0.60/1.0/0+2.2 ms cpu, 4->5->2 MB, 5 MB goal, 0 MB stacks, 0 MB globals, 16 P
gc 6379 @15.788s 9%: 0.11+0.65+0.072 ms clock, 1.8+0.54/0.95/0+1.1 ms cpu, 4->5->2 MB, 5 MB goal, 0 MB stacks, 0 MB globals, 16 P
gc 6380 @15.790s 9%: 0.10+0.74+0.15 ms clock, 1.6+0.50/1.0/0.023+2.4 ms cpu, 4->4->2 MB, 4 MB goal, 0 MB stacks, 0 MB globals, 16 P
gc 6381 @15.792s 9%: 0.10+0.61+0.11 ms clock, 1.7+0.49/0.98/0+1.8 ms cpu, 4->4->2 MB, 4 MB goal, 0 MB stacks, 0 MB globals, 16 P
gc 6382 @15.794s 9%: 0.18+1.2+0.10 ms clock, 2.9+0.64/0.93/0+1.7 ms cpu, 4->5->2 MB, 4 MB goal, 0 MB stacks, 0 MB globals, 16 P
gc 6383 @15.796s 9%: 0.12+1.0+0.11 ms clock, 2.0+0.68/1.1/0.003+1.8 ms cpu, 5->6->2 MB, 6 MB goal, 0 MB stacks, 0 MB globals, 16 P
gc 6384 @15.799s 9%: 0.12+1.3+0.041 ms clock, 1.9+0.73/1.0/0+0.66 ms cpu, 4->6->2 MB, 5 MB goal, 0 MB stacks, 0 MB globals, 16 P
gc 6385 @15.801s 9%: 0.18+0.67+0.11 ms clock, 2.9+0.67/1.1/0+1.8 ms cpu, 4->5->2 MB, 5 MB goal, 0 MB stacks, 0 MB globals, 16 P
gc 6386 @15.803s 9%: 0.12+0.63+0.10 ms clock, 2.0+0.64/1.0/0+1.6 ms cpu, 4->5->2 MB, 5 MB goal, 0 MB stacks, 0 MB globals, 16 P
gc 6387 @15.805s 9%: 0.11+0.67+0.10 ms clock, 1.8+0.66/0.96/0+1.7 ms cpu, 4->5->2 MB, 4 MB goal, 0 MB stacks, 0 MB globals, 16 P
gc 6388 @15.807s 9%: 0.17+0.71+0.11 ms clock, 2.7+0.57/0.95/0+1.8 ms cpu, 4->5->2 MB, 5 MB goal, 0 MB stacks, 0 MB globals, 16 P
gc 6389 @15.809s 9%: 0.16+0.67+0.11 ms clock, 2.5+0.80/0.90/0+1.8 ms cpu, 3->4->2 MB, 4 MB goal, 0 MB stacks, 0 MB globals, 16 P
gc 6390 @15.811s 9%: 0.12+0.57+0.15 ms clock, 1.9+0.72/0.93/0+2.5 ms cpu, 4->4->2 MB, 5 MB goal, 0 MB stacks, 0 MB globals, 16 P
gc 6391 @15.812s 9%: 0.12+0.65+0.16 ms clock, 2.0+0.58/1.0/0+2.5 ms cpu, 3->4->2 MB, 4 MB goal, 0 MB stacks, 0 MB globals, 16 P
gc 6392 @15.814s 9%: 0.18+0.66+0.12 ms clock, 2.8+0.49/0.99/0.058+1.9 ms cpu, 4->4->2 MB, 5 MB goal, 0 MB stacks, 0 MB globals, 16 P
gc 6393 @15.815s 9%: 0.14+0.49+0.11 ms clock, 2.3+0.74/1.0/0+1.8 ms cpu, 3->4->2 MB, 4 MB goal, 0 MB stacks, 0 MB globals, 16 P
gc 6394 @15.817s 9%: 0.13+0.86+0.10 ms clock, 2.0+0.62/1.0/0+1.6 ms cpu, 3->4->2 MB, 4 MB goal, 0 MB stacks, 0 MB globals, 16 P
gc 6395 @15.819s 9%: 0.11+0.58+0.21 ms clock, 1.8+0.41/1.0/0+3.4 ms cpu, 4->5->2 MB, 5 MB goal, 0 MB stacks, 0 MB globals, 16 P
gc 6396 @15.821s 9%: 0.16+0.70+0.13 ms clock, 2.6+0.56/0.88/0+2.0 ms cpu, 3->4->2 MB, 4 MB goal, 0 MB stacks, 0 MB globals, 16 P
gc 6397 @15.823s 9%: 0.15+0.61+0.11 ms clock, 2.5+0.67/0.96/0+1.8 ms cpu, 4->5->2 MB, 4 MB goal, 0 MB stacks, 0 MB globals, 16 P
gc 6398 @15.824s 9%: 0.11+0.72+0.096 ms clock, 1.7+0.61/1.1/0+1.5 ms cpu, 4->5->2 MB, 4 MB goal, 0 MB stacks, 0 MB globals, 16 P
gc 6399 @15.826s 9%: 0.13+0.59+0.23 ms clock, 2.1+0.56/1.0/0+3.7 ms cpu, 4->4->2 MB, 4 MB goal, 0 MB stacks, 0 MB globals, 16 P
gc 6400 @15.828s 9%: 0.17+0.72+0.097 ms clock, 2.8+0.61/1.1/0+1.5 ms cpu, 4->5->2 MB, 4 MB goal, 0 MB stacks, 0 MB globals, 16 P
gc 6401 @15.830s 9%: 0.13+0.67+0.17 ms clock, 2.0+0.70/0.94/0+2.7 ms cpu, 4->5->2 MB, 5 MB goal, 0 MB stacks, 0 MB globals, 16 P
gc 6402 @15.832s 9%: 0.12+1.2+0.084 ms clock, 1.9+0.64/1.0/0.026+1.3 ms cpu, 4->5->2 MB, 4 MB goal, 0 MB stacks, 0 MB globals, 16 P
gc 6403 @15.834s 9%: 0.11+0.68+0.11 ms clock, 1.7+0.65/1.0/0+1.8 ms cpu, 4->5->2 MB, 5 MB goal, 0 MB stacks, 0 MB globals, 16 P
gc 6404 @15.836s 9%: 0.14+0.58+0.17 ms clock, 2.2+0.61/0.92/0+2.7 ms cpu, 4->4->2 MB, 4 MB goal, 0 MB stacks, 0 MB globals, 16 P
gc 6405 @15.838s 9%: 0.13+0.94+0.12 ms clock, 2.1+0.54/0.99/0+1.9 ms cpu, 3->5->2 MB, 4 MB goal, 0 MB stacks, 0 MB globals, 16 P
gc 6406 @15.840s 9%: 0.093+0.71+0.13 ms clock, 1.5+0.65/1.0/0.050+2.2 ms cpu, 4->5->2 MB, 5 MB goal, 0 MB stacks, 0 MB globals, 16 P
gc 6407 @15.842s 9%: 0.12+0.57+0.13 ms clock, 1.9+0.72/0.95/0+2.1 ms cpu, 4->5->2 MB, 5 MB goal, 0 MB stacks, 0 MB globals, 16 P
gc 6408 @15.844s 9%: 0.10+0.77+0.088 ms clock, 1.7+0.53/0.89/0+1.4 ms cpu, 4->4->2 MB, 4 MB goal, 0 MB stacks, 0 MB globals, 16 P
gc 6409 @15.845s 9%: 0.15+0.59+0.22 ms clock, 2.4+0.69/1.0/0+3.6 ms cpu, 4->5->2 MB, 4 MB goal, 0 MB stacks, 0 MB globals, 16 P
gc 6410 @15.847s 9%: 0.10+0.62+0.14 ms clock, 1.7+1.0/0.91/0+2.3 ms cpu, 4->4->2 MB, 5 MB goal, 0 MB stacks, 0 MB globals, 16 P
gc 6411 @15.849s 9%: 0.15+0.66+0.16 ms clock, 2.5+0.65/0.87/0+2.6 ms cpu, 3->4->2 MB, 4 MB goal, 0 MB stacks, 0 MB globals, 16 P
gc 6412 @15.851s 9%: 0.089+0.82+0.12 ms clock, 1.4+0.62/1.0/0+1.9 ms cpu, 4->5->2 MB, 4 MB goal, 0 MB stacks, 0 MB globals, 16 P
gc 6413 @15.853s 9%: 0.11+0.72+0.18 ms clock, 1.7+0.63/0.87/0+2.9 ms cpu, 4->5->2 MB, 5 MB goal, 0 MB stacks, 0 MB globals, 16 P
gc 6414 @15.854s 9%: 0.15+0.81+0.17 ms clock, 2.5+0.66/0.96/0+2.7 ms cpu, 4->5->2 MB, 4 MB goal, 0 MB stacks, 0 MB globals, 16 P
gc 6415 @15.856s 9%: 0.11+0.60+0.12 ms clock, 1.9+0.59/0.95/0.010+1.9 ms cpu, 4->5->2 MB, 5 MB goal, 0 MB stacks, 0 MB globals, 16 P
gc 6416 @15.858s 9%: 0.11+0.75+0.10 ms clock, 1.9+0.60/0.99/0+1.6 ms cpu, 4->4->2 MB, 4 MB goal, 0 MB stacks, 0 MB globals, 16 P
gc 6417 @15.860s 9%: 0.13+0.55+0.17 ms clock, 2.2+0.64/0.95/0+2.7 ms cpu, 4->5->2 MB, 5 MB goal, 0 MB stacks, 0 MB globals, 16 P
gc 6418 @15.862s 9%: 0.15+0.64+0.098 ms clock, 2.5+0.66/1.0/0+1.5 ms cpu, 4->4->2 MB, 4 MB goal, 0 MB stacks, 0 MB globals, 16 P
gc 6419 @15.864s 9%: 0.097+0.50+0.11 ms clock, 1.5+0.47/0.90/0.19+1.8 ms cpu, 4->4->2 MB, 4 MB goal, 0 MB stacks, 0 MB globals, 16 P
gc 6420 @15.865s 9%: 0.090+0.56+0.16 ms clock, 1.4+0.55/0.92/0.007+2.6 ms cpu, 3->4->2 MB, 4 MB goal, 0 MB stacks, 0 MB globals, 16 P
gc 6421 @15.866s 9%: 0.11+0.70+0.11 ms clock, 1.7+0.81/0.99/0+1.9 ms cpu, 3->4->2 MB, 4 MB goal, 0 MB stacks, 0 MB globals, 16 P
gc 6422 @15.868s 9%: 0.080+0.67+0.080 ms clock, 1.2+0.55/1.0/0+1.2 ms cpu, 4->5->2 MB, 5 MB goal, 0 MB stacks, 0 MB globals, 16 P
gc 6423 @15.870s 9%: 0.10+0.82+0.12 ms clock, 1.6+0.78/1.0/0+1.9 ms cpu, 4->5->2 MB, 4 MB goal, 0 MB stacks, 0 MB globals, 16 P
gc 6424 @15.872s 9%: 0.12+0.86+0.12 ms clock, 2.0+0.61/0.93/0+2.0 ms cpu, 4->5->2 MB, 5 MB goal, 0 MB stacks, 0 MB globals, 16 P
gc 6425 @15.874s 9%: 0.13+0.66+0.16 ms clock, 2.1+0.62/1.0/0+2.6 ms cpu, 4->5->2 MB, 5 MB goal, 0 MB stacks, 0 MB globals, 16 P
gc 6426 @15.876s 9%: 0.10+0.59+0.067 ms clock, 1.6+0.67/0.90/0+1.0 ms cpu, 4->5->2 MB, 5 MB goal, 0 MB stacks, 0 MB globals, 16 P
gc 6427 @15.878s 9%: 0.13+0.62+0.084 ms clock, 2.1+0.70/1.1/0+1.3 ms cpu, 3->4->2 MB, 4 MB goal, 0 MB stacks, 0 MB globals, 16 P
gc 6428 @15.879s 9%: 0.10+0.69+0.16 ms clock, 1.7+0.45/1.1/0+2.6 ms cpu, 4->5->2 MB, 4 MB goal, 0 MB stacks, 0 MB globals, 16 P
gc 6429 @15.881s 9%: 0.16+0.81+0.12 ms clock, 2.5+0.75/0.85/0+2.0 ms cpu, 4->5->2 MB, 4 MB goal, 0 MB stacks, 0 MB globals, 16 P
gc 6430 @15.883s 9%: 0.12+0.60+0.17 ms clock, 2.0+0.77/0.83/0+2.8 ms cpu, 4->5->2 MB, 5 MB goal, 0 MB stacks, 0 MB globals, 16 P
gc 6431 @15.885s 9%: 0.13+0.75+0.063 ms clock, 2.2+0.51/0.90/0+1.0 ms cpu, 3->4->2 MB, 4 MB goal, 0 MB stacks, 0 MB globals, 16 P
gc 6432 @15.887s 9%: 0.18+0.53+0.22 ms clock, 2.9+0.70/0.87/0.021+3.6 ms cpu, 4->5->2 MB, 5 MB goal, 0 MB stacks, 0 MB globals, 16 P
gc 6433 @15.889s 9%: 0.11+0.55+0.22 ms clock, 1.9+0.67/0.97/0+3.6 ms cpu, 4->4->2 MB, 4 MB goal, 0 MB stacks, 0 MB globals, 16 P
gc 6434 @15.890s 9%: 0.10+0.62+0.075 ms clock, 1.7+0.73/0.99/0.028+1.2 ms cpu, 4->4->2 MB, 4 MB goal, 0 MB stacks, 0 MB globals, 16 P
gc 6435 @15.892s 9%: 0.13+0.74+0.096 ms clock, 2.1+0.61/1.1/0+1.5 ms cpu, 4->5->2 MB, 4 MB goal, 0 MB stacks, 0 MB globals, 16 P
gc 6436 @15.894s 9%: 0.14+0.68+0.18 ms clock, 2.2+0.71/0.94/0.006+2.9 ms cpu, 4->5->2 MB, 5 MB goal, 0 MB stacks, 0 MB globals, 16 P
gc 6437 @15.896s 9%: 0.11+0.92+0.11 ms clock, 1.8+0.59/1.2/0+1.8 ms cpu, 4->5->2 MB, 5 MB goal, 0 MB stacks, 0 MB globals, 16 P
gc 6438 @15.898s 9%: 0.14+0.73+0.11 ms clock, 2.2+0.44/1.1/0.050+1.7 ms cpu, 4->5->2 MB, 5 MB goal, 0 MB stacks, 0 MB globals, 16 P
gc 6439 @15.900s 9%: 0.13+0.75+0.12 ms clock, 2.2+0.62/1.0/0+1.9 ms cpu, 3->5->2 MB, 4 MB goal, 0 MB stacks, 0 MB globals, 16 P
gc 6440 @15.902s 9%: 0.12+0.77+0.19 ms clock, 2.0+0.75/0.96/0+3.1 ms cpu, 4->5->2 MB, 5 MB goal, 0 MB stacks, 0 MB globals, 16 P
gc 6441 @15.904s 9%: 0.13+0.69+0.15 ms clock, 2.2+0.54/1.1/0+2.4 ms cpu, 4->5->2 MB, 5 MB goal, 0 MB stacks, 0 MB globals, 16 P
gc 6442 @15.906s 9%: 0.11+0.64+0.10 ms clock, 1.8+0.55/1.0/0+1.6 ms cpu, 4->5->2 MB, 5 MB goal, 0 MB stacks, 0 MB globals, 16 P
gc 6443 @15.908s 9%: 0.12+0.58+0.16 ms clock, 2.0+0.78/0.83/0.011+2.6 ms cpu, 4->4->2 MB, 4 MB goal, 0 MB stacks, 0 MB globals, 16 P
gc 6444 @15.909s 9%: 0.15+0.62+0.10 ms clock, 2.4+0.70/0.89/0+1.7 ms cpu, 4->4->2 MB, 4 MB goal, 0 MB stacks, 0 MB globals, 16 P
gc 6445 @15.911s 9%: 0.13+0.77+0.12 ms clock, 2.2+0.58/1.0/0+1.9 ms cpu, 4->5->2 MB, 5 MB goal, 0 MB stacks, 0 MB globals, 16 P
gc 6446 @15.913s 9%: 0.091+0.75+0.17 ms clock, 1.4+0.54/1.1/0.036+2.7 ms cpu, 4->5->2 MB, 5 MB goal, 0 MB stacks, 0 MB globals, 16 P
gc 6447 @15.915s 9%: 0.10+0.83+0.14 ms clock, 1.7+0.78/0.94/0+2.3 ms cpu, 4->5->2 MB, 5 MB goal, 0 MB stacks, 0 MB globals, 16 P
gc 6448 @15.917s 9%: 0.14+0.56+0.19 ms clock, 2.2+0.79/0.78/0+3.0 ms cpu, 4->5->2 MB, 5 MB goal, 0 MB stacks, 0 MB globals, 16 P
gc 6449 @15.919s 9%: 0.16+0.72+0.11 ms clock, 2.5+0.84/1.0/0+1.9 ms cpu, 3->4->2 MB, 4 MB goal, 0 MB stacks, 0 MB globals, 16 P
gc 6450 @15.921s 9%: 0.15+0.57+0.17 ms clock, 2.5+0.46/0.97/0.053+2.8 ms cpu, 4->5->2 MB, 5 MB goal, 0 MB stacks, 0 MB globals, 16 P
gc 6451 @15.923s 9%: 0.12+0.60+0.16 ms clock, 1.9+0.64/0.74/0.024+2.5 ms cpu, 4->4->2 MB, 4 MB goal, 0 MB stacks, 0 MB globals, 16 P
gc 6452 @15.924s 9%: 0.24+0.83+0.12 ms clock, 3.9+0.60/1.0/0+2.0 ms cpu, 3->4->2 MB, 4 MB goal, 0 MB stacks, 0 MB globals, 16 P
gc 6453 @15.926s 9%: 0.12+0.65+0.12 ms clock, 1.9+0.73/0.97/0+2.0 ms cpu, 4->5->2 MB, 5 MB goal, 0 MB stacks, 0 MB globals, 16 P
gc 6454 @15.928s 9%: 0.11+0.65+0.13 ms clock, 1.8+0.67/0.96/0.021+2.0 ms cpu, 4->5->2 MB, 4 MB goal, 0 MB stacks, 0 MB globals, 16 P
gc 6455 @15.930s 9%: 0.11+0.59+0.16 ms clock, 1.8+0.72/1.0/0.009+2.5 ms cpu, 4->4->2 MB, 4 MB goal, 0 MB stacks, 0 MB globals, 16 P
gc 6456 @15.931s 9%: 0.22+0.60+0.088 ms clock, 3.6+0.77/0.95/0+1.4 ms cpu, 4->4->2 MB, 4 MB goal, 0 MB stacks, 0 MB globals, 16 P
gc 6457 @15.933s 9%: 0.078+0.72+0.13 ms clock, 1.2+0.71/1.1/0+2.1 ms cpu, 4->4->2 MB, 4 MB goal, 0 MB stacks, 0 MB globals, 16 P
gc 6458 @15.935s 9%: 0.094+0.87+0.14 ms clock, 1.5+0.59/0.94/0.12+2.2 ms cpu, 4->5->2 MB, 4 MB goal, 0 MB stacks, 0 MB globals, 16 P
gc 6459 @15.937s 9%: 0.10+0.74+0.12 ms clock, 1.6+0.75/0.97/0+2.0 ms cpu, 4->5->2 MB, 5 MB goal, 0 MB stacks, 0 MB globals, 16 P
gc 6460 @15.939s 9%: 0.15+0.76+0.16 ms clock, 2.4+0.49/1.1/0.007+2.6 ms cpu, 4->5->2 MB, 5 MB goal, 0 MB stacks, 0 MB globals, 16 P
gc 6461 @15.941s 9%: 0.11+0.78+0.14 ms clock, 1.7+0.63/0.98/0+2.3 ms cpu, 4->5->2 MB, 5 MB goal, 0 MB stacks, 0 MB globals, 16 P
gc 6462 @15.943s 9%: 0.13+0.53+0.14 ms clock, 2.1+0.74/0.89/0+2.3 ms cpu, 4->5->2 MB, 5 MB goal, 0 MB stacks, 0 MB globals, 16 P
gc 6463 @15.945s 9%: 0.081+0.55+0.13 ms clock, 1.2+0.59/0.90/0+2.1 ms cpu, 3->4->2 MB, 4 MB goal, 0 MB stacks, 0 MB globals, 16 P
gc 6464 @15.946s 9%: 0.12+0.52+0.17 ms clock, 2.0+0.54/0.89/0+2.8 ms cpu, 3->4->2 MB, 4 MB goal, 0 MB stacks, 0 MB globals, 16 P
gc 6465 @15.948s 9%: 0.12+0.57+0.20 ms clock, 2.0+0.46/1.1/0.018+3.3 ms cpu, 3->4->2 MB, 4 MB goal, 0 MB stacks, 0 MB globals, 16 P
gc 6466 @15.950s 9%: 0.097+0.65+0.12 ms clock, 1.5+0.62/0.85/0.011+2.0 ms cpu, 4->4->2 MB, 4 MB goal, 0 MB stacks, 0 MB globals, 16 P
gc 6467 @15.951s 9%: 0.12+0.68+0.073 ms clock, 2.0+0.74/1.0/0+1.1 ms cpu, 3->4->2 MB, 4 MB goal, 0 MB stacks, 0 MB globals, 16 P
gc 6468 @15.953s 9%: 0.10+0.77+0.088 ms clock, 1.7+0.62/1.0/0.010+1.4 ms cpu, 4->4->2 MB, 4 MB goal, 0 MB stacks, 0 MB globals, 16 P
gc 6469 @15.955s 9%: 0.099+0.79+0.16 ms clock, 1.5+0.62/1.0/0+2.6 ms cpu, 4->5->2 MB, 5 MB goal, 0 MB stacks, 0 MB globals, 16 P
gc 6470 @15.957s 9%: 0.11+0.66+0.18 ms clock, 1.8+0.56/1.1/0+3.0 ms cpu, 4->5->2 MB, 5 MB goal, 0 MB stacks, 0 MB globals, 16 P
gc 6471 @15.959s 9%: 0.17+0.65+0.12 ms clock, 2.7+0.71/1.0/0+2.0 ms cpu, 4->5->2 MB, 5 MB goal, 0 MB stacks, 0 MB globals, 16 P
gc 6472 @15.961s 9%: 0.11+0.76+0.063 ms clock, 1.8+0.61/1.0/0+1.0 ms cpu, 4->5->2 MB, 5 MB goal, 0 MB stacks, 0 MB globals, 16 P
gc 6473 @15.963s 9%: 0.15+0.72+0.22 ms clock, 2.5+0.67/0.95/0+3.5 ms cpu, 4->5->2 MB, 4 MB goal, 0 MB stacks, 0 MB globals, 16 P
gc 6474 @15.965s 9%: 0.12+0.66+0.10 ms clock, 1.9+0.56/0.90/0+1.6 ms cpu, 4->5->2 MB, 5 MB goal, 0 MB stacks, 0 MB globals, 16 P
gc 6475 @15.966s 9%: 0.13+0.61+0.15 ms clock, 2.1+0.56/0.98/0.012+2.5 ms cpu, 4->4->2 MB, 4 MB goal, 0 MB stacks, 0 MB globals, 16 P
gc 6476 @15.968s 9%: 0.11+0.80+0.20 ms clock, 1.8+0.51/1.0/0+3.3 ms cpu, 4->5->2 MB, 4 MB goal, 0 MB stacks, 0 MB globals, 16 P
gc 6477 @15.970s 9%: 0.14+0.57+0.15 ms clock, 2.3+0.59/0.87/0.10+2.4 ms cpu, 4->4->2 MB, 5 MB goal, 0 MB stacks, 0 MB globals, 16 P
gc 6478 @15.972s 9%: 0.13+0.61+0.18 ms clock, 2.1+0.79/0.89/0+3.0 ms cpu, 3->4->2 MB, 4 MB goal, 0 MB stacks, 0 MB globals, 16 P
gc 6479 @15.973s 9%: 0.23+0.90+0.076 ms clock, 3.8+0.65/1.0/0+1.2 ms cpu, 4->5->2 MB, 4 MB goal, 0 MB stacks, 0 MB globals, 16 P
gc 6480 @15.976s 9%: 0.14+0.70+0.055 ms clock, 2.3+0.59/1.0/0+0.89 ms cpu, 4->5->2 MB, 5 MB goal, 0 MB stacks, 0 MB globals, 16 P
gc 6481 @15.978s 9%: 0.12+0.78+0.13 ms clock, 1.9+0.75/0.95/0+2.1 ms cpu, 4->5->2 MB, 4 MB goal, 0 MB stacks, 0 MB globals, 16 P
gc 6482 @15.979s 9%: 0.17+0.67+0.13 ms clock, 2.7+0.46/1.1/0+2.1 ms cpu, 4->5->2 MB, 5 MB goal, 0 MB stacks, 0 MB globals, 16 P
gc 6483 @15.981s 9%: 0.11+0.60+0.12 ms clock, 1.9+0.50/1.0/0.050+2.0 ms cpu, 4->5->2 MB, 5 MB goal, 0 MB stacks, 0 MB globals, 16 P
gc 6484 @15.983s 9%: 0.10+0.54+0.16 ms clock, 1.7+0.58/0.90/0+2.6 ms cpu, 4->4->2 MB, 4 MB goal, 0 MB stacks, 0 MB globals, 16 P
gc 6485 @15.985s 9%: 0.11+0.81+0.079 ms clock, 1.8+0.72/1.3/0+1.2 ms cpu, 3->4->2 MB, 4 MB goal, 0 MB stacks, 0 MB globals, 16 P
gc 6486 @15.987s 9%: 0.11+0.71+0.11 ms clock, 1.7+0.80/0.87/0+1.8 ms cpu, 4->5->2 MB, 5 MB goal, 0 MB stacks, 0 MB globals, 16 P
gc 6487 @15.989s 9%: 0.10+0.64+0.18 ms clock, 1.7+0.50/1.1/0+3.0 ms cpu, 3->4->2 MB, 4 MB goal, 0 MB stacks, 0 MB globals, 16 P
gc 6488 @15.990s 9%: 0.13+0.65+0.11 ms clock, 2.1+0.50/1.0/0+1.9 ms cpu, 4->5->2 MB, 4 MB goal, 0 MB stacks, 0 MB globals, 16 P
gc 6489 @15.992s 9%: 0.15+0.58+0.13 ms clock, 2.4+0.58/0.99/0+2.1 ms cpu, 4->5->2 MB, 5 MB goal, 0 MB stacks, 0 MB globals, 16 P
gc 6490 @15.994s 9%: 0.14+0.64+0.22 ms clock, 2.3+0.58/1.1/0+3.5 ms cpu, 4->4->2 MB, 4 MB goal, 0 MB stacks, 0 MB globals, 16 P
gc 6491 @15.996s 9%: 0.11+0.58+0.17 ms clock, 1.8+0.67/0.97/0+2.8 ms cpu, 4->4->2 MB, 4 MB goal, 0 MB stacks, 0 MB globals, 16 P
gc 6492 @15.998s 9%: 0.14+0.71+0.092 ms clock, 2.2+0.64/1.1/0+1.4 ms cpu, 3->4->2 MB, 4 MB goal, 0 MB stacks, 0 MB globals, 16 P
gc 6493 @16.000s 9%: 0.14+0.84+0.11 ms clock, 2.2+0.57/1.0/0+1.9 ms cpu, 4->5->2 MB, 5 MB goal, 0 MB stacks, 0 MB globals, 16 P
gc 6494 @16.002s 9%: 0.094+0.85+0.10 ms clock, 1.5+0.73/0.94/0+1.6 ms cpu, 4->5->2 MB, 5 MB goal, 0 MB stacks, 0 MB globals, 16 P
gc 6495 @16.004s 9%: 0.10+0.60+0.13 ms clock, 1.6+0.55/0.99/0.032+2.1 ms cpu, 4->4->1 MB, 5 MB goal, 0 MB stacks, 0 MB globals, 16 P
gc 6496 @16.005s 9%: 0.13+0.79+0.079 ms clock, 2.1+0.73/1.1/0+1.2 ms cpu, 3->4->2 MB, 4 MB goal, 0 MB stacks, 0 MB globals, 16 P
gc 6497 @16.007s 9%: 0.10+0.58+0.19 ms clock, 1.6+0.59/1.0/0+3.1 ms cpu, 4->5->2 MB, 5 MB goal, 0 MB stacks, 0 MB globals, 16 P
gc 6498 @16.009s 9%: 0.10+0.71+0.035 ms clock, 1.6+0.74/0.90/0+0.57 ms cpu, 4->4->2 MB, 4 MB goal, 0 MB stacks, 0 MB globals, 16 P
gc 6499 @16.010s 9%: 0.14+0.55+0.13 ms clock, 2.3+0.69/0.87/0+2.1 ms cpu, 4->4->2 MB, 4 MB goal, 0 MB stacks, 0 MB globals, 16 P
gc 6500 @16.012s 9%: 0.11+0.62+0.10 ms clock, 1.8+0.48/0.91/0.004+1.6 ms cpu, 3->4->2 MB, 4 MB goal, 0 MB stacks, 0 MB globals, 16 P
gc 6501 @16.014s 9%: 0.099+0.57+0.12 ms clock, 1.5+0.59/0.94/0+2.0 ms cpu, 4->4->2 MB, 4 MB goal, 0 MB stacks, 0 MB globals, 16 P
gc 6502 @16.015s 9%: 0.15+0.58+0.11 ms clock, 2.4+0.59/0.89/0+1.8 ms cpu, 3->4->2 MB, 4 MB goal, 0 MB stacks, 0 MB globals, 16 P
gc 6503 @16.017s 9%: 0.10+0.51+0.17 ms clock, 1.6+0.58/0.90/0+2.8 ms cpu, 4->4->2 MB, 4 MB goal, 0 MB stacks, 0 MB globals, 16 P
gc 6504 @16.018s 9%: 0.15+0.72+0.17 ms clock, 2.4+0.66/0.88/0+2.8 ms cpu, 3->4->2 MB, 4 MB goal, 0 MB stacks, 0 MB globals, 16 P
gc 6505 @16.020s 9%: 0.12+0.95+0.13 ms clock, 2.0+0.75/1.2/0+2.1 ms cpu, 4->5->2 MB, 5 MB goal, 0 MB stacks, 0 MB globals, 16 P
gc 6506 @16.023s 9%: 0.14+0.60+0.23 ms clock, 2.3+0.65/0.91/0.055+3.6 ms cpu, 4->5->2 MB, 5 MB goal, 0 MB stacks, 0 MB globals, 16 P
gc 6507 @16.025s 9%: 0.14+0.84+0.10 ms clock, 2.3+0.64/1.0/0+1.6 ms cpu, 3->5->2 MB, 4 MB goal, 0 MB stacks, 0 MB globals, 16 P
gc 6508 @16.027s 9%: 0.12+0.60+0.21 ms clock, 2.0+0.62/1.0/0+3.4 ms cpu, 5->5->2 MB, 5 MB goal, 0 MB stacks, 0 MB globals, 16 P
gc 6509 @16.029s 9%: 0.090+0.61+0.20 ms clock, 1.4+0.65/0.93/0.10+3.2 ms cpu, 4->4->2 MB, 4 MB goal, 0 MB stacks, 0 MB globals, 16 P
gc 6510 @16.031s 9%: 0.14+0.76+0.12 ms clock, 2.3+0.78/0.97/0+2.0 ms cpu, 4->5->2 MB, 4 MB goal, 0 MB stacks, 0 MB globals, 16 P
gc 6511 @16.032s 9%: 0.16+0.70+0.15 ms clock, 2.6+0.64/1.0/0+2.4 ms cpu, 4->5->2 MB, 4 MB goal, 0 MB stacks, 0 MB globals, 16 P
gc 6512 @16.034s 9%: 0.11+0.64+0.21 ms clock, 1.8+0.81/0.98/0+3.3 ms cpu, 4->5->2 MB, 5 MB goal, 0 MB stacks, 0 MB globals, 16 P
gc 6513 @16.036s 9%: 0.12+0.58+0.11 ms clock, 1.9+0.55/0.91/0.10+1.8 ms cpu, 4->4->2 MB, 4 MB goal, 0 MB stacks, 0 MB globals, 16 P
gc 6514 @16.038s 9%: 0.12+0.68+0.18 ms clock, 2.0+0.60/0.93/0+2.9 ms cpu, 3->4->2 MB, 4 MB goal, 0 MB stacks, 0 MB globals, 16 P
gc 6515 @16.039s 9%: 0.16+0.72+0.14 ms clock, 2.5+0.60/1.0/0+2.3 ms cpu, 4->4->2 MB, 4 MB goal, 0 MB stacks, 0 MB globals, 16 P
gc 6516 @16.041s 9%: 0.10+0.64+0.18 ms clock, 1.6+0.69/0.94/0.044+2.9 ms cpu, 4->5->2 MB, 5 MB goal, 0 MB stacks, 0 MB globals, 16 P
gc 6517 @16.043s 9%: 0.11+0.59+0.20 ms clock, 1.7+0.60/0.90/0+3.2 ms cpu, 4->4->2 MB, 4 MB goal, 0 MB stacks, 0 MB globals, 16 P
gc 6518 @16.045s 9%: 0.12+0.72+0.10 ms clock, 1.9+0.61/1.1/0+1.6 ms cpu, 3->4->2 MB, 4 MB goal, 0 MB stacks, 0 MB globals, 16 P
gc 6519 @16.047s 9%: 0.11+0.53+0.12 ms clock, 1.8+0.68/0.91/0+2.0 ms cpu, 4->5->2 MB, 5 MB goal, 0 MB stacks, 0 MB globals, 16 P
gc 6520 @16.048s 9%: 0.22+0.55+0.18 ms clock, 3.6+0.57/1.0/0.014+2.9 ms cpu, 3->4->2 MB, 4 MB goal, 0 MB stacks, 0 MB globals, 16 P
gc 6521 @16.050s 9%: 0.10+0.73+0.084 ms clock, 1.7+0.59/1.0/0+1.3 ms cpu, 4->5->2 MB, 4 MB goal, 0 MB stacks, 0 MB globals, 16 P
gc 6522 @16.052s 9%: 0.12+0.94+0.12 ms clock, 2.0+0.72/1.1/0+2.0 ms cpu, 4->5->2 MB, 4 MB goal, 0 MB stacks, 0 MB globals, 16 P
gc 6523 @16.054s 9%: 0.20+0.54+0.20 ms clock, 3.2+0.44/1.0/0+3.2 ms cpu, 4->5->2 MB, 5 MB goal, 0 MB stacks, 0 MB globals, 16 P
gc 6524 @16.056s 9%: 0.12+0.64+0.14 ms clock, 2.0+0.74/0.96/0+2.3 ms cpu, 3->4->2 MB, 4 MB goal, 0 MB stacks, 0 MB globals, 16 P
gc 6525 @16.057s 9%: 0.15+0.68+0.14 ms clock, 2.5+0.61/1.0/0.011+2.3 ms cpu, 4->4->2 MB, 4 MB goal, 0 MB stacks, 0 MB globals, 16 P
gc 6526 @16.059s 9%: 0.15+0.71+0.14 ms clock, 2.4+0.62/0.96/0+2.2 ms cpu, 4->5->2 MB, 4 MB goal, 0 MB stacks, 0 MB globals, 16 P
gc 6527 @16.061s 9%: 0.11+0.62+0.082 ms clock, 1.8+0.70/0.84/0+1.3 ms cpu, 4->5->2 MB, 5 MB goal, 0 MB stacks, 0 MB globals, 16 P
gc 6528 @16.063s 9%: 0.10+0.71+0.14 ms clock, 1.7+0.71/0.82/0+2.3 ms cpu, 4->4->2 MB, 4 MB goal, 0 MB stacks, 0 MB globals, 16 P
gc 6529 @16.065s 9%: 0.12+0.56+0.14 ms clock, 1.9+0.58/0.83/0+2.3 ms cpu, 4->4->2 MB, 4 MB goal, 0 MB stacks, 0 MB globals, 16 P
gc 6530 @16.066s 9%: 0.17+0.85+0.10 ms clock, 2.8+0.60/1.0/0.074+1.7 ms cpu, 3->4->2 MB, 4 MB goal, 0 MB stacks, 0 MB globals, 16 P
gc 6531 @16.068s 9%: 0.11+1.0+0.12 ms clock, 1.8+0.56/1.0/0+1.9 ms cpu, 4->5->2 MB, 5 MB goal, 0 MB stacks, 0 MB globals, 16 P
gc 6532 @16.071s 9%: 0.098+0.63+0.11 ms clock, 1.5+0.53/1.1/0+1.7 ms cpu, 4->5->2 MB, 5 MB goal, 0 MB stacks, 0 MB globals, 16 P
gc 6533 @16.072s 9%: 0.10+0.53+0.14 ms clock, 1.7+0.63/0.88/0.010+2.2 ms cpu, 4->4->2 MB, 4 MB goal, 0 MB stacks, 0 MB globals, 16 P
gc 6534 @16.074s 9%: 0.17+0.60+0.14 ms clock, 2.7+0.73/1.0/0+2.3 ms cpu, 3->4->2 MB, 4 MB goal, 0 MB stacks, 0 MB globals, 16 P
gc 6535 @16.076s 9%: 0.12+0.74+0.090 ms clock, 1.9+0.55/0.99/0+1.4 ms cpu, 4->5->2 MB, 4 MB goal, 0 MB stacks, 0 MB globals, 16 P
gc 6536 @16.078s 9%: 0.10+0.64+0.096 ms clock, 1.6+0.74/0.99/0+1.5 ms cpu, 4->5->2 MB, 5 MB goal, 0 MB stacks, 0 MB globals, 16 P
gc 6537 @16.079s 9%: 0.14+0.59+0.10 ms clock, 2.2+0.77/0.92/0+1.7 ms cpu, 4->4->2 MB, 4 MB goal, 0 MB stacks, 0 MB globals, 16 P
gc 6538 @16.081s 9%: 0.095+0.58+0.10 ms clock, 1.5+0.38/0.87/0+1.7 ms cpu, 4->4->2 MB, 4 MB goal, 0 MB stacks, 0 MB globals, 16 P
gc 6539 @16.083s 9%: 0.12+0.84+0.093 ms clock, 1.9+0.65/1.0/0+1.4 ms cpu, 3->4->2 MB, 4 MB goal, 0 MB stacks, 0 MB globals, 16 P
gc 6540 @16.085s 9%: 0.14+0.92+0.034 ms clock, 2.2+0.62/0.96/0.024+0.54 ms cpu, 4->5->2 MB, 5 MB goal, 0 MB stacks, 0 MB globals, 16 P
gc 6541 @16.087s 9%: 0.11+0.70+0.082 ms clock, 1.8+0.53/0.94/0+1.3 ms cpu, 4->5->2 MB, 5 MB goal, 0 MB stacks, 0 MB globals, 16 P
gc 6542 @16.089s 9%: 0.10+0.54+0.19 ms clock, 1.6+0.56/1.0/0+3.1 ms cpu, 4->4->2 MB, 5 MB goal, 0 MB stacks, 0 MB globals, 16 P
gc 6543 @16.091s 9%: 0.11+0.86+0.063 ms clock, 1.8+0.61/0.93/0+1.0 ms cpu, 3->4->2 MB, 4 MB goal, 0 MB stacks, 0 MB globals, 16 P
gc 6544 @16.093s 9%: 0.097+0.57+0.17 ms clock, 1.5+0.61/0.96/0+2.8 ms cpu, 4->5->2 MB, 5 MB goal, 0 MB stacks, 0 MB globals, 16 P
gc 6545 @16.094s 9%: 0.11+0.73+0.081 ms clock, 1.8+0.53/1.0/0.11+1.3 ms cpu, 3->4->2 MB, 4 MB goal, 0 MB stacks, 0 MB globals, 16 P
gc 6546 @16.096s 9%: 0.12+0.60+0.16 ms clock, 2.0+0.66/1.1/0+2.6 ms cpu, 4->5->2 MB, 4 MB goal, 0 MB stacks, 0 MB globals, 16 P
gc 6547 @16.098s 9%: 0.10+0.53+0.16 ms clock, 1.6+0.55/1.0/0+2.6 ms cpu, 4->4->2 MB, 4 MB goal, 0 MB stacks, 0 MB globals, 16 P
gc 6548 @16.100s 9%: 0.22+0.60+0.16 ms clock, 3.6+0.65/0.93/0.031+2.6 ms cpu, 3->4->2 MB, 4 MB goal, 0 MB stacks, 0 MB globals, 16 P
gc 6549 @16.101s 9%: 0.12+0.75+0.11 ms clock, 1.9+0.76/0.88/0+1.8 ms cpu, 4->5->2 MB, 5 MB goal, 0 MB stacks, 0 MB globals, 16 P
gc 6550 @16.103s 9%: 0.11+0.66+0.18 ms clock, 1.7+0.65/0.98/0+2.9 ms cpu, 4->5->2 MB, 5 MB goal, 0 MB stacks, 0 MB globals, 16 P
gc 6551 @16.105s 9%: 0.22+1.0+0.10 ms clock, 3.5+0.70/0.84/0+1.6 ms cpu, 4->5->2 MB, 4 MB goal, 0 MB stacks, 0 MB globals, 16 P
gc 6552 @16.108s 9%: 0.13+0.65+0.11 ms clock, 2.1+0.74/0.89/0+1.8 ms cpu, 4->5->2 MB, 5 MB goal, 0 MB stacks, 0 MB globals, 16 P
gc 6553 @16.109s 9%: 0.10+0.68+0.24 ms clock, 1.6+0.76/0.79/0+3.9 ms cpu, 4->4->2 MB, 4 MB goal, 0 MB stacks, 0 MB globals, 16 P
gc 6554 @16.111s 9%: 0.15+0.75+0.074 ms clock, 2.5+0.63/0.92/0+1.1 ms cpu, 4->5->2 MB, 4 MB goal, 0 MB stacks, 0 MB globals, 16 P
gc 6555 @16.113s 9%: 0.14+0.60+0.14 ms clock, 2.2+0.62/1.0/0+2.2 ms cpu, 4->4->2 MB, 5 MB goal, 0 MB stacks, 0 MB globals, 16 P
gc 6556 @16.115s 9%: 0.11+0.57+0.13 ms clock, 1.8+0.56/1.0/0+2.0 ms cpu, 4->4->2 MB, 4 MB goal, 0 MB stacks, 0 MB globals, 16 P
gc 6557 @16.116s 9%: 0.10+0.65+0.16 ms clock, 1.6+0.65/1.1/0+2.6 ms cpu, 3->4->2 MB, 4 MB goal, 0 MB stacks, 0 MB globals, 16 P
gc 6558 @16.118s 9%: 0.14+0.65+0.22 ms clock, 2.2+0.57/0.98/0.052+3.6 ms cpu, 4->5->2 MB, 4 MB goal, 0 MB stacks, 0 MB globals, 16 P
gc 6559 @16.120s 9%: 0.16+0.71+0.10 ms clock, 2.5+0.63/1.0/0+1.7 ms cpu, 4->4->2 MB, 4 MB goal, 0 MB stacks, 0 MB globals, 16 P
gc 6560 @16.122s 9%: 0.11+0.83+0.074 ms clock, 1.8+0.83/0.87/0+1.1 ms cpu, 4->5->2 MB, 4 MB goal, 0 MB stacks, 0 MB globals, 16 P
gc 6561 @16.124s 9%: 0.11+0.61+0.17 ms clock, 1.8+0.66/0.98/0.001+2.8 ms cpu, 4->5->2 MB, 5 MB goal, 0 MB stacks, 0 MB globals, 16 P
gc 6562 @16.126s 9%: 0.14+0.68+0.13 ms clock, 2.2+0.63/1.0/0+2.1 ms cpu, 3->4->2 MB, 4 MB goal, 0 MB stacks, 0 MB globals, 16 P
gc 6563 @16.127s 9%: 0.13+0.74+0.17 ms clock, 2.0+0.82/1.1/0.039+2.7 ms cpu, 4->5->2 MB, 5 MB goal, 0 MB stacks, 0 MB globals, 16 P
gc 6564 @16.129s 9%: 0.14+0.99+0.098 ms clock, 2.3+0.77/1.0/0+1.5 ms cpu, 4->5->2 MB, 5 MB goal, 0 MB stacks, 0 MB globals, 16 P
gc 6565 @16.132s 9%: 0.18+0.57+0.14 ms clock, 2.8+0.67/0.97/0+2.3 ms cpu, 4->5->2 MB, 5 MB goal, 0 MB stacks, 0 MB globals, 16 P
gc 6566 @16.134s 9%: 0.14+0.70+0.13 ms clock, 2.3+0.65/0.82/0+2.1 ms cpu, 4->4->2 MB, 4 MB goal, 0 MB stacks, 0 MB globals, 16 P
gc 6567 @16.135s 9%: 0.10+0.61+0.21 ms clock, 1.7+0.78/1.0/0+3.4 ms cpu, 4->4->2 MB, 5 MB goal, 0 MB stacks, 0 MB globals, 16 P
gc 6568 @16.137s 9%: 0.15+0.91+0.078 ms clock, 2.4+0.73/0.95/0+1.2 ms cpu, 3->5->2 MB, 4 MB goal, 0 MB stacks, 0 MB globals, 16 P
gc 6569 @16.139s 9%: 0.14+0.65+0.24 ms clock, 2.3+0.74/1.0/0+3.9 ms cpu, 4->5->2 MB, 5 MB goal, 0 MB stacks, 0 MB globals, 16 P
gc 6570 @16.141s 9%: 0.16+0.82+0.17 ms clock, 2.6+0.70/1.0/0+2.8 ms cpu, 3->4->2 MB, 4 MB goal, 0 MB stacks, 0 MB globals, 16 P
gc 6571 @16.143s 9%: 0.14+0.51+0.15 ms clock, 2.3+0.59/1.0/0.034+2.4 ms cpu, 4->5->2 MB, 5 MB goal, 0 MB stacks, 0 MB globals, 16 P
gc 6572 @16.145s 9%: 0.20+0.82+0.14 ms clock, 3.3+0.85/0.98/0+2.3 ms cpu, 3->4->2 MB, 4 MB goal, 0 MB stacks, 0 MB globals, 16 P
gc 6573 @16.147s 9%: 0.11+0.53+0.10 ms clock, 1.7+0.51/1.0/0+1.6 ms cpu, 4->5->2 MB, 5 MB goal, 0 MB stacks, 0 MB globals, 16 P
gc 6574 @16.148s 9%: 0.10+0.61+0.12 ms clock, 1.7+0.55/1.0/0+1.9 ms cpu, 3->4->2 MB, 4 MB goal, 0 MB stacks, 0 MB globals, 16 P
gc 6575 @16.150s 9%: 0.13+0.79+0.14 ms clock, 2.1+0.83/0.94/0+2.2 ms cpu, 4->4->2 MB, 4 MB goal, 0 MB stacks, 0 MB globals, 16 P
gc 6576 @16.152s 9%: 0.10+0.92+0.069 ms clock, 1.7+0.65/0.94/0+1.1 ms cpu, 4->5->2 MB, 5 MB goal, 0 MB stacks, 0 MB globals, 16 P
gc 6577 @16.154s 9%: 0.17+0.81+0.075 ms clock, 2.7+0.62/0.99/0.016+1.2 ms cpu, 4->5->2 MB, 5 MB goal, 0 MB stacks, 0 MB globals, 16 P
gc 6578 @16.156s 9%: 0.18+0.86+0.15 ms clock, 2.9+0.70/1.0/0.003+2.4 ms cpu, 4->5->2 MB, 5 MB goal, 0 MB stacks, 0 MB globals, 16 P
gc 6579 @16.159s 9%: 0.12+0.76+0.15 ms clock, 1.9+0.51/1.0/0+2.5 ms cpu, 4->5->2 MB, 5 MB goal, 0 MB stacks, 0 MB globals, 16 P
gc 6580 @16.161s 9%: 0.17+0.60+0.12 ms clock, 2.8+0.81/0.95/0+2.0 ms cpu, 4->5->2 MB, 5 MB goal, 0 MB stacks, 0 MB globals, 16 P
gc 6581 @16.162s 9%: 0.16+0.71+0.20 ms clock, 2.6+0.72/1.0/0+3.2 ms cpu, 4->5->2 MB, 4 MB goal, 0 MB stacks, 0 MB globals, 16 P
gc 6582 @16.164s 9%: 0.12+0.76+0.069 ms clock, 2.0+0.55/1.0/0+1.1 ms cpu, 4->5->2 MB, 5 MB goal, 0 MB stacks, 0 MB globals, 16 P
gc 6583 @16.166s 9%: 0.18+0.62+0.12 ms clock, 2.9+0.57/1.1/0+1.9 ms cpu, 4->5->2 MB, 5 MB goal, 0 MB stacks, 0 MB globals, 16 P
gc 6584 @16.168s 9%: 0.10+0.77+0.051 ms clock, 1.6+0.65/1.2/0+0.82 ms cpu, 4->5->2 MB, 4 MB goal, 0 MB stacks, 0 MB globals, 16 P
gc 6585 @16.170s 9%: 0.10+0.53+0.16 ms clock, 1.6+0.67/0.84/0+2.6 ms cpu, 4->4->2 MB, 5 MB goal, 0 MB stacks, 0 MB globals, 16 P
gc 6586 @16.172s 9%: 0.16+0.51+0.12 ms clock, 2.6+0.50/0.87/0+2.0 ms cpu, 4->4->2 MB, 4 MB goal, 0 MB stacks, 0 MB globals, 16 P
gc 6587 @16.173s 9%: 0.12+0.60+0.17 ms clock, 2.0+0.58/0.96/0+2.8 ms cpu, 3->4->2 MB, 4 MB goal, 0 MB stacks, 0 MB globals, 16 P
gc 6588 @16.175s 9%: 0.12+0.56+0.17 ms clock, 1.9+0.69/0.90/0+2.8 ms cpu, 4->4->2 MB, 4 MB goal, 0 MB stacks, 0 MB globals, 16 P
gc 6589 @16.177s 9%: 0.12+0.55+0.11 ms clock, 1.9+0.59/0.98/0+1.8 ms cpu, 3->4->2 MB, 4 MB goal, 0 MB stacks, 0 MB globals, 16 P
gc 6590 @16.178s 9%: 0.12+0.61+0.10 ms clock, 2.0+0.39/1.0/0.014+1.7 ms cpu, 3->4->2 MB, 4 MB goal, 0 MB stacks, 0 MB globals, 16 P
gc 6591 @16.180s 9%: 0.092+0.62+0.10 ms clock, 1.4+0.44/0.97/0.005+1.7 ms cpu, 4->4->2 MB, 4 MB goal, 0 MB stacks, 0 MB globals, 16 P
gc 6592 @16.182s 9%: 0.18+0.73+0.14 ms clock, 2.9+0.57/0.90/0.056+2.3 ms cpu, 4->4->2 MB, 4 MB goal, 0 MB stacks, 0 MB globals, 16 P
gc 6593 @16.183s 9%: 0.16+0.69+0.13 ms clock, 2.5+0.92/0.81/0+2.1 ms cpu, 3->4->2 MB, 4 MB goal, 0 MB stacks, 0 MB globals, 16 P
gc 6594 @16.185s 9%: 0.13+0.83+0.089 ms clock, 2.1+0.51/0.98/0+1.4 ms cpu, 4->5->2 MB, 5 MB goal, 0 MB stacks, 0 MB globals, 16 P
gc 6595 @16.187s 9%: 0.12+0.68+0.17 ms clock, 1.9+0.69/1.0/0+2.7 ms cpu, 4->5->2 MB, 5 MB goal, 0 MB stacks, 0 MB globals, 16 P
gc 6596 @16.189s 9%: 0.12+0.61+0.18 ms clock, 2.0+0.69/0.96/0+2.8 ms cpu, 4->4->2 MB, 4 MB goal, 0 MB stacks, 0 MB globals, 16 P
gc 6597 @16.191s 9%: 0.11+0.89+0.17 ms clock, 1.8+0.48/1.1/0+2.7 ms cpu, 4->5->2 MB, 4 MB goal, 0 MB stacks, 0 MB globals, 16 P
gc 6598 @16.193s 9%: 0.18+0.74+0.11 ms clock, 3.0+0.61/1.1/0+1.8 ms cpu, 4->5->2 MB, 5 MB goal, 0 MB stacks, 0 MB globals, 16 P
gc 6599 @16.195s 9%: 0.11+0.79+0.098 ms clock, 1.8+0.64/1.1/0+1.5 ms cpu, 4->5->2 MB, 5 MB goal, 0 MB stacks, 0 MB globals, 16 P
gc 6600 @16.197s 9%: 0.17+0.66+0.12 ms clock, 2.8+0.46/0.98/0.012+2.0 ms cpu, 4->5->2 MB, 5 MB goal, 0 MB stacks, 0 MB globals, 16 P
gc 6601 @16.199s 9%: 0.13+0.77+0.16 ms clock, 2.0+0.72/0.71/0.083+2.5 ms cpu, 3->4->2 MB, 4 MB goal, 0 MB stacks, 0 MB globals, 16 P
gc 6602 @16.201s 9%: 0.11+0.66+0.14 ms clock, 1.7+0.67/0.95/0+2.3 ms cpu, 4->5->2 MB, 5 MB goal, 0 MB stacks, 0 MB globals, 16 P
gc 6603 @16.202s 9%: 0.084+0.67+0.11 ms clock, 1.3+0.49/0.86/0.017+1.8 ms cpu, 4->4->2 MB, 4 MB goal, 0 MB stacks, 0 MB globals, 16 P
gc 6604 @16.204s 9%: 0.20+0.84+0.080 ms clock, 3.2+0.85/1.1/0+1.2 ms cpu, 3->4->2 MB, 4 MB goal, 0 MB stacks, 0 MB globals, 16 P
gc 6605 @16.206s 9%: 0.10+0.89+0.11 ms clock, 1.7+0.77/0.88/0.056+1.8 ms cpu, 4->5->2 MB, 5 MB goal, 0 MB stacks, 0 MB globals, 16 P
gc 6606 @16.208s 9%: 0.16+0.72+0.14 ms clock, 2.6+0.67/1.1/0.006+2.3 ms cpu, 4->5->2 MB, 5 MB goal, 0 MB stacks, 0 MB globals, 16 P
gc 6607 @16.210s 9%: 0.12+0.88+0.14 ms clock, 1.9+0.83/0.82/0+2.2 ms cpu, 4->5->2 MB, 5 MB goal, 0 MB stacks, 0 MB globals, 16 P
gc 6608 @16.213s 9%: 0.15+0.64+0.10 ms clock, 2.4+0.52/1.1/0.002+1.7 ms cpu, 4->5->2 MB, 5 MB goal, 0 MB stacks, 0 MB globals, 16 P
gc 6609 @16.214s 9%: 0.20+0.70+0.11 ms clock, 3.3+0.77/0.95/0+1.8 ms cpu, 4->5->2 MB, 5 MB goal, 0 MB stacks, 0 MB globals, 16 P
gc 6610 @16.217s 9%: 0.16+0.71+0.13 ms clock, 2.6+0.68/1.0/0+2.1 ms cpu, 4->5->2 MB, 5 MB goal, 0 MB stacks, 0 MB globals, 16 P
gc 6611 @16.219s 9%: 0.16+0.79+0.10 ms clock, 2.6+0.80/0.97/0+1.6 ms cpu, 4->5->2 MB, 5 MB goal, 0 MB stacks, 0 MB globals, 16 P
gc 6612 @16.221s 9%: 0.13+0.63+0.15 ms clock, 2.0+0.63/0.89/0+2.5 ms cpu, 4->5->2 MB, 5 MB goal, 0 MB stacks, 0 MB globals, 16 P
gc 6613 @16.222s 9%: 0.17+0.70+0.12 ms clock, 2.8+0.81/0.95/0+2.0 ms cpu, 3->4->2 MB, 4 MB goal, 0 MB stacks, 0 MB globals, 16 P
gc 6614 @16.224s 9%: 0.12+0.60+0.12 ms clock, 2.0+0.73/0.87/0.020+2.0 ms cpu, 4->5->2 MB, 5 MB goal, 0 MB stacks, 0 MB globals, 16 P
gc 6615 @16.226s 9%: 0.17+0.72+0.17 ms clock, 2.8+0.88/1.0/0+2.7 ms cpu, 3->4->2 MB, 4 MB goal, 0 MB stacks, 0 MB globals, 16 P
gc 6616 @16.228s 9%: 0.10+0.60+0.14 ms clock, 1.7+0.64/0.91/0+2.3 ms cpu, 4->5->2 MB, 5 MB goal, 0 MB stacks, 0 MB globals, 16 P
gc 6617 @16.229s 9%: 0.17+0.88+0.091 ms clock, 2.7+0.59/1.0/0+1.4 ms cpu, 4->5->2 MB, 4 MB goal, 0 MB stacks, 0 MB globals, 16 P
gc 6618 @16.232s 9%: 0.16+0.63+0.18 ms clock, 2.6+0.82/1.0/0+2.9 ms cpu, 4->5->2 MB, 5 MB goal, 0 MB stacks, 0 MB globals, 16 P
gc 6619 @16.233s 9%: 0.21+0.51+0.18 ms clock, 3.4+0.62/0.93/0+2.9 ms cpu, 4->4->2 MB, 4 MB goal, 0 MB stacks, 0 MB globals, 16 P
gc 6620 @16.235s 9%: 0.12+0.72+0.094 ms clock, 1.9+0.60/0.98/0+1.5 ms cpu, 4->5->2 MB, 4 MB goal, 0 MB stacks, 0 MB globals, 16 P
gc 6621 @16.237s 9%: 0.15+0.55+0.17 ms clock, 2.4+0.57/0.90/0.008+2.8 ms cpu, 4->4->2 MB, 4 MB goal, 0 MB stacks, 0 MB globals, 16 P
gc 6622 @16.239s 9%: 0.11+0.86+0.10 ms clock, 1.8+0.50/1.0/0+1.6 ms cpu, 4->5->2 MB, 4 MB goal, 0 MB stacks, 0 MB globals, 16 P
gc 6623 @16.240s 9%: 0.15+0.57+0.14 ms clock, 2.4+0.47/1.0/0+2.3 ms cpu, 4->5->2 MB, 5 MB goal, 0 MB stacks, 0 MB globals, 16 P
gc 6624 @16.242s 9%: 0.11+0.61+0.046 ms clock, 1.9+0.60/0.96/0+0.74 ms cpu, 4->4->2 MB, 4 MB goal, 0 MB stacks, 0 MB globals, 16 P
gc 6625 @16.244s 9%: 0.14+0.72+0.16 ms clock, 2.2+0.75/0.80/0+2.6 ms cpu, 3->4->2 MB, 4 MB goal, 0 MB stacks, 0 MB globals, 16 P
gc 6626 @16.246s 9%: 0.11+0.54+0.20 ms clock, 1.9+0.57/0.89/0+3.2 ms cpu, 4->4->2 MB, 5 MB goal, 0 MB stacks, 0 MB globals, 16 P
gc 6627 @16.247s 9%: 0.19+0.76+0.11 ms clock, 3.1+0.62/1.0/0+1.7 ms cpu, 3->4->2 MB, 4 MB goal, 0 MB stacks, 0 MB globals, 16 P
gc 6628 @16.249s 9%: 0.11+0.84+0.11 ms clock, 1.8+0.63/1.0/0.013+1.7 ms cpu, 4->5->2 MB, 5 MB goal, 0 MB stacks, 0 MB globals, 16 P
gc 6629 @16.251s 9%: 0.12+0.92+0.097 ms clock, 1.9+0.77/1.0/0+1.5 ms cpu, 4->5->2 MB, 5 MB goal, 0 MB stacks, 0 MB globals, 16 P
gc 6630 @16.254s 9%: 0.15+0.50+0.15 ms clock, 2.5+0.63/0.89/0.043+2.4 ms cpu, 4->4->1 MB, 5 MB goal, 0 MB stacks, 0 MB globals, 16 P
gc 6631 @16.255s 9%: 0.24+0.71+0.11 ms clock, 3.9+0.84/1.1/0+1.8 ms cpu, 3->4->2 MB, 4 MB goal, 0 MB stacks, 0 MB globals, 16 P
gc 6632 @16.257s 9%: 0.12+0.69+0.18 ms clock, 2.0+0.77/1.0/0+2.9 ms cpu, 4->5->2 MB, 5 MB goal, 0 MB stacks, 0 MB globals, 16 P
gc 6633 @16.259s 9%: 0.13+0.72+0.11 ms clock, 2.0+0.58/1.0/0+1.8 ms cpu, 4->5->2 MB, 5 MB goal, 0 MB stacks, 0 MB globals, 16 P
gc 6634 @16.261s 9%: 0.15+0.67+0.18 ms clock, 2.5+0.53/0.89/0+2.9 ms cpu, 4->5->2 MB, 5 MB goal, 0 MB stacks, 0 MB globals, 16 P
gc 6635 @16.263s 9%: 0.16+0.71+0.12 ms clock, 2.6+0.54/0.93/0+2.0 ms cpu, 4->5->2 MB, 4 MB goal, 0 MB stacks, 0 MB globals, 16 P
gc 6636 @16.265s 9%: 0.13+0.78+0.081 ms clock, 2.1+0.63/1.0/0+1.2 ms cpu, 4->5->2 MB, 4 MB goal, 0 MB stacks, 0 MB globals, 16 P
gc 6637 @16.267s 9%: 0.097+0.66+0.099 ms clock, 1.5+0.53/0.93/0+1.5 ms cpu, 4->5->2 MB, 4 MB goal, 0 MB stacks, 0 MB globals, 16 P
gc 6638 @16.268s 9%: 0.19+0.73+0.11 ms clock, 3.0+0.72/0.87/0+1.8 ms cpu, 4->4->2 MB, 4 MB goal, 0 MB stacks, 0 MB globals, 16 P
gc 6639 @16.270s 9%: 0.10+0.62+0.10 ms clock, 1.7+0.71/1.0/0+1.6 ms cpu, 4->4->2 MB, 4 MB goal, 0 MB stacks, 0 MB globals, 16 P
gc 6640 @16.272s 9%: 0.12+0.92+0.11 ms clock, 1.9+0.87/0.91/0+1.7 ms cpu, 3->5->2 MB, 4 MB goal, 0 MB stacks, 0 MB globals, 16 P
gc 6641 @16.274s 9%: 0.10+0.58+0.14 ms clock, 1.6+0.76/0.85/0.030+2.3 ms cpu, 4->5->2 MB, 5 MB goal, 0 MB stacks, 0 MB globals, 16 P
gc 6642 @16.276s 9%: 0.13+0.88+0.10 ms clock, 2.2+0.59/0.93/0+1.7 ms cpu, 3->5->2 MB, 4 MB goal, 0 MB stacks, 0 MB globals, 16 P
gc 6643 @16.278s 9%: 0.13+0.79+0.14 ms clock, 2.1+0.48/1.0/0+2.3 ms cpu, 4->5->2 MB, 5 MB goal, 0 MB stacks, 0 MB globals, 16 P
gc 6644 @16.280s 9%: 0.091+0.57+0.14 ms clock, 1.4+0.50/0.84/0+2.2 ms cpu, 4->4->2 MB, 4 MB goal, 0 MB stacks, 0 MB globals, 16 P
gc 6645 @16.281s 9%: 0.16+0.82+0.20 ms clock, 2.6+0.60/1.0/0+3.2 ms cpu, 3->4->2 MB, 4 MB goal, 0 MB stacks, 0 MB globals, 16 P
gc 6646 @16.283s 9%: 0.11+0.54+0.15 ms clock, 1.8+0.71/0.95/0+2.4 ms cpu, 4->5->2 MB, 5 MB goal, 0 MB stacks, 0 MB globals, 16 P
gc 6647 @16.285s 9%: 0.099+0.55+0.11 ms clock, 1.5+0.62/0.86/0+1.8 ms cpu, 3->4->2 MB, 4 MB goal, 0 MB stacks, 0 MB globals, 16 P
gc 6648 @16.287s 9%: 0.15+0.90+0.12 ms clock, 2.5+0.72/0.88/0+1.9 ms cpu, 3->4->2 MB, 4 MB goal, 0 MB stacks, 0 MB globals, 16 P
gc 6649 @16.289s 9%: 0.12+1.1+0.10 ms clock, 1.9+0.53/0.96/0+1.7 ms cpu, 4->5->2 MB, 5 MB goal, 0 MB stacks, 0 MB globals, 16 P
gc 6650 @16.291s 9%: 0.12+0.68+0.19 ms clock, 2.0+0.62/0.99/0+3.0 ms cpu, 4->5->2 MB, 5 MB goal, 0 MB stacks, 0 MB globals, 16 P
gc 6651 @16.293s 9%: 0.17+0.64+0.14 ms clock, 2.8+0.71/0.96/0+2.3 ms cpu, 3->4->2 MB, 4 MB goal, 0 MB stacks, 0 MB globals, 16 P
gc 6652 @16.295s 9%: 0.15+0.64+0.14 ms clock, 2.4+0.54/0.99/0+2.2 ms cpu, 4->5->2 MB, 5 MB goal, 0 MB stacks, 0 MB globals, 16 P
gc 6653 @16.297s 9%: 0.15+0.70+0.081 ms clock, 2.5+0.89/1.0/0+1.3 ms cpu, 4->4->2 MB, 4 MB goal, 0 MB stacks, 0 MB globals, 16 P
gc 6654 @16.299s 9%: 0.11+0.83+0.14 ms clock, 1.7+0.62/1.0/0.010+2.3 ms cpu, 4->5->2 MB, 4 MB goal, 0 MB stacks, 0 MB globals, 16 P
gc 6655 @16.301s 9%: 0.11+0.87+0.13 ms clock, 1.8+0.66/1.0/0.004+2.1 ms cpu, 4->5->2 MB, 5 MB goal, 0 MB stacks, 0 MB globals, 16 P
gc 6656 @16.303s 9%: 0.12+0.81+0.19 ms clock, 1.9+0.71/0.85/0+3.0 ms cpu, 4->5->2 MB, 5 MB goal, 0 MB stacks, 0 MB globals, 16 P
gc 6657 @16.305s 9%: 0.13+0.76+0.14 ms clock, 2.1+0.58/0.94/0+2.2 ms cpu, 4->5->2 MB, 5 MB goal, 0 MB stacks, 0 MB globals, 16 P
gc 6658 @16.307s 9%: 0.11+0.73+0.12 ms clock, 1.8+0.60/1.0/0+2.0 ms cpu, 4->5->2 MB, 5 MB goal, 0 MB stacks, 0 MB globals, 16 P
gc 6659 @16.309s 9%: 0.12+0.86+0.12 ms clock, 2.0+0.72/1.1/0.006+1.9 ms cpu, 4->5->2 MB, 5 MB goal, 0 MB stacks, 0 MB globals, 16 P
gc 6660 @16.311s 9%: 0.15+0.73+0.16 ms clock, 2.5+0.74/1.0/0+2.6 ms cpu, 4->5->2 MB, 5 MB goal, 0 MB stacks, 0 MB globals, 16 P
gc 6661 @16.313s 9%: 0.11+0.67+0.10 ms clock, 1.7+0.50/1.1/0+1.7 ms cpu, 4->5->2 MB, 5 MB goal, 0 MB stacks, 0 MB globals, 16 P
gc 6662 @16.315s 9%: 0.14+0.72+0.090 ms clock, 2.2+0.60/0.91/0+1.4 ms cpu, 4->5->2 MB, 5 MB goal, 0 MB stacks, 0 MB globals, 16 P
gc 6663 @16.317s 9%: 0.10+0.79+0.066 ms clock, 1.6+0.55/1.1/0+1.0 ms cpu, 4->5->2 MB, 5 MB goal, 0 MB stacks, 0 MB globals, 16 P
gc 6664 @16.319s 9%: 0.17+0.50+0.14 ms clock, 2.8+0.64/0.93/0+2.3 ms cpu, 4->5->2 MB, 5 MB goal, 0 MB stacks, 0 MB globals, 16 P
gc 6665 @16.321s 9%: 0.12+0.55+0.14 ms clock, 1.9+0.59/1.0/0+2.2 ms cpu, 3->4->2 MB, 4 MB goal, 0 MB stacks, 0 MB globals, 16 P
gc 6666 @16.322s 9%: 0.12+0.76+0.12 ms clock, 2.0+0.66/0.96/0.047+2.0 ms cpu, 3->4->2 MB, 4 MB goal, 0 MB stacks, 0 MB globals, 16 P
gc 6667 @16.324s 9%: 0.098+0.69+0.11 ms clock, 1.5+0.60/0.94/0+1.9 ms cpu, 4->5->2 MB, 4 MB goal, 0 MB stacks, 0 MB globals, 16 P
gc 6668 @16.326s 9%: 0.13+0.72+0.10 ms clock, 2.1+0.49/0.94/0+1.6 ms cpu, 4->5->2 MB, 4 MB goal, 0 MB stacks, 0 MB globals, 16 P
gc 6669 @16.328s 9%: 0.18+0.66+0.14 ms clock, 2.9+0.71/1.0/0+2.3 ms cpu, 4->5->2 MB, 4 MB goal, 0 MB stacks, 0 MB globals, 16 P
gc 6670 @16.330s 9%: 0.10+0.77+0.12 ms clock, 1.6+0.77/0.99/0+1.9 ms cpu, 4->5->2 MB, 5 MB goal, 0 MB stacks, 0 MB globals, 16 P
gc 6671 @16.332s 9%: 0.16+0.81+0.10 ms clock, 2.5+0.79/1.0/0+1.7 ms cpu, 4->5->2 MB, 5 MB goal, 0 MB stacks, 0 MB globals, 16 P
gc 6672 @16.334s 9%: 0.087+0.63+0.23 ms clock, 1.4+0.56/0.91/0+3.8 ms cpu, 4->5->2 MB, 5 MB goal, 0 MB stacks, 0 MB globals, 16 P
gc 6673 @16.335s 9%: 0.11+0.89+0.10 ms clock, 1.8+0.74/0.95/0+1.6 ms cpu, 3->5->2 MB, 4 MB goal, 0 MB stacks, 0 MB globals, 16 P
gc 6674 @16.337s 9%: 0.13+0.66+0.20 ms clock, 2.0+0.63/0.97/0+3.2 ms cpu, 4->5->2 MB, 5 MB goal, 0 MB stacks, 0 MB globals, 16 P
gc 6675 @16.339s 9%: 0.11+0.60+0.12 ms clock, 1.8+0.71/1.0/0+1.9 ms cpu, 4->5->2 MB, 4 MB goal, 0 MB stacks, 0 MB globals, 16 P
gc 6676 @16.341s 9%: 0.094+0.84+0.095 ms clock, 1.5+0.49/1.0/0+1.5 ms cpu, 4->5->2 MB, 5 MB goal, 0 MB stacks, 0 MB globals, 16 P
gc 6677 @16.343s 9%: 0.097+0.59+0.13 ms clock, 1.5+0.47/1.0/0.013+2.1 ms cpu, 4->5->2 MB, 5 MB goal, 0 MB stacks, 0 MB globals, 16 P
gc 6678 @16.345s 9%: 0.11+0.51+0.13 ms clock, 1.8+0.58/0.89/0.002+2.1 ms cpu, 3->4->2 MB, 4 MB goal, 0 MB stacks, 0 MB globals, 16 P
gc 6679 @16.346s 9%: 0.16+0.57+0.16 ms clock, 2.5+0.63/1.0/0.025+2.5 ms cpu, 3->4->2 MB, 4 MB goal, 0 MB stacks, 0 MB globals, 16 P
gc 6680 @16.348s 9%: 0.10+0.75+0.11 ms clock, 1.6+0.57/1.1/0+1.8 ms cpu, 3->4->2 MB, 4 MB goal, 0 MB stacks, 0 MB globals, 16 P
gc 6681 @16.350s 9%: 0.13+0.69+0.14 ms clock, 2.1+0.78/0.79/0+2.3 ms cpu, 4->5->2 MB, 5 MB goal, 0 MB stacks, 0 MB globals, 16 P
gc 6682 @16.352s 9%: 0.19+0.57+0.23 ms clock, 3.1+0.81/0.89/0+3.6 ms cpu, 4->4->2 MB, 5 MB goal, 0 MB stacks, 0 MB globals, 16 P
gc 6683 @16.353s 9%: 0.085+0.73+0.11 ms clock, 1.3+0.56/1.1/0+1.7 ms cpu, 4->5->2 MB, 4 MB goal, 0 MB stacks, 0 MB globals, 16 P
gc 6684 @16.355s 9%: 0.067+0.60+0.13 ms clock, 1.0+0.59/1.0/0.028+2.1 ms cpu, 4->5->2 MB, 5 MB goal, 0 MB stacks, 0 MB globals, 16 P
gc 6685 @16.357s 9%: 0.12+0.77+0.10 ms clock, 1.9+0.59/0.93/0.048+1.6 ms cpu, 3->4->2 MB, 4 MB goal, 0 MB stacks, 0 MB globals, 16 P
gc 6686 @16.359s 9%: 0.12+0.71+0.11 ms clock, 1.9+0.52/0.93/0+1.7 ms cpu, 4->5->2 MB, 5 MB goal, 0 MB stacks, 0 MB globals, 16 P
gc 6687 @16.361s 9%: 0.11+0.78+0.10 ms clock, 1.7+0.71/1.0/0+1.6 ms cpu, 4->5->2 MB, 4 MB goal, 0 MB stacks, 0 MB globals, 16 P
gc 6688 @16.363s 9%: 0.12+0.77+0.10 ms clock, 2.0+0.61/0.86/0+1.6 ms cpu, 4->5->2 MB, 5 MB goal, 0 MB stacks, 0 MB globals, 16 P
gc 6689 @16.364s 9%: 0.16+0.57+0.19 ms clock, 2.6+0.62/1.0/0+3.1 ms cpu, 4->4->2 MB, 4 MB goal, 0 MB stacks, 0 MB globals, 16 P
gc 6690 @16.366s 9%: 0.10+0.55+0.10 ms clock, 1.6+0.52/0.97/0.006+1.7 ms cpu, 4->4->2 MB, 4 MB goal, 0 MB stacks, 0 MB globals, 16 P
gc 6691 @16.368s 9%: 0.10+0.65+0.093 ms clock, 1.6+0.66/0.96/0.007+1.4 ms cpu, 3->4->2 MB, 4 MB goal, 0 MB stacks, 0 MB globals, 16 P
gc 6692 @16.369s 9%: 0.11+0.73+0.10 ms clock, 1.7+0.59/0.92/0+1.7 ms cpu, 4->4->2 MB, 4 MB goal, 0 MB stacks, 0 MB globals, 16 P
gc 6693 @16.371s 9%: 0.15+0.54+0.17 ms clock, 2.4+0.63/1.0/0+2.8 ms cpu, 4->4->2 MB, 4 MB goal, 0 MB stacks, 0 MB globals, 16 P
gc 6694 @16.373s 9%: 0.17+0.52+0.17 ms clock, 2.7+0.63/1.0/0+2.7 ms cpu, 3->4->2 MB, 4 MB goal, 0 MB stacks, 0 MB globals, 16 P
gc 6695 @16.375s 9%: 0.14+0.60+0.11 ms clock, 2.2+0.66/1.1/0+1.9 ms cpu, 3->4->2 MB, 4 MB goal, 0 MB stacks, 0 MB globals, 16 P
gc 6696 @16.376s 9%: 0.17+0.59+0.16 ms clock, 2.8+0.62/0.97/0+2.6 ms cpu, 4->4->2 MB, 5 MB goal, 0 MB stacks, 0 MB globals, 16 P
gc 6697 @16.378s 9%: 0.094+0.80+0.16 ms clock, 1.5+0.62/1.0/0.009+2.5 ms cpu, 4->5->2 MB, 4 MB goal, 0 MB stacks, 0 MB globals, 16 P
gc 6698 @16.380s 9%: 0.12+0.56+0.18 ms clock, 1.9+0.68/0.89/0.002+2.9 ms cpu, 4->5->2 MB, 5 MB goal, 0 MB stacks, 0 MB globals, 16 P
gc 6699 @16.382s 9%: 0.13+0.65+0.19 ms clock, 2.1+0.58/1.1/0+3.1 ms cpu, 3->4->2 MB, 4 MB goal, 0 MB stacks, 0 MB globals, 16 P
gc 6700 @16.384s 9%: 0.14+0.53+0.20 ms clock, 2.3+0.73/0.90/0+3.3 ms cpu, 4->4->2 MB, 4 MB goal, 0 MB stacks, 0 MB globals, 16 P
gc 6701 @16.385s 9%: 0.15+0.64+0.18 ms clock, 2.4+0.68/1.1/0+2.9 ms cpu, 3->4->2 MB, 4 MB goal, 0 MB stacks, 0 MB globals, 16 P
gc 6702 @16.387s 9%: 0.16+0.66+0.13 ms clock, 2.5+0.71/0.98/0+2.1 ms cpu, 4->4->2 MB, 5 MB goal, 0 MB stacks, 0 MB globals, 16 P
gc 6703 @16.389s 9%: 0.16+0.75+0.092 ms clock, 2.5+0.78/0.93/0+1.4 ms cpu, 3->4->2 MB, 4 MB goal, 0 MB stacks, 0 MB globals, 16 P
gc 6704 @16.391s 9%: 0.18+0.54+0.18 ms clock, 2.9+0.74/0.81/0+2.9 ms cpu, 4->4->2 MB, 5 MB goal, 0 MB stacks, 0 MB globals, 16 P
gc 6705 @16.392s 9%: 0.17+0.64+0.095 ms clock, 2.8+0.57/1.0/0+1.5 ms cpu, 3->4->2 MB, 4 MB goal, 0 MB stacks, 0 MB globals, 16 P
gc 6706 @16.394s 9%: 0.095+0.52+0.16 ms clock, 1.5+0.66/0.90/0.026+2.6 ms cpu, 4->4->2 MB, 5 MB goal, 0 MB stacks, 0 MB globals, 16 P
gc 6707 @16.396s 9%: 0.15+0.73+0.090 ms clock, 2.4+0.55/1.0/0+1.4 ms cpu, 3->4->2 MB, 4 MB goal, 0 MB stacks, 0 MB globals, 16 P
gc 6708 @16.398s 9%: 0.14+0.65+0.21 ms clock, 2.2+0.60/1.0/0.056+3.5 ms cpu, 4->5->2 MB, 4 MB goal, 0 MB stacks, 0 MB globals, 16 P
gc 6709 @16.399s 9%: 0.19+0.67+0.15 ms clock, 3.0+0.45/1.1/0+2.5 ms cpu, 4->5->2 MB, 4 MB goal, 0 MB stacks, 0 MB globals, 16 P
gc 6710 @16.401s 9%: 0.22+0.75+0.13 ms clock, 3.5+0.61/1.1/0+2.2 ms cpu, 4->5->2 MB, 5 MB goal, 0 MB stacks, 0 MB globals, 16 P
gc 6711 @16.404s 9%: 0.12+0.64+0.15 ms clock, 1.9+0.69/1.0/0+2.4 ms cpu, 4->5->2 MB, 5 MB goal, 0 MB stacks, 0 MB globals, 16 P
gc 6712 @16.406s 10%: 0.18+0.83+0.16 ms clock, 2.9+0.82/1.1/0.002+2.6 ms cpu, 4->5->2 MB, 4 MB goal, 0 MB stacks, 0 MB globals, 16 P
gc 6713 @16.408s 10%: 0.12+0.69+0.15 ms clock, 2.0+0.67/0.93/0+2.5 ms cpu, 4->5->2 MB, 5 MB goal, 0 MB stacks, 0 MB globals, 16 P
gc 6714 @16.410s 10%: 0.19+0.73+0.15 ms clock, 3.1+0.72/0.97/0+2.4 ms cpu, 4->4->2 MB, 4 MB goal, 0 MB stacks, 0 MB globals, 16 P
gc 6715 @16.411s 10%: 0.10+0.87+0.087 ms clock, 1.6+0.57/0.97/0+1.4 ms cpu, 4->5->2 MB, 5 MB goal, 0 MB stacks, 0 MB globals, 16 P
gc 6716 @16.413s 10%: 0.16+0.66+0.17 ms clock, 2.6+0.71/0.88/0+2.8 ms cpu, 4->5->2 MB, 5 MB goal, 0 MB stacks, 0 MB globals, 16 P
gc 6717 @16.415s 10%: 0.11+0.77+0.20 ms clock, 1.9+0.63/1.0/0.016+3.2 ms cpu, 4->5->2 MB, 5 MB goal, 0 MB stacks, 0 MB globals, 16 P
gc 6718 @16.417s 10%: 0.18+0.69+0.12 ms clock, 2.9+0.73/1.0/0.039+2.0 ms cpu, 3->4->2 MB, 4 MB goal, 0 MB stacks, 0 MB globals, 16 P
gc 6719 @16.419s 10%: 0.14+0.68+0.10 ms clock, 2.3+0.54/0.91/0.039+1.6 ms cpu, 4->5->2 MB, 5 MB goal, 0 MB stacks, 0 MB globals, 16 P
gc 6720 @16.421s 10%: 0.10+0.73+0.072 ms clock, 1.6+0.42/1.1/0+1.1 ms cpu, 4->5->2 MB, 4 MB goal, 0 MB stacks, 0 MB globals, 16 P
gc 6721 @16.423s 10%: 0.17+0.58+0.21 ms clock, 2.8+0.67/1.0/0+3.3 ms cpu, 4->5->2 MB, 5 MB goal, 0 MB stacks, 0 MB globals, 16 P
gc 6722 @16.425s 10%: 0.11+0.70+0.10 ms clock, 1.8+0.49/1.0/0.020+1.7 ms cpu, 4->4->2 MB, 4 MB goal, 0 MB stacks, 0 MB globals, 16 P
gc 6723 @16.427s 10%: 0.14+0.77+0.13 ms clock, 2.3+0.65/1.0/0+2.1 ms cpu, 4->5->2 MB, 4 MB goal, 0 MB stacks, 0 MB globals, 16 P
gc 6724 @16.429s 10%: 0.11+0.61+0.13 ms clock, 1.8+0.66/0.95/0+2.2 ms cpu, 4->5->2 MB, 5 MB goal, 0 MB stacks, 0 MB globals, 16 P
gc 6725 @16.430s 10%: 0.16+0.59+0.17 ms clock, 2.6+0.72/0.98/0+2.7 ms cpu, 4->4->2 MB, 4 MB goal, 0 MB stacks, 0 MB globals, 16 P
gc 6726 @16.432s 10%: 0.11+0.84+0.083 ms clock, 1.8+0.78/1.4/0.008+1.3 ms cpu, 4->4->2 MB, 4 MB goal, 0 MB stacks, 0 MB globals, 16 P
gc 6727 @16.434s 10%: 0.17+0.73+0.10 ms clock, 2.8+0.62/1.0/0+1.7 ms cpu, 4->5->2 MB, 5 MB goal, 0 MB stacks, 0 MB globals, 16 P
gc 6728 @16.436s 10%: 0.17+0.63+0.15 ms clock, 2.8+0.79/0.94/0+2.4 ms cpu, 4->5->2 MB, 5 MB goal, 0 MB stacks, 0 MB globals, 16 P
gc 6729 @16.438s 10%: 0.11+0.67+0.14 ms clock, 1.8+0.46/1.0/0+2.3 ms cpu, 4->5->2 MB, 5 MB goal, 0 MB stacks, 0 MB globals, 16 P
gc 6730 @16.440s 10%: 0.14+0.65+0.19 ms clock, 2.2+0.75/0.94/0+3.1 ms cpu, 4->4->2 MB, 4 MB goal, 0 MB stacks, 0 MB globals, 16 P
gc 6731 @16.442s 10%: 0.17+0.65+0.18 ms clock, 2.7+0.65/0.92/0+2.9 ms cpu, 3->4->2 MB, 4 MB goal, 0 MB stacks, 0 MB globals, 16 P
gc 6732 @16.443s 10%: 0.15+0.58+0.23 ms clock, 2.4+0.56/0.95/0+3.6 ms cpu, 4->5->2 MB, 5 MB goal, 0 MB stacks, 0 MB globals, 16 P
gc 6733 @16.445s 10%: 0.14+0.74+0.13 ms clock, 2.3+0.63/1.0/0+2.1 ms cpu, 4->4->2 MB, 4 MB goal, 0 MB stacks, 0 MB globals, 16 P
gc 6734 @16.447s 10%: 0.11+0.74+0.088 ms clock, 1.8+0.59/1.0/0+1.4 ms cpu, 4->5->2 MB, 5 MB goal, 0 MB stacks, 0 MB globals, 16 P
gc 6735 @16.449s 10%: 0.11+0.70+0.098 ms clock, 1.7+0.65/0.97/0+1.5 ms cpu, 4->4->2 MB, 4 MB goal, 0 MB stacks, 0 MB globals, 16 P
gc 6736 @16.451s 10%: 0.12+0.76+0.14 ms clock, 1.9+0.63/1.0/0+2.3 ms cpu, 4->5->2 MB, 4 MB goal, 0 MB stacks, 0 MB globals, 16 P
gc 6737 @16.453s 10%: 0.11+0.52+0.13 ms clock, 1.9+0.77/0.90/0+2.1 ms cpu, 4->5->2 MB, 5 MB goal, 0 MB stacks, 0 MB globals, 16 P
gc 6738 @16.454s 10%: 0.18+0.80+0.067 ms clock, 2.9+0.70/0.93/0+1.0 ms cpu, 3->4->2 MB, 4 MB goal, 0 MB stacks, 0 MB globals, 16 P
gc 6739 @16.456s 10%: 0.14+0.54+0.16 ms clock, 2.3+0.60/1.0/0+2.5 ms cpu, 4->5->2 MB, 5 MB goal, 0 MB stacks, 0 MB globals, 16 P
gc 6740 @16.458s 10%: 0.11+0.81+0.13 ms clock, 1.9+0.66/1.1/0+2.1 ms cpu, 3->4->2 MB, 4 MB goal, 0 MB stacks, 0 MB globals, 16 P
gc 6741 @16.460s 10%: 0.13+0.66+0.081 ms clock, 2.0+1.0/0.87/0+1.3 ms cpu, 4->5->2 MB, 5 MB goal, 0 MB stacks, 0 MB globals, 16 P
gc 6742 @16.462s 10%: 0.17+0.77+0.12 ms clock, 2.8+0.88/0.86/0+2.0 ms cpu, 3->4->2 MB, 4 MB goal, 0 MB stacks, 0 MB globals, 16 P
gc 6743 @16.464s 10%: 0.14+0.65+0.10 ms clock, 2.2+0.58/1.0/0+1.6 ms cpu, 4->5->2 MB, 5 MB goal, 0 MB stacks, 0 MB globals, 16 P
gc 6744 @16.465s 10%: 0.15+0.61+0.088 ms clock, 2.4+0.60/1.1/0+1.4 ms cpu, 4->4->2 MB, 4 MB goal, 0 MB stacks, 0 MB globals, 16 P
gc 6745 @16.467s 10%: 0.14+0.65+0.15 ms clock, 2.3+0.73/0.91/0+2.5 ms cpu, 4->4->2 MB, 4 MB goal, 0 MB stacks, 0 MB globals, 16 P
gc 6746 @16.469s 10%: 0.16+0.65+0.074 ms clock, 2.7+0.57/1.0/0+1.1 ms cpu, 4->5->2 MB, 4 MB goal, 0 MB stacks, 0 MB globals, 16 P
gc 6747 @16.471s 10%: 0.11+0.62+0.090 ms clock, 1.8+0.64/1.0/0+1.4 ms cpu, 4->5->2 MB, 5 MB goal, 0 MB stacks, 0 MB globals, 16 P
gc 6748 @16.473s 10%: 0.17+0.53+0.13 ms clock, 2.8+0.57/0.98/0.003+2.1 ms cpu, 3->4->2 MB, 4 MB goal, 0 MB stacks, 0 MB globals, 16 P
gc 6749 @16.474s 10%: 0.13+0.66+0.17 ms clock, 2.1+0.60/1.0/0+2.7 ms cpu, 3->4->2 MB, 4 MB goal, 0 MB stacks, 0 MB globals, 16 P
gc 6750 @16.476s 10%: 0.15+0.60+0.14 ms clock, 2.4+0.87/0.90/0+2.3 ms cpu, 4->4->2 MB, 4 MB goal, 0 MB stacks, 0 MB globals, 16 P
gc 6751 @16.478s 10%: 0.13+0.74+0.16 ms clock, 2.0+0.56/0.99/0+2.5 ms cpu, 4->4->2 MB, 4 MB goal, 0 MB stacks, 0 MB globals, 16 P
gc 6752 @16.480s 10%: 0.11+0.57+0.13 ms clock, 1.7+0.56/0.96/0.022+2.1 ms cpu, 4->5->2 MB, 5 MB goal, 0 MB stacks, 0 MB globals, 16 P
gc 6753 @16.481s 10%: 0.13+0.59+0.19 ms clock, 2.1+0.61/1.0/0+3.0 ms cpu, 3->4->2 MB, 4 MB goal, 0 MB stacks, 0 MB globals, 16 P
gc 6754 @16.483s 10%: 0.17+0.96+0.11 ms clock, 2.8+0.79/0.97/0+1.8 ms cpu, 4->5->2 MB, 4 MB goal, 0 MB stacks, 0 MB globals, 16 P
gc 6755 @16.485s 10%: 0.11+0.56+0.17 ms clock, 1.8+0.56/0.94/0+2.7 ms cpu, 4->5->2 MB, 5 MB goal, 0 MB stacks, 0 MB globals, 16 P
gc 6756 @16.487s 10%: 0.12+0.71+0.17 ms clock, 2.0+0.62/0.93/0+2.8 ms cpu, 3->4->2 MB, 4 MB goal, 0 MB stacks, 0 MB globals, 16 P
gc 6757 @16.489s 10%: 0.12+0.75+0.13 ms clock, 1.9+0.67/1.0/0+2.2 ms cpu, 4->5->2 MB, 5 MB goal, 0 MB stacks, 0 MB globals, 16 P
gc 6758 @16.491s 10%: 0.095+0.69+0.15 ms clock, 1.5+0.53/1.0/0.010+2.4 ms cpu, 4->5->2 MB, 5 MB goal, 0 MB stacks, 0 MB globals, 16 P
gc 6759 @16.493s 10%: 0.12+0.95+0.093 ms clock, 2.0+0.64/0.89/0+1.5 ms cpu, 4->5->2 MB, 4 MB goal, 0 MB stacks, 0 MB globals, 16 P
gc 6760 @16.495s 10%: 0.12+0.55+0.24 ms clock, 1.9+0.50/0.98/0+3.9 ms cpu, 4->5->2 MB, 5 MB goal, 0 MB stacks, 0 MB globals, 16 P
gc 6761 @16.497s 10%: 0.12+0.88+0.090 ms clock, 1.9+0.73/1.0/0+1.4 ms cpu, 3->5->2 MB, 4 MB goal, 0 MB stacks, 0 MB globals, 16 P
gc 6762 @16.499s 10%: 0.15+0.63+0.22 ms clock, 2.4+0.63/1.0/0+3.6 ms cpu, 4->5->2 MB, 5 MB goal, 0 MB stacks, 0 MB globals, 16 P
gc 6763 @16.501s 10%: 0.15+0.71+0.14 ms clock, 2.4+0.62/0.97/0+2.3 ms cpu, 3->4->2 MB, 4 MB goal, 0 MB stacks, 0 MB globals, 16 P
gc 6764 @16.503s 10%: 0.11+0.71+0.17 ms clock, 1.7+0.45/1.0/0+2.7 ms cpu, 4->5->2 MB, 5 MB goal, 0 MB stacks, 0 MB globals, 16 P
gc 6765 @16.504s 10%: 0.15+0.59+0.19 ms clock, 2.5+0.70/1.0/0+3.1 ms cpu, 4->4->2 MB, 4 MB goal, 0 MB stacks, 0 MB globals, 16 P
gc 6766 @16.506s 10%: 0.16+0.59+0.14 ms clock, 2.7+0.70/1.0/0.047+2.3 ms cpu, 4->4->2 MB, 4 MB goal, 0 MB stacks, 0 MB globals, 16 P
gc 6767 @16.508s 10%: 0.12+0.69+0.085 ms clock, 2.0+0.66/1.0/0+1.3 ms cpu, 3->4->2 MB, 4 MB goal, 0 MB stacks, 0 MB globals, 16 P
gc 6768 @16.510s 10%: 0.12+0.63+0.15 ms clock, 1.9+0.58/1.0/0+2.4 ms cpu, 4->4->2 MB, 4 MB goal, 0 MB stacks, 0 MB globals, 16 P
gc 6769 @16.511s 10%: 0.13+0.84+0.077 ms clock, 2.1+0.54/1.1/0+1.2 ms cpu, 4->4->2 MB, 4 MB goal, 0 MB stacks, 0 MB globals, 16 P
gc 6770 @16.513s 10%: 0.16+0.67+0.14 ms clock, 2.5+0.86/0.92/0+2.3 ms cpu, 4->5->2 MB, 5 MB goal, 0 MB stacks, 0 MB globals, 16 P
gc 6771 @16.515s 10%: 0.16+1.0+0.098 ms clock, 2.5+0.89/1.3/0+1.5 ms cpu, 4->5->2 MB, 4 MB goal, 0 MB stacks, 0 MB globals, 16 P
gc 6772 @16.517s 10%: 0.094+0.63+0.19 ms clock, 1.5+0.59/1.0/0+3.0 ms cpu, 4->5->2 MB, 5 MB goal, 0 MB stacks, 0 MB globals, 16 P
gc 6773 @16.519s 10%: 0.11+0.56+0.17 ms clock, 1.8+0.74/0.96/0.003+2.7 ms cpu, 4->4->2 MB, 4 MB goal, 0 MB stacks, 0 MB globals, 16 P
gc 6774 @16.521s 10%: 0.13+0.93+0.10 ms clock, 2.0+0.79/0.94/0+1.7 ms cpu, 4->5->2 MB, 4 MB goal, 0 MB stacks, 0 MB globals, 16 P
gc 6775 @16.523s 10%: 0.13+0.79+0.10 ms clock, 2.1+0.94/0.99/0+1.6 ms cpu, 4->5->2 MB, 5 MB goal, 0 MB stacks, 0 MB globals, 16 P
gc 6776 @16.525s 10%: 0.13+0.69+0.12 ms clock, 2.0+0.78/0.88/0+2.0 ms cpu, 4->5->2 MB, 5 MB goal, 0 MB stacks, 0 MB globals, 16 P
gc 6777 @16.527s 10%: 0.14+0.58+0.16 ms clock, 2.2+0.69/0.95/0+2.6 ms cpu, 4->4->2 MB, 5 MB goal, 0 MB stacks, 0 MB globals, 16 P
gc 6778 @16.529s 10%: 0.19+0.64+0.16 ms clock, 3.0+0.81/0.92/0+2.6 ms cpu, 4->5->2 MB, 4 MB goal, 0 MB stacks, 0 MB globals, 16 P
gc 6779 @16.531s 10%: 0.13+0.59+0.13 ms clock, 2.2+0.58/0.98/0+2.1 ms cpu, 4->5->2 MB, 5 MB goal, 0 MB stacks, 0 MB globals, 16 P
gc 6780 @16.532s 10%: 0.17+0.61+0.14 ms clock, 2.8+0.58/1.0/0+2.3 ms cpu, 3->4->2 MB, 4 MB goal, 0 MB stacks, 0 MB globals, 16 P
gc 6781 @16.534s 10%: 0.19+0.72+0.10 ms clock, 3.1+0.65/1.0/0+1.7 ms cpu, 3->4->2 MB, 4 MB goal, 0 MB stacks, 0 MB globals, 16 P
gc 6782 @16.536s 10%: 0.14+0.71+0.13 ms clock, 2.3+0.85/0.90/0+2.1 ms cpu, 4->5->2 MB, 5 MB goal, 0 MB stacks, 0 MB globals, 16 P
gc 6783 @16.538s 10%: 0.13+0.61+0.11 ms clock, 2.2+0.77/0.82/0+1.9 ms cpu, 4->4->2 MB, 5 MB goal, 0 MB stacks, 0 MB globals, 16 P
gc 6784 @16.539s 10%: 0.14+0.54+0.20 ms clock, 2.2+0.65/1.0/0.015+3.3 ms cpu, 3->4->2 MB, 4 MB goal, 0 MB stacks, 0 MB globals, 16 P
gc 6785 @16.541s 10%: 0.15+0.69+0.13 ms clock, 2.4+0.81/0.94/0+2.1 ms cpu, 3->4->2 MB, 4 MB goal, 0 MB stacks, 0 MB globals, 16 P
gc 6786 @16.543s 10%: 0.14+0.89+0.12 ms clock, 2.2+0.86/0.94/0+2.0 ms cpu, 4->5->2 MB, 4 MB goal, 0 MB stacks, 0 MB globals, 16 P
gc 6787 @16.545s 10%: 0.17+0.61+0.18 ms clock, 2.7+0.69/0.98/0+2.9 ms cpu, 4->5->2 MB, 5 MB goal, 0 MB stacks, 0 MB globals, 16 P
gc 6788 @16.547s 10%: 0.12+0.69+0.15 ms clock, 2.0+0.53/0.94/0.013+2.4 ms cpu, 4->4->2 MB, 4 MB goal, 0 MB stacks, 0 MB globals, 16 P
gc 6789 @16.549s 10%: 0.20+0.60+0.16 ms clock, 3.3+0.63/1.0/0+2.5 ms cpu, 4->5->2 MB, 4 MB goal, 0 MB stacks, 0 MB globals, 16 P
gc 6790 @16.550s 10%: 0.17+0.85+0.15 ms clock, 2.7+0.71/1.1/0+2.4 ms cpu, 4->5->2 MB, 5 MB goal, 0 MB stacks, 0 MB globals, 16 P
gc 6791 @16.553s 10%: 0.11+0.74+0.074 ms clock, 1.8+0.71/0.82/0.038+1.1 ms cpu, 4->5->2 MB, 5 MB goal, 0 MB stacks, 0 MB globals, 16 P
gc 6792 @16.554s 10%: 0.12+0.71+0.17 ms clock, 2.0+0.60/1.0/0+2.7 ms cpu, 4->5->2 MB, 4 MB goal, 0 MB stacks, 0 MB globals, 16 P
gc 6793 @16.556s 10%: 0.10+0.89+0.10 ms clock, 1.7+0.56/0.95/0.064+1.6 ms cpu, 4->5->2 MB, 5 MB goal, 0 MB stacks, 0 MB globals, 16 P
gc 6794 @16.559s 10%: 0.16+0.62+0.17 ms clock, 2.5+0.60/0.94/0+2.8 ms cpu, 4->5->2 MB, 5 MB goal, 0 MB stacks, 0 MB globals, 16 P
gc 6795 @16.560s 10%: 0.19+0.71+0.13 ms clock, 3.1+0.83/0.95/0+2.1 ms cpu, 3->4->2 MB, 4 MB goal, 0 MB stacks, 0 MB globals, 16 P
gc 6796 @16.562s 10%: 0.11+0.70+0.14 ms clock, 1.8+0.65/0.90/0+2.2 ms cpu, 4->5->2 MB, 5 MB goal, 0 MB stacks, 0 MB globals, 16 P
gc 6797 @16.564s 10%: 0.13+0.65+0.20 ms clock, 2.1+0.67/1.1/0+3.3 ms cpu, 4->4->2 MB, 4 MB goal, 0 MB stacks, 0 MB globals, 16 P
gc 6798 @16.566s 10%: 0.10+0.69+0.084 ms clock, 1.7+0.53/0.93/0+1.3 ms cpu, 4->5->2 MB, 5 MB goal, 0 MB stacks, 0 MB globals, 16 P
gc 6799 @16.568s 10%: 0.13+0.71+0.13 ms clock, 2.2+0.64/0.99/0.001+2.2 ms cpu, 4->4->2 MB, 4 MB goal, 0 MB stacks, 0 MB globals, 16 P
gc 6800 @16.570s 10%: 0.11+0.68+0.17 ms clock, 1.8+0.59/0.96/0+2.7 ms cpu, 4->4->2 MB, 4 MB goal, 0 MB stacks, 0 MB globals, 16 P
gc 6801 @16.571s 10%: 0.14+0.73+0.17 ms clock, 2.3+0.70/1.1/0+2.8 ms cpu, 4->5->2 MB, 4 MB goal, 0 MB stacks, 0 MB globals, 16 P
gc 6802 @16.573s 10%: 0.13+0.55+0.11 ms clock, 2.2+0.72/1.0/0+1.8 ms cpu, 4->5->2 MB, 5 MB goal, 0 MB stacks, 0 MB globals, 16 P
gc 6803 @16.575s 10%: 0.11+0.66+0.17 ms clock, 1.8+0.61/0.96/0.003+2.8 ms cpu, 3->4->2 MB, 4 MB goal, 0 MB stacks, 0 MB globals, 16 P
gc 6804 @16.577s 10%: 0.097+0.71+0.12 ms clock, 1.5+0.49/0.95/0+1.9 ms cpu, 4->4->2 MB, 4 MB goal, 0 MB stacks, 0 MB globals, 16 P
gc 6805 @16.579s 10%: 0.12+0.75+0.11 ms clock, 2.0+0.86/1.1/0+1.8 ms cpu, 3->5->2 MB, 4 MB goal, 0 MB stacks, 0 MB globals, 16 P
gc 6806 @16.581s 10%: 0.12+0.49+0.14 ms clock, 1.9+0.64/0.91/0+2.3 ms cpu, 4->5->1 MB, 5 MB goal, 0 MB stacks, 0 MB globals, 16 P
gc 6807 @16.582s 10%: 0.12+0.68+0.086 ms clock, 2.0+0.65/0.97/0+1.3 ms cpu, 3->4->2 MB, 4 MB goal, 0 MB stacks, 0 MB globals, 16 P
gc 6808 @16.584s 10%: 0.13+0.57+0.15 ms clock, 2.1+0.65/0.89/0+2.5 ms cpu, 4->4->2 MB, 4 MB goal, 0 MB stacks, 0 MB globals, 16 P
gc 6809 @16.585s 10%: 0.15+0.54+0.13 ms clock, 2.4+0.71/0.85/0+2.1 ms cpu, 3->4->2 MB, 4 MB goal, 0 MB stacks, 0 MB globals, 16 P
gc 6810 @16.587s 10%: 0.14+0.69+0.19 ms clock, 2.3+0.63/0.89/0+3.1 ms cpu, 3->4->2 MB, 4 MB goal, 0 MB stacks, 0 MB globals, 16 P
gc 6811 @16.589s 10%: 0.18+0.75+0.080 ms clock, 2.9+0.71/1.0/0+1.2 ms cpu, 4->5->2 MB, 4 MB goal, 0 MB stacks, 0 MB globals, 16 P
gc 6812 @16.591s 10%: 0.078+0.58+0.19 ms clock, 1.2+0.66/0.99/0.082+3.1 ms cpu, 4->5->2 MB, 5 MB goal, 0 MB stacks, 0 MB globals, 16 P
gc 6813 @16.592s 10%: 0.13+0.96+0.055 ms clock, 2.1+0.72/1.1/0.001+0.89 ms cpu, 3->5->2 MB, 4 MB goal, 0 MB stacks, 0 MB globals, 16 P
gc 6814 @16.595s 10%: 0.12+0.57+0.15 ms clock, 2.0+0.55/1.0/0+2.5 ms cpu, 4->5->2 MB, 5 MB goal, 0 MB stacks, 0 MB globals, 16 P
gc 6815 @16.597s 10%: 0.12+0.49+0.18 ms clock, 1.9+0.76/0.76/0.038+2.9 ms cpu, 3->4->2 MB, 4 MB goal, 0 MB stacks, 0 MB globals, 16 P
gc 6816 @16.598s 10%: 0.15+0.68+0.20 ms clock, 2.4+0.77/0.92/0+3.2 ms cpu, 3->4->2 MB, 4 MB goal, 0 MB stacks, 0 MB globals, 16 P
gc 6817 @16.600s 10%: 0.13+0.57+0.11 ms clock, 2.1+0.61/0.91/0+1.8 ms cpu, 4->5->2 MB, 5 MB goal, 0 MB stacks, 0 MB globals, 16 P
gc 6818 @16.602s 10%: 0.16+0.61+0.067 ms clock, 2.6+0.58/0.92/0.005+1.0 ms cpu, 3->4->2 MB, 4 MB goal, 0 MB stacks, 0 MB globals, 16 P
gc 6819 @16.603s 10%: 0.22+0.68+0.14 ms clock, 3.5+0.62/1.0/0+2.2 ms cpu, 3->4->2 MB, 4 MB goal, 0 MB stacks, 0 MB globals, 16 P
gc 6820 @16.605s 10%: 0.090+0.67+0.078 ms clock, 1.4+0.67/1.0/0+1.2 ms cpu, 4->5->2 MB, 5 MB goal, 0 MB stacks, 0 MB globals, 16 P
gc 6821 @16.607s 10%: 0.13+0.72+0.10 ms clock, 2.1+0.57/0.91/0+1.6 ms cpu, 4->5->2 MB, 4 MB goal, 0 MB stacks, 0 MB globals, 16 P
gc 6822 @16.609s 10%: 0.10+0.57+0.18 ms clock, 1.7+0.72/0.85/0.044+3.0 ms cpu, 4->4->2 MB, 5 MB goal, 0 MB stacks, 0 MB globals, 16 P
gc 6823 @16.611s 10%: 0.10+0.70+0.16 ms clock, 1.7+0.54/0.85/0.12+2.5 ms cpu, 3->4->2 MB, 4 MB goal, 0 MB stacks, 0 MB globals, 16 P
gc 6824 @16.612s 10%: 0.13+0.81+0.13 ms clock, 2.1+0.79/0.94/0+2.1 ms cpu, 4->4->2 MB, 4 MB goal, 0 MB stacks, 0 MB globals, 16 P
gc 6825 @16.614s 10%: 0.14+0.71+0.21 ms clock, 2.2+0.53/0.94/0+3.4 ms cpu, 4->5->2 MB, 5 MB goal, 0 MB stacks, 0 MB globals, 16 P
gc 6826 @16.616s 10%: 0.12+0.61+0.22 ms clock, 2.0+0.74/0.96/0.010+3.5 ms cpu, 4->5->2 MB, 5 MB goal, 0 MB stacks, 0 MB globals, 16 P
gc 6827 @16.618s 10%: 0.14+0.65+0.14 ms clock, 2.2+0.59/0.94/0+2.2 ms cpu, 4->4->2 MB, 4 MB goal, 0 MB stacks, 0 MB globals, 16 P
gc 6828 @16.620s 10%: 0.13+0.71+0.10 ms clock, 2.0+0.65/0.94/0+1.7 ms cpu, 4->4->2 MB, 4 MB goal, 0 MB stacks, 0 MB globals, 16 P
gc 6829 @16.622s 10%: 0.10+0.69+0.074 ms clock, 1.7+0.63/0.86/0.005+1.1 ms cpu, 4->5->2 MB, 5 MB goal, 0 MB stacks, 0 MB globals, 16 P
gc 6830 @16.623s 10%: 0.14+0.95+0.097 ms clock, 2.2+0.73/1.0/0+1.5 ms cpu, 4->5->2 MB, 5 MB goal, 0 MB stacks, 0 MB globals, 16 P
gc 6831 @16.626s 10%: 0.15+0.65+0.12 ms clock, 2.5+0.57/1.0/0+2.0 ms cpu, 4->5->2 MB, 5 MB goal, 0 MB stacks, 0 MB globals, 16 P
gc 6832 @16.627s 10%: 0.099+0.50+0.14 ms clock, 1.5+0.56/1.0/0+2.3 ms cpu, 4->4->2 MB, 4 MB goal, 0 MB stacks, 0 MB globals, 16 P
gc 6833 @16.629s 10%: 0.14+0.58+0.12 ms clock, 2.3+0.70/1.0/0+2.0 ms cpu, 3->4->2 MB, 4 MB goal, 0 MB stacks, 0 MB globals, 16 P
gc 6834 @16.631s 10%: 0.16+0.58+0.10 ms clock, 2.6+0.73/1.0/0+1.7 ms cpu, 4->4->2 MB, 4 MB goal, 0 MB stacks, 0 MB globals, 16 P
gc 6835 @16.632s 10%: 0.12+0.75+0.13 ms clock, 1.9+0.70/1.2/0.003+2.1 ms cpu, 4->5->2 MB, 4 MB goal, 0 MB stacks, 0 MB globals, 16 P
gc 6836 @16.634s 10%: 0.11+0.64+0.10 ms clock, 1.8+0.71/0.84/0+1.7 ms cpu, 4->5->2 MB, 5 MB goal, 0 MB stacks, 0 MB globals, 16 P
gc 6837 @16.636s 10%: 0.097+0.66+0.089 ms clock, 1.5+0.61/0.91/0+1.4 ms cpu, 3->4->2 MB, 4 MB goal, 0 MB stacks, 0 MB globals, 16 P
gc 6838 @16.638s 10%: 0.10+0.70+0.10 ms clock, 1.6+0.53/0.85/0+1.6 ms cpu, 4->4->2 MB, 4 MB goal, 0 MB stacks, 0 MB globals, 16 P
gc 6839 @16.639s 10%: 0.11+0.57+0.11 ms clock, 1.8+0.72/0.90/0+1.8 ms cpu, 4->4->2 MB, 4 MB goal, 0 MB stacks, 0 MB globals, 16 P
gc 6840 @16.641s 10%: 0.12+0.56+0.13 ms clock, 1.9+0.68/0.95/0+2.1 ms cpu, 3->4->2 MB, 4 MB goal, 0 MB stacks, 0 MB globals, 16 P
gc 6841 @16.643s 10%: 0.11+0.64+0.078 ms clock, 1.8+0.55/0.92/0.019+1.2 ms cpu, 4->4->2 MB, 4 MB goal, 0 MB stacks, 0 MB globals, 16 P
gc 6842 @16.644s 10%: 0.11+0.63+0.18 ms clock, 1.7+0.52/1.0/0+2.8 ms cpu, 3->4->2 MB, 4 MB goal, 0 MB stacks, 0 MB globals, 16 P
gc 6843 @16.646s 10%: 0.16+0.59+0.13 ms clock, 2.6+0.52/1.0/0+2.2 ms cpu, 4->4->2 MB, 4 MB goal, 0 MB stacks, 0 MB globals, 16 P
gc 6844 @16.648s 10%: 0.13+0.69+0.18 ms clock, 2.2+0.56/0.97/0+2.9 ms cpu, 4->4->2 MB, 4 MB goal, 0 MB stacks, 0 MB globals, 16 P
gc 6845 @16.650s 10%: 0.18+0.77+0.10 ms clock, 2.8+0.75/0.95/0+1.6 ms cpu, 3->5->2 MB, 4 MB goal, 0 MB stacks, 0 MB globals, 16 P
gc 6846 @16.652s 10%: 0.10+0.64+0.18 ms clock, 1.6+0.54/1.0/0+2.9 ms cpu, 4->5->2 MB, 5 MB goal, 0 MB stacks, 0 MB globals, 16 P
gc 6847 @16.654s 10%: 0.11+0.61+0.17 ms clock, 1.8+0.66/1.0/0.007+2.7 ms cpu, 4->4->2 MB, 4 MB goal, 0 MB stacks, 0 MB globals, 16 P
gc 6848 @16.655s 10%: 0.13+0.57+0.18 ms clock, 2.0+0.72/1.0/0+2.9 ms cpu, 4->4->2 MB, 4 MB goal, 0 MB stacks, 0 MB globals, 16 P
gc 6849 @16.657s 10%: 0.10+0.65+0.19 ms clock, 1.7+0.63/1.0/0.029+3.1 ms cpu, 4->4->2 MB, 4 MB goal, 0 MB stacks, 0 MB globals, 16 P
gc 6850 @16.659s 10%: 0.10+0.65+0.092 ms clock, 1.7+0.41/1.0/0+1.4 ms cpu, 4->4->2 MB, 4 MB goal, 0 MB stacks, 0 MB globals, 16 P
gc 6851 @16.661s 10%: 0.10+0.68+0.15 ms clock, 1.6+0.54/0.88/0+2.5 ms cpu, 4->4->2 MB, 4 MB goal, 0 MB stacks, 0 MB globals, 16 P
gc 6852 @16.662s 10%: 0.14+0.78+0.073 ms clock, 2.3+0.77/0.94/0+1.1 ms cpu, 3->4->2 MB, 4 MB goal, 0 MB stacks, 0 MB globals, 16 P
gc 6853 @16.664s 10%: 0.13+0.75+0.13 ms clock, 2.0+0.60/1.0/0.023+2.1 ms cpu, 4->5->2 MB, 5 MB goal, 0 MB stacks, 0 MB globals, 16 P
gc 6854 @16.666s 10%: 0.11+0.78+0.10 ms clock, 1.7+0.59/1.0/0.001+1.7 ms cpu, 4->5->2 MB, 5 MB goal, 0 MB stacks, 0 MB globals, 16 P
gc 6855 @16.668s 10%: 0.11+0.61+0.12 ms clock, 1.8+0.56/1.0/0.022+1.9 ms cpu, 4->5->2 MB, 5 MB goal, 0 MB stacks, 0 MB globals, 16 P
gc 6856 @16.670s 10%: 0.18+0.72+0.079 ms clock, 3.0+0.66/0.95/0+1.2 ms cpu, 4->4->2 MB, 4 MB goal, 0 MB stacks, 0 MB globals, 16 P
gc 6857 @16.672s 10%: 0.16+0.85+0.21 ms clock, 2.5+0.73/1.0/0.083+3.3 ms cpu, 4->5->2 MB, 5 MB goal, 0 MB stacks, 0 MB globals, 16 P
gc 6858 @16.674s 10%: 0.10+0.55+0.15 ms clock, 1.6+0.52/1.0/0+2.5 ms cpu, 4->5->2 MB, 5 MB goal, 0 MB stacks, 0 MB globals, 16 P
gc 6859 @16.676s 10%: 0.12+0.61+0.11 ms clock, 2.0+0.62/1.1/0+1.7 ms cpu, 3->4->2 MB, 4 MB goal, 0 MB stacks, 0 MB globals, 16 P
gc 6860 @16.678s 10%: 0.10+0.69+0.17 ms clock, 1.6+0.47/1.0/0.001+2.7 ms cpu, 4->5->2 MB, 4 MB goal, 0 MB stacks, 0 MB globals, 16 P
gc 6861 @16.679s 10%: 0.10+0.87+0.11 ms clock, 1.6+0.84/1.2/0+1.8 ms cpu, 4->5->2 MB, 4 MB goal, 0 MB stacks, 0 MB globals, 16 P
gc 6862 @16.682s 10%: 0.18+0.64+0.19 ms clock, 2.9+0.66/1.0/0+3.1 ms cpu, 4->5->2 MB, 5 MB goal, 0 MB stacks, 0 MB globals, 16 P
gc 6863 @16.683s 10%: 0.14+0.66+0.13 ms clock, 2.2+0.58/0.83/0.14+2.2 ms cpu, 4->4->2 MB, 4 MB goal, 0 MB stacks, 0 MB globals, 16 P
gc 6864 @16.685s 10%: 0.12+0.61+0.097 ms clock, 2.0+0.55/1.0/0+1.5 ms cpu, 4->4->2 MB, 4 MB goal, 0 MB stacks, 0 MB globals, 16 P
gc 6865 @16.687s 10%: 0.14+0.54+0.19 ms clock, 2.2+0.58/0.98/0.042+3.1 ms cpu, 4->4->2 MB, 4 MB goal, 0 MB stacks, 0 MB globals, 16 P
gc 6866 @16.688s 10%: 0.16+0.71+0.043 ms clock, 2.6+0.67/0.92/0+0.69 ms cpu, 3->4->2 MB, 4 MB goal, 0 MB stacks, 0 MB globals, 16 P
gc 6867 @16.690s 10%: 0.10+1.0+0.089 ms clock, 1.6+0.57/1.0/0+1.4 ms cpu, 4->5->2 MB, 5 MB goal, 0 MB stacks, 0 MB globals, 16 P
gc 6868 @16.693s 10%: 0.14+0.97+0.060 ms clock, 2.2+0.53/1.1/0.004+0.96 ms cpu, 4->5->2 MB, 5 MB goal, 0 MB stacks, 0 MB globals, 16 P
gc 6869 @16.695s 10%: 0.11+0.72+0.12 ms clock, 1.8+0.53/1.0/0.070+2.0 ms cpu, 4->5->2 MB, 5 MB goal, 0 MB stacks, 0 MB globals, 16 P
gc 6870 @16.697s 10%: 0.20+0.87+0.14 ms clock, 3.3+0.79/0.95/0+2.3 ms cpu, 4->5->2 MB, 5 MB goal, 0 MB stacks, 0 MB globals, 16 P
gc 6871 @16.699s 10%: 0.19+0.71+0.15 ms clock, 3.0+0.65/1.0/0.013+2.4 ms cpu, 4->5->2 MB, 5 MB goal, 0 MB stacks, 0 MB globals, 16 P
gc 6872 @16.701s 10%: 0.11+0.66+0.12 ms clock, 1.7+0.54/1.0/0.006+2.0 ms cpu, 4->5->2 MB, 5 MB goal, 0 MB stacks, 0 MB globals, 16 P
gc 6873 @16.703s 10%: 0.14+0.83+0.071 ms clock, 2.3+0.68/0.87/0+1.1 ms cpu, 4->5->2 MB, 4 MB goal, 0 MB stacks, 0 MB globals, 16 P
gc 6874 @16.705s 10%: 0.11+0.85+0.16 ms clock, 1.8+0.74/1.0/0+2.5 ms cpu, 4->5->2 MB, 5 MB goal, 0 MB stacks, 0 MB globals, 16 P
gc 6875 @16.708s 10%: 0.14+0.78+0.12 ms clock, 2.2+0.57/1.3/0+1.9 ms cpu, 4->5->2 MB, 5 MB goal, 0 MB stacks, 0 MB globals, 16 P
gc 6876 @16.710s 10%: 0.092+0.58+0.18 ms clock, 1.4+0.48/1.0/0+2.8 ms cpu, 4->5->2 MB, 5 MB goal, 0 MB stacks, 0 MB globals, 16 P
gc 6877 @16.711s 10%: 0.20+0.76+0.12 ms clock, 3.3+0.70/1.0/0+1.9 ms cpu, 3->4->2 MB, 4 MB goal, 0 MB stacks, 0 MB globals, 16 P
gc 6878 @16.713s 10%: 0.12+0.98+0.10 ms clock, 2.0+0.59/0.99/0.053+1.6 ms cpu, 4->5->2 MB, 5 MB goal, 0 MB stacks, 0 MB globals, 16 P
gc 6879 @16.716s 10%: 0.14+0.74+0.11 ms clock, 2.3+0.61/0.95/0+1.9 ms cpu, 4->5->2 MB, 5 MB goal, 0 MB stacks, 0 MB globals, 16 P
gc 6880 @16.718s 10%: 0.15+0.79+0.079 ms clock, 2.4+0.63/0.98/0+1.2 ms cpu, 4->5->2 MB, 5 MB goal, 0 MB stacks, 0 MB globals, 16 P
gc 6881 @16.720s 10%: 0.22+0.60+0.13 ms clock, 3.6+0.67/1.0/0+2.1 ms cpu, 4->5->2 MB, 5 MB goal, 0 MB stacks, 0 MB globals, 16 P
gc 6882 @16.722s 10%: 0.20+0.62+0.15 ms clock, 3.3+0.56/0.84/0+2.4 ms cpu, 4->4->2 MB, 5 MB goal, 0 MB stacks, 0 MB globals, 16 P
gc 6883 @16.723s 10%: 0.20+1.2+0.087 ms clock, 3.3+0.77/0.98/0+1.4 ms cpu, 3->5->2 MB, 4 MB goal, 0 MB stacks, 0 MB globals, 16 P
gc 6884 @16.726s 10%: 0.10+0.71+0.19 ms clock, 1.6+0.68/0.92/0.013+3.0 ms cpu, 5->6->2 MB, 6 MB goal, 0 MB stacks, 0 MB globals, 16 P
gc 6885 @16.728s 10%: 0.10+0.75+0.097 ms clock, 1.7+0.69/1.0/0+1.5 ms cpu, 4->5->2 MB, 4 MB goal, 0 MB stacks, 0 MB globals, 16 P
gc 6886 @16.730s 10%: 0.12+0.82+0.11 ms clock, 2.0+0.87/1.0/0+1.8 ms cpu, 4->5->2 MB, 5 MB goal, 0 MB stacks, 0 MB globals, 16 P
gc 6887 @16.732s 10%: 0.11+0.67+0.095 ms clock, 1.8+0.61/1.0/0.005+1.5 ms cpu, 4->5->2 MB, 5 MB goal, 0 MB stacks, 0 MB globals, 16 P
gc 6888 @16.733s 10%: 0.12+0.57+0.12 ms clock, 1.9+0.66/0.96/0+2.0 ms cpu, 4->4->2 MB, 4 MB goal, 0 MB stacks, 0 MB globals, 16 P
gc 6889 @16.735s 10%: 0.12+0.58+0.19 ms clock, 1.9+0.76/0.89/0+3.0 ms cpu, 3->4->2 MB, 4 MB goal, 0 MB stacks, 0 MB globals, 16 P
gc 6890 @16.737s 10%: 0.17+0.73+0.11 ms clock, 2.7+0.75/0.90/0+1.7 ms cpu, 3->4->2 MB, 4 MB goal, 0 MB stacks, 0 MB globals, 16 P
gc 6891 @16.738s 10%: 0.11+0.79+0.15 ms clock, 1.8+0.48/1.2/0.006+2.4 ms cpu, 4->5->2 MB, 5 MB goal, 0 MB stacks, 0 MB globals, 16 P
gc 6892 @16.741s 10%: 0.092+0.59+0.10 ms clock, 1.4+0.61/0.96/0+1.6 ms cpu, 4->5->2 MB, 5 MB goal, 0 MB stacks, 0 MB globals, 16 P
gc 6893 @16.742s 10%: 0.12+0.58+0.13 ms clock, 1.9+0.68/0.85/0.002+2.1 ms cpu, 3->4->2 MB, 4 MB goal, 0 MB stacks, 0 MB globals, 16 P
gc 6894 @16.744s 10%: 0.13+0.54+0.17 ms clock, 2.1+0.52/0.90/0+2.8 ms cpu, 4->4->2 MB, 4 MB goal, 0 MB stacks, 0 MB globals, 16 P
gc 6895 @16.745s 10%: 0.16+0.79+0.11 ms clock, 2.6+0.67/0.80/0+1.7 ms cpu, 3->4->2 MB, 4 MB goal, 0 MB stacks, 0 MB globals, 16 P
gc 6896 @16.748s 10%: 0.11+0.71+0.11 ms clock, 1.7+0.42/1.0/0+1.8 ms cpu, 4->5->2 MB, 5 MB goal, 0 MB stacks, 0 MB globals, 16 P
gc 6897 @16.749s 10%: 0.14+0.87+0.056 ms clock, 2.3+0.62/0.98/0.028+0.90 ms cpu, 4->5->2 MB, 5 MB goal, 0 MB stacks, 0 MB globals, 16 P
gc 6898 @16.751s 10%: 0.11+0.70+0.11 ms clock, 1.8+0.71/1.0/0.051+1.8 ms cpu, 4->5->2 MB, 5 MB goal, 0 MB stacks, 0 MB globals, 16 P
gc 6899 @16.753s 10%: 0.23+0.77+0.097 ms clock, 3.8+0.47/0.95/0+1.5 ms cpu, 4->5->2 MB, 5 MB goal, 0 MB stacks, 0 MB globals, 16 P
gc 6900 @16.755s 10%: 0.10+0.71+0.14 ms clock, 1.7+0.60/1.0/0.002+2.3 ms cpu, 4->5->2 MB, 5 MB goal, 0 MB stacks, 0 MB globals, 16 P
gc 6901 @16.757s 10%: 0.082+0.80+0.064 ms clock, 1.3+0.64/0.95/0.017+1.0 ms cpu, 4->5->2 MB, 5 MB goal, 0 MB stacks, 0 MB globals, 16 P
gc 6902 @16.759s 10%: 0.11+0.63+0.18 ms clock, 1.7+0.66/0.94/0.005+2.9 ms cpu, 4->5->2 MB, 5 MB goal, 0 MB stacks, 0 MB globals, 16 P
gc 6903 @16.761s 10%: 0.18+0.60+0.13 ms clock, 2.9+0.60/0.88/0+2.1 ms cpu, 4->4->2 MB, 4 MB goal, 0 MB stacks, 0 MB globals, 16 P
gc 6904 @16.763s 10%: 0.092+0.56+0.16 ms clock, 1.4+0.62/0.99/0.037+2.6 ms cpu, 4->4->2 MB, 4 MB goal, 0 MB stacks, 0 MB globals, 16 P
gc 6905 @16.765s 10%: 0.12+0.58+0.16 ms clock, 1.9+0.72/0.91/0.024+2.6 ms cpu, 3->4->2 MB, 4 MB goal, 0 MB stacks, 0 MB globals, 16 P
gc 6906 @16.766s 10%: 0.21+0.62+0.099 ms clock, 3.4+0.62/1.1/0+1.5 ms cpu, 4->4->2 MB, 4 MB goal, 0 MB stacks, 0 MB globals, 16 P
gc 6907 @16.768s 10%: 0.10+0.74+0.17 ms clock, 1.7+0.74/1.0/0+2.8 ms cpu, 4->5->2 MB, 5 MB goal, 0 MB stacks, 0 MB globals, 16 P
gc 6908 @16.770s 10%: 0.20+0.72+0.18 ms clock, 3.2+0.73/1.0/0+2.9 ms cpu, 4->5->2 MB, 4 MB goal, 0 MB stacks, 0 MB globals, 16 P
gc 6909 @16.772s 10%: 0.10+0.72+0.13 ms clock, 1.7+0.58/1.1/0+2.1 ms cpu, 4->5->2 MB, 5 MB goal, 0 MB stacks, 0 MB globals, 16 P
gc 6910 @16.774s 10%: 0.11+0.67+0.21 ms clock, 1.8+0.66/1.0/0+3.4 ms cpu, 4->5->2 MB, 5 MB goal, 0 MB stacks, 0 MB globals, 16 P
gc 6911 @16.776s 10%: 0.11+0.54+0.20 ms clock, 1.8+0.44/1.0/0+3.2 ms cpu, 4->5->2 MB, 5 MB goal, 0 MB stacks, 0 MB globals, 16 P
gc 6912 @16.778s 10%: 0.13+0.72+0.071 ms clock, 2.1+0.80/1.0/0+1.1 ms cpu, 3->4->2 MB, 4 MB goal, 0 MB stacks, 0 MB globals, 16 P
gc 6913 @16.780s 10%: 0.12+0.61+0.23 ms clock, 1.9+0.71/0.94/0+3.7 ms cpu, 4->5->2 MB, 5 MB goal, 0 MB stacks, 0 MB globals, 16 P
gc 6914 @16.781s 10%: 0.11+0.66+0.12 ms clock, 1.8+0.59/1.0/0+2.0 ms cpu, 4->4->2 MB, 4 MB goal, 0 MB stacks, 0 MB globals, 16 P
gc 6915 @16.783s 10%: 0.10+0.59+0.15 ms clock, 1.6+0.58/0.94/0+2.5 ms cpu, 4->4->2 MB, 4 MB goal, 0 MB stacks, 0 MB globals, 16 P
gc 6916 @16.785s 10%: 0.10+0.67+0.13 ms clock, 1.7+0.67/0.93/0+2.1 ms cpu, 3->4->2 MB, 4 MB goal, 0 MB stacks, 0 MB globals, 16 P
gc 6917 @16.787s 10%: 0.15+0.57+0.15 ms clock, 2.4+0.56/1.0/0+2.4 ms cpu, 4->4->2 MB, 5 MB goal, 0 MB stacks, 0 MB globals, 16 P
gc 6918 @16.788s 10%: 0.19+0.61+0.099 ms clock, 3.1+0.69/0.82/0+1.5 ms cpu, 4->4->2 MB, 4 MB goal, 0 MB stacks, 0 MB globals, 16 P
gc 6919 @16.790s 10%: 0.10+0.63+0.15 ms clock, 1.6+0.55/0.99/0+2.4 ms cpu, 4->4->2 MB, 4 MB goal, 0 MB stacks, 0 MB globals, 16 P
gc 6920 @16.792s 10%: 0.10+0.51+0.12 ms clock, 1.7+0.53/0.96/0.006+1.9 ms cpu, 4->4->2 MB, 4 MB goal, 0 MB stacks, 0 MB globals, 16 P
gc 6921 @16.793s 10%: 0.10+0.70+0.12 ms clock, 1.7+0.59/0.96/0+1.9 ms cpu, 3->4->2 MB, 4 MB goal, 0 MB stacks, 0 MB globals, 16 P
gc 6922 @16.795s 10%: 0.11+0.72+0.14 ms clock, 1.7+0.69/1.0/0+2.3 ms cpu, 4->5->2 MB, 5 MB goal, 0 MB stacks, 0 MB globals, 16 P
gc 6923 @16.797s 10%: 0.15+0.62+0.14 ms clock, 2.4+0.73/0.84/0+2.2 ms cpu, 4->5->2 MB, 5 MB goal, 0 MB stacks, 0 MB globals, 16 P
gc 6924 @16.799s 10%: 0.10+0.54+0.13 ms clock, 1.6+0.62/0.88/0+2.2 ms cpu, 4->4->2 MB, 4 MB goal, 0 MB stacks, 0 MB globals, 16 P
gc 6925 @16.800s 10%: 0.13+0.55+0.19 ms clock, 2.0+0.64/0.97/0+3.1 ms cpu, 3->4->2 MB, 4 MB goal, 0 MB stacks, 0 MB globals, 16 P
gc 6926 @16.802s 10%: 0.098+0.63+0.17 ms clock, 1.5+0.47/1.0/0+2.7 ms cpu, 4->4->2 MB, 4 MB goal, 0 MB stacks, 0 MB globals, 16 P
gc 6927 @16.804s 10%: 0.12+0.54+0.13 ms clock, 2.0+0.71/0.82/0+2.1 ms cpu, 4->4->2 MB, 4 MB goal, 0 MB stacks, 0 MB globals, 16 P
gc 6928 @16.805s 10%: 0.14+0.67+0.14 ms clock, 2.2+0.57/0.89/0+2.3 ms cpu, 3->4->2 MB, 4 MB goal, 0 MB stacks, 0 MB globals, 16 P
gc 6929 @16.807s 10%: 0.10+0.76+0.14 ms clock, 1.6+0.60/0.89/0.020+2.3 ms cpu, 4->5->2 MB, 5 MB goal, 0 MB stacks, 0 MB globals, 16 P
gc 6930 @16.809s 10%: 0.14+0.44+0.17 ms clock, 2.3+0.63/0.81/0+2.7 ms cpu, 4->4->2 MB, 4 MB goal, 0 MB stacks, 0 MB globals, 16 P
gc 6931 @16.811s 10%: 0.15+0.70+0.17 ms clock, 2.4+0.90/0.79/0+2.8 ms cpu, 3->4->2 MB, 4 MB goal, 0 MB stacks, 0 MB globals, 16 P
gc 6932 @16.812s 10%: 0.16+0.60+0.094 ms clock, 2.6+0.57/1.0/0+1.5 ms cpu, 4->4->2 MB, 4 MB goal, 0 MB stacks, 0 MB globals, 16 P
gc 6933 @16.814s 10%: 0.11+0.72+0.11 ms clock, 1.8+0.67/0.97/0+1.8 ms cpu, 4->5->2 MB, 4 MB goal, 0 MB stacks, 0 MB globals, 16 P
gc 6934 @16.816s 10%: 0.094+0.69+0.13 ms clock, 1.5+0.81/0.88/0+2.2 ms cpu, 4->5->2 MB, 5 MB goal, 0 MB stacks, 0 MB globals, 16 P
gc 6935 @16.818s 10%: 0.17+0.51+0.20 ms clock, 2.7+0.74/0.94/0+3.2 ms cpu, 4->4->2 MB, 4 MB goal, 0 MB stacks, 0 MB globals, 16 P
gc 6936 @16.820s 10%: 0.14+0.70+0.18 ms clock, 2.2+0.76/1.1/0.003+3.0 ms cpu, 3->4->2 MB, 4 MB goal, 0 MB stacks, 0 MB globals, 16 P
gc 6937 @16.821s 10%: 0.10+0.60+0.21 ms clock, 1.7+0.65/1.0/0.008+3.4 ms cpu, 4->5->2 MB, 5 MB goal, 0 MB stacks, 0 MB globals, 16 P
gc 6938 @16.823s 10%: 0.11+0.68+0.099 ms clock, 1.8+0.69/1.0/0+1.5 ms cpu, 4->4->2 MB, 4 MB goal, 0 MB stacks, 0 MB globals, 16 P
gc 6939 @16.825s 10%: 0.18+0.63+0.20 ms clock, 2.9+0.67/0.99/0+3.2 ms cpu, 4->4->2 MB, 4 MB goal, 0 MB stacks, 0 MB globals, 16 P
gc 6940 @16.827s 10%: 0.15+0.65+0.18 ms clock, 2.4+0.69/1.0/0+2.9 ms cpu, 4->5->2 MB, 4 MB goal, 0 MB stacks, 0 MB globals, 16 P
gc 6941 @16.829s 10%: 0.17+0.73+0.15 ms clock, 2.7+0.67/0.92/0.023+2.4 ms cpu, 4->5->2 MB, 4 MB goal, 0 MB stacks, 0 MB globals, 16 P
gc 6942 @16.830s 10%: 0.10+0.55+0.16 ms clock, 1.7+0.54/1.0/0+2.6 ms cpu, 4->4->2 MB, 4 MB goal, 0 MB stacks, 0 MB globals, 16 P
gc 6943 @16.832s 10%: 0.17+0.77+0.11 ms clock, 2.7+0.70/0.91/0+1.8 ms cpu, 3->4->2 MB, 4 MB goal, 0 MB stacks, 0 MB globals, 16 P
gc 6944 @16.834s 10%: 0.10+0.62+0.18 ms clock, 1.6+0.47/0.99/0.039+2.9 ms cpu, 4->5->2 MB, 5 MB goal, 0 MB stacks, 0 MB globals, 16 P
gc 6945 @16.836s 10%: 0.15+0.75+0.097 ms clock, 2.4+0.51/0.99/0+1.5 ms cpu, 3->4->2 MB, 4 MB goal, 0 MB stacks, 0 MB globals, 16 P
gc 6946 @16.838s 10%: 0.13+0.65+0.14 ms clock, 2.0+0.60/1.0/0+2.3 ms cpu, 4->5->2 MB, 5 MB goal, 0 MB stacks, 0 MB globals, 16 P
gc 6947 @16.840s 10%: 0.12+0.67+0.12 ms clock, 2.0+0.67/0.97/0+2.0 ms cpu, 4->5->2 MB, 5 MB goal, 0 MB stacks, 0 MB globals, 16 P
gc 6948 @16.841s 10%: 0.17+0.72+0.11 ms clock, 2.7+0.71/1.1/0+1.8 ms cpu, 4->5->2 MB, 4 MB goal, 0 MB stacks, 0 MB globals, 16 P
gc 6949 @16.843s 10%: 0.12+1.0+0.10 ms clock, 2.0+0.67/1.1/0+1.6 ms cpu, 4->5->2 MB, 5 MB goal, 0 MB stacks, 0 MB globals, 16 P
gc 6950 @16.846s 10%: 0.11+0.65+0.19 ms clock, 1.8+0.63/0.93/0+3.0 ms cpu, 4->5->2 MB, 5 MB goal, 0 MB stacks, 0 MB globals, 16 P
gc 6951 @16.848s 10%: 0.12+0.74+0.14 ms clock, 1.9+0.54/0.89/0+2.3 ms cpu, 4->5->2 MB, 4 MB goal, 0 MB stacks, 0 MB globals, 16 P
gc 6952 @16.850s 10%: 0.11+0.64+0.19 ms clock, 1.8+0.78/0.84/0+3.1 ms cpu, 4->5->2 MB, 5 MB goal, 0 MB stacks, 0 MB globals, 16 P
gc 6953 @16.852s 10%: 0.14+0.79+0.10 ms clock, 2.3+0.81/1.0/0+1.6 ms cpu, 4->5->2 MB, 4 MB goal, 0 MB stacks, 0 MB globals, 16 P
gc 6954 @16.854s 10%: 0.12+0.68+0.19 ms clock, 2.0+0.57/1.1/0.029+3.1 ms cpu, 4->5->2 MB, 5 MB goal, 0 MB stacks, 0 MB globals, 16 P
gc 6955 @16.856s 10%: 0.13+0.53+0.20 ms clock, 2.1+0.59/0.91/0+3.2 ms cpu, 4->5->2 MB, 5 MB goal, 0 MB stacks, 0 MB globals, 16 P
gc 6956 @16.857s 10%: 0.13+0.55+0.098 ms clock, 2.1+0.58/0.96/0+1.5 ms cpu, 3->4->2 MB, 4 MB goal, 0 MB stacks, 0 MB globals, 16 P
gc 6957 @16.859s 10%: 0.091+0.71+0.15 ms clock, 1.4+0.79/0.85/0+2.4 ms cpu, 3->4->2 MB, 4 MB goal, 0 MB stacks, 0 MB globals, 16 P
gc 6958 @16.861s 10%: 0.11+0.99+0.10 ms clock, 1.8+0.48/1.0/0+1.6 ms cpu, 4->5->2 MB, 4 MB goal, 0 MB stacks, 0 MB globals, 16 P
gc 6959 @16.863s 10%: 0.10+0.84+0.095 ms clock, 1.7+0.77/0.86/0.041+1.5 ms cpu, 4->5->2 MB, 5 MB goal, 0 MB stacks, 0 MB globals, 16 P
gc 6960 @16.865s 10%: 0.14+0.69+0.11 ms clock, 2.3+0.83/1.0/0+1.8 ms cpu, 4->5->2 MB, 4 MB goal, 0 MB stacks, 0 MB globals, 16 P
gc 6961 @16.867s 10%: 0.15+0.71+0.13 ms clock, 2.4+0.56/1.0/0+2.1 ms cpu, 4->5->2 MB, 5 MB goal, 0 MB stacks, 0 MB globals, 16 P
gc 6962 @16.868s 10%: 0.12+0.78+0.13 ms clock, 1.9+0.83/0.85/0+2.1 ms cpu, 4->5->2 MB, 4 MB goal, 0 MB stacks, 0 MB globals, 16 P
gc 6963 @16.870s 10%: 0.12+0.95+0.10 ms clock, 1.9+0.64/0.98/0+1.6 ms cpu, 4->5->2 MB, 4 MB goal, 0 MB stacks, 0 MB globals, 16 P
gc 6964 @16.873s 10%: 0.13+0.59+0.14 ms clock, 2.2+0.67/0.96/0.044+2.3 ms cpu, 4->5->2 MB, 5 MB goal, 0 MB stacks, 0 MB globals, 16 P
gc 6965 @16.874s 10%: 0.20+0.63+0.17 ms clock, 3.2+0.69/1.0/0+2.8 ms cpu, 3->4->2 MB, 4 MB goal, 0 MB stacks, 0 MB globals, 16 P
gc 6966 @16.876s 10%: 0.12+0.66+0.13 ms clock, 2.0+0.60/1.0/0+2.1 ms cpu, 4->5->2 MB, 5 MB goal, 0 MB stacks, 0 MB globals, 16 P
gc 6967 @16.878s 10%: 0.14+0.70+0.11 ms clock, 2.2+0.62/1.0/0+1.7 ms cpu, 4->4->2 MB, 4 MB goal, 0 MB stacks, 0 MB globals, 16 P
gc 6968 @16.880s 10%: 0.16+0.66+0.20 ms clock, 2.5+0.63/0.97/0+3.2 ms cpu, 4->5->2 MB, 5 MB goal, 0 MB stacks, 0 MB globals, 16 P
gc 6969 @16.882s 10%: 0.17+0.55+0.19 ms clock, 2.8+0.50/0.91/0+3.1 ms cpu, 4->4->2 MB, 4 MB goal, 0 MB stacks, 0 MB globals, 16 P
gc 6970 @16.884s 10%: 0.21+0.93+0.095 ms clock, 3.3+0.69/0.91/0+1.5 ms cpu, 3->5->2 MB, 4 MB goal, 0 MB stacks, 0 MB globals, 16 P
gc 6971 @16.886s 10%: 0.16+0.62+0.11 ms clock, 2.7+0.73/1.0/0+1.7 ms cpu, 4->5->2 MB, 5 MB goal, 0 MB stacks, 0 MB globals, 16 P
gc 6972 @16.888s 10%: 0.12+0.68+0.13 ms clock, 1.9+0.60/0.99/0.038+2.1 ms cpu, 4->5->2 MB, 4 MB goal, 0 MB stacks, 0 MB globals, 16 P
gc 6973 @16.890s 10%: 0.10+0.89+0.10 ms clock, 1.6+0.58/1.1/0+1.6 ms cpu, 4->5->2 MB, 5 MB goal, 0 MB stacks, 0 MB globals, 16 P
gc 6974 @16.892s 10%: 0.11+0.61+0.15 ms clock, 1.7+0.74/1.1/0.029+2.4 ms cpu, 4->5->2 MB, 5 MB goal, 0 MB stacks, 0 MB globals, 16 P
gc 6975 @16.894s 10%: 0.12+0.67+0.13 ms clock, 2.0+0.58/1.0/0.001+2.2 ms cpu, 4->4->2 MB, 4 MB goal, 0 MB stacks, 0 MB globals, 16 P
gc 6976 @16.896s 10%: 0.19+0.60+0.13 ms clock, 3.0+0.73/1.0/0+2.1 ms cpu, 4->5->2 MB, 4 MB goal, 0 MB stacks, 0 MB globals, 16 P
gc 6977 @16.897s 10%: 0.078+0.68+0.21 ms clock, 1.2+0.72/0.86/0+3.4 ms cpu, 4->5->2 MB, 5 MB goal, 0 MB stacks, 0 MB globals, 16 P
gc 6978 @16.899s 10%: 0.16+0.76+0.076 ms clock, 2.6+0.71/0.97/0+1.2 ms cpu, 4->5->2 MB, 5 MB goal, 0 MB stacks, 0 MB globals, 16 P
gc 6979 @16.901s 10%: 0.14+0.66+0.14 ms clock, 2.2+0.53/1.0/0.028+2.3 ms cpu, 4->5->2 MB, 5 MB goal, 0 MB stacks, 0 MB globals, 16 P
gc 6980 @16.903s 10%: 0.12+0.64+0.16 ms clock, 1.9+0.83/0.99/0+2.6 ms cpu, 4->4->2 MB, 4 MB goal, 0 MB stacks, 0 MB globals, 16 P
gc 6981 @16.905s 10%: 0.12+0.75+0.14 ms clock, 1.9+0.77/1.0/0.014+2.2 ms cpu, 4->5->2 MB, 4 MB goal, 0 MB stacks, 0 MB globals, 16 P
gc 6982 @16.907s 10%: 0.12+0.81+0.099 ms clock, 1.9+0.68/1.1/0+1.5 ms cpu, 4->5->2 MB, 5 MB goal, 0 MB stacks, 0 MB globals, 16 P
gc 6983 @16.909s 10%: 0.11+0.74+0.11 ms clock, 1.8+0.58/1.0/0+1.8 ms cpu, 4->5->2 MB, 5 MB goal, 0 MB stacks, 0 MB globals, 16 P
gc 6984 @16.911s 10%: 0.12+0.66+0.19 ms clock, 1.9+0.75/0.91/0+3.0 ms cpu, 4->5->2 MB, 5 MB goal, 0 MB stacks, 0 MB globals, 16 P
gc 6985 @16.913s 10%: 0.18+0.74+0.099 ms clock, 2.9+0.73/0.97/0+1.5 ms cpu, 4->4->2 MB, 4 MB goal, 0 MB stacks, 0 MB globals, 16 P
gc 6986 @16.915s 10%: 0.10+0.48+0.11 ms clock, 1.7+0.58/0.95/0.002+1.8 ms cpu, 4->4->2 MB, 5 MB goal, 0 MB stacks, 0 MB globals, 16 P
gc 6987 @16.916s 10%: 0.13+0.47+0.21 ms clock, 2.1+0.53/1.0/0.037+3.3 ms cpu, 3->4->2 MB, 4 MB goal, 0 MB stacks, 0 MB globals, 16 P
gc 6988 @16.918s 10%: 0.11+0.68+0.15 ms clock, 1.8+0.69/0.92/0.084+2.5 ms cpu, 3->4->2 MB, 4 MB goal, 0 MB stacks, 0 MB globals, 16 P
gc 6989 @16.920s 10%: 0.12+0.56+0.13 ms clock, 1.9+0.69/0.95/0.006+2.1 ms cpu, 4->4->2 MB, 4 MB goal, 0 MB stacks, 0 MB globals, 16 P
gc 6990 @16.921s 10%: 0.14+0.60+0.15 ms clock, 2.3+0.66/1.0/0.011+2.4 ms cpu, 4->4->2 MB, 4 MB goal, 0 MB stacks, 0 MB globals, 16 P
gc 6991 @16.923s 10%: 0.16+0.80+0.16 ms clock, 2.5+0.81/1.0/0+2.7 ms cpu, 4->5->2 MB, 4 MB goal, 0 MB stacks, 0 MB globals, 16 P
gc 6992 @16.925s 10%: 0.15+0.66+0.18 ms clock, 2.4+0.60/1.0/0.024+2.9 ms cpu, 4->5->2 MB, 5 MB goal, 0 MB stacks, 0 MB globals, 16 P
gc 6993 @16.927s 10%: 0.15+0.69+0.14 ms clock, 2.4+0.68/0.96/0+2.2 ms cpu, 4->5->2 MB, 5 MB goal, 0 MB stacks, 0 MB globals, 16 P
gc 6994 @16.929s 10%: 0.17+0.64+0.24 ms clock, 2.8+0.77/0.96/0+3.9 ms cpu, 4->5->2 MB, 5 MB goal, 0 MB stacks, 0 MB globals, 16 P
gc 6995 @16.931s 10%: 0.13+1.1+0.10 ms clock, 2.1+0.75/1.0/0+1.6 ms cpu, 4->5->2 MB, 5 MB goal, 0 MB stacks, 0 MB globals, 16 P
gc 6996 @16.933s 10%: 0.13+0.86+0.10 ms clock, 2.1+0.81/1.0/0.020+1.7 ms cpu, 4->5->2 MB, 5 MB goal, 0 MB stacks, 0 MB globals, 16 P
gc 6997 @16.936s 10%: 0.18+0.74+0.13 ms clock, 2.9+0.66/1.0/0+2.2 ms cpu, 4->5->2 MB, 5 MB goal, 0 MB stacks, 0 MB globals, 16 P
gc 6998 @16.938s 10%: 0.13+0.64+0.18 ms clock, 2.1+0.60/1.0/0+2.9 ms cpu, 4->5->2 MB, 5 MB goal, 0 MB stacks, 0 MB globals, 16 P
gc 6999 @16.939s 10%: 0.20+0.88+0.085 ms clock, 3.3+0.60/1.1/0+1.3 ms cpu, 4->5->2 MB, 4 MB goal, 0 MB stacks, 0 MB globals, 16 P
gc 7000 @16.942s 10%: 0.11+0.68+0.12 ms clock, 1.8+0.64/0.72/0+1.9 ms cpu, 4->5->2 MB, 5 MB goal, 0 MB stacks, 0 MB globals, 16 P
gc 7001 @16.943s 10%: 0.12+0.79+0.078 ms clock, 1.9+0.68/0.95/0.053+1.2 ms cpu, 3->4->2 MB, 4 MB goal, 0 MB stacks, 0 MB globals, 16 P
gc 7002 @16.945s 10%: 0.14+0.85+0.11 ms clock, 2.2+0.50/0.87/0+1.8 ms cpu, 4->5->2 MB, 4 MB goal, 0 MB stacks, 0 MB globals, 16 P
gc 7003 @16.947s 10%: 0.12+0.65+0.12 ms clock, 2.0+0.55/1.1/0+1.9 ms cpu, 4->5->2 MB, 5 MB goal, 0 MB stacks, 0 MB globals, 16 P
gc 7004 @16.949s 10%: 0.11+0.64+0.11 ms clock, 1.8+0.65/0.79/0+1.8 ms cpu, 4->4->2 MB, 4 MB goal, 0 MB stacks, 0 MB globals, 16 P
gc 7005 @16.951s 10%: 0.11+0.62+0.088 ms clock, 1.9+0.51/1.0/0+1.4 ms cpu, 4->4->2 MB, 4 MB goal, 0 MB stacks, 0 MB globals, 16 P
gc 7006 @16.952s 10%: 0.11+0.57+0.13 ms clock, 1.7+0.58/1.0/0+2.1 ms cpu, 3->4->2 MB, 4 MB goal, 0 MB stacks, 0 MB globals, 16 P
gc 7007 @16.954s 10%: 0.15+0.75+0.095 ms clock, 2.4+0.64/0.91/0+1.5 ms cpu, 4->4->2 MB, 4 MB goal, 0 MB stacks, 0 MB globals, 16 P
gc 7008 @16.956s 10%: 0.11+0.59+0.25 ms clock, 1.8+0.81/0.86/0+4.1 ms cpu, 4->5->2 MB, 5 MB goal, 0 MB stacks, 0 MB globals, 16 P
gc 7009 @16.958s 10%: 0.14+0.76+0.13 ms clock, 2.2+0.59/1.0/0+2.2 ms cpu, 4->4->2 MB, 4 MB goal, 0 MB stacks, 0 MB globals, 16 P
gc 7010 @16.960s 10%: 0.12+0.72+0.18 ms clock, 2.0+0.68/1.0/0.004+3.0 ms cpu, 4->5->2 MB, 5 MB goal, 0 MB stacks, 0 MB globals, 16 P
gc 7011 @16.962s 10%: 0.13+0.55+0.12 ms clock, 2.1+0.60/1.0/0+1.9 ms cpu, 4->5->2 MB, 5 MB goal, 0 MB stacks, 0 MB globals, 16 P
gc 7012 @16.964s 10%: 0.12+0.83+0.057 ms clock, 1.9+0.44/1.2/0+0.92 ms cpu, 4->5->2 MB, 4 MB goal, 0 MB stacks, 0 MB globals, 16 P
gc 7013 @16.966s 10%: 0.13+0.54+0.20 ms clock, 2.1+0.89/0.85/0+3.2 ms cpu, 4->5->2 MB, 5 MB goal, 0 MB stacks, 0 MB globals, 16 P
gc 7014 @16.967s 10%: 0.11+0.66+0.11 ms clock, 1.8+0.84/0.82/0+1.7 ms cpu, 3->4->2 MB, 4 MB goal, 0 MB stacks, 0 MB globals, 16 P
gc 7015 @16.969s 10%: 0.14+0.55+0.18 ms clock, 2.2+0.43/0.98/0.001+3.0 ms cpu, 4->5->2 MB, 4 MB goal, 0 MB stacks, 0 MB globals, 16 P
gc 7016 @16.971s 10%: 0.10+0.77+0.10 ms clock, 1.6+0.57/0.95/0+1.6 ms cpu, 4->5->2 MB, 4 MB goal, 0 MB stacks, 0 MB globals, 16 P
gc 7017 @16.972s 10%: 0.10+0.57+0.12 ms clock, 1.7+0.54/1.1/0.009+2.0 ms cpu, 4->4->2 MB, 4 MB goal, 0 MB stacks, 0 MB globals, 16 P
gc 7018 @16.974s 10%: 0.14+0.82+0.075 ms clock, 2.2+0.58/1.0/0+1.2 ms cpu, 4->4->2 MB, 4 MB goal, 0 MB stacks, 0 MB globals, 16 P
gc 7019 @16.976s 10%: 0.13+0.75+0.19 ms clock, 2.1+0.68/0.95/0.051+3.0 ms cpu, 4->5->2 MB, 5 MB goal, 0 MB stacks, 0 MB globals, 16 P
gc 7020 @16.978s 10%: 0.16+0.71+0.13 ms clock, 2.6+0.46/1.1/0+2.1 ms cpu, 4->5->2 MB, 5 MB goal, 0 MB stacks, 0 MB globals, 16 P
gc 7021 @16.980s 10%: 0.12+0.67+0.13 ms clock, 1.9+0.78/0.91/0.068+2.1 ms cpu, 4->5->2 MB, 5 MB goal, 0 MB stacks, 0 MB globals, 16 P
gc 7022 @16.982s 10%: 0.15+0.85+0.048 ms clock, 2.5+0.84/0.96/0+0.77 ms cpu, 4->5->2 MB, 4 MB goal, 0 MB stacks, 0 MB globals, 16 P
gc 7023 @16.984s 10%: 0.13+0.67+0.16 ms clock, 2.1+0.60/1.0/0+2.5 ms cpu, 4->5->2 MB, 5 MB goal, 0 MB stacks, 0 MB globals, 16 P
gc 7024 @16.985s 10%: 0.13+0.48+0.18 ms clock, 2.1+0.78/0.91/0.019+3.0 ms cpu, 4->4->1 MB, 4 MB goal, 0 MB stacks, 0 MB globals, 16 P
gc 7025 @16.987s 10%: 0.12+0.61+0.15 ms clock, 1.9+0.72/0.99/0+2.4 ms cpu, 3->4->2 MB, 4 MB goal, 0 MB stacks, 0 MB globals, 16 P
gc 7026 @16.989s 10%: 0.091+0.69+0.12 ms clock, 1.4+0.63/0.94/0.005+2.0 ms cpu, 4->4->2 MB, 4 MB goal, 0 MB stacks, 0 MB globals, 16 P
gc 7027 @16.990s 10%: 0.16+0.80+0.080 ms clock, 2.6+0.60/0.89/0+1.2 ms cpu, 4->5->2 MB, 4 MB goal, 0 MB stacks, 0 MB globals, 16 P
gc 7028 @16.992s 10%: 0.12+0.57+0.16 ms clock, 1.9+0.46/0.97/0.006+2.6 ms cpu, 4->4->2 MB, 4 MB goal, 0 MB stacks, 0 MB globals, 16 P
gc 7029 @16.994s 10%: 0.10+0.61+0.11 ms clock, 1.7+0.77/1.0/0+1.8 ms cpu, 4->4->2 MB, 4 MB goal, 0 MB stacks, 0 MB globals, 16 P
gc 7030 @16.996s 10%: 0.13+0.62+0.16 ms clock, 2.2+0.64/0.98/0.005+2.6 ms cpu, 3->4->2 MB, 4 MB goal, 0 MB stacks, 0 MB globals, 16 P
gc 7031 @16.997s 10%: 0.098+0.75+0.061 ms clock, 1.5+0.74/1.0/0+0.97 ms cpu, 4->4->2 MB, 4 MB goal, 0 MB stacks, 0 MB globals, 16 P
gc 7032 @16.999s 10%: 0.11+0.67+0.11 ms clock, 1.8+0.54/1.0/0.041+1.8 ms cpu, 4->5->2 MB, 4 MB goal, 0 MB stacks, 0 MB globals, 16 P
gc 7033 @17.001s 10%: 0.10+0.62+0.096 ms clock, 1.6+0.61/0.90/0.007+1.5 ms cpu, 4->4->2 MB, 4 MB goal, 0 MB stacks, 0 MB globals, 16 P
gc 7034 @17.003s 10%: 0.21+0.57+0.19 ms clock, 3.4+0.65/0.95/0+3.1 ms cpu, 3->4->2 MB, 4 MB goal, 0 MB stacks, 0 MB globals, 16 P
gc 7035 @17.004s 10%: 0.084+0.94+0.093 ms clock, 1.3+0.75/1.1/0+1.4 ms cpu, 4->5->2 MB, 4 MB goal, 0 MB stacks, 0 MB globals, 16 P
gc 7036 @17.007s 10%: 0.095+0.55+0.12 ms clock, 1.5+0.57/1.1/0.005+2.0 ms cpu, 4->5->2 MB, 5 MB goal, 0 MB stacks, 0 MB globals, 16 P
gc 7037 @17.009s 10%: 0.12+0.70+0.11 ms clock, 2.0+0.53/0.96/0+1.8 ms cpu, 4->4->2 MB, 4 MB goal, 0 MB stacks, 0 MB globals, 16 P
gc 7038 @17.010s 10%: 0.12+0.53+0.068 ms clock, 2.0+0.56/0.84/0.056+1.0 ms cpu, 4->4->2 MB, 4 MB goal, 0 MB stacks, 0 MB globals, 16 P
gc 7039 @17.012s 10%: 0.10+0.52+0.13 ms clock, 1.6+0.59/0.81/0+2.1 ms cpu, 3->4->2 MB, 4 MB goal, 0 MB stacks, 0 MB globals, 16 P
gc 7040 @17.013s 10%: 0.19+0.59+0.10 ms clock, 3.0+0.51/0.91/0+1.6 ms cpu, 3->4->2 MB, 4 MB goal, 0 MB stacks, 0 MB globals, 16 P
gc 7041 @17.015s 10%: 0.13+0.61+0.14 ms clock, 2.1+0.67/0.84/0+2.2 ms cpu, 4->4->2 MB, 5 MB goal, 0 MB stacks, 0 MB globals, 16 P
gc 7042 @17.017s 10%: 0.11+0.55+0.13 ms clock, 1.8+0.52/0.91/0+2.1 ms cpu, 3->4->2 MB, 4 MB goal, 0 MB stacks, 0 MB globals, 16 P
gc 7043 @17.018s 10%: 0.13+0.71+0.089 ms clock, 2.2+0.68/0.95/0+1.4 ms cpu, 3->4->2 MB, 4 MB goal, 0 MB stacks, 0 MB globals, 16 P
gc 7044 @17.020s 10%: 0.17+0.76+0.12 ms clock, 2.7+0.57/0.90/0.048+2.0 ms cpu, 4->5->2 MB, 5 MB goal, 0 MB stacks, 0 MB globals, 16 P
gc 7045 @17.022s 10%: 0.11+0.76+0.10 ms clock, 1.7+0.63/0.96/0+1.7 ms cpu, 4->5->2 MB, 5 MB goal, 0 MB stacks, 0 MB globals, 16 P
gc 7046 @17.024s 10%: 0.13+0.62+0.11 ms clock, 2.2+0.70/1.0/0.073+1.9 ms cpu, 4->5->2 MB, 5 MB goal, 0 MB stacks, 0 MB globals, 16 P
gc 7047 @17.026s 10%: 0.13+0.69+0.14 ms clock, 2.1+0.74/1.0/0+2.3 ms cpu, 4->5->2 MB, 4 MB goal, 0 MB stacks, 0 MB globals, 16 P
gc 7048 @17.028s 10%: 0.14+0.87+0.13 ms clock, 2.2+0.68/0.95/0+2.2 ms cpu, 4->5->2 MB, 5 MB goal, 0 MB stacks, 0 MB globals, 16 P
gc 7049 @17.030s 10%: 0.15+0.83+0.095 ms clock, 2.5+0.65/0.94/0+1.5 ms cpu, 4->5->2 MB, 5 MB goal, 0 MB stacks, 0 MB globals, 16 P
gc 7050 @17.032s 10%: 0.13+0.84+0.095 ms clock, 2.1+0.69/1.0/0+1.5 ms cpu, 4->5->2 MB, 5 MB goal, 0 MB stacks, 0 MB globals, 16 P
gc 7051 @17.034s 10%: 0.10+0.64+0.13 ms clock, 1.6+0.59/1.0/0+2.1 ms cpu, 4->5->2 MB, 5 MB goal, 0 MB stacks, 0 MB globals, 16 P
gc 7052 @17.036s 10%: 0.11+0.83+0.071 ms clock, 1.7+0.63/0.98/0+1.1 ms cpu, 4->4->2 MB, 4 MB goal, 0 MB stacks, 0 MB globals, 16 P
gc 7053 @17.038s 10%: 0.12+0.58+0.18 ms clock, 2.0+0.64/0.87/0+2.9 ms cpu, 4->5->2 MB, 5 MB goal, 0 MB stacks, 0 MB globals, 16 P
gc 7054 @17.040s 10%: 0.11+0.70+0.10 ms clock, 1.8+0.77/1.0/0+1.6 ms cpu, 4->4->2 MB, 4 MB goal, 0 MB stacks, 0 MB globals, 16 P
gc 7055 @17.042s 10%: 0.10+0.56+0.20 ms clock, 1.6+0.55/1.0/0.007+3.2 ms cpu, 4->4->2 MB, 4 MB goal, 0 MB stacks, 0 MB globals, 16 P
gc 7056 @17.043s 10%: 0.10+0.63+0.052 ms clock, 1.6+0.51/0.98/0+0.84 ms cpu, 4->4->2 MB, 4 MB goal, 0 MB stacks, 0 MB globals, 16 P
gc 7057 @17.045s 10%: 0.13+0.87+0.11 ms clock, 2.1+0.50/1.0/0+1.8 ms cpu, 4->5->2 MB, 4 MB goal, 0 MB stacks, 0 MB globals, 16 P
gc 7058 @17.047s 10%: 0.12+0.86+0.080 ms clock, 1.9+0.68/1.0/0+1.2 ms cpu, 4->5->2 MB, 5 MB goal, 0 MB stacks, 0 MB globals, 16 P
gc 7059 @17.049s 10%: 0.099+0.61+0.068 ms clock, 1.5+0.50/0.93/0+1.0 ms cpu, 4->5->2 MB, 5 MB goal, 0 MB stacks, 0 MB globals, 16 P
gc 7060 @17.051s 10%: 0.11+0.70+0.18 ms clock, 1.8+0.71/0.88/0+3.0 ms cpu, 4->4->2 MB, 4 MB goal, 0 MB stacks, 0 MB globals, 16 P
gc 7061 @17.053s 10%: 0.098+0.66+0.11 ms clock, 1.5+0.54/1.0/0+1.8 ms cpu, 4->4->2 MB, 4 MB goal, 0 MB stacks, 0 MB globals, 16 P
gc 7062 @17.055s 10%: 0.12+0.75+0.14 ms clock, 2.0+0.60/0.96/0+2.2 ms cpu, 4->5->2 MB, 4 MB goal, 0 MB stacks, 0 MB globals, 16 P
gc 7063 @17.056s 10%: 0.18+0.65+0.14 ms clock, 2.9+0.66/0.98/0+2.2 ms cpu, 4->5->2 MB, 5 MB goal, 0 MB stacks, 0 MB globals, 16 P
gc 7064 @17.058s 10%: 0.13+0.95+0.077 ms clock, 2.1+0.64/0.90/0+1.2 ms cpu, 4->5->2 MB, 5 MB goal, 0 MB stacks, 0 MB globals, 16 P
gc 7065 @17.061s 10%: 0.12+0.73+0.094 ms clock, 1.9+0.80/1.1/0.015+1.5 ms cpu, 4->5->2 MB, 5 MB goal, 0 MB stacks, 0 MB globals, 16 P
gc 7066 @17.063s 10%: 0.11+0.46+0.15 ms clock, 1.7+0.48/0.78/0.16+2.5 ms cpu, 4->4->1 MB, 5 MB goal, 0 MB stacks, 0 MB globals, 16 P
gc 7067 @17.064s 10%: 0.14+0.58+0.13 ms clock, 2.3+0.79/0.93/0+2.1 ms cpu, 3->4->2 MB, 4 MB goal, 0 MB stacks, 0 MB globals, 16 P
gc 7068 @17.066s 10%: 0.16+0.72+0.15 ms clock, 2.7+0.66/1.0/0+2.4 ms cpu, 4->5->2 MB, 4 MB goal, 0 MB stacks, 0 MB globals, 16 P
gc 7069 @17.068s 10%: 0.12+0.53+0.11 ms clock, 2.0+0.67/0.88/0+1.8 ms cpu, 4->5->2 MB, 5 MB goal, 0 MB stacks, 0 MB globals, 16 P
gc 7070 @17.069s 10%: 0.13+0.68+0.19 ms clock, 2.2+0.80/0.90/0+3.1 ms cpu, 3->4->2 MB, 4 MB goal, 0 MB stacks, 0 MB globals, 16 P
gc 7071 @17.071s 10%: 0.095+0.75+0.11 ms clock, 1.5+0.63/0.98/0.057+1.8 ms cpu, 4->5->2 MB, 5 MB goal, 0 MB stacks, 0 MB globals, 16 P
gc 7072 @17.073s 10%: 0.11+1.0+0.16 ms clock, 1.8+0.56/1.1/0.027+2.6 ms cpu, 4->5->2 MB, 5 MB goal, 0 MB stacks, 0 MB globals, 16 P
gc 7073 @17.076s 10%: 0.29+0.73+0.13 ms clock, 4.6+0.91/0.87/0.018+2.0 ms cpu, 4->5->2 MB, 5 MB goal, 0 MB stacks, 0 MB globals, 16 P
gc 7074 @17.078s 10%: 0.21+0.67+0.17 ms clock, 3.4+0.76/0.87/0+2.8 ms cpu, 4->5->2 MB, 5 MB goal, 0 MB stacks, 0 MB globals, 16 P
gc 7075 @17.080s 10%: 0.18+0.56+0.17 ms clock, 2.9+0.79/0.99/0+2.8 ms cpu, 4->4->2 MB, 4 MB goal, 0 MB stacks, 0 MB globals, 16 P
gc 7076 @17.081s 10%: 0.15+0.71+0.12 ms clock, 2.5+0.61/0.90/0+1.9 ms cpu, 3->4->2 MB, 4 MB goal, 0 MB stacks, 0 MB globals, 16 P
gc 7077 @17.083s 10%: 0.10+0.82+0.11 ms clock, 1.6+0.48/1.0/0+1.7 ms cpu, 4->5->2 MB, 5 MB goal, 0 MB stacks, 0 MB globals, 16 P
gc 7078 @17.085s 10%: 0.12+0.63+0.085 ms clock, 2.0+0.62/0.86/0+1.3 ms cpu, 4->5->2 MB, 5 MB goal, 0 MB stacks, 0 MB globals, 16 P
gc 7079 @17.087s 10%: 0.14+0.57+0.20 ms clock, 2.3+0.71/0.77/0+3.2 ms cpu, 4->4->2 MB, 4 MB goal, 0 MB stacks, 0 MB globals, 16 P
gc 7080 @17.089s 10%: 0.073+0.56+0.16 ms clock, 1.1+0.60/1.0/0.005+2.6 ms cpu, 4->4->2 MB, 4 MB goal, 0 MB stacks, 0 MB globals, 16 P
gc 7081 @17.090s 10%: 0.21+0.50+0.16 ms clock, 3.4+0.64/0.87/0+2.7 ms cpu, 3->4->2 MB, 4 MB goal, 0 MB stacks, 0 MB globals, 16 P
gc 7082 @17.092s 10%: 0.12+0.60+0.093 ms clock, 1.9+0.53/0.98/0+1.4 ms cpu, 3->4->2 MB, 4 MB goal, 0 MB stacks, 0 MB globals, 16 P
gc 7083 @17.093s 10%: 0.11+0.58+0.10 ms clock, 1.9+0.66/0.95/0+1.6 ms cpu, 3->4->2 MB, 4 MB goal, 0 MB stacks, 0 MB globals, 16 P
gc 7084 @17.095s 10%: 0.099+0.61+0.13 ms clock, 1.5+0.83/0.91/0.023+2.1 ms cpu, 3->4->2 MB, 4 MB goal, 0 MB stacks, 0 MB globals, 16 P
gc 7085 @17.097s 10%: 0.17+0.72+0.11 ms clock, 2.7+0.70/0.94/0+1.9 ms cpu, 3->4->2 MB, 4 MB goal, 0 MB stacks, 0 MB globals, 16 P
gc 7086 @17.098s 10%: 0.11+0.63+0.18 ms clock, 1.8+0.72/0.94/0+2.9 ms cpu, 4->4->2 MB, 5 MB goal, 0 MB stacks, 0 MB globals, 16 P
gc 7087 @17.100s 10%: 0.18+0.63+0.18 ms clock, 2.9+0.68/0.97/0+2.9 ms cpu, 3->4->2 MB, 4 MB goal, 0 MB stacks, 0 MB globals, 16 P
gc 7088 @17.102s 10%: 0.17+0.79+0.12 ms clock, 2.8+0.56/0.96/0+2.0 ms cpu, 4->5->2 MB, 4 MB goal, 0 MB stacks, 0 MB globals, 16 P
gc 7089 @17.104s 10%: 0.10+1.3+0.093 ms clock, 1.7+0.57/0.83/0.16+1.4 ms cpu, 4->5->2 MB, 5 MB goal, 0 MB stacks, 0 MB globals, 16 P
gc 7090 @17.106s 10%: 0.095+0.75+0.18 ms clock, 1.5+0.62/0.95/0+2.9 ms cpu, 4->5->2 MB, 5 MB goal, 0 MB stacks, 0 MB globals, 16 P
gc 7091 @17.108s 10%: 0.19+0.66+0.10 ms clock, 3.1+0.74/1.2/0+1.7 ms cpu, 4->5->2 MB, 5 MB goal, 0 MB stacks, 0 MB globals, 16 P
gc 7092 @17.110s 10%: 0.16+0.90+0.12 ms clock, 2.6+0.59/1.0/0+2.0 ms cpu, 4->5->2 MB, 5 MB goal, 0 MB stacks, 0 MB globals, 16 P
gc 7093 @17.112s 10%: 0.12+0.73+0.095 ms clock, 2.0+0.74/1.0/0+1.5 ms cpu, 4->5->2 MB, 5 MB goal, 0 MB stacks, 0 MB globals, 16 P
gc 7094 @17.114s 10%: 0.20+0.76+0.13 ms clock, 3.3+0.59/0.97/0+2.1 ms cpu, 4->5->2 MB, 4 MB goal, 0 MB stacks, 0 MB globals, 16 P
gc 7095 @17.116s 10%: 0.19+0.69+0.20 ms clock, 3.1+0.70/1.0/0.038+3.3 ms cpu, 4->5->2 MB, 5 MB goal, 0 MB stacks, 0 MB globals, 16 P
gc 7096 @17.118s 10%: 0.090+0.72+0.17 ms clock, 1.4+0.65/1.0/0+2.7 ms cpu, 4->5->2 MB, 5 MB goal, 0 MB stacks, 0 MB globals, 16 P
gc 7097 @17.120s 10%: 0.12+0.48+0.082 ms clock, 1.9+0.65/0.93/0+1.3 ms cpu, 4->4->2 MB, 4 MB goal, 0 MB stacks, 0 MB globals, 16 P
gc 7098 @17.122s 10%: 0.11+0.75+0.032 ms clock, 1.7+0.58/1.1/0+0.52 ms cpu, 3->4->2 MB, 4 MB goal, 0 MB stacks, 0 MB globals, 16 P
gc 7099 @17.124s 10%: 0.091+0.85+0.079 ms clock, 1.4+0.59/1.0/0+1.2 ms cpu, 4->4->2 MB, 4 MB goal, 0 MB stacks, 0 MB globals, 16 P
gc 7100 @17.125s 10%: 0.13+0.59+0.096 ms clock, 2.1+0.65/0.94/0+1.5 ms cpu, 4->4->2 MB, 4 MB goal, 0 MB stacks, 0 MB globals, 16 P
gc 7101 @17.127s 10%: 0.10+0.59+0.21 ms clock, 1.6+0.59/0.96/0+3.3 ms cpu, 4->4->2 MB, 4 MB goal, 0 MB stacks, 0 MB globals, 16 P
gc 7102 @17.129s 10%: 0.13+0.67+0.13 ms clock, 2.2+0.58/1.1/0+2.2 ms cpu, 4->4->2 MB, 4 MB goal, 0 MB stacks, 0 MB globals, 16 P
gc 7103 @17.131s 10%: 0.17+0.82+0.071 ms clock, 2.7+0.69/1.0/0+1.1 ms cpu, 4->5->2 MB, 4 MB goal, 0 MB stacks, 0 MB globals, 16 P
gc 7104 @17.133s 10%: 0.11+0.70+0.19 ms clock, 1.8+0.58/1.0/0+3.0 ms cpu, 4->5->2 MB, 5 MB goal, 0 MB stacks, 0 MB globals, 16 P
gc 7105 @17.134s 10%: 0.13+0.57+0.19 ms clock, 2.1+0.58/1.0/0.001+3.1 ms cpu, 4->4->2 MB, 4 MB goal, 0 MB stacks, 0 MB globals, 16 P
gc 7106 @17.136s 10%: 0.13+0.98+0.11 ms clock, 2.0+0.75/1.1/0+1.9 ms cpu, 4->5->2 MB, 4 MB goal, 0 MB stacks, 0 MB globals, 16 P
gc 7107 @17.139s 10%: 0.12+0.67+0.12 ms clock, 1.9+0.64/0.98/0+2.0 ms cpu, 4->5->2 MB, 5 MB goal, 0 MB stacks, 0 MB globals, 16 P
gc 7108 @17.141s 10%: 0.12+0.61+0.10 ms clock, 2.0+0.53/0.98/0+1.6 ms cpu, 4->5->2 MB, 5 MB goal, 0 MB stacks, 0 MB globals, 16 P
gc 7109 @17.143s 10%: 0.12+0.47+0.11 ms clock, 1.9+0.59/0.96/0+1.8 ms cpu, 4->4->2 MB, 5 MB goal, 0 MB stacks, 0 MB globals, 16 P
gc 7110 @17.144s 10%: 0.18+0.51+0.20 ms clock, 2.9+0.76/0.78/0+3.2 ms cpu, 3->4->2 MB, 4 MB goal, 0 MB stacks, 0 MB globals, 16 P
gc 7111 @17.146s 10%: 0.15+0.74+0.074 ms clock, 2.4+0.70/0.99/0+1.1 ms cpu, 3->4->2 MB, 4 MB goal, 0 MB stacks, 0 MB globals, 16 P
gc 7112 @17.148s 10%: 0.19+0.78+0.10 ms clock, 3.0+0.62/0.89/0+1.6 ms cpu, 4->5->2 MB, 5 MB goal, 0 MB stacks, 0 MB globals, 16 P
gc 7113 @17.150s 10%: 0.12+0.56+0.12 ms clock, 1.9+0.68/0.85/0+1.9 ms cpu, 4->5->2 MB, 5 MB goal, 0 MB stacks, 0 MB globals, 16 P
gc 7114 @17.151s 10%: 0.11+0.58+0.12 ms clock, 1.8+0.71/0.83/0+1.9 ms cpu, 4->4->2 MB, 4 MB goal, 0 MB stacks, 0 MB globals, 16 P
gc 7115 @17.153s 10%: 0.11+0.62+0.092 ms clock, 1.7+0.68/1.1/0+1.4 ms cpu, 3->4->2 MB, 4 MB goal, 0 MB stacks, 0 MB globals, 16 P
gc 7116 @17.155s 10%: 0.11+0.48+0.096 ms clock, 1.9+0.52/0.92/0+1.5 ms cpu, 4->4->2 MB, 4 MB goal, 0 MB stacks, 0 MB globals, 16 P
gc 7117 @17.156s 10%: 0.15+0.82+0.16 ms clock, 2.4+0.58/0.85/0+2.6 ms cpu, 3->4->2 MB, 4 MB goal, 0 MB stacks, 0 MB globals, 16 P
gc 7118 @17.158s 10%: 0.12+0.57+0.23 ms clock, 2.0+0.58/0.92/0+3.7 ms cpu, 4->5->2 MB, 5 MB goal, 0 MB stacks, 0 MB globals, 16 P
gc 7119 @17.160s 10%: 0.15+0.62+0.11 ms clock, 2.5+0.49/0.95/0+1.8 ms cpu, 4->4->2 MB, 4 MB goal, 0 MB stacks, 0 MB globals, 16 P
gc 7120 @17.162s 10%: 0.12+0.75+0.083 ms clock, 2.0+0.49/0.93/0.038+1.3 ms cpu, 3->4->2 MB, 4 MB goal, 0 MB stacks, 0 MB globals, 16 P
gc 7121 @17.164s 10%: 0.10+0.99+0.089 ms clock, 1.6+0.60/0.96/0+1.4 ms cpu, 4->5->2 MB, 5 MB goal, 0 MB stacks, 0 MB globals, 16 P
gc 7122 @17.166s 10%: 0.20+0.80+0.12 ms clock, 3.2+0.59/1.0/0+1.9 ms cpu, 4->5->2 MB, 5 MB goal, 0 MB stacks, 0 MB globals, 16 P
gc 7123 @17.168s 10%: 0.14+0.93+0.13 ms clock, 2.3+0.75/0.92/0.067+2.1 ms cpu, 4->5->2 MB, 5 MB goal, 0 MB stacks, 0 MB globals, 16 P
gc 7124 @17.170s 10%: 0.10+0.57+0.10 ms clock, 1.7+0.57/0.96/0+1.6 ms cpu, 4->5->2 MB, 5 MB goal, 0 MB stacks, 0 MB globals, 16 P
gc 7125 @17.172s 10%: 0.17+0.78+0.11 ms clock, 2.7+0.65/0.96/0+1.8 ms cpu, 4->4->2 MB, 4 MB goal, 0 MB stacks, 0 MB globals, 16 P
gc 7126 @17.174s 10%: 0.23+0.63+0.19 ms clock, 3.7+0.57/0.91/0+3.1 ms cpu, 4->5->2 MB, 4 MB goal, 0 MB stacks, 0 MB globals, 16 P
gc 7127 @17.176s 10%: 0.13+0.72+0.043 ms clock, 2.1+0.69/0.94/0+0.69 ms cpu, 4->5->2 MB, 4 MB goal, 0 MB stacks, 0 MB globals, 16 P
gc 7128 @17.178s 10%: 0.12+0.67+0.15 ms clock, 2.0+0.61/0.95/0+2.4 ms cpu, 4->5->2 MB, 5 MB goal, 0 MB stacks, 0 MB globals, 16 P
gc 7129 @17.180s 10%: 0.11+0.74+0.056 ms clock, 1.8+0.59/0.95/0+0.90 ms cpu, 4->5->2 MB, 4 MB goal, 0 MB stacks, 0 MB globals, 16 P
gc 7130 @17.182s 10%: 0.10+0.79+0.16 ms clock, 1.7+0.49/0.94/0+2.5 ms cpu, 4->5->2 MB, 4 MB goal, 0 MB stacks, 0 MB globals, 16 P
gc 7131 @17.183s 10%: 0.14+0.52+0.14 ms clock, 2.2+0.68/0.83/0+2.2 ms cpu, 4->4->2 MB, 5 MB goal, 0 MB stacks, 0 MB globals, 16 P
gc 7132 @17.185s 10%: 0.18+0.72+0.20 ms clock, 3.0+0.74/1.0/0+3.2 ms cpu, 3->4->2 MB, 4 MB goal, 0 MB stacks, 0 MB globals, 16 P
gc 7133 @17.187s 10%: 0.13+0.68+0.15 ms clock, 2.0+0.73/1.0/0+2.5 ms cpu, 4->5->2 MB, 5 MB goal, 0 MB stacks, 0 MB globals, 16 P
gc 7134 @17.189s 10%: 0.098+0.77+0.072 ms clock, 1.5+0.64/0.97/0+1.1 ms cpu, 4->5->2 MB, 4 MB goal, 0 MB stacks, 0 MB globals, 16 P
gc 7135 @17.191s 10%: 0.14+0.90+0.12 ms clock, 2.3+0.60/1.3/0.013+2.0 ms cpu, 4->5->2 MB, 4 MB goal, 0 MB stacks, 0 MB globals, 16 P
gc 7136 @17.193s 10%: 0.12+0.67+0.098 ms clock, 1.9+0.66/1.0/0+1.5 ms cpu, 4->5->2 MB, 5 MB goal, 0 MB stacks, 0 MB globals, 16 P
gc 7137 @17.195s 10%: 0.15+0.70+0.084 ms clock, 2.5+0.80/1.3/0+1.3 ms cpu, 3->4->2 MB, 4 MB goal, 0 MB stacks, 0 MB globals, 16 P
gc 7138 @17.196s 10%: 0.10+0.67+0.078 ms clock, 1.7+0.58/1.0/0+1.2 ms cpu, 4->5->2 MB, 5 MB goal, 0 MB stacks, 0 MB globals, 16 P
gc 7139 @17.198s 10%: 0.15+0.77+0.13 ms clock, 2.4+0.67/0.98/0+2.1 ms cpu, 4->5->2 MB, 4 MB goal, 0 MB stacks, 0 MB globals, 16 P
gc 7140 @17.200s 10%: 0.11+0.63+0.15 ms clock, 1.8+0.56/1.0/0.025+2.4 ms cpu, 4->4->2 MB, 5 MB goal, 0 MB stacks, 0 MB globals, 16 P
gc 7141 @17.202s 10%: 0.21+0.58+0.092 ms clock, 3.3+0.64/1.0/0+1.4 ms cpu, 3->4->2 MB, 4 MB goal, 0 MB stacks, 0 MB globals, 16 P
gc 7142 @17.204s 10%: 0.19+0.66+0.15 ms clock, 3.1+0.77/0.90/0+2.4 ms cpu, 4->4->2 MB, 4 MB goal, 0 MB stacks, 0 MB globals, 16 P
gc 7143 @17.205s 10%: 0.10+0.59+0.13 ms clock, 1.6+0.61/0.93/0+2.1 ms cpu, 4->5->2 MB, 5 MB goal, 0 MB stacks, 0 MB globals, 16 P
gc 7144 @17.207s 10%: 0.11+0.73+0.084 ms clock, 1.8+0.69/1.1/0+1.3 ms cpu, 4->4->2 MB, 4 MB goal, 0 MB stacks, 0 MB globals, 16 P
gc 7145 @17.209s 10%: 0.11+0.59+0.089 ms clock, 1.7+0.60/0.97/0+1.4 ms cpu, 4->4->2 MB, 4 MB goal, 0 MB stacks, 0 MB globals, 16 P
gc 7146 @17.211s 10%: 0.11+0.66+0.15 ms clock, 1.8+0.54/0.95/0+2.4 ms cpu, 4->4->2 MB, 4 MB goal, 0 MB stacks, 0 MB globals, 16 P
gc 7147 @17.212s 10%: 0.077+0.56+0.11 ms clock, 1.2+0.54/0.97/0.024+1.8 ms cpu, 4->4->2 MB, 4 MB goal, 0 MB stacks, 0 MB globals, 16 P
gc 7148 @17.214s 10%: 0.13+0.76+0.094 ms clock, 2.2+0.55/0.90/0+1.5 ms cpu, 3->4->2 MB, 4 MB goal, 0 MB stacks, 0 MB globals, 16 P
gc 7149 @17.216s 10%: 0.11+0.57+0.11 ms clock, 1.7+0.59/1.0/0+1.8 ms cpu, 4->4->2 MB, 4 MB goal, 0 MB stacks, 0 MB globals, 16 P
gc 7150 @17.217s 10%: 0.13+0.54+0.22 ms clock, 2.1+0.56/0.98/0+3.5 ms cpu, 3->4->2 MB, 4 MB goal, 0 MB stacks, 0 MB globals, 16 P
gc 7151 @17.219s 10%: 0.16+0.78+0.10 ms clock, 2.5+0.87/0.75/0+1.7 ms cpu, 4->5->2 MB, 4 MB goal, 0 MB stacks, 0 MB globals, 16 P
gc 7152 @17.221s 10%: 0.099+0.80+0.069 ms clock, 1.5+0.61/0.93/0.025+1.1 ms cpu, 4->5->2 MB, 5 MB goal, 0 MB stacks, 0 MB globals, 16 P
gc 7153 @17.223s 10%: 0.11+0.69+0.082 ms clock, 1.8+0.63/1.0/0.005+1.3 ms cpu, 4->5->2 MB, 5 MB goal, 0 MB stacks, 0 MB globals, 16 P
gc 7154 @17.225s 10%: 0.12+0.69+0.15 ms clock, 2.0+0.73/0.93/0+2.4 ms cpu, 4->5->2 MB, 5 MB goal, 0 MB stacks, 0 MB globals, 16 P
gc 7155 @17.226s 10%: 0.13+0.76+0.088 ms clock, 2.2+0.59/0.94/0+1.4 ms cpu, 4->5->2 MB, 4 MB goal, 0 MB stacks, 0 MB globals, 16 P
gc 7156 @17.228s 10%: 0.16+0.59+0.15 ms clock, 2.6+0.53/0.95/0+2.5 ms cpu, 4->5->2 MB, 5 MB goal, 0 MB stacks, 0 MB globals, 16 P
gc 7157 @17.230s 10%: 0.16+0.55+0.17 ms clock, 2.7+0.77/0.95/0+2.8 ms cpu, 3->4->2 MB, 4 MB goal, 0 MB stacks, 0 MB globals, 16 P
gc 7158 @17.232s 10%: 0.18+0.76+0.11 ms clock, 2.8+0.77/1.0/0+1.9 ms cpu, 4->4->2 MB, 4 MB goal, 0 MB stacks, 0 MB globals, 16 P
gc 7159 @17.234s 10%: 0.16+0.89+0.10 ms clock, 2.7+0.63/1.1/0+1.7 ms cpu, 4->5->2 MB, 5 MB goal, 0 MB stacks, 0 MB globals, 16 P
gc 7160 @17.236s 10%: 0.10+0.92+0.10 ms clock, 1.6+0.46/1.2/0+1.6 ms cpu, 4->5->2 MB, 5 MB goal, 0 MB stacks, 0 MB globals, 16 P
gc 7161 @17.238s 10%: 0.12+0.66+0.13 ms clock, 2.0+0.62/1.0/0+2.1 ms cpu, 4->5->2 MB, 5 MB goal, 0 MB stacks, 0 MB globals, 16 P
gc 7162 @17.240s 10%: 0.17+0.72+0.13 ms clock, 2.7+0.73/0.99/0+2.1 ms cpu, 4->5->2 MB, 4 MB goal, 0 MB stacks, 0 MB globals, 16 P
gc 7163 @17.242s 10%: 0.12+0.85+0.11 ms clock, 1.9+0.76/0.85/0+1.9 ms cpu, 4->5->2 MB, 5 MB goal, 0 MB stacks, 0 MB globals, 16 P
gc 7164 @17.244s 10%: 0.11+0.83+0.088 ms clock, 1.9+0.62/1.0/0+1.4 ms cpu, 4->5->2 MB, 5 MB goal, 0 MB stacks, 0 MB globals, 16 P
gc 7165 @17.246s 10%: 0.14+0.54+0.15 ms clock, 2.3+0.62/0.87/0+2.4 ms cpu, 4->5->2 MB, 5 MB goal, 0 MB stacks, 0 MB globals, 16 P
gc 7166 @17.248s 10%: 0.19+0.56+0.16 ms clock, 3.1+0.76/0.86/0+2.6 ms cpu, 4->4->2 MB, 4 MB goal, 0 MB stacks, 0 MB globals, 16 P
gc 7167 @17.249s 10%: 0.15+0.53+0.22 ms clock, 2.4+0.74/0.83/0+3.5 ms cpu, 4->4->2 MB, 4 MB goal, 0 MB stacks, 0 MB globals, 16 P
gc 7168 @17.251s 10%: 0.20+0.58+0.11 ms clock, 3.2+0.69/0.92/0+1.8 ms cpu, 3->4->2 MB, 4 MB goal, 0 MB stacks, 0 MB globals, 16 P
gc 7169 @17.253s 10%: 0.14+0.64+0.20 ms clock, 2.2+0.67/0.97/0+3.2 ms cpu, 4->5->2 MB, 5 MB goal, 0 MB stacks, 0 MB globals, 16 P
gc 7170 @17.255s 10%: 0.099+0.64+0.20 ms clock, 1.5+0.55/0.90/0.015+3.3 ms cpu, 4->4->2 MB, 4 MB goal, 0 MB stacks, 0 MB globals, 16 P
gc 7171 @17.256s 10%: 0.13+0.61+0.13 ms clock, 2.1+0.50/0.94/0.031+2.1 ms cpu, 3->4->2 MB, 4 MB goal, 0 MB stacks, 0 MB globals, 16 P
gc 7172 @17.258s 10%: 0.13+0.49+0.16 ms clock, 2.1+0.48/0.93/0+2.6 ms cpu, 4->4->2 MB, 4 MB goal, 0 MB stacks, 0 MB globals, 16 P
gc 7173 @17.260s 10%: 0.12+0.56+0.12 ms clock, 1.9+0.60/0.98/0+1.9 ms cpu, 3->4->2 MB, 4 MB goal, 0 MB stacks, 0 MB globals, 16 P
gc 7174 @17.261s 10%: 0.14+0.47+0.17 ms clock, 2.3+0.71/0.84/0+2.7 ms cpu, 4->4->2 MB, 4 MB goal, 0 MB stacks, 0 MB globals, 16 P
gc 7175 @17.263s 10%: 0.17+0.56+0.16 ms clock, 2.7+0.68/0.85/0+2.6 ms cpu, 3->4->2 MB, 4 MB goal, 0 MB stacks, 0 MB globals, 16 P
gc 7176 @17.264s 10%: 0.19+0.59+0.11 ms clock, 3.0+0.58/0.92/0+1.8 ms cpu, 3->4->2 MB, 4 MB goal, 0 MB stacks, 0 MB globals, 16 P
gc 7177 @17.266s 10%: 0.099+0.77+0.083 ms clock, 1.5+0.67/1.1/0+1.3 ms cpu, 4->5->2 MB, 5 MB goal, 0 MB stacks, 0 MB globals, 16 P
gc 7178 @17.268s 10%: 0.11+0.68+0.12 ms clock, 1.8+0.74/0.97/0+2.0 ms cpu, 4->5->2 MB, 5 MB goal, 0 MB stacks, 0 MB globals, 16 P
gc 7179 @17.270s 10%: 0.10+0.70+0.059 ms clock, 1.6+0.81/1.1/0+0.94 ms cpu, 4->5->2 MB, 5 MB goal, 0 MB stacks, 0 MB globals, 16 P
gc 7180 @17.272s 10%: 0.11+0.62+0.078 ms clock, 1.8+0.91/0.73/0.078+1.2 ms cpu, 4->4->2 MB, 4 MB goal, 0 MB stacks, 0 MB globals, 16 P
gc 7181 @17.274s 10%: 0.19+0.56+0.17 ms clock, 3.0+0.58/1.1/0+2.8 ms cpu, 3->4->2 MB, 4 MB goal, 0 MB stacks, 0 MB globals, 16 P
gc 7182 @17.275s 10%: 0.16+0.64+0.18 ms clock, 2.6+0.65/1.0/0+3.0 ms cpu, 3->4->2 MB, 4 MB goal, 0 MB stacks, 0 MB globals, 16 P
gc 7183 @17.277s 10%: 0.23+0.59+0.13 ms clock, 3.7+0.80/0.94/0+2.1 ms cpu, 4->4->2 MB, 5 MB goal, 0 MB stacks, 0 MB globals, 16 P
gc 7184 @17.279s 10%: 0.20+0.77+0.21 ms clock, 3.2+0.78/1.1/0+3.4 ms cpu, 4->5->2 MB, 4 MB goal, 0 MB stacks, 0 MB globals, 16 P
gc 7185 @17.281s 10%: 0.14+0.59+0.18 ms clock, 2.3+0.74/0.96/0+2.9 ms cpu, 4->5->2 MB, 5 MB goal, 0 MB stacks, 0 MB globals, 16 P
gc 7186 @17.283s 10%: 0.16+0.79+0.17 ms clock, 2.6+0.76/0.98/0+2.7 ms cpu, 3->5->2 MB, 4 MB goal, 0 MB stacks, 0 MB globals, 16 P
gc 7187 @17.285s 10%: 0.10+0.63+0.14 ms clock, 1.6+0.46/0.97/0+2.2 ms cpu, 4->5->2 MB, 5 MB goal, 0 MB stacks, 0 MB globals, 16 P
gc 7188 @17.286s 10%: 0.15+0.53+0.17 ms clock, 2.5+0.61/0.92/0.030+2.8 ms cpu, 3->4->2 MB, 4 MB goal, 0 MB stacks, 0 MB globals, 16 P
gc 7189 @17.288s 10%: 0.13+0.61+0.17 ms clock, 2.1+0.63/1.0/0+2.7 ms cpu, 3->4->2 MB, 4 MB goal, 0 MB stacks, 0 MB globals, 16 P
gc 7190 @17.290s 10%: 0.11+0.73+0.14 ms clock, 1.8+0.62/0.86/0.058+2.2 ms cpu, 4->5->2 MB, 4 MB goal, 0 MB stacks, 0 MB globals, 16 P
gc 7191 @17.291s 10%: 0.11+0.69+0.16 ms clock, 1.8+0.38/1.1/0.005+2.6 ms cpu, 4->5->2 MB, 4 MB goal, 0 MB stacks, 0 MB globals, 16 P
gc 7192 @17.293s 10%: 0.11+0.98+0.081 ms clock, 1.8+0.74/1.0/0+1.3 ms cpu, 4->5->2 MB, 4 MB goal, 0 MB stacks, 0 MB globals, 16 P
gc 7193 @17.295s 10%: 0.11+0.84+0.087 ms clock, 1.8+0.68/1.0/0+1.4 ms cpu, 4->5->2 MB, 5 MB goal, 0 MB stacks, 0 MB globals, 16 P
gc 7194 @17.297s 10%: 0.11+0.67+0.16 ms clock, 1.8+0.68/0.82/0+2.5 ms cpu, 4->5->2 MB, 4 MB goal, 0 MB stacks, 0 MB globals, 16 P
gc 7195 @17.299s 10%: 0.14+0.53+0.13 ms clock, 2.3+0.75/1.0/0+2.1 ms cpu, 4->5->2 MB, 5 MB goal, 0 MB stacks, 0 MB globals, 16 P
gc 7196 @17.301s 10%: 0.092+0.81+0.089 ms clock, 1.4+0.58/1.1/0+1.4 ms cpu, 3->4->2 MB, 4 MB goal, 0 MB stacks, 0 MB globals, 16 P
gc 7197 @17.303s 10%: 0.18+0.64+0.086 ms clock, 2.9+0.61/0.94/0+1.3 ms cpu, 4->4->2 MB, 4 MB goal, 0 MB stacks, 0 MB globals, 16 P
gc 7198 @17.304s 10%: 0.12+0.71+0.10 ms clock, 2.0+0.59/1.0/0.001+1.7 ms cpu, 4->4->2 MB, 4 MB goal, 0 MB stacks, 0 MB globals, 16 P
gc 7199 @17.306s 10%: 0.090+0.76+0.037 ms clock, 1.4+0.48/1.0/0+0.59 ms cpu, 4->5->2 MB, 4 MB goal, 0 MB stacks, 0 MB globals, 16 P
gc 7200 @17.308s 10%: 0.11+1.0+0.12 ms clock, 1.8+0.56/0.96/0.038+1.9 ms cpu, 4->5->2 MB, 4 MB goal, 0 MB stacks, 0 MB globals, 16 P
gc 7201 @17.310s 10%: 0.17+0.74+0.14 ms clock, 2.7+0.46/1.1/0+2.3 ms cpu, 4->5->2 MB, 5 MB goal, 0 MB stacks, 0 MB globals, 16 P
gc 7202 @17.312s 10%: 0.17+0.60+0.14 ms clock, 2.7+0.83/0.87/0.002+2.3 ms cpu, 4->5->2 MB, 5 MB goal, 0 MB stacks, 0 MB globals, 16 P
gc 7203 @17.314s 10%: 0.11+1.0+0.052 ms clock, 1.9+0.70/1.1/0+0.83 ms cpu, 3->4->2 MB, 4 MB goal, 0 MB stacks, 0 MB globals, 16 P
gc 7204 @17.316s 10%: 0.12+0.86+0.11 ms clock, 2.0+0.68/1.2/0+1.8 ms cpu, 4->5->2 MB, 5 MB goal, 0 MB stacks, 0 MB globals, 16 P
gc 7205 @17.318s 10%: 0.095+0.77+0.11 ms clock, 1.5+0.65/1.0/0.053+1.8 ms cpu, 4->5->2 MB, 5 MB goal, 0 MB stacks, 0 MB globals, 16 P
gc 7206 @17.320s 10%: 0.13+0.52+0.16 ms clock, 2.2+0.73/0.92/0+2.5 ms cpu, 4->4->2 MB, 4 MB goal, 0 MB stacks, 0 MB globals, 16 P
gc 7207 @17.322s 10%: 0.10+0.58+0.12 ms clock, 1.7+0.64/1.0/0+1.9 ms cpu, 3->4->2 MB, 4 MB goal, 0 MB stacks, 0 MB globals, 16 P
gc 7208 @17.324s 10%: 0.15+0.96+0.098 ms clock, 2.5+0.62/0.99/0+1.5 ms cpu, 3->5->2 MB, 4 MB goal, 0 MB stacks, 0 MB globals, 16 P
gc 7209 @17.326s 10%: 0.11+0.57+0.14 ms clock, 1.8+0.50/1.0/0+2.2 ms cpu, 4->5->2 MB, 5 MB goal, 0 MB stacks, 0 MB globals, 16 P
gc 7210 @17.327s 10%: 0.15+0.84+0.14 ms clock, 2.4+0.76/1.1/0.009+2.3 ms cpu, 3->5->2 MB, 4 MB goal, 0 MB stacks, 0 MB globals, 16 P
gc 7211 @17.330s 10%: 0.13+0.77+0.097 ms clock, 2.1+0.75/1.0/0+1.5 ms cpu, 4->5->2 MB, 5 MB goal, 0 MB stacks, 0 MB globals, 16 P
gc 7212 @17.332s 10%: 0.15+0.62+0.14 ms clock, 2.5+0.72/0.90/0+2.3 ms cpu, 4->5->2 MB, 5 MB goal, 0 MB stacks, 0 MB globals, 16 P
gc 7213 @17.334s 10%: 0.24+0.62+0.14 ms clock, 3.8+1.0/0.77/0+2.2 ms cpu, 3->4->2 MB, 4 MB goal, 0 MB stacks, 0 MB globals, 16 P
gc 7214 @17.336s 10%: 0.11+0.72+0.13 ms clock, 1.8+0.83/0.89/0+2.1 ms cpu, 4->5->2 MB, 5 MB goal, 0 MB stacks, 0 MB globals, 16 P
gc 7215 @17.338s 10%: 0.099+0.54+0.11 ms clock, 1.5+0.55/0.95/0+1.8 ms cpu, 4->4->2 MB, 5 MB goal, 0 MB stacks, 0 MB globals, 16 P
gc 7216 @17.339s 10%: 0.13+0.83+0.14 ms clock, 2.1+0.66/1.2/0+2.2 ms cpu, 3->4->2 MB, 4 MB goal, 0 MB stacks, 0 MB globals, 16 P
gc 7217 @17.341s 10%: 0.11+0.76+0.13 ms clock, 1.8+0.59/0.97/0+2.1 ms cpu, 4->5->2 MB, 5 MB goal, 0 MB stacks, 0 MB globals, 16 P
gc 7218 @17.343s 10%: 0.12+0.71+0.20 ms clock, 1.9+0.68/1.2/0+3.2 ms cpu, 4->5->2 MB, 5 MB goal, 0 MB stacks, 0 MB globals, 16 P
gc 7219 @17.345s 10%: 0.11+1.4+0.037 ms clock, 1.8+0.73/1.0/0+0.60 ms cpu, 4->5->2 MB, 5 MB goal, 0 MB stacks, 0 MB globals, 16 P
gc 7220 @17.348s 10%: 0.18+0.60+0.15 ms clock, 3.0+0.59/0.92/0+2.4 ms cpu, 4->5->2 MB, 5 MB goal, 0 MB stacks, 0 MB globals, 16 P
gc 7221 @17.349s 10%: 0.13+0.52+0.10 ms clock, 2.0+0.64/0.87/0.032+1.7 ms cpu, 4->4->2 MB, 5 MB goal, 0 MB stacks, 0 MB globals, 16 P
gc 7222 @17.351s 10%: 0.11+0.77+0.088 ms clock, 1.9+0.73/1.0/0.010+1.4 ms cpu, 3->4->2 MB, 4 MB goal, 0 MB stacks, 0 MB globals, 16 P
gc 7223 @17.353s 10%: 0.12+0.63+0.18 ms clock, 1.9+0.43/0.93/0.039+2.9 ms cpu, 4->4->1 MB, 5 MB goal, 0 MB stacks, 0 MB globals, 16 P
gc 7224 @17.354s 10%: 0.10+0.63+0.15 ms clock, 1.7+0.47/1.0/0+2.4 ms cpu, 3->4->2 MB, 4 MB goal, 0 MB stacks, 0 MB globals, 16 P
gc 7225 @17.356s 10%: 0.14+0.50+0.16 ms clock, 2.2+0.53/0.92/0+2.6 ms cpu, 4->5->2 MB, 5 MB goal, 0 MB stacks, 0 MB globals, 16 P
gc 7226 @17.358s 10%: 0.14+0.57+0.18 ms clock, 2.2+0.70/1.0/0.003+2.8 ms cpu, 3->4->2 MB, 4 MB goal, 0 MB stacks, 0 MB globals, 16 P
gc 7227 @17.360s 10%: 0.13+0.54+0.14 ms clock, 2.1+0.55/0.88/0+2.3 ms cpu, 4->4->2 MB, 4 MB goal, 0 MB stacks, 0 MB globals, 16 P
gc 7228 @17.361s 10%: 0.11+0.57+0.15 ms clock, 1.7+0.66/0.87/0.002+2.4 ms cpu, 3->4->2 MB, 4 MB goal, 0 MB stacks, 0 MB globals, 16 P
gc 7229 @17.363s 10%: 0.12+0.67+0.096 ms clock, 1.9+0.57/0.93/0.064+1.5 ms cpu, 4->4->2 MB, 4 MB goal, 0 MB stacks, 0 MB globals, 16 P
gc 7230 @17.365s 10%: 0.11+0.64+0.12 ms clock, 1.7+0.61/0.89/0.086+2.0 ms cpu, 3->4->2 MB, 4 MB goal, 0 MB stacks, 0 MB globals, 16 P
gc 7231 @17.366s 10%: 0.15+0.63+0.13 ms clock, 2.4+0.73/0.92/0+2.0 ms cpu, 4->4->2 MB, 4 MB goal, 0 MB stacks, 0 MB globals, 16 P
gc 7232 @17.368s 10%: 0.20+1.0+0.091 ms clock, 3.3+0.67/0.97/0+1.4 ms cpu, 4->5->2 MB, 4 MB goal, 0 MB stacks, 0 MB globals, 16 P
gc 7233 @17.370s 10%: 0.15+0.61+0.11 ms clock, 2.4+0.57/0.85/0.10+1.7 ms cpu, 4->5->2 MB, 5 MB goal, 0 MB stacks, 0 MB globals, 16 P
gc 7234 @17.372s 10%: 0.12+0.58+0.14 ms clock, 2.0+0.64/0.97/0+2.2 ms cpu, 3->4->2 MB, 4 MB goal, 0 MB stacks, 0 MB globals, 16 P
gc 7235 @17.374s 10%: 0.10+0.73+0.10 ms clock, 1.6+0.70/0.89/0.008+1.7 ms cpu, 4->5->2 MB, 4 MB goal, 0 MB stacks, 0 MB globals, 16 P
gc 7236 @17.376s 10%: 0.12+0.88+0.12 ms clock, 1.9+0.71/0.89/0+1.9 ms cpu, 4->5->2 MB, 5 MB goal, 0 MB stacks, 0 MB globals, 16 P
gc 7237 @17.378s 10%: 0.12+0.67+0.18 ms clock, 2.0+0.66/1.0/0+2.9 ms cpu, 4->5->2 MB, 5 MB goal, 0 MB stacks, 0 MB globals, 16 P
gc 7238 @17.379s 10%: 0.14+0.74+0.13 ms clock, 2.3+0.62/0.88/0+2.1 ms cpu, 4->5->2 MB, 4 MB goal, 0 MB stacks, 0 MB globals, 16 P
gc 7239 @17.382s 10%: 0.15+0.63+0.10 ms clock, 2.4+0.62/0.97/0+1.6 ms cpu, 4->5->2 MB, 5 MB goal, 0 MB stacks, 0 MB globals, 16 P
gc 7240 @17.383s 10%: 0.10+0.61+0.091 ms clock, 1.7+0.53/1.0/0.033+1.4 ms cpu, 3->4->2 MB, 4 MB goal, 0 MB stacks, 0 MB globals, 16 P
gc 7241 @17.385s 10%: 0.14+0.59+0.10 ms clock, 2.2+0.58/0.96/0+1.6 ms cpu, 4->4->2 MB, 4 MB goal, 0 MB stacks, 0 MB globals, 16 P
gc 7242 @17.387s 10%: 0.13+0.55+0.16 ms clock, 2.0+0.62/0.89/0+2.5 ms cpu, 4->4->2 MB, 4 MB goal, 0 MB stacks, 0 MB globals, 16 P
gc 7243 @17.388s 10%: 0.11+0.72+0.11 ms clock, 1.7+0.59/1.0/0.011+1.8 ms cpu, 3->4->2 MB, 4 MB goal, 0 MB stacks, 0 MB globals, 16 P
gc 7244 @17.390s 10%: 0.16+0.71+0.13 ms clock, 2.6+0.67/1.0/0+2.1 ms cpu, 4->5->2 MB, 4 MB goal, 0 MB stacks, 0 MB globals, 16 P
gc 7245 @17.392s 10%: 0.11+0.62+0.13 ms clock, 1.7+0.53/0.81/0.034+2.2 ms cpu, 4->5->2 MB, 5 MB goal, 0 MB stacks, 0 MB globals, 16 P
gc 7246 @17.394s 10%: 0.19+0.63+0.11 ms clock, 3.1+0.68/1.1/0+1.8 ms cpu, 3->4->2 MB, 4 MB goal, 0 MB stacks, 0 MB globals, 16 P
gc 7247 @17.395s 10%: 0.20+1.0+0.099 ms clock, 3.3+0.74/1.0/0+1.5 ms cpu, 4->5->2 MB, 4 MB goal, 0 MB stacks, 0 MB globals, 16 P
gc 7248 @17.398s 10%: 0.086+0.82+0.16 ms clock, 1.3+0.70/1.1/0+2.6 ms cpu, 4->5->2 MB, 5 MB goal, 0 MB stacks, 0 MB globals, 16 P
gc 7249 @17.400s 10%: 0.10+0.58+0.16 ms clock, 1.6+0.54/1.0/0+2.5 ms cpu, 4->5->2 MB, 5 MB goal, 0 MB stacks, 0 MB globals, 16 P
gc 7250 @17.401s 10%: 0.17+0.63+0.14 ms clock, 2.7+0.74/0.90/0+2.3 ms cpu, 3->4->2 MB, 4 MB goal, 0 MB stacks, 0 MB globals, 16 P
gc 7251 @17.403s 10%: 0.070+0.73+0.10 ms clock, 1.1+0.54/1.1/0+1.6 ms cpu, 3->4->2 MB, 4 MB goal, 0 MB stacks, 0 MB globals, 16 P
gc 7252 @17.405s 10%: 0.11+0.73+0.14 ms clock, 1.8+0.56/0.97/0+2.3 ms cpu, 4->4->2 MB, 4 MB goal, 0 MB stacks, 0 MB globals, 16 P
gc 7253 @17.407s 10%: 0.12+0.68+0.14 ms clock, 1.9+0.71/1.0/0+2.2 ms cpu, 4->5->2 MB, 4 MB goal, 0 MB stacks, 0 MB globals, 16 P
gc 7254 @17.408s 10%: 0.11+0.75+0.075 ms clock, 1.8+0.62/1.0/0.002+1.2 ms cpu, 4->4->2 MB, 4 MB goal, 0 MB stacks, 0 MB globals, 16 P
gc 7255 @17.410s 10%: 0.13+0.79+0.087 ms clock, 2.1+0.64/1.0/0+1.3 ms cpu, 4->5->2 MB, 4 MB goal, 0 MB stacks, 0 MB globals, 16 P
gc 7256 @17.412s 10%: 0.079+0.89+0.096 ms clock, 1.2+0.55/1.0/0+1.5 ms cpu, 4->5->2 MB, 5 MB goal, 0 MB stacks, 0 MB globals, 16 P
gc 7257 @17.414s 10%: 0.11+0.72+0.11 ms clock, 1.7+0.55/1.0/0.005+1.8 ms cpu, 4->5->2 MB, 4 MB goal, 0 MB stacks, 0 MB globals, 16 P
gc 7258 @17.416s 10%: 0.11+0.64+0.12 ms clock, 1.8+0.59/0.90/0.008+1.9 ms cpu, 4->4->2 MB, 5 MB goal, 0 MB stacks, 0 MB globals, 16 P
gc 7259 @17.418s 10%: 0.13+0.77+0.097 ms clock, 2.1+0.59/0.81/0.034+1.5 ms cpu, 4->4->2 MB, 4 MB goal, 0 MB stacks, 0 MB globals, 16 P
gc 7260 @17.420s 10%: 0.10+0.70+0.12 ms clock, 1.6+0.66/0.99/0.004+2.0 ms cpu, 4->5->2 MB, 4 MB goal, 0 MB stacks, 0 MB globals, 16 P
gc 7261 @17.422s 10%: 0.13+0.70+0.10 ms clock, 2.1+0.58/0.99/0+1.6 ms cpu, 4->5->2 MB, 5 MB goal, 0 MB stacks, 0 MB globals, 16 P
gc 7262 @17.424s 10%: 0.12+0.67+0.11 ms clock, 1.9+0.56/1.0/0+1.7 ms cpu, 4->5->2 MB, 5 MB goal, 0 MB stacks, 0 MB globals, 16 P
gc 7263 @17.425s 10%: 0.10+0.50+0.11 ms clock, 1.6+0.55/0.97/0+1.8 ms cpu, 4->4->2 MB, 4 MB goal, 0 MB stacks, 0 MB globals, 16 P
gc 7264 @17.427s 10%: 0.10+0.65+0.12 ms clock, 1.6+0.48/1.0/0+1.9 ms cpu, 3->4->2 MB, 4 MB goal, 0 MB stacks, 0 MB globals, 16 P
gc 7265 @17.429s 10%: 0.11+0.59+0.13 ms clock, 1.8+0.50/0.94/0+2.1 ms cpu, 3->4->2 MB, 4 MB goal, 0 MB stacks, 0 MB globals, 16 P
gc 7266 @17.430s 10%: 0.13+0.68+0.16 ms clock, 2.1+0.84/0.91/0.016+2.6 ms cpu, 4->4->2 MB, 4 MB goal, 0 MB stacks, 0 MB globals, 16 P
gc 7267 @17.432s 10%: 0.11+0.50+0.14 ms clock, 1.8+0.57/0.97/0+2.3 ms cpu, 4->4->2 MB, 4 MB goal, 0 MB stacks, 0 MB globals, 16 P
gc 7268 @17.434s 10%: 0.13+0.74+0.11 ms clock, 2.1+0.76/1.0/0+1.7 ms cpu, 3->4->2 MB, 4 MB goal, 0 MB stacks, 0 MB globals, 16 P
gc 7269 @17.436s 10%: 0.20+0.74+0.11 ms clock, 3.2+0.63/1.1/0+1.8 ms cpu, 4->5->2 MB, 5 MB goal, 0 MB stacks, 0 MB globals, 16 P
gc 7270 @17.438s 10%: 0.12+0.85+0.083 ms clock, 1.9+0.61/1.1/0+1.3 ms cpu, 4->5->2 MB, 4 MB goal, 0 MB stacks, 0 MB globals, 16 P
gc 7271 @17.440s 10%: 0.13+0.61+0.18 ms clock, 2.1+0.50/1.1/0+2.9 ms cpu, 4->5->2 MB, 5 MB goal, 0 MB stacks, 0 MB globals, 16 P
gc 7272 @17.441s 10%: 0.12+0.73+0.16 ms clock, 1.9+0.59/0.93/0+2.5 ms cpu, 4->4->2 MB, 4 MB goal, 0 MB stacks, 0 MB globals, 16 P
gc 7273 @17.443s 10%: 0.15+0.62+0.14 ms clock, 2.5+0.52/0.90/0.008+2.3 ms cpu, 4->4->2 MB, 4 MB goal, 0 MB stacks, 0 MB globals, 16 P
gc 7274 @17.445s 10%: 0.14+0.96+0.074 ms clock, 2.3+0.57/0.93/0+1.1 ms cpu, 3->4->2 MB, 4 MB goal, 0 MB stacks, 0 MB globals, 16 P
gc 7275 @17.447s 10%: 0.11+0.92+0.15 ms clock, 1.8+0.64/0.92/0.020+2.4 ms cpu, 5->6->2 MB, 6 MB goal, 0 MB stacks, 0 MB globals, 16 P
gc 7276 @17.450s 10%: 0.20+0.65+0.097 ms clock, 3.2+0.77/0.98/0+1.5 ms cpu, 4->5->2 MB, 5 MB goal, 0 MB stacks, 0 MB globals, 16 P
gc 7277 @17.451s 10%: 0.16+0.72+0.18 ms clock, 2.5+0.60/0.83/0+3.0 ms cpu, 4->5->2 MB, 5 MB goal, 0 MB stacks, 0 MB globals, 16 P
gc 7278 @17.453s 10%: 0.13+0.64+0.18 ms clock, 2.1+0.71/1.0/0+2.8 ms cpu, 4->4->2 MB, 4 MB goal, 0 MB stacks, 0 MB globals, 16 P
gc 7279 @17.455s 10%: 0.13+0.72+0.10 ms clock, 2.1+0.62/0.97/0+1.7 ms cpu, 4->4->2 MB, 4 MB goal, 0 MB stacks, 0 MB globals, 16 P
gc 7280 @17.457s 10%: 0.13+0.67+0.073 ms clock, 2.2+0.67/1.0/0+1.1 ms cpu, 4->5->2 MB, 5 MB goal, 0 MB stacks, 0 MB globals, 16 P
gc 7281 @17.459s 10%: 0.12+0.61+0.13 ms clock, 1.9+0.66/1.0/0+2.0 ms cpu, 4->4->2 MB, 4 MB goal, 0 MB stacks, 0 MB globals, 16 P
gc 7282 @17.460s 10%: 0.14+0.55+0.10 ms clock, 2.3+0.53/1.0/0+1.6 ms cpu, 4->4->2 MB, 4 MB goal, 0 MB stacks, 0 MB globals, 16 P
gc 7283 @17.462s 10%: 0.15+0.53+0.17 ms clock, 2.4+0.71/0.98/0+2.8 ms cpu, 3->4->2 MB, 4 MB goal, 0 MB stacks, 0 MB globals, 16 P
gc 7284 @17.464s 10%: 0.19+0.63+0.19 ms clock, 3.1+0.56/0.93/0+3.1 ms cpu, 3->4->2 MB, 4 MB goal, 0 MB stacks, 0 MB globals, 16 P
gc 7285 @17.465s 10%: 0.12+0.70+0.13 ms clock, 1.9+0.65/0.91/0+2.1 ms cpu, 4->4->2 MB, 4 MB goal, 0 MB stacks, 0 MB globals, 16 P
gc 7286 @17.467s 10%: 0.088+0.64+0.12 ms clock, 1.4+0.54/0.73/0+1.9 ms cpu, 4->4->2 MB, 4 MB goal, 0 MB stacks, 0 MB globals, 16 P
gc 7287 @17.469s 10%: 0.16+0.86+0.10 ms clock, 2.6+0.60/0.96/0+1.6 ms cpu, 3->5->2 MB, 4 MB goal, 0 MB stacks, 0 MB globals, 16 P
gc 7288 @17.471s 10%: 0.10+0.98+0.079 ms clock, 1.6+0.68/1.0/0+1.2 ms cpu, 4->5->2 MB, 5 MB goal, 0 MB stacks, 0 MB globals, 16 P
gc 7289 @17.473s 10%: 0.14+0.67+0.17 ms clock, 2.3+0.60/1.0/0+2.8 ms cpu, 4->5->2 MB, 5 MB goal, 0 MB stacks, 0 MB globals, 16 P
gc 7290 @17.475s 10%: 0.12+0.97+0.083 ms clock, 1.9+0.63/0.92/0+1.3 ms cpu, 4->5->2 MB, 5 MB goal, 0 MB stacks, 0 MB globals, 16 P
gc 7291 @17.477s 10%: 0.10+0.71+0.16 ms clock, 1.6+0.47/0.96/0+2.7 ms cpu, 4->5->2 MB, 5 MB goal, 0 MB stacks, 0 MB globals, 16 P
gc 7292 @17.479s 10%: 0.12+0.72+0.11 ms clock, 1.9+0.63/0.94/0.014+1.8 ms cpu, 4->5->2 MB, 4 MB goal, 0 MB stacks, 0 MB globals, 16 P
gc 7293 @17.481s 10%: 0.10+0.54+0.13 ms clock, 1.7+0.49/1.0/0+2.1 ms cpu, 4->4->2 MB, 5 MB goal, 0 MB stacks, 0 MB globals, 16 P
gc 7294 @17.482s 10%: 0.084+0.58+0.10 ms clock, 1.3+0.58/1.0/0+1.7 ms cpu, 3->4->2 MB, 4 MB goal, 0 MB stacks, 0 MB globals, 16 P
gc 7295 @17.484s 10%: 0.12+0.69+0.20 ms clock, 1.9+0.72/0.92/0+3.2 ms cpu, 3->4->2 MB, 4 MB goal, 0 MB stacks, 0 MB globals, 16 P
gc 7296 @17.486s 10%: 0.17+0.50+0.12 ms clock, 2.8+0.74/0.77/0+2.0 ms cpu, 4->4->2 MB, 4 MB goal, 0 MB stacks, 0 MB globals, 16 P
gc 7297 @17.487s 10%: 0.17+0.73+0.11 ms clock, 2.8+0.50/1.0/0+1.8 ms cpu, 3->4->2 MB, 4 MB goal, 0 MB stacks, 0 MB globals, 16 P
gc 7298 @17.489s 10%: 0.066+0.73+0.085 ms clock, 1.0+0.33/1.0/0+1.3 ms cpu, 4->5->2 MB, 5 MB goal, 0 MB stacks, 0 MB globals, 16 P
gc 7299 @17.491s 10%: 0.15+0.64+0.15 ms clock, 2.4+0.62/1.0/0.006+2.5 ms cpu, 3->4->2 MB, 4 MB goal, 0 MB stacks, 0 MB globals, 16 P
gc 7300 @17.493s 10%: 0.11+0.84+0.14 ms clock, 1.8+0.44/1.0/0.014+2.3 ms cpu, 4->5->2 MB, 5 MB goal, 0 MB stacks, 0 MB globals, 16 P
gc 7301 @17.495s 10%: 0.13+0.54+0.11 ms clock, 2.1+0.53/0.93/0+1.9 ms cpu, 4->5->2 MB, 5 MB goal, 0 MB stacks, 0 MB globals, 16 P
gc 7302 @17.497s 10%: 0.13+0.70+0.068 ms clock, 2.0+0.74/0.89/0+1.0 ms cpu, 3->4->2 MB, 4 MB goal, 0 MB stacks, 0 MB globals, 16 P
gc 7303 @17.498s 10%: 0.12+0.53+0.11 ms clock, 2.0+0.53/1.0/0.034+1.7 ms cpu, 4->4->2 MB, 4 MB goal, 0 MB stacks, 0 MB globals, 16 P
gc 7304 @17.500s 10%: 0.14+0.59+0.13 ms clock, 2.3+0.62/0.86/0+2.0 ms cpu, 3->4->2 MB, 4 MB goal, 0 MB stacks, 0 MB globals, 16 P
gc 7305 @17.502s 10%: 0.11+0.68+0.11 ms clock, 1.8+0.61/0.84/0+1.7 ms cpu, 3->4->2 MB, 4 MB goal, 0 MB stacks, 0 MB globals, 16 P
gc 7306 @17.503s 10%: 0.12+0.54+0.21 ms clock, 1.9+0.71/1.0/0+3.3 ms cpu, 4->4->2 MB, 4 MB goal, 0 MB stacks, 0 MB globals, 16 P
gc 7307 @17.505s 10%: 0.17+0.62+0.11 ms clock, 2.8+0.71/0.96/0+1.8 ms cpu, 3->4->2 MB, 4 MB goal, 0 MB stacks, 0 MB globals, 16 P
gc 7308 @17.507s 10%: 0.17+0.65+0.10 ms clock, 2.8+0.68/0.90/0.001+1.6 ms cpu, 4->5->2 MB, 5 MB goal, 0 MB stacks, 0 MB globals, 16 P
gc 7309 @17.509s 10%: 0.13+0.72+0.12 ms clock, 2.0+0.57/0.91/0.006+2.0 ms cpu, 4->4->2 MB, 5 MB goal, 0 MB stacks, 0 MB globals, 16 P
gc 7310 @17.511s 10%: 0.12+0.54+0.11 ms clock, 1.9+0.54/0.91/0+1.9 ms cpu, 4->4->2 MB, 4 MB goal, 0 MB stacks, 0 MB globals, 16 P
gc 7311 @17.512s 10%: 0.11+0.63+0.12 ms clock, 1.7+0.56/0.84/0.10+1.9 ms cpu, 4->4->2 MB, 4 MB goal, 0 MB stacks, 0 MB globals, 16 P
gc 7312 @17.514s 10%: 0.17+0.60+0.15 ms clock, 2.7+0.56/1.0/0.017+2.4 ms cpu, 4->4->2 MB, 4 MB goal, 0 MB stacks, 0 MB globals, 16 P
gc 7313 @17.516s 10%: 0.14+0.60+0.10 ms clock, 2.2+0.63/1.0/0+1.6 ms cpu, 3->4->2 MB, 4 MB goal, 0 MB stacks, 0 MB globals, 16 P
gc 7314 @17.518s 10%: 0.14+0.72+0.17 ms clock, 2.3+0.52/1.0/0+2.7 ms cpu, 4->4->2 MB, 4 MB goal, 0 MB stacks, 0 MB globals, 16 P
gc 7315 @17.520s 10%: 0.13+0.65+0.22 ms clock, 2.2+0.61/0.94/0.072+3.6 ms cpu, 4->5->2 MB, 5 MB goal, 0 MB stacks, 0 MB globals, 16 P
gc 7316 @17.521s 10%: 0.20+0.67+0.18 ms clock, 3.2+0.71/0.99/0+2.9 ms cpu, 4->4->2 MB, 4 MB goal, 0 MB stacks, 0 MB globals, 16 P
gc 7317 @17.523s 10%: 0.13+0.71+0.17 ms clock, 2.1+0.56/0.99/0+2.8 ms cpu, 4->5->2 MB, 4 MB goal, 0 MB stacks, 0 MB globals, 16 P
gc 7318 @17.525s 10%: 0.11+0.73+0.12 ms clock, 1.8+0.47/0.99/0.016+1.9 ms cpu, 4->5->2 MB, 5 MB goal, 0 MB stacks, 0 MB globals, 16 P
gc 7319 @17.527s 10%: 0.11+0.71+0.10 ms clock, 1.8+0.63/0.92/0.014+1.6 ms cpu, 4->4->2 MB, 4 MB goal, 0 MB stacks, 0 MB globals, 16 P
gc 7320 @17.529s 10%: 0.12+0.52+0.10 ms clock, 2.0+0.69/0.84/0+1.6 ms cpu, 4->4->2 MB, 4 MB goal, 0 MB stacks, 0 MB globals, 16 P
gc 7321 @17.530s 10%: 0.11+0.79+0.044 ms clock, 1.7+0.59/1.1/0+0.71 ms cpu, 3->4->2 MB, 4 MB goal, 0 MB stacks, 0 MB globals, 16 P
gc 7322 @17.532s 10%: 0.14+0.59+0.15 ms clock, 2.2+0.58/0.94/0+2.5 ms cpu, 4->5->2 MB, 5 MB goal, 0 MB stacks, 0 MB globals, 16 P
gc 7323 @17.534s 10%: 0.14+0.66+0.18 ms clock, 2.3+0.73/0.79/0+3.0 ms cpu, 3->4->2 MB, 4 MB goal, 0 MB stacks, 0 MB globals, 16 P
gc 7324 @17.536s 10%: 0.10+0.47+0.13 ms clock, 1.7+0.61/0.93/0.015+2.1 ms cpu, 4->5->2 MB, 5 MB goal, 0 MB stacks, 0 MB globals, 16 P
gc 7325 @17.537s 10%: 0.15+0.62+0.15 ms clock, 2.4+0.55/1.0/0+2.4 ms cpu, 3->4->2 MB, 4 MB goal, 0 MB stacks, 0 MB globals, 16 P
gc 7326 @17.539s 10%: 0.11+0.68+0.10 ms clock, 1.9+0.56/0.93/0+1.6 ms cpu, 4->5->2 MB, 5 MB goal, 0 MB stacks, 0 MB globals, 16 P
gc 7327 @17.541s 10%: 0.15+1.2+0.076 ms clock, 2.5+0.52/1.0/0+1.2 ms cpu, 4->5->2 MB, 4 MB goal, 0 MB stacks, 0 MB globals, 16 P
gc 7328 @17.544s 10%: 0.11+0.76+0.12 ms clock, 1.8+0.48/0.97/0+1.9 ms cpu, 5->6->2 MB, 5 MB goal, 0 MB stacks, 0 MB globals, 16 P
gc 7329 @17.546s 10%: 0.17+0.57+0.079 ms clock, 2.7+0.61/0.94/0+1.2 ms cpu, 4->5->2 MB, 5 MB goal, 0 MB stacks, 0 MB globals, 16 P
gc 7330 @17.548s 10%: 0.15+0.72+0.11 ms clock, 2.4+0.56/0.95/0.018+1.9 ms cpu, 3->4->2 MB, 4 MB goal, 0 MB stacks, 0 MB globals, 16 P
gc 7331 @17.549s 10%: 0.13+0.67+0.19 ms clock, 2.1+0.70/1.0/0.001+3.0 ms cpu, 4->4->2 MB, 4 MB goal, 0 MB stacks, 0 MB globals, 16 P
gc 7332 @17.551s 10%: 0.091+0.51+0.17 ms clock, 1.4+0.62/1.0/0+2.7 ms cpu, 4->4->2 MB, 4 MB goal, 0 MB stacks, 0 MB globals, 16 P
gc 7333 @17.553s 10%: 0.12+0.58+0.17 ms clock, 1.9+0.64/0.90/0.012+2.8 ms cpu, 3->4->2 MB, 4 MB goal, 0 MB stacks, 0 MB globals, 16 P
gc 7334 @17.554s 10%: 0.12+0.58+0.086 ms clock, 2.0+0.56/0.95/0+1.3 ms cpu, 4->4->2 MB, 4 MB goal, 0 MB stacks, 0 MB globals, 16 P
gc 7335 @17.556s 10%: 0.15+0.68+0.069 ms clock, 2.4+0.50/0.92/0.037+1.1 ms cpu, 4->4->2 MB, 4 MB goal, 0 MB stacks, 0 MB globals, 16 P
gc 7336 @17.558s 10%: 0.11+0.52+0.15 ms clock, 1.8+0.47/1.0/0+2.5 ms cpu, 4->4->2 MB, 4 MB goal, 0 MB stacks, 0 MB globals, 16 P
gc 7337 @17.560s 10%: 0.11+0.60+0.15 ms clock, 1.7+0.53/0.89/0+2.5 ms cpu, 4->4->2 MB, 4 MB goal, 0 MB stacks, 0 MB globals, 16 P
gc 7338 @17.561s 10%: 0.12+0.71+0.14 ms clock, 2.0+0.80/0.92/0+2.3 ms cpu, 3->4->2 MB, 4 MB goal, 0 MB stacks, 0 MB globals, 16 P
gc 7339 @17.563s 10%: 0.11+0.70+0.12 ms clock, 1.9+0.75/0.98/0+1.9 ms cpu, 4->5->2 MB, 5 MB goal, 0 MB stacks, 0 MB globals, 16 P
gc 7340 @17.565s 10%: 0.10+0.51+0.13 ms clock, 1.6+0.59/0.86/0.010+2.1 ms cpu, 4->4->2 MB, 5 MB goal, 0 MB stacks, 0 MB globals, 16 P
gc 7341 @17.566s 10%: 0.11+0.67+0.20 ms clock, 1.8+0.61/1.0/0+3.3 ms cpu, 3->4->2 MB, 4 MB goal, 0 MB stacks, 0 MB globals, 16 P
gc 7342 @17.568s 10%: 0.22+0.68+0.17 ms clock, 3.6+0.60/1.0/0+2.7 ms cpu, 4->5->2 MB, 5 MB goal, 0 MB stacks, 0 MB globals, 16 P
gc 7343 @17.570s 10%: 0.18+0.96+0.11 ms clock, 2.9+0.68/1.1/0+1.8 ms cpu, 4->5->2 MB, 5 MB goal, 0 MB stacks, 0 MB globals, 16 P
gc 7344 @17.573s 10%: 0.19+1.5+0.075 ms clock, 3.0+0.69/0.99/0+1.2 ms cpu, 4->6->2 MB, 5 MB goal, 0 MB stacks, 0 MB globals, 16 P
gc 7345 @17.575s 10%: 0.10+0.67+0.095 ms clock, 1.6+0.48/1.1/0.005+1.5 ms cpu, 5->5->2 MB, 5 MB goal, 0 MB stacks, 0 MB globals, 16 P
gc 7346 @17.577s 10%: 0.14+0.50+0.10 ms clock, 2.3+0.81/0.88/0+1.7 ms cpu, 4->4->2 MB, 4 MB goal, 0 MB stacks, 0 MB globals, 16 P
gc 7347 @17.579s 10%: 0.12+0.51+0.11 ms clock, 2.0+0.63/0.88/0.10+1.8 ms cpu, 3->4->2 MB, 4 MB goal, 0 MB stacks, 0 MB globals, 16 P
gc 7348 @17.580s 10%: 0.20+0.86+0.096 ms clock, 3.3+0.75/1.0/0+1.5 ms cpu, 3->4->2 MB, 4 MB goal, 0 MB stacks, 0 MB globals, 16 P
gc 7349 @17.582s 10%: 0.15+0.59+0.19 ms clock, 2.5+0.61/1.0/0.048+3.0 ms cpu, 4->5->2 MB, 5 MB goal, 0 MB stacks, 0 MB globals, 16 P
gc 7350 @17.584s 10%: 0.10+0.66+0.20 ms clock, 1.6+0.67/1.0/0+3.2 ms cpu, 3->4->2 MB, 4 MB goal, 0 MB stacks, 0 MB globals, 16 P
gc 7351 @17.586s 10%: 0.096+0.66+0.18 ms clock, 1.5+0.59/0.98/0+2.8 ms cpu, 4->5->2 MB, 5 MB goal, 0 MB stacks, 0 MB globals, 16 P
gc 7352 @17.588s 10%: 0.12+0.57+0.14 ms clock, 1.9+0.71/0.93/0+2.3 ms cpu, 3->4->2 MB, 4 MB goal, 0 MB stacks, 0 MB globals, 16 P
gc 7353 @17.589s 10%: 0.11+0.69+0.099 ms clock, 1.8+0.46/1.1/0+1.5 ms cpu, 4->5->2 MB, 5 MB goal, 0 MB stacks, 0 MB globals, 16 P
gc 7354 @17.591s 10%: 0.12+0.69+0.20 ms clock, 1.9+0.60/1.0/0+3.3 ms cpu, 4->5->2 MB, 4 MB goal, 0 MB stacks, 0 MB globals, 16 P
gc 7355 @17.593s 10%: 0.15+0.71+0.17 ms clock, 2.4+0.61/1.0/0+2.7 ms cpu, 4->5->2 MB, 5 MB goal, 0 MB stacks, 0 MB globals, 16 P
gc 7356 @17.595s 10%: 0.16+0.68+0.16 ms clock, 2.6+0.69/0.92/0+2.5 ms cpu, 4->5->2 MB, 5 MB goal, 0 MB stacks, 0 MB globals, 16 P
gc 7357 @17.597s 10%: 0.12+0.53+0.26 ms clock, 1.9+0.58/0.96/0.011+4.2 ms cpu, 4->5->2 MB, 5 MB goal, 0 MB stacks, 0 MB globals, 16 P
gc 7358 @17.599s 10%: 0.12+0.55+0.20 ms clock, 1.9+0.59/0.96/0+3.2 ms cpu, 3->4->2 MB, 4 MB goal, 0 MB stacks, 0 MB globals, 16 P
gc 7359 @17.600s 10%: 0.11+0.91+0.097 ms clock, 1.8+0.77/1.1/0.016+1.5 ms cpu, 4->5->2 MB, 4 MB goal, 0 MB stacks, 0 MB globals, 16 P
gc 7360 @17.602s 10%: 0.11+0.75+0.098 ms clock, 1.8+0.49/1.1/0.003+1.5 ms cpu, 4->5->2 MB, 5 MB goal, 0 MB stacks, 0 MB globals, 16 P
gc 7361 @17.604s 10%: 0.095+0.64+0.11 ms clock, 1.5+0.74/0.85/0+1.9 ms cpu, 4->4->2 MB, 5 MB goal, 0 MB stacks, 0 MB globals, 16 P
gc 7362 @17.606s 10%: 0.13+0.56+0.15 ms clock, 2.1+0.71/1.0/0+2.5 ms cpu, 3->4->2 MB, 4 MB goal, 0 MB stacks, 0 MB globals, 16 P
gc 7363 @17.608s 10%: 0.19+0.68+0.14 ms clock, 3.0+0.71/1.0/0+2.2 ms cpu, 3->4->2 MB, 4 MB goal, 0 MB stacks, 0 MB globals, 16 P
gc 7364 @17.610s 10%: 0.16+0.60+0.15 ms clock, 2.6+0.66/1.0/0+2.5 ms cpu, 4->5->2 MB, 5 MB goal, 0 MB stacks, 0 MB globals, 16 P
gc 7365 @17.611s 10%: 0.11+0.81+0.10 ms clock, 1.8+0.66/1.0/0+1.7 ms cpu, 4->5->2 MB, 5 MB goal, 0 MB stacks, 0 MB globals, 16 P
gc 7366 @17.614s 10%: 0.15+0.60+0.10 ms clock, 2.4+0.66/0.89/0+1.7 ms cpu, 4->5->2 MB, 5 MB goal, 0 MB stacks, 0 MB globals, 16 P
gc 7367 @17.615s 10%: 0.13+0.73+0.16 ms clock, 2.1+0.58/1.0/0+2.6 ms cpu, 4->4->2 MB, 4 MB goal, 0 MB stacks, 0 MB globals, 16 P
gc 7368 @17.617s 10%: 0.12+0.68+0.13 ms clock, 1.9+0.75/1.0/0+2.1 ms cpu, 4->5->2 MB, 4 MB goal, 0 MB stacks, 0 MB globals, 16 P
gc 7369 @17.619s 10%: 0.12+0.67+0.12 ms clock, 1.9+0.52/1.0/0+2.0 ms cpu, 4->5->2 MB, 5 MB goal, 0 MB stacks, 0 MB globals, 16 P
gc 7370 @17.621s 10%: 0.16+0.58+0.15 ms clock, 2.6+0.62/0.87/0+2.5 ms cpu, 4->5->2 MB, 5 MB goal, 0 MB stacks, 0 MB globals, 16 P
gc 7371 @17.623s 10%: 0.10+0.76+0.14 ms clock, 1.6+0.46/1.0/0+2.3 ms cpu, 4->4->2 MB, 4 MB goal, 0 MB stacks, 0 MB globals, 16 P
gc 7372 @17.624s 10%: 0.18+0.86+0.10 ms clock, 2.9+0.60/0.88/0+1.6 ms cpu, 4->5->2 MB, 4 MB goal, 0 MB stacks, 0 MB globals, 16 P
gc 7373 @17.627s 10%: 0.18+0.55+0.17 ms clock, 2.8+0.60/0.99/0+2.8 ms cpu, 4->5->2 MB, 5 MB goal, 0 MB stacks, 0 MB globals, 16 P
gc 7374 @17.628s 10%: 0.12+0.56+0.18 ms clock, 1.9+0.60/1.0/0+2.8 ms cpu, 4->4->2 MB, 4 MB goal, 0 MB stacks, 0 MB globals, 16 P
gc 7375 @17.630s 10%: 0.13+0.63+0.18 ms clock, 2.0+0.60/0.95/0+2.9 ms cpu, 4->4->2 MB, 4 MB goal, 0 MB stacks, 0 MB globals, 16 P
gc 7376 @17.632s 10%: 0.10+0.66+0.12 ms clock, 1.7+0.70/0.92/0+1.9 ms cpu, 4->4->2 MB, 4 MB goal, 0 MB stacks, 0 MB globals, 16 P
gc 7377 @17.634s 10%: 0.11+0.79+0.17 ms clock, 1.8+0.59/0.92/0+2.8 ms cpu, 4->5->2 MB, 4 MB goal, 0 MB stacks, 0 MB globals, 16 P
gc 7378 @17.636s 10%: 0.20+0.54+0.16 ms clock, 3.2+0.61/0.92/0+2.6 ms cpu, 4->4->2 MB, 4 MB goal, 0 MB stacks, 0 MB globals, 16 P
gc 7379 @17.637s 10%: 0.15+0.57+0.10 ms clock, 2.5+0.57/0.90/0+1.7 ms cpu, 4->4->2 MB, 4 MB goal, 0 MB stacks, 0 MB globals, 16 P
gc 7380 @17.639s 10%: 0.11+0.72+0.19 ms clock, 1.7+0.45/1.0/0+3.0 ms cpu, 4->4->2 MB, 4 MB goal, 0 MB stacks, 0 MB globals, 16 P
gc 7381 @17.641s 10%: 0.13+0.57+0.13 ms clock, 2.1+0.45/0.96/0+2.1 ms cpu, 4->4->2 MB, 4 MB goal, 0 MB stacks, 0 MB globals, 16 P
gc 7382 @17.643s 10%: 0.11+0.62+0.081 ms clock, 1.7+0.67/0.82/0+1.3 ms cpu, 4->4->2 MB, 4 MB goal, 0 MB stacks, 0 MB globals, 16 P
gc 7383 @17.644s 10%: 0.11+0.58+0.11 ms clock, 1.8+0.57/0.86/0.099+1.7 ms cpu, 4->4->2 MB, 4 MB goal, 0 MB stacks, 0 MB globals, 16 P
gc 7384 @17.646s 10%: 0.13+0.59+0.12 ms clock, 2.1+0.62/0.94/0.004+2.0 ms cpu, 3->4->2 MB, 4 MB goal, 0 MB stacks, 0 MB globals, 16 P
gc 7385 @17.648s 10%: 0.14+0.86+0.086 ms clock, 2.2+0.63/1.0/0+1.3 ms cpu, 4->5->2 MB, 4 MB goal, 0 MB stacks, 0 MB globals, 16 P
gc 7386 @17.650s 10%: 0.14+0.64+0.21 ms clock, 2.3+0.59/0.84/0+3.4 ms cpu, 4->5->2 MB, 5 MB goal, 0 MB stacks, 0 MB globals, 16 P
gc 7387 @17.652s 10%: 0.22+0.73+0.16 ms clock, 3.5+0.81/1.0/0.041+2.6 ms cpu, 3->4->2 MB, 4 MB goal, 0 MB stacks, 0 MB globals, 16 P
gc 7388 @17.653s 10%: 0.20+0.67+0.21 ms clock, 3.3+0.63/1.0/0+3.5 ms cpu, 4->5->2 MB, 5 MB goal, 0 MB stacks, 0 MB globals, 16 P
gc 7389 @17.655s 10%: 0.11+0.65+0.12 ms clock, 1.7+0.48/1.1/0+2.0 ms cpu, 4->5->2 MB, 5 MB goal, 0 MB stacks, 0 MB globals, 16 P
gc 7390 @17.657s 10%: 0.17+0.79+0.12 ms clock, 2.7+0.68/1.2/0.008+1.9 ms cpu, 4->5->2 MB, 4 MB goal, 0 MB stacks, 0 MB globals, 16 P
gc 7391 @17.659s 10%: 0.13+0.81+0.15 ms clock, 2.1+0.68/1.0/0+2.5 ms cpu, 4->5->2 MB, 5 MB goal, 0 MB stacks, 0 MB globals, 16 P
gc 7392 @17.661s 10%: 0.12+0.81+0.14 ms clock, 2.0+0.63/1.2/0+2.3 ms cpu, 4->5->2 MB, 5 MB goal, 0 MB stacks, 0 MB globals, 16 P
gc 7393 @17.664s 10%: 0.099+1.0+0.17 ms clock, 1.5+0.90/0.81/0+2.8 ms cpu, 4->5->2 MB, 5 MB goal, 0 MB stacks, 0 MB globals, 16 P
gc 7394 @17.666s 10%: 0.15+0.70+0.050 ms clock, 2.5+0.64/1.0/0.029+0.81 ms cpu, 4->5->2 MB, 5 MB goal, 0 MB stacks, 0 MB globals, 16 P
gc 7395 @17.668s 10%: 0.15+0.63+0.23 ms clock, 2.4+0.74/1.1/0+3.8 ms cpu, 4->4->2 MB, 4 MB goal, 0 MB stacks, 0 MB globals, 16 P
gc 7396 @17.670s 10%: 0.16+0.55+0.15 ms clock, 2.5+0.72/0.92/0.064+2.5 ms cpu, 4->4->2 MB, 4 MB goal, 0 MB stacks, 0 MB globals, 16 P
gc 7397 @17.672s 10%: 0.19+0.66+0.13 ms clock, 3.1+0.67/1.0/0+2.1 ms cpu, 4->4->2 MB, 4 MB goal, 0 MB stacks, 0 MB globals, 16 P
gc 7398 @17.674s 10%: 0.13+0.88+0.073 ms clock, 2.1+0.58/1.0/0+1.1 ms cpu, 4->5->2 MB, 5 MB goal, 0 MB stacks, 0 MB globals, 16 P
gc 7399 @17.676s 10%: 0.10+0.67+0.12 ms clock, 1.7+0.64/1.1/0+1.9 ms cpu, 4->5->2 MB, 5 MB goal, 0 MB stacks, 0 MB globals, 16 P
gc 7400 @17.678s 10%: 0.13+0.73+0.17 ms clock, 2.1+0.57/0.91/0+2.7 ms cpu, 4->5->2 MB, 5 MB goal, 0 MB stacks, 0 MB globals, 16 P
gc 7401 @17.679s 10%: 0.12+0.63+0.14 ms clock, 1.9+0.77/1.0/0+2.3 ms cpu, 4->4->2 MB, 5 MB goal, 0 MB stacks, 0 MB globals, 16 P
gc 7402 @17.681s 10%: 0.11+0.72+0.16 ms clock, 1.9+0.72/1.0/0.014+2.7 ms cpu, 4->5->2 MB, 4 MB goal, 0 MB stacks, 0 MB globals, 16 P
gc 7403 @17.683s 10%: 0.11+0.89+0.10 ms clock, 1.7+0.68/0.92/0+1.7 ms cpu, 4->5->2 MB, 5 MB goal, 0 MB stacks, 0 MB globals, 16 P
gc 7404 @17.685s 10%: 0.16+0.75+0.12 ms clock, 2.5+0.70/1.1/0+2.0 ms cpu, 4->5->2 MB, 5 MB goal, 0 MB stacks, 0 MB globals, 16 P
gc 7405 @17.687s 10%: 0.13+0.53+0.18 ms clock, 2.0+0.67/1.0/0+3.0 ms cpu, 4->5->2 MB, 5 MB goal, 0 MB stacks, 0 MB globals, 16 P
gc 7406 @17.689s 10%: 0.18+0.58+0.16 ms clock, 2.9+0.65/0.98/0+2.6 ms cpu, 3->4->2 MB, 4 MB goal, 0 MB stacks, 0 MB globals, 16 P
gc 7407 @17.691s 10%: 0.10+0.76+0.13 ms clock, 1.6+0.73/0.94/0+2.1 ms cpu, 4->5->2 MB, 5 MB goal, 0 MB stacks, 0 MB globals, 16 P
gc 7408 @17.693s 10%: 0.12+0.91+0.090 ms clock, 1.9+0.73/1.0/0+1.4 ms cpu, 4->5->2 MB, 5 MB goal, 0 MB stacks, 0 MB globals, 16 P
gc 7409 @17.695s 10%: 0.16+0.67+0.10 ms clock, 2.5+0.66/0.95/0.009+1.7 ms cpu, 4->5->2 MB, 5 MB goal, 0 MB stacks, 0 MB globals, 16 P
gc 7410 @17.697s 10%: 0.13+0.51+0.18 ms clock, 2.1+0.61/0.94/0.015+3.0 ms cpu, 4->4->2 MB, 5 MB goal, 0 MB stacks, 0 MB globals, 16 P
gc 7411 @17.698s 10%: 0.16+0.62+0.20 ms clock, 2.6+0.64/1.0/0.019+3.2 ms cpu, 3->4->2 MB, 4 MB goal, 0 MB stacks, 0 MB globals, 16 P
gc 7412 @17.700s 10%: 0.078+0.56+0.17 ms clock, 1.2+0.59/1.0/0+2.8 ms cpu, 4->4->2 MB, 4 MB goal, 0 MB stacks, 0 MB globals, 16 P
gc 7413 @17.702s 10%: 0.11+0.68+0.14 ms clock, 1.8+0.67/0.95/0+2.2 ms cpu, 4->4->2 MB, 4 MB goal, 0 MB stacks, 0 MB globals, 16 P
gc 7414 @17.703s 10%: 0.16+0.73+0.12 ms clock, 2.5+0.62/1.2/0.001+2.0 ms cpu, 4->4->2 MB, 4 MB goal, 0 MB stacks, 0 MB globals, 16 P
gc 7415 @17.705s 10%: 0.14+0.60+0.13 ms clock, 2.3+0.61/1.0/0+2.2 ms cpu, 4->5->2 MB, 5 MB goal, 0 MB stacks, 0 MB globals, 16 P
gc 7416 @17.707s 10%: 0.11+0.76+0.18 ms clock, 1.8+0.73/1.0/0+2.8 ms cpu, 4->5->2 MB, 4 MB goal, 0 MB stacks, 0 MB globals, 16 P
gc 7417 @17.709s 10%: 0.12+0.80+0.093 ms clock, 1.9+0.71/0.87/0+1.4 ms cpu, 4->5->2 MB, 5 MB goal, 0 MB stacks, 0 MB globals, 16 P
gc 7418 @17.711s 10%: 0.099+0.63+0.16 ms clock, 1.5+0.56/0.97/0+2.6 ms cpu, 4->5->2 MB, 5 MB goal, 0 MB stacks, 0 MB globals, 16 P
gc 7419 @17.713s 10%: 0.12+0.65+0.20 ms clock, 1.9+0.58/1.0/0+3.3 ms cpu, 4->4->2 MB, 4 MB goal, 0 MB stacks, 0 MB globals, 16 P
gc 7420 @17.715s 10%: 0.12+0.68+0.079 ms clock, 1.9+0.53/0.91/0.031+1.2 ms cpu, 4->5->2 MB, 5 MB goal, 0 MB stacks, 0 MB globals, 16 P
gc 7421 @17.717s 10%: 0.099+0.89+0.16 ms clock, 1.5+0.57/1.1/0.048+2.6 ms cpu, 4->5->2 MB, 4 MB goal, 0 MB stacks, 0 MB globals, 16 P
gc 7422 @17.719s 10%: 0.13+0.76+0.16 ms clock, 2.1+0.73/1.0/0+2.5 ms cpu, 4->5->2 MB, 5 MB goal, 0 MB stacks, 0 MB globals, 16 P
gc 7423 @17.721s 10%: 0.12+0.64+0.083 ms clock, 2.0+0.56/0.89/0+1.3 ms cpu, 4->5->2 MB, 5 MB goal, 0 MB stacks, 0 MB globals, 16 P
gc 7424 @17.722s 10%: 0.18+0.79+0.062 ms clock, 2.9+0.60/1.0/0+1.0 ms cpu, 4->5->2 MB, 4 MB goal, 0 MB stacks, 0 MB globals, 16 P
gc 7425 @17.725s 10%: 0.12+0.57+0.19 ms clock, 1.9+0.66/0.86/0+3.1 ms cpu, 4->5->2 MB, 5 MB goal, 0 MB stacks, 0 MB globals, 16 P
gc 7426 @17.726s 10%: 0.070+0.72+0.097 ms clock, 1.1+0.59/0.94/0+1.5 ms cpu, 4->4->2 MB, 4 MB goal, 0 MB stacks, 0 MB globals, 16 P
gc 7427 @17.728s 10%: 0.14+0.69+0.054 ms clock, 2.2+0.52/1.0/0.009+0.86 ms cpu, 4->5->2 MB, 4 MB goal, 0 MB stacks, 0 MB globals, 16 P
gc 7428 @17.730s 10%: 0.11+0.60+0.14 ms clock, 1.8+0.60/1.0/0+2.3 ms cpu, 4->4->2 MB, 4 MB goal, 0 MB stacks, 0 MB globals, 16 P
gc 7429 @17.731s 10%: 0.10+0.60+0.093 ms clock, 1.7+0.55/1.0/0+1.5 ms cpu, 3->4->2 MB, 4 MB goal, 0 MB stacks, 0 MB globals, 16 P
gc 7430 @17.733s 10%: 0.12+0.73+0.10 ms clock, 1.9+0.69/0.94/0+1.6 ms cpu, 3->4->2 MB, 4 MB goal, 0 MB stacks, 0 MB globals, 16 P
gc 7431 @17.735s 10%: 0.14+0.62+0.069 ms clock, 2.2+0.61/1.0/0+1.1 ms cpu, 4->5->2 MB, 5 MB goal, 0 MB stacks, 0 MB globals, 16 P
gc 7432 @17.737s 10%: 0.11+0.52+0.13 ms clock, 1.7+0.54/1.0/0+2.2 ms cpu, 3->4->2 MB, 4 MB goal, 0 MB stacks, 0 MB globals, 16 P
gc 7433 @17.738s 10%: 0.089+0.69+0.14 ms clock, 1.4+0.71/1.0/0+2.2 ms cpu, 3->4->2 MB, 4 MB goal, 0 MB stacks, 0 MB globals, 16 P
gc 7434 @17.740s 10%: 0.15+0.58+0.11 ms clock, 2.5+0.79/0.75/0+1.8 ms cpu, 4->4->2 MB, 4 MB goal, 0 MB stacks, 0 MB globals, 16 P
gc 7435 @17.742s 10%: 0.14+0.72+0.10 ms clock, 2.3+0.50/1.0/0+1.6 ms cpu, 3->4->2 MB, 4 MB goal, 0 MB stacks, 0 MB globals, 16 P
gc 7436 @17.744s 10%: 0.13+0.72+0.15 ms clock, 2.2+0.65/0.92/0+2.4 ms cpu, 4->5->2 MB, 5 MB goal, 0 MB stacks, 0 MB globals, 16 P
gc 7437 @17.745s 10%: 0.12+0.70+0.15 ms clock, 1.9+0.48/1.0/0+2.5 ms cpu, 4->5->2 MB, 4 MB goal, 0 MB stacks, 0 MB globals, 16 P
gc 7438 @17.747s 10%: 0.11+0.72+0.11 ms clock, 1.8+0.68/0.88/0+1.8 ms cpu, 4->5->2 MB, 5 MB goal, 0 MB stacks, 0 MB globals, 16 P
gc 7439 @17.749s 10%: 0.11+0.58+0.19 ms clock, 1.8+0.65/0.91/0+3.1 ms cpu, 4->4->2 MB, 4 MB goal, 0 MB stacks, 0 MB globals, 16 P
gc 7440 @17.751s 10%: 0.11+0.68+0.10 ms clock, 1.9+0.73/0.88/0+1.7 ms cpu, 4->4->2 MB, 4 MB goal, 0 MB stacks, 0 MB globals, 16 P
gc 7441 @17.753s 10%: 0.17+0.77+0.11 ms clock, 2.8+0.61/1.0/0+1.8 ms cpu, 4->5->2 MB, 5 MB goal, 0 MB stacks, 0 MB globals, 16 P
gc 7442 @17.755s 10%: 0.13+0.65+0.19 ms clock, 2.2+0.49/1.0/0+3.0 ms cpu, 4->5->2 MB, 5 MB goal, 0 MB stacks, 0 MB globals, 16 P
gc 7443 @17.757s 10%: 0.16+0.71+0.20 ms clock, 2.6+0.58/1.0/0+3.2 ms cpu, 4->5->2 MB, 5 MB goal, 0 MB stacks, 0 MB globals, 16 P
gc 7444 @17.759s 10%: 0.13+0.72+0.14 ms clock, 2.1+0.62/1.1/0+2.3 ms cpu, 4->5->2 MB, 5 MB goal, 0 MB stacks, 0 MB globals, 16 P
gc 7445 @17.761s 10%: 0.10+0.93+0.095 ms clock, 1.6+0.66/0.92/0+1.5 ms cpu, 4->5->2 MB, 5 MB goal, 0 MB stacks, 0 MB globals, 16 P
gc 7446 @17.763s 10%: 0.10+0.61+0.20 ms clock, 1.6+0.64/1.0/0+3.3 ms cpu, 4->5->2 MB, 5 MB goal, 0 MB stacks, 0 MB globals, 16 P
gc 7447 @17.765s 10%: 0.20+0.72+0.090 ms clock, 3.3+0.58/1.0/0.002+1.4 ms cpu, 4->5->2 MB, 4 MB goal, 0 MB stacks, 0 MB globals, 16 P
gc 7448 @17.767s 10%: 0.12+0.71+0.029 ms clock, 2.0+0.67/0.96/0+0.47 ms cpu, 4->5->2 MB, 5 MB goal, 0 MB stacks, 0 MB globals, 16 P
gc 7449 @17.768s 10%: 0.12+0.59+0.20 ms clock, 1.9+0.48/1.0/0+3.2 ms cpu, 4->4->2 MB, 4 MB goal, 0 MB stacks, 0 MB globals, 16 P
gc 7450 @17.770s 10%: 0.16+0.62+0.18 ms clock, 2.6+0.85/0.87/0+2.9 ms cpu, 3->4->2 MB, 4 MB goal, 0 MB stacks, 0 MB globals, 16 P
gc 7451 @17.772s 10%: 0.19+0.80+0.088 ms clock, 3.1+0.62/1.0/0+1.4 ms cpu, 4->5->2 MB, 4 MB goal, 0 MB stacks, 0 MB globals, 16 P
gc 7452 @17.774s 10%: 0.12+0.77+0.16 ms clock, 2.0+0.86/1.0/0+2.6 ms cpu, 4->5->2 MB, 5 MB goal, 0 MB stacks, 0 MB globals, 16 P
gc 7453 @17.776s 10%: 0.12+0.55+0.22 ms clock, 1.9+0.61/1.0/0+3.6 ms cpu, 4->5->2 MB, 5 MB goal, 0 MB stacks, 0 MB globals, 16 P
gc 7454 @17.778s 10%: 0.14+0.85+0.094 ms clock, 2.3+0.79/1.1/0+1.5 ms cpu, 3->5->2 MB, 4 MB goal, 0 MB stacks, 0 MB globals, 16 P
gc 7455 @17.780s 10%: 0.18+1.0+0.050 ms clock, 2.8+0.72/0.94/0.001+0.81 ms cpu, 4->5->2 MB, 5 MB goal, 0 MB stacks, 0 MB globals, 16 P
gc 7456 @17.782s 10%: 0.11+0.56+0.12 ms clock, 1.8+0.56/1.0/0+1.9 ms cpu, 4->5->2 MB, 5 MB goal, 0 MB stacks, 0 MB globals, 16 P
gc 7457 @17.784s 10%: 0.13+0.49+0.14 ms clock, 2.1+0.61/0.95/0+2.3 ms cpu, 4->4->2 MB, 4 MB goal, 0 MB stacks, 0 MB globals, 16 P
gc 7458 @17.785s 10%: 0.091+0.60+0.14 ms clock, 1.4+0.40/1.0/0+2.2 ms cpu, 3->4->2 MB, 4 MB goal, 0 MB stacks, 0 MB globals, 16 P
gc 7459 @17.787s 10%: 0.13+0.52+0.19 ms clock, 2.1+0.64/0.80/0.10+3.0 ms cpu, 4->4->2 MB, 4 MB goal, 0 MB stacks, 0 MB globals, 16 P
gc 7460 @17.789s 10%: 0.16+0.65+0.12 ms clock, 2.6+0.66/0.90/0+1.9 ms cpu, 3->4->2 MB, 4 MB goal, 0 MB stacks, 0 MB globals, 16 P
gc 7461 @17.790s 10%: 0.14+0.76+0.14 ms clock, 2.2+0.66/1.0/0+2.2 ms cpu, 4->5->2 MB, 4 MB goal, 0 MB stacks, 0 MB globals, 16 P
gc 7462 @17.792s 10%: 0.14+0.77+0.21 ms clock, 2.3+0.66/1.2/0.046+3.3 ms cpu, 4->5->2 MB, 5 MB goal, 0 MB stacks, 0 MB globals, 16 P
gc 7463 @17.794s 10%: 0.11+0.72+0.18 ms clock, 1.7+0.81/0.95/0+3.0 ms cpu, 4->5->2 MB, 5 MB goal, 0 MB stacks, 0 MB globals, 16 P
gc 7464 @17.796s 10%: 0.098+0.64+0.063 ms clock, 1.5+0.59/0.98/0+1.0 ms cpu, 4->5->2 MB, 5 MB goal, 0 MB stacks, 0 MB globals, 16 P
gc 7465 @17.798s 10%: 0.12+0.61+0.078 ms clock, 1.9+0.54/0.89/0+1.2 ms cpu, 4->4->2 MB, 4 MB goal, 0 MB stacks, 0 MB globals, 16 P
gc 7466 @17.800s 10%: 0.12+0.57+0.14 ms clock, 1.9+0.58/0.93/0+2.3 ms cpu, 4->4->2 MB, 4 MB goal, 0 MB stacks, 0 MB globals, 16 P
gc 7467 @17.801s 10%: 0.14+0.75+0.23 ms clock, 2.2+0.52/1.0/0+3.7 ms cpu, 3->4->2 MB, 4 MB goal, 0 MB stacks, 0 MB globals, 16 P
gc 7468 @17.803s 10%: 0.19+0.72+0.13 ms clock, 3.1+0.60/1.0/0+2.0 ms cpu, 4->5->2 MB, 5 MB goal, 0 MB stacks, 0 MB globals, 16 P
gc 7469 @17.805s 10%: 0.12+0.53+0.11 ms clock, 1.9+0.65/1.1/0+1.8 ms cpu, 4->5->2 MB, 5 MB goal, 0 MB stacks, 0 MB globals, 16 P
gc 7470 @17.807s 10%: 0.14+0.63+0.10 ms clock, 2.2+0.73/0.94/0+1.7 ms cpu, 3->4->2 MB, 4 MB goal, 0 MB stacks, 0 MB globals, 16 P
gc 7471 @17.809s 10%: 0.15+0.63+0.10 ms clock, 2.4+0.71/0.98/0+1.6 ms cpu, 4->5->2 MB, 4 MB goal, 0 MB stacks, 0 MB globals, 16 P
gc 7472 @17.811s 10%: 0.10+0.70+0.11 ms clock, 1.6+0.64/1.1/0.041+1.8 ms cpu, 4->4->2 MB, 4 MB goal, 0 MB stacks, 0 MB globals, 16 P
gc 7473 @17.813s 10%: 0.12+0.64+0.13 ms clock, 1.9+0.59/1.0/0+2.1 ms cpu, 4->5->2 MB, 4 MB goal, 0 MB stacks, 0 MB globals, 16 P
gc 7474 @17.814s 10%: 0.12+0.59+0.17 ms clock, 1.9+0.64/0.97/0.010+2.7 ms cpu, 4->4->2 MB, 4 MB goal, 0 MB stacks, 0 MB globals, 16 P
gc 7475 @17.816s 10%: 0.17+0.80+0.18 ms clock, 2.7+0.80/1.0/0.013+2.9 ms cpu, 4->5->2 MB, 4 MB goal, 0 MB stacks, 0 MB globals, 16 P
gc 7476 @17.818s 10%: 0.12+0.68+0.11 ms clock, 2.0+0.76/0.99/0+1.8 ms cpu, 4->5->2 MB, 5 MB goal, 0 MB stacks, 0 MB globals, 16 P
gc 7477 @17.820s 10%: 0.12+0.65+0.10 ms clock, 2.0+0.76/0.95/0+1.7 ms cpu, 4->5->2 MB, 5 MB goal, 0 MB stacks, 0 MB globals, 16 P
gc 7478 @17.822s 10%: 0.083+0.83+0.12 ms clock, 1.3+0.57/1.1/0+2.0 ms cpu, 4->5->2 MB, 4 MB goal, 0 MB stacks, 0 MB globals, 16 P
gc 7479 @17.824s 10%: 0.13+0.60+0.20 ms clock, 2.2+0.65/0.98/0+3.2 ms cpu, 4->5->2 MB, 4 MB goal, 0 MB stacks, 0 MB globals, 16 P
gc 7480 @17.825s 10%: 0.094+0.75+0.14 ms clock, 1.5+0.58/1.0/0+2.3 ms cpu, 4->4->2 MB, 4 MB goal, 0 MB stacks, 0 MB globals, 16 P
gc 7481 @17.827s 10%: 0.11+0.54+0.19 ms clock, 1.8+0.66/1.0/0.001+3.1 ms cpu, 4->4->2 MB, 5 MB goal, 0 MB stacks, 0 MB globals, 16 P
gc 7482 @17.829s 10%: 0.22+0.63+0.17 ms clock, 3.5+0.79/0.88/0.028+2.7 ms cpu, 3->4->2 MB, 4 MB goal, 0 MB stacks, 0 MB globals, 16 P
gc 7483 @17.831s 10%: 0.12+0.96+0.10 ms clock, 1.9+0.77/0.96/0+1.6 ms cpu, 4->5->2 MB, 4 MB goal, 0 MB stacks, 0 MB globals, 16 P
gc 7484 @17.833s 10%: 0.11+0.66+0.13 ms clock, 1.8+0.71/1.0/0+2.1 ms cpu, 4->5->2 MB, 5 MB goal, 0 MB stacks, 0 MB globals, 16 P
gc 7485 @17.835s 10%: 0.12+0.63+0.18 ms clock, 1.9+0.64/1.0/0+2.8 ms cpu, 4->4->2 MB, 4 MB goal, 0 MB stacks, 0 MB globals, 16 P
gc 7486 @17.837s 10%: 0.096+0.78+0.094 ms clock, 1.5+0.75/1.1/0+1.5 ms cpu, 4->5->2 MB, 4 MB goal, 0 MB stacks, 0 MB globals, 16 P
gc 7487 @17.839s 10%: 0.15+0.75+0.12 ms clock, 2.4+0.73/1.1/0+1.9 ms cpu, 4->5->2 MB, 5 MB goal, 0 MB stacks, 0 MB globals, 16 P
gc 7488 @17.841s 10%: 0.17+0.62+0.12 ms clock, 2.7+0.61/0.98/0.075+2.0 ms cpu, 4->5->2 MB, 5 MB goal, 0 MB stacks, 0 MB globals, 16 P
gc 7489 @17.843s 10%: 0.17+0.65+0.12 ms clock, 2.7+0.50/0.97/0.094+2.0 ms cpu, 3->4->2 MB, 4 MB goal, 0 MB stacks, 0 MB globals, 16 P
gc 7490 @17.844s 10%: 0.16+0.79+0.11 ms clock, 2.6+0.65/1.0/0+1.8 ms cpu, 4->5->2 MB, 5 MB goal, 0 MB stacks, 0 MB globals, 16 P
gc 7491 @17.847s 10%: 0.13+0.49+0.22 ms clock, 2.1+0.62/0.90/0+3.5 ms cpu, 4->5->2 MB, 5 MB goal, 0 MB stacks, 0 MB globals, 16 P
gc 7492 @17.848s 10%: 0.17+0.57+0.14 ms clock, 2.8+0.70/0.91/0.016+2.2 ms cpu, 3->4->2 MB, 4 MB goal, 0 MB stacks, 0 MB globals, 16 P
gc 7493 @17.850s 10%: 0.13+0.58+0.14 ms clock, 2.1+0.59/1.0/0.003+2.3 ms cpu, 4->4->2 MB, 4 MB goal, 0 MB stacks, 0 MB globals, 16 P
gc 7494 @17.852s 10%: 0.10+0.69+0.095 ms clock, 1.7+0.53/0.97/0+1.5 ms cpu, 4->4->2 MB, 4 MB goal, 0 MB stacks, 0 MB globals, 16 P
gc 7495 @17.853s 10%: 0.13+0.76+0.10 ms clock, 2.2+0.54/0.98/0+1.7 ms cpu, 4->4->2 MB, 4 MB goal, 0 MB stacks, 0 MB globals, 16 P
gc 7496 @17.855s 10%: 0.10+0.67+0.17 ms clock, 1.6+0.71/0.75/0+2.8 ms cpu, 4->5->2 MB, 4 MB goal, 0 MB stacks, 0 MB globals, 16 P
gc 7497 @17.857s 10%: 0.18+0.77+0.12 ms clock, 2.9+0.64/0.94/0+2.0 ms cpu, 4->5->2 MB, 4 MB goal, 0 MB stacks, 0 MB globals, 16 P
gc 7498 @17.859s 10%: 0.11+0.55+0.16 ms clock, 1.8+0.50/0.97/0.004+2.5 ms cpu, 4->5->2 MB, 5 MB goal, 0 MB stacks, 0 MB globals, 16 P
gc 7499 @17.861s 10%: 0.11+0.63+0.061 ms clock, 1.8+0.53/1.1/0+0.99 ms cpu, 3->4->2 MB, 4 MB goal, 0 MB stacks, 0 MB globals, 16 P
gc 7500 @17.863s 10%: 0.10+0.59+0.077 ms clock, 1.6+0.61/0.84/0+1.2 ms cpu, 4->4->2 MB, 4 MB goal, 0 MB stacks, 0 MB globals, 16 P
gc 7501 @17.864s 10%: 0.14+0.74+0.21 ms clock, 2.3+0.83/0.84/0+3.5 ms cpu, 3->4->2 MB, 4 MB goal, 0 MB stacks, 0 MB globals, 16 P
gc 7502 @17.866s 10%: 0.10+0.73+0.22 ms clock, 1.6+0.68/0.91/0+3.6 ms cpu, 4->5->2 MB, 5 MB goal, 0 MB stacks, 0 MB globals, 16 P
gc 7503 @17.868s 10%: 0.12+0.51+0.16 ms clock, 1.9+0.62/0.90/0.063+2.6 ms cpu, 4->4->2 MB, 4 MB goal, 0 MB stacks, 0 MB globals, 16 P
gc 7504 @17.870s 10%: 0.19+0.68+0.10 ms clock, 3.0+0.60/0.95/0+1.6 ms cpu, 3->4->2 MB, 4 MB goal, 0 MB stacks, 0 MB globals, 16 P
gc 7505 @17.872s 10%: 0.12+0.69+0.087 ms clock, 1.9+0.56/1.0/0.030+1.4 ms cpu, 4->4->2 MB, 5 MB goal, 0 MB stacks, 0 MB globals, 16 P
gc 7506 @17.873s 10%: 0.14+0.61+0.18 ms clock, 2.2+0.62/0.94/0.002+2.9 ms cpu, 3->4->2 MB, 4 MB goal, 0 MB stacks, 0 MB globals, 16 P
gc 7507 @17.875s 10%: 0.11+0.63+0.16 ms clock, 1.8+0.50/1.1/0+2.6 ms cpu, 4->4->2 MB, 4 MB goal, 0 MB stacks, 0 MB globals, 16 P
gc 7508 @17.877s 10%: 0.10+0.55+0.13 ms clock, 1.6+0.53/0.93/0+2.1 ms cpu, 3->4->2 MB, 4 MB goal, 0 MB stacks, 0 MB globals, 16 P
gc 7509 @17.878s 10%: 0.075+0.84+0.095 ms clock, 1.2+0.58/0.96/0.008+1.5 ms cpu, 3->4->2 MB, 4 MB goal, 0 MB stacks, 0 MB globals, 16 P
gc 7510 @17.880s 10%: 0.12+0.78+0.21 ms clock, 1.9+0.66/1.0/0+3.3 ms cpu, 4->5->2 MB, 5 MB goal, 0 MB stacks, 0 MB globals, 16 P
gc 7511 @17.882s 10%: 0.19+0.55+0.10 ms clock, 3.0+0.77/0.89/0+1.6 ms cpu, 4->4->2 MB, 4 MB goal, 0 MB stacks, 0 MB globals, 16 P
gc 7512 @17.884s 10%: 0.12+0.63+0.077 ms clock, 2.0+0.58/0.96/0.054+1.2 ms cpu, 4->4->2 MB, 4 MB goal, 0 MB stacks, 0 MB globals, 16 P
gc 7513 @17.885s 10%: 0.089+0.72+0.10 ms clock, 1.4+0.62/0.98/0+1.6 ms cpu, 4->4->2 MB, 4 MB goal, 0 MB stacks, 0 MB globals, 16 P
gc 7514 @17.887s 10%: 0.16+0.76+0.10 ms clock, 2.7+0.58/1.1/0+1.6 ms cpu, 4->5->2 MB, 5 MB goal, 0 MB stacks, 0 MB globals, 16 P
gc 7515 @17.889s 10%: 0.19+0.68+0.21 ms clock, 3.1+0.72/0.97/0+3.4 ms cpu, 4->5->2 MB, 5 MB goal, 0 MB stacks, 0 MB globals, 16 P
gc 7516 @17.891s 10%: 0.11+0.77+0.081 ms clock, 1.8+0.57/1.0/0+1.3 ms cpu, 4->5->2 MB, 5 MB goal, 0 MB stacks, 0 MB globals, 16 P
gc 7517 @17.893s 10%: 0.16+0.60+0.17 ms clock, 2.5+0.73/1.0/0+2.7 ms cpu, 4->5->2 MB, 5 MB goal, 0 MB stacks, 0 MB globals, 16 P
gc 7518 @17.895s 10%: 0.14+0.74+0.11 ms clock, 2.3+0.70/0.99/0+1.8 ms cpu, 4->4->2 MB, 4 MB goal, 0 MB stacks, 0 MB globals, 16 P
gc 7519 @17.897s 10%: 0.097+0.55+0.18 ms clock, 1.5+0.63/0.86/0+2.9 ms cpu, 4->4->2 MB, 4 MB goal, 0 MB stacks, 0 MB globals, 16 P
gc 7520 @17.898s 10%: 0.13+0.62+0.20 ms clock, 2.1+0.64/1.0/0+3.3 ms cpu, 3->4->2 MB, 4 MB goal, 0 MB stacks, 0 MB globals, 16 P
gc 7521 @17.900s 10%: 0.22+0.68+0.10 ms clock, 3.6+0.66/1.0/0+1.6 ms cpu, 4->5->2 MB, 4 MB goal, 0 MB stacks, 0 MB globals, 16 P
gc 7522 @17.902s 10%: 0.14+0.84+0.11 ms clock, 2.3+0.62/1.0/0+1.7 ms cpu, 4->5->2 MB, 5 MB goal, 0 MB stacks, 0 MB globals, 16 P
gc 7523 @17.904s 10%: 0.12+0.68+0.20 ms clock, 1.9+0.64/1.0/0+3.3 ms cpu, 4->5->2 MB, 5 MB goal, 0 MB stacks, 0 MB globals, 16 P
gc 7524 @17.906s 10%: 0.12+0.56+0.18 ms clock, 1.9+0.60/0.97/0+3.0 ms cpu, 4->4->2 MB, 4 MB goal, 0 MB stacks, 0 MB globals, 16 P
gc 7525 @17.908s 10%: 0.15+0.54+0.14 ms clock, 2.4+0.76/0.88/0+2.2 ms cpu, 4->4->2 MB, 4 MB goal, 0 MB stacks, 0 MB globals, 16 P
gc 7526 @17.909s 10%: 0.16+0.52+0.17 ms clock, 2.6+0.79/0.96/0.020+2.8 ms cpu, 3->4->2 MB, 4 MB goal, 0 MB stacks, 0 MB globals, 16 P
gc 7527 @17.911s 10%: 0.17+0.71+0.17 ms clock, 2.8+0.78/1.0/0+2.7 ms cpu, 3->4->2 MB, 4 MB goal, 0 MB stacks, 0 MB globals, 16 P
gc 7528 @17.913s 10%: 0.12+0.67+0.13 ms clock, 2.0+0.65/1.0/0.002+2.1 ms cpu, 4->5->2 MB, 4 MB goal, 0 MB stacks, 0 MB globals, 16 P
gc 7529 @17.915s 10%: 0.11+0.52+0.19 ms clock, 1.7+0.63/0.94/0.001+3.0 ms cpu, 4->4->2 MB, 4 MB goal, 0 MB stacks, 0 MB globals, 16 P
gc 7530 @17.916s 10%: 0.13+0.72+0.13 ms clock, 2.1+0.67/1.0/0+2.1 ms cpu, 3->4->2 MB, 4 MB goal, 0 MB stacks, 0 MB globals, 16 P
gc 7531 @17.918s 10%: 0.19+0.84+0.076 ms clock, 3.1+0.71/1.2/0+1.2 ms cpu, 4->5->2 MB, 5 MB goal, 0 MB stacks, 0 MB globals, 16 P
gc 7532 @17.920s 10%: 0.14+0.62+0.13 ms clock, 2.2+0.73/0.96/0+2.1 ms cpu, 4->5->2 MB, 5 MB goal, 0 MB stacks, 0 MB globals, 16 P
gc 7533 @17.922s 10%: 0.19+0.84+0.046 ms clock, 3.1+0.58/1.1/0+0.74 ms cpu, 4->5->2 MB, 4 MB goal, 0 MB stacks, 0 MB globals, 16 P
gc 7534 @17.924s 10%: 0.10+0.56+0.15 ms clock, 1.7+0.61/1.0/0.002+2.4 ms cpu, 4->5->2 MB, 5 MB goal, 0 MB stacks, 0 MB globals, 16 P
gc 7535 @17.926s 10%: 0.14+0.52+0.18 ms clock, 2.2+0.49/1.0/0+2.9 ms cpu, 3->4->2 MB, 4 MB goal, 0 MB stacks, 0 MB globals, 16 P
gc 7536 @17.928s 10%: 0.24+0.75+0.13 ms clock, 3.9+0.71/0.88/0+2.1 ms cpu, 3->4->2 MB, 4 MB goal, 0 MB stacks, 0 MB globals, 16 P
gc 7537 @17.929s 10%: 0.10+0.61+0.22 ms clock, 1.6+0.60/1.0/0+3.6 ms cpu, 4->4->2 MB, 4 MB goal, 0 MB stacks, 0 MB globals, 16 P
gc 7538 @17.931s 10%: 0.14+0.59+0.10 ms clock, 2.2+0.63/0.97/0+1.7 ms cpu, 4->4->2 MB, 4 MB goal, 0 MB stacks, 0 MB globals, 16 P
gc 7539 @17.933s 10%: 0.11+0.62+0.11 ms clock, 1.8+0.68/0.89/0+1.8 ms cpu, 4->4->2 MB, 4 MB goal, 0 MB stacks, 0 MB globals, 16 P
gc 7540 @17.934s 10%: 0.10+0.67+0.12 ms clock, 1.6+0.67/1.0/0+1.9 ms cpu, 4->4->2 MB, 4 MB goal, 0 MB stacks, 0 MB globals, 16 P
gc 7541 @17.936s 10%: 0.17+0.51+0.18 ms clock, 2.7+0.30/1.0/0.067+2.9 ms cpu, 4->4->1 MB, 4 MB goal, 0 MB stacks, 0 MB globals, 16 P
gc 7542 @17.938s 10%: 0.17+0.89+0.028 ms clock, 2.7+0.73/0.96/0+0.46 ms cpu, 3->4->2 MB, 4 MB goal, 0 MB stacks, 0 MB globals, 16 P
gc 7543 @17.940s 10%: 0.16+0.69+0.14 ms clock, 2.5+0.74/0.84/0+2.3 ms cpu, 4->5->2 MB, 5 MB goal, 0 MB stacks, 0 MB globals, 16 P
gc 7544 @17.942s 10%: 0.13+0.56+0.10 ms clock, 2.1+0.64/0.96/0+1.7 ms cpu, 4->4->2 MB, 4 MB goal, 0 MB stacks, 0 MB globals, 16 P
gc 7545 @17.943s 10%: 0.11+0.68+0.17 ms clock, 1.8+0.57/1.2/0.004+2.7 ms cpu, 3->4->2 MB, 4 MB goal, 0 MB stacks, 0 MB globals, 16 P
gc 7546 @17.945s 10%: 0.16+0.71+0.11 ms clock, 2.7+0.76/0.92/0.003+1.8 ms cpu, 4->5->2 MB, 5 MB goal, 0 MB stacks, 0 MB globals, 16 P
gc 7547 @17.947s 10%: 0.11+0.66+0.14 ms clock, 1.8+0.76/0.82/0+2.2 ms cpu, 4->5->2 MB, 5 MB goal, 0 MB stacks, 0 MB globals, 16 P
gc 7548 @17.949s 10%: 0.15+0.60+0.14 ms clock, 2.5+0.63/1.0/0.003+2.2 ms cpu, 4->5->2 MB, 5 MB goal, 0 MB stacks, 0 MB globals, 16 P
gc 7549 @17.951s 10%: 0.099+0.57+0.18 ms clock, 1.5+0.61/1.0/0+2.9 ms cpu, 4->4->2 MB, 4 MB goal, 0 MB stacks, 0 MB globals, 16 P
gc 7550 @17.953s 10%: 0.14+0.79+0.10 ms clock, 2.2+0.59/0.98/0+1.6 ms cpu, 3->4->2 MB, 4 MB goal, 0 MB stacks, 0 MB globals, 16 P
gc 7551 @17.954s 10%: 0.12+0.63+0.13 ms clock, 1.9+0.57/1.1/0+2.0 ms cpu, 4->5->2 MB, 5 MB goal, 0 MB stacks, 0 MB globals, 16 P
gc 7552 @17.956s 10%: 0.11+0.51+0.12 ms clock, 1.7+0.43/0.83/0+2.0 ms cpu, 4->4->2 MB, 4 MB goal, 0 MB stacks, 0 MB globals, 16 P
gc 7553 @17.958s 10%: 0.11+0.89+0.10 ms clock, 1.7+0.67/1.0/0+1.6 ms cpu, 3->4->2 MB, 4 MB goal, 0 MB stacks, 0 MB globals, 16 P
gc 7554 @17.960s 10%: 0.11+0.66+0.10 ms clock, 1.8+0.69/1.0/0.013+1.6 ms cpu, 4->5->2 MB, 5 MB goal, 0 MB stacks, 0 MB globals, 16 P
gc 7555 @17.961s 10%: 0.13+0.66+0.14 ms clock, 2.2+0.69/0.98/0+2.3 ms cpu, 3->4->2 MB, 4 MB goal, 0 MB stacks, 0 MB globals, 16 P
gc 7556 @17.963s 10%: 0.16+0.72+0.052 ms clock, 2.6+0.56/0.93/0+0.83 ms cpu, 4->4->2 MB, 4 MB goal, 0 MB stacks, 0 MB globals, 16 P
gc 7557 @17.965s 10%: 0.11+0.58+0.16 ms clock, 1.7+0.54/0.86/0+2.6 ms cpu, 4->5->2 MB, 5 MB goal, 0 MB stacks, 0 MB globals, 16 P
gc 7558 @17.967s 10%: 0.13+0.60+0.18 ms clock, 2.1+0.60/1.0/0+3.0 ms cpu, 3->4->2 MB, 4 MB goal, 0 MB stacks, 0 MB globals, 16 P
gc 7559 @17.968s 10%: 0.18+0.63+0.21 ms clock, 2.9+0.61/0.94/0+3.3 ms cpu, 4->4->2 MB, 4 MB goal, 0 MB stacks, 0 MB globals, 16 P
gc 7560 @17.970s 10%: 0.12+0.60+0.13 ms clock, 2.0+0.58/0.92/0+2.1 ms cpu, 4->5->2 MB, 5 MB goal, 0 MB stacks, 0 MB globals, 16 P
gc 7561 @17.972s 10%: 0.10+0.69+0.15 ms clock, 1.7+0.66/0.89/0+2.5 ms cpu, 4->4->2 MB, 4 MB goal, 0 MB stacks, 0 MB globals, 16 P
gc 7562 @17.974s 10%: 0.19+0.57+0.15 ms clock, 3.1+0.66/0.95/0+2.5 ms cpu, 4->4->2 MB, 4 MB goal, 0 MB stacks, 0 MB globals, 16 P
gc 7563 @17.976s 10%: 0.12+0.51+0.14 ms clock, 1.9+0.70/1.0/0+2.3 ms cpu, 4->4->2 MB, 4 MB goal, 0 MB stacks, 0 MB globals, 16 P
gc 7564 @17.977s 10%: 0.14+0.80+0.22 ms clock, 2.2+0.71/0.89/0+3.5 ms cpu, 3->4->2 MB, 4 MB goal, 0 MB stacks, 0 MB globals, 16 P
gc 7565 @17.979s 10%: 0.11+0.85+0.11 ms clock, 1.8+0.69/1.2/0+1.9 ms cpu, 4->5->2 MB, 5 MB goal, 0 MB stacks, 0 MB globals, 16 P
gc 7566 @17.982s 10%: 0.15+0.68+0.082 ms clock, 2.4+0.55/0.95/0+1.3 ms cpu, 4->5->2 MB, 5 MB goal, 0 MB stacks, 0 MB globals, 16 P
gc 7567 @17.984s 10%: 0.11+0.66+0.13 ms clock, 1.8+0.62/0.95/0.021+2.1 ms cpu, 4->5->2 MB, 5 MB goal, 0 MB stacks, 0 MB globals, 16 P
gc 7568 @17.985s 10%: 0.14+0.78+0.11 ms clock, 2.2+0.65/0.99/0+1.8 ms cpu, 4->5->2 MB, 4 MB goal, 0 MB stacks, 0 MB globals, 16 P
gc 7569 @17.987s 10%: 0.10+0.60+0.17 ms clock, 1.6+0.75/0.95/0+2.7 ms cpu, 4->5->2 MB, 5 MB goal, 0 MB stacks, 0 MB globals, 16 P
gc 7570 @17.989s 10%: 0.10+0.63+0.087 ms clock, 1.6+0.67/0.85/0+1.4 ms cpu, 4->4->2 MB, 4 MB goal, 0 MB stacks, 0 MB globals, 16 P
gc 7571 @17.991s 10%: 0.15+0.71+0.10 ms clock, 2.4+0.77/0.87/0+1.7 ms cpu, 4->4->2 MB, 4 MB goal, 0 MB stacks, 0 MB globals, 16 P
gc 7572 @17.993s 10%: 0.14+0.58+0.13 ms clock, 2.3+0.65/0.89/0+2.1 ms cpu, 4->5->2 MB, 4 MB goal, 0 MB stacks, 0 MB globals, 16 P
gc 7573 @17.995s 10%: 0.16+0.71+0.18 ms clock, 2.5+0.53/1.1/0+2.9 ms cpu, 4->4->2 MB, 4 MB goal, 0 MB stacks, 0 MB globals, 16 P
gc 7574 @17.996s 10%: 0.11+0.51+0.099 ms clock, 1.8+0.58/1.0/0.022+1.5 ms cpu, 4->4->2 MB, 4 MB goal, 0 MB stacks, 0 MB globals, 16 P
gc 7575 @17.998s 10%: 0.16+0.64+0.15 ms clock, 2.6+0.62/0.98/0+2.4 ms cpu, 3->4->2 MB, 4 MB goal, 0 MB stacks, 0 MB globals, 16 P
gc 7576 @18.000s 10%: 0.11+0.82+0.10 ms clock, 1.8+0.68/0.91/0+1.7 ms cpu, 4->5->2 MB, 4 MB goal, 0 MB stacks, 0 MB globals, 16 P
gc 7577 @18.002s 10%: 0.14+0.93+0.15 ms clock, 2.2+0.73/1.0/0.024+2.5 ms cpu, 4->5->2 MB, 5 MB goal, 0 MB stacks, 0 MB globals, 16 P
gc 7578 @18.004s 10%: 0.10+0.54+0.14 ms clock, 1.6+0.49/1.0/0.022+2.2 ms cpu, 4->5->2 MB, 5 MB goal, 0 MB stacks, 0 MB globals, 16 P
gc 7579 @18.006s 10%: 0.13+0.54+0.21 ms clock, 2.1+0.55/1.0/0+3.3 ms cpu, 3->4->2 MB, 4 MB goal, 0 MB stacks, 0 MB globals, 16 P
gc 7580 @18.008s 10%: 0.13+0.67+0.14 ms clock, 2.1+0.76/1.0/0+2.3 ms cpu, 4->4->2 MB, 4 MB goal, 0 MB stacks, 0 MB globals, 16 P
gc 7581 @18.010s 10%: 0.12+0.72+0.10 ms clock, 2.0+0.66/0.94/0+1.7 ms cpu, 4->5->2 MB, 5 MB goal, 0 MB stacks, 0 MB globals, 16 P
gc 7582 @18.012s 10%: 0.17+0.65+0.14 ms clock, 2.8+0.74/1.0/0+2.3 ms cpu, 4->5->2 MB, 5 MB goal, 0 MB stacks, 0 MB globals, 16 P
gc 7583 @18.014s 10%: 0.12+0.78+0.14 ms clock, 2.0+0.74/0.97/0+2.2 ms cpu, 4->5->2 MB, 5 MB goal, 0 MB stacks, 0 MB globals, 16 P
gc 7584 @18.016s 10%: 0.12+0.67+0.11 ms clock, 2.0+0.71/1.0/0.002+1.8 ms cpu, 4->5->2 MB, 5 MB goal, 0 MB stacks, 0 MB globals, 16 P
gc 7585 @18.018s 10%: 0.13+0.63+0.17 ms clock, 2.2+0.82/1.0/0+2.8 ms cpu, 4->5->2 MB, 5 MB goal, 0 MB stacks, 0 MB globals, 16 P
gc 7586 @18.020s 10%: 0.097+0.52+0.17 ms clock, 1.5+0.64/0.87/0+2.8 ms cpu, 4->4->2 MB, 4 MB goal, 0 MB stacks, 0 MB globals, 16 P
gc 7587 @18.021s 10%: 0.17+0.86+0.095 ms clock, 2.7+0.75/0.82/0+1.5 ms cpu, 3->4->2 MB, 4 MB goal, 0 MB stacks, 0 MB globals, 16 P
gc 7588 @18.023s 10%: 0.14+0.69+0.17 ms clock, 2.3+0.59/0.86/0.059+2.8 ms cpu, 4->5->2 MB, 5 MB goal, 0 MB stacks, 0 MB globals, 16 P
gc 7589 @18.025s 10%: 0.19+0.64+0.14 ms clock, 3.0+0.68/0.95/0+2.3 ms cpu, 3->4->2 MB, 4 MB goal, 0 MB stacks, 0 MB globals, 16 P
gc 7590 @18.027s 10%: 0.14+0.68+0.12 ms clock, 2.3+0.52/1.0/0+1.9 ms cpu, 4->5->2 MB, 4 MB goal, 0 MB stacks, 0 MB globals, 16 P
gc 7591 @18.028s 10%: 0.11+0.56+0.081 ms clock, 1.8+0.54/1.1/0.001+1.3 ms cpu, 4->4->2 MB, 5 MB goal, 0 MB stacks, 0 MB globals, 16 P
gc 7592 @18.030s 10%: 0.16+0.62+0.14 ms clock, 2.5+0.64/0.85/0+2.2 ms cpu, 3->4->2 MB, 4 MB goal, 0 MB stacks, 0 MB globals, 16 P
gc 7593 @18.032s 10%: 0.12+0.59+0.11 ms clock, 1.9+0.59/1.0/0+1.8 ms cpu, 4->4->2 MB, 4 MB goal, 0 MB stacks, 0 MB globals, 16 P
