2026/03/14 02:32:49 Running in dev mode.
2026/03/14 02:32:49 STUN server listening on [::]:3478
2026/03/14 02:32:49 No mesh key specified for dev via TAILSCALE_DERPER_MESH_KEY
2026/03/14 02:32:49 No mesh key configured for --dev mode
2026/03/14 02:32:49 derper: serving on :3340
gc 1 @33.853s 0%: 0.14+0.68+0.083 ms clock, 1.1+1.1/0.76/0+0.67 ms cpu, 3->4->1 MB, 4 MB goal, 0 MB stacks, 0 MB globals, 8 P
gc 2 @33.855s 0%: 0.11+0.55+0.12 ms clock, 0.90+0.92/0.63/0+0.99 ms cpu, 3->3->1 MB, 4 MB goal, 0 MB stacks, 0 MB globals, 8 P
gc 3 @33.858s 0%: 0.084+0.69+0.10 ms clock, 0.67+0.77/0.82/0+0.82 ms cpu, 3->3->1 MB, 4 MB goal, 0 MB stacks, 0 MB globals, 8 P
gc 4 @33.861s 0%: 0.10+0.63+0.12 ms clock, 0.82+0.66/0.72/0+0.98 ms cpu, 3->3->1 MB, 4 MB goal, 0 MB stacks, 0 MB globals, 8 P
gc 5 @33.864s 0%: 0.090+0.82+0.084 ms clock, 0.72+0.55/0.75/0+0.67 ms cpu, 3->3->1 MB, 4 MB goal, 0 MB stacks, 0 MB globals, 8 P
gc 6 @33.867s 0%: 0.14+0.53+0.10 ms clock, 1.1+0.58/0.64/0+0.83 ms cpu, 3->3->1 MB, 4 MB goal, 0 MB stacks, 0 MB globals, 8 P
gc 7 @33.869s 0%: 0.12+0.53+0.10 ms clock, 1.0+0.66/0.69/0+0.87 ms cpu, 3->3->1 MB, 4 MB goal, 0 MB stacks, 0 MB globals, 8 P
gc 8 @33.872s 0%: 0.076+0.54+0.061 ms clock, 0.60+0.50/0.67/0+0.48 ms cpu, 3->3->1 MB, 4 MB goal, 0 MB stacks, 0 MB globals, 8 P
gc 9 @33.875s 0%: 0.11+0.55+0.10 ms clock, 0.90+0.68/0.60/0+0.86 ms cpu, 3->3->1 MB, 4 MB goal, 0 MB stacks, 0 MB globals, 8 P
gc 10 @33.878s 0%: 0.081+0.90+0.043 ms clock, 0.65+1.0/0.61/0+0.34 ms cpu, 3->3->1 MB, 4 MB goal, 0 MB stacks, 0 MB globals, 8 P
gc 11 @33.881s 0%: 0.097+0.41+0.042 ms clock, 0.78+0.56/0.56/0+0.34 ms cpu, 3->3->1 MB, 4 MB goal, 0 MB stacks, 0 MB globals, 8 P
gc 12 @33.884s 0%: 0.086+0.47+0.095 ms clock, 0.69+0.66/0.57/0+0.76 ms cpu, 3->3->1 MB, 4 MB goal, 0 MB stacks, 0 MB globals, 8 P
gc 13 @33.886s 0%: 0.10+0.46+0.086 ms clock, 0.81+0.74/0.54/0+0.69 ms cpu, 3->3->1 MB, 4 MB goal, 0 MB stacks, 0 MB globals, 8 P
gc 14 @33.889s 0%: 0.11+0.60+0.088 ms clock, 0.93+0.66/0.67/0+0.70 ms cpu, 3->3->1 MB, 4 MB goal, 0 MB stacks, 0 MB globals, 8 P
gc 15 @33.892s 0%: 0.095+0.47+0.12 ms clock, 0.76+0.77/0.56/0+0.97 ms cpu, 3->3->1 MB, 4 MB goal, 0 MB stacks, 0 MB globals, 8 P
gc 16 @33.895s 0%: 0.094+0.49+0.11 ms clock, 0.75+0.62/0.58/0+0.91 ms cpu, 3->3->1 MB, 4 MB goal, 0 MB stacks, 0 MB globals, 8 P
gc 17 @33.897s 0%: 0.11+0.41+0.10 ms clock, 0.90+0.63/0.56/0+0.85 ms cpu, 3->3->1 MB, 4 MB goal, 0 MB stacks, 0 MB globals, 8 P
gc 18 @33.900s 0%: 0.091+0.96+0.093 ms clock, 0.73+0.58/0.65/0+0.75 ms cpu, 3->3->1 MB, 4 MB goal, 0 MB stacks, 0 MB globals, 8 P
gc 19 @33.903s 0%: 0.073+0.51+0.067 ms clock, 0.58+0.73/0.53/0+0.53 ms cpu, 3->3->1 MB, 4 MB goal, 0 MB stacks, 0 MB globals, 8 P
gc 20 @33.906s 0%: 0.083+0.62+0.088 ms clock, 0.67+0.62/0.66/0+0.70 ms cpu, 3->3->1 MB, 4 MB goal, 0 MB stacks, 0 MB globals, 8 P
gc 21 @33.909s 0%: 0.10+0.55+0.099 ms clock, 0.82+0.76/0.61/0+0.79 ms cpu, 3->3->1 MB, 4 MB goal, 0 MB stacks, 0 MB globals, 8 P
gc 22 @33.912s 0%: 0.080+0.44+0.11 ms clock, 0.64+0.66/0.53/0+0.88 ms cpu, 3->3->1 MB, 4 MB goal, 0 MB stacks, 0 MB globals, 8 P
gc 23 @33.914s 0%: 0.15+0.52+0.13 ms clock, 1.2+0.49/0.61/0+1.1 ms cpu, 3->3->1 MB, 4 MB goal, 0 MB stacks, 0 MB globals, 8 P
gc 24 @33.917s 0%: 0.077+0.54+0.080 ms clock, 0.61+0.62/0.56/0+0.64 ms cpu, 3->3->1 MB, 4 MB goal, 0 MB stacks, 0 MB globals, 8 P
gc 25 @33.920s 0%: 0.074+0.50+0.058 ms clock, 0.59+0.72/0.61/0+0.46 ms cpu, 3->3->1 MB, 4 MB goal, 0 MB stacks, 0 MB globals, 8 P
gc 26 @33.923s 0%: 0.13+0.45+0.087 ms clock, 1.1+0.73/0.51/0+0.69 ms cpu, 3->3->1 MB, 4 MB goal, 0 MB stacks, 0 MB globals, 8 P
gc 27 @33.925s 0%: 0.094+0.52+0.10 ms clock, 0.75+0.72/0.62/0+0.81 ms cpu, 3->3->1 MB, 4 MB goal, 0 MB stacks, 0 MB globals, 8 P
gc 28 @33.928s 0%: 0.083+0.42+0.049 ms clock, 0.66+0.59/0.54/0+0.39 ms cpu, 3->3->1 MB, 4 MB goal, 0 MB stacks, 0 MB globals, 8 P
gc 29 @33.931s 0%: 0.12+0.43+0.093 ms clock, 0.98+0.61/0.54/0+0.74 ms cpu, 3->3->1 MB, 4 MB goal, 0 MB stacks, 0 MB globals, 8 P
gc 30 @33.934s 0%: 0.061+0.46+0.11 ms clock, 0.49+0.78/0.55/0+0.91 ms cpu, 3->3->1 MB, 4 MB goal, 0 MB stacks, 0 MB globals, 8 P
gc 31 @33.936s 0%: 0.095+0.49+0.10 ms clock, 0.76+0.70/0.57/0+0.85 ms cpu, 3->3->1 MB, 4 MB goal, 0 MB stacks, 0 MB globals, 8 P
gc 32 @33.939s 0%: 0.086+0.49+0.10 ms clock, 0.69+0.69/0.55/0+0.80 ms cpu, 3->3->1 MB, 4 MB goal, 0 MB stacks, 0 MB globals, 8 P
gc 33 @33.942s 0%: 0.13+0.55+0.092 ms clock, 1.0+0.55/0.55/0+0.74 ms cpu, 3->3->1 MB, 4 MB goal, 0 MB stacks, 0 MB globals, 8 P
gc 34 @33.945s 0%: 0.088+0.41+0.10 ms clock, 0.70+0.64/0.54/0+0.80 ms cpu, 3->3->1 MB, 4 MB goal, 0 MB stacks, 0 MB globals, 8 P
gc 35 @33.948s 0%: 0.11+0.48+0.090 ms clock, 0.90+0.68/0.58/0+0.72 ms cpu, 3->3->1 MB, 4 MB goal, 0 MB stacks, 0 MB globals, 8 P
gc 36 @33.950s 0%: 0.11+0.58+0.13 ms clock, 0.93+0.53/0.72/0+1.0 ms cpu, 3->3->1 MB, 4 MB goal, 0 MB stacks, 0 MB globals, 8 P
gc 37 @33.953s 0%: 0.074+0.49+0.098 ms clock, 0.59+0.60/0.65/0+0.78 ms cpu, 3->3->1 MB, 4 MB goal, 0 MB stacks, 0 MB globals, 8 P
gc 38 @33.956s 0%: 0.073+0.65+0.074 ms clock, 0.59+0.58/0.59/0+0.59 ms cpu, 3->3->1 MB, 4 MB goal, 0 MB stacks, 0 MB globals, 8 P
gc 39 @33.959s 0%: 0.11+0.39+0.064 ms clock, 0.90+0.66/0.53/0+0.51 ms cpu, 3->3->1 MB, 4 MB goal, 0 MB stacks, 0 MB globals, 8 P
gc 40 @33.962s 0%: 0.090+0.59+0.12 ms clock, 0.72+0.69/0.63/0+0.98 ms cpu, 3->3->1 MB, 4 MB goal, 0 MB stacks, 0 MB globals, 8 P
gc 41 @33.964s 0%: 0.082+0.44+0.089 ms clock, 0.65+0.67/0.57/0+0.71 ms cpu, 3->3->1 MB, 4 MB goal, 0 MB stacks, 0 MB globals, 8 P
gc 42 @33.967s 0%: 0.051+0.45+0.11 ms clock, 0.41+0.65/0.59/0+0.90 ms cpu, 3->3->1 MB, 4 MB goal, 0 MB stacks, 0 MB globals, 8 P
gc 43 @33.970s 0%: 0.070+0.48+0.047 ms clock, 0.56+0.62/0.63/0+0.38 ms cpu, 3->3->1 MB, 4 MB goal, 0 MB stacks, 0 MB globals, 8 P
gc 44 @33.973s 0%: 0.10+0.48+0.12 ms clock, 0.82+0.68/0.63/0+0.97 ms cpu, 3->3->1 MB, 4 MB goal, 0 MB stacks, 0 MB globals, 8 P
gc 45 @33.975s 0%: 0.075+0.88+0.047 ms clock, 0.60+0.65/0.57/0+0.38 ms cpu, 3->3->1 MB, 4 MB goal, 0 MB stacks, 0 MB globals, 8 P
gc 46 @33.978s 0%: 0.095+0.49+0.12 ms clock, 0.76+0.54/0.60/0+0.98 ms cpu, 3->3->1 MB, 4 MB goal, 0 MB stacks, 0 MB globals, 8 P
gc 47 @33.981s 0%: 0.10+0.87+0.073 ms clock, 0.82+0.71/0.56/0+0.58 ms cpu, 3->3->1 MB, 4 MB goal, 0 MB stacks, 0 MB globals, 8 P
gc 48 @33.984s 0%: 0.086+0.40+0.048 ms clock, 0.68+0.66/0.54/0+0.39 ms cpu, 3->3->1 MB, 4 MB goal, 0 MB stacks, 0 MB globals, 8 P
gc 49 @33.987s 0%: 0.13+0.50+0.098 ms clock, 1.0+0.62/0.62/0+0.78 ms cpu, 3->3->1 MB, 4 MB goal, 0 MB stacks, 0 MB globals, 8 P
gc 50 @33.990s 0%: 0.12+0.52+0.092 ms clock, 0.97+0.70/0.58/0+0.74 ms cpu, 3->3->1 MB, 4 MB goal, 0 MB stacks, 0 MB globals, 8 P
gc 51 @33.992s 0%: 0.078+0.38+0.070 ms clock, 0.62+0.73/0.46/0+0.56 ms cpu, 3->3->1 MB, 4 MB goal, 0 MB stacks, 0 MB globals, 8 P
gc 52 @33.995s 0%: 0.080+0.44+0.072 ms clock, 0.64+0.63/0.57/0+0.57 ms cpu, 3->3->1 MB, 4 MB goal, 0 MB stacks, 0 MB globals, 8 P
gc 53 @33.998s 0%: 0.10+0.41+0.057 ms clock, 0.84+0.55/0.56/0+0.45 ms cpu, 3->3->1 MB, 4 MB goal, 0 MB stacks, 0 MB globals, 8 P
gc 54 @34.001s 0%: 0.077+0.47+0.084 ms clock, 0.62+0.50/0.56/0+0.67 ms cpu, 3->3->1 MB, 4 MB goal, 0 MB stacks, 0 MB globals, 8 P
gc 55 @34.003s 0%: 0.073+0.48+0.057 ms clock, 0.58+0.67/0.64/0+0.46 ms cpu, 3->3->1 MB, 4 MB goal, 0 MB stacks, 0 MB globals, 8 P
gc 56 @34.006s 0%: 0.094+0.54+0.054 ms clock, 0.75+0.71/0.60/0+0.43 ms cpu, 3->3->1 MB, 4 MB goal, 0 MB stacks, 0 MB globals, 8 P
gc 57 @34.009s 0%: 0.13+0.48+0.10 ms clock, 1.0+0.74/0.55/0+0.82 ms cpu, 3->3->1 MB, 4 MB goal, 0 MB stacks, 0 MB globals, 8 P
gc 58 @34.012s 0%: 0.10+0.42+0.057 ms clock, 0.85+0.58/0.60/0+0.45 ms cpu, 3->3->1 MB, 4 MB goal, 0 MB stacks, 0 MB globals, 8 P
gc 59 @34.014s 0%: 0.12+0.60+0.10 ms clock, 0.99+0.57/0.70/0+0.82 ms cpu, 3->3->1 MB, 4 MB goal, 0 MB stacks, 0 MB globals, 8 P
gc 60 @34.017s 0%: 0.12+0.49+0.061 ms clock, 0.96+0.75/0.60/0+0.48 ms cpu, 3->3->1 MB, 4 MB goal, 0 MB stacks, 0 MB globals, 8 P
gc 61 @34.020s 0%: 0.10+0.37+0.086 ms clock, 0.85+0.64/0.50/0+0.69 ms cpu, 3->3->1 MB, 4 MB goal, 0 MB stacks, 0 MB globals, 8 P
gc 62 @34.023s 0%: 0.11+0.49+0.10 ms clock, 0.89+0.74/0.56/0+0.80 ms cpu, 3->3->1 MB, 4 MB goal, 0 MB stacks, 0 MB globals, 8 P
gc 63 @34.026s 0%: 0.10+0.44+0.096 ms clock, 0.83+0.54/0.59/0+0.77 ms cpu, 3->3->1 MB, 4 MB goal, 0 MB stacks, 0 MB globals, 8 P
gc 64 @34.028s 0%: 0.10+0.57+0.065 ms clock, 0.86+0.61/0.71/0+0.52 ms cpu, 3->3->1 MB, 4 MB goal, 0 MB stacks, 0 MB globals, 8 P
gc 65 @34.031s 0%: 0.076+0.72+0.046 ms clock, 0.60+0.77/0.89/0+0.37 ms cpu, 3->3->1 MB, 4 MB goal, 0 MB stacks, 0 MB globals, 8 P
gc 66 @34.034s 0%: 0.13+0.45+0.10 ms clock, 1.1+0.61/0.57/0+0.85 ms cpu, 3->3->1 MB, 4 MB goal, 0 MB stacks, 0 MB globals, 8 P
gc 67 @34.037s 0%: 0.12+0.38+0.096 ms clock, 0.97+0.60/0.56/0+0.77 ms cpu, 3->3->1 MB, 4 MB goal, 0 MB stacks, 0 MB globals, 8 P
gc 68 @34.039s 0%: 0.10+0.50+0.058 ms clock, 0.83+0.69/0.56/0+0.47 ms cpu, 3->3->1 MB, 4 MB goal, 0 MB stacks, 0 MB globals, 8 P
gc 69 @34.042s 0%: 0.063+0.76+0.077 ms clock, 0.51+0.59/0.61/0+0.62 ms cpu, 3->3->1 MB, 4 MB goal, 0 MB stacks, 0 MB globals, 8 P
gc 70 @34.045s 0%: 0.10+0.44+0.078 ms clock, 0.80+0.68/0.53/0+0.62 ms cpu, 3->3->1 MB, 4 MB goal, 0 MB stacks, 0 MB globals, 8 P
gc 71 @34.048s 0%: 0.10+0.58+0.058 ms clock, 0.87+0.72/0.55/0+0.47 ms cpu, 3->3->1 MB, 4 MB goal, 0 MB stacks, 0 MB globals, 8 P
gc 72 @34.051s 0%: 0.10+0.56+0.10 ms clock, 0.84+0.71/0.58/0+0.83 ms cpu, 3->3->1 MB, 4 MB goal, 0 MB stacks, 0 MB globals, 8 P
gc 73 @34.053s 0%: 0.14+0.53+0.053 ms clock, 1.1+0.51/0.65/0+0.43 ms cpu, 3->3->1 MB, 4 MB goal, 0 MB stacks, 0 MB globals, 8 P
gc 74 @34.056s 0%: 0.10+0.55+0.089 ms clock, 0.84+0.61/0.63/0+0.71 ms cpu, 3->3->1 MB, 4 MB goal, 0 MB stacks, 0 MB globals, 8 P
gc 75 @34.059s 0%: 0.078+0.53+0.097 ms clock, 0.62+0.63/0.63/0+0.77 ms cpu, 3->3->1 MB, 4 MB goal, 0 MB stacks, 0 MB globals, 8 P
gc 76 @34.062s 0%: 0.078+0.72+0.091 ms clock, 0.62+0.65/0.59/0+0.73 ms cpu, 3->3->1 MB, 4 MB goal, 0 MB stacks, 0 MB globals, 8 P
gc 77 @34.065s 0%: 0.085+0.43+0.12 ms clock, 0.68+0.67/0.56/0+0.98 ms cpu, 3->3->1 MB, 4 MB goal, 0 MB stacks, 0 MB globals, 8 P
gc 78 @34.068s 0%: 0.11+1.2+0.072 ms clock, 0.92+0.55/0.63/0+0.57 ms cpu, 3->4->1 MB, 4 MB goal, 0 MB stacks, 0 MB globals, 8 P
gc 79 @34.071s 0%: 0.12+0.77+0.081 ms clock, 0.96+0.69/0.54/0+0.65 ms cpu, 3->4->1 MB, 4 MB goal, 0 MB stacks, 0 MB globals, 8 P
gc 80 @34.074s 0%: 0.075+0.39+0.10 ms clock, 0.60+0.70/0.55/0+0.84 ms cpu, 3->3->1 MB, 4 MB goal, 0 MB stacks, 0 MB globals, 8 P
gc 81 @34.076s 0%: 0.12+0.88+0.068 ms clock, 1.0+0.50/0.70/0+0.54 ms cpu, 3->3->1 MB, 4 MB goal, 0 MB stacks, 0 MB globals, 8 P
gc 82 @34.079s 0%: 0.10+0.51+0.091 ms clock, 0.82+0.58/0.67/0+0.73 ms cpu, 3->3->1 MB, 4 MB goal, 0 MB stacks, 0 MB globals, 8 P
gc 83 @34.082s 0%: 0.10+0.53+0.076 ms clock, 0.81+0.70/0.51/0+0.61 ms cpu, 3->3->1 MB, 4 MB goal, 0 MB stacks, 0 MB globals, 8 P
gc 84 @34.085s 0%: 0.086+0.74+0.10 ms clock, 0.68+0.67/0.61/0+0.81 ms cpu, 3->3->1 MB, 4 MB goal, 0 MB stacks, 0 MB globals, 8 P
gc 85 @34.088s 0%: 0.098+0.40+0.055 ms clock, 0.78+0.68/0.54/0+0.44 ms cpu, 3->3->1 MB, 4 MB goal, 0 MB stacks, 0 MB globals, 8 P
gc 86 @34.090s 0%: 0.10+0.46+0.069 ms clock, 0.80+0.68/0.62/0+0.55 ms cpu, 3->3->1 MB, 4 MB goal, 0 MB stacks, 0 MB globals, 8 P
gc 87 @34.093s 0%: 0.10+0.89+0.094 ms clock, 0.83+0.71/0.60/0+0.75 ms cpu, 3->3->1 MB, 4 MB goal, 0 MB stacks, 0 MB globals, 8 P
gc 88 @34.096s 0%: 0.083+0.48+0.078 ms clock, 0.66+0.75/0.55/0+0.63 ms cpu, 3->3->1 MB, 4 MB goal, 0 MB stacks, 0 MB globals, 8 P
gc 89 @34.099s 0%: 0.10+0.46+0.090 ms clock, 0.86+0.73/0.57/0+0.72 ms cpu, 3->3->1 MB, 4 MB goal, 0 MB stacks, 0 MB globals, 8 P
gc 90 @34.102s 0%: 0.082+0.55+0.10 ms clock, 0.65+0.69/0.61/0+0.84 ms cpu, 3->3->1 MB, 4 MB goal, 0 MB stacks, 0 MB globals, 8 P
gc 91 @34.105s 0%: 0.073+0.69+0.11 ms clock, 0.58+0.73/0.54/0+0.89 ms cpu, 3->3->1 MB, 4 MB goal, 0 MB stacks, 0 MB globals, 8 P
gc 92 @34.108s 0%: 0.11+0.61+0.071 ms clock, 0.89+0.69/0.58/0+0.57 ms cpu, 3->3->1 MB, 4 MB goal, 0 MB stacks, 0 MB globals, 8 P
gc 93 @34.110s 0%: 0.077+0.49+0.042 ms clock, 0.62+0.53/0.62/0+0.33 ms cpu, 3->3->1 MB, 4 MB goal, 0 MB stacks, 0 MB globals, 8 P
gc 94 @34.113s 0%: 0.094+0.74+0.11 ms clock, 0.75+0.67/0.57/0+0.88 ms cpu, 3->3->1 MB, 4 MB goal, 0 MB stacks, 0 MB globals, 8 P
gc 95 @34.116s 0%: 0.10+0.54+0.061 ms clock, 0.80+0.66/0.71/0+0.49 ms cpu, 3->3->1 MB, 4 MB goal, 0 MB stacks, 0 MB globals, 8 P
gc 96 @34.119s 0%: 0.11+0.45+0.042 ms clock, 0.92+0.60/0.59/0+0.33 ms cpu, 3->3->1 MB, 4 MB goal, 0 MB stacks, 0 MB globals, 8 P
gc 97 @34.122s 0%: 0.091+0.52+0.078 ms clock, 0.73+0.66/0.66/0+0.62 ms cpu, 3->3->1 MB, 4 MB goal, 0 MB stacks, 0 MB globals, 8 P
gc 98 @34.124s 0%: 0.079+0.59+0.10 ms clock, 0.63+0.70/0.60/0+0.81 ms cpu, 3->3->1 MB, 4 MB goal, 0 MB stacks, 0 MB globals, 8 P
gc 99 @34.127s 0%: 0.082+0.55+0.074 ms clock, 0.65+0.54/0.64/0+0.59 ms cpu, 3->3->1 MB, 4 MB goal, 0 MB stacks, 0 MB globals, 8 P
gc 100 @34.130s 0%: 0.094+0.88+0.47 ms clock, 0.75+0.69/0.59/0+3.7 ms cpu, 3->3->1 MB, 4 MB goal, 0 MB stacks, 0 MB globals, 8 P
gc 101 @34.133s 0%: 0.067+0.48+0.077 ms clock, 0.54+0.65/0.63/0+0.61 ms cpu, 3->3->1 MB, 4 MB goal, 0 MB stacks, 0 MB globals, 8 P
gc 102 @34.136s 0%: 0.10+0.65+0.079 ms clock, 0.80+0.65/0.69/0+0.63 ms cpu, 3->3->1 MB, 4 MB goal, 0 MB stacks, 0 MB globals, 8 P
gc 103 @34.138s 0%: 0.064+0.63+0.10 ms clock, 0.51+0.58/0.60/0+0.80 ms cpu, 3->3->1 MB, 4 MB goal, 0 MB stacks, 0 MB globals, 8 P
gc 104 @34.141s 0%: 0.094+0.57+0.12 ms clock, 0.75+0.64/0.68/0+1.0 ms cpu, 3->3->1 MB, 4 MB goal, 0 MB stacks, 0 MB globals, 8 P
gc 105 @34.144s 0%: 0.12+0.57+0.075 ms clock, 0.98+0.58/0.56/0+0.60 ms cpu, 3->3->1 MB, 4 MB goal, 0 MB stacks, 0 MB globals, 8 P
gc 106 @34.147s 0%: 0.097+0.48+0.086 ms clock, 0.78+0.61/0.60/0+0.69 ms cpu, 3->3->1 MB, 4 MB goal, 0 MB stacks, 0 MB globals, 8 P
gc 107 @34.150s 0%: 0.10+0.56+0.098 ms clock, 0.84+0.63/0.60/0+0.78 ms cpu, 3->3->1 MB, 4 MB goal, 0 MB stacks, 0 MB globals, 8 P
gc 108 @34.152s 0%: 0.089+0.46+0.059 ms clock, 0.71+0.53/0.58/0+0.47 ms cpu, 3->3->1 MB, 4 MB goal, 0 MB stacks, 0 MB globals, 8 P
gc 109 @34.155s 0%: 0.096+0.45+0.067 ms clock, 0.77+0.53/0.59/0+0.53 ms cpu, 3->3->1 MB, 4 MB goal, 0 MB stacks, 0 MB globals, 8 P
gc 110 @34.158s 0%: 0.086+0.67+0.099 ms clock, 0.68+0.70/0.63/0+0.79 ms cpu, 3->3->1 MB, 4 MB goal, 0 MB stacks, 0 MB globals, 8 P
gc 111 @34.161s 0%: 0.10+0.48+0.044 ms clock, 0.83+0.60/0.61/0+0.35 ms cpu, 3->3->1 MB, 4 MB goal, 0 MB stacks, 0 MB globals, 8 P
gc 112 @34.164s 0%: 0.065+0.52+0.11 ms clock, 0.52+0.69/0.62/0+0.89 ms cpu, 3->3->1 MB, 4 MB goal, 0 MB stacks, 0 MB globals, 8 P
gc 113 @34.166s 0%: 0.080+0.52+0.099 ms clock, 0.64+0.63/0.62/0+0.79 ms cpu, 3->3->1 MB, 4 MB goal, 0 MB stacks, 0 MB globals, 8 P
gc 114 @34.169s 0%: 0.088+0.48+0.056 ms clock, 0.71+0.61/0.65/0+0.45 ms cpu, 3->3->1 MB, 4 MB goal, 0 MB stacks, 0 MB globals, 8 P
gc 115 @34.172s 0%: 0.11+0.42+0.087 ms clock, 0.92+0.64/0.61/0+0.70 ms cpu, 3->3->1 MB, 4 MB goal, 0 MB stacks, 0 MB globals, 8 P
gc 116 @34.175s 0%: 0.096+0.44+0.11 ms clock, 0.77+0.67/0.59/0+0.88 ms cpu, 3->3->1 MB, 4 MB goal, 0 MB stacks, 0 MB globals, 8 P
gc 117 @34.178s 0%: 0.078+0.55+0.058 ms clock, 0.62+0.70/0.59/0+0.46 ms cpu, 3->3->1 MB, 4 MB goal, 0 MB stacks, 0 MB globals, 8 P
gc 118 @34.180s 0%: 0.11+0.49+0.072 ms clock, 0.90+0.63/0.62/0+0.57 ms cpu, 3->3->1 MB, 4 MB goal, 0 MB stacks, 0 MB globals, 8 P
gc 119 @34.183s 0%: 0.095+0.56+0.10 ms clock, 0.76+0.69/0.55/0+0.83 ms cpu, 3->3->1 MB, 4 MB goal, 0 MB stacks, 0 MB globals, 8 P
gc 120 @34.186s 0%: 0.079+0.51+0.085 ms clock, 0.63+0.64/0.59/0+0.68 ms cpu, 3->3->1 MB, 4 MB goal, 0 MB stacks, 0 MB globals, 8 P
gc 121 @34.189s 0%: 0.083+0.51+0.099 ms clock, 0.66+0.57/0.67/0+0.79 ms cpu, 3->3->1 MB, 4 MB goal, 0 MB stacks, 0 MB globals, 8 P
gc 122 @34.192s 0%: 0.093+0.36+0.063 ms clock, 0.74+0.70/0.54/0+0.51 ms cpu, 3->3->1 MB, 4 MB goal, 0 MB stacks, 0 MB globals, 8 P
gc 123 @34.194s 0%: 0.095+0.44+0.082 ms clock, 0.76+0.69/0.49/0+0.66 ms cpu, 3->3->1 MB, 4 MB goal, 0 MB stacks, 0 MB globals, 8 P
gc 124 @34.197s 0%: 0.096+0.48+0.092 ms clock, 0.77+0.63/0.60/0+0.74 ms cpu, 3->3->1 MB, 4 MB goal, 0 MB stacks, 0 MB globals, 8 P
gc 125 @34.200s 0%: 0.10+0.48+0.088 ms clock, 0.80+0.73/0.51/0+0.70 ms cpu, 3->3->1 MB, 4 MB goal, 0 MB stacks, 0 MB globals, 8 P
gc 126 @34.203s 0%: 0.093+0.43+0.094 ms clock, 0.74+0.75/0.48/0+0.75 ms cpu, 3->3->1 MB, 4 MB goal, 0 MB stacks, 0 MB globals, 8 P
gc 127 @34.206s 0%: 0.10+0.89+0.093 ms clock, 0.84+0.65/0.63/0+0.74 ms cpu, 3->4->1 MB, 4 MB goal, 0 MB stacks, 0 MB globals, 8 P
gc 128 @34.209s 0%: 0.089+0.63+0.087 ms clock, 0.71+0.46/0.67/0+0.69 ms cpu, 3->3->1 MB, 4 MB goal, 0 MB stacks, 0 MB globals, 8 P
gc 129 @34.211s 0%: 0.098+0.76+0.093 ms clock, 0.78+0.70/0.59/0+0.74 ms cpu, 3->3->1 MB, 4 MB goal, 0 MB stacks, 0 MB globals, 8 P
gc 130 @34.214s 0%: 0.080+0.98+0.14 ms clock, 0.64+0.48/0.59/0+1.1 ms cpu, 3->3->1 MB, 4 MB goal, 0 MB stacks, 0 MB globals, 8 P
gc 131 @34.217s 0%: 0.12+0.57+0.048 ms clock, 1.0+0.60/0.71/0+0.38 ms cpu, 3->3->1 MB, 4 MB goal, 0 MB stacks, 0 MB globals, 8 P
gc 132 @34.220s 0%: 0.080+0.41+0.049 ms clock, 0.64+0.55/0.56/0+0.39 ms cpu, 3->3->1 MB, 4 MB goal, 0 MB stacks, 0 MB globals, 8 P
gc 133 @34.223s 0%: 0.091+0.77+0.058 ms clock, 0.73+0.61/0.57/0+0.46 ms cpu, 3->3->1 MB, 4 MB goal, 0 MB stacks, 0 MB globals, 8 P
gc 134 @34.226s 0%: 0.094+0.48+0.051 ms clock, 0.75+0.56/0.66/0+0.41 ms cpu, 3->3->1 MB, 4 MB goal, 0 MB stacks, 0 MB globals, 8 P
gc 135 @34.228s 0%: 0.11+0.41+0.076 ms clock, 0.93+0.67/0.49/0+0.61 ms cpu, 3->3->1 MB, 4 MB goal, 0 MB stacks, 0 MB globals, 8 P
gc 136 @34.231s 0%: 0.098+0.41+0.095 ms clock, 0.78+0.62/0.58/0+0.76 ms cpu, 3->3->1 MB, 4 MB goal, 0 MB stacks, 0 MB globals, 8 P
gc 137 @34.234s 0%: 0.11+0.51+0.10 ms clock, 0.94+0.56/0.63/0+0.82 ms cpu, 3->3->1 MB, 4 MB goal, 0 MB stacks, 0 MB globals, 8 P
gc 138 @34.236s 0%: 0.12+0.64+0.041 ms clock, 0.97+0.64/0.58/0+0.33 ms cpu, 3->3->1 MB, 4 MB goal, 0 MB stacks, 0 MB globals, 8 P
gc 139 @34.239s 0%: 0.087+0.63+0.044 ms clock, 0.69+0.74/0.59/0+0.35 ms cpu, 3->3->1 MB, 4 MB goal, 0 MB stacks, 0 MB globals, 8 P
gc 140 @34.242s 0%: 0.10+0.72+0.037 ms clock, 0.84+0.67/0.55/0+0.29 ms cpu, 3->3->1 MB, 4 MB goal, 0 MB stacks, 0 MB globals, 8 P
gc 141 @34.245s 0%: 0.097+0.85+0.086 ms clock, 0.77+0.58/0.64/0+0.69 ms cpu, 3->3->1 MB, 4 MB goal, 0 MB stacks, 0 MB globals, 8 P
gc 142 @34.248s 0%: 0.13+0.58+0.074 ms clock, 1.0+0.64/0.63/0+0.59 ms cpu, 3->3->1 MB, 4 MB goal, 0 MB stacks, 0 MB globals, 8 P
gc 143 @34.251s 0%: 0.094+0.42+0.10 ms clock, 0.75+0.83/0.54/0+0.81 ms cpu, 3->3->1 MB, 4 MB goal, 0 MB stacks, 0 MB globals, 8 P
gc 144 @34.253s 0%: 0.10+0.58+0.052 ms clock, 0.84+0.72/0.65/0+0.41 ms cpu, 3->3->1 MB, 4 MB goal, 0 MB stacks, 0 MB globals, 8 P
gc 145 @34.256s 0%: 0.065+0.69+0.098 ms clock, 0.52+0.78/0.66/0+0.78 ms cpu, 3->3->1 MB, 4 MB goal, 0 MB stacks, 0 MB globals, 8 P
gc 146 @34.259s 0%: 0.070+0.47+0.076 ms clock, 0.56+0.71/0.60/0+0.61 ms cpu, 3->3->1 MB, 4 MB goal, 0 MB stacks, 0 MB globals, 8 P
gc 147 @34.262s 0%: 0.086+0.48+0.070 ms clock, 0.68+0.69/0.59/0+0.56 ms cpu, 3->3->1 MB, 4 MB goal, 0 MB stacks, 0 MB globals, 8 P
gc 148 @34.265s 0%: 0.073+0.49+0.11 ms clock, 0.58+0.67/0.63/0+0.94 ms cpu, 3->3->1 MB, 4 MB goal, 0 MB stacks, 0 MB globals, 8 P
gc 149 @34.267s 0%: 0.11+0.55+0.11 ms clock, 0.93+0.66/0.65/0+0.92 ms cpu, 3->3->1 MB, 4 MB goal, 0 MB stacks, 0 MB globals, 8 P
gc 150 @34.270s 0%: 0.094+0.55+0.050 ms clock, 0.75+0.66/0.64/0+0.40 ms cpu, 3->3->1 MB, 4 MB goal, 0 MB stacks, 0 MB globals, 8 P
gc 151 @34.273s 0%: 0.10+0.45+0.064 ms clock, 0.81+0.70/0.55/0+0.51 ms cpu, 3->3->1 MB, 4 MB goal, 0 MB stacks, 0 MB globals, 8 P
gc 152 @34.276s 0%: 0.075+0.53+0.093 ms clock, 0.60+0.64/0.58/0+0.74 ms cpu, 3->3->1 MB, 4 MB goal, 0 MB stacks, 0 MB globals, 8 P
gc 153 @34.278s 0%: 0.065+0.38+0.040 ms clock, 0.52+0.66/0.56/0+0.32 ms cpu, 3->3->1 MB, 4 MB goal, 0 MB stacks, 0 MB globals, 8 P
gc 154 @34.281s 0%: 0.092+0.39+0.072 ms clock, 0.73+0.69/0.60/0+0.57 ms cpu, 3->3->1 MB, 4 MB goal, 0 MB stacks, 0 MB globals, 8 P
gc 155 @34.284s 0%: 0.098+0.51+0.095 ms clock, 0.78+0.70/0.55/0+0.76 ms cpu, 3->3->1 MB, 4 MB goal, 0 MB stacks, 0 MB globals, 8 P
gc 156 @34.287s 0%: 0.12+0.74+0.085 ms clock, 0.97+0.67/0.67/0+0.68 ms cpu, 3->3->1 MB, 4 MB goal, 0 MB stacks, 0 MB globals, 8 P
gc 157 @34.290s 0%: 0.087+0.54+0.071 ms clock, 0.69+0.63/0.60/0+0.57 ms cpu, 3->3->1 MB, 4 MB goal, 0 MB stacks, 0 MB globals, 8 P
gc 158 @34.293s 0%: 0.064+0.82+0.062 ms clock, 0.51+0.64/0.68/0.007+0.49 ms cpu, 3->3->1 MB, 4 MB goal, 0 MB stacks, 0 MB globals, 8 P
gc 159 @34.295s 0%: 0.068+0.53+0.093 ms clock, 0.54+0.69/0.61/0+0.74 ms cpu, 3->3->1 MB, 4 MB goal, 0 MB stacks, 0 MB globals, 8 P
gc 160 @34.298s 0%: 0.11+0.46+0.10 ms clock, 0.89+0.60/0.60/0+0.85 ms cpu, 3->3->1 MB, 4 MB goal, 0 MB stacks, 0 MB globals, 8 P
gc 161 @34.301s 0%: 0.10+0.51+0.095 ms clock, 0.84+0.63/0.69/0+0.76 ms cpu, 3->3->1 MB, 4 MB goal, 0 MB stacks, 0 MB globals, 8 P
gc 162 @34.304s 0%: 0.089+0.81+0.059 ms clock, 0.71+0.53/0.60/0+0.47 ms cpu, 3->3->1 MB, 4 MB goal, 0 MB stacks, 0 MB globals, 8 P
gc 163 @34.307s 0%: 0.054+0.78+0.084 ms clock, 0.43+0.73/0.64/0+0.67 ms cpu, 3->3->1 MB, 4 MB goal, 0 MB stacks, 0 MB globals, 8 P
gc 164 @34.310s 0%: 0.10+0.68+0.11 ms clock, 0.82+0.71/0.57/0+0.93 ms cpu, 3->3->1 MB, 4 MB goal, 0 MB stacks, 0 MB globals, 8 P
gc 165 @34.312s 0%: 0.093+0.51+0.091 ms clock, 0.74+0.81/0.49/0+0.73 ms cpu, 3->3->1 MB, 4 MB goal, 0 MB stacks, 0 MB globals, 8 P
gc 166 @34.315s 0%: 0.069+0.45+0.10 ms clock, 0.55+0.52/0.61/0+0.85 ms cpu, 3->3->1 MB, 4 MB goal, 0 MB stacks, 0 MB globals, 8 P
gc 167 @34.318s 0%: 0.10+0.94+0.10 ms clock, 0.84+0.54/0.66/0+0.82 ms cpu, 3->3->1 MB, 4 MB goal, 0 MB stacks, 0 MB globals, 8 P
gc 168 @34.321s 0%: 0.10+0.49+0.084 ms clock, 0.83+0.78/0.50/0+0.67 ms cpu, 3->3->1 MB, 4 MB goal, 0 MB stacks, 0 MB globals, 8 P
gc 169 @34.324s 0%: 0.084+0.42+0.075 ms clock, 0.67+0.72/0.55/0+0.60 ms cpu, 3->3->1 MB, 4 MB goal, 0 MB stacks, 0 MB globals, 8 P
gc 170 @34.326s 0%: 0.087+0.45+0.066 ms clock, 0.70+0.49/0.63/0+0.52 ms cpu, 3->3->1 MB, 4 MB goal, 0 MB stacks, 0 MB globals, 8 P
gc 171 @34.329s 0%: 0.10+0.43+0.073 ms clock, 0.82+0.75/0.55/0+0.59 ms cpu, 3->3->1 MB, 4 MB goal, 0 MB stacks, 0 MB globals, 8 P
gc 172 @34.332s 0%: 0.074+0.55+0.094 ms clock, 0.59+0.66/0.56/0+0.75 ms cpu, 3->3->1 MB, 4 MB goal, 0 MB stacks, 0 MB globals, 8 P
gc 173 @34.335s 0%: 0.088+0.72+0.055 ms clock, 0.71+0.60/0.57/0+0.44 ms cpu, 3->3->1 MB, 4 MB goal, 0 MB stacks, 0 MB globals, 8 P
gc 174 @34.338s 0%: 0.088+0.64+0.10 ms clock, 0.70+0.48/0.75/0+0.86 ms cpu, 3->3->1 MB, 4 MB goal, 0 MB stacks, 0 MB globals, 8 P
gc 175 @34.340s 0%: 0.082+0.67+0.095 ms clock, 0.66+0.72/0.60/0+0.76 ms cpu, 3->3->1 MB, 4 MB goal, 0 MB stacks, 0 MB globals, 8 P
gc 176 @34.343s 0%: 0.12+0.46+0.084 ms clock, 1.0+0.63/0.61/0+0.67 ms cpu, 3->3->1 MB, 4 MB goal, 0 MB stacks, 0 MB globals, 8 P
gc 177 @34.346s 0%: 0.12+0.46+0.11 ms clock, 0.98+0.67/0.59/0+0.93 ms cpu, 3->3->1 MB, 4 MB goal, 0 MB stacks, 0 MB globals, 8 P
gc 178 @34.349s 0%: 0.085+0.45+0.10 ms clock, 0.68+0.72/0.52/0+0.83 ms cpu, 3->3->1 MB, 4 MB goal, 0 MB stacks, 0 MB globals, 8 P
gc 179 @34.351s 0%: 0.071+0.56+0.10 ms clock, 0.57+0.73/0.66/0+0.87 ms cpu, 3->3->1 MB, 4 MB goal, 0 MB stacks, 0 MB globals, 8 P
gc 180 @34.354s 0%: 0.15+0.47+0.051 ms clock, 1.2+0.51/0.63/0+0.40 ms cpu, 3->3->1 MB, 4 MB goal, 0 MB stacks, 0 MB globals, 8 P
gc 181 @34.357s 0%: 0.10+0.54+0.10 ms clock, 0.85+0.71/0.58/0+0.81 ms cpu, 3->3->1 MB, 4 MB goal, 0 MB stacks, 0 MB globals, 8 P
gc 182 @34.360s 0%: 0.11+0.53+0.11 ms clock, 0.92+0.61/0.60/0+0.91 ms cpu, 3->3->1 MB, 4 MB goal, 0 MB stacks, 0 MB globals, 8 P
gc 183 @34.363s 0%: 0.12+0.59+0.096 ms clock, 1.0+0.69/0.59/0+0.77 ms cpu, 3->3->1 MB, 4 MB goal, 0 MB stacks, 0 MB globals, 8 P
gc 184 @34.365s 0%: 0.095+0.49+0.091 ms clock, 0.76+0.73/0.63/0+0.73 ms cpu, 3->3->1 MB, 4 MB goal, 0 MB stacks, 0 MB globals, 8 P
gc 185 @34.368s 0%: 0.13+0.41+0.059 ms clock, 1.1+0.58/0.64/0+0.47 ms cpu, 3->3->1 MB, 4 MB goal, 0 MB stacks, 0 MB globals, 8 P
gc 186 @34.371s 0%: 0.094+0.49+0.12 ms clock, 0.75+0.75/0.55/0+0.99 ms cpu, 3->3->1 MB, 4 MB goal, 0 MB stacks, 0 MB globals, 8 P
gc 187 @34.374s 0%: 0.10+0.62+0.074 ms clock, 0.80+0.61/0.60/0+0.59 ms cpu, 3->3->1 MB, 4 MB goal, 0 MB stacks, 0 MB globals, 8 P
gc 188 @34.377s 0%: 0.095+0.42+0.11 ms clock, 0.76+0.75/0.54/0+0.89 ms cpu, 3->3->1 MB, 4 MB goal, 0 MB stacks, 0 MB globals, 8 P
gc 189 @34.379s 0%: 0.083+0.95+0.039 ms clock, 0.66+0.55/0.59/0+0.31 ms cpu, 3->3->1 MB, 4 MB goal, 0 MB stacks, 0 MB globals, 8 P
gc 190 @34.382s 0%: 0.091+0.57+0.067 ms clock, 0.73+0.74/0.60/0+0.53 ms cpu, 3->3->1 MB, 4 MB goal, 0 MB stacks, 0 MB globals, 8 P
gc 191 @34.385s 0%: 0.082+0.93+0.070 ms clock, 0.66+1.2/0.59/0+0.56 ms cpu, 3->3->1 MB, 4 MB goal, 0 MB stacks, 0 MB globals, 8 P
gc 192 @34.388s 0%: 0.091+0.55+0.10 ms clock, 0.73+0.60/0.66/0+0.80 ms cpu, 3->3->1 MB, 4 MB goal, 0 MB stacks, 0 MB globals, 8 P
gc 193 @34.391s 0%: 0.082+0.47+0.094 ms clock, 0.66+0.71/0.50/0+0.75 ms cpu, 3->3->1 MB, 4 MB goal, 0 MB stacks, 0 MB globals, 8 P
gc 194 @34.393s 0%: 0.068+0.54+0.11 ms clock, 0.54+0.65/0.58/0+0.90 ms cpu, 3->3->1 MB, 4 MB goal, 0 MB stacks, 0 MB globals, 8 P
gc 195 @34.396s 0%: 0.12+0.58+0.076 ms clock, 1.0+0.63/0.71/0+0.61 ms cpu, 3->3->1 MB, 4 MB goal, 0 MB stacks, 0 MB globals, 8 P
gc 196 @34.399s 0%: 0.071+0.53+0.080 ms clock, 0.56+0.73/0.54/0+0.64 ms cpu, 3->3->1 MB, 4 MB goal, 0 MB stacks, 0 MB globals, 8 P
gc 197 @34.402s 0%: 0.096+0.88+0.049 ms clock, 0.77+0.55/0.68/0+0.39 ms cpu, 3->3->1 MB, 4 MB goal, 0 MB stacks, 0 MB globals, 8 P
gc 198 @34.405s 0%: 0.085+0.57+0.066 ms clock, 0.68+0.61/0.67/0+0.52 ms cpu, 3->3->1 MB, 4 MB goal, 0 MB stacks, 0 MB globals, 8 P
gc 199 @34.408s 0%: 0.092+0.46+0.090 ms clock, 0.73+0.72/0.53/0+0.72 ms cpu, 3->3->1 MB, 4 MB goal, 0 MB stacks, 0 MB globals, 8 P
gc 200 @34.410s 0%: 0.099+0.62+0.13 ms clock, 0.79+0.48/0.56/0+1.1 ms cpu, 3->3->1 MB, 4 MB goal, 0 MB stacks, 0 MB globals, 8 P
gc 201 @34.413s 0%: 0.10+0.57+0.056 ms clock, 0.82+0.62/0.63/0+0.45 ms cpu, 3->3->1 MB, 4 MB goal, 0 MB stacks, 0 MB globals, 8 P
gc 202 @34.416s 0%: 0.058+1.0+0.093 ms clock, 0.46+0.50/0.61/0+0.74 ms cpu, 3->3->1 MB, 4 MB goal, 0 MB stacks, 0 MB globals, 8 P
gc 203 @34.419s 0%: 0.10+0.48+0.080 ms clock, 0.86+0.72/0.60/0+0.64 ms cpu, 3->3->1 MB, 4 MB goal, 0 MB stacks, 0 MB globals, 8 P
gc 204 @34.422s 0%: 0.10+0.80+0.073 ms clock, 0.84+0.62/0.62/0+0.58 ms cpu, 3->3->1 MB, 4 MB goal, 0 MB stacks, 0 MB globals, 8 P
gc 205 @34.424s 0%: 0.13+0.50+0.087 ms clock, 1.0+0.53/0.62/0+0.70 ms cpu, 3->3->1 MB, 4 MB goal, 0 MB stacks, 0 MB globals, 8 P
gc 206 @34.427s 0%: 0.086+0.91+0.084 ms clock, 0.69+0.76/0.51/0+0.67 ms cpu, 3->3->1 MB, 4 MB goal, 0 MB stacks, 0 MB globals, 8 P
gc 207 @34.430s 0%: 0.086+0.53+0.062 ms clock, 0.68+0.72/0.61/0+0.49 ms cpu, 3->3->1 MB, 4 MB goal, 0 MB stacks, 0 MB globals, 8 P
gc 208 @34.433s 0%: 0.12+0.47+0.075 ms clock, 0.97+0.68/0.57/0+0.60 ms cpu, 3->3->1 MB, 4 MB goal, 0 MB stacks, 0 MB globals, 8 P
gc 209 @34.436s 0%: 0.076+0.46+0.11 ms clock, 0.60+0.62/0.58/0+0.92 ms cpu, 3->3->1 MB, 4 MB goal, 0 MB stacks, 0 MB globals, 8 P
gc 210 @34.438s 0%: 0.088+0.53+0.090 ms clock, 0.70+0.65/0.71/0+0.72 ms cpu, 3->3->1 MB, 4 MB goal, 0 MB stacks, 0 MB globals, 8 P
gc 211 @34.441s 0%: 0.10+0.56+0.064 ms clock, 0.82+0.64/0.70/0+0.51 ms cpu, 3->3->1 MB, 4 MB goal, 0 MB stacks, 0 MB globals, 8 P
gc 212 @34.444s 0%: 0.073+0.39+0.050 ms clock, 0.58+0.71/0.52/0+0.40 ms cpu, 3->3->1 MB, 4 MB goal, 0 MB stacks, 0 MB globals, 8 P
gc 213 @34.447s 0%: 0.089+0.53+0.10 ms clock, 0.71+0.62/0.59/0+0.82 ms cpu, 3->3->1 MB, 4 MB goal, 0 MB stacks, 0 MB globals, 8 P
gc 214 @34.450s 0%: 0.078+0.54+0.12 ms clock, 0.62+0.66/0.57/0+1.0 ms cpu, 3->3->1 MB, 4 MB goal, 0 MB stacks, 0 MB globals, 8 P
gc 215 @34.452s 0%: 0.10+0.52+0.069 ms clock, 0.83+0.75/0.62/0+0.55 ms cpu, 3->3->1 MB, 4 MB goal, 0 MB stacks, 0 MB globals, 8 P
gc 216 @34.455s 0%: 0.13+0.55+0.076 ms clock, 1.1+0.56/0.73/0+0.61 ms cpu, 3->3->1 MB, 4 MB goal, 0 MB stacks, 0 MB globals, 8 P
gc 217 @34.458s 0%: 0.079+0.49+0.11 ms clock, 0.63+0.71/0.56/0+0.90 ms cpu, 3->3->1 MB, 4 MB goal, 0 MB stacks, 0 MB globals, 8 P
gc 218 @34.461s 0%: 0.12+0.50+0.083 ms clock, 1.0+0.65/0.65/0+0.66 ms cpu, 3->3->1 MB, 4 MB goal, 0 MB stacks, 0 MB globals, 8 P
gc 219 @34.463s 0%: 0.098+0.51+0.096 ms clock, 0.78+0.63/0.65/0+0.77 ms cpu, 3->3->1 MB, 4 MB goal, 0 MB stacks, 0 MB globals, 8 P
gc 220 @34.466s 0%: 0.051+1.2+0.10 ms clock, 0.40+0.58/0.72/0+0.82 ms cpu, 3->4->1 MB, 4 MB goal, 0 MB stacks, 0 MB globals, 8 P
gc 221 @34.469s 0%: 0.083+0.84+0.076 ms clock, 0.66+0.55/0.65/0+0.61 ms cpu, 3->4->1 MB, 4 MB goal, 0 MB stacks, 0 MB globals, 8 P
gc 222 @34.472s 0%: 0.10+0.51+0.097 ms clock, 0.86+0.51/0.61/0+0.77 ms cpu, 3->3->1 MB, 4 MB goal, 0 MB stacks, 0 MB globals, 8 P
gc 223 @34.475s 0%: 0.096+0.73+0.088 ms clock, 0.77+0.57/0.55/0+0.70 ms cpu, 3->3->1 MB, 4 MB goal, 0 MB stacks, 0 MB globals, 8 P
gc 224 @34.478s 0%: 0.10+0.39+0.10 ms clock, 0.85+0.69/0.52/0+0.86 ms cpu, 3->3->1 MB, 4 MB goal, 0 MB stacks, 0 MB globals, 8 P
gc 225 @34.481s 0%: 0.12+0.85+0.099 ms clock, 0.99+0.56/0.66/0+0.79 ms cpu, 3->3->1 MB, 4 MB goal, 0 MB stacks, 0 MB globals, 8 P
gc 226 @34.483s 0%: 0.090+0.54+0.10 ms clock, 0.72+0.61/0.64/0+0.82 ms cpu, 3->3->1 MB, 4 MB goal, 0 MB stacks, 0 MB globals, 8 P
gc 227 @34.486s 0%: 0.065+0.46+0.11 ms clock, 0.52+0.68/0.62/0+0.88 ms cpu, 3->3->1 MB, 4 MB goal, 0 MB stacks, 0 MB globals, 8 P
gc 228 @34.489s 0%: 0.068+0.52+0.064 ms clock, 0.54+0.73/0.61/0+0.51 ms cpu, 3->3->1 MB, 4 MB goal, 0 MB stacks, 0 MB globals, 8 P
gc 229 @34.492s 0%: 0.12+0.58+0.096 ms clock, 1.0+0.74/0.62/0+0.77 ms cpu, 3->3->1 MB, 4 MB goal, 0 MB stacks, 0 MB globals, 8 P
gc 230 @34.494s 0%: 0.10+0.51+0.089 ms clock, 0.84+0.77/0.55/0+0.71 ms cpu, 3->3->1 MB, 4 MB goal, 0 MB stacks, 0 MB globals, 8 P
gc 231 @34.497s 0%: 0.099+0.49+0.067 ms clock, 0.79+0.67/0.63/0+0.54 ms cpu, 3->3->1 MB, 4 MB goal, 0 MB stacks, 0 MB globals, 8 P
gc 232 @34.500s 0%: 0.10+0.51+0.11 ms clock, 0.80+0.66/0.61/0+0.91 ms cpu, 3->3->1 MB, 4 MB goal, 0 MB stacks, 0 MB globals, 8 P
gc 233 @34.503s 0%: 0.12+0.49+0.066 ms clock, 0.99+0.65/0.62/0+0.53 ms cpu, 3->3->1 MB, 4 MB goal, 0 MB stacks, 0 MB globals, 8 P
gc 234 @34.506s 0%: 0.13+0.61+0.098 ms clock, 1.0+0.54/0.56/0+0.78 ms cpu, 3->3->1 MB, 4 MB goal, 0 MB stacks, 0 MB globals, 8 P
gc 235 @34.508s 0%: 0.098+0.57+0.094 ms clock, 0.78+0.69/0.62/0+0.75 ms cpu, 3->3->1 MB, 4 MB goal, 0 MB stacks, 0 MB globals, 8 P
gc 236 @34.511s 0%: 0.082+0.89+0.090 ms clock, 0.65+1.2/0.64/0+0.72 ms cpu, 3->3->1 MB, 4 MB goal, 0 MB stacks, 0 MB globals, 8 P
gc 237 @34.514s 0%: 0.10+0.45+0.088 ms clock, 0.80+0.62/0.56/0+0.71 ms cpu, 3->3->1 MB, 4 MB goal, 0 MB stacks, 0 MB globals, 8 P
gc 238 @34.517s 0%: 0.11+0.63+0.092 ms clock, 0.93+0.68/0.65/0+0.74 ms cpu, 3->3->1 MB, 4 MB goal, 0 MB stacks, 0 MB globals, 8 P
gc 239 @34.520s 0%: 0.067+0.64+0.078 ms clock, 0.54+0.50/0.62/0+0.62 ms cpu, 3->3->1 MB, 4 MB goal, 0 MB stacks, 0 MB globals, 8 P
gc 240 @34.522s 0%: 0.14+0.47+0.11 ms clock, 1.1+0.65/0.64/0+0.91 ms cpu, 3->3->1 MB, 4 MB goal, 0 MB stacks, 0 MB globals, 8 P
gc 241 @34.525s 0%: 0.083+0.54+0.052 ms clock, 0.66+0.73/0.58/0+0.41 ms cpu, 3->3->1 MB, 4 MB goal, 0 MB stacks, 0 MB globals, 8 P
gc 242 @34.528s 0%: 0.12+0.62+0.12 ms clock, 0.98+0.69/0.64/0+1.0 ms cpu, 3->3->1 MB, 4 MB goal, 0 MB stacks, 0 MB globals, 8 P
gc 243 @34.531s 0%: 0.12+0.68+0.086 ms clock, 0.97+0.65/0.73/0+0.69 ms cpu, 3->3->1 MB, 4 MB goal, 0 MB stacks, 0 MB globals, 8 P
gc 244 @34.534s 0%: 0.078+0.65+0.098 ms clock, 0.63+0.65/0.55/0+0.78 ms cpu, 3->3->1 MB, 4 MB goal, 0 MB stacks, 0 MB globals, 8 P
gc 245 @34.537s 0%: 0.078+0.53+0.11 ms clock, 0.62+0.63/0.58/0+0.88 ms cpu, 3->3->1 MB, 4 MB goal, 0 MB stacks, 0 MB globals, 8 P
gc 246 @34.539s 0%: 0.12+0.42+0.090 ms clock, 1.0+0.72/0.61/0+0.72 ms cpu, 3->3->1 MB, 4 MB goal, 0 MB stacks, 0 MB globals, 8 P
gc 247 @34.542s 0%: 0.088+0.70+0.054 ms clock, 0.70+0.72/0.63/0+0.43 ms cpu, 3->3->1 MB, 4 MB goal, 0 MB stacks, 0 MB globals, 8 P
gc 248 @34.545s 0%: 0.11+0.43+0.10 ms clock, 0.95+0.74/0.57/0+0.85 ms cpu, 3->3->1 MB, 4 MB goal, 0 MB stacks, 0 MB globals, 8 P
gc 249 @34.548s 0%: 0.071+0.63+0.094 ms clock, 0.57+0.66/0.59/0+0.75 ms cpu, 3->3->1 MB, 4 MB goal, 0 MB stacks, 0 MB globals, 8 P
gc 250 @34.551s 0%: 0.11+0.58+0.13 ms clock, 0.93+0.72/0.63/0+1.0 ms cpu, 3->3->1 MB, 4 MB goal, 0 MB stacks, 0 MB globals, 8 P
gc 251 @34.553s 0%: 0.10+0.44+0.090 ms clock, 0.80+0.75/0.53/0+0.72 ms cpu, 3->3->1 MB, 4 MB goal, 0 MB stacks, 0 MB globals, 8 P
gc 252 @34.556s 0%: 0.093+0.48+0.097 ms clock, 0.74+0.47/0.59/0+0.78 ms cpu, 3->3->1 MB, 4 MB goal, 0 MB stacks, 0 MB globals, 8 P
gc 253 @34.559s 0%: 0.10+0.41+0.071 ms clock, 0.81+0.58/0.45/0+0.57 ms cpu, 3->3->1 MB, 4 MB goal, 0 MB stacks, 0 MB globals, 8 P
gc 254 @34.562s 0%: 0.10+0.51+0.054 ms clock, 0.87+0.63/0.61/0+0.43 ms cpu, 3->3->1 MB, 4 MB goal, 0 MB stacks, 0 MB globals, 8 P
gc 255 @34.564s 0%: 0.13+0.57+0.087 ms clock, 1.0+0.69/0.53/0+0.70 ms cpu, 3->3->1 MB, 4 MB goal, 0 MB stacks, 0 MB globals, 8 P
gc 256 @34.567s 0%: 0.10+0.77+0.039 ms clock, 0.80+0.52/0.70/0+0.31 ms cpu, 3->3->1 MB, 4 MB goal, 0 MB stacks, 0 MB globals, 8 P
gc 257 @34.570s 0%: 0.096+0.48+0.058 ms clock, 0.77+0.71/0.51/0+0.46 ms cpu, 3->3->1 MB, 4 MB goal, 0 MB stacks, 0 MB globals, 8 P
gc 258 @34.573s 0%: 0.13+0.56+0.050 ms clock, 1.0+0.69/0.61/0+0.40 ms cpu, 3->3->1 MB, 4 MB goal, 0 MB stacks, 0 MB globals, 8 P
gc 259 @34.576s 0%: 0.088+0.46+0.10 ms clock, 0.70+0.68/0.56/0+0.82 ms cpu, 3->3->1 MB, 4 MB goal, 0 MB stacks, 0 MB globals, 8 P
gc 260 @34.578s 0%: 0.10+0.39+0.10 ms clock, 0.80+0.66/0.51/0+0.80 ms cpu, 3->3->1 MB, 4 MB goal, 0 MB stacks, 0 MB globals, 8 P
gc 261 @34.581s 0%: 0.11+0.45+0.051 ms clock, 0.92+0.65/0.64/0+0.41 ms cpu, 3->3->1 MB, 4 MB goal, 0 MB stacks, 0 MB globals, 8 P
gc 262 @34.584s 0%: 0.12+0.87+0.062 ms clock, 1.0+0.64/0.54/0+0.49 ms cpu, 3->3->1 MB, 4 MB goal, 0 MB stacks, 0 MB globals, 8 P
gc 263 @34.587s 0%: 0.084+0.52+0.076 ms clock, 0.67+0.63/0.54/0+0.61 ms cpu, 3->3->1 MB, 4 MB goal, 0 MB stacks, 0 MB globals, 8 P
gc 264 @34.590s 0%: 0.064+0.49+0.079 ms clock, 0.51+0.70/0.61/0+0.63 ms cpu, 3->3->1 MB, 4 MB goal, 0 MB stacks, 0 MB globals, 8 P
gc 265 @34.592s 0%: 0.068+0.66+0.099 ms clock, 0.54+0.69/0.56/0+0.79 ms cpu, 3->3->1 MB, 4 MB goal, 0 MB stacks, 0 MB globals, 8 P
gc 266 @34.595s 0%: 0.094+0.54+0.084 ms clock, 0.75+0.75/0.52/0+0.67 ms cpu, 3->3->1 MB, 4 MB goal, 0 MB stacks, 0 MB globals, 8 P
gc 267 @34.598s 0%: 0.12+0.55+0.096 ms clock, 1.0+0.65/0.65/0+0.77 ms cpu, 3->3->1 MB, 4 MB goal, 0 MB stacks, 0 MB globals, 8 P
gc 268 @34.601s 0%: 0.099+0.97+0.064 ms clock, 0.79+0.71/0.52/0+0.51 ms cpu, 3->4->1 MB, 4 MB goal, 0 MB stacks, 0 MB globals, 8 P
gc 269 @34.604s 0%: 0.10+0.73+0.10 ms clock, 0.87+0.70/0.52/0+0.86 ms cpu, 3->3->1 MB, 4 MB goal, 0 MB stacks, 0 MB globals, 8 P
gc 270 @34.607s 0%: 0.098+0.89+0.11 ms clock, 0.78+0.60/0.66/0+0.89 ms cpu, 3->3->1 MB, 4 MB goal, 0 MB stacks, 0 MB globals, 8 P
gc 271 @34.610s 0%: 0.097+0.53+0.075 ms clock, 0.78+0.57/0.61/0+0.60 ms cpu, 3->3->1 MB, 4 MB goal, 0 MB stacks, 0 MB globals, 8 P
gc 272 @34.612s 0%: 0.12+0.65+0.092 ms clock, 0.96+0.65/0.69/0+0.74 ms cpu, 3->3->1 MB, 4 MB goal, 0 MB stacks, 0 MB globals, 8 P
gc 273 @34.615s 0%: 0.13+0.50+0.10 ms clock, 1.0+0.61/0.61/0+0.85 ms cpu, 3->3->1 MB, 4 MB goal, 0 MB stacks, 0 MB globals, 8 P
gc 274 @34.618s 0%: 0.084+0.43+0.067 ms clock, 0.67+0.63/0.56/0+0.53 ms cpu, 3->3->1 MB, 4 MB goal, 0 MB stacks, 0 MB globals, 8 P
gc 275 @34.621s 0%: 0.076+0.67+0.040 ms clock, 0.61+0.61/0.55/0+0.32 ms cpu, 3->3->1 MB, 4 MB goal, 0 MB stacks, 0 MB globals, 8 P
gc 276 @34.624s 0%: 0.10+0.94+0.11 ms clock, 0.83+0.66/0.59/0+0.93 ms cpu, 3->3->1 MB, 4 MB goal, 0 MB stacks, 0 MB globals, 8 P
gc 277 @34.627s 0%: 0.10+0.58+0.095 ms clock, 0.81+0.61/0.68/0+0.76 ms cpu, 3->3->1 MB, 4 MB goal, 0 MB stacks, 0 MB globals, 8 P
gc 278 @34.629s 0%: 0.091+0.49+0.088 ms clock, 0.72+0.59/0.61/0+0.70 ms cpu, 3->3->1 MB, 4 MB goal, 0 MB stacks, 0 MB globals, 8 P
gc 279 @34.632s 0%: 0.095+0.51+0.092 ms clock, 0.76+0.71/0.56/0+0.73 ms cpu, 3->3->1 MB, 4 MB goal, 0 MB stacks, 0 MB globals, 8 P
gc 280 @34.635s 0%: 0.10+0.69+0.092 ms clock, 0.80+0.59/0.69/0+0.73 ms cpu, 3->3->1 MB, 4 MB goal, 0 MB stacks, 0 MB globals, 8 P
gc 281 @34.638s 0%: 0.069+0.46+0.062 ms clock, 0.55+0.73/0.58/0+0.49 ms cpu, 3->3->1 MB, 4 MB goal, 0 MB stacks, 0 MB globals, 8 P
gc 282 @34.641s 0%: 0.12+0.47+0.074 ms clock, 0.97+0.72/0.65/0+0.59 ms cpu, 3->3->1 MB, 4 MB goal, 0 MB stacks, 0 MB globals, 8 P
gc 283 @34.643s 0%: 0.059+0.61+0.081 ms clock, 0.47+0.70/0.65/0+0.65 ms cpu, 3->3->1 MB, 4 MB goal, 0 MB stacks, 0 MB globals, 8 P
gc 284 @34.646s 0%: 0.14+0.75+0.048 ms clock, 1.1+0.66/0.56/0+0.39 ms cpu, 3->3->1 MB, 4 MB goal, 0 MB stacks, 0 MB globals, 8 P
gc 285 @34.649s 0%: 0.081+0.58+0.10 ms clock, 0.65+0.64/0.53/0+0.82 ms cpu, 3->3->1 MB, 4 MB goal, 0 MB stacks, 0 MB globals, 8 P
gc 286 @34.652s 0%: 0.092+0.80+0.091 ms clock, 0.74+0.61/0.58/0+0.73 ms cpu, 3->3->1 MB, 4 MB goal, 0 MB stacks, 0 MB globals, 8 P
gc 287 @34.655s 0%: 0.10+0.79+0.020 ms clock, 0.87+0.71/0.56/0+0.16 ms cpu, 3->3->1 MB, 4 MB goal, 0 MB stacks, 0 MB globals, 8 P
gc 288 @34.657s 0%: 0.11+0.54+0.12 ms clock, 0.92+0.61/0.64/0+1.0 ms cpu, 3->3->1 MB, 4 MB goal, 0 MB stacks, 0 MB globals, 8 P
gc 289 @34.660s 0%: 0.10+0.71+0.034 ms clock, 0.81+0.58/0.67/0+0.27 ms cpu, 3->3->1 MB, 4 MB goal, 0 MB stacks, 0 MB globals, 8 P
gc 290 @34.663s 0%: 0.085+0.59+0.10 ms clock, 0.68+0.64/0.68/0+0.86 ms cpu, 3->3->1 MB, 4 MB goal, 0 MB stacks, 0 MB globals, 8 P
gc 291 @34.666s 0%: 0.055+0.80+0.099 ms clock, 0.44+0.66/0.64/0+0.79 ms cpu, 3->3->1 MB, 4 MB goal, 0 MB stacks, 0 MB globals, 8 P
gc 292 @34.669s 0%: 0.090+0.37+0.10 ms clock, 0.72+0.76/0.42/0+0.82 ms cpu, 3->3->1 MB, 4 MB goal, 0 MB stacks, 0 MB globals, 8 P
gc 293 @34.672s 0%: 0.10+0.46+0.086 ms clock, 0.83+0.72/0.64/0+0.69 ms cpu, 3->3->1 MB, 4 MB goal, 0 MB stacks, 0 MB globals, 8 P
gc 294 @34.674s 0%: 0.10+0.53+0.071 ms clock, 0.85+0.65/0.65/0+0.57 ms cpu, 3->3->1 MB, 4 MB goal, 0 MB stacks, 0 MB globals, 8 P
gc 295 @34.677s 0%: 0.091+0.61+0.068 ms clock, 0.72+0.64/0.76/0+0.54 ms cpu, 3->3->1 MB, 4 MB goal, 0 MB stacks, 0 MB globals, 8 P
gc 296 @34.680s 0%: 0.10+0.48+0.078 ms clock, 0.83+0.65/0.54/0+0.62 ms cpu, 3->3->1 MB, 4 MB goal, 0 MB stacks, 0 MB globals, 8 P
gc 297 @34.683s 0%: 0.082+0.55+0.099 ms clock, 0.65+0.71/0.56/0+0.79 ms cpu, 3->3->1 MB, 4 MB goal, 0 MB stacks, 0 MB globals, 8 P
gc 298 @34.685s 0%: 0.093+0.54+0.092 ms clock, 0.74+0.71/0.62/0+0.73 ms cpu, 3->3->1 MB, 4 MB goal, 0 MB stacks, 0 MB globals, 8 P
gc 299 @34.688s 0%: 0.11+0.55+0.11 ms clock, 0.92+0.65/0.62/0+0.94 ms cpu, 3->3->1 MB, 4 MB goal, 0 MB stacks, 0 MB globals, 8 P
gc 300 @34.691s 0%: 0.074+0.59+0.051 ms clock, 0.59+0.55/0.62/0+0.40 ms cpu, 3->3->1 MB, 4 MB goal, 0 MB stacks, 0 MB globals, 8 P
gc 301 @34.694s 0%: 0.092+0.48+0.090 ms clock, 0.73+0.67/0.60/0+0.72 ms cpu, 3->3->1 MB, 4 MB goal, 0 MB stacks, 0 MB globals, 8 P
gc 302 @34.697s 0%: 0.070+0.59+0.11 ms clock, 0.56+0.72/0.61/0+0.95 ms cpu, 3->3->1 MB, 4 MB goal, 0 MB stacks, 0 MB globals, 8 P
gc 303 @34.699s 0%: 0.12+0.56+0.10 ms clock, 0.96+0.63/0.69/0+0.80 ms cpu, 3->3->1 MB, 4 MB goal, 0 MB stacks, 0 MB globals, 8 P
gc 304 @34.702s 0%: 0.11+0.66+0.077 ms clock, 0.94+0.64/0.62/0+0.62 ms cpu, 3->3->1 MB, 4 MB goal, 0 MB stacks, 0 MB globals, 8 P
gc 305 @34.705s 0%: 0.10+0.63+0.094 ms clock, 0.81+0.50/0.67/0+0.75 ms cpu, 3->3->1 MB, 4 MB goal, 0 MB stacks, 0 MB globals, 8 P
gc 306 @34.708s 0%: 0.091+0.46+0.080 ms clock, 0.72+0.68/0.62/0+0.64 ms cpu, 3->3->1 MB, 4 MB goal, 0 MB stacks, 0 MB globals, 8 P
gc 307 @34.711s 0%: 0.11+0.83+0.062 ms clock, 0.92+0.71/0.49/0+0.50 ms cpu, 3->3->1 MB, 4 MB goal, 0 MB stacks, 0 MB globals, 8 P
gc 308 @34.714s 0%: 0.11+0.52+0.10 ms clock, 0.92+0.59/0.69/0+0.87 ms cpu, 3->3->1 MB, 4 MB goal, 0 MB stacks, 0 MB globals, 8 P
gc 309 @34.716s 0%: 0.073+0.62+0.072 ms clock, 0.58+0.72/0.53/0+0.57 ms cpu, 3->3->1 MB, 4 MB goal, 0 MB stacks, 0 MB globals, 8 P
gc 310 @34.719s 0%: 0.088+0.48+0.10 ms clock, 0.70+0.58/0.60/0+0.82 ms cpu, 3->3->1 MB, 4 MB goal, 0 MB stacks, 0 MB globals, 8 P
gc 311 @34.722s 0%: 0.12+0.50+0.046 ms clock, 1.0+0.48/0.55/0+0.37 ms cpu, 3->3->1 MB, 4 MB goal, 0 MB stacks, 0 MB globals, 8 P
gc 312 @34.725s 0%: 0.095+0.47+0.077 ms clock, 0.76+0.66/0.55/0+0.61 ms cpu, 3->3->1 MB, 4 MB goal, 0 MB stacks, 0 MB globals, 8 P
gc 313 @34.727s 0%: 0.13+0.59+0.084 ms clock, 1.0+0.77/0.60/0+0.67 ms cpu, 3->3->1 MB, 4 MB goal, 0 MB stacks, 0 MB globals, 8 P
gc 314 @34.730s 0%: 0.10+0.75+0.069 ms clock, 0.85+0.59/0.64/0+0.55 ms cpu, 3->3->1 MB, 4 MB goal, 0 MB stacks, 0 MB globals, 8 P
gc 315 @34.733s 0%: 0.10+0.46+0.10 ms clock, 0.85+0.69/0.61/0+0.80 ms cpu, 3->3->1 MB, 4 MB goal, 0 MB stacks, 0 MB globals, 8 P
gc 316 @34.736s 0%: 0.069+0.74+0.091 ms clock, 0.55+0.69/0.61/0+0.73 ms cpu, 3->3->1 MB, 4 MB goal, 0 MB stacks, 0 MB globals, 8 P
gc 317 @34.739s 0%: 0.094+0.43+0.084 ms clock, 0.75+0.63/0.61/0+0.67 ms cpu, 3->3->1 MB, 4 MB goal, 0 MB stacks, 0 MB globals, 8 P
gc 318 @34.742s 0%: 0.068+0.81+0.053 ms clock, 0.54+0.58/0.55/0+0.43 ms cpu, 3->3->1 MB, 4 MB goal, 0 MB stacks, 0 MB globals, 8 P
gc 319 @34.744s 0%: 0.090+0.46+0.072 ms clock, 0.72+0.64/0.60/0+0.58 ms cpu, 3->3->1 MB, 4 MB goal, 0 MB stacks, 0 MB globals, 8 P
gc 320 @34.747s 0%: 0.083+0.90+0.057 ms clock, 0.67+0.43/0.58/0+0.45 ms cpu, 3->3->1 MB, 4 MB goal, 0 MB stacks, 0 MB globals, 8 P
gc 321 @34.750s 0%: 0.11+0.44+0.072 ms clock, 0.90+0.67/0.60/0+0.58 ms cpu, 3->3->1 MB, 4 MB goal, 0 MB stacks, 0 MB globals, 8 P
gc 322 @34.753s 0%: 0.081+0.44+0.12 ms clock, 0.65+0.70/0.58/0+0.96 ms cpu, 3->3->1 MB, 4 MB goal, 0 MB stacks, 0 MB globals, 8 P
gc 323 @34.755s 0%: 0.10+0.45+0.081 ms clock, 0.82+0.67/0.52/0+0.65 ms cpu, 3->3->1 MB, 4 MB goal, 0 MB stacks, 0 MB globals, 8 P
gc 324 @34.758s 0%: 0.093+0.53+0.13 ms clock, 0.74+0.52/0.57/0+1.0 ms cpu, 3->3->1 MB, 4 MB goal, 0 MB stacks, 0 MB globals, 8 P
gc 325 @34.761s 0%: 0.077+0.49+0.086 ms clock, 0.62+0.66/0.68/0+0.69 ms cpu, 3->3->1 MB, 4 MB goal, 0 MB stacks, 0 MB globals, 8 P
gc 326 @34.764s 0%: 0.13+0.55+0.060 ms clock, 1.0+0.70/0.65/0+0.48 ms cpu, 3->3->1 MB, 4 MB goal, 0 MB stacks, 0 MB globals, 8 P
gc 327 @34.767s 0%: 0.092+0.57+0.061 ms clock, 0.73+0.61/0.61/0+0.49 ms cpu, 3->3->1 MB, 4 MB goal, 0 MB stacks, 0 MB globals, 8 P
gc 328 @34.769s 0%: 0.12+0.45+0.088 ms clock, 0.99+0.66/0.56/0+0.70 ms cpu, 3->3->1 MB, 4 MB goal, 0 MB stacks, 0 MB globals, 8 P
gc 329 @34.772s 0%: 0.13+0.55+0.090 ms clock, 1.0+0.61/0.67/0+0.72 ms cpu, 3->3->1 MB, 4 MB goal, 0 MB stacks, 0 MB globals, 8 P
gc 330 @34.775s 0%: 0.12+0.58+0.055 ms clock, 0.96+0.59/0.54/0+0.44 ms cpu, 3->3->1 MB, 4 MB goal, 0 MB stacks, 0 MB globals, 8 P
gc 331 @34.778s 0%: 0.098+0.68+0.079 ms clock, 0.78+0.53/0.60/0+0.63 ms cpu, 3->3->1 MB, 4 MB goal, 0 MB stacks, 0 MB globals, 8 P
gc 332 @34.781s 0%: 0.067+0.47+0.084 ms clock, 0.54+0.73/0.60/0+0.67 ms cpu, 3->3->1 MB, 4 MB goal, 0 MB stacks, 0 MB globals, 8 P
gc 333 @34.783s 0%: 0.11+0.44+0.084 ms clock, 0.91+0.60/0.57/0+0.67 ms cpu, 3->3->1 MB, 4 MB goal, 0 MB stacks, 0 MB globals, 8 P
gc 334 @34.786s 0%: 0.080+0.48+0.070 ms clock, 0.64+0.77/0.51/0+0.56 ms cpu, 3->3->1 MB, 4 MB goal, 0 MB stacks, 0 MB globals, 8 P
gc 335 @34.789s 0%: 0.086+0.71+0.084 ms clock, 0.69+0.66/0.58/0+0.67 ms cpu, 3->3->1 MB, 4 MB goal, 0 MB stacks, 0 MB globals, 8 P
gc 336 @34.792s 0%: 0.12+0.68+0.12 ms clock, 0.98+0.72/0.63/0+1.0 ms cpu, 3->3->1 MB, 4 MB goal, 0 MB stacks, 0 MB globals, 8 P
gc 337 @34.795s 0%: 0.13+0.60+0.12 ms clock, 1.0+0.63/0.73/0+0.96 ms cpu, 3->3->1 MB, 4 MB goal, 0 MB stacks, 0 MB globals, 8 P
gc 338 @34.797s 0%: 0.11+0.82+0.058 ms clock, 0.91+0.60/0.64/0+0.47 ms cpu, 3->3->1 MB, 4 MB goal, 0 MB stacks, 0 MB globals, 8 P
gc 339 @34.800s 0%: 0.090+0.51+0.10 ms clock, 0.72+0.61/0.65/0+0.85 ms cpu, 3->3->1 MB, 4 MB goal, 0 MB stacks, 0 MB globals, 8 P
gc 340 @34.803s 0%: 0.096+0.54+0.091 ms clock, 0.77+0.60/0.59/0+0.73 ms cpu, 3->3->1 MB, 4 MB goal, 0 MB stacks, 0 MB globals, 8 P
gc 341 @34.806s 0%: 0.070+0.47+0.076 ms clock, 0.56+0.62/0.60/0+0.61 ms cpu, 3->3->1 MB, 4 MB goal, 0 MB stacks, 0 MB globals, 8 P
gc 342 @34.808s 0%: 0.097+0.64+0.077 ms clock, 0.77+0.59/0.63/0+0.61 ms cpu, 3->3->1 MB, 4 MB goal, 0 MB stacks, 0 MB globals, 8 P
gc 343 @34.811s 0%: 0.10+0.42+0.049 ms clock, 0.84+0.59/0.55/0+0.39 ms cpu, 3->3->1 MB, 4 MB goal, 0 MB stacks, 0 MB globals, 8 P
gc 344 @34.814s 0%: 0.063+0.39+0.061 ms clock, 0.51+0.65/0.56/0+0.49 ms cpu, 3->3->1 MB, 4 MB goal, 0 MB stacks, 0 MB globals, 8 P
gc 345 @34.817s 0%: 0.095+0.61+0.11 ms clock, 0.76+0.60/0.66/0+0.88 ms cpu, 3->3->1 MB, 4 MB goal, 0 MB stacks, 0 MB globals, 8 P
gc 346 @34.820s 0%: 0.14+0.79+0.089 ms clock, 1.1+0.62/0.58/0+0.71 ms cpu, 3->3->1 MB, 4 MB goal, 0 MB stacks, 0 MB globals, 8 P
gc 347 @34.822s 0%: 0.047+0.65+0.085 ms clock, 0.38+0.58/0.73/0+0.68 ms cpu, 3->3->1 MB, 4 MB goal, 0 MB stacks, 0 MB globals, 8 P
gc 348 @34.825s 0%: 0.10+0.41+0.048 ms clock, 0.83+0.66/0.65/0+0.38 ms cpu, 3->3->1 MB, 4 MB goal, 0 MB stacks, 0 MB globals, 8 P
gc 349 @34.828s 0%: 0.12+0.76+0.064 ms clock, 0.99+0.63/0.59/0+0.51 ms cpu, 3->3->1 MB, 4 MB goal, 0 MB stacks, 0 MB globals, 8 P
gc 350 @34.831s 0%: 0.10+0.51+0.10 ms clock, 0.86+0.66/0.63/0+0.80 ms cpu, 3->3->1 MB, 4 MB goal, 0 MB stacks, 0 MB globals, 8 P
gc 351 @34.834s 0%: 0.13+0.55+0.076 ms clock, 1.0+0.55/0.65/0+0.61 ms cpu, 3->3->1 MB, 4 MB goal, 0 MB stacks, 0 MB globals, 8 P
gc 352 @34.836s 0%: 0.11+0.70+0.090 ms clock, 0.91+0.71/0.59/0+0.72 ms cpu, 3->3->1 MB, 4 MB goal, 0 MB stacks, 0 MB globals, 8 P
gc 353 @34.839s 0%: 0.072+0.44+0.12 ms clock, 0.58+0.69/0.54/0+1.0 ms cpu, 3->3->1 MB, 4 MB goal, 0 MB stacks, 0 MB globals, 8 P
gc 354 @34.842s 0%: 0.084+0.47+0.053 ms clock, 0.67+0.69/0.60/0+0.42 ms cpu, 3->3->1 MB, 4 MB goal, 0 MB stacks, 0 MB globals, 8 P
gc 355 @34.845s 0%: 0.10+0.65+0.099 ms clock, 0.82+0.57/0.72/0+0.79 ms cpu, 3->3->1 MB, 4 MB goal, 0 MB stacks, 0 MB globals, 8 P
gc 356 @34.847s 0%: 0.084+0.40+0.099 ms clock, 0.67+0.66/0.54/0+0.79 ms cpu, 3->3->1 MB, 4 MB goal, 0 MB stacks, 0 MB globals, 8 P
gc 357 @34.850s 0%: 0.10+0.42+0.10 ms clock, 0.83+0.69/0.50/0+0.87 ms cpu, 3->3->1 MB, 4 MB goal, 0 MB stacks, 0 MB globals, 8 P
gc 358 @34.853s 0%: 0.072+0.52+0.11 ms clock, 0.58+0.70/0.66/0+0.95 ms cpu, 3->3->1 MB, 4 MB goal, 0 MB stacks, 0 MB globals, 8 P
gc 359 @34.856s 0%: 0.10+0.74+0.074 ms clock, 0.80+0.60/0.60/0+0.59 ms cpu, 3->3->1 MB, 4 MB goal, 0 MB stacks, 0 MB globals, 8 P
gc 360 @34.858s 0%: 0.10+0.86+0.073 ms clock, 0.85+0.65/0.56/0+0.58 ms cpu, 3->3->1 MB, 4 MB goal, 0 MB stacks, 0 MB globals, 8 P
gc 361 @34.861s 0%: 0.13+0.51+0.081 ms clock, 1.0+0.81/0.55/0+0.65 ms cpu, 3->3->1 MB, 4 MB goal, 0 MB stacks, 0 MB globals, 8 P
gc 362 @34.864s 0%: 0.10+0.55+0.090 ms clock, 0.84+0.66/0.60/0+0.72 ms cpu, 3->3->1 MB, 4 MB goal, 0 MB stacks, 0 MB globals, 8 P
gc 363 @34.867s 0%: 0.10+0.76+0.073 ms clock, 0.87+0.68/0.64/0+0.59 ms cpu, 3->3->1 MB, 4 MB goal, 0 MB stacks, 0 MB globals, 8 P
gc 364 @34.870s 0%: 0.11+1.1+0.061 ms clock, 0.91+0.78/0.58/0+0.48 ms cpu, 3->4->1 MB, 4 MB goal, 0 MB stacks, 0 MB globals, 8 P
gc 365 @34.873s 0%: 0.078+0.57+0.084 ms clock, 0.62+0.80/0.53/0+0.67 ms cpu, 3->3->1 MB, 4 MB goal, 0 MB stacks, 0 MB globals, 8 P
gc 366 @34.876s 0%: 0.10+0.49+0.043 ms clock, 0.84+0.65/0.61/0+0.34 ms cpu, 3->3->1 MB, 4 MB goal, 0 MB stacks, 0 MB globals, 8 P
gc 367 @34.878s 0%: 0.11+0.51+0.095 ms clock, 0.93+0.57/0.66/0+0.76 ms cpu, 3->3->1 MB, 4 MB goal, 0 MB stacks, 0 MB globals, 8 P
gc 368 @34.881s 0%: 0.095+0.69+0.098 ms clock, 0.76+0.58/0.57/0+0.78 ms cpu, 3->3->1 MB, 4 MB goal, 0 MB stacks, 0 MB globals, 8 P
gc 369 @34.884s 0%: 0.095+0.72+0.038 ms clock, 0.76+0.76/0.57/0+0.30 ms cpu, 3->3->1 MB, 4 MB goal, 0 MB stacks, 0 MB globals, 8 P
gc 370 @34.887s 0%: 0.10+0.45+0.039 ms clock, 0.86+0.56/0.63/0+0.31 ms cpu, 3->3->1 MB, 4 MB goal, 0 MB stacks, 0 MB globals, 8 P
gc 371 @34.889s 0%: 0.097+0.49+0.066 ms clock, 0.78+0.62/0.58/0+0.53 ms cpu, 3->3->1 MB, 4 MB goal, 0 MB stacks, 0 MB globals, 8 P
gc 372 @34.892s 0%: 0.098+0.46+0.089 ms clock, 0.78+0.60/0.57/0+0.71 ms cpu, 3->3->1 MB, 4 MB goal, 0 MB stacks, 0 MB globals, 8 P
gc 373 @34.895s 0%: 0.11+0.40+0.073 ms clock, 0.95+0.71/0.53/0+0.59 ms cpu, 3->3->1 MB, 4 MB goal, 0 MB stacks, 0 MB globals, 8 P
gc 374 @34.898s 0%: 0.083+0.49+0.13 ms clock, 0.66+0.71/0.57/0+1.1 ms cpu, 3->3->1 MB, 4 MB goal, 0 MB stacks, 0 MB globals, 8 P
gc 375 @34.901s 0%: 0.086+0.48+0.096 ms clock, 0.68+0.64/0.58/0+0.76 ms cpu, 3->3->1 MB, 4 MB goal, 0 MB stacks, 0 MB globals, 8 P
gc 376 @34.903s 0%: 0.085+0.51+0.10 ms clock, 0.68+0.65/0.63/0+0.85 ms cpu, 3->3->1 MB, 4 MB goal, 0 MB stacks, 0 MB globals, 8 P
gc 377 @34.906s 0%: 0.11+0.48+0.082 ms clock, 0.90+0.61/0.62/0+0.65 ms cpu, 3->3->1 MB, 4 MB goal, 0 MB stacks, 0 MB globals, 8 P
gc 378 @34.909s 0%: 0.087+0.54+0.10 ms clock, 0.70+0.70/0.66/0+0.84 ms cpu, 3->3->1 MB, 4 MB goal, 0 MB stacks, 0 MB globals, 8 P
gc 379 @34.912s 0%: 0.12+0.47+0.078 ms clock, 0.97+0.71/0.58/0+0.62 ms cpu, 3->3->1 MB, 4 MB goal, 0 MB stacks, 0 MB globals, 8 P
gc 380 @34.914s 0%: 0.11+0.83+0.052 ms clock, 0.91+0.65/0.58/0+0.41 ms cpu, 3->3->1 MB, 4 MB goal, 0 MB stacks, 0 MB globals, 8 P
gc 381 @34.917s 0%: 0.099+0.40+0.076 ms clock, 0.79+0.70/0.55/0+0.61 ms cpu, 3->3->1 MB, 4 MB goal, 0 MB stacks, 0 MB globals, 8 P
gc 382 @34.920s 0%: 0.081+0.51+0.054 ms clock, 0.65+0.62/0.57/0+0.43 ms cpu, 3->3->1 MB, 4 MB goal, 0 MB stacks, 0 MB globals, 8 P
gc 383 @34.923s 0%: 0.079+0.50+0.10 ms clock, 0.63+0.70/0.66/0+0.82 ms cpu, 3->3->1 MB, 4 MB goal, 0 MB stacks, 0 MB globals, 8 P
gc 384 @34.925s 0%: 0.096+0.58+0.056 ms clock, 0.77+0.70/0.68/0+0.45 ms cpu, 3->3->1 MB, 4 MB goal, 0 MB stacks, 0 MB globals, 8 P
gc 385 @34.928s 0%: 0.10+0.48+0.096 ms clock, 0.82+0.62/0.58/0+0.77 ms cpu, 3->3->1 MB, 4 MB goal, 0 MB stacks, 0 MB globals, 8 P
gc 386 @34.931s 0%: 0.10+0.52+0.10 ms clock, 0.87+0.76/0.64/0+0.85 ms cpu, 3->3->1 MB, 4 MB goal, 0 MB stacks, 0 MB globals, 8 P
gc 387 @34.934s 0%: 0.10+0.54+0.10 ms clock, 0.85+0.64/0.57/0+0.83 ms cpu, 3->3->1 MB, 4 MB goal, 0 MB stacks, 0 MB globals, 8 P
gc 388 @34.936s 0%: 0.11+0.61+0.11 ms clock, 0.93+0.60/0.60/0+0.92 ms cpu, 3->3->1 MB, 4 MB goal, 0 MB stacks, 0 MB globals, 8 P
gc 389 @34.939s 0%: 0.11+0.62+0.042 ms clock, 0.94+0.63/0.56/0+0.33 ms cpu, 3->3->1 MB, 4 MB goal, 0 MB stacks, 0 MB globals, 8 P
gc 390 @34.942s 0%: 0.15+0.46+0.053 ms clock, 1.2+0.65/0.59/0+0.43 ms cpu, 3->3->1 MB, 4 MB goal, 0 MB stacks, 0 MB globals, 8 P
gc 391 @34.945s 0%: 0.11+0.44+0.10 ms clock, 0.91+0.72/0.63/0+0.80 ms cpu, 3->3->1 MB, 4 MB goal, 0 MB stacks, 0 MB globals, 8 P
gc 392 @34.948s 0%: 0.083+0.52+0.13 ms clock, 0.66+0.66/0.70/0+1.1 ms cpu, 3->3->1 MB, 4 MB goal, 0 MB stacks, 0 MB globals, 8 P
gc 393 @34.950s 0%: 0.12+0.49+0.094 ms clock, 1.0+0.65/0.58/0+0.75 ms cpu, 3->3->1 MB, 4 MB goal, 0 MB stacks, 0 MB globals, 8 P
gc 394 @34.953s 0%: 0.10+0.85+0.071 ms clock, 0.87+0.71/0.62/0+0.56 ms cpu, 3->3->1 MB, 4 MB goal, 0 MB stacks, 0 MB globals, 8 P
gc 395 @34.956s 0%: 0.13+0.49+0.083 ms clock, 1.0+0.61/0.54/0+0.66 ms cpu, 3->3->1 MB, 4 MB goal, 0 MB stacks, 0 MB globals, 8 P
gc 396 @34.959s 0%: 0.099+0.59+0.094 ms clock, 0.79+0.55/0.65/0+0.75 ms cpu, 3->3->1 MB, 4 MB goal, 0 MB stacks, 0 MB globals, 8 P
gc 397 @34.962s 0%: 0.11+0.63+0.056 ms clock, 0.93+0.77/0.64/0+0.45 ms cpu, 3->3->1 MB, 4 MB goal, 0 MB stacks, 0 MB globals, 8 P
gc 398 @34.964s 0%: 0.10+0.52+0.11 ms clock, 0.87+0.65/0.69/0+0.89 ms cpu, 3->3->1 MB, 4 MB goal, 0 MB stacks, 0 MB globals, 8 P
gc 399 @34.967s 0%: 0.087+0.70+0.045 ms clock, 0.69+0.77/0.55/0+0.36 ms cpu, 3->3->1 MB, 4 MB goal, 0 MB stacks, 0 MB globals, 8 P
gc 400 @34.970s 0%: 0.10+0.49+0.098 ms clock, 0.80+0.70/0.48/0+0.78 ms cpu, 3->3->1 MB, 4 MB goal, 0 MB stacks, 0 MB globals, 8 P
gc 401 @34.973s 0%: 0.095+0.77+0.053 ms clock, 0.76+0.67/0.70/0+0.42 ms cpu, 3->3->1 MB, 4 MB goal, 0 MB stacks, 0 MB globals, 8 P
gc 402 @34.976s 0%: 0.12+0.51+0.089 ms clock, 0.96+0.65/0.61/0+0.71 ms cpu, 3->3->1 MB, 4 MB goal, 0 MB stacks, 0 MB globals, 8 P
gc 403 @34.978s 0%: 0.11+0.57+0.098 ms clock, 0.88+0.65/0.65/0+0.78 ms cpu, 3->3->1 MB, 4 MB goal, 0 MB stacks, 0 MB globals, 8 P
gc 404 @34.981s 0%: 0.098+0.48+0.048 ms clock, 0.78+0.59/0.60/0+0.39 ms cpu, 3->3->1 MB, 4 MB goal, 0 MB stacks, 0 MB globals, 8 P
gc 405 @34.984s 0%: 0.089+0.43+0.083 ms clock, 0.71+0.80/0.50/0+0.66 ms cpu, 3->3->1 MB, 4 MB goal, 0 MB stacks, 0 MB globals, 8 P
gc 406 @34.987s 0%: 0.10+0.43+0.090 ms clock, 0.82+0.62/0.59/0+0.72 ms cpu, 3->3->1 MB, 4 MB goal, 0 MB stacks, 0 MB globals, 8 P
gc 407 @34.989s 0%: 0.088+0.97+0.095 ms clock, 0.71+0.70/0.57/0+0.76 ms cpu, 3->3->1 MB, 4 MB goal, 0 MB stacks, 0 MB globals, 8 P
gc 408 @34.992s 0%: 0.10+0.58+0.062 ms clock, 0.82+0.66/0.60/0.030+0.49 ms cpu, 3->3->1 MB, 4 MB goal, 0 MB stacks, 0 MB globals, 8 P
gc 409 @34.995s 0%: 0.099+0.49+0.14 ms clock, 0.79+0.72/0.60/0+1.1 ms cpu, 3->3->1 MB, 4 MB goal, 0 MB stacks, 0 MB globals, 8 P
gc 410 @34.998s 0%: 0.089+0.36+0.086 ms clock, 0.71+0.78/0.49/0+0.68 ms cpu, 3->3->1 MB, 4 MB goal, 0 MB stacks, 0 MB globals, 8 P
gc 411 @35.001s 0%: 0.093+0.74+0.078 ms clock, 0.74+0.71/0.52/0+0.62 ms cpu, 3->3->1 MB, 4 MB goal, 0 MB stacks, 0 MB globals, 8 P
gc 412 @35.003s 0%: 0.086+0.61+0.10 ms clock, 0.69+0.60/0.72/0+0.87 ms cpu, 3->3->1 MB, 4 MB goal, 0 MB stacks, 0 MB globals, 8 P
gc 413 @35.006s 0%: 0.11+0.65+0.094 ms clock, 0.93+0.70/0.49/0+0.75 ms cpu, 3->3->1 MB, 4 MB goal, 0 MB stacks, 0 MB globals, 8 P
gc 414 @35.009s 0%: 0.096+0.44+0.097 ms clock, 0.77+0.70/0.60/0+0.77 ms cpu, 3->3->1 MB, 4 MB goal, 0 MB stacks, 0 MB globals, 8 P
gc 415 @35.012s 0%: 0.10+0.49+0.063 ms clock, 0.80+0.59/0.60/0+0.50 ms cpu, 3->3->1 MB, 4 MB goal, 0 MB stacks, 0 MB globals, 8 P
gc 416 @35.015s 0%: 0.11+0.59+0.076 ms clock, 0.93+0.51/0.69/0+0.61 ms cpu, 3->3->1 MB, 4 MB goal, 0 MB stacks, 0 MB globals, 8 P
gc 417 @35.017s 0%: 0.089+0.53+0.10 ms clock, 0.71+0.65/0.61/0+0.81 ms cpu, 3->3->1 MB, 4 MB goal, 0 MB stacks, 0 MB globals, 8 P
gc 418 @35.020s 0%: 0.097+0.44+0.10 ms clock, 0.77+0.68/0.59/0+0.84 ms cpu, 3->3->1 MB, 4 MB goal, 0 MB stacks, 0 MB globals, 8 P
gc 419 @35.023s 0%: 0.087+0.52+0.085 ms clock, 0.70+0.65/0.62/0+0.68 ms cpu, 3->3->1 MB, 4 MB goal, 0 MB stacks, 0 MB globals, 8 P
gc 420 @35.026s 0%: 0.094+0.53+0.14 ms clock, 0.75+0.64/0.55/0+1.1 ms cpu, 3->3->1 MB, 4 MB goal, 0 MB stacks, 0 MB globals, 8 P
gc 421 @35.028s 0%: 0.10+0.52+0.096 ms clock, 0.80+0.69/0.62/0+0.77 ms cpu, 3->3->1 MB, 4 MB goal, 0 MB stacks, 0 MB globals, 8 P
gc 422 @35.031s 0%: 0.099+0.49+0.11 ms clock, 0.79+0.63/0.65/0+0.89 ms cpu, 3->3->1 MB, 4 MB goal, 0 MB stacks, 0 MB globals, 8 P
gc 423 @35.034s 0%: 0.12+0.78+0.085 ms clock, 0.98+0.66/0.59/0+0.68 ms cpu, 3->3->1 MB, 4 MB goal, 0 MB stacks, 0 MB globals, 8 P
gc 424 @35.037s 0%: 0.10+0.56+0.075 ms clock, 0.81+0.65/0.63/0+0.60 ms cpu, 3->3->1 MB, 4 MB goal, 0 MB stacks, 0 MB globals, 8 P
gc 425 @35.040s 0%: 0.099+0.53+0.087 ms clock, 0.79+0.68/0.62/0+0.70 ms cpu, 3->3->1 MB, 4 MB goal, 0 MB stacks, 0 MB globals, 8 P
gc 426 @35.043s 0%: 0.11+0.78+0.059 ms clock, 0.93+0.71/0.58/0+0.47 ms cpu, 3->3->1 MB, 4 MB goal, 0 MB stacks, 0 MB globals, 8 P
gc 427 @35.045s 0%: 0.083+0.56+0.045 ms clock, 0.66+0.67/0.58/0+0.36 ms cpu, 3->3->1 MB, 4 MB goal, 0 MB stacks, 0 MB globals, 8 P
gc 428 @35.048s 0%: 0.10+0.43+0.041 ms clock, 0.85+0.70/0.56/0+0.32 ms cpu, 3->3->1 MB, 4 MB goal, 0 MB stacks, 0 MB globals, 8 P
gc 429 @35.051s 0%: 0.068+0.49+0.096 ms clock, 0.55+0.67/0.52/0+0.77 ms cpu, 3->3->1 MB, 4 MB goal, 0 MB stacks, 0 MB globals, 8 P
gc 430 @35.054s 0%: 0.10+0.50+0.070 ms clock, 0.86+0.67/0.60/0+0.56 ms cpu, 3->3->1 MB, 4 MB goal, 0 MB stacks, 0 MB globals, 8 P
gc 431 @35.056s 0%: 0.087+0.44+0.073 ms clock, 0.69+0.64/0.59/0+0.59 ms cpu, 3->3->1 MB, 4 MB goal, 0 MB stacks, 0 MB globals, 8 P
gc 432 @35.059s 0%: 0.078+0.45+0.088 ms clock, 0.62+0.67/0.56/0+0.70 ms cpu, 3->3->1 MB, 4 MB goal, 0 MB stacks, 0 MB globals, 8 P
gc 433 @35.062s 0%: 0.10+0.39+0.099 ms clock, 0.82+0.63/0.52/0+0.79 ms cpu, 3->3->1 MB, 4 MB goal, 0 MB stacks, 0 MB globals, 8 P
gc 434 @35.065s 0%: 0.093+0.53+0.098 ms clock, 0.74+0.65/0.66/0+0.78 ms cpu, 3->3->1 MB, 4 MB goal, 0 MB stacks, 0 MB globals, 8 P
gc 435 @35.068s 0%: 0.11+0.47+0.087 ms clock, 0.88+0.64/0.60/0+0.69 ms cpu, 3->3->1 MB, 4 MB goal, 0 MB stacks, 0 MB globals, 8 P
gc 436 @35.070s 0%: 0.092+0.48+0.099 ms clock, 0.73+0.68/0.62/0+0.79 ms cpu, 3->3->1 MB, 4 MB goal, 0 MB stacks, 0 MB globals, 8 P
gc 437 @35.073s 0%: 0.091+0.45+0.087 ms clock, 0.72+0.55/0.64/0+0.69 ms cpu, 3->3->1 MB, 4 MB goal, 0 MB stacks, 0 MB globals, 8 P
gc 438 @35.076s 0%: 0.072+0.41+0.097 ms clock, 0.58+0.54/0.64/0+0.78 ms cpu, 3->3->1 MB, 4 MB goal, 0 MB stacks, 0 MB globals, 8 P
gc 439 @35.079s 0%: 0.12+0.39+0.051 ms clock, 1.0+0.74/0.57/0+0.41 ms cpu, 3->3->1 MB, 4 MB goal, 0 MB stacks, 0 MB globals, 8 P
gc 440 @35.081s 0%: 0.094+0.48+0.12 ms clock, 0.75+0.75/0.57/0+1.0 ms cpu, 3->3->1 MB, 4 MB goal, 0 MB stacks, 0 MB globals, 8 P
gc 441 @35.084s 0%: 0.10+0.88+0.093 ms clock, 0.83+0.49/0.75/0+0.74 ms cpu, 3->3->1 MB, 4 MB goal, 0 MB stacks, 0 MB globals, 8 P
gc 442 @35.087s 0%: 0.066+0.47+0.093 ms clock, 0.53+0.70/0.64/0+0.74 ms cpu, 3->3->1 MB, 4 MB goal, 0 MB stacks, 0 MB globals, 8 P
gc 443 @35.090s 0%: 0.099+0.51+0.078 ms clock, 0.79+0.66/0.65/0+0.62 ms cpu, 3->3->1 MB, 4 MB goal, 0 MB stacks, 0 MB globals, 8 P
gc 444 @35.093s 0%: 0.13+0.53+0.062 ms clock, 1.0+0.64/0.69/0+0.50 ms cpu, 3->3->1 MB, 4 MB goal, 0 MB stacks, 0 MB globals, 8 P
gc 445 @35.095s 0%: 0.075+0.50+0.098 ms clock, 0.60+0.62/0.65/0+0.79 ms cpu, 3->3->1 MB, 4 MB goal, 0 MB stacks, 0 MB globals, 8 P
gc 446 @35.098s 0%: 0.078+0.50+0.11 ms clock, 0.62+0.66/0.57/0+0.94 ms cpu, 3->3->1 MB, 4 MB goal, 0 MB stacks, 0 MB globals, 8 P
gc 447 @35.101s 0%: 0.099+0.48+0.082 ms clock, 0.79+0.76/0.52/0+0.66 ms cpu, 3->3->1 MB, 4 MB goal, 0 MB stacks, 0 MB globals, 8 P
gc 448 @35.104s 0%: 0.091+0.54+0.091 ms clock, 0.73+0.68/0.65/0+0.73 ms cpu, 3->3->1 MB, 4 MB goal, 0 MB stacks, 0 MB globals, 8 P
gc 449 @35.106s 0%: 0.075+0.53+0.091 ms clock, 0.60+0.75/0.61/0+0.73 ms cpu, 3->3->1 MB, 4 MB goal, 0 MB stacks, 0 MB globals, 8 P
gc 450 @35.109s 0%: 0.13+0.51+0.085 ms clock, 1.0+0.68/0.65/0+0.68 ms cpu, 3->3->1 MB, 4 MB goal, 0 MB stacks, 0 MB globals, 8 P
gc 451 @35.112s 0%: 0.10+0.57+0.091 ms clock, 0.84+0.58/0.64/0+0.73 ms cpu, 3->3->1 MB, 4 MB goal, 0 MB stacks, 0 MB globals, 8 P
gc 452 @35.115s 0%: 0.099+0.61+0.078 ms clock, 0.79+0.65/0.61/0+0.62 ms cpu, 3->3->1 MB, 4 MB goal, 0 MB stacks, 0 MB globals, 8 P
gc 453 @35.118s 0%: 0.11+0.85+0.078 ms clock, 0.90+0.74/0.56/0+0.62 ms cpu, 3->3->1 MB, 4 MB goal, 0 MB stacks, 0 MB globals, 8 P
gc 454 @35.120s 0%: 0.12+0.58+0.097 ms clock, 0.97+0.69/0.65/0+0.77 ms cpu, 3->3->1 MB, 4 MB goal, 0 MB stacks, 0 MB globals, 8 P
gc 455 @35.123s 0%: 0.099+0.49+0.11 ms clock, 0.79+0.78/0.71/0+0.88 ms cpu, 3->3->1 MB, 4 MB goal, 0 MB stacks, 0 MB globals, 8 P
gc 456 @35.126s 0%: 0.11+0.46+0.10 ms clock, 0.88+0.69/0.60/0+0.82 ms cpu, 3->3->1 MB, 4 MB goal, 0 MB stacks, 0 MB globals, 8 P
gc 457 @35.129s 0%: 0.068+0.41+0.067 ms clock, 0.54+0.70/0.54/0+0.53 ms cpu, 3->3->1 MB, 4 MB goal, 0 MB stacks, 0 MB globals, 8 P
gc 458 @35.131s 0%: 0.11+0.43+0.047 ms clock, 0.93+0.79/0.59/0+0.38 ms cpu, 3->3->1 MB, 4 MB goal, 0 MB stacks, 0 MB globals, 8 P
gc 459 @35.134s 0%: 0.10+0.54+0.11 ms clock, 0.83+0.71/0.65/0+0.92 ms cpu, 3->3->1 MB, 4 MB goal, 0 MB stacks, 0 MB globals, 8 P
gc 460 @35.137s 0%: 0.078+0.69+0.078 ms clock, 0.63+0.62/0.67/0+0.62 ms cpu, 3->3->1 MB, 4 MB goal, 0 MB stacks, 0 MB globals, 8 P
gc 461 @35.140s 0%: 0.052+0.51+0.082 ms clock, 0.41+0.61/0.61/0+0.66 ms cpu, 3->3->1 MB, 4 MB goal, 0 MB stacks, 0 MB globals, 8 P
gc 462 @35.143s 0%: 0.099+0.50+0.085 ms clock, 0.79+0.73/0.68/0+0.68 ms cpu, 3->3->1 MB, 4 MB goal, 0 MB stacks, 0 MB globals, 8 P
gc 463 @35.145s 0%: 0.080+0.47+0.091 ms clock, 0.64+0.76/0.60/0+0.72 ms cpu, 3->3->1 MB, 4 MB goal, 0 MB stacks, 0 MB globals, 8 P
gc 464 @35.148s 0%: 0.067+0.44+0.059 ms clock, 0.54+0.57/0.61/0+0.47 ms cpu, 3->3->1 MB, 4 MB goal, 0 MB stacks, 0 MB globals, 8 P
gc 465 @35.151s 0%: 0.10+0.52+0.044 ms clock, 0.80+0.45/0.66/0+0.35 ms cpu, 3->3->1 MB, 4 MB goal, 0 MB stacks, 0 MB globals, 8 P
gc 466 @35.154s 0%: 0.066+0.49+0.10 ms clock, 0.53+0.79/0.50/0+0.82 ms cpu, 3->3->1 MB, 4 MB goal, 0 MB stacks, 0 MB globals, 8 P
gc 467 @35.156s 0%: 0.12+0.51+0.089 ms clock, 0.99+0.65/0.59/0+0.71 ms cpu, 3->3->1 MB, 4 MB goal, 0 MB stacks, 0 MB globals, 8 P
gc 468 @35.159s 0%: 0.093+0.53+0.060 ms clock, 0.74+0.70/0.57/0+0.48 ms cpu, 3->3->1 MB, 4 MB goal, 0 MB stacks, 0 MB globals, 8 P
gc 469 @35.162s 0%: 0.11+0.44+0.057 ms clock, 0.92+0.65/0.60/0+0.45 ms cpu, 3->3->1 MB, 4 MB goal, 0 MB stacks, 0 MB globals, 8 P
gc 470 @35.165s 0%: 0.071+0.61+0.083 ms clock, 0.56+0.67/0.65/0+0.66 ms cpu, 3->3->1 MB, 4 MB goal, 0 MB stacks, 0 MB globals, 8 P
gc 471 @35.168s 0%: 0.093+0.54+0.074 ms clock, 0.75+0.62/0.64/0+0.59 ms cpu, 3->3->1 MB, 4 MB goal, 0 MB stacks, 0 MB globals, 8 P
gc 472 @35.170s 0%: 0.11+0.51+0.10 ms clock, 0.93+0.66/0.57/0+0.81 ms cpu, 3->3->1 MB, 4 MB goal, 0 MB stacks, 0 MB globals, 8 P
gc 473 @35.173s 0%: 0.10+0.52+0.051 ms clock, 0.85+0.65/0.56/0+0.41 ms cpu, 3->3->1 MB, 4 MB goal, 0 MB stacks, 0 MB globals, 8 P
gc 474 @35.176s 0%: 0.079+0.44+0.056 ms clock, 0.63+0.69/0.58/0+0.45 ms cpu, 3->3->1 MB, 4 MB goal, 0 MB stacks, 0 MB globals, 8 P
gc 475 @35.179s 0%: 0.067+0.60+0.091 ms clock, 0.53+0.65/0.66/0+0.73 ms cpu, 3->3->1 MB, 4 MB goal, 0 MB stacks, 0 MB globals, 8 P
gc 476 @35.181s 0%: 0.076+0.50+0.058 ms clock, 0.61+0.54/0.71/0+0.47 ms cpu, 3->3->1 MB, 4 MB goal, 0 MB stacks, 0 MB globals, 8 P
gc 477 @35.184s 0%: 0.10+0.45+0.081 ms clock, 0.87+0.69/0.58/0+0.65 ms cpu, 3->3->1 MB, 4 MB goal, 0 MB stacks, 0 MB globals, 8 P
gc 478 @35.187s 0%: 0.12+0.44+0.086 ms clock, 0.96+0.62/0.57/0+0.69 ms cpu, 3->3->1 MB, 4 MB goal, 0 MB stacks, 0 MB globals, 8 P
gc 479 @35.190s 0%: 0.091+0.47+0.11 ms clock, 0.73+0.58/0.57/0+0.91 ms cpu, 3->3->1 MB, 4 MB goal, 0 MB stacks, 0 MB globals, 8 P
gc 480 @35.193s 0%: 0.079+0.37+0.10 ms clock, 0.63+0.62/0.51/0+0.83 ms cpu, 3->3->1 MB, 4 MB goal, 0 MB stacks, 0 MB globals, 8 P
gc 481 @35.196s 0%: 0.068+0.55+0.039 ms clock, 0.55+0.68/0.60/0+0.31 ms cpu, 3->3->1 MB, 4 MB goal, 0 MB stacks, 0 MB globals, 8 P
gc 482 @35.198s 0%: 0.12+0.50+0.11 ms clock, 1.0+0.80/0.52/0+0.88 ms cpu, 3->3->1 MB, 4 MB goal, 0 MB stacks, 0 MB globals, 8 P
gc 483 @35.201s 0%: 0.096+0.48+0.094 ms clock, 0.77+0.67/0.61/0+0.75 ms cpu, 3->3->1 MB, 4 MB goal, 0 MB stacks, 0 MB globals, 8 P
gc 484 @35.204s 0%: 0.11+0.53+0.12 ms clock, 0.88+0.71/0.64/0+0.97 ms cpu, 3->3->1 MB, 4 MB goal, 0 MB stacks, 0 MB globals, 8 P
gc 485 @35.207s 0%: 0.077+0.58+0.057 ms clock, 0.62+0.66/0.68/0+0.45 ms cpu, 3->3->1 MB, 4 MB goal, 0 MB stacks, 0 MB globals, 8 P
gc 486 @35.209s 0%: 0.077+0.43+0.10 ms clock, 0.61+0.76/0.60/0+0.82 ms cpu, 3->3->1 MB, 4 MB goal, 0 MB stacks, 0 MB globals, 8 P
gc 487 @35.212s 0%: 0.070+0.52+0.11 ms clock, 0.56+0.57/0.66/0+0.92 ms cpu, 3->3->1 MB, 4 MB goal, 0 MB stacks, 0 MB globals, 8 P
gc 488 @35.215s 0%: 0.055+0.53+0.082 ms clock, 0.44+0.52/0.65/0+0.65 ms cpu, 3->3->1 MB, 4 MB goal, 0 MB stacks, 0 MB globals, 8 P
gc 489 @35.218s 0%: 0.10+1.0+0.085 ms clock, 0.81+0.71/0.70/0+0.68 ms cpu, 3->4->1 MB, 4 MB goal, 0 MB stacks, 0 MB globals, 8 P
gc 490 @35.221s 0%: 0.099+0.49+0.079 ms clock, 0.79+0.73/0.60/0+0.63 ms cpu, 3->3->1 MB, 4 MB goal, 0 MB stacks, 0 MB globals, 8 P
gc 491 @35.223s 0%: 0.10+0.63+0.11 ms clock, 0.82+0.68/0.58/0+0.95 ms cpu, 3->3->1 MB, 4 MB goal, 0 MB stacks, 0 MB globals, 8 P
gc 492 @35.226s 0%: 0.098+0.47+0.054 ms clock, 0.78+0.62/0.57/0+0.43 ms cpu, 3->3->1 MB, 4 MB goal, 0 MB stacks, 0 MB globals, 8 P
gc 493 @35.229s 0%: 0.069+0.42+0.052 ms clock, 0.55+0.67/0.54/0+0.41 ms cpu, 3->3->1 MB, 4 MB goal, 0 MB stacks, 0 MB globals, 8 P
gc 494 @35.232s 0%: 0.11+0.44+0.10 ms clock, 0.95+0.61/0.60/0+0.84 ms cpu, 3->3->1 MB, 4 MB goal, 0 MB stacks, 0 MB globals, 8 P
gc 495 @35.234s 0%: 0.10+0.51+0.074 ms clock, 0.81+0.62/0.62/0+0.59 ms cpu, 3->3->1 MB, 4 MB goal, 0 MB stacks, 0 MB globals, 8 P
gc 496 @35.237s 0%: 0.10+0.46+0.099 ms clock, 0.83+0.61/0.59/0+0.79 ms cpu, 3->3->1 MB, 4 MB goal, 0 MB stacks, 0 MB globals, 8 P
gc 497 @35.240s 0%: 0.11+0.45+0.066 ms clock, 0.90+0.69/0.58/0+0.52 ms cpu, 3->3->1 MB, 4 MB goal, 0 MB stacks, 0 MB globals, 8 P
gc 498 @35.243s 0%: 0.10+0.62+0.092 ms clock, 0.86+0.64/0.67/0+0.73 ms cpu, 3->3->1 MB, 4 MB goal, 0 MB stacks, 0 MB globals, 8 P
gc 499 @35.245s 0%: 0.12+0.58+0.078 ms clock, 0.97+0.68/0.68/0+0.62 ms cpu, 3->3->1 MB, 4 MB goal, 0 MB stacks, 0 MB globals, 8 P
gc 500 @35.248s 0%: 0.12+0.36+0.083 ms clock, 0.99+0.59/0.55/0+0.66 ms cpu, 3->3->1 MB, 4 MB goal, 0 MB stacks, 0 MB globals, 8 P
gc 501 @35.251s 0%: 0.14+0.77+0.071 ms clock, 1.1+0.64/0.54/0+0.57 ms cpu, 3->3->1 MB, 4 MB goal, 0 MB stacks, 0 MB globals, 8 P
gc 502 @35.254s 0%: 0.10+0.56+0.13 ms clock, 0.87+0.59/0.66/0+1.0 ms cpu, 3->3->1 MB, 4 MB goal, 0 MB stacks, 0 MB globals, 8 P
gc 503 @35.257s 0%: 0.10+0.37+0.065 ms clock, 0.82+0.61/0.56/0+0.52 ms cpu, 3->3->1 MB, 4 MB goal, 0 MB stacks, 0 MB globals, 8 P
gc 504 @35.259s 0%: 0.094+0.53+0.063 ms clock, 0.75+0.54/0.64/0+0.50 ms cpu, 3->3->1 MB, 4 MB goal, 0 MB stacks, 0 MB globals, 8 P
gc 505 @35.262s 0%: 0.12+0.76+0.082 ms clock, 1.0+0.73/0.69/0+0.65 ms cpu, 3->3->1 MB, 4 MB goal, 0 MB stacks, 0 MB globals, 8 P
gc 506 @35.265s 0%: 0.074+0.53+0.076 ms clock, 0.59+0.63/0.61/0+0.60 ms cpu, 3->3->1 MB, 4 MB goal, 0 MB stacks, 0 MB globals, 8 P
gc 507 @35.268s 0%: 0.13+0.64+0.089 ms clock, 1.0+0.55/0.61/0+0.71 ms cpu, 3->3->1 MB, 4 MB goal, 0 MB stacks, 0 MB globals, 8 P
gc 508 @35.271s 0%: 0.14+0.75+0.086 ms clock, 1.1+0.65/0.67/0+0.69 ms cpu, 3->3->1 MB, 4 MB goal, 0 MB stacks, 0 MB globals, 8 P
gc 509 @35.274s 0%: 0.13+0.60+0.095 ms clock, 1.0+0.65/0.62/0+0.76 ms cpu, 3->3->1 MB, 4 MB goal, 0 MB stacks, 0 MB globals, 8 P
gc 510 @35.276s 0%: 0.10+0.50+0.051 ms clock, 0.81+0.64/0.56/0+0.41 ms cpu, 3->3->1 MB, 4 MB goal, 0 MB stacks, 0 MB globals, 8 P
gc 511 @35.279s 0%: 0.10+0.70+0.10 ms clock, 0.86+0.56/0.61/0+0.85 ms cpu, 3->3->1 MB, 4 MB goal, 0 MB stacks, 0 MB globals, 8 P
gc 512 @35.282s 0%: 0.12+0.56+0.096 ms clock, 1.0+0.64/0.61/0+0.77 ms cpu, 3->3->1 MB, 4 MB goal, 0 MB stacks, 0 MB globals, 8 P
gc 513 @35.285s 0%: 0.093+0.48+0.077 ms clock, 0.74+0.68/0.57/0+0.61 ms cpu, 3->3->1 MB, 4 MB goal, 0 MB stacks, 0 MB globals, 8 P
gc 514 @35.288s 0%: 0.11+0.74+0.081 ms clock, 0.90+0.74/0.67/0+0.65 ms cpu, 3->3->1 MB, 4 MB goal, 0 MB stacks, 0 MB globals, 8 P
gc 515 @35.290s 0%: 0.12+0.46+0.088 ms clock, 1.0+0.65/0.53/0+0.70 ms cpu, 3->3->1 MB, 4 MB goal, 0 MB stacks, 0 MB globals, 8 P
gc 516 @35.293s 0%: 0.063+0.72+0.088 ms clock, 0.50+0.70/0.62/0+0.71 ms cpu, 3->3->1 MB, 4 MB goal, 0 MB stacks, 0 MB globals, 8 P
gc 517 @35.296s 0%: 0.055+0.48+0.11 ms clock, 0.44+0.69/0.60/0+0.94 ms cpu, 3->3->1 MB, 4 MB goal, 0 MB stacks, 0 MB globals, 8 P
gc 518 @35.299s 0%: 0.11+0.57+0.073 ms clock, 0.94+0.68/0.54/0+0.58 ms cpu, 3->3->1 MB, 4 MB goal, 0 MB stacks, 0 MB globals, 8 P
gc 519 @35.302s 0%: 0.11+0.56+0.10 ms clock, 0.91+0.68/0.64/0+0.80 ms cpu, 3->3->1 MB, 4 MB goal, 0 MB stacks, 0 MB globals, 8 P
gc 520 @35.304s 0%: 0.065+0.55+0.085 ms clock, 0.52+0.55/0.60/0.039+0.68 ms cpu, 3->3->1 MB, 4 MB goal, 0 MB stacks, 0 MB globals, 8 P
gc 521 @35.307s 0%: 0.10+0.89+0.078 ms clock, 0.82+0.58/0.64/0+0.62 ms cpu, 3->3->1 MB, 4 MB goal, 0 MB stacks, 0 MB globals, 8 P
gc 522 @35.310s 0%: 0.098+0.42+0.089 ms clock, 0.79+0.64/0.60/0+0.71 ms cpu, 3->3->1 MB, 4 MB goal, 0 MB stacks, 0 MB globals, 8 P
gc 523 @35.313s 0%: 0.11+0.53+0.11 ms clock, 0.95+0.67/0.60/0+0.91 ms cpu, 3->3->1 MB, 4 MB goal, 0 MB stacks, 0 MB globals, 8 P
gc 524 @35.316s 0%: 0.10+0.52+0.039 ms clock, 0.87+0.75/0.63/0+0.31 ms cpu, 3->3->1 MB, 4 MB goal, 0 MB stacks, 0 MB globals, 8 P
gc 525 @35.318s 0%: 0.10+0.56+0.10 ms clock, 0.82+0.68/0.69/0+0.85 ms cpu, 3->3->1 MB, 4 MB goal, 0 MB stacks, 0 MB globals, 8 P
gc 526 @35.321s 0%: 0.11+0.53+0.090 ms clock, 0.92+0.65/0.69/0+0.72 ms cpu, 3->3->1 MB, 4 MB goal, 0 MB stacks, 0 MB globals, 8 P
gc 527 @35.324s 0%: 0.12+0.55+0.10 ms clock, 0.98+0.61/0.57/0+0.80 ms cpu, 3->3->1 MB, 4 MB goal, 0 MB stacks, 0 MB globals, 8 P
gc 528 @35.327s 0%: 0.089+0.67+0.10 ms clock, 0.71+0.50/0.66/0+0.82 ms cpu, 3->3->1 MB, 4 MB goal, 0 MB stacks, 0 MB globals, 8 P
gc 529 @35.330s 0%: 0.10+0.51+0.086 ms clock, 0.82+0.69/0.65/0+0.69 ms cpu, 3->3->1 MB, 4 MB goal, 0 MB stacks, 0 MB globals, 8 P
gc 530 @35.332s 0%: 0.12+0.61+0.094 ms clock, 1.0+0.66/0.74/0+0.75 ms cpu, 3->3->1 MB, 4 MB goal, 0 MB stacks, 0 MB globals, 8 P
gc 531 @35.335s 0%: 0.10+0.45+0.059 ms clock, 0.83+0.60/0.62/0+0.47 ms cpu, 3->3->1 MB, 4 MB goal, 0 MB stacks, 0 MB globals, 8 P
gc 532 @35.338s 0%: 0.066+0.76+0.068 ms clock, 0.53+0.70/0.51/0+0.54 ms cpu, 3->3->1 MB, 4 MB goal, 0 MB stacks, 0 MB globals, 8 P
gc 533 @35.341s 0%: 0.063+0.39+0.091 ms clock, 0.51+0.79/0.45/0+0.72 ms cpu, 3->3->1 MB, 4 MB goal, 0 MB stacks, 0 MB globals, 8 P
gc 534 @35.343s 0%: 0.13+0.38+0.067 ms clock, 1.0+0.74/0.47/0+0.54 ms cpu, 3->3->1 MB, 4 MB goal, 0 MB stacks, 0 MB globals, 8 P
gc 535 @35.346s 0%: 0.12+0.41+0.047 ms clock, 0.99+0.66/0.59/0+0.38 ms cpu, 3->3->1 MB, 4 MB goal, 0 MB stacks, 0 MB globals, 8 P
gc 536 @35.349s 0%: 0.14+0.55+0.085 ms clock, 1.1+0.66/0.63/0+0.68 ms cpu, 3->3->1 MB, 4 MB goal, 0 MB stacks, 0 MB globals, 8 P
gc 537 @35.352s 0%: 0.067+0.59+0.044 ms clock, 0.53+0.65/0.57/0+0.35 ms cpu, 3->3->1 MB, 4 MB goal, 0 MB stacks, 0 MB globals, 8 P
gc 538 @35.354s 0%: 0.069+0.60+0.094 ms clock, 0.55+0.58/0.68/0+0.75 ms cpu, 3->3->1 MB, 4 MB goal, 0 MB stacks, 0 MB globals, 8 P
gc 539 @35.357s 0%: 0.094+0.53+0.081 ms clock, 0.75+0.55/0.67/0+0.65 ms cpu, 3->3->1 MB, 4 MB goal, 0 MB stacks, 0 MB globals, 8 P
gc 540 @35.360s 0%: 0.074+0.55+0.098 ms clock, 0.59+0.63/0.72/0+0.78 ms cpu, 3->3->1 MB, 4 MB goal, 0 MB stacks, 0 MB globals, 8 P
gc 541 @35.363s 0%: 0.11+0.41+0.051 ms clock, 0.89+0.64/0.54/0+0.41 ms cpu, 3->3->1 MB, 4 MB goal, 0 MB stacks, 0 MB globals, 8 P
gc 542 @35.365s 0%: 0.14+1.1+0.10 ms clock, 1.1+0.68/0.57/0+0.83 ms cpu, 3->4->1 MB, 4 MB goal, 0 MB stacks, 0 MB globals, 8 P
gc 543 @35.369s 0%: 0.10+0.42+0.063 ms clock, 0.83+0.63/0.56/0+0.51 ms cpu, 3->3->1 MB, 4 MB goal, 0 MB stacks, 0 MB globals, 8 P
gc 544 @35.371s 0%: 0.089+0.40+0.071 ms clock, 0.71+0.62/0.62/0+0.56 ms cpu, 3->3->1 MB, 4 MB goal, 0 MB stacks, 0 MB globals, 8 P
gc 545 @35.374s 0%: 0.036+0.54+0.082 ms clock, 0.29+0.68/0.61/0+0.66 ms cpu, 3->3->1 MB, 4 MB goal, 0 MB stacks, 0 MB globals, 8 P
gc 546 @35.377s 0%: 0.10+0.48+0.12 ms clock, 0.87+0.56/0.65/0+1.0 ms cpu, 3->3->1 MB, 4 MB goal, 0 MB stacks, 0 MB globals, 8 P
gc 547 @35.380s 0%: 0.10+0.46+0.10 ms clock, 0.81+0.66/0.54/0+0.85 ms cpu, 3->3->1 MB, 4 MB goal, 0 MB stacks, 0 MB globals, 8 P
gc 548 @35.382s 0%: 0.069+0.72+0.086 ms clock, 0.55+0.57/0.67/0+0.69 ms cpu, 3->3->1 MB, 4 MB goal, 0 MB stacks, 0 MB globals, 8 P
gc 549 @35.385s 0%: 0.14+0.92+0.069 ms clock, 1.1+0.55/0.67/0+0.55 ms cpu, 3->3->1 MB, 4 MB goal, 0 MB stacks, 0 MB globals, 8 P
gc 550 @35.388s 0%: 0.10+0.73+0.082 ms clock, 0.86+0.48/0.71/0+0.65 ms cpu, 3->3->1 MB, 4 MB goal, 0 MB stacks, 0 MB globals, 8 P
gc 551 @35.391s 0%: 0.12+0.46+0.081 ms clock, 1.0+0.60/0.63/0+0.65 ms cpu, 3->3->1 MB, 4 MB goal, 0 MB stacks, 0 MB globals, 8 P
gc 552 @35.394s 0%: 0.093+0.39+0.099 ms clock, 0.74+0.67/0.57/0+0.79 ms cpu, 3->3->1 MB, 4 MB goal, 0 MB stacks, 0 MB globals, 8 P
gc 553 @35.396s 0%: 0.080+0.53+0.12 ms clock, 0.64+0.66/0.59/0+0.96 ms cpu, 3->3->1 MB, 4 MB goal, 0 MB stacks, 0 MB globals, 8 P
gc 554 @35.399s 0%: 0.10+0.61+0.12 ms clock, 0.85+0.63/0.60/0+0.96 ms cpu, 3->3->1 MB, 4 MB goal, 0 MB stacks, 0 MB globals, 8 P
gc 555 @35.402s 0%: 0.11+0.49+0.12 ms clock, 0.95+0.66/0.64/0+1.0 ms cpu, 3->3->1 MB, 4 MB goal, 0 MB stacks, 0 MB globals, 8 P
gc 556 @35.405s 0%: 0.10+0.52+0.056 ms clock, 0.86+0.60/0.71/0+0.45 ms cpu, 3->3->1 MB, 4 MB goal, 0 MB stacks, 0 MB globals, 8 P
gc 557 @35.408s 0%: 0.097+0.42+0.096 ms clock, 0.77+0.57/0.60/0+0.77 ms cpu, 3->3->1 MB, 4 MB goal, 0 MB stacks, 0 MB globals, 8 P
gc 558 @35.410s 0%: 0.11+0.92+0.095 ms clock, 0.91+0.62/0.66/0+0.76 ms cpu, 3->3->1 MB, 4 MB goal, 0 MB stacks, 0 MB globals, 8 P
gc 559 @35.413s 0%: 0.11+0.57+0.080 ms clock, 0.93+0.66/0.69/0+0.64 ms cpu, 3->3->1 MB, 4 MB goal, 0 MB stacks, 0 MB globals, 8 P
gc 560 @35.416s 0%: 0.11+0.65+0.099 ms clock, 0.95+0.64/0.55/0+0.79 ms cpu, 3->3->1 MB, 4 MB goal, 0 MB stacks, 0 MB globals, 8 P
gc 561 @35.419s 0%: 0.093+0.70+0.11 ms clock, 0.74+0.67/0.65/0+0.89 ms cpu, 3->3->1 MB, 4 MB goal, 0 MB stacks, 0 MB globals, 8 P
gc 562 @35.422s 0%: 0.099+0.51+0.081 ms clock, 0.79+0.61/0.62/0+0.65 ms cpu, 3->3->1 MB, 4 MB goal, 0 MB stacks, 0 MB globals, 8 P
gc 563 @35.424s 0%: 0.084+0.92+0.050 ms clock, 0.67+0.72/0.73/0.015+0.40 ms cpu, 3->3->1 MB, 4 MB goal, 0 MB stacks, 0 MB globals, 8 P
gc 564 @35.427s 0%: 0.091+0.68+0.067 ms clock, 0.73+0.73/0.57/0+0.54 ms cpu, 3->3->1 MB, 4 MB goal, 0 MB stacks, 0 MB globals, 8 P
gc 565 @35.430s 0%: 0.073+0.56+0.079 ms clock, 0.58+0.69/0.66/0+0.63 ms cpu, 3->3->1 MB, 4 MB goal, 0 MB stacks, 0 MB globals, 8 P
gc 566 @35.433s 0%: 0.065+0.44+0.099 ms clock, 0.52+0.62/0.56/0+0.79 ms cpu, 3->3->1 MB, 4 MB goal, 0 MB stacks, 0 MB globals, 8 P
gc 567 @35.436s 0%: 0.076+0.45+0.078 ms clock, 0.61+0.67/0.57/0+0.62 ms cpu, 3->3->1 MB, 4 MB goal, 0 MB stacks, 0 MB globals, 8 P
gc 568 @35.438s 0%: 0.093+0.44+0.11 ms clock, 0.74+0.71/0.52/0+0.92 ms cpu, 3->3->1 MB, 4 MB goal, 0 MB stacks, 0 MB globals, 8 P
gc 569 @35.441s 0%: 0.11+0.36+0.13 ms clock, 0.90+0.66/0.53/0+1.1 ms cpu, 3->3->1 MB, 4 MB goal, 0 MB stacks, 0 MB globals, 8 P
gc 570 @35.444s 0%: 0.069+0.46+0.065 ms clock, 0.55+0.63/0.61/0+0.52 ms cpu, 3->3->1 MB, 4 MB goal, 0 MB stacks, 0 MB globals, 8 P
gc 571 @35.447s 0%: 0.062+0.78+0.080 ms clock, 0.49+0.67/0.53/0+0.64 ms cpu, 3->3->1 MB, 4 MB goal, 0 MB stacks, 0 MB globals, 8 P
gc 572 @35.449s 0%: 0.10+0.46+0.072 ms clock, 0.86+0.75/0.58/0+0.58 ms cpu, 3->3->1 MB, 4 MB goal, 0 MB stacks, 0 MB globals, 8 P
gc 573 @35.452s 0%: 0.10+0.52+0.083 ms clock, 0.84+0.74/0.53/0+0.66 ms cpu, 3->3->1 MB, 4 MB goal, 0 MB stacks, 0 MB globals, 8 P
gc 574 @35.455s 0%: 0.061+0.36+0.10 ms clock, 0.49+0.59/0.59/0+0.82 ms cpu, 3->3->1 MB, 4 MB goal, 0 MB stacks, 0 MB globals, 8 P
gc 575 @35.458s 0%: 0.10+0.65+0.10 ms clock, 0.81+0.69/0.62/0+0.87 ms cpu, 3->3->1 MB, 4 MB goal, 0 MB stacks, 0 MB globals, 8 P
gc 576 @35.460s 0%: 0.10+0.46+0.10 ms clock, 0.84+0.70/0.57/0+0.86 ms cpu, 3->3->1 MB, 4 MB goal, 0 MB stacks, 0 MB globals, 8 P
gc 577 @35.463s 0%: 0.13+0.43+0.10 ms clock, 1.0+0.55/0.54/0+0.83 ms cpu, 3->3->1 MB, 4 MB goal, 0 MB stacks, 0 MB globals, 8 P
gc 578 @35.466s 0%: 0.056+0.81+0.086 ms clock, 0.45+0.71/0.56/0+0.69 ms cpu, 3->3->1 MB, 4 MB goal, 0 MB stacks, 0 MB globals, 8 P
gc 579 @35.469s 0%: 0.11+0.85+0.087 ms clock, 0.89+0.63/0.69/0+0.70 ms cpu, 3->3->1 MB, 4 MB goal, 0 MB stacks, 0 MB globals, 8 P
gc 580 @35.472s 0%: 0.078+0.56+0.087 ms clock, 0.62+0.69/0.69/0+0.69 ms cpu, 3->3->1 MB, 4 MB goal, 0 MB stacks, 0 MB globals, 8 P
gc 581 @35.474s 0%: 0.10+0.44+0.059 ms clock, 0.83+0.65/0.60/0+0.47 ms cpu, 3->3->1 MB, 4 MB goal, 0 MB stacks, 0 MB globals, 8 P
gc 582 @35.477s 0%: 0.070+0.45+0.072 ms clock, 0.56+0.69/0.57/0+0.58 ms cpu, 3->3->1 MB, 4 MB goal, 0 MB stacks, 0 MB globals, 8 P
gc 583 @35.480s 0%: 0.088+0.43+0.054 ms clock, 0.71+0.76/0.61/0+0.43 ms cpu, 3->3->1 MB, 4 MB goal, 0 MB stacks, 0 MB globals, 8 P
gc 584 @35.483s 0%: 0.10+0.79+0.078 ms clock, 0.86+0.62/0.67/0+0.62 ms cpu, 3->3->1 MB, 4 MB goal, 0 MB stacks, 0 MB globals, 8 P
gc 585 @35.485s 0%: 0.10+0.45+0.10 ms clock, 0.87+0.69/0.57/0+0.84 ms cpu, 3->3->1 MB, 4 MB goal, 0 MB stacks, 0 MB globals, 8 P
gc 586 @35.488s 0%: 0.088+0.57+0.095 ms clock, 0.70+0.63/0.64/0+0.76 ms cpu, 3->3->1 MB, 4 MB goal, 0 MB stacks, 0 MB globals, 8 P
gc 587 @35.491s 0%: 0.079+0.50+0.10 ms clock, 0.63+0.71/0.61/0+0.85 ms cpu, 3->3->1 MB, 4 MB goal, 0 MB stacks, 0 MB globals, 8 P
gc 588 @35.494s 0%: 0.082+0.85+0.11 ms clock, 0.65+0.68/0.57/0+0.93 ms cpu, 3->3->1 MB, 4 MB goal, 0 MB stacks, 0 MB globals, 8 P
gc 589 @35.497s 0%: 0.084+0.66+0.12 ms clock, 0.67+0.61/0.62/0+0.98 ms cpu, 3->3->1 MB, 4 MB goal, 0 MB stacks, 0 MB globals, 8 P
gc 590 @35.500s 0%: 0.065+0.54+0.12 ms clock, 0.52+0.65/0.54/0+0.98 ms cpu, 3->3->1 MB, 4 MB goal, 0 MB stacks, 0 MB globals, 8 P
gc 591 @35.502s 0%: 0.10+0.61+0.093 ms clock, 0.81+0.62/0.57/0+0.75 ms cpu, 3->3->1 MB, 4 MB goal, 0 MB stacks, 0 MB globals, 8 P
gc 592 @35.505s 0%: 0.10+0.45+0.093 ms clock, 0.85+0.71/0.48/0+0.74 ms cpu, 3->3->1 MB, 4 MB goal, 0 MB stacks, 0 MB globals, 8 P
gc 593 @35.508s 0%: 0.084+0.48+0.12 ms clock, 0.67+0.71/0.55/0+0.98 ms cpu, 3->3->1 MB, 4 MB goal, 0 MB stacks, 0 MB globals, 8 P
gc 594 @35.511s 0%: 0.11+0.48+0.091 ms clock, 0.89+0.66/0.59/0+0.72 ms cpu, 3->3->1 MB, 4 MB goal, 0 MB stacks, 0 MB globals, 8 P
gc 595 @35.513s 0%: 0.10+0.45+0.047 ms clock, 0.84+0.68/0.60/0+0.37 ms cpu, 3->3->1 MB, 4 MB goal, 0 MB stacks, 0 MB globals, 8 P
gc 596 @35.516s 0%: 0.086+0.63+0.11 ms clock, 0.69+0.59/0.75/0+0.90 ms cpu, 3->3->1 MB, 4 MB goal, 0 MB stacks, 0 MB globals, 8 P
gc 597 @35.519s 0%: 0.13+0.88+0.082 ms clock, 1.0+0.60/0.62/0+0.66 ms cpu, 3->3->1 MB, 4 MB goal, 0 MB stacks, 0 MB globals, 8 P
gc 598 @35.522s 0%: 0.077+0.61+0.096 ms clock, 0.62+0.69/0.64/0+0.77 ms cpu, 3->3->1 MB, 4 MB goal, 0 MB stacks, 0 MB globals, 8 P
gc 599 @35.525s 0%: 0.15+0.58+0.082 ms clock, 1.2+0.67/0.66/0+0.66 ms cpu, 3->3->1 MB, 4 MB goal, 0 MB stacks, 0 MB globals, 8 P
gc 600 @35.527s 0%: 0.12+0.57+0.095 ms clock, 0.98+0.66/0.62/0+0.76 ms cpu, 3->3->1 MB, 4 MB goal, 0 MB stacks, 0 MB globals, 8 P
gc 601 @35.530s 0%: 0.098+0.52+0.10 ms clock, 0.78+0.65/0.65/0+0.87 ms cpu, 3->3->1 MB, 4 MB goal, 0 MB stacks, 0 MB globals, 8 P
gc 602 @35.533s 0%: 0.095+0.41+0.073 ms clock, 0.76+0.65/0.58/0+0.58 ms cpu, 3->3->1 MB, 4 MB goal, 0 MB stacks, 0 MB globals, 8 P
gc 603 @35.536s 0%: 0.12+0.39+0.060 ms clock, 1.0+0.82/0.46/0+0.48 ms cpu, 3->3->1 MB, 4 MB goal, 0 MB stacks, 0 MB globals, 8 P
gc 604 @35.538s 0%: 0.12+0.62+0.096 ms clock, 1.0+0.61/0.75/0+0.77 ms cpu, 3->3->1 MB, 4 MB goal, 0 MB stacks, 0 MB globals, 8 P
gc 605 @35.541s 0%: 0.12+0.48+0.082 ms clock, 0.98+0.69/0.64/0+0.65 ms cpu, 3->3->1 MB, 4 MB goal, 0 MB stacks, 0 MB globals, 8 P
gc 606 @35.544s 0%: 0.12+0.55+0.078 ms clock, 0.96+0.61/0.45/0+0.62 ms cpu, 3->3->1 MB, 4 MB goal, 0 MB stacks, 0 MB globals, 8 P
gc 607 @35.547s 0%: 0.084+0.48+0.077 ms clock, 0.67+0.73/0.56/0+0.61 ms cpu, 3->3->1 MB, 4 MB goal, 0 MB stacks, 0 MB globals, 8 P
gc 608 @35.550s 0%: 0.082+0.40+0.070 ms clock, 0.66+0.66/0.57/0+0.56 ms cpu, 3->3->1 MB, 4 MB goal, 0 MB stacks, 0 MB globals, 8 P
gc 609 @35.552s 0%: 0.10+0.65+0.090 ms clock, 0.85+0.37/0.66/0+0.72 ms cpu, 3->3->1 MB, 4 MB goal, 0 MB stacks, 0 MB globals, 8 P
gc 610 @35.555s 0%: 0.073+0.41+0.11 ms clock, 0.58+0.81/0.39/0+0.91 ms cpu, 3->3->1 MB, 4 MB goal, 0 MB stacks, 0 MB globals, 8 P
gc 611 @35.558s 0%: 0.084+0.36+0.067 ms clock, 0.67+0.59/0.55/0+0.54 ms cpu, 3->3->1 MB, 4 MB goal, 0 MB stacks, 0 MB globals, 8 P
gc 612 @35.561s 0%: 0.15+0.48+0.086 ms clock, 1.2+0.68/0.56/0+0.69 ms cpu, 3->3->1 MB, 4 MB goal, 0 MB stacks, 0 MB globals, 8 P
gc 613 @35.563s 0%: 0.10+0.59+0.087 ms clock, 0.82+0.72/0.56/0+0.70 ms cpu, 3->3->1 MB, 4 MB goal, 0 MB stacks, 0 MB globals, 8 P
gc 614 @35.566s 0%: 0.10+0.40+0.074 ms clock, 0.86+0.68/0.53/0+0.59 ms cpu, 3->3->1 MB, 4 MB goal, 0 MB stacks, 0 MB globals, 8 P
gc 615 @35.569s 0%: 0.11+0.60+0.11 ms clock, 0.88+0.76/0.59/0+0.92 ms cpu, 3->3->1 MB, 4 MB goal, 0 MB stacks, 0 MB globals, 8 P
gc 616 @35.572s 0%: 0.10+0.53+0.10 ms clock, 0.82+0.79/0.56/0+0.85 ms cpu, 3->3->1 MB, 4 MB goal, 0 MB stacks, 0 MB globals, 8 P
gc 617 @35.575s 0%: 0.077+0.61+0.093 ms clock, 0.62+0.74/0.59/0+0.75 ms cpu, 3->3->1 MB, 4 MB goal, 0 MB stacks, 0 MB globals, 8 P
gc 618 @35.577s 0%: 0.096+0.59+0.079 ms clock, 0.77+0.64/0.75/0+0.63 ms cpu, 3->3->1 MB, 4 MB goal, 0 MB stacks, 0 MB globals, 8 P
gc 619 @35.580s 0%: 0.086+0.62+0.063 ms clock, 0.69+0.62/0.54/0+0.50 ms cpu, 3->3->1 MB, 4 MB goal, 0 MB stacks, 0 MB globals, 8 P
gc 620 @35.583s 0%: 0.099+0.58+0.10 ms clock, 0.79+0.65/0.56/0+0.81 ms cpu, 3->3->1 MB, 4 MB goal, 0 MB stacks, 0 MB globals, 8 P
gc 621 @35.586s 0%: 0.11+0.72+0.096 ms clock, 0.92+0.62/0.60/0+0.77 ms cpu, 3->3->1 MB, 4 MB goal, 0 MB stacks, 0 MB globals, 8 P
gc 622 @35.589s 0%: 0.12+0.80+0.090 ms clock, 0.96+0.58/0.65/0+0.72 ms cpu, 3->3->1 MB, 4 MB goal, 0 MB stacks, 0 MB globals, 8 P
gc 623 @35.591s 0%: 0.10+0.45+0.069 ms clock, 0.87+0.63/0.49/0+0.55 ms cpu, 3->3->1 MB, 4 MB goal, 0 MB stacks, 0 MB globals, 8 P
gc 624 @35.594s 0%: 0.11+0.48+0.11 ms clock, 0.94+0.71/0.53/0+0.93 ms cpu, 3->3->1 MB, 4 MB goal, 0 MB stacks, 0 MB globals, 8 P
gc 625 @35.597s 0%: 0.12+0.52+0.11 ms clock, 1.0+0.66/0.66/0+0.89 ms cpu, 3->3->1 MB, 4 MB goal, 0 MB stacks, 0 MB globals, 8 P
gc 626 @35.600s 0%: 0.069+0.63+0.097 ms clock, 0.55+0.70/0.65/0+0.77 ms cpu, 3->3->1 MB, 4 MB goal, 0 MB stacks, 0 MB globals, 8 P
gc 627 @35.602s 0%: 0.095+0.57+0.079 ms clock, 0.76+0.57/0.72/0+0.63 ms cpu, 3->3->1 MB, 4 MB goal, 0 MB stacks, 0 MB globals, 8 P
gc 628 @35.605s 0%: 0.12+0.57+0.096 ms clock, 0.98+0.67/0.60/0+0.77 ms cpu, 3->3->1 MB, 4 MB goal, 0 MB stacks, 0 MB globals, 8 P
gc 629 @35.608s 0%: 0.10+0.71+0.091 ms clock, 0.84+0.57/0.73/0+0.73 ms cpu, 3->3->1 MB, 4 MB goal, 0 MB stacks, 0 MB globals, 8 P
gc 630 @35.611s 0%: 0.10+0.49+0.071 ms clock, 0.84+0.61/0.63/0+0.56 ms cpu, 3->3->1 MB, 4 MB goal, 0 MB stacks, 0 MB globals, 8 P
gc 631 @35.614s 0%: 0.10+0.77+0.087 ms clock, 0.85+0.63/0.57/0+0.69 ms cpu, 3->3->1 MB, 4 MB goal, 0 MB stacks, 0 MB globals, 8 P
gc 632 @35.616s 0%: 0.079+0.56+0.10 ms clock, 0.63+0.64/0.66/0+0.85 ms cpu, 3->3->1 MB, 4 MB goal, 0 MB stacks, 0 MB globals, 8 P
gc 633 @35.619s 0%: 0.096+0.52+0.10 ms clock, 0.76+0.71/0.52/0+0.85 ms cpu, 3->3->1 MB, 4 MB goal, 0 MB stacks, 0 MB globals, 8 P
gc 634 @35.622s 0%: 0.11+0.40+0.056 ms clock, 0.92+0.79/0.50/0+0.45 ms cpu, 3->3->1 MB, 4 MB goal, 0 MB stacks, 0 MB globals, 8 P
gc 635 @35.625s 0%: 0.078+0.81+0.11 ms clock, 0.63+0.59/0.57/0+0.89 ms cpu, 3->3->1 MB, 4 MB goal, 0 MB stacks, 0 MB globals, 8 P
gc 636 @35.628s 0%: 0.12+0.46+0.099 ms clock, 1.0+0.81/0.41/0+0.79 ms cpu, 3->3->1 MB, 4 MB goal, 0 MB stacks, 0 MB globals, 8 P
gc 637 @35.630s 0%: 0.086+0.80+0.075 ms clock, 0.69+0.63/0.70/0+0.60 ms cpu, 3->3->1 MB, 4 MB goal, 0 MB stacks, 0 MB globals, 8 P
gc 638 @35.633s 0%: 0.077+0.37+0.046 ms clock, 0.61+0.68/0.52/0+0.37 ms cpu, 3->3->1 MB, 4 MB goal, 0 MB stacks, 0 MB globals, 8 P
gc 639 @35.636s 0%: 0.11+0.51+0.041 ms clock, 0.90+0.55/0.71/0+0.33 ms cpu, 3->3->1 MB, 4 MB goal, 0 MB stacks, 0 MB globals, 8 P
gc 640 @35.639s 0%: 0.11+0.95+0.088 ms clock, 0.88+0.52/0.70/0+0.71 ms cpu, 3->3->1 MB, 4 MB goal, 0 MB stacks, 0 MB globals, 8 P
gc 641 @35.641s 0%: 0.10+0.49+0.093 ms clock, 0.85+0.64/0.64/0+0.74 ms cpu, 3->3->1 MB, 4 MB goal, 0 MB stacks, 0 MB globals, 8 P
gc 642 @35.644s 0%: 0.095+0.50+0.11 ms clock, 0.76+0.65/0.69/0+0.89 ms cpu, 3->3->1 MB, 4 MB goal, 0 MB stacks, 0 MB globals, 8 P
gc 643 @35.647s 0%: 0.11+0.50+0.072 ms clock, 0.90+0.62/0.64/0+0.58 ms cpu, 3->3->1 MB, 4 MB goal, 0 MB stacks, 0 MB globals, 8 P
gc 644 @35.650s 0%: 0.10+0.47+0.092 ms clock, 0.82+0.58/0.63/0+0.73 ms cpu, 3->3->1 MB, 4 MB goal, 0 MB stacks, 0 MB globals, 8 P
gc 645 @35.653s 0%: 0.10+0.82+0.068 ms clock, 0.87+0.68/0.55/0+0.55 ms cpu, 3->3->1 MB, 4 MB goal, 0 MB stacks, 0 MB globals, 8 P
gc 646 @35.655s 0%: 0.068+0.69+0.095 ms clock, 0.54+0.61/0.69/0+0.76 ms cpu, 3->3->1 MB, 4 MB goal, 0 MB stacks, 0 MB globals, 8 P
gc 647 @35.658s 0%: 0.084+0.61+0.065 ms clock, 0.67+0.58/0.69/0+0.52 ms cpu, 3->3->1 MB, 4 MB goal, 0 MB stacks, 0 MB globals, 8 P
gc 648 @35.661s 0%: 0.10+0.41+0.071 ms clock, 0.80+0.68/0.61/0+0.56 ms cpu, 3->3->1 MB, 4 MB goal, 0 MB stacks, 0 MB globals, 8 P
gc 649 @35.664s 0%: 0.10+0.45+0.069 ms clock, 0.81+0.67/0.53/0+0.55 ms cpu, 3->3->1 MB, 4 MB goal, 0 MB stacks, 0 MB globals, 8 P
gc 650 @35.667s 0%: 0.073+0.49+0.092 ms clock, 0.58+0.65/0.65/0+0.74 ms cpu, 3->3->1 MB, 4 MB goal, 0 MB stacks, 0 MB globals, 8 P
gc 651 @35.669s 0%: 0.10+0.47+0.090 ms clock, 0.81+0.66/0.62/0+0.72 ms cpu, 3->3->1 MB, 4 MB goal, 0 MB stacks, 0 MB globals, 8 P
gc 652 @35.672s 0%: 0.092+0.53+0.10 ms clock, 0.73+0.60/0.62/0+0.80 ms cpu, 3->3->1 MB, 4 MB goal, 0 MB stacks, 0 MB globals, 8 P
gc 653 @35.675s 0%: 0.13+0.53+0.080 ms clock, 1.1+0.65/0.65/0+0.64 ms cpu, 3->3->1 MB, 4 MB goal, 0 MB stacks, 0 MB globals, 8 P
gc 654 @35.678s 0%: 0.12+0.53+0.059 ms clock, 1.0+0.65/0.65/0+0.47 ms cpu, 3->3->1 MB, 4 MB goal, 0 MB stacks, 0 MB globals, 8 P
gc 655 @35.680s 0%: 0.11+0.44+0.082 ms clock, 0.95+0.63/0.59/0+0.66 ms cpu, 3->3->1 MB, 4 MB goal, 0 MB stacks, 0 MB globals, 8 P
gc 656 @35.683s 0%: 0.12+0.54+0.13 ms clock, 0.97+0.61/0.59/0+1.0 ms cpu, 3->3->1 MB, 4 MB goal, 0 MB stacks, 0 MB globals, 8 P
gc 657 @35.686s 0%: 0.10+0.66+0.080 ms clock, 0.83+0.65/0.61/0+0.64 ms cpu, 3->3->1 MB, 4 MB goal, 0 MB stacks, 0 MB globals, 8 P
gc 658 @35.689s 0%: 0.094+0.47+0.10 ms clock, 0.75+0.72/0.58/0+0.84 ms cpu, 3->3->1 MB, 4 MB goal, 0 MB stacks, 0 MB globals, 8 P
gc 659 @35.691s 0%: 0.10+0.50+0.11 ms clock, 0.87+0.59/0.64/0+0.90 ms cpu, 3->3->1 MB, 4 MB goal, 0 MB stacks, 0 MB globals, 8 P
gc 660 @35.694s 0%: 0.099+0.36+0.080 ms clock, 0.79+0.71/0.49/0+0.64 ms cpu, 3->3->1 MB, 4 MB goal, 0 MB stacks, 0 MB globals, 8 P
gc 661 @35.697s 0%: 0.086+0.48+0.039 ms clock, 0.69+0.72/0.60/0+0.31 ms cpu, 3->3->1 MB, 4 MB goal, 0 MB stacks, 0 MB globals, 8 P
gc 662 @35.700s 0%: 0.11+0.74+0.044 ms clock, 0.88+0.59/0.60/0+0.35 ms cpu, 3->3->1 MB, 4 MB goal, 0 MB stacks, 0 MB globals, 8 P
gc 663 @35.702s 0%: 0.098+0.47+0.061 ms clock, 0.78+0.64/0.64/0+0.49 ms cpu, 3->3->1 MB, 4 MB goal, 0 MB stacks, 0 MB globals, 8 P
gc 664 @35.705s 0%: 0.077+0.61+0.055 ms clock, 0.61+0.70/0.66/0+0.44 ms cpu, 3->3->1 MB, 4 MB goal, 0 MB stacks, 0 MB globals, 8 P
gc 665 @35.708s 0%: 0.055+0.53+0.041 ms clock, 0.44+0.57/0.66/0+0.32 ms cpu, 3->3->1 MB, 4 MB goal, 0 MB stacks, 0 MB globals, 8 P
gc 666 @35.711s 0%: 0.11+0.52+0.076 ms clock, 0.92+0.61/0.61/0+0.61 ms cpu, 3->3->1 MB, 4 MB goal, 0 MB stacks, 0 MB globals, 8 P
gc 667 @35.714s 0%: 0.093+0.49+0.059 ms clock, 0.75+0.60/0.65/0+0.47 ms cpu, 3->3->1 MB, 4 MB goal, 0 MB stacks, 0 MB globals, 8 P
gc 668 @35.716s 0%: 0.072+0.92+0.098 ms clock, 0.58+0.70/0.64/0+0.78 ms cpu, 3->3->1 MB, 4 MB goal, 0 MB stacks, 0 MB globals, 8 P
gc 669 @35.719s 0%: 0.10+0.99+0.075 ms clock, 0.85+0.57/0.69/0+0.60 ms cpu, 3->4->1 MB, 4 MB goal, 0 MB stacks, 0 MB globals, 8 P
gc 670 @35.722s 0%: 0.063+0.95+0.086 ms clock, 0.51+0.79/1.0/0+0.69 ms cpu, 3->4->1 MB, 4 MB goal, 0 MB stacks, 0 MB globals, 8 P
gc 671 @35.725s 0%: 0.096+0.61+0.073 ms clock, 0.77+0.68/0.57/0+0.58 ms cpu, 3->3->1 MB, 4 MB goal, 0 MB stacks, 0 MB globals, 8 P
gc 672 @35.728s 0%: 0.090+0.62+0.12 ms clock, 0.72+0.66/0.65/0+1.0 ms cpu, 3->3->1 MB, 4 MB goal, 0 MB stacks, 0 MB globals, 8 P
gc 673 @35.731s 0%: 0.10+0.52+0.066 ms clock, 0.81+0.70/0.61/0+0.53 ms cpu, 3->3->1 MB, 4 MB goal, 0 MB stacks, 0 MB globals, 8 P
gc 674 @35.734s 0%: 0.13+0.46+0.072 ms clock, 1.0+0.65/0.51/0+0.57 ms cpu, 3->3->1 MB, 4 MB goal, 0 MB stacks, 0 MB globals, 8 P
gc 675 @35.736s 0%: 0.10+0.57+0.12 ms clock, 0.82+0.70/0.60/0+1.0 ms cpu, 3->3->1 MB, 4 MB goal, 0 MB stacks, 0 MB globals, 8 P
gc 676 @35.739s 0%: 0.094+0.65+0.099 ms clock, 0.75+0.72/0.60/0+0.79 ms cpu, 3->3->1 MB, 4 MB goal, 0 MB stacks, 0 MB globals, 8 P
gc 677 @35.742s 0%: 0.12+0.46+0.12 ms clock, 0.99+0.69/0.60/0+1.0 ms cpu, 3->3->1 MB, 4 MB goal, 0 MB stacks, 0 MB globals, 8 P
gc 678 @35.745s 0%: 0.10+0.51+0.073 ms clock, 0.83+0.64/0.61/0+0.58 ms cpu, 3->3->1 MB, 4 MB goal, 0 MB stacks, 0 MB globals, 8 P
gc 679 @35.747s 0%: 0.11+0.51+0.078 ms clock, 0.93+0.52/0.62/0+0.62 ms cpu, 3->3->1 MB, 4 MB goal, 0 MB stacks, 0 MB globals, 8 P
gc 680 @35.750s 0%: 0.087+0.46+0.067 ms clock, 0.70+0.71/0.59/0+0.54 ms cpu, 3->3->1 MB, 4 MB goal, 0 MB stacks, 0 MB globals, 8 P
gc 681 @35.753s 0%: 0.085+0.71+0.063 ms clock, 0.68+0.44/0.65/0+0.50 ms cpu, 3->3->1 MB, 4 MB goal, 0 MB stacks, 0 MB globals, 8 P
gc 682 @35.756s 0%: 0.11+0.41+0.15 ms clock, 0.95+0.68/0.55/0+1.2 ms cpu, 3->3->1 MB, 4 MB goal, 0 MB stacks, 0 MB globals, 8 P
gc 683 @35.759s 0%: 0.13+0.59+0.13 ms clock, 1.0+0.57/0.63/0+1.0 ms cpu, 3->3->1 MB, 4 MB goal, 0 MB stacks, 0 MB globals, 8 P
gc 684 @35.761s 0%: 0.12+0.51+0.086 ms clock, 0.97+0.72/0.62/0+0.69 ms cpu, 3->3->1 MB, 4 MB goal, 0 MB stacks, 0 MB globals, 8 P
gc 685 @35.764s 0%: 0.12+0.59+0.049 ms clock, 0.99+0.63/0.54/0+0.39 ms cpu, 3->3->1 MB, 4 MB goal, 0 MB stacks, 0 MB globals, 8 P
gc 686 @35.767s 0%: 0.12+0.56+0.098 ms clock, 0.99+0.69/0.63/0+0.78 ms cpu, 3->3->1 MB, 4 MB goal, 0 MB stacks, 0 MB globals, 8 P
gc 687 @35.770s 0%: 0.12+0.41+0.089 ms clock, 1.0+0.68/0.56/0+0.71 ms cpu, 3->3->1 MB, 4 MB goal, 0 MB stacks, 0 MB globals, 8 P
gc 688 @35.772s 0%: 0.076+0.50+0.078 ms clock, 0.61+0.64/0.61/0+0.62 ms cpu, 3->3->1 MB, 4 MB goal, 0 MB stacks, 0 MB globals, 8 P
gc 689 @35.775s 0%: 0.10+0.47+0.075 ms clock, 0.80+0.54/0.66/0+0.60 ms cpu, 3->3->1 MB, 4 MB goal, 0 MB stacks, 0 MB globals, 8 P
gc 690 @35.778s 0%: 0.10+0.51+0.050 ms clock, 0.81+0.64/0.57/0+0.40 ms cpu, 3->3->1 MB, 4 MB goal, 0 MB stacks, 0 MB globals, 8 P
gc 691 @35.781s 0%: 0.11+0.53+0.092 ms clock, 0.94+0.65/0.63/0+0.74 ms cpu, 3->3->1 MB, 4 MB goal, 0 MB stacks, 0 MB globals, 8 P
gc 692 @35.783s 0%: 0.10+0.58+0.090 ms clock, 0.80+0.69/0.58/0+0.72 ms cpu, 3->3->1 MB, 4 MB goal, 0 MB stacks, 0 MB globals, 8 P
gc 693 @35.786s 0%: 0.11+0.49+0.066 ms clock, 0.94+0.62/0.58/0+0.53 ms cpu, 3->3->1 MB, 4 MB goal, 0 MB stacks, 0 MB globals, 8 P
gc 694 @35.789s 0%: 0.097+0.52+0.11 ms clock, 0.78+0.66/0.63/0+0.90 ms cpu, 3->3->1 MB, 4 MB goal, 0 MB stacks, 0 MB globals, 8 P
gc 695 @35.792s 0%: 0.048+0.46+0.055 ms clock, 0.39+0.61/0.59/0+0.44 ms cpu, 3->3->1 MB, 4 MB goal, 0 MB stacks, 0 MB globals, 8 P
gc 696 @35.794s 0%: 0.14+0.45+0.12 ms clock, 1.1+0.61/0.60/0+0.99 ms cpu, 3->3->1 MB, 4 MB goal, 0 MB stacks, 0 MB globals, 8 P
gc 697 @35.797s 0%: 0.083+0.76+0.098 ms clock, 0.67+0.64/0.66/0+0.78 ms cpu, 3->3->1 MB, 4 MB goal, 0 MB stacks, 0 MB globals, 8 P
gc 698 @35.800s 0%: 0.081+0.67+0.052 ms clock, 0.65+0.62/0.66/0+0.42 ms cpu, 3->3->1 MB, 4 MB goal, 0 MB stacks, 0 MB globals, 8 P
gc 699 @35.803s 0%: 0.061+0.47+0.049 ms clock, 0.49+0.62/0.62/0+0.39 ms cpu, 3->3->1 MB, 4 MB goal, 0 MB stacks, 0 MB globals, 8 P
gc 700 @35.805s 0%: 0.13+0.54+0.12 ms clock, 1.0+0.63/0.62/0+0.97 ms cpu, 3->3->1 MB, 4 MB goal, 0 MB stacks, 0 MB globals, 8 P
gc 701 @35.808s 0%: 0.085+0.50+0.10 ms clock, 0.68+0.61/0.58/0+0.84 ms cpu, 3->3->1 MB, 4 MB goal, 0 MB stacks, 0 MB globals, 8 P
gc 702 @35.811s 0%: 0.14+0.59+0.11 ms clock, 1.1+0.68/0.71/0+0.95 ms cpu, 3->3->1 MB, 4 MB goal, 0 MB stacks, 0 MB globals, 8 P
gc 703 @35.814s 0%: 0.088+0.43+0.083 ms clock, 0.70+0.62/0.61/0+0.66 ms cpu, 3->3->1 MB, 4 MB goal, 0 MB stacks, 0 MB globals, 8 P
gc 704 @35.816s 0%: 0.087+0.91+0.12 ms clock, 0.70+0.78/0.62/0+0.96 ms cpu, 3->3->1 MB, 4 MB goal, 0 MB stacks, 0 MB globals, 8 P
gc 705 @35.819s 0%: 0.097+0.57+0.082 ms clock, 0.77+0.63/0.65/0+0.66 ms cpu, 3->3->1 MB, 4 MB goal, 0 MB stacks, 0 MB globals, 8 P
gc 706 @35.822s 0%: 0.10+0.74+0.094 ms clock, 0.87+1.0/0.61/0+0.75 ms cpu, 3->3->1 MB, 4 MB goal, 0 MB stacks, 0 MB globals, 8 P
gc 707 @35.825s 0%: 0.11+0.47+0.068 ms clock, 0.88+0.65/0.58/0+0.55 ms cpu, 3->3->1 MB, 4 MB goal, 0 MB stacks, 0 MB globals, 8 P
gc 708 @35.828s 0%: 0.074+0.68+0.043 ms clock, 0.59+0.47/0.69/0+0.34 ms cpu, 3->3->1 MB, 4 MB goal, 0 MB stacks, 0 MB globals, 8 P
gc 709 @35.831s 0%: 0.10+0.32+0.081 ms clock, 0.87+0.77/0.53/0+0.65 ms cpu, 3->3->1 MB, 4 MB goal, 0 MB stacks, 0 MB globals, 8 P
gc 710 @35.833s 0%: 0.062+0.38+0.029 ms clock, 0.49+0.66/0.55/0+0.23 ms cpu, 3->3->1 MB, 4 MB goal, 0 MB stacks, 0 MB globals, 8 P
gc 711 @35.836s 0%: 0.12+0.53+0.099 ms clock, 0.96+0.68/0.65/0+0.79 ms cpu, 3->3->1 MB, 4 MB goal, 0 MB stacks, 0 MB globals, 8 P
gc 712 @35.839s 0%: 0.11+0.41+0.081 ms clock, 0.91+0.67/0.62/0+0.64 ms cpu, 3->3->1 MB, 4 MB goal, 0 MB stacks, 0 MB globals, 8 P
gc 713 @35.841s 0%: 0.11+0.55+0.10 ms clock, 0.89+0.59/0.61/0+0.80 ms cpu, 3->3->1 MB, 4 MB goal, 0 MB stacks, 0 MB globals, 8 P
gc 714 @35.844s 0%: 0.11+0.45+0.091 ms clock, 0.92+0.70/0.58/0+0.72 ms cpu, 3->3->1 MB, 4 MB goal, 0 MB stacks, 0 MB globals, 8 P
gc 715 @35.847s 0%: 0.083+0.65+0.087 ms clock, 0.66+0.61/0.58/0+0.70 ms cpu, 3->3->1 MB, 4 MB goal, 0 MB stacks, 0 MB globals, 8 P
gc 716 @35.850s 0%: 0.074+0.39+0.066 ms clock, 0.59+0.58/0.62/0+0.53 ms cpu, 3->3->1 MB, 4 MB goal, 0 MB stacks, 0 MB globals, 8 P
gc 717 @35.853s 0%: 0.11+0.56+0.10 ms clock, 0.93+0.49/0.67/0+0.80 ms cpu, 3->3->1 MB, 4 MB goal, 0 MB stacks, 0 MB globals, 8 P
gc 718 @35.855s 0%: 0.089+0.70+0.11 ms clock, 0.71+0.65/0.57/0+0.93 ms cpu, 3->3->1 MB, 4 MB goal, 0 MB stacks, 0 MB globals, 8 P
gc 719 @35.858s 0%: 0.13+0.62+0.082 ms clock, 1.1+0.71/0.68/0+0.66 ms cpu, 3->3->1 MB, 4 MB goal, 0 MB stacks, 0 MB globals, 8 P
gc 720 @35.861s 0%: 0.059+0.51+0.096 ms clock, 0.47+0.64/0.72/0+0.77 ms cpu, 3->3->1 MB, 4 MB goal, 0 MB stacks, 0 MB globals, 8 P
gc 721 @35.864s 0%: 0.087+0.58+0.084 ms clock, 0.69+0.61/0.67/0+0.67 ms cpu, 3->3->1 MB, 4 MB goal, 0 MB stacks, 0 MB globals, 8 P
gc 722 @35.867s 0%: 0.075+0.51+0.054 ms clock, 0.60+0.70/0.67/0+0.43 ms cpu, 3->3->1 MB, 4 MB goal, 0 MB stacks, 0 MB globals, 8 P
gc 723 @35.869s 0%: 0.078+0.53+0.089 ms clock, 0.62+0.68/0.63/0+0.71 ms cpu, 3->3->1 MB, 4 MB goal, 0 MB stacks, 0 MB globals, 8 P
gc 724 @35.872s 0%: 0.11+0.55+0.046 ms clock, 0.91+0.72/0.61/0+0.37 ms cpu, 3->3->1 MB, 4 MB goal, 0 MB stacks, 0 MB globals, 8 P
gc 725 @35.875s 0%: 0.10+0.41+0.056 ms clock, 0.81+0.61/0.60/0+0.45 ms cpu, 3->3->1 MB, 4 MB goal, 0 MB stacks, 0 MB globals, 8 P
gc 726 @35.878s 0%: 0.11+0.49+0.058 ms clock, 0.90+0.69/0.56/0+0.46 ms cpu, 3->3->1 MB, 4 MB goal, 0 MB stacks, 0 MB globals, 8 P
gc 727 @35.880s 0%: 0.10+0.65+0.059 ms clock, 0.83+0.70/0.55/0+0.47 ms cpu, 3->3->1 MB, 4 MB goal, 0 MB stacks, 0 MB globals, 8 P
gc 728 @35.883s 0%: 0.15+0.49+0.099 ms clock, 1.2+0.54/0.61/0+0.79 ms cpu, 3->3->1 MB, 4 MB goal, 0 MB stacks, 0 MB globals, 8 P
gc 729 @35.886s 0%: 0.12+0.69+0.082 ms clock, 1.0+0.66/0.54/0+0.65 ms cpu, 3->3->1 MB, 4 MB goal, 0 MB stacks, 0 MB globals, 8 P
gc 730 @35.889s 0%: 0.11+0.93+0.090 ms clock, 0.91+0.65/0.60/0+0.72 ms cpu, 3->3->1 MB, 4 MB goal, 0 MB stacks, 0 MB globals, 8 P
gc 731 @35.891s 0%: 0.12+0.52+0.097 ms clock, 0.97+0.72/0.58/0+0.78 ms cpu, 3->3->1 MB, 4 MB goal, 0 MB stacks, 0 MB globals, 8 P
gc 732 @35.894s 0%: 0.070+0.47+0.10 ms clock, 0.56+0.59/0.53/0+0.80 ms cpu, 3->3->1 MB, 4 MB goal, 0 MB stacks, 0 MB globals, 8 P
gc 733 @35.897s 0%: 0.090+0.56+0.073 ms clock, 0.72+0.55/0.70/0+0.59 ms cpu, 3->3->1 MB, 4 MB goal, 0 MB stacks, 0 MB globals, 8 P
gc 734 @35.900s 0%: 0.11+0.39+0.10 ms clock, 0.93+0.73/0.53/0+0.85 ms cpu, 3->3->1 MB, 4 MB goal, 0 MB stacks, 0 MB globals, 8 P
gc 735 @35.903s 0%: 0.098+0.60+0.10 ms clock, 0.78+0.63/0.67/0+0.80 ms cpu, 3->3->1 MB, 4 MB goal, 0 MB stacks, 0 MB globals, 8 P
gc 736 @35.905s 0%: 0.12+0.47+0.069 ms clock, 1.0+0.69/0.57/0+0.55 ms cpu, 3->3->1 MB, 4 MB goal, 0 MB stacks, 0 MB globals, 8 P
gc 737 @35.908s 0%: 0.055+0.60+0.081 ms clock, 0.44+0.69/0.68/0+0.65 ms cpu, 3->3->1 MB, 4 MB goal, 0 MB stacks, 0 MB globals, 8 P
gc 738 @35.911s 0%: 0.12+0.52+0.071 ms clock, 1.0+0.64/0.65/0+0.57 ms cpu, 3->3->1 MB, 4 MB goal, 0 MB stacks, 0 MB globals, 8 P
gc 739 @35.914s 0%: 0.083+0.66+0.081 ms clock, 0.66+0.55/0.60/0+0.65 ms cpu, 3->3->1 MB, 4 MB goal, 0 MB stacks, 0 MB globals, 8 P
gc 740 @35.916s 0%: 0.10+0.57+0.10 ms clock, 0.87+0.70/0.57/0+0.85 ms cpu, 3->3->1 MB, 4 MB goal, 0 MB stacks, 0 MB globals, 8 P
gc 741 @35.919s 0%: 0.098+0.52+0.10 ms clock, 0.78+0.66/0.58/0+0.84 ms cpu, 3->3->1 MB, 4 MB goal, 0 MB stacks, 0 MB globals, 8 P
gc 742 @35.922s 0%: 0.10+0.64+0.063 ms clock, 0.86+0.69/0.56/0+0.50 ms cpu, 3->3->1 MB, 4 MB goal, 0 MB stacks, 0 MB globals, 8 P
gc 743 @35.925s 0%: 0.10+0.48+0.068 ms clock, 0.83+0.69/0.64/0+0.54 ms cpu, 3->3->1 MB, 4 MB goal, 0 MB stacks, 0 MB globals, 8 P
gc 744 @35.928s 0%: 0.11+0.48+0.084 ms clock, 0.88+0.68/0.59/0+0.67 ms cpu, 3->3->1 MB, 4 MB goal, 0 MB stacks, 0 MB globals, 8 P
gc 745 @35.930s 0%: 0.10+0.49+0.10 ms clock, 0.87+0.69/0.58/0+0.82 ms cpu, 3->3->1 MB, 4 MB goal, 0 MB stacks, 0 MB globals, 8 P
gc 746 @35.933s 0%: 0.077+0.56+0.079 ms clock, 0.62+0.68/0.60/0+0.63 ms cpu, 3->3->1 MB, 4 MB goal, 0 MB stacks, 0 MB globals, 8 P
gc 747 @35.936s 0%: 0.14+0.39+0.057 ms clock, 1.1+0.72/0.54/0+0.46 ms cpu, 3->3->1 MB, 4 MB goal, 0 MB stacks, 0 MB globals, 8 P
gc 748 @35.939s 0%: 0.093+0.78+0.052 ms clock, 0.75+0.69/0.59/0+0.42 ms cpu, 3->3->1 MB, 4 MB goal, 0 MB stacks, 0 MB globals, 8 P
gc 749 @35.942s 0%: 0.081+0.48+0.089 ms clock, 0.65+0.46/0.65/0+0.71 ms cpu, 3->3->1 MB, 4 MB goal, 0 MB stacks, 0 MB globals, 8 P
gc 750 @35.944s 0%: 0.10+0.48+0.051 ms clock, 0.85+0.65/0.57/0+0.41 ms cpu, 3->3->1 MB, 4 MB goal, 0 MB stacks, 0 MB globals, 8 P
gc 751 @35.947s 0%: 0.091+0.54+0.10 ms clock, 0.72+0.58/0.67/0+0.83 ms cpu, 3->3->1 MB, 4 MB goal, 0 MB stacks, 0 MB globals, 8 P
gc 752 @35.950s 0%: 0.10+0.47+0.054 ms clock, 0.81+0.64/0.58/0+0.43 ms cpu, 3->3->1 MB, 4 MB goal, 0 MB stacks, 0 MB globals, 8 P
gc 753 @35.953s 0%: 0.14+0.87+0.063 ms clock, 1.1+0.62/0.62/0+0.50 ms cpu, 3->3->1 MB, 4 MB goal, 0 MB stacks, 0 MB globals, 8 P
gc 754 @35.956s 0%: 0.078+0.49+0.055 ms clock, 0.62+0.70/0.60/0+0.44 ms cpu, 3->3->1 MB, 4 MB goal, 0 MB stacks, 0 MB globals, 8 P
gc 755 @35.958s 0%: 0.093+0.48+0.078 ms clock, 0.74+0.72/0.56/0+0.62 ms cpu, 3->3->1 MB, 4 MB goal, 0 MB stacks, 0 MB globals, 8 P
gc 756 @35.961s 0%: 0.091+0.68+0.039 ms clock, 0.73+0.46/0.61/0+0.31 ms cpu, 3->3->1 MB, 4 MB goal, 0 MB stacks, 0 MB globals, 8 P
gc 757 @35.964s 0%: 0.10+0.54+0.097 ms clock, 0.80+0.67/0.62/0+0.77 ms cpu, 3->3->1 MB, 4 MB goal, 0 MB stacks, 0 MB globals, 8 P
gc 758 @35.967s 0%: 0.075+0.89+0.10 ms clock, 0.60+0.65/0.54/0+0.81 ms cpu, 3->3->1 MB, 4 MB goal, 0 MB stacks, 0 MB globals, 8 P
gc 759 @35.969s 0%: 0.13+0.51+0.055 ms clock, 1.0+0.56/0.61/0+0.44 ms cpu, 3->3->1 MB, 4 MB goal, 0 MB stacks, 0 MB globals, 8 P
gc 760 @35.972s 0%: 0.069+0.45+0.067 ms clock, 0.55+0.62/0.50/0+0.53 ms cpu, 3->3->1 MB, 4 MB goal, 0 MB stacks, 0 MB globals, 8 P
gc 761 @35.975s 0%: 0.11+0.52+0.11 ms clock, 0.94+0.64/0.59/0+0.92 ms cpu, 3->3->1 MB, 4 MB goal, 0 MB stacks, 0 MB globals, 8 P
gc 762 @35.978s 0%: 0.088+0.49+0.048 ms clock, 0.70+0.68/0.60/0+0.38 ms cpu, 3->3->1 MB, 4 MB goal, 0 MB stacks, 0 MB globals, 8 P
gc 763 @35.981s 0%: 0.097+0.53+0.092 ms clock, 0.77+0.61/0.71/0+0.73 ms cpu, 3->3->1 MB, 4 MB goal, 0 MB stacks, 0 MB globals, 8 P
gc 764 @35.983s 0%: 0.083+0.45+0.086 ms clock, 0.67+0.64/0.60/0+0.69 ms cpu, 3->3->1 MB, 4 MB goal, 0 MB stacks, 0 MB globals, 8 P
gc 765 @35.986s 0%: 0.10+0.62+0.081 ms clock, 0.82+0.72/0.69/0+0.65 ms cpu, 3->3->1 MB, 4 MB goal, 0 MB stacks, 0 MB globals, 8 P
gc 766 @35.989s 0%: 0.10+0.50+0.10 ms clock, 0.87+0.68/0.56/0+0.84 ms cpu, 3->3->1 MB, 4 MB goal, 0 MB stacks, 0 MB globals, 8 P
gc 767 @35.992s 0%: 0.073+0.44+0.040 ms clock, 0.58+0.72/0.56/0+0.32 ms cpu, 3->3->1 MB, 4 MB goal, 0 MB stacks, 0 MB globals, 8 P
gc 768 @35.994s 0%: 0.092+0.52+0.10 ms clock, 0.74+0.62/0.55/0+0.85 ms cpu, 3->3->1 MB, 4 MB goal, 0 MB stacks, 0 MB globals, 8 P
gc 769 @35.997s 0%: 0.057+0.66+0.092 ms clock, 0.46+0.58/0.79/0+0.74 ms cpu, 3->3->1 MB, 4 MB goal, 0 MB stacks, 0 MB globals, 8 P
gc 770 @36.000s 0%: 0.10+0.45+0.10 ms clock, 0.87+0.68/0.53/0+0.82 ms cpu, 3->3->1 MB, 4 MB goal, 0 MB stacks, 0 MB globals, 8 P
gc 771 @36.003s 0%: 0.14+0.48+0.057 ms clock, 1.1+0.68/0.61/0+0.45 ms cpu, 3->3->1 MB, 4 MB goal, 0 MB stacks, 0 MB globals, 8 P
gc 772 @36.005s 0%: 0.16+0.47+0.062 ms clock, 1.3+0.65/0.60/0+0.49 ms cpu, 3->3->1 MB, 4 MB goal, 0 MB stacks, 0 MB globals, 8 P
gc 773 @36.008s 0%: 0.12+0.48+0.075 ms clock, 1.0+0.60/0.70/0+0.60 ms cpu, 3->3->1 MB, 4 MB goal, 0 MB stacks, 0 MB globals, 8 P
gc 774 @36.011s 0%: 0.070+0.55+0.097 ms clock, 0.56+0.63/0.56/0+0.78 ms cpu, 3->3->1 MB, 4 MB goal, 0 MB stacks, 0 MB globals, 8 P
gc 775 @36.014s 0%: 0.12+0.74+0.11 ms clock, 0.98+0.56/0.61/0+0.89 ms cpu, 3->3->1 MB, 4 MB goal, 0 MB stacks, 0 MB globals, 8 P
gc 776 @36.016s 0%: 0.11+0.40+0.084 ms clock, 0.89+0.72/0.57/0+0.67 ms cpu, 3->3->1 MB, 4 MB goal, 0 MB stacks, 0 MB globals, 8 P
gc 777 @36.019s 0%: 0.12+0.54+0.090 ms clock, 0.99+0.60/0.62/0+0.72 ms cpu, 3->3->1 MB, 4 MB goal, 0 MB stacks, 0 MB globals, 8 P
gc 778 @36.022s 0%: 0.10+0.44+0.041 ms clock, 0.82+0.54/0.57/0+0.33 ms cpu, 3->3->1 MB, 4 MB goal, 0 MB stacks, 0 MB globals, 8 P
gc 779 @36.025s 0%: 0.10+0.79+0.061 ms clock, 0.85+0.69/0.54/0+0.49 ms cpu, 3->3->1 MB, 4 MB goal, 0 MB stacks, 0 MB globals, 8 P
gc 780 @36.028s 0%: 0.081+0.54+0.078 ms clock, 0.65+0.69/0.61/0+0.62 ms cpu, 3->3->1 MB, 4 MB goal, 0 MB stacks, 0 MB globals, 8 P
gc 781 @36.030s 0%: 0.10+0.54+0.073 ms clock, 0.86+0.74/0.53/0+0.58 ms cpu, 3->3->1 MB, 4 MB goal, 0 MB stacks, 0 MB globals, 8 P
gc 782 @36.033s 0%: 0.066+0.56+0.10 ms clock, 0.53+0.59/0.60/0+0.83 ms cpu, 3->3->1 MB, 4 MB goal, 0 MB stacks, 0 MB globals, 8 P
gc 783 @36.036s 0%: 0.084+0.82+0.087 ms clock, 0.67+0.68/0.50/0+0.69 ms cpu, 3->3->1 MB, 4 MB goal, 0 MB stacks, 0 MB globals, 8 P
gc 784 @36.039s 0%: 0.093+0.46+0.069 ms clock, 0.75+0.69/0.56/0+0.55 ms cpu, 3->3->1 MB, 4 MB goal, 0 MB stacks, 0 MB globals, 8 P
gc 785 @36.041s 0%: 0.10+0.58+0.11 ms clock, 0.81+0.67/0.58/0+0.93 ms cpu, 3->3->1 MB, 4 MB goal, 0 MB stacks, 0 MB globals, 8 P
gc 786 @36.044s 0%: 0.065+0.60+0.074 ms clock, 0.52+0.65/0.61/0+0.59 ms cpu, 3->3->1 MB, 4 MB goal, 0 MB stacks, 0 MB globals, 8 P
gc 787 @36.047s 0%: 0.087+0.59+0.085 ms clock, 0.69+0.57/0.65/0+0.68 ms cpu, 3->3->1 MB, 4 MB goal, 0 MB stacks, 0 MB globals, 8 P
gc 788 @36.050s 0%: 0.060+0.59+0.10 ms clock, 0.48+0.70/0.76/0+0.81 ms cpu, 3->3->1 MB, 4 MB goal, 0 MB stacks, 0 MB globals, 8 P
gc 789 @36.053s 0%: 0.079+0.69+0.077 ms clock, 0.63+0.71/0.65/0+0.61 ms cpu, 3->3->1 MB, 4 MB goal, 0 MB stacks, 0 MB globals, 8 P
gc 790 @36.056s 0%: 0.10+0.39+0.094 ms clock, 0.80+0.61/0.53/0+0.75 ms cpu, 3->3->1 MB, 4 MB goal, 0 MB stacks, 0 MB globals, 8 P
gc 791 @36.058s 0%: 0.055+0.62+0.073 ms clock, 0.44+0.65/0.53/0+0.58 ms cpu, 3->3->1 MB, 4 MB goal, 0 MB stacks, 0 MB globals, 8 P
gc 792 @36.061s 0%: 0.086+0.74+0.097 ms clock, 0.68+0.67/0.60/0+0.77 ms cpu, 3->3->1 MB, 4 MB goal, 0 MB stacks, 0 MB globals, 8 P
gc 793 @36.064s 0%: 0.067+0.45+0.086 ms clock, 0.54+0.71/0.57/0+0.69 ms cpu, 3->3->1 MB, 4 MB goal, 0 MB stacks, 0 MB globals, 8 P
gc 794 @36.067s 0%: 0.085+0.40+0.094 ms clock, 0.68+0.64/0.52/0+0.75 ms cpu, 3->3->1 MB, 4 MB goal, 0 MB stacks, 0 MB globals, 8 P
gc 795 @36.069s 0%: 0.13+0.57+0.10 ms clock, 1.0+0.50/0.71/0+0.82 ms cpu, 3->3->1 MB, 4 MB goal, 0 MB stacks, 0 MB globals, 8 P
gc 796 @36.072s 0%: 0.11+0.77+0.085 ms clock, 0.90+1.1/0.58/0+0.68 ms cpu, 3->3->1 MB, 4 MB goal, 0 MB stacks, 0 MB globals, 8 P
gc 797 @36.075s 0%: 0.093+0.58+0.056 ms clock, 0.74+0.59/0.65/0+0.45 ms cpu, 3->3->1 MB, 4 MB goal, 0 MB stacks, 0 MB globals, 8 P
gc 798 @36.078s 0%: 0.11+0.82+0.087 ms clock, 0.90+0.74/0.58/0+0.70 ms cpu, 3->3->1 MB, 4 MB goal, 0 MB stacks, 0 MB globals, 8 P
gc 799 @36.081s 0%: 0.12+0.42+0.15 ms clock, 1.0+0.61/0.60/0+1.2 ms cpu, 3->3->1 MB, 4 MB goal, 0 MB stacks, 0 MB globals, 8 P
gc 800 @36.083s 0%: 0.094+0.45+0.059 ms clock, 0.75+0.70/0.58/0+0.47 ms cpu, 3->3->1 MB, 4 MB goal, 0 MB stacks, 0 MB globals, 8 P
gc 801 @36.086s 0%: 0.11+0.97+0.14 ms clock, 0.92+0.56/0.66/0+1.1 ms cpu, 3->3->1 MB, 4 MB goal, 0 MB stacks, 0 MB globals, 8 P
gc 802 @36.089s 0%: 0.098+0.79+0.077 ms clock, 0.78+0.72/0.59/0+0.61 ms cpu, 3->3->1 MB, 4 MB goal, 0 MB stacks, 0 MB globals, 8 P
gc 803 @36.092s 0%: 0.14+0.49+0.091 ms clock, 1.1+0.60/0.60/0+0.73 ms cpu, 3->3->1 MB, 4 MB goal, 0 MB stacks, 0 MB globals, 8 P
gc 804 @36.095s 0%: 0.076+0.50+0.10 ms clock, 0.61+0.62/0.61/0+0.84 ms cpu, 3->3->1 MB, 4 MB goal, 0 MB stacks, 0 MB globals, 8 P
gc 805 @36.098s 0%: 0.076+0.89+0.052 ms clock, 0.61+0.75/0.55/0+0.42 ms cpu, 3->3->1 MB, 4 MB goal, 0 MB stacks, 0 MB globals, 8 P
gc 806 @36.100s 0%: 0.12+0.58+0.074 ms clock, 0.99+0.66/0.66/0+0.59 ms cpu, 3->3->1 MB, 4 MB goal, 0 MB stacks, 0 MB globals, 8 P
gc 807 @36.103s 0%: 0.087+0.52+0.069 ms clock, 0.69+0.58/0.53/0+0.55 ms cpu, 3->3->1 MB, 4 MB goal, 0 MB stacks, 0 MB globals, 8 P
gc 808 @36.106s 0%: 0.089+0.54+0.091 ms clock, 0.71+0.70/0.69/0+0.73 ms cpu, 3->3->1 MB, 4 MB goal, 0 MB stacks, 0 MB globals, 8 P
gc 809 @36.109s 0%: 0.10+0.46+0.071 ms clock, 0.83+0.66/0.58/0+0.56 ms cpu, 3->3->1 MB, 4 MB goal, 0 MB stacks, 0 MB globals, 8 P
gc 810 @36.111s 0%: 0.11+0.59+0.087 ms clock, 0.92+0.69/0.75/0+0.70 ms cpu, 3->3->1 MB, 4 MB goal, 0 MB stacks, 0 MB globals, 8 P
gc 811 @36.114s 0%: 0.11+0.61+0.095 ms clock, 0.88+0.60/0.77/0+0.76 ms cpu, 3->3->1 MB, 4 MB goal, 0 MB stacks, 0 MB globals, 8 P
gc 812 @36.117s 0%: 0.098+0.82+0.10 ms clock, 0.79+0.50/0.70/0+0.80 ms cpu, 3->3->1 MB, 4 MB goal, 0 MB stacks, 0 MB globals, 8 P
gc 813 @36.120s 0%: 0.10+0.56+0.078 ms clock, 0.86+0.66/0.62/0+0.62 ms cpu, 3->3->1 MB, 4 MB goal, 0 MB stacks, 0 MB globals, 8 P
gc 814 @36.123s 0%: 0.097+0.51+0.081 ms clock, 0.78+0.59/0.63/0+0.65 ms cpu, 3->3->1 MB, 4 MB goal, 0 MB stacks, 0 MB globals, 8 P
gc 815 @36.126s 0%: 0.090+0.59+0.10 ms clock, 0.72+0.61/0.56/0+0.80 ms cpu, 3->3->1 MB, 4 MB goal, 0 MB stacks, 0 MB globals, 8 P
gc 816 @36.128s 0%: 0.12+0.86+0.075 ms clock, 0.99+0.60/0.61/0+0.60 ms cpu, 3->3->1 MB, 4 MB goal, 0 MB stacks, 0 MB globals, 8 P
gc 817 @36.131s 0%: 0.10+0.49+0.086 ms clock, 0.86+0.72/0.59/0+0.69 ms cpu, 3->3->1 MB, 4 MB goal, 0 MB stacks, 0 MB globals, 8 P
gc 818 @36.134s 0%: 0.11+0.81+0.099 ms clock, 0.90+0.67/0.55/0+0.79 ms cpu, 3->3->1 MB, 4 MB goal, 0 MB stacks, 0 MB globals, 8 P
gc 819 @36.137s 0%: 0.11+0.47+0.094 ms clock, 0.94+0.43/0.55/0+0.75 ms cpu, 3->3->1 MB, 4 MB goal, 0 MB stacks, 0 MB globals, 8 P
gc 820 @36.140s 0%: 0.12+0.55+0.076 ms clock, 0.96+0.68/0.69/0+0.61 ms cpu, 3->3->1 MB, 4 MB goal, 0 MB stacks, 0 MB globals, 8 P
gc 821 @36.142s 0%: 0.13+0.59+0.10 ms clock, 1.0+0.58/0.67/0+0.82 ms cpu, 3->3->1 MB, 4 MB goal, 0 MB stacks, 0 MB globals, 8 P
gc 822 @36.145s 0%: 0.12+0.56+0.094 ms clock, 0.96+0.75/0.65/0+0.75 ms cpu, 3->3->1 MB, 4 MB goal, 0 MB stacks, 0 MB globals, 8 P
gc 823 @36.148s 0%: 0.12+1.0+0.066 ms clock, 1.0+0.61/0.65/0+0.53 ms cpu, 3->3->1 MB, 4 MB goal, 0 MB stacks, 0 MB globals, 8 P
gc 824 @36.151s 0%: 0.12+0.54+0.094 ms clock, 0.96+0.52/0.62/0+0.75 ms cpu, 3->3->1 MB, 4 MB goal, 0 MB stacks, 0 MB globals, 8 P
gc 825 @36.154s 0%: 0.096+0.50+0.075 ms clock, 0.77+0.66/0.58/0+0.60 ms cpu, 3->3->1 MB, 4 MB goal, 0 MB stacks, 0 MB globals, 8 P
gc 826 @36.157s 0%: 0.11+0.51+0.10 ms clock, 0.88+0.68/0.59/0+0.83 ms cpu, 3->3->1 MB, 4 MB goal, 0 MB stacks, 0 MB globals, 8 P
gc 827 @36.159s 0%: 0.091+0.46+0.061 ms clock, 0.72+0.58/0.55/0+0.49 ms cpu, 3->3->1 MB, 4 MB goal, 0 MB stacks, 0 MB globals, 8 P
gc 828 @36.162s 0%: 0.081+0.45+0.10 ms clock, 0.65+0.53/0.62/0+0.80 ms cpu, 3->3->1 MB, 4 MB goal, 0 MB stacks, 0 MB globals, 8 P
gc 829 @36.165s 0%: 0.11+0.85+0.092 ms clock, 0.93+0.54/0.58/0+0.73 ms cpu, 3->3->1 MB, 4 MB goal, 0 MB stacks, 0 MB globals, 8 P
gc 830 @36.168s 0%: 0.11+0.63+0.10 ms clock, 0.95+0.70/0.49/0+0.80 ms cpu, 3->3->1 MB, 4 MB goal, 0 MB stacks, 0 MB globals, 8 P
gc 831 @36.171s 0%: 0.084+0.46+0.11 ms clock, 0.67+0.78/0.55/0+0.89 ms cpu, 3->3->1 MB, 4 MB goal, 0 MB stacks, 0 MB globals, 8 P
gc 832 @36.173s 0%: 0.10+0.58+0.094 ms clock, 0.82+0.99/0.65/0+0.75 ms cpu, 3->3->1 MB, 4 MB goal, 0 MB stacks, 0 MB globals, 8 P
gc 833 @36.176s 0%: 0.099+0.96+0.084 ms clock, 0.79+0.54/0.58/0+0.67 ms cpu, 3->3->1 MB, 4 MB goal, 0 MB stacks, 0 MB globals, 8 P
gc 834 @36.179s 0%: 0.11+0.54+0.10 ms clock, 0.95+0.70/0.64/0+0.83 ms cpu, 3->3->1 MB, 4 MB goal, 0 MB stacks, 0 MB globals, 8 P
gc 835 @36.182s 0%: 0.10+0.65+0.069 ms clock, 0.85+0.68/0.54/0+0.55 ms cpu, 3->3->1 MB, 4 MB goal, 0 MB stacks, 0 MB globals, 8 P
gc 836 @36.185s 0%: 0.089+0.52+0.033 ms clock, 0.71+0.66/0.66/0+0.27 ms cpu, 3->3->1 MB, 4 MB goal, 0 MB stacks, 0 MB globals, 8 P
gc 837 @36.187s 0%: 0.10+0.52+0.11 ms clock, 0.83+0.62/0.55/0+0.91 ms cpu, 3->3->1 MB, 4 MB goal, 0 MB stacks, 0 MB globals, 8 P
gc 838 @36.190s 0%: 0.067+0.52+0.12 ms clock, 0.53+0.55/0.61/0+1.0 ms cpu, 3->3->1 MB, 4 MB goal, 0 MB stacks, 0 MB globals, 8 P
gc 839 @36.193s 0%: 0.10+0.78+0.070 ms clock, 0.82+0.70/0.51/0+0.56 ms cpu, 3->3->1 MB, 4 MB goal, 0 MB stacks, 0 MB globals, 8 P
gc 840 @36.196s 0%: 0.067+0.42+0.097 ms clock, 0.53+0.69/0.46/0+0.77 ms cpu, 3->3->1 MB, 4 MB goal, 0 MB stacks, 0 MB globals, 8 P
gc 841 @36.199s 0%: 0.10+0.41+0.088 ms clock, 0.82+0.69/0.54/0+0.70 ms cpu, 3->3->1 MB, 4 MB goal, 0 MB stacks, 0 MB globals, 8 P
gc 842 @36.201s 0%: 0.097+0.45+0.088 ms clock, 0.78+0.68/0.59/0+0.71 ms cpu, 3->3->1 MB, 4 MB goal, 0 MB stacks, 0 MB globals, 8 P
gc 843 @36.204s 0%: 0.090+0.64+0.13 ms clock, 0.72+0.73/0.55/0+1.0 ms cpu, 3->3->1 MB, 4 MB goal, 0 MB stacks, 0 MB globals, 8 P
gc 844 @36.207s 0%: 0.088+0.61+0.11 ms clock, 0.70+0.54/0.65/0+0.94 ms cpu, 3->3->1 MB, 4 MB goal, 0 MB stacks, 0 MB globals, 8 P
gc 845 @36.210s 0%: 0.076+0.72+0.078 ms clock, 0.61+0.57/0.57/0+0.62 ms cpu, 3->3->1 MB, 4 MB goal, 0 MB stacks, 0 MB globals, 8 P
gc 846 @36.213s 0%: 0.13+0.42+0.092 ms clock, 1.0+0.79/0.45/0+0.73 ms cpu, 3->3->1 MB, 4 MB goal, 0 MB stacks, 0 MB globals, 8 P
gc 847 @36.215s 0%: 0.10+0.77+0.10 ms clock, 0.81+0.56/0.58/0+0.87 ms cpu, 3->3->1 MB, 4 MB goal, 0 MB stacks, 0 MB globals, 8 P
gc 848 @36.218s 0%: 0.10+0.50+0.10 ms clock, 0.82+0.64/0.58/0+0.86 ms cpu, 3->3->1 MB, 4 MB goal, 0 MB stacks, 0 MB globals, 8 P
gc 849 @36.221s 0%: 0.10+0.48+0.063 ms clock, 0.82+0.70/0.59/0+0.50 ms cpu, 3->3->1 MB, 4 MB goal, 0 MB stacks, 0 MB globals, 8 P
gc 850 @36.223s 0%: 0.11+0.55+0.047 ms clock, 0.91+0.64/0.59/0+0.37 ms cpu, 3->3->1 MB, 4 MB goal, 0 MB stacks, 0 MB globals, 8 P
gc 851 @36.226s 0%: 0.096+0.89+0.082 ms clock, 0.76+0.64/0.63/0+0.66 ms cpu, 3->3->1 MB, 4 MB goal, 0 MB stacks, 0 MB globals, 8 P
gc 852 @36.229s 0%: 0.090+0.70+0.10 ms clock, 0.72+0.67/0.58/0+0.85 ms cpu, 3->3->1 MB, 4 MB goal, 0 MB stacks, 0 MB globals, 8 P
gc 853 @36.232s 0%: 0.10+0.48+0.11 ms clock, 0.82+0.72/0.54/0+0.92 ms cpu, 3->3->1 MB, 4 MB goal, 0 MB stacks, 0 MB globals, 8 P
gc 854 @36.235s 0%: 0.10+0.49+0.099 ms clock, 0.86+0.74/0.55/0+0.79 ms cpu, 3->3->1 MB, 4 MB goal, 0 MB stacks, 0 MB globals, 8 P
gc 855 @36.238s 0%: 0.086+0.44+0.085 ms clock, 0.69+0.74/0.60/0+0.68 ms cpu, 3->3->1 MB, 4 MB goal, 0 MB stacks, 0 MB globals, 8 P
gc 856 @36.240s 0%: 0.095+0.91+0.11 ms clock, 0.76+0.42/0.65/0+0.94 ms cpu, 3->3->1 MB, 4 MB goal, 0 MB stacks, 0 MB globals, 8 P
gc 857 @36.243s 0%: 0.093+0.47+0.075 ms clock, 0.74+0.67/0.52/0+0.60 ms cpu, 3->3->1 MB, 4 MB goal, 0 MB stacks, 0 MB globals, 8 P
gc 858 @36.246s 0%: 0.10+0.52+0.093 ms clock, 0.85+0.59/0.64/0+0.74 ms cpu, 3->3->1 MB, 4 MB goal, 0 MB stacks, 0 MB globals, 8 P
gc 859 @36.249s 0%: 0.10+0.48+0.070 ms clock, 0.82+0.68/0.51/0+0.56 ms cpu, 3->3->1 MB, 4 MB goal, 0 MB stacks, 0 MB globals, 8 P
gc 860 @36.251s 0%: 0.10+0.49+0.067 ms clock, 0.83+0.65/0.64/0+0.53 ms cpu, 3->3->1 MB, 4 MB goal, 0 MB stacks, 0 MB globals, 8 P
gc 861 @36.254s 0%: 0.091+0.87+0.10 ms clock, 0.73+0.65/0.77/0+0.82 ms cpu, 3->3->1 MB, 4 MB goal, 0 MB stacks, 0 MB globals, 8 P
gc 862 @36.257s 0%: 0.10+0.48+0.049 ms clock, 0.85+0.61/0.58/0.064+0.39 ms cpu, 3->3->1 MB, 4 MB goal, 0 MB stacks, 0 MB globals, 8 P
gc 863 @36.260s 0%: 0.060+0.88+0.10 ms clock, 0.48+0.72/0.62/0+0.80 ms cpu, 3->3->1 MB, 4 MB goal, 0 MB stacks, 0 MB globals, 8 P
gc 864 @36.263s 0%: 0.10+0.66+0.096 ms clock, 0.87+0.60/0.70/0+0.77 ms cpu, 3->3->1 MB, 4 MB goal, 0 MB stacks, 0 MB globals, 8 P
gc 865 @36.265s 0%: 0.10+0.70+0.10 ms clock, 0.83+0.57/0.67/0+0.82 ms cpu, 3->3->1 MB, 4 MB goal, 0 MB stacks, 0 MB globals, 8 P
gc 866 @36.268s 0%: 0.15+0.66+0.10 ms clock, 1.2+0.70/0.56/0+0.80 ms cpu, 3->3->1 MB, 4 MB goal, 0 MB stacks, 0 MB globals, 8 P
gc 867 @36.271s 0%: 0.12+0.60+0.042 ms clock, 0.99+0.74/0.49/0+0.34 ms cpu, 3->3->1 MB, 4 MB goal, 0 MB stacks, 0 MB globals, 8 P
gc 868 @36.274s 0%: 0.10+0.58+0.083 ms clock, 0.86+0.64/0.66/0+0.66 ms cpu, 3->3->1 MB, 4 MB goal, 0 MB stacks, 0 MB globals, 8 P
gc 869 @36.277s 0%: 0.10+0.54+0.089 ms clock, 0.83+0.64/0.62/0+0.71 ms cpu, 3->3->1 MB, 4 MB goal, 0 MB stacks, 0 MB globals, 8 P
gc 870 @36.280s 0%: 0.14+0.52+0.050 ms clock, 1.1+0.70/0.55/0+0.40 ms cpu, 3->3->1 MB, 4 MB goal, 0 MB stacks, 0 MB globals, 8 P
gc 871 @36.283s 0%: 0.067+0.69+0.077 ms clock, 0.53+0.65/0.71/0+0.61 ms cpu, 3->3->1 MB, 4 MB goal, 0 MB stacks, 0 MB globals, 8 P
gc 872 @36.285s 0%: 0.079+0.73+0.085 ms clock, 0.63+0.75/0.65/0+0.68 ms cpu, 3->3->1 MB, 4 MB goal, 0 MB stacks, 0 MB globals, 8 P
gc 873 @36.288s 0%: 0.10+0.52+0.11 ms clock, 0.80+0.64/0.60/0+0.88 ms cpu, 3->3->1 MB, 4 MB goal, 0 MB stacks, 0 MB globals, 8 P
gc 874 @36.291s 0%: 0.11+0.71+0.096 ms clock, 0.91+0.59/0.69/0+0.77 ms cpu, 3->3->1 MB, 4 MB goal, 0 MB stacks, 0 MB globals, 8 P
gc 875 @36.294s 0%: 0.077+1.0+0.021 ms clock, 0.62+0.55/0.66/0+0.17 ms cpu, 3->3->1 MB, 4 MB goal, 0 MB stacks, 0 MB globals, 8 P
gc 876 @36.297s 0%: 0.11+0.42+0.067 ms clock, 0.91+0.56/0.55/0+0.54 ms cpu, 3->3->1 MB, 4 MB goal, 0 MB stacks, 0 MB globals, 8 P
gc 877 @36.299s 0%: 0.065+0.59+0.075 ms clock, 0.52+0.58/0.57/0+0.60 ms cpu, 3->3->1 MB, 4 MB goal, 0 MB stacks, 0 MB globals, 8 P
gc 878 @36.302s 0%: 0.092+0.44+0.10 ms clock, 0.74+0.66/0.64/0+0.86 ms cpu, 3->3->1 MB, 4 MB goal, 0 MB stacks, 0 MB globals, 8 P
gc 879 @36.305s 0%: 0.087+0.58+0.071 ms clock, 0.69+0.59/0.66/0+0.57 ms cpu, 3->3->1 MB, 4 MB goal, 0 MB stacks, 0 MB globals, 8 P
gc 880 @36.308s 0%: 0.10+0.55+0.091 ms clock, 0.85+0.61/0.59/0+0.73 ms cpu, 3->3->1 MB, 4 MB goal, 0 MB stacks, 0 MB globals, 8 P
gc 881 @36.311s 0%: 0.082+0.53+0.12 ms clock, 0.65+0.65/0.64/0+0.97 ms cpu, 3->3->1 MB, 4 MB goal, 0 MB stacks, 0 MB globals, 8 P
gc 882 @36.313s 0%: 0.080+0.47+0.12 ms clock, 0.64+0.76/0.54/0+0.98 ms cpu, 3->3->1 MB, 4 MB goal, 0 MB stacks, 0 MB globals, 8 P
gc 883 @36.316s 0%: 0.095+0.48+0.082 ms clock, 0.76+0.67/0.53/0.019+0.66 ms cpu, 3->3->1 MB, 4 MB goal, 0 MB stacks, 0 MB globals, 8 P
gc 884 @36.319s 0%: 0.075+0.68+0.091 ms clock, 0.60+0.66/0.64/0+0.72 ms cpu, 3->3->1 MB, 4 MB goal, 0 MB stacks, 0 MB globals, 8 P
gc 885 @36.322s 0%: 0.062+0.48+0.093 ms clock, 0.50+0.74/0.63/0+0.75 ms cpu, 3->3->1 MB, 4 MB goal, 0 MB stacks, 0 MB globals, 8 P
gc 886 @36.325s 0%: 0.070+0.79+0.11 ms clock, 0.56+0.73/0.59/0+0.92 ms cpu, 3->3->1 MB, 4 MB goal, 0 MB stacks, 0 MB globals, 8 P
gc 887 @36.327s 0%: 0.11+0.66+0.10 ms clock, 0.94+0.56/0.55/0+0.87 ms cpu, 3->3->1 MB, 4 MB goal, 0 MB stacks, 0 MB globals, 8 P
gc 888 @36.330s 0%: 0.14+0.55+0.098 ms clock, 1.1+0.69/0.56/0+0.78 ms cpu, 3->3->1 MB, 4 MB goal, 0 MB stacks, 0 MB globals, 8 P
gc 889 @36.333s 0%: 0.059+0.52+0.050 ms clock, 0.47+0.68/0.59/0+0.40 ms cpu, 3->3->1 MB, 4 MB goal, 0 MB stacks, 0 MB globals, 8 P
gc 890 @36.336s 0%: 0.10+0.76+0.12 ms clock, 0.80+0.71/0.60/0+0.97 ms cpu, 3->3->1 MB, 4 MB goal, 0 MB stacks, 0 MB globals, 8 P
gc 891 @36.339s 0%: 0.10+0.53+0.089 ms clock, 0.82+0.56/0.57/0.072+0.71 ms cpu, 3->3->1 MB, 4 MB goal, 0 MB stacks, 0 MB globals, 8 P
gc 892 @36.341s 0%: 0.086+0.52+0.096 ms clock, 0.69+0.75/0.63/0+0.77 ms cpu, 3->3->1 MB, 4 MB goal, 0 MB stacks, 0 MB globals, 8 P
gc 893 @36.344s 0%: 0.10+0.50+0.091 ms clock, 0.81+0.64/0.61/0+0.73 ms cpu, 3->3->1 MB, 4 MB goal, 0 MB stacks, 0 MB globals, 8 P
gc 894 @36.347s 0%: 0.098+0.77+0.043 ms clock, 0.78+0.68/0.52/0+0.34 ms cpu, 3->3->1 MB, 4 MB goal, 0 MB stacks, 0 MB globals, 8 P
gc 895 @36.350s 0%: 0.10+0.50+0.085 ms clock, 0.80+0.68/0.60/0+0.68 ms cpu, 3->3->1 MB, 4 MB goal, 0 MB stacks, 0 MB globals, 8 P
gc 896 @36.352s 0%: 0.079+0.52+0.086 ms clock, 0.63+0.69/0.64/0+0.69 ms cpu, 3->3->1 MB, 4 MB goal, 0 MB stacks, 0 MB globals, 8 P
gc 897 @36.355s 0%: 0.093+0.57+0.070 ms clock, 0.74+0.59/0.68/0+0.56 ms cpu, 3->3->1 MB, 4 MB goal, 0 MB stacks, 0 MB globals, 8 P
gc 898 @36.358s 0%: 0.084+0.76+0.14 ms clock, 0.67+0.60/0.61/0+1.1 ms cpu, 3->3->1 MB, 4 MB goal, 0 MB stacks, 0 MB globals, 8 P
gc 899 @36.361s 0%: 0.11+0.97+0.10 ms clock, 0.89+0.58/0.63/0+0.80 ms cpu, 3->3->1 MB, 4 MB goal, 0 MB stacks, 0 MB globals, 8 P
gc 900 @36.364s 0%: 0.10+0.58+0.10 ms clock, 0.82+0.67/0.62/0+0.81 ms cpu, 3->3->1 MB, 4 MB goal, 0 MB stacks, 0 MB globals, 8 P
gc 901 @36.366s 0%: 0.090+0.47+0.050 ms clock, 0.72+0.73/0.54/0+0.40 ms cpu, 3->3->1 MB, 4 MB goal, 0 MB stacks, 0 MB globals, 8 P
gc 902 @36.369s 0%: 0.095+0.48+0.065 ms clock, 0.76+0.77/0.59/0+0.52 ms cpu, 3->3->1 MB, 4 MB goal, 0 MB stacks, 0 MB globals, 8 P
gc 903 @36.372s 0%: 0.11+0.56+0.039 ms clock, 0.90+0.70/0.62/0+0.31 ms cpu, 3->3->1 MB, 4 MB goal, 0 MB stacks, 0 MB globals, 8 P
gc 904 @36.375s 0%: 0.10+0.84+0.080 ms clock, 0.80+0.60/0.68/0+0.64 ms cpu, 3->3->1 MB, 4 MB goal, 0 MB stacks, 0 MB globals, 8 P
gc 905 @36.378s 0%: 0.11+0.46+0.12 ms clock, 0.91+0.63/0.61/0+1.0 ms cpu, 3->3->1 MB, 4 MB goal, 0 MB stacks, 0 MB globals, 8 P
gc 906 @36.380s 0%: 0.090+0.50+0.094 ms clock, 0.72+0.58/0.62/0+0.75 ms cpu, 3->3->1 MB, 4 MB goal, 0 MB stacks, 0 MB globals, 8 P
gc 907 @36.383s 0%: 0.098+0.47+0.11 ms clock, 0.78+0.64/0.51/0+0.91 ms cpu, 3->3->1 MB, 4 MB goal, 0 MB stacks, 0 MB globals, 8 P
gc 908 @36.386s 0%: 0.13+0.54+0.10 ms clock, 1.0+0.53/0.68/0+0.81 ms cpu, 3->3->1 MB, 4 MB goal, 0 MB stacks, 0 MB globals, 8 P
gc 909 @36.389s 0%: 0.13+0.69+0.046 ms clock, 1.1+0.65/0.63/0+0.37 ms cpu, 3->3->1 MB, 4 MB goal, 0 MB stacks, 0 MB globals, 8 P
gc 910 @36.392s 0%: 0.079+0.54+0.082 ms clock, 0.63+0.69/0.55/0+0.66 ms cpu, 3->3->1 MB, 4 MB goal, 0 MB stacks, 0 MB globals, 8 P
gc 911 @36.394s 0%: 0.086+0.74+0.13 ms clock, 0.68+1.4/0.64/0+1.0 ms cpu, 3->3->1 MB, 4 MB goal, 0 MB stacks, 0 MB globals, 8 P
gc 912 @36.397s 0%: 0.11+0.53+0.072 ms clock, 0.94+0.66/0.61/0+0.57 ms cpu, 3->3->1 MB, 4 MB goal, 0 MB stacks, 0 MB globals, 8 P
gc 913 @36.400s 0%: 0.087+0.64+0.11 ms clock, 0.70+0.67/0.47/0+0.90 ms cpu, 3->3->1 MB, 4 MB goal, 0 MB stacks, 0 MB globals, 8 P
gc 914 @36.403s 0%: 0.13+0.51+0.074 ms clock, 1.0+0.60/0.64/0+0.59 ms cpu, 3->3->1 MB, 4 MB goal, 0 MB stacks, 0 MB globals, 8 P
gc 915 @36.406s 0%: 0.13+0.50+0.053 ms clock, 1.0+0.54/0.68/0+0.43 ms cpu, 3->3->1 MB, 4 MB goal, 0 MB stacks, 0 MB globals, 8 P
gc 916 @36.408s 0%: 0.097+0.81+0.075 ms clock, 0.78+0.51/0.63/0+0.60 ms cpu, 3->3->1 MB, 4 MB goal, 0 MB stacks, 0 MB globals, 8 P
gc 917 @36.411s 0%: 0.11+0.67+0.10 ms clock, 0.91+0.68/0.71/0+0.80 ms cpu, 3->3->1 MB, 4 MB goal, 0 MB stacks, 0 MB globals, 8 P
gc 918 @36.414s 0%: 0.12+0.51+0.078 ms clock, 0.98+0.53/0.56/0+0.62 ms cpu, 3->3->1 MB, 4 MB goal, 0 MB stacks, 0 MB globals, 8 P
gc 919 @36.417s 0%: 0.074+0.51+0.050 ms clock, 0.59+0.57/0.58/0+0.40 ms cpu, 3->3->1 MB, 4 MB goal, 0 MB stacks, 0 MB globals, 8 P
gc 920 @36.420s 0%: 0.10+0.51+0.10 ms clock, 0.80+0.65/0.72/0+0.83 ms cpu, 3->3->1 MB, 4 MB goal, 0 MB stacks, 0 MB globals, 8 P
gc 921 @36.422s 0%: 0.11+0.69+0.084 ms clock, 0.93+0.67/0.66/0+0.67 ms cpu, 3->3->1 MB, 4 MB goal, 0 MB stacks, 0 MB globals, 8 P
gc 922 @36.425s 0%: 0.067+0.52+0.092 ms clock, 0.53+0.69/0.64/0+0.73 ms cpu, 3->3->1 MB, 4 MB goal, 0 MB stacks, 0 MB globals, 8 P
gc 923 @36.428s 0%: 0.072+0.54+0.093 ms clock, 0.58+0.67/0.68/0+0.75 ms cpu, 3->3->1 MB, 4 MB goal, 0 MB stacks, 0 MB globals, 8 P
gc 924 @36.431s 0%: 0.10+0.54+0.075 ms clock, 0.81+0.69/0.61/0+0.60 ms cpu, 3->3->1 MB, 4 MB goal, 0 MB stacks, 0 MB globals, 8 P
gc 925 @36.434s 0%: 0.067+0.60+0.11 ms clock, 0.54+0.67/0.61/0+0.88 ms cpu, 3->3->1 MB, 4 MB goal, 0 MB stacks, 0 MB globals, 8 P
gc 926 @36.436s 0%: 0.097+0.57+0.092 ms clock, 0.77+0.61/0.65/0+0.73 ms cpu, 3->3->1 MB, 4 MB goal, 0 MB stacks, 0 MB globals, 8 P
gc 927 @36.439s 0%: 0.11+0.57+0.085 ms clock, 0.88+0.58/0.61/0+0.68 ms cpu, 3->3->1 MB, 4 MB goal, 0 MB stacks, 0 MB globals, 8 P
gc 928 @36.442s 0%: 0.074+0.55+0.096 ms clock, 0.59+0.63/0.57/0+0.77 ms cpu, 3->3->1 MB, 4 MB goal, 0 MB stacks, 0 MB globals, 8 P
gc 929 @36.445s 0%: 0.11+0.54+0.095 ms clock, 0.95+0.65/0.61/0+0.76 ms cpu, 3->3->1 MB, 4 MB goal, 0 MB stacks, 0 MB globals, 8 P
gc 930 @36.448s 0%: 0.10+0.49+0.071 ms clock, 0.82+0.66/0.63/0+0.56 ms cpu, 3->3->1 MB, 4 MB goal, 0 MB stacks, 0 MB globals, 8 P
gc 931 @36.450s 0%: 0.098+0.57+0.091 ms clock, 0.79+0.61/0.60/0+0.73 ms cpu, 3->3->1 MB, 4 MB goal, 0 MB stacks, 0 MB globals, 8 P
gc 932 @36.453s 0%: 0.073+0.46+0.083 ms clock, 0.58+0.71/0.65/0+0.66 ms cpu, 3->3->1 MB, 4 MB goal, 0 MB stacks, 0 MB globals, 8 P
gc 933 @36.456s 0%: 0.077+0.66+0.079 ms clock, 0.62+0.62/0.64/0+0.63 ms cpu, 3->3->1 MB, 4 MB goal, 0 MB stacks, 0 MB globals, 8 P
gc 934 @36.459s 0%: 0.094+0.83+0.069 ms clock, 0.75+0.59/0.61/0+0.55 ms cpu, 3->3->1 MB, 4 MB goal, 0 MB stacks, 0 MB globals, 8 P
gc 935 @36.462s 0%: 0.10+0.72+0.075 ms clock, 0.87+0.58/0.59/0+0.60 ms cpu, 3->3->1 MB, 4 MB goal, 0 MB stacks, 0 MB globals, 8 P
gc 936 @36.464s 0%: 0.076+0.57+0.12 ms clock, 0.60+0.64/0.72/0+0.96 ms cpu, 3->3->1 MB, 4 MB goal, 0 MB stacks, 0 MB globals, 8 P
gc 937 @36.467s 0%: 0.11+0.96+0.057 ms clock, 0.89+0.66/0.55/0+0.46 ms cpu, 3->4->1 MB, 4 MB goal, 0 MB stacks, 0 MB globals, 8 P
gc 938 @36.470s 0%: 0.13+0.48+0.089 ms clock, 1.0+0.56/0.57/0+0.71 ms cpu, 3->3->1 MB, 4 MB goal, 0 MB stacks, 0 MB globals, 8 P
gc 939 @36.473s 0%: 0.073+0.74+0.079 ms clock, 0.59+0.71/0.71/0+0.63 ms cpu, 3->3->1 MB, 4 MB goal, 0 MB stacks, 0 MB globals, 8 P
gc 940 @36.476s 0%: 0.083+0.48+0.066 ms clock, 0.66+0.67/0.66/0+0.53 ms cpu, 3->3->1 MB, 4 MB goal, 0 MB stacks, 0 MB globals, 8 P
gc 941 @36.479s 0%: 0.093+0.56+0.083 ms clock, 0.75+0.61/0.58/0.009+0.67 ms cpu, 3->3->1 MB, 4 MB goal, 0 MB stacks, 0 MB globals, 8 P
gc 942 @36.481s 0%: 0.10+0.42+0.11 ms clock, 0.85+0.76/0.60/0+0.88 ms cpu, 3->3->1 MB, 4 MB goal, 0 MB stacks, 0 MB globals, 8 P
gc 943 @36.484s 0%: 0.10+0.43+0.054 ms clock, 0.83+0.72/0.57/0+0.43 ms cpu, 3->3->1 MB, 4 MB goal, 0 MB stacks, 0 MB globals, 8 P
gc 944 @36.487s 0%: 0.11+0.43+0.10 ms clock, 0.91+0.68/0.58/0+0.83 ms cpu, 3->3->1 MB, 4 MB goal, 0 MB stacks, 0 MB globals, 8 P
gc 945 @36.490s 0%: 0.14+0.44+0.077 ms clock, 1.1+0.62/0.57/0+0.62 ms cpu, 3->3->1 MB, 4 MB goal, 0 MB stacks, 0 MB globals, 8 P
gc 946 @36.492s 0%: 0.068+0.46+0.056 ms clock, 0.54+0.59/0.61/0+0.45 ms cpu, 3->3->1 MB, 4 MB goal, 0 MB stacks, 0 MB globals, 8 P
gc 947 @36.495s 0%: 0.094+0.49+0.090 ms clock, 0.75+0.64/0.58/0+0.72 ms cpu, 3->3->1 MB, 4 MB goal, 0 MB stacks, 0 MB globals, 8 P
gc 948 @36.498s 0%: 0.079+0.84+0.087 ms clock, 0.63+0.70/0.62/0+0.69 ms cpu, 3->3->1 MB, 4 MB goal, 0 MB stacks, 0 MB globals, 8 P
gc 949 @36.501s 0%: 0.080+0.68+0.10 ms clock, 0.64+0.54/0.61/0+0.84 ms cpu, 3->3->1 MB, 4 MB goal, 0 MB stacks, 0 MB globals, 8 P
gc 950 @36.504s 0%: 0.090+0.47+0.10 ms clock, 0.72+0.65/0.58/0+0.80 ms cpu, 3->3->1 MB, 4 MB goal, 0 MB stacks, 0 MB globals, 8 P
gc 951 @36.506s 0%: 0.067+0.54+0.10 ms clock, 0.53+0.63/0.65/0+0.82 ms cpu, 3->3->1 MB, 4 MB goal, 0 MB stacks, 0 MB globals, 8 P
gc 952 @36.509s 0%: 0.084+0.64+0.069 ms clock, 0.67+0.68/0.57/0+0.55 ms cpu, 3->3->1 MB, 4 MB goal, 0 MB stacks, 0 MB globals, 8 P
gc 953 @36.512s 0%: 0.090+0.84+0.099 ms clock, 0.72+0.72/0.65/0+0.79 ms cpu, 3->3->1 MB, 4 MB goal, 0 MB stacks, 0 MB globals, 8 P
gc 954 @36.515s 0%: 0.11+0.48+0.14 ms clock, 0.89+0.67/0.61/0+1.1 ms cpu, 3->3->1 MB, 4 MB goal, 0 MB stacks, 0 MB globals, 8 P
gc 955 @36.517s 0%: 0.11+0.56+0.092 ms clock, 0.89+0.67/0.56/0+0.74 ms cpu, 3->3->1 MB, 4 MB goal, 0 MB stacks, 0 MB globals, 8 P
gc 956 @36.520s 0%: 0.072+0.51+0.10 ms clock, 0.58+0.63/0.60/0+0.81 ms cpu, 3->3->1 MB, 4 MB goal, 0 MB stacks, 0 MB globals, 8 P
gc 957 @36.523s 0%: 0.10+0.77+0.10 ms clock, 0.83+0.61/0.57/0.001+0.87 ms cpu, 3->3->1 MB, 4 MB goal, 0 MB stacks, 0 MB globals, 8 P
gc 958 @36.526s 0%: 0.082+0.51+0.11 ms clock, 0.66+0.67/0.62/0+0.94 ms cpu, 3->3->1 MB, 4 MB goal, 0 MB stacks, 0 MB globals, 8 P
gc 959 @36.529s 0%: 0.091+0.54+0.096 ms clock, 0.73+0.63/0.61/0+0.77 ms cpu, 3->3->1 MB, 4 MB goal, 0 MB stacks, 0 MB globals, 8 P
gc 960 @36.531s 0%: 0.11+0.50+0.046 ms clock, 0.90+0.64/0.58/0+0.37 ms cpu, 3->3->1 MB, 4 MB goal, 0 MB stacks, 0 MB globals, 8 P
gc 961 @36.534s 0%: 0.12+0.54+0.11 ms clock, 0.99+0.74/0.59/0+0.92 ms cpu, 3->3->1 MB, 4 MB goal, 0 MB stacks, 0 MB globals, 8 P
gc 962 @36.537s 0%: 0.17+0.53+0.094 ms clock, 1.4+0.64/0.61/0+0.75 ms cpu, 3->3->1 MB, 4 MB goal, 0 MB stacks, 0 MB globals, 8 P
gc 963 @36.540s 0%: 0.11+0.42+0.063 ms clock, 0.91+0.65/0.55/0+0.50 ms cpu, 3->3->1 MB, 4 MB goal, 0 MB stacks, 0 MB globals, 8 P
gc 964 @36.542s 0%: 0.059+0.80+0.071 ms clock, 0.47+0.65/0.64/0+0.56 ms cpu, 3->3->1 MB, 4 MB goal, 0 MB stacks, 0 MB globals, 8 P
gc 965 @36.545s 0%: 0.10+0.63+0.062 ms clock, 0.80+0.62/0.64/0+0.49 ms cpu, 3->3->1 MB, 4 MB goal, 0 MB stacks, 0 MB globals, 8 P
gc 966 @36.548s 0%: 0.11+0.54+0.062 ms clock, 0.90+0.72/0.64/0+0.49 ms cpu, 3->3->1 MB, 4 MB goal, 0 MB stacks, 0 MB globals, 8 P
gc 967 @36.551s 0%: 0.059+0.52+0.094 ms clock, 0.47+0.59/0.66/0+0.75 ms cpu, 3->3->1 MB, 4 MB goal, 0 MB stacks, 0 MB globals, 8 P
gc 968 @36.554s 0%: 0.14+0.48+0.043 ms clock, 1.1+0.64/0.66/0+0.35 ms cpu, 3->3->1 MB, 4 MB goal, 0 MB stacks, 0 MB globals, 8 P
gc 969 @36.556s 0%: 0.097+0.51+0.12 ms clock, 0.77+0.72/0.55/0+0.98 ms cpu, 3->3->1 MB, 4 MB goal, 0 MB stacks, 0 MB globals, 8 P
gc 970 @36.559s 0%: 0.096+0.51+0.099 ms clock, 0.77+0.73/0.45/0+0.79 ms cpu, 3->3->1 MB, 4 MB goal, 0 MB stacks, 0 MB globals, 8 P
gc 971 @36.562s 0%: 0.11+0.59+0.12 ms clock, 0.93+0.60/0.74/0+0.96 ms cpu, 3->3->1 MB, 4 MB goal, 0 MB stacks, 0 MB globals, 8 P
gc 972 @36.565s 0%: 0.12+0.38+0.11 ms clock, 0.99+0.65/0.54/0+0.95 ms cpu, 3->3->1 MB, 4 MB goal, 0 MB stacks, 0 MB globals, 8 P
gc 973 @36.568s 0%: 0.10+0.45+0.097 ms clock, 0.86+0.57/0.56/0+0.78 ms cpu, 3->3->1 MB, 4 MB goal, 0 MB stacks, 0 MB globals, 8 P
gc 974 @36.570s 0%: 0.10+0.58+0.082 ms clock, 0.84+0.55/0.77/0+0.66 ms cpu, 3->3->1 MB, 4 MB goal, 0 MB stacks, 0 MB globals, 8 P
gc 975 @36.573s 0%: 0.083+0.54+0.074 ms clock, 0.67+0.68/0.66/0+0.59 ms cpu, 3->3->1 MB, 4 MB goal, 0 MB stacks, 0 MB globals, 8 P
gc 976 @36.576s 0%: 0.10+0.36+0.053 ms clock, 0.86+0.68/0.56/0+0.42 ms cpu, 3->3->1 MB, 4 MB goal, 0 MB stacks, 0 MB globals, 8 P
gc 977 @36.579s 0%: 0.063+0.43+0.061 ms clock, 0.50+0.73/0.52/0+0.49 ms cpu, 3->3->1 MB, 4 MB goal, 0 MB stacks, 0 MB globals, 8 P
gc 978 @36.581s 0%: 0.11+0.64+0.099 ms clock, 0.88+0.67/0.73/0+0.79 ms cpu, 3->3->1 MB, 4 MB goal, 0 MB stacks, 0 MB globals, 8 P
gc 979 @36.584s 0%: 0.077+0.42+0.13 ms clock, 0.62+0.71/0.59/0+1.0 ms cpu, 3->3->1 MB, 4 MB goal, 0 MB stacks, 0 MB globals, 8 P
gc 980 @36.587s 0%: 0.10+0.70+0.078 ms clock, 0.85+0.71/0.60/0+0.62 ms cpu, 3->3->1 MB, 4 MB goal, 0 MB stacks, 0 MB globals, 8 P
gc 981 @36.590s 0%: 0.11+0.64+0.10 ms clock, 0.92+0.74/0.66/0+0.80 ms cpu, 3->3->1 MB, 4 MB goal, 0 MB stacks, 0 MB globals, 8 P
gc 982 @36.592s 0%: 0.077+0.64+0.063 ms clock, 0.61+0.71/0.64/0+0.51 ms cpu, 3->3->1 MB, 4 MB goal, 0 MB stacks, 0 MB globals, 8 P
gc 983 @36.595s 0%: 0.12+0.64+0.098 ms clock, 0.99+0.52/0.59/0+0.78 ms cpu, 3->3->1 MB, 4 MB goal, 0 MB stacks, 0 MB globals, 8 P
gc 984 @36.598s 0%: 0.084+0.40+0.054 ms clock, 0.67+0.65/0.53/0+0.43 ms cpu, 3->3->1 MB, 4 MB goal, 0 MB stacks, 0 MB globals, 8 P
gc 985 @36.601s 0%: 0.082+0.44+0.082 ms clock, 0.66+0.61/0.66/0+0.65 ms cpu, 3->3->1 MB, 4 MB goal, 0 MB stacks, 0 MB globals, 8 P
gc 986 @36.604s 0%: 0.096+0.47+0.077 ms clock, 0.77+0.58/0.64/0+0.62 ms cpu, 3->3->1 MB, 4 MB goal, 0 MB stacks, 0 MB globals, 8 P
gc 987 @36.606s 0%: 0.081+0.58+0.12 ms clock, 0.64+0.69/0.70/0+0.96 ms cpu, 3->3->1 MB, 4 MB goal, 0 MB stacks, 0 MB globals, 8 P
gc 988 @36.609s 0%: 0.098+0.60+0.067 ms clock, 0.78+0.30/0.71/0+0.54 ms cpu, 3->3->1 MB, 4 MB goal, 0 MB stacks, 0 MB globals, 8 P
gc 989 @36.612s 0%: 0.11+0.54+0.074 ms clock, 0.95+0.71/0.65/0+0.59 ms cpu, 3->3->1 MB, 4 MB goal, 0 MB stacks, 0 MB globals, 8 P
gc 990 @36.615s 0%: 0.075+0.49+0.10 ms clock, 0.60+0.73/0.55/0+0.81 ms cpu, 3->3->1 MB, 4 MB goal, 0 MB stacks, 0 MB globals, 8 P
gc 991 @36.617s 0%: 0.10+0.54+0.099 ms clock, 0.82+0.57/0.65/0+0.79 ms cpu, 3->3->1 MB, 4 MB goal, 0 MB stacks, 0 MB globals, 8 P
gc 992 @36.620s 0%: 0.098+0.81+0.067 ms clock, 0.78+0.71/0.60/0+0.54 ms cpu, 3->3->1 MB, 4 MB goal, 0 MB stacks, 0 MB globals, 8 P
gc 993 @36.623s 0%: 0.10+0.48+0.060 ms clock, 0.85+0.68/0.62/0+0.48 ms cpu, 3->3->1 MB, 4 MB goal, 0 MB stacks, 0 MB globals, 8 P
gc 994 @36.626s 0%: 0.11+0.57+0.099 ms clock, 0.90+0.69/0.64/0+0.79 ms cpu, 3->3->1 MB, 4 MB goal, 0 MB stacks, 0 MB globals, 8 P
gc 995 @36.629s 0%: 0.12+0.84+0.076 ms clock, 0.97+0.56/0.69/0+0.61 ms cpu, 3->3->1 MB, 4 MB goal, 0 MB stacks, 0 MB globals, 8 P
gc 996 @36.632s 0%: 0.082+0.43+0.068 ms clock, 0.65+0.70/0.58/0+0.54 ms cpu, 3->3->1 MB, 4 MB goal, 0 MB stacks, 0 MB globals, 8 P
gc 997 @36.634s 0%: 0.091+0.37+0.083 ms clock, 0.73+0.76/0.45/0+0.67 ms cpu, 3->3->1 MB, 4 MB goal, 0 MB stacks, 0 MB globals, 8 P
gc 998 @36.637s 0%: 0.096+0.58+0.099 ms clock, 0.76+0.64/0.55/0+0.79 ms cpu, 3->3->1 MB, 4 MB goal, 0 MB stacks, 0 MB globals, 8 P
gc 999 @36.640s 0%: 0.097+0.67+0.082 ms clock, 0.78+0.64/0.56/0+0.66 ms cpu, 3->3->1 MB, 4 MB goal, 0 MB stacks, 0 MB globals, 8 P
gc 1000 @36.643s 0%: 0.11+0.47+0.10 ms clock, 0.95+0.69/0.67/0+0.81 ms cpu, 3->3->1 MB, 4 MB goal, 0 MB stacks, 0 MB globals, 8 P
gc 1001 @36.645s 0%: 0.12+0.55+0.090 ms clock, 1.0+0.76/0.59/0+0.72 ms cpu, 3->3->1 MB, 4 MB goal, 0 MB stacks, 0 MB globals, 8 P
gc 1002 @36.648s 0%: 0.077+0.51+0.060 ms clock, 0.62+0.68/0.65/0+0.48 ms cpu, 3->3->1 MB, 4 MB goal, 0 MB stacks, 0 MB globals, 8 P
gc 1003 @36.651s 0%: 0.10+0.51+0.059 ms clock, 0.84+0.65/0.68/0+0.47 ms cpu, 3->3->1 MB, 4 MB goal, 0 MB stacks, 0 MB globals, 8 P
gc 1004 @36.654s 0%: 0.11+0.43+0.093 ms clock, 0.90+0.58/0.56/0+0.74 ms cpu, 3->3->1 MB, 4 MB goal, 0 MB stacks, 0 MB globals, 8 P
gc 1005 @36.656s 0%: 0.096+0.51+0.065 ms clock, 0.77+0.59/0.66/0+0.52 ms cpu, 3->3->1 MB, 4 MB goal, 0 MB stacks, 0 MB globals, 8 P
gc 1006 @36.659s 0%: 0.084+0.41+0.046 ms clock, 0.67+0.69/0.55/0+0.37 ms cpu, 3->3->1 MB, 4 MB goal, 0 MB stacks, 0 MB globals, 8 P
gc 1007 @36.662s 0%: 0.087+0.49+0.11 ms clock, 0.70+0.66/0.58/0+0.91 ms cpu, 3->3->1 MB, 4 MB goal, 0 MB stacks, 0 MB globals, 8 P
gc 1008 @36.665s 0%: 0.075+0.93+0.067 ms clock, 0.60+0.67/0.65/0+0.53 ms cpu, 3->3->1 MB, 4 MB goal, 0 MB stacks, 0 MB globals, 8 P
gc 1009 @36.668s 0%: 0.11+0.57+0.079 ms clock, 0.90+0.73/0.53/0+0.63 ms cpu, 3->3->1 MB, 4 MB goal, 0 MB stacks, 0 MB globals, 8 P
gc 1010 @36.670s 0%: 0.095+0.54+0.079 ms clock, 0.76+0.61/0.67/0+0.63 ms cpu, 3->3->1 MB, 4 MB goal, 0 MB stacks, 0 MB globals, 8 P
gc 1011 @36.673s 0%: 0.096+0.52+0.064 ms clock, 0.77+0.67/0.65/0+0.51 ms cpu, 3->3->1 MB, 4 MB goal, 0 MB stacks, 0 MB globals, 8 P
gc 1012 @36.676s 0%: 0.090+0.52+0.098 ms clock, 0.72+0.68/0.66/0+0.78 ms cpu, 3->3->1 MB, 4 MB goal, 0 MB stacks, 0 MB globals, 8 P
gc 1013 @36.679s 0%: 0.097+0.50+0.098 ms clock, 0.77+0.65/0.60/0+0.78 ms cpu, 3->3->1 MB, 4 MB goal, 0 MB stacks, 0 MB globals, 8 P
gc 1014 @36.682s 0%: 0.086+0.58+0.092 ms clock, 0.68+0.66/0.67/0+0.73 ms cpu, 3->3->1 MB, 4 MB goal, 0 MB stacks, 0 MB globals, 8 P
gc 1015 @36.684s 0%: 0.067+0.71+0.11 ms clock, 0.53+0.60/0.70/0+0.90 ms cpu, 3->3->1 MB, 4 MB goal, 0 MB stacks, 0 MB globals, 8 P
gc 1016 @36.687s 0%: 0.10+0.49+0.11 ms clock, 0.84+0.64/0.57/0+0.92 ms cpu, 3->3->1 MB, 4 MB goal, 0 MB stacks, 0 MB globals, 8 P
gc 1017 @36.690s 0%: 0.12+0.54+0.094 ms clock, 1.0+0.64/0.60/0+0.75 ms cpu, 3->3->1 MB, 4 MB goal, 0 MB stacks, 0 MB globals, 8 P
gc 1018 @36.693s 0%: 0.098+0.50+0.077 ms clock, 0.78+0.58/0.62/0+0.62 ms cpu, 3->3->1 MB, 4 MB goal, 0 MB stacks, 0 MB globals, 8 P
gc 1019 @36.696s 0%: 0.090+0.49+0.092 ms clock, 0.72+0.61/0.53/0+0.74 ms cpu, 3->3->1 MB, 4 MB goal, 0 MB stacks, 0 MB globals, 8 P
gc 1020 @36.698s 0%: 0.11+0.57+0.065 ms clock, 0.91+0.62/0.68/0+0.52 ms cpu, 3->3->1 MB, 4 MB goal, 0 MB stacks, 0 MB globals, 8 P
gc 1021 @36.701s 0%: 0.11+0.42+0.055 ms clock, 0.91+0.64/0.62/0+0.44 ms cpu, 3->3->1 MB, 4 MB goal, 0 MB stacks, 0 MB globals, 8 P
gc 1022 @36.704s 0%: 0.11+0.50+0.11 ms clock, 0.94+0.61/0.63/0+0.91 ms cpu, 3->3->1 MB, 4 MB goal, 0 MB stacks, 0 MB globals, 8 P
gc 1023 @36.707s 0%: 0.13+0.45+0.12 ms clock, 1.0+0.60/0.63/0+1.0 ms cpu, 3->3->1 MB, 4 MB goal, 0 MB stacks, 0 MB globals, 8 P
gc 1024 @36.709s 0%: 0.090+0.78+0.056 ms clock, 0.72+0.61/0.72/0+0.45 ms cpu, 3->3->1 MB, 4 MB goal, 0 MB stacks, 0 MB globals, 8 P
gc 1025 @36.712s 0%: 0.082+0.47+0.10 ms clock, 0.65+0.69/0.61/0+0.84 ms cpu, 3->3->1 MB, 4 MB goal, 0 MB stacks, 0 MB globals, 8 P
gc 1026 @36.715s 0%: 0.14+0.40+0.097 ms clock, 1.1+0.60/0.55/0+0.78 ms cpu, 3->3->1 MB, 4 MB goal, 0 MB stacks, 0 MB globals, 8 P
gc 1027 @36.718s 0%: 0.12+0.53+0.11 ms clock, 1.0+0.60/0.68/0+0.94 ms cpu, 3->3->1 MB, 4 MB goal, 0 MB stacks, 0 MB globals, 8 P
gc 1028 @36.721s 0%: 0.15+0.48+0.11 ms clock, 1.2+0.57/0.61/0+0.94 ms cpu, 3->3->1 MB, 4 MB goal, 0 MB stacks, 0 MB globals, 8 P
gc 1029 @36.723s 0%: 0.097+0.47+0.095 ms clock, 0.78+0.70/0.59/0+0.76 ms cpu, 3->3->1 MB, 4 MB goal, 0 MB stacks, 0 MB globals, 8 P
gc 1030 @36.726s 0%: 0.10+0.48+0.042 ms clock, 0.85+0.71/0.62/0+0.34 ms cpu, 3->3->1 MB, 4 MB goal, 0 MB stacks, 0 MB globals, 8 P
gc 1031 @36.729s 0%: 0.10+0.49+0.047 ms clock, 0.80+0.61/0.53/0+0.37 ms cpu, 3->3->1 MB, 4 MB goal, 0 MB stacks, 0 MB globals, 8 P
gc 1032 @36.732s 0%: 0.12+0.53+0.087 ms clock, 1.0+0.60/0.62/0+0.69 ms cpu, 3->3->1 MB, 4 MB goal, 0 MB stacks, 0 MB globals, 8 P
gc 1033 @36.734s 0%: 0.090+0.67+0.050 ms clock, 0.72+0.66/0.52/0+0.40 ms cpu, 3->3->1 MB, 4 MB goal, 0 MB stacks, 0 MB globals, 8 P
gc 1034 @36.737s 0%: 0.11+0.50+0.093 ms clock, 0.93+0.74/0.56/0+0.74 ms cpu, 3->3->1 MB, 4 MB goal, 0 MB stacks, 0 MB globals, 8 P
gc 1035 @36.740s 0%: 0.10+0.50+0.10 ms clock, 0.86+0.63/0.61/0+0.81 ms cpu, 3->3->1 MB, 4 MB goal, 0 MB stacks, 0 MB globals, 8 P
gc 1036 @36.743s 0%: 0.10+0.49+0.14 ms clock, 0.85+0.64/0.62/0+1.1 ms cpu, 3->3->1 MB, 4 MB goal, 0 MB stacks, 0 MB globals, 8 P
gc 1037 @36.746s 0%: 0.10+0.52+0.068 ms clock, 0.85+0.72/0.62/0+0.55 ms cpu, 3->3->1 MB, 4 MB goal, 0 MB stacks, 0 MB globals, 8 P
gc 1038 @36.748s 0%: 0.10+0.47+0.084 ms clock, 0.83+0.57/0.69/0+0.67 ms cpu, 3->3->1 MB, 4 MB goal, 0 MB stacks, 0 MB globals, 8 P
gc 1039 @36.751s 0%: 0.090+0.51+0.086 ms clock, 0.72+0.68/0.57/0+0.69 ms cpu, 3->3->1 MB, 4 MB goal, 0 MB stacks, 0 MB globals, 8 P
gc 1040 @36.754s 0%: 0.093+0.75+0.043 ms clock, 0.75+0.72/0.56/0+0.34 ms cpu, 3->3->1 MB, 4 MB goal, 0 MB stacks, 0 MB globals, 8 P
gc 1041 @36.757s 0%: 0.074+0.56+0.051 ms clock, 0.59+0.68/0.58/0+0.41 ms cpu, 3->3->1 MB, 4 MB goal, 0 MB stacks, 0 MB globals, 8 P
gc 1042 @36.760s 0%: 0.10+0.51+0.063 ms clock, 0.87+0.61/0.62/0+0.51 ms cpu, 3->3->1 MB, 4 MB goal, 0 MB stacks, 0 MB globals, 8 P
gc 1043 @36.762s 0%: 0.12+0.63+0.098 ms clock, 0.98+0.67/0.69/0+0.78 ms cpu, 3->3->1 MB, 4 MB goal, 0 MB stacks, 0 MB globals, 8 P
gc 1044 @36.765s 0%: 0.11+0.51+0.089 ms clock, 0.92+0.61/0.65/0+0.71 ms cpu, 3->3->1 MB, 4 MB goal, 0 MB stacks, 0 MB globals, 8 P
gc 1045 @36.768s 0%: 0.11+0.52+0.074 ms clock, 0.90+0.66/0.63/0+0.59 ms cpu, 3->3->1 MB, 4 MB goal, 0 MB stacks, 0 MB globals, 8 P
gc 1046 @36.771s 0%: 0.076+0.69+0.095 ms clock, 0.61+0.69/0.59/0+0.76 ms cpu, 3->3->1 MB, 4 MB goal, 0 MB stacks, 0 MB globals, 8 P
gc 1047 @36.774s 0%: 0.086+0.44+0.10 ms clock, 0.69+0.68/0.56/0+0.86 ms cpu, 3->3->1 MB, 4 MB goal, 0 MB stacks, 0 MB globals, 8 P
gc 1048 @36.776s 0%: 0.12+0.81+0.060 ms clock, 0.99+0.66/0.55/0+0.48 ms cpu, 3->3->1 MB, 4 MB goal, 0 MB stacks, 0 MB globals, 8 P
gc 1049 @36.779s 0%: 0.13+0.59+0.075 ms clock, 1.0+0.73/0.58/0+0.60 ms cpu, 3->3->1 MB, 4 MB goal, 0 MB stacks, 0 MB globals, 8 P
gc 1050 @36.782s 0%: 0.12+0.49+0.084 ms clock, 0.97+0.64/0.59/0+0.67 ms cpu, 3->3->1 MB, 4 MB goal, 0 MB stacks, 0 MB globals, 8 P
gc 1051 @36.785s 0%: 0.089+0.51+0.11 ms clock, 0.71+0.69/0.54/0+0.93 ms cpu, 3->3->1 MB, 4 MB goal, 0 MB stacks, 0 MB globals, 8 P
gc 1052 @36.788s 0%: 0.11+0.48+0.068 ms clock, 0.89+0.65/0.64/0+0.54 ms cpu, 3->3->1 MB, 4 MB goal, 0 MB stacks, 0 MB globals, 8 P
gc 1053 @36.790s 0%: 0.093+0.63+0.080 ms clock, 0.74+0.68/0.58/0+0.64 ms cpu, 3->3->1 MB, 4 MB goal, 0 MB stacks, 0 MB globals, 8 P
gc 1054 @36.793s 0%: 0.073+0.73+0.074 ms clock, 0.58+0.68/0.57/0+0.59 ms cpu, 3->3->1 MB, 4 MB goal, 0 MB stacks, 0 MB globals, 8 P
gc 1055 @36.796s 0%: 0.081+0.74+0.086 ms clock, 0.65+0.45/0.61/0+0.69 ms cpu, 3->3->1 MB, 4 MB goal, 0 MB stacks, 0 MB globals, 8 P
gc 1056 @36.799s 0%: 0.097+0.44+0.077 ms clock, 0.77+0.66/0.63/0+0.62 ms cpu, 3->3->1 MB, 4 MB goal, 0 MB stacks, 0 MB globals, 8 P
gc 1057 @36.802s 0%: 0.084+0.54+0.049 ms clock, 0.67+0.72/0.66/0+0.39 ms cpu, 3->3->1 MB, 4 MB goal, 0 MB stacks, 0 MB globals, 8 P
gc 1058 @36.804s 0%: 0.10+0.41+0.094 ms clock, 0.87+0.62/0.56/0+0.75 ms cpu, 3->3->1 MB, 4 MB goal, 0 MB stacks, 0 MB globals, 8 P
gc 1059 @36.807s 0%: 0.10+0.45+0.069 ms clock, 0.80+0.74/0.57/0+0.55 ms cpu, 3->3->1 MB, 4 MB goal, 0 MB stacks, 0 MB globals, 8 P
gc 1060 @36.810s 0%: 0.058+0.57+0.061 ms clock, 0.46+0.62/0.59/0+0.48 ms cpu, 3->3->1 MB, 4 MB goal, 0 MB stacks, 0 MB globals, 8 P
gc 1061 @36.813s 0%: 0.094+0.54+0.11 ms clock, 0.75+0.74/0.65/0+0.92 ms cpu, 3->3->1 MB, 4 MB goal, 0 MB stacks, 0 MB globals, 8 P
gc 1062 @36.815s 0%: 0.12+0.67+0.10 ms clock, 1.0+0.68/0.59/0+0.86 ms cpu, 3->3->1 MB, 4 MB goal, 0 MB stacks, 0 MB globals, 8 P
gc 1063 @36.818s 0%: 0.10+0.46+0.069 ms clock, 0.86+0.65/0.61/0+0.55 ms cpu, 3->3->1 MB, 4 MB goal, 0 MB stacks, 0 MB globals, 8 P
gc 1064 @36.821s 0%: 0.098+0.67+0.080 ms clock, 0.78+0.72/0.74/0+0.64 ms cpu, 3->3->1 MB, 4 MB goal, 0 MB stacks, 0 MB globals, 8 P
gc 1065 @36.824s 0%: 0.086+0.50+0.10 ms clock, 0.68+0.67/0.54/0+0.82 ms cpu, 3->3->1 MB, 4 MB goal, 0 MB stacks, 0 MB globals, 8 P
gc 1066 @36.827s 0%: 0.11+1.0+0.015 ms clock, 0.89+0.56/0.57/0+0.12 ms cpu, 3->3->1 MB, 4 MB goal, 0 MB stacks, 0 MB globals, 8 P
gc 1067 @36.830s 0%: 0.079+0.48+0.12 ms clock, 0.63+0.73/0.56/0+1.0 ms cpu, 3->3->1 MB, 4 MB goal, 0 MB stacks, 0 MB globals, 8 P
gc 1068 @36.832s 0%: 0.10+0.91+0.079 ms clock, 0.82+0.56/0.68/0+0.63 ms cpu, 3->3->1 MB, 4 MB goal, 0 MB stacks, 0 MB globals, 8 P
gc 1069 @36.835s 0%: 0.10+0.67+0.093 ms clock, 0.85+0.70/0.53/0+0.74 ms cpu, 3->3->1 MB, 4 MB goal, 0 MB stacks, 0 MB globals, 8 P
gc 1070 @36.838s 0%: 0.13+0.45+0.091 ms clock, 1.0+0.75/0.56/0+0.73 ms cpu, 3->3->1 MB, 4 MB goal, 0 MB stacks, 0 MB globals, 8 P
gc 1071 @36.841s 0%: 0.10+0.50+0.064 ms clock, 0.86+0.64/0.63/0+0.51 ms cpu, 3->3->1 MB, 4 MB goal, 0 MB stacks, 0 MB globals, 8 P
gc 1072 @36.843s 0%: 0.11+0.44+0.062 ms clock, 0.94+0.57/0.56/0+0.50 ms cpu, 3->3->1 MB, 4 MB goal, 0 MB stacks, 0 MB globals, 8 P
gc 1073 @36.846s 0%: 0.10+0.65+0.091 ms clock, 0.82+0.64/0.64/0+0.72 ms cpu, 3->3->1 MB, 4 MB goal, 0 MB stacks, 0 MB globals, 8 P
gc 1074 @36.849s 0%: 0.11+0.51+0.084 ms clock, 0.93+0.58/0.52/0+0.67 ms cpu, 3->3->1 MB, 4 MB goal, 0 MB stacks, 0 MB globals, 8 P
gc 1075 @36.852s 0%: 0.10+0.71+0.071 ms clock, 0.87+0.60/0.46/0+0.57 ms cpu, 3->3->1 MB, 4 MB goal, 0 MB stacks, 0 MB globals, 8 P
gc 1076 @36.855s 0%: 0.12+0.84+0.097 ms clock, 1.0+0.71/0.58/0+0.78 ms cpu, 3->3->1 MB, 4 MB goal, 0 MB stacks, 0 MB globals, 8 P
gc 1077 @36.858s 0%: 0.073+0.52+0.087 ms clock, 0.58+0.70/0.59/0+0.70 ms cpu, 3->3->1 MB, 4 MB goal, 0 MB stacks, 0 MB globals, 8 P
gc 1078 @36.860s 0%: 0.064+0.54+0.072 ms clock, 0.51+0.74/0.53/0+0.57 ms cpu, 3->3->1 MB, 4 MB goal, 0 MB stacks, 0 MB globals, 8 P
gc 1079 @36.863s 0%: 0.064+0.53+0.067 ms clock, 0.51+0.58/0.69/0+0.53 ms cpu, 3->3->1 MB, 4 MB goal, 0 MB stacks, 0 MB globals, 8 P
gc 1080 @36.866s 0%: 0.11+0.49+0.087 ms clock, 0.92+0.67/0.60/0+0.70 ms cpu, 3->3->1 MB, 4 MB goal, 0 MB stacks, 0 MB globals, 8 P
gc 1081 @36.869s 0%: 0.10+0.38+0.055 ms clock, 0.87+0.65/0.54/0+0.44 ms cpu, 3->3->1 MB, 4 MB goal, 0 MB stacks, 0 MB globals, 8 P
gc 1082 @36.871s 0%: 0.071+0.60+0.080 ms clock, 0.57+0.65/0.64/0+0.64 ms cpu, 3->3->1 MB, 4 MB goal, 0 MB stacks, 0 MB globals, 8 P
gc 1083 @36.874s 0%: 0.10+0.38+0.10 ms clock, 0.84+0.61/0.54/0+0.83 ms cpu, 3->3->1 MB, 4 MB goal, 0 MB stacks, 0 MB globals, 8 P
gc 1084 @36.877s 0%: 0.10+0.57+0.13 ms clock, 0.86+0.63/0.58/0+1.0 ms cpu, 3->3->1 MB, 4 MB goal, 0 MB stacks, 0 MB globals, 8 P
gc 1085 @36.880s 0%: 0.092+0.50+0.095 ms clock, 0.74+0.67/0.60/0+0.76 ms cpu, 3->3->1 MB, 4 MB goal, 0 MB stacks, 0 MB globals, 8 P
gc 1086 @36.883s 0%: 0.10+0.52+0.089 ms clock, 0.85+0.72/0.63/0+0.71 ms cpu, 3->3->1 MB, 4 MB goal, 0 MB stacks, 0 MB globals, 8 P
gc 1087 @36.885s 0%: 0.11+0.59+0.041 ms clock, 0.90+0.68/0.73/0+0.33 ms cpu, 3->3->1 MB, 4 MB goal, 0 MB stacks, 0 MB globals, 8 P
gc 1088 @36.888s 0%: 0.10+0.50+0.080 ms clock, 0.86+0.59/0.68/0+0.64 ms cpu, 3->3->1 MB, 4 MB goal, 0 MB stacks, 0 MB globals, 8 P
gc 1089 @36.891s 0%: 0.069+0.56+0.091 ms clock, 0.55+0.63/0.67/0+0.73 ms cpu, 3->3->1 MB, 4 MB goal, 0 MB stacks, 0 MB globals, 8 P
gc 1090 @36.894s 0%: 0.12+0.56+0.099 ms clock, 0.99+0.66/0.65/0+0.79 ms cpu, 3->3->1 MB, 4 MB goal, 0 MB stacks, 0 MB globals, 8 P
gc 1091 @36.896s 0%: 0.12+0.47+0.040 ms clock, 0.96+0.66/0.61/0+0.32 ms cpu, 3->3->1 MB, 4 MB goal, 0 MB stacks, 0 MB globals, 8 P
gc 1092 @36.899s 0%: 0.099+0.80+0.12 ms clock, 0.79+0.60/0.61/0+1.0 ms cpu, 3->3->1 MB, 4 MB goal, 0 MB stacks, 0 MB globals, 8 P
gc 1093 @36.902s 0%: 0.14+0.52+0.086 ms clock, 1.1+0.59/0.60/0+0.69 ms cpu, 3->3->1 MB, 4 MB goal, 0 MB stacks, 0 MB globals, 8 P
gc 1094 @36.905s 0%: 0.071+0.67+0.051 ms clock, 0.57+0.75/0.54/0+0.41 ms cpu, 3->3->1 MB, 4 MB goal, 0 MB stacks, 0 MB globals, 8 P
gc 1095 @36.908s 0%: 0.10+0.50+0.053 ms clock, 0.85+0.70/0.55/0+0.42 ms cpu, 3->3->1 MB, 4 MB goal, 0 MB stacks, 0 MB globals, 8 P
gc 1096 @36.911s 0%: 0.15+0.63+0.066 ms clock, 1.2+0.62/0.70/0+0.53 ms cpu, 3->3->1 MB, 4 MB goal, 0 MB stacks, 0 MB globals, 8 P
gc 1097 @36.914s 0%: 0.13+0.49+0.055 ms clock, 1.0+0.65/0.60/0+0.44 ms cpu, 3->3->1 MB, 4 MB goal, 0 MB stacks, 0 MB globals, 8 P
gc 1098 @36.916s 0%: 0.11+0.49+0.019 ms clock, 0.88+0.70/0.62/0+0.15 ms cpu, 3->3->1 MB, 4 MB goal, 0 MB stacks, 0 MB globals, 8 P
gc 1099 @36.919s 0%: 0.11+0.71+0.083 ms clock, 0.88+0.59/0.68/0+0.66 ms cpu, 3->3->1 MB, 4 MB goal, 0 MB stacks, 0 MB globals, 8 P
gc 1100 @36.922s 0%: 0.12+0.61+0.057 ms clock, 0.97+0.43/0.63/0+0.45 ms cpu, 3->3->1 MB, 4 MB goal, 0 MB stacks, 0 MB globals, 8 P
gc 1101 @36.925s 0%: 0.073+0.53+0.070 ms clock, 0.58+0.66/0.64/0+0.56 ms cpu, 3->3->1 MB, 4 MB goal, 0 MB stacks, 0 MB globals, 8 P
gc 1102 @36.927s 0%: 0.085+0.77+0.094 ms clock, 0.68+0.65/0.65/0+0.75 ms cpu, 3->3->1 MB, 4 MB goal, 0 MB stacks, 0 MB globals, 8 P
gc 1103 @36.930s 0%: 0.061+0.79+0.074 ms clock, 0.49+0.60/0.56/0+0.59 ms cpu, 3->3->1 MB, 4 MB goal, 0 MB stacks, 0 MB globals, 8 P
gc 1104 @36.933s 0%: 0.11+0.52+0.093 ms clock, 0.93+0.75/0.56/0+0.74 ms cpu, 3->3->1 MB, 4 MB goal, 0 MB stacks, 0 MB globals, 8 P
gc 1105 @36.936s 0%: 0.097+0.54+0.11 ms clock, 0.78+0.68/0.70/0+0.93 ms cpu, 3->3->1 MB, 4 MB goal, 0 MB stacks, 0 MB globals, 8 P
gc 1106 @36.939s 0%: 0.064+0.75+0.074 ms clock, 0.51+0.74/0.60/0+0.59 ms cpu, 3->3->1 MB, 4 MB goal, 0 MB stacks, 0 MB globals, 8 P
gc 1107 @36.942s 0%: 0.10+0.45+0.10 ms clock, 0.84+0.70/0.60/0+0.86 ms cpu, 3->3->1 MB, 4 MB goal, 0 MB stacks, 0 MB globals, 8 P
gc 1108 @36.944s 0%: 0.097+0.53+0.11 ms clock, 0.77+0.71/0.55/0+0.88 ms cpu, 3->3->1 MB, 4 MB goal, 0 MB stacks, 0 MB globals, 8 P
gc 1109 @36.947s 0%: 0.062+0.88+0.048 ms clock, 0.49+0.59/0.68/0+0.38 ms cpu, 3->3->1 MB, 4 MB goal, 0 MB stacks, 0 MB globals, 8 P
gc 1110 @36.950s 0%: 0.079+0.47+0.058 ms clock, 0.63+0.61/0.58/0+0.46 ms cpu, 3->3->1 MB, 4 MB goal, 0 MB stacks, 0 MB globals, 8 P
gc 1111 @36.953s 0%: 0.10+0.37+0.12 ms clock, 0.85+0.64/0.59/0+0.96 ms cpu, 3->3->1 MB, 4 MB goal, 0 MB stacks, 0 MB globals, 8 P
gc 1112 @36.956s 0%: 0.12+0.50+0.094 ms clock, 0.97+0.60/0.59/0+0.75 ms cpu, 3->3->1 MB, 4 MB goal, 0 MB stacks, 0 MB globals, 8 P
gc 1113 @36.959s 0%: 0.091+0.43+0.077 ms clock, 0.73+0.65/0.54/0+0.62 ms cpu, 3->3->1 MB, 4 MB goal, 0 MB stacks, 0 MB globals, 8 P
gc 1114 @36.961s 0%: 0.088+0.40+0.12 ms clock, 0.70+0.79/0.59/0+0.96 ms cpu, 3->3->1 MB, 4 MB goal, 0 MB stacks, 0 MB globals, 8 P
gc 1115 @36.964s 0%: 0.12+0.53+0.099 ms clock, 0.99+0.62/0.62/0+0.79 ms cpu, 3->3->1 MB, 4 MB goal, 0 MB stacks, 0 MB globals, 8 P
gc 1116 @36.967s 0%: 0.099+0.41+0.071 ms clock, 0.79+0.52/0.57/0+0.57 ms cpu, 3->3->1 MB, 4 MB goal, 0 MB stacks, 0 MB globals, 8 P
gc 1117 @36.969s 0%: 0.088+0.56+0.10 ms clock, 0.71+0.60/0.64/0+0.84 ms cpu, 3->3->1 MB, 4 MB goal, 0 MB stacks, 0 MB globals, 8 P
gc 1118 @36.972s 0%: 0.12+0.62+0.14 ms clock, 1.0+0.65/0.64/0+1.1 ms cpu, 3->3->1 MB, 4 MB goal, 0 MB stacks, 0 MB globals, 8 P
gc 1119 @36.975s 0%: 0.084+0.38+0.11 ms clock, 0.67+0.71/0.52/0+0.90 ms cpu, 3->3->1 MB, 4 MB goal, 0 MB stacks, 0 MB globals, 8 P
gc 1120 @36.978s 0%: 0.067+0.53+0.065 ms clock, 0.54+0.60/0.63/0+0.52 ms cpu, 3->3->1 MB, 4 MB goal, 0 MB stacks, 0 MB globals, 8 P
gc 1121 @36.981s 0%: 0.065+0.46+0.11 ms clock, 0.52+0.74/0.59/0+0.89 ms cpu, 3->3->1 MB, 4 MB goal, 0 MB stacks, 0 MB globals, 8 P
gc 1122 @36.983s 0%: 0.080+0.82+0.11 ms clock, 0.64+0.68/0.64/0+0.95 ms cpu, 3->3->1 MB, 4 MB goal, 0 MB stacks, 0 MB globals, 8 P
gc 1123 @36.986s 0%: 0.088+0.57+0.11 ms clock, 0.70+0.71/0.65/0+0.89 ms cpu, 3->3->1 MB, 4 MB goal, 0 MB stacks, 0 MB globals, 8 P
gc 1124 @36.989s 0%: 0.11+0.74+0.10 ms clock, 0.92+0.64/0.63/0+0.83 ms cpu, 3->3->1 MB, 4 MB goal, 0 MB stacks, 0 MB globals, 8 P
gc 1125 @36.992s 0%: 0.087+0.60+0.098 ms clock, 0.69+0.72/0.67/0+0.79 ms cpu, 3->3->1 MB, 4 MB goal, 0 MB stacks, 0 MB globals, 8 P
gc 1126 @36.995s 0%: 0.11+0.51+0.064 ms clock, 0.92+0.59/0.62/0+0.51 ms cpu, 3->3->1 MB, 4 MB goal, 0 MB stacks, 0 MB globals, 8 P
gc 1127 @36.997s 0%: 0.12+0.65+0.046 ms clock, 1.0+0.59/0.58/0+0.36 ms cpu, 3->3->1 MB, 4 MB goal, 0 MB stacks, 0 MB globals, 8 P
gc 1128 @37.000s 0%: 0.10+0.48+0.057 ms clock, 0.83+0.75/0.56/0+0.45 ms cpu, 3->3->1 MB, 4 MB goal, 0 MB stacks, 0 MB globals, 8 P
gc 1129 @37.003s 0%: 0.10+0.46+0.10 ms clock, 0.86+0.67/0.54/0+0.82 ms cpu, 3->3->1 MB, 4 MB goal, 0 MB stacks, 0 MB globals, 8 P
gc 1130 @37.006s 0%: 0.048+0.50+0.097 ms clock, 0.39+0.68/0.57/0+0.77 ms cpu, 3->3->1 MB, 4 MB goal, 0 MB stacks, 0 MB globals, 8 P
gc 1131 @37.009s 0%: 0.085+0.41+0.075 ms clock, 0.68+0.72/0.53/0+0.60 ms cpu, 3->3->1 MB, 4 MB goal, 0 MB stacks, 0 MB globals, 8 P
gc 1132 @37.011s 0%: 0.11+0.43+0.072 ms clock, 0.93+0.72/0.54/0+0.57 ms cpu, 3->3->1 MB, 4 MB goal, 0 MB stacks, 0 MB globals, 8 P
gc 1133 @37.014s 0%: 0.096+0.51+0.10 ms clock, 0.77+0.66/0.66/0+0.83 ms cpu, 3->3->1 MB, 4 MB goal, 0 MB stacks, 0 MB globals, 8 P
gc 1134 @37.017s 0%: 0.096+0.54+0.080 ms clock, 0.77+0.66/0.65/0+0.64 ms cpu, 3->3->1 MB, 4 MB goal, 0 MB stacks, 0 MB globals, 8 P
gc 1135 @37.020s 0%: 0.11+0.49+0.12 ms clock, 0.90+0.62/0.63/0+1.0 ms cpu, 3->3->1 MB, 4 MB goal, 0 MB stacks, 0 MB globals, 8 P
gc 1136 @37.022s 0%: 0.11+0.79+0.11 ms clock, 0.94+0.67/0.70/0+0.88 ms cpu, 3->3->1 MB, 4 MB goal, 0 MB stacks, 0 MB globals, 8 P
gc 1137 @37.025s 0%: 0.080+0.46+0.071 ms clock, 0.64+0.72/0.55/0+0.57 ms cpu, 3->3->1 MB, 4 MB goal, 0 MB stacks, 0 MB globals, 8 P
gc 1138 @37.028s 0%: 0.061+0.50+0.15 ms clock, 0.48+0.64/0.53/0+1.2 ms cpu, 3->3->1 MB, 4 MB goal, 0 MB stacks, 0 MB globals, 8 P
gc 1139 @37.031s 0%: 0.11+0.55+0.055 ms clock, 0.89+0.60/0.69/0+0.44 ms cpu, 3->3->1 MB, 4 MB goal, 0 MB stacks, 0 MB globals, 8 P
gc 1140 @37.034s 0%: 0.12+0.69+0.10 ms clock, 1.0+0.65/0.62/0+0.85 ms cpu, 3->3->1 MB, 4 MB goal, 0 MB stacks, 0 MB globals, 8 P
gc 1141 @37.036s 0%: 0.071+0.68+0.075 ms clock, 0.57+0.65/0.58/0+0.60 ms cpu, 3->3->1 MB, 4 MB goal, 0 MB stacks, 0 MB globals, 8 P
gc 1142 @37.039s 0%: 0.093+0.94+0.093 ms clock, 0.74+0.62/0.59/0+0.74 ms cpu, 3->3->1 MB, 4 MB goal, 0 MB stacks, 0 MB globals, 8 P
gc 1143 @37.042s 0%: 0.067+0.65+0.089 ms clock, 0.53+0.72/0.59/0+0.71 ms cpu, 3->3->1 MB, 4 MB goal, 0 MB stacks, 0 MB globals, 8 P
gc 1144 @37.045s 0%: 0.10+0.52+0.081 ms clock, 0.85+0.74/0.54/0+0.64 ms cpu, 3->3->1 MB, 4 MB goal, 0 MB stacks, 0 MB globals, 8 P
gc 1145 @37.048s 0%: 0.087+0.68+0.064 ms clock, 0.69+0.54/0.57/0+0.51 ms cpu, 3->3->1 MB, 4 MB goal, 0 MB stacks, 0 MB globals, 8 P
gc 1146 @37.050s 0%: 0.092+0.82+0.065 ms clock, 0.74+0.71/0.66/0+0.52 ms cpu, 3->3->1 MB, 4 MB goal, 0 MB stacks, 0 MB globals, 8 P
gc 1147 @37.053s 0%: 0.11+0.46+0.11 ms clock, 0.88+0.66/0.58/0+0.90 ms cpu, 3->3->1 MB, 4 MB goal, 0 MB stacks, 0 MB globals, 8 P
gc 1148 @37.056s 0%: 0.12+0.79+0.004 ms clock, 1.0+0.60/0.64/0+0.038 ms cpu, 3->3->1 MB, 4 MB goal, 0 MB stacks, 0 MB globals, 8 P
gc 1149 @37.059s 0%: 0.074+0.60+0.088 ms clock, 0.59+0.63/0.72/0+0.70 ms cpu, 3->3->1 MB, 4 MB goal, 0 MB stacks, 0 MB globals, 8 P
gc 1150 @37.062s 0%: 0.10+0.67+0.045 ms clock, 0.81+0.59/0.64/0+0.36 ms cpu, 3->3->1 MB, 4 MB goal, 0 MB stacks, 0 MB globals, 8 P
gc 1151 @37.065s 0%: 0.093+0.95+0.077 ms clock, 0.74+0.59/0.55/0+0.61 ms cpu, 3->3->1 MB, 4 MB goal, 0 MB stacks, 0 MB globals, 8 P
gc 1152 @37.068s 0%: 0.11+0.56+0.063 ms clock, 0.95+0.63/0.66/0+0.50 ms cpu, 3->3->1 MB, 4 MB goal, 0 MB stacks, 0 MB globals, 8 P
gc 1153 @37.070s 0%: 0.11+0.42+0.084 ms clock, 0.90+0.71/0.62/0+0.67 ms cpu, 3->3->1 MB, 4 MB goal, 0 MB stacks, 0 MB globals, 8 P
gc 1154 @37.073s 0%: 0.11+0.68+0.063 ms clock, 0.95+0.61/0.68/0+0.50 ms cpu, 3->3->1 MB, 4 MB goal, 0 MB stacks, 0 MB globals, 8 P
gc 1155 @37.076s 0%: 0.097+0.60+0.089 ms clock, 0.77+0.70/0.57/0+0.71 ms cpu, 3->3->1 MB, 4 MB goal, 0 MB stacks, 0 MB globals, 8 P
gc 1156 @37.079s 0%: 0.10+0.66+0.084 ms clock, 0.83+0.56/0.59/0+0.67 ms cpu, 3->3->1 MB, 4 MB goal, 0 MB stacks, 0 MB globals, 8 P
gc 1157 @37.082s 0%: 0.10+0.57+0.064 ms clock, 0.86+0.61/0.66/0+0.51 ms cpu, 3->3->1 MB, 4 MB goal, 0 MB stacks, 0 MB globals, 8 P
gc 1158 @37.084s 0%: 0.10+0.43+0.096 ms clock, 0.84+0.68/0.61/0+0.77 ms cpu, 3->3->1 MB, 4 MB goal, 0 MB stacks, 0 MB globals, 8 P
gc 1159 @37.087s 0%: 0.085+0.43+0.060 ms clock, 0.68+0.44/0.61/0+0.48 ms cpu, 3->3->1 MB, 4 MB goal, 0 MB stacks, 0 MB globals, 8 P
gc 1160 @37.090s 0%: 0.11+0.39+0.053 ms clock, 0.91+0.61/0.62/0+0.42 ms cpu, 3->3->1 MB, 4 MB goal, 0 MB stacks, 0 MB globals, 8 P
gc 1161 @37.093s 0%: 0.059+0.45+0.098 ms clock, 0.47+0.71/0.52/0+0.78 ms cpu, 3->3->1 MB, 4 MB goal, 0 MB stacks, 0 MB globals, 8 P
gc 1162 @37.095s 0%: 0.10+0.74+0.10 ms clock, 0.82+0.56/0.66/0+0.84 ms cpu, 3->3->1 MB, 4 MB goal, 0 MB stacks, 0 MB globals, 8 P
gc 1163 @37.098s 0%: 0.10+0.58+0.059 ms clock, 0.80+0.70/0.67/0+0.47 ms cpu, 3->3->1 MB, 4 MB goal, 0 MB stacks, 0 MB globals, 8 P
gc 1164 @37.101s 0%: 0.070+0.93+0.081 ms clock, 0.56+0.78/0.61/0+0.64 ms cpu, 3->3->1 MB, 4 MB goal, 0 MB stacks, 0 MB globals, 8 P
gc 1165 @37.104s 0%: 0.087+0.45+0.040 ms clock, 0.69+0.64/0.56/0+0.32 ms cpu, 3->3->1 MB, 4 MB goal, 0 MB stacks, 0 MB globals, 8 P
gc 1166 @37.107s 0%: 0.085+0.53+0.093 ms clock, 0.68+0.68/0.59/0+0.74 ms cpu, 3->3->1 MB, 4 MB goal, 0 MB stacks, 0 MB globals, 8 P
gc 1167 @37.110s 0%: 0.086+0.49+0.062 ms clock, 0.69+0.50/0.59/0+0.50 ms cpu, 3->3->1 MB, 4 MB goal, 0 MB stacks, 0 MB globals, 8 P
gc 1168 @37.112s 0%: 0.067+1.1+0.084 ms clock, 0.54+0.59/0.69/0+0.67 ms cpu, 3->4->1 MB, 4 MB goal, 0 MB stacks, 0 MB globals, 8 P
gc 1169 @37.115s 0%: 0.10+0.57+0.045 ms clock, 0.82+0.70/0.54/0+0.36 ms cpu, 3->3->1 MB, 4 MB goal, 0 MB stacks, 0 MB globals, 8 P
gc 1170 @37.118s 0%: 0.11+0.53+0.073 ms clock, 0.88+0.63/0.56/0+0.58 ms cpu, 3->3->1 MB, 4 MB goal, 0 MB stacks, 0 MB globals, 8 P
gc 1171 @37.121s 0%: 0.042+0.53+0.10 ms clock, 0.33+0.67/0.68/0+0.87 ms cpu, 3->3->1 MB, 4 MB goal, 0 MB stacks, 0 MB globals, 8 P
gc 1172 @37.123s 0%: 0.10+0.47+0.050 ms clock, 0.86+0.61/0.61/0+0.40 ms cpu, 3->3->1 MB, 4 MB goal, 0 MB stacks, 0 MB globals, 8 P
gc 1173 @37.126s 0%: 0.057+0.54+0.12 ms clock, 0.45+0.70/0.62/0+1.0 ms cpu, 3->3->1 MB, 4 MB goal, 0 MB stacks, 0 MB globals, 8 P
gc 1174 @37.129s 0%: 0.055+0.52+0.11 ms clock, 0.44+0.68/0.67/0+0.90 ms cpu, 3->3->1 MB, 4 MB goal, 0 MB stacks, 0 MB globals, 8 P
gc 1175 @37.132s 0%: 0.10+0.59+0.076 ms clock, 0.86+0.54/0.64/0+0.61 ms cpu, 3->3->1 MB, 4 MB goal, 0 MB stacks, 0 MB globals, 8 P
gc 1176 @37.135s 0%: 0.10+0.89+0.091 ms clock, 0.82+1.2/0.69/0+0.73 ms cpu, 3->3->1 MB, 4 MB goal, 0 MB stacks, 0 MB globals, 8 P
gc 1177 @37.137s 0%: 0.13+0.49+0.081 ms clock, 1.1+0.66/0.63/0+0.64 ms cpu, 3->3->1 MB, 4 MB goal, 0 MB stacks, 0 MB globals, 8 P
gc 1178 @37.140s 0%: 0.083+1.1+0.068 ms clock, 0.66+0.99/0.84/0+0.55 ms cpu, 3->4->1 MB, 4 MB goal, 0 MB stacks, 0 MB globals, 8 P
gc 1179 @37.143s 0%: 0.11+0.71+0.067 ms clock, 0.89+0.78/0.58/0+0.54 ms cpu, 3->3->1 MB, 4 MB goal, 0 MB stacks, 0 MB globals, 8 P
gc 1180 @37.146s 0%: 0.11+0.94+0.051 ms clock, 0.89+0.58/0.62/0+0.41 ms cpu, 3->3->1 MB, 4 MB goal, 0 MB stacks, 0 MB globals, 8 P
gc 1181 @37.149s 0%: 0.071+0.54+0.099 ms clock, 0.57+0.57/0.71/0+0.79 ms cpu, 3->3->1 MB, 4 MB goal, 0 MB stacks, 0 MB globals, 8 P
gc 1182 @37.152s 0%: 0.12+1.0+0.075 ms clock, 0.97+0.59/0.66/0+0.60 ms cpu, 3->3->1 MB, 4 MB goal, 0 MB stacks, 0 MB globals, 8 P
gc 1183 @37.155s 0%: 0.10+0.59+0.11 ms clock, 0.87+0.72/0.63/0.034+0.88 ms cpu, 3->3->1 MB, 4 MB goal, 0 MB stacks, 0 MB globals, 8 P
gc 1184 @37.158s 0%: 0.15+0.67+0.061 ms clock, 1.2+0.62/0.62/0+0.48 ms cpu, 3->3->1 MB, 4 MB goal, 0 MB stacks, 0 MB globals, 8 P
gc 1185 @37.160s 0%: 0.093+0.83+0.077 ms clock, 0.75+0.58/0.49/0+0.61 ms cpu, 3->3->1 MB, 4 MB goal, 0 MB stacks, 0 MB globals, 8 P
gc 1186 @37.163s 0%: 0.084+0.64+0.072 ms clock, 0.67+0.67/0.52/0+0.57 ms cpu, 3->3->1 MB, 4 MB goal, 0 MB stacks, 0 MB globals, 8 P
gc 1187 @37.166s 0%: 0.096+0.60+0.077 ms clock, 0.77+0.67/0.58/0+0.61 ms cpu, 3->3->1 MB, 4 MB goal, 0 MB stacks, 0 MB globals, 8 P
gc 1188 @37.169s 0%: 0.056+0.51+0.082 ms clock, 0.45+0.78/0.52/0+0.66 ms cpu, 3->3->1 MB, 4 MB goal, 0 MB stacks, 0 MB globals, 8 P
gc 1189 @37.172s 0%: 0.12+0.92+0.096 ms clock, 0.99+0.75/0.62/0+0.77 ms cpu, 3->3->1 MB, 4 MB goal, 0 MB stacks, 0 MB globals, 8 P
gc 1190 @37.175s 0%: 0.11+0.49+0.046 ms clock, 0.92+0.65/0.64/0+0.37 ms cpu, 3->3->1 MB, 4 MB goal, 0 MB stacks, 0 MB globals, 8 P
gc 1191 @37.177s 0%: 0.10+0.55+0.10 ms clock, 0.80+0.71/0.56/0+0.82 ms cpu, 3->3->1 MB, 4 MB goal, 0 MB stacks, 0 MB globals, 8 P
gc 1192 @37.180s 0%: 0.082+0.41+0.097 ms clock, 0.66+0.51/0.59/0+0.77 ms cpu, 3->3->1 MB, 4 MB goal, 0 MB stacks, 0 MB globals, 8 P
gc 1193 @37.183s 0%: 0.10+0.53+0.073 ms clock, 0.80+0.67/0.65/0+0.58 ms cpu, 3->3->1 MB, 4 MB goal, 0 MB stacks, 0 MB globals, 8 P
gc 1194 @37.186s 0%: 0.094+0.37+0.073 ms clock, 0.75+0.67/0.51/0+0.58 ms cpu, 3->3->1 MB, 4 MB goal, 0 MB stacks, 0 MB globals, 8 P
gc 1195 @37.188s 0%: 0.11+0.50+0.089 ms clock, 0.88+0.61/0.64/0+0.71 ms cpu, 3->3->1 MB, 4 MB goal, 0 MB stacks, 0 MB globals, 8 P
gc 1196 @37.191s 0%: 0.10+0.51+0.096 ms clock, 0.85+0.62/0.57/0+0.76 ms cpu, 3->3->1 MB, 4 MB goal, 0 MB stacks, 0 MB globals, 8 P
gc 1197 @37.194s 0%: 0.087+0.51+0.090 ms clock, 0.69+0.58/0.62/0+0.72 ms cpu, 3->3->1 MB, 4 MB goal, 0 MB stacks, 0 MB globals, 8 P
gc 1198 @37.197s 0%: 0.10+0.50+0.081 ms clock, 0.87+0.60/0.62/0+0.65 ms cpu, 3->3->1 MB, 4 MB goal, 0 MB stacks, 0 MB globals, 8 P
gc 1199 @37.199s 0%: 0.11+0.52+0.096 ms clock, 0.89+0.64/0.63/0+0.77 ms cpu, 3->3->1 MB, 4 MB goal, 0 MB stacks, 0 MB globals, 8 P
gc 1200 @37.202s 0%: 0.12+0.52+0.096 ms clock, 0.96+0.58/0.62/0+0.77 ms cpu, 3->3->1 MB, 4 MB goal, 0 MB stacks, 0 MB globals, 8 P
gc 1201 @37.205s 0%: 0.11+0.47+0.065 ms clock, 0.94+0.60/0.69/0+0.52 ms cpu, 3->3->1 MB, 4 MB goal, 0 MB stacks, 0 MB globals, 8 P
gc 1202 @37.208s 0%: 0.10+0.46+0.064 ms clock, 0.84+0.65/0.56/0+0.51 ms cpu, 3->3->1 MB, 4 MB goal, 0 MB stacks, 0 MB globals, 8 P
gc 1203 @37.211s 0%: 0.13+0.49+0.063 ms clock, 1.0+0.74/0.63/0+0.50 ms cpu, 3->3->1 MB, 4 MB goal, 0 MB stacks, 0 MB globals, 8 P
gc 1204 @37.213s 0%: 0.092+0.59+0.081 ms clock, 0.73+0.71/0.73/0+0.65 ms cpu, 3->3->1 MB, 4 MB goal, 0 MB stacks, 0 MB globals, 8 P
gc 1205 @37.216s 0%: 0.13+0.50+0.066 ms clock, 1.0+0.56/0.64/0+0.52 ms cpu, 3->3->1 MB, 4 MB goal, 0 MB stacks, 0 MB globals, 8 P
gc 1206 @37.219s 0%: 0.10+0.40+0.094 ms clock, 0.83+0.76/0.49/0+0.75 ms cpu, 3->3->1 MB, 4 MB goal, 0 MB stacks, 0 MB globals, 8 P
gc 1207 @37.222s 0%: 0.098+0.48+0.12 ms clock, 0.79+0.70/0.57/0+1.0 ms cpu, 3->3->1 MB, 4 MB goal, 0 MB stacks, 0 MB globals, 8 P
gc 1208 @37.224s 0%: 0.076+0.61+0.062 ms clock, 0.61+0.54/0.64/0+0.50 ms cpu, 3->3->1 MB, 4 MB goal, 0 MB stacks, 0 MB globals, 8 P
gc 1209 @37.227s 0%: 0.11+0.52+0.12 ms clock, 0.91+0.76/0.52/0+1.0 ms cpu, 3->3->1 MB, 4 MB goal, 0 MB stacks, 0 MB globals, 8 P
gc 1210 @37.230s 0%: 0.062+0.61+0.067 ms clock, 0.50+0.59/0.54/0+0.53 ms cpu, 3->3->1 MB, 4 MB goal, 0 MB stacks, 0 MB globals, 8 P
gc 1211 @37.233s 0%: 0.082+0.42+0.11 ms clock, 0.66+0.63/0.56/0+0.91 ms cpu, 3->3->1 MB, 4 MB goal, 0 MB stacks, 0 MB globals, 8 P
gc 1212 @37.235s 0%: 0.079+0.52+0.071 ms clock, 0.63+0.64/0.64/0+0.57 ms cpu, 3->3->1 MB, 4 MB goal, 0 MB stacks, 0 MB globals, 8 P
gc 1213 @37.238s 0%: 0.10+0.48+0.10 ms clock, 0.85+0.63/0.61/0+0.82 ms cpu, 3->3->1 MB, 4 MB goal, 0 MB stacks, 0 MB globals, 8 P
gc 1214 @37.241s 0%: 0.10+0.66+0.071 ms clock, 0.83+0.68/0.70/0+0.57 ms cpu, 3->3->1 MB, 4 MB goal, 0 MB stacks, 0 MB globals, 8 P
gc 1215 @37.244s 0%: 0.10+0.52+0.064 ms clock, 0.80+0.66/0.61/0+0.51 ms cpu, 3->3->1 MB, 4 MB goal, 0 MB stacks, 0 MB globals, 8 P
gc 1216 @37.247s 0%: 0.054+0.47+0.10 ms clock, 0.43+0.81/0.52/0+0.83 ms cpu, 3->3->1 MB, 4 MB goal, 0 MB stacks, 0 MB globals, 8 P
gc 1217 @37.249s 0%: 0.11+0.58+0.073 ms clock, 0.94+0.63/0.68/0+0.59 ms cpu, 3->3->1 MB, 4 MB goal, 0 MB stacks, 0 MB globals, 8 P
gc 1218 @37.252s 0%: 0.095+0.40+0.078 ms clock, 0.76+0.65/0.58/0+0.62 ms cpu, 3->3->1 MB, 4 MB goal, 0 MB stacks, 0 MB globals, 8 P
gc 1219 @37.255s 0%: 0.091+0.59+0.063 ms clock, 0.73+0.64/0.63/0+0.51 ms cpu, 3->3->1 MB, 4 MB goal, 0 MB stacks, 0 MB globals, 8 P
gc 1220 @37.258s 0%: 0.063+0.63+0.086 ms clock, 0.51+0.66/0.59/0+0.69 ms cpu, 3->3->1 MB, 4 MB goal, 0 MB stacks, 0 MB globals, 8 P
gc 1221 @37.260s 0%: 0.11+0.50+0.089 ms clock, 0.92+0.65/0.60/0+0.71 ms cpu, 3->3->1 MB, 4 MB goal, 0 MB stacks, 0 MB globals, 8 P
gc 1222 @37.263s 0%: 0.080+0.51+0.067 ms clock, 0.64+0.78/0.56/0+0.53 ms cpu, 3->3->1 MB, 4 MB goal, 0 MB stacks, 0 MB globals, 8 P
gc 1223 @37.266s 0%: 0.11+0.48+0.067 ms clock, 0.89+0.79/0.49/0+0.54 ms cpu, 3->3->1 MB, 4 MB goal, 0 MB stacks, 0 MB globals, 8 P
gc 1224 @37.269s 0%: 0.092+0.83+0.083 ms clock, 0.73+0.57/0.68/0+0.66 ms cpu, 3->3->1 MB, 4 MB goal, 0 MB stacks, 0 MB globals, 8 P
gc 1225 @37.272s 0%: 0.081+0.55+0.10 ms clock, 0.65+0.68/0.50/0+0.80 ms cpu, 3->3->1 MB, 4 MB goal, 0 MB stacks, 0 MB globals, 8 P
gc 1226 @37.274s 0%: 0.10+0.53+0.10 ms clock, 0.84+0.65/0.57/0+0.83 ms cpu, 3->3->1 MB, 4 MB goal, 0 MB stacks, 0 MB globals, 8 P
gc 1227 @37.277s 0%: 0.093+0.49+0.081 ms clock, 0.75+0.56/0.62/0+0.65 ms cpu, 3->3->1 MB, 4 MB goal, 0 MB stacks, 0 MB globals, 8 P
gc 1228 @37.280s 0%: 0.095+0.48+0.086 ms clock, 0.76+0.64/0.58/0+0.69 ms cpu, 3->3->1 MB, 4 MB goal, 0 MB stacks, 0 MB globals, 8 P
gc 1229 @37.283s 0%: 0.059+0.42+0.062 ms clock, 0.47+0.63/0.57/0+0.49 ms cpu, 3->3->1 MB, 4 MB goal, 0 MB stacks, 0 MB globals, 8 P
gc 1230 @37.285s 0%: 0.087+0.47+0.064 ms clock, 0.69+0.62/0.62/0+0.51 ms cpu, 3->3->1 MB, 4 MB goal, 0 MB stacks, 0 MB globals, 8 P
gc 1231 @37.288s 0%: 0.093+0.50+0.093 ms clock, 0.75+0.70/0.61/0+0.74 ms cpu, 3->3->1 MB, 4 MB goal, 0 MB stacks, 0 MB globals, 8 P
gc 1232 @37.291s 0%: 0.12+0.47+0.077 ms clock, 1.0+0.68/0.58/0+0.62 ms cpu, 3->3->1 MB, 4 MB goal, 0 MB stacks, 0 MB globals, 8 P
gc 1233 @37.294s 0%: 0.10+0.47+0.051 ms clock, 0.87+0.62/0.53/0+0.41 ms cpu, 3->3->1 MB, 4 MB goal, 0 MB stacks, 0 MB globals, 8 P
gc 1234 @37.296s 0%: 0.080+0.45+0.079 ms clock, 0.64+0.67/0.57/0+0.63 ms cpu, 3->3->1 MB, 4 MB goal, 0 MB stacks, 0 MB globals, 8 P
gc 1235 @37.299s 0%: 0.11+1.4+0.077 ms clock, 0.92+0.54/0.65/0+0.62 ms cpu, 3->4->2 MB, 4 MB goal, 0 MB stacks, 0 MB globals, 8 P
gc 1236 @37.303s 0%: 0.082+0.48+0.10 ms clock, 0.65+0.67/0.56/0+0.83 ms cpu, 3->4->1 MB, 4 MB goal, 0 MB stacks, 0 MB globals, 8 P
gc 1237 @37.305s 0%: 0.094+0.55+0.099 ms clock, 0.75+0.69/0.57/0+0.79 ms cpu, 3->3->1 MB, 4 MB goal, 0 MB stacks, 0 MB globals, 8 P
gc 1238 @37.308s 0%: 0.11+0.90+0.093 ms clock, 0.91+0.52/0.55/0+0.75 ms cpu, 3->3->1 MB, 4 MB goal, 0 MB stacks, 0 MB globals, 8 P
gc 1239 @37.311s 0%: 0.070+0.54+0.063 ms clock, 0.56+0.73/0.66/0+0.50 ms cpu, 3->3->1 MB, 4 MB goal, 0 MB stacks, 0 MB globals, 8 P
gc 1240 @37.314s 0%: 0.13+0.88+0.044 ms clock, 1.0+0.63/0.64/0+0.35 ms cpu, 3->3->1 MB, 4 MB goal, 0 MB stacks, 0 MB globals, 8 P
gc 1241 @37.317s 0%: 0.12+0.42+0.11 ms clock, 0.97+0.63/0.58/0+0.95 ms cpu, 3->3->1 MB, 4 MB goal, 0 MB stacks, 0 MB globals, 8 P
gc 1242 @37.319s 0%: 0.074+0.63+0.093 ms clock, 0.59+0.67/0.59/0+0.74 ms cpu, 3->3->1 MB, 4 MB goal, 0 MB stacks, 0 MB globals, 8 P
gc 1243 @37.322s 0%: 0.14+1.0+0.076 ms clock, 1.1+0.55/0.62/0+0.61 ms cpu, 3->4->1 MB, 4 MB goal, 0 MB stacks, 0 MB globals, 8 P
gc 1244 @37.325s 0%: 0.081+0.65+0.10 ms clock, 0.65+0.70/0.81/0+0.83 ms cpu, 3->3->1 MB, 4 MB goal, 0 MB stacks, 0 MB globals, 8 P
gc 1245 @37.328s 0%: 0.10+0.56+0.12 ms clock, 0.81+0.67/0.64/0+0.98 ms cpu, 3->3->1 MB, 4 MB goal, 0 MB stacks, 0 MB globals, 8 P
gc 1246 @37.331s 0%: 0.10+0.51+0.071 ms clock, 0.80+0.54/0.66/0+0.56 ms cpu, 3->3->1 MB, 4 MB goal, 0 MB stacks, 0 MB globals, 8 P
gc 1247 @37.334s 0%: 0.087+0.51+0.085 ms clock, 0.69+0.76/0.58/0+0.68 ms cpu, 3->3->1 MB, 4 MB goal, 0 MB stacks, 0 MB globals, 8 P
gc 1248 @37.336s 0%: 0.12+0.76+0.082 ms clock, 0.97+0.61/0.67/0+0.65 ms cpu, 3->3->1 MB, 4 MB goal, 0 MB stacks, 0 MB globals, 8 P
gc 1249 @37.339s 0%: 0.084+0.60+0.10 ms clock, 0.67+0.72/0.56/0+0.84 ms cpu, 3->3->1 MB, 4 MB goal, 0 MB stacks, 0 MB globals, 8 P
gc 1250 @37.342s 0%: 0.085+0.79+0.035 ms clock, 0.68+0.63/0.71/0+0.28 ms cpu, 3->3->1 MB, 4 MB goal, 0 MB stacks, 0 MB globals, 8 P
gc 1251 @37.345s 0%: 0.10+0.69+0.068 ms clock, 0.84+0.66/0.60/0+0.54 ms cpu, 3->3->1 MB, 4 MB goal, 0 MB stacks, 0 MB globals, 8 P
gc 1252 @37.348s 0%: 0.10+0.45+0.063 ms clock, 0.83+0.74/0.50/0+0.50 ms cpu, 3->3->1 MB, 4 MB goal, 0 MB stacks, 0 MB globals, 8 P
gc 1253 @37.350s 0%: 0.070+0.42+0.062 ms clock, 0.56+0.74/0.49/0+0.50 ms cpu, 3->3->1 MB, 4 MB goal, 0 MB stacks, 0 MB globals, 8 P
gc 1254 @37.353s 0%: 0.090+0.65+0.15 ms clock, 0.72+0.69/0.66/0+1.2 ms cpu, 3->3->1 MB, 4 MB goal, 0 MB stacks, 0 MB globals, 8 P
gc 1255 @37.356s 0%: 0.076+0.51+0.003 ms clock, 0.60+0.52/0.59/0+0.030 ms cpu, 3->3->1 MB, 4 MB goal, 0 MB stacks, 0 MB globals, 8 P
gc 1256 @37.359s 0%: 0.10+0.38+0.045 ms clock, 0.81+0.68/0.52/0+0.36 ms cpu, 3->3->1 MB, 4 MB goal, 0 MB stacks, 0 MB globals, 8 P
gc 1257 @37.361s 0%: 0.10+0.49+0.089 ms clock, 0.81+0.69/0.59/0+0.71 ms cpu, 3->3->1 MB, 4 MB goal, 0 MB stacks, 0 MB globals, 8 P
gc 1258 @37.364s 0%: 0.11+0.50+0.088 ms clock, 0.90+0.54/0.55/0+0.71 ms cpu, 3->3->1 MB, 4 MB goal, 0 MB stacks, 0 MB globals, 8 P
gc 1259 @37.367s 0%: 0.098+0.49+0.095 ms clock, 0.78+0.65/0.56/0+0.76 ms cpu, 3->3->1 MB, 4 MB goal, 0 MB stacks, 0 MB globals, 8 P
gc 1260 @37.370s 0%: 0.10+0.50+0.098 ms clock, 0.84+0.57/0.59/0+0.78 ms cpu, 3->3->1 MB, 4 MB goal, 0 MB stacks, 0 MB globals, 8 P
gc 1261 @37.373s 0%: 0.11+0.38+0.085 ms clock, 0.95+0.76/0.53/0+0.68 ms cpu, 3->3->1 MB, 4 MB goal, 0 MB stacks, 0 MB globals, 8 P
gc 1262 @37.376s 0%: 0.12+0.54+0.11 ms clock, 0.96+0.72/0.58/0+0.90 ms cpu, 3->3->1 MB, 4 MB goal, 0 MB stacks, 0 MB globals, 8 P
gc 1263 @37.378s 0%: 0.083+0.43+0.084 ms clock, 0.67+0.68/0.60/0+0.67 ms cpu, 3->3->1 MB, 4 MB goal, 0 MB stacks, 0 MB globals, 8 P
gc 1264 @37.381s 0%: 0.12+0.61+0.056 ms clock, 0.97+0.67/0.55/0+0.45 ms cpu, 3->3->1 MB, 4 MB goal, 0 MB stacks, 0 MB globals, 8 P
gc 1265 @37.384s 0%: 0.11+0.46+0.097 ms clock, 0.89+0.61/0.55/0+0.78 ms cpu, 3->3->1 MB, 4 MB goal, 0 MB stacks, 0 MB globals, 8 P
gc 1266 @37.387s 0%: 0.10+0.61+0.061 ms clock, 0.80+0.71/0.60/0+0.49 ms cpu, 3->3->1 MB, 4 MB goal, 0 MB stacks, 0 MB globals, 8 P
gc 1267 @37.389s 0%: 0.098+0.48+0.11 ms clock, 0.78+0.69/0.58/0+0.92 ms cpu, 3->3->1 MB, 4 MB goal, 0 MB stacks, 0 MB globals, 8 P
gc 1268 @37.392s 0%: 0.077+0.66+0.053 ms clock, 0.62+0.61/0.56/0+0.42 ms cpu, 3->3->1 MB, 4 MB goal, 0 MB stacks, 0 MB globals, 8 P
gc 1269 @37.395s 0%: 0.13+0.68+0.10 ms clock, 1.0+0.63/0.68/0+0.86 ms cpu, 3->3->1 MB, 4 MB goal, 0 MB stacks, 0 MB globals, 8 P
gc 1270 @37.398s 0%: 0.076+0.40+0.083 ms clock, 0.61+0.67/0.49/0+0.67 ms cpu, 3->3->1 MB, 4 MB goal, 0 MB stacks, 0 MB globals, 8 P
gc 1271 @37.401s 0%: 0.062+0.49+0.11 ms clock, 0.50+0.65/0.59/0+0.90 ms cpu, 3->3->1 MB, 4 MB goal, 0 MB stacks, 0 MB globals, 8 P
gc 1272 @37.403s 0%: 0.096+0.52+0.072 ms clock, 0.77+0.65/0.62/0+0.57 ms cpu, 3->3->1 MB, 4 MB goal, 0 MB stacks, 0 MB globals, 8 P
gc 1273 @37.406s 0%: 0.093+0.75+0.090 ms clock, 0.74+0.70/0.55/0+0.72 ms cpu, 3->3->1 MB, 4 MB goal, 0 MB stacks, 0 MB globals, 8 P
gc 1274 @37.409s 0%: 0.082+0.56+0.088 ms clock, 0.66+0.70/0.64/0+0.70 ms cpu, 3->3->1 MB, 4 MB goal, 0 MB stacks, 0 MB globals, 8 P
gc 1275 @37.412s 0%: 0.11+0.46+0.042 ms clock, 0.88+0.71/0.59/0+0.34 ms cpu, 3->3->1 MB, 4 MB goal, 0 MB stacks, 0 MB globals, 8 P
gc 1276 @37.415s 0%: 0.10+0.60+0.091 ms clock, 0.81+0.75/0.64/0+0.73 ms cpu, 3->3->1 MB, 4 MB goal, 0 MB stacks, 0 MB globals, 8 P
gc 1277 @37.418s 0%: 0.13+0.93+0.044 ms clock, 1.0+0.55/0.72/0+0.35 ms cpu, 3->3->1 MB, 4 MB goal, 0 MB stacks, 0 MB globals, 8 P
gc 1278 @37.420s 0%: 0.079+0.55+0.049 ms clock, 0.63+0.57/0.68/0+0.39 ms cpu, 3->3->1 MB, 4 MB goal, 0 MB stacks, 0 MB globals, 8 P
gc 1279 @37.423s 0%: 0.094+0.66+0.072 ms clock, 0.75+0.48/0.56/0+0.58 ms cpu, 3->3->1 MB, 4 MB goal, 0 MB stacks, 0 MB globals, 8 P
gc 1280 @37.426s 0%: 0.092+0.56+0.089 ms clock, 0.74+0.69/0.60/0+0.71 ms cpu, 3->3->1 MB, 4 MB goal, 0 MB stacks, 0 MB globals, 8 P
gc 1281 @37.429s 0%: 0.13+0.60+0.094 ms clock, 1.0+0.68/0.58/0+0.75 ms cpu, 3->3->1 MB, 4 MB goal, 0 MB stacks, 0 MB globals, 8 P
gc 1282 @37.432s 0%: 0.095+0.42+0.10 ms clock, 0.76+0.69/0.61/0+0.85 ms cpu, 3->3->1 MB, 4 MB goal, 0 MB stacks, 0 MB globals, 8 P
gc 1283 @37.435s 0%: 0.11+0.95+0.077 ms clock, 0.93+0.70/0.60/0+0.62 ms cpu, 3->3->1 MB, 4 MB goal, 0 MB stacks, 0 MB globals, 8 P
gc 1284 @37.437s 0%: 0.13+0.49+0.073 ms clock, 1.0+0.71/0.60/0+0.59 ms cpu, 3->3->1 MB, 4 MB goal, 0 MB stacks, 0 MB globals, 8 P
gc 1285 @37.440s 0%: 0.085+0.70+0.10 ms clock, 0.68+0.69/0.60/0+0.81 ms cpu, 3->3->1 MB, 4 MB goal, 0 MB stacks, 0 MB globals, 8 P
gc 1286 @37.443s 0%: 0.11+0.48+0.089 ms clock, 0.88+0.74/0.54/0+0.71 ms cpu, 3->3->1 MB, 4 MB goal, 0 MB stacks, 0 MB globals, 8 P
gc 1287 @37.446s 0%: 0.080+0.48+0.098 ms clock, 0.64+0.65/0.60/0+0.79 ms cpu, 3->3->1 MB, 4 MB goal, 0 MB stacks, 0 MB globals, 8 P
gc 1288 @37.449s 0%: 0.097+0.53+0.10 ms clock, 0.77+0.72/0.54/0+0.82 ms cpu, 3->3->1 MB, 4 MB goal, 0 MB stacks, 0 MB globals, 8 P
gc 1289 @37.451s 0%: 0.097+0.61+0.069 ms clock, 0.77+0.64/0.68/0+0.55 ms cpu, 3->3->1 MB, 4 MB goal, 0 MB stacks, 0 MB globals, 8 P
gc 1290 @37.454s 0%: 0.10+0.55+0.091 ms clock, 0.85+0.74/0.61/0+0.72 ms cpu, 3->3->1 MB, 4 MB goal, 0 MB stacks, 0 MB globals, 8 P
gc 1291 @37.457s 0%: 0.086+0.39+0.085 ms clock, 0.69+0.64/0.59/0+0.68 ms cpu, 3->3->1 MB, 4 MB goal, 0 MB stacks, 0 MB globals, 8 P
gc 1292 @37.460s 0%: 0.11+0.52+0.083 ms clock, 0.89+0.61/0.71/0+0.66 ms cpu, 3->3->1 MB, 4 MB goal, 0 MB stacks, 0 MB globals, 8 P
gc 1293 @37.463s 0%: 0.075+0.44+0.10 ms clock, 0.60+0.69/0.60/0+0.83 ms cpu, 3->3->1 MB, 4 MB goal, 0 MB stacks, 0 MB globals, 8 P
gc 1294 @37.465s 0%: 0.083+0.83+0.090 ms clock, 0.67+0.57/0.73/0+0.72 ms cpu, 3->3->1 MB, 4 MB goal, 0 MB stacks, 0 MB globals, 8 P
gc 1295 @37.468s 0%: 0.11+0.39+0.092 ms clock, 0.93+0.75/0.53/0+0.74 ms cpu, 3->3->1 MB, 4 MB goal, 0 MB stacks, 0 MB globals, 8 P
gc 1296 @37.471s 0%: 0.062+0.45+0.098 ms clock, 0.50+0.75/0.54/0+0.78 ms cpu, 3->3->1 MB, 4 MB goal, 0 MB stacks, 0 MB globals, 8 P
gc 1297 @37.474s 0%: 0.10+0.59+0.050 ms clock, 0.83+0.62/0.61/0+0.40 ms cpu, 3->3->1 MB, 4 MB goal, 0 MB stacks, 0 MB globals, 8 P
gc 1298 @37.476s 0%: 0.065+0.63+0.046 ms clock, 0.52+0.72/0.55/0+0.37 ms cpu, 3->3->1 MB, 4 MB goal, 0 MB stacks, 0 MB globals, 8 P
gc 1299 @37.479s 0%: 0.11+0.50+0.081 ms clock, 0.91+0.72/0.53/0+0.65 ms cpu, 3->3->1 MB, 4 MB goal, 0 MB stacks, 0 MB globals, 8 P
gc 1300 @37.482s 0%: 0.11+0.55+0.041 ms clock, 0.91+0.70/0.64/0+0.32 ms cpu, 3->3->1 MB, 4 MB goal, 0 MB stacks, 0 MB globals, 8 P
gc 1301 @37.485s 0%: 0.11+0.45+0.073 ms clock, 0.89+0.74/0.56/0+0.59 ms cpu, 3->3->1 MB, 4 MB goal, 0 MB stacks, 0 MB globals, 8 P
gc 1302 @37.487s 0%: 0.099+0.70+0.11 ms clock, 0.79+0.48/0.58/0+0.92 ms cpu, 3->3->1 MB, 4 MB goal, 0 MB stacks, 0 MB globals, 8 P
gc 1303 @37.490s 0%: 0.11+0.56+0.075 ms clock, 0.88+0.61/0.61/0+0.60 ms cpu, 3->3->1 MB, 4 MB goal, 0 MB stacks, 0 MB globals, 8 P
gc 1304 @37.493s 0%: 0.065+0.50+0.091 ms clock, 0.52+0.73/0.60/0+0.73 ms cpu, 3->3->1 MB, 4 MB goal, 0 MB stacks, 0 MB globals, 8 P
gc 1305 @37.496s 0%: 0.11+1.0+0.020 ms clock, 0.94+0.72/0.52/0+0.16 ms cpu, 3->4->1 MB, 4 MB goal, 0 MB stacks, 0 MB globals, 8 P
gc 1306 @37.499s 0%: 0.10+0.80+0.095 ms clock, 0.86+0.63/0.58/0+0.76 ms cpu, 3->4->1 MB, 4 MB goal, 0 MB stacks, 0 MB globals, 8 P
gc 1307 @37.502s 0%: 0.10+0.58+0.082 ms clock, 0.82+0.70/0.61/0+0.66 ms cpu, 3->3->1 MB, 4 MB goal, 0 MB stacks, 0 MB globals, 8 P
gc 1308 @37.504s 0%: 0.10+0.40+0.068 ms clock, 0.81+0.59/0.61/0+0.54 ms cpu, 3->3->1 MB, 4 MB goal, 0 MB stacks, 0 MB globals, 8 P
gc 1309 @37.507s 0%: 0.076+0.99+0.091 ms clock, 0.61+0.70/0.64/0+0.72 ms cpu, 3->3->1 MB, 4 MB goal, 0 MB stacks, 0 MB globals, 8 P
gc 1310 @37.510s 0%: 0.10+0.47+0.079 ms clock, 0.87+0.75/0.54/0+0.63 ms cpu, 3->3->1 MB, 4 MB goal, 0 MB stacks, 0 MB globals, 8 P
gc 1311 @37.513s 0%: 0.12+0.95+0.10 ms clock, 0.96+0.73/0.61/0+0.83 ms cpu, 3->3->1 MB, 4 MB goal, 0 MB stacks, 0 MB globals, 8 P
gc 1312 @37.516s 0%: 0.094+0.44+0.092 ms clock, 0.75+0.69/0.54/0+0.74 ms cpu, 3->3->1 MB, 4 MB goal, 0 MB stacks, 0 MB globals, 8 P
gc 1313 @37.519s 0%: 0.077+0.45+0.080 ms clock, 0.61+0.78/0.54/0+0.64 ms cpu, 3->3->1 MB, 4 MB goal, 0 MB stacks, 0 MB globals, 8 P
gc 1314 @37.521s 0%: 0.12+0.84+0.096 ms clock, 1.0+0.65/0.64/0+0.76 ms cpu, 3->3->1 MB, 4 MB goal, 0 MB stacks, 0 MB globals, 8 P
gc 1315 @37.524s 0%: 0.076+0.50+0.051 ms clock, 0.60+0.65/0.59/0+0.41 ms cpu, 3->3->1 MB, 4 MB goal, 0 MB stacks, 0 MB globals, 8 P
gc 1316 @37.527s 0%: 0.13+0.54+0.057 ms clock, 1.0+0.58/0.59/0+0.45 ms cpu, 3->3->1 MB, 4 MB goal, 0 MB stacks, 0 MB globals, 8 P
gc 1317 @37.530s 0%: 0.080+0.72+0.096 ms clock, 0.64+0.60/0.61/0+0.77 ms cpu, 3->3->1 MB, 4 MB goal, 0 MB stacks, 0 MB globals, 8 P
gc 1318 @37.533s 0%: 0.10+0.93+0.056 ms clock, 0.82+0.73/0.62/0+0.45 ms cpu, 3->3->1 MB, 4 MB goal, 0 MB stacks, 0 MB globals, 8 P
gc 1319 @37.536s 0%: 0.10+0.50+0.086 ms clock, 0.84+0.77/0.53/0+0.69 ms cpu, 3->3->1 MB, 4 MB goal, 0 MB stacks, 0 MB globals, 8 P
gc 1320 @37.538s 0%: 0.063+0.48+0.10 ms clock, 0.51+0.63/0.59/0+0.82 ms cpu, 3->3->1 MB, 4 MB goal, 0 MB stacks, 0 MB globals, 8 P
gc 1321 @37.541s 0%: 0.097+0.53+0.11 ms clock, 0.78+0.68/0.56/0+0.94 ms cpu, 3->3->1 MB, 4 MB goal, 0 MB stacks, 0 MB globals, 8 P
gc 1322 @37.544s 0%: 0.077+0.45+0.11 ms clock, 0.62+0.76/0.58/0+0.92 ms cpu, 3->3->1 MB, 4 MB goal, 0 MB stacks, 0 MB globals, 8 P
gc 1323 @37.547s 0%: 0.11+0.35+0.089 ms clock, 0.88+0.59/0.46/0+0.71 ms cpu, 3->3->1 MB, 4 MB goal, 0 MB stacks, 0 MB globals, 8 P
gc 1324 @37.549s 0%: 0.17+0.56+0.11 ms clock, 1.3+0.72/0.64/0+0.95 ms cpu, 3->3->1 MB, 4 MB goal, 0 MB stacks, 0 MB globals, 8 P
gc 1325 @37.552s 0%: 0.084+0.55+0.11 ms clock, 0.67+0.72/0.64/0+0.89 ms cpu, 3->3->1 MB, 4 MB goal, 0 MB stacks, 0 MB globals, 8 P
gc 1326 @37.555s 0%: 0.11+0.56+0.092 ms clock, 0.89+0.72/0.60/0+0.74 ms cpu, 3->3->1 MB, 4 MB goal, 0 MB stacks, 0 MB globals, 8 P
gc 1327 @37.557s 0%: 0.11+0.65+0.10 ms clock, 0.91+0.60/0.67/0+0.80 ms cpu, 3->3->1 MB, 4 MB goal, 0 MB stacks, 0 MB globals, 8 P
gc 1328 @37.560s 0%: 0.097+0.53+0.090 ms clock, 0.78+0.57/0.66/0+0.72 ms cpu, 3->3->1 MB, 4 MB goal, 0 MB stacks, 0 MB globals, 8 P
gc 1329 @37.563s 0%: 0.089+1.0+0.086 ms clock, 0.71+0.67/0.61/0+0.69 ms cpu, 3->3->1 MB, 4 MB goal, 0 MB stacks, 0 MB globals, 8 P
gc 1330 @37.566s 0%: 0.053+0.52+0.082 ms clock, 0.42+0.70/0.63/0+0.66 ms cpu, 3->3->1 MB, 4 MB goal, 0 MB stacks, 0 MB globals, 8 P
gc 1331 @37.569s 0%: 0.070+0.72+0.054 ms clock, 0.56+0.72/0.59/0+0.43 ms cpu, 3->3->1 MB, 4 MB goal, 0 MB stacks, 0 MB globals, 8 P
gc 1332 @37.572s 0%: 0.11+0.38+0.096 ms clock, 0.90+0.59/0.59/0+0.76 ms cpu, 3->3->1 MB, 4 MB goal, 0 MB stacks, 0 MB globals, 8 P
gc 1333 @37.574s 0%: 0.10+0.97+0.088 ms clock, 0.80+0.53/0.69/0+0.71 ms cpu, 3->3->1 MB, 4 MB goal, 0 MB stacks, 0 MB globals, 8 P
gc 1334 @37.577s 0%: 0.12+0.50+0.083 ms clock, 1.0+0.61/0.66/0+0.66 ms cpu, 3->3->1 MB, 4 MB goal, 0 MB stacks, 0 MB globals, 8 P
gc 1335 @37.580s 0%: 0.10+0.89+0.079 ms clock, 0.81+0.62/0.75/0+0.63 ms cpu, 3->3->1 MB, 4 MB goal, 0 MB stacks, 0 MB globals, 8 P
gc 1336 @37.583s 0%: 0.076+0.52+0.090 ms clock, 0.61+0.67/0.59/0+0.72 ms cpu, 3->3->1 MB, 4 MB goal, 0 MB stacks, 0 MB globals, 8 P
gc 1337 @37.586s 0%: 0.11+0.68+0.042 ms clock, 0.89+0.98/0.70/0+0.33 ms cpu, 3->3->1 MB, 4 MB goal, 0 MB stacks, 0 MB globals, 8 P
gc 1338 @37.589s 0%: 0.068+1.1+0.11 ms clock, 0.54+0.72/1.1/0+0.88 ms cpu, 3->4->1 MB, 4 MB goal, 0 MB stacks, 0 MB globals, 8 P
gc 1339 @37.592s 0%: 0.11+0.76+0.088 ms clock, 0.88+0.63/0.71/0+0.70 ms cpu, 3->4->1 MB, 4 MB goal, 0 MB stacks, 0 MB globals, 8 P
gc 1340 @37.595s 0%: 0.14+0.50+0.080 ms clock, 1.1+0.74/0.56/0+0.64 ms cpu, 3->3->1 MB, 4 MB goal, 0 MB stacks, 0 MB globals, 8 P
gc 1341 @37.597s 0%: 0.11+1.0+0.088 ms clock, 0.95+0.72/0.60/0+0.71 ms cpu, 3->4->1 MB, 4 MB goal, 0 MB stacks, 0 MB globals, 8 P
gc 1342 @37.600s 0%: 0.077+0.59+0.083 ms clock, 0.61+0.70/0.66/0+0.67 ms cpu, 3->3->1 MB, 4 MB goal, 0 MB stacks, 0 MB globals, 8 P
gc 1343 @37.603s 0%: 0.081+0.69+0.088 ms clock, 0.65+0.43/0.62/0+0.70 ms cpu, 3->3->1 MB, 4 MB goal, 0 MB stacks, 0 MB globals, 8 P
gc 1344 @37.606s 0%: 0.074+0.67+0.070 ms clock, 0.59+0.77/0.57/0+0.56 ms cpu, 3->3->1 MB, 4 MB goal, 0 MB stacks, 0 MB globals, 8 P
gc 1345 @37.609s 0%: 0.13+0.40+0.093 ms clock, 1.0+0.55/0.60/0+0.75 ms cpu, 3->3->1 MB, 4 MB goal, 0 MB stacks, 0 MB globals, 8 P
gc 1346 @37.612s 0%: 0.10+0.48+0.094 ms clock, 0.85+0.72/0.71/0+0.75 ms cpu, 3->3->1 MB, 4 MB goal, 0 MB stacks, 0 MB globals, 8 P
gc 1347 @37.614s 0%: 0.11+0.81+0.060 ms clock, 0.88+0.56/0.64/0+0.48 ms cpu, 3->3->1 MB, 4 MB goal, 0 MB stacks, 0 MB globals, 8 P
gc 1348 @37.617s 0%: 0.10+0.67+0.065 ms clock, 0.83+0.55/0.63/0+0.52 ms cpu, 3->3->1 MB, 4 MB goal, 0 MB stacks, 0 MB globals, 8 P
gc 1349 @37.620s 0%: 0.083+0.46+0.080 ms clock, 0.66+0.59/0.57/0+0.64 ms cpu, 3->3->1 MB, 4 MB goal, 0 MB stacks, 0 MB globals, 8 P
gc 1350 @37.623s 0%: 0.090+0.75+0.075 ms clock, 0.72+0.74/0.68/0+0.60 ms cpu, 3->3->1 MB, 4 MB goal, 0 MB stacks, 0 MB globals, 8 P
gc 1351 @37.626s 0%: 0.088+0.57+0.10 ms clock, 0.70+0.74/0.62/0+0.81 ms cpu, 3->3->1 MB, 4 MB goal, 0 MB stacks, 0 MB globals, 8 P
gc 1352 @37.628s 0%: 0.062+0.85+0.061 ms clock, 0.49+0.66/0.77/0+0.48 ms cpu, 3->3->1 MB, 4 MB goal, 0 MB stacks, 0 MB globals, 8 P
gc 1353 @37.631s 0%: 0.082+0.50+0.044 ms clock, 0.66+0.59/0.60/0.007+0.35 ms cpu, 3->3->1 MB, 4 MB goal, 0 MB stacks, 0 MB globals, 8 P
gc 1354 @37.634s 0%: 0.11+0.34+0.059 ms clock, 0.91+0.63/0.52/0+0.47 ms cpu, 3->3->1 MB, 4 MB goal, 0 MB stacks, 0 MB globals, 8 P
gc 1355 @37.637s 0%: 0.11+0.44+0.10 ms clock, 0.89+0.70/0.61/0+0.87 ms cpu, 3->3->1 MB, 4 MB goal, 0 MB stacks, 0 MB globals, 8 P
gc 1356 @37.639s 0%: 0.10+0.55+0.13 ms clock, 0.87+0.67/0.76/0+1.0 ms cpu, 3->3->1 MB, 4 MB goal, 0 MB stacks, 0 MB globals, 8 P
gc 1357 @37.642s 0%: 0.11+0.50+0.075 ms clock, 0.91+0.54/0.61/0+0.60 ms cpu, 3->3->1 MB, 4 MB goal, 0 MB stacks, 0 MB globals, 8 P
gc 1358 @37.645s 0%: 0.10+0.54+0.10 ms clock, 0.84+0.64/0.65/0+0.80 ms cpu, 3->3->1 MB, 4 MB goal, 0 MB stacks, 0 MB globals, 8 P
gc 1359 @37.648s 0%: 0.12+0.51+0.082 ms clock, 1.0+0.75/0.56/0+0.65 ms cpu, 3->3->1 MB, 4 MB goal, 0 MB stacks, 0 MB globals, 8 P
gc 1360 @37.651s 0%: 0.071+0.56+0.10 ms clock, 0.57+0.51/0.63/0+0.80 ms cpu, 3->3->1 MB, 4 MB goal, 0 MB stacks, 0 MB globals, 8 P
gc 1361 @37.653s 0%: 0.14+0.61+0.084 ms clock, 1.1+0.71/0.58/0+0.67 ms cpu, 3->3->1 MB, 4 MB goal, 0 MB stacks, 0 MB globals, 8 P
gc 1362 @37.656s 0%: 0.13+0.49+0.057 ms clock, 1.0+0.74/0.52/0+0.45 ms cpu, 3->3->1 MB, 4 MB goal, 0 MB stacks, 0 MB globals, 8 P
gc 1363 @37.659s 0%: 0.088+0.55+0.084 ms clock, 0.70+0.60/0.64/0+0.67 ms cpu, 3->3->1 MB, 4 MB goal, 0 MB stacks, 0 MB globals, 8 P
gc 1364 @37.662s 0%: 0.10+0.41+0.075 ms clock, 0.83+0.72/0.50/0+0.60 ms cpu, 3->3->1 MB, 4 MB goal, 0 MB stacks, 0 MB globals, 8 P
gc 1365 @37.664s 0%: 0.10+0.51+0.098 ms clock, 0.83+0.60/0.69/0+0.78 ms cpu, 3->3->1 MB, 4 MB goal, 0 MB stacks, 0 MB globals, 8 P
gc 1366 @37.667s 0%: 0.11+0.49+0.10 ms clock, 0.95+0.60/0.61/0+0.86 ms cpu, 3->3->1 MB, 4 MB goal, 0 MB stacks, 0 MB globals, 8 P
gc 1367 @37.670s 0%: 0.095+0.68+0.060 ms clock, 0.76+0.67/0.62/0+0.48 ms cpu, 3->3->1 MB, 4 MB goal, 0 MB stacks, 0 MB globals, 8 P
gc 1368 @37.673s 0%: 0.11+0.77+0.049 ms clock, 0.95+0.57/0.63/0+0.39 ms cpu, 3->3->1 MB, 4 MB goal, 0 MB stacks, 0 MB globals, 8 P
gc 1369 @37.676s 0%: 0.10+0.55+0.060 ms clock, 0.86+0.61/0.61/0+0.48 ms cpu, 3->3->1 MB, 4 MB goal, 0 MB stacks, 0 MB globals, 8 P
gc 1370 @37.678s 0%: 0.14+0.85+0.097 ms clock, 1.1+0.67/0.62/0+0.77 ms cpu, 3->3->1 MB, 4 MB goal, 0 MB stacks, 0 MB globals, 8 P
gc 1371 @37.681s 0%: 0.055+0.57+0.12 ms clock, 0.44+0.78/0.62/0+0.97 ms cpu, 3->3->1 MB, 4 MB goal, 0 MB stacks, 0 MB globals, 8 P
gc 1372 @37.684s 0%: 0.10+0.78+0.078 ms clock, 0.81+0.80/0.97/0+0.63 ms cpu, 3->3->1 MB, 4 MB goal, 0 MB stacks, 0 MB globals, 8 P
gc 1373 @37.687s 0%: 0.077+0.62+0.081 ms clock, 0.61+0.71/0.60/0+0.65 ms cpu, 3->3->1 MB, 4 MB goal, 0 MB stacks, 0 MB globals, 8 P
gc 1374 @37.690s 0%: 0.12+0.59+0.093 ms clock, 0.99+0.60/0.61/0+0.74 ms cpu, 3->3->1 MB, 4 MB goal, 0 MB stacks, 0 MB globals, 8 P
gc 1375 @37.693s 0%: 0.10+0.57+0.055 ms clock, 0.80+0.70/0.56/0+0.44 ms cpu, 3->3->1 MB, 4 MB goal, 0 MB stacks, 0 MB globals, 8 P
gc 1376 @37.695s 0%: 0.12+0.60+0.089 ms clock, 1.0+0.63/0.76/0+0.71 ms cpu, 3->3->1 MB, 4 MB goal, 0 MB stacks, 0 MB globals, 8 P
gc 1377 @37.698s 0%: 0.081+0.94+0.11 ms clock, 0.65+0.67/0.59/0+0.93 ms cpu, 3->3->1 MB, 4 MB goal, 0 MB stacks, 0 MB globals, 8 P
gc 1378 @37.701s 0%: 0.080+0.48+0.071 ms clock, 0.64+0.68/0.50/0+0.57 ms cpu, 3->3->1 MB, 4 MB goal, 0 MB stacks, 0 MB globals, 8 P
gc 1379 @37.704s 0%: 0.11+0.81+0.11 ms clock, 0.95+0.60/0.62/0+0.90 ms cpu, 3->3->1 MB, 4 MB goal, 0 MB stacks, 0 MB globals, 8 P
gc 1380 @37.707s 0%: 0.093+0.69+0.026 ms clock, 0.74+0.64/0.64/0+0.21 ms cpu, 3->3->1 MB, 4 MB goal, 0 MB stacks, 0 MB globals, 8 P
gc 1381 @37.710s 0%: 0.076+0.60+0.10 ms clock, 0.61+0.54/0.68/0+0.82 ms cpu, 3->3->1 MB, 4 MB goal, 0 MB stacks, 0 MB globals, 8 P
gc 1382 @37.712s 0%: 0.093+0.49+0.088 ms clock, 0.74+0.71/0.58/0+0.70 ms cpu, 3->3->1 MB, 4 MB goal, 0 MB stacks, 0 MB globals, 8 P
gc 1383 @37.715s 0%: 0.078+0.43+0.049 ms clock, 0.62+0.59/0.59/0+0.39 ms cpu, 3->3->1 MB, 4 MB goal, 0 MB stacks, 0 MB globals, 8 P
gc 1384 @37.718s 0%: 0.10+0.53+0.088 ms clock, 0.87+0.66/0.69/0+0.70 ms cpu, 3->3->1 MB, 4 MB goal, 0 MB stacks, 0 MB globals, 8 P
gc 1385 @37.721s 0%: 0.093+0.73+0.040 ms clock, 0.74+0.61/0.61/0+0.32 ms cpu, 3->3->1 MB, 4 MB goal, 0 MB stacks, 0 MB globals, 8 P
gc 1386 @37.724s 0%: 0.11+0.42+0.10 ms clock, 0.95+0.69/0.57/0+0.80 ms cpu, 3->3->1 MB, 4 MB goal, 0 MB stacks, 0 MB globals, 8 P
gc 1387 @37.726s 0%: 0.088+0.49+0.071 ms clock, 0.71+0.53/0.58/0+0.57 ms cpu, 3->3->1 MB, 4 MB goal, 0 MB stacks, 0 MB globals, 8 P
gc 1388 @37.729s 0%: 0.10+0.79+0.084 ms clock, 0.83+0.53/0.49/0.097+0.67 ms cpu, 3->3->1 MB, 4 MB goal, 0 MB stacks, 0 MB globals, 8 P
gc 1389 @37.732s 0%: 0.066+0.73+0.10 ms clock, 0.53+0.69/0.69/0+0.82 ms cpu, 3->3->1 MB, 4 MB goal, 0 MB stacks, 0 MB globals, 8 P
gc 1390 @37.735s 0%: 0.059+0.68+0.098 ms clock, 0.47+0.60/0.61/0+0.78 ms cpu, 3->3->1 MB, 4 MB goal, 0 MB stacks, 0 MB globals, 8 P
gc 1391 @37.738s 0%: 0.071+0.52+0.093 ms clock, 0.56+0.65/0.59/0+0.74 ms cpu, 3->3->1 MB, 4 MB goal, 0 MB stacks, 0 MB globals, 8 P
gc 1392 @37.740s 0%: 0.12+0.85+0.030 ms clock, 0.97+0.60/0.58/0+0.24 ms cpu, 3->3->1 MB, 4 MB goal, 0 MB stacks, 0 MB globals, 8 P
gc 1393 @37.743s 0%: 0.060+0.55+0.11 ms clock, 0.48+0.71/0.62/0+0.92 ms cpu, 3->3->1 MB, 4 MB goal, 0 MB stacks, 0 MB globals, 8 P
gc 1394 @37.746s 0%: 0.10+0.70+0.10 ms clock, 0.80+0.67/0.76/0+0.87 ms cpu, 3->3->1 MB, 4 MB goal, 0 MB stacks, 0 MB globals, 8 P
gc 1395 @37.749s 0%: 0.13+0.45+0.060 ms clock, 1.0+0.59/0.64/0+0.48 ms cpu, 3->3->1 MB, 4 MB goal, 0 MB stacks, 0 MB globals, 8 P
gc 1396 @37.752s 0%: 0.087+0.53+0.093 ms clock, 0.69+0.70/0.62/0+0.74 ms cpu, 3->3->1 MB, 4 MB goal, 0 MB stacks, 0 MB globals, 8 P
gc 1397 @37.754s 0%: 0.065+0.60+0.093 ms clock, 0.52+0.70/0.70/0+0.75 ms cpu, 3->3->1 MB, 4 MB goal, 0 MB stacks, 0 MB globals, 8 P
gc 1398 @37.757s 0%: 0.098+0.98+0.075 ms clock, 0.78+0.62/0.77/0+0.60 ms cpu, 3->3->1 MB, 4 MB goal, 0 MB stacks, 0 MB globals, 8 P
gc 1399 @37.760s 0%: 0.085+0.56+0.072 ms clock, 0.68+0.62/0.72/0+0.58 ms cpu, 3->3->1 MB, 4 MB goal, 0 MB stacks, 0 MB globals, 8 P
gc 1400 @37.763s 0%: 0.098+0.45+0.093 ms clock, 0.78+0.65/0.54/0+0.74 ms cpu, 3->3->1 MB, 4 MB goal, 0 MB stacks, 0 MB globals, 8 P
gc 1401 @37.766s 0%: 0.085+0.71+0.099 ms clock, 0.68+0.69/0.58/0+0.79 ms cpu, 3->3->1 MB, 4 MB goal, 0 MB stacks, 0 MB globals, 8 P
gc 1402 @37.768s 0%: 0.060+0.72+0.093 ms clock, 0.48+0.67/0.59/0+0.74 ms cpu, 3->3->1 MB, 4 MB goal, 0 MB stacks, 0 MB globals, 8 P
gc 1403 @37.771s 0%: 0.079+0.48+0.085 ms clock, 0.63+0.75/0.56/0+0.68 ms cpu, 3->3->1 MB, 4 MB goal, 0 MB stacks, 0 MB globals, 8 P
gc 1404 @37.774s 0%: 0.11+0.58+0.083 ms clock, 0.89+0.56/0.70/0+0.66 ms cpu, 3->3->1 MB, 4 MB goal, 0 MB stacks, 0 MB globals, 8 P
gc 1405 @37.777s 0%: 0.096+0.59+0.043 ms clock, 0.76+0.59/0.56/0+0.35 ms cpu, 3->3->1 MB, 4 MB goal, 0 MB stacks, 0 MB globals, 8 P
gc 1406 @37.779s 0%: 0.11+0.46+0.083 ms clock, 0.95+0.70/0.52/0+0.66 ms cpu, 3->3->1 MB, 4 MB goal, 0 MB stacks, 0 MB globals, 8 P
gc 1407 @37.782s 0%: 0.10+0.42+0.062 ms clock, 0.87+0.63/0.55/0+0.49 ms cpu, 3->3->1 MB, 4 MB goal, 0 MB stacks, 0 MB globals, 8 P
gc 1408 @37.785s 0%: 0.11+0.72+0.096 ms clock, 0.90+0.69/0.79/0+0.77 ms cpu, 3->3->1 MB, 4 MB goal, 0 MB stacks, 0 MB globals, 8 P
gc 1409 @37.788s 0%: 0.088+0.54+0.10 ms clock, 0.70+0.68/0.62/0+0.84 ms cpu, 3->3->1 MB, 4 MB goal, 0 MB stacks, 0 MB globals, 8 P
gc 1410 @37.791s 0%: 0.066+0.89+0.10 ms clock, 0.53+0.64/0.53/0+0.84 ms cpu, 3->3->1 MB, 4 MB goal, 0 MB stacks, 0 MB globals, 8 P
gc 1411 @37.794s 0%: 0.095+0.47+0.097 ms clock, 0.76+0.66/0.63/0+0.78 ms cpu, 3->3->1 MB, 4 MB goal, 0 MB stacks, 0 MB globals, 8 P
gc 1412 @37.796s 0%: 0.11+0.50+0.087 ms clock, 0.90+0.52/0.64/0+0.69 ms cpu, 3->3->1 MB, 4 MB goal, 0 MB stacks, 0 MB globals, 8 P
gc 1413 @37.799s 0%: 0.082+0.56+0.091 ms clock, 0.66+0.67/0.51/0+0.72 ms cpu, 3->3->1 MB, 4 MB goal, 0 MB stacks, 0 MB globals, 8 P
gc 1414 @37.802s 0%: 0.054+0.80+0.092 ms clock, 0.43+0.64/0.59/0+0.73 ms cpu, 3->3->1 MB, 4 MB goal, 0 MB stacks, 0 MB globals, 8 P
gc 1415 @37.805s 0%: 0.10+0.46+0.091 ms clock, 0.85+0.71/0.55/0+0.72 ms cpu, 3->3->1 MB, 4 MB goal, 0 MB stacks, 0 MB globals, 8 P
gc 1416 @37.807s 0%: 0.093+0.76+0.064 ms clock, 0.74+0.59/0.60/0+0.51 ms cpu, 3->3->1 MB, 4 MB goal, 0 MB stacks, 0 MB globals, 8 P
gc 1417 @37.810s 0%: 0.075+0.47+0.050 ms clock, 0.60+0.67/0.56/0+0.40 ms cpu, 3->3->1 MB, 4 MB goal, 0 MB stacks, 0 MB globals, 8 P
gc 1418 @37.813s 0%: 0.099+0.62+0.13 ms clock, 0.79+0.65/0.59/0+1.0 ms cpu, 3->3->1 MB, 4 MB goal, 0 MB stacks, 0 MB globals, 8 P
gc 1419 @37.816s 0%: 0.059+0.52+0.074 ms clock, 0.47+0.69/0.53/0+0.59 ms cpu, 3->3->1 MB, 4 MB goal, 0 MB stacks, 0 MB globals, 8 P
gc 1420 @37.819s 0%: 0.13+0.60+0.13 ms clock, 1.1+0.55/0.61/0+1.0 ms cpu, 3->3->1 MB, 4 MB goal, 0 MB stacks, 0 MB globals, 8 P
gc 1421 @37.821s 0%: 0.14+0.74+0.096 ms clock, 1.1+0.51/0.67/0+0.76 ms cpu, 3->3->1 MB, 4 MB goal, 0 MB stacks, 0 MB globals, 8 P
gc 1422 @37.824s 0%: 0.087+0.53+0.089 ms clock, 0.70+0.63/0.67/0+0.71 ms cpu, 3->3->1 MB, 4 MB goal, 0 MB stacks, 0 MB globals, 8 P
gc 1423 @37.827s 0%: 0.077+0.37+0.066 ms clock, 0.61+0.64/0.58/0+0.53 ms cpu, 3->3->1 MB, 4 MB goal, 0 MB stacks, 0 MB globals, 8 P
gc 1424 @37.830s 0%: 0.059+0.44+0.045 ms clock, 0.47+0.77/0.52/0+0.36 ms cpu, 3->3->1 MB, 4 MB goal, 0 MB stacks, 0 MB globals, 8 P
gc 1425 @37.833s 0%: 0.077+0.46+0.059 ms clock, 0.62+0.76/0.61/0+0.47 ms cpu, 3->3->1 MB, 4 MB goal, 0 MB stacks, 0 MB globals, 8 P
gc 1426 @37.835s 0%: 0.099+0.45+0.091 ms clock, 0.79+0.73/0.55/0+0.73 ms cpu, 3->3->1 MB, 4 MB goal, 0 MB stacks, 0 MB globals, 8 P
gc 1427 @37.838s 0%: 0.097+0.54+0.054 ms clock, 0.77+0.64/0.64/0+0.43 ms cpu, 3->3->1 MB, 4 MB goal, 0 MB stacks, 0 MB globals, 8 P
gc 1428 @37.841s 0%: 0.079+0.88+0.094 ms clock, 0.63+0.63/0.62/0+0.75 ms cpu, 3->3->1 MB, 4 MB goal, 0 MB stacks, 0 MB globals, 8 P
gc 1429 @37.844s 0%: 0.098+0.44+0.10 ms clock, 0.79+0.77/0.53/0+0.81 ms cpu, 3->3->1 MB, 4 MB goal, 0 MB stacks, 0 MB globals, 8 P
gc 1430 @37.846s 0%: 0.089+0.61+0.064 ms clock, 0.71+0.67/0.62/0+0.51 ms cpu, 3->3->1 MB, 4 MB goal, 0 MB stacks, 0 MB globals, 8 P
gc 1431 @37.849s 0%: 0.094+0.50+0.096 ms clock, 0.75+0.60/0.65/0+0.77 ms cpu, 3->3->1 MB, 4 MB goal, 0 MB stacks, 0 MB globals, 8 P
gc 1432 @37.852s 0%: 0.076+0.98+0.11 ms clock, 0.61+0.80/0.54/0+0.92 ms cpu, 3->3->1 MB, 4 MB goal, 0 MB stacks, 0 MB globals, 8 P
gc 1433 @37.855s 0%: 0.10+0.46+0.10 ms clock, 0.84+0.63/0.60/0+0.83 ms cpu, 3->3->1 MB, 4 MB goal, 0 MB stacks, 0 MB globals, 8 P
gc 1434 @37.858s 0%: 0.11+0.44+0.050 ms clock, 0.94+0.69/0.55/0+0.40 ms cpu, 3->3->1 MB, 4 MB goal, 0 MB stacks, 0 MB globals, 8 P
gc 1435 @37.861s 0%: 0.12+0.49+0.10 ms clock, 1.0+0.66/0.58/0+0.80 ms cpu, 3->3->1 MB, 4 MB goal, 0 MB stacks, 0 MB globals, 8 P
gc 1436 @37.863s 0%: 0.063+0.51+0.049 ms clock, 0.50+0.69/0.61/0+0.39 ms cpu, 3->3->1 MB, 4 MB goal, 0 MB stacks, 0 MB globals, 8 P
gc 1437 @37.866s 0%: 0.13+0.47+0.099 ms clock, 1.0+0.71/0.61/0+0.79 ms cpu, 3->3->1 MB, 4 MB goal, 0 MB stacks, 0 MB globals, 8 P
gc 1438 @37.869s 0%: 0.092+0.41+0.11 ms clock, 0.74+0.70/0.57/0+0.88 ms cpu, 3->3->1 MB, 4 MB goal, 0 MB stacks, 0 MB globals, 8 P
gc 1439 @37.872s 0%: 0.12+0.57+0.085 ms clock, 1.0+0.65/0.62/0+0.68 ms cpu, 3->3->1 MB, 4 MB goal, 0 MB stacks, 0 MB globals, 8 P
gc 1440 @37.875s 0%: 0.10+0.43+0.10 ms clock, 0.86+0.67/0.57/0+0.86 ms cpu, 3->3->1 MB, 4 MB goal, 0 MB stacks, 0 MB globals, 8 P
gc 1441 @37.877s 0%: 0.081+0.55+0.082 ms clock, 0.65+0.65/0.63/0+0.65 ms cpu, 3->3->1 MB, 4 MB goal, 0 MB stacks, 0 MB globals, 8 P
gc 1442 @37.880s 0%: 0.099+0.79+0.091 ms clock, 0.79+0.82/0.63/0+0.73 ms cpu, 3->3->1 MB, 4 MB goal, 0 MB stacks, 0 MB globals, 8 P
gc 1443 @37.883s 0%: 0.080+0.45+0.068 ms clock, 0.64+0.63/0.62/0+0.54 ms cpu, 3->3->1 MB, 4 MB goal, 0 MB stacks, 0 MB globals, 8 P
gc 1444 @37.886s 0%: 0.10+0.49+0.082 ms clock, 0.82+0.73/0.57/0+0.66 ms cpu, 3->3->1 MB, 4 MB goal, 0 MB stacks, 0 MB globals, 8 P
gc 1445 @37.888s 0%: 0.10+0.49+0.070 ms clock, 0.81+0.56/0.65/0+0.56 ms cpu, 3->3->1 MB, 4 MB goal, 0 MB stacks, 0 MB globals, 8 P
gc 1446 @37.891s 0%: 0.097+0.50+0.11 ms clock, 0.78+0.61/0.58/0+0.93 ms cpu, 3->3->1 MB, 4 MB goal, 0 MB stacks, 0 MB globals, 8 P
gc 1447 @37.894s 0%: 0.11+0.49+0.089 ms clock, 0.95+0.52/0.69/0+0.71 ms cpu, 3->3->1 MB, 4 MB goal, 0 MB stacks, 0 MB globals, 8 P
gc 1448 @37.897s 0%: 0.11+0.49+0.083 ms clock, 0.92+0.62/0.63/0+0.66 ms cpu, 3->3->1 MB, 4 MB goal, 0 MB stacks, 0 MB globals, 8 P
gc 1449 @37.900s 0%: 0.11+0.42+0.046 ms clock, 0.89+0.79/0.50/0+0.37 ms cpu, 3->3->1 MB, 4 MB goal, 0 MB stacks, 0 MB globals, 8 P
gc 1450 @37.902s 0%: 0.11+0.43+0.093 ms clock, 0.92+0.71/0.55/0+0.74 ms cpu, 3->3->1 MB, 4 MB goal, 0 MB stacks, 0 MB globals, 8 P
gc 1451 @37.905s 0%: 0.073+0.49+0.11 ms clock, 0.58+0.78/0.61/0+0.93 ms cpu, 3->3->1 MB, 4 MB goal, 0 MB stacks, 0 MB globals, 8 P
gc 1452 @37.908s 0%: 0.13+0.51+0.090 ms clock, 1.0+0.52/0.59/0+0.72 ms cpu, 3->3->1 MB, 4 MB goal, 0 MB stacks, 0 MB globals, 8 P
gc 1453 @37.911s 0%: 0.14+0.97+0.089 ms clock, 1.1+0.58/0.68/0+0.71 ms cpu, 3->3->1 MB, 4 MB goal, 0 MB stacks, 0 MB globals, 8 P
gc 1454 @37.914s 1%: 0.11+0.54+0.11 ms clock, 0.90+0.59/0.71/0+0.92 ms cpu, 3->3->1 MB, 4 MB goal, 0 MB stacks, 0 MB globals, 8 P
gc 1455 @37.917s 1%: 0.075+0.45+0.049 ms clock, 0.60+0.59/0.60/0+0.39 ms cpu, 3->3->1 MB, 4 MB goal, 0 MB stacks, 0 MB globals, 8 P
gc 1456 @37.919s 1%: 0.10+0.51+0.11 ms clock, 0.83+0.61/0.62/0+0.94 ms cpu, 3->3->1 MB, 4 MB goal, 0 MB stacks, 0 MB globals, 8 P
gc 1457 @37.922s 1%: 0.088+0.59+0.099 ms clock, 0.70+0.66/0.67/0+0.79 ms cpu, 3->3->1 MB, 4 MB goal, 0 MB stacks, 0 MB globals, 8 P
gc 1458 @37.925s 1%: 0.10+0.50+0.11 ms clock, 0.83+0.66/0.58/0+0.89 ms cpu, 3->3->1 MB, 4 MB goal, 0 MB stacks, 0 MB globals, 8 P
gc 1459 @37.928s 1%: 0.12+0.49+0.092 ms clock, 1.0+0.68/0.55/0+0.73 ms cpu, 3->3->1 MB, 4 MB goal, 0 MB stacks, 0 MB globals, 8 P
gc 1460 @37.930s 1%: 0.094+0.58+0.099 ms clock, 0.75+0.73/0.53/0+0.79 ms cpu, 3->3->1 MB, 4 MB goal, 0 MB stacks, 0 MB globals, 8 P
gc 1461 @37.933s 1%: 0.071+0.94+0.049 ms clock, 0.57+0.68/0.65/0+0.39 ms cpu, 3->3->1 MB, 4 MB goal, 0 MB stacks, 0 MB globals, 8 P
gc 1462 @37.936s 1%: 0.045+0.50+0.068 ms clock, 0.36+0.53/0.66/0+0.54 ms cpu, 3->3->1 MB, 4 MB goal, 0 MB stacks, 0 MB globals, 8 P
gc 1463 @37.939s 1%: 0.074+0.53+0.057 ms clock, 0.59+0.65/0.63/0+0.46 ms cpu, 3->3->1 MB, 4 MB goal, 0 MB stacks, 0 MB globals, 8 P
gc 1464 @37.942s 1%: 0.11+0.60+0.13 ms clock, 0.91+0.69/0.60/0+1.0 ms cpu, 3->3->1 MB, 4 MB goal, 0 MB stacks, 0 MB globals, 8 P
gc 1465 @37.944s 1%: 0.13+0.91+0.071 ms clock, 1.0+0.77/0.50/0+0.56 ms cpu, 3->3->1 MB, 4 MB goal, 0 MB stacks, 0 MB globals, 8 P
gc 1466 @37.947s 1%: 0.10+0.55+0.097 ms clock, 0.82+0.69/0.54/0+0.77 ms cpu, 3->3->1 MB, 4 MB goal, 0 MB stacks, 0 MB globals, 8 P
gc 1467 @37.950s 1%: 0.10+0.69+0.10 ms clock, 0.86+0.56/0.62/0+0.86 ms cpu, 3->3->1 MB, 4 MB goal, 0 MB stacks, 0 MB globals, 8 P
gc 1468 @37.953s 1%: 0.11+0.47+0.089 ms clock, 0.95+0.65/0.54/0+0.71 ms cpu, 3->3->1 MB, 4 MB goal, 0 MB stacks, 0 MB globals, 8 P
gc 1469 @37.956s 1%: 0.10+0.55+0.083 ms clock, 0.85+0.58/0.62/0+0.67 ms cpu, 3->3->1 MB, 4 MB goal, 0 MB stacks, 0 MB globals, 8 P
gc 1470 @37.958s 1%: 0.089+0.70+0.085 ms clock, 0.71+0.47/0.61/0+0.68 ms cpu, 3->3->1 MB, 4 MB goal, 0 MB stacks, 0 MB globals, 8 P
gc 1471 @37.961s 1%: 0.082+0.65+0.086 ms clock, 0.66+0.74/0.57/0+0.69 ms cpu, 3->3->1 MB, 4 MB goal, 0 MB stacks, 0 MB globals, 8 P
gc 1472 @37.964s 1%: 0.13+0.86+0.071 ms clock, 1.0+0.63/0.62/0+0.57 ms cpu, 3->3->1 MB, 4 MB goal, 0 MB stacks, 0 MB globals, 8 P
gc 1473 @37.967s 1%: 0.094+0.50+0.10 ms clock, 0.75+0.70/0.60/0+0.85 ms cpu, 3->3->1 MB, 4 MB goal, 0 MB stacks, 0 MB globals, 8 P
gc 1474 @37.970s 1%: 0.12+0.56+0.077 ms clock, 0.98+0.53/0.59/0+0.61 ms cpu, 3->3->1 MB, 4 MB goal, 0 MB stacks, 0 MB globals, 8 P
gc 1475 @37.973s 1%: 0.080+0.89+0.075 ms clock, 0.64+0.57/0.64/0+0.60 ms cpu, 3->3->1 MB, 4 MB goal, 0 MB stacks, 0 MB globals, 8 P
gc 1476 @37.976s 1%: 0.065+0.50+0.079 ms clock, 0.52+0.72/0.57/0+0.63 ms cpu, 3->3->1 MB, 4 MB goal, 0 MB stacks, 0 MB globals, 8 P
gc 1477 @37.978s 1%: 0.11+0.82+0.057 ms clock, 0.91+0.62/0.74/0+0.46 ms cpu, 3->3->1 MB, 4 MB goal, 0 MB stacks, 0 MB globals, 8 P
gc 1478 @37.982s 1%: 0.10+0.61+0.088 ms clock, 0.83+0.68/0.66/0+0.71 ms cpu, 3->3->1 MB, 4 MB goal, 0 MB stacks, 0 MB globals, 8 P
gc 1479 @37.984s 1%: 0.14+0.42+0.091 ms clock, 1.1+0.76/0.56/0+0.73 ms cpu, 3->3->1 MB, 4 MB goal, 0 MB stacks, 0 MB globals, 8 P
gc 1480 @37.987s 1%: 0.11+0.92+0.084 ms clock, 0.94+0.75/0.66/0+0.67 ms cpu, 3->3->1 MB, 4 MB goal, 0 MB stacks, 0 MB globals, 8 P
gc 1481 @37.990s 1%: 0.10+0.59+0.12 ms clock, 0.85+0.69/0.64/0+0.96 ms cpu, 3->3->1 MB, 4 MB goal, 0 MB stacks, 0 MB globals, 8 P
gc 1482 @37.992s 1%: 0.10+0.61+0.095 ms clock, 0.87+0.62/0.73/0+0.76 ms cpu, 3->3->1 MB, 4 MB goal, 0 MB stacks, 0 MB globals, 8 P
gc 1483 @37.995s 1%: 0.091+0.47+0.094 ms clock, 0.73+0.67/0.65/0+0.75 ms cpu, 3->3->1 MB, 4 MB goal, 0 MB stacks, 0 MB globals, 8 P
gc 1484 @37.998s 1%: 0.13+0.50+0.12 ms clock, 1.0+0.69/0.66/0+0.97 ms cpu, 3->3->1 MB, 4 MB goal, 0 MB stacks, 0 MB globals, 8 P
gc 1485 @38.001s 1%: 0.10+0.46+0.085 ms clock, 0.84+0.66/0.52/0+0.68 ms cpu, 3->3->1 MB, 4 MB goal, 0 MB stacks, 0 MB globals, 8 P
gc 1486 @38.003s 1%: 0.11+1.0+0.11 ms clock, 0.93+0.61/0.63/0+0.91 ms cpu, 3->4->1 MB, 4 MB goal, 0 MB stacks, 0 MB globals, 8 P
gc 1487 @38.006s 1%: 0.13+0.80+0.14 ms clock, 1.0+0.75/0.64/0+1.1 ms cpu, 3->4->1 MB, 4 MB goal, 0 MB stacks, 0 MB globals, 8 P
gc 1488 @38.009s 1%: 0.077+0.64+0.053 ms clock, 0.62+0.69/0.64/0+0.43 ms cpu, 3->3->1 MB, 4 MB goal, 0 MB stacks, 0 MB globals, 8 P
gc 1489 @38.012s 1%: 0.11+0.53+0.050 ms clock, 0.93+0.58/0.66/0+0.40 ms cpu, 3->3->1 MB, 4 MB goal, 0 MB stacks, 0 MB globals, 8 P
gc 1490 @38.015s 1%: 0.11+0.51+0.11 ms clock, 0.94+0.65/0.71/0+0.95 ms cpu, 3->3->1 MB, 4 MB goal, 0 MB stacks, 0 MB globals, 8 P
gc 1491 @38.018s 1%: 0.10+0.74+0.087 ms clock, 0.83+0.68/0.57/0+0.69 ms cpu, 3->3->1 MB, 4 MB goal, 0 MB stacks, 0 MB globals, 8 P
gc 1492 @38.020s 1%: 0.10+0.68+0.090 ms clock, 0.84+0.68/0.59/0+0.72 ms cpu, 3->3->1 MB, 4 MB goal, 0 MB stacks, 0 MB globals, 8 P
gc 1493 @38.023s 1%: 0.088+0.56+0.094 ms clock, 0.71+0.65/0.61/0+0.75 ms cpu, 3->3->1 MB, 4 MB goal, 0 MB stacks, 0 MB globals, 8 P
gc 1494 @38.026s 1%: 0.099+0.43+0.060 ms clock, 0.79+0.63/0.59/0+0.48 ms cpu, 3->3->1 MB, 4 MB goal, 0 MB stacks, 0 MB globals, 8 P
gc 1495 @38.029s 1%: 0.12+0.64+0.071 ms clock, 0.96+0.53/0.66/0+0.57 ms cpu, 3->3->1 MB, 4 MB goal, 0 MB stacks, 0 MB globals, 8 P
gc 1496 @38.032s 1%: 0.077+0.46+0.11 ms clock, 0.61+0.62/0.60/0+0.90 ms cpu, 3->3->1 MB, 4 MB goal, 0 MB stacks, 0 MB globals, 8 P
gc 1497 @38.034s 1%: 0.15+0.43+0.10 ms clock, 1.2+0.40/0.66/0+0.85 ms cpu, 3->3->1 MB, 4 MB goal, 0 MB stacks, 0 MB globals, 8 P
gc 1498 @38.037s 1%: 0.10+0.54+0.082 ms clock, 0.83+0.73/0.64/0+0.65 ms cpu, 3->3->1 MB, 4 MB goal, 0 MB stacks, 0 MB globals, 8 P
gc 1499 @38.040s 1%: 0.075+0.46+0.099 ms clock, 0.60+0.71/0.60/0+0.79 ms cpu, 3->3->1 MB, 4 MB goal, 0 MB stacks, 0 MB globals, 8 P
gc 1500 @38.043s 1%: 0.11+0.52+0.11 ms clock, 0.88+0.63/0.59/0+0.88 ms cpu, 3->3->1 MB, 4 MB goal, 0 MB stacks, 0 MB globals, 8 P
gc 1501 @38.046s 1%: 0.077+0.67+0.069 ms clock, 0.62+0.79/0.66/0+0.55 ms cpu, 3->3->1 MB, 4 MB goal, 0 MB stacks, 0 MB globals, 8 P
gc 1502 @38.048s 1%: 0.10+0.45+0.074 ms clock, 0.84+0.73/0.53/0+0.59 ms cpu, 3->3->1 MB, 4 MB goal, 0 MB stacks, 0 MB globals, 8 P
gc 1503 @38.051s 1%: 0.095+0.42+0.049 ms clock, 0.76+0.70/0.57/0+0.39 ms cpu, 3->3->1 MB, 4 MB goal, 0 MB stacks, 0 MB globals, 8 P
gc 1504 @38.054s 1%: 0.11+0.70+0.11 ms clock, 0.93+0.56/0.68/0+0.89 ms cpu, 3->3->1 MB, 4 MB goal, 0 MB stacks, 0 MB globals, 8 P
gc 1505 @38.057s 1%: 0.11+0.76+0.065 ms clock, 0.88+0.43/0.66/0+0.52 ms cpu, 3->3->1 MB, 4 MB goal, 0 MB stacks, 0 MB globals, 8 P
gc 1506 @38.059s 1%: 0.094+0.53+0.085 ms clock, 0.75+0.71/0.63/0+0.68 ms cpu, 3->3->1 MB, 4 MB goal, 0 MB stacks, 0 MB globals, 8 P
gc 1507 @38.062s 1%: 0.093+0.70+0.10 ms clock, 0.74+0.57/0.64/0+0.84 ms cpu, 3->3->1 MB, 4 MB goal, 0 MB stacks, 0 MB globals, 8 P
gc 1508 @38.065s 1%: 0.11+0.80+0.056 ms clock, 0.93+0.62/0.66/0+0.45 ms cpu, 3->3->1 MB, 4 MB goal, 0 MB stacks, 0 MB globals, 8 P
gc 1509 @38.068s 1%: 0.11+0.53+0.062 ms clock, 0.89+0.71/0.46/0+0.49 ms cpu, 3->3->1 MB, 4 MB goal, 0 MB stacks, 0 MB globals, 8 P
gc 1510 @38.071s 1%: 0.095+0.51+0.10 ms clock, 0.76+0.68/0.57/0+0.81 ms cpu, 3->3->1 MB, 4 MB goal, 0 MB stacks, 0 MB globals, 8 P
gc 1511 @38.073s 1%: 0.092+0.60+0.092 ms clock, 0.73+0.74/0.70/0+0.74 ms cpu, 3->3->1 MB, 4 MB goal, 0 MB stacks, 0 MB globals, 8 P
gc 1512 @38.076s 1%: 0.13+0.48+0.093 ms clock, 1.0+0.55/0.64/0+0.75 ms cpu, 3->3->1 MB, 4 MB goal, 0 MB stacks, 0 MB globals, 8 P
gc 1513 @38.079s 1%: 0.14+0.48+0.10 ms clock, 1.1+0.64/0.60/0+0.80 ms cpu, 3->3->1 MB, 4 MB goal, 0 MB stacks, 0 MB globals, 8 P
gc 1514 @38.082s 1%: 0.098+0.53+0.082 ms clock, 0.78+0.68/0.65/0+0.65 ms cpu, 3->3->1 MB, 4 MB goal, 0 MB stacks, 0 MB globals, 8 P
gc 1515 @38.084s 1%: 0.079+0.41+0.12 ms clock, 0.63+0.62/0.59/0+1.0 ms cpu, 3->3->1 MB, 4 MB goal, 0 MB stacks, 0 MB globals, 8 P
gc 1516 @38.087s 1%: 0.080+0.51+0.10 ms clock, 0.64+0.66/0.63/0+0.86 ms cpu, 3->3->1 MB, 4 MB goal, 0 MB stacks, 0 MB globals, 8 P
gc 1517 @38.090s 1%: 0.10+0.88+0.084 ms clock, 0.86+0.68/0.64/0+0.67 ms cpu, 3->3->1 MB, 4 MB goal, 0 MB stacks, 0 MB globals, 8 P
gc 1518 @38.093s 1%: 0.088+0.58+0.12 ms clock, 0.70+0.72/0.50/0+0.99 ms cpu, 3->3->1 MB, 4 MB goal, 0 MB stacks, 0 MB globals, 8 P
gc 1519 @38.096s 1%: 0.11+0.38+0.10 ms clock, 0.93+0.77/0.48/0+0.83 ms cpu, 3->3->1 MB, 4 MB goal, 0 MB stacks, 0 MB globals, 8 P
gc 1520 @38.098s 1%: 0.12+0.41+0.10 ms clock, 1.0+0.66/0.52/0+0.85 ms cpu, 3->3->1 MB, 4 MB goal, 0 MB stacks, 0 MB globals, 8 P
gc 1521 @38.101s 1%: 0.10+0.44+0.092 ms clock, 0.87+0.63/0.56/0+0.74 ms cpu, 3->3->1 MB, 4 MB goal, 0 MB stacks, 0 MB globals, 8 P
gc 1522 @38.104s 1%: 0.10+0.78+0.078 ms clock, 0.85+0.69/0.60/0+0.62 ms cpu, 3->3->1 MB, 4 MB goal, 0 MB stacks, 0 MB globals, 8 P
gc 1523 @38.107s 1%: 0.068+0.67+0.081 ms clock, 0.54+0.76/0.72/0+0.65 ms cpu, 3->3->1 MB, 4 MB goal, 0 MB stacks, 0 MB globals, 8 P
gc 1524 @38.110s 1%: 0.10+0.61+0.044 ms clock, 0.87+0.64/0.56/0+0.35 ms cpu, 3->3->1 MB, 4 MB goal, 0 MB stacks, 0 MB globals, 8 P
gc 1525 @38.112s 1%: 0.097+0.36+0.076 ms clock, 0.78+0.67/0.54/0+0.61 ms cpu, 3->3->1 MB, 4 MB goal, 0 MB stacks, 0 MB globals, 8 P
gc 1526 @38.115s 1%: 0.050+0.47+0.074 ms clock, 0.40+0.72/0.61/0+0.59 ms cpu, 3->3->1 MB, 4 MB goal, 0 MB stacks, 0 MB globals, 8 P
gc 1527 @38.118s 1%: 0.095+0.70+0.099 ms clock, 0.76+0.64/0.64/0+0.79 ms cpu, 3->3->1 MB, 4 MB goal, 0 MB stacks, 0 MB globals, 8 P
gc 1528 @38.121s 1%: 0.10+0.48+0.11 ms clock, 0.83+0.67/0.60/0+0.90 ms cpu, 3->3->1 MB, 4 MB goal, 0 MB stacks, 0 MB globals, 8 P
gc 1529 @38.123s 1%: 0.060+0.54+0.069 ms clock, 0.48+0.63/0.64/0+0.55 ms cpu, 3->3->1 MB, 4 MB goal, 0 MB stacks, 0 MB globals, 8 P
gc 1530 @38.126s 1%: 0.12+0.50+0.090 ms clock, 0.96+0.61/0.59/0+0.72 ms cpu, 3->3->1 MB, 4 MB goal, 0 MB stacks, 0 MB globals, 8 P
gc 1531 @38.129s 1%: 0.13+0.75+0.049 ms clock, 1.0+0.66/0.53/0+0.39 ms cpu, 3->3->1 MB, 4 MB goal, 0 MB stacks, 0 MB globals, 8 P
gc 1532 @38.132s 1%: 0.090+0.71+0.078 ms clock, 0.72+0.72/0.49/0+0.63 ms cpu, 3->3->1 MB, 4 MB goal, 0 MB stacks, 0 MB globals, 8 P
gc 1533 @38.135s 1%: 0.093+0.48+0.10 ms clock, 0.75+0.64/0.60/0+0.81 ms cpu, 3->3->1 MB, 4 MB goal, 0 MB stacks, 0 MB globals, 8 P
gc 1534 @38.137s 1%: 0.12+0.55+0.084 ms clock, 0.98+0.77/0.60/0+0.67 ms cpu, 3->3->1 MB, 4 MB goal, 0 MB stacks, 0 MB globals, 8 P
gc 1535 @38.140s 1%: 0.10+0.44+0.10 ms clock, 0.81+0.65/0.58/0+0.85 ms cpu, 3->3->1 MB, 4 MB goal, 0 MB stacks, 0 MB globals, 8 P
gc 1536 @38.143s 1%: 0.082+0.56+0.045 ms clock, 0.65+0.73/0.62/0+0.36 ms cpu, 3->3->1 MB, 4 MB goal, 0 MB stacks, 0 MB globals, 8 P
gc 1537 @38.146s 1%: 0.12+0.51+0.042 ms clock, 0.96+0.68/0.65/0+0.34 ms cpu, 3->3->1 MB, 4 MB goal, 0 MB stacks, 0 MB globals, 8 P
gc 1538 @38.148s 1%: 0.12+0.55+0.074 ms clock, 1.0+0.76/0.57/0+0.59 ms cpu, 3->3->1 MB, 4 MB goal, 0 MB stacks, 0 MB globals, 8 P
gc 1539 @38.151s 1%: 0.13+0.67+0.094 ms clock, 1.0+0.65/0.61/0+0.75 ms cpu, 3->3->1 MB, 4 MB goal, 0 MB stacks, 0 MB globals, 8 P
gc 1540 @38.154s 1%: 0.072+0.54+0.11 ms clock, 0.58+0.70/0.67/0+0.90 ms cpu, 3->3->1 MB, 4 MB goal, 0 MB stacks, 0 MB globals, 8 P
gc 1541 @38.157s 1%: 0.061+0.46+0.081 ms clock, 0.49+0.57/0.60/0+0.65 ms cpu, 3->3->1 MB, 4 MB goal, 0 MB stacks, 0 MB globals, 8 P
gc 1542 @38.159s 1%: 0.12+0.91+0.080 ms clock, 0.98+0.71/0.58/0+0.64 ms cpu, 3->3->1 MB, 4 MB goal, 0 MB stacks, 0 MB globals, 8 P
gc 1543 @38.162s 1%: 0.11+0.50+0.065 ms clock, 0.92+0.70/0.59/0+0.52 ms cpu, 3->3->1 MB, 4 MB goal, 0 MB stacks, 0 MB globals, 8 P
gc 1544 @38.165s 1%: 0.099+0.53+0.053 ms clock, 0.79+0.71/0.57/0+0.42 ms cpu, 3->3->1 MB, 4 MB goal, 0 MB stacks, 0 MB globals, 8 P
gc 1545 @38.168s 1%: 0.090+0.44+0.091 ms clock, 0.72+0.59/0.53/0+0.72 ms cpu, 3->3->1 MB, 4 MB goal, 0 MB stacks, 0 MB globals, 8 P
gc 1546 @38.171s 1%: 0.11+0.55+0.11 ms clock, 0.90+0.52/0.67/0+0.90 ms cpu, 3->3->1 MB, 4 MB goal, 0 MB stacks, 0 MB globals, 8 P
gc 1547 @38.174s 1%: 0.11+0.51+0.077 ms clock, 0.89+0.62/0.64/0+0.62 ms cpu, 3->3->1 MB, 4 MB goal, 0 MB stacks, 0 MB globals, 8 P
gc 1548 @38.176s 1%: 0.11+0.44+0.10 ms clock, 0.93+0.68/0.56/0+0.85 ms cpu, 3->3->1 MB, 4 MB goal, 0 MB stacks, 0 MB globals, 8 P
gc 1549 @38.179s 1%: 0.11+0.83+0.094 ms clock, 0.91+0.69/0.59/0+0.75 ms cpu, 3->3->1 MB, 4 MB goal, 0 MB stacks, 0 MB globals, 8 P
gc 1550 @38.182s 1%: 0.091+0.43+0.056 ms clock, 0.73+0.60/0.58/0+0.44 ms cpu, 3->3->1 MB, 4 MB goal, 0 MB stacks, 0 MB globals, 8 P
gc 1551 @38.185s 1%: 0.084+0.74+0.11 ms clock, 0.67+0.71/0.64/0+0.89 ms cpu, 3->3->1 MB, 4 MB goal, 0 MB stacks, 0 MB globals, 8 P
gc 1552 @38.188s 1%: 0.071+0.57+0.10 ms clock, 0.57+0.58/0.65/0+0.80 ms cpu, 3->3->1 MB, 4 MB goal, 0 MB stacks, 0 MB globals, 8 P
gc 1553 @38.190s 1%: 0.072+0.83+0.091 ms clock, 0.58+0.67/0.65/0+0.73 ms cpu, 3->3->1 MB, 4 MB goal, 0 MB stacks, 0 MB globals, 8 P
gc 1554 @38.193s 1%: 0.13+0.45+0.093 ms clock, 1.0+0.73/0.52/0.014+0.74 ms cpu, 3->3->1 MB, 4 MB goal, 0 MB stacks, 0 MB globals, 8 P
gc 1555 @38.196s 1%: 0.087+0.80+0.068 ms clock, 0.70+0.70/0.56/0+0.54 ms cpu, 3->3->1 MB, 4 MB goal, 0 MB stacks, 0 MB globals, 8 P
gc 1556 @38.199s 1%: 0.091+0.39+0.049 ms clock, 0.73+0.68/0.55/0+0.39 ms cpu, 3->3->1 MB, 4 MB goal, 0 MB stacks, 0 MB globals, 8 P
gc 1557 @38.201s 1%: 0.10+0.50+0.093 ms clock, 0.87+0.67/0.59/0+0.74 ms cpu, 3->3->1 MB, 4 MB goal, 0 MB stacks, 0 MB globals, 8 P
gc 1558 @38.204s 1%: 0.056+0.70+0.038 ms clock, 0.45+0.55/0.63/0+0.30 ms cpu, 3->3->1 MB, 4 MB goal, 0 MB stacks, 0 MB globals, 8 P
gc 1559 @38.207s 1%: 0.11+0.47+0.10 ms clock, 0.95+0.55/0.59/0+0.82 ms cpu, 3->3->1 MB, 4 MB goal, 0 MB stacks, 0 MB globals, 8 P
gc 1560 @38.210s 1%: 0.11+0.45+0.095 ms clock, 0.89+0.67/0.60/0+0.76 ms cpu, 3->3->1 MB, 4 MB goal, 0 MB stacks, 0 MB globals, 8 P
gc 1561 @38.213s 1%: 0.15+0.47+0.082 ms clock, 1.2+0.57/0.60/0+0.65 ms cpu, 3->3->1 MB, 4 MB goal, 0 MB stacks, 0 MB globals, 8 P
gc 1562 @38.215s 1%: 0.14+0.56+0.10 ms clock, 1.1+0.58/0.73/0+0.87 ms cpu, 3->3->1 MB, 4 MB goal, 0 MB stacks, 0 MB globals, 8 P
gc 1563 @38.218s 1%: 0.061+0.56+0.096 ms clock, 0.48+0.57/0.78/0+0.76 ms cpu, 3->3->1 MB, 4 MB goal, 0 MB stacks, 0 MB globals, 8 P
gc 1564 @38.221s 1%: 0.090+0.60+0.086 ms clock, 0.72+0.73/0.69/0+0.69 ms cpu, 3->3->1 MB, 4 MB goal, 0 MB stacks, 0 MB globals, 8 P
gc 1565 @38.224s 1%: 0.066+0.44+0.11 ms clock, 0.53+0.57/0.67/0+0.95 ms cpu, 3->3->1 MB, 4 MB goal, 0 MB stacks, 0 MB globals, 8 P
gc 1566 @38.226s 1%: 0.12+0.58+0.083 ms clock, 0.98+0.59/0.73/0+0.66 ms cpu, 3->3->1 MB, 4 MB goal, 0 MB stacks, 0 MB globals, 8 P
gc 1567 @38.229s 1%: 0.079+0.49+0.094 ms clock, 0.63+0.66/0.66/0+0.75 ms cpu, 3->3->1 MB, 4 MB goal, 0 MB stacks, 0 MB globals, 8 P
gc 1568 @38.232s 1%: 0.11+0.46+0.054 ms clock, 0.90+0.65/0.59/0+0.43 ms cpu, 3->3->1 MB, 4 MB goal, 0 MB stacks, 0 MB globals, 8 P
gc 1569 @38.235s 1%: 0.078+0.75+0.094 ms clock, 0.62+0.69/0.70/0+0.75 ms cpu, 3->3->1 MB, 4 MB goal, 0 MB stacks, 0 MB globals, 8 P
gc 1570 @38.238s 1%: 0.10+0.50+0.074 ms clock, 0.80+0.73/0.60/0+0.59 ms cpu, 3->3->1 MB, 4 MB goal, 0 MB stacks, 0 MB globals, 8 P
gc 1571 @38.240s 1%: 0.11+0.39+0.067 ms clock, 0.89+0.68/0.51/0+0.54 ms cpu, 3->3->1 MB, 4 MB goal, 0 MB stacks, 0 MB globals, 8 P
gc 1572 @38.243s 1%: 0.086+0.50+0.044 ms clock, 0.69+0.66/0.63/0+0.35 ms cpu, 3->3->1 MB, 4 MB goal, 0 MB stacks, 0 MB globals, 8 P
gc 1573 @38.246s 1%: 0.095+0.43+0.14 ms clock, 0.76+0.64/0.52/0+1.1 ms cpu, 3->3->1 MB, 4 MB goal, 0 MB stacks, 0 MB globals, 8 P
gc 1574 @38.249s 1%: 0.085+0.74+0.076 ms clock, 0.68+0.50/0.46/0+0.61 ms cpu, 3->3->1 MB, 4 MB goal, 0 MB stacks, 0 MB globals, 8 P
gc 1575 @38.252s 1%: 0.11+0.47+0.10 ms clock, 0.95+0.65/0.59/0+0.80 ms cpu, 3->3->1 MB, 4 MB goal, 0 MB stacks, 0 MB globals, 8 P
gc 1576 @38.254s 1%: 0.12+0.55+0.098 ms clock, 1.0+0.62/0.68/0+0.78 ms cpu, 3->3->1 MB, 4 MB goal, 0 MB stacks, 0 MB globals, 8 P
gc 1577 @38.257s 1%: 0.10+0.93+0.060 ms clock, 0.81+0.75/0.59/0+0.48 ms cpu, 3->3->1 MB, 4 MB goal, 0 MB stacks, 0 MB globals, 8 P
gc 1578 @38.260s 1%: 0.092+0.89+0.068 ms clock, 0.73+0.73/0.56/0+0.55 ms cpu, 3->4->1 MB, 4 MB goal, 0 MB stacks, 0 MB globals, 8 P
gc 1579 @38.263s 1%: 0.088+0.47+0.10 ms clock, 0.71+0.72/0.58/0+0.80 ms cpu, 3->3->1 MB, 4 MB goal, 0 MB stacks, 0 MB globals, 8 P
gc 1580 @38.266s 1%: 0.11+0.56+0.11 ms clock, 0.92+0.64/0.59/0+0.90 ms cpu, 3->3->1 MB, 4 MB goal, 0 MB stacks, 0 MB globals, 8 P
gc 1581 @38.269s 1%: 0.11+0.53+0.044 ms clock, 0.93+0.47/0.60/0+0.35 ms cpu, 3->3->1 MB, 4 MB goal, 0 MB stacks, 0 MB globals, 8 P
gc 1582 @38.271s 1%: 0.085+0.52+0.095 ms clock, 0.68+0.64/0.59/0+0.76 ms cpu, 3->3->1 MB, 4 MB goal, 0 MB stacks, 0 MB globals, 8 P
gc 1583 @38.274s 1%: 0.056+0.41+0.066 ms clock, 0.45+0.67/0.50/0+0.53 ms cpu, 3->3->1 MB, 4 MB goal, 0 MB stacks, 0 MB globals, 8 P
gc 1584 @38.277s 1%: 0.083+0.51+0.098 ms clock, 0.66+0.79/0.58/0+0.78 ms cpu, 3->3->1 MB, 4 MB goal, 0 MB stacks, 0 MB globals, 8 P
gc 1585 @38.279s 1%: 0.056+0.46+0.047 ms clock, 0.44+0.75/0.59/0+0.37 ms cpu, 3->3->1 MB, 4 MB goal, 0 MB stacks, 0 MB globals, 8 P
gc 1586 @38.282s 1%: 0.12+0.52+0.058 ms clock, 0.96+0.72/0.59/0+0.46 ms cpu, 3->3->1 MB, 4 MB goal, 0 MB stacks, 0 MB globals, 8 P
gc 1587 @38.285s 1%: 0.12+0.80+0.075 ms clock, 1.0+0.59/0.61/0+0.60 ms cpu, 3->3->1 MB, 4 MB goal, 0 MB stacks, 0 MB globals, 8 P
gc 1588 @38.288s 1%: 0.074+0.54+0.082 ms clock, 0.59+0.67/0.60/0+0.65 ms cpu, 3->3->1 MB, 4 MB goal, 0 MB stacks, 0 MB globals, 8 P
gc 1589 @38.291s 1%: 0.098+0.54+0.078 ms clock, 0.79+0.71/0.62/0+0.62 ms cpu, 3->3->1 MB, 4 MB goal, 0 MB stacks, 0 MB globals, 8 P
gc 1590 @38.293s 1%: 0.12+0.50+0.10 ms clock, 0.98+0.60/0.61/0+0.80 ms cpu, 3->3->1 MB, 4 MB goal, 0 MB stacks, 0 MB globals, 8 P
gc 1591 @38.296s 1%: 0.095+0.57+0.074 ms clock, 0.76+0.79/0.58/0+0.59 ms cpu, 3->3->1 MB, 4 MB goal, 0 MB stacks, 0 MB globals, 8 P
gc 1592 @38.299s 1%: 0.089+0.47+0.12 ms clock, 0.71+0.59/0.55/0+1.0 ms cpu, 3->3->1 MB, 4 MB goal, 0 MB stacks, 0 MB globals, 8 P
gc 1593 @38.302s 1%: 0.094+0.48+0.054 ms clock, 0.75+0.59/0.49/0+0.43 ms cpu, 3->3->1 MB, 4 MB goal, 0 MB stacks, 0 MB globals, 8 P
gc 1594 @38.304s 1%: 0.10+0.61+0.11 ms clock, 0.83+0.69/0.62/0+0.95 ms cpu, 3->3->1 MB, 4 MB goal, 0 MB stacks, 0 MB globals, 8 P
gc 1595 @38.307s 1%: 0.10+0.56+0.11 ms clock, 0.87+0.51/0.65/0+0.95 ms cpu, 3->3->1 MB, 4 MB goal, 0 MB stacks, 0 MB globals, 8 P
gc 1596 @38.310s 1%: 0.074+0.53+0.054 ms clock, 0.59+0.62/0.61/0+0.43 ms cpu, 3->3->1 MB, 4 MB goal, 0 MB stacks, 0 MB globals, 8 P
gc 1597 @38.313s 1%: 0.12+0.48+0.11 ms clock, 1.0+0.70/0.65/0+0.90 ms cpu, 3->3->1 MB, 4 MB goal, 0 MB stacks, 0 MB globals, 8 P
gc 1598 @38.315s 1%: 0.098+0.52+0.052 ms clock, 0.78+0.63/0.65/0+0.42 ms cpu, 3->3->1 MB, 4 MB goal, 0 MB stacks, 0 MB globals, 8 P
gc 1599 @38.318s 1%: 0.093+0.48+0.092 ms clock, 0.74+0.74/0.56/0+0.73 ms cpu, 3->3->1 MB, 4 MB goal, 0 MB stacks, 0 MB globals, 8 P
gc 1600 @38.321s 1%: 0.084+0.50+0.087 ms clock, 0.67+0.39/0.63/0+0.69 ms cpu, 3->3->1 MB, 4 MB goal, 0 MB stacks, 0 MB globals, 8 P
gc 1601 @38.324s 1%: 0.098+0.47+0.10 ms clock, 0.78+0.72/0.57/0+0.80 ms cpu, 3->3->1 MB, 4 MB goal, 0 MB stacks, 0 MB globals, 8 P
gc 1602 @38.326s 1%: 0.089+0.69+0.11 ms clock, 0.71+0.72/0.53/0+0.90 ms cpu, 3->3->1 MB, 4 MB goal, 0 MB stacks, 0 MB globals, 8 P
gc 1603 @38.329s 1%: 0.085+0.50+0.095 ms clock, 0.68+0.62/0.63/0+0.76 ms cpu, 3->3->1 MB, 4 MB goal, 0 MB stacks, 0 MB globals, 8 P
gc 1604 @38.332s 1%: 0.13+0.67+0.097 ms clock, 1.1+0.52/0.75/0+0.78 ms cpu, 3->3->1 MB, 4 MB goal, 0 MB stacks, 0 MB globals, 8 P
gc 1605 @38.335s 1%: 0.10+0.58+0.089 ms clock, 0.83+0.58/0.70/0+0.71 ms cpu, 3->3->1 MB, 4 MB goal, 0 MB stacks, 0 MB globals, 8 P
gc 1606 @38.338s 1%: 0.077+0.59+0.056 ms clock, 0.62+0.59/0.72/0+0.45 ms cpu, 3->3->1 MB, 4 MB goal, 0 MB stacks, 0 MB globals, 8 P
gc 1607 @38.341s 1%: 0.068+0.58+0.098 ms clock, 0.54+0.66/0.68/0+0.78 ms cpu, 3->3->1 MB, 4 MB goal, 0 MB stacks, 0 MB globals, 8 P
gc 1608 @38.343s 1%: 0.10+0.72+0.078 ms clock, 0.83+0.64/0.60/0+0.63 ms cpu, 3->3->1 MB, 4 MB goal, 0 MB stacks, 0 MB globals, 8 P
gc 1609 @38.346s 1%: 0.077+0.48+0.10 ms clock, 0.61+0.71/0.55/0+0.83 ms cpu, 3->3->1 MB, 4 MB goal, 0 MB stacks, 0 MB globals, 8 P
gc 1610 @38.349s 1%: 0.12+0.58+0.080 ms clock, 0.97+0.61/0.63/0+0.64 ms cpu, 3->3->1 MB, 4 MB goal, 0 MB stacks, 0 MB globals, 8 P
gc 1611 @38.352s 1%: 0.13+0.73+0.085 ms clock, 1.0+0.67/0.71/0+0.68 ms cpu, 3->3->1 MB, 4 MB goal, 0 MB stacks, 0 MB globals, 8 P
gc 1612 @38.355s 1%: 0.093+0.57+0.13 ms clock, 0.75+0.87/0.56/0+1.0 ms cpu, 3->3->1 MB, 4 MB goal, 0 MB stacks, 0 MB globals, 8 P
gc 1613 @38.357s 1%: 0.15+0.94+0.063 ms clock, 1.2+0.61/0.63/0+0.51 ms cpu, 3->3->1 MB, 4 MB goal, 0 MB stacks, 0 MB globals, 8 P
gc 1614 @38.360s 1%: 0.085+0.40+0.083 ms clock, 0.68+0.62/0.59/0+0.66 ms cpu, 3->3->1 MB, 4 MB goal, 0 MB stacks, 0 MB globals, 8 P
gc 1615 @38.363s 1%: 0.097+0.59+0.096 ms clock, 0.78+0.50/0.66/0+0.77 ms cpu, 3->3->1 MB, 4 MB goal, 0 MB stacks, 0 MB globals, 8 P
gc 1616 @38.366s 1%: 0.071+0.67+0.051 ms clock, 0.57+0.62/0.55/0+0.41 ms cpu, 3->3->1 MB, 4 MB goal, 0 MB stacks, 0 MB globals, 8 P
gc 1617 @38.369s 1%: 0.099+0.70+0.082 ms clock, 0.79+0.74/0.55/0+0.66 ms cpu, 3->3->1 MB, 4 MB goal, 0 MB stacks, 0 MB globals, 8 P
gc 1618 @38.372s 1%: 0.12+0.50+0.079 ms clock, 1.0+0.66/0.61/0+0.63 ms cpu, 3->3->1 MB, 4 MB goal, 0 MB stacks, 0 MB globals, 8 P
gc 1619 @38.374s 1%: 0.11+0.43+0.10 ms clock, 0.88+0.56/0.63/0+0.82 ms cpu, 3->3->1 MB, 4 MB goal, 0 MB stacks, 0 MB globals, 8 P
gc 1620 @38.377s 1%: 0.095+0.48+0.11 ms clock, 0.76+0.62/0.65/0+0.90 ms cpu, 3->3->1 MB, 4 MB goal, 0 MB stacks, 0 MB globals, 8 P
gc 1621 @38.380s 1%: 0.065+0.43+0.095 ms clock, 0.52+0.58/0.52/0+0.76 ms cpu, 3->3->1 MB, 4 MB goal, 0 MB stacks, 0 MB globals, 8 P
gc 1622 @38.383s 1%: 0.12+0.47+0.11 ms clock, 1.0+0.78/0.58/0+0.93 ms cpu, 3->3->1 MB, 4 MB goal, 0 MB stacks, 0 MB globals, 8 P
gc 1623 @38.385s 1%: 0.10+1.1+0.073 ms clock, 0.84+0.68/0.70/0+0.58 ms cpu, 3->4->1 MB, 4 MB goal, 0 MB stacks, 0 MB globals, 8 P
gc 1624 @38.388s 1%: 0.10+0.89+0.11 ms clock, 0.81+0.70/0.53/0+0.90 ms cpu, 3->4->1 MB, 4 MB goal, 0 MB stacks, 0 MB globals, 8 P
gc 1625 @38.391s 1%: 0.078+0.44+0.089 ms clock, 0.62+0.68/0.57/0+0.71 ms cpu, 3->3->1 MB, 4 MB goal, 0 MB stacks, 0 MB globals, 8 P
gc 1626 @38.394s 1%: 0.099+0.62+0.11 ms clock, 0.79+0.60/0.68/0+0.88 ms cpu, 3->3->1 MB, 4 MB goal, 0 MB stacks, 0 MB globals, 8 P
gc 1627 @38.397s 1%: 0.10+0.52+0.13 ms clock, 0.81+0.58/0.68/0+1.0 ms cpu, 3->3->1 MB, 4 MB goal, 0 MB stacks, 0 MB globals, 8 P
gc 1628 @38.400s 1%: 0.098+0.42+0.10 ms clock, 0.78+0.63/0.60/0+0.81 ms cpu, 3->3->1 MB, 4 MB goal, 0 MB stacks, 0 MB globals, 8 P
gc 1629 @38.402s 1%: 0.095+0.65+0.091 ms clock, 0.76+0.63/0.70/0+0.72 ms cpu, 3->3->1 MB, 4 MB goal, 0 MB stacks, 0 MB globals, 8 P
gc 1630 @38.405s 1%: 0.10+0.53+0.081 ms clock, 0.80+0.64/0.66/0+0.64 ms cpu, 3->3->1 MB, 4 MB goal, 0 MB stacks, 0 MB globals, 8 P
gc 1631 @38.408s 1%: 0.10+0.70+0.090 ms clock, 0.81+0.71/0.64/0+0.72 ms cpu, 3->3->1 MB, 4 MB goal, 0 MB stacks, 0 MB globals, 8 P
gc 1632 @38.411s 1%: 0.067+0.49+0.097 ms clock, 0.54+0.69/0.58/0+0.78 ms cpu, 3->3->1 MB, 4 MB goal, 0 MB stacks, 0 MB globals, 8 P
gc 1633 @38.414s 1%: 0.078+0.43+0.089 ms clock, 0.62+0.62/0.57/0+0.71 ms cpu, 3->3->1 MB, 4 MB goal, 0 MB stacks, 0 MB globals, 8 P
gc 1634 @38.416s 1%: 0.091+0.62+0.057 ms clock, 0.73+0.64/0.59/0+0.46 ms cpu, 3->3->1 MB, 4 MB goal, 0 MB stacks, 0 MB globals, 8 P
gc 1635 @38.419s 1%: 0.095+0.55+0.077 ms clock, 0.76+0.67/0.69/0+0.61 ms cpu, 3->3->1 MB, 4 MB goal, 0 MB stacks, 0 MB globals, 8 P
gc 1636 @38.422s 1%: 0.10+0.60+0.099 ms clock, 0.85+0.74/0.62/0+0.79 ms cpu, 3->3->1 MB, 4 MB goal, 0 MB stacks, 0 MB globals, 8 P
gc 1637 @38.425s 1%: 0.099+0.53+0.10 ms clock, 0.79+0.61/0.60/0+0.84 ms cpu, 3->3->1 MB, 4 MB goal, 0 MB stacks, 0 MB globals, 8 P
gc 1638 @38.427s 1%: 0.11+0.47+0.10 ms clock, 0.94+0.69/0.56/0+0.86 ms cpu, 3->3->1 MB, 4 MB goal, 0 MB stacks, 0 MB globals, 8 P
gc 1639 @38.430s 1%: 0.11+0.48+0.055 ms clock, 0.88+0.64/0.62/0+0.44 ms cpu, 3->3->1 MB, 4 MB goal, 0 MB stacks, 0 MB globals, 8 P
gc 1640 @38.433s 1%: 0.10+0.56+0.091 ms clock, 0.85+0.70/0.68/0+0.72 ms cpu, 3->3->1 MB, 4 MB goal, 0 MB stacks, 0 MB globals, 8 P
gc 1641 @38.436s 1%: 0.17+0.74+0.090 ms clock, 1.3+0.68/0.64/0+0.72 ms cpu, 3->3->1 MB, 4 MB goal, 0 MB stacks, 0 MB globals, 8 P
gc 1642 @38.439s 1%: 0.096+0.41+0.079 ms clock, 0.77+0.74/0.51/0+0.63 ms cpu, 3->3->1 MB, 4 MB goal, 0 MB stacks, 0 MB globals, 8 P
gc 1643 @38.441s 1%: 0.075+0.49+0.075 ms clock, 0.60+0.67/0.59/0+0.60 ms cpu, 3->3->1 MB, 4 MB goal, 0 MB stacks, 0 MB globals, 8 P
gc 1644 @38.444s 1%: 0.10+0.98+0.088 ms clock, 0.82+0.65/0.68/0+0.70 ms cpu, 3->3->1 MB, 4 MB goal, 0 MB stacks, 0 MB globals, 8 P
gc 1645 @38.447s 1%: 0.092+0.73+0.12 ms clock, 0.74+0.54/0.71/0+0.97 ms cpu, 3->3->1 MB, 4 MB goal, 0 MB stacks, 0 MB globals, 8 P
gc 1646 @38.450s 1%: 0.089+0.40+0.048 ms clock, 0.71+0.71/0.53/0+0.38 ms cpu, 3->3->1 MB, 4 MB goal, 0 MB stacks, 0 MB globals, 8 P
gc 1647 @38.453s 1%: 0.10+0.62+0.074 ms clock, 0.84+0.59/0.68/0+0.59 ms cpu, 3->3->1 MB, 4 MB goal, 0 MB stacks, 0 MB globals, 8 P
gc 1648 @38.456s 1%: 0.12+0.54+0.043 ms clock, 1.0+0.67/0.63/0+0.34 ms cpu, 3->3->1 MB, 4 MB goal, 0 MB stacks, 0 MB globals, 8 P
gc 1649 @38.458s 1%: 0.073+0.85+0.096 ms clock, 0.59+0.58/0.69/0+0.77 ms cpu, 3->3->1 MB, 4 MB goal, 0 MB stacks, 0 MB globals, 8 P
gc 1650 @38.461s 1%: 0.12+0.66+0.084 ms clock, 0.98+0.63/0.60/0+0.67 ms cpu, 3->3->1 MB, 4 MB goal, 0 MB stacks, 0 MB globals, 8 P
gc 1651 @38.464s 1%: 0.075+0.72+0.093 ms clock, 0.60+0.66/0.61/0+0.74 ms cpu, 3->3->1 MB, 4 MB goal, 0 MB stacks, 0 MB globals, 8 P
gc 1652 @38.467s 1%: 0.10+0.70+0.086 ms clock, 0.80+0.61/0.65/0+0.69 ms cpu, 3->3->1 MB, 4 MB goal, 0 MB stacks, 0 MB globals, 8 P
gc 1653 @38.470s 1%: 0.052+0.47+0.051 ms clock, 0.42+0.65/0.64/0+0.41 ms cpu, 3->3->1 MB, 4 MB goal, 0 MB stacks, 0 MB globals, 8 P
gc 1654 @38.472s 1%: 0.11+0.52+0.049 ms clock, 0.93+0.74/0.53/0+0.39 ms cpu, 3->3->1 MB, 4 MB goal, 0 MB stacks, 0 MB globals, 8 P
gc 1655 @38.475s 1%: 0.11+0.44+0.092 ms clock, 0.89+0.65/0.56/0+0.73 ms cpu, 3->3->1 MB, 4 MB goal, 0 MB stacks, 0 MB globals, 8 P
gc 1656 @38.478s 1%: 0.10+0.43+0.079 ms clock, 0.82+0.68/0.57/0+0.63 ms cpu, 3->3->1 MB, 4 MB goal, 0 MB stacks, 0 MB globals, 8 P
gc 1657 @38.481s 1%: 0.078+0.54+0.10 ms clock, 0.62+0.70/0.64/0+0.81 ms cpu, 3->3->1 MB, 4 MB goal, 0 MB stacks, 0 MB globals, 8 P
gc 1658 @38.483s 1%: 0.11+0.60+0.046 ms clock, 0.90+0.64/0.54/0+0.37 ms cpu, 3->3->1 MB, 4 MB goal, 0 MB stacks, 0 MB globals, 8 P
gc 1659 @38.486s 1%: 0.13+0.51+0.10 ms clock, 1.0+0.55/0.61/0+0.87 ms cpu, 3->3->1 MB, 4 MB goal, 0 MB stacks, 0 MB globals, 8 P
gc 1660 @38.489s 1%: 0.11+0.43+0.098 ms clock, 0.89+0.65/0.59/0+0.78 ms cpu, 3->3->1 MB, 4 MB goal, 0 MB stacks, 0 MB globals, 8 P
gc 1661 @38.492s 1%: 0.10+0.45+0.085 ms clock, 0.86+0.58/0.61/0+0.68 ms cpu, 3->3->1 MB, 4 MB goal, 0 MB stacks, 0 MB globals, 8 P
gc 1662 @38.494s 1%: 0.16+0.48+0.038 ms clock, 1.2+0.68/0.56/0+0.30 ms cpu, 3->3->1 MB, 4 MB goal, 0 MB stacks, 0 MB globals, 8 P
gc 1663 @38.497s 1%: 0.10+1.0+0.083 ms clock, 0.83+0.68/0.59/0+0.66 ms cpu, 3->3->1 MB, 4 MB goal, 0 MB stacks, 0 MB globals, 8 P
gc 1664 @38.500s 1%: 0.14+0.59+0.097 ms clock, 1.1+0.60/0.59/0+0.77 ms cpu, 3->3->1 MB, 4 MB goal, 0 MB stacks, 0 MB globals, 8 P
gc 1665 @38.503s 1%: 0.11+0.78+0.038 ms clock, 0.88+0.70/0.55/0+0.30 ms cpu, 3->3->1 MB, 4 MB goal, 0 MB stacks, 0 MB globals, 8 P
gc 1666 @38.506s 1%: 0.054+0.54+0.090 ms clock, 0.43+0.53/0.67/0+0.72 ms cpu, 3->3->1 MB, 4 MB goal, 0 MB stacks, 0 MB globals, 8 P
gc 1667 @38.509s 1%: 0.055+0.50+0.071 ms clock, 0.44+0.51/0.63/0+0.57 ms cpu, 3->3->1 MB, 4 MB goal, 0 MB stacks, 0 MB globals, 8 P
gc 1668 @38.511s 1%: 0.078+1.1+0.048 ms clock, 0.62+0.79/1.0/0+0.38 ms cpu, 3->4->1 MB, 4 MB goal, 0 MB stacks, 0 MB globals, 8 P
gc 1669 @38.514s 1%: 0.10+0.74+0.064 ms clock, 0.80+0.69/0.65/0+0.51 ms cpu, 3->3->1 MB, 4 MB goal, 0 MB stacks, 0 MB globals, 8 P
gc 1670 @38.517s 1%: 0.11+0.51+0.088 ms clock, 0.88+0.71/0.59/0+0.70 ms cpu, 3->3->1 MB, 4 MB goal, 0 MB stacks, 0 MB globals, 8 P
gc 1671 @38.520s 1%: 0.089+0.49+0.081 ms clock, 0.71+0.59/0.61/0+0.65 ms cpu, 3->3->1 MB, 4 MB goal, 0 MB stacks, 0 MB globals, 8 P
gc 1672 @38.523s 1%: 0.12+0.48+0.097 ms clock, 0.96+0.69/0.63/0+0.78 ms cpu, 3->3->1 MB, 4 MB goal, 0 MB stacks, 0 MB globals, 8 P
gc 1673 @38.525s 1%: 0.072+0.86+0.072 ms clock, 0.57+0.79/0.62/0+0.57 ms cpu, 3->3->1 MB, 4 MB goal, 0 MB stacks, 0 MB globals, 8 P
gc 1674 @38.528s 1%: 0.10+0.44+0.040 ms clock, 0.85+0.74/0.53/0+0.32 ms cpu, 3->3->1 MB, 4 MB goal, 0 MB stacks, 0 MB globals, 8 P
gc 1675 @38.531s 1%: 0.065+0.43+0.095 ms clock, 0.52+0.60/0.67/0+0.76 ms cpu, 3->3->1 MB, 4 MB goal, 0 MB stacks, 0 MB globals, 8 P
gc 1676 @38.534s 1%: 0.099+0.46+0.080 ms clock, 0.79+0.57/0.64/0+0.64 ms cpu, 3->3->1 MB, 4 MB goal, 0 MB stacks, 0 MB globals, 8 P
gc 1677 @38.536s 1%: 0.087+0.42+0.066 ms clock, 0.70+0.74/0.53/0+0.53 ms cpu, 3->3->1 MB, 4 MB goal, 0 MB stacks, 0 MB globals, 8 P
gc 1678 @38.539s 1%: 0.10+0.49+0.053 ms clock, 0.80+0.69/0.60/0+0.42 ms cpu, 3->3->1 MB, 4 MB goal, 0 MB stacks, 0 MB globals, 8 P
gc 1679 @38.542s 1%: 0.10+0.54+0.10 ms clock, 0.87+0.73/0.61/0+0.80 ms cpu, 3->3->1 MB, 4 MB goal, 0 MB stacks, 0 MB globals, 8 P
gc 1680 @38.545s 1%: 0.088+0.44+0.081 ms clock, 0.71+0.70/0.52/0+0.65 ms cpu, 3->3->1 MB, 4 MB goal, 0 MB stacks, 0 MB globals, 8 P
gc 1681 @38.547s 1%: 0.10+0.81+0.071 ms clock, 0.85+0.59/0.59/0+0.57 ms cpu, 3->3->1 MB, 4 MB goal, 0 MB stacks, 0 MB globals, 8 P
gc 1682 @38.550s 1%: 0.090+0.49+0.073 ms clock, 0.72+0.66/0.56/0+0.58 ms cpu, 3->3->1 MB, 4 MB goal, 0 MB stacks, 0 MB globals, 8 P
gc 1683 @38.553s 1%: 0.090+0.85+0.092 ms clock, 0.72+0.58/0.63/0+0.73 ms cpu, 3->3->1 MB, 4 MB goal, 0 MB stacks, 0 MB globals, 8 P
gc 1684 @38.556s 1%: 0.11+0.47+0.058 ms clock, 0.91+0.73/0.56/0+0.46 ms cpu, 3->3->1 MB, 4 MB goal, 0 MB stacks, 0 MB globals, 8 P
gc 1685 @38.559s 1%: 0.075+0.55+0.10 ms clock, 0.60+0.58/0.65/0+0.86 ms cpu, 3->3->1 MB, 4 MB goal, 0 MB stacks, 0 MB globals, 8 P
gc 1686 @38.561s 1%: 0.097+0.57+0.043 ms clock, 0.77+0.61/0.61/0+0.35 ms cpu, 3->3->1 MB, 4 MB goal, 0 MB stacks, 0 MB globals, 8 P
gc 1687 @38.564s 1%: 0.12+0.64+0.084 ms clock, 0.98+0.71/0.61/0+0.67 ms cpu, 3->3->1 MB, 4 MB goal, 0 MB stacks, 0 MB globals, 8 P
gc 1688 @38.567s 1%: 0.10+0.57+0.074 ms clock, 0.85+0.58/0.65/0+0.59 ms cpu, 3->3->1 MB, 4 MB goal, 0 MB stacks, 0 MB globals, 8 P
gc 1689 @38.570s 1%: 0.10+0.45+0.067 ms clock, 0.86+0.65/0.60/0+0.53 ms cpu, 3->3->1 MB, 4 MB goal, 0 MB stacks, 0 MB globals, 8 P
gc 1690 @38.572s 1%: 0.091+0.55+0.10 ms clock, 0.73+0.54/0.62/0+0.83 ms cpu, 3->3->1 MB, 4 MB goal, 0 MB stacks, 0 MB globals, 8 P
gc 1691 @38.575s 1%: 0.090+0.45+0.062 ms clock, 0.72+0.63/0.60/0+0.50 ms cpu, 3->3->1 MB, 4 MB goal, 0 MB stacks, 0 MB globals, 8 P
gc 1692 @38.578s 1%: 0.13+0.71+0.067 ms clock, 1.0+0.53/0.72/0+0.53 ms cpu, 3->3->1 MB, 4 MB goal, 0 MB stacks, 0 MB globals, 8 P
gc 1693 @38.581s 1%: 0.10+0.77+0.11 ms clock, 0.81+0.65/0.66/0+0.95 ms cpu, 3->3->1 MB, 4 MB goal, 0 MB stacks, 0 MB globals, 8 P
gc 1694 @38.584s 1%: 0.098+0.46+0.098 ms clock, 0.78+0.59/0.60/0+0.78 ms cpu, 3->3->1 MB, 4 MB goal, 0 MB stacks, 0 MB globals, 8 P
gc 1695 @38.587s 1%: 0.11+0.48+0.036 ms clock, 0.91+0.58/0.58/0+0.29 ms cpu, 3->3->1 MB, 4 MB goal, 0 MB stacks, 0 MB globals, 8 P
gc 1696 @38.589s 1%: 0.10+0.49+0.080 ms clock, 0.82+0.58/0.64/0+0.64 ms cpu, 3->3->1 MB, 4 MB goal, 0 MB stacks, 0 MB globals, 8 P
gc 1697 @38.592s 1%: 0.087+0.47+0.11 ms clock, 0.70+0.70/0.63/0+0.88 ms cpu, 3->3->1 MB, 4 MB goal, 0 MB stacks, 0 MB globals, 8 P
gc 1698 @38.595s 1%: 0.10+0.77+0.095 ms clock, 0.80+1.1/0.64/0+0.76 ms cpu, 3->3->1 MB, 4 MB goal, 0 MB stacks, 0 MB globals, 8 P
gc 1699 @38.598s 1%: 0.066+0.51+0.10 ms clock, 0.53+0.75/0.54/0+0.86 ms cpu, 3->3->1 MB, 4 MB goal, 0 MB stacks, 0 MB globals, 8 P
gc 1700 @38.600s 1%: 0.10+0.80+0.097 ms clock, 0.80+0.70/0.59/0+0.77 ms cpu, 3->3->1 MB, 4 MB goal, 0 MB stacks, 0 MB globals, 8 P
gc 1701 @38.604s 1%: 0.11+0.77+0.064 ms clock, 0.91+0.53/0.62/0+0.51 ms cpu, 3->4->1 MB, 4 MB goal, 0 MB stacks, 0 MB globals, 8 P
gc 1702 @38.606s 1%: 0.11+0.41+0.10 ms clock, 0.92+0.66/0.49/0+0.83 ms cpu, 3->3->1 MB, 4 MB goal, 0 MB stacks, 0 MB globals, 8 P
gc 1703 @38.609s 1%: 0.14+0.72+0.073 ms clock, 1.1+0.57/0.72/0+0.58 ms cpu, 3->3->1 MB, 4 MB goal, 0 MB stacks, 0 MB globals, 8 P
gc 1704 @38.612s 1%: 0.074+0.52+0.048 ms clock, 0.59+0.68/0.58/0+0.38 ms cpu, 3->3->1 MB, 4 MB goal, 0 MB stacks, 0 MB globals, 8 P
gc 1705 @38.615s 1%: 0.10+0.54+0.099 ms clock, 0.86+0.76/0.71/0+0.79 ms cpu, 3->3->1 MB, 4 MB goal, 0 MB stacks, 0 MB globals, 8 P
gc 1706 @38.618s 1%: 0.11+0.53+0.12 ms clock, 0.89+0.73/0.64/0+1.0 ms cpu, 3->3->1 MB, 4 MB goal, 0 MB stacks, 0 MB globals, 8 P
gc 1707 @38.620s 1%: 0.090+0.51+0.11 ms clock, 0.72+0.71/0.53/0+0.89 ms cpu, 3->3->1 MB, 4 MB goal, 0 MB stacks, 0 MB globals, 8 P
gc 1708 @38.623s 1%: 0.11+0.68+0.034 ms clock, 0.91+0.59/0.73/0+0.27 ms cpu, 3->3->1 MB, 4 MB goal, 0 MB stacks, 0 MB globals, 8 P
gc 1709 @38.626s 1%: 0.097+0.54+0.065 ms clock, 0.78+0.78/0.52/0+0.52 ms cpu, 3->3->1 MB, 4 MB goal, 0 MB stacks, 0 MB globals, 8 P
gc 1710 @38.629s 1%: 0.14+0.40+0.070 ms clock, 1.1+0.71/0.55/0+0.56 ms cpu, 3->3->1 MB, 4 MB goal, 0 MB stacks, 0 MB globals, 8 P
gc 1711 @38.631s 1%: 0.064+0.68+0.11 ms clock, 0.51+0.62/0.66/0+0.89 ms cpu, 3->3->1 MB, 4 MB goal, 0 MB stacks, 0 MB globals, 8 P
gc 1712 @38.634s 1%: 0.061+0.57+0.10 ms clock, 0.48+0.66/0.68/0+0.82 ms cpu, 3->3->1 MB, 4 MB goal, 0 MB stacks, 0 MB globals, 8 P
gc 1713 @38.637s 1%: 0.082+0.53+0.085 ms clock, 0.65+0.68/0.62/0+0.68 ms cpu, 3->3->1 MB, 4 MB goal, 0 MB stacks, 0 MB globals, 8 P
gc 1714 @38.640s 1%: 0.097+0.55+0.080 ms clock, 0.78+0.70/0.57/0+0.64 ms cpu, 3->3->1 MB, 4 MB goal, 0 MB stacks, 0 MB globals, 8 P
gc 1715 @38.643s 1%: 0.10+0.66+0.096 ms clock, 0.80+0.62/0.63/0+0.76 ms cpu, 3->3->1 MB, 4 MB goal, 0 MB stacks, 0 MB globals, 8 P
gc 1716 @38.646s 1%: 0.096+0.82+0.098 ms clock, 0.77+0.71/0.66/0+0.79 ms cpu, 3->3->1 MB, 4 MB goal, 0 MB stacks, 0 MB globals, 8 P
gc 1717 @38.648s 1%: 0.16+0.51+0.087 ms clock, 1.2+0.61/0.62/0+0.70 ms cpu, 3->3->1 MB, 4 MB goal, 0 MB stacks, 0 MB globals, 8 P
gc 1718 @38.651s 1%: 0.11+0.51+0.098 ms clock, 0.91+0.80/0.59/0+0.78 ms cpu, 3->3->1 MB, 4 MB goal, 0 MB stacks, 0 MB globals, 8 P
gc 1719 @38.654s 1%: 0.069+0.56+0.15 ms clock, 0.55+0.62/0.60/0+1.2 ms cpu, 3->3->1 MB, 4 MB goal, 0 MB stacks, 0 MB globals, 8 P
gc 1720 @38.657s 1%: 0.086+0.51+0.10 ms clock, 0.69+0.52/0.63/0+0.83 ms cpu, 3->3->1 MB, 4 MB goal, 0 MB stacks, 0 MB globals, 8 P
gc 1721 @38.660s 1%: 0.11+0.47+0.082 ms clock, 0.91+0.59/0.60/0+0.66 ms cpu, 3->3->1 MB, 4 MB goal, 0 MB stacks, 0 MB globals, 8 P
gc 1722 @38.662s 1%: 0.098+0.48+0.081 ms clock, 0.78+0.69/0.56/0+0.65 ms cpu, 3->3->1 MB, 4 MB goal, 0 MB stacks, 0 MB globals, 8 P
gc 1723 @38.665s 1%: 0.11+0.49+0.049 ms clock, 0.91+0.71/0.56/0+0.39 ms cpu, 3->3->1 MB, 4 MB goal, 0 MB stacks, 0 MB globals, 8 P
gc 1724 @38.668s 1%: 0.11+0.51+0.075 ms clock, 0.89+0.65/0.64/0+0.60 ms cpu, 3->3->1 MB, 4 MB goal, 0 MB stacks, 0 MB globals, 8 P
gc 1725 @38.671s 1%: 0.11+0.65+0.11 ms clock, 0.92+0.75/0.73/0+0.89 ms cpu, 3->3->1 MB, 4 MB goal, 0 MB stacks, 0 MB globals, 8 P
gc 1726 @38.673s 1%: 0.10+0.45+0.076 ms clock, 0.84+0.71/0.59/0+0.61 ms cpu, 3->3->1 MB, 4 MB goal, 0 MB stacks, 0 MB globals, 8 P
gc 1727 @38.676s 1%: 0.10+0.88+0.070 ms clock, 0.87+0.71/0.62/0+0.56 ms cpu, 3->3->1 MB, 4 MB goal, 0 MB stacks, 0 MB globals, 8 P
gc 1728 @38.679s 1%: 0.11+0.36+0.075 ms clock, 0.89+0.64/0.51/0+0.60 ms cpu, 3->3->1 MB, 4 MB goal, 0 MB stacks, 0 MB globals, 8 P
gc 1729 @38.682s 1%: 0.089+0.56+0.048 ms clock, 0.71+0.57/0.64/0+0.38 ms cpu, 3->3->1 MB, 4 MB goal, 0 MB stacks, 0 MB globals, 8 P
gc 1730 @38.685s 1%: 0.069+0.43+0.10 ms clock, 0.55+0.54/0.63/0+0.84 ms cpu, 3->3->1 MB, 4 MB goal, 0 MB stacks, 0 MB globals, 8 P
gc 1731 @38.687s 1%: 0.093+0.80+0.10 ms clock, 0.75+0.70/0.57/0+0.85 ms cpu, 3->3->1 MB, 4 MB goal, 0 MB stacks, 0 MB globals, 8 P
gc 1732 @38.690s 1%: 0.12+0.45+0.044 ms clock, 0.99+0.57/0.65/0+0.35 ms cpu, 3->3->1 MB, 4 MB goal, 0 MB stacks, 0 MB globals, 8 P
gc 1733 @38.693s 1%: 0.10+0.99+0.089 ms clock, 0.82+0.59/0.65/0+0.71 ms cpu, 3->4->1 MB, 4 MB goal, 0 MB stacks, 0 MB globals, 8 P
gc 1734 @38.696s 1%: 0.071+0.64+0.081 ms clock, 0.57+0.65/0.58/0+0.64 ms cpu, 3->3->1 MB, 4 MB goal, 0 MB stacks, 0 MB globals, 8 P
gc 1735 @38.699s 1%: 0.081+0.51+0.088 ms clock, 0.65+0.71/0.58/0+0.70 ms cpu, 3->3->1 MB, 4 MB goal, 0 MB stacks, 0 MB globals, 8 P
gc 1736 @38.701s 1%: 0.092+0.47+0.11 ms clock, 0.73+0.77/0.55/0+0.91 ms cpu, 3->3->1 MB, 4 MB goal, 0 MB stacks, 0 MB globals, 8 P
gc 1737 @38.704s 1%: 0.13+0.77+0.056 ms clock, 1.0+0.51/0.68/0+0.45 ms cpu, 3->3->1 MB, 4 MB goal, 0 MB stacks, 0 MB globals, 8 P
gc 1738 @38.707s 1%: 0.10+0.52+0.11 ms clock, 0.86+0.61/0.68/0+0.89 ms cpu, 3->3->1 MB, 4 MB goal, 0 MB stacks, 0 MB globals, 8 P
gc 1739 @38.710s 1%: 0.098+0.55+0.11 ms clock, 0.79+0.64/0.61/0+0.88 ms cpu, 3->3->1 MB, 4 MB goal, 0 MB stacks, 0 MB globals, 8 P
gc 1740 @38.713s 1%: 0.091+0.67+0.12 ms clock, 0.73+0.33/0.84/0+1.0 ms cpu, 3->3->1 MB, 4 MB goal, 0 MB stacks, 0 MB globals, 8 P
gc 1741 @38.716s 1%: 0.069+0.48+0.092 ms clock, 0.55+0.69/0.53/0+0.74 ms cpu, 3->3->1 MB, 4 MB goal, 0 MB stacks, 0 MB globals, 8 P
gc 1742 @38.718s 1%: 0.10+0.50+0.099 ms clock, 0.87+0.68/0.53/0+0.79 ms cpu, 3->3->1 MB, 4 MB goal, 0 MB stacks, 0 MB globals, 8 P
gc 1743 @38.721s 1%: 0.098+0.85+0.10 ms clock, 0.78+0.53/0.66/0+0.84 ms cpu, 3->3->1 MB, 4 MB goal, 0 MB stacks, 0 MB globals, 8 P
gc 1744 @38.724s 1%: 0.085+0.54+0.057 ms clock, 0.68+0.60/0.68/0+0.46 ms cpu, 3->3->1 MB, 4 MB goal, 0 MB stacks, 0 MB globals, 8 P
gc 1745 @38.727s 1%: 0.10+0.55+0.091 ms clock, 0.82+0.66/0.56/0+0.73 ms cpu, 3->3->1 MB, 4 MB goal, 0 MB stacks, 0 MB globals, 8 P
gc 1746 @38.729s 1%: 0.13+0.56+0.11 ms clock, 1.0+0.62/0.69/0+0.91 ms cpu, 3->3->1 MB, 4 MB goal, 0 MB stacks, 0 MB globals, 8 P
gc 1747 @38.732s 1%: 0.074+0.48+0.067 ms clock, 0.59+0.72/0.54/0+0.54 ms cpu, 3->3->1 MB, 4 MB goal, 0 MB stacks, 0 MB globals, 8 P
gc 1748 @38.735s 1%: 0.12+0.46+0.075 ms clock, 1.0+0.62/0.63/0+0.60 ms cpu, 3->3->1 MB, 4 MB goal, 0 MB stacks, 0 MB globals, 8 P
gc 1749 @38.738s 1%: 0.10+0.66+0.099 ms clock, 0.85+1.0/0.61/0+0.79 ms cpu, 3->3->1 MB, 4 MB goal, 0 MB stacks, 0 MB globals, 8 P
gc 1750 @38.741s 1%: 0.11+0.43+0.11 ms clock, 0.92+0.71/0.54/0+0.91 ms cpu, 3->3->1 MB, 4 MB goal, 0 MB stacks, 0 MB globals, 8 P
gc 1751 @38.743s 1%: 0.11+0.40+0.10 ms clock, 0.90+0.71/0.56/0+0.83 ms cpu, 3->3->1 MB, 4 MB goal, 0 MB stacks, 0 MB globals, 8 P
gc 1752 @38.746s 1%: 0.080+0.48+0.072 ms clock, 0.64+0.70/0.53/0+0.58 ms cpu, 3->3->1 MB, 4 MB goal, 0 MB stacks, 0 MB globals, 8 P
gc 1753 @38.749s 1%: 0.097+0.53+0.084 ms clock, 0.77+0.61/0.73/0+0.67 ms cpu, 3->3->1 MB, 4 MB goal, 0 MB stacks, 0 MB globals, 8 P
gc 1754 @38.751s 1%: 0.12+0.64+0.10 ms clock, 0.98+0.57/0.61/0+0.83 ms cpu, 3->3->1 MB, 4 MB goal, 0 MB stacks, 0 MB globals, 8 P
gc 1755 @38.754s 1%: 0.071+0.77+0.084 ms clock, 0.56+0.60/0.62/0+0.67 ms cpu, 3->3->1 MB, 4 MB goal, 0 MB stacks, 0 MB globals, 8 P
gc 1756 @38.757s 1%: 0.10+0.90+0.018 ms clock, 0.83+0.47/0.73/0+0.14 ms cpu, 3->3->1 MB, 4 MB goal, 0 MB stacks, 0 MB globals, 8 P
gc 1757 @38.760s 1%: 0.072+0.41+0.12 ms clock, 0.57+0.65/0.59/0+0.98 ms cpu, 3->3->1 MB, 4 MB goal, 0 MB stacks, 0 MB globals, 8 P
gc 1758 @38.763s 1%: 0.10+0.53+0.096 ms clock, 0.86+0.66/0.62/0+0.77 ms cpu, 3->3->1 MB, 4 MB goal, 0 MB stacks, 0 MB globals, 8 P
gc 1759 @38.765s 1%: 0.11+0.48+0.050 ms clock, 0.92+0.63/0.63/0+0.40 ms cpu, 3->3->1 MB, 4 MB goal, 0 MB stacks, 0 MB globals, 8 P
gc 1760 @38.768s 1%: 0.12+0.61+0.065 ms clock, 0.97+0.69/0.61/0+0.52 ms cpu, 3->3->1 MB, 4 MB goal, 0 MB stacks, 0 MB globals, 8 P
gc 1761 @38.771s 1%: 0.067+0.98+0.11 ms clock, 0.54+0.74/0.51/0+0.90 ms cpu, 3->4->1 MB, 4 MB goal, 0 MB stacks, 0 MB globals, 8 P
gc 1762 @38.774s 1%: 0.054+0.46+0.061 ms clock, 0.43+0.77/0.58/0+0.49 ms cpu, 3->3->1 MB, 4 MB goal, 0 MB stacks, 0 MB globals, 8 P
gc 1763 @38.777s 1%: 0.096+0.76+0.051 ms clock, 0.77+0.60/0.57/0+0.41 ms cpu, 3->3->1 MB, 4 MB goal, 0 MB stacks, 0 MB globals, 8 P
gc 1764 @38.780s 1%: 0.097+0.52+0.065 ms clock, 0.77+0.67/0.56/0+0.52 ms cpu, 3->3->1 MB, 4 MB goal, 0 MB stacks, 0 MB globals, 8 P
gc 1765 @38.782s 1%: 0.087+0.82+0.10 ms clock, 0.70+0.60/0.55/0+0.83 ms cpu, 3->3->1 MB, 4 MB goal, 0 MB stacks, 0 MB globals, 8 P
gc 1766 @38.785s 1%: 0.083+0.81+0.079 ms clock, 0.66+0.59/0.72/0+0.63 ms cpu, 3->3->1 MB, 4 MB goal, 0 MB stacks, 0 MB globals, 8 P
gc 1767 @38.788s 1%: 0.12+0.52+0.088 ms clock, 1.0+0.70/0.62/0+0.70 ms cpu, 3->3->1 MB, 4 MB goal, 0 MB stacks, 0 MB globals, 8 P
gc 1768 @38.791s 1%: 0.11+0.49+0.048 ms clock, 0.89+0.73/0.57/0+0.38 ms cpu, 3->3->1 MB, 4 MB goal, 0 MB stacks, 0 MB globals, 8 P
gc 1769 @38.794s 1%: 0.049+0.56+0.098 ms clock, 0.39+0.57/0.68/0+0.78 ms cpu, 3->3->1 MB, 4 MB goal, 0 MB stacks, 0 MB globals, 8 P
gc 1770 @38.796s 1%: 0.084+0.40+0.064 ms clock, 0.67+0.69/0.58/0+0.51 ms cpu, 3->3->1 MB, 4 MB goal, 0 MB stacks, 0 MB globals, 8 P
gc 1771 @38.799s 1%: 0.10+0.75+0.093 ms clock, 0.84+0.68/0.67/0+0.74 ms cpu, 3->3->1 MB, 4 MB goal, 0 MB stacks, 0 MB globals, 8 P
gc 1772 @38.802s 1%: 0.10+0.70+0.098 ms clock, 0.83+0.60/0.51/0+0.78 ms cpu, 3->3->1 MB, 4 MB goal, 0 MB stacks, 0 MB globals, 8 P
gc 1773 @38.805s 1%: 0.10+0.42+0.12 ms clock, 0.85+0.69/0.56/0+1.0 ms cpu, 3->3->1 MB, 4 MB goal, 0 MB stacks, 0 MB globals, 8 P
gc 1774 @38.807s 1%: 0.099+0.51+0.053 ms clock, 0.79+0.71/0.62/0+0.42 ms cpu, 3->3->1 MB, 4 MB goal, 0 MB stacks, 0 MB globals, 8 P
gc 1775 @38.810s 1%: 0.10+0.55+0.10 ms clock, 0.86+0.65/0.59/0+0.84 ms cpu, 3->3->1 MB, 4 MB goal, 0 MB stacks, 0 MB globals, 8 P
gc 1776 @38.813s 1%: 0.15+0.40+0.10 ms clock, 1.2+0.61/0.57/0+0.81 ms cpu, 3->3->1 MB, 4 MB goal, 0 MB stacks, 0 MB globals, 8 P
gc 1777 @38.816s 1%: 0.12+0.86+0.095 ms clock, 0.97+0.65/0.71/0+0.76 ms cpu, 3->3->1 MB, 4 MB goal, 0 MB stacks, 0 MB globals, 8 P
gc 1778 @38.819s 1%: 0.085+0.42+0.093 ms clock, 0.68+0.63/0.52/0+0.74 ms cpu, 3->3->1 MB, 4 MB goal, 0 MB stacks, 0 MB globals, 8 P
gc 1779 @38.821s 1%: 0.085+1.0+0.044 ms clock, 0.68+0.38/0.69/0+0.35 ms cpu, 3->3->1 MB, 4 MB goal, 0 MB stacks, 0 MB globals, 8 P
gc 1780 @38.824s 1%: 0.12+0.48+0.091 ms clock, 0.96+0.62/0.59/0+0.73 ms cpu, 3->3->1 MB, 4 MB goal, 0 MB stacks, 0 MB globals, 8 P
gc 1781 @38.827s 1%: 0.11+0.49+0.065 ms clock, 0.91+0.64/0.56/0+0.52 ms cpu, 3->3->1 MB, 4 MB goal, 0 MB stacks, 0 MB globals, 8 P
gc 1782 @38.830s 1%: 0.10+0.46+0.10 ms clock, 0.84+0.55/0.65/0+0.81 ms cpu, 3->3->1 MB, 4 MB goal, 0 MB stacks, 0 MB globals, 8 P
gc 1783 @38.832s 1%: 0.11+0.59+0.068 ms clock, 0.88+0.62/0.61/0+0.54 ms cpu, 3->3->1 MB, 4 MB goal, 0 MB stacks, 0 MB globals, 8 P
gc 1784 @38.835s 1%: 0.074+1.3+0.049 ms clock, 0.59+0.69/0.63/0+0.39 ms cpu, 3->4->1 MB, 4 MB goal, 0 MB stacks, 0 MB globals, 8 P
gc 1785 @38.839s 1%: 0.081+0.80+0.042 ms clock, 0.65+0.64/0.59/0+0.33 ms cpu, 3->4->1 MB, 4 MB goal, 0 MB stacks, 0 MB globals, 8 P
gc 1786 @38.841s 1%: 0.079+0.64+0.085 ms clock, 0.63+0.67/0.65/0+0.68 ms cpu, 3->3->1 MB, 4 MB goal, 0 MB stacks, 0 MB globals, 8 P
gc 1787 @38.844s 1%: 0.090+0.92+0.072 ms clock, 0.72+0.61/0.55/0+0.57 ms cpu, 3->3->1 MB, 4 MB goal, 0 MB stacks, 0 MB globals, 8 P
gc 1788 @38.847s 1%: 0.11+0.53+0.075 ms clock, 0.92+0.56/0.65/0+0.60 ms cpu, 3->3->1 MB, 4 MB goal, 0 MB stacks, 0 MB globals, 8 P
gc 1789 @38.850s 1%: 0.14+0.46+0.061 ms clock, 1.1+0.67/0.59/0+0.49 ms cpu, 3->3->1 MB, 4 MB goal, 0 MB stacks, 0 MB globals, 8 P
gc 1790 @38.852s 1%: 0.070+0.97+0.083 ms clock, 0.56+0.55/0.61/0+0.66 ms cpu, 3->3->1 MB, 4 MB goal, 0 MB stacks, 0 MB globals, 8 P
gc 1791 @38.855s 1%: 0.062+0.59+0.10 ms clock, 0.50+0.57/0.67/0+0.87 ms cpu, 3->3->1 MB, 4 MB goal, 0 MB stacks, 0 MB globals, 8 P
gc 1792 @38.858s 1%: 0.088+0.40+0.096 ms clock, 0.70+0.59/0.53/0+0.77 ms cpu, 3->3->1 MB, 4 MB goal, 0 MB stacks, 0 MB globals, 8 P
gc 1793 @38.861s 1%: 0.10+0.49+0.064 ms clock, 0.83+0.56/0.67/0+0.51 ms cpu, 3->3->1 MB, 4 MB goal, 0 MB stacks, 0 MB globals, 8 P
gc 1794 @38.864s 1%: 0.12+0.86+0.11 ms clock, 1.0+0.70/0.55/0+0.91 ms cpu, 3->3->1 MB, 4 MB goal, 0 MB stacks, 0 MB globals, 8 P
gc 1795 @38.866s 1%: 0.093+0.48+0.040 ms clock, 0.74+0.71/0.56/0+0.32 ms cpu, 3->3->1 MB, 4 MB goal, 0 MB stacks, 0 MB globals, 8 P
gc 1796 @38.869s 1%: 0.052+0.75+0.10 ms clock, 0.42+0.56/0.60/0+0.82 ms cpu, 3->3->1 MB, 4 MB goal, 0 MB stacks, 0 MB globals, 8 P
gc 1797 @38.872s 1%: 0.075+0.92+0.098 ms clock, 0.60+0.66/0.58/0+0.78 ms cpu, 3->3->1 MB, 4 MB goal, 0 MB stacks, 0 MB globals, 8 P
gc 1798 @38.875s 1%: 0.092+0.52+0.051 ms clock, 0.74+0.65/0.60/0+0.40 ms cpu, 3->3->1 MB, 4 MB goal, 0 MB stacks, 0 MB globals, 8 P
gc 1799 @38.878s 1%: 0.11+0.54+0.073 ms clock, 0.88+0.56/0.71/0+0.59 ms cpu, 3->3->1 MB, 4 MB goal, 0 MB stacks, 0 MB globals, 8 P
gc 1800 @38.880s 1%: 0.094+0.40+0.060 ms clock, 0.75+0.61/0.60/0+0.48 ms cpu, 3->3->1 MB, 4 MB goal, 0 MB stacks, 0 MB globals, 8 P
gc 1801 @38.883s 1%: 0.091+0.43+0.12 ms clock, 0.73+0.65/0.60/0+0.97 ms cpu, 3->3->1 MB, 4 MB goal, 0 MB stacks, 0 MB globals, 8 P
gc 1802 @38.886s 1%: 0.10+0.66+0.090 ms clock, 0.84+0.73/0.71/0+0.72 ms cpu, 3->3->1 MB, 4 MB goal, 0 MB stacks, 0 MB globals, 8 P
gc 1803 @38.889s 1%: 0.087+0.67+0.075 ms clock, 0.70+0.68/0.54/0+0.60 ms cpu, 3->3->1 MB, 4 MB goal, 0 MB stacks, 0 MB globals, 8 P
gc 1804 @38.892s 1%: 0.14+0.51+0.10 ms clock, 1.1+0.62/0.63/0+0.82 ms cpu, 3->3->1 MB, 4 MB goal, 0 MB stacks, 0 MB globals, 8 P
gc 1805 @38.894s 1%: 0.084+0.60+0.088 ms clock, 0.67+0.59/0.72/0+0.70 ms cpu, 3->3->1 MB, 4 MB goal, 0 MB stacks, 0 MB globals, 8 P
gc 1806 @38.897s 1%: 0.056+0.56+0.11 ms clock, 0.45+0.60/0.61/0+0.92 ms cpu, 3->3->1 MB, 4 MB goal, 0 MB stacks, 0 MB globals, 8 P
gc 1807 @38.900s 1%: 0.11+0.50+0.077 ms clock, 0.92+0.62/0.64/0+0.62 ms cpu, 3->3->1 MB, 4 MB goal, 0 MB stacks, 0 MB globals, 8 P
gc 1808 @38.903s 1%: 0.077+0.54+0.12 ms clock, 0.61+0.64/0.62/0+0.96 ms cpu, 3->3->1 MB, 4 MB goal, 0 MB stacks, 0 MB globals, 8 P
gc 1809 @38.906s 1%: 0.072+0.88+0.090 ms clock, 0.58+0.53/0.55/0+0.72 ms cpu, 3->3->1 MB, 4 MB goal, 0 MB stacks, 0 MB globals, 8 P
gc 1810 @38.908s 1%: 0.10+0.64+0.095 ms clock, 0.83+0.66/0.61/0+0.76 ms cpu, 3->3->1 MB, 4 MB goal, 0 MB stacks, 0 MB globals, 8 P
gc 1811 @38.911s 1%: 0.10+0.43+0.051 ms clock, 0.84+0.60/0.54/0+0.41 ms cpu, 3->3->1 MB, 4 MB goal, 0 MB stacks, 0 MB globals, 8 P
gc 1812 @38.914s 1%: 0.072+0.51+0.11 ms clock, 0.57+0.52/0.60/0+0.89 ms cpu, 3->3->1 MB, 4 MB goal, 0 MB stacks, 0 MB globals, 8 P
gc 1813 @38.917s 1%: 0.11+0.44+0.070 ms clock, 0.88+0.57/0.65/0+0.56 ms cpu, 3->3->1 MB, 4 MB goal, 0 MB stacks, 0 MB globals, 8 P
gc 1814 @38.919s 1%: 0.11+0.90+0.097 ms clock, 0.88+0.67/0.74/0+0.78 ms cpu, 3->3->1 MB, 4 MB goal, 0 MB stacks, 0 MB globals, 8 P
gc 1815 @38.922s 1%: 0.14+1.1+0.097 ms clock, 1.1+0.57/0.64/0+0.78 ms cpu, 3->4->1 MB, 4 MB goal, 0 MB stacks, 0 MB globals, 8 P
gc 1816 @38.925s 1%: 0.10+0.73+0.084 ms clock, 0.81+0.67/0.59/0+0.67 ms cpu, 3->4->1 MB, 4 MB goal, 0 MB stacks, 0 MB globals, 8 P
gc 1817 @38.928s 1%: 0.095+0.56+0.13 ms clock, 0.76+0.68/0.69/0+1.1 ms cpu, 3->3->1 MB, 4 MB goal, 0 MB stacks, 0 MB globals, 8 P
gc 1818 @38.931s 1%: 0.12+0.60+0.078 ms clock, 1.0+0.60/0.63/0+0.62 ms cpu, 3->3->1 MB, 4 MB goal, 0 MB stacks, 0 MB globals, 8 P
gc 1819 @38.934s 1%: 0.10+0.59+0.065 ms clock, 0.83+0.57/0.64/0+0.52 ms cpu, 3->3->1 MB, 4 MB goal, 0 MB stacks, 0 MB globals, 8 P
gc 1820 @38.937s 1%: 0.080+0.40+0.045 ms clock, 0.64+0.74/0.51/0+0.36 ms cpu, 3->3->1 MB, 4 MB goal, 0 MB stacks, 0 MB globals, 8 P
gc 1821 @38.939s 1%: 0.080+0.48+0.10 ms clock, 0.64+0.65/0.60/0+0.84 ms cpu, 3->3->1 MB, 4 MB goal, 0 MB stacks, 0 MB globals, 8 P
gc 1822 @38.942s 1%: 0.079+0.46+0.12 ms clock, 0.63+0.68/0.60/0+0.99 ms cpu, 3->3->1 MB, 4 MB goal, 0 MB stacks, 0 MB globals, 8 P
gc 1823 @38.945s 1%: 0.10+0.53+0.039 ms clock, 0.81+0.55/0.59/0+0.31 ms cpu, 3->3->1 MB, 4 MB goal, 0 MB stacks, 0 MB globals, 8 P
gc 1824 @38.947s 1%: 0.055+0.55+0.066 ms clock, 0.44+0.75/0.68/0+0.52 ms cpu, 3->3->1 MB, 4 MB goal, 0 MB stacks, 0 MB globals, 8 P
gc 1825 @38.950s 1%: 0.097+0.52+0.055 ms clock, 0.78+0.55/0.64/0+0.44 ms cpu, 3->3->1 MB, 4 MB goal, 0 MB stacks, 0 MB globals, 8 P
gc 1826 @38.953s 1%: 0.10+0.48+0.091 ms clock, 0.82+0.67/0.52/0+0.73 ms cpu, 3->3->1 MB, 4 MB goal, 0 MB stacks, 0 MB globals, 8 P
gc 1827 @38.956s 1%: 0.11+0.44+0.080 ms clock, 0.88+0.73/0.55/0+0.64 ms cpu, 3->3->1 MB, 4 MB goal, 0 MB stacks, 0 MB globals, 8 P
gc 1828 @38.958s 1%: 0.10+0.43+0.088 ms clock, 0.84+0.71/0.59/0+0.71 ms cpu, 3->3->1 MB, 4 MB goal, 0 MB stacks, 0 MB globals, 8 P
gc 1829 @38.961s 1%: 0.061+0.85+0.085 ms clock, 0.49+0.67/0.64/0+0.68 ms cpu, 3->3->1 MB, 4 MB goal, 0 MB stacks, 0 MB globals, 8 P
gc 1830 @38.964s 1%: 0.099+0.85+0.074 ms clock, 0.79+0.52/0.61/0+0.59 ms cpu, 3->4->1 MB, 4 MB goal, 0 MB stacks, 0 MB globals, 8 P
gc 1831 @38.967s 1%: 0.088+0.53+0.14 ms clock, 0.71+0.65/0.55/0+1.1 ms cpu, 3->3->1 MB, 4 MB goal, 0 MB stacks, 0 MB globals, 8 P
gc 1832 @38.970s 1%: 0.10+0.58+0.083 ms clock, 0.83+0.57/0.69/0+0.66 ms cpu, 3->3->1 MB, 4 MB goal, 0 MB stacks, 0 MB globals, 8 P
gc 1833 @38.973s 1%: 0.097+0.84+0.089 ms clock, 0.78+0.71/0.53/0+0.71 ms cpu, 3->3->1 MB, 4 MB goal, 0 MB stacks, 0 MB globals, 8 P
gc 1834 @38.975s 1%: 0.11+0.55+0.070 ms clock, 0.92+0.58/0.60/0+0.56 ms cpu, 3->3->1 MB, 4 MB goal, 0 MB stacks, 0 MB globals, 8 P
gc 1835 @38.978s 1%: 0.098+0.52+0.066 ms clock, 0.79+0.64/0.60/0+0.53 ms cpu, 3->3->1 MB, 4 MB goal, 0 MB stacks, 0 MB globals, 8 P
gc 1836 @38.981s 1%: 0.083+0.43+0.050 ms clock, 0.66+0.79/0.45/0+0.40 ms cpu, 3->3->1 MB, 4 MB goal, 0 MB stacks, 0 MB globals, 8 P
gc 1837 @38.984s 1%: 0.11+0.88+0.084 ms clock, 0.91+0.65/0.69/0+0.67 ms cpu, 3->3->1 MB, 4 MB goal, 0 MB stacks, 0 MB globals, 8 P
gc 1838 @38.987s 1%: 0.086+0.47+0.077 ms clock, 0.69+0.76/0.51/0+0.62 ms cpu, 3->3->1 MB, 4 MB goal, 0 MB stacks, 0 MB globals, 8 P
gc 1839 @38.989s 1%: 0.076+0.48+0.098 ms clock, 0.61+0.59/0.68/0+0.78 ms cpu, 3->3->1 MB, 4 MB goal, 0 MB stacks, 0 MB globals, 8 P
gc 1840 @38.992s 1%: 0.14+0.88+0.10 ms clock, 1.1+0.68/0.57/0+0.81 ms cpu, 3->3->1 MB, 4 MB goal, 0 MB stacks, 0 MB globals, 8 P
gc 1841 @38.995s 1%: 0.078+0.59+0.055 ms clock, 0.62+0.55/0.58/0+0.44 ms cpu, 3->3->1 MB, 4 MB goal, 0 MB stacks, 0 MB globals, 8 P
gc 1842 @38.998s 1%: 0.091+1.5+0.049 ms clock, 0.73+0.51/0.72/0+0.39 ms cpu, 3->4->1 MB, 4 MB goal, 0 MB stacks, 0 MB globals, 8 P
gc 1843 @39.001s 1%: 0.085+0.62+0.052 ms clock, 0.68+0.59/0.72/0+0.42 ms cpu, 3->3->1 MB, 4 MB goal, 0 MB stacks, 0 MB globals, 8 P
gc 1844 @39.003s 1%: 0.085+0.42+0.041 ms clock, 0.68+0.76/0.63/0+0.33 ms cpu, 3->3->1 MB, 4 MB goal, 0 MB stacks, 0 MB globals, 8 P
gc 1845 @39.006s 1%: 0.11+0.52+0.043 ms clock, 0.93+0.69/0.68/0+0.35 ms cpu, 3->3->1 MB, 4 MB goal, 0 MB stacks, 0 MB globals, 8 P
gc 1846 @39.009s 1%: 0.13+0.46+0.11 ms clock, 1.0+0.75/0.57/0+0.90 ms cpu, 3->3->1 MB, 4 MB goal, 0 MB stacks, 0 MB globals, 8 P
gc 1847 @39.012s 1%: 0.095+0.52+0.094 ms clock, 0.76+0.74/0.62/0+0.75 ms cpu, 3->3->1 MB, 4 MB goal, 0 MB stacks, 0 MB globals, 8 P
gc 1848 @39.014s 1%: 0.10+0.59+0.091 ms clock, 0.86+0.55/0.58/0+0.73 ms cpu, 3->3->1 MB, 4 MB goal, 0 MB stacks, 0 MB globals, 8 P
gc 1849 @39.017s 1%: 0.082+0.66+0.089 ms clock, 0.65+0.70/0.61/0+0.71 ms cpu, 3->3->1 MB, 4 MB goal, 0 MB stacks, 0 MB globals, 8 P
gc 1850 @39.020s 1%: 0.13+0.45+0.10 ms clock, 1.0+0.65/0.58/0+0.82 ms cpu, 3->3->1 MB, 4 MB goal, 0 MB stacks, 0 MB globals, 8 P
gc 1851 @39.023s 1%: 0.11+0.50+0.080 ms clock, 0.92+0.73/0.62/0+0.64 ms cpu, 3->3->1 MB, 4 MB goal, 0 MB stacks, 0 MB globals, 8 P
gc 1852 @39.025s 1%: 0.092+0.72+0.090 ms clock, 0.73+0.57/0.69/0+0.72 ms cpu, 3->3->1 MB, 4 MB goal, 0 MB stacks, 0 MB globals, 8 P
gc 1853 @39.028s 1%: 0.086+0.48+0.092 ms clock, 0.68+0.67/0.55/0+0.74 ms cpu, 3->3->1 MB, 4 MB goal, 0 MB stacks, 0 MB globals, 8 P
gc 1854 @39.031s 1%: 0.15+0.44+0.10 ms clock, 1.2+0.56/0.53/0.13+0.83 ms cpu, 3->3->1 MB, 4 MB goal, 0 MB stacks, 0 MB globals, 8 P
gc 1855 @39.034s 1%: 0.092+0.80+0.056 ms clock, 0.74+0.63/0.56/0+0.45 ms cpu, 3->3->1 MB, 4 MB goal, 0 MB stacks, 0 MB globals, 8 P
gc 1856 @39.037s 1%: 0.10+0.51+0.073 ms clock, 0.85+0.65/0.61/0+0.58 ms cpu, 3->3->1 MB, 4 MB goal, 0 MB stacks, 0 MB globals, 8 P
gc 1857 @39.039s 1%: 0.10+0.56+0.10 ms clock, 0.87+0.65/0.71/0+0.82 ms cpu, 3->3->1 MB, 4 MB goal, 0 MB stacks, 0 MB globals, 8 P
gc 1858 @39.042s 1%: 0.10+0.49+0.060 ms clock, 0.82+0.69/0.58/0+0.48 ms cpu, 3->3->1 MB, 4 MB goal, 0 MB stacks, 0 MB globals, 8 P
gc 1859 @39.045s 1%: 0.10+0.79+0.11 ms clock, 0.81+0.66/0.69/0+0.89 ms cpu, 3->3->1 MB, 4 MB goal, 0 MB stacks, 0 MB globals, 8 P
gc 1860 @39.048s 1%: 0.099+0.74+0.081 ms clock, 0.79+0.61/0.68/0+0.65 ms cpu, 3->3->1 MB, 4 MB goal, 0 MB stacks, 0 MB globals, 8 P
gc 1861 @39.051s 1%: 0.12+0.54+0.088 ms clock, 1.0+0.66/0.52/0+0.71 ms cpu, 3->3->1 MB, 4 MB goal, 0 MB stacks, 0 MB globals, 8 P
gc 1862 @39.054s 1%: 0.10+0.55+0.080 ms clock, 0.81+0.66/0.62/0+0.64 ms cpu, 3->3->1 MB, 4 MB goal, 0 MB stacks, 0 MB globals, 8 P
gc 1863 @39.056s 1%: 0.11+0.58+0.058 ms clock, 0.88+0.60/0.70/0+0.46 ms cpu, 3->3->1 MB, 4 MB goal, 0 MB stacks, 0 MB globals, 8 P
gc 1864 @39.059s 1%: 0.17+0.99+0.11 ms clock, 1.4+0.54/0.59/0+0.90 ms cpu, 3->3->1 MB, 4 MB goal, 0 MB stacks, 0 MB globals, 8 P
gc 1865 @39.062s 1%: 0.073+0.44+0.097 ms clock, 0.58+0.73/0.51/0+0.77 ms cpu, 3->3->1 MB, 4 MB goal, 0 MB stacks, 0 MB globals, 8 P
gc 1866 @39.065s 1%: 0.060+0.43+0.065 ms clock, 0.48+0.66/0.61/0+0.52 ms cpu, 3->3->1 MB, 4 MB goal, 0 MB stacks, 0 MB globals, 8 P
gc 1867 @39.068s 1%: 0.092+0.78+0.085 ms clock, 0.74+0.68/0.61/0+0.68 ms cpu, 3->3->1 MB, 4 MB goal, 0 MB stacks, 0 MB globals, 8 P
gc 1868 @39.070s 1%: 0.093+0.48+0.10 ms clock, 0.74+0.74/0.64/0+0.81 ms cpu, 3->3->1 MB, 4 MB goal, 0 MB stacks, 0 MB globals, 8 P
gc 1869 @39.073s 1%: 0.13+0.51+0.093 ms clock, 1.0+0.65/0.66/0+0.75 ms cpu, 3->3->1 MB, 4 MB goal, 0 MB stacks, 0 MB globals, 8 P
gc 1870 @39.076s 1%: 0.10+0.74+0.067 ms clock, 0.87+0.49/0.66/0+0.53 ms cpu, 3->3->1 MB, 4 MB goal, 0 MB stacks, 0 MB globals, 8 P
gc 1871 @39.079s 1%: 0.066+0.56+0.094 ms clock, 0.53+0.58/0.70/0+0.75 ms cpu, 3->3->1 MB, 4 MB goal, 0 MB stacks, 0 MB globals, 8 P
gc 1872 @39.081s 1%: 0.10+0.69+0.036 ms clock, 0.87+0.74/0.55/0+0.29 ms cpu, 3->3->1 MB, 4 MB goal, 0 MB stacks, 0 MB globals, 8 P
gc 1873 @39.084s 1%: 0.11+0.53+0.096 ms clock, 0.95+0.65/0.65/0+0.77 ms cpu, 3->3->1 MB, 4 MB goal, 0 MB stacks, 0 MB globals, 8 P
gc 1874 @39.087s 1%: 0.10+0.46+0.087 ms clock, 0.81+0.62/0.64/0+0.69 ms cpu, 3->3->1 MB, 4 MB goal, 0 MB stacks, 0 MB globals, 8 P
gc 1875 @39.090s 1%: 0.10+0.49+0.065 ms clock, 0.85+0.62/0.57/0+0.52 ms cpu, 3->3->1 MB, 4 MB goal, 0 MB stacks, 0 MB globals, 8 P
gc 1876 @39.093s 1%: 0.084+0.67+0.071 ms clock, 0.67+0.70/0.59/0+0.56 ms cpu, 3->3->1 MB, 4 MB goal, 0 MB stacks, 0 MB globals, 8 P
gc 1877 @39.095s 1%: 0.077+0.84+0.084 ms clock, 0.62+0.45/0.78/0+0.67 ms cpu, 3->3->1 MB, 4 MB goal, 0 MB stacks, 0 MB globals, 8 P
gc 1878 @39.098s 1%: 0.10+0.46+0.072 ms clock, 0.81+0.64/0.58/0+0.57 ms cpu, 3->3->1 MB, 4 MB goal, 0 MB stacks, 0 MB globals, 8 P
gc 1879 @39.101s 1%: 0.066+0.53+0.10 ms clock, 0.53+0.57/0.71/0+0.86 ms cpu, 3->3->1 MB, 4 MB goal, 0 MB stacks, 0 MB globals, 8 P
gc 1880 @39.104s 1%: 0.097+0.47+0.050 ms clock, 0.78+0.66/0.61/0+0.40 ms cpu, 3->3->1 MB, 4 MB goal, 0 MB stacks, 0 MB globals, 8 P
gc 1881 @39.106s 1%: 0.092+0.51+0.063 ms clock, 0.74+0.64/0.57/0+0.51 ms cpu, 3->3->1 MB, 4 MB goal, 0 MB stacks, 0 MB globals, 8 P
gc 1882 @39.109s 1%: 0.10+0.52+0.089 ms clock, 0.86+0.67/0.64/0+0.71 ms cpu, 3->3->1 MB, 4 MB goal, 0 MB stacks, 0 MB globals, 8 P
gc 1883 @39.112s 1%: 0.079+0.40+0.076 ms clock, 0.63+0.70/0.53/0+0.61 ms cpu, 3->3->1 MB, 4 MB goal, 0 MB stacks, 0 MB globals, 8 P
gc 1884 @39.115s 1%: 0.11+0.41+0.093 ms clock, 0.90+0.67/0.59/0+0.75 ms cpu, 3->3->1 MB, 4 MB goal, 0 MB stacks, 0 MB globals, 8 P
gc 1885 @39.118s 1%: 0.10+0.49+0.10 ms clock, 0.80+0.65/0.55/0+0.86 ms cpu, 3->3->1 MB, 4 MB goal, 0 MB stacks, 0 MB globals, 8 P
gc 1886 @39.120s 1%: 0.093+0.48+0.083 ms clock, 0.74+0.59/0.59/0+0.66 ms cpu, 3->3->1 MB, 4 MB goal, 0 MB stacks, 0 MB globals, 8 P
gc 1887 @39.123s 1%: 0.078+0.51+0.11 ms clock, 0.62+0.72/0.68/0+0.95 ms cpu, 3->3->1 MB, 4 MB goal, 0 MB stacks, 0 MB globals, 8 P
gc 1888 @39.126s 1%: 0.091+0.49+0.073 ms clock, 0.72+0.63/0.60/0+0.58 ms cpu, 3->3->1 MB, 4 MB goal, 0 MB stacks, 0 MB globals, 8 P
gc 1889 @39.129s 1%: 0.14+0.48+0.088 ms clock, 1.1+0.68/0.59/0+0.70 ms cpu, 3->3->1 MB, 4 MB goal, 0 MB stacks, 0 MB globals, 8 P
gc 1890 @39.131s 1%: 0.10+0.55+0.081 ms clock, 0.83+0.54/0.69/0+0.65 ms cpu, 3->3->1 MB, 4 MB goal, 0 MB stacks, 0 MB globals, 8 P
gc 1891 @39.134s 1%: 0.10+0.42+0.11 ms clock, 0.85+0.57/0.58/0+0.90 ms cpu, 3->3->1 MB, 4 MB goal, 0 MB stacks, 0 MB globals, 8 P
gc 1892 @39.137s 1%: 0.079+0.40+0.096 ms clock, 0.63+0.69/0.56/0+0.77 ms cpu, 3->3->1 MB, 4 MB goal, 0 MB stacks, 0 MB globals, 8 P
gc 1893 @39.140s 1%: 0.090+0.47+0.076 ms clock, 0.72+0.75/0.53/0+0.60 ms cpu, 3->3->1 MB, 4 MB goal, 0 MB stacks, 0 MB globals, 8 P
gc 1894 @39.143s 1%: 0.11+0.48+0.091 ms clock, 0.93+0.64/0.66/0+0.73 ms cpu, 3->3->1 MB, 4 MB goal, 0 MB stacks, 0 MB globals, 8 P
gc 1895 @39.145s 1%: 0.10+0.52+0.069 ms clock, 0.82+0.66/0.62/0+0.55 ms cpu, 3->3->1 MB, 4 MB goal, 0 MB stacks, 0 MB globals, 8 P
gc 1896 @39.148s 1%: 0.064+0.44+0.060 ms clock, 0.51+0.50/0.66/0+0.48 ms cpu, 3->3->1 MB, 4 MB goal, 0 MB stacks, 0 MB globals, 8 P
gc 1897 @39.151s 1%: 0.12+0.53+0.062 ms clock, 0.97+0.62/0.63/0+0.49 ms cpu, 3->3->1 MB, 4 MB goal, 0 MB stacks, 0 MB globals, 8 P
gc 1898 @39.153s 1%: 0.13+0.79+0.052 ms clock, 1.0+0.50/0.63/0+0.42 ms cpu, 3->3->1 MB, 4 MB goal, 0 MB stacks, 0 MB globals, 8 P
gc 1899 @39.156s 1%: 0.093+0.52+0.035 ms clock, 0.74+0.53/0.59/0+0.28 ms cpu, 3->3->1 MB, 4 MB goal, 0 MB stacks, 0 MB globals, 8 P
gc 1900 @39.159s 1%: 0.079+0.44+0.11 ms clock, 0.63+0.74/0.56/0+0.89 ms cpu, 3->3->1 MB, 4 MB goal, 0 MB stacks, 0 MB globals, 8 P
gc 1901 @39.162s 1%: 0.082+0.44+0.098 ms clock, 0.66+0.58/0.62/0+0.78 ms cpu, 3->3->1 MB, 4 MB goal, 0 MB stacks, 0 MB globals, 8 P
gc 1902 @39.164s 1%: 0.068+0.48+0.086 ms clock, 0.54+0.69/0.62/0+0.69 ms cpu, 3->3->1 MB, 4 MB goal, 0 MB stacks, 0 MB globals, 8 P
gc 1903 @39.167s 1%: 0.13+1.0+0.094 ms clock, 1.1+0.70/0.69/0+0.75 ms cpu, 3->4->1 MB, 4 MB goal, 0 MB stacks, 0 MB globals, 8 P
gc 1904 @39.170s 1%: 0.072+0.61+0.092 ms clock, 0.58+0.69/0.48/0.043+0.74 ms cpu, 3->3->1 MB, 4 MB goal, 0 MB stacks, 0 MB globals, 8 P
gc 1905 @39.173s 1%: 0.11+0.51+0.078 ms clock, 0.90+0.66/0.59/0+0.63 ms cpu, 3->3->1 MB, 4 MB goal, 0 MB stacks, 0 MB globals, 8 P
gc 1906 @39.176s 1%: 0.064+0.74+0.087 ms clock, 0.51+0.62/0.55/0+0.69 ms cpu, 3->3->1 MB, 4 MB goal, 0 MB stacks, 0 MB globals, 8 P
gc 1907 @39.178s 1%: 0.11+0.41+0.096 ms clock, 0.91+0.62/0.55/0+0.77 ms cpu, 3->3->1 MB, 4 MB goal, 0 MB stacks, 0 MB globals, 8 P
gc 1908 @39.181s 1%: 0.12+0.48+0.10 ms clock, 1.0+0.53/0.65/0+0.85 ms cpu, 3->3->1 MB, 4 MB goal, 0 MB stacks, 0 MB globals, 8 P
gc 1909 @39.184s 1%: 0.083+0.52+0.078 ms clock, 0.66+0.67/0.67/0+0.62 ms cpu, 3->3->1 MB, 4 MB goal, 0 MB stacks, 0 MB globals, 8 P
gc 1910 @39.187s 1%: 0.16+0.45+0.047 ms clock, 1.3+0.55/0.63/0+0.38 ms cpu, 3->3->1 MB, 4 MB goal, 0 MB stacks, 0 MB globals, 8 P
gc 1911 @39.189s 1%: 0.091+0.62+0.096 ms clock, 0.73+0.68/0.76/0+0.76 ms cpu, 3->3->1 MB, 4 MB goal, 0 MB stacks, 0 MB globals, 8 P
gc 1912 @39.192s 1%: 0.10+0.60+0.098 ms clock, 0.85+0.68/0.56/0+0.78 ms cpu, 3->3->1 MB, 4 MB goal, 0 MB stacks, 0 MB globals, 8 P
gc 1913 @39.195s 1%: 0.10+0.45+0.11 ms clock, 0.82+0.69/0.60/0+0.89 ms cpu, 3->3->1 MB, 4 MB goal, 0 MB stacks, 0 MB globals, 8 P
gc 1914 @39.198s 1%: 0.11+0.54+0.10 ms clock, 0.91+0.56/0.63/0+0.83 ms cpu, 3->3->1 MB, 4 MB goal, 0 MB stacks, 0 MB globals, 8 P
gc 1915 @39.200s 1%: 0.10+0.51+0.075 ms clock, 0.81+0.60/0.63/0+0.60 ms cpu, 3->3->1 MB, 4 MB goal, 0 MB stacks, 0 MB globals, 8 P
gc 1916 @39.203s 1%: 0.079+0.43+0.050 ms clock, 0.63+0.66/0.52/0+0.40 ms cpu, 3->3->1 MB, 4 MB goal, 0 MB stacks, 0 MB globals, 8 P
gc 1917 @39.206s 1%: 0.066+0.42+0.11 ms clock, 0.53+0.67/0.61/0+0.94 ms cpu, 3->3->1 MB, 4 MB goal, 0 MB stacks, 0 MB globals, 8 P
gc 1918 @39.209s 1%: 0.15+0.49+0.095 ms clock, 1.2+0.65/0.58/0+0.76 ms cpu, 3->3->1 MB, 4 MB goal, 0 MB stacks, 0 MB globals, 8 P
gc 1919 @39.212s 1%: 0.11+0.52+0.11 ms clock, 0.88+0.37/0.68/0+0.93 ms cpu, 3->3->1 MB, 4 MB goal, 0 MB stacks, 0 MB globals, 8 P
gc 1920 @39.214s 1%: 0.12+0.64+0.044 ms clock, 1.0+0.59/0.71/0+0.35 ms cpu, 3->3->1 MB, 4 MB goal, 0 MB stacks, 0 MB globals, 8 P
gc 1921 @39.217s 1%: 0.087+0.45+0.068 ms clock, 0.70+0.80/0.55/0+0.54 ms cpu, 3->3->1 MB, 4 MB goal, 0 MB stacks, 0 MB globals, 8 P
gc 1922 @39.220s 1%: 0.12+0.54+0.062 ms clock, 0.98+0.63/0.69/0+0.50 ms cpu, 3->3->1 MB, 4 MB goal, 0 MB stacks, 0 MB globals, 8 P
gc 1923 @39.223s 1%: 0.10+0.48+0.061 ms clock, 0.87+0.66/0.68/0+0.48 ms cpu, 3->3->1 MB, 4 MB goal, 0 MB stacks, 0 MB globals, 8 P
gc 1924 @39.226s 1%: 0.090+0.83+0.056 ms clock, 0.72+0.54/0.63/0+0.45 ms cpu, 3->3->1 MB, 4 MB goal, 0 MB stacks, 0 MB globals, 8 P
gc 1925 @39.228s 1%: 0.095+0.54+0.073 ms clock, 0.76+0.59/0.65/0+0.58 ms cpu, 3->3->1 MB, 4 MB goal, 0 MB stacks, 0 MB globals, 8 P
gc 1926 @39.231s 1%: 0.085+0.90+0.077 ms clock, 0.68+0.73/0.64/0+0.62 ms cpu, 3->3->1 MB, 4 MB goal, 0 MB stacks, 0 MB globals, 8 P
gc 1927 @39.234s 1%: 0.073+0.58+0.089 ms clock, 0.59+0.67/0.60/0+0.71 ms cpu, 3->3->1 MB, 4 MB goal, 0 MB stacks, 0 MB globals, 8 P
gc 1928 @39.237s 1%: 0.11+0.47+0.10 ms clock, 0.91+0.65/0.55/0+0.87 ms cpu, 3->3->1 MB, 4 MB goal, 0 MB stacks, 0 MB globals, 8 P
gc 1929 @39.240s 1%: 0.070+0.53+0.10 ms clock, 0.56+0.68/0.65/0+0.83 ms cpu, 3->3->1 MB, 4 MB goal, 0 MB stacks, 0 MB globals, 8 P
gc 1930 @39.242s 1%: 0.12+0.87+0.067 ms clock, 0.96+0.63/0.72/0+0.54 ms cpu, 3->3->1 MB, 4 MB goal, 0 MB stacks, 0 MB globals, 8 P
gc 1931 @39.245s 1%: 0.099+0.59+0.062 ms clock, 0.79+0.71/0.71/0+0.50 ms cpu, 3->3->1 MB, 4 MB goal, 0 MB stacks, 0 MB globals, 8 P
gc 1932 @39.248s 1%: 0.13+0.44+0.053 ms clock, 1.0+0.43/0.66/0+0.42 ms cpu, 3->3->1 MB, 4 MB goal, 0 MB stacks, 0 MB globals, 8 P
gc 1933 @39.251s 1%: 0.088+0.43+0.12 ms clock, 0.70+0.59/0.59/0+0.96 ms cpu, 3->3->1 MB, 4 MB goal, 0 MB stacks, 0 MB globals, 8 P
gc 1934 @39.253s 1%: 0.089+1.0+0.073 ms clock, 0.71+0.75/0.49/0+0.58 ms cpu, 3->3->1 MB, 4 MB goal, 0 MB stacks, 0 MB globals, 8 P
gc 1935 @39.256s 1%: 0.12+0.46+0.044 ms clock, 1.0+0.73/0.53/0+0.35 ms cpu, 3->3->1 MB, 4 MB goal, 0 MB stacks, 0 MB globals, 8 P
gc 1936 @39.259s 1%: 0.077+0.52+0.055 ms clock, 0.62+0.72/0.63/0+0.44 ms cpu, 3->3->1 MB, 4 MB goal, 0 MB stacks, 0 MB globals, 8 P
gc 1937 @39.262s 1%: 0.11+0.45+0.058 ms clock, 0.89+0.76/0.54/0+0.47 ms cpu, 3->3->1 MB, 4 MB goal, 0 MB stacks, 0 MB globals, 8 P
gc 1938 @39.265s 1%: 0.10+0.52+0.11 ms clock, 0.87+0.64/0.58/0+0.94 ms cpu, 3->3->1 MB, 4 MB goal, 0 MB stacks, 0 MB globals, 8 P
gc 1939 @39.267s 1%: 0.10+0.81+0.10 ms clock, 0.84+0.77/0.58/0+0.87 ms cpu, 3->3->1 MB, 4 MB goal, 0 MB stacks, 0 MB globals, 8 P
gc 1940 @39.270s 1%: 0.10+0.44+0.067 ms clock, 0.81+0.76/0.57/0+0.54 ms cpu, 3->3->1 MB, 4 MB goal, 0 MB stacks, 0 MB globals, 8 P
gc 1941 @39.273s 1%: 0.10+1.0+0.098 ms clock, 0.86+0.64/0.69/0+0.78 ms cpu, 3->3->1 MB, 4 MB goal, 0 MB stacks, 0 MB globals, 8 P
gc 1942 @39.276s 1%: 0.11+0.41+0.073 ms clock, 0.91+0.71/0.54/0+0.58 ms cpu, 3->3->1 MB, 4 MB goal, 0 MB stacks, 0 MB globals, 8 P
gc 1943 @39.279s 1%: 0.11+0.51+0.072 ms clock, 0.88+0.64/0.62/0+0.57 ms cpu, 3->3->1 MB, 4 MB goal, 0 MB stacks, 0 MB globals, 8 P
gc 1944 @39.281s 1%: 0.069+0.49+0.085 ms clock, 0.55+0.85/0.53/0+0.68 ms cpu, 3->3->1 MB, 4 MB goal, 0 MB stacks, 0 MB globals, 8 P
gc 1945 @39.284s 1%: 0.11+0.43+0.045 ms clock, 0.93+0.54/0.64/0+0.36 ms cpu, 3->3->1 MB, 4 MB goal, 0 MB stacks, 0 MB globals, 8 P
gc 1946 @39.287s 1%: 0.092+0.60+0.060 ms clock, 0.74+0.64/0.64/0+0.48 ms cpu, 3->3->1 MB, 4 MB goal, 0 MB stacks, 0 MB globals, 8 P
gc 1947 @39.290s 1%: 0.11+0.46+0.10 ms clock, 0.94+0.64/0.52/0+0.82 ms cpu, 3->3->1 MB, 4 MB goal, 0 MB stacks, 0 MB globals, 8 P
gc 1948 @39.292s 1%: 0.11+0.71+0.079 ms clock, 0.89+0.67/0.73/0+0.63 ms cpu, 3->3->1 MB, 4 MB goal, 0 MB stacks, 0 MB globals, 8 P
gc 1949 @39.295s 1%: 0.11+0.48+0.090 ms clock, 0.93+0.68/0.58/0+0.72 ms cpu, 3->3->1 MB, 4 MB goal, 0 MB stacks, 0 MB globals, 8 P
gc 1950 @39.298s 1%: 0.062+0.65+0.067 ms clock, 0.50+0.69/0.64/0+0.54 ms cpu, 3->3->1 MB, 4 MB goal, 0 MB stacks, 0 MB globals, 8 P
gc 1951 @39.301s 1%: 0.085+0.54+0.11 ms clock, 0.68+0.70/0.65/0+0.90 ms cpu, 3->3->1 MB, 4 MB goal, 0 MB stacks, 0 MB globals, 8 P
gc 1952 @39.304s 1%: 0.093+0.46+0.065 ms clock, 0.74+0.70/0.58/0+0.52 ms cpu, 3->3->1 MB, 4 MB goal, 0 MB stacks, 0 MB globals, 8 P
gc 1953 @39.306s 1%: 0.067+0.56+0.11 ms clock, 0.53+0.66/0.62/0+0.92 ms cpu, 3->3->1 MB, 4 MB goal, 0 MB stacks, 0 MB globals, 8 P
gc 1954 @39.309s 1%: 0.083+0.83+0.10 ms clock, 0.66+0.63/0.68/0+0.86 ms cpu, 3->3->1 MB, 4 MB goal, 0 MB stacks, 0 MB globals, 8 P
gc 1955 @39.312s 1%: 0.078+0.46+0.039 ms clock, 0.62+0.63/0.56/0+0.31 ms cpu, 3->3->1 MB, 4 MB goal, 0 MB stacks, 0 MB globals, 8 P
gc 1956 @39.315s 1%: 0.10+0.44+0.061 ms clock, 0.87+0.65/0.58/0+0.49 ms cpu, 3->3->1 MB, 4 MB goal, 0 MB stacks, 0 MB globals, 8 P
gc 1957 @39.318s 1%: 0.11+0.49+0.099 ms clock, 0.92+0.57/0.64/0+0.79 ms cpu, 3->3->1 MB, 4 MB goal, 0 MB stacks, 0 MB globals, 8 P
gc 1958 @39.320s 1%: 0.10+0.58+0.10 ms clock, 0.81+0.80/0.60/0+0.82 ms cpu, 3->3->1 MB, 4 MB goal, 0 MB stacks, 0 MB globals, 8 P
gc 1959 @39.323s 1%: 0.10+0.47+0.10 ms clock, 0.82+0.67/0.61/0+0.81 ms cpu, 3->3->1 MB, 4 MB goal, 0 MB stacks, 0 MB globals, 8 P
gc 1960 @39.326s 1%: 0.11+0.44+0.076 ms clock, 0.94+0.74/0.55/0+0.61 ms cpu, 3->3->1 MB, 4 MB goal, 0 MB stacks, 0 MB globals, 8 P
gc 1961 @39.329s 1%: 0.11+0.51+0.10 ms clock, 0.95+0.60/0.71/0+0.84 ms cpu, 3->3->1 MB, 4 MB goal, 0 MB stacks, 0 MB globals, 8 P
gc 1962 @39.331s 1%: 0.14+0.45+0.063 ms clock, 1.1+0.60/0.60/0+0.50 ms cpu, 3->3->1 MB, 4 MB goal, 0 MB stacks, 0 MB globals, 8 P
gc 1963 @39.334s 1%: 0.082+0.85+0.078 ms clock, 0.66+0.60/0.61/0+0.63 ms cpu, 3->3->1 MB, 4 MB goal, 0 MB stacks, 0 MB globals, 8 P
gc 1964 @39.337s 1%: 0.096+0.51+0.094 ms clock, 0.77+0.69/0.57/0+0.75 ms cpu, 3->3->1 MB, 4 MB goal, 0 MB stacks, 0 MB globals, 8 P
gc 1965 @39.340s 1%: 0.10+0.59+0.12 ms clock, 0.85+0.63/0.75/0+0.96 ms cpu, 3->3->1 MB, 4 MB goal, 0 MB stacks, 0 MB globals, 8 P
gc 1966 @39.343s 1%: 0.060+0.52+0.098 ms clock, 0.48+0.74/0.59/0+0.78 ms cpu, 3->3->1 MB, 4 MB goal, 0 MB stacks, 0 MB globals, 8 P
gc 1967 @39.345s 1%: 0.13+0.56+0.075 ms clock, 1.1+0.58/0.68/0+0.60 ms cpu, 3->3->1 MB, 4 MB goal, 0 MB stacks, 0 MB globals, 8 P
gc 1968 @39.348s 1%: 0.11+0.55+0.10 ms clock, 0.88+0.71/0.63/0+0.81 ms cpu, 3->3->1 MB, 4 MB goal, 0 MB stacks, 0 MB globals, 8 P
gc 1969 @39.351s 1%: 0.10+0.49+0.048 ms clock, 0.80+0.63/0.54/0+0.38 ms cpu, 3->3->1 MB, 4 MB goal, 0 MB stacks, 0 MB globals, 8 P
gc 1970 @39.354s 1%: 0.10+0.44+0.083 ms clock, 0.80+0.62/0.54/0+0.66 ms cpu, 3->3->1 MB, 4 MB goal, 0 MB stacks, 0 MB globals, 8 P
gc 1971 @39.356s 1%: 0.065+0.82+0.073 ms clock, 0.52+0.57/0.67/0+0.59 ms cpu, 3->3->1 MB, 4 MB goal, 0 MB stacks, 0 MB globals, 8 P
gc 1972 @39.359s 1%: 0.089+0.72+0.081 ms clock, 0.71+0.67/0.62/0+0.64 ms cpu, 3->3->1 MB, 4 MB goal, 0 MB stacks, 0 MB globals, 8 P
gc 1973 @39.362s 1%: 0.098+0.57+0.10 ms clock, 0.78+0.66/0.61/0+0.82 ms cpu, 3->3->1 MB, 4 MB goal, 0 MB stacks, 0 MB globals, 8 P
gc 1974 @39.365s 1%: 0.092+0.57+0.076 ms clock, 0.74+0.69/0.62/0+0.60 ms cpu, 3->3->1 MB, 4 MB goal, 0 MB stacks, 0 MB globals, 8 P
gc 1975 @39.368s 1%: 0.091+0.78+0.062 ms clock, 0.73+0.73/0.61/0+0.49 ms cpu, 3->3->1 MB, 4 MB goal, 0 MB stacks, 0 MB globals, 8 P
gc 1976 @39.371s 1%: 0.083+0.74+0.087 ms clock, 0.66+0.66/0.57/0+0.69 ms cpu, 3->3->1 MB, 4 MB goal, 0 MB stacks, 0 MB globals, 8 P
gc 1977 @39.373s 1%: 0.11+0.78+0.085 ms clock, 0.93+0.67/0.67/0+0.68 ms cpu, 3->3->1 MB, 4 MB goal, 0 MB stacks, 0 MB globals, 8 P
gc 1978 @39.376s 1%: 0.085+0.52+0.11 ms clock, 0.68+0.69/0.56/0+0.93 ms cpu, 3->3->1 MB, 4 MB goal, 0 MB stacks, 0 MB globals, 8 P
gc 1979 @39.379s 1%: 0.13+0.45+0.091 ms clock, 1.0+0.65/0.65/0+0.73 ms cpu, 3->3->1 MB, 4 MB goal, 0 MB stacks, 0 MB globals, 8 P
gc 1980 @39.382s 1%: 0.10+0.54+0.060 ms clock, 0.80+0.64/0.61/0+0.48 ms cpu, 3->3->1 MB, 4 MB goal, 0 MB stacks, 0 MB globals, 8 P
gc 1981 @39.385s 1%: 0.11+0.45+0.064 ms clock, 0.89+0.71/0.57/0+0.51 ms cpu, 3->3->1 MB, 4 MB goal, 0 MB stacks, 0 MB globals, 8 P
gc 1982 @39.387s 1%: 0.10+1.0+0.059 ms clock, 0.84+0.62/0.59/0+0.47 ms cpu, 3->3->1 MB, 4 MB goal, 0 MB stacks, 0 MB globals, 8 P
gc 1983 @39.390s 1%: 0.11+0.43+0.066 ms clock, 0.88+0.65/0.67/0+0.53 ms cpu, 3->3->1 MB, 4 MB goal, 0 MB stacks, 0 MB globals, 8 P
gc 1984 @39.393s 1%: 0.10+0.49+0.12 ms clock, 0.81+0.64/0.60/0+0.98 ms cpu, 3->3->1 MB, 4 MB goal, 0 MB stacks, 0 MB globals, 8 P
gc 1985 @39.396s 1%: 0.13+0.61+0.10 ms clock, 1.0+0.66/0.70/0+0.81 ms cpu, 3->3->1 MB, 4 MB goal, 0 MB stacks, 0 MB globals, 8 P
gc 1986 @39.398s 1%: 0.093+0.63+0.10 ms clock, 0.75+0.54/0.64/0+0.87 ms cpu, 3->3->1 MB, 4 MB goal, 0 MB stacks, 0 MB globals, 8 P
gc 1987 @39.401s 1%: 0.098+0.45+0.092 ms clock, 0.78+0.59/0.54/0+0.74 ms cpu, 3->3->1 MB, 4 MB goal, 0 MB stacks, 0 MB globals, 8 P
gc 1988 @39.404s 1%: 0.097+0.33+0.037 ms clock, 0.78+0.59/0.45/0+0.30 ms cpu, 3->3->1 MB, 4 MB goal, 0 MB stacks, 0 MB globals, 8 P
gc 1989 @39.407s 1%: 0.098+0.62+0.11 ms clock, 0.78+0.55/0.73/0+0.90 ms cpu, 3->3->1 MB, 4 MB goal, 0 MB stacks, 0 MB globals, 8 P
gc 1990 @39.410s 1%: 0.11+0.57+0.10 ms clock, 0.95+0.66/0.59/0+0.84 ms cpu, 3->3->1 MB, 4 MB goal, 0 MB stacks, 0 MB globals, 8 P
gc 1991 @39.412s 1%: 0.082+0.51+0.12 ms clock, 0.66+0.64/0.60/0+1.0 ms cpu, 3->3->1 MB, 4 MB goal, 0 MB stacks, 0 MB globals, 8 P
gc 1992 @39.415s 1%: 0.093+0.47+0.065 ms clock, 0.74+0.69/0.52/0+0.52 ms cpu, 3->3->1 MB, 4 MB goal, 0 MB stacks, 0 MB globals, 8 P
gc 1993 @39.418s 1%: 0.079+0.56+0.085 ms clock, 0.63+0.63/0.73/0+0.68 ms cpu, 3->3->1 MB, 4 MB goal, 0 MB stacks, 0 MB globals, 8 P
gc 1994 @39.421s 1%: 0.072+0.76+0.073 ms clock, 0.58+0.74/0.51/0+0.59 ms cpu, 3->3->1 MB, 4 MB goal, 0 MB stacks, 0 MB globals, 8 P
gc 1995 @39.423s 1%: 0.11+0.58+0.073 ms clock, 0.90+0.68/0.63/0+0.59 ms cpu, 3->3->1 MB, 4 MB goal, 0 MB stacks, 0 MB globals, 8 P
gc 1996 @39.426s 1%: 0.056+0.52+0.083 ms clock, 0.45+0.68/0.62/0+0.66 ms cpu, 3->3->1 MB, 4 MB goal, 0 MB stacks, 0 MB globals, 8 P
gc 1997 @39.429s 1%: 0.10+0.58+0.081 ms clock, 0.87+0.65/0.69/0+0.64 ms cpu, 3->3->1 MB, 4 MB goal, 0 MB stacks, 0 MB globals, 8 P
gc 1998 @39.432s 1%: 0.11+0.46+0.15 ms clock, 0.93+0.60/0.59/0+1.2 ms cpu, 3->3->1 MB, 4 MB goal, 0 MB stacks, 0 MB globals, 8 P
gc 1999 @39.434s 1%: 0.11+0.93+0.10 ms clock, 0.88+0.69/0.53/0.003+0.82 ms cpu, 3->3->1 MB, 4 MB goal, 0 MB stacks, 0 MB globals, 8 P
gc 2000 @39.437s 1%: 0.14+0.43+0.10 ms clock, 1.1+0.80/0.55/0+0.81 ms cpu, 3->3->1 MB, 4 MB goal, 0 MB stacks, 0 MB globals, 8 P
gc 2001 @39.440s 1%: 0.10+0.93+0.084 ms clock, 0.86+0.65/0.60/0+0.67 ms cpu, 3->3->1 MB, 4 MB goal, 0 MB stacks, 0 MB globals, 8 P
gc 2002 @39.443s 1%: 0.075+0.76+0.050 ms clock, 0.60+0.67/0.66/0+0.40 ms cpu, 3->3->1 MB, 4 MB goal, 0 MB stacks, 0 MB globals, 8 P
gc 2003 @39.446s 1%: 0.098+0.46+0.063 ms clock, 0.78+0.70/0.52/0+0.50 ms cpu, 3->3->1 MB, 4 MB goal, 0 MB stacks, 0 MB globals, 8 P
gc 2004 @39.449s 1%: 0.11+0.46+0.11 ms clock, 0.92+0.56/0.62/0+0.91 ms cpu, 3->3->1 MB, 4 MB goal, 0 MB stacks, 0 MB globals, 8 P
gc 2005 @39.451s 1%: 0.098+0.97+0.10 ms clock, 0.79+0.62/0.57/0+0.86 ms cpu, 3->3->1 MB, 4 MB goal, 0 MB stacks, 0 MB globals, 8 P
gc 2006 @39.454s 1%: 0.086+0.46+0.10 ms clock, 0.69+0.71/0.52/0+0.86 ms cpu, 3->3->1 MB, 4 MB goal, 0 MB stacks, 0 MB globals, 8 P
gc 2007 @39.457s 1%: 0.12+0.47+0.10 ms clock, 0.99+0.68/0.59/0+0.86 ms cpu, 3->3->1 MB, 4 MB goal, 0 MB stacks, 0 MB globals, 8 P
gc 2008 @39.460s 1%: 0.14+0.58+0.082 ms clock, 1.1+0.71/0.60/0+0.65 ms cpu, 3->3->1 MB, 4 MB goal, 0 MB stacks, 0 MB globals, 8 P
gc 2009 @39.463s 1%: 0.11+0.49+0.088 ms clock, 0.91+0.60/0.70/0+0.70 ms cpu, 3->3->1 MB, 4 MB goal, 0 MB stacks, 0 MB globals, 8 P
gc 2010 @39.465s 1%: 0.11+0.46+0.10 ms clock, 0.93+0.69/0.58/0+0.82 ms cpu, 3->3->1 MB, 4 MB goal, 0 MB stacks, 0 MB globals, 8 P
gc 2011 @39.468s 1%: 0.11+0.52+0.10 ms clock, 0.95+0.58/0.63/0+0.84 ms cpu, 3->3->1 MB, 4 MB goal, 0 MB stacks, 0 MB globals, 8 P
gc 2012 @39.471s 1%: 0.064+0.58+0.10 ms clock, 0.51+0.79/0.71/0+0.84 ms cpu, 3->3->1 MB, 4 MB goal, 0 MB stacks, 0 MB globals, 8 P
gc 2013 @39.474s 1%: 0.14+0.83+0.084 ms clock, 1.1+0.63/0.77/0+0.67 ms cpu, 3->3->1 MB, 4 MB goal, 0 MB stacks, 0 MB globals, 8 P
gc 2014 @39.477s 1%: 0.11+0.72+0.062 ms clock, 0.89+0.69/0.55/0+0.49 ms cpu, 3->3->1 MB, 4 MB goal, 0 MB stacks, 0 MB globals, 8 P
gc 2015 @39.480s 1%: 0.078+0.47+0.065 ms clock, 0.62+0.68/0.61/0+0.52 ms cpu, 3->3->1 MB, 4 MB goal, 0 MB stacks, 0 MB globals, 8 P
gc 2016 @39.482s 1%: 0.12+0.47+0.066 ms clock, 1.0+0.54/0.62/0+0.53 ms cpu, 3->3->1 MB, 4 MB goal, 0 MB stacks, 0 MB globals, 8 P
gc 2017 @39.485s 1%: 0.11+0.49+0.062 ms clock, 0.94+0.53/0.60/0+0.50 ms cpu, 3->3->1 MB, 4 MB goal, 0 MB stacks, 0 MB globals, 8 P
gc 2018 @39.488s 1%: 0.12+1.1+0.049 ms clock, 0.98+0.63/0.63/0+0.39 ms cpu, 3->4->1 MB, 4 MB goal, 0 MB stacks, 0 MB globals, 8 P
gc 2019 @39.491s 1%: 0.10+0.55+0.082 ms clock, 0.82+0.66/0.62/0+0.66 ms cpu, 3->3->1 MB, 4 MB goal, 0 MB stacks, 0 MB globals, 8 P
gc 2020 @39.494s 1%: 0.081+0.43+0.058 ms clock, 0.65+0.67/0.65/0+0.46 ms cpu, 3->3->1 MB, 4 MB goal, 0 MB stacks, 0 MB globals, 8 P
gc 2021 @39.496s 1%: 0.074+0.52+0.055 ms clock, 0.59+0.71/0.61/0+0.44 ms cpu, 3->3->1 MB, 4 MB goal, 0 MB stacks, 0 MB globals, 8 P
gc 2022 @39.499s 1%: 0.14+0.60+0.12 ms clock, 1.1+0.64/0.60/0+0.96 ms cpu, 3->3->1 MB, 4 MB goal, 0 MB stacks, 0 MB globals, 8 P
gc 2023 @39.502s 1%: 0.068+0.63+0.10 ms clock, 0.54+0.56/0.67/0+0.86 ms cpu, 3->3->1 MB, 4 MB goal, 0 MB stacks, 0 MB globals, 8 P
gc 2024 @39.505s 1%: 0.10+0.50+0.085 ms clock, 0.87+0.60/0.66/0+0.68 ms cpu, 3->3->1 MB, 4 MB goal, 0 MB stacks, 0 MB globals, 8 P
gc 2025 @39.508s 1%: 0.093+0.49+0.10 ms clock, 0.75+0.61/0.63/0+0.82 ms cpu, 3->3->1 MB, 4 MB goal, 0 MB stacks, 0 MB globals, 8 P
gc 2026 @39.510s 1%: 0.099+0.73+0.095 ms clock, 0.79+0.70/0.57/0+0.76 ms cpu, 3->3->1 MB, 4 MB goal, 0 MB stacks, 0 MB globals, 8 P
gc 2027 @39.513s 1%: 0.10+0.39+0.045 ms clock, 0.84+0.54/0.52/0.055+0.36 ms cpu, 3->3->1 MB, 4 MB goal, 0 MB stacks, 0 MB globals, 8 P
gc 2028 @39.516s 1%: 0.12+0.50+0.093 ms clock, 0.98+0.67/0.63/0+0.74 ms cpu, 3->3->1 MB, 4 MB goal, 0 MB stacks, 0 MB globals, 8 P
gc 2029 @39.519s 1%: 0.10+0.52+0.086 ms clock, 0.84+0.73/0.62/0+0.69 ms cpu, 3->3->1 MB, 4 MB goal, 0 MB stacks, 0 MB globals, 8 P
gc 2030 @39.521s 1%: 0.11+0.78+0.087 ms clock, 0.93+0.66/0.60/0+0.69 ms cpu, 3->3->1 MB, 4 MB goal, 0 MB stacks, 0 MB globals, 8 P
gc 2031 @39.524s 1%: 0.091+0.52+0.10 ms clock, 0.73+0.65/0.63/0+0.82 ms cpu, 3->3->1 MB, 4 MB goal, 0 MB stacks, 0 MB globals, 8 P
gc 2032 @39.527s 1%: 0.12+0.51+0.060 ms clock, 0.96+0.68/0.64/0+0.48 ms cpu, 3->3->1 MB, 4 MB goal, 0 MB stacks, 0 MB globals, 8 P
gc 2033 @39.530s 1%: 0.084+0.74+0.043 ms clock, 0.67+0.53/0.60/0+0.34 ms cpu, 3->3->1 MB, 4 MB goal, 0 MB stacks, 0 MB globals, 8 P
gc 2034 @39.533s 1%: 0.12+0.68+0.087 ms clock, 0.99+0.71/0.59/0+0.69 ms cpu, 3->3->1 MB, 4 MB goal, 0 MB stacks, 0 MB globals, 8 P
gc 2035 @39.536s 1%: 0.11+0.62+0.067 ms clock, 0.89+0.70/0.68/0+0.54 ms cpu, 3->3->1 MB, 4 MB goal, 0 MB stacks, 0 MB globals, 8 P
gc 2036 @39.538s 1%: 0.078+0.70+0.090 ms clock, 0.62+0.73/0.60/0+0.72 ms cpu, 3->3->1 MB, 4 MB goal, 0 MB stacks, 0 MB globals, 8 P
gc 2037 @39.541s 1%: 0.11+0.51+0.063 ms clock, 0.93+0.62/0.62/0+0.50 ms cpu, 3->3->1 MB, 4 MB goal, 0 MB stacks, 0 MB globals, 8 P
gc 2038 @39.544s 1%: 0.14+0.76+0.054 ms clock, 1.1+0.68/0.64/0+0.43 ms cpu, 3->3->1 MB, 4 MB goal, 0 MB stacks, 0 MB globals, 8 P
gc 2039 @39.547s 1%: 0.076+0.82+0.11 ms clock, 0.60+0.71/0.58/0+0.93 ms cpu, 3->3->1 MB, 4 MB goal, 0 MB stacks, 0 MB globals, 8 P
gc 2040 @39.550s 1%: 0.10+0.55+0.053 ms clock, 0.82+0.66/0.67/0+0.42 ms cpu, 3->3->1 MB, 4 MB goal, 0 MB stacks, 0 MB globals, 8 P
gc 2041 @39.553s 1%: 0.10+0.40+0.077 ms clock, 0.82+0.68/0.55/0+0.62 ms cpu, 3->3->1 MB, 4 MB goal, 0 MB stacks, 0 MB globals, 8 P
gc 2042 @39.555s 1%: 0.061+0.41+0.096 ms clock, 0.49+0.62/0.58/0+0.76 ms cpu, 3->3->1 MB, 4 MB goal, 0 MB stacks, 0 MB globals, 8 P
gc 2043 @39.558s 1%: 0.079+0.46+0.081 ms clock, 0.63+0.68/0.59/0+0.64 ms cpu, 3->3->1 MB, 4 MB goal, 0 MB stacks, 0 MB globals, 8 P
gc 2044 @39.561s 1%: 0.075+0.52+0.035 ms clock, 0.60+0.68/0.58/0+0.28 ms cpu, 3->3->1 MB, 4 MB goal, 0 MB stacks, 0 MB globals, 8 P
gc 2045 @39.563s 1%: 0.10+0.56+0.063 ms clock, 0.81+0.64/0.69/0+0.50 ms cpu, 3->3->1 MB, 4 MB goal, 0 MB stacks, 0 MB globals, 8 P
gc 2046 @39.566s 1%: 0.080+0.67+0.066 ms clock, 0.64+0.69/0.68/0+0.53 ms cpu, 3->3->1 MB, 4 MB goal, 0 MB stacks, 0 MB globals, 8 P
gc 2047 @39.569s 1%: 0.10+0.46+0.10 ms clock, 0.84+0.68/0.62/0+0.82 ms cpu, 3->3->1 MB, 4 MB goal, 0 MB stacks, 0 MB globals, 8 P
gc 2048 @39.572s 1%: 0.10+0.55+0.081 ms clock, 0.84+0.71/0.65/0+0.64 ms cpu, 3->3->1 MB, 4 MB goal, 0 MB stacks, 0 MB globals, 8 P
gc 2049 @39.575s 1%: 0.10+0.47+0.057 ms clock, 0.84+0.59/0.57/0+0.45 ms cpu, 3->3->1 MB, 4 MB goal, 0 MB stacks, 0 MB globals, 8 P
gc 2050 @39.577s 1%: 0.077+0.48+0.10 ms clock, 0.61+0.70/0.60/0+0.82 ms cpu, 3->3->1 MB, 4 MB goal, 0 MB stacks, 0 MB globals, 8 P
gc 2051 @39.580s 1%: 0.091+0.81+0.095 ms clock, 0.73+0.72/0.58/0+0.76 ms cpu, 3->3->1 MB, 4 MB goal, 0 MB stacks, 0 MB globals, 8 P
gc 2052 @39.583s 1%: 0.068+0.60+0.086 ms clock, 0.55+0.58/0.64/0+0.69 ms cpu, 3->3->1 MB, 4 MB goal, 0 MB stacks, 0 MB globals, 8 P
gc 2053 @39.586s 1%: 0.084+0.49+0.050 ms clock, 0.67+0.74/0.62/0+0.40 ms cpu, 3->3->1 MB, 4 MB goal, 0 MB stacks, 0 MB globals, 8 P
gc 2054 @39.589s 1%: 0.10+0.56+0.086 ms clock, 0.86+0.66/0.59/0+0.69 ms cpu, 3->3->1 MB, 4 MB goal, 0 MB stacks, 0 MB globals, 8 P
gc 2055 @39.591s 1%: 0.068+0.72+0.045 ms clock, 0.54+0.75/0.89/0+0.36 ms cpu, 3->3->1 MB, 4 MB goal, 0 MB stacks, 0 MB globals, 8 P
gc 2056 @39.594s 1%: 0.12+0.67+0.081 ms clock, 0.98+0.57/0.57/0+0.65 ms cpu, 3->3->1 MB, 4 MB goal, 0 MB stacks, 0 MB globals, 8 P
gc 2057 @39.597s 1%: 0.094+0.50+0.10 ms clock, 0.75+0.68/0.61/0+0.86 ms cpu, 3->3->1 MB, 4 MB goal, 0 MB stacks, 0 MB globals, 8 P
gc 2058 @39.600s 1%: 0.079+0.41+0.051 ms clock, 0.63+0.71/0.56/0+0.41 ms cpu, 3->3->1 MB, 4 MB goal, 0 MB stacks, 0 MB globals, 8 P
gc 2059 @39.602s 1%: 0.062+0.55+0.057 ms clock, 0.49+0.65/0.65/0+0.45 ms cpu, 3->3->1 MB, 4 MB goal, 0 MB stacks, 0 MB globals, 8 P
gc 2060 @39.605s 1%: 0.10+0.47+0.079 ms clock, 0.81+0.67/0.66/0+0.63 ms cpu, 3->3->1 MB, 4 MB goal, 0 MB stacks, 0 MB globals, 8 P
gc 2061 @39.608s 1%: 0.087+0.44+0.10 ms clock, 0.70+0.72/0.53/0+0.86 ms cpu, 3->3->1 MB, 4 MB goal, 0 MB stacks, 0 MB globals, 8 P
gc 2062 @39.611s 1%: 0.10+0.52+0.090 ms clock, 0.86+0.67/0.66/0+0.72 ms cpu, 3->3->1 MB, 4 MB goal, 0 MB stacks, 0 MB globals, 8 P
gc 2063 @39.614s 1%: 0.096+0.55+0.12 ms clock, 0.76+0.62/0.62/0+0.96 ms cpu, 3->3->1 MB, 4 MB goal, 0 MB stacks, 0 MB globals, 8 P
gc 2064 @39.616s 1%: 0.10+0.48+0.089 ms clock, 0.87+0.71/0.56/0+0.71 ms cpu, 3->3->1 MB, 4 MB goal, 0 MB stacks, 0 MB globals, 8 P
gc 2065 @39.619s 1%: 0.094+0.46+0.071 ms clock, 0.75+0.62/0.59/0+0.56 ms cpu, 3->3->1 MB, 4 MB goal, 0 MB stacks, 0 MB globals, 8 P
gc 2066 @39.622s 1%: 0.11+0.53+0.060 ms clock, 0.89+0.59/0.66/0+0.48 ms cpu, 3->3->1 MB, 4 MB goal, 0 MB stacks, 0 MB globals, 8 P
gc 2067 @39.625s 1%: 0.10+0.59+0.10 ms clock, 0.81+0.66/0.63/0+0.82 ms cpu, 3->3->1 MB, 4 MB goal, 0 MB stacks, 0 MB globals, 8 P
gc 2068 @39.628s 1%: 0.12+0.48+0.048 ms clock, 0.97+0.73/0.63/0+0.38 ms cpu, 3->3->1 MB, 4 MB goal, 0 MB stacks, 0 MB globals, 8 P
gc 2069 @39.630s 1%: 0.099+0.77+0.11 ms clock, 0.79+0.53/0.70/0+0.89 ms cpu, 3->3->1 MB, 4 MB goal, 0 MB stacks, 0 MB globals, 8 P
gc 2070 @39.633s 1%: 0.088+0.57+0.084 ms clock, 0.70+0.69/0.65/0+0.67 ms cpu, 3->3->1 MB, 4 MB goal, 0 MB stacks, 0 MB globals, 8 P
gc 2071 @39.636s 1%: 0.11+0.43+0.064 ms clock, 0.92+0.70/0.60/0+0.51 ms cpu, 3->3->1 MB, 4 MB goal, 0 MB stacks, 0 MB globals, 8 P
gc 2072 @39.639s 1%: 0.070+0.40+0.093 ms clock, 0.56+0.65/0.53/0+0.74 ms cpu, 3->3->1 MB, 4 MB goal, 0 MB stacks, 0 MB globals, 8 P
gc 2073 @39.641s 1%: 0.10+0.52+0.039 ms clock, 0.85+0.68/0.63/0+0.31 ms cpu, 3->3->1 MB, 4 MB goal, 0 MB stacks, 0 MB globals, 8 P
gc 2074 @39.644s 1%: 0.079+0.53+0.081 ms clock, 0.63+0.69/0.64/0+0.64 ms cpu, 3->3->1 MB, 4 MB goal, 0 MB stacks, 0 MB globals, 8 P
gc 2075 @39.647s 1%: 0.10+0.47+0.055 ms clock, 0.80+0.56/0.64/0+0.44 ms cpu, 3->3->1 MB, 4 MB goal, 0 MB stacks, 0 MB globals, 8 P
gc 2076 @39.650s 1%: 0.10+1.0+0.095 ms clock, 0.86+0.53/0.65/0+0.76 ms cpu, 3->3->1 MB, 4 MB goal, 0 MB stacks, 0 MB globals, 8 P
gc 2077 @39.652s 1%: 0.089+0.53+0.072 ms clock, 0.71+0.61/0.67/0+0.58 ms cpu, 3->3->1 MB, 4 MB goal, 0 MB stacks, 0 MB globals, 8 P
gc 2078 @39.655s 1%: 0.10+0.47+0.092 ms clock, 0.87+0.59/0.59/0+0.73 ms cpu, 3->3->1 MB, 4 MB goal, 0 MB stacks, 0 MB globals, 8 P
gc 2079 @39.658s 1%: 0.10+0.47+0.094 ms clock, 0.84+0.62/0.65/0+0.75 ms cpu, 3->3->1 MB, 4 MB goal, 0 MB stacks, 0 MB globals, 8 P
gc 2080 @39.661s 1%: 0.11+0.42+0.092 ms clock, 0.95+0.73/0.55/0+0.74 ms cpu, 3->3->1 MB, 4 MB goal, 0 MB stacks, 0 MB globals, 8 P
gc 2081 @39.663s 1%: 0.074+0.49+0.082 ms clock, 0.59+0.61/0.57/0.12+0.66 ms cpu, 3->3->1 MB, 4 MB goal, 0 MB stacks, 0 MB globals, 8 P
gc 2082 @39.666s 1%: 0.095+0.50+0.059 ms clock, 0.76+0.53/0.67/0+0.47 ms cpu, 3->3->1 MB, 4 MB goal, 0 MB stacks, 0 MB globals, 8 P
gc 2083 @39.669s 1%: 0.078+0.35+0.095 ms clock, 0.63+0.74/0.44/0+0.76 ms cpu, 3->3->1 MB, 4 MB goal, 0 MB stacks, 0 MB globals, 8 P
gc 2084 @39.672s 1%: 0.088+0.52+0.096 ms clock, 0.71+0.57/0.72/0+0.76 ms cpu, 3->3->1 MB, 4 MB goal, 0 MB stacks, 0 MB globals, 8 P
gc 2085 @39.675s 1%: 0.092+0.55+0.097 ms clock, 0.74+0.66/0.63/0+0.78 ms cpu, 3->3->1 MB, 4 MB goal, 0 MB stacks, 0 MB globals, 8 P
gc 2086 @39.677s 1%: 0.12+0.45+0.069 ms clock, 1.0+0.67/0.58/0+0.55 ms cpu, 3->3->1 MB, 4 MB goal, 0 MB stacks, 0 MB globals, 8 P
gc 2087 @39.680s 1%: 0.095+0.48+0.057 ms clock, 0.76+0.63/0.54/0+0.46 ms cpu, 3->3->1 MB, 4 MB goal, 0 MB stacks, 0 MB globals, 8 P
gc 2088 @39.683s 1%: 0.091+0.44+0.058 ms clock, 0.72+0.71/0.58/0+0.47 ms cpu, 3->3->1 MB, 4 MB goal, 0 MB stacks, 0 MB globals, 8 P
gc 2089 @39.686s 1%: 0.12+0.46+0.036 ms clock, 0.96+0.70/0.54/0+0.29 ms cpu, 3->3->1 MB, 4 MB goal, 0 MB stacks, 0 MB globals, 8 P
gc 2090 @39.688s 1%: 0.091+0.49+0.077 ms clock, 0.72+0.62/0.50/0+0.62 ms cpu, 3->3->1 MB, 4 MB goal, 0 MB stacks, 0 MB globals, 8 P
gc 2091 @39.691s 1%: 0.090+0.51+0.034 ms clock, 0.72+0.56/0.67/0+0.27 ms cpu, 3->3->1 MB, 4 MB goal, 0 MB stacks, 0 MB globals, 8 P
gc 2092 @39.694s 1%: 0.072+0.50+0.035 ms clock, 0.58+0.65/0.66/0+0.28 ms cpu, 3->3->1 MB, 4 MB goal, 0 MB stacks, 0 MB globals, 8 P
gc 2093 @39.697s 1%: 0.10+0.65+0.094 ms clock, 0.82+0.64/0.68/0+0.75 ms cpu, 3->3->1 MB, 4 MB goal, 0 MB stacks, 0 MB globals, 8 P
gc 2094 @39.700s 1%: 0.10+0.45+0.055 ms clock, 0.80+0.71/0.58/0+0.44 ms cpu, 3->3->1 MB, 4 MB goal, 0 MB stacks, 0 MB globals, 8 P
gc 2095 @39.702s 1%: 0.050+0.51+0.095 ms clock, 0.40+0.64/0.61/0+0.76 ms cpu, 3->3->1 MB, 4 MB goal, 0 MB stacks, 0 MB globals, 8 P
gc 2096 @39.705s 1%: 0.096+0.49+0.068 ms clock, 0.77+0.69/0.63/0+0.54 ms cpu, 3->3->1 MB, 4 MB goal, 0 MB stacks, 0 MB globals, 8 P
gc 2097 @39.708s 1%: 0.10+0.40+0.081 ms clock, 0.83+0.67/0.59/0+0.65 ms cpu, 3->3->1 MB, 4 MB goal, 0 MB stacks, 0 MB globals, 8 P
gc 2098 @39.711s 1%: 0.11+0.47+0.10 ms clock, 0.95+0.61/0.62/0+0.80 ms cpu, 3->3->1 MB, 4 MB goal, 0 MB stacks, 0 MB globals, 8 P
gc 2099 @39.714s 1%: 0.078+0.52+0.093 ms clock, 0.62+0.68/0.62/0+0.74 ms cpu, 3->3->1 MB, 4 MB goal, 0 MB stacks, 0 MB globals, 8 P
gc 2100 @39.716s 1%: 0.087+0.97+0.031 ms clock, 0.70+0.47/0.63/0+0.25 ms cpu, 3->3->1 MB, 4 MB goal, 0 MB stacks, 0 MB globals, 8 P
gc 2101 @39.719s 1%: 0.10+0.75+0.048 ms clock, 0.84+0.59/0.68/0+0.38 ms cpu, 3->3->1 MB, 4 MB goal, 0 MB stacks, 0 MB globals, 8 P
gc 2102 @39.722s 1%: 0.11+0.46+0.11 ms clock, 0.95+0.66/0.53/0+0.95 ms cpu, 3->3->1 MB, 4 MB goal, 0 MB stacks, 0 MB globals, 8 P
gc 2103 @39.725s 1%: 0.13+0.70+0.098 ms clock, 1.1+0.73/0.65/0+0.79 ms cpu, 3->3->1 MB, 4 MB goal, 0 MB stacks, 0 MB globals, 8 P
gc 2104 @39.728s 1%: 0.099+0.48+0.099 ms clock, 0.79+0.65/0.62/0+0.79 ms cpu, 3->3->1 MB, 4 MB goal, 0 MB stacks, 0 MB globals, 8 P
gc 2105 @39.730s 1%: 0.087+0.45+0.085 ms clock, 0.69+0.75/0.55/0+0.68 ms cpu, 3->3->1 MB, 4 MB goal, 0 MB stacks, 0 MB globals, 8 P
gc 2106 @39.733s 1%: 0.082+0.41+0.082 ms clock, 0.66+0.76/0.53/0+0.65 ms cpu, 3->3->1 MB, 4 MB goal, 0 MB stacks, 0 MB globals, 8 P
gc 2107 @39.736s 1%: 0.073+0.46+0.065 ms clock, 0.58+0.61/0.58/0+0.52 ms cpu, 3->3->1 MB, 4 MB goal, 0 MB stacks, 0 MB globals, 8 P
gc 2108 @39.739s 1%: 0.087+0.48+0.060 ms clock, 0.69+0.62/0.55/0+0.48 ms cpu, 3->3->1 MB, 4 MB goal, 0 MB stacks, 0 MB globals, 8 P
gc 2109 @39.741s 1%: 0.097+0.55+0.078 ms clock, 0.78+0.57/0.76/0+0.62 ms cpu, 3->3->1 MB, 4 MB goal, 0 MB stacks, 0 MB globals, 8 P
gc 2110 @39.744s 1%: 0.11+0.90+0.074 ms clock, 0.89+0.53/0.69/0+0.59 ms cpu, 3->3->1 MB, 4 MB goal, 0 MB stacks, 0 MB globals, 8 P
gc 2111 @39.747s 1%: 0.067+0.52+0.067 ms clock, 0.53+0.61/0.61/0+0.53 ms cpu, 3->3->1 MB, 4 MB goal, 0 MB stacks, 0 MB globals, 8 P
gc 2112 @39.750s 1%: 0.10+0.46+0.095 ms clock, 0.81+0.65/0.54/0+0.76 ms cpu, 3->3->1 MB, 4 MB goal, 0 MB stacks, 0 MB globals, 8 P
gc 2113 @39.753s 1%: 0.11+0.47+0.040 ms clock, 0.88+0.68/0.53/0+0.32 ms cpu, 3->3->1 MB, 4 MB goal, 0 MB stacks, 0 MB globals, 8 P
gc 2114 @39.755s 1%: 0.11+0.51+0.10 ms clock, 0.89+0.61/0.56/0+0.82 ms cpu, 3->3->1 MB, 4 MB goal, 0 MB stacks, 0 MB globals, 8 P
gc 2115 @39.758s 1%: 0.10+0.56+0.070 ms clock, 0.86+0.69/0.60/0+0.56 ms cpu, 3->3->1 MB, 4 MB goal, 0 MB stacks, 0 MB globals, 8 P
gc 2116 @39.761s 1%: 0.10+0.45+0.10 ms clock, 0.82+0.72/0.47/0+0.84 ms cpu, 3->3->1 MB, 4 MB goal, 0 MB stacks, 0 MB globals, 8 P
gc 2117 @39.764s 1%: 0.099+0.42+0.048 ms clock, 0.79+0.63/0.54/0+0.38 ms cpu, 3->3->1 MB, 4 MB goal, 0 MB stacks, 0 MB globals, 8 P
gc 2118 @39.766s 1%: 0.13+0.51+0.12 ms clock, 1.0+0.70/0.57/0+0.99 ms cpu, 3->3->1 MB, 4 MB goal, 0 MB stacks, 0 MB globals, 8 P
gc 2119 @39.769s 1%: 0.090+0.51+0.099 ms clock, 0.72+0.65/0.57/0+0.79 ms cpu, 3->3->1 MB, 4 MB goal, 0 MB stacks, 0 MB globals, 8 P
gc 2120 @39.772s 1%: 0.075+0.51+0.10 ms clock, 0.60+0.74/0.63/0+0.80 ms cpu, 3->3->1 MB, 4 MB goal, 0 MB stacks, 0 MB globals, 8 P
gc 2121 @39.775s 1%: 0.11+0.56+0.10 ms clock, 0.88+0.64/0.65/0+0.83 ms cpu, 3->3->1 MB, 4 MB goal, 0 MB stacks, 0 MB globals, 8 P
gc 2122 @39.778s 1%: 0.12+0.57+0.090 ms clock, 0.98+0.67/0.63/0+0.72 ms cpu, 3->3->1 MB, 4 MB goal, 0 MB stacks, 0 MB globals, 8 P
gc 2123 @39.780s 1%: 0.10+0.61+0.072 ms clock, 0.81+0.60/0.72/0+0.58 ms cpu, 3->3->1 MB, 4 MB goal, 0 MB stacks, 0 MB globals, 8 P
gc 2124 @39.783s 1%: 0.15+0.54+0.071 ms clock, 1.2+0.67/0.69/0+0.57 ms cpu, 3->3->1 MB, 4 MB goal, 0 MB stacks, 0 MB globals, 8 P
gc 2125 @39.786s 1%: 0.061+0.52+0.075 ms clock, 0.49+0.77/0.60/0+0.60 ms cpu, 3->3->1 MB, 4 MB goal, 0 MB stacks, 0 MB globals, 8 P
gc 2126 @39.789s 1%: 0.12+0.48+0.086 ms clock, 1.0+0.67/0.56/0+0.68 ms cpu, 3->3->1 MB, 4 MB goal, 0 MB stacks, 0 MB globals, 8 P
gc 2127 @39.791s 1%: 0.088+0.54+0.087 ms clock, 0.70+0.64/0.69/0+0.69 ms cpu, 3->3->1 MB, 4 MB goal, 0 MB stacks, 0 MB globals, 8 P
gc 2128 @39.794s 1%: 0.077+0.53+0.069 ms clock, 0.61+0.69/0.64/0+0.55 ms cpu, 3->3->1 MB, 4 MB goal, 0 MB stacks, 0 MB globals, 8 P
gc 2129 @39.797s 1%: 0.075+0.69+0.084 ms clock, 0.60+0.68/0.66/0+0.67 ms cpu, 3->3->1 MB, 4 MB goal, 0 MB stacks, 0 MB globals, 8 P
gc 2130 @39.800s 1%: 0.13+0.45+0.073 ms clock, 1.0+0.75/0.56/0+0.58 ms cpu, 3->3->1 MB, 4 MB goal, 0 MB stacks, 0 MB globals, 8 P
gc 2131 @39.803s 1%: 0.094+0.46+0.092 ms clock, 0.75+0.56/0.69/0+0.73 ms cpu, 3->3->1 MB, 4 MB goal, 0 MB stacks, 0 MB globals, 8 P
gc 2132 @39.805s 1%: 0.099+0.48+0.11 ms clock, 0.79+0.65/0.67/0+0.92 ms cpu, 3->3->1 MB, 4 MB goal, 0 MB stacks, 0 MB globals, 8 P
gc 2133 @39.808s 1%: 0.053+0.39+0.11 ms clock, 0.42+0.64/0.52/0+0.88 ms cpu, 3->3->1 MB, 4 MB goal, 0 MB stacks, 0 MB globals, 8 P
gc 2134 @39.811s 1%: 0.084+0.61+0.076 ms clock, 0.67+0.65/0.62/0+0.60 ms cpu, 3->3->1 MB, 4 MB goal, 0 MB stacks, 0 MB globals, 8 P
gc 2135 @39.814s 1%: 0.12+0.53+0.096 ms clock, 0.97+0.66/0.65/0+0.77 ms cpu, 3->3->1 MB, 4 MB goal, 0 MB stacks, 0 MB globals, 8 P
gc 2136 @39.816s 1%: 0.10+0.54+0.059 ms clock, 0.80+0.70/0.65/0+0.47 ms cpu, 3->3->1 MB, 4 MB goal, 0 MB stacks, 0 MB globals, 8 P
gc 2137 @39.819s 1%: 0.12+0.55+0.078 ms clock, 1.0+0.51/0.70/0+0.62 ms cpu, 3->3->1 MB, 4 MB goal, 0 MB stacks, 0 MB globals, 8 P
gc 2138 @39.822s 1%: 0.080+0.64+0.049 ms clock, 0.64+0.62/0.53/0+0.39 ms cpu, 3->3->1 MB, 4 MB goal, 0 MB stacks, 0 MB globals, 8 P
gc 2139 @39.825s 1%: 0.068+0.43+0.10 ms clock, 0.54+0.62/0.61/0+0.80 ms cpu, 3->3->1 MB, 4 MB goal, 0 MB stacks, 0 MB globals, 8 P
gc 2140 @39.827s 1%: 0.080+0.92+0.094 ms clock, 0.64+0.51/0.57/0+0.75 ms cpu, 3->3->1 MB, 4 MB goal, 0 MB stacks, 0 MB globals, 8 P
gc 2141 @39.830s 1%: 0.078+0.53+0.062 ms clock, 0.62+0.70/0.53/0+0.50 ms cpu, 3->3->1 MB, 4 MB goal, 0 MB stacks, 0 MB globals, 8 P
gc 2142 @39.833s 1%: 0.15+0.63+0.067 ms clock, 1.2+0.54/0.84/0+0.53 ms cpu, 3->3->1 MB, 4 MB goal, 0 MB stacks, 0 MB globals, 8 P
gc 2143 @39.836s 1%: 0.080+0.51+0.074 ms clock, 0.64+0.67/0.53/0+0.59 ms cpu, 3->3->1 MB, 4 MB goal, 0 MB stacks, 0 MB globals, 8 P
gc 2144 @39.839s 1%: 0.089+0.93+0.087 ms clock, 0.71+0.69/0.66/0+0.69 ms cpu, 3->4->1 MB, 4 MB goal, 0 MB stacks, 0 MB globals, 8 P
gc 2145 @39.842s 1%: 0.11+0.75+0.094 ms clock, 0.93+0.60/0.56/0+0.75 ms cpu, 3->3->1 MB, 4 MB goal, 0 MB stacks, 0 MB globals, 8 P
gc 2146 @39.845s 1%: 0.10+0.95+0.089 ms clock, 0.80+0.61/0.59/0+0.71 ms cpu, 3->4->1 MB, 4 MB goal, 0 MB stacks, 0 MB globals, 8 P
gc 2147 @39.847s 1%: 0.081+0.70+0.094 ms clock, 0.64+0.51/0.64/0+0.75 ms cpu, 3->3->1 MB, 4 MB goal, 0 MB stacks, 0 MB globals, 8 P
gc 2148 @39.850s 1%: 0.11+0.44+0.086 ms clock, 0.95+0.60/0.59/0+0.69 ms cpu, 3->3->1 MB, 4 MB goal, 0 MB stacks, 0 MB globals, 8 P
gc 2149 @39.853s 1%: 0.078+0.44+0.060 ms clock, 0.62+0.75/0.49/0+0.48 ms cpu, 3->3->1 MB, 4 MB goal, 0 MB stacks, 0 MB globals, 8 P
gc 2150 @39.856s 1%: 0.079+0.51+0.087 ms clock, 0.63+0.69/0.52/0+0.69 ms cpu, 3->3->1 MB, 4 MB goal, 0 MB stacks, 0 MB globals, 8 P
gc 2151 @39.858s 1%: 0.093+0.56+0.066 ms clock, 0.74+0.70/0.61/0+0.53 ms cpu, 3->3->1 MB, 4 MB goal, 0 MB stacks, 0 MB globals, 8 P
gc 2152 @39.861s 1%: 0.090+0.71+0.062 ms clock, 0.72+0.69/0.54/0+0.49 ms cpu, 3->3->1 MB, 4 MB goal, 0 MB stacks, 0 MB globals, 8 P
gc 2153 @39.864s 1%: 0.10+0.67+0.10 ms clock, 0.81+0.69/0.69/0+0.85 ms cpu, 3->3->1 MB, 4 MB goal, 0 MB stacks, 0 MB globals, 8 P
gc 2154 @39.867s 1%: 0.060+0.56+0.11 ms clock, 0.48+0.63/0.67/0+0.92 ms cpu, 3->3->1 MB, 4 MB goal, 0 MB stacks, 0 MB globals, 8 P
gc 2155 @39.870s 1%: 0.10+1.0+0.077 ms clock, 0.82+0.62/0.62/0+0.61 ms cpu, 3->4->1 MB, 4 MB goal, 0 MB stacks, 0 MB globals, 8 P
gc 2156 @39.873s 1%: 0.084+0.56+0.063 ms clock, 0.67+0.58/0.58/0+0.50 ms cpu, 3->3->1 MB, 4 MB goal, 0 MB stacks, 0 MB globals, 8 P
gc 2157 @39.875s 1%: 0.10+0.46+0.063 ms clock, 0.85+0.66/0.56/0+0.50 ms cpu, 3->3->1 MB, 4 MB goal, 0 MB stacks, 0 MB globals, 8 P
gc 2158 @39.878s 1%: 0.073+0.67+0.049 ms clock, 0.58+0.68/0.53/0+0.39 ms cpu, 3->3->1 MB, 4 MB goal, 0 MB stacks, 0 MB globals, 8 P
gc 2159 @39.881s 1%: 0.096+0.48+0.084 ms clock, 0.77+0.55/0.66/0+0.67 ms cpu, 3->3->1 MB, 4 MB goal, 0 MB stacks, 0 MB globals, 8 P
gc 2160 @39.884s 1%: 0.070+0.51+0.11 ms clock, 0.56+0.74/0.58/0+0.93 ms cpu, 3->3->1 MB, 4 MB goal, 0 MB stacks, 0 MB globals, 8 P
gc 2161 @39.886s 1%: 0.087+0.64+0.10 ms clock, 0.70+0.73/0.57/0+0.87 ms cpu, 3->3->1 MB, 4 MB goal, 0 MB stacks, 0 MB globals, 8 P
gc 2162 @39.889s 1%: 0.078+0.49+0.034 ms clock, 0.62+0.60/0.62/0+0.27 ms cpu, 3->3->1 MB, 4 MB goal, 0 MB stacks, 0 MB globals, 8 P
gc 2163 @39.892s 1%: 0.10+0.47+0.073 ms clock, 0.85+0.63/0.65/0+0.58 ms cpu, 3->3->1 MB, 4 MB goal, 0 MB stacks, 0 MB globals, 8 P
gc 2164 @39.895s 1%: 0.072+0.52+0.13 ms clock, 0.57+0.70/0.56/0+1.0 ms cpu, 3->3->1 MB, 4 MB goal, 0 MB stacks, 0 MB globals, 8 P
gc 2165 @39.897s 1%: 0.099+0.50+0.083 ms clock, 0.79+0.68/0.66/0+0.66 ms cpu, 3->3->1 MB, 4 MB goal, 0 MB stacks, 0 MB globals, 8 P
gc 2166 @39.900s 1%: 0.061+0.78+0.075 ms clock, 0.49+0.63/0.67/0+0.60 ms cpu, 3->3->1 MB, 4 MB goal, 0 MB stacks, 0 MB globals, 8 P
gc 2167 @39.903s 1%: 0.079+0.51+0.069 ms clock, 0.63+0.79/0.54/0+0.55 ms cpu, 3->3->1 MB, 4 MB goal, 0 MB stacks, 0 MB globals, 8 P
gc 2168 @39.906s 1%: 0.072+0.62+0.095 ms clock, 0.57+0.68/0.75/0+0.76 ms cpu, 3->3->1 MB, 4 MB goal, 0 MB stacks, 0 MB globals, 8 P
gc 2169 @39.909s 1%: 0.11+0.46+0.072 ms clock, 0.88+0.67/0.59/0+0.58 ms cpu, 3->3->1 MB, 4 MB goal, 0 MB stacks, 0 MB globals, 8 P
gc 2170 @39.911s 1%: 0.11+0.76+0.10 ms clock, 0.90+0.57/0.59/0+0.80 ms cpu, 3->3->1 MB, 4 MB goal, 0 MB stacks, 0 MB globals, 8 P
gc 2171 @39.914s 1%: 0.092+0.85+0.085 ms clock, 0.74+0.60/0.62/0+0.68 ms cpu, 3->3->1 MB, 4 MB goal, 0 MB stacks, 0 MB globals, 8 P
gc 2172 @39.917s 1%: 0.090+0.77+0.099 ms clock, 0.72+0.76/0.60/0+0.79 ms cpu, 3->3->1 MB, 4 MB goal, 0 MB stacks, 0 MB globals, 8 P
gc 2173 @39.920s 1%: 0.10+0.67+0.093 ms clock, 0.85+0.54/0.61/0+0.74 ms cpu, 3->3->1 MB, 4 MB goal, 0 MB stacks, 0 MB globals, 8 P
gc 2174 @39.923s 1%: 0.10+0.82+0.061 ms clock, 0.82+0.68/0.58/0+0.48 ms cpu, 3->3->1 MB, 4 MB goal, 0 MB stacks, 0 MB globals, 8 P
gc 2175 @39.926s 1%: 0.10+0.67+0.037 ms clock, 0.86+0.70/0.60/0+0.30 ms cpu, 3->3->1 MB, 4 MB goal, 0 MB stacks, 0 MB globals, 8 P
gc 2176 @39.929s 1%: 0.12+0.55+0.090 ms clock, 0.97+0.85/0.67/0+0.72 ms cpu, 3->3->1 MB, 4 MB goal, 0 MB stacks, 0 MB globals, 8 P
gc 2177 @39.931s 1%: 0.10+0.70+0.058 ms clock, 0.85+0.73/0.54/0.004+0.46 ms cpu, 3->3->1 MB, 4 MB goal, 0 MB stacks, 0 MB globals, 8 P
gc 2178 @39.934s 1%: 0.10+0.56+0.075 ms clock, 0.83+0.65/0.59/0+0.60 ms cpu, 3->3->1 MB, 4 MB goal, 0 MB stacks, 0 MB globals, 8 P
gc 2179 @39.937s 1%: 0.10+0.49+0.11 ms clock, 0.83+0.70/0.60/0+0.91 ms cpu, 3->3->1 MB, 4 MB goal, 0 MB stacks, 0 MB globals, 8 P
gc 2180 @39.940s 1%: 0.092+0.37+0.054 ms clock, 0.74+0.63/0.56/0+0.43 ms cpu, 3->3->1 MB, 4 MB goal, 0 MB stacks, 0 MB globals, 8 P
gc 2181 @39.942s 1%: 0.13+0.51+0.11 ms clock, 1.0+0.72/0.59/0+0.91 ms cpu, 3->3->1 MB, 4 MB goal, 0 MB stacks, 0 MB globals, 8 P
gc 2182 @39.945s 1%: 0.10+0.55+0.094 ms clock, 0.82+0.58/0.56/0+0.75 ms cpu, 3->3->1 MB, 4 MB goal, 0 MB stacks, 0 MB globals, 8 P
gc 2183 @39.948s 1%: 0.096+0.67+0.080 ms clock, 0.77+0.66/0.79/0+0.64 ms cpu, 3->3->1 MB, 4 MB goal, 0 MB stacks, 0 MB globals, 8 P
gc 2184 @39.951s 1%: 0.058+0.45+0.084 ms clock, 0.46+0.69/0.58/0+0.67 ms cpu, 3->3->1 MB, 4 MB goal, 0 MB stacks, 0 MB globals, 8 P
gc 2185 @39.954s 1%: 0.10+0.82+0.099 ms clock, 0.84+0.59/0.64/0+0.79 ms cpu, 3->3->1 MB, 4 MB goal, 0 MB stacks, 0 MB globals, 8 P
gc 2186 @39.956s 1%: 0.12+0.70+0.10 ms clock, 1.0+0.68/0.59/0+0.80 ms cpu, 3->3->1 MB, 4 MB goal, 0 MB stacks, 0 MB globals, 8 P
gc 2187 @39.959s 1%: 0.094+0.80+0.080 ms clock, 0.75+0.48/0.70/0+0.64 ms cpu, 3->3->1 MB, 4 MB goal, 0 MB stacks, 0 MB globals, 8 P
gc 2188 @39.962s 1%: 0.094+0.73+0.088 ms clock, 0.75+0.55/0.70/0+0.71 ms cpu, 3->3->1 MB, 4 MB goal, 0 MB stacks, 0 MB globals, 8 P
gc 2189 @39.965s 1%: 0.096+0.59+0.082 ms clock, 0.77+0.71/0.69/0+0.65 ms cpu, 3->3->1 MB, 4 MB goal, 0 MB stacks, 0 MB globals, 8 P
gc 2190 @39.968s 1%: 0.10+0.57+0.061 ms clock, 0.87+0.59/0.73/0+0.48 ms cpu, 3->3->1 MB, 4 MB goal, 0 MB stacks, 0 MB globals, 8 P
gc 2191 @39.970s 1%: 0.11+0.47+0.14 ms clock, 0.89+0.73/0.53/0+1.1 ms cpu, 3->3->1 MB, 4 MB goal, 0 MB stacks, 0 MB globals, 8 P
gc 2192 @39.973s 1%: 0.12+0.74+0.075 ms clock, 0.99+0.69/0.72/0+0.60 ms cpu, 3->3->1 MB, 4 MB goal, 0 MB stacks, 0 MB globals, 8 P
gc 2193 @39.976s 1%: 0.11+0.74+0.10 ms clock, 0.92+0.70/0.57/0+0.86 ms cpu, 3->3->1 MB, 4 MB goal, 0 MB stacks, 0 MB globals, 8 P
gc 2194 @39.979s 1%: 0.10+0.67+0.060 ms clock, 0.86+0.65/0.59/0+0.48 ms cpu, 3->3->1 MB, 4 MB goal, 0 MB stacks, 0 MB globals, 8 P
gc 2195 @39.982s 1%: 0.13+0.44+0.066 ms clock, 1.0+0.68/0.52/0+0.53 ms cpu, 3->3->1 MB, 4 MB goal, 0 MB stacks, 0 MB globals, 8 P
gc 2196 @39.984s 1%: 0.10+0.38+0.089 ms clock, 0.85+0.79/0.51/0+0.71 ms cpu, 3->3->1 MB, 4 MB goal, 0 MB stacks, 0 MB globals, 8 P
gc 2197 @39.987s 1%: 0.069+0.47+0.075 ms clock, 0.55+0.71/0.56/0+0.60 ms cpu, 3->3->1 MB, 4 MB goal, 0 MB stacks, 0 MB globals, 8 P
gc 2198 @39.990s 1%: 0.11+0.51+0.096 ms clock, 0.89+0.64/0.67/0+0.77 ms cpu, 3->3->1 MB, 4 MB goal, 0 MB stacks, 0 MB globals, 8 P
gc 2199 @39.993s 1%: 0.086+0.49+0.092 ms clock, 0.68+0.63/0.70/0+0.74 ms cpu, 3->3->1 MB, 4 MB goal, 0 MB stacks, 0 MB globals, 8 P
gc 2200 @39.995s 1%: 0.10+0.52+0.10 ms clock, 0.85+0.68/0.65/0+0.82 ms cpu, 3->3->1 MB, 4 MB goal, 0 MB stacks, 0 MB globals, 8 P
gc 2201 @39.998s 1%: 0.10+0.69+0.086 ms clock, 0.81+0.66/0.61/0+0.69 ms cpu, 3->3->1 MB, 4 MB goal, 0 MB stacks, 0 MB globals, 8 P
gc 2202 @40.001s 1%: 0.097+0.51+0.051 ms clock, 0.78+0.66/0.60/0+0.41 ms cpu, 3->3->1 MB, 4 MB goal, 0 MB stacks, 0 MB globals, 8 P
gc 2203 @40.004s 1%: 0.099+0.59+0.073 ms clock, 0.79+0.59/0.75/0+0.58 ms cpu, 3->3->1 MB, 4 MB goal, 0 MB stacks, 0 MB globals, 8 P
gc 2204 @40.006s 1%: 0.098+0.48+0.077 ms clock, 0.78+0.68/0.55/0+0.61 ms cpu, 3->3->1 MB, 4 MB goal, 0 MB stacks, 0 MB globals, 8 P
gc 2205 @40.009s 1%: 0.11+0.54+0.072 ms clock, 0.91+0.65/0.59/0+0.58 ms cpu, 3->3->1 MB, 4 MB goal, 0 MB stacks, 0 MB globals, 8 P
gc 2206 @40.012s 1%: 0.084+0.46+0.057 ms clock, 0.67+0.61/0.65/0+0.45 ms cpu, 3->3->1 MB, 4 MB goal, 0 MB stacks, 0 MB globals, 8 P
gc 2207 @40.015s 1%: 0.12+0.48+0.066 ms clock, 1.0+0.71/0.56/0+0.52 ms cpu, 3->3->1 MB, 4 MB goal, 0 MB stacks, 0 MB globals, 8 P
gc 2208 @40.018s 1%: 0.11+0.59+0.12 ms clock, 0.91+0.49/0.65/0+0.97 ms cpu, 3->3->1 MB, 4 MB goal, 0 MB stacks, 0 MB globals, 8 P
gc 2209 @40.020s 1%: 0.047+0.54+0.081 ms clock, 0.37+0.63/0.68/0+0.65 ms cpu, 3->3->1 MB, 4 MB goal, 0 MB stacks, 0 MB globals, 8 P
gc 2210 @40.023s 1%: 0.11+0.72+0.091 ms clock, 0.89+0.71/0.59/0+0.73 ms cpu, 3->3->1 MB, 4 MB goal, 0 MB stacks, 0 MB globals, 8 P
gc 2211 @40.026s 1%: 0.10+0.47+0.096 ms clock, 0.80+0.66/0.62/0+0.76 ms cpu, 3->3->1 MB, 4 MB goal, 0 MB stacks, 0 MB globals, 8 P
gc 2212 @40.029s 1%: 0.088+0.46+0.098 ms clock, 0.70+0.67/0.61/0+0.78 ms cpu, 3->3->1 MB, 4 MB goal, 0 MB stacks, 0 MB globals, 8 P
gc 2213 @40.032s 1%: 0.10+0.51+0.11 ms clock, 0.87+0.80/0.58/0+0.92 ms cpu, 3->3->1 MB, 4 MB goal, 0 MB stacks, 0 MB globals, 8 P
gc 2214 @40.034s 1%: 0.11+0.68+0.080 ms clock, 0.90+0.66/0.50/0+0.64 ms cpu, 3->3->1 MB, 4 MB goal, 0 MB stacks, 0 MB globals, 8 P
gc 2215 @40.037s 1%: 0.098+0.54+0.099 ms clock, 0.79+0.69/0.66/0+0.79 ms cpu, 3->3->1 MB, 4 MB goal, 0 MB stacks, 0 MB globals, 8 P
gc 2216 @40.040s 1%: 0.10+0.58+0.098 ms clock, 0.82+0.61/0.69/0+0.79 ms cpu, 3->3->1 MB, 4 MB goal, 0 MB stacks, 0 MB globals, 8 P
gc 2217 @40.043s 1%: 0.11+0.51+0.090 ms clock, 0.90+0.72/0.57/0+0.72 ms cpu, 3->3->1 MB, 4 MB goal, 0 MB stacks, 0 MB globals, 8 P
gc 2218 @40.046s 1%: 0.082+0.54+0.053 ms clock, 0.66+0.70/0.56/0+0.42 ms cpu, 3->3->1 MB, 4 MB goal, 0 MB stacks, 0 MB globals, 8 P
gc 2219 @40.048s 1%: 0.078+0.41+0.076 ms clock, 0.62+0.48/0.62/0+0.60 ms cpu, 3->3->1 MB, 4 MB goal, 0 MB stacks, 0 MB globals, 8 P
gc 2220 @40.051s 1%: 0.081+0.58+0.10 ms clock, 0.65+0.57/0.62/0+0.84 ms cpu, 3->3->1 MB, 4 MB goal, 0 MB stacks, 0 MB globals, 8 P
gc 2221 @40.054s 1%: 0.081+0.40+0.082 ms clock, 0.65+0.69/0.58/0+0.65 ms cpu, 3->3->1 MB, 4 MB goal, 0 MB stacks, 0 MB globals, 8 P
gc 2222 @40.056s 1%: 0.060+0.79+0.11 ms clock, 0.48+0.68/0.60/0+0.88 ms cpu, 3->3->1 MB, 4 MB goal, 0 MB stacks, 0 MB globals, 8 P
gc 2223 @40.059s 1%: 0.11+0.43+0.091 ms clock, 0.92+0.74/0.50/0+0.72 ms cpu, 3->3->1 MB, 4 MB goal, 0 MB stacks, 0 MB globals, 8 P
gc 2224 @40.062s 1%: 0.087+0.54+0.044 ms clock, 0.70+0.67/0.65/0+0.35 ms cpu, 3->3->1 MB, 4 MB goal, 0 MB stacks, 0 MB globals, 8 P
gc 2225 @40.065s 1%: 0.089+0.60+0.093 ms clock, 0.71+0.61/0.71/0+0.74 ms cpu, 3->3->1 MB, 4 MB goal, 0 MB stacks, 0 MB globals, 8 P
gc 2226 @40.068s 1%: 0.10+0.56+0.091 ms clock, 0.84+0.65/0.60/0+0.73 ms cpu, 3->3->1 MB, 4 MB goal, 0 MB stacks, 0 MB globals, 8 P
gc 2227 @40.070s 1%: 0.097+0.44+0.051 ms clock, 0.78+0.74/0.56/0+0.41 ms cpu, 3->3->1 MB, 4 MB goal, 0 MB stacks, 0 MB globals, 8 P
gc 2228 @40.073s 1%: 0.12+0.51+0.044 ms clock, 1.0+0.70/0.62/0+0.35 ms cpu, 3->3->1 MB, 4 MB goal, 0 MB stacks, 0 MB globals, 8 P
gc 2229 @40.076s 1%: 0.066+0.55+0.092 ms clock, 0.53+0.71/0.62/0+0.74 ms cpu, 3->3->1 MB, 4 MB goal, 0 MB stacks, 0 MB globals, 8 P
gc 2230 @40.079s 1%: 0.15+1.0+0.080 ms clock, 1.2+0.73/0.60/0+0.64 ms cpu, 3->4->1 MB, 4 MB goal, 0 MB stacks, 0 MB globals, 8 P
gc 2231 @40.082s 1%: 0.082+0.59+0.083 ms clock, 0.65+0.60/0.65/0+0.66 ms cpu, 3->3->1 MB, 4 MB goal, 0 MB stacks, 0 MB globals, 8 P
gc 2232 @40.084s 1%: 0.11+0.53+0.094 ms clock, 0.91+0.71/0.61/0+0.75 ms cpu, 3->3->1 MB, 4 MB goal, 0 MB stacks, 0 MB globals, 8 P
gc 2233 @40.087s 1%: 0.10+1.0+0.085 ms clock, 0.86+0.66/0.54/0+0.68 ms cpu, 3->3->1 MB, 4 MB goal, 0 MB stacks, 0 MB globals, 8 P
gc 2234 @40.090s 1%: 0.077+0.58+0.077 ms clock, 0.61+0.56/0.72/0+0.61 ms cpu, 3->3->1 MB, 4 MB goal, 0 MB stacks, 0 MB globals, 8 P
gc 2235 @40.093s 1%: 0.077+0.86+0.066 ms clock, 0.61+0.54/0.59/0+0.52 ms cpu, 3->3->1 MB, 4 MB goal, 0 MB stacks, 0 MB globals, 8 P
gc 2236 @40.096s 1%: 0.12+0.42+0.089 ms clock, 1.0+0.69/0.49/0+0.71 ms cpu, 3->3->1 MB, 4 MB goal, 0 MB stacks, 0 MB globals, 8 P
gc 2237 @40.098s 1%: 0.10+0.62+0.085 ms clock, 0.84+0.64/0.71/0+0.68 ms cpu, 3->3->1 MB, 4 MB goal, 0 MB stacks, 0 MB globals, 8 P
gc 2238 @40.101s 1%: 0.062+0.45+0.11 ms clock, 0.49+0.61/0.61/0+0.88 ms cpu, 3->3->1 MB, 4 MB goal, 0 MB stacks, 0 MB globals, 8 P
gc 2239 @40.104s 1%: 0.074+0.54+0.094 ms clock, 0.59+0.69/0.62/0+0.75 ms cpu, 3->3->1 MB, 4 MB goal, 0 MB stacks, 0 MB globals, 8 P
gc 2240 @40.107s 1%: 0.089+0.43+0.082 ms clock, 0.71+0.71/0.57/0+0.66 ms cpu, 3->3->1 MB, 4 MB goal, 0 MB stacks, 0 MB globals, 8 P
gc 2241 @40.109s 1%: 0.10+0.53+0.046 ms clock, 0.82+0.59/0.71/0+0.37 ms cpu, 3->3->1 MB, 4 MB goal, 0 MB stacks, 0 MB globals, 8 P
gc 2242 @40.112s 1%: 0.096+0.72+0.078 ms clock, 0.77+0.60/0.56/0+0.62 ms cpu, 3->3->1 MB, 4 MB goal, 0 MB stacks, 0 MB globals, 8 P
gc 2243 @40.115s 1%: 0.091+0.46+0.068 ms clock, 0.73+0.75/0.55/0+0.54 ms cpu, 3->3->1 MB, 4 MB goal, 0 MB stacks, 0 MB globals, 8 P
gc 2244 @40.118s 1%: 0.10+0.51+0.12 ms clock, 0.82+0.74/0.57/0+1.0 ms cpu, 3->3->1 MB, 4 MB goal, 0 MB stacks, 0 MB globals, 8 P
gc 2245 @40.121s 1%: 0.085+0.54+0.090 ms clock, 0.68+0.76/0.56/0+0.72 ms cpu, 3->3->1 MB, 4 MB goal, 0 MB stacks, 0 MB globals, 8 P
gc 2246 @40.123s 1%: 0.10+0.68+0.083 ms clock, 0.82+0.51/0.69/0+0.67 ms cpu, 3->3->1 MB, 4 MB goal, 0 MB stacks, 0 MB globals, 8 P
gc 2247 @40.126s 1%: 0.084+0.47+0.053 ms clock, 0.67+0.63/0.61/0+0.42 ms cpu, 3->3->1 MB, 4 MB goal, 0 MB stacks, 0 MB globals, 8 P
gc 2248 @40.129s 1%: 0.10+0.58+0.097 ms clock, 0.82+0.65/0.68/0+0.78 ms cpu, 3->3->1 MB, 4 MB goal, 0 MB stacks, 0 MB globals, 8 P
gc 2249 @40.132s 1%: 0.11+0.49+0.069 ms clock, 0.92+0.68/0.63/0+0.55 ms cpu, 3->3->1 MB, 4 MB goal, 0 MB stacks, 0 MB globals, 8 P
gc 2250 @40.135s 1%: 0.067+0.63+0.10 ms clock, 0.53+0.67/0.62/0+0.81 ms cpu, 3->3->1 MB, 4 MB goal, 0 MB stacks, 0 MB globals, 8 P
gc 2251 @40.137s 1%: 0.10+0.41+0.087 ms clock, 0.84+0.69/0.55/0+0.69 ms cpu, 3->3->1 MB, 4 MB goal, 0 MB stacks, 0 MB globals, 8 P
gc 2252 @40.140s 1%: 0.070+0.81+0.089 ms clock, 0.56+0.62/0.56/0+0.71 ms cpu, 3->3->1 MB, 4 MB goal, 0 MB stacks, 0 MB globals, 8 P
gc 2253 @40.143s 1%: 0.085+0.73+0.10 ms clock, 0.68+0.60/0.58/0+0.81 ms cpu, 3->3->1 MB, 4 MB goal, 0 MB stacks, 0 MB globals, 8 P
gc 2254 @40.146s 1%: 0.096+0.59+0.12 ms clock, 0.77+0.55/0.67/0+1.0 ms cpu, 3->3->1 MB, 4 MB goal, 0 MB stacks, 0 MB globals, 8 P
gc 2255 @40.149s 1%: 0.067+0.47+0.10 ms clock, 0.54+0.63/0.59/0+0.84 ms cpu, 3->3->1 MB, 4 MB goal, 0 MB stacks, 0 MB globals, 8 P
gc 2256 @40.151s 1%: 0.075+0.46+0.054 ms clock, 0.60+0.65/0.65/0+0.43 ms cpu, 3->3->1 MB, 4 MB goal, 0 MB stacks, 0 MB globals, 8 P
gc 2257 @40.154s 1%: 0.079+0.52+0.10 ms clock, 0.63+0.62/0.61/0+0.85 ms cpu, 3->3->1 MB, 4 MB goal, 0 MB stacks, 0 MB globals, 8 P
gc 2258 @40.157s 1%: 0.082+0.55+0.10 ms clock, 0.66+0.64/0.65/0+0.81 ms cpu, 3->3->1 MB, 4 MB goal, 0 MB stacks, 0 MB globals, 8 P
gc 2259 @40.160s 1%: 0.086+0.71+0.081 ms clock, 0.69+0.63/0.59/0+0.65 ms cpu, 3->3->1 MB, 4 MB goal, 0 MB stacks, 0 MB globals, 8 P
gc 2260 @40.162s 1%: 0.091+0.47+0.080 ms clock, 0.73+0.77/0.56/0+0.64 ms cpu, 3->3->1 MB, 4 MB goal, 0 MB stacks, 0 MB globals, 8 P
gc 2261 @40.165s 1%: 0.078+0.53+0.10 ms clock, 0.62+0.67/0.69/0+0.81 ms cpu, 3->3->1 MB, 4 MB goal, 0 MB stacks, 0 MB globals, 8 P
gc 2262 @40.168s 1%: 0.11+0.58+0.11 ms clock, 0.95+0.90/0.57/0+0.88 ms cpu, 3->3->1 MB, 4 MB goal, 0 MB stacks, 0 MB globals, 8 P
gc 2263 @40.171s 1%: 0.14+0.46+0.058 ms clock, 1.1+0.75/0.59/0+0.46 ms cpu, 3->3->1 MB, 4 MB goal, 0 MB stacks, 0 MB globals, 8 P
gc 2264 @40.174s 1%: 0.10+0.49+0.082 ms clock, 0.86+0.57/0.64/0+0.66 ms cpu, 3->3->1 MB, 4 MB goal, 0 MB stacks, 0 MB globals, 8 P
gc 2265 @40.176s 1%: 0.12+0.78+0.020 ms clock, 0.99+0.60/0.66/0+0.16 ms cpu, 3->3->1 MB, 4 MB goal, 0 MB stacks, 0 MB globals, 8 P
gc 2266 @40.179s 1%: 0.10+0.40+0.055 ms clock, 0.87+0.68/0.54/0+0.44 ms cpu, 3->3->1 MB, 4 MB goal, 0 MB stacks, 0 MB globals, 8 P
gc 2267 @40.182s 1%: 0.093+0.42+0.090 ms clock, 0.75+0.62/0.56/0+0.72 ms cpu, 3->3->1 MB, 4 MB goal, 0 MB stacks, 0 MB globals, 8 P
gc 2268 @40.185s 1%: 0.090+0.80+0.091 ms clock, 0.72+0.58/0.55/0+0.73 ms cpu, 3->3->1 MB, 4 MB goal, 0 MB stacks, 0 MB globals, 8 P
gc 2269 @40.188s 1%: 0.099+0.50+0.11 ms clock, 0.79+0.67/0.59/0.003+0.89 ms cpu, 3->3->1 MB, 4 MB goal, 0 MB stacks, 0 MB globals, 8 P
gc 2270 @40.190s 1%: 0.089+0.70+0.10 ms clock, 0.71+0.67/0.64/0+0.80 ms cpu, 3->3->1 MB, 4 MB goal, 0 MB stacks, 0 MB globals, 8 P
gc 2271 @40.193s 1%: 0.10+0.53+0.14 ms clock, 0.83+0.75/0.59/0+1.1 ms cpu, 3->3->1 MB, 4 MB goal, 0 MB stacks, 0 MB globals, 8 P
gc 2272 @40.196s 1%: 0.090+0.84+0.049 ms clock, 0.72+0.46/0.63/0+0.39 ms cpu, 3->3->1 MB, 4 MB goal, 0 MB stacks, 0 MB globals, 8 P
gc 2273 @40.199s 1%: 0.10+0.59+0.058 ms clock, 0.85+0.61/0.70/0+0.46 ms cpu, 3->3->1 MB, 4 MB goal, 0 MB stacks, 0 MB globals, 8 P
gc 2274 @40.202s 1%: 0.13+0.53+0.089 ms clock, 1.0+0.66/0.63/0+0.71 ms cpu, 3->3->1 MB, 4 MB goal, 0 MB stacks, 0 MB globals, 8 P
gc 2275 @40.204s 1%: 0.080+0.54+0.080 ms clock, 0.64+0.63/0.66/0+0.64 ms cpu, 3->3->1 MB, 4 MB goal, 0 MB stacks, 0 MB globals, 8 P
gc 2276 @40.207s 1%: 0.12+0.92+0.082 ms clock, 1.0+0.64/0.74/0+0.65 ms cpu, 3->3->1 MB, 4 MB goal, 0 MB stacks, 0 MB globals, 8 P
gc 2277 @40.210s 1%: 0.091+0.37+0.11 ms clock, 0.73+0.62/0.55/0+0.92 ms cpu, 3->3->1 MB, 4 MB goal, 0 MB stacks, 0 MB globals, 8 P
gc 2278 @40.213s 1%: 0.073+0.57+0.14 ms clock, 0.58+0.45/0.67/0+1.1 ms cpu, 3->3->1 MB, 4 MB goal, 0 MB stacks, 0 MB globals, 8 P
gc 2279 @40.216s 1%: 0.097+0.38+0.071 ms clock, 0.78+0.60/0.60/0+0.57 ms cpu, 3->3->1 MB, 4 MB goal, 0 MB stacks, 0 MB globals, 8 P
gc 2280 @40.218s 1%: 0.079+0.77+0.083 ms clock, 0.63+0.66/0.51/0+0.67 ms cpu, 3->3->1 MB, 4 MB goal, 0 MB stacks, 0 MB globals, 8 P
gc 2281 @40.221s 1%: 0.14+0.50+0.11 ms clock, 1.1+0.52/0.67/0+0.93 ms cpu, 3->3->1 MB, 4 MB goal, 0 MB stacks, 0 MB globals, 8 P
gc 2282 @40.224s 1%: 0.070+0.63+0.098 ms clock, 0.56+0.73/0.73/0+0.78 ms cpu, 3->3->1 MB, 4 MB goal, 0 MB stacks, 0 MB globals, 8 P
gc 2283 @40.227s 1%: 0.11+0.48+0.051 ms clock, 0.88+0.72/0.56/0+0.40 ms cpu, 3->3->1 MB, 4 MB goal, 0 MB stacks, 0 MB globals, 8 P
gc 2284 @40.230s 1%: 0.10+0.48+0.12 ms clock, 0.81+0.80/0.51/0+1.0 ms cpu, 3->3->1 MB, 4 MB goal, 0 MB stacks, 0 MB globals, 8 P
gc 2285 @40.232s 1%: 0.072+0.44+0.084 ms clock, 0.57+0.81/0.48/0+0.67 ms cpu, 3->3->1 MB, 4 MB goal, 0 MB stacks, 0 MB globals, 8 P
gc 2286 @40.235s 1%: 0.054+0.72+0.073 ms clock, 0.43+0.71/0.56/0+0.58 ms cpu, 3->3->1 MB, 4 MB goal, 0 MB stacks, 0 MB globals, 8 P
gc 2287 @40.238s 1%: 0.11+0.49+0.044 ms clock, 0.94+0.74/0.66/0+0.35 ms cpu, 3->3->1 MB, 4 MB goal, 0 MB stacks, 0 MB globals, 8 P
gc 2288 @40.241s 1%: 0.11+0.59+0.10 ms clock, 0.93+0.58/0.60/0+0.80 ms cpu, 3->3->1 MB, 4 MB goal, 0 MB stacks, 0 MB globals, 8 P
gc 2289 @40.243s 1%: 0.097+0.44+0.081 ms clock, 0.78+0.58/0.59/0+0.65 ms cpu, 3->3->1 MB, 4 MB goal, 0 MB stacks, 0 MB globals, 8 P
gc 2290 @40.246s 1%: 0.089+0.53+0.080 ms clock, 0.71+0.64/0.70/0+0.64 ms cpu, 3->3->1 MB, 4 MB goal, 0 MB stacks, 0 MB globals, 8 P
gc 2291 @40.249s 1%: 0.072+0.66+0.10 ms clock, 0.58+0.65/0.67/0+0.82 ms cpu, 3->3->1 MB, 4 MB goal, 0 MB stacks, 0 MB globals, 8 P
gc 2292 @40.252s 1%: 0.10+0.49+0.049 ms clock, 0.80+0.71/0.57/0+0.39 ms cpu, 3->3->1 MB, 4 MB goal, 0 MB stacks, 0 MB globals, 8 P
gc 2293 @40.255s 1%: 0.10+0.42+0.10 ms clock, 0.84+0.73/0.52/0+0.86 ms cpu, 3->3->1 MB, 4 MB goal, 0 MB stacks, 0 MB globals, 8 P
gc 2294 @40.257s 1%: 0.084+0.51+0.090 ms clock, 0.67+0.67/0.61/0+0.72 ms cpu, 3->3->1 MB, 4 MB goal, 0 MB stacks, 0 MB globals, 8 P
gc 2295 @40.260s 1%: 0.12+0.38+0.082 ms clock, 0.98+0.68/0.51/0+0.66 ms cpu, 3->3->1 MB, 4 MB goal, 0 MB stacks, 0 MB globals, 8 P
gc 2296 @40.263s 1%: 0.10+0.49+0.071 ms clock, 0.84+0.68/0.49/0+0.57 ms cpu, 3->3->1 MB, 4 MB goal, 0 MB stacks, 0 MB globals, 8 P
gc 2297 @40.266s 1%: 0.10+0.78+0.069 ms clock, 0.82+0.59/0.62/0+0.55 ms cpu, 3->3->1 MB, 4 MB goal, 0 MB stacks, 0 MB globals, 8 P
gc 2298 @40.269s 1%: 0.11+0.40+0.084 ms clock, 0.91+0.74/0.49/0+0.67 ms cpu, 3->3->1 MB, 4 MB goal, 0 MB stacks, 0 MB globals, 8 P
gc 2299 @40.271s 1%: 0.12+0.48+0.10 ms clock, 0.98+0.58/0.61/0+0.86 ms cpu, 3->3->1 MB, 4 MB goal, 0 MB stacks, 0 MB globals, 8 P
gc 2300 @40.274s 1%: 0.077+0.48+0.11 ms clock, 0.62+0.62/0.61/0+0.91 ms cpu, 3->3->1 MB, 4 MB goal, 0 MB stacks, 0 MB globals, 8 P
gc 2301 @40.277s 1%: 0.15+0.62+0.056 ms clock, 1.2+0.68/0.58/0+0.45 ms cpu, 3->3->1 MB, 4 MB goal, 0 MB stacks, 0 MB globals, 8 P
gc 2302 @40.280s 1%: 0.12+0.48+0.055 ms clock, 1.0+0.69/0.56/0+0.44 ms cpu, 3->3->1 MB, 4 MB goal, 0 MB stacks, 0 MB globals, 8 P
gc 2303 @40.282s 1%: 0.13+0.53+0.066 ms clock, 1.0+0.58/0.66/0+0.53 ms cpu, 3->3->1 MB, 4 MB goal, 0 MB stacks, 0 MB globals, 8 P
gc 2304 @40.285s 1%: 0.12+0.54+0.069 ms clock, 0.98+0.69/0.66/0+0.55 ms cpu, 3->3->1 MB, 4 MB goal, 0 MB stacks, 0 MB globals, 8 P
gc 2305 @40.288s 1%: 0.074+0.48+0.081 ms clock, 0.59+0.75/0.53/0+0.65 ms cpu, 3->3->1 MB, 4 MB goal, 0 MB stacks, 0 MB globals, 8 P
gc 2306 @40.291s 1%: 0.089+0.60+0.092 ms clock, 0.71+0.62/0.72/0+0.74 ms cpu, 3->3->1 MB, 4 MB goal, 0 MB stacks, 0 MB globals, 8 P
gc 2307 @40.293s 1%: 0.13+0.49+0.094 ms clock, 1.0+0.67/0.61/0+0.75 ms cpu, 3->3->1 MB, 4 MB goal, 0 MB stacks, 0 MB globals, 8 P
gc 2308 @40.296s 1%: 0.10+0.56+0.11 ms clock, 0.81+0.58/0.64/0+0.91 ms cpu, 3->3->1 MB, 4 MB goal, 0 MB stacks, 0 MB globals, 8 P
gc 2309 @40.299s 1%: 0.066+0.51+0.11 ms clock, 0.52+0.55/0.59/0+0.90 ms cpu, 3->3->1 MB, 4 MB goal, 0 MB stacks, 0 MB globals, 8 P
gc 2310 @40.302s 1%: 0.093+0.68+0.065 ms clock, 0.74+0.65/0.57/0+0.52 ms cpu, 3->3->1 MB, 4 MB goal, 0 MB stacks, 0 MB globals, 8 P
gc 2311 @40.305s 1%: 0.096+0.99+0.060 ms clock, 0.77+0.65/0.61/0+0.48 ms cpu, 3->3->1 MB, 4 MB goal, 0 MB stacks, 0 MB globals, 8 P
gc 2312 @40.308s 1%: 0.072+0.54+0.074 ms clock, 0.57+0.27/0.65/0+0.59 ms cpu, 3->3->1 MB, 4 MB goal, 0 MB stacks, 0 MB globals, 8 P
gc 2313 @40.310s 1%: 0.090+0.83+0.079 ms clock, 0.72+0.63/0.63/0+0.63 ms cpu, 3->3->1 MB, 4 MB goal, 0 MB stacks, 0 MB globals, 8 P
gc 2314 @40.313s 1%: 0.077+0.54+0.089 ms clock, 0.62+0.61/0.67/0+0.71 ms cpu, 3->3->1 MB, 4 MB goal, 0 MB stacks, 0 MB globals, 8 P
gc 2315 @40.316s 1%: 0.10+0.44+0.073 ms clock, 0.84+0.70/0.59/0+0.59 ms cpu, 3->3->1 MB, 4 MB goal, 0 MB stacks, 0 MB globals, 8 P
gc 2316 @40.319s 1%: 0.096+0.50+0.087 ms clock, 0.77+0.65/0.52/0+0.70 ms cpu, 3->3->1 MB, 4 MB goal, 0 MB stacks, 0 MB globals, 8 P
gc 2317 @40.321s 1%: 0.11+0.52+0.077 ms clock, 0.89+0.82/0.55/0+0.62 ms cpu, 3->3->1 MB, 4 MB goal, 0 MB stacks, 0 MB globals, 8 P
gc 2318 @40.324s 1%: 0.10+0.53+0.079 ms clock, 0.82+0.64/0.54/0+0.63 ms cpu, 3->3->1 MB, 4 MB goal, 0 MB stacks, 0 MB globals, 8 P
gc 2319 @40.327s 1%: 0.053+0.53+0.080 ms clock, 0.42+0.69/0.70/0+0.64 ms cpu, 3->3->1 MB, 4 MB goal, 0 MB stacks, 0 MB globals, 8 P
gc 2320 @40.330s 1%: 0.082+0.51+0.050 ms clock, 0.66+0.65/0.65/0+0.40 ms cpu, 3->3->1 MB, 4 MB goal, 0 MB stacks, 0 MB globals, 8 P
gc 2321 @40.333s 1%: 0.097+1.0+0.046 ms clock, 0.77+0.64/0.55/0+0.36 ms cpu, 3->3->1 MB, 4 MB goal, 0 MB stacks, 0 MB globals, 8 P
gc 2322 @40.336s 1%: 0.12+0.51+0.088 ms clock, 0.96+0.70/0.55/0+0.71 ms cpu, 3->3->1 MB, 4 MB goal, 0 MB stacks, 0 MB globals, 8 P
gc 2323 @40.338s 1%: 0.091+0.53+0.083 ms clock, 0.73+0.62/0.60/0+0.66 ms cpu, 3->3->1 MB, 4 MB goal, 0 MB stacks, 0 MB globals, 8 P
gc 2324 @40.341s 1%: 0.11+0.50+0.088 ms clock, 0.91+0.61/0.58/0+0.71 ms cpu, 3->3->1 MB, 4 MB goal, 0 MB stacks, 0 MB globals, 8 P
gc 2325 @40.344s 1%: 0.11+0.46+0.094 ms clock, 0.89+0.67/0.52/0+0.75 ms cpu, 3->3->1 MB, 4 MB goal, 0 MB stacks, 0 MB globals, 8 P
gc 2326 @40.347s 1%: 0.096+0.53+0.054 ms clock, 0.76+0.62/0.65/0+0.43 ms cpu, 3->3->1 MB, 4 MB goal, 0 MB stacks, 0 MB globals, 8 P
gc 2327 @40.349s 1%: 0.091+0.52+0.097 ms clock, 0.73+0.63/0.65/0+0.78 ms cpu, 3->3->1 MB, 4 MB goal, 0 MB stacks, 0 MB globals, 8 P
gc 2328 @40.352s 1%: 0.094+0.47+0.10 ms clock, 0.75+0.66/0.55/0+0.80 ms cpu, 3->3->1 MB, 4 MB goal, 0 MB stacks, 0 MB globals, 8 P
gc 2329 @40.355s 1%: 0.10+0.45+0.091 ms clock, 0.86+0.73/0.58/0+0.73 ms cpu, 3->3->1 MB, 4 MB goal, 0 MB stacks, 0 MB globals, 8 P
gc 2330 @40.358s 1%: 0.10+0.51+0.085 ms clock, 0.86+0.66/0.60/0+0.68 ms cpu, 3->3->1 MB, 4 MB goal, 0 MB stacks, 0 MB globals, 8 P
gc 2331 @40.361s 1%: 0.11+0.47+0.12 ms clock, 0.92+0.71/0.59/0+0.98 ms cpu, 3->3->1 MB, 4 MB goal, 0 MB stacks, 0 MB globals, 8 P
gc 2332 @40.363s 1%: 0.10+0.50+0.093 ms clock, 0.80+0.59/0.58/0+0.74 ms cpu, 3->3->1 MB, 4 MB goal, 0 MB stacks, 0 MB globals, 8 P
gc 2333 @40.366s 1%: 0.10+0.47+0.081 ms clock, 0.82+0.65/0.56/0+0.65 ms cpu, 3->3->1 MB, 4 MB goal, 0 MB stacks, 0 MB globals, 8 P
gc 2334 @40.369s 1%: 0.10+0.56+0.077 ms clock, 0.82+0.60/0.71/0+0.62 ms cpu, 3->3->1 MB, 4 MB goal, 0 MB stacks, 0 MB globals, 8 P
gc 2335 @40.372s 1%: 0.094+0.48+0.085 ms clock, 0.75+0.68/0.60/0+0.68 ms cpu, 3->3->1 MB, 4 MB goal, 0 MB stacks, 0 MB globals, 8 P
gc 2336 @40.374s 1%: 0.049+0.43+0.077 ms clock, 0.39+0.64/0.56/0+0.61 ms cpu, 3->3->1 MB, 4 MB goal, 0 MB stacks, 0 MB globals, 8 P
gc 2337 @40.377s 1%: 0.096+0.39+0.082 ms clock, 0.77+0.66/0.54/0+0.66 ms cpu, 3->3->1 MB, 4 MB goal, 0 MB stacks, 0 MB globals, 8 P
gc 2338 @40.380s 1%: 0.11+0.59+0.055 ms clock, 0.89+0.59/0.69/0+0.44 ms cpu, 3->3->1 MB, 4 MB goal, 0 MB stacks, 0 MB globals, 8 P
gc 2339 @40.383s 1%: 0.092+0.55+0.083 ms clock, 0.73+0.63/0.64/0+0.66 ms cpu, 3->3->1 MB, 4 MB goal, 0 MB stacks, 0 MB globals, 8 P
gc 2340 @40.386s 1%: 0.098+0.55+0.058 ms clock, 0.78+0.56/0.67/0+0.46 ms cpu, 3->3->1 MB, 4 MB goal, 0 MB stacks, 0 MB globals, 8 P
gc 2341 @40.388s 1%: 0.095+0.53+0.087 ms clock, 0.76+0.63/0.64/0+0.70 ms cpu, 3->3->1 MB, 4 MB goal, 0 MB stacks, 0 MB globals, 8 P
gc 2342 @40.391s 1%: 0.10+0.49+0.057 ms clock, 0.84+0.64/0.62/0+0.45 ms cpu, 3->3->1 MB, 4 MB goal, 0 MB stacks, 0 MB globals, 8 P
gc 2343 @40.394s 1%: 0.10+0.75+0.074 ms clock, 0.83+0.77/0.61/0+0.59 ms cpu, 3->3->1 MB, 4 MB goal, 0 MB stacks, 0 MB globals, 8 P
gc 2344 @40.397s 1%: 0.10+0.57+0.079 ms clock, 0.84+0.61/0.68/0+0.63 ms cpu, 3->3->1 MB, 4 MB goal, 0 MB stacks, 0 MB globals, 8 P
gc 2345 @40.400s 1%: 0.065+0.75+0.090 ms clock, 0.52+0.70/0.68/0+0.72 ms cpu, 3->3->1 MB, 4 MB goal, 0 MB stacks, 0 MB globals, 8 P
gc 2346 @40.402s 1%: 0.076+0.59+0.087 ms clock, 0.61+0.51/0.60/0+0.69 ms cpu, 3->3->1 MB, 4 MB goal, 0 MB stacks, 0 MB globals, 8 P
gc 2347 @40.405s 1%: 0.060+0.47+0.10 ms clock, 0.48+0.63/0.58/0+0.80 ms cpu, 3->3->1 MB, 4 MB goal, 0 MB stacks, 0 MB globals, 8 P
gc 2348 @40.408s 1%: 0.14+0.51+0.10 ms clock, 1.1+0.62/0.61/0+0.80 ms cpu, 3->3->1 MB, 4 MB goal, 0 MB stacks, 0 MB globals, 8 P
gc 2349 @40.411s 1%: 0.12+0.55+0.12 ms clock, 1.0+0.64/0.66/0+1.0 ms cpu, 3->3->1 MB, 4 MB goal, 0 MB stacks, 0 MB globals, 8 P
gc 2350 @40.414s 1%: 0.10+0.40+0.039 ms clock, 0.80+0.55/0.60/0+0.31 ms cpu, 3->3->1 MB, 4 MB goal, 0 MB stacks, 0 MB globals, 8 P
gc 2351 @40.416s 1%: 0.080+0.50+0.072 ms clock, 0.64+0.62/0.56/0+0.57 ms cpu, 3->3->1 MB, 4 MB goal, 0 MB stacks, 0 MB globals, 8 P
gc 2352 @40.419s 1%: 0.10+0.78+0.10 ms clock, 0.84+0.65/0.57/0+0.80 ms cpu, 3->3->1 MB, 4 MB goal, 0 MB stacks, 0 MB globals, 8 P
gc 2353 @40.422s 1%: 0.075+0.49+0.095 ms clock, 0.60+0.61/0.66/0+0.76 ms cpu, 3->3->1 MB, 4 MB goal, 0 MB stacks, 0 MB globals, 8 P
gc 2354 @40.425s 1%: 0.10+0.54+0.11 ms clock, 0.81+0.60/0.68/0+0.92 ms cpu, 3->3->1 MB, 4 MB goal, 0 MB stacks, 0 MB globals, 8 P
gc 2355 @40.428s 1%: 0.10+0.51+0.097 ms clock, 0.86+0.82/0.53/0+0.77 ms cpu, 3->3->1 MB, 4 MB goal, 0 MB stacks, 0 MB globals, 8 P
gc 2356 @40.430s 1%: 0.077+0.96+0.12 ms clock, 0.61+0.51/0.70/0+1.0 ms cpu, 3->3->1 MB, 4 MB goal, 0 MB stacks, 0 MB globals, 8 P
gc 2357 @40.433s 1%: 0.076+0.47+0.094 ms clock, 0.61+0.66/0.55/0+0.75 ms cpu, 3->3->1 MB, 4 MB goal, 0 MB stacks, 0 MB globals, 8 P
gc 2358 @40.436s 1%: 0.10+0.51+0.084 ms clock, 0.86+0.54/0.64/0+0.67 ms cpu, 3->3->1 MB, 4 MB goal, 0 MB stacks, 0 MB globals, 8 P
gc 2359 @40.439s 1%: 0.047+0.41+0.056 ms clock, 0.38+0.62/0.63/0+0.44 ms cpu, 3->3->1 MB, 4 MB goal, 0 MB stacks, 0 MB globals, 8 P
gc 2360 @40.442s 1%: 0.11+0.46+0.096 ms clock, 0.89+0.59/0.57/0+0.77 ms cpu, 3->3->1 MB, 4 MB goal, 0 MB stacks, 0 MB globals, 8 P
gc 2361 @40.444s 1%: 0.098+0.49+0.11 ms clock, 0.78+0.60/0.69/0+0.88 ms cpu, 3->3->1 MB, 4 MB goal, 0 MB stacks, 0 MB globals, 8 P
gc 2362 @40.447s 1%: 0.077+0.48+0.13 ms clock, 0.61+0.59/0.59/0+1.0 ms cpu, 3->3->1 MB, 4 MB goal, 0 MB stacks, 0 MB globals, 8 P
gc 2363 @40.450s 1%: 0.12+1.2+0.049 ms clock, 1.0+0.54/0.55/0+0.39 ms cpu, 3->4->1 MB, 4 MB goal, 0 MB stacks, 0 MB globals, 8 P
gc 2364 @40.453s 1%: 0.096+0.53+0.12 ms clock, 0.77+0.69/0.55/0+1.0 ms cpu, 3->3->1 MB, 4 MB goal, 0 MB stacks, 0 MB globals, 8 P
gc 2365 @40.456s 1%: 0.055+0.49+0.11 ms clock, 0.44+0.64/0.61/0+0.88 ms cpu, 3->3->1 MB, 4 MB goal, 0 MB stacks, 0 MB globals, 8 P
gc 2366 @40.458s 1%: 0.10+0.60+0.12 ms clock, 0.81+0.62/0.68/0+1.0 ms cpu, 3->3->1 MB, 4 MB goal, 0 MB stacks, 0 MB globals, 8 P
gc 2367 @40.461s 1%: 0.12+0.54+0.10 ms clock, 0.98+0.65/0.67/0+0.82 ms cpu, 3->3->1 MB, 4 MB goal, 0 MB stacks, 0 MB globals, 8 P
gc 2368 @40.464s 1%: 0.088+0.45+0.084 ms clock, 0.70+0.65/0.62/0+0.67 ms cpu, 3->3->1 MB, 4 MB goal, 0 MB stacks, 0 MB globals, 8 P
gc 2369 @40.467s 1%: 0.098+0.48+0.081 ms clock, 0.78+0.66/0.56/0+0.65 ms cpu, 3->3->1 MB, 4 MB goal, 0 MB stacks, 0 MB globals, 8 P
gc 2370 @40.470s 1%: 0.079+0.87+0.043 ms clock, 0.63+0.66/0.57/0+0.34 ms cpu, 3->3->1 MB, 4 MB goal, 0 MB stacks, 0 MB globals, 8 P
gc 2371 @40.472s 1%: 0.074+0.46+0.099 ms clock, 0.59+0.61/0.58/0+0.79 ms cpu, 3->3->1 MB, 4 MB goal, 0 MB stacks, 0 MB globals, 8 P
gc 2372 @40.475s 1%: 0.068+0.52+0.10 ms clock, 0.54+0.66/0.61/0+0.82 ms cpu, 3->3->1 MB, 4 MB goal, 0 MB stacks, 0 MB globals, 8 P
gc 2373 @40.478s 1%: 0.058+0.69+0.092 ms clock, 0.47+0.61/0.55/0+0.73 ms cpu, 3->3->1 MB, 4 MB goal, 0 MB stacks, 0 MB globals, 8 P
gc 2374 @40.481s 1%: 0.089+0.51+0.094 ms clock, 0.71+0.68/0.51/0+0.75 ms cpu, 3->3->1 MB, 4 MB goal, 0 MB stacks, 0 MB globals, 8 P
gc 2375 @40.483s 1%: 0.076+1.0+0.079 ms clock, 0.61+0.65/0.92/0+0.63 ms cpu, 3->3->1 MB, 4 MB goal, 0 MB stacks, 0 MB globals, 8 P
gc 2376 @40.486s 1%: 0.078+0.96+0.062 ms clock, 0.63+0.63/0.67/0+0.49 ms cpu, 3->4->1 MB, 4 MB goal, 0 MB stacks, 0 MB globals, 8 P
gc 2377 @40.489s 1%: 0.086+0.52+0.10 ms clock, 0.69+0.73/0.62/0+0.84 ms cpu, 3->3->1 MB, 4 MB goal, 0 MB stacks, 0 MB globals, 8 P
gc 2378 @40.492s 1%: 0.10+0.60+0.10 ms clock, 0.84+0.66/0.67/0+0.81 ms cpu, 3->3->1 MB, 4 MB goal, 0 MB stacks, 0 MB globals, 8 P
gc 2379 @40.495s 1%: 0.088+0.55+0.10 ms clock, 0.70+0.61/0.58/0+0.81 ms cpu, 3->3->1 MB, 4 MB goal, 0 MB stacks, 0 MB globals, 8 P
gc 2380 @40.498s 1%: 0.15+0.73+0.081 ms clock, 1.2+0.74/0.60/0+0.65 ms cpu, 3->3->1 MB, 4 MB goal, 0 MB stacks, 0 MB globals, 8 P
gc 2381 @40.501s 1%: 0.076+0.51+0.096 ms clock, 0.61+0.63/0.63/0+0.77 ms cpu, 3->3->1 MB, 4 MB goal, 0 MB stacks, 0 MB globals, 8 P
gc 2382 @40.503s 1%: 0.10+0.41+0.091 ms clock, 0.85+0.68/0.42/0.089+0.73 ms cpu, 3->3->1 MB, 4 MB goal, 0 MB stacks, 0 MB globals, 8 P
gc 2383 @40.506s 1%: 0.11+0.47+0.071 ms clock, 0.91+0.69/0.62/0+0.56 ms cpu, 3->3->1 MB, 4 MB goal, 0 MB stacks, 0 MB globals, 8 P
gc 2384 @40.509s 1%: 0.099+0.61+0.11 ms clock, 0.79+0.54/0.61/0+0.89 ms cpu, 3->3->1 MB, 4 MB goal, 0 MB stacks, 0 MB globals, 8 P
gc 2385 @40.512s 1%: 0.12+0.45+0.065 ms clock, 0.99+0.60/0.58/0+0.52 ms cpu, 3->3->1 MB, 4 MB goal, 0 MB stacks, 0 MB globals, 8 P
gc 2386 @40.514s 1%: 0.10+0.52+0.083 ms clock, 0.85+0.66/0.64/0+0.66 ms cpu, 3->3->1 MB, 4 MB goal, 0 MB stacks, 0 MB globals, 8 P
gc 2387 @40.517s 1%: 0.10+0.46+0.10 ms clock, 0.86+0.52/0.57/0+0.86 ms cpu, 3->3->1 MB, 4 MB goal, 0 MB stacks, 0 MB globals, 8 P
gc 2388 @40.520s 1%: 0.10+0.54+0.064 ms clock, 0.82+0.74/0.59/0+0.51 ms cpu, 3->3->1 MB, 4 MB goal, 0 MB stacks, 0 MB globals, 8 P
gc 2389 @40.523s 1%: 0.10+0.81+0.063 ms clock, 0.80+0.67/0.57/0+0.51 ms cpu, 3->3->1 MB, 4 MB goal, 0 MB stacks, 0 MB globals, 8 P
gc 2390 @40.525s 1%: 0.10+0.67+0.096 ms clock, 0.84+0.67/0.56/0+0.76 ms cpu, 3->3->1 MB, 4 MB goal, 0 MB stacks, 0 MB globals, 8 P
gc 2391 @40.528s 1%: 0.11+0.77+0.092 ms clock, 0.94+0.72/0.58/0+0.74 ms cpu, 3->3->1 MB, 4 MB goal, 0 MB stacks, 0 MB globals, 8 P
gc 2392 @40.531s 1%: 0.11+0.55+0.10 ms clock, 0.94+0.59/0.61/0+0.81 ms cpu, 3->3->1 MB, 4 MB goal, 0 MB stacks, 0 MB globals, 8 P
gc 2393 @40.534s 1%: 0.11+0.56+0.12 ms clock, 0.95+0.74/0.61/0+0.97 ms cpu, 3->3->1 MB, 4 MB goal, 0 MB stacks, 0 MB globals, 8 P
gc 2394 @40.537s 1%: 0.079+0.52+0.15 ms clock, 0.63+0.65/0.64/0+1.2 ms cpu, 3->3->1 MB, 4 MB goal, 0 MB stacks, 0 MB globals, 8 P
gc 2395 @40.540s 1%: 0.11+0.51+0.077 ms clock, 0.90+0.76/0.56/0+0.61 ms cpu, 3->3->1 MB, 4 MB goal, 0 MB stacks, 0 MB globals, 8 P
gc 2396 @40.542s 1%: 0.11+0.49+0.078 ms clock, 0.94+0.67/0.59/0+0.62 ms cpu, 3->3->1 MB, 4 MB goal, 0 MB stacks, 0 MB globals, 8 P
gc 2397 @40.545s 1%: 0.10+0.40+0.074 ms clock, 0.87+0.66/0.63/0+0.59 ms cpu, 3->3->1 MB, 4 MB goal, 0 MB stacks, 0 MB globals, 8 P
gc 2398 @40.548s 1%: 0.10+0.54+0.095 ms clock, 0.82+0.83/0.48/0+0.76 ms cpu, 3->3->1 MB, 4 MB goal, 0 MB stacks, 0 MB globals, 8 P
gc 2399 @40.551s 1%: 0.090+0.48+0.044 ms clock, 0.72+0.68/0.57/0+0.35 ms cpu, 3->3->1 MB, 4 MB goal, 0 MB stacks, 0 MB globals, 8 P
gc 2400 @40.553s 1%: 0.083+0.49+0.059 ms clock, 0.66+0.74/0.64/0+0.47 ms cpu, 3->3->1 MB, 4 MB goal, 0 MB stacks, 0 MB globals, 8 P
gc 2401 @40.556s 1%: 0.11+0.31+0.073 ms clock, 0.90+0.58/0.46/0+0.58 ms cpu, 3->3->1 MB, 4 MB goal, 0 MB stacks, 0 MB globals, 8 P
gc 2402 @40.559s 1%: 0.11+0.67+0.085 ms clock, 0.95+0.61/0.60/0+0.68 ms cpu, 3->3->1 MB, 4 MB goal, 0 MB stacks, 0 MB globals, 8 P
gc 2403 @40.562s 1%: 0.096+0.57+0.092 ms clock, 0.77+0.66/0.62/0+0.73 ms cpu, 3->3->1 MB, 4 MB goal, 0 MB stacks, 0 MB globals, 8 P
gc 2404 @40.564s 1%: 0.076+0.54+0.10 ms clock, 0.61+0.56/0.49/0+0.84 ms cpu, 3->3->1 MB, 4 MB goal, 0 MB stacks, 0 MB globals, 8 P
gc 2405 @40.567s 1%: 0.090+0.52+0.13 ms clock, 0.72+0.62/0.48/0+1.0 ms cpu, 3->3->1 MB, 4 MB goal, 0 MB stacks, 0 MB globals, 8 P
gc 2406 @40.570s 1%: 0.15+0.75+0.086 ms clock, 1.2+0.55/0.69/0+0.68 ms cpu, 3->3->1 MB, 4 MB goal, 0 MB stacks, 0 MB globals, 8 P
gc 2407 @40.573s 1%: 0.053+0.44+0.088 ms clock, 0.42+0.71/0.56/0+0.70 ms cpu, 3->3->1 MB, 4 MB goal, 0 MB stacks, 0 MB globals, 8 P
gc 2408 @40.576s 1%: 0.095+0.46+0.054 ms clock, 0.76+0.78/0.50/0+0.43 ms cpu, 3->3->1 MB, 4 MB goal, 0 MB stacks, 0 MB globals, 8 P
gc 2409 @40.578s 1%: 0.10+0.42+0.079 ms clock, 0.84+0.73/0.55/0+0.63 ms cpu, 3->3->1 MB, 4 MB goal, 0 MB stacks, 0 MB globals, 8 P
gc 2410 @40.581s 1%: 0.090+0.42+0.077 ms clock, 0.72+0.66/0.51/0+0.62 ms cpu, 3->3->1 MB, 4 MB goal, 0 MB stacks, 0 MB globals, 8 P
gc 2411 @40.584s 1%: 0.061+0.70+0.073 ms clock, 0.48+0.53/0.73/0+0.58 ms cpu, 3->3->1 MB, 4 MB goal, 0 MB stacks, 0 MB globals, 8 P
gc 2412 @40.587s 1%: 0.11+1.0+0.008 ms clock, 0.93+0.68/0.62/0+0.067 ms cpu, 3->4->1 MB, 4 MB goal, 0 MB stacks, 0 MB globals, 8 P
gc 2413 @40.590s 1%: 0.084+0.48+0.089 ms clock, 0.67+0.75/0.58/0+0.71 ms cpu, 3->3->1 MB, 4 MB goal, 0 MB stacks, 0 MB globals, 8 P
gc 2414 @40.592s 1%: 0.11+0.51+0.089 ms clock, 0.93+0.65/0.62/0+0.71 ms cpu, 3->3->1 MB, 4 MB goal, 0 MB stacks, 0 MB globals, 8 P
gc 2415 @40.595s 1%: 0.10+0.45+0.10 ms clock, 0.81+0.64/0.57/0+0.86 ms cpu, 3->3->1 MB, 4 MB goal, 0 MB stacks, 0 MB globals, 8 P
gc 2416 @40.598s 1%: 0.093+0.81+0.075 ms clock, 0.74+0.96/0.60/0+0.60 ms cpu, 3->3->1 MB, 4 MB goal, 0 MB stacks, 0 MB globals, 8 P
gc 2417 @40.601s 1%: 0.11+0.61+0.094 ms clock, 0.95+0.72/0.61/0+0.75 ms cpu, 3->3->1 MB, 4 MB goal, 0 MB stacks, 0 MB globals, 8 P
gc 2418 @40.604s 1%: 0.10+0.54+0.076 ms clock, 0.84+0.68/0.64/0+0.61 ms cpu, 3->3->1 MB, 4 MB goal, 0 MB stacks, 0 MB globals, 8 P
gc 2419 @40.606s 1%: 0.11+0.49+0.094 ms clock, 0.89+0.70/0.62/0+0.75 ms cpu, 3->3->1 MB, 4 MB goal, 0 MB stacks, 0 MB globals, 8 P
gc 2420 @40.609s 1%: 0.12+0.62+0.083 ms clock, 1.0+0.58/0.66/0+0.66 ms cpu, 3->3->1 MB, 4 MB goal, 0 MB stacks, 0 MB globals, 8 P
gc 2421 @40.612s 1%: 0.14+0.76+0.055 ms clock, 1.1+0.53/0.68/0+0.44 ms cpu, 3->3->1 MB, 4 MB goal, 0 MB stacks, 0 MB globals, 8 P
gc 2422 @40.615s 1%: 0.11+0.50+0.095 ms clock, 0.90+0.61/0.61/0+0.76 ms cpu, 3->3->1 MB, 4 MB goal, 0 MB stacks, 0 MB globals, 8 P
gc 2423 @40.618s 1%: 0.12+0.74+0.087 ms clock, 1.0+0.62/0.65/0+0.69 ms cpu, 3->3->1 MB, 4 MB goal, 0 MB stacks, 0 MB globals, 8 P
gc 2424 @40.620s 1%: 0.078+0.58+0.11 ms clock, 0.62+0.70/0.63/0+0.95 ms cpu, 3->3->1 MB, 4 MB goal, 0 MB stacks, 0 MB globals, 8 P
gc 2425 @40.623s 1%: 0.15+0.51+0.090 ms clock, 1.2+0.62/0.63/0+0.72 ms cpu, 3->3->1 MB, 4 MB goal, 0 MB stacks, 0 MB globals, 8 P
gc 2426 @40.626s 1%: 0.12+0.49+0.050 ms clock, 1.0+0.76/0.57/0+0.40 ms cpu, 3->3->1 MB, 4 MB goal, 0 MB stacks, 0 MB globals, 8 P
gc 2427 @40.629s 1%: 0.11+0.54+0.13 ms clock, 0.92+0.64/0.61/0+1.0 ms cpu, 3->3->1 MB, 4 MB goal, 0 MB stacks, 0 MB globals, 8 P
gc 2428 @40.632s 1%: 0.095+0.60+0.10 ms clock, 0.76+0.58/0.65/0+0.86 ms cpu, 3->3->1 MB, 4 MB goal, 0 MB stacks, 0 MB globals, 8 P
gc 2429 @40.634s 1%: 0.084+0.54+0.11 ms clock, 0.67+0.76/0.62/0+0.90 ms cpu, 3->3->1 MB, 4 MB goal, 0 MB stacks, 0 MB globals, 8 P
gc 2430 @40.637s 1%: 0.081+0.47+0.087 ms clock, 0.64+0.70/0.64/0+0.70 ms cpu, 3->3->1 MB, 4 MB goal, 0 MB stacks, 0 MB globals, 8 P
gc 2431 @40.640s 1%: 0.12+0.46+0.082 ms clock, 0.96+0.69/0.63/0+0.66 ms cpu, 3->3->1 MB, 4 MB goal, 0 MB stacks, 0 MB globals, 8 P
gc 2432 @40.643s 1%: 0.10+0.50+0.083 ms clock, 0.86+0.58/0.58/0+0.66 ms cpu, 3->3->1 MB, 4 MB goal, 0 MB stacks, 0 MB globals, 8 P
gc 2433 @40.646s 1%: 0.080+0.43+0.094 ms clock, 0.64+0.69/0.50/0+0.75 ms cpu, 3->3->1 MB, 4 MB goal, 0 MB stacks, 0 MB globals, 8 P
gc 2434 @40.648s 1%: 0.12+0.51+0.095 ms clock, 0.98+0.62/0.71/0+0.76 ms cpu, 3->3->1 MB, 4 MB goal, 0 MB stacks, 0 MB globals, 8 P
gc 2435 @40.651s 1%: 0.13+0.55+0.15 ms clock, 1.0+0.60/0.62/0+1.2 ms cpu, 3->3->1 MB, 4 MB goal, 0 MB stacks, 0 MB globals, 8 P
gc 2436 @40.654s 1%: 0.11+0.42+0.080 ms clock, 0.89+0.68/0.46/0.011+0.64 ms cpu, 3->3->1 MB, 4 MB goal, 0 MB stacks, 0 MB globals, 8 P
gc 2437 @40.656s 1%: 0.12+0.45+0.053 ms clock, 1.0+0.63/0.60/0+0.42 ms cpu, 3->3->1 MB, 4 MB goal, 0 MB stacks, 0 MB globals, 8 P
gc 2438 @40.659s 1%: 0.10+0.43+0.057 ms clock, 0.82+0.64/0.56/0+0.46 ms cpu, 3->3->1 MB, 4 MB goal, 0 MB stacks, 0 MB globals, 8 P
gc 2439 @40.662s 1%: 0.088+0.74+0.13 ms clock, 0.71+0.74/0.60/0+1.0 ms cpu, 3->3->1 MB, 4 MB goal, 0 MB stacks, 0 MB globals, 8 P
gc 2440 @40.665s 1%: 0.076+0.75+0.079 ms clock, 0.60+0.66/0.59/0+0.63 ms cpu, 3->3->1 MB, 4 MB goal, 0 MB stacks, 0 MB globals, 8 P
gc 2441 @40.668s 1%: 0.094+0.61+0.10 ms clock, 0.75+0.75/0.48/0+0.85 ms cpu, 3->3->1 MB, 4 MB goal, 0 MB stacks, 0 MB globals, 8 P
gc 2442 @40.670s 1%: 0.081+0.90+0.015 ms clock, 0.65+0.53/0.74/0+0.12 ms cpu, 3->3->1 MB, 4 MB goal, 0 MB stacks, 0 MB globals, 8 P
gc 2443 @40.673s 1%: 0.097+0.51+0.067 ms clock, 0.78+0.74/0.60/0+0.53 ms cpu, 3->3->1 MB, 4 MB goal, 0 MB stacks, 0 MB globals, 8 P
gc 2444 @40.676s 1%: 0.075+0.50+0.10 ms clock, 0.60+0.69/0.56/0+0.87 ms cpu, 3->3->1 MB, 4 MB goal, 0 MB stacks, 0 MB globals, 8 P
gc 2445 @40.679s 1%: 0.10+0.50+0.054 ms clock, 0.87+0.61/0.58/0+0.43 ms cpu, 3->3->1 MB, 4 MB goal, 0 MB stacks, 0 MB globals, 8 P
gc 2446 @40.682s 1%: 0.079+0.40+0.10 ms clock, 0.63+0.56/0.60/0+0.80 ms cpu, 3->3->1 MB, 4 MB goal, 0 MB stacks, 0 MB globals, 8 P
gc 2447 @40.684s 1%: 0.087+0.64+0.11 ms clock, 0.70+0.85/0.54/0+0.89 ms cpu, 3->3->1 MB, 4 MB goal, 0 MB stacks, 0 MB globals, 8 P
gc 2448 @40.687s 1%: 0.10+0.74+0.082 ms clock, 0.83+0.46/0.59/0+0.65 ms cpu, 3->3->1 MB, 4 MB goal, 0 MB stacks, 0 MB globals, 8 P
gc 2449 @40.690s 1%: 0.13+0.56+0.061 ms clock, 1.0+0.57/0.70/0+0.49 ms cpu, 3->3->1 MB, 4 MB goal, 0 MB stacks, 0 MB globals, 8 P
gc 2450 @40.693s 1%: 0.13+0.40+0.071 ms clock, 1.0+0.59/0.62/0+0.57 ms cpu, 3->3->1 MB, 4 MB goal, 0 MB stacks, 0 MB globals, 8 P
gc 2451 @40.695s 1%: 0.11+0.54+0.096 ms clock, 0.91+0.64/0.67/0+0.77 ms cpu, 3->3->1 MB, 4 MB goal, 0 MB stacks, 0 MB globals, 8 P
gc 2452 @40.698s 1%: 0.092+1.0+0.038 ms clock, 0.74+0.67/0.59/0+0.31 ms cpu, 3->3->1 MB, 4 MB goal, 0 MB stacks, 0 MB globals, 8 P
gc 2453 @40.701s 1%: 0.083+0.51+0.077 ms clock, 0.66+0.74/0.59/0+0.61 ms cpu, 3->3->1 MB, 4 MB goal, 0 MB stacks, 0 MB globals, 8 P
gc 2454 @40.704s 1%: 0.083+0.49+0.11 ms clock, 0.66+0.67/0.60/0+0.90 ms cpu, 3->3->1 MB, 4 MB goal, 0 MB stacks, 0 MB globals, 8 P
gc 2455 @40.706s 1%: 0.088+0.63+0.091 ms clock, 0.70+0.52/0.61/0+0.72 ms cpu, 3->3->1 MB, 4 MB goal, 0 MB stacks, 0 MB globals, 8 P
gc 2456 @40.709s 1%: 0.097+0.80+0.046 ms clock, 0.77+0.85/0.50/0+0.37 ms cpu, 3->3->1 MB, 4 MB goal, 0 MB stacks, 0 MB globals, 8 P
gc 2457 @40.712s 1%: 0.11+0.44+0.11 ms clock, 0.88+0.57/0.60/0+0.91 ms cpu, 3->3->1 MB, 4 MB goal, 0 MB stacks, 0 MB globals, 8 P
gc 2458 @40.715s 1%: 0.13+0.55+0.092 ms clock, 1.0+0.65/0.66/0+0.74 ms cpu, 3->3->1 MB, 4 MB goal, 0 MB stacks, 0 MB globals, 8 P
gc 2459 @40.718s 1%: 0.13+0.44+0.053 ms clock, 1.0+0.60/0.63/0+0.42 ms cpu, 3->3->1 MB, 4 MB goal, 0 MB stacks, 0 MB globals, 8 P
gc 2460 @40.721s 1%: 0.099+0.52+0.093 ms clock, 0.79+0.58/0.63/0+0.75 ms cpu, 3->3->1 MB, 4 MB goal, 0 MB stacks, 0 MB globals, 8 P
gc 2461 @40.723s 1%: 0.13+0.50+0.074 ms clock, 1.0+0.63/0.60/0+0.59 ms cpu, 3->3->1 MB, 4 MB goal, 0 MB stacks, 0 MB globals, 8 P
gc 2462 @40.726s 1%: 0.13+0.45+0.11 ms clock, 1.0+0.74/0.55/0+0.88 ms cpu, 3->3->1 MB, 4 MB goal, 0 MB stacks, 0 MB globals, 8 P
gc 2463 @40.729s 1%: 0.099+0.51+0.11 ms clock, 0.79+0.65/0.60/0+0.89 ms cpu, 3->3->1 MB, 4 MB goal, 0 MB stacks, 0 MB globals, 8 P
gc 2464 @40.732s 1%: 0.087+0.49+0.083 ms clock, 0.69+0.71/0.59/0+0.66 ms cpu, 3->3->1 MB, 4 MB goal, 0 MB stacks, 0 MB globals, 8 P
gc 2465 @40.734s 1%: 0.096+0.52+0.10 ms clock, 0.76+0.73/0.53/0+0.80 ms cpu, 3->3->1 MB, 4 MB goal, 0 MB stacks, 0 MB globals, 8 P
gc 2466 @40.737s 1%: 0.12+0.79+0.080 ms clock, 1.0+0.59/0.65/0+0.64 ms cpu, 3->3->1 MB, 4 MB goal, 0 MB stacks, 0 MB globals, 8 P
gc 2467 @40.740s 1%: 0.13+0.50+0.10 ms clock, 1.0+0.55/0.63/0+0.83 ms cpu, 3->3->1 MB, 4 MB goal, 0 MB stacks, 0 MB globals, 8 P
gc 2468 @40.743s 1%: 0.053+0.54+0.10 ms clock, 0.42+0.59/0.66/0+0.84 ms cpu, 3->3->1 MB, 4 MB goal, 0 MB stacks, 0 MB globals, 8 P
gc 2469 @40.746s 1%: 0.099+0.45+0.027 ms clock, 0.79+0.55/0.65/0+0.22 ms cpu, 3->3->1 MB, 4 MB goal, 0 MB stacks, 0 MB globals, 8 P
gc 2470 @40.748s 1%: 0.093+0.40+0.041 ms clock, 0.75+0.70/0.55/0+0.33 ms cpu, 3->3->1 MB, 4 MB goal, 0 MB stacks, 0 MB globals, 8 P
gc 2471 @40.751s 1%: 0.12+0.52+0.070 ms clock, 0.99+0.65/0.65/0+0.56 ms cpu, 3->3->1 MB, 4 MB goal, 0 MB stacks, 0 MB globals, 8 P
gc 2472 @40.754s 1%: 0.089+0.52+0.10 ms clock, 0.71+0.66/0.62/0+0.87 ms cpu, 3->3->1 MB, 4 MB goal, 0 MB stacks, 0 MB globals, 8 P
gc 2473 @40.757s 1%: 0.10+0.52+0.060 ms clock, 0.80+0.68/0.58/0+0.48 ms cpu, 3->3->1 MB, 4 MB goal, 0 MB stacks, 0 MB globals, 8 P
gc 2474 @40.759s 1%: 0.097+0.52+0.10 ms clock, 0.77+0.64/0.67/0+0.87 ms cpu, 3->3->1 MB, 4 MB goal, 0 MB stacks, 0 MB globals, 8 P
gc 2475 @40.762s 1%: 0.11+0.80+0.043 ms clock, 0.93+0.65/0.65/0+0.34 ms cpu, 3->3->1 MB, 4 MB goal, 0 MB stacks, 0 MB globals, 8 P
gc 2476 @40.765s 1%: 0.080+0.47+0.056 ms clock, 0.64+0.58/0.46/0.087+0.45 ms cpu, 3->3->1 MB, 4 MB goal, 0 MB stacks, 0 MB globals, 8 P
gc 2477 @40.768s 1%: 0.094+0.56+0.066 ms clock, 0.75+0.71/0.62/0+0.53 ms cpu, 3->3->1 MB, 4 MB goal, 0 MB stacks, 0 MB globals, 8 P
gc 2478 @40.771s 1%: 0.10+0.55+0.12 ms clock, 0.82+0.62/0.66/0+0.96 ms cpu, 3->3->1 MB, 4 MB goal, 0 MB stacks, 0 MB globals, 8 P
gc 2479 @40.773s 1%: 0.069+0.65+0.075 ms clock, 0.55+0.94/0.64/0+0.60 ms cpu, 3->3->1 MB, 4 MB goal, 0 MB stacks, 0 MB globals, 8 P
gc 2480 @40.776s 1%: 0.10+0.40+0.10 ms clock, 0.80+0.70/0.54/0+0.86 ms cpu, 3->3->1 MB, 4 MB goal, 0 MB stacks, 0 MB globals, 8 P
gc 2481 @40.779s 1%: 0.056+0.42+0.096 ms clock, 0.44+0.67/0.56/0+0.77 ms cpu, 3->3->1 MB, 4 MB goal, 0 MB stacks, 0 MB globals, 8 P
gc 2482 @40.782s 1%: 0.080+0.90+0.071 ms clock, 0.64+0.55/0.59/0+0.57 ms cpu, 3->3->1 MB, 4 MB goal, 0 MB stacks, 0 MB globals, 8 P
gc 2483 @40.785s 1%: 0.055+0.84+0.11 ms clock, 0.44+0.75/0.57/0+0.95 ms cpu, 3->3->1 MB, 4 MB goal, 0 MB stacks, 0 MB globals, 8 P
gc 2484 @40.787s 1%: 0.11+0.56+0.067 ms clock, 0.89+0.62/0.58/0+0.53 ms cpu, 3->3->1 MB, 4 MB goal, 0 MB stacks, 0 MB globals, 8 P
gc 2485 @40.790s 1%: 0.096+1.5+0.075 ms clock, 0.77+0.60/0.64/0+0.60 ms cpu, 3->3->1 MB, 4 MB goal, 0 MB stacks, 0 MB globals, 8 P
gc 2486 @40.793s 1%: 0.10+0.62+0.086 ms clock, 0.87+0.61/0.67/0+0.68 ms cpu, 3->3->1 MB, 4 MB goal, 0 MB stacks, 0 MB globals, 8 P
gc 2487 @40.796s 1%: 0.073+1.5+0.087 ms clock, 0.58+0.67/0.57/0+0.69 ms cpu, 3->3->1 MB, 4 MB goal, 0 MB stacks, 0 MB globals, 8 P
gc 2488 @40.799s 1%: 0.10+0.52+0.11 ms clock, 0.86+0.67/0.60/0+0.92 ms cpu, 3->3->1 MB, 4 MB goal, 0 MB stacks, 0 MB globals, 8 P
gc 2489 @40.802s 1%: 0.066+0.52+0.091 ms clock, 0.53+0.66/0.50/0+0.73 ms cpu, 3->3->1 MB, 4 MB goal, 0 MB stacks, 0 MB globals, 8 P
gc 2490 @40.804s 1%: 0.12+0.44+0.10 ms clock, 0.97+0.65/0.50/0+0.85 ms cpu, 3->3->1 MB, 4 MB goal, 0 MB stacks, 0 MB globals, 8 P
gc 2491 @40.807s 1%: 0.098+0.53+0.092 ms clock, 0.79+0.53/0.74/0+0.74 ms cpu, 3->3->1 MB, 4 MB goal, 0 MB stacks, 0 MB globals, 8 P
gc 2492 @40.810s 1%: 0.088+0.46+0.096 ms clock, 0.70+0.64/0.59/0+0.77 ms cpu, 3->3->1 MB, 4 MB goal, 0 MB stacks, 0 MB globals, 8 P
gc 2493 @40.813s 1%: 0.090+0.53+0.092 ms clock, 0.72+0.66/0.64/0+0.74 ms cpu, 3->3->1 MB, 4 MB goal, 0 MB stacks, 0 MB globals, 8 P
gc 2494 @40.815s 1%: 0.10+0.42+0.087 ms clock, 0.80+0.70/0.63/0+0.69 ms cpu, 3->3->1 MB, 4 MB goal, 0 MB stacks, 0 MB globals, 8 P
gc 2495 @40.818s 1%: 0.10+0.38+0.056 ms clock, 0.83+0.68/0.57/0+0.45 ms cpu, 3->3->1 MB, 4 MB goal, 0 MB stacks, 0 MB globals, 8 P
gc 2496 @40.821s 1%: 0.10+0.41+0.091 ms clock, 0.82+0.63/0.62/0+0.73 ms cpu, 3->3->1 MB, 4 MB goal, 0 MB stacks, 0 MB globals, 8 P
gc 2497 @40.824s 1%: 0.12+0.79+0.090 ms clock, 1.0+0.80/0.61/0+0.72 ms cpu, 3->3->1 MB, 4 MB goal, 0 MB stacks, 0 MB globals, 8 P
gc 2498 @40.827s 1%: 0.088+0.45+0.079 ms clock, 0.71+0.67/0.53/0+0.63 ms cpu, 3->3->1 MB, 4 MB goal, 0 MB stacks, 0 MB globals, 8 P
gc 2499 @40.829s 1%: 0.15+0.55+0.085 ms clock, 1.2+0.62/0.60/0+0.68 ms cpu, 3->3->1 MB, 4 MB goal, 0 MB stacks, 0 MB globals, 8 P
gc 2500 @40.832s 1%: 0.11+0.67+0.076 ms clock, 0.88+0.57/0.65/0+0.60 ms cpu, 3->3->1 MB, 4 MB goal, 0 MB stacks, 0 MB globals, 8 P
gc 2501 @40.835s 1%: 0.11+0.61+0.080 ms clock, 0.94+0.58/0.71/0+0.64 ms cpu, 3->3->1 MB, 4 MB goal, 0 MB stacks, 0 MB globals, 8 P
gc 2502 @40.838s 1%: 0.075+0.79+0.060 ms clock, 0.60+0.64/0.67/0+0.48 ms cpu, 3->3->1 MB, 4 MB goal, 0 MB stacks, 0 MB globals, 8 P
gc 2503 @40.841s 1%: 0.10+0.50+0.065 ms clock, 0.82+0.66/0.59/0+0.52 ms cpu, 3->3->1 MB, 4 MB goal, 0 MB stacks, 0 MB globals, 8 P
gc 2504 @40.843s 1%: 0.090+0.51+0.12 ms clock, 0.72+0.70/0.61/0+0.98 ms cpu, 3->3->1 MB, 4 MB goal, 0 MB stacks, 0 MB globals, 8 P
gc 2505 @40.846s 1%: 0.084+0.61+0.025 ms clock, 0.67+0.66/0.64/0+0.20 ms cpu, 3->3->1 MB, 4 MB goal, 0 MB stacks, 0 MB globals, 8 P
gc 2506 @40.849s 1%: 0.079+0.45+0.082 ms clock, 0.63+0.61/0.62/0+0.66 ms cpu, 3->3->1 MB, 4 MB goal, 0 MB stacks, 0 MB globals, 8 P
gc 2507 @40.852s 1%: 0.12+0.51+0.11 ms clock, 1.0+0.34/0.74/0+0.88 ms cpu, 3->3->1 MB, 4 MB goal, 0 MB stacks, 0 MB globals, 8 P
gc 2508 @40.854s 1%: 0.11+0.57+0.049 ms clock, 0.89+0.66/0.69/0+0.39 ms cpu, 3->3->1 MB, 4 MB goal, 0 MB stacks, 0 MB globals, 8 P
gc 2509 @40.857s 1%: 0.093+0.57+0.087 ms clock, 0.74+0.54/0.67/0+0.69 ms cpu, 3->3->1 MB, 4 MB goal, 0 MB stacks, 0 MB globals, 8 P
gc 2510 @40.860s 1%: 0.10+0.51+0.12 ms clock, 0.84+0.69/0.62/0+1.0 ms cpu, 3->3->1 MB, 4 MB goal, 0 MB stacks, 0 MB globals, 8 P
gc 2511 @40.863s 1%: 0.083+0.54+0.083 ms clock, 0.66+0.55/0.66/0+0.66 ms cpu, 3->3->1 MB, 4 MB goal, 0 MB stacks, 0 MB globals, 8 P
gc 2512 @40.865s 1%: 0.13+0.61+0.10 ms clock, 1.0+0.55/0.58/0+0.87 ms cpu, 3->3->1 MB, 4 MB goal, 0 MB stacks, 0 MB globals, 8 P
gc 2513 @40.868s 1%: 0.13+0.70+0.073 ms clock, 1.0+0.52/0.58/0+0.58 ms cpu, 3->3->1 MB, 4 MB goal, 0 MB stacks, 0 MB globals, 8 P
gc 2514 @40.871s 1%: 0.087+0.70+0.099 ms clock, 0.69+0.58/0.67/0+0.79 ms cpu, 3->3->1 MB, 4 MB goal, 0 MB stacks, 0 MB globals, 8 P
gc 2515 @40.874s 1%: 0.096+0.40+0.074 ms clock, 0.77+0.66/0.54/0+0.59 ms cpu, 3->3->1 MB, 4 MB goal, 0 MB stacks, 0 MB globals, 8 P
gc 2516 @40.877s 1%: 0.12+0.37+0.11 ms clock, 0.98+0.65/0.53/0+0.90 ms cpu, 3->3->1 MB, 4 MB goal, 0 MB stacks, 0 MB globals, 8 P
gc 2517 @40.879s 1%: 0.10+0.70+0.017 ms clock, 0.82+0.64/0.58/0+0.14 ms cpu, 3->3->1 MB, 4 MB goal, 0 MB stacks, 0 MB globals, 8 P
gc 2518 @40.882s 1%: 0.099+0.69+0.063 ms clock, 0.79+0.77/0.56/0+0.50 ms cpu, 3->3->1 MB, 4 MB goal, 0 MB stacks, 0 MB globals, 8 P
gc 2519 @40.885s 1%: 0.060+1.0+0.11 ms clock, 0.48+1.0/0.73/0+0.90 ms cpu, 3->4->1 MB, 4 MB goal, 0 MB stacks, 0 MB globals, 8 P
gc 2520 @40.888s 1%: 0.085+0.81+0.054 ms clock, 0.68+0.62/0.62/0+0.43 ms cpu, 3->3->1 MB, 4 MB goal, 0 MB stacks, 0 MB globals, 8 P
gc 2521 @40.891s 1%: 0.061+0.79+0.065 ms clock, 0.49+0.61/0.61/0+0.52 ms cpu, 3->3->1 MB, 4 MB goal, 0 MB stacks, 0 MB globals, 8 P
gc 2522 @40.894s 1%: 0.096+0.46+0.057 ms clock, 0.76+0.70/0.53/0+0.45 ms cpu, 3->3->1 MB, 4 MB goal, 0 MB stacks, 0 MB globals, 8 P
gc 2523 @40.897s 1%: 0.093+0.51+0.085 ms clock, 0.74+0.68/0.60/0+0.68 ms cpu, 3->3->1 MB, 4 MB goal, 0 MB stacks, 0 MB globals, 8 P
gc 2524 @40.899s 1%: 0.12+0.72+0.092 ms clock, 1.0+0.56/0.59/0+0.73 ms cpu, 3->3->1 MB, 4 MB goal, 0 MB stacks, 0 MB globals, 8 P
gc 2525 @40.902s 1%: 0.12+0.49+0.10 ms clock, 0.97+0.62/0.64/0+0.83 ms cpu, 3->3->1 MB, 4 MB goal, 0 MB stacks, 0 MB globals, 8 P
gc 2526 @40.905s 1%: 0.10+0.44+0.063 ms clock, 0.87+0.67/0.59/0+0.50 ms cpu, 3->3->1 MB, 4 MB goal, 0 MB stacks, 0 MB globals, 8 P
gc 2527 @40.908s 1%: 0.12+0.62+0.093 ms clock, 0.99+0.77/0.64/0+0.74 ms cpu, 3->3->1 MB, 4 MB goal, 0 MB stacks, 0 MB globals, 8 P
gc 2528 @40.910s 1%: 0.11+0.48+0.10 ms clock, 0.88+0.73/0.67/0+0.84 ms cpu, 3->3->1 MB, 4 MB goal, 0 MB stacks, 0 MB globals, 8 P
gc 2529 @40.913s 1%: 0.081+0.50+0.090 ms clock, 0.65+0.70/0.54/0+0.72 ms cpu, 3->3->1 MB, 4 MB goal, 0 MB stacks, 0 MB globals, 8 P
gc 2530 @40.916s 1%: 0.11+0.42+0.074 ms clock, 0.94+0.73/0.61/0+0.59 ms cpu, 3->3->1 MB, 4 MB goal, 0 MB stacks, 0 MB globals, 8 P
gc 2531 @40.918s 1%: 0.10+0.56+0.084 ms clock, 0.87+0.63/0.65/0+0.67 ms cpu, 3->3->1 MB, 4 MB goal, 0 MB stacks, 0 MB globals, 8 P
gc 2532 @40.921s 1%: 0.064+0.54+0.075 ms clock, 0.51+0.64/0.73/0+0.60 ms cpu, 3->3->1 MB, 4 MB goal, 0 MB stacks, 0 MB globals, 8 P
gc 2533 @40.924s 1%: 0.12+0.54+0.038 ms clock, 1.0+0.69/0.59/0+0.31 ms cpu, 3->3->1 MB, 4 MB goal, 0 MB stacks, 0 MB globals, 8 P
gc 2534 @40.927s 1%: 0.10+0.62+0.14 ms clock, 0.86+0.61/0.71/0+1.1 ms cpu, 3->3->1 MB, 4 MB goal, 0 MB stacks, 0 MB globals, 8 P
gc 2535 @40.930s 1%: 0.10+0.57+0.094 ms clock, 0.80+0.66/0.63/0+0.75 ms cpu, 3->3->1 MB, 4 MB goal, 0 MB stacks, 0 MB globals, 8 P
gc 2536 @40.932s 1%: 0.099+0.41+0.064 ms clock, 0.79+0.64/0.50/0+0.51 ms cpu, 3->3->1 MB, 4 MB goal, 0 MB stacks, 0 MB globals, 8 P
gc 2537 @40.935s 1%: 0.10+0.51+0.11 ms clock, 0.85+0.68/0.59/0+0.91 ms cpu, 3->3->1 MB, 4 MB goal, 0 MB stacks, 0 MB globals, 8 P
gc 2538 @40.938s 1%: 0.080+0.74+0.074 ms clock, 0.64+0.58/0.64/0+0.59 ms cpu, 3->3->1 MB, 4 MB goal, 0 MB stacks, 0 MB globals, 8 P
gc 2539 @40.941s 1%: 0.084+0.57+0.12 ms clock, 0.67+0.75/0.57/0+0.97 ms cpu, 3->3->1 MB, 4 MB goal, 0 MB stacks, 0 MB globals, 8 P
gc 2540 @40.944s 1%: 0.10+0.63+0.10 ms clock, 0.87+0.58/0.70/0+0.87 ms cpu, 3->3->1 MB, 4 MB goal, 0 MB stacks, 0 MB globals, 8 P
gc 2541 @40.946s 1%: 0.094+0.73+0.035 ms clock, 0.75+0.72/0.55/0+0.28 ms cpu, 3->3->1 MB, 4 MB goal, 0 MB stacks, 0 MB globals, 8 P
gc 2542 @40.949s 1%: 0.091+0.45+0.11 ms clock, 0.72+0.63/0.60/0+0.89 ms cpu, 3->3->1 MB, 4 MB goal, 0 MB stacks, 0 MB globals, 8 P
gc 2543 @40.952s 1%: 0.13+0.76+0.099 ms clock, 1.1+0.62/0.62/0+0.79 ms cpu, 3->3->1 MB, 4 MB goal, 0 MB stacks, 0 MB globals, 8 P
gc 2544 @40.955s 1%: 0.087+0.51+0.13 ms clock, 0.69+0.58/0.62/0+1.0 ms cpu, 3->3->1 MB, 4 MB goal, 0 MB stacks, 0 MB globals, 8 P
gc 2545 @40.958s 1%: 0.084+0.69+0.10 ms clock, 0.67+0.74/0.56/0+0.82 ms cpu, 3->3->1 MB, 4 MB goal, 0 MB stacks, 0 MB globals, 8 P
gc 2546 @40.961s 1%: 0.097+0.53+0.11 ms clock, 0.78+0.69/0.59/0+0.92 ms cpu, 3->3->1 MB, 4 MB goal, 0 MB stacks, 0 MB globals, 8 P
gc 2547 @40.963s 1%: 0.15+0.56+0.094 ms clock, 1.2+0.72/0.59/0+0.75 ms cpu, 3->3->1 MB, 4 MB goal, 0 MB stacks, 0 MB globals, 8 P
gc 2548 @40.966s 1%: 0.11+0.43+0.073 ms clock, 0.94+0.61/0.61/0+0.58 ms cpu, 3->3->1 MB, 4 MB goal, 0 MB stacks, 0 MB globals, 8 P
gc 2549 @40.969s 1%: 0.10+0.56+0.13 ms clock, 0.84+0.67/0.61/0+1.1 ms cpu, 3->3->1 MB, 4 MB goal, 0 MB stacks, 0 MB globals, 8 P
gc 2550 @40.972s 1%: 0.070+0.56+0.063 ms clock, 0.56+0.53/0.66/0+0.50 ms cpu, 3->3->1 MB, 4 MB goal, 0 MB stacks, 0 MB globals, 8 P
gc 2551 @40.975s 1%: 0.083+0.53+0.048 ms clock, 0.66+0.65/0.68/0+0.38 ms cpu, 3->3->1 MB, 4 MB goal, 0 MB stacks, 0 MB globals, 8 P
gc 2552 @40.977s 1%: 0.75+0.24+0.077 ms clock, 6.0+0.59/1.2/0.001+0.62 ms cpu, 3->3->1 MB, 4 MB goal, 0 MB stacks, 0 MB globals, 8 P
gc 2553 @40.980s 1%: 0.13+0.58+0.061 ms clock, 1.0+0.66/0.67/0+0.48 ms cpu, 3->3->1 MB, 4 MB goal, 0 MB stacks, 0 MB globals, 8 P
gc 2554 @40.983s 1%: 0.077+0.70+0.074 ms clock, 0.61+0.63/0.60/0+0.59 ms cpu, 3->3->1 MB, 4 MB goal, 0 MB stacks, 0 MB globals, 8 P
gc 2555 @40.986s 1%: 0.11+0.62+0.097 ms clock, 0.95+0.59/0.63/0+0.78 ms cpu, 3->3->1 MB, 4 MB goal, 0 MB stacks, 0 MB globals, 8 P
gc 2556 @40.989s 1%: 0.12+0.72+0.090 ms clock, 1.0+0.70/0.52/0+0.72 ms cpu, 3->3->1 MB, 4 MB goal, 0 MB stacks, 0 MB globals, 8 P
gc 2557 @40.992s 1%: 0.085+0.76+0.080 ms clock, 0.68+0.61/0.63/0+0.64 ms cpu, 3->3->1 MB, 4 MB goal, 0 MB stacks, 0 MB globals, 8 P
gc 2558 @40.994s 1%: 0.14+0.85+0.072 ms clock, 1.1+0.58/0.59/0+0.58 ms cpu, 3->4->1 MB, 4 MB goal, 0 MB stacks, 0 MB globals, 8 P
gc 2559 @40.997s 1%: 0.094+0.57+0.090 ms clock, 0.75+0.65/0.68/0+0.72 ms cpu, 3->3->1 MB, 4 MB goal, 0 MB stacks, 0 MB globals, 8 P
gc 2560 @41.000s 1%: 0.11+0.41+0.084 ms clock, 0.88+0.71/0.59/0+0.67 ms cpu, 3->3->1 MB, 4 MB goal, 0 MB stacks, 0 MB globals, 8 P
gc 2561 @41.003s 1%: 0.078+0.81+0.098 ms clock, 0.62+0.73/0.55/0+0.79 ms cpu, 3->3->1 MB, 4 MB goal, 0 MB stacks, 0 MB globals, 8 P
gc 2562 @41.006s 1%: 0.098+0.71+0.049 ms clock, 0.79+0.71/0.56/0+0.39 ms cpu, 3->3->1 MB, 4 MB goal, 0 MB stacks, 0 MB globals, 8 P
gc 2563 @41.009s 1%: 0.083+0.52+0.088 ms clock, 0.66+0.66/0.63/0+0.70 ms cpu, 3->3->1 MB, 4 MB goal, 0 MB stacks, 0 MB globals, 8 P
gc 2564 @41.011s 1%: 0.089+0.51+0.089 ms clock, 0.71+0.67/0.65/0+0.71 ms cpu, 3->3->1 MB, 4 MB goal, 0 MB stacks, 0 MB globals, 8 P
gc 2565 @41.014s 1%: 0.092+0.44+0.056 ms clock, 0.73+0.66/0.59/0+0.45 ms cpu, 3->3->1 MB, 4 MB goal, 0 MB stacks, 0 MB globals, 8 P
gc 2566 @41.017s 1%: 0.12+0.79+0.059 ms clock, 0.99+0.61/0.59/0+0.47 ms cpu, 3->3->1 MB, 4 MB goal, 0 MB stacks, 0 MB globals, 8 P
gc 2567 @41.020s 1%: 0.12+0.46+0.066 ms clock, 1.0+0.73/0.56/0+0.53 ms cpu, 3->3->1 MB, 4 MB goal, 0 MB stacks, 0 MB globals, 8 P
gc 2568 @41.023s 1%: 0.088+0.47+0.10 ms clock, 0.70+0.67/0.51/0+0.80 ms cpu, 3->3->1 MB, 4 MB goal, 0 MB stacks, 0 MB globals, 8 P
gc 2569 @41.025s 1%: 0.079+0.65+0.10 ms clock, 0.63+0.61/0.68/0+0.80 ms cpu, 3->3->1 MB, 4 MB goal, 0 MB stacks, 0 MB globals, 8 P
gc 2570 @41.028s 1%: 0.11+0.54+0.11 ms clock, 0.89+0.82/0.45/0+0.92 ms cpu, 3->3->1 MB, 4 MB goal, 0 MB stacks, 0 MB globals, 8 P
gc 2571 @41.031s 1%: 0.11+0.50+0.10 ms clock, 0.95+0.62/0.65/0+0.83 ms cpu, 3->3->1 MB, 4 MB goal, 0 MB stacks, 0 MB globals, 8 P
gc 2572 @41.034s 1%: 0.12+0.44+0.049 ms clock, 1.0+0.65/0.55/0+0.39 ms cpu, 3->3->1 MB, 4 MB goal, 0 MB stacks, 0 MB globals, 8 P
gc 2573 @41.036s 1%: 0.10+0.47+0.089 ms clock, 0.81+0.64/0.63/0+0.71 ms cpu, 3->3->1 MB, 4 MB goal, 0 MB stacks, 0 MB globals, 8 P
gc 2574 @41.039s 1%: 0.11+0.83+0.080 ms clock, 0.88+0.66/0.58/0+0.64 ms cpu, 3->3->1 MB, 4 MB goal, 0 MB stacks, 0 MB globals, 8 P
gc 2575 @41.042s 1%: 0.059+0.38+0.044 ms clock, 0.47+0.58/0.58/0+0.35 ms cpu, 3->3->1 MB, 4 MB goal, 0 MB stacks, 0 MB globals, 8 P
gc 2576 @41.045s 1%: 0.11+0.75+0.067 ms clock, 0.90+0.64/0.67/0+0.53 ms cpu, 3->3->1 MB, 4 MB goal, 0 MB stacks, 0 MB globals, 8 P
gc 2577 @41.048s 1%: 0.074+0.56+0.10 ms clock, 0.59+0.61/0.67/0+0.87 ms cpu, 3->3->1 MB, 4 MB goal, 0 MB stacks, 0 MB globals, 8 P
gc 2578 @41.050s 1%: 0.10+0.58+0.074 ms clock, 0.85+0.64/0.62/0+0.59 ms cpu, 3->3->1 MB, 4 MB goal, 0 MB stacks, 0 MB globals, 8 P
gc 2579 @41.053s 1%: 0.083+0.58+0.11 ms clock, 0.67+0.57/0.69/0+0.88 ms cpu, 3->3->1 MB, 4 MB goal, 0 MB stacks, 0 MB globals, 8 P
gc 2580 @41.056s 1%: 0.077+0.53+0.072 ms clock, 0.61+0.59/0.66/0+0.58 ms cpu, 3->3->1 MB, 4 MB goal, 0 MB stacks, 0 MB globals, 8 P
gc 2581 @41.059s 1%: 0.080+0.57+0.11 ms clock, 0.64+0.59/0.67/0+0.90 ms cpu, 3->3->1 MB, 4 MB goal, 0 MB stacks, 0 MB globals, 8 P
gc 2582 @41.062s 1%: 0.10+0.62+0.10 ms clock, 0.82+0.60/0.65/0+0.81 ms cpu, 3->3->1 MB, 4 MB goal, 0 MB stacks, 0 MB globals, 8 P
gc 2583 @41.064s 1%: 0.11+0.81+0.087 ms clock, 0.88+0.61/0.79/0+0.70 ms cpu, 3->3->1 MB, 4 MB goal, 0 MB stacks, 0 MB globals, 8 P
gc 2584 @41.067s 1%: 0.087+0.46+0.10 ms clock, 0.69+0.62/0.60/0+0.86 ms cpu, 3->3->1 MB, 4 MB goal, 0 MB stacks, 0 MB globals, 8 P
gc 2585 @41.070s 1%: 0.11+0.50+0.083 ms clock, 0.92+0.68/0.55/0+0.66 ms cpu, 3->3->1 MB, 4 MB goal, 0 MB stacks, 0 MB globals, 8 P
gc 2586 @41.073s 1%: 0.090+0.43+0.096 ms clock, 0.72+0.68/0.53/0+0.77 ms cpu, 3->3->1 MB, 4 MB goal, 0 MB stacks, 0 MB globals, 8 P
gc 2587 @41.076s 1%: 0.11+0.42+0.042 ms clock, 0.90+0.69/0.54/0+0.34 ms cpu, 3->3->1 MB, 4 MB goal, 0 MB stacks, 0 MB globals, 8 P
gc 2588 @41.078s 1%: 0.11+0.57+0.086 ms clock, 0.88+0.67/0.54/0+0.69 ms cpu, 3->3->1 MB, 4 MB goal, 0 MB stacks, 0 MB globals, 8 P
gc 2589 @41.081s 1%: 0.068+0.40+0.092 ms clock, 0.55+0.74/0.55/0+0.73 ms cpu, 3->3->1 MB, 4 MB goal, 0 MB stacks, 0 MB globals, 8 P
gc 2590 @41.084s 1%: 0.094+0.47+0.10 ms clock, 0.75+0.72/0.55/0+0.87 ms cpu, 3->3->1 MB, 4 MB goal, 0 MB stacks, 0 MB globals, 8 P
gc 2591 @41.087s 1%: 0.082+0.54+0.087 ms clock, 0.65+0.67/0.63/0+0.69 ms cpu, 3->3->1 MB, 4 MB goal, 0 MB stacks, 0 MB globals, 8 P
gc 2592 @41.089s 1%: 0.081+0.61+0.071 ms clock, 0.65+0.63/0.58/0+0.57 ms cpu, 3->3->1 MB, 4 MB goal, 0 MB stacks, 0 MB globals, 8 P
gc 2593 @41.092s 1%: 0.10+0.41+0.10 ms clock, 0.84+0.63/0.63/0+0.81 ms cpu, 3->3->1 MB, 4 MB goal, 0 MB stacks, 0 MB globals, 8 P
gc 2594 @41.095s 1%: 0.093+0.53+0.10 ms clock, 0.74+0.63/0.61/0+0.86 ms cpu, 3->3->1 MB, 4 MB goal, 0 MB stacks, 0 MB globals, 8 P
gc 2595 @41.098s 1%: 0.12+1.0+0.079 ms clock, 0.99+0.68/0.58/0+0.63 ms cpu, 3->3->1 MB, 4 MB goal, 0 MB stacks, 0 MB globals, 8 P
gc 2596 @41.101s 1%: 0.075+0.93+0.10 ms clock, 0.60+0.65/0.68/0+0.86 ms cpu, 3->3->1 MB, 4 MB goal, 0 MB stacks, 0 MB globals, 8 P
gc 2597 @41.103s 1%: 0.13+0.54+0.093 ms clock, 1.0+0.67/0.63/0+0.74 ms cpu, 3->3->1 MB, 4 MB goal, 0 MB stacks, 0 MB globals, 8 P
gc 2598 @41.106s 1%: 0.12+1.0+0.050 ms clock, 1.0+0.60/0.63/0+0.40 ms cpu, 3->4->1 MB, 4 MB goal, 0 MB stacks, 0 MB globals, 8 P
gc 2599 @41.109s 1%: 0.10+0.52+0.079 ms clock, 0.81+0.67/0.67/0+0.63 ms cpu, 3->3->1 MB, 4 MB goal, 0 MB stacks, 0 MB globals, 8 P
gc 2600 @41.112s 1%: 0.064+0.41+0.11 ms clock, 0.51+0.70/0.52/0+0.92 ms cpu, 3->3->1 MB, 4 MB goal, 0 MB stacks, 0 MB globals, 8 P
gc 2601 @41.115s 1%: 0.061+0.53+0.085 ms clock, 0.49+0.70/0.60/0+0.68 ms cpu, 3->3->1 MB, 4 MB goal, 0 MB stacks, 0 MB globals, 8 P
gc 2602 @41.117s 1%: 0.10+0.56+0.099 ms clock, 0.80+0.69/0.55/0+0.79 ms cpu, 3->3->1 MB, 4 MB goal, 0 MB stacks, 0 MB globals, 8 P
gc 2603 @41.120s 1%: 0.11+0.53+0.090 ms clock, 0.89+0.63/0.55/0+0.72 ms cpu, 3->3->1 MB, 4 MB goal, 0 MB stacks, 0 MB globals, 8 P
gc 2604 @41.123s 1%: 0.10+0.64+0.062 ms clock, 0.86+0.66/0.61/0+0.49 ms cpu, 3->3->1 MB, 4 MB goal, 0 MB stacks, 0 MB globals, 8 P
gc 2605 @41.126s 1%: 0.097+0.54+0.12 ms clock, 0.77+0.71/0.58/0+0.97 ms cpu, 3->3->1 MB, 4 MB goal, 0 MB stacks, 0 MB globals, 8 P
gc 2606 @41.129s 1%: 0.11+0.56+0.082 ms clock, 0.88+0.63/0.64/0+0.66 ms cpu, 3->3->1 MB, 4 MB goal, 0 MB stacks, 0 MB globals, 8 P
gc 2607 @41.131s 1%: 0.10+0.79+0.082 ms clock, 0.87+0.60/0.61/0+0.66 ms cpu, 3->3->1 MB, 4 MB goal, 0 MB stacks, 0 MB globals, 8 P
gc 2608 @41.134s 1%: 0.15+0.49+0.083 ms clock, 1.2+0.62/0.61/0+0.67 ms cpu, 3->3->1 MB, 4 MB goal, 0 MB stacks, 0 MB globals, 8 P
gc 2609 @41.137s 1%: 0.12+0.53+0.10 ms clock, 1.0+0.73/0.59/0+0.80 ms cpu, 3->3->1 MB, 4 MB goal, 0 MB stacks, 0 MB globals, 8 P
gc 2610 @41.140s 1%: 0.079+0.86+0.10 ms clock, 0.63+0.69/0.71/0+0.84 ms cpu, 3->3->1 MB, 4 MB goal, 0 MB stacks, 0 MB globals, 8 P
gc 2611 @41.143s 1%: 0.10+0.50+0.073 ms clock, 0.87+0.66/0.65/0+0.58 ms cpu, 3->3->1 MB, 4 MB goal, 0 MB stacks, 0 MB globals, 8 P
gc 2612 @41.145s 1%: 0.13+0.51+0.045 ms clock, 1.0+0.55/0.65/0+0.36 ms cpu, 3->3->1 MB, 4 MB goal, 0 MB stacks, 0 MB globals, 8 P
gc 2613 @41.148s 1%: 0.047+0.95+0.098 ms clock, 0.38+0.53/0.62/0+0.78 ms cpu, 3->3->1 MB, 4 MB goal, 0 MB stacks, 0 MB globals, 8 P
gc 2614 @41.151s 1%: 0.11+0.74+0.079 ms clock, 0.95+0.57/0.57/0+0.63 ms cpu, 3->3->1 MB, 4 MB goal, 0 MB stacks, 0 MB globals, 8 P
gc 2615 @41.154s 1%: 0.14+0.47+0.094 ms clock, 1.1+0.61/0.61/0+0.75 ms cpu, 3->3->1 MB, 4 MB goal, 0 MB stacks, 0 MB globals, 8 P
gc 2616 @41.157s 1%: 0.11+0.45+0.080 ms clock, 0.92+0.55/0.52/0+0.64 ms cpu, 3->3->1 MB, 4 MB goal, 0 MB stacks, 0 MB globals, 8 P
gc 2617 @41.159s 1%: 0.072+0.74+0.060 ms clock, 0.57+0.71/0.55/0+0.48 ms cpu, 3->3->1 MB, 4 MB goal, 0 MB stacks, 0 MB globals, 8 P
gc 2618 @41.162s 1%: 0.12+0.60+0.098 ms clock, 0.98+0.68/0.51/0+0.78 ms cpu, 3->3->1 MB, 4 MB goal, 0 MB stacks, 0 MB globals, 8 P
gc 2619 @41.165s 1%: 0.14+0.52+0.084 ms clock, 1.1+0.70/0.64/0+0.67 ms cpu, 3->3->1 MB, 4 MB goal, 0 MB stacks, 0 MB globals, 8 P
gc 2620 @41.168s 1%: 0.11+0.61+0.11 ms clock, 0.89+0.67/0.74/0+0.90 ms cpu, 3->3->1 MB, 4 MB goal, 0 MB stacks, 0 MB globals, 8 P
gc 2621 @41.171s 1%: 0.12+0.69+0.092 ms clock, 0.96+0.59/0.63/0+0.74 ms cpu, 3->3->1 MB, 4 MB goal, 0 MB stacks, 0 MB globals, 8 P
gc 2622 @41.174s 1%: 0.10+0.61+0.11 ms clock, 0.81+0.57/0.62/0+0.89 ms cpu, 3->3->1 MB, 4 MB goal, 0 MB stacks, 0 MB globals, 8 P
gc 2623 @41.176s 1%: 0.088+0.50+0.095 ms clock, 0.70+0.64/0.62/0+0.76 ms cpu, 3->3->1 MB, 4 MB goal, 0 MB stacks, 0 MB globals, 8 P
gc 2624 @41.179s 1%: 0.082+0.49+0.088 ms clock, 0.66+0.63/0.61/0+0.70 ms cpu, 3->3->1 MB, 4 MB goal, 0 MB stacks, 0 MB globals, 8 P
gc 2625 @41.182s 1%: 0.11+0.68+0.082 ms clock, 0.90+0.67/0.66/0+0.66 ms cpu, 3->3->1 MB, 4 MB goal, 0 MB stacks, 0 MB globals, 8 P
gc 2626 @41.185s 1%: 0.093+0.58+0.067 ms clock, 0.74+0.65/0.54/0+0.53 ms cpu, 3->3->1 MB, 4 MB goal, 0 MB stacks, 0 MB globals, 8 P
gc 2627 @41.188s 1%: 0.087+0.79+0.068 ms clock, 0.69+0.62/0.64/0+0.55 ms cpu, 3->3->1 MB, 4 MB goal, 0 MB stacks, 0 MB globals, 8 P
gc 2628 @41.190s 1%: 0.089+0.51+0.10 ms clock, 0.71+0.75/0.49/0.035+0.85 ms cpu, 3->3->1 MB, 4 MB goal, 0 MB stacks, 0 MB globals, 8 P
gc 2629 @41.193s 1%: 0.080+0.38+0.082 ms clock, 0.64+0.76/0.50/0+0.65 ms cpu, 3->3->1 MB, 4 MB goal, 0 MB stacks, 0 MB globals, 8 P
gc 2630 @41.196s 1%: 0.11+0.71+0.10 ms clock, 0.94+0.79/0.58/0+0.81 ms cpu, 3->3->1 MB, 4 MB goal, 0 MB stacks, 0 MB globals, 8 P
gc 2631 @41.199s 1%: 0.12+0.56+0.082 ms clock, 0.97+0.71/0.66/0+0.66 ms cpu, 3->3->1 MB, 4 MB goal, 0 MB stacks, 0 MB globals, 8 P
gc 2632 @41.202s 1%: 0.079+0.51+0.12 ms clock, 0.63+0.75/0.54/0+0.99 ms cpu, 3->3->1 MB, 4 MB goal, 0 MB stacks, 0 MB globals, 8 P
gc 2633 @41.204s 1%: 0.078+0.79+0.056 ms clock, 0.62+0.64/0.67/0+0.45 ms cpu, 3->3->1 MB, 4 MB goal, 0 MB stacks, 0 MB globals, 8 P
gc 2634 @41.207s 1%: 0.11+0.53+0.094 ms clock, 0.90+0.62/0.64/0+0.75 ms cpu, 3->3->1 MB, 4 MB goal, 0 MB stacks, 0 MB globals, 8 P
gc 2635 @41.210s 1%: 0.070+0.75+0.030 ms clock, 0.56+0.71/0.51/0+0.24 ms cpu, 3->3->1 MB, 4 MB goal, 0 MB stacks, 0 MB globals, 8 P
gc 2636 @41.213s 1%: 0.065+0.45+0.11 ms clock, 0.52+0.56/0.62/0+0.95 ms cpu, 3->3->1 MB, 4 MB goal, 0 MB stacks, 0 MB globals, 8 P
gc 2637 @41.216s 1%: 0.091+0.60+0.095 ms clock, 0.73+0.68/0.59/0+0.76 ms cpu, 3->3->1 MB, 4 MB goal, 0 MB stacks, 0 MB globals, 8 P
gc 2638 @41.218s 1%: 0.10+0.75+0.054 ms clock, 0.86+0.73/0.49/0+0.43 ms cpu, 3->3->1 MB, 4 MB goal, 0 MB stacks, 0 MB globals, 8 P
gc 2639 @41.221s 1%: 0.10+0.49+0.069 ms clock, 0.85+0.73/0.60/0+0.55 ms cpu, 3->3->1 MB, 4 MB goal, 0 MB stacks, 0 MB globals, 8 P
gc 2640 @41.224s 1%: 0.089+0.47+0.032 ms clock, 0.71+0.65/0.66/0+0.26 ms cpu, 3->3->1 MB, 4 MB goal, 0 MB stacks, 0 MB globals, 8 P
gc 2641 @41.227s 1%: 0.067+0.42+0.10 ms clock, 0.54+0.73/0.50/0+0.87 ms cpu, 3->3->1 MB, 4 MB goal, 0 MB stacks, 0 MB globals, 8 P
gc 2642 @41.230s 1%: 0.094+0.78+0.10 ms clock, 0.75+0.72/0.61/0+0.84 ms cpu, 3->3->1 MB, 4 MB goal, 0 MB stacks, 0 MB globals, 8 P
gc 2643 @41.232s 1%: 0.13+0.44+0.082 ms clock, 1.0+0.69/0.57/0+0.65 ms cpu, 3->3->1 MB, 4 MB goal, 0 MB stacks, 0 MB globals, 8 P
gc 2644 @41.235s 1%: 0.11+0.65+0.073 ms clock, 0.88+0.76/0.56/0+0.58 ms cpu, 3->3->1 MB, 4 MB goal, 0 MB stacks, 0 MB globals, 8 P
gc 2645 @41.238s 1%: 0.055+0.59+0.053 ms clock, 0.44+0.64/0.72/0+0.42 ms cpu, 3->3->1 MB, 4 MB goal, 0 MB stacks, 0 MB globals, 8 P
gc 2646 @41.241s 1%: 0.089+0.54+0.11 ms clock, 0.71+0.60/0.65/0+0.89 ms cpu, 3->3->1 MB, 4 MB goal, 0 MB stacks, 0 MB globals, 8 P
gc 2647 @41.244s 1%: 0.095+0.92+0.094 ms clock, 0.76+0.67/0.58/0+0.75 ms cpu, 3->3->1 MB, 4 MB goal, 0 MB stacks, 0 MB globals, 8 P
gc 2648 @41.246s 1%: 0.087+0.46+0.087 ms clock, 0.70+0.66/0.57/0+0.69 ms cpu, 3->3->1 MB, 4 MB goal, 0 MB stacks, 0 MB globals, 8 P
gc 2649 @41.249s 1%: 0.14+0.41+0.10 ms clock, 1.1+0.78/0.47/0+0.87 ms cpu, 3->3->1 MB, 4 MB goal, 0 MB stacks, 0 MB globals, 8 P
gc 2650 @41.252s 1%: 0.071+0.78+0.083 ms clock, 0.57+0.65/0.67/0+0.66 ms cpu, 3->3->1 MB, 4 MB goal, 0 MB stacks, 0 MB globals, 8 P
gc 2651 @41.255s 1%: 0.069+0.79+0.085 ms clock, 0.55+0.62/0.57/0+0.68 ms cpu, 3->3->1 MB, 4 MB goal, 0 MB stacks, 0 MB globals, 8 P
gc 2652 @41.258s 1%: 0.11+0.61+0.10 ms clock, 0.89+0.67/0.67/0+0.84 ms cpu, 3->3->1 MB, 4 MB goal, 0 MB stacks, 0 MB globals, 8 P
gc 2653 @41.261s 1%: 0.11+0.47+0.040 ms clock, 0.94+0.63/0.54/0+0.32 ms cpu, 3->3->1 MB, 4 MB goal, 0 MB stacks, 0 MB globals, 8 P
gc 2654 @41.263s 1%: 0.10+0.54+0.098 ms clock, 0.83+0.70/0.59/0+0.78 ms cpu, 3->3->1 MB, 4 MB goal, 0 MB stacks, 0 MB globals, 8 P
gc 2655 @41.266s 1%: 0.10+0.38+0.076 ms clock, 0.80+0.65/0.55/0+0.61 ms cpu, 3->3->1 MB, 4 MB goal, 0 MB stacks, 0 MB globals, 8 P
gc 2656 @41.269s 1%: 0.10+0.54+0.090 ms clock, 0.84+0.53/0.61/0+0.72 ms cpu, 3->3->1 MB, 4 MB goal, 0 MB stacks, 0 MB globals, 8 P
gc 2657 @41.272s 1%: 0.060+0.52+0.097 ms clock, 0.48+0.75/0.58/0+0.77 ms cpu, 3->3->1 MB, 4 MB goal, 0 MB stacks, 0 MB globals, 8 P
gc 2658 @41.274s 1%: 0.094+0.61+0.078 ms clock, 0.75+0.59/0.60/0+0.62 ms cpu, 3->3->1 MB, 4 MB goal, 0 MB stacks, 0 MB globals, 8 P
gc 2659 @41.277s 1%: 0.080+0.51+0.082 ms clock, 0.64+0.66/0.63/0+0.66 ms cpu, 3->3->1 MB, 4 MB goal, 0 MB stacks, 0 MB globals, 8 P
gc 2660 @41.280s 1%: 0.12+0.46+0.10 ms clock, 1.0+0.61/0.62/0+0.86 ms cpu, 3->3->1 MB, 4 MB goal, 0 MB stacks, 0 MB globals, 8 P
gc 2661 @41.283s 1%: 0.083+0.74+0.073 ms clock, 0.66+0.68/0.54/0+0.58 ms cpu, 3->3->1 MB, 4 MB goal, 0 MB stacks, 0 MB globals, 8 P
gc 2662 @41.286s 1%: 0.070+0.63+0.058 ms clock, 0.56+0.64/0.67/0+0.47 ms cpu, 3->3->1 MB, 4 MB goal, 0 MB stacks, 0 MB globals, 8 P
gc 2663 @41.288s 1%: 0.12+0.48+0.11 ms clock, 1.0+0.63/0.49/0.010+0.93 ms cpu, 3->3->1 MB, 4 MB goal, 0 MB stacks, 0 MB globals, 8 P
gc 2664 @41.291s 1%: 0.13+0.50+0.049 ms clock, 1.0+0.61/0.61/0+0.39 ms cpu, 3->3->1 MB, 4 MB goal, 0 MB stacks, 0 MB globals, 8 P
gc 2665 @41.294s 1%: 0.11+0.49+0.078 ms clock, 0.92+0.76/0.60/0+0.62 ms cpu, 3->3->1 MB, 4 MB goal, 0 MB stacks, 0 MB globals, 8 P
gc 2666 @41.297s 1%: 0.11+1.0+0.10 ms clock, 0.90+0.62/0.65/0+0.82 ms cpu, 3->3->1 MB, 4 MB goal, 0 MB stacks, 0 MB globals, 8 P
gc 2667 @41.299s 1%: 0.097+0.50+0.12 ms clock, 0.77+0.59/0.56/0+0.97 ms cpu, 3->3->1 MB, 4 MB goal, 0 MB stacks, 0 MB globals, 8 P
gc 2668 @41.302s 1%: 0.085+0.50+0.073 ms clock, 0.68+0.66/0.61/0+0.58 ms cpu, 3->3->1 MB, 4 MB goal, 0 MB stacks, 0 MB globals, 8 P
gc 2669 @41.305s 1%: 0.11+0.52+0.073 ms clock, 0.95+0.66/0.60/0+0.58 ms cpu, 3->3->1 MB, 4 MB goal, 0 MB stacks, 0 MB globals, 8 P
gc 2670 @41.308s 1%: 0.077+0.37+0.063 ms clock, 0.62+0.64/0.56/0+0.50 ms cpu, 3->3->1 MB, 4 MB goal, 0 MB stacks, 0 MB globals, 8 P
gc 2671 @41.310s 1%: 0.10+0.47+0.037 ms clock, 0.81+0.62/0.66/0+0.29 ms cpu, 3->3->1 MB, 4 MB goal, 0 MB stacks, 0 MB globals, 8 P
gc 2672 @41.313s 1%: 0.079+0.49+0.092 ms clock, 0.63+0.62/0.58/0+0.74 ms cpu, 3->3->1 MB, 4 MB goal, 0 MB stacks, 0 MB globals, 8 P
gc 2673 @41.316s 1%: 0.093+0.48+0.11 ms clock, 0.74+0.71/0.56/0+0.89 ms cpu, 3->3->1 MB, 4 MB goal, 0 MB stacks, 0 MB globals, 8 P
gc 2674 @41.319s 1%: 0.13+0.47+0.059 ms clock, 1.0+0.75/0.54/0+0.47 ms cpu, 3->3->1 MB, 4 MB goal, 0 MB stacks, 0 MB globals, 8 P
gc 2675 @41.321s 1%: 0.088+0.56+0.088 ms clock, 0.70+0.64/0.64/0+0.71 ms cpu, 3->3->1 MB, 4 MB goal, 0 MB stacks, 0 MB globals, 8 P
gc 2676 @41.324s 1%: 0.10+0.87+0.077 ms clock, 0.80+0.62/0.51/0+0.61 ms cpu, 3->3->1 MB, 4 MB goal, 0 MB stacks, 0 MB globals, 8 P
gc 2677 @41.327s 1%: 0.10+0.57+0.098 ms clock, 0.87+0.63/0.71/0+0.79 ms cpu, 3->3->1 MB, 4 MB goal, 0 MB stacks, 0 MB globals, 8 P
gc 2678 @41.330s 1%: 0.10+0.84+0.080 ms clock, 0.81+0.62/0.64/0+0.64 ms cpu, 3->3->1 MB, 4 MB goal, 0 MB stacks, 0 MB globals, 8 P
gc 2679 @41.333s 1%: 0.083+0.51+0.089 ms clock, 0.66+0.67/0.63/0+0.71 ms cpu, 3->3->1 MB, 4 MB goal, 0 MB stacks, 0 MB globals, 8 P
gc 2680 @41.336s 1%: 0.099+0.53+0.11 ms clock, 0.79+0.69/0.67/0+0.89 ms cpu, 3->3->1 MB, 4 MB goal, 0 MB stacks, 0 MB globals, 8 P
gc 2681 @41.338s 1%: 0.061+0.86+0.10 ms clock, 0.49+0.64/0.65/0+0.80 ms cpu, 3->3->1 MB, 4 MB goal, 0 MB stacks, 0 MB globals, 8 P
gc 2682 @41.341s 1%: 0.089+0.51+0.097 ms clock, 0.71+0.71/0.65/0+0.77 ms cpu, 3->3->1 MB, 4 MB goal, 0 MB stacks, 0 MB globals, 8 P
gc 2683 @41.344s 1%: 0.10+0.50+0.072 ms clock, 0.82+0.69/0.60/0+0.58 ms cpu, 3->3->1 MB, 4 MB goal, 0 MB stacks, 0 MB globals, 8 P
gc 2684 @41.347s 1%: 0.077+0.47+0.082 ms clock, 0.62+0.71/0.54/0+0.65 ms cpu, 3->3->1 MB, 4 MB goal, 0 MB stacks, 0 MB globals, 8 P
gc 2685 @41.350s 1%: 0.091+0.50+0.049 ms clock, 0.73+0.61/0.56/0+0.39 ms cpu, 3->3->1 MB, 4 MB goal, 0 MB stacks, 0 MB globals, 8 P
gc 2686 @41.352s 1%: 0.078+0.57+0.13 ms clock, 0.62+0.58/0.72/0+1.0 ms cpu, 3->3->1 MB, 4 MB goal, 0 MB stacks, 0 MB globals, 8 P
gc 2687 @41.355s 1%: 0.10+0.49+0.099 ms clock, 0.84+0.65/0.58/0+0.79 ms cpu, 3->3->1 MB, 4 MB goal, 0 MB stacks, 0 MB globals, 8 P
gc 2688 @41.358s 1%: 0.11+0.46+0.091 ms clock, 0.95+0.63/0.65/0+0.73 ms cpu, 3->3->1 MB, 4 MB goal, 0 MB stacks, 0 MB globals, 8 P
gc 2689 @41.361s 1%: 0.098+0.99+0.072 ms clock, 0.79+0.57/0.63/0+0.58 ms cpu, 3->3->1 MB, 4 MB goal, 0 MB stacks, 0 MB globals, 8 P
gc 2690 @41.363s 1%: 0.10+0.42+0.086 ms clock, 0.80+0.68/0.61/0+0.68 ms cpu, 3->3->1 MB, 4 MB goal, 0 MB stacks, 0 MB globals, 8 P
gc 2691 @41.366s 1%: 0.065+0.40+0.10 ms clock, 0.52+0.67/0.52/0+0.80 ms cpu, 3->3->1 MB, 4 MB goal, 0 MB stacks, 0 MB globals, 8 P
gc 2692 @41.369s 1%: 0.086+0.53+0.10 ms clock, 0.68+0.60/0.69/0+0.82 ms cpu, 3->3->1 MB, 4 MB goal, 0 MB stacks, 0 MB globals, 8 P
gc 2693 @41.372s 1%: 0.11+0.82+0.10 ms clock, 0.89+0.75/0.55/0+0.81 ms cpu, 3->3->1 MB, 4 MB goal, 0 MB stacks, 0 MB globals, 8 P
gc 2694 @41.374s 1%: 0.12+0.82+0.078 ms clock, 1.0+0.57/0.67/0+0.63 ms cpu, 3->3->1 MB, 4 MB goal, 0 MB stacks, 0 MB globals, 8 P
gc 2695 @41.377s 1%: 0.57+0.34+0.098 ms clock, 4.6+0.69/0.94/0+0.78 ms cpu, 3->3->1 MB, 4 MB goal, 0 MB stacks, 0 MB globals, 8 P
gc 2696 @41.380s 1%: 0.086+0.54+0.11 ms clock, 0.69+0.73/0.59/0+0.95 ms cpu, 3->3->1 MB, 4 MB goal, 0 MB stacks, 0 MB globals, 8 P
gc 2697 @41.383s 1%: 0.11+0.43+0.10 ms clock, 0.95+0.55/0.63/0+0.87 ms cpu, 3->3->1 MB, 4 MB goal, 0 MB stacks, 0 MB globals, 8 P
gc 2698 @41.386s 1%: 0.073+0.71+0.040 ms clock, 0.58+0.63/0.66/0+0.32 ms cpu, 3->3->1 MB, 4 MB goal, 0 MB stacks, 0 MB globals, 8 P
gc 2699 @41.389s 1%: 0.13+0.52+0.048 ms clock, 1.1+0.53/0.70/0+0.38 ms cpu, 3->3->1 MB, 4 MB goal, 0 MB stacks, 0 MB globals, 8 P
gc 2700 @41.391s 1%: 0.10+0.65+0.090 ms clock, 0.85+0.47/0.57/0+0.72 ms cpu, 3->3->1 MB, 4 MB goal, 0 MB stacks, 0 MB globals, 8 P
gc 2701 @41.394s 1%: 0.10+0.55+0.088 ms clock, 0.86+0.67/0.52/0+0.70 ms cpu, 3->3->1 MB, 4 MB goal, 0 MB stacks, 0 MB globals, 8 P
gc 2702 @41.397s 1%: 0.10+0.55+0.10 ms clock, 0.84+0.69/0.58/0+0.80 ms cpu, 3->3->1 MB, 4 MB goal, 0 MB stacks, 0 MB globals, 8 P
gc 2703 @41.400s 1%: 0.077+0.42+0.055 ms clock, 0.62+0.58/0.61/0+0.44 ms cpu, 3->3->1 MB, 4 MB goal, 0 MB stacks, 0 MB globals, 8 P
gc 2704 @41.402s 1%: 0.10+0.50+0.096 ms clock, 0.80+0.66/0.64/0+0.77 ms cpu, 3->3->1 MB, 4 MB goal, 0 MB stacks, 0 MB globals, 8 P
gc 2705 @41.405s 1%: 0.078+0.50+0.047 ms clock, 0.62+0.68/0.60/0+0.38 ms cpu, 3->3->1 MB, 4 MB goal, 0 MB stacks, 0 MB globals, 8 P
gc 2706 @41.408s 1%: 0.10+0.45+0.11 ms clock, 0.86+0.63/0.65/0+0.89 ms cpu, 3->3->1 MB, 4 MB goal, 0 MB stacks, 0 MB globals, 8 P
gc 2707 @41.411s 1%: 0.075+0.55+0.10 ms clock, 0.60+0.55/0.62/0+0.82 ms cpu, 3->3->1 MB, 4 MB goal, 0 MB stacks, 0 MB globals, 8 P
gc 2708 @41.413s 1%: 0.10+0.50+0.099 ms clock, 0.80+0.55/0.65/0+0.79 ms cpu, 3->3->1 MB, 4 MB goal, 0 MB stacks, 0 MB globals, 8 P
gc 2709 @41.416s 1%: 0.090+0.43+0.082 ms clock, 0.72+0.73/0.55/0+0.66 ms cpu, 3->3->1 MB, 4 MB goal, 0 MB stacks, 0 MB globals, 8 P
gc 2710 @41.419s 1%: 0.11+0.60+0.076 ms clock, 0.95+0.70/0.66/0+0.61 ms cpu, 3->3->1 MB, 4 MB goal, 0 MB stacks, 0 MB globals, 8 P
gc 2711 @41.422s 1%: 0.072+0.44+0.12 ms clock, 0.58+0.56/0.56/0+0.99 ms cpu, 3->3->1 MB, 4 MB goal, 0 MB stacks, 0 MB globals, 8 P
gc 2712 @41.424s 1%: 0.098+0.54+0.10 ms clock, 0.79+0.50/0.67/0+0.80 ms cpu, 3->3->1 MB, 4 MB goal, 0 MB stacks, 0 MB globals, 8 P
gc 2713 @41.427s 1%: 0.082+0.49+0.044 ms clock, 0.65+0.67/0.52/0+0.35 ms cpu, 3->3->1 MB, 4 MB goal, 0 MB stacks, 0 MB globals, 8 P
gc 2714 @41.430s 1%: 0.068+0.65+0.090 ms clock, 0.54+0.71/0.60/0+0.72 ms cpu, 3->3->1 MB, 4 MB goal, 0 MB stacks, 0 MB globals, 8 P
gc 2715 @41.433s 1%: 0.085+0.46+0.063 ms clock, 0.68+0.62/0.60/0+0.50 ms cpu, 3->3->1 MB, 4 MB goal, 0 MB stacks, 0 MB globals, 8 P
gc 2716 @41.435s 1%: 0.094+0.44+0.056 ms clock, 0.75+0.67/0.62/0+0.45 ms cpu, 3->3->1 MB, 4 MB goal, 0 MB stacks, 0 MB globals, 8 P
gc 2717 @41.438s 1%: 0.10+0.43+0.091 ms clock, 0.86+0.65/0.58/0+0.73 ms cpu, 3->3->1 MB, 4 MB goal, 0 MB stacks, 0 MB globals, 8 P
gc 2718 @41.441s 1%: 0.10+0.77+0.11 ms clock, 0.86+0.61/0.71/0+0.95 ms cpu, 3->3->1 MB, 4 MB goal, 0 MB stacks, 0 MB globals, 8 P
gc 2719 @41.444s 1%: 0.098+0.56+0.11 ms clock, 0.78+0.62/0.66/0+0.90 ms cpu, 3->3->1 MB, 4 MB goal, 0 MB stacks, 0 MB globals, 8 P
gc 2720 @41.447s 1%: 0.10+0.48+0.10 ms clock, 0.87+0.61/0.58/0+0.84 ms cpu, 3->3->1 MB, 4 MB goal, 0 MB stacks, 0 MB globals, 8 P
gc 2721 @41.449s 1%: 0.14+0.52+0.079 ms clock, 1.1+0.73/0.64/0+0.63 ms cpu, 3->3->1 MB, 4 MB goal, 0 MB stacks, 0 MB globals, 8 P
gc 2722 @41.452s 1%: 0.12+0.54+0.065 ms clock, 0.96+0.72/0.62/0+0.52 ms cpu, 3->3->1 MB, 4 MB goal, 0 MB stacks, 0 MB globals, 8 P
gc 2723 @41.455s 1%: 0.069+0.54+0.058 ms clock, 0.55+0.54/0.61/0+0.46 ms cpu, 3->3->1 MB, 4 MB goal, 0 MB stacks, 0 MB globals, 8 P
gc 2724 @41.457s 1%: 0.076+1.0+0.079 ms clock, 0.61+0.61/0.70/0+0.63 ms cpu, 3->3->1 MB, 4 MB goal, 0 MB stacks, 0 MB globals, 8 P
gc 2725 @41.460s 1%: 0.092+0.81+0.077 ms clock, 0.73+0.69/0.58/0+0.61 ms cpu, 3->4->1 MB, 4 MB goal, 0 MB stacks, 0 MB globals, 8 P
gc 2726 @41.463s 1%: 0.092+0.40+0.11 ms clock, 0.74+0.65/0.51/0+0.93 ms cpu, 3->3->1 MB, 4 MB goal, 0 MB stacks, 0 MB globals, 8 P
gc 2727 @41.466s 1%: 0.11+0.44+0.094 ms clock, 0.91+0.67/0.57/0+0.75 ms cpu, 3->3->1 MB, 4 MB goal, 0 MB stacks, 0 MB globals, 8 P
gc 2728 @41.469s 1%: 0.11+0.79+0.067 ms clock, 0.91+0.64/0.71/0+0.53 ms cpu, 3->3->1 MB, 4 MB goal, 0 MB stacks, 0 MB globals, 8 P
gc 2729 @41.472s 1%: 0.10+0.68+0.049 ms clock, 0.86+0.73/0.59/0+0.39 ms cpu, 3->3->1 MB, 4 MB goal, 0 MB stacks, 0 MB globals, 8 P
gc 2730 @41.474s 1%: 0.11+0.80+0.086 ms clock, 0.91+0.58/0.65/0+0.69 ms cpu, 3->3->1 MB, 4 MB goal, 0 MB stacks, 0 MB globals, 8 P
gc 2731 @41.477s 1%: 0.11+0.37+0.055 ms clock, 0.89+0.69/0.57/0+0.44 ms cpu, 3->3->1 MB, 4 MB goal, 0 MB stacks, 0 MB globals, 8 P
gc 2732 @41.480s 1%: 0.10+0.63+0.090 ms clock, 0.81+0.73/0.54/0+0.72 ms cpu, 3->3->1 MB, 4 MB goal, 0 MB stacks, 0 MB globals, 8 P
gc 2733 @41.483s 1%: 0.12+0.56+0.10 ms clock, 0.98+0.67/0.54/0+0.81 ms cpu, 3->3->1 MB, 4 MB goal, 0 MB stacks, 0 MB globals, 8 P
gc 2734 @41.486s 1%: 0.11+0.87+0.074 ms clock, 0.94+0.76/0.50/0+0.59 ms cpu, 3->3->1 MB, 4 MB goal, 0 MB stacks, 0 MB globals, 8 P
gc 2735 @41.489s 1%: 0.10+0.48+0.084 ms clock, 0.83+0.67/0.57/0+0.67 ms cpu, 3->3->1 MB, 4 MB goal, 0 MB stacks, 0 MB globals, 8 P
gc 2736 @41.491s 1%: 0.10+0.48+0.074 ms clock, 0.81+0.74/0.57/0+0.59 ms cpu, 3->3->1 MB, 4 MB goal, 0 MB stacks, 0 MB globals, 8 P
gc 2737 @41.494s 1%: 0.10+0.50+0.057 ms clock, 0.83+0.71/0.62/0+0.45 ms cpu, 3->3->1 MB, 4 MB goal, 0 MB stacks, 0 MB globals, 8 P
gc 2738 @41.497s 1%: 0.11+0.67+0.13 ms clock, 0.89+0.69/0.56/0+1.0 ms cpu, 3->3->1 MB, 4 MB goal, 0 MB stacks, 0 MB globals, 8 P
gc 2739 @41.500s 1%: 0.10+0.51+0.10 ms clock, 0.85+0.62/0.56/0+0.81 ms cpu, 3->3->1 MB, 4 MB goal, 0 MB stacks, 0 MB globals, 8 P
gc 2740 @41.503s 1%: 0.067+0.37+0.061 ms clock, 0.53+0.56/0.49/0+0.48 ms cpu, 3->3->1 MB, 4 MB goal, 0 MB stacks, 0 MB globals, 8 P
gc 2741 @41.505s 1%: 0.097+0.46+0.081 ms clock, 0.78+0.58/0.48/0+0.65 ms cpu, 3->3->1 MB, 4 MB goal, 0 MB stacks, 0 MB globals, 8 P
gc 2742 @41.508s 1%: 0.11+0.52+0.10 ms clock, 0.89+0.64/0.63/0+0.86 ms cpu, 3->3->1 MB, 4 MB goal, 0 MB stacks, 0 MB globals, 8 P
gc 2743 @41.511s 1%: 0.12+0.83+0.035 ms clock, 1.0+0.57/0.59/0+0.28 ms cpu, 3->4->1 MB, 4 MB goal, 0 MB stacks, 0 MB globals, 8 P
gc 2744 @41.514s 1%: 0.13+0.49+0.13 ms clock, 1.1+0.69/0.59/0+1.0 ms cpu, 3->3->1 MB, 4 MB goal, 0 MB stacks, 0 MB globals, 8 P
gc 2745 @41.517s 1%: 0.080+0.51+0.10 ms clock, 0.64+0.49/0.58/0+0.80 ms cpu, 3->3->1 MB, 4 MB goal, 0 MB stacks, 0 MB globals, 8 P
gc 2746 @41.519s 1%: 0.081+0.74+0.077 ms clock, 0.65+0.61/0.70/0+0.62 ms cpu, 3->3->1 MB, 4 MB goal, 0 MB stacks, 0 MB globals, 8 P
gc 2747 @41.522s 1%: 0.10+0.73+0.072 ms clock, 0.84+0.47/0.63/0+0.57 ms cpu, 3->3->1 MB, 4 MB goal, 0 MB stacks, 0 MB globals, 8 P
gc 2748 @41.525s 1%: 0.11+0.54+0.10 ms clock, 0.89+0.59/0.62/0+0.83 ms cpu, 3->3->1 MB, 4 MB goal, 0 MB stacks, 0 MB globals, 8 P
gc 2749 @41.528s 1%: 0.10+0.48+0.090 ms clock, 0.85+0.69/0.64/0+0.72 ms cpu, 3->3->1 MB, 4 MB goal, 0 MB stacks, 0 MB globals, 8 P
gc 2750 @41.531s 1%: 0.062+0.46+0.052 ms clock, 0.49+0.67/0.58/0+0.42 ms cpu, 3->3->1 MB, 4 MB goal, 0 MB stacks, 0 MB globals, 8 P
gc 2751 @41.533s 1%: 0.065+0.56+0.11 ms clock, 0.52+0.71/0.70/0+0.92 ms cpu, 3->3->1 MB, 4 MB goal, 0 MB stacks, 0 MB globals, 8 P
gc 2752 @41.536s 1%: 0.076+0.55+0.045 ms clock, 0.60+0.62/0.67/0+0.36 ms cpu, 3->3->1 MB, 4 MB goal, 0 MB stacks, 0 MB globals, 8 P
gc 2753 @41.539s 1%: 0.098+0.75+0.10 ms clock, 0.78+0.31/0.62/0+0.83 ms cpu, 3->3->1 MB, 4 MB goal, 0 MB stacks, 0 MB globals, 8 P
gc 2754 @41.542s 1%: 0.081+0.64+0.066 ms clock, 0.64+0.64/0.59/0+0.53 ms cpu, 3->3->1 MB, 4 MB goal, 0 MB stacks, 0 MB globals, 8 P
gc 2755 @41.545s 1%: 0.085+0.46+0.047 ms clock, 0.68+0.72/0.57/0.002+0.37 ms cpu, 3->3->1 MB, 4 MB goal, 0 MB stacks, 0 MB globals, 8 P
gc 2756 @41.547s 1%: 0.16+0.57+0.076 ms clock, 1.2+0.63/0.57/0+0.61 ms cpu, 3->3->1 MB, 4 MB goal, 0 MB stacks, 0 MB globals, 8 P
gc 2757 @41.550s 1%: 0.097+0.51+0.12 ms clock, 0.78+0.60/0.61/0+1.0 ms cpu, 3->3->1 MB, 4 MB goal, 0 MB stacks, 0 MB globals, 8 P
gc 2758 @41.553s 1%: 0.094+0.49+0.10 ms clock, 0.75+0.68/0.56/0+0.85 ms cpu, 3->3->1 MB, 4 MB goal, 0 MB stacks, 0 MB globals, 8 P
gc 2759 @41.556s 1%: 0.12+0.49+0.087 ms clock, 0.98+0.74/0.55/0+0.70 ms cpu, 3->3->1 MB, 4 MB goal, 0 MB stacks, 0 MB globals, 8 P
gc 2760 @41.558s 1%: 0.073+0.51+0.052 ms clock, 0.58+0.68/0.57/0+0.41 ms cpu, 3->3->1 MB, 4 MB goal, 0 MB stacks, 0 MB globals, 8 P
gc 2761 @41.561s 1%: 0.11+0.59+0.075 ms clock, 0.89+0.70/0.59/0+0.60 ms cpu, 3->3->1 MB, 4 MB goal, 0 MB stacks, 0 MB globals, 8 P
gc 2762 @41.564s 1%: 0.082+0.45+0.10 ms clock, 0.65+0.58/0.57/0+0.84 ms cpu, 3->3->1 MB, 4 MB goal, 0 MB stacks, 0 MB globals, 8 P
gc 2763 @41.567s 1%: 0.11+0.70+0.075 ms clock, 0.95+0.56/0.65/0+0.60 ms cpu, 3->3->1 MB, 4 MB goal, 0 MB stacks, 0 MB globals, 8 P
gc 2764 @41.570s 1%: 0.11+0.71+0.080 ms clock, 0.89+0.72/0.63/0+0.64 ms cpu, 3->3->1 MB, 4 MB goal, 0 MB stacks, 0 MB globals, 8 P
gc 2765 @41.573s 1%: 0.073+0.57+0.11 ms clock, 0.59+0.74/0.51/0+0.88 ms cpu, 3->3->1 MB, 4 MB goal, 0 MB stacks, 0 MB globals, 8 P
gc 2766 @41.575s 1%: 0.12+0.52+0.072 ms clock, 1.0+0.67/0.60/0+0.58 ms cpu, 3->3->1 MB, 4 MB goal, 0 MB stacks, 0 MB globals, 8 P
gc 2767 @41.578s 1%: 0.10+0.46+0.093 ms clock, 0.80+0.54/0.58/0+0.75 ms cpu, 3->3->1 MB, 4 MB goal, 0 MB stacks, 0 MB globals, 8 P
gc 2768 @41.581s 1%: 0.10+0.55+0.11 ms clock, 0.83+0.64/0.64/0+0.95 ms cpu, 3->3->1 MB, 4 MB goal, 0 MB stacks, 0 MB globals, 8 P
gc 2769 @41.584s 1%: 0.11+0.37+0.096 ms clock, 0.91+0.66/0.49/0+0.77 ms cpu, 3->3->1 MB, 4 MB goal, 0 MB stacks, 0 MB globals, 8 P
gc 2770 @41.586s 1%: 0.10+0.79+0.11 ms clock, 0.86+0.75/0.69/0+0.91 ms cpu, 3->3->1 MB, 4 MB goal, 0 MB stacks, 0 MB globals, 8 P
gc 2771 @41.589s 1%: 0.090+0.52+0.10 ms clock, 0.72+0.55/0.59/0+0.80 ms cpu, 3->3->1 MB, 4 MB goal, 0 MB stacks, 0 MB globals, 8 P
gc 2772 @41.592s 1%: 0.080+0.41+0.10 ms clock, 0.64+0.70/0.57/0+0.86 ms cpu, 3->3->1 MB, 4 MB goal, 0 MB stacks, 0 MB globals, 8 P
gc 2773 @41.595s 1%: 0.086+0.48+0.085 ms clock, 0.69+0.77/0.54/0+0.68 ms cpu, 3->3->1 MB, 4 MB goal, 0 MB stacks, 0 MB globals, 8 P
gc 2774 @41.597s 1%: 0.079+0.85+0.097 ms clock, 0.63+0.73/0.59/0+0.77 ms cpu, 3->3->1 MB, 4 MB goal, 0 MB stacks, 0 MB globals, 8 P
gc 2775 @41.600s 1%: 0.10+0.71+0.033 ms clock, 0.86+0.72/0.59/0+0.27 ms cpu, 3->3->1 MB, 4 MB goal, 0 MB stacks, 0 MB globals, 8 P
gc 2776 @41.603s 1%: 0.11+0.69+0.072 ms clock, 0.90+0.61/0.67/0+0.58 ms cpu, 3->3->1 MB, 4 MB goal, 0 MB stacks, 0 MB globals, 8 P
gc 2777 @41.606s 1%: 0.064+0.74+0.088 ms clock, 0.51+0.66/0.58/0+0.70 ms cpu, 3->3->1 MB, 4 MB goal, 0 MB stacks, 0 MB globals, 8 P
gc 2778 @41.609s 1%: 0.11+0.53+0.077 ms clock, 0.90+0.63/0.61/0+0.62 ms cpu, 3->3->1 MB, 4 MB goal, 0 MB stacks, 0 MB globals, 8 P
gc 2779 @41.612s 1%: 0.11+0.47+0.062 ms clock, 0.90+0.71/0.55/0+0.50 ms cpu, 3->3->1 MB, 4 MB goal, 0 MB stacks, 0 MB globals, 8 P
gc 2780 @41.614s 1%: 0.072+0.40+0.056 ms clock, 0.57+0.70/0.57/0+0.44 ms cpu, 3->3->1 MB, 4 MB goal, 0 MB stacks, 0 MB globals, 8 P
gc 2781 @41.617s 1%: 0.098+0.69+0.068 ms clock, 0.78+0.65/0.60/0+0.54 ms cpu, 3->3->1 MB, 4 MB goal, 0 MB stacks, 0 MB globals, 8 P
gc 2782 @41.620s 1%: 0.10+0.82+0.076 ms clock, 0.86+0.72/0.64/0+0.60 ms cpu, 3->3->1 MB, 4 MB goal, 0 MB stacks, 0 MB globals, 8 P
gc 2783 @41.623s 1%: 0.11+0.46+0.12 ms clock, 0.91+0.65/0.65/0+0.99 ms cpu, 3->3->1 MB, 4 MB goal, 0 MB stacks, 0 MB globals, 8 P
gc 2784 @41.625s 1%: 0.12+0.68+0.057 ms clock, 0.97+0.58/0.72/0+0.46 ms cpu, 3->3->1 MB, 4 MB goal, 0 MB stacks, 0 MB globals, 8 P
gc 2785 @41.628s 1%: 0.11+0.44+0.10 ms clock, 0.91+0.62/0.57/0+0.81 ms cpu, 3->3->1 MB, 4 MB goal, 0 MB stacks, 0 MB globals, 8 P
gc 2786 @41.631s 1%: 0.082+0.45+0.10 ms clock, 0.65+0.63/0.58/0.007+0.84 ms cpu, 3->3->1 MB, 4 MB goal, 0 MB stacks, 0 MB globals, 8 P
gc 2787 @41.634s 1%: 0.097+0.50+0.13 ms clock, 0.78+0.73/0.61/0+1.0 ms cpu, 3->3->1 MB, 4 MB goal, 0 MB stacks, 0 MB globals, 8 P
gc 2788 @41.636s 1%: 0.076+0.51+0.064 ms clock, 0.61+0.70/0.57/0+0.51 ms cpu, 3->3->1 MB, 4 MB goal, 0 MB stacks, 0 MB globals, 8 P
gc 2789 @41.639s 1%: 0.10+0.46+0.077 ms clock, 0.86+0.65/0.63/0+0.61 ms cpu, 3->3->1 MB, 4 MB goal, 0 MB stacks, 0 MB globals, 8 P
gc 2790 @41.642s 1%: 0.070+0.54+0.084 ms clock, 0.56+0.65/0.66/0+0.67 ms cpu, 3->3->1 MB, 4 MB goal, 0 MB stacks, 0 MB globals, 8 P
gc 2791 @41.645s 1%: 0.086+0.51+0.080 ms clock, 0.69+0.70/0.55/0+0.64 ms cpu, 3->3->1 MB, 4 MB goal, 0 MB stacks, 0 MB globals, 8 P
gc 2792 @41.647s 1%: 0.078+0.40+0.10 ms clock, 0.63+0.64/0.60/0+0.87 ms cpu, 3->3->1 MB, 4 MB goal, 0 MB stacks, 0 MB globals, 8 P
gc 2793 @41.650s 1%: 0.076+0.64+0.048 ms clock, 0.61+0.66/0.56/0+0.38 ms cpu, 3->3->1 MB, 4 MB goal, 0 MB stacks, 0 MB globals, 8 P
gc 2794 @41.653s 1%: 0.099+0.75+0.087 ms clock, 0.79+0.54/0.49/0+0.70 ms cpu, 3->3->1 MB, 4 MB goal, 0 MB stacks, 0 MB globals, 8 P
gc 2795 @41.656s 1%: 0.043+0.51+0.071 ms clock, 0.34+0.62/0.57/0+0.56 ms cpu, 3->3->1 MB, 4 MB goal, 0 MB stacks, 0 MB globals, 8 P
gc 2796 @41.659s 1%: 0.078+0.46+0.046 ms clock, 0.63+0.55/0.51/0+0.37 ms cpu, 3->3->1 MB, 4 MB goal, 0 MB stacks, 0 MB globals, 8 P
gc 2797 @41.661s 1%: 0.060+0.43+0.099 ms clock, 0.48+0.57/0.49/0.14+0.79 ms cpu, 3->3->1 MB, 4 MB goal, 0 MB stacks, 0 MB globals, 8 P
gc 2798 @41.664s 1%: 0.082+0.44+0.034 ms clock, 0.65+0.55/0.62/0+0.27 ms cpu, 3->3->1 MB, 4 MB goal, 0 MB stacks, 0 MB globals, 8 P
gc 2799 @41.667s 1%: 0.11+0.76+0.055 ms clock, 0.94+0.64/0.57/0+0.44 ms cpu, 3->3->1 MB, 4 MB goal, 0 MB stacks, 0 MB globals, 8 P
gc 2800 @41.670s 1%: 0.076+0.52+0.092 ms clock, 0.61+0.72/0.58/0+0.73 ms cpu, 3->3->1 MB, 4 MB goal, 0 MB stacks, 0 MB globals, 8 P
gc 2801 @41.673s 1%: 0.10+0.76+0.093 ms clock, 0.81+0.54/0.61/0+0.74 ms cpu, 3->3->1 MB, 4 MB goal, 0 MB stacks, 0 MB globals, 8 P
gc 2802 @41.675s 1%: 0.099+0.50+0.096 ms clock, 0.79+0.59/0.58/0+0.77 ms cpu, 3->3->1 MB, 4 MB goal, 0 MB stacks, 0 MB globals, 8 P
gc 2803 @41.678s 1%: 0.10+0.53+0.065 ms clock, 0.86+0.56/0.61/0+0.52 ms cpu, 3->3->1 MB, 4 MB goal, 0 MB stacks, 0 MB globals, 8 P
gc 2804 @41.681s 1%: 0.10+0.61+0.12 ms clock, 0.86+0.73/0.75/0+1.0 ms cpu, 3->3->1 MB, 4 MB goal, 0 MB stacks, 0 MB globals, 8 P
gc 2805 @41.684s 1%: 0.11+0.58+0.079 ms clock, 0.88+0.58/0.70/0+0.63 ms cpu, 3->3->1 MB, 4 MB goal, 0 MB stacks, 0 MB globals, 8 P
gc 2806 @41.686s 1%: 0.11+0.51+0.083 ms clock, 0.95+0.66/0.62/0+0.66 ms cpu, 3->3->1 MB, 4 MB goal, 0 MB stacks, 0 MB globals, 8 P
gc 2807 @41.689s 1%: 0.077+0.45+0.099 ms clock, 0.61+0.68/0.59/0+0.79 ms cpu, 3->3->1 MB, 4 MB goal, 0 MB stacks, 0 MB globals, 8 P
gc 2808 @41.692s 1%: 0.085+0.52+0.096 ms clock, 0.68+0.64/0.62/0+0.77 ms cpu, 3->3->1 MB, 4 MB goal, 0 MB stacks, 0 MB globals, 8 P
gc 2809 @41.695s 1%: 0.12+0.46+0.079 ms clock, 1.0+0.56/0.66/0+0.63 ms cpu, 3->3->1 MB, 4 MB goal, 0 MB stacks, 0 MB globals, 8 P
gc 2810 @41.697s 1%: 0.098+0.54+0.10 ms clock, 0.78+0.64/0.68/0+0.85 ms cpu, 3->3->1 MB, 4 MB goal, 0 MB stacks, 0 MB globals, 8 P
gc 2811 @41.700s 1%: 0.10+0.58+0.062 ms clock, 0.84+0.59/0.73/0+0.50 ms cpu, 3->3->1 MB, 4 MB goal, 0 MB stacks, 0 MB globals, 8 P
gc 2812 @41.703s 1%: 0.10+0.57+0.091 ms clock, 0.85+0.61/0.64/0+0.73 ms cpu, 3->3->1 MB, 4 MB goal, 0 MB stacks, 0 MB globals, 8 P
gc 2813 @41.706s 1%: 0.10+0.49+0.095 ms clock, 0.82+0.58/0.60/0+0.76 ms cpu, 3->3->1 MB, 4 MB goal, 0 MB stacks, 0 MB globals, 8 P
gc 2814 @41.709s 1%: 0.11+0.54+0.10 ms clock, 0.95+0.70/0.59/0+0.82 ms cpu, 3->3->1 MB, 4 MB goal, 0 MB stacks, 0 MB globals, 8 P
gc 2815 @41.711s 1%: 0.10+0.51+0.098 ms clock, 0.85+0.69/0.63/0+0.79 ms cpu, 3->3->1 MB, 4 MB goal, 0 MB stacks, 0 MB globals, 8 P
gc 2816 @41.714s 1%: 0.097+0.68+0.050 ms clock, 0.78+0.75/0.47/0+0.40 ms cpu, 3->3->1 MB, 4 MB goal, 0 MB stacks, 0 MB globals, 8 P
gc 2817 @41.717s 1%: 0.10+0.43+0.088 ms clock, 0.83+0.70/0.52/0+0.70 ms cpu, 3->3->1 MB, 4 MB goal, 0 MB stacks, 0 MB globals, 8 P
gc 2818 @41.720s 1%: 0.13+0.47+0.081 ms clock, 1.0+0.68/0.53/0.021+0.65 ms cpu, 3->3->1 MB, 4 MB goal, 0 MB stacks, 0 MB globals, 8 P
gc 2819 @41.722s 1%: 0.091+0.60+0.065 ms clock, 0.73+0.65/0.74/0+0.52 ms cpu, 3->3->1 MB, 4 MB goal, 0 MB stacks, 0 MB globals, 8 P
gc 2820 @41.725s 1%: 0.11+0.55+0.13 ms clock, 0.92+0.75/0.61/0+1.0 ms cpu, 3->3->1 MB, 4 MB goal, 0 MB stacks, 0 MB globals, 8 P
gc 2821 @41.728s 1%: 0.10+0.61+0.089 ms clock, 0.84+0.54/0.65/0+0.71 ms cpu, 3->3->1 MB, 4 MB goal, 0 MB stacks, 0 MB globals, 8 P
gc 2822 @41.731s 1%: 0.087+0.54+0.10 ms clock, 0.70+0.69/0.53/0+0.87 ms cpu, 3->3->1 MB, 4 MB goal, 0 MB stacks, 0 MB globals, 8 P
gc 2823 @41.734s 1%: 0.099+0.69+0.10 ms clock, 0.79+0.52/0.63/0+0.86 ms cpu, 3->3->1 MB, 4 MB goal, 0 MB stacks, 0 MB globals, 8 P
gc 2824 @41.736s 1%: 0.11+0.77+0.094 ms clock, 0.94+0.56/0.72/0+0.75 ms cpu, 3->3->1 MB, 4 MB goal, 0 MB stacks, 0 MB globals, 8 P
gc 2825 @41.739s 1%: 0.11+0.52+0.048 ms clock, 0.91+0.71/0.52/0+0.39 ms cpu, 3->3->1 MB, 4 MB goal, 0 MB stacks, 0 MB globals, 8 P
gc 2826 @41.742s 1%: 0.095+0.59+0.007 ms clock, 0.76+0.64/0.67/0+0.062 ms cpu, 3->3->1 MB, 4 MB goal, 0 MB stacks, 0 MB globals, 8 P
gc 2827 @41.745s 1%: 0.10+0.57+0.091 ms clock, 0.80+0.56/0.61/0+0.73 ms cpu, 3->3->1 MB, 4 MB goal, 0 MB stacks, 0 MB globals, 8 P
gc 2828 @41.748s 1%: 0.10+0.98+0.088 ms clock, 0.83+0.62/0.62/0+0.70 ms cpu, 3->3->1 MB, 4 MB goal, 0 MB stacks, 0 MB globals, 8 P
gc 2829 @41.751s 1%: 0.12+0.58+0.076 ms clock, 0.96+0.65/0.57/0+0.61 ms cpu, 3->3->1 MB, 4 MB goal, 0 MB stacks, 0 MB globals, 8 P
gc 2830 @41.754s 1%: 0.085+0.97+0.10 ms clock, 0.68+0.75/0.54/0+0.81 ms cpu, 3->3->1 MB, 4 MB goal, 0 MB stacks, 0 MB globals, 8 P
gc 2831 @41.756s 1%: 0.10+0.43+0.042 ms clock, 0.80+0.61/0.61/0+0.33 ms cpu, 3->3->1 MB, 4 MB goal, 0 MB stacks, 0 MB globals, 8 P
gc 2832 @41.759s 1%: 0.10+0.43+0.11 ms clock, 0.83+0.64/0.59/0+0.95 ms cpu, 3->3->1 MB, 4 MB goal, 0 MB stacks, 0 MB globals, 8 P
gc 2833 @41.762s 1%: 0.16+0.42+0.11 ms clock, 1.2+0.58/0.60/0+0.95 ms cpu, 3->3->1 MB, 4 MB goal, 0 MB stacks, 0 MB globals, 8 P
gc 2834 @41.765s 1%: 0.11+0.50+0.077 ms clock, 0.92+0.68/0.56/0+0.61 ms cpu, 3->3->1 MB, 4 MB goal, 0 MB stacks, 0 MB globals, 8 P
gc 2835 @41.768s 1%: 0.11+0.91+0.078 ms clock, 0.93+0.49/0.74/0+0.62 ms cpu, 3->3->1 MB, 4 MB goal, 0 MB stacks, 0 MB globals, 8 P
gc 2836 @41.771s 1%: 0.086+0.51+0.076 ms clock, 0.69+0.65/0.66/0+0.61 ms cpu, 3->3->1 MB, 4 MB goal, 0 MB stacks, 0 MB globals, 8 P
gc 2837 @41.773s 1%: 0.10+0.85+0.083 ms clock, 0.81+0.69/0.70/0+0.67 ms cpu, 3->3->1 MB, 4 MB goal, 0 MB stacks, 0 MB globals, 8 P
gc 2838 @41.776s 1%: 0.092+0.49+0.089 ms clock, 0.74+0.67/0.55/0+0.71 ms cpu, 3->3->1 MB, 4 MB goal, 0 MB stacks, 0 MB globals, 8 P
gc 2839 @41.779s 1%: 0.091+0.73+0.079 ms clock, 0.72+0.48/0.75/0+0.63 ms cpu, 3->3->1 MB, 4 MB goal, 0 MB stacks, 0 MB globals, 8 P
gc 2840 @41.782s 1%: 0.090+0.54+0.12 ms clock, 0.72+0.58/0.64/0+1.0 ms cpu, 3->3->1 MB, 4 MB goal, 0 MB stacks, 0 MB globals, 8 P
gc 2841 @41.785s 1%: 0.079+0.96+0.039 ms clock, 0.63+0.63/0.63/0+0.31 ms cpu, 3->3->1 MB, 4 MB goal, 0 MB stacks, 0 MB globals, 8 P
gc 2842 @41.788s 1%: 0.076+0.54+0.060 ms clock, 0.61+0.72/0.58/0+0.48 ms cpu, 3->3->1 MB, 4 MB goal, 0 MB stacks, 0 MB globals, 8 P
gc 2843 @41.790s 1%: 0.10+0.72+0.074 ms clock, 0.81+0.63/0.62/0+0.59 ms cpu, 3->3->1 MB, 4 MB goal, 0 MB stacks, 0 MB globals, 8 P
gc 2844 @41.793s 1%: 0.11+0.59+0.089 ms clock, 0.94+0.71/0.63/0+0.71 ms cpu, 3->3->1 MB, 4 MB goal, 0 MB stacks, 0 MB globals, 8 P
gc 2845 @41.796s 1%: 0.071+0.41+0.072 ms clock, 0.56+0.67/0.58/0.003+0.58 ms cpu, 3->3->1 MB, 4 MB goal, 0 MB stacks, 0 MB globals, 8 P
gc 2846 @41.799s 1%: 0.092+0.89+0.072 ms clock, 0.74+0.52/0.64/0+0.57 ms cpu, 3->3->1 MB, 4 MB goal, 0 MB stacks, 0 MB globals, 8 P
gc 2847 @41.801s 1%: 0.10+0.39+0.091 ms clock, 0.82+0.62/0.56/0+0.72 ms cpu, 3->3->1 MB, 4 MB goal, 0 MB stacks, 0 MB globals, 8 P
gc 2848 @41.804s 1%: 0.086+0.45+0.12 ms clock, 0.69+0.67/0.57/0+1.0 ms cpu, 3->3->1 MB, 4 MB goal, 0 MB stacks, 0 MB globals, 8 P
gc 2849 @41.807s 1%: 0.084+0.71+0.081 ms clock, 0.67+0.65/0.62/0+0.65 ms cpu, 3->3->1 MB, 4 MB goal, 0 MB stacks, 0 MB globals, 8 P
gc 2850 @41.810s 1%: 0.10+0.76+0.026 ms clock, 0.82+0.59/0.62/0+0.20 ms cpu, 3->3->1 MB, 4 MB goal, 0 MB stacks, 0 MB globals, 8 P
gc 2851 @41.813s 1%: 0.071+0.84+0.087 ms clock, 0.56+0.85/0.92/0.002+0.69 ms cpu, 3->3->1 MB, 4 MB goal, 0 MB stacks, 0 MB globals, 8 P
gc 2852 @41.816s 1%: 0.091+0.48+0.12 ms clock, 0.73+0.67/0.61/0+1.0 ms cpu, 3->3->1 MB, 4 MB goal, 0 MB stacks, 0 MB globals, 8 P
gc 2853 @41.818s 1%: 0.13+0.45+0.11 ms clock, 1.0+0.69/0.59/0+0.92 ms cpu, 3->3->1 MB, 4 MB goal, 0 MB stacks, 0 MB globals, 8 P
gc 2854 @41.821s 1%: 0.12+0.56+0.10 ms clock, 0.99+0.63/0.71/0+0.87 ms cpu, 3->3->1 MB, 4 MB goal, 0 MB stacks, 0 MB globals, 8 P
gc 2855 @41.824s 1%: 0.091+0.58+0.086 ms clock, 0.73+0.75/0.58/0+0.68 ms cpu, 3->3->1 MB, 4 MB goal, 0 MB stacks, 0 MB globals, 8 P
gc 2856 @41.827s 1%: 0.069+0.58+0.10 ms clock, 0.55+0.70/0.60/0+0.85 ms cpu, 3->3->1 MB, 4 MB goal, 0 MB stacks, 0 MB globals, 8 P
gc 2857 @41.830s 1%: 0.082+0.41+0.062 ms clock, 0.65+0.70/0.53/0+0.50 ms cpu, 3->3->1 MB, 4 MB goal, 0 MB stacks, 0 MB globals, 8 P
gc 2858 @41.832s 1%: 0.078+0.50+0.069 ms clock, 0.62+0.65/0.58/0+0.55 ms cpu, 3->3->1 MB, 4 MB goal, 0 MB stacks, 0 MB globals, 8 P
gc 2859 @41.835s 1%: 0.10+0.94+0.097 ms clock, 0.87+0.55/0.63/0+0.78 ms cpu, 3->3->1 MB, 4 MB goal, 0 MB stacks, 0 MB globals, 8 P
gc 2860 @41.838s 1%: 0.074+0.46+0.065 ms clock, 0.59+0.67/0.50/0+0.52 ms cpu, 3->3->1 MB, 4 MB goal, 0 MB stacks, 0 MB globals, 8 P
gc 2861 @41.841s 1%: 0.10+0.57+0.088 ms clock, 0.80+0.68/0.55/0+0.71 ms cpu, 3->3->1 MB, 4 MB goal, 0 MB stacks, 0 MB globals, 8 P
gc 2862 @41.844s 1%: 0.10+0.42+0.097 ms clock, 0.84+0.62/0.58/0+0.77 ms cpu, 3->3->1 MB, 4 MB goal, 0 MB stacks, 0 MB globals, 8 P
gc 2863 @41.846s 1%: 0.10+0.55+0.096 ms clock, 0.81+0.69/0.61/0+0.77 ms cpu, 3->3->1 MB, 4 MB goal, 0 MB stacks, 0 MB globals, 8 P
gc 2864 @41.849s 1%: 0.11+0.51+0.088 ms clock, 0.90+0.55/0.59/0+0.70 ms cpu, 3->3->1 MB, 4 MB goal, 0 MB stacks, 0 MB globals, 8 P
gc 2865 @41.852s 1%: 0.097+0.72+0.11 ms clock, 0.78+0.68/0.57/0+0.88 ms cpu, 3->3->1 MB, 4 MB goal, 0 MB stacks, 0 MB globals, 8 P
gc 2866 @41.855s 1%: 0.071+0.80+0.063 ms clock, 0.57+0.68/0.60/0+0.50 ms cpu, 3->3->1 MB, 4 MB goal, 0 MB stacks, 0 MB globals, 8 P
gc 2867 @41.858s 1%: 0.099+0.44+0.092 ms clock, 0.79+0.65/0.53/0+0.73 ms cpu, 3->3->1 MB, 4 MB goal, 0 MB stacks, 0 MB globals, 8 P
gc 2868 @41.860s 1%: 0.097+0.41+0.10 ms clock, 0.77+0.58/0.53/0+0.83 ms cpu, 3->3->1 MB, 4 MB goal, 0 MB stacks, 0 MB globals, 8 P
gc 2869 @41.863s 1%: 0.10+0.46+0.044 ms clock, 0.83+0.73/0.55/0+0.35 ms cpu, 3->3->1 MB, 4 MB goal, 0 MB stacks, 0 MB globals, 8 P
gc 2870 @41.866s 1%: 0.11+0.48+0.10 ms clock, 0.88+0.68/0.56/0+0.85 ms cpu, 3->3->1 MB, 4 MB goal, 0 MB stacks, 0 MB globals, 8 P
gc 2871 @41.869s 1%: 0.065+0.44+0.070 ms clock, 0.52+0.75/0.47/0+0.56 ms cpu, 3->3->1 MB, 4 MB goal, 0 MB stacks, 0 MB globals, 8 P
gc 2872 @41.871s 1%: 0.089+0.67+0.050 ms clock, 0.71+0.71/0.50/0+0.40 ms cpu, 3->3->1 MB, 4 MB goal, 0 MB stacks, 0 MB globals, 8 P
gc 2873 @41.874s 1%: 0.11+0.49+0.093 ms clock, 0.88+0.70/0.60/0+0.74 ms cpu, 3->3->1 MB, 4 MB goal, 0 MB stacks, 0 MB globals, 8 P
gc 2874 @41.877s 1%: 0.11+0.45+0.090 ms clock, 0.92+0.65/0.63/0+0.72 ms cpu, 3->3->1 MB, 4 MB goal, 0 MB stacks, 0 MB globals, 8 P
gc 2875 @41.880s 1%: 0.089+0.52+0.11 ms clock, 0.71+0.71/0.57/0+0.92 ms cpu, 3->3->1 MB, 4 MB goal, 0 MB stacks, 0 MB globals, 8 P
gc 2876 @41.882s 1%: 0.067+0.95+0.051 ms clock, 0.54+0.56/0.63/0+0.41 ms cpu, 3->3->1 MB, 4 MB goal, 0 MB stacks, 0 MB globals, 8 P
gc 2877 @41.885s 1%: 0.088+0.62+0.10 ms clock, 0.70+0.68/0.61/0+0.83 ms cpu, 3->3->1 MB, 4 MB goal, 0 MB stacks, 0 MB globals, 8 P
gc 2878 @41.888s 1%: 0.093+0.51+0.078 ms clock, 0.74+0.66/0.58/0+0.63 ms cpu, 3->3->1 MB, 4 MB goal, 0 MB stacks, 0 MB globals, 8 P
gc 2879 @41.891s 1%: 0.12+0.44+0.062 ms clock, 1.0+0.74/0.52/0+0.50 ms cpu, 3->3->1 MB, 4 MB goal, 0 MB stacks, 0 MB globals, 8 P
gc 2880 @41.894s 1%: 0.076+0.60+0.089 ms clock, 0.61+0.57/0.73/0+0.71 ms cpu, 3->3->1 MB, 4 MB goal, 0 MB stacks, 0 MB globals, 8 P
gc 2881 @41.896s 1%: 0.12+0.47+0.060 ms clock, 1.0+0.67/0.55/0+0.48 ms cpu, 3->3->1 MB, 4 MB goal, 0 MB stacks, 0 MB globals, 8 P
gc 2882 @41.899s 1%: 0.11+0.50+0.066 ms clock, 0.94+0.68/0.57/0+0.52 ms cpu, 3->3->1 MB, 4 MB goal, 0 MB stacks, 0 MB globals, 8 P
gc 2883 @41.902s 1%: 0.096+0.39+0.11 ms clock, 0.77+0.61/0.60/0+0.90 ms cpu, 3->3->1 MB, 4 MB goal, 0 MB stacks, 0 MB globals, 8 P
gc 2884 @41.905s 1%: 0.079+0.55+0.10 ms clock, 0.63+0.72/0.71/0+0.80 ms cpu, 3->3->1 MB, 4 MB goal, 0 MB stacks, 0 MB globals, 8 P
gc 2885 @41.907s 1%: 0.085+0.42+0.085 ms clock, 0.68+0.72/0.54/0+0.68 ms cpu, 3->3->1 MB, 4 MB goal, 0 MB stacks, 0 MB globals, 8 P
gc 2886 @41.910s 1%: 0.13+0.39+0.044 ms clock, 1.0+0.59/0.59/0+0.35 ms cpu, 3->3->1 MB, 4 MB goal, 0 MB stacks, 0 MB globals, 8 P
gc 2887 @41.913s 1%: 0.11+0.54+0.067 ms clock, 0.88+0.68/0.51/0+0.54 ms cpu, 3->3->1 MB, 4 MB goal, 0 MB stacks, 0 MB globals, 8 P
gc 2888 @41.916s 1%: 0.099+0.50+0.071 ms clock, 0.79+0.56/0.65/0+0.57 ms cpu, 3->3->1 MB, 4 MB goal, 0 MB stacks, 0 MB globals, 8 P
gc 2889 @41.918s 1%: 0.073+0.42+0.081 ms clock, 0.58+0.68/0.55/0+0.64 ms cpu, 3->3->1 MB, 4 MB goal, 0 MB stacks, 0 MB globals, 8 P
gc 2890 @41.921s 1%: 0.086+0.49+0.073 ms clock, 0.69+0.58/0.64/0+0.58 ms cpu, 3->3->1 MB, 4 MB goal, 0 MB stacks, 0 MB globals, 8 P
gc 2891 @41.924s 1%: 0.099+0.51+0.10 ms clock, 0.79+0.57/0.67/0+0.81 ms cpu, 3->3->1 MB, 4 MB goal, 0 MB stacks, 0 MB globals, 8 P
gc 2892 @41.927s 1%: 0.097+0.48+0.10 ms clock, 0.77+0.69/0.60/0+0.82 ms cpu, 3->3->1 MB, 4 MB goal, 0 MB stacks, 0 MB globals, 8 P
gc 2893 @41.930s 1%: 0.11+0.54+0.11 ms clock, 0.93+0.59/0.67/0+0.92 ms cpu, 3->3->1 MB, 4 MB goal, 0 MB stacks, 0 MB globals, 8 P
gc 2894 @41.933s 1%: 0.091+0.50+0.080 ms clock, 0.73+0.64/0.65/0+0.64 ms cpu, 3->3->1 MB, 4 MB goal, 0 MB stacks, 0 MB globals, 8 P
gc 2895 @41.935s 1%: 0.063+0.46+0.085 ms clock, 0.50+0.67/0.57/0+0.68 ms cpu, 3->3->1 MB, 4 MB goal, 0 MB stacks, 0 MB globals, 8 P
gc 2896 @41.938s 1%: 0.092+0.46+0.078 ms clock, 0.74+0.62/0.63/0+0.62 ms cpu, 3->3->1 MB, 4 MB goal, 0 MB stacks, 0 MB globals, 8 P
gc 2897 @41.941s 1%: 0.087+0.45+0.052 ms clock, 0.70+0.66/0.57/0+0.41 ms cpu, 3->3->1 MB, 4 MB goal, 0 MB stacks, 0 MB globals, 8 P
gc 2898 @41.944s 1%: 0.11+0.54+0.064 ms clock, 0.92+0.71/0.64/0+0.51 ms cpu, 3->3->1 MB, 4 MB goal, 0 MB stacks, 0 MB globals, 8 P
gc 2899 @41.946s 1%: 0.12+0.48+0.096 ms clock, 1.0+0.54/0.63/0+0.77 ms cpu, 3->3->1 MB, 4 MB goal, 0 MB stacks, 0 MB globals, 8 P
gc 2900 @41.949s 1%: 0.10+0.78+0.091 ms clock, 0.81+0.66/0.58/0+0.73 ms cpu, 3->3->1 MB, 4 MB goal, 0 MB stacks, 0 MB globals, 8 P
gc 2901 @41.952s 1%: 0.12+0.59+0.10 ms clock, 0.98+0.61/0.65/0+0.82 ms cpu, 3->3->1 MB, 4 MB goal, 0 MB stacks, 0 MB globals, 8 P
gc 2902 @41.955s 1%: 0.060+0.48+0.093 ms clock, 0.48+0.69/0.58/0+0.74 ms cpu, 3->3->1 MB, 4 MB goal, 0 MB stacks, 0 MB globals, 8 P
gc 2903 @41.958s 1%: 0.082+0.45+0.11 ms clock, 0.65+0.51/0.62/0+0.90 ms cpu, 3->3->1 MB, 4 MB goal, 0 MB stacks, 0 MB globals, 8 P
gc 2904 @41.960s 1%: 0.11+0.47+0.090 ms clock, 0.88+0.60/0.62/0+0.72 ms cpu, 3->3->1 MB, 4 MB goal, 0 MB stacks, 0 MB globals, 8 P
gc 2905 @41.963s 1%: 0.10+0.53+0.10 ms clock, 0.87+0.77/0.69/0+0.84 ms cpu, 3->3->1 MB, 4 MB goal, 0 MB stacks, 0 MB globals, 8 P
gc 2906 @41.966s 1%: 0.084+0.73+0.086 ms clock, 0.67+0.72/0.63/0+0.68 ms cpu, 3->3->1 MB, 4 MB goal, 0 MB stacks, 0 MB globals, 8 P
gc 2907 @41.969s 1%: 0.088+0.55+0.094 ms clock, 0.70+0.60/0.66/0+0.75 ms cpu, 3->3->1 MB, 4 MB goal, 0 MB stacks, 0 MB globals, 8 P
gc 2908 @41.972s 1%: 0.10+0.51+0.087 ms clock, 0.80+0.79/0.67/0+0.69 ms cpu, 3->3->1 MB, 4 MB goal, 0 MB stacks, 0 MB globals, 8 P
gc 2909 @41.974s 1%: 0.069+0.46+0.081 ms clock, 0.55+0.70/0.61/0+0.65 ms cpu, 3->3->1 MB, 4 MB goal, 0 MB stacks, 0 MB globals, 8 P
gc 2910 @41.977s 1%: 0.061+0.55+0.082 ms clock, 0.49+0.64/0.64/0+0.66 ms cpu, 3->3->1 MB, 4 MB goal, 0 MB stacks, 0 MB globals, 8 P
gc 2911 @41.980s 1%: 0.10+0.46+0.071 ms clock, 0.86+0.72/0.55/0+0.56 ms cpu, 3->3->1 MB, 4 MB goal, 0 MB stacks, 0 MB globals, 8 P
gc 2912 @41.983s 1%: 0.054+0.46+0.10 ms clock, 0.43+0.73/0.56/0+0.83 ms cpu, 3->3->1 MB, 4 MB goal, 0 MB stacks, 0 MB globals, 8 P
gc 2913 @41.985s 1%: 0.098+0.52+0.085 ms clock, 0.78+0.65/0.58/0+0.68 ms cpu, 3->3->1 MB, 4 MB goal, 0 MB stacks, 0 MB globals, 8 P
gc 2914 @41.988s 1%: 0.096+0.47+0.10 ms clock, 0.77+0.74/0.56/0+0.87 ms cpu, 3->3->1 MB, 4 MB goal, 0 MB stacks, 0 MB globals, 8 P
gc 2915 @41.991s 1%: 0.090+0.53+0.073 ms clock, 0.72+0.68/0.55/0+0.59 ms cpu, 3->3->1 MB, 4 MB goal, 0 MB stacks, 0 MB globals, 8 P
gc 2916 @41.994s 1%: 0.087+0.55+0.095 ms clock, 0.70+0.64/0.63/0+0.76 ms cpu, 3->3->1 MB, 4 MB goal, 0 MB stacks, 0 MB globals, 8 P
gc 2917 @41.996s 1%: 0.068+0.51+0.10 ms clock, 0.54+0.60/0.67/0+0.80 ms cpu, 3->3->1 MB, 4 MB goal, 0 MB stacks, 0 MB globals, 8 P
gc 2918 @41.999s 1%: 0.11+0.47+0.060 ms clock, 0.91+0.64/0.54/0+0.48 ms cpu, 3->3->1 MB, 4 MB goal, 0 MB stacks, 0 MB globals, 8 P
gc 2919 @42.002s 1%: 0.079+0.53+0.11 ms clock, 0.63+0.69/0.55/0+0.92 ms cpu, 3->3->1 MB, 4 MB goal, 0 MB stacks, 0 MB globals, 8 P
gc 2920 @42.005s 1%: 0.071+0.55+0.11 ms clock, 0.57+0.71/0.67/0+0.92 ms cpu, 3->3->1 MB, 4 MB goal, 0 MB stacks, 0 MB globals, 8 P
gc 2921 @42.007s 1%: 0.10+0.50+0.092 ms clock, 0.82+0.68/0.57/0+0.74 ms cpu, 3->3->1 MB, 4 MB goal, 0 MB stacks, 0 MB globals, 8 P
gc 2922 @42.010s 1%: 0.13+0.46+0.085 ms clock, 1.0+0.63/0.57/0+0.68 ms cpu, 3->3->1 MB, 4 MB goal, 0 MB stacks, 0 MB globals, 8 P
gc 2923 @42.013s 1%: 0.15+0.48+0.061 ms clock, 1.2+0.72/0.61/0+0.49 ms cpu, 3->3->1 MB, 4 MB goal, 0 MB stacks, 0 MB globals, 8 P
gc 2924 @42.016s 1%: 0.082+0.52+0.10 ms clock, 0.65+0.70/0.60/0+0.84 ms cpu, 3->3->1 MB, 4 MB goal, 0 MB stacks, 0 MB globals, 8 P
gc 2925 @42.018s 1%: 0.095+0.53+0.10 ms clock, 0.76+0.65/0.56/0+0.86 ms cpu, 3->3->1 MB, 4 MB goal, 0 MB stacks, 0 MB globals, 8 P
gc 2926 @42.021s 1%: 0.10+0.52+0.073 ms clock, 0.87+0.69/0.62/0+0.58 ms cpu, 3->3->1 MB, 4 MB goal, 0 MB stacks, 0 MB globals, 8 P
gc 2927 @42.024s 1%: 0.094+0.51+0.053 ms clock, 0.75+0.69/0.64/0+0.43 ms cpu, 3->3->1 MB, 4 MB goal, 0 MB stacks, 0 MB globals, 8 P
gc 2928 @42.027s 1%: 0.069+0.88+0.058 ms clock, 0.55+0.76/0.54/0+0.47 ms cpu, 3->3->1 MB, 4 MB goal, 0 MB stacks, 0 MB globals, 8 P
gc 2929 @42.030s 1%: 0.10+0.47+0.088 ms clock, 0.80+0.67/0.54/0+0.70 ms cpu, 3->3->1 MB, 4 MB goal, 0 MB stacks, 0 MB globals, 8 P
gc 2930 @42.032s 1%: 0.083+0.54+0.099 ms clock, 0.66+0.65/0.64/0+0.79 ms cpu, 3->3->1 MB, 4 MB goal, 0 MB stacks, 0 MB globals, 8 P
gc 2931 @42.035s 1%: 0.11+0.74+0.091 ms clock, 0.90+0.69/0.70/0+0.73 ms cpu, 3->3->1 MB, 4 MB goal, 0 MB stacks, 0 MB globals, 8 P
gc 2932 @42.038s 1%: 0.083+0.43+0.098 ms clock, 0.66+0.58/0.60/0+0.78 ms cpu, 3->3->1 MB, 4 MB goal, 0 MB stacks, 0 MB globals, 8 P
gc 2933 @42.041s 1%: 0.091+0.53+0.10 ms clock, 0.73+0.55/0.70/0+0.87 ms cpu, 3->3->1 MB, 4 MB goal, 0 MB stacks, 0 MB globals, 8 P
gc 2934 @42.044s 1%: 0.11+0.40+0.093 ms clock, 0.88+0.61/0.59/0+0.74 ms cpu, 3->3->1 MB, 4 MB goal, 0 MB stacks, 0 MB globals, 8 P
gc 2935 @42.046s 1%: 0.097+0.49+0.051 ms clock, 0.78+0.63/0.64/0+0.41 ms cpu, 3->3->1 MB, 4 MB goal, 0 MB stacks, 0 MB globals, 8 P
gc 2936 @42.049s 1%: 0.075+0.53+0.081 ms clock, 0.60+0.67/0.62/0+0.65 ms cpu, 3->3->1 MB, 4 MB goal, 0 MB stacks, 0 MB globals, 8 P
gc 2937 @42.052s 1%: 0.091+0.43+0.070 ms clock, 0.73+0.77/0.51/0+0.56 ms cpu, 3->3->1 MB, 4 MB goal, 0 MB stacks, 0 MB globals, 8 P
gc 2938 @42.055s 1%: 0.085+0.46+0.068 ms clock, 0.68+0.57/0.50/0+0.54 ms cpu, 3->3->1 MB, 4 MB goal, 0 MB stacks, 0 MB globals, 8 P
gc 2939 @42.057s 1%: 0.11+0.54+0.066 ms clock, 0.92+0.59/0.58/0+0.53 ms cpu, 3->3->1 MB, 4 MB goal, 0 MB stacks, 0 MB globals, 8 P
gc 2940 @42.060s 1%: 0.12+0.60+0.086 ms clock, 0.99+0.70/0.62/0+0.69 ms cpu, 3->3->1 MB, 4 MB goal, 0 MB stacks, 0 MB globals, 8 P
gc 2941 @42.063s 1%: 0.066+0.45+0.063 ms clock, 0.53+0.64/0.59/0+0.50 ms cpu, 3->3->1 MB, 4 MB goal, 0 MB stacks, 0 MB globals, 8 P
gc 2942 @42.066s 1%: 0.096+0.48+0.057 ms clock, 0.77+0.57/0.64/0+0.46 ms cpu, 3->3->1 MB, 4 MB goal, 0 MB stacks, 0 MB globals, 8 P
gc 2943 @42.069s 1%: 0.10+0.50+0.070 ms clock, 0.82+0.66/0.58/0+0.56 ms cpu, 3->3->1 MB, 4 MB goal, 0 MB stacks, 0 MB globals, 8 P
gc 2944 @42.071s 1%: 0.096+0.39+0.073 ms clock, 0.77+0.61/0.55/0+0.58 ms cpu, 3->3->1 MB, 4 MB goal, 0 MB stacks, 0 MB globals, 8 P
gc 2945 @42.074s 1%: 0.10+0.59+0.081 ms clock, 0.84+0.64/0.65/0+0.64 ms cpu, 3->3->1 MB, 4 MB goal, 0 MB stacks, 0 MB globals, 8 P
gc 2946 @42.077s 1%: 0.089+0.41+0.038 ms clock, 0.71+0.72/0.57/0+0.30 ms cpu, 3->3->1 MB, 4 MB goal, 0 MB stacks, 0 MB globals, 8 P
gc 2947 @42.080s 1%: 0.098+0.52+0.11 ms clock, 0.78+0.70/0.58/0+0.88 ms cpu, 3->3->1 MB, 4 MB goal, 0 MB stacks, 0 MB globals, 8 P
gc 2948 @42.082s 1%: 0.063+0.50+0.096 ms clock, 0.50+0.57/0.56/0.004+0.77 ms cpu, 3->3->1 MB, 4 MB goal, 0 MB stacks, 0 MB globals, 8 P
gc 2949 @42.085s 1%: 0.10+0.47+0.060 ms clock, 0.84+0.65/0.63/0+0.48 ms cpu, 3->3->1 MB, 4 MB goal, 0 MB stacks, 0 MB globals, 8 P
gc 2950 @42.088s 1%: 0.12+0.50+0.054 ms clock, 1.0+0.73/0.57/0+0.43 ms cpu, 3->3->1 MB, 4 MB goal, 0 MB stacks, 0 MB globals, 8 P
gc 2951 @42.091s 1%: 0.081+0.40+0.052 ms clock, 0.65+0.72/0.52/0+0.41 ms cpu, 3->3->1 MB, 4 MB goal, 0 MB stacks, 0 MB globals, 8 P
gc 2952 @42.093s 1%: 0.12+0.48+0.097 ms clock, 1.0+0.71/0.63/0+0.77 ms cpu, 3->3->1 MB, 4 MB goal, 0 MB stacks, 0 MB globals, 8 P
gc 2953 @42.096s 1%: 0.093+0.47+0.092 ms clock, 0.74+0.64/0.62/0+0.73 ms cpu, 3->3->1 MB, 4 MB goal, 0 MB stacks, 0 MB globals, 8 P
gc 2954 @42.099s 1%: 0.087+0.50+0.088 ms clock, 0.70+0.59/0.69/0+0.70 ms cpu, 3->3->1 MB, 4 MB goal, 0 MB stacks, 0 MB globals, 8 P
gc 2955 @42.102s 1%: 0.094+0.52+0.074 ms clock, 0.75+0.59/0.63/0+0.59 ms cpu, 3->3->1 MB, 4 MB goal, 0 MB stacks, 0 MB globals, 8 P
gc 2956 @42.105s 1%: 0.12+0.51+0.073 ms clock, 0.98+0.57/0.66/0+0.59 ms cpu, 3->3->1 MB, 4 MB goal, 0 MB stacks, 0 MB globals, 8 P
gc 2957 @42.108s 1%: 0.11+0.50+0.087 ms clock, 0.92+0.61/0.60/0+0.69 ms cpu, 3->3->1 MB, 4 MB goal, 0 MB stacks, 0 MB globals, 8 P
gc 2958 @42.111s 1%: 0.068+0.48+0.080 ms clock, 0.54+0.73/0.54/0+0.64 ms cpu, 3->3->1 MB, 4 MB goal, 0 MB stacks, 0 MB globals, 8 P
gc 2959 @42.113s 1%: 0.10+0.48+0.055 ms clock, 0.87+0.75/0.58/0+0.44 ms cpu, 3->3->1 MB, 4 MB goal, 0 MB stacks, 0 MB globals, 8 P
gc 2960 @42.116s 1%: 0.10+0.57+0.087 ms clock, 0.85+0.65/0.70/0+0.70 ms cpu, 3->3->1 MB, 4 MB goal, 0 MB stacks, 0 MB globals, 8 P
gc 2961 @42.119s 1%: 0.10+0.43+0.12 ms clock, 0.84+0.63/0.51/0+1.0 ms cpu, 3->3->1 MB, 4 MB goal, 0 MB stacks, 0 MB globals, 8 P
gc 2962 @42.122s 1%: 0.11+0.46+0.10 ms clock, 0.95+0.62/0.59/0+0.83 ms cpu, 3->3->1 MB, 4 MB goal, 0 MB stacks, 0 MB globals, 8 P
gc 2963 @42.124s 1%: 0.10+0.57+0.092 ms clock, 0.81+0.62/0.69/0+0.74 ms cpu, 3->3->1 MB, 4 MB goal, 0 MB stacks, 0 MB globals, 8 P
gc 2964 @42.127s 1%: 0.055+0.48+0.061 ms clock, 0.44+0.69/0.63/0+0.49 ms cpu, 3->3->1 MB, 4 MB goal, 0 MB stacks, 0 MB globals, 8 P
gc 2965 @42.130s 1%: 0.089+0.47+0.075 ms clock, 0.71+0.62/0.54/0+0.60 ms cpu, 3->3->1 MB, 4 MB goal, 0 MB stacks, 0 MB globals, 8 P
gc 2966 @42.133s 1%: 0.090+0.45+0.092 ms clock, 0.72+0.74/0.53/0+0.74 ms cpu, 3->3->1 MB, 4 MB goal, 0 MB stacks, 0 MB globals, 8 P
gc 2967 @42.135s 1%: 0.10+0.45+0.10 ms clock, 0.85+0.59/0.62/0+0.83 ms cpu, 3->3->1 MB, 4 MB goal, 0 MB stacks, 0 MB globals, 8 P
gc 2968 @42.138s 1%: 0.092+0.56+0.092 ms clock, 0.73+0.59/0.61/0+0.73 ms cpu, 3->3->1 MB, 4 MB goal, 0 MB stacks, 0 MB globals, 8 P
gc 2969 @42.141s 1%: 0.068+0.54+0.057 ms clock, 0.54+0.68/0.66/0+0.45 ms cpu, 3->3->1 MB, 4 MB goal, 0 MB stacks, 0 MB globals, 8 P
gc 2970 @42.143s 1%: 0.074+0.77+0.076 ms clock, 0.59+0.73/0.62/0+0.61 ms cpu, 3->3->1 MB, 4 MB goal, 0 MB stacks, 0 MB globals, 8 P
gc 2971 @42.146s 1%: 0.11+0.44+0.083 ms clock, 0.89+0.67/0.61/0+0.67 ms cpu, 3->3->1 MB, 4 MB goal, 0 MB stacks, 0 MB globals, 8 P
gc 2972 @42.149s 1%: 0.068+0.50+0.086 ms clock, 0.54+0.67/0.58/0+0.69 ms cpu, 3->3->1 MB, 4 MB goal, 0 MB stacks, 0 MB globals, 8 P
gc 2973 @42.152s 1%: 0.10+0.41+0.065 ms clock, 0.81+0.67/0.54/0+0.52 ms cpu, 3->3->1 MB, 4 MB goal, 0 MB stacks, 0 MB globals, 8 P
gc 2974 @42.154s 1%: 0.10+0.51+0.080 ms clock, 0.87+0.65/0.67/0+0.64 ms cpu, 3->3->1 MB, 4 MB goal, 0 MB stacks, 0 MB globals, 8 P
gc 2975 @42.157s 1%: 0.089+0.57+0.084 ms clock, 0.71+0.61/0.65/0+0.67 ms cpu, 3->3->1 MB, 4 MB goal, 0 MB stacks, 0 MB globals, 8 P
gc 2976 @42.160s 1%: 0.068+0.45+0.059 ms clock, 0.54+0.81/0.55/0+0.47 ms cpu, 3->3->1 MB, 4 MB goal, 0 MB stacks, 0 MB globals, 8 P
gc 2977 @42.163s 1%: 0.094+0.63+0.083 ms clock, 0.75+0.68/0.74/0+0.66 ms cpu, 3->3->1 MB, 4 MB goal, 0 MB stacks, 0 MB globals, 8 P
gc 2978 @42.166s 1%: 0.058+0.46+0.040 ms clock, 0.46+0.62/0.52/0+0.32 ms cpu, 3->3->1 MB, 4 MB goal, 0 MB stacks, 0 MB globals, 8 P
gc 2979 @42.168s 1%: 0.061+0.45+0.099 ms clock, 0.49+0.68/0.56/0+0.79 ms cpu, 3->3->1 MB, 4 MB goal, 0 MB stacks, 0 MB globals, 8 P
gc 2980 @42.171s 1%: 0.10+0.67+0.093 ms clock, 0.86+0.67/0.63/0+0.75 ms cpu, 3->3->1 MB, 4 MB goal, 0 MB stacks, 0 MB globals, 8 P
gc 2981 @42.174s 1%: 0.083+0.51+0.13 ms clock, 0.67+0.68/0.55/0+1.0 ms cpu, 3->3->1 MB, 4 MB goal, 0 MB stacks, 0 MB globals, 8 P
gc 2982 @42.176s 1%: 0.087+0.60+0.039 ms clock, 0.70+0.69/0.64/0+0.31 ms cpu, 3->3->1 MB, 4 MB goal, 0 MB stacks, 0 MB globals, 8 P
gc 2983 @42.179s 1%: 0.076+0.45+0.069 ms clock, 0.61+0.73/0.58/0+0.55 ms cpu, 3->3->1 MB, 4 MB goal, 0 MB stacks, 0 MB globals, 8 P
gc 2984 @42.182s 1%: 0.089+0.55+0.060 ms clock, 0.71+0.58/0.65/0+0.48 ms cpu, 3->3->1 MB, 4 MB goal, 0 MB stacks, 0 MB globals, 8 P
gc 2985 @42.185s 1%: 0.062+0.56+0.10 ms clock, 0.50+0.66/0.59/0+0.81 ms cpu, 3->3->1 MB, 4 MB goal, 0 MB stacks, 0 MB globals, 8 P
gc 2986 @42.188s 1%: 0.077+0.55+0.11 ms clock, 0.62+0.69/0.64/0+0.89 ms cpu, 3->3->1 MB, 4 MB goal, 0 MB stacks, 0 MB globals, 8 P
gc 2987 @42.190s 1%: 0.11+0.54+0.11 ms clock, 0.88+0.65/0.62/0+0.93 ms cpu, 3->3->1 MB, 4 MB goal, 0 MB stacks, 0 MB globals, 8 P
gc 2988 @42.193s 1%: 0.10+0.40+0.082 ms clock, 0.82+0.65/0.59/0+0.66 ms cpu, 3->3->1 MB, 4 MB goal, 0 MB stacks, 0 MB globals, 8 P
gc 2989 @42.196s 1%: 0.077+0.55+0.099 ms clock, 0.62+0.62/0.63/0+0.79 ms cpu, 3->3->1 MB, 4 MB goal, 0 MB stacks, 0 MB globals, 8 P
gc 2990 @42.199s 1%: 0.11+0.51+0.073 ms clock, 0.91+0.63/0.64/0+0.58 ms cpu, 3->3->1 MB, 4 MB goal, 0 MB stacks, 0 MB globals, 8 P
gc 2991 @42.202s 1%: 0.060+0.40+0.093 ms clock, 0.48+0.65/0.56/0+0.74 ms cpu, 3->3->1 MB, 4 MB goal, 0 MB stacks, 0 MB globals, 8 P
gc 2992 @42.204s 1%: 0.096+0.56+0.11 ms clock, 0.77+0.69/0.62/0+0.90 ms cpu, 3->3->1 MB, 4 MB goal, 0 MB stacks, 0 MB globals, 8 P
gc 2993 @42.207s 1%: 0.073+0.63+0.082 ms clock, 0.59+0.61/0.76/0+0.66 ms cpu, 3->3->1 MB, 4 MB goal, 0 MB stacks, 0 MB globals, 8 P
gc 2994 @42.210s 1%: 0.092+0.50+0.046 ms clock, 0.74+0.55/0.63/0+0.37 ms cpu, 3->3->1 MB, 4 MB goal, 0 MB stacks, 0 MB globals, 8 P
gc 2995 @42.213s 1%: 0.067+0.42+0.061 ms clock, 0.53+0.78/0.51/0+0.49 ms cpu, 3->3->1 MB, 4 MB goal, 0 MB stacks, 0 MB globals, 8 P
gc 2996 @42.215s 1%: 0.078+0.54+0.060 ms clock, 0.62+0.65/0.59/0+0.48 ms cpu, 3->3->1 MB, 4 MB goal, 0 MB stacks, 0 MB globals, 8 P
gc 2997 @42.218s 1%: 0.12+0.49+0.12 ms clock, 0.98+0.61/0.50/0+0.96 ms cpu, 3->3->1 MB, 4 MB goal, 0 MB stacks, 0 MB globals, 8 P
gc 2998 @42.221s 1%: 0.069+0.53+0.097 ms clock, 0.55+0.56/0.75/0+0.77 ms cpu, 3->3->1 MB, 4 MB goal, 0 MB stacks, 0 MB globals, 8 P
gc 2999 @42.224s 1%: 0.074+0.47+0.11 ms clock, 0.59+0.71/0.55/0+0.88 ms cpu, 3->3->1 MB, 4 MB goal, 0 MB stacks, 0 MB globals, 8 P
gc 3000 @42.226s 1%: 0.13+0.34+0.045 ms clock, 1.1+0.72/0.47/0+0.36 ms cpu, 3->3->1 MB, 4 MB goal, 0 MB stacks, 0 MB globals, 8 P
gc 3001 @42.229s 1%: 0.069+0.56+0.087 ms clock, 0.55+0.71/0.62/0+0.70 ms cpu, 3->3->1 MB, 4 MB goal, 0 MB stacks, 0 MB globals, 8 P
gc 3002 @42.232s 1%: 0.11+0.51+0.084 ms clock, 0.92+0.62/0.62/0+0.67 ms cpu, 3->3->1 MB, 4 MB goal, 0 MB stacks, 0 MB globals, 8 P
gc 3003 @42.235s 1%: 0.066+0.68+0.089 ms clock, 0.52+0.56/0.61/0+0.71 ms cpu, 3->3->1 MB, 4 MB goal, 0 MB stacks, 0 MB globals, 8 P
gc 3004 @42.238s 1%: 0.10+0.45+0.028 ms clock, 0.82+0.56/0.66/0+0.22 ms cpu, 3->3->1 MB, 4 MB goal, 0 MB stacks, 0 MB globals, 8 P
gc 3005 @42.240s 1%: 0.10+0.49+0.11 ms clock, 0.87+0.70/0.61/0+0.95 ms cpu, 3->3->1 MB, 4 MB goal, 0 MB stacks, 0 MB globals, 8 P
gc 3006 @42.243s 1%: 0.10+0.42+0.098 ms clock, 0.86+0.67/0.53/0+0.79 ms cpu, 3->3->1 MB, 4 MB goal, 0 MB stacks, 0 MB globals, 8 P
gc 3007 @42.246s 1%: 0.090+0.44+0.040 ms clock, 0.72+0.62/0.60/0+0.32 ms cpu, 3->3->1 MB, 4 MB goal, 0 MB stacks, 0 MB globals, 8 P
gc 3008 @42.249s 1%: 0.080+0.54+0.10 ms clock, 0.64+0.58/0.71/0+0.84 ms cpu, 3->3->1 MB, 4 MB goal, 0 MB stacks, 0 MB globals, 8 P
gc 3009 @42.251s 1%: 0.077+0.52+0.12 ms clock, 0.62+0.69/0.62/0+0.98 ms cpu, 3->3->1 MB, 4 MB goal, 0 MB stacks, 0 MB globals, 8 P
gc 3010 @42.254s 1%: 0.11+0.44+0.041 ms clock, 0.90+0.60/0.60/0+0.33 ms cpu, 3->3->1 MB, 4 MB goal, 0 MB stacks, 0 MB globals, 8 P
gc 3011 @42.257s 1%: 0.10+0.50+0.084 ms clock, 0.83+0.77/0.57/0+0.67 ms cpu, 3->3->1 MB, 4 MB goal, 0 MB stacks, 0 MB globals, 8 P
gc 3012 @42.260s 1%: 0.070+0.52+0.084 ms clock, 0.56+0.73/0.66/0+0.67 ms cpu, 3->3->1 MB, 4 MB goal, 0 MB stacks, 0 MB globals, 8 P
gc 3013 @42.263s 1%: 0.087+0.50+0.090 ms clock, 0.70+0.66/0.63/0+0.72 ms cpu, 3->3->1 MB, 4 MB goal, 0 MB stacks, 0 MB globals, 8 P
gc 3014 @42.266s 1%: 0.054+0.57+0.11 ms clock, 0.43+0.62/0.68/0+0.91 ms cpu, 3->3->1 MB, 4 MB goal, 0 MB stacks, 0 MB globals, 8 P
gc 3015 @42.268s 1%: 0.089+0.51+0.096 ms clock, 0.71+0.60/0.62/0+0.77 ms cpu, 3->3->1 MB, 4 MB goal, 0 MB stacks, 0 MB globals, 8 P
gc 3016 @42.271s 1%: 0.14+0.52+0.091 ms clock, 1.1+0.66/0.55/0+0.73 ms cpu, 3->3->1 MB, 4 MB goal, 0 MB stacks, 0 MB globals, 8 P
gc 3017 @42.274s 1%: 0.12+0.50+0.11 ms clock, 0.97+0.78/0.54/0+0.89 ms cpu, 3->3->1 MB, 4 MB goal, 0 MB stacks, 0 MB globals, 8 P
gc 3018 @42.277s 1%: 0.085+0.57+0.093 ms clock, 0.68+0.59/0.69/0+0.74 ms cpu, 3->3->1 MB, 4 MB goal, 0 MB stacks, 0 MB globals, 8 P
gc 3019 @42.279s 1%: 0.091+0.49+0.11 ms clock, 0.73+0.57/0.60/0+0.90 ms cpu, 3->3->1 MB, 4 MB goal, 0 MB stacks, 0 MB globals, 8 P
gc 3020 @42.282s 1%: 0.12+0.58+0.088 ms clock, 0.96+0.64/0.60/0+0.70 ms cpu, 3->3->1 MB, 4 MB goal, 0 MB stacks, 0 MB globals, 8 P
gc 3021 @42.285s 1%: 0.087+0.37+0.064 ms clock, 0.69+0.67/0.56/0+0.51 ms cpu, 3->3->1 MB, 4 MB goal, 0 MB stacks, 0 MB globals, 8 P
gc 3022 @42.288s 1%: 0.10+0.49+0.076 ms clock, 0.85+0.77/0.70/0+0.61 ms cpu, 3->3->1 MB, 4 MB goal, 0 MB stacks, 0 MB globals, 8 P
gc 3023 @42.290s 1%: 0.10+0.56+0.10 ms clock, 0.81+0.58/0.74/0+0.86 ms cpu, 3->3->1 MB, 4 MB goal, 0 MB stacks, 0 MB globals, 8 P
gc 3024 @42.293s 1%: 0.065+0.38+0.093 ms clock, 0.52+0.78/0.54/0+0.75 ms cpu, 3->3->1 MB, 4 MB goal, 0 MB stacks, 0 MB globals, 8 P
gc 3025 @42.296s 1%: 0.095+0.49+0.093 ms clock, 0.76+0.62/0.62/0+0.74 ms cpu, 3->3->1 MB, 4 MB goal, 0 MB stacks, 0 MB globals, 8 P
gc 3026 @42.299s 1%: 0.11+0.52+0.098 ms clock, 0.95+0.65/0.59/0+0.78 ms cpu, 3->3->1 MB, 4 MB goal, 0 MB stacks, 0 MB globals, 8 P
gc 3027 @42.302s 1%: 0.084+0.42+0.097 ms clock, 0.67+0.68/0.61/0+0.78 ms cpu, 3->3->1 MB, 4 MB goal, 0 MB stacks, 0 MB globals, 8 P
gc 3028 @42.304s 1%: 0.073+1.0+0.076 ms clock, 0.58+0.58/0.65/0+0.61 ms cpu, 3->3->1 MB, 4 MB goal, 0 MB stacks, 0 MB globals, 8 P
gc 3029 @42.307s 1%: 0.087+0.39+0.080 ms clock, 0.70+0.70/0.56/0+0.64 ms cpu, 3->3->1 MB, 4 MB goal, 0 MB stacks, 0 MB globals, 8 P
gc 3030 @42.310s 1%: 0.10+0.50+0.088 ms clock, 0.84+0.74/0.60/0+0.70 ms cpu, 3->3->1 MB, 4 MB goal, 0 MB stacks, 0 MB globals, 8 P
gc 3031 @42.313s 1%: 0.13+0.43+0.069 ms clock, 1.1+0.53/0.60/0+0.55 ms cpu, 3->3->1 MB, 4 MB goal, 0 MB stacks, 0 MB globals, 8 P
gc 3032 @42.316s 1%: 0.097+0.40+0.074 ms clock, 0.78+0.77/0.46/0+0.59 ms cpu, 3->3->1 MB, 4 MB goal, 0 MB stacks, 0 MB globals, 8 P
gc 3033 @42.318s 1%: 0.14+0.50+0.10 ms clock, 1.1+0.61/0.60/0+0.86 ms cpu, 3->3->1 MB, 4 MB goal, 0 MB stacks, 0 MB globals, 8 P
gc 3034 @42.321s 1%: 0.080+0.50+0.10 ms clock, 0.64+0.71/0.60/0+0.87 ms cpu, 3->3->1 MB, 4 MB goal, 0 MB stacks, 0 MB globals, 8 P
gc 3035 @42.324s 1%: 0.069+0.53+0.074 ms clock, 0.55+0.51/0.57/0+0.59 ms cpu, 3->3->1 MB, 4 MB goal, 0 MB stacks, 0 MB globals, 8 P
gc 3036 @42.327s 1%: 0.10+0.42+0.058 ms clock, 0.82+0.70/0.54/0+0.46 ms cpu, 3->3->1 MB, 4 MB goal, 0 MB stacks, 0 MB globals, 8 P
gc 3037 @42.329s 1%: 0.14+0.73+0.094 ms clock, 1.1+0.62/0.56/0+0.75 ms cpu, 3->3->1 MB, 4 MB goal, 0 MB stacks, 0 MB globals, 8 P
gc 3038 @42.332s 1%: 0.12+0.50+0.049 ms clock, 0.96+0.70/0.64/0+0.39 ms cpu, 3->3->1 MB, 4 MB goal, 0 MB stacks, 0 MB globals, 8 P
gc 3039 @42.335s 1%: 0.11+0.54+0.080 ms clock, 0.95+0.65/0.70/0+0.64 ms cpu, 3->3->1 MB, 4 MB goal, 0 MB stacks, 0 MB globals, 8 P
gc 3040 @42.338s 1%: 0.14+0.60+0.096 ms clock, 1.1+0.67/0.70/0+0.77 ms cpu, 3->3->1 MB, 4 MB goal, 0 MB stacks, 0 MB globals, 8 P
gc 3041 @42.341s 1%: 0.063+0.46+0.049 ms clock, 0.50+0.83/0.60/0+0.39 ms cpu, 3->3->1 MB, 4 MB goal, 0 MB stacks, 0 MB globals, 8 P
gc 3042 @42.343s 1%: 0.11+0.41+0.12 ms clock, 0.88+0.74/0.51/0+0.97 ms cpu, 3->3->1 MB, 4 MB goal, 0 MB stacks, 0 MB globals, 8 P
gc 3043 @42.346s 1%: 0.050+0.60+0.098 ms clock, 0.40+0.68/0.58/0+0.78 ms cpu, 3->3->1 MB, 4 MB goal, 0 MB stacks, 0 MB globals, 8 P
gc 3044 @42.349s 1%: 0.090+0.54+0.11 ms clock, 0.72+0.72/0.64/0+0.91 ms cpu, 3->3->1 MB, 4 MB goal, 0 MB stacks, 0 MB globals, 8 P
gc 3045 @42.352s 1%: 0.075+0.57+0.075 ms clock, 0.60+0.69/0.68/0+0.60 ms cpu, 3->3->1 MB, 4 MB goal, 0 MB stacks, 0 MB globals, 8 P
gc 3046 @42.355s 1%: 0.088+0.63+0.041 ms clock, 0.71+0.68/0.65/0+0.33 ms cpu, 3->3->1 MB, 4 MB goal, 0 MB stacks, 0 MB globals, 8 P
gc 3047 @42.357s 1%: 0.062+0.64+0.066 ms clock, 0.49+0.71/0.50/0+0.53 ms cpu, 3->3->1 MB, 4 MB goal, 0 MB stacks, 0 MB globals, 8 P
gc 3048 @42.360s 1%: 0.12+0.64+0.057 ms clock, 1.0+0.54/0.63/0+0.45 ms cpu, 3->3->1 MB, 4 MB goal, 0 MB stacks, 0 MB globals, 8 P
gc 3049 @42.363s 1%: 0.11+0.63+0.13 ms clock, 0.93+0.65/0.69/0+1.0 ms cpu, 3->3->1 MB, 4 MB goal, 0 MB stacks, 0 MB globals, 8 P
gc 3050 @42.366s 1%: 0.083+0.57+0.11 ms clock, 0.66+0.66/0.69/0+0.88 ms cpu, 3->3->1 MB, 4 MB goal, 0 MB stacks, 0 MB globals, 8 P
gc 3051 @42.369s 1%: 0.11+0.99+0.095 ms clock, 0.89+0.68/0.57/0+0.76 ms cpu, 3->3->1 MB, 4 MB goal, 0 MB stacks, 0 MB globals, 8 P
gc 3052 @42.372s 1%: 0.079+0.73+0.085 ms clock, 0.63+0.52/0.70/0+0.68 ms cpu, 3->3->1 MB, 4 MB goal, 0 MB stacks, 0 MB globals, 8 P
gc 3053 @42.374s 1%: 0.081+0.73+0.076 ms clock, 0.64+0.62/0.66/0+0.61 ms cpu, 3->3->1 MB, 4 MB goal, 0 MB stacks, 0 MB globals, 8 P
gc 3054 @42.377s 1%: 0.14+0.61+0.068 ms clock, 1.1+0.70/0.58/0+0.54 ms cpu, 3->3->1 MB, 4 MB goal, 0 MB stacks, 0 MB globals, 8 P
gc 3055 @42.380s 1%: 0.10+0.55+0.077 ms clock, 0.83+0.57/0.60/0+0.62 ms cpu, 3->3->1 MB, 4 MB goal, 0 MB stacks, 0 MB globals, 8 P
gc 3056 @42.383s 1%: 0.063+0.50+0.10 ms clock, 0.50+0.61/0.57/0+0.85 ms cpu, 3->3->1 MB, 4 MB goal, 0 MB stacks, 0 MB globals, 8 P
gc 3057 @42.386s 1%: 0.11+0.57+0.082 ms clock, 0.90+0.68/0.59/0+0.66 ms cpu, 3->3->1 MB, 4 MB goal, 0 MB stacks, 0 MB globals, 8 P
gc 3058 @42.388s 1%: 0.076+0.55+0.073 ms clock, 0.60+0.62/0.71/0+0.58 ms cpu, 3->3->1 MB, 4 MB goal, 0 MB stacks, 0 MB globals, 8 P
gc 3059 @42.391s 1%: 0.12+0.43+0.052 ms clock, 0.97+0.64/0.60/0+0.41 ms cpu, 3->3->1 MB, 4 MB goal, 0 MB stacks, 0 MB globals, 8 P
gc 3060 @42.394s 1%: 0.11+0.63+0.10 ms clock, 0.89+0.64/0.55/0+0.82 ms cpu, 3->3->1 MB, 4 MB goal, 0 MB stacks, 0 MB globals, 8 P
gc 3061 @42.397s 1%: 0.097+0.53+0.15 ms clock, 0.77+0.67/0.61/0+1.2 ms cpu, 3->3->1 MB, 4 MB goal, 0 MB stacks, 0 MB globals, 8 P
gc 3062 @42.400s 1%: 0.087+0.70+0.12 ms clock, 0.69+0.65/0.65/0+0.96 ms cpu, 3->3->1 MB, 4 MB goal, 0 MB stacks, 0 MB globals, 8 P
gc 3063 @42.402s 1%: 0.080+0.47+0.10 ms clock, 0.64+0.70/0.62/0+0.82 ms cpu, 3->3->1 MB, 4 MB goal, 0 MB stacks, 0 MB globals, 8 P
gc 3064 @42.405s 1%: 0.092+1.0+0.064 ms clock, 0.74+0.52/0.70/0+0.51 ms cpu, 3->3->1 MB, 4 MB goal, 0 MB stacks, 0 MB globals, 8 P
gc 3065 @42.408s 1%: 0.096+0.39+0.13 ms clock, 0.76+0.61/0.55/0+1.0 ms cpu, 3->3->1 MB, 4 MB goal, 0 MB stacks, 0 MB globals, 8 P
gc 3066 @42.411s 1%: 0.099+0.54+0.052 ms clock, 0.79+0.63/0.63/0+0.42 ms cpu, 3->3->1 MB, 4 MB goal, 0 MB stacks, 0 MB globals, 8 P
gc 3067 @42.413s 1%: 0.11+0.84+0.080 ms clock, 0.94+0.63/0.59/0+0.64 ms cpu, 3->3->1 MB, 4 MB goal, 0 MB stacks, 0 MB globals, 8 P
gc 3068 @42.416s 1%: 0.14+0.47+0.086 ms clock, 1.1+0.55/0.64/0+0.69 ms cpu, 3->3->1 MB, 4 MB goal, 0 MB stacks, 0 MB globals, 8 P
gc 3069 @42.419s 1%: 0.092+0.51+0.018 ms clock, 0.74+0.68/0.53/0+0.14 ms cpu, 3->3->1 MB, 4 MB goal, 0 MB stacks, 0 MB globals, 8 P
gc 3070 @42.422s 1%: 0.087+0.56+0.10 ms clock, 0.70+0.66/0.65/0+0.85 ms cpu, 3->3->1 MB, 4 MB goal, 0 MB stacks, 0 MB globals, 8 P
gc 3071 @42.425s 1%: 0.10+0.56+0.092 ms clock, 0.86+0.62/0.68/0+0.74 ms cpu, 3->3->1 MB, 4 MB goal, 0 MB stacks, 0 MB globals, 8 P
gc 3072 @42.428s 1%: 0.097+0.45+0.10 ms clock, 0.77+0.60/0.55/0+0.85 ms cpu, 3->3->1 MB, 4 MB goal, 0 MB stacks, 0 MB globals, 8 P
gc 3073 @42.430s 1%: 0.14+0.44+0.071 ms clock, 1.1+0.66/0.54/0+0.57 ms cpu, 3->3->1 MB, 4 MB goal, 0 MB stacks, 0 MB globals, 8 P
gc 3074 @42.433s 1%: 0.079+0.52+0.091 ms clock, 0.63+0.69/0.66/0+0.72 ms cpu, 3->3->1 MB, 4 MB goal, 0 MB stacks, 0 MB globals, 8 P
gc 3075 @42.436s 1%: 0.11+0.40+0.070 ms clock, 0.95+0.53/0.59/0+0.56 ms cpu, 3->3->1 MB, 4 MB goal, 0 MB stacks, 0 MB globals, 8 P
gc 3076 @42.439s 1%: 0.095+0.48+0.099 ms clock, 0.76+0.58/0.63/0+0.79 ms cpu, 3->3->1 MB, 4 MB goal, 0 MB stacks, 0 MB globals, 8 P
gc 3077 @42.441s 1%: 0.071+0.48+0.083 ms clock, 0.57+0.64/0.63/0+0.66 ms cpu, 3->3->1 MB, 4 MB goal, 0 MB stacks, 0 MB globals, 8 P
gc 3078 @42.444s 1%: 0.11+0.50+0.090 ms clock, 0.89+0.72/0.56/0+0.72 ms cpu, 3->3->1 MB, 4 MB goal, 0 MB stacks, 0 MB globals, 8 P
gc 3079 @42.447s 1%: 0.12+0.50+0.091 ms clock, 1.0+0.70/0.60/0+0.73 ms cpu, 3->3->1 MB, 4 MB goal, 0 MB stacks, 0 MB globals, 8 P
gc 3080 @42.450s 1%: 0.12+0.54+0.096 ms clock, 0.96+0.53/0.66/0+0.77 ms cpu, 3->3->1 MB, 4 MB goal, 0 MB stacks, 0 MB globals, 8 P
gc 3081 @42.452s 1%: 0.053+0.54+0.093 ms clock, 0.42+0.66/0.57/0+0.74 ms cpu, 3->3->1 MB, 4 MB goal, 0 MB stacks, 0 MB globals, 8 P
gc 3082 @42.455s 1%: 0.10+0.84+0.089 ms clock, 0.82+0.68/0.58/0+0.71 ms cpu, 3->3->1 MB, 4 MB goal, 0 MB stacks, 0 MB globals, 8 P
gc 3083 @42.458s 1%: 0.098+0.76+0.098 ms clock, 0.78+0.73/0.54/0+0.78 ms cpu, 3->3->1 MB, 4 MB goal, 0 MB stacks, 0 MB globals, 8 P
gc 3084 @42.461s 1%: 0.079+0.66+0.082 ms clock, 0.63+0.68/0.67/0+0.65 ms cpu, 3->3->1 MB, 4 MB goal, 0 MB stacks, 0 MB globals, 8 P
gc 3085 @42.464s 1%: 0.10+0.50+0.035 ms clock, 0.87+0.54/0.65/0+0.28 ms cpu, 3->3->1 MB, 4 MB goal, 0 MB stacks, 0 MB globals, 8 P
gc 3086 @42.467s 1%: 0.11+0.53+0.073 ms clock, 0.90+0.62/0.64/0+0.58 ms cpu, 3->3->1 MB, 4 MB goal, 0 MB stacks, 0 MB globals, 8 P
gc 3087 @42.469s 1%: 0.074+0.63+0.066 ms clock, 0.59+0.79/0.59/0+0.53 ms cpu, 3->3->1 MB, 4 MB goal, 0 MB stacks, 0 MB globals, 8 P
gc 3088 @42.472s 1%: 0.12+0.45+0.12 ms clock, 0.96+0.64/0.57/0+1.0 ms cpu, 3->3->1 MB, 4 MB goal, 0 MB stacks, 0 MB globals, 8 P
gc 3089 @42.475s 1%: 0.098+0.45+0.046 ms clock, 0.78+0.66/0.61/0+0.36 ms cpu, 3->3->1 MB, 4 MB goal, 0 MB stacks, 0 MB globals, 8 P
gc 3090 @42.478s 1%: 0.092+0.43+0.090 ms clock, 0.74+0.61/0.59/0+0.72 ms cpu, 3->3->1 MB, 4 MB goal, 0 MB stacks, 0 MB globals, 8 P
gc 3091 @42.480s 1%: 0.10+0.38+0.11 ms clock, 0.87+0.67/0.53/0+0.95 ms cpu, 3->3->1 MB, 4 MB goal, 0 MB stacks, 0 MB globals, 8 P
gc 3092 @42.483s 1%: 0.059+0.65+0.074 ms clock, 0.47+0.60/0.56/0+0.59 ms cpu, 3->3->1 MB, 4 MB goal, 0 MB stacks, 0 MB globals, 8 P
gc 3093 @42.486s 1%: 0.084+0.47+0.10 ms clock, 0.67+0.72/0.51/0+0.84 ms cpu, 3->3->1 MB, 4 MB goal, 0 MB stacks, 0 MB globals, 8 P
gc 3094 @42.489s 1%: 0.12+0.83+0.076 ms clock, 1.0+0.69/0.59/0+0.61 ms cpu, 3->3->1 MB, 4 MB goal, 0 MB stacks, 0 MB globals, 8 P
gc 3095 @42.492s 1%: 0.064+0.71+0.11 ms clock, 0.51+0.54/0.57/0+0.88 ms cpu, 3->3->1 MB, 4 MB goal, 0 MB stacks, 0 MB globals, 8 P
gc 3096 @42.494s 1%: 0.11+0.45+0.10 ms clock, 0.93+0.76/0.54/0+0.86 ms cpu, 3->3->1 MB, 4 MB goal, 0 MB stacks, 0 MB globals, 8 P
gc 3097 @42.497s 1%: 0.064+0.55+0.094 ms clock, 0.51+0.71/0.68/0+0.75 ms cpu, 3->3->1 MB, 4 MB goal, 0 MB stacks, 0 MB globals, 8 P
gc 3098 @42.500s 1%: 0.081+0.91+0.096 ms clock, 0.65+0.52/0.65/0+0.77 ms cpu, 3->3->1 MB, 4 MB goal, 0 MB stacks, 0 MB globals, 8 P
gc 3099 @42.503s 1%: 0.098+0.66+0.048 ms clock, 0.78+0.71/0.73/0+0.38 ms cpu, 3->3->1 MB, 4 MB goal, 0 MB stacks, 0 MB globals, 8 P
gc 3100 @42.506s 1%: 0.093+0.58+0.037 ms clock, 0.74+0.60/0.72/0+0.30 ms cpu, 3->3->1 MB, 4 MB goal, 0 MB stacks, 0 MB globals, 8 P
gc 3101 @42.509s 1%: 0.11+0.52+0.072 ms clock, 0.94+0.65/0.65/0+0.57 ms cpu, 3->3->1 MB, 4 MB goal, 0 MB stacks, 0 MB globals, 8 P
gc 3102 @42.511s 1%: 0.12+0.37+0.065 ms clock, 0.98+0.68/0.53/0+0.52 ms cpu, 3->3->1 MB, 4 MB goal, 0 MB stacks, 0 MB globals, 8 P
gc 3103 @42.514s 1%: 0.11+0.76+0.11 ms clock, 0.92+0.58/0.56/0+0.91 ms cpu, 3->3->1 MB, 4 MB goal, 0 MB stacks, 0 MB globals, 8 P
gc 3104 @42.517s 1%: 0.098+0.56+0.11 ms clock, 0.78+0.70/0.62/0+0.88 ms cpu, 3->3->1 MB, 4 MB goal, 0 MB stacks, 0 MB globals, 8 P
gc 3105 @42.520s 1%: 0.11+0.80+0.087 ms clock, 0.90+0.55/0.62/0+0.69 ms cpu, 3->3->1 MB, 4 MB goal, 0 MB stacks, 0 MB globals, 8 P
gc 3106 @42.523s 1%: 0.12+0.46+0.12 ms clock, 0.99+0.75/0.49/0+0.96 ms cpu, 3->3->1 MB, 4 MB goal, 0 MB stacks, 0 MB globals, 8 P
gc 3107 @42.525s 1%: 0.10+0.48+0.085 ms clock, 0.83+0.61/0.60/0+0.68 ms cpu, 3->3->1 MB, 4 MB goal, 0 MB stacks, 0 MB globals, 8 P
gc 3108 @42.528s 1%: 0.10+0.46+0.11 ms clock, 0.81+0.75/0.57/0+0.94 ms cpu, 3->3->1 MB, 4 MB goal, 0 MB stacks, 0 MB globals, 8 P
gc 3109 @42.531s 1%: 0.068+0.52+0.077 ms clock, 0.54+0.63/0.60/0+0.62 ms cpu, 3->3->1 MB, 4 MB goal, 0 MB stacks, 0 MB globals, 8 P
gc 3110 @42.534s 1%: 0.12+0.59+0.10 ms clock, 1.0+0.47/0.73/0+0.80 ms cpu, 3->3->1 MB, 4 MB goal, 0 MB stacks, 0 MB globals, 8 P
gc 3111 @42.537s 1%: 0.11+0.69+0.099 ms clock, 0.95+0.57/0.67/0+0.79 ms cpu, 3->3->1 MB, 4 MB goal, 0 MB stacks, 0 MB globals, 8 P
gc 3112 @42.539s 1%: 0.11+0.47+0.080 ms clock, 0.93+0.69/0.49/0+0.64 ms cpu, 3->3->1 MB, 4 MB goal, 0 MB stacks, 0 MB globals, 8 P
gc 3113 @42.542s 1%: 0.099+0.53+0.040 ms clock, 0.79+0.69/0.63/0+0.32 ms cpu, 3->3->1 MB, 4 MB goal, 0 MB stacks, 0 MB globals, 8 P
gc 3114 @42.545s 1%: 0.10+0.48+0.082 ms clock, 0.87+0.66/0.49/0+0.66 ms cpu, 3->3->1 MB, 4 MB goal, 0 MB stacks, 0 MB globals, 8 P
gc 3115 @42.548s 1%: 0.14+0.47+0.070 ms clock, 1.1+0.68/0.66/0+0.56 ms cpu, 3->3->1 MB, 4 MB goal, 0 MB stacks, 0 MB globals, 8 P
gc 3116 @42.551s 1%: 0.082+0.40+0.046 ms clock, 0.66+0.63/0.56/0+0.36 ms cpu, 3->3->1 MB, 4 MB goal, 0 MB stacks, 0 MB globals, 8 P
gc 3117 @42.553s 1%: 0.095+0.67+0.093 ms clock, 0.76+0.64/0.64/0+0.74 ms cpu, 3->3->1 MB, 4 MB goal, 0 MB stacks, 0 MB globals, 8 P
gc 3118 @42.556s 1%: 0.11+0.37+0.11 ms clock, 0.94+0.67/0.47/0+0.93 ms cpu, 3->3->1 MB, 4 MB goal, 0 MB stacks, 0 MB globals, 8 P
gc 3119 @42.559s 1%: 0.075+0.39+0.080 ms clock, 0.60+0.70/0.55/0+0.64 ms cpu, 3->3->1 MB, 4 MB goal, 0 MB stacks, 0 MB globals, 8 P
gc 3120 @42.562s 1%: 0.082+0.52+0.089 ms clock, 0.65+0.67/0.54/0+0.71 ms cpu, 3->3->1 MB, 4 MB goal, 0 MB stacks, 0 MB globals, 8 P
gc 3121 @42.564s 1%: 0.12+0.74+0.031 ms clock, 1.0+0.59/0.68/0+0.24 ms cpu, 3->3->1 MB, 4 MB goal, 0 MB stacks, 0 MB globals, 8 P
gc 3122 @42.567s 1%: 0.083+0.63+0.10 ms clock, 0.66+0.73/0.55/0+0.80 ms cpu, 3->3->1 MB, 4 MB goal, 0 MB stacks, 0 MB globals, 8 P
gc 3123 @42.570s 1%: 0.10+0.45+0.087 ms clock, 0.85+0.63/0.64/0+0.70 ms cpu, 3->3->1 MB, 4 MB goal, 0 MB stacks, 0 MB globals, 8 P
gc 3124 @42.573s 1%: 0.071+0.50+0.090 ms clock, 0.57+0.61/0.59/0+0.72 ms cpu, 3->3->1 MB, 4 MB goal, 0 MB stacks, 0 MB globals, 8 P
gc 3125 @42.575s 1%: 0.081+0.57+0.081 ms clock, 0.65+0.60/0.73/0+0.65 ms cpu, 3->3->1 MB, 4 MB goal, 0 MB stacks, 0 MB globals, 8 P
gc 3126 @42.578s 1%: 0.075+0.99+0.10 ms clock, 0.60+0.51/0.71/0+0.85 ms cpu, 3->4->1 MB, 4 MB goal, 0 MB stacks, 0 MB globals, 8 P
gc 3127 @42.581s 1%: 0.11+0.62+0.022 ms clock, 0.90+0.64/0.60/0+0.17 ms cpu, 3->3->1 MB, 4 MB goal, 0 MB stacks, 0 MB globals, 8 P
gc 3128 @42.584s 1%: 0.13+0.42+0.069 ms clock, 1.0+0.56/0.57/0+0.55 ms cpu, 3->3->1 MB, 4 MB goal, 0 MB stacks, 0 MB globals, 8 P
gc 3129 @42.587s 1%: 0.10+0.76+0.090 ms clock, 0.82+0.70/0.59/0+0.72 ms cpu, 3->3->1 MB, 4 MB goal, 0 MB stacks, 0 MB globals, 8 P
gc 3130 @42.590s 1%: 0.072+0.65+0.062 ms clock, 0.57+0.69/0.65/0+0.50 ms cpu, 3->3->1 MB, 4 MB goal, 0 MB stacks, 0 MB globals, 8 P
gc 3131 @42.592s 1%: 0.10+0.47+0.099 ms clock, 0.86+0.66/0.63/0+0.79 ms cpu, 3->3->1 MB, 4 MB goal, 0 MB stacks, 0 MB globals, 8 P
gc 3132 @42.595s 1%: 0.073+0.35+0.040 ms clock, 0.58+0.75/0.51/0+0.32 ms cpu, 3->3->1 MB, 4 MB goal, 0 MB stacks, 0 MB globals, 8 P
gc 3133 @42.598s 1%: 0.097+0.61+0.083 ms clock, 0.78+0.64/0.59/0+0.66 ms cpu, 3->3->1 MB, 4 MB goal, 0 MB stacks, 0 MB globals, 8 P
gc 3134 @42.601s 1%: 0.10+0.49+0.10 ms clock, 0.86+0.67/0.56/0+0.84 ms cpu, 3->3->1 MB, 4 MB goal, 0 MB stacks, 0 MB globals, 8 P
gc 3135 @42.603s 1%: 0.098+0.46+0.092 ms clock, 0.78+0.68/0.55/0+0.73 ms cpu, 3->3->1 MB, 4 MB goal, 0 MB stacks, 0 MB globals, 8 P
gc 3136 @42.606s 1%: 0.075+0.50+0.094 ms clock, 0.60+0.66/0.62/0+0.75 ms cpu, 3->3->1 MB, 4 MB goal, 0 MB stacks, 0 MB globals, 8 P
gc 3137 @42.609s 1%: 0.078+0.49+0.088 ms clock, 0.62+0.71/0.62/0+0.71 ms cpu, 3->3->1 MB, 4 MB goal, 0 MB stacks, 0 MB globals, 8 P
gc 3138 @42.612s 1%: 0.10+0.36+0.089 ms clock, 0.82+0.61/0.57/0+0.71 ms cpu, 3->3->1 MB, 4 MB goal, 0 MB stacks, 0 MB globals, 8 P
gc 3139 @42.615s 1%: 0.094+0.75+0.098 ms clock, 0.75+0.50/0.73/0+0.78 ms cpu, 3->3->1 MB, 4 MB goal, 0 MB stacks, 0 MB globals, 8 P
gc 3140 @42.617s 1%: 0.083+0.98+0.055 ms clock, 0.67+0.77/1.1/0+0.44 ms cpu, 3->3->1 MB, 4 MB goal, 0 MB stacks, 0 MB globals, 8 P
gc 3141 @42.620s 1%: 0.12+0.51+0.047 ms clock, 0.98+0.62/0.62/0+0.38 ms cpu, 3->3->1 MB, 4 MB goal, 0 MB stacks, 0 MB globals, 8 P
gc 3142 @42.623s 1%: 0.14+0.66+0.094 ms clock, 1.1+0.69/0.61/0+0.75 ms cpu, 3->3->1 MB, 4 MB goal, 0 MB stacks, 0 MB globals, 8 P
gc 3143 @42.626s 1%: 0.097+0.54+0.056 ms clock, 0.77+0.67/0.60/0.003+0.44 ms cpu, 3->3->1 MB, 4 MB goal, 0 MB stacks, 0 MB globals, 8 P
gc 3144 @42.629s 1%: 0.13+0.45+0.10 ms clock, 1.0+0.63/0.54/0+0.80 ms cpu, 3->3->1 MB, 4 MB goal, 0 MB stacks, 0 MB globals, 8 P
gc 3145 @42.631s 1%: 0.057+0.64+0.078 ms clock, 0.45+1.0/0.68/0+0.62 ms cpu, 3->3->1 MB, 4 MB goal, 0 MB stacks, 0 MB globals, 8 P
gc 3146 @42.634s 1%: 0.12+0.54+0.11 ms clock, 1.0+0.71/0.61/0+0.91 ms cpu, 3->3->1 MB, 4 MB goal, 0 MB stacks, 0 MB globals, 8 P
gc 3147 @42.637s 1%: 0.087+0.81+0.092 ms clock, 0.70+0.97/0.58/0.062+0.73 ms cpu, 3->3->1 MB, 4 MB goal, 0 MB stacks, 0 MB globals, 8 P
gc 3148 @42.640s 1%: 0.10+0.86+0.098 ms clock, 0.85+0.55/0.56/0+0.79 ms cpu, 3->3->1 MB, 4 MB goal, 0 MB stacks, 0 MB globals, 8 P
gc 3149 @42.643s 1%: 0.097+0.58+0.10 ms clock, 0.77+0.70/0.60/0+0.84 ms cpu, 3->3->1 MB, 4 MB goal, 0 MB stacks, 0 MB globals, 8 P
gc 3150 @42.645s 1%: 0.087+0.52+0.062 ms clock, 0.69+0.78/0.55/0+0.50 ms cpu, 3->3->1 MB, 4 MB goal, 0 MB stacks, 0 MB globals, 8 P
gc 3151 @42.648s 1%: 0.068+0.32+0.078 ms clock, 0.54+0.69/0.40/0.053+0.62 ms cpu, 3->3->1 MB, 4 MB goal, 0 MB stacks, 0 MB globals, 8 P
gc 3152 @42.651s 1%: 0.10+0.70+0.084 ms clock, 0.84+0.70/0.54/0+0.67 ms cpu, 3->3->1 MB, 4 MB goal, 0 MB stacks, 0 MB globals, 8 P
gc 3153 @42.654s 1%: 0.10+0.43+0.10 ms clock, 0.85+0.56/0.63/0+0.81 ms cpu, 3->3->1 MB, 4 MB goal, 0 MB stacks, 0 MB globals, 8 P
gc 3154 @42.657s 1%: 0.094+0.43+0.093 ms clock, 0.75+0.71/0.49/0+0.75 ms cpu, 3->3->1 MB, 4 MB goal, 0 MB stacks, 0 MB globals, 8 P
gc 3155 @42.659s 1%: 0.082+0.53+0.14 ms clock, 0.66+0.62/0.63/0+1.1 ms cpu, 3->3->1 MB, 4 MB goal, 0 MB stacks, 0 MB globals, 8 P
gc 3156 @42.662s 1%: 0.089+0.87+0.026 ms clock, 0.71+0.47/0.65/0+0.20 ms cpu, 3->3->1 MB, 4 MB goal, 0 MB stacks, 0 MB globals, 8 P
gc 3157 @42.665s 1%: 0.094+1.0+0.081 ms clock, 0.75+0.50/0.67/0+0.64 ms cpu, 3->3->1 MB, 4 MB goal, 0 MB stacks, 0 MB globals, 8 P
gc 3158 @42.668s 1%: 0.12+0.51+0.089 ms clock, 0.97+0.71/0.57/0+0.71 ms cpu, 3->3->1 MB, 4 MB goal, 0 MB stacks, 0 MB globals, 8 P
gc 3159 @42.670s 1%: 0.081+0.48+0.060 ms clock, 0.64+0.56/0.61/0+0.48 ms cpu, 3->3->1 MB, 4 MB goal, 0 MB stacks, 0 MB globals, 8 P
gc 3160 @42.673s 1%: 0.12+0.63+0.079 ms clock, 0.98+0.61/0.66/0+0.63 ms cpu, 3->3->1 MB, 4 MB goal, 0 MB stacks, 0 MB globals, 8 P
gc 3161 @42.676s 1%: 0.10+0.68+0.042 ms clock, 0.84+0.65/0.60/0+0.34 ms cpu, 3->3->1 MB, 4 MB goal, 0 MB stacks, 0 MB globals, 8 P
gc 3162 @42.679s 1%: 0.094+0.63+0.056 ms clock, 0.75+0.65/0.58/0+0.45 ms cpu, 3->3->1 MB, 4 MB goal, 0 MB stacks, 0 MB globals, 8 P
gc 3163 @42.682s 1%: 0.11+0.68+0.095 ms clock, 0.91+0.61/0.59/0+0.76 ms cpu, 3->3->1 MB, 4 MB goal, 0 MB stacks, 0 MB globals, 8 P
gc 3164 @42.684s 1%: 0.12+0.53+0.073 ms clock, 0.98+0.59/0.62/0+0.58 ms cpu, 3->3->1 MB, 4 MB goal, 0 MB stacks, 0 MB globals, 8 P
gc 3165 @42.687s 1%: 0.097+0.61+0.091 ms clock, 0.77+0.58/0.62/0+0.73 ms cpu, 3->3->1 MB, 4 MB goal, 0 MB stacks, 0 MB globals, 8 P
gc 3166 @42.690s 1%: 0.12+0.53+0.084 ms clock, 0.98+0.60/0.60/0+0.67 ms cpu, 3->3->1 MB, 4 MB goal, 0 MB stacks, 0 MB globals, 8 P
gc 3167 @42.693s 1%: 0.095+0.72+0.091 ms clock, 0.76+0.65/0.58/0+0.72 ms cpu, 3->3->1 MB, 4 MB goal, 0 MB stacks, 0 MB globals, 8 P
gc 3168 @42.696s 1%: 0.11+0.51+0.094 ms clock, 0.90+0.63/0.58/0+0.75 ms cpu, 3->3->1 MB, 4 MB goal, 0 MB stacks, 0 MB globals, 8 P
gc 3169 @42.698s 1%: 0.066+0.44+0.099 ms clock, 0.53+0.69/0.55/0+0.79 ms cpu, 3->3->1 MB, 4 MB goal, 0 MB stacks, 0 MB globals, 8 P
gc 3170 @42.701s 1%: 0.11+0.52+0.13 ms clock, 0.91+0.62/0.65/0+1.0 ms cpu, 3->3->1 MB, 4 MB goal, 0 MB stacks, 0 MB globals, 8 P
gc 3171 @42.704s 1%: 0.12+0.55+0.082 ms clock, 1.0+0.64/0.68/0+0.65 ms cpu, 3->3->1 MB, 4 MB goal, 0 MB stacks, 0 MB globals, 8 P
gc 3172 @42.707s 1%: 0.10+0.54+0.050 ms clock, 0.81+0.64/0.65/0+0.40 ms cpu, 3->3->1 MB, 4 MB goal, 0 MB stacks, 0 MB globals, 8 P
gc 3173 @42.709s 1%: 0.084+0.76+0.061 ms clock, 0.67+0.62/0.59/0+0.49 ms cpu, 3->3->1 MB, 4 MB goal, 0 MB stacks, 0 MB globals, 8 P
gc 3174 @42.712s 1%: 0.062+0.62+0.098 ms clock, 0.50+0.39/0.66/0+0.78 ms cpu, 3->3->1 MB, 4 MB goal, 0 MB stacks, 0 MB globals, 8 P
gc 3175 @42.715s 1%: 0.12+0.68+0.097 ms clock, 0.96+0.64/0.59/0+0.77 ms cpu, 3->3->1 MB, 4 MB goal, 0 MB stacks, 0 MB globals, 8 P
gc 3176 @42.718s 1%: 0.088+0.89+0.021 ms clock, 0.70+0.72/0.60/0+0.17 ms cpu, 3->3->1 MB, 4 MB goal, 0 MB stacks, 0 MB globals, 8 P
gc 3177 @42.721s 1%: 0.097+0.49+0.075 ms clock, 0.77+0.68/0.61/0+0.60 ms cpu, 3->3->1 MB, 4 MB goal, 0 MB stacks, 0 MB globals, 8 P
gc 3178 @42.723s 1%: 0.13+0.86+0.086 ms clock, 1.0+0.58/0.72/0+0.69 ms cpu, 3->3->1 MB, 4 MB goal, 0 MB stacks, 0 MB globals, 8 P
gc 3179 @42.726s 1%: 0.076+0.46+0.054 ms clock, 0.61+0.67/0.63/0+0.43 ms cpu, 3->3->1 MB, 4 MB goal, 0 MB stacks, 0 MB globals, 8 P
gc 3180 @42.729s 1%: 0.094+0.85+0.093 ms clock, 0.75+0.66/0.66/0+0.75 ms cpu, 3->3->1 MB, 4 MB goal, 0 MB stacks, 0 MB globals, 8 P
gc 3181 @42.732s 1%: 0.10+0.42+0.095 ms clock, 0.81+0.67/0.57/0+0.76 ms cpu, 3->3->1 MB, 4 MB goal, 0 MB stacks, 0 MB globals, 8 P
gc 3182 @42.735s 1%: 0.097+0.58+0.063 ms clock, 0.77+0.70/0.60/0+0.51 ms cpu, 3->3->1 MB, 4 MB goal, 0 MB stacks, 0 MB globals, 8 P
gc 3183 @42.737s 1%: 0.18+0.58+0.054 ms clock, 1.5+0.51/0.64/0+0.43 ms cpu, 3->3->1 MB, 4 MB goal, 0 MB stacks, 0 MB globals, 8 P
gc 3184 @42.740s 1%: 0.12+0.64+0.072 ms clock, 0.97+0.62/0.53/0+0.58 ms cpu, 3->3->1 MB, 4 MB goal, 0 MB stacks, 0 MB globals, 8 P
gc 3185 @42.743s 1%: 0.096+0.56+0.10 ms clock, 0.77+0.56/0.66/0+0.86 ms cpu, 3->3->1 MB, 4 MB goal, 0 MB stacks, 0 MB globals, 8 P
gc 3186 @42.746s 1%: 0.14+0.44+0.10 ms clock, 1.1+0.72/0.53/0+0.81 ms cpu, 3->3->1 MB, 4 MB goal, 0 MB stacks, 0 MB globals, 8 P
gc 3187 @42.749s 1%: 0.11+0.89+0.10 ms clock, 0.95+0.66/0.65/0+0.86 ms cpu, 3->3->1 MB, 4 MB goal, 0 MB stacks, 0 MB globals, 8 P
gc 3188 @42.752s 1%: 0.10+0.74+0.085 ms clock, 0.80+0.59/0.58/0+0.68 ms cpu, 3->3->1 MB, 4 MB goal, 0 MB stacks, 0 MB globals, 8 P
gc 3189 @42.754s 1%: 0.094+0.60+0.066 ms clock, 0.75+0.70/0.71/0+0.53 ms cpu, 3->3->1 MB, 4 MB goal, 0 MB stacks, 0 MB globals, 8 P
gc 3190 @42.757s 1%: 0.10+0.45+0.081 ms clock, 0.80+0.58/0.61/0+0.64 ms cpu, 3->3->1 MB, 4 MB goal, 0 MB stacks, 0 MB globals, 8 P
gc 3191 @42.760s 1%: 0.10+0.50+0.083 ms clock, 0.85+0.60/0.61/0+0.66 ms cpu, 3->3->1 MB, 4 MB goal, 0 MB stacks, 0 MB globals, 8 P
gc 3192 @42.763s 1%: 0.10+0.68+0.073 ms clock, 0.81+0.59/0.61/0+0.59 ms cpu, 3->3->1 MB, 4 MB goal, 0 MB stacks, 0 MB globals, 8 P
gc 3193 @42.766s 1%: 0.095+0.39+0.063 ms clock, 0.76+0.57/0.58/0+0.50 ms cpu, 3->3->1 MB, 4 MB goal, 0 MB stacks, 0 MB globals, 8 P
gc 3194 @42.768s 1%: 0.11+0.62+0.10 ms clock, 0.88+0.63/0.66/0.016+0.81 ms cpu, 3->3->1 MB, 4 MB goal, 0 MB stacks, 0 MB globals, 8 P
gc 3195 @42.771s 1%: 0.13+0.44+0.077 ms clock, 1.0+0.78/0.54/0+0.62 ms cpu, 3->3->1 MB, 4 MB goal, 0 MB stacks, 0 MB globals, 8 P
gc 3196 @42.774s 1%: 0.10+0.54+0.079 ms clock, 0.87+0.74/0.61/0+0.63 ms cpu, 3->3->1 MB, 4 MB goal, 0 MB stacks, 0 MB globals, 8 P
gc 3197 @42.776s 1%: 0.10+0.43+0.079 ms clock, 0.86+0.54/0.51/0.067+0.63 ms cpu, 3->3->1 MB, 4 MB goal, 0 MB stacks, 0 MB globals, 8 P
gc 3198 @42.779s 1%: 0.11+0.47+0.10 ms clock, 0.88+0.73/0.48/0+0.83 ms cpu, 3->3->1 MB, 4 MB goal, 0 MB stacks, 0 MB globals, 8 P
gc 3199 @42.782s 1%: 0.10+0.59+0.081 ms clock, 0.81+0.47/0.66/0+0.64 ms cpu, 3->3->1 MB, 4 MB goal, 0 MB stacks, 0 MB globals, 8 P
gc 3200 @42.785s 1%: 0.097+0.49+0.060 ms clock, 0.78+0.61/0.59/0+0.48 ms cpu, 3->3->1 MB, 4 MB goal, 0 MB stacks, 0 MB globals, 8 P
gc 3201 @42.787s 1%: 0.10+0.74+0.081 ms clock, 0.83+0.69/0.67/0+0.65 ms cpu, 3->3->1 MB, 4 MB goal, 0 MB stacks, 0 MB globals, 8 P
gc 3202 @42.790s 1%: 0.10+0.74+0.066 ms clock, 0.80+0.53/0.67/0+0.53 ms cpu, 3->3->1 MB, 4 MB goal, 0 MB stacks, 0 MB globals, 8 P
gc 3203 @42.793s 1%: 0.098+0.66+0.087 ms clock, 0.79+0.62/0.59/0+0.70 ms cpu, 3->3->1 MB, 4 MB goal, 0 MB stacks, 0 MB globals, 8 P
gc 3204 @42.796s 1%: 0.081+0.55+0.092 ms clock, 0.65+0.64/0.61/0+0.73 ms cpu, 3->3->1 MB, 4 MB goal, 0 MB stacks, 0 MB globals, 8 P
gc 3205 @42.799s 1%: 0.078+0.45+0.088 ms clock, 0.63+0.67/0.59/0+0.70 ms cpu, 3->3->1 MB, 4 MB goal, 0 MB stacks, 0 MB globals, 8 P
gc 3206 @42.801s 1%: 0.12+0.75+0.084 ms clock, 0.98+0.65/0.61/0+0.67 ms cpu, 3->3->1 MB, 4 MB goal, 0 MB stacks, 0 MB globals, 8 P
gc 3207 @42.804s 1%: 0.087+0.38+0.066 ms clock, 0.70+0.72/0.50/0+0.53 ms cpu, 3->3->1 MB, 4 MB goal, 0 MB stacks, 0 MB globals, 8 P
gc 3208 @42.807s 1%: 0.086+0.50+0.055 ms clock, 0.69+0.60/0.66/0+0.44 ms cpu, 3->3->1 MB, 4 MB goal, 0 MB stacks, 0 MB globals, 8 P
gc 3209 @42.810s 1%: 0.079+0.46+0.060 ms clock, 0.63+0.58/0.61/0+0.48 ms cpu, 3->3->1 MB, 4 MB goal, 0 MB stacks, 0 MB globals, 8 P
gc 3210 @42.812s 1%: 0.10+0.44+0.052 ms clock, 0.82+0.68/0.51/0+0.41 ms cpu, 3->3->1 MB, 4 MB goal, 0 MB stacks, 0 MB globals, 8 P
gc 3211 @42.815s 1%: 0.079+0.50+0.037 ms clock, 0.63+0.66/0.60/0+0.29 ms cpu, 3->3->1 MB, 4 MB goal, 0 MB stacks, 0 MB globals, 8 P
gc 3212 @42.818s 1%: 0.081+0.53+0.082 ms clock, 0.64+0.51/0.69/0+0.65 ms cpu, 3->3->1 MB, 4 MB goal, 0 MB stacks, 0 MB globals, 8 P
gc 3213 @42.821s 1%: 0.095+0.80+0.10 ms clock, 0.76+0.74/0.66/0+0.84 ms cpu, 3->3->1 MB, 4 MB goal, 0 MB stacks, 0 MB globals, 8 P
gc 3214 @42.824s 1%: 0.072+0.47+0.085 ms clock, 0.58+0.72/0.52/0+0.68 ms cpu, 3->3->1 MB, 4 MB goal, 0 MB stacks, 0 MB globals, 8 P
gc 3215 @42.826s 1%: 0.12+0.61+0.088 ms clock, 1.0+0.59/0.69/0+0.70 ms cpu, 3->3->1 MB, 4 MB goal, 0 MB stacks, 0 MB globals, 8 P
gc 3216 @42.829s 1%: 0.078+0.53+0.071 ms clock, 0.63+0.67/0.58/0+0.56 ms cpu, 3->3->1 MB, 4 MB goal, 0 MB stacks, 0 MB globals, 8 P
gc 3217 @42.832s 1%: 0.11+0.37+0.062 ms clock, 0.88+0.65/0.55/0+0.50 ms cpu, 3->3->1 MB, 4 MB goal, 0 MB stacks, 0 MB globals, 8 P
gc 3218 @42.835s 1%: 0.077+0.62+0.082 ms clock, 0.61+0.68/0.55/0+0.65 ms cpu, 3->3->1 MB, 4 MB goal, 0 MB stacks, 0 MB globals, 8 P
gc 3219 @42.838s 1%: 0.075+0.53+0.10 ms clock, 0.60+0.60/0.57/0+0.85 ms cpu, 3->3->1 MB, 4 MB goal, 0 MB stacks, 0 MB globals, 8 P
gc 3220 @42.840s 1%: 0.11+0.65+0.12 ms clock, 0.90+0.66/0.55/0+0.96 ms cpu, 3->3->1 MB, 4 MB goal, 0 MB stacks, 0 MB globals, 8 P
gc 3221 @42.843s 1%: 0.10+0.61+0.078 ms clock, 0.84+0.58/0.64/0+0.62 ms cpu, 3->3->1 MB, 4 MB goal, 0 MB stacks, 0 MB globals, 8 P
gc 3222 @42.846s 1%: 0.086+0.64+0.084 ms clock, 0.68+0.72/0.57/0+0.67 ms cpu, 3->3->1 MB, 4 MB goal, 0 MB stacks, 0 MB globals, 8 P
gc 3223 @42.849s 1%: 0.096+0.49+0.048 ms clock, 0.77+0.64/0.66/0+0.38 ms cpu, 3->3->1 MB, 4 MB goal, 0 MB stacks, 0 MB globals, 8 P
gc 3224 @42.852s 1%: 0.10+0.57+0.080 ms clock, 0.82+0.68/0.63/0+0.64 ms cpu, 3->3->1 MB, 4 MB goal, 0 MB stacks, 0 MB globals, 8 P
gc 3225 @42.854s 1%: 0.11+0.53+0.10 ms clock, 0.91+0.68/0.62/0+0.85 ms cpu, 3->3->1 MB, 4 MB goal, 0 MB stacks, 0 MB globals, 8 P
gc 3226 @42.857s 1%: 0.073+0.43+0.10 ms clock, 0.58+0.70/0.47/0+0.84 ms cpu, 3->3->1 MB, 4 MB goal, 0 MB stacks, 0 MB globals, 8 P
gc 3227 @42.860s 1%: 0.10+0.52+0.093 ms clock, 0.84+0.62/0.60/0+0.75 ms cpu, 3->3->1 MB, 4 MB goal, 0 MB stacks, 0 MB globals, 8 P
gc 3228 @42.862s 1%: 0.10+0.56+0.080 ms clock, 0.83+0.65/0.69/0+0.64 ms cpu, 3->3->1 MB, 4 MB goal, 0 MB stacks, 0 MB globals, 8 P
gc 3229 @42.865s 1%: 0.10+0.64+0.085 ms clock, 0.86+0.60/0.70/0+0.68 ms cpu, 3->3->1 MB, 4 MB goal, 0 MB stacks, 0 MB globals, 8 P
gc 3230 @42.868s 1%: 0.099+0.54+0.083 ms clock, 0.79+0.53/0.67/0+0.66 ms cpu, 3->3->1 MB, 4 MB goal, 0 MB stacks, 0 MB globals, 8 P
gc 3231 @42.871s 1%: 0.090+0.42+0.10 ms clock, 0.72+0.70/0.59/0+0.84 ms cpu, 3->3->1 MB, 4 MB goal, 0 MB stacks, 0 MB globals, 8 P
gc 3232 @42.874s 1%: 0.086+0.44+0.044 ms clock, 0.69+0.71/0.56/0+0.35 ms cpu, 3->3->1 MB, 4 MB goal, 0 MB stacks, 0 MB globals, 8 P
gc 3233 @42.876s 1%: 0.086+0.51+0.086 ms clock, 0.69+0.71/0.60/0+0.69 ms cpu, 3->3->1 MB, 4 MB goal, 0 MB stacks, 0 MB globals, 8 P
gc 3234 @42.879s 1%: 0.090+0.60+0.10 ms clock, 0.72+0.65/0.63/0+0.80 ms cpu, 3->3->1 MB, 4 MB goal, 0 MB stacks, 0 MB globals, 8 P
gc 3235 @42.882s 1%: 0.13+0.92+0.069 ms clock, 1.0+0.66/0.55/0+0.55 ms cpu, 3->3->1 MB, 4 MB goal, 0 MB stacks, 0 MB globals, 8 P
gc 3236 @42.885s 1%: 0.11+0.62+0.12 ms clock, 0.93+0.60/0.73/0+1.0 ms cpu, 3->3->1 MB, 4 MB goal, 0 MB stacks, 0 MB globals, 8 P
gc 3237 @42.888s 1%: 0.11+0.49+0.072 ms clock, 0.91+0.59/0.61/0+0.58 ms cpu, 3->3->1 MB, 4 MB goal, 0 MB stacks, 0 MB globals, 8 P
gc 3238 @42.891s 1%: 0.089+0.51+0.053 ms clock, 0.71+0.69/0.65/0+0.42 ms cpu, 3->3->1 MB, 4 MB goal, 0 MB stacks, 0 MB globals, 8 P
gc 3239 @42.893s 1%: 0.12+0.80+0.077 ms clock, 0.96+0.66/0.64/0+0.61 ms cpu, 3->3->1 MB, 4 MB goal, 0 MB stacks, 0 MB globals, 8 P
gc 3240 @42.896s 1%: 0.11+0.51+0.072 ms clock, 0.91+0.64/0.63/0+0.58 ms cpu, 3->3->1 MB, 4 MB goal, 0 MB stacks, 0 MB globals, 8 P
gc 3241 @42.899s 1%: 0.10+0.89+0.042 ms clock, 0.85+0.55/0.69/0+0.33 ms cpu, 3->3->1 MB, 4 MB goal, 0 MB stacks, 0 MB globals, 8 P
gc 3242 @42.902s 1%: 0.11+0.41+0.082 ms clock, 0.90+0.77/0.59/0+0.66 ms cpu, 3->3->1 MB, 4 MB goal, 0 MB stacks, 0 MB globals, 8 P
gc 3243 @42.905s 1%: 0.15+0.52+0.11 ms clock, 1.2+0.62/0.58/0+0.94 ms cpu, 3->3->1 MB, 4 MB goal, 0 MB stacks, 0 MB globals, 8 P
gc 3244 @42.907s 1%: 0.059+0.63+0.11 ms clock, 0.47+0.58/0.52/0+0.89 ms cpu, 3->3->1 MB, 4 MB goal, 0 MB stacks, 0 MB globals, 8 P
gc 3245 @42.910s 1%: 0.094+0.49+0.10 ms clock, 0.75+0.63/0.61/0+0.85 ms cpu, 3->3->1 MB, 4 MB goal, 0 MB stacks, 0 MB globals, 8 P
gc 3246 @42.913s 1%: 0.10+0.43+0.10 ms clock, 0.83+0.57/0.53/0+0.84 ms cpu, 3->3->1 MB, 4 MB goal, 0 MB stacks, 0 MB globals, 8 P
gc 3247 @42.916s 1%: 0.11+0.88+0.093 ms clock, 0.93+0.50/0.65/0+0.74 ms cpu, 3->3->1 MB, 4 MB goal, 0 MB stacks, 0 MB globals, 8 P
gc 3248 @42.919s 1%: 0.067+0.68+0.13 ms clock, 0.54+0.66/0.64/0+1.1 ms cpu, 3->3->1 MB, 4 MB goal, 0 MB stacks, 0 MB globals, 8 P
gc 3249 @42.921s 1%: 0.065+0.56+0.089 ms clock, 0.52+0.71/0.69/0+0.71 ms cpu, 3->3->1 MB, 4 MB goal, 0 MB stacks, 0 MB globals, 8 P
gc 3250 @42.924s 1%: 0.12+0.48+0.090 ms clock, 0.99+0.64/0.53/0+0.72 ms cpu, 3->3->1 MB, 4 MB goal, 0 MB stacks, 0 MB globals, 8 P
gc 3251 @42.927s 1%: 0.084+0.44+0.099 ms clock, 0.67+0.70/0.56/0+0.79 ms cpu, 3->3->1 MB, 4 MB goal, 0 MB stacks, 0 MB globals, 8 P
gc 3252 @42.930s 1%: 0.093+0.75+0.037 ms clock, 0.74+0.71/0.59/0.023+0.29 ms cpu, 3->3->1 MB, 4 MB goal, 0 MB stacks, 0 MB globals, 8 P
gc 3253 @42.932s 1%: 0.098+0.51+0.057 ms clock, 0.78+0.71/0.52/0+0.45 ms cpu, 3->3->1 MB, 4 MB goal, 0 MB stacks, 0 MB globals, 8 P
gc 3254 @42.935s 1%: 0.049+0.52+0.072 ms clock, 0.39+0.66/0.60/0+0.58 ms cpu, 3->3->1 MB, 4 MB goal, 0 MB stacks, 0 MB globals, 8 P
gc 3255 @42.938s 1%: 0.073+0.93+0.019 ms clock, 0.58+0.65/0.70/0+0.15 ms cpu, 3->3->1 MB, 4 MB goal, 0 MB stacks, 0 MB globals, 8 P
gc 3256 @42.941s 1%: 0.080+0.74+0.085 ms clock, 0.64+0.64/0.66/0+0.68 ms cpu, 3->3->1 MB, 4 MB goal, 0 MB stacks, 0 MB globals, 8 P
gc 3257 @42.944s 1%: 0.10+0.53+0.055 ms clock, 0.82+0.65/0.62/0+0.44 ms cpu, 3->3->1 MB, 4 MB goal, 0 MB stacks, 0 MB globals, 8 P
gc 3258 @42.946s 1%: 0.10+0.84+0.10 ms clock, 0.81+0.58/0.61/0.064+0.83 ms cpu, 3->3->1 MB, 4 MB goal, 0 MB stacks, 0 MB globals, 8 P
gc 3259 @42.949s 1%: 0.12+0.49+0.046 ms clock, 1.0+0.74/0.56/0+0.37 ms cpu, 3->3->1 MB, 4 MB goal, 0 MB stacks, 0 MB globals, 8 P
gc 3260 @42.952s 1%: 0.052+0.49+0.070 ms clock, 0.42+0.72/0.57/0+0.56 ms cpu, 3->3->1 MB, 4 MB goal, 0 MB stacks, 0 MB globals, 8 P
gc 3261 @42.955s 1%: 0.11+0.69+0.094 ms clock, 0.91+0.59/0.55/0+0.75 ms cpu, 3->3->1 MB, 4 MB goal, 0 MB stacks, 0 MB globals, 8 P
gc 3262 @42.958s 1%: 0.10+0.39+0.080 ms clock, 0.80+0.64/0.52/0+0.64 ms cpu, 3->3->1 MB, 4 MB goal, 0 MB stacks, 0 MB globals, 8 P
gc 3263 @42.960s 1%: 0.074+0.39+0.095 ms clock, 0.59+0.67/0.55/0+0.76 ms cpu, 3->3->1 MB, 4 MB goal, 0 MB stacks, 0 MB globals, 8 P
gc 3264 @42.963s 1%: 0.11+0.53+0.083 ms clock, 0.94+0.70/0.57/0+0.66 ms cpu, 3->3->1 MB, 4 MB goal, 0 MB stacks, 0 MB globals, 8 P
gc 3265 @42.966s 1%: 0.094+0.50+0.10 ms clock, 0.75+0.65/0.70/0+0.81 ms cpu, 3->3->1 MB, 4 MB goal, 0 MB stacks, 0 MB globals, 8 P
gc 3266 @42.969s 1%: 0.044+0.39+0.064 ms clock, 0.35+0.72/0.51/0+0.51 ms cpu, 3->3->1 MB, 4 MB goal, 0 MB stacks, 0 MB globals, 8 P
gc 3267 @42.971s 1%: 0.087+0.96+0.049 ms clock, 0.69+0.65/0.56/0+0.39 ms cpu, 3->3->1 MB, 4 MB goal, 0 MB stacks, 0 MB globals, 8 P
gc 3268 @42.974s 1%: 0.097+0.70+0.074 ms clock, 0.77+0.72/0.61/0+0.59 ms cpu, 3->3->1 MB, 4 MB goal, 0 MB stacks, 0 MB globals, 8 P
gc 3269 @42.977s 1%: 0.11+0.50+0.086 ms clock, 0.90+0.66/0.66/0+0.69 ms cpu, 3->3->1 MB, 4 MB goal, 0 MB stacks, 0 MB globals, 8 P
gc 3270 @42.980s 1%: 0.087+0.79+0.080 ms clock, 0.70+0.75/0.53/0+0.64 ms cpu, 3->3->1 MB, 4 MB goal, 0 MB stacks, 0 MB globals, 8 P
gc 3271 @42.983s 1%: 0.082+0.95+0.076 ms clock, 0.66+0.66/0.65/0+0.61 ms cpu, 3->4->1 MB, 4 MB goal, 0 MB stacks, 0 MB globals, 8 P
gc 3272 @42.986s 1%: 0.098+0.53+0.047 ms clock, 0.78+0.75/0.56/0+0.38 ms cpu, 3->3->1 MB, 4 MB goal, 0 MB stacks, 0 MB globals, 8 P
gc 3273 @42.988s 1%: 0.082+0.70+0.12 ms clock, 0.65+0.58/0.63/0+1.0 ms cpu, 3->3->1 MB, 4 MB goal, 0 MB stacks, 0 MB globals, 8 P
gc 3274 @42.991s 1%: 0.064+0.64+0.064 ms clock, 0.51+0.65/0.62/0+0.51 ms cpu, 3->3->1 MB, 4 MB goal, 0 MB stacks, 0 MB globals, 8 P
gc 3275 @42.994s 1%: 0.10+0.46+0.10 ms clock, 0.80+0.67/0.53/0+0.81 ms cpu, 3->3->1 MB, 4 MB goal, 0 MB stacks, 0 MB globals, 8 P
gc 3276 @42.997s 1%: 0.085+0.46+0.095 ms clock, 0.68+0.38/0.65/0+0.76 ms cpu, 3->3->1 MB, 4 MB goal, 0 MB stacks, 0 MB globals, 8 P
gc 3277 @43.000s 1%: 0.10+0.64+0.095 ms clock, 0.87+0.50/0.62/0+0.76 ms cpu, 3->3->1 MB, 4 MB goal, 0 MB stacks, 0 MB globals, 8 P
gc 3278 @43.002s 1%: 0.094+0.52+0.085 ms clock, 0.75+0.68/0.63/0+0.68 ms cpu, 3->3->1 MB, 4 MB goal, 0 MB stacks, 0 MB globals, 8 P
gc 3279 @43.005s 1%: 0.090+0.52+0.086 ms clock, 0.72+0.60/0.62/0+0.69 ms cpu, 3->3->1 MB, 4 MB goal, 0 MB stacks, 0 MB globals, 8 P
gc 3280 @43.008s 1%: 0.11+0.53+0.066 ms clock, 0.90+0.70/0.54/0+0.53 ms cpu, 3->3->1 MB, 4 MB goal, 0 MB stacks, 0 MB globals, 8 P
gc 3281 @43.011s 1%: 0.11+0.62+0.081 ms clock, 0.92+0.69/0.53/0+0.64 ms cpu, 3->3->1 MB, 4 MB goal, 0 MB stacks, 0 MB globals, 8 P
gc 3282 @43.013s 1%: 0.082+0.47+0.070 ms clock, 0.66+0.69/0.65/0+0.56 ms cpu, 3->3->1 MB, 4 MB goal, 0 MB stacks, 0 MB globals, 8 P
gc 3283 @43.016s 1%: 0.073+0.45+0.093 ms clock, 0.58+0.58/0.50/0+0.74 ms cpu, 3->3->1 MB, 4 MB goal, 0 MB stacks, 0 MB globals, 8 P
gc 3284 @43.019s 1%: 0.053+0.92+0.060 ms clock, 0.43+0.72/0.59/0+0.48 ms cpu, 3->3->1 MB, 4 MB goal, 0 MB stacks, 0 MB globals, 8 P
gc 3285 @43.022s 1%: 0.085+0.56+0.043 ms clock, 0.68+0.61/0.62/0+0.34 ms cpu, 3->3->1 MB, 4 MB goal, 0 MB stacks, 0 MB globals, 8 P
gc 3286 @43.025s 1%: 0.075+0.83+0.10 ms clock, 0.60+0.69/0.61/0+0.82 ms cpu, 3->3->1 MB, 4 MB goal, 0 MB stacks, 0 MB globals, 8 P
gc 3287 @43.028s 1%: 0.10+0.59+0.098 ms clock, 0.84+0.75/0.51/0+0.78 ms cpu, 3->3->1 MB, 4 MB goal, 0 MB stacks, 0 MB globals, 8 P
gc 3288 @43.030s 1%: 0.12+0.52+0.094 ms clock, 0.98+0.73/0.54/0+0.75 ms cpu, 3->3->1 MB, 4 MB goal, 0 MB stacks, 0 MB globals, 8 P
gc 3289 @43.033s 1%: 0.069+0.48+0.077 ms clock, 0.55+0.34/0.63/0+0.61 ms cpu, 3->3->1 MB, 4 MB goal, 0 MB stacks, 0 MB globals, 8 P
gc 3290 @43.036s 1%: 0.074+0.82+0.092 ms clock, 0.59+0.62/0.72/0+0.74 ms cpu, 3->3->1 MB, 4 MB goal, 0 MB stacks, 0 MB globals, 8 P
gc 3291 @43.039s 1%: 0.074+0.64+0.10 ms clock, 0.59+0.50/0.62/0+0.86 ms cpu, 3->3->1 MB, 4 MB goal, 0 MB stacks, 0 MB globals, 8 P
gc 3292 @43.041s 1%: 0.10+0.48+0.089 ms clock, 0.83+0.55/0.62/0+0.71 ms cpu, 3->3->1 MB, 4 MB goal, 0 MB stacks, 0 MB globals, 8 P
gc 3293 @43.044s 1%: 0.14+0.47+0.094 ms clock, 1.1+0.62/0.54/0+0.75 ms cpu, 3->3->1 MB, 4 MB goal, 0 MB stacks, 0 MB globals, 8 P
gc 3294 @43.047s 1%: 0.097+0.52+0.098 ms clock, 0.78+0.63/0.59/0+0.78 ms cpu, 3->3->1 MB, 4 MB goal, 0 MB stacks, 0 MB globals, 8 P
gc 3295 @43.050s 1%: 0.14+0.55+0.10 ms clock, 1.1+0.70/0.61/0+0.86 ms cpu, 3->3->1 MB, 4 MB goal, 0 MB stacks, 0 MB globals, 8 P
gc 3296 @43.052s 1%: 0.077+0.46+0.083 ms clock, 0.62+0.68/0.58/0+0.66 ms cpu, 3->3->1 MB, 4 MB goal, 0 MB stacks, 0 MB globals, 8 P
gc 3297 @43.055s 1%: 0.099+0.57+0.081 ms clock, 0.79+0.65/0.74/0+0.65 ms cpu, 3->3->1 MB, 4 MB goal, 0 MB stacks, 0 MB globals, 8 P
gc 3298 @43.058s 1%: 0.12+0.54+0.097 ms clock, 0.96+0.62/0.71/0+0.78 ms cpu, 3->3->1 MB, 4 MB goal, 0 MB stacks, 0 MB globals, 8 P
gc 3299 @43.061s 1%: 0.10+0.56+0.053 ms clock, 0.87+0.69/0.64/0+0.42 ms cpu, 3->3->1 MB, 4 MB goal, 0 MB stacks, 0 MB globals, 8 P
gc 3300 @43.064s 1%: 0.10+0.58+0.047 ms clock, 0.83+0.67/0.58/0+0.37 ms cpu, 3->3->1 MB, 4 MB goal, 0 MB stacks, 0 MB globals, 8 P
gc 3301 @43.067s 1%: 0.10+0.52+0.078 ms clock, 0.86+0.72/0.57/0+0.62 ms cpu, 3->3->1 MB, 4 MB goal, 0 MB stacks, 0 MB globals, 8 P
gc 3302 @43.069s 1%: 0.10+0.65+0.074 ms clock, 0.84+0.70/0.74/0+0.59 ms cpu, 3->3->1 MB, 4 MB goal, 0 MB stacks, 0 MB globals, 8 P
gc 3303 @43.072s 1%: 0.095+0.80+0.088 ms clock, 0.76+0.68/0.71/0+0.70 ms cpu, 3->3->1 MB, 4 MB goal, 0 MB stacks, 0 MB globals, 8 P
gc 3304 @43.075s 1%: 0.098+0.50+0.046 ms clock, 0.78+0.59/0.67/0+0.37 ms cpu, 3->3->1 MB, 4 MB goal, 0 MB stacks, 0 MB globals, 8 P
gc 3305 @43.078s 1%: 0.10+0.73+0.081 ms clock, 0.82+0.56/0.66/0+0.65 ms cpu, 3->3->1 MB, 4 MB goal, 0 MB stacks, 0 MB globals, 8 P
gc 3306 @43.081s 1%: 0.14+0.78+0.090 ms clock, 1.1+0.68/0.53/0+0.72 ms cpu, 3->3->1 MB, 4 MB goal, 0 MB stacks, 0 MB globals, 8 P
gc 3307 @43.084s 1%: 0.074+0.55+0.093 ms clock, 0.59+0.41/0.67/0+0.75 ms cpu, 3->3->1 MB, 4 MB goal, 0 MB stacks, 0 MB globals, 8 P
gc 3308 @43.086s 1%: 0.11+0.56+0.10 ms clock, 0.95+0.58/0.66/0+0.83 ms cpu, 3->3->1 MB, 4 MB goal, 0 MB stacks, 0 MB globals, 8 P
gc 3309 @43.089s 1%: 0.067+0.86+0.064 ms clock, 0.54+0.50/0.63/0+0.51 ms cpu, 3->3->1 MB, 4 MB goal, 0 MB stacks, 0 MB globals, 8 P
gc 3310 @43.092s 1%: 0.096+0.47+0.084 ms clock, 0.76+0.71/0.60/0+0.67 ms cpu, 3->3->1 MB, 4 MB goal, 0 MB stacks, 0 MB globals, 8 P
gc 3311 @43.095s 1%: 0.075+0.93+0.11 ms clock, 0.60+0.59/0.61/0+0.91 ms cpu, 3->3->1 MB, 4 MB goal, 0 MB stacks, 0 MB globals, 8 P
gc 3312 @43.098s 1%: 0.092+0.44+0.052 ms clock, 0.73+0.55/0.56/0+0.41 ms cpu, 3->3->1 MB, 4 MB goal, 0 MB stacks, 0 MB globals, 8 P
gc 3313 @43.100s 1%: 0.12+0.97+0.043 ms clock, 1.0+0.63/0.69/0+0.34 ms cpu, 3->3->1 MB, 4 MB goal, 0 MB stacks, 0 MB globals, 8 P
gc 3314 @43.103s 1%: 0.12+0.96+0.086 ms clock, 0.99+0.64/0.63/0+0.69 ms cpu, 3->4->1 MB, 4 MB goal, 0 MB stacks, 0 MB globals, 8 P
gc 3315 @43.106s 1%: 0.074+0.47+0.093 ms clock, 0.59+0.76/0.56/0+0.75 ms cpu, 3->3->1 MB, 4 MB goal, 0 MB stacks, 0 MB globals, 8 P
gc 3316 @43.109s 1%: 0.18+0.46+0.10 ms clock, 1.4+0.62/0.59/0+0.87 ms cpu, 3->3->1 MB, 4 MB goal, 0 MB stacks, 0 MB globals, 8 P
gc 3317 @43.112s 1%: 0.064+0.54+0.077 ms clock, 0.51+0.68/0.66/0+0.61 ms cpu, 3->3->1 MB, 4 MB goal, 0 MB stacks, 0 MB globals, 8 P
gc 3318 @43.114s 1%: 0.089+0.80+0.083 ms clock, 0.71+0.63/0.55/0.010+0.66 ms cpu, 3->3->1 MB, 4 MB goal, 0 MB stacks, 0 MB globals, 8 P
gc 3319 @43.117s 2%: 0.094+0.72+0.11 ms clock, 0.75+0.66/0.71/0+0.88 ms cpu, 3->3->1 MB, 4 MB goal, 0 MB stacks, 0 MB globals, 8 P
gc 3320 @43.120s 2%: 0.12+0.67+0.097 ms clock, 1.0+0.49/0.63/0+0.78 ms cpu, 3->3->1 MB, 4 MB goal, 0 MB stacks, 0 MB globals, 8 P
gc 3321 @43.123s 2%: 0.085+0.58+0.14 ms clock, 0.68+0.68/0.65/0+1.1 ms cpu, 3->3->1 MB, 4 MB goal, 0 MB stacks, 0 MB globals, 8 P
gc 3322 @43.126s 2%: 0.093+0.75+0.038 ms clock, 0.75+0.61/0.61/0+0.31 ms cpu, 3->3->1 MB, 4 MB goal, 0 MB stacks, 0 MB globals, 8 P
gc 3323 @43.128s 2%: 0.088+0.51+0.095 ms clock, 0.70+0.66/0.70/0+0.76 ms cpu, 3->3->1 MB, 4 MB goal, 0 MB stacks, 0 MB globals, 8 P
gc 3324 @43.131s 2%: 0.084+0.48+0.078 ms clock, 0.67+0.59/0.63/0+0.63 ms cpu, 3->3->1 MB, 4 MB goal, 0 MB stacks, 0 MB globals, 8 P
gc 3325 @43.134s 2%: 0.11+0.41+0.091 ms clock, 0.93+0.55/0.59/0+0.73 ms cpu, 3->3->1 MB, 4 MB goal, 0 MB stacks, 0 MB globals, 8 P
gc 3326 @43.137s 2%: 0.10+0.78+0.089 ms clock, 0.80+0.61/0.57/0+0.71 ms cpu, 3->3->1 MB, 4 MB goal, 0 MB stacks, 0 MB globals, 8 P
gc 3327 @43.140s 2%: 0.099+0.54+0.099 ms clock, 0.79+0.58/0.60/0+0.79 ms cpu, 3->3->1 MB, 4 MB goal, 0 MB stacks, 0 MB globals, 8 P
gc 3328 @43.142s 2%: 0.086+0.71+0.10 ms clock, 0.69+0.63/0.59/0+0.84 ms cpu, 3->3->1 MB, 4 MB goal, 0 MB stacks, 0 MB globals, 8 P
gc 3329 @43.145s 2%: 0.063+0.57+0.099 ms clock, 0.51+0.63/0.67/0+0.79 ms cpu, 3->3->1 MB, 4 MB goal, 0 MB stacks, 0 MB globals, 8 P
gc 3330 @43.148s 2%: 0.10+0.48+0.079 ms clock, 0.86+0.65/0.55/0+0.63 ms cpu, 3->3->1 MB, 4 MB goal, 0 MB stacks, 0 MB globals, 8 P
gc 3331 @43.151s 2%: 0.089+0.59+0.082 ms clock, 0.71+0.65/0.66/0+0.65 ms cpu, 3->3->1 MB, 4 MB goal, 0 MB stacks, 0 MB globals, 8 P
gc 3332 @43.154s 2%: 0.079+0.66+0.082 ms clock, 0.63+0.68/0.61/0+0.66 ms cpu, 3->3->1 MB, 4 MB goal, 0 MB stacks, 0 MB globals, 8 P
gc 3333 @43.156s 2%: 0.11+0.55+0.082 ms clock, 0.88+0.65/0.53/0+0.65 ms cpu, 3->3->1 MB, 4 MB goal, 0 MB stacks, 0 MB globals, 8 P
gc 3334 @43.159s 2%: 0.10+0.51+0.061 ms clock, 0.81+0.63/0.56/0+0.49 ms cpu, 3->3->1 MB, 4 MB goal, 0 MB stacks, 0 MB globals, 8 P
gc 3335 @43.162s 2%: 0.12+0.48+0.057 ms clock, 0.96+0.58/0.60/0+0.46 ms cpu, 3->3->1 MB, 4 MB goal, 0 MB stacks, 0 MB globals, 8 P
gc 3336 @43.165s 2%: 0.10+0.64+0.10 ms clock, 0.82+0.54/0.56/0+0.81 ms cpu, 3->3->1 MB, 4 MB goal, 0 MB stacks, 0 MB globals, 8 P
gc 3337 @43.167s 2%: 0.099+0.69+0.12 ms clock, 0.79+0.68/0.61/0+0.98 ms cpu, 3->3->1 MB, 4 MB goal, 0 MB stacks, 0 MB globals, 8 P
gc 3338 @43.170s 2%: 0.11+0.41+0.096 ms clock, 0.94+0.74/0.55/0+0.76 ms cpu, 3->3->1 MB, 4 MB goal, 0 MB stacks, 0 MB globals, 8 P
gc 3339 @43.173s 2%: 0.10+0.44+0.058 ms clock, 0.85+0.64/0.64/0+0.46 ms cpu, 3->3->1 MB, 4 MB goal, 0 MB stacks, 0 MB globals, 8 P
gc 3340 @43.176s 2%: 0.071+0.72+0.094 ms clock, 0.57+0.67/0.58/0+0.75 ms cpu, 3->3->1 MB, 4 MB goal, 0 MB stacks, 0 MB globals, 8 P
gc 3341 @43.179s 2%: 0.098+0.90+0.10 ms clock, 0.79+0.59/0.60/0+0.83 ms cpu, 3->3->1 MB, 4 MB goal, 0 MB stacks, 0 MB globals, 8 P
gc 3342 @43.182s 2%: 0.11+0.50+0.098 ms clock, 0.89+0.73/0.56/0+0.78 ms cpu, 3->3->1 MB, 4 MB goal, 0 MB stacks, 0 MB globals, 8 P
gc 3343 @43.184s 2%: 0.089+0.52+0.051 ms clock, 0.71+0.70/0.65/0+0.41 ms cpu, 3->3->1 MB, 4 MB goal, 0 MB stacks, 0 MB globals, 8 P
gc 3344 @43.187s 2%: 0.11+0.65+0.081 ms clock, 0.90+0.44/0.75/0+0.65 ms cpu, 3->3->1 MB, 4 MB goal, 0 MB stacks, 0 MB globals, 8 P
gc 3345 @43.190s 2%: 0.10+0.46+0.087 ms clock, 0.80+0.75/0.56/0+0.70 ms cpu, 3->3->1 MB, 4 MB goal, 0 MB stacks, 0 MB globals, 8 P
gc 3346 @43.193s 2%: 0.099+0.67+0.069 ms clock, 0.79+0.60/0.61/0+0.55 ms cpu, 3->3->1 MB, 4 MB goal, 0 MB stacks, 0 MB globals, 8 P
gc 3347 @43.195s 2%: 0.10+0.71+0.096 ms clock, 0.81+0.58/0.67/0+0.77 ms cpu, 3->3->1 MB, 4 MB goal, 0 MB stacks, 0 MB globals, 8 P
gc 3348 @43.198s 2%: 0.080+0.62+0.12 ms clock, 0.64+0.69/0.74/0+0.99 ms cpu, 3->3->1 MB, 4 MB goal, 0 MB stacks, 0 MB globals, 8 P
gc 3349 @43.201s 2%: 0.066+0.74+0.067 ms clock, 0.52+0.55/0.63/0+0.54 ms cpu, 3->3->1 MB, 4 MB goal, 0 MB stacks, 0 MB globals, 8 P
gc 3350 @43.204s 2%: 0.11+0.56+0.065 ms clock, 0.91+0.53/0.69/0+0.52 ms cpu, 3->3->1 MB, 4 MB goal, 0 MB stacks, 0 MB globals, 8 P
gc 3351 @43.207s 2%: 0.069+0.53+0.092 ms clock, 0.55+0.74/0.52/0+0.73 ms cpu, 3->3->1 MB, 4 MB goal, 0 MB stacks, 0 MB globals, 8 P
gc 3352 @43.209s 2%: 0.11+0.41+0.10 ms clock, 0.91+0.65/0.58/0+0.85 ms cpu, 3->3->1 MB, 4 MB goal, 0 MB stacks, 0 MB globals, 8 P
gc 3353 @43.212s 2%: 0.16+0.56+0.10 ms clock, 1.3+0.64/0.64/0+0.87 ms cpu, 3->3->1 MB, 4 MB goal, 0 MB stacks, 0 MB globals, 8 P
gc 3354 @43.215s 2%: 0.11+0.67+0.097 ms clock, 0.90+0.73/0.56/0+0.77 ms cpu, 3->3->1 MB, 4 MB goal, 0 MB stacks, 0 MB globals, 8 P
gc 3355 @43.218s 2%: 0.11+0.84+0.068 ms clock, 0.94+0.29/0.66/0+0.54 ms cpu, 3->3->1 MB, 4 MB goal, 0 MB stacks, 0 MB globals, 8 P
gc 3356 @43.221s 2%: 0.066+0.43+0.10 ms clock, 0.53+0.64/0.60/0+0.81 ms cpu, 3->3->1 MB, 4 MB goal, 0 MB stacks, 0 MB globals, 8 P
gc 3357 @43.223s 2%: 0.10+0.75+0.017 ms clock, 0.81+0.62/0.56/0+0.13 ms cpu, 3->3->1 MB, 4 MB goal, 0 MB stacks, 0 MB globals, 8 P
gc 3358 @43.226s 2%: 0.077+0.47+0.085 ms clock, 0.62+0.76/0.53/0+0.68 ms cpu, 3->3->1 MB, 4 MB goal, 0 MB stacks, 0 MB globals, 8 P
gc 3359 @43.229s 2%: 0.085+0.51+0.093 ms clock, 0.68+0.57/0.60/0+0.74 ms cpu, 3->3->1 MB, 4 MB goal, 0 MB stacks, 0 MB globals, 8 P
gc 3360 @43.232s 2%: 0.078+0.45+0.082 ms clock, 0.62+0.68/0.55/0+0.65 ms cpu, 3->3->1 MB, 4 MB goal, 0 MB stacks, 0 MB globals, 8 P
gc 3361 @43.235s 2%: 0.11+0.52+0.086 ms clock, 0.91+0.62/0.64/0+0.68 ms cpu, 3->3->1 MB, 4 MB goal, 0 MB stacks, 0 MB globals, 8 P
gc 3362 @43.237s 2%: 0.081+0.71+0.11 ms clock, 0.65+0.81/0.54/0+0.91 ms cpu, 3->3->1 MB, 4 MB goal, 0 MB stacks, 0 MB globals, 8 P
gc 3363 @43.240s 2%: 0.065+0.54+0.087 ms clock, 0.52+0.70/0.61/0+0.69 ms cpu, 3->3->1 MB, 4 MB goal, 0 MB stacks, 0 MB globals, 8 P
gc 3364 @43.243s 2%: 0.11+0.47+0.096 ms clock, 0.94+0.67/0.57/0+0.77 ms cpu, 3->3->1 MB, 4 MB goal, 0 MB stacks, 0 MB globals, 8 P
gc 3365 @43.246s 2%: 0.079+0.47+0.091 ms clock, 0.63+0.54/0.65/0+0.73 ms cpu, 3->3->1 MB, 4 MB goal, 0 MB stacks, 0 MB globals, 8 P
gc 3366 @43.249s 2%: 0.10+0.82+0.083 ms clock, 0.85+0.70/0.58/0+0.66 ms cpu, 3->3->1 MB, 4 MB goal, 0 MB stacks, 0 MB globals, 8 P
gc 3367 @43.251s 2%: 0.12+0.72+0.10 ms clock, 0.97+0.55/0.59/0+0.82 ms cpu, 3->3->1 MB, 4 MB goal, 0 MB stacks, 0 MB globals, 8 P
gc 3368 @43.254s 2%: 0.11+0.87+0.079 ms clock, 0.88+0.55/0.69/0+0.63 ms cpu, 3->3->1 MB, 4 MB goal, 0 MB stacks, 0 MB globals, 8 P
gc 3369 @43.257s 2%: 0.11+0.53+0.10 ms clock, 0.91+0.74/0.69/0+0.85 ms cpu, 3->3->1 MB, 4 MB goal, 0 MB stacks, 0 MB globals, 8 P
gc 3370 @43.260s 2%: 0.085+0.44+0.091 ms clock, 0.68+0.57/0.62/0+0.73 ms cpu, 3->3->1 MB, 4 MB goal, 0 MB stacks, 0 MB globals, 8 P
gc 3371 @43.263s 2%: 0.12+0.59+0.096 ms clock, 0.97+0.68/0.58/0+0.77 ms cpu, 3->3->1 MB, 4 MB goal, 0 MB stacks, 0 MB globals, 8 P
gc 3372 @43.265s 2%: 0.098+0.74+0.096 ms clock, 0.79+0.50/0.62/0+0.76 ms cpu, 3->3->1 MB, 4 MB goal, 0 MB stacks, 0 MB globals, 8 P
gc 3373 @43.268s 2%: 0.11+0.52+0.072 ms clock, 0.94+0.63/0.63/0+0.58 ms cpu, 3->3->1 MB, 4 MB goal, 0 MB stacks, 0 MB globals, 8 P
gc 3374 @43.271s 2%: 0.10+0.59+0.12 ms clock, 0.87+0.54/0.66/0+1.0 ms cpu, 3->3->1 MB, 4 MB goal, 0 MB stacks, 0 MB globals, 8 P
gc 3375 @43.274s 2%: 0.078+0.41+0.080 ms clock, 0.62+0.53/0.56/0+0.64 ms cpu, 3->3->1 MB, 4 MB goal, 0 MB stacks, 0 MB globals, 8 P
gc 3376 @43.276s 2%: 0.087+0.45+0.095 ms clock, 0.70+0.64/0.61/0+0.76 ms cpu, 3->3->1 MB, 4 MB goal, 0 MB stacks, 0 MB globals, 8 P
gc 3377 @43.279s 2%: 0.088+0.48+0.076 ms clock, 0.70+0.60/0.60/0+0.61 ms cpu, 3->3->1 MB, 4 MB goal, 0 MB stacks, 0 MB globals, 8 P
gc 3378 @43.282s 2%: 0.079+0.66+0.062 ms clock, 0.63+0.67/0.55/0+0.50 ms cpu, 3->3->1 MB, 4 MB goal, 0 MB stacks, 0 MB globals, 8 P
gc 3379 @43.285s 2%: 0.078+0.56+0.084 ms clock, 0.62+0.60/0.59/0+0.67 ms cpu, 3->3->1 MB, 4 MB goal, 0 MB stacks, 0 MB globals, 8 P
gc 3380 @43.288s 2%: 0.058+0.55+0.086 ms clock, 0.46+0.64/0.65/0+0.68 ms cpu, 3->3->1 MB, 4 MB goal, 0 MB stacks, 0 MB globals, 8 P
gc 3381 @43.291s 2%: 0.080+0.41+0.059 ms clock, 0.64+0.78/0.52/0+0.47 ms cpu, 3->3->1 MB, 4 MB goal, 0 MB stacks, 0 MB globals, 8 P
gc 3382 @43.293s 2%: 0.071+0.51+0.049 ms clock, 0.57+0.75/0.59/0+0.39 ms cpu, 3->3->1 MB, 4 MB goal, 0 MB stacks, 0 MB globals, 8 P
gc 3383 @43.296s 2%: 0.10+0.71+0.087 ms clock, 0.86+0.68/0.59/0+0.69 ms cpu, 3->3->1 MB, 4 MB goal, 0 MB stacks, 0 MB globals, 8 P
gc 3384 @43.299s 2%: 0.10+0.54+0.076 ms clock, 0.87+0.62/0.63/0+0.61 ms cpu, 3->3->1 MB, 4 MB goal, 0 MB stacks, 0 MB globals, 8 P
gc 3385 @43.302s 2%: 0.073+0.56+0.10 ms clock, 0.59+0.61/0.68/0.002+0.85 ms cpu, 3->3->1 MB, 4 MB goal, 0 MB stacks, 0 MB globals, 8 P
gc 3386 @43.305s 2%: 0.098+0.47+0.092 ms clock, 0.78+0.68/0.54/0+0.73 ms cpu, 3->3->1 MB, 4 MB goal, 0 MB stacks, 0 MB globals, 8 P
gc 3387 @43.307s 2%: 0.12+0.53+0.12 ms clock, 1.0+0.57/0.65/0+0.96 ms cpu, 3->3->1 MB, 4 MB goal, 0 MB stacks, 0 MB globals, 8 P
gc 3388 @43.310s 2%: 0.096+0.52+0.10 ms clock, 0.77+0.69/0.56/0+0.82 ms cpu, 3->3->1 MB, 4 MB goal, 0 MB stacks, 0 MB globals, 8 P
gc 3389 @43.313s 2%: 0.087+0.51+0.062 ms clock, 0.69+0.73/0.66/0+0.49 ms cpu, 3->3->1 MB, 4 MB goal, 0 MB stacks, 0 MB globals, 8 P
gc 3390 @43.316s 2%: 0.089+0.52+0.065 ms clock, 0.71+0.72/0.61/0+0.52 ms cpu, 3->3->1 MB, 4 MB goal, 0 MB stacks, 0 MB globals, 8 P
gc 3391 @43.318s 2%: 0.082+1.0+0.079 ms clock, 0.65+0.66/0.60/0+0.63 ms cpu, 3->4->1 MB, 4 MB goal, 0 MB stacks, 0 MB globals, 8 P
gc 3392 @43.321s 2%: 0.10+0.48+0.069 ms clock, 0.80+0.71/0.60/0+0.55 ms cpu, 3->3->1 MB, 4 MB goal, 0 MB stacks, 0 MB globals, 8 P
gc 3393 @43.324s 2%: 0.11+0.71+0.088 ms clock, 0.88+0.58/0.60/0+0.70 ms cpu, 3->3->1 MB, 4 MB goal, 0 MB stacks, 0 MB globals, 8 P
gc 3394 @43.327s 2%: 0.090+0.61+0.10 ms clock, 0.72+0.68/0.65/0+0.84 ms cpu, 3->3->1 MB, 4 MB goal, 0 MB stacks, 0 MB globals, 8 P
gc 3395 @43.330s 2%: 0.10+0.45+0.11 ms clock, 0.86+0.72/0.49/0+0.88 ms cpu, 3->3->1 MB, 4 MB goal, 0 MB stacks, 0 MB globals, 8 P
gc 3396 @43.333s 2%: 0.11+0.89+0.059 ms clock, 0.93+0.73/0.56/0+0.47 ms cpu, 3->3->1 MB, 4 MB goal, 0 MB stacks, 0 MB globals, 8 P
gc 3397 @43.335s 2%: 0.067+0.53+0.11 ms clock, 0.53+0.64/0.66/0+0.88 ms cpu, 3->3->1 MB, 4 MB goal, 0 MB stacks, 0 MB globals, 8 P
gc 3398 @43.338s 2%: 0.072+0.45+0.094 ms clock, 0.58+0.71/0.56/0+0.75 ms cpu, 3->3->1 MB, 4 MB goal, 0 MB stacks, 0 MB globals, 8 P
gc 3399 @43.341s 2%: 0.10+0.53+0.092 ms clock, 0.82+0.73/0.65/0+0.73 ms cpu, 3->3->1 MB, 4 MB goal, 0 MB stacks, 0 MB globals, 8 P
gc 3400 @43.344s 2%: 0.078+0.75+0.078 ms clock, 0.62+0.62/0.63/0+0.62 ms cpu, 3->3->1 MB, 4 MB goal, 0 MB stacks, 0 MB globals, 8 P
gc 3401 @43.347s 2%: 0.085+0.47+0.10 ms clock, 0.68+0.73/0.56/0+0.86 ms cpu, 3->3->1 MB, 4 MB goal, 0 MB stacks, 0 MB globals, 8 P
gc 3402 @43.349s 2%: 0.045+0.90+0.072 ms clock, 0.36+0.78/0.54/0+0.58 ms cpu, 3->3->1 MB, 4 MB goal, 0 MB stacks, 0 MB globals, 8 P
gc 3403 @43.352s 2%: 0.10+0.63+0.062 ms clock, 0.86+0.56/0.58/0+0.50 ms cpu, 3->3->1 MB, 4 MB goal, 0 MB stacks, 0 MB globals, 8 P
gc 3404 @43.355s 2%: 0.064+0.46+0.10 ms clock, 0.51+0.60/0.56/0+0.83 ms cpu, 3->3->1 MB, 4 MB goal, 0 MB stacks, 0 MB globals, 8 P
gc 3405 @43.358s 2%: 0.12+0.60+0.093 ms clock, 0.97+0.53/0.60/0+0.74 ms cpu, 3->3->1 MB, 4 MB goal, 0 MB stacks, 0 MB globals, 8 P
gc 3406 @43.361s 2%: 0.10+0.47+0.10 ms clock, 0.85+0.68/0.57/0+0.82 ms cpu, 3->3->1 MB, 4 MB goal, 0 MB stacks, 0 MB globals, 8 P
gc 3407 @43.363s 2%: 0.093+0.52+0.098 ms clock, 0.74+0.56/0.60/0+0.79 ms cpu, 3->3->1 MB, 4 MB goal, 0 MB stacks, 0 MB globals, 8 P
gc 3408 @43.366s 2%: 0.10+0.58+0.051 ms clock, 0.87+0.66/0.69/0+0.40 ms cpu, 3->3->1 MB, 4 MB goal, 0 MB stacks, 0 MB globals, 8 P
gc 3409 @43.369s 2%: 0.13+0.92+0.080 ms clock, 1.0+0.66/0.69/0+0.64 ms cpu, 3->3->1 MB, 4 MB goal, 0 MB stacks, 0 MB globals, 8 P
gc 3410 @43.372s 2%: 0.11+0.55+0.10 ms clock, 0.92+0.45/0.65/0+0.83 ms cpu, 3->3->1 MB, 4 MB goal, 0 MB stacks, 0 MB globals, 8 P
gc 3411 @43.375s 2%: 0.071+0.85+0.091 ms clock, 0.57+0.65/0.69/0+0.73 ms cpu, 3->3->1 MB, 4 MB goal, 0 MB stacks, 0 MB globals, 8 P
gc 3412 @43.377s 2%: 0.10+0.80+0.096 ms clock, 0.81+0.50/0.65/0+0.77 ms cpu, 3->3->1 MB, 4 MB goal, 0 MB stacks, 0 MB globals, 8 P
gc 3413 @43.380s 2%: 0.095+0.49+0.11 ms clock, 0.76+0.69/0.61/0+0.91 ms cpu, 3->3->1 MB, 4 MB goal, 0 MB stacks, 0 MB globals, 8 P
gc 3414 @43.383s 2%: 0.072+0.56+0.11 ms clock, 0.57+0.70/0.65/0+0.92 ms cpu, 3->3->1 MB, 4 MB goal, 0 MB stacks, 0 MB globals, 8 P
gc 3415 @43.386s 2%: 0.061+0.50+0.11 ms clock, 0.49+0.60/0.62/0+0.90 ms cpu, 3->3->1 MB, 4 MB goal, 0 MB stacks, 0 MB globals, 8 P
gc 3416 @43.389s 2%: 0.099+0.41+0.047 ms clock, 0.79+0.62/0.62/0+0.38 ms cpu, 3->3->1 MB, 4 MB goal, 0 MB stacks, 0 MB globals, 8 P
gc 3417 @43.391s 2%: 0.11+0.49+0.10 ms clock, 0.95+0.53/0.72/0+0.80 ms cpu, 3->3->1 MB, 4 MB goal, 0 MB stacks, 0 MB globals, 8 P
gc 3418 @43.394s 2%: 0.094+0.40+0.14 ms clock, 0.75+0.51/0.63/0+1.1 ms cpu, 3->3->1 MB, 4 MB goal, 0 MB stacks, 0 MB globals, 8 P
gc 3419 @43.397s 2%: 0.091+0.46+0.061 ms clock, 0.73+0.64/0.56/0+0.48 ms cpu, 3->3->1 MB, 4 MB goal, 0 MB stacks, 0 MB globals, 8 P
gc 3420 @43.400s 2%: 0.099+0.52+0.055 ms clock, 0.79+0.59/0.63/0+0.44 ms cpu, 3->3->1 MB, 4 MB goal, 0 MB stacks, 0 MB globals, 8 P
gc 3421 @43.402s 2%: 0.11+0.49+0.089 ms clock, 0.95+0.56/0.58/0+0.71 ms cpu, 3->3->1 MB, 4 MB goal, 0 MB stacks, 0 MB globals, 8 P
gc 3422 @43.405s 2%: 0.094+0.57+0.086 ms clock, 0.75+0.66/0.66/0+0.69 ms cpu, 3->3->1 MB, 4 MB goal, 0 MB stacks, 0 MB globals, 8 P
gc 3423 @43.408s 2%: 0.10+0.49+0.089 ms clock, 0.82+0.74/0.58/0+0.71 ms cpu, 3->3->1 MB, 4 MB goal, 0 MB stacks, 0 MB globals, 8 P
gc 3424 @43.410s 2%: 0.10+0.39+0.054 ms clock, 0.80+0.69/0.57/0+0.43 ms cpu, 3->3->1 MB, 4 MB goal, 0 MB stacks, 0 MB globals, 8 P
gc 3425 @43.413s 2%: 0.092+0.61+0.096 ms clock, 0.73+0.62/0.71/0+0.77 ms cpu, 3->3->1 MB, 4 MB goal, 0 MB stacks, 0 MB globals, 8 P
gc 3426 @43.416s 2%: 0.15+0.80+0.074 ms clock, 1.2+0.62/0.62/0+0.59 ms cpu, 3->3->1 MB, 4 MB goal, 0 MB stacks, 0 MB globals, 8 P
gc 3427 @43.419s 2%: 0.098+0.51+0.096 ms clock, 0.79+0.65/0.72/0+0.76 ms cpu, 3->3->1 MB, 4 MB goal, 0 MB stacks, 0 MB globals, 8 P
gc 3428 @43.422s 2%: 0.10+0.47+0.066 ms clock, 0.82+0.63/0.60/0+0.53 ms cpu, 3->3->1 MB, 4 MB goal, 0 MB stacks, 0 MB globals, 8 P
gc 3429 @43.424s 2%: 0.11+0.43+0.091 ms clock, 0.92+0.67/0.61/0+0.72 ms cpu, 3->3->1 MB, 4 MB goal, 0 MB stacks, 0 MB globals, 8 P
gc 3430 @43.427s 2%: 0.10+0.48+0.090 ms clock, 0.82+0.73/0.57/0+0.72 ms cpu, 3->3->1 MB, 4 MB goal, 0 MB stacks, 0 MB globals, 8 P
gc 3431 @43.430s 2%: 0.076+0.52+0.10 ms clock, 0.60+0.68/0.58/0+0.82 ms cpu, 3->3->1 MB, 4 MB goal, 0 MB stacks, 0 MB globals, 8 P
gc 3432 @43.433s 2%: 0.10+0.51+0.089 ms clock, 0.80+0.59/0.67/0+0.71 ms cpu, 3->3->1 MB, 4 MB goal, 0 MB stacks, 0 MB globals, 8 P
gc 3433 @43.435s 2%: 0.12+0.76+0.092 ms clock, 0.98+0.60/0.60/0+0.73 ms cpu, 3->3->1 MB, 4 MB goal, 0 MB stacks, 0 MB globals, 8 P
gc 3434 @43.438s 2%: 0.078+0.56+0.092 ms clock, 0.62+0.59/0.61/0+0.74 ms cpu, 3->3->1 MB, 4 MB goal, 0 MB stacks, 0 MB globals, 8 P
gc 3435 @43.441s 2%: 0.061+0.57+0.067 ms clock, 0.48+0.64/0.58/0+0.53 ms cpu, 3->3->1 MB, 4 MB goal, 0 MB stacks, 0 MB globals, 8 P
gc 3436 @43.444s 2%: 0.096+0.77+0.12 ms clock, 0.77+0.62/0.69/0+1.0 ms cpu, 3->3->1 MB, 4 MB goal, 0 MB stacks, 0 MB globals, 8 P
gc 3437 @43.447s 2%: 0.066+0.61+0.13 ms clock, 0.52+0.67/0.62/0+1.0 ms cpu, 3->3->1 MB, 4 MB goal, 0 MB stacks, 0 MB globals, 8 P
gc 3438 @43.450s 2%: 0.096+0.84+0.055 ms clock, 0.77+0.66/0.52/0+0.44 ms cpu, 3->3->1 MB, 4 MB goal, 0 MB stacks, 0 MB globals, 8 P
gc 3439 @43.452s 2%: 0.13+0.50+0.063 ms clock, 1.0+0.68/0.61/0+0.50 ms cpu, 3->3->1 MB, 4 MB goal, 0 MB stacks, 0 MB globals, 8 P
gc 3440 @43.455s 2%: 0.12+0.74+0.074 ms clock, 1.0+0.66/0.59/0+0.59 ms cpu, 3->3->1 MB, 4 MB goal, 0 MB stacks, 0 MB globals, 8 P
gc 3441 @43.458s 2%: 0.094+0.47+0.086 ms clock, 0.75+0.73/0.53/0+0.69 ms cpu, 3->3->1 MB, 4 MB goal, 0 MB stacks, 0 MB globals, 8 P
gc 3442 @43.461s 2%: 0.081+0.58+0.055 ms clock, 0.65+0.66/0.66/0+0.44 ms cpu, 3->3->1 MB, 4 MB goal, 0 MB stacks, 0 MB globals, 8 P
gc 3443 @43.463s 2%: 0.13+0.56+0.068 ms clock, 1.0+0.55/0.66/0+0.54 ms cpu, 3->3->1 MB, 4 MB goal, 0 MB stacks, 0 MB globals, 8 P
gc 3444 @43.466s 2%: 0.10+0.55+0.065 ms clock, 0.83+0.67/0.56/0+0.52 ms cpu, 3->3->1 MB, 4 MB goal, 0 MB stacks, 0 MB globals, 8 P
gc 3445 @43.469s 2%: 0.12+0.59+0.099 ms clock, 0.98+0.42/0.70/0+0.79 ms cpu, 3->3->1 MB, 4 MB goal, 0 MB stacks, 0 MB globals, 8 P
gc 3446 @43.472s 2%: 0.090+0.54+0.081 ms clock, 0.72+0.68/0.68/0+0.65 ms cpu, 3->3->1 MB, 4 MB goal, 0 MB stacks, 0 MB globals, 8 P
gc 3447 @43.475s 2%: 0.070+0.96+0.11 ms clock, 0.56+0.59/0.70/0+0.88 ms cpu, 3->3->1 MB, 4 MB goal, 0 MB stacks, 0 MB globals, 8 P
gc 3448 @43.478s 2%: 0.10+0.71+0.033 ms clock, 0.83+0.47/0.63/0+0.26 ms cpu, 3->3->1 MB, 4 MB goal, 0 MB stacks, 0 MB globals, 8 P
gc 3449 @43.480s 2%: 0.11+0.93+0.12 ms clock, 0.94+0.46/0.65/0+1.0 ms cpu, 3->3->1 MB, 4 MB goal, 0 MB stacks, 0 MB globals, 8 P
gc 3450 @43.483s 2%: 0.074+0.49+0.097 ms clock, 0.59+0.64/0.59/0+0.77 ms cpu, 3->3->1 MB, 4 MB goal, 0 MB stacks, 0 MB globals, 8 P
gc 3451 @43.486s 2%: 0.11+0.56+0.082 ms clock, 0.92+0.62/0.66/0+0.66 ms cpu, 3->3->1 MB, 4 MB goal, 0 MB stacks, 0 MB globals, 8 P
gc 3452 @43.489s 2%: 0.13+0.74+0.070 ms clock, 1.0+0.99/0.62/0+0.56 ms cpu, 3->3->1 MB, 4 MB goal, 0 MB stacks, 0 MB globals, 8 P
gc 3453 @43.492s 2%: 0.083+0.87+0.10 ms clock, 0.67+0.59/0.61/0+0.84 ms cpu, 3->3->1 MB, 4 MB goal, 0 MB stacks, 0 MB globals, 8 P
gc 3454 @43.494s 2%: 0.11+0.53+0.053 ms clock, 0.93+0.62/0.62/0+0.42 ms cpu, 3->3->1 MB, 4 MB goal, 0 MB stacks, 0 MB globals, 8 P
gc 3455 @43.497s 2%: 0.079+0.49+0.087 ms clock, 0.63+0.71/0.57/0+0.69 ms cpu, 3->3->1 MB, 4 MB goal, 0 MB stacks, 0 MB globals, 8 P
gc 3456 @43.500s 2%: 0.091+0.81+0.096 ms clock, 0.72+0.59/0.55/0+0.77 ms cpu, 3->3->1 MB, 4 MB goal, 0 MB stacks, 0 MB globals, 8 P
gc 3457 @43.503s 2%: 0.094+0.51+0.087 ms clock, 0.75+0.67/0.61/0+0.69 ms cpu, 3->3->1 MB, 4 MB goal, 0 MB stacks, 0 MB globals, 8 P
gc 3458 @43.506s 2%: 0.098+0.50+0.061 ms clock, 0.78+0.67/0.57/0+0.49 ms cpu, 3->3->1 MB, 4 MB goal, 0 MB stacks, 0 MB globals, 8 P
gc 3459 @43.508s 2%: 0.12+0.55+0.098 ms clock, 0.96+0.60/0.67/0+0.78 ms cpu, 3->3->1 MB, 4 MB goal, 0 MB stacks, 0 MB globals, 8 P
gc 3460 @43.511s 2%: 0.10+0.82+0.044 ms clock, 0.83+0.67/0.62/0+0.35 ms cpu, 3->3->1 MB, 4 MB goal, 0 MB stacks, 0 MB globals, 8 P
gc 3461 @43.514s 2%: 0.13+0.62+0.090 ms clock, 1.0+0.67/0.56/0+0.72 ms cpu, 3->3->1 MB, 4 MB goal, 0 MB stacks, 0 MB globals, 8 P
gc 3462 @43.517s 2%: 0.13+0.60+0.096 ms clock, 1.0+0.65/0.62/0.030+0.76 ms cpu, 3->3->1 MB, 4 MB goal, 0 MB stacks, 0 MB globals, 8 P
gc 3463 @43.520s 2%: 0.058+0.42+0.095 ms clock, 0.46+0.59/0.58/0+0.76 ms cpu, 3->3->1 MB, 4 MB goal, 0 MB stacks, 0 MB globals, 8 P
gc 3464 @43.522s 2%: 0.11+0.50+0.046 ms clock, 0.93+0.61/0.62/0+0.36 ms cpu, 3->3->1 MB, 4 MB goal, 0 MB stacks, 0 MB globals, 8 P
gc 3465 @43.525s 2%: 0.062+0.65+0.072 ms clock, 0.50+0.67/0.50/0+0.57 ms cpu, 3->3->1 MB, 4 MB goal, 0 MB stacks, 0 MB globals, 8 P
gc 3466 @43.528s 2%: 0.088+0.53+0.10 ms clock, 0.70+0.68/0.59/0+0.82 ms cpu, 3->3->1 MB, 4 MB goal, 0 MB stacks, 0 MB globals, 8 P
gc 3467 @43.531s 2%: 0.10+0.76+0.067 ms clock, 0.86+0.64/0.63/0+0.53 ms cpu, 3->3->1 MB, 4 MB goal, 0 MB stacks, 0 MB globals, 8 P
gc 3468 @43.534s 2%: 0.077+1.1+0.092 ms clock, 0.61+0.58/0.64/0+0.73 ms cpu, 3->4->1 MB, 4 MB goal, 0 MB stacks, 0 MB globals, 8 P
gc 3469 @43.536s 2%: 0.10+0.61+0.10 ms clock, 0.80+0.58/0.62/0+0.84 ms cpu, 3->3->1 MB, 4 MB goal, 0 MB stacks, 0 MB globals, 8 P
gc 3470 @43.539s 2%: 0.10+0.61+0.066 ms clock, 0.85+0.68/0.72/0+0.53 ms cpu, 3->3->1 MB, 4 MB goal, 0 MB stacks, 0 MB globals, 8 P
gc 3471 @43.542s 2%: 0.12+0.83+0.055 ms clock, 1.0+0.81/1.0/0+0.44 ms cpu, 3->3->1 MB, 4 MB goal, 0 MB stacks, 0 MB globals, 8 P
gc 3472 @43.545s 2%: 0.11+0.55+0.098 ms clock, 0.93+0.54/0.57/0+0.79 ms cpu, 3->3->1 MB, 4 MB goal, 0 MB stacks, 0 MB globals, 8 P
gc 3473 @43.548s 2%: 0.094+0.46+0.13 ms clock, 0.75+0.60/0.50/0.12+1.0 ms cpu, 3->3->1 MB, 4 MB goal, 0 MB stacks, 0 MB globals, 8 P
gc 3474 @43.551s 2%: 0.057+0.67+0.077 ms clock, 0.46+0.72/0.62/0+0.61 ms cpu, 3->3->1 MB, 4 MB goal, 0 MB stacks, 0 MB globals, 8 P
gc 3475 @43.553s 2%: 0.094+0.85+0.085 ms clock, 0.75+0.66/0.56/0+0.68 ms cpu, 3->3->1 MB, 4 MB goal, 0 MB stacks, 0 MB globals, 8 P
gc 3476 @43.556s 2%: 0.11+0.52+0.062 ms clock, 0.90+0.67/0.65/0+0.49 ms cpu, 3->3->1 MB, 4 MB goal, 0 MB stacks, 0 MB globals, 8 P
gc 3477 @43.559s 2%: 0.096+0.53+0.047 ms clock, 0.76+0.68/0.62/0+0.38 ms cpu, 3->3->1 MB, 4 MB goal, 0 MB stacks, 0 MB globals, 8 P
gc 3478 @43.562s 2%: 0.12+0.58+0.085 ms clock, 1.0+0.56/0.64/0+0.68 ms cpu, 3->3->1 MB, 4 MB goal, 0 MB stacks, 0 MB globals, 8 P
gc 3479 @43.565s 2%: 0.10+0.55+0.060 ms clock, 0.84+0.95/0.63/0+0.48 ms cpu, 3->3->1 MB, 4 MB goal, 0 MB stacks, 0 MB globals, 8 P
gc 3480 @43.567s 2%: 0.11+0.48+0.10 ms clock, 0.90+0.77/0.59/0+0.82 ms cpu, 3->3->1 MB, 4 MB goal, 0 MB stacks, 0 MB globals, 8 P
gc 3481 @43.570s 2%: 0.10+0.53+0.039 ms clock, 0.86+0.67/0.54/0+0.31 ms cpu, 3->3->1 MB, 4 MB goal, 0 MB stacks, 0 MB globals, 8 P
gc 3482 @43.573s 2%: 0.087+0.82+0.089 ms clock, 0.70+0.63/0.62/0+0.71 ms cpu, 3->3->1 MB, 4 MB goal, 0 MB stacks, 0 MB globals, 8 P
gc 3483 @43.576s 2%: 0.10+0.61+0.12 ms clock, 0.86+0.69/0.65/0+1.0 ms cpu, 3->3->1 MB, 4 MB goal, 0 MB stacks, 0 MB globals, 8 P
gc 3484 @43.579s 2%: 0.13+0.44+0.043 ms clock, 1.0+0.66/0.57/0+0.34 ms cpu, 3->3->1 MB, 4 MB goal, 0 MB stacks, 0 MB globals, 8 P
gc 3485 @43.582s 2%: 0.10+0.94+0.068 ms clock, 0.83+0.54/0.69/0+0.54 ms cpu, 3->3->1 MB, 4 MB goal, 0 MB stacks, 0 MB globals, 8 P
gc 3486 @43.584s 2%: 0.079+0.66+0.059 ms clock, 0.63+0.56/0.65/0+0.47 ms cpu, 3->3->1 MB, 4 MB goal, 0 MB stacks, 0 MB globals, 8 P
gc 3487 @43.587s 2%: 0.11+0.68+0.089 ms clock, 0.92+0.71/0.60/0+0.71 ms cpu, 3->3->1 MB, 4 MB goal, 0 MB stacks, 0 MB globals, 8 P
gc 3488 @43.590s 2%: 0.12+0.47+0.10 ms clock, 1.0+0.64/0.59/0+0.81 ms cpu, 3->3->1 MB, 4 MB goal, 0 MB stacks, 0 MB globals, 8 P
gc 3489 @43.593s 2%: 0.097+0.49+0.066 ms clock, 0.78+0.75/0.60/0+0.53 ms cpu, 3->3->1 MB, 4 MB goal, 0 MB stacks, 0 MB globals, 8 P
gc 3490 @43.596s 2%: 0.061+0.49+0.12 ms clock, 0.49+0.57/0.66/0+0.98 ms cpu, 3->3->1 MB, 4 MB goal, 0 MB stacks, 0 MB globals, 8 P
gc 3491 @43.598s 2%: 0.085+0.56+0.088 ms clock, 0.68+0.60/0.63/0+0.70 ms cpu, 3->3->1 MB, 4 MB goal, 0 MB stacks, 0 MB globals, 8 P
gc 3492 @43.601s 2%: 0.058+0.50+0.048 ms clock, 0.47+0.72/0.52/0+0.39 ms cpu, 3->3->1 MB, 4 MB goal, 0 MB stacks, 0 MB globals, 8 P
gc 3493 @43.604s 2%: 0.14+0.45+0.045 ms clock, 1.1+0.67/0.55/0+0.36 ms cpu, 3->3->1 MB, 4 MB goal, 0 MB stacks, 0 MB globals, 8 P
gc 3494 @43.607s 2%: 0.11+0.75+0.067 ms clock, 0.91+0.62/0.64/0+0.54 ms cpu, 3->3->1 MB, 4 MB goal, 0 MB stacks, 0 MB globals, 8 P
gc 3495 @43.610s 2%: 0.15+0.62+0.11 ms clock, 1.2+0.56/0.69/0+0.88 ms cpu, 3->3->1 MB, 4 MB goal, 0 MB stacks, 0 MB globals, 8 P
gc 3496 @43.612s 2%: 0.10+0.57+0.094 ms clock, 0.87+0.62/0.65/0+0.75 ms cpu, 3->3->1 MB, 4 MB goal, 0 MB stacks, 0 MB globals, 8 P
gc 3497 @43.615s 2%: 0.10+0.73+0.10 ms clock, 0.84+0.50/0.62/0+0.80 ms cpu, 3->3->1 MB, 4 MB goal, 0 MB stacks, 0 MB globals, 8 P
gc 3498 @43.618s 2%: 0.084+0.55+0.059 ms clock, 0.67+0.58/0.71/0+0.47 ms cpu, 3->3->1 MB, 4 MB goal, 0 MB stacks, 0 MB globals, 8 P
gc 3499 @43.621s 2%: 0.086+0.53+0.11 ms clock, 0.69+0.64/0.65/0+0.90 ms cpu, 3->3->1 MB, 4 MB goal, 0 MB stacks, 0 MB globals, 8 P
gc 3500 @43.624s 2%: 0.11+0.49+0.094 ms clock, 0.91+0.72/0.53/0+0.75 ms cpu, 3->3->1 MB, 4 MB goal, 0 MB stacks, 0 MB globals, 8 P
gc 3501 @43.626s 2%: 0.10+0.53+0.055 ms clock, 0.83+0.71/0.58/0+0.44 ms cpu, 3->3->1 MB, 4 MB goal, 0 MB stacks, 0 MB globals, 8 P
gc 3502 @43.629s 2%: 0.066+0.58+0.084 ms clock, 0.53+0.76/0.49/0+0.67 ms cpu, 3->3->1 MB, 4 MB goal, 0 MB stacks, 0 MB globals, 8 P
gc 3503 @43.632s 2%: 0.064+0.54+0.096 ms clock, 0.51+0.63/0.64/0+0.77 ms cpu, 3->3->1 MB, 4 MB goal, 0 MB stacks, 0 MB globals, 8 P
gc 3504 @43.635s 2%: 0.12+0.46+0.073 ms clock, 1.0+0.68/0.53/0+0.58 ms cpu, 3->3->1 MB, 4 MB goal, 0 MB stacks, 0 MB globals, 8 P
gc 3505 @43.637s 2%: 0.12+0.48+0.10 ms clock, 0.99+0.67/0.64/0+0.87 ms cpu, 3->3->1 MB, 4 MB goal, 0 MB stacks, 0 MB globals, 8 P
gc 3506 @43.640s 2%: 0.097+0.48+0.11 ms clock, 0.77+0.64/0.56/0+0.92 ms cpu, 3->3->1 MB, 4 MB goal, 0 MB stacks, 0 MB globals, 8 P
gc 3507 @43.643s 2%: 0.059+0.90+0.084 ms clock, 0.47+0.68/0.69/0+0.67 ms cpu, 3->3->1 MB, 4 MB goal, 0 MB stacks, 0 MB globals, 8 P
gc 3508 @43.646s 2%: 0.13+0.57+0.10 ms clock, 1.0+0.53/0.75/0+0.86 ms cpu, 3->3->1 MB, 4 MB goal, 0 MB stacks, 0 MB globals, 8 P
gc 3509 @43.649s 2%: 0.13+0.42+0.053 ms clock, 1.0+0.66/0.54/0+0.43 ms cpu, 3->3->1 MB, 4 MB goal, 0 MB stacks, 0 MB globals, 8 P
gc 3510 @43.651s 2%: 0.076+0.53+0.10 ms clock, 0.61+0.72/0.63/0+0.86 ms cpu, 3->3->1 MB, 4 MB goal, 0 MB stacks, 0 MB globals, 8 P
gc 3511 @43.654s 2%: 0.13+0.46+0.037 ms clock, 1.0+0.61/0.55/0+0.30 ms cpu, 3->3->1 MB, 4 MB goal, 0 MB stacks, 0 MB globals, 8 P
gc 3512 @43.657s 2%: 0.062+1.5+0.10 ms clock, 0.50+0.63/0.68/0+0.80 ms cpu, 3->4->2 MB, 4 MB goal, 0 MB stacks, 0 MB globals, 8 P
gc 3513 @43.660s 2%: 0.12+0.52+0.071 ms clock, 1.0+0.58/0.70/0+0.57 ms cpu, 3->4->1 MB, 4 MB goal, 0 MB stacks, 0 MB globals, 8 P
gc 3514 @43.663s 2%: 0.068+0.45+0.090 ms clock, 0.54+0.61/0.61/0+0.72 ms cpu, 3->3->1 MB, 4 MB goal, 0 MB stacks, 0 MB globals, 8 P
gc 3515 @43.666s 2%: 0.067+0.59+0.11 ms clock, 0.53+0.59/0.58/0+0.91 ms cpu, 3->3->1 MB, 4 MB goal, 0 MB stacks, 0 MB globals, 8 P
gc 3516 @43.669s 2%: 0.13+0.44+0.11 ms clock, 1.0+0.54/0.57/0+0.93 ms cpu, 3->3->1 MB, 4 MB goal, 0 MB stacks, 0 MB globals, 8 P
gc 3517 @43.672s 2%: 0.10+0.71+0.099 ms clock, 0.81+0.58/0.51/0+0.79 ms cpu, 3->3->1 MB, 4 MB goal, 0 MB stacks, 0 MB globals, 8 P
gc 3518 @43.674s 2%: 0.069+0.49+0.10 ms clock, 0.55+0.79/0.65/0+0.84 ms cpu, 3->3->1 MB, 4 MB goal, 0 MB stacks, 0 MB globals, 8 P
gc 3519 @43.677s 2%: 0.088+0.54+0.073 ms clock, 0.70+0.67/0.63/0+0.58 ms cpu, 3->3->1 MB, 4 MB goal, 0 MB stacks, 0 MB globals, 8 P
gc 3520 @43.680s 2%: 0.096+0.52+0.12 ms clock, 0.77+0.70/0.66/0+0.97 ms cpu, 3->3->1 MB, 4 MB goal, 0 MB stacks, 0 MB globals, 8 P
gc 3521 @43.683s 2%: 0.13+0.48+0.096 ms clock, 1.0+0.57/0.65/0+0.77 ms cpu, 3->3->1 MB, 4 MB goal, 0 MB stacks, 0 MB globals, 8 P
gc 3522 @43.685s 2%: 0.066+0.79+0.091 ms clock, 0.53+0.78/0.64/0+0.72 ms cpu, 3->3->1 MB, 4 MB goal, 0 MB stacks, 0 MB globals, 8 P
gc 3523 @43.688s 2%: 0.083+0.57+0.086 ms clock, 0.66+0.63/0.68/0+0.68 ms cpu, 3->3->1 MB, 4 MB goal, 0 MB stacks, 0 MB globals, 8 P
gc 3524 @43.691s 2%: 0.071+0.50+0.10 ms clock, 0.57+0.95/0.54/0+0.84 ms cpu, 3->3->1 MB, 4 MB goal, 0 MB stacks, 0 MB globals, 8 P
gc 3525 @43.694s 2%: 0.12+0.56+0.10 ms clock, 1.0+0.71/0.67/0+0.84 ms cpu, 3->3->1 MB, 4 MB goal, 0 MB stacks, 0 MB globals, 8 P
gc 3526 @43.696s 2%: 0.093+0.52+0.090 ms clock, 0.75+0.70/0.54/0+0.72 ms cpu, 3->3->1 MB, 4 MB goal, 0 MB stacks, 0 MB globals, 8 P
gc 3527 @43.699s 2%: 0.084+0.47+0.038 ms clock, 0.67+0.59/0.53/0+0.30 ms cpu, 3->3->1 MB, 4 MB goal, 0 MB stacks, 0 MB globals, 8 P
gc 3528 @43.702s 2%: 0.077+0.71+0.077 ms clock, 0.62+0.68/0.59/0+0.62 ms cpu, 3->3->1 MB, 4 MB goal, 0 MB stacks, 0 MB globals, 8 P
gc 3529 @43.705s 2%: 0.10+0.48+0.10 ms clock, 0.83+0.60/0.62/0+0.80 ms cpu, 3->3->1 MB, 4 MB goal, 0 MB stacks, 0 MB globals, 8 P
gc 3530 @43.708s 2%: 0.079+0.52+0.11 ms clock, 0.63+0.65/0.62/0+0.88 ms cpu, 3->3->1 MB, 4 MB goal, 0 MB stacks, 0 MB globals, 8 P
gc 3531 @43.710s 2%: 0.098+0.46+0.056 ms clock, 0.78+0.65/0.62/0+0.45 ms cpu, 3->3->1 MB, 4 MB goal, 0 MB stacks, 0 MB globals, 8 P
gc 3532 @43.713s 2%: 0.092+0.42+0.090 ms clock, 0.74+0.69/0.51/0+0.72 ms cpu, 3->3->1 MB, 4 MB goal, 0 MB stacks, 0 MB globals, 8 P
gc 3533 @43.716s 2%: 0.11+0.77+0.091 ms clock, 0.90+0.61/0.67/0+0.72 ms cpu, 3->3->1 MB, 4 MB goal, 0 MB stacks, 0 MB globals, 8 P
gc 3534 @43.719s 2%: 0.097+0.51+0.10 ms clock, 0.77+0.64/0.56/0+0.83 ms cpu, 3->3->1 MB, 4 MB goal, 0 MB stacks, 0 MB globals, 8 P
gc 3535 @43.721s 2%: 0.10+0.42+0.045 ms clock, 0.83+0.72/0.60/0+0.36 ms cpu, 3->3->1 MB, 4 MB goal, 0 MB stacks, 0 MB globals, 8 P
gc 3536 @43.724s 2%: 0.070+0.59+0.058 ms clock, 0.56+0.64/0.63/0+0.46 ms cpu, 3->3->1 MB, 4 MB goal, 0 MB stacks, 0 MB globals, 8 P
gc 3537 @43.727s 2%: 0.10+0.52+0.12 ms clock, 0.81+0.68/0.60/0+0.96 ms cpu, 3->3->1 MB, 4 MB goal, 0 MB stacks, 0 MB globals, 8 P
gc 3538 @43.730s 2%: 0.13+0.66+0.10 ms clock, 1.0+0.44/0.65/0+0.83 ms cpu, 3->3->1 MB, 4 MB goal, 0 MB stacks, 0 MB globals, 8 P
gc 3539 @43.732s 2%: 0.063+0.60+0.069 ms clock, 0.50+0.68/0.62/0+0.55 ms cpu, 3->3->1 MB, 4 MB goal, 0 MB stacks, 0 MB globals, 8 P
gc 3540 @43.735s 2%: 0.11+0.55+0.083 ms clock, 0.88+0.61/0.64/0+0.66 ms cpu, 3->3->1 MB, 4 MB goal, 0 MB stacks, 0 MB globals, 8 P
gc 3541 @43.738s 2%: 0.073+0.44+0.085 ms clock, 0.58+0.64/0.57/0+0.68 ms cpu, 3->3->1 MB, 4 MB goal, 0 MB stacks, 0 MB globals, 8 P
gc 3542 @43.741s 2%: 0.099+0.89+0.095 ms clock, 0.79+0.72/0.57/0+0.76 ms cpu, 3->3->1 MB, 4 MB goal, 0 MB stacks, 0 MB globals, 8 P
gc 3543 @43.744s 2%: 0.071+0.70+0.068 ms clock, 0.57+0.75/0.56/0+0.54 ms cpu, 3->3->1 MB, 4 MB goal, 0 MB stacks, 0 MB globals, 8 P
gc 3544 @43.747s 2%: 0.094+0.37+0.050 ms clock, 0.75+0.65/0.63/0+0.40 ms cpu, 3->3->1 MB, 4 MB goal, 0 MB stacks, 0 MB globals, 8 P
gc 3545 @43.749s 2%: 0.10+0.48+0.077 ms clock, 0.83+0.52/0.69/0+0.62 ms cpu, 3->3->1 MB, 4 MB goal, 0 MB stacks, 0 MB globals, 8 P
gc 3546 @43.752s 2%: 0.097+0.50+0.085 ms clock, 0.77+0.63/0.59/0+0.68 ms cpu, 3->3->1 MB, 4 MB goal, 0 MB stacks, 0 MB globals, 8 P
gc 3547 @43.755s 2%: 0.063+0.54+0.089 ms clock, 0.50+0.62/0.72/0+0.71 ms cpu, 3->3->1 MB, 4 MB goal, 0 MB stacks, 0 MB globals, 8 P
gc 3548 @43.758s 2%: 0.059+0.48+0.096 ms clock, 0.47+0.73/0.54/0+0.77 ms cpu, 3->3->1 MB, 4 MB goal, 0 MB stacks, 0 MB globals, 8 P
gc 3549 @43.760s 2%: 0.10+0.42+0.059 ms clock, 0.86+0.66/0.55/0+0.47 ms cpu, 3->3->1 MB, 4 MB goal, 0 MB stacks, 0 MB globals, 8 P
gc 3550 @43.763s 2%: 0.075+1.0+0.037 ms clock, 0.60+0.53/0.65/0+0.29 ms cpu, 3->3->1 MB, 4 MB goal, 0 MB stacks, 0 MB globals, 8 P
gc 3551 @43.766s 2%: 0.11+0.36+0.027 ms clock, 0.92+0.50/0.47/0+0.22 ms cpu, 3->3->1 MB, 4 MB goal, 0 MB stacks, 0 MB globals, 8 P
gc 3552 @43.769s 2%: 0.10+0.47+0.035 ms clock, 0.84+0.60/0.58/0+0.28 ms cpu, 3->3->1 MB, 4 MB goal, 0 MB stacks, 0 MB globals, 8 P
gc 3553 @43.771s 2%: 0.097+0.88+0.093 ms clock, 0.77+0.68/0.63/0+0.75 ms cpu, 3->3->1 MB, 4 MB goal, 0 MB stacks, 0 MB globals, 8 P
gc 3554 @43.774s 2%: 0.075+0.57+0.067 ms clock, 0.60+0.68/0.53/0+0.53 ms cpu, 3->3->1 MB, 4 MB goal, 0 MB stacks, 0 MB globals, 8 P
gc 3555 @43.777s 2%: 0.12+0.48+0.11 ms clock, 1.0+0.59/0.62/0+0.92 ms cpu, 3->3->1 MB, 4 MB goal, 0 MB stacks, 0 MB globals, 8 P
gc 3556 @43.780s 2%: 0.084+0.68+0.058 ms clock, 0.67+1.0/0.62/0+0.47 ms cpu, 3->3->1 MB, 4 MB goal, 0 MB stacks, 0 MB globals, 8 P
gc 3557 @43.783s 2%: 0.14+0.53+0.12 ms clock, 1.1+0.56/0.67/0+1.0 ms cpu, 3->3->1 MB, 4 MB goal, 0 MB stacks, 0 MB globals, 8 P
gc 3558 @43.785s 2%: 0.14+0.54+0.098 ms clock, 1.1+0.63/0.62/0+0.79 ms cpu, 3->3->1 MB, 4 MB goal, 0 MB stacks, 0 MB globals, 8 P
gc 3559 @43.788s 2%: 0.076+0.70+0.095 ms clock, 0.61+0.62/0.65/0+0.76 ms cpu, 3->3->1 MB, 4 MB goal, 0 MB stacks, 0 MB globals, 8 P
gc 3560 @43.791s 2%: 0.090+0.48+0.12 ms clock, 0.72+0.74/0.46/0+1.0 ms cpu, 3->3->1 MB, 4 MB goal, 0 MB stacks, 0 MB globals, 8 P
gc 3561 @43.794s 2%: 0.081+0.37+0.080 ms clock, 0.65+0.72/0.53/0+0.64 ms cpu, 3->3->1 MB, 4 MB goal, 0 MB stacks, 0 MB globals, 8 P
gc 3562 @43.797s 2%: 0.091+0.49+0.091 ms clock, 0.73+0.77/0.58/0+0.73 ms cpu, 3->3->1 MB, 4 MB goal, 0 MB stacks, 0 MB globals, 8 P
gc 3563 @43.799s 2%: 0.10+0.50+0.092 ms clock, 0.85+0.69/0.52/0+0.73 ms cpu, 3->3->1 MB, 4 MB goal, 0 MB stacks, 0 MB globals, 8 P
gc 3564 @43.802s 2%: 0.11+0.45+0.075 ms clock, 0.91+0.68/0.58/0+0.60 ms cpu, 3->3->1 MB, 4 MB goal, 0 MB stacks, 0 MB globals, 8 P
gc 3565 @43.805s 2%: 0.11+0.74+0.095 ms clock, 0.89+0.67/0.55/0+0.76 ms cpu, 3->3->1 MB, 4 MB goal, 0 MB stacks, 0 MB globals, 8 P
gc 3566 @43.808s 2%: 0.13+0.51+0.11 ms clock, 1.0+0.68/0.58/0+0.89 ms cpu, 3->3->1 MB, 4 MB goal, 0 MB stacks, 0 MB globals, 8 P
gc 3567 @43.810s 2%: 0.12+0.90+0.042 ms clock, 1.0+0.81/0.57/0+0.33 ms cpu, 3->3->1 MB, 4 MB goal, 0 MB stacks, 0 MB globals, 8 P
gc 3568 @43.813s 2%: 0.10+0.65+0.12 ms clock, 0.84+0.54/0.69/0+1.0 ms cpu, 3->3->1 MB, 4 MB goal, 0 MB stacks, 0 MB globals, 8 P
gc 3569 @43.816s 2%: 0.093+0.56+0.10 ms clock, 0.74+0.64/0.56/0+0.84 ms cpu, 3->3->1 MB, 4 MB goal, 0 MB stacks, 0 MB globals, 8 P
gc 3570 @43.819s 2%: 0.11+0.80+0.051 ms clock, 0.94+0.72/0.61/0+0.41 ms cpu, 3->3->1 MB, 4 MB goal, 0 MB stacks, 0 MB globals, 8 P
gc 3571 @43.822s 2%: 0.10+0.47+0.11 ms clock, 0.82+0.74/0.58/0+0.95 ms cpu, 3->3->1 MB, 4 MB goal, 0 MB stacks, 0 MB globals, 8 P
gc 3572 @43.825s 2%: 0.11+0.80+0.091 ms clock, 0.92+0.56/0.64/0+0.73 ms cpu, 3->3->1 MB, 4 MB goal, 0 MB stacks, 0 MB globals, 8 P
gc 3573 @43.827s 2%: 0.11+0.68+0.098 ms clock, 0.90+0.70/0.53/0+0.78 ms cpu, 3->3->1 MB, 4 MB goal, 0 MB stacks, 0 MB globals, 8 P
gc 3574 @43.830s 2%: 0.10+0.58+0.083 ms clock, 0.87+0.68/0.57/0+0.66 ms cpu, 3->3->1 MB, 4 MB goal, 0 MB stacks, 0 MB globals, 8 P
gc 3575 @43.833s 2%: 0.11+0.45+0.054 ms clock, 0.90+0.61/0.53/0+0.43 ms cpu, 3->3->1 MB, 4 MB goal, 0 MB stacks, 0 MB globals, 8 P
gc 3576 @43.836s 2%: 0.11+0.52+0.12 ms clock, 0.92+0.65/0.59/0+1.0 ms cpu, 3->3->1 MB, 4 MB goal, 0 MB stacks, 0 MB globals, 8 P
gc 3577 @43.839s 2%: 0.10+0.48+0.10 ms clock, 0.87+0.68/0.53/0+0.86 ms cpu, 3->3->1 MB, 4 MB goal, 0 MB stacks, 0 MB globals, 8 P
gc 3578 @43.841s 2%: 0.10+0.50+0.084 ms clock, 0.82+0.62/0.67/0+0.67 ms cpu, 3->3->1 MB, 4 MB goal, 0 MB stacks, 0 MB globals, 8 P
gc 3579 @43.844s 2%: 0.050+0.52+0.15 ms clock, 0.40+0.57/0.57/0+1.2 ms cpu, 3->3->1 MB, 4 MB goal, 0 MB stacks, 0 MB globals, 8 P
gc 3580 @43.847s 2%: 0.12+0.97+0.098 ms clock, 1.0+0.33/0.68/0+0.79 ms cpu, 3->3->1 MB, 4 MB goal, 0 MB stacks, 0 MB globals, 8 P
gc 3581 @43.849s 2%: 0.13+0.71+0.080 ms clock, 1.1+0.53/0.67/0+0.64 ms cpu, 3->3->1 MB, 4 MB goal, 0 MB stacks, 0 MB globals, 8 P
gc 3582 @43.852s 2%: 0.11+0.48+0.072 ms clock, 0.94+0.70/0.52/0+0.57 ms cpu, 3->3->1 MB, 4 MB goal, 0 MB stacks, 0 MB globals, 8 P
gc 3583 @43.855s 2%: 0.11+0.60+0.10 ms clock, 0.88+0.56/0.62/0+0.82 ms cpu, 3->3->1 MB, 4 MB goal, 0 MB stacks, 0 MB globals, 8 P
gc 3584 @43.858s 2%: 0.13+0.83+0.077 ms clock, 1.0+0.69/0.69/0+0.62 ms cpu, 3->3->1 MB, 4 MB goal, 0 MB stacks, 0 MB globals, 8 P
gc 3585 @43.861s 2%: 0.076+0.51+0.048 ms clock, 0.61+0.63/0.62/0+0.39 ms cpu, 3->3->1 MB, 4 MB goal, 0 MB stacks, 0 MB globals, 8 P
gc 3586 @43.864s 2%: 0.083+0.93+0.083 ms clock, 0.67+0.71/0.54/0+0.66 ms cpu, 3->3->1 MB, 4 MB goal, 0 MB stacks, 0 MB globals, 8 P
gc 3587 @43.866s 2%: 0.11+0.49+0.10 ms clock, 0.88+0.65/0.60/0+0.87 ms cpu, 3->3->1 MB, 4 MB goal, 0 MB stacks, 0 MB globals, 8 P
gc 3588 @43.869s 2%: 0.093+0.95+0.038 ms clock, 0.74+0.60/0.63/0+0.30 ms cpu, 3->3->1 MB, 4 MB goal, 0 MB stacks, 0 MB globals, 8 P
gc 3589 @43.872s 2%: 0.066+0.59+0.10 ms clock, 0.53+0.73/0.75/0+0.85 ms cpu, 3->3->1 MB, 4 MB goal, 0 MB stacks, 0 MB globals, 8 P
gc 3590 @43.875s 2%: 0.079+0.36+0.054 ms clock, 0.63+0.69/0.53/0+0.43 ms cpu, 3->3->1 MB, 4 MB goal, 0 MB stacks, 0 MB globals, 8 P
gc 3591 @43.878s 2%: 0.077+0.51+0.10 ms clock, 0.61+0.73/0.63/0+0.87 ms cpu, 3->3->1 MB, 4 MB goal, 0 MB stacks, 0 MB globals, 8 P
gc 3592 @43.880s 2%: 0.075+0.61+0.094 ms clock, 0.60+0.60/0.61/0+0.75 ms cpu, 3->3->1 MB, 4 MB goal, 0 MB stacks, 0 MB globals, 8 P
gc 3593 @43.883s 2%: 0.084+0.71+0.10 ms clock, 0.67+0.67/0.64/0+0.87 ms cpu, 3->3->1 MB, 4 MB goal, 0 MB stacks, 0 MB globals, 8 P
gc 3594 @43.886s 2%: 0.089+0.89+0.052 ms clock, 0.71+0.65/0.62/0+0.42 ms cpu, 3->3->1 MB, 4 MB goal, 0 MB stacks, 0 MB globals, 8 P
gc 3595 @43.889s 2%: 0.066+0.61+0.10 ms clock, 0.53+0.66/0.58/0+0.82 ms cpu, 3->3->1 MB, 4 MB goal, 0 MB stacks, 0 MB globals, 8 P
gc 3596 @43.892s 2%: 0.061+0.69+0.012 ms clock, 0.49+0.66/0.62/0+0.10 ms cpu, 3->3->1 MB, 4 MB goal, 0 MB stacks, 0 MB globals, 8 P
gc 3597 @43.894s 2%: 0.13+0.37+0.060 ms clock, 1.0+0.66/0.50/0+0.48 ms cpu, 3->3->1 MB, 4 MB goal, 0 MB stacks, 0 MB globals, 8 P
gc 3598 @43.897s 2%: 0.11+0.47+0.090 ms clock, 0.88+0.59/0.69/0+0.72 ms cpu, 3->3->1 MB, 4 MB goal, 0 MB stacks, 0 MB globals, 8 P
gc 3599 @43.900s 2%: 0.067+0.58+0.11 ms clock, 0.54+0.67/0.63/0+0.93 ms cpu, 3->3->1 MB, 4 MB goal, 0 MB stacks, 0 MB globals, 8 P
gc 3600 @43.903s 2%: 0.11+0.54+0.10 ms clock, 0.90+0.71/0.56/0+0.82 ms cpu, 3->3->1 MB, 4 MB goal, 0 MB stacks, 0 MB globals, 8 P
gc 3601 @43.905s 2%: 0.10+0.68+0.099 ms clock, 0.83+0.69/0.69/0+0.79 ms cpu, 3->3->1 MB, 4 MB goal, 0 MB stacks, 0 MB globals, 8 P
gc 3602 @43.908s 2%: 0.12+0.42+0.11 ms clock, 0.98+0.69/0.57/0+0.91 ms cpu, 3->3->1 MB, 4 MB goal, 0 MB stacks, 0 MB globals, 8 P
gc 3603 @43.911s 2%: 0.082+0.67+0.065 ms clock, 0.65+0.61/0.68/0+0.52 ms cpu, 3->3->1 MB, 4 MB goal, 0 MB stacks, 0 MB globals, 8 P
gc 3604 @43.914s 2%: 0.10+0.58+0.066 ms clock, 0.81+0.68/0.60/0+0.53 ms cpu, 3->3->1 MB, 4 MB goal, 0 MB stacks, 0 MB globals, 8 P
gc 3605 @43.916s 2%: 0.11+0.55+0.070 ms clock, 0.94+0.49/0.69/0+0.56 ms cpu, 3->3->1 MB, 4 MB goal, 0 MB stacks, 0 MB globals, 8 P
gc 3606 @43.919s 2%: 0.10+0.56+0.056 ms clock, 0.81+0.64/0.59/0+0.44 ms cpu, 3->3->1 MB, 4 MB goal, 0 MB stacks, 0 MB globals, 8 P
gc 3607 @43.922s 2%: 0.072+0.51+0.11 ms clock, 0.57+0.69/0.59/0+0.90 ms cpu, 3->3->1 MB, 4 MB goal, 0 MB stacks, 0 MB globals, 8 P
gc 3608 @43.925s 2%: 0.11+0.60+0.044 ms clock, 0.92+0.68/0.62/0+0.35 ms cpu, 3->3->1 MB, 4 MB goal, 0 MB stacks, 0 MB globals, 8 P
gc 3609 @43.928s 2%: 0.12+0.49+0.11 ms clock, 0.97+0.62/0.62/0+0.89 ms cpu, 3->3->1 MB, 4 MB goal, 0 MB stacks, 0 MB globals, 8 P
gc 3610 @43.930s 2%: 0.098+0.57+0.12 ms clock, 0.78+0.66/0.58/0+0.96 ms cpu, 3->3->1 MB, 4 MB goal, 0 MB stacks, 0 MB globals, 8 P
gc 3611 @43.933s 2%: 0.10+0.48+0.075 ms clock, 0.82+0.75/0.58/0+0.60 ms cpu, 3->3->1 MB, 4 MB goal, 0 MB stacks, 0 MB globals, 8 P
gc 3612 @43.936s 2%: 0.067+0.70+0.084 ms clock, 0.54+0.40/0.74/0+0.67 ms cpu, 3->3->1 MB, 4 MB goal, 0 MB stacks, 0 MB globals, 8 P
gc 3613 @43.939s 2%: 0.074+0.43+0.084 ms clock, 0.59+0.66/0.51/0+0.67 ms cpu, 3->3->1 MB, 4 MB goal, 0 MB stacks, 0 MB globals, 8 P
gc 3614 @43.942s 2%: 0.080+0.51+0.093 ms clock, 0.64+0.61/0.65/0+0.74 ms cpu, 3->3->1 MB, 4 MB goal, 0 MB stacks, 0 MB globals, 8 P
gc 3615 @43.944s 2%: 0.13+0.52+0.093 ms clock, 1.0+0.71/0.59/0+0.74 ms cpu, 3->3->1 MB, 4 MB goal, 0 MB stacks, 0 MB globals, 8 P
gc 3616 @43.947s 2%: 0.096+0.72+0.074 ms clock, 0.77+0.51/0.51/0+0.59 ms cpu, 3->3->1 MB, 4 MB goal, 0 MB stacks, 0 MB globals, 8 P
gc 3617 @43.950s 2%: 0.11+0.67+0.078 ms clock, 0.89+0.65/0.66/0+0.62 ms cpu, 3->3->1 MB, 4 MB goal, 0 MB stacks, 0 MB globals, 8 P
gc 3618 @43.953s 2%: 0.084+0.45+0.034 ms clock, 0.67+0.65/0.59/0+0.27 ms cpu, 3->3->1 MB, 4 MB goal, 0 MB stacks, 0 MB globals, 8 P
gc 3619 @43.955s 2%: 0.062+0.43+0.037 ms clock, 0.50+0.67/0.59/0+0.29 ms cpu, 3->3->1 MB, 4 MB goal, 0 MB stacks, 0 MB globals, 8 P
gc 3620 @43.958s 2%: 0.095+0.59+0.11 ms clock, 0.76+0.66/0.58/0+0.91 ms cpu, 3->3->1 MB, 4 MB goal, 0 MB stacks, 0 MB globals, 8 P
gc 3621 @43.961s 2%: 0.093+0.50+0.11 ms clock, 0.75+0.63/0.57/0+0.88 ms cpu, 3->3->1 MB, 4 MB goal, 0 MB stacks, 0 MB globals, 8 P
gc 3622 @43.964s 2%: 0.11+0.44+0.094 ms clock, 0.91+0.69/0.55/0+0.75 ms cpu, 3->3->1 MB, 4 MB goal, 0 MB stacks, 0 MB globals, 8 P
gc 3623 @43.967s 2%: 0.079+0.56+0.049 ms clock, 0.63+0.61/0.62/0+0.39 ms cpu, 3->3->1 MB, 4 MB goal, 0 MB stacks, 0 MB globals, 8 P
gc 3624 @43.969s 2%: 0.12+0.56+0.10 ms clock, 1.0+0.70/0.68/0+0.85 ms cpu, 3->3->1 MB, 4 MB goal, 0 MB stacks, 0 MB globals, 8 P
gc 3625 @43.972s 2%: 0.081+0.50+0.085 ms clock, 0.65+0.81/0.48/0+0.68 ms cpu, 3->3->1 MB, 4 MB goal, 0 MB stacks, 0 MB globals, 8 P
gc 3626 @43.975s 2%: 0.10+0.46+0.081 ms clock, 0.80+0.70/0.60/0+0.65 ms cpu, 3->3->1 MB, 4 MB goal, 0 MB stacks, 0 MB globals, 8 P
gc 3627 @43.978s 2%: 0.097+0.54+0.10 ms clock, 0.77+0.64/0.58/0+0.86 ms cpu, 3->3->1 MB, 4 MB goal, 0 MB stacks, 0 MB globals, 8 P
gc 3628 @43.980s 2%: 0.10+0.49+0.10 ms clock, 0.80+0.58/0.59/0+0.81 ms cpu, 3->3->1 MB, 4 MB goal, 0 MB stacks, 0 MB globals, 8 P
gc 3629 @43.983s 2%: 0.10+0.57+0.075 ms clock, 0.83+0.62/0.61/0+0.60 ms cpu, 3->3->1 MB, 4 MB goal, 0 MB stacks, 0 MB globals, 8 P
gc 3630 @43.986s 2%: 0.10+0.52+0.088 ms clock, 0.85+0.66/0.62/0+0.70 ms cpu, 3->3->1 MB, 4 MB goal, 0 MB stacks, 0 MB globals, 8 P
gc 3631 @43.989s 2%: 0.12+0.43+0.096 ms clock, 1.0+0.70/0.62/0+0.77 ms cpu, 3->3->1 MB, 4 MB goal, 0 MB stacks, 0 MB globals, 8 P
gc 3632 @43.991s 2%: 0.081+0.53+0.10 ms clock, 0.65+0.61/0.70/0+0.83 ms cpu, 3->3->1 MB, 4 MB goal, 0 MB stacks, 0 MB globals, 8 P
gc 3633 @43.994s 2%: 0.093+0.43+0.099 ms clock, 0.74+0.69/0.48/0.060+0.79 ms cpu, 3->3->1 MB, 4 MB goal, 0 MB stacks, 0 MB globals, 8 P
gc 3634 @43.997s 2%: 0.084+0.40+0.062 ms clock, 0.67+0.69/0.53/0+0.50 ms cpu, 3->3->1 MB, 4 MB goal, 0 MB stacks, 0 MB globals, 8 P
gc 3635 @44.000s 2%: 0.081+0.48+0.041 ms clock, 0.65+0.67/0.61/0+0.33 ms cpu, 3->3->1 MB, 4 MB goal, 0 MB stacks, 0 MB globals, 8 P
gc 3636 @44.002s 2%: 0.079+0.97+0.027 ms clock, 0.63+0.59/0.56/0+0.21 ms cpu, 3->3->1 MB, 4 MB goal, 0 MB stacks, 0 MB globals, 8 P
gc 3637 @44.005s 2%: 0.11+0.44+0.10 ms clock, 0.88+0.63/0.57/0+0.84 ms cpu, 3->3->1 MB, 4 MB goal, 0 MB stacks, 0 MB globals, 8 P
gc 3638 @44.008s 2%: 0.095+0.45+0.071 ms clock, 0.76+0.57/0.69/0+0.57 ms cpu, 3->3->1 MB, 4 MB goal, 0 MB stacks, 0 MB globals, 8 P
gc 3639 @44.011s 2%: 0.078+0.56+0.10 ms clock, 0.63+0.66/0.68/0+0.80 ms cpu, 3->3->1 MB, 4 MB goal, 0 MB stacks, 0 MB globals, 8 P
gc 3640 @44.014s 2%: 0.14+0.54+0.10 ms clock, 1.1+0.64/0.59/0+0.84 ms cpu, 3->3->1 MB, 4 MB goal, 0 MB stacks, 0 MB globals, 8 P
gc 3641 @44.016s 2%: 0.069+0.52+0.049 ms clock, 0.55+0.72/0.54/0+0.39 ms cpu, 3->3->1 MB, 4 MB goal, 0 MB stacks, 0 MB globals, 8 P
gc 3642 @44.019s 2%: 0.093+0.43+0.10 ms clock, 0.75+0.61/0.55/0+0.82 ms cpu, 3->3->1 MB, 4 MB goal, 0 MB stacks, 0 MB globals, 8 P
gc 3643 @44.022s 2%: 0.094+0.53+0.091 ms clock, 0.75+0.67/0.62/0+0.73 ms cpu, 3->3->1 MB, 4 MB goal, 0 MB stacks, 0 MB globals, 8 P
gc 3644 @44.025s 2%: 0.083+0.51+0.13 ms clock, 0.66+0.64/0.63/0+1.1 ms cpu, 3->3->1 MB, 4 MB goal, 0 MB stacks, 0 MB globals, 8 P
gc 3645 @44.027s 2%: 0.10+0.54+0.10 ms clock, 0.84+0.67/0.65/0+0.80 ms cpu, 3->3->1 MB, 4 MB goal, 0 MB stacks, 0 MB globals, 8 P
gc 3646 @44.030s 2%: 0.094+0.57+0.066 ms clock, 0.75+0.59/0.74/0+0.53 ms cpu, 3->3->1 MB, 4 MB goal, 0 MB stacks, 0 MB globals, 8 P
gc 3647 @44.033s 2%: 0.076+0.55+0.077 ms clock, 0.61+0.64/0.69/0+0.62 ms cpu, 3->3->1 MB, 4 MB goal, 0 MB stacks, 0 MB globals, 8 P
gc 3648 @44.036s 2%: 0.10+0.42+0.073 ms clock, 0.80+0.73/0.48/0+0.58 ms cpu, 3->3->1 MB, 4 MB goal, 0 MB stacks, 0 MB globals, 8 P
gc 3649 @44.038s 2%: 0.10+0.46+0.098 ms clock, 0.83+0.62/0.56/0+0.78 ms cpu, 3->3->1 MB, 4 MB goal, 0 MB stacks, 0 MB globals, 8 P
gc 3650 @44.041s 2%: 0.098+0.43+0.085 ms clock, 0.78+0.58/0.65/0+0.68 ms cpu, 3->3->1 MB, 4 MB goal, 0 MB stacks, 0 MB globals, 8 P
gc 3651 @44.044s 2%: 0.055+0.49+0.10 ms clock, 0.44+0.72/0.66/0+0.82 ms cpu, 3->3->1 MB, 4 MB goal, 0 MB stacks, 0 MB globals, 8 P
gc 3652 @44.047s 2%: 0.11+0.45+0.080 ms clock, 0.89+0.68/0.57/0+0.64 ms cpu, 3->3->1 MB, 4 MB goal, 0 MB stacks, 0 MB globals, 8 P
gc 3653 @44.050s 2%: 0.14+0.49+0.082 ms clock, 1.1+0.67/0.60/0+0.65 ms cpu, 3->3->1 MB, 4 MB goal, 0 MB stacks, 0 MB globals, 8 P
gc 3654 @44.053s 2%: 0.094+0.45+0.090 ms clock, 0.75+0.63/0.61/0+0.72 ms cpu, 3->3->1 MB, 4 MB goal, 0 MB stacks, 0 MB globals, 8 P
gc 3655 @44.055s 2%: 0.10+0.54+0.061 ms clock, 0.84+0.71/0.64/0+0.49 ms cpu, 3->3->1 MB, 4 MB goal, 0 MB stacks, 0 MB globals, 8 P
gc 3656 @44.058s 2%: 0.13+0.37+0.056 ms clock, 1.0+0.66/0.49/0+0.45 ms cpu, 3->3->1 MB, 4 MB goal, 0 MB stacks, 0 MB globals, 8 P
gc 3657 @44.061s 2%: 0.083+0.48+0.075 ms clock, 0.66+0.55/0.58/0+0.60 ms cpu, 3->3->1 MB, 4 MB goal, 0 MB stacks, 0 MB globals, 8 P
gc 3658 @44.064s 2%: 0.10+0.51+0.13 ms clock, 0.85+0.68/0.52/0+1.0 ms cpu, 3->3->1 MB, 4 MB goal, 0 MB stacks, 0 MB globals, 8 P
gc 3659 @44.067s 2%: 0.10+0.55+0.060 ms clock, 0.82+0.66/0.66/0+0.48 ms cpu, 3->3->1 MB, 4 MB goal, 0 MB stacks, 0 MB globals, 8 P
gc 3660 @44.069s 2%: 0.11+0.46+0.11 ms clock, 0.89+0.67/0.52/0+0.94 ms cpu, 3->3->1 MB, 4 MB goal, 0 MB stacks, 0 MB globals, 8 P
gc 3661 @44.072s 2%: 0.11+0.53+0.074 ms clock, 0.92+0.67/0.57/0+0.59 ms cpu, 3->3->1 MB, 4 MB goal, 0 MB stacks, 0 MB globals, 8 P
gc 3662 @44.075s 2%: 0.13+0.46+0.10 ms clock, 1.0+0.67/0.58/0+0.80 ms cpu, 3->3->1 MB, 4 MB goal, 0 MB stacks, 0 MB globals, 8 P
gc 3663 @44.078s 2%: 0.12+0.56+0.090 ms clock, 1.0+0.62/0.69/0+0.72 ms cpu, 3->3->1 MB, 4 MB goal, 0 MB stacks, 0 MB globals, 8 P
gc 3664 @44.081s 2%: 0.091+0.49+0.050 ms clock, 0.72+0.70/0.55/0+0.40 ms cpu, 3->3->1 MB, 4 MB goal, 0 MB stacks, 0 MB globals, 8 P
gc 3665 @44.083s 2%: 0.080+0.47+0.057 ms clock, 0.64+0.67/0.60/0+0.45 ms cpu, 3->3->1 MB, 4 MB goal, 0 MB stacks, 0 MB globals, 8 P
gc 3666 @44.086s 2%: 0.083+0.55+0.093 ms clock, 0.66+0.70/0.56/0+0.74 ms cpu, 3->3->1 MB, 4 MB goal, 0 MB stacks, 0 MB globals, 8 P
gc 3667 @44.089s 2%: 0.10+0.49+0.071 ms clock, 0.81+0.66/0.69/0+0.57 ms cpu, 3->3->1 MB, 4 MB goal, 0 MB stacks, 0 MB globals, 8 P
gc 3668 @44.092s 2%: 0.12+0.43+0.045 ms clock, 0.97+0.70/0.58/0+0.36 ms cpu, 3->3->1 MB, 4 MB goal, 0 MB stacks, 0 MB globals, 8 P
gc 3669 @44.094s 2%: 0.12+0.43+0.069 ms clock, 1.0+0.72/0.52/0+0.55 ms cpu, 3->3->1 MB, 4 MB goal, 0 MB stacks, 0 MB globals, 8 P
gc 3670 @44.097s 2%: 0.085+0.49+0.12 ms clock, 0.68+0.56/0.68/0+1.0 ms cpu, 3->3->1 MB, 4 MB goal, 0 MB stacks, 0 MB globals, 8 P
gc 3671 @44.100s 2%: 0.064+0.45+0.055 ms clock, 0.51+0.83/0.54/0+0.44 ms cpu, 3->3->1 MB, 4 MB goal, 0 MB stacks, 0 MB globals, 8 P
gc 3672 @44.103s 2%: 0.075+0.39+0.055 ms clock, 0.60+0.68/0.58/0+0.44 ms cpu, 3->3->1 MB, 4 MB goal, 0 MB stacks, 0 MB globals, 8 P
gc 3673 @44.105s 2%: 0.098+0.45+0.067 ms clock, 0.78+0.73/0.62/0+0.53 ms cpu, 3->3->1 MB, 4 MB goal, 0 MB stacks, 0 MB globals, 8 P
gc 3674 @44.108s 2%: 0.097+0.55+0.11 ms clock, 0.78+0.61/0.66/0+0.94 ms cpu, 3->3->1 MB, 4 MB goal, 0 MB stacks, 0 MB globals, 8 P
gc 3675 @44.111s 2%: 0.10+0.51+0.046 ms clock, 0.82+0.71/0.57/0+0.37 ms cpu, 3->3->1 MB, 4 MB goal, 0 MB stacks, 0 MB globals, 8 P
gc 3676 @44.114s 2%: 0.068+0.53+0.10 ms clock, 0.54+0.69/0.66/0+0.84 ms cpu, 3->3->1 MB, 4 MB goal, 0 MB stacks, 0 MB globals, 8 P
gc 3677 @44.116s 2%: 0.12+0.44+0.098 ms clock, 0.98+0.71/0.54/0+0.78 ms cpu, 3->3->1 MB, 4 MB goal, 0 MB stacks, 0 MB globals, 8 P
gc 3678 @44.119s 2%: 0.10+0.53+0.095 ms clock, 0.86+0.64/0.64/0+0.76 ms cpu, 3->3->1 MB, 4 MB goal, 0 MB stacks, 0 MB globals, 8 P
gc 3679 @44.122s 2%: 0.093+0.48+0.075 ms clock, 0.74+0.56/0.64/0+0.60 ms cpu, 3->3->1 MB, 4 MB goal, 0 MB stacks, 0 MB globals, 8 P
gc 3680 @44.125s 2%: 0.097+0.77+0.059 ms clock, 0.78+0.49/0.66/0+0.47 ms cpu, 3->3->1 MB, 4 MB goal, 0 MB stacks, 0 MB globals, 8 P
gc 3681 @44.127s 2%: 0.099+0.51+0.038 ms clock, 0.79+0.71/0.60/0+0.30 ms cpu, 3->3->1 MB, 4 MB goal, 0 MB stacks, 0 MB globals, 8 P
gc 3682 @44.130s 2%: 0.10+0.64+0.079 ms clock, 0.83+0.61/0.55/0+0.63 ms cpu, 3->3->1 MB, 4 MB goal, 0 MB stacks, 0 MB globals, 8 P
gc 3683 @44.133s 2%: 0.086+0.65+0.086 ms clock, 0.68+0.62/0.81/0+0.68 ms cpu, 3->3->1 MB, 4 MB goal, 0 MB stacks, 0 MB globals, 8 P
gc 3684 @44.136s 2%: 0.088+0.64+0.10 ms clock, 0.71+0.54/0.58/0+0.80 ms cpu, 3->3->1 MB, 4 MB goal, 0 MB stacks, 0 MB globals, 8 P
gc 3685 @44.139s 2%: 0.059+0.49+0.099 ms clock, 0.47+0.71/0.64/0+0.79 ms cpu, 3->3->1 MB, 4 MB goal, 0 MB stacks, 0 MB globals, 8 P
gc 3686 @44.141s 2%: 0.084+0.57+0.082 ms clock, 0.67+0.75/0.68/0+0.66 ms cpu, 3->3->1 MB, 4 MB goal, 0 MB stacks, 0 MB globals, 8 P
gc 3687 @44.144s 2%: 0.061+0.54+0.11 ms clock, 0.48+0.56/0.67/0+0.89 ms cpu, 3->3->1 MB, 4 MB goal, 0 MB stacks, 0 MB globals, 8 P
gc 3688 @44.147s 2%: 0.087+0.49+0.074 ms clock, 0.70+0.63/0.61/0+0.59 ms cpu, 3->3->1 MB, 4 MB goal, 0 MB stacks, 0 MB globals, 8 P
gc 3689 @44.150s 2%: 0.10+0.63+0.097 ms clock, 0.85+0.63/0.73/0+0.77 ms cpu, 3->3->1 MB, 4 MB goal, 0 MB stacks, 0 MB globals, 8 P
gc 3690 @44.152s 2%: 0.073+0.68+0.086 ms clock, 0.59+0.66/0.76/0+0.68 ms cpu, 3->3->1 MB, 4 MB goal, 0 MB stacks, 0 MB globals, 8 P
gc 3691 @44.155s 2%: 0.10+0.57+0.096 ms clock, 0.82+0.69/0.69/0+0.76 ms cpu, 3->3->1 MB, 4 MB goal, 0 MB stacks, 0 MB globals, 8 P
gc 3692 @44.158s 2%: 0.076+0.55+0.081 ms clock, 0.61+0.77/0.52/0+0.65 ms cpu, 3->3->1 MB, 4 MB goal, 0 MB stacks, 0 MB globals, 8 P
gc 3693 @44.161s 2%: 0.095+0.78+0.024 ms clock, 0.76+0.57/0.71/0+0.19 ms cpu, 3->3->1 MB, 4 MB goal, 0 MB stacks, 0 MB globals, 8 P
gc 3694 @44.164s 2%: 0.10+0.58+0.051 ms clock, 0.87+0.68/0.71/0+0.40 ms cpu, 3->3->1 MB, 4 MB goal, 0 MB stacks, 0 MB globals, 8 P
gc 3695 @44.167s 2%: 0.10+0.56+0.11 ms clock, 0.81+0.80/0.57/0+0.92 ms cpu, 3->3->1 MB, 4 MB goal, 0 MB stacks, 0 MB globals, 8 P
gc 3696 @44.169s 2%: 0.091+0.44+0.069 ms clock, 0.73+0.54/0.62/0+0.55 ms cpu, 3->3->1 MB, 4 MB goal, 0 MB stacks, 0 MB globals, 8 P
gc 3697 @44.172s 2%: 0.076+0.53+0.11 ms clock, 0.61+0.70/0.62/0+0.92 ms cpu, 3->3->1 MB, 4 MB goal, 0 MB stacks, 0 MB globals, 8 P
gc 3698 @44.175s 2%: 0.11+0.55+0.10 ms clock, 0.93+0.80/0.56/0+0.83 ms cpu, 3->3->1 MB, 4 MB goal, 0 MB stacks, 0 MB globals, 8 P
gc 3699 @44.177s 2%: 0.12+0.51+0.092 ms clock, 1.0+0.68/0.64/0+0.74 ms cpu, 3->3->1 MB, 4 MB goal, 0 MB stacks, 0 MB globals, 8 P
gc 3700 @44.180s 2%: 0.099+0.82+0.089 ms clock, 0.79+0.76/0.70/0+0.71 ms cpu, 3->3->1 MB, 4 MB goal, 0 MB stacks, 0 MB globals, 8 P
gc 3701 @44.183s 2%: 0.11+0.57+0.094 ms clock, 0.91+0.70/0.63/0+0.75 ms cpu, 3->3->1 MB, 4 MB goal, 0 MB stacks, 0 MB globals, 8 P
gc 3702 @44.186s 2%: 0.11+0.44+0.048 ms clock, 0.91+0.74/0.57/0+0.39 ms cpu, 3->3->1 MB, 4 MB goal, 0 MB stacks, 0 MB globals, 8 P
gc 3703 @44.189s 2%: 0.11+0.57+0.076 ms clock, 0.90+0.71/0.62/0+0.60 ms cpu, 3->3->1 MB, 4 MB goal, 0 MB stacks, 0 MB globals, 8 P
gc 3704 @44.191s 2%: 0.080+0.56+0.11 ms clock, 0.64+0.70/0.64/0+0.90 ms cpu, 3->3->1 MB, 4 MB goal, 0 MB stacks, 0 MB globals, 8 P
gc 3705 @44.194s 2%: 0.11+0.63+0.088 ms clock, 0.89+0.63/0.78/0+0.70 ms cpu, 3->3->1 MB, 4 MB goal, 0 MB stacks, 0 MB globals, 8 P
gc 3706 @44.197s 2%: 0.10+0.54+0.11 ms clock, 0.83+0.56/0.63/0+0.93 ms cpu, 3->3->1 MB, 4 MB goal, 0 MB stacks, 0 MB globals, 8 P
gc 3707 @44.200s 2%: 0.078+0.55+0.11 ms clock, 0.62+0.62/0.74/0+0.88 ms cpu, 3->3->1 MB, 4 MB goal, 0 MB stacks, 0 MB globals, 8 P
gc 3708 @44.203s 2%: 0.10+0.54+0.10 ms clock, 0.87+0.66/0.62/0+0.81 ms cpu, 3->3->1 MB, 4 MB goal, 0 MB stacks, 0 MB globals, 8 P
gc 3709 @44.205s 2%: 0.14+0.61+0.081 ms clock, 1.1+0.65/0.56/0+0.64 ms cpu, 3->3->1 MB, 4 MB goal, 0 MB stacks, 0 MB globals, 8 P
gc 3710 @44.208s 2%: 0.12+1.0+0.093 ms clock, 0.98+0.71/0.62/0+0.74 ms cpu, 3->4->1 MB, 4 MB goal, 0 MB stacks, 0 MB globals, 8 P
gc 3711 @44.211s 2%: 0.14+0.39+0.065 ms clock, 1.1+0.63/0.58/0+0.52 ms cpu, 3->3->1 MB, 4 MB goal, 0 MB stacks, 0 MB globals, 8 P
gc 3712 @44.214s 2%: 0.11+0.60+0.062 ms clock, 0.92+0.64/0.70/0+0.49 ms cpu, 3->3->1 MB, 4 MB goal, 0 MB stacks, 0 MB globals, 8 P
gc 3713 @44.217s 2%: 0.091+0.59+0.068 ms clock, 0.73+0.65/0.73/0+0.54 ms cpu, 3->3->1 MB, 4 MB goal, 0 MB stacks, 0 MB globals, 8 P
gc 3714 @44.219s 2%: 0.096+0.52+0.071 ms clock, 0.77+0.51/0.60/0+0.57 ms cpu, 3->3->1 MB, 4 MB goal, 0 MB stacks, 0 MB globals, 8 P
gc 3715 @44.222s 2%: 0.12+0.83+0.050 ms clock, 0.96+0.65/0.69/0+0.40 ms cpu, 3->3->1 MB, 4 MB goal, 0 MB stacks, 0 MB globals, 8 P
gc 3716 @44.225s 2%: 0.10+0.44+0.078 ms clock, 0.80+0.65/0.58/0+0.62 ms cpu, 3->3->1 MB, 4 MB goal, 0 MB stacks, 0 MB globals, 8 P
gc 3717 @44.228s 2%: 0.10+0.62+0.054 ms clock, 0.85+0.72/0.50/0+0.43 ms cpu, 3->3->1 MB, 4 MB goal, 0 MB stacks, 0 MB globals, 8 P
gc 3718 @44.231s 2%: 0.10+0.95+0.041 ms clock, 0.87+0.58/0.59/0+0.33 ms cpu, 3->3->1 MB, 4 MB goal, 0 MB stacks, 0 MB globals, 8 P
gc 3719 @44.234s 2%: 0.085+0.79+0.098 ms clock, 0.68+0.66/0.62/0+0.78 ms cpu, 3->3->1 MB, 4 MB goal, 0 MB stacks, 0 MB globals, 8 P
gc 3720 @44.236s 2%: 0.088+0.48+0.052 ms clock, 0.70+0.66/0.58/0+0.42 ms cpu, 3->3->1 MB, 4 MB goal, 0 MB stacks, 0 MB globals, 8 P
gc 3721 @44.239s 2%: 0.13+0.47+0.054 ms clock, 1.0+0.64/0.60/0+0.43 ms cpu, 3->3->1 MB, 4 MB goal, 0 MB stacks, 0 MB globals, 8 P
gc 3722 @44.242s 2%: 0.11+0.51+0.086 ms clock, 0.91+0.62/0.62/0+0.69 ms cpu, 3->3->1 MB, 4 MB goal, 0 MB stacks, 0 MB globals, 8 P
gc 3723 @44.245s 2%: 0.10+0.72+0.086 ms clock, 0.83+0.70/0.63/0+0.69 ms cpu, 3->3->1 MB, 4 MB goal, 0 MB stacks, 0 MB globals, 8 P
gc 3724 @44.248s 2%: 0.078+0.60+0.061 ms clock, 0.62+0.68/0.60/0+0.49 ms cpu, 3->3->1 MB, 4 MB goal, 0 MB stacks, 0 MB globals, 8 P
gc 3725 @44.250s 2%: 0.096+0.48+0.076 ms clock, 0.77+0.75/0.50/0+0.60 ms cpu, 3->3->1 MB, 4 MB goal, 0 MB stacks, 0 MB globals, 8 P
gc 3726 @44.253s 2%: 0.087+0.48+0.10 ms clock, 0.70+0.70/0.55/0+0.80 ms cpu, 3->3->1 MB, 4 MB goal, 0 MB stacks, 0 MB globals, 8 P
gc 3727 @44.256s 2%: 0.090+0.44+0.056 ms clock, 0.72+0.71/0.59/0+0.45 ms cpu, 3->3->1 MB, 4 MB goal, 0 MB stacks, 0 MB globals, 8 P
gc 3728 @44.259s 2%: 0.12+0.55+0.13 ms clock, 0.96+0.59/0.71/0+1.0 ms cpu, 3->3->1 MB, 4 MB goal, 0 MB stacks, 0 MB globals, 8 P
gc 3729 @44.261s 2%: 0.099+0.48+0.10 ms clock, 0.79+0.65/0.62/0+0.80 ms cpu, 3->3->1 MB, 4 MB goal, 0 MB stacks, 0 MB globals, 8 P
gc 3730 @44.264s 2%: 0.10+0.97+0.072 ms clock, 0.82+0.61/0.78/0+0.57 ms cpu, 3->3->1 MB, 4 MB goal, 0 MB stacks, 0 MB globals, 8 P
gc 3731 @44.267s 2%: 0.076+0.59+0.082 ms clock, 0.61+0.62/0.66/0+0.66 ms cpu, 3->3->1 MB, 4 MB goal, 0 MB stacks, 0 MB globals, 8 P
gc 3732 @44.270s 2%: 0.072+0.66+0.093 ms clock, 0.58+0.67/0.71/0+0.74 ms cpu, 3->3->1 MB, 4 MB goal, 0 MB stacks, 0 MB globals, 8 P
gc 3733 @44.273s 2%: 0.10+0.48+0.074 ms clock, 0.80+0.61/0.61/0+0.59 ms cpu, 3->3->1 MB, 4 MB goal, 0 MB stacks, 0 MB globals, 8 P
gc 3734 @44.275s 2%: 0.12+0.56+0.10 ms clock, 1.0+0.68/0.64/0+0.80 ms cpu, 3->3->1 MB, 4 MB goal, 0 MB stacks, 0 MB globals, 8 P
gc 3735 @44.278s 2%: 0.10+0.51+0.056 ms clock, 0.84+0.74/0.59/0+0.45 ms cpu, 3->3->1 MB, 4 MB goal, 0 MB stacks, 0 MB globals, 8 P
gc 3736 @44.281s 2%: 0.097+0.60+0.10 ms clock, 0.77+0.68/0.65/0+0.81 ms cpu, 3->3->1 MB, 4 MB goal, 0 MB stacks, 0 MB globals, 8 P
gc 3737 @44.284s 2%: 0.11+0.53+0.10 ms clock, 0.93+0.69/0.61/0+0.85 ms cpu, 3->3->1 MB, 4 MB goal, 0 MB stacks, 0 MB globals, 8 P
gc 3738 @44.286s 2%: 0.097+0.50+0.093 ms clock, 0.78+0.61/0.60/0+0.74 ms cpu, 3->3->1 MB, 4 MB goal, 0 MB stacks, 0 MB globals, 8 P
gc 3739 @44.289s 2%: 0.091+0.48+0.099 ms clock, 0.73+0.63/0.62/0+0.79 ms cpu, 3->3->1 MB, 4 MB goal, 0 MB stacks, 0 MB globals, 8 P
gc 3740 @44.292s 2%: 0.095+0.54+0.067 ms clock, 0.76+0.55/0.53/0.001+0.54 ms cpu, 3->3->1 MB, 4 MB goal, 0 MB stacks, 0 MB globals, 8 P
gc 3741 @44.295s 2%: 0.10+0.57+0.022 ms clock, 0.83+0.60/0.44/0+0.18 ms cpu, 3->3->1 MB, 4 MB goal, 0 MB stacks, 0 MB globals, 8 P
gc 3742 @44.297s 2%: 0.073+0.54+0.067 ms clock, 0.58+0.53/0.65/0+0.53 ms cpu, 3->3->1 MB, 4 MB goal, 0 MB stacks, 0 MB globals, 8 P
gc 3743 @44.300s 2%: 0.087+1.2+0.083 ms clock, 0.70+0.55/0.70/0+0.66 ms cpu, 3->4->1 MB, 4 MB goal, 0 MB stacks, 0 MB globals, 8 P
gc 3744 @44.303s 2%: 0.094+0.82+0.024 ms clock, 0.75+0.62/0.65/0+0.19 ms cpu, 3->4->1 MB, 4 MB goal, 0 MB stacks, 0 MB globals, 8 P
gc 3745 @44.306s 2%: 0.14+0.54+0.10 ms clock, 1.1+0.74/0.63/0+0.85 ms cpu, 3->3->1 MB, 4 MB goal, 0 MB stacks, 0 MB globals, 8 P
gc 3746 @44.309s 2%: 0.091+0.65+0.092 ms clock, 0.73+0.69/0.49/0+0.74 ms cpu, 3->3->1 MB, 4 MB goal, 0 MB stacks, 0 MB globals, 8 P
gc 3747 @44.312s 2%: 0.085+0.54+0.077 ms clock, 0.68+0.64/0.69/0+0.61 ms cpu, 3->3->1 MB, 4 MB goal, 0 MB stacks, 0 MB globals, 8 P
gc 3748 @44.315s 2%: 0.076+0.60+0.10 ms clock, 0.61+0.57/0.58/0+0.87 ms cpu, 3->3->1 MB, 4 MB goal, 0 MB stacks, 0 MB globals, 8 P
gc 3749 @44.317s 2%: 0.10+0.81+0.080 ms clock, 0.81+0.63/0.63/0+0.64 ms cpu, 3->3->1 MB, 4 MB goal, 0 MB stacks, 0 MB globals, 8 P
gc 3750 @44.320s 2%: 0.088+0.72+0.064 ms clock, 0.70+0.72/0.53/0+0.51 ms cpu, 3->3->1 MB, 4 MB goal, 0 MB stacks, 0 MB globals, 8 P
gc 3751 @44.323s 2%: 0.10+0.80+0.094 ms clock, 0.86+0.72/0.63/0+0.75 ms cpu, 3->3->1 MB, 4 MB goal, 0 MB stacks, 0 MB globals, 8 P
gc 3752 @44.326s 2%: 0.087+0.52+0.12 ms clock, 0.70+0.72/0.56/0+0.98 ms cpu, 3->3->1 MB, 4 MB goal, 0 MB stacks, 0 MB globals, 8 P
gc 3753 @44.329s 2%: 0.11+0.60+0.069 ms clock, 0.90+0.67/0.55/0+0.55 ms cpu, 3->3->1 MB, 4 MB goal, 0 MB stacks, 0 MB globals, 8 P
gc 3754 @44.332s 2%: 0.092+0.56+0.048 ms clock, 0.74+0.67/0.56/0+0.38 ms cpu, 3->3->1 MB, 4 MB goal, 0 MB stacks, 0 MB globals, 8 P
gc 3755 @44.334s 2%: 0.079+0.42+0.040 ms clock, 0.63+0.58/0.64/0+0.32 ms cpu, 3->3->1 MB, 4 MB goal, 0 MB stacks, 0 MB globals, 8 P
gc 3756 @44.337s 2%: 0.073+0.50+0.066 ms clock, 0.59+0.68/0.58/0+0.53 ms cpu, 3->3->1 MB, 4 MB goal, 0 MB stacks, 0 MB globals, 8 P
gc 3757 @44.340s 2%: 0.088+0.56+0.099 ms clock, 0.70+0.63/0.60/0+0.79 ms cpu, 3->3->1 MB, 4 MB goal, 0 MB stacks, 0 MB globals, 8 P
gc 3758 @44.343s 2%: 0.097+0.50+0.095 ms clock, 0.77+0.57/0.63/0+0.76 ms cpu, 3->3->1 MB, 4 MB goal, 0 MB stacks, 0 MB globals, 8 P
gc 3759 @44.345s 2%: 0.13+0.55+0.080 ms clock, 1.0+0.52/0.70/0+0.64 ms cpu, 3->3->1 MB, 4 MB goal, 0 MB stacks, 0 MB globals, 8 P
gc 3760 @44.348s 2%: 0.098+0.44+0.062 ms clock, 0.78+0.70/0.57/0+0.50 ms cpu, 3->3->1 MB, 4 MB goal, 0 MB stacks, 0 MB globals, 8 P
gc 3761 @44.351s 2%: 0.086+0.56+0.12 ms clock, 0.68+0.56/0.67/0+1.0 ms cpu, 3->3->1 MB, 4 MB goal, 0 MB stacks, 0 MB globals, 8 P
gc 3762 @44.354s 2%: 0.050+0.77+0.069 ms clock, 0.40+0.55/0.46/0+0.55 ms cpu, 3->3->1 MB, 4 MB goal, 0 MB stacks, 0 MB globals, 8 P
gc 3763 @44.357s 2%: 0.11+0.52+0.073 ms clock, 0.88+0.68/0.63/0+0.58 ms cpu, 3->3->1 MB, 4 MB goal, 0 MB stacks, 0 MB globals, 8 P
gc 3764 @44.359s 2%: 0.10+0.51+0.087 ms clock, 0.80+0.69/0.63/0+0.70 ms cpu, 3->3->1 MB, 4 MB goal, 0 MB stacks, 0 MB globals, 8 P
gc 3765 @44.362s 2%: 0.11+0.51+0.13 ms clock, 0.91+0.67/0.55/0+1.1 ms cpu, 3->3->1 MB, 4 MB goal, 0 MB stacks, 0 MB globals, 8 P
gc 3766 @44.365s 2%: 0.10+0.46+0.042 ms clock, 0.80+0.43/0.60/0+0.34 ms cpu, 3->3->1 MB, 4 MB goal, 0 MB stacks, 0 MB globals, 8 P
gc 3767 @44.368s 2%: 0.11+0.53+0.091 ms clock, 0.91+0.53/0.63/0+0.73 ms cpu, 3->3->1 MB, 4 MB goal, 0 MB stacks, 0 MB globals, 8 P
gc 3768 @44.370s 2%: 0.085+0.52+0.080 ms clock, 0.68+0.55/0.59/0+0.64 ms cpu, 3->3->1 MB, 4 MB goal, 0 MB stacks, 0 MB globals, 8 P
gc 3769 @44.373s 2%: 0.11+0.47+0.084 ms clock, 0.89+0.63/0.65/0+0.67 ms cpu, 3->3->1 MB, 4 MB goal, 0 MB stacks, 0 MB globals, 8 P
gc 3770 @44.376s 2%: 0.064+0.51+0.090 ms clock, 0.51+0.71/0.59/0+0.72 ms cpu, 3->3->1 MB, 4 MB goal, 0 MB stacks, 0 MB globals, 8 P
gc 3771 @44.379s 2%: 0.058+0.81+0.078 ms clock, 0.47+0.51/0.65/0+0.63 ms cpu, 3->3->1 MB, 4 MB goal, 0 MB stacks, 0 MB globals, 8 P
gc 3772 @44.382s 2%: 0.13+0.71+0.10 ms clock, 1.0+0.47/0.71/0+0.84 ms cpu, 3->3->1 MB, 4 MB goal, 0 MB stacks, 0 MB globals, 8 P
gc 3773 @44.384s 2%: 0.10+0.57+0.082 ms clock, 0.87+0.56/0.58/0+0.66 ms cpu, 3->3->1 MB, 4 MB goal, 0 MB stacks, 0 MB globals, 8 P
gc 3774 @44.387s 2%: 0.095+0.54+0.081 ms clock, 0.76+0.56/0.63/0+0.64 ms cpu, 3->3->1 MB, 4 MB goal, 0 MB stacks, 0 MB globals, 8 P
gc 3775 @44.390s 2%: 0.10+0.64+0.057 ms clock, 0.80+0.61/0.65/0+0.45 ms cpu, 3->3->1 MB, 4 MB goal, 0 MB stacks, 0 MB globals, 8 P
gc 3776 @44.393s 2%: 0.092+0.59+0.10 ms clock, 0.73+0.66/0.68/0+0.85 ms cpu, 3->3->1 MB, 4 MB goal, 0 MB stacks, 0 MB globals, 8 P
gc 3777 @44.396s 2%: 0.12+0.78+0.13 ms clock, 0.97+0.67/0.56/0+1.0 ms cpu, 3->4->1 MB, 4 MB goal, 0 MB stacks, 0 MB globals, 8 P
gc 3778 @44.398s 2%: 0.091+0.81+0.11 ms clock, 0.73+0.78/0.57/0+0.90 ms cpu, 3->3->1 MB, 4 MB goal, 0 MB stacks, 0 MB globals, 8 P
gc 3779 @44.401s 2%: 0.087+0.82+0.099 ms clock, 0.69+0.71/0.57/0+0.79 ms cpu, 3->4->1 MB, 4 MB goal, 0 MB stacks, 0 MB globals, 8 P
gc 3780 @44.404s 2%: 0.084+0.54+0.056 ms clock, 0.67+0.57/0.52/0+0.45 ms cpu, 3->3->1 MB, 4 MB goal, 0 MB stacks, 0 MB globals, 8 P
gc 3781 @44.407s 2%: 0.082+0.85+0.082 ms clock, 0.65+0.55/0.61/0+0.65 ms cpu, 3->3->1 MB, 4 MB goal, 0 MB stacks, 0 MB globals, 8 P
gc 3782 @44.410s 2%: 0.12+0.44+0.060 ms clock, 0.99+0.69/0.61/0+0.48 ms cpu, 3->3->1 MB, 4 MB goal, 0 MB stacks, 0 MB globals, 8 P
gc 3783 @44.413s 2%: 0.093+0.56+0.13 ms clock, 0.74+0.65/0.60/0+1.1 ms cpu, 3->3->1 MB, 4 MB goal, 0 MB stacks, 0 MB globals, 8 P
gc 3784 @44.415s 2%: 0.11+0.54+0.087 ms clock, 0.93+0.66/0.60/0+0.69 ms cpu, 3->3->1 MB, 4 MB goal, 0 MB stacks, 0 MB globals, 8 P
gc 3785 @44.418s 2%: 0.048+0.39+0.11 ms clock, 0.38+0.60/0.49/0+0.94 ms cpu, 3->3->1 MB, 4 MB goal, 0 MB stacks, 0 MB globals, 8 P
gc 3786 @44.421s 2%: 0.10+0.42+0.077 ms clock, 0.87+0.63/0.51/0+0.62 ms cpu, 3->3->1 MB, 4 MB goal, 0 MB stacks, 0 MB globals, 8 P
gc 3787 @44.424s 2%: 0.10+0.77+0.088 ms clock, 0.82+0.50/0.65/0+0.70 ms cpu, 3->3->1 MB, 4 MB goal, 0 MB stacks, 0 MB globals, 8 P
gc 3788 @44.427s 2%: 0.083+0.69+0.093 ms clock, 0.67+0.56/0.62/0+0.74 ms cpu, 3->3->1 MB, 4 MB goal, 0 MB stacks, 0 MB globals, 8 P
gc 3789 @44.429s 2%: 0.11+1.0+0.076 ms clock, 0.95+0.58/0.70/0+0.61 ms cpu, 3->4->1 MB, 4 MB goal, 0 MB stacks, 0 MB globals, 8 P
gc 3790 @44.432s 2%: 0.052+0.66+0.056 ms clock, 0.42+0.52/0.56/0+0.45 ms cpu, 3->3->1 MB, 4 MB goal, 0 MB stacks, 0 MB globals, 8 P
gc 3791 @44.435s 2%: 0.081+0.52+0.063 ms clock, 0.65+0.74/0.58/0+0.50 ms cpu, 3->3->1 MB, 4 MB goal, 0 MB stacks, 0 MB globals, 8 P
gc 3792 @44.438s 2%: 0.10+0.73+0.073 ms clock, 0.87+0.77/0.58/0+0.59 ms cpu, 3->3->1 MB, 4 MB goal, 0 MB stacks, 0 MB globals, 8 P
gc 3793 @44.441s 2%: 0.095+0.44+0.061 ms clock, 0.76+0.65/0.62/0+0.49 ms cpu, 3->3->1 MB, 4 MB goal, 0 MB stacks, 0 MB globals, 8 P
gc 3794 @44.443s 2%: 0.070+0.47+0.099 ms clock, 0.56+0.62/0.63/0+0.79 ms cpu, 3->3->1 MB, 4 MB goal, 0 MB stacks, 0 MB globals, 8 P
gc 3795 @44.446s 2%: 0.072+0.55+0.090 ms clock, 0.57+0.66/0.55/0+0.72 ms cpu, 3->3->1 MB, 4 MB goal, 0 MB stacks, 0 MB globals, 8 P
gc 3796 @44.449s 2%: 0.077+1.0+0.10 ms clock, 0.61+0.70/0.71/0+0.80 ms cpu, 3->3->1 MB, 4 MB goal, 0 MB stacks, 0 MB globals, 8 P
gc 3797 @44.452s 2%: 0.084+0.50+0.082 ms clock, 0.67+0.64/0.57/0+0.66 ms cpu, 3->3->1 MB, 4 MB goal, 0 MB stacks, 0 MB globals, 8 P
gc 3798 @44.455s 2%: 0.10+0.41+0.083 ms clock, 0.82+0.57/0.56/0+0.66 ms cpu, 3->3->1 MB, 4 MB goal, 0 MB stacks, 0 MB globals, 8 P
gc 3799 @44.457s 2%: 0.10+0.51+0.087 ms clock, 0.82+0.62/0.61/0+0.69 ms cpu, 3->3->1 MB, 4 MB goal, 0 MB stacks, 0 MB globals, 8 P
gc 3800 @44.460s 2%: 0.14+0.65+0.071 ms clock, 1.1+0.69/0.61/0+0.57 ms cpu, 3->3->1 MB, 4 MB goal, 0 MB stacks, 0 MB globals, 8 P
gc 3801 @44.463s 2%: 0.077+0.46+0.11 ms clock, 0.61+0.65/0.61/0+0.90 ms cpu, 3->3->1 MB, 4 MB goal, 0 MB stacks, 0 MB globals, 8 P
gc 3802 @44.466s 2%: 0.091+1.1+0.051 ms clock, 0.73+0.54/0.66/0+0.41 ms cpu, 3->4->1 MB, 4 MB goal, 0 MB stacks, 0 MB globals, 8 P
gc 3803 @44.469s 2%: 0.095+0.43+0.069 ms clock, 0.76+0.72/0.53/0+0.55 ms cpu, 3->3->1 MB, 4 MB goal, 0 MB stacks, 0 MB globals, 8 P
gc 3804 @44.472s 2%: 0.090+0.52+0.073 ms clock, 0.72+0.61/0.55/0+0.58 ms cpu, 3->3->1 MB, 4 MB goal, 0 MB stacks, 0 MB globals, 8 P
gc 3805 @44.474s 2%: 0.086+0.56+0.099 ms clock, 0.69+0.59/0.74/0+0.79 ms cpu, 3->3->1 MB, 4 MB goal, 0 MB stacks, 0 MB globals, 8 P
gc 3806 @44.477s 2%: 0.11+0.69+0.083 ms clock, 0.89+0.61/0.65/0+0.66 ms cpu, 3->3->1 MB, 4 MB goal, 0 MB stacks, 0 MB globals, 8 P
gc 3807 @44.480s 2%: 0.10+0.54+0.11 ms clock, 0.83+0.63/0.58/0+0.91 ms cpu, 3->3->1 MB, 4 MB goal, 0 MB stacks, 0 MB globals, 8 P
gc 3808 @44.483s 2%: 0.077+0.51+0.051 ms clock, 0.62+0.60/0.64/0+0.41 ms cpu, 3->3->1 MB, 4 MB goal, 0 MB stacks, 0 MB globals, 8 P
gc 3809 @44.485s 2%: 0.082+0.43+0.10 ms clock, 0.66+0.67/0.61/0+0.83 ms cpu, 3->3->1 MB, 4 MB goal, 0 MB stacks, 0 MB globals, 8 P
gc 3810 @44.488s 2%: 0.15+0.51+0.10 ms clock, 1.2+0.70/0.62/0+0.82 ms cpu, 3->3->1 MB, 4 MB goal, 0 MB stacks, 0 MB globals, 8 P
gc 3811 @44.491s 2%: 0.10+0.67+0.11 ms clock, 0.82+0.53/0.60/0+0.89 ms cpu, 3->3->1 MB, 4 MB goal, 0 MB stacks, 0 MB globals, 8 P
gc 3812 @44.494s 2%: 0.17+0.56+0.071 ms clock, 1.3+0.68/0.70/0+0.57 ms cpu, 3->3->1 MB, 4 MB goal, 0 MB stacks, 0 MB globals, 8 P
gc 3813 @44.497s 2%: 0.10+0.79+0.076 ms clock, 0.80+0.65/0.69/0+0.60 ms cpu, 3->3->1 MB, 4 MB goal, 0 MB stacks, 0 MB globals, 8 P
gc 3814 @44.500s 2%: 0.094+0.46+0.11 ms clock, 0.75+0.63/0.56/0+0.93 ms cpu, 3->3->1 MB, 4 MB goal, 0 MB stacks, 0 MB globals, 8 P
gc 3815 @44.502s 2%: 0.11+0.45+0.090 ms clock, 0.92+0.72/0.49/0+0.72 ms cpu, 3->3->1 MB, 4 MB goal, 0 MB stacks, 0 MB globals, 8 P
gc 3816 @44.505s 2%: 0.12+0.79+0.060 ms clock, 1.0+0.70/0.61/0+0.48 ms cpu, 3->3->1 MB, 4 MB goal, 0 MB stacks, 0 MB globals, 8 P
gc 3817 @44.508s 2%: 0.11+0.49+0.060 ms clock, 0.92+0.64/0.60/0+0.48 ms cpu, 3->3->1 MB, 4 MB goal, 0 MB stacks, 0 MB globals, 8 P
gc 3818 @44.511s 2%: 0.13+0.51+0.091 ms clock, 1.0+0.68/0.66/0+0.73 ms cpu, 3->3->1 MB, 4 MB goal, 0 MB stacks, 0 MB globals, 8 P
gc 3819 @44.513s 2%: 0.099+0.75+0.12 ms clock, 0.79+0.71/0.65/0+0.99 ms cpu, 3->3->1 MB, 4 MB goal, 0 MB stacks, 0 MB globals, 8 P
gc 3820 @44.516s 2%: 0.10+0.44+0.055 ms clock, 0.80+0.60/0.56/0+0.44 ms cpu, 3->3->1 MB, 4 MB goal, 0 MB stacks, 0 MB globals, 8 P
gc 3821 @44.519s 2%: 0.17+0.48+0.11 ms clock, 1.3+0.63/0.55/0+0.88 ms cpu, 3->3->1 MB, 4 MB goal, 0 MB stacks, 0 MB globals, 8 P
gc 3822 @44.522s 2%: 0.094+0.88+0.10 ms clock, 0.75+0.53/0.62/0+0.80 ms cpu, 3->3->1 MB, 4 MB goal, 0 MB stacks, 0 MB globals, 8 P
gc 3823 @44.525s 2%: 0.10+0.76+0.11 ms clock, 0.81+0.63/0.75/0+0.89 ms cpu, 3->3->1 MB, 4 MB goal, 0 MB stacks, 0 MB globals, 8 P
gc 3824 @44.527s 2%: 0.12+0.74+0.050 ms clock, 0.99+0.67/0.66/0+0.40 ms cpu, 3->3->1 MB, 4 MB goal, 0 MB stacks, 0 MB globals, 8 P
gc 3825 @44.530s 2%: 0.11+0.53+0.063 ms clock, 0.90+0.46/0.66/0+0.50 ms cpu, 3->3->1 MB, 4 MB goal, 0 MB stacks, 0 MB globals, 8 P
gc 3826 @44.533s 2%: 0.094+0.47+0.092 ms clock, 0.75+0.71/0.60/0+0.74 ms cpu, 3->3->1 MB, 4 MB goal, 0 MB stacks, 0 MB globals, 8 P
gc 3827 @44.536s 2%: 0.064+0.68+0.099 ms clock, 0.51+0.50/0.64/0+0.79 ms cpu, 3->3->1 MB, 4 MB goal, 0 MB stacks, 0 MB globals, 8 P
gc 3828 @44.538s 2%: 0.089+0.43+0.10 ms clock, 0.71+0.69/0.55/0+0.81 ms cpu, 3->3->1 MB, 4 MB goal, 0 MB stacks, 0 MB globals, 8 P
gc 3829 @44.541s 2%: 0.092+0.63+0.080 ms clock, 0.73+0.69/0.57/0+0.64 ms cpu, 3->3->1 MB, 4 MB goal, 0 MB stacks, 0 MB globals, 8 P
gc 3830 @44.544s 2%: 0.092+0.82+0.073 ms clock, 0.74+0.64/0.64/0+0.58 ms cpu, 3->3->1 MB, 4 MB goal, 0 MB stacks, 0 MB globals, 8 P
gc 3831 @44.547s 2%: 0.066+0.58+0.042 ms clock, 0.53+0.65/0.61/0+0.34 ms cpu, 3->3->1 MB, 4 MB goal, 0 MB stacks, 0 MB globals, 8 P
gc 3832 @44.550s 2%: 0.076+0.68+0.090 ms clock, 0.61+0.61/0.68/0+0.72 ms cpu, 3->3->1 MB, 4 MB goal, 0 MB stacks, 0 MB globals, 8 P
gc 3833 @44.552s 2%: 0.11+0.45+0.068 ms clock, 0.95+0.57/0.68/0+0.54 ms cpu, 3->3->1 MB, 4 MB goal, 0 MB stacks, 0 MB globals, 8 P
gc 3834 @44.555s 2%: 0.13+0.44+0.076 ms clock, 1.0+0.65/0.57/0+0.61 ms cpu, 3->3->1 MB, 4 MB goal, 0 MB stacks, 0 MB globals, 8 P
gc 3835 @44.558s 2%: 0.11+0.54+0.14 ms clock, 0.95+0.69/0.56/0+1.1 ms cpu, 3->3->1 MB, 4 MB goal, 0 MB stacks, 0 MB globals, 8 P
gc 3836 @44.561s 2%: 0.078+0.55+0.079 ms clock, 0.63+0.69/0.60/0+0.63 ms cpu, 3->3->1 MB, 4 MB goal, 0 MB stacks, 0 MB globals, 8 P
gc 3837 @44.564s 2%: 0.098+0.54+0.12 ms clock, 0.78+0.59/0.62/0+0.99 ms cpu, 3->3->1 MB, 4 MB goal, 0 MB stacks, 0 MB globals, 8 P
gc 3838 @44.566s 2%: 0.10+0.78+0.10 ms clock, 0.86+0.49/0.60/0+0.81 ms cpu, 3->3->1 MB, 4 MB goal, 0 MB stacks, 0 MB globals, 8 P
gc 3839 @44.569s 2%: 0.074+0.63+0.10 ms clock, 0.59+0.50/0.66/0+0.84 ms cpu, 3->3->1 MB, 4 MB goal, 0 MB stacks, 0 MB globals, 8 P
gc 3840 @44.572s 2%: 0.12+0.57+0.099 ms clock, 0.98+0.68/0.59/0+0.79 ms cpu, 3->3->1 MB, 4 MB goal, 0 MB stacks, 0 MB globals, 8 P
gc 3841 @44.575s 2%: 0.071+0.69+0.066 ms clock, 0.57+0.68/0.61/0+0.53 ms cpu, 3->3->1 MB, 4 MB goal, 0 MB stacks, 0 MB globals, 8 P
gc 3842 @44.578s 2%: 0.12+0.58+0.11 ms clock, 0.97+0.60/0.67/0+0.90 ms cpu, 3->3->1 MB, 4 MB goal, 0 MB stacks, 0 MB globals, 8 P
gc 3843 @44.580s 2%: 0.081+0.52+0.072 ms clock, 0.64+0.66/0.61/0+0.57 ms cpu, 3->3->1 MB, 4 MB goal, 0 MB stacks, 0 MB globals, 8 P
gc 3844 @44.583s 2%: 0.11+0.54+0.11 ms clock, 0.89+0.65/0.63/0+0.91 ms cpu, 3->3->1 MB, 4 MB goal, 0 MB stacks, 0 MB globals, 8 P
gc 3845 @44.586s 2%: 0.10+0.53+0.13 ms clock, 0.81+0.63/0.63/0+1.0 ms cpu, 3->3->1 MB, 4 MB goal, 0 MB stacks, 0 MB globals, 8 P
gc 3846 @44.589s 2%: 0.13+0.75+0.084 ms clock, 1.0+0.75/0.68/0+0.67 ms cpu, 3->3->1 MB, 4 MB goal, 0 MB stacks, 0 MB globals, 8 P
gc 3847 @44.591s 2%: 0.069+0.48+0.087 ms clock, 0.55+0.66/0.58/0+0.69 ms cpu, 3->3->1 MB, 4 MB goal, 0 MB stacks, 0 MB globals, 8 P
gc 3848 @44.594s 2%: 0.096+0.43+0.11 ms clock, 0.77+0.63/0.51/0+0.89 ms cpu, 3->3->1 MB, 4 MB goal, 0 MB stacks, 0 MB globals, 8 P
gc 3849 @44.597s 2%: 0.069+0.50+0.11 ms clock, 0.55+0.69/0.58/0+0.89 ms cpu, 3->3->1 MB, 4 MB goal, 0 MB stacks, 0 MB globals, 8 P
gc 3850 @44.600s 2%: 0.10+0.57+0.11 ms clock, 0.83+0.55/0.57/0+0.90 ms cpu, 3->3->1 MB, 4 MB goal, 0 MB stacks, 0 MB globals, 8 P
gc 3851 @44.602s 2%: 0.069+1.1+0.059 ms clock, 0.55+0.67/0.62/0+0.47 ms cpu, 3->4->1 MB, 4 MB goal, 0 MB stacks, 0 MB globals, 8 P
gc 3852 @44.605s 2%: 0.10+0.54+0.11 ms clock, 0.82+0.74/0.66/0+0.89 ms cpu, 3->3->1 MB, 4 MB goal, 0 MB stacks, 0 MB globals, 8 P
gc 3853 @44.608s 2%: 0.11+0.49+0.10 ms clock, 0.92+0.70/0.63/0+0.86 ms cpu, 3->3->1 MB, 4 MB goal, 0 MB stacks, 0 MB globals, 8 P
gc 3854 @44.611s 2%: 0.15+0.93+0.070 ms clock, 1.2+1.3/0.71/0+0.56 ms cpu, 3->3->1 MB, 4 MB goal, 0 MB stacks, 0 MB globals, 8 P
gc 3855 @44.614s 2%: 0.074+0.42+0.10 ms clock, 0.59+0.72/0.53/0+0.80 ms cpu, 3->3->1 MB, 4 MB goal, 0 MB stacks, 0 MB globals, 8 P
gc 3856 @44.617s 2%: 0.073+0.58+0.096 ms clock, 0.58+0.62/0.69/0+0.77 ms cpu, 3->3->1 MB, 4 MB goal, 0 MB stacks, 0 MB globals, 8 P
gc 3857 @44.619s 2%: 0.11+0.61+0.098 ms clock, 0.93+0.68/0.59/0+0.78 ms cpu, 3->3->1 MB, 4 MB goal, 0 MB stacks, 0 MB globals, 8 P
gc 3858 @44.622s 2%: 0.042+0.43+0.10 ms clock, 0.34+0.47/0.56/0+0.84 ms cpu, 3->3->1 MB, 4 MB goal, 0 MB stacks, 0 MB globals, 8 P
gc 3859 @44.625s 2%: 0.084+0.56+0.10 ms clock, 0.67+0.72/0.64/0+0.85 ms cpu, 3->3->1 MB, 4 MB goal, 0 MB stacks, 0 MB globals, 8 P
gc 3860 @44.628s 2%: 0.081+0.71+0.082 ms clock, 0.65+0.71/0.58/0+0.66 ms cpu, 3->3->1 MB, 4 MB goal, 0 MB stacks, 0 MB globals, 8 P
gc 3861 @44.630s 2%: 0.073+0.66+0.087 ms clock, 0.59+0.61/0.59/0+0.69 ms cpu, 3->3->1 MB, 4 MB goal, 0 MB stacks, 0 MB globals, 8 P
gc 3862 @44.633s 2%: 0.088+0.60+0.12 ms clock, 0.71+0.68/0.68/0+0.98 ms cpu, 3->3->1 MB, 4 MB goal, 0 MB stacks, 0 MB globals, 8 P
gc 3863 @44.636s 2%: 0.091+0.46+0.096 ms clock, 0.73+0.76/0.57/0+0.76 ms cpu, 3->3->1 MB, 4 MB goal, 0 MB stacks, 0 MB globals, 8 P
gc 3864 @44.639s 2%: 0.093+0.52+0.074 ms clock, 0.74+0.68/0.68/0+0.59 ms cpu, 3->3->1 MB, 4 MB goal, 0 MB stacks, 0 MB globals, 8 P
gc 3865 @44.642s 2%: 0.10+0.51+0.069 ms clock, 0.86+0.68/0.57/0+0.55 ms cpu, 3->3->1 MB, 4 MB goal, 0 MB stacks, 0 MB globals, 8 P
gc 3866 @44.644s 2%: 0.080+0.77+0.10 ms clock, 0.64+0.58/0.80/0+0.85 ms cpu, 3->3->1 MB, 4 MB goal, 0 MB stacks, 0 MB globals, 8 P
gc 3867 @44.647s 2%: 0.098+0.94+0.084 ms clock, 0.79+0.64/0.62/0+0.67 ms cpu, 3->3->1 MB, 4 MB goal, 0 MB stacks, 0 MB globals, 8 P
gc 3868 @44.650s 2%: 0.12+0.45+0.075 ms clock, 1.0+0.59/0.55/0+0.60 ms cpu, 3->3->1 MB, 4 MB goal, 0 MB stacks, 0 MB globals, 8 P
gc 3869 @44.653s 2%: 0.092+0.54+0.10 ms clock, 0.73+0.62/0.66/0+0.84 ms cpu, 3->3->1 MB, 4 MB goal, 0 MB stacks, 0 MB globals, 8 P
gc 3870 @44.655s 2%: 0.12+0.63+0.11 ms clock, 0.99+0.65/0.71/0+0.94 ms cpu, 3->3->1 MB, 4 MB goal, 0 MB stacks, 0 MB globals, 8 P
gc 3871 @44.658s 2%: 0.091+0.58+0.083 ms clock, 0.73+0.62/0.70/0+0.66 ms cpu, 3->3->1 MB, 4 MB goal, 0 MB stacks, 0 MB globals, 8 P
gc 3872 @44.661s 2%: 0.085+0.76+0.079 ms clock, 0.68+0.61/0.67/0+0.63 ms cpu, 3->3->1 MB, 4 MB goal, 0 MB stacks, 0 MB globals, 8 P
gc 3873 @44.664s 2%: 0.072+0.50+0.10 ms clock, 0.57+0.74/0.58/0+0.86 ms cpu, 3->3->1 MB, 4 MB goal, 0 MB stacks, 0 MB globals, 8 P
gc 3874 @44.667s 2%: 0.094+0.75+0.083 ms clock, 0.75+0.67/0.51/0+0.66 ms cpu, 3->3->1 MB, 4 MB goal, 0 MB stacks, 0 MB globals, 8 P
gc 3875 @44.670s 2%: 0.091+0.52+0.092 ms clock, 0.73+0.66/0.64/0+0.74 ms cpu, 3->3->1 MB, 4 MB goal, 0 MB stacks, 0 MB globals, 8 P
gc 3876 @44.672s 2%: 0.12+0.47+0.055 ms clock, 0.98+0.65/0.61/0+0.44 ms cpu, 3->3->1 MB, 4 MB goal, 0 MB stacks, 0 MB globals, 8 P
gc 3877 @44.675s 2%: 0.091+0.72+0.10 ms clock, 0.73+0.64/0.62/0+0.85 ms cpu, 3->3->1 MB, 4 MB goal, 0 MB stacks, 0 MB globals, 8 P
gc 3878 @44.678s 2%: 0.062+0.43+0.11 ms clock, 0.49+0.69/0.58/0+0.88 ms cpu, 3->3->1 MB, 4 MB goal, 0 MB stacks, 0 MB globals, 8 P
gc 3879 @44.681s 2%: 0.070+0.84+0.068 ms clock, 0.56+0.72/0.63/0+0.54 ms cpu, 3->3->1 MB, 4 MB goal, 0 MB stacks, 0 MB globals, 8 P
gc 3880 @44.684s 2%: 0.11+0.91+0.077 ms clock, 0.89+0.50/0.59/0+0.61 ms cpu, 3->3->1 MB, 4 MB goal, 0 MB stacks, 0 MB globals, 8 P
gc 3881 @44.686s 2%: 0.10+0.59+0.080 ms clock, 0.83+0.65/0.64/0+0.64 ms cpu, 3->3->1 MB, 4 MB goal, 0 MB stacks, 0 MB globals, 8 P
gc 3882 @44.689s 2%: 0.10+0.75+0.12 ms clock, 0.80+0.73/0.60/0+0.97 ms cpu, 3->3->1 MB, 4 MB goal, 0 MB stacks, 0 MB globals, 8 P
gc 3883 @44.692s 2%: 0.074+0.47+0.064 ms clock, 0.59+0.58/0.56/0+0.51 ms cpu, 3->3->1 MB, 4 MB goal, 0 MB stacks, 0 MB globals, 8 P
gc 3884 @44.695s 2%: 0.086+0.97+0.067 ms clock, 0.69+0.73/0.61/0+0.53 ms cpu, 3->4->1 MB, 4 MB goal, 0 MB stacks, 0 MB globals, 8 P
gc 3885 @44.698s 2%: 0.073+0.50+0.070 ms clock, 0.58+0.70/0.54/0+0.56 ms cpu, 3->3->1 MB, 4 MB goal, 0 MB stacks, 0 MB globals, 8 P
gc 3886 @44.700s 2%: 0.14+0.44+0.10 ms clock, 1.1+0.73/0.59/0+0.81 ms cpu, 3->3->1 MB, 4 MB goal, 0 MB stacks, 0 MB globals, 8 P
gc 3887 @44.703s 2%: 0.10+0.52+0.092 ms clock, 0.80+0.67/0.57/0+0.73 ms cpu, 3->3->1 MB, 4 MB goal, 0 MB stacks, 0 MB globals, 8 P
gc 3888 @44.706s 2%: 0.070+0.41+0.063 ms clock, 0.56+0.70/0.60/0+0.51 ms cpu, 3->3->1 MB, 4 MB goal, 0 MB stacks, 0 MB globals, 8 P
gc 3889 @44.709s 2%: 0.10+0.53+0.039 ms clock, 0.82+0.58/0.68/0+0.31 ms cpu, 3->3->1 MB, 4 MB goal, 0 MB stacks, 0 MB globals, 8 P
gc 3890 @44.711s 2%: 0.10+0.59+0.11 ms clock, 0.81+0.71/0.63/0+0.90 ms cpu, 3->3->1 MB, 4 MB goal, 0 MB stacks, 0 MB globals, 8 P
gc 3891 @44.714s 2%: 0.10+0.65+0.085 ms clock, 0.83+0.71/0.60/0+0.68 ms cpu, 3->3->1 MB, 4 MB goal, 0 MB stacks, 0 MB globals, 8 P
gc 3892 @44.717s 2%: 0.11+0.59+0.083 ms clock, 0.89+0.70/0.59/0+0.66 ms cpu, 3->3->1 MB, 4 MB goal, 0 MB stacks, 0 MB globals, 8 P
gc 3893 @44.720s 2%: 0.086+0.55+0.099 ms clock, 0.69+0.68/0.62/0+0.79 ms cpu, 3->3->1 MB, 4 MB goal, 0 MB stacks, 0 MB globals, 8 P
gc 3894 @44.723s 2%: 0.096+0.64+0.083 ms clock, 0.77+0.67/0.57/0+0.66 ms cpu, 3->3->1 MB, 4 MB goal, 0 MB stacks, 0 MB globals, 8 P
gc 3895 @44.725s 2%: 0.10+0.50+0.12 ms clock, 0.80+0.65/0.59/0+1.0 ms cpu, 3->3->1 MB, 4 MB goal, 0 MB stacks, 0 MB globals, 8 P
gc 3896 @44.728s 2%: 0.083+1.1+0.077 ms clock, 0.66+0.53/0.73/0+0.61 ms cpu, 3->4->1 MB, 4 MB goal, 0 MB stacks, 0 MB globals, 8 P
gc 3897 @44.731s 2%: 0.11+0.48+0.093 ms clock, 0.91+0.67/0.60/0+0.74 ms cpu, 3->3->1 MB, 4 MB goal, 0 MB stacks, 0 MB globals, 8 P
gc 3898 @44.734s 2%: 0.11+0.56+0.13 ms clock, 0.89+0.52/0.69/0+1.0 ms cpu, 3->3->1 MB, 4 MB goal, 0 MB stacks, 0 MB globals, 8 P
gc 3899 @44.737s 2%: 0.13+0.70+0.087 ms clock, 1.0+0.65/0.67/0+0.70 ms cpu, 3->3->1 MB, 4 MB goal, 0 MB stacks, 0 MB globals, 8 P
gc 3900 @44.740s 2%: 0.11+0.45+0.045 ms clock, 0.88+0.75/0.53/0+0.36 ms cpu, 3->3->1 MB, 4 MB goal, 0 MB stacks, 0 MB globals, 8 P
gc 3901 @44.742s 2%: 0.11+0.95+0.10 ms clock, 0.88+0.66/0.62/0+0.84 ms cpu, 3->3->1 MB, 4 MB goal, 0 MB stacks, 0 MB globals, 8 P
gc 3902 @44.745s 2%: 0.075+0.64+0.055 ms clock, 0.60+0.46/0.65/0+0.44 ms cpu, 3->3->1 MB, 4 MB goal, 0 MB stacks, 0 MB globals, 8 P
gc 3903 @44.748s 2%: 0.10+0.49+0.087 ms clock, 0.83+0.65/0.63/0+0.70 ms cpu, 3->3->1 MB, 4 MB goal, 0 MB stacks, 0 MB globals, 8 P
gc 3904 @44.751s 2%: 0.088+0.58+0.10 ms clock, 0.70+0.60/0.64/0+0.81 ms cpu, 3->3->1 MB, 4 MB goal, 0 MB stacks, 0 MB globals, 8 P
gc 3905 @44.754s 2%: 0.11+0.45+0.10 ms clock, 0.88+0.77/0.58/0+0.81 ms cpu, 3->3->1 MB, 4 MB goal, 0 MB stacks, 0 MB globals, 8 P
gc 3906 @44.756s 2%: 0.074+0.43+0.12 ms clock, 0.59+0.75/0.54/0+0.96 ms cpu, 3->3->1 MB, 4 MB goal, 0 MB stacks, 0 MB globals, 8 P
gc 3907 @44.759s 2%: 0.10+0.71+0.092 ms clock, 0.80+0.54/0.55/0+0.74 ms cpu, 3->3->1 MB, 4 MB goal, 0 MB stacks, 0 MB globals, 8 P
gc 3908 @44.762s 2%: 0.065+0.67+0.091 ms clock, 0.52+0.69/0.45/0.098+0.73 ms cpu, 3->3->1 MB, 4 MB goal, 0 MB stacks, 0 MB globals, 8 P
gc 3909 @44.765s 2%: 0.028+0.49+0.084 ms clock, 0.23+0.67/0.58/0+0.67 ms cpu, 3->3->1 MB, 4 MB goal, 0 MB stacks, 0 MB globals, 8 P
gc 3910 @44.768s 2%: 0.10+0.64+0.045 ms clock, 0.84+0.72/0.54/0+0.36 ms cpu, 3->3->1 MB, 4 MB goal, 0 MB stacks, 0 MB globals, 8 P
gc 3911 @44.770s 2%: 0.11+0.79+0.11 ms clock, 0.92+0.66/0.59/0+0.91 ms cpu, 3->3->1 MB, 4 MB goal, 0 MB stacks, 0 MB globals, 8 P
gc 3912 @44.773s 2%: 0.080+0.45+0.11 ms clock, 0.64+0.73/0.52/0+0.88 ms cpu, 3->3->1 MB, 4 MB goal, 0 MB stacks, 0 MB globals, 8 P
gc 3913 @44.776s 2%: 0.10+0.48+0.14 ms clock, 0.81+0.71/0.58/0+1.1 ms cpu, 3->3->1 MB, 4 MB goal, 0 MB stacks, 0 MB globals, 8 P
gc 3914 @44.779s 2%: 0.068+0.58+0.10 ms clock, 0.55+0.71/0.62/0+0.84 ms cpu, 3->3->1 MB, 4 MB goal, 0 MB stacks, 0 MB globals, 8 P
gc 3915 @44.781s 2%: 0.085+0.51+0.083 ms clock, 0.68+0.66/0.58/0+0.66 ms cpu, 3->3->1 MB, 4 MB goal, 0 MB stacks, 0 MB globals, 8 P
gc 3916 @44.784s 2%: 0.10+0.83+0.098 ms clock, 0.86+0.55/0.53/0+0.78 ms cpu, 3->3->1 MB, 4 MB goal, 0 MB stacks, 0 MB globals, 8 P
gc 3917 @44.787s 2%: 0.074+0.53+0.091 ms clock, 0.59+0.70/0.58/0+0.73 ms cpu, 3->3->1 MB, 4 MB goal, 0 MB stacks, 0 MB globals, 8 P
gc 3918 @44.790s 2%: 0.072+0.48+0.038 ms clock, 0.58+0.72/0.57/0+0.31 ms cpu, 3->3->1 MB, 4 MB goal, 0 MB stacks, 0 MB globals, 8 P
gc 3919 @44.793s 2%: 0.072+0.43+0.084 ms clock, 0.57+0.78/0.54/0+0.67 ms cpu, 3->3->1 MB, 4 MB goal, 0 MB stacks, 0 MB globals, 8 P
gc 3920 @44.795s 2%: 0.10+0.77+0.092 ms clock, 0.80+0.49/0.62/0+0.74 ms cpu, 3->3->1 MB, 4 MB goal, 0 MB stacks, 0 MB globals, 8 P
gc 3921 @44.798s 2%: 0.056+0.58+0.081 ms clock, 0.45+0.70/0.61/0+0.65 ms cpu, 3->3->1 MB, 4 MB goal, 0 MB stacks, 0 MB globals, 8 P
gc 3922 @44.801s 2%: 0.11+0.47+0.059 ms clock, 0.88+0.75/0.55/0+0.47 ms cpu, 3->3->1 MB, 4 MB goal, 0 MB stacks, 0 MB globals, 8 P
gc 3923 @44.804s 2%: 0.059+0.77+0.089 ms clock, 0.47+0.60/0.64/0+0.71 ms cpu, 3->3->1 MB, 4 MB goal, 0 MB stacks, 0 MB globals, 8 P
gc 3924 @44.807s 2%: 0.12+0.59+0.079 ms clock, 0.98+0.59/0.60/0+0.63 ms cpu, 3->3->1 MB, 4 MB goal, 0 MB stacks, 0 MB globals, 8 P
gc 3925 @44.809s 2%: 0.084+0.48+0.076 ms clock, 0.67+0.69/0.69/0+0.61 ms cpu, 3->3->1 MB, 4 MB goal, 0 MB stacks, 0 MB globals, 8 P
gc 3926 @44.812s 2%: 0.10+0.79+0.067 ms clock, 0.82+0.50/0.64/0+0.54 ms cpu, 3->3->1 MB, 4 MB goal, 0 MB stacks, 0 MB globals, 8 P
gc 3927 @44.815s 2%: 0.12+0.56+0.12 ms clock, 0.98+0.71/0.57/0+0.96 ms cpu, 3->3->1 MB, 4 MB goal, 0 MB stacks, 0 MB globals, 8 P
gc 3928 @44.818s 2%: 0.083+0.61+0.096 ms clock, 0.66+0.79/0.49/0+0.77 ms cpu, 3->3->1 MB, 4 MB goal, 0 MB stacks, 0 MB globals, 8 P
gc 3929 @44.821s 2%: 0.095+1.1+0.046 ms clock, 0.76+0.58/0.70/0+0.37 ms cpu, 3->4->1 MB, 4 MB goal, 0 MB stacks, 0 MB globals, 8 P
gc 3930 @44.824s 2%: 0.091+0.44+0.10 ms clock, 0.73+0.74/0.62/0+0.81 ms cpu, 3->3->1 MB, 4 MB goal, 0 MB stacks, 0 MB globals, 8 P
gc 3931 @44.826s 2%: 0.093+0.49+0.10 ms clock, 0.75+0.62/0.63/0+0.84 ms cpu, 3->3->1 MB, 4 MB goal, 0 MB stacks, 0 MB globals, 8 P
gc 3932 @44.829s 2%: 0.11+0.57+0.080 ms clock, 0.90+0.55/0.80/0+0.64 ms cpu, 3->3->1 MB, 4 MB goal, 0 MB stacks, 0 MB globals, 8 P
gc 3933 @44.832s 2%: 0.084+0.68+0.084 ms clock, 0.67+0.49/0.66/0+0.67 ms cpu, 3->3->1 MB, 4 MB goal, 0 MB stacks, 0 MB globals, 8 P
gc 3934 @44.835s 2%: 0.088+0.58+0.087 ms clock, 0.70+0.71/0.71/0.010+0.70 ms cpu, 3->3->1 MB, 4 MB goal, 0 MB stacks, 0 MB globals, 8 P
gc 3935 @44.838s 2%: 0.055+0.68+0.11 ms clock, 0.44+0.61/0.66/0+0.88 ms cpu, 3->3->1 MB, 4 MB goal, 0 MB stacks, 0 MB globals, 8 P
gc 3936 @44.840s 2%: 0.092+0.55+0.099 ms clock, 0.74+0.69/0.69/0+0.79 ms cpu, 3->3->1 MB, 4 MB goal, 0 MB stacks, 0 MB globals, 8 P
gc 3937 @44.843s 2%: 0.092+0.76+0.025 ms clock, 0.73+0.65/0.51/0+0.20 ms cpu, 3->3->1 MB, 4 MB goal, 0 MB stacks, 0 MB globals, 8 P
gc 3938 @44.846s 2%: 0.056+0.61+0.11 ms clock, 0.45+0.59/0.69/0+0.89 ms cpu, 3->3->1 MB, 4 MB goal, 0 MB stacks, 0 MB globals, 8 P
gc 3939 @44.849s 2%: 0.082+0.51+0.049 ms clock, 0.66+0.72/0.65/0+0.39 ms cpu, 3->3->1 MB, 4 MB goal, 0 MB stacks, 0 MB globals, 8 P
gc 3940 @44.852s 2%: 0.14+0.56+0.088 ms clock, 1.1+0.69/0.50/0+0.70 ms cpu, 3->3->1 MB, 4 MB goal, 0 MB stacks, 0 MB globals, 8 P
gc 3941 @44.854s 2%: 0.081+0.41+0.065 ms clock, 0.65+0.63/0.58/0+0.52 ms cpu, 3->3->1 MB, 4 MB goal, 0 MB stacks, 0 MB globals, 8 P
gc 3942 @44.857s 2%: 0.10+0.49+0.12 ms clock, 0.86+0.69/0.67/0+0.96 ms cpu, 3->3->1 MB, 4 MB goal, 0 MB stacks, 0 MB globals, 8 P
gc 3943 @44.860s 2%: 0.095+0.51+0.059 ms clock, 0.76+0.59/0.67/0+0.47 ms cpu, 3->3->1 MB, 4 MB goal, 0 MB stacks, 0 MB globals, 8 P
gc 3944 @44.863s 2%: 0.10+0.77+0.10 ms clock, 0.80+0.68/0.56/0.024+0.82 ms cpu, 3->3->1 MB, 4 MB goal, 0 MB stacks, 0 MB globals, 8 P
gc 3945 @44.866s 2%: 0.094+0.45+0.078 ms clock, 0.75+0.72/0.59/0+0.62 ms cpu, 3->3->1 MB, 4 MB goal, 0 MB stacks, 0 MB globals, 8 P
gc 3946 @44.868s 2%: 0.10+0.50+0.10 ms clock, 0.87+0.57/0.66/0+0.81 ms cpu, 3->3->1 MB, 4 MB goal, 0 MB stacks, 0 MB globals, 8 P
gc 3947 @44.871s 2%: 0.086+0.89+0.076 ms clock, 0.69+0.67/0.61/0+0.61 ms cpu, 3->3->1 MB, 4 MB goal, 0 MB stacks, 0 MB globals, 8 P
gc 3948 @44.874s 2%: 0.083+0.80+0.070 ms clock, 0.66+0.63/0.61/0+0.56 ms cpu, 3->3->1 MB, 4 MB goal, 0 MB stacks, 0 MB globals, 8 P
gc 3949 @44.877s 2%: 0.12+0.48+0.078 ms clock, 1.0+0.79/0.53/0+0.62 ms cpu, 3->3->1 MB, 4 MB goal, 0 MB stacks, 0 MB globals, 8 P
gc 3950 @44.880s 2%: 0.13+0.75+0.053 ms clock, 1.0+0.57/0.55/0+0.43 ms cpu, 3->3->1 MB, 4 MB goal, 0 MB stacks, 0 MB globals, 8 P
gc 3951 @44.882s 2%: 0.10+0.63+0.041 ms clock, 0.80+0.71/0.58/0+0.33 ms cpu, 3->3->1 MB, 4 MB goal, 0 MB stacks, 0 MB globals, 8 P
gc 3952 @44.885s 2%: 0.074+0.78+0.090 ms clock, 0.59+0.80/0.70/0+0.72 ms cpu, 3->3->1 MB, 4 MB goal, 0 MB stacks, 0 MB globals, 8 P
gc 3953 @44.888s 2%: 0.15+1.0+0.085 ms clock, 1.2+0.69/0.56/0+0.68 ms cpu, 3->4->1 MB, 4 MB goal, 0 MB stacks, 0 MB globals, 8 P
gc 3954 @44.891s 2%: 0.071+0.72+0.11 ms clock, 0.57+0.68/0.68/0+0.88 ms cpu, 3->3->1 MB, 4 MB goal, 0 MB stacks, 0 MB globals, 8 P
gc 3955 @44.894s 2%: 0.091+0.55+0.10 ms clock, 0.73+0.66/0.55/0+0.85 ms cpu, 3->3->1 MB, 4 MB goal, 0 MB stacks, 0 MB globals, 8 P
gc 3956 @44.897s 2%: 0.098+0.50+0.072 ms clock, 0.78+0.61/0.64/0+0.57 ms cpu, 3->3->1 MB, 4 MB goal, 0 MB stacks, 0 MB globals, 8 P
gc 3957 @44.899s 2%: 0.10+0.54+0.082 ms clock, 0.86+0.67/0.68/0+0.66 ms cpu, 3->3->1 MB, 4 MB goal, 0 MB stacks, 0 MB globals, 8 P
gc 3958 @44.902s 2%: 0.11+0.55+0.078 ms clock, 0.89+0.54/0.65/0+0.63 ms cpu, 3->3->1 MB, 4 MB goal, 0 MB stacks, 0 MB globals, 8 P
gc 3959 @44.905s 2%: 0.091+0.59+0.084 ms clock, 0.73+0.57/0.50/0+0.67 ms cpu, 3->3->1 MB, 4 MB goal, 0 MB stacks, 0 MB globals, 8 P
gc 3960 @44.908s 2%: 0.094+0.55+0.062 ms clock, 0.75+0.44/0.56/0+0.49 ms cpu, 3->3->1 MB, 4 MB goal, 0 MB stacks, 0 MB globals, 8 P
gc 3961 @44.911s 2%: 0.10+0.57+0.054 ms clock, 0.80+0.68/0.69/0+0.43 ms cpu, 3->3->1 MB, 4 MB goal, 0 MB stacks, 0 MB globals, 8 P
gc 3962 @44.913s 2%: 0.10+0.69+0.069 ms clock, 0.84+0.60/0.60/0+0.55 ms cpu, 3->3->1 MB, 4 MB goal, 0 MB stacks, 0 MB globals, 8 P
gc 3963 @44.916s 2%: 0.097+0.67+0.10 ms clock, 0.77+0.61/0.60/0+0.81 ms cpu, 3->3->1 MB, 4 MB goal, 0 MB stacks, 0 MB globals, 8 P
gc 3964 @44.919s 2%: 0.051+0.41+0.10 ms clock, 0.40+0.63/0.51/0+0.82 ms cpu, 3->3->1 MB, 4 MB goal, 0 MB stacks, 0 MB globals, 8 P
gc 3965 @44.922s 2%: 0.10+0.59+0.12 ms clock, 0.80+0.60/0.61/0+1.0 ms cpu, 3->3->1 MB, 4 MB goal, 0 MB stacks, 0 MB globals, 8 P
gc 3966 @44.925s 2%: 0.097+0.55+0.081 ms clock, 0.77+0.65/0.75/0+0.64 ms cpu, 3->3->1 MB, 4 MB goal, 0 MB stacks, 0 MB globals, 8 P
gc 3967 @44.927s 2%: 0.061+0.80+0.13 ms clock, 0.49+0.67/0.69/0+1.0 ms cpu, 3->3->1 MB, 4 MB goal, 0 MB stacks, 0 MB globals, 8 P
gc 3968 @44.930s 2%: 0.092+0.50+0.095 ms clock, 0.74+0.74/0.53/0+0.76 ms cpu, 3->3->1 MB, 4 MB goal, 0 MB stacks, 0 MB globals, 8 P
gc 3969 @44.933s 2%: 0.097+0.55+0.073 ms clock, 0.77+0.67/0.54/0+0.58 ms cpu, 3->3->1 MB, 4 MB goal, 0 MB stacks, 0 MB globals, 8 P
gc 3970 @44.936s 2%: 0.15+0.67+0.10 ms clock, 1.2+0.69/0.65/0+0.83 ms cpu, 3->3->1 MB, 4 MB goal, 0 MB stacks, 0 MB globals, 8 P
gc 3971 @44.939s 2%: 0.12+0.74+0.074 ms clock, 0.98+0.62/0.67/0+0.59 ms cpu, 3->3->1 MB, 4 MB goal, 0 MB stacks, 0 MB globals, 8 P
gc 3972 @44.941s 2%: 0.13+0.67+0.067 ms clock, 1.1+0.49/0.57/0+0.53 ms cpu, 3->3->1 MB, 4 MB goal, 0 MB stacks, 0 MB globals, 8 P
gc 3973 @44.944s 2%: 0.094+0.49+0.076 ms clock, 0.75+0.61/0.62/0+0.61 ms cpu, 3->3->1 MB, 4 MB goal, 0 MB stacks, 0 MB globals, 8 P
gc 3974 @44.947s 2%: 0.064+0.60+0.11 ms clock, 0.51+0.67/0.65/0+0.89 ms cpu, 3->3->1 MB, 4 MB goal, 0 MB stacks, 0 MB globals, 8 P
gc 3975 @44.950s 2%: 0.11+0.46+0.077 ms clock, 0.88+0.58/0.58/0+0.61 ms cpu, 3->3->1 MB, 4 MB goal, 0 MB stacks, 0 MB globals, 8 P
gc 3976 @44.952s 2%: 0.10+0.55+0.089 ms clock, 0.87+0.63/0.60/0+0.71 ms cpu, 3->3->1 MB, 4 MB goal, 0 MB stacks, 0 MB globals, 8 P
gc 3977 @44.955s 2%: 0.072+0.43+0.082 ms clock, 0.58+0.70/0.56/0+0.66 ms cpu, 3->3->1 MB, 4 MB goal, 0 MB stacks, 0 MB globals, 8 P
gc 3978 @44.958s 2%: 0.052+0.60+0.064 ms clock, 0.42+0.59/0.51/0+0.51 ms cpu, 3->3->1 MB, 4 MB goal, 0 MB stacks, 0 MB globals, 8 P
gc 3979 @44.961s 2%: 0.091+0.77+0.081 ms clock, 0.72+0.58/0.60/0+0.65 ms cpu, 3->3->1 MB, 4 MB goal, 0 MB stacks, 0 MB globals, 8 P
gc 3980 @44.964s 2%: 0.11+0.51+0.079 ms clock, 0.94+0.71/0.57/0+0.63 ms cpu, 3->3->1 MB, 4 MB goal, 0 MB stacks, 0 MB globals, 8 P
gc 3981 @44.966s 2%: 0.10+0.66+0.088 ms clock, 0.83+0.67/0.59/0+0.71 ms cpu, 3->3->1 MB, 4 MB goal, 0 MB stacks, 0 MB globals, 8 P
gc 3982 @44.969s 2%: 0.10+0.54+0.081 ms clock, 0.83+0.65/0.58/0+0.65 ms cpu, 3->3->1 MB, 4 MB goal, 0 MB stacks, 0 MB globals, 8 P
gc 3983 @44.972s 2%: 0.093+0.60+0.070 ms clock, 0.74+0.53/0.64/0+0.56 ms cpu, 3->3->1 MB, 4 MB goal, 0 MB stacks, 0 MB globals, 8 P
gc 3984 @44.975s 2%: 0.13+0.49+0.13 ms clock, 1.0+0.56/0.68/0+1.0 ms cpu, 3->3->1 MB, 4 MB goal, 0 MB stacks, 0 MB globals, 8 P
gc 3985 @44.977s 2%: 0.086+0.49+0.082 ms clock, 0.69+0.71/0.63/0+0.65 ms cpu, 3->3->1 MB, 4 MB goal, 0 MB stacks, 0 MB globals, 8 P
gc 3986 @44.980s 2%: 0.094+0.92+0.095 ms clock, 0.75+0.54/0.63/0+0.76 ms cpu, 3->3->1 MB, 4 MB goal, 0 MB stacks, 0 MB globals, 8 P
gc 3987 @44.983s 2%: 0.097+0.54+0.046 ms clock, 0.77+0.73/0.53/0+0.37 ms cpu, 3->3->1 MB, 4 MB goal, 0 MB stacks, 0 MB globals, 8 P
gc 3988 @44.986s 2%: 0.078+0.51+0.090 ms clock, 0.63+0.79/0.58/0+0.72 ms cpu, 3->3->1 MB, 4 MB goal, 0 MB stacks, 0 MB globals, 8 P
gc 3989 @44.989s 2%: 0.038+0.50+0.10 ms clock, 0.30+0.66/0.56/0+0.82 ms cpu, 3->3->1 MB, 4 MB goal, 0 MB stacks, 0 MB globals, 8 P
gc 3990 @44.991s 2%: 0.11+0.49+0.097 ms clock, 0.93+0.67/0.61/0+0.77 ms cpu, 3->3->1 MB, 4 MB goal, 0 MB stacks, 0 MB globals, 8 P
gc 3991 @44.994s 2%: 0.11+0.46+0.057 ms clock, 0.89+0.72/0.56/0+0.46 ms cpu, 3->3->1 MB, 4 MB goal, 0 MB stacks, 0 MB globals, 8 P
gc 3992 @44.997s 2%: 0.053+0.75+0.064 ms clock, 0.42+0.63/0.56/0+0.51 ms cpu, 3->3->1 MB, 4 MB goal, 0 MB stacks, 0 MB globals, 8 P
gc 3993 @45.000s 2%: 0.11+0.92+0.10 ms clock, 0.93+0.68/0.59/0+0.84 ms cpu, 3->3->1 MB, 4 MB goal, 0 MB stacks, 0 MB globals, 8 P
gc 3994 @45.003s 2%: 0.31+0.70+0.080 ms clock, 2.5+0.31/0.66/0.15+0.64 ms cpu, 3->4->1 MB, 4 MB goal, 0 MB stacks, 0 MB globals, 8 P
gc 3995 @45.006s 2%: 0.10+0.60+0.078 ms clock, 0.80+0.57/0.49/0+0.62 ms cpu, 3->3->1 MB, 4 MB goal, 0 MB stacks, 0 MB globals, 8 P
gc 3996 @45.008s 2%: 0.090+0.41+0.10 ms clock, 0.72+0.58/0.48/0+0.85 ms cpu, 3->3->1 MB, 4 MB goal, 0 MB stacks, 0 MB globals, 8 P
gc 3997 @45.011s 2%: 0.12+0.44+0.083 ms clock, 0.99+0.68/0.56/0+0.66 ms cpu, 3->3->1 MB, 4 MB goal, 0 MB stacks, 0 MB globals, 8 P
gc 3998 @45.014s 2%: 0.092+0.80+0.038 ms clock, 0.73+0.58/0.62/0+0.31 ms cpu, 3->3->1 MB, 4 MB goal, 0 MB stacks, 0 MB globals, 8 P
gc 3999 @45.017s 2%: 0.14+0.58+0.073 ms clock, 1.1+0.69/0.53/0+0.59 ms cpu, 3->3->1 MB, 4 MB goal, 0 MB stacks, 0 MB globals, 8 P
gc 4000 @45.020s 2%: 0.14+0.52+0.063 ms clock, 1.1+0.61/0.64/0+0.50 ms cpu, 3->3->1 MB, 4 MB goal, 0 MB stacks, 0 MB globals, 8 P
gc 4001 @45.022s 2%: 0.10+0.49+0.10 ms clock, 0.81+0.69/0.53/0+0.83 ms cpu, 3->3->1 MB, 4 MB goal, 0 MB stacks, 0 MB globals, 8 P
gc 4002 @45.025s 2%: 0.095+0.59+0.085 ms clock, 0.76+0.69/0.70/0+0.68 ms cpu, 3->3->1 MB, 4 MB goal, 0 MB stacks, 0 MB globals, 8 P
gc 4003 @45.028s 2%: 0.066+0.64+0.087 ms clock, 0.52+0.63/0.62/0+0.69 ms cpu, 3->3->1 MB, 4 MB goal, 0 MB stacks, 0 MB globals, 8 P
gc 4004 @45.031s 2%: 0.12+0.59+0.14 ms clock, 0.99+0.56/0.62/0+1.1 ms cpu, 3->3->1 MB, 4 MB goal, 0 MB stacks, 0 MB globals, 8 P
gc 4005 @45.034s 2%: 0.12+0.42+0.051 ms clock, 0.99+0.59/0.58/0+0.41 ms cpu, 3->3->1 MB, 4 MB goal, 0 MB stacks, 0 MB globals, 8 P
gc 4006 @45.036s 2%: 0.11+0.49+0.089 ms clock, 0.89+0.73/0.54/0+0.71 ms cpu, 3->3->1 MB, 4 MB goal, 0 MB stacks, 0 MB globals, 8 P
gc 4007 @45.039s 2%: 0.057+0.67+0.10 ms clock, 0.45+0.62/0.62/0+0.86 ms cpu, 3->3->1 MB, 4 MB goal, 0 MB stacks, 0 MB globals, 8 P
gc 4008 @45.042s 2%: 0.15+0.49+0.095 ms clock, 1.2+0.62/0.56/0+0.76 ms cpu, 3->3->1 MB, 4 MB goal, 0 MB stacks, 0 MB globals, 8 P
gc 4009 @45.045s 2%: 0.10+0.51+0.11 ms clock, 0.83+0.70/0.59/0+0.89 ms cpu, 3->3->1 MB, 4 MB goal, 0 MB stacks, 0 MB globals, 8 P
gc 4010 @45.047s 2%: 0.085+0.75+0.098 ms clock, 0.68+0.70/0.64/0+0.78 ms cpu, 3->3->1 MB, 4 MB goal, 0 MB stacks, 0 MB globals, 8 P
gc 4011 @45.050s 2%: 0.098+0.56+0.094 ms clock, 0.78+0.66/0.65/0+0.75 ms cpu, 3->3->1 MB, 4 MB goal, 0 MB stacks, 0 MB globals, 8 P
gc 4012 @45.053s 2%: 0.055+0.48+0.084 ms clock, 0.44+0.54/0.68/0+0.67 ms cpu, 3->3->1 MB, 4 MB goal, 0 MB stacks, 0 MB globals, 8 P
gc 4013 @45.056s 2%: 0.10+0.49+0.065 ms clock, 0.83+0.58/0.60/0+0.52 ms cpu, 3->3->1 MB, 4 MB goal, 0 MB stacks, 0 MB globals, 8 P
gc 4014 @45.058s 2%: 0.057+0.41+0.072 ms clock, 0.46+0.66/0.54/0+0.57 ms cpu, 3->3->1 MB, 4 MB goal, 0 MB stacks, 0 MB globals, 8 P
gc 4015 @45.061s 2%: 0.10+0.59+0.099 ms clock, 0.80+0.62/0.63/0+0.79 ms cpu, 3->3->1 MB, 4 MB goal, 0 MB stacks, 0 MB globals, 8 P
gc 4016 @45.064s 2%: 0.061+0.47+0.059 ms clock, 0.48+0.70/0.58/0+0.47 ms cpu, 3->3->1 MB, 4 MB goal, 0 MB stacks, 0 MB globals, 8 P
gc 4017 @45.067s 2%: 0.10+0.49+0.067 ms clock, 0.81+0.56/0.64/0+0.53 ms cpu, 3->3->1 MB, 4 MB goal, 0 MB stacks, 0 MB globals, 8 P
gc 4018 @45.069s 2%: 0.093+0.45+0.092 ms clock, 0.74+0.65/0.61/0+0.73 ms cpu, 3->3->1 MB, 4 MB goal, 0 MB stacks, 0 MB globals, 8 P
gc 4019 @45.072s 2%: 0.083+0.50+0.017 ms clock, 0.66+0.50/0.58/0+0.14 ms cpu, 3->3->1 MB, 4 MB goal, 0 MB stacks, 0 MB globals, 8 P
gc 4020 @45.075s 2%: 0.084+0.50+0.11 ms clock, 0.67+0.56/0.61/0+0.93 ms cpu, 3->3->1 MB, 4 MB goal, 0 MB stacks, 0 MB globals, 8 P
gc 4021 @45.078s 2%: 0.14+0.43+0.083 ms clock, 1.1+0.56/0.63/0+0.67 ms cpu, 3->3->1 MB, 4 MB goal, 0 MB stacks, 0 MB globals, 8 P
gc 4022 @45.081s 2%: 0.092+0.56+0.10 ms clock, 0.73+0.66/0.64/0+0.80 ms cpu, 3->3->1 MB, 4 MB goal, 0 MB stacks, 0 MB globals, 8 P
gc 4023 @45.083s 2%: 0.15+0.50+0.087 ms clock, 1.2+0.72/0.55/0+0.69 ms cpu, 3->3->1 MB, 4 MB goal, 0 MB stacks, 0 MB globals, 8 P
gc 4024 @45.086s 2%: 0.084+0.68+0.085 ms clock, 0.67+0.63/0.62/0+0.68 ms cpu, 3->3->1 MB, 4 MB goal, 0 MB stacks, 0 MB globals, 8 P
gc 4025 @45.089s 2%: 0.12+0.68+0.095 ms clock, 0.98+0.69/0.60/0+0.76 ms cpu, 3->3->1 MB, 4 MB goal, 0 MB stacks, 0 MB globals, 8 P
gc 4026 @45.092s 2%: 0.085+0.75+0.11 ms clock, 0.68+0.74/0.72/0+0.92 ms cpu, 3->3->1 MB, 4 MB goal, 0 MB stacks, 0 MB globals, 8 P
gc 4027 @45.095s 2%: 0.095+0.48+0.086 ms clock, 0.76+0.75/0.57/0+0.69 ms cpu, 3->3->1 MB, 4 MB goal, 0 MB stacks, 0 MB globals, 8 P
gc 4028 @45.097s 2%: 0.10+0.47+0.11 ms clock, 0.84+0.63/0.65/0+0.88 ms cpu, 3->3->1 MB, 4 MB goal, 0 MB stacks, 0 MB globals, 8 P
gc 4029 @45.100s 2%: 0.11+0.53+0.10 ms clock, 0.92+0.67/0.61/0+0.87 ms cpu, 3->3->1 MB, 4 MB goal, 0 MB stacks, 0 MB globals, 8 P
gc 4030 @45.103s 2%: 0.096+0.52+0.077 ms clock, 0.77+0.58/0.76/0+0.61 ms cpu, 3->3->1 MB, 4 MB goal, 0 MB stacks, 0 MB globals, 8 P
gc 4031 @45.106s 2%: 0.094+0.55+0.12 ms clock, 0.75+0.61/0.67/0+0.98 ms cpu, 3->3->1 MB, 4 MB goal, 0 MB stacks, 0 MB globals, 8 P
gc 4032 @45.108s 2%: 0.076+0.43+0.054 ms clock, 0.61+0.73/0.53/0+0.43 ms cpu, 3->3->1 MB, 4 MB goal, 0 MB stacks, 0 MB globals, 8 P
gc 4033 @45.111s 2%: 0.11+0.81+0.14 ms clock, 0.94+0.65/0.56/0+1.1 ms cpu, 3->3->1 MB, 4 MB goal, 0 MB stacks, 0 MB globals, 8 P
gc 4034 @45.114s 2%: 0.075+0.45+0.082 ms clock, 0.60+0.67/0.57/0+0.66 ms cpu, 3->3->1 MB, 4 MB goal, 0 MB stacks, 0 MB globals, 8 P
gc 4035 @45.117s 2%: 0.15+0.50+0.078 ms clock, 1.2+0.61/0.63/0+0.62 ms cpu, 3->3->1 MB, 4 MB goal, 0 MB stacks, 0 MB globals, 8 P
gc 4036 @45.119s 2%: 0.098+0.53+0.095 ms clock, 0.78+0.73/0.56/0+0.76 ms cpu, 3->3->1 MB, 4 MB goal, 0 MB stacks, 0 MB globals, 8 P
gc 4037 @45.122s 2%: 0.088+0.61+0.073 ms clock, 0.70+0.59/0.61/0+0.59 ms cpu, 3->3->1 MB, 4 MB goal, 0 MB stacks, 0 MB globals, 8 P
gc 4038 @45.125s 2%: 0.12+0.53+0.10 ms clock, 0.96+0.66/0.66/0+0.81 ms cpu, 3->3->1 MB, 4 MB goal, 0 MB stacks, 0 MB globals, 8 P
gc 4039 @45.128s 2%: 0.071+1.0+0.10 ms clock, 0.57+0.65/0.59/0+0.85 ms cpu, 3->4->1 MB, 4 MB goal, 0 MB stacks, 0 MB globals, 8 P
gc 4040 @45.131s 2%: 0.080+0.69+0.14 ms clock, 0.64+0.60/0.71/0+1.1 ms cpu, 3->3->1 MB, 4 MB goal, 0 MB stacks, 0 MB globals, 8 P
gc 4041 @45.134s 2%: 0.10+0.69+0.028 ms clock, 0.82+0.71/0.59/0+0.23 ms cpu, 3->3->1 MB, 4 MB goal, 0 MB stacks, 0 MB globals, 8 P
gc 4042 @45.136s 2%: 0.10+0.51+0.085 ms clock, 0.86+0.55/0.60/0+0.68 ms cpu, 3->3->1 MB, 4 MB goal, 0 MB stacks, 0 MB globals, 8 P
gc 4043 @45.139s 2%: 0.092+0.77+0.090 ms clock, 0.73+0.63/0.72/0+0.72 ms cpu, 3->3->1 MB, 4 MB goal, 0 MB stacks, 0 MB globals, 8 P
gc 4044 @45.142s 2%: 0.068+0.58+0.044 ms clock, 0.55+0.53/0.63/0+0.35 ms cpu, 3->3->1 MB, 4 MB goal, 0 MB stacks, 0 MB globals, 8 P
gc 4045 @45.145s 2%: 0.073+0.60+0.11 ms clock, 0.58+0.69/0.66/0+0.92 ms cpu, 3->3->1 MB, 4 MB goal, 0 MB stacks, 0 MB globals, 8 P
gc 4046 @45.148s 2%: 0.090+0.48+0.092 ms clock, 0.72+0.59/0.62/0+0.73 ms cpu, 3->3->1 MB, 4 MB goal, 0 MB stacks, 0 MB globals, 8 P
gc 4047 @45.150s 2%: 0.14+0.48+0.077 ms clock, 1.1+0.63/0.64/0+0.62 ms cpu, 3->3->1 MB, 4 MB goal, 0 MB stacks, 0 MB globals, 8 P
gc 4048 @45.153s 2%: 0.083+0.61+0.078 ms clock, 0.66+0.72/0.50/0+0.63 ms cpu, 3->3->1 MB, 4 MB goal, 0 MB stacks, 0 MB globals, 8 P
gc 4049 @45.156s 2%: 0.056+0.55+0.077 ms clock, 0.45+0.39/0.72/0+0.61 ms cpu, 3->3->1 MB, 4 MB goal, 0 MB stacks, 0 MB globals, 8 P
gc 4050 @45.159s 2%: 0.098+0.60+0.073 ms clock, 0.78+0.62/0.67/0+0.58 ms cpu, 3->3->1 MB, 4 MB goal, 0 MB stacks, 0 MB globals, 8 P
gc 4051 @45.162s 2%: 0.088+0.56+0.071 ms clock, 0.70+0.69/0.66/0+0.57 ms cpu, 3->3->1 MB, 4 MB goal, 0 MB stacks, 0 MB globals, 8 P
gc 4052 @45.164s 2%: 0.095+0.60+0.075 ms clock, 0.76+0.68/0.65/0+0.60 ms cpu, 3->3->1 MB, 4 MB goal, 0 MB stacks, 0 MB globals, 8 P
gc 4053 @45.167s 2%: 0.64+0.74+0.093 ms clock, 5.1+0.50/0.65/0+0.75 ms cpu, 3->3->1 MB, 4 MB goal, 0 MB stacks, 0 MB globals, 8 P
gc 4054 @45.170s 2%: 0.13+0.54+0.069 ms clock, 1.0+0.57/0.68/0+0.55 ms cpu, 3->3->1 MB, 4 MB goal, 0 MB stacks, 0 MB globals, 8 P
gc 4055 @45.173s 2%: 0.085+0.53+0.11 ms clock, 0.68+0.67/0.63/0+0.89 ms cpu, 3->3->1 MB, 4 MB goal, 0 MB stacks, 0 MB globals, 8 P
gc 4056 @45.176s 2%: 0.074+0.38+0.044 ms clock, 0.59+0.77/0.48/0+0.35 ms cpu, 3->3->1 MB, 4 MB goal, 0 MB stacks, 0 MB globals, 8 P
gc 4057 @45.178s 2%: 0.10+0.52+0.087 ms clock, 0.87+0.62/0.64/0+0.70 ms cpu, 3->3->1 MB, 4 MB goal, 0 MB stacks, 0 MB globals, 8 P
gc 4058 @45.181s 2%: 0.098+0.86+0.081 ms clock, 0.78+0.66/0.64/0+0.64 ms cpu, 3->3->1 MB, 4 MB goal, 0 MB stacks, 0 MB globals, 8 P
gc 4059 @45.184s 2%: 0.10+0.45+0.071 ms clock, 0.85+0.62/0.59/0+0.56 ms cpu, 3->3->1 MB, 4 MB goal, 0 MB stacks, 0 MB globals, 8 P
gc 4060 @45.187s 2%: 0.11+0.41+0.076 ms clock, 0.89+0.50/0.52/0+0.61 ms cpu, 3->3->1 MB, 4 MB goal, 0 MB stacks, 0 MB globals, 8 P
gc 4061 @45.189s 2%: 0.094+0.46+0.091 ms clock, 0.75+0.60/0.63/0+0.73 ms cpu, 3->3->1 MB, 4 MB goal, 0 MB stacks, 0 MB globals, 8 P
gc 4062 @45.192s 2%: 0.10+0.49+0.089 ms clock, 0.80+0.65/0.54/0+0.71 ms cpu, 3->3->1 MB, 4 MB goal, 0 MB stacks, 0 MB globals, 8 P
gc 4063 @45.195s 2%: 0.12+0.89+0.098 ms clock, 1.0+0.52/0.70/0+0.78 ms cpu, 3->3->1 MB, 4 MB goal, 0 MB stacks, 0 MB globals, 8 P
gc 4064 @45.198s 2%: 0.092+0.54+0.075 ms clock, 0.73+0.64/0.66/0+0.60 ms cpu, 3->3->1 MB, 4 MB goal, 0 MB stacks, 0 MB globals, 8 P
gc 4065 @45.201s 2%: 0.094+0.62+0.085 ms clock, 0.75+0.64/0.67/0+0.68 ms cpu, 3->3->1 MB, 4 MB goal, 0 MB stacks, 0 MB globals, 8 P
gc 4066 @45.203s 2%: 0.12+0.59+0.065 ms clock, 0.98+0.63/0.51/0+0.52 ms cpu, 3->3->1 MB, 4 MB goal, 0 MB stacks, 0 MB globals, 8 P
gc 4067 @45.206s 2%: 0.10+0.84+0.059 ms clock, 0.80+0.64/0.63/0+0.47 ms cpu, 3->3->1 MB, 4 MB goal, 0 MB stacks, 0 MB globals, 8 P
gc 4068 @45.209s 2%: 0.092+0.57+0.11 ms clock, 0.73+0.55/0.75/0+0.95 ms cpu, 3->3->1 MB, 4 MB goal, 0 MB stacks, 0 MB globals, 8 P
gc 4069 @45.212s 2%: 0.070+0.49+0.092 ms clock, 0.56+0.69/0.58/0+0.74 ms cpu, 3->3->1 MB, 4 MB goal, 0 MB stacks, 0 MB globals, 8 P
gc 4070 @45.215s 2%: 0.10+0.49+0.056 ms clock, 0.81+0.73/0.54/0+0.45 ms cpu, 3->3->1 MB, 4 MB goal, 0 MB stacks, 0 MB globals, 8 P
gc 4071 @45.217s 2%: 0.095+0.55+0.087 ms clock, 0.76+0.54/0.58/0+0.70 ms cpu, 3->3->1 MB, 4 MB goal, 0 MB stacks, 0 MB globals, 8 P
gc 4072 @45.220s 2%: 0.092+0.48+0.066 ms clock, 0.73+0.72/0.62/0+0.53 ms cpu, 3->3->1 MB, 4 MB goal, 0 MB stacks, 0 MB globals, 8 P
gc 4073 @45.223s 2%: 0.10+0.56+0.099 ms clock, 0.87+0.60/0.62/0+0.79 ms cpu, 3->3->1 MB, 4 MB goal, 0 MB stacks, 0 MB globals, 8 P
gc 4074 @45.226s 2%: 0.13+0.50+0.084 ms clock, 1.0+0.51/0.55/0+0.67 ms cpu, 3->3->1 MB, 4 MB goal, 0 MB stacks, 0 MB globals, 8 P
gc 4075 @45.229s 2%: 0.059+0.45+0.039 ms clock, 0.47+0.85/0.47/0+0.31 ms cpu, 3->3->1 MB, 4 MB goal, 0 MB stacks, 0 MB globals, 8 P
gc 4076 @45.231s 2%: 0.11+0.98+0.095 ms clock, 0.95+0.65/0.56/0+0.76 ms cpu, 3->4->1 MB, 4 MB goal, 0 MB stacks, 0 MB globals, 8 P
gc 4077 @45.234s 2%: 0.10+0.42+0.071 ms clock, 0.80+0.69/0.52/0+0.57 ms cpu, 3->3->1 MB, 4 MB goal, 0 MB stacks, 0 MB globals, 8 P
gc 4078 @45.237s 2%: 0.075+0.52+0.036 ms clock, 0.60+0.58/0.61/0+0.29 ms cpu, 3->3->1 MB, 4 MB goal, 0 MB stacks, 0 MB globals, 8 P
gc 4079 @45.240s 2%: 0.11+0.59+0.099 ms clock, 0.93+0.78/0.52/0+0.79 ms cpu, 3->3->1 MB, 4 MB goal, 0 MB stacks, 0 MB globals, 8 P
gc 4080 @45.243s 2%: 0.089+0.54+0.081 ms clock, 0.71+0.77/0.58/0+0.64 ms cpu, 3->3->1 MB, 4 MB goal, 0 MB stacks, 0 MB globals, 8 P
gc 4081 @45.246s 2%: 0.098+0.67+0.085 ms clock, 0.78+0.61/0.58/0+0.68 ms cpu, 3->3->1 MB, 4 MB goal, 0 MB stacks, 0 MB globals, 8 P
gc 4082 @45.248s 2%: 0.11+0.52+0.11 ms clock, 0.88+0.67/0.57/0+0.89 ms cpu, 3->3->1 MB, 4 MB goal, 0 MB stacks, 0 MB globals, 8 P
gc 4083 @45.251s 2%: 0.094+0.71+0.098 ms clock, 0.75+0.69/0.54/0+0.79 ms cpu, 3->3->1 MB, 4 MB goal, 0 MB stacks, 0 MB globals, 8 P
gc 4084 @45.254s 2%: 0.12+0.38+0.043 ms clock, 1.0+0.61/0.57/0+0.34 ms cpu, 3->3->1 MB, 4 MB goal, 0 MB stacks, 0 MB globals, 8 P
gc 4085 @45.257s 2%: 0.096+0.59+0.11 ms clock, 0.77+0.66/0.69/0+0.90 ms cpu, 3->3->1 MB, 4 MB goal, 0 MB stacks, 0 MB globals, 8 P
gc 4086 @45.260s 2%: 0.076+0.65+0.097 ms clock, 0.61+0.51/0.68/0+0.78 ms cpu, 3->3->1 MB, 4 MB goal, 0 MB stacks, 0 MB globals, 8 P
gc 4087 @45.262s 2%: 0.11+0.53+0.068 ms clock, 0.89+0.64/0.65/0+0.54 ms cpu, 3->3->1 MB, 4 MB goal, 0 MB stacks, 0 MB globals, 8 P
gc 4088 @45.265s 2%: 0.083+0.64+0.094 ms clock, 0.66+0.53/0.69/0+0.75 ms cpu, 3->3->1 MB, 4 MB goal, 0 MB stacks, 0 MB globals, 8 P
gc 4089 @45.268s 2%: 0.069+0.44+0.045 ms clock, 0.55+0.65/0.57/0+0.36 ms cpu, 3->3->1 MB, 4 MB goal, 0 MB stacks, 0 MB globals, 8 P
gc 4090 @45.271s 2%: 0.085+0.49+0.089 ms clock, 0.68+0.65/0.55/0+0.71 ms cpu, 3->3->1 MB, 4 MB goal, 0 MB stacks, 0 MB globals, 8 P
gc 4091 @45.273s 2%: 0.096+0.52+0.097 ms clock, 0.77+0.65/0.59/0+0.77 ms cpu, 3->3->1 MB, 4 MB goal, 0 MB stacks, 0 MB globals, 8 P
gc 4092 @45.276s 2%: 0.10+0.50+0.067 ms clock, 0.80+0.59/0.61/0+0.53 ms cpu, 3->3->1 MB, 4 MB goal, 0 MB stacks, 0 MB globals, 8 P
gc 4093 @45.279s 2%: 0.11+0.36+0.10 ms clock, 0.92+0.58/0.47/0+0.81 ms cpu, 3->3->1 MB, 4 MB goal, 0 MB stacks, 0 MB globals, 8 P
gc 4094 @45.282s 2%: 0.073+0.42+0.11 ms clock, 0.58+0.58/0.49/0+0.89 ms cpu, 3->3->1 MB, 4 MB goal, 0 MB stacks, 0 MB globals, 8 P
gc 4095 @45.285s 2%: 0.075+0.56+0.10 ms clock, 0.60+0.63/0.61/0+0.84 ms cpu, 3->3->1 MB, 4 MB goal, 0 MB stacks, 0 MB globals, 8 P
gc 4096 @45.287s 2%: 0.080+0.55+0.086 ms clock, 0.64+0.60/0.71/0+0.68 ms cpu, 3->3->1 MB, 4 MB goal, 0 MB stacks, 0 MB globals, 8 P
gc 4097 @45.290s 2%: 0.079+0.78+0.086 ms clock, 0.63+0.79/0.49/0+0.69 ms cpu, 3->3->1 MB, 4 MB goal, 0 MB stacks, 0 MB globals, 8 P
gc 4098 @45.293s 2%: 0.095+0.64+0.074 ms clock, 0.76+0.66/0.70/0+0.59 ms cpu, 3->3->1 MB, 4 MB goal, 0 MB stacks, 0 MB globals, 8 P
gc 4099 @45.296s 2%: 0.084+0.54+0.098 ms clock, 0.67+0.53/0.63/0+0.78 ms cpu, 3->3->1 MB, 4 MB goal, 0 MB stacks, 0 MB globals, 8 P
gc 4100 @45.299s 2%: 0.076+0.52+0.047 ms clock, 0.61+0.61/0.68/0+0.38 ms cpu, 3->3->1 MB, 4 MB goal, 0 MB stacks, 0 MB globals, 8 P
gc 4101 @45.301s 2%: 0.17+0.51+0.077 ms clock, 1.4+0.55/0.65/0+0.61 ms cpu, 3->3->1 MB, 4 MB goal, 0 MB stacks, 0 MB globals, 8 P
gc 4102 @45.304s 2%: 0.095+0.44+0.10 ms clock, 0.76+0.77/0.52/0+0.83 ms cpu, 3->3->1 MB, 4 MB goal, 0 MB stacks, 0 MB globals, 8 P
gc 4103 @45.307s 2%: 0.071+0.49+0.085 ms clock, 0.57+0.73/0.54/0+0.68 ms cpu, 3->3->1 MB, 4 MB goal, 0 MB stacks, 0 MB globals, 8 P
gc 4104 @45.310s 2%: 0.10+0.56+0.11 ms clock, 0.82+0.63/0.66/0+0.90 ms cpu, 3->3->1 MB, 4 MB goal, 0 MB stacks, 0 MB globals, 8 P
gc 4105 @45.313s 2%: 0.072+0.59+0.063 ms clock, 0.58+0.58/0.62/0+0.51 ms cpu, 3->3->1 MB, 4 MB goal, 0 MB stacks, 0 MB globals, 8 P
gc 4106 @45.315s 2%: 0.068+0.43+0.039 ms clock, 0.54+0.69/0.52/0+0.31 ms cpu, 3->3->1 MB, 4 MB goal, 0 MB stacks, 0 MB globals, 8 P
gc 4107 @45.318s 2%: 0.057+0.65+0.089 ms clock, 0.46+0.74/0.56/0+0.71 ms cpu, 3->3->1 MB, 4 MB goal, 0 MB stacks, 0 MB globals, 8 P
gc 4108 @45.321s 2%: 0.11+0.43+0.075 ms clock, 0.88+0.63/0.54/0+0.60 ms cpu, 3->3->1 MB, 4 MB goal, 0 MB stacks, 0 MB globals, 8 P
gc 4109 @45.324s 2%: 0.065+0.54+0.11 ms clock, 0.52+0.78/0.66/0+0.92 ms cpu, 3->3->1 MB, 4 MB goal, 0 MB stacks, 0 MB globals, 8 P
gc 4110 @45.326s 2%: 0.10+0.39+0.059 ms clock, 0.81+0.62/0.61/0+0.47 ms cpu, 3->3->1 MB, 4 MB goal, 0 MB stacks, 0 MB globals, 8 P
gc 4111 @45.329s 2%: 0.11+0.47+0.10 ms clock, 0.89+0.69/0.55/0+0.82 ms cpu, 3->3->1 MB, 4 MB goal, 0 MB stacks, 0 MB globals, 8 P
gc 4112 @45.332s 2%: 0.099+0.84+0.052 ms clock, 0.79+0.60/0.68/0+0.41 ms cpu, 3->3->1 MB, 4 MB goal, 0 MB stacks, 0 MB globals, 8 P
gc 4113 @45.335s 2%: 0.11+0.89+0.066 ms clock, 0.89+0.67/0.60/0+0.53 ms cpu, 3->3->1 MB, 4 MB goal, 0 MB stacks, 0 MB globals, 8 P
gc 4114 @45.337s 2%: 0.092+0.48+0.10 ms clock, 0.73+0.65/0.53/0+0.80 ms cpu, 3->3->1 MB, 4 MB goal, 0 MB stacks, 0 MB globals, 8 P
gc 4115 @45.340s 2%: 0.090+0.38+0.038 ms clock, 0.72+0.69/0.53/0+0.31 ms cpu, 3->3->1 MB, 4 MB goal, 0 MB stacks, 0 MB globals, 8 P
gc 4116 @45.343s 2%: 0.11+0.53+0.10 ms clock, 0.95+0.69/0.68/0+0.85 ms cpu, 3->3->1 MB, 4 MB goal, 0 MB stacks, 0 MB globals, 8 P
gc 4117 @45.346s 2%: 0.10+0.41+0.066 ms clock, 0.83+0.72/0.57/0+0.53 ms cpu, 3->3->1 MB, 4 MB goal, 0 MB stacks, 0 MB globals, 8 P
gc 4118 @45.348s 2%: 0.10+0.56+0.073 ms clock, 0.85+0.52/0.69/0+0.58 ms cpu, 3->3->1 MB, 4 MB goal, 0 MB stacks, 0 MB globals, 8 P
gc 4119 @45.351s 2%: 0.11+0.63+0.11 ms clock, 0.89+0.67/0.60/0+0.93 ms cpu, 3->3->1 MB, 4 MB goal, 0 MB stacks, 0 MB globals, 8 P
gc 4120 @45.354s 2%: 0.078+0.45+0.097 ms clock, 0.62+0.75/0.53/0+0.78 ms cpu, 3->3->1 MB, 4 MB goal, 0 MB stacks, 0 MB globals, 8 P
gc 4121 @45.357s 2%: 0.11+1.0+0.093 ms clock, 0.88+0.45/0.70/0+0.74 ms cpu, 3->4->1 MB, 4 MB goal, 0 MB stacks, 0 MB globals, 8 P
gc 4122 @45.360s 2%: 0.10+0.50+0.074 ms clock, 0.80+0.77/0.55/0+0.59 ms cpu, 3->3->1 MB, 4 MB goal, 0 MB stacks, 0 MB globals, 8 P
gc 4123 @45.363s 2%: 0.091+0.51+0.067 ms clock, 0.72+0.75/0.52/0+0.54 ms cpu, 3->3->1 MB, 4 MB goal, 0 MB stacks, 0 MB globals, 8 P
gc 4124 @45.365s 2%: 0.071+0.88+0.10 ms clock, 0.57+0.67/0.69/0+0.85 ms cpu, 3->3->1 MB, 4 MB goal, 0 MB stacks, 0 MB globals, 8 P
gc 4125 @45.368s 2%: 0.099+0.63+0.081 ms clock, 0.79+0.61/0.67/0+0.65 ms cpu, 3->3->1 MB, 4 MB goal, 0 MB stacks, 0 MB globals, 8 P
gc 4126 @45.371s 2%: 0.090+0.58+0.056 ms clock, 0.72+1.0/0.61/0+0.45 ms cpu, 3->3->1 MB, 4 MB goal, 0 MB stacks, 0 MB globals, 8 P
gc 4127 @45.374s 2%: 0.10+0.48+0.10 ms clock, 0.86+0.67/0.61/0+0.83 ms cpu, 3->3->1 MB, 4 MB goal, 0 MB stacks, 0 MB globals, 8 P
gc 4128 @45.377s 2%: 0.065+0.63+0.093 ms clock, 0.52+0.54/0.68/0+0.75 ms cpu, 3->3->1 MB, 4 MB goal, 0 MB stacks, 0 MB globals, 8 P
gc 4129 @45.379s 2%: 0.10+0.53+0.080 ms clock, 0.81+0.72/0.59/0+0.64 ms cpu, 3->3->1 MB, 4 MB goal, 0 MB stacks, 0 MB globals, 8 P
gc 4130 @45.382s 2%: 0.081+0.51+0.10 ms clock, 0.65+0.57/0.58/0+0.82 ms cpu, 3->3->1 MB, 4 MB goal, 0 MB stacks, 0 MB globals, 8 P
gc 4131 @45.385s 2%: 0.075+0.84+0.067 ms clock, 0.60+0.56/0.59/0+0.54 ms cpu, 3->3->1 MB, 4 MB goal, 0 MB stacks, 0 MB globals, 8 P
gc 4132 @45.388s 2%: 0.11+0.44+0.046 ms clock, 0.92+0.82/0.51/0+0.37 ms cpu, 3->3->1 MB, 4 MB goal, 0 MB stacks, 0 MB globals, 8 P
gc 4133 @45.391s 2%: 0.10+0.50+0.063 ms clock, 0.86+0.54/0.62/0+0.50 ms cpu, 3->3->1 MB, 4 MB goal, 0 MB stacks, 0 MB globals, 8 P
gc 4134 @45.393s 2%: 0.099+0.53+0.098 ms clock, 0.79+0.58/0.66/0+0.78 ms cpu, 3->3->1 MB, 4 MB goal, 0 MB stacks, 0 MB globals, 8 P
gc 4135 @45.396s 2%: 0.077+0.40+0.082 ms clock, 0.61+0.61/0.62/0+0.65 ms cpu, 3->3->1 MB, 4 MB goal, 0 MB stacks, 0 MB globals, 8 P
gc 4136 @45.399s 2%: 0.078+0.80+0.088 ms clock, 0.63+0.68/0.60/0+0.70 ms cpu, 3->3->1 MB, 4 MB goal, 0 MB stacks, 0 MB globals, 8 P
gc 4137 @45.402s 2%: 0.12+0.53+0.046 ms clock, 0.97+0.71/0.61/0+0.37 ms cpu, 3->3->1 MB, 4 MB goal, 0 MB stacks, 0 MB globals, 8 P
gc 4138 @45.405s 2%: 0.10+0.45+0.11 ms clock, 0.82+0.66/0.61/0+0.92 ms cpu, 3->3->1 MB, 4 MB goal, 0 MB stacks, 0 MB globals, 8 P
gc 4139 @45.407s 2%: 0.081+0.54+0.045 ms clock, 0.65+0.64/0.73/0+0.36 ms cpu, 3->3->1 MB, 4 MB goal, 0 MB stacks, 0 MB globals, 8 P
gc 4140 @45.410s 2%: 0.096+0.46+0.091 ms clock, 0.77+0.58/0.59/0+0.72 ms cpu, 3->3->1 MB, 4 MB goal, 0 MB stacks, 0 MB globals, 8 P
gc 4141 @45.413s 2%: 0.054+0.64+0.10 ms clock, 0.43+0.47/0.67/0+0.87 ms cpu, 3->3->1 MB, 4 MB goal, 0 MB stacks, 0 MB globals, 8 P
gc 4142 @45.416s 2%: 0.073+0.78+0.083 ms clock, 0.58+0.64/0.56/0+0.67 ms cpu, 3->3->1 MB, 4 MB goal, 0 MB stacks, 0 MB globals, 8 P
gc 4143 @45.419s 2%: 0.099+0.40+0.064 ms clock, 0.79+0.68/0.50/0+0.51 ms cpu, 3->3->1 MB, 4 MB goal, 0 MB stacks, 0 MB globals, 8 P
gc 4144 @45.421s 2%: 0.067+0.69+0.087 ms clock, 0.54+0.67/0.54/0+0.70 ms cpu, 3->3->1 MB, 4 MB goal, 0 MB stacks, 0 MB globals, 8 P
gc 4145 @45.424s 2%: 0.11+0.56+0.11 ms clock, 0.90+0.62/0.64/0+0.95 ms cpu, 3->3->1 MB, 4 MB goal, 0 MB stacks, 0 MB globals, 8 P
gc 4146 @45.427s 2%: 0.086+0.72+0.082 ms clock, 0.69+0.57/0.66/0+0.65 ms cpu, 3->3->1 MB, 4 MB goal, 0 MB stacks, 0 MB globals, 8 P
gc 4147 @45.430s 2%: 0.098+0.72+0.067 ms clock, 0.78+0.66/0.65/0+0.54 ms cpu, 3->3->1 MB, 4 MB goal, 0 MB stacks, 0 MB globals, 8 P
gc 4148 @45.433s 2%: 0.091+0.48+0.082 ms clock, 0.73+0.66/0.62/0+0.66 ms cpu, 3->3->1 MB, 4 MB goal, 0 MB stacks, 0 MB globals, 8 P
gc 4149 @45.435s 2%: 0.098+0.53+0.080 ms clock, 0.78+0.66/0.71/0+0.64 ms cpu, 3->3->1 MB, 4 MB goal, 0 MB stacks, 0 MB globals, 8 P
gc 4150 @45.438s 2%: 0.15+0.46+0.048 ms clock, 1.2+0.65/0.59/0+0.38 ms cpu, 3->3->1 MB, 4 MB goal, 0 MB stacks, 0 MB globals, 8 P
gc 4151 @45.441s 2%: 0.13+0.79+0.061 ms clock, 1.0+0.62/0.57/0+0.49 ms cpu, 3->3->1 MB, 4 MB goal, 0 MB stacks, 0 MB globals, 8 P
gc 4152 @45.444s 2%: 0.11+0.46+0.10 ms clock, 0.88+0.58/0.64/0+0.80 ms cpu, 3->3->1 MB, 4 MB goal, 0 MB stacks, 0 MB globals, 8 P
gc 4153 @45.446s 2%: 0.14+0.47+0.066 ms clock, 1.1+0.60/0.64/0+0.53 ms cpu, 3->3->1 MB, 4 MB goal, 0 MB stacks, 0 MB globals, 8 P
gc 4154 @45.449s 2%: 0.080+0.99+0.096 ms clock, 0.64+0.53/0.65/0+0.77 ms cpu, 3->3->1 MB, 4 MB goal, 0 MB stacks, 0 MB globals, 8 P
gc 4155 @45.452s 2%: 0.13+0.47+0.12 ms clock, 1.0+0.68/0.55/0+1.0 ms cpu, 3->3->1 MB, 4 MB goal, 0 MB stacks, 0 MB globals, 8 P
gc 4156 @45.455s 2%: 0.13+0.43+0.11 ms clock, 1.1+0.59/0.57/0+0.91 ms cpu, 3->3->1 MB, 4 MB goal, 0 MB stacks, 0 MB globals, 8 P
gc 4157 @45.457s 2%: 0.12+0.48+0.10 ms clock, 0.99+0.59/0.60/0+0.83 ms cpu, 3->3->1 MB, 4 MB goal, 0 MB stacks, 0 MB globals, 8 P
gc 4158 @45.460s 2%: 0.098+0.56+0.086 ms clock, 0.78+0.58/0.66/0+0.69 ms cpu, 3->3->1 MB, 4 MB goal, 0 MB stacks, 0 MB globals, 8 P
gc 4159 @45.463s 2%: 0.091+0.54+0.10 ms clock, 0.73+0.62/0.69/0+0.87 ms cpu, 3->3->1 MB, 4 MB goal, 0 MB stacks, 0 MB globals, 8 P
gc 4160 @45.466s 2%: 0.078+0.43+0.060 ms clock, 0.62+0.59/0.62/0+0.48 ms cpu, 3->3->1 MB, 4 MB goal, 0 MB stacks, 0 MB globals, 8 P
gc 4161 @45.469s 2%: 0.087+0.46+0.054 ms clock, 0.69+0.59/0.60/0+0.43 ms cpu, 3->3->1 MB, 4 MB goal, 0 MB stacks, 0 MB globals, 8 P
gc 4162 @45.471s 2%: 0.063+0.53+0.039 ms clock, 0.50+0.65/0.61/0+0.31 ms cpu, 3->3->1 MB, 4 MB goal, 0 MB stacks, 0 MB globals, 8 P
gc 4163 @45.474s 2%: 0.097+0.49+0.093 ms clock, 0.77+0.63/0.54/0+0.74 ms cpu, 3->3->1 MB, 4 MB goal, 0 MB stacks, 0 MB globals, 8 P
gc 4164 @45.477s 2%: 0.093+0.56+0.056 ms clock, 0.74+0.55/0.63/0+0.44 ms cpu, 3->3->1 MB, 4 MB goal, 0 MB stacks, 0 MB globals, 8 P
gc 4165 @45.480s 2%: 0.090+0.66+0.069 ms clock, 0.72+0.72/0.51/0+0.55 ms cpu, 3->3->1 MB, 4 MB goal, 0 MB stacks, 0 MB globals, 8 P
gc 4166 @45.483s 2%: 0.065+0.50+0.089 ms clock, 0.52+0.80/0.58/0+0.71 ms cpu, 3->3->1 MB, 4 MB goal, 0 MB stacks, 0 MB globals, 8 P
gc 4167 @45.485s 2%: 0.074+0.39+0.092 ms clock, 0.59+0.89/0.54/0+0.74 ms cpu, 3->3->1 MB, 4 MB goal, 0 MB stacks, 0 MB globals, 8 P
gc 4168 @45.488s 2%: 0.10+1.1+0.075 ms clock, 0.86+0.65/0.69/0+0.60 ms cpu, 3->4->1 MB, 4 MB goal, 0 MB stacks, 0 MB globals, 8 P
gc 4169 @45.491s 2%: 0.13+0.70+0.10 ms clock, 1.0+0.65/0.62/0+0.86 ms cpu, 3->3->1 MB, 4 MB goal, 0 MB stacks, 0 MB globals, 8 P
gc 4170 @45.494s 2%: 0.10+0.52+0.11 ms clock, 0.86+0.73/0.66/0+0.93 ms cpu, 3->3->1 MB, 4 MB goal, 0 MB stacks, 0 MB globals, 8 P
gc 4171 @45.497s 2%: 0.087+0.63+0.097 ms clock, 0.69+0.66/0.60/0+0.77 ms cpu, 3->3->1 MB, 4 MB goal, 0 MB stacks, 0 MB globals, 8 P
gc 4172 @45.500s 2%: 0.11+0.50+0.065 ms clock, 0.88+0.69/0.59/0+0.52 ms cpu, 3->3->1 MB, 4 MB goal, 0 MB stacks, 0 MB globals, 8 P
gc 4173 @45.502s 2%: 0.080+0.41+0.10 ms clock, 0.64+0.56/0.62/0+0.86 ms cpu, 3->3->1 MB, 4 MB goal, 0 MB stacks, 0 MB globals, 8 P
gc 4174 @45.505s 2%: 0.074+0.34+0.069 ms clock, 0.59+0.71/0.54/0+0.55 ms cpu, 3->3->1 MB, 4 MB goal, 0 MB stacks, 0 MB globals, 8 P
gc 4175 @45.508s 2%: 0.12+0.48+0.10 ms clock, 1.0+0.66/0.60/0+0.85 ms cpu, 3->3->1 MB, 4 MB goal, 0 MB stacks, 0 MB globals, 8 P
gc 4176 @45.510s 2%: 0.11+0.57+0.077 ms clock, 0.95+0.68/0.64/0+0.61 ms cpu, 3->3->1 MB, 4 MB goal, 0 MB stacks, 0 MB globals, 8 P
gc 4177 @45.513s 2%: 0.083+0.71+0.089 ms clock, 0.67+0.59/0.70/0+0.71 ms cpu, 3->3->1 MB, 4 MB goal, 0 MB stacks, 0 MB globals, 8 P
gc 4178 @45.516s 2%: 0.095+0.63+0.12 ms clock, 0.76+0.69/0.65/0+0.97 ms cpu, 3->3->1 MB, 4 MB goal, 0 MB stacks, 0 MB globals, 8 P
gc 4179 @45.519s 2%: 0.10+0.48+0.070 ms clock, 0.80+0.67/0.61/0+0.56 ms cpu, 3->3->1 MB, 4 MB goal, 0 MB stacks, 0 MB globals, 8 P
gc 4180 @45.522s 2%: 0.13+0.71+0.10 ms clock, 1.0+0.57/0.63/0+0.83 ms cpu, 3->3->1 MB, 4 MB goal, 0 MB stacks, 0 MB globals, 8 P
gc 4181 @45.525s 2%: 0.13+0.48+0.073 ms clock, 1.0+0.71/0.61/0+0.58 ms cpu, 3->3->1 MB, 4 MB goal, 0 MB stacks, 0 MB globals, 8 P
gc 4182 @45.527s 2%: 0.10+0.47+0.083 ms clock, 0.81+0.59/0.59/0+0.66 ms cpu, 3->3->1 MB, 4 MB goal, 0 MB stacks, 0 MB globals, 8 P
gc 4183 @45.530s 2%: 0.086+0.77+0.084 ms clock, 0.69+0.56/0.65/0+0.67 ms cpu, 3->3->1 MB, 4 MB goal, 0 MB stacks, 0 MB globals, 8 P
gc 4184 @45.533s 2%: 0.077+0.52+0.059 ms clock, 0.61+0.67/0.56/0+0.47 ms cpu, 3->3->1 MB, 4 MB goal, 0 MB stacks, 0 MB globals, 8 P
gc 4185 @45.536s 2%: 0.059+0.52+0.13 ms clock, 0.47+0.74/0.54/0+1.0 ms cpu, 3->3->1 MB, 4 MB goal, 0 MB stacks, 0 MB globals, 8 P
gc 4186 @45.538s 2%: 0.079+0.50+0.090 ms clock, 0.63+0.63/0.55/0+0.72 ms cpu, 3->3->1 MB, 4 MB goal, 0 MB stacks, 0 MB globals, 8 P
gc 4187 @45.541s 2%: 0.11+0.78+0.081 ms clock, 0.89+0.48/0.76/0+0.65 ms cpu, 3->3->1 MB, 4 MB goal, 0 MB stacks, 0 MB globals, 8 P
gc 4188 @45.544s 2%: 0.091+0.68+0.086 ms clock, 0.73+0.67/0.61/0+0.69 ms cpu, 3->3->1 MB, 4 MB goal, 0 MB stacks, 0 MB globals, 8 P
gc 4189 @45.547s 2%: 0.10+0.68+0.061 ms clock, 0.81+0.65/0.61/0+0.49 ms cpu, 3->3->1 MB, 4 MB goal, 0 MB stacks, 0 MB globals, 8 P
gc 4190 @45.550s 2%: 0.096+0.50+0.11 ms clock, 0.77+0.73/0.59/0+0.91 ms cpu, 3->3->1 MB, 4 MB goal, 0 MB stacks, 0 MB globals, 8 P
gc 4191 @45.553s 2%: 0.066+0.53+0.14 ms clock, 0.52+0.66/0.60/0+1.1 ms cpu, 3->3->1 MB, 4 MB goal, 0 MB stacks, 0 MB globals, 8 P
gc 4192 @45.555s 2%: 0.066+0.38+0.075 ms clock, 0.53+0.69/0.59/0+0.60 ms cpu, 3->3->1 MB, 4 MB goal, 0 MB stacks, 0 MB globals, 8 P
gc 4193 @45.558s 2%: 0.091+1.0+0.090 ms clock, 0.72+0.71/0.61/0+0.72 ms cpu, 3->3->1 MB, 4 MB goal, 0 MB stacks, 0 MB globals, 8 P
gc 4194 @45.561s 2%: 0.098+0.47+0.089 ms clock, 0.78+0.62/0.60/0+0.71 ms cpu, 3->3->1 MB, 4 MB goal, 0 MB stacks, 0 MB globals, 8 P
gc 4195 @45.563s 2%: 0.11+0.61+0.13 ms clock, 0.89+0.56/0.68/0+1.0 ms cpu, 3->3->1 MB, 4 MB goal, 0 MB stacks, 0 MB globals, 8 P
gc 4196 @45.566s 2%: 0.14+0.49+0.068 ms clock, 1.1+0.55/0.56/0+0.54 ms cpu, 3->3->1 MB, 4 MB goal, 0 MB stacks, 0 MB globals, 8 P
gc 4197 @45.569s 2%: 0.20+0.56+0.099 ms clock, 1.6+0.65/0.64/0+0.79 ms cpu, 3->3->1 MB, 4 MB goal, 0 MB stacks, 0 MB globals, 8 P
gc 4198 @45.572s 2%: 0.10+0.56+0.082 ms clock, 0.81+0.59/0.65/0+0.66 ms cpu, 3->3->1 MB, 4 MB goal, 0 MB stacks, 0 MB globals, 8 P
gc 4199 @45.575s 2%: 0.11+0.56+0.047 ms clock, 0.89+0.73/0.58/0+0.37 ms cpu, 3->3->1 MB, 4 MB goal, 0 MB stacks, 0 MB globals, 8 P
gc 4200 @45.577s 2%: 0.10+0.43+0.12 ms clock, 0.81+0.69/0.54/0+1.0 ms cpu, 3->3->1 MB, 4 MB goal, 0 MB stacks, 0 MB globals, 8 P
gc 4201 @45.580s 2%: 0.10+0.57+0.091 ms clock, 0.80+0.60/0.63/0+0.72 ms cpu, 3->3->1 MB, 4 MB goal, 0 MB stacks, 0 MB globals, 8 P
gc 4202 @45.583s 2%: 0.10+0.57+0.094 ms clock, 0.83+0.60/0.58/0+0.75 ms cpu, 3->3->1 MB, 4 MB goal, 0 MB stacks, 0 MB globals, 8 P
gc 4203 @45.586s 2%: 0.10+0.49+0.11 ms clock, 0.81+0.71/0.65/0+0.95 ms cpu, 3->3->1 MB, 4 MB goal, 0 MB stacks, 0 MB globals, 8 P
gc 4204 @45.589s 2%: 0.070+0.43+0.053 ms clock, 0.56+0.63/0.59/0+0.42 ms cpu, 3->3->1 MB, 4 MB goal, 0 MB stacks, 0 MB globals, 8 P
gc 4205 @45.591s 2%: 0.090+0.83+0.092 ms clock, 0.72+0.64/0.67/0+0.73 ms cpu, 3->3->1 MB, 4 MB goal, 0 MB stacks, 0 MB globals, 8 P
gc 4206 @45.594s 2%: 0.10+0.49+0.082 ms clock, 0.86+0.68/0.59/0+0.65 ms cpu, 3->3->1 MB, 4 MB goal, 0 MB stacks, 0 MB globals, 8 P
gc 4207 @45.597s 2%: 0.090+0.52+0.069 ms clock, 0.72+0.58/0.75/0+0.55 ms cpu, 3->3->1 MB, 4 MB goal, 0 MB stacks, 0 MB globals, 8 P
gc 4208 @45.600s 2%: 0.066+0.54+0.054 ms clock, 0.53+0.77/0.55/0+0.43 ms cpu, 3->3->1 MB, 4 MB goal, 0 MB stacks, 0 MB globals, 8 P
gc 4209 @45.602s 2%: 0.084+0.54+0.081 ms clock, 0.67+0.61/0.76/0+0.65 ms cpu, 3->3->1 MB, 4 MB goal, 0 MB stacks, 0 MB globals, 8 P
gc 4210 @45.605s 2%: 0.095+0.47+0.083 ms clock, 0.76+0.51/0.66/0+0.66 ms cpu, 3->3->1 MB, 4 MB goal, 0 MB stacks, 0 MB globals, 8 P
gc 4211 @45.608s 2%: 0.13+0.40+0.10 ms clock, 1.0+0.62/0.59/0+0.84 ms cpu, 3->3->1 MB, 4 MB goal, 0 MB stacks, 0 MB globals, 8 P
gc 4212 @45.611s 2%: 0.11+0.46+0.057 ms clock, 0.91+0.59/0.62/0+0.46 ms cpu, 3->3->1 MB, 4 MB goal, 0 MB stacks, 0 MB globals, 8 P
gc 4213 @45.613s 2%: 0.096+1.1+0.063 ms clock, 0.77+0.74/0.63/0+0.50 ms cpu, 3->4->1 MB, 4 MB goal, 0 MB stacks, 0 MB globals, 8 P
gc 4214 @45.616s 2%: 0.048+0.75+0.054 ms clock, 0.38+0.78/0.50/0+0.43 ms cpu, 3->3->1 MB, 4 MB goal, 0 MB stacks, 0 MB globals, 8 P
gc 4215 @45.619s 2%: 0.090+0.66+0.088 ms clock, 0.72+0.66/0.56/0+0.71 ms cpu, 3->3->1 MB, 4 MB goal, 0 MB stacks, 0 MB globals, 8 P
gc 4216 @45.622s 2%: 0.10+0.55+0.054 ms clock, 0.87+0.55/0.73/0+0.43 ms cpu, 3->3->1 MB, 4 MB goal, 0 MB stacks, 0 MB globals, 8 P
gc 4217 @45.625s 2%: 0.097+0.65+0.035 ms clock, 0.78+0.71/0.55/0+0.28 ms cpu, 3->3->1 MB, 4 MB goal, 0 MB stacks, 0 MB globals, 8 P
gc 4218 @45.628s 2%: 0.11+0.75+0.11 ms clock, 0.94+0.60/0.49/0+0.91 ms cpu, 3->3->1 MB, 4 MB goal, 0 MB stacks, 0 MB globals, 8 P
gc 4219 @45.630s 2%: 0.11+0.79+0.072 ms clock, 0.90+0.51/0.60/0+0.57 ms cpu, 3->3->1 MB, 4 MB goal, 0 MB stacks, 0 MB globals, 8 P
gc 4220 @45.633s 2%: 0.086+0.65+0.065 ms clock, 0.69+0.66/0.68/0+0.52 ms cpu, 3->3->1 MB, 4 MB goal, 0 MB stacks, 0 MB globals, 8 P
gc 4221 @45.636s 2%: 0.098+0.40+0.056 ms clock, 0.78+0.72/0.53/0+0.45 ms cpu, 3->3->1 MB, 4 MB goal, 0 MB stacks, 0 MB globals, 8 P
gc 4222 @45.639s 2%: 0.088+0.62+0.13 ms clock, 0.71+0.60/0.62/0+1.0 ms cpu, 3->3->1 MB, 4 MB goal, 0 MB stacks, 0 MB globals, 8 P
gc 4223 @45.642s 2%: 0.078+0.46+0.046 ms clock, 0.63+0.52/0.66/0+0.37 ms cpu, 3->3->1 MB, 4 MB goal, 0 MB stacks, 0 MB globals, 8 P
gc 4224 @45.644s 2%: 0.11+0.89+0.092 ms clock, 0.94+0.60/0.60/0+0.74 ms cpu, 3->3->1 MB, 4 MB goal, 0 MB stacks, 0 MB globals, 8 P
gc 4225 @45.647s 2%: 0.10+0.44+0.087 ms clock, 0.80+0.68/0.57/0+0.70 ms cpu, 3->3->1 MB, 4 MB goal, 0 MB stacks, 0 MB globals, 8 P
gc 4226 @45.650s 2%: 0.066+0.63+0.10 ms clock, 0.52+0.71/0.63/0+0.81 ms cpu, 3->3->1 MB, 4 MB goal, 0 MB stacks, 0 MB globals, 8 P
gc 4227 @45.653s 2%: 0.081+0.61+0.092 ms clock, 0.65+0.71/0.68/0+0.73 ms cpu, 3->3->1 MB, 4 MB goal, 0 MB stacks, 0 MB globals, 8 P
gc 4228 @45.656s 2%: 0.13+0.52+0.098 ms clock, 1.1+0.64/0.73/0+0.78 ms cpu, 3->3->1 MB, 4 MB goal, 0 MB stacks, 0 MB globals, 8 P
gc 4229 @45.658s 2%: 0.079+0.50+0.054 ms clock, 0.63+0.65/0.60/0+0.43 ms cpu, 3->3->1 MB, 4 MB goal, 0 MB stacks, 0 MB globals, 8 P
gc 4230 @45.661s 2%: 0.099+0.61+0.067 ms clock, 0.79+0.65/0.66/0+0.53 ms cpu, 3->3->1 MB, 4 MB goal, 0 MB stacks, 0 MB globals, 8 P
gc 4231 @45.664s 2%: 0.092+0.52+0.098 ms clock, 0.74+0.69/0.69/0+0.78 ms cpu, 3->3->1 MB, 4 MB goal, 0 MB stacks, 0 MB globals, 8 P
gc 4232 @45.667s 2%: 0.090+0.51+0.10 ms clock, 0.72+0.64/0.55/0+0.82 ms cpu, 3->3->1 MB, 4 MB goal, 0 MB stacks, 0 MB globals, 8 P
gc 4233 @45.669s 2%: 0.070+0.89+0.079 ms clock, 0.56+0.65/0.64/0+0.63 ms cpu, 3->3->1 MB, 4 MB goal, 0 MB stacks, 0 MB globals, 8 P
gc 4234 @45.672s 2%: 0.092+0.51+0.094 ms clock, 0.74+0.66/0.63/0+0.75 ms cpu, 3->3->1 MB, 4 MB goal, 0 MB stacks, 0 MB globals, 8 P
gc 4235 @45.675s 2%: 0.073+0.62+0.074 ms clock, 0.58+0.46/0.62/0+0.59 ms cpu, 3->3->1 MB, 4 MB goal, 0 MB stacks, 0 MB globals, 8 P
gc 4236 @45.678s 2%: 0.099+0.48+0.095 ms clock, 0.79+0.65/0.56/0+0.76 ms cpu, 3->3->1 MB, 4 MB goal, 0 MB stacks, 0 MB globals, 8 P
gc 4237 @45.681s 2%: 0.096+0.57+0.099 ms clock, 0.77+0.64/0.66/0+0.79 ms cpu, 3->3->1 MB, 4 MB goal, 0 MB stacks, 0 MB globals, 8 P
gc 4238 @45.683s 2%: 0.098+0.85+0.099 ms clock, 0.78+0.69/0.61/0+0.79 ms cpu, 3->3->1 MB, 4 MB goal, 0 MB stacks, 0 MB globals, 8 P
gc 4239 @45.686s 2%: 0.10+0.70+0.092 ms clock, 0.84+0.47/0.56/0+0.73 ms cpu, 3->3->1 MB, 4 MB goal, 0 MB stacks, 0 MB globals, 8 P
gc 4240 @45.689s 2%: 0.12+0.53+0.097 ms clock, 0.97+0.61/0.54/0+0.77 ms cpu, 3->3->1 MB, 4 MB goal, 0 MB stacks, 0 MB globals, 8 P
gc 4241 @45.692s 2%: 0.069+0.74+0.053 ms clock, 0.55+0.74/0.53/0+0.42 ms cpu, 3->3->1 MB, 4 MB goal, 0 MB stacks, 0 MB globals, 8 P
gc 4242 @45.695s 2%: 0.10+0.54+0.050 ms clock, 0.87+0.57/0.62/0+0.40 ms cpu, 3->3->1 MB, 4 MB goal, 0 MB stacks, 0 MB globals, 8 P
gc 4243 @45.697s 2%: 0.097+0.54+0.046 ms clock, 0.77+0.58/0.67/0+0.37 ms cpu, 3->3->1 MB, 4 MB goal, 0 MB stacks, 0 MB globals, 8 P
gc 4244 @45.700s 2%: 0.10+0.38+0.051 ms clock, 0.81+0.72/0.52/0+0.40 ms cpu, 3->3->1 MB, 4 MB goal, 0 MB stacks, 0 MB globals, 8 P
gc 4245 @45.703s 2%: 0.071+0.63+0.088 ms clock, 0.57+0.60/0.66/0+0.70 ms cpu, 3->3->1 MB, 4 MB goal, 0 MB stacks, 0 MB globals, 8 P
gc 4246 @45.706s 2%: 0.11+0.61+0.070 ms clock, 0.94+0.67/0.58/0+0.56 ms cpu, 3->3->1 MB, 4 MB goal, 0 MB stacks, 0 MB globals, 8 P
gc 4247 @45.709s 2%: 0.11+0.76+0.10 ms clock, 0.89+0.76/0.59/0+0.85 ms cpu, 3->3->1 MB, 4 MB goal, 0 MB stacks, 0 MB globals, 8 P
gc 4248 @45.711s 2%: 0.10+0.49+0.11 ms clock, 0.85+0.64/0.61/0+0.90 ms cpu, 3->3->1 MB, 4 MB goal, 0 MB stacks, 0 MB globals, 8 P
gc 4249 @45.714s 2%: 0.12+1.0+0.087 ms clock, 1.0+0.62/0.61/0+0.69 ms cpu, 3->4->1 MB, 4 MB goal, 0 MB stacks, 0 MB globals, 8 P
gc 4250 @45.717s 2%: 0.098+0.55+0.11 ms clock, 0.79+0.63/0.54/0+0.91 ms cpu, 3->3->1 MB, 4 MB goal, 0 MB stacks, 0 MB globals, 8 P
gc 4251 @45.720s 2%: 0.11+0.47+0.086 ms clock, 0.95+0.46/0.61/0+0.69 ms cpu, 3->3->1 MB, 4 MB goal, 0 MB stacks, 0 MB globals, 8 P
gc 4252 @45.723s 2%: 0.094+0.45+0.097 ms clock, 0.75+0.54/0.52/0+0.77 ms cpu, 3->3->1 MB, 4 MB goal, 0 MB stacks, 0 MB globals, 8 P
gc 4253 @45.725s 2%: 0.091+0.59+0.064 ms clock, 0.73+0.51/0.61/0+0.51 ms cpu, 3->3->1 MB, 4 MB goal, 0 MB stacks, 0 MB globals, 8 P
gc 4254 @45.728s 2%: 0.084+0.81+0.039 ms clock, 0.67+0.59/0.58/0+0.31 ms cpu, 3->3->1 MB, 4 MB goal, 0 MB stacks, 0 MB globals, 8 P
gc 4255 @45.731s 2%: 0.11+0.54+0.056 ms clock, 0.92+0.63/0.59/0+0.45 ms cpu, 3->3->1 MB, 4 MB goal, 0 MB stacks, 0 MB globals, 8 P
gc 4256 @45.734s 2%: 0.087+0.75+0.062 ms clock, 0.69+0.58/0.66/0+0.50 ms cpu, 3->3->1 MB, 4 MB goal, 0 MB stacks, 0 MB globals, 8 P
gc 4257 @45.737s 2%: 0.098+0.46+0.080 ms clock, 0.78+0.50/0.67/0+0.64 ms cpu, 3->3->1 MB, 4 MB goal, 0 MB stacks, 0 MB globals, 8 P
gc 4258 @45.739s 2%: 0.068+0.47+0.062 ms clock, 0.54+0.71/0.57/0+0.49 ms cpu, 3->3->1 MB, 4 MB goal, 0 MB stacks, 0 MB globals, 8 P
gc 4259 @45.742s 2%: 0.10+0.84+0.11 ms clock, 0.83+0.65/0.65/0+0.91 ms cpu, 3->3->1 MB, 4 MB goal, 0 MB stacks, 0 MB globals, 8 P
gc 4260 @45.745s 2%: 0.10+0.45+0.063 ms clock, 0.85+0.67/0.54/0+0.50 ms cpu, 3->3->1 MB, 4 MB goal, 0 MB stacks, 0 MB globals, 8 P
gc 4261 @45.748s 2%: 0.10+0.80+0.10 ms clock, 0.86+1.1/0.71/0+0.80 ms cpu, 3->3->1 MB, 4 MB goal, 0 MB stacks, 0 MB globals, 8 P
gc 4262 @45.751s 2%: 0.074+0.60+0.049 ms clock, 0.59+0.54/0.70/0+0.39 ms cpu, 3->3->1 MB, 4 MB goal, 0 MB stacks, 0 MB globals, 8 P
gc 4263 @45.753s 2%: 0.071+0.48+0.063 ms clock, 0.57+0.75/0.63/0+0.50 ms cpu, 3->3->1 MB, 4 MB goal, 0 MB stacks, 0 MB globals, 8 P
gc 4264 @45.756s 2%: 0.14+0.51+0.12 ms clock, 1.1+0.65/0.63/0+1.0 ms cpu, 3->3->1 MB, 4 MB goal, 0 MB stacks, 0 MB globals, 8 P
gc 4265 @45.759s 2%: 0.10+0.41+0.072 ms clock, 0.85+0.75/0.57/0+0.57 ms cpu, 3->3->1 MB, 4 MB goal, 0 MB stacks, 0 MB globals, 8 P
gc 4266 @45.761s 2%: 0.16+0.47+0.087 ms clock, 1.2+0.61/0.59/0+0.69 ms cpu, 3->3->1 MB, 4 MB goal, 0 MB stacks, 0 MB globals, 8 P
gc 4267 @45.764s 2%: 0.086+0.64+0.047 ms clock, 0.69+0.53/0.67/0+0.38 ms cpu, 3->3->1 MB, 4 MB goal, 0 MB stacks, 0 MB globals, 8 P
gc 4268 @45.767s 2%: 0.063+0.78+0.10 ms clock, 0.50+0.61/0.62/0+0.83 ms cpu, 3->3->1 MB, 4 MB goal, 0 MB stacks, 0 MB globals, 8 P
gc 4269 @45.770s 2%: 0.093+0.48+0.14 ms clock, 0.75+0.67/0.57/0+1.1 ms cpu, 3->3->1 MB, 4 MB goal, 0 MB stacks, 0 MB globals, 8 P
gc 4270 @45.773s 2%: 0.14+0.59+0.096 ms clock, 1.1+0.62/0.64/0+0.77 ms cpu, 3->3->1 MB, 4 MB goal, 0 MB stacks, 0 MB globals, 8 P
gc 4271 @45.775s 2%: 0.10+0.64+0.090 ms clock, 0.81+0.65/0.56/0+0.72 ms cpu, 3->3->1 MB, 4 MB goal, 0 MB stacks, 0 MB globals, 8 P
gc 4272 @45.778s 2%: 0.089+0.46+0.10 ms clock, 0.71+0.58/0.55/0+0.86 ms cpu, 3->3->1 MB, 4 MB goal, 0 MB stacks, 0 MB globals, 8 P
gc 4273 @45.781s 2%: 0.096+0.55+0.050 ms clock, 0.77+0.69/0.68/0+0.40 ms cpu, 3->3->1 MB, 4 MB goal, 0 MB stacks, 0 MB globals, 8 P
gc 4274 @45.784s 2%: 0.078+0.51+0.050 ms clock, 0.62+0.64/0.55/0+0.40 ms cpu, 3->3->1 MB, 4 MB goal, 0 MB stacks, 0 MB globals, 8 P
gc 4275 @45.786s 2%: 0.10+0.40+0.098 ms clock, 0.85+0.65/0.59/0+0.78 ms cpu, 3->3->1 MB, 4 MB goal, 0 MB stacks, 0 MB globals, 8 P
gc 4276 @45.789s 2%: 0.13+0.54+0.097 ms clock, 1.0+0.68/0.67/0+0.77 ms cpu, 3->3->1 MB, 4 MB goal, 0 MB stacks, 0 MB globals, 8 P
gc 4277 @45.792s 2%: 0.080+0.55+0.041 ms clock, 0.64+0.63/0.62/0+0.32 ms cpu, 3->3->1 MB, 4 MB goal, 0 MB stacks, 0 MB globals, 8 P
gc 4278 @45.795s 2%: 0.12+0.48+0.049 ms clock, 0.99+0.66/0.57/0+0.39 ms cpu, 3->3->1 MB, 4 MB goal, 0 MB stacks, 0 MB globals, 8 P
gc 4279 @45.797s 2%: 0.091+0.55+0.10 ms clock, 0.73+0.61/0.61/0+0.80 ms cpu, 3->3->1 MB, 4 MB goal, 0 MB stacks, 0 MB globals, 8 P
gc 4280 @45.800s 2%: 0.083+0.57+0.084 ms clock, 0.66+0.70/0.63/0+0.67 ms cpu, 3->3->1 MB, 4 MB goal, 0 MB stacks, 0 MB globals, 8 P
gc 4281 @45.803s 2%: 0.12+0.81+0.021 ms clock, 1.0+0.62/0.67/0+0.17 ms cpu, 3->3->1 MB, 4 MB goal, 0 MB stacks, 0 MB globals, 8 P
gc 4282 @45.806s 2%: 0.088+0.48+0.10 ms clock, 0.70+0.61/0.64/0+0.81 ms cpu, 3->3->1 MB, 4 MB goal, 0 MB stacks, 0 MB globals, 8 P
gc 4283 @45.808s 2%: 0.12+0.48+0.088 ms clock, 0.98+0.76/0.55/0+0.71 ms cpu, 3->3->1 MB, 4 MB goal, 0 MB stacks, 0 MB globals, 8 P
gc 4284 @45.811s 2%: 0.11+0.46+0.063 ms clock, 0.88+0.67/0.61/0+0.51 ms cpu, 3->3->1 MB, 4 MB goal, 0 MB stacks, 0 MB globals, 8 P
gc 4285 @45.814s 2%: 0.11+0.45+0.074 ms clock, 0.92+0.70/0.54/0+0.59 ms cpu, 3->3->1 MB, 4 MB goal, 0 MB stacks, 0 MB globals, 8 P
gc 4286 @45.817s 2%: 0.10+0.73+0.088 ms clock, 0.83+0.64/0.65/0+0.70 ms cpu, 3->3->1 MB, 4 MB goal, 0 MB stacks, 0 MB globals, 8 P
gc 4287 @45.820s 2%: 0.10+0.50+0.11 ms clock, 0.87+0.59/0.51/0+0.95 ms cpu, 3->3->1 MB, 4 MB goal, 0 MB stacks, 0 MB globals, 8 P
gc 4288 @45.822s 2%: 0.11+0.56+0.077 ms clock, 0.90+0.52/0.58/0+0.61 ms cpu, 3->3->1 MB, 4 MB goal, 0 MB stacks, 0 MB globals, 8 P
gc 4289 @45.825s 2%: 0.10+0.43+0.077 ms clock, 0.83+0.67/0.56/0+0.62 ms cpu, 3->3->1 MB, 4 MB goal, 0 MB stacks, 0 MB globals, 8 P
gc 4290 @45.828s 2%: 0.095+0.50+0.10 ms clock, 0.76+0.63/0.62/0+0.86 ms cpu, 3->3->1 MB, 4 MB goal, 0 MB stacks, 0 MB globals, 8 P
gc 4291 @45.831s 2%: 0.10+0.53+0.063 ms clock, 0.80+0.62/0.64/0+0.50 ms cpu, 3->3->1 MB, 4 MB goal, 0 MB stacks, 0 MB globals, 8 P
gc 4292 @45.833s 2%: 0.077+0.84+0.053 ms clock, 0.62+0.63/0.65/0+0.42 ms cpu, 3->3->1 MB, 4 MB goal, 0 MB stacks, 0 MB globals, 8 P
gc 4293 @45.836s 2%: 0.11+0.45+0.082 ms clock, 0.94+0.64/0.57/0+0.66 ms cpu, 3->3->1 MB, 4 MB goal, 0 MB stacks, 0 MB globals, 8 P
gc 4294 @45.839s 2%: 0.071+0.54+0.080 ms clock, 0.56+0.79/0.66/0+0.64 ms cpu, 3->3->1 MB, 4 MB goal, 0 MB stacks, 0 MB globals, 8 P
gc 4295 @45.842s 2%: 0.11+0.81+0.077 ms clock, 0.95+0.66/0.55/0+0.62 ms cpu, 3->3->1 MB, 4 MB goal, 0 MB stacks, 0 MB globals, 8 P
gc 4296 @45.845s 2%: 0.073+0.49+0.068 ms clock, 0.58+0.66/0.60/0+0.54 ms cpu, 3->3->1 MB, 4 MB goal, 0 MB stacks, 0 MB globals, 8 P
gc 4297 @45.847s 2%: 0.090+0.48+0.095 ms clock, 0.72+0.68/0.62/0+0.76 ms cpu, 3->3->1 MB, 4 MB goal, 0 MB stacks, 0 MB globals, 8 P
gc 4298 @45.850s 2%: 0.092+0.44+0.054 ms clock, 0.74+0.66/0.57/0+0.43 ms cpu, 3->3->1 MB, 4 MB goal, 0 MB stacks, 0 MB globals, 8 P
gc 4299 @45.853s 2%: 0.094+0.58+0.099 ms clock, 0.75+0.73/0.62/0+0.79 ms cpu, 3->3->1 MB, 4 MB goal, 0 MB stacks, 0 MB globals, 8 P
gc 4300 @45.856s 2%: 0.091+0.54+0.10 ms clock, 0.73+0.70/0.61/0+0.83 ms cpu, 3->3->1 MB, 4 MB goal, 0 MB stacks, 0 MB globals, 8 P
gc 4301 @45.858s 2%: 0.12+0.82+0.10 ms clock, 1.0+0.50/0.64/0+0.80 ms cpu, 3->3->1 MB, 4 MB goal, 0 MB stacks, 0 MB globals, 8 P
gc 4302 @45.861s 2%: 0.061+0.65+0.10 ms clock, 0.48+0.59/0.65/0+0.82 ms cpu, 3->3->1 MB, 4 MB goal, 0 MB stacks, 0 MB globals, 8 P
gc 4303 @45.864s 2%: 0.11+0.46+0.11 ms clock, 0.90+0.44/0.64/0+0.94 ms cpu, 3->3->1 MB, 4 MB goal, 0 MB stacks, 0 MB globals, 8 P
gc 4304 @45.867s 2%: 0.093+0.54+0.073 ms clock, 0.75+0.65/0.62/0+0.58 ms cpu, 3->3->1 MB, 4 MB goal, 0 MB stacks, 0 MB globals, 8 P
gc 4305 @45.870s 2%: 0.11+0.45+0.10 ms clock, 0.89+0.67/0.61/0+0.80 ms cpu, 3->3->1 MB, 4 MB goal, 0 MB stacks, 0 MB globals, 8 P
gc 4306 @45.872s 2%: 0.067+0.55+0.12 ms clock, 0.53+0.74/0.55/0+1.0 ms cpu, 3->3->1 MB, 4 MB goal, 0 MB stacks, 0 MB globals, 8 P
gc 4307 @45.875s 2%: 0.12+0.48+0.066 ms clock, 0.98+0.59/0.61/0+0.53 ms cpu, 3->3->1 MB, 4 MB goal, 0 MB stacks, 0 MB globals, 8 P
gc 4308 @45.878s 2%: 0.098+0.44+0.11 ms clock, 0.78+0.66/0.61/0+0.90 ms cpu, 3->3->1 MB, 4 MB goal, 0 MB stacks, 0 MB globals, 8 P
gc 4309 @45.881s 2%: 0.088+0.55+0.067 ms clock, 0.70+0.67/0.64/0+0.54 ms cpu, 3->3->1 MB, 4 MB goal, 0 MB stacks, 0 MB globals, 8 P
gc 4310 @45.883s 2%: 0.10+0.57+0.10 ms clock, 0.87+0.69/0.62/0+0.81 ms cpu, 3->3->1 MB, 4 MB goal, 0 MB stacks, 0 MB globals, 8 P
gc 4311 @45.886s 2%: 0.095+0.54+0.12 ms clock, 0.76+0.60/0.70/0+0.96 ms cpu, 3->3->1 MB, 4 MB goal, 0 MB stacks, 0 MB globals, 8 P
gc 4312 @45.889s 2%: 0.062+1.0+0.11 ms clock, 0.49+0.63/0.67/0+0.90 ms cpu, 3->4->1 MB, 4 MB goal, 0 MB stacks, 0 MB globals, 8 P
gc 4313 @45.892s 2%: 0.11+0.49+0.060 ms clock, 0.92+0.71/0.61/0+0.48 ms cpu, 3->3->1 MB, 4 MB goal, 0 MB stacks, 0 MB globals, 8 P
gc 4314 @45.895s 2%: 0.10+0.42+0.10 ms clock, 0.82+0.67/0.58/0+0.82 ms cpu, 3->3->1 MB, 4 MB goal, 0 MB stacks, 0 MB globals, 8 P
gc 4315 @45.897s 2%: 0.099+0.69+0.079 ms clock, 0.79+0.58/0.67/0+0.63 ms cpu, 3->3->1 MB, 4 MB goal, 0 MB stacks, 0 MB globals, 8 P
gc 4316 @45.900s 2%: 0.10+0.56+0.12 ms clock, 0.80+0.59/0.65/0+0.99 ms cpu, 3->3->1 MB, 4 MB goal, 0 MB stacks, 0 MB globals, 8 P
gc 4317 @45.903s 2%: 0.095+0.81+0.076 ms clock, 0.76+0.71/0.52/0+0.61 ms cpu, 3->3->1 MB, 4 MB goal, 0 MB stacks, 0 MB globals, 8 P
gc 4318 @45.906s 2%: 0.13+0.50+0.10 ms clock, 1.0+0.67/0.57/0+0.83 ms cpu, 3->3->1 MB, 4 MB goal, 0 MB stacks, 0 MB globals, 8 P
gc 4319 @45.909s 2%: 0.093+0.45+0.085 ms clock, 0.74+0.67/0.48/0+0.68 ms cpu, 3->3->1 MB, 4 MB goal, 0 MB stacks, 0 MB globals, 8 P
gc 4320 @45.911s 2%: 0.095+0.50+0.071 ms clock, 0.76+0.69/0.59/0+0.57 ms cpu, 3->3->1 MB, 4 MB goal, 0 MB stacks, 0 MB globals, 8 P
gc 4321 @45.914s 2%: 0.070+0.57+0.094 ms clock, 0.56+0.64/0.74/0+0.75 ms cpu, 3->3->1 MB, 4 MB goal, 0 MB stacks, 0 MB globals, 8 P
gc 4322 @45.917s 2%: 0.073+0.68+0.090 ms clock, 0.58+0.72/0.66/0+0.72 ms cpu, 3->3->1 MB, 4 MB goal, 0 MB stacks, 0 MB globals, 8 P
gc 4323 @45.919s 2%: 0.10+0.51+0.089 ms clock, 0.84+0.63/0.60/0+0.71 ms cpu, 3->3->1 MB, 4 MB goal, 0 MB stacks, 0 MB globals, 8 P
gc 4324 @45.922s 2%: 0.078+0.58+0.11 ms clock, 0.62+0.55/0.70/0+0.90 ms cpu, 3->3->1 MB, 4 MB goal, 0 MB stacks, 0 MB globals, 8 P
gc 4325 @45.925s 2%: 0.087+0.71+0.10 ms clock, 0.70+0.54/0.62/0+0.84 ms cpu, 3->3->1 MB, 4 MB goal, 0 MB stacks, 0 MB globals, 8 P
gc 4326 @45.928s 2%: 0.076+0.44+0.090 ms clock, 0.60+0.75/0.58/0+0.72 ms cpu, 3->3->1 MB, 4 MB goal, 0 MB stacks, 0 MB globals, 8 P
gc 4327 @45.931s 2%: 0.098+0.71+0.093 ms clock, 0.79+0.52/0.68/0+0.74 ms cpu, 3->3->1 MB, 4 MB goal, 0 MB stacks, 0 MB globals, 8 P
gc 4328 @45.933s 2%: 0.060+0.56+0.085 ms clock, 0.48+0.63/0.68/0+0.68 ms cpu, 3->3->1 MB, 4 MB goal, 0 MB stacks, 0 MB globals, 8 P
gc 4329 @45.936s 2%: 0.065+0.74+0.078 ms clock, 0.52+0.78/0.60/0+0.62 ms cpu, 3->3->1 MB, 4 MB goal, 0 MB stacks, 0 MB globals, 8 P
gc 4330 @45.939s 2%: 0.11+0.56+0.11 ms clock, 0.91+0.66/0.61/0+0.91 ms cpu, 3->3->1 MB, 4 MB goal, 0 MB stacks, 0 MB globals, 8 P
gc 4331 @45.942s 2%: 0.068+0.38+0.096 ms clock, 0.54+0.71/0.56/0+0.77 ms cpu, 3->3->1 MB, 4 MB goal, 0 MB stacks, 0 MB globals, 8 P
gc 4332 @45.945s 2%: 0.10+0.84+0.078 ms clock, 0.85+0.72/0.62/0+0.62 ms cpu, 3->3->1 MB, 4 MB goal, 0 MB stacks, 0 MB globals, 8 P
gc 4333 @45.948s 2%: 0.088+0.46+0.076 ms clock, 0.70+0.73/0.61/0+0.61 ms cpu, 3->3->1 MB, 4 MB goal, 0 MB stacks, 0 MB globals, 8 P
gc 4334 @45.950s 2%: 0.066+0.63+0.11 ms clock, 0.53+0.62/0.69/0+0.91 ms cpu, 3->3->1 MB, 4 MB goal, 0 MB stacks, 0 MB globals, 8 P
gc 4335 @45.953s 2%: 0.13+0.71+0.063 ms clock, 1.0+0.52/0.63/0+0.50 ms cpu, 3->3->1 MB, 4 MB goal, 0 MB stacks, 0 MB globals, 8 P
gc 4336 @45.956s 2%: 0.11+0.53+0.10 ms clock, 0.95+0.62/0.62/0+0.83 ms cpu, 3->3->1 MB, 4 MB goal, 0 MB stacks, 0 MB globals, 8 P
gc 4337 @45.959s 2%: 0.10+0.45+0.062 ms clock, 0.84+0.61/0.60/0+0.49 ms cpu, 3->3->1 MB, 4 MB goal, 0 MB stacks, 0 MB globals, 8 P
gc 4338 @45.961s 2%: 0.11+0.45+0.061 ms clock, 0.91+0.67/0.59/0+0.48 ms cpu, 3->3->1 MB, 4 MB goal, 0 MB stacks, 0 MB globals, 8 P
gc 4339 @45.964s 2%: 0.12+0.55+0.084 ms clock, 0.96+0.70/0.70/0+0.67 ms cpu, 3->3->1 MB, 4 MB goal, 0 MB stacks, 0 MB globals, 8 P
gc 4340 @45.967s 2%: 0.045+0.63+0.068 ms clock, 0.36+0.60/0.67/0+0.54 ms cpu, 3->3->1 MB, 4 MB goal, 0 MB stacks, 0 MB globals, 8 P
gc 4341 @45.970s 2%: 0.078+0.55+0.093 ms clock, 0.62+0.72/0.57/0+0.75 ms cpu, 3->3->1 MB, 4 MB goal, 0 MB stacks, 0 MB globals, 8 P
gc 4342 @45.973s 2%: 0.10+0.41+0.098 ms clock, 0.85+0.59/0.61/0+0.79 ms cpu, 3->3->1 MB, 4 MB goal, 0 MB stacks, 0 MB globals, 8 P
gc 4343 @45.975s 2%: 0.082+0.52+0.10 ms clock, 0.66+0.49/0.71/0+0.87 ms cpu, 3->3->1 MB, 4 MB goal, 0 MB stacks, 0 MB globals, 8 P
gc 4344 @45.978s 2%: 0.098+0.61+0.082 ms clock, 0.78+0.53/0.68/0+0.65 ms cpu, 3->3->1 MB, 4 MB goal, 0 MB stacks, 0 MB globals, 8 P
gc 4345 @45.981s 2%: 0.11+0.42+0.092 ms clock, 0.94+0.58/0.57/0+0.73 ms cpu, 3->3->1 MB, 4 MB goal, 0 MB stacks, 0 MB globals, 8 P
gc 4346 @45.984s 2%: 0.12+0.60+0.053 ms clock, 1.0+0.71/0.71/0+0.42 ms cpu, 3->3->1 MB, 4 MB goal, 0 MB stacks, 0 MB globals, 8 P
gc 4347 @45.986s 2%: 0.084+0.51+0.059 ms clock, 0.67+0.66/0.63/0+0.47 ms cpu, 3->3->1 MB, 4 MB goal, 0 MB stacks, 0 MB globals, 8 P
gc 4348 @45.989s 2%: 0.11+0.43+0.065 ms clock, 0.93+0.66/0.59/0+0.52 ms cpu, 3->3->1 MB, 4 MB goal, 0 MB stacks, 0 MB globals, 8 P
gc 4349 @45.992s 2%: 0.096+0.63+0.10 ms clock, 0.77+0.69/0.53/0+0.86 ms cpu, 3->3->1 MB, 4 MB goal, 0 MB stacks, 0 MB globals, 8 P
gc 4350 @45.995s 2%: 0.099+0.38+0.090 ms clock, 0.79+0.57/0.49/0+0.72 ms cpu, 3->3->1 MB, 4 MB goal, 0 MB stacks, 0 MB globals, 8 P
gc 4351 @45.997s 2%: 0.093+0.55+0.086 ms clock, 0.74+0.67/0.59/0+0.68 ms cpu, 3->3->1 MB, 4 MB goal, 0 MB stacks, 0 MB globals, 8 P
gc 4352 @46.000s 2%: 0.096+0.52+0.087 ms clock, 0.77+0.53/0.60/0+0.69 ms cpu, 3->3->1 MB, 4 MB goal, 0 MB stacks, 0 MB globals, 8 P
gc 4353 @46.003s 2%: 0.10+0.43+0.094 ms clock, 0.84+0.64/0.57/0+0.75 ms cpu, 3->3->1 MB, 4 MB goal, 0 MB stacks, 0 MB globals, 8 P
gc 4354 @46.006s 2%: 0.11+0.52+0.093 ms clock, 0.89+0.64/0.63/0+0.74 ms cpu, 3->3->1 MB, 4 MB goal, 0 MB stacks, 0 MB globals, 8 P
gc 4355 @46.008s 2%: 0.091+0.54+0.055 ms clock, 0.73+0.66/0.66/0+0.44 ms cpu, 3->3->1 MB, 4 MB goal, 0 MB stacks, 0 MB globals, 8 P
gc 4356 @46.011s 2%: 0.059+0.45+0.10 ms clock, 0.47+0.81/0.50/0+0.83 ms cpu, 3->3->1 MB, 4 MB goal, 0 MB stacks, 0 MB globals, 8 P
gc 4357 @46.014s 2%: 0.072+0.52+0.049 ms clock, 0.58+0.71/0.67/0+0.39 ms cpu, 3->3->1 MB, 4 MB goal, 0 MB stacks, 0 MB globals, 8 P
gc 4358 @46.017s 2%: 0.10+0.64+0.094 ms clock, 0.81+0.56/0.66/0+0.75 ms cpu, 3->3->1 MB, 4 MB goal, 0 MB stacks, 0 MB globals, 8 P
gc 4359 @46.019s 2%: 0.11+0.54+0.12 ms clock, 0.89+0.61/0.65/0+0.96 ms cpu, 3->3->1 MB, 4 MB goal, 0 MB stacks, 0 MB globals, 8 P
gc 4360 @46.022s 2%: 0.10+0.44+0.10 ms clock, 0.84+0.53/0.59/0+0.82 ms cpu, 3->3->1 MB, 4 MB goal, 0 MB stacks, 0 MB globals, 8 P
gc 4361 @46.025s 2%: 0.10+0.47+0.096 ms clock, 0.85+0.60/0.54/0+0.76 ms cpu, 3->3->1 MB, 4 MB goal, 0 MB stacks, 0 MB globals, 8 P
gc 4362 @46.028s 2%: 0.077+0.78+0.087 ms clock, 0.61+0.60/0.52/0+0.69 ms cpu, 3->3->1 MB, 4 MB goal, 0 MB stacks, 0 MB globals, 8 P
gc 4363 @46.030s 2%: 0.083+0.42+0.13 ms clock, 0.66+0.59/0.56/0+1.0 ms cpu, 3->3->1 MB, 4 MB goal, 0 MB stacks, 0 MB globals, 8 P
gc 4364 @46.033s 2%: 0.11+0.49+0.10 ms clock, 0.91+0.63/0.71/0+0.80 ms cpu, 3->3->1 MB, 4 MB goal, 0 MB stacks, 0 MB globals, 8 P
gc 4365 @46.036s 2%: 0.10+0.98+0.029 ms clock, 0.85+0.68/0.59/0+0.23 ms cpu, 3->3->1 MB, 4 MB goal, 0 MB stacks, 0 MB globals, 8 P
gc 4366 @46.039s 2%: 0.078+0.37+0.11 ms clock, 0.63+0.69/0.52/0+0.92 ms cpu, 3->3->1 MB, 4 MB goal, 0 MB stacks, 0 MB globals, 8 P
gc 4367 @46.041s 2%: 0.17+0.61+0.099 ms clock, 1.4+0.51/0.60/0+0.79 ms cpu, 3->3->1 MB, 4 MB goal, 0 MB stacks, 0 MB globals, 8 P
gc 4368 @46.044s 2%: 0.082+0.45+0.070 ms clock, 0.66+0.68/0.57/0+0.56 ms cpu, 3->3->1 MB, 4 MB goal, 0 MB stacks, 0 MB globals, 8 P
gc 4369 @46.047s 2%: 0.066+0.53+0.11 ms clock, 0.53+0.68/0.61/0+0.91 ms cpu, 3->3->1 MB, 4 MB goal, 0 MB stacks, 0 MB globals, 8 P
gc 4370 @46.050s 2%: 0.059+0.52+0.088 ms clock, 0.47+0.67/0.58/0+0.70 ms cpu, 3->3->1 MB, 4 MB goal, 0 MB stacks, 0 MB globals, 8 P
gc 4371 @46.053s 2%: 0.079+0.66+0.076 ms clock, 0.63+0.74/0.55/0+0.60 ms cpu, 3->3->1 MB, 4 MB goal, 0 MB stacks, 0 MB globals, 8 P
gc 4372 @46.055s 2%: 0.087+0.47+0.068 ms clock, 0.69+0.76/0.57/0+0.54 ms cpu, 3->3->1 MB, 4 MB goal, 0 MB stacks, 0 MB globals, 8 P
gc 4373 @46.058s 2%: 0.094+0.57+0.051 ms clock, 0.75+0.46/0.69/0+0.41 ms cpu, 3->3->1 MB, 4 MB goal, 0 MB stacks, 0 MB globals, 8 P
gc 4374 @46.061s 2%: 0.093+0.56+0.079 ms clock, 0.74+0.66/0.65/0+0.63 ms cpu, 3->3->1 MB, 4 MB goal, 0 MB stacks, 0 MB globals, 8 P
gc 4375 @46.064s 2%: 0.11+0.54+0.10 ms clock, 0.92+0.70/0.64/0+0.83 ms cpu, 3->3->1 MB, 4 MB goal, 0 MB stacks, 0 MB globals, 8 P
gc 4376 @46.066s 2%: 0.082+0.70+0.082 ms clock, 0.66+0.42/0.64/0+0.66 ms cpu, 3->3->1 MB, 4 MB goal, 0 MB stacks, 0 MB globals, 8 P
gc 4377 @46.069s 2%: 0.083+0.78+0.086 ms clock, 0.66+0.66/0.60/0+0.69 ms cpu, 3->3->1 MB, 4 MB goal, 0 MB stacks, 0 MB globals, 8 P
gc 4378 @46.072s 2%: 0.11+0.47+0.079 ms clock, 0.95+0.59/0.61/0+0.63 ms cpu, 3->3->1 MB, 4 MB goal, 0 MB stacks, 0 MB globals, 8 P
gc 4379 @46.075s 2%: 0.067+0.56+0.093 ms clock, 0.54+0.63/0.66/0+0.74 ms cpu, 3->3->1 MB, 4 MB goal, 0 MB stacks, 0 MB globals, 8 P
gc 4380 @46.078s 2%: 0.12+0.94+0.12 ms clock, 0.97+0.65/0.57/0+1.0 ms cpu, 3->3->1 MB, 4 MB goal, 0 MB stacks, 0 MB globals, 8 P
gc 4381 @46.080s 2%: 0.11+0.43+0.092 ms clock, 0.88+0.67/0.55/0+0.73 ms cpu, 3->3->1 MB, 4 MB goal, 0 MB stacks, 0 MB globals, 8 P
gc 4382 @46.083s 2%: 0.12+1.1+0.11 ms clock, 1.0+0.70/0.58/0+0.90 ms cpu, 3->4->1 MB, 4 MB goal, 0 MB stacks, 0 MB globals, 8 P
gc 4383 @46.086s 2%: 0.082+0.54+0.070 ms clock, 0.66+0.60/0.57/0+0.56 ms cpu, 3->3->1 MB, 4 MB goal, 0 MB stacks, 0 MB globals, 8 P
gc 4384 @46.089s 2%: 0.10+0.48+0.089 ms clock, 0.83+0.51/0.56/0+0.71 ms cpu, 3->3->1 MB, 4 MB goal, 0 MB stacks, 0 MB globals, 8 P
gc 4385 @46.092s 2%: 0.10+1.0+0.050 ms clock, 0.84+0.59/0.60/0+0.40 ms cpu, 3->4->1 MB, 4 MB goal, 0 MB stacks, 0 MB globals, 8 P
gc 4386 @46.095s 2%: 0.093+0.46+0.054 ms clock, 0.74+0.66/0.64/0+0.43 ms cpu, 3->3->1 MB, 4 MB goal, 0 MB stacks, 0 MB globals, 8 P
gc 4387 @46.097s 2%: 0.075+0.58+0.049 ms clock, 0.60+0.49/0.82/0+0.39 ms cpu, 3->3->1 MB, 4 MB goal, 0 MB stacks, 0 MB globals, 8 P
gc 4388 @46.100s 2%: 0.10+0.45+0.053 ms clock, 0.82+0.62/0.56/0+0.43 ms cpu, 3->3->1 MB, 4 MB goal, 0 MB stacks, 0 MB globals, 8 P
gc 4389 @46.103s 2%: 0.058+0.59+0.10 ms clock, 0.46+0.63/0.67/0+0.84 ms cpu, 3->3->1 MB, 4 MB goal, 0 MB stacks, 0 MB globals, 8 P
gc 4390 @46.106s 2%: 0.082+0.56+0.090 ms clock, 0.66+0.74/0.58/0+0.72 ms cpu, 3->3->1 MB, 4 MB goal, 0 MB stacks, 0 MB globals, 8 P
gc 4391 @46.109s 2%: 0.10+0.46+0.10 ms clock, 0.84+0.71/0.53/0+0.86 ms cpu, 3->3->1 MB, 4 MB goal, 0 MB stacks, 0 MB globals, 8 P
gc 4392 @46.111s 2%: 0.12+0.52+0.097 ms clock, 0.97+0.73/0.59/0+0.77 ms cpu, 3->3->1 MB, 4 MB goal, 0 MB stacks, 0 MB globals, 8 P
gc 4393 @46.114s 2%: 0.083+0.98+0.058 ms clock, 0.66+0.70/0.61/0+0.46 ms cpu, 3->3->1 MB, 4 MB goal, 0 MB stacks, 0 MB globals, 8 P
gc 4394 @46.117s 2%: 0.10+0.75+0.070 ms clock, 0.80+0.57/0.58/0+0.56 ms cpu, 3->3->1 MB, 4 MB goal, 0 MB stacks, 0 MB globals, 8 P
gc 4395 @46.120s 2%: 0.10+0.46+0.070 ms clock, 0.83+0.55/0.58/0+0.56 ms cpu, 3->3->1 MB, 4 MB goal, 0 MB stacks, 0 MB globals, 8 P
gc 4396 @46.122s 2%: 0.099+0.51+0.048 ms clock, 0.79+0.73/0.59/0+0.38 ms cpu, 3->3->1 MB, 4 MB goal, 0 MB stacks, 0 MB globals, 8 P
gc 4397 @46.125s 2%: 0.11+0.64+0.061 ms clock, 0.93+0.67/0.69/0+0.49 ms cpu, 3->3->1 MB, 4 MB goal, 0 MB stacks, 0 MB globals, 8 P
gc 4398 @46.128s 2%: 0.11+0.53+0.094 ms clock, 0.93+0.75/0.51/0+0.75 ms cpu, 3->3->1 MB, 4 MB goal, 0 MB stacks, 0 MB globals, 8 P
gc 4399 @46.131s 2%: 0.11+0.79+0.10 ms clock, 0.88+0.69/0.64/0+0.82 ms cpu, 3->3->1 MB, 4 MB goal, 0 MB stacks, 0 MB globals, 8 P
gc 4400 @46.134s 2%: 0.089+0.50+0.097 ms clock, 0.71+0.61/0.61/0+0.78 ms cpu, 3->3->1 MB, 4 MB goal, 0 MB stacks, 0 MB globals, 8 P
gc 4401 @46.136s 2%: 0.098+0.75+0.086 ms clock, 0.79+0.74/0.59/0+0.69 ms cpu, 3->3->1 MB, 4 MB goal, 0 MB stacks, 0 MB globals, 8 P
gc 4402 @46.139s 2%: 0.085+0.50+0.080 ms clock, 0.68+0.56/0.63/0+0.64 ms cpu, 3->3->1 MB, 4 MB goal, 0 MB stacks, 0 MB globals, 8 P
gc 4403 @46.142s 2%: 0.11+0.79+0.072 ms clock, 0.93+0.54/0.68/0+0.57 ms cpu, 3->3->1 MB, 4 MB goal, 0 MB stacks, 0 MB globals, 8 P
gc 4404 @46.145s 2%: 0.10+0.47+0.11 ms clock, 0.87+0.70/0.60/0+0.95 ms cpu, 3->3->1 MB, 4 MB goal, 0 MB stacks, 0 MB globals, 8 P
gc 4405 @46.148s 2%: 0.096+0.87+0.069 ms clock, 0.76+0.70/0.66/0+0.55 ms cpu, 3->3->1 MB, 4 MB goal, 0 MB stacks, 0 MB globals, 8 P
gc 4406 @46.150s 2%: 0.11+0.40+0.050 ms clock, 0.88+0.72/0.59/0+0.40 ms cpu, 3->3->1 MB, 4 MB goal, 0 MB stacks, 0 MB globals, 8 P
gc 4407 @46.153s 2%: 0.080+0.72+0.076 ms clock, 0.64+0.78/0.60/0+0.61 ms cpu, 3->3->1 MB, 4 MB goal, 0 MB stacks, 0 MB globals, 8 P
gc 4408 @46.156s 2%: 0.076+0.68+0.054 ms clock, 0.60+0.58/0.55/0+0.43 ms cpu, 3->3->1 MB, 4 MB goal, 0 MB stacks, 0 MB globals, 8 P
gc 4409 @46.159s 2%: 0.095+0.41+0.098 ms clock, 0.76+0.71/0.52/0+0.78 ms cpu, 3->3->1 MB, 4 MB goal, 0 MB stacks, 0 MB globals, 8 P
gc 4410 @46.162s 2%: 0.075+0.54+0.078 ms clock, 0.60+0.78/0.56/0+0.63 ms cpu, 3->3->1 MB, 4 MB goal, 0 MB stacks, 0 MB globals, 8 P
gc 4411 @46.164s 2%: 0.10+0.57+0.098 ms clock, 0.83+0.70/0.59/0+0.78 ms cpu, 3->3->1 MB, 4 MB goal, 0 MB stacks, 0 MB globals, 8 P
gc 4412 @46.167s 2%: 0.10+0.55+0.091 ms clock, 0.80+0.57/0.58/0+0.72 ms cpu, 3->3->1 MB, 4 MB goal, 0 MB stacks, 0 MB globals, 8 P
gc 4413 @46.170s 2%: 0.090+0.43+0.13 ms clock, 0.72+0.64/0.64/0+1.1 ms cpu, 3->3->1 MB, 4 MB goal, 0 MB stacks, 0 MB globals, 8 P
gc 4414 @46.173s 2%: 0.10+0.67+0.019 ms clock, 0.83+0.58/0.51/0+0.15 ms cpu, 3->3->1 MB, 4 MB goal, 0 MB stacks, 0 MB globals, 8 P
gc 4415 @46.175s 2%: 0.093+0.66+0.086 ms clock, 0.75+0.51/0.51/0+0.69 ms cpu, 3->3->1 MB, 4 MB goal, 0 MB stacks, 0 MB globals, 8 P
gc 4416 @46.178s 2%: 0.086+0.94+0.093 ms clock, 0.69+0.56/0.73/0+0.74 ms cpu, 3->3->1 MB, 4 MB goal, 0 MB stacks, 0 MB globals, 8 P
gc 4417 @46.181s 2%: 0.096+0.56+0.10 ms clock, 0.77+0.65/0.73/0+0.83 ms cpu, 3->3->1 MB, 4 MB goal, 0 MB stacks, 0 MB globals, 8 P
gc 4418 @46.184s 2%: 0.10+0.54+0.10 ms clock, 0.80+0.53/0.62/0+0.84 ms cpu, 3->3->1 MB, 4 MB goal, 0 MB stacks, 0 MB globals, 8 P
gc 4419 @46.187s 2%: 0.12+0.84+0.10 ms clock, 1.0+0.68/0.59/0+0.87 ms cpu, 3->3->1 MB, 4 MB goal, 0 MB stacks, 0 MB globals, 8 P
gc 4420 @46.190s 2%: 0.10+0.58+0.13 ms clock, 0.85+0.65/0.68/0+1.0 ms cpu, 3->3->1 MB, 4 MB goal, 0 MB stacks, 0 MB globals, 8 P
gc 4421 @46.192s 2%: 0.062+0.72+0.092 ms clock, 0.50+0.55/0.63/0+0.73 ms cpu, 3->3->1 MB, 4 MB goal, 0 MB stacks, 0 MB globals, 8 P
gc 4422 @46.195s 2%: 0.10+0.50+0.10 ms clock, 0.85+0.59/0.57/0+0.82 ms cpu, 3->3->1 MB, 4 MB goal, 0 MB stacks, 0 MB globals, 8 P
gc 4423 @46.198s 2%: 0.10+0.77+0.073 ms clock, 0.81+0.51/0.53/0+0.58 ms cpu, 3->3->1 MB, 4 MB goal, 0 MB stacks, 0 MB globals, 8 P
gc 4424 @46.201s 2%: 0.082+0.42+0.074 ms clock, 0.65+0.63/0.55/0+0.59 ms cpu, 3->3->1 MB, 4 MB goal, 0 MB stacks, 0 MB globals, 8 P
gc 4425 @46.204s 2%: 0.11+0.72+0.090 ms clock, 0.92+1.0/0.73/0+0.72 ms cpu, 3->3->1 MB, 4 MB goal, 0 MB stacks, 0 MB globals, 8 P
gc 4426 @46.206s 2%: 0.10+0.52+0.081 ms clock, 0.82+0.53/0.60/0+0.64 ms cpu, 3->3->1 MB, 4 MB goal, 0 MB stacks, 0 MB globals, 8 P
gc 4427 @46.209s 2%: 0.10+0.65+0.079 ms clock, 0.87+0.64/0.64/0+0.63 ms cpu, 3->3->1 MB, 4 MB goal, 0 MB stacks, 0 MB globals, 8 P
gc 4428 @46.212s 2%: 0.074+0.73+0.095 ms clock, 0.59+0.62/0.57/0+0.76 ms cpu, 3->3->1 MB, 4 MB goal, 0 MB stacks, 0 MB globals, 8 P
gc 4429 @46.215s 2%: 0.063+0.47+0.10 ms clock, 0.51+0.75/0.54/0+0.86 ms cpu, 3->3->1 MB, 4 MB goal, 0 MB stacks, 0 MB globals, 8 P
gc 4430 @46.218s 2%: 0.10+0.46+0.064 ms clock, 0.86+0.72/0.56/0+0.51 ms cpu, 3->3->1 MB, 4 MB goal, 0 MB stacks, 0 MB globals, 8 P
gc 4431 @46.220s 2%: 0.071+0.58+0.073 ms clock, 0.57+0.69/0.59/0+0.58 ms cpu, 3->3->1 MB, 4 MB goal, 0 MB stacks, 0 MB globals, 8 P
gc 4432 @46.223s 2%: 0.089+0.58+0.092 ms clock, 0.71+0.69/0.64/0+0.74 ms cpu, 3->3->1 MB, 4 MB goal, 0 MB stacks, 0 MB globals, 8 P
gc 4433 @46.226s 2%: 0.086+0.50+0.073 ms clock, 0.69+0.63/0.60/0+0.58 ms cpu, 3->3->1 MB, 4 MB goal, 0 MB stacks, 0 MB globals, 8 P
gc 4434 @46.229s 2%: 0.13+0.48+0.12 ms clock, 1.1+0.58/0.67/0+0.98 ms cpu, 3->3->1 MB, 4 MB goal, 0 MB stacks, 0 MB globals, 8 P
gc 4435 @46.231s 2%: 0.095+0.46+0.11 ms clock, 0.76+0.67/0.51/0+0.91 ms cpu, 3->3->1 MB, 4 MB goal, 0 MB stacks, 0 MB globals, 8 P
gc 4436 @46.234s 2%: 0.096+0.76+0.11 ms clock, 0.76+0.44/0.69/0+0.93 ms cpu, 3->3->1 MB, 4 MB goal, 0 MB stacks, 0 MB globals, 8 P
gc 4437 @46.237s 2%: 0.10+0.54+0.099 ms clock, 0.86+0.68/0.66/0+0.79 ms cpu, 3->3->1 MB, 4 MB goal, 0 MB stacks, 0 MB globals, 8 P
gc 4438 @46.240s 2%: 0.084+0.47+0.087 ms clock, 0.67+0.77/0.56/0+0.70 ms cpu, 3->3->1 MB, 4 MB goal, 0 MB stacks, 0 MB globals, 8 P
gc 4439 @46.242s 2%: 0.10+0.45+0.069 ms clock, 0.84+0.71/0.55/0+0.55 ms cpu, 3->3->1 MB, 4 MB goal, 0 MB stacks, 0 MB globals, 8 P
gc 4440 @46.245s 2%: 0.12+0.82+0.067 ms clock, 0.99+0.70/0.63/0+0.53 ms cpu, 3->3->1 MB, 4 MB goal, 0 MB stacks, 0 MB globals, 8 P
gc 4441 @46.248s 2%: 0.088+0.45+0.087 ms clock, 0.70+0.70/0.57/0+0.69 ms cpu, 3->3->1 MB, 4 MB goal, 0 MB stacks, 0 MB globals, 8 P
gc 4442 @46.251s 2%: 0.11+0.59+0.098 ms clock, 0.89+0.79/0.68/0+0.78 ms cpu, 3->3->1 MB, 4 MB goal, 0 MB stacks, 0 MB globals, 8 P
gc 4443 @46.253s 2%: 0.10+0.51+0.10 ms clock, 0.82+0.75/0.57/0+0.81 ms cpu, 3->3->1 MB, 4 MB goal, 0 MB stacks, 0 MB globals, 8 P
gc 4444 @46.256s 2%: 0.14+0.39+0.068 ms clock, 1.1+0.63/0.43/0+0.54 ms cpu, 3->3->1 MB, 4 MB goal, 0 MB stacks, 0 MB globals, 8 P
gc 4445 @46.259s 2%: 0.10+0.65+0.10 ms clock, 0.87+0.76/0.61/0+0.84 ms cpu, 3->3->1 MB, 4 MB goal, 0 MB stacks, 0 MB globals, 8 P
gc 4446 @46.262s 2%: 0.077+0.57+0.087 ms clock, 0.62+0.60/0.56/0+0.70 ms cpu, 3->3->1 MB, 4 MB goal, 0 MB stacks, 0 MB globals, 8 P
gc 4447 @46.265s 2%: 0.064+0.45+0.10 ms clock, 0.51+0.68/0.65/0+0.80 ms cpu, 3->3->1 MB, 4 MB goal, 0 MB stacks, 0 MB globals, 8 P
gc 4448 @46.267s 2%: 0.070+0.46+0.091 ms clock, 0.56+0.61/0.57/0+0.73 ms cpu, 3->3->1 MB, 4 MB goal, 0 MB stacks, 0 MB globals, 8 P
gc 4449 @46.270s 2%: 0.065+0.91+0.054 ms clock, 0.52+0.62/0.53/0+0.43 ms cpu, 3->4->1 MB, 4 MB goal, 0 MB stacks, 0 MB globals, 8 P
gc 4450 @46.273s 2%: 0.11+0.53+0.080 ms clock, 0.92+0.75/0.57/0+0.64 ms cpu, 3->3->1 MB, 4 MB goal, 0 MB stacks, 0 MB globals, 8 P
gc 4451 @46.276s 2%: 0.097+0.81+0.054 ms clock, 0.78+0.57/0.60/0+0.43 ms cpu, 3->3->1 MB, 4 MB goal, 0 MB stacks, 0 MB globals, 8 P
gc 4452 @46.279s 2%: 0.099+0.51+0.14 ms clock, 0.79+0.57/0.59/0+1.1 ms cpu, 3->3->1 MB, 4 MB goal, 0 MB stacks, 0 MB globals, 8 P
gc 4453 @46.281s 2%: 0.078+0.47+0.092 ms clock, 0.63+0.64/0.66/0+0.74 ms cpu, 3->3->1 MB, 4 MB goal, 0 MB stacks, 0 MB globals, 8 P
gc 4454 @46.284s 2%: 0.14+0.66+0.089 ms clock, 1.1+0.63/0.59/0+0.71 ms cpu, 3->3->1 MB, 4 MB goal, 0 MB stacks, 0 MB globals, 8 P
gc 4455 @46.287s 2%: 0.10+0.41+0.087 ms clock, 0.87+0.64/0.49/0+0.70 ms cpu, 3->3->1 MB, 4 MB goal, 0 MB stacks, 0 MB globals, 8 P
gc 4456 @46.290s 2%: 0.095+0.37+0.088 ms clock, 0.76+0.62/0.49/0+0.70 ms cpu, 3->3->1 MB, 4 MB goal, 0 MB stacks, 0 MB globals, 8 P
gc 4457 @46.292s 2%: 0.10+0.87+0.082 ms clock, 0.85+0.60/0.67/0+0.66 ms cpu, 3->3->1 MB, 4 MB goal, 0 MB stacks, 0 MB globals, 8 P
gc 4458 @46.295s 2%: 0.11+0.65+0.062 ms clock, 0.88+0.61/0.64/0+0.50 ms cpu, 3->3->1 MB, 4 MB goal, 0 MB stacks, 0 MB globals, 8 P
gc 4459 @46.298s 2%: 0.12+0.40+0.10 ms clock, 0.98+0.71/0.54/0+0.85 ms cpu, 3->3->1 MB, 4 MB goal, 0 MB stacks, 0 MB globals, 8 P
gc 4460 @46.301s 2%: 0.10+0.44+0.095 ms clock, 0.86+0.64/0.59/0+0.76 ms cpu, 3->3->1 MB, 4 MB goal, 0 MB stacks, 0 MB globals, 8 P
gc 4461 @46.304s 2%: 0.093+0.57+0.081 ms clock, 0.75+0.71/0.62/0+0.65 ms cpu, 3->3->1 MB, 4 MB goal, 0 MB stacks, 0 MB globals, 8 P
gc 4462 @46.306s 2%: 0.11+0.60+0.10 ms clock, 0.92+0.63/0.66/0+0.83 ms cpu, 3->3->1 MB, 4 MB goal, 0 MB stacks, 0 MB globals, 8 P
gc 4463 @46.309s 2%: 0.081+0.51+0.067 ms clock, 0.65+0.66/0.53/0+0.53 ms cpu, 3->3->1 MB, 4 MB goal, 0 MB stacks, 0 MB globals, 8 P
gc 4464 @46.312s 2%: 0.062+0.49+0.065 ms clock, 0.49+0.56/0.65/0+0.52 ms cpu, 3->3->1 MB, 4 MB goal, 0 MB stacks, 0 MB globals, 8 P
gc 4465 @46.315s 2%: 0.092+0.46+0.080 ms clock, 0.74+0.62/0.62/0+0.64 ms cpu, 3->3->1 MB, 4 MB goal, 0 MB stacks, 0 MB globals, 8 P
gc 4466 @46.317s 2%: 0.11+0.92+0.041 ms clock, 0.95+0.46/0.75/0+0.33 ms cpu, 3->3->1 MB, 4 MB goal, 0 MB stacks, 0 MB globals, 8 P
gc 4467 @46.320s 2%: 0.11+0.65+0.076 ms clock, 0.91+0.68/0.53/0+0.61 ms cpu, 3->3->1 MB, 4 MB goal, 0 MB stacks, 0 MB globals, 8 P
gc 4468 @46.323s 2%: 0.068+0.57+0.083 ms clock, 0.54+0.53/0.70/0+0.66 ms cpu, 3->3->1 MB, 4 MB goal, 0 MB stacks, 0 MB globals, 8 P
gc 4469 @46.326s 2%: 0.068+0.46+0.069 ms clock, 0.54+0.63/0.58/0+0.55 ms cpu, 3->3->1 MB, 4 MB goal, 0 MB stacks, 0 MB globals, 8 P
gc 4470 @46.329s 2%: 0.10+0.70+0.088 ms clock, 0.80+0.69/0.59/0+0.71 ms cpu, 3->3->1 MB, 4 MB goal, 0 MB stacks, 0 MB globals, 8 P
gc 4471 @46.331s 2%: 0.11+0.46+0.10 ms clock, 0.93+0.58/0.56/0+0.80 ms cpu, 3->3->1 MB, 4 MB goal, 0 MB stacks, 0 MB globals, 8 P
gc 4472 @46.334s 2%: 0.087+0.50+0.084 ms clock, 0.70+0.69/0.57/0+0.67 ms cpu, 3->3->1 MB, 4 MB goal, 0 MB stacks, 0 MB globals, 8 P
gc 4473 @46.337s 2%: 0.058+0.58+0.085 ms clock, 0.46+0.63/0.55/0+0.68 ms cpu, 3->3->1 MB, 4 MB goal, 0 MB stacks, 0 MB globals, 8 P
gc 4474 @46.339s 2%: 0.10+0.61+0.10 ms clock, 0.84+0.76/0.53/0+0.82 ms cpu, 3->3->1 MB, 4 MB goal, 0 MB stacks, 0 MB globals, 8 P
gc 4475 @46.342s 2%: 0.098+0.51+0.084 ms clock, 0.78+0.56/0.64/0+0.67 ms cpu, 3->3->1 MB, 4 MB goal, 0 MB stacks, 0 MB globals, 8 P
gc 4476 @46.345s 2%: 0.12+0.70+0.095 ms clock, 0.98+0.67/0.65/0+0.76 ms cpu, 3->3->1 MB, 4 MB goal, 0 MB stacks, 0 MB globals, 8 P
gc 4477 @46.348s 2%: 0.11+0.47+0.12 ms clock, 0.94+0.69/0.60/0+1.0 ms cpu, 3->3->1 MB, 4 MB goal, 0 MB stacks, 0 MB globals, 8 P
gc 4478 @46.351s 2%: 0.12+0.57+0.11 ms clock, 1.0+0.56/0.65/0+0.91 ms cpu, 3->3->1 MB, 4 MB goal, 0 MB stacks, 0 MB globals, 8 P
gc 4479 @46.353s 2%: 0.10+0.89+0.064 ms clock, 0.84+0.68/0.66/0+0.51 ms cpu, 3->3->1 MB, 4 MB goal, 0 MB stacks, 0 MB globals, 8 P
gc 4480 @46.356s 2%: 0.092+0.55+0.10 ms clock, 0.74+0.67/0.65/0+0.82 ms cpu, 3->3->1 MB, 4 MB goal, 0 MB stacks, 0 MB globals, 8 P
gc 4481 @46.359s 2%: 0.11+0.60+0.065 ms clock, 0.89+0.59/0.65/0+0.52 ms cpu, 3->3->1 MB, 4 MB goal, 0 MB stacks, 0 MB globals, 8 P
gc 4482 @46.362s 2%: 0.089+0.53+0.10 ms clock, 0.71+0.67/0.59/0+0.80 ms cpu, 3->3->1 MB, 4 MB goal, 0 MB stacks, 0 MB globals, 8 P
gc 4483 @46.365s 2%: 0.10+0.50+0.069 ms clock, 0.81+0.62/0.65/0+0.55 ms cpu, 3->3->1 MB, 4 MB goal, 0 MB stacks, 0 MB globals, 8 P
gc 4484 @46.367s 2%: 0.090+0.46+0.070 ms clock, 0.72+0.70/0.55/0+0.56 ms cpu, 3->3->1 MB, 4 MB goal, 0 MB stacks, 0 MB globals, 8 P
gc 4485 @46.370s 2%: 0.076+0.51+0.10 ms clock, 0.61+0.72/0.59/0+0.83 ms cpu, 3->3->1 MB, 4 MB goal, 0 MB stacks, 0 MB globals, 8 P
gc 4486 @46.373s 2%: 0.13+0.56+0.11 ms clock, 1.0+0.73/0.68/0+0.89 ms cpu, 3->3->1 MB, 4 MB goal, 0 MB stacks, 0 MB globals, 8 P
gc 4487 @46.376s 2%: 0.088+0.51+0.084 ms clock, 0.70+0.63/0.67/0+0.67 ms cpu, 3->3->1 MB, 4 MB goal, 0 MB stacks, 0 MB globals, 8 P
gc 4488 @46.378s 2%: 0.10+0.44+0.073 ms clock, 0.84+0.66/0.54/0+0.59 ms cpu, 3->3->1 MB, 4 MB goal, 0 MB stacks, 0 MB globals, 8 P
gc 4489 @46.381s 2%: 0.092+0.52+0.12 ms clock, 0.73+0.62/0.65/0+0.99 ms cpu, 3->3->1 MB, 4 MB goal, 0 MB stacks, 0 MB globals, 8 P
gc 4490 @46.384s 2%: 0.099+0.46+0.085 ms clock, 0.79+0.67/0.66/0+0.68 ms cpu, 3->3->1 MB, 4 MB goal, 0 MB stacks, 0 MB globals, 8 P
gc 4491 @46.387s 2%: 0.12+0.45+0.10 ms clock, 0.99+0.65/0.71/0+0.82 ms cpu, 3->3->1 MB, 4 MB goal, 0 MB stacks, 0 MB globals, 8 P
gc 4492 @46.389s 2%: 0.099+0.51+0.068 ms clock, 0.79+0.68/0.68/0+0.54 ms cpu, 3->3->1 MB, 4 MB goal, 0 MB stacks, 0 MB globals, 8 P
gc 4493 @46.392s 2%: 0.13+0.72+0.088 ms clock, 1.0+0.64/0.66/0+0.70 ms cpu, 3->3->1 MB, 4 MB goal, 0 MB stacks, 0 MB globals, 8 P
gc 4494 @46.395s 2%: 0.10+0.49+0.073 ms clock, 0.81+0.69/0.53/0+0.58 ms cpu, 3->3->1 MB, 4 MB goal, 0 MB stacks, 0 MB globals, 8 P
gc 4495 @46.398s 2%: 0.10+0.57+0.10 ms clock, 0.87+0.62/0.66/0+0.86 ms cpu, 3->3->1 MB, 4 MB goal, 0 MB stacks, 0 MB globals, 8 P
gc 4496 @46.400s 2%: 0.069+0.62+0.083 ms clock, 0.55+0.64/0.68/0+0.66 ms cpu, 3->3->1 MB, 4 MB goal, 0 MB stacks, 0 MB globals, 8 P
gc 4497 @46.403s 2%: 0.087+0.52+0.10 ms clock, 0.69+0.64/0.63/0+0.83 ms cpu, 3->3->1 MB, 4 MB goal, 0 MB stacks, 0 MB globals, 8 P
gc 4498 @46.406s 2%: 0.093+0.75+0.085 ms clock, 0.74+0.67/0.61/0+0.68 ms cpu, 3->3->1 MB, 4 MB goal, 0 MB stacks, 0 MB globals, 8 P
gc 4499 @46.409s 2%: 0.096+0.38+0.090 ms clock, 0.76+0.57/0.54/0+0.72 ms cpu, 3->3->1 MB, 4 MB goal, 0 MB stacks, 0 MB globals, 8 P
gc 4500 @46.412s 2%: 0.12+0.85+0.084 ms clock, 0.98+0.61/0.57/0+0.67 ms cpu, 3->3->1 MB, 4 MB goal, 0 MB stacks, 0 MB globals, 8 P
gc 4501 @46.415s 2%: 0.097+0.48+0.037 ms clock, 0.77+0.58/0.66/0+0.30 ms cpu, 3->3->1 MB, 4 MB goal, 0 MB stacks, 0 MB globals, 8 P
gc 4502 @46.417s 2%: 0.087+0.63+0.077 ms clock, 0.70+0.65/0.66/0+0.62 ms cpu, 3->3->1 MB, 4 MB goal, 0 MB stacks, 0 MB globals, 8 P
gc 4503 @46.420s 2%: 0.10+0.54+0.050 ms clock, 0.81+0.69/0.61/0+0.40 ms cpu, 3->3->1 MB, 4 MB goal, 0 MB stacks, 0 MB globals, 8 P
gc 4504 @46.423s 2%: 0.12+0.77+0.075 ms clock, 0.96+0.56/0.63/0+0.60 ms cpu, 3->3->1 MB, 4 MB goal, 0 MB stacks, 0 MB globals, 8 P
gc 4505 @46.426s 2%: 0.084+0.76+0.15 ms clock, 0.67+0.70/0.63/0+1.2 ms cpu, 3->3->1 MB, 4 MB goal, 0 MB stacks, 0 MB globals, 8 P
gc 4506 @46.429s 2%: 0.11+0.48+0.074 ms clock, 0.95+0.64/0.65/0+0.59 ms cpu, 3->3->1 MB, 4 MB goal, 0 MB stacks, 0 MB globals, 8 P
gc 4507 @46.431s 2%: 0.081+0.87+0.11 ms clock, 0.64+0.41/0.64/0+0.93 ms cpu, 3->3->1 MB, 4 MB goal, 0 MB stacks, 0 MB globals, 8 P
gc 4508 @46.434s 2%: 0.073+0.56+0.054 ms clock, 0.58+0.71/0.57/0+0.43 ms cpu, 3->3->1 MB, 4 MB goal, 0 MB stacks, 0 MB globals, 8 P
gc 4509 @46.437s 2%: 0.10+0.47+0.091 ms clock, 0.85+0.82/0.45/0+0.73 ms cpu, 3->3->1 MB, 4 MB goal, 0 MB stacks, 0 MB globals, 8 P
gc 4510 @46.440s 2%: 0.090+0.82+0.047 ms clock, 0.72+0.69/0.62/0+0.37 ms cpu, 3->3->1 MB, 4 MB goal, 0 MB stacks, 0 MB globals, 8 P
gc 4511 @46.443s 2%: 0.079+1.0+0.092 ms clock, 0.63+0.59/0.54/0+0.73 ms cpu, 3->3->1 MB, 4 MB goal, 0 MB stacks, 0 MB globals, 8 P
gc 4512 @46.446s 2%: 0.092+0.49+0.093 ms clock, 0.73+0.78/0.54/0+0.74 ms cpu, 3->3->1 MB, 4 MB goal, 0 MB stacks, 0 MB globals, 8 P
gc 4513 @46.448s 2%: 0.081+0.42+0.090 ms clock, 0.65+0.64/0.60/0+0.72 ms cpu, 3->3->1 MB, 4 MB goal, 0 MB stacks, 0 MB globals, 8 P
gc 4514 @46.451s 2%: 0.090+1.2+0.070 ms clock, 0.72+0.55/0.70/0+0.56 ms cpu, 3->4->1 MB, 4 MB goal, 0 MB stacks, 0 MB globals, 8 P
gc 4515 @46.454s 2%: 0.12+0.49+0.066 ms clock, 1.0+0.56/0.61/0+0.53 ms cpu, 3->4->1 MB, 4 MB goal, 0 MB stacks, 0 MB globals, 8 P
gc 4516 @46.457s 2%: 0.10+0.49+0.046 ms clock, 0.87+0.63/0.64/0+0.37 ms cpu, 3->3->1 MB, 4 MB goal, 0 MB stacks, 0 MB globals, 8 P
gc 4517 @46.460s 2%: 0.11+0.50+0.082 ms clock, 0.93+0.77/0.58/0+0.65 ms cpu, 3->3->1 MB, 4 MB goal, 0 MB stacks, 0 MB globals, 8 P
gc 4518 @46.463s 2%: 0.089+0.73+0.080 ms clock, 0.71+0.38/0.73/0+0.64 ms cpu, 3->3->1 MB, 4 MB goal, 0 MB stacks, 0 MB globals, 8 P
gc 4519 @46.465s 2%: 0.093+0.49+0.099 ms clock, 0.74+0.82/0.54/0+0.79 ms cpu, 3->3->1 MB, 4 MB goal, 0 MB stacks, 0 MB globals, 8 P
gc 4520 @46.468s 2%: 0.10+0.51+0.095 ms clock, 0.82+0.72/0.61/0+0.76 ms cpu, 3->3->1 MB, 4 MB goal, 0 MB stacks, 0 MB globals, 8 P
gc 4521 @46.471s 2%: 0.13+1.0+0.11 ms clock, 1.0+0.52/0.64/0+0.92 ms cpu, 3->3->1 MB, 4 MB goal, 0 MB stacks, 0 MB globals, 8 P
gc 4522 @46.474s 2%: 0.086+0.47+0.12 ms clock, 0.69+0.68/0.56/0+0.99 ms cpu, 3->3->1 MB, 4 MB goal, 0 MB stacks, 0 MB globals, 8 P
gc 4523 @46.477s 2%: 0.10+0.44+0.030 ms clock, 0.83+0.59/0.57/0+0.24 ms cpu, 3->3->1 MB, 4 MB goal, 0 MB stacks, 0 MB globals, 8 P
gc 4524 @46.479s 2%: 0.10+0.53+0.11 ms clock, 0.86+0.79/0.55/0+0.88 ms cpu, 3->3->1 MB, 4 MB goal, 0 MB stacks, 0 MB globals, 8 P
gc 4525 @46.482s 2%: 0.086+0.58+0.10 ms clock, 0.68+0.71/0.63/0+0.81 ms cpu, 3->3->1 MB, 4 MB goal, 0 MB stacks, 0 MB globals, 8 P
gc 4526 @46.485s 2%: 0.084+0.66+0.096 ms clock, 0.67+0.61/0.71/0+0.77 ms cpu, 3->3->1 MB, 4 MB goal, 0 MB stacks, 0 MB globals, 8 P
gc 4527 @46.488s 2%: 0.11+0.49+0.10 ms clock, 0.93+0.59/0.59/0+0.86 ms cpu, 3->3->1 MB, 4 MB goal, 0 MB stacks, 0 MB globals, 8 P
gc 4528 @46.491s 2%: 0.11+0.49+0.11 ms clock, 0.95+0.66/0.58/0+0.91 ms cpu, 3->3->1 MB, 4 MB goal, 0 MB stacks, 0 MB globals, 8 P
gc 4529 @46.493s 2%: 0.13+0.68+0.085 ms clock, 1.0+0.70/0.62/0+0.68 ms cpu, 3->3->1 MB, 4 MB goal, 0 MB stacks, 0 MB globals, 8 P
gc 4530 @46.496s 2%: 0.075+0.45+0.089 ms clock, 0.60+0.70/0.50/0.076+0.71 ms cpu, 3->3->1 MB, 4 MB goal, 0 MB stacks, 0 MB globals, 8 P
gc 4531 @46.499s 2%: 0.095+0.49+0.062 ms clock, 0.76+0.61/0.63/0+0.49 ms cpu, 3->3->1 MB, 4 MB goal, 0 MB stacks, 0 MB globals, 8 P
gc 4532 @46.501s 2%: 0.096+0.69+0.099 ms clock, 0.77+0.59/0.58/0+0.79 ms cpu, 3->3->1 MB, 4 MB goal, 0 MB stacks, 0 MB globals, 8 P
gc 4533 @46.504s 2%: 0.074+0.68+0.087 ms clock, 0.59+0.78/0.55/0+0.70 ms cpu, 3->3->1 MB, 4 MB goal, 0 MB stacks, 0 MB globals, 8 P
gc 4534 @46.507s 2%: 0.096+0.52+0.063 ms clock, 0.77+0.64/0.66/0+0.50 ms cpu, 3->3->1 MB, 4 MB goal, 0 MB stacks, 0 MB globals, 8 P
gc 4535 @46.510s 2%: 0.066+0.68+0.10 ms clock, 0.53+0.66/0.60/0+0.82 ms cpu, 3->3->1 MB, 4 MB goal, 0 MB stacks, 0 MB globals, 8 P
gc 4536 @46.513s 2%: 0.12+0.48+0.084 ms clock, 0.96+0.66/0.57/0+0.67 ms cpu, 3->3->1 MB, 4 MB goal, 0 MB stacks, 0 MB globals, 8 P
gc 4537 @46.516s 2%: 0.099+0.51+0.064 ms clock, 0.79+0.57/0.64/0+0.51 ms cpu, 3->3->1 MB, 4 MB goal, 0 MB stacks, 0 MB globals, 8 P
gc 4538 @46.518s 2%: 0.099+0.47+0.11 ms clock, 0.79+0.66/0.57/0+0.93 ms cpu, 3->3->1 MB, 4 MB goal, 0 MB stacks, 0 MB globals, 8 P
gc 4539 @46.521s 2%: 0.075+0.62+0.098 ms clock, 0.60+0.65/0.62/0+0.78 ms cpu, 3->3->1 MB, 4 MB goal, 0 MB stacks, 0 MB globals, 8 P
gc 4540 @46.524s 2%: 0.076+0.50+0.050 ms clock, 0.60+0.75/0.59/0+0.40 ms cpu, 3->3->1 MB, 4 MB goal, 0 MB stacks, 0 MB globals, 8 P
gc 4541 @46.527s 2%: 0.10+0.52+0.10 ms clock, 0.87+0.79/0.58/0+0.85 ms cpu, 3->3->1 MB, 4 MB goal, 0 MB stacks, 0 MB globals, 8 P
gc 4542 @46.529s 2%: 0.073+0.55+0.12 ms clock, 0.58+0.67/0.62/0+1.0 ms cpu, 3->3->1 MB, 4 MB goal, 0 MB stacks, 0 MB globals, 8 P
gc 4543 @46.532s 2%: 0.11+0.49+0.16 ms clock, 0.90+0.59/0.61/0+1.2 ms cpu, 3->3->1 MB, 4 MB goal, 0 MB stacks, 0 MB globals, 8 P
gc 4544 @46.535s 2%: 0.099+0.55+0.051 ms clock, 0.79+0.59/0.70/0+0.40 ms cpu, 3->3->1 MB, 4 MB goal, 0 MB stacks, 0 MB globals, 8 P
gc 4545 @46.538s 2%: 0.10+0.58+0.065 ms clock, 0.81+0.67/0.58/0+0.52 ms cpu, 3->3->1 MB, 4 MB goal, 0 MB stacks, 0 MB globals, 8 P
gc 4546 @46.541s 2%: 0.097+0.96+0.099 ms clock, 0.78+0.56/0.62/0+0.79 ms cpu, 3->4->1 MB, 4 MB goal, 0 MB stacks, 0 MB globals, 8 P
gc 4547 @46.543s 2%: 0.10+0.75+0.050 ms clock, 0.80+0.69/0.66/0+0.40 ms cpu, 3->3->1 MB, 4 MB goal, 0 MB stacks, 0 MB globals, 8 P
gc 4548 @46.546s 2%: 0.079+0.58+0.080 ms clock, 0.63+0.62/0.54/0+0.64 ms cpu, 3->3->1 MB, 4 MB goal, 0 MB stacks, 0 MB globals, 8 P
gc 4549 @46.549s 2%: 0.097+0.70+0.11 ms clock, 0.78+0.66/0.58/0+0.93 ms cpu, 3->3->1 MB, 4 MB goal, 0 MB stacks, 0 MB globals, 8 P
gc 4550 @46.552s 2%: 0.095+0.53+0.072 ms clock, 0.76+0.66/0.64/0+0.58 ms cpu, 3->3->1 MB, 4 MB goal, 0 MB stacks, 0 MB globals, 8 P
gc 4551 @46.555s 2%: 0.11+0.67+0.087 ms clock, 0.94+0.64/0.68/0+0.70 ms cpu, 3->3->1 MB, 4 MB goal, 0 MB stacks, 0 MB globals, 8 P
gc 4552 @46.558s 2%: 0.10+0.66+0.12 ms clock, 0.85+0.68/0.69/0+0.99 ms cpu, 3->3->1 MB, 4 MB goal, 0 MB stacks, 0 MB globals, 8 P
gc 4553 @46.560s 2%: 0.11+0.56+0.099 ms clock, 0.91+0.57/0.65/0+0.79 ms cpu, 3->3->1 MB, 4 MB goal, 0 MB stacks, 0 MB globals, 8 P
gc 4554 @46.563s 2%: 0.057+0.54+0.10 ms clock, 0.46+0.72/0.60/0+0.84 ms cpu, 3->3->1 MB, 4 MB goal, 0 MB stacks, 0 MB globals, 8 P
gc 4555 @46.566s 2%: 0.11+0.57+0.084 ms clock, 0.92+0.72/0.69/0+0.67 ms cpu, 3->3->1 MB, 4 MB goal, 0 MB stacks, 0 MB globals, 8 P
gc 4556 @46.569s 2%: 0.099+0.53+0.11 ms clock, 0.79+0.60/0.65/0+0.88 ms cpu, 3->3->1 MB, 4 MB goal, 0 MB stacks, 0 MB globals, 8 P
gc 4557 @46.572s 2%: 0.12+0.53+0.10 ms clock, 0.96+0.67/0.57/0+0.81 ms cpu, 3->3->1 MB, 4 MB goal, 0 MB stacks, 0 MB globals, 8 P
gc 4558 @46.574s 2%: 0.11+0.75+0.082 ms clock, 0.94+0.60/0.58/0+0.65 ms cpu, 3->3->1 MB, 4 MB goal, 0 MB stacks, 0 MB globals, 8 P
gc 4559 @46.577s 2%: 0.11+0.53+0.091 ms clock, 0.91+0.75/0.62/0+0.72 ms cpu, 3->3->1 MB, 4 MB goal, 0 MB stacks, 0 MB globals, 8 P
gc 4560 @46.580s 2%: 0.094+0.37+0.071 ms clock, 0.75+0.67/0.53/0+0.57 ms cpu, 3->3->1 MB, 4 MB goal, 0 MB stacks, 0 MB globals, 8 P
gc 4561 @46.583s 2%: 0.085+0.52+0.084 ms clock, 0.68+0.67/0.54/0+0.67 ms cpu, 3->3->1 MB, 4 MB goal, 0 MB stacks, 0 MB globals, 8 P
gc 4562 @46.585s 2%: 0.14+0.46+0.10 ms clock, 1.1+0.80/0.60/0+0.83 ms cpu, 3->3->1 MB, 4 MB goal, 0 MB stacks, 0 MB globals, 8 P
gc 4563 @46.588s 2%: 0.10+0.97+0.10 ms clock, 0.80+0.62/0.66/0+0.84 ms cpu, 3->3->1 MB, 4 MB goal, 0 MB stacks, 0 MB globals, 8 P
gc 4564 @46.591s 2%: 0.082+0.55+0.075 ms clock, 0.66+0.64/0.58/0+0.60 ms cpu, 3->3->1 MB, 4 MB goal, 0 MB stacks, 0 MB globals, 8 P
gc 4565 @46.594s 2%: 0.092+1.0+0.062 ms clock, 0.73+0.67/0.56/0+0.50 ms cpu, 3->3->1 MB, 4 MB goal, 0 MB stacks, 0 MB globals, 8 P
gc 4566 @46.597s 2%: 0.088+0.81+0.029 ms clock, 0.71+0.65/0.60/0+0.23 ms cpu, 3->3->1 MB, 4 MB goal, 0 MB stacks, 0 MB globals, 8 P
gc 4567 @46.600s 2%: 0.11+0.47+0.067 ms clock, 0.94+0.65/0.56/0+0.54 ms cpu, 3->3->1 MB, 4 MB goal, 0 MB stacks, 0 MB globals, 8 P
gc 4568 @46.602s 2%: 0.11+0.53+0.058 ms clock, 0.91+0.63/0.67/0+0.47 ms cpu, 3->3->1 MB, 4 MB goal, 0 MB stacks, 0 MB globals, 8 P
gc 4569 @46.605s 2%: 0.11+0.72+0.10 ms clock, 0.91+0.64/0.67/0+0.83 ms cpu, 3->3->1 MB, 4 MB goal, 0 MB stacks, 0 MB globals, 8 P
gc 4570 @46.608s 2%: 0.11+0.55+0.084 ms clock, 0.89+0.69/0.59/0+0.67 ms cpu, 3->3->1 MB, 4 MB goal, 0 MB stacks, 0 MB globals, 8 P
gc 4571 @46.611s 2%: 0.12+0.64+0.10 ms clock, 0.97+0.55/0.65/0+0.84 ms cpu, 3->3->1 MB, 4 MB goal, 0 MB stacks, 0 MB globals, 8 P
gc 4572 @46.614s 2%: 0.097+0.43+0.11 ms clock, 0.78+0.56/0.56/0+0.93 ms cpu, 3->3->1 MB, 4 MB goal, 0 MB stacks, 0 MB globals, 8 P
gc 4573 @46.616s 2%: 0.074+0.82+0.080 ms clock, 0.59+0.67/0.68/0+0.64 ms cpu, 3->3->1 MB, 4 MB goal, 0 MB stacks, 0 MB globals, 8 P
gc 4574 @46.619s 2%: 0.14+0.53+0.083 ms clock, 1.1+0.65/0.67/0+0.66 ms cpu, 3->3->1 MB, 4 MB goal, 0 MB stacks, 0 MB globals, 8 P
gc 4575 @46.622s 2%: 0.10+0.61+0.072 ms clock, 0.84+0.67/0.69/0+0.57 ms cpu, 3->3->1 MB, 4 MB goal, 0 MB stacks, 0 MB globals, 8 P
gc 4576 @46.625s 2%: 0.067+0.51+0.075 ms clock, 0.54+0.72/0.61/0+0.60 ms cpu, 3->3->1 MB, 4 MB goal, 0 MB stacks, 0 MB globals, 8 P
gc 4577 @46.627s 2%: 0.10+0.65+0.097 ms clock, 0.84+0.64/0.75/0+0.78 ms cpu, 3->3->1 MB, 4 MB goal, 0 MB stacks, 0 MB globals, 8 P
gc 4578 @46.630s 2%: 0.070+0.65+0.043 ms clock, 0.56+0.63/0.56/0+0.34 ms cpu, 3->3->1 MB, 4 MB goal, 0 MB stacks, 0 MB globals, 8 P
gc 4579 @46.633s 2%: 0.12+0.57+0.10 ms clock, 0.96+0.70/0.81/0+0.85 ms cpu, 3->3->1 MB, 4 MB goal, 0 MB stacks, 0 MB globals, 8 P
gc 4580 @46.636s 2%: 0.078+0.61+0.11 ms clock, 0.62+0.65/0.77/0+0.95 ms cpu, 3->3->1 MB, 4 MB goal, 0 MB stacks, 0 MB globals, 8 P
gc 4581 @46.639s 2%: 0.13+0.89+0.056 ms clock, 1.0+0.66/0.63/0+0.44 ms cpu, 3->3->1 MB, 4 MB goal, 0 MB stacks, 0 MB globals, 8 P
gc 4582 @46.642s 2%: 0.13+0.73+0.084 ms clock, 1.0+0.57/0.64/0+0.67 ms cpu, 3->3->1 MB, 4 MB goal, 0 MB stacks, 0 MB globals, 8 P
gc 4583 @46.644s 2%: 0.11+0.47+0.074 ms clock, 0.91+0.64/0.60/0+0.59 ms cpu, 3->3->1 MB, 4 MB goal, 0 MB stacks, 0 MB globals, 8 P
gc 4584 @46.647s 2%: 0.11+0.47+0.086 ms clock, 0.94+0.81/0.61/0+0.69 ms cpu, 3->3->1 MB, 4 MB goal, 0 MB stacks, 0 MB globals, 8 P
gc 4585 @46.650s 2%: 0.096+0.96+0.093 ms clock, 0.77+0.68/0.55/0+0.74 ms cpu, 3->4->1 MB, 4 MB goal, 0 MB stacks, 0 MB globals, 8 P
gc 4586 @46.653s 2%: 0.12+0.51+0.090 ms clock, 1.0+0.74/0.59/0+0.72 ms cpu, 3->3->1 MB, 4 MB goal, 0 MB stacks, 0 MB globals, 8 P
gc 4587 @46.656s 2%: 0.11+0.83+0.082 ms clock, 0.89+0.63/0.62/0+0.65 ms cpu, 3->3->1 MB, 4 MB goal, 0 MB stacks, 0 MB globals, 8 P
gc 4588 @46.658s 2%: 0.10+0.59+0.053 ms clock, 0.80+0.60/0.66/0+0.42 ms cpu, 3->3->1 MB, 4 MB goal, 0 MB stacks, 0 MB globals, 8 P
gc 4589 @46.661s 2%: 0.10+0.50+0.066 ms clock, 0.85+0.69/0.58/0+0.53 ms cpu, 3->3->1 MB, 4 MB goal, 0 MB stacks, 0 MB globals, 8 P
gc 4590 @46.664s 2%: 0.060+0.43+0.073 ms clock, 0.48+0.64/0.61/0+0.58 ms cpu, 3->3->1 MB, 4 MB goal, 0 MB stacks, 0 MB globals, 8 P
gc 4591 @46.667s 2%: 0.089+0.38+0.090 ms clock, 0.71+0.64/0.56/0+0.72 ms cpu, 3->3->1 MB, 4 MB goal, 0 MB stacks, 0 MB globals, 8 P
gc 4592 @46.669s 2%: 0.14+0.59+0.10 ms clock, 1.1+0.72/0.52/0+0.81 ms cpu, 3->3->1 MB, 4 MB goal, 0 MB stacks, 0 MB globals, 8 P
gc 4593 @46.672s 2%: 0.12+0.42+0.037 ms clock, 0.97+0.66/0.56/0+0.30 ms cpu, 3->3->1 MB, 4 MB goal, 0 MB stacks, 0 MB globals, 8 P
gc 4594 @46.675s 2%: 0.098+0.46+0.027 ms clock, 0.78+0.62/0.64/0+0.22 ms cpu, 3->3->1 MB, 4 MB goal, 0 MB stacks, 0 MB globals, 8 P
gc 4595 @46.678s 2%: 0.10+0.58+0.040 ms clock, 0.83+0.77/0.58/0+0.32 ms cpu, 3->3->1 MB, 4 MB goal, 0 MB stacks, 0 MB globals, 8 P
gc 4596 @46.681s 2%: 0.095+0.54+0.077 ms clock, 0.76+0.66/0.65/0+0.61 ms cpu, 3->3->1 MB, 4 MB goal, 0 MB stacks, 0 MB globals, 8 P
gc 4597 @46.683s 2%: 0.098+0.43+0.049 ms clock, 0.78+0.69/0.57/0+0.39 ms cpu, 3->3->1 MB, 4 MB goal, 0 MB stacks, 0 MB globals, 8 P
gc 4598 @46.686s 2%: 0.12+0.97+0.087 ms clock, 1.0+0.61/0.64/0+0.70 ms cpu, 3->3->1 MB, 4 MB goal, 0 MB stacks, 0 MB globals, 8 P
gc 4599 @46.689s 2%: 0.095+0.63+0.090 ms clock, 0.76+0.67/0.58/0+0.72 ms cpu, 3->3->1 MB, 4 MB goal, 0 MB stacks, 0 MB globals, 8 P
gc 4600 @46.692s 2%: 0.095+0.56+0.10 ms clock, 0.76+0.70/0.69/0+0.85 ms cpu, 3->3->1 MB, 4 MB goal, 0 MB stacks, 0 MB globals, 8 P
gc 4601 @46.695s 2%: 0.096+0.65+0.080 ms clock, 0.76+0.55/0.61/0+0.64 ms cpu, 3->3->1 MB, 4 MB goal, 0 MB stacks, 0 MB globals, 8 P
gc 4602 @46.697s 2%: 0.12+0.60+0.077 ms clock, 1.0+0.65/0.70/0+0.61 ms cpu, 3->3->1 MB, 4 MB goal, 0 MB stacks, 0 MB globals, 8 P
gc 4603 @46.700s 2%: 0.11+0.97+0.077 ms clock, 0.89+0.67/0.65/0+0.62 ms cpu, 3->3->1 MB, 4 MB goal, 0 MB stacks, 0 MB globals, 8 P
gc 4604 @46.703s 2%: 0.085+0.38+0.11 ms clock, 0.68+0.74/0.51/0+0.92 ms cpu, 3->3->1 MB, 4 MB goal, 0 MB stacks, 0 MB globals, 8 P
gc 4605 @46.706s 2%: 0.12+0.52+0.054 ms clock, 0.97+0.66/0.61/0+0.43 ms cpu, 3->3->1 MB, 4 MB goal, 0 MB stacks, 0 MB globals, 8 P
gc 4606 @46.708s 2%: 0.069+0.52+0.076 ms clock, 0.55+0.76/0.64/0+0.60 ms cpu, 3->3->1 MB, 4 MB goal, 0 MB stacks, 0 MB globals, 8 P
gc 4607 @46.711s 2%: 0.10+0.68+0.079 ms clock, 0.83+0.60/0.55/0+0.63 ms cpu, 3->3->1 MB, 4 MB goal, 0 MB stacks, 0 MB globals, 8 P
gc 4608 @46.714s 2%: 0.10+0.71+0.079 ms clock, 0.80+0.56/0.60/0+0.63 ms cpu, 3->3->1 MB, 4 MB goal, 0 MB stacks, 0 MB globals, 8 P
gc 4609 @46.717s 2%: 0.10+0.84+0.14 ms clock, 0.87+0.58/0.68/0+1.1 ms cpu, 3->3->1 MB, 4 MB goal, 0 MB stacks, 0 MB globals, 8 P
gc 4610 @46.720s 2%: 0.11+0.48+0.077 ms clock, 0.90+0.67/0.59/0+0.62 ms cpu, 3->3->1 MB, 4 MB goal, 0 MB stacks, 0 MB globals, 8 P
gc 4611 @46.722s 2%: 0.13+0.71+0.031 ms clock, 1.0+0.61/0.77/0+0.25 ms cpu, 3->3->1 MB, 4 MB goal, 0 MB stacks, 0 MB globals, 8 P
gc 4612 @46.725s 2%: 0.066+0.50+0.048 ms clock, 0.53+0.60/0.73/0+0.38 ms cpu, 3->3->1 MB, 4 MB goal, 0 MB stacks, 0 MB globals, 8 P
gc 4613 @46.728s 2%: 0.097+0.51+0.12 ms clock, 0.77+0.66/0.65/0+1.0 ms cpu, 3->3->1 MB, 4 MB goal, 0 MB stacks, 0 MB globals, 8 P
gc 4614 @46.731s 2%: 0.13+0.57+0.098 ms clock, 1.1+0.67/0.67/0+0.79 ms cpu, 3->3->1 MB, 4 MB goal, 0 MB stacks, 0 MB globals, 8 P
gc 4615 @46.733s 2%: 0.15+0.56+0.13 ms clock, 1.2+0.56/0.68/0+1.0 ms cpu, 3->3->1 MB, 4 MB goal, 0 MB stacks, 0 MB globals, 8 P
gc 4616 @46.736s 2%: 0.13+0.85+0.076 ms clock, 1.0+0.44/0.72/0+0.61 ms cpu, 3->3->1 MB, 4 MB goal, 0 MB stacks, 0 MB globals, 8 P
gc 4617 @46.739s 2%: 0.098+0.54+0.076 ms clock, 0.78+0.71/0.60/0+0.60 ms cpu, 3->3->1 MB, 4 MB goal, 0 MB stacks, 0 MB globals, 8 P
gc 4618 @46.742s 2%: 0.11+0.54+0.078 ms clock, 0.92+0.62/0.67/0+0.63 ms cpu, 3->3->1 MB, 4 MB goal, 0 MB stacks, 0 MB globals, 8 P
gc 4619 @46.745s 2%: 0.072+0.68+0.097 ms clock, 0.57+0.65/0.63/0+0.77 ms cpu, 3->3->1 MB, 4 MB goal, 0 MB stacks, 0 MB globals, 8 P
gc 4620 @46.747s 2%: 0.10+0.43+0.096 ms clock, 0.87+0.75/0.55/0+0.77 ms cpu, 3->3->1 MB, 4 MB goal, 0 MB stacks, 0 MB globals, 8 P
gc 4621 @46.750s 2%: 0.087+0.54+0.083 ms clock, 0.70+0.56/0.64/0+0.66 ms cpu, 3->3->1 MB, 4 MB goal, 0 MB stacks, 0 MB globals, 8 P
gc 4622 @46.753s 2%: 0.11+0.46+0.10 ms clock, 0.92+0.63/0.60/0+0.83 ms cpu, 3->3->1 MB, 4 MB goal, 0 MB stacks, 0 MB globals, 8 P
gc 4623 @46.756s 2%: 0.065+0.50+0.073 ms clock, 0.52+0.54/0.64/0+0.58 ms cpu, 3->3->1 MB, 4 MB goal, 0 MB stacks, 0 MB globals, 8 P
gc 4624 @46.758s 2%: 0.12+0.51+0.061 ms clock, 0.97+0.65/0.58/0+0.48 ms cpu, 3->3->1 MB, 4 MB goal, 0 MB stacks, 0 MB globals, 8 P
gc 4625 @46.761s 2%: 0.11+0.61+0.085 ms clock, 0.91+0.53/0.70/0+0.68 ms cpu, 3->3->1 MB, 4 MB goal, 0 MB stacks, 0 MB globals, 8 P
gc 4626 @46.764s 2%: 0.078+0.55+0.097 ms clock, 0.62+0.65/0.65/0+0.77 ms cpu, 3->3->1 MB, 4 MB goal, 0 MB stacks, 0 MB globals, 8 P
gc 4627 @46.767s 2%: 0.11+0.53+0.090 ms clock, 0.89+0.73/0.59/0+0.72 ms cpu, 3->3->1 MB, 4 MB goal, 0 MB stacks, 0 MB globals, 8 P
gc 4628 @46.769s 2%: 0.10+0.50+0.099 ms clock, 0.80+0.68/0.60/0+0.79 ms cpu, 3->3->1 MB, 4 MB goal, 0 MB stacks, 0 MB globals, 8 P
gc 4629 @46.772s 2%: 0.061+0.47+0.10 ms clock, 0.49+0.70/0.62/0+0.81 ms cpu, 3->3->1 MB, 4 MB goal, 0 MB stacks, 0 MB globals, 8 P
gc 4630 @46.775s 2%: 0.089+0.49+0.052 ms clock, 0.71+0.77/0.51/0+0.41 ms cpu, 3->3->1 MB, 4 MB goal, 0 MB stacks, 0 MB globals, 8 P
gc 4631 @46.778s 2%: 0.060+0.71+0.083 ms clock, 0.48+0.58/0.62/0+0.66 ms cpu, 3->3->1 MB, 4 MB goal, 0 MB stacks, 0 MB globals, 8 P
gc 4632 @46.781s 2%: 0.11+0.97+0.098 ms clock, 0.92+0.73/0.63/0+0.78 ms cpu, 3->4->1 MB, 4 MB goal, 0 MB stacks, 0 MB globals, 8 P
gc 4633 @46.784s 2%: 0.082+0.85+0.063 ms clock, 0.66+0.66/0.67/0+0.50 ms cpu, 3->3->1 MB, 4 MB goal, 0 MB stacks, 0 MB globals, 8 P
gc 4634 @46.786s 2%: 0.11+0.44+0.11 ms clock, 0.88+0.64/0.68/0+0.90 ms cpu, 3->3->1 MB, 4 MB goal, 0 MB stacks, 0 MB globals, 8 P
gc 4635 @46.789s 2%: 0.094+0.53+0.098 ms clock, 0.75+0.67/0.60/0+0.78 ms cpu, 3->3->1 MB, 4 MB goal, 0 MB stacks, 0 MB globals, 8 P
gc 4636 @46.792s 2%: 0.034+0.50+0.077 ms clock, 0.27+0.60/0.66/0+0.62 ms cpu, 3->3->1 MB, 4 MB goal, 0 MB stacks, 0 MB globals, 8 P
gc 4637 @46.795s 2%: 0.12+0.44+0.083 ms clock, 1.0+0.65/0.63/0+0.67 ms cpu, 3->3->1 MB, 4 MB goal, 0 MB stacks, 0 MB globals, 8 P
gc 4638 @46.797s 2%: 0.11+0.54+0.088 ms clock, 0.88+0.60/0.58/0+0.70 ms cpu, 3->3->1 MB, 4 MB goal, 0 MB stacks, 0 MB globals, 8 P
gc 4639 @46.800s 2%: 0.068+0.66+0.11 ms clock, 0.55+0.71/0.59/0+0.95 ms cpu, 3->3->1 MB, 4 MB goal, 0 MB stacks, 0 MB globals, 8 P
gc 4640 @46.803s 2%: 0.10+0.50+0.052 ms clock, 0.80+0.61/0.59/0+0.42 ms cpu, 3->3->1 MB, 4 MB goal, 0 MB stacks, 0 MB globals, 8 P
gc 4641 @46.806s 2%: 0.098+0.44+0.046 ms clock, 0.78+0.69/0.58/0+0.37 ms cpu, 3->3->1 MB, 4 MB goal, 0 MB stacks, 0 MB globals, 8 P
gc 4642 @46.808s 2%: 0.084+0.59+0.097 ms clock, 0.67+0.72/0.62/0+0.77 ms cpu, 3->3->1 MB, 4 MB goal, 0 MB stacks, 0 MB globals, 8 P
gc 4643 @46.811s 2%: 0.099+0.57+0.080 ms clock, 0.79+0.69/0.52/0+0.64 ms cpu, 3->3->1 MB, 4 MB goal, 0 MB stacks, 0 MB globals, 8 P
gc 4644 @46.814s 2%: 0.055+0.45+0.10 ms clock, 0.44+0.61/0.58/0+0.87 ms cpu, 3->3->1 MB, 4 MB goal, 0 MB stacks, 0 MB globals, 8 P
gc 4645 @46.817s 2%: 0.074+0.39+0.078 ms clock, 0.59+0.76/0.48/0+0.62 ms cpu, 3->3->1 MB, 4 MB goal, 0 MB stacks, 0 MB globals, 8 P
gc 4646 @46.820s 2%: 0.084+0.58+0.090 ms clock, 0.67+0.63/0.62/0+0.72 ms cpu, 3->3->1 MB, 4 MB goal, 0 MB stacks, 0 MB globals, 8 P
gc 4647 @46.822s 2%: 0.11+0.42+0.045 ms clock, 0.88+0.69/0.54/0+0.36 ms cpu, 3->3->1 MB, 4 MB goal, 0 MB stacks, 0 MB globals, 8 P
gc 4648 @46.825s 2%: 0.073+0.64+0.067 ms clock, 0.58+0.69/0.67/0+0.53 ms cpu, 3->3->1 MB, 4 MB goal, 0 MB stacks, 0 MB globals, 8 P
gc 4649 @46.828s 2%: 0.088+0.94+0.085 ms clock, 0.71+0.62/0.68/0+0.68 ms cpu, 3->3->1 MB, 4 MB goal, 0 MB stacks, 0 MB globals, 8 P
gc 4650 @46.831s 2%: 0.10+0.48+0.060 ms clock, 0.87+0.60/0.56/0+0.48 ms cpu, 3->3->1 MB, 4 MB goal, 0 MB stacks, 0 MB globals, 8 P
gc 4651 @46.834s 2%: 0.097+0.92+0.020 ms clock, 0.77+0.79/0.53/0+0.16 ms cpu, 3->3->1 MB, 4 MB goal, 0 MB stacks, 0 MB globals, 8 P
gc 4652 @46.837s 2%: 0.096+0.44+0.076 ms clock, 0.76+0.64/0.58/0+0.61 ms cpu, 3->3->1 MB, 4 MB goal, 0 MB stacks, 0 MB globals, 8 P
gc 4653 @46.839s 2%: 0.073+0.65+0.086 ms clock, 0.58+0.63/0.62/0+0.69 ms cpu, 3->3->1 MB, 4 MB goal, 0 MB stacks, 0 MB globals, 8 P
gc 4654 @46.842s 2%: 0.11+0.43+0.099 ms clock, 0.88+0.72/0.53/0+0.79 ms cpu, 3->3->1 MB, 4 MB goal, 0 MB stacks, 0 MB globals, 8 P
gc 4655 @46.845s 2%: 0.12+0.58+0.066 ms clock, 0.99+0.70/0.57/0+0.52 ms cpu, 3->3->1 MB, 4 MB goal, 0 MB stacks, 0 MB globals, 8 P
gc 4656 @46.848s 2%: 0.098+0.50+0.094 ms clock, 0.79+0.68/0.59/0+0.75 ms cpu, 3->3->1 MB, 4 MB goal, 0 MB stacks, 0 MB globals, 8 P
gc 4657 @46.850s 2%: 0.13+0.58+0.057 ms clock, 1.0+0.57/0.69/0+0.46 ms cpu, 3->3->1 MB, 4 MB goal, 0 MB stacks, 0 MB globals, 8 P
gc 4658 @46.853s 2%: 0.10+0.50+0.11 ms clock, 0.80+0.64/0.61/0+0.92 ms cpu, 3->3->1 MB, 4 MB goal, 0 MB stacks, 0 MB globals, 8 P
gc 4659 @46.856s 2%: 0.082+0.77+0.14 ms clock, 0.65+0.66/0.66/0+1.1 ms cpu, 3->3->1 MB, 4 MB goal, 0 MB stacks, 0 MB globals, 8 P
gc 4660 @46.859s 2%: 0.075+0.48+0.10 ms clock, 0.60+0.65/0.58/0+0.85 ms cpu, 3->3->1 MB, 4 MB goal, 0 MB stacks, 0 MB globals, 8 P
gc 4661 @46.862s 2%: 0.10+0.56+0.076 ms clock, 0.82+0.64/0.59/0+0.61 ms cpu, 3->3->1 MB, 4 MB goal, 0 MB stacks, 0 MB globals, 8 P
gc 4662 @46.864s 2%: 0.11+0.54+0.072 ms clock, 0.91+0.72/0.57/0+0.58 ms cpu, 3->3->1 MB, 4 MB goal, 0 MB stacks, 0 MB globals, 8 P
gc 4663 @46.867s 2%: 0.096+0.61+0.091 ms clock, 0.76+0.64/0.61/0+0.72 ms cpu, 3->3->1 MB, 4 MB goal, 0 MB stacks, 0 MB globals, 8 P
gc 4664 @46.870s 2%: 0.11+1.0+0.10 ms clock, 0.94+0.52/0.67/0+0.82 ms cpu, 3->3->1 MB, 4 MB goal, 0 MB stacks, 0 MB globals, 8 P
gc 4665 @46.873s 2%: 0.11+0.46+0.092 ms clock, 0.92+0.63/0.55/0+0.74 ms cpu, 3->3->1 MB, 4 MB goal, 0 MB stacks, 0 MB globals, 8 P
gc 4666 @46.875s 2%: 0.065+0.53+0.10 ms clock, 0.52+0.61/0.58/0+0.83 ms cpu, 3->3->1 MB, 4 MB goal, 0 MB stacks, 0 MB globals, 8 P
gc 4667 @46.878s 2%: 0.13+0.38+0.10 ms clock, 1.0+0.76/0.53/0+0.81 ms cpu, 3->3->1 MB, 4 MB goal, 0 MB stacks, 0 MB globals, 8 P
gc 4668 @46.881s 2%: 0.11+0.53+0.097 ms clock, 0.89+0.52/0.64/0+0.77 ms cpu, 3->3->1 MB, 4 MB goal, 0 MB stacks, 0 MB globals, 8 P
gc 4669 @46.884s 2%: 0.11+0.87+0.076 ms clock, 0.94+0.64/0.56/0+0.61 ms cpu, 3->3->1 MB, 4 MB goal, 0 MB stacks, 0 MB globals, 8 P
gc 4670 @46.887s 2%: 0.11+0.49+0.099 ms clock, 0.90+0.64/0.57/0+0.79 ms cpu, 3->3->1 MB, 4 MB goal, 0 MB stacks, 0 MB globals, 8 P
gc 4671 @46.889s 2%: 0.097+0.98+0.071 ms clock, 0.77+0.73/0.67/0+0.57 ms cpu, 3->3->1 MB, 4 MB goal, 0 MB stacks, 0 MB globals, 8 P
gc 4672 @46.892s 2%: 0.13+0.54+0.10 ms clock, 1.0+0.64/0.56/0+0.81 ms cpu, 3->3->1 MB, 4 MB goal, 0 MB stacks, 0 MB globals, 8 P
gc 4673 @46.895s 2%: 0.056+0.42+0.061 ms clock, 0.44+0.74/0.60/0+0.48 ms cpu, 3->3->1 MB, 4 MB goal, 0 MB stacks, 0 MB globals, 8 P
gc 4674 @46.898s 2%: 0.076+0.43+0.051 ms clock, 0.61+0.63/0.60/0+0.41 ms cpu, 3->3->1 MB, 4 MB goal, 0 MB stacks, 0 MB globals, 8 P
gc 4675 @46.900s 2%: 0.091+0.49+0.10 ms clock, 0.73+0.71/0.62/0+0.87 ms cpu, 3->3->1 MB, 4 MB goal, 0 MB stacks, 0 MB globals, 8 P
gc 4676 @46.903s 2%: 0.083+0.54+0.11 ms clock, 0.66+0.75/0.56/0+0.92 ms cpu, 3->3->1 MB, 4 MB goal, 0 MB stacks, 0 MB globals, 8 P
gc 4677 @46.906s 2%: 0.053+0.75+0.13 ms clock, 0.42+0.75/0.51/0+1.1 ms cpu, 3->3->1 MB, 4 MB goal, 0 MB stacks, 0 MB globals, 8 P
gc 4678 @46.909s 2%: 0.098+0.51+0.10 ms clock, 0.78+0.60/0.52/0+0.81 ms cpu, 3->3->1 MB, 4 MB goal, 0 MB stacks, 0 MB globals, 8 P
gc 4679 @46.911s 2%: 0.070+0.63+0.098 ms clock, 0.56+0.67/0.68/0+0.78 ms cpu, 3->3->1 MB, 4 MB goal, 0 MB stacks, 0 MB globals, 8 P
gc 4680 @46.914s 2%: 0.096+0.49+0.055 ms clock, 0.77+0.69/0.58/0+0.44 ms cpu, 3->3->1 MB, 4 MB goal, 0 MB stacks, 0 MB globals, 8 P
gc 4681 @46.917s 2%: 0.11+0.38+0.059 ms clock, 0.91+0.57/0.54/0+0.47 ms cpu, 3->3->1 MB, 4 MB goal, 0 MB stacks, 0 MB globals, 8 P
gc 4682 @46.920s 2%: 0.070+0.52+0.049 ms clock, 0.56+0.61/0.60/0+0.39 ms cpu, 3->3->1 MB, 4 MB goal, 0 MB stacks, 0 MB globals, 8 P
gc 4683 @46.922s 2%: 0.076+0.56+0.087 ms clock, 0.61+0.71/0.54/0+0.70 ms cpu, 3->3->1 MB, 4 MB goal, 0 MB stacks, 0 MB globals, 8 P
gc 4684 @46.925s 2%: 0.061+0.80+0.083 ms clock, 0.49+0.62/0.77/0+0.66 ms cpu, 3->3->1 MB, 4 MB goal, 0 MB stacks, 0 MB globals, 8 P
gc 4685 @46.928s 2%: 0.11+0.44+0.099 ms clock, 0.91+0.79/0.57/0+0.79 ms cpu, 3->3->1 MB, 4 MB goal, 0 MB stacks, 0 MB globals, 8 P
gc 4686 @46.931s 2%: 0.13+0.68+0.10 ms clock, 1.0+0.70/0.61/0+0.86 ms cpu, 3->3->1 MB, 4 MB goal, 0 MB stacks, 0 MB globals, 8 P
gc 4687 @46.934s 2%: 0.087+0.65+0.081 ms clock, 0.70+0.73/0.60/0+0.65 ms cpu, 3->3->1 MB, 4 MB goal, 0 MB stacks, 0 MB globals, 8 P
gc 4688 @46.936s 2%: 0.092+0.51+0.12 ms clock, 0.73+0.71/0.56/0+0.99 ms cpu, 3->3->1 MB, 4 MB goal, 0 MB stacks, 0 MB globals, 8 P
gc 4689 @46.939s 2%: 0.081+0.65+0.066 ms clock, 0.65+0.66/0.70/0+0.53 ms cpu, 3->3->1 MB, 4 MB goal, 0 MB stacks, 0 MB globals, 8 P
gc 4690 @46.942s 2%: 0.11+0.50+0.10 ms clock, 0.94+0.60/0.73/0+0.84 ms cpu, 3->3->1 MB, 4 MB goal, 0 MB stacks, 0 MB globals, 8 P
gc 4691 @46.945s 2%: 0.12+0.89+0.10 ms clock, 0.98+0.57/0.60/0+0.84 ms cpu, 3->3->1 MB, 4 MB goal, 0 MB stacks, 0 MB globals, 8 P
gc 4692 @46.948s 2%: 0.050+0.40+0.067 ms clock, 0.40+0.76/0.50/0+0.54 ms cpu, 3->3->1 MB, 4 MB goal, 0 MB stacks, 0 MB globals, 8 P
gc 4693 @46.950s 2%: 0.11+0.55+0.057 ms clock, 0.94+0.73/0.63/0+0.45 ms cpu, 3->3->1 MB, 4 MB goal, 0 MB stacks, 0 MB globals, 8 P
gc 4694 @46.953s 2%: 0.10+0.95+0.090 ms clock, 0.83+0.66/0.73/0+0.72 ms cpu, 3->3->1 MB, 4 MB goal, 0 MB stacks, 0 MB globals, 8 P
gc 4695 @46.956s 2%: 0.11+0.91+0.089 ms clock, 0.95+0.65/0.62/0+0.71 ms cpu, 3->3->1 MB, 4 MB goal, 0 MB stacks, 0 MB globals, 8 P
gc 4696 @46.959s 2%: 0.11+0.60+0.11 ms clock, 0.95+0.56/0.69/0+0.95 ms cpu, 3->3->1 MB, 4 MB goal, 0 MB stacks, 0 MB globals, 8 P
gc 4697 @46.962s 2%: 0.11+0.52+0.092 ms clock, 0.93+0.67/0.61/0+0.74 ms cpu, 3->3->1 MB, 4 MB goal, 0 MB stacks, 0 MB globals, 8 P
gc 4698 @46.965s 2%: 0.075+0.83+0.083 ms clock, 0.60+0.71/0.56/0+0.67 ms cpu, 3->3->1 MB, 4 MB goal, 0 MB stacks, 0 MB globals, 8 P
gc 4699 @46.967s 2%: 0.13+0.51+0.041 ms clock, 1.0+0.67/0.70/0+0.33 ms cpu, 3->3->1 MB, 4 MB goal, 0 MB stacks, 0 MB globals, 8 P
gc 4700 @46.970s 2%: 0.14+0.87+0.071 ms clock, 1.1+0.59/0.58/0+0.57 ms cpu, 3->3->1 MB, 4 MB goal, 0 MB stacks, 0 MB globals, 8 P
gc 4701 @46.973s 2%: 0.11+0.47+0.069 ms clock, 0.92+0.68/0.51/0+0.55 ms cpu, 3->3->1 MB, 4 MB goal, 0 MB stacks, 0 MB globals, 8 P
gc 4702 @46.976s 2%: 0.066+0.48+0.091 ms clock, 0.53+0.61/0.63/0+0.73 ms cpu, 3->3->1 MB, 4 MB goal, 0 MB stacks, 0 MB globals, 8 P
gc 4703 @46.979s 2%: 0.10+0.45+0.085 ms clock, 0.81+0.74/0.59/0+0.68 ms cpu, 3->3->1 MB, 4 MB goal, 0 MB stacks, 0 MB globals, 8 P
gc 4704 @46.981s 2%: 0.11+0.46+0.095 ms clock, 0.90+0.74/0.62/0+0.76 ms cpu, 3->3->1 MB, 4 MB goal, 0 MB stacks, 0 MB globals, 8 P
gc 4705 @46.984s 2%: 0.12+0.52+0.098 ms clock, 1.0+0.62/0.59/0+0.78 ms cpu, 3->3->1 MB, 4 MB goal, 0 MB stacks, 0 MB globals, 8 P
gc 4706 @46.987s 2%: 0.13+0.54+0.098 ms clock, 1.0+0.52/0.64/0+0.78 ms cpu, 3->3->1 MB, 4 MB goal, 0 MB stacks, 0 MB globals, 8 P
gc 4707 @46.989s 2%: 0.083+0.51+0.10 ms clock, 0.66+0.68/0.61/0+0.82 ms cpu, 3->3->1 MB, 4 MB goal, 0 MB stacks, 0 MB globals, 8 P
gc 4708 @46.992s 2%: 0.042+0.45+0.10 ms clock, 0.33+0.63/0.59/0+0.83 ms cpu, 3->3->1 MB, 4 MB goal, 0 MB stacks, 0 MB globals, 8 P
gc 4709 @46.995s 2%: 0.083+0.52+0.082 ms clock, 0.66+0.66/0.65/0+0.65 ms cpu, 3->3->1 MB, 4 MB goal, 0 MB stacks, 0 MB globals, 8 P
gc 4710 @46.998s 2%: 0.069+0.54+0.045 ms clock, 0.55+0.51/0.60/0+0.36 ms cpu, 3->3->1 MB, 4 MB goal, 0 MB stacks, 0 MB globals, 8 P
gc 4711 @47.001s 2%: 0.13+0.52+0.10 ms clock, 1.1+0.59/0.71/0+0.85 ms cpu, 3->3->1 MB, 4 MB goal, 0 MB stacks, 0 MB globals, 8 P
gc 4712 @47.003s 2%: 0.097+0.55+0.11 ms clock, 0.78+0.66/0.59/0+0.89 ms cpu, 3->3->1 MB, 4 MB goal, 0 MB stacks, 0 MB globals, 8 P
gc 4713 @47.006s 2%: 0.060+1.0+0.043 ms clock, 0.48+0.70/0.61/0+0.34 ms cpu, 3->3->1 MB, 4 MB goal, 0 MB stacks, 0 MB globals, 8 P
gc 4714 @47.009s 2%: 0.11+0.47+0.12 ms clock, 0.94+0.65/0.61/0+0.97 ms cpu, 3->3->1 MB, 4 MB goal, 0 MB stacks, 0 MB globals, 8 P
gc 4715 @47.012s 2%: 0.12+0.72+0.048 ms clock, 0.99+0.74/0.66/0+0.38 ms cpu, 3->3->1 MB, 4 MB goal, 0 MB stacks, 0 MB globals, 8 P
gc 4716 @47.015s 2%: 0.10+0.50+0.074 ms clock, 0.85+0.80/0.55/0+0.59 ms cpu, 3->3->1 MB, 4 MB goal, 0 MB stacks, 0 MB globals, 8 P
gc 4717 @47.017s 2%: 0.10+0.50+0.043 ms clock, 0.86+0.70/0.68/0+0.35 ms cpu, 3->3->1 MB, 4 MB goal, 0 MB stacks, 0 MB globals, 8 P
gc 4718 @47.020s 2%: 0.10+0.57+0.099 ms clock, 0.84+0.64/0.68/0+0.79 ms cpu, 3->3->1 MB, 4 MB goal, 0 MB stacks, 0 MB globals, 8 P
gc 4719 @47.023s 2%: 0.11+0.87+0.093 ms clock, 0.94+0.59/0.70/0+0.75 ms cpu, 3->3->1 MB, 4 MB goal, 0 MB stacks, 0 MB globals, 8 P
gc 4720 @47.026s 2%: 0.13+0.72+0.088 ms clock, 1.0+0.56/0.59/0+0.70 ms cpu, 3->3->1 MB, 4 MB goal, 0 MB stacks, 0 MB globals, 8 P
gc 4721 @47.029s 2%: 0.10+0.50+0.099 ms clock, 0.84+0.67/0.64/0+0.79 ms cpu, 3->3->1 MB, 4 MB goal, 0 MB stacks, 0 MB globals, 8 P
gc 4722 @47.031s 2%: 0.11+0.57+0.063 ms clock, 0.94+0.64/0.65/0+0.50 ms cpu, 3->3->1 MB, 4 MB goal, 0 MB stacks, 0 MB globals, 8 P
gc 4723 @47.034s 2%: 0.10+0.59+0.11 ms clock, 0.83+0.56/0.66/0+0.88 ms cpu, 3->3->1 MB, 4 MB goal, 0 MB stacks, 0 MB globals, 8 P
gc 4724 @47.037s 2%: 0.10+0.56+0.068 ms clock, 0.81+0.63/0.58/0+0.54 ms cpu, 3->3->1 MB, 4 MB goal, 0 MB stacks, 0 MB globals, 8 P
gc 4725 @47.040s 2%: 0.090+0.49+0.088 ms clock, 0.72+0.62/0.60/0+0.70 ms cpu, 3->3->1 MB, 4 MB goal, 0 MB stacks, 0 MB globals, 8 P
gc 4726 @47.043s 2%: 0.088+0.80+0.066 ms clock, 0.70+0.44/0.58/0+0.52 ms cpu, 3->3->1 MB, 4 MB goal, 0 MB stacks, 0 MB globals, 8 P
gc 4727 @47.045s 2%: 0.054+0.52+0.10 ms clock, 0.43+0.75/0.62/0+0.81 ms cpu, 3->3->1 MB, 4 MB goal, 0 MB stacks, 0 MB globals, 8 P
gc 4728 @47.048s 2%: 0.092+1.0+0.057 ms clock, 0.74+0.68/0.70/0+0.46 ms cpu, 3->4->1 MB, 4 MB goal, 0 MB stacks, 0 MB globals, 8 P
gc 4729 @47.051s 2%: 0.10+0.74+0.11 ms clock, 0.85+0.71/0.69/0+0.94 ms cpu, 3->3->1 MB, 4 MB goal, 0 MB stacks, 0 MB globals, 8 P
gc 4730 @47.054s 2%: 0.12+0.46+0.053 ms clock, 0.97+0.65/0.55/0+0.42 ms cpu, 3->3->1 MB, 4 MB goal, 0 MB stacks, 0 MB globals, 8 P
gc 4731 @47.057s 2%: 0.098+0.58+0.14 ms clock, 0.78+0.59/0.57/0+1.1 ms cpu, 3->3->1 MB, 4 MB goal, 0 MB stacks, 0 MB globals, 8 P
gc 4732 @47.060s 2%: 0.10+0.50+0.078 ms clock, 0.84+0.66/0.59/0+0.62 ms cpu, 3->3->1 MB, 4 MB goal, 0 MB stacks, 0 MB globals, 8 P
gc 4733 @47.062s 2%: 0.13+0.48+0.079 ms clock, 1.0+0.64/0.61/0+0.63 ms cpu, 3->3->1 MB, 4 MB goal, 0 MB stacks, 0 MB globals, 8 P
gc 4734 @47.065s 2%: 0.12+0.49+0.060 ms clock, 0.96+0.61/0.62/0+0.48 ms cpu, 3->3->1 MB, 4 MB goal, 0 MB stacks, 0 MB globals, 8 P
gc 4735 @47.068s 2%: 0.13+0.43+0.054 ms clock, 1.0+0.68/0.63/0+0.43 ms cpu, 3->3->1 MB, 4 MB goal, 0 MB stacks, 0 MB globals, 8 P
gc 4736 @47.071s 2%: 0.11+0.46+0.095 ms clock, 0.88+0.71/0.54/0+0.76 ms cpu, 3->3->1 MB, 4 MB goal, 0 MB stacks, 0 MB globals, 8 P
gc 4737 @47.073s 2%: 0.088+0.44+0.043 ms clock, 0.70+0.61/0.66/0+0.35 ms cpu, 3->3->1 MB, 4 MB goal, 0 MB stacks, 0 MB globals, 8 P
gc 4738 @47.076s 2%: 0.086+0.53+0.084 ms clock, 0.69+0.69/0.61/0+0.67 ms cpu, 3->3->1 MB, 4 MB goal, 0 MB stacks, 0 MB globals, 8 P
gc 4739 @47.079s 2%: 0.088+0.60+0.090 ms clock, 0.70+0.61/0.70/0+0.72 ms cpu, 3->3->1 MB, 4 MB goal, 0 MB stacks, 0 MB globals, 8 P
gc 4740 @47.082s 2%: 0.097+0.56+0.048 ms clock, 0.78+0.68/0.67/0+0.38 ms cpu, 3->3->1 MB, 4 MB goal, 0 MB stacks, 0 MB globals, 8 P
gc 4741 @47.084s 2%: 0.14+0.59+0.11 ms clock, 1.1+0.69/0.67/0+0.90 ms cpu, 3->3->1 MB, 4 MB goal, 0 MB stacks, 0 MB globals, 8 P
gc 4742 @47.087s 2%: 0.12+0.45+0.083 ms clock, 0.98+0.75/0.55/0+0.66 ms cpu, 3->3->1 MB, 4 MB goal, 0 MB stacks, 0 MB globals, 8 P
gc 4743 @47.090s 2%: 0.094+0.64+0.086 ms clock, 0.75+0.61/0.67/0+0.69 ms cpu, 3->3->1 MB, 4 MB goal, 0 MB stacks, 0 MB globals, 8 P
gc 4744 @47.093s 2%: 0.056+0.48+0.052 ms clock, 0.45+0.68/0.65/0+0.41 ms cpu, 3->3->1 MB, 4 MB goal, 0 MB stacks, 0 MB globals, 8 P
gc 4745 @47.096s 2%: 0.10+0.52+0.079 ms clock, 0.83+0.69/0.64/0+0.63 ms cpu, 3->3->1 MB, 4 MB goal, 0 MB stacks, 0 MB globals, 8 P
gc 4746 @47.098s 2%: 0.096+0.74+0.10 ms clock, 0.76+0.64/0.61/0+0.87 ms cpu, 3->3->1 MB, 4 MB goal, 0 MB stacks, 0 MB globals, 8 P
gc 4747 @47.101s 2%: 0.10+0.77+0.098 ms clock, 0.83+0.59/0.62/0.026+0.78 ms cpu, 3->3->1 MB, 4 MB goal, 0 MB stacks, 0 MB globals, 8 P
gc 4748 @47.104s 2%: 0.087+0.52+0.070 ms clock, 0.70+0.69/0.57/0+0.56 ms cpu, 3->3->1 MB, 4 MB goal, 0 MB stacks, 0 MB globals, 8 P
gc 4749 @47.107s 2%: 0.11+0.53+0.10 ms clock, 0.90+0.63/0.73/0+0.83 ms cpu, 3->3->1 MB, 4 MB goal, 0 MB stacks, 0 MB globals, 8 P
gc 4750 @47.110s 2%: 0.13+0.55+0.10 ms clock, 1.0+0.70/0.60/0+0.81 ms cpu, 3->3->1 MB, 4 MB goal, 0 MB stacks, 0 MB globals, 8 P
gc 4751 @47.112s 2%: 0.13+0.53+0.095 ms clock, 1.0+0.53/0.63/0+0.76 ms cpu, 3->3->1 MB, 4 MB goal, 0 MB stacks, 0 MB globals, 8 P
gc 4752 @47.115s 2%: 0.099+0.57+0.076 ms clock, 0.79+0.67/0.73/0+0.61 ms cpu, 3->3->1 MB, 4 MB goal, 0 MB stacks, 0 MB globals, 8 P
gc 4753 @47.118s 2%: 0.11+0.61+0.10 ms clock, 0.94+0.57/0.62/0+0.80 ms cpu, 3->3->1 MB, 4 MB goal, 0 MB stacks, 0 MB globals, 8 P
gc 4754 @47.121s 2%: 0.11+0.52+0.13 ms clock, 0.93+0.61/0.62/0+1.0 ms cpu, 3->3->1 MB, 4 MB goal, 0 MB stacks, 0 MB globals, 8 P
gc 4755 @47.123s 2%: 0.071+0.69+0.069 ms clock, 0.57+0.71/0.62/0+0.55 ms cpu, 3->3->1 MB, 4 MB goal, 0 MB stacks, 0 MB globals, 8 P
gc 4756 @47.126s 2%: 0.12+0.52+0.088 ms clock, 0.99+0.72/0.63/0+0.70 ms cpu, 3->3->1 MB, 4 MB goal, 0 MB stacks, 0 MB globals, 8 P
gc 4757 @47.129s 2%: 0.053+0.54+0.10 ms clock, 0.42+0.68/0.57/0+0.80 ms cpu, 3->3->1 MB, 4 MB goal, 0 MB stacks, 0 MB globals, 8 P
gc 4758 @47.132s 2%: 0.13+0.52+0.082 ms clock, 1.0+0.72/0.57/0+0.66 ms cpu, 3->3->1 MB, 4 MB goal, 0 MB stacks, 0 MB globals, 8 P
gc 4759 @47.135s 2%: 0.13+0.54+0.10 ms clock, 1.0+0.55/0.64/0+0.87 ms cpu, 3->3->1 MB, 4 MB goal, 0 MB stacks, 0 MB globals, 8 P
gc 4760 @47.137s 2%: 0.11+0.90+0.047 ms clock, 0.92+0.65/0.61/0+0.37 ms cpu, 3->3->1 MB, 4 MB goal, 0 MB stacks, 0 MB globals, 8 P
gc 4761 @47.140s 2%: 0.071+0.47+0.074 ms clock, 0.57+0.67/0.54/0+0.59 ms cpu, 3->3->1 MB, 4 MB goal, 0 MB stacks, 0 MB globals, 8 P
gc 4762 @47.143s 2%: 0.16+0.43+0.076 ms clock, 1.3+0.57/0.60/0+0.61 ms cpu, 3->3->1 MB, 4 MB goal, 0 MB stacks, 0 MB globals, 8 P
gc 4763 @47.146s 2%: 0.10+0.52+0.10 ms clock, 0.82+0.66/0.60/0+0.86 ms cpu, 3->3->1 MB, 4 MB goal, 0 MB stacks, 0 MB globals, 8 P
gc 4764 @47.149s 2%: 0.12+0.50+0.10 ms clock, 0.96+0.59/0.64/0+0.80 ms cpu, 3->3->1 MB, 4 MB goal, 0 MB stacks, 0 MB globals, 8 P
gc 4765 @47.151s 2%: 0.095+0.52+0.069 ms clock, 0.76+0.71/0.65/0+0.55 ms cpu, 3->3->1 MB, 4 MB goal, 0 MB stacks, 0 MB globals, 8 P
gc 4766 @47.154s 2%: 0.099+0.49+0.082 ms clock, 0.79+0.67/0.60/0+0.65 ms cpu, 3->3->1 MB, 4 MB goal, 0 MB stacks, 0 MB globals, 8 P
gc 4767 @47.157s 2%: 0.069+0.46+0.080 ms clock, 0.55+0.77/0.52/0+0.64 ms cpu, 3->3->1 MB, 4 MB goal, 0 MB stacks, 0 MB globals, 8 P
gc 4768 @47.160s 2%: 0.10+0.58+0.10 ms clock, 0.87+0.72/0.55/0+0.86 ms cpu, 3->3->1 MB, 4 MB goal, 0 MB stacks, 0 MB globals, 8 P
gc 4769 @47.162s 2%: 0.10+0.51+0.084 ms clock, 0.83+0.39/0.67/0+0.67 ms cpu, 3->3->1 MB, 4 MB goal, 0 MB stacks, 0 MB globals, 8 P
gc 4770 @47.165s 2%: 0.091+0.85+0.089 ms clock, 0.73+0.75/0.63/0+0.71 ms cpu, 3->3->1 MB, 4 MB goal, 0 MB stacks, 0 MB globals, 8 P
gc 4771 @47.168s 2%: 0.096+0.57+0.095 ms clock, 0.77+0.64/0.54/0+0.76 ms cpu, 3->3->1 MB, 4 MB goal, 0 MB stacks, 0 MB globals, 8 P
gc 4772 @47.171s 2%: 0.12+0.84+0.050 ms clock, 1.0+0.59/0.68/0+0.40 ms cpu, 3->3->1 MB, 4 MB goal, 0 MB stacks, 0 MB globals, 8 P
gc 4773 @47.174s 2%: 0.051+0.73+0.084 ms clock, 0.40+0.58/0.54/0+0.67 ms cpu, 3->3->1 MB, 4 MB goal, 0 MB stacks, 0 MB globals, 8 P
gc 4774 @47.177s 2%: 0.096+0.44+0.099 ms clock, 0.77+0.67/0.56/0+0.79 ms cpu, 3->3->1 MB, 4 MB goal, 0 MB stacks, 0 MB globals, 8 P
gc 4775 @47.179s 2%: 0.060+0.84+0.096 ms clock, 0.48+0.63/0.71/0+0.77 ms cpu, 3->3->1 MB, 4 MB goal, 0 MB stacks, 0 MB globals, 8 P
gc 4776 @47.182s 2%: 0.10+0.77+0.11 ms clock, 0.83+0.66/0.78/0+0.89 ms cpu, 3->3->1 MB, 4 MB goal, 0 MB stacks, 0 MB globals, 8 P
gc 4777 @47.185s 2%: 0.098+0.47+0.071 ms clock, 0.78+0.73/0.55/0+0.57 ms cpu, 3->3->1 MB, 4 MB goal, 0 MB stacks, 0 MB globals, 8 P
gc 4778 @47.188s 2%: 0.061+0.50+0.087 ms clock, 0.48+0.68/0.53/0+0.70 ms cpu, 3->3->1 MB, 4 MB goal, 0 MB stacks, 0 MB globals, 8 P
gc 4779 @47.190s 2%: 0.090+0.87+0.083 ms clock, 0.72+0.74/0.57/0+0.66 ms cpu, 3->3->1 MB, 4 MB goal, 0 MB stacks, 0 MB globals, 8 P
gc 4780 @47.193s 2%: 0.13+0.46+0.078 ms clock, 1.0+0.80/0.57/0+0.62 ms cpu, 3->3->1 MB, 4 MB goal, 0 MB stacks, 0 MB globals, 8 P
gc 4781 @47.196s 2%: 0.10+0.50+0.13 ms clock, 0.81+0.69/0.62/0+1.0 ms cpu, 3->3->1 MB, 4 MB goal, 0 MB stacks, 0 MB globals, 8 P
gc 4782 @47.199s 2%: 0.10+0.71+0.085 ms clock, 0.82+0.68/0.62/0+0.68 ms cpu, 3->3->1 MB, 4 MB goal, 0 MB stacks, 0 MB globals, 8 P
gc 4783 @47.202s 2%: 0.098+0.48+0.096 ms clock, 0.78+0.77/0.57/0+0.77 ms cpu, 3->3->1 MB, 4 MB goal, 0 MB stacks, 0 MB globals, 8 P
gc 4784 @47.204s 2%: 0.091+0.49+0.065 ms clock, 0.73+0.59/0.74/0+0.52 ms cpu, 3->3->1 MB, 4 MB goal, 0 MB stacks, 0 MB globals, 8 P
gc 4785 @47.207s 2%: 0.13+0.78+0.061 ms clock, 1.0+0.66/0.60/0+0.49 ms cpu, 3->3->1 MB, 4 MB goal, 0 MB stacks, 0 MB globals, 8 P
gc 4786 @47.210s 2%: 0.064+0.43+0.087 ms clock, 0.51+0.62/0.59/0+0.70 ms cpu, 3->3->1 MB, 4 MB goal, 0 MB stacks, 0 MB globals, 8 P
gc 4787 @47.213s 2%: 0.096+0.55+0.049 ms clock, 0.77+0.66/0.63/0+0.39 ms cpu, 3->3->1 MB, 4 MB goal, 0 MB stacks, 0 MB globals, 8 P
gc 4788 @47.215s 2%: 0.12+0.52+0.092 ms clock, 0.99+0.65/0.68/0+0.74 ms cpu, 3->3->1 MB, 4 MB goal, 0 MB stacks, 0 MB globals, 8 P
gc 4789 @47.218s 2%: 0.067+0.92+0.049 ms clock, 0.54+0.76/0.55/0+0.39 ms cpu, 3->3->1 MB, 4 MB goal, 0 MB stacks, 0 MB globals, 8 P
gc 4790 @47.221s 2%: 0.11+0.43+0.077 ms clock, 0.95+0.66/0.60/0+0.62 ms cpu, 3->3->1 MB, 4 MB goal, 0 MB stacks, 0 MB globals, 8 P
gc 4791 @47.224s 2%: 0.072+0.50+0.080 ms clock, 0.58+0.70/0.60/0+0.64 ms cpu, 3->3->1 MB, 4 MB goal, 0 MB stacks, 0 MB globals, 8 P
gc 4792 @47.227s 2%: 0.12+0.55+0.060 ms clock, 1.0+0.61/0.65/0+0.48 ms cpu, 3->3->1 MB, 4 MB goal, 0 MB stacks, 0 MB globals, 8 P
gc 4793 @47.229s 2%: 0.11+1.2+0.11 ms clock, 0.89+1.2/0.66/0+0.88 ms cpu, 3->4->1 MB, 4 MB goal, 0 MB stacks, 0 MB globals, 8 P
gc 4794 @47.233s 2%: 0.11+0.44+0.091 ms clock, 0.88+0.68/0.59/0+0.72 ms cpu, 3->3->1 MB, 4 MB goal, 0 MB stacks, 0 MB globals, 8 P
gc 4795 @47.235s 2%: 0.050+0.45+0.11 ms clock, 0.40+0.63/0.60/0+0.92 ms cpu, 3->3->1 MB, 4 MB goal, 0 MB stacks, 0 MB globals, 8 P
gc 4796 @47.238s 2%: 0.094+0.46+0.086 ms clock, 0.75+0.68/0.61/0+0.69 ms cpu, 3->3->1 MB, 4 MB goal, 0 MB stacks, 0 MB globals, 8 P
gc 4797 @47.241s 2%: 0.092+0.45+0.057 ms clock, 0.73+0.56/0.62/0+0.45 ms cpu, 3->3->1 MB, 4 MB goal, 0 MB stacks, 0 MB globals, 8 P
gc 4798 @47.244s 2%: 0.079+0.53+0.069 ms clock, 0.63+0.64/0.66/0+0.55 ms cpu, 3->3->1 MB, 4 MB goal, 0 MB stacks, 0 MB globals, 8 P
gc 4799 @47.246s 2%: 0.099+0.47+0.10 ms clock, 0.79+0.72/0.53/0+0.83 ms cpu, 3->3->1 MB, 4 MB goal, 0 MB stacks, 0 MB globals, 8 P
gc 4800 @47.249s 2%: 0.12+0.64+0.083 ms clock, 1.0+0.65/0.63/0+0.67 ms cpu, 3->3->1 MB, 4 MB goal, 0 MB stacks, 0 MB globals, 8 P
gc 4801 @47.252s 2%: 0.12+0.49+0.080 ms clock, 1.0+0.68/0.57/0+0.64 ms cpu, 3->3->1 MB, 4 MB goal, 0 MB stacks, 0 MB globals, 8 P
gc 4802 @47.255s 2%: 0.087+0.59+0.091 ms clock, 0.69+0.62/0.63/0+0.73 ms cpu, 3->3->1 MB, 4 MB goal, 0 MB stacks, 0 MB globals, 8 P
gc 4803 @47.257s 2%: 0.064+0.54+0.11 ms clock, 0.51+0.70/0.59/0+0.93 ms cpu, 3->3->1 MB, 4 MB goal, 0 MB stacks, 0 MB globals, 8 P
gc 4804 @47.260s 2%: 0.096+0.66+0.11 ms clock, 0.76+0.50/0.76/0+0.88 ms cpu, 3->3->1 MB, 4 MB goal, 0 MB stacks, 0 MB globals, 8 P
gc 4805 @47.263s 2%: 0.091+0.48+0.075 ms clock, 0.73+0.66/0.55/0+0.60 ms cpu, 3->3->1 MB, 4 MB goal, 0 MB stacks, 0 MB globals, 8 P
gc 4806 @47.266s 2%: 0.089+0.46+0.086 ms clock, 0.71+0.67/0.64/0+0.69 ms cpu, 3->3->1 MB, 4 MB goal, 0 MB stacks, 0 MB globals, 8 P
gc 4807 @47.268s 2%: 0.15+0.49+0.11 ms clock, 1.2+0.70/0.63/0+0.90 ms cpu, 3->3->1 MB, 4 MB goal, 0 MB stacks, 0 MB globals, 8 P
gc 4808 @47.271s 2%: 0.10+0.68+0.11 ms clock, 0.80+0.65/0.55/0+0.94 ms cpu, 3->3->1 MB, 4 MB goal, 0 MB stacks, 0 MB globals, 8 P
gc 4809 @47.274s 2%: 0.063+0.63+0.091 ms clock, 0.50+0.53/0.74/0+0.72 ms cpu, 3->3->1 MB, 4 MB goal, 0 MB stacks, 0 MB globals, 8 P
gc 4810 @47.277s 2%: 0.11+0.74+0.046 ms clock, 0.94+0.66/0.64/0+0.37 ms cpu, 3->3->1 MB, 4 MB goal, 0 MB stacks, 0 MB globals, 8 P
gc 4811 @47.280s 2%: 0.11+0.51+0.067 ms clock, 0.91+0.67/0.59/0+0.53 ms cpu, 3->3->1 MB, 4 MB goal, 0 MB stacks, 0 MB globals, 8 P
gc 4812 @47.282s 2%: 0.14+0.67+0.097 ms clock, 1.1+0.57/0.61/0+0.77 ms cpu, 3->3->1 MB, 4 MB goal, 0 MB stacks, 0 MB globals, 8 P
gc 4813 @47.285s 2%: 0.071+0.72+0.12 ms clock, 0.57+0.61/0.65/0+1.0 ms cpu, 3->3->1 MB, 4 MB goal, 0 MB stacks, 0 MB globals, 8 P
gc 4814 @47.288s 2%: 0.12+0.48+0.057 ms clock, 1.0+0.65/0.56/0+0.46 ms cpu, 3->3->1 MB, 4 MB goal, 0 MB stacks, 0 MB globals, 8 P
gc 4815 @47.291s 2%: 0.093+0.62+0.081 ms clock, 0.75+0.59/0.64/0+0.64 ms cpu, 3->3->1 MB, 4 MB goal, 0 MB stacks, 0 MB globals, 8 P
gc 4816 @47.294s 2%: 0.11+0.60+0.072 ms clock, 0.91+0.62/0.66/0+0.58 ms cpu, 3->3->1 MB, 4 MB goal, 0 MB stacks, 0 MB globals, 8 P
gc 4817 @47.296s 2%: 0.10+0.51+0.082 ms clock, 0.83+0.65/0.64/0+0.66 ms cpu, 3->3->1 MB, 4 MB goal, 0 MB stacks, 0 MB globals, 8 P
gc 4818 @47.299s 2%: 0.069+0.47+0.096 ms clock, 0.55+0.62/0.62/0+0.76 ms cpu, 3->3->1 MB, 4 MB goal, 0 MB stacks, 0 MB globals, 8 P
gc 4819 @47.302s 2%: 0.11+0.92+0.099 ms clock, 0.93+0.58/0.66/0+0.79 ms cpu, 3->3->1 MB, 4 MB goal, 0 MB stacks, 0 MB globals, 8 P
gc 4820 @47.305s 2%: 0.086+0.46+0.061 ms clock, 0.69+0.67/0.56/0+0.48 ms cpu, 3->3->1 MB, 4 MB goal, 0 MB stacks, 0 MB globals, 8 P
gc 4821 @47.308s 2%: 0.099+0.52+0.073 ms clock, 0.79+0.70/0.61/0+0.58 ms cpu, 3->3->1 MB, 4 MB goal, 0 MB stacks, 0 MB globals, 8 P
gc 4822 @47.310s 2%: 0.095+0.76+0.10 ms clock, 0.76+0.59/0.66/0+0.82 ms cpu, 3->3->1 MB, 4 MB goal, 0 MB stacks, 0 MB globals, 8 P
gc 4823 @47.313s 2%: 0.097+0.52+0.059 ms clock, 0.78+0.61/0.68/0+0.47 ms cpu, 3->3->1 MB, 4 MB goal, 0 MB stacks, 0 MB globals, 8 P
gc 4824 @47.316s 2%: 0.10+0.48+0.096 ms clock, 0.84+0.63/0.56/0+0.77 ms cpu, 3->3->1 MB, 4 MB goal, 0 MB stacks, 0 MB globals, 8 P
gc 4825 @47.319s 2%: 0.10+0.50+0.084 ms clock, 0.81+0.73/0.59/0+0.67 ms cpu, 3->3->1 MB, 4 MB goal, 0 MB stacks, 0 MB globals, 8 P
gc 4826 @47.321s 2%: 0.097+0.61+0.070 ms clock, 0.78+0.51/0.60/0+0.56 ms cpu, 3->3->1 MB, 4 MB goal, 0 MB stacks, 0 MB globals, 8 P
gc 4827 @47.324s 2%: 0.067+1.0+0.058 ms clock, 0.54+0.61/0.66/0+0.46 ms cpu, 3->3->1 MB, 4 MB goal, 0 MB stacks, 0 MB globals, 8 P
gc 4828 @47.327s 2%: 0.090+0.47+0.099 ms clock, 0.72+0.65/0.60/0+0.79 ms cpu, 3->3->1 MB, 4 MB goal, 0 MB stacks, 0 MB globals, 8 P
gc 4829 @47.330s 2%: 0.096+0.44+0.077 ms clock, 0.76+0.63/0.58/0+0.61 ms cpu, 3->3->1 MB, 4 MB goal, 0 MB stacks, 0 MB globals, 8 P
gc 4830 @47.333s 2%: 0.094+0.56+0.090 ms clock, 0.75+0.67/0.66/0+0.72 ms cpu, 3->3->1 MB, 4 MB goal, 0 MB stacks, 0 MB globals, 8 P
gc 4831 @47.335s 2%: 0.11+0.45+0.10 ms clock, 0.89+0.79/0.52/0+0.85 ms cpu, 3->3->1 MB, 4 MB goal, 0 MB stacks, 0 MB globals, 8 P
gc 4832 @47.338s 2%: 0.072+0.90+0.093 ms clock, 0.58+0.73/0.64/0+0.74 ms cpu, 3->3->1 MB, 4 MB goal, 0 MB stacks, 0 MB globals, 8 P
gc 4833 @47.341s 2%: 0.11+0.69+0.067 ms clock, 0.94+0.61/0.60/0+0.54 ms cpu, 3->3->1 MB, 4 MB goal, 0 MB stacks, 0 MB globals, 8 P
gc 4834 @47.344s 2%: 0.098+0.80+0.084 ms clock, 0.78+0.62/0.70/0+0.67 ms cpu, 3->3->1 MB, 4 MB goal, 0 MB stacks, 0 MB globals, 8 P
gc 4835 @47.347s 2%: 0.080+0.47+0.096 ms clock, 0.64+0.55/0.60/0+0.77 ms cpu, 3->3->1 MB, 4 MB goal, 0 MB stacks, 0 MB globals, 8 P
gc 4836 @47.350s 2%: 0.13+0.42+0.088 ms clock, 1.0+0.61/0.66/0+0.70 ms cpu, 3->3->1 MB, 4 MB goal, 0 MB stacks, 0 MB globals, 8 P
gc 4837 @47.352s 2%: 0.13+0.55+0.099 ms clock, 1.0+0.56/0.63/0+0.79 ms cpu, 3->3->1 MB, 4 MB goal, 0 MB stacks, 0 MB globals, 8 P
gc 4838 @47.355s 2%: 0.087+0.50+0.096 ms clock, 0.69+0.83/0.48/0+0.77 ms cpu, 3->3->1 MB, 4 MB goal, 0 MB stacks, 0 MB globals, 8 P
gc 4839 @47.358s 2%: 0.066+0.53+0.10 ms clock, 0.52+0.61/0.64/0+0.87 ms cpu, 3->3->1 MB, 4 MB goal, 0 MB stacks, 0 MB globals, 8 P
gc 4840 @47.360s 2%: 0.083+0.52+0.11 ms clock, 0.66+0.61/0.59/0+0.94 ms cpu, 3->3->1 MB, 4 MB goal, 0 MB stacks, 0 MB globals, 8 P
gc 4841 @47.363s 2%: 0.12+0.55+0.10 ms clock, 0.97+0.68/0.67/0+0.83 ms cpu, 3->3->1 MB, 4 MB goal, 0 MB stacks, 0 MB globals, 8 P
gc 4842 @47.366s 2%: 0.077+0.38+0.097 ms clock, 0.61+0.79/0.52/0+0.77 ms cpu, 3->3->1 MB, 4 MB goal, 0 MB stacks, 0 MB globals, 8 P
gc 4843 @47.369s 2%: 0.10+0.74+0.099 ms clock, 0.82+0.61/0.61/0+0.79 ms cpu, 3->3->1 MB, 4 MB goal, 0 MB stacks, 0 MB globals, 8 P
gc 4844 @47.372s 2%: 0.11+1.0+0.085 ms clock, 0.94+0.57/0.68/0+0.68 ms cpu, 3->4->1 MB, 4 MB goal, 0 MB stacks, 0 MB globals, 8 P
gc 4845 @47.375s 2%: 0.11+0.70+0.088 ms clock, 0.93+0.59/0.64/0+0.70 ms cpu, 3->3->1 MB, 4 MB goal, 0 MB stacks, 0 MB globals, 8 P
gc 4846 @47.377s 2%: 0.13+0.56+0.087 ms clock, 1.0+0.65/0.75/0+0.70 ms cpu, 3->3->1 MB, 4 MB goal, 0 MB stacks, 0 MB globals, 8 P
gc 4847 @47.380s 2%: 0.087+0.48+0.12 ms clock, 0.70+0.71/0.56/0+0.99 ms cpu, 3->3->1 MB, 4 MB goal, 0 MB stacks, 0 MB globals, 8 P
gc 4848 @47.383s 2%: 0.082+0.67+0.076 ms clock, 0.65+0.52/0.67/0+0.60 ms cpu, 3->3->1 MB, 4 MB goal, 0 MB stacks, 0 MB globals, 8 P
gc 4849 @47.386s 2%: 0.10+0.59+0.10 ms clock, 0.84+0.79/0.56/0+0.80 ms cpu, 3->3->1 MB, 4 MB goal, 0 MB stacks, 0 MB globals, 8 P
gc 4850 @47.389s 2%: 0.091+0.53+0.077 ms clock, 0.73+0.66/0.57/0+0.62 ms cpu, 3->3->1 MB, 4 MB goal, 0 MB stacks, 0 MB globals, 8 P
gc 4851 @47.391s 2%: 0.057+0.66+0.049 ms clock, 0.45+0.50/0.63/0+0.39 ms cpu, 3->3->1 MB, 4 MB goal, 0 MB stacks, 0 MB globals, 8 P
gc 4852 @47.394s 2%: 0.057+0.44+0.10 ms clock, 0.45+0.71/0.53/0+0.80 ms cpu, 3->3->1 MB, 4 MB goal, 0 MB stacks, 0 MB globals, 8 P
gc 4853 @47.397s 2%: 0.11+0.61+0.10 ms clock, 0.88+0.68/0.68/0+0.82 ms cpu, 3->3->1 MB, 4 MB goal, 0 MB stacks, 0 MB globals, 8 P
gc 4854 @47.400s 2%: 0.096+0.41+0.069 ms clock, 0.77+0.64/0.56/0+0.55 ms cpu, 3->3->1 MB, 4 MB goal, 0 MB stacks, 0 MB globals, 8 P
gc 4855 @47.403s 2%: 0.088+0.53+0.052 ms clock, 0.71+0.73/0.60/0+0.42 ms cpu, 3->3->1 MB, 4 MB goal, 0 MB stacks, 0 MB globals, 8 P
gc 4856 @47.405s 2%: 0.082+0.55+0.10 ms clock, 0.66+0.70/0.68/0+0.82 ms cpu, 3->3->1 MB, 4 MB goal, 0 MB stacks, 0 MB globals, 8 P
gc 4857 @47.408s 2%: 0.11+0.53+0.11 ms clock, 0.91+0.60/0.67/0+0.92 ms cpu, 3->3->1 MB, 4 MB goal, 0 MB stacks, 0 MB globals, 8 P
gc 4858 @47.411s 2%: 0.095+0.47+0.065 ms clock, 0.76+0.59/0.69/0+0.52 ms cpu, 3->3->1 MB, 4 MB goal, 0 MB stacks, 0 MB globals, 8 P
gc 4859 @47.414s 2%: 0.19+0.60+0.10 ms clock, 1.5+0.68/0.58/0+0.80 ms cpu, 3->3->1 MB, 4 MB goal, 0 MB stacks, 0 MB globals, 8 P
gc 4860 @47.417s 2%: 0.10+0.51+0.048 ms clock, 0.86+0.64/0.64/0+0.38 ms cpu, 3->3->1 MB, 4 MB goal, 0 MB stacks, 0 MB globals, 8 P
gc 4861 @47.419s 2%: 0.066+0.87+0.037 ms clock, 0.53+0.72/0.77/0+0.30 ms cpu, 3->3->1 MB, 4 MB goal, 0 MB stacks, 0 MB globals, 8 P
gc 4862 @47.422s 2%: 0.096+0.65+0.092 ms clock, 0.77+0.73/0.62/0+0.74 ms cpu, 3->3->1 MB, 4 MB goal, 0 MB stacks, 0 MB globals, 8 P
gc 4863 @47.425s 2%: 0.058+0.83+0.035 ms clock, 0.46+0.57/0.68/0+0.28 ms cpu, 3->3->1 MB, 4 MB goal, 0 MB stacks, 0 MB globals, 8 P
gc 4864 @47.428s 2%: 0.087+0.72+0.094 ms clock, 0.69+0.46/0.59/0+0.75 ms cpu, 3->3->1 MB, 4 MB goal, 0 MB stacks, 0 MB globals, 8 P
gc 4865 @47.431s 2%: 0.10+0.51+0.060 ms clock, 0.83+0.66/0.61/0+0.48 ms cpu, 3->3->1 MB, 4 MB goal, 0 MB stacks, 0 MB globals, 8 P
gc 4866 @47.434s 2%: 0.10+0.56+0.067 ms clock, 0.86+0.46/0.61/0+0.54 ms cpu, 3->3->1 MB, 4 MB goal, 0 MB stacks, 0 MB globals, 8 P
gc 4867 @47.436s 2%: 0.10+0.51+0.085 ms clock, 0.84+0.64/0.65/0+0.68 ms cpu, 3->3->1 MB, 4 MB goal, 0 MB stacks, 0 MB globals, 8 P
gc 4868 @47.439s 2%: 0.11+0.45+0.10 ms clock, 0.88+0.62/0.68/0+0.87 ms cpu, 3->3->1 MB, 4 MB goal, 0 MB stacks, 0 MB globals, 8 P
gc 4869 @47.442s 2%: 0.10+0.50+0.056 ms clock, 0.82+0.60/0.56/0+0.44 ms cpu, 3->3->1 MB, 4 MB goal, 0 MB stacks, 0 MB globals, 8 P
gc 4870 @47.445s 2%: 0.12+0.47+0.082 ms clock, 1.0+0.60/0.62/0+0.65 ms cpu, 3->3->1 MB, 4 MB goal, 0 MB stacks, 0 MB globals, 8 P
gc 4871 @47.447s 2%: 0.058+0.69+0.087 ms clock, 0.46+0.53/0.69/0+0.69 ms cpu, 3->3->1 MB, 4 MB goal, 0 MB stacks, 0 MB globals, 8 P
gc 4872 @47.450s 2%: 0.13+0.49+0.085 ms clock, 1.0+0.65/0.61/0+0.68 ms cpu, 3->3->1 MB, 4 MB goal, 0 MB stacks, 0 MB globals, 8 P
gc 4873 @47.453s 2%: 0.061+0.55+0.096 ms clock, 0.49+0.73/0.62/0+0.77 ms cpu, 3->3->1 MB, 4 MB goal, 0 MB stacks, 0 MB globals, 8 P
gc 4874 @47.456s 2%: 0.11+0.49+0.094 ms clock, 0.91+0.61/0.62/0+0.75 ms cpu, 3->3->1 MB, 4 MB goal, 0 MB stacks, 0 MB globals, 8 P
gc 4875 @47.459s 2%: 0.090+0.50+0.081 ms clock, 0.72+0.66/0.59/0+0.64 ms cpu, 3->3->1 MB, 4 MB goal, 0 MB stacks, 0 MB globals, 8 P
gc 4876 @47.461s 2%: 0.060+0.45+0.052 ms clock, 0.48+0.73/0.62/0+0.42 ms cpu, 3->3->1 MB, 4 MB goal, 0 MB stacks, 0 MB globals, 8 P
gc 4877 @47.464s 2%: 0.086+0.64+0.080 ms clock, 0.69+0.65/0.78/0+0.64 ms cpu, 3->3->1 MB, 4 MB goal, 0 MB stacks, 0 MB globals, 8 P
gc 4878 @47.467s 2%: 0.13+0.45+0.11 ms clock, 1.1+0.62/0.56/0+0.94 ms cpu, 3->3->1 MB, 4 MB goal, 0 MB stacks, 0 MB globals, 8 P
gc 4879 @47.470s 2%: 0.10+0.56+0.091 ms clock, 0.81+0.63/0.64/0+0.73 ms cpu, 3->3->1 MB, 4 MB goal, 0 MB stacks, 0 MB globals, 8 P
gc 4880 @47.472s 2%: 0.095+0.50+0.064 ms clock, 0.76+0.73/0.64/0+0.51 ms cpu, 3->3->1 MB, 4 MB goal, 0 MB stacks, 0 MB globals, 8 P
gc 4881 @47.475s 2%: 0.097+0.46+0.059 ms clock, 0.77+0.66/0.57/0+0.47 ms cpu, 3->3->1 MB, 4 MB goal, 0 MB stacks, 0 MB globals, 8 P
gc 4882 @47.478s 2%: 0.069+0.38+0.10 ms clock, 0.55+0.76/0.47/0+0.80 ms cpu, 3->3->1 MB, 4 MB goal, 0 MB stacks, 0 MB globals, 8 P
gc 4883 @47.481s 2%: 0.10+0.44+0.085 ms clock, 0.85+0.63/0.57/0+0.68 ms cpu, 3->3->1 MB, 4 MB goal, 0 MB stacks, 0 MB globals, 8 P
gc 4884 @47.483s 2%: 0.065+0.50+0.093 ms clock, 0.52+0.69/0.62/0+0.74 ms cpu, 3->3->1 MB, 4 MB goal, 0 MB stacks, 0 MB globals, 8 P
gc 4885 @47.486s 2%: 0.10+0.50+0.078 ms clock, 0.85+0.60/0.68/0+0.62 ms cpu, 3->3->1 MB, 4 MB goal, 0 MB stacks, 0 MB globals, 8 P
gc 4886 @47.489s 2%: 0.14+0.40+0.068 ms clock, 1.1+0.69/0.57/0+0.54 ms cpu, 3->3->1 MB, 4 MB goal, 0 MB stacks, 0 MB globals, 8 P
gc 4887 @47.492s 2%: 0.11+0.48+0.053 ms clock, 0.95+0.65/0.65/0+0.42 ms cpu, 3->3->1 MB, 4 MB goal, 0 MB stacks, 0 MB globals, 8 P
gc 4888 @47.494s 2%: 0.097+0.49+0.096 ms clock, 0.77+0.64/0.62/0+0.76 ms cpu, 3->3->1 MB, 4 MB goal, 0 MB stacks, 0 MB globals, 8 P
gc 4889 @47.497s 2%: 0.094+0.51+0.086 ms clock, 0.75+0.65/0.69/0+0.69 ms cpu, 3->3->1 MB, 4 MB goal, 0 MB stacks, 0 MB globals, 8 P
gc 4890 @47.500s 2%: 0.095+0.41+0.067 ms clock, 0.76+0.64/0.57/0+0.53 ms cpu, 3->3->1 MB, 4 MB goal, 0 MB stacks, 0 MB globals, 8 P
gc 4891 @47.503s 2%: 0.13+0.49+0.069 ms clock, 1.0+0.55/0.62/0+0.55 ms cpu, 3->3->1 MB, 4 MB goal, 0 MB stacks, 0 MB globals, 8 P
gc 4892 @47.505s 2%: 0.098+0.46+0.075 ms clock, 0.78+0.63/0.69/0+0.60 ms cpu, 3->3->1 MB, 4 MB goal, 0 MB stacks, 0 MB globals, 8 P
gc 4893 @47.508s 2%: 0.10+0.48+0.082 ms clock, 0.83+0.57/0.61/0+0.65 ms cpu, 3->3->1 MB, 4 MB goal, 0 MB stacks, 0 MB globals, 8 P
gc 4894 @47.511s 2%: 0.068+0.43+0.093 ms clock, 0.54+0.75/0.53/0+0.74 ms cpu, 3->3->1 MB, 4 MB goal, 0 MB stacks, 0 MB globals, 8 P
gc 4895 @47.514s 2%: 0.10+0.43+0.080 ms clock, 0.80+0.71/0.57/0+0.64 ms cpu, 3->3->1 MB, 4 MB goal, 0 MB stacks, 0 MB globals, 8 P
gc 4896 @47.516s 2%: 0.10+0.47+0.068 ms clock, 0.81+0.63/0.57/0+0.54 ms cpu, 3->3->1 MB, 4 MB goal, 0 MB stacks, 0 MB globals, 8 P
gc 4897 @47.519s 2%: 0.073+0.57+0.060 ms clock, 0.58+0.70/0.61/0+0.48 ms cpu, 3->3->1 MB, 4 MB goal, 0 MB stacks, 0 MB globals, 8 P
gc 4898 @47.522s 2%: 0.085+0.42+0.086 ms clock, 0.68+0.62/0.56/0+0.69 ms cpu, 3->3->1 MB, 4 MB goal, 0 MB stacks, 0 MB globals, 8 P
gc 4899 @47.525s 2%: 0.080+0.53+0.083 ms clock, 0.64+0.65/0.64/0+0.66 ms cpu, 3->3->1 MB, 4 MB goal, 0 MB stacks, 0 MB globals, 8 P
gc 4900 @47.528s 2%: 0.072+0.51+0.079 ms clock, 0.57+0.59/0.59/0+0.63 ms cpu, 3->3->1 MB, 4 MB goal, 0 MB stacks, 0 MB globals, 8 P
gc 4901 @47.531s 2%: 0.086+0.44+0.079 ms clock, 0.69+0.74/0.55/0+0.63 ms cpu, 3->3->1 MB, 4 MB goal, 0 MB stacks, 0 MB globals, 8 P
gc 4902 @47.533s 2%: 0.095+0.57+0.049 ms clock, 0.76+0.63/0.72/0+0.39 ms cpu, 3->3->1 MB, 4 MB goal, 0 MB stacks, 0 MB globals, 8 P
gc 4903 @47.536s 2%: 0.074+0.53+0.061 ms clock, 0.59+0.59/0.58/0+0.48 ms cpu, 3->3->1 MB, 4 MB goal, 0 MB stacks, 0 MB globals, 8 P
gc 4904 @47.539s 2%: 0.11+0.46+0.035 ms clock, 0.94+0.71/0.59/0+0.28 ms cpu, 3->3->1 MB, 4 MB goal, 0 MB stacks, 0 MB globals, 8 P
gc 4905 @47.542s 2%: 0.13+0.47+0.043 ms clock, 1.0+0.62/0.66/0+0.34 ms cpu, 3->3->1 MB, 4 MB goal, 0 MB stacks, 0 MB globals, 8 P
gc 4906 @47.545s 2%: 0.12+0.50+0.097 ms clock, 0.99+0.75/0.54/0+0.77 ms cpu, 3->3->1 MB, 4 MB goal, 0 MB stacks, 0 MB globals, 8 P
gc 4907 @47.547s 2%: 0.13+0.64+0.055 ms clock, 1.0+0.64/0.68/0+0.44 ms cpu, 3->3->1 MB, 4 MB goal, 0 MB stacks, 0 MB globals, 8 P
gc 4908 @47.550s 2%: 0.13+0.55+0.10 ms clock, 1.0+0.60/0.71/0+0.84 ms cpu, 3->3->1 MB, 4 MB goal, 0 MB stacks, 0 MB globals, 8 P
gc 4909 @47.553s 2%: 0.097+0.66+0.10 ms clock, 0.78+0.63/0.75/0+0.80 ms cpu, 3->3->1 MB, 4 MB goal, 0 MB stacks, 0 MB globals, 8 P
gc 4910 @47.556s 2%: 0.043+0.50+0.080 ms clock, 0.34+0.66/0.57/0+0.64 ms cpu, 3->3->1 MB, 4 MB goal, 0 MB stacks, 0 MB globals, 8 P
gc 4911 @47.559s 2%: 0.11+0.53+0.095 ms clock, 0.93+0.62/0.69/0+0.76 ms cpu, 3->3->1 MB, 4 MB goal, 0 MB stacks, 0 MB globals, 8 P
gc 4912 @47.561s 2%: 0.10+0.51+0.091 ms clock, 0.87+0.64/0.65/0+0.72 ms cpu, 3->3->1 MB, 4 MB goal, 0 MB stacks, 0 MB globals, 8 P
gc 4913 @47.564s 2%: 0.083+0.45+0.10 ms clock, 0.67+0.71/0.56/0+0.85 ms cpu, 3->3->1 MB, 4 MB goal, 0 MB stacks, 0 MB globals, 8 P
gc 4914 @47.567s 2%: 0.057+0.57+0.10 ms clock, 0.46+0.71/0.62/0+0.80 ms cpu, 3->3->1 MB, 4 MB goal, 0 MB stacks, 0 MB globals, 8 P
gc 4915 @47.570s 2%: 0.11+0.47+0.061 ms clock, 0.92+0.65/0.57/0+0.48 ms cpu, 3->3->1 MB, 4 MB goal, 0 MB stacks, 0 MB globals, 8 P
gc 4916 @47.572s 2%: 0.078+0.50+0.041 ms clock, 0.62+0.55/0.68/0+0.33 ms cpu, 3->3->1 MB, 4 MB goal, 0 MB stacks, 0 MB globals, 8 P
gc 4917 @47.575s 2%: 0.11+0.65+0.10 ms clock, 0.91+0.65/0.76/0+0.83 ms cpu, 3->3->1 MB, 4 MB goal, 0 MB stacks, 0 MB globals, 8 P
gc 4918 @47.578s 2%: 0.13+0.49+0.085 ms clock, 1.1+0.65/0.61/0+0.68 ms cpu, 3->3->1 MB, 4 MB goal, 0 MB stacks, 0 MB globals, 8 P
gc 4919 @47.581s 2%: 0.095+0.46+0.080 ms clock, 0.76+0.62/0.57/0+0.64 ms cpu, 3->3->1 MB, 4 MB goal, 0 MB stacks, 0 MB globals, 8 P
gc 4920 @47.583s 2%: 0.094+0.47+0.099 ms clock, 0.75+0.55/0.62/0+0.79 ms cpu, 3->3->1 MB, 4 MB goal, 0 MB stacks, 0 MB globals, 8 P
gc 4921 @47.586s 2%: 0.12+0.88+0.095 ms clock, 0.96+0.64/0.71/0+0.76 ms cpu, 3->3->1 MB, 4 MB goal, 0 MB stacks, 0 MB globals, 8 P
gc 4922 @47.589s 2%: 0.064+0.56+0.10 ms clock, 0.51+0.65/0.57/0+0.80 ms cpu, 3->3->1 MB, 4 MB goal, 0 MB stacks, 0 MB globals, 8 P
gc 4923 @47.592s 2%: 0.11+0.45+0.12 ms clock, 0.92+0.75/0.57/0+0.99 ms cpu, 3->3->1 MB, 4 MB goal, 0 MB stacks, 0 MB globals, 8 P
gc 4924 @47.595s 2%: 0.096+0.46+0.072 ms clock, 0.76+0.69/0.62/0+0.57 ms cpu, 3->3->1 MB, 4 MB goal, 0 MB stacks, 0 MB globals, 8 P
gc 4925 @47.597s 2%: 0.091+0.55+0.10 ms clock, 0.73+0.64/0.61/0+0.80 ms cpu, 3->3->1 MB, 4 MB goal, 0 MB stacks, 0 MB globals, 8 P
gc 4926 @47.600s 2%: 0.080+0.55+0.096 ms clock, 0.64+0.62/0.68/0+0.76 ms cpu, 3->3->1 MB, 4 MB goal, 0 MB stacks, 0 MB globals, 8 P
gc 4927 @47.603s 2%: 0.11+0.54+0.094 ms clock, 0.90+0.74/0.63/0+0.75 ms cpu, 3->3->1 MB, 4 MB goal, 0 MB stacks, 0 MB globals, 8 P
gc 4928 @47.606s 2%: 0.099+0.45+0.071 ms clock, 0.79+0.63/0.61/0+0.57 ms cpu, 3->3->1 MB, 4 MB goal, 0 MB stacks, 0 MB globals, 8 P
gc 4929 @47.608s 2%: 0.086+0.66+0.10 ms clock, 0.69+0.63/0.80/0+0.81 ms cpu, 3->3->1 MB, 4 MB goal, 0 MB stacks, 0 MB globals, 8 P
gc 4930 @47.611s 2%: 0.069+0.51+0.12 ms clock, 0.55+0.66/0.66/0+0.97 ms cpu, 3->3->1 MB, 4 MB goal, 0 MB stacks, 0 MB globals, 8 P
gc 4931 @47.614s 2%: 0.11+0.52+0.088 ms clock, 0.93+0.71/0.54/0+0.70 ms cpu, 3->3->1 MB, 4 MB goal, 0 MB stacks, 0 MB globals, 8 P
gc 4932 @47.617s 2%: 0.083+0.58+0.091 ms clock, 0.66+0.60/0.69/0+0.73 ms cpu, 3->3->1 MB, 4 MB goal, 0 MB stacks, 0 MB globals, 8 P
gc 4933 @47.619s 2%: 0.10+0.54+0.10 ms clock, 0.87+0.68/0.68/0+0.85 ms cpu, 3->3->1 MB, 4 MB goal, 0 MB stacks, 0 MB globals, 8 P
gc 4934 @47.622s 2%: 0.087+0.48+0.062 ms clock, 0.69+0.66/0.57/0+0.49 ms cpu, 3->3->1 MB, 4 MB goal, 0 MB stacks, 0 MB globals, 8 P
gc 4935 @47.625s 2%: 0.088+0.47+0.10 ms clock, 0.70+0.55/0.70/0+0.80 ms cpu, 3->3->1 MB, 4 MB goal, 0 MB stacks, 0 MB globals, 8 P
gc 4936 @47.627s 2%: 0.066+0.43+0.076 ms clock, 0.53+0.63/0.55/0+0.61 ms cpu, 3->3->1 MB, 4 MB goal, 0 MB stacks, 0 MB globals, 8 P
gc 4937 @47.630s 2%: 0.088+0.53+0.076 ms clock, 0.70+0.65/0.64/0+0.61 ms cpu, 3->3->1 MB, 4 MB goal, 0 MB stacks, 0 MB globals, 8 P
gc 4938 @47.633s 2%: 0.060+0.43+0.12 ms clock, 0.48+0.67/0.59/0+0.97 ms cpu, 3->3->1 MB, 4 MB goal, 0 MB stacks, 0 MB globals, 8 P
gc 4939 @47.636s 2%: 0.084+0.55+0.10 ms clock, 0.67+0.62/0.64/0+0.81 ms cpu, 3->3->1 MB, 4 MB goal, 0 MB stacks, 0 MB globals, 8 P
gc 4940 @47.639s 2%: 0.12+0.54+0.083 ms clock, 0.97+0.59/0.59/0+0.66 ms cpu, 3->3->1 MB, 4 MB goal, 0 MB stacks, 0 MB globals, 8 P
gc 4941 @47.641s 2%: 0.10+0.41+0.10 ms clock, 0.87+0.81/0.55/0+0.83 ms cpu, 3->3->1 MB, 4 MB goal, 0 MB stacks, 0 MB globals, 8 P
gc 4942 @47.644s 2%: 0.090+0.47+0.053 ms clock, 0.72+0.60/0.54/0+0.42 ms cpu, 3->3->1 MB, 4 MB goal, 0 MB stacks, 0 MB globals, 8 P
gc 4943 @47.647s 2%: 0.079+0.49+0.087 ms clock, 0.63+0.66/0.57/0+0.69 ms cpu, 3->3->1 MB, 4 MB goal, 0 MB stacks, 0 MB globals, 8 P
gc 4944 @47.649s 2%: 0.12+0.46+0.083 ms clock, 1.0+0.70/0.61/0+0.67 ms cpu, 3->3->1 MB, 4 MB goal, 0 MB stacks, 0 MB globals, 8 P
gc 4945 @47.652s 2%: 0.080+0.51+0.10 ms clock, 0.64+0.68/0.63/0+0.83 ms cpu, 3->3->1 MB, 4 MB goal, 0 MB stacks, 0 MB globals, 8 P
gc 4946 @47.655s 2%: 0.14+0.57+0.10 ms clock, 1.1+0.62/0.74/0+0.82 ms cpu, 3->3->1 MB, 4 MB goal, 0 MB stacks, 0 MB globals, 8 P
gc 4947 @47.658s 2%: 0.12+0.55+0.044 ms clock, 1.0+0.64/0.66/0+0.35 ms cpu, 3->3->1 MB, 4 MB goal, 0 MB stacks, 0 MB globals, 8 P
gc 4948 @47.660s 2%: 0.093+0.46+0.078 ms clock, 0.74+0.62/0.60/0+0.63 ms cpu, 3->3->1 MB, 4 MB goal, 0 MB stacks, 0 MB globals, 8 P
gc 4949 @47.663s 2%: 0.066+0.49+0.070 ms clock, 0.53+0.66/0.56/0+0.56 ms cpu, 3->3->1 MB, 4 MB goal, 0 MB stacks, 0 MB globals, 8 P
gc 4950 @47.666s 2%: 0.11+0.54+0.057 ms clock, 0.89+0.58/0.65/0+0.45 ms cpu, 3->3->1 MB, 4 MB goal, 0 MB stacks, 0 MB globals, 8 P
gc 4951 @47.669s 2%: 0.085+0.61+0.11 ms clock, 0.68+0.69/0.66/0+0.90 ms cpu, 3->3->1 MB, 4 MB goal, 0 MB stacks, 0 MB globals, 8 P
gc 4952 @47.671s 2%: 0.089+0.57+0.095 ms clock, 0.71+0.73/0.69/0+0.76 ms cpu, 3->3->1 MB, 4 MB goal, 0 MB stacks, 0 MB globals, 8 P
gc 4953 @47.674s 2%: 0.090+0.48+0.10 ms clock, 0.72+0.55/0.67/0+0.83 ms cpu, 3->3->1 MB, 4 MB goal, 0 MB stacks, 0 MB globals, 8 P
gc 4954 @47.677s 2%: 0.094+0.50+0.073 ms clock, 0.75+0.67/0.60/0+0.58 ms cpu, 3->3->1 MB, 4 MB goal, 0 MB stacks, 0 MB globals, 8 P
gc 4955 @47.680s 2%: 0.079+0.69+0.075 ms clock, 0.63+0.56/0.65/0+0.60 ms cpu, 3->3->1 MB, 4 MB goal, 0 MB stacks, 0 MB globals, 8 P
gc 4956 @47.683s 2%: 0.090+0.44+0.087 ms clock, 0.72+0.66/0.60/0+0.69 ms cpu, 3->3->1 MB, 4 MB goal, 0 MB stacks, 0 MB globals, 8 P
gc 4957 @47.685s 2%: 0.089+0.93+0.069 ms clock, 0.71+1.1/0.76/0+0.55 ms cpu, 3->3->1 MB, 4 MB goal, 0 MB stacks, 0 MB globals, 8 P
gc 4958 @47.688s 2%: 0.091+0.54+0.11 ms clock, 0.73+0.68/0.55/0+0.95 ms cpu, 3->3->1 MB, 4 MB goal, 0 MB stacks, 0 MB globals, 8 P
gc 4959 @47.691s 2%: 0.081+0.62+0.068 ms clock, 0.65+0.60/0.65/0+0.54 ms cpu, 3->3->1 MB, 4 MB goal, 0 MB stacks, 0 MB globals, 8 P
gc 4960 @47.694s 2%: 0.085+0.57+0.10 ms clock, 0.68+0.65/0.63/0+0.85 ms cpu, 3->3->1 MB, 4 MB goal, 0 MB stacks, 0 MB globals, 8 P
gc 4961 @47.696s 2%: 0.098+0.50+0.098 ms clock, 0.78+0.71/0.61/0+0.78 ms cpu, 3->3->1 MB, 4 MB goal, 0 MB stacks, 0 MB globals, 8 P
gc 4962 @47.699s 2%: 0.13+0.61+0.080 ms clock, 1.0+0.61/0.56/0+0.64 ms cpu, 3->3->1 MB, 4 MB goal, 0 MB stacks, 0 MB globals, 8 P
gc 4963 @47.702s 2%: 0.074+0.48+0.11 ms clock, 0.59+0.75/0.58/0+0.88 ms cpu, 3->3->1 MB, 4 MB goal, 0 MB stacks, 0 MB globals, 8 P
gc 4964 @47.705s 2%: 0.080+0.73+0.070 ms clock, 0.64+0.71/0.66/0+0.56 ms cpu, 3->3->1 MB, 4 MB goal, 0 MB stacks, 0 MB globals, 8 P
gc 4965 @47.708s 2%: 0.10+0.86+0.061 ms clock, 0.83+0.68/0.58/0+0.49 ms cpu, 3->3->1 MB, 4 MB goal, 0 MB stacks, 0 MB globals, 8 P
gc 4966 @47.711s 2%: 0.10+0.57+0.079 ms clock, 0.83+0.78/0.53/0+0.63 ms cpu, 3->3->1 MB, 4 MB goal, 0 MB stacks, 0 MB globals, 8 P
gc 4967 @47.713s 2%: 0.11+0.51+0.085 ms clock, 0.91+0.72/0.59/0+0.68 ms cpu, 3->3->1 MB, 4 MB goal, 0 MB stacks, 0 MB globals, 8 P
gc 4968 @47.716s 2%: 0.10+0.43+0.070 ms clock, 0.81+0.68/0.63/0+0.56 ms cpu, 3->3->1 MB, 4 MB goal, 0 MB stacks, 0 MB globals, 8 P
gc 4969 @47.719s 2%: 0.12+0.64+0.073 ms clock, 0.99+0.64/0.62/0+0.58 ms cpu, 3->3->1 MB, 4 MB goal, 0 MB stacks, 0 MB globals, 8 P
gc 4970 @47.721s 2%: 0.074+0.51+0.10 ms clock, 0.59+0.58/0.66/0+0.80 ms cpu, 3->3->1 MB, 4 MB goal, 0 MB stacks, 0 MB globals, 8 P
gc 4971 @47.724s 2%: 0.11+0.49+0.073 ms clock, 0.88+0.72/0.62/0+0.58 ms cpu, 3->3->1 MB, 4 MB goal, 0 MB stacks, 0 MB globals, 8 P
gc 4972 @47.727s 2%: 0.10+0.54+0.092 ms clock, 0.83+0.65/0.62/0+0.74 ms cpu, 3->3->1 MB, 4 MB goal, 0 MB stacks, 0 MB globals, 8 P
gc 4973 @47.730s 2%: 0.12+0.77+0.093 ms clock, 0.96+0.64/0.64/0+0.74 ms cpu, 3->3->1 MB, 4 MB goal, 0 MB stacks, 0 MB globals, 8 P
gc 4974 @47.732s 2%: 0.11+0.93+0.035 ms clock, 0.89+0.46/0.58/0+0.28 ms cpu, 3->3->1 MB, 4 MB goal, 0 MB stacks, 0 MB globals, 8 P
gc 4975 @47.735s 2%: 0.098+0.55+0.10 ms clock, 0.78+0.81/0.54/0+0.83 ms cpu, 3->3->1 MB, 4 MB goal, 0 MB stacks, 0 MB globals, 8 P
gc 4976 @47.738s 2%: 0.087+0.63+0.065 ms clock, 0.70+0.65/0.58/0+0.52 ms cpu, 3->3->1 MB, 4 MB goal, 0 MB stacks, 0 MB globals, 8 P
gc 4977 @47.741s 2%: 0.11+0.91+0.052 ms clock, 0.95+0.58/0.58/0+0.42 ms cpu, 3->3->1 MB, 4 MB goal, 0 MB stacks, 0 MB globals, 8 P
gc 4978 @47.744s 2%: 0.095+0.51+0.074 ms clock, 0.76+0.65/0.60/0+0.59 ms cpu, 3->3->1 MB, 4 MB goal, 0 MB stacks, 0 MB globals, 8 P
gc 4979 @47.746s 2%: 0.12+0.63+0.10 ms clock, 1.0+0.68/0.58/0+0.87 ms cpu, 3->3->1 MB, 4 MB goal, 0 MB stacks, 0 MB globals, 8 P
gc 4980 @47.749s 2%: 0.060+0.51+0.12 ms clock, 0.48+0.72/0.57/0+1.0 ms cpu, 3->3->1 MB, 4 MB goal, 0 MB stacks, 0 MB globals, 8 P
gc 4981 @47.752s 2%: 0.057+0.53+0.095 ms clock, 0.46+0.75/0.53/0+0.76 ms cpu, 3->3->1 MB, 4 MB goal, 0 MB stacks, 0 MB globals, 8 P
gc 4982 @47.755s 2%: 0.093+0.54+0.096 ms clock, 0.74+0.64/0.63/0+0.76 ms cpu, 3->3->1 MB, 4 MB goal, 0 MB stacks, 0 MB globals, 8 P
gc 4983 @47.758s 2%: 0.097+0.77+0.066 ms clock, 0.78+0.66/0.55/0+0.53 ms cpu, 3->3->1 MB, 4 MB goal, 0 MB stacks, 0 MB globals, 8 P
gc 4984 @47.760s 2%: 0.10+0.39+0.083 ms clock, 0.82+0.72/0.56/0+0.67 ms cpu, 3->3->1 MB, 4 MB goal, 0 MB stacks, 0 MB globals, 8 P
gc 4985 @47.763s 2%: 0.11+0.58+0.085 ms clock, 0.89+0.63/0.61/0+0.68 ms cpu, 3->3->1 MB, 4 MB goal, 0 MB stacks, 0 MB globals, 8 P
gc 4986 @47.766s 2%: 0.11+0.47+0.10 ms clock, 0.93+0.63/0.62/0+0.85 ms cpu, 3->3->1 MB, 4 MB goal, 0 MB stacks, 0 MB globals, 8 P
gc 4987 @47.769s 2%: 0.056+0.59+0.099 ms clock, 0.45+0.58/0.66/0+0.79 ms cpu, 3->3->1 MB, 4 MB goal, 0 MB stacks, 0 MB globals, 8 P
gc 4988 @47.771s 2%: 0.052+0.51+0.10 ms clock, 0.42+0.57/0.65/0+0.83 ms cpu, 3->3->1 MB, 4 MB goal, 0 MB stacks, 0 MB globals, 8 P
gc 4989 @47.774s 2%: 0.092+0.58+0.083 ms clock, 0.73+0.66/0.58/0+0.66 ms cpu, 3->3->1 MB, 4 MB goal, 0 MB stacks, 0 MB globals, 8 P
gc 4990 @47.777s 2%: 0.073+0.79+0.081 ms clock, 0.58+0.60/0.68/0+0.65 ms cpu, 3->3->1 MB, 4 MB goal, 0 MB stacks, 0 MB globals, 8 P
gc 4991 @47.780s 2%: 0.11+0.88+0.084 ms clock, 0.91+0.66/0.61/0+0.67 ms cpu, 3->3->1 MB, 4 MB goal, 0 MB stacks, 0 MB globals, 8 P
gc 4992 @47.783s 2%: 0.14+0.97+0.086 ms clock, 1.1+0.54/0.67/0+0.68 ms cpu, 3->3->1 MB, 4 MB goal, 0 MB stacks, 0 MB globals, 8 P
gc 4993 @47.786s 2%: 0.092+0.42+0.052 ms clock, 0.74+0.62/0.61/0+0.41 ms cpu, 3->3->1 MB, 4 MB goal, 0 MB stacks, 0 MB globals, 8 P
gc 4994 @47.788s 2%: 0.044+0.50+0.10 ms clock, 0.35+0.68/0.66/0+0.81 ms cpu, 3->3->1 MB, 4 MB goal, 0 MB stacks, 0 MB globals, 8 P
gc 4995 @47.791s 2%: 0.11+0.49+0.050 ms clock, 0.91+0.70/0.62/0+0.40 ms cpu, 3->3->1 MB, 4 MB goal, 0 MB stacks, 0 MB globals, 8 P
gc 4996 @47.794s 2%: 0.10+0.51+0.084 ms clock, 0.82+0.70/0.65/0+0.67 ms cpu, 3->3->1 MB, 4 MB goal, 0 MB stacks, 0 MB globals, 8 P
gc 4997 @47.797s 2%: 0.095+0.66+0.10 ms clock, 0.76+0.68/0.63/0+0.86 ms cpu, 3->3->1 MB, 4 MB goal, 0 MB stacks, 0 MB globals, 8 P
gc 4998 @47.799s 2%: 0.078+0.51+0.089 ms clock, 0.62+0.70/0.61/0+0.71 ms cpu, 3->3->1 MB, 4 MB goal, 0 MB stacks, 0 MB globals, 8 P
gc 4999 @47.802s 2%: 0.098+0.48+0.10 ms clock, 0.79+0.66/0.66/0+0.80 ms cpu, 3->3->1 MB, 4 MB goal, 0 MB stacks, 0 MB globals, 8 P
gc 5000 @47.805s 2%: 0.10+0.55+0.059 ms clock, 0.83+0.60/0.58/0+0.47 ms cpu, 3->3->1 MB, 4 MB goal, 0 MB stacks, 0 MB globals, 8 P
gc 5001 @47.808s 2%: 0.080+0.80+0.031 ms clock, 0.64+0.56/0.52/0+0.25 ms cpu, 3->3->1 MB, 4 MB goal, 0 MB stacks, 0 MB globals, 8 P
gc 5002 @47.811s 2%: 0.093+0.88+0.10 ms clock, 0.74+0.69/0.69/0+0.80 ms cpu, 3->4->1 MB, 4 MB goal, 0 MB stacks, 0 MB globals, 8 P
gc 5003 @47.813s 2%: 0.14+0.76+0.10 ms clock, 1.1+0.53/0.69/0+0.86 ms cpu, 3->3->1 MB, 4 MB goal, 0 MB stacks, 0 MB globals, 8 P
gc 5004 @47.816s 2%: 0.10+0.57+0.11 ms clock, 0.83+0.65/0.73/0+0.91 ms cpu, 3->3->1 MB, 4 MB goal, 0 MB stacks, 0 MB globals, 8 P
gc 5005 @47.819s 2%: 0.12+0.49+0.10 ms clock, 1.0+0.63/0.63/0+0.81 ms cpu, 3->3->1 MB, 4 MB goal, 0 MB stacks, 0 MB globals, 8 P
gc 5006 @47.822s 2%: 0.094+0.65+0.11 ms clock, 0.75+0.58/0.64/0+0.88 ms cpu, 3->3->1 MB, 4 MB goal, 0 MB stacks, 0 MB globals, 8 P
gc 5007 @47.825s 2%: 0.10+0.61+0.070 ms clock, 0.82+0.59/0.71/0+0.56 ms cpu, 3->3->1 MB, 4 MB goal, 0 MB stacks, 0 MB globals, 8 P
gc 5008 @47.828s 2%: 0.10+0.45+0.078 ms clock, 0.85+0.77/0.52/0+0.63 ms cpu, 3->3->1 MB, 4 MB goal, 0 MB stacks, 0 MB globals, 8 P
gc 5009 @47.830s 2%: 0.11+0.51+0.092 ms clock, 0.91+0.63/0.64/0+0.74 ms cpu, 3->3->1 MB, 4 MB goal, 0 MB stacks, 0 MB globals, 8 P
gc 5010 @47.833s 2%: 0.11+0.62+0.067 ms clock, 0.93+0.58/0.68/0+0.53 ms cpu, 3->3->1 MB, 4 MB goal, 0 MB stacks, 0 MB globals, 8 P
gc 5011 @47.836s 2%: 0.11+0.54+0.046 ms clock, 0.90+0.68/0.66/0+0.36 ms cpu, 3->3->1 MB, 4 MB goal, 0 MB stacks, 0 MB globals, 8 P
gc 5012 @47.839s 2%: 0.11+0.67+0.045 ms clock, 0.89+0.59/0.65/0+0.36 ms cpu, 3->3->1 MB, 4 MB goal, 0 MB stacks, 0 MB globals, 8 P
gc 5013 @47.842s 2%: 0.073+0.59+0.073 ms clock, 0.58+0.71/0.72/0+0.58 ms cpu, 3->3->1 MB, 4 MB goal, 0 MB stacks, 0 MB globals, 8 P
gc 5014 @47.844s 2%: 0.10+0.74+0.076 ms clock, 0.84+0.56/0.57/0+0.61 ms cpu, 3->3->1 MB, 4 MB goal, 0 MB stacks, 0 MB globals, 8 P
gc 5015 @47.847s 2%: 0.10+0.50+0.088 ms clock, 0.80+0.50/0.66/0+0.70 ms cpu, 3->3->1 MB, 4 MB goal, 0 MB stacks, 0 MB globals, 8 P
gc 5016 @47.850s 2%: 0.099+0.55+0.099 ms clock, 0.79+0.70/0.66/0+0.79 ms cpu, 3->3->1 MB, 4 MB goal, 0 MB stacks, 0 MB globals, 8 P
gc 5017 @47.853s 2%: 0.082+0.62+0.062 ms clock, 0.65+0.65/0.74/0+0.49 ms cpu, 3->3->1 MB, 4 MB goal, 0 MB stacks, 0 MB globals, 8 P
gc 5018 @47.855s 2%: 0.10+0.53+0.10 ms clock, 0.82+0.68/0.64/0+0.87 ms cpu, 3->3->1 MB, 4 MB goal, 0 MB stacks, 0 MB globals, 8 P
gc 5019 @47.858s 2%: 0.088+0.94+0.10 ms clock, 0.70+0.66/0.57/0+0.85 ms cpu, 3->3->1 MB, 4 MB goal, 0 MB stacks, 0 MB globals, 8 P
gc 5020 @47.861s 2%: 0.10+0.60+0.11 ms clock, 0.82+0.62/0.57/0+0.89 ms cpu, 3->3->1 MB, 4 MB goal, 0 MB stacks, 0 MB globals, 8 P
gc 5021 @47.864s 2%: 0.10+0.78+0.057 ms clock, 0.84+0.55/0.63/0+0.46 ms cpu, 3->3->1 MB, 4 MB goal, 0 MB stacks, 0 MB globals, 8 P
gc 5022 @47.867s 2%: 0.090+0.48+0.090 ms clock, 0.72+0.66/0.65/0+0.72 ms cpu, 3->3->1 MB, 4 MB goal, 0 MB stacks, 0 MB globals, 8 P
gc 5023 @47.869s 2%: 0.10+0.72+0.10 ms clock, 0.85+0.66/0.52/0+0.83 ms cpu, 3->3->1 MB, 4 MB goal, 0 MB stacks, 0 MB globals, 8 P
gc 5024 @47.872s 2%: 0.084+0.68+0.078 ms clock, 0.67+0.76/0.61/0+0.62 ms cpu, 3->3->1 MB, 4 MB goal, 0 MB stacks, 0 MB globals, 8 P
gc 5025 @47.875s 2%: 0.10+0.60+0.094 ms clock, 0.80+0.65/0.65/0+0.75 ms cpu, 3->3->1 MB, 4 MB goal, 0 MB stacks, 0 MB globals, 8 P
gc 5026 @47.878s 2%: 0.11+0.58+0.071 ms clock, 0.91+0.63/0.72/0+0.57 ms cpu, 3->3->1 MB, 4 MB goal, 0 MB stacks, 0 MB globals, 8 P
gc 5027 @47.881s 2%: 0.10+0.52+0.080 ms clock, 0.84+0.67/0.62/0+0.64 ms cpu, 3->3->1 MB, 4 MB goal, 0 MB stacks, 0 MB globals, 8 P
gc 5028 @47.884s 2%: 0.13+0.49+0.070 ms clock, 1.0+0.56/0.64/0+0.56 ms cpu, 3->3->1 MB, 4 MB goal, 0 MB stacks, 0 MB globals, 8 P
gc 5029 @47.886s 2%: 0.096+0.41+0.087 ms clock, 0.77+0.64/0.56/0+0.70 ms cpu, 3->3->1 MB, 4 MB goal, 0 MB stacks, 0 MB globals, 8 P
gc 5030 @47.889s 2%: 0.10+0.55+0.087 ms clock, 0.85+0.63/0.60/0+0.70 ms cpu, 3->3->1 MB, 4 MB goal, 0 MB stacks, 0 MB globals, 8 P
gc 5031 @47.892s 2%: 0.11+0.73+0.078 ms clock, 0.89+0.53/0.62/0+0.62 ms cpu, 3->3->1 MB, 4 MB goal, 0 MB stacks, 0 MB globals, 8 P
gc 5032 @47.895s 2%: 0.096+0.60+0.089 ms clock, 0.77+0.55/0.59/0+0.71 ms cpu, 3->3->1 MB, 4 MB goal, 0 MB stacks, 0 MB globals, 8 P
gc 5033 @47.898s 2%: 0.10+0.44+0.11 ms clock, 0.84+0.63/0.68/0+0.95 ms cpu, 3->3->1 MB, 4 MB goal, 0 MB stacks, 0 MB globals, 8 P
gc 5034 @47.900s 2%: 0.094+0.49+0.086 ms clock, 0.75+0.64/0.63/0+0.69 ms cpu, 3->3->1 MB, 4 MB goal, 0 MB stacks, 0 MB globals, 8 P
gc 5035 @47.903s 2%: 0.12+0.49+0.11 ms clock, 1.0+0.72/0.65/0+0.93 ms cpu, 3->3->1 MB, 4 MB goal, 0 MB stacks, 0 MB globals, 8 P
gc 5036 @47.906s 2%: 0.10+0.66+0.083 ms clock, 0.83+0.61/0.77/0+0.66 ms cpu, 3->3->1 MB, 4 MB goal, 0 MB stacks, 0 MB globals, 8 P
gc 5037 @47.909s 2%: 0.10+0.68+0.046 ms clock, 0.82+0.63/0.67/0+0.36 ms cpu, 3->3->1 MB, 4 MB goal, 0 MB stacks, 0 MB globals, 8 P
gc 5038 @47.911s 2%: 0.075+0.93+0.086 ms clock, 0.60+0.58/0.67/0+0.69 ms cpu, 3->3->1 MB, 4 MB goal, 0 MB stacks, 0 MB globals, 8 P
gc 5039 @47.914s 2%: 0.11+0.48+0.059 ms clock, 0.95+0.71/0.59/0+0.47 ms cpu, 3->3->1 MB, 4 MB goal, 0 MB stacks, 0 MB globals, 8 P
gc 5040 @47.917s 2%: 0.096+0.51+0.055 ms clock, 0.76+0.60/0.75/0+0.44 ms cpu, 3->3->1 MB, 4 MB goal, 0 MB stacks, 0 MB globals, 8 P
gc 5041 @47.920s 2%: 0.083+0.55+0.098 ms clock, 0.67+0.75/0.61/0+0.78 ms cpu, 3->3->1 MB, 4 MB goal, 0 MB stacks, 0 MB globals, 8 P
gc 5042 @47.923s 2%: 0.10+0.96+0.097 ms clock, 0.82+0.63/0.59/0+0.78 ms cpu, 3->3->1 MB, 4 MB goal, 0 MB stacks, 0 MB globals, 8 P
gc 5043 @47.926s 2%: 0.064+0.47+0.10 ms clock, 0.51+0.71/0.58/0+0.82 ms cpu, 3->3->1 MB, 4 MB goal, 0 MB stacks, 0 MB globals, 8 P
gc 5044 @47.928s 2%: 0.083+0.65+0.053 ms clock, 0.66+0.63/0.68/0+0.42 ms cpu, 3->3->1 MB, 4 MB goal, 0 MB stacks, 0 MB globals, 8 P
gc 5045 @47.931s 2%: 0.091+0.44+0.061 ms clock, 0.73+0.76/0.61/0+0.49 ms cpu, 3->3->1 MB, 4 MB goal, 0 MB stacks, 0 MB globals, 8 P
gc 5046 @47.934s 2%: 0.096+0.54+0.065 ms clock, 0.77+0.59/0.66/0+0.52 ms cpu, 3->3->1 MB, 4 MB goal, 0 MB stacks, 0 MB globals, 8 P
gc 5047 @47.937s 2%: 0.079+0.38+0.058 ms clock, 0.63+0.75/0.58/0+0.46 ms cpu, 3->3->1 MB, 4 MB goal, 0 MB stacks, 0 MB globals, 8 P
gc 5048 @47.939s 2%: 0.11+0.48+0.045 ms clock, 0.92+0.59/0.64/0+0.36 ms cpu, 3->3->1 MB, 4 MB goal, 0 MB stacks, 0 MB globals, 8 P
gc 5049 @47.942s 2%: 0.092+0.49+0.074 ms clock, 0.74+0.65/0.63/0+0.59 ms cpu, 3->3->1 MB, 4 MB goal, 0 MB stacks, 0 MB globals, 8 P
gc 5050 @47.945s 2%: 0.10+0.48+0.10 ms clock, 0.87+0.62/0.62/0+0.80 ms cpu, 3->3->1 MB, 4 MB goal, 0 MB stacks, 0 MB globals, 8 P
gc 5051 @47.948s 2%: 0.10+0.44+0.083 ms clock, 0.86+0.63/0.55/0+0.67 ms cpu, 3->3->1 MB, 4 MB goal, 0 MB stacks, 0 MB globals, 8 P
gc 5052 @47.950s 2%: 0.078+0.53+0.099 ms clock, 0.62+0.78/0.55/0+0.79 ms cpu, 3->3->1 MB, 4 MB goal, 0 MB stacks, 0 MB globals, 8 P
gc 5053 @47.953s 2%: 0.094+0.48+0.092 ms clock, 0.75+0.62/0.62/0+0.74 ms cpu, 3->3->1 MB, 4 MB goal, 0 MB stacks, 0 MB globals, 8 P
gc 5054 @47.956s 2%: 0.099+0.52+0.096 ms clock, 0.79+0.69/0.51/0+0.77 ms cpu, 3->3->1 MB, 4 MB goal, 0 MB stacks, 0 MB globals, 8 P
gc 5055 @47.959s 2%: 0.12+0.56+0.095 ms clock, 0.99+0.52/0.71/0+0.76 ms cpu, 3->3->1 MB, 4 MB goal, 0 MB stacks, 0 MB globals, 8 P
gc 5056 @47.961s 2%: 0.12+0.48+0.10 ms clock, 1.0+0.76/0.55/0+0.80 ms cpu, 3->3->1 MB, 4 MB goal, 0 MB stacks, 0 MB globals, 8 P
gc 5057 @47.964s 2%: 0.068+0.51+0.075 ms clock, 0.54+0.76/0.59/0+0.60 ms cpu, 3->3->1 MB, 4 MB goal, 0 MB stacks, 0 MB globals, 8 P
gc 5058 @47.967s 2%: 0.12+0.63+0.11 ms clock, 0.97+0.60/0.73/0+0.91 ms cpu, 3->3->1 MB, 4 MB goal, 0 MB stacks, 0 MB globals, 8 P
gc 5059 @47.970s 2%: 0.059+0.49+0.071 ms clock, 0.47+0.59/0.55/0+0.57 ms cpu, 3->3->1 MB, 4 MB goal, 0 MB stacks, 0 MB globals, 8 P
gc 5060 @47.973s 2%: 0.10+0.49+0.046 ms clock, 0.80+0.61/0.65/0+0.37 ms cpu, 3->3->1 MB, 4 MB goal, 0 MB stacks, 0 MB globals, 8 P
gc 5061 @47.975s 2%: 0.10+0.58+0.081 ms clock, 0.83+0.52/0.60/0+0.65 ms cpu, 3->3->1 MB, 4 MB goal, 0 MB stacks, 0 MB globals, 8 P
gc 5062 @47.978s 2%: 0.071+0.49+0.12 ms clock, 0.57+0.78/0.64/0+0.97 ms cpu, 3->3->1 MB, 4 MB goal, 0 MB stacks, 0 MB globals, 8 P
gc 5063 @47.981s 2%: 0.039+0.55+0.067 ms clock, 0.31+0.75/0.70/0+0.53 ms cpu, 3->3->1 MB, 4 MB goal, 0 MB stacks, 0 MB globals, 8 P
gc 5064 @47.983s 2%: 0.094+0.49+0.083 ms clock, 0.75+0.70/0.58/0+0.67 ms cpu, 3->3->1 MB, 4 MB goal, 0 MB stacks, 0 MB globals, 8 P
gc 5065 @47.986s 2%: 0.080+0.46+0.084 ms clock, 0.64+0.64/0.59/0+0.67 ms cpu, 3->3->1 MB, 4 MB goal, 0 MB stacks, 0 MB globals, 8 P
gc 5066 @47.989s 2%: 0.093+0.50+0.088 ms clock, 0.74+0.65/0.54/0+0.70 ms cpu, 3->3->1 MB, 4 MB goal, 0 MB stacks, 0 MB globals, 8 P
gc 5067 @47.992s 2%: 0.089+0.55+0.084 ms clock, 0.71+0.63/0.61/0+0.67 ms cpu, 3->3->1 MB, 4 MB goal, 0 MB stacks, 0 MB globals, 8 P
gc 5068 @47.994s 2%: 0.12+0.48+0.056 ms clock, 0.96+0.64/0.64/0+0.44 ms cpu, 3->3->1 MB, 4 MB goal, 0 MB stacks, 0 MB globals, 8 P
gc 5069 @47.997s 2%: 0.10+0.52+0.10 ms clock, 0.82+0.72/0.76/0+0.83 ms cpu, 3->3->1 MB, 4 MB goal, 0 MB stacks, 0 MB globals, 8 P
gc 5070 @48.000s 2%: 0.079+0.79+0.11 ms clock, 0.63+0.45/0.64/0+0.88 ms cpu, 3->3->1 MB, 4 MB goal, 0 MB stacks, 0 MB globals, 8 P
gc 5071 @48.003s 2%: 0.081+0.46+0.10 ms clock, 0.64+0.64/0.58/0+0.86 ms cpu, 3->3->1 MB, 4 MB goal, 0 MB stacks, 0 MB globals, 8 P
gc 5072 @48.006s 2%: 0.096+0.48+0.10 ms clock, 0.77+0.70/0.57/0+0.86 ms cpu, 3->3->1 MB, 4 MB goal, 0 MB stacks, 0 MB globals, 8 P
gc 5073 @48.008s 2%: 0.094+0.42+0.090 ms clock, 0.75+0.75/0.61/0+0.72 ms cpu, 3->3->1 MB, 4 MB goal, 0 MB stacks, 0 MB globals, 8 P
gc 5074 @48.011s 2%: 0.14+0.54+0.094 ms clock, 1.1+0.63/0.68/0+0.75 ms cpu, 3->3->1 MB, 4 MB goal, 0 MB stacks, 0 MB globals, 8 P
gc 5075 @48.014s 2%: 0.096+0.44+0.067 ms clock, 0.77+0.72/0.60/0+0.53 ms cpu, 3->3->1 MB, 4 MB goal, 0 MB stacks, 0 MB globals, 8 P
gc 5076 @48.017s 2%: 0.071+0.57+0.068 ms clock, 0.57+0.66/0.75/0+0.55 ms cpu, 3->3->1 MB, 4 MB goal, 0 MB stacks, 0 MB globals, 8 P
gc 5077 @48.019s 2%: 0.099+0.57+0.068 ms clock, 0.79+0.61/0.69/0+0.54 ms cpu, 3->3->1 MB, 4 MB goal, 0 MB stacks, 0 MB globals, 8 P
gc 5078 @48.022s 2%: 0.11+0.59+0.049 ms clock, 0.94+0.63/0.58/0+0.39 ms cpu, 3->3->1 MB, 4 MB goal, 0 MB stacks, 0 MB globals, 8 P
gc 5079 @48.025s 2%: 0.076+0.40+0.050 ms clock, 0.60+0.67/0.60/0+0.40 ms cpu, 3->3->1 MB, 4 MB goal, 0 MB stacks, 0 MB globals, 8 P
gc 5080 @48.028s 2%: 0.10+0.54+0.077 ms clock, 0.80+0.65/0.69/0+0.62 ms cpu, 3->3->1 MB, 4 MB goal, 0 MB stacks, 0 MB globals, 8 P
gc 5081 @48.030s 2%: 0.095+0.57+0.096 ms clock, 0.76+0.71/0.69/0+0.76 ms cpu, 3->3->1 MB, 4 MB goal, 0 MB stacks, 0 MB globals, 8 P
gc 5082 @48.033s 2%: 0.072+0.73+0.11 ms clock, 0.57+0.50/0.64/0+0.94 ms cpu, 3->3->1 MB, 4 MB goal, 0 MB stacks, 0 MB globals, 8 P
gc 5083 @48.036s 2%: 0.071+0.49+0.082 ms clock, 0.57+0.58/0.66/0+0.65 ms cpu, 3->3->1 MB, 4 MB goal, 0 MB stacks, 0 MB globals, 8 P
gc 5084 @48.039s 2%: 0.091+0.54+0.095 ms clock, 0.73+0.73/0.62/0+0.76 ms cpu, 3->3->1 MB, 4 MB goal, 0 MB stacks, 0 MB globals, 8 P
gc 5085 @48.042s 2%: 0.097+0.59+0.082 ms clock, 0.77+0.59/0.64/0+0.65 ms cpu, 3->3->1 MB, 4 MB goal, 0 MB stacks, 0 MB globals, 8 P
gc 5086 @48.044s 2%: 0.081+0.65+0.085 ms clock, 0.65+0.69/0.64/0+0.68 ms cpu, 3->3->1 MB, 4 MB goal, 0 MB stacks, 0 MB globals, 8 P
gc 5087 @48.047s 2%: 0.10+0.48+0.049 ms clock, 0.82+0.70/0.56/0+0.39 ms cpu, 3->3->1 MB, 4 MB goal, 0 MB stacks, 0 MB globals, 8 P
gc 5088 @48.050s 2%: 0.13+0.57+0.087 ms clock, 1.1+0.52/0.72/0+0.69 ms cpu, 3->3->1 MB, 4 MB goal, 0 MB stacks, 0 MB globals, 8 P
gc 5089 @48.053s 2%: 0.13+0.50+0.12 ms clock, 1.0+0.65/0.55/0+1.0 ms cpu, 3->3->1 MB, 4 MB goal, 0 MB stacks, 0 MB globals, 8 P
gc 5090 @48.055s 2%: 0.064+0.52+0.089 ms clock, 0.51+0.74/0.70/0+0.71 ms cpu, 3->3->1 MB, 4 MB goal, 0 MB stacks, 0 MB globals, 8 P
gc 5091 @48.058s 2%: 0.089+0.48+0.098 ms clock, 0.71+0.60/0.64/0+0.79 ms cpu, 3->3->1 MB, 4 MB goal, 0 MB stacks, 0 MB globals, 8 P
gc 5092 @48.061s 2%: 0.12+0.89+0.061 ms clock, 0.96+0.65/0.60/0+0.49 ms cpu, 3->3->1 MB, 4 MB goal, 0 MB stacks, 0 MB globals, 8 P
gc 5093 @48.064s 2%: 0.11+0.57+0.067 ms clock, 0.93+0.69/0.70/0+0.54 ms cpu, 3->3->1 MB, 4 MB goal, 0 MB stacks, 0 MB globals, 8 P
gc 5094 @48.067s 2%: 0.10+0.55+0.11 ms clock, 0.86+0.66/0.73/0+0.91 ms cpu, 3->3->1 MB, 4 MB goal, 0 MB stacks, 0 MB globals, 8 P
gc 5095 @48.070s 2%: 0.092+0.53+0.086 ms clock, 0.74+0.66/0.73/0+0.68 ms cpu, 3->3->1 MB, 4 MB goal, 0 MB stacks, 0 MB globals, 8 P
gc 5096 @48.072s 2%: 0.15+0.46+0.086 ms clock, 1.2+0.62/0.68/0+0.69 ms cpu, 3->3->1 MB, 4 MB goal, 0 MB stacks, 0 MB globals, 8 P
gc 5097 @48.075s 2%: 0.069+0.42+0.067 ms clock, 0.55+0.78/0.53/0+0.53 ms cpu, 3->3->1 MB, 4 MB goal, 0 MB stacks, 0 MB globals, 8 P
gc 5098 @48.078s 2%: 0.097+0.48+0.054 ms clock, 0.77+0.59/0.66/0+0.43 ms cpu, 3->3->1 MB, 4 MB goal, 0 MB stacks, 0 MB globals, 8 P
gc 5099 @48.080s 2%: 0.099+0.53+0.078 ms clock, 0.79+0.68/0.64/0+0.62 ms cpu, 3->3->1 MB, 4 MB goal, 0 MB stacks, 0 MB globals, 8 P
gc 5100 @48.083s 2%: 0.088+0.45+0.045 ms clock, 0.70+0.58/0.59/0+0.36 ms cpu, 3->3->1 MB, 4 MB goal, 0 MB stacks, 0 MB globals, 8 P
gc 5101 @48.086s 2%: 0.097+0.50+0.12 ms clock, 0.78+0.61/0.70/0+0.98 ms cpu, 3->3->1 MB, 4 MB goal, 0 MB stacks, 0 MB globals, 8 P
gc 5102 @48.089s 2%: 0.10+0.48+0.078 ms clock, 0.81+0.62/0.66/0+0.62 ms cpu, 3->3->1 MB, 4 MB goal, 0 MB stacks, 0 MB globals, 8 P
gc 5103 @48.091s 2%: 0.10+0.49+0.11 ms clock, 0.84+0.78/0.61/0+0.92 ms cpu, 3->3->1 MB, 4 MB goal, 0 MB stacks, 0 MB globals, 8 P
gc 5104 @48.094s 2%: 0.12+0.58+0.11 ms clock, 0.99+0.61/0.67/0+0.95 ms cpu, 3->3->1 MB, 4 MB goal, 0 MB stacks, 0 MB globals, 8 P
gc 5105 @48.097s 2%: 0.11+0.45+0.051 ms clock, 0.88+0.64/0.60/0+0.41 ms cpu, 3->3->1 MB, 4 MB goal, 0 MB stacks, 0 MB globals, 8 P
gc 5106 @48.100s 2%: 0.10+0.44+0.083 ms clock, 0.85+0.52/0.66/0+0.66 ms cpu, 3->3->1 MB, 4 MB goal, 0 MB stacks, 0 MB globals, 8 P
gc 5107 @48.102s 2%: 0.080+0.56+0.078 ms clock, 0.64+0.65/0.61/0+0.63 ms cpu, 3->3->1 MB, 4 MB goal, 0 MB stacks, 0 MB globals, 8 P
gc 5108 @48.105s 2%: 0.068+0.50+0.081 ms clock, 0.54+0.64/0.61/0+0.65 ms cpu, 3->3->1 MB, 4 MB goal, 0 MB stacks, 0 MB globals, 8 P
gc 5109 @48.108s 2%: 0.092+0.47+0.10 ms clock, 0.74+0.62/0.54/0+0.81 ms cpu, 3->3->1 MB, 4 MB goal, 0 MB stacks, 0 MB globals, 8 P
gc 5110 @48.111s 2%: 0.11+0.45+0.084 ms clock, 0.89+0.68/0.56/0+0.67 ms cpu, 3->3->1 MB, 4 MB goal, 0 MB stacks, 0 MB globals, 8 P
gc 5111 @48.113s 2%: 0.046+0.52+0.093 ms clock, 0.37+0.62/0.68/0+0.74 ms cpu, 3->3->1 MB, 4 MB goal, 0 MB stacks, 0 MB globals, 8 P
gc 5112 @48.116s 2%: 0.061+0.38+0.078 ms clock, 0.48+0.75/0.57/0+0.62 ms cpu, 3->3->1 MB, 4 MB goal, 0 MB stacks, 0 MB globals, 8 P
gc 5113 @48.119s 2%: 0.11+0.47+0.086 ms clock, 0.91+0.66/0.52/0+0.69 ms cpu, 3->3->1 MB, 4 MB goal, 0 MB stacks, 0 MB globals, 8 P
gc 5114 @48.122s 2%: 0.14+0.42+0.098 ms clock, 1.1+0.70/0.49/0+0.78 ms cpu, 3->3->1 MB, 4 MB goal, 0 MB stacks, 0 MB globals, 8 P
gc 5115 @48.124s 2%: 0.10+0.45+0.046 ms clock, 0.84+0.56/0.63/0+0.37 ms cpu, 3->3->1 MB, 4 MB goal, 0 MB stacks, 0 MB globals, 8 P
gc 5116 @48.127s 2%: 0.10+0.61+0.064 ms clock, 0.80+0.60/0.60/0+0.51 ms cpu, 3->3->1 MB, 4 MB goal, 0 MB stacks, 0 MB globals, 8 P
gc 5117 @48.130s 2%: 0.11+0.60+0.061 ms clock, 0.90+0.62/0.74/0+0.49 ms cpu, 3->3->1 MB, 4 MB goal, 0 MB stacks, 0 MB globals, 8 P
gc 5118 @48.133s 2%: 0.059+0.47+0.10 ms clock, 0.47+0.73/0.63/0+0.83 ms cpu, 3->3->1 MB, 4 MB goal, 0 MB stacks, 0 MB globals, 8 P
gc 5119 @48.136s 2%: 0.10+0.55+0.085 ms clock, 0.86+0.70/0.69/0+0.68 ms cpu, 3->3->1 MB, 4 MB goal, 0 MB stacks, 0 MB globals, 8 P
gc 5120 @48.138s 2%: 0.12+0.51+0.038 ms clock, 0.99+0.68/0.66/0+0.30 ms cpu, 3->3->1 MB, 4 MB goal, 0 MB stacks, 0 MB globals, 8 P
gc 5121 @48.141s 2%: 0.096+0.56+0.042 ms clock, 0.77+0.71/0.73/0+0.33 ms cpu, 3->3->1 MB, 4 MB goal, 0 MB stacks, 0 MB globals, 8 P
gc 5122 @48.144s 2%: 0.068+0.51+0.097 ms clock, 0.54+0.69/0.64/0+0.78 ms cpu, 3->3->1 MB, 4 MB goal, 0 MB stacks, 0 MB globals, 8 P
gc 5123 @48.147s 2%: 0.069+0.51+0.10 ms clock, 0.55+0.69/0.65/0+0.82 ms cpu, 3->3->1 MB, 4 MB goal, 0 MB stacks, 0 MB globals, 8 P
gc 5124 @48.149s 2%: 0.12+0.47+0.095 ms clock, 0.97+0.76/0.56/0+0.76 ms cpu, 3->3->1 MB, 4 MB goal, 0 MB stacks, 0 MB globals, 8 P
gc 5125 @48.152s 2%: 0.12+0.45+0.044 ms clock, 1.0+0.64/0.61/0+0.35 ms cpu, 3->3->1 MB, 4 MB goal, 0 MB stacks, 0 MB globals, 8 P
gc 5126 @48.155s 2%: 0.086+0.56+0.098 ms clock, 0.69+0.76/0.58/0+0.79 ms cpu, 3->3->1 MB, 4 MB goal, 0 MB stacks, 0 MB globals, 8 P
gc 5127 @48.158s 2%: 0.078+0.55+0.10 ms clock, 0.62+0.64/0.63/0+0.81 ms cpu, 3->3->1 MB, 4 MB goal, 0 MB stacks, 0 MB globals, 8 P
gc 5128 @48.161s 2%: 0.12+0.51+0.085 ms clock, 0.96+0.68/0.57/0+0.68 ms cpu, 3->3->1 MB, 4 MB goal, 0 MB stacks, 0 MB globals, 8 P
gc 5129 @48.163s 2%: 0.11+0.55+0.10 ms clock, 0.94+0.76/0.57/0+0.84 ms cpu, 3->3->1 MB, 4 MB goal, 0 MB stacks, 0 MB globals, 8 P
gc 5130 @48.166s 2%: 0.10+0.54+0.088 ms clock, 0.80+0.67/0.59/0+0.70 ms cpu, 3->3->1 MB, 4 MB goal, 0 MB stacks, 0 MB globals, 8 P
gc 5131 @48.169s 2%: 0.10+0.43+0.079 ms clock, 0.81+0.54/0.57/0+0.63 ms cpu, 3->3->1 MB, 4 MB goal, 0 MB stacks, 0 MB globals, 8 P
gc 5132 @48.172s 2%: 0.081+0.54+0.095 ms clock, 0.64+0.54/0.71/0+0.76 ms cpu, 3->3->1 MB, 4 MB goal, 0 MB stacks, 0 MB globals, 8 P
gc 5133 @48.174s 2%: 0.10+0.47+0.10 ms clock, 0.85+0.78/0.53/0+0.84 ms cpu, 3->3->1 MB, 4 MB goal, 0 MB stacks, 0 MB globals, 8 P
gc 5134 @48.177s 2%: 0.11+0.55+0.11 ms clock, 0.91+0.68/0.65/0+0.89 ms cpu, 3->3->1 MB, 4 MB goal, 0 MB stacks, 0 MB globals, 8 P
gc 5135 @48.180s 2%: 0.051+0.41+0.073 ms clock, 0.41+0.78/0.51/0+0.58 ms cpu, 3->3->1 MB, 4 MB goal, 0 MB stacks, 0 MB globals, 8 P
gc 5136 @48.183s 2%: 0.098+0.51+0.087 ms clock, 0.79+0.66/0.62/0+0.70 ms cpu, 3->3->1 MB, 4 MB goal, 0 MB stacks, 0 MB globals, 8 P
gc 5137 @48.185s 2%: 0.10+0.54+0.095 ms clock, 0.80+0.69/0.63/0+0.76 ms cpu, 3->3->1 MB, 4 MB goal, 0 MB stacks, 0 MB globals, 8 P
gc 5138 @48.188s 2%: 0.061+0.43+0.044 ms clock, 0.48+0.69/0.53/0+0.35 ms cpu, 3->3->1 MB, 4 MB goal, 0 MB stacks, 0 MB globals, 8 P
gc 5139 @48.191s 2%: 0.062+0.52+0.089 ms clock, 0.49+0.62/0.53/0.047+0.71 ms cpu, 3->3->1 MB, 4 MB goal, 0 MB stacks, 0 MB globals, 8 P
gc 5140 @48.194s 2%: 0.14+0.60+0.088 ms clock, 1.1+0.71/0.64/0+0.70 ms cpu, 3->3->1 MB, 4 MB goal, 0 MB stacks, 0 MB globals, 8 P
gc 5141 @48.196s 2%: 0.078+0.50+0.10 ms clock, 0.63+0.69/0.62/0+0.84 ms cpu, 3->3->1 MB, 4 MB goal, 0 MB stacks, 0 MB globals, 8 P
gc 5142 @48.199s 2%: 0.13+0.51+0.061 ms clock, 1.0+0.64/0.61/0+0.49 ms cpu, 3->3->1 MB, 4 MB goal, 0 MB stacks, 0 MB globals, 8 P
gc 5143 @48.202s 2%: 0.088+0.56+0.096 ms clock, 0.71+0.76/0.63/0+0.77 ms cpu, 3->3->1 MB, 4 MB goal, 0 MB stacks, 0 MB globals, 8 P
gc 5144 @48.205s 2%: 0.10+0.54+0.095 ms clock, 0.87+0.72/0.62/0+0.76 ms cpu, 3->3->1 MB, 4 MB goal, 0 MB stacks, 0 MB globals, 8 P
gc 5145 @48.207s 2%: 0.077+0.64+0.093 ms clock, 0.61+0.68/0.68/0+0.74 ms cpu, 3->3->1 MB, 4 MB goal, 0 MB stacks, 0 MB globals, 8 P
gc 5146 @48.210s 2%: 0.091+0.47+0.091 ms clock, 0.73+0.67/0.60/0+0.72 ms cpu, 3->3->1 MB, 4 MB goal, 0 MB stacks, 0 MB globals, 8 P
gc 5147 @48.213s 2%: 0.10+0.57+0.091 ms clock, 0.84+0.76/0.67/0+0.73 ms cpu, 3->3->1 MB, 4 MB goal, 0 MB stacks, 0 MB globals, 8 P
gc 5148 @48.216s 2%: 0.074+0.37+0.079 ms clock, 0.59+0.82/0.49/0+0.63 ms cpu, 3->3->1 MB, 4 MB goal, 0 MB stacks, 0 MB globals, 8 P
gc 5149 @48.218s 2%: 0.077+0.56+0.086 ms clock, 0.61+0.74/0.64/0+0.69 ms cpu, 3->3->1 MB, 4 MB goal, 0 MB stacks, 0 MB globals, 8 P
gc 5150 @48.221s 2%: 0.090+0.49+0.087 ms clock, 0.72+0.61/0.70/0+0.69 ms cpu, 3->3->1 MB, 4 MB goal, 0 MB stacks, 0 MB globals, 8 P
gc 5151 @48.224s 2%: 0.079+0.54+0.10 ms clock, 0.63+0.76/0.52/0+0.85 ms cpu, 3->3->1 MB, 4 MB goal, 0 MB stacks, 0 MB globals, 8 P
gc 5152 @48.227s 2%: 0.076+0.40+0.11 ms clock, 0.61+0.82/0.54/0+0.89 ms cpu, 3->3->1 MB, 4 MB goal, 0 MB stacks, 0 MB globals, 8 P
gc 5153 @48.229s 2%: 0.11+0.78+0.061 ms clock, 0.94+0.62/0.70/0+0.49 ms cpu, 3->3->1 MB, 4 MB goal, 0 MB stacks, 0 MB globals, 8 P
gc 5154 @48.232s 2%: 0.10+0.46+0.12 ms clock, 0.81+0.63/0.63/0+1.0 ms cpu, 3->3->1 MB, 4 MB goal, 0 MB stacks, 0 MB globals, 8 P
gc 5155 @48.235s 2%: 0.086+0.52+0.085 ms clock, 0.69+0.70/0.65/0+0.68 ms cpu, 3->3->1 MB, 4 MB goal, 0 MB stacks, 0 MB globals, 8 P
gc 5156 @48.238s 2%: 0.10+0.51+0.084 ms clock, 0.85+0.69/0.64/0+0.67 ms cpu, 3->3->1 MB, 4 MB goal, 0 MB stacks, 0 MB globals, 8 P
gc 5157 @48.240s 2%: 0.10+0.68+0.070 ms clock, 0.84+0.68/0.51/0+0.56 ms cpu, 3->3->1 MB, 4 MB goal, 0 MB stacks, 0 MB globals, 8 P
gc 5158 @48.243s 2%: 0.11+0.72+0.057 ms clock, 0.93+0.67/0.56/0+0.45 ms cpu, 3->3->1 MB, 4 MB goal, 0 MB stacks, 0 MB globals, 8 P
gc 5159 @48.246s 2%: 0.12+0.53+0.078 ms clock, 0.99+0.71/0.64/0+0.62 ms cpu, 3->3->1 MB, 4 MB goal, 0 MB stacks, 0 MB globals, 8 P
gc 5160 @48.249s 2%: 0.068+0.65+0.090 ms clock, 0.54+0.66/0.58/0+0.72 ms cpu, 3->3->1 MB, 4 MB goal, 0 MB stacks, 0 MB globals, 8 P
gc 5161 @48.252s 2%: 0.095+0.52+0.10 ms clock, 0.76+0.70/0.54/0+0.86 ms cpu, 3->3->1 MB, 4 MB goal, 0 MB stacks, 0 MB globals, 8 P
gc 5162 @48.254s 2%: 0.094+0.58+0.10 ms clock, 0.75+0.66/0.71/0+0.83 ms cpu, 3->3->1 MB, 4 MB goal, 0 MB stacks, 0 MB globals, 8 P
gc 5163 @48.257s 2%: 0.11+0.47+0.094 ms clock, 0.92+0.52/0.68/0+0.75 ms cpu, 3->3->1 MB, 4 MB goal, 0 MB stacks, 0 MB globals, 8 P
gc 5164 @48.260s 2%: 0.15+0.51+0.086 ms clock, 1.2+0.66/0.59/0+0.68 ms cpu, 3->3->1 MB, 4 MB goal, 0 MB stacks, 0 MB globals, 8 P
gc 5165 @48.263s 2%: 0.089+0.86+0.069 ms clock, 0.71+0.68/0.61/0+0.55 ms cpu, 3->3->1 MB, 4 MB goal, 0 MB stacks, 0 MB globals, 8 P
gc 5166 @48.266s 2%: 0.081+0.75+0.090 ms clock, 0.65+0.56/0.65/0+0.72 ms cpu, 3->3->1 MB, 4 MB goal, 0 MB stacks, 0 MB globals, 8 P
gc 5167 @48.268s 2%: 0.15+0.52+0.086 ms clock, 1.2+0.63/0.63/0+0.69 ms cpu, 3->3->1 MB, 4 MB goal, 0 MB stacks, 0 MB globals, 8 P
gc 5168 @48.271s 2%: 0.086+0.64+0.11 ms clock, 0.69+0.57/0.61/0+0.89 ms cpu, 3->3->1 MB, 4 MB goal, 0 MB stacks, 0 MB globals, 8 P
gc 5169 @48.274s 2%: 0.12+0.49+0.059 ms clock, 1.0+0.59/0.65/0+0.47 ms cpu, 3->3->1 MB, 4 MB goal, 0 MB stacks, 0 MB globals, 8 P
gc 5170 @48.277s 2%: 0.10+0.93+0.038 ms clock, 0.82+0.69/0.65/0+0.31 ms cpu, 3->3->1 MB, 4 MB goal, 0 MB stacks, 0 MB globals, 8 P
gc 5171 @48.280s 2%: 0.092+0.50+0.055 ms clock, 0.74+0.68/0.64/0+0.44 ms cpu, 3->3->1 MB, 4 MB goal, 0 MB stacks, 0 MB globals, 8 P
gc 5172 @48.282s 2%: 0.10+0.43+0.040 ms clock, 0.85+0.62/0.61/0+0.32 ms cpu, 3->3->1 MB, 4 MB goal, 0 MB stacks, 0 MB globals, 8 P
gc 5173 @48.285s 2%: 0.11+0.51+0.10 ms clock, 0.93+0.68/0.59/0+0.82 ms cpu, 3->3->1 MB, 4 MB goal, 0 MB stacks, 0 MB globals, 8 P
gc 5174 @48.288s 2%: 0.071+0.47+0.043 ms clock, 0.57+0.64/0.67/0+0.35 ms cpu, 3->3->1 MB, 4 MB goal, 0 MB stacks, 0 MB globals, 8 P
gc 5175 @48.291s 2%: 0.073+0.43+0.054 ms clock, 0.59+0.70/0.56/0+0.43 ms cpu, 3->3->1 MB, 4 MB goal, 0 MB stacks, 0 MB globals, 8 P
gc 5176 @48.293s 2%: 0.11+0.42+0.091 ms clock, 0.88+0.77/0.56/0+0.73 ms cpu, 3->3->1 MB, 4 MB goal, 0 MB stacks, 0 MB globals, 8 P
gc 5177 @48.296s 2%: 0.089+0.48+0.11 ms clock, 0.71+0.75/0.52/0+0.88 ms cpu, 3->3->1 MB, 4 MB goal, 0 MB stacks, 0 MB globals, 8 P
gc 5178 @48.299s 2%: 0.10+0.50+0.093 ms clock, 0.85+0.59/0.64/0+0.75 ms cpu, 3->3->1 MB, 4 MB goal, 0 MB stacks, 0 MB globals, 8 P
gc 5179 @48.302s 2%: 0.11+0.75+0.057 ms clock, 0.92+0.73/0.55/0+0.46 ms cpu, 3->3->1 MB, 4 MB goal, 0 MB stacks, 0 MB globals, 8 P
gc 5180 @48.305s 2%: 0.053+0.55+0.12 ms clock, 0.42+0.75/0.58/0+0.96 ms cpu, 3->3->1 MB, 4 MB goal, 0 MB stacks, 0 MB globals, 8 P
gc 5181 @48.308s 2%: 0.12+0.51+0.069 ms clock, 1.0+0.64/0.55/0+0.55 ms cpu, 3->3->1 MB, 4 MB goal, 0 MB stacks, 0 MB globals, 8 P
gc 5182 @48.310s 2%: 0.094+0.48+0.10 ms clock, 0.75+0.69/0.51/0+0.84 ms cpu, 3->3->1 MB, 4 MB goal, 0 MB stacks, 0 MB globals, 8 P
gc 5183 @48.313s 2%: 0.15+0.57+0.091 ms clock, 1.2+0.72/0.68/0+0.73 ms cpu, 3->3->1 MB, 4 MB goal, 0 MB stacks, 0 MB globals, 8 P
gc 5184 @48.316s 2%: 0.099+0.85+0.087 ms clock, 0.79+0.60/0.62/0+0.69 ms cpu, 3->3->1 MB, 4 MB goal, 0 MB stacks, 0 MB globals, 8 P
gc 5185 @48.319s 2%: 0.12+0.40+0.10 ms clock, 0.97+0.72/0.55/0+0.85 ms cpu, 3->3->1 MB, 4 MB goal, 0 MB stacks, 0 MB globals, 8 P
gc 5186 @48.321s 2%: 0.081+0.63+0.083 ms clock, 0.65+0.55/0.69/0+0.66 ms cpu, 3->3->1 MB, 4 MB goal, 0 MB stacks, 0 MB globals, 8 P
gc 5187 @48.324s 2%: 0.054+0.79+0.10 ms clock, 0.43+0.57/0.61/0+0.87 ms cpu, 3->3->1 MB, 4 MB goal, 0 MB stacks, 0 MB globals, 8 P
gc 5188 @48.327s 2%: 0.11+0.88+0.084 ms clock, 0.91+0.67/0.54/0+0.67 ms cpu, 3->3->1 MB, 4 MB goal, 0 MB stacks, 0 MB globals, 8 P
gc 5189 @48.330s 2%: 0.075+0.77+0.049 ms clock, 0.60+0.65/0.60/0+0.39 ms cpu, 3->3->1 MB, 4 MB goal, 0 MB stacks, 0 MB globals, 8 P
gc 5190 @48.333s 2%: 0.14+0.59+0.10 ms clock, 1.1+0.51/0.63/0+0.83 ms cpu, 3->3->1 MB, 4 MB goal, 0 MB stacks, 0 MB globals, 8 P
gc 5191 @48.336s 2%: 0.10+0.82+0.065 ms clock, 0.80+0.56/0.67/0+0.52 ms cpu, 3->3->1 MB, 4 MB goal, 0 MB stacks, 0 MB globals, 8 P
gc 5192 @48.339s 2%: 0.11+0.60+0.056 ms clock, 0.93+0.70/0.57/0+0.45 ms cpu, 3->3->1 MB, 4 MB goal, 0 MB stacks, 0 MB globals, 8 P
gc 5193 @48.341s 2%: 0.11+0.92+0.098 ms clock, 0.92+0.63/0.68/0+0.78 ms cpu, 3->3->1 MB, 4 MB goal, 0 MB stacks, 0 MB globals, 8 P
gc 5194 @48.344s 2%: 0.10+0.56+0.082 ms clock, 0.86+0.70/0.56/0+0.66 ms cpu, 3->3->1 MB, 4 MB goal, 0 MB stacks, 0 MB globals, 8 P
gc 5195 @48.347s 2%: 0.11+0.56+0.083 ms clock, 0.90+0.68/0.66/0+0.67 ms cpu, 3->3->1 MB, 4 MB goal, 0 MB stacks, 0 MB globals, 8 P
gc 5196 @48.350s 2%: 0.094+0.53+0.092 ms clock, 0.75+0.68/0.55/0+0.73 ms cpu, 3->3->1 MB, 4 MB goal, 0 MB stacks, 0 MB globals, 8 P
gc 5197 @48.352s 2%: 0.065+0.51+0.086 ms clock, 0.52+0.58/0.63/0+0.69 ms cpu, 3->3->1 MB, 4 MB goal, 0 MB stacks, 0 MB globals, 8 P
gc 5198 @48.355s 2%: 0.11+0.52+0.10 ms clock, 0.94+0.58/0.68/0+0.85 ms cpu, 3->3->1 MB, 4 MB goal, 0 MB stacks, 0 MB globals, 8 P
gc 5199 @48.358s 2%: 0.11+0.55+0.079 ms clock, 0.88+0.60/0.65/0+0.63 ms cpu, 3->3->1 MB, 4 MB goal, 0 MB stacks, 0 MB globals, 8 P
gc 5200 @48.361s 2%: 0.095+0.85+0.096 ms clock, 0.76+0.56/0.66/0+0.77 ms cpu, 3->3->1 MB, 4 MB goal, 0 MB stacks, 0 MB globals, 8 P
gc 5201 @48.364s 2%: 0.081+0.62+0.099 ms clock, 0.64+0.45/0.70/0+0.79 ms cpu, 3->3->1 MB, 4 MB goal, 0 MB stacks, 0 MB globals, 8 P
gc 5202 @48.366s 2%: 0.068+0.62+0.090 ms clock, 0.54+0.57/0.61/0+0.72 ms cpu, 3->3->1 MB, 4 MB goal, 0 MB stacks, 0 MB globals, 8 P
gc 5203 @48.369s 2%: 0.12+0.50+0.074 ms clock, 0.97+0.75/0.57/0+0.59 ms cpu, 3->3->1 MB, 4 MB goal, 0 MB stacks, 0 MB globals, 8 P
gc 5204 @48.372s 2%: 0.072+0.41+0.054 ms clock, 0.58+0.72/0.63/0+0.43 ms cpu, 3->3->1 MB, 4 MB goal, 0 MB stacks, 0 MB globals, 8 P
gc 5205 @48.375s 2%: 0.084+0.64+0.081 ms clock, 0.67+0.69/0.61/0+0.64 ms cpu, 3->3->1 MB, 4 MB goal, 0 MB stacks, 0 MB globals, 8 P
gc 5206 @48.378s 2%: 0.096+0.48+0.097 ms clock, 0.77+0.70/0.55/0+0.78 ms cpu, 3->3->1 MB, 4 MB goal, 0 MB stacks, 0 MB globals, 8 P
gc 5207 @48.380s 2%: 0.12+0.67+0.097 ms clock, 0.97+0.62/0.62/0+0.77 ms cpu, 3->3->1 MB, 4 MB goal, 0 MB stacks, 0 MB globals, 8 P
gc 5208 @48.383s 2%: 0.11+0.56+0.11 ms clock, 0.95+0.70/0.60/0+0.94 ms cpu, 3->3->1 MB, 4 MB goal, 0 MB stacks, 0 MB globals, 8 P
gc 5209 @48.386s 2%: 0.10+0.51+0.080 ms clock, 0.82+0.66/0.58/0+0.64 ms cpu, 3->3->1 MB, 4 MB goal, 0 MB stacks, 0 MB globals, 8 P
gc 5210 @48.389s 2%: 0.12+0.49+0.086 ms clock, 0.98+0.72/0.52/0+0.68 ms cpu, 3->3->1 MB, 4 MB goal, 0 MB stacks, 0 MB globals, 8 P
gc 5211 @48.391s 2%: 0.12+0.42+0.11 ms clock, 1.0+0.82/0.51/0+0.90 ms cpu, 3->3->1 MB, 4 MB goal, 0 MB stacks, 0 MB globals, 8 P
gc 5212 @48.394s 2%: 0.086+0.47+0.10 ms clock, 0.69+0.64/0.66/0+0.85 ms cpu, 3->3->1 MB, 4 MB goal, 0 MB stacks, 0 MB globals, 8 P
gc 5213 @48.397s 2%: 0.074+0.45+0.088 ms clock, 0.59+0.49/0.64/0+0.70 ms cpu, 3->3->1 MB, 4 MB goal, 0 MB stacks, 0 MB globals, 8 P
gc 5214 @48.400s 2%: 0.10+0.43+0.064 ms clock, 0.85+0.64/0.53/0+0.51 ms cpu, 3->3->1 MB, 4 MB goal, 0 MB stacks, 0 MB globals, 8 P
gc 5215 @48.402s 2%: 0.12+0.68+0.11 ms clock, 1.0+0.62/0.68/0+0.89 ms cpu, 3->3->1 MB, 4 MB goal, 0 MB stacks, 0 MB globals, 8 P
gc 5216 @48.405s 2%: 0.13+0.50+0.047 ms clock, 1.1+0.52/0.77/0+0.37 ms cpu, 3->3->1 MB, 4 MB goal, 0 MB stacks, 0 MB globals, 8 P
gc 5217 @48.408s 2%: 0.086+0.60+0.094 ms clock, 0.69+0.65/0.69/0+0.75 ms cpu, 3->3->1 MB, 4 MB goal, 0 MB stacks, 0 MB globals, 8 P
gc 5218 @48.411s 2%: 0.10+0.52+0.063 ms clock, 0.82+0.73/0.60/0+0.51 ms cpu, 3->3->1 MB, 4 MB goal, 0 MB stacks, 0 MB globals, 8 P
gc 5219 @48.414s 2%: 0.13+0.58+0.079 ms clock, 1.1+0.60/0.63/0+0.63 ms cpu, 3->3->1 MB, 4 MB goal, 0 MB stacks, 0 MB globals, 8 P
gc 5220 @48.416s 2%: 0.089+0.42+0.050 ms clock, 0.71+0.71/0.59/0+0.40 ms cpu, 3->3->1 MB, 4 MB goal, 0 MB stacks, 0 MB globals, 8 P
gc 5221 @48.419s 2%: 0.086+0.42+0.077 ms clock, 0.69+0.72/0.54/0+0.61 ms cpu, 3->3->1 MB, 4 MB goal, 0 MB stacks, 0 MB globals, 8 P
gc 5222 @48.422s 2%: 0.058+0.74+0.055 ms clock, 0.46+0.58/0.60/0+0.44 ms cpu, 3->3->1 MB, 4 MB goal, 0 MB stacks, 0 MB globals, 8 P
gc 5223 @48.425s 2%: 0.11+0.55+0.093 ms clock, 0.93+0.72/0.66/0+0.74 ms cpu, 3->3->1 MB, 4 MB goal, 0 MB stacks, 0 MB globals, 8 P
gc 5224 @48.427s 2%: 0.095+0.71+0.087 ms clock, 0.76+0.64/0.68/0+0.70 ms cpu, 3->3->1 MB, 4 MB goal, 0 MB stacks, 0 MB globals, 8 P
gc 5225 @48.430s 2%: 0.094+0.83+0.091 ms clock, 0.75+0.70/0.55/0+0.72 ms cpu, 3->4->1 MB, 4 MB goal, 0 MB stacks, 0 MB globals, 8 P
gc 5226 @48.433s 2%: 0.059+0.48+0.13 ms clock, 0.47+0.73/0.55/0+1.0 ms cpu, 3->3->1 MB, 4 MB goal, 0 MB stacks, 0 MB globals, 8 P
gc 5227 @48.436s 2%: 0.081+0.50+0.086 ms clock, 0.65+0.65/0.69/0+0.69 ms cpu, 3->3->1 MB, 4 MB goal, 0 MB stacks, 0 MB globals, 8 P
gc 5228 @48.439s 2%: 0.11+0.50+0.051 ms clock, 0.89+0.53/0.61/0+0.41 ms cpu, 3->3->1 MB, 4 MB goal, 0 MB stacks, 0 MB globals, 8 P
gc 5229 @48.441s 2%: 0.10+0.54+0.048 ms clock, 0.82+0.66/0.64/0+0.38 ms cpu, 3->3->1 MB, 4 MB goal, 0 MB stacks, 0 MB globals, 8 P
gc 5230 @48.444s 2%: 0.11+0.74+0.060 ms clock, 0.95+0.58/0.62/0+0.48 ms cpu, 3->3->1 MB, 4 MB goal, 0 MB stacks, 0 MB globals, 8 P
gc 5231 @48.447s 2%: 0.092+0.58+0.054 ms clock, 0.74+0.63/0.61/0+0.43 ms cpu, 3->3->1 MB, 4 MB goal, 0 MB stacks, 0 MB globals, 8 P
gc 5232 @48.450s 2%: 0.077+0.62+0.073 ms clock, 0.62+0.57/0.69/0+0.58 ms cpu, 3->3->1 MB, 4 MB goal, 0 MB stacks, 0 MB globals, 8 P
gc 5233 @48.453s 2%: 0.093+0.63+0.083 ms clock, 0.74+0.71/0.55/0+0.67 ms cpu, 3->3->1 MB, 4 MB goal, 0 MB stacks, 0 MB globals, 8 P
gc 5234 @48.456s 2%: 0.10+0.77+0.089 ms clock, 0.83+0.67/0.67/0+0.71 ms cpu, 3->3->1 MB, 4 MB goal, 0 MB stacks, 0 MB globals, 8 P
gc 5235 @48.458s 2%: 0.070+0.50+0.089 ms clock, 0.56+0.58/0.55/0+0.71 ms cpu, 3->3->1 MB, 4 MB goal, 0 MB stacks, 0 MB globals, 8 P
gc 5236 @48.461s 2%: 0.11+0.62+0.069 ms clock, 0.88+0.59/0.73/0+0.55 ms cpu, 3->3->1 MB, 4 MB goal, 0 MB stacks, 0 MB globals, 8 P
gc 5237 @48.464s 2%: 0.10+0.57+0.079 ms clock, 0.85+0.63/0.55/0+0.63 ms cpu, 3->3->1 MB, 4 MB goal, 0 MB stacks, 0 MB globals, 8 P
gc 5238 @48.467s 2%: 0.10+0.73+0.078 ms clock, 0.87+0.69/0.64/0+0.62 ms cpu, 3->3->1 MB, 4 MB goal, 0 MB stacks, 0 MB globals, 8 P
gc 5239 @48.470s 2%: 0.094+0.45+0.070 ms clock, 0.75+0.75/0.52/0+0.56 ms cpu, 3->3->1 MB, 4 MB goal, 0 MB stacks, 0 MB globals, 8 P
gc 5240 @48.472s 2%: 0.099+0.53+0.067 ms clock, 0.79+0.65/0.58/0+0.54 ms cpu, 3->3->1 MB, 4 MB goal, 0 MB stacks, 0 MB globals, 8 P
gc 5241 @48.475s 2%: 0.099+0.50+0.051 ms clock, 0.79+0.58/0.61/0+0.41 ms cpu, 3->3->1 MB, 4 MB goal, 0 MB stacks, 0 MB globals, 8 P
gc 5242 @48.478s 2%: 0.065+1.0+0.049 ms clock, 0.52+0.68/0.59/0+0.39 ms cpu, 3->4->1 MB, 4 MB goal, 0 MB stacks, 0 MB globals, 8 P
gc 5243 @48.481s 2%: 0.11+0.67+0.082 ms clock, 0.94+0.68/0.62/0+0.65 ms cpu, 3->3->1 MB, 4 MB goal, 0 MB stacks, 0 MB globals, 8 P
gc 5244 @48.484s 2%: 0.080+0.84+0.12 ms clock, 0.64+0.69/0.63/0+0.99 ms cpu, 3->3->1 MB, 4 MB goal, 0 MB stacks, 0 MB globals, 8 P
gc 5245 @48.486s 2%: 0.083+0.49+0.099 ms clock, 0.66+0.66/0.62/0+0.79 ms cpu, 3->3->1 MB, 4 MB goal, 0 MB stacks, 0 MB globals, 8 P
gc 5246 @48.489s 2%: 0.12+0.45+0.10 ms clock, 0.98+0.67/0.57/0+0.80 ms cpu, 3->3->1 MB, 4 MB goal, 0 MB stacks, 0 MB globals, 8 P
gc 5247 @48.492s 2%: 0.073+0.45+0.087 ms clock, 0.59+0.69/0.54/0+0.69 ms cpu, 3->3->1 MB, 4 MB goal, 0 MB stacks, 0 MB globals, 8 P
gc 5248 @48.495s 2%: 0.094+0.46+0.054 ms clock, 0.75+0.67/0.53/0+0.43 ms cpu, 3->3->1 MB, 4 MB goal, 0 MB stacks, 0 MB globals, 8 P
gc 5249 @48.497s 2%: 0.11+0.51+0.092 ms clock, 0.93+0.70/0.60/0+0.74 ms cpu, 3->3->1 MB, 4 MB goal, 0 MB stacks, 0 MB globals, 8 P
gc 5250 @48.500s 2%: 0.090+0.47+0.10 ms clock, 0.72+0.62/0.57/0+0.87 ms cpu, 3->3->1 MB, 4 MB goal, 0 MB stacks, 0 MB globals, 8 P
gc 5251 @48.503s 2%: 0.092+0.66+0.10 ms clock, 0.73+0.70/0.54/0+0.84 ms cpu, 3->3->1 MB, 4 MB goal, 0 MB stacks, 0 MB globals, 8 P
gc 5252 @48.506s 2%: 0.11+0.77+0.054 ms clock, 0.93+0.64/0.56/0+0.43 ms cpu, 3->3->1 MB, 4 MB goal, 0 MB stacks, 0 MB globals, 8 P
gc 5253 @48.509s 2%: 0.093+0.68+0.063 ms clock, 0.74+0.64/0.72/0+0.50 ms cpu, 3->3->1 MB, 4 MB goal, 0 MB stacks, 0 MB globals, 8 P
gc 5254 @48.512s 2%: 0.069+1.1+0.072 ms clock, 0.55+0.62/0.60/0+0.58 ms cpu, 3->3->1 MB, 4 MB goal, 0 MB stacks, 0 MB globals, 8 P
gc 5255 @48.514s 2%: 0.082+0.51+0.12 ms clock, 0.66+0.64/0.59/0+1.0 ms cpu, 3->3->1 MB, 4 MB goal, 0 MB stacks, 0 MB globals, 8 P
gc 5256 @48.517s 2%: 0.10+0.62+0.092 ms clock, 0.86+0.63/0.69/0+0.74 ms cpu, 3->3->1 MB, 4 MB goal, 0 MB stacks, 0 MB globals, 8 P
gc 5257 @48.520s 2%: 0.10+0.51+0.11 ms clock, 0.82+0.66/0.62/0+0.88 ms cpu, 3->3->1 MB, 4 MB goal, 0 MB stacks, 0 MB globals, 8 P
gc 5258 @48.523s 2%: 0.089+0.49+0.10 ms clock, 0.71+0.68/0.62/0+0.86 ms cpu, 3->3->1 MB, 4 MB goal, 0 MB stacks, 0 MB globals, 8 P
gc 5259 @48.526s 2%: 0.10+0.78+0.072 ms clock, 0.83+0.64/0.53/0+0.57 ms cpu, 3->3->1 MB, 4 MB goal, 0 MB stacks, 0 MB globals, 8 P
gc 5260 @48.528s 2%: 0.10+0.55+0.094 ms clock, 0.81+0.63/0.70/0+0.75 ms cpu, 3->3->1 MB, 4 MB goal, 0 MB stacks, 0 MB globals, 8 P
gc 5261 @48.531s 2%: 0.087+0.50+0.087 ms clock, 0.70+0.72/0.56/0+0.70 ms cpu, 3->3->1 MB, 4 MB goal, 0 MB stacks, 0 MB globals, 8 P
gc 5262 @48.534s 2%: 0.073+0.53+0.097 ms clock, 0.58+0.72/0.59/0+0.78 ms cpu, 3->3->1 MB, 4 MB goal, 0 MB stacks, 0 MB globals, 8 P
gc 5263 @48.537s 2%: 0.073+0.46+0.087 ms clock, 0.58+0.76/0.62/0+0.70 ms cpu, 3->3->1 MB, 4 MB goal, 0 MB stacks, 0 MB globals, 8 P
gc 5264 @48.539s 2%: 0.11+0.53+0.082 ms clock, 0.93+0.54/0.62/0+0.65 ms cpu, 3->3->1 MB, 4 MB goal, 0 MB stacks, 0 MB globals, 8 P
gc 5265 @48.542s 2%: 0.10+0.62+0.063 ms clock, 0.83+0.44/0.69/0+0.50 ms cpu, 3->3->1 MB, 4 MB goal, 0 MB stacks, 0 MB globals, 8 P
gc 5266 @48.545s 2%: 0.10+0.55+0.10 ms clock, 0.83+0.68/0.57/0+0.82 ms cpu, 3->3->1 MB, 4 MB goal, 0 MB stacks, 0 MB globals, 8 P
gc 5267 @48.548s 2%: 0.14+0.76+0.049 ms clock, 1.1+0.56/0.59/0+0.39 ms cpu, 3->3->1 MB, 4 MB goal, 0 MB stacks, 0 MB globals, 8 P
gc 5268 @48.551s 2%: 0.11+0.52+0.061 ms clock, 0.95+0.71/0.64/0+0.49 ms cpu, 3->3->1 MB, 4 MB goal, 0 MB stacks, 0 MB globals, 8 P
gc 5269 @48.553s 2%: 0.11+0.63+0.095 ms clock, 0.92+0.71/0.66/0+0.76 ms cpu, 3->3->1 MB, 4 MB goal, 0 MB stacks, 0 MB globals, 8 P
gc 5270 @48.556s 2%: 0.062+0.77+0.091 ms clock, 0.49+0.64/0.68/0+0.73 ms cpu, 3->3->1 MB, 4 MB goal, 0 MB stacks, 0 MB globals, 8 P
gc 5271 @48.559s 2%: 0.12+0.51+0.12 ms clock, 1.0+0.67/0.65/0+0.97 ms cpu, 3->3->1 MB, 4 MB goal, 0 MB stacks, 0 MB globals, 8 P
gc 5272 @48.562s 2%: 0.083+0.48+0.077 ms clock, 0.66+0.62/0.59/0+0.62 ms cpu, 3->3->1 MB, 4 MB goal, 0 MB stacks, 0 MB globals, 8 P
gc 5273 @48.565s 2%: 0.081+0.53+0.089 ms clock, 0.65+0.72/0.55/0+0.71 ms cpu, 3->3->1 MB, 4 MB goal, 0 MB stacks, 0 MB globals, 8 P
gc 5274 @48.567s 2%: 0.070+0.49+0.045 ms clock, 0.56+0.73/0.52/0+0.36 ms cpu, 3->3->1 MB, 4 MB goal, 0 MB stacks, 0 MB globals, 8 P
gc 5275 @48.570s 2%: 0.062+0.87+0.033 ms clock, 0.49+0.64/0.72/0+0.26 ms cpu, 3->3->1 MB, 4 MB goal, 0 MB stacks, 0 MB globals, 8 P
gc 5276 @48.573s 2%: 0.10+0.43+0.040 ms clock, 0.82+0.62/0.67/0+0.32 ms cpu, 3->3->1 MB, 4 MB goal, 0 MB stacks, 0 MB globals, 8 P
gc 5277 @48.576s 2%: 0.12+0.55+0.039 ms clock, 0.97+0.51/0.70/0+0.31 ms cpu, 3->3->1 MB, 4 MB goal, 0 MB stacks, 0 MB globals, 8 P
gc 5278 @48.578s 2%: 0.068+0.56+0.069 ms clock, 0.54+0.70/0.66/0+0.55 ms cpu, 3->3->1 MB, 4 MB goal, 0 MB stacks, 0 MB globals, 8 P
gc 5279 @48.581s 2%: 0.10+0.58+0.12 ms clock, 0.85+0.77/0.61/0+1.0 ms cpu, 3->3->1 MB, 4 MB goal, 0 MB stacks, 0 MB globals, 8 P
gc 5280 @48.584s 2%: 0.084+0.57+0.097 ms clock, 0.67+0.61/0.59/0+0.78 ms cpu, 3->3->1 MB, 4 MB goal, 0 MB stacks, 0 MB globals, 8 P
gc 5281 @48.587s 2%: 0.069+0.56+0.11 ms clock, 0.55+0.63/0.60/0+0.95 ms cpu, 3->3->1 MB, 4 MB goal, 0 MB stacks, 0 MB globals, 8 P
gc 5282 @48.589s 2%: 0.081+0.54+0.10 ms clock, 0.65+0.61/0.58/0+0.80 ms cpu, 3->3->1 MB, 4 MB goal, 0 MB stacks, 0 MB globals, 8 P
gc 5283 @48.592s 2%: 0.11+0.42+0.093 ms clock, 0.91+0.77/0.58/0+0.74 ms cpu, 3->3->1 MB, 4 MB goal, 0 MB stacks, 0 MB globals, 8 P
gc 5284 @48.595s 2%: 0.10+0.50+0.043 ms clock, 0.84+0.68/0.64/0+0.34 ms cpu, 3->3->1 MB, 4 MB goal, 0 MB stacks, 0 MB globals, 8 P
gc 5285 @48.598s 2%: 0.10+0.61+0.056 ms clock, 0.84+0.71/0.67/0+0.45 ms cpu, 3->3->1 MB, 4 MB goal, 0 MB stacks, 0 MB globals, 8 P
gc 5286 @48.601s 2%: 0.10+0.56+0.057 ms clock, 0.84+0.68/0.54/0+0.46 ms cpu, 3->3->1 MB, 4 MB goal, 0 MB stacks, 0 MB globals, 8 P
gc 5287 @48.603s 2%: 0.11+0.57+0.047 ms clock, 0.92+0.65/0.69/0+0.38 ms cpu, 3->3->1 MB, 4 MB goal, 0 MB stacks, 0 MB globals, 8 P
gc 5288 @48.606s 2%: 0.063+0.60+0.083 ms clock, 0.50+0.64/0.59/0+0.66 ms cpu, 3->3->1 MB, 4 MB goal, 0 MB stacks, 0 MB globals, 8 P
gc 5289 @48.609s 2%: 0.096+0.78+0.052 ms clock, 0.77+0.65/0.58/0+0.42 ms cpu, 3->3->1 MB, 4 MB goal, 0 MB stacks, 0 MB globals, 8 P
gc 5290 @48.612s 2%: 0.10+0.54+0.089 ms clock, 0.85+0.64/0.71/0+0.71 ms cpu, 3->3->1 MB, 4 MB goal, 0 MB stacks, 0 MB globals, 8 P
gc 5291 @48.615s 2%: 0.094+0.72+0.068 ms clock, 0.75+0.78/0.56/0+0.54 ms cpu, 3->3->1 MB, 4 MB goal, 0 MB stacks, 0 MB globals, 8 P
gc 5292 @48.618s 2%: 0.13+0.53+0.097 ms clock, 1.1+0.65/0.68/0+0.78 ms cpu, 3->3->1 MB, 4 MB goal, 0 MB stacks, 0 MB globals, 8 P
gc 5293 @48.620s 2%: 0.11+0.46+0.10 ms clock, 0.91+0.68/0.54/0+0.82 ms cpu, 3->3->1 MB, 4 MB goal, 0 MB stacks, 0 MB globals, 8 P
gc 5294 @48.623s 2%: 0.073+0.49+0.076 ms clock, 0.59+0.69/0.61/0+0.60 ms cpu, 3->3->1 MB, 4 MB goal, 0 MB stacks, 0 MB globals, 8 P
gc 5295 @48.626s 2%: 0.13+0.46+0.060 ms clock, 1.0+0.69/0.60/0+0.48 ms cpu, 3->3->1 MB, 4 MB goal, 0 MB stacks, 0 MB globals, 8 P
gc 5296 @48.629s 2%: 0.12+0.49+0.085 ms clock, 0.96+0.69/0.62/0+0.68 ms cpu, 3->3->1 MB, 4 MB goal, 0 MB stacks, 0 MB globals, 8 P
gc 5297 @48.631s 2%: 0.092+0.69+0.10 ms clock, 0.74+0.67/0.59/0+0.81 ms cpu, 3->3->1 MB, 4 MB goal, 0 MB stacks, 0 MB globals, 8 P
gc 5298 @48.634s 2%: 0.10+0.55+0.064 ms clock, 0.84+0.62/0.64/0+0.51 ms cpu, 3->3->1 MB, 4 MB goal, 0 MB stacks, 0 MB globals, 8 P
gc 5299 @48.637s 2%: 0.11+0.50+0.12 ms clock, 0.95+0.66/0.62/0+0.96 ms cpu, 3->3->1 MB, 4 MB goal, 0 MB stacks, 0 MB globals, 8 P
gc 5300 @48.640s 2%: 0.089+0.48+0.091 ms clock, 0.71+0.74/0.59/0+0.72 ms cpu, 3->3->1 MB, 4 MB goal, 0 MB stacks, 0 MB globals, 8 P
gc 5301 @48.642s 2%: 0.064+0.51+0.075 ms clock, 0.51+0.72/0.62/0+0.60 ms cpu, 3->3->1 MB, 4 MB goal, 0 MB stacks, 0 MB globals, 8 P
gc 5302 @48.645s 2%: 0.11+0.61+0.096 ms clock, 0.88+0.52/0.65/0+0.76 ms cpu, 3->3->1 MB, 4 MB goal, 0 MB stacks, 0 MB globals, 8 P
gc 5303 @48.648s 2%: 0.12+0.56+0.11 ms clock, 0.96+0.65/0.66/0+0.91 ms cpu, 3->3->1 MB, 4 MB goal, 0 MB stacks, 0 MB globals, 8 P
gc 5304 @48.651s 2%: 0.095+0.58+0.087 ms clock, 0.76+0.62/0.68/0+0.69 ms cpu, 3->3->1 MB, 4 MB goal, 0 MB stacks, 0 MB globals, 8 P
gc 5305 @48.653s 2%: 0.10+0.53+0.063 ms clock, 0.85+0.64/0.74/0+0.51 ms cpu, 3->3->1 MB, 4 MB goal, 0 MB stacks, 0 MB globals, 8 P
gc 5306 @48.656s 2%: 0.097+0.50+0.081 ms clock, 0.77+0.70/0.51/0+0.65 ms cpu, 3->3->1 MB, 4 MB goal, 0 MB stacks, 0 MB globals, 8 P
gc 5307 @48.659s 2%: 0.075+0.42+0.083 ms clock, 0.60+0.63/0.60/0+0.67 ms cpu, 3->3->1 MB, 4 MB goal, 0 MB stacks, 0 MB globals, 8 P
gc 5308 @48.662s 2%: 0.12+0.47+0.081 ms clock, 0.97+0.71/0.60/0+0.65 ms cpu, 3->3->1 MB, 4 MB goal, 0 MB stacks, 0 MB globals, 8 P
gc 5309 @48.664s 2%: 0.070+0.50+0.084 ms clock, 0.56+0.66/0.59/0+0.67 ms cpu, 3->3->1 MB, 4 MB goal, 0 MB stacks, 0 MB globals, 8 P
gc 5310 @48.667s 2%: 0.089+0.51+0.11 ms clock, 0.71+0.65/0.70/0+0.90 ms cpu, 3->3->1 MB, 4 MB goal, 0 MB stacks, 0 MB globals, 8 P
gc 5311 @48.670s 2%: 0.15+0.50+0.087 ms clock, 1.2+0.57/0.60/0+0.70 ms cpu, 3->3->1 MB, 4 MB goal, 0 MB stacks, 0 MB globals, 8 P
gc 5312 @48.673s 2%: 0.10+0.55+0.087 ms clock, 0.86+0.60/0.58/0+0.70 ms cpu, 3->3->1 MB, 4 MB goal, 0 MB stacks, 0 MB globals, 8 P
gc 5313 @48.675s 2%: 0.088+0.48+0.078 ms clock, 0.71+0.58/0.59/0+0.62 ms cpu, 3->3->1 MB, 4 MB goal, 0 MB stacks, 0 MB globals, 8 P
gc 5314 @48.678s 2%: 0.12+0.44+0.10 ms clock, 1.0+0.75/0.54/0+0.81 ms cpu, 3->3->1 MB, 4 MB goal, 0 MB stacks, 0 MB globals, 8 P
gc 5315 @48.681s 2%: 0.071+0.59+0.11 ms clock, 0.56+0.72/0.63/0+0.94 ms cpu, 3->3->1 MB, 4 MB goal, 0 MB stacks, 0 MB globals, 8 P
gc 5316 @48.684s 2%: 0.092+0.54+0.092 ms clock, 0.74+0.61/0.71/0+0.74 ms cpu, 3->3->1 MB, 4 MB goal, 0 MB stacks, 0 MB globals, 8 P
gc 5317 @48.687s 2%: 0.083+0.52+0.087 ms clock, 0.66+0.63/0.75/0+0.69 ms cpu, 3->3->1 MB, 4 MB goal, 0 MB stacks, 0 MB globals, 8 P
gc 5318 @48.689s 2%: 0.095+0.44+0.043 ms clock, 0.76+0.64/0.65/0+0.35 ms cpu, 3->3->1 MB, 4 MB goal, 0 MB stacks, 0 MB globals, 8 P
gc 5319 @48.692s 2%: 0.13+0.48+0.060 ms clock, 1.0+0.66/0.66/0+0.48 ms cpu, 3->3->1 MB, 4 MB goal, 0 MB stacks, 0 MB globals, 8 P
gc 5320 @48.695s 2%: 0.095+0.42+0.064 ms clock, 0.76+0.77/0.58/0+0.51 ms cpu, 3->3->1 MB, 4 MB goal, 0 MB stacks, 0 MB globals, 8 P
gc 5321 @48.697s 2%: 0.094+0.58+0.12 ms clock, 0.75+0.57/0.60/0+0.99 ms cpu, 3->3->1 MB, 4 MB goal, 0 MB stacks, 0 MB globals, 8 P
gc 5322 @48.700s 2%: 0.095+0.55+0.11 ms clock, 0.76+0.59/0.63/0+0.95 ms cpu, 3->3->1 MB, 4 MB goal, 0 MB stacks, 0 MB globals, 8 P
gc 5323 @48.703s 2%: 0.084+0.49+0.10 ms clock, 0.67+0.60/0.55/0+0.83 ms cpu, 3->3->1 MB, 4 MB goal, 0 MB stacks, 0 MB globals, 8 P
gc 5324 @48.706s 2%: 0.13+0.55+0.087 ms clock, 1.0+0.62/0.63/0+0.70 ms cpu, 3->3->1 MB, 4 MB goal, 0 MB stacks, 0 MB globals, 8 P
gc 5325 @48.709s 2%: 0.070+0.52+0.099 ms clock, 0.56+0.59/0.56/0+0.79 ms cpu, 3->3->1 MB, 4 MB goal, 0 MB stacks, 0 MB globals, 8 P
gc 5326 @48.711s 2%: 0.087+0.53+0.12 ms clock, 0.69+0.60/0.67/0+0.97 ms cpu, 3->3->1 MB, 4 MB goal, 0 MB stacks, 0 MB globals, 8 P
gc 5327 @48.714s 2%: 0.11+0.42+0.11 ms clock, 0.94+0.74/0.51/0+0.89 ms cpu, 3->3->1 MB, 4 MB goal, 0 MB stacks, 0 MB globals, 8 P
gc 5328 @48.717s 2%: 0.061+0.49+0.099 ms clock, 0.48+0.57/0.69/0+0.79 ms cpu, 3->3->1 MB, 4 MB goal, 0 MB stacks, 0 MB globals, 8 P
gc 5329 @48.720s 2%: 0.056+0.53+0.095 ms clock, 0.44+0.66/0.61/0+0.76 ms cpu, 3->3->1 MB, 4 MB goal, 0 MB stacks, 0 MB globals, 8 P
gc 5330 @48.722s 2%: 0.12+0.40+0.058 ms clock, 0.96+0.57/0.56/0+0.46 ms cpu, 3->3->1 MB, 4 MB goal, 0 MB stacks, 0 MB globals, 8 P
gc 5331 @48.725s 2%: 0.071+0.55+0.099 ms clock, 0.57+0.59/0.63/0+0.79 ms cpu, 3->3->1 MB, 4 MB goal, 0 MB stacks, 0 MB globals, 8 P
gc 5332 @48.728s 2%: 0.057+0.51+0.10 ms clock, 0.45+0.65/0.62/0+0.82 ms cpu, 3->3->1 MB, 4 MB goal, 0 MB stacks, 0 MB globals, 8 P
gc 5333 @48.731s 2%: 0.11+0.52+0.090 ms clock, 0.90+0.60/0.63/0+0.72 ms cpu, 3->3->1 MB, 4 MB goal, 0 MB stacks, 0 MB globals, 8 P
gc 5334 @48.733s 2%: 0.070+0.56+0.081 ms clock, 0.56+0.67/0.68/0+0.65 ms cpu, 3->3->1 MB, 4 MB goal, 0 MB stacks, 0 MB globals, 8 P
gc 5335 @48.736s 2%: 0.10+0.54+0.084 ms clock, 0.84+0.62/0.67/0+0.67 ms cpu, 3->3->1 MB, 4 MB goal, 0 MB stacks, 0 MB globals, 8 P
gc 5336 @48.739s 2%: 0.12+0.45+0.079 ms clock, 0.99+0.58/0.59/0+0.63 ms cpu, 3->3->1 MB, 4 MB goal, 0 MB stacks, 0 MB globals, 8 P
gc 5337 @48.742s 2%: 0.091+0.45+0.10 ms clock, 0.73+0.71/0.64/0+0.83 ms cpu, 3->3->1 MB, 4 MB goal, 0 MB stacks, 0 MB globals, 8 P
gc 5338 @48.744s 2%: 0.12+0.58+0.086 ms clock, 1.0+0.58/0.69/0+0.68 ms cpu, 3->3->1 MB, 4 MB goal, 0 MB stacks, 0 MB globals, 8 P
gc 5339 @48.747s 2%: 0.10+0.50+0.070 ms clock, 0.86+0.74/0.59/0+0.56 ms cpu, 3->3->1 MB, 4 MB goal, 0 MB stacks, 0 MB globals, 8 P
gc 5340 @48.750s 2%: 0.12+0.61+0.096 ms clock, 0.99+0.69/0.67/0+0.76 ms cpu, 3->3->1 MB, 4 MB goal, 0 MB stacks, 0 MB globals, 8 P
gc 5341 @48.753s 2%: 0.082+0.60+0.068 ms clock, 0.66+0.59/0.72/0+0.54 ms cpu, 3->3->1 MB, 4 MB goal, 0 MB stacks, 0 MB globals, 8 P
gc 5342 @48.756s 2%: 0.10+0.46+0.10 ms clock, 0.86+0.61/0.59/0+0.83 ms cpu, 3->3->1 MB, 4 MB goal, 0 MB stacks, 0 MB globals, 8 P
gc 5343 @48.758s 2%: 0.074+0.56+0.066 ms clock, 0.59+0.60/0.68/0+0.53 ms cpu, 3->3->1 MB, 4 MB goal, 0 MB stacks, 0 MB globals, 8 P
gc 5344 @48.761s 2%: 0.10+0.51+0.12 ms clock, 0.80+0.69/0.59/0+0.96 ms cpu, 3->3->1 MB, 4 MB goal, 0 MB stacks, 0 MB globals, 8 P
gc 5345 @48.764s 2%: 0.095+0.49+0.10 ms clock, 0.76+0.68/0.59/0+0.84 ms cpu, 3->3->1 MB, 4 MB goal, 0 MB stacks, 0 MB globals, 8 P
gc 5346 @48.767s 2%: 0.060+0.47+0.038 ms clock, 0.48+0.72/0.65/0+0.30 ms cpu, 3->3->1 MB, 4 MB goal, 0 MB stacks, 0 MB globals, 8 P
gc 5347 @48.769s 2%: 0.068+0.47+0.10 ms clock, 0.55+0.74/0.66/0.007+0.81 ms cpu, 3->3->1 MB, 4 MB goal, 0 MB stacks, 0 MB globals, 8 P
gc 5348 @48.772s 2%: 0.11+0.56+0.092 ms clock, 0.94+0.64/0.74/0+0.74 ms cpu, 3->3->1 MB, 4 MB goal, 0 MB stacks, 0 MB globals, 8 P
gc 5349 @48.775s 2%: 0.10+0.53+0.097 ms clock, 0.82+0.60/0.63/0+0.78 ms cpu, 3->3->1 MB, 4 MB goal, 0 MB stacks, 0 MB globals, 8 P
gc 5350 @48.778s 2%: 0.11+0.39+0.091 ms clock, 0.94+0.71/0.56/0+0.73 ms cpu, 3->3->1 MB, 4 MB goal, 0 MB stacks, 0 MB globals, 8 P
gc 5351 @48.781s 2%: 0.083+0.52+0.090 ms clock, 0.67+0.72/0.64/0+0.72 ms cpu, 3->3->1 MB, 4 MB goal, 0 MB stacks, 0 MB globals, 8 P
gc 5352 @48.783s 2%: 0.075+0.59+0.088 ms clock, 0.60+0.65/0.61/0.006+0.71 ms cpu, 3->3->1 MB, 4 MB goal, 0 MB stacks, 0 MB globals, 8 P
gc 5353 @48.786s 2%: 0.10+0.57+0.098 ms clock, 0.86+0.65/0.63/0+0.78 ms cpu, 3->3->1 MB, 4 MB goal, 0 MB stacks, 0 MB globals, 8 P
gc 5354 @48.789s 2%: 0.11+0.58+0.093 ms clock, 0.93+0.67/0.65/0+0.74 ms cpu, 3->3->1 MB, 4 MB goal, 0 MB stacks, 0 MB globals, 8 P
gc 5355 @48.792s 2%: 0.086+0.40+0.052 ms clock, 0.69+0.62/0.59/0+0.41 ms cpu, 3->3->1 MB, 4 MB goal, 0 MB stacks, 0 MB globals, 8 P
gc 5356 @48.795s 2%: 0.10+0.46+0.086 ms clock, 0.85+0.66/0.70/0+0.69 ms cpu, 3->3->1 MB, 4 MB goal, 0 MB stacks, 0 MB globals, 8 P
gc 5357 @48.797s 2%: 0.081+0.54+0.10 ms clock, 0.64+0.77/0.59/0+0.82 ms cpu, 3->3->1 MB, 4 MB goal, 0 MB stacks, 0 MB globals, 8 P
gc 5358 @48.800s 2%: 0.084+0.50+0.10 ms clock, 0.67+0.57/0.67/0+0.85 ms cpu, 3->3->1 MB, 4 MB goal, 0 MB stacks, 0 MB globals, 8 P
gc 5359 @48.803s 2%: 0.14+0.46+0.11 ms clock, 1.1+0.58/0.60/0+0.88 ms cpu, 3->3->1 MB, 4 MB goal, 0 MB stacks, 0 MB globals, 8 P
gc 5360 @48.806s 2%: 0.064+0.39+0.086 ms clock, 0.51+0.83/0.49/0+0.69 ms cpu, 3->3->1 MB, 4 MB goal, 0 MB stacks, 0 MB globals, 8 P
gc 5361 @48.808s 2%: 0.088+0.45+0.081 ms clock, 0.70+0.60/0.50/0+0.65 ms cpu, 3->3->1 MB, 4 MB goal, 0 MB stacks, 0 MB globals, 8 P
gc 5362 @48.811s 2%: 0.13+0.44+0.10 ms clock, 1.0+0.72/0.59/0+0.81 ms cpu, 3->3->1 MB, 4 MB goal, 0 MB stacks, 0 MB globals, 8 P
gc 5363 @48.814s 2%: 0.10+0.48+0.093 ms clock, 0.81+0.56/0.62/0+0.74 ms cpu, 3->3->1 MB, 4 MB goal, 0 MB stacks, 0 MB globals, 8 P
gc 5364 @48.817s 2%: 0.11+0.47+0.11 ms clock, 0.89+0.66/0.51/0+0.90 ms cpu, 3->3->1 MB, 4 MB goal, 0 MB stacks, 0 MB globals, 8 P
gc 5365 @48.819s 2%: 0.10+0.42+0.077 ms clock, 0.81+0.71/0.61/0+0.61 ms cpu, 3->3->1 MB, 4 MB goal, 0 MB stacks, 0 MB globals, 8 P
gc 5366 @48.822s 2%: 0.088+0.57+0.080 ms clock, 0.70+0.67/0.66/0+0.64 ms cpu, 3->3->1 MB, 4 MB goal, 0 MB stacks, 0 MB globals, 8 P
gc 5367 @48.825s 2%: 0.094+0.49+0.081 ms clock, 0.75+0.59/0.61/0+0.64 ms cpu, 3->3->1 MB, 4 MB goal, 0 MB stacks, 0 MB globals, 8 P
gc 5368 @48.828s 2%: 0.11+0.41+0.092 ms clock, 0.92+0.69/0.60/0+0.74 ms cpu, 3->3->1 MB, 4 MB goal, 0 MB stacks, 0 MB globals, 8 P
gc 5369 @48.831s 2%: 0.075+0.54+0.050 ms clock, 0.60+0.61/0.71/0+0.40 ms cpu, 3->3->1 MB, 4 MB goal, 0 MB stacks, 0 MB globals, 8 P
gc 5370 @48.834s 2%: 0.097+0.50+0.077 ms clock, 0.77+0.62/0.62/0+0.62 ms cpu, 3->3->1 MB, 4 MB goal, 0 MB stacks, 0 MB globals, 8 P
gc 5371 @48.836s 2%: 0.10+0.45+0.068 ms clock, 0.85+0.66/0.51/0+0.54 ms cpu, 3->3->1 MB, 4 MB goal, 0 MB stacks, 0 MB globals, 8 P
gc 5372 @48.839s 2%: 0.075+0.46+0.10 ms clock, 0.60+0.69/0.56/0+0.81 ms cpu, 3->3->1 MB, 4 MB goal, 0 MB stacks, 0 MB globals, 8 P
gc 5373 @48.842s 2%: 0.11+0.91+0.077 ms clock, 0.91+0.46/0.62/0+0.62 ms cpu, 3->3->1 MB, 4 MB goal, 0 MB stacks, 0 MB globals, 8 P
gc 5374 @48.845s 2%: 0.11+0.50+0.098 ms clock, 0.88+0.68/0.69/0+0.78 ms cpu, 3->3->1 MB, 4 MB goal, 0 MB stacks, 0 MB globals, 8 P
gc 5375 @48.847s 2%: 0.10+0.47+0.055 ms clock, 0.83+0.73/0.51/0+0.44 ms cpu, 3->3->1 MB, 4 MB goal, 0 MB stacks, 0 MB globals, 8 P
gc 5376 @48.850s 2%: 0.083+0.45+0.083 ms clock, 0.66+0.74/0.54/0+0.67 ms cpu, 3->3->1 MB, 4 MB goal, 0 MB stacks, 0 MB globals, 8 P
gc 5377 @48.853s 2%: 0.096+0.50+0.062 ms clock, 0.77+0.58/0.55/0+0.50 ms cpu, 3->3->1 MB, 4 MB goal, 0 MB stacks, 0 MB globals, 8 P
gc 5378 @48.856s 2%: 0.099+0.36+0.065 ms clock, 0.79+0.66/0.55/0+0.52 ms cpu, 3->3->1 MB, 4 MB goal, 0 MB stacks, 0 MB globals, 8 P
gc 5379 @48.858s 2%: 0.11+0.57+0.090 ms clock, 0.93+0.64/0.72/0+0.72 ms cpu, 3->3->1 MB, 4 MB goal, 0 MB stacks, 0 MB globals, 8 P
gc 5380 @48.861s 2%: 0.12+0.46+0.097 ms clock, 1.0+0.66/0.59/0+0.77 ms cpu, 3->3->1 MB, 4 MB goal, 0 MB stacks, 0 MB globals, 8 P
gc 5381 @48.864s 2%: 0.10+0.49+0.057 ms clock, 0.81+0.74/0.58/0+0.45 ms cpu, 3->3->1 MB, 4 MB goal, 0 MB stacks, 0 MB globals, 8 P
gc 5382 @48.867s 2%: 0.10+0.52+0.10 ms clock, 0.83+0.75/0.58/0+0.85 ms cpu, 3->3->1 MB, 4 MB goal, 0 MB stacks, 0 MB globals, 8 P
gc 5383 @48.869s 2%: 0.095+0.47+0.087 ms clock, 0.76+0.79/0.51/0+0.70 ms cpu, 3->3->1 MB, 4 MB goal, 0 MB stacks, 0 MB globals, 8 P
gc 5384 @48.872s 2%: 0.078+0.53+0.092 ms clock, 0.62+0.61/0.67/0+0.74 ms cpu, 3->3->1 MB, 4 MB goal, 0 MB stacks, 0 MB globals, 8 P
gc 5385 @48.875s 2%: 0.11+0.57+0.11 ms clock, 0.93+0.56/0.69/0+0.88 ms cpu, 3->3->1 MB, 4 MB goal, 0 MB stacks, 0 MB globals, 8 P
gc 5386 @48.878s 2%: 0.10+0.55+0.097 ms clock, 0.87+0.75/0.60/0+0.78 ms cpu, 3->3->1 MB, 4 MB goal, 0 MB stacks, 0 MB globals, 8 P
gc 5387 @48.880s 2%: 0.082+0.48+0.098 ms clock, 0.66+0.74/0.55/0+0.79 ms cpu, 3->3->1 MB, 4 MB goal, 0 MB stacks, 0 MB globals, 8 P
gc 5388 @48.883s 2%: 0.070+0.49+0.060 ms clock, 0.56+0.76/0.60/0+0.48 ms cpu, 3->3->1 MB, 4 MB goal, 0 MB stacks, 0 MB globals, 8 P
gc 5389 @48.886s 2%: 0.083+0.47+0.053 ms clock, 0.66+0.56/0.57/0+0.42 ms cpu, 3->3->1 MB, 4 MB goal, 0 MB stacks, 0 MB globals, 8 P
gc 5390 @48.889s 2%: 0.064+0.45+0.046 ms clock, 0.51+0.61/0.59/0+0.36 ms cpu, 3->3->1 MB, 4 MB goal, 0 MB stacks, 0 MB globals, 8 P
gc 5391 @48.891s 2%: 0.11+0.40+0.089 ms clock, 0.90+0.61/0.56/0+0.71 ms cpu, 3->3->1 MB, 4 MB goal, 0 MB stacks, 0 MB globals, 8 P
gc 5392 @48.894s 2%: 0.10+0.52+0.074 ms clock, 0.85+0.69/0.61/0+0.59 ms cpu, 3->3->1 MB, 4 MB goal, 0 MB stacks, 0 MB globals, 8 P
gc 5393 @48.897s 2%: 0.088+0.46+0.11 ms clock, 0.70+0.77/0.48/0+0.93 ms cpu, 3->3->1 MB, 4 MB goal, 0 MB stacks, 0 MB globals, 8 P
gc 5394 @48.899s 2%: 0.14+0.70+0.063 ms clock, 1.1+0.55/0.67/0+0.50 ms cpu, 3->3->1 MB, 4 MB goal, 0 MB stacks, 0 MB globals, 8 P
gc 5395 @48.902s 2%: 0.082+0.45+0.092 ms clock, 0.66+0.63/0.66/0+0.73 ms cpu, 3->3->1 MB, 4 MB goal, 0 MB stacks, 0 MB globals, 8 P
gc 5396 @48.905s 2%: 0.083+0.50+0.11 ms clock, 0.66+0.64/0.68/0+0.93 ms cpu, 3->3->1 MB, 4 MB goal, 0 MB stacks, 0 MB globals, 8 P
gc 5397 @48.908s 2%: 0.13+0.69+0.067 ms clock, 1.1+0.58/0.60/0+0.54 ms cpu, 3->3->1 MB, 4 MB goal, 0 MB stacks, 0 MB globals, 8 P
gc 5398 @48.911s 2%: 0.11+0.50+0.078 ms clock, 0.90+0.60/0.62/0+0.62 ms cpu, 3->3->1 MB, 4 MB goal, 0 MB stacks, 0 MB globals, 8 P
gc 5399 @48.913s 2%: 0.12+0.64+0.071 ms clock, 0.98+0.72/0.72/0+0.56 ms cpu, 3->3->1 MB, 4 MB goal, 0 MB stacks, 0 MB globals, 8 P
gc 5400 @48.916s 2%: 0.069+0.60+0.082 ms clock, 0.55+0.65/0.66/0+0.65 ms cpu, 3->3->1 MB, 4 MB goal, 0 MB stacks, 0 MB globals, 8 P
gc 5401 @48.919s 2%: 0.083+0.73+0.050 ms clock, 0.67+0.68/0.66/0+0.40 ms cpu, 3->3->1 MB, 4 MB goal, 0 MB stacks, 0 MB globals, 8 P
gc 5402 @48.922s 2%: 0.090+0.55+0.080 ms clock, 0.72+0.66/0.65/0+0.64 ms cpu, 3->3->1 MB, 4 MB goal, 0 MB stacks, 0 MB globals, 8 P
gc 5403 @48.925s 2%: 0.067+0.72+0.065 ms clock, 0.54+0.66/0.62/0+0.52 ms cpu, 3->3->1 MB, 4 MB goal, 0 MB stacks, 0 MB globals, 8 P
gc 5404 @48.928s 2%: 0.12+0.88+0.072 ms clock, 0.98+0.72/0.49/0+0.57 ms cpu, 3->3->1 MB, 4 MB goal, 0 MB stacks, 0 MB globals, 8 P
gc 5405 @48.930s 2%: 0.094+0.85+0.084 ms clock, 0.75+0.64/0.65/0+0.67 ms cpu, 3->3->1 MB, 4 MB goal, 0 MB stacks, 0 MB globals, 8 P
gc 5406 @48.933s 2%: 0.083+0.54+0.080 ms clock, 0.66+0.55/0.64/0+0.64 ms cpu, 3->3->1 MB, 4 MB goal, 0 MB stacks, 0 MB globals, 8 P
gc 5407 @48.936s 2%: 0.10+0.47+0.099 ms clock, 0.86+0.73/0.61/0+0.79 ms cpu, 3->3->1 MB, 4 MB goal, 0 MB stacks, 0 MB globals, 8 P
gc 5408 @48.939s 2%: 0.080+0.60+0.051 ms clock, 0.64+0.66/0.71/0+0.41 ms cpu, 3->3->1 MB, 4 MB goal, 0 MB stacks, 0 MB globals, 8 P
gc 5409 @48.942s 2%: 0.11+0.54+0.081 ms clock, 0.94+0.58/0.64/0+0.65 ms cpu, 3->3->1 MB, 4 MB goal, 0 MB stacks, 0 MB globals, 8 P
gc 5410 @48.944s 2%: 0.11+0.53+0.079 ms clock, 0.92+0.56/0.59/0+0.63 ms cpu, 3->3->1 MB, 4 MB goal, 0 MB stacks, 0 MB globals, 8 P
gc 5411 @48.947s 2%: 0.10+0.55+0.095 ms clock, 0.86+0.56/0.60/0+0.76 ms cpu, 3->3->1 MB, 4 MB goal, 0 MB stacks, 0 MB globals, 8 P
gc 5412 @48.950s 2%: 0.10+0.47+0.10 ms clock, 0.83+0.64/0.62/0+0.86 ms cpu, 3->3->1 MB, 4 MB goal, 0 MB stacks, 0 MB globals, 8 P
gc 5413 @48.953s 2%: 0.080+0.57+0.058 ms clock, 0.64+0.61/0.69/0+0.46 ms cpu, 3->3->1 MB, 4 MB goal, 0 MB stacks, 0 MB globals, 8 P
gc 5414 @48.955s 2%: 0.12+0.59+0.060 ms clock, 1.0+0.65/0.63/0+0.48 ms cpu, 3->3->1 MB, 4 MB goal, 0 MB stacks, 0 MB globals, 8 P
gc 5415 @48.958s 2%: 0.10+0.54+0.073 ms clock, 0.81+0.57/0.62/0+0.59 ms cpu, 3->3->1 MB, 4 MB goal, 0 MB stacks, 0 MB globals, 8 P
gc 5416 @48.961s 2%: 0.083+0.51+0.12 ms clock, 0.66+0.72/0.56/0+0.96 ms cpu, 3->3->1 MB, 4 MB goal, 0 MB stacks, 0 MB globals, 8 P
gc 5417 @48.964s 2%: 0.090+0.57+0.043 ms clock, 0.72+0.57/0.74/0+0.35 ms cpu, 3->3->1 MB, 4 MB goal, 0 MB stacks, 0 MB globals, 8 P
gc 5418 @48.967s 2%: 0.079+0.47+0.11 ms clock, 0.63+0.72/0.48/0+0.92 ms cpu, 3->3->1 MB, 4 MB goal, 0 MB stacks, 0 MB globals, 8 P
gc 5419 @48.969s 2%: 0.090+0.49+0.060 ms clock, 0.72+0.67/0.65/0+0.48 ms cpu, 3->3->1 MB, 4 MB goal, 0 MB stacks, 0 MB globals, 8 P
gc 5420 @48.972s 2%: 0.11+0.66+0.10 ms clock, 0.88+0.62/0.60/0+0.80 ms cpu, 3->3->1 MB, 4 MB goal, 0 MB stacks, 0 MB globals, 8 P
gc 5421 @48.975s 2%: 0.11+0.46+0.11 ms clock, 0.92+0.66/0.52/0+0.91 ms cpu, 3->3->1 MB, 4 MB goal, 0 MB stacks, 0 MB globals, 8 P
gc 5422 @48.978s 2%: 0.065+0.92+0.070 ms clock, 0.52+0.49/0.67/0+0.56 ms cpu, 3->3->1 MB, 4 MB goal, 0 MB stacks, 0 MB globals, 8 P
gc 5423 @48.981s 2%: 0.10+0.60+0.077 ms clock, 0.84+0.69/0.59/0+0.61 ms cpu, 3->3->1 MB, 4 MB goal, 0 MB stacks, 0 MB globals, 8 P
gc 5424 @48.983s 2%: 0.099+0.53+0.10 ms clock, 0.79+0.68/0.66/0+0.81 ms cpu, 3->3->1 MB, 4 MB goal, 0 MB stacks, 0 MB globals, 8 P
gc 5425 @48.986s 2%: 0.079+0.52+0.078 ms clock, 0.63+0.69/0.59/0+0.62 ms cpu, 3->3->1 MB, 4 MB goal, 0 MB stacks, 0 MB globals, 8 P
gc 5426 @48.989s 2%: 0.12+0.58+0.087 ms clock, 1.0+0.67/0.60/0+0.70 ms cpu, 3->3->1 MB, 4 MB goal, 0 MB stacks, 0 MB globals, 8 P
gc 5427 @48.992s 2%: 0.13+0.54+0.10 ms clock, 1.0+0.74/0.53/0+0.87 ms cpu, 3->3->1 MB, 4 MB goal, 0 MB stacks, 0 MB globals, 8 P
gc 5428 @48.994s 2%: 0.070+0.54+0.11 ms clock, 0.56+0.72/0.59/0+0.92 ms cpu, 3->3->1 MB, 4 MB goal, 0 MB stacks, 0 MB globals, 8 P
gc 5429 @48.997s 2%: 0.080+0.40+0.039 ms clock, 0.64+0.68/0.49/0+0.31 ms cpu, 3->3->1 MB, 4 MB goal, 0 MB stacks, 0 MB globals, 8 P
gc 5430 @49.000s 2%: 0.087+0.70+0.13 ms clock, 0.70+0.50/0.59/0+1.0 ms cpu, 3->3->1 MB, 4 MB goal, 0 MB stacks, 0 MB globals, 8 P
gc 5431 @49.003s 2%: 0.092+0.49+0.072 ms clock, 0.73+0.72/0.62/0+0.57 ms cpu, 3->3->1 MB, 4 MB goal, 0 MB stacks, 0 MB globals, 8 P
gc 5432 @49.005s 2%: 0.11+0.43+0.097 ms clock, 0.89+0.66/0.49/0+0.78 ms cpu, 3->3->1 MB, 4 MB goal, 0 MB stacks, 0 MB globals, 8 P
gc 5433 @49.008s 2%: 0.082+0.53+0.11 ms clock, 0.66+0.61/0.59/0+0.88 ms cpu, 3->3->1 MB, 4 MB goal, 0 MB stacks, 0 MB globals, 8 P
gc 5434 @49.011s 2%: 0.10+0.52+0.044 ms clock, 0.82+0.62/0.52/0+0.35 ms cpu, 3->3->1 MB, 4 MB goal, 0 MB stacks, 0 MB globals, 8 P
gc 5435 @49.014s 2%: 0.054+0.60+0.071 ms clock, 0.43+0.65/0.68/0+0.56 ms cpu, 3->3->1 MB, 4 MB goal, 0 MB stacks, 0 MB globals, 8 P
gc 5436 @49.016s 2%: 0.13+0.44+0.054 ms clock, 1.0+0.64/0.56/0+0.43 ms cpu, 3->3->1 MB, 4 MB goal, 0 MB stacks, 0 MB globals, 8 P
gc 5437 @49.019s 2%: 0.062+0.48+0.076 ms clock, 0.50+0.62/0.61/0+0.61 ms cpu, 3->3->1 MB, 4 MB goal, 0 MB stacks, 0 MB globals, 8 P
gc 5438 @49.022s 2%: 0.088+0.44+0.084 ms clock, 0.70+0.59/0.57/0+0.67 ms cpu, 3->3->1 MB, 4 MB goal, 0 MB stacks, 0 MB globals, 8 P
gc 5439 @49.025s 2%: 0.072+0.39+0.066 ms clock, 0.57+0.70/0.51/0+0.52 ms cpu, 3->3->1 MB, 4 MB goal, 0 MB stacks, 0 MB globals, 8 P
gc 5440 @49.028s 2%: 0.10+0.56+0.071 ms clock, 0.87+0.64/0.67/0+0.57 ms cpu, 3->3->1 MB, 4 MB goal, 0 MB stacks, 0 MB globals, 8 P
gc 5441 @49.030s 2%: 0.10+0.36+0.057 ms clock, 0.80+0.70/0.52/0+0.45 ms cpu, 3->3->1 MB, 4 MB goal, 0 MB stacks, 0 MB globals, 8 P
gc 5442 @49.033s 2%: 0.10+0.52+0.10 ms clock, 0.85+0.72/0.63/0+0.81 ms cpu, 3->3->1 MB, 4 MB goal, 0 MB stacks, 0 MB globals, 8 P
gc 5443 @49.036s 2%: 0.13+0.49+0.085 ms clock, 1.1+0.62/0.56/0+0.68 ms cpu, 3->3->1 MB, 4 MB goal, 0 MB stacks, 0 MB globals, 8 P
gc 5444 @49.039s 2%: 0.076+0.39+0.13 ms clock, 0.61+0.72/0.49/0.048+1.0 ms cpu, 3->3->1 MB, 4 MB goal, 0 MB stacks, 0 MB globals, 8 P
gc 5445 @49.042s 2%: 0.086+0.67+0.11 ms clock, 0.69+0.64/0.62/0+0.92 ms cpu, 3->3->1 MB, 4 MB goal, 0 MB stacks, 0 MB globals, 8 P
gc 5446 @49.045s 2%: 0.092+0.55+0.081 ms clock, 0.73+0.70/0.55/0+0.65 ms cpu, 3->3->1 MB, 4 MB goal, 0 MB stacks, 0 MB globals, 8 P
gc 5447 @49.048s 2%: 0.097+0.54+0.036 ms clock, 0.78+0.61/0.63/0+0.29 ms cpu, 3->3->1 MB, 4 MB goal, 0 MB stacks, 0 MB globals, 8 P
gc 5448 @49.050s 2%: 0.12+0.85+0.038 ms clock, 0.97+0.56/0.64/0+0.30 ms cpu, 3->3->1 MB, 4 MB goal, 0 MB stacks, 0 MB globals, 8 P
gc 5449 @49.053s 2%: 0.079+0.73+0.041 ms clock, 0.63+0.63/0.68/0+0.32 ms cpu, 3->3->1 MB, 4 MB goal, 0 MB stacks, 0 MB globals, 8 P
gc 5450 @49.056s 2%: 0.11+0.59+0.091 ms clock, 0.94+0.64/0.55/0+0.73 ms cpu, 3->3->1 MB, 4 MB goal, 0 MB stacks, 0 MB globals, 8 P
gc 5451 @49.059s 2%: 0.12+0.50+0.088 ms clock, 0.98+0.62/0.64/0+0.70 ms cpu, 3->3->1 MB, 4 MB goal, 0 MB stacks, 0 MB globals, 8 P
gc 5452 @49.062s 2%: 0.073+1.0+0.078 ms clock, 0.58+0.51/0.64/0+0.62 ms cpu, 3->3->1 MB, 4 MB goal, 0 MB stacks, 0 MB globals, 8 P
gc 5453 @49.064s 2%: 0.12+0.58+0.10 ms clock, 0.97+0.52/0.69/0+0.82 ms cpu, 3->3->1 MB, 4 MB goal, 0 MB stacks, 0 MB globals, 8 P
gc 5454 @49.067s 2%: 0.097+0.70+0.097 ms clock, 0.78+0.62/0.66/0+0.77 ms cpu, 3->3->1 MB, 4 MB goal, 0 MB stacks, 0 MB globals, 8 P
gc 5455 @49.070s 2%: 0.10+0.74+0.053 ms clock, 0.84+0.70/0.62/0+0.43 ms cpu, 3->3->1 MB, 4 MB goal, 0 MB stacks, 0 MB globals, 8 P
gc 5456 @49.073s 2%: 0.13+0.53+0.083 ms clock, 1.1+0.61/0.62/0+0.67 ms cpu, 3->3->1 MB, 4 MB goal, 0 MB stacks, 0 MB globals, 8 P
gc 5457 @49.076s 2%: 0.097+0.51+0.084 ms clock, 0.78+0.64/0.64/0+0.67 ms cpu, 3->3->1 MB, 4 MB goal, 0 MB stacks, 0 MB globals, 8 P
gc 5458 @49.079s 2%: 0.079+0.91+0.033 ms clock, 0.63+0.58/0.65/0+0.26 ms cpu, 3->3->1 MB, 4 MB goal, 0 MB stacks, 0 MB globals, 8 P
gc 5459 @49.081s 2%: 0.12+0.54+0.071 ms clock, 0.98+0.70/0.67/0+0.57 ms cpu, 3->3->1 MB, 4 MB goal, 0 MB stacks, 0 MB globals, 8 P
gc 5460 @49.084s 2%: 0.10+0.95+0.063 ms clock, 0.84+0.62/0.70/0+0.50 ms cpu, 3->3->1 MB, 4 MB goal, 0 MB stacks, 0 MB globals, 8 P
gc 5461 @49.087s 2%: 0.065+0.46+0.080 ms clock, 0.52+0.81/0.58/0+0.64 ms cpu, 3->3->1 MB, 4 MB goal, 0 MB stacks, 0 MB globals, 8 P
gc 5462 @49.090s 2%: 0.10+0.50+0.14 ms clock, 0.81+0.70/0.61/0+1.1 ms cpu, 3->3->1 MB, 4 MB goal, 0 MB stacks, 0 MB globals, 8 P
gc 5463 @49.092s 2%: 0.079+0.52+0.073 ms clock, 0.63+0.62/0.61/0+0.58 ms cpu, 3->3->1 MB, 4 MB goal, 0 MB stacks, 0 MB globals, 8 P
gc 5464 @49.095s 2%: 0.087+1.0+0.060 ms clock, 0.70+0.64/0.68/0+0.48 ms cpu, 3->4->1 MB, 4 MB goal, 0 MB stacks, 0 MB globals, 8 P
gc 5465 @49.098s 2%: 0.086+0.56+0.070 ms clock, 0.69+0.70/0.65/0+0.56 ms cpu, 3->3->1 MB, 4 MB goal, 0 MB stacks, 0 MB globals, 8 P
gc 5466 @49.101s 2%: 0.12+0.82+0.055 ms clock, 1.0+0.48/0.64/0+0.44 ms cpu, 3->3->1 MB, 4 MB goal, 0 MB stacks, 0 MB globals, 8 P
gc 5467 @49.104s 2%: 0.11+0.43+0.063 ms clock, 0.93+0.69/0.59/0+0.50 ms cpu, 3->3->1 MB, 4 MB goal, 0 MB stacks, 0 MB globals, 8 P
gc 5468 @49.106s 2%: 0.099+0.47+0.058 ms clock, 0.79+0.68/0.62/0+0.46 ms cpu, 3->3->1 MB, 4 MB goal, 0 MB stacks, 0 MB globals, 8 P
gc 5469 @49.109s 2%: 0.083+0.45+0.079 ms clock, 0.66+0.76/0.52/0+0.63 ms cpu, 3->3->1 MB, 4 MB goal, 0 MB stacks, 0 MB globals, 8 P
gc 5470 @49.112s 2%: 0.16+1.0+0.089 ms clock, 1.3+0.62/0.62/0+0.71 ms cpu, 3->4->1 MB, 4 MB goal, 0 MB stacks, 0 MB globals, 8 P
gc 5471 @49.115s 2%: 0.098+0.79+0.10 ms clock, 0.79+0.62/0.66/0+0.82 ms cpu, 3->4->1 MB, 4 MB goal, 0 MB stacks, 0 MB globals, 8 P
gc 5472 @49.118s 2%: 0.094+0.51+0.13 ms clock, 0.75+0.66/0.66/0+1.0 ms cpu, 3->3->1 MB, 4 MB goal, 0 MB stacks, 0 MB globals, 8 P
gc 5473 @49.121s 2%: 0.10+0.45+0.10 ms clock, 0.80+0.69/0.61/0+0.81 ms cpu, 3->3->1 MB, 4 MB goal, 0 MB stacks, 0 MB globals, 8 P
gc 5474 @49.123s 2%: 0.073+0.80+0.024 ms clock, 0.58+0.66/0.73/0+0.19 ms cpu, 3->3->1 MB, 4 MB goal, 0 MB stacks, 0 MB globals, 8 P
gc 5475 @49.126s 2%: 0.12+0.45+0.11 ms clock, 0.96+0.80/0.63/0+0.91 ms cpu, 3->3->1 MB, 4 MB goal, 0 MB stacks, 0 MB globals, 8 P
gc 5476 @49.129s 2%: 0.084+0.51+0.099 ms clock, 0.67+0.66/0.60/0+0.79 ms cpu, 3->3->1 MB, 4 MB goal, 0 MB stacks, 0 MB globals, 8 P
gc 5477 @49.132s 2%: 0.12+0.58+0.10 ms clock, 1.0+0.65/0.58/0+0.87 ms cpu, 3->3->1 MB, 4 MB goal, 0 MB stacks, 0 MB globals, 8 P
gc 5478 @49.134s 2%: 0.095+0.49+0.083 ms clock, 0.76+0.54/0.66/0+0.66 ms cpu, 3->3->1 MB, 4 MB goal, 0 MB stacks, 0 MB globals, 8 P
gc 5479 @49.137s 2%: 0.056+0.72+0.056 ms clock, 0.44+0.65/0.64/0+0.45 ms cpu, 3->3->1 MB, 4 MB goal, 0 MB stacks, 0 MB globals, 8 P
gc 5480 @49.140s 2%: 0.12+0.67+0.10 ms clock, 1.0+0.62/0.58/0+0.85 ms cpu, 3->3->1 MB, 4 MB goal, 0 MB stacks, 0 MB globals, 8 P
gc 5481 @49.143s 2%: 0.11+0.57+0.10 ms clock, 0.90+0.64/0.71/0+0.87 ms cpu, 3->3->1 MB, 4 MB goal, 0 MB stacks, 0 MB globals, 8 P
gc 5482 @49.146s 2%: 0.12+0.50+0.091 ms clock, 0.96+0.77/0.63/0+0.73 ms cpu, 3->3->1 MB, 4 MB goal, 0 MB stacks, 0 MB globals, 8 P
gc 5483 @49.148s 2%: 0.15+0.41+0.10 ms clock, 1.2+0.71/0.60/0+0.81 ms cpu, 3->3->1 MB, 4 MB goal, 0 MB stacks, 0 MB globals, 8 P
gc 5484 @49.151s 2%: 0.12+0.83+0.056 ms clock, 1.0+0.67/0.63/0+0.44 ms cpu, 3->3->1 MB, 4 MB goal, 0 MB stacks, 0 MB globals, 8 P
gc 5485 @49.154s 2%: 0.10+0.57+0.078 ms clock, 0.82+0.53/0.62/0+0.62 ms cpu, 3->3->1 MB, 4 MB goal, 0 MB stacks, 0 MB globals, 8 P
gc 5486 @49.157s 2%: 0.13+0.70+0.090 ms clock, 1.0+0.67/0.59/0+0.72 ms cpu, 3->3->1 MB, 4 MB goal, 0 MB stacks, 0 MB globals, 8 P
gc 5487 @49.160s 2%: 0.087+0.51+0.043 ms clock, 0.69+0.71/0.53/0+0.34 ms cpu, 3->3->1 MB, 4 MB goal, 0 MB stacks, 0 MB globals, 8 P
gc 5488 @49.162s 2%: 0.11+0.49+0.060 ms clock, 0.94+0.57/0.68/0+0.48 ms cpu, 3->3->1 MB, 4 MB goal, 0 MB stacks, 0 MB globals, 8 P
gc 5489 @49.165s 2%: 0.081+0.74+0.055 ms clock, 0.65+0.60/0.55/0+0.44 ms cpu, 3->3->1 MB, 4 MB goal, 0 MB stacks, 0 MB globals, 8 P
gc 5490 @49.168s 2%: 0.096+0.68+0.085 ms clock, 0.77+0.59/0.60/0+0.68 ms cpu, 3->3->1 MB, 4 MB goal, 0 MB stacks, 0 MB globals, 8 P
gc 5491 @49.171s 2%: 0.083+0.53+0.12 ms clock, 0.66+0.66/0.56/0+0.96 ms cpu, 3->3->1 MB, 4 MB goal, 0 MB stacks, 0 MB globals, 8 P
gc 5492 @49.174s 2%: 0.060+0.44+0.076 ms clock, 0.48+0.69/0.57/0+0.61 ms cpu, 3->3->1 MB, 4 MB goal, 0 MB stacks, 0 MB globals, 8 P
gc 5493 @49.176s 2%: 0.13+0.91+0.090 ms clock, 1.0+0.64/0.62/0+0.72 ms cpu, 3->3->1 MB, 4 MB goal, 0 MB stacks, 0 MB globals, 8 P
gc 5494 @49.179s 2%: 0.072+0.48+0.042 ms clock, 0.57+0.60/0.60/0+0.33 ms cpu, 3->3->1 MB, 4 MB goal, 0 MB stacks, 0 MB globals, 8 P
gc 5495 @49.182s 2%: 0.11+0.85+0.092 ms clock, 0.88+0.67/0.59/0+0.73 ms cpu, 3->3->1 MB, 4 MB goal, 0 MB stacks, 0 MB globals, 8 P
gc 5496 @49.185s 2%: 0.089+0.84+0.051 ms clock, 0.71+0.45/0.57/0+0.41 ms cpu, 3->3->1 MB, 4 MB goal, 0 MB stacks, 0 MB globals, 8 P
gc 5497 @49.188s 2%: 0.095+0.45+0.061 ms clock, 0.76+0.73/0.58/0+0.48 ms cpu, 3->3->1 MB, 4 MB goal, 0 MB stacks, 0 MB globals, 8 P
gc 5498 @49.191s 2%: 0.10+0.49+0.099 ms clock, 0.81+0.61/0.59/0+0.79 ms cpu, 3->3->1 MB, 4 MB goal, 0 MB stacks, 0 MB globals, 8 P
gc 5499 @49.193s 2%: 0.10+0.79+0.083 ms clock, 0.87+0.76/0.72/0+0.66 ms cpu, 3->3->1 MB, 4 MB goal, 0 MB stacks, 0 MB globals, 8 P
gc 5500 @49.196s 2%: 0.15+0.65+0.10 ms clock, 1.2+0.63/0.67/0+0.82 ms cpu, 3->3->1 MB, 4 MB goal, 0 MB stacks, 0 MB globals, 8 P
gc 5501 @49.199s 2%: 0.10+0.70+0.078 ms clock, 0.86+0.56/0.64/0+0.62 ms cpu, 3->3->1 MB, 4 MB goal, 0 MB stacks, 0 MB globals, 8 P
gc 5502 @49.202s 2%: 0.11+0.48+0.054 ms clock, 0.95+0.53/0.62/0+0.43 ms cpu, 3->3->1 MB, 4 MB goal, 0 MB stacks, 0 MB globals, 8 P
gc 5503 @49.205s 2%: 0.089+0.50+0.11 ms clock, 0.71+0.61/0.55/0+0.94 ms cpu, 3->3->1 MB, 4 MB goal, 0 MB stacks, 0 MB globals, 8 P
gc 5504 @49.208s 2%: 0.094+0.47+0.10 ms clock, 0.75+0.67/0.63/0+0.82 ms cpu, 3->3->1 MB, 4 MB goal, 0 MB stacks, 0 MB globals, 8 P
gc 5505 @49.210s 2%: 0.10+1.2+0.098 ms clock, 0.82+0.74/0.72/0+0.78 ms cpu, 3->4->1 MB, 4 MB goal, 0 MB stacks, 0 MB globals, 8 P
gc 5506 @49.214s 2%: 0.10+0.51+0.080 ms clock, 0.87+0.78/0.53/0+0.64 ms cpu, 3->3->1 MB, 4 MB goal, 0 MB stacks, 0 MB globals, 8 P
gc 5507 @49.216s 2%: 0.067+0.50+0.065 ms clock, 0.54+0.69/0.61/0+0.52 ms cpu, 3->3->1 MB, 4 MB goal, 0 MB stacks, 0 MB globals, 8 P
gc 5508 @49.219s 2%: 0.10+0.68+0.053 ms clock, 0.82+0.67/0.63/0+0.42 ms cpu, 3->3->1 MB, 4 MB goal, 0 MB stacks, 0 MB globals, 8 P
gc 5509 @49.222s 2%: 0.097+0.51+0.096 ms clock, 0.77+0.72/0.59/0+0.76 ms cpu, 3->3->1 MB, 4 MB goal, 0 MB stacks, 0 MB globals, 8 P
gc 5510 @49.225s 2%: 0.13+0.74+0.079 ms clock, 1.1+0.64/0.62/0+0.63 ms cpu, 3->3->1 MB, 4 MB goal, 0 MB stacks, 0 MB globals, 8 P
gc 5511 @49.228s 2%: 0.11+0.37+0.094 ms clock, 0.94+0.57/0.55/0+0.75 ms cpu, 3->3->1 MB, 4 MB goal, 0 MB stacks, 0 MB globals, 8 P
gc 5512 @49.230s 2%: 0.11+0.51+0.12 ms clock, 0.95+0.61/0.64/0+1.0 ms cpu, 3->3->1 MB, 4 MB goal, 0 MB stacks, 0 MB globals, 8 P
gc 5513 @49.233s 2%: 0.084+0.66+0.096 ms clock, 0.67+0.76/0.55/0+0.77 ms cpu, 3->3->1 MB, 4 MB goal, 0 MB stacks, 0 MB globals, 8 P
gc 5514 @49.236s 2%: 0.12+0.64+0.079 ms clock, 0.99+0.69/0.57/0+0.63 ms cpu, 3->3->1 MB, 4 MB goal, 0 MB stacks, 0 MB globals, 8 P
gc 5515 @49.238s 2%: 0.12+0.52+0.082 ms clock, 0.96+0.66/0.57/0+0.65 ms cpu, 3->3->1 MB, 4 MB goal, 0 MB stacks, 0 MB globals, 8 P
gc 5516 @49.241s 2%: 0.11+0.51+0.072 ms clock, 0.91+0.61/0.70/0+0.57 ms cpu, 3->3->1 MB, 4 MB goal, 0 MB stacks, 0 MB globals, 8 P
gc 5517 @49.244s 2%: 0.086+0.88+0.11 ms clock, 0.69+0.55/0.72/0.036+0.93 ms cpu, 3->3->1 MB, 4 MB goal, 0 MB stacks, 0 MB globals, 8 P
gc 5518 @49.247s 2%: 0.10+0.42+0.086 ms clock, 0.80+0.68/0.63/0+0.69 ms cpu, 3->3->1 MB, 4 MB goal, 0 MB stacks, 0 MB globals, 8 P
gc 5519 @49.249s 2%: 0.17+0.76+0.092 ms clock, 1.4+0.66/0.75/0+0.74 ms cpu, 3->3->1 MB, 4 MB goal, 0 MB stacks, 0 MB globals, 8 P
gc 5520 @49.252s 2%: 0.12+0.69+0.092 ms clock, 0.98+0.77/0.60/0+0.74 ms cpu, 3->3->1 MB, 4 MB goal, 0 MB stacks, 0 MB globals, 8 P
gc 5521 @49.255s 2%: 0.070+0.47+0.080 ms clock, 0.56+0.65/0.69/0+0.64 ms cpu, 3->3->1 MB, 4 MB goal, 0 MB stacks, 0 MB globals, 8 P
gc 5522 @49.258s 2%: 0.067+0.76+0.063 ms clock, 0.53+0.75/0.65/0+0.50 ms cpu, 3->3->1 MB, 4 MB goal, 0 MB stacks, 0 MB globals, 8 P
gc 5523 @49.261s 2%: 0.12+0.51+0.081 ms clock, 1.0+0.60/0.63/0+0.64 ms cpu, 3->3->1 MB, 4 MB goal, 0 MB stacks, 0 MB globals, 8 P
gc 5524 @49.264s 2%: 0.10+0.59+0.13 ms clock, 0.87+0.76/0.62/0+1.0 ms cpu, 3->3->1 MB, 4 MB goal, 0 MB stacks, 0 MB globals, 8 P
gc 5525 @49.266s 2%: 0.079+0.88+0.095 ms clock, 0.63+0.72/0.61/0+0.76 ms cpu, 3->3->1 MB, 4 MB goal, 0 MB stacks, 0 MB globals, 8 P
gc 5526 @49.269s 2%: 0.098+0.46+0.070 ms clock, 0.79+0.78/0.51/0+0.56 ms cpu, 3->3->1 MB, 4 MB goal, 0 MB stacks, 0 MB globals, 8 P
gc 5527 @49.272s 2%: 0.099+0.75+0.046 ms clock, 0.79+0.68/0.66/0+0.37 ms cpu, 3->3->1 MB, 4 MB goal, 0 MB stacks, 0 MB globals, 8 P
gc 5528 @49.275s 2%: 0.094+0.51+0.096 ms clock, 0.75+0.71/0.56/0+0.77 ms cpu, 3->3->1 MB, 4 MB goal, 0 MB stacks, 0 MB globals, 8 P
gc 5529 @49.278s 2%: 0.099+0.79+0.084 ms clock, 0.79+0.73/0.64/0+0.67 ms cpu, 3->3->1 MB, 4 MB goal, 0 MB stacks, 0 MB globals, 8 P
gc 5530 @49.280s 2%: 0.095+0.81+0.12 ms clock, 0.76+0.64/0.67/0+0.99 ms cpu, 3->3->1 MB, 4 MB goal, 0 MB stacks, 0 MB globals, 8 P
gc 5531 @49.283s 2%: 0.10+0.82+0.029 ms clock, 0.86+0.59/0.58/0+0.23 ms cpu, 3->3->1 MB, 4 MB goal, 0 MB stacks, 0 MB globals, 8 P
gc 5532 @49.286s 2%: 0.084+0.51+0.10 ms clock, 0.67+0.56/0.65/0+0.85 ms cpu, 3->3->1 MB, 4 MB goal, 0 MB stacks, 0 MB globals, 8 P
gc 5533 @49.289s 2%: 0.11+0.44+0.089 ms clock, 0.94+0.74/0.50/0+0.71 ms cpu, 3->3->1 MB, 4 MB goal, 0 MB stacks, 0 MB globals, 8 P
gc 5534 @49.291s 2%: 0.13+0.60+0.093 ms clock, 1.0+0.70/0.61/0+0.74 ms cpu, 3->3->1 MB, 4 MB goal, 0 MB stacks, 0 MB globals, 8 P
gc 5535 @49.294s 2%: 0.052+0.48+0.079 ms clock, 0.42+0.67/0.58/0+0.63 ms cpu, 3->3->1 MB, 4 MB goal, 0 MB stacks, 0 MB globals, 8 P
gc 5536 @49.297s 2%: 0.10+0.56+0.058 ms clock, 0.82+0.63/0.59/0+0.46 ms cpu, 3->3->1 MB, 4 MB goal, 0 MB stacks, 0 MB globals, 8 P
gc 5537 @49.300s 2%: 0.10+0.72+0.094 ms clock, 0.82+0.60/0.62/0+0.75 ms cpu, 3->3->1 MB, 4 MB goal, 0 MB stacks, 0 MB globals, 8 P
gc 5538 @49.303s 2%: 0.12+0.54+0.097 ms clock, 1.0+0.63/0.61/0+0.78 ms cpu, 3->3->1 MB, 4 MB goal, 0 MB stacks, 0 MB globals, 8 P
gc 5539 @49.305s 2%: 0.11+0.49+0.078 ms clock, 0.88+0.71/0.61/0+0.63 ms cpu, 3->3->1 MB, 4 MB goal, 0 MB stacks, 0 MB globals, 8 P
gc 5540 @49.308s 2%: 0.13+0.59+0.11 ms clock, 1.0+0.67/0.66/0+0.88 ms cpu, 3->3->1 MB, 4 MB goal, 0 MB stacks, 0 MB globals, 8 P
gc 5541 @49.311s 2%: 0.10+0.43+0.048 ms clock, 0.84+0.63/0.59/0+0.39 ms cpu, 3->3->1 MB, 4 MB goal, 0 MB stacks, 0 MB globals, 8 P
gc 5542 @49.314s 2%: 0.088+0.71+0.088 ms clock, 0.70+0.85/0.87/0+0.70 ms cpu, 3->3->1 MB, 4 MB goal, 0 MB stacks, 0 MB globals, 8 P
gc 5543 @49.316s 2%: 0.077+0.75+0.056 ms clock, 0.62+0.50/0.63/0+0.45 ms cpu, 3->3->1 MB, 4 MB goal, 0 MB stacks, 0 MB globals, 8 P
gc 5544 @49.319s 2%: 0.10+0.48+0.097 ms clock, 0.80+0.63/0.66/0+0.77 ms cpu, 3->3->1 MB, 4 MB goal, 0 MB stacks, 0 MB globals, 8 P
gc 5545 @49.322s 2%: 0.10+0.59+0.091 ms clock, 0.83+0.58/0.59/0+0.73 ms cpu, 3->3->1 MB, 4 MB goal, 0 MB stacks, 0 MB globals, 8 P
gc 5546 @49.325s 2%: 0.062+0.76+0.10 ms clock, 0.50+0.58/0.63/0.008+0.84 ms cpu, 3->3->1 MB, 4 MB goal, 0 MB stacks, 0 MB globals, 8 P
gc 5547 @49.328s 2%: 0.089+0.52+0.090 ms clock, 0.71+0.61/0.63/0+0.72 ms cpu, 3->3->1 MB, 4 MB goal, 0 MB stacks, 0 MB globals, 8 P
gc 5548 @49.330s 2%: 0.10+0.51+0.056 ms clock, 0.83+0.87/0.62/0+0.45 ms cpu, 3->3->1 MB, 4 MB goal, 0 MB stacks, 0 MB globals, 8 P
gc 5549 @49.333s 2%: 0.13+0.50+0.099 ms clock, 1.0+0.60/0.67/0+0.79 ms cpu, 3->3->1 MB, 4 MB goal, 0 MB stacks, 0 MB globals, 8 P
gc 5550 @49.336s 2%: 0.095+0.49+0.076 ms clock, 0.76+0.47/0.65/0+0.61 ms cpu, 3->3->1 MB, 4 MB goal, 0 MB stacks, 0 MB globals, 8 P
gc 5551 @49.339s 2%: 0.11+0.46+0.051 ms clock, 0.88+0.73/0.51/0+0.41 ms cpu, 3->3->1 MB, 4 MB goal, 0 MB stacks, 0 MB globals, 8 P
gc 5552 @49.341s 2%: 0.072+0.74+0.085 ms clock, 0.58+0.64/0.58/0+0.68 ms cpu, 3->3->1 MB, 4 MB goal, 0 MB stacks, 0 MB globals, 8 P
gc 5553 @49.344s 2%: 0.078+0.75+0.081 ms clock, 0.63+1.0/0.64/0+0.64 ms cpu, 3->3->1 MB, 4 MB goal, 0 MB stacks, 0 MB globals, 8 P
gc 5554 @49.347s 2%: 0.10+0.55+0.088 ms clock, 0.81+0.64/0.59/0+0.70 ms cpu, 3->3->1 MB, 4 MB goal, 0 MB stacks, 0 MB globals, 8 P
gc 5555 @49.350s 2%: 0.10+0.88+0.059 ms clock, 0.81+0.69/1.0/0+0.47 ms cpu, 3->3->1 MB, 4 MB goal, 0 MB stacks, 0 MB globals, 8 P
gc 5556 @49.353s 2%: 0.10+0.47+0.10 ms clock, 0.85+0.63/0.65/0+0.87 ms cpu, 3->3->1 MB, 4 MB goal, 0 MB stacks, 0 MB globals, 8 P
gc 5557 @49.355s 2%: 0.10+0.62+0.030 ms clock, 0.83+0.55/0.61/0+0.24 ms cpu, 3->3->1 MB, 4 MB goal, 0 MB stacks, 0 MB globals, 8 P
gc 5558 @49.358s 2%: 0.12+0.63+0.020 ms clock, 1.0+0.64/0.51/0+0.16 ms cpu, 3->3->1 MB, 4 MB goal, 0 MB stacks, 0 MB globals, 8 P
gc 5559 @49.361s 2%: 0.12+0.41+0.090 ms clock, 0.97+0.74/0.54/0+0.72 ms cpu, 3->3->1 MB, 4 MB goal, 0 MB stacks, 0 MB globals, 8 P
gc 5560 @49.364s 2%: 0.079+0.53+0.10 ms clock, 0.63+0.71/0.57/0+0.80 ms cpu, 3->3->1 MB, 4 MB goal, 0 MB stacks, 0 MB globals, 8 P
gc 5561 @49.367s 2%: 0.12+0.59+0.078 ms clock, 1.0+0.64/0.67/0+0.62 ms cpu, 3->3->1 MB, 4 MB goal, 0 MB stacks, 0 MB globals, 8 P
gc 5562 @49.369s 2%: 0.10+0.59+0.050 ms clock, 0.85+0.74/0.59/0+0.40 ms cpu, 3->3->1 MB, 4 MB goal, 0 MB stacks, 0 MB globals, 8 P
gc 5563 @49.372s 2%: 0.14+0.48+0.090 ms clock, 1.1+0.65/0.60/0+0.72 ms cpu, 3->3->1 MB, 4 MB goal, 0 MB stacks, 0 MB globals, 8 P
gc 5564 @49.375s 2%: 0.094+0.85+0.070 ms clock, 0.75+0.70/0.56/0+0.56 ms cpu, 3->3->1 MB, 4 MB goal, 0 MB stacks, 0 MB globals, 8 P
gc 5565 @49.378s 2%: 0.083+0.64+0.080 ms clock, 0.66+0.66/0.73/0+0.64 ms cpu, 3->3->1 MB, 4 MB goal, 0 MB stacks, 0 MB globals, 8 P
gc 5566 @49.381s 2%: 0.099+0.50+0.083 ms clock, 0.79+0.72/0.68/0+0.67 ms cpu, 3->3->1 MB, 4 MB goal, 0 MB stacks, 0 MB globals, 8 P
gc 5567 @49.383s 2%: 0.088+0.50+0.055 ms clock, 0.70+0.79/0.55/0+0.44 ms cpu, 3->3->1 MB, 4 MB goal, 0 MB stacks, 0 MB globals, 8 P
gc 5568 @49.386s 2%: 0.087+0.53+0.10 ms clock, 0.70+0.71/0.64/0+0.80 ms cpu, 3->3->1 MB, 4 MB goal, 0 MB stacks, 0 MB globals, 8 P
gc 5569 @49.389s 2%: 0.072+0.65+0.066 ms clock, 0.57+0.57/0.77/0+0.53 ms cpu, 3->3->1 MB, 4 MB goal, 0 MB stacks, 0 MB globals, 8 P
gc 5570 @49.392s 2%: 0.086+0.42+0.10 ms clock, 0.68+0.70/0.56/0+0.80 ms cpu, 3->3->1 MB, 4 MB goal, 0 MB stacks, 0 MB globals, 8 P
gc 5571 @49.394s 2%: 0.11+0.40+0.10 ms clock, 0.95+0.66/0.57/0+0.80 ms cpu, 3->3->1 MB, 4 MB goal, 0 MB stacks, 0 MB globals, 8 P
gc 5572 @49.397s 2%: 0.10+0.50+0.092 ms clock, 0.81+0.56/0.66/0.003+0.74 ms cpu, 3->3->1 MB, 4 MB goal, 0 MB stacks, 0 MB globals, 8 P
gc 5573 @49.400s 2%: 0.10+0.43+0.10 ms clock, 0.81+0.64/0.53/0+0.85 ms cpu, 3->3->1 MB, 4 MB goal, 0 MB stacks, 0 MB globals, 8 P
gc 5574 @49.403s 2%: 0.052+0.42+0.091 ms clock, 0.41+0.71/0.56/0+0.73 ms cpu, 3->3->1 MB, 4 MB goal, 0 MB stacks, 0 MB globals, 8 P
gc 5575 @49.405s 2%: 0.10+0.61+0.085 ms clock, 0.83+0.55/0.65/0+0.68 ms cpu, 3->3->1 MB, 4 MB goal, 0 MB stacks, 0 MB globals, 8 P
gc 5576 @49.408s 2%: 0.052+0.50+0.10 ms clock, 0.41+0.72/0.56/0+0.82 ms cpu, 3->3->1 MB, 4 MB goal, 0 MB stacks, 0 MB globals, 8 P
gc 5577 @49.411s 2%: 0.098+0.47+0.045 ms clock, 0.78+0.75/0.59/0+0.36 ms cpu, 3->3->1 MB, 4 MB goal, 0 MB stacks, 0 MB globals, 8 P
gc 5578 @49.413s 2%: 0.10+0.54+0.043 ms clock, 0.84+0.65/0.58/0+0.34 ms cpu, 3->3->1 MB, 4 MB goal, 0 MB stacks, 0 MB globals, 8 P
gc 5579 @49.416s 2%: 0.096+0.67+0.047 ms clock, 0.77+0.71/0.55/0+0.37 ms cpu, 3->3->1 MB, 4 MB goal, 0 MB stacks, 0 MB globals, 8 P
gc 5580 @49.419s 2%: 0.076+0.55+0.11 ms clock, 0.61+0.67/0.60/0+0.93 ms cpu, 3->3->1 MB, 4 MB goal, 0 MB stacks, 0 MB globals, 8 P
gc 5581 @49.422s 2%: 0.12+0.63+0.063 ms clock, 1.0+0.54/0.62/0+0.50 ms cpu, 3->3->1 MB, 4 MB goal, 0 MB stacks, 0 MB globals, 8 P
gc 5582 @49.425s 2%: 0.078+0.49+0.090 ms clock, 0.63+0.67/0.53/0+0.72 ms cpu, 3->3->1 MB, 4 MB goal, 0 MB stacks, 0 MB globals, 8 P
gc 5583 @49.427s 2%: 0.089+0.56+0.11 ms clock, 0.71+0.69/0.66/0+0.93 ms cpu, 3->3->1 MB, 4 MB goal, 0 MB stacks, 0 MB globals, 8 P
gc 5584 @49.430s 2%: 0.070+0.52+0.097 ms clock, 0.56+0.70/0.59/0+0.77 ms cpu, 3->3->1 MB, 4 MB goal, 0 MB stacks, 0 MB globals, 8 P
gc 5585 @49.433s 2%: 0.13+0.44+0.089 ms clock, 1.0+0.76/0.53/0+0.71 ms cpu, 3->3->1 MB, 4 MB goal, 0 MB stacks, 0 MB globals, 8 P
gc 5586 @49.436s 2%: 0.12+0.81+0.063 ms clock, 0.97+0.69/0.62/0+0.50 ms cpu, 3->3->1 MB, 4 MB goal, 0 MB stacks, 0 MB globals, 8 P
gc 5587 @49.438s 2%: 0.078+0.61+0.078 ms clock, 0.62+0.71/0.53/0+0.62 ms cpu, 3->3->1 MB, 4 MB goal, 0 MB stacks, 0 MB globals, 8 P
gc 5588 @49.441s 2%: 0.11+0.54+0.095 ms clock, 0.88+0.72/0.64/0+0.76 ms cpu, 3->3->1 MB, 4 MB goal, 0 MB stacks, 0 MB globals, 8 P
gc 5589 @49.444s 2%: 0.081+0.78+0.044 ms clock, 0.65+0.66/0.64/0+0.35 ms cpu, 3->3->1 MB, 4 MB goal, 0 MB stacks, 0 MB globals, 8 P
gc 5590 @49.447s 2%: 0.094+0.97+0.10 ms clock, 0.75+0.58/0.60/0+0.80 ms cpu, 3->4->1 MB, 4 MB goal, 0 MB stacks, 0 MB globals, 8 P
gc 5591 @49.450s 2%: 0.10+0.53+0.11 ms clock, 0.81+0.47/0.63/0+0.95 ms cpu, 3->3->1 MB, 4 MB goal, 0 MB stacks, 0 MB globals, 8 P
gc 5592 @49.453s 2%: 0.093+0.51+0.090 ms clock, 0.74+0.72/0.60/0+0.72 ms cpu, 3->3->1 MB, 4 MB goal, 0 MB stacks, 0 MB globals, 8 P
gc 5593 @49.455s 2%: 0.10+0.78+0.089 ms clock, 0.84+0.53/0.62/0+0.71 ms cpu, 3->3->1 MB, 4 MB goal, 0 MB stacks, 0 MB globals, 8 P
gc 5594 @49.458s 2%: 0.11+0.66+0.082 ms clock, 0.93+0.58/0.68/0+0.66 ms cpu, 3->3->1 MB, 4 MB goal, 0 MB stacks, 0 MB globals, 8 P
gc 5595 @49.461s 2%: 0.067+0.59+0.087 ms clock, 0.54+0.68/0.69/0+0.70 ms cpu, 3->3->1 MB, 4 MB goal, 0 MB stacks, 0 MB globals, 8 P
gc 5596 @49.464s 2%: 0.086+0.87+0.053 ms clock, 0.69+0.67/0.55/0+0.42 ms cpu, 3->3->1 MB, 4 MB goal, 0 MB stacks, 0 MB globals, 8 P
gc 5597 @49.467s 2%: 0.078+0.78+0.081 ms clock, 0.62+0.93/0.62/0+0.64 ms cpu, 3->3->1 MB, 4 MB goal, 0 MB stacks, 0 MB globals, 8 P
gc 5598 @49.470s 2%: 0.13+0.44+0.062 ms clock, 1.1+0.65/0.62/0+0.49 ms cpu, 3->3->1 MB, 4 MB goal, 0 MB stacks, 0 MB globals, 8 P
gc 5599 @49.472s 2%: 0.064+0.53+0.090 ms clock, 0.51+0.66/0.63/0+0.72 ms cpu, 3->3->1 MB, 4 MB goal, 0 MB stacks, 0 MB globals, 8 P
gc 5600 @49.475s 2%: 0.10+0.49+0.094 ms clock, 0.84+0.70/0.60/0+0.75 ms cpu, 3->3->1 MB, 4 MB goal, 0 MB stacks, 0 MB globals, 8 P
gc 5601 @49.478s 2%: 0.18+0.82+0.073 ms clock, 1.4+0.65/0.60/0+0.58 ms cpu, 3->3->1 MB, 4 MB goal, 0 MB stacks, 0 MB globals, 8 P
gc 5602 @49.481s 2%: 0.11+0.78+0.047 ms clock, 0.91+0.58/0.63/0+0.38 ms cpu, 3->3->1 MB, 4 MB goal, 0 MB stacks, 0 MB globals, 8 P
gc 5603 @49.484s 2%: 0.11+0.77+0.13 ms clock, 0.90+0.69/0.61/0+1.0 ms cpu, 3->3->1 MB, 4 MB goal, 0 MB stacks, 0 MB globals, 8 P
gc 5604 @49.487s 2%: 0.11+0.49+0.067 ms clock, 0.89+0.63/0.63/0+0.53 ms cpu, 3->3->1 MB, 4 MB goal, 0 MB stacks, 0 MB globals, 8 P
gc 5605 @49.489s 2%: 0.11+1.0+0.10 ms clock, 0.91+0.73/0.69/0+0.82 ms cpu, 3->3->1 MB, 4 MB goal, 0 MB stacks, 0 MB globals, 8 P
gc 5606 @49.492s 2%: 0.079+0.45+0.055 ms clock, 0.63+0.64/0.62/0+0.44 ms cpu, 3->3->1 MB, 4 MB goal, 0 MB stacks, 0 MB globals, 8 P
gc 5607 @49.495s 2%: 0.12+0.75+0.061 ms clock, 1.0+0.56/0.52/0+0.49 ms cpu, 3->3->1 MB, 4 MB goal, 0 MB stacks, 0 MB globals, 8 P
gc 5608 @49.498s 2%: 0.090+0.59+0.066 ms clock, 0.72+0.66/0.54/0+0.53 ms cpu, 3->3->1 MB, 4 MB goal, 0 MB stacks, 0 MB globals, 8 P
gc 5609 @49.501s 2%: 0.11+0.46+0.079 ms clock, 0.92+0.77/0.65/0+0.63 ms cpu, 3->3->1 MB, 4 MB goal, 0 MB stacks, 0 MB globals, 8 P
gc 5610 @49.503s 2%: 0.088+0.56+0.079 ms clock, 0.71+0.58/0.62/0+0.63 ms cpu, 3->3->1 MB, 4 MB goal, 0 MB stacks, 0 MB globals, 8 P
gc 5611 @49.506s 2%: 0.11+0.54+0.092 ms clock, 0.91+0.63/0.61/0+0.73 ms cpu, 3->3->1 MB, 4 MB goal, 0 MB stacks, 0 MB globals, 8 P
gc 5612 @49.509s 2%: 0.099+0.62+0.096 ms clock, 0.79+0.73/0.58/0+0.77 ms cpu, 3->3->1 MB, 4 MB goal, 0 MB stacks, 0 MB globals, 8 P
gc 5613 @49.512s 2%: 0.099+0.55+0.060 ms clock, 0.79+0.71/0.61/0+0.48 ms cpu, 3->3->1 MB, 4 MB goal, 0 MB stacks, 0 MB globals, 8 P
gc 5614 @49.514s 2%: 0.27+0.50+0.076 ms clock, 2.2+0.58/0.86/0+0.61 ms cpu, 3->3->1 MB, 4 MB goal, 0 MB stacks, 0 MB globals, 8 P
gc 5615 @49.517s 2%: 0.098+0.91+0.036 ms clock, 0.79+0.34/0.83/0+0.29 ms cpu, 3->3->1 MB, 4 MB goal, 0 MB stacks, 0 MB globals, 8 P
gc 5616 @49.520s 2%: 0.073+0.50+0.096 ms clock, 0.58+0.64/0.62/0+0.77 ms cpu, 3->3->1 MB, 4 MB goal, 0 MB stacks, 0 MB globals, 8 P
gc 5617 @49.523s 2%: 0.086+0.62+0.070 ms clock, 0.68+0.67/0.67/0+0.56 ms cpu, 3->3->1 MB, 4 MB goal, 0 MB stacks, 0 MB globals, 8 P
gc 5618 @49.526s 2%: 0.064+0.37+0.10 ms clock, 0.51+0.76/0.48/0+0.80 ms cpu, 3->3->1 MB, 4 MB goal, 0 MB stacks, 0 MB globals, 8 P
gc 5619 @49.528s 2%: 0.076+0.51+0.089 ms clock, 0.60+0.74/0.61/0+0.71 ms cpu, 3->3->1 MB, 4 MB goal, 0 MB stacks, 0 MB globals, 8 P
gc 5620 @49.531s 2%: 0.10+0.79+0.056 ms clock, 0.83+0.65/0.64/0+0.45 ms cpu, 3->3->1 MB, 4 MB goal, 0 MB stacks, 0 MB globals, 8 P
gc 5621 @49.534s 2%: 0.098+1.5+0.11 ms clock, 0.78+0.61/0.62/0+0.94 ms cpu, 3->4->1 MB, 4 MB goal, 0 MB stacks, 0 MB globals, 8 P
gc 5622 @49.537s 2%: 0.10+0.56+0.092 ms clock, 0.81+0.61/0.65/0+0.73 ms cpu, 3->3->1 MB, 4 MB goal, 0 MB stacks, 0 MB globals, 8 P
gc 5623 @49.540s 2%: 0.090+0.49+0.11 ms clock, 0.72+0.62/0.65/0+0.90 ms cpu, 3->3->1 MB, 4 MB goal, 0 MB stacks, 0 MB globals, 8 P
gc 5624 @49.543s 2%: 0.12+0.63+0.027 ms clock, 1.0+0.68/0.62/0+0.22 ms cpu, 3->3->1 MB, 4 MB goal, 0 MB stacks, 0 MB globals, 8 P
gc 5625 @49.545s 2%: 0.086+0.51+0.095 ms clock, 0.69+0.83/0.53/0+0.76 ms cpu, 3->3->1 MB, 4 MB goal, 0 MB stacks, 0 MB globals, 8 P
gc 5626 @49.548s 2%: 0.10+0.86+0.052 ms clock, 0.82+0.74/0.58/0+0.41 ms cpu, 3->3->1 MB, 4 MB goal, 0 MB stacks, 0 MB globals, 8 P
gc 5627 @49.551s 2%: 0.097+0.56+0.12 ms clock, 0.78+0.68/0.65/0+0.98 ms cpu, 3->3->1 MB, 4 MB goal, 0 MB stacks, 0 MB globals, 8 P
gc 5628 @49.554s 2%: 0.093+0.46+0.062 ms clock, 0.74+0.60/0.64/0+0.50 ms cpu, 3->3->1 MB, 4 MB goal, 0 MB stacks, 0 MB globals, 8 P
gc 5629 @49.557s 2%: 0.13+0.75+0.087 ms clock, 1.0+0.55/0.75/0+0.70 ms cpu, 3->3->1 MB, 4 MB goal, 0 MB stacks, 0 MB globals, 8 P
gc 5630 @49.559s 2%: 0.10+0.50+0.064 ms clock, 0.83+0.55/0.62/0+0.51 ms cpu, 3->3->1 MB, 4 MB goal, 0 MB stacks, 0 MB globals, 8 P
gc 5631 @49.562s 2%: 0.10+0.52+0.093 ms clock, 0.81+0.69/0.58/0+0.75 ms cpu, 3->3->1 MB, 4 MB goal, 0 MB stacks, 0 MB globals, 8 P
gc 5632 @49.565s 2%: 0.10+0.48+0.078 ms clock, 0.87+0.68/0.48/0.10+0.62 ms cpu, 3->3->1 MB, 4 MB goal, 0 MB stacks, 0 MB globals, 8 P
gc 5633 @49.568s 2%: 0.11+0.46+0.063 ms clock, 0.94+0.70/0.57/0+0.50 ms cpu, 3->3->1 MB, 4 MB goal, 0 MB stacks, 0 MB globals, 8 P
gc 5634 @49.570s 2%: 0.12+0.92+0.020 ms clock, 1.0+0.69/0.65/0+0.16 ms cpu, 3->3->1 MB, 4 MB goal, 0 MB stacks, 0 MB globals, 8 P
gc 5635 @49.573s 2%: 0.10+0.51+0.071 ms clock, 0.84+0.62/0.58/0+0.56 ms cpu, 3->3->1 MB, 4 MB goal, 0 MB stacks, 0 MB globals, 8 P
gc 5636 @49.576s 2%: 0.10+0.48+0.066 ms clock, 0.81+0.67/0.57/0+0.53 ms cpu, 3->3->1 MB, 4 MB goal, 0 MB stacks, 0 MB globals, 8 P
gc 5637 @49.579s 2%: 0.10+0.58+0.093 ms clock, 0.87+0.59/0.62/0+0.74 ms cpu, 3->3->1 MB, 4 MB goal, 0 MB stacks, 0 MB globals, 8 P
gc 5638 @49.582s 2%: 0.12+0.44+0.10 ms clock, 0.96+0.71/0.65/0+0.85 ms cpu, 3->3->1 MB, 4 MB goal, 0 MB stacks, 0 MB globals, 8 P
gc 5639 @49.584s 2%: 0.13+0.50+0.11 ms clock, 1.0+0.66/0.61/0+0.93 ms cpu, 3->3->1 MB, 4 MB goal, 0 MB stacks, 0 MB globals, 8 P
gc 5640 @49.587s 2%: 0.070+0.76+0.079 ms clock, 0.56+0.55/0.60/0+0.63 ms cpu, 3->3->1 MB, 4 MB goal, 0 MB stacks, 0 MB globals, 8 P
gc 5641 @49.590s 2%: 0.083+0.62+0.063 ms clock, 0.66+0.71/0.46/0.027+0.50 ms cpu, 3->3->1 MB, 4 MB goal, 0 MB stacks, 0 MB globals, 8 P
gc 5642 @49.593s 2%: 0.11+0.61+0.10 ms clock, 0.94+0.59/0.57/0+0.81 ms cpu, 3->3->1 MB, 4 MB goal, 0 MB stacks, 0 MB globals, 8 P
gc 5643 @49.595s 2%: 0.13+0.45+0.052 ms clock, 1.0+0.63/0.59/0+0.41 ms cpu, 3->3->1 MB, 4 MB goal, 0 MB stacks, 0 MB globals, 8 P
gc 5644 @49.598s 2%: 0.076+0.42+0.11 ms clock, 0.61+0.81/0.52/0+0.94 ms cpu, 3->3->1 MB, 4 MB goal, 0 MB stacks, 0 MB globals, 8 P
gc 5645 @49.601s 2%: 0.10+0.64+0.087 ms clock, 0.80+0.56/0.72/0+0.69 ms cpu, 3->3->1 MB, 4 MB goal, 0 MB stacks, 0 MB globals, 8 P
gc 5646 @49.604s 2%: 0.087+0.48+0.071 ms clock, 0.69+0.63/0.61/0+0.57 ms cpu, 3->3->1 MB, 4 MB goal, 0 MB stacks, 0 MB globals, 8 P
gc 5647 @49.607s 2%: 0.077+0.49+0.055 ms clock, 0.61+0.76/0.59/0+0.44 ms cpu, 3->3->1 MB, 4 MB goal, 0 MB stacks, 0 MB globals, 8 P
gc 5648 @49.609s 2%: 0.12+0.69+0.085 ms clock, 0.98+0.74/0.71/0+0.68 ms cpu, 3->3->1 MB, 4 MB goal, 0 MB stacks, 0 MB globals, 8 P
gc 5649 @49.612s 2%: 0.096+0.68+0.043 ms clock, 0.77+0.66/0.52/0+0.35 ms cpu, 3->3->1 MB, 4 MB goal, 0 MB stacks, 0 MB globals, 8 P
gc 5650 @49.615s 2%: 0.10+0.63+0.086 ms clock, 0.84+0.60/0.78/0+0.68 ms cpu, 3->3->1 MB, 4 MB goal, 0 MB stacks, 0 MB globals, 8 P
gc 5651 @49.618s 2%: 0.075+0.46+0.090 ms clock, 0.60+0.58/0.58/0+0.72 ms cpu, 3->3->1 MB, 4 MB goal, 0 MB stacks, 0 MB globals, 8 P
gc 5652 @49.621s 2%: 0.086+0.97+0.049 ms clock, 0.69+0.59/0.65/0+0.39 ms cpu, 3->3->1 MB, 4 MB goal, 0 MB stacks, 0 MB globals, 8 P
gc 5653 @49.623s 2%: 0.086+0.75+0.10 ms clock, 0.69+0.56/0.60/0+0.84 ms cpu, 3->3->1 MB, 4 MB goal, 0 MB stacks, 0 MB globals, 8 P
gc 5654 @49.626s 2%: 0.13+1.1+0.004 ms clock, 1.0+0.55/0.67/0+0.038 ms cpu, 3->4->1 MB, 4 MB goal, 0 MB stacks, 0 MB globals, 8 P
gc 5655 @49.629s 2%: 0.068+0.47+0.050 ms clock, 0.54+0.64/0.66/0+0.40 ms cpu, 3->3->1 MB, 4 MB goal, 0 MB stacks, 0 MB globals, 8 P
gc 5656 @49.632s 2%: 0.076+0.60+0.096 ms clock, 0.61+0.65/0.73/0+0.77 ms cpu, 3->3->1 MB, 4 MB goal, 0 MB stacks, 0 MB globals, 8 P
gc 5657 @49.635s 2%: 0.089+0.55+0.10 ms clock, 0.71+0.73/0.68/0+0.82 ms cpu, 3->3->1 MB, 4 MB goal, 0 MB stacks, 0 MB globals, 8 P
gc 5658 @49.638s 2%: 0.14+0.50+0.10 ms clock, 1.1+0.66/0.59/0+0.85 ms cpu, 3->3->1 MB, 4 MB goal, 0 MB stacks, 0 MB globals, 8 P
gc 5659 @49.640s 2%: 0.091+0.80+0.061 ms clock, 0.73+0.63/0.60/0+0.49 ms cpu, 3->3->1 MB, 4 MB goal, 0 MB stacks, 0 MB globals, 8 P
gc 5660 @49.643s 2%: 0.088+0.53+0.072 ms clock, 0.70+0.64/0.61/0+0.57 ms cpu, 3->3->1 MB, 4 MB goal, 0 MB stacks, 0 MB globals, 8 P
gc 5661 @49.646s 2%: 0.14+0.58+0.088 ms clock, 1.1+0.61/0.71/0+0.71 ms cpu, 3->3->1 MB, 4 MB goal, 0 MB stacks, 0 MB globals, 8 P
gc 5662 @49.649s 2%: 0.084+0.63+0.065 ms clock, 0.67+0.69/0.65/0+0.52 ms cpu, 3->3->1 MB, 4 MB goal, 0 MB stacks, 0 MB globals, 8 P
gc 5663 @49.652s 2%: 0.083+0.45+0.075 ms clock, 0.66+0.64/0.58/0+0.60 ms cpu, 3->3->1 MB, 4 MB goal, 0 MB stacks, 0 MB globals, 8 P
gc 5664 @49.654s 2%: 0.10+0.65+0.083 ms clock, 0.86+0.67/0.57/0+0.66 ms cpu, 3->3->1 MB, 4 MB goal, 0 MB stacks, 0 MB globals, 8 P
gc 5665 @49.657s 2%: 0.093+0.49+0.11 ms clock, 0.74+0.61/0.70/0+0.88 ms cpu, 3->3->1 MB, 4 MB goal, 0 MB stacks, 0 MB globals, 8 P
gc 5666 @49.660s 2%: 0.072+0.45+0.090 ms clock, 0.57+0.69/0.62/0+0.72 ms cpu, 3->3->1 MB, 4 MB goal, 0 MB stacks, 0 MB globals, 8 P
gc 5667 @49.663s 2%: 0.084+0.50+0.10 ms clock, 0.67+0.66/0.62/0+0.83 ms cpu, 3->3->1 MB, 4 MB goal, 0 MB stacks, 0 MB globals, 8 P
gc 5668 @49.666s 2%: 0.076+0.51+0.11 ms clock, 0.61+0.65/0.64/0+0.90 ms cpu, 3->3->1 MB, 4 MB goal, 0 MB stacks, 0 MB globals, 8 P
gc 5669 @49.668s 2%: 0.073+0.70+0.083 ms clock, 0.58+0.70/0.49/0+0.66 ms cpu, 3->3->1 MB, 4 MB goal, 0 MB stacks, 0 MB globals, 8 P
gc 5670 @49.671s 2%: 0.13+0.48+0.10 ms clock, 1.0+0.70/0.58/0+0.81 ms cpu, 3->3->1 MB, 4 MB goal, 0 MB stacks, 0 MB globals, 8 P
gc 5671 @49.674s 2%: 0.10+0.53+0.052 ms clock, 0.83+0.64/0.66/0+0.42 ms cpu, 3->3->1 MB, 4 MB goal, 0 MB stacks, 0 MB globals, 8 P
gc 5672 @49.677s 2%: 0.066+0.50+0.068 ms clock, 0.52+0.55/0.71/0+0.55 ms cpu, 3->3->1 MB, 4 MB goal, 0 MB stacks, 0 MB globals, 8 P
gc 5673 @49.680s 2%: 0.095+0.47+0.096 ms clock, 0.76+0.76/0.59/0+0.76 ms cpu, 3->3->1 MB, 4 MB goal, 0 MB stacks, 0 MB globals, 8 P
gc 5674 @49.682s 2%: 0.11+0.54+0.098 ms clock, 0.95+0.54/0.67/0+0.78 ms cpu, 3->3->1 MB, 4 MB goal, 0 MB stacks, 0 MB globals, 8 P
gc 5675 @49.685s 2%: 0.11+0.55+0.13 ms clock, 0.92+0.63/0.69/0+1.0 ms cpu, 3->3->1 MB, 4 MB goal, 0 MB stacks, 0 MB globals, 8 P
gc 5676 @49.688s 2%: 0.076+0.44+0.085 ms clock, 0.61+0.75/0.54/0+0.68 ms cpu, 3->3->1 MB, 4 MB goal, 0 MB stacks, 0 MB globals, 8 P
gc 5677 @49.691s 2%: 0.13+0.66+0.095 ms clock, 1.0+0.56/0.64/0+0.76 ms cpu, 3->3->1 MB, 4 MB goal, 0 MB stacks, 0 MB globals, 8 P
gc 5678 @49.693s 2%: 0.11+0.50+0.076 ms clock, 0.88+0.56/0.70/0+0.61 ms cpu, 3->3->1 MB, 4 MB goal, 0 MB stacks, 0 MB globals, 8 P
gc 5679 @49.696s 2%: 0.10+0.68+0.029 ms clock, 0.86+0.61/0.56/0+0.23 ms cpu, 3->3->1 MB, 4 MB goal, 0 MB stacks, 0 MB globals, 8 P
gc 5680 @49.699s 2%: 0.054+0.71+0.078 ms clock, 0.43+0.46/0.58/0+0.63 ms cpu, 3->3->1 MB, 4 MB goal, 0 MB stacks, 0 MB globals, 8 P
gc 5681 @49.702s 2%: 0.089+0.49+0.067 ms clock, 0.71+0.75/0.59/0+0.53 ms cpu, 3->3->1 MB, 4 MB goal, 0 MB stacks, 0 MB globals, 8 P
gc 5682 @49.705s 2%: 0.11+0.78+0.048 ms clock, 0.92+0.72/0.57/0+0.38 ms cpu, 3->3->1 MB, 4 MB goal, 0 MB stacks, 0 MB globals, 8 P
gc 5683 @49.708s 2%: 0.10+0.51+0.10 ms clock, 0.81+0.61/0.54/0+0.80 ms cpu, 3->3->1 MB, 4 MB goal, 0 MB stacks, 0 MB globals, 8 P
gc 5684 @49.710s 2%: 0.10+0.55+0.099 ms clock, 0.85+0.69/0.61/0+0.79 ms cpu, 3->3->1 MB, 4 MB goal, 0 MB stacks, 0 MB globals, 8 P
gc 5685 @49.713s 2%: 0.11+0.58+0.087 ms clock, 0.95+0.57/0.64/0+0.70 ms cpu, 3->3->1 MB, 4 MB goal, 0 MB stacks, 0 MB globals, 8 P
gc 5686 @49.716s 2%: 0.12+0.83+0.090 ms clock, 1.0+0.59/0.67/0+0.72 ms cpu, 3->3->1 MB, 4 MB goal, 0 MB stacks, 0 MB globals, 8 P
gc 5687 @49.719s 2%: 0.085+0.86+0.065 ms clock, 0.68+0.75/0.59/0+0.52 ms cpu, 3->4->1 MB, 4 MB goal, 0 MB stacks, 0 MB globals, 8 P
gc 5688 @49.722s 2%: 0.11+0.43+0.10 ms clock, 0.95+0.69/0.62/0+0.81 ms cpu, 3->3->1 MB, 4 MB goal, 0 MB stacks, 0 MB globals, 8 P
gc 5689 @49.724s 2%: 0.10+0.88+0.095 ms clock, 0.87+0.60/0.57/0+0.76 ms cpu, 3->3->1 MB, 4 MB goal, 0 MB stacks, 0 MB globals, 8 P
gc 5690 @49.727s 2%: 0.048+0.50+0.093 ms clock, 0.38+0.69/0.58/0.004+0.75 ms cpu, 3->3->1 MB, 4 MB goal, 0 MB stacks, 0 MB globals, 8 P
gc 5691 @49.730s 2%: 0.094+0.44+0.091 ms clock, 0.75+0.82/0.53/0+0.73 ms cpu, 3->3->1 MB, 4 MB goal, 0 MB stacks, 0 MB globals, 8 P
gc 5692 @49.733s 2%: 0.092+0.61+0.11 ms clock, 0.73+0.58/0.68/0+0.90 ms cpu, 3->3->1 MB, 4 MB goal, 0 MB stacks, 0 MB globals, 8 P
gc 5693 @49.735s 2%: 0.090+0.74+0.085 ms clock, 0.72+0.59/0.56/0+0.68 ms cpu, 3->3->1 MB, 4 MB goal, 0 MB stacks, 0 MB globals, 8 P
gc 5694 @49.738s 2%: 0.083+0.74+0.047 ms clock, 0.67+0.69/0.56/0+0.37 ms cpu, 3->3->1 MB, 4 MB goal, 0 MB stacks, 0 MB globals, 8 P
gc 5695 @49.741s 2%: 0.10+0.61+0.079 ms clock, 0.81+0.61/0.64/0+0.63 ms cpu, 3->3->1 MB, 4 MB goal, 0 MB stacks, 0 MB globals, 8 P
gc 5696 @49.744s 2%: 0.070+0.72+0.081 ms clock, 0.56+0.61/0.62/0+0.65 ms cpu, 3->3->1 MB, 4 MB goal, 0 MB stacks, 0 MB globals, 8 P
gc 5697 @49.747s 2%: 0.064+0.39+0.047 ms clock, 0.51+0.75/0.41/0+0.38 ms cpu, 3->3->1 MB, 4 MB goal, 0 MB stacks, 0 MB globals, 8 P
gc 5698 @49.749s 2%: 0.10+0.52+0.073 ms clock, 0.82+0.68/0.68/0+0.58 ms cpu, 3->3->1 MB, 4 MB goal, 0 MB stacks, 0 MB globals, 8 P
gc 5699 @49.752s 2%: 0.061+0.44+0.096 ms clock, 0.49+0.71/0.54/0+0.77 ms cpu, 3->3->1 MB, 4 MB goal, 0 MB stacks, 0 MB globals, 8 P
gc 5700 @49.755s 2%: 0.13+0.55+0.077 ms clock, 1.0+0.62/0.68/0+0.61 ms cpu, 3->3->1 MB, 4 MB goal, 0 MB stacks, 0 MB globals, 8 P
gc 5701 @49.758s 2%: 0.098+0.87+0.073 ms clock, 0.78+0.63/0.64/0+0.58 ms cpu, 3->3->1 MB, 4 MB goal, 0 MB stacks, 0 MB globals, 8 P
gc 5702 @49.761s 2%: 0.11+0.43+0.073 ms clock, 0.91+0.71/0.61/0+0.58 ms cpu, 3->3->1 MB, 4 MB goal, 0 MB stacks, 0 MB globals, 8 P
gc 5703 @49.763s 2%: 0.10+0.58+0.066 ms clock, 0.80+0.52/0.72/0+0.52 ms cpu, 3->3->1 MB, 4 MB goal, 0 MB stacks, 0 MB globals, 8 P
gc 5704 @49.766s 2%: 0.13+0.54+0.043 ms clock, 1.0+0.35/0.67/0+0.34 ms cpu, 3->3->1 MB, 4 MB goal, 0 MB stacks, 0 MB globals, 8 P
gc 5705 @49.769s 2%: 0.11+0.46+0.052 ms clock, 0.90+0.65/0.61/0+0.42 ms cpu, 3->3->1 MB, 4 MB goal, 0 MB stacks, 0 MB globals, 8 P
gc 5706 @49.772s 2%: 0.063+1.0+0.086 ms clock, 0.50+0.57/0.59/0+0.69 ms cpu, 3->3->1 MB, 4 MB goal, 0 MB stacks, 0 MB globals, 8 P
gc 5707 @49.774s 2%: 0.083+0.51+0.083 ms clock, 0.66+0.57/0.60/0+0.67 ms cpu, 3->3->1 MB, 4 MB goal, 0 MB stacks, 0 MB globals, 8 P
gc 5708 @49.777s 2%: 0.10+0.54+0.085 ms clock, 0.83+0.65/0.62/0+0.68 ms cpu, 3->3->1 MB, 4 MB goal, 0 MB stacks, 0 MB globals, 8 P
gc 5709 @49.780s 2%: 0.084+0.97+0.062 ms clock, 0.67+0.58/0.55/0+0.50 ms cpu, 3->4->1 MB, 4 MB goal, 0 MB stacks, 0 MB globals, 8 P
gc 5710 @49.783s 2%: 0.050+0.52+0.083 ms clock, 0.40+0.59/0.62/0+0.66 ms cpu, 3->3->1 MB, 4 MB goal, 0 MB stacks, 0 MB globals, 8 P
gc 5711 @49.786s 2%: 0.070+0.46+0.083 ms clock, 0.56+0.69/0.55/0+0.66 ms cpu, 3->3->1 MB, 4 MB goal, 0 MB stacks, 0 MB globals, 8 P
gc 5712 @49.788s 2%: 0.11+0.62+0.086 ms clock, 0.93+0.58/0.66/0+0.69 ms cpu, 3->3->1 MB, 4 MB goal, 0 MB stacks, 0 MB globals, 8 P
gc 5713 @49.791s 2%: 0.13+0.58+0.075 ms clock, 1.0+0.66/0.71/0.002+0.60 ms cpu, 3->3->1 MB, 4 MB goal, 0 MB stacks, 0 MB globals, 8 P
gc 5714 @49.794s 2%: 0.13+0.52+0.10 ms clock, 1.0+0.57/0.64/0+0.87 ms cpu, 3->3->1 MB, 4 MB goal, 0 MB stacks, 0 MB globals, 8 P
gc 5715 @49.797s 2%: 0.11+0.72+0.078 ms clock, 0.95+0.57/0.70/0+0.62 ms cpu, 3->3->1 MB, 4 MB goal, 0 MB stacks, 0 MB globals, 8 P
gc 5716 @49.800s 2%: 0.084+0.81+0.020 ms clock, 0.67+0.58/0.72/0+0.16 ms cpu, 3->3->1 MB, 4 MB goal, 0 MB stacks, 0 MB globals, 8 P
gc 5717 @49.802s 2%: 0.12+0.53+0.087 ms clock, 1.0+0.79/0.54/0+0.69 ms cpu, 3->3->1 MB, 4 MB goal, 0 MB stacks, 0 MB globals, 8 P
gc 5718 @49.805s 2%: 0.063+0.47+0.094 ms clock, 0.51+0.65/0.59/0+0.75 ms cpu, 3->3->1 MB, 4 MB goal, 0 MB stacks, 0 MB globals, 8 P
gc 5719 @49.808s 2%: 0.099+0.88+0.12 ms clock, 0.79+0.79/0.62/0+1.0 ms cpu, 3->3->1 MB, 4 MB goal, 0 MB stacks, 0 MB globals, 8 P
gc 5720 @49.811s 2%: 0.094+0.52+0.069 ms clock, 0.75+0.67/0.59/0+0.55 ms cpu, 3->3->1 MB, 4 MB goal, 0 MB stacks, 0 MB globals, 8 P
gc 5721 @49.814s 2%: 0.095+0.49+0.074 ms clock, 0.76+0.63/0.59/0+0.59 ms cpu, 3->3->1 MB, 4 MB goal, 0 MB stacks, 0 MB globals, 8 P
gc 5722 @49.816s 2%: 0.10+1.0+0.10 ms clock, 0.83+0.79/0.53/0+0.83 ms cpu, 3->4->1 MB, 4 MB goal, 0 MB stacks, 0 MB globals, 8 P
gc 5723 @49.819s 2%: 0.12+0.44+0.12 ms clock, 1.0+0.70/0.57/0+0.98 ms cpu, 3->3->1 MB, 4 MB goal, 0 MB stacks, 0 MB globals, 8 P
gc 5724 @49.822s 2%: 0.11+0.49+0.096 ms clock, 0.90+0.54/0.64/0+0.77 ms cpu, 3->3->1 MB, 4 MB goal, 0 MB stacks, 0 MB globals, 8 P
gc 5725 @49.825s 2%: 0.081+0.50+0.094 ms clock, 0.65+0.68/0.68/0+0.75 ms cpu, 3->3->1 MB, 4 MB goal, 0 MB stacks, 0 MB globals, 8 P
gc 5726 @49.828s 2%: 0.12+0.43+0.076 ms clock, 0.96+0.68/0.59/0+0.61 ms cpu, 3->3->1 MB, 4 MB goal, 0 MB stacks, 0 MB globals, 8 P
gc 5727 @49.830s 2%: 0.077+0.46+0.089 ms clock, 0.61+0.63/0.56/0+0.71 ms cpu, 3->3->1 MB, 4 MB goal, 0 MB stacks, 0 MB globals, 8 P
gc 5728 @49.833s 2%: 0.073+0.58+0.093 ms clock, 0.59+0.90/0.63/0.006+0.74 ms cpu, 3->3->1 MB, 4 MB goal, 0 MB stacks, 0 MB globals, 8 P
gc 5729 @49.836s 2%: 0.11+0.52+0.042 ms clock, 0.94+0.70/0.62/0+0.33 ms cpu, 3->3->1 MB, 4 MB goal, 0 MB stacks, 0 MB globals, 8 P
gc 5730 @49.839s 2%: 0.093+0.55+0.065 ms clock, 0.74+0.61/0.61/0+0.52 ms cpu, 3->3->1 MB, 4 MB goal, 0 MB stacks, 0 MB globals, 8 P
gc 5731 @49.841s 2%: 0.067+0.57+0.079 ms clock, 0.53+0.76/0.57/0+0.63 ms cpu, 3->3->1 MB, 4 MB goal, 0 MB stacks, 0 MB globals, 8 P
gc 5732 @49.844s 2%: 0.12+0.94+0.090 ms clock, 1.0+0.65/0.64/0+0.72 ms cpu, 3->3->1 MB, 4 MB goal, 0 MB stacks, 0 MB globals, 8 P
gc 5733 @49.847s 2%: 0.097+0.65+0.078 ms clock, 0.78+0.27/0.60/0+0.62 ms cpu, 3->3->1 MB, 4 MB goal, 0 MB stacks, 0 MB globals, 8 P
gc 5734 @49.850s 2%: 0.088+0.43+0.072 ms clock, 0.70+0.71/0.56/0+0.57 ms cpu, 3->3->1 MB, 4 MB goal, 0 MB stacks, 0 MB globals, 8 P
gc 5735 @49.852s 2%: 0.15+0.85+0.070 ms clock, 1.2+0.62/0.59/0+0.56 ms cpu, 3->3->1 MB, 4 MB goal, 0 MB stacks, 0 MB globals, 8 P
gc 5736 @49.855s 2%: 0.10+0.45+0.084 ms clock, 0.83+0.64/0.58/0+0.67 ms cpu, 3->3->1 MB, 4 MB goal, 0 MB stacks, 0 MB globals, 8 P
gc 5737 @49.858s 2%: 0.10+0.49+0.074 ms clock, 0.84+0.62/0.67/0+0.59 ms cpu, 3->3->1 MB, 4 MB goal, 0 MB stacks, 0 MB globals, 8 P
gc 5738 @49.861s 2%: 0.13+0.42+0.11 ms clock, 1.1+0.64/0.55/0+0.95 ms cpu, 3->3->1 MB, 4 MB goal, 0 MB stacks, 0 MB globals, 8 P
gc 5739 @49.864s 2%: 0.099+0.56+0.045 ms clock, 0.79+0.57/0.65/0+0.36 ms cpu, 3->3->1 MB, 4 MB goal, 0 MB stacks, 0 MB globals, 8 P
gc 5740 @49.866s 2%: 0.098+0.50+0.11 ms clock, 0.79+0.59/0.66/0+0.91 ms cpu, 3->3->1 MB, 4 MB goal, 0 MB stacks, 0 MB globals, 8 P
gc 5741 @49.869s 2%: 0.058+0.73+0.039 ms clock, 0.46+1.1/0.60/0+0.31 ms cpu, 3->3->1 MB, 4 MB goal, 0 MB stacks, 0 MB globals, 8 P
gc 5742 @49.872s 2%: 0.14+0.47+0.072 ms clock, 1.1+0.52/0.57/0+0.57 ms cpu, 3->3->1 MB, 4 MB goal, 0 MB stacks, 0 MB globals, 8 P
gc 5743 @49.875s 2%: 0.071+0.60+0.11 ms clock, 0.56+0.68/0.67/0+0.88 ms cpu, 3->3->1 MB, 4 MB goal, 0 MB stacks, 0 MB globals, 8 P
gc 5744 @49.877s 2%: 0.095+0.71+0.073 ms clock, 0.76+0.59/0.71/0+0.58 ms cpu, 3->3->1 MB, 4 MB goal, 0 MB stacks, 0 MB globals, 8 P
gc 5745 @49.880s 2%: 0.11+0.43+0.065 ms clock, 0.93+0.64/0.61/0+0.52 ms cpu, 3->3->1 MB, 4 MB goal, 0 MB stacks, 0 MB globals, 8 P
gc 5746 @49.883s 2%: 0.10+0.41+0.10 ms clock, 0.87+0.76/0.57/0+0.81 ms cpu, 3->3->1 MB, 4 MB goal, 0 MB stacks, 0 MB globals, 8 P
gc 5747 @49.886s 2%: 0.089+0.40+0.098 ms clock, 0.71+0.79/0.51/0+0.78 ms cpu, 3->3->1 MB, 4 MB goal, 0 MB stacks, 0 MB globals, 8 P
gc 5748 @49.889s 2%: 0.10+0.73+0.063 ms clock, 0.83+0.70/0.73/0+0.50 ms cpu, 3->3->1 MB, 4 MB goal, 0 MB stacks, 0 MB globals, 8 P
gc 5749 @49.891s 2%: 0.12+0.47+0.088 ms clock, 0.98+0.69/0.64/0+0.70 ms cpu, 3->3->1 MB, 4 MB goal, 0 MB stacks, 0 MB globals, 8 P
gc 5750 @49.894s 2%: 0.076+0.52+0.082 ms clock, 0.61+0.74/0.68/0+0.66 ms cpu, 3->3->1 MB, 4 MB goal, 0 MB stacks, 0 MB globals, 8 P
gc 5751 @49.897s 2%: 0.10+0.96+0.13 ms clock, 0.83+0.52/0.66/0+1.0 ms cpu, 3->3->1 MB, 4 MB goal, 0 MB stacks, 0 MB globals, 8 P
gc 5752 @49.900s 2%: 0.075+0.56+0.053 ms clock, 0.60+0.68/0.66/0+0.42 ms cpu, 3->3->1 MB, 4 MB goal, 0 MB stacks, 0 MB globals, 8 P
gc 5753 @49.903s 2%: 0.11+0.51+0.056 ms clock, 0.93+0.58/0.68/0+0.45 ms cpu, 3->3->1 MB, 4 MB goal, 0 MB stacks, 0 MB globals, 8 P
gc 5754 @49.905s 2%: 0.081+0.59+0.14 ms clock, 0.65+0.75/0.68/0+1.1 ms cpu, 3->3->1 MB, 4 MB goal, 0 MB stacks, 0 MB globals, 8 P
gc 5755 @49.908s 2%: 0.097+1.2+0.082 ms clock, 0.77+0.77/0.57/0+0.65 ms cpu, 3->4->1 MB, 4 MB goal, 0 MB stacks, 0 MB globals, 8 P
gc 5756 @49.911s 2%: 0.11+0.50+0.089 ms clock, 0.91+0.67/0.60/0+0.71 ms cpu, 3->3->1 MB, 4 MB goal, 0 MB stacks, 0 MB globals, 8 P
gc 5757 @49.914s 3%: 0.10+0.80+0.083 ms clock, 0.82+0.65/0.57/0+0.67 ms cpu, 3->3->1 MB, 4 MB goal, 0 MB stacks, 0 MB globals, 8 P
gc 5758 @49.917s 3%: 0.10+0.48+0.11 ms clock, 0.83+0.66/0.53/0+0.94 ms cpu, 3->3->1 MB, 4 MB goal, 0 MB stacks, 0 MB globals, 8 P
gc 5759 @49.920s 3%: 0.080+0.41+0.071 ms clock, 0.64+0.63/0.60/0+0.57 ms cpu, 3->3->1 MB, 4 MB goal, 0 MB stacks, 0 MB globals, 8 P
gc 5760 @49.922s 3%: 0.086+0.74+0.080 ms clock, 0.69+0.63/0.67/0+0.64 ms cpu, 3->3->1 MB, 4 MB goal, 0 MB stacks, 0 MB globals, 8 P
gc 5761 @49.925s 3%: 0.090+0.63+0.075 ms clock, 0.72+0.68/0.62/0+0.60 ms cpu, 3->3->1 MB, 4 MB goal, 0 MB stacks, 0 MB globals, 8 P
gc 5762 @49.928s 3%: 0.095+0.60+0.080 ms clock, 0.76+0.67/0.66/0+0.64 ms cpu, 3->3->1 MB, 4 MB goal, 0 MB stacks, 0 MB globals, 8 P
gc 5763 @49.931s 3%: 0.10+0.70+0.078 ms clock, 0.85+0.72/0.61/0+0.62 ms cpu, 3->3->1 MB, 4 MB goal, 0 MB stacks, 0 MB globals, 8 P
gc 5764 @49.934s 3%: 0.068+0.57+0.077 ms clock, 0.54+0.64/0.56/0+0.61 ms cpu, 3->3->1 MB, 4 MB goal, 0 MB stacks, 0 MB globals, 8 P
gc 5765 @49.936s 3%: 0.096+0.69+0.094 ms clock, 0.77+0.63/0.59/0+0.75 ms cpu, 3->3->1 MB, 4 MB goal, 0 MB stacks, 0 MB globals, 8 P
gc 5766 @49.939s 3%: 0.10+0.45+0.10 ms clock, 0.81+0.70/0.60/0+0.81 ms cpu, 3->3->1 MB, 4 MB goal, 0 MB stacks, 0 MB globals, 8 P
gc 5767 @49.942s 3%: 0.092+0.60+0.12 ms clock, 0.74+0.63/0.63/0+0.98 ms cpu, 3->3->1 MB, 4 MB goal, 0 MB stacks, 0 MB globals, 8 P
gc 5768 @49.945s 3%: 0.10+0.79+0.084 ms clock, 0.86+0.59/0.66/0.010+0.67 ms cpu, 3->3->1 MB, 4 MB goal, 0 MB stacks, 0 MB globals, 8 P
gc 5769 @49.948s 3%: 0.097+0.42+0.076 ms clock, 0.77+0.67/0.53/0+0.60 ms cpu, 3->3->1 MB, 4 MB goal, 0 MB stacks, 0 MB globals, 8 P
gc 5770 @49.950s 3%: 0.058+0.64+0.093 ms clock, 0.46+0.72/0.70/0+0.74 ms cpu, 3->3->1 MB, 4 MB goal, 0 MB stacks, 0 MB globals, 8 P
gc 5771 @49.953s 3%: 0.065+0.39+0.091 ms clock, 0.52+0.63/0.50/0+0.72 ms cpu, 3->3->1 MB, 4 MB goal, 0 MB stacks, 0 MB globals, 8 P
gc 5772 @49.956s 3%: 0.13+0.75+0.063 ms clock, 1.0+0.78/0.63/0+0.50 ms cpu, 3->3->1 MB, 4 MB goal, 0 MB stacks, 0 MB globals, 8 P
gc 5773 @49.959s 3%: 0.18+0.80+0.077 ms clock, 1.4+0.65/0.58/0+0.61 ms cpu, 3->3->1 MB, 4 MB goal, 0 MB stacks, 0 MB globals, 8 P
gc 5774 @49.962s 3%: 0.088+0.49+0.061 ms clock, 0.70+0.68/0.58/0+0.49 ms cpu, 3->3->1 MB, 4 MB goal, 0 MB stacks, 0 MB globals, 8 P
gc 5775 @49.964s 3%: 0.10+0.46+0.074 ms clock, 0.81+0.68/0.54/0+0.59 ms cpu, 3->3->1 MB, 4 MB goal, 0 MB stacks, 0 MB globals, 8 P
gc 5776 @49.967s 3%: 0.11+0.43+0.10 ms clock, 0.90+0.71/0.56/0+0.84 ms cpu, 3->3->1 MB, 4 MB goal, 0 MB stacks, 0 MB globals, 8 P
gc 5777 @49.970s 3%: 0.10+0.44+0.080 ms clock, 0.86+0.69/0.65/0+0.64 ms cpu, 3->3->1 MB, 4 MB goal, 0 MB stacks, 0 MB globals, 8 P
gc 5778 @49.973s 3%: 0.086+0.73+0.10 ms clock, 0.69+0.68/0.57/0+0.82 ms cpu, 3->3->1 MB, 4 MB goal, 0 MB stacks, 0 MB globals, 8 P
gc 5779 @49.975s 3%: 0.097+0.59+0.10 ms clock, 0.77+0.65/0.69/0+0.81 ms cpu, 3->3->1 MB, 4 MB goal, 0 MB stacks, 0 MB globals, 8 P
gc 5780 @49.978s 3%: 0.091+0.70+0.062 ms clock, 0.73+0.53/0.73/0+0.50 ms cpu, 3->3->1 MB, 4 MB goal, 0 MB stacks, 0 MB globals, 8 P
gc 5781 @49.981s 3%: 0.080+0.52+0.079 ms clock, 0.64+0.66/0.61/0+0.63 ms cpu, 3->3->1 MB, 4 MB goal, 0 MB stacks, 0 MB globals, 8 P
gc 5782 @49.984s 3%: 0.10+0.41+0.12 ms clock, 0.83+0.65/0.55/0+0.97 ms cpu, 3->3->1 MB, 4 MB goal, 0 MB stacks, 0 MB globals, 8 P
gc 5783 @49.987s 3%: 0.13+0.44+0.11 ms clock, 1.0+0.81/0.47/0+0.95 ms cpu, 3->3->1 MB, 4 MB goal, 0 MB stacks, 0 MB globals, 8 P
gc 5784 @49.989s 3%: 0.12+0.50+0.10 ms clock, 1.0+0.63/0.63/0+0.85 ms cpu, 3->3->1 MB, 4 MB goal, 0 MB stacks, 0 MB globals, 8 P
gc 5785 @49.992s 3%: 0.11+0.64+0.080 ms clock, 0.92+0.66/0.57/0+0.64 ms cpu, 3->3->1 MB, 4 MB goal, 0 MB stacks, 0 MB globals, 8 P
gc 5786 @49.995s 3%: 0.070+0.49+0.12 ms clock, 0.56+0.59/0.58/0+0.97 ms cpu, 3->3->1 MB, 4 MB goal, 0 MB stacks, 0 MB globals, 8 P
gc 5787 @49.998s 3%: 0.081+0.55+0.096 ms clock, 0.65+0.61/0.64/0+0.77 ms cpu, 3->3->1 MB, 4 MB goal, 0 MB stacks, 0 MB globals, 8 P
gc 5788 @50.001s 3%: 0.060+0.73+0.12 ms clock, 0.48+0.68/0.58/0+1.0 ms cpu, 3->3->1 MB, 4 MB goal, 0 MB stacks, 0 MB globals, 8 P
gc 5789 @50.003s 3%: 0.093+0.49+0.099 ms clock, 0.75+0.66/0.64/0+0.79 ms cpu, 3->3->1 MB, 4 MB goal, 0 MB stacks, 0 MB globals, 8 P
gc 5790 @50.006s 3%: 0.10+0.52+0.095 ms clock, 0.83+0.74/0.62/0+0.76 ms cpu, 3->3->1 MB, 4 MB goal, 0 MB stacks, 0 MB globals, 8 P
gc 5791 @50.009s 3%: 0.13+0.61+0.11 ms clock, 1.1+0.66/0.73/0+0.91 ms cpu, 3->3->1 MB, 4 MB goal, 0 MB stacks, 0 MB globals, 8 P
gc 5792 @50.012s 3%: 0.093+0.51+0.083 ms clock, 0.74+0.49/0.67/0+0.67 ms cpu, 3->3->1 MB, 4 MB goal, 0 MB stacks, 0 MB globals, 8 P
gc 5793 @50.014s 3%: 0.089+0.74+0.078 ms clock, 0.71+0.54/0.53/0.071+0.62 ms cpu, 3->3->1 MB, 4 MB goal, 0 MB stacks, 0 MB globals, 8 P
gc 5794 @50.017s 3%: 0.11+0.61+0.10 ms clock, 0.93+0.73/0.72/0+0.81 ms cpu, 3->3->1 MB, 4 MB goal, 0 MB stacks, 0 MB globals, 8 P
gc 5795 @50.020s 3%: 0.11+0.50+0.090 ms clock, 0.95+0.72/0.59/0+0.72 ms cpu, 3->3->1 MB, 4 MB goal, 0 MB stacks, 0 MB globals, 8 P
gc 5796 @50.023s 3%: 0.12+0.58+0.057 ms clock, 1.0+0.65/0.57/0+0.45 ms cpu, 3->3->1 MB, 4 MB goal, 0 MB stacks, 0 MB globals, 8 P
gc 5797 @50.026s 3%: 0.10+0.45+0.10 ms clock, 0.87+0.54/0.61/0+0.84 ms cpu, 3->3->1 MB, 4 MB goal, 0 MB stacks, 0 MB globals, 8 P
gc 5798 @50.028s 3%: 0.11+0.47+0.044 ms clock, 0.94+0.69/0.60/0+0.35 ms cpu, 3->3->1 MB, 4 MB goal, 0 MB stacks, 0 MB globals, 8 P
gc 5799 @50.031s 3%: 0.10+0.78+0.073 ms clock, 0.87+0.66/0.64/0+0.58 ms cpu, 3->3->1 MB, 4 MB goal, 0 MB stacks, 0 MB globals, 8 P
gc 5800 @50.034s 3%: 0.078+0.87+0.078 ms clock, 0.62+0.70/0.51/0+0.62 ms cpu, 3->3->1 MB, 4 MB goal, 0 MB stacks, 0 MB globals, 8 P
gc 5801 @50.037s 3%: 0.093+0.66+0.034 ms clock, 0.74+1.0/0.65/0+0.27 ms cpu, 3->3->1 MB, 4 MB goal, 0 MB stacks, 0 MB globals, 8 P
gc 5802 @50.040s 3%: 0.12+0.73+0.083 ms clock, 0.98+0.63/0.69/0+0.66 ms cpu, 3->3->1 MB, 4 MB goal, 0 MB stacks, 0 MB globals, 8 P
gc 5803 @50.043s 3%: 0.10+0.69+0.12 ms clock, 0.81+0.57/0.66/0+1.0 ms cpu, 3->3->1 MB, 4 MB goal, 0 MB stacks, 0 MB globals, 8 P
gc 5804 @50.045s 3%: 0.075+0.63+0.072 ms clock, 0.60+0.71/0.66/0+0.58 ms cpu, 3->3->1 MB, 4 MB goal, 0 MB stacks, 0 MB globals, 8 P
gc 5805 @50.048s 3%: 0.059+0.49+0.11 ms clock, 0.47+0.67/0.56/0+0.91 ms cpu, 3->3->1 MB, 4 MB goal, 0 MB stacks, 0 MB globals, 8 P
gc 5806 @50.051s 3%: 0.11+0.66+0.094 ms clock, 0.90+0.71/0.57/0+0.75 ms cpu, 3->3->1 MB, 4 MB goal, 0 MB stacks, 0 MB globals, 8 P
gc 5807 @50.054s 3%: 0.074+0.55+0.085 ms clock, 0.59+0.72/0.62/0.003+0.68 ms cpu, 3->3->1 MB, 4 MB goal, 0 MB stacks, 0 MB globals, 8 P
gc 5808 @50.057s 3%: 0.096+0.46+0.041 ms clock, 0.77+0.61/0.65/0+0.33 ms cpu, 3->3->1 MB, 4 MB goal, 0 MB stacks, 0 MB globals, 8 P
gc 5809 @50.059s 3%: 0.14+0.59+0.071 ms clock, 1.1+0.61/0.71/0+0.56 ms cpu, 3->3->1 MB, 4 MB goal, 0 MB stacks, 0 MB globals, 8 P
gc 5810 @50.062s 3%: 0.15+0.52+0.082 ms clock, 1.2+0.53/0.66/0+0.66 ms cpu, 3->3->1 MB, 4 MB goal, 0 MB stacks, 0 MB globals, 8 P
gc 5811 @50.065s 3%: 0.083+0.65+0.098 ms clock, 0.66+0.69/0.63/0+0.78 ms cpu, 3->3->1 MB, 4 MB goal, 0 MB stacks, 0 MB globals, 8 P
gc 5812 @50.068s 3%: 0.10+0.43+0.089 ms clock, 0.83+0.75/0.56/0+0.71 ms cpu, 3->3->1 MB, 4 MB goal, 0 MB stacks, 0 MB globals, 8 P
gc 5813 @50.070s 3%: 0.13+0.40+0.095 ms clock, 1.0+0.71/0.57/0+0.76 ms cpu, 3->3->1 MB, 4 MB goal, 0 MB stacks, 0 MB globals, 8 P
gc 5814 @50.073s 3%: 0.072+0.39+0.050 ms clock, 0.58+0.59/0.60/0+0.40 ms cpu, 3->3->1 MB, 4 MB goal, 0 MB stacks, 0 MB globals, 8 P
gc 5815 @50.076s 3%: 0.093+0.44+0.098 ms clock, 0.74+0.66/0.56/0+0.79 ms cpu, 3->3->1 MB, 4 MB goal, 0 MB stacks, 0 MB globals, 8 P
gc 5816 @50.079s 3%: 0.089+0.65+0.090 ms clock, 0.71+0.66/0.71/0+0.72 ms cpu, 3->3->1 MB, 4 MB goal, 0 MB stacks, 0 MB globals, 8 P
gc 5817 @50.081s 3%: 0.045+0.83+0.019 ms clock, 0.36+0.62/0.64/0+0.15 ms cpu, 3->3->1 MB, 4 MB goal, 0 MB stacks, 0 MB globals, 8 P
gc 5818 @50.084s 3%: 0.10+0.48+0.093 ms clock, 0.82+0.53/0.64/0+0.74 ms cpu, 3->3->1 MB, 4 MB goal, 0 MB stacks, 0 MB globals, 8 P
gc 5819 @50.087s 3%: 0.16+0.45+0.070 ms clock, 1.2+0.70/0.55/0+0.56 ms cpu, 3->3->1 MB, 4 MB goal, 0 MB stacks, 0 MB globals, 8 P
gc 5820 @50.090s 3%: 0.12+0.57+0.084 ms clock, 1.0+0.62/0.67/0+0.67 ms cpu, 3->3->1 MB, 4 MB goal, 0 MB stacks, 0 MB globals, 8 P
gc 5821 @50.093s 3%: 0.10+0.73+0.068 ms clock, 0.80+0.60/0.64/0+0.54 ms cpu, 3->3->1 MB, 4 MB goal, 0 MB stacks, 0 MB globals, 8 P
gc 5822 @50.095s 3%: 0.11+0.87+0.092 ms clock, 0.92+0.64/0.69/0+0.74 ms cpu, 3->3->1 MB, 4 MB goal, 0 MB stacks, 0 MB globals, 8 P
gc 5823 @50.098s 3%: 0.059+0.56+0.13 ms clock, 0.47+0.69/0.62/0+1.0 ms cpu, 3->3->1 MB, 4 MB goal, 0 MB stacks, 0 MB globals, 8 P
gc 5824 @50.101s 3%: 0.13+0.51+0.078 ms clock, 1.0+0.76/0.56/0+0.62 ms cpu, 3->3->1 MB, 4 MB goal, 0 MB stacks, 0 MB globals, 8 P
gc 5825 @50.104s 3%: 0.083+0.72+0.10 ms clock, 0.66+0.55/0.60/0+0.87 ms cpu, 3->3->1 MB, 4 MB goal, 0 MB stacks, 0 MB globals, 8 P
gc 5826 @50.107s 3%: 0.073+0.49+0.11 ms clock, 0.59+0.74/0.57/0+0.88 ms cpu, 3->3->1 MB, 4 MB goal, 0 MB stacks, 0 MB globals, 8 P
gc 5827 @50.109s 3%: 0.10+0.56+0.10 ms clock, 0.87+0.69/0.58/0+0.81 ms cpu, 3->3->1 MB, 4 MB goal, 0 MB stacks, 0 MB globals, 8 P
gc 5828 @50.112s 3%: 0.11+0.60+0.10 ms clock, 0.94+0.66/0.69/0+0.86 ms cpu, 3->3->1 MB, 4 MB goal, 0 MB stacks, 0 MB globals, 8 P
gc 5829 @50.115s 3%: 0.087+0.90+0.10 ms clock, 0.69+0.57/0.73/0+0.80 ms cpu, 3->3->1 MB, 4 MB goal, 0 MB stacks, 0 MB globals, 8 P
gc 5830 @50.118s 3%: 0.10+0.62+0.085 ms clock, 0.85+0.68/0.57/0+0.68 ms cpu, 3->3->1 MB, 4 MB goal, 0 MB stacks, 0 MB globals, 8 P
gc 5831 @50.121s 3%: 0.096+0.52+0.089 ms clock, 0.76+0.69/0.58/0+0.71 ms cpu, 3->3->1 MB, 4 MB goal, 0 MB stacks, 0 MB globals, 8 P
gc 5832 @50.124s 3%: 0.10+0.75+0.086 ms clock, 0.87+0.57/0.70/0+0.69 ms cpu, 3->3->1 MB, 4 MB goal, 0 MB stacks, 0 MB globals, 8 P
gc 5833 @50.126s 3%: 0.10+0.60+0.046 ms clock, 0.82+0.60/0.60/0+0.36 ms cpu, 3->3->1 MB, 4 MB goal, 0 MB stacks, 0 MB globals, 8 P
gc 5834 @50.129s 3%: 0.079+0.60+0.12 ms clock, 0.63+0.54/0.66/0+0.96 ms cpu, 3->3->1 MB, 4 MB goal, 0 MB stacks, 0 MB globals, 8 P
gc 5835 @50.132s 3%: 0.10+0.52+0.086 ms clock, 0.84+0.70/0.61/0+0.69 ms cpu, 3->3->1 MB, 4 MB goal, 0 MB stacks, 0 MB globals, 8 P
gc 5836 @50.135s 3%: 0.099+0.45+0.093 ms clock, 0.79+0.68/0.54/0+0.75 ms cpu, 3->3->1 MB, 4 MB goal, 0 MB stacks, 0 MB globals, 8 P
gc 5837 @50.137s 3%: 0.11+0.60+0.061 ms clock, 0.90+0.68/0.65/0+0.49 ms cpu, 3->3->1 MB, 4 MB goal, 0 MB stacks, 0 MB globals, 8 P
gc 5838 @50.140s 3%: 0.10+0.74+0.12 ms clock, 0.81+0.61/0.60/0+0.98 ms cpu, 3->3->1 MB, 4 MB goal, 0 MB stacks, 0 MB globals, 8 P
gc 5839 @50.143s 3%: 0.11+0.55+0.089 ms clock, 0.90+0.64/0.67/0+0.71 ms cpu, 3->3->1 MB, 4 MB goal, 0 MB stacks, 0 MB globals, 8 P
gc 5840 @50.146s 3%: 0.13+0.97+0.050 ms clock, 1.0+0.58/0.63/0+0.40 ms cpu, 3->3->1 MB, 4 MB goal, 0 MB stacks, 0 MB globals, 8 P
gc 5841 @50.149s 3%: 0.090+0.56+0.094 ms clock, 0.72+0.70/0.56/0+0.75 ms cpu, 3->3->1 MB, 4 MB goal, 0 MB stacks, 0 MB globals, 8 P
gc 5842 @50.151s 3%: 0.099+0.55+0.070 ms clock, 0.79+0.65/0.61/0+0.56 ms cpu, 3->3->1 MB, 4 MB goal, 0 MB stacks, 0 MB globals, 8 P
gc 5843 @50.154s 3%: 0.098+0.49+0.10 ms clock, 0.79+0.60/0.62/0+0.85 ms cpu, 3->3->1 MB, 4 MB goal, 0 MB stacks, 0 MB globals, 8 P
gc 5844 @50.157s 3%: 0.10+1.0+0.11 ms clock, 0.86+0.61/0.75/0+0.90 ms cpu, 3->4->1 MB, 4 MB goal, 0 MB stacks, 0 MB globals, 8 P
gc 5845 @50.160s 3%: 0.084+0.55+0.088 ms clock, 0.67+0.69/0.62/0+0.70 ms cpu, 3->3->1 MB, 4 MB goal, 0 MB stacks, 0 MB globals, 8 P
gc 5846 @50.163s 3%: 0.081+0.51+0.072 ms clock, 0.65+0.71/0.65/0+0.58 ms cpu, 3->3->1 MB, 4 MB goal, 0 MB stacks, 0 MB globals, 8 P
gc 5847 @50.165s 3%: 0.097+0.47+0.089 ms clock, 0.78+0.70/0.61/0+0.71 ms cpu, 3->3->1 MB, 4 MB goal, 0 MB stacks, 0 MB globals, 8 P
gc 5848 @50.168s 3%: 0.092+0.43+0.051 ms clock, 0.74+0.70/0.52/0+0.41 ms cpu, 3->3->1 MB, 4 MB goal, 0 MB stacks, 0 MB globals, 8 P
gc 5849 @50.171s 3%: 0.099+0.47+0.099 ms clock, 0.79+0.73/0.54/0+0.79 ms cpu, 3->3->1 MB, 4 MB goal, 0 MB stacks, 0 MB globals, 8 P
gc 5850 @50.174s 3%: 0.084+0.85+0.10 ms clock, 0.67+0.64/0.65/0+0.86 ms cpu, 3->3->1 MB, 4 MB goal, 0 MB stacks, 0 MB globals, 8 P
gc 5851 @50.176s 3%: 0.10+0.66+0.084 ms clock, 0.81+0.58/0.65/0.005+0.67 ms cpu, 3->3->1 MB, 4 MB goal, 0 MB stacks, 0 MB globals, 8 P
gc 5852 @50.179s 3%: 0.13+0.47+0.072 ms clock, 1.0+0.73/0.56/0+0.58 ms cpu, 3->3->1 MB, 4 MB goal, 0 MB stacks, 0 MB globals, 8 P
gc 5853 @50.182s 3%: 0.071+0.67+0.087 ms clock, 0.57+0.56/0.65/0+0.69 ms cpu, 3->3->1 MB, 4 MB goal, 0 MB stacks, 0 MB globals, 8 P
gc 5854 @50.185s 3%: 0.095+0.82+0.088 ms clock, 0.76+0.99/0.72/0+0.71 ms cpu, 3->3->1 MB, 4 MB goal, 0 MB stacks, 0 MB globals, 8 P
gc 5855 @50.188s 3%: 0.10+0.71+0.062 ms clock, 0.81+0.74/0.57/0+0.50 ms cpu, 3->3->1 MB, 4 MB goal, 0 MB stacks, 0 MB globals, 8 P
gc 5856 @50.191s 3%: 0.10+0.52+0.10 ms clock, 0.80+0.79/0.64/0+0.85 ms cpu, 3->3->1 MB, 4 MB goal, 0 MB stacks, 0 MB globals, 8 P
gc 5857 @50.193s 3%: 0.10+0.55+0.10 ms clock, 0.86+0.70/0.60/0+0.85 ms cpu, 3->3->1 MB, 4 MB goal, 0 MB stacks, 0 MB globals, 8 P
gc 5858 @50.196s 3%: 0.11+0.45+0.082 ms clock, 0.92+0.76/0.58/0+0.65 ms cpu, 3->3->1 MB, 4 MB goal, 0 MB stacks, 0 MB globals, 8 P
gc 5859 @50.199s 3%: 0.14+0.62+0.028 ms clock, 1.1+0.69/0.66/0+0.22 ms cpu, 3->3->1 MB, 4 MB goal, 0 MB stacks, 0 MB globals, 8 P
gc 5860 @50.202s 3%: 0.078+0.48+0.080 ms clock, 0.62+0.77/0.70/0+0.64 ms cpu, 3->3->1 MB, 4 MB goal, 0 MB stacks, 0 MB globals, 8 P
gc 5861 @50.204s 3%: 0.11+0.53+0.085 ms clock, 0.88+0.55/0.65/0+0.68 ms cpu, 3->3->1 MB, 4 MB goal, 0 MB stacks, 0 MB globals, 8 P
gc 5862 @50.207s 3%: 0.15+0.46+0.10 ms clock, 1.2+0.56/0.62/0+0.85 ms cpu, 3->3->1 MB, 4 MB goal, 0 MB stacks, 0 MB globals, 8 P
gc 5863 @50.210s 3%: 0.081+0.79+0.058 ms clock, 0.65+0.47/0.65/0+0.47 ms cpu, 3->3->1 MB, 4 MB goal, 0 MB stacks, 0 MB globals, 8 P
gc 5864 @50.213s 3%: 0.083+0.50+0.065 ms clock, 0.66+0.70/0.63/0+0.52 ms cpu, 3->3->1 MB, 4 MB goal, 0 MB stacks, 0 MB globals, 8 P
gc 5865 @50.215s 3%: 0.060+0.63+0.098 ms clock, 0.48+0.72/0.56/0+0.78 ms cpu, 3->3->1 MB, 4 MB goal, 0 MB stacks, 0 MB globals, 8 P
gc 5866 @50.218s 3%: 0.10+0.40+0.049 ms clock, 0.87+0.62/0.59/0+0.39 ms cpu, 3->3->1 MB, 4 MB goal, 0 MB stacks, 0 MB globals, 8 P
gc 5867 @50.221s 3%: 0.085+0.41+0.14 ms clock, 0.68+0.54/0.61/0+1.1 ms cpu, 3->3->1 MB, 4 MB goal, 0 MB stacks, 0 MB globals, 8 P
gc 5868 @50.224s 3%: 0.077+0.82+0.037 ms clock, 0.62+0.71/0.57/0+0.30 ms cpu, 3->3->1 MB, 4 MB goal, 0 MB stacks, 0 MB globals, 8 P
gc 5869 @50.226s 3%: 0.084+0.60+0.072 ms clock, 0.67+0.60/0.60/0+0.58 ms cpu, 3->3->1 MB, 4 MB goal, 0 MB stacks, 0 MB globals, 8 P
gc 5870 @50.229s 3%: 0.078+0.68+0.059 ms clock, 0.62+1.0/0.70/0+0.47 ms cpu, 3->3->1 MB, 4 MB goal, 0 MB stacks, 0 MB globals, 8 P
gc 5871 @50.232s 3%: 0.087+1.5+0.093 ms clock, 0.69+0.49/0.64/0+0.75 ms cpu, 3->3->1 MB, 4 MB goal, 0 MB stacks, 0 MB globals, 8 P
gc 5872 @50.235s 3%: 0.12+1.0+0.094 ms clock, 0.96+0.79/0.71/0+0.75 ms cpu, 3->4->1 MB, 4 MB goal, 0 MB stacks, 0 MB globals, 8 P
gc 5873 @50.238s 3%: 0.089+0.59+0.098 ms clock, 0.71+0.75/0.67/0+0.78 ms cpu, 3->3->1 MB, 4 MB goal, 0 MB stacks, 0 MB globals, 8 P
gc 5874 @50.241s 3%: 0.097+0.87+0.11 ms clock, 0.78+0.65/0.74/0+0.90 ms cpu, 3->3->1 MB, 4 MB goal, 0 MB stacks, 0 MB globals, 8 P
gc 5875 @50.243s 3%: 0.11+0.67+0.10 ms clock, 0.94+0.73/0.69/0+0.80 ms cpu, 3->3->1 MB, 4 MB goal, 0 MB stacks, 0 MB globals, 8 P
gc 5876 @50.246s 3%: 0.11+0.47+0.057 ms clock, 0.93+0.62/0.58/0+0.45 ms cpu, 3->3->1 MB, 4 MB goal, 0 MB stacks, 0 MB globals, 8 P
gc 5877 @50.249s 3%: 0.12+0.50+0.040 ms clock, 0.98+0.70/0.72/0+0.32 ms cpu, 3->3->1 MB, 4 MB goal, 0 MB stacks, 0 MB globals, 8 P
gc 5878 @50.252s 3%: 0.075+0.52+0.060 ms clock, 0.60+0.65/0.63/0+0.48 ms cpu, 3->3->1 MB, 4 MB goal, 0 MB stacks, 0 MB globals, 8 P
gc 5879 @50.254s 3%: 0.084+0.49+0.071 ms clock, 0.67+0.61/0.70/0+0.57 ms cpu, 3->3->1 MB, 4 MB goal, 0 MB stacks, 0 MB globals, 8 P
gc 5880 @50.257s 3%: 0.13+1.0+0.10 ms clock, 1.0+0.72/0.67/0+0.82 ms cpu, 3->4->1 MB, 4 MB goal, 0 MB stacks, 0 MB globals, 8 P
gc 5881 @50.260s 3%: 0.10+0.52+0.099 ms clock, 0.85+0.70/0.54/0+0.79 ms cpu, 3->3->1 MB, 4 MB goal, 0 MB stacks, 0 MB globals, 8 P
gc 5882 @50.263s 3%: 0.11+0.78+0.089 ms clock, 0.92+0.58/0.68/0+0.71 ms cpu, 3->3->1 MB, 4 MB goal, 0 MB stacks, 0 MB globals, 8 P
gc 5883 @50.266s 3%: 0.11+0.56+0.13 ms clock, 0.94+0.70/0.67/0+1.0 ms cpu, 3->3->1 MB, 4 MB goal, 0 MB stacks, 0 MB globals, 8 P
gc 5884 @50.268s 3%: 0.11+0.51+0.051 ms clock, 0.93+0.61/0.63/0+0.41 ms cpu, 3->3->1 MB, 4 MB goal, 0 MB stacks, 0 MB globals, 8 P
gc 5885 @50.271s 3%: 0.12+0.47+0.064 ms clock, 0.97+0.70/0.61/0+0.51 ms cpu, 3->3->1 MB, 4 MB goal, 0 MB stacks, 0 MB globals, 8 P
gc 5886 @50.274s 3%: 0.085+0.68+0.027 ms clock, 0.68+0.60/0.62/0+0.21 ms cpu, 3->3->1 MB, 4 MB goal, 0 MB stacks, 0 MB globals, 8 P
gc 5887 @50.277s 3%: 0.10+0.43+0.051 ms clock, 0.87+0.54/0.62/0+0.41 ms cpu, 3->3->1 MB, 4 MB goal, 0 MB stacks, 0 MB globals, 8 P
gc 5888 @50.280s 3%: 0.079+0.51+0.096 ms clock, 0.63+0.67/0.62/0+0.77 ms cpu, 3->3->1 MB, 4 MB goal, 0 MB stacks, 0 MB globals, 8 P
gc 5889 @50.282s 3%: 0.089+0.51+0.086 ms clock, 0.71+0.56/0.63/0+0.69 ms cpu, 3->3->1 MB, 4 MB goal, 0 MB stacks, 0 MB globals, 8 P
gc 5890 @50.285s 3%: 0.093+0.43+0.10 ms clock, 0.74+0.69/0.59/0+0.81 ms cpu, 3->3->1 MB, 4 MB goal, 0 MB stacks, 0 MB globals, 8 P
gc 5891 @50.288s 3%: 0.10+0.58+0.10 ms clock, 0.85+0.62/0.56/0+0.80 ms cpu, 3->3->1 MB, 4 MB goal, 0 MB stacks, 0 MB globals, 8 P
gc 5892 @50.291s 3%: 0.11+0.47+0.084 ms clock, 0.93+0.72/0.64/0+0.67 ms cpu, 3->3->1 MB, 4 MB goal, 0 MB stacks, 0 MB globals, 8 P
gc 5893 @50.293s 3%: 0.12+0.52+0.12 ms clock, 1.0+0.69/0.64/0+1.0 ms cpu, 3->3->1 MB, 4 MB goal, 0 MB stacks, 0 MB globals, 8 P
gc 5894 @50.296s 3%: 0.12+0.47+0.094 ms clock, 1.0+0.64/0.61/0+0.75 ms cpu, 3->3->1 MB, 4 MB goal, 0 MB stacks, 0 MB globals, 8 P
gc 5895 @50.299s 3%: 0.078+0.97+0.062 ms clock, 0.62+0.68/0.69/0+0.49 ms cpu, 3->3->1 MB, 4 MB goal, 0 MB stacks, 0 MB globals, 8 P
gc 5896 @50.302s 3%: 0.11+0.53+0.099 ms clock, 0.92+0.69/0.60/0+0.79 ms cpu, 3->3->1 MB, 4 MB goal, 0 MB stacks, 0 MB globals, 8 P
gc 5897 @50.304s 3%: 0.091+0.55+0.10 ms clock, 0.73+0.64/0.75/0+0.80 ms cpu, 3->3->1 MB, 4 MB goal, 0 MB stacks, 0 MB globals, 8 P
gc 5898 @50.307s 3%: 0.090+0.57+0.073 ms clock, 0.72+0.67/0.64/0+0.58 ms cpu, 3->3->1 MB, 4 MB goal, 0 MB stacks, 0 MB globals, 8 P
gc 5899 @50.310s 3%: 0.060+0.55+0.10 ms clock, 0.48+0.60/0.57/0+0.81 ms cpu, 3->3->1 MB, 4 MB goal, 0 MB stacks, 0 MB globals, 8 P
gc 5900 @50.313s 3%: 0.10+0.61+0.097 ms clock, 0.82+0.53/0.64/0+0.77 ms cpu, 3->3->1 MB, 4 MB goal, 0 MB stacks, 0 MB globals, 8 P
gc 5901 @50.316s 3%: 0.10+0.94+0.090 ms clock, 0.86+0.51/0.63/0+0.72 ms cpu, 3->3->1 MB, 4 MB goal, 0 MB stacks, 0 MB globals, 8 P
gc 5902 @50.318s 3%: 0.10+0.72+0.045 ms clock, 0.84+0.47/0.62/0+0.36 ms cpu, 3->3->1 MB, 4 MB goal, 0 MB stacks, 0 MB globals, 8 P
gc 5903 @50.321s 3%: 0.11+0.62+0.045 ms clock, 0.91+0.65/0.66/0+0.36 ms cpu, 3->3->1 MB, 4 MB goal, 0 MB stacks, 0 MB globals, 8 P
gc 5904 @50.324s 3%: 0.10+0.56+0.066 ms clock, 0.80+0.68/0.64/0+0.53 ms cpu, 3->3->1 MB, 4 MB goal, 0 MB stacks, 0 MB globals, 8 P
gc 5905 @50.327s 3%: 0.12+0.58+0.10 ms clock, 1.0+0.66/0.70/0+0.87 ms cpu, 3->3->1 MB, 4 MB goal, 0 MB stacks, 0 MB globals, 8 P
gc 5906 @50.330s 3%: 0.067+0.49+0.086 ms clock, 0.54+0.70/0.58/0+0.69 ms cpu, 3->3->1 MB, 4 MB goal, 0 MB stacks, 0 MB globals, 8 P
gc 5907 @50.333s 3%: 0.058+0.43+0.088 ms clock, 0.46+0.55/0.61/0+0.71 ms cpu, 3->3->1 MB, 4 MB goal, 0 MB stacks, 0 MB globals, 8 P
gc 5908 @50.335s 3%: 0.10+0.52+0.10 ms clock, 0.86+0.71/0.63/0+0.87 ms cpu, 3->3->1 MB, 4 MB goal, 0 MB stacks, 0 MB globals, 8 P
gc 5909 @50.338s 3%: 0.10+0.45+0.090 ms clock, 0.82+0.71/0.62/0+0.72 ms cpu, 3->3->1 MB, 4 MB goal, 0 MB stacks, 0 MB globals, 8 P
gc 5910 @50.341s 3%: 0.11+0.38+0.097 ms clock, 0.90+0.74/0.57/0+0.77 ms cpu, 3->3->1 MB, 4 MB goal, 0 MB stacks, 0 MB globals, 8 P
gc 5911 @50.344s 3%: 0.083+0.69+0.092 ms clock, 0.66+0.72/0.56/0+0.73 ms cpu, 3->3->1 MB, 4 MB goal, 0 MB stacks, 0 MB globals, 8 P
gc 5912 @50.346s 3%: 0.063+0.52+0.11 ms clock, 0.50+0.61/0.64/0+0.91 ms cpu, 3->3->1 MB, 4 MB goal, 0 MB stacks, 0 MB globals, 8 P
gc 5913 @50.349s 3%: 0.071+0.62+0.048 ms clock, 0.57+0.59/0.74/0+0.39 ms cpu, 3->3->1 MB, 4 MB goal, 0 MB stacks, 0 MB globals, 8 P
gc 5914 @50.352s 3%: 0.072+0.80+0.096 ms clock, 0.57+0.69/0.74/0+0.77 ms cpu, 3->3->1 MB, 4 MB goal, 0 MB stacks, 0 MB globals, 8 P
gc 5915 @50.355s 3%: 0.10+0.50+0.10 ms clock, 0.84+0.69/0.61/0+0.82 ms cpu, 3->3->1 MB, 4 MB goal, 0 MB stacks, 0 MB globals, 8 P
gc 5916 @50.358s 3%: 0.071+0.79+0.082 ms clock, 0.57+0.54/0.68/0+0.66 ms cpu, 3->3->1 MB, 4 MB goal, 0 MB stacks, 0 MB globals, 8 P
gc 5917 @50.361s 3%: 0.056+0.71+0.098 ms clock, 0.45+0.57/0.55/0+0.78 ms cpu, 3->3->1 MB, 4 MB goal, 0 MB stacks, 0 MB globals, 8 P
gc 5918 @50.363s 3%: 0.094+0.45+0.068 ms clock, 0.75+0.74/0.54/0+0.54 ms cpu, 3->3->1 MB, 4 MB goal, 0 MB stacks, 0 MB globals, 8 P
gc 5919 @50.366s 3%: 0.096+0.57+0.066 ms clock, 0.77+0.68/0.62/0+0.53 ms cpu, 3->3->1 MB, 4 MB goal, 0 MB stacks, 0 MB globals, 8 P
gc 5920 @50.369s 3%: 0.10+0.39+0.10 ms clock, 0.87+0.72/0.57/0+0.87 ms cpu, 3->3->1 MB, 4 MB goal, 0 MB stacks, 0 MB globals, 8 P
gc 5921 @50.372s 3%: 0.13+0.40+0.069 ms clock, 1.0+0.67/0.56/0+0.55 ms cpu, 3->3->1 MB, 4 MB goal, 0 MB stacks, 0 MB globals, 8 P
gc 5922 @50.374s 3%: 0.13+0.70+0.094 ms clock, 1.1+0.62/0.64/0+0.75 ms cpu, 3->3->1 MB, 4 MB goal, 0 MB stacks, 0 MB globals, 8 P
gc 5923 @50.377s 3%: 0.10+0.48+0.12 ms clock, 0.84+0.67/0.52/0+0.96 ms cpu, 3->3->1 MB, 4 MB goal, 0 MB stacks, 0 MB globals, 8 P
gc 5924 @50.380s 3%: 0.095+0.45+0.11 ms clock, 0.76+0.78/0.51/0+0.88 ms cpu, 3->3->1 MB, 4 MB goal, 0 MB stacks, 0 MB globals, 8 P
gc 5925 @50.382s 3%: 0.089+0.52+0.091 ms clock, 0.71+0.69/0.64/0+0.73 ms cpu, 3->3->1 MB, 4 MB goal, 0 MB stacks, 0 MB globals, 8 P
gc 5926 @50.385s 3%: 0.088+0.84+0.062 ms clock, 0.70+0.72/0.64/0+0.49 ms cpu, 3->3->1 MB, 4 MB goal, 0 MB stacks, 0 MB globals, 8 P
gc 5927 @50.388s 3%: 0.11+0.45+0.050 ms clock, 0.90+0.65/0.59/0+0.40 ms cpu, 3->3->1 MB, 4 MB goal, 0 MB stacks, 0 MB globals, 8 P
gc 5928 @50.391s 3%: 0.087+0.41+0.076 ms clock, 0.69+0.56/0.58/0+0.61 ms cpu, 3->3->1 MB, 4 MB goal, 0 MB stacks, 0 MB globals, 8 P
gc 5929 @50.394s 3%: 0.083+0.56+0.082 ms clock, 0.66+0.60/0.67/0+0.66 ms cpu, 3->3->1 MB, 4 MB goal, 0 MB stacks, 0 MB globals, 8 P
gc 5930 @50.396s 3%: 0.14+0.57+0.10 ms clock, 1.1+0.68/0.59/0+0.81 ms cpu, 3->3->1 MB, 4 MB goal, 0 MB stacks, 0 MB globals, 8 P
gc 5931 @50.399s 3%: 0.086+0.48+0.10 ms clock, 0.68+0.67/0.58/0+0.83 ms cpu, 3->3->1 MB, 4 MB goal, 0 MB stacks, 0 MB globals, 8 P
gc 5932 @50.402s 3%: 0.10+0.49+0.060 ms clock, 0.86+0.56/0.62/0+0.48 ms cpu, 3->3->1 MB, 4 MB goal, 0 MB stacks, 0 MB globals, 8 P
gc 5933 @50.405s 3%: 0.097+0.54+0.098 ms clock, 0.78+0.73/0.61/0+0.78 ms cpu, 3->3->1 MB, 4 MB goal, 0 MB stacks, 0 MB globals, 8 P
gc 5934 @50.407s 3%: 0.13+0.43+0.033 ms clock, 1.0+0.72/0.59/0+0.26 ms cpu, 3->3->1 MB, 4 MB goal, 0 MB stacks, 0 MB globals, 8 P
gc 5935 @50.410s 3%: 0.14+0.52+0.097 ms clock, 1.1+0.55/0.66/0+0.78 ms cpu, 3->3->1 MB, 4 MB goal, 0 MB stacks, 0 MB globals, 8 P
gc 5936 @50.413s 3%: 0.12+0.56+0.097 ms clock, 0.98+0.72/0.53/0+0.78 ms cpu, 3->3->1 MB, 4 MB goal, 0 MB stacks, 0 MB globals, 8 P
gc 5937 @50.416s 3%: 0.11+0.69+0.094 ms clock, 0.88+0.62/0.58/0+0.75 ms cpu, 3->3->1 MB, 4 MB goal, 0 MB stacks, 0 MB globals, 8 P
gc 5938 @50.419s 3%: 0.074+0.51+0.076 ms clock, 0.59+0.66/0.61/0+0.61 ms cpu, 3->3->1 MB, 4 MB goal, 0 MB stacks, 0 MB globals, 8 P
gc 5939 @50.421s 3%: 0.092+0.52+0.094 ms clock, 0.73+0.64/0.66/0+0.75 ms cpu, 3->3->1 MB, 4 MB goal, 0 MB stacks, 0 MB globals, 8 P
gc 5940 @50.424s 3%: 0.12+0.51+0.13 ms clock, 0.97+0.76/0.67/0+1.0 ms cpu, 3->3->1 MB, 4 MB goal, 0 MB stacks, 0 MB globals, 8 P
gc 5941 @50.427s 3%: 0.12+0.63+0.10 ms clock, 0.96+0.67/0.62/0+0.87 ms cpu, 3->3->1 MB, 4 MB goal, 0 MB stacks, 0 MB globals, 8 P
gc 5942 @50.430s 3%: 0.14+0.60+0.086 ms clock, 1.1+0.63/0.76/0+0.69 ms cpu, 3->3->1 MB, 4 MB goal, 0 MB stacks, 0 MB globals, 8 P
gc 5943 @50.432s 3%: 0.10+0.53+0.090 ms clock, 0.86+0.85/0.54/0+0.72 ms cpu, 3->3->1 MB, 4 MB goal, 0 MB stacks, 0 MB globals, 8 P
gc 5944 @50.435s 3%: 0.10+0.67+0.091 ms clock, 0.84+0.49/0.59/0+0.73 ms cpu, 3->3->1 MB, 4 MB goal, 0 MB stacks, 0 MB globals, 8 P
gc 5945 @50.438s 3%: 0.089+0.43+0.086 ms clock, 0.71+0.71/0.51/0+0.68 ms cpu, 3->3->1 MB, 4 MB goal, 0 MB stacks, 0 MB globals, 8 P
gc 5946 @50.441s 3%: 0.095+0.39+0.084 ms clock, 0.76+0.68/0.56/0+0.67 ms cpu, 3->3->1 MB, 4 MB goal, 0 MB stacks, 0 MB globals, 8 P
gc 5947 @50.444s 3%: 0.15+0.68+0.083 ms clock, 1.2+0.58/0.65/0+0.66 ms cpu, 3->3->1 MB, 4 MB goal, 0 MB stacks, 0 MB globals, 8 P
gc 5948 @50.446s 3%: 0.10+0.47+0.12 ms clock, 0.81+0.70/0.57/0+1.0 ms cpu, 3->3->1 MB, 4 MB goal, 0 MB stacks, 0 MB globals, 8 P
gc 5949 @50.449s 3%: 0.10+0.50+0.087 ms clock, 0.84+0.72/0.61/0+0.69 ms cpu, 3->3->1 MB, 4 MB goal, 0 MB stacks, 0 MB globals, 8 P
gc 5950 @50.452s 3%: 0.10+0.56+0.086 ms clock, 0.84+0.71/0.64/0+0.69 ms cpu, 3->3->1 MB, 4 MB goal, 0 MB stacks, 0 MB globals, 8 P
gc 5951 @50.455s 3%: 0.067+0.50+0.099 ms clock, 0.53+0.75/0.58/0+0.79 ms cpu, 3->3->1 MB, 4 MB goal, 0 MB stacks, 0 MB globals, 8 P
gc 5952 @50.457s 3%: 0.13+0.50+0.040 ms clock, 1.0+0.68/0.68/0+0.32 ms cpu, 3->3->1 MB, 4 MB goal, 0 MB stacks, 0 MB globals, 8 P
gc 5953 @50.460s 3%: 0.095+0.42+0.10 ms clock, 0.76+0.66/0.58/0+0.87 ms cpu, 3->3->1 MB, 4 MB goal, 0 MB stacks, 0 MB globals, 8 P
gc 5954 @50.463s 3%: 0.12+0.51+0.082 ms clock, 0.96+0.72/0.55/0+0.66 ms cpu, 3->3->1 MB, 4 MB goal, 0 MB stacks, 0 MB globals, 8 P
gc 5955 @50.466s 3%: 0.077+0.46+0.085 ms clock, 0.61+0.63/0.54/0+0.68 ms cpu, 3->3->1 MB, 4 MB goal, 0 MB stacks, 0 MB globals, 8 P
gc 5956 @50.468s 3%: 0.071+0.47+0.087 ms clock, 0.57+0.74/0.57/0+0.69 ms cpu, 3->3->1 MB, 4 MB goal, 0 MB stacks, 0 MB globals, 8 P
gc 5957 @50.471s 3%: 0.094+0.72+0.084 ms clock, 0.75+0.62/0.67/0+0.67 ms cpu, 3->3->1 MB, 4 MB goal, 0 MB stacks, 0 MB globals, 8 P
gc 5958 @50.474s 3%: 0.074+0.57+0.084 ms clock, 0.59+0.84/0.59/0+0.67 ms cpu, 3->3->1 MB, 4 MB goal, 0 MB stacks, 0 MB globals, 8 P
gc 5959 @50.477s 3%: 0.11+0.52+0.060 ms clock, 0.92+0.60/0.58/0+0.48 ms cpu, 3->3->1 MB, 4 MB goal, 0 MB stacks, 0 MB globals, 8 P
gc 5960 @50.479s 3%: 0.057+0.45+0.038 ms clock, 0.45+0.69/0.59/0+0.31 ms cpu, 3->3->1 MB, 4 MB goal, 0 MB stacks, 0 MB globals, 8 P
gc 5961 @50.482s 3%: 0.13+0.63+0.093 ms clock, 1.0+0.48/0.63/0+0.75 ms cpu, 3->3->1 MB, 4 MB goal, 0 MB stacks, 0 MB globals, 8 P
gc 5962 @50.485s 3%: 0.10+0.57+0.052 ms clock, 0.83+0.65/0.71/0+0.42 ms cpu, 3->3->1 MB, 4 MB goal, 0 MB stacks, 0 MB globals, 8 P
gc 5963 @50.488s 3%: 0.098+0.46+0.042 ms clock, 0.79+0.62/0.61/0+0.34 ms cpu, 3->3->1 MB, 4 MB goal, 0 MB stacks, 0 MB globals, 8 P
gc 5964 @50.491s 3%: 0.081+0.42+0.058 ms clock, 0.65+0.52/0.62/0+0.47 ms cpu, 3->3->1 MB, 4 MB goal, 0 MB stacks, 0 MB globals, 8 P
gc 5965 @50.493s 3%: 0.11+0.50+0.11 ms clock, 0.92+0.68/0.62/0+0.93 ms cpu, 3->3->1 MB, 4 MB goal, 0 MB stacks, 0 MB globals, 8 P
gc 5966 @50.496s 3%: 0.10+0.52+0.091 ms clock, 0.81+0.40/0.66/0+0.73 ms cpu, 3->3->1 MB, 4 MB goal, 0 MB stacks, 0 MB globals, 8 P
gc 5967 @50.499s 3%: 0.079+0.76+0.10 ms clock, 0.63+0.63/0.63/0+0.83 ms cpu, 3->3->1 MB, 4 MB goal, 0 MB stacks, 0 MB globals, 8 P
gc 5968 @50.502s 3%: 0.078+0.57+0.10 ms clock, 0.62+0.77/0.58/0+0.81 ms cpu, 3->3->1 MB, 4 MB goal, 0 MB stacks, 0 MB globals, 8 P
gc 5969 @50.505s 3%: 0.096+0.61+0.10 ms clock, 0.76+0.70/0.53/0+0.84 ms cpu, 3->3->1 MB, 4 MB goal, 0 MB stacks, 0 MB globals, 8 P
gc 5970 @50.507s 3%: 0.089+0.53+0.061 ms clock, 0.71+0.56/0.62/0+0.48 ms cpu, 3->3->1 MB, 4 MB goal, 0 MB stacks, 0 MB globals, 8 P
gc 5971 @50.510s 3%: 0.074+0.90+0.080 ms clock, 0.59+0.65/0.73/0+0.64 ms cpu, 3->3->1 MB, 4 MB goal, 0 MB stacks, 0 MB globals, 8 P
gc 5972 @50.513s 3%: 0.078+0.44+0.076 ms clock, 0.62+0.70/0.58/0+0.61 ms cpu, 3->3->1 MB, 4 MB goal, 0 MB stacks, 0 MB globals, 8 P
gc 5973 @50.516s 3%: 0.099+0.48+0.073 ms clock, 0.79+0.65/0.61/0+0.58 ms cpu, 3->3->1 MB, 4 MB goal, 0 MB stacks, 0 MB globals, 8 P
gc 5974 @50.519s 3%: 0.099+0.59+0.066 ms clock, 0.79+0.67/0.61/0+0.53 ms cpu, 3->3->1 MB, 4 MB goal, 0 MB stacks, 0 MB globals, 8 P
gc 5975 @50.521s 3%: 0.10+0.46+0.041 ms clock, 0.80+0.71/0.59/0+0.33 ms cpu, 3->3->1 MB, 4 MB goal, 0 MB stacks, 0 MB globals, 8 P
gc 5976 @50.524s 3%: 0.095+0.57+0.11 ms clock, 0.76+0.69/0.67/0+0.91 ms cpu, 3->3->1 MB, 4 MB goal, 0 MB stacks, 0 MB globals, 8 P
gc 5977 @50.527s 3%: 0.077+0.58+0.066 ms clock, 0.61+0.68/0.68/0+0.52 ms cpu, 3->3->1 MB, 4 MB goal, 0 MB stacks, 0 MB globals, 8 P
gc 5978 @50.530s 3%: 0.10+0.52+0.043 ms clock, 0.81+0.66/0.59/0+0.34 ms cpu, 3->3->1 MB, 4 MB goal, 0 MB stacks, 0 MB globals, 8 P
gc 5979 @50.532s 3%: 0.068+0.53+0.067 ms clock, 0.54+0.71/0.58/0+0.54 ms cpu, 3->3->1 MB, 4 MB goal, 0 MB stacks, 0 MB globals, 8 P
gc 5980 @50.535s 3%: 0.11+0.54+0.10 ms clock, 0.90+0.65/0.68/0+0.81 ms cpu, 3->3->1 MB, 4 MB goal, 0 MB stacks, 0 MB globals, 8 P
gc 5981 @50.538s 3%: 0.086+0.61+0.10 ms clock, 0.69+0.63/0.68/0+0.83 ms cpu, 3->3->1 MB, 4 MB goal, 0 MB stacks, 0 MB globals, 8 P
gc 5982 @50.541s 3%: 0.10+0.56+0.11 ms clock, 0.80+0.67/0.63/0+0.95 ms cpu, 3->3->1 MB, 4 MB goal, 0 MB stacks, 0 MB globals, 8 P
gc 5983 @50.544s 3%: 0.10+0.46+0.049 ms clock, 0.84+0.62/0.53/0+0.39 ms cpu, 3->3->1 MB, 4 MB goal, 0 MB stacks, 0 MB globals, 8 P
gc 5984 @50.546s 3%: 0.12+0.48+0.085 ms clock, 1.0+0.53/0.68/0+0.68 ms cpu, 3->3->1 MB, 4 MB goal, 0 MB stacks, 0 MB globals, 8 P
gc 5985 @50.549s 3%: 0.094+0.42+0.083 ms clock, 0.75+0.69/0.52/0+0.66 ms cpu, 3->3->1 MB, 4 MB goal, 0 MB stacks, 0 MB globals, 8 P
gc 5986 @50.552s 3%: 0.090+0.46+0.094 ms clock, 0.72+0.44/0.58/0+0.75 ms cpu, 3->3->1 MB, 4 MB goal, 0 MB stacks, 0 MB globals, 8 P
gc 5987 @50.555s 3%: 0.10+0.60+0.076 ms clock, 0.87+0.60/0.61/0+0.60 ms cpu, 3->3->1 MB, 4 MB goal, 0 MB stacks, 0 MB globals, 8 P
gc 5988 @50.557s 3%: 0.079+0.48+0.087 ms clock, 0.63+0.75/0.63/0+0.69 ms cpu, 3->3->1 MB, 4 MB goal, 0 MB stacks, 0 MB globals, 8 P
gc 5989 @50.560s 3%: 0.094+0.71+0.10 ms clock, 0.75+0.67/0.58/0+0.83 ms cpu, 3->3->1 MB, 4 MB goal, 0 MB stacks, 0 MB globals, 8 P
gc 5990 @50.563s 3%: 0.097+0.37+0.035 ms clock, 0.78+0.64/0.54/0+0.28 ms cpu, 3->3->1 MB, 4 MB goal, 0 MB stacks, 0 MB globals, 8 P
gc 5991 @50.566s 3%: 0.078+0.77+0.098 ms clock, 0.62+0.64/0.66/0+0.78 ms cpu, 3->3->1 MB, 4 MB goal, 0 MB stacks, 0 MB globals, 8 P
gc 5992 @50.569s 3%: 0.13+0.49+0.067 ms clock, 1.0+0.62/0.64/0+0.54 ms cpu, 3->3->1 MB, 4 MB goal, 0 MB stacks, 0 MB globals, 8 P
gc 5993 @50.571s 3%: 0.12+0.53+0.089 ms clock, 1.0+0.67/0.54/0+0.71 ms cpu, 3->3->1 MB, 4 MB goal, 0 MB stacks, 0 MB globals, 8 P
gc 5994 @50.574s 3%: 0.083+0.48+0.12 ms clock, 0.66+0.73/0.58/0+0.98 ms cpu, 3->3->1 MB, 4 MB goal, 0 MB stacks, 0 MB globals, 8 P
gc 5995 @50.577s 3%: 0.10+0.46+0.060 ms clock, 0.87+0.62/0.59/0+0.48 ms cpu, 3->3->1 MB, 4 MB goal, 0 MB stacks, 0 MB globals, 8 P
gc 5996 @50.580s 3%: 0.10+0.70+0.092 ms clock, 0.83+0.78/0.64/0+0.74 ms cpu, 3->3->1 MB, 4 MB goal, 0 MB stacks, 0 MB globals, 8 P
gc 5997 @50.582s 3%: 0.10+0.77+0.073 ms clock, 0.85+0.62/0.61/0+0.58 ms cpu, 3->3->1 MB, 4 MB goal, 0 MB stacks, 0 MB globals, 8 P
gc 5998 @50.585s 3%: 0.082+0.52+0.086 ms clock, 0.66+0.66/0.64/0+0.69 ms cpu, 3->3->1 MB, 4 MB goal, 0 MB stacks, 0 MB globals, 8 P
gc 5999 @50.588s 3%: 0.11+0.44+0.094 ms clock, 0.89+0.67/0.55/0+0.75 ms cpu, 3->3->1 MB, 4 MB goal, 0 MB stacks, 0 MB globals, 8 P
gc 6000 @50.591s 3%: 0.090+0.52+0.082 ms clock, 0.72+0.70/0.65/0+0.65 ms cpu, 3->3->1 MB, 4 MB goal, 0 MB stacks, 0 MB globals, 8 P
gc 6001 @50.594s 3%: 0.12+0.43+0.098 ms clock, 1.0+0.62/0.63/0+0.78 ms cpu, 3->3->1 MB, 4 MB goal, 0 MB stacks, 0 MB globals, 8 P
gc 6002 @50.596s 3%: 0.10+0.54+0.095 ms clock, 0.86+0.59/0.61/0+0.76 ms cpu, 3->3->1 MB, 4 MB goal, 0 MB stacks, 0 MB globals, 8 P
gc 6003 @50.599s 3%: 0.052+0.54+0.068 ms clock, 0.42+0.58/0.74/0+0.54 ms cpu, 3->3->1 MB, 4 MB goal, 0 MB stacks, 0 MB globals, 8 P
gc 6004 @50.602s 3%: 0.073+0.49+0.10 ms clock, 0.59+0.72/0.58/0+0.80 ms cpu, 3->3->1 MB, 4 MB goal, 0 MB stacks, 0 MB globals, 8 P
gc 6005 @50.605s 3%: 0.055+0.42+0.038 ms clock, 0.44+0.71/0.55/0+0.30 ms cpu, 3->3->1 MB, 4 MB goal, 0 MB stacks, 0 MB globals, 8 P
gc 6006 @50.607s 3%: 0.095+0.95+0.088 ms clock, 0.76+0.58/0.56/0+0.70 ms cpu, 3->3->1 MB, 4 MB goal, 0 MB stacks, 0 MB globals, 8 P
gc 6007 @50.610s 3%: 0.13+0.53+0.10 ms clock, 1.0+0.64/0.65/0+0.82 ms cpu, 3->3->1 MB, 4 MB goal, 0 MB stacks, 0 MB globals, 8 P
gc 6008 @50.613s 3%: 0.11+0.49+0.079 ms clock, 0.88+0.66/0.63/0+0.63 ms cpu, 3->3->1 MB, 4 MB goal, 0 MB stacks, 0 MB globals, 8 P
gc 6009 @50.616s 3%: 0.083+0.54+0.10 ms clock, 0.66+0.59/0.67/0+0.81 ms cpu, 3->3->1 MB, 4 MB goal, 0 MB stacks, 0 MB globals, 8 P
gc 6010 @50.619s 3%: 0.13+0.45+0.13 ms clock, 1.0+0.67/0.57/0+1.0 ms cpu, 3->3->1 MB, 4 MB goal, 0 MB stacks, 0 MB globals, 8 P
gc 6011 @50.621s 3%: 0.10+0.80+0.051 ms clock, 0.84+0.59/0.67/0+0.41 ms cpu, 3->3->1 MB, 4 MB goal, 0 MB stacks, 0 MB globals, 8 P
gc 6012 @50.624s 3%: 0.13+0.63+0.092 ms clock, 1.0+0.75/0.50/0+0.73 ms cpu, 3->3->1 MB, 4 MB goal, 0 MB stacks, 0 MB globals, 8 P
gc 6013 @50.627s 3%: 0.066+0.59+0.077 ms clock, 0.52+0.60/0.53/0+0.61 ms cpu, 3->3->1 MB, 4 MB goal, 0 MB stacks, 0 MB globals, 8 P
gc 6014 @50.630s 3%: 0.071+0.67+0.086 ms clock, 0.57+0.60/0.57/0+0.69 ms cpu, 3->3->1 MB, 4 MB goal, 0 MB stacks, 0 MB globals, 8 P
gc 6015 @50.633s 3%: 0.062+0.46+0.038 ms clock, 0.50+0.62/0.58/0+0.31 ms cpu, 3->3->1 MB, 4 MB goal, 0 MB stacks, 0 MB globals, 8 P
gc 6016 @50.635s 3%: 0.087+0.53+0.052 ms clock, 0.69+0.67/0.59/0+0.41 ms cpu, 3->3->1 MB, 4 MB goal, 0 MB stacks, 0 MB globals, 8 P
gc 6017 @50.638s 3%: 0.082+0.57+0.12 ms clock, 0.66+0.52/0.53/0+0.96 ms cpu, 3->3->1 MB, 4 MB goal, 0 MB stacks, 0 MB globals, 8 P
gc 6018 @50.641s 3%: 0.074+0.50+0.076 ms clock, 0.59+0.70/0.63/0+0.61 ms cpu, 3->3->1 MB, 4 MB goal, 0 MB stacks, 0 MB globals, 8 P
gc 6019 @50.644s 3%: 0.099+0.58+0.044 ms clock, 0.79+0.50/0.65/0+0.35 ms cpu, 3->3->1 MB, 4 MB goal, 0 MB stacks, 0 MB globals, 8 P
gc 6020 @50.647s 3%: 0.10+0.78+0.084 ms clock, 0.82+0.70/0.60/0+0.67 ms cpu, 3->3->1 MB, 4 MB goal, 0 MB stacks, 0 MB globals, 8 P
gc 6021 @50.649s 3%: 0.10+0.51+0.13 ms clock, 0.86+0.58/0.70/0+1.0 ms cpu, 3->3->1 MB, 4 MB goal, 0 MB stacks, 0 MB globals, 8 P
gc 6022 @50.652s 3%: 0.074+0.56+0.092 ms clock, 0.59+0.63/0.59/0+0.73 ms cpu, 3->3->1 MB, 4 MB goal, 0 MB stacks, 0 MB globals, 8 P
gc 6023 @50.655s 3%: 0.11+0.46+0.085 ms clock, 0.93+0.71/0.62/0+0.68 ms cpu, 3->3->1 MB, 4 MB goal, 0 MB stacks, 0 MB globals, 8 P
gc 6024 @50.658s 3%: 0.061+0.41+0.052 ms clock, 0.49+0.70/0.61/0+0.41 ms cpu, 3->3->1 MB, 4 MB goal, 0 MB stacks, 0 MB globals, 8 P
gc 6025 @50.660s 3%: 0.068+0.50+0.12 ms clock, 0.54+0.68/0.66/0+1.0 ms cpu, 3->3->1 MB, 4 MB goal, 0 MB stacks, 0 MB globals, 8 P
gc 6026 @50.663s 3%: 0.12+0.66+0.10 ms clock, 0.98+0.68/0.65/0+0.82 ms cpu, 3->3->1 MB, 4 MB goal, 0 MB stacks, 0 MB globals, 8 P
gc 6027 @50.666s 3%: 0.10+0.50+0.10 ms clock, 0.86+0.68/0.56/0+0.82 ms cpu, 3->3->1 MB, 4 MB goal, 0 MB stacks, 0 MB globals, 8 P
gc 6028 @50.669s 3%: 0.082+0.71+0.040 ms clock, 0.66+0.72/0.58/0+0.32 ms cpu, 3->3->1 MB, 4 MB goal, 0 MB stacks, 0 MB globals, 8 P
gc 6029 @50.672s 3%: 0.085+0.38+0.093 ms clock, 0.68+0.69/0.56/0+0.74 ms cpu, 3->3->1 MB, 4 MB goal, 0 MB stacks, 0 MB globals, 8 P
gc 6030 @50.674s 3%: 0.10+0.65+0.11 ms clock, 0.87+0.58/0.68/0+0.92 ms cpu, 3->3->1 MB, 4 MB goal, 0 MB stacks, 0 MB globals, 8 P
gc 6031 @50.677s 3%: 0.12+1.1+0.11 ms clock, 1.0+0.70/0.70/0+0.90 ms cpu, 3->4->1 MB, 4 MB goal, 0 MB stacks, 0 MB globals, 8 P
gc 6032 @50.680s 3%: 0.089+0.50+0.086 ms clock, 0.71+0.66/0.61/0+0.69 ms cpu, 3->3->1 MB, 4 MB goal, 0 MB stacks, 0 MB globals, 8 P
gc 6033 @50.683s 3%: 0.14+0.59+0.088 ms clock, 1.1+0.65/0.68/0+0.71 ms cpu, 3->3->1 MB, 4 MB goal, 0 MB stacks, 0 MB globals, 8 P
gc 6034 @50.686s 3%: 0.10+0.49+0.067 ms clock, 0.80+0.67/0.59/0+0.54 ms cpu, 3->3->1 MB, 4 MB goal, 0 MB stacks, 0 MB globals, 8 P
gc 6035 @50.689s 3%: 0.13+0.44+0.028 ms clock, 1.0+0.41/0.64/0+0.23 ms cpu, 3->3->1 MB, 4 MB goal, 0 MB stacks, 0 MB globals, 8 P
gc 6036 @50.691s 3%: 0.10+0.36+0.067 ms clock, 0.84+0.58/0.58/0+0.53 ms cpu, 3->3->1 MB, 4 MB goal, 0 MB stacks, 0 MB globals, 8 P
gc 6037 @50.694s 3%: 0.11+0.52+0.084 ms clock, 0.94+0.67/0.57/0+0.67 ms cpu, 3->3->1 MB, 4 MB goal, 0 MB stacks, 0 MB globals, 8 P
gc 6038 @50.697s 3%: 0.090+0.54+0.11 ms clock, 0.72+0.70/0.65/0+0.91 ms cpu, 3->3->1 MB, 4 MB goal, 0 MB stacks, 0 MB globals, 8 P
gc 6039 @50.699s 3%: 0.10+0.52+0.087 ms clock, 0.83+0.70/0.65/0+0.70 ms cpu, 3->3->1 MB, 4 MB goal, 0 MB stacks, 0 MB globals, 8 P
gc 6040 @50.702s 3%: 0.13+0.42+0.12 ms clock, 1.1+0.60/0.59/0+0.98 ms cpu, 3->3->1 MB, 4 MB goal, 0 MB stacks, 0 MB globals, 8 P
gc 6041 @50.705s 3%: 0.10+0.51+0.095 ms clock, 0.81+0.68/0.63/0+0.76 ms cpu, 3->3->1 MB, 4 MB goal, 0 MB stacks, 0 MB globals, 8 P
gc 6042 @50.708s 3%: 0.11+0.58+0.099 ms clock, 0.90+0.42/0.77/0+0.79 ms cpu, 3->3->1 MB, 4 MB goal, 0 MB stacks, 0 MB globals, 8 P
gc 6043 @50.710s 3%: 0.11+0.65+0.036 ms clock, 0.91+0.75/0.60/0+0.29 ms cpu, 3->3->1 MB, 4 MB goal, 0 MB stacks, 0 MB globals, 8 P
gc 6044 @50.713s 3%: 0.066+0.71+0.068 ms clock, 0.53+0.59/0.63/0+0.54 ms cpu, 3->3->1 MB, 4 MB goal, 0 MB stacks, 0 MB globals, 8 P
gc 6045 @50.716s 3%: 0.069+0.43+0.049 ms clock, 0.55+0.74/0.55/0+0.39 ms cpu, 3->3->1 MB, 4 MB goal, 0 MB stacks, 0 MB globals, 8 P
gc 6046 @50.719s 3%: 0.11+0.55+0.091 ms clock, 0.88+0.64/0.70/0+0.73 ms cpu, 3->3->1 MB, 4 MB goal, 0 MB stacks, 0 MB globals, 8 P
gc 6047 @50.722s 3%: 0.12+0.64+0.10 ms clock, 0.98+0.52/0.65/0+0.87 ms cpu, 3->3->1 MB, 4 MB goal, 0 MB stacks, 0 MB globals, 8 P
gc 6048 @50.724s 3%: 0.082+0.46+0.067 ms clock, 0.66+0.67/0.58/0+0.53 ms cpu, 3->3->1 MB, 4 MB goal, 0 MB stacks, 0 MB globals, 8 P
gc 6049 @50.727s 3%: 0.098+0.46+0.10 ms clock, 0.79+0.51/0.59/0+0.83 ms cpu, 3->3->1 MB, 4 MB goal, 0 MB stacks, 0 MB globals, 8 P
gc 6050 @50.730s 3%: 0.13+0.88+0.061 ms clock, 1.1+0.49/0.72/0+0.48 ms cpu, 3->3->1 MB, 4 MB goal, 0 MB stacks, 0 MB globals, 8 P
gc 6051 @50.733s 3%: 0.089+0.43+0.055 ms clock, 0.71+0.73/0.51/0+0.44 ms cpu, 3->3->1 MB, 4 MB goal, 0 MB stacks, 0 MB globals, 8 P
gc 6052 @50.735s 3%: 0.060+0.43+0.032 ms clock, 0.48+0.69/0.65/0+0.26 ms cpu, 3->3->1 MB, 4 MB goal, 0 MB stacks, 0 MB globals, 8 P
gc 6053 @50.738s 3%: 0.14+0.59+0.11 ms clock, 1.1+0.65/0.71/0+0.93 ms cpu, 3->3->1 MB, 4 MB goal, 0 MB stacks, 0 MB globals, 8 P
gc 6054 @50.741s 3%: 0.17+0.86+0.086 ms clock, 1.3+0.72/0.62/0+0.68 ms cpu, 3->4->1 MB, 4 MB goal, 0 MB stacks, 0 MB globals, 8 P
gc 6055 @50.744s 3%: 0.078+0.50+0.074 ms clock, 0.62+0.74/0.55/0+0.59 ms cpu, 3->3->1 MB, 4 MB goal, 0 MB stacks, 0 MB globals, 8 P
gc 6056 @50.747s 3%: 0.090+0.54+0.031 ms clock, 0.72+0.70/0.64/0+0.25 ms cpu, 3->3->1 MB, 4 MB goal, 0 MB stacks, 0 MB globals, 8 P
gc 6057 @50.750s 3%: 0.094+0.51+0.088 ms clock, 0.75+0.57/0.63/0+0.70 ms cpu, 3->3->1 MB, 4 MB goal, 0 MB stacks, 0 MB globals, 8 P
gc 6058 @50.752s 3%: 0.087+0.57+0.070 ms clock, 0.70+0.58/0.58/0+0.56 ms cpu, 3->3->1 MB, 4 MB goal, 0 MB stacks, 0 MB globals, 8 P
gc 6059 @50.755s 3%: 0.14+0.56+0.10 ms clock, 1.1+0.69/0.63/0+0.81 ms cpu, 3->3->1 MB, 4 MB goal, 0 MB stacks, 0 MB globals, 8 P
gc 6060 @50.758s 3%: 0.10+0.83+0.084 ms clock, 0.84+0.73/0.56/0+0.67 ms cpu, 3->3->1 MB, 4 MB goal, 0 MB stacks, 0 MB globals, 8 P
gc 6061 @50.761s 3%: 0.070+0.45+0.080 ms clock, 0.56+0.60/0.59/0+0.64 ms cpu, 3->3->1 MB, 4 MB goal, 0 MB stacks, 0 MB globals, 8 P
gc 6062 @50.764s 3%: 0.11+0.43+0.072 ms clock, 0.94+0.62/0.65/0+0.57 ms cpu, 3->3->1 MB, 4 MB goal, 0 MB stacks, 0 MB globals, 8 P
gc 6063 @50.766s 3%: 0.11+0.59+0.089 ms clock, 0.91+0.64/0.59/0+0.71 ms cpu, 3->3->1 MB, 4 MB goal, 0 MB stacks, 0 MB globals, 8 P
gc 6064 @50.769s 3%: 0.11+0.53+0.075 ms clock, 0.94+0.59/0.59/0+0.60 ms cpu, 3->3->1 MB, 4 MB goal, 0 MB stacks, 0 MB globals, 8 P
gc 6065 @50.772s 3%: 0.10+0.52+0.092 ms clock, 0.80+0.75/0.56/0+0.74 ms cpu, 3->3->1 MB, 4 MB goal, 0 MB stacks, 0 MB globals, 8 P
gc 6066 @50.775s 3%: 0.10+0.48+0.085 ms clock, 0.85+0.82/0.48/0+0.68 ms cpu, 3->3->1 MB, 4 MB goal, 0 MB stacks, 0 MB globals, 8 P
gc 6067 @50.777s 3%: 0.079+0.61+0.094 ms clock, 0.63+0.69/0.66/0+0.75 ms cpu, 3->3->1 MB, 4 MB goal, 0 MB stacks, 0 MB globals, 8 P
gc 6068 @50.780s 3%: 0.091+0.47+0.066 ms clock, 0.73+0.57/0.59/0+0.52 ms cpu, 3->3->1 MB, 4 MB goal, 0 MB stacks, 0 MB globals, 8 P
gc 6069 @50.783s 3%: 0.10+0.58+0.095 ms clock, 0.87+0.76/0.59/0+0.76 ms cpu, 3->3->1 MB, 4 MB goal, 0 MB stacks, 0 MB globals, 8 P
gc 6070 @50.786s 3%: 0.10+0.63+0.096 ms clock, 0.83+0.61/0.75/0.010+0.76 ms cpu, 3->3->1 MB, 4 MB goal, 0 MB stacks, 0 MB globals, 8 P
gc 6071 @50.788s 3%: 0.10+0.78+0.089 ms clock, 0.86+0.66/0.66/0+0.71 ms cpu, 3->3->1 MB, 4 MB goal, 0 MB stacks, 0 MB globals, 8 P
gc 6072 @50.791s 3%: 0.084+0.96+0.11 ms clock, 0.67+0.63/0.61/0+0.94 ms cpu, 3->3->1 MB, 4 MB goal, 0 MB stacks, 0 MB globals, 8 P
gc 6073 @50.794s 3%: 0.11+0.41+0.069 ms clock, 0.91+0.61/0.54/0+0.55 ms cpu, 3->3->1 MB, 4 MB goal, 0 MB stacks, 0 MB globals, 8 P
gc 6074 @50.797s 3%: 0.12+0.36+0.056 ms clock, 0.98+0.76/0.49/0+0.45 ms cpu, 3->3->1 MB, 4 MB goal, 0 MB stacks, 0 MB globals, 8 P
gc 6075 @50.799s 3%: 0.098+0.46+0.10 ms clock, 0.78+0.60/0.63/0+0.85 ms cpu, 3->3->1 MB, 4 MB goal, 0 MB stacks, 0 MB globals, 8 P
gc 6076 @50.802s 3%: 0.10+0.47+0.13 ms clock, 0.84+0.72/0.61/0+1.1 ms cpu, 3->3->1 MB, 4 MB goal, 0 MB stacks, 0 MB globals, 8 P
gc 6077 @50.805s 3%: 0.060+0.89+0.11 ms clock, 0.48+0.50/0.70/0+0.90 ms cpu, 3->3->1 MB, 4 MB goal, 0 MB stacks, 0 MB globals, 8 P
gc 6078 @50.808s 3%: 0.11+0.46+0.11 ms clock, 0.89+0.63/0.67/0+0.89 ms cpu, 3->3->1 MB, 4 MB goal, 0 MB stacks, 0 MB globals, 8 P
gc 6079 @50.810s 3%: 0.094+0.87+0.081 ms clock, 0.75+0.64/0.65/0+0.65 ms cpu, 3->3->1 MB, 4 MB goal, 0 MB stacks, 0 MB globals, 8 P
gc 6080 @50.813s 3%: 0.10+0.48+0.072 ms clock, 0.86+0.79/0.58/0+0.58 ms cpu, 3->3->1 MB, 4 MB goal, 0 MB stacks, 0 MB globals, 8 P
gc 6081 @50.816s 3%: 0.095+0.43+0.10 ms clock, 0.76+0.68/0.58/0+0.81 ms cpu, 3->3->1 MB, 4 MB goal, 0 MB stacks, 0 MB globals, 8 P
gc 6082 @50.819s 3%: 0.097+0.54+0.10 ms clock, 0.78+0.61/0.71/0+0.81 ms cpu, 3->3->1 MB, 4 MB goal, 0 MB stacks, 0 MB globals, 8 P
gc 6083 @50.822s 3%: 0.10+0.57+0.076 ms clock, 0.83+0.63/0.57/0+0.61 ms cpu, 3->3->1 MB, 4 MB goal, 0 MB stacks, 0 MB globals, 8 P
gc 6084 @50.824s 3%: 0.12+0.72+0.050 ms clock, 1.0+0.57/0.62/0+0.40 ms cpu, 3->3->1 MB, 4 MB goal, 0 MB stacks, 0 MB globals, 8 P
gc 6085 @50.827s 3%: 0.10+0.48+0.075 ms clock, 0.85+0.61/0.56/0+0.60 ms cpu, 3->3->1 MB, 4 MB goal, 0 MB stacks, 0 MB globals, 8 P
gc 6086 @50.830s 3%: 0.096+0.50+0.082 ms clock, 0.77+0.59/0.63/0+0.66 ms cpu, 3->3->1 MB, 4 MB goal, 0 MB stacks, 0 MB globals, 8 P
gc 6087 @50.833s 3%: 0.10+0.55+0.099 ms clock, 0.85+0.76/0.65/0+0.79 ms cpu, 3->3->1 MB, 4 MB goal, 0 MB stacks, 0 MB globals, 8 P
gc 6088 @50.835s 3%: 0.10+0.41+0.073 ms clock, 0.84+0.70/0.55/0+0.58 ms cpu, 3->3->1 MB, 4 MB goal, 0 MB stacks, 0 MB globals, 8 P
gc 6089 @50.838s 3%: 0.11+0.47+0.073 ms clock, 0.89+0.72/0.58/0+0.58 ms cpu, 3->3->1 MB, 4 MB goal, 0 MB stacks, 0 MB globals, 8 P
gc 6090 @50.841s 3%: 0.082+0.60+0.11 ms clock, 0.65+0.69/0.65/0+0.90 ms cpu, 3->3->1 MB, 4 MB goal, 0 MB stacks, 0 MB globals, 8 P
gc 6091 @50.844s 3%: 0.089+0.55+0.10 ms clock, 0.71+0.62/0.64/0+0.86 ms cpu, 3->3->1 MB, 4 MB goal, 0 MB stacks, 0 MB globals, 8 P
gc 6092 @50.847s 3%: 0.10+0.69+0.094 ms clock, 0.82+0.69/0.58/0+0.75 ms cpu, 3->3->1 MB, 4 MB goal, 0 MB stacks, 0 MB globals, 8 P
gc 6093 @50.849s 3%: 0.070+0.66+0.092 ms clock, 0.56+0.78/0.59/0+0.74 ms cpu, 3->3->1 MB, 4 MB goal, 0 MB stacks, 0 MB globals, 8 P
gc 6094 @50.852s 3%: 0.092+0.44+0.046 ms clock, 0.73+0.57/0.63/0+0.37 ms cpu, 3->3->1 MB, 4 MB goal, 0 MB stacks, 0 MB globals, 8 P
gc 6095 @50.855s 3%: 0.061+0.74+0.066 ms clock, 0.48+0.66/0.57/0+0.53 ms cpu, 3->3->1 MB, 4 MB goal, 0 MB stacks, 0 MB globals, 8 P
gc 6096 @50.858s 3%: 0.083+0.43+0.067 ms clock, 0.66+0.67/0.54/0+0.54 ms cpu, 3->3->1 MB, 4 MB goal, 0 MB stacks, 0 MB globals, 8 P
gc 6097 @50.860s 3%: 0.099+0.77+0.10 ms clock, 0.79+0.71/0.59/0+0.80 ms cpu, 3->3->1 MB, 4 MB goal, 0 MB stacks, 0 MB globals, 8 P
gc 6098 @50.863s 3%: 0.087+0.42+0.090 ms clock, 0.70+0.66/0.55/0+0.72 ms cpu, 3->3->1 MB, 4 MB goal, 0 MB stacks, 0 MB globals, 8 P
gc 6099 @50.866s 3%: 0.10+0.56+0.066 ms clock, 0.85+0.70/0.69/0+0.53 ms cpu, 3->3->1 MB, 4 MB goal, 0 MB stacks, 0 MB globals, 8 P
gc 6100 @50.869s 3%: 0.10+0.45+0.10 ms clock, 0.84+0.70/0.54/0+0.83 ms cpu, 3->3->1 MB, 4 MB goal, 0 MB stacks, 0 MB globals, 8 P
gc 6101 @50.871s 3%: 0.095+0.80+0.083 ms clock, 0.76+0.60/0.68/0+0.66 ms cpu, 3->3->1 MB, 4 MB goal, 0 MB stacks, 0 MB globals, 8 P
gc 6102 @50.874s 3%: 0.058+0.49+0.084 ms clock, 0.47+0.64/0.60/0+0.67 ms cpu, 3->3->1 MB, 4 MB goal, 0 MB stacks, 0 MB globals, 8 P
gc 6103 @50.877s 3%: 0.10+0.46+0.058 ms clock, 0.81+0.72/0.62/0+0.46 ms cpu, 3->3->1 MB, 4 MB goal, 0 MB stacks, 0 MB globals, 8 P
gc 6104 @50.880s 3%: 0.073+0.47+0.10 ms clock, 0.59+0.61/0.64/0+0.81 ms cpu, 3->3->1 MB, 4 MB goal, 0 MB stacks, 0 MB globals, 8 P
gc 6105 @50.883s 3%: 0.095+0.50+0.10 ms clock, 0.76+0.66/0.59/0+0.85 ms cpu, 3->3->1 MB, 4 MB goal, 0 MB stacks, 0 MB globals, 8 P
gc 6106 @50.885s 3%: 0.12+0.53+0.090 ms clock, 0.97+0.72/0.61/0+0.72 ms cpu, 3->3->1 MB, 4 MB goal, 0 MB stacks, 0 MB globals, 8 P
gc 6107 @50.888s 3%: 0.054+0.56+0.086 ms clock, 0.43+0.59/0.67/0+0.69 ms cpu, 3->3->1 MB, 4 MB goal, 0 MB stacks, 0 MB globals, 8 P
gc 6108 @50.891s 3%: 0.10+0.61+0.10 ms clock, 0.82+0.72/0.66/0+0.85 ms cpu, 3->3->1 MB, 4 MB goal, 0 MB stacks, 0 MB globals, 8 P
gc 6109 @50.894s 3%: 0.079+0.52+0.081 ms clock, 0.63+0.49/0.65/0+0.64 ms cpu, 3->3->1 MB, 4 MB goal, 0 MB stacks, 0 MB globals, 8 P
gc 6110 @50.896s 3%: 0.097+0.46+0.045 ms clock, 0.78+0.59/0.60/0+0.36 ms cpu, 3->3->1 MB, 4 MB goal, 0 MB stacks, 0 MB globals, 8 P
gc 6111 @50.899s 3%: 0.069+0.84+0.062 ms clock, 0.55+0.65/0.63/0+0.49 ms cpu, 3->3->1 MB, 4 MB goal, 0 MB stacks, 0 MB globals, 8 P
gc 6112 @50.902s 3%: 0.10+0.52+0.13 ms clock, 0.83+0.67/0.60/0+1.0 ms cpu, 3->3->1 MB, 4 MB goal, 0 MB stacks, 0 MB globals, 8 P
gc 6113 @50.905s 3%: 0.090+0.91+0.099 ms clock, 0.72+0.66/0.69/0+0.79 ms cpu, 3->3->1 MB, 4 MB goal, 0 MB stacks, 0 MB globals, 8 P
gc 6114 @50.907s 3%: 0.090+0.47+0.065 ms clock, 0.72+0.65/0.62/0+0.52 ms cpu, 3->3->1 MB, 4 MB goal, 0 MB stacks, 0 MB globals, 8 P
gc 6115 @50.910s 3%: 0.13+0.44+0.068 ms clock, 1.0+0.61/0.57/0+0.54 ms cpu, 3->3->1 MB, 4 MB goal, 0 MB stacks, 0 MB globals, 8 P
gc 6116 @50.913s 3%: 0.10+0.62+0.10 ms clock, 0.85+0.58/0.59/0+0.82 ms cpu, 3->3->1 MB, 4 MB goal, 0 MB stacks, 0 MB globals, 8 P
gc 6117 @50.916s 3%: 0.079+1.1+0.096 ms clock, 0.63+0.62/0.59/0.007+0.76 ms cpu, 3->4->1 MB, 4 MB goal, 0 MB stacks, 0 MB globals, 8 P
gc 6118 @50.919s 3%: 0.078+0.55+0.096 ms clock, 0.62+0.64/0.68/0+0.77 ms cpu, 3->3->1 MB, 4 MB goal, 0 MB stacks, 0 MB globals, 8 P
gc 6119 @50.921s 3%: 0.10+0.53+0.11 ms clock, 0.80+0.71/0.65/0+0.93 ms cpu, 3->3->1 MB, 4 MB goal, 0 MB stacks, 0 MB globals, 8 P
gc 6120 @50.924s 3%: 0.090+0.44+0.11 ms clock, 0.72+0.66/0.56/0+0.91 ms cpu, 3->3->1 MB, 4 MB goal, 0 MB stacks, 0 MB globals, 8 P
gc 6121 @50.927s 3%: 0.069+0.89+0.099 ms clock, 0.55+0.73/0.72/0+0.79 ms cpu, 3->3->1 MB, 4 MB goal, 0 MB stacks, 0 MB globals, 8 P
gc 6122 @50.930s 3%: 0.11+0.61+0.12 ms clock, 0.88+0.69/0.66/0+0.99 ms cpu, 3->3->1 MB, 4 MB goal, 0 MB stacks, 0 MB globals, 8 P
gc 6123 @50.933s 3%: 0.10+0.63+0.069 ms clock, 0.87+0.60/0.62/0+0.55 ms cpu, 3->3->1 MB, 4 MB goal, 0 MB stacks, 0 MB globals, 8 P
gc 6124 @50.936s 3%: 0.073+0.71+0.028 ms clock, 0.58+0.57/0.62/0+0.23 ms cpu, 3->3->1 MB, 4 MB goal, 0 MB stacks, 0 MB globals, 8 P
gc 6125 @50.938s 3%: 0.079+0.62+0.047 ms clock, 0.63+0.63/0.60/0+0.38 ms cpu, 3->3->1 MB, 4 MB goal, 0 MB stacks, 0 MB globals, 8 P
gc 6126 @50.941s 3%: 0.10+0.89+0.056 ms clock, 0.80+0.66/0.61/0+0.45 ms cpu, 3->3->1 MB, 4 MB goal, 0 MB stacks, 0 MB globals, 8 P
gc 6127 @50.944s 3%: 0.091+0.52+0.12 ms clock, 0.72+0.79/0.62/0+0.96 ms cpu, 3->3->1 MB, 4 MB goal, 0 MB stacks, 0 MB globals, 8 P
gc 6128 @50.947s 3%: 0.078+0.81+0.098 ms clock, 0.62+0.56/0.70/0+0.78 ms cpu, 3->3->1 MB, 4 MB goal, 0 MB stacks, 0 MB globals, 8 P
gc 6129 @50.950s 3%: 0.13+0.62+0.098 ms clock, 1.0+0.63/0.57/0+0.78 ms cpu, 3->3->1 MB, 4 MB goal, 0 MB stacks, 0 MB globals, 8 P
gc 6130 @50.953s 3%: 0.13+0.51+0.066 ms clock, 1.0+0.70/0.56/0+0.53 ms cpu, 3->3->1 MB, 4 MB goal, 0 MB stacks, 0 MB globals, 8 P
gc 6131 @50.955s 3%: 0.10+0.42+0.083 ms clock, 0.85+0.67/0.60/0+0.66 ms cpu, 3->3->1 MB, 4 MB goal, 0 MB stacks, 0 MB globals, 8 P
gc 6132 @50.958s 3%: 0.084+0.70+0.075 ms clock, 0.67+0.72/0.56/0+0.60 ms cpu, 3->3->1 MB, 4 MB goal, 0 MB stacks, 0 MB globals, 8 P
gc 6133 @50.961s 3%: 0.084+0.68+0.098 ms clock, 0.67+0.61/0.77/0+0.78 ms cpu, 3->3->1 MB, 4 MB goal, 0 MB stacks, 0 MB globals, 8 P
gc 6134 @50.964s 3%: 0.082+0.45+0.096 ms clock, 0.66+0.71/0.57/0+0.77 ms cpu, 3->3->1 MB, 4 MB goal, 0 MB stacks, 0 MB globals, 8 P
gc 6135 @50.966s 3%: 0.13+0.69+0.097 ms clock, 1.0+0.69/0.58/0+0.78 ms cpu, 3->3->1 MB, 4 MB goal, 0 MB stacks, 0 MB globals, 8 P
gc 6136 @50.969s 3%: 0.084+0.78+0.096 ms clock, 0.67+0.68/0.64/0+0.77 ms cpu, 3->3->1 MB, 4 MB goal, 0 MB stacks, 0 MB globals, 8 P
gc 6137 @50.972s 3%: 0.089+0.60+0.084 ms clock, 0.71+0.68/0.59/0+0.67 ms cpu, 3->3->1 MB, 4 MB goal, 0 MB stacks, 0 MB globals, 8 P
gc 6138 @50.975s 3%: 0.094+0.45+0.070 ms clock, 0.75+0.67/0.60/0+0.56 ms cpu, 3->3->1 MB, 4 MB goal, 0 MB stacks, 0 MB globals, 8 P
gc 6139 @50.978s 3%: 0.052+0.40+0.11 ms clock, 0.41+0.74/0.56/0+0.88 ms cpu, 3->3->1 MB, 4 MB goal, 0 MB stacks, 0 MB globals, 8 P
gc 6140 @50.980s 3%: 0.085+0.59+0.082 ms clock, 0.68+0.51/0.61/0+0.65 ms cpu, 3->3->1 MB, 4 MB goal, 0 MB stacks, 0 MB globals, 8 P
gc 6141 @50.983s 3%: 0.12+0.47+0.074 ms clock, 1.0+0.67/0.54/0+0.59 ms cpu, 3->3->1 MB, 4 MB goal, 0 MB stacks, 0 MB globals, 8 P
gc 6142 @50.986s 3%: 0.081+0.77+0.084 ms clock, 0.65+0.70/0.63/0+0.67 ms cpu, 3->3->1 MB, 4 MB goal, 0 MB stacks, 0 MB globals, 8 P
gc 6143 @50.989s 3%: 0.12+0.41+0.10 ms clock, 0.96+0.67/0.55/0+0.82 ms cpu, 3->3->1 MB, 4 MB goal, 0 MB stacks, 0 MB globals, 8 P
gc 6144 @50.992s 3%: 0.12+0.57+0.10 ms clock, 1.0+0.73/0.61/0+0.82 ms cpu, 3->3->1 MB, 4 MB goal, 0 MB stacks, 0 MB globals, 8 P
gc 6145 @50.994s 3%: 0.087+0.44+0.076 ms clock, 0.69+0.71/0.60/0+0.60 ms cpu, 3->3->1 MB, 4 MB goal, 0 MB stacks, 0 MB globals, 8 P
gc 6146 @50.997s 3%: 0.075+0.62+0.094 ms clock, 0.60+0.68/0.56/0+0.75 ms cpu, 3->3->1 MB, 4 MB goal, 0 MB stacks, 0 MB globals, 8 P
gc 6147 @51.000s 3%: 0.10+0.52+0.048 ms clock, 0.83+0.62/0.52/0+0.38 ms cpu, 3->3->1 MB, 4 MB goal, 0 MB stacks, 0 MB globals, 8 P
gc 6148 @51.003s 3%: 0.060+0.68+0.080 ms clock, 0.48+0.67/0.50/0+0.64 ms cpu, 3->3->1 MB, 4 MB goal, 0 MB stacks, 0 MB globals, 8 P
gc 6149 @51.005s 3%: 0.10+0.96+0.073 ms clock, 0.87+0.62/0.67/0+0.58 ms cpu, 3->4->1 MB, 4 MB goal, 0 MB stacks, 0 MB globals, 8 P
gc 6150 @51.008s 3%: 0.11+0.41+0.095 ms clock, 0.88+0.77/0.47/0+0.76 ms cpu, 3->3->1 MB, 4 MB goal, 0 MB stacks, 0 MB globals, 8 P
gc 6151 @51.011s 3%: 0.12+1.1+0.090 ms clock, 0.99+0.68/0.62/0+0.72 ms cpu, 3->4->1 MB, 4 MB goal, 0 MB stacks, 0 MB globals, 8 P
gc 6152 @51.014s 3%: 0.10+0.49+0.085 ms clock, 0.83+0.68/0.59/0+0.68 ms cpu, 3->3->1 MB, 4 MB goal, 0 MB stacks, 0 MB globals, 8 P
gc 6153 @51.017s 3%: 0.10+0.48+0.11 ms clock, 0.85+0.73/0.59/0+0.90 ms cpu, 3->3->1 MB, 4 MB goal, 0 MB stacks, 0 MB globals, 8 P
gc 6154 @51.019s 3%: 0.10+0.53+0.091 ms clock, 0.84+0.67/0.64/0+0.72 ms cpu, 3->3->1 MB, 4 MB goal, 0 MB stacks, 0 MB globals, 8 P
gc 6155 @51.022s 3%: 0.14+0.47+0.098 ms clock, 1.1+0.63/0.63/0+0.78 ms cpu, 3->3->1 MB, 4 MB goal, 0 MB stacks, 0 MB globals, 8 P
gc 6156 @51.025s 3%: 0.064+0.65+0.067 ms clock, 0.51+0.65/0.68/0+0.54 ms cpu, 3->3->1 MB, 4 MB goal, 0 MB stacks, 0 MB globals, 8 P
gc 6157 @51.028s 3%: 0.078+0.55+0.042 ms clock, 0.62+0.60/0.58/0+0.34 ms cpu, 3->3->1 MB, 4 MB goal, 0 MB stacks, 0 MB globals, 8 P
gc 6158 @51.031s 3%: 0.14+0.67+0.10 ms clock, 1.1+0.67/0.59/0+0.82 ms cpu, 3->3->1 MB, 4 MB goal, 0 MB stacks, 0 MB globals, 8 P
gc 6159 @51.033s 3%: 0.072+0.44+0.047 ms clock, 0.57+0.76/0.50/0+0.37 ms cpu, 3->3->1 MB, 4 MB goal, 0 MB stacks, 0 MB globals, 8 P
gc 6160 @51.036s 3%: 0.098+0.51+0.052 ms clock, 0.78+0.62/0.67/0+0.41 ms cpu, 3->3->1 MB, 4 MB goal, 0 MB stacks, 0 MB globals, 8 P
gc 6161 @51.039s 3%: 0.099+0.85+0.12 ms clock, 0.79+0.48/0.60/0+0.96 ms cpu, 3->3->1 MB, 4 MB goal, 0 MB stacks, 0 MB globals, 8 P
gc 6162 @51.042s 3%: 0.088+0.45+0.10 ms clock, 0.70+0.78/0.53/0+0.80 ms cpu, 3->3->1 MB, 4 MB goal, 0 MB stacks, 0 MB globals, 8 P
gc 6163 @51.045s 3%: 0.099+0.47+0.049 ms clock, 0.79+0.54/0.60/0+0.39 ms cpu, 3->3->1 MB, 4 MB goal, 0 MB stacks, 0 MB globals, 8 P
gc 6164 @51.047s 3%: 0.12+0.46+0.083 ms clock, 0.99+0.67/0.54/0+0.66 ms cpu, 3->3->1 MB, 4 MB goal, 0 MB stacks, 0 MB globals, 8 P
gc 6165 @51.050s 3%: 0.082+0.54+0.11 ms clock, 0.66+0.67/0.56/0+0.90 ms cpu, 3->3->1 MB, 4 MB goal, 0 MB stacks, 0 MB globals, 8 P
gc 6166 @51.053s 3%: 0.075+0.57+0.085 ms clock, 0.60+0.52/0.73/0+0.68 ms cpu, 3->3->1 MB, 4 MB goal, 0 MB stacks, 0 MB globals, 8 P
gc 6167 @51.055s 3%: 0.10+0.55+0.093 ms clock, 0.85+0.64/0.68/0+0.74 ms cpu, 3->3->1 MB, 4 MB goal, 0 MB stacks, 0 MB globals, 8 P
gc 6168 @51.058s 3%: 0.092+0.51+0.11 ms clock, 0.74+0.64/0.58/0+0.94 ms cpu, 3->3->1 MB, 4 MB goal, 0 MB stacks, 0 MB globals, 8 P
gc 6169 @51.061s 3%: 0.067+0.48+0.12 ms clock, 0.54+0.74/0.60/0+0.98 ms cpu, 3->3->1 MB, 4 MB goal, 0 MB stacks, 0 MB globals, 8 P
gc 6170 @51.064s 3%: 0.099+0.45+0.073 ms clock, 0.79+0.66/0.61/0+0.58 ms cpu, 3->3->1 MB, 4 MB goal, 0 MB stacks, 0 MB globals, 8 P
gc 6171 @51.067s 3%: 0.087+0.54+0.093 ms clock, 0.70+0.66/0.54/0+0.74 ms cpu, 3->3->1 MB, 4 MB goal, 0 MB stacks, 0 MB globals, 8 P
gc 6172 @51.069s 3%: 0.061+0.55+0.094 ms clock, 0.48+0.58/0.67/0+0.75 ms cpu, 3->3->1 MB, 4 MB goal, 0 MB stacks, 0 MB globals, 8 P
gc 6173 @51.072s 3%: 0.12+0.52+0.088 ms clock, 0.99+0.69/0.55/0+0.70 ms cpu, 3->3->1 MB, 4 MB goal, 0 MB stacks, 0 MB globals, 8 P
gc 6174 @51.075s 3%: 0.087+0.64+0.059 ms clock, 0.69+0.54/0.67/0+0.47 ms cpu, 3->3->1 MB, 4 MB goal, 0 MB stacks, 0 MB globals, 8 P
gc 6175 @51.078s 3%: 0.11+0.75+0.060 ms clock, 0.90+0.59/0.67/0+0.48 ms cpu, 3->3->1 MB, 4 MB goal, 0 MB stacks, 0 MB globals, 8 P
gc 6176 @51.081s 3%: 0.093+0.98+0.056 ms clock, 0.74+0.71/0.63/0+0.45 ms cpu, 3->3->1 MB, 4 MB goal, 0 MB stacks, 0 MB globals, 8 P
gc 6177 @51.083s 3%: 0.12+0.89+0.020 ms clock, 0.96+0.66/0.48/0+0.16 ms cpu, 3->3->1 MB, 4 MB goal, 0 MB stacks, 0 MB globals, 8 P
gc 6178 @51.086s 3%: 0.093+0.47+0.096 ms clock, 0.75+0.59/0.57/0+0.77 ms cpu, 3->3->1 MB, 4 MB goal, 0 MB stacks, 0 MB globals, 8 P
gc 6179 @51.089s 3%: 0.10+0.52+0.079 ms clock, 0.86+0.63/0.73/0+0.63 ms cpu, 3->3->1 MB, 4 MB goal, 0 MB stacks, 0 MB globals, 8 P
gc 6180 @51.092s 3%: 0.088+0.56+0.083 ms clock, 0.71+0.63/0.59/0+0.67 ms cpu, 3->3->1 MB, 4 MB goal, 0 MB stacks, 0 MB globals, 8 P
gc 6181 @51.095s 3%: 0.12+0.74+0.10 ms clock, 0.99+0.68/0.63/0+0.86 ms cpu, 3->3->1 MB, 4 MB goal, 0 MB stacks, 0 MB globals, 8 P
gc 6182 @51.097s 3%: 0.12+0.59+0.10 ms clock, 0.96+0.49/0.59/0+0.80 ms cpu, 3->3->1 MB, 4 MB goal, 0 MB stacks, 0 MB globals, 8 P
gc 6183 @51.100s 3%: 0.096+0.45+0.043 ms clock, 0.77+0.66/0.53/0+0.34 ms cpu, 3->3->1 MB, 4 MB goal, 0 MB stacks, 0 MB globals, 8 P
gc 6184 @51.103s 3%: 0.082+0.51+0.064 ms clock, 0.65+0.75/0.62/0+0.51 ms cpu, 3->3->1 MB, 4 MB goal, 0 MB stacks, 0 MB globals, 8 P
gc 6185 @51.106s 3%: 0.078+0.52+0.090 ms clock, 0.62+0.61/0.67/0+0.72 ms cpu, 3->3->1 MB, 4 MB goal, 0 MB stacks, 0 MB globals, 8 P
gc 6186 @51.108s 3%: 0.061+0.67+0.053 ms clock, 0.49+0.66/0.51/0+0.42 ms cpu, 3->3->1 MB, 4 MB goal, 0 MB stacks, 0 MB globals, 8 P
gc 6187 @51.111s 3%: 0.11+0.47+0.074 ms clock, 0.88+0.55/0.60/0+0.59 ms cpu, 3->3->1 MB, 4 MB goal, 0 MB stacks, 0 MB globals, 8 P
gc 6188 @51.114s 3%: 0.089+0.58+0.099 ms clock, 0.71+0.68/0.70/0+0.79 ms cpu, 3->3->1 MB, 4 MB goal, 0 MB stacks, 0 MB globals, 8 P
gc 6189 @51.117s 3%: 0.093+0.70+0.11 ms clock, 0.74+0.64/0.51/0+0.95 ms cpu, 3->3->1 MB, 4 MB goal, 0 MB stacks, 0 MB globals, 8 P
gc 6190 @51.120s 3%: 0.12+0.56+0.090 ms clock, 1.0+0.61/0.61/0+0.72 ms cpu, 3->3->1 MB, 4 MB goal, 0 MB stacks, 0 MB globals, 8 P
gc 6191 @51.122s 3%: 0.084+0.51+0.097 ms clock, 0.67+0.66/0.73/0+0.78 ms cpu, 3->3->1 MB, 4 MB goal, 0 MB stacks, 0 MB globals, 8 P
gc 6192 @51.125s 3%: 0.11+0.47+0.096 ms clock, 0.88+0.70/0.58/0+0.77 ms cpu, 3->3->1 MB, 4 MB goal, 0 MB stacks, 0 MB globals, 8 P
gc 6193 @51.128s 3%: 0.11+0.42+0.062 ms clock, 0.93+0.60/0.58/0+0.49 ms cpu, 3->3->1 MB, 4 MB goal, 0 MB stacks, 0 MB globals, 8 P
gc 6194 @51.131s 3%: 0.097+0.56+0.10 ms clock, 0.77+0.62/0.64/0+0.80 ms cpu, 3->3->1 MB, 4 MB goal, 0 MB stacks, 0 MB globals, 8 P
gc 6195 @51.133s 3%: 0.10+0.54+0.084 ms clock, 0.83+0.67/0.65/0+0.67 ms cpu, 3->3->1 MB, 4 MB goal, 0 MB stacks, 0 MB globals, 8 P
gc 6196 @51.136s 3%: 0.069+0.79+0.067 ms clock, 0.55+0.72/0.60/0+0.53 ms cpu, 3->3->1 MB, 4 MB goal, 0 MB stacks, 0 MB globals, 8 P
gc 6197 @51.139s 3%: 0.10+0.57+0.094 ms clock, 0.83+0.61/0.70/0+0.75 ms cpu, 3->3->1 MB, 4 MB goal, 0 MB stacks, 0 MB globals, 8 P
gc 6198 @51.142s 3%: 0.026+0.45+0.097 ms clock, 0.21+0.61/0.60/0+0.77 ms cpu, 3->3->1 MB, 4 MB goal, 0 MB stacks, 0 MB globals, 8 P
gc 6199 @51.145s 3%: 0.084+0.70+0.073 ms clock, 0.67+0.73/0.54/0+0.58 ms cpu, 3->3->1 MB, 4 MB goal, 0 MB stacks, 0 MB globals, 8 P
gc 6200 @51.148s 3%: 0.092+0.46+0.053 ms clock, 0.73+0.57/0.57/0+0.42 ms cpu, 3->3->1 MB, 4 MB goal, 0 MB stacks, 0 MB globals, 8 P
gc 6201 @51.150s 3%: 0.093+0.52+0.082 ms clock, 0.75+0.67/0.65/0+0.65 ms cpu, 3->3->1 MB, 4 MB goal, 0 MB stacks, 0 MB globals, 8 P
gc 6202 @51.153s 3%: 0.086+0.78+0.11 ms clock, 0.69+0.49/0.69/0+0.88 ms cpu, 3->3->1 MB, 4 MB goal, 0 MB stacks, 0 MB globals, 8 P
gc 6203 @51.156s 3%: 0.10+0.47+0.11 ms clock, 0.87+0.66/0.61/0+0.89 ms cpu, 3->3->1 MB, 4 MB goal, 0 MB stacks, 0 MB globals, 8 P
gc 6204 @51.159s 3%: 0.13+0.65+0.10 ms clock, 1.0+0.46/0.62/0+0.83 ms cpu, 3->3->1 MB, 4 MB goal, 0 MB stacks, 0 MB globals, 8 P
gc 6205 @51.162s 3%: 0.095+0.63+0.061 ms clock, 0.76+0.60/0.54/0+0.49 ms cpu, 3->3->1 MB, 4 MB goal, 0 MB stacks, 0 MB globals, 8 P
gc 6206 @51.164s 3%: 0.073+0.66+0.098 ms clock, 0.59+0.61/0.57/0+0.78 ms cpu, 3->3->1 MB, 4 MB goal, 0 MB stacks, 0 MB globals, 8 P
gc 6207 @51.167s 3%: 0.12+0.52+0.094 ms clock, 1.0+0.65/0.62/0+0.75 ms cpu, 3->3->1 MB, 4 MB goal, 0 MB stacks, 0 MB globals, 8 P
gc 6208 @51.170s 3%: 0.11+0.81+0.057 ms clock, 0.90+0.54/0.53/0+0.46 ms cpu, 3->3->1 MB, 4 MB goal, 0 MB stacks, 0 MB globals, 8 P
gc 6209 @51.173s 3%: 0.10+0.52+0.11 ms clock, 0.82+0.66/0.60/0+0.93 ms cpu, 3->3->1 MB, 4 MB goal, 0 MB stacks, 0 MB globals, 8 P
gc 6210 @51.176s 3%: 0.069+0.60+0.10 ms clock, 0.55+0.67/0.59/0+0.81 ms cpu, 3->3->1 MB, 4 MB goal, 0 MB stacks, 0 MB globals, 8 P
gc 6211 @51.178s 3%: 0.085+0.55+0.045 ms clock, 0.68+0.59/0.68/0+0.36 ms cpu, 3->3->1 MB, 4 MB goal, 0 MB stacks, 0 MB globals, 8 P
gc 6212 @51.181s 3%: 0.12+0.41+0.058 ms clock, 0.96+0.68/0.61/0+0.46 ms cpu, 3->3->1 MB, 4 MB goal, 0 MB stacks, 0 MB globals, 8 P
gc 6213 @51.184s 3%: 0.11+0.61+0.047 ms clock, 0.89+0.71/0.62/0+0.38 ms cpu, 3->3->1 MB, 4 MB goal, 0 MB stacks, 0 MB globals, 8 P
gc 6214 @51.187s 3%: 0.10+0.62+0.059 ms clock, 0.84+0.64/0.71/0+0.47 ms cpu, 3->3->1 MB, 4 MB goal, 0 MB stacks, 0 MB globals, 8 P
gc 6215 @51.190s 3%: 0.079+0.37+0.089 ms clock, 0.63+0.61/0.59/0+0.71 ms cpu, 3->3->1 MB, 4 MB goal, 0 MB stacks, 0 MB globals, 8 P
gc 6216 @51.192s 3%: 0.081+0.86+0.056 ms clock, 0.65+0.63/0.58/0+0.45 ms cpu, 3->3->1 MB, 4 MB goal, 0 MB stacks, 0 MB globals, 8 P
gc 6217 @51.195s 3%: 0.11+0.82+0.085 ms clock, 0.94+0.48/0.61/0+0.68 ms cpu, 3->3->1 MB, 4 MB goal, 0 MB stacks, 0 MB globals, 8 P
gc 6218 @51.198s 3%: 0.10+0.52+0.11 ms clock, 0.86+0.64/0.60/0+0.94 ms cpu, 3->3->1 MB, 4 MB goal, 0 MB stacks, 0 MB globals, 8 P
gc 6219 @51.201s 3%: 0.064+0.48+0.081 ms clock, 0.51+0.67/0.52/0+0.65 ms cpu, 3->3->1 MB, 4 MB goal, 0 MB stacks, 0 MB globals, 8 P
gc 6220 @51.204s 3%: 0.086+0.46+0.061 ms clock, 0.69+0.66/0.67/0+0.48 ms cpu, 3->3->1 MB, 4 MB goal, 0 MB stacks, 0 MB globals, 8 P
gc 6221 @51.206s 3%: 0.098+1.2+0.094 ms clock, 0.79+0.56/0.65/0+0.75 ms cpu, 3->3->1 MB, 4 MB goal, 0 MB stacks, 0 MB globals, 8 P
gc 6222 @51.209s 3%: 0.097+0.53+0.047 ms clock, 0.78+0.58/0.66/0+0.37 ms cpu, 3->3->1 MB, 4 MB goal, 0 MB stacks, 0 MB globals, 8 P
gc 6223 @51.212s 3%: 0.097+1.6+0.048 ms clock, 0.78+0.61/0.61/0+0.39 ms cpu, 3->4->1 MB, 4 MB goal, 0 MB stacks, 0 MB globals, 8 P
gc 6224 @51.215s 3%: 0.12+0.61+0.099 ms clock, 0.99+0.62/0.65/0+0.79 ms cpu, 3->3->1 MB, 4 MB goal, 0 MB stacks, 0 MB globals, 8 P
gc 6225 @51.218s 3%: 0.11+0.47+0.099 ms clock, 0.88+0.74/0.49/0+0.79 ms cpu, 3->3->1 MB, 4 MB goal, 0 MB stacks, 0 MB globals, 8 P
gc 6226 @51.220s 3%: 0.16+1.0+0.063 ms clock, 1.3+0.65/0.58/0+0.50 ms cpu, 3->3->1 MB, 4 MB goal, 0 MB stacks, 0 MB globals, 8 P
gc 6227 @51.223s 3%: 0.10+0.57+0.096 ms clock, 0.86+0.51/0.64/0+0.77 ms cpu, 3->3->1 MB, 4 MB goal, 0 MB stacks, 0 MB globals, 8 P
gc 6228 @51.226s 3%: 0.088+0.57+0.077 ms clock, 0.70+0.62/0.70/0+0.62 ms cpu, 3->3->1 MB, 4 MB goal, 0 MB stacks, 0 MB globals, 8 P
gc 6229 @51.229s 3%: 0.093+0.56+0.091 ms clock, 0.74+0.74/0.60/0+0.73 ms cpu, 3->3->1 MB, 4 MB goal, 0 MB stacks, 0 MB globals, 8 P
gc 6230 @51.232s 3%: 0.11+0.54+0.092 ms clock, 0.90+0.63/0.66/0+0.73 ms cpu, 3->3->1 MB, 4 MB goal, 0 MB stacks, 0 MB globals, 8 P
gc 6231 @51.234s 3%: 0.092+0.77+0.074 ms clock, 0.73+0.62/0.58/0+0.59 ms cpu, 3->3->1 MB, 4 MB goal, 0 MB stacks, 0 MB globals, 8 P
gc 6232 @51.237s 3%: 0.10+0.60+0.10 ms clock, 0.84+0.62/0.70/0+0.81 ms cpu, 3->3->1 MB, 4 MB goal, 0 MB stacks, 0 MB globals, 8 P
gc 6233 @51.240s 3%: 0.088+0.74+0.082 ms clock, 0.70+0.63/0.73/0+0.65 ms cpu, 3->3->1 MB, 4 MB goal, 0 MB stacks, 0 MB globals, 8 P
gc 6234 @51.243s 3%: 0.077+0.67+0.15 ms clock, 0.62+0.71/0.60/0+1.2 ms cpu, 3->3->1 MB, 4 MB goal, 0 MB stacks, 0 MB globals, 8 P
gc 6235 @51.246s 3%: 0.089+0.48+0.11 ms clock, 0.71+0.63/0.64/0+0.89 ms cpu, 3->3->1 MB, 4 MB goal, 0 MB stacks, 0 MB globals, 8 P
gc 6236 @51.249s 3%: 0.12+0.45+0.057 ms clock, 0.97+0.67/0.58/0+0.45 ms cpu, 3->3->1 MB, 4 MB goal, 0 MB stacks, 0 MB globals, 8 P
gc 6237 @51.251s 3%: 0.086+0.46+0.079 ms clock, 0.68+0.74/0.55/0+0.63 ms cpu, 3->3->1 MB, 4 MB goal, 0 MB stacks, 0 MB globals, 8 P
gc 6238 @51.254s 3%: 0.097+0.45+0.089 ms clock, 0.77+0.77/0.58/0+0.71 ms cpu, 3->3->1 MB, 4 MB goal, 0 MB stacks, 0 MB globals, 8 P
gc 6239 @51.257s 3%: 0.10+0.85+0.10 ms clock, 0.81+0.52/0.63/0+0.81 ms cpu, 3->3->1 MB, 4 MB goal, 0 MB stacks, 0 MB globals, 8 P
gc 6240 @51.260s 3%: 0.097+0.43+0.050 ms clock, 0.77+0.57/0.62/0+0.40 ms cpu, 3->3->1 MB, 4 MB goal, 0 MB stacks, 0 MB globals, 8 P
gc 6241 @51.262s 3%: 0.11+0.61+0.10 ms clock, 0.94+0.72/0.55/0+0.82 ms cpu, 3->3->1 MB, 4 MB goal, 0 MB stacks, 0 MB globals, 8 P
gc 6242 @51.265s 3%: 0.089+0.49+0.10 ms clock, 0.71+0.72/0.60/0+0.80 ms cpu, 3->3->1 MB, 4 MB goal, 0 MB stacks, 0 MB globals, 8 P
gc 6243 @51.268s 3%: 0.079+0.51+0.073 ms clock, 0.63+0.77/0.60/0+0.58 ms cpu, 3->3->1 MB, 4 MB goal, 0 MB stacks, 0 MB globals, 8 P
gc 6244 @51.271s 3%: 0.078+0.48+0.058 ms clock, 0.62+0.64/0.61/0+0.46 ms cpu, 3->3->1 MB, 4 MB goal, 0 MB stacks, 0 MB globals, 8 P
gc 6245 @51.273s 3%: 0.10+0.47+0.066 ms clock, 0.84+0.68/0.68/0+0.53 ms cpu, 3->3->1 MB, 4 MB goal, 0 MB stacks, 0 MB globals, 8 P
gc 6246 @51.276s 3%: 0.12+0.50+0.083 ms clock, 0.99+0.60/0.67/0+0.66 ms cpu, 3->3->1 MB, 4 MB goal, 0 MB stacks, 0 MB globals, 8 P
gc 6247 @51.279s 3%: 0.11+0.75+0.082 ms clock, 0.94+0.75/0.57/0+0.66 ms cpu, 3->3->1 MB, 4 MB goal, 0 MB stacks, 0 MB globals, 8 P
gc 6248 @51.282s 3%: 0.085+0.42+0.078 ms clock, 0.68+0.71/0.58/0+0.63 ms cpu, 3->3->1 MB, 4 MB goal, 0 MB stacks, 0 MB globals, 8 P
gc 6249 @51.284s 3%: 0.12+0.65+0.10 ms clock, 0.98+0.51/0.56/0+0.85 ms cpu, 3->3->1 MB, 4 MB goal, 0 MB stacks, 0 MB globals, 8 P
gc 6250 @51.287s 3%: 0.12+0.55+0.12 ms clock, 1.0+0.55/0.67/0+1.0 ms cpu, 3->3->1 MB, 4 MB goal, 0 MB stacks, 0 MB globals, 8 P
gc 6251 @51.290s 3%: 0.10+0.53+0.11 ms clock, 0.83+0.66/0.66/0+0.88 ms cpu, 3->3->1 MB, 4 MB goal, 0 MB stacks, 0 MB globals, 8 P
gc 6252 @51.293s 3%: 0.10+0.56+0.078 ms clock, 0.80+0.72/0.60/0+0.62 ms cpu, 3->3->1 MB, 4 MB goal, 0 MB stacks, 0 MB globals, 8 P
gc 6253 @51.296s 3%: 0.057+0.53+0.085 ms clock, 0.46+0.58/0.67/0+0.68 ms cpu, 3->3->1 MB, 4 MB goal, 0 MB stacks, 0 MB globals, 8 P
gc 6254 @51.298s 3%: 0.059+0.53+0.11 ms clock, 0.47+0.51/0.62/0+0.91 ms cpu, 3->3->1 MB, 4 MB goal, 0 MB stacks, 0 MB globals, 8 P
gc 6255 @51.301s 3%: 0.11+0.53+0.051 ms clock, 0.91+0.68/0.65/0+0.41 ms cpu, 3->3->1 MB, 4 MB goal, 0 MB stacks, 0 MB globals, 8 P
gc 6256 @51.304s 3%: 0.11+0.67+0.086 ms clock, 0.89+0.69/0.65/0+0.69 ms cpu, 3->3->1 MB, 4 MB goal, 0 MB stacks, 0 MB globals, 8 P
gc 6257 @51.307s 3%: 0.10+0.51+0.083 ms clock, 0.80+0.59/0.66/0+0.67 ms cpu, 3->3->1 MB, 4 MB goal, 0 MB stacks, 0 MB globals, 8 P
gc 6258 @51.310s 3%: 0.11+0.60+0.10 ms clock, 0.94+0.70/0.65/0+0.87 ms cpu, 3->3->1 MB, 4 MB goal, 0 MB stacks, 0 MB globals, 8 P
gc 6259 @51.312s 3%: 0.11+0.74+0.026 ms clock, 0.95+0.75/0.65/0.027+0.21 ms cpu, 3->3->1 MB, 4 MB goal, 0 MB stacks, 0 MB globals, 8 P
gc 6260 @51.315s 3%: 0.083+0.51+0.11 ms clock, 0.66+0.71/0.54/0+0.91 ms cpu, 3->3->1 MB, 4 MB goal, 0 MB stacks, 0 MB globals, 8 P
gc 6261 @51.318s 3%: 0.13+0.52+0.049 ms clock, 1.0+0.68/0.70/0+0.39 ms cpu, 3->3->1 MB, 4 MB goal, 0 MB stacks, 0 MB globals, 8 P
gc 6262 @51.321s 3%: 0.082+0.52+0.042 ms clock, 0.66+0.73/0.62/0+0.34 ms cpu, 3->3->1 MB, 4 MB goal, 0 MB stacks, 0 MB globals, 8 P
gc 6263 @51.324s 3%: 0.12+0.51+0.10 ms clock, 1.0+0.57/0.64/0+0.83 ms cpu, 3->3->1 MB, 4 MB goal, 0 MB stacks, 0 MB globals, 8 P
gc 6264 @51.326s 3%: 0.082+0.54+0.095 ms clock, 0.65+0.58/0.62/0+0.76 ms cpu, 3->3->1 MB, 4 MB goal, 0 MB stacks, 0 MB globals, 8 P
gc 6265 @51.329s 3%: 0.065+0.87+0.048 ms clock, 0.52+0.66/0.59/0+0.38 ms cpu, 3->3->1 MB, 4 MB goal, 0 MB stacks, 0 MB globals, 8 P
gc 6266 @51.332s 3%: 0.091+0.50+0.10 ms clock, 0.72+0.66/0.58/0+0.80 ms cpu, 3->3->1 MB, 4 MB goal, 0 MB stacks, 0 MB globals, 8 P
gc 6267 @51.335s 3%: 0.085+0.45+0.091 ms clock, 0.68+0.71/0.52/0+0.73 ms cpu, 3->3->1 MB, 4 MB goal, 0 MB stacks, 0 MB globals, 8 P
gc 6268 @51.337s 3%: 0.081+0.55+0.099 ms clock, 0.64+0.70/0.60/0+0.79 ms cpu, 3->3->1 MB, 4 MB goal, 0 MB stacks, 0 MB globals, 8 P
gc 6269 @51.340s 3%: 0.091+0.48+0.091 ms clock, 0.73+0.67/0.56/0.002+0.72 ms cpu, 3->3->1 MB, 4 MB goal, 0 MB stacks, 0 MB globals, 8 P
gc 6270 @51.343s 3%: 0.086+0.75+0.076 ms clock, 0.69+0.60/0.62/0+0.61 ms cpu, 3->3->1 MB, 4 MB goal, 0 MB stacks, 0 MB globals, 8 P
gc 6271 @51.346s 3%: 0.097+0.49+0.037 ms clock, 0.77+0.70/0.60/0+0.30 ms cpu, 3->3->1 MB, 4 MB goal, 0 MB stacks, 0 MB globals, 8 P
gc 6272 @51.348s 3%: 0.11+0.47+0.050 ms clock, 0.91+0.60/0.65/0+0.40 ms cpu, 3->3->1 MB, 4 MB goal, 0 MB stacks, 0 MB globals, 8 P
gc 6273 @51.351s 3%: 0.12+0.43+0.057 ms clock, 1.0+0.72/0.57/0+0.45 ms cpu, 3->3->1 MB, 4 MB goal, 0 MB stacks, 0 MB globals, 8 P
gc 6274 @51.354s 3%: 0.082+0.52+0.088 ms clock, 0.66+0.70/0.57/0+0.70 ms cpu, 3->3->1 MB, 4 MB goal, 0 MB stacks, 0 MB globals, 8 P
gc 6275 @51.357s 3%: 0.10+0.49+0.11 ms clock, 0.85+0.72/0.57/0+0.92 ms cpu, 3->3->1 MB, 4 MB goal, 0 MB stacks, 0 MB globals, 8 P
gc 6276 @51.359s 3%: 0.074+0.45+0.038 ms clock, 0.59+0.61/0.57/0+0.30 ms cpu, 3->3->1 MB, 4 MB goal, 0 MB stacks, 0 MB globals, 8 P
gc 6277 @51.362s 3%: 0.11+0.34+0.089 ms clock, 0.88+0.73/0.45/0+0.71 ms cpu, 3->3->1 MB, 4 MB goal, 0 MB stacks, 0 MB globals, 8 P
gc 6278 @51.365s 3%: 0.073+0.89+0.073 ms clock, 0.58+0.70/0.54/0+0.58 ms cpu, 3->3->1 MB, 4 MB goal, 0 MB stacks, 0 MB globals, 8 P
gc 6279 @51.368s 3%: 0.064+0.54+0.094 ms clock, 0.51+0.70/0.57/0+0.75 ms cpu, 3->3->1 MB, 4 MB goal, 0 MB stacks, 0 MB globals, 8 P
gc 6280 @51.370s 3%: 0.11+0.38+0.063 ms clock, 0.89+0.67/0.52/0+0.51 ms cpu, 3->3->1 MB, 4 MB goal, 0 MB stacks, 0 MB globals, 8 P
gc 6281 @51.373s 3%: 0.10+0.57+0.097 ms clock, 0.80+0.65/0.70/0+0.77 ms cpu, 3->3->1 MB, 4 MB goal, 0 MB stacks, 0 MB globals, 8 P
gc 6282 @51.376s 3%: 0.12+0.76+0.10 ms clock, 1.0+0.64/0.60/0+0.87 ms cpu, 3->3->1 MB, 4 MB goal, 0 MB stacks, 0 MB globals, 8 P
gc 6283 @51.379s 3%: 0.053+0.47+0.099 ms clock, 0.43+0.69/0.65/0+0.79 ms cpu, 3->3->1 MB, 4 MB goal, 0 MB stacks, 0 MB globals, 8 P
gc 6284 @51.381s 3%: 0.11+0.66+0.061 ms clock, 0.94+1.0/0.77/0+0.49 ms cpu, 3->3->1 MB, 4 MB goal, 0 MB stacks, 0 MB globals, 8 P
gc 6285 @51.384s 3%: 0.11+0.50+0.063 ms clock, 0.92+0.66/0.53/0+0.50 ms cpu, 3->3->1 MB, 4 MB goal, 0 MB stacks, 0 MB globals, 8 P
gc 6286 @51.387s 3%: 0.13+0.49+0.080 ms clock, 1.0+0.54/0.65/0+0.64 ms cpu, 3->3->1 MB, 4 MB goal, 0 MB stacks, 0 MB globals, 8 P
gc 6287 @51.390s 3%: 0.10+0.66+0.093 ms clock, 0.81+0.77/0.64/0+0.74 ms cpu, 3->3->1 MB, 4 MB goal, 0 MB stacks, 0 MB globals, 8 P
gc 6288 @51.393s 3%: 0.059+0.47+0.047 ms clock, 0.47+0.70/0.65/0+0.37 ms cpu, 3->3->1 MB, 4 MB goal, 0 MB stacks, 0 MB globals, 8 P
gc 6289 @51.395s 3%: 0.13+0.76+0.080 ms clock, 1.0+0.67/0.54/0+0.64 ms cpu, 3->3->1 MB, 4 MB goal, 0 MB stacks, 0 MB globals, 8 P
gc 6290 @51.398s 3%: 0.089+0.62+0.090 ms clock, 0.71+0.62/0.66/0+0.72 ms cpu, 3->3->1 MB, 4 MB goal, 0 MB stacks, 0 MB globals, 8 P
gc 6291 @51.401s 3%: 0.078+0.50+0.050 ms clock, 0.62+0.66/0.61/0+0.40 ms cpu, 3->3->1 MB, 4 MB goal, 0 MB stacks, 0 MB globals, 8 P
gc 6292 @51.404s 3%: 0.11+0.56+0.10 ms clock, 0.93+0.59/0.72/0+0.81 ms cpu, 3->3->1 MB, 4 MB goal, 0 MB stacks, 0 MB globals, 8 P
gc 6293 @51.407s 3%: 0.12+0.53+0.072 ms clock, 0.97+0.59/0.60/0+0.57 ms cpu, 3->3->1 MB, 4 MB goal, 0 MB stacks, 0 MB globals, 8 P
gc 6294 @51.409s 3%: 0.10+0.42+0.10 ms clock, 0.87+0.85/0.53/0+0.81 ms cpu, 3->3->1 MB, 4 MB goal, 0 MB stacks, 0 MB globals, 8 P
gc 6295 @51.412s 3%: 0.092+0.40+0.054 ms clock, 0.73+0.58/0.44/0+0.43 ms cpu, 3->3->1 MB, 4 MB goal, 0 MB stacks, 0 MB globals, 8 P
gc 6296 @51.415s 3%: 0.094+0.45+0.066 ms clock, 0.75+0.61/0.56/0+0.53 ms cpu, 3->3->1 MB, 4 MB goal, 0 MB stacks, 0 MB globals, 8 P
gc 6297 @51.418s 3%: 0.093+0.50+0.11 ms clock, 0.74+0.56/0.54/0+0.93 ms cpu, 3->3->1 MB, 4 MB goal, 0 MB stacks, 0 MB globals, 8 P
gc 6298 @51.420s 3%: 0.096+0.73+0.060 ms clock, 0.77+0.69/0.62/0+0.48 ms cpu, 3->3->1 MB, 4 MB goal, 0 MB stacks, 0 MB globals, 8 P
gc 6299 @51.423s 3%: 0.10+0.46+0.099 ms clock, 0.84+0.55/0.61/0+0.79 ms cpu, 3->3->1 MB, 4 MB goal, 0 MB stacks, 0 MB globals, 8 P
gc 6300 @51.426s 3%: 0.071+0.85+0.063 ms clock, 0.57+0.56/0.67/0+0.50 ms cpu, 3->3->1 MB, 4 MB goal, 0 MB stacks, 0 MB globals, 8 P
gc 6301 @51.429s 3%: 0.10+0.51+0.10 ms clock, 0.85+0.66/0.68/0+0.82 ms cpu, 3->3->1 MB, 4 MB goal, 0 MB stacks, 0 MB globals, 8 P
gc 6302 @51.432s 3%: 0.10+0.56+0.092 ms clock, 0.84+0.69/0.62/0+0.73 ms cpu, 3->3->1 MB, 4 MB goal, 0 MB stacks, 0 MB globals, 8 P
gc 6303 @51.434s 3%: 0.072+0.54+0.11 ms clock, 0.58+0.68/0.70/0+0.89 ms cpu, 3->3->1 MB, 4 MB goal, 0 MB stacks, 0 MB globals, 8 P
gc 6304 @51.437s 3%: 0.11+0.54+0.079 ms clock, 0.90+0.64/0.73/0+0.63 ms cpu, 3->3->1 MB, 4 MB goal, 0 MB stacks, 0 MB globals, 8 P
gc 6305 @51.440s 3%: 0.10+0.49+0.085 ms clock, 0.84+0.66/0.57/0+0.68 ms cpu, 3->3->1 MB, 4 MB goal, 0 MB stacks, 0 MB globals, 8 P
gc 6306 @51.443s 3%: 0.12+0.59+0.084 ms clock, 1.0+0.64/0.62/0+0.67 ms cpu, 3->3->1 MB, 4 MB goal, 0 MB stacks, 0 MB globals, 8 P
gc 6307 @51.445s 3%: 0.070+0.75+0.067 ms clock, 0.56+0.63/0.62/0+0.53 ms cpu, 3->3->1 MB, 4 MB goal, 0 MB stacks, 0 MB globals, 8 P
gc 6308 @51.448s 3%: 0.11+0.74+0.090 ms clock, 0.92+0.63/0.65/0+0.72 ms cpu, 3->3->1 MB, 4 MB goal, 0 MB stacks, 0 MB globals, 8 P
gc 6309 @51.451s 3%: 0.094+0.91+0.097 ms clock, 0.75+1.1/0.67/0+0.78 ms cpu, 3->4->1 MB, 4 MB goal, 0 MB stacks, 0 MB globals, 8 P
gc 6310 @51.454s 3%: 0.10+0.38+0.096 ms clock, 0.81+0.71/0.53/0+0.76 ms cpu, 3->3->1 MB, 4 MB goal, 0 MB stacks, 0 MB globals, 8 P
gc 6311 @51.457s 3%: 0.10+0.52+0.067 ms clock, 0.83+0.71/0.61/0+0.54 ms cpu, 3->3->1 MB, 4 MB goal, 0 MB stacks, 0 MB globals, 8 P
gc 6312 @51.460s 3%: 0.091+0.51+0.060 ms clock, 0.73+0.67/0.62/0+0.48 ms cpu, 3->3->1 MB, 4 MB goal, 0 MB stacks, 0 MB globals, 8 P
gc 6313 @51.462s 3%: 0.074+0.67+0.077 ms clock, 0.59+0.79/0.59/0+0.61 ms cpu, 3->3->1 MB, 4 MB goal, 0 MB stacks, 0 MB globals, 8 P
gc 6314 @51.465s 3%: 0.095+0.95+0.069 ms clock, 0.76+0.49/0.69/0+0.55 ms cpu, 3->3->1 MB, 4 MB goal, 0 MB stacks, 0 MB globals, 8 P
gc 6315 @51.468s 3%: 0.093+0.60+0.10 ms clock, 0.74+0.67/0.75/0+0.80 ms cpu, 3->3->1 MB, 4 MB goal, 0 MB stacks, 0 MB globals, 8 P
gc 6316 @51.471s 3%: 0.10+0.45+0.067 ms clock, 0.82+0.71/0.55/0+0.54 ms cpu, 3->3->1 MB, 4 MB goal, 0 MB stacks, 0 MB globals, 8 P
gc 6317 @51.474s 3%: 0.12+0.82+0.10 ms clock, 1.0+0.63/0.69/0+0.82 ms cpu, 3->3->1 MB, 4 MB goal, 0 MB stacks, 0 MB globals, 8 P
gc 6318 @51.476s 3%: 0.086+0.56+0.12 ms clock, 0.69+0.65/0.67/0+0.97 ms cpu, 3->3->1 MB, 4 MB goal, 0 MB stacks, 0 MB globals, 8 P
gc 6319 @51.479s 3%: 0.089+0.45+0.085 ms clock, 0.71+0.68/0.56/0+0.68 ms cpu, 3->3->1 MB, 4 MB goal, 0 MB stacks, 0 MB globals, 8 P
gc 6320 @51.482s 3%: 0.054+0.61+0.10 ms clock, 0.43+0.58/0.62/0+0.86 ms cpu, 3->3->1 MB, 4 MB goal, 0 MB stacks, 0 MB globals, 8 P
gc 6321 @51.485s 3%: 0.072+0.44+0.088 ms clock, 0.58+0.62/0.51/0.073+0.70 ms cpu, 3->3->1 MB, 4 MB goal, 0 MB stacks, 0 MB globals, 8 P
gc 6322 @51.487s 3%: 0.083+0.47+0.098 ms clock, 0.66+0.71/0.61/0+0.78 ms cpu, 3->3->1 MB, 4 MB goal, 0 MB stacks, 0 MB globals, 8 P
gc 6323 @51.490s 3%: 0.064+0.36+0.039 ms clock, 0.51+0.74/0.50/0+0.31 ms cpu, 3->3->1 MB, 4 MB goal, 0 MB stacks, 0 MB globals, 8 P
gc 6324 @51.493s 3%: 0.10+0.44+0.097 ms clock, 0.84+0.68/0.64/0+0.77 ms cpu, 3->3->1 MB, 4 MB goal, 0 MB stacks, 0 MB globals, 8 P
gc 6325 @51.496s 3%: 0.084+0.45+0.11 ms clock, 0.67+0.55/0.58/0+0.90 ms cpu, 3->3->1 MB, 4 MB goal, 0 MB stacks, 0 MB globals, 8 P
gc 6326 @51.498s 3%: 0.10+0.47+0.095 ms clock, 0.85+0.59/0.61/0+0.76 ms cpu, 3->3->1 MB, 4 MB goal, 0 MB stacks, 0 MB globals, 8 P
gc 6327 @51.501s 3%: 0.080+0.50+0.068 ms clock, 0.64+0.50/0.62/0+0.54 ms cpu, 3->3->1 MB, 4 MB goal, 0 MB stacks, 0 MB globals, 8 P
gc 6328 @51.504s 3%: 0.11+0.45+0.055 ms clock, 0.95+0.72/0.53/0+0.44 ms cpu, 3->3->1 MB, 4 MB goal, 0 MB stacks, 0 MB globals, 8 P
gc 6329 @51.507s 3%: 0.079+0.55+0.097 ms clock, 0.63+0.71/0.59/0+0.78 ms cpu, 3->3->1 MB, 4 MB goal, 0 MB stacks, 0 MB globals, 8 P
gc 6330 @51.510s 3%: 0.085+0.50+0.082 ms clock, 0.68+0.70/0.60/0+0.66 ms cpu, 3->3->1 MB, 4 MB goal, 0 MB stacks, 0 MB globals, 8 P
gc 6331 @51.512s 3%: 0.11+0.57+0.080 ms clock, 0.88+0.65/0.59/0+0.64 ms cpu, 3->3->1 MB, 4 MB goal, 0 MB stacks, 0 MB globals, 8 P
gc 6332 @51.515s 3%: 0.061+0.92+0.053 ms clock, 0.49+0.69/0.58/0+0.43 ms cpu, 3->3->1 MB, 4 MB goal, 0 MB stacks, 0 MB globals, 8 P
gc 6333 @51.518s 3%: 0.095+0.52+0.11 ms clock, 0.76+0.76/0.53/0+0.90 ms cpu, 3->3->1 MB, 4 MB goal, 0 MB stacks, 0 MB globals, 8 P
gc 6334 @51.521s 3%: 0.086+0.57+0.081 ms clock, 0.69+0.71/0.66/0+0.64 ms cpu, 3->3->1 MB, 4 MB goal, 0 MB stacks, 0 MB globals, 8 P
gc 6335 @51.524s 3%: 0.13+0.52+0.12 ms clock, 1.0+0.60/0.66/0+0.98 ms cpu, 3->3->1 MB, 4 MB goal, 0 MB stacks, 0 MB globals, 8 P
gc 6336 @51.526s 3%: 0.13+0.50+0.091 ms clock, 1.0+0.77/0.57/0+0.73 ms cpu, 3->3->1 MB, 4 MB goal, 0 MB stacks, 0 MB globals, 8 P
gc 6337 @51.529s 3%: 0.076+0.40+0.087 ms clock, 0.60+0.67/0.51/0+0.69 ms cpu, 3->3->1 MB, 4 MB goal, 0 MB stacks, 0 MB globals, 8 P
gc 6338 @51.532s 3%: 0.10+0.54+0.098 ms clock, 0.81+0.63/0.63/0+0.79 ms cpu, 3->3->1 MB, 4 MB goal, 0 MB stacks, 0 MB globals, 8 P
gc 6339 @51.534s 3%: 0.088+0.48+0.087 ms clock, 0.71+0.67/0.60/0+0.70 ms cpu, 3->3->1 MB, 4 MB goal, 0 MB stacks, 0 MB globals, 8 P
gc 6340 @51.537s 3%: 0.11+0.62+0.096 ms clock, 0.92+0.51/0.81/0+0.77 ms cpu, 3->3->1 MB, 4 MB goal, 0 MB stacks, 0 MB globals, 8 P
gc 6341 @51.540s 3%: 0.084+0.92+0.071 ms clock, 0.67+0.62/0.63/0+0.56 ms cpu, 3->4->1 MB, 4 MB goal, 0 MB stacks, 0 MB globals, 8 P
gc 6342 @51.543s 3%: 0.091+0.54+0.079 ms clock, 0.73+0.60/0.62/0+0.63 ms cpu, 3->3->1 MB, 4 MB goal, 0 MB stacks, 0 MB globals, 8 P
gc 6343 @51.546s 3%: 0.089+0.50+0.061 ms clock, 0.71+0.61/0.62/0+0.49 ms cpu, 3->3->1 MB, 4 MB goal, 0 MB stacks, 0 MB globals, 8 P
gc 6344 @51.548s 3%: 0.12+0.47+0.10 ms clock, 1.0+0.74/0.59/0+0.85 ms cpu, 3->3->1 MB, 4 MB goal, 0 MB stacks, 0 MB globals, 8 P
gc 6345 @51.551s 3%: 0.077+0.49+0.087 ms clock, 0.62+0.72/0.70/0+0.69 ms cpu, 3->3->1 MB, 4 MB goal, 0 MB stacks, 0 MB globals, 8 P
gc 6346 @51.554s 3%: 0.078+0.51+0.10 ms clock, 0.63+0.66/0.64/0+0.87 ms cpu, 3->3->1 MB, 4 MB goal, 0 MB stacks, 0 MB globals, 8 P
gc 6347 @51.557s 3%: 0.095+0.60+0.068 ms clock, 0.76+0.65/0.63/0+0.54 ms cpu, 3->3->1 MB, 4 MB goal, 0 MB stacks, 0 MB globals, 8 P
gc 6348 @51.560s 3%: 0.074+0.65+0.090 ms clock, 0.59+0.50/0.60/0.001+0.72 ms cpu, 3->3->1 MB, 4 MB goal, 0 MB stacks, 0 MB globals, 8 P
gc 6349 @51.562s 3%: 0.067+0.59+0.017 ms clock, 0.53+0.76/0.59/0+0.13 ms cpu, 3->3->1 MB, 4 MB goal, 0 MB stacks, 0 MB globals, 8 P
gc 6350 @51.565s 3%: 0.079+0.53+0.10 ms clock, 0.63+0.66/0.59/0+0.86 ms cpu, 3->3->1 MB, 4 MB goal, 0 MB stacks, 0 MB globals, 8 P
gc 6351 @51.568s 3%: 0.11+0.49+0.062 ms clock, 0.88+0.63/0.62/0+0.49 ms cpu, 3->3->1 MB, 4 MB goal, 0 MB stacks, 0 MB globals, 8 P
gc 6352 @51.571s 3%: 0.11+0.56+0.12 ms clock, 0.94+0.60/0.65/0+0.97 ms cpu, 3->3->1 MB, 4 MB goal, 0 MB stacks, 0 MB globals, 8 P
gc 6353 @51.573s 3%: 0.12+0.55+0.036 ms clock, 0.97+0.69/0.62/0+0.29 ms cpu, 3->3->1 MB, 4 MB goal, 0 MB stacks, 0 MB globals, 8 P
gc 6354 @51.576s 3%: 0.088+0.42+0.057 ms clock, 0.70+0.71/0.52/0+0.45 ms cpu, 3->3->1 MB, 4 MB goal, 0 MB stacks, 0 MB globals, 8 P
gc 6355 @51.579s 3%: 0.092+0.90+0.087 ms clock, 0.74+0.61/0.71/0+0.70 ms cpu, 3->3->1 MB, 4 MB goal, 0 MB stacks, 0 MB globals, 8 P
gc 6356 @51.582s 3%: 0.089+0.54+0.042 ms clock, 0.71+0.67/0.68/0+0.34 ms cpu, 3->3->1 MB, 4 MB goal, 0 MB stacks, 0 MB globals, 8 P
gc 6357 @51.585s 3%: 0.085+0.79+0.079 ms clock, 0.68+0.58/0.63/0+0.63 ms cpu, 3->3->1 MB, 4 MB goal, 0 MB stacks, 0 MB globals, 8 P
gc 6358 @51.587s 3%: 0.11+0.46+0.099 ms clock, 0.90+0.63/0.58/0+0.79 ms cpu, 3->3->1 MB, 4 MB goal, 0 MB stacks, 0 MB globals, 8 P
gc 6359 @51.590s 3%: 0.067+0.55+0.074 ms clock, 0.54+0.61/0.77/0+0.59 ms cpu, 3->3->1 MB, 4 MB goal, 0 MB stacks, 0 MB globals, 8 P
gc 6360 @51.593s 3%: 0.075+0.46+0.094 ms clock, 0.60+0.70/0.61/0+0.75 ms cpu, 3->3->1 MB, 4 MB goal, 0 MB stacks, 0 MB globals, 8 P
gc 6361 @51.596s 3%: 0.083+0.48+0.098 ms clock, 0.67+0.57/0.57/0+0.78 ms cpu, 3->3->1 MB, 4 MB goal, 0 MB stacks, 0 MB globals, 8 P
gc 6362 @51.598s 3%: 0.090+0.50+0.088 ms clock, 0.72+0.45/0.67/0+0.71 ms cpu, 3->3->1 MB, 4 MB goal, 0 MB stacks, 0 MB globals, 8 P
gc 6363 @51.601s 3%: 0.093+0.49+0.094 ms clock, 0.74+0.70/0.64/0+0.75 ms cpu, 3->3->1 MB, 4 MB goal, 0 MB stacks, 0 MB globals, 8 P
gc 6364 @51.604s 3%: 0.13+0.80+0.055 ms clock, 1.0+0.32/0.77/0+0.44 ms cpu, 3->3->1 MB, 4 MB goal, 0 MB stacks, 0 MB globals, 8 P
gc 6365 @51.607s 3%: 0.11+0.38+0.045 ms clock, 0.90+0.58/0.49/0+0.36 ms cpu, 3->3->1 MB, 4 MB goal, 0 MB stacks, 0 MB globals, 8 P
gc 6366 @51.609s 3%: 0.099+0.80+0.043 ms clock, 0.79+0.58/0.60/0+0.35 ms cpu, 3->3->1 MB, 4 MB goal, 0 MB stacks, 0 MB globals, 8 P
gc 6367 @51.612s 3%: 0.069+0.48+0.087 ms clock, 0.55+0.58/0.50/0+0.70 ms cpu, 3->3->1 MB, 4 MB goal, 0 MB stacks, 0 MB globals, 8 P
gc 6368 @51.615s 3%: 0.064+0.42+0.076 ms clock, 0.51+0.65/0.49/0+0.61 ms cpu, 3->3->1 MB, 4 MB goal, 0 MB stacks, 0 MB globals, 8 P
gc 6369 @51.618s 3%: 0.095+0.37+0.10 ms clock, 0.76+0.55/0.54/0+0.83 ms cpu, 3->3->1 MB, 4 MB goal, 0 MB stacks, 0 MB globals, 8 P
gc 6370 @51.620s 3%: 0.093+0.55+0.081 ms clock, 0.74+0.69/0.56/0+0.64 ms cpu, 3->3->1 MB, 4 MB goal, 0 MB stacks, 0 MB globals, 8 P
gc 6371 @51.623s 3%: 0.10+0.92+0.098 ms clock, 0.80+0.52/0.64/0+0.78 ms cpu, 3->3->1 MB, 4 MB goal, 0 MB stacks, 0 MB globals, 8 P
gc 6372 @51.626s 3%: 0.058+0.79+0.077 ms clock, 0.46+0.74/0.56/0+0.61 ms cpu, 3->3->1 MB, 4 MB goal, 0 MB stacks, 0 MB globals, 8 P
gc 6373 @51.629s 3%: 0.12+0.64+0.086 ms clock, 1.0+0.73/0.58/0+0.68 ms cpu, 3->3->1 MB, 4 MB goal, 0 MB stacks, 0 MB globals, 8 P
gc 6374 @51.632s 3%: 0.10+1.0+0.082 ms clock, 0.87+0.63/0.65/0+0.65 ms cpu, 3->4->1 MB, 4 MB goal, 0 MB stacks, 0 MB globals, 8 P
gc 6375 @51.635s 3%: 0.11+0.53+0.10 ms clock, 0.93+0.59/0.64/0+0.86 ms cpu, 3->3->1 MB, 4 MB goal, 0 MB stacks, 0 MB globals, 8 P
gc 6376 @51.638s 3%: 0.11+0.48+0.085 ms clock, 0.92+0.71/0.53/0+0.68 ms cpu, 3->3->1 MB, 4 MB goal, 0 MB stacks, 0 MB globals, 8 P
gc 6377 @51.640s 3%: 0.090+0.78+0.086 ms clock, 0.72+0.62/0.56/0+0.69 ms cpu, 3->3->1 MB, 4 MB goal, 0 MB stacks, 0 MB globals, 8 P
gc 6378 @51.643s 3%: 0.10+0.45+0.056 ms clock, 0.84+0.62/0.61/0+0.45 ms cpu, 3->3->1 MB, 4 MB goal, 0 MB stacks, 0 MB globals, 8 P
gc 6379 @51.646s 3%: 0.066+0.57+0.087 ms clock, 0.53+0.66/0.57/0+0.69 ms cpu, 3->3->1 MB, 4 MB goal, 0 MB stacks, 0 MB globals, 8 P
gc 6380 @51.649s 3%: 0.12+0.68+0.052 ms clock, 0.98+0.57/0.60/0+0.42 ms cpu, 3->3->1 MB, 4 MB goal, 0 MB stacks, 0 MB globals, 8 P
gc 6381 @51.652s 3%: 0.11+0.47+0.080 ms clock, 0.89+0.64/0.61/0+0.64 ms cpu, 3->3->1 MB, 4 MB goal, 0 MB stacks, 0 MB globals, 8 P
gc 6382 @51.654s 3%: 0.10+0.62+0.10 ms clock, 0.81+0.65/0.61/0+0.82 ms cpu, 3->3->1 MB, 4 MB goal, 0 MB stacks, 0 MB globals, 8 P
gc 6383 @51.657s 3%: 0.078+0.64+0.095 ms clock, 0.62+0.47/0.60/0+0.76 ms cpu, 3->3->1 MB, 4 MB goal, 0 MB stacks, 0 MB globals, 8 P
gc 6384 @51.660s 3%: 0.12+0.54+0.10 ms clock, 0.98+0.68/0.63/0+0.86 ms cpu, 3->3->1 MB, 4 MB goal, 0 MB stacks, 0 MB globals, 8 P
gc 6385 @51.663s 3%: 0.10+0.53+0.10 ms clock, 0.80+0.60/0.67/0+0.84 ms cpu, 3->3->1 MB, 4 MB goal, 0 MB stacks, 0 MB globals, 8 P
gc 6386 @51.665s 3%: 0.10+0.69+0.10 ms clock, 0.81+0.61/0.64/0+0.87 ms cpu, 3->3->1 MB, 4 MB goal, 0 MB stacks, 0 MB globals, 8 P
gc 6387 @51.668s 3%: 0.090+0.94+0.069 ms clock, 0.72+0.40/0.70/0+0.55 ms cpu, 3->3->1 MB, 4 MB goal, 0 MB stacks, 0 MB globals, 8 P
gc 6388 @51.671s 3%: 0.10+0.51+0.076 ms clock, 0.81+0.61/0.65/0+0.61 ms cpu, 3->3->1 MB, 4 MB goal, 0 MB stacks, 0 MB globals, 8 P
gc 6389 @51.674s 3%: 0.086+0.49+0.057 ms clock, 0.69+0.69/0.51/0+0.46 ms cpu, 3->3->1 MB, 4 MB goal, 0 MB stacks, 0 MB globals, 8 P
gc 6390 @51.677s 3%: 0.065+0.47+0.096 ms clock, 0.52+0.70/0.56/0+0.77 ms cpu, 3->3->1 MB, 4 MB goal, 0 MB stacks, 0 MB globals, 8 P
gc 6391 @51.679s 3%: 0.12+0.49+0.096 ms clock, 0.97+0.64/0.63/0+0.77 ms cpu, 3->3->1 MB, 4 MB goal, 0 MB stacks, 0 MB globals, 8 P
gc 6392 @51.682s 3%: 0.095+0.74+0.083 ms clock, 0.76+0.60/0.70/0+0.66 ms cpu, 3->3->1 MB, 4 MB goal, 0 MB stacks, 0 MB globals, 8 P
gc 6393 @51.685s 3%: 0.073+0.90+0.083 ms clock, 0.58+0.36/0.58/0+0.66 ms cpu, 3->3->1 MB, 4 MB goal, 0 MB stacks, 0 MB globals, 8 P
gc 6394 @51.688s 3%: 0.10+0.45+0.10 ms clock, 0.84+0.62/0.69/0+0.83 ms cpu, 3->3->1 MB, 4 MB goal, 0 MB stacks, 0 MB globals, 8 P
gc 6395 @51.691s 3%: 0.081+0.58+0.048 ms clock, 0.65+0.65/0.66/0+0.38 ms cpu, 3->3->1 MB, 4 MB goal, 0 MB stacks, 0 MB globals, 8 P
gc 6396 @51.693s 3%: 0.087+0.46+0.10 ms clock, 0.69+0.69/0.65/0+0.80 ms cpu, 3->3->1 MB, 4 MB goal, 0 MB stacks, 0 MB globals, 8 P
gc 6397 @51.696s 3%: 0.10+0.42+0.094 ms clock, 0.83+0.57/0.60/0+0.75 ms cpu, 3->3->1 MB, 4 MB goal, 0 MB stacks, 0 MB globals, 8 P
gc 6398 @51.699s 3%: 0.065+0.50+0.058 ms clock, 0.52+0.59/0.63/0+0.46 ms cpu, 3->3->1 MB, 4 MB goal, 0 MB stacks, 0 MB globals, 8 P
gc 6399 @51.702s 3%: 0.096+0.77+0.078 ms clock, 0.76+0.76/0.51/0+0.62 ms cpu, 3->3->1 MB, 4 MB goal, 0 MB stacks, 0 MB globals, 8 P
gc 6400 @51.704s 3%: 0.12+1.2+0.10 ms clock, 1.0+0.53/0.63/0+0.87 ms cpu, 3->3->1 MB, 4 MB goal, 0 MB stacks, 0 MB globals, 8 P
gc 6401 @51.707s 3%: 0.11+0.46+0.081 ms clock, 0.91+0.65/0.55/0+0.65 ms cpu, 3->3->1 MB, 4 MB goal, 0 MB stacks, 0 MB globals, 8 P
gc 6402 @51.710s 3%: 0.099+0.42+0.085 ms clock, 0.79+0.61/0.57/0+0.68 ms cpu, 3->3->1 MB, 4 MB goal, 0 MB stacks, 0 MB globals, 8 P
gc 6403 @51.713s 3%: 0.13+0.64+0.11 ms clock, 1.0+0.58/0.57/0+0.94 ms cpu, 3->3->1 MB, 4 MB goal, 0 MB stacks, 0 MB globals, 8 P
gc 6404 @51.716s 3%: 0.10+0.53+0.12 ms clock, 0.85+0.66/0.64/0+0.96 ms cpu, 3->3->1 MB, 4 MB goal, 0 MB stacks, 0 MB globals, 8 P
gc 6405 @51.718s 3%: 0.12+0.52+0.10 ms clock, 0.96+0.65/0.57/0+0.87 ms cpu, 3->3->1 MB, 4 MB goal, 0 MB stacks, 0 MB globals, 8 P
gc 6406 @51.721s 3%: 0.12+0.57+0.080 ms clock, 1.0+0.62/0.62/0+0.64 ms cpu, 3->3->1 MB, 4 MB goal, 0 MB stacks, 0 MB globals, 8 P
gc 6407 @51.724s 3%: 0.11+0.40+0.058 ms clock, 0.89+0.73/0.55/0+0.46 ms cpu, 3->3->1 MB, 4 MB goal, 0 MB stacks, 0 MB globals, 8 P
gc 6408 @51.727s 3%: 0.11+0.57+0.13 ms clock, 0.95+0.67/0.64/0+1.0 ms cpu, 3->3->1 MB, 4 MB goal, 0 MB stacks, 0 MB globals, 8 P
gc 6409 @51.729s 3%: 0.10+0.60+0.073 ms clock, 0.83+0.66/0.65/0+0.59 ms cpu, 3->3->1 MB, 4 MB goal, 0 MB stacks, 0 MB globals, 8 P
gc 6410 @51.732s 3%: 0.10+0.65+0.068 ms clock, 0.83+0.50/0.62/0+0.54 ms cpu, 3->3->1 MB, 4 MB goal, 0 MB stacks, 0 MB globals, 8 P
gc 6411 @51.735s 3%: 0.087+0.52+0.085 ms clock, 0.70+0.73/0.64/0+0.68 ms cpu, 3->3->1 MB, 4 MB goal, 0 MB stacks, 0 MB globals, 8 P
gc 6412 @51.738s 3%: 0.075+0.63+0.13 ms clock, 0.60+0.65/0.63/0+1.0 ms cpu, 3->3->1 MB, 4 MB goal, 0 MB stacks, 0 MB globals, 8 P
gc 6413 @51.740s 3%: 0.10+0.50+0.058 ms clock, 0.81+0.54/0.55/0+0.46 ms cpu, 3->3->1 MB, 4 MB goal, 0 MB stacks, 0 MB globals, 8 P
gc 6414 @51.743s 3%: 0.096+0.93+0.064 ms clock, 0.77+0.63/0.62/0+0.51 ms cpu, 3->4->1 MB, 4 MB goal, 0 MB stacks, 0 MB globals, 8 P
gc 6415 @51.746s 3%: 0.10+0.47+0.075 ms clock, 0.87+0.72/0.62/0+0.60 ms cpu, 3->3->1 MB, 4 MB goal, 0 MB stacks, 0 MB globals, 8 P
gc 6416 @51.749s 3%: 0.081+0.58+0.091 ms clock, 0.65+0.66/0.54/0+0.72 ms cpu, 3->3->1 MB, 4 MB goal, 0 MB stacks, 0 MB globals, 8 P
gc 6417 @51.752s 3%: 0.11+0.70+0.073 ms clock, 0.95+0.49/0.67/0+0.59 ms cpu, 3->3->1 MB, 4 MB goal, 0 MB stacks, 0 MB globals, 8 P
gc 6418 @51.755s 3%: 0.083+0.49+0.064 ms clock, 0.66+0.70/0.64/0+0.51 ms cpu, 3->3->1 MB, 4 MB goal, 0 MB stacks, 0 MB globals, 8 P
gc 6419 @51.757s 3%: 0.13+0.41+0.10 ms clock, 1.1+0.68/0.57/0+0.84 ms cpu, 3->3->1 MB, 4 MB goal, 0 MB stacks, 0 MB globals, 8 P
gc 6420 @51.760s 3%: 0.043+0.93+0.063 ms clock, 0.35+0.73/0.57/0+0.50 ms cpu, 3->3->1 MB, 4 MB goal, 0 MB stacks, 0 MB globals, 8 P
gc 6421 @51.763s 3%: 0.091+0.50+0.056 ms clock, 0.73+0.68/0.56/0+0.44 ms cpu, 3->3->1 MB, 4 MB goal, 0 MB stacks, 0 MB globals, 8 P
gc 6422 @51.766s 3%: 0.13+0.54+0.081 ms clock, 1.1+0.68/0.62/0+0.64 ms cpu, 3->3->1 MB, 4 MB goal, 0 MB stacks, 0 MB globals, 8 P
gc 6423 @51.768s 3%: 0.075+0.44+0.054 ms clock, 0.60+0.65/0.59/0+0.43 ms cpu, 3->3->1 MB, 4 MB goal, 0 MB stacks, 0 MB globals, 8 P
gc 6424 @51.771s 3%: 0.10+0.51+0.076 ms clock, 0.84+0.65/0.60/0+0.61 ms cpu, 3->3->1 MB, 4 MB goal, 0 MB stacks, 0 MB globals, 8 P
gc 6425 @51.774s 3%: 0.093+0.52+0.096 ms clock, 0.74+0.67/0.63/0+0.77 ms cpu, 3->3->1 MB, 4 MB goal, 0 MB stacks, 0 MB globals, 8 P
gc 6426 @51.777s 3%: 0.079+0.47+0.061 ms clock, 0.63+0.61/0.63/0+0.49 ms cpu, 3->3->1 MB, 4 MB goal, 0 MB stacks, 0 MB globals, 8 P
gc 6427 @51.779s 3%: 0.070+0.48+0.062 ms clock, 0.56+0.66/0.69/0+0.50 ms cpu, 3->3->1 MB, 4 MB goal, 0 MB stacks, 0 MB globals, 8 P
gc 6428 @51.782s 3%: 0.096+0.49+0.083 ms clock, 0.77+0.73/0.51/0+0.66 ms cpu, 3->3->1 MB, 4 MB goal, 0 MB stacks, 0 MB globals, 8 P
gc 6429 @51.785s 3%: 0.11+0.59+0.067 ms clock, 0.90+0.62/0.77/0+0.54 ms cpu, 3->3->1 MB, 4 MB goal, 0 MB stacks, 0 MB globals, 8 P
gc 6430 @51.788s 3%: 0.099+0.45+0.047 ms clock, 0.79+0.72/0.45/0+0.37 ms cpu, 3->3->1 MB, 4 MB goal, 0 MB stacks, 0 MB globals, 8 P
gc 6431 @51.791s 3%: 0.12+0.58+0.10 ms clock, 0.98+0.65/0.67/0+0.87 ms cpu, 3->3->1 MB, 4 MB goal, 0 MB stacks, 0 MB globals, 8 P
gc 6432 @51.793s 3%: 0.10+0.91+0.022 ms clock, 0.82+0.52/0.68/0+0.17 ms cpu, 3->3->1 MB, 4 MB goal, 0 MB stacks, 0 MB globals, 8 P
gc 6433 @51.796s 3%: 0.078+0.50+0.077 ms clock, 0.62+0.57/0.61/0+0.61 ms cpu, 3->3->1 MB, 4 MB goal, 0 MB stacks, 0 MB globals, 8 P
gc 6434 @51.799s 3%: 0.11+0.65+0.083 ms clock, 0.90+0.72/0.73/0+0.67 ms cpu, 3->3->1 MB, 4 MB goal, 0 MB stacks, 0 MB globals, 8 P
gc 6435 @51.802s 3%: 0.098+0.42+0.13 ms clock, 0.78+0.69/0.56/0+1.0 ms cpu, 3->3->1 MB, 4 MB goal, 0 MB stacks, 0 MB globals, 8 P
gc 6436 @51.805s 3%: 0.095+0.48+0.11 ms clock, 0.76+0.69/0.56/0+0.92 ms cpu, 3->3->1 MB, 4 MB goal, 0 MB stacks, 0 MB globals, 8 P
gc 6437 @51.807s 3%: 0.12+0.56+0.092 ms clock, 0.97+0.67/0.62/0+0.74 ms cpu, 3->3->1 MB, 4 MB goal, 0 MB stacks, 0 MB globals, 8 P
gc 6438 @51.810s 3%: 0.11+0.44+0.070 ms clock, 0.94+0.60/0.60/0+0.56 ms cpu, 3->3->1 MB, 4 MB goal, 0 MB stacks, 0 MB globals, 8 P
gc 6439 @51.813s 3%: 0.11+0.45+0.092 ms clock, 0.95+0.70/0.56/0+0.74 ms cpu, 3->3->1 MB, 4 MB goal, 0 MB stacks, 0 MB globals, 8 P
gc 6440 @51.816s 3%: 0.095+0.47+0.093 ms clock, 0.76+0.73/0.51/0+0.75 ms cpu, 3->3->1 MB, 4 MB goal, 0 MB stacks, 0 MB globals, 8 P
gc 6441 @51.818s 3%: 0.096+0.57+0.091 ms clock, 0.77+0.58/0.77/0+0.72 ms cpu, 3->3->1 MB, 4 MB goal, 0 MB stacks, 0 MB globals, 8 P
gc 6442 @51.821s 3%: 0.10+0.54+0.074 ms clock, 0.85+0.61/0.64/0+0.59 ms cpu, 3->3->1 MB, 4 MB goal, 0 MB stacks, 0 MB globals, 8 P
gc 6443 @51.824s 3%: 0.10+0.55+0.086 ms clock, 0.84+0.74/0.57/0+0.69 ms cpu, 3->3->1 MB, 4 MB goal, 0 MB stacks, 0 MB globals, 8 P
gc 6444 @51.827s 3%: 0.098+0.68+0.093 ms clock, 0.78+0.59/0.76/0+0.75 ms cpu, 3->3->1 MB, 4 MB goal, 0 MB stacks, 0 MB globals, 8 P
gc 6445 @51.829s 3%: 0.14+0.66+0.10 ms clock, 1.1+0.60/0.74/0+0.83 ms cpu, 3->3->1 MB, 4 MB goal, 0 MB stacks, 0 MB globals, 8 P
gc 6446 @51.832s 3%: 0.10+0.41+0.058 ms clock, 0.85+0.60/0.64/0+0.46 ms cpu, 3->3->1 MB, 4 MB goal, 0 MB stacks, 0 MB globals, 8 P
gc 6447 @51.835s 3%: 0.11+0.44+0.091 ms clock, 0.90+0.66/0.56/0+0.73 ms cpu, 3->3->1 MB, 4 MB goal, 0 MB stacks, 0 MB globals, 8 P
gc 6448 @51.838s 3%: 0.10+0.53+0.052 ms clock, 0.86+0.62/0.63/0+0.42 ms cpu, 3->3->1 MB, 4 MB goal, 0 MB stacks, 0 MB globals, 8 P
gc 6449 @51.840s 3%: 0.066+0.55+0.11 ms clock, 0.53+0.65/0.62/0+0.94 ms cpu, 3->3->1 MB, 4 MB goal, 0 MB stacks, 0 MB globals, 8 P
gc 6450 @51.843s 3%: 0.068+0.55+0.082 ms clock, 0.54+0.81/0.65/0+0.65 ms cpu, 3->3->1 MB, 4 MB goal, 0 MB stacks, 0 MB globals, 8 P
gc 6451 @51.846s 3%: 0.095+0.38+0.087 ms clock, 0.76+0.73/0.53/0+0.69 ms cpu, 3->3->1 MB, 4 MB goal, 0 MB stacks, 0 MB globals, 8 P
gc 6452 @51.848s 3%: 0.075+0.46+0.099 ms clock, 0.60+0.72/0.58/0+0.79 ms cpu, 3->3->1 MB, 4 MB goal, 0 MB stacks, 0 MB globals, 8 P
gc 6453 @51.851s 3%: 0.087+0.51+0.086 ms clock, 0.70+0.76/0.55/0+0.69 ms cpu, 3->3->1 MB, 4 MB goal, 0 MB stacks, 0 MB globals, 8 P
gc 6454 @51.854s 3%: 0.11+0.49+0.083 ms clock, 0.95+0.71/0.62/0+0.66 ms cpu, 3->3->1 MB, 4 MB goal, 0 MB stacks, 0 MB globals, 8 P
gc 6455 @51.857s 3%: 0.087+0.46+0.062 ms clock, 0.70+0.67/0.60/0+0.49 ms cpu, 3->3->1 MB, 4 MB goal, 0 MB stacks, 0 MB globals, 8 P
gc 6456 @51.859s 3%: 0.078+0.53+0.062 ms clock, 0.62+0.56/0.60/0+0.49 ms cpu, 3->3->1 MB, 4 MB goal, 0 MB stacks, 0 MB globals, 8 P
gc 6457 @51.862s 3%: 0.068+0.50+0.11 ms clock, 0.54+0.65/0.67/0+0.89 ms cpu, 3->3->1 MB, 4 MB goal, 0 MB stacks, 0 MB globals, 8 P
gc 6458 @51.865s 3%: 0.096+0.42+0.076 ms clock, 0.77+0.67/0.65/0+0.61 ms cpu, 3->3->1 MB, 4 MB goal, 0 MB stacks, 0 MB globals, 8 P
gc 6459 @51.868s 3%: 0.12+0.42+0.061 ms clock, 1.0+0.64/0.58/0+0.49 ms cpu, 3->3->1 MB, 4 MB goal, 0 MB stacks, 0 MB globals, 8 P
gc 6460 @51.871s 3%: 0.054+0.89+0.067 ms clock, 0.43+0.40/0.59/0+0.54 ms cpu, 3->3->1 MB, 4 MB goal, 0 MB stacks, 0 MB globals, 8 P
gc 6461 @51.873s 3%: 0.13+0.41+0.063 ms clock, 1.1+0.64/0.62/0+0.51 ms cpu, 3->3->1 MB, 4 MB goal, 0 MB stacks, 0 MB globals, 8 P
gc 6462 @51.876s 3%: 0.14+0.57+0.089 ms clock, 1.1+0.63/0.64/0+0.71 ms cpu, 3->3->1 MB, 4 MB goal, 0 MB stacks, 0 MB globals, 8 P
gc 6463 @51.879s 3%: 0.12+0.52+0.090 ms clock, 1.0+0.64/0.55/0+0.72 ms cpu, 3->3->1 MB, 4 MB goal, 0 MB stacks, 0 MB globals, 8 P
gc 6464 @51.882s 3%: 0.10+0.60+0.099 ms clock, 0.82+0.59/0.71/0+0.79 ms cpu, 3->3->1 MB, 4 MB goal, 0 MB stacks, 0 MB globals, 8 P
gc 6465 @51.885s 3%: 0.095+0.42+0.10 ms clock, 0.76+0.67/0.59/0+0.80 ms cpu, 3->3->1 MB, 4 MB goal, 0 MB stacks, 0 MB globals, 8 P
gc 6466 @51.887s 3%: 0.10+0.79+0.067 ms clock, 0.84+0.58/0.69/0+0.53 ms cpu, 3->3->1 MB, 4 MB goal, 0 MB stacks, 0 MB globals, 8 P
gc 6467 @51.890s 3%: 0.13+0.59+0.10 ms clock, 1.0+0.67/0.61/0+0.81 ms cpu, 3->3->1 MB, 4 MB goal, 0 MB stacks, 0 MB globals, 8 P
gc 6468 @51.893s 3%: 0.094+0.83+0.10 ms clock, 0.75+0.76/0.52/0+0.81 ms cpu, 3->3->1 MB, 4 MB goal, 0 MB stacks, 0 MB globals, 8 P
gc 6469 @51.896s 3%: 0.11+0.73+0.046 ms clock, 0.95+0.72/0.66/0+0.37 ms cpu, 3->3->1 MB, 4 MB goal, 0 MB stacks, 0 MB globals, 8 P
gc 6470 @51.899s 3%: 0.099+0.44+0.083 ms clock, 0.79+0.60/0.58/0+0.66 ms cpu, 3->3->1 MB, 4 MB goal, 0 MB stacks, 0 MB globals, 8 P
gc 6471 @51.901s 3%: 0.086+0.64+0.078 ms clock, 0.69+0.57/0.71/0+0.62 ms cpu, 3->3->1 MB, 4 MB goal, 0 MB stacks, 0 MB globals, 8 P
gc 6472 @51.904s 3%: 0.11+0.81+0.081 ms clock, 0.90+0.57/0.55/0+0.65 ms cpu, 3->3->1 MB, 4 MB goal, 0 MB stacks, 0 MB globals, 8 P
gc 6473 @51.907s 3%: 0.11+0.47+0.10 ms clock, 0.94+0.65/0.59/0+0.80 ms cpu, 3->3->1 MB, 4 MB goal, 0 MB stacks, 0 MB globals, 8 P
gc 6474 @51.910s 3%: 0.13+0.89+0.093 ms clock, 1.0+0.90/0.68/0+0.75 ms cpu, 3->3->1 MB, 4 MB goal, 0 MB stacks, 0 MB globals, 8 P
gc 6475 @51.913s 3%: 0.12+0.45+0.070 ms clock, 1.0+0.67/0.63/0+0.56 ms cpu, 3->3->1 MB, 4 MB goal, 0 MB stacks, 0 MB globals, 8 P
gc 6476 @51.916s 3%: 0.11+0.56+0.12 ms clock, 0.92+0.59/0.64/0+1.0 ms cpu, 3->3->1 MB, 4 MB goal, 0 MB stacks, 0 MB globals, 8 P
gc 6477 @51.918s 3%: 0.090+0.48+0.11 ms clock, 0.72+0.58/0.70/0+0.88 ms cpu, 3->3->1 MB, 4 MB goal, 0 MB stacks, 0 MB globals, 8 P
gc 6478 @51.921s 3%: 0.10+0.85+0.090 ms clock, 0.87+0.66/0.68/0+0.72 ms cpu, 3->3->1 MB, 4 MB goal, 0 MB stacks, 0 MB globals, 8 P
gc 6479 @51.924s 3%: 0.10+0.60+0.076 ms clock, 0.85+0.70/0.75/0+0.61 ms cpu, 3->3->1 MB, 4 MB goal, 0 MB stacks, 0 MB globals, 8 P
gc 6480 @51.927s 3%: 0.078+0.50+0.090 ms clock, 0.62+0.74/0.63/0+0.72 ms cpu, 3->3->1 MB, 4 MB goal, 0 MB stacks, 0 MB globals, 8 P
gc 6481 @51.930s 3%: 0.11+0.43+0.041 ms clock, 0.89+0.63/0.54/0+0.32 ms cpu, 3->3->1 MB, 4 MB goal, 0 MB stacks, 0 MB globals, 8 P
gc 6482 @51.932s 3%: 0.10+0.58+0.089 ms clock, 0.85+0.70/0.70/0+0.71 ms cpu, 3->3->1 MB, 4 MB goal, 0 MB stacks, 0 MB globals, 8 P
gc 6483 @51.935s 3%: 0.092+0.91+0.041 ms clock, 0.74+0.64/0.58/0+0.33 ms cpu, 3->3->1 MB, 4 MB goal, 0 MB stacks, 0 MB globals, 8 P
gc 6484 @51.938s 3%: 0.089+0.50+0.059 ms clock, 0.71+0.60/0.64/0+0.47 ms cpu, 3->3->1 MB, 4 MB goal, 0 MB stacks, 0 MB globals, 8 P
gc 6485 @51.941s 3%: 0.097+0.59+0.11 ms clock, 0.77+0.69/0.64/0+0.95 ms cpu, 3->3->1 MB, 4 MB goal, 0 MB stacks, 0 MB globals, 8 P
gc 6486 @51.944s 3%: 0.11+0.92+0.10 ms clock, 0.93+0.53/0.60/0+0.80 ms cpu, 3->4->1 MB, 4 MB goal, 0 MB stacks, 0 MB globals, 8 P
gc 6487 @51.946s 3%: 0.096+0.41+0.083 ms clock, 0.77+0.69/0.60/0+0.66 ms cpu, 3->3->1 MB, 4 MB goal, 0 MB stacks, 0 MB globals, 8 P
gc 6488 @51.949s 3%: 0.069+0.44+0.088 ms clock, 0.55+0.64/0.56/0+0.70 ms cpu, 3->3->1 MB, 4 MB goal, 0 MB stacks, 0 MB globals, 8 P
gc 6489 @51.952s 3%: 0.096+0.51+0.085 ms clock, 0.77+0.76/0.57/0+0.68 ms cpu, 3->3->1 MB, 4 MB goal, 0 MB stacks, 0 MB globals, 8 P
gc 6490 @51.955s 3%: 0.086+0.54+0.10 ms clock, 0.68+0.66/0.58/0+0.82 ms cpu, 3->3->1 MB, 4 MB goal, 0 MB stacks, 0 MB globals, 8 P
gc 6491 @51.957s 3%: 0.085+0.56+0.099 ms clock, 0.68+0.74/0.65/0+0.79 ms cpu, 3->3->1 MB, 4 MB goal, 0 MB stacks, 0 MB globals, 8 P
gc 6492 @51.960s 3%: 0.10+0.65+0.089 ms clock, 0.82+0.43/0.62/0+0.71 ms cpu, 3->3->1 MB, 4 MB goal, 0 MB stacks, 0 MB globals, 8 P
gc 6493 @51.963s 3%: 0.084+0.50+0.097 ms clock, 0.67+0.66/0.59/0+0.78 ms cpu, 3->3->1 MB, 4 MB goal, 0 MB stacks, 0 MB globals, 8 P
gc 6494 @51.966s 3%: 0.12+0.55+0.076 ms clock, 0.97+0.68/0.63/0+0.61 ms cpu, 3->3->1 MB, 4 MB goal, 0 MB stacks, 0 MB globals, 8 P
gc 6495 @51.968s 3%: 0.094+0.52+0.048 ms clock, 0.75+0.60/0.71/0+0.38 ms cpu, 3->3->1 MB, 4 MB goal, 0 MB stacks, 0 MB globals, 8 P
gc 6496 @51.971s 3%: 0.075+0.44+0.049 ms clock, 0.60+0.63/0.55/0+0.39 ms cpu, 3->3->1 MB, 4 MB goal, 0 MB stacks, 0 MB globals, 8 P
gc 6497 @51.974s 3%: 0.090+0.52+0.063 ms clock, 0.72+0.71/0.60/0+0.50 ms cpu, 3->3->1 MB, 4 MB goal, 0 MB stacks, 0 MB globals, 8 P
gc 6498 @51.977s 3%: 0.10+0.63+0.11 ms clock, 0.83+0.67/0.61/0+0.93 ms cpu, 3->3->1 MB, 4 MB goal, 0 MB stacks, 0 MB globals, 8 P
gc 6499 @51.980s 3%: 0.12+0.57+0.058 ms clock, 0.98+0.67/0.69/0+0.47 ms cpu, 3->3->1 MB, 4 MB goal, 0 MB stacks, 0 MB globals, 8 P
gc 6500 @51.982s 3%: 0.10+0.64+0.096 ms clock, 0.83+0.56/0.58/0+0.77 ms cpu, 3->3->1 MB, 4 MB goal, 0 MB stacks, 0 MB globals, 8 P
gc 6501 @51.985s 3%: 0.13+0.47+0.10 ms clock, 1.0+0.67/0.63/0+0.87 ms cpu, 3->3->1 MB, 4 MB goal, 0 MB stacks, 0 MB globals, 8 P
gc 6502 @51.988s 3%: 0.10+0.49+0.084 ms clock, 0.87+0.56/0.62/0+0.67 ms cpu, 3->3->1 MB, 4 MB goal, 0 MB stacks, 0 MB globals, 8 P
gc 6503 @51.991s 3%: 0.050+0.73+0.077 ms clock, 0.40+0.65/0.55/0+0.61 ms cpu, 3->3->1 MB, 4 MB goal, 0 MB stacks, 0 MB globals, 8 P
gc 6504 @51.994s 3%: 0.10+0.64+0.090 ms clock, 0.81+0.77/0.58/0+0.72 ms cpu, 3->3->1 MB, 4 MB goal, 0 MB stacks, 0 MB globals, 8 P
gc 6505 @51.996s 3%: 0.16+0.74+0.079 ms clock, 1.3+0.67/0.64/0+0.63 ms cpu, 3->3->1 MB, 4 MB goal, 0 MB stacks, 0 MB globals, 8 P
gc 6506 @51.999s 3%: 0.10+0.48+0.089 ms clock, 0.82+0.76/0.64/0+0.71 ms cpu, 3->3->1 MB, 4 MB goal, 0 MB stacks, 0 MB globals, 8 P
gc 6507 @52.002s 3%: 0.10+0.63+0.061 ms clock, 0.87+0.77/0.56/0+0.49 ms cpu, 3->3->1 MB, 4 MB goal, 0 MB stacks, 0 MB globals, 8 P
gc 6508 @52.005s 3%: 0.077+0.44+0.13 ms clock, 0.62+0.71/0.57/0+1.1 ms cpu, 3->3->1 MB, 4 MB goal, 0 MB stacks, 0 MB globals, 8 P
gc 6509 @52.008s 3%: 0.090+0.57+0.042 ms clock, 0.72+0.67/0.64/0+0.33 ms cpu, 3->3->1 MB, 4 MB goal, 0 MB stacks, 0 MB globals, 8 P
gc 6510 @52.010s 3%: 0.099+0.58+0.082 ms clock, 0.79+0.67/0.74/0+0.66 ms cpu, 3->3->1 MB, 4 MB goal, 0 MB stacks, 0 MB globals, 8 P
gc 6511 @52.013s 3%: 0.11+0.47+0.086 ms clock, 0.91+0.56/0.63/0+0.69 ms cpu, 3->3->1 MB, 4 MB goal, 0 MB stacks, 0 MB globals, 8 P
gc 6512 @52.016s 3%: 0.097+0.56+0.084 ms clock, 0.77+0.63/0.66/0+0.67 ms cpu, 3->3->1 MB, 4 MB goal, 0 MB stacks, 0 MB globals, 8 P
gc 6513 @52.019s 3%: 0.13+0.44+0.054 ms clock, 1.0+0.61/0.60/0+0.43 ms cpu, 3->3->1 MB, 4 MB goal, 0 MB stacks, 0 MB globals, 8 P
gc 6514 @52.021s 3%: 0.15+0.55+0.094 ms clock, 1.2+0.65/0.68/0+0.75 ms cpu, 3->3->1 MB, 4 MB goal, 0 MB stacks, 0 MB globals, 8 P
gc 6515 @52.024s 3%: 0.099+0.53+0.10 ms clock, 0.79+0.63/0.61/0+0.84 ms cpu, 3->3->1 MB, 4 MB goal, 0 MB stacks, 0 MB globals, 8 P
gc 6516 @52.027s 3%: 0.080+0.49+0.055 ms clock, 0.64+0.68/0.60/0+0.44 ms cpu, 3->3->1 MB, 4 MB goal, 0 MB stacks, 0 MB globals, 8 P
gc 6517 @52.030s 3%: 0.072+0.60+0.095 ms clock, 0.58+0.73/0.61/0+0.76 ms cpu, 3->3->1 MB, 4 MB goal, 0 MB stacks, 0 MB globals, 8 P
gc 6518 @52.032s 3%: 0.10+0.42+0.047 ms clock, 0.81+0.61/0.58/0+0.38 ms cpu, 3->3->1 MB, 4 MB goal, 0 MB stacks, 0 MB globals, 8 P
gc 6519 @52.035s 3%: 0.10+0.85+0.087 ms clock, 0.80+0.60/0.73/0+0.69 ms cpu, 3->3->1 MB, 4 MB goal, 0 MB stacks, 0 MB globals, 8 P
gc 6520 @52.038s 3%: 0.10+0.58+0.091 ms clock, 0.80+0.63/0.69/0+0.72 ms cpu, 3->3->1 MB, 4 MB goal, 0 MB stacks, 0 MB globals, 8 P
gc 6521 @52.041s 3%: 0.11+0.50+0.11 ms clock, 0.89+0.57/0.55/0+0.89 ms cpu, 3->3->1 MB, 4 MB goal, 0 MB stacks, 0 MB globals, 8 P
gc 6522 @52.044s 3%: 0.11+0.57+0.11 ms clock, 0.92+0.61/0.62/0+0.90 ms cpu, 3->3->1 MB, 4 MB goal, 0 MB stacks, 0 MB globals, 8 P
gc 6523 @52.046s 3%: 0.074+0.56+0.10 ms clock, 0.59+0.66/0.67/0+0.84 ms cpu, 3->3->1 MB, 4 MB goal, 0 MB stacks, 0 MB globals, 8 P
gc 6524 @52.049s 3%: 0.064+0.58+0.10 ms clock, 0.51+0.68/0.63/0+0.80 ms cpu, 3->3->1 MB, 4 MB goal, 0 MB stacks, 0 MB globals, 8 P
gc 6525 @52.052s 3%: 0.11+0.54+0.097 ms clock, 0.89+0.61/0.72/0+0.77 ms cpu, 3->3->1 MB, 4 MB goal, 0 MB stacks, 0 MB globals, 8 P
gc 6526 @52.055s 3%: 0.076+0.51+0.10 ms clock, 0.61+0.61/0.63/0+0.81 ms cpu, 3->3->1 MB, 4 MB goal, 0 MB stacks, 0 MB globals, 8 P
gc 6527 @52.057s 3%: 0.086+0.52+0.049 ms clock, 0.68+0.58/0.62/0+0.39 ms cpu, 3->3->1 MB, 4 MB goal, 0 MB stacks, 0 MB globals, 8 P
gc 6528 @52.060s 3%: 0.10+0.53+0.097 ms clock, 0.80+0.61/0.70/0+0.78 ms cpu, 3->3->1 MB, 4 MB goal, 0 MB stacks, 0 MB globals, 8 P
gc 6529 @52.063s 3%: 0.092+0.55+0.090 ms clock, 0.74+0.54/0.56/0+0.72 ms cpu, 3->3->1 MB, 4 MB goal, 0 MB stacks, 0 MB globals, 8 P
gc 6530 @52.066s 3%: 0.080+0.56+0.10 ms clock, 0.64+0.63/0.59/0+0.81 ms cpu, 3->3->1 MB, 4 MB goal, 0 MB stacks, 0 MB globals, 8 P
gc 6531 @52.068s 3%: 0.10+0.53+0.11 ms clock, 0.85+0.56/0.60/0.028+0.92 ms cpu, 3->3->1 MB, 4 MB goal, 0 MB stacks, 0 MB globals, 8 P
gc 6532 @52.071s 3%: 0.13+0.77+0.10 ms clock, 1.0+0.57/0.72/0+0.81 ms cpu, 3->3->1 MB, 4 MB goal, 0 MB stacks, 0 MB globals, 8 P
gc 6533 @52.074s 3%: 0.13+0.63+0.091 ms clock, 1.0+0.65/0.65/0+0.73 ms cpu, 3->3->1 MB, 4 MB goal, 0 MB stacks, 0 MB globals, 8 P
gc 6534 @52.077s 3%: 0.078+0.96+0.044 ms clock, 0.62+0.75/0.64/0+0.35 ms cpu, 3->4->1 MB, 4 MB goal, 0 MB stacks, 0 MB globals, 8 P
gc 6535 @52.080s 3%: 0.072+0.56+0.12 ms clock, 0.57+0.66/0.66/0+1.0 ms cpu, 3->3->1 MB, 4 MB goal, 0 MB stacks, 0 MB globals, 8 P
gc 6536 @52.083s 3%: 0.068+0.59+0.11 ms clock, 0.55+0.60/0.62/0+0.93 ms cpu, 3->3->1 MB, 4 MB goal, 0 MB stacks, 0 MB globals, 8 P
gc 6537 @52.085s 3%: 0.13+0.48+0.081 ms clock, 1.1+0.68/0.53/0+0.65 ms cpu, 3->3->1 MB, 4 MB goal, 0 MB stacks, 0 MB globals, 8 P
gc 6538 @52.088s 3%: 0.088+0.87+0.094 ms clock, 0.70+0.77/0.56/0+0.75 ms cpu, 3->3->1 MB, 4 MB goal, 0 MB stacks, 0 MB globals, 8 P
gc 6539 @52.091s 3%: 0.10+0.54+0.095 ms clock, 0.84+0.66/0.64/0+0.76 ms cpu, 3->3->1 MB, 4 MB goal, 0 MB stacks, 0 MB globals, 8 P
gc 6540 @52.094s 3%: 0.11+0.55+0.083 ms clock, 0.90+0.65/0.60/0+0.67 ms cpu, 3->3->1 MB, 4 MB goal, 0 MB stacks, 0 MB globals, 8 P
gc 6541 @52.097s 3%: 0.071+0.71+0.11 ms clock, 0.57+0.51/0.62/0+0.91 ms cpu, 3->3->1 MB, 4 MB goal, 0 MB stacks, 0 MB globals, 8 P
gc 6542 @52.100s 3%: 0.13+0.50+0.072 ms clock, 1.0+0.55/0.59/0+0.58 ms cpu, 3->3->1 MB, 4 MB goal, 0 MB stacks, 0 MB globals, 8 P
gc 6543 @52.102s 3%: 0.10+0.46+0.067 ms clock, 0.83+0.78/0.56/0+0.54 ms cpu, 3->3->1 MB, 4 MB goal, 0 MB stacks, 0 MB globals, 8 P
gc 6544 @52.105s 3%: 0.082+0.60+0.10 ms clock, 0.65+0.67/0.63/0+0.87 ms cpu, 3->3->1 MB, 4 MB goal, 0 MB stacks, 0 MB globals, 8 P
gc 6545 @52.108s 3%: 0.075+0.52+0.10 ms clock, 0.60+0.69/0.54/0+0.83 ms cpu, 3->3->1 MB, 4 MB goal, 0 MB stacks, 0 MB globals, 8 P
gc 6546 @52.111s 3%: 0.12+0.42+0.063 ms clock, 0.96+0.71/0.53/0+0.50 ms cpu, 3->3->1 MB, 4 MB goal, 0 MB stacks, 0 MB globals, 8 P
gc 6547 @52.113s 3%: 0.12+0.58+0.10 ms clock, 1.0+0.74/0.68/0+0.80 ms cpu, 3->3->1 MB, 4 MB goal, 0 MB stacks, 0 MB globals, 8 P
gc 6548 @52.116s 3%: 0.11+0.47+0.060 ms clock, 0.95+0.71/0.60/0+0.48 ms cpu, 3->3->1 MB, 4 MB goal, 0 MB stacks, 0 MB globals, 8 P
gc 6549 @52.119s 3%: 0.090+0.65+0.074 ms clock, 0.72+0.72/0.61/0+0.59 ms cpu, 3->3->1 MB, 4 MB goal, 0 MB stacks, 0 MB globals, 8 P
gc 6550 @52.122s 3%: 0.052+1.0+0.084 ms clock, 0.41+0.73/0.59/0+0.67 ms cpu, 3->4->1 MB, 4 MB goal, 0 MB stacks, 0 MB globals, 8 P
gc 6551 @52.125s 3%: 0.076+0.59+0.055 ms clock, 0.61+0.63/0.65/0+0.44 ms cpu, 3->3->1 MB, 4 MB goal, 0 MB stacks, 0 MB globals, 8 P
gc 6552 @52.127s 3%: 0.072+0.74+0.086 ms clock, 0.57+0.53/0.54/0+0.69 ms cpu, 3->3->1 MB, 4 MB goal, 0 MB stacks, 0 MB globals, 8 P
gc 6553 @52.130s 3%: 0.13+0.49+0.066 ms clock, 1.0+0.70/0.54/0+0.53 ms cpu, 3->3->1 MB, 4 MB goal, 0 MB stacks, 0 MB globals, 8 P
gc 6554 @52.133s 3%: 0.14+0.83+0.099 ms clock, 1.1+0.58/0.57/0+0.79 ms cpu, 3->3->1 MB, 4 MB goal, 0 MB stacks, 0 MB globals, 8 P
gc 6555 @52.136s 3%: 0.074+0.70+0.093 ms clock, 0.59+0.64/0.59/0+0.74 ms cpu, 3->3->1 MB, 4 MB goal, 0 MB stacks, 0 MB globals, 8 P
gc 6556 @52.139s 3%: 0.060+0.44+0.11 ms clock, 0.48+0.75/0.58/0+0.91 ms cpu, 3->3->1 MB, 4 MB goal, 0 MB stacks, 0 MB globals, 8 P
gc 6557 @52.141s 3%: 0.13+0.44+0.068 ms clock, 1.0+0.67/0.60/0+0.54 ms cpu, 3->3->1 MB, 4 MB goal, 0 MB stacks, 0 MB globals, 8 P
gc 6558 @52.144s 3%: 0.10+0.56+0.072 ms clock, 0.87+0.65/0.62/0+0.57 ms cpu, 3->3->1 MB, 4 MB goal, 0 MB stacks, 0 MB globals, 8 P
gc 6559 @52.147s 3%: 0.095+0.89+0.090 ms clock, 0.76+0.66/0.55/0+0.72 ms cpu, 3->3->1 MB, 4 MB goal, 0 MB stacks, 0 MB globals, 8 P
gc 6560 @52.150s 3%: 0.11+0.59+0.084 ms clock, 0.92+0.64/0.71/0+0.67 ms cpu, 3->3->1 MB, 4 MB goal, 0 MB stacks, 0 MB globals, 8 P
gc 6561 @52.152s 3%: 0.095+0.48+0.10 ms clock, 0.76+0.72/0.54/0+0.81 ms cpu, 3->3->1 MB, 4 MB goal, 0 MB stacks, 0 MB globals, 8 P
gc 6562 @52.155s 3%: 0.11+1.0+0.10 ms clock, 0.88+1.2/0.63/0+0.82 ms cpu, 3->3->1 MB, 4 MB goal, 0 MB stacks, 0 MB globals, 8 P
gc 6563 @52.158s 3%: 0.044+0.51+0.11 ms clock, 0.35+0.67/0.57/0+0.89 ms cpu, 3->3->1 MB, 4 MB goal, 0 MB stacks, 0 MB globals, 8 P
gc 6564 @52.161s 3%: 0.063+0.53+0.10 ms clock, 0.50+0.63/0.62/0+0.86 ms cpu, 3->3->1 MB, 4 MB goal, 0 MB stacks, 0 MB globals, 8 P
gc 6565 @52.164s 3%: 0.10+0.56+0.087 ms clock, 0.83+0.64/0.59/0+0.69 ms cpu, 3->3->1 MB, 4 MB goal, 0 MB stacks, 0 MB globals, 8 P
gc 6566 @52.166s 3%: 0.11+0.36+0.10 ms clock, 0.89+0.65/0.52/0+0.80 ms cpu, 3->3->1 MB, 4 MB goal, 0 MB stacks, 0 MB globals, 8 P
gc 6567 @52.169s 3%: 0.090+0.46+0.079 ms clock, 0.72+0.62/0.63/0+0.63 ms cpu, 3->3->1 MB, 4 MB goal, 0 MB stacks, 0 MB globals, 8 P
gc 6568 @52.172s 3%: 0.10+0.60+0.074 ms clock, 0.85+0.60/0.66/0+0.59 ms cpu, 3->3->1 MB, 4 MB goal, 0 MB stacks, 0 MB globals, 8 P
gc 6569 @52.175s 3%: 0.10+0.43+0.10 ms clock, 0.82+0.69/0.56/0+0.82 ms cpu, 3->3->1 MB, 4 MB goal, 0 MB stacks, 0 MB globals, 8 P
gc 6570 @52.177s 3%: 0.13+0.58+0.092 ms clock, 1.0+0.64/0.66/0+0.74 ms cpu, 3->3->1 MB, 4 MB goal, 0 MB stacks, 0 MB globals, 8 P
gc 6571 @52.180s 3%: 0.074+0.50+0.11 ms clock, 0.59+0.71/0.58/0+0.90 ms cpu, 3->3->1 MB, 4 MB goal, 0 MB stacks, 0 MB globals, 8 P
gc 6572 @52.183s 3%: 0.094+0.54+0.080 ms clock, 0.75+0.67/0.63/0+0.64 ms cpu, 3->3->1 MB, 4 MB goal, 0 MB stacks, 0 MB globals, 8 P
gc 6573 @52.186s 3%: 0.10+0.62+0.10 ms clock, 0.81+0.70/0.65/0+0.83 ms cpu, 3->3->1 MB, 4 MB goal, 0 MB stacks, 0 MB globals, 8 P
gc 6574 @52.189s 3%: 0.098+0.53+0.083 ms clock, 0.78+0.69/0.64/0+0.67 ms cpu, 3->3->1 MB, 4 MB goal, 0 MB stacks, 0 MB globals, 8 P
gc 6575 @52.191s 3%: 0.12+0.57+0.054 ms clock, 1.0+0.59/0.72/0+0.43 ms cpu, 3->3->1 MB, 4 MB goal, 0 MB stacks, 0 MB globals, 8 P
gc 6576 @52.194s 3%: 0.082+0.47+0.045 ms clock, 0.66+0.79/0.54/0+0.36 ms cpu, 3->3->1 MB, 4 MB goal, 0 MB stacks, 0 MB globals, 8 P
gc 6577 @52.197s 3%: 0.10+0.53+0.079 ms clock, 0.80+0.57/0.53/0+0.63 ms cpu, 3->3->1 MB, 4 MB goal, 0 MB stacks, 0 MB globals, 8 P
gc 6578 @52.200s 3%: 0.073+0.71+0.087 ms clock, 0.58+0.64/0.57/0+0.70 ms cpu, 3->3->1 MB, 4 MB goal, 0 MB stacks, 0 MB globals, 8 P
gc 6579 @52.202s 3%: 0.073+0.89+0.075 ms clock, 0.58+0.72/0.61/0+0.60 ms cpu, 3->3->1 MB, 4 MB goal, 0 MB stacks, 0 MB globals, 8 P
gc 6580 @52.205s 3%: 0.11+0.47+0.048 ms clock, 0.91+0.72/0.57/0+0.39 ms cpu, 3->3->1 MB, 4 MB goal, 0 MB stacks, 0 MB globals, 8 P
gc 6581 @52.208s 3%: 0.11+0.47+0.085 ms clock, 0.88+0.63/0.63/0+0.68 ms cpu, 3->3->1 MB, 4 MB goal, 0 MB stacks, 0 MB globals, 8 P
gc 6582 @52.211s 3%: 0.097+0.52+0.11 ms clock, 0.77+0.69/0.56/0+0.90 ms cpu, 3->3->1 MB, 4 MB goal, 0 MB stacks, 0 MB globals, 8 P
gc 6583 @52.213s 3%: 0.12+1.0+0.12 ms clock, 1.0+0.57/0.58/0+1.0 ms cpu, 3->4->1 MB, 4 MB goal, 0 MB stacks, 0 MB globals, 8 P
gc 6584 @52.216s 3%: 0.11+0.76+0.086 ms clock, 0.94+0.68/0.59/0+0.68 ms cpu, 3->3->1 MB, 4 MB goal, 0 MB stacks, 0 MB globals, 8 P
gc 6585 @52.219s 3%: 0.084+0.51+0.11 ms clock, 0.67+0.65/0.66/0+0.90 ms cpu, 3->3->1 MB, 4 MB goal, 0 MB stacks, 0 MB globals, 8 P
gc 6586 @52.222s 3%: 0.12+0.58+0.099 ms clock, 0.97+0.68/0.64/0+0.79 ms cpu, 3->3->1 MB, 4 MB goal, 0 MB stacks, 0 MB globals, 8 P
gc 6587 @52.225s 3%: 0.10+0.32+0.12 ms clock, 0.85+0.82/0.42/0+0.99 ms cpu, 3->3->1 MB, 4 MB goal, 0 MB stacks, 0 MB globals, 8 P
gc 6588 @52.228s 3%: 0.097+0.85+0.097 ms clock, 0.77+0.67/0.58/0+0.77 ms cpu, 3->3->1 MB, 4 MB goal, 0 MB stacks, 0 MB globals, 8 P
gc 6589 @52.230s 3%: 0.071+0.55+0.092 ms clock, 0.56+0.65/0.69/0+0.73 ms cpu, 3->3->1 MB, 4 MB goal, 0 MB stacks, 0 MB globals, 8 P
gc 6590 @52.233s 3%: 0.093+0.62+0.069 ms clock, 0.74+0.67/0.60/0+0.55 ms cpu, 3->3->1 MB, 4 MB goal, 0 MB stacks, 0 MB globals, 8 P
gc 6591 @52.236s 3%: 0.072+0.49+0.065 ms clock, 0.58+0.68/0.54/0+0.52 ms cpu, 3->3->1 MB, 4 MB goal, 0 MB stacks, 0 MB globals, 8 P
gc 6592 @52.239s 3%: 0.099+0.46+0.081 ms clock, 0.79+0.71/0.50/0+0.65 ms cpu, 3->3->1 MB, 4 MB goal, 0 MB stacks, 0 MB globals, 8 P
gc 6593 @52.241s 3%: 0.13+0.58+0.11 ms clock, 1.0+0.65/0.67/0+0.89 ms cpu, 3->3->1 MB, 4 MB goal, 0 MB stacks, 0 MB globals, 8 P
gc 6594 @52.244s 3%: 0.11+0.67+0.057 ms clock, 0.92+0.67/0.57/0+0.45 ms cpu, 3->3->1 MB, 4 MB goal, 0 MB stacks, 0 MB globals, 8 P
gc 6595 @52.247s 3%: 0.073+0.52+0.049 ms clock, 0.58+0.64/0.65/0+0.39 ms cpu, 3->3->1 MB, 4 MB goal, 0 MB stacks, 0 MB globals, 8 P
gc 6596 @52.250s 3%: 0.072+0.53+0.065 ms clock, 0.57+0.58/0.68/0+0.52 ms cpu, 3->3->1 MB, 4 MB goal, 0 MB stacks, 0 MB globals, 8 P
gc 6597 @52.253s 3%: 0.062+0.74+0.080 ms clock, 0.50+0.64/0.62/0+0.64 ms cpu, 3->3->1 MB, 4 MB goal, 0 MB stacks, 0 MB globals, 8 P
gc 6598 @52.255s 3%: 0.11+0.53+0.10 ms clock, 0.88+0.67/0.70/0+0.85 ms cpu, 3->3->1 MB, 4 MB goal, 0 MB stacks, 0 MB globals, 8 P
gc 6599 @52.258s 3%: 0.095+0.81+0.087 ms clock, 0.76+0.70/0.64/0+0.69 ms cpu, 3->3->1 MB, 4 MB goal, 0 MB stacks, 0 MB globals, 8 P
gc 6600 @52.261s 3%: 0.070+0.58+0.079 ms clock, 0.56+0.72/0.66/0+0.63 ms cpu, 3->3->1 MB, 4 MB goal, 0 MB stacks, 0 MB globals, 8 P
gc 6601 @52.264s 3%: 0.10+0.64+0.098 ms clock, 0.80+0.68/0.57/0+0.78 ms cpu, 3->3->1 MB, 4 MB goal, 0 MB stacks, 0 MB globals, 8 P
gc 6602 @52.267s 3%: 0.12+0.58+0.11 ms clock, 0.97+0.67/0.64/0+0.93 ms cpu, 3->3->1 MB, 4 MB goal, 0 MB stacks, 0 MB globals, 8 P
gc 6603 @52.269s 3%: 0.11+0.70+0.090 ms clock, 0.94+0.68/0.66/0+0.72 ms cpu, 3->3->1 MB, 4 MB goal, 0 MB stacks, 0 MB globals, 8 P
gc 6604 @52.272s 3%: 0.084+0.72+0.068 ms clock, 0.67+0.73/0.49/0+0.55 ms cpu, 3->3->1 MB, 4 MB goal, 0 MB stacks, 0 MB globals, 8 P
gc 6605 @52.275s 3%: 0.11+0.60+0.11 ms clock, 0.94+0.63/0.64/0+0.91 ms cpu, 3->3->1 MB, 4 MB goal, 0 MB stacks, 0 MB globals, 8 P
gc 6606 @52.278s 3%: 0.052+0.71+0.049 ms clock, 0.42+0.75/0.56/0+0.39 ms cpu, 3->3->1 MB, 4 MB goal, 0 MB stacks, 0 MB globals, 8 P
gc 6607 @52.281s 3%: 0.086+0.82+0.091 ms clock, 0.68+0.64/0.74/0+0.73 ms cpu, 3->3->1 MB, 4 MB goal, 0 MB stacks, 0 MB globals, 8 P
gc 6608 @52.283s 3%: 0.038+0.71+0.089 ms clock, 0.30+0.54/0.81/0+0.71 ms cpu, 3->3->1 MB, 4 MB goal, 0 MB stacks, 0 MB globals, 8 P
gc 6609 @52.286s 3%: 0.10+0.45+0.099 ms clock, 0.85+0.75/0.61/0+0.79 ms cpu, 3->3->1 MB, 4 MB goal, 0 MB stacks, 0 MB globals, 8 P
gc 6610 @52.289s 3%: 0.10+0.48+0.11 ms clock, 0.86+0.52/0.63/0+0.89 ms cpu, 3->3->1 MB, 4 MB goal, 0 MB stacks, 0 MB globals, 8 P
gc 6611 @52.292s 3%: 0.10+0.52+0.053 ms clock, 0.86+0.44/0.64/0+0.42 ms cpu, 3->3->1 MB, 4 MB goal, 0 MB stacks, 0 MB globals, 8 P
gc 6612 @52.294s 3%: 0.10+0.71+0.096 ms clock, 0.87+0.57/0.59/0+0.76 ms cpu, 3->3->1 MB, 4 MB goal, 0 MB stacks, 0 MB globals, 8 P
gc 6613 @52.297s 3%: 0.10+0.53+0.12 ms clock, 0.84+0.65/0.58/0+1.0 ms cpu, 3->3->1 MB, 4 MB goal, 0 MB stacks, 0 MB globals, 8 P
gc 6614 @52.300s 3%: 0.062+0.44+0.11 ms clock, 0.49+0.81/0.58/0+0.95 ms cpu, 3->3->1 MB, 4 MB goal, 0 MB stacks, 0 MB globals, 8 P
gc 6615 @52.303s 3%: 0.080+0.64+0.081 ms clock, 0.64+0.62/0.65/0+0.65 ms cpu, 3->3->1 MB, 4 MB goal, 0 MB stacks, 0 MB globals, 8 P
gc 6616 @52.306s 3%: 0.10+0.43+0.098 ms clock, 0.86+0.65/0.52/0+0.78 ms cpu, 3->3->1 MB, 4 MB goal, 0 MB stacks, 0 MB globals, 8 P
gc 6617 @52.308s 3%: 0.11+0.58+0.081 ms clock, 0.89+0.68/0.78/0+0.65 ms cpu, 3->3->1 MB, 4 MB goal, 0 MB stacks, 0 MB globals, 8 P
gc 6618 @52.311s 3%: 0.10+0.53+0.088 ms clock, 0.80+0.70/0.69/0+0.70 ms cpu, 3->3->1 MB, 4 MB goal, 0 MB stacks, 0 MB globals, 8 P
gc 6619 @52.314s 3%: 0.10+0.89+0.083 ms clock, 0.84+0.61/0.62/0+0.67 ms cpu, 3->4->1 MB, 4 MB goal, 0 MB stacks, 0 MB globals, 8 P
gc 6620 @52.317s 3%: 0.099+0.46+0.058 ms clock, 0.79+0.62/0.58/0+0.47 ms cpu, 3->3->1 MB, 4 MB goal, 0 MB stacks, 0 MB globals, 8 P
gc 6621 @52.320s 3%: 0.11+0.41+0.082 ms clock, 0.88+0.55/0.53/0.066+0.66 ms cpu, 3->3->1 MB, 4 MB goal, 0 MB stacks, 0 MB globals, 8 P
gc 6622 @52.322s 3%: 0.074+0.76+0.094 ms clock, 0.59+0.70/0.60/0+0.75 ms cpu, 3->3->1 MB, 4 MB goal, 0 MB stacks, 0 MB globals, 8 P
gc 6623 @52.325s 3%: 0.083+0.42+0.071 ms clock, 0.66+0.72/0.58/0+0.56 ms cpu, 3->3->1 MB, 4 MB goal, 0 MB stacks, 0 MB globals, 8 P
gc 6624 @52.328s 3%: 0.083+0.51+0.044 ms clock, 0.67+0.60/0.62/0+0.35 ms cpu, 3->3->1 MB, 4 MB goal, 0 MB stacks, 0 MB globals, 8 P
gc 6625 @52.331s 3%: 0.11+0.82+0.042 ms clock, 0.92+0.64/0.55/0.004+0.34 ms cpu, 3->3->1 MB, 4 MB goal, 0 MB stacks, 0 MB globals, 8 P
gc 6626 @52.333s 3%: 0.092+0.56+0.083 ms clock, 0.74+0.56/0.69/0+0.67 ms cpu, 3->3->1 MB, 4 MB goal, 0 MB stacks, 0 MB globals, 8 P
gc 6627 @52.336s 3%: 0.074+0.86+0.010 ms clock, 0.59+0.60/0.65/0+0.086 ms cpu, 3->3->1 MB, 4 MB goal, 0 MB stacks, 0 MB globals, 8 P
gc 6628 @52.339s 3%: 0.10+0.42+0.068 ms clock, 0.85+0.60/0.58/0+0.55 ms cpu, 3->3->1 MB, 4 MB goal, 0 MB stacks, 0 MB globals, 8 P
gc 6629 @52.342s 3%: 0.10+0.68+0.077 ms clock, 0.85+0.67/0.69/0+0.61 ms cpu, 3->3->1 MB, 4 MB goal, 0 MB stacks, 0 MB globals, 8 P
gc 6630 @52.345s 3%: 0.10+1.0+0.093 ms clock, 0.87+0.53/0.69/0+0.75 ms cpu, 3->4->1 MB, 4 MB goal, 0 MB stacks, 0 MB globals, 8 P
gc 6631 @52.348s 3%: 0.10+0.89+0.067 ms clock, 0.83+0.63/0.53/0+0.54 ms cpu, 3->4->1 MB, 4 MB goal, 0 MB stacks, 0 MB globals, 8 P
gc 6632 @52.350s 3%: 0.17+0.50+0.10 ms clock, 1.4+0.59/0.54/0+0.84 ms cpu, 3->3->1 MB, 4 MB goal, 0 MB stacks, 0 MB globals, 8 P
gc 6633 @52.353s 3%: 0.11+0.88+0.13 ms clock, 0.91+0.53/0.68/0+1.0 ms cpu, 3->3->1 MB, 4 MB goal, 0 MB stacks, 0 MB globals, 8 P
gc 6634 @52.356s 3%: 0.10+0.50+0.080 ms clock, 0.85+0.59/0.58/0+0.64 ms cpu, 3->3->1 MB, 4 MB goal, 0 MB stacks, 0 MB globals, 8 P
gc 6635 @52.359s 3%: 0.062+0.49+0.073 ms clock, 0.50+0.69/0.61/0+0.58 ms cpu, 3->3->1 MB, 4 MB goal, 0 MB stacks, 0 MB globals, 8 P
gc 6636 @52.362s 3%: 0.093+0.52+0.095 ms clock, 0.74+0.59/0.59/0+0.76 ms cpu, 3->3->1 MB, 4 MB goal, 0 MB stacks, 0 MB globals, 8 P
gc 6637 @52.364s 3%: 0.11+0.58+0.090 ms clock, 0.90+0.71/0.58/0+0.72 ms cpu, 3->3->1 MB, 4 MB goal, 0 MB stacks, 0 MB globals, 8 P
gc 6638 @52.367s 3%: 0.13+0.65+0.056 ms clock, 1.0+0.73/0.58/0+0.44 ms cpu, 3->3->1 MB, 4 MB goal, 0 MB stacks, 0 MB globals, 8 P
gc 6639 @52.370s 3%: 0.078+0.45+0.089 ms clock, 0.62+0.67/0.54/0+0.71 ms cpu, 3->3->1 MB, 4 MB goal, 0 MB stacks, 0 MB globals, 8 P
gc 6640 @52.373s 3%: 0.067+0.48+0.041 ms clock, 0.53+0.68/0.54/0+0.33 ms cpu, 3->3->1 MB, 4 MB goal, 0 MB stacks, 0 MB globals, 8 P
gc 6641 @52.375s 3%: 0.10+0.61+0.13 ms clock, 0.80+0.56/0.71/0+1.0 ms cpu, 3->3->1 MB, 4 MB goal, 0 MB stacks, 0 MB globals, 8 P
gc 6642 @52.378s 3%: 0.099+0.50+0.078 ms clock, 0.79+0.74/0.58/0+0.63 ms cpu, 3->3->1 MB, 4 MB goal, 0 MB stacks, 0 MB globals, 8 P
gc 6643 @52.381s 3%: 0.054+0.73+0.067 ms clock, 0.43+0.69/0.67/0+0.53 ms cpu, 3->3->1 MB, 4 MB goal, 0 MB stacks, 0 MB globals, 8 P
gc 6644 @52.384s 3%: 0.12+0.61+0.068 ms clock, 0.96+0.40/0.69/0+0.54 ms cpu, 3->3->1 MB, 4 MB goal, 0 MB stacks, 0 MB globals, 8 P
gc 6645 @52.386s 3%: 0.11+0.97+0.072 ms clock, 0.92+0.69/0.59/0+0.57 ms cpu, 3->3->1 MB, 4 MB goal, 0 MB stacks, 0 MB globals, 8 P
gc 6646 @52.389s 3%: 0.12+0.80+0.078 ms clock, 0.97+0.71/0.66/0+0.62 ms cpu, 3->3->1 MB, 4 MB goal, 0 MB stacks, 0 MB globals, 8 P
gc 6647 @52.392s 3%: 0.11+0.72+0.082 ms clock, 0.93+0.67/0.60/0+0.66 ms cpu, 3->3->1 MB, 4 MB goal, 0 MB stacks, 0 MB globals, 8 P
gc 6648 @52.395s 3%: 0.088+0.50+0.087 ms clock, 0.71+0.67/0.58/0+0.70 ms cpu, 3->3->1 MB, 4 MB goal, 0 MB stacks, 0 MB globals, 8 P
gc 6649 @52.398s 3%: 0.12+0.52+0.11 ms clock, 0.99+0.66/0.63/0+0.94 ms cpu, 3->3->1 MB, 4 MB goal, 0 MB stacks, 0 MB globals, 8 P
gc 6650 @52.401s 3%: 0.078+0.50+0.047 ms clock, 0.62+0.50/0.61/0+0.37 ms cpu, 3->3->1 MB, 4 MB goal, 0 MB stacks, 0 MB globals, 8 P
gc 6651 @52.403s 3%: 0.12+0.62+0.063 ms clock, 1.0+0.56/0.70/0+0.51 ms cpu, 3->3->1 MB, 4 MB goal, 0 MB stacks, 0 MB globals, 8 P
gc 6652 @52.406s 3%: 0.10+0.67+0.039 ms clock, 0.81+0.61/0.60/0.003+0.31 ms cpu, 3->3->1 MB, 4 MB goal, 0 MB stacks, 0 MB globals, 8 P
gc 6653 @52.409s 3%: 0.10+0.43+0.10 ms clock, 0.86+0.68/0.53/0+0.83 ms cpu, 3->3->1 MB, 4 MB goal, 0 MB stacks, 0 MB globals, 8 P
gc 6654 @52.412s 3%: 0.084+0.58+0.094 ms clock, 0.67+0.69/0.65/0+0.75 ms cpu, 3->3->1 MB, 4 MB goal, 0 MB stacks, 0 MB globals, 8 P
gc 6655 @52.414s 3%: 0.13+0.48+0.11 ms clock, 1.0+0.61/0.68/0+0.90 ms cpu, 3->3->1 MB, 4 MB goal, 0 MB stacks, 0 MB globals, 8 P
gc 6656 @52.417s 3%: 0.11+0.64+0.084 ms clock, 0.90+0.62/0.64/0+0.67 ms cpu, 3->3->1 MB, 4 MB goal, 0 MB stacks, 0 MB globals, 8 P
gc 6657 @52.420s 3%: 0.062+0.51+0.063 ms clock, 0.50+0.62/0.66/0+0.50 ms cpu, 3->3->1 MB, 4 MB goal, 0 MB stacks, 0 MB globals, 8 P
gc 6658 @52.423s 3%: 0.093+0.41+0.059 ms clock, 0.74+0.69/0.54/0+0.47 ms cpu, 3->3->1 MB, 4 MB goal, 0 MB stacks, 0 MB globals, 8 P
gc 6659 @52.425s 3%: 0.096+0.68+0.081 ms clock, 0.77+0.67/0.71/0+0.65 ms cpu, 3->3->1 MB, 4 MB goal, 0 MB stacks, 0 MB globals, 8 P
gc 6660 @52.428s 3%: 0.057+0.53+0.045 ms clock, 0.46+0.64/0.70/0+0.36 ms cpu, 3->3->1 MB, 4 MB goal, 0 MB stacks, 0 MB globals, 8 P
gc 6661 @52.431s 3%: 0.071+0.53+0.063 ms clock, 0.56+0.61/0.67/0+0.50 ms cpu, 3->3->1 MB, 4 MB goal, 0 MB stacks, 0 MB globals, 8 P
gc 6662 @52.434s 3%: 0.13+0.46+0.093 ms clock, 1.1+0.64/0.63/0+0.74 ms cpu, 3->3->1 MB, 4 MB goal, 0 MB stacks, 0 MB globals, 8 P
gc 6663 @52.436s 3%: 0.10+0.46+0.075 ms clock, 0.81+0.66/0.62/0+0.60 ms cpu, 3->3->1 MB, 4 MB goal, 0 MB stacks, 0 MB globals, 8 P
gc 6664 @52.439s 3%: 0.11+0.47+0.075 ms clock, 0.89+0.63/0.54/0+0.60 ms cpu, 3->3->1 MB, 4 MB goal, 0 MB stacks, 0 MB globals, 8 P
gc 6665 @52.442s 3%: 0.096+0.59+0.065 ms clock, 0.77+0.69/0.70/0+0.52 ms cpu, 3->3->1 MB, 4 MB goal, 0 MB stacks, 0 MB globals, 8 P
gc 6666 @52.445s 3%: 0.060+0.71+0.095 ms clock, 0.48+0.78/0.59/0+0.76 ms cpu, 3->3->1 MB, 4 MB goal, 0 MB stacks, 0 MB globals, 8 P
gc 6667 @52.447s 3%: 0.12+0.62+0.13 ms clock, 1.0+0.59/0.67/0+1.0 ms cpu, 3->3->1 MB, 4 MB goal, 0 MB stacks, 0 MB globals, 8 P
gc 6668 @52.450s 3%: 0.10+0.67+0.074 ms clock, 0.80+0.62/0.55/0+0.59 ms cpu, 3->3->1 MB, 4 MB goal, 0 MB stacks, 0 MB globals, 8 P
gc 6669 @52.453s 3%: 0.096+0.58+0.073 ms clock, 0.76+0.63/0.58/0+0.58 ms cpu, 3->3->1 MB, 4 MB goal, 0 MB stacks, 0 MB globals, 8 P
gc 6670 @52.456s 3%: 0.098+0.50+0.083 ms clock, 0.79+0.63/0.61/0+0.66 ms cpu, 3->3->1 MB, 4 MB goal, 0 MB stacks, 0 MB globals, 8 P
gc 6671 @52.458s 3%: 0.082+0.55+0.097 ms clock, 0.65+0.64/0.58/0+0.77 ms cpu, 3->3->1 MB, 4 MB goal, 0 MB stacks, 0 MB globals, 8 P
gc 6672 @52.461s 3%: 0.13+0.51+0.078 ms clock, 1.0+0.57/0.69/0+0.62 ms cpu, 3->3->1 MB, 4 MB goal, 0 MB stacks, 0 MB globals, 8 P
gc 6673 @52.464s 3%: 0.11+0.75+0.086 ms clock, 0.90+0.65/0.65/0+0.69 ms cpu, 3->3->1 MB, 4 MB goal, 0 MB stacks, 0 MB globals, 8 P
gc 6674 @52.467s 3%: 0.10+0.59+0.082 ms clock, 0.83+0.52/0.66/0+0.65 ms cpu, 3->3->1 MB, 4 MB goal, 0 MB stacks, 0 MB globals, 8 P
gc 6675 @52.470s 3%: 0.10+0.59+0.079 ms clock, 0.81+0.64/0.60/0+0.63 ms cpu, 3->3->1 MB, 4 MB goal, 0 MB stacks, 0 MB globals, 8 P
gc 6676 @52.472s 3%: 0.096+0.51+0.091 ms clock, 0.77+0.66/0.50/0+0.73 ms cpu, 3->3->1 MB, 4 MB goal, 0 MB stacks, 0 MB globals, 8 P
gc 6677 @52.475s 3%: 0.077+0.64+0.089 ms clock, 0.62+0.70/0.59/0+0.71 ms cpu, 3->3->1 MB, 4 MB goal, 0 MB stacks, 0 MB globals, 8 P
gc 6678 @52.478s 3%: 0.10+0.54+0.064 ms clock, 0.83+0.60/0.68/0+0.51 ms cpu, 3->3->1 MB, 4 MB goal, 0 MB stacks, 0 MB globals, 8 P
gc 6679 @52.481s 3%: 0.11+0.42+0.056 ms clock, 0.90+0.66/0.50/0+0.45 ms cpu, 3->3->1 MB, 4 MB goal, 0 MB stacks, 0 MB globals, 8 P
gc 6680 @52.483s 3%: 0.12+0.69+0.062 ms clock, 0.98+0.60/0.65/0+0.49 ms cpu, 3->3->1 MB, 4 MB goal, 0 MB stacks, 0 MB globals, 8 P
gc 6681 @52.486s 3%: 0.10+0.57+0.069 ms clock, 0.81+1.0/0.70/0+0.55 ms cpu, 3->3->1 MB, 4 MB goal, 0 MB stacks, 0 MB globals, 8 P
gc 6682 @52.489s 3%: 0.10+0.71+0.092 ms clock, 0.81+0.54/0.61/0+0.73 ms cpu, 3->3->1 MB, 4 MB goal, 0 MB stacks, 0 MB globals, 8 P
gc 6683 @52.492s 3%: 0.064+0.88+0.038 ms clock, 0.51+0.69/0.57/0+0.31 ms cpu, 3->3->1 MB, 4 MB goal, 0 MB stacks, 0 MB globals, 8 P
gc 6684 @52.495s 3%: 0.062+0.37+0.036 ms clock, 0.49+0.68/0.52/0+0.29 ms cpu, 3->3->1 MB, 4 MB goal, 0 MB stacks, 0 MB globals, 8 P
gc 6685 @52.498s 3%: 0.13+0.52+0.099 ms clock, 1.0+0.58/0.65/0+0.79 ms cpu, 3->3->1 MB, 4 MB goal, 0 MB stacks, 0 MB globals, 8 P
gc 6686 @52.500s 3%: 0.085+0.42+0.050 ms clock, 0.68+0.69/0.55/0+0.40 ms cpu, 3->3->1 MB, 4 MB goal, 0 MB stacks, 0 MB globals, 8 P
gc 6687 @52.503s 3%: 0.094+0.51+0.095 ms clock, 0.75+0.56/0.63/0+0.76 ms cpu, 3->3->1 MB, 4 MB goal, 0 MB stacks, 0 MB globals, 8 P
gc 6688 @52.506s 3%: 0.095+0.40+0.098 ms clock, 0.76+0.61/0.51/0+0.78 ms cpu, 3->3->1 MB, 4 MB goal, 0 MB stacks, 0 MB globals, 8 P
gc 6689 @52.508s 3%: 0.077+0.63+0.093 ms clock, 0.62+0.55/0.65/0+0.75 ms cpu, 3->3->1 MB, 4 MB goal, 0 MB stacks, 0 MB globals, 8 P
gc 6690 @52.511s 3%: 0.12+0.49+0.11 ms clock, 1.0+0.69/0.60/0+0.92 ms cpu, 3->3->1 MB, 4 MB goal, 0 MB stacks, 0 MB globals, 8 P
gc 6691 @52.514s 3%: 0.12+0.45+0.090 ms clock, 0.96+0.62/0.60/0+0.72 ms cpu, 3->3->1 MB, 4 MB goal, 0 MB stacks, 0 MB globals, 8 P
gc 6692 @52.517s 3%: 0.12+0.49+0.092 ms clock, 0.99+0.72/0.62/0+0.74 ms cpu, 3->3->1 MB, 4 MB goal, 0 MB stacks, 0 MB globals, 8 P
gc 6693 @52.520s 3%: 0.097+0.42+0.062 ms clock, 0.77+0.65/0.61/0+0.50 ms cpu, 3->3->1 MB, 4 MB goal, 0 MB stacks, 0 MB globals, 8 P
gc 6694 @52.522s 3%: 0.050+0.66+0.10 ms clock, 0.40+0.66/0.61/0+0.83 ms cpu, 3->3->1 MB, 4 MB goal, 0 MB stacks, 0 MB globals, 8 P
gc 6695 @52.525s 3%: 0.10+0.49+0.11 ms clock, 0.81+0.69/0.60/0+0.94 ms cpu, 3->3->1 MB, 4 MB goal, 0 MB stacks, 0 MB globals, 8 P
gc 6696 @52.528s 3%: 0.078+0.37+0.065 ms clock, 0.62+0.66/0.51/0+0.52 ms cpu, 3->3->1 MB, 4 MB goal, 0 MB stacks, 0 MB globals, 8 P
gc 6697 @52.531s 3%: 0.11+1.0+0.10 ms clock, 0.92+1.5/0.65/0+0.81 ms cpu, 3->3->1 MB, 4 MB goal, 0 MB stacks, 0 MB globals, 8 P
gc 6698 @52.533s 3%: 0.098+0.43+0.067 ms clock, 0.79+0.70/0.58/0+0.54 ms cpu, 3->3->1 MB, 4 MB goal, 0 MB stacks, 0 MB globals, 8 P
gc 6699 @52.536s 3%: 0.087+0.48+0.081 ms clock, 0.70+0.75/0.54/0+0.65 ms cpu, 3->3->1 MB, 4 MB goal, 0 MB stacks, 0 MB globals, 8 P
gc 6700 @52.539s 3%: 0.073+0.89+0.077 ms clock, 0.58+0.69/0.57/0+0.62 ms cpu, 3->3->1 MB, 4 MB goal, 0 MB stacks, 0 MB globals, 8 P
gc 6701 @52.542s 3%: 0.11+0.54+0.076 ms clock, 0.91+0.62/0.59/0+0.61 ms cpu, 3->3->1 MB, 4 MB goal, 0 MB stacks, 0 MB globals, 8 P
gc 6702 @52.545s 3%: 0.11+0.93+0.052 ms clock, 0.89+0.47/0.63/0+0.42 ms cpu, 3->3->1 MB, 4 MB goal, 0 MB stacks, 0 MB globals, 8 P
gc 6703 @52.547s 3%: 0.10+0.59+0.093 ms clock, 0.82+0.64/0.68/0+0.75 ms cpu, 3->3->1 MB, 4 MB goal, 0 MB stacks, 0 MB globals, 8 P
gc 6704 @52.550s 3%: 0.083+0.90+0.094 ms clock, 0.67+0.62/0.63/0+0.75 ms cpu, 3->3->1 MB, 4 MB goal, 0 MB stacks, 0 MB globals, 8 P
gc 6705 @52.553s 3%: 0.069+0.48+0.082 ms clock, 0.55+0.59/0.63/0+0.65 ms cpu, 3->3->1 MB, 4 MB goal, 0 MB stacks, 0 MB globals, 8 P
gc 6706 @52.556s 3%: 0.12+0.55+0.073 ms clock, 0.99+0.60/0.58/0+0.58 ms cpu, 3->3->1 MB, 4 MB goal, 0 MB stacks, 0 MB globals, 8 P
gc 6707 @52.559s 3%: 0.071+0.48+0.092 ms clock, 0.57+0.67/0.66/0+0.73 ms cpu, 3->3->1 MB, 4 MB goal, 0 MB stacks, 0 MB globals, 8 P
gc 6708 @52.562s 3%: 0.098+0.78+0.10 ms clock, 0.78+0.58/0.63/0+0.82 ms cpu, 3->3->1 MB, 4 MB goal, 0 MB stacks, 0 MB globals, 8 P
gc 6709 @52.564s 3%: 0.062+0.48+0.10 ms clock, 0.49+0.60/0.54/0+0.85 ms cpu, 3->3->1 MB, 4 MB goal, 0 MB stacks, 0 MB globals, 8 P
gc 6710 @52.567s 3%: 0.11+0.49+0.064 ms clock, 0.91+0.55/0.67/0+0.51 ms cpu, 3->3->1 MB, 4 MB goal, 0 MB stacks, 0 MB globals, 8 P
gc 6711 @52.570s 3%: 0.10+0.46+0.082 ms clock, 0.87+0.65/0.58/0+0.65 ms cpu, 3->3->1 MB, 4 MB goal, 0 MB stacks, 0 MB globals, 8 P
gc 6712 @52.573s 3%: 0.11+0.61+0.14 ms clock, 0.94+0.56/0.71/0+1.1 ms cpu, 3->3->1 MB, 4 MB goal, 0 MB stacks, 0 MB globals, 8 P
gc 6713 @52.575s 3%: 0.11+0.73+0.053 ms clock, 0.91+0.65/0.62/0+0.42 ms cpu, 3->3->1 MB, 4 MB goal, 0 MB stacks, 0 MB globals, 8 P
gc 6714 @52.578s 3%: 0.10+0.97+0.056 ms clock, 0.84+0.72/0.70/0+0.44 ms cpu, 3->4->1 MB, 4 MB goal, 0 MB stacks, 0 MB globals, 8 P
gc 6715 @52.581s 3%: 0.095+0.55+0.10 ms clock, 0.76+0.63/0.68/0+0.84 ms cpu, 3->3->1 MB, 4 MB goal, 0 MB stacks, 0 MB globals, 8 P
gc 6716 @52.584s 3%: 0.088+0.44+0.047 ms clock, 0.70+0.68/0.56/0+0.38 ms cpu, 3->3->1 MB, 4 MB goal, 0 MB stacks, 0 MB globals, 8 P
gc 6717 @52.587s 3%: 0.092+0.53+0.067 ms clock, 0.74+0.62/0.63/0+0.53 ms cpu, 3->3->1 MB, 4 MB goal, 0 MB stacks, 0 MB globals, 8 P
gc 6718 @52.590s 3%: 0.11+0.48+0.065 ms clock, 0.95+0.63/0.68/0+0.52 ms cpu, 3->3->1 MB, 4 MB goal, 0 MB stacks, 0 MB globals, 8 P
gc 6719 @52.592s 3%: 0.095+0.48+0.078 ms clock, 0.76+0.73/0.58/0+0.63 ms cpu, 3->3->1 MB, 4 MB goal, 0 MB stacks, 0 MB globals, 8 P
gc 6720 @52.595s 3%: 0.10+0.47+0.10 ms clock, 0.84+0.61/0.62/0+0.82 ms cpu, 3->3->1 MB, 4 MB goal, 0 MB stacks, 0 MB globals, 8 P
gc 6721 @52.598s 3%: 0.11+0.49+0.077 ms clock, 0.91+0.68/0.65/0+0.61 ms cpu, 3->3->1 MB, 4 MB goal, 0 MB stacks, 0 MB globals, 8 P
gc 6722 @52.601s 3%: 0.10+0.70+0.051 ms clock, 0.87+0.50/0.63/0+0.41 ms cpu, 3->3->1 MB, 4 MB goal, 0 MB stacks, 0 MB globals, 8 P
gc 6723 @52.603s 3%: 0.066+0.52+0.063 ms clock, 0.53+0.69/0.59/0+0.50 ms cpu, 3->3->1 MB, 4 MB goal, 0 MB stacks, 0 MB globals, 8 P
gc 6724 @52.606s 3%: 0.12+0.53+0.086 ms clock, 1.0+0.68/0.59/0+0.69 ms cpu, 3->3->1 MB, 4 MB goal, 0 MB stacks, 0 MB globals, 8 P
gc 6725 @52.609s 3%: 0.12+0.83+0.087 ms clock, 1.0+0.56/0.76/0+0.69 ms cpu, 3->4->1 MB, 4 MB goal, 0 MB stacks, 0 MB globals, 8 P
gc 6726 @52.612s 3%: 0.13+0.53+0.095 ms clock, 1.0+0.59/0.66/0+0.76 ms cpu, 3->3->1 MB, 4 MB goal, 0 MB stacks, 0 MB globals, 8 P
gc 6727 @52.615s 3%: 0.13+0.58+0.083 ms clock, 1.0+0.60/0.66/0+0.66 ms cpu, 3->3->1 MB, 4 MB goal, 0 MB stacks, 0 MB globals, 8 P
gc 6728 @52.618s 3%: 0.056+0.68+0.094 ms clock, 0.45+0.64/0.69/0+0.75 ms cpu, 3->3->1 MB, 4 MB goal, 0 MB stacks, 0 MB globals, 8 P
gc 6729 @52.620s 3%: 0.10+0.55+0.090 ms clock, 0.87+0.70/0.65/0+0.72 ms cpu, 3->3->1 MB, 4 MB goal, 0 MB stacks, 0 MB globals, 8 P
gc 6730 @52.623s 3%: 0.092+0.94+0.099 ms clock, 0.73+0.66/0.56/0+0.79 ms cpu, 3->3->1 MB, 4 MB goal, 0 MB stacks, 0 MB globals, 8 P
gc 6731 @52.626s 3%: 0.10+0.56+0.084 ms clock, 0.86+0.70/0.67/0+0.67 ms cpu, 3->3->1 MB, 4 MB goal, 0 MB stacks, 0 MB globals, 8 P
gc 6732 @52.629s 3%: 0.081+0.60+0.062 ms clock, 0.65+0.74/0.55/0+0.49 ms cpu, 3->3->1 MB, 4 MB goal, 0 MB stacks, 0 MB globals, 8 P
gc 6733 @52.632s 3%: 0.10+0.47+0.11 ms clock, 0.85+0.67/0.54/0+0.92 ms cpu, 3->3->1 MB, 4 MB goal, 0 MB stacks, 0 MB globals, 8 P
gc 6734 @52.634s 3%: 0.091+0.42+0.072 ms clock, 0.73+0.69/0.56/0+0.58 ms cpu, 3->3->1 MB, 4 MB goal, 0 MB stacks, 0 MB globals, 8 P
gc 6735 @52.637s 3%: 0.11+0.49+0.11 ms clock, 0.95+0.58/0.60/0+0.93 ms cpu, 3->3->1 MB, 4 MB goal, 0 MB stacks, 0 MB globals, 8 P
gc 6736 @52.640s 3%: 0.095+0.47+0.10 ms clock, 0.76+0.59/0.62/0+0.86 ms cpu, 3->3->1 MB, 4 MB goal, 0 MB stacks, 0 MB globals, 8 P
gc 6737 @52.642s 3%: 0.10+0.38+0.13 ms clock, 0.83+0.66/0.58/0+1.0 ms cpu, 3->3->1 MB, 4 MB goal, 0 MB stacks, 0 MB globals, 8 P
gc 6738 @52.645s 3%: 0.11+0.99+0.074 ms clock, 0.91+0.71/0.57/0+0.59 ms cpu, 3->4->1 MB, 4 MB goal, 0 MB stacks, 0 MB globals, 8 P
gc 6739 @52.648s 3%: 0.12+0.48+0.059 ms clock, 1.0+0.63/0.60/0+0.47 ms cpu, 3->3->1 MB, 4 MB goal, 0 MB stacks, 0 MB globals, 8 P
gc 6740 @52.651s 3%: 0.080+0.49+0.10 ms clock, 0.64+0.68/0.59/0+0.81 ms cpu, 3->3->1 MB, 4 MB goal, 0 MB stacks, 0 MB globals, 8 P
gc 6741 @52.654s 3%: 0.082+0.55+0.092 ms clock, 0.66+0.70/0.51/0+0.73 ms cpu, 3->3->1 MB, 4 MB goal, 0 MB stacks, 0 MB globals, 8 P
gc 6742 @52.657s 3%: 0.14+0.53+0.069 ms clock, 1.1+0.61/0.68/0+0.55 ms cpu, 3->3->1 MB, 4 MB goal, 0 MB stacks, 0 MB globals, 8 P
gc 6743 @52.659s 3%: 0.14+0.45+0.040 ms clock, 1.1+0.59/0.60/0+0.32 ms cpu, 3->3->1 MB, 4 MB goal, 0 MB stacks, 0 MB globals, 8 P
gc 6744 @52.662s 3%: 0.098+0.43+0.043 ms clock, 0.78+0.69/0.57/0+0.34 ms cpu, 3->3->1 MB, 4 MB goal, 0 MB stacks, 0 MB globals, 8 P
gc 6745 @52.665s 3%: 0.11+0.53+0.072 ms clock, 0.94+0.59/0.70/0+0.57 ms cpu, 3->3->1 MB, 4 MB goal, 0 MB stacks, 0 MB globals, 8 P
gc 6746 @52.668s 3%: 0.055+0.44+0.092 ms clock, 0.44+0.66/0.53/0+0.73 ms cpu, 3->3->1 MB, 4 MB goal, 0 MB stacks, 0 MB globals, 8 P
gc 6747 @52.670s 3%: 0.10+0.59+0.10 ms clock, 0.82+0.55/0.66/0+0.83 ms cpu, 3->3->1 MB, 4 MB goal, 0 MB stacks, 0 MB globals, 8 P
gc 6748 @52.673s 3%: 0.075+0.54+0.067 ms clock, 0.60+0.65/0.61/0+0.53 ms cpu, 3->3->1 MB, 4 MB goal, 0 MB stacks, 0 MB globals, 8 P
gc 6749 @52.676s 3%: 0.089+0.60+0.10 ms clock, 0.71+0.42/0.77/0+0.80 ms cpu, 3->3->1 MB, 4 MB goal, 0 MB stacks, 0 MB globals, 8 P
gc 6750 @52.679s 3%: 0.099+0.42+0.088 ms clock, 0.79+0.60/0.56/0+0.71 ms cpu, 3->3->1 MB, 4 MB goal, 0 MB stacks, 0 MB globals, 8 P
gc 6751 @52.682s 3%: 0.10+0.47+0.051 ms clock, 0.81+0.68/0.59/0+0.41 ms cpu, 3->3->1 MB, 4 MB goal, 0 MB stacks, 0 MB globals, 8 P
gc 6752 @52.685s 3%: 0.10+0.46+0.055 ms clock, 0.81+0.74/0.54/0+0.44 ms cpu, 3->3->1 MB, 4 MB goal, 0 MB stacks, 0 MB globals, 8 P
gc 6753 @52.687s 3%: 0.082+0.48+0.094 ms clock, 0.66+0.64/0.58/0+0.75 ms cpu, 3->3->1 MB, 4 MB goal, 0 MB stacks, 0 MB globals, 8 P
gc 6754 @52.690s 3%: 0.12+0.44+0.11 ms clock, 0.98+0.59/0.61/0+0.93 ms cpu, 3->3->1 MB, 4 MB goal, 0 MB stacks, 0 MB globals, 8 P
gc 6755 @52.693s 3%: 0.11+0.75+0.11 ms clock, 0.90+0.67/0.63/0+0.93 ms cpu, 3->3->1 MB, 4 MB goal, 0 MB stacks, 0 MB globals, 8 P
gc 6756 @52.696s 3%: 0.071+0.55+0.094 ms clock, 0.56+0.53/0.54/0+0.75 ms cpu, 3->3->1 MB, 4 MB goal, 0 MB stacks, 0 MB globals, 8 P
gc 6757 @52.699s 3%: 0.092+0.56+0.095 ms clock, 0.73+0.57/0.60/0+0.76 ms cpu, 3->3->1 MB, 4 MB goal, 0 MB stacks, 0 MB globals, 8 P
gc 6758 @52.702s 3%: 0.090+0.47+0.063 ms clock, 0.72+0.57/0.62/0+0.51 ms cpu, 3->3->1 MB, 4 MB goal, 0 MB stacks, 0 MB globals, 8 P
gc 6759 @52.704s 3%: 0.099+0.61+0.090 ms clock, 0.79+0.65/0.64/0+0.72 ms cpu, 3->3->1 MB, 4 MB goal, 0 MB stacks, 0 MB globals, 8 P
gc 6760 @52.707s 3%: 0.10+0.40+0.057 ms clock, 0.85+0.58/0.47/0+0.45 ms cpu, 3->3->1 MB, 4 MB goal, 0 MB stacks, 0 MB globals, 8 P
gc 6761 @52.710s 3%: 0.10+0.63+0.096 ms clock, 0.82+0.64/0.54/0+0.77 ms cpu, 3->3->1 MB, 4 MB goal, 0 MB stacks, 0 MB globals, 8 P
gc 6762 @52.713s 3%: 0.11+0.55+0.12 ms clock, 0.95+0.71/0.60/0+1.0 ms cpu, 3->3->1 MB, 4 MB goal, 0 MB stacks, 0 MB globals, 8 P
gc 6763 @52.715s 3%: 0.11+0.58+0.090 ms clock, 0.88+0.61/0.64/0+0.72 ms cpu, 3->3->1 MB, 4 MB goal, 0 MB stacks, 0 MB globals, 8 P
gc 6764 @52.718s 3%: 0.11+0.47+0.097 ms clock, 0.89+0.69/0.61/0+0.77 ms cpu, 3->3->1 MB, 4 MB goal, 0 MB stacks, 0 MB globals, 8 P
gc 6765 @52.721s 3%: 0.11+0.49+0.037 ms clock, 0.89+0.64/0.58/0+0.29 ms cpu, 3->3->1 MB, 4 MB goal, 0 MB stacks, 0 MB globals, 8 P
gc 6766 @52.724s 3%: 0.093+0.56+0.073 ms clock, 0.74+0.59/0.67/0+0.58 ms cpu, 3->3->1 MB, 4 MB goal, 0 MB stacks, 0 MB globals, 8 P
gc 6767 @52.727s 3%: 0.067+0.89+0.089 ms clock, 0.53+0.75/0.53/0+0.71 ms cpu, 3->3->1 MB, 4 MB goal, 0 MB stacks, 0 MB globals, 8 P
gc 6768 @52.730s 3%: 0.10+0.40+0.066 ms clock, 0.87+0.69/0.56/0+0.53 ms cpu, 3->3->1 MB, 4 MB goal, 0 MB stacks, 0 MB globals, 8 P
gc 6769 @52.732s 3%: 0.12+0.46+0.079 ms clock, 1.0+0.48/0.63/0+0.63 ms cpu, 3->3->1 MB, 4 MB goal, 0 MB stacks, 0 MB globals, 8 P
gc 6770 @52.735s 3%: 0.11+0.85+0.090 ms clock, 0.90+0.61/0.73/0+0.72 ms cpu, 3->3->1 MB, 4 MB goal, 0 MB stacks, 0 MB globals, 8 P
gc 6771 @52.738s 3%: 0.12+0.53+0.099 ms clock, 0.97+0.73/0.55/0+0.79 ms cpu, 3->3->1 MB, 4 MB goal, 0 MB stacks, 0 MB globals, 8 P
gc 6772 @52.741s 3%: 0.12+0.59+0.11 ms clock, 0.97+0.67/0.68/0+0.92 ms cpu, 3->3->1 MB, 4 MB goal, 0 MB stacks, 0 MB globals, 8 P
gc 6773 @52.743s 3%: 0.13+0.70+0.035 ms clock, 1.0+0.69/0.56/0+0.28 ms cpu, 3->3->1 MB, 4 MB goal, 0 MB stacks, 0 MB globals, 8 P
gc 6774 @52.746s 3%: 0.088+0.39+0.069 ms clock, 0.71+0.68/0.53/0+0.55 ms cpu, 3->3->1 MB, 4 MB goal, 0 MB stacks, 0 MB globals, 8 P
gc 6775 @52.749s 3%: 0.090+0.76+0.086 ms clock, 0.72+0.61/0.73/0+0.69 ms cpu, 3->3->1 MB, 4 MB goal, 0 MB stacks, 0 MB globals, 8 P
gc 6776 @52.752s 3%: 0.099+0.41+0.075 ms clock, 0.79+0.72/0.63/0+0.60 ms cpu, 3->3->1 MB, 4 MB goal, 0 MB stacks, 0 MB globals, 8 P
gc 6777 @52.755s 3%: 0.10+0.73+0.099 ms clock, 0.85+0.58/0.66/0+0.79 ms cpu, 3->3->1 MB, 4 MB goal, 0 MB stacks, 0 MB globals, 8 P
gc 6778 @52.758s 3%: 0.079+0.54+0.092 ms clock, 0.63+0.69/0.60/0+0.74 ms cpu, 3->3->1 MB, 4 MB goal, 0 MB stacks, 0 MB globals, 8 P
gc 6779 @52.760s 3%: 0.10+0.81+0.10 ms clock, 0.80+0.51/0.62/0+0.82 ms cpu, 3->3->1 MB, 4 MB goal, 0 MB stacks, 0 MB globals, 8 P
gc 6780 @52.763s 3%: 0.096+0.57+0.080 ms clock, 0.77+0.71/0.63/0+0.64 ms cpu, 3->3->1 MB, 4 MB goal, 0 MB stacks, 0 MB globals, 8 P
gc 6781 @52.766s 3%: 0.11+0.67+0.11 ms clock, 0.88+0.61/0.71/0+0.89 ms cpu, 3->3->1 MB, 4 MB goal, 0 MB stacks, 0 MB globals, 8 P
gc 6782 @52.769s 3%: 0.049+0.59+0.039 ms clock, 0.39+0.65/0.63/0+0.31 ms cpu, 3->3->1 MB, 4 MB goal, 0 MB stacks, 0 MB globals, 8 P
gc 6783 @52.772s 3%: 0.079+0.57+0.055 ms clock, 0.63+0.63/0.59/0+0.44 ms cpu, 3->3->1 MB, 4 MB goal, 0 MB stacks, 0 MB globals, 8 P
gc 6784 @52.774s 3%: 0.11+0.49+0.085 ms clock, 0.93+0.67/0.64/0+0.68 ms cpu, 3->3->1 MB, 4 MB goal, 0 MB stacks, 0 MB globals, 8 P
gc 6785 @52.777s 3%: 0.099+0.57+0.063 ms clock, 0.79+0.56/0.63/0+0.50 ms cpu, 3->3->1 MB, 4 MB goal, 0 MB stacks, 0 MB globals, 8 P
gc 6786 @52.780s 3%: 0.096+0.49+0.10 ms clock, 0.77+0.68/0.66/0+0.85 ms cpu, 3->3->1 MB, 4 MB goal, 0 MB stacks, 0 MB globals, 8 P
gc 6787 @52.783s 3%: 0.11+0.49+0.073 ms clock, 0.93+0.69/0.60/0+0.58 ms cpu, 3->3->1 MB, 4 MB goal, 0 MB stacks, 0 MB globals, 8 P
gc 6788 @52.786s 3%: 0.19+0.64+0.12 ms clock, 1.5+0.55/0.53/0+0.97 ms cpu, 3->3->1 MB, 4 MB goal, 0 MB stacks, 0 MB globals, 8 P
gc 6789 @52.788s 3%: 0.093+0.51+0.076 ms clock, 0.75+0.72/0.55/0+0.61 ms cpu, 3->3->1 MB, 4 MB goal, 0 MB stacks, 0 MB globals, 8 P
gc 6790 @52.791s 3%: 0.098+0.54+0.054 ms clock, 0.78+0.69/0.60/0+0.43 ms cpu, 3->3->1 MB, 4 MB goal, 0 MB stacks, 0 MB globals, 8 P
gc 6791 @52.794s 3%: 0.087+0.73+0.10 ms clock, 0.70+0.63/0.59/0+0.82 ms cpu, 3->3->1 MB, 4 MB goal, 0 MB stacks, 0 MB globals, 8 P
gc 6792 @52.797s 3%: 0.087+0.65+0.10 ms clock, 0.70+0.66/0.58/0+0.86 ms cpu, 3->3->1 MB, 4 MB goal, 0 MB stacks, 0 MB globals, 8 P
gc 6793 @52.800s 3%: 0.11+0.44+0.10 ms clock, 0.89+0.61/0.61/0+0.85 ms cpu, 3->3->1 MB, 4 MB goal, 0 MB stacks, 0 MB globals, 8 P
gc 6794 @52.802s 3%: 0.053+0.79+0.10 ms clock, 0.42+0.69/0.54/0+0.81 ms cpu, 3->3->1 MB, 4 MB goal, 0 MB stacks, 0 MB globals, 8 P
gc 6795 @52.805s 3%: 0.089+0.50+0.095 ms clock, 0.71+0.70/0.59/0+0.76 ms cpu, 3->3->1 MB, 4 MB goal, 0 MB stacks, 0 MB globals, 8 P
gc 6796 @52.808s 3%: 0.10+0.73+0.088 ms clock, 0.84+0.51/0.73/0+0.71 ms cpu, 3->3->1 MB, 4 MB goal, 0 MB stacks, 0 MB globals, 8 P
gc 6797 @52.811s 3%: 0.10+0.50+0.077 ms clock, 0.85+0.70/0.52/0+0.61 ms cpu, 3->3->1 MB, 4 MB goal, 0 MB stacks, 0 MB globals, 8 P
gc 6798 @52.814s 3%: 0.12+0.52+0.10 ms clock, 0.98+0.65/0.64/0+0.80 ms cpu, 3->3->1 MB, 4 MB goal, 0 MB stacks, 0 MB globals, 8 P
gc 6799 @52.816s 3%: 0.12+0.45+0.11 ms clock, 0.96+0.63/0.60/0+0.93 ms cpu, 3->3->1 MB, 4 MB goal, 0 MB stacks, 0 MB globals, 8 P
gc 6800 @52.819s 3%: 0.096+0.46+0.10 ms clock, 0.77+0.69/0.56/0+0.84 ms cpu, 3->3->1 MB, 4 MB goal, 0 MB stacks, 0 MB globals, 8 P
gc 6801 @52.822s 3%: 0.057+0.49+0.085 ms clock, 0.45+0.73/0.56/0+0.68 ms cpu, 3->3->1 MB, 4 MB goal, 0 MB stacks, 0 MB globals, 8 P
gc 6802 @52.825s 3%: 0.12+0.51+0.091 ms clock, 1.0+0.60/0.65/0+0.73 ms cpu, 3->3->1 MB, 4 MB goal, 0 MB stacks, 0 MB globals, 8 P
gc 6803 @52.828s 3%: 0.095+0.86+0.086 ms clock, 0.76+0.64/0.59/0+0.69 ms cpu, 3->3->1 MB, 4 MB goal, 0 MB stacks, 0 MB globals, 8 P
gc 6804 @52.830s 3%: 0.074+0.55+0.11 ms clock, 0.59+0.54/0.74/0+0.91 ms cpu, 3->3->1 MB, 4 MB goal, 0 MB stacks, 0 MB globals, 8 P
gc 6805 @52.833s 3%: 0.10+0.52+0.081 ms clock, 0.80+0.69/0.70/0+0.65 ms cpu, 3->3->1 MB, 4 MB goal, 0 MB stacks, 0 MB globals, 8 P
gc 6806 @52.836s 3%: 0.11+0.60+0.093 ms clock, 0.89+0.59/0.74/0+0.74 ms cpu, 3->3->1 MB, 4 MB goal, 0 MB stacks, 0 MB globals, 8 P
gc 6807 @52.839s 3%: 0.10+0.56+0.094 ms clock, 0.80+0.69/0.61/0+0.75 ms cpu, 3->3->1 MB, 4 MB goal, 0 MB stacks, 0 MB globals, 8 P
gc 6808 @52.841s 3%: 0.10+0.53+0.075 ms clock, 0.85+0.67/0.71/0+0.60 ms cpu, 3->3->1 MB, 4 MB goal, 0 MB stacks, 0 MB globals, 8 P
gc 6809 @52.844s 3%: 0.13+0.44+0.060 ms clock, 1.0+0.66/0.58/0+0.48 ms cpu, 3->3->1 MB, 4 MB goal, 0 MB stacks, 0 MB globals, 8 P
gc 6810 @52.847s 3%: 0.13+0.79+0.093 ms clock, 1.0+0.58/0.58/0+0.74 ms cpu, 3->3->1 MB, 4 MB goal, 0 MB stacks, 0 MB globals, 8 P
gc 6811 @52.850s 3%: 0.082+0.41+0.070 ms clock, 0.66+0.63/0.54/0.028+0.56 ms cpu, 3->3->1 MB, 4 MB goal, 0 MB stacks, 0 MB globals, 8 P
gc 6812 @52.853s 3%: 0.10+0.47+0.061 ms clock, 0.87+0.67/0.60/0+0.49 ms cpu, 3->3->1 MB, 4 MB goal, 0 MB stacks, 0 MB globals, 8 P
gc 6813 @52.855s 3%: 0.095+0.56+0.098 ms clock, 0.76+0.49/0.66/0+0.79 ms cpu, 3->3->1 MB, 4 MB goal, 0 MB stacks, 0 MB globals, 8 P
gc 6814 @52.858s 3%: 0.10+0.79+0.083 ms clock, 0.87+0.67/0.65/0+0.66 ms cpu, 3->3->1 MB, 4 MB goal, 0 MB stacks, 0 MB globals, 8 P
gc 6815 @52.861s 3%: 0.092+0.85+0.072 ms clock, 0.73+0.68/0.57/0+0.57 ms cpu, 3->3->1 MB, 4 MB goal, 0 MB stacks, 0 MB globals, 8 P
gc 6816 @52.864s 3%: 0.070+0.66+0.087 ms clock, 0.56+0.58/0.54/0+0.70 ms cpu, 3->3->1 MB, 4 MB goal, 0 MB stacks, 0 MB globals, 8 P
gc 6817 @52.867s 3%: 0.12+0.51+0.044 ms clock, 1.0+0.63/0.68/0+0.35 ms cpu, 3->3->1 MB, 4 MB goal, 0 MB stacks, 0 MB globals, 8 P
gc 6818 @52.870s 3%: 0.090+0.50+0.10 ms clock, 0.72+0.60/0.54/0+0.83 ms cpu, 3->3->1 MB, 4 MB goal, 0 MB stacks, 0 MB globals, 8 P
gc 6819 @52.872s 3%: 0.10+0.50+0.094 ms clock, 0.84+0.58/0.66/0+0.75 ms cpu, 3->3->1 MB, 4 MB goal, 0 MB stacks, 0 MB globals, 8 P
gc 6820 @52.875s 3%: 0.071+0.43+0.10 ms clock, 0.57+0.69/0.55/0+0.86 ms cpu, 3->3->1 MB, 4 MB goal, 0 MB stacks, 0 MB globals, 8 P
gc 6821 @52.878s 3%: 0.094+0.55+0.10 ms clock, 0.75+0.62/0.65/0+0.80 ms cpu, 3->3->1 MB, 4 MB goal, 0 MB stacks, 0 MB globals, 8 P
gc 6822 @52.881s 3%: 0.12+0.77+0.080 ms clock, 0.99+0.55/0.84/0+0.64 ms cpu, 3->3->1 MB, 4 MB goal, 0 MB stacks, 0 MB globals, 8 P
gc 6823 @52.884s 3%: 0.11+0.73+0.097 ms clock, 0.89+0.66/0.61/0+0.78 ms cpu, 3->3->1 MB, 4 MB goal, 0 MB stacks, 0 MB globals, 8 P
gc 6824 @52.886s 3%: 0.13+0.62+0.070 ms clock, 1.0+0.69/0.64/0+0.56 ms cpu, 3->3->1 MB, 4 MB goal, 0 MB stacks, 0 MB globals, 8 P
gc 6825 @52.889s 3%: 0.11+0.43+0.037 ms clock, 0.93+0.61/0.64/0+0.29 ms cpu, 3->3->1 MB, 4 MB goal, 0 MB stacks, 0 MB globals, 8 P
gc 6826 @52.892s 3%: 0.11+0.36+0.085 ms clock, 0.89+0.66/0.56/0+0.68 ms cpu, 3->3->1 MB, 4 MB goal, 0 MB stacks, 0 MB globals, 8 P
gc 6827 @52.895s 3%: 0.088+0.38+0.071 ms clock, 0.71+0.59/0.58/0+0.57 ms cpu, 3->3->1 MB, 4 MB goal, 0 MB stacks, 0 MB globals, 8 P
gc 6828 @52.897s 3%: 0.10+0.97+0.061 ms clock, 0.86+0.51/0.69/0+0.49 ms cpu, 3->3->1 MB, 4 MB goal, 0 MB stacks, 0 MB globals, 8 P
gc 6829 @52.900s 3%: 0.13+0.50+0.067 ms clock, 1.0+0.67/0.70/0+0.54 ms cpu, 3->3->1 MB, 4 MB goal, 0 MB stacks, 0 MB globals, 8 P
gc 6830 @52.903s 3%: 0.11+0.82+0.10 ms clock, 0.92+0.68/0.58/0+0.82 ms cpu, 3->3->1 MB, 4 MB goal, 0 MB stacks, 0 MB globals, 8 P
gc 6831 @52.906s 3%: 0.12+0.85+0.088 ms clock, 0.98+0.50/0.71/0+0.70 ms cpu, 3->3->1 MB, 4 MB goal, 0 MB stacks, 0 MB globals, 8 P
gc 6832 @52.909s 3%: 0.094+0.57+0.092 ms clock, 0.75+0.55/0.69/0+0.74 ms cpu, 3->3->1 MB, 4 MB goal, 0 MB stacks, 0 MB globals, 8 P
gc 6833 @52.912s 3%: 0.062+0.74+0.11 ms clock, 0.49+0.61/0.62/0+0.92 ms cpu, 3->3->1 MB, 4 MB goal, 0 MB stacks, 0 MB globals, 8 P
gc 6834 @52.914s 3%: 0.10+0.44+0.058 ms clock, 0.81+0.77/0.56/0+0.47 ms cpu, 3->3->1 MB, 4 MB goal, 0 MB stacks, 0 MB globals, 8 P
gc 6835 @52.917s 3%: 0.093+0.42+0.049 ms clock, 0.75+0.73/0.59/0+0.39 ms cpu, 3->3->1 MB, 4 MB goal, 0 MB stacks, 0 MB globals, 8 P
gc 6836 @52.920s 3%: 0.090+0.52+0.10 ms clock, 0.72+0.85/0.55/0+0.80 ms cpu, 3->3->1 MB, 4 MB goal, 0 MB stacks, 0 MB globals, 8 P
gc 6837 @52.923s 3%: 0.14+0.57+0.098 ms clock, 1.1+0.62/0.70/0+0.78 ms cpu, 3->3->1 MB, 4 MB goal, 0 MB stacks, 0 MB globals, 8 P
gc 6838 @52.926s 3%: 0.11+0.50+0.058 ms clock, 0.95+0.70/0.55/0+0.46 ms cpu, 3->3->1 MB, 4 MB goal, 0 MB stacks, 0 MB globals, 8 P
gc 6839 @52.928s 3%: 0.094+0.54+0.041 ms clock, 0.75+0.69/0.60/0+0.33 ms cpu, 3->3->1 MB, 4 MB goal, 0 MB stacks, 0 MB globals, 8 P
gc 6840 @52.931s 3%: 0.077+0.72+0.090 ms clock, 0.61+0.56/0.64/0+0.72 ms cpu, 3->3->1 MB, 4 MB goal, 0 MB stacks, 0 MB globals, 8 P
gc 6841 @52.934s 3%: 0.095+0.57+0.095 ms clock, 0.76+0.67/0.69/0+0.76 ms cpu, 3->3->1 MB, 4 MB goal, 0 MB stacks, 0 MB globals, 8 P
gc 6842 @52.937s 3%: 0.11+0.50+0.11 ms clock, 0.88+0.63/0.64/0+0.93 ms cpu, 3->3->1 MB, 4 MB goal, 0 MB stacks, 0 MB globals, 8 P
gc 6843 @52.939s 3%: 0.098+0.68+0.072 ms clock, 0.79+0.70/0.63/0+0.57 ms cpu, 3->3->1 MB, 4 MB goal, 0 MB stacks, 0 MB globals, 8 P
gc 6844 @52.942s 3%: 0.056+0.71+0.10 ms clock, 0.45+0.73/0.65/0+0.81 ms cpu, 3->3->1 MB, 4 MB goal, 0 MB stacks, 0 MB globals, 8 P
gc 6845 @52.945s 3%: 0.080+0.49+0.10 ms clock, 0.64+0.66/0.56/0+0.87 ms cpu, 3->3->1 MB, 4 MB goal, 0 MB stacks, 0 MB globals, 8 P
gc 6846 @52.948s 3%: 0.071+0.42+0.096 ms clock, 0.57+0.64/0.56/0+0.77 ms cpu, 3->3->1 MB, 4 MB goal, 0 MB stacks, 0 MB globals, 8 P
gc 6847 @52.950s 3%: 0.10+0.52+0.061 ms clock, 0.86+0.76/0.50/0+0.49 ms cpu, 3->3->1 MB, 4 MB goal, 0 MB stacks, 0 MB globals, 8 P
gc 6848 @52.953s 3%: 0.064+0.66+0.095 ms clock, 0.51+0.70/0.65/0+0.76 ms cpu, 3->3->1 MB, 4 MB goal, 0 MB stacks, 0 MB globals, 8 P
gc 6849 @52.956s 3%: 0.094+0.42+0.11 ms clock, 0.75+0.69/0.56/0+0.90 ms cpu, 3->3->1 MB, 4 MB goal, 0 MB stacks, 0 MB globals, 8 P
gc 6850 @52.959s 3%: 0.12+1.0+0.040 ms clock, 1.0+0.66/0.55/0+0.32 ms cpu, 3->4->1 MB, 4 MB goal, 0 MB stacks, 0 MB globals, 8 P
gc 6851 @52.962s 3%: 0.10+0.52+0.058 ms clock, 0.83+0.66/0.66/0+0.47 ms cpu, 3->3->1 MB, 4 MB goal, 0 MB stacks, 0 MB globals, 8 P
gc 6852 @52.965s 3%: 0.11+0.46+0.082 ms clock, 0.95+0.67/0.59/0+0.66 ms cpu, 3->3->1 MB, 4 MB goal, 0 MB stacks, 0 MB globals, 8 P
gc 6853 @52.967s 3%: 0.051+0.57+0.086 ms clock, 0.41+0.46/0.63/0+0.69 ms cpu, 3->3->1 MB, 4 MB goal, 0 MB stacks, 0 MB globals, 8 P
gc 6854 @52.970s 3%: 0.089+0.47+0.097 ms clock, 0.71+0.73/0.56/0+0.77 ms cpu, 3->3->1 MB, 4 MB goal, 0 MB stacks, 0 MB globals, 8 P
gc 6855 @52.973s 3%: 0.096+0.67+0.042 ms clock, 0.77+0.65/0.62/0+0.34 ms cpu, 3->3->1 MB, 4 MB goal, 0 MB stacks, 0 MB globals, 8 P
gc 6856 @52.976s 3%: 0.091+0.88+0.063 ms clock, 0.72+0.67/0.56/0+0.50 ms cpu, 3->3->1 MB, 4 MB goal, 0 MB stacks, 0 MB globals, 8 P
gc 6857 @52.978s 3%: 0.10+0.75+0.10 ms clock, 0.82+0.75/0.55/0+0.87 ms cpu, 3->3->1 MB, 4 MB goal, 0 MB stacks, 0 MB globals, 8 P
gc 6858 @52.981s 3%: 0.11+0.47+0.092 ms clock, 0.90+0.65/0.64/0+0.73 ms cpu, 3->3->1 MB, 4 MB goal, 0 MB stacks, 0 MB globals, 8 P
gc 6859 @52.984s 3%: 0.090+0.60+0.093 ms clock, 0.72+0.72/0.65/0+0.74 ms cpu, 3->3->1 MB, 4 MB goal, 0 MB stacks, 0 MB globals, 8 P
gc 6860 @52.987s 3%: 0.096+0.57+0.070 ms clock, 0.77+0.63/0.77/0+0.56 ms cpu, 3->3->1 MB, 4 MB goal, 0 MB stacks, 0 MB globals, 8 P
gc 6861 @52.990s 3%: 0.10+0.41+0.045 ms clock, 0.80+0.67/0.61/0+0.36 ms cpu, 3->3->1 MB, 4 MB goal, 0 MB stacks, 0 MB globals, 8 P
gc 6862 @52.992s 3%: 0.094+0.66+0.081 ms clock, 0.75+0.69/0.57/0+0.65 ms cpu, 3->3->1 MB, 4 MB goal, 0 MB stacks, 0 MB globals, 8 P
gc 6863 @52.995s 3%: 0.10+0.52+0.074 ms clock, 0.86+0.58/0.63/0+0.59 ms cpu, 3->3->1 MB, 4 MB goal, 0 MB stacks, 0 MB globals, 8 P
gc 6864 @52.998s 3%: 0.060+0.51+0.088 ms clock, 0.48+0.65/0.59/0+0.70 ms cpu, 3->3->1 MB, 4 MB goal, 0 MB stacks, 0 MB globals, 8 P
gc 6865 @53.001s 3%: 0.094+0.55+0.10 ms clock, 0.75+0.68/0.64/0+0.83 ms cpu, 3->3->1 MB, 4 MB goal, 0 MB stacks, 0 MB globals, 8 P
gc 6866 @53.003s 3%: 0.10+1.0+0.021 ms clock, 0.85+0.50/0.61/0+0.17 ms cpu, 3->3->1 MB, 4 MB goal, 0 MB stacks, 0 MB globals, 8 P
gc 6867 @53.006s 3%: 0.15+0.69+0.087 ms clock, 1.2+0.60/0.54/0+0.70 ms cpu, 3->3->1 MB, 4 MB goal, 0 MB stacks, 0 MB globals, 8 P
gc 6868 @53.009s 3%: 0.096+0.60+0.085 ms clock, 0.77+0.53/0.72/0+0.68 ms cpu, 3->3->1 MB, 4 MB goal, 0 MB stacks, 0 MB globals, 8 P
gc 6869 @53.012s 3%: 0.13+0.40+0.082 ms clock, 1.0+0.70/0.57/0+0.66 ms cpu, 3->3->1 MB, 4 MB goal, 0 MB stacks, 0 MB globals, 8 P
gc 6870 @53.015s 3%: 0.10+0.81+0.10 ms clock, 0.84+0.63/0.63/0+0.83 ms cpu, 3->3->1 MB, 4 MB goal, 0 MB stacks, 0 MB globals, 8 P
gc 6871 @53.018s 3%: 0.11+0.73+0.11 ms clock, 0.94+0.56/0.62/0+0.91 ms cpu, 3->3->1 MB, 4 MB goal, 0 MB stacks, 0 MB globals, 8 P
gc 6872 @53.020s 3%: 0.081+0.58+0.16 ms clock, 0.64+0.63/0.70/0+1.3 ms cpu, 3->3->1 MB, 4 MB goal, 0 MB stacks, 0 MB globals, 8 P
gc 6873 @53.023s 3%: 0.11+1.0+0.081 ms clock, 0.91+0.69/0.59/0+0.65 ms cpu, 3->4->1 MB, 4 MB goal, 0 MB stacks, 0 MB globals, 8 P
gc 6874 @53.026s 3%: 0.11+0.69+0.076 ms clock, 0.93+0.71/0.66/0+0.61 ms cpu, 3->3->1 MB, 4 MB goal, 0 MB stacks, 0 MB globals, 8 P
gc 6875 @53.029s 3%: 0.11+0.44+0.065 ms clock, 0.92+0.64/0.62/0+0.52 ms cpu, 3->3->1 MB, 4 MB goal, 0 MB stacks, 0 MB globals, 8 P
gc 6876 @53.032s 3%: 0.069+0.48+0.12 ms clock, 0.55+0.71/0.56/0+0.98 ms cpu, 3->3->1 MB, 4 MB goal, 0 MB stacks, 0 MB globals, 8 P
gc 6877 @53.035s 3%: 0.13+0.89+0.088 ms clock, 1.0+0.67/0.57/0+0.71 ms cpu, 3->3->1 MB, 4 MB goal, 0 MB stacks, 0 MB globals, 8 P
gc 6878 @53.037s 3%: 0.10+0.65+0.082 ms clock, 0.80+0.59/0.66/0+0.65 ms cpu, 3->3->1 MB, 4 MB goal, 0 MB stacks, 0 MB globals, 8 P
gc 6879 @53.040s 3%: 0.098+0.60+0.071 ms clock, 0.79+0.65/0.66/0+0.56 ms cpu, 3->3->1 MB, 4 MB goal, 0 MB stacks, 0 MB globals, 8 P
gc 6880 @53.043s 3%: 0.12+0.48+0.064 ms clock, 1.0+0.59/0.61/0+0.51 ms cpu, 3->3->1 MB, 4 MB goal, 0 MB stacks, 0 MB globals, 8 P
gc 6881 @53.046s 3%: 0.10+0.55+0.12 ms clock, 0.85+0.67/0.64/0+1.0 ms cpu, 3->3->1 MB, 4 MB goal, 0 MB stacks, 0 MB globals, 8 P
gc 6882 @53.049s 3%: 0.11+0.41+0.082 ms clock, 0.93+0.63/0.57/0+0.65 ms cpu, 3->3->1 MB, 4 MB goal, 0 MB stacks, 0 MB globals, 8 P
gc 6883 @53.051s 3%: 0.10+0.45+0.10 ms clock, 0.82+0.81/0.56/0+0.83 ms cpu, 3->3->1 MB, 4 MB goal, 0 MB stacks, 0 MB globals, 8 P
gc 6884 @53.054s 3%: 0.14+0.48+0.058 ms clock, 1.1+0.60/0.64/0+0.46 ms cpu, 3->3->1 MB, 4 MB goal, 0 MB stacks, 0 MB globals, 8 P
gc 6885 @53.057s 3%: 0.10+0.46+0.088 ms clock, 0.81+0.73/0.61/0+0.70 ms cpu, 3->3->1 MB, 4 MB goal, 0 MB stacks, 0 MB globals, 8 P
gc 6886 @53.059s 3%: 0.098+0.61+0.069 ms clock, 0.78+0.73/0.54/0+0.55 ms cpu, 3->3->1 MB, 4 MB goal, 0 MB stacks, 0 MB globals, 8 P
gc 6887 @53.062s 3%: 0.097+0.32+0.047 ms clock, 0.78+0.64/0.50/0+0.38 ms cpu, 3->3->1 MB, 4 MB goal, 0 MB stacks, 0 MB globals, 8 P
gc 6888 @53.065s 3%: 0.098+0.84+0.076 ms clock, 0.78+0.74/0.58/0+0.60 ms cpu, 3->3->1 MB, 4 MB goal, 0 MB stacks, 0 MB globals, 8 P
gc 6889 @53.068s 3%: 0.094+0.51+0.030 ms clock, 0.75+0.67/0.64/0+0.24 ms cpu, 3->3->1 MB, 4 MB goal, 0 MB stacks, 0 MB globals, 8 P
gc 6890 @53.071s 3%: 0.098+0.52+0.091 ms clock, 0.79+0.67/0.61/0+0.72 ms cpu, 3->3->1 MB, 4 MB goal, 0 MB stacks, 0 MB globals, 8 P
gc 6891 @53.073s 3%: 0.13+0.76+0.089 ms clock, 1.0+0.62/0.60/0+0.71 ms cpu, 3->3->1 MB, 4 MB goal, 0 MB stacks, 0 MB globals, 8 P
gc 6892 @53.076s 3%: 0.098+0.53+0.084 ms clock, 0.78+0.64/0.64/0+0.67 ms cpu, 3->3->1 MB, 4 MB goal, 0 MB stacks, 0 MB globals, 8 P
gc 6893 @53.079s 3%: 0.081+0.44+0.094 ms clock, 0.65+0.68/0.61/0+0.75 ms cpu, 3->3->1 MB, 4 MB goal, 0 MB stacks, 0 MB globals, 8 P
gc 6894 @53.082s 3%: 0.081+0.94+0.10 ms clock, 0.65+0.67/0.57/0+0.85 ms cpu, 3->3->1 MB, 4 MB goal, 0 MB stacks, 0 MB globals, 8 P
gc 6895 @53.085s 3%: 0.089+0.67+0.072 ms clock, 0.71+0.68/0.64/0+0.57 ms cpu, 3->3->1 MB, 4 MB goal, 0 MB stacks, 0 MB globals, 8 P
gc 6896 @53.088s 3%: 0.072+0.47+0.11 ms clock, 0.57+0.70/0.48/0+0.93 ms cpu, 3->3->1 MB, 4 MB goal, 0 MB stacks, 0 MB globals, 8 P
gc 6897 @53.090s 3%: 0.11+0.89+0.052 ms clock, 0.91+0.57/0.63/0+0.41 ms cpu, 3->3->1 MB, 4 MB goal, 0 MB stacks, 0 MB globals, 8 P
gc 6898 @53.093s 3%: 0.079+0.43+0.050 ms clock, 0.63+0.75/0.49/0+0.40 ms cpu, 3->3->1 MB, 4 MB goal, 0 MB stacks, 0 MB globals, 8 P
gc 6899 @53.096s 3%: 0.10+0.43+0.045 ms clock, 0.87+0.69/0.58/0+0.36 ms cpu, 3->3->1 MB, 4 MB goal, 0 MB stacks, 0 MB globals, 8 P
gc 6900 @53.099s 3%: 0.12+0.52+0.10 ms clock, 1.0+0.59/0.63/0+0.83 ms cpu, 3->3->1 MB, 4 MB goal, 0 MB stacks, 0 MB globals, 8 P
gc 6901 @53.101s 3%: 0.083+0.73+0.091 ms clock, 0.66+0.69/0.71/0+0.73 ms cpu, 3->3->1 MB, 4 MB goal, 0 MB stacks, 0 MB globals, 8 P
gc 6902 @53.104s 3%: 0.10+0.39+0.13 ms clock, 0.81+0.55/0.56/0+1.1 ms cpu, 3->3->1 MB, 4 MB goal, 0 MB stacks, 0 MB globals, 8 P
gc 6903 @53.107s 3%: 0.094+0.47+0.10 ms clock, 0.75+0.66/0.59/0+0.80 ms cpu, 3->3->1 MB, 4 MB goal, 0 MB stacks, 0 MB globals, 8 P
gc 6904 @53.110s 3%: 0.074+0.62+0.074 ms clock, 0.59+0.64/0.71/0+0.59 ms cpu, 3->3->1 MB, 4 MB goal, 0 MB stacks, 0 MB globals, 8 P
gc 6905 @53.113s 3%: 0.11+0.60+0.12 ms clock, 0.92+0.70/0.71/0+0.99 ms cpu, 3->3->1 MB, 4 MB goal, 0 MB stacks, 0 MB globals, 8 P
gc 6906 @53.115s 3%: 0.058+0.55+0.052 ms clock, 0.46+0.72/0.66/0+0.42 ms cpu, 3->3->1 MB, 4 MB goal, 0 MB stacks, 0 MB globals, 8 P
gc 6907 @53.118s 3%: 0.088+0.51+0.040 ms clock, 0.71+0.74/0.49/0+0.32 ms cpu, 3->3->1 MB, 4 MB goal, 0 MB stacks, 0 MB globals, 8 P
gc 6908 @53.121s 3%: 0.092+0.43+0.094 ms clock, 0.74+0.72/0.53/0+0.75 ms cpu, 3->3->1 MB, 4 MB goal, 0 MB stacks, 0 MB globals, 8 P
gc 6909 @53.124s 3%: 0.095+0.49+0.091 ms clock, 0.76+0.75/0.55/0+0.73 ms cpu, 3->3->1 MB, 4 MB goal, 0 MB stacks, 0 MB globals, 8 P
gc 6910 @53.126s 3%: 0.10+0.48+0.090 ms clock, 0.81+0.71/0.56/0+0.72 ms cpu, 3->3->1 MB, 4 MB goal, 0 MB stacks, 0 MB globals, 8 P
gc 6911 @53.129s 3%: 0.10+0.67+0.074 ms clock, 0.84+0.62/0.64/0+0.59 ms cpu, 3->3->1 MB, 4 MB goal, 0 MB stacks, 0 MB globals, 8 P
gc 6912 @53.132s 3%: 0.082+0.52+0.11 ms clock, 0.66+0.66/0.58/0+0.89 ms cpu, 3->3->1 MB, 4 MB goal, 0 MB stacks, 0 MB globals, 8 P
gc 6913 @53.135s 3%: 0.12+0.50+0.13 ms clock, 0.99+0.61/0.59/0+1.0 ms cpu, 3->3->1 MB, 4 MB goal, 0 MB stacks, 0 MB globals, 8 P
gc 6914 @53.138s 3%: 0.090+0.67+0.096 ms clock, 0.72+0.70/0.65/0+0.76 ms cpu, 3->3->1 MB, 4 MB goal, 0 MB stacks, 0 MB globals, 8 P
gc 6915 @53.140s 3%: 0.071+0.48+0.086 ms clock, 0.57+0.73/0.54/0+0.69 ms cpu, 3->3->1 MB, 4 MB goal, 0 MB stacks, 0 MB globals, 8 P
gc 6916 @53.143s 3%: 0.10+0.54+0.089 ms clock, 0.80+0.72/0.61/0+0.71 ms cpu, 3->3->1 MB, 4 MB goal, 0 MB stacks, 0 MB globals, 8 P
gc 6917 @53.146s 3%: 0.077+0.50+0.084 ms clock, 0.61+0.66/0.54/0+0.67 ms cpu, 3->3->1 MB, 4 MB goal, 0 MB stacks, 0 MB globals, 8 P
gc 6918 @53.149s 3%: 0.11+0.83+0.075 ms clock, 0.95+0.68/0.62/0+0.60 ms cpu, 3->3->1 MB, 4 MB goal, 0 MB stacks, 0 MB globals, 8 P
gc 6919 @53.152s 3%: 0.10+0.90+0.044 ms clock, 0.81+0.59/0.53/0+0.35 ms cpu, 3->4->1 MB, 4 MB goal, 0 MB stacks, 0 MB globals, 8 P
gc 6920 @53.155s 3%: 0.10+0.49+0.097 ms clock, 0.83+0.67/0.57/0+0.77 ms cpu, 3->3->1 MB, 4 MB goal, 0 MB stacks, 0 MB globals, 8 P
gc 6921 @53.157s 3%: 0.064+0.45+0.062 ms clock, 0.51+0.82/0.55/0+0.49 ms cpu, 3->3->1 MB, 4 MB goal, 0 MB stacks, 0 MB globals, 8 P
gc 6922 @53.160s 3%: 0.073+0.51+0.072 ms clock, 0.58+0.68/0.65/0+0.58 ms cpu, 3->3->1 MB, 4 MB goal, 0 MB stacks, 0 MB globals, 8 P
gc 6923 @53.163s 3%: 0.071+0.46+0.053 ms clock, 0.57+0.62/0.60/0+0.42 ms cpu, 3->3->1 MB, 4 MB goal, 0 MB stacks, 0 MB globals, 8 P
gc 6924 @53.166s 3%: 0.16+0.74+0.076 ms clock, 1.3+0.62/0.66/0+0.61 ms cpu, 3->3->1 MB, 4 MB goal, 0 MB stacks, 0 MB globals, 8 P
gc 6925 @53.169s 3%: 0.10+0.54+0.10 ms clock, 0.80+0.68/0.58/0+0.82 ms cpu, 3->3->1 MB, 4 MB goal, 0 MB stacks, 0 MB globals, 8 P
gc 6926 @53.171s 3%: 0.10+0.72+0.077 ms clock, 0.83+0.63/0.59/0+0.61 ms cpu, 3->3->1 MB, 4 MB goal, 0 MB stacks, 0 MB globals, 8 P
gc 6927 @53.174s 3%: 0.082+0.54+0.11 ms clock, 0.65+0.61/0.71/0+0.89 ms cpu, 3->3->1 MB, 4 MB goal, 0 MB stacks, 0 MB globals, 8 P
gc 6928 @53.177s 3%: 0.11+0.51+0.12 ms clock, 0.90+0.62/0.67/0+1.0 ms cpu, 3->3->1 MB, 4 MB goal, 0 MB stacks, 0 MB globals, 8 P
gc 6929 @53.180s 3%: 0.082+0.49+0.059 ms clock, 0.66+0.50/0.66/0+0.47 ms cpu, 3->3->1 MB, 4 MB goal, 0 MB stacks, 0 MB globals, 8 P
gc 6930 @53.182s 3%: 0.082+0.45+0.080 ms clock, 0.66+0.74/0.59/0+0.64 ms cpu, 3->3->1 MB, 4 MB goal, 0 MB stacks, 0 MB globals, 8 P
gc 6931 @53.185s 3%: 0.10+0.49+0.11 ms clock, 0.87+0.66/0.64/0+0.93 ms cpu, 3->3->1 MB, 4 MB goal, 0 MB stacks, 0 MB globals, 8 P
gc 6932 @53.188s 3%: 0.11+0.57+0.046 ms clock, 0.94+0.46/0.69/0+0.37 ms cpu, 3->3->1 MB, 4 MB goal, 0 MB stacks, 0 MB globals, 8 P
gc 6933 @53.191s 3%: 0.099+0.43+0.062 ms clock, 0.79+0.70/0.57/0+0.49 ms cpu, 3->3->1 MB, 4 MB goal, 0 MB stacks, 0 MB globals, 8 P
gc 6934 @53.193s 3%: 0.087+0.48+0.090 ms clock, 0.70+0.77/0.59/0+0.72 ms cpu, 3->3->1 MB, 4 MB goal, 0 MB stacks, 0 MB globals, 8 P
gc 6935 @53.196s 3%: 0.091+0.51+0.082 ms clock, 0.73+0.62/0.64/0+0.65 ms cpu, 3->3->1 MB, 4 MB goal, 0 MB stacks, 0 MB globals, 8 P
gc 6936 @53.199s 3%: 0.11+0.70+0.059 ms clock, 0.94+0.65/0.59/0+0.47 ms cpu, 3->3->1 MB, 4 MB goal, 0 MB stacks, 0 MB globals, 8 P
gc 6937 @53.202s 3%: 0.072+0.71+0.089 ms clock, 0.58+0.68/0.61/0+0.71 ms cpu, 3->3->1 MB, 4 MB goal, 0 MB stacks, 0 MB globals, 8 P
gc 6938 @53.204s 3%: 0.15+0.74+0.063 ms clock, 1.2+0.54/0.68/0+0.50 ms cpu, 3->3->1 MB, 4 MB goal, 0 MB stacks, 0 MB globals, 8 P
gc 6939 @53.207s 3%: 0.10+0.51+0.076 ms clock, 0.83+0.69/0.60/0+0.61 ms cpu, 3->3->1 MB, 4 MB goal, 0 MB stacks, 0 MB globals, 8 P
gc 6940 @53.210s 3%: 0.13+0.44+0.088 ms clock, 1.1+0.63/0.56/0+0.71 ms cpu, 3->3->1 MB, 4 MB goal, 0 MB stacks, 0 MB globals, 8 P
gc 6941 @53.213s 3%: 0.066+0.52+0.097 ms clock, 0.53+0.70/0.60/0+0.77 ms cpu, 3->3->1 MB, 4 MB goal, 0 MB stacks, 0 MB globals, 8 P
gc 6942 @53.216s 3%: 0.070+0.38+0.065 ms clock, 0.56+0.61/0.52/0+0.52 ms cpu, 3->3->1 MB, 4 MB goal, 0 MB stacks, 0 MB globals, 8 P
gc 6943 @53.218s 3%: 0.092+0.55+0.12 ms clock, 0.73+0.65/0.59/0+0.98 ms cpu, 3->3->1 MB, 4 MB goal, 0 MB stacks, 0 MB globals, 8 P
gc 6944 @53.221s 3%: 0.098+0.45+0.094 ms clock, 0.78+0.76/0.51/0+0.75 ms cpu, 3->3->1 MB, 4 MB goal, 0 MB stacks, 0 MB globals, 8 P
gc 6945 @53.224s 3%: 0.078+0.46+0.067 ms clock, 0.62+0.60/0.61/0+0.54 ms cpu, 3->3->1 MB, 4 MB goal, 0 MB stacks, 0 MB globals, 8 P
gc 6946 @53.227s 3%: 0.099+0.55+0.10 ms clock, 0.79+0.78/0.59/0+0.85 ms cpu, 3->3->1 MB, 4 MB goal, 0 MB stacks, 0 MB globals, 8 P
gc 6947 @53.229s 3%: 0.074+0.94+0.043 ms clock, 0.59+0.73/0.64/0+0.35 ms cpu, 3->3->1 MB, 4 MB goal, 0 MB stacks, 0 MB globals, 8 P
gc 6948 @53.232s 3%: 0.079+0.60+0.096 ms clock, 0.63+0.70/0.67/0+0.77 ms cpu, 3->3->1 MB, 4 MB goal, 0 MB stacks, 0 MB globals, 8 P
gc 6949 @53.235s 3%: 0.10+0.45+0.10 ms clock, 0.85+0.71/0.60/0+0.84 ms cpu, 3->3->1 MB, 4 MB goal, 0 MB stacks, 0 MB globals, 8 P
gc 6950 @53.238s 3%: 0.15+0.55+0.074 ms clock, 1.2+0.54/0.69/0+0.59 ms cpu, 3->3->1 MB, 4 MB goal, 0 MB stacks, 0 MB globals, 8 P
gc 6951 @53.241s 3%: 0.082+0.55+0.074 ms clock, 0.66+0.64/0.57/0+0.59 ms cpu, 3->3->1 MB, 4 MB goal, 0 MB stacks, 0 MB globals, 8 P
gc 6952 @53.243s 3%: 0.079+0.45+0.10 ms clock, 0.63+0.74/0.60/0+0.83 ms cpu, 3->3->1 MB, 4 MB goal, 0 MB stacks, 0 MB globals, 8 P
gc 6953 @53.246s 3%: 0.12+0.50+0.059 ms clock, 0.98+0.74/0.56/0+0.47 ms cpu, 3->3->1 MB, 4 MB goal, 0 MB stacks, 0 MB globals, 8 P
gc 6954 @53.249s 3%: 0.073+0.63+0.054 ms clock, 0.59+0.60/0.60/0+0.43 ms cpu, 3->3->1 MB, 4 MB goal, 0 MB stacks, 0 MB globals, 8 P
gc 6955 @53.252s 3%: 0.087+0.47+0.080 ms clock, 0.70+0.65/0.61/0+0.64 ms cpu, 3->3->1 MB, 4 MB goal, 0 MB stacks, 0 MB globals, 8 P
gc 6956 @53.254s 3%: 0.11+0.67+0.095 ms clock, 0.90+0.72/0.59/0+0.76 ms cpu, 3->3->1 MB, 4 MB goal, 0 MB stacks, 0 MB globals, 8 P
gc 6957 @53.257s 3%: 0.14+0.85+0.071 ms clock, 1.1+0.64/0.71/0+0.57 ms cpu, 3->3->1 MB, 4 MB goal, 0 MB stacks, 0 MB globals, 8 P
gc 6958 @53.260s 3%: 0.10+0.63+0.095 ms clock, 0.83+0.63/0.70/0+0.76 ms cpu, 3->3->1 MB, 4 MB goal, 0 MB stacks, 0 MB globals, 8 P
gc 6959 @53.263s 3%: 0.070+0.53+0.10 ms clock, 0.56+0.64/0.65/0+0.83 ms cpu, 3->3->1 MB, 4 MB goal, 0 MB stacks, 0 MB globals, 8 P
gc 6960 @53.266s 3%: 0.082+0.69+0.11 ms clock, 0.66+0.73/0.61/0+0.92 ms cpu, 3->3->1 MB, 4 MB goal, 0 MB stacks, 0 MB globals, 8 P
gc 6961 @53.269s 3%: 0.11+0.51+0.097 ms clock, 0.88+0.66/0.60/0+0.78 ms cpu, 3->3->1 MB, 4 MB goal, 0 MB stacks, 0 MB globals, 8 P
gc 6962 @53.272s 3%: 0.10+0.51+0.090 ms clock, 0.84+0.69/0.66/0+0.72 ms cpu, 3->3->1 MB, 4 MB goal, 0 MB stacks, 0 MB globals, 8 P
gc 6963 @53.274s 3%: 0.10+0.41+0.088 ms clock, 0.82+0.68/0.55/0.003+0.71 ms cpu, 3->3->1 MB, 4 MB goal, 0 MB stacks, 0 MB globals, 8 P
gc 6964 @53.277s 3%: 0.086+0.84+0.097 ms clock, 0.68+0.47/0.60/0+0.78 ms cpu, 3->3->1 MB, 4 MB goal, 0 MB stacks, 0 MB globals, 8 P
gc 6965 @53.280s 3%: 0.11+0.73+0.058 ms clock, 0.92+0.59/0.61/0+0.46 ms cpu, 3->3->1 MB, 4 MB goal, 0 MB stacks, 0 MB globals, 8 P
gc 6966 @53.283s 3%: 0.11+0.46+0.11 ms clock, 0.90+0.64/0.61/0+0.89 ms cpu, 3->3->1 MB, 4 MB goal, 0 MB stacks, 0 MB globals, 8 P
gc 6967 @53.286s 3%: 0.10+0.82+0.067 ms clock, 0.86+0.70/0.61/0+0.54 ms cpu, 3->3->1 MB, 4 MB goal, 0 MB stacks, 0 MB globals, 8 P
gc 6968 @53.288s 3%: 0.12+0.77+0.058 ms clock, 1.0+0.65/0.62/0+0.47 ms cpu, 3->3->1 MB, 4 MB goal, 0 MB stacks, 0 MB globals, 8 P
gc 6969 @53.291s 3%: 0.079+0.89+0.085 ms clock, 0.63+0.56/0.71/0+0.68 ms cpu, 3->3->1 MB, 4 MB goal, 0 MB stacks, 0 MB globals, 8 P
gc 6970 @53.294s 3%: 0.15+0.48+0.039 ms clock, 1.2+0.70/0.61/0+0.31 ms cpu, 3->3->1 MB, 4 MB goal, 0 MB stacks, 0 MB globals, 8 P
gc 6971 @53.297s 3%: 0.095+1.0+0.11 ms clock, 0.76+0.67/0.58/0+0.90 ms cpu, 3->4->1 MB, 4 MB goal, 0 MB stacks, 0 MB globals, 8 P
gc 6972 @53.300s 3%: 0.10+0.62+0.073 ms clock, 0.87+0.68/0.59/0+0.59 ms cpu, 3->3->1 MB, 4 MB goal, 0 MB stacks, 0 MB globals, 8 P
gc 6973 @53.303s 3%: 0.10+0.76+0.092 ms clock, 0.86+0.63/0.57/0+0.73 ms cpu, 3->3->1 MB, 4 MB goal, 0 MB stacks, 0 MB globals, 8 P
gc 6974 @53.306s 3%: 0.075+0.50+0.10 ms clock, 0.60+0.65/0.61/0+0.81 ms cpu, 3->3->1 MB, 4 MB goal, 0 MB stacks, 0 MB globals, 8 P
gc 6975 @53.308s 3%: 0.072+0.50+0.082 ms clock, 0.57+0.67/0.63/0+0.65 ms cpu, 3->3->1 MB, 4 MB goal, 0 MB stacks, 0 MB globals, 8 P
gc 6976 @53.311s 3%: 0.11+0.58+0.071 ms clock, 0.90+0.66/0.64/0+0.57 ms cpu, 3->3->1 MB, 4 MB goal, 0 MB stacks, 0 MB globals, 8 P
gc 6977 @53.314s 3%: 0.10+0.44+0.059 ms clock, 0.84+0.56/0.60/0+0.47 ms cpu, 3->3->1 MB, 4 MB goal, 0 MB stacks, 0 MB globals, 8 P
gc 6978 @53.317s 3%: 0.084+0.53+0.082 ms clock, 0.67+0.63/0.53/0+0.66 ms cpu, 3->3->1 MB, 4 MB goal, 0 MB stacks, 0 MB globals, 8 P
gc 6979 @53.319s 3%: 0.082+0.48+0.10 ms clock, 0.66+0.69/0.60/0+0.84 ms cpu, 3->3->1 MB, 4 MB goal, 0 MB stacks, 0 MB globals, 8 P
gc 6980 @53.322s 3%: 0.086+0.52+0.069 ms clock, 0.68+0.67/0.55/0+0.55 ms cpu, 3->3->1 MB, 4 MB goal, 0 MB stacks, 0 MB globals, 8 P
gc 6981 @53.325s 3%: 0.11+0.60+0.10 ms clock, 0.90+0.68/0.61/0+0.86 ms cpu, 3->3->1 MB, 4 MB goal, 0 MB stacks, 0 MB globals, 8 P
gc 6982 @53.328s 3%: 0.13+0.49+0.11 ms clock, 1.0+0.73/0.56/0+0.88 ms cpu, 3->3->1 MB, 4 MB goal, 0 MB stacks, 0 MB globals, 8 P
gc 6983 @53.330s 3%: 0.10+0.58+0.082 ms clock, 0.81+0.68/0.67/0+0.65 ms cpu, 3->3->1 MB, 4 MB goal, 0 MB stacks, 0 MB globals, 8 P
gc 6984 @53.333s 3%: 0.10+0.76+0.10 ms clock, 0.83+0.64/0.57/0+0.80 ms cpu, 3->3->1 MB, 4 MB goal, 0 MB stacks, 0 MB globals, 8 P
gc 6985 @53.336s 3%: 0.064+0.47+0.095 ms clock, 0.51+0.69/0.58/0+0.76 ms cpu, 3->3->1 MB, 4 MB goal, 0 MB stacks, 0 MB globals, 8 P
gc 6986 @53.339s 3%: 0.088+0.50+0.093 ms clock, 0.70+0.74/0.56/0+0.74 ms cpu, 3->3->1 MB, 4 MB goal, 0 MB stacks, 0 MB globals, 8 P
gc 6987 @53.341s 3%: 0.15+0.66+0.11 ms clock, 1.2+0.64/0.50/0+0.91 ms cpu, 3->3->1 MB, 4 MB goal, 0 MB stacks, 0 MB globals, 8 P
gc 6988 @53.344s 3%: 0.083+0.46+0.11 ms clock, 0.66+0.64/0.61/0+0.91 ms cpu, 3->3->1 MB, 4 MB goal, 0 MB stacks, 0 MB globals, 8 P
gc 6989 @53.347s 3%: 0.079+0.88+0.076 ms clock, 0.63+0.69/0.63/0+0.61 ms cpu, 3->3->1 MB, 4 MB goal, 0 MB stacks, 0 MB globals, 8 P
gc 6990 @53.350s 3%: 0.090+0.54+0.063 ms clock, 0.72+0.62/0.68/0+0.50 ms cpu, 3->3->1 MB, 4 MB goal, 0 MB stacks, 0 MB globals, 8 P
gc 6991 @53.353s 3%: 0.13+0.52+0.055 ms clock, 1.0+0.61/0.56/0+0.44 ms cpu, 3->3->1 MB, 4 MB goal, 0 MB stacks, 0 MB globals, 8 P
gc 6992 @53.355s 3%: 0.090+0.53+0.10 ms clock, 0.72+0.69/0.59/0+0.83 ms cpu, 3->3->1 MB, 4 MB goal, 0 MB stacks, 0 MB globals, 8 P
gc 6993 @53.358s 3%: 0.081+0.52+0.10 ms clock, 0.65+0.65/0.61/0+0.86 ms cpu, 3->3->1 MB, 4 MB goal, 0 MB stacks, 0 MB globals, 8 P
gc 6994 @53.361s 3%: 0.088+0.57+0.096 ms clock, 0.71+0.53/0.67/0+0.76 ms cpu, 3->3->1 MB, 4 MB goal, 0 MB stacks, 0 MB globals, 8 P
gc 6995 @53.364s 3%: 0.082+0.48+0.15 ms clock, 0.66+0.60/0.61/0+1.2 ms cpu, 3->3->1 MB, 4 MB goal, 0 MB stacks, 0 MB globals, 8 P
gc 6996 @53.366s 3%: 0.076+0.38+0.062 ms clock, 0.61+0.64/0.57/0+0.49 ms cpu, 3->3->1 MB, 4 MB goal, 0 MB stacks, 0 MB globals, 8 P
gc 6997 @53.369s 3%: 0.090+0.55+0.066 ms clock, 0.72+0.58/0.62/0+0.53 ms cpu, 3->3->1 MB, 4 MB goal, 0 MB stacks, 0 MB globals, 8 P
gc 6998 @53.372s 3%: 0.080+0.48+0.095 ms clock, 0.64+0.63/0.60/0+0.76 ms cpu, 3->3->1 MB, 4 MB goal, 0 MB stacks, 0 MB globals, 8 P
gc 6999 @53.375s 3%: 0.077+0.44+0.095 ms clock, 0.62+0.63/0.57/0+0.76 ms cpu, 3->3->1 MB, 4 MB goal, 0 MB stacks, 0 MB globals, 8 P
gc 7000 @53.378s 3%: 0.11+0.95+0.070 ms clock, 0.92+0.61/0.64/0+0.56 ms cpu, 3->4->1 MB, 4 MB goal, 0 MB stacks, 0 MB globals, 8 P
gc 7001 @53.381s 3%: 0.082+0.57+0.092 ms clock, 0.66+0.72/0.52/0+0.74 ms cpu, 3->3->1 MB, 4 MB goal, 0 MB stacks, 0 MB globals, 8 P
gc 7002 @53.383s 3%: 0.13+0.45+0.035 ms clock, 1.0+0.60/0.62/0+0.28 ms cpu, 3->3->1 MB, 4 MB goal, 0 MB stacks, 0 MB globals, 8 P
gc 7003 @53.386s 3%: 0.11+0.38+0.065 ms clock, 0.90+0.66/0.56/0+0.52 ms cpu, 3->3->1 MB, 4 MB goal, 0 MB stacks, 0 MB globals, 8 P
gc 7004 @53.389s 3%: 0.074+0.91+0.092 ms clock, 0.59+0.61/0.61/0+0.73 ms cpu, 3->3->1 MB, 4 MB goal, 0 MB stacks, 0 MB globals, 8 P
gc 7005 @53.392s 3%: 0.095+0.40+0.091 ms clock, 0.76+0.69/0.57/0+0.72 ms cpu, 3->3->1 MB, 4 MB goal, 0 MB stacks, 0 MB globals, 8 P
gc 7006 @53.394s 3%: 0.077+0.49+0.063 ms clock, 0.62+0.63/0.61/0+0.51 ms cpu, 3->3->1 MB, 4 MB goal, 0 MB stacks, 0 MB globals, 8 P
gc 7007 @53.397s 3%: 0.090+0.59+0.098 ms clock, 0.72+0.63/0.67/0+0.78 ms cpu, 3->3->1 MB, 4 MB goal, 0 MB stacks, 0 MB globals, 8 P
gc 7008 @53.400s 3%: 0.11+0.49+0.071 ms clock, 0.90+0.64/0.63/0+0.57 ms cpu, 3->3->1 MB, 4 MB goal, 0 MB stacks, 0 MB globals, 8 P
gc 7009 @53.403s 3%: 0.073+0.51+0.12 ms clock, 0.58+0.71/0.55/0+0.96 ms cpu, 3->3->1 MB, 4 MB goal, 0 MB stacks, 0 MB globals, 8 P
gc 7010 @53.405s 3%: 0.099+0.51+0.064 ms clock, 0.79+0.75/0.60/0+0.51 ms cpu, 3->3->1 MB, 4 MB goal, 0 MB stacks, 0 MB globals, 8 P
gc 7011 @53.408s 3%: 0.087+0.56+0.061 ms clock, 0.70+0.60/0.68/0+0.49 ms cpu, 3->3->1 MB, 4 MB goal, 0 MB stacks, 0 MB globals, 8 P
gc 7012 @53.411s 3%: 0.080+0.84+0.083 ms clock, 0.64+0.71/0.51/0+0.66 ms cpu, 3->3->1 MB, 4 MB goal, 0 MB stacks, 0 MB globals, 8 P
gc 7013 @53.414s 3%: 0.095+0.52+0.080 ms clock, 0.76+0.65/0.58/0+0.64 ms cpu, 3->3->1 MB, 4 MB goal, 0 MB stacks, 0 MB globals, 8 P
gc 7014 @53.417s 3%: 0.13+0.36+0.087 ms clock, 1.0+0.69/0.55/0+0.69 ms cpu, 3->3->1 MB, 4 MB goal, 0 MB stacks, 0 MB globals, 8 P
gc 7015 @53.419s 3%: 0.12+0.52+0.044 ms clock, 1.0+0.67/0.62/0+0.35 ms cpu, 3->3->1 MB, 4 MB goal, 0 MB stacks, 0 MB globals, 8 P
gc 7016 @53.422s 3%: 0.11+0.58+0.10 ms clock, 0.95+0.64/0.68/0+0.81 ms cpu, 3->3->1 MB, 4 MB goal, 0 MB stacks, 0 MB globals, 8 P
gc 7017 @53.425s 3%: 0.11+0.52+0.10 ms clock, 0.91+0.64/0.61/0+0.81 ms cpu, 3->3->1 MB, 4 MB goal, 0 MB stacks, 0 MB globals, 8 P
gc 7018 @53.428s 3%: 0.10+0.71+0.088 ms clock, 0.81+0.65/0.71/0+0.71 ms cpu, 3->3->1 MB, 4 MB goal, 0 MB stacks, 0 MB globals, 8 P
gc 7019 @53.431s 3%: 0.10+0.40+0.11 ms clock, 0.84+0.66/0.58/0+0.95 ms cpu, 3->3->1 MB, 4 MB goal, 0 MB stacks, 0 MB globals, 8 P
gc 7020 @53.433s 3%: 0.088+0.46+0.11 ms clock, 0.70+0.69/0.57/0+0.89 ms cpu, 3->3->1 MB, 4 MB goal, 0 MB stacks, 0 MB globals, 8 P
gc 7021 @53.436s 3%: 0.11+0.48+0.086 ms clock, 0.94+0.54/0.69/0+0.68 ms cpu, 3->3->1 MB, 4 MB goal, 0 MB stacks, 0 MB globals, 8 P
gc 7022 @53.439s 3%: 0.090+0.49+0.097 ms clock, 0.72+0.59/0.58/0+0.78 ms cpu, 3->3->1 MB, 4 MB goal, 0 MB stacks, 0 MB globals, 8 P
gc 7023 @53.441s 3%: 0.085+0.48+0.078 ms clock, 0.68+0.61/0.66/0+0.62 ms cpu, 3->3->1 MB, 4 MB goal, 0 MB stacks, 0 MB globals, 8 P
gc 7024 @53.444s 3%: 0.11+1.0+0.097 ms clock, 0.94+0.48/0.68/0+0.77 ms cpu, 3->3->1 MB, 4 MB goal, 0 MB stacks, 0 MB globals, 8 P
gc 7025 @53.447s 3%: 0.085+1.0+0.072 ms clock, 0.68+0.51/0.65/0+0.57 ms cpu, 3->4->1 MB, 4 MB goal, 0 MB stacks, 0 MB globals, 8 P
gc 7026 @53.450s 3%: 0.058+0.54+0.089 ms clock, 0.46+0.77/0.52/0+0.71 ms cpu, 3->3->1 MB, 4 MB goal, 0 MB stacks, 0 MB globals, 8 P
gc 7027 @53.453s 3%: 0.061+0.50+0.095 ms clock, 0.49+0.76/0.52/0+0.76 ms cpu, 3->3->1 MB, 4 MB goal, 0 MB stacks, 0 MB globals, 8 P
gc 7028 @53.456s 3%: 0.090+0.86+0.028 ms clock, 0.72+0.65/0.60/0+0.22 ms cpu, 3->3->1 MB, 4 MB goal, 0 MB stacks, 0 MB globals, 8 P
gc 7029 @53.458s 3%: 0.075+0.74+0.079 ms clock, 0.60+0.70/0.57/0+0.63 ms cpu, 3->3->1 MB, 4 MB goal, 0 MB stacks, 0 MB globals, 8 P
gc 7030 @53.461s 3%: 0.085+0.63+0.10 ms clock, 0.68+0.74/0.61/0+0.80 ms cpu, 3->3->1 MB, 4 MB goal, 0 MB stacks, 0 MB globals, 8 P
gc 7031 @53.464s 3%: 0.075+0.57+0.062 ms clock, 0.60+0.66/0.66/0+0.49 ms cpu, 3->3->1 MB, 4 MB goal, 0 MB stacks, 0 MB globals, 8 P
gc 7032 @53.467s 3%: 0.10+0.43+0.094 ms clock, 0.80+0.68/0.60/0+0.75 ms cpu, 3->3->1 MB, 4 MB goal, 0 MB stacks, 0 MB globals, 8 P
gc 7033 @53.470s 3%: 0.10+0.59+0.12 ms clock, 0.85+0.65/0.66/0+1.0 ms cpu, 3->3->1 MB, 4 MB goal, 0 MB stacks, 0 MB globals, 8 P
gc 7034 @53.473s 3%: 0.095+0.98+0.083 ms clock, 0.76+0.53/0.62/0+0.66 ms cpu, 3->3->1 MB, 4 MB goal, 0 MB stacks, 0 MB globals, 8 P
gc 7035 @53.476s 3%: 0.099+0.78+0.078 ms clock, 0.79+0.60/0.62/0+0.63 ms cpu, 3->3->1 MB, 4 MB goal, 0 MB stacks, 0 MB globals, 8 P
gc 7036 @53.478s 3%: 0.094+0.58+0.064 ms clock, 0.75+0.65/0.62/0+0.51 ms cpu, 3->3->1 MB, 4 MB goal, 0 MB stacks, 0 MB globals, 8 P
gc 7037 @53.481s 3%: 0.094+0.58+0.052 ms clock, 0.75+0.66/0.57/0+0.41 ms cpu, 3->3->1 MB, 4 MB goal, 0 MB stacks, 0 MB globals, 8 P
gc 7038 @53.484s 3%: 0.10+0.44+0.11 ms clock, 0.80+0.66/0.64/0+0.95 ms cpu, 3->3->1 MB, 4 MB goal, 0 MB stacks, 0 MB globals, 8 P
gc 7039 @53.487s 3%: 0.10+0.65+0.071 ms clock, 0.84+0.70/0.56/0+0.57 ms cpu, 3->3->1 MB, 4 MB goal, 0 MB stacks, 0 MB globals, 8 P
gc 7040 @53.490s 3%: 0.053+0.64+0.052 ms clock, 0.42+0.65/0.66/0+0.42 ms cpu, 3->3->1 MB, 4 MB goal, 0 MB stacks, 0 MB globals, 8 P
gc 7041 @53.492s 3%: 0.083+1.2+0.063 ms clock, 0.66+0.66/0.55/0+0.50 ms cpu, 3->4->1 MB, 4 MB goal, 0 MB stacks, 0 MB globals, 8 P
gc 7042 @53.495s 3%: 0.10+0.60+0.12 ms clock, 0.83+0.71/0.57/0+0.99 ms cpu, 3->3->1 MB, 4 MB goal, 0 MB stacks, 0 MB globals, 8 P
gc 7043 @53.498s 3%: 0.15+0.51+0.046 ms clock, 1.2+0.60/0.70/0+0.37 ms cpu, 3->3->1 MB, 4 MB goal, 0 MB stacks, 0 MB globals, 8 P
gc 7044 @53.501s 3%: 0.050+0.70+0.11 ms clock, 0.40+0.59/0.71/0+0.89 ms cpu, 3->3->1 MB, 4 MB goal, 0 MB stacks, 0 MB globals, 8 P
gc 7045 @53.504s 3%: 0.11+0.65+0.077 ms clock, 0.92+0.62/0.59/0+0.62 ms cpu, 3->3->1 MB, 4 MB goal, 0 MB stacks, 0 MB globals, 8 P
gc 7046 @53.507s 3%: 0.096+0.46+0.082 ms clock, 0.76+0.81/0.52/0+0.66 ms cpu, 3->3->1 MB, 4 MB goal, 0 MB stacks, 0 MB globals, 8 P
gc 7047 @53.509s 3%: 0.084+0.70+0.043 ms clock, 0.67+0.68/0.57/0+0.34 ms cpu, 3->3->1 MB, 4 MB goal, 0 MB stacks, 0 MB globals, 8 P
gc 7048 @53.512s 3%: 0.085+0.92+0.064 ms clock, 0.68+0.57/0.61/0+0.51 ms cpu, 3->3->1 MB, 4 MB goal, 0 MB stacks, 0 MB globals, 8 P
gc 7049 @53.515s 3%: 0.093+0.83+0.041 ms clock, 0.75+0.62/0.67/0+0.32 ms cpu, 3->3->1 MB, 4 MB goal, 0 MB stacks, 0 MB globals, 8 P
gc 7050 @53.518s 3%: 0.099+0.66+0.079 ms clock, 0.79+0.67/0.63/0+0.63 ms cpu, 3->3->1 MB, 4 MB goal, 0 MB stacks, 0 MB globals, 8 P
gc 7051 @53.521s 3%: 0.085+0.55+0.10 ms clock, 0.68+0.67/0.51/0+0.85 ms cpu, 3->3->1 MB, 4 MB goal, 0 MB stacks, 0 MB globals, 8 P
gc 7052 @53.524s 3%: 0.10+0.45+0.037 ms clock, 0.85+0.66/0.61/0+0.29 ms cpu, 3->3->1 MB, 4 MB goal, 0 MB stacks, 0 MB globals, 8 P
gc 7053 @53.526s 3%: 0.12+0.46+0.11 ms clock, 1.0+0.54/0.71/0+0.95 ms cpu, 3->3->1 MB, 4 MB goal, 0 MB stacks, 0 MB globals, 8 P
gc 7054 @53.529s 3%: 0.090+0.48+0.085 ms clock, 0.72+0.70/0.61/0+0.68 ms cpu, 3->3->1 MB, 4 MB goal, 0 MB stacks, 0 MB globals, 8 P
gc 7055 @53.532s 3%: 0.099+0.51+0.076 ms clock, 0.79+0.67/0.54/0+0.61 ms cpu, 3->3->1 MB, 4 MB goal, 0 MB stacks, 0 MB globals, 8 P
gc 7056 @53.535s 3%: 0.11+0.80+0.097 ms clock, 0.90+0.74/0.59/0+0.78 ms cpu, 3->3->1 MB, 4 MB goal, 0 MB stacks, 0 MB globals, 8 P
gc 7057 @53.538s 3%: 0.083+0.44+0.095 ms clock, 0.67+0.64/0.57/0+0.76 ms cpu, 3->3->1 MB, 4 MB goal, 0 MB stacks, 0 MB globals, 8 P
gc 7058 @53.540s 3%: 0.11+0.71+0.10 ms clock, 0.94+0.50/0.69/0+0.84 ms cpu, 3->3->1 MB, 4 MB goal, 0 MB stacks, 0 MB globals, 8 P
gc 7059 @53.543s 3%: 0.082+0.87+0.091 ms clock, 0.66+0.69/0.71/0+0.73 ms cpu, 3->3->1 MB, 4 MB goal, 0 MB stacks, 0 MB globals, 8 P
gc 7060 @53.546s 3%: 0.14+0.77+0.076 ms clock, 1.1+1.1/0.66/0+0.60 ms cpu, 3->3->1 MB, 4 MB goal, 0 MB stacks, 0 MB globals, 8 P
gc 7061 @53.549s 3%: 0.10+0.43+0.087 ms clock, 0.85+0.65/0.56/0+0.69 ms cpu, 3->3->1 MB, 4 MB goal, 0 MB stacks, 0 MB globals, 8 P
gc 7062 @53.551s 3%: 0.10+0.39+0.10 ms clock, 0.81+0.73/0.49/0+0.83 ms cpu, 3->3->1 MB, 4 MB goal, 0 MB stacks, 0 MB globals, 8 P
gc 7063 @53.554s 3%: 0.092+0.62+0.082 ms clock, 0.74+0.66/0.63/0+0.66 ms cpu, 3->3->1 MB, 4 MB goal, 0 MB stacks, 0 MB globals, 8 P
gc 7064 @53.557s 3%: 0.087+0.47+0.043 ms clock, 0.69+0.71/0.62/0+0.34 ms cpu, 3->3->1 MB, 4 MB goal, 0 MB stacks, 0 MB globals, 8 P
gc 7065 @53.560s 3%: 0.12+0.53+0.044 ms clock, 0.96+0.66/0.56/0+0.35 ms cpu, 3->3->1 MB, 4 MB goal, 0 MB stacks, 0 MB globals, 8 P
gc 7066 @53.563s 3%: 0.092+0.96+0.028 ms clock, 0.73+0.71/0.69/0+0.22 ms cpu, 3->3->1 MB, 4 MB goal, 0 MB stacks, 0 MB globals, 8 P
gc 7067 @53.565s 3%: 0.080+0.56+0.088 ms clock, 0.64+0.70/0.65/0+0.70 ms cpu, 3->3->1 MB, 4 MB goal, 0 MB stacks, 0 MB globals, 8 P
gc 7068 @53.568s 3%: 0.089+0.80+0.087 ms clock, 0.71+0.60/0.58/0+0.69 ms cpu, 3->3->1 MB, 4 MB goal, 0 MB stacks, 0 MB globals, 8 P
gc 7069 @53.571s 3%: 0.11+0.53+0.088 ms clock, 0.91+0.56/0.53/0+0.70 ms cpu, 3->3->1 MB, 4 MB goal, 0 MB stacks, 0 MB globals, 8 P
gc 7070 @53.574s 3%: 0.095+0.51+0.053 ms clock, 0.76+0.59/0.64/0+0.42 ms cpu, 3->3->1 MB, 4 MB goal, 0 MB stacks, 0 MB globals, 8 P
gc 7071 @53.577s 3%: 0.098+0.43+0.098 ms clock, 0.78+0.70/0.56/0+0.78 ms cpu, 3->3->1 MB, 4 MB goal, 0 MB stacks, 0 MB globals, 8 P
gc 7072 @53.579s 3%: 0.079+0.47+0.068 ms clock, 0.63+0.57/0.60/0+0.54 ms cpu, 3->3->1 MB, 4 MB goal, 0 MB stacks, 0 MB globals, 8 P
gc 7073 @53.582s 3%: 0.10+0.88+0.031 ms clock, 0.80+0.69/0.61/0+0.25 ms cpu, 3->3->1 MB, 4 MB goal, 0 MB stacks, 0 MB globals, 8 P
gc 7074 @53.585s 3%: 0.14+0.40+0.071 ms clock, 1.1+0.55/0.45/0.11+0.57 ms cpu, 3->3->1 MB, 4 MB goal, 0 MB stacks, 0 MB globals, 8 P
gc 7075 @53.588s 3%: 0.16+0.52+0.097 ms clock, 1.2+0.71/0.62/0+0.78 ms cpu, 3->3->1 MB, 4 MB goal, 0 MB stacks, 0 MB globals, 8 P
gc 7076 @53.590s 3%: 0.095+0.53+0.10 ms clock, 0.76+0.60/0.63/0+0.83 ms cpu, 3->3->1 MB, 4 MB goal, 0 MB stacks, 0 MB globals, 8 P
gc 7077 @53.593s 3%: 0.15+0.60+0.074 ms clock, 1.2+0.62/0.66/0+0.59 ms cpu, 3->3->1 MB, 4 MB goal, 0 MB stacks, 0 MB globals, 8 P
gc 7078 @53.596s 3%: 0.14+0.74+0.040 ms clock, 1.1+0.71/0.57/0+0.32 ms cpu, 3->3->1 MB, 4 MB goal, 0 MB stacks, 0 MB globals, 8 P
gc 7079 @53.599s 3%: 0.084+0.50+0.069 ms clock, 0.67+0.71/0.58/0+0.55 ms cpu, 3->3->1 MB, 4 MB goal, 0 MB stacks, 0 MB globals, 8 P
gc 7080 @53.602s 3%: 0.083+0.42+0.12 ms clock, 0.66+0.52/0.62/0+0.99 ms cpu, 3->3->1 MB, 4 MB goal, 0 MB stacks, 0 MB globals, 8 P
gc 7081 @53.604s 3%: 0.079+1.0+0.065 ms clock, 0.63+0.59/0.55/0+0.52 ms cpu, 3->3->1 MB, 4 MB goal, 0 MB stacks, 0 MB globals, 8 P
gc 7082 @53.607s 3%: 0.10+0.43+0.055 ms clock, 0.87+0.74/0.61/0+0.44 ms cpu, 3->3->1 MB, 4 MB goal, 0 MB stacks, 0 MB globals, 8 P
gc 7083 @53.610s 3%: 0.13+0.42+0.043 ms clock, 1.0+0.55/0.54/0+0.34 ms cpu, 3->3->1 MB, 4 MB goal, 0 MB stacks, 0 MB globals, 8 P
gc 7084 @53.613s 3%: 0.082+0.54+0.10 ms clock, 0.65+0.61/0.63/0+0.84 ms cpu, 3->3->1 MB, 4 MB goal, 0 MB stacks, 0 MB globals, 8 P
gc 7085 @53.616s 3%: 0.065+0.55+0.11 ms clock, 0.52+0.60/0.69/0+0.95 ms cpu, 3->3->1 MB, 4 MB goal, 0 MB stacks, 0 MB globals, 8 P
gc 7086 @53.618s 3%: 0.11+0.67+0.050 ms clock, 0.88+0.63/0.63/0+0.40 ms cpu, 3->3->1 MB, 4 MB goal, 0 MB stacks, 0 MB globals, 8 P
gc 7087 @53.621s 3%: 0.087+0.48+0.12 ms clock, 0.70+0.67/0.59/0+0.96 ms cpu, 3->3->1 MB, 4 MB goal, 0 MB stacks, 0 MB globals, 8 P
gc 7088 @53.624s 3%: 0.10+0.45+0.074 ms clock, 0.82+0.61/0.61/0+0.59 ms cpu, 3->3->1 MB, 4 MB goal, 0 MB stacks, 0 MB globals, 8 P
gc 7089 @53.627s 3%: 0.077+0.52+0.043 ms clock, 0.62+0.71/0.56/0+0.34 ms cpu, 3->3->1 MB, 4 MB goal, 0 MB stacks, 0 MB globals, 8 P
gc 7090 @53.630s 3%: 0.079+0.43+0.056 ms clock, 0.63+0.54/0.62/0+0.45 ms cpu, 3->3->1 MB, 4 MB goal, 0 MB stacks, 0 MB globals, 8 P
gc 7091 @53.632s 3%: 0.13+0.45+0.059 ms clock, 1.0+0.65/0.57/0+0.47 ms cpu, 3->3->1 MB, 4 MB goal, 0 MB stacks, 0 MB globals, 8 P
gc 7092 @53.635s 3%: 0.085+0.46+0.088 ms clock, 0.68+0.47/0.65/0+0.70 ms cpu, 3->3->1 MB, 4 MB goal, 0 MB stacks, 0 MB globals, 8 P
gc 7093 @53.638s 3%: 0.085+0.47+0.12 ms clock, 0.68+0.70/0.55/0+1.0 ms cpu, 3->3->1 MB, 4 MB goal, 0 MB stacks, 0 MB globals, 8 P
gc 7094 @53.641s 3%: 0.079+0.47+0.11 ms clock, 0.63+0.69/0.60/0+0.88 ms cpu, 3->3->1 MB, 4 MB goal, 0 MB stacks, 0 MB globals, 8 P
gc 7095 @53.643s 3%: 0.11+0.36+0.055 ms clock, 0.94+0.58/0.52/0+0.44 ms cpu, 3->3->1 MB, 4 MB goal, 0 MB stacks, 0 MB globals, 8 P
gc 7096 @53.646s 3%: 0.11+0.51+0.063 ms clock, 0.89+0.66/0.57/0+0.50 ms cpu, 3->3->1 MB, 4 MB goal, 0 MB stacks, 0 MB globals, 8 P
gc 7097 @53.649s 3%: 0.10+0.46+0.093 ms clock, 0.83+0.64/0.60/0+0.74 ms cpu, 3->3->1 MB, 4 MB goal, 0 MB stacks, 0 MB globals, 8 P
gc 7098 @53.652s 3%: 0.10+0.64+0.079 ms clock, 0.81+0.66/0.65/0+0.63 ms cpu, 3->3->1 MB, 4 MB goal, 0 MB stacks, 0 MB globals, 8 P
gc 7099 @53.655s 3%: 0.081+0.61+0.064 ms clock, 0.64+0.62/0.64/0+0.51 ms cpu, 3->3->1 MB, 4 MB goal, 0 MB stacks, 0 MB globals, 8 P
gc 7100 @53.657s 3%: 0.077+0.49+0.091 ms clock, 0.62+0.68/0.57/0+0.73 ms cpu, 3->3->1 MB, 4 MB goal, 0 MB stacks, 0 MB globals, 8 P
gc 7101 @53.660s 3%: 0.12+0.43+0.058 ms clock, 0.99+0.64/0.53/0+0.47 ms cpu, 3->3->1 MB, 4 MB goal, 0 MB stacks, 0 MB globals, 8 P
gc 7102 @53.663s 3%: 0.089+0.42+0.069 ms clock, 0.71+0.66/0.60/0+0.55 ms cpu, 3->3->1 MB, 4 MB goal, 0 MB stacks, 0 MB globals, 8 P
gc 7103 @53.666s 3%: 0.12+0.51+0.10 ms clock, 1.0+0.70/0.64/0+0.80 ms cpu, 3->3->1 MB, 4 MB goal, 0 MB stacks, 0 MB globals, 8 P
gc 7104 @53.668s 3%: 0.14+0.55+0.038 ms clock, 1.1+0.69/0.58/0+0.31 ms cpu, 3->3->1 MB, 4 MB goal, 0 MB stacks, 0 MB globals, 8 P
gc 7105 @53.671s 3%: 0.093+0.43+0.045 ms clock, 0.74+0.54/0.65/0+0.36 ms cpu, 3->3->1 MB, 4 MB goal, 0 MB stacks, 0 MB globals, 8 P
gc 7106 @53.674s 3%: 0.049+0.69+0.090 ms clock, 0.39+0.66/0.66/0+0.72 ms cpu, 3->3->1 MB, 4 MB goal, 0 MB stacks, 0 MB globals, 8 P
gc 7107 @53.677s 3%: 0.093+0.73+0.053 ms clock, 0.74+0.56/0.58/0+0.42 ms cpu, 3->3->1 MB, 4 MB goal, 0 MB stacks, 0 MB globals, 8 P
gc 7108 @53.680s 3%: 0.064+0.53+0.058 ms clock, 0.51+0.66/0.55/0+0.46 ms cpu, 3->3->1 MB, 4 MB goal, 0 MB stacks, 0 MB globals, 8 P
gc 7109 @53.682s 3%: 0.14+0.57+0.094 ms clock, 1.1+0.60/0.70/0+0.75 ms cpu, 3->3->1 MB, 4 MB goal, 0 MB stacks, 0 MB globals, 8 P
gc 7110 @53.685s 3%: 0.12+0.64+0.11 ms clock, 1.0+0.57/0.69/0+0.94 ms cpu, 3->3->1 MB, 4 MB goal, 0 MB stacks, 0 MB globals, 8 P
gc 7111 @53.688s 3%: 0.083+0.56+0.063 ms clock, 0.66+0.67/0.62/0+0.50 ms cpu, 3->3->1 MB, 4 MB goal, 0 MB stacks, 0 MB globals, 8 P
gc 7112 @53.691s 3%: 0.088+0.53+0.065 ms clock, 0.71+0.71/0.64/0+0.52 ms cpu, 3->3->1 MB, 4 MB goal, 0 MB stacks, 0 MB globals, 8 P
gc 7113 @53.694s 3%: 0.092+0.51+0.094 ms clock, 0.73+0.67/0.58/0+0.75 ms cpu, 3->3->1 MB, 4 MB goal, 0 MB stacks, 0 MB globals, 8 P
gc 7114 @53.696s 3%: 0.058+0.70+0.093 ms clock, 0.46+0.47/0.56/0+0.74 ms cpu, 3->3->1 MB, 4 MB goal, 0 MB stacks, 0 MB globals, 8 P
gc 7115 @53.699s 3%: 0.10+0.52+0.076 ms clock, 0.82+0.65/0.61/0+0.61 ms cpu, 3->3->1 MB, 4 MB goal, 0 MB stacks, 0 MB globals, 8 P
gc 7116 @53.702s 3%: 0.11+0.62+0.084 ms clock, 0.94+0.64/0.67/0+0.67 ms cpu, 3->3->1 MB, 4 MB goal, 0 MB stacks, 0 MB globals, 8 P
gc 7117 @53.705s 3%: 0.10+0.49+0.061 ms clock, 0.84+0.77/0.54/0+0.49 ms cpu, 3->3->1 MB, 4 MB goal, 0 MB stacks, 0 MB globals, 8 P
gc 7118 @53.708s 3%: 0.13+0.49+0.049 ms clock, 1.0+0.66/0.62/0+0.39 ms cpu, 3->3->1 MB, 4 MB goal, 0 MB stacks, 0 MB globals, 8 P
gc 7119 @53.710s 3%: 0.12+0.54+0.086 ms clock, 0.98+0.68/0.61/0+0.69 ms cpu, 3->3->1 MB, 4 MB goal, 0 MB stacks, 0 MB globals, 8 P
gc 7120 @53.713s 3%: 0.12+0.82+0.071 ms clock, 1.0+0.58/0.59/0+0.57 ms cpu, 3->3->1 MB, 4 MB goal, 0 MB stacks, 0 MB globals, 8 P
gc 7121 @53.716s 3%: 0.098+0.64+0.12 ms clock, 0.79+0.64/0.72/0+0.98 ms cpu, 3->3->1 MB, 4 MB goal, 0 MB stacks, 0 MB globals, 8 P
gc 7122 @53.719s 3%: 0.078+0.42+0.10 ms clock, 0.62+0.69/0.59/0+0.84 ms cpu, 3->3->1 MB, 4 MB goal, 0 MB stacks, 0 MB globals, 8 P
gc 7123 @53.721s 3%: 0.099+0.49+0.063 ms clock, 0.79+0.60/0.59/0+0.50 ms cpu, 3->3->1 MB, 4 MB goal, 0 MB stacks, 0 MB globals, 8 P
gc 7124 @53.724s 3%: 0.094+0.48+0.051 ms clock, 0.75+0.75/0.59/0+0.41 ms cpu, 3->3->1 MB, 4 MB goal, 0 MB stacks, 0 MB globals, 8 P
gc 7125 @53.727s 3%: 0.069+0.59+0.10 ms clock, 0.55+0.63/0.69/0+0.82 ms cpu, 3->3->1 MB, 4 MB goal, 0 MB stacks, 0 MB globals, 8 P
gc 7126 @53.730s 3%: 0.11+0.42+0.048 ms clock, 0.89+0.68/0.51/0+0.38 ms cpu, 3->3->1 MB, 4 MB goal, 0 MB stacks, 0 MB globals, 8 P
gc 7127 @53.732s 3%: 0.066+0.71+0.087 ms clock, 0.52+0.53/0.65/0+0.70 ms cpu, 3->3->1 MB, 4 MB goal, 0 MB stacks, 0 MB globals, 8 P
gc 7128 @53.735s 3%: 0.087+0.44+0.085 ms clock, 0.70+0.75/0.58/0+0.68 ms cpu, 3->3->1 MB, 4 MB goal, 0 MB stacks, 0 MB globals, 8 P
gc 7129 @53.738s 3%: 0.081+0.42+0.10 ms clock, 0.64+0.63/0.55/0+0.81 ms cpu, 3->3->1 MB, 4 MB goal, 0 MB stacks, 0 MB globals, 8 P
gc 7130 @53.741s 3%: 0.11+0.48+0.091 ms clock, 0.95+0.63/0.63/0+0.73 ms cpu, 3->3->1 MB, 4 MB goal, 0 MB stacks, 0 MB globals, 8 P
gc 7131 @53.743s 3%: 0.11+0.76+0.083 ms clock, 0.91+0.71/0.55/0+0.66 ms cpu, 3->3->1 MB, 4 MB goal, 0 MB stacks, 0 MB globals, 8 P
gc 7132 @53.746s 3%: 0.065+0.47+0.079 ms clock, 0.52+0.72/0.60/0+0.63 ms cpu, 3->3->1 MB, 4 MB goal, 0 MB stacks, 0 MB globals, 8 P
gc 7133 @53.749s 3%: 0.082+0.63+0.090 ms clock, 0.65+0.66/0.66/0+0.72 ms cpu, 3->3->1 MB, 4 MB goal, 0 MB stacks, 0 MB globals, 8 P
gc 7134 @53.752s 3%: 0.050+0.52+0.058 ms clock, 0.40+0.61/0.64/0+0.46 ms cpu, 3->3->1 MB, 4 MB goal, 0 MB stacks, 0 MB globals, 8 P
gc 7135 @53.755s 3%: 0.14+0.63+0.057 ms clock, 1.1+0.58/0.67/0+0.45 ms cpu, 3->3->1 MB, 4 MB goal, 0 MB stacks, 0 MB globals, 8 P
gc 7136 @53.758s 3%: 0.085+0.97+0.11 ms clock, 0.68+0.66/0.63/0+0.91 ms cpu, 3->3->1 MB, 4 MB goal, 0 MB stacks, 0 MB globals, 8 P
gc 7137 @53.760s 3%: 0.092+0.54+0.085 ms clock, 0.73+0.65/0.66/0+0.68 ms cpu, 3->3->1 MB, 4 MB goal, 0 MB stacks, 0 MB globals, 8 P
gc 7138 @53.763s 3%: 0.083+0.55+0.11 ms clock, 0.66+0.67/0.70/0+0.95 ms cpu, 3->3->1 MB, 4 MB goal, 0 MB stacks, 0 MB globals, 8 P
gc 7139 @53.766s 3%: 0.13+0.87+0.096 ms clock, 1.1+0.59/0.63/0+0.77 ms cpu, 3->3->1 MB, 4 MB goal, 0 MB stacks, 0 MB globals, 8 P
gc 7140 @53.769s 3%: 0.10+0.47+0.10 ms clock, 0.85+0.69/0.60/0+0.81 ms cpu, 3->3->1 MB, 4 MB goal, 0 MB stacks, 0 MB globals, 8 P
gc 7141 @53.772s 3%: 0.066+0.45+0.065 ms clock, 0.53+0.62/0.62/0+0.52 ms cpu, 3->3->1 MB, 4 MB goal, 0 MB stacks, 0 MB globals, 8 P
gc 7142 @53.774s 3%: 0.097+0.50+0.10 ms clock, 0.77+0.81/0.55/0+0.80 ms cpu, 3->3->1 MB, 4 MB goal, 0 MB stacks, 0 MB globals, 8 P
gc 7143 @53.777s 3%: 0.13+0.54+0.10 ms clock, 1.0+0.60/0.64/0+0.80 ms cpu, 3->3->1 MB, 4 MB goal, 0 MB stacks, 0 MB globals, 8 P
gc 7144 @53.780s 3%: 0.075+0.59+0.15 ms clock, 0.60+0.67/0.63/0+1.2 ms cpu, 3->3->1 MB, 4 MB goal, 0 MB stacks, 0 MB globals, 8 P
gc 7145 @53.783s 3%: 0.13+0.62+0.085 ms clock, 1.0+0.68/0.55/0+0.68 ms cpu, 3->3->1 MB, 4 MB goal, 0 MB stacks, 0 MB globals, 8 P
gc 7146 @53.786s 3%: 0.074+0.46+0.093 ms clock, 0.59+0.58/0.58/0+0.74 ms cpu, 3->3->1 MB, 4 MB goal, 0 MB stacks, 0 MB globals, 8 P
gc 7147 @53.788s 3%: 0.097+0.48+0.084 ms clock, 0.78+0.73/0.59/0+0.67 ms cpu, 3->3->1 MB, 4 MB goal, 0 MB stacks, 0 MB globals, 8 P
gc 7148 @53.791s 3%: 0.11+0.54+0.059 ms clock, 0.95+0.64/0.58/0.046+0.47 ms cpu, 3->3->1 MB, 4 MB goal, 0 MB stacks, 0 MB globals, 8 P
gc 7149 @53.794s 3%: 0.11+0.50+0.10 ms clock, 0.88+0.53/0.62/0+0.84 ms cpu, 3->3->1 MB, 4 MB goal, 0 MB stacks, 0 MB globals, 8 P
gc 7150 @53.797s 3%: 0.088+0.52+0.080 ms clock, 0.71+0.62/0.58/0+0.64 ms cpu, 3->3->1 MB, 4 MB goal, 0 MB stacks, 0 MB globals, 8 P
gc 7151 @53.799s 3%: 0.14+0.55+0.10 ms clock, 1.1+0.62/0.66/0+0.80 ms cpu, 3->3->1 MB, 4 MB goal, 0 MB stacks, 0 MB globals, 8 P
gc 7152 @53.802s 3%: 0.13+0.71+0.087 ms clock, 1.0+0.57/0.65/0+0.70 ms cpu, 3->3->1 MB, 4 MB goal, 0 MB stacks, 0 MB globals, 8 P
gc 7153 @53.805s 3%: 0.14+0.74+0.069 ms clock, 1.1+0.60/0.63/0+0.55 ms cpu, 3->3->1 MB, 4 MB goal, 0 MB stacks, 0 MB globals, 8 P
gc 7154 @53.808s 3%: 0.089+0.55+0.12 ms clock, 0.71+0.50/0.65/0+0.98 ms cpu, 3->3->1 MB, 4 MB goal, 0 MB stacks, 0 MB globals, 8 P
gc 7155 @53.811s 3%: 0.089+0.48+0.083 ms clock, 0.71+0.60/0.57/0+0.66 ms cpu, 3->3->1 MB, 4 MB goal, 0 MB stacks, 0 MB globals, 8 P
gc 7156 @53.814s 3%: 0.11+0.48+0.13 ms clock, 0.95+0.61/0.63/0+1.0 ms cpu, 3->3->1 MB, 4 MB goal, 0 MB stacks, 0 MB globals, 8 P
gc 7157 @53.816s 3%: 0.082+0.53+0.078 ms clock, 0.66+0.65/0.67/0+0.62 ms cpu, 3->3->1 MB, 4 MB goal, 0 MB stacks, 0 MB globals, 8 P
gc 7158 @53.819s 3%: 0.070+0.45+0.11 ms clock, 0.56+0.74/0.55/0+0.89 ms cpu, 3->3->1 MB, 4 MB goal, 0 MB stacks, 0 MB globals, 8 P
gc 7159 @53.822s 3%: 0.090+0.47+0.081 ms clock, 0.72+0.73/0.54/0+0.65 ms cpu, 3->3->1 MB, 4 MB goal, 0 MB stacks, 0 MB globals, 8 P
gc 7160 @53.825s 3%: 0.11+0.57+0.074 ms clock, 0.95+0.58/0.68/0+0.59 ms cpu, 3->3->1 MB, 4 MB goal, 0 MB stacks, 0 MB globals, 8 P
gc 7161 @53.827s 3%: 0.070+0.68+0.084 ms clock, 0.56+0.63/0.71/0+0.67 ms cpu, 3->3->1 MB, 4 MB goal, 0 MB stacks, 0 MB globals, 8 P
gc 7162 @53.830s 3%: 0.079+0.63+0.083 ms clock, 0.63+0.69/0.56/0+0.66 ms cpu, 3->3->1 MB, 4 MB goal, 0 MB stacks, 0 MB globals, 8 P
gc 7163 @53.833s 3%: 0.11+0.43+0.096 ms clock, 0.90+0.77/0.58/0+0.77 ms cpu, 3->3->1 MB, 4 MB goal, 0 MB stacks, 0 MB globals, 8 P
gc 7164 @53.836s 3%: 0.11+0.58+0.044 ms clock, 0.95+0.68/0.64/0+0.35 ms cpu, 3->3->1 MB, 4 MB goal, 0 MB stacks, 0 MB globals, 8 P
gc 7165 @53.839s 3%: 0.15+0.52+0.063 ms clock, 1.2+0.72/0.62/0+0.51 ms cpu, 3->3->1 MB, 4 MB goal, 0 MB stacks, 0 MB globals, 8 P
gc 7166 @53.841s 3%: 0.10+0.95+0.069 ms clock, 0.82+0.48/0.57/0+0.55 ms cpu, 3->4->1 MB, 4 MB goal, 0 MB stacks, 0 MB globals, 8 P
gc 7167 @53.844s 3%: 0.11+0.43+0.063 ms clock, 0.89+0.68/0.63/0+0.51 ms cpu, 3->3->1 MB, 4 MB goal, 0 MB stacks, 0 MB globals, 8 P
gc 7168 @53.847s 3%: 0.076+0.59+0.047 ms clock, 0.60+0.70/0.57/0+0.38 ms cpu, 3->3->1 MB, 4 MB goal, 0 MB stacks, 0 MB globals, 8 P
gc 7169 @53.850s 3%: 0.12+0.59+0.083 ms clock, 1.0+0.64/0.55/0+0.66 ms cpu, 3->3->1 MB, 4 MB goal, 0 MB stacks, 0 MB globals, 8 P
gc 7170 @53.853s 3%: 0.11+0.46+0.077 ms clock, 0.88+0.69/0.58/0+0.61 ms cpu, 3->3->1 MB, 4 MB goal, 0 MB stacks, 0 MB globals, 8 P
gc 7171 @53.855s 3%: 0.11+0.48+0.073 ms clock, 0.88+0.68/0.61/0+0.58 ms cpu, 3->3->1 MB, 4 MB goal, 0 MB stacks, 0 MB globals, 8 P
gc 7172 @53.858s 3%: 0.10+0.56+0.088 ms clock, 0.82+0.60/0.57/0+0.70 ms cpu, 3->3->1 MB, 4 MB goal, 0 MB stacks, 0 MB globals, 8 P
gc 7173 @53.861s 3%: 0.11+0.53+0.061 ms clock, 0.94+0.60/0.67/0+0.49 ms cpu, 3->3->1 MB, 4 MB goal, 0 MB stacks, 0 MB globals, 8 P
gc 7174 @53.864s 3%: 0.080+0.56+0.10 ms clock, 0.64+0.74/0.62/0+0.83 ms cpu, 3->3->1 MB, 4 MB goal, 0 MB stacks, 0 MB globals, 8 P
gc 7175 @53.866s 3%: 0.11+0.51+0.098 ms clock, 0.92+0.63/0.68/0+0.78 ms cpu, 3->3->1 MB, 4 MB goal, 0 MB stacks, 0 MB globals, 8 P
gc 7176 @53.869s 3%: 0.10+0.63+0.11 ms clock, 0.85+0.71/0.62/0+0.91 ms cpu, 3->3->1 MB, 4 MB goal, 0 MB stacks, 0 MB globals, 8 P
gc 7177 @53.872s 3%: 0.075+0.49+0.11 ms clock, 0.60+0.53/0.63/0+0.91 ms cpu, 3->3->1 MB, 4 MB goal, 0 MB stacks, 0 MB globals, 8 P
gc 7178 @53.875s 3%: 0.097+0.83+0.13 ms clock, 0.77+0.68/0.62/0+1.0 ms cpu, 3->3->1 MB, 4 MB goal, 0 MB stacks, 0 MB globals, 8 P
gc 7179 @53.878s 3%: 0.083+0.53+0.079 ms clock, 0.66+0.78/0.48/0+0.63 ms cpu, 3->3->1 MB, 4 MB goal, 0 MB stacks, 0 MB globals, 8 P
gc 7180 @53.880s 3%: 0.063+0.54+0.11 ms clock, 0.51+0.70/0.59/0+0.88 ms cpu, 3->3->1 MB, 4 MB goal, 0 MB stacks, 0 MB globals, 8 P
gc 7181 @53.883s 3%: 0.086+0.43+0.065 ms clock, 0.69+0.66/0.58/0+0.52 ms cpu, 3->3->1 MB, 4 MB goal, 0 MB stacks, 0 MB globals, 8 P
gc 7182 @53.886s 3%: 0.10+0.78+0.033 ms clock, 0.84+0.67/0.49/0+0.26 ms cpu, 3->3->1 MB, 4 MB goal, 0 MB stacks, 0 MB globals, 8 P
gc 7183 @53.889s 3%: 0.097+0.92+0.086 ms clock, 0.77+0.72/0.72/0+0.69 ms cpu, 3->3->1 MB, 4 MB goal, 0 MB stacks, 0 MB globals, 8 P
gc 7184 @53.892s 3%: 0.11+0.54+0.060 ms clock, 0.90+0.66/0.58/0+0.48 ms cpu, 3->3->1 MB, 4 MB goal, 0 MB stacks, 0 MB globals, 8 P
gc 7185 @53.894s 3%: 0.11+0.55+0.076 ms clock, 0.95+0.62/0.70/0+0.61 ms cpu, 3->3->1 MB, 4 MB goal, 0 MB stacks, 0 MB globals, 8 P
gc 7186 @53.897s 3%: 0.13+0.54+0.071 ms clock, 1.0+0.76/0.54/0+0.57 ms cpu, 3->3->1 MB, 4 MB goal, 0 MB stacks, 0 MB globals, 8 P
gc 7187 @53.900s 3%: 0.12+0.51+0.073 ms clock, 0.96+0.55/0.62/0+0.58 ms cpu, 3->3->1 MB, 4 MB goal, 0 MB stacks, 0 MB globals, 8 P
gc 7188 @53.903s 3%: 0.092+0.56+0.068 ms clock, 0.73+0.58/0.67/0+0.55 ms cpu, 3->3->1 MB, 4 MB goal, 0 MB stacks, 0 MB globals, 8 P
gc 7189 @53.905s 3%: 0.083+0.47+0.092 ms clock, 0.66+0.71/0.61/0+0.74 ms cpu, 3->3->1 MB, 4 MB goal, 0 MB stacks, 0 MB globals, 8 P
gc 7190 @53.908s 3%: 0.10+0.57+0.098 ms clock, 0.84+0.61/0.67/0+0.78 ms cpu, 3->3->1 MB, 4 MB goal, 0 MB stacks, 0 MB globals, 8 P
gc 7191 @53.911s 3%: 0.097+0.45+0.10 ms clock, 0.78+0.66/0.56/0+0.87 ms cpu, 3->3->1 MB, 4 MB goal, 0 MB stacks, 0 MB globals, 8 P
gc 7192 @53.914s 3%: 0.13+0.95+0.046 ms clock, 1.0+0.48/0.62/0+0.37 ms cpu, 3->3->1 MB, 4 MB goal, 0 MB stacks, 0 MB globals, 8 P
gc 7193 @53.917s 3%: 0.095+0.46+0.089 ms clock, 0.76+0.72/0.53/0+0.71 ms cpu, 3->3->1 MB, 4 MB goal, 0 MB stacks, 0 MB globals, 8 P
gc 7194 @53.919s 3%: 0.094+0.44+0.10 ms clock, 0.75+0.67/0.55/0+0.81 ms cpu, 3->3->1 MB, 4 MB goal, 0 MB stacks, 0 MB globals, 8 P
gc 7195 @53.922s 3%: 0.093+0.65+0.10 ms clock, 0.74+0.59/0.68/0+0.81 ms cpu, 3->3->1 MB, 4 MB goal, 0 MB stacks, 0 MB globals, 8 P
gc 7196 @53.925s 3%: 0.084+0.51+0.13 ms clock, 0.67+0.70/0.67/0+1.0 ms cpu, 3->3->1 MB, 4 MB goal, 0 MB stacks, 0 MB globals, 8 P
gc 7197 @53.928s 3%: 0.078+0.54+0.063 ms clock, 0.63+0.59/0.66/0+0.51 ms cpu, 3->3->1 MB, 4 MB goal, 0 MB stacks, 0 MB globals, 8 P
gc 7198 @53.930s 3%: 0.090+0.46+0.083 ms clock, 0.72+0.69/0.55/0+0.66 ms cpu, 3->3->1 MB, 4 MB goal, 0 MB stacks, 0 MB globals, 8 P
gc 7199 @53.933s 3%: 0.10+0.52+0.087 ms clock, 0.87+0.66/0.61/0+0.70 ms cpu, 3->3->1 MB, 4 MB goal, 0 MB stacks, 0 MB globals, 8 P
gc 7200 @53.936s 3%: 0.10+0.48+0.11 ms clock, 0.82+0.64/0.65/0+0.89 ms cpu, 3->3->1 MB, 4 MB goal, 0 MB stacks, 0 MB globals, 8 P
gc 7201 @53.939s 3%: 0.080+0.61+0.054 ms clock, 0.64+0.56/0.60/0+0.43 ms cpu, 3->3->1 MB, 4 MB goal, 0 MB stacks, 0 MB globals, 8 P
gc 7202 @53.941s 3%: 0.10+0.56+0.041 ms clock, 0.84+0.68/0.57/0+0.33 ms cpu, 3->3->1 MB, 4 MB goal, 0 MB stacks, 0 MB globals, 8 P
gc 7203 @53.944s 3%: 0.097+0.50+0.089 ms clock, 0.77+0.71/0.56/0+0.71 ms cpu, 3->3->1 MB, 4 MB goal, 0 MB stacks, 0 MB globals, 8 P
gc 7204 @53.947s 3%: 0.061+0.54+0.072 ms clock, 0.48+0.68/0.65/0+0.58 ms cpu, 3->3->1 MB, 4 MB goal, 0 MB stacks, 0 MB globals, 8 P
gc 7205 @53.950s 3%: 0.11+0.75+0.10 ms clock, 0.90+0.70/0.63/0+0.84 ms cpu, 3->3->1 MB, 4 MB goal, 0 MB stacks, 0 MB globals, 8 P
gc 7206 @53.953s 3%: 0.084+0.53+0.089 ms clock, 0.67+0.60/0.68/0+0.71 ms cpu, 3->3->1 MB, 4 MB goal, 0 MB stacks, 0 MB globals, 8 P
gc 7207 @53.955s 3%: 0.10+0.51+0.10 ms clock, 0.84+0.62/0.60/0+0.82 ms cpu, 3->3->1 MB, 4 MB goal, 0 MB stacks, 0 MB globals, 8 P
gc 7208 @53.958s 3%: 0.15+0.61+0.11 ms clock, 1.2+0.64/0.66/0+0.89 ms cpu, 3->3->1 MB, 4 MB goal, 0 MB stacks, 0 MB globals, 8 P
gc 7209 @53.961s 3%: 0.10+0.43+0.027 ms clock, 0.85+0.63/0.60/0+0.21 ms cpu, 3->3->1 MB, 4 MB goal, 0 MB stacks, 0 MB globals, 8 P
gc 7210 @53.964s 3%: 0.10+0.48+0.064 ms clock, 0.81+0.74/0.56/0+0.51 ms cpu, 3->3->1 MB, 4 MB goal, 0 MB stacks, 0 MB globals, 8 P
gc 7211 @53.966s 3%: 0.073+0.52+0.073 ms clock, 0.59+0.59/0.63/0+0.58 ms cpu, 3->3->1 MB, 4 MB goal, 0 MB stacks, 0 MB globals, 8 P
gc 7212 @53.969s 3%: 0.079+0.46+0.084 ms clock, 0.63+0.56/0.64/0+0.67 ms cpu, 3->3->1 MB, 4 MB goal, 0 MB stacks, 0 MB globals, 8 P
gc 7213 @53.972s 3%: 0.092+0.74+0.078 ms clock, 0.73+0.64/0.54/0.052+0.62 ms cpu, 3->3->1 MB, 4 MB goal, 0 MB stacks, 0 MB globals, 8 P
gc 7214 @53.975s 3%: 0.065+0.77+0.075 ms clock, 0.52+0.73/0.65/0+0.60 ms cpu, 3->3->1 MB, 4 MB goal, 0 MB stacks, 0 MB globals, 8 P
gc 7215 @53.978s 3%: 0.11+0.57+0.078 ms clock, 0.95+0.56/0.69/0+0.62 ms cpu, 3->3->1 MB, 4 MB goal, 0 MB stacks, 0 MB globals, 8 P
gc 7216 @53.981s 3%: 0.073+0.52+0.099 ms clock, 0.58+0.67/0.60/0+0.79 ms cpu, 3->3->1 MB, 4 MB goal, 0 MB stacks, 0 MB globals, 8 P
gc 7217 @53.983s 3%: 0.082+0.38+0.067 ms clock, 0.66+0.62/0.56/0+0.54 ms cpu, 3->3->1 MB, 4 MB goal, 0 MB stacks, 0 MB globals, 8 P
gc 7218 @53.986s 3%: 0.096+0.52+0.057 ms clock, 0.77+0.53/0.60/0+0.46 ms cpu, 3->3->1 MB, 4 MB goal, 0 MB stacks, 0 MB globals, 8 P
gc 7219 @53.989s 3%: 0.087+0.71+0.061 ms clock, 0.70+0.66/0.65/0+0.49 ms cpu, 3->3->1 MB, 4 MB goal, 0 MB stacks, 0 MB globals, 8 P
gc 7220 @53.992s 3%: 0.085+2.0+0.062 ms clock, 0.68+0.55/0.56/0+0.49 ms cpu, 3->4->1 MB, 4 MB goal, 0 MB stacks, 0 MB globals, 8 P
gc 7221 @53.995s 3%: 0.11+0.78+0.079 ms clock, 0.92+0.60/0.63/0+0.63 ms cpu, 3->4->1 MB, 4 MB goal, 0 MB stacks, 0 MB globals, 8 P
gc 7222 @53.998s 3%: 0.072+0.49+0.062 ms clock, 0.57+0.59/0.61/0+0.50 ms cpu, 3->3->1 MB, 4 MB goal, 0 MB stacks, 0 MB globals, 8 P
gc 7223 @54.001s 3%: 0.069+0.72+0.047 ms clock, 0.55+0.71/0.56/0+0.37 ms cpu, 3->3->1 MB, 4 MB goal, 0 MB stacks, 0 MB globals, 8 P
gc 7224 @54.003s 3%: 0.12+0.55+0.082 ms clock, 1.0+0.70/0.67/0+0.66 ms cpu, 3->3->1 MB, 4 MB goal, 0 MB stacks, 0 MB globals, 8 P
gc 7225 @54.006s 3%: 0.056+0.82+0.074 ms clock, 0.44+0.66/0.54/0+0.59 ms cpu, 3->3->1 MB, 4 MB goal, 0 MB stacks, 0 MB globals, 8 P
gc 7226 @54.009s 3%: 0.086+0.43+0.11 ms clock, 0.69+0.71/0.56/0+0.89 ms cpu, 3->3->1 MB, 4 MB goal, 0 MB stacks, 0 MB globals, 8 P
gc 7227 @54.012s 3%: 0.083+0.44+0.11 ms clock, 0.66+0.45/0.60/0+0.93 ms cpu, 3->3->1 MB, 4 MB goal, 0 MB stacks, 0 MB globals, 8 P
gc 7228 @54.014s 3%: 0.15+0.85+0.084 ms clock, 1.2+0.64/0.67/0+0.67 ms cpu, 3->3->1 MB, 4 MB goal, 0 MB stacks, 0 MB globals, 8 P
gc 7229 @54.017s 3%: 0.10+0.44+0.094 ms clock, 0.82+0.71/0.59/0+0.75 ms cpu, 3->3->1 MB, 4 MB goal, 0 MB stacks, 0 MB globals, 8 P
gc 7230 @54.020s 3%: 0.099+0.58+0.081 ms clock, 0.79+0.66/0.70/0+0.64 ms cpu, 3->3->1 MB, 4 MB goal, 0 MB stacks, 0 MB globals, 8 P
gc 7231 @54.023s 3%: 0.076+0.61+0.072 ms clock, 0.61+0.65/0.72/0+0.57 ms cpu, 3->3->1 MB, 4 MB goal, 0 MB stacks, 0 MB globals, 8 P
gc 7232 @54.025s 3%: 0.085+0.44+0.095 ms clock, 0.68+0.65/0.63/0+0.76 ms cpu, 3->3->1 MB, 4 MB goal, 0 MB stacks, 0 MB globals, 8 P
gc 7233 @54.028s 3%: 0.093+0.42+0.079 ms clock, 0.74+0.62/0.64/0+0.63 ms cpu, 3->3->1 MB, 4 MB goal, 0 MB stacks, 0 MB globals, 8 P
gc 7234 @54.031s 3%: 0.11+0.83+0.078 ms clock, 0.94+0.59/0.56/0+0.63 ms cpu, 3->3->1 MB, 4 MB goal, 0 MB stacks, 0 MB globals, 8 P
gc 7235 @54.034s 3%: 0.10+0.73+0.072 ms clock, 0.83+0.63/0.65/0+0.58 ms cpu, 3->3->1 MB, 4 MB goal, 0 MB stacks, 0 MB globals, 8 P
gc 7236 @54.037s 3%: 0.096+0.49+0.088 ms clock, 0.76+0.63/0.66/0+0.71 ms cpu, 3->3->1 MB, 4 MB goal, 0 MB stacks, 0 MB globals, 8 P
gc 7237 @54.039s 3%: 0.046+0.50+0.099 ms clock, 0.36+0.71/0.64/0+0.79 ms cpu, 3->3->1 MB, 4 MB goal, 0 MB stacks, 0 MB globals, 8 P
gc 7238 @54.042s 3%: 0.078+0.80+0.086 ms clock, 0.62+0.52/0.73/0+0.68 ms cpu, 3->3->1 MB, 4 MB goal, 0 MB stacks, 0 MB globals, 8 P
gc 7239 @54.045s 3%: 0.086+0.53+0.068 ms clock, 0.68+0.52/0.66/0+0.55 ms cpu, 3->3->1 MB, 4 MB goal, 0 MB stacks, 0 MB globals, 8 P
gc 7240 @54.048s 3%: 0.067+0.68+0.078 ms clock, 0.54+0.59/0.67/0+0.62 ms cpu, 3->3->1 MB, 4 MB goal, 0 MB stacks, 0 MB globals, 8 P
gc 7241 @54.050s 3%: 0.098+0.68+0.10 ms clock, 0.78+0.75/0.56/0+0.85 ms cpu, 3->3->1 MB, 4 MB goal, 0 MB stacks, 0 MB globals, 8 P
gc 7242 @54.053s 3%: 0.098+0.66+0.10 ms clock, 0.78+0.64/0.60/0+0.81 ms cpu, 3->3->1 MB, 4 MB goal, 0 MB stacks, 0 MB globals, 8 P
gc 7243 @54.056s 3%: 0.11+0.51+0.10 ms clock, 0.93+0.71/0.68/0+0.87 ms cpu, 3->3->1 MB, 4 MB goal, 0 MB stacks, 0 MB globals, 8 P
gc 7244 @54.059s 3%: 0.11+0.57+0.073 ms clock, 0.92+0.66/0.71/0+0.58 ms cpu, 3->3->1 MB, 4 MB goal, 0 MB stacks, 0 MB globals, 8 P
gc 7245 @54.062s 3%: 0.086+0.51+0.11 ms clock, 0.69+0.65/0.71/0+0.94 ms cpu, 3->3->1 MB, 4 MB goal, 0 MB stacks, 0 MB globals, 8 P
gc 7246 @54.064s 3%: 0.11+0.54+0.051 ms clock, 0.91+0.74/0.53/0+0.41 ms cpu, 3->3->1 MB, 4 MB goal, 0 MB stacks, 0 MB globals, 8 P
gc 7247 @54.067s 3%: 0.12+0.64+0.049 ms clock, 0.96+0.72/0.60/0+0.39 ms cpu, 3->3->1 MB, 4 MB goal, 0 MB stacks, 0 MB globals, 8 P
gc 7248 @54.070s 3%: 0.10+0.68+0.085 ms clock, 0.82+0.80/0.59/0+0.68 ms cpu, 3->3->1 MB, 4 MB goal, 0 MB stacks, 0 MB globals, 8 P
gc 7249 @54.073s 3%: 0.098+0.66+0.078 ms clock, 0.78+0.71/0.63/0+0.63 ms cpu, 3->3->1 MB, 4 MB goal, 0 MB stacks, 0 MB globals, 8 P
gc 7250 @54.076s 3%: 0.076+0.62+0.073 ms clock, 0.61+0.63/0.67/0+0.58 ms cpu, 3->3->1 MB, 4 MB goal, 0 MB stacks, 0 MB globals, 8 P
gc 7251 @54.078s 3%: 0.10+0.50+0.072 ms clock, 0.83+0.62/0.64/0+0.58 ms cpu, 3->3->1 MB, 4 MB goal, 0 MB stacks, 0 MB globals, 8 P
gc 7252 @54.081s 3%: 0.082+0.55+0.12 ms clock, 0.66+0.69/0.66/0+0.97 ms cpu, 3->3->1 MB, 4 MB goal, 0 MB stacks, 0 MB globals, 8 P
gc 7253 @54.084s 3%: 0.10+0.62+0.10 ms clock, 0.82+0.61/0.61/0+0.85 ms cpu, 3->3->1 MB, 4 MB goal, 0 MB stacks, 0 MB globals, 8 P
gc 7254 @54.087s 3%: 0.092+0.46+0.079 ms clock, 0.73+0.79/0.54/0+0.63 ms cpu, 3->3->1 MB, 4 MB goal, 0 MB stacks, 0 MB globals, 8 P
gc 7255 @54.090s 3%: 0.10+0.82+0.083 ms clock, 0.86+0.57/0.70/0+0.66 ms cpu, 3->3->1 MB, 4 MB goal, 0 MB stacks, 0 MB globals, 8 P
gc 7256 @54.092s 3%: 0.10+0.73+0.056 ms clock, 0.84+0.70/0.57/0+0.44 ms cpu, 3->3->1 MB, 4 MB goal, 0 MB stacks, 0 MB globals, 8 P
gc 7257 @54.095s 3%: 0.085+0.73+0.10 ms clock, 0.68+0.69/0.61/0+0.82 ms cpu, 3->3->1 MB, 4 MB goal, 0 MB stacks, 0 MB globals, 8 P
gc 7258 @54.098s 3%: 0.11+0.48+0.071 ms clock, 0.92+0.68/0.54/0+0.57 ms cpu, 3->3->1 MB, 4 MB goal, 0 MB stacks, 0 MB globals, 8 P
gc 7259 @54.101s 3%: 0.10+0.50+0.10 ms clock, 0.80+0.60/0.63/0+0.85 ms cpu, 3->3->1 MB, 4 MB goal, 0 MB stacks, 0 MB globals, 8 P
gc 7260 @54.104s 3%: 0.10+0.42+0.083 ms clock, 0.80+0.66/0.58/0+0.66 ms cpu, 3->3->1 MB, 4 MB goal, 0 MB stacks, 0 MB globals, 8 P
gc 7261 @54.106s 3%: 0.080+0.44+0.072 ms clock, 0.64+0.71/0.56/0+0.57 ms cpu, 3->3->1 MB, 4 MB goal, 0 MB stacks, 0 MB globals, 8 P
gc 7262 @54.109s 3%: 0.097+0.45+0.097 ms clock, 0.77+0.64/0.54/0+0.77 ms cpu, 3->3->1 MB, 4 MB goal, 0 MB stacks, 0 MB globals, 8 P
gc 7263 @54.112s 3%: 0.077+0.58+0.042 ms clock, 0.61+0.64/0.74/0+0.34 ms cpu, 3->3->1 MB, 4 MB goal, 0 MB stacks, 0 MB globals, 8 P
gc 7264 @54.115s 3%: 0.097+0.50+0.10 ms clock, 0.77+0.73/0.53/0+0.86 ms cpu, 3->3->1 MB, 4 MB goal, 0 MB stacks, 0 MB globals, 8 P
gc 7265 @54.117s 3%: 0.073+0.56+0.099 ms clock, 0.58+0.65/0.74/0+0.79 ms cpu, 3->3->1 MB, 4 MB goal, 0 MB stacks, 0 MB globals, 8 P
gc 7266 @54.120s 3%: 0.14+0.52+0.071 ms clock, 1.1+0.55/0.59/0+0.57 ms cpu, 3->3->1 MB, 4 MB goal, 0 MB stacks, 0 MB globals, 8 P
gc 7267 @54.123s 3%: 0.058+0.60+0.10 ms clock, 0.46+0.70/0.66/0+0.81 ms cpu, 3->3->1 MB, 4 MB goal, 0 MB stacks, 0 MB globals, 8 P
gc 7268 @54.126s 3%: 0.13+0.63+0.079 ms clock, 1.0+0.63/0.72/0+0.63 ms cpu, 3->3->1 MB, 4 MB goal, 0 MB stacks, 0 MB globals, 8 P
gc 7269 @54.128s 3%: 0.12+0.50+0.052 ms clock, 1.0+0.66/0.62/0+0.42 ms cpu, 3->3->1 MB, 4 MB goal, 0 MB stacks, 0 MB globals, 8 P
gc 7270 @54.131s 3%: 0.087+0.83+0.078 ms clock, 0.70+0.62/0.63/0+0.63 ms cpu, 3->3->1 MB, 4 MB goal, 0 MB stacks, 0 MB globals, 8 P
gc 7271 @54.134s 3%: 0.11+0.49+0.029 ms clock, 0.92+0.75/0.55/0+0.23 ms cpu, 3->3->1 MB, 4 MB goal, 0 MB stacks, 0 MB globals, 8 P
gc 7272 @54.137s 3%: 0.084+0.45+0.082 ms clock, 0.67+0.75/0.54/0+0.66 ms cpu, 3->3->1 MB, 4 MB goal, 0 MB stacks, 0 MB globals, 8 P
gc 7273 @54.140s 3%: 0.086+0.48+0.095 ms clock, 0.69+0.68/0.55/0+0.76 ms cpu, 3->3->1 MB, 4 MB goal, 0 MB stacks, 0 MB globals, 8 P
gc 7274 @54.142s 3%: 0.10+0.44+0.095 ms clock, 0.85+0.78/0.54/0+0.76 ms cpu, 3->3->1 MB, 4 MB goal, 0 MB stacks, 0 MB globals, 8 P
gc 7275 @54.145s 3%: 0.11+0.56+0.077 ms clock, 0.91+0.62/0.61/0+0.61 ms cpu, 3->3->1 MB, 4 MB goal, 0 MB stacks, 0 MB globals, 8 P
gc 7276 @54.148s 3%: 0.083+0.77+0.080 ms clock, 0.66+0.54/0.63/0+0.64 ms cpu, 3->3->1 MB, 4 MB goal, 0 MB stacks, 0 MB globals, 8 P
gc 7277 @54.151s 3%: 0.079+0.45+0.061 ms clock, 0.63+0.58/0.63/0+0.49 ms cpu, 3->3->1 MB, 4 MB goal, 0 MB stacks, 0 MB globals, 8 P
gc 7278 @54.153s 3%: 0.083+0.41+0.054 ms clock, 0.66+0.70/0.59/0+0.43 ms cpu, 3->3->1 MB, 4 MB goal, 0 MB stacks, 0 MB globals, 8 P
gc 7279 @54.156s 3%: 0.10+0.96+0.051 ms clock, 0.82+0.50/0.56/0+0.41 ms cpu, 3->3->1 MB, 4 MB goal, 0 MB stacks, 0 MB globals, 8 P
gc 7280 @54.159s 3%: 0.11+0.56+0.075 ms clock, 0.88+0.59/0.74/0+0.60 ms cpu, 3->3->1 MB, 4 MB goal, 0 MB stacks, 0 MB globals, 8 P
gc 7281 @54.162s 3%: 0.094+0.50+0.051 ms clock, 0.75+0.62/0.68/0+0.40 ms cpu, 3->3->1 MB, 4 MB goal, 0 MB stacks, 0 MB globals, 8 P
gc 7282 @54.164s 3%: 0.11+0.62+0.084 ms clock, 0.90+0.64/0.60/0+0.67 ms cpu, 3->3->1 MB, 4 MB goal, 0 MB stacks, 0 MB globals, 8 P
gc 7283 @54.167s 3%: 0.10+0.85+0.027 ms clock, 0.81+0.74/0.59/0+0.22 ms cpu, 3->3->1 MB, 4 MB goal, 0 MB stacks, 0 MB globals, 8 P
gc 7284 @54.170s 3%: 0.085+0.54+0.092 ms clock, 0.68+0.51/0.67/0.035+0.74 ms cpu, 3->3->1 MB, 4 MB goal, 0 MB stacks, 0 MB globals, 8 P
gc 7285 @54.173s 3%: 0.078+0.40+0.096 ms clock, 0.63+0.64/0.56/0+0.77 ms cpu, 3->3->1 MB, 4 MB goal, 0 MB stacks, 0 MB globals, 8 P
gc 7286 @54.176s 3%: 0.088+0.47+0.11 ms clock, 0.71+0.73/0.59/0+0.90 ms cpu, 3->3->1 MB, 4 MB goal, 0 MB stacks, 0 MB globals, 8 P
gc 7287 @54.178s 3%: 0.10+0.44+0.063 ms clock, 0.83+0.63/0.55/0+0.50 ms cpu, 3->3->1 MB, 4 MB goal, 0 MB stacks, 0 MB globals, 8 P
gc 7288 @54.181s 3%: 0.10+0.57+0.12 ms clock, 0.84+0.61/0.71/0+1.0 ms cpu, 3->3->1 MB, 4 MB goal, 0 MB stacks, 0 MB globals, 8 P
gc 7289 @54.184s 3%: 0.10+0.55+0.048 ms clock, 0.83+0.61/0.70/0+0.38 ms cpu, 3->3->1 MB, 4 MB goal, 0 MB stacks, 0 MB globals, 8 P
gc 7290 @54.187s 3%: 0.11+0.54+0.079 ms clock, 0.93+0.59/0.62/0+0.63 ms cpu, 3->3->1 MB, 4 MB goal, 0 MB stacks, 0 MB globals, 8 P
gc 7291 @54.190s 3%: 0.099+0.90+0.083 ms clock, 0.79+0.55/0.63/0+0.66 ms cpu, 3->3->1 MB, 4 MB goal, 0 MB stacks, 0 MB globals, 8 P
gc 7292 @54.192s 3%: 0.080+0.60+0.10 ms clock, 0.64+0.70/0.62/0+0.82 ms cpu, 3->3->1 MB, 4 MB goal, 0 MB stacks, 0 MB globals, 8 P
gc 7293 @54.195s 3%: 0.10+0.51+0.061 ms clock, 0.85+0.69/0.58/0+0.49 ms cpu, 3->3->1 MB, 4 MB goal, 0 MB stacks, 0 MB globals, 8 P
gc 7294 @54.198s 3%: 0.12+0.72+0.050 ms clock, 1.0+0.67/0.69/0+0.40 ms cpu, 3->3->1 MB, 4 MB goal, 0 MB stacks, 0 MB globals, 8 P
gc 7295 @54.201s 3%: 0.10+0.47+0.051 ms clock, 0.84+0.63/0.64/0+0.41 ms cpu, 3->3->1 MB, 4 MB goal, 0 MB stacks, 0 MB globals, 8 P
gc 7296 @54.204s 3%: 0.085+0.54+0.049 ms clock, 0.68+0.64/0.66/0+0.39 ms cpu, 3->3->1 MB, 4 MB goal, 0 MB stacks, 0 MB globals, 8 P
gc 7297 @54.206s 3%: 0.13+0.82+0.11 ms clock, 1.0+0.60/0.68/0+0.93 ms cpu, 3->3->1 MB, 4 MB goal, 0 MB stacks, 0 MB globals, 8 P
gc 7298 @54.209s 3%: 0.075+0.82+0.050 ms clock, 0.60+0.67/0.72/0+0.40 ms cpu, 3->3->1 MB, 4 MB goal, 0 MB stacks, 0 MB globals, 8 P
gc 7299 @54.212s 3%: 0.086+0.55+0.072 ms clock, 0.69+0.62/0.60/0+0.58 ms cpu, 3->3->1 MB, 4 MB goal, 0 MB stacks, 0 MB globals, 8 P
gc 7300 @54.215s 3%: 0.089+0.55+0.13 ms clock, 0.71+0.74/0.62/0+1.0 ms cpu, 3->3->1 MB, 4 MB goal, 0 MB stacks, 0 MB globals, 8 P
gc 7301 @54.218s 3%: 0.074+0.39+0.052 ms clock, 0.59+0.64/0.50/0+0.41 ms cpu, 3->3->1 MB, 4 MB goal, 0 MB stacks, 0 MB globals, 8 P
gc 7302 @54.220s 3%: 0.096+0.49+0.070 ms clock, 0.77+0.53/0.62/0+0.56 ms cpu, 3->3->1 MB, 4 MB goal, 0 MB stacks, 0 MB globals, 8 P
gc 7303 @54.223s 3%: 0.10+0.40+0.095 ms clock, 0.80+0.68/0.54/0+0.76 ms cpu, 3->3->1 MB, 4 MB goal, 0 MB stacks, 0 MB globals, 8 P
gc 7304 @54.226s 3%: 0.068+0.57+0.098 ms clock, 0.54+0.52/0.59/0+0.78 ms cpu, 3->3->1 MB, 4 MB goal, 0 MB stacks, 0 MB globals, 8 P
gc 7305 @54.229s 3%: 0.10+0.49+0.12 ms clock, 0.81+0.64/0.55/0+1.0 ms cpu, 3->3->1 MB, 4 MB goal, 0 MB stacks, 0 MB globals, 8 P
gc 7306 @54.231s 3%: 0.079+0.47+0.10 ms clock, 0.63+0.73/0.56/0+0.84 ms cpu, 3->3->1 MB, 4 MB goal, 0 MB stacks, 0 MB globals, 8 P
gc 7307 @54.234s 3%: 0.12+0.50+0.058 ms clock, 0.96+0.65/0.64/0+0.47 ms cpu, 3->3->1 MB, 4 MB goal, 0 MB stacks, 0 MB globals, 8 P
gc 7308 @54.237s 3%: 0.083+0.59+0.060 ms clock, 0.66+0.65/0.56/0+0.48 ms cpu, 3->3->1 MB, 4 MB goal, 0 MB stacks, 0 MB globals, 8 P
gc 7309 @54.240s 3%: 0.12+0.53+0.11 ms clock, 1.0+0.63/0.69/0+0.89 ms cpu, 3->3->1 MB, 4 MB goal, 0 MB stacks, 0 MB globals, 8 P
gc 7310 @54.243s 3%: 0.091+0.78+0.047 ms clock, 0.73+0.70/0.53/0+0.37 ms cpu, 3->3->1 MB, 4 MB goal, 0 MB stacks, 0 MB globals, 8 P
gc 7311 @54.245s 3%: 0.11+0.55+0.10 ms clock, 0.88+0.71/0.59/0+0.87 ms cpu, 3->3->1 MB, 4 MB goal, 0 MB stacks, 0 MB globals, 8 P
gc 7312 @54.248s 3%: 0.10+0.50+0.066 ms clock, 0.84+0.70/0.48/0+0.53 ms cpu, 3->3->1 MB, 4 MB goal, 0 MB stacks, 0 MB globals, 8 P
gc 7313 @54.251s 3%: 0.077+0.79+0.082 ms clock, 0.61+0.67/0.60/0+0.66 ms cpu, 3->3->1 MB, 4 MB goal, 0 MB stacks, 0 MB globals, 8 P
gc 7314 @54.254s 3%: 0.068+0.75+0.085 ms clock, 0.54+0.68/0.59/0+0.68 ms cpu, 3->3->1 MB, 4 MB goal, 0 MB stacks, 0 MB globals, 8 P
gc 7315 @54.257s 3%: 0.090+0.40+0.048 ms clock, 0.72+0.75/0.50/0+0.39 ms cpu, 3->3->1 MB, 4 MB goal, 0 MB stacks, 0 MB globals, 8 P
gc 7316 @54.259s 3%: 0.13+0.72+0.090 ms clock, 1.0+0.62/0.54/0+0.72 ms cpu, 3->3->1 MB, 4 MB goal, 0 MB stacks, 0 MB globals, 8 P
gc 7317 @54.262s 3%: 0.079+0.73+0.13 ms clock, 0.63+0.66/0.67/0+1.0 ms cpu, 3->3->1 MB, 4 MB goal, 0 MB stacks, 0 MB globals, 8 P
gc 7318 @54.265s 3%: 0.097+0.60+0.070 ms clock, 0.78+0.60/0.72/0+0.56 ms cpu, 3->3->1 MB, 4 MB goal, 0 MB stacks, 0 MB globals, 8 P
gc 7319 @54.268s 3%: 0.079+0.90+0.080 ms clock, 0.63+0.71/0.56/0+0.64 ms cpu, 3->3->1 MB, 4 MB goal, 0 MB stacks, 0 MB globals, 8 P
gc 7320 @54.271s 3%: 0.12+0.79+0.095 ms clock, 0.97+0.76/0.57/0+0.76 ms cpu, 3->3->1 MB, 4 MB goal, 0 MB stacks, 0 MB globals, 8 P
gc 7321 @54.274s 3%: 0.054+0.43+0.11 ms clock, 0.43+0.59/0.56/0+0.89 ms cpu, 3->3->1 MB, 4 MB goal, 0 MB stacks, 0 MB globals, 8 P
gc 7322 @54.276s 3%: 0.095+0.49+0.056 ms clock, 0.76+0.70/0.65/0+0.44 ms cpu, 3->3->1 MB, 4 MB goal, 0 MB stacks, 0 MB globals, 8 P
gc 7323 @54.279s 3%: 0.11+0.56+0.056 ms clock, 0.88+0.62/0.71/0+0.44 ms cpu, 3->3->1 MB, 4 MB goal, 0 MB stacks, 0 MB globals, 8 P
gc 7324 @54.282s 3%: 0.10+0.67+0.088 ms clock, 0.81+0.73/0.53/0.056+0.70 ms cpu, 3->3->1 MB, 4 MB goal, 0 MB stacks, 0 MB globals, 8 P
gc 7325 @54.285s 3%: 0.097+0.79+0.069 ms clock, 0.77+0.72/0.53/0+0.55 ms cpu, 3->3->1 MB, 4 MB goal, 0 MB stacks, 0 MB globals, 8 P
gc 7326 @54.288s 3%: 0.10+0.61+0.069 ms clock, 0.87+0.70/0.52/0+0.55 ms cpu, 3->3->1 MB, 4 MB goal, 0 MB stacks, 0 MB globals, 8 P
gc 7327 @54.291s 3%: 0.066+0.50+0.073 ms clock, 0.53+0.69/0.59/0+0.58 ms cpu, 3->3->1 MB, 4 MB goal, 0 MB stacks, 0 MB globals, 8 P
gc 7328 @54.293s 3%: 0.12+0.60+0.10 ms clock, 1.0+0.64/0.68/0+0.87 ms cpu, 3->3->1 MB, 4 MB goal, 0 MB stacks, 0 MB globals, 8 P
gc 7329 @54.296s 3%: 0.10+0.62+0.11 ms clock, 0.80+0.54/0.73/0+0.88 ms cpu, 3->3->1 MB, 4 MB goal, 0 MB stacks, 0 MB globals, 8 P
gc 7330 @54.299s 3%: 0.12+0.65+0.068 ms clock, 0.99+0.70/0.72/0+0.54 ms cpu, 3->3->1 MB, 4 MB goal, 0 MB stacks, 0 MB globals, 8 P
gc 7331 @54.302s 3%: 0.060+0.70+0.086 ms clock, 0.48+0.75/0.60/0+0.68 ms cpu, 3->3->1 MB, 4 MB goal, 0 MB stacks, 0 MB globals, 8 P
gc 7332 @54.305s 3%: 0.10+0.48+0.068 ms clock, 0.82+0.63/0.63/0+0.54 ms cpu, 3->3->1 MB, 4 MB goal, 0 MB stacks, 0 MB globals, 8 P
gc 7333 @54.307s 3%: 0.076+0.51+0.084 ms clock, 0.61+0.78/0.67/0+0.67 ms cpu, 3->3->1 MB, 4 MB goal, 0 MB stacks, 0 MB globals, 8 P
gc 7334 @54.310s 3%: 0.12+0.45+0.10 ms clock, 1.0+0.65/0.56/0+0.84 ms cpu, 3->3->1 MB, 4 MB goal, 0 MB stacks, 0 MB globals, 8 P
gc 7335 @54.313s 3%: 0.094+0.53+0.057 ms clock, 0.75+0.56/0.57/0+0.45 ms cpu, 3->3->1 MB, 4 MB goal, 0 MB stacks, 0 MB globals, 8 P
gc 7336 @54.316s 3%: 0.12+0.48+0.099 ms clock, 0.97+0.67/0.59/0+0.79 ms cpu, 3->3->1 MB, 4 MB goal, 0 MB stacks, 0 MB globals, 8 P
gc 7337 @54.318s 3%: 0.10+0.50+0.093 ms clock, 0.86+0.69/0.55/0+0.74 ms cpu, 3->3->1 MB, 4 MB goal, 0 MB stacks, 0 MB globals, 8 P
gc 7338 @54.321s 3%: 0.11+1.4+0.038 ms clock, 0.89+0.61/0.71/0+0.30 ms cpu, 3->4->1 MB, 4 MB goal, 0 MB stacks, 0 MB globals, 8 P
gc 7339 @54.324s 3%: 0.044+0.51+0.10 ms clock, 0.35+0.64/0.57/0+0.80 ms cpu, 3->3->1 MB, 4 MB goal, 0 MB stacks, 0 MB globals, 8 P
gc 7340 @54.327s 3%: 0.10+0.44+0.096 ms clock, 0.86+0.62/0.54/0.005+0.77 ms cpu, 3->3->1 MB, 4 MB goal, 0 MB stacks, 0 MB globals, 8 P
gc 7341 @54.330s 3%: 0.10+0.45+0.081 ms clock, 0.87+0.70/0.55/0+0.65 ms cpu, 3->3->1 MB, 4 MB goal, 0 MB stacks, 0 MB globals, 8 P
gc 7342 @54.333s 3%: 0.083+0.51+0.073 ms clock, 0.66+0.55/0.66/0+0.59 ms cpu, 3->3->1 MB, 4 MB goal, 0 MB stacks, 0 MB globals, 8 P
gc 7343 @54.335s 3%: 0.099+0.53+0.093 ms clock, 0.79+0.62/0.62/0+0.75 ms cpu, 3->3->1 MB, 4 MB goal, 0 MB stacks, 0 MB globals, 8 P
gc 7344 @54.338s 3%: 0.10+0.43+0.060 ms clock, 0.86+0.57/0.61/0+0.48 ms cpu, 3->3->1 MB, 4 MB goal, 0 MB stacks, 0 MB globals, 8 P
gc 7345 @54.341s 3%: 0.070+0.51+0.076 ms clock, 0.56+0.62/0.61/0+0.61 ms cpu, 3->3->1 MB, 4 MB goal, 0 MB stacks, 0 MB globals, 8 P
gc 7346 @54.344s 3%: 0.13+0.47+0.10 ms clock, 1.0+0.65/0.63/0+0.81 ms cpu, 3->3->1 MB, 4 MB goal, 0 MB stacks, 0 MB globals, 8 P
gc 7347 @54.347s 3%: 0.11+0.58+0.11 ms clock, 0.88+0.64/0.66/0+0.93 ms cpu, 3->3->1 MB, 4 MB goal, 0 MB stacks, 0 MB globals, 8 P
gc 7348 @54.349s 3%: 0.10+0.48+0.093 ms clock, 0.87+0.63/0.61/0+0.74 ms cpu, 3->3->1 MB, 4 MB goal, 0 MB stacks, 0 MB globals, 8 P
gc 7349 @54.352s 3%: 0.071+0.56+0.11 ms clock, 0.57+0.59/0.67/0+0.93 ms cpu, 3->3->1 MB, 4 MB goal, 0 MB stacks, 0 MB globals, 8 P
gc 7350 @54.355s 3%: 0.074+0.76+0.11 ms clock, 0.59+0.78/0.54/0+0.89 ms cpu, 3->3->1 MB, 4 MB goal, 0 MB stacks, 0 MB globals, 8 P
gc 7351 @54.358s 3%: 0.12+0.56+0.099 ms clock, 0.96+0.73/0.49/0+0.79 ms cpu, 3->3->1 MB, 4 MB goal, 0 MB stacks, 0 MB globals, 8 P
gc 7352 @54.361s 3%: 0.064+0.43+0.094 ms clock, 0.51+0.70/0.56/0+0.75 ms cpu, 3->3->1 MB, 4 MB goal, 0 MB stacks, 0 MB globals, 8 P
gc 7353 @54.363s 3%: 0.11+0.48+0.10 ms clock, 0.89+0.68/0.54/0+0.83 ms cpu, 3->3->1 MB, 4 MB goal, 0 MB stacks, 0 MB globals, 8 P
gc 7354 @54.366s 3%: 0.091+0.48+0.12 ms clock, 0.73+0.67/0.64/0+1.0 ms cpu, 3->3->1 MB, 4 MB goal, 0 MB stacks, 0 MB globals, 8 P
gc 7355 @54.369s 3%: 0.12+0.93+0.074 ms clock, 1.0+0.64/0.64/0+0.59 ms cpu, 3->4->1 MB, 4 MB goal, 0 MB stacks, 0 MB globals, 8 P
gc 7356 @54.372s 3%: 0.065+0.68+0.095 ms clock, 0.52+0.57/0.60/0+0.76 ms cpu, 3->3->1 MB, 4 MB goal, 0 MB stacks, 0 MB globals, 8 P
gc 7357 @54.374s 3%: 0.10+0.46+0.11 ms clock, 0.80+0.63/0.59/0+0.94 ms cpu, 3->3->1 MB, 4 MB goal, 0 MB stacks, 0 MB globals, 8 P
gc 7358 @54.377s 3%: 0.10+0.45+0.081 ms clock, 0.85+0.72/0.54/0+0.65 ms cpu, 3->3->1 MB, 4 MB goal, 0 MB stacks, 0 MB globals, 8 P
gc 7359 @54.380s 3%: 0.090+0.45+0.058 ms clock, 0.72+0.67/0.61/0+0.47 ms cpu, 3->3->1 MB, 4 MB goal, 0 MB stacks, 0 MB globals, 8 P
gc 7360 @54.383s 3%: 0.096+0.82+0.059 ms clock, 0.77+0.65/0.59/0+0.47 ms cpu, 3->3->1 MB, 4 MB goal, 0 MB stacks, 0 MB globals, 8 P
gc 7361 @54.385s 3%: 0.10+0.45+0.078 ms clock, 0.85+0.62/0.57/0+0.62 ms cpu, 3->3->1 MB, 4 MB goal, 0 MB stacks, 0 MB globals, 8 P
gc 7362 @54.388s 3%: 0.10+0.71+0.11 ms clock, 0.80+0.75/0.57/0+0.90 ms cpu, 3->3->1 MB, 4 MB goal, 0 MB stacks, 0 MB globals, 8 P
gc 7363 @54.391s 3%: 0.10+0.54+0.077 ms clock, 0.80+0.70/0.60/0+0.61 ms cpu, 3->3->1 MB, 4 MB goal, 0 MB stacks, 0 MB globals, 8 P
gc 7364 @54.394s 3%: 0.090+0.49+0.059 ms clock, 0.72+0.68/0.53/0+0.47 ms cpu, 3->3->1 MB, 4 MB goal, 0 MB stacks, 0 MB globals, 8 P
gc 7365 @54.397s 3%: 0.10+0.73+0.088 ms clock, 0.87+0.64/0.61/0+0.71 ms cpu, 3->3->1 MB, 4 MB goal, 0 MB stacks, 0 MB globals, 8 P
gc 7366 @54.399s 3%: 0.11+0.61+0.097 ms clock, 0.88+0.62/0.57/0+0.77 ms cpu, 3->3->1 MB, 4 MB goal, 0 MB stacks, 0 MB globals, 8 P
gc 7367 @54.402s 3%: 0.14+0.52+0.11 ms clock, 1.1+0.66/0.65/0+0.90 ms cpu, 3->3->1 MB, 4 MB goal, 0 MB stacks, 0 MB globals, 8 P
gc 7368 @54.405s 3%: 0.10+0.58+0.11 ms clock, 0.86+0.57/0.66/0+0.92 ms cpu, 3->3->1 MB, 4 MB goal, 0 MB stacks, 0 MB globals, 8 P
gc 7369 @54.408s 3%: 0.11+0.62+0.050 ms clock, 0.89+0.63/0.68/0+0.40 ms cpu, 3->3->1 MB, 4 MB goal, 0 MB stacks, 0 MB globals, 8 P
gc 7370 @54.411s 3%: 0.12+0.74+0.077 ms clock, 0.97+0.46/0.66/0+0.62 ms cpu, 3->3->1 MB, 4 MB goal, 0 MB stacks, 0 MB globals, 8 P
gc 7371 @54.413s 3%: 0.076+0.44+0.086 ms clock, 0.60+0.74/0.62/0+0.68 ms cpu, 3->3->1 MB, 4 MB goal, 0 MB stacks, 0 MB globals, 8 P
gc 7372 @54.416s 3%: 0.11+0.53+0.10 ms clock, 0.92+0.64/0.63/0+0.80 ms cpu, 3->3->1 MB, 4 MB goal, 0 MB stacks, 0 MB globals, 8 P
gc 7373 @54.419s 3%: 0.12+0.73+0.096 ms clock, 0.96+0.47/0.68/0+0.77 ms cpu, 3->3->1 MB, 4 MB goal, 0 MB stacks, 0 MB globals, 8 P
gc 7374 @54.422s 3%: 0.077+0.50+0.066 ms clock, 0.61+0.63/0.61/0+0.52 ms cpu, 3->3->1 MB, 4 MB goal, 0 MB stacks, 0 MB globals, 8 P
gc 7375 @54.425s 3%: 0.080+0.55+0.079 ms clock, 0.64+0.68/0.55/0+0.63 ms cpu, 3->3->1 MB, 4 MB goal, 0 MB stacks, 0 MB globals, 8 P
gc 7376 @54.427s 3%: 0.070+0.46+0.063 ms clock, 0.56+0.73/0.52/0+0.50 ms cpu, 3->3->1 MB, 4 MB goal, 0 MB stacks, 0 MB globals, 8 P
gc 7377 @54.430s 3%: 0.068+0.47+0.092 ms clock, 0.54+0.71/0.51/0+0.73 ms cpu, 3->3->1 MB, 4 MB goal, 0 MB stacks, 0 MB globals, 8 P
gc 7378 @54.433s 3%: 0.079+0.57+0.095 ms clock, 0.63+0.73/0.67/0+0.76 ms cpu, 3->3->1 MB, 4 MB goal, 0 MB stacks, 0 MB globals, 8 P
gc 7379 @54.436s 3%: 0.10+0.44+0.10 ms clock, 0.80+0.74/0.51/0+0.84 ms cpu, 3->3->1 MB, 4 MB goal, 0 MB stacks, 0 MB globals, 8 P
gc 7380 @54.438s 3%: 0.096+0.83+0.085 ms clock, 0.77+0.75/0.61/0+0.68 ms cpu, 3->3->1 MB, 4 MB goal, 0 MB stacks, 0 MB globals, 8 P
gc 7381 @54.441s 3%: 0.097+0.69+0.098 ms clock, 0.78+0.50/0.70/0+0.78 ms cpu, 3->3->1 MB, 4 MB goal, 0 MB stacks, 0 MB globals, 8 P
gc 7382 @54.444s 3%: 0.065+0.47+0.057 ms clock, 0.52+0.68/0.60/0+0.46 ms cpu, 3->3->1 MB, 4 MB goal, 0 MB stacks, 0 MB globals, 8 P
gc 7383 @54.447s 3%: 0.11+0.36+0.053 ms clock, 0.95+0.71/0.52/0+0.42 ms cpu, 3->3->1 MB, 4 MB goal, 0 MB stacks, 0 MB globals, 8 P
gc 7384 @54.449s 3%: 0.10+0.55+0.077 ms clock, 0.81+0.77/0.62/0+0.62 ms cpu, 3->3->1 MB, 4 MB goal, 0 MB stacks, 0 MB globals, 8 P
gc 7385 @54.452s 3%: 0.13+0.49+0.078 ms clock, 1.0+0.60/0.62/0+0.62 ms cpu, 3->3->1 MB, 4 MB goal, 0 MB stacks, 0 MB globals, 8 P
gc 7386 @54.455s 3%: 0.082+1.0+0.044 ms clock, 0.65+0.66/0.62/0+0.35 ms cpu, 3->3->1 MB, 4 MB goal, 0 MB stacks, 0 MB globals, 8 P
gc 7387 @54.458s 3%: 0.12+0.80+0.029 ms clock, 1.0+0.66/0.60/0+0.23 ms cpu, 3->3->1 MB, 4 MB goal, 0 MB stacks, 0 MB globals, 8 P
gc 7388 @54.461s 3%: 0.094+0.65+0.058 ms clock, 0.75+0.69/0.61/0+0.46 ms cpu, 3->3->1 MB, 4 MB goal, 0 MB stacks, 0 MB globals, 8 P
gc 7389 @54.463s 3%: 0.089+0.44+0.098 ms clock, 0.71+0.63/0.58/0+0.78 ms cpu, 3->3->1 MB, 4 MB goal, 0 MB stacks, 0 MB globals, 8 P
gc 7390 @54.466s 3%: 0.062+0.91+0.051 ms clock, 0.49+0.58/0.63/0+0.40 ms cpu, 3->3->1 MB, 4 MB goal, 0 MB stacks, 0 MB globals, 8 P
gc 7391 @54.469s 3%: 0.082+0.43+0.10 ms clock, 0.65+0.60/0.59/0+0.84 ms cpu, 3->3->1 MB, 4 MB goal, 0 MB stacks, 0 MB globals, 8 P
gc 7392 @54.472s 3%: 0.085+0.47+0.055 ms clock, 0.68+0.68/0.63/0+0.44 ms cpu, 3->3->1 MB, 4 MB goal, 0 MB stacks, 0 MB globals, 8 P
gc 7393 @54.474s 3%: 0.12+0.59+0.097 ms clock, 1.0+0.74/0.68/0+0.78 ms cpu, 3->3->1 MB, 4 MB goal, 0 MB stacks, 0 MB globals, 8 P
gc 7394 @54.477s 3%: 0.072+0.54+0.10 ms clock, 0.58+0.67/0.62/0+0.87 ms cpu, 3->3->1 MB, 4 MB goal, 0 MB stacks, 0 MB globals, 8 P
gc 7395 @54.480s 3%: 0.082+0.64+0.057 ms clock, 0.65+0.61/0.66/0+0.45 ms cpu, 3->3->1 MB, 4 MB goal, 0 MB stacks, 0 MB globals, 8 P
gc 7396 @54.483s 3%: 0.10+1.0+0.029 ms clock, 0.80+0.73/0.52/0+0.23 ms cpu, 3->3->1 MB, 4 MB goal, 0 MB stacks, 0 MB globals, 8 P
gc 7397 @54.486s 3%: 0.10+0.61+0.048 ms clock, 0.82+0.67/0.78/0+0.38 ms cpu, 3->3->1 MB, 4 MB goal, 0 MB stacks, 0 MB globals, 8 P
gc 7398 @54.488s 3%: 0.075+0.73+0.069 ms clock, 0.60+0.66/0.70/0+0.55 ms cpu, 3->3->1 MB, 4 MB goal, 0 MB stacks, 0 MB globals, 8 P
gc 7399 @54.491s 3%: 0.12+0.47+0.079 ms clock, 1.0+0.54/0.61/0+0.63 ms cpu, 3->3->1 MB, 4 MB goal, 0 MB stacks, 0 MB globals, 8 P
gc 7400 @54.494s 3%: 0.084+0.49+0.090 ms clock, 0.67+0.72/0.57/0+0.72 ms cpu, 3->3->1 MB, 4 MB goal, 0 MB stacks, 0 MB globals, 8 P
gc 7401 @54.497s 3%: 0.10+0.59+0.12 ms clock, 0.85+0.62/0.74/0+1.0 ms cpu, 3->3->1 MB, 4 MB goal, 0 MB stacks, 0 MB globals, 8 P
gc 7402 @54.500s 3%: 0.063+0.46+0.094 ms clock, 0.51+0.75/0.54/0+0.75 ms cpu, 3->3->1 MB, 4 MB goal, 0 MB stacks, 0 MB globals, 8 P
gc 7403 @54.502s 3%: 0.099+0.92+0.12 ms clock, 0.79+0.63/0.55/0+0.97 ms cpu, 3->3->1 MB, 4 MB goal, 0 MB stacks, 0 MB globals, 8 P
gc 7404 @54.505s 3%: 0.12+0.50+0.11 ms clock, 0.97+0.78/0.54/0+0.88 ms cpu, 3->3->1 MB, 4 MB goal, 0 MB stacks, 0 MB globals, 8 P
gc 7405 @54.508s 3%: 0.054+0.54+0.094 ms clock, 0.43+0.62/0.66/0+0.75 ms cpu, 3->3->1 MB, 4 MB goal, 0 MB stacks, 0 MB globals, 8 P
gc 7406 @54.511s 3%: 0.093+1.1+0.075 ms clock, 0.74+0.65/0.75/0+0.60 ms cpu, 3->4->1 MB, 4 MB goal, 0 MB stacks, 0 MB globals, 8 P
gc 7407 @54.513s 3%: 0.092+0.38+0.088 ms clock, 0.74+0.62/0.59/0+0.70 ms cpu, 3->3->1 MB, 4 MB goal, 0 MB stacks, 0 MB globals, 8 P
gc 7408 @54.516s 3%: 0.073+0.45+0.054 ms clock, 0.59+0.58/0.61/0+0.43 ms cpu, 3->3->1 MB, 4 MB goal, 0 MB stacks, 0 MB globals, 8 P
gc 7409 @54.519s 3%: 0.069+0.52+0.061 ms clock, 0.55+0.52/0.57/0+0.48 ms cpu, 3->3->1 MB, 4 MB goal, 0 MB stacks, 0 MB globals, 8 P
gc 7410 @54.522s 3%: 0.11+0.52+0.10 ms clock, 0.91+0.69/0.62/0+0.80 ms cpu, 3->3->1 MB, 4 MB goal, 0 MB stacks, 0 MB globals, 8 P
gc 7411 @54.524s 3%: 0.086+0.51+0.096 ms clock, 0.68+0.68/0.64/0+0.76 ms cpu, 3->3->1 MB, 4 MB goal, 0 MB stacks, 0 MB globals, 8 P
gc 7412 @54.527s 3%: 0.084+0.42+0.085 ms clock, 0.67+0.68/0.63/0+0.68 ms cpu, 3->3->1 MB, 4 MB goal, 0 MB stacks, 0 MB globals, 8 P
gc 7413 @54.530s 3%: 0.061+0.62+0.099 ms clock, 0.49+0.71/0.69/0+0.79 ms cpu, 3->3->1 MB, 4 MB goal, 0 MB stacks, 0 MB globals, 8 P
gc 7414 @54.533s 3%: 0.091+0.55+0.10 ms clock, 0.73+0.71/0.61/0+0.86 ms cpu, 3->3->1 MB, 4 MB goal, 0 MB stacks, 0 MB globals, 8 P
gc 7415 @54.535s 3%: 0.075+0.40+0.040 ms clock, 0.60+0.72/0.58/0+0.32 ms cpu, 3->3->1 MB, 4 MB goal, 0 MB stacks, 0 MB globals, 8 P
gc 7416 @54.538s 3%: 0.10+0.70+0.047 ms clock, 0.83+0.38/0.68/0+0.38 ms cpu, 3->3->1 MB, 4 MB goal, 0 MB stacks, 0 MB globals, 8 P
gc 7417 @54.541s 3%: 0.11+0.53+0.11 ms clock, 0.95+0.67/0.59/0+0.92 ms cpu, 3->3->1 MB, 4 MB goal, 0 MB stacks, 0 MB globals, 8 P
gc 7418 @54.544s 3%: 0.071+0.47+0.10 ms clock, 0.56+0.69/0.51/0.033+0.87 ms cpu, 3->3->1 MB, 4 MB goal, 0 MB stacks, 0 MB globals, 8 P
gc 7419 @54.546s 3%: 0.085+0.47+0.11 ms clock, 0.68+0.67/0.65/0+0.90 ms cpu, 3->3->1 MB, 4 MB goal, 0 MB stacks, 0 MB globals, 8 P
gc 7420 @54.549s 3%: 0.079+0.47+0.086 ms clock, 0.63+0.74/0.56/0+0.68 ms cpu, 3->3->1 MB, 4 MB goal, 0 MB stacks, 0 MB globals, 8 P
gc 7421 @54.552s 3%: 0.087+0.41+0.090 ms clock, 0.69+0.66/0.53/0+0.72 ms cpu, 3->3->1 MB, 4 MB goal, 0 MB stacks, 0 MB globals, 8 P
gc 7422 @54.555s 3%: 0.093+0.49+0.086 ms clock, 0.74+0.68/0.65/0+0.69 ms cpu, 3->3->1 MB, 4 MB goal, 0 MB stacks, 0 MB globals, 8 P
gc 7423 @54.557s 3%: 0.096+0.66+0.10 ms clock, 0.77+0.63/0.72/0+0.84 ms cpu, 3->3->1 MB, 4 MB goal, 0 MB stacks, 0 MB globals, 8 P
gc 7424 @54.560s 3%: 0.073+0.56+0.068 ms clock, 0.58+0.66/0.65/0+0.54 ms cpu, 3->3->1 MB, 4 MB goal, 0 MB stacks, 0 MB globals, 8 P
gc 7425 @54.563s 3%: 0.065+0.53+0.085 ms clock, 0.52+0.60/0.75/0+0.68 ms cpu, 3->3->1 MB, 4 MB goal, 0 MB stacks, 0 MB globals, 8 P
gc 7426 @54.566s 3%: 0.11+0.70+0.099 ms clock, 0.95+0.58/0.67/0+0.79 ms cpu, 3->3->1 MB, 4 MB goal, 0 MB stacks, 0 MB globals, 8 P
gc 7427 @54.569s 3%: 0.10+0.55+0.10 ms clock, 0.85+0.63/0.58/0+0.81 ms cpu, 3->3->1 MB, 4 MB goal, 0 MB stacks, 0 MB globals, 8 P
gc 7428 @54.571s 3%: 0.10+0.43+0.079 ms clock, 0.86+0.57/0.54/0+0.63 ms cpu, 3->3->1 MB, 4 MB goal, 0 MB stacks, 0 MB globals, 8 P
gc 7429 @54.574s 3%: 0.064+0.48+0.080 ms clock, 0.51+0.69/0.63/0+0.64 ms cpu, 3->3->1 MB, 4 MB goal, 0 MB stacks, 0 MB globals, 8 P
gc 7430 @54.577s 3%: 0.10+0.49+0.090 ms clock, 0.84+0.71/0.61/0+0.72 ms cpu, 3->3->1 MB, 4 MB goal, 0 MB stacks, 0 MB globals, 8 P
gc 7431 @54.580s 3%: 0.11+0.46+0.10 ms clock, 0.92+0.70/0.54/0+0.81 ms cpu, 3->3->1 MB, 4 MB goal, 0 MB stacks, 0 MB globals, 8 P
gc 7432 @54.582s 3%: 0.10+0.91+0.099 ms clock, 0.85+0.67/0.66/0+0.79 ms cpu, 3->3->1 MB, 4 MB goal, 0 MB stacks, 0 MB globals, 8 P
gc 7433 @54.585s 3%: 0.089+0.49+0.089 ms clock, 0.71+0.68/0.61/0+0.71 ms cpu, 3->3->1 MB, 4 MB goal, 0 MB stacks, 0 MB globals, 8 P
gc 7434 @54.588s 3%: 0.095+0.55+0.10 ms clock, 0.76+0.69/0.65/0+0.81 ms cpu, 3->3->1 MB, 4 MB goal, 0 MB stacks, 0 MB globals, 8 P
gc 7435 @54.591s 3%: 0.11+0.53+0.11 ms clock, 0.90+0.66/0.66/0+0.95 ms cpu, 3->3->1 MB, 4 MB goal, 0 MB stacks, 0 MB globals, 8 P
gc 7436 @54.594s 3%: 0.080+0.51+0.087 ms clock, 0.64+0.87/0.58/0+0.69 ms cpu, 3->3->1 MB, 4 MB goal, 0 MB stacks, 0 MB globals, 8 P
gc 7437 @54.596s 3%: 0.080+0.49+0.087 ms clock, 0.64+0.71/0.58/0+0.69 ms cpu, 3->3->1 MB, 4 MB goal, 0 MB stacks, 0 MB globals, 8 P
gc 7438 @54.599s 3%: 0.084+0.50+0.075 ms clock, 0.67+0.51/0.67/0+0.60 ms cpu, 3->3->1 MB, 4 MB goal, 0 MB stacks, 0 MB globals, 8 P
gc 7439 @54.602s 3%: 0.073+0.45+0.047 ms clock, 0.59+0.70/0.58/0+0.38 ms cpu, 3->3->1 MB, 4 MB goal, 0 MB stacks, 0 MB globals, 8 P
gc 7440 @54.604s 3%: 0.10+0.38+0.079 ms clock, 0.80+0.54/0.59/0+0.63 ms cpu, 3->3->1 MB, 4 MB goal, 0 MB stacks, 0 MB globals, 8 P
gc 7441 @54.607s 3%: 0.081+0.52+0.10 ms clock, 0.65+0.76/0.62/0+0.80 ms cpu, 3->3->1 MB, 4 MB goal, 0 MB stacks, 0 MB globals, 8 P
gc 7442 @54.610s 3%: 0.073+0.54+0.060 ms clock, 0.59+0.63/0.63/0+0.48 ms cpu, 3->3->1 MB, 4 MB goal, 0 MB stacks, 0 MB globals, 8 P
gc 7443 @54.613s 3%: 0.10+0.68+0.10 ms clock, 0.83+0.66/0.72/0+0.80 ms cpu, 3->3->1 MB, 4 MB goal, 0 MB stacks, 0 MB globals, 8 P
gc 7444 @54.616s 3%: 0.061+0.47+0.082 ms clock, 0.49+0.65/0.61/0+0.65 ms cpu, 3->3->1 MB, 4 MB goal, 0 MB stacks, 0 MB globals, 8 P
gc 7445 @54.618s 3%: 0.14+0.55+0.040 ms clock, 1.1+0.65/0.67/0+0.32 ms cpu, 3->3->1 MB, 4 MB goal, 0 MB stacks, 0 MB globals, 8 P
gc 7446 @54.621s 3%: 0.089+0.61+0.086 ms clock, 0.71+0.66/0.73/0+0.69 ms cpu, 3->3->1 MB, 4 MB goal, 0 MB stacks, 0 MB globals, 8 P
gc 7447 @54.624s 3%: 0.11+0.54+0.080 ms clock, 0.94+0.82/0.65/0+0.64 ms cpu, 3->3->1 MB, 4 MB goal, 0 MB stacks, 0 MB globals, 8 P
gc 7448 @54.627s 3%: 0.064+0.43+0.056 ms clock, 0.51+0.61/0.54/0+0.45 ms cpu, 3->3->1 MB, 4 MB goal, 0 MB stacks, 0 MB globals, 8 P
gc 7449 @54.629s 3%: 0.071+0.44+0.045 ms clock, 0.57+0.70/0.55/0+0.36 ms cpu, 3->3->1 MB, 4 MB goal, 0 MB stacks, 0 MB globals, 8 P
gc 7450 @54.632s 3%: 0.10+0.47+0.094 ms clock, 0.82+0.64/0.62/0+0.75 ms cpu, 3->3->1 MB, 4 MB goal, 0 MB stacks, 0 MB globals, 8 P
gc 7451 @54.635s 3%: 0.083+0.46+0.11 ms clock, 0.66+0.70/0.58/0+0.88 ms cpu, 3->3->1 MB, 4 MB goal, 0 MB stacks, 0 MB globals, 8 P
gc 7452 @54.638s 3%: 0.11+0.83+0.062 ms clock, 0.94+0.51/0.57/0+0.50 ms cpu, 3->3->1 MB, 4 MB goal, 0 MB stacks, 0 MB globals, 8 P
gc 7453 @54.640s 3%: 0.095+0.60+0.086 ms clock, 0.76+0.65/0.64/0+0.68 ms cpu, 3->3->1 MB, 4 MB goal, 0 MB stacks, 0 MB globals, 8 P
gc 7454 @54.643s 3%: 0.10+0.58+0.074 ms clock, 0.87+0.64/0.66/0+0.59 ms cpu, 3->3->1 MB, 4 MB goal, 0 MB stacks, 0 MB globals, 8 P
gc 7455 @54.646s 3%: 0.10+0.44+0.057 ms clock, 0.80+0.63/0.57/0+0.45 ms cpu, 3->3->1 MB, 4 MB goal, 0 MB stacks, 0 MB globals, 8 P
gc 7456 @54.649s 3%: 0.12+0.43+0.052 ms clock, 1.0+0.60/0.55/0+0.41 ms cpu, 3->3->1 MB, 4 MB goal, 0 MB stacks, 0 MB globals, 8 P
gc 7457 @54.652s 3%: 0.098+0.49+0.064 ms clock, 0.78+0.68/0.61/0+0.51 ms cpu, 3->3->1 MB, 4 MB goal, 0 MB stacks, 0 MB globals, 8 P
gc 7458 @54.654s 3%: 0.078+0.49+0.058 ms clock, 0.62+0.73/0.60/0+0.46 ms cpu, 3->3->1 MB, 4 MB goal, 0 MB stacks, 0 MB globals, 8 P
gc 7459 @54.657s 3%: 0.10+0.55+0.087 ms clock, 0.83+0.62/0.67/0+0.70 ms cpu, 3->3->1 MB, 4 MB goal, 0 MB stacks, 0 MB globals, 8 P
gc 7460 @54.660s 3%: 0.095+0.50+0.079 ms clock, 0.76+0.43/0.64/0+0.63 ms cpu, 3->3->1 MB, 4 MB goal, 0 MB stacks, 0 MB globals, 8 P
gc 7461 @54.663s 3%: 0.095+0.50+0.096 ms clock, 0.76+0.55/0.70/0+0.77 ms cpu, 3->3->1 MB, 4 MB goal, 0 MB stacks, 0 MB globals, 8 P
gc 7462 @54.665s 3%: 0.12+0.44+0.087 ms clock, 0.96+0.79/0.62/0+0.69 ms cpu, 3->3->1 MB, 4 MB goal, 0 MB stacks, 0 MB globals, 8 P
gc 7463 @54.668s 3%: 0.10+0.56+0.10 ms clock, 0.80+0.63/0.72/0+0.86 ms cpu, 3->3->1 MB, 4 MB goal, 0 MB stacks, 0 MB globals, 8 P
gc 7464 @54.671s 3%: 0.11+0.45+0.090 ms clock, 0.92+0.60/0.65/0+0.72 ms cpu, 3->3->1 MB, 4 MB goal, 0 MB stacks, 0 MB globals, 8 P
gc 7465 @54.674s 3%: 0.087+0.53+0.083 ms clock, 0.69+0.75/0.60/0+0.66 ms cpu, 3->3->1 MB, 4 MB goal, 0 MB stacks, 0 MB globals, 8 P
gc 7466 @54.676s 3%: 0.10+0.44+0.079 ms clock, 0.82+0.63/0.63/0+0.63 ms cpu, 3->3->1 MB, 4 MB goal, 0 MB stacks, 0 MB globals, 8 P
gc 7467 @54.679s 3%: 0.10+0.48+0.051 ms clock, 0.82+0.68/0.61/0+0.41 ms cpu, 3->3->1 MB, 4 MB goal, 0 MB stacks, 0 MB globals, 8 P
gc 7468 @54.682s 3%: 0.12+0.53+0.096 ms clock, 1.0+0.66/0.59/0+0.77 ms cpu, 3->3->1 MB, 4 MB goal, 0 MB stacks, 0 MB globals, 8 P
gc 7469 @54.685s 3%: 0.099+0.57+0.076 ms clock, 0.79+0.64/0.60/0+0.61 ms cpu, 3->3->1 MB, 4 MB goal, 0 MB stacks, 0 MB globals, 8 P
gc 7470 @54.687s 3%: 0.15+0.86+0.080 ms clock, 1.2+0.58/0.62/0+0.64 ms cpu, 3->3->1 MB, 4 MB goal, 0 MB stacks, 0 MB globals, 8 P
gc 7471 @54.690s 3%: 0.14+0.38+0.10 ms clock, 1.1+0.73/0.48/0+0.82 ms cpu, 3->3->1 MB, 4 MB goal, 0 MB stacks, 0 MB globals, 8 P
gc 7472 @54.693s 3%: 0.11+0.62+0.10 ms clock, 0.91+0.55/0.74/0+0.82 ms cpu, 3->3->1 MB, 4 MB goal, 0 MB stacks, 0 MB globals, 8 P
gc 7473 @54.696s 3%: 0.11+0.45+0.057 ms clock, 0.89+0.67/0.65/0+0.45 ms cpu, 3->3->1 MB, 4 MB goal, 0 MB stacks, 0 MB globals, 8 P
gc 7474 @54.699s 3%: 0.10+0.41+0.081 ms clock, 0.84+0.55/0.61/0+0.65 ms cpu, 3->3->1 MB, 4 MB goal, 0 MB stacks, 0 MB globals, 8 P
gc 7475 @54.701s 3%: 0.072+0.56+0.051 ms clock, 0.58+0.57/0.63/0+0.41 ms cpu, 3->3->1 MB, 4 MB goal, 0 MB stacks, 0 MB globals, 8 P
gc 7476 @54.704s 3%: 0.10+0.59+0.086 ms clock, 0.81+0.61/0.69/0+0.69 ms cpu, 3->3->1 MB, 4 MB goal, 0 MB stacks, 0 MB globals, 8 P
gc 7477 @54.707s 3%: 0.085+0.43+0.076 ms clock, 0.68+0.62/0.58/0+0.61 ms cpu, 3->3->1 MB, 4 MB goal, 0 MB stacks, 0 MB globals, 8 P
gc 7478 @54.710s 3%: 0.068+0.47+0.051 ms clock, 0.54+0.66/0.58/0+0.41 ms cpu, 3->3->1 MB, 4 MB goal, 0 MB stacks, 0 MB globals, 8 P
gc 7479 @54.712s 3%: 0.066+0.46+0.11 ms clock, 0.53+0.66/0.60/0+0.91 ms cpu, 3->3->1 MB, 4 MB goal, 0 MB stacks, 0 MB globals, 8 P
gc 7480 @54.715s 3%: 0.088+0.60+0.080 ms clock, 0.70+0.61/0.81/0+0.64 ms cpu, 3->3->1 MB, 4 MB goal, 0 MB stacks, 0 MB globals, 8 P
gc 7481 @54.718s 3%: 0.11+0.37+0.095 ms clock, 0.95+0.50/0.55/0+0.76 ms cpu, 3->3->1 MB, 4 MB goal, 0 MB stacks, 0 MB globals, 8 P
gc 7482 @54.721s 3%: 0.10+0.54+0.10 ms clock, 0.87+0.71/0.65/0+0.83 ms cpu, 3->3->1 MB, 4 MB goal, 0 MB stacks, 0 MB globals, 8 P
gc 7483 @54.723s 3%: 0.079+0.49+0.082 ms clock, 0.63+0.60/0.59/0+0.65 ms cpu, 3->3->1 MB, 4 MB goal, 0 MB stacks, 0 MB globals, 8 P
gc 7484 @54.726s 3%: 0.091+0.59+0.10 ms clock, 0.73+0.63/0.69/0+0.81 ms cpu, 3->3->1 MB, 4 MB goal, 0 MB stacks, 0 MB globals, 8 P
gc 7485 @54.729s 3%: 0.10+0.47+0.12 ms clock, 0.84+0.70/0.54/0+0.98 ms cpu, 3->3->1 MB, 4 MB goal, 0 MB stacks, 0 MB globals, 8 P
gc 7486 @54.732s 3%: 0.099+0.63+0.092 ms clock, 0.79+0.53/0.68/0+0.74 ms cpu, 3->3->1 MB, 4 MB goal, 0 MB stacks, 0 MB globals, 8 P
gc 7487 @54.734s 3%: 0.094+0.38+0.080 ms clock, 0.75+0.72/0.57/0+0.64 ms cpu, 3->3->1 MB, 4 MB goal, 0 MB stacks, 0 MB globals, 8 P
gc 7488 @54.737s 3%: 0.10+0.58+0.11 ms clock, 0.83+0.70/0.70/0+0.90 ms cpu, 3->3->1 MB, 4 MB goal, 0 MB stacks, 0 MB globals, 8 P
gc 7489 @54.740s 3%: 0.10+0.50+0.11 ms clock, 0.80+0.69/0.55/0+0.94 ms cpu, 3->3->1 MB, 4 MB goal, 0 MB stacks, 0 MB globals, 8 P
gc 7490 @54.743s 3%: 0.072+0.41+0.058 ms clock, 0.58+0.67/0.59/0+0.46 ms cpu, 3->3->1 MB, 4 MB goal, 0 MB stacks, 0 MB globals, 8 P
gc 7491 @54.745s 3%: 0.045+0.45+0.077 ms clock, 0.36+0.58/0.58/0+0.62 ms cpu, 3->3->1 MB, 4 MB goal, 0 MB stacks, 0 MB globals, 8 P
gc 7492 @54.748s 3%: 0.096+0.61+0.072 ms clock, 0.77+0.68/0.79/0+0.58 ms cpu, 3->3->1 MB, 4 MB goal, 0 MB stacks, 0 MB globals, 8 P
gc 7493 @54.751s 3%: 0.12+0.75+0.097 ms clock, 1.0+0.61/0.68/0+0.78 ms cpu, 3->3->1 MB, 4 MB goal, 0 MB stacks, 0 MB globals, 8 P
gc 7494 @54.754s 3%: 0.11+0.52+0.073 ms clock, 0.91+0.70/0.62/0+0.58 ms cpu, 3->3->1 MB, 4 MB goal, 0 MB stacks, 0 MB globals, 8 P
gc 7495 @54.757s 3%: 0.064+0.57+0.11 ms clock, 0.51+0.74/0.66/0+0.88 ms cpu, 3->3->1 MB, 4 MB goal, 0 MB stacks, 0 MB globals, 8 P
gc 7496 @54.759s 3%: 0.10+0.52+0.096 ms clock, 0.87+0.63/0.67/0+0.77 ms cpu, 3->3->1 MB, 4 MB goal, 0 MB stacks, 0 MB globals, 8 P
gc 7497 @54.762s 3%: 0.10+0.60+0.082 ms clock, 0.83+0.66/0.74/0+0.65 ms cpu, 3->3->1 MB, 4 MB goal, 0 MB stacks, 0 MB globals, 8 P
gc 7498 @54.765s 3%: 0.11+0.55+0.083 ms clock, 0.93+0.61/0.69/0+0.67 ms cpu, 3->3->1 MB, 4 MB goal, 0 MB stacks, 0 MB globals, 8 P
gc 7499 @54.768s 3%: 0.10+0.54+0.078 ms clock, 0.82+0.61/0.69/0+0.62 ms cpu, 3->3->1 MB, 4 MB goal, 0 MB stacks, 0 MB globals, 8 P
gc 7500 @54.770s 3%: 0.072+0.54+0.064 ms clock, 0.58+0.77/0.61/0+0.51 ms cpu, 3->3->1 MB, 4 MB goal, 0 MB stacks, 0 MB globals, 8 P
gc 7501 @54.773s 3%: 0.085+0.58+0.10 ms clock, 0.68+0.63/0.69/0+0.87 ms cpu, 3->3->1 MB, 4 MB goal, 0 MB stacks, 0 MB globals, 8 P
gc 7502 @54.776s 3%: 0.071+0.59+0.058 ms clock, 0.57+0.63/0.72/0+0.47 ms cpu, 3->3->1 MB, 4 MB goal, 0 MB stacks, 0 MB globals, 8 P
gc 7503 @54.779s 3%: 0.076+0.47+0.052 ms clock, 0.61+0.65/0.56/0+0.41 ms cpu, 3->3->1 MB, 4 MB goal, 0 MB stacks, 0 MB globals, 8 P
gc 7504 @54.782s 3%: 0.096+0.64+0.074 ms clock, 0.77+0.50/0.67/0+0.59 ms cpu, 3->3->1 MB, 4 MB goal, 0 MB stacks, 0 MB globals, 8 P
gc 7505 @54.784s 3%: 0.11+0.45+0.075 ms clock, 0.89+0.81/0.51/0+0.60 ms cpu, 3->3->1 MB, 4 MB goal, 0 MB stacks, 0 MB globals, 8 P
gc 7506 @54.787s 3%: 0.10+0.54+0.080 ms clock, 0.83+0.60/0.59/0+0.64 ms cpu, 3->3->1 MB, 4 MB goal, 0 MB stacks, 0 MB globals, 8 P
gc 7507 @54.790s 3%: 0.10+0.52+0.074 ms clock, 0.80+0.70/0.63/0+0.59 ms cpu, 3->3->1 MB, 4 MB goal, 0 MB stacks, 0 MB globals, 8 P
gc 7508 @54.793s 3%: 0.095+1.0+0.087 ms clock, 0.76+0.51/0.68/0+0.70 ms cpu, 3->4->1 MB, 4 MB goal, 0 MB stacks, 0 MB globals, 8 P
gc 7509 @54.795s 3%: 0.11+0.68+0.095 ms clock, 0.91+0.65/0.57/0+0.76 ms cpu, 3->3->1 MB, 4 MB goal, 0 MB stacks, 0 MB globals, 8 P
gc 7510 @54.798s 3%: 0.062+0.60+0.047 ms clock, 0.50+0.63/0.64/0+0.37 ms cpu, 3->3->1 MB, 4 MB goal, 0 MB stacks, 0 MB globals, 8 P
gc 7511 @54.801s 3%: 0.12+0.69+0.089 ms clock, 0.97+0.75/0.50/0+0.71 ms cpu, 3->3->1 MB, 4 MB goal, 0 MB stacks, 0 MB globals, 8 P
gc 7512 @54.804s 3%: 0.096+0.45+0.043 ms clock, 0.77+0.63/0.61/0+0.34 ms cpu, 3->3->1 MB, 4 MB goal, 0 MB stacks, 0 MB globals, 8 P
gc 7513 @54.807s 3%: 0.048+0.55+0.047 ms clock, 0.39+0.63/0.61/0+0.38 ms cpu, 3->3->1 MB, 4 MB goal, 0 MB stacks, 0 MB globals, 8 P
gc 7514 @54.809s 3%: 0.095+0.75+0.064 ms clock, 0.76+0.64/0.61/0+0.51 ms cpu, 3->3->1 MB, 4 MB goal, 0 MB stacks, 0 MB globals, 8 P
gc 7515 @54.812s 3%: 0.12+0.63+0.020 ms clock, 0.97+0.64/0.59/0+0.16 ms cpu, 3->3->1 MB, 4 MB goal, 0 MB stacks, 0 MB globals, 8 P
gc 7516 @54.815s 3%: 0.11+0.48+0.10 ms clock, 0.88+0.75/0.65/0+0.82 ms cpu, 3->3->1 MB, 4 MB goal, 0 MB stacks, 0 MB globals, 8 P
gc 7517 @54.818s 3%: 0.092+0.51+0.093 ms clock, 0.73+0.71/0.52/0+0.74 ms cpu, 3->3->1 MB, 4 MB goal, 0 MB stacks, 0 MB globals, 8 P
gc 7518 @54.821s 3%: 0.10+0.83+0.062 ms clock, 0.85+0.49/0.74/0+0.50 ms cpu, 3->3->1 MB, 4 MB goal, 0 MB stacks, 0 MB globals, 8 P
gc 7519 @54.823s 3%: 0.086+0.45+0.11 ms clock, 0.69+0.64/0.54/0+0.93 ms cpu, 3->3->1 MB, 4 MB goal, 0 MB stacks, 0 MB globals, 8 P
gc 7520 @54.826s 3%: 0.094+0.45+0.098 ms clock, 0.75+0.76/0.61/0+0.78 ms cpu, 3->3->1 MB, 4 MB goal, 0 MB stacks, 0 MB globals, 8 P
gc 7521 @54.829s 3%: 0.10+0.45+0.060 ms clock, 0.84+0.56/0.70/0+0.48 ms cpu, 3->3->1 MB, 4 MB goal, 0 MB stacks, 0 MB globals, 8 P
gc 7522 @54.832s 3%: 0.15+0.54+0.086 ms clock, 1.2+0.67/0.54/0+0.69 ms cpu, 3->3->1 MB, 4 MB goal, 0 MB stacks, 0 MB globals, 8 P
gc 7523 @54.834s 3%: 0.087+0.55+0.093 ms clock, 0.69+0.62/0.69/0+0.75 ms cpu, 3->3->1 MB, 4 MB goal, 0 MB stacks, 0 MB globals, 8 P
gc 7524 @54.837s 3%: 0.10+0.47+0.10 ms clock, 0.82+0.67/0.64/0+0.84 ms cpu, 3->3->1 MB, 4 MB goal, 0 MB stacks, 0 MB globals, 8 P
gc 7525 @54.840s 3%: 0.092+0.41+0.052 ms clock, 0.74+0.67/0.62/0+0.41 ms cpu, 3->3->1 MB, 4 MB goal, 0 MB stacks, 0 MB globals, 8 P
gc 7526 @54.843s 3%: 0.069+0.55+0.091 ms clock, 0.55+0.68/0.68/0+0.73 ms cpu, 3->3->1 MB, 4 MB goal, 0 MB stacks, 0 MB globals, 8 P
gc 7527 @54.846s 3%: 0.11+0.54+0.092 ms clock, 0.94+0.67/0.65/0+0.73 ms cpu, 3->3->1 MB, 4 MB goal, 0 MB stacks, 0 MB globals, 8 P
gc 7528 @54.848s 3%: 0.098+0.48+0.063 ms clock, 0.79+0.65/0.66/0+0.51 ms cpu, 3->3->1 MB, 4 MB goal, 0 MB stacks, 0 MB globals, 8 P
gc 7529 @54.851s 3%: 0.073+0.70+0.092 ms clock, 0.58+0.54/0.65/0+0.74 ms cpu, 3->3->1 MB, 4 MB goal, 0 MB stacks, 0 MB globals, 8 P
gc 7530 @54.854s 3%: 0.13+0.71+0.088 ms clock, 1.0+0.71/0.57/0+0.70 ms cpu, 3->3->1 MB, 4 MB goal, 0 MB stacks, 0 MB globals, 8 P
gc 7531 @54.857s 3%: 0.15+0.64+0.094 ms clock, 1.2+0.67/0.56/0+0.75 ms cpu, 3->3->1 MB, 4 MB goal, 0 MB stacks, 0 MB globals, 8 P
gc 7532 @54.860s 3%: 0.076+0.57+0.070 ms clock, 0.61+0.68/0.56/0+0.56 ms cpu, 3->3->1 MB, 4 MB goal, 0 MB stacks, 0 MB globals, 8 P
gc 7533 @54.862s 3%: 0.10+0.56+0.073 ms clock, 0.84+0.54/0.62/0+0.58 ms cpu, 3->3->1 MB, 4 MB goal, 0 MB stacks, 0 MB globals, 8 P
gc 7534 @54.865s 3%: 0.091+0.52+0.097 ms clock, 0.73+0.72/0.56/0+0.77 ms cpu, 3->3->1 MB, 4 MB goal, 0 MB stacks, 0 MB globals, 8 P
gc 7535 @54.868s 3%: 0.075+0.47+0.079 ms clock, 0.60+0.66/0.56/0+0.63 ms cpu, 3->3->1 MB, 4 MB goal, 0 MB stacks, 0 MB globals, 8 P
gc 7536 @54.871s 3%: 0.10+0.50+0.075 ms clock, 0.83+0.64/0.59/0+0.60 ms cpu, 3->3->1 MB, 4 MB goal, 0 MB stacks, 0 MB globals, 8 P
gc 7537 @54.873s 3%: 0.078+0.69+0.054 ms clock, 0.62+0.68/0.56/0+0.43 ms cpu, 3->3->1 MB, 4 MB goal, 0 MB stacks, 0 MB globals, 8 P
gc 7538 @54.876s 3%: 0.059+0.72+0.053 ms clock, 0.47+0.67/0.85/0+0.42 ms cpu, 3->3->1 MB, 4 MB goal, 0 MB stacks, 0 MB globals, 8 P
gc 7539 @54.879s 3%: 0.13+0.55+0.062 ms clock, 1.0+0.77/0.63/0+0.49 ms cpu, 3->3->1 MB, 4 MB goal, 0 MB stacks, 0 MB globals, 8 P
gc 7540 @54.882s 3%: 0.083+0.56+0.051 ms clock, 0.66+0.68/0.57/0+0.40 ms cpu, 3->3->1 MB, 4 MB goal, 0 MB stacks, 0 MB globals, 8 P
gc 7541 @54.885s 3%: 0.091+0.60+0.082 ms clock, 0.73+0.67/0.66/0+0.65 ms cpu, 3->3->1 MB, 4 MB goal, 0 MB stacks, 0 MB globals, 8 P
gc 7542 @54.887s 3%: 0.092+0.50+0.12 ms clock, 0.74+0.62/0.58/0+1.0 ms cpu, 3->3->1 MB, 4 MB goal, 0 MB stacks, 0 MB globals, 8 P
gc 7543 @54.890s 3%: 0.10+0.52+0.085 ms clock, 0.80+0.66/0.59/0+0.68 ms cpu, 3->3->1 MB, 4 MB goal, 0 MB stacks, 0 MB globals, 8 P
gc 7544 @54.893s 3%: 0.095+0.54+0.045 ms clock, 0.76+0.63/0.67/0+0.36 ms cpu, 3->3->1 MB, 4 MB goal, 0 MB stacks, 0 MB globals, 8 P
gc 7545 @54.896s 3%: 0.12+0.58+0.072 ms clock, 1.0+0.77/0.55/0+0.57 ms cpu, 3->3->1 MB, 4 MB goal, 0 MB stacks, 0 MB globals, 8 P
gc 7546 @54.898s 3%: 0.074+0.54+0.052 ms clock, 0.59+0.65/0.66/0+0.42 ms cpu, 3->3->1 MB, 4 MB goal, 0 MB stacks, 0 MB globals, 8 P
gc 7547 @54.901s 3%: 0.095+0.95+0.059 ms clock, 0.76+0.68/0.62/0+0.47 ms cpu, 3->3->1 MB, 4 MB goal, 0 MB stacks, 0 MB globals, 8 P
gc 7548 @54.904s 3%: 0.058+0.46+0.080 ms clock, 0.46+0.64/0.57/0+0.64 ms cpu, 3->3->1 MB, 4 MB goal, 0 MB stacks, 0 MB globals, 8 P
gc 7549 @54.907s 3%: 0.10+0.45+0.081 ms clock, 0.81+0.58/0.60/0+0.64 ms cpu, 3->3->1 MB, 4 MB goal, 0 MB stacks, 0 MB globals, 8 P
gc 7550 @54.910s 3%: 0.12+0.50+0.092 ms clock, 0.98+0.66/0.67/0+0.74 ms cpu, 3->3->1 MB, 4 MB goal, 0 MB stacks, 0 MB globals, 8 P
gc 7551 @54.912s 3%: 0.12+0.51+0.10 ms clock, 1.0+0.63/0.65/0+0.80 ms cpu, 3->3->1 MB, 4 MB goal, 0 MB stacks, 0 MB globals, 8 P
gc 7552 @54.915s 3%: 0.11+0.46+0.065 ms clock, 0.88+0.66/0.56/0+0.52 ms cpu, 3->3->1 MB, 4 MB goal, 0 MB stacks, 0 MB globals, 8 P
gc 7553 @54.918s 3%: 0.067+0.47+0.088 ms clock, 0.54+0.74/0.55/0+0.70 ms cpu, 3->3->1 MB, 4 MB goal, 0 MB stacks, 0 MB globals, 8 P
gc 7554 @54.921s 3%: 0.11+0.45+0.061 ms clock, 0.88+0.58/0.58/0+0.49 ms cpu, 3->3->1 MB, 4 MB goal, 0 MB stacks, 0 MB globals, 8 P
gc 7555 @54.923s 3%: 0.094+0.52+0.072 ms clock, 0.75+0.66/0.73/0+0.57 ms cpu, 3->3->1 MB, 4 MB goal, 0 MB stacks, 0 MB globals, 8 P
gc 7556 @54.926s 3%: 0.078+0.53+0.088 ms clock, 0.62+0.61/0.64/0+0.70 ms cpu, 3->3->1 MB, 4 MB goal, 0 MB stacks, 0 MB globals, 8 P
gc 7557 @54.929s 3%: 0.094+0.52+0.060 ms clock, 0.75+0.66/0.61/0+0.48 ms cpu, 3->3->1 MB, 4 MB goal, 0 MB stacks, 0 MB globals, 8 P
gc 7558 @54.932s 3%: 0.068+0.43+0.11 ms clock, 0.54+0.67/0.58/0+0.89 ms cpu, 3->3->1 MB, 4 MB goal, 0 MB stacks, 0 MB globals, 8 P
gc 7559 @54.934s 3%: 0.10+0.52+0.11 ms clock, 0.80+0.62/0.66/0+0.90 ms cpu, 3->3->1 MB, 4 MB goal, 0 MB stacks, 0 MB globals, 8 P
gc 7560 @54.937s 3%: 0.090+0.64+0.079 ms clock, 0.72+0.61/0.74/0+0.63 ms cpu, 3->3->1 MB, 4 MB goal, 0 MB stacks, 0 MB globals, 8 P
gc 7561 @54.940s 3%: 0.13+0.44+0.063 ms clock, 1.0+0.66/0.67/0+0.51 ms cpu, 3->3->1 MB, 4 MB goal, 0 MB stacks, 0 MB globals, 8 P
gc 7562 @54.943s 3%: 0.092+0.47+0.085 ms clock, 0.73+0.56/0.59/0+0.68 ms cpu, 3->3->1 MB, 4 MB goal, 0 MB stacks, 0 MB globals, 8 P
gc 7563 @54.945s 3%: 0.11+0.64+0.097 ms clock, 0.92+0.63/0.67/0+0.77 ms cpu, 3->3->1 MB, 4 MB goal, 0 MB stacks, 0 MB globals, 8 P
gc 7564 @54.948s 3%: 0.094+0.48+0.073 ms clock, 0.75+0.63/0.57/0+0.58 ms cpu, 3->3->1 MB, 4 MB goal, 0 MB stacks, 0 MB globals, 8 P
gc 7565 @54.951s 3%: 0.093+0.47+0.10 ms clock, 0.75+0.74/0.59/0+0.83 ms cpu, 3->3->1 MB, 4 MB goal, 0 MB stacks, 0 MB globals, 8 P
gc 7566 @54.954s 3%: 0.11+0.57+0.093 ms clock, 0.89+0.68/0.73/0+0.74 ms cpu, 3->3->1 MB, 4 MB goal, 0 MB stacks, 0 MB globals, 8 P
gc 7567 @54.956s 3%: 0.10+0.47+0.11 ms clock, 0.82+0.77/0.51/0+0.90 ms cpu, 3->3->1 MB, 4 MB goal, 0 MB stacks, 0 MB globals, 8 P
gc 7568 @54.959s 3%: 0.10+0.52+0.091 ms clock, 0.82+0.67/0.67/0+0.73 ms cpu, 3->3->1 MB, 4 MB goal, 0 MB stacks, 0 MB globals, 8 P
gc 7569 @54.962s 3%: 0.092+0.57+0.093 ms clock, 0.74+0.64/0.63/0.001+0.75 ms cpu, 3->3->1 MB, 4 MB goal, 0 MB stacks, 0 MB globals, 8 P
gc 7570 @54.965s 3%: 0.10+0.45+0.079 ms clock, 0.82+0.61/0.60/0+0.63 ms cpu, 3->3->1 MB, 4 MB goal, 0 MB stacks, 0 MB globals, 8 P
gc 7571 @54.968s 3%: 0.076+0.47+0.052 ms clock, 0.60+0.69/0.62/0+0.41 ms cpu, 3->3->1 MB, 4 MB goal, 0 MB stacks, 0 MB globals, 8 P
gc 7572 @54.970s 3%: 0.096+0.41+0.096 ms clock, 0.77+0.70/0.56/0+0.77 ms cpu, 3->3->1 MB, 4 MB goal, 0 MB stacks, 0 MB globals, 8 P
gc 7573 @54.973s 3%: 0.081+0.61+0.096 ms clock, 0.64+0.70/0.76/0+0.77 ms cpu, 3->3->1 MB, 4 MB goal, 0 MB stacks, 0 MB globals, 8 P
gc 7574 @54.976s 3%: 0.10+0.47+0.045 ms clock, 0.82+0.74/0.58/0+0.36 ms cpu, 3->3->1 MB, 4 MB goal, 0 MB stacks, 0 MB globals, 8 P
gc 7575 @54.979s 3%: 0.10+0.59+0.050 ms clock, 0.86+0.67/0.68/0+0.40 ms cpu, 3->3->1 MB, 4 MB goal, 0 MB stacks, 0 MB globals, 8 P
gc 7576 @54.981s 3%: 0.12+0.51+0.11 ms clock, 0.97+0.74/0.67/0+0.90 ms cpu, 3->3->1 MB, 4 MB goal, 0 MB stacks, 0 MB globals, 8 P
gc 7577 @54.984s 3%: 0.10+0.50+0.089 ms clock, 0.80+0.67/0.63/0+0.71 ms cpu, 3->3->1 MB, 4 MB goal, 0 MB stacks, 0 MB globals, 8 P
gc 7578 @54.987s 3%: 0.083+0.49+0.10 ms clock, 0.66+0.82/0.51/0+0.82 ms cpu, 3->3->1 MB, 4 MB goal, 0 MB stacks, 0 MB globals, 8 P
gc 7579 @54.990s 3%: 0.11+0.67+0.034 ms clock, 0.92+0.63/0.64/0+0.27 ms cpu, 3->3->1 MB, 4 MB goal, 0 MB stacks, 0 MB globals, 8 P
gc 7580 @54.993s 3%: 0.12+0.40+0.052 ms clock, 0.97+0.61/0.63/0+0.41 ms cpu, 3->3->1 MB, 4 MB goal, 0 MB stacks, 0 MB globals, 8 P
gc 7581 @54.995s 3%: 0.10+0.53+0.098 ms clock, 0.85+0.71/0.63/0+0.78 ms cpu, 3->3->1 MB, 4 MB goal, 0 MB stacks, 0 MB globals, 8 P
gc 7582 @54.998s 3%: 0.074+0.54+0.076 ms clock, 0.59+0.68/0.64/0+0.61 ms cpu, 3->3->1 MB, 4 MB goal, 0 MB stacks, 0 MB globals, 8 P
gc 7583 @55.001s 3%: 0.10+0.55+0.092 ms clock, 0.83+0.64/0.69/0+0.74 ms cpu, 3->3->1 MB, 4 MB goal, 0 MB stacks, 0 MB globals, 8 P
gc 7584 @55.004s 3%: 0.056+0.35+0.067 ms clock, 0.45+0.69/0.55/0+0.53 ms cpu, 3->3->1 MB, 4 MB goal, 0 MB stacks, 0 MB globals, 8 P
gc 7585 @55.006s 3%: 0.099+0.50+0.080 ms clock, 0.79+0.65/0.59/0+0.64 ms cpu, 3->3->1 MB, 4 MB goal, 0 MB stacks, 0 MB globals, 8 P
gc 7586 @55.009s 3%: 0.079+0.50+0.12 ms clock, 0.63+0.67/0.71/0+1.0 ms cpu, 3->3->1 MB, 4 MB goal, 0 MB stacks, 0 MB globals, 8 P
gc 7587 @55.012s 3%: 0.10+0.45+0.094 ms clock, 0.82+0.81/0.51/0+0.75 ms cpu, 3->3->1 MB, 4 MB goal, 0 MB stacks, 0 MB globals, 8 P
gc 7588 @55.014s 3%: 0.045+0.46+0.084 ms clock, 0.36+0.56/0.59/0+0.67 ms cpu, 3->3->1 MB, 4 MB goal, 0 MB stacks, 0 MB globals, 8 P
gc 7589 @55.017s 3%: 0.11+0.51+0.094 ms clock, 0.95+0.65/0.63/0+0.75 ms cpu, 3->3->1 MB, 4 MB goal, 0 MB stacks, 0 MB globals, 8 P
gc 7590 @55.020s 3%: 0.10+0.43+0.093 ms clock, 0.85+0.64/0.56/0+0.75 ms cpu, 3->3->1 MB, 4 MB goal, 0 MB stacks, 0 MB globals, 8 P
gc 7591 @55.023s 3%: 0.078+0.51+0.071 ms clock, 0.62+0.53/0.68/0+0.57 ms cpu, 3->3->1 MB, 4 MB goal, 0 MB stacks, 0 MB globals, 8 P
gc 7592 @55.026s 3%: 0.069+0.55+0.094 ms clock, 0.55+0.76/0.69/0+0.75 ms cpu, 3->3->1 MB, 4 MB goal, 0 MB stacks, 0 MB globals, 8 P
gc 7593 @55.028s 3%: 0.098+0.54+0.10 ms clock, 0.78+0.66/0.61/0+0.84 ms cpu, 3->3->1 MB, 4 MB goal, 0 MB stacks, 0 MB globals, 8 P
gc 7594 @55.031s 3%: 0.065+0.44+0.080 ms clock, 0.52+0.69/0.54/0+0.64 ms cpu, 3->3->1 MB, 4 MB goal, 0 MB stacks, 0 MB globals, 8 P
gc 7595 @55.034s 3%: 0.074+0.56+0.076 ms clock, 0.59+0.56/0.66/0+0.61 ms cpu, 3->3->1 MB, 4 MB goal, 0 MB stacks, 0 MB globals, 8 P
gc 7596 @55.037s 3%: 0.096+0.68+0.10 ms clock, 0.77+0.63/0.66/0+0.85 ms cpu, 3->3->1 MB, 4 MB goal, 0 MB stacks, 0 MB globals, 8 P
gc 7597 @55.039s 3%: 0.053+0.42+0.048 ms clock, 0.42+0.68/0.53/0+0.39 ms cpu, 3->3->1 MB, 4 MB goal, 0 MB stacks, 0 MB globals, 8 P
gc 7598 @55.042s 3%: 0.099+0.49+0.073 ms clock, 0.79+0.65/0.63/0+0.58 ms cpu, 3->3->1 MB, 4 MB goal, 0 MB stacks, 0 MB globals, 8 P
gc 7599 @55.045s 3%: 0.11+0.46+0.087 ms clock, 0.90+0.58/0.60/0+0.69 ms cpu, 3->3->1 MB, 4 MB goal, 0 MB stacks, 0 MB globals, 8 P
gc 7600 @55.048s 3%: 0.081+0.90+0.022 ms clock, 0.64+0.60/0.58/0+0.18 ms cpu, 3->3->1 MB, 4 MB goal, 0 MB stacks, 0 MB globals, 8 P
gc 7601 @55.051s 3%: 0.076+0.46+0.065 ms clock, 0.61+0.56/0.58/0+0.52 ms cpu, 3->3->1 MB, 4 MB goal, 0 MB stacks, 0 MB globals, 8 P
gc 7602 @55.053s 3%: 0.11+0.57+0.035 ms clock, 0.94+0.74/0.60/0+0.28 ms cpu, 3->3->1 MB, 4 MB goal, 0 MB stacks, 0 MB globals, 8 P
gc 7603 @55.056s 3%: 0.10+0.53+0.097 ms clock, 0.83+0.62/0.61/0+0.77 ms cpu, 3->3->1 MB, 4 MB goal, 0 MB stacks, 0 MB globals, 8 P
gc 7604 @55.059s 3%: 0.084+0.81+0.081 ms clock, 0.67+0.68/0.49/0+0.65 ms cpu, 3->3->1 MB, 4 MB goal, 0 MB stacks, 0 MB globals, 8 P
gc 7605 @55.062s 3%: 0.10+0.42+0.087 ms clock, 0.83+0.56/0.57/0+0.69 ms cpu, 3->3->1 MB, 4 MB goal, 0 MB stacks, 0 MB globals, 8 P
gc 7606 @55.064s 3%: 0.10+0.43+0.058 ms clock, 0.83+0.71/0.55/0+0.46 ms cpu, 3->3->1 MB, 4 MB goal, 0 MB stacks, 0 MB globals, 8 P
gc 7607 @55.067s 3%: 0.10+1.7+0.053 ms clock, 0.87+0.59/0.53/0+0.43 ms cpu, 3->3->1 MB, 4 MB goal, 0 MB stacks, 0 MB globals, 8 P
gc 7608 @55.070s 3%: 0.12+0.67+0.096 ms clock, 0.97+0.59/0.67/0+0.77 ms cpu, 3->3->1 MB, 4 MB goal, 0 MB stacks, 0 MB globals, 8 P
gc 7609 @55.073s 3%: 0.094+0.54+0.026 ms clock, 0.75+0.76/0.50/0+0.20 ms cpu, 3->3->1 MB, 4 MB goal, 0 MB stacks, 0 MB globals, 8 P
gc 7610 @55.076s 3%: 0.091+0.45+0.085 ms clock, 0.72+0.67/0.52/0+0.68 ms cpu, 3->3->1 MB, 4 MB goal, 0 MB stacks, 0 MB globals, 8 P
gc 7611 @55.078s 3%: 0.080+0.87+0.071 ms clock, 0.64+0.68/0.62/0+0.57 ms cpu, 3->3->1 MB, 4 MB goal, 0 MB stacks, 0 MB globals, 8 P
gc 7612 @55.081s 3%: 0.12+0.58+0.12 ms clock, 0.96+0.74/0.56/0+0.96 ms cpu, 3->3->1 MB, 4 MB goal, 0 MB stacks, 0 MB globals, 8 P
gc 7613 @55.084s 3%: 0.11+0.53+0.084 ms clock, 0.89+0.59/0.60/0+0.67 ms cpu, 3->3->1 MB, 4 MB goal, 0 MB stacks, 0 MB globals, 8 P
gc 7614 @55.087s 3%: 0.12+0.75+0.071 ms clock, 1.0+0.67/0.56/0+0.57 ms cpu, 3->3->1 MB, 4 MB goal, 0 MB stacks, 0 MB globals, 8 P
gc 7615 @55.090s 3%: 0.077+0.60+0.070 ms clock, 0.61+0.55/0.60/0+0.56 ms cpu, 3->3->1 MB, 4 MB goal, 0 MB stacks, 0 MB globals, 8 P
gc 7616 @55.093s 3%: 0.13+0.56+0.069 ms clock, 1.0+0.66/0.72/0+0.55 ms cpu, 3->3->1 MB, 4 MB goal, 0 MB stacks, 0 MB globals, 8 P
gc 7617 @55.095s 3%: 0.10+1.0+0.063 ms clock, 0.87+0.76/0.66/0+0.50 ms cpu, 3->4->1 MB, 4 MB goal, 0 MB stacks, 0 MB globals, 8 P
gc 7618 @55.098s 3%: 0.098+0.53+0.060 ms clock, 0.79+0.69/0.59/0+0.48 ms cpu, 3->3->1 MB, 4 MB goal, 0 MB stacks, 0 MB globals, 8 P
gc 7619 @55.101s 3%: 0.12+0.56+0.072 ms clock, 0.99+0.59/0.66/0+0.58 ms cpu, 3->3->1 MB, 4 MB goal, 0 MB stacks, 0 MB globals, 8 P
gc 7620 @55.104s 3%: 0.094+0.51+0.045 ms clock, 0.75+0.58/0.66/0+0.36 ms cpu, 3->3->1 MB, 4 MB goal, 0 MB stacks, 0 MB globals, 8 P
gc 7621 @55.107s 3%: 0.12+0.52+0.099 ms clock, 0.96+0.60/0.69/0+0.79 ms cpu, 3->3->1 MB, 4 MB goal, 0 MB stacks, 0 MB globals, 8 P
gc 7622 @55.109s 3%: 0.14+0.43+0.091 ms clock, 1.1+0.74/0.67/0+0.73 ms cpu, 3->3->1 MB, 4 MB goal, 0 MB stacks, 0 MB globals, 8 P
gc 7623 @55.112s 3%: 0.10+0.52+0.11 ms clock, 0.86+0.67/0.65/0+0.92 ms cpu, 3->3->1 MB, 4 MB goal, 0 MB stacks, 0 MB globals, 8 P
gc 7624 @55.115s 3%: 0.12+0.53+0.075 ms clock, 0.96+0.61/0.61/0+0.60 ms cpu, 3->3->1 MB, 4 MB goal, 0 MB stacks, 0 MB globals, 8 P
gc 7625 @55.118s 3%: 0.10+0.44+0.090 ms clock, 0.86+0.69/0.54/0+0.72 ms cpu, 3->3->1 MB, 4 MB goal, 0 MB stacks, 0 MB globals, 8 P
gc 7626 @55.120s 3%: 0.082+1.1+0.065 ms clock, 0.66+0.58/0.69/0+0.52 ms cpu, 3->4->1 MB, 4 MB goal, 0 MB stacks, 0 MB globals, 8 P
gc 7627 @55.123s 3%: 0.11+0.42+0.044 ms clock, 0.88+0.51/0.59/0+0.35 ms cpu, 3->3->1 MB, 4 MB goal, 0 MB stacks, 0 MB globals, 8 P
gc 7628 @55.126s 3%: 0.094+0.47+0.10 ms clock, 0.75+0.58/0.54/0+0.80 ms cpu, 3->3->1 MB, 4 MB goal, 0 MB stacks, 0 MB globals, 8 P
gc 7629 @55.129s 3%: 0.085+0.63+0.11 ms clock, 0.68+0.65/0.60/0+0.95 ms cpu, 3->3->1 MB, 4 MB goal, 0 MB stacks, 0 MB globals, 8 P
gc 7630 @55.132s 3%: 0.099+0.62+0.012 ms clock, 0.79+0.52/0.62/0+0.10 ms cpu, 3->3->1 MB, 4 MB goal, 0 MB stacks, 0 MB globals, 8 P
gc 7631 @55.134s 3%: 0.10+0.66+0.10 ms clock, 0.84+0.69/0.67/0+0.86 ms cpu, 3->3->1 MB, 4 MB goal, 0 MB stacks, 0 MB globals, 8 P
gc 7632 @55.137s 3%: 0.085+0.60+0.12 ms clock, 0.68+0.64/0.72/0+1.0 ms cpu, 3->3->1 MB, 4 MB goal, 0 MB stacks, 0 MB globals, 8 P
gc 7633 @55.140s 3%: 0.091+0.45+0.083 ms clock, 0.73+0.65/0.57/0+0.66 ms cpu, 3->3->1 MB, 4 MB goal, 0 MB stacks, 0 MB globals, 8 P
gc 7634 @55.143s 3%: 0.13+0.77+0.090 ms clock, 1.0+0.71/0.53/0+0.72 ms cpu, 3->3->1 MB, 4 MB goal, 0 MB stacks, 0 MB globals, 8 P
gc 7635 @55.145s 3%: 0.093+0.93+0.098 ms clock, 0.75+0.61/0.63/0+0.78 ms cpu, 3->3->1 MB, 4 MB goal, 0 MB stacks, 0 MB globals, 8 P
gc 7636 @55.148s 3%: 0.10+0.71+0.056 ms clock, 0.82+0.66/0.57/0+0.44 ms cpu, 3->3->1 MB, 4 MB goal, 0 MB stacks, 0 MB globals, 8 P
gc 7637 @55.151s 3%: 0.099+0.45+0.089 ms clock, 0.79+0.76/0.57/0+0.71 ms cpu, 3->3->1 MB, 4 MB goal, 0 MB stacks, 0 MB globals, 8 P
gc 7638 @55.154s 3%: 0.074+0.53+0.11 ms clock, 0.59+0.75/0.60/0+0.90 ms cpu, 3->3->1 MB, 4 MB goal, 0 MB stacks, 0 MB globals, 8 P
gc 7639 @55.157s 3%: 0.078+0.49+0.11 ms clock, 0.63+0.69/0.68/0+0.89 ms cpu, 3->3->1 MB, 4 MB goal, 0 MB stacks, 0 MB globals, 8 P
gc 7640 @55.159s 3%: 0.096+0.49+0.091 ms clock, 0.77+0.73/0.56/0+0.73 ms cpu, 3->3->1 MB, 4 MB goal, 0 MB stacks, 0 MB globals, 8 P
gc 7641 @55.162s 3%: 0.069+0.85+0.070 ms clock, 0.55+0.48/0.60/0+0.56 ms cpu, 3->3->1 MB, 4 MB goal, 0 MB stacks, 0 MB globals, 8 P
gc 7642 @55.165s 3%: 1.0+1.1+0.10 ms clock, 8.4+1.3/0.61/0+0.82 ms cpu, 3->4->2 MB, 4 MB goal, 0 MB stacks, 0 MB globals, 8 P
gc 7643 @55.169s 3%: 0.11+0.55+0.10 ms clock, 0.91+0.61/0.49/0+0.84 ms cpu, 3->4->1 MB, 4 MB goal, 0 MB stacks, 0 MB globals, 8 P
gc 7644 @55.172s 3%: 0.093+0.54+0.10 ms clock, 0.74+0.65/0.61/0+0.83 ms cpu, 3->3->1 MB, 4 MB goal, 0 MB stacks, 0 MB globals, 8 P
gc 7645 @55.174s 3%: 0.13+0.37+0.057 ms clock, 1.0+0.57/0.56/0+0.45 ms cpu, 3->3->1 MB, 4 MB goal, 0 MB stacks, 0 MB globals, 8 P
gc 7646 @55.177s 3%: 0.089+0.57+0.086 ms clock, 0.71+0.75/0.56/0+0.69 ms cpu, 3->3->1 MB, 4 MB goal, 0 MB stacks, 0 MB globals, 8 P
gc 7647 @55.180s 3%: 0.097+0.91+0.059 ms clock, 0.78+0.55/0.62/0+0.47 ms cpu, 3->3->1 MB, 4 MB goal, 0 MB stacks, 0 MB globals, 8 P
gc 7648 @55.183s 3%: 0.073+0.58+0.16 ms clock, 0.58+0.67/0.68/0+1.3 ms cpu, 3->3->1 MB, 4 MB goal, 0 MB stacks, 0 MB globals, 8 P
gc 7649 @55.185s 3%: 0.12+0.55+0.088 ms clock, 1.0+0.70/0.69/0+0.70 ms cpu, 3->3->1 MB, 4 MB goal, 0 MB stacks, 0 MB globals, 8 P
gc 7650 @55.188s 3%: 0.12+0.87+0.098 ms clock, 0.97+0.70/0.66/0+0.78 ms cpu, 3->3->1 MB, 4 MB goal, 0 MB stacks, 0 MB globals, 8 P
gc 7651 @55.191s 3%: 0.055+0.88+0.079 ms clock, 0.44+0.68/0.65/0+0.63 ms cpu, 3->3->1 MB, 4 MB goal, 0 MB stacks, 0 MB globals, 8 P
gc 7652 @55.194s 3%: 0.10+0.44+0.085 ms clock, 0.87+0.68/0.48/0+0.68 ms cpu, 3->3->1 MB, 4 MB goal, 0 MB stacks, 0 MB globals, 8 P
gc 7653 @55.197s 3%: 0.11+0.52+0.10 ms clock, 0.92+0.70/0.62/0+0.80 ms cpu, 3->3->1 MB, 4 MB goal, 0 MB stacks, 0 MB globals, 8 P
gc 7654 @55.199s 3%: 0.10+0.51+0.096 ms clock, 0.81+0.67/0.67/0+0.77 ms cpu, 3->3->1 MB, 4 MB goal, 0 MB stacks, 0 MB globals, 8 P
gc 7655 @55.202s 3%: 0.082+0.78+0.049 ms clock, 0.65+0.60/0.63/0+0.39 ms cpu, 3->3->1 MB, 4 MB goal, 0 MB stacks, 0 MB globals, 8 P
gc 7656 @55.205s 3%: 0.10+0.45+0.056 ms clock, 0.80+0.60/0.57/0+0.44 ms cpu, 3->3->1 MB, 4 MB goal, 0 MB stacks, 0 MB globals, 8 P
gc 7657 @55.208s 3%: 0.060+0.67+0.045 ms clock, 0.48+0.63/0.52/0+0.36 ms cpu, 3->3->1 MB, 4 MB goal, 0 MB stacks, 0 MB globals, 8 P
gc 7658 @55.211s 3%: 0.11+0.68+0.091 ms clock, 0.93+0.71/0.70/0+0.73 ms cpu, 3->3->1 MB, 4 MB goal, 0 MB stacks, 0 MB globals, 8 P
gc 7659 @55.214s 3%: 0.075+0.44+0.12 ms clock, 0.60+0.63/0.61/0+0.96 ms cpu, 3->3->1 MB, 4 MB goal, 0 MB stacks, 0 MB globals, 8 P
gc 7660 @55.216s 3%: 0.093+0.47+0.093 ms clock, 0.74+0.57/0.64/0+0.74 ms cpu, 3->3->1 MB, 4 MB goal, 0 MB stacks, 0 MB globals, 8 P
gc 7661 @55.219s 3%: 0.10+0.52+0.085 ms clock, 0.82+0.65/0.67/0+0.68 ms cpu, 3->3->1 MB, 4 MB goal, 0 MB stacks, 0 MB globals, 8 P
gc 7662 @55.222s 3%: 0.10+0.59+0.10 ms clock, 0.80+0.65/0.74/0+0.81 ms cpu, 3->3->1 MB, 4 MB goal, 0 MB stacks, 0 MB globals, 8 P
gc 7663 @55.225s 3%: 0.099+0.52+0.10 ms clock, 0.79+0.64/0.61/0+0.86 ms cpu, 3->3->1 MB, 4 MB goal, 0 MB stacks, 0 MB globals, 8 P
gc 7664 @55.227s 3%: 0.14+0.48+0.050 ms clock, 1.1+0.66/0.64/0+0.40 ms cpu, 3->3->1 MB, 4 MB goal, 0 MB stacks, 0 MB globals, 8 P
gc 7665 @55.230s 3%: 0.11+0.60+0.065 ms clock, 0.94+0.68/0.67/0+0.52 ms cpu, 3->3->1 MB, 4 MB goal, 0 MB stacks, 0 MB globals, 8 P
gc 7666 @55.233s 3%: 0.091+0.50+0.070 ms clock, 0.73+0.67/0.63/0+0.56 ms cpu, 3->3->1 MB, 4 MB goal, 0 MB stacks, 0 MB globals, 8 P
gc 7667 @55.236s 3%: 0.093+0.50+0.079 ms clock, 0.75+0.69/0.62/0+0.63 ms cpu, 3->3->1 MB, 4 MB goal, 0 MB stacks, 0 MB globals, 8 P
gc 7668 @55.239s 3%: 0.11+0.46+0.094 ms clock, 0.88+0.70/0.59/0+0.75 ms cpu, 3->3->1 MB, 4 MB goal, 0 MB stacks, 0 MB globals, 8 P
gc 7669 @55.241s 3%: 0.10+0.43+0.093 ms clock, 0.80+0.66/0.63/0+0.74 ms cpu, 3->3->1 MB, 4 MB goal, 0 MB stacks, 0 MB globals, 8 P
gc 7670 @55.244s 3%: 0.080+0.65+0.078 ms clock, 0.64+0.64/0.59/0+0.62 ms cpu, 3->3->1 MB, 4 MB goal, 0 MB stacks, 0 MB globals, 8 P
gc 7671 @55.247s 3%: 0.068+0.61+0.093 ms clock, 0.54+0.65/0.62/0+0.74 ms cpu, 3->3->1 MB, 4 MB goal, 0 MB stacks, 0 MB globals, 8 P
gc 7672 @55.250s 3%: 0.097+0.59+0.085 ms clock, 0.78+0.66/0.62/0+0.68 ms cpu, 3->3->1 MB, 4 MB goal, 0 MB stacks, 0 MB globals, 8 P
gc 7673 @55.252s 3%: 0.11+0.61+0.11 ms clock, 0.88+0.75/0.63/0+0.95 ms cpu, 3->3->1 MB, 4 MB goal, 0 MB stacks, 0 MB globals, 8 P
gc 7674 @55.255s 3%: 0.069+0.55+0.094 ms clock, 0.55+0.64/0.57/0+0.75 ms cpu, 3->3->1 MB, 4 MB goal, 0 MB stacks, 0 MB globals, 8 P
gc 7675 @55.258s 3%: 0.094+0.62+0.035 ms clock, 0.75+0.70/0.73/0+0.28 ms cpu, 3->3->1 MB, 4 MB goal, 0 MB stacks, 0 MB globals, 8 P
gc 7676 @55.261s 3%: 0.097+0.48+0.092 ms clock, 0.77+0.68/0.63/0+0.73 ms cpu, 3->3->1 MB, 4 MB goal, 0 MB stacks, 0 MB globals, 8 P
gc 7677 @55.264s 3%: 0.096+0.48+0.080 ms clock, 0.77+0.65/0.67/0+0.64 ms cpu, 3->3->1 MB, 4 MB goal, 0 MB stacks, 0 MB globals, 8 P
gc 7678 @55.266s 3%: 0.063+0.63+0.10 ms clock, 0.50+0.68/0.58/0+0.82 ms cpu, 3->3->1 MB, 4 MB goal, 0 MB stacks, 0 MB globals, 8 P
gc 7679 @55.269s 3%: 0.10+0.44+0.080 ms clock, 0.84+0.64/0.66/0+0.64 ms cpu, 3->3->1 MB, 4 MB goal, 0 MB stacks, 0 MB globals, 8 P
gc 7680 @55.272s 3%: 0.10+0.53+0.12 ms clock, 0.83+0.64/0.68/0+1.0 ms cpu, 3->3->1 MB, 4 MB goal, 0 MB stacks, 0 MB globals, 8 P
gc 7681 @55.275s 3%: 0.13+0.52+0.060 ms clock, 1.0+0.46/0.64/0+0.48 ms cpu, 3->3->1 MB, 4 MB goal, 0 MB stacks, 0 MB globals, 8 P
gc 7682 @55.277s 3%: 0.11+0.53+0.090 ms clock, 0.93+0.55/0.61/0+0.72 ms cpu, 3->3->1 MB, 4 MB goal, 0 MB stacks, 0 MB globals, 8 P
gc 7683 @55.280s 3%: 0.066+0.68+0.018 ms clock, 0.53+0.70/0.61/0+0.14 ms cpu, 3->3->1 MB, 4 MB goal, 0 MB stacks, 0 MB globals, 8 P
gc 7684 @55.283s 3%: 0.13+0.45+0.072 ms clock, 1.0+0.60/0.62/0+0.57 ms cpu, 3->3->1 MB, 4 MB goal, 0 MB stacks, 0 MB globals, 8 P
gc 7685 @55.286s 3%: 0.087+0.44+0.092 ms clock, 0.70+0.59/0.62/0+0.74 ms cpu, 3->3->1 MB, 4 MB goal, 0 MB stacks, 0 MB globals, 8 P
gc 7686 @55.288s 3%: 0.13+0.74+0.064 ms clock, 1.0+0.54/0.55/0+0.51 ms cpu, 3->3->1 MB, 4 MB goal, 0 MB stacks, 0 MB globals, 8 P
gc 7687 @55.291s 3%: 0.094+0.50+0.095 ms clock, 0.75+0.71/0.59/0+0.76 ms cpu, 3->3->1 MB, 4 MB goal, 0 MB stacks, 0 MB globals, 8 P
gc 7688 @55.294s 3%: 0.090+0.50+0.058 ms clock, 0.72+0.57/0.63/0+0.47 ms cpu, 3->3->1 MB, 4 MB goal, 0 MB stacks, 0 MB globals, 8 P
gc 7689 @55.297s 3%: 0.11+0.51+0.10 ms clock, 0.88+0.63/0.64/0+0.81 ms cpu, 3->3->1 MB, 4 MB goal, 0 MB stacks, 0 MB globals, 8 P
gc 7690 @55.300s 3%: 0.092+0.62+0.034 ms clock, 0.73+0.49/0.62/0+0.27 ms cpu, 3->3->1 MB, 4 MB goal, 0 MB stacks, 0 MB globals, 8 P
gc 7691 @55.302s 3%: 0.11+0.61+0.073 ms clock, 0.91+0.77/0.68/0+0.58 ms cpu, 3->3->1 MB, 4 MB goal, 0 MB stacks, 0 MB globals, 8 P
gc 7692 @55.305s 3%: 0.084+0.50+0.041 ms clock, 0.67+0.67/0.65/0+0.33 ms cpu, 3->3->1 MB, 4 MB goal, 0 MB stacks, 0 MB globals, 8 P
gc 7693 @55.308s 3%: 0.091+0.46+0.091 ms clock, 0.73+0.69/0.54/0+0.73 ms cpu, 3->3->1 MB, 4 MB goal, 0 MB stacks, 0 MB globals, 8 P
gc 7694 @55.311s 3%: 0.10+0.51+0.081 ms clock, 0.82+0.47/0.70/0+0.64 ms cpu, 3->3->1 MB, 4 MB goal, 0 MB stacks, 0 MB globals, 8 P
gc 7695 @55.313s 3%: 0.079+0.80+0.054 ms clock, 0.63+0.71/0.57/0+0.43 ms cpu, 3->3->1 MB, 4 MB goal, 0 MB stacks, 0 MB globals, 8 P
gc 7696 @55.316s 3%: 0.086+0.51+0.076 ms clock, 0.69+0.66/0.59/0+0.61 ms cpu, 3->3->1 MB, 4 MB goal, 0 MB stacks, 0 MB globals, 8 P
gc 7697 @55.319s 3%: 0.061+0.52+0.10 ms clock, 0.49+0.72/0.59/0+0.81 ms cpu, 3->3->1 MB, 4 MB goal, 0 MB stacks, 0 MB globals, 8 P
gc 7698 @55.322s 3%: 0.10+0.44+0.097 ms clock, 0.84+0.41/0.57/0+0.78 ms cpu, 3->3->1 MB, 4 MB goal, 0 MB stacks, 0 MB globals, 8 P
gc 7699 @55.324s 3%: 0.11+0.58+0.055 ms clock, 0.95+0.58/0.63/0+0.44 ms cpu, 3->3->1 MB, 4 MB goal, 0 MB stacks, 0 MB globals, 8 P
gc 7700 @55.327s 3%: 0.046+0.47+0.066 ms clock, 0.36+0.69/0.55/0+0.53 ms cpu, 3->3->1 MB, 4 MB goal, 0 MB stacks, 0 MB globals, 8 P
gc 7701 @55.330s 3%: 0.12+0.71+0.081 ms clock, 0.97+0.72/0.53/0+0.65 ms cpu, 3->3->1 MB, 4 MB goal, 0 MB stacks, 0 MB globals, 8 P
gc 7702 @55.333s 3%: 0.13+0.74+0.063 ms clock, 1.0+0.68/0.62/0+0.50 ms cpu, 3->3->1 MB, 4 MB goal, 0 MB stacks, 0 MB globals, 8 P
gc 7703 @55.335s 3%: 0.10+0.80+0.071 ms clock, 0.82+0.57/0.63/0+0.57 ms cpu, 3->3->1 MB, 4 MB goal, 0 MB stacks, 0 MB globals, 8 P
gc 7704 @55.338s 3%: 0.081+0.48+0.080 ms clock, 0.65+0.67/0.57/0+0.64 ms cpu, 3->3->1 MB, 4 MB goal, 0 MB stacks, 0 MB globals, 8 P
gc 7705 @55.341s 3%: 0.086+0.52+0.063 ms clock, 0.68+0.63/0.79/0+0.50 ms cpu, 3->3->1 MB, 4 MB goal, 0 MB stacks, 0 MB globals, 8 P
gc 7706 @55.344s 3%: 0.12+0.51+0.068 ms clock, 0.98+0.64/0.64/0+0.54 ms cpu, 3->3->1 MB, 4 MB goal, 0 MB stacks, 0 MB globals, 8 P
gc 7707 @55.347s 3%: 0.077+0.41+0.10 ms clock, 0.62+0.70/0.59/0+0.82 ms cpu, 3->3->1 MB, 4 MB goal, 0 MB stacks, 0 MB globals, 8 P
gc 7708 @55.349s 3%: 0.11+1.0+0.10 ms clock, 0.91+0.62/0.64/0+0.84 ms cpu, 3->3->1 MB, 4 MB goal, 0 MB stacks, 0 MB globals, 8 P
gc 7709 @55.352s 3%: 0.14+0.58+0.040 ms clock, 1.1+0.67/0.71/0+0.32 ms cpu, 3->3->1 MB, 4 MB goal, 0 MB stacks, 0 MB globals, 8 P
gc 7710 @55.355s 3%: 0.092+0.64+0.10 ms clock, 0.74+0.75/0.60/0+0.83 ms cpu, 3->3->1 MB, 4 MB goal, 0 MB stacks, 0 MB globals, 8 P
gc 7711 @55.358s 3%: 0.089+1.3+0.10 ms clock, 0.71+0.62/0.62/0+0.81 ms cpu, 3->4->1 MB, 4 MB goal, 0 MB stacks, 0 MB globals, 8 P
gc 7712 @55.361s 3%: 0.12+0.49+0.060 ms clock, 1.0+0.56/0.70/0+0.48 ms cpu, 3->3->1 MB, 4 MB goal, 0 MB stacks, 0 MB globals, 8 P
gc 7713 @55.364s 3%: 0.11+0.45+0.057 ms clock, 0.90+0.55/0.61/0+0.45 ms cpu, 3->3->1 MB, 4 MB goal, 0 MB stacks, 0 MB globals, 8 P
gc 7714 @55.367s 3%: 0.074+0.77+0.072 ms clock, 0.59+0.52/0.63/0+0.57 ms cpu, 3->3->1 MB, 4 MB goal, 0 MB stacks, 0 MB globals, 8 P
gc 7715 @55.369s 3%: 0.077+0.51+0.11 ms clock, 0.62+0.79/0.48/0+0.94 ms cpu, 3->3->1 MB, 4 MB goal, 0 MB stacks, 0 MB globals, 8 P
gc 7716 @55.372s 3%: 0.11+0.46+0.11 ms clock, 0.92+0.70/0.55/0+0.95 ms cpu, 3->3->1 MB, 4 MB goal, 0 MB stacks, 0 MB globals, 8 P
gc 7717 @55.375s 3%: 0.11+0.50+0.076 ms clock, 0.93+0.64/0.62/0+0.61 ms cpu, 3->3->1 MB, 4 MB goal, 0 MB stacks, 0 MB globals, 8 P
gc 7718 @55.378s 3%: 0.15+0.50+0.10 ms clock, 1.2+0.58/0.66/0+0.83 ms cpu, 3->3->1 MB, 4 MB goal, 0 MB stacks, 0 MB globals, 8 P
gc 7719 @55.380s 3%: 0.082+0.59+0.088 ms clock, 0.66+0.51/0.59/0+0.70 ms cpu, 3->3->1 MB, 4 MB goal, 0 MB stacks, 0 MB globals, 8 P
gc 7720 @55.383s 3%: 0.087+0.44+0.061 ms clock, 0.70+0.71/0.57/0+0.49 ms cpu, 3->3->1 MB, 4 MB goal, 0 MB stacks, 0 MB globals, 8 P
gc 7721 @55.386s 3%: 0.073+0.87+0.053 ms clock, 0.58+0.66/0.62/0+0.43 ms cpu, 3->3->1 MB, 4 MB goal, 0 MB stacks, 0 MB globals, 8 P
gc 7722 @55.389s 3%: 0.11+0.51+0.083 ms clock, 0.88+0.70/0.52/0.026+0.66 ms cpu, 3->3->1 MB, 4 MB goal, 0 MB stacks, 0 MB globals, 8 P
gc 7723 @55.392s 3%: 0.10+0.54+0.12 ms clock, 0.86+0.65/0.59/0+1.0 ms cpu, 3->3->1 MB, 4 MB goal, 0 MB stacks, 0 MB globals, 8 P
gc 7724 @55.394s 3%: 0.076+0.54+0.058 ms clock, 0.61+0.62/0.57/0+0.46 ms cpu, 3->3->1 MB, 4 MB goal, 0 MB stacks, 0 MB globals, 8 P
gc 7725 @55.397s 3%: 0.12+0.86+0.075 ms clock, 0.98+0.67/0.54/0+0.60 ms cpu, 3->3->1 MB, 4 MB goal, 0 MB stacks, 0 MB globals, 8 P
gc 7726 @55.400s 3%: 0.077+0.42+0.098 ms clock, 0.61+0.74/0.45/0+0.78 ms cpu, 3->3->1 MB, 4 MB goal, 0 MB stacks, 0 MB globals, 8 P
gc 7727 @55.403s 3%: 0.098+0.50+0.083 ms clock, 0.78+0.62/0.55/0+0.66 ms cpu, 3->3->1 MB, 4 MB goal, 0 MB stacks, 0 MB globals, 8 P
gc 7728 @55.405s 3%: 0.076+0.69+0.082 ms clock, 0.61+0.67/0.54/0+0.66 ms cpu, 3->3->1 MB, 4 MB goal, 0 MB stacks, 0 MB globals, 8 P
gc 7729 @55.408s 3%: 0.084+0.50+0.10 ms clock, 0.67+0.60/0.56/0+0.83 ms cpu, 3->3->1 MB, 4 MB goal, 0 MB stacks, 0 MB globals, 8 P
gc 7730 @55.411s 3%: 0.10+0.45+0.10 ms clock, 0.81+0.63/0.61/0+0.83 ms cpu, 3->3->1 MB, 4 MB goal, 0 MB stacks, 0 MB globals, 8 P
gc 7731 @55.414s 3%: 0.10+0.66+0.086 ms clock, 0.83+0.73/0.50/0+0.68 ms cpu, 3->3->1 MB, 4 MB goal, 0 MB stacks, 0 MB globals, 8 P
gc 7732 @55.416s 3%: 0.083+0.47+0.093 ms clock, 0.66+0.65/0.59/0+0.75 ms cpu, 3->3->1 MB, 4 MB goal, 0 MB stacks, 0 MB globals, 8 P
gc 7733 @55.419s 3%: 0.12+0.56+0.059 ms clock, 1.0+0.66/0.62/0+0.47 ms cpu, 3->3->1 MB, 4 MB goal, 0 MB stacks, 0 MB globals, 8 P
gc 7734 @55.422s 3%: 0.11+0.43+0.055 ms clock, 0.94+0.60/0.64/0+0.44 ms cpu, 3->3->1 MB, 4 MB goal, 0 MB stacks, 0 MB globals, 8 P
gc 7735 @55.425s 3%: 0.13+0.60+0.081 ms clock, 1.0+0.65/0.55/0+0.65 ms cpu, 3->3->1 MB, 4 MB goal, 0 MB stacks, 0 MB globals, 8 P
gc 7736 @55.428s 3%: 0.099+0.39+0.076 ms clock, 0.79+0.71/0.56/0+0.61 ms cpu, 3->3->1 MB, 4 MB goal, 0 MB stacks, 0 MB globals, 8 P
gc 7737 @55.430s 3%: 0.099+0.44+0.088 ms clock, 0.79+0.68/0.60/0+0.71 ms cpu, 3->3->1 MB, 4 MB goal, 0 MB stacks, 0 MB globals, 8 P
gc 7738 @55.433s 3%: 0.10+0.50+0.090 ms clock, 0.82+0.55/0.58/0+0.72 ms cpu, 3->3->1 MB, 4 MB goal, 0 MB stacks, 0 MB globals, 8 P
gc 7739 @55.436s 3%: 0.12+0.57+0.083 ms clock, 0.96+0.63/0.65/0+0.66 ms cpu, 3->3->1 MB, 4 MB goal, 0 MB stacks, 0 MB globals, 8 P
gc 7740 @55.439s 3%: 0.097+0.49+0.053 ms clock, 0.78+0.64/0.67/0+0.42 ms cpu, 3->3->1 MB, 4 MB goal, 0 MB stacks, 0 MB globals, 8 P
gc 7741 @55.441s 3%: 0.070+0.69+0.14 ms clock, 0.56+0.70/0.54/0+1.1 ms cpu, 3->3->1 MB, 4 MB goal, 0 MB stacks, 0 MB globals, 8 P
gc 7742 @55.444s 3%: 0.072+0.68+0.10 ms clock, 0.57+0.67/0.71/0+0.87 ms cpu, 3->3->1 MB, 4 MB goal, 0 MB stacks, 0 MB globals, 8 P
gc 7743 @55.447s 3%: 0.13+0.53+0.071 ms clock, 1.0+0.71/0.54/0+0.57 ms cpu, 3->3->1 MB, 4 MB goal, 0 MB stacks, 0 MB globals, 8 P
gc 7744 @55.450s 3%: 0.12+0.49+0.085 ms clock, 0.97+0.65/0.67/0+0.68 ms cpu, 3->3->1 MB, 4 MB goal, 0 MB stacks, 0 MB globals, 8 P
gc 7745 @55.453s 3%: 0.090+0.52+0.10 ms clock, 0.72+0.66/0.62/0+0.83 ms cpu, 3->3->1 MB, 4 MB goal, 0 MB stacks, 0 MB globals, 8 P
gc 7746 @55.455s 3%: 0.079+0.47+0.064 ms clock, 0.63+0.62/0.62/0+0.51 ms cpu, 3->3->1 MB, 4 MB goal, 0 MB stacks, 0 MB globals, 8 P
gc 7747 @55.458s 3%: 0.083+0.76+0.032 ms clock, 0.66+0.61/0.55/0+0.26 ms cpu, 3->3->1 MB, 4 MB goal, 0 MB stacks, 0 MB globals, 8 P
gc 7748 @55.461s 3%: 0.098+0.48+0.10 ms clock, 0.78+0.60/0.56/0+0.80 ms cpu, 3->3->1 MB, 4 MB goal, 0 MB stacks, 0 MB globals, 8 P
gc 7749 @55.464s 3%: 0.099+0.48+0.11 ms clock, 0.79+0.60/0.65/0+0.90 ms cpu, 3->3->1 MB, 4 MB goal, 0 MB stacks, 0 MB globals, 8 P
gc 7750 @55.466s 3%: 0.11+0.39+0.12 ms clock, 0.88+0.70/0.57/0+0.99 ms cpu, 3->3->1 MB, 4 MB goal, 0 MB stacks, 0 MB globals, 8 P
gc 7751 @55.469s 3%: 0.084+0.69+0.061 ms clock, 0.67+0.74/0.56/0+0.49 ms cpu, 3->3->1 MB, 4 MB goal, 0 MB stacks, 0 MB globals, 8 P
gc 7752 @55.472s 3%: 0.12+0.41+0.070 ms clock, 0.96+0.65/0.58/0+0.56 ms cpu, 3->3->1 MB, 4 MB goal, 0 MB stacks, 0 MB globals, 8 P
gc 7753 @55.475s 3%: 0.076+0.41+0.063 ms clock, 0.61+0.61/0.61/0+0.51 ms cpu, 3->3->1 MB, 4 MB goal, 0 MB stacks, 0 MB globals, 8 P
gc 7754 @55.477s 3%: 0.085+0.74+0.11 ms clock, 0.68+0.69/0.68/0+0.95 ms cpu, 3->3->1 MB, 4 MB goal, 0 MB stacks, 0 MB globals, 8 P
gc 7755 @55.480s 3%: 0.11+0.60+0.095 ms clock, 0.94+0.61/0.74/0+0.76 ms cpu, 3->3->1 MB, 4 MB goal, 0 MB stacks, 0 MB globals, 8 P
gc 7756 @55.483s 3%: 0.090+0.78+0.10 ms clock, 0.72+0.64/0.60/0+0.85 ms cpu, 3->3->1 MB, 4 MB goal, 0 MB stacks, 0 MB globals, 8 P
gc 7757 @55.486s 3%: 0.093+1.1+0.073 ms clock, 0.74+0.58/0.63/0+0.58 ms cpu, 3->4->1 MB, 4 MB goal, 0 MB stacks, 0 MB globals, 8 P
gc 7758 @55.489s 3%: 0.058+0.40+0.12 ms clock, 0.47+0.60/0.61/0+0.98 ms cpu, 3->3->1 MB, 4 MB goal, 0 MB stacks, 0 MB globals, 8 P
gc 7759 @55.492s 3%: 0.10+0.42+0.065 ms clock, 0.85+0.68/0.56/0+0.52 ms cpu, 3->3->1 MB, 4 MB goal, 0 MB stacks, 0 MB globals, 8 P
gc 7760 @55.494s 3%: 0.12+0.55+0.068 ms clock, 0.97+0.66/0.69/0+0.54 ms cpu, 3->3->1 MB, 4 MB goal, 0 MB stacks, 0 MB globals, 8 P
gc 7761 @55.497s 3%: 0.12+0.72+0.071 ms clock, 0.96+0.66/0.71/0+0.57 ms cpu, 3->3->1 MB, 4 MB goal, 0 MB stacks, 0 MB globals, 8 P
gc 7762 @55.500s 3%: 0.085+0.52+0.095 ms clock, 0.68+0.49/0.66/0+0.76 ms cpu, 3->3->1 MB, 4 MB goal, 0 MB stacks, 0 MB globals, 8 P
gc 7763 @55.503s 3%: 0.095+0.83+0.063 ms clock, 0.76+0.68/0.58/0+0.50 ms cpu, 3->3->1 MB, 4 MB goal, 0 MB stacks, 0 MB globals, 8 P
gc 7764 @55.506s 3%: 0.11+0.46+0.10 ms clock, 0.93+0.81/0.55/0+0.85 ms cpu, 3->3->1 MB, 4 MB goal, 0 MB stacks, 0 MB globals, 8 P
gc 7765 @55.509s 3%: 0.071+0.80+0.052 ms clock, 0.57+0.68/0.64/0+0.42 ms cpu, 3->3->1 MB, 4 MB goal, 0 MB stacks, 0 MB globals, 8 P
gc 7766 @55.511s 3%: 0.076+0.61+0.088 ms clock, 0.60+0.73/0.52/0+0.70 ms cpu, 3->3->1 MB, 4 MB goal, 0 MB stacks, 0 MB globals, 8 P
gc 7767 @55.514s 3%: 0.10+1.6+0.10 ms clock, 0.81+0.54/0.62/0+0.82 ms cpu, 3->4->1 MB, 4 MB goal, 0 MB stacks, 0 MB globals, 8 P
gc 7768 @55.517s 3%: 0.031+0.45+0.085 ms clock, 0.24+0.63/0.58/0+0.68 ms cpu, 3->3->1 MB, 4 MB goal, 0 MB stacks, 0 MB globals, 8 P
gc 7769 @55.520s 3%: 0.10+0.76+0.060 ms clock, 0.87+0.56/0.75/0+0.48 ms cpu, 3->3->1 MB, 4 MB goal, 0 MB stacks, 0 MB globals, 8 P
gc 7770 @55.523s 3%: 0.054+0.56+0.092 ms clock, 0.43+0.60/0.62/0+0.73 ms cpu, 3->3->1 MB, 4 MB goal, 0 MB stacks, 0 MB globals, 8 P
gc 7771 @55.525s 3%: 0.13+0.64+0.091 ms clock, 1.1+0.66/0.66/0+0.73 ms cpu, 3->3->1 MB, 4 MB goal, 0 MB stacks, 0 MB globals, 8 P
gc 7772 @55.528s 3%: 0.10+0.40+0.092 ms clock, 0.83+0.63/0.59/0+0.73 ms cpu, 3->3->1 MB, 4 MB goal, 0 MB stacks, 0 MB globals, 8 P
gc 7773 @55.531s 3%: 0.12+0.63+0.10 ms clock, 1.0+0.60/0.68/0+0.86 ms cpu, 3->3->1 MB, 4 MB goal, 0 MB stacks, 0 MB globals, 8 P
gc 7774 @55.534s 3%: 0.093+0.51+0.093 ms clock, 0.74+0.62/0.57/0+0.74 ms cpu, 3->3->1 MB, 4 MB goal, 0 MB stacks, 0 MB globals, 8 P
gc 7775 @55.536s 3%: 0.089+0.59+0.084 ms clock, 0.71+0.68/0.60/0+0.67 ms cpu, 3->3->1 MB, 4 MB goal, 0 MB stacks, 0 MB globals, 8 P
gc 7776 @55.539s 3%: 0.10+0.41+0.13 ms clock, 0.80+0.65/0.61/0+1.1 ms cpu, 3->3->1 MB, 4 MB goal, 0 MB stacks, 0 MB globals, 8 P
gc 7777 @55.542s 3%: 0.12+0.53+0.10 ms clock, 0.97+0.66/0.71/0+0.81 ms cpu, 3->3->1 MB, 4 MB goal, 0 MB stacks, 0 MB globals, 8 P
gc 7778 @55.545s 3%: 0.10+0.41+0.058 ms clock, 0.80+0.79/0.50/0+0.46 ms cpu, 3->3->1 MB, 4 MB goal, 0 MB stacks, 0 MB globals, 8 P
gc 7779 @55.547s 3%: 0.094+0.65+0.11 ms clock, 0.75+0.61/0.67/0+0.89 ms cpu, 3->3->1 MB, 4 MB goal, 0 MB stacks, 0 MB globals, 8 P
gc 7780 @55.550s 3%: 0.091+0.48+0.073 ms clock, 0.72+0.72/0.50/0+0.58 ms cpu, 3->3->1 MB, 4 MB goal, 0 MB stacks, 0 MB globals, 8 P
gc 7781 @55.553s 3%: 0.11+0.45+0.054 ms clock, 0.88+0.68/0.63/0+0.43 ms cpu, 3->3->1 MB, 4 MB goal, 0 MB stacks, 0 MB globals, 8 P
gc 7782 @55.556s 3%: 0.086+0.48+0.059 ms clock, 0.69+0.66/0.60/0+0.47 ms cpu, 3->3->1 MB, 4 MB goal, 0 MB stacks, 0 MB globals, 8 P
gc 7783 @55.558s 3%: 0.059+0.52+0.087 ms clock, 0.47+0.62/0.67/0+0.69 ms cpu, 3->3->1 MB, 4 MB goal, 0 MB stacks, 0 MB globals, 8 P
gc 7784 @55.561s 3%: 0.077+0.74+0.077 ms clock, 0.62+0.68/0.65/0+0.61 ms cpu, 3->3->1 MB, 4 MB goal, 0 MB stacks, 0 MB globals, 8 P
gc 7785 @55.564s 3%: 0.089+0.52+0.097 ms clock, 0.71+0.68/0.58/0+0.78 ms cpu, 3->3->1 MB, 4 MB goal, 0 MB stacks, 0 MB globals, 8 P
gc 7786 @55.567s 3%: 0.086+0.44+0.066 ms clock, 0.69+0.75/0.55/0+0.52 ms cpu, 3->3->1 MB, 4 MB goal, 0 MB stacks, 0 MB globals, 8 P
gc 7787 @55.569s 3%: 0.096+0.51+0.088 ms clock, 0.77+0.58/0.60/0+0.70 ms cpu, 3->3->1 MB, 4 MB goal, 0 MB stacks, 0 MB globals, 8 P
gc 7788 @55.572s 3%: 0.10+0.43+0.064 ms clock, 0.81+0.67/0.61/0+0.51 ms cpu, 3->3->1 MB, 4 MB goal, 0 MB stacks, 0 MB globals, 8 P
gc 7789 @55.575s 3%: 0.12+0.48+0.086 ms clock, 1.0+0.66/0.57/0+0.69 ms cpu, 3->3->1 MB, 4 MB goal, 0 MB stacks, 0 MB globals, 8 P
gc 7790 @55.578s 3%: 0.10+0.64+0.11 ms clock, 0.81+0.57/0.64/0+0.88 ms cpu, 3->3->1 MB, 4 MB goal, 0 MB stacks, 0 MB globals, 8 P
gc 7791 @55.580s 3%: 0.10+0.51+0.076 ms clock, 0.86+0.64/0.61/0+0.61 ms cpu, 3->3->1 MB, 4 MB goal, 0 MB stacks, 0 MB globals, 8 P
gc 7792 @55.583s 3%: 0.10+0.48+0.11 ms clock, 0.86+0.63/0.60/0+0.93 ms cpu, 3->3->1 MB, 4 MB goal, 0 MB stacks, 0 MB globals, 8 P
gc 7793 @55.586s 3%: 0.073+0.36+0.037 ms clock, 0.58+0.70/0.50/0+0.30 ms cpu, 3->3->1 MB, 4 MB goal, 0 MB stacks, 0 MB globals, 8 P
gc 7794 @55.589s 3%: 0.12+0.44+0.10 ms clock, 0.98+0.62/0.66/0+0.87 ms cpu, 3->3->1 MB, 4 MB goal, 0 MB stacks, 0 MB globals, 8 P
gc 7795 @55.591s 3%: 0.10+0.47+0.039 ms clock, 0.86+0.64/0.71/0+0.31 ms cpu, 3->3->1 MB, 4 MB goal, 0 MB stacks, 0 MB globals, 8 P
gc 7796 @55.594s 3%: 0.092+0.53+0.10 ms clock, 0.73+0.60/0.66/0+0.81 ms cpu, 3->3->1 MB, 4 MB goal, 0 MB stacks, 0 MB globals, 8 P
gc 7797 @55.597s 3%: 0.099+0.60+0.086 ms clock, 0.79+0.63/0.64/0+0.69 ms cpu, 3->3->1 MB, 4 MB goal, 0 MB stacks, 0 MB globals, 8 P
gc 7798 @55.600s 3%: 0.10+0.81+0.096 ms clock, 0.80+0.63/0.68/0+0.77 ms cpu, 3->3->1 MB, 4 MB goal, 0 MB stacks, 0 MB globals, 8 P
gc 7799 @55.603s 3%: 0.11+0.42+0.087 ms clock, 0.90+0.58/0.58/0+0.69 ms cpu, 3->3->1 MB, 4 MB goal, 0 MB stacks, 0 MB globals, 8 P
gc 7800 @55.605s 3%: 0.14+0.66+0.10 ms clock, 1.1+0.57/0.79/0+0.82 ms cpu, 3->3->1 MB, 4 MB goal, 0 MB stacks, 0 MB globals, 8 P
gc 7801 @55.608s 3%: 0.10+0.53+0.092 ms clock, 0.83+0.69/0.69/0+0.74 ms cpu, 3->3->1 MB, 4 MB goal, 0 MB stacks, 0 MB globals, 8 P
gc 7802 @55.611s 3%: 0.096+0.45+0.032 ms clock, 0.76+0.71/0.57/0+0.26 ms cpu, 3->3->1 MB, 4 MB goal, 0 MB stacks, 0 MB globals, 8 P
gc 7803 @55.614s 3%: 0.12+0.50+0.10 ms clock, 0.96+0.66/0.60/0+0.81 ms cpu, 3->3->1 MB, 4 MB goal, 0 MB stacks, 0 MB globals, 8 P
gc 7804 @55.616s 3%: 0.077+0.46+0.073 ms clock, 0.62+0.62/0.62/0+0.58 ms cpu, 3->3->1 MB, 4 MB goal, 0 MB stacks, 0 MB globals, 8 P
gc 7805 @55.619s 3%: 0.095+0.52+0.11 ms clock, 0.76+0.66/0.67/0+0.90 ms cpu, 3->3->1 MB, 4 MB goal, 0 MB stacks, 0 MB globals, 8 P
gc 7806 @55.622s 3%: 0.11+0.47+0.069 ms clock, 0.93+0.59/0.61/0+0.55 ms cpu, 3->3->1 MB, 4 MB goal, 0 MB stacks, 0 MB globals, 8 P
gc 7807 @55.625s 3%: 0.077+0.56+0.049 ms clock, 0.62+0.65/0.66/0+0.39 ms cpu, 3->3->1 MB, 4 MB goal, 0 MB stacks, 0 MB globals, 8 P
gc 7808 @55.627s 3%: 0.13+0.49+0.086 ms clock, 1.0+0.72/0.63/0+0.69 ms cpu, 3->3->1 MB, 4 MB goal, 0 MB stacks, 0 MB globals, 8 P
gc 7809 @55.630s 3%: 0.11+0.73+0.098 ms clock, 0.93+0.69/0.59/0+0.78 ms cpu, 3->3->1 MB, 4 MB goal, 0 MB stacks, 0 MB globals, 8 P
gc 7810 @55.633s 3%: 0.11+0.87+0.064 ms clock, 0.91+0.72/0.55/0+0.51 ms cpu, 3->3->1 MB, 4 MB goal, 0 MB stacks, 0 MB globals, 8 P
gc 7811 @55.636s 3%: 0.14+0.55+0.090 ms clock, 1.1+0.59/0.63/0+0.72 ms cpu, 3->3->1 MB, 4 MB goal, 0 MB stacks, 0 MB globals, 8 P
gc 7812 @55.639s 3%: 0.079+0.63+0.056 ms clock, 0.63+0.75/0.58/0+0.45 ms cpu, 3->3->1 MB, 4 MB goal, 0 MB stacks, 0 MB globals, 8 P
gc 7813 @55.642s 3%: 0.094+0.76+0.086 ms clock, 0.75+0.61/0.66/0+0.69 ms cpu, 3->3->1 MB, 4 MB goal, 0 MB stacks, 0 MB globals, 8 P
gc 7814 @55.644s 3%: 0.11+0.77+0.15 ms clock, 0.88+0.50/0.63/0+1.2 ms cpu, 3->4->1 MB, 4 MB goal, 0 MB stacks, 0 MB globals, 8 P
gc 7815 @55.647s 3%: 0.12+0.81+0.084 ms clock, 0.99+0.59/0.54/0+0.67 ms cpu, 3->3->1 MB, 4 MB goal, 0 MB stacks, 0 MB globals, 8 P
gc 7816 @55.650s 3%: 0.080+0.45+0.10 ms clock, 0.64+0.66/0.58/0+0.81 ms cpu, 3->3->1 MB, 4 MB goal, 0 MB stacks, 0 MB globals, 8 P
gc 7817 @55.653s 3%: 0.16+0.79+0.12 ms clock, 1.3+0.64/0.59/0+1.0 ms cpu, 3->3->1 MB, 4 MB goal, 0 MB stacks, 0 MB globals, 8 P
gc 7818 @55.656s 3%: 0.10+0.42+0.075 ms clock, 0.82+0.62/0.58/0+0.60 ms cpu, 3->3->1 MB, 4 MB goal, 0 MB stacks, 0 MB globals, 8 P
gc 7819 @55.659s 3%: 0.10+0.51+0.077 ms clock, 0.87+0.59/0.62/0+0.62 ms cpu, 3->3->1 MB, 4 MB goal, 0 MB stacks, 0 MB globals, 8 P
gc 7820 @55.661s 3%: 0.098+0.81+0.071 ms clock, 0.78+1.2/0.67/0+0.57 ms cpu, 3->3->1 MB, 4 MB goal, 0 MB stacks, 0 MB globals, 8 P
gc 7821 @55.664s 3%: 0.10+0.48+0.045 ms clock, 0.81+0.63/0.68/0+0.36 ms cpu, 3->3->1 MB, 4 MB goal, 0 MB stacks, 0 MB globals, 8 P
gc 7822 @55.667s 3%: 0.12+0.60+0.084 ms clock, 1.0+0.64/0.68/0+0.67 ms cpu, 3->3->1 MB, 4 MB goal, 0 MB stacks, 0 MB globals, 8 P
gc 7823 @55.670s 3%: 0.066+0.55+0.11 ms clock, 0.53+0.54/0.66/0+0.93 ms cpu, 3->3->1 MB, 4 MB goal, 0 MB stacks, 0 MB globals, 8 P
gc 7824 @55.672s 3%: 0.11+0.98+0.099 ms clock, 0.88+0.70/0.67/0+0.79 ms cpu, 3->3->1 MB, 4 MB goal, 0 MB stacks, 0 MB globals, 8 P
gc 7825 @55.675s 3%: 0.082+0.55+0.098 ms clock, 0.65+0.68/0.57/0+0.78 ms cpu, 3->3->1 MB, 4 MB goal, 0 MB stacks, 0 MB globals, 8 P
gc 7826 @55.678s 3%: 0.11+0.46+0.095 ms clock, 0.88+0.68/0.66/0+0.76 ms cpu, 3->3->1 MB, 4 MB goal, 0 MB stacks, 0 MB globals, 8 P
gc 7827 @55.681s 3%: 0.12+0.51+0.11 ms clock, 0.97+0.72/0.49/0+0.88 ms cpu, 3->3->1 MB, 4 MB goal, 0 MB stacks, 0 MB globals, 8 P
gc 7828 @55.684s 3%: 0.13+0.81+0.072 ms clock, 1.0+0.68/0.53/0+0.57 ms cpu, 3->3->1 MB, 4 MB goal, 0 MB stacks, 0 MB globals, 8 P
gc 7829 @55.687s 3%: 0.12+0.53+0.077 ms clock, 0.96+0.52/0.54/0+0.61 ms cpu, 3->3->1 MB, 4 MB goal, 0 MB stacks, 0 MB globals, 8 P
gc 7830 @55.689s 3%: 0.14+0.71+0.067 ms clock, 1.1+0.57/0.61/0+0.54 ms cpu, 3->3->1 MB, 4 MB goal, 0 MB stacks, 0 MB globals, 8 P
gc 7831 @55.692s 3%: 0.096+0.54+0.055 ms clock, 0.77+0.61/0.67/0+0.44 ms cpu, 3->3->1 MB, 4 MB goal, 0 MB stacks, 0 MB globals, 8 P
gc 7832 @55.695s 3%: 0.12+0.65+0.095 ms clock, 0.97+0.64/0.68/0+0.76 ms cpu, 3->3->1 MB, 4 MB goal, 0 MB stacks, 0 MB globals, 8 P
gc 7833 @55.698s 3%: 0.090+0.57+0.10 ms clock, 0.72+0.69/0.58/0+0.82 ms cpu, 3->3->1 MB, 4 MB goal, 0 MB stacks, 0 MB globals, 8 P
gc 7834 @55.701s 3%: 0.10+0.56+0.067 ms clock, 0.80+0.57/0.66/0+0.54 ms cpu, 3->3->1 MB, 4 MB goal, 0 MB stacks, 0 MB globals, 8 P
gc 7835 @55.703s 3%: 0.10+0.51+0.090 ms clock, 0.81+0.66/0.59/0+0.72 ms cpu, 3->3->1 MB, 4 MB goal, 0 MB stacks, 0 MB globals, 8 P
gc 7836 @55.706s 3%: 0.083+0.53+0.075 ms clock, 0.66+0.53/0.65/0+0.60 ms cpu, 3->3->1 MB, 4 MB goal, 0 MB stacks, 0 MB globals, 8 P
gc 7837 @55.709s 3%: 0.12+0.51+0.087 ms clock, 0.97+0.65/0.65/0+0.69 ms cpu, 3->3->1 MB, 4 MB goal, 0 MB stacks, 0 MB globals, 8 P
gc 7838 @55.712s 3%: 0.092+0.65+0.086 ms clock, 0.74+0.70/0.60/0+0.69 ms cpu, 3->3->1 MB, 4 MB goal, 0 MB stacks, 0 MB globals, 8 P
gc 7839 @55.714s 3%: 0.10+0.39+0.081 ms clock, 0.86+0.71/0.56/0+0.64 ms cpu, 3->3->1 MB, 4 MB goal, 0 MB stacks, 0 MB globals, 8 P
gc 7840 @55.717s 3%: 0.091+0.43+0.12 ms clock, 0.73+0.72/0.59/0+0.96 ms cpu, 3->3->1 MB, 4 MB goal, 0 MB stacks, 0 MB globals, 8 P
gc 7841 @55.720s 3%: 0.15+0.70+0.087 ms clock, 1.2+0.76/0.63/0+0.69 ms cpu, 3->3->1 MB, 4 MB goal, 0 MB stacks, 0 MB globals, 8 P
gc 7842 @55.723s 3%: 0.12+0.41+0.10 ms clock, 1.0+0.58/0.53/0+0.83 ms cpu, 3->3->1 MB, 4 MB goal, 0 MB stacks, 0 MB globals, 8 P
gc 7843 @55.725s 3%: 0.17+0.37+0.082 ms clock, 1.3+0.75/0.48/0+0.66 ms cpu, 3->3->1 MB, 4 MB goal, 0 MB stacks, 0 MB globals, 8 P
gc 7844 @55.728s 3%: 0.080+0.47+0.082 ms clock, 0.64+0.63/0.61/0+0.65 ms cpu, 3->3->1 MB, 4 MB goal, 0 MB stacks, 0 MB globals, 8 P
gc 7845 @55.731s 3%: 0.091+0.62+0.084 ms clock, 0.73+0.61/0.65/0+0.67 ms cpu, 3->3->1 MB, 4 MB goal, 0 MB stacks, 0 MB globals, 8 P
gc 7846 @55.734s 3%: 0.090+0.51+0.059 ms clock, 0.72+0.73/0.58/0.007+0.47 ms cpu, 3->3->1 MB, 4 MB goal, 0 MB stacks, 0 MB globals, 8 P
gc 7847 @55.736s 3%: 0.10+0.58+0.085 ms clock, 0.80+0.65/0.73/0+0.68 ms cpu, 3->3->1 MB, 4 MB goal, 0 MB stacks, 0 MB globals, 8 P
gc 7848 @55.739s 3%: 0.10+0.50+0.11 ms clock, 0.85+0.70/0.62/0+0.95 ms cpu, 3->3->1 MB, 4 MB goal, 0 MB stacks, 0 MB globals, 8 P
gc 7849 @55.742s 3%: 0.11+0.63+0.096 ms clock, 0.90+0.68/0.63/0+0.76 ms cpu, 3->3->1 MB, 4 MB goal, 0 MB stacks, 0 MB globals, 8 P
gc 7850 @55.745s 3%: 0.099+0.80+0.050 ms clock, 0.79+0.56/0.61/0+0.40 ms cpu, 3->3->1 MB, 4 MB goal, 0 MB stacks, 0 MB globals, 8 P
gc 7851 @55.748s 3%: 0.093+0.43+0.089 ms clock, 0.74+0.63/0.60/0+0.71 ms cpu, 3->3->1 MB, 4 MB goal, 0 MB stacks, 0 MB globals, 8 P
gc 7852 @55.750s 3%: 0.049+0.48+0.085 ms clock, 0.39+0.63/0.62/0+0.68 ms cpu, 3->3->1 MB, 4 MB goal, 0 MB stacks, 0 MB globals, 8 P
gc 7853 @55.753s 3%: 0.12+0.64+0.096 ms clock, 1.0+0.58/0.65/0+0.77 ms cpu, 3->3->1 MB, 4 MB goal, 0 MB stacks, 0 MB globals, 8 P
gc 7854 @55.756s 3%: 0.088+0.47+0.11 ms clock, 0.70+0.76/0.50/0+0.94 ms cpu, 3->3->1 MB, 4 MB goal, 0 MB stacks, 0 MB globals, 8 P
gc 7855 @55.759s 3%: 0.13+0.48+0.095 ms clock, 1.0+0.65/0.61/0+0.76 ms cpu, 3->3->1 MB, 4 MB goal, 0 MB stacks, 0 MB globals, 8 P
gc 7856 @55.761s 3%: 0.068+0.49+0.083 ms clock, 0.54+0.65/0.61/0+0.66 ms cpu, 3->3->1 MB, 4 MB goal, 0 MB stacks, 0 MB globals, 8 P
gc 7857 @55.764s 3%: 0.10+0.52+0.081 ms clock, 0.82+0.63/0.57/0+0.65 ms cpu, 3->3->1 MB, 4 MB goal, 0 MB stacks, 0 MB globals, 8 P
gc 7858 @55.767s 3%: 0.065+0.47+0.075 ms clock, 0.52+0.67/0.57/0+0.60 ms cpu, 3->3->1 MB, 4 MB goal, 0 MB stacks, 0 MB globals, 8 P
gc 7859 @55.770s 3%: 0.11+0.61+0.087 ms clock, 0.90+0.56/0.68/0+0.70 ms cpu, 3->3->1 MB, 4 MB goal, 0 MB stacks, 0 MB globals, 8 P
gc 7860 @55.772s 3%: 0.090+0.60+0.096 ms clock, 0.72+0.71/0.57/0+0.77 ms cpu, 3->3->1 MB, 4 MB goal, 0 MB stacks, 0 MB globals, 8 P
gc 7861 @55.775s 3%: 0.11+0.50+0.035 ms clock, 0.92+0.54/0.71/0+0.28 ms cpu, 3->3->1 MB, 4 MB goal, 0 MB stacks, 0 MB globals, 8 P
gc 7862 @55.778s 3%: 0.13+0.58+0.077 ms clock, 1.0+0.62/0.73/0+0.61 ms cpu, 3->3->1 MB, 4 MB goal, 0 MB stacks, 0 MB globals, 8 P
gc 7863 @55.781s 3%: 0.067+0.90+0.078 ms clock, 0.53+0.56/0.57/0+0.62 ms cpu, 3->3->1 MB, 4 MB goal, 0 MB stacks, 0 MB globals, 8 P
gc 7864 @55.784s 3%: 0.047+0.64+0.091 ms clock, 0.37+0.70/0.62/0+0.73 ms cpu, 3->3->1 MB, 4 MB goal, 0 MB stacks, 0 MB globals, 8 P
gc 7865 @55.786s 3%: 0.084+0.52+0.096 ms clock, 0.67+0.69/0.57/0+0.77 ms cpu, 3->3->1 MB, 4 MB goal, 0 MB stacks, 0 MB globals, 8 P
gc 7866 @55.789s 3%: 0.12+0.55+0.078 ms clock, 0.97+0.56/0.64/0+0.62 ms cpu, 3->3->1 MB, 4 MB goal, 0 MB stacks, 0 MB globals, 8 P
gc 7867 @55.792s 3%: 0.097+0.42+0.084 ms clock, 0.78+0.72/0.55/0+0.67 ms cpu, 3->3->1 MB, 4 MB goal, 0 MB stacks, 0 MB globals, 8 P
gc 7868 @55.795s 3%: 0.097+0.57+0.074 ms clock, 0.77+0.69/0.65/0+0.59 ms cpu, 3->3->1 MB, 4 MB goal, 0 MB stacks, 0 MB globals, 8 P
gc 7869 @55.797s 3%: 0.091+0.46+0.093 ms clock, 0.73+0.66/0.62/0+0.75 ms cpu, 3->3->1 MB, 4 MB goal, 0 MB stacks, 0 MB globals, 8 P
gc 7870 @55.800s 3%: 0.078+0.50+0.062 ms clock, 0.63+0.75/0.58/0+0.49 ms cpu, 3->3->1 MB, 4 MB goal, 0 MB stacks, 0 MB globals, 8 P
gc 7871 @55.803s 3%: 0.11+0.56+0.075 ms clock, 0.89+0.61/0.57/0+0.60 ms cpu, 3->3->1 MB, 4 MB goal, 0 MB stacks, 0 MB globals, 8 P
gc 7872 @55.806s 3%: 0.14+0.72+0.090 ms clock, 1.1+0.63/0.61/0+0.72 ms cpu, 3->3->1 MB, 4 MB goal, 0 MB stacks, 0 MB globals, 8 P
gc 7873 @55.809s 3%: 0.10+0.72+0.076 ms clock, 0.87+0.66/0.65/0+0.61 ms cpu, 3->3->1 MB, 4 MB goal, 0 MB stacks, 0 MB globals, 8 P
gc 7874 @55.811s 3%: 0.14+0.91+0.070 ms clock, 1.1+0.65/0.65/0+0.56 ms cpu, 3->3->1 MB, 4 MB goal, 0 MB stacks, 0 MB globals, 8 P
gc 7875 @55.814s 3%: 0.092+0.54+0.095 ms clock, 0.74+0.58/0.63/0+0.76 ms cpu, 3->3->1 MB, 4 MB goal, 0 MB stacks, 0 MB globals, 8 P
gc 7876 @55.817s 3%: 0.091+0.60+0.084 ms clock, 0.73+0.68/0.60/0+0.67 ms cpu, 3->3->1 MB, 4 MB goal, 0 MB stacks, 0 MB globals, 8 P
gc 7877 @55.820s 3%: 0.094+0.54+0.070 ms clock, 0.75+0.64/0.63/0+0.56 ms cpu, 3->3->1 MB, 4 MB goal, 0 MB stacks, 0 MB globals, 8 P
gc 7878 @55.823s 3%: 0.13+0.43+0.092 ms clock, 1.0+0.44/0.66/0+0.74 ms cpu, 3->3->1 MB, 4 MB goal, 0 MB stacks, 0 MB globals, 8 P
gc 7879 @55.825s 3%: 0.10+1.0+0.096 ms clock, 0.85+0.63/0.66/0+0.77 ms cpu, 3->4->1 MB, 4 MB goal, 0 MB stacks, 0 MB globals, 8 P
gc 7880 @55.828s 3%: 0.11+0.43+0.092 ms clock, 0.95+0.69/0.52/0+0.74 ms cpu, 3->3->1 MB, 4 MB goal, 0 MB stacks, 0 MB globals, 8 P
gc 7881 @55.831s 3%: 0.10+0.54+0.093 ms clock, 0.87+0.66/0.65/0+0.74 ms cpu, 3->3->1 MB, 4 MB goal, 0 MB stacks, 0 MB globals, 8 P
gc 7882 @55.834s 3%: 0.12+0.73+0.10 ms clock, 0.97+0.68/0.70/0+0.80 ms cpu, 3->3->1 MB, 4 MB goal, 0 MB stacks, 0 MB globals, 8 P
gc 7883 @55.837s 3%: 0.099+0.49+0.054 ms clock, 0.79+0.65/0.71/0+0.43 ms cpu, 3->3->1 MB, 4 MB goal, 0 MB stacks, 0 MB globals, 8 P
gc 7884 @55.840s 3%: 0.10+0.49+0.12 ms clock, 0.83+0.65/0.60/0+0.97 ms cpu, 3->3->1 MB, 4 MB goal, 0 MB stacks, 0 MB globals, 8 P
gc 7885 @55.842s 3%: 0.090+0.60+0.089 ms clock, 0.72+0.61/0.66/0+0.71 ms cpu, 3->3->1 MB, 4 MB goal, 0 MB stacks, 0 MB globals, 8 P
gc 7886 @55.845s 3%: 0.10+0.51+0.088 ms clock, 0.82+0.69/0.62/0+0.70 ms cpu, 3->3->1 MB, 4 MB goal, 0 MB stacks, 0 MB globals, 8 P
gc 7887 @55.848s 3%: 0.089+0.68+0.072 ms clock, 0.71+0.49/0.68/0+0.58 ms cpu, 3->3->1 MB, 4 MB goal, 0 MB stacks, 0 MB globals, 8 P
gc 7888 @55.851s 3%: 0.071+0.51+0.11 ms clock, 0.57+0.71/0.65/0+0.92 ms cpu, 3->3->1 MB, 4 MB goal, 0 MB stacks, 0 MB globals, 8 P
gc 7889 @55.854s 3%: 0.12+0.68+0.038 ms clock, 1.0+0.57/0.63/0+0.30 ms cpu, 3->3->1 MB, 4 MB goal, 0 MB stacks, 0 MB globals, 8 P
gc 7890 @55.856s 3%: 0.11+0.50+0.061 ms clock, 0.92+0.59/0.68/0+0.49 ms cpu, 3->3->1 MB, 4 MB goal, 0 MB stacks, 0 MB globals, 8 P
gc 7891 @55.859s 3%: 0.10+0.59+0.081 ms clock, 0.81+0.57/0.61/0+0.64 ms cpu, 3->3->1 MB, 4 MB goal, 0 MB stacks, 0 MB globals, 8 P
gc 7892 @55.862s 3%: 0.086+0.63+0.046 ms clock, 0.68+0.61/0.76/0+0.37 ms cpu, 3->3->1 MB, 4 MB goal, 0 MB stacks, 0 MB globals, 8 P
gc 7893 @55.865s 3%: 0.10+0.54+0.088 ms clock, 0.86+0.55/0.60/0+0.70 ms cpu, 3->3->1 MB, 4 MB goal, 0 MB stacks, 0 MB globals, 8 P
gc 7894 @55.867s 3%: 0.11+0.49+0.092 ms clock, 0.89+0.69/0.61/0+0.73 ms cpu, 3->3->1 MB, 4 MB goal, 0 MB stacks, 0 MB globals, 8 P
gc 7895 @55.870s 3%: 0.075+0.46+0.081 ms clock, 0.60+0.77/0.53/0+0.65 ms cpu, 3->3->1 MB, 4 MB goal, 0 MB stacks, 0 MB globals, 8 P
gc 7896 @55.873s 3%: 0.10+0.49+0.11 ms clock, 0.84+0.67/0.61/0+0.89 ms cpu, 3->3->1 MB, 4 MB goal, 0 MB stacks, 0 MB globals, 8 P
gc 7897 @55.876s 3%: 0.071+0.52+0.095 ms clock, 0.57+0.80/0.52/0+0.76 ms cpu, 3->3->1 MB, 4 MB goal, 0 MB stacks, 0 MB globals, 8 P
gc 7898 @55.878s 3%: 0.080+0.48+0.057 ms clock, 0.64+0.75/0.59/0+0.45 ms cpu, 3->3->1 MB, 4 MB goal, 0 MB stacks, 0 MB globals, 8 P
gc 7899 @55.881s 3%: 0.087+0.65+0.088 ms clock, 0.70+0.61/0.67/0+0.71 ms cpu, 3->3->1 MB, 4 MB goal, 0 MB stacks, 0 MB globals, 8 P
gc 7900 @55.884s 3%: 0.096+0.70+0.10 ms clock, 0.77+0.62/0.65/0+0.83 ms cpu, 3->3->1 MB, 4 MB goal, 0 MB stacks, 0 MB globals, 8 P
gc 7901 @55.887s 3%: 0.072+0.91+0.081 ms clock, 0.57+0.68/0.60/0+0.65 ms cpu, 3->3->1 MB, 4 MB goal, 0 MB stacks, 0 MB globals, 8 P
gc 7902 @55.890s 3%: 0.076+0.77+0.068 ms clock, 0.60+0.70/0.70/0+0.55 ms cpu, 3->3->1 MB, 4 MB goal, 0 MB stacks, 0 MB globals, 8 P
gc 7903 @55.893s 3%: 0.10+0.76+0.10 ms clock, 0.80+0.71/0.55/0+0.81 ms cpu, 3->3->1 MB, 4 MB goal, 0 MB stacks, 0 MB globals, 8 P
gc 7904 @55.895s 3%: 0.091+0.56+0.081 ms clock, 0.73+0.61/0.59/0+0.65 ms cpu, 3->3->1 MB, 4 MB goal, 0 MB stacks, 0 MB globals, 8 P
gc 7905 @55.898s 3%: 0.11+0.46+0.040 ms clock, 0.89+0.63/0.51/0+0.32 ms cpu, 3->3->1 MB, 4 MB goal, 0 MB stacks, 0 MB globals, 8 P
gc 7906 @55.901s 3%: 0.10+0.56+0.099 ms clock, 0.87+0.71/0.53/0+0.79 ms cpu, 3->3->1 MB, 4 MB goal, 0 MB stacks, 0 MB globals, 8 P
gc 7907 @55.904s 3%: 0.12+0.53+0.091 ms clock, 0.97+0.58/0.65/0+0.73 ms cpu, 3->3->1 MB, 4 MB goal, 0 MB stacks, 0 MB globals, 8 P
gc 7908 @55.906s 3%: 0.095+0.46+0.10 ms clock, 0.76+0.72/0.53/0+0.83 ms cpu, 3->3->1 MB, 4 MB goal, 0 MB stacks, 0 MB globals, 8 P
gc 7909 @55.909s 3%: 0.097+0.45+0.070 ms clock, 0.77+0.65/0.60/0+0.56 ms cpu, 3->3->1 MB, 4 MB goal, 0 MB stacks, 0 MB globals, 8 P
gc 7910 @55.912s 3%: 0.11+0.50+0.086 ms clock, 0.95+0.66/0.64/0+0.69 ms cpu, 3->3->1 MB, 4 MB goal, 0 MB stacks, 0 MB globals, 8 P
gc 7911 @55.915s 3%: 0.11+0.50+0.055 ms clock, 0.92+0.68/0.67/0+0.44 ms cpu, 3->3->1 MB, 4 MB goal, 0 MB stacks, 0 MB globals, 8 P
gc 7912 @55.918s 3%: 0.078+0.52+0.10 ms clock, 0.62+0.67/0.57/0+0.81 ms cpu, 3->3->1 MB, 4 MB goal, 0 MB stacks, 0 MB globals, 8 P
gc 7913 @55.920s 3%: 0.077+0.65+0.12 ms clock, 0.61+0.70/0.60/0+0.97 ms cpu, 3->3->1 MB, 4 MB goal, 0 MB stacks, 0 MB globals, 8 P
gc 7914 @55.923s 3%: 0.088+0.67+0.10 ms clock, 0.71+0.64/0.60/0+0.82 ms cpu, 3->3->1 MB, 4 MB goal, 0 MB stacks, 0 MB globals, 8 P
gc 7915 @55.926s 3%: 0.13+0.47+0.042 ms clock, 1.0+0.62/0.60/0+0.34 ms cpu, 3->3->1 MB, 4 MB goal, 0 MB stacks, 0 MB globals, 8 P
gc 7916 @55.929s 3%: 0.13+0.46+0.096 ms clock, 1.1+0.71/0.61/0+0.76 ms cpu, 3->3->1 MB, 4 MB goal, 0 MB stacks, 0 MB globals, 8 P
gc 7917 @55.931s 3%: 0.11+0.56+0.095 ms clock, 0.93+0.63/0.68/0+0.76 ms cpu, 3->3->1 MB, 4 MB goal, 0 MB stacks, 0 MB globals, 8 P
gc 7918 @55.934s 3%: 0.089+0.55+0.061 ms clock, 0.71+0.70/0.66/0+0.49 ms cpu, 3->3->1 MB, 4 MB goal, 0 MB stacks, 0 MB globals, 8 P
gc 7919 @55.937s 3%: 0.091+0.59+0.037 ms clock, 0.73+0.68/0.73/0+0.29 ms cpu, 3->3->1 MB, 4 MB goal, 0 MB stacks, 0 MB globals, 8 P
gc 7920 @55.940s 3%: 0.071+0.62+0.098 ms clock, 0.57+0.56/0.76/0+0.78 ms cpu, 3->3->1 MB, 4 MB goal, 0 MB stacks, 0 MB globals, 8 P
gc 7921 @55.943s 3%: 0.084+0.60+0.10 ms clock, 0.67+0.58/0.66/0+0.80 ms cpu, 3->3->1 MB, 4 MB goal, 0 MB stacks, 0 MB globals, 8 P
gc 7922 @55.945s 3%: 0.072+0.61+0.042 ms clock, 0.58+0.78/0.68/0+0.33 ms cpu, 3->3->1 MB, 4 MB goal, 0 MB stacks, 0 MB globals, 8 P
gc 7923 @55.948s 3%: 0.11+0.64+0.088 ms clock, 0.89+0.64/0.56/0+0.70 ms cpu, 3->3->1 MB, 4 MB goal, 0 MB stacks, 0 MB globals, 8 P
gc 7924 @55.951s 3%: 0.096+0.88+0.084 ms clock, 0.77+0.70/0.67/0+0.67 ms cpu, 3->3->1 MB, 4 MB goal, 0 MB stacks, 0 MB globals, 8 P
gc 7925 @55.954s 3%: 0.10+0.62+0.092 ms clock, 0.82+0.64/0.76/0+0.73 ms cpu, 3->3->1 MB, 4 MB goal, 0 MB stacks, 0 MB globals, 8 P
gc 7926 @55.957s 3%: 0.085+0.46+0.078 ms clock, 0.68+0.70/0.55/0+0.62 ms cpu, 3->3->1 MB, 4 MB goal, 0 MB stacks, 0 MB globals, 8 P
gc 7927 @55.959s 3%: 0.074+0.46+0.092 ms clock, 0.59+0.63/0.64/0+0.74 ms cpu, 3->3->1 MB, 4 MB goal, 0 MB stacks, 0 MB globals, 8 P
gc 7928 @55.962s 3%: 0.10+0.55+0.12 ms clock, 0.82+0.68/0.63/0+0.97 ms cpu, 3->3->1 MB, 4 MB goal, 0 MB stacks, 0 MB globals, 8 P
gc 7929 @55.965s 3%: 0.090+0.52+0.068 ms clock, 0.72+0.71/0.61/0+0.54 ms cpu, 3->3->1 MB, 4 MB goal, 0 MB stacks, 0 MB globals, 8 P
gc 7930 @55.968s 3%: 0.11+0.78+0.079 ms clock, 0.92+0.99/0.71/0+0.63 ms cpu, 3->3->1 MB, 4 MB goal, 0 MB stacks, 0 MB globals, 8 P
gc 7931 @55.970s 3%: 0.087+0.78+0.10 ms clock, 0.69+0.70/0.59/0+0.80 ms cpu, 3->3->1 MB, 4 MB goal, 0 MB stacks, 0 MB globals, 8 P
gc 7932 @55.973s 3%: 0.11+0.74+0.081 ms clock, 0.90+0.75/0.66/0+0.65 ms cpu, 3->3->1 MB, 4 MB goal, 0 MB stacks, 0 MB globals, 8 P
gc 7933 @55.976s 3%: 0.073+0.75+0.084 ms clock, 0.58+0.53/0.62/0+0.67 ms cpu, 3->3->1 MB, 4 MB goal, 0 MB stacks, 0 MB globals, 8 P
gc 7934 @55.979s 3%: 0.13+0.51+0.11 ms clock, 1.0+0.45/0.73/0+0.91 ms cpu, 3->3->1 MB, 4 MB goal, 0 MB stacks, 0 MB globals, 8 P
gc 7935 @55.982s 3%: 0.12+0.60+0.082 ms clock, 0.96+0.56/0.64/0+0.65 ms cpu, 3->3->1 MB, 4 MB goal, 0 MB stacks, 0 MB globals, 8 P
gc 7936 @55.985s 3%: 0.091+0.40+0.058 ms clock, 0.73+0.76/0.52/0+0.46 ms cpu, 3->3->1 MB, 4 MB goal, 0 MB stacks, 0 MB globals, 8 P
gc 7937 @55.987s 3%: 0.096+0.57+0.086 ms clock, 0.77+0.73/0.59/0+0.69 ms cpu, 3->3->1 MB, 4 MB goal, 0 MB stacks, 0 MB globals, 8 P
gc 7938 @55.990s 3%: 0.057+0.45+0.095 ms clock, 0.45+0.73/0.60/0+0.76 ms cpu, 3->3->1 MB, 4 MB goal, 0 MB stacks, 0 MB globals, 8 P
gc 7939 @55.993s 3%: 0.095+0.58+0.11 ms clock, 0.76+0.68/0.67/0+0.88 ms cpu, 3->3->1 MB, 4 MB goal, 0 MB stacks, 0 MB globals, 8 P
gc 7940 @55.996s 3%: 0.083+0.47+0.097 ms clock, 0.67+0.61/0.61/0+0.77 ms cpu, 3->3->1 MB, 4 MB goal, 0 MB stacks, 0 MB globals, 8 P
gc 7941 @55.998s 3%: 0.13+0.53+0.061 ms clock, 1.0+0.63/0.62/0+0.49 ms cpu, 3->3->1 MB, 4 MB goal, 0 MB stacks, 0 MB globals, 8 P
gc 7942 @56.001s 3%: 0.099+0.82+0.047 ms clock, 0.79+0.65/0.64/0+0.38 ms cpu, 3->3->1 MB, 4 MB goal, 0 MB stacks, 0 MB globals, 8 P
gc 7943 @56.004s 3%: 0.092+0.52+0.030 ms clock, 0.73+0.77/0.58/0+0.24 ms cpu, 3->3->1 MB, 4 MB goal, 0 MB stacks, 0 MB globals, 8 P
gc 7944 @56.007s 3%: 0.087+0.78+0.12 ms clock, 0.70+0.59/0.72/0+1.0 ms cpu, 3->3->1 MB, 4 MB goal, 0 MB stacks, 0 MB globals, 8 P
gc 7945 @56.010s 3%: 0.10+0.43+0.10 ms clock, 0.82+0.67/0.55/0+0.81 ms cpu, 3->3->1 MB, 4 MB goal, 0 MB stacks, 0 MB globals, 8 P
gc 7946 @56.013s 3%: 0.15+0.54+0.082 ms clock, 1.2+0.60/0.59/0+0.65 ms cpu, 3->3->1 MB, 4 MB goal, 0 MB stacks, 0 MB globals, 8 P
gc 7947 @56.015s 3%: 0.085+0.53+0.078 ms clock, 0.68+0.64/0.67/0+0.62 ms cpu, 3->3->1 MB, 4 MB goal, 0 MB stacks, 0 MB globals, 8 P
gc 7948 @56.018s 3%: 0.098+0.79+0.088 ms clock, 0.78+0.62/0.63/0+0.70 ms cpu, 3->3->1 MB, 4 MB goal, 0 MB stacks, 0 MB globals, 8 P
gc 7949 @56.021s 3%: 0.10+0.58+0.086 ms clock, 0.81+0.69/0.71/0+0.69 ms cpu, 3->3->1 MB, 4 MB goal, 0 MB stacks, 0 MB globals, 8 P
gc 7950 @56.024s 3%: 0.13+0.74+0.073 ms clock, 1.0+0.72/0.63/0+0.58 ms cpu, 3->3->1 MB, 4 MB goal, 0 MB stacks, 0 MB globals, 8 P
gc 7951 @56.027s 3%: 0.087+0.50+0.10 ms clock, 0.70+0.58/0.62/0+0.84 ms cpu, 3->3->1 MB, 4 MB goal, 0 MB stacks, 0 MB globals, 8 P
gc 7952 @56.029s 3%: 0.11+0.53+0.10 ms clock, 0.88+0.66/0.57/0+0.80 ms cpu, 3->3->1 MB, 4 MB goal, 0 MB stacks, 0 MB globals, 8 P
gc 7953 @56.032s 3%: 0.12+0.72+0.070 ms clock, 0.96+0.60/0.67/0+0.56 ms cpu, 3->3->1 MB, 4 MB goal, 0 MB stacks, 0 MB globals, 8 P
gc 7954 @56.035s 3%: 0.069+0.53+0.091 ms clock, 0.55+0.65/0.66/0+0.72 ms cpu, 3->3->1 MB, 4 MB goal, 0 MB stacks, 0 MB globals, 8 P
gc 7955 @56.038s 3%: 0.045+0.50+0.060 ms clock, 0.36+0.52/0.61/0+0.48 ms cpu, 3->3->1 MB, 4 MB goal, 0 MB stacks, 0 MB globals, 8 P
gc 7956 @56.041s 3%: 0.11+0.53+0.066 ms clock, 0.88+0.64/0.61/0+0.52 ms cpu, 3->3->1 MB, 4 MB goal, 0 MB stacks, 0 MB globals, 8 P
gc 7957 @56.043s 3%: 0.097+0.73+0.064 ms clock, 0.77+0.69/0.62/0+0.51 ms cpu, 3->3->1 MB, 4 MB goal, 0 MB stacks, 0 MB globals, 8 P
gc 7958 @56.046s 3%: 0.088+0.91+0.065 ms clock, 0.71+0.66/0.61/0+0.52 ms cpu, 3->3->1 MB, 4 MB goal, 0 MB stacks, 0 MB globals, 8 P
gc 7959 @56.049s 3%: 0.056+0.87+0.031 ms clock, 0.45+0.63/0.65/0+0.25 ms cpu, 3->3->1 MB, 4 MB goal, 0 MB stacks, 0 MB globals, 8 P
gc 7960 @56.052s 3%: 0.13+0.68+0.11 ms clock, 1.0+0.64/0.57/0+0.93 ms cpu, 3->3->1 MB, 4 MB goal, 0 MB stacks, 0 MB globals, 8 P
gc 7961 @56.055s 3%: 0.11+0.58+0.097 ms clock, 0.90+0.67/0.63/0+0.78 ms cpu, 3->3->1 MB, 4 MB goal, 0 MB stacks, 0 MB globals, 8 P
gc 7962 @56.058s 3%: 0.095+0.46+0.066 ms clock, 0.76+0.73/0.62/0+0.53 ms cpu, 3->3->1 MB, 4 MB goal, 0 MB stacks, 0 MB globals, 8 P
gc 7963 @56.060s 3%: 0.10+0.54+0.089 ms clock, 0.82+0.62/0.63/0+0.71 ms cpu, 3->3->1 MB, 4 MB goal, 0 MB stacks, 0 MB globals, 8 P
gc 7964 @56.063s 3%: 0.069+0.45+0.047 ms clock, 0.55+0.61/0.58/0+0.37 ms cpu, 3->3->1 MB, 4 MB goal, 0 MB stacks, 0 MB globals, 8 P
gc 7965 @56.066s 3%: 0.080+0.52+0.082 ms clock, 0.64+0.68/0.64/0+0.66 ms cpu, 3->3->1 MB, 4 MB goal, 0 MB stacks, 0 MB globals, 8 P
gc 7966 @56.068s 3%: 0.10+0.64+0.063 ms clock, 0.86+0.60/0.68/0+0.51 ms cpu, 3->3->1 MB, 4 MB goal, 0 MB stacks, 0 MB globals, 8 P
gc 7967 @56.071s 3%: 0.12+0.46+0.10 ms clock, 0.96+0.75/0.59/0+0.87 ms cpu, 3->3->1 MB, 4 MB goal, 0 MB stacks, 0 MB globals, 8 P
gc 7968 @56.074s 3%: 0.077+0.39+0.069 ms clock, 0.62+0.69/0.52/0+0.55 ms cpu, 3->3->1 MB, 4 MB goal, 0 MB stacks, 0 MB globals, 8 P
gc 7969 @56.077s 3%: 0.13+0.48+0.14 ms clock, 1.0+0.58/0.65/0+1.1 ms cpu, 3->3->1 MB, 4 MB goal, 0 MB stacks, 0 MB globals, 8 P
gc 7970 @56.080s 3%: 0.10+0.54+0.080 ms clock, 0.81+0.66/0.69/0+0.64 ms cpu, 3->3->1 MB, 4 MB goal, 0 MB stacks, 0 MB globals, 8 P
gc 7971 @56.082s 3%: 0.10+0.45+0.073 ms clock, 0.84+0.68/0.56/0+0.58 ms cpu, 3->3->1 MB, 4 MB goal, 0 MB stacks, 0 MB globals, 8 P
gc 7972 @56.085s 3%: 0.086+0.48+0.064 ms clock, 0.69+0.82/0.69/0+0.51 ms cpu, 3->3->1 MB, 4 MB goal, 0 MB stacks, 0 MB globals, 8 P
gc 7973 @56.088s 3%: 0.078+0.52+0.087 ms clock, 0.62+0.74/0.65/0+0.69 ms cpu, 3->3->1 MB, 4 MB goal, 0 MB stacks, 0 MB globals, 8 P
gc 7974 @56.090s 3%: 0.073+0.63+0.082 ms clock, 0.58+0.61/0.57/0+0.66 ms cpu, 3->3->1 MB, 4 MB goal, 0 MB stacks, 0 MB globals, 8 P
gc 7975 @56.093s 3%: 0.12+0.45+0.077 ms clock, 1.0+0.68/0.65/0+0.62 ms cpu, 3->3->1 MB, 4 MB goal, 0 MB stacks, 0 MB globals, 8 P
gc 7976 @56.096s 3%: 0.094+0.62+0.10 ms clock, 0.75+0.65/0.61/0+0.86 ms cpu, 3->3->1 MB, 4 MB goal, 0 MB stacks, 0 MB globals, 8 P
gc 7977 @56.099s 3%: 0.083+0.47+0.091 ms clock, 0.66+0.71/0.61/0+0.73 ms cpu, 3->3->1 MB, 4 MB goal, 0 MB stacks, 0 MB globals, 8 P
gc 7978 @56.102s 3%: 0.12+0.64+0.070 ms clock, 1.0+0.65/0.71/0+0.56 ms cpu, 3->3->1 MB, 4 MB goal, 0 MB stacks, 0 MB globals, 8 P
gc 7979 @56.104s 3%: 0.10+0.50+0.066 ms clock, 0.81+0.67/0.59/0+0.53 ms cpu, 3->3->1 MB, 4 MB goal, 0 MB stacks, 0 MB globals, 8 P
gc 7980 @56.107s 3%: 0.12+0.50+0.10 ms clock, 0.96+0.67/0.55/0+0.81 ms cpu, 3->3->1 MB, 4 MB goal, 0 MB stacks, 0 MB globals, 8 P
gc 7981 @56.110s 3%: 0.081+0.49+0.094 ms clock, 0.65+0.63/0.60/0+0.75 ms cpu, 3->3->1 MB, 4 MB goal, 0 MB stacks, 0 MB globals, 8 P
gc 7982 @56.113s 3%: 0.095+0.43+0.035 ms clock, 0.76+0.66/0.52/0.030+0.28 ms cpu, 3->3->1 MB, 4 MB goal, 0 MB stacks, 0 MB globals, 8 P
gc 7983 @56.115s 3%: 0.10+0.58+0.11 ms clock, 0.86+0.66/0.67/0+0.88 ms cpu, 3->3->1 MB, 4 MB goal, 0 MB stacks, 0 MB globals, 8 P
gc 7984 @56.118s 3%: 0.099+0.47+0.096 ms clock, 0.79+0.65/0.58/0+0.76 ms cpu, 3->3->1 MB, 4 MB goal, 0 MB stacks, 0 MB globals, 8 P
gc 7985 @56.121s 3%: 0.098+0.54+0.11 ms clock, 0.78+0.72/0.64/0+0.95 ms cpu, 3->3->1 MB, 4 MB goal, 0 MB stacks, 0 MB globals, 8 P
gc 7986 @56.124s 3%: 0.15+0.46+0.098 ms clock, 1.2+0.54/0.59/0+0.78 ms cpu, 3->3->1 MB, 4 MB goal, 0 MB stacks, 0 MB globals, 8 P
gc 7987 @56.126s 3%: 0.11+0.49+0.077 ms clock, 0.92+0.58/0.54/0+0.61 ms cpu, 3->3->1 MB, 4 MB goal, 0 MB stacks, 0 MB globals, 8 P
gc 7988 @56.129s 3%: 0.090+0.54+0.10 ms clock, 0.72+0.64/0.71/0+0.80 ms cpu, 3->3->1 MB, 4 MB goal, 0 MB stacks, 0 MB globals, 8 P
gc 7989 @56.132s 3%: 0.092+0.52+0.080 ms clock, 0.73+0.58/0.65/0+0.64 ms cpu, 3->3->1 MB, 4 MB goal, 0 MB stacks, 0 MB globals, 8 P
gc 7990 @56.135s 3%: 0.13+0.65+0.086 ms clock, 1.0+0.65/0.77/0+0.69 ms cpu, 3->3->1 MB, 4 MB goal, 0 MB stacks, 0 MB globals, 8 P
gc 7991 @56.138s 3%: 0.089+0.41+0.065 ms clock, 0.71+0.80/0.47/0+0.52 ms cpu, 3->3->1 MB, 4 MB goal, 0 MB stacks, 0 MB globals, 8 P
gc 7992 @56.140s 3%: 0.098+0.52+0.11 ms clock, 0.78+0.61/0.73/0+0.88 ms cpu, 3->3->1 MB, 4 MB goal, 0 MB stacks, 0 MB globals, 8 P
gc 7993 @56.143s 3%: 0.091+0.48+0.089 ms clock, 0.73+0.60/0.60/0+0.71 ms cpu, 3->3->1 MB, 4 MB goal, 0 MB stacks, 0 MB globals, 8 P
gc 7994 @56.146s 3%: 0.081+0.63+0.094 ms clock, 0.65+0.73/0.60/0+0.75 ms cpu, 3->3->1 MB, 4 MB goal, 0 MB stacks, 0 MB globals, 8 P
gc 7995 @56.149s 3%: 0.082+0.55+0.089 ms clock, 0.65+0.71/0.62/0+0.71 ms cpu, 3->3->1 MB, 4 MB goal, 0 MB stacks, 0 MB globals, 8 P
gc 7996 @56.151s 3%: 0.073+0.52+0.069 ms clock, 0.59+0.66/0.66/0+0.55 ms cpu, 3->3->1 MB, 4 MB goal, 0 MB stacks, 0 MB globals, 8 P
gc 7997 @56.154s 3%: 0.12+0.38+0.072 ms clock, 0.96+0.67/0.52/0+0.58 ms cpu, 3->3->1 MB, 4 MB goal, 0 MB stacks, 0 MB globals, 8 P
gc 7998 @56.157s 3%: 0.071+0.53+0.071 ms clock, 0.57+0.74/0.63/0+0.57 ms cpu, 3->3->1 MB, 4 MB goal, 0 MB stacks, 0 MB globals, 8 P
gc 7999 @56.159s 3%: 0.074+0.60+0.094 ms clock, 0.59+0.65/0.65/0+0.75 ms cpu, 3->3->1 MB, 4 MB goal, 0 MB stacks, 0 MB globals, 8 P
gc 8000 @56.162s 3%: 0.090+0.44+0.080 ms clock, 0.72+0.63/0.51/0+0.64 ms cpu, 3->3->1 MB, 4 MB goal, 0 MB stacks, 0 MB globals, 8 P
gc 8001 @56.165s 3%: 0.073+0.59+0.060 ms clock, 0.58+0.70/0.78/0+0.48 ms cpu, 3->3->1 MB, 4 MB goal, 0 MB stacks, 0 MB globals, 8 P
gc 8002 @56.168s 3%: 0.11+0.74+0.10 ms clock, 0.94+0.53/0.67/0+0.83 ms cpu, 3->3->1 MB, 4 MB goal, 0 MB stacks, 0 MB globals, 8 P
gc 8003 @56.171s 3%: 0.10+0.57+0.10 ms clock, 0.84+0.57/0.66/0+0.83 ms cpu, 3->3->1 MB, 4 MB goal, 0 MB stacks, 0 MB globals, 8 P
gc 8004 @56.173s 3%: 0.12+0.56+0.12 ms clock, 0.96+0.67/0.57/0+0.97 ms cpu, 3->3->1 MB, 4 MB goal, 0 MB stacks, 0 MB globals, 8 P
gc 8005 @56.176s 3%: 0.096+0.58+0.10 ms clock, 0.77+0.70/0.65/0+0.80 ms cpu, 3->3->1 MB, 4 MB goal, 0 MB stacks, 0 MB globals, 8 P
gc 8006 @56.179s 3%: 0.11+0.51+0.087 ms clock, 0.90+0.69/0.57/0+0.70 ms cpu, 3->3->1 MB, 4 MB goal, 0 MB stacks, 0 MB globals, 8 P
gc 8007 @56.182s 3%: 0.075+0.55+0.077 ms clock, 0.60+0.81/0.55/0+0.62 ms cpu, 3->3->1 MB, 4 MB goal, 0 MB stacks, 0 MB globals, 8 P
gc 8008 @56.184s 3%: 0.10+0.66+0.10 ms clock, 0.87+0.69/0.75/0+0.85 ms cpu, 3->3->1 MB, 4 MB goal, 0 MB stacks, 0 MB globals, 8 P
gc 8009 @56.187s 3%: 0.081+0.44+0.081 ms clock, 0.65+0.72/0.55/0+0.65 ms cpu, 3->3->1 MB, 4 MB goal, 0 MB stacks, 0 MB globals, 8 P
gc 8010 @56.190s 3%: 0.11+0.44+0.068 ms clock, 0.89+0.52/0.59/0+0.54 ms cpu, 3->3->1 MB, 4 MB goal, 0 MB stacks, 0 MB globals, 8 P
gc 8011 @56.193s 3%: 0.083+0.43+0.084 ms clock, 0.66+0.78/0.51/0+0.67 ms cpu, 3->3->1 MB, 4 MB goal, 0 MB stacks, 0 MB globals, 8 P
gc 8012 @56.195s 3%: 0.10+0.51+0.078 ms clock, 0.82+0.66/0.63/0+0.62 ms cpu, 3->3->1 MB, 4 MB goal, 0 MB stacks, 0 MB globals, 8 P
gc 8013 @56.198s 3%: 0.10+0.51+0.099 ms clock, 0.84+0.73/0.63/0+0.79 ms cpu, 3->3->1 MB, 4 MB goal, 0 MB stacks, 0 MB globals, 8 P
gc 8014 @56.201s 3%: 0.10+0.66+0.093 ms clock, 0.85+0.64/0.64/0+0.74 ms cpu, 3->3->1 MB, 4 MB goal, 0 MB stacks, 0 MB globals, 8 P
gc 8015 @56.204s 3%: 0.052+0.44+0.060 ms clock, 0.42+0.63/0.62/0+0.48 ms cpu, 3->3->1 MB, 4 MB goal, 0 MB stacks, 0 MB globals, 8 P
gc 8016 @56.207s 3%: 0.12+0.49+0.047 ms clock, 1.0+0.60/0.64/0+0.37 ms cpu, 3->3->1 MB, 4 MB goal, 0 MB stacks, 0 MB globals, 8 P
gc 8017 @56.209s 3%: 0.083+0.54+0.084 ms clock, 0.66+0.63/0.61/0+0.67 ms cpu, 3->3->1 MB, 4 MB goal, 0 MB stacks, 0 MB globals, 8 P
gc 8018 @56.212s 3%: 0.12+0.46+0.11 ms clock, 0.98+0.71/0.56/0+0.94 ms cpu, 3->3->1 MB, 4 MB goal, 0 MB stacks, 0 MB globals, 8 P
gc 8019 @56.215s 3%: 0.078+0.59+0.10 ms clock, 0.62+0.78/0.53/0+0.83 ms cpu, 3->3->1 MB, 4 MB goal, 0 MB stacks, 0 MB globals, 8 P
gc 8020 @56.218s 3%: 0.12+0.42+0.082 ms clock, 1.0+0.69/0.56/0+0.65 ms cpu, 3->3->1 MB, 4 MB goal, 0 MB stacks, 0 MB globals, 8 P
gc 8021 @56.220s 3%: 0.14+0.52+0.10 ms clock, 1.1+0.70/0.67/0+0.83 ms cpu, 3->3->1 MB, 4 MB goal, 0 MB stacks, 0 MB globals, 8 P
gc 8022 @56.223s 3%: 0.099+0.57+0.094 ms clock, 0.79+0.60/0.59/0.001+0.75 ms cpu, 3->3->1 MB, 4 MB goal, 0 MB stacks, 0 MB globals, 8 P
gc 8023 @56.226s 3%: 0.11+0.68+0.11 ms clock, 0.95+0.59/0.72/0+0.91 ms cpu, 3->3->1 MB, 4 MB goal, 0 MB stacks, 0 MB globals, 8 P
gc 8024 @56.229s 3%: 0.085+0.48+0.073 ms clock, 0.68+0.63/0.59/0+0.58 ms cpu, 3->3->1 MB, 4 MB goal, 0 MB stacks, 0 MB globals, 8 P
gc 8025 @56.232s 3%: 0.086+0.54+0.097 ms clock, 0.69+0.76/0.54/0+0.78 ms cpu, 3->3->1 MB, 4 MB goal, 0 MB stacks, 0 MB globals, 8 P
gc 8026 @56.234s 3%: 0.098+0.53+0.053 ms clock, 0.79+0.80/0.53/0+0.42 ms cpu, 3->3->1 MB, 4 MB goal, 0 MB stacks, 0 MB globals, 8 P
gc 8027 @56.237s 3%: 0.091+0.63+0.096 ms clock, 0.73+0.62/0.70/0+0.77 ms cpu, 3->3->1 MB, 4 MB goal, 0 MB stacks, 0 MB globals, 8 P
gc 8028 @56.240s 3%: 0.10+0.65+0.075 ms clock, 0.85+0.68/0.54/0+0.60 ms cpu, 3->3->1 MB, 4 MB goal, 0 MB stacks, 0 MB globals, 8 P
gc 8029 @56.243s 3%: 0.087+0.64+0.091 ms clock, 0.69+0.71/0.59/0+0.72 ms cpu, 3->3->1 MB, 4 MB goal, 0 MB stacks, 0 MB globals, 8 P
gc 8030 @56.246s 3%: 0.13+0.92+0.084 ms clock, 1.0+0.66/0.64/0+0.67 ms cpu, 3->4->1 MB, 4 MB goal, 0 MB stacks, 0 MB globals, 8 P
gc 8031 @56.249s 3%: 0.069+0.44+0.059 ms clock, 0.55+0.69/0.59/0+0.47 ms cpu, 3->3->1 MB, 4 MB goal, 0 MB stacks, 0 MB globals, 8 P
gc 8032 @56.251s 3%: 0.081+0.51+0.060 ms clock, 0.64+0.66/0.63/0+0.48 ms cpu, 3->3->1 MB, 4 MB goal, 0 MB stacks, 0 MB globals, 8 P
gc 8033 @56.254s 3%: 0.080+0.52+0.092 ms clock, 0.64+0.59/0.65/0+0.73 ms cpu, 3->3->1 MB, 4 MB goal, 0 MB stacks, 0 MB globals, 8 P
gc 8034 @56.257s 3%: 0.10+0.78+0.072 ms clock, 0.81+0.73/0.61/0+0.58 ms cpu, 3->3->1 MB, 4 MB goal, 0 MB stacks, 0 MB globals, 8 P
gc 8035 @56.260s 3%: 0.065+0.67+0.087 ms clock, 0.52+0.79/0.63/0+0.69 ms cpu, 3->3->1 MB, 4 MB goal, 0 MB stacks, 0 MB globals, 8 P
gc 8036 @56.263s 3%: 0.10+0.70+0.096 ms clock, 0.84+0.57/0.58/0+0.77 ms cpu, 3->3->1 MB, 4 MB goal, 0 MB stacks, 0 MB globals, 8 P
gc 8037 @56.265s 3%: 0.11+0.83+0.095 ms clock, 0.95+0.63/0.59/0+0.76 ms cpu, 3->3->1 MB, 4 MB goal, 0 MB stacks, 0 MB globals, 8 P
gc 8038 @56.268s 3%: 0.11+0.61+0.093 ms clock, 0.92+0.62/0.66/0+0.74 ms cpu, 3->3->1 MB, 4 MB goal, 0 MB stacks, 0 MB globals, 8 P
gc 8039 @56.271s 3%: 0.088+0.42+0.078 ms clock, 0.70+0.51/0.58/0+0.62 ms cpu, 3->3->1 MB, 4 MB goal, 0 MB stacks, 0 MB globals, 8 P
gc 8040 @56.274s 3%: 0.068+0.56+0.053 ms clock, 0.54+0.69/0.59/0+0.42 ms cpu, 3->3->1 MB, 4 MB goal, 0 MB stacks, 0 MB globals, 8 P
gc 8041 @56.277s 3%: 0.069+0.49+0.10 ms clock, 0.55+0.61/0.59/0+0.81 ms cpu, 3->3->1 MB, 4 MB goal, 0 MB stacks, 0 MB globals, 8 P
gc 8042 @56.279s 3%: 0.64+0.27+0.11 ms clock, 5.1+0.93/0.65/0+0.90 ms cpu, 3->3->1 MB, 4 MB goal, 0 MB stacks, 0 MB globals, 8 P
gc 8043 @56.282s 3%: 0.076+0.40+0.089 ms clock, 0.61+0.63/0.59/0+0.71 ms cpu, 3->3->1 MB, 4 MB goal, 0 MB stacks, 0 MB globals, 8 P
gc 8044 @56.285s 3%: 0.10+0.73+0.093 ms clock, 0.86+0.60/0.59/0+0.74 ms cpu, 3->3->1 MB, 4 MB goal, 0 MB stacks, 0 MB globals, 8 P
gc 8045 @56.288s 3%: 0.10+0.50+0.073 ms clock, 0.83+0.66/0.62/0+0.58 ms cpu, 3->3->1 MB, 4 MB goal, 0 MB stacks, 0 MB globals, 8 P
gc 8046 @56.291s 3%: 0.11+0.54+0.087 ms clock, 0.94+0.62/0.59/0+0.70 ms cpu, 3->3->1 MB, 4 MB goal, 0 MB stacks, 0 MB globals, 8 P
gc 8047 @56.293s 3%: 0.068+0.56+0.11 ms clock, 0.54+0.58/0.62/0+0.92 ms cpu, 3->3->1 MB, 4 MB goal, 0 MB stacks, 0 MB globals, 8 P
gc 8048 @56.296s 3%: 0.072+0.58+0.086 ms clock, 0.58+0.64/0.65/0+0.68 ms cpu, 3->3->1 MB, 4 MB goal, 0 MB stacks, 0 MB globals, 8 P
gc 8049 @56.299s 3%: 0.11+0.44+0.075 ms clock, 0.88+0.78/0.53/0+0.60 ms cpu, 3->3->1 MB, 4 MB goal, 0 MB stacks, 0 MB globals, 8 P
gc 8050 @56.302s 3%: 0.071+0.96+0.10 ms clock, 0.57+0.63/0.62/0+0.81 ms cpu, 3->3->1 MB, 4 MB goal, 0 MB stacks, 0 MB globals, 8 P
gc 8051 @56.305s 3%: 0.10+1.0+0.043 ms clock, 0.84+0.81/0.53/0+0.34 ms cpu, 3->4->1 MB, 4 MB goal, 0 MB stacks, 0 MB globals, 8 P
gc 8052 @56.307s 3%: 0.090+0.52+0.086 ms clock, 0.72+0.54/0.69/0+0.69 ms cpu, 3->3->1 MB, 4 MB goal, 0 MB stacks, 0 MB globals, 8 P
gc 8053 @56.310s 3%: 0.073+0.39+0.10 ms clock, 0.59+0.68/0.56/0+0.81 ms cpu, 3->3->1 MB, 4 MB goal, 0 MB stacks, 0 MB globals, 8 P
gc 8054 @56.313s 3%: 0.087+0.66+0.041 ms clock, 0.70+0.66/0.60/0+0.33 ms cpu, 3->3->1 MB, 4 MB goal, 0 MB stacks, 0 MB globals, 8 P
gc 8055 @56.316s 3%: 0.091+0.55+0.098 ms clock, 0.72+0.56/0.71/0+0.78 ms cpu, 3->3->1 MB, 4 MB goal, 0 MB stacks, 0 MB globals, 8 P
gc 8056 @56.318s 3%: 0.096+0.50+0.11 ms clock, 0.76+0.59/0.59/0+0.89 ms cpu, 3->3->1 MB, 4 MB goal, 0 MB stacks, 0 MB globals, 8 P
gc 8057 @56.321s 3%: 0.098+0.48+0.10 ms clock, 0.78+0.70/0.64/0+0.87 ms cpu, 3->3->1 MB, 4 MB goal, 0 MB stacks, 0 MB globals, 8 P
gc 8058 @56.324s 3%: 0.095+0.47+0.087 ms clock, 0.76+0.72/0.48/0+0.69 ms cpu, 3->3->1 MB, 4 MB goal, 0 MB stacks, 0 MB globals, 8 P
gc 8059 @56.327s 3%: 0.11+0.42+0.077 ms clock, 0.92+0.69/0.61/0+0.61 ms cpu, 3->3->1 MB, 4 MB goal, 0 MB stacks, 0 MB globals, 8 P
gc 8060 @56.329s 3%: 0.10+0.60+0.075 ms clock, 0.81+0.59/0.65/0+0.60 ms cpu, 3->3->1 MB, 4 MB goal, 0 MB stacks, 0 MB globals, 8 P
gc 8061 @56.332s 3%: 0.10+0.64+0.096 ms clock, 0.86+0.67/0.52/0+0.77 ms cpu, 3->3->1 MB, 4 MB goal, 0 MB stacks, 0 MB globals, 8 P
gc 8062 @56.335s 3%: 0.14+0.78+0.11 ms clock, 1.1+0.57/0.66/0+0.91 ms cpu, 3->3->1 MB, 4 MB goal, 0 MB stacks, 0 MB globals, 8 P
gc 8063 @56.338s 3%: 0.12+0.61+0.087 ms clock, 0.99+0.76/0.57/0+0.69 ms cpu, 3->3->1 MB, 4 MB goal, 0 MB stacks, 0 MB globals, 8 P
gc 8064 @56.341s 3%: 0.097+0.46+0.10 ms clock, 0.78+0.70/0.52/0+0.80 ms cpu, 3->3->1 MB, 4 MB goal, 0 MB stacks, 0 MB globals, 8 P
gc 8065 @56.343s 3%: 0.14+0.43+0.056 ms clock, 1.1+0.59/0.55/0+0.45 ms cpu, 3->3->1 MB, 4 MB goal, 0 MB stacks, 0 MB globals, 8 P
gc 8066 @56.346s 3%: 0.10+0.58+0.076 ms clock, 0.82+0.72/0.65/0+0.60 ms cpu, 3->3->1 MB, 4 MB goal, 0 MB stacks, 0 MB globals, 8 P
gc 8067 @56.349s 3%: 0.12+0.45+0.092 ms clock, 1.0+0.67/0.56/0+0.74 ms cpu, 3->3->1 MB, 4 MB goal, 0 MB stacks, 0 MB globals, 8 P
gc 8068 @56.352s 3%: 0.11+0.52+0.11 ms clock, 0.90+0.70/0.59/0+0.93 ms cpu, 3->3->1 MB, 4 MB goal, 0 MB stacks, 0 MB globals, 8 P
gc 8069 @56.354s 3%: 0.087+0.84+0.098 ms clock, 0.69+0.74/0.60/0+0.78 ms cpu, 3->3->1 MB, 4 MB goal, 0 MB stacks, 0 MB globals, 8 P
gc 8070 @56.357s 3%: 0.10+0.53+0.080 ms clock, 0.80+0.66/0.66/0+0.64 ms cpu, 3->3->1 MB, 4 MB goal, 0 MB stacks, 0 MB globals, 8 P
gc 8071 @56.360s 3%: 0.10+0.52+0.12 ms clock, 0.82+0.68/0.64/0+1.0 ms cpu, 3->3->1 MB, 4 MB goal, 0 MB stacks, 0 MB globals, 8 P
gc 8072 @56.363s 3%: 0.11+0.89+0.067 ms clock, 0.91+0.68/0.57/0+0.54 ms cpu, 3->3->1 MB, 4 MB goal, 0 MB stacks, 0 MB globals, 8 P
gc 8073 @56.366s 3%: 0.10+0.44+0.094 ms clock, 0.82+0.74/0.58/0+0.75 ms cpu, 3->3->1 MB, 4 MB goal, 0 MB stacks, 0 MB globals, 8 P
gc 8074 @56.368s 3%: 0.098+0.55+0.13 ms clock, 0.79+0.68/0.62/0+1.0 ms cpu, 3->3->1 MB, 4 MB goal, 0 MB stacks, 0 MB globals, 8 P
gc 8075 @56.371s 3%: 0.076+0.49+0.084 ms clock, 0.60+0.63/0.55/0+0.67 ms cpu, 3->3->1 MB, 4 MB goal, 0 MB stacks, 0 MB globals, 8 P
gc 8076 @56.374s 3%: 0.11+0.47+0.099 ms clock, 0.93+0.59/0.64/0+0.79 ms cpu, 3->3->1 MB, 4 MB goal, 0 MB stacks, 0 MB globals, 8 P
gc 8077 @56.377s 3%: 0.075+0.43+0.063 ms clock, 0.60+0.76/0.56/0+0.50 ms cpu, 3->3->1 MB, 4 MB goal, 0 MB stacks, 0 MB globals, 8 P
gc 8078 @56.379s 3%: 0.098+0.85+0.098 ms clock, 0.78+0.61/0.66/0+0.78 ms cpu, 3->3->1 MB, 4 MB goal, 0 MB stacks, 0 MB globals, 8 P
gc 8079 @56.382s 3%: 0.089+0.64+0.11 ms clock, 0.71+0.60/0.79/0+0.90 ms cpu, 3->3->1 MB, 4 MB goal, 0 MB stacks, 0 MB globals, 8 P
gc 8080 @56.385s 3%: 0.10+0.50+0.11 ms clock, 0.83+0.64/0.66/0+0.90 ms cpu, 3->3->1 MB, 4 MB goal, 0 MB stacks, 0 MB globals, 8 P
gc 8081 @56.388s 3%: 0.090+0.90+0.092 ms clock, 0.72+0.67/0.63/0+0.74 ms cpu, 3->3->1 MB, 4 MB goal, 0 MB stacks, 0 MB globals, 8 P
gc 8082 @56.391s 3%: 0.11+0.50+0.11 ms clock, 0.95+0.65/0.56/0+0.94 ms cpu, 3->3->1 MB, 4 MB goal, 0 MB stacks, 0 MB globals, 8 P
gc 8083 @56.394s 3%: 0.076+0.65+0.10 ms clock, 0.60+0.62/0.55/0.083+0.84 ms cpu, 3->3->1 MB, 4 MB goal, 0 MB stacks, 0 MB globals, 8 P
gc 8084 @56.396s 3%: 0.082+0.75+0.087 ms clock, 0.65+0.56/0.65/0+0.69 ms cpu, 3->3->1 MB, 4 MB goal, 0 MB stacks, 0 MB globals, 8 P
gc 8085 @56.399s 3%: 0.11+0.51+0.099 ms clock, 0.90+0.66/0.67/0+0.79 ms cpu, 3->3->1 MB, 4 MB goal, 0 MB stacks, 0 MB globals, 8 P
gc 8086 @56.402s 3%: 0.097+0.40+0.064 ms clock, 0.78+0.71/0.52/0+0.51 ms cpu, 3->3->1 MB, 4 MB goal, 0 MB stacks, 0 MB globals, 8 P
gc 8087 @56.405s 3%: 0.10+0.52+0.11 ms clock, 0.80+0.63/0.65/0+0.88 ms cpu, 3->3->1 MB, 4 MB goal, 0 MB stacks, 0 MB globals, 8 P
gc 8088 @56.408s 3%: 0.11+0.52+0.14 ms clock, 0.91+0.70/0.67/0+1.1 ms cpu, 3->3->1 MB, 4 MB goal, 0 MB stacks, 0 MB globals, 8 P
gc 8089 @56.410s 3%: 0.085+0.74+0.035 ms clock, 0.68+0.76/0.58/0+0.28 ms cpu, 3->3->1 MB, 4 MB goal, 0 MB stacks, 0 MB globals, 8 P
gc 8090 @56.413s 3%: 0.11+0.85+0.10 ms clock, 0.90+0.59/0.69/0+0.83 ms cpu, 3->3->1 MB, 4 MB goal, 0 MB stacks, 0 MB globals, 8 P
gc 8091 @56.416s 3%: 0.10+0.49+0.073 ms clock, 0.86+0.73/0.58/0+0.59 ms cpu, 3->3->1 MB, 4 MB goal, 0 MB stacks, 0 MB globals, 8 P
gc 8092 @56.419s 3%: 0.098+0.40+0.061 ms clock, 0.78+0.73/0.47/0+0.48 ms cpu, 3->3->1 MB, 4 MB goal, 0 MB stacks, 0 MB globals, 8 P
gc 8093 @56.422s 3%: 0.079+0.45+0.061 ms clock, 0.63+0.62/0.58/0+0.49 ms cpu, 3->3->1 MB, 4 MB goal, 0 MB stacks, 0 MB globals, 8 P
gc 8094 @56.424s 3%: 0.10+0.55+0.084 ms clock, 0.87+0.62/0.56/0+0.67 ms cpu, 3->3->1 MB, 4 MB goal, 0 MB stacks, 0 MB globals, 8 P
gc 8095 @56.427s 3%: 0.11+0.54+0.081 ms clock, 0.90+0.67/0.57/0+0.65 ms cpu, 3->3->1 MB, 4 MB goal, 0 MB stacks, 0 MB globals, 8 P
gc 8096 @56.430s 3%: 0.12+0.57+0.084 ms clock, 1.0+0.81/0.45/0+0.67 ms cpu, 3->3->1 MB, 4 MB goal, 0 MB stacks, 0 MB globals, 8 P
gc 8097 @56.433s 3%: 0.090+0.82+0.088 ms clock, 0.72+0.65/0.68/0+0.70 ms cpu, 3->3->1 MB, 4 MB goal, 0 MB stacks, 0 MB globals, 8 P
gc 8098 @56.435s 3%: 0.087+0.49+0.072 ms clock, 0.69+0.65/0.56/0+0.58 ms cpu, 3->3->1 MB, 4 MB goal, 0 MB stacks, 0 MB globals, 8 P
gc 8099 @56.438s 3%: 0.077+0.41+0.060 ms clock, 0.62+0.66/0.53/0+0.48 ms cpu, 3->3->1 MB, 4 MB goal, 0 MB stacks, 0 MB globals, 8 P
gc 8100 @56.441s 3%: 0.072+0.52+0.13 ms clock, 0.58+0.61/0.61/0+1.0 ms cpu, 3->3->1 MB, 4 MB goal, 0 MB stacks, 0 MB globals, 8 P
gc 8101 @56.444s 3%: 0.11+0.48+0.10 ms clock, 0.94+0.59/0.60/0+0.84 ms cpu, 3->3->1 MB, 4 MB goal, 0 MB stacks, 0 MB globals, 8 P
gc 8102 @56.446s 3%: 0.10+0.52+0.12 ms clock, 0.86+0.57/0.64/0+0.97 ms cpu, 3->3->1 MB, 4 MB goal, 0 MB stacks, 0 MB globals, 8 P
gc 8103 @56.449s 3%: 0.098+0.43+0.094 ms clock, 0.79+0.68/0.58/0+0.75 ms cpu, 3->3->1 MB, 4 MB goal, 0 MB stacks, 0 MB globals, 8 P
gc 8104 @56.452s 3%: 0.12+0.54+0.10 ms clock, 0.97+0.67/0.55/0+0.82 ms cpu, 3->3->1 MB, 4 MB goal, 0 MB stacks, 0 MB globals, 8 P
gc 8105 @56.455s 3%: 0.090+0.52+0.11 ms clock, 0.72+0.52/0.64/0+0.94 ms cpu, 3->3->1 MB, 4 MB goal, 0 MB stacks, 0 MB globals, 8 P
gc 8106 @56.457s 3%: 0.091+0.61+0.041 ms clock, 0.73+0.66/0.70/0+0.32 ms cpu, 3->3->1 MB, 4 MB goal, 0 MB stacks, 0 MB globals, 8 P
gc 8107 @56.460s 3%: 0.10+0.59+0.10 ms clock, 0.87+0.62/0.60/0+0.86 ms cpu, 3->3->1 MB, 4 MB goal, 0 MB stacks, 0 MB globals, 8 P
gc 8108 @56.463s 3%: 0.10+0.40+0.078 ms clock, 0.87+0.71/0.62/0+0.63 ms cpu, 3->3->1 MB, 4 MB goal, 0 MB stacks, 0 MB globals, 8 P
gc 8109 @56.466s 3%: 0.11+0.59+0.095 ms clock, 0.90+0.62/0.66/0+0.76 ms cpu, 3->3->1 MB, 4 MB goal, 0 MB stacks, 0 MB globals, 8 P
gc 8110 @56.469s 3%: 0.10+0.46+0.080 ms clock, 0.82+0.58/0.61/0+0.64 ms cpu, 3->3->1 MB, 4 MB goal, 0 MB stacks, 0 MB globals, 8 P
gc 8111 @56.471s 3%: 0.084+0.50+0.063 ms clock, 0.67+0.62/0.60/0+0.51 ms cpu, 3->3->1 MB, 4 MB goal, 0 MB stacks, 0 MB globals, 8 P
gc 8112 @56.474s 3%: 0.10+0.45+0.11 ms clock, 0.81+0.63/0.60/0+0.91 ms cpu, 3->3->1 MB, 4 MB goal, 0 MB stacks, 0 MB globals, 8 P
gc 8113 @56.477s 3%: 0.081+0.49+0.081 ms clock, 0.65+0.56/0.62/0+0.65 ms cpu, 3->3->1 MB, 4 MB goal, 0 MB stacks, 0 MB globals, 8 P
gc 8114 @56.480s 3%: 0.10+0.55+0.10 ms clock, 0.85+0.62/0.66/0+0.86 ms cpu, 3->3->1 MB, 4 MB goal, 0 MB stacks, 0 MB globals, 8 P
gc 8115 @56.483s 3%: 0.084+0.48+0.097 ms clock, 0.67+0.48/0.63/0+0.78 ms cpu, 3->3->1 MB, 4 MB goal, 0 MB stacks, 0 MB globals, 8 P
gc 8116 @56.485s 3%: 0.079+0.46+0.099 ms clock, 0.63+0.85/0.55/0+0.79 ms cpu, 3->3->1 MB, 4 MB goal, 0 MB stacks, 0 MB globals, 8 P
gc 8117 @56.488s 3%: 0.053+0.73+0.086 ms clock, 0.42+0.56/0.58/0+0.69 ms cpu, 3->3->1 MB, 4 MB goal, 0 MB stacks, 0 MB globals, 8 P
gc 8118 @56.491s 3%: 0.085+0.47+0.073 ms clock, 0.68+0.48/0.61/0+0.59 ms cpu, 3->3->1 MB, 4 MB goal, 0 MB stacks, 0 MB globals, 8 P
gc 8119 @56.494s 3%: 0.11+0.47+0.061 ms clock, 0.94+0.62/0.55/0+0.49 ms cpu, 3->3->1 MB, 4 MB goal, 0 MB stacks, 0 MB globals, 8 P
gc 8120 @56.496s 3%: 0.10+0.64+0.097 ms clock, 0.82+0.61/0.58/0+0.78 ms cpu, 3->3->1 MB, 4 MB goal, 0 MB stacks, 0 MB globals, 8 P
gc 8121 @56.499s 3%: 0.10+0.61+0.086 ms clock, 0.83+0.66/0.56/0+0.69 ms cpu, 3->3->1 MB, 4 MB goal, 0 MB stacks, 0 MB globals, 8 P
gc 8122 @56.502s 3%: 0.097+0.47+0.12 ms clock, 0.78+0.76/0.52/0+1.0 ms cpu, 3->3->1 MB, 4 MB goal, 0 MB stacks, 0 MB globals, 8 P
gc 8123 @56.505s 3%: 0.075+0.97+0.095 ms clock, 0.60+0.52/0.56/0+0.76 ms cpu, 3->3->1 MB, 4 MB goal, 0 MB stacks, 0 MB globals, 8 P
gc 8124 @56.508s 3%: 0.11+0.45+0.071 ms clock, 0.95+0.63/0.66/0+0.57 ms cpu, 3->3->1 MB, 4 MB goal, 0 MB stacks, 0 MB globals, 8 P
gc 8125 @56.511s 3%: 0.083+0.47+0.10 ms clock, 0.66+0.70/0.54/0+0.82 ms cpu, 3->3->1 MB, 4 MB goal, 0 MB stacks, 0 MB globals, 8 P
gc 8126 @56.513s 3%: 0.072+0.76+0.12 ms clock, 0.58+0.69/0.62/0+0.96 ms cpu, 3->3->1 MB, 4 MB goal, 0 MB stacks, 0 MB globals, 8 P
gc 8127 @56.516s 3%: 0.095+0.44+0.10 ms clock, 0.76+0.69/0.62/0+0.84 ms cpu, 3->3->1 MB, 4 MB goal, 0 MB stacks, 0 MB globals, 8 P
gc 8128 @56.519s 3%: 0.076+0.44+0.075 ms clock, 0.61+0.66/0.51/0+0.60 ms cpu, 3->3->1 MB, 4 MB goal, 0 MB stacks, 0 MB globals, 8 P
gc 8129 @56.522s 3%: 0.094+0.46+0.077 ms clock, 0.75+0.62/0.58/0+0.62 ms cpu, 3->3->1 MB, 4 MB goal, 0 MB stacks, 0 MB globals, 8 P
gc 8130 @56.524s 3%: 0.075+0.79+0.090 ms clock, 0.60+0.76/0.61/0+0.72 ms cpu, 3->3->1 MB, 4 MB goal, 0 MB stacks, 0 MB globals, 8 P
gc 8131 @56.527s 3%: 0.13+0.55+0.082 ms clock, 1.0+0.71/0.58/0+0.65 ms cpu, 3->3->1 MB, 4 MB goal, 0 MB stacks, 0 MB globals, 8 P
gc 8132 @56.530s 3%: 0.14+0.54+0.075 ms clock, 1.1+0.75/0.68/0+0.60 ms cpu, 3->3->1 MB, 4 MB goal, 0 MB stacks, 0 MB globals, 8 P
gc 8133 @56.533s 3%: 0.12+0.47+0.11 ms clock, 1.0+0.70/0.57/0+0.93 ms cpu, 3->3->1 MB, 4 MB goal, 0 MB stacks, 0 MB globals, 8 P
gc 8134 @56.536s 3%: 0.10+0.49+0.058 ms clock, 0.87+0.63/0.56/0+0.46 ms cpu, 3->3->1 MB, 4 MB goal, 0 MB stacks, 0 MB globals, 8 P
gc 8135 @56.538s 3%: 0.093+0.51+0.081 ms clock, 0.74+0.70/0.59/0+0.65 ms cpu, 3->3->1 MB, 4 MB goal, 0 MB stacks, 0 MB globals, 8 P
gc 8136 @56.541s 3%: 0.10+0.77+0.064 ms clock, 0.83+0.65/0.61/0+0.51 ms cpu, 3->3->1 MB, 4 MB goal, 0 MB stacks, 0 MB globals, 8 P
gc 8137 @56.544s 3%: 0.068+0.44+0.097 ms clock, 0.54+0.76/0.61/0+0.78 ms cpu, 3->3->1 MB, 4 MB goal, 0 MB stacks, 0 MB globals, 8 P
gc 8138 @56.547s 3%: 0.11+0.43+0.11 ms clock, 0.94+0.67/0.60/0+0.91 ms cpu, 3->3->1 MB, 4 MB goal, 0 MB stacks, 0 MB globals, 8 P
gc 8139 @56.549s 3%: 0.10+0.46+0.061 ms clock, 0.85+0.70/0.65/0+0.49 ms cpu, 3->3->1 MB, 4 MB goal, 0 MB stacks, 0 MB globals, 8 P
gc 8140 @56.552s 3%: 0.10+0.50+0.086 ms clock, 0.81+0.54/0.71/0+0.69 ms cpu, 3->3->1 MB, 4 MB goal, 0 MB stacks, 0 MB globals, 8 P
gc 8141 @56.555s 3%: 0.065+0.51+0.083 ms clock, 0.52+0.65/0.54/0+0.66 ms cpu, 3->3->1 MB, 4 MB goal, 0 MB stacks, 0 MB globals, 8 P
gc 8142 @56.558s 3%: 0.091+0.49+0.074 ms clock, 0.73+0.73/0.66/0+0.59 ms cpu, 3->3->1 MB, 4 MB goal, 0 MB stacks, 0 MB globals, 8 P
gc 8143 @56.560s 3%: 0.10+0.71+0.071 ms clock, 0.82+0.58/0.67/0+0.57 ms cpu, 3->3->1 MB, 4 MB goal, 0 MB stacks, 0 MB globals, 8 P
gc 8144 @56.563s 3%: 0.10+0.48+0.035 ms clock, 0.81+0.70/0.61/0+0.28 ms cpu, 3->3->1 MB, 4 MB goal, 0 MB stacks, 0 MB globals, 8 P
gc 8145 @56.566s 3%: 0.11+0.58+0.060 ms clock, 0.89+0.62/0.63/0+0.48 ms cpu, 3->3->1 MB, 4 MB goal, 0 MB stacks, 0 MB globals, 8 P
gc 8146 @56.569s 3%: 0.12+0.40+0.063 ms clock, 0.97+0.67/0.54/0+0.50 ms cpu, 3->3->1 MB, 4 MB goal, 0 MB stacks, 0 MB globals, 8 P
gc 8147 @56.572s 3%: 0.11+0.61+0.096 ms clock, 0.92+0.56/0.80/0+0.77 ms cpu, 3->3->1 MB, 4 MB goal, 0 MB stacks, 0 MB globals, 8 P
gc 8148 @56.574s 3%: 0.087+0.51+0.092 ms clock, 0.69+0.77/0.59/0+0.74 ms cpu, 3->3->1 MB, 4 MB goal, 0 MB stacks, 0 MB globals, 8 P
gc 8149 @56.577s 3%: 0.11+0.56+0.084 ms clock, 0.89+0.68/0.66/0+0.67 ms cpu, 3->3->1 MB, 4 MB goal, 0 MB stacks, 0 MB globals, 8 P
gc 8150 @56.580s 3%: 0.087+0.57+0.10 ms clock, 0.70+0.69/0.68/0+0.81 ms cpu, 3->3->1 MB, 4 MB goal, 0 MB stacks, 0 MB globals, 8 P
gc 8151 @56.583s 3%: 0.073+0.40+0.084 ms clock, 0.58+0.79/0.57/0+0.67 ms cpu, 3->3->1 MB, 4 MB goal, 0 MB stacks, 0 MB globals, 8 P
gc 8152 @56.585s 3%: 0.085+0.75+0.029 ms clock, 0.68+0.52/0.57/0+0.23 ms cpu, 3->3->1 MB, 4 MB goal, 0 MB stacks, 0 MB globals, 8 P
gc 8153 @56.588s 3%: 0.091+0.38+0.055 ms clock, 0.73+0.56/0.60/0+0.44 ms cpu, 3->3->1 MB, 4 MB goal, 0 MB stacks, 0 MB globals, 8 P
gc 8154 @56.591s 3%: 0.083+0.54+0.083 ms clock, 0.67+0.56/0.70/0+0.66 ms cpu, 3->3->1 MB, 4 MB goal, 0 MB stacks, 0 MB globals, 8 P
gc 8155 @56.594s 3%: 0.077+0.72+0.078 ms clock, 0.61+0.57/0.58/0+0.62 ms cpu, 3->3->1 MB, 4 MB goal, 0 MB stacks, 0 MB globals, 8 P
gc 8156 @56.597s 3%: 0.070+0.49+0.093 ms clock, 0.56+0.64/0.68/0+0.75 ms cpu, 3->3->1 MB, 4 MB goal, 0 MB stacks, 0 MB globals, 8 P
gc 8157 @56.599s 3%: 0.10+0.56+0.076 ms clock, 0.87+0.62/0.60/0+0.61 ms cpu, 3->3->1 MB, 4 MB goal, 0 MB stacks, 0 MB globals, 8 P
gc 8158 @56.602s 3%: 0.11+0.49+0.065 ms clock, 0.90+0.64/0.62/0+0.52 ms cpu, 3->3->1 MB, 4 MB goal, 0 MB stacks, 0 MB globals, 8 P
gc 8159 @56.605s 3%: 0.074+0.61+0.072 ms clock, 0.59+0.55/0.65/0+0.57 ms cpu, 3->3->1 MB, 4 MB goal, 0 MB stacks, 0 MB globals, 8 P
gc 8160 @56.608s 3%: 0.089+0.42+0.11 ms clock, 0.71+0.71/0.53/0+0.90 ms cpu, 3->3->1 MB, 4 MB goal, 0 MB stacks, 0 MB globals, 8 P
gc 8161 @56.610s 3%: 0.12+0.56+0.098 ms clock, 0.96+0.72/0.63/0+0.78 ms cpu, 3->3->1 MB, 4 MB goal, 0 MB stacks, 0 MB globals, 8 P
gc 8162 @56.613s 3%: 0.14+0.46+0.065 ms clock, 1.1+0.64/0.60/0+0.52 ms cpu, 3->3->1 MB, 4 MB goal, 0 MB stacks, 0 MB globals, 8 P
gc 8163 @56.616s 3%: 0.11+0.58+0.076 ms clock, 0.91+0.68/0.73/0+0.61 ms cpu, 3->3->1 MB, 4 MB goal, 0 MB stacks, 0 MB globals, 8 P
gc 8164 @56.619s 3%: 0.068+0.42+0.098 ms clock, 0.55+0.81/0.51/0+0.78 ms cpu, 3->3->1 MB, 4 MB goal, 0 MB stacks, 0 MB globals, 8 P
gc 8165 @56.621s 3%: 0.067+0.52+0.10 ms clock, 0.54+0.75/0.60/0+0.87 ms cpu, 3->3->1 MB, 4 MB goal, 0 MB stacks, 0 MB globals, 8 P
gc 8166 @56.624s 3%: 0.10+0.48+0.055 ms clock, 0.84+0.61/0.60/0+0.44 ms cpu, 3->3->1 MB, 4 MB goal, 0 MB stacks, 0 MB globals, 8 P
gc 8167 @56.627s 3%: 0.091+0.77+0.092 ms clock, 0.72+0.57/0.64/0+0.73 ms cpu, 3->3->1 MB, 4 MB goal, 0 MB stacks, 0 MB globals, 8 P
gc 8168 @56.630s 3%: 0.11+0.43+0.055 ms clock, 0.90+0.77/0.58/0+0.44 ms cpu, 3->3->1 MB, 4 MB goal, 0 MB stacks, 0 MB globals, 8 P
gc 8169 @56.633s 3%: 0.089+0.55+0.086 ms clock, 0.71+0.65/0.65/0+0.69 ms cpu, 3->3->1 MB, 4 MB goal, 0 MB stacks, 0 MB globals, 8 P
gc 8170 @56.635s 3%: 0.13+0.46+0.083 ms clock, 1.0+0.69/0.57/0+0.66 ms cpu, 3->3->1 MB, 4 MB goal, 0 MB stacks, 0 MB globals, 8 P
gc 8171 @56.638s 3%: 0.077+0.52+0.054 ms clock, 0.62+0.69/0.65/0+0.43 ms cpu, 3->3->1 MB, 4 MB goal, 0 MB stacks, 0 MB globals, 8 P
gc 8172 @56.641s 3%: 0.065+0.42+0.066 ms clock, 0.52+0.72/0.53/0+0.53 ms cpu, 3->3->1 MB, 4 MB goal, 0 MB stacks, 0 MB globals, 8 P
gc 8173 @56.644s 3%: 0.094+0.71+0.081 ms clock, 0.75+0.59/0.56/0+0.65 ms cpu, 3->3->1 MB, 4 MB goal, 0 MB stacks, 0 MB globals, 8 P
gc 8174 @56.646s 3%: 0.11+0.76+0.062 ms clock, 0.91+1.1/0.66/0+0.49 ms cpu, 3->3->1 MB, 4 MB goal, 0 MB stacks, 0 MB globals, 8 P
gc 8175 @56.649s 3%: 0.13+0.79+0.080 ms clock, 1.0+0.60/0.75/0+0.64 ms cpu, 3->3->1 MB, 4 MB goal, 0 MB stacks, 0 MB globals, 8 P
gc 8176 @56.652s 3%: 0.10+0.52+0.10 ms clock, 0.84+0.67/0.65/0+0.82 ms cpu, 3->3->1 MB, 4 MB goal, 0 MB stacks, 0 MB globals, 8 P
gc 8177 @56.655s 3%: 0.11+0.48+0.067 ms clock, 0.92+0.54/0.52/0+0.54 ms cpu, 3->3->1 MB, 4 MB goal, 0 MB stacks, 0 MB globals, 8 P
gc 8178 @56.657s 3%: 0.10+0.43+0.10 ms clock, 0.85+0.67/0.60/0+0.85 ms cpu, 3->3->1 MB, 4 MB goal, 0 MB stacks, 0 MB globals, 8 P
gc 8179 @56.660s 3%: 0.12+0.58+0.091 ms clock, 1.0+0.51/0.67/0+0.72 ms cpu, 3->3->1 MB, 4 MB goal, 0 MB stacks, 0 MB globals, 8 P
gc 8180 @56.663s 3%: 0.079+0.46+0.080 ms clock, 0.63+0.67/0.60/0+0.64 ms cpu, 3->3->1 MB, 4 MB goal, 0 MB stacks, 0 MB globals, 8 P
gc 8181 @56.666s 3%: 0.10+0.47+0.093 ms clock, 0.81+0.75/0.56/0+0.75 ms cpu, 3->3->1 MB, 4 MB goal, 0 MB stacks, 0 MB globals, 8 P
gc 8182 @56.669s 3%: 0.096+0.70+0.13 ms clock, 0.77+0.64/0.64/0+1.1 ms cpu, 3->3->1 MB, 4 MB goal, 0 MB stacks, 0 MB globals, 8 P
gc 8183 @56.671s 3%: 0.090+0.61+0.075 ms clock, 0.72+0.76/0.66/0+0.60 ms cpu, 3->3->1 MB, 4 MB goal, 0 MB stacks, 0 MB globals, 8 P
gc 8184 @56.674s 3%: 0.10+0.73+0.090 ms clock, 0.83+0.63/0.68/0+0.72 ms cpu, 3->3->1 MB, 4 MB goal, 0 MB stacks, 0 MB globals, 8 P
gc 8185 @56.677s 3%: 0.063+0.50+0.093 ms clock, 0.50+0.63/0.67/0+0.75 ms cpu, 3->3->1 MB, 4 MB goal, 0 MB stacks, 0 MB globals, 8 P
gc 8186 @56.680s 3%: 0.066+0.97+0.15 ms clock, 0.52+0.57/0.63/0+1.2 ms cpu, 3->3->1 MB, 4 MB goal, 0 MB stacks, 0 MB globals, 8 P
gc 8187 @56.683s 3%: 0.072+0.53+0.096 ms clock, 0.58+0.67/0.72/0+0.77 ms cpu, 3->3->1 MB, 4 MB goal, 0 MB stacks, 0 MB globals, 8 P
gc 8188 @56.685s 3%: 0.10+0.42+0.044 ms clock, 0.87+0.76/0.52/0+0.35 ms cpu, 3->3->1 MB, 4 MB goal, 0 MB stacks, 0 MB globals, 8 P
gc 8189 @56.688s 3%: 0.10+0.62+0.13 ms clock, 0.82+0.64/0.73/0+1.1 ms cpu, 3->3->1 MB, 4 MB goal, 0 MB stacks, 0 MB globals, 8 P
gc 8190 @56.691s 3%: 0.10+0.48+0.10 ms clock, 0.86+0.70/0.61/0+0.82 ms cpu, 3->3->1 MB, 4 MB goal, 0 MB stacks, 0 MB globals, 8 P
gc 8191 @56.694s 3%: 0.11+0.46+0.064 ms clock, 0.93+0.60/0.60/0+0.51 ms cpu, 3->3->1 MB, 4 MB goal, 0 MB stacks, 0 MB globals, 8 P
gc 8192 @56.696s 3%: 0.071+0.45+0.037 ms clock, 0.56+0.65/0.62/0+0.30 ms cpu, 3->3->1 MB, 4 MB goal, 0 MB stacks, 0 MB globals, 8 P
gc 8193 @56.699s 3%: 0.077+0.54+0.089 ms clock, 0.62+0.64/0.65/0+0.71 ms cpu, 3->3->1 MB, 4 MB goal, 0 MB stacks, 0 MB globals, 8 P
gc 8194 @56.702s 3%: 0.13+0.50+0.12 ms clock, 1.0+0.64/0.61/0+1.0 ms cpu, 3->3->1 MB, 4 MB goal, 0 MB stacks, 0 MB globals, 8 P
gc 8195 @56.705s 3%: 0.11+0.63+0.076 ms clock, 0.90+0.66/0.62/0+0.61 ms cpu, 3->3->1 MB, 4 MB goal, 0 MB stacks, 0 MB globals, 8 P
gc 8196 @56.708s 3%: 0.063+0.50+0.086 ms clock, 0.50+0.76/0.54/0+0.69 ms cpu, 3->3->1 MB, 4 MB goal, 0 MB stacks, 0 MB globals, 8 P
gc 8197 @56.710s 3%: 0.066+0.42+0.032 ms clock, 0.52+0.66/0.55/0+0.26 ms cpu, 3->3->1 MB, 4 MB goal, 0 MB stacks, 0 MB globals, 8 P
gc 8198 @56.713s 3%: 0.080+0.55+0.11 ms clock, 0.64+0.62/0.75/0+0.91 ms cpu, 3->3->1 MB, 4 MB goal, 0 MB stacks, 0 MB globals, 8 P
gc 8199 @56.716s 3%: 0.11+0.48+0.093 ms clock, 0.88+0.68/0.58/0+0.74 ms cpu, 3->3->1 MB, 4 MB goal, 0 MB stacks, 0 MB globals, 8 P
gc 8200 @56.718s 3%: 0.11+0.48+0.092 ms clock, 0.94+0.50/0.60/0+0.73 ms cpu, 3->3->1 MB, 4 MB goal, 0 MB stacks, 0 MB globals, 8 P
gc 8201 @56.721s 3%: 0.10+0.53+0.047 ms clock, 0.80+0.68/0.69/0+0.37 ms cpu, 3->3->1 MB, 4 MB goal, 0 MB stacks, 0 MB globals, 8 P
gc 8202 @56.724s 3%: 0.091+0.64+0.083 ms clock, 0.72+0.63/0.61/0+0.67 ms cpu, 3->3->1 MB, 4 MB goal, 0 MB stacks, 0 MB globals, 8 P
gc 8203 @56.727s 3%: 0.098+0.50+0.099 ms clock, 0.79+0.74/0.54/0+0.79 ms cpu, 3->3->1 MB, 4 MB goal, 0 MB stacks, 0 MB globals, 8 P
gc 8204 @56.730s 3%: 0.084+0.56+0.067 ms clock, 0.67+0.65/0.58/0+0.54 ms cpu, 3->3->1 MB, 4 MB goal, 0 MB stacks, 0 MB globals, 8 P
gc 8205 @56.732s 3%: 0.10+0.49+0.10 ms clock, 0.85+0.52/0.59/0+0.80 ms cpu, 3->3->1 MB, 4 MB goal, 0 MB stacks, 0 MB globals, 8 P
gc 8206 @56.735s 3%: 0.12+0.47+0.058 ms clock, 0.99+0.63/0.66/0+0.46 ms cpu, 3->3->1 MB, 4 MB goal, 0 MB stacks, 0 MB globals, 8 P
gc 8207 @56.738s 3%: 0.096+0.44+0.098 ms clock, 0.76+0.72/0.59/0+0.78 ms cpu, 3->3->1 MB, 4 MB goal, 0 MB stacks, 0 MB globals, 8 P
gc 8208 @56.741s 3%: 0.054+0.66+0.057 ms clock, 0.43+0.60/0.73/0+0.46 ms cpu, 3->3->1 MB, 4 MB goal, 0 MB stacks, 0 MB globals, 8 P
gc 8209 @56.743s 3%: 0.10+0.78+0.060 ms clock, 0.86+0.68/0.64/0+0.48 ms cpu, 3->3->1 MB, 4 MB goal, 0 MB stacks, 0 MB globals, 8 P
gc 8210 @56.746s 3%: 0.12+0.42+0.098 ms clock, 0.98+0.52/0.67/0+0.78 ms cpu, 3->3->1 MB, 4 MB goal, 0 MB stacks, 0 MB globals, 8 P
gc 8211 @56.749s 3%: 0.060+0.60+0.075 ms clock, 0.48+0.69/0.55/0+0.60 ms cpu, 3->3->1 MB, 4 MB goal, 0 MB stacks, 0 MB globals, 8 P
gc 8212 @56.752s 3%: 0.065+0.97+0.077 ms clock, 0.52+0.64/0.66/0+0.61 ms cpu, 3->3->1 MB, 4 MB goal, 0 MB stacks, 0 MB globals, 8 P
gc 8213 @56.755s 3%: 0.10+0.84+0.046 ms clock, 0.82+0.66/0.59/0+0.37 ms cpu, 3->4->1 MB, 4 MB goal, 0 MB stacks, 0 MB globals, 8 P
gc 8214 @56.758s 3%: 0.091+0.46+0.10 ms clock, 0.72+0.63/0.63/0+0.87 ms cpu, 3->3->1 MB, 4 MB goal, 0 MB stacks, 0 MB globals, 8 P
gc 8215 @56.760s 3%: 0.079+0.62+0.072 ms clock, 0.63+0.64/0.56/0+0.58 ms cpu, 3->3->1 MB, 4 MB goal, 0 MB stacks, 0 MB globals, 8 P
gc 8216 @56.763s 3%: 0.10+0.52+0.11 ms clock, 0.82+0.65/0.52/0+0.90 ms cpu, 3->3->1 MB, 4 MB goal, 0 MB stacks, 0 MB globals, 8 P
gc 8217 @56.766s 3%: 0.10+0.66+0.078 ms clock, 0.87+0.97/0.65/0.003+0.62 ms cpu, 3->3->1 MB, 4 MB goal, 0 MB stacks, 0 MB globals, 8 P
gc 8218 @56.769s 3%: 0.082+0.54+0.10 ms clock, 0.65+0.61/0.69/0+0.82 ms cpu, 3->3->1 MB, 4 MB goal, 0 MB stacks, 0 MB globals, 8 P
gc 8219 @56.771s 3%: 0.094+0.55+0.092 ms clock, 0.75+0.56/0.68/0+0.73 ms cpu, 3->3->1 MB, 4 MB goal, 0 MB stacks, 0 MB globals, 8 P
gc 8220 @56.774s 3%: 0.10+0.67+0.12 ms clock, 0.87+0.51/0.58/0+1.0 ms cpu, 3->3->1 MB, 4 MB goal, 0 MB stacks, 0 MB globals, 8 P
gc 8221 @56.777s 3%: 0.11+0.56+0.033 ms clock, 0.88+0.70/0.63/0+0.26 ms cpu, 3->3->1 MB, 4 MB goal, 0 MB stacks, 0 MB globals, 8 P
gc 8222 @56.780s 3%: 0.10+0.56+0.11 ms clock, 0.83+0.64/0.67/0+0.93 ms cpu, 3->3->1 MB, 4 MB goal, 0 MB stacks, 0 MB globals, 8 P
gc 8223 @56.782s 3%: 0.090+0.49+0.11 ms clock, 0.72+0.56/0.60/0+0.93 ms cpu, 3->3->1 MB, 4 MB goal, 0 MB stacks, 0 MB globals, 8 P
gc 8224 @56.785s 3%: 0.074+0.62+0.046 ms clock, 0.59+0.64/0.79/0+0.37 ms cpu, 3->3->1 MB, 4 MB goal, 0 MB stacks, 0 MB globals, 8 P
gc 8225 @56.788s 3%: 0.10+0.74+0.064 ms clock, 0.81+0.66/0.62/0+0.51 ms cpu, 3->3->1 MB, 4 MB goal, 0 MB stacks, 0 MB globals, 8 P
gc 8226 @56.791s 3%: 0.074+0.88+0.077 ms clock, 0.59+0.67/0.66/0+0.61 ms cpu, 3->3->1 MB, 4 MB goal, 0 MB stacks, 0 MB globals, 8 P
gc 8227 @56.794s 3%: 0.10+0.55+0.10 ms clock, 0.85+0.69/0.60/0+0.84 ms cpu, 3->3->1 MB, 4 MB goal, 0 MB stacks, 0 MB globals, 8 P
gc 8228 @56.796s 3%: 0.074+0.44+0.074 ms clock, 0.59+0.68/0.56/0+0.59 ms cpu, 3->3->1 MB, 4 MB goal, 0 MB stacks, 0 MB globals, 8 P
gc 8229 @56.799s 3%: 0.15+0.55+0.10 ms clock, 1.2+0.61/0.60/0+0.82 ms cpu, 3->3->1 MB, 4 MB goal, 0 MB stacks, 0 MB globals, 8 P
gc 8230 @56.802s 3%: 0.092+0.56+0.058 ms clock, 0.73+0.56/0.65/0+0.47 ms cpu, 3->3->1 MB, 4 MB goal, 0 MB stacks, 0 MB globals, 8 P
gc 8231 @56.805s 3%: 0.11+0.43+0.056 ms clock, 0.95+0.64/0.48/0+0.45 ms cpu, 3->3->1 MB, 4 MB goal, 0 MB stacks, 0 MB globals, 8 P
gc 8232 @56.807s 3%: 0.050+0.65+0.10 ms clock, 0.40+0.52/0.69/0+0.86 ms cpu, 3->3->1 MB, 4 MB goal, 0 MB stacks, 0 MB globals, 8 P
gc 8233 @56.810s 3%: 0.10+0.52+0.090 ms clock, 0.80+0.64/0.65/0+0.72 ms cpu, 3->3->1 MB, 4 MB goal, 0 MB stacks, 0 MB globals, 8 P
gc 8234 @56.813s 3%: 0.072+0.60+0.077 ms clock, 0.58+0.64/0.59/0+0.62 ms cpu, 3->3->1 MB, 4 MB goal, 0 MB stacks, 0 MB globals, 8 P
gc 8235 @56.816s 3%: 0.10+0.57+0.10 ms clock, 0.85+0.64/0.66/0+0.83 ms cpu, 3->3->1 MB, 4 MB goal, 0 MB stacks, 0 MB globals, 8 P
gc 8236 @56.819s 3%: 0.069+0.57+0.094 ms clock, 0.55+0.65/0.65/0+0.75 ms cpu, 3->3->1 MB, 4 MB goal, 0 MB stacks, 0 MB globals, 8 P
gc 8237 @56.821s 3%: 0.10+0.61+0.17 ms clock, 0.87+0.61/0.74/0+1.3 ms cpu, 3->3->1 MB, 4 MB goal, 0 MB stacks, 0 MB globals, 8 P
gc 8238 @56.824s 3%: 0.10+0.55+0.11 ms clock, 0.80+0.66/0.60/0+0.89 ms cpu, 3->3->1 MB, 4 MB goal, 0 MB stacks, 0 MB globals, 8 P
gc 8239 @56.827s 3%: 0.071+0.78+0.026 ms clock, 0.57+0.71/0.56/0+0.21 ms cpu, 3->3->1 MB, 4 MB goal, 0 MB stacks, 0 MB globals, 8 P
gc 8240 @56.830s 3%: 0.087+0.59+0.090 ms clock, 0.69+0.73/0.60/0+0.72 ms cpu, 3->3->1 MB, 4 MB goal, 0 MB stacks, 0 MB globals, 8 P
gc 8241 @56.832s 3%: 0.10+0.73+0.077 ms clock, 0.82+0.63/0.63/0+0.62 ms cpu, 3->3->1 MB, 4 MB goal, 0 MB stacks, 0 MB globals, 8 P
gc 8242 @56.835s 3%: 0.12+0.51+0.081 ms clock, 0.97+0.66/0.63/0+0.65 ms cpu, 3->3->1 MB, 4 MB goal, 0 MB stacks, 0 MB globals, 8 P
gc 8243 @56.838s 3%: 0.095+0.63+0.073 ms clock, 0.76+0.39/0.91/0+0.58 ms cpu, 3->3->1 MB, 4 MB goal, 0 MB stacks, 0 MB globals, 8 P
gc 8244 @56.841s 3%: 0.061+0.44+0.11 ms clock, 0.49+0.82/0.51/0+0.95 ms cpu, 3->3->1 MB, 4 MB goal, 0 MB stacks, 0 MB globals, 8 P
gc 8245 @56.844s 3%: 0.10+0.51+0.068 ms clock, 0.84+0.69/0.67/0+0.54 ms cpu, 3->3->1 MB, 4 MB goal, 0 MB stacks, 0 MB globals, 8 P
gc 8246 @56.846s 3%: 0.10+1.0+0.095 ms clock, 0.85+0.58/0.77/0+0.76 ms cpu, 3->4->1 MB, 4 MB goal, 0 MB stacks, 0 MB globals, 8 P
gc 8247 @56.849s 3%: 0.092+0.62+0.11 ms clock, 0.74+0.70/0.72/0+0.94 ms cpu, 3->3->1 MB, 4 MB goal, 0 MB stacks, 0 MB globals, 8 P
gc 8248 @56.852s 3%: 0.092+1.0+0.10 ms clock, 0.74+0.71/0.59/0+0.84 ms cpu, 3->4->1 MB, 4 MB goal, 0 MB stacks, 0 MB globals, 8 P
gc 8249 @56.855s 3%: 0.12+0.50+0.10 ms clock, 0.98+0.69/0.64/0+0.86 ms cpu, 3->3->1 MB, 4 MB goal, 0 MB stacks, 0 MB globals, 8 P
gc 8250 @56.858s 3%: 0.10+0.51+0.098 ms clock, 0.83+0.66/0.57/0+0.78 ms cpu, 3->3->1 MB, 4 MB goal, 0 MB stacks, 0 MB globals, 8 P
gc 8251 @56.860s 3%: 0.51+0.33+0.077 ms clock, 4.1+0.85/0.61/0+0.61 ms cpu, 3->3->1 MB, 4 MB goal, 0 MB stacks, 0 MB globals, 8 P
gc 8252 @56.863s 3%: 0.11+0.64+0.078 ms clock, 0.91+0.74/0.59/0+0.62 ms cpu, 3->3->1 MB, 4 MB goal, 0 MB stacks, 0 MB globals, 8 P
gc 8253 @56.866s 3%: 0.10+0.57+0.089 ms clock, 0.84+0.59/0.60/0+0.71 ms cpu, 3->3->1 MB, 4 MB goal, 0 MB stacks, 0 MB globals, 8 P
gc 8254 @56.869s 3%: 0.098+0.59+0.12 ms clock, 0.78+0.57/0.63/0+0.99 ms cpu, 3->3->1 MB, 4 MB goal, 0 MB stacks, 0 MB globals, 8 P
gc 8255 @56.872s 3%: 0.14+0.46+0.10 ms clock, 1.1+0.61/0.64/0+0.81 ms cpu, 3->3->1 MB, 4 MB goal, 0 MB stacks, 0 MB globals, 8 P
gc 8256 @56.874s 3%: 0.10+0.56+0.098 ms clock, 0.84+0.60/0.66/0+0.78 ms cpu, 3->3->1 MB, 4 MB goal, 0 MB stacks, 0 MB globals, 8 P
gc 8257 @56.877s 3%: 0.11+0.44+0.11 ms clock, 0.93+0.72/0.58/0+0.91 ms cpu, 3->3->1 MB, 4 MB goal, 0 MB stacks, 0 MB globals, 8 P
gc 8258 @56.880s 3%: 0.095+0.57+0.094 ms clock, 0.76+0.63/0.56/0+0.75 ms cpu, 3->3->1 MB, 4 MB goal, 0 MB stacks, 0 MB globals, 8 P
gc 8259 @56.883s 3%: 0.090+0.64+0.099 ms clock, 0.72+0.67/0.77/0+0.79 ms cpu, 3->3->1 MB, 4 MB goal, 0 MB stacks, 0 MB globals, 8 P
gc 8260 @56.885s 3%: 0.079+0.83+0.069 ms clock, 0.63+0.71/0.64/0+0.55 ms cpu, 3->3->1 MB, 4 MB goal, 0 MB stacks, 0 MB globals, 8 P
gc 8261 @56.888s 3%: 0.10+0.50+0.097 ms clock, 0.83+0.74/0.55/0+0.77 ms cpu, 3->3->1 MB, 4 MB goal, 0 MB stacks, 0 MB globals, 8 P
gc 8262 @56.891s 3%: 0.084+0.40+0.11 ms clock, 0.67+0.67/0.54/0+0.95 ms cpu, 3->3->1 MB, 4 MB goal, 0 MB stacks, 0 MB globals, 8 P
gc 8263 @56.894s 3%: 0.096+0.57+0.12 ms clock, 0.76+0.71/0.68/0+1.0 ms cpu, 3->3->1 MB, 4 MB goal, 0 MB stacks, 0 MB globals, 8 P
gc 8264 @56.897s 3%: 0.095+0.53+0.083 ms clock, 0.76+0.67/0.56/0+0.66 ms cpu, 3->3->1 MB, 4 MB goal, 0 MB stacks, 0 MB globals, 8 P
gc 8265 @56.899s 3%: 0.064+0.91+0.10 ms clock, 0.51+0.59/0.72/0+0.82 ms cpu, 3->3->1 MB, 4 MB goal, 0 MB stacks, 0 MB globals, 8 P
gc 8266 @56.902s 3%: 0.069+0.52+0.097 ms clock, 0.55+0.73/0.59/0+0.77 ms cpu, 3->3->1 MB, 4 MB goal, 0 MB stacks, 0 MB globals, 8 P
gc 8267 @56.905s 3%: 0.064+0.67+0.13 ms clock, 0.51+0.59/0.70/0+1.1 ms cpu, 3->3->1 MB, 4 MB goal, 0 MB stacks, 0 MB globals, 8 P
gc 8268 @56.908s 3%: 0.16+0.52+0.076 ms clock, 1.3+0.62/0.64/0+0.61 ms cpu, 3->3->1 MB, 4 MB goal, 0 MB stacks, 0 MB globals, 8 P
gc 8269 @56.911s 3%: 0.10+0.53+0.085 ms clock, 0.81+0.61/0.60/0+0.68 ms cpu, 3->3->1 MB, 4 MB goal, 0 MB stacks, 0 MB globals, 8 P
gc 8270 @56.913s 3%: 0.12+0.61+0.11 ms clock, 1.0+0.66/0.68/0+0.88 ms cpu, 3->3->1 MB, 4 MB goal, 0 MB stacks, 0 MB globals, 8 P
gc 8271 @56.916s 3%: 0.063+0.95+0.089 ms clock, 0.50+0.72/0.65/0+0.71 ms cpu, 3->3->1 MB, 4 MB goal, 0 MB stacks, 0 MB globals, 8 P
gc 8272 @56.919s 3%: 0.12+0.75+0.10 ms clock, 0.96+0.68/0.61/0+0.81 ms cpu, 3->3->1 MB, 4 MB goal, 0 MB stacks, 0 MB globals, 8 P
gc 8273 @56.922s 3%: 0.10+0.51+0.088 ms clock, 0.85+0.56/0.60/0+0.71 ms cpu, 3->3->1 MB, 4 MB goal, 0 MB stacks, 0 MB globals, 8 P
gc 8274 @56.925s 3%: 0.10+0.44+0.057 ms clock, 0.83+0.62/0.64/0+0.46 ms cpu, 3->3->1 MB, 4 MB goal, 0 MB stacks, 0 MB globals, 8 P
gc 8275 @56.927s 3%: 0.097+0.56+0.068 ms clock, 0.78+0.72/0.69/0+0.54 ms cpu, 3->3->1 MB, 4 MB goal, 0 MB stacks, 0 MB globals, 8 P
gc 8276 @56.930s 3%: 0.10+0.53+0.078 ms clock, 0.81+0.65/0.64/0+0.63 ms cpu, 3->3->1 MB, 4 MB goal, 0 MB stacks, 0 MB globals, 8 P
gc 8277 @56.933s 3%: 0.11+0.59+0.15 ms clock, 0.88+0.57/0.63/0+1.2 ms cpu, 3->3->1 MB, 4 MB goal, 0 MB stacks, 0 MB globals, 8 P
gc 8278 @56.936s 3%: 0.084+0.84+0.081 ms clock, 0.67+0.60/0.67/0+0.65 ms cpu, 3->3->1 MB, 4 MB goal, 0 MB stacks, 0 MB globals, 8 P
gc 8279 @56.939s 3%: 0.10+0.56+0.099 ms clock, 0.84+0.65/0.61/0+0.79 ms cpu, 3->3->1 MB, 4 MB goal, 0 MB stacks, 0 MB globals, 8 P
gc 8280 @56.942s 3%: 0.11+0.44+0.066 ms clock, 0.89+0.56/0.63/0+0.53 ms cpu, 3->3->1 MB, 4 MB goal, 0 MB stacks, 0 MB globals, 8 P
gc 8281 @56.944s 3%: 0.071+0.74+0.084 ms clock, 0.57+0.68/0.76/0+0.67 ms cpu, 3->3->1 MB, 4 MB goal, 0 MB stacks, 0 MB globals, 8 P
gc 8282 @56.947s 3%: 0.11+0.59+0.12 ms clock, 0.92+0.66/0.68/0+1.0 ms cpu, 3->3->1 MB, 4 MB goal, 0 MB stacks, 0 MB globals, 8 P
gc 8283 @56.950s 3%: 0.092+0.53+0.058 ms clock, 0.73+0.68/0.59/0+0.46 ms cpu, 3->3->1 MB, 4 MB goal, 0 MB stacks, 0 MB globals, 8 P
gc 8284 @56.953s 3%: 0.14+0.50+0.084 ms clock, 1.1+0.76/0.65/0+0.67 ms cpu, 3->3->1 MB, 4 MB goal, 0 MB stacks, 0 MB globals, 8 P
gc 8285 @56.956s 3%: 0.096+0.56+0.13 ms clock, 0.77+0.61/0.56/0+1.0 ms cpu, 3->3->1 MB, 4 MB goal, 0 MB stacks, 0 MB globals, 8 P
gc 8286 @56.958s 3%: 0.090+0.49+0.10 ms clock, 0.72+0.66/0.60/0+0.85 ms cpu, 3->3->1 MB, 4 MB goal, 0 MB stacks, 0 MB globals, 8 P
gc 8287 @56.961s 3%: 0.097+0.49+0.13 ms clock, 0.77+0.72/0.57/0+1.1 ms cpu, 3->3->1 MB, 4 MB goal, 0 MB stacks, 0 MB globals, 8 P
gc 8288 @56.964s 3%: 0.13+0.73+0.073 ms clock, 1.0+0.72/0.55/0+0.59 ms cpu, 3->3->1 MB, 4 MB goal, 0 MB stacks, 0 MB globals, 8 P
gc 8289 @56.967s 3%: 0.087+0.55+0.057 ms clock, 0.69+0.63/0.66/0+0.46 ms cpu, 3->3->1 MB, 4 MB goal, 0 MB stacks, 0 MB globals, 8 P
gc 8290 @56.969s 3%: 0.099+0.58+0.061 ms clock, 0.79+0.63/0.67/0+0.49 ms cpu, 3->3->1 MB, 4 MB goal, 0 MB stacks, 0 MB globals, 8 P
gc 8291 @56.972s 3%: 0.13+0.70+0.099 ms clock, 1.0+0.67/0.67/0+0.79 ms cpu, 3->3->1 MB, 4 MB goal, 0 MB stacks, 0 MB globals, 8 P
gc 8292 @56.975s 3%: 0.033+0.85+0.10 ms clock, 0.26+0.62/0.60/0+0.82 ms cpu, 3->3->1 MB, 4 MB goal, 0 MB stacks, 0 MB globals, 8 P
gc 8293 @56.978s 3%: 0.092+0.95+0.069 ms clock, 0.73+0.57/0.73/0+0.55 ms cpu, 3->4->1 MB, 4 MB goal, 0 MB stacks, 0 MB globals, 8 P
gc 8294 @56.981s 3%: 0.096+0.50+0.072 ms clock, 0.77+0.71/0.56/0+0.57 ms cpu, 3->3->1 MB, 4 MB goal, 0 MB stacks, 0 MB globals, 8 P
gc 8295 @56.984s 3%: 0.073+0.44+0.065 ms clock, 0.58+0.54/0.67/0+0.52 ms cpu, 3->3->1 MB, 4 MB goal, 0 MB stacks, 0 MB globals, 8 P
gc 8296 @56.986s 3%: 0.098+0.52+0.098 ms clock, 0.79+0.56/0.68/0+0.78 ms cpu, 3->3->1 MB, 4 MB goal, 0 MB stacks, 0 MB globals, 8 P
gc 8297 @56.989s 3%: 0.12+0.47+0.086 ms clock, 1.0+0.79/0.62/0+0.68 ms cpu, 3->3->1 MB, 4 MB goal, 0 MB stacks, 0 MB globals, 8 P
gc 8298 @56.992s 3%: 0.14+0.80+0.093 ms clock, 1.1+0.63/0.65/0+0.74 ms cpu, 3->3->1 MB, 4 MB goal, 0 MB stacks, 0 MB globals, 8 P
gc 8299 @56.995s 3%: 0.10+0.49+0.14 ms clock, 0.85+0.64/0.60/0+1.1 ms cpu, 3->3->1 MB, 4 MB goal, 0 MB stacks, 0 MB globals, 8 P
gc 8300 @56.998s 3%: 0.12+0.55+0.11 ms clock, 0.96+0.50/0.60/0+0.93 ms cpu, 3->3->1 MB, 4 MB goal, 0 MB stacks, 0 MB globals, 8 P
gc 8301 @57.000s 3%: 0.068+0.75+0.024 ms clock, 0.54+0.69/0.60/0+0.19 ms cpu, 3->3->1 MB, 4 MB goal, 0 MB stacks, 0 MB globals, 8 P
gc 8302 @57.003s 3%: 0.10+0.45+0.10 ms clock, 0.85+0.72/0.57/0+0.87 ms cpu, 3->3->1 MB, 4 MB goal, 0 MB stacks, 0 MB globals, 8 P
gc 8303 @57.006s 3%: 0.065+0.54+0.10 ms clock, 0.52+0.66/0.63/0+0.85 ms cpu, 3->3->1 MB, 4 MB goal, 0 MB stacks, 0 MB globals, 8 P
gc 8304 @57.009s 3%: 0.096+0.47+0.091 ms clock, 0.76+0.70/0.56/0+0.73 ms cpu, 3->3->1 MB, 4 MB goal, 0 MB stacks, 0 MB globals, 8 P
gc 8305 @57.012s 3%: 0.086+0.52+0.073 ms clock, 0.68+0.62/0.67/0+0.58 ms cpu, 3->3->1 MB, 4 MB goal, 0 MB stacks, 0 MB globals, 8 P
gc 8306 @57.014s 3%: 0.10+0.80+0.087 ms clock, 0.85+0.61/0.72/0+0.69 ms cpu, 3->3->1 MB, 4 MB goal, 0 MB stacks, 0 MB globals, 8 P
gc 8307 @57.017s 3%: 0.048+0.91+0.090 ms clock, 0.38+0.69/0.60/0+0.72 ms cpu, 3->3->1 MB, 4 MB goal, 0 MB stacks, 0 MB globals, 8 P
gc 8308 @57.020s 3%: 0.078+0.69+0.075 ms clock, 0.62+0.53/0.71/0+0.60 ms cpu, 3->3->1 MB, 4 MB goal, 0 MB stacks, 0 MB globals, 8 P
gc 8309 @57.023s 3%: 0.11+0.44+0.12 ms clock, 0.92+0.77/0.61/0+0.99 ms cpu, 3->3->1 MB, 4 MB goal, 0 MB stacks, 0 MB globals, 8 P
gc 8310 @57.026s 3%: 0.093+0.46+0.10 ms clock, 0.74+0.68/0.57/0+0.80 ms cpu, 3->3->1 MB, 4 MB goal, 0 MB stacks, 0 MB globals, 8 P
gc 8311 @57.028s 3%: 0.085+0.80+0.11 ms clock, 0.68+0.72/0.57/0+0.92 ms cpu, 3->3->1 MB, 4 MB goal, 0 MB stacks, 0 MB globals, 8 P
gc 8312 @57.031s 3%: 0.12+0.63+0.091 ms clock, 0.97+0.66/0.73/0+0.73 ms cpu, 3->3->1 MB, 4 MB goal, 0 MB stacks, 0 MB globals, 8 P
gc 8313 @57.034s 3%: 0.12+0.57+0.077 ms clock, 1.0+0.59/0.72/0+0.62 ms cpu, 3->3->1 MB, 4 MB goal, 0 MB stacks, 0 MB globals, 8 P
gc 8314 @57.037s 3%: 0.12+0.46+0.085 ms clock, 0.98+0.55/0.69/0+0.68 ms cpu, 3->3->1 MB, 4 MB goal, 0 MB stacks, 0 MB globals, 8 P
gc 8315 @57.040s 3%: 0.16+0.58+0.11 ms clock, 1.2+0.67/0.57/0+0.88 ms cpu, 3->3->1 MB, 4 MB goal, 0 MB stacks, 0 MB globals, 8 P
gc 8316 @57.042s 3%: 0.10+0.62+0.080 ms clock, 0.85+0.55/0.63/0+0.64 ms cpu, 3->3->1 MB, 4 MB goal, 0 MB stacks, 0 MB globals, 8 P
gc 8317 @57.045s 3%: 0.13+0.59+0.095 ms clock, 1.0+0.50/0.72/0+0.76 ms cpu, 3->3->1 MB, 4 MB goal, 0 MB stacks, 0 MB globals, 8 P
gc 8318 @57.048s 3%: 0.10+0.59+0.10 ms clock, 0.82+0.71/0.61/0+0.82 ms cpu, 3->3->1 MB, 4 MB goal, 0 MB stacks, 0 MB globals, 8 P
gc 8319 @57.051s 3%: 0.11+0.51+0.10 ms clock, 0.93+0.65/0.62/0+0.87 ms cpu, 3->3->1 MB, 4 MB goal, 0 MB stacks, 0 MB globals, 8 P
gc 8320 @57.054s 3%: 0.18+0.52+0.11 ms clock, 1.4+0.58/0.62/0+0.93 ms cpu, 3->3->1 MB, 4 MB goal, 0 MB stacks, 0 MB globals, 8 P
gc 8321 @57.056s 3%: 0.10+0.48+0.090 ms clock, 0.82+0.61/0.57/0.028+0.72 ms cpu, 3->3->1 MB, 4 MB goal, 0 MB stacks, 0 MB globals, 8 P
gc 8322 @57.059s 3%: 0.082+0.92+0.092 ms clock, 0.66+0.71/0.61/0+0.74 ms cpu, 3->3->1 MB, 4 MB goal, 0 MB stacks, 0 MB globals, 8 P
gc 8323 @57.062s 3%: 0.097+0.45+0.091 ms clock, 0.78+0.72/0.57/0+0.73 ms cpu, 3->3->1 MB, 4 MB goal, 0 MB stacks, 0 MB globals, 8 P
gc 8324 @57.065s 3%: 0.077+0.58+0.061 ms clock, 0.62+0.66/0.71/0+0.49 ms cpu, 3->3->1 MB, 4 MB goal, 0 MB stacks, 0 MB globals, 8 P
gc 8325 @57.067s 3%: 0.092+0.54+0.083 ms clock, 0.74+0.66/0.61/0+0.66 ms cpu, 3->3->1 MB, 4 MB goal, 0 MB stacks, 0 MB globals, 8 P
gc 8326 @57.070s 3%: 0.11+0.69+0.032 ms clock, 0.91+0.55/0.56/0+0.26 ms cpu, 3->3->1 MB, 4 MB goal, 0 MB stacks, 0 MB globals, 8 P
gc 8327 @57.073s 3%: 0.10+0.41+0.094 ms clock, 0.83+0.73/0.52/0+0.75 ms cpu, 3->3->1 MB, 4 MB goal, 0 MB stacks, 0 MB globals, 8 P
gc 8328 @57.076s 3%: 0.11+0.49+0.097 ms clock, 0.94+0.64/0.67/0+0.77 ms cpu, 3->3->1 MB, 4 MB goal, 0 MB stacks, 0 MB globals, 8 P
gc 8329 @57.079s 3%: 0.096+0.50+0.051 ms clock, 0.77+0.71/0.56/0+0.41 ms cpu, 3->3->1 MB, 4 MB goal, 0 MB stacks, 0 MB globals, 8 P
gc 8330 @57.081s 3%: 0.078+0.51+0.093 ms clock, 0.63+0.63/0.63/0+0.74 ms cpu, 3->3->1 MB, 4 MB goal, 0 MB stacks, 0 MB globals, 8 P
gc 8331 @57.084s 3%: 0.091+0.64+0.095 ms clock, 0.73+0.64/0.74/0+0.76 ms cpu, 3->3->1 MB, 4 MB goal, 0 MB stacks, 0 MB globals, 8 P
gc 8332 @57.087s 3%: 0.068+0.80+0.070 ms clock, 0.54+0.78/0.93/0.036+0.56 ms cpu, 3->3->1 MB, 4 MB goal, 0 MB stacks, 0 MB globals, 8 P
gc 8333 @57.090s 3%: 0.097+0.65+0.062 ms clock, 0.77+0.75/0.62/0+0.49 ms cpu, 3->3->1 MB, 4 MB goal, 0 MB stacks, 0 MB globals, 8 P
gc 8334 @57.093s 3%: 0.10+0.85+0.087 ms clock, 0.86+0.63/0.65/0+0.70 ms cpu, 3->3->1 MB, 4 MB goal, 0 MB stacks, 0 MB globals, 8 P
gc 8335 @57.095s 3%: 0.091+0.51+0.11 ms clock, 0.73+0.71/0.64/0+0.88 ms cpu, 3->3->1 MB, 4 MB goal, 0 MB stacks, 0 MB globals, 8 P
gc 8336 @57.098s 3%: 0.12+0.52+0.051 ms clock, 1.0+0.68/0.61/0+0.40 ms cpu, 3->3->1 MB, 4 MB goal, 0 MB stacks, 0 MB globals, 8 P
gc 8337 @57.101s 3%: 0.11+0.52+0.10 ms clock, 0.93+0.56/0.68/0+0.81 ms cpu, 3->3->1 MB, 4 MB goal, 0 MB stacks, 0 MB globals, 8 P
gc 8338 @57.104s 3%: 0.10+1.1+0.062 ms clock, 0.81+0.69/0.57/0+0.49 ms cpu, 3->4->1 MB, 4 MB goal, 0 MB stacks, 0 MB globals, 8 P
gc 8339 @57.107s 3%: 0.076+0.44+0.042 ms clock, 0.61+0.75/0.53/0+0.33 ms cpu, 3->3->1 MB, 4 MB goal, 0 MB stacks, 0 MB globals, 8 P
gc 8340 @57.110s 3%: 0.099+0.44+0.087 ms clock, 0.79+0.78/0.57/0+0.70 ms cpu, 3->3->1 MB, 4 MB goal, 0 MB stacks, 0 MB globals, 8 P
gc 8341 @57.112s 3%: 0.096+0.48+0.057 ms clock, 0.77+0.56/0.64/0+0.45 ms cpu, 3->3->1 MB, 4 MB goal, 0 MB stacks, 0 MB globals, 8 P
gc 8342 @57.115s 3%: 0.087+0.64+0.061 ms clock, 0.70+0.53/0.59/0+0.49 ms cpu, 3->3->1 MB, 4 MB goal, 0 MB stacks, 0 MB globals, 8 P
gc 8343 @57.118s 3%: 0.099+0.56+0.084 ms clock, 0.79+0.65/0.67/0+0.67 ms cpu, 3->3->1 MB, 4 MB goal, 0 MB stacks, 0 MB globals, 8 P
gc 8344 @57.121s 3%: 0.085+0.48+0.091 ms clock, 0.68+0.70/0.60/0+0.72 ms cpu, 3->3->1 MB, 4 MB goal, 0 MB stacks, 0 MB globals, 8 P
gc 8345 @57.123s 3%: 0.090+0.40+0.043 ms clock, 0.72+0.66/0.54/0+0.34 ms cpu, 3->3->1 MB, 4 MB goal, 0 MB stacks, 0 MB globals, 8 P
gc 8346 @57.126s 3%: 0.10+0.64+0.042 ms clock, 0.81+0.66/0.59/0+0.33 ms cpu, 3->3->1 MB, 4 MB goal, 0 MB stacks, 0 MB globals, 8 P
gc 8347 @57.129s 3%: 0.11+0.49+0.10 ms clock, 0.90+0.74/0.62/0+0.83 ms cpu, 3->3->1 MB, 4 MB goal, 0 MB stacks, 0 MB globals, 8 P
gc 8348 @57.132s 3%: 0.13+0.52+0.086 ms clock, 1.0+0.69/0.70/0+0.69 ms cpu, 3->3->1 MB, 4 MB goal, 0 MB stacks, 0 MB globals, 8 P
gc 8349 @57.135s 3%: 0.10+0.55+0.074 ms clock, 0.80+0.54/0.59/0+0.59 ms cpu, 3->3->1 MB, 4 MB goal, 0 MB stacks, 0 MB globals, 8 P
gc 8350 @57.137s 3%: 0.10+0.48+0.12 ms clock, 0.81+0.72/0.62/0+0.96 ms cpu, 3->3->1 MB, 4 MB goal, 0 MB stacks, 0 MB globals, 8 P
gc 8351 @57.140s 3%: 0.14+0.45+0.053 ms clock, 1.1+0.59/0.57/0+0.42 ms cpu, 3->3->1 MB, 4 MB goal, 0 MB stacks, 0 MB globals, 8 P
gc 8352 @57.143s 3%: 0.085+0.59+0.095 ms clock, 0.68+0.70/0.55/0+0.76 ms cpu, 3->3->1 MB, 4 MB goal, 0 MB stacks, 0 MB globals, 8 P
gc 8353 @57.146s 3%: 0.10+0.49+0.090 ms clock, 0.81+0.61/0.66/0+0.72 ms cpu, 3->3->1 MB, 4 MB goal, 0 MB stacks, 0 MB globals, 8 P
gc 8354 @57.149s 3%: 0.14+0.52+0.11 ms clock, 1.1+0.71/0.58/0+0.89 ms cpu, 3->3->1 MB, 4 MB goal, 0 MB stacks, 0 MB globals, 8 P
gc 8355 @57.151s 3%: 0.087+0.79+0.099 ms clock, 0.69+0.51/0.64/0+0.79 ms cpu, 3->3->1 MB, 4 MB goal, 0 MB stacks, 0 MB globals, 8 P
gc 8356 @57.154s 3%: 0.060+0.90+0.066 ms clock, 0.48+0.57/0.71/0+0.53 ms cpu, 3->3->1 MB, 4 MB goal, 0 MB stacks, 0 MB globals, 8 P
gc 8357 @57.157s 3%: 0.070+0.52+0.092 ms clock, 0.56+0.68/0.65/0+0.74 ms cpu, 3->3->1 MB, 4 MB goal, 0 MB stacks, 0 MB globals, 8 P
gc 8358 @57.160s 3%: 0.11+0.42+0.071 ms clock, 0.93+0.67/0.55/0+0.57 ms cpu, 3->3->1 MB, 4 MB goal, 0 MB stacks, 0 MB globals, 8 P
gc 8359 @57.163s 3%: 0.058+0.50+0.095 ms clock, 0.46+0.77/0.56/0+0.76 ms cpu, 3->3->1 MB, 4 MB goal, 0 MB stacks, 0 MB globals, 8 P
gc 8360 @57.165s 3%: 0.082+0.46+0.11 ms clock, 0.66+0.67/0.62/0+0.94 ms cpu, 3->3->1 MB, 4 MB goal, 0 MB stacks, 0 MB globals, 8 P
gc 8361 @57.168s 3%: 0.10+0.57+0.054 ms clock, 0.84+0.66/0.56/0+0.43 ms cpu, 3->3->1 MB, 4 MB goal, 0 MB stacks, 0 MB globals, 8 P
gc 8362 @57.171s 3%: 0.068+0.66+0.095 ms clock, 0.54+0.47/0.63/0+0.76 ms cpu, 3->3->1 MB, 4 MB goal, 0 MB stacks, 0 MB globals, 8 P
gc 8363 @57.174s 3%: 0.067+0.42+0.034 ms clock, 0.54+0.71/0.52/0+0.27 ms cpu, 3->3->1 MB, 4 MB goal, 0 MB stacks, 0 MB globals, 8 P
gc 8364 @57.176s 3%: 0.059+1.1+0.11 ms clock, 0.47+0.58/0.74/0+0.95 ms cpu, 3->4->1 MB, 4 MB goal, 0 MB stacks, 0 MB globals, 8 P
gc 8365 @57.179s 3%: 0.10+0.68+0.044 ms clock, 0.85+0.63/0.63/0+0.35 ms cpu, 3->4->1 MB, 4 MB goal, 0 MB stacks, 0 MB globals, 8 P
gc 8366 @57.182s 3%: 0.12+0.51+0.10 ms clock, 0.96+0.74/0.59/0+0.85 ms cpu, 3->3->1 MB, 4 MB goal, 0 MB stacks, 0 MB globals, 8 P
gc 8367 @57.185s 3%: 0.079+0.46+0.052 ms clock, 0.63+0.57/0.63/0+0.42 ms cpu, 3->3->1 MB, 4 MB goal, 0 MB stacks, 0 MB globals, 8 P
gc 8368 @57.188s 3%: 0.088+0.68+0.060 ms clock, 0.70+0.58/0.64/0+0.48 ms cpu, 3->3->1 MB, 4 MB goal, 0 MB stacks, 0 MB globals, 8 P
gc 8369 @57.190s 3%: 0.11+0.40+0.087 ms clock, 0.90+0.73/0.48/0+0.69 ms cpu, 3->3->1 MB, 4 MB goal, 0 MB stacks, 0 MB globals, 8 P
gc 8370 @57.193s 3%: 0.071+0.51+0.051 ms clock, 0.57+0.63/0.65/0+0.40 ms cpu, 3->3->1 MB, 4 MB goal, 0 MB stacks, 0 MB globals, 8 P
gc 8371 @57.196s 3%: 0.044+0.38+0.095 ms clock, 0.35+0.73/0.46/0+0.76 ms cpu, 3->3->1 MB, 4 MB goal, 0 MB stacks, 0 MB globals, 8 P
gc 8372 @57.199s 3%: 0.067+0.55+0.098 ms clock, 0.53+0.56/0.64/0+0.78 ms cpu, 3->3->1 MB, 4 MB goal, 0 MB stacks, 0 MB globals, 8 P
gc 8373 @57.201s 3%: 0.099+0.56+0.095 ms clock, 0.79+0.64/0.65/0+0.76 ms cpu, 3->3->1 MB, 4 MB goal, 0 MB stacks, 0 MB globals, 8 P
gc 8374 @57.204s 3%: 0.10+0.56+0.096 ms clock, 0.82+0.73/0.59/0+0.77 ms cpu, 3->3->1 MB, 4 MB goal, 0 MB stacks, 0 MB globals, 8 P
gc 8375 @57.207s 3%: 0.071+0.45+0.12 ms clock, 0.57+0.68/0.60/0+1.0 ms cpu, 3->3->1 MB, 4 MB goal, 0 MB stacks, 0 MB globals, 8 P
gc 8376 @57.210s 3%: 0.086+0.59+0.086 ms clock, 0.69+0.68/0.61/0+0.69 ms cpu, 3->3->1 MB, 4 MB goal, 0 MB stacks, 0 MB globals, 8 P
gc 8377 @57.212s 3%: 0.082+1.0+0.10 ms clock, 0.65+1.0/0.76/0+0.83 ms cpu, 3->3->1 MB, 4 MB goal, 0 MB stacks, 0 MB globals, 8 P
gc 8378 @57.215s 3%: 0.12+1.0+0.031 ms clock, 0.96+0.75/0.57/0+0.25 ms cpu, 3->4->1 MB, 4 MB goal, 0 MB stacks, 0 MB globals, 8 P
gc 8379 @57.218s 3%: 0.11+0.46+0.082 ms clock, 0.95+0.65/0.64/0+0.66 ms cpu, 3->3->1 MB, 4 MB goal, 0 MB stacks, 0 MB globals, 8 P
gc 8380 @57.221s 3%: 0.10+0.65+0.11 ms clock, 0.85+0.60/0.65/0+0.92 ms cpu, 3->3->1 MB, 4 MB goal, 0 MB stacks, 0 MB globals, 8 P
gc 8381 @57.224s 3%: 0.070+0.51+0.089 ms clock, 0.56+0.73/0.58/0+0.71 ms cpu, 3->3->1 MB, 4 MB goal, 0 MB stacks, 0 MB globals, 8 P
gc 8382 @57.227s 3%: 0.065+0.56+0.068 ms clock, 0.52+0.62/0.59/0+0.55 ms cpu, 3->3->1 MB, 4 MB goal, 0 MB stacks, 0 MB globals, 8 P
gc 8383 @57.230s 3%: 0.085+0.41+0.076 ms clock, 0.68+0.72/0.56/0+0.61 ms cpu, 3->3->1 MB, 4 MB goal, 0 MB stacks, 0 MB globals, 8 P
gc 8384 @57.232s 3%: 0.12+0.49+0.091 ms clock, 0.97+0.58/0.66/0+0.72 ms cpu, 3->3->1 MB, 4 MB goal, 0 MB stacks, 0 MB globals, 8 P
gc 8385 @57.235s 3%: 0.10+0.51+0.096 ms clock, 0.87+0.66/0.60/0+0.77 ms cpu, 3->3->1 MB, 4 MB goal, 0 MB stacks, 0 MB globals, 8 P
gc 8386 @57.238s 3%: 0.087+0.43+0.074 ms clock, 0.70+0.69/0.58/0+0.59 ms cpu, 3->3->1 MB, 4 MB goal, 0 MB stacks, 0 MB globals, 8 P
gc 8387 @57.240s 3%: 0.11+0.53+0.12 ms clock, 0.88+0.51/0.59/0+1.0 ms cpu, 3->3->1 MB, 4 MB goal, 0 MB stacks, 0 MB globals, 8 P
gc 8388 @57.243s 3%: 0.11+0.57+0.10 ms clock, 0.89+0.58/0.64/0+0.80 ms cpu, 3->3->1 MB, 4 MB goal, 0 MB stacks, 0 MB globals, 8 P
gc 8389 @57.246s 3%: 0.11+0.70+0.092 ms clock, 0.94+0.62/0.59/0+0.74 ms cpu, 3->3->1 MB, 4 MB goal, 0 MB stacks, 0 MB globals, 8 P
gc 8390 @57.249s 3%: 0.095+0.48+0.052 ms clock, 0.76+0.70/0.61/0+0.41 ms cpu, 3->3->1 MB, 4 MB goal, 0 MB stacks, 0 MB globals, 8 P
gc 8391 @57.252s 3%: 0.10+0.75+0.081 ms clock, 0.85+0.49/0.76/0+0.65 ms cpu, 3->3->1 MB, 4 MB goal, 0 MB stacks, 0 MB globals, 8 P
gc 8392 @57.255s 3%: 0.068+0.51+0.11 ms clock, 0.54+0.70/0.62/0+0.92 ms cpu, 3->3->1 MB, 4 MB goal, 0 MB stacks, 0 MB globals, 8 P
gc 8393 @57.257s 3%: 0.097+0.92+0.091 ms clock, 0.78+0.46/0.64/0+0.72 ms cpu, 3->3->1 MB, 4 MB goal, 0 MB stacks, 0 MB globals, 8 P
gc 8394 @57.260s 3%: 0.10+0.65+0.038 ms clock, 0.87+0.69/0.59/0+0.31 ms cpu, 3->3->1 MB, 4 MB goal, 0 MB stacks, 0 MB globals, 8 P
gc 8395 @57.263s 3%: 0.088+0.80+0.075 ms clock, 0.70+0.70/0.68/0+0.60 ms cpu, 3->3->1 MB, 4 MB goal, 0 MB stacks, 0 MB globals, 8 P
gc 8396 @57.266s 3%: 0.075+0.64+0.083 ms clock, 0.60+0.60/0.75/0+0.67 ms cpu, 3->3->1 MB, 4 MB goal, 0 MB stacks, 0 MB globals, 8 P
gc 8397 @57.269s 3%: 0.12+0.52+0.096 ms clock, 1.0+0.64/0.61/0+0.76 ms cpu, 3->3->1 MB, 4 MB goal, 0 MB stacks, 0 MB globals, 8 P
gc 8398 @57.271s 3%: 0.11+0.39+0.053 ms clock, 0.93+0.66/0.60/0+0.42 ms cpu, 3->3->1 MB, 4 MB goal, 0 MB stacks, 0 MB globals, 8 P
gc 8399 @57.274s 3%: 0.10+0.46+0.10 ms clock, 0.82+0.55/0.63/0+0.84 ms cpu, 3->3->1 MB, 4 MB goal, 0 MB stacks, 0 MB globals, 8 P
gc 8400 @57.277s 3%: 0.14+0.46+0.10 ms clock, 1.1+0.55/0.67/0+0.82 ms cpu, 3->3->1 MB, 4 MB goal, 0 MB stacks, 0 MB globals, 8 P
gc 8401 @57.280s 3%: 0.12+0.50+0.11 ms clock, 0.99+0.66/0.58/0+0.88 ms cpu, 3->3->1 MB, 4 MB goal, 0 MB stacks, 0 MB globals, 8 P
gc 8402 @57.282s 3%: 0.081+0.71+0.090 ms clock, 0.65+0.59/0.60/0+0.72 ms cpu, 3->3->1 MB, 4 MB goal, 0 MB stacks, 0 MB globals, 8 P
gc 8403 @57.285s 3%: 0.062+0.78+0.088 ms clock, 0.49+0.74/0.57/0+0.70 ms cpu, 3->3->1 MB, 4 MB goal, 0 MB stacks, 0 MB globals, 8 P
gc 8404 @57.288s 3%: 0.094+0.56+0.067 ms clock, 0.75+0.65/0.63/0+0.54 ms cpu, 3->3->1 MB, 4 MB goal, 0 MB stacks, 0 MB globals, 8 P
gc 8405 @57.291s 3%: 0.074+0.51+0.10 ms clock, 0.59+0.68/0.63/0+0.80 ms cpu, 3->3->1 MB, 4 MB goal, 0 MB stacks, 0 MB globals, 8 P
gc 8406 @57.294s 3%: 0.086+0.49+0.075 ms clock, 0.69+0.70/0.65/0+0.60 ms cpu, 3->3->1 MB, 4 MB goal, 0 MB stacks, 0 MB globals, 8 P
gc 8407 @57.296s 3%: 0.12+0.48+0.090 ms clock, 0.96+0.61/0.62/0+0.72 ms cpu, 3->3->1 MB, 4 MB goal, 0 MB stacks, 0 MB globals, 8 P
gc 8408 @57.299s 3%: 0.10+0.72+0.040 ms clock, 0.80+0.67/0.58/0+0.32 ms cpu, 3->3->1 MB, 4 MB goal, 0 MB stacks, 0 MB globals, 8 P
gc 8409 @57.302s 3%: 0.089+0.56+0.084 ms clock, 0.71+0.64/0.57/0+0.67 ms cpu, 3->3->1 MB, 4 MB goal, 0 MB stacks, 0 MB globals, 8 P
gc 8410 @57.305s 3%: 0.12+0.88+0.069 ms clock, 0.96+0.58/0.67/0+0.55 ms cpu, 3->3->1 MB, 4 MB goal, 0 MB stacks, 0 MB globals, 8 P
gc 8411 @57.308s 3%: 0.072+0.78+0.099 ms clock, 0.58+0.69/0.56/0+0.79 ms cpu, 3->3->1 MB, 4 MB goal, 0 MB stacks, 0 MB globals, 8 P
gc 8412 @57.311s 3%: 0.061+0.60+0.070 ms clock, 0.49+0.78/0.58/0+0.56 ms cpu, 3->3->1 MB, 4 MB goal, 0 MB stacks, 0 MB globals, 8 P
gc 8413 @57.313s 3%: 0.092+0.42+0.12 ms clock, 0.73+0.67/0.63/0+0.98 ms cpu, 3->3->1 MB, 4 MB goal, 0 MB stacks, 0 MB globals, 8 P
gc 8414 @57.316s 3%: 0.15+0.46+0.13 ms clock, 1.2+0.58/0.62/0+1.0 ms cpu, 3->3->1 MB, 4 MB goal, 0 MB stacks, 0 MB globals, 8 P
gc 8415 @57.319s 3%: 0.096+0.64+0.093 ms clock, 0.76+0.58/0.69/0+0.74 ms cpu, 3->3->1 MB, 4 MB goal, 0 MB stacks, 0 MB globals, 8 P
gc 8416 @57.322s 3%: 0.093+0.87+0.092 ms clock, 0.74+0.68/0.59/0+0.73 ms cpu, 3->3->1 MB, 4 MB goal, 0 MB stacks, 0 MB globals, 8 P
gc 8417 @57.324s 3%: 0.070+0.82+0.078 ms clock, 0.56+0.62/0.59/0+0.62 ms cpu, 3->3->1 MB, 4 MB goal, 0 MB stacks, 0 MB globals, 8 P
gc 8418 @57.327s 3%: 0.071+0.54+0.10 ms clock, 0.56+0.72/0.61/0+0.84 ms cpu, 3->3->1 MB, 4 MB goal, 0 MB stacks, 0 MB globals, 8 P
gc 8419 @57.330s 3%: 0.12+0.53+0.050 ms clock, 0.96+0.62/0.65/0+0.40 ms cpu, 3->3->1 MB, 4 MB goal, 0 MB stacks, 0 MB globals, 8 P
gc 8420 @57.333s 3%: 0.088+0.47+0.14 ms clock, 0.70+0.65/0.59/0+1.1 ms cpu, 3->3->1 MB, 4 MB goal, 0 MB stacks, 0 MB globals, 8 P
gc 8421 @57.336s 3%: 0.10+0.83+0.077 ms clock, 0.86+0.61/0.58/0+0.62 ms cpu, 3->3->1 MB, 4 MB goal, 0 MB stacks, 0 MB globals, 8 P
gc 8422 @57.339s 3%: 0.10+0.57+0.14 ms clock, 0.85+0.65/0.66/0+1.1 ms cpu, 3->3->1 MB, 4 MB goal, 0 MB stacks, 0 MB globals, 8 P
gc 8423 @57.341s 3%: 0.093+0.53+0.085 ms clock, 0.74+0.74/0.60/0+0.68 ms cpu, 3->3->1 MB, 4 MB goal, 0 MB stacks, 0 MB globals, 8 P
gc 8424 @57.344s 3%: 0.090+0.47+0.089 ms clock, 0.72+0.70/0.57/0+0.71 ms cpu, 3->3->1 MB, 4 MB goal, 0 MB stacks, 0 MB globals, 8 P
gc 8425 @57.347s 3%: 0.10+0.66+0.093 ms clock, 0.86+0.64/0.58/0+0.74 ms cpu, 3->3->1 MB, 4 MB goal, 0 MB stacks, 0 MB globals, 8 P
gc 8426 @57.350s 3%: 0.078+0.98+0.063 ms clock, 0.63+0.51/0.64/0+0.50 ms cpu, 3->3->1 MB, 4 MB goal, 0 MB stacks, 0 MB globals, 8 P
gc 8427 @57.352s 3%: 0.12+0.74+0.094 ms clock, 0.97+0.67/0.57/0+0.75 ms cpu, 3->3->1 MB, 4 MB goal, 0 MB stacks, 0 MB globals, 8 P
gc 8428 @57.355s 3%: 0.11+0.47+0.047 ms clock, 0.94+0.75/0.50/0+0.37 ms cpu, 3->3->1 MB, 4 MB goal, 0 MB stacks, 0 MB globals, 8 P
gc 8429 @57.358s 3%: 0.13+0.50+0.087 ms clock, 1.0+0.64/0.59/0+0.69 ms cpu, 3->3->1 MB, 4 MB goal, 0 MB stacks, 0 MB globals, 8 P
gc 8430 @57.361s 3%: 0.094+1.0+0.055 ms clock, 0.75+0.69/0.60/0+0.44 ms cpu, 3->4->1 MB, 4 MB goal, 0 MB stacks, 0 MB globals, 8 P
gc 8431 @57.364s 3%: 0.11+0.79+0.078 ms clock, 0.90+0.59/0.66/0+0.62 ms cpu, 3->3->1 MB, 4 MB goal, 0 MB stacks, 0 MB globals, 8 P
gc 8432 @57.367s 3%: 0.097+0.66+0.12 ms clock, 0.78+0.62/0.77/0+0.97 ms cpu, 3->3->1 MB, 4 MB goal, 0 MB stacks, 0 MB globals, 8 P
gc 8433 @57.370s 3%: 0.11+0.47+0.071 ms clock, 0.94+0.68/0.54/0+0.57 ms cpu, 3->3->1 MB, 4 MB goal, 0 MB stacks, 0 MB globals, 8 P
gc 8434 @57.372s 3%: 0.10+0.75+0.077 ms clock, 0.81+0.70/0.59/0+0.62 ms cpu, 3->3->1 MB, 4 MB goal, 0 MB stacks, 0 MB globals, 8 P
gc 8435 @57.375s 3%: 0.10+0.48+0.10 ms clock, 0.84+0.62/0.54/0+0.82 ms cpu, 3->3->1 MB, 4 MB goal, 0 MB stacks, 0 MB globals, 8 P
gc 8436 @57.378s 3%: 0.064+0.52+0.064 ms clock, 0.51+0.69/0.65/0+0.51 ms cpu, 3->3->1 MB, 4 MB goal, 0 MB stacks, 0 MB globals, 8 P
gc 8437 @57.381s 3%: 0.094+0.58+0.11 ms clock, 0.75+0.61/0.77/0+0.90 ms cpu, 3->3->1 MB, 4 MB goal, 0 MB stacks, 0 MB globals, 8 P
gc 8438 @57.384s 3%: 0.088+0.67+0.11 ms clock, 0.70+0.55/0.70/0+0.89 ms cpu, 3->3->1 MB, 4 MB goal, 0 MB stacks, 0 MB globals, 8 P
gc 8439 @57.386s 3%: 0.11+0.71+0.067 ms clock, 0.92+0.68/0.56/0+0.54 ms cpu, 3->3->1 MB, 4 MB goal, 0 MB stacks, 0 MB globals, 8 P
gc 8440 @57.389s 3%: 0.090+0.64+0.087 ms clock, 0.72+0.61/0.74/0+0.70 ms cpu, 3->3->1 MB, 4 MB goal, 0 MB stacks, 0 MB globals, 8 P
gc 8441 @57.392s 3%: 0.075+0.58+0.082 ms clock, 0.60+0.65/0.65/0+0.66 ms cpu, 3->3->1 MB, 4 MB goal, 0 MB stacks, 0 MB globals, 8 P
gc 8442 @57.395s 3%: 0.082+0.51+0.061 ms clock, 0.66+0.69/0.57/0+0.48 ms cpu, 3->3->1 MB, 4 MB goal, 0 MB stacks, 0 MB globals, 8 P
gc 8443 @57.398s 3%: 0.12+0.41+0.054 ms clock, 0.96+0.71/0.58/0+0.43 ms cpu, 3->3->1 MB, 4 MB goal, 0 MB stacks, 0 MB globals, 8 P
gc 8444 @57.400s 3%: 0.11+0.44+0.077 ms clock, 0.93+0.62/0.63/0+0.62 ms cpu, 3->3->1 MB, 4 MB goal, 0 MB stacks, 0 MB globals, 8 P
gc 8445 @57.403s 3%: 0.11+0.57+0.084 ms clock, 0.93+0.57/0.71/0+0.67 ms cpu, 3->3->1 MB, 4 MB goal, 0 MB stacks, 0 MB globals, 8 P
gc 8446 @57.406s 3%: 0.10+0.54+0.17 ms clock, 0.81+0.73/0.62/0+1.4 ms cpu, 3->3->1 MB, 4 MB goal, 0 MB stacks, 0 MB globals, 8 P
gc 8447 @57.409s 3%: 0.087+0.44+0.089 ms clock, 0.70+0.65/0.61/0+0.71 ms cpu, 3->3->1 MB, 4 MB goal, 0 MB stacks, 0 MB globals, 8 P
gc 8448 @57.412s 3%: 0.13+0.59+0.11 ms clock, 1.0+0.69/0.70/0+0.92 ms cpu, 3->3->1 MB, 4 MB goal, 0 MB stacks, 0 MB globals, 8 P
gc 8449 @57.414s 3%: 0.10+0.71+0.078 ms clock, 0.85+0.67/0.64/0+0.62 ms cpu, 3->3->1 MB, 4 MB goal, 0 MB stacks, 0 MB globals, 8 P
gc 8450 @57.417s 3%: 0.069+0.47+0.084 ms clock, 0.55+0.68/0.62/0+0.67 ms cpu, 3->3->1 MB, 4 MB goal, 0 MB stacks, 0 MB globals, 8 P
gc 8451 @57.420s 3%: 0.15+0.47+0.093 ms clock, 1.2+0.67/0.61/0+0.74 ms cpu, 3->3->1 MB, 4 MB goal, 0 MB stacks, 0 MB globals, 8 P
gc 8452 @57.423s 3%: 0.11+0.55+0.095 ms clock, 0.90+0.67/0.63/0+0.76 ms cpu, 3->3->1 MB, 4 MB goal, 0 MB stacks, 0 MB globals, 8 P
gc 8453 @57.426s 3%: 0.092+1.3+0.090 ms clock, 0.74+0.69/0.57/0+0.72 ms cpu, 3->4->1 MB, 4 MB goal, 0 MB stacks, 0 MB globals, 8 P
gc 8454 @57.429s 3%: 0.086+0.46+0.093 ms clock, 0.69+0.70/0.58/0+0.74 ms cpu, 3->4->1 MB, 4 MB goal, 0 MB stacks, 0 MB globals, 8 P
gc 8455 @57.432s 3%: 0.097+0.50+0.096 ms clock, 0.78+0.71/0.54/0+0.77 ms cpu, 3->3->1 MB, 4 MB goal, 0 MB stacks, 0 MB globals, 8 P
gc 8456 @57.434s 3%: 0.084+0.48+0.088 ms clock, 0.67+0.67/0.64/0+0.70 ms cpu, 3->3->1 MB, 4 MB goal, 0 MB stacks, 0 MB globals, 8 P
gc 8457 @57.437s 3%: 0.079+0.44+0.11 ms clock, 0.63+0.69/0.56/0+0.89 ms cpu, 3->3->1 MB, 4 MB goal, 0 MB stacks, 0 MB globals, 8 P
gc 8458 @57.440s 3%: 0.088+0.50+0.10 ms clock, 0.70+0.69/0.56/0+0.83 ms cpu, 3->3->1 MB, 4 MB goal, 0 MB stacks, 0 MB globals, 8 P
gc 8459 @57.442s 3%: 0.11+0.47+0.073 ms clock, 0.89+0.66/0.61/0+0.58 ms cpu, 3->3->1 MB, 4 MB goal, 0 MB stacks, 0 MB globals, 8 P
gc 8460 @57.445s 3%: 0.069+1.0+0.057 ms clock, 0.55+0.71/0.71/0+0.46 ms cpu, 3->3->1 MB, 4 MB goal, 0 MB stacks, 0 MB globals, 8 P
gc 8461 @57.448s 3%: 0.087+0.53+0.080 ms clock, 0.69+0.66/0.62/0+0.64 ms cpu, 3->3->1 MB, 4 MB goal, 0 MB stacks, 0 MB globals, 8 P
gc 8462 @57.451s 3%: 0.098+0.51+0.060 ms clock, 0.78+0.62/0.61/0+0.48 ms cpu, 3->3->1 MB, 4 MB goal, 0 MB stacks, 0 MB globals, 8 P
gc 8463 @57.454s 3%: 0.080+0.55+0.098 ms clock, 0.64+0.75/0.60/0+0.78 ms cpu, 3->3->1 MB, 4 MB goal, 0 MB stacks, 0 MB globals, 8 P
gc 8464 @57.456s 3%: 0.10+0.57+0.074 ms clock, 0.86+0.63/0.55/0+0.59 ms cpu, 3->3->1 MB, 4 MB goal, 0 MB stacks, 0 MB globals, 8 P
gc 8465 @57.459s 3%: 0.10+0.55+0.13 ms clock, 0.87+0.70/0.65/0+1.0 ms cpu, 3->3->1 MB, 4 MB goal, 0 MB stacks, 0 MB globals, 8 P
gc 8466 @57.462s 3%: 0.10+0.51+0.082 ms clock, 0.81+0.72/0.58/0+0.66 ms cpu, 3->3->1 MB, 4 MB goal, 0 MB stacks, 0 MB globals, 8 P
gc 8467 @57.465s 3%: 0.080+0.98+0.11 ms clock, 0.64+0.67/0.62/0+0.93 ms cpu, 3->3->1 MB, 4 MB goal, 0 MB stacks, 0 MB globals, 8 P
gc 8468 @57.468s 3%: 0.069+0.46+0.11 ms clock, 0.55+0.70/0.52/0+0.94 ms cpu, 3->3->1 MB, 4 MB goal, 0 MB stacks, 0 MB globals, 8 P
gc 8469 @57.470s 3%: 0.080+0.54+0.062 ms clock, 0.64+0.76/0.60/0+0.49 ms cpu, 3->3->1 MB, 4 MB goal, 0 MB stacks, 0 MB globals, 8 P
gc 8470 @57.473s 3%: 0.092+0.49+0.086 ms clock, 0.74+0.70/0.62/0+0.69 ms cpu, 3->3->1 MB, 4 MB goal, 0 MB stacks, 0 MB globals, 8 P
gc 8471 @57.476s 3%: 0.096+0.55+0.075 ms clock, 0.77+0.69/0.57/0+0.60 ms cpu, 3->3->1 MB, 4 MB goal, 0 MB stacks, 0 MB globals, 8 P
gc 8472 @57.479s 3%: 0.10+0.49+0.095 ms clock, 0.86+0.75/0.56/0+0.76 ms cpu, 3->3->1 MB, 4 MB goal, 0 MB stacks, 0 MB globals, 8 P
gc 8473 @57.481s 3%: 0.078+0.84+0.063 ms clock, 0.62+0.72/0.60/0+0.50 ms cpu, 3->3->1 MB, 4 MB goal, 0 MB stacks, 0 MB globals, 8 P
gc 8474 @57.484s 3%: 0.12+0.54+0.11 ms clock, 0.99+0.78/0.56/0+0.88 ms cpu, 3->3->1 MB, 4 MB goal, 0 MB stacks, 0 MB globals, 8 P
gc 8475 @57.487s 3%: 0.12+0.65+0.077 ms clock, 1.0+0.64/0.68/0+0.61 ms cpu, 3->3->1 MB, 4 MB goal, 0 MB stacks, 0 MB globals, 8 P
gc 8476 @57.490s 3%: 0.11+0.88+0.081 ms clock, 0.93+0.62/0.62/0+0.65 ms cpu, 3->3->1 MB, 4 MB goal, 0 MB stacks, 0 MB globals, 8 P
gc 8477 @57.493s 3%: 0.10+0.76+0.080 ms clock, 0.86+0.73/0.58/0+0.64 ms cpu, 3->3->1 MB, 4 MB goal, 0 MB stacks, 0 MB globals, 8 P
gc 8478 @57.495s 3%: 0.11+0.58+0.073 ms clock, 0.90+0.69/0.65/0+0.58 ms cpu, 3->3->1 MB, 4 MB goal, 0 MB stacks, 0 MB globals, 8 P
gc 8479 @57.498s 3%: 0.087+0.74+0.072 ms clock, 0.69+0.59/0.67/0+0.58 ms cpu, 3->3->1 MB, 4 MB goal, 0 MB stacks, 0 MB globals, 8 P
gc 8480 @57.501s 3%: 0.13+0.84+0.088 ms clock, 1.0+0.48/0.68/0+0.70 ms cpu, 3->3->1 MB, 4 MB goal, 0 MB stacks, 0 MB globals, 8 P
gc 8481 @57.504s 3%: 0.083+0.51+0.10 ms clock, 0.66+0.60/0.62/0+0.85 ms cpu, 3->3->1 MB, 4 MB goal, 0 MB stacks, 0 MB globals, 8 P
gc 8482 @57.507s 3%: 0.11+0.40+0.043 ms clock, 0.93+0.70/0.51/0+0.35 ms cpu, 3->3->1 MB, 4 MB goal, 0 MB stacks, 0 MB globals, 8 P
gc 8483 @57.509s 3%: 0.10+0.45+0.086 ms clock, 0.83+0.55/0.57/0+0.69 ms cpu, 3->3->1 MB, 4 MB goal, 0 MB stacks, 0 MB globals, 8 P
gc 8484 @57.512s 3%: 0.10+0.50+0.092 ms clock, 0.84+0.69/0.61/0+0.74 ms cpu, 3->3->1 MB, 4 MB goal, 0 MB stacks, 0 MB globals, 8 P
gc 8485 @57.515s 3%: 0.085+0.45+0.099 ms clock, 0.68+0.67/0.55/0+0.79 ms cpu, 3->3->1 MB, 4 MB goal, 0 MB stacks, 0 MB globals, 8 P
gc 8486 @57.518s 3%: 0.088+0.43+0.091 ms clock, 0.71+0.64/0.57/0+0.72 ms cpu, 3->3->1 MB, 4 MB goal, 0 MB stacks, 0 MB globals, 8 P
gc 8487 @57.521s 3%: 0.10+0.46+0.094 ms clock, 0.84+0.53/0.65/0+0.75 ms cpu, 3->3->1 MB, 4 MB goal, 0 MB stacks, 0 MB globals, 8 P
gc 8488 @57.523s 3%: 0.069+0.53+0.097 ms clock, 0.55+0.78/0.58/0+0.77 ms cpu, 3->3->1 MB, 4 MB goal, 0 MB stacks, 0 MB globals, 8 P
gc 8489 @57.526s 3%: 0.10+0.56+0.064 ms clock, 0.85+0.64/0.65/0+0.51 ms cpu, 3->3->1 MB, 4 MB goal, 0 MB stacks, 0 MB globals, 8 P
gc 8490 @57.529s 3%: 0.10+0.40+0.056 ms clock, 0.86+0.63/0.59/0+0.45 ms cpu, 3->3->1 MB, 4 MB goal, 0 MB stacks, 0 MB globals, 8 P
gc 8491 @57.532s 3%: 0.15+0.53+0.087 ms clock, 1.2+0.66/0.71/0+0.70 ms cpu, 3->3->1 MB, 4 MB goal, 0 MB stacks, 0 MB globals, 8 P
gc 8492 @57.534s 3%: 0.11+0.42+0.073 ms clock, 0.90+0.63/0.58/0+0.58 ms cpu, 3->3->1 MB, 4 MB goal, 0 MB stacks, 0 MB globals, 8 P
gc 8493 @57.537s 3%: 0.069+0.58+0.068 ms clock, 0.55+0.75/0.69/0+0.54 ms cpu, 3->3->1 MB, 4 MB goal, 0 MB stacks, 0 MB globals, 8 P
gc 8494 @57.540s 3%: 0.095+0.84+0.099 ms clock, 0.76+0.75/0.57/0+0.79 ms cpu, 3->3->1 MB, 4 MB goal, 0 MB stacks, 0 MB globals, 8 P
gc 8495 @57.543s 3%: 0.094+0.92+0.027 ms clock, 0.75+0.53/0.61/0+0.21 ms cpu, 3->4->1 MB, 4 MB goal, 0 MB stacks, 0 MB globals, 8 P
gc 8496 @57.546s 3%: 0.093+0.44+0.10 ms clock, 0.74+0.66/0.63/0+0.80 ms cpu, 3->3->1 MB, 4 MB goal, 0 MB stacks, 0 MB globals, 8 P
gc 8497 @57.548s 3%: 0.10+0.61+0.067 ms clock, 0.87+0.59/0.72/0+0.53 ms cpu, 3->3->1 MB, 4 MB goal, 0 MB stacks, 0 MB globals, 8 P
gc 8498 @57.551s 3%: 0.10+0.96+0.088 ms clock, 0.81+0.61/0.58/0+0.70 ms cpu, 3->4->1 MB, 4 MB goal, 0 MB stacks, 0 MB globals, 8 P
gc 8499 @57.554s 3%: 0.077+0.43+0.067 ms clock, 0.61+0.71/0.62/0+0.53 ms cpu, 3->3->1 MB, 4 MB goal, 0 MB stacks, 0 MB globals, 8 P
gc 8500 @57.557s 3%: 0.048+0.53+0.13 ms clock, 0.38+0.65/0.64/0+1.1 ms cpu, 3->3->1 MB, 4 MB goal, 0 MB stacks, 0 MB globals, 8 P
gc 8501 @57.560s 3%: 0.10+0.46+0.10 ms clock, 0.82+0.67/0.58/0+0.84 ms cpu, 3->3->1 MB, 4 MB goal, 0 MB stacks, 0 MB globals, 8 P
gc 8502 @57.562s 3%: 0.067+0.77+0.085 ms clock, 0.54+0.67/0.68/0+0.68 ms cpu, 3->3->1 MB, 4 MB goal, 0 MB stacks, 0 MB globals, 8 P
gc 8503 @57.565s 3%: 0.10+0.51+0.060 ms clock, 0.84+0.73/0.55/0+0.48 ms cpu, 3->3->1 MB, 4 MB goal, 0 MB stacks, 0 MB globals, 8 P
gc 8504 @57.568s 3%: 0.067+0.44+0.094 ms clock, 0.54+0.63/0.60/0+0.75 ms cpu, 3->3->1 MB, 4 MB goal, 0 MB stacks, 0 MB globals, 8 P
gc 8505 @57.571s 3%: 0.070+0.46+0.071 ms clock, 0.56+0.73/0.57/0+0.57 ms cpu, 3->3->1 MB, 4 MB goal, 0 MB stacks, 0 MB globals, 8 P
gc 8506 @57.574s 3%: 0.10+0.47+0.075 ms clock, 0.85+0.75/0.62/0+0.60 ms cpu, 3->3->1 MB, 4 MB goal, 0 MB stacks, 0 MB globals, 8 P
gc 8507 @57.576s 3%: 0.10+0.43+0.084 ms clock, 0.87+0.63/0.59/0+0.67 ms cpu, 3->3->1 MB, 4 MB goal, 0 MB stacks, 0 MB globals, 8 P
gc 8508 @57.579s 3%: 0.10+0.60+0.092 ms clock, 0.85+0.66/0.63/0+0.74 ms cpu, 3->3->1 MB, 4 MB goal, 0 MB stacks, 0 MB globals, 8 P
gc 8509 @57.582s 3%: 0.10+0.44+0.089 ms clock, 0.81+0.60/0.58/0+0.71 ms cpu, 3->3->1 MB, 4 MB goal, 0 MB stacks, 0 MB globals, 8 P
gc 8510 @57.585s 3%: 0.077+0.42+0.049 ms clock, 0.62+0.74/0.57/0+0.39 ms cpu, 3->3->1 MB, 4 MB goal, 0 MB stacks, 0 MB globals, 8 P
gc 8511 @57.587s 3%: 0.13+0.49+0.10 ms clock, 1.1+0.57/0.72/0+0.85 ms cpu, 3->3->1 MB, 4 MB goal, 0 MB stacks, 0 MB globals, 8 P
gc 8512 @57.590s 3%: 0.097+0.52+0.062 ms clock, 0.78+0.75/0.58/0+0.49 ms cpu, 3->3->1 MB, 4 MB goal, 0 MB stacks, 0 MB globals, 8 P
gc 8513 @57.593s 3%: 0.12+0.41+0.091 ms clock, 0.98+0.66/0.60/0+0.73 ms cpu, 3->3->1 MB, 4 MB goal, 0 MB stacks, 0 MB globals, 8 P
gc 8514 @57.596s 3%: 0.10+0.43+0.080 ms clock, 0.81+0.67/0.56/0+0.64 ms cpu, 3->3->1 MB, 4 MB goal, 0 MB stacks, 0 MB globals, 8 P
gc 8515 @57.598s 3%: 0.11+0.55+0.12 ms clock, 0.94+0.62/0.70/0+1.0 ms cpu, 3->3->1 MB, 4 MB goal, 0 MB stacks, 0 MB globals, 8 P
gc 8516 @57.601s 3%: 0.12+0.74+0.073 ms clock, 1.0+0.68/0.65/0+0.59 ms cpu, 3->3->1 MB, 4 MB goal, 0 MB stacks, 0 MB globals, 8 P
gc 8517 @57.604s 3%: 0.064+0.43+0.077 ms clock, 0.51+0.73/0.59/0+0.61 ms cpu, 3->3->1 MB, 4 MB goal, 0 MB stacks, 0 MB globals, 8 P
gc 8518 @57.607s 3%: 0.10+0.56+0.088 ms clock, 0.82+0.53/0.67/0+0.71 ms cpu, 3->3->1 MB, 4 MB goal, 0 MB stacks, 0 MB globals, 8 P
gc 8519 @57.609s 3%: 0.11+0.47+0.094 ms clock, 0.94+0.69/0.56/0+0.75 ms cpu, 3->3->1 MB, 4 MB goal, 0 MB stacks, 0 MB globals, 8 P
gc 8520 @57.612s 3%: 0.068+0.40+0.043 ms clock, 0.55+0.81/0.50/0+0.34 ms cpu, 3->3->1 MB, 4 MB goal, 0 MB stacks, 0 MB globals, 8 P
gc 8521 @57.615s 3%: 0.081+0.51+0.047 ms clock, 0.65+0.71/0.54/0.041+0.37 ms cpu, 3->3->1 MB, 4 MB goal, 0 MB stacks, 0 MB globals, 8 P
gc 8522 @57.618s 3%: 0.085+0.50+0.13 ms clock, 0.68+0.72/0.61/0+1.0 ms cpu, 3->3->1 MB, 4 MB goal, 0 MB stacks, 0 MB globals, 8 P
gc 8523 @57.620s 3%: 0.091+0.59+0.076 ms clock, 0.73+0.73/0.57/0+0.61 ms cpu, 3->3->1 MB, 4 MB goal, 0 MB stacks, 0 MB globals, 8 P
gc 8524 @57.623s 3%: 0.12+0.55+0.092 ms clock, 1.0+0.55/0.65/0+0.73 ms cpu, 3->3->1 MB, 4 MB goal, 0 MB stacks, 0 MB globals, 8 P
gc 8525 @57.626s 3%: 0.073+0.88+0.081 ms clock, 0.59+0.64/0.74/0+0.65 ms cpu, 3->3->1 MB, 4 MB goal, 0 MB stacks, 0 MB globals, 8 P
gc 8526 @57.629s 3%: 0.086+0.71+0.092 ms clock, 0.69+0.74/0.48/0+0.73 ms cpu, 3->3->1 MB, 4 MB goal, 0 MB stacks, 0 MB globals, 8 P
gc 8527 @57.632s 3%: 0.076+0.49+0.061 ms clock, 0.60+0.66/0.57/0+0.48 ms cpu, 3->3->1 MB, 4 MB goal, 0 MB stacks, 0 MB globals, 8 P
gc 8528 @57.634s 3%: 0.096+0.58+0.068 ms clock, 0.77+0.56/0.56/0+0.55 ms cpu, 3->3->1 MB, 4 MB goal, 0 MB stacks, 0 MB globals, 8 P
gc 8529 @57.637s 3%: 0.12+0.60+0.059 ms clock, 1.0+0.74/0.60/0+0.47 ms cpu, 3->3->1 MB, 4 MB goal, 0 MB stacks, 0 MB globals, 8 P
gc 8530 @57.640s 3%: 0.064+0.49+0.088 ms clock, 0.51+0.68/0.58/0+0.71 ms cpu, 3->3->1 MB, 4 MB goal, 0 MB stacks, 0 MB globals, 8 P
gc 8531 @57.642s 3%: 0.084+0.42+0.042 ms clock, 0.67+0.58/0.60/0+0.34 ms cpu, 3->3->1 MB, 4 MB goal, 0 MB stacks, 0 MB globals, 8 P
gc 8532 @57.645s 3%: 0.071+1.0+0.085 ms clock, 0.57+1.1/0.64/0.002+0.68 ms cpu, 3->4->1 MB, 4 MB goal, 0 MB stacks, 0 MB globals, 8 P
gc 8533 @57.648s 3%: 0.090+0.53+0.070 ms clock, 0.72+0.70/0.64/0+0.56 ms cpu, 3->3->1 MB, 4 MB goal, 0 MB stacks, 0 MB globals, 8 P
gc 8534 @57.651s 3%: 0.099+0.56+0.096 ms clock, 0.79+0.63/0.64/0+0.76 ms cpu, 3->3->1 MB, 4 MB goal, 0 MB stacks, 0 MB globals, 8 P
gc 8535 @57.654s 3%: 0.10+0.65+0.10 ms clock, 0.84+0.59/0.66/0+0.84 ms cpu, 3->3->1 MB, 4 MB goal, 0 MB stacks, 0 MB globals, 8 P
gc 8536 @57.657s 3%: 0.072+0.61+0.10 ms clock, 0.57+0.57/0.67/0+0.81 ms cpu, 3->3->1 MB, 4 MB goal, 0 MB stacks, 0 MB globals, 8 P
gc 8537 @57.659s 3%: 0.082+0.51+0.082 ms clock, 0.65+0.78/0.62/0+0.65 ms cpu, 3->3->1 MB, 4 MB goal, 0 MB stacks, 0 MB globals, 8 P
gc 8538 @57.662s 3%: 0.070+0.79+0.076 ms clock, 0.56+0.67/0.70/0+0.61 ms cpu, 3->3->1 MB, 4 MB goal, 0 MB stacks, 0 MB globals, 8 P
gc 8539 @57.665s 3%: 0.081+0.57+0.098 ms clock, 0.65+0.68/0.56/0+0.79 ms cpu, 3->3->1 MB, 4 MB goal, 0 MB stacks, 0 MB globals, 8 P
gc 8540 @57.668s 3%: 0.12+0.46+0.10 ms clock, 0.98+0.60/0.56/0+0.82 ms cpu, 3->3->1 MB, 4 MB goal, 0 MB stacks, 0 MB globals, 8 P
gc 8541 @57.670s 3%: 0.13+0.50+0.057 ms clock, 1.1+0.71/0.59/0+0.45 ms cpu, 3->3->1 MB, 4 MB goal, 0 MB stacks, 0 MB globals, 8 P
gc 8542 @57.673s 3%: 0.10+0.60+0.11 ms clock, 0.86+0.84/0.60/0+0.90 ms cpu, 3->3->1 MB, 4 MB goal, 0 MB stacks, 0 MB globals, 8 P
gc 8543 @57.676s 3%: 0.084+0.38+0.073 ms clock, 0.67+0.67/0.55/0+0.58 ms cpu, 3->3->1 MB, 4 MB goal, 0 MB stacks, 0 MB globals, 8 P
gc 8544 @57.679s 3%: 0.099+0.56+0.070 ms clock, 0.79+0.52/0.65/0+0.56 ms cpu, 3->3->1 MB, 4 MB goal, 0 MB stacks, 0 MB globals, 8 P
gc 8545 @57.682s 3%: 0.071+1.0+0.065 ms clock, 0.57+0.73/0.57/0+0.52 ms cpu, 3->4->1 MB, 4 MB goal, 0 MB stacks, 0 MB globals, 8 P
gc 8546 @57.685s 3%: 0.10+0.55+0.094 ms clock, 0.85+0.68/0.65/0+0.75 ms cpu, 3->3->1 MB, 4 MB goal, 0 MB stacks, 0 MB globals, 8 P
gc 8547 @57.687s 3%: 0.11+0.60+0.093 ms clock, 0.90+0.49/0.69/0+0.74 ms cpu, 3->3->1 MB, 4 MB goal, 0 MB stacks, 0 MB globals, 8 P
gc 8548 @57.690s 3%: 0.095+0.47+0.067 ms clock, 0.76+0.70/0.55/0+0.53 ms cpu, 3->3->1 MB, 4 MB goal, 0 MB stacks, 0 MB globals, 8 P
gc 8549 @57.693s 3%: 0.094+0.54+0.079 ms clock, 0.75+0.67/0.63/0+0.63 ms cpu, 3->3->1 MB, 4 MB goal, 0 MB stacks, 0 MB globals, 8 P
gc 8550 @57.696s 3%: 0.082+0.76+0.081 ms clock, 0.65+0.65/0.70/0+0.65 ms cpu, 3->3->1 MB, 4 MB goal, 0 MB stacks, 0 MB globals, 8 P
gc 8551 @57.698s 3%: 0.10+0.55+0.080 ms clock, 0.85+0.69/0.66/0+0.64 ms cpu, 3->3->1 MB, 4 MB goal, 0 MB stacks, 0 MB globals, 8 P
gc 8552 @57.701s 3%: 0.082+0.62+0.11 ms clock, 0.66+0.63/0.76/0+0.93 ms cpu, 3->3->1 MB, 4 MB goal, 0 MB stacks, 0 MB globals, 8 P
gc 8553 @57.704s 3%: 0.080+0.45+0.053 ms clock, 0.64+0.69/0.53/0+0.42 ms cpu, 3->3->1 MB, 4 MB goal, 0 MB stacks, 0 MB globals, 8 P
gc 8554 @57.707s 3%: 0.078+0.51+0.081 ms clock, 0.62+0.46/0.64/0+0.65 ms cpu, 3->3->1 MB, 4 MB goal, 0 MB stacks, 0 MB globals, 8 P
gc 8555 @57.709s 3%: 0.18+0.53+0.11 ms clock, 1.5+0.56/0.66/0+0.95 ms cpu, 3->3->1 MB, 4 MB goal, 0 MB stacks, 0 MB globals, 8 P
gc 8556 @57.712s 3%: 0.11+0.55+0.084 ms clock, 0.94+0.59/0.61/0+0.67 ms cpu, 3->3->1 MB, 4 MB goal, 0 MB stacks, 0 MB globals, 8 P
gc 8557 @57.715s 3%: 0.10+0.85+0.10 ms clock, 0.80+0.56/0.68/0+0.80 ms cpu, 3->3->1 MB, 4 MB goal, 0 MB stacks, 0 MB globals, 8 P
gc 8558 @57.718s 3%: 0.12+0.50+0.058 ms clock, 0.96+0.70/0.63/0+0.46 ms cpu, 3->3->1 MB, 4 MB goal, 0 MB stacks, 0 MB globals, 8 P
gc 8559 @57.721s 3%: 0.097+0.45+0.041 ms clock, 0.78+0.69/0.57/0+0.32 ms cpu, 3->3->1 MB, 4 MB goal, 0 MB stacks, 0 MB globals, 8 P
gc 8560 @57.723s 3%: 0.12+0.61+0.10 ms clock, 0.97+0.61/0.71/0+0.81 ms cpu, 3->3->1 MB, 4 MB goal, 0 MB stacks, 0 MB globals, 8 P
gc 8561 @57.726s 3%: 0.10+0.56+0.083 ms clock, 0.80+0.72/0.62/0+0.67 ms cpu, 3->3->1 MB, 4 MB goal, 0 MB stacks, 0 MB globals, 8 P
gc 8562 @57.729s 3%: 0.11+0.53+0.055 ms clock, 0.93+0.63/0.58/0+0.44 ms cpu, 3->3->1 MB, 4 MB goal, 0 MB stacks, 0 MB globals, 8 P
gc 8563 @57.732s 3%: 0.099+0.52+0.10 ms clock, 0.79+0.64/0.63/0+0.80 ms cpu, 3->3->1 MB, 4 MB goal, 0 MB stacks, 0 MB globals, 8 P
gc 8564 @57.734s 3%: 0.067+0.64+0.092 ms clock, 0.53+0.64/0.77/0+0.74 ms cpu, 3->3->1 MB, 4 MB goal, 0 MB stacks, 0 MB globals, 8 P
gc 8565 @57.737s 3%: 0.069+0.86+0.10 ms clock, 0.55+0.66/0.94/0+0.82 ms cpu, 3->3->1 MB, 4 MB goal, 0 MB stacks, 0 MB globals, 8 P
gc 8566 @57.740s 3%: 0.10+0.57+0.048 ms clock, 0.83+0.69/0.69/0+0.38 ms cpu, 3->3->1 MB, 4 MB goal, 0 MB stacks, 0 MB globals, 8 P
gc 8567 @57.743s 3%: 0.11+0.54+0.065 ms clock, 0.95+0.67/0.60/0+0.52 ms cpu, 3->3->1 MB, 4 MB goal, 0 MB stacks, 0 MB globals, 8 P
gc 8568 @57.746s 3%: 0.55+0.26+0.10 ms clock, 4.4+0.93/0.69/0+0.80 ms cpu, 3->3->1 MB, 4 MB goal, 0 MB stacks, 0 MB globals, 8 P
gc 8569 @57.748s 3%: 0.10+0.50+0.11 ms clock, 0.81+0.77/0.54/0+0.93 ms cpu, 3->3->1 MB, 4 MB goal, 0 MB stacks, 0 MB globals, 8 P
gc 8570 @57.751s 3%: 0.12+0.57+0.10 ms clock, 0.97+0.69/0.59/0+0.82 ms cpu, 3->3->1 MB, 4 MB goal, 0 MB stacks, 0 MB globals, 8 P
gc 8571 @57.754s 3%: 0.10+0.54+0.088 ms clock, 0.86+0.68/0.60/0+0.70 ms cpu, 3->3->1 MB, 4 MB goal, 0 MB stacks, 0 MB globals, 8 P
gc 8572 @57.757s 3%: 0.084+0.73+0.10 ms clock, 0.67+0.57/0.67/0+0.85 ms cpu, 3->3->1 MB, 4 MB goal, 0 MB stacks, 0 MB globals, 8 P
gc 8573 @57.759s 3%: 0.082+0.72+0.057 ms clock, 0.66+0.63/0.63/0+0.46 ms cpu, 3->3->1 MB, 4 MB goal, 0 MB stacks, 0 MB globals, 8 P
gc 8574 @57.762s 3%: 0.12+0.63+0.054 ms clock, 1.0+0.72/0.64/0+0.43 ms cpu, 3->3->1 MB, 4 MB goal, 0 MB stacks, 0 MB globals, 8 P
gc 8575 @57.765s 3%: 0.091+0.98+0.040 ms clock, 0.72+0.50/0.77/0+0.32 ms cpu, 3->3->1 MB, 4 MB goal, 0 MB stacks, 0 MB globals, 8 P
gc 8576 @57.768s 3%: 0.11+0.71+0.091 ms clock, 0.89+0.54/0.70/0+0.73 ms cpu, 3->3->1 MB, 4 MB goal, 0 MB stacks, 0 MB globals, 8 P
gc 8577 @57.771s 3%: 0.12+0.49+0.11 ms clock, 1.0+0.71/0.60/0+0.91 ms cpu, 3->3->1 MB, 4 MB goal, 0 MB stacks, 0 MB globals, 8 P
gc 8578 @57.774s 3%: 0.098+0.53+0.066 ms clock, 0.78+0.56/0.63/0+0.53 ms cpu, 3->3->1 MB, 4 MB goal, 0 MB stacks, 0 MB globals, 8 P
gc 8579 @57.776s 3%: 0.074+0.41+0.040 ms clock, 0.59+0.74/0.61/0+0.32 ms cpu, 3->3->1 MB, 4 MB goal, 0 MB stacks, 0 MB globals, 8 P
gc 8580 @57.779s 3%: 0.096+0.47+0.051 ms clock, 0.77+0.68/0.52/0+0.41 ms cpu, 3->3->1 MB, 4 MB goal, 0 MB stacks, 0 MB globals, 8 P
gc 8581 @57.782s 3%: 0.099+0.50+0.12 ms clock, 0.79+0.59/0.61/0+1.0 ms cpu, 3->3->1 MB, 4 MB goal, 0 MB stacks, 0 MB globals, 8 P
gc 8582 @57.785s 3%: 0.10+0.48+0.091 ms clock, 0.87+0.64/0.63/0+0.73 ms cpu, 3->3->1 MB, 4 MB goal, 0 MB stacks, 0 MB globals, 8 P
gc 8583 @57.787s 3%: 0.10+0.53+0.085 ms clock, 0.86+0.67/0.57/0+0.68 ms cpu, 3->3->1 MB, 4 MB goal, 0 MB stacks, 0 MB globals, 8 P
gc 8584 @57.790s 3%: 0.13+0.74+0.077 ms clock, 1.1+0.62/0.64/0+0.61 ms cpu, 3->3->1 MB, 4 MB goal, 0 MB stacks, 0 MB globals, 8 P
gc 8585 @57.793s 3%: 0.057+0.52+0.088 ms clock, 0.45+0.63/0.65/0+0.70 ms cpu, 3->3->1 MB, 4 MB goal, 0 MB stacks, 0 MB globals, 8 P
gc 8586 @57.796s 3%: 0.097+0.46+0.071 ms clock, 0.77+0.66/0.66/0+0.56 ms cpu, 3->3->1 MB, 4 MB goal, 0 MB stacks, 0 MB globals, 8 P
gc 8587 @57.798s 3%: 0.12+0.47+0.080 ms clock, 0.97+0.70/0.60/0+0.64 ms cpu, 3->3->1 MB, 4 MB goal, 0 MB stacks, 0 MB globals, 8 P
gc 8588 @57.801s 3%: 0.088+0.43+0.072 ms clock, 0.70+0.73/0.65/0+0.58 ms cpu, 3->3->1 MB, 4 MB goal, 0 MB stacks, 0 MB globals, 8 P
gc 8589 @57.804s 3%: 0.11+0.97+0.030 ms clock, 0.88+0.66/0.64/0+0.24 ms cpu, 3->3->1 MB, 4 MB goal, 0 MB stacks, 0 MB globals, 8 P
gc 8590 @57.807s 3%: 0.086+0.52+0.096 ms clock, 0.68+0.76/0.51/0+0.77 ms cpu, 3->3->1 MB, 4 MB goal, 0 MB stacks, 0 MB globals, 8 P
gc 8591 @57.810s 3%: 0.11+0.62+0.086 ms clock, 0.92+0.67/0.70/0+0.69 ms cpu, 3->3->1 MB, 4 MB goal, 0 MB stacks, 0 MB globals, 8 P
gc 8592 @57.812s 3%: 0.082+0.40+0.052 ms clock, 0.66+0.63/0.59/0+0.41 ms cpu, 3->3->1 MB, 4 MB goal, 0 MB stacks, 0 MB globals, 8 P
gc 8593 @57.815s 3%: 0.11+0.56+0.066 ms clock, 0.89+0.71/0.66/0+0.53 ms cpu, 3->3->1 MB, 4 MB goal, 0 MB stacks, 0 MB globals, 8 P
gc 8594 @57.818s 3%: 0.087+0.47+0.083 ms clock, 0.69+0.69/0.59/0+0.66 ms cpu, 3->3->1 MB, 4 MB goal, 0 MB stacks, 0 MB globals, 8 P
gc 8595 @57.821s 3%: 0.092+0.53+0.098 ms clock, 0.74+0.77/0.58/0+0.79 ms cpu, 3->3->1 MB, 4 MB goal, 0 MB stacks, 0 MB globals, 8 P
gc 8596 @57.823s 3%: 0.087+0.44+0.056 ms clock, 0.69+0.63/0.62/0+0.45 ms cpu, 3->3->1 MB, 4 MB goal, 0 MB stacks, 0 MB globals, 8 P
gc 8597 @57.826s 3%: 0.079+0.53+0.11 ms clock, 0.63+0.74/0.56/0+0.88 ms cpu, 3->3->1 MB, 4 MB goal, 0 MB stacks, 0 MB globals, 8 P
gc 8598 @57.829s 3%: 0.087+0.42+0.062 ms clock, 0.70+0.70/0.56/0+0.49 ms cpu, 3->3->1 MB, 4 MB goal, 0 MB stacks, 0 MB globals, 8 P
gc 8599 @57.832s 3%: 0.083+0.42+0.10 ms clock, 0.67+0.62/0.57/0+0.82 ms cpu, 3->3->1 MB, 4 MB goal, 0 MB stacks, 0 MB globals, 8 P
gc 8600 @57.834s 3%: 0.10+0.49+0.11 ms clock, 0.87+0.68/0.60/0+0.91 ms cpu, 3->3->1 MB, 4 MB goal, 0 MB stacks, 0 MB globals, 8 P
gc 8601 @57.837s 3%: 0.072+0.65+0.078 ms clock, 0.58+0.79/0.65/0+0.62 ms cpu, 3->3->1 MB, 4 MB goal, 0 MB stacks, 0 MB globals, 8 P
gc 8602 @57.840s 3%: 0.078+0.51+0.11 ms clock, 0.62+0.72/0.57/0+0.89 ms cpu, 3->3->1 MB, 4 MB goal, 0 MB stacks, 0 MB globals, 8 P
gc 8603 @57.843s 3%: 0.11+0.53+0.068 ms clock, 0.89+0.63/0.68/0+0.54 ms cpu, 3->3->1 MB, 4 MB goal, 0 MB stacks, 0 MB globals, 8 P
gc 8604 @57.846s 3%: 0.12+0.49+0.11 ms clock, 0.99+0.63/0.67/0+0.94 ms cpu, 3->3->1 MB, 4 MB goal, 0 MB stacks, 0 MB globals, 8 P
gc 8605 @57.848s 3%: 0.089+0.60+0.071 ms clock, 0.71+0.72/0.65/0+0.57 ms cpu, 3->3->1 MB, 4 MB goal, 0 MB stacks, 0 MB globals, 8 P
gc 8606 @57.851s 3%: 0.10+0.40+0.062 ms clock, 0.87+0.63/0.58/0+0.50 ms cpu, 3->3->1 MB, 4 MB goal, 0 MB stacks, 0 MB globals, 8 P
gc 8607 @57.854s 3%: 0.18+0.52+0.084 ms clock, 1.4+0.64/0.73/0+0.67 ms cpu, 3->3->1 MB, 4 MB goal, 0 MB stacks, 0 MB globals, 8 P
gc 8608 @57.857s 3%: 0.086+0.46+0.085 ms clock, 0.69+0.73/0.50/0+0.68 ms cpu, 3->3->1 MB, 4 MB goal, 0 MB stacks, 0 MB globals, 8 P
gc 8609 @57.859s 3%: 0.088+0.70+0.10 ms clock, 0.70+0.62/0.64/0+0.80 ms cpu, 3->3->1 MB, 4 MB goal, 0 MB stacks, 0 MB globals, 8 P
gc 8610 @57.862s 3%: 0.055+0.43+0.099 ms clock, 0.44+0.71/0.52/0+0.79 ms cpu, 3->3->1 MB, 4 MB goal, 0 MB stacks, 0 MB globals, 8 P
gc 8611 @57.865s 3%: 0.11+0.59+0.096 ms clock, 0.91+0.51/0.67/0+0.76 ms cpu, 3->3->1 MB, 4 MB goal, 0 MB stacks, 0 MB globals, 8 P
gc 8612 @57.868s 3%: 0.11+0.44+0.037 ms clock, 0.89+0.64/0.59/0+0.30 ms cpu, 3->3->1 MB, 4 MB goal, 0 MB stacks, 0 MB globals, 8 P
gc 8613 @57.870s 3%: 0.082+0.56+0.083 ms clock, 0.66+0.66/0.64/0+0.66 ms cpu, 3->3->1 MB, 4 MB goal, 0 MB stacks, 0 MB globals, 8 P
gc 8614 @57.873s 3%: 0.10+0.42+0.080 ms clock, 0.84+0.72/0.56/0+0.64 ms cpu, 3->3->1 MB, 4 MB goal, 0 MB stacks, 0 MB globals, 8 P
gc 8615 @57.876s 3%: 0.073+0.60+0.079 ms clock, 0.58+0.77/0.72/0+0.63 ms cpu, 3->3->1 MB, 4 MB goal, 0 MB stacks, 0 MB globals, 8 P
gc 8616 @57.879s 3%: 0.064+0.36+0.038 ms clock, 0.51+0.80/0.47/0+0.30 ms cpu, 3->3->1 MB, 4 MB goal, 0 MB stacks, 0 MB globals, 8 P
gc 8617 @57.881s 3%: 0.074+0.84+0.059 ms clock, 0.59+0.60/0.78/0+0.47 ms cpu, 3->3->1 MB, 4 MB goal, 0 MB stacks, 0 MB globals, 8 P
gc 8618 @57.884s 3%: 0.090+0.44+0.060 ms clock, 0.72+0.61/0.57/0+0.48 ms cpu, 3->3->1 MB, 4 MB goal, 0 MB stacks, 0 MB globals, 8 P
gc 8619 @57.887s 3%: 0.10+0.43+0.078 ms clock, 0.86+0.67/0.56/0+0.63 ms cpu, 3->3->1 MB, 4 MB goal, 0 MB stacks, 0 MB globals, 8 P
gc 8620 @57.889s 3%: 0.068+0.62+0.083 ms clock, 0.55+0.61/0.59/0+0.66 ms cpu, 3->3->1 MB, 4 MB goal, 0 MB stacks, 0 MB globals, 8 P
gc 8621 @57.892s 3%: 0.10+0.57+0.091 ms clock, 0.83+0.65/0.71/0+0.73 ms cpu, 3->3->1 MB, 4 MB goal, 0 MB stacks, 0 MB globals, 8 P
gc 8622 @57.895s 3%: 0.093+0.48+0.095 ms clock, 0.74+0.64/0.59/0+0.76 ms cpu, 3->3->1 MB, 4 MB goal, 0 MB stacks, 0 MB globals, 8 P
gc 8623 @57.898s 3%: 0.11+0.59+0.082 ms clock, 0.95+0.70/0.61/0+0.66 ms cpu, 3->3->1 MB, 4 MB goal, 0 MB stacks, 0 MB globals, 8 P
gc 8624 @57.901s 3%: 0.097+0.46+0.077 ms clock, 0.78+0.65/0.65/0+0.62 ms cpu, 3->3->1 MB, 4 MB goal, 0 MB stacks, 0 MB globals, 8 P
gc 8625 @57.903s 3%: 0.096+0.52+0.085 ms clock, 0.77+0.66/0.56/0+0.68 ms cpu, 3->3->1 MB, 4 MB goal, 0 MB stacks, 0 MB globals, 8 P
gc 8626 @57.906s 3%: 0.098+0.44+0.062 ms clock, 0.78+0.69/0.61/0+0.49 ms cpu, 3->3->1 MB, 4 MB goal, 0 MB stacks, 0 MB globals, 8 P
gc 8627 @57.909s 3%: 0.080+0.44+0.079 ms clock, 0.64+0.68/0.59/0+0.63 ms cpu, 3->3->1 MB, 4 MB goal, 0 MB stacks, 0 MB globals, 8 P
gc 8628 @57.911s 3%: 0.11+0.60+0.067 ms clock, 0.91+0.66/0.72/0+0.54 ms cpu, 3->3->1 MB, 4 MB goal, 0 MB stacks, 0 MB globals, 8 P
gc 8629 @57.914s 3%: 0.12+0.41+0.053 ms clock, 1.0+0.47/0.57/0+0.42 ms cpu, 3->3->1 MB, 4 MB goal, 0 MB stacks, 0 MB globals, 8 P
gc 8630 @57.917s 3%: 0.10+0.47+0.062 ms clock, 0.82+0.64/0.59/0+0.50 ms cpu, 3->3->1 MB, 4 MB goal, 0 MB stacks, 0 MB globals, 8 P
gc 8631 @57.920s 3%: 0.071+0.70+0.079 ms clock, 0.57+0.72/0.60/0+0.63 ms cpu, 3->3->1 MB, 4 MB goal, 0 MB stacks, 0 MB globals, 8 P
gc 8632 @57.923s 3%: 0.091+0.43+0.14 ms clock, 0.73+0.72/0.61/0+1.1 ms cpu, 3->3->1 MB, 4 MB goal, 0 MB stacks, 0 MB globals, 8 P
gc 8633 @57.925s 3%: 0.066+0.58+0.15 ms clock, 0.52+0.62/0.70/0+1.2 ms cpu, 3->3->1 MB, 4 MB goal, 0 MB stacks, 0 MB globals, 8 P
gc 8634 @57.928s 3%: 0.086+0.52+0.092 ms clock, 0.69+0.58/0.67/0+0.73 ms cpu, 3->3->1 MB, 4 MB goal, 0 MB stacks, 0 MB globals, 8 P
gc 8635 @57.931s 3%: 0.12+0.55+0.078 ms clock, 0.98+0.69/0.64/0+0.62 ms cpu, 3->3->1 MB, 4 MB goal, 0 MB stacks, 0 MB globals, 8 P
gc 8636 @57.934s 3%: 0.10+0.50+0.10 ms clock, 0.87+0.84/0.45/0+0.81 ms cpu, 3->3->1 MB, 4 MB goal, 0 MB stacks, 0 MB globals, 8 P
gc 8637 @57.936s 3%: 0.079+0.55+0.10 ms clock, 0.63+0.60/0.67/0+0.82 ms cpu, 3->3->1 MB, 4 MB goal, 0 MB stacks, 0 MB globals, 8 P
gc 8638 @57.939s 3%: 0.068+0.54+0.080 ms clock, 0.54+0.61/0.65/0+0.64 ms cpu, 3->3->1 MB, 4 MB goal, 0 MB stacks, 0 MB globals, 8 P
gc 8639 @57.942s 3%: 0.11+0.51+0.075 ms clock, 0.94+0.71/0.62/0+0.60 ms cpu, 3->3->1 MB, 4 MB goal, 0 MB stacks, 0 MB globals, 8 P
gc 8640 @57.945s 3%: 0.10+0.51+0.10 ms clock, 0.85+0.71/0.58/0+0.82 ms cpu, 3->3->1 MB, 4 MB goal, 0 MB stacks, 0 MB globals, 8 P
gc 8641 @57.947s 3%: 0.10+0.47+0.081 ms clock, 0.83+0.71/0.61/0+0.65 ms cpu, 3->3->1 MB, 4 MB goal, 0 MB stacks, 0 MB globals, 8 P
gc 8642 @57.950s 3%: 0.072+0.62+0.085 ms clock, 0.58+0.68/0.65/0+0.68 ms cpu, 3->3->1 MB, 4 MB goal, 0 MB stacks, 0 MB globals, 8 P
gc 8643 @57.953s 3%: 0.11+0.52+0.059 ms clock, 0.89+0.64/0.61/0+0.47 ms cpu, 3->3->1 MB, 4 MB goal, 0 MB stacks, 0 MB globals, 8 P
gc 8644 @57.956s 3%: 0.088+0.44+0.087 ms clock, 0.70+0.69/0.54/0+0.69 ms cpu, 3->3->1 MB, 4 MB goal, 0 MB stacks, 0 MB globals, 8 P
gc 8645 @57.959s 3%: 0.062+0.48+0.10 ms clock, 0.50+0.70/0.54/0+0.83 ms cpu, 3->3->1 MB, 4 MB goal, 0 MB stacks, 0 MB globals, 8 P
gc 8646 @57.961s 3%: 0.091+0.39+0.088 ms clock, 0.73+0.77/0.58/0+0.70 ms cpu, 3->3->1 MB, 4 MB goal, 0 MB stacks, 0 MB globals, 8 P
gc 8647 @57.964s 3%: 0.072+0.54+0.088 ms clock, 0.57+0.61/0.71/0+0.70 ms cpu, 3->3->1 MB, 4 MB goal, 0 MB stacks, 0 MB globals, 8 P
gc 8648 @57.967s 3%: 0.062+0.44+0.085 ms clock, 0.50+0.64/0.52/0+0.68 ms cpu, 3->3->1 MB, 4 MB goal, 0 MB stacks, 0 MB globals, 8 P
gc 8649 @57.970s 3%: 0.11+0.43+0.088 ms clock, 0.89+0.71/0.55/0+0.70 ms cpu, 3->3->1 MB, 4 MB goal, 0 MB stacks, 0 MB globals, 8 P
gc 8650 @57.972s 3%: 0.12+0.45+0.099 ms clock, 1.0+0.72/0.63/0+0.79 ms cpu, 3->3->1 MB, 4 MB goal, 0 MB stacks, 0 MB globals, 8 P
gc 8651 @57.975s 3%: 0.10+0.46+0.049 ms clock, 0.80+0.64/0.61/0+0.39 ms cpu, 3->3->1 MB, 4 MB goal, 0 MB stacks, 0 MB globals, 8 P
gc 8652 @57.978s 3%: 0.10+0.55+0.10 ms clock, 0.85+0.70/0.56/0+0.84 ms cpu, 3->3->1 MB, 4 MB goal, 0 MB stacks, 0 MB globals, 8 P
gc 8653 @57.981s 3%: 0.087+0.54+0.11 ms clock, 0.70+0.64/0.61/0+0.94 ms cpu, 3->3->1 MB, 4 MB goal, 0 MB stacks, 0 MB globals, 8 P
gc 8654 @57.983s 3%: 0.083+0.59+0.085 ms clock, 0.66+0.58/0.69/0+0.68 ms cpu, 3->3->1 MB, 4 MB goal, 0 MB stacks, 0 MB globals, 8 P
gc 8655 @57.986s 3%: 0.11+0.44+0.052 ms clock, 0.89+0.65/0.55/0+0.41 ms cpu, 3->3->1 MB, 4 MB goal, 0 MB stacks, 0 MB globals, 8 P
gc 8656 @57.989s 3%: 0.11+0.49+0.14 ms clock, 0.88+0.66/0.64/0+1.1 ms cpu, 3->3->1 MB, 4 MB goal, 0 MB stacks, 0 MB globals, 8 P
gc 8657 @57.992s 3%: 0.11+0.62+0.11 ms clock, 0.95+0.59/0.61/0+0.89 ms cpu, 3->3->1 MB, 4 MB goal, 0 MB stacks, 0 MB globals, 8 P
gc 8658 @57.994s 3%: 0.11+0.49+0.13 ms clock, 0.95+0.62/0.65/0+1.1 ms cpu, 3->3->1 MB, 4 MB goal, 0 MB stacks, 0 MB globals, 8 P
gc 8659 @57.997s 3%: 0.056+0.59+0.080 ms clock, 0.44+0.59/0.70/0+0.64 ms cpu, 3->3->1 MB, 4 MB goal, 0 MB stacks, 0 MB globals, 8 P
gc 8660 @58.000s 3%: 0.096+0.55+0.095 ms clock, 0.77+0.56/0.61/0+0.76 ms cpu, 3->3->1 MB, 4 MB goal, 0 MB stacks, 0 MB globals, 8 P
gc 8661 @58.003s 3%: 0.087+0.52+0.097 ms clock, 0.69+0.64/0.60/0+0.78 ms cpu, 3->3->1 MB, 4 MB goal, 0 MB stacks, 0 MB globals, 8 P
gc 8662 @58.006s 3%: 0.11+0.75+0.066 ms clock, 0.89+0.60/0.64/0+0.53 ms cpu, 3->3->1 MB, 4 MB goal, 0 MB stacks, 0 MB globals, 8 P
gc 8663 @58.008s 3%: 0.11+0.43+0.088 ms clock, 0.91+0.69/0.56/0+0.70 ms cpu, 3->3->1 MB, 4 MB goal, 0 MB stacks, 0 MB globals, 8 P
gc 8664 @58.011s 3%: 0.096+0.55+0.085 ms clock, 0.76+0.67/0.55/0+0.68 ms cpu, 3->3->1 MB, 4 MB goal, 0 MB stacks, 0 MB globals, 8 P
gc 8665 @58.014s 3%: 0.11+0.66+0.10 ms clock, 0.92+0.67/0.60/0+0.84 ms cpu, 3->3->1 MB, 4 MB goal, 0 MB stacks, 0 MB globals, 8 P
gc 8666 @58.017s 3%: 0.12+0.51+0.084 ms clock, 1.0+0.74/0.55/0+0.67 ms cpu, 3->3->1 MB, 4 MB goal, 0 MB stacks, 0 MB globals, 8 P
gc 8667 @58.020s 3%: 0.074+0.82+0.052 ms clock, 0.59+0.63/0.58/0+0.41 ms cpu, 3->3->1 MB, 4 MB goal, 0 MB stacks, 0 MB globals, 8 P
gc 8668 @58.022s 3%: 0.068+0.75+0.077 ms clock, 0.54+0.71/0.60/0+0.62 ms cpu, 3->3->1 MB, 4 MB goal, 0 MB stacks, 0 MB globals, 8 P
gc 8669 @58.025s 3%: 0.078+0.56+0.058 ms clock, 0.62+0.74/0.63/0+0.46 ms cpu, 3->3->1 MB, 4 MB goal, 0 MB stacks, 0 MB globals, 8 P
gc 8670 @58.028s 3%: 0.094+0.45+0.099 ms clock, 0.75+0.60/0.57/0+0.79 ms cpu, 3->3->1 MB, 4 MB goal, 0 MB stacks, 0 MB globals, 8 P
gc 8671 @58.031s 3%: 0.090+0.67+0.078 ms clock, 0.72+0.56/0.66/0+0.62 ms cpu, 3->3->1 MB, 4 MB goal, 0 MB stacks, 0 MB globals, 8 P
gc 8672 @58.034s 3%: 0.11+0.84+0.038 ms clock, 0.90+0.65/0.60/0+0.31 ms cpu, 3->3->1 MB, 4 MB goal, 0 MB stacks, 0 MB globals, 8 P
gc 8673 @58.036s 3%: 0.096+0.55+0.11 ms clock, 0.77+0.71/0.59/0+0.94 ms cpu, 3->3->1 MB, 4 MB goal, 0 MB stacks, 0 MB globals, 8 P
gc 8674 @58.039s 3%: 0.10+0.57+0.11 ms clock, 0.82+0.56/0.64/0+0.89 ms cpu, 3->3->1 MB, 4 MB goal, 0 MB stacks, 0 MB globals, 8 P
gc 8675 @58.042s 3%: 0.14+0.40+0.041 ms clock, 1.1+0.58/0.60/0+0.33 ms cpu, 3->3->1 MB, 4 MB goal, 0 MB stacks, 0 MB globals, 8 P
gc 8676 @58.045s 3%: 0.090+0.49+0.063 ms clock, 0.72+0.71/0.61/0+0.50 ms cpu, 3->3->1 MB, 4 MB goal, 0 MB stacks, 0 MB globals, 8 P
gc 8677 @58.047s 3%: 0.086+0.40+0.050 ms clock, 0.69+0.69/0.58/0+0.40 ms cpu, 3->3->1 MB, 4 MB goal, 0 MB stacks, 0 MB globals, 8 P
gc 8678 @58.050s 3%: 0.12+0.56+0.084 ms clock, 1.0+0.66/0.69/0+0.67 ms cpu, 3->3->1 MB, 4 MB goal, 0 MB stacks, 0 MB globals, 8 P
gc 8679 @58.053s 3%: 0.095+0.49+0.11 ms clock, 0.76+0.75/0.62/0+0.88 ms cpu, 3->3->1 MB, 4 MB goal, 0 MB stacks, 0 MB globals, 8 P
gc 8680 @58.056s 3%: 0.068+0.49+0.13 ms clock, 0.54+0.73/0.60/0+1.0 ms cpu, 3->3->1 MB, 4 MB goal, 0 MB stacks, 0 MB globals, 8 P
gc 8681 @58.058s 3%: 0.11+0.51+0.066 ms clock, 0.89+0.53/0.62/0+0.53 ms cpu, 3->3->1 MB, 4 MB goal, 0 MB stacks, 0 MB globals, 8 P
gc 8682 @58.061s 3%: 0.10+0.67+0.10 ms clock, 0.83+0.90/0.61/0+0.84 ms cpu, 3->3->1 MB, 4 MB goal, 0 MB stacks, 0 MB globals, 8 P
gc 8683 @58.064s 3%: 0.12+0.48+0.11 ms clock, 0.98+0.60/0.60/0+0.91 ms cpu, 3->3->1 MB, 4 MB goal, 0 MB stacks, 0 MB globals, 8 P
gc 8684 @58.067s 3%: 0.075+0.60+0.095 ms clock, 0.60+0.62/0.69/0+0.76 ms cpu, 3->3->1 MB, 4 MB goal, 0 MB stacks, 0 MB globals, 8 P
gc 8685 @58.070s 3%: 0.10+0.49+0.072 ms clock, 0.81+0.67/0.51/0+0.58 ms cpu, 3->3->1 MB, 4 MB goal, 0 MB stacks, 0 MB globals, 8 P
gc 8686 @58.072s 3%: 0.063+0.44+0.093 ms clock, 0.51+0.56/0.61/0+0.74 ms cpu, 3->3->1 MB, 4 MB goal, 0 MB stacks, 0 MB globals, 8 P
gc 8687 @58.075s 3%: 0.10+0.47+0.080 ms clock, 0.86+0.63/0.67/0+0.64 ms cpu, 3->3->1 MB, 4 MB goal, 0 MB stacks, 0 MB globals, 8 P
gc 8688 @58.078s 3%: 0.13+0.48+0.088 ms clock, 1.1+0.59/0.57/0+0.71 ms cpu, 3->3->1 MB, 4 MB goal, 0 MB stacks, 0 MB globals, 8 P
gc 8689 @58.081s 3%: 0.11+0.90+0.093 ms clock, 0.90+0.60/0.54/0+0.74 ms cpu, 3->3->1 MB, 4 MB goal, 0 MB stacks, 0 MB globals, 8 P
gc 8690 @58.084s 3%: 0.10+0.52+0.081 ms clock, 0.82+0.61/0.65/0+0.65 ms cpu, 3->3->1 MB, 4 MB goal, 0 MB stacks, 0 MB globals, 8 P
gc 8691 @58.086s 3%: 0.078+0.53+0.088 ms clock, 0.62+0.60/0.62/0+0.70 ms cpu, 3->3->1 MB, 4 MB goal, 0 MB stacks, 0 MB globals, 8 P
gc 8692 @58.089s 3%: 0.095+0.63+0.046 ms clock, 0.76+0.64/0.60/0+0.36 ms cpu, 3->3->1 MB, 4 MB goal, 0 MB stacks, 0 MB globals, 8 P
gc 8693 @58.092s 3%: 0.12+0.49+0.082 ms clock, 0.97+0.72/0.55/0+0.65 ms cpu, 3->3->1 MB, 4 MB goal, 0 MB stacks, 0 MB globals, 8 P
gc 8694 @58.095s 3%: 0.075+0.57+0.098 ms clock, 0.60+0.64/0.70/0+0.78 ms cpu, 3->3->1 MB, 4 MB goal, 0 MB stacks, 0 MB globals, 8 P
gc 8695 @58.098s 3%: 0.093+0.70+0.083 ms clock, 0.75+0.49/0.60/0+0.67 ms cpu, 3->3->1 MB, 4 MB goal, 0 MB stacks, 0 MB globals, 8 P
gc 8696 @58.100s 3%: 0.12+0.50+0.11 ms clock, 1.0+0.67/0.59/0+0.88 ms cpu, 3->3->1 MB, 4 MB goal, 0 MB stacks, 0 MB globals, 8 P
gc 8697 @58.103s 3%: 0.094+0.47+0.10 ms clock, 0.75+0.75/0.54/0+0.86 ms cpu, 3->3->1 MB, 4 MB goal, 0 MB stacks, 0 MB globals, 8 P
gc 8698 @58.106s 3%: 0.084+0.46+0.064 ms clock, 0.67+0.61/0.57/0+0.51 ms cpu, 3->3->1 MB, 4 MB goal, 0 MB stacks, 0 MB globals, 8 P
gc 8699 @58.109s 3%: 0.068+0.68+0.044 ms clock, 0.54+0.69/0.68/0+0.35 ms cpu, 3->3->1 MB, 4 MB goal, 0 MB stacks, 0 MB globals, 8 P
gc 8700 @58.112s 3%: 0.078+0.72+0.074 ms clock, 0.62+0.60/0.65/0+0.59 ms cpu, 3->3->1 MB, 4 MB goal, 0 MB stacks, 0 MB globals, 8 P
gc 8701 @58.114s 3%: 0.065+0.79+0.11 ms clock, 0.52+0.61/0.60/0+0.89 ms cpu, 3->3->1 MB, 4 MB goal, 0 MB stacks, 0 MB globals, 8 P
gc 8702 @58.117s 3%: 0.11+0.48+0.051 ms clock, 0.91+0.63/0.68/0+0.41 ms cpu, 3->3->1 MB, 4 MB goal, 0 MB stacks, 0 MB globals, 8 P
gc 8703 @58.120s 3%: 0.10+0.52+0.095 ms clock, 0.81+0.52/0.48/0+0.76 ms cpu, 3->3->1 MB, 4 MB goal, 0 MB stacks, 0 MB globals, 8 P
gc 8704 @58.123s 3%: 0.079+0.49+0.049 ms clock, 0.63+0.50/0.60/0+0.39 ms cpu, 3->3->1 MB, 4 MB goal, 0 MB stacks, 0 MB globals, 8 P
gc 8705 @58.126s 3%: 0.067+0.82+0.097 ms clock, 0.53+0.56/0.68/0+0.77 ms cpu, 3->3->1 MB, 4 MB goal, 0 MB stacks, 0 MB globals, 8 P
gc 8706 @58.128s 3%: 0.079+0.54+0.087 ms clock, 0.63+0.65/0.66/0+0.69 ms cpu, 3->3->1 MB, 4 MB goal, 0 MB stacks, 0 MB globals, 8 P
gc 8707 @58.131s 3%: 0.084+0.79+0.069 ms clock, 0.67+0.57/0.81/0+0.55 ms cpu, 3->3->1 MB, 4 MB goal, 0 MB stacks, 0 MB globals, 8 P
gc 8708 @58.134s 3%: 0.091+0.51+0.051 ms clock, 0.73+0.54/0.69/0+0.40 ms cpu, 3->3->1 MB, 4 MB goal, 0 MB stacks, 0 MB globals, 8 P
gc 8709 @58.137s 3%: 0.10+0.42+0.064 ms clock, 0.84+0.73/0.55/0+0.51 ms cpu, 3->3->1 MB, 4 MB goal, 0 MB stacks, 0 MB globals, 8 P
gc 8710 @58.140s 3%: 0.097+0.57+0.12 ms clock, 0.78+0.53/0.61/0+0.98 ms cpu, 3->3->1 MB, 4 MB goal, 0 MB stacks, 0 MB globals, 8 P
gc 8711 @58.142s 3%: 0.058+0.60+0.081 ms clock, 0.47+0.67/0.54/0+0.65 ms cpu, 3->3->1 MB, 4 MB goal, 0 MB stacks, 0 MB globals, 8 P
gc 8712 @58.145s 3%: 0.094+0.65+0.064 ms clock, 0.75+0.56/0.64/0+0.51 ms cpu, 3->3->1 MB, 4 MB goal, 0 MB stacks, 0 MB globals, 8 P
gc 8713 @58.148s 3%: 0.11+0.48+0.11 ms clock, 0.92+0.62/0.62/0+0.89 ms cpu, 3->3->1 MB, 4 MB goal, 0 MB stacks, 0 MB globals, 8 P
gc 8714 @58.151s 3%: 0.082+0.79+0.082 ms clock, 0.66+0.65/0.60/0+0.65 ms cpu, 3->3->1 MB, 4 MB goal, 0 MB stacks, 0 MB globals, 8 P
gc 8715 @58.154s 3%: 0.090+0.42+0.062 ms clock, 0.72+0.68/0.59/0+0.50 ms cpu, 3->3->1 MB, 4 MB goal, 0 MB stacks, 0 MB globals, 8 P
gc 8716 @58.156s 3%: 0.12+0.77+0.095 ms clock, 1.0+0.68/0.64/0+0.76 ms cpu, 3->3->1 MB, 4 MB goal, 0 MB stacks, 0 MB globals, 8 P
gc 8717 @58.159s 3%: 0.10+0.39+0.079 ms clock, 0.85+0.71/0.49/0+0.63 ms cpu, 3->3->1 MB, 4 MB goal, 0 MB stacks, 0 MB globals, 8 P
gc 8718 @58.162s 3%: 0.085+0.74+0.088 ms clock, 0.68+0.53/0.67/0+0.70 ms cpu, 3->3->1 MB, 4 MB goal, 0 MB stacks, 0 MB globals, 8 P
gc 8719 @58.165s 3%: 0.093+0.57+0.11 ms clock, 0.75+0.69/0.66/0+0.94 ms cpu, 3->3->1 MB, 4 MB goal, 0 MB stacks, 0 MB globals, 8 P
gc 8720 @58.168s 3%: 0.10+0.49+0.10 ms clock, 0.84+0.57/0.60/0+0.86 ms cpu, 3->3->1 MB, 4 MB goal, 0 MB stacks, 0 MB globals, 8 P
gc 8721 @58.170s 3%: 0.10+0.66+0.087 ms clock, 0.81+0.48/0.65/0+0.70 ms cpu, 3->3->1 MB, 4 MB goal, 0 MB stacks, 0 MB globals, 8 P
gc 8722 @58.173s 3%: 0.090+0.47+0.10 ms clock, 0.72+0.59/0.66/0+0.81 ms cpu, 3->3->1 MB, 4 MB goal, 0 MB stacks, 0 MB globals, 8 P
gc 8723 @58.176s 3%: 0.095+0.60+0.12 ms clock, 0.76+0.66/0.61/0+0.98 ms cpu, 3->3->1 MB, 4 MB goal, 0 MB stacks, 0 MB globals, 8 P
gc 8724 @58.179s 3%: 0.094+0.81+0.12 ms clock, 0.75+0.71/0.62/0+1.0 ms cpu, 3->3->1 MB, 4 MB goal, 0 MB stacks, 0 MB globals, 8 P
gc 8725 @58.182s 3%: 0.090+0.51+0.10 ms clock, 0.72+0.70/0.64/0+0.81 ms cpu, 3->3->1 MB, 4 MB goal, 0 MB stacks, 0 MB globals, 8 P
gc 8726 @58.184s 3%: 0.13+0.41+0.098 ms clock, 1.1+0.76/0.48/0+0.78 ms cpu, 3->3->1 MB, 4 MB goal, 0 MB stacks, 0 MB globals, 8 P
gc 8727 @58.187s 3%: 0.10+0.57+0.11 ms clock, 0.83+0.67/0.65/0+0.88 ms cpu, 3->3->1 MB, 4 MB goal, 0 MB stacks, 0 MB globals, 8 P
gc 8728 @58.190s 3%: 0.11+0.51+0.054 ms clock, 0.90+0.61/0.56/0+0.43 ms cpu, 3->3->1 MB, 4 MB goal, 0 MB stacks, 0 MB globals, 8 P
gc 8729 @58.193s 3%: 0.11+0.48+0.076 ms clock, 0.88+0.63/0.57/0+0.61 ms cpu, 3->3->1 MB, 4 MB goal, 0 MB stacks, 0 MB globals, 8 P
gc 8730 @58.195s 3%: 0.10+0.62+0.13 ms clock, 0.82+0.60/0.63/0+1.1 ms cpu, 3->3->1 MB, 4 MB goal, 0 MB stacks, 0 MB globals, 8 P
gc 8731 @58.198s 3%: 0.52+0.35+0.12 ms clock, 4.2+0.94/0.65/0+0.96 ms cpu, 3->3->1 MB, 4 MB goal, 0 MB stacks, 0 MB globals, 8 P
gc 8732 @58.201s 3%: 0.086+0.89+0.084 ms clock, 0.68+0.71/0.50/0+0.67 ms cpu, 3->3->1 MB, 4 MB goal, 0 MB stacks, 0 MB globals, 8 P
gc 8733 @58.204s 3%: 0.066+0.61+0.073 ms clock, 0.52+0.69/0.68/0+0.58 ms cpu, 3->3->1 MB, 4 MB goal, 0 MB stacks, 0 MB globals, 8 P
gc 8734 @58.207s 3%: 0.072+0.49+0.11 ms clock, 0.57+0.72/0.60/0+0.89 ms cpu, 3->3->1 MB, 4 MB goal, 0 MB stacks, 0 MB globals, 8 P
gc 8735 @58.209s 3%: 0.078+0.58+0.098 ms clock, 0.62+0.79/0.63/0+0.79 ms cpu, 3->3->1 MB, 4 MB goal, 0 MB stacks, 0 MB globals, 8 P
gc 8736 @58.212s 3%: 0.11+0.74+0.083 ms clock, 0.94+0.62/0.62/0+0.67 ms cpu, 3->3->1 MB, 4 MB goal, 0 MB stacks, 0 MB globals, 8 P
gc 8737 @58.215s 3%: 0.099+0.57+0.090 ms clock, 0.79+0.67/0.69/0+0.72 ms cpu, 3->3->1 MB, 4 MB goal, 0 MB stacks, 0 MB globals, 8 P
gc 8738 @58.218s 3%: 0.14+0.94+0.060 ms clock, 1.1+0.61/0.62/0+0.48 ms cpu, 3->3->1 MB, 4 MB goal, 0 MB stacks, 0 MB globals, 8 P
gc 8739 @58.221s 3%: 0.080+0.53+0.15 ms clock, 0.64+0.66/0.59/0+1.2 ms cpu, 3->3->1 MB, 4 MB goal, 0 MB stacks, 0 MB globals, 8 P
gc 8740 @58.223s 3%: 0.090+0.49+0.079 ms clock, 0.72+0.69/0.61/0+0.63 ms cpu, 3->3->1 MB, 4 MB goal, 0 MB stacks, 0 MB globals, 8 P
gc 8741 @58.226s 3%: 0.13+0.62+0.069 ms clock, 1.0+0.73/0.62/0+0.55 ms cpu, 3->3->1 MB, 4 MB goal, 0 MB stacks, 0 MB globals, 8 P
gc 8742 @58.229s 3%: 0.064+0.85+0.12 ms clock, 0.51+0.61/0.55/0+0.97 ms cpu, 3->3->1 MB, 4 MB goal, 0 MB stacks, 0 MB globals, 8 P
gc 8743 @58.232s 3%: 0.062+0.49+0.087 ms clock, 0.50+0.58/0.61/0+0.69 ms cpu, 3->3->1 MB, 4 MB goal, 0 MB stacks, 0 MB globals, 8 P
gc 8744 @58.234s 3%: 0.10+0.54+0.13 ms clock, 0.84+0.67/0.65/0+1.0 ms cpu, 3->3->1 MB, 4 MB goal, 0 MB stacks, 0 MB globals, 8 P
gc 8745 @58.237s 3%: 0.091+0.44+0.066 ms clock, 0.73+0.65/0.60/0+0.53 ms cpu, 3->3->1 MB, 4 MB goal, 0 MB stacks, 0 MB globals, 8 P
gc 8746 @58.240s 3%: 0.084+0.51+0.073 ms clock, 0.67+0.74/0.57/0+0.58 ms cpu, 3->3->1 MB, 4 MB goal, 0 MB stacks, 0 MB globals, 8 P
gc 8747 @58.243s 3%: 0.17+0.71+0.079 ms clock, 1.3+0.70/0.55/0+0.63 ms cpu, 3->3->1 MB, 4 MB goal, 0 MB stacks, 0 MB globals, 8 P
gc 8748 @58.245s 3%: 0.14+0.49+0.093 ms clock, 1.1+0.55/0.66/0+0.75 ms cpu, 3->3->1 MB, 4 MB goal, 0 MB stacks, 0 MB globals, 8 P
gc 8749 @58.248s 3%: 0.047+0.48+0.067 ms clock, 0.38+0.71/0.49/0+0.54 ms cpu, 3->3->1 MB, 4 MB goal, 0 MB stacks, 0 MB globals, 8 P
gc 8750 @58.251s 3%: 0.11+0.58+0.084 ms clock, 0.88+0.76/0.58/0+0.67 ms cpu, 3->3->1 MB, 4 MB goal, 0 MB stacks, 0 MB globals, 8 P
gc 8751 @58.254s 3%: 0.11+0.87+0.091 ms clock, 0.90+0.65/0.58/0+0.73 ms cpu, 3->3->1 MB, 4 MB goal, 0 MB stacks, 0 MB globals, 8 P
gc 8752 @58.257s 3%: 0.077+0.76+0.091 ms clock, 0.61+0.67/0.54/0+0.73 ms cpu, 3->3->1 MB, 4 MB goal, 0 MB stacks, 0 MB globals, 8 P
gc 8753 @58.259s 3%: 0.084+0.48+0.099 ms clock, 0.67+0.75/0.61/0+0.79 ms cpu, 3->3->1 MB, 4 MB goal, 0 MB stacks, 0 MB globals, 8 P
gc 8754 @58.262s 3%: 0.10+1.0+0.061 ms clock, 0.84+0.64/0.58/0+0.49 ms cpu, 3->3->1 MB, 4 MB goal, 0 MB stacks, 0 MB globals, 8 P
gc 8755 @58.265s 3%: 0.083+0.48+0.087 ms clock, 0.66+0.57/0.60/0+0.69 ms cpu, 3->3->1 MB, 4 MB goal, 0 MB stacks, 0 MB globals, 8 P
gc 8756 @58.268s 3%: 0.14+0.63+0.093 ms clock, 1.1+0.56/0.66/0+0.74 ms cpu, 3->3->1 MB, 4 MB goal, 0 MB stacks, 0 MB globals, 8 P
gc 8757 @58.271s 3%: 0.10+0.47+0.046 ms clock, 0.82+0.71/0.54/0+0.37 ms cpu, 3->3->1 MB, 4 MB goal, 0 MB stacks, 0 MB globals, 8 P
gc 8758 @58.273s 3%: 0.023+0.57+0.087 ms clock, 0.18+0.60/0.72/0+0.70 ms cpu, 3->3->1 MB, 4 MB goal, 0 MB stacks, 0 MB globals, 8 P
gc 8759 @58.276s 3%: 0.098+0.55+0.060 ms clock, 0.79+0.61/0.74/0+0.48 ms cpu, 3->3->1 MB, 4 MB goal, 0 MB stacks, 0 MB globals, 8 P
gc 8760 @58.279s 3%: 0.11+0.49+0.050 ms clock, 0.93+0.71/0.58/0+0.40 ms cpu, 3->3->1 MB, 4 MB goal, 0 MB stacks, 0 MB globals, 8 P
gc 8761 @58.282s 3%: 0.095+0.75+0.10 ms clock, 0.76+0.74/0.59/0+0.83 ms cpu, 3->3->1 MB, 4 MB goal, 0 MB stacks, 0 MB globals, 8 P
gc 8762 @58.284s 3%: 0.094+0.65+0.098 ms clock, 0.75+0.54/0.60/0+0.78 ms cpu, 3->3->1 MB, 4 MB goal, 0 MB stacks, 0 MB globals, 8 P
gc 8763 @58.287s 3%: 0.099+0.66+0.11 ms clock, 0.79+0.55/0.66/0+0.89 ms cpu, 3->3->1 MB, 4 MB goal, 0 MB stacks, 0 MB globals, 8 P
gc 8764 @58.290s 3%: 0.099+0.46+0.089 ms clock, 0.79+0.69/0.61/0+0.71 ms cpu, 3->3->1 MB, 4 MB goal, 0 MB stacks, 0 MB globals, 8 P
gc 8765 @58.293s 3%: 0.11+0.43+0.10 ms clock, 0.88+0.66/0.60/0+0.86 ms cpu, 3->3->1 MB, 4 MB goal, 0 MB stacks, 0 MB globals, 8 P
gc 8766 @58.295s 3%: 0.042+0.50+0.075 ms clock, 0.33+0.67/0.61/0+0.60 ms cpu, 3->3->1 MB, 4 MB goal, 0 MB stacks, 0 MB globals, 8 P
gc 8767 @58.298s 3%: 0.020+0.51+0.066 ms clock, 0.16+0.51/0.60/0+0.53 ms cpu, 3->3->1 MB, 4 MB goal, 0 MB stacks, 0 MB globals, 8 P
gc 8768 @58.301s 3%: 0.090+0.41+0.059 ms clock, 0.72+0.59/0.53/0+0.47 ms cpu, 3->3->1 MB, 4 MB goal, 0 MB stacks, 0 MB globals, 8 P
gc 8769 @58.304s 3%: 0.12+0.51+0.091 ms clock, 0.99+0.62/0.53/0+0.73 ms cpu, 3->3->1 MB, 4 MB goal, 0 MB stacks, 0 MB globals, 8 P
gc 8770 @58.307s 3%: 0.099+0.54+0.080 ms clock, 0.79+0.56/0.60/0+0.64 ms cpu, 3->3->1 MB, 4 MB goal, 0 MB stacks, 0 MB globals, 8 P
gc 8771 @58.309s 3%: 0.062+0.59+0.15 ms clock, 0.50+0.58/0.56/0+1.2 ms cpu, 3->3->1 MB, 4 MB goal, 0 MB stacks, 0 MB globals, 8 P
gc 8772 @58.312s 3%: 0.12+0.49+0.11 ms clock, 0.98+0.66/0.67/0+0.91 ms cpu, 3->3->1 MB, 4 MB goal, 0 MB stacks, 0 MB globals, 8 P
gc 8773 @58.315s 3%: 0.090+0.49+0.11 ms clock, 0.72+0.61/0.57/0+0.91 ms cpu, 3->3->1 MB, 4 MB goal, 0 MB stacks, 0 MB globals, 8 P
gc 8774 @58.318s 3%: 0.095+0.48+0.057 ms clock, 0.76+0.67/0.56/0+0.46 ms cpu, 3->3->1 MB, 4 MB goal, 0 MB stacks, 0 MB globals, 8 P
gc 8775 @58.321s 3%: 0.11+1.0+0.060 ms clock, 0.90+1.0/0.71/0+0.48 ms cpu, 3->4->1 MB, 4 MB goal, 0 MB stacks, 0 MB globals, 8 P
gc 8776 @58.324s 3%: 0.11+0.63+0.11 ms clock, 0.92+0.61/0.62/0+0.88 ms cpu, 3->3->1 MB, 4 MB goal, 0 MB stacks, 0 MB globals, 8 P
gc 8777 @58.326s 3%: 0.10+0.48+0.095 ms clock, 0.86+0.71/0.57/0+0.76 ms cpu, 3->3->1 MB, 4 MB goal, 0 MB stacks, 0 MB globals, 8 P
gc 8778 @58.329s 3%: 0.072+0.94+0.10 ms clock, 0.58+0.75/0.67/0.004+0.81 ms cpu, 3->3->1 MB, 4 MB goal, 0 MB stacks, 0 MB globals, 8 P
gc 8779 @58.332s 3%: 0.098+0.55+0.069 ms clock, 0.78+0.67/0.66/0+0.55 ms cpu, 3->3->1 MB, 4 MB goal, 0 MB stacks, 0 MB globals, 8 P
gc 8780 @58.335s 3%: 0.076+0.45+0.10 ms clock, 0.60+0.74/0.51/0+0.81 ms cpu, 3->3->1 MB, 4 MB goal, 0 MB stacks, 0 MB globals, 8 P
gc 8781 @58.338s 3%: 0.089+0.61+0.046 ms clock, 0.71+0.60/0.58/0+0.36 ms cpu, 3->3->1 MB, 4 MB goal, 0 MB stacks, 0 MB globals, 8 P
gc 8782 @58.340s 3%: 0.090+0.61+0.086 ms clock, 0.72+0.71/0.63/0+0.69 ms cpu, 3->3->1 MB, 4 MB goal, 0 MB stacks, 0 MB globals, 8 P
gc 8783 @58.343s 3%: 0.11+0.79+0.069 ms clock, 0.91+0.55/0.70/0+0.55 ms cpu, 3->3->1 MB, 4 MB goal, 0 MB stacks, 0 MB globals, 8 P
gc 8784 @58.346s 3%: 0.11+0.67+0.10 ms clock, 0.89+0.64/0.56/0+0.86 ms cpu, 3->3->1 MB, 4 MB goal, 0 MB stacks, 0 MB globals, 8 P
gc 8785 @58.349s 3%: 0.083+0.90+0.021 ms clock, 0.66+0.62/0.63/0+0.17 ms cpu, 3->3->1 MB, 4 MB goal, 0 MB stacks, 0 MB globals, 8 P
gc 8786 @58.352s 3%: 0.10+0.62+0.099 ms clock, 0.80+0.63/0.67/0+0.79 ms cpu, 3->3->1 MB, 4 MB goal, 0 MB stacks, 0 MB globals, 8 P
gc 8787 @58.355s 3%: 0.12+0.77+0.10 ms clock, 0.98+0.63/0.53/0+0.84 ms cpu, 3->3->1 MB, 4 MB goal, 0 MB stacks, 0 MB globals, 8 P
gc 8788 @58.358s 3%: 0.065+0.55+0.082 ms clock, 0.52+0.82/0.55/0+0.66 ms cpu, 3->3->1 MB, 4 MB goal, 0 MB stacks, 0 MB globals, 8 P
gc 8789 @58.360s 3%: 0.088+0.57+0.074 ms clock, 0.70+0.62/0.64/0+0.59 ms cpu, 3->3->1 MB, 4 MB goal, 0 MB stacks, 0 MB globals, 8 P
gc 8790 @58.363s 3%: 0.095+0.42+0.089 ms clock, 0.76+0.67/0.59/0+0.71 ms cpu, 3->3->1 MB, 4 MB goal, 0 MB stacks, 0 MB globals, 8 P
gc 8791 @58.366s 3%: 0.10+0.64+0.058 ms clock, 0.83+0.65/0.71/0+0.46 ms cpu, 3->3->1 MB, 4 MB goal, 0 MB stacks, 0 MB globals, 8 P
gc 8792 @58.369s 3%: 0.13+0.54+0.10 ms clock, 1.0+0.78/0.63/0+0.83 ms cpu, 3->3->1 MB, 4 MB goal, 0 MB stacks, 0 MB globals, 8 P
gc 8793 @58.371s 3%: 0.11+0.51+0.049 ms clock, 0.92+0.73/0.63/0+0.39 ms cpu, 3->3->1 MB, 4 MB goal, 0 MB stacks, 0 MB globals, 8 P
gc 8794 @58.374s 3%: 0.12+0.50+0.11 ms clock, 1.0+0.61/0.58/0+0.89 ms cpu, 3->3->1 MB, 4 MB goal, 0 MB stacks, 0 MB globals, 8 P
gc 8795 @58.377s 3%: 0.064+0.59+0.10 ms clock, 0.51+0.65/0.63/0+0.86 ms cpu, 3->3->1 MB, 4 MB goal, 0 MB stacks, 0 MB globals, 8 P
gc 8796 @58.380s 3%: 0.12+0.40+0.087 ms clock, 1.0+0.78/0.56/0+0.70 ms cpu, 3->3->1 MB, 4 MB goal, 0 MB stacks, 0 MB globals, 8 P
gc 8797 @58.382s 3%: 0.10+0.54+0.13 ms clock, 0.81+0.67/0.61/0+1.0 ms cpu, 3->3->1 MB, 4 MB goal, 0 MB stacks, 0 MB globals, 8 P
gc 8798 @58.385s 3%: 0.069+0.79+0.066 ms clock, 0.55+0.61/0.71/0+0.52 ms cpu, 3->3->1 MB, 4 MB goal, 0 MB stacks, 0 MB globals, 8 P
gc 8799 @58.388s 3%: 0.12+0.48+0.11 ms clock, 1.0+0.59/0.60/0+0.88 ms cpu, 3->3->1 MB, 4 MB goal, 0 MB stacks, 0 MB globals, 8 P
gc 8800 @58.391s 3%: 0.086+0.67+0.084 ms clock, 0.68+0.64/0.66/0+0.67 ms cpu, 3->3->1 MB, 4 MB goal, 0 MB stacks, 0 MB globals, 8 P
gc 8801 @58.394s 3%: 0.12+0.50+0.033 ms clock, 1.0+0.60/0.62/0+0.27 ms cpu, 3->3->1 MB, 4 MB goal, 0 MB stacks, 0 MB globals, 8 P
gc 8802 @58.396s 3%: 0.086+0.52+0.091 ms clock, 0.68+0.62/0.69/0+0.72 ms cpu, 3->3->1 MB, 4 MB goal, 0 MB stacks, 0 MB globals, 8 P
gc 8803 @58.399s 3%: 0.097+0.54+0.069 ms clock, 0.78+0.66/0.58/0+0.55 ms cpu, 3->3->1 MB, 4 MB goal, 0 MB stacks, 0 MB globals, 8 P
gc 8804 @58.402s 3%: 0.10+0.71+0.13 ms clock, 0.87+0.72/0.62/0.004+1.1 ms cpu, 3->3->1 MB, 4 MB goal, 0 MB stacks, 0 MB globals, 8 P
gc 8805 @58.405s 3%: 0.11+0.58+0.050 ms clock, 0.89+0.57/0.67/0+0.40 ms cpu, 3->3->1 MB, 4 MB goal, 0 MB stacks, 0 MB globals, 8 P
gc 8806 @58.407s 3%: 0.11+0.56+0.081 ms clock, 0.95+0.60/0.57/0+0.64 ms cpu, 3->3->1 MB, 4 MB goal, 0 MB stacks, 0 MB globals, 8 P
gc 8807 @58.410s 3%: 0.076+0.48+0.083 ms clock, 0.60+0.67/0.56/0+0.67 ms cpu, 3->3->1 MB, 4 MB goal, 0 MB stacks, 0 MB globals, 8 P
gc 8808 @58.413s 3%: 0.075+0.82+0.092 ms clock, 0.60+0.58/0.71/0+0.74 ms cpu, 3->3->1 MB, 4 MB goal, 0 MB stacks, 0 MB globals, 8 P
gc 8809 @58.416s 3%: 0.11+0.54+0.090 ms clock, 0.91+0.59/0.64/0+0.72 ms cpu, 3->3->1 MB, 4 MB goal, 0 MB stacks, 0 MB globals, 8 P
gc 8810 @58.419s 3%: 0.099+0.76+0.096 ms clock, 0.79+0.52/0.57/0+0.76 ms cpu, 3->3->1 MB, 4 MB goal, 0 MB stacks, 0 MB globals, 8 P
gc 8811 @58.422s 3%: 0.10+0.46+0.11 ms clock, 0.80+0.50/0.68/0+0.94 ms cpu, 3->3->1 MB, 4 MB goal, 0 MB stacks, 0 MB globals, 8 P
gc 8812 @58.424s 3%: 0.097+0.49+0.12 ms clock, 0.77+0.77/0.68/0+0.96 ms cpu, 3->3->1 MB, 4 MB goal, 0 MB stacks, 0 MB globals, 8 P
gc 8813 @58.427s 3%: 0.095+0.49+0.11 ms clock, 0.76+0.55/0.69/0+0.91 ms cpu, 3->3->1 MB, 4 MB goal, 0 MB stacks, 0 MB globals, 8 P
gc 8814 @58.430s 3%: 0.11+0.59+0.085 ms clock, 0.90+0.55/0.63/0+0.68 ms cpu, 3->3->1 MB, 4 MB goal, 0 MB stacks, 0 MB globals, 8 P
gc 8815 @58.433s 3%: 0.073+0.57+0.089 ms clock, 0.59+0.67/0.62/0+0.71 ms cpu, 3->3->1 MB, 4 MB goal, 0 MB stacks, 0 MB globals, 8 P
gc 8816 @58.435s 3%: 0.13+0.57+0.10 ms clock, 1.0+0.66/0.65/0+0.83 ms cpu, 3->3->1 MB, 4 MB goal, 0 MB stacks, 0 MB globals, 8 P
gc 8817 @58.438s 3%: 0.13+0.64+0.060 ms clock, 1.1+0.70/0.67/0.031+0.48 ms cpu, 3->3->1 MB, 4 MB goal, 0 MB stacks, 0 MB globals, 8 P
gc 8818 @58.441s 3%: 0.072+0.72+0.090 ms clock, 0.57+0.55/0.61/0+0.72 ms cpu, 3->3->1 MB, 4 MB goal, 0 MB stacks, 0 MB globals, 8 P
gc 8819 @58.444s 3%: 0.10+0.41+0.072 ms clock, 0.87+0.69/0.56/0+0.57 ms cpu, 3->3->1 MB, 4 MB goal, 0 MB stacks, 0 MB globals, 8 P
gc 8820 @58.446s 3%: 0.061+0.82+0.069 ms clock, 0.49+0.70/0.58/0+0.55 ms cpu, 3->3->1 MB, 4 MB goal, 0 MB stacks, 0 MB globals, 8 P
gc 8821 @58.449s 3%: 0.14+0.39+0.095 ms clock, 1.1+0.80/0.61/0+0.76 ms cpu, 3->3->1 MB, 4 MB goal, 0 MB stacks, 0 MB globals, 8 P
gc 8822 @58.452s 3%: 0.078+0.47+0.095 ms clock, 0.62+0.78/0.48/0+0.76 ms cpu, 3->3->1 MB, 4 MB goal, 0 MB stacks, 0 MB globals, 8 P
gc 8823 @58.455s 3%: 0.13+0.83+0.11 ms clock, 1.0+0.44/0.65/0+0.90 ms cpu, 3->3->1 MB, 4 MB goal, 0 MB stacks, 0 MB globals, 8 P
gc 8824 @58.458s 3%: 0.098+0.41+0.060 ms clock, 0.78+0.68/0.54/0+0.48 ms cpu, 3->3->1 MB, 4 MB goal, 0 MB stacks, 0 MB globals, 8 P
gc 8825 @58.460s 3%: 0.11+0.44+0.093 ms clock, 0.88+0.69/0.60/0+0.74 ms cpu, 3->3->1 MB, 4 MB goal, 0 MB stacks, 0 MB globals, 8 P
gc 8826 @58.463s 3%: 0.086+0.43+0.054 ms clock, 0.68+0.72/0.56/0+0.43 ms cpu, 3->3->1 MB, 4 MB goal, 0 MB stacks, 0 MB globals, 8 P
gc 8827 @58.466s 3%: 0.10+0.48+0.047 ms clock, 0.82+0.67/0.60/0+0.38 ms cpu, 3->3->1 MB, 4 MB goal, 0 MB stacks, 0 MB globals, 8 P
gc 8828 @58.468s 3%: 0.076+0.54+0.085 ms clock, 0.61+0.60/0.61/0+0.68 ms cpu, 3->3->1 MB, 4 MB goal, 0 MB stacks, 0 MB globals, 8 P
gc 8829 @58.471s 3%: 0.090+0.47+0.13 ms clock, 0.72+0.72/0.57/0+1.1 ms cpu, 3->3->1 MB, 4 MB goal, 0 MB stacks, 0 MB globals, 8 P
gc 8830 @58.474s 3%: 0.13+0.32+0.045 ms clock, 1.1+0.77/0.47/0+0.36 ms cpu, 3->3->1 MB, 4 MB goal, 0 MB stacks, 0 MB globals, 8 P
gc 8831 @58.477s 3%: 0.095+0.45+0.050 ms clock, 0.76+0.68/0.59/0+0.40 ms cpu, 3->3->1 MB, 4 MB goal, 0 MB stacks, 0 MB globals, 8 P
gc 8832 @58.479s 3%: 0.11+1.2+0.033 ms clock, 0.91+0.70/0.73/0+0.26 ms cpu, 3->4->1 MB, 4 MB goal, 0 MB stacks, 0 MB globals, 8 P
gc 8833 @58.482s 3%: 0.085+0.55+0.081 ms clock, 0.68+0.63/0.67/0+0.64 ms cpu, 3->3->1 MB, 4 MB goal, 0 MB stacks, 0 MB globals, 8 P
gc 8834 @58.485s 3%: 0.095+0.78+0.094 ms clock, 0.76+0.58/0.58/0+0.75 ms cpu, 3->3->1 MB, 4 MB goal, 0 MB stacks, 0 MB globals, 8 P
gc 8835 @58.488s 3%: 0.13+0.50+0.075 ms clock, 1.0+0.72/0.59/0+0.60 ms cpu, 3->3->1 MB, 4 MB goal, 0 MB stacks, 0 MB globals, 8 P
gc 8836 @58.491s 3%: 0.10+0.57+0.079 ms clock, 0.85+0.58/0.63/0+0.63 ms cpu, 3->3->1 MB, 4 MB goal, 0 MB stacks, 0 MB globals, 8 P
gc 8837 @58.494s 3%: 0.087+0.64+0.075 ms clock, 0.69+0.60/0.76/0+0.60 ms cpu, 3->3->1 MB, 4 MB goal, 0 MB stacks, 0 MB globals, 8 P
gc 8838 @58.496s 3%: 0.10+0.79+0.074 ms clock, 0.80+0.73/0.57/0+0.59 ms cpu, 3->3->1 MB, 4 MB goal, 0 MB stacks, 0 MB globals, 8 P
gc 8839 @58.499s 3%: 0.029+0.50+0.11 ms clock, 0.23+0.66/0.65/0+0.88 ms cpu, 3->3->1 MB, 4 MB goal, 0 MB stacks, 0 MB globals, 8 P
gc 8840 @58.502s 3%: 0.11+0.78+0.042 ms clock, 0.89+0.47/0.68/0+0.33 ms cpu, 3->3->1 MB, 4 MB goal, 0 MB stacks, 0 MB globals, 8 P
gc 8841 @58.505s 3%: 0.10+0.38+0.039 ms clock, 0.82+0.65/0.52/0+0.31 ms cpu, 3->3->1 MB, 4 MB goal, 0 MB stacks, 0 MB globals, 8 P
gc 8842 @58.508s 3%: 0.087+0.91+0.046 ms clock, 0.70+0.63/0.69/0+0.37 ms cpu, 3->3->1 MB, 4 MB goal, 0 MB stacks, 0 MB globals, 8 P
gc 8843 @58.511s 3%: 0.095+0.52+0.074 ms clock, 0.76+0.72/0.59/0+0.59 ms cpu, 3->3->1 MB, 4 MB goal, 0 MB stacks, 0 MB globals, 8 P
gc 8844 @58.513s 3%: 0.11+0.93+0.067 ms clock, 0.90+0.76/0.46/0+0.54 ms cpu, 3->3->1 MB, 4 MB goal, 0 MB stacks, 0 MB globals, 8 P
gc 8845 @58.516s 3%: 0.13+0.56+0.087 ms clock, 1.0+0.60/0.60/0+0.69 ms cpu, 3->3->1 MB, 4 MB goal, 0 MB stacks, 0 MB globals, 8 P
gc 8846 @58.519s 3%: 0.088+0.63+0.064 ms clock, 0.70+0.69/0.56/0+0.51 ms cpu, 3->3->1 MB, 4 MB goal, 0 MB stacks, 0 MB globals, 8 P
gc 8847 @58.522s 3%: 0.11+0.37+0.076 ms clock, 0.91+0.58/0.50/0+0.61 ms cpu, 3->3->1 MB, 4 MB goal, 0 MB stacks, 0 MB globals, 8 P
gc 8848 @58.524s 3%: 0.086+0.39+0.051 ms clock, 0.69+0.51/0.56/0+0.41 ms cpu, 3->3->1 MB, 4 MB goal, 0 MB stacks, 0 MB globals, 8 P
gc 8849 @58.527s 3%: 0.10+0.54+0.13 ms clock, 0.80+0.68/0.57/0+1.0 ms cpu, 3->3->1 MB, 4 MB goal, 0 MB stacks, 0 MB globals, 8 P
gc 8850 @58.530s 3%: 0.10+0.47+0.029 ms clock, 0.81+0.59/0.62/0+0.23 ms cpu, 3->3->1 MB, 4 MB goal, 0 MB stacks, 0 MB globals, 8 P
gc 8851 @58.533s 3%: 0.080+0.47+0.048 ms clock, 0.64+0.62/0.62/0+0.38 ms cpu, 3->3->1 MB, 4 MB goal, 0 MB stacks, 0 MB globals, 8 P
gc 8852 @58.535s 3%: 0.10+0.48+0.098 ms clock, 0.83+0.68/0.60/0+0.79 ms cpu, 3->3->1 MB, 4 MB goal, 0 MB stacks, 0 MB globals, 8 P
gc 8853 @58.538s 3%: 0.11+0.53+0.11 ms clock, 0.90+0.68/0.62/0+0.94 ms cpu, 3->3->1 MB, 4 MB goal, 0 MB stacks, 0 MB globals, 8 P
gc 8854 @58.541s 3%: 0.075+0.61+0.095 ms clock, 0.60+0.61/0.61/0+0.76 ms cpu, 3->3->1 MB, 4 MB goal, 0 MB stacks, 0 MB globals, 8 P
gc 8855 @58.544s 3%: 0.084+0.78+0.071 ms clock, 0.67+0.66/0.67/0+0.57 ms cpu, 3->3->1 MB, 4 MB goal, 0 MB stacks, 0 MB globals, 8 P
gc 8856 @58.547s 3%: 0.093+0.46+0.069 ms clock, 0.74+0.68/0.65/0+0.55 ms cpu, 3->3->1 MB, 4 MB goal, 0 MB stacks, 0 MB globals, 8 P
gc 8857 @58.549s 3%: 0.085+0.69+0.055 ms clock, 0.68+0.72/0.64/0+0.44 ms cpu, 3->3->1 MB, 4 MB goal, 0 MB stacks, 0 MB globals, 8 P
gc 8858 @58.552s 3%: 0.11+0.57+0.086 ms clock, 0.95+0.66/0.62/0+0.68 ms cpu, 3->3->1 MB, 4 MB goal, 0 MB stacks, 0 MB globals, 8 P
gc 8859 @58.555s 3%: 0.11+0.46+0.055 ms clock, 0.95+0.68/0.59/0+0.44 ms cpu, 3->3->1 MB, 4 MB goal, 0 MB stacks, 0 MB globals, 8 P
gc 8860 @58.558s 3%: 0.081+0.60+0.12 ms clock, 0.64+0.66/0.64/0+1.0 ms cpu, 3->3->1 MB, 4 MB goal, 0 MB stacks, 0 MB globals, 8 P
gc 8861 @58.561s 3%: 0.10+0.49+0.046 ms clock, 0.87+0.60/0.63/0+0.37 ms cpu, 3->3->1 MB, 4 MB goal, 0 MB stacks, 0 MB globals, 8 P
gc 8862 @58.563s 3%: 0.059+0.56+0.064 ms clock, 0.47+0.67/0.66/0+0.51 ms cpu, 3->3->1 MB, 4 MB goal, 0 MB stacks, 0 MB globals, 8 P
gc 8863 @58.566s 3%: 0.10+0.66+0.085 ms clock, 0.81+0.82/0.64/0+0.68 ms cpu, 3->3->1 MB, 4 MB goal, 0 MB stacks, 0 MB globals, 8 P
gc 8864 @58.569s 3%: 0.079+0.88+0.082 ms clock, 0.63+0.56/0.67/0+0.65 ms cpu, 3->3->1 MB, 4 MB goal, 0 MB stacks, 0 MB globals, 8 P
gc 8865 @58.572s 3%: 0.095+0.62+0.12 ms clock, 0.76+0.65/0.63/0+1.0 ms cpu, 3->3->1 MB, 4 MB goal, 0 MB stacks, 0 MB globals, 8 P
gc 8866 @58.575s 3%: 0.14+0.56+0.11 ms clock, 1.1+0.64/0.59/0+0.88 ms cpu, 3->3->1 MB, 4 MB goal, 0 MB stacks, 0 MB globals, 8 P
gc 8867 @58.577s 3%: 0.12+0.41+0.048 ms clock, 1.0+0.63/0.58/0+0.38 ms cpu, 3->3->1 MB, 4 MB goal, 0 MB stacks, 0 MB globals, 8 P
gc 8868 @58.580s 3%: 0.077+0.72+0.10 ms clock, 0.61+0.79/0.50/0+0.82 ms cpu, 3->3->1 MB, 4 MB goal, 0 MB stacks, 0 MB globals, 8 P
gc 8869 @58.583s 3%: 0.11+0.52+0.14 ms clock, 0.92+0.60/0.54/0+1.1 ms cpu, 3->3->1 MB, 4 MB goal, 0 MB stacks, 0 MB globals, 8 P
gc 8870 @58.586s 3%: 0.096+0.60+0.10 ms clock, 0.76+0.64/0.62/0+0.82 ms cpu, 3->3->1 MB, 4 MB goal, 0 MB stacks, 0 MB globals, 8 P
gc 8871 @58.589s 3%: 0.081+0.51+0.086 ms clock, 0.65+0.58/0.64/0+0.69 ms cpu, 3->3->1 MB, 4 MB goal, 0 MB stacks, 0 MB globals, 8 P
gc 8872 @58.591s 3%: 0.070+0.60+0.095 ms clock, 0.56+0.66/0.63/0+0.76 ms cpu, 3->3->1 MB, 4 MB goal, 0 MB stacks, 0 MB globals, 8 P
gc 8873 @58.594s 3%: 0.070+0.55+0.12 ms clock, 0.56+0.69/0.64/0+1.0 ms cpu, 3->3->1 MB, 4 MB goal, 0 MB stacks, 0 MB globals, 8 P
gc 8874 @58.597s 3%: 0.11+0.50+0.10 ms clock, 0.91+0.70/0.62/0+0.84 ms cpu, 3->3->1 MB, 4 MB goal, 0 MB stacks, 0 MB globals, 8 P
gc 8875 @58.600s 3%: 0.10+0.39+0.051 ms clock, 0.85+0.74/0.55/0+0.41 ms cpu, 3->3->1 MB, 4 MB goal, 0 MB stacks, 0 MB globals, 8 P
gc 8876 @58.602s 3%: 0.094+0.83+0.13 ms clock, 0.75+0.64/0.50/0+1.0 ms cpu, 3->3->1 MB, 4 MB goal, 0 MB stacks, 0 MB globals, 8 P
gc 8877 @58.605s 3%: 0.077+0.49+0.055 ms clock, 0.61+0.44/0.66/0+0.44 ms cpu, 3->3->1 MB, 4 MB goal, 0 MB stacks, 0 MB globals, 8 P
gc 8878 @58.608s 3%: 0.092+0.47+0.11 ms clock, 0.74+0.57/0.63/0+0.89 ms cpu, 3->3->1 MB, 4 MB goal, 0 MB stacks, 0 MB globals, 8 P
gc 8879 @58.611s 3%: 0.084+0.75+0.077 ms clock, 0.67+0.68/0.61/0+0.62 ms cpu, 3->3->1 MB, 4 MB goal, 0 MB stacks, 0 MB globals, 8 P
gc 8880 @58.614s 3%: 0.090+0.61+0.11 ms clock, 0.72+0.69/0.73/0+0.92 ms cpu, 3->3->1 MB, 4 MB goal, 0 MB stacks, 0 MB globals, 8 P
gc 8881 @58.616s 3%: 0.096+0.46+0.11 ms clock, 0.76+0.70/0.58/0+0.90 ms cpu, 3->3->1 MB, 4 MB goal, 0 MB stacks, 0 MB globals, 8 P
gc 8882 @58.619s 3%: 0.042+0.56+0.090 ms clock, 0.33+0.62/0.50/0+0.72 ms cpu, 3->3->1 MB, 4 MB goal, 0 MB stacks, 0 MB globals, 8 P
gc 8883 @58.622s 3%: 0.064+0.59+0.078 ms clock, 0.51+0.50/0.49/0+0.62 ms cpu, 3->3->1 MB, 4 MB goal, 0 MB stacks, 0 MB globals, 8 P
gc 8884 @58.625s 3%: 0.081+0.99+0.089 ms clock, 0.64+0.75/0.69/0+0.71 ms cpu, 3->4->1 MB, 4 MB goal, 0 MB stacks, 0 MB globals, 8 P
gc 8885 @58.628s 3%: 0.13+0.47+0.065 ms clock, 1.1+0.70/0.54/0+0.52 ms cpu, 3->3->1 MB, 4 MB goal, 0 MB stacks, 0 MB globals, 8 P
gc 8886 @58.630s 3%: 0.066+0.48+0.11 ms clock, 0.52+0.63/0.65/0+0.93 ms cpu, 3->3->1 MB, 4 MB goal, 0 MB stacks, 0 MB globals, 8 P
gc 8887 @58.633s 3%: 0.12+0.91+0.10 ms clock, 0.96+0.58/0.79/0+0.84 ms cpu, 3->3->1 MB, 4 MB goal, 0 MB stacks, 0 MB globals, 8 P
gc 8888 @58.636s 3%: 0.11+0.56+0.084 ms clock, 0.89+0.64/0.64/0+0.67 ms cpu, 3->3->1 MB, 4 MB goal, 0 MB stacks, 0 MB globals, 8 P
gc 8889 @58.639s 3%: 0.069+0.51+0.11 ms clock, 0.55+0.65/0.64/0+0.91 ms cpu, 3->3->1 MB, 4 MB goal, 0 MB stacks, 0 MB globals, 8 P
gc 8890 @58.642s 3%: 0.090+0.51+0.11 ms clock, 0.72+0.66/0.59/0+0.94 ms cpu, 3->3->1 MB, 4 MB goal, 0 MB stacks, 0 MB globals, 8 P
gc 8891 @58.644s 3%: 0.091+0.49+0.088 ms clock, 0.73+0.62/0.61/0+0.70 ms cpu, 3->3->1 MB, 4 MB goal, 0 MB stacks, 0 MB globals, 8 P
gc 8892 @58.647s 3%: 0.071+0.62+0.085 ms clock, 0.57+0.66/0.60/0+0.68 ms cpu, 3->3->1 MB, 4 MB goal, 0 MB stacks, 0 MB globals, 8 P
gc 8893 @58.650s 3%: 0.088+0.66+0.11 ms clock, 0.70+0.67/0.72/0+0.89 ms cpu, 3->3->1 MB, 4 MB goal, 0 MB stacks, 0 MB globals, 8 P
gc 8894 @58.653s 3%: 0.061+0.62+0.076 ms clock, 0.49+0.65/0.60/0+0.60 ms cpu, 3->3->1 MB, 4 MB goal, 0 MB stacks, 0 MB globals, 8 P
gc 8895 @58.656s 3%: 0.082+0.86+0.11 ms clock, 0.66+0.58/0.68/0+0.95 ms cpu, 3->3->1 MB, 4 MB goal, 0 MB stacks, 0 MB globals, 8 P
gc 8896 @58.658s 3%: 0.082+0.51+0.079 ms clock, 0.66+0.63/0.67/0+0.63 ms cpu, 3->3->1 MB, 4 MB goal, 0 MB stacks, 0 MB globals, 8 P
gc 8897 @58.661s 3%: 0.085+0.55+0.091 ms clock, 0.68+0.65/0.53/0+0.72 ms cpu, 3->3->1 MB, 4 MB goal, 0 MB stacks, 0 MB globals, 8 P
gc 8898 @58.664s 3%: 0.091+0.80+0.043 ms clock, 0.73+0.69/0.71/0+0.35 ms cpu, 3->3->1 MB, 4 MB goal, 0 MB stacks, 0 MB globals, 8 P
gc 8899 @58.667s 3%: 0.12+0.49+0.073 ms clock, 0.96+0.72/0.59/0+0.58 ms cpu, 3->3->1 MB, 4 MB goal, 0 MB stacks, 0 MB globals, 8 P
gc 8900 @58.670s 3%: 0.12+0.48+0.063 ms clock, 0.99+0.66/0.56/0+0.51 ms cpu, 3->3->1 MB, 4 MB goal, 0 MB stacks, 0 MB globals, 8 P
gc 8901 @58.672s 3%: 0.093+0.49+0.079 ms clock, 0.74+0.71/0.63/0+0.63 ms cpu, 3->3->1 MB, 4 MB goal, 0 MB stacks, 0 MB globals, 8 P
gc 8902 @58.675s 3%: 0.093+0.53+0.11 ms clock, 0.74+0.73/0.60/0+0.93 ms cpu, 3->3->1 MB, 4 MB goal, 0 MB stacks, 0 MB globals, 8 P
gc 8903 @58.678s 3%: 0.11+0.46+0.045 ms clock, 0.89+0.66/0.57/0+0.36 ms cpu, 3->3->1 MB, 4 MB goal, 0 MB stacks, 0 MB globals, 8 P
gc 8904 @58.680s 3%: 0.11+0.79+0.083 ms clock, 0.92+0.57/0.68/0+0.66 ms cpu, 3->3->1 MB, 4 MB goal, 0 MB stacks, 0 MB globals, 8 P
gc 8905 @58.683s 3%: 0.11+0.59+0.069 ms clock, 0.95+0.73/0.64/0+0.55 ms cpu, 3->3->1 MB, 4 MB goal, 0 MB stacks, 0 MB globals, 8 P
gc 8906 @58.686s 3%: 0.087+0.40+0.093 ms clock, 0.69+0.63/0.51/0+0.74 ms cpu, 3->3->1 MB, 4 MB goal, 0 MB stacks, 0 MB globals, 8 P
gc 8907 @58.689s 3%: 0.15+0.57+0.080 ms clock, 1.2+0.74/0.54/0+0.64 ms cpu, 3->3->1 MB, 4 MB goal, 0 MB stacks, 0 MB globals, 8 P
gc 8908 @58.692s 3%: 0.048+0.78+0.087 ms clock, 0.39+0.69/0.61/0+0.70 ms cpu, 3->3->1 MB, 4 MB goal, 0 MB stacks, 0 MB globals, 8 P
gc 8909 @58.694s 3%: 0.11+0.46+0.076 ms clock, 0.90+0.67/0.61/0+0.61 ms cpu, 3->3->1 MB, 4 MB goal, 0 MB stacks, 0 MB globals, 8 P
gc 8910 @58.697s 3%: 0.084+0.53+0.091 ms clock, 0.67+0.84/0.58/0+0.73 ms cpu, 3->3->1 MB, 4 MB goal, 0 MB stacks, 0 MB globals, 8 P
gc 8911 @58.700s 3%: 0.12+0.91+0.086 ms clock, 1.0+0.58/0.60/0+0.68 ms cpu, 3->3->1 MB, 4 MB goal, 0 MB stacks, 0 MB globals, 8 P
gc 8912 @58.703s 3%: 0.072+0.98+0.054 ms clock, 0.58+0.60/0.63/0+0.43 ms cpu, 3->4->1 MB, 4 MB goal, 0 MB stacks, 0 MB globals, 8 P
gc 8913 @58.706s 3%: 0.054+0.55+0.11 ms clock, 0.43+0.65/0.65/0+0.94 ms cpu, 3->3->1 MB, 4 MB goal, 0 MB stacks, 0 MB globals, 8 P
gc 8914 @58.709s 3%: 0.085+0.96+0.058 ms clock, 0.68+0.72/0.63/0+0.46 ms cpu, 3->4->1 MB, 4 MB goal, 0 MB stacks, 0 MB globals, 8 P
gc 8915 @58.712s 3%: 0.089+0.63+0.11 ms clock, 0.71+0.47/0.70/0+0.94 ms cpu, 3->3->1 MB, 4 MB goal, 0 MB stacks, 0 MB globals, 8 P
gc 8916 @58.714s 3%: 0.097+0.99+0.098 ms clock, 0.78+0.55/0.66/0+0.78 ms cpu, 3->4->1 MB, 4 MB goal, 0 MB stacks, 0 MB globals, 8 P
gc 8917 @58.717s 3%: 0.11+0.68+0.096 ms clock, 0.93+0.62/0.58/0+0.76 ms cpu, 3->3->1 MB, 4 MB goal, 0 MB stacks, 0 MB globals, 8 P
gc 8918 @58.720s 3%: 0.10+0.47+0.092 ms clock, 0.84+0.62/0.56/0+0.73 ms cpu, 3->3->1 MB, 4 MB goal, 0 MB stacks, 0 MB globals, 8 P
gc 8919 @58.723s 3%: 0.12+0.47+0.10 ms clock, 1.0+0.57/0.72/0+0.84 ms cpu, 3->3->1 MB, 4 MB goal, 0 MB stacks, 0 MB globals, 8 P
gc 8920 @58.726s 3%: 0.12+0.54+0.086 ms clock, 0.99+0.69/0.62/0+0.69 ms cpu, 3->3->1 MB, 4 MB goal, 0 MB stacks, 0 MB globals, 8 P
gc 8921 @58.728s 3%: 0.11+0.92+0.083 ms clock, 0.89+0.64/0.61/0+0.66 ms cpu, 3->3->1 MB, 4 MB goal, 0 MB stacks, 0 MB globals, 8 P
gc 8922 @58.731s 3%: 0.070+0.57+0.092 ms clock, 0.56+0.66/0.66/0+0.74 ms cpu, 3->3->1 MB, 4 MB goal, 0 MB stacks, 0 MB globals, 8 P
gc 8923 @58.734s 3%: 0.093+0.43+0.12 ms clock, 0.75+0.71/0.55/0+0.99 ms cpu, 3->3->1 MB, 4 MB goal, 0 MB stacks, 0 MB globals, 8 P
gc 8924 @58.737s 3%: 0.11+0.52+0.10 ms clock, 0.90+0.69/0.60/0+0.83 ms cpu, 3->3->1 MB, 4 MB goal, 0 MB stacks, 0 MB globals, 8 P
gc 8925 @58.740s 3%: 0.051+0.84+0.11 ms clock, 0.41+0.59/0.67/0+0.93 ms cpu, 3->3->1 MB, 4 MB goal, 0 MB stacks, 0 MB globals, 8 P
gc 8926 @58.742s 3%: 0.11+0.69+0.051 ms clock, 0.92+1.2/0.65/0+0.40 ms cpu, 3->3->1 MB, 4 MB goal, 0 MB stacks, 0 MB globals, 8 P
gc 8927 @58.745s 3%: 0.084+0.49+0.074 ms clock, 0.67+0.83/0.61/0+0.59 ms cpu, 3->3->1 MB, 4 MB goal, 0 MB stacks, 0 MB globals, 8 P
gc 8928 @58.748s 3%: 0.078+0.57+0.097 ms clock, 0.62+0.65/0.68/0+0.78 ms cpu, 3->3->1 MB, 4 MB goal, 0 MB stacks, 0 MB globals, 8 P
gc 8929 @58.751s 3%: 0.090+0.86+0.054 ms clock, 0.72+0.69/0.59/0+0.43 ms cpu, 3->3->1 MB, 4 MB goal, 0 MB stacks, 0 MB globals, 8 P
gc 8930 @58.754s 3%: 0.088+0.46+0.098 ms clock, 0.71+0.75/0.55/0+0.78 ms cpu, 3->3->1 MB, 4 MB goal, 0 MB stacks, 0 MB globals, 8 P
gc 8931 @58.756s 3%: 0.10+0.45+0.065 ms clock, 0.85+0.65/0.62/0+0.52 ms cpu, 3->3->1 MB, 4 MB goal, 0 MB stacks, 0 MB globals, 8 P
gc 8932 @58.759s 3%: 0.10+0.99+0.093 ms clock, 0.80+0.58/0.64/0+0.74 ms cpu, 3->3->1 MB, 4 MB goal, 0 MB stacks, 0 MB globals, 8 P
gc 8933 @58.762s 3%: 0.079+0.88+0.11 ms clock, 0.63+0.71/0.56/0+0.91 ms cpu, 3->4->1 MB, 4 MB goal, 0 MB stacks, 0 MB globals, 8 P
gc 8934 @58.765s 3%: 0.11+0.58+0.11 ms clock, 0.88+0.75/0.56/0+0.93 ms cpu, 3->3->1 MB, 4 MB goal, 0 MB stacks, 0 MB globals, 8 P
gc 8935 @58.768s 3%: 0.10+0.50+0.086 ms clock, 0.82+0.62/0.70/0+0.69 ms cpu, 3->3->1 MB, 4 MB goal, 0 MB stacks, 0 MB globals, 8 P
gc 8936 @58.771s 3%: 0.10+0.42+0.076 ms clock, 0.84+0.74/0.55/0+0.61 ms cpu, 3->3->1 MB, 4 MB goal, 0 MB stacks, 0 MB globals, 8 P
gc 8937 @58.773s 3%: 0.12+1.0+0.056 ms clock, 0.97+0.69/0.66/0+0.44 ms cpu, 3->4->1 MB, 4 MB goal, 0 MB stacks, 0 MB globals, 8 P
gc 8938 @58.776s 3%: 0.10+0.52+0.076 ms clock, 0.80+0.66/0.65/0+0.61 ms cpu, 3->3->1 MB, 4 MB goal, 0 MB stacks, 0 MB globals, 8 P
gc 8939 @58.779s 3%: 0.11+0.50+0.090 ms clock, 0.94+0.74/0.56/0+0.72 ms cpu, 3->3->1 MB, 4 MB goal, 0 MB stacks, 0 MB globals, 8 P
gc 8940 @58.782s 3%: 0.11+0.65+0.022 ms clock, 0.93+0.68/0.51/0+0.17 ms cpu, 3->3->1 MB, 4 MB goal, 0 MB stacks, 0 MB globals, 8 P
gc 8941 @58.785s 3%: 0.053+0.63+0.063 ms clock, 0.42+0.57/0.68/0+0.50 ms cpu, 3->3->1 MB, 4 MB goal, 0 MB stacks, 0 MB globals, 8 P
gc 8942 @58.788s 3%: 0.10+0.54+0.069 ms clock, 0.80+0.58/0.68/0+0.55 ms cpu, 3->3->1 MB, 4 MB goal, 0 MB stacks, 0 MB globals, 8 P
gc 8943 @58.790s 3%: 0.10+0.89+0.071 ms clock, 0.80+0.77/0.60/0+0.56 ms cpu, 3->3->1 MB, 4 MB goal, 0 MB stacks, 0 MB globals, 8 P
gc 8944 @58.793s 3%: 0.14+0.56+0.078 ms clock, 1.1+0.68/0.78/0+0.62 ms cpu, 3->3->1 MB, 4 MB goal, 0 MB stacks, 0 MB globals, 8 P
gc 8945 @58.796s 3%: 0.10+0.61+0.11 ms clock, 0.84+0.65/0.69/0+0.88 ms cpu, 3->3->1 MB, 4 MB goal, 0 MB stacks, 0 MB globals, 8 P
gc 8946 @58.799s 3%: 0.088+0.47+0.064 ms clock, 0.71+0.63/0.66/0+0.51 ms cpu, 3->3->1 MB, 4 MB goal, 0 MB stacks, 0 MB globals, 8 P
gc 8947 @58.802s 3%: 0.10+0.53+0.071 ms clock, 0.82+0.72/0.57/0+0.57 ms cpu, 3->3->1 MB, 4 MB goal, 0 MB stacks, 0 MB globals, 8 P
gc 8948 @58.804s 3%: 0.15+0.51+0.071 ms clock, 1.2+0.71/0.66/0+0.57 ms cpu, 3->3->1 MB, 4 MB goal, 0 MB stacks, 0 MB globals, 8 P
gc 8949 @58.807s 3%: 0.10+0.63+0.12 ms clock, 0.82+0.75/0.59/0+1.0 ms cpu, 3->3->1 MB, 4 MB goal, 0 MB stacks, 0 MB globals, 8 P
gc 8950 @58.810s 3%: 0.12+0.48+0.093 ms clock, 0.99+0.66/0.60/0+0.74 ms cpu, 3->3->1 MB, 4 MB goal, 0 MB stacks, 0 MB globals, 8 P
gc 8951 @58.813s 3%: 0.11+0.43+0.093 ms clock, 0.94+0.74/0.55/0+0.74 ms cpu, 3->3->1 MB, 4 MB goal, 0 MB stacks, 0 MB globals, 8 P
gc 8952 @58.815s 3%: 0.092+0.57+0.085 ms clock, 0.74+0.58/0.59/0+0.68 ms cpu, 3->3->1 MB, 4 MB goal, 0 MB stacks, 0 MB globals, 8 P
gc 8953 @58.818s 3%: 0.14+1.0+0.070 ms clock, 1.1+0.49/0.84/0+0.56 ms cpu, 3->4->1 MB, 4 MB goal, 0 MB stacks, 0 MB globals, 8 P
gc 8954 @58.821s 3%: 0.095+0.75+0.065 ms clock, 0.76+0.74/0.67/0+0.52 ms cpu, 3->4->1 MB, 4 MB goal, 0 MB stacks, 0 MB globals, 8 P
gc 8955 @58.824s 3%: 0.083+0.62+0.098 ms clock, 0.66+0.70/0.80/0+0.78 ms cpu, 3->3->1 MB, 4 MB goal, 0 MB stacks, 0 MB globals, 8 P
gc 8956 @58.827s 3%: 0.094+0.58+0.047 ms clock, 0.75+0.74/0.57/0+0.38 ms cpu, 3->3->1 MB, 4 MB goal, 0 MB stacks, 0 MB globals, 8 P
gc 8957 @58.830s 3%: 0.094+0.83+0.051 ms clock, 0.75+0.47/0.60/0+0.41 ms cpu, 3->3->1 MB, 4 MB goal, 0 MB stacks, 0 MB globals, 8 P
gc 8958 @58.833s 3%: 0.097+0.54+0.088 ms clock, 0.77+0.73/0.68/0+0.70 ms cpu, 3->3->1 MB, 4 MB goal, 0 MB stacks, 0 MB globals, 8 P
gc 8959 @58.835s 3%: 0.11+0.55+0.048 ms clock, 0.93+0.67/0.60/0+0.39 ms cpu, 3->3->1 MB, 4 MB goal, 0 MB stacks, 0 MB globals, 8 P
gc 8960 @58.838s 3%: 0.13+0.48+0.091 ms clock, 1.0+0.63/0.64/0+0.73 ms cpu, 3->3->1 MB, 4 MB goal, 0 MB stacks, 0 MB globals, 8 P
gc 8961 @58.841s 3%: 0.12+0.55+0.052 ms clock, 1.0+0.59/0.55/0+0.42 ms cpu, 3->3->1 MB, 4 MB goal, 0 MB stacks, 0 MB globals, 8 P
gc 8962 @58.844s 3%: 0.079+0.82+0.058 ms clock, 0.63+0.63/0.63/0+0.47 ms cpu, 3->3->1 MB, 4 MB goal, 0 MB stacks, 0 MB globals, 8 P
gc 8963 @58.846s 3%: 0.10+0.55+0.088 ms clock, 0.84+0.66/0.70/0+0.70 ms cpu, 3->3->1 MB, 4 MB goal, 0 MB stacks, 0 MB globals, 8 P
gc 8964 @58.849s 3%: 0.10+0.63+0.097 ms clock, 0.85+0.66/0.76/0+0.78 ms cpu, 3->3->1 MB, 4 MB goal, 0 MB stacks, 0 MB globals, 8 P
gc 8965 @58.852s 3%: 0.15+0.56+0.065 ms clock, 1.2+0.69/0.66/0+0.52 ms cpu, 3->3->1 MB, 4 MB goal, 0 MB stacks, 0 MB globals, 8 P
gc 8966 @58.855s 3%: 0.12+0.80+0.068 ms clock, 0.99+0.68/0.60/0+0.54 ms cpu, 3->3->1 MB, 4 MB goal, 0 MB stacks, 0 MB globals, 8 P
gc 8967 @58.858s 3%: 0.10+0.85+0.077 ms clock, 0.84+0.57/0.63/0+0.61 ms cpu, 3->3->1 MB, 4 MB goal, 0 MB stacks, 0 MB globals, 8 P
gc 8968 @58.861s 3%: 0.15+0.52+0.097 ms clock, 1.2+0.71/0.58/0+0.77 ms cpu, 3->3->1 MB, 4 MB goal, 0 MB stacks, 0 MB globals, 8 P
gc 8969 @58.863s 3%: 0.078+0.55+0.042 ms clock, 0.62+0.56/0.72/0+0.34 ms cpu, 3->3->1 MB, 4 MB goal, 0 MB stacks, 0 MB globals, 8 P
gc 8970 @58.866s 3%: 0.12+0.65+0.079 ms clock, 0.97+0.82/0.52/0+0.63 ms cpu, 3->3->1 MB, 4 MB goal, 0 MB stacks, 0 MB globals, 8 P
gc 8971 @58.869s 3%: 0.097+0.86+0.097 ms clock, 0.77+0.53/0.69/0+0.77 ms cpu, 3->3->1 MB, 4 MB goal, 0 MB stacks, 0 MB globals, 8 P
gc 8972 @58.872s 3%: 0.12+0.46+0.10 ms clock, 0.96+0.68/0.53/0+0.86 ms cpu, 3->3->1 MB, 4 MB goal, 0 MB stacks, 0 MB globals, 8 P
gc 8973 @58.874s 3%: 0.10+0.49+0.069 ms clock, 0.82+0.56/0.66/0+0.55 ms cpu, 3->3->1 MB, 4 MB goal, 0 MB stacks, 0 MB globals, 8 P
gc 8974 @58.877s 3%: 0.081+0.45+0.050 ms clock, 0.65+0.76/0.59/0+0.40 ms cpu, 3->3->1 MB, 4 MB goal, 0 MB stacks, 0 MB globals, 8 P
gc 8975 @58.880s 3%: 0.12+0.80+0.050 ms clock, 0.98+0.72/0.55/0+0.40 ms cpu, 3->3->1 MB, 4 MB goal, 0 MB stacks, 0 MB globals, 8 P
gc 8976 @58.883s 3%: 0.10+0.59+0.099 ms clock, 0.80+0.69/0.55/0+0.79 ms cpu, 3->3->1 MB, 4 MB goal, 0 MB stacks, 0 MB globals, 8 P
gc 8977 @58.886s 3%: 0.093+0.63+0.072 ms clock, 0.74+0.68/0.57/0+0.57 ms cpu, 3->3->1 MB, 4 MB goal, 0 MB stacks, 0 MB globals, 8 P
gc 8978 @58.888s 3%: 0.054+0.56+0.10 ms clock, 0.43+0.65/0.65/0+0.82 ms cpu, 3->3->1 MB, 4 MB goal, 0 MB stacks, 0 MB globals, 8 P
gc 8979 @58.891s 3%: 0.061+0.48+0.098 ms clock, 0.49+0.76/0.59/0+0.78 ms cpu, 3->3->1 MB, 4 MB goal, 0 MB stacks, 0 MB globals, 8 P
gc 8980 @58.894s 3%: 0.10+1.0+0.099 ms clock, 0.84+0.62/0.72/0+0.79 ms cpu, 3->3->1 MB, 4 MB goal, 0 MB stacks, 0 MB globals, 8 P
gc 8981 @58.897s 3%: 0.079+0.51+0.061 ms clock, 0.63+0.68/0.62/0+0.49 ms cpu, 3->3->1 MB, 4 MB goal, 0 MB stacks, 0 MB globals, 8 P
gc 8982 @58.900s 3%: 0.079+0.55+0.096 ms clock, 0.63+0.60/0.59/0+0.77 ms cpu, 3->3->1 MB, 4 MB goal, 0 MB stacks, 0 MB globals, 8 P
gc 8983 @58.902s 3%: 0.13+0.55+0.11 ms clock, 1.1+0.54/0.67/0+0.89 ms cpu, 3->3->1 MB, 4 MB goal, 0 MB stacks, 0 MB globals, 8 P
gc 8984 @58.905s 3%: 0.065+0.66+0.092 ms clock, 0.52+0.63/0.58/0+0.73 ms cpu, 3->3->1 MB, 4 MB goal, 0 MB stacks, 0 MB globals, 8 P
gc 8985 @58.908s 3%: 0.11+0.44+0.10 ms clock, 0.94+0.51/0.64/0+0.84 ms cpu, 3->3->1 MB, 4 MB goal, 0 MB stacks, 0 MB globals, 8 P
gc 8986 @58.911s 3%: 0.12+0.44+0.099 ms clock, 0.99+0.70/0.57/0+0.79 ms cpu, 3->3->1 MB, 4 MB goal, 0 MB stacks, 0 MB globals, 8 P
gc 8987 @58.913s 3%: 0.10+0.53+0.079 ms clock, 0.81+0.78/0.68/0+0.63 ms cpu, 3->3->1 MB, 4 MB goal, 0 MB stacks, 0 MB globals, 8 P
gc 8988 @58.916s 3%: 0.089+0.41+0.098 ms clock, 0.71+0.66/0.59/0+0.78 ms cpu, 3->3->1 MB, 4 MB goal, 0 MB stacks, 0 MB globals, 8 P
gc 8989 @58.919s 3%: 0.12+0.50+0.10 ms clock, 0.99+0.70/0.62/0+0.84 ms cpu, 3->3->1 MB, 4 MB goal, 0 MB stacks, 0 MB globals, 8 P
gc 8990 @58.922s 3%: 0.11+0.76+0.087 ms clock, 0.95+0.58/0.61/0+0.70 ms cpu, 3->3->1 MB, 4 MB goal, 0 MB stacks, 0 MB globals, 8 P
gc 8991 @58.925s 3%: 0.10+0.54+0.10 ms clock, 0.85+0.64/0.63/0+0.82 ms cpu, 3->3->1 MB, 4 MB goal, 0 MB stacks, 0 MB globals, 8 P
gc 8992 @58.927s 3%: 0.062+0.56+0.054 ms clock, 0.49+0.64/0.66/0+0.43 ms cpu, 3->3->1 MB, 4 MB goal, 0 MB stacks, 0 MB globals, 8 P
gc 8993 @58.930s 3%: 0.076+0.71+0.077 ms clock, 0.61+0.67/0.62/0+0.61 ms cpu, 3->3->1 MB, 4 MB goal, 0 MB stacks, 0 MB globals, 8 P
gc 8994 @58.933s 3%: 0.14+0.47+0.096 ms clock, 1.1+0.61/0.62/0+0.77 ms cpu, 3->3->1 MB, 4 MB goal, 0 MB stacks, 0 MB globals, 8 P
gc 8995 @58.936s 3%: 0.093+0.94+0.044 ms clock, 0.74+0.47/0.74/0+0.35 ms cpu, 3->3->1 MB, 4 MB goal, 0 MB stacks, 0 MB globals, 8 P
gc 8996 @58.939s 3%: 0.090+0.50+0.068 ms clock, 0.72+0.67/0.55/0+0.54 ms cpu, 3->3->1 MB, 4 MB goal, 0 MB stacks, 0 MB globals, 8 P
gc 8997 @58.941s 3%: 0.11+0.85+0.12 ms clock, 0.94+1.2/0.59/0+1.0 ms cpu, 3->3->1 MB, 4 MB goal, 0 MB stacks, 0 MB globals, 8 P
gc 8998 @58.944s 3%: 0.096+0.54+0.089 ms clock, 0.76+0.69/0.61/0+0.71 ms cpu, 3->3->1 MB, 4 MB goal, 0 MB stacks, 0 MB globals, 8 P
gc 8999 @58.947s 3%: 0.081+0.98+0.091 ms clock, 0.65+0.73/0.87/0+0.73 ms cpu, 3->4->1 MB, 4 MB goal, 0 MB stacks, 0 MB globals, 8 P
gc 9000 @58.950s 3%: 0.10+0.56+0.064 ms clock, 0.81+0.66/0.56/0+0.51 ms cpu, 3->3->1 MB, 4 MB goal, 0 MB stacks, 0 MB globals, 8 P
gc 9001 @58.953s 3%: 0.091+0.81+0.085 ms clock, 0.73+0.70/0.60/0+0.68 ms cpu, 3->3->1 MB, 4 MB goal, 0 MB stacks, 0 MB globals, 8 P
gc 9002 @58.956s 3%: 0.13+0.92+0.091 ms clock, 1.0+0.71/0.57/0+0.73 ms cpu, 3->4->1 MB, 4 MB goal, 0 MB stacks, 0 MB globals, 8 P
gc 9003 @58.958s 3%: 0.11+0.56+0.10 ms clock, 0.92+0.62/0.64/0+0.84 ms cpu, 3->3->1 MB, 4 MB goal, 0 MB stacks, 0 MB globals, 8 P
gc 9004 @58.961s 3%: 0.12+0.75+0.091 ms clock, 0.98+0.47/0.68/0+0.73 ms cpu, 3->3->1 MB, 4 MB goal, 0 MB stacks, 0 MB globals, 8 P
gc 9005 @58.964s 3%: 0.091+0.84+0.045 ms clock, 0.73+0.53/0.64/0+0.36 ms cpu, 3->3->1 MB, 4 MB goal, 0 MB stacks, 0 MB globals, 8 P
gc 9006 @58.967s 3%: 0.073+0.43+0.054 ms clock, 0.59+0.66/0.54/0+0.43 ms cpu, 3->3->1 MB, 4 MB goal, 0 MB stacks, 0 MB globals, 8 P
gc 9007 @58.970s 3%: 0.10+0.44+0.065 ms clock, 0.84+0.68/0.56/0+0.52 ms cpu, 3->3->1 MB, 4 MB goal, 0 MB stacks, 0 MB globals, 8 P
gc 9008 @58.973s 3%: 0.11+0.53+0.098 ms clock, 0.91+0.73/0.55/0.012+0.78 ms cpu, 3->3->1 MB, 4 MB goal, 0 MB stacks, 0 MB globals, 8 P
gc 9009 @58.975s 3%: 0.097+0.58+0.070 ms clock, 0.78+0.54/0.63/0+0.56 ms cpu, 3->3->1 MB, 4 MB goal, 0 MB stacks, 0 MB globals, 8 P
gc 9010 @58.978s 3%: 0.12+0.61+0.11 ms clock, 1.0+0.67/0.67/0+0.88 ms cpu, 3->3->1 MB, 4 MB goal, 0 MB stacks, 0 MB globals, 8 P
gc 9011 @58.981s 3%: 0.078+0.52+0.056 ms clock, 0.62+0.68/0.57/0+0.44 ms cpu, 3->3->1 MB, 4 MB goal, 0 MB stacks, 0 MB globals, 8 P
gc 9012 @58.984s 3%: 0.15+0.56+0.11 ms clock, 1.2+0.54/0.58/0+0.95 ms cpu, 3->3->1 MB, 4 MB goal, 0 MB stacks, 0 MB globals, 8 P
gc 9013 @58.986s 3%: 0.079+0.41+0.054 ms clock, 0.63+0.65/0.55/0+0.43 ms cpu, 3->3->1 MB, 4 MB goal, 0 MB stacks, 0 MB globals, 8 P
gc 9014 @58.989s 3%: 0.10+0.79+0.077 ms clock, 0.84+0.71/0.69/0+0.61 ms cpu, 3->3->1 MB, 4 MB goal, 0 MB stacks, 0 MB globals, 8 P
gc 9015 @58.992s 3%: 0.083+0.41+0.083 ms clock, 0.67+0.63/0.59/0+0.66 ms cpu, 3->3->1 MB, 4 MB goal, 0 MB stacks, 0 MB globals, 8 P
gc 9016 @58.995s 3%: 0.10+0.65+0.081 ms clock, 0.83+0.43/0.65/0+0.65 ms cpu, 3->3->1 MB, 4 MB goal, 0 MB stacks, 0 MB globals, 8 P
gc 9017 @58.997s 3%: 0.068+0.43+0.055 ms clock, 0.54+0.65/0.58/0+0.44 ms cpu, 3->3->1 MB, 4 MB goal, 0 MB stacks, 0 MB globals, 8 P
gc 9018 @59.000s 3%: 0.13+1.1+0.065 ms clock, 1.1+0.72/0.62/0+0.52 ms cpu, 3->3->1 MB, 4 MB goal, 0 MB stacks, 0 MB globals, 8 P
gc 9019 @59.003s 3%: 0.095+0.75+0.15 ms clock, 0.76+0.72/0.52/0+1.2 ms cpu, 3->4->1 MB, 4 MB goal, 0 MB stacks, 0 MB globals, 8 P
gc 9020 @59.006s 3%: 0.087+0.65+0.096 ms clock, 0.70+0.76/0.55/0+0.77 ms cpu, 3->3->1 MB, 4 MB goal, 0 MB stacks, 0 MB globals, 8 P
gc 9021 @59.009s 3%: 0.098+1.1+0.094 ms clock, 0.78+0.61/0.65/0+0.75 ms cpu, 3->4->1 MB, 4 MB goal, 0 MB stacks, 0 MB globals, 8 P
gc 9022 @59.012s 3%: 0.12+0.73+0.11 ms clock, 0.96+0.68/0.55/0+0.94 ms cpu, 3->3->1 MB, 4 MB goal, 0 MB stacks, 0 MB globals, 8 P
gc 9023 @59.014s 3%: 0.10+0.60+0.068 ms clock, 0.81+0.64/0.57/0+0.55 ms cpu, 3->3->1 MB, 4 MB goal, 0 MB stacks, 0 MB globals, 8 P
gc 9024 @59.017s 3%: 0.083+0.58+0.081 ms clock, 0.66+0.63/0.64/0+0.65 ms cpu, 3->3->1 MB, 4 MB goal, 0 MB stacks, 0 MB globals, 8 P
gc 9025 @59.020s 3%: 0.11+0.62+0.072 ms clock, 0.92+0.75/0.57/0+0.57 ms cpu, 3->3->1 MB, 4 MB goal, 0 MB stacks, 0 MB globals, 8 P
gc 9026 @59.023s 3%: 0.081+0.55+0.097 ms clock, 0.65+0.61/0.56/0+0.78 ms cpu, 3->3->1 MB, 4 MB goal, 0 MB stacks, 0 MB globals, 8 P
gc 9027 @59.026s 3%: 0.061+0.44+0.056 ms clock, 0.49+0.56/0.58/0+0.45 ms cpu, 3->3->1 MB, 4 MB goal, 0 MB stacks, 0 MB globals, 8 P
gc 9028 @59.028s 3%: 0.084+0.60+0.079 ms clock, 0.67+0.59/0.56/0+0.63 ms cpu, 3->3->1 MB, 4 MB goal, 0 MB stacks, 0 MB globals, 8 P
gc 9029 @59.031s 3%: 0.11+0.50+0.10 ms clock, 0.93+0.68/0.59/0+0.82 ms cpu, 3->3->1 MB, 4 MB goal, 0 MB stacks, 0 MB globals, 8 P
gc 9030 @59.034s 3%: 0.10+0.72+0.10 ms clock, 0.86+0.72/0.62/0.001+0.81 ms cpu, 3->3->1 MB, 4 MB goal, 0 MB stacks, 0 MB globals, 8 P
gc 9031 @59.037s 3%: 0.10+0.46+0.12 ms clock, 0.87+0.65/0.56/0+0.96 ms cpu, 3->3->1 MB, 4 MB goal, 0 MB stacks, 0 MB globals, 8 P
gc 9032 @59.039s 3%: 0.10+0.94+0.078 ms clock, 0.84+0.52/0.61/0+0.62 ms cpu, 3->3->1 MB, 4 MB goal, 0 MB stacks, 0 MB globals, 8 P
gc 9033 @59.042s 3%: 0.089+0.44+0.051 ms clock, 0.71+0.69/0.57/0+0.40 ms cpu, 3->3->1 MB, 4 MB goal, 0 MB stacks, 0 MB globals, 8 P
gc 9034 @59.045s 3%: 0.11+0.55+0.12 ms clock, 0.89+0.43/0.74/0+1.0 ms cpu, 3->3->1 MB, 4 MB goal, 0 MB stacks, 0 MB globals, 8 P
gc 9035 @59.048s 3%: 0.11+0.54+0.065 ms clock, 0.89+0.48/0.70/0+0.52 ms cpu, 3->3->1 MB, 4 MB goal, 0 MB stacks, 0 MB globals, 8 P
gc 9036 @59.051s 3%: 0.073+0.68+0.081 ms clock, 0.59+0.52/0.55/0+0.65 ms cpu, 3->3->1 MB, 4 MB goal, 0 MB stacks, 0 MB globals, 8 P
gc 9037 @59.053s 3%: 0.074+0.69+0.059 ms clock, 0.59+0.70/0.63/0+0.47 ms cpu, 3->3->1 MB, 4 MB goal, 0 MB stacks, 0 MB globals, 8 P
gc 9038 @59.056s 3%: 0.098+0.51+0.095 ms clock, 0.78+0.34/0.57/0+0.76 ms cpu, 3->3->1 MB, 4 MB goal, 0 MB stacks, 0 MB globals, 8 P
gc 9039 @59.059s 3%: 0.11+0.51+0.11 ms clock, 0.95+0.61/0.55/0+0.89 ms cpu, 3->3->1 MB, 4 MB goal, 0 MB stacks, 0 MB globals, 8 P
gc 9040 @59.062s 3%: 0.089+0.52+0.094 ms clock, 0.71+0.67/0.62/0+0.75 ms cpu, 3->3->1 MB, 4 MB goal, 0 MB stacks, 0 MB globals, 8 P
gc 9041 @59.064s 3%: 0.11+0.47+0.089 ms clock, 0.89+0.64/0.65/0+0.71 ms cpu, 3->3->1 MB, 4 MB goal, 0 MB stacks, 0 MB globals, 8 P
gc 9042 @59.067s 3%: 0.058+0.47+0.040 ms clock, 0.46+0.65/0.58/0+0.32 ms cpu, 3->3->1 MB, 4 MB goal, 0 MB stacks, 0 MB globals, 8 P
gc 9043 @59.070s 3%: 0.087+0.50+0.090 ms clock, 0.70+0.72/0.65/0+0.72 ms cpu, 3->3->1 MB, 4 MB goal, 0 MB stacks, 0 MB globals, 8 P
gc 9044 @59.073s 3%: 0.091+0.81+0.079 ms clock, 0.73+0.61/0.64/0+0.63 ms cpu, 3->3->1 MB, 4 MB goal, 0 MB stacks, 0 MB globals, 8 P
gc 9045 @59.075s 3%: 0.11+0.36+0.067 ms clock, 0.88+0.66/0.57/0+0.54 ms cpu, 3->3->1 MB, 4 MB goal, 0 MB stacks, 0 MB globals, 8 P
gc 9046 @59.078s 3%: 0.092+0.48+0.083 ms clock, 0.73+0.74/0.59/0+0.66 ms cpu, 3->3->1 MB, 4 MB goal, 0 MB stacks, 0 MB globals, 8 P
gc 9047 @59.081s 3%: 0.082+0.52+0.090 ms clock, 0.66+0.67/0.68/0+0.72 ms cpu, 3->3->1 MB, 4 MB goal, 0 MB stacks, 0 MB globals, 8 P
gc 9048 @59.084s 3%: 0.12+0.46+0.11 ms clock, 1.0+0.66/0.62/0+0.93 ms cpu, 3->3->1 MB, 4 MB goal, 0 MB stacks, 0 MB globals, 8 P
gc 9049 @59.086s 3%: 0.063+0.53+0.087 ms clock, 0.50+0.75/0.58/0+0.70 ms cpu, 3->3->1 MB, 4 MB goal, 0 MB stacks, 0 MB globals, 8 P
gc 9050 @59.089s 3%: 0.11+0.53+0.10 ms clock, 0.91+0.69/0.61/0+0.85 ms cpu, 3->3->1 MB, 4 MB goal, 0 MB stacks, 0 MB globals, 8 P
gc 9051 @59.092s 3%: 0.10+0.64+0.004 ms clock, 0.87+0.60/0.57/0+0.032 ms cpu, 3->3->1 MB, 4 MB goal, 0 MB stacks, 0 MB globals, 8 P
gc 9052 @59.095s 3%: 0.12+0.37+0.046 ms clock, 0.96+0.66/0.56/0+0.37 ms cpu, 3->3->1 MB, 4 MB goal, 0 MB stacks, 0 MB globals, 8 P
gc 9053 @59.098s 3%: 0.10+0.38+0.090 ms clock, 0.86+0.83/0.54/0+0.72 ms cpu, 3->3->1 MB, 4 MB goal, 0 MB stacks, 0 MB globals, 8 P
gc 9054 @59.100s 3%: 0.077+0.52+0.096 ms clock, 0.61+0.60/0.70/0+0.77 ms cpu, 3->3->1 MB, 4 MB goal, 0 MB stacks, 0 MB globals, 8 P
gc 9055 @59.103s 3%: 0.11+0.59+0.097 ms clock, 0.89+0.52/0.66/0+0.77 ms cpu, 3->3->1 MB, 4 MB goal, 0 MB stacks, 0 MB globals, 8 P
gc 9056 @59.106s 3%: 0.092+0.51+0.061 ms clock, 0.73+0.64/0.62/0+0.49 ms cpu, 3->3->1 MB, 4 MB goal, 0 MB stacks, 0 MB globals, 8 P
gc 9057 @59.109s 3%: 0.076+0.51+0.039 ms clock, 0.61+0.59/0.68/0+0.31 ms cpu, 3->3->1 MB, 4 MB goal, 0 MB stacks, 0 MB globals, 8 P
gc 9058 @59.111s 3%: 0.13+0.81+0.11 ms clock, 1.0+0.68/0.56/0+0.91 ms cpu, 3->3->1 MB, 4 MB goal, 0 MB stacks, 0 MB globals, 8 P
gc 9059 @59.114s 3%: 0.14+0.83+0.082 ms clock, 1.1+0.62/0.51/0+0.66 ms cpu, 3->3->1 MB, 4 MB goal, 0 MB stacks, 0 MB globals, 8 P
gc 9060 @59.117s 3%: 0.097+0.47+0.048 ms clock, 0.77+0.66/0.57/0+0.38 ms cpu, 3->3->1 MB, 4 MB goal, 0 MB stacks, 0 MB globals, 8 P
gc 9061 @59.120s 3%: 0.10+0.69+0.10 ms clock, 0.84+0.57/0.69/0+0.82 ms cpu, 3->3->1 MB, 4 MB goal, 0 MB stacks, 0 MB globals, 8 P
gc 9062 @59.123s 3%: 0.097+0.50+0.086 ms clock, 0.77+0.66/0.57/0+0.69 ms cpu, 3->3->1 MB, 4 MB goal, 0 MB stacks, 0 MB globals, 8 P
gc 9063 @59.125s 3%: 0.19+0.54+0.069 ms clock, 1.5+0.52/0.62/0+0.55 ms cpu, 3->3->1 MB, 4 MB goal, 0 MB stacks, 0 MB globals, 8 P
gc 9064 @59.128s 3%: 0.13+0.67+0.054 ms clock, 1.0+0.67/0.63/0+0.43 ms cpu, 3->3->1 MB, 4 MB goal, 0 MB stacks, 0 MB globals, 8 P
gc 9065 @59.131s 3%: 0.10+0.75+0.10 ms clock, 0.81+0.64/0.61/0+0.82 ms cpu, 3->3->1 MB, 4 MB goal, 0 MB stacks, 0 MB globals, 8 P
gc 9066 @59.134s 3%: 0.15+0.52+0.11 ms clock, 1.2+0.61/0.75/0+0.91 ms cpu, 3->3->1 MB, 4 MB goal, 0 MB stacks, 0 MB globals, 8 P
gc 9067 @59.137s 3%: 0.10+0.84+0.072 ms clock, 0.86+0.43/0.65/0+0.57 ms cpu, 3->3->1 MB, 4 MB goal, 0 MB stacks, 0 MB globals, 8 P
gc 9068 @59.139s 3%: 0.14+0.57+0.11 ms clock, 1.1+0.60/0.69/0+0.92 ms cpu, 3->3->1 MB, 4 MB goal, 0 MB stacks, 0 MB globals, 8 P
gc 9069 @59.142s 3%: 0.083+0.53+0.087 ms clock, 0.67+0.61/0.67/0+0.70 ms cpu, 3->3->1 MB, 4 MB goal, 0 MB stacks, 0 MB globals, 8 P
gc 9070 @59.145s 3%: 0.099+0.58+0.15 ms clock, 0.79+0.67/0.65/0+1.2 ms cpu, 3->3->1 MB, 4 MB goal, 0 MB stacks, 0 MB globals, 8 P
gc 9071 @59.148s 3%: 0.080+0.49+0.085 ms clock, 0.64+0.65/0.55/0+0.68 ms cpu, 3->3->1 MB, 4 MB goal, 0 MB stacks, 0 MB globals, 8 P
gc 9072 @59.151s 3%: 0.047+0.47+0.017 ms clock, 0.38+0.64/0.53/0+0.13 ms cpu, 3->3->1 MB, 4 MB goal, 0 MB stacks, 0 MB globals, 8 P
gc 9073 @59.153s 3%: 0.10+0.52+0.073 ms clock, 0.87+0.63/0.74/0+0.59 ms cpu, 3->3->1 MB, 4 MB goal, 0 MB stacks, 0 MB globals, 8 P
gc 9074 @59.156s 3%: 0.098+0.48+0.042 ms clock, 0.78+0.75/0.54/0+0.33 ms cpu, 3->3->1 MB, 4 MB goal, 0 MB stacks, 0 MB globals, 8 P
gc 9075 @59.159s 3%: 0.080+0.60+0.094 ms clock, 0.64+0.77/0.53/0+0.75 ms cpu, 3->3->1 MB, 4 MB goal, 0 MB stacks, 0 MB globals, 8 P
gc 9076 @59.162s 3%: 0.10+0.64+0.013 ms clock, 0.84+0.64/0.68/0+0.10 ms cpu, 3->3->1 MB, 4 MB goal, 0 MB stacks, 0 MB globals, 8 P
gc 9077 @59.164s 3%: 0.10+0.57+0.11 ms clock, 0.83+0.63/0.65/0+0.89 ms cpu, 3->3->1 MB, 4 MB goal, 0 MB stacks, 0 MB globals, 8 P
gc 9078 @59.167s 3%: 0.084+0.50+0.076 ms clock, 0.67+0.55/0.59/0+0.61 ms cpu, 3->3->1 MB, 4 MB goal, 0 MB stacks, 0 MB globals, 8 P
gc 9079 @59.170s 3%: 0.11+0.86+0.061 ms clock, 0.89+0.63/0.80/0+0.49 ms cpu, 3->3->1 MB, 4 MB goal, 0 MB stacks, 0 MB globals, 8 P
gc 9080 @59.173s 3%: 0.10+0.47+0.12 ms clock, 0.86+0.67/0.60/0+0.97 ms cpu, 3->3->1 MB, 4 MB goal, 0 MB stacks, 0 MB globals, 8 P
gc 9081 @59.176s 3%: 0.097+0.62+0.093 ms clock, 0.78+0.66/0.62/0+0.74 ms cpu, 3->3->1 MB, 4 MB goal, 0 MB stacks, 0 MB globals, 8 P
gc 9082 @59.178s 3%: 0.10+0.80+0.091 ms clock, 0.83+0.56/0.66/0+0.72 ms cpu, 3->3->1 MB, 4 MB goal, 0 MB stacks, 0 MB globals, 8 P
gc 9083 @59.181s 3%: 0.10+0.97+0.068 ms clock, 0.82+0.77/0.63/0+0.55 ms cpu, 3->4->1 MB, 4 MB goal, 0 MB stacks, 0 MB globals, 8 P
gc 9084 @59.184s 3%: 0.073+0.48+0.051 ms clock, 0.58+0.72/0.53/0+0.41 ms cpu, 3->3->1 MB, 4 MB goal, 0 MB stacks, 0 MB globals, 8 P
gc 9085 @59.187s 3%: 0.086+0.52+0.095 ms clock, 0.69+0.73/0.61/0+0.76 ms cpu, 3->3->1 MB, 4 MB goal, 0 MB stacks, 0 MB globals, 8 P
gc 9086 @59.190s 3%: 0.097+0.51+0.10 ms clock, 0.77+0.68/0.61/0+0.84 ms cpu, 3->3->1 MB, 4 MB goal, 0 MB stacks, 0 MB globals, 8 P
gc 9087 @59.192s 3%: 0.068+0.78+0.078 ms clock, 0.54+0.63/0.58/0+0.62 ms cpu, 3->3->1 MB, 4 MB goal, 0 MB stacks, 0 MB globals, 8 P
gc 9088 @59.195s 3%: 0.058+0.53+0.068 ms clock, 0.46+0.59/0.57/0+0.54 ms cpu, 3->3->1 MB, 4 MB goal, 0 MB stacks, 0 MB globals, 8 P
gc 9089 @59.198s 3%: 0.088+0.42+0.067 ms clock, 0.70+0.64/0.63/0+0.53 ms cpu, 3->3->1 MB, 4 MB goal, 0 MB stacks, 0 MB globals, 8 P
gc 9090 @59.201s 3%: 0.062+0.43+0.070 ms clock, 0.49+0.66/0.52/0+0.56 ms cpu, 3->3->1 MB, 4 MB goal, 0 MB stacks, 0 MB globals, 8 P
gc 9091 @59.203s 3%: 0.10+0.58+0.091 ms clock, 0.86+0.52/0.59/0+0.73 ms cpu, 3->3->1 MB, 4 MB goal, 0 MB stacks, 0 MB globals, 8 P
gc 9092 @59.206s 3%: 0.074+0.45+0.10 ms clock, 0.59+0.76/0.55/0+0.87 ms cpu, 3->3->1 MB, 4 MB goal, 0 MB stacks, 0 MB globals, 8 P
gc 9093 @59.209s 3%: 0.13+0.69+0.065 ms clock, 1.1+0.70/0.66/0+0.52 ms cpu, 3->3->1 MB, 4 MB goal, 0 MB stacks, 0 MB globals, 8 P
gc 9094 @59.212s 3%: 0.14+0.59+0.041 ms clock, 1.1+0.68/0.76/0+0.33 ms cpu, 3->3->1 MB, 4 MB goal, 0 MB stacks, 0 MB globals, 8 P
gc 9095 @59.215s 3%: 0.10+0.65+0.089 ms clock, 0.85+0.72/0.55/0+0.71 ms cpu, 3->3->1 MB, 4 MB goal, 0 MB stacks, 0 MB globals, 8 P
gc 9096 @59.218s 3%: 0.086+0.71+0.11 ms clock, 0.69+0.54/0.68/0+0.94 ms cpu, 3->3->1 MB, 4 MB goal, 0 MB stacks, 0 MB globals, 8 P
gc 9097 @59.220s 3%: 0.088+0.47+0.10 ms clock, 0.70+0.61/0.59/0+0.86 ms cpu, 3->3->1 MB, 4 MB goal, 0 MB stacks, 0 MB globals, 8 P
gc 9098 @59.223s 3%: 0.059+0.61+0.086 ms clock, 0.47+0.60/0.73/0+0.69 ms cpu, 3->3->1 MB, 4 MB goal, 0 MB stacks, 0 MB globals, 8 P
gc 9099 @59.226s 3%: 0.11+0.51+0.097 ms clock, 0.89+0.64/0.62/0+0.77 ms cpu, 3->3->1 MB, 4 MB goal, 0 MB stacks, 0 MB globals, 8 P
gc 9100 @59.229s 3%: 0.11+0.73+0.11 ms clock, 0.93+0.73/0.56/0+0.93 ms cpu, 3->3->1 MB, 4 MB goal, 0 MB stacks, 0 MB globals, 8 P
gc 9101 @59.232s 3%: 0.13+0.59+0.075 ms clock, 1.1+0.67/0.68/0+0.60 ms cpu, 3->3->1 MB, 4 MB goal, 0 MB stacks, 0 MB globals, 8 P
gc 9102 @59.234s 4%: 0.11+0.54+0.026 ms clock, 0.90+0.70/0.60/0+0.21 ms cpu, 3->3->1 MB, 4 MB goal, 0 MB stacks, 0 MB globals, 8 P
gc 9103 @59.237s 4%: 0.071+0.92+0.063 ms clock, 0.57+0.50/0.73/0+0.50 ms cpu, 3->3->1 MB, 4 MB goal, 0 MB stacks, 0 MB globals, 8 P
gc 9104 @59.240s 4%: 0.10+0.48+0.097 ms clock, 0.87+0.61/0.55/0+0.78 ms cpu, 3->3->1 MB, 4 MB goal, 0 MB stacks, 0 MB globals, 8 P
gc 9105 @59.243s 4%: 0.070+0.43+0.036 ms clock, 0.56+0.64/0.60/0+0.29 ms cpu, 3->3->1 MB, 4 MB goal, 0 MB stacks, 0 MB globals, 8 P
gc 9106 @59.245s 4%: 0.11+0.53+0.061 ms clock, 0.89+0.64/0.64/0+0.49 ms cpu, 3->3->1 MB, 4 MB goal, 0 MB stacks, 0 MB globals, 8 P
gc 9107 @59.248s 4%: 0.10+0.55+0.060 ms clock, 0.87+0.76/0.62/0+0.48 ms cpu, 3->3->1 MB, 4 MB goal, 0 MB stacks, 0 MB globals, 8 P
gc 9108 @59.251s 4%: 0.11+1.0+0.10 ms clock, 0.89+0.52/0.56/0+0.82 ms cpu, 3->4->1 MB, 4 MB goal, 0 MB stacks, 0 MB globals, 8 P
gc 9109 @59.254s 4%: 0.094+0.46+0.073 ms clock, 0.75+0.60/0.63/0+0.58 ms cpu, 3->3->1 MB, 4 MB goal, 0 MB stacks, 0 MB globals, 8 P
gc 9110 @59.257s 4%: 0.11+0.73+0.10 ms clock, 0.95+1.0/0.67/0+0.84 ms cpu, 3->3->1 MB, 4 MB goal, 0 MB stacks, 0 MB globals, 8 P
gc 9111 @59.259s 4%: 0.078+0.39+0.063 ms clock, 0.62+0.56/0.57/0+0.50 ms cpu, 3->3->1 MB, 4 MB goal, 0 MB stacks, 0 MB globals, 8 P
gc 9112 @59.262s 4%: 0.061+0.39+0.084 ms clock, 0.49+0.77/0.53/0+0.67 ms cpu, 3->3->1 MB, 4 MB goal, 0 MB stacks, 0 MB globals, 8 P
gc 9113 @59.265s 4%: 0.14+0.56+0.11 ms clock, 1.1+0.68/0.69/0+0.93 ms cpu, 3->3->1 MB, 4 MB goal, 0 MB stacks, 0 MB globals, 8 P
gc 9114 @59.268s 4%: 0.075+0.48+0.044 ms clock, 0.60+0.63/0.64/0+0.35 ms cpu, 3->3->1 MB, 4 MB goal, 0 MB stacks, 0 MB globals, 8 P
gc 9115 @59.270s 4%: 0.079+0.63+0.097 ms clock, 0.63+0.68/0.59/0+0.77 ms cpu, 3->3->1 MB, 4 MB goal, 0 MB stacks, 0 MB globals, 8 P
gc 9116 @59.273s 4%: 0.099+0.87+0.064 ms clock, 0.79+0.60/0.66/0+0.51 ms cpu, 3->3->1 MB, 4 MB goal, 0 MB stacks, 0 MB globals, 8 P
gc 9117 @59.276s 4%: 0.074+0.61+0.090 ms clock, 0.59+0.72/0.65/0+0.72 ms cpu, 3->3->1 MB, 4 MB goal, 0 MB stacks, 0 MB globals, 8 P
gc 9118 @59.279s 4%: 0.088+0.46+0.086 ms clock, 0.71+0.67/0.53/0+0.69 ms cpu, 3->3->1 MB, 4 MB goal, 0 MB stacks, 0 MB globals, 8 P
gc 9119 @59.282s 4%: 0.081+0.42+0.048 ms clock, 0.64+0.68/0.57/0+0.38 ms cpu, 3->3->1 MB, 4 MB goal, 0 MB stacks, 0 MB globals, 8 P
gc 9120 @59.284s 4%: 0.11+0.58+0.098 ms clock, 0.89+0.64/0.63/0+0.78 ms cpu, 3->3->1 MB, 4 MB goal, 0 MB stacks, 0 MB globals, 8 P
gc 9121 @59.287s 4%: 0.10+0.52+0.10 ms clock, 0.87+0.66/0.61/0+0.87 ms cpu, 3->3->1 MB, 4 MB goal, 0 MB stacks, 0 MB globals, 8 P
gc 9122 @59.290s 4%: 0.12+1.0+0.047 ms clock, 1.0+0.58/0.61/0+0.38 ms cpu, 3->3->1 MB, 4 MB goal, 0 MB stacks, 0 MB globals, 8 P
gc 9123 @59.293s 4%: 0.080+0.53+0.10 ms clock, 0.64+0.68/0.64/0+0.83 ms cpu, 3->3->1 MB, 4 MB goal, 0 MB stacks, 0 MB globals, 8 P
gc 9124 @59.296s 4%: 0.075+0.53+0.091 ms clock, 0.60+0.64/0.67/0+0.72 ms cpu, 3->3->1 MB, 4 MB goal, 0 MB stacks, 0 MB globals, 8 P
gc 9125 @59.298s 4%: 0.10+0.95+0.083 ms clock, 0.82+0.63/0.68/0+0.66 ms cpu, 3->3->1 MB, 4 MB goal, 0 MB stacks, 0 MB globals, 8 P
gc 9126 @59.301s 4%: 0.13+0.60+0.11 ms clock, 1.0+0.77/0.62/0+0.90 ms cpu, 3->3->1 MB, 4 MB goal, 0 MB stacks, 0 MB globals, 8 P
gc 9127 @59.304s 4%: 0.073+0.53+0.097 ms clock, 0.58+0.46/0.63/0+0.78 ms cpu, 3->3->1 MB, 4 MB goal, 0 MB stacks, 0 MB globals, 8 P
gc 9128 @59.307s 4%: 0.051+0.48+0.11 ms clock, 0.41+0.66/0.56/0+0.91 ms cpu, 3->3->1 MB, 4 MB goal, 0 MB stacks, 0 MB globals, 8 P
gc 9129 @59.310s 4%: 0.094+0.48+0.097 ms clock, 0.75+0.84/0.61/0+0.78 ms cpu, 3->3->1 MB, 4 MB goal, 0 MB stacks, 0 MB globals, 8 P
gc 9130 @59.312s 4%: 0.063+0.43+0.074 ms clock, 0.51+0.75/0.59/0+0.59 ms cpu, 3->3->1 MB, 4 MB goal, 0 MB stacks, 0 MB globals, 8 P
gc 9131 @59.315s 4%: 0.13+0.55+0.11 ms clock, 1.0+0.67/0.64/0+0.88 ms cpu, 3->3->1 MB, 4 MB goal, 0 MB stacks, 0 MB globals, 8 P
gc 9132 @59.318s 4%: 0.093+0.61+0.087 ms clock, 0.74+0.70/0.64/0+0.70 ms cpu, 3->3->1 MB, 4 MB goal, 0 MB stacks, 0 MB globals, 8 P
gc 9133 @59.321s 4%: 0.099+0.54+0.061 ms clock, 0.79+0.64/0.55/0+0.49 ms cpu, 3->3->1 MB, 4 MB goal, 0 MB stacks, 0 MB globals, 8 P
gc 9134 @59.323s 4%: 0.10+0.46+0.11 ms clock, 0.81+0.65/0.63/0+0.95 ms cpu, 3->3->1 MB, 4 MB goal, 0 MB stacks, 0 MB globals, 8 P
gc 9135 @59.326s 4%: 0.11+0.49+0.091 ms clock, 0.90+0.60/0.60/0+0.73 ms cpu, 3->3->1 MB, 4 MB goal, 0 MB stacks, 0 MB globals, 8 P
gc 9136 @59.329s 4%: 0.082+0.44+0.061 ms clock, 0.65+0.63/0.60/0+0.49 ms cpu, 3->3->1 MB, 4 MB goal, 0 MB stacks, 0 MB globals, 8 P
gc 9137 @59.332s 4%: 0.11+0.66+0.10 ms clock, 0.88+0.65/0.57/0+0.81 ms cpu, 3->3->1 MB, 4 MB goal, 0 MB stacks, 0 MB globals, 8 P
gc 9138 @59.334s 4%: 0.10+0.53+0.071 ms clock, 0.81+0.57/0.73/0+0.57 ms cpu, 3->3->1 MB, 4 MB goal, 0 MB stacks, 0 MB globals, 8 P
gc 9139 @59.337s 4%: 0.079+0.44+0.077 ms clock, 0.63+0.66/0.56/0+0.62 ms cpu, 3->3->1 MB, 4 MB goal, 0 MB stacks, 0 MB globals, 8 P
gc 9140 @59.340s 4%: 0.10+0.81+0.092 ms clock, 0.87+0.71/0.59/0+0.74 ms cpu, 3->3->1 MB, 4 MB goal, 0 MB stacks, 0 MB globals, 8 P
gc 9141 @59.343s 4%: 0.10+0.49+0.041 ms clock, 0.83+0.62/0.66/0+0.32 ms cpu, 3->3->1 MB, 4 MB goal, 0 MB stacks, 0 MB globals, 8 P
gc 9142 @59.346s 4%: 0.12+0.72+0.099 ms clock, 0.99+0.68/0.64/0+0.79 ms cpu, 3->3->1 MB, 4 MB goal, 0 MB stacks, 0 MB globals, 8 P
gc 9143 @59.348s 4%: 0.080+0.44+0.081 ms clock, 0.64+0.72/0.53/0+0.64 ms cpu, 3->3->1 MB, 4 MB goal, 0 MB stacks, 0 MB globals, 8 P
gc 9144 @59.351s 4%: 0.097+0.80+0.11 ms clock, 0.78+0.51/0.64/0+0.88 ms cpu, 3->3->1 MB, 4 MB goal, 0 MB stacks, 0 MB globals, 8 P
gc 9145 @59.354s 4%: 0.11+0.69+0.036 ms clock, 0.89+0.56/0.64/0+0.29 ms cpu, 3->3->1 MB, 4 MB goal, 0 MB stacks, 0 MB globals, 8 P
gc 9146 @59.357s 4%: 0.11+0.66+0.085 ms clock, 0.88+0.67/0.71/0+0.68 ms cpu, 3->3->1 MB, 4 MB goal, 0 MB stacks, 0 MB globals, 8 P
gc 9147 @59.360s 4%: 0.11+0.55+0.086 ms clock, 0.94+0.64/0.63/0+0.69 ms cpu, 3->3->1 MB, 4 MB goal, 0 MB stacks, 0 MB globals, 8 P
gc 9148 @59.362s 4%: 0.10+0.49+0.11 ms clock, 0.82+0.71/0.55/0+0.93 ms cpu, 3->3->1 MB, 4 MB goal, 0 MB stacks, 0 MB globals, 8 P
gc 9149 @59.365s 4%: 0.15+0.49+0.090 ms clock, 1.2+0.48/0.65/0+0.72 ms cpu, 3->3->1 MB, 4 MB goal, 0 MB stacks, 0 MB globals, 8 P
gc 9150 @59.368s 4%: 0.062+0.86+0.096 ms clock, 0.49+0.62/0.58/0+0.77 ms cpu, 3->3->1 MB, 4 MB goal, 0 MB stacks, 0 MB globals, 8 P
gc 9151 @59.371s 4%: 0.093+0.74+0.085 ms clock, 0.75+0.56/0.65/0+0.68 ms cpu, 3->4->1 MB, 4 MB goal, 0 MB stacks, 0 MB globals, 8 P
gc 9152 @59.374s 4%: 0.10+0.48+0.058 ms clock, 0.81+0.66/0.60/0+0.46 ms cpu, 3->3->1 MB, 4 MB goal, 0 MB stacks, 0 MB globals, 8 P
gc 9153 @59.376s 4%: 0.046+0.48+0.054 ms clock, 0.36+0.65/0.58/0+0.43 ms cpu, 3->3->1 MB, 4 MB goal, 0 MB stacks, 0 MB globals, 8 P
gc 9154 @59.379s 4%: 0.078+0.51+0.085 ms clock, 0.63+0.67/0.62/0+0.68 ms cpu, 3->3->1 MB, 4 MB goal, 0 MB stacks, 0 MB globals, 8 P
gc 9155 @59.382s 4%: 0.095+0.65+0.093 ms clock, 0.76+0.63/0.64/0+0.75 ms cpu, 3->3->1 MB, 4 MB goal, 0 MB stacks, 0 MB globals, 8 P
gc 9156 @59.385s 4%: 0.093+0.47+0.054 ms clock, 0.75+0.73/0.59/0+0.43 ms cpu, 3->3->1 MB, 4 MB goal, 0 MB stacks, 0 MB globals, 8 P
gc 9157 @59.387s 4%: 0.10+0.50+0.098 ms clock, 0.83+0.62/0.61/0+0.78 ms cpu, 3->3->1 MB, 4 MB goal, 0 MB stacks, 0 MB globals, 8 P
gc 9158 @59.390s 4%: 0.097+0.75+0.073 ms clock, 0.78+0.60/0.67/0+0.58 ms cpu, 3->3->1 MB, 4 MB goal, 0 MB stacks, 0 MB globals, 8 P
gc 9159 @59.393s 4%: 0.062+0.63+0.087 ms clock, 0.50+0.69/0.66/0+0.69 ms cpu, 3->3->1 MB, 4 MB goal, 0 MB stacks, 0 MB globals, 8 P
gc 9160 @59.396s 4%: 0.071+0.55+0.073 ms clock, 0.57+0.68/0.57/0+0.58 ms cpu, 3->3->1 MB, 4 MB goal, 0 MB stacks, 0 MB globals, 8 P
gc 9161 @59.399s 4%: 0.12+0.56+0.064 ms clock, 0.96+0.46/0.70/0+0.51 ms cpu, 3->3->1 MB, 4 MB goal, 0 MB stacks, 0 MB globals, 8 P
gc 9162 @59.402s 4%: 0.086+0.53+0.062 ms clock, 0.69+0.66/0.69/0+0.50 ms cpu, 3->3->1 MB, 4 MB goal, 0 MB stacks, 0 MB globals, 8 P
gc 9163 @59.404s 4%: 0.079+0.80+0.059 ms clock, 0.63+0.69/0.65/0+0.47 ms cpu, 3->3->1 MB, 4 MB goal, 0 MB stacks, 0 MB globals, 8 P
gc 9164 @59.407s 4%: 0.089+0.44+0.074 ms clock, 0.71+0.71/0.53/0+0.59 ms cpu, 3->3->1 MB, 4 MB goal, 0 MB stacks, 0 MB globals, 8 P
gc 9165 @59.410s 4%: 0.11+0.42+0.10 ms clock, 0.88+0.72/0.57/0+0.80 ms cpu, 3->3->1 MB, 4 MB goal, 0 MB stacks, 0 MB globals, 8 P
gc 9166 @59.413s 4%: 0.098+0.49+0.10 ms clock, 0.78+0.66/0.57/0+0.81 ms cpu, 3->3->1 MB, 4 MB goal, 0 MB stacks, 0 MB globals, 8 P
gc 9167 @59.415s 4%: 0.097+0.94+0.075 ms clock, 0.77+0.69/0.68/0+0.60 ms cpu, 3->4->1 MB, 4 MB goal, 0 MB stacks, 0 MB globals, 8 P
gc 9168 @59.418s 4%: 0.10+0.45+0.084 ms clock, 0.86+0.66/0.56/0.042+0.67 ms cpu, 3->3->1 MB, 4 MB goal, 0 MB stacks, 0 MB globals, 8 P
gc 9169 @59.421s 4%: 0.12+0.71+0.034 ms clock, 0.99+0.63/0.62/0+0.27 ms cpu, 3->3->1 MB, 4 MB goal, 0 MB stacks, 0 MB globals, 8 P
gc 9170 @59.424s 4%: 0.10+0.59+0.097 ms clock, 0.82+0.73/0.65/0+0.78 ms cpu, 3->3->1 MB, 4 MB goal, 0 MB stacks, 0 MB globals, 8 P
gc 9171 @59.427s 4%: 0.10+0.51+0.10 ms clock, 0.85+0.66/0.61/0+0.80 ms cpu, 3->3->1 MB, 4 MB goal, 0 MB stacks, 0 MB globals, 8 P
gc 9172 @59.429s 4%: 0.12+0.55+0.081 ms clock, 0.97+0.73/0.61/0+0.65 ms cpu, 3->3->1 MB, 4 MB goal, 0 MB stacks, 0 MB globals, 8 P
gc 9173 @59.432s 4%: 0.091+0.72+0.058 ms clock, 0.73+0.65/0.67/0+0.46 ms cpu, 3->3->1 MB, 4 MB goal, 0 MB stacks, 0 MB globals, 8 P
gc 9174 @59.435s 4%: 0.094+0.42+0.11 ms clock, 0.75+0.76/0.53/0+0.88 ms cpu, 3->3->1 MB, 4 MB goal, 0 MB stacks, 0 MB globals, 8 P
gc 9175 @59.438s 4%: 0.11+0.49+0.083 ms clock, 0.88+0.58/0.66/0+0.66 ms cpu, 3->3->1 MB, 4 MB goal, 0 MB stacks, 0 MB globals, 8 P
gc 9176 @59.441s 4%: 0.12+0.47+0.099 ms clock, 0.96+0.66/0.59/0+0.79 ms cpu, 3->3->1 MB, 4 MB goal, 0 MB stacks, 0 MB globals, 8 P
gc 9177 @59.443s 4%: 0.077+0.58+0.037 ms clock, 0.61+0.67/0.68/0+0.30 ms cpu, 3->3->1 MB, 4 MB goal, 0 MB stacks, 0 MB globals, 8 P
gc 9178 @59.446s 4%: 0.11+0.55+0.098 ms clock, 0.92+0.60/0.62/0+0.78 ms cpu, 3->3->1 MB, 4 MB goal, 0 MB stacks, 0 MB globals, 8 P
gc 9179 @59.449s 4%: 0.075+0.49+0.071 ms clock, 0.60+0.57/0.61/0+0.57 ms cpu, 3->3->1 MB, 4 MB goal, 0 MB stacks, 0 MB globals, 8 P
gc 9180 @59.452s 4%: 0.10+0.49+0.067 ms clock, 0.83+0.81/0.56/0+0.53 ms cpu, 3->3->1 MB, 4 MB goal, 0 MB stacks, 0 MB globals, 8 P
gc 9181 @59.455s 4%: 0.12+0.56+0.087 ms clock, 1.0+0.77/0.52/0+0.69 ms cpu, 3->3->1 MB, 4 MB goal, 0 MB stacks, 0 MB globals, 8 P
gc 9182 @59.457s 4%: 0.14+0.52+0.071 ms clock, 1.1+0.73/0.64/0+0.56 ms cpu, 3->3->1 MB, 4 MB goal, 0 MB stacks, 0 MB globals, 8 P
gc 9183 @59.460s 4%: 0.10+0.51+0.11 ms clock, 0.85+0.64/0.65/0+0.92 ms cpu, 3->3->1 MB, 4 MB goal, 0 MB stacks, 0 MB globals, 8 P
gc 9184 @59.463s 4%: 0.14+0.69+0.089 ms clock, 1.1+0.70/0.58/0+0.71 ms cpu, 3->3->1 MB, 4 MB goal, 0 MB stacks, 0 MB globals, 8 P
gc 9185 @59.466s 4%: 0.080+0.51+0.053 ms clock, 0.64+0.44/0.69/0+0.42 ms cpu, 3->3->1 MB, 4 MB goal, 0 MB stacks, 0 MB globals, 8 P
gc 9186 @59.468s 4%: 0.10+0.52+0.076 ms clock, 0.87+0.71/0.57/0+0.61 ms cpu, 3->3->1 MB, 4 MB goal, 0 MB stacks, 0 MB globals, 8 P
gc 9187 @59.471s 4%: 0.069+0.49+0.085 ms clock, 0.55+0.63/0.60/0+0.68 ms cpu, 3->3->1 MB, 4 MB goal, 0 MB stacks, 0 MB globals, 8 P
gc 9188 @59.474s 4%: 0.089+0.81+0.044 ms clock, 0.71+0.57/0.62/0+0.35 ms cpu, 3->3->1 MB, 4 MB goal, 0 MB stacks, 0 MB globals, 8 P
gc 9189 @59.477s 4%: 0.13+0.56+0.072 ms clock, 1.0+0.56/0.67/0+0.57 ms cpu, 3->3->1 MB, 4 MB goal, 0 MB stacks, 0 MB globals, 8 P
gc 9190 @59.480s 4%: 0.10+0.51+0.070 ms clock, 0.80+0.61/0.48/0+0.56 ms cpu, 3->3->1 MB, 4 MB goal, 0 MB stacks, 0 MB globals, 8 P
gc 9191 @59.482s 4%: 0.12+0.49+0.073 ms clock, 1.0+0.59/0.64/0+0.59 ms cpu, 3->3->1 MB, 4 MB goal, 0 MB stacks, 0 MB globals, 8 P
gc 9192 @59.485s 4%: 0.084+0.50+0.11 ms clock, 0.67+0.69/0.62/0+0.92 ms cpu, 3->3->1 MB, 4 MB goal, 0 MB stacks, 0 MB globals, 8 P
gc 9193 @59.488s 4%: 0.081+0.54+0.11 ms clock, 0.64+0.57/0.67/0+0.89 ms cpu, 3->3->1 MB, 4 MB goal, 0 MB stacks, 0 MB globals, 8 P
gc 9194 @59.491s 4%: 0.095+0.50+0.081 ms clock, 0.76+0.68/0.57/0+0.65 ms cpu, 3->3->1 MB, 4 MB goal, 0 MB stacks, 0 MB globals, 8 P
gc 9195 @59.493s 4%: 0.097+0.95+0.075 ms clock, 0.78+0.75/0.69/0+0.60 ms cpu, 3->3->1 MB, 4 MB goal, 0 MB stacks, 0 MB globals, 8 P
gc 9196 @59.496s 4%: 0.060+0.52+0.005 ms clock, 0.48+0.76/0.68/0+0.046 ms cpu, 3->3->1 MB, 4 MB goal, 0 MB stacks, 0 MB globals, 8 P
gc 9197 @59.499s 4%: 0.093+0.51+0.10 ms clock, 0.74+0.67/0.61/0+0.83 ms cpu, 3->3->1 MB, 4 MB goal, 0 MB stacks, 0 MB globals, 8 P
gc 9198 @59.502s 4%: 0.10+0.43+0.066 ms clock, 0.80+0.68/0.62/0+0.53 ms cpu, 3->3->1 MB, 4 MB goal, 0 MB stacks, 0 MB globals, 8 P
gc 9199 @59.505s 4%: 0.11+0.69+0.062 ms clock, 0.95+1.2/0.61/0+0.49 ms cpu, 3->3->1 MB, 4 MB goal, 0 MB stacks, 0 MB globals, 8 P
gc 9200 @59.507s 4%: 0.078+0.51+0.11 ms clock, 0.62+0.61/0.61/0+0.89 ms cpu, 3->3->1 MB, 4 MB goal, 0 MB stacks, 0 MB globals, 8 P
gc 9201 @59.510s 4%: 0.12+0.87+0.065 ms clock, 1.0+0.72/0.63/0+0.52 ms cpu, 3->3->1 MB, 4 MB goal, 0 MB stacks, 0 MB globals, 8 P
gc 9202 @59.513s 4%: 0.093+0.53+0.10 ms clock, 0.74+0.72/0.56/0+0.87 ms cpu, 3->3->1 MB, 4 MB goal, 0 MB stacks, 0 MB globals, 8 P
gc 9203 @59.516s 4%: 0.11+0.73+0.065 ms clock, 0.92+0.46/0.61/0+0.52 ms cpu, 3->3->1 MB, 4 MB goal, 0 MB stacks, 0 MB globals, 8 P
gc 9204 @59.519s 4%: 0.11+0.52+0.073 ms clock, 0.89+0.74/0.58/0+0.59 ms cpu, 3->3->1 MB, 4 MB goal, 0 MB stacks, 0 MB globals, 8 P
gc 9205 @59.522s 4%: 0.10+0.54+0.11 ms clock, 0.86+0.53/0.61/0+0.91 ms cpu, 3->3->1 MB, 4 MB goal, 0 MB stacks, 0 MB globals, 8 P
gc 9206 @59.524s 4%: 0.052+0.57+0.11 ms clock, 0.42+0.67/0.63/0+0.88 ms cpu, 3->3->1 MB, 4 MB goal, 0 MB stacks, 0 MB globals, 8 P
gc 9207 @59.527s 4%: 0.10+0.50+0.079 ms clock, 0.83+0.61/0.63/0+0.63 ms cpu, 3->3->1 MB, 4 MB goal, 0 MB stacks, 0 MB globals, 8 P
gc 9208 @59.530s 4%: 0.089+0.63+0.053 ms clock, 0.71+0.73/0.58/0+0.43 ms cpu, 3->3->1 MB, 4 MB goal, 0 MB stacks, 0 MB globals, 8 P
gc 9209 @59.533s 4%: 0.10+0.50+0.10 ms clock, 0.83+0.70/0.63/0+0.83 ms cpu, 3->3->1 MB, 4 MB goal, 0 MB stacks, 0 MB globals, 8 P
gc 9210 @59.535s 4%: 0.12+0.39+0.064 ms clock, 1.0+0.61/0.59/0+0.51 ms cpu, 3->3->1 MB, 4 MB goal, 0 MB stacks, 0 MB globals, 8 P
gc 9211 @59.538s 4%: 0.11+0.40+0.038 ms clock, 0.92+0.65/0.65/0+0.31 ms cpu, 3->3->1 MB, 4 MB goal, 0 MB stacks, 0 MB globals, 8 P
gc 9212 @59.541s 4%: 0.13+0.48+0.053 ms clock, 1.1+0.66/0.63/0+0.42 ms cpu, 3->3->1 MB, 4 MB goal, 0 MB stacks, 0 MB globals, 8 P
gc 9213 @59.544s 4%: 0.11+0.49+0.093 ms clock, 0.93+0.67/0.62/0+0.74 ms cpu, 3->3->1 MB, 4 MB goal, 0 MB stacks, 0 MB globals, 8 P
gc 9214 @59.546s 4%: 0.11+0.57+0.088 ms clock, 0.93+0.63/0.66/0+0.71 ms cpu, 3->3->1 MB, 4 MB goal, 0 MB stacks, 0 MB globals, 8 P
gc 9215 @59.549s 4%: 0.13+0.86+0.092 ms clock, 1.1+0.78/0.57/0+0.73 ms cpu, 3->3->1 MB, 4 MB goal, 0 MB stacks, 0 MB globals, 8 P
gc 9216 @59.552s 4%: 0.10+0.53+0.10 ms clock, 0.82+0.68/0.58/0+0.80 ms cpu, 3->3->1 MB, 4 MB goal, 0 MB stacks, 0 MB globals, 8 P
gc 9217 @59.555s 4%: 0.082+1.0+0.091 ms clock, 0.66+0.57/0.56/0+0.72 ms cpu, 3->3->1 MB, 4 MB goal, 0 MB stacks, 0 MB globals, 8 P
gc 9218 @59.558s 4%: 0.12+0.52+0.087 ms clock, 0.96+0.75/0.68/0+0.69 ms cpu, 3->3->1 MB, 4 MB goal, 0 MB stacks, 0 MB globals, 8 P
gc 9219 @59.561s 4%: 0.14+0.53+0.071 ms clock, 1.1+0.64/0.54/0+0.57 ms cpu, 3->3->1 MB, 4 MB goal, 0 MB stacks, 0 MB globals, 8 P
gc 9220 @59.563s 4%: 0.090+0.39+0.071 ms clock, 0.72+0.73/0.50/0+0.56 ms cpu, 3->3->1 MB, 4 MB goal, 0 MB stacks, 0 MB globals, 8 P
gc 9221 @59.566s 4%: 0.064+0.50+0.13 ms clock, 0.51+0.67/0.57/0+1.0 ms cpu, 3->3->1 MB, 4 MB goal, 0 MB stacks, 0 MB globals, 8 P
gc 9222 @59.569s 4%: 0.094+0.66+0.098 ms clock, 0.75+0.63/0.69/0+0.78 ms cpu, 3->3->1 MB, 4 MB goal, 0 MB stacks, 0 MB globals, 8 P
gc 9223 @59.572s 4%: 0.11+0.53+0.096 ms clock, 0.95+0.64/0.67/0+0.76 ms cpu, 3->3->1 MB, 4 MB goal, 0 MB stacks, 0 MB globals, 8 P
gc 9224 @59.574s 4%: 0.058+0.52+0.099 ms clock, 0.46+0.72/0.71/0+0.79 ms cpu, 3->3->1 MB, 4 MB goal, 0 MB stacks, 0 MB globals, 8 P
gc 9225 @59.577s 4%: 0.093+0.73+0.061 ms clock, 0.75+0.47/0.66/0+0.49 ms cpu, 3->3->1 MB, 4 MB goal, 0 MB stacks, 0 MB globals, 8 P
gc 9226 @59.580s 4%: 0.098+0.51+0.057 ms clock, 0.79+0.79/0.59/0+0.46 ms cpu, 3->3->1 MB, 4 MB goal, 0 MB stacks, 0 MB globals, 8 P
gc 9227 @59.583s 4%: 0.090+0.43+0.063 ms clock, 0.72+0.75/0.54/0+0.50 ms cpu, 3->3->1 MB, 4 MB goal, 0 MB stacks, 0 MB globals, 8 P
gc 9228 @59.585s 4%: 0.13+0.48+0.046 ms clock, 1.1+0.60/0.63/0+0.37 ms cpu, 3->3->1 MB, 4 MB goal, 0 MB stacks, 0 MB globals, 8 P
gc 9229 @59.588s 4%: 0.10+0.81+0.056 ms clock, 0.82+0.64/0.64/0+0.44 ms cpu, 3->3->1 MB, 4 MB goal, 0 MB stacks, 0 MB globals, 8 P
gc 9230 @59.591s 4%: 0.11+0.48+0.098 ms clock, 0.91+0.59/0.61/0+0.78 ms cpu, 3->3->1 MB, 4 MB goal, 0 MB stacks, 0 MB globals, 8 P
gc 9231 @59.594s 4%: 0.10+0.50+0.080 ms clock, 0.83+0.73/0.60/0+0.64 ms cpu, 3->3->1 MB, 4 MB goal, 0 MB stacks, 0 MB globals, 8 P
gc 9232 @59.597s 4%: 0.059+0.62+0.11 ms clock, 0.47+0.66/0.64/0+0.88 ms cpu, 3->3->1 MB, 4 MB goal, 0 MB stacks, 0 MB globals, 8 P
gc 9233 @59.599s 4%: 0.086+0.49+0.089 ms clock, 0.69+0.67/0.58/0+0.71 ms cpu, 3->3->1 MB, 4 MB goal, 0 MB stacks, 0 MB globals, 8 P
gc 9234 @59.602s 4%: 0.10+0.56+0.048 ms clock, 0.86+0.62/0.61/0+0.38 ms cpu, 3->3->1 MB, 4 MB goal, 0 MB stacks, 0 MB globals, 8 P
gc 9235 @59.605s 4%: 0.11+0.62+0.090 ms clock, 0.92+0.77/0.67/0+0.72 ms cpu, 3->3->1 MB, 4 MB goal, 0 MB stacks, 0 MB globals, 8 P
gc 9236 @59.608s 4%: 0.11+0.49+0.099 ms clock, 0.91+0.50/0.63/0+0.79 ms cpu, 3->3->1 MB, 4 MB goal, 0 MB stacks, 0 MB globals, 8 P
gc 9237 @59.610s 4%: 0.087+0.54+0.098 ms clock, 0.70+0.63/0.65/0+0.78 ms cpu, 3->3->1 MB, 4 MB goal, 0 MB stacks, 0 MB globals, 8 P
gc 9238 @59.613s 4%: 0.068+0.54+0.064 ms clock, 0.54+0.72/0.64/0+0.51 ms cpu, 3->3->1 MB, 4 MB goal, 0 MB stacks, 0 MB globals, 8 P
gc 9239 @59.616s 4%: 0.079+0.58+0.099 ms clock, 0.63+0.57/0.70/0+0.79 ms cpu, 3->3->1 MB, 4 MB goal, 0 MB stacks, 0 MB globals, 8 P
gc 9240 @59.619s 4%: 0.10+0.67+0.065 ms clock, 0.81+0.69/0.66/0+0.52 ms cpu, 3->3->1 MB, 4 MB goal, 0 MB stacks, 0 MB globals, 8 P
gc 9241 @59.622s 4%: 0.10+0.58+0.072 ms clock, 0.84+0.58/0.58/0+0.58 ms cpu, 3->3->1 MB, 4 MB goal, 0 MB stacks, 0 MB globals, 8 P
gc 9242 @59.624s 4%: 0.10+1.2+0.10 ms clock, 0.85+0.70/0.71/0+0.83 ms cpu, 3->4->1 MB, 4 MB goal, 0 MB stacks, 0 MB globals, 8 P
gc 9243 @59.628s 4%: 0.10+0.46+0.079 ms clock, 0.80+0.60/0.61/0+0.63 ms cpu, 3->3->1 MB, 4 MB goal, 0 MB stacks, 0 MB globals, 8 P
gc 9244 @59.630s 4%: 0.073+0.48+0.081 ms clock, 0.58+0.44/0.60/0+0.65 ms cpu, 3->3->1 MB, 4 MB goal, 0 MB stacks, 0 MB globals, 8 P
gc 9245 @59.633s 4%: 0.10+0.49+0.050 ms clock, 0.87+0.69/0.58/0+0.40 ms cpu, 3->3->1 MB, 4 MB goal, 0 MB stacks, 0 MB globals, 8 P
gc 9246 @59.636s 4%: 0.11+0.55+0.070 ms clock, 0.89+0.63/0.69/0+0.56 ms cpu, 3->3->1 MB, 4 MB goal, 0 MB stacks, 0 MB globals, 8 P
gc 9247 @59.639s 4%: 0.070+0.70+0.062 ms clock, 0.56+0.73/0.55/0+0.49 ms cpu, 3->3->1 MB, 4 MB goal, 0 MB stacks, 0 MB globals, 8 P
gc 9248 @59.642s 4%: 0.084+0.52+0.090 ms clock, 0.67+0.51/0.64/0+0.72 ms cpu, 3->3->1 MB, 4 MB goal, 0 MB stacks, 0 MB globals, 8 P
gc 9249 @59.644s 4%: 0.098+1.2+0.073 ms clock, 0.78+0.66/0.60/0+0.59 ms cpu, 3->3->1 MB, 4 MB goal, 0 MB stacks, 0 MB globals, 8 P
gc 9250 @59.647s 4%: 0.085+0.71+0.088 ms clock, 0.68+0.67/0.60/0+0.71 ms cpu, 3->3->1 MB, 4 MB goal, 0 MB stacks, 0 MB globals, 8 P
gc 9251 @59.650s 4%: 0.10+0.46+0.082 ms clock, 0.86+0.61/0.62/0+0.65 ms cpu, 3->3->1 MB, 4 MB goal, 0 MB stacks, 0 MB globals, 8 P
gc 9252 @59.653s 4%: 0.092+0.40+0.11 ms clock, 0.74+0.57/0.55/0+0.92 ms cpu, 3->3->1 MB, 4 MB goal, 0 MB stacks, 0 MB globals, 8 P
gc 9253 @59.655s 4%: 0.10+0.49+0.082 ms clock, 0.86+0.81/0.54/0+0.65 ms cpu, 3->3->1 MB, 4 MB goal, 0 MB stacks, 0 MB globals, 8 P
gc 9254 @59.658s 4%: 0.081+0.46+0.065 ms clock, 0.65+0.77/0.61/0+0.52 ms cpu, 3->3->1 MB, 4 MB goal, 0 MB stacks, 0 MB globals, 8 P
gc 9255 @59.661s 4%: 0.11+0.52+0.10 ms clock, 0.89+0.64/0.63/0+0.84 ms cpu, 3->3->1 MB, 4 MB goal, 0 MB stacks, 0 MB globals, 8 P
gc 9256 @59.664s 4%: 0.068+0.55+0.079 ms clock, 0.54+0.78/0.52/0+0.63 ms cpu, 3->3->1 MB, 4 MB goal, 0 MB stacks, 0 MB globals, 8 P
gc 9257 @59.666s 4%: 0.080+0.98+0.11 ms clock, 0.64+0.70/0.59/0+0.89 ms cpu, 3->4->1 MB, 4 MB goal, 0 MB stacks, 0 MB globals, 8 P
gc 9258 @59.669s 4%: 0.097+0.60+0.10 ms clock, 0.77+0.72/0.64/0+0.82 ms cpu, 3->3->1 MB, 4 MB goal, 0 MB stacks, 0 MB globals, 8 P
gc 9259 @59.672s 4%: 0.12+0.63+0.039 ms clock, 0.97+0.67/0.58/0+0.31 ms cpu, 3->3->1 MB, 4 MB goal, 0 MB stacks, 0 MB globals, 8 P
gc 9260 @59.675s 4%: 0.12+0.44+0.10 ms clock, 0.97+0.61/0.58/0+0.80 ms cpu, 3->3->1 MB, 4 MB goal, 0 MB stacks, 0 MB globals, 8 P
gc 9261 @59.678s 4%: 0.14+0.89+0.084 ms clock, 1.1+0.77/0.49/0+0.67 ms cpu, 3->3->1 MB, 4 MB goal, 0 MB stacks, 0 MB globals, 8 P
gc 9262 @59.681s 4%: 0.092+0.48+0.044 ms clock, 0.73+0.80/0.55/0+0.35 ms cpu, 3->3->1 MB, 4 MB goal, 0 MB stacks, 0 MB globals, 8 P
gc 9263 @59.683s 4%: 0.093+0.51+0.10 ms clock, 0.74+0.71/0.60/0+0.84 ms cpu, 3->3->1 MB, 4 MB goal, 0 MB stacks, 0 MB globals, 8 P
gc 9264 @59.686s 4%: 0.13+0.47+0.061 ms clock, 1.0+0.62/0.63/0+0.48 ms cpu, 3->3->1 MB, 4 MB goal, 0 MB stacks, 0 MB globals, 8 P
gc 9265 @59.689s 4%: 0.068+0.45+0.092 ms clock, 0.54+0.60/0.64/0+0.74 ms cpu, 3->3->1 MB, 4 MB goal, 0 MB stacks, 0 MB globals, 8 P
gc 9266 @59.692s 4%: 0.091+0.70+0.086 ms clock, 0.73+0.60/0.64/0+0.69 ms cpu, 3->3->1 MB, 4 MB goal, 0 MB stacks, 0 MB globals, 8 P
gc 9267 @59.694s 4%: 0.097+1.0+0.027 ms clock, 0.77+0.69/0.51/0+0.22 ms cpu, 3->4->1 MB, 4 MB goal, 0 MB stacks, 0 MB globals, 8 P
gc 9268 @59.697s 4%: 0.089+0.75+0.084 ms clock, 0.71+0.50/0.70/0+0.67 ms cpu, 3->3->1 MB, 4 MB goal, 0 MB stacks, 0 MB globals, 8 P
gc 9269 @59.700s 4%: 0.058+0.53+0.098 ms clock, 0.47+0.63/0.68/0+0.78 ms cpu, 3->3->1 MB, 4 MB goal, 0 MB stacks, 0 MB globals, 8 P
gc 9270 @59.703s 4%: 0.10+0.50+0.10 ms clock, 0.87+0.57/0.62/0+0.80 ms cpu, 3->3->1 MB, 4 MB goal, 0 MB stacks, 0 MB globals, 8 P
gc 9271 @59.706s 4%: 0.11+0.54+0.059 ms clock, 0.92+0.70/0.70/0+0.47 ms cpu, 3->3->1 MB, 4 MB goal, 0 MB stacks, 0 MB globals, 8 P
gc 9272 @59.709s 4%: 0.098+0.57+0.084 ms clock, 0.78+0.65/0.64/0+0.67 ms cpu, 3->3->1 MB, 4 MB goal, 0 MB stacks, 0 MB globals, 8 P
gc 9273 @59.712s 4%: 0.084+0.51+0.055 ms clock, 0.67+0.57/0.62/0+0.44 ms cpu, 3->3->1 MB, 4 MB goal, 0 MB stacks, 0 MB globals, 8 P
gc 9274 @59.714s 4%: 0.12+0.50+0.097 ms clock, 0.96+0.69/0.54/0+0.78 ms cpu, 3->3->1 MB, 4 MB goal, 0 MB stacks, 0 MB globals, 8 P
gc 9275 @59.717s 4%: 0.14+0.81+0.052 ms clock, 1.1+0.73/0.54/0+0.41 ms cpu, 3->3->1 MB, 4 MB goal, 0 MB stacks, 0 MB globals, 8 P
gc 9276 @59.720s 4%: 0.11+0.44+0.089 ms clock, 0.88+0.58/0.60/0+0.71 ms cpu, 3->3->1 MB, 4 MB goal, 0 MB stacks, 0 MB globals, 8 P
gc 9277 @59.723s 4%: 0.099+0.77+0.042 ms clock, 0.79+0.58/0.56/0+0.34 ms cpu, 3->3->1 MB, 4 MB goal, 0 MB stacks, 0 MB globals, 8 P
gc 9278 @59.726s 4%: 0.11+0.69+0.097 ms clock, 0.93+0.71/0.52/0+0.78 ms cpu, 3->3->1 MB, 4 MB goal, 0 MB stacks, 0 MB globals, 8 P
gc 9279 @59.728s 4%: 0.094+0.62+0.094 ms clock, 0.75+0.67/0.63/0+0.75 ms cpu, 3->3->1 MB, 4 MB goal, 0 MB stacks, 0 MB globals, 8 P
gc 9280 @59.731s 4%: 0.090+0.54+0.074 ms clock, 0.72+0.57/0.58/0+0.59 ms cpu, 3->3->1 MB, 4 MB goal, 0 MB stacks, 0 MB globals, 8 P
gc 9281 @59.734s 4%: 0.093+0.56+0.077 ms clock, 0.74+0.64/0.70/0+0.62 ms cpu, 3->3->1 MB, 4 MB goal, 0 MB stacks, 0 MB globals, 8 P
gc 9282 @59.737s 4%: 0.098+0.50+0.059 ms clock, 0.78+0.75/0.51/0+0.47 ms cpu, 3->3->1 MB, 4 MB goal, 0 MB stacks, 0 MB globals, 8 P
gc 9283 @59.740s 4%: 0.10+1.1+0.077 ms clock, 0.87+0.60/0.60/0+0.61 ms cpu, 3->4->1 MB, 4 MB goal, 0 MB stacks, 0 MB globals, 8 P
gc 9284 @59.743s 4%: 0.079+0.85+0.15 ms clock, 0.63+0.66/0.66/0+1.2 ms cpu, 3->4->1 MB, 4 MB goal, 0 MB stacks, 0 MB globals, 8 P
gc 9285 @59.745s 4%: 0.10+0.54+0.060 ms clock, 0.82+0.63/0.69/0+0.48 ms cpu, 3->3->1 MB, 4 MB goal, 0 MB stacks, 0 MB globals, 8 P
gc 9286 @59.748s 4%: 0.11+0.52+0.064 ms clock, 0.90+0.58/0.63/0+0.51 ms cpu, 3->3->1 MB, 4 MB goal, 0 MB stacks, 0 MB globals, 8 P
gc 9287 @59.751s 4%: 0.082+0.52+0.069 ms clock, 0.65+0.61/0.61/0+0.55 ms cpu, 3->3->1 MB, 4 MB goal, 0 MB stacks, 0 MB globals, 8 P
gc 9288 @59.754s 4%: 0.048+0.51+0.095 ms clock, 0.38+0.62/0.66/0+0.76 ms cpu, 3->3->1 MB, 4 MB goal, 0 MB stacks, 0 MB globals, 8 P
gc 9289 @59.757s 4%: 0.076+0.54+0.070 ms clock, 0.61+0.53/0.66/0+0.56 ms cpu, 3->3->1 MB, 4 MB goal, 0 MB stacks, 0 MB globals, 8 P
gc 9290 @59.759s 4%: 0.13+0.52+0.055 ms clock, 1.1+0.72/0.53/0+0.44 ms cpu, 3->3->1 MB, 4 MB goal, 0 MB stacks, 0 MB globals, 8 P
gc 9291 @59.762s 4%: 0.10+0.61+0.094 ms clock, 0.80+0.65/0.71/0+0.75 ms cpu, 3->3->1 MB, 4 MB goal, 0 MB stacks, 0 MB globals, 8 P
gc 9292 @59.765s 4%: 0.13+0.57+0.083 ms clock, 1.0+0.66/0.58/0+0.66 ms cpu, 3->3->1 MB, 4 MB goal, 0 MB stacks, 0 MB globals, 8 P
gc 9293 @59.768s 4%: 0.11+0.49+0.081 ms clock, 0.90+0.67/0.58/0+0.65 ms cpu, 3->3->1 MB, 4 MB goal, 0 MB stacks, 0 MB globals, 8 P
gc 9294 @59.771s 4%: 0.10+0.49+0.078 ms clock, 0.85+0.62/0.66/0+0.62 ms cpu, 3->3->1 MB, 4 MB goal, 0 MB stacks, 0 MB globals, 8 P
gc 9295 @59.773s 4%: 0.10+0.57+0.083 ms clock, 0.80+0.70/0.73/0+0.67 ms cpu, 3->3->1 MB, 4 MB goal, 0 MB stacks, 0 MB globals, 8 P
gc 9296 @59.776s 4%: 0.097+0.63+0.060 ms clock, 0.77+0.60/0.52/0+0.48 ms cpu, 3->3->1 MB, 4 MB goal, 0 MB stacks, 0 MB globals, 8 P
gc 9297 @59.779s 4%: 0.095+0.44+0.037 ms clock, 0.76+0.60/0.70/0+0.30 ms cpu, 3->3->1 MB, 4 MB goal, 0 MB stacks, 0 MB globals, 8 P
gc 9298 @59.782s 4%: 0.12+0.73+0.086 ms clock, 0.97+0.74/0.70/0+0.69 ms cpu, 3->3->1 MB, 4 MB goal, 0 MB stacks, 0 MB globals, 8 P
gc 9299 @59.784s 4%: 0.067+0.75+0.077 ms clock, 0.53+0.69/0.57/0+0.61 ms cpu, 3->3->1 MB, 4 MB goal, 0 MB stacks, 0 MB globals, 8 P
gc 9300 @59.787s 4%: 0.12+0.44+0.030 ms clock, 0.97+0.74/0.58/0+0.24 ms cpu, 3->3->1 MB, 4 MB goal, 0 MB stacks, 0 MB globals, 8 P
gc 9301 @59.790s 4%: 0.12+0.77+0.062 ms clock, 1.0+0.81/0.93/0+0.49 ms cpu, 3->3->1 MB, 4 MB goal, 0 MB stacks, 0 MB globals, 8 P
gc 9302 @59.793s 4%: 0.098+0.85+0.071 ms clock, 0.79+0.64/0.69/0+0.57 ms cpu, 3->3->1 MB, 4 MB goal, 0 MB stacks, 0 MB globals, 8 P
gc 9303 @59.796s 4%: 0.092+0.77+0.084 ms clock, 0.73+0.82/0.50/0+0.67 ms cpu, 3->3->1 MB, 4 MB goal, 0 MB stacks, 0 MB globals, 8 P
gc 9304 @59.799s 4%: 0.064+0.51+0.093 ms clock, 0.51+0.78/0.58/0+0.75 ms cpu, 3->3->1 MB, 4 MB goal, 0 MB stacks, 0 MB globals, 8 P
gc 9305 @59.801s 4%: 0.078+0.74+0.043 ms clock, 0.62+0.68/0.65/0+0.34 ms cpu, 3->3->1 MB, 4 MB goal, 0 MB stacks, 0 MB globals, 8 P
gc 9306 @59.804s 4%: 0.089+0.50+0.095 ms clock, 0.71+0.67/0.73/0+0.76 ms cpu, 3->3->1 MB, 4 MB goal, 0 MB stacks, 0 MB globals, 8 P
gc 9307 @59.807s 4%: 0.12+0.52+0.060 ms clock, 0.96+0.68/0.58/0+0.48 ms cpu, 3->3->1 MB, 4 MB goal, 0 MB stacks, 0 MB globals, 8 P
gc 9308 @59.810s 4%: 0.13+0.79+0.046 ms clock, 1.0+0.56/0.74/0+0.37 ms cpu, 3->3->1 MB, 4 MB goal, 0 MB stacks, 0 MB globals, 8 P
gc 9309 @59.813s 4%: 0.087+0.74+0.060 ms clock, 0.69+0.64/0.61/0+0.48 ms cpu, 3->3->1 MB, 4 MB goal, 0 MB stacks, 0 MB globals, 8 P
gc 9310 @59.815s 4%: 0.12+0.49+0.10 ms clock, 1.0+0.66/0.65/0+0.82 ms cpu, 3->3->1 MB, 4 MB goal, 0 MB stacks, 0 MB globals, 8 P
gc 9311 @59.818s 4%: 0.093+0.47+0.11 ms clock, 0.75+0.64/0.66/0+0.92 ms cpu, 3->3->1 MB, 4 MB goal, 0 MB stacks, 0 MB globals, 8 P
gc 9312 @59.821s 4%: 0.10+0.67+0.089 ms clock, 0.81+0.55/0.62/0+0.71 ms cpu, 3->3->1 MB, 4 MB goal, 0 MB stacks, 0 MB globals, 8 P
gc 9313 @59.824s 4%: 0.12+0.73+0.099 ms clock, 1.0+0.71/0.55/0+0.79 ms cpu, 3->3->1 MB, 4 MB goal, 0 MB stacks, 0 MB globals, 8 P
gc 9314 @59.827s 4%: 0.099+0.67+0.085 ms clock, 0.79+0.63/0.53/0+0.68 ms cpu, 3->3->1 MB, 4 MB goal, 0 MB stacks, 0 MB globals, 8 P
gc 9315 @59.829s 4%: 0.071+0.56+0.047 ms clock, 0.56+0.73/0.70/0+0.38 ms cpu, 3->3->1 MB, 4 MB goal, 0 MB stacks, 0 MB globals, 8 P
gc 9316 @59.832s 4%: 0.14+0.62+0.064 ms clock, 1.1+0.57/0.58/0+0.51 ms cpu, 3->3->1 MB, 4 MB goal, 0 MB stacks, 0 MB globals, 8 P
gc 9317 @59.835s 4%: 0.12+0.45+0.075 ms clock, 0.99+0.58/0.65/0+0.60 ms cpu, 3->3->1 MB, 4 MB goal, 0 MB stacks, 0 MB globals, 8 P
gc 9318 @59.838s 4%: 0.096+0.57+0.10 ms clock, 0.77+0.61/0.72/0+0.80 ms cpu, 3->3->1 MB, 4 MB goal, 0 MB stacks, 0 MB globals, 8 P
gc 9319 @59.840s 4%: 0.10+0.42+0.095 ms clock, 0.81+0.62/0.54/0+0.76 ms cpu, 3->3->1 MB, 4 MB goal, 0 MB stacks, 0 MB globals, 8 P
gc 9320 @59.843s 4%: 0.079+0.47+0.098 ms clock, 0.63+0.58/0.65/0+0.78 ms cpu, 3->3->1 MB, 4 MB goal, 0 MB stacks, 0 MB globals, 8 P
gc 9321 @59.846s 4%: 0.063+0.71+0.068 ms clock, 0.50+0.67/0.59/0+0.54 ms cpu, 3->3->1 MB, 4 MB goal, 0 MB stacks, 0 MB globals, 8 P
gc 9322 @59.849s 4%: 0.069+0.42+0.084 ms clock, 0.55+0.69/0.53/0+0.67 ms cpu, 3->3->1 MB, 4 MB goal, 0 MB stacks, 0 MB globals, 8 P
gc 9323 @59.851s 4%: 0.076+0.48+0.082 ms clock, 0.60+0.64/0.61/0+0.66 ms cpu, 3->3->1 MB, 4 MB goal, 0 MB stacks, 0 MB globals, 8 P
gc 9324 @59.854s 4%: 0.11+0.53+0.10 ms clock, 0.90+0.68/0.62/0+0.81 ms cpu, 3->3->1 MB, 4 MB goal, 0 MB stacks, 0 MB globals, 8 P
gc 9325 @59.857s 4%: 0.12+0.46+0.061 ms clock, 1.0+0.69/0.59/0+0.49 ms cpu, 3->3->1 MB, 4 MB goal, 0 MB stacks, 0 MB globals, 8 P
gc 9326 @59.860s 4%: 0.090+0.52+0.11 ms clock, 0.72+0.73/0.56/0+0.95 ms cpu, 3->3->1 MB, 4 MB goal, 0 MB stacks, 0 MB globals, 8 P
gc 9327 @59.862s 4%: 0.098+0.57+0.089 ms clock, 0.78+0.65/0.69/0+0.71 ms cpu, 3->3->1 MB, 4 MB goal, 0 MB stacks, 0 MB globals, 8 P
gc 9328 @59.865s 4%: 0.10+0.53+0.10 ms clock, 0.87+0.76/0.62/0+0.86 ms cpu, 3->3->1 MB, 4 MB goal, 0 MB stacks, 0 MB globals, 8 P
gc 9329 @59.868s 4%: 0.074+0.94+0.068 ms clock, 0.59+0.56/0.61/0+0.54 ms cpu, 3->3->1 MB, 4 MB goal, 0 MB stacks, 0 MB globals, 8 P
gc 9330 @59.871s 4%: 0.10+0.59+0.12 ms clock, 0.83+0.66/0.64/0+1.0 ms cpu, 3->3->1 MB, 4 MB goal, 0 MB stacks, 0 MB globals, 8 P
gc 9331 @59.874s 4%: 0.078+0.50+0.049 ms clock, 0.62+0.65/0.59/0+0.39 ms cpu, 3->3->1 MB, 4 MB goal, 0 MB stacks, 0 MB globals, 8 P
gc 9332 @59.876s 4%: 0.11+0.49+0.087 ms clock, 0.91+0.51/0.66/0+0.69 ms cpu, 3->3->1 MB, 4 MB goal, 0 MB stacks, 0 MB globals, 8 P
gc 9333 @59.879s 4%: 0.11+0.52+0.12 ms clock, 0.93+0.64/0.65/0+1.0 ms cpu, 3->3->1 MB, 4 MB goal, 0 MB stacks, 0 MB globals, 8 P
gc 9334 @59.882s 4%: 0.10+0.50+0.092 ms clock, 0.84+0.68/0.59/0+0.73 ms cpu, 3->3->1 MB, 4 MB goal, 0 MB stacks, 0 MB globals, 8 P
gc 9335 @59.885s 4%: 0.089+0.60+0.10 ms clock, 0.71+0.71/0.70/0+0.81 ms cpu, 3->3->1 MB, 4 MB goal, 0 MB stacks, 0 MB globals, 8 P
gc 9336 @59.888s 4%: 0.092+0.75+0.045 ms clock, 0.73+0.70/0.56/0+0.36 ms cpu, 3->3->1 MB, 4 MB goal, 0 MB stacks, 0 MB globals, 8 P
gc 9337 @59.890s 4%: 0.10+0.80+0.073 ms clock, 0.87+0.77/0.53/0+0.59 ms cpu, 3->3->1 MB, 4 MB goal, 0 MB stacks, 0 MB globals, 8 P
gc 9338 @59.893s 4%: 0.097+0.51+0.080 ms clock, 0.78+0.73/0.60/0+0.64 ms cpu, 3->3->1 MB, 4 MB goal, 0 MB stacks, 0 MB globals, 8 P
gc 9339 @59.896s 4%: 0.11+0.51+0.11 ms clock, 0.90+0.61/0.62/0+0.91 ms cpu, 3->3->1 MB, 4 MB goal, 0 MB stacks, 0 MB globals, 8 P
gc 9340 @59.899s 4%: 0.10+0.43+0.081 ms clock, 0.84+0.57/0.54/0+0.65 ms cpu, 3->3->1 MB, 4 MB goal, 0 MB stacks, 0 MB globals, 8 P
gc 9341 @59.901s 4%: 0.081+0.79+0.045 ms clock, 0.65+0.57/0.64/0+0.36 ms cpu, 3->3->1 MB, 4 MB goal, 0 MB stacks, 0 MB globals, 8 P
gc 9342 @59.904s 4%: 0.082+0.58+0.078 ms clock, 0.65+0.59/0.72/0+0.63 ms cpu, 3->3->1 MB, 4 MB goal, 0 MB stacks, 0 MB globals, 8 P
gc 9343 @59.907s 4%: 0.10+0.48+0.079 ms clock, 0.80+0.65/0.62/0+0.63 ms cpu, 3->3->1 MB, 4 MB goal, 0 MB stacks, 0 MB globals, 8 P
gc 9344 @59.910s 4%: 0.13+2.0+0.075 ms clock, 1.0+0.63/0.64/0+0.60 ms cpu, 3->4->2 MB, 4 MB goal, 0 MB stacks, 0 MB globals, 8 P
gc 9345 @59.914s 4%: 0.086+0.51+0.11 ms clock, 0.69+0.67/0.66/0+0.90 ms cpu, 3->4->1 MB, 4 MB goal, 0 MB stacks, 0 MB globals, 8 P
gc 9346 @59.916s 4%: 0.063+0.86+0.067 ms clock, 0.50+0.56/0.57/0+0.53 ms cpu, 3->3->1 MB, 4 MB goal, 0 MB stacks, 0 MB globals, 8 P
gc 9347 @59.919s 4%: 0.10+0.87+0.072 ms clock, 0.81+0.74/0.52/0+0.58 ms cpu, 3->3->1 MB, 4 MB goal, 0 MB stacks, 0 MB globals, 8 P
gc 9348 @59.922s 4%: 0.12+0.48+0.070 ms clock, 0.97+0.52/0.69/0+0.56 ms cpu, 3->3->1 MB, 4 MB goal, 0 MB stacks, 0 MB globals, 8 P
gc 9349 @59.925s 4%: 0.076+0.49+0.10 ms clock, 0.61+0.53/0.62/0+0.82 ms cpu, 3->3->1 MB, 4 MB goal, 0 MB stacks, 0 MB globals, 8 P
gc 9350 @59.927s 4%: 0.10+0.43+0.10 ms clock, 0.86+0.75/0.60/0+0.80 ms cpu, 3->3->1 MB, 4 MB goal, 0 MB stacks, 0 MB globals, 8 P
gc 9351 @59.930s 4%: 0.11+0.60+0.10 ms clock, 0.88+0.62/0.60/0+0.87 ms cpu, 3->3->1 MB, 4 MB goal, 0 MB stacks, 0 MB globals, 8 P
gc 9352 @59.933s 4%: 0.085+0.52+0.10 ms clock, 0.68+0.64/0.57/0+0.81 ms cpu, 3->3->1 MB, 4 MB goal, 0 MB stacks, 0 MB globals, 8 P
gc 9353 @59.936s 4%: 0.089+0.71+0.074 ms clock, 0.71+0.64/0.66/0+0.59 ms cpu, 3->3->1 MB, 4 MB goal, 0 MB stacks, 0 MB globals, 8 P
gc 9354 @59.939s 4%: 0.073+0.50+0.097 ms clock, 0.58+0.56/0.63/0+0.78 ms cpu, 3->3->1 MB, 4 MB goal, 0 MB stacks, 0 MB globals, 8 P
gc 9355 @59.941s 4%: 0.12+0.73+0.082 ms clock, 0.96+0.70/0.61/0+0.66 ms cpu, 3->3->1 MB, 4 MB goal, 0 MB stacks, 0 MB globals, 8 P
gc 9356 @59.944s 4%: 0.097+0.52+0.094 ms clock, 0.78+0.68/0.57/0+0.75 ms cpu, 3->3->1 MB, 4 MB goal, 0 MB stacks, 0 MB globals, 8 P
gc 9357 @59.947s 4%: 0.076+0.46+0.075 ms clock, 0.61+0.58/0.62/0+0.60 ms cpu, 3->3->1 MB, 4 MB goal, 0 MB stacks, 0 MB globals, 8 P
gc 9358 @59.950s 4%: 0.15+0.39+0.10 ms clock, 1.2+0.63/0.55/0+0.84 ms cpu, 3->3->1 MB, 4 MB goal, 0 MB stacks, 0 MB globals, 8 P
gc 9359 @59.952s 4%: 0.12+0.47+0.11 ms clock, 0.97+0.63/0.64/0+0.93 ms cpu, 3->3->1 MB, 4 MB goal, 0 MB stacks, 0 MB globals, 8 P
gc 9360 @59.955s 4%: 0.093+0.65+0.080 ms clock, 0.75+0.67/0.59/0+0.64 ms cpu, 3->3->1 MB, 4 MB goal, 0 MB stacks, 0 MB globals, 8 P
gc 9361 @59.958s 4%: 0.096+0.45+0.065 ms clock, 0.77+0.61/0.65/0+0.52 ms cpu, 3->3->1 MB, 4 MB goal, 0 MB stacks, 0 MB globals, 8 P
gc 9362 @59.961s 4%: 0.064+0.56+0.062 ms clock, 0.51+0.69/0.58/0+0.50 ms cpu, 3->3->1 MB, 4 MB goal, 0 MB stacks, 0 MB globals, 8 P
gc 9363 @59.963s 4%: 0.10+0.45+0.11 ms clock, 0.84+0.59/0.56/0+0.92 ms cpu, 3->3->1 MB, 4 MB goal, 0 MB stacks, 0 MB globals, 8 P
gc 9364 @59.966s 4%: 0.081+0.48+0.058 ms clock, 0.64+0.60/0.66/0+0.46 ms cpu, 3->3->1 MB, 4 MB goal, 0 MB stacks, 0 MB globals, 8 P
gc 9365 @59.969s 4%: 0.13+0.58+0.055 ms clock, 1.0+0.50/0.69/0+0.44 ms cpu, 3->3->1 MB, 4 MB goal, 0 MB stacks, 0 MB globals, 8 P
gc 9366 @59.972s 4%: 0.15+0.54+0.091 ms clock, 1.2+0.63/0.63/0+0.73 ms cpu, 3->3->1 MB, 4 MB goal, 0 MB stacks, 0 MB globals, 8 P
gc 9367 @59.974s 4%: 0.095+0.41+0.055 ms clock, 0.76+0.57/0.55/0+0.44 ms cpu, 3->3->1 MB, 4 MB goal, 0 MB stacks, 0 MB globals, 8 P
gc 9368 @59.977s 4%: 0.10+0.64+0.11 ms clock, 0.83+0.47/0.70/0+0.94 ms cpu, 3->3->1 MB, 4 MB goal, 0 MB stacks, 0 MB globals, 8 P
gc 9369 @59.980s 4%: 0.069+0.55+0.063 ms clock, 0.55+0.70/0.60/0+0.50 ms cpu, 3->3->1 MB, 4 MB goal, 0 MB stacks, 0 MB globals, 8 P
gc 9370 @59.983s 4%: 0.10+0.57+0.068 ms clock, 0.80+0.70/0.68/0+0.54 ms cpu, 3->3->1 MB, 4 MB goal, 0 MB stacks, 0 MB globals, 8 P
gc 9371 @59.986s 4%: 0.074+0.98+0.047 ms clock, 0.59+0.54/0.73/0+0.37 ms cpu, 3->4->1 MB, 4 MB goal, 0 MB stacks, 0 MB globals, 8 P
gc 9372 @59.988s 4%: 0.091+0.67+0.10 ms clock, 0.73+0.58/0.58/0+0.81 ms cpu, 3->3->1 MB, 4 MB goal, 0 MB stacks, 0 MB globals, 8 P
gc 9373 @59.991s 4%: 0.099+0.67+0.024 ms clock, 0.79+0.51/0.65/0+0.19 ms cpu, 3->3->1 MB, 4 MB goal, 0 MB stacks, 0 MB globals, 8 P
gc 9374 @59.994s 4%: 0.12+0.58+0.047 ms clock, 0.99+0.67/0.72/0+0.38 ms cpu, 3->3->1 MB, 4 MB goal, 0 MB stacks, 0 MB globals, 8 P
gc 9375 @59.997s 4%: 0.12+0.57+0.097 ms clock, 1.0+0.73/0.63/0+0.77 ms cpu, 3->3->1 MB, 4 MB goal, 0 MB stacks, 0 MB globals, 8 P
gc 9376 @60.000s 4%: 0.098+0.79+0.093 ms clock, 0.78+0.72/0.66/0+0.74 ms cpu, 3->3->1 MB, 4 MB goal, 0 MB stacks, 0 MB globals, 8 P
gc 9377 @60.003s 4%: 0.12+0.86+0.014 ms clock, 1.0+0.73/0.61/0+0.11 ms cpu, 3->3->1 MB, 4 MB goal, 0 MB stacks, 0 MB globals, 8 P
gc 9378 @60.005s 4%: 0.11+0.61+0.12 ms clock, 0.95+0.79/0.72/0+0.96 ms cpu, 3->3->1 MB, 4 MB goal, 0 MB stacks, 0 MB globals, 8 P
gc 9379 @60.008s 4%: 0.079+0.53+0.088 ms clock, 0.63+0.59/0.62/0+0.70 ms cpu, 3->3->1 MB, 4 MB goal, 0 MB stacks, 0 MB globals, 8 P
gc 9380 @60.011s 4%: 0.12+0.50+0.097 ms clock, 0.99+0.59/0.65/0+0.78 ms cpu, 3->3->1 MB, 4 MB goal, 0 MB stacks, 0 MB globals, 8 P
gc 9381 @60.014s 4%: 0.092+1.0+0.087 ms clock, 0.74+0.39/0.76/0+0.70 ms cpu, 3->3->1 MB, 4 MB goal, 0 MB stacks, 0 MB globals, 8 P
gc 9382 @60.017s 4%: 0.11+0.53+0.10 ms clock, 0.88+0.56/0.64/0+0.81 ms cpu, 3->3->1 MB, 4 MB goal, 0 MB stacks, 0 MB globals, 8 P
gc 9383 @60.019s 4%: 0.072+0.47+0.075 ms clock, 0.58+0.60/0.57/0+0.60 ms cpu, 3->3->1 MB, 4 MB goal, 0 MB stacks, 0 MB globals, 8 P
gc 9384 @60.022s 4%: 0.11+0.80+0.079 ms clock, 0.91+0.50/0.70/0+0.63 ms cpu, 3->3->1 MB, 4 MB goal, 0 MB stacks, 0 MB globals, 8 P
gc 9385 @60.025s 4%: 0.067+0.57+0.10 ms clock, 0.54+0.74/0.61/0+0.86 ms cpu, 3->3->1 MB, 4 MB goal, 0 MB stacks, 0 MB globals, 8 P
gc 9386 @60.028s 4%: 0.11+0.48+0.063 ms clock, 0.93+0.67/0.59/0+0.50 ms cpu, 3->3->1 MB, 4 MB goal, 0 MB stacks, 0 MB globals, 8 P
gc 9387 @60.031s 4%: 0.10+0.93+0.084 ms clock, 0.82+0.54/0.62/0+0.67 ms cpu, 3->3->1 MB, 4 MB goal, 0 MB stacks, 0 MB globals, 8 P
gc 9388 @60.033s 4%: 0.10+0.55+0.058 ms clock, 0.83+0.75/0.62/0+0.46 ms cpu, 3->3->1 MB, 4 MB goal, 0 MB stacks, 0 MB globals, 8 P
gc 9389 @60.036s 4%: 0.067+0.45+0.049 ms clock, 0.54+0.71/0.61/0+0.39 ms cpu, 3->3->1 MB, 4 MB goal, 0 MB stacks, 0 MB globals, 8 P
gc 9390 @60.039s 4%: 0.12+0.58+0.11 ms clock, 0.96+0.41/0.68/0+0.90 ms cpu, 3->3->1 MB, 4 MB goal, 0 MB stacks, 0 MB globals, 8 P
gc 9391 @60.042s 4%: 0.12+0.59+0.10 ms clock, 1.0+0.63/0.60/0+0.86 ms cpu, 3->3->1 MB, 4 MB goal, 0 MB stacks, 0 MB globals, 8 P
gc 9392 @60.044s 4%: 0.14+0.54+0.080 ms clock, 1.1+0.71/0.58/0+0.64 ms cpu, 3->3->1 MB, 4 MB goal, 0 MB stacks, 0 MB globals, 8 P
gc 9393 @60.047s 4%: 0.10+0.61+0.10 ms clock, 0.81+0.63/0.56/0+0.84 ms cpu, 3->3->1 MB, 4 MB goal, 0 MB stacks, 0 MB globals, 8 P
gc 9394 @60.050s 4%: 0.094+0.45+0.063 ms clock, 0.75+0.76/0.52/0+0.50 ms cpu, 3->3->1 MB, 4 MB goal, 0 MB stacks, 0 MB globals, 8 P
gc 9395 @60.053s 4%: 0.12+0.39+0.095 ms clock, 1.0+0.69/0.61/0+0.76 ms cpu, 3->3->1 MB, 4 MB goal, 0 MB stacks, 0 MB globals, 8 P
gc 9396 @60.055s 4%: 0.16+0.57+0.088 ms clock, 1.3+0.58/0.69/0+0.70 ms cpu, 3->3->1 MB, 4 MB goal, 0 MB stacks, 0 MB globals, 8 P
gc 9397 @60.058s 4%: 0.093+0.49+0.078 ms clock, 0.74+0.57/0.65/0+0.63 ms cpu, 3->3->1 MB, 4 MB goal, 0 MB stacks, 0 MB globals, 8 P
gc 9398 @60.061s 4%: 0.070+0.49+0.10 ms clock, 0.56+0.83/0.55/0+0.86 ms cpu, 3->3->1 MB, 4 MB goal, 0 MB stacks, 0 MB globals, 8 P
gc 9399 @60.064s 4%: 0.14+0.49+0.076 ms clock, 1.1+0.67/0.62/0+0.61 ms cpu, 3->3->1 MB, 4 MB goal, 0 MB stacks, 0 MB globals, 8 P
gc 9400 @60.066s 4%: 0.043+0.62+0.065 ms clock, 0.34+0.66/0.67/0+0.52 ms cpu, 3->3->1 MB, 4 MB goal, 0 MB stacks, 0 MB globals, 8 P
gc 9401 @60.069s 4%: 0.10+0.54+0.088 ms clock, 0.82+0.59/0.62/0+0.70 ms cpu, 3->3->1 MB, 4 MB goal, 0 MB stacks, 0 MB globals, 8 P
gc 9402 @60.072s 4%: 0.091+0.76+0.089 ms clock, 0.73+0.62/0.56/0+0.71 ms cpu, 3->3->1 MB, 4 MB goal, 0 MB stacks, 0 MB globals, 8 P
gc 9403 @60.075s 4%: 0.12+0.49+0.10 ms clock, 1.0+0.66/0.59/0+0.84 ms cpu, 3->3->1 MB, 4 MB goal, 0 MB stacks, 0 MB globals, 8 P
gc 9404 @60.078s 4%: 0.10+0.59+0.10 ms clock, 0.80+0.72/0.67/0+0.83 ms cpu, 3->3->1 MB, 4 MB goal, 0 MB stacks, 0 MB globals, 8 P
gc 9405 @60.080s 4%: 0.080+0.69+0.063 ms clock, 0.64+0.59/0.70/0+0.50 ms cpu, 3->3->1 MB, 4 MB goal, 0 MB stacks, 0 MB globals, 8 P
gc 9406 @60.083s 4%: 0.12+0.55+0.068 ms clock, 0.98+0.58/0.59/0+0.55 ms cpu, 3->3->1 MB, 4 MB goal, 0 MB stacks, 0 MB globals, 8 P
gc 9407 @60.086s 4%: 0.098+1.0+0.096 ms clock, 0.78+1.2/0.62/0+0.76 ms cpu, 3->4->1 MB, 4 MB goal, 0 MB stacks, 0 MB globals, 8 P
gc 9408 @60.089s 4%: 0.099+0.45+0.099 ms clock, 0.79+0.73/0.52/0+0.79 ms cpu, 3->3->1 MB, 4 MB goal, 0 MB stacks, 0 MB globals, 8 P
gc 9409 @60.092s 4%: 0.11+0.56+0.082 ms clock, 0.93+0.41/0.65/0+0.65 ms cpu, 3->3->1 MB, 4 MB goal, 0 MB stacks, 0 MB globals, 8 P
gc 9410 @60.094s 4%: 0.093+0.57+0.077 ms clock, 0.74+0.63/0.66/0+0.61 ms cpu, 3->3->1 MB, 4 MB goal, 0 MB stacks, 0 MB globals, 8 P
gc 9411 @60.097s 4%: 0.12+0.56+0.061 ms clock, 1.0+0.69/0.58/0+0.49 ms cpu, 3->3->1 MB, 4 MB goal, 0 MB stacks, 0 MB globals, 8 P
gc 9412 @60.100s 4%: 0.11+0.54+0.080 ms clock, 0.95+0.66/0.60/0+0.64 ms cpu, 3->3->1 MB, 4 MB goal, 0 MB stacks, 0 MB globals, 8 P
gc 9413 @60.103s 4%: 0.10+0.49+0.10 ms clock, 0.87+0.68/0.62/0+0.86 ms cpu, 3->3->1 MB, 4 MB goal, 0 MB stacks, 0 MB globals, 8 P
gc 9414 @60.105s 4%: 0.10+0.75+0.071 ms clock, 0.87+0.69/0.70/0+0.57 ms cpu, 3->3->1 MB, 4 MB goal, 0 MB stacks, 0 MB globals, 8 P
gc 9415 @60.108s 4%: 0.092+0.66+0.13 ms clock, 0.74+1.0/0.66/0+1.0 ms cpu, 3->3->1 MB, 4 MB goal, 0 MB stacks, 0 MB globals, 8 P
gc 9416 @60.111s 4%: 0.10+0.62+0.10 ms clock, 0.83+0.62/0.66/0+0.84 ms cpu, 3->3->1 MB, 4 MB goal, 0 MB stacks, 0 MB globals, 8 P
gc 9417 @60.114s 4%: 0.093+0.80+0.083 ms clock, 0.75+0.50/0.67/0+0.66 ms cpu, 3->3->1 MB, 4 MB goal, 0 MB stacks, 0 MB globals, 8 P
gc 9418 @60.117s 4%: 0.11+0.42+0.026 ms clock, 0.91+0.60/0.55/0+0.21 ms cpu, 3->3->1 MB, 4 MB goal, 0 MB stacks, 0 MB globals, 8 P
gc 9419 @60.119s 4%: 0.10+0.53+0.044 ms clock, 0.80+0.65/0.66/0+0.35 ms cpu, 3->3->1 MB, 4 MB goal, 0 MB stacks, 0 MB globals, 8 P
gc 9420 @60.122s 4%: 0.099+0.61+0.049 ms clock, 0.79+0.65/0.65/0+0.39 ms cpu, 3->3->1 MB, 4 MB goal, 0 MB stacks, 0 MB globals, 8 P
gc 9421 @60.125s 4%: 0.059+0.56+0.082 ms clock, 0.47+0.70/0.62/0+0.66 ms cpu, 3->3->1 MB, 4 MB goal, 0 MB stacks, 0 MB globals, 8 P
gc 9422 @60.128s 4%: 0.083+0.42+0.11 ms clock, 0.66+0.70/0.62/0+0.90 ms cpu, 3->3->1 MB, 4 MB goal, 0 MB stacks, 0 MB globals, 8 P
gc 9423 @60.131s 4%: 0.093+0.59+0.091 ms clock, 0.74+0.49/0.71/0+0.73 ms cpu, 3->3->1 MB, 4 MB goal, 0 MB stacks, 0 MB globals, 8 P
gc 9424 @60.133s 4%: 0.13+0.49+0.10 ms clock, 1.1+0.72/0.56/0+0.81 ms cpu, 3->3->1 MB, 4 MB goal, 0 MB stacks, 0 MB globals, 8 P
gc 9425 @60.136s 4%: 0.088+0.72+0.085 ms clock, 0.70+0.73/0.64/0+0.68 ms cpu, 3->3->1 MB, 4 MB goal, 0 MB stacks, 0 MB globals, 8 P
gc 9426 @60.139s 4%: 0.086+0.50+0.10 ms clock, 0.69+0.66/0.61/0+0.86 ms cpu, 3->3->1 MB, 4 MB goal, 0 MB stacks, 0 MB globals, 8 P
gc 9427 @60.142s 4%: 0.12+0.52+0.11 ms clock, 1.0+0.66/0.66/0+0.89 ms cpu, 3->3->1 MB, 4 MB goal, 0 MB stacks, 0 MB globals, 8 P
gc 9428 @60.144s 4%: 0.094+0.52+0.056 ms clock, 0.75+0.66/0.60/0+0.45 ms cpu, 3->3->1 MB, 4 MB goal, 0 MB stacks, 0 MB globals, 8 P
gc 9429 @60.147s 4%: 0.081+0.93+0.059 ms clock, 0.64+0.26/0.65/0+0.47 ms cpu, 3->3->1 MB, 4 MB goal, 0 MB stacks, 0 MB globals, 8 P
gc 9430 @60.150s 4%: 0.12+0.51+0.10 ms clock, 1.0+0.66/0.63/0+0.83 ms cpu, 3->3->1 MB, 4 MB goal, 0 MB stacks, 0 MB globals, 8 P
gc 9431 @60.153s 4%: 0.095+0.72+0.050 ms clock, 0.76+0.38/0.63/0+0.40 ms cpu, 3->3->1 MB, 4 MB goal, 0 MB stacks, 0 MB globals, 8 P
gc 9432 @60.156s 4%: 0.076+0.53+0.11 ms clock, 0.60+0.70/0.58/0+0.94 ms cpu, 3->3->1 MB, 4 MB goal, 0 MB stacks, 0 MB globals, 8 P
gc 9433 @60.158s 4%: 0.10+0.38+0.089 ms clock, 0.85+0.65/0.56/0+0.71 ms cpu, 3->3->1 MB, 4 MB goal, 0 MB stacks, 0 MB globals, 8 P
gc 9434 @60.161s 4%: 0.11+0.77+0.068 ms clock, 0.93+0.52/0.74/0+0.54 ms cpu, 3->3->1 MB, 4 MB goal, 0 MB stacks, 0 MB globals, 8 P
gc 9435 @60.164s 4%: 0.10+0.42+0.094 ms clock, 0.84+0.76/0.56/0+0.75 ms cpu, 3->3->1 MB, 4 MB goal, 0 MB stacks, 0 MB globals, 8 P
gc 9436 @60.167s 4%: 0.097+0.60+0.073 ms clock, 0.77+0.66/0.72/0+0.58 ms cpu, 3->3->1 MB, 4 MB goal, 0 MB stacks, 0 MB globals, 8 P
gc 9437 @60.169s 4%: 0.11+0.85+0.095 ms clock, 0.90+0.64/0.66/0+0.76 ms cpu, 3->3->1 MB, 4 MB goal, 0 MB stacks, 0 MB globals, 8 P
gc 9438 @60.172s 4%: 0.091+0.45+0.056 ms clock, 0.73+0.75/0.52/0+0.45 ms cpu, 3->3->1 MB, 4 MB goal, 0 MB stacks, 0 MB globals, 8 P
gc 9439 @60.175s 4%: 0.088+0.79+0.094 ms clock, 0.71+0.65/0.56/0+0.75 ms cpu, 3->3->1 MB, 4 MB goal, 0 MB stacks, 0 MB globals, 8 P
gc 9440 @60.178s 4%: 0.083+0.62+0.057 ms clock, 0.67+0.69/0.62/0+0.46 ms cpu, 3->3->1 MB, 4 MB goal, 0 MB stacks, 0 MB globals, 8 P
gc 9441 @60.181s 4%: 0.089+0.44+0.093 ms clock, 0.71+0.65/0.60/0+0.74 ms cpu, 3->3->1 MB, 4 MB goal, 0 MB stacks, 0 MB globals, 8 P
gc 9442 @60.183s 4%: 0.10+0.70+0.073 ms clock, 0.82+0.74/0.54/0+0.59 ms cpu, 3->3->1 MB, 4 MB goal, 0 MB stacks, 0 MB globals, 8 P
gc 9443 @60.186s 4%: 0.091+0.51+0.072 ms clock, 0.72+0.73/0.64/0+0.57 ms cpu, 3->3->1 MB, 4 MB goal, 0 MB stacks, 0 MB globals, 8 P
gc 9444 @60.189s 4%: 0.099+0.59+0.092 ms clock, 0.79+0.74/0.56/0+0.73 ms cpu, 3->3->1 MB, 4 MB goal, 0 MB stacks, 0 MB globals, 8 P
gc 9445 @60.192s 4%: 0.10+0.57+0.076 ms clock, 0.81+0.64/0.54/0+0.61 ms cpu, 3->3->1 MB, 4 MB goal, 0 MB stacks, 0 MB globals, 8 P
gc 9446 @60.195s 4%: 0.10+0.48+0.059 ms clock, 0.81+0.62/0.59/0+0.47 ms cpu, 3->3->1 MB, 4 MB goal, 0 MB stacks, 0 MB globals, 8 P
gc 9447 @60.197s 4%: 0.091+0.65+0.070 ms clock, 0.73+0.67/0.62/0+0.56 ms cpu, 3->3->1 MB, 4 MB goal, 0 MB stacks, 0 MB globals, 8 P
gc 9448 @60.200s 4%: 0.093+0.46+0.069 ms clock, 0.74+0.75/0.52/0+0.55 ms cpu, 3->3->1 MB, 4 MB goal, 0 MB stacks, 0 MB globals, 8 P
gc 9449 @60.203s 4%: 0.088+0.64+0.087 ms clock, 0.70+0.64/0.57/0+0.70 ms cpu, 3->3->1 MB, 4 MB goal, 0 MB stacks, 0 MB globals, 8 P
gc 9450 @60.206s 4%: 0.096+0.49+0.046 ms clock, 0.76+0.70/0.63/0+0.37 ms cpu, 3->3->1 MB, 4 MB goal, 0 MB stacks, 0 MB globals, 8 P
gc 9451 @60.208s 4%: 0.075+0.44+0.082 ms clock, 0.60+0.65/0.54/0+0.65 ms cpu, 3->3->1 MB, 4 MB goal, 0 MB stacks, 0 MB globals, 8 P
gc 9452 @60.211s 4%: 0.11+0.55+0.089 ms clock, 0.90+0.67/0.63/0+0.71 ms cpu, 3->3->1 MB, 4 MB goal, 0 MB stacks, 0 MB globals, 8 P
gc 9453 @60.214s 4%: 0.10+0.49+0.062 ms clock, 0.84+0.65/0.58/0+0.50 ms cpu, 3->3->1 MB, 4 MB goal, 0 MB stacks, 0 MB globals, 8 P
gc 9454 @60.216s 4%: 0.12+0.53+0.051 ms clock, 0.98+0.71/0.56/0+0.41 ms cpu, 3->3->1 MB, 4 MB goal, 0 MB stacks, 0 MB globals, 8 P
gc 9455 @60.219s 4%: 0.098+0.52+0.097 ms clock, 0.79+0.73/0.57/0+0.78 ms cpu, 3->3->1 MB, 4 MB goal, 0 MB stacks, 0 MB globals, 8 P
gc 9456 @60.222s 4%: 0.10+0.44+0.10 ms clock, 0.80+0.68/0.54/0+0.82 ms cpu, 3->3->1 MB, 4 MB goal, 0 MB stacks, 0 MB globals, 8 P
gc 9457 @60.225s 4%: 0.079+0.71+0.057 ms clock, 0.63+0.33/0.63/0+0.46 ms cpu, 3->3->1 MB, 4 MB goal, 0 MB stacks, 0 MB globals, 8 P
gc 9458 @60.227s 4%: 0.13+0.49+0.087 ms clock, 1.0+0.54/0.61/0+0.70 ms cpu, 3->3->1 MB, 4 MB goal, 0 MB stacks, 0 MB globals, 8 P
gc 9459 @60.230s 4%: 0.068+0.51+0.089 ms clock, 0.54+0.62/0.62/0+0.71 ms cpu, 3->3->1 MB, 4 MB goal, 0 MB stacks, 0 MB globals, 8 P
gc 9460 @60.233s 4%: 0.14+0.63+0.079 ms clock, 1.1+0.60/0.68/0+0.63 ms cpu, 3->3->1 MB, 4 MB goal, 0 MB stacks, 0 MB globals, 8 P
gc 9461 @60.236s 4%: 0.099+0.47+0.063 ms clock, 0.79+0.68/0.63/0+0.50 ms cpu, 3->3->1 MB, 4 MB goal, 0 MB stacks, 0 MB globals, 8 P
gc 9462 @60.238s 4%: 0.074+0.70+0.10 ms clock, 0.59+0.86/0.66/0+0.80 ms cpu, 3->3->1 MB, 4 MB goal, 0 MB stacks, 0 MB globals, 8 P
gc 9463 @60.241s 4%: 0.097+0.56+0.046 ms clock, 0.78+0.81/0.73/0+0.37 ms cpu, 3->3->1 MB, 4 MB goal, 0 MB stacks, 0 MB globals, 8 P
gc 9464 @60.244s 4%: 0.091+0.56+0.068 ms clock, 0.73+0.78/0.56/0+0.54 ms cpu, 3->3->1 MB, 4 MB goal, 0 MB stacks, 0 MB globals, 8 P
gc 9465 @60.247s 4%: 0.11+0.49+0.067 ms clock, 0.95+0.76/0.69/0+0.54 ms cpu, 3->3->1 MB, 4 MB goal, 0 MB stacks, 0 MB globals, 8 P
gc 9466 @60.249s 4%: 0.10+0.56+0.098 ms clock, 0.84+0.70/0.54/0+0.78 ms cpu, 3->3->1 MB, 4 MB goal, 0 MB stacks, 0 MB globals, 8 P
gc 9467 @60.252s 4%: 0.072+0.56+0.067 ms clock, 0.57+0.62/0.64/0+0.53 ms cpu, 3->3->1 MB, 4 MB goal, 0 MB stacks, 0 MB globals, 8 P
gc 9468 @60.255s 4%: 0.10+0.68+0.088 ms clock, 0.82+0.66/0.61/0+0.70 ms cpu, 3->3->1 MB, 4 MB goal, 0 MB stacks, 0 MB globals, 8 P
gc 9469 @60.258s 4%: 0.095+0.49+0.073 ms clock, 0.76+0.61/0.60/0+0.58 ms cpu, 3->3->1 MB, 4 MB goal, 0 MB stacks, 0 MB globals, 8 P
gc 9470 @60.261s 4%: 0.10+0.52+0.16 ms clock, 0.84+0.61/0.61/0+1.3 ms cpu, 3->3->1 MB, 4 MB goal, 0 MB stacks, 0 MB globals, 8 P
gc 9471 @60.263s 4%: 0.11+0.81+0.046 ms clock, 0.94+0.71/0.60/0+0.37 ms cpu, 3->3->1 MB, 4 MB goal, 0 MB stacks, 0 MB globals, 8 P
gc 9472 @60.266s 4%: 0.094+0.92+0.065 ms clock, 0.75+0.52/0.72/0+0.52 ms cpu, 3->4->1 MB, 4 MB goal, 0 MB stacks, 0 MB globals, 8 P
gc 9473 @60.269s 4%: 0.086+0.42+0.095 ms clock, 0.69+0.71/0.60/0+0.76 ms cpu, 3->3->1 MB, 4 MB goal, 0 MB stacks, 0 MB globals, 8 P
gc 9474 @60.272s 4%: 0.11+0.72+0.070 ms clock, 0.88+0.56/0.61/0+0.56 ms cpu, 3->3->1 MB, 4 MB goal, 0 MB stacks, 0 MB globals, 8 P
gc 9475 @60.275s 4%: 0.059+0.84+0.090 ms clock, 0.47+0.73/0.58/0+0.72 ms cpu, 3->3->1 MB, 4 MB goal, 0 MB stacks, 0 MB globals, 8 P
gc 9476 @60.278s 4%: 0.069+1.1+0.067 ms clock, 0.55+0.62/0.57/0+0.54 ms cpu, 3->4->1 MB, 4 MB goal, 0 MB stacks, 0 MB globals, 8 P
gc 9477 @60.281s 4%: 0.089+0.48+0.086 ms clock, 0.71+0.62/0.58/0+0.69 ms cpu, 3->3->1 MB, 4 MB goal, 0 MB stacks, 0 MB globals, 8 P
gc 9478 @60.283s 4%: 0.078+0.59+0.049 ms clock, 0.63+0.56/0.69/0+0.39 ms cpu, 3->3->1 MB, 4 MB goal, 0 MB stacks, 0 MB globals, 8 P
gc 9479 @60.286s 4%: 0.096+0.90+0.10 ms clock, 0.77+0.69/0.51/0+0.83 ms cpu, 3->3->1 MB, 4 MB goal, 0 MB stacks, 0 MB globals, 8 P
gc 9480 @60.289s 4%: 0.12+0.75+0.10 ms clock, 1.0+0.69/0.59/0+0.82 ms cpu, 3->3->1 MB, 4 MB goal, 0 MB stacks, 0 MB globals, 8 P
gc 9481 @60.292s 4%: 0.14+0.77+0.10 ms clock, 1.1+0.75/0.51/0+0.80 ms cpu, 3->3->1 MB, 4 MB goal, 0 MB stacks, 0 MB globals, 8 P
gc 9482 @60.295s 4%: 0.10+0.82+0.042 ms clock, 0.87+0.64/0.68/0+0.34 ms cpu, 3->3->1 MB, 4 MB goal, 0 MB stacks, 0 MB globals, 8 P
gc 9483 @60.298s 4%: 0.083+0.54+0.090 ms clock, 0.67+0.76/0.59/0+0.72 ms cpu, 3->3->1 MB, 4 MB goal, 0 MB stacks, 0 MB globals, 8 P
gc 9484 @60.300s 4%: 0.085+0.54+0.087 ms clock, 0.68+0.55/0.58/0+0.69 ms cpu, 3->3->1 MB, 4 MB goal, 0 MB stacks, 0 MB globals, 8 P
gc 9485 @60.303s 4%: 0.10+0.67+0.081 ms clock, 0.84+0.67/0.59/0+0.65 ms cpu, 3->3->1 MB, 4 MB goal, 0 MB stacks, 0 MB globals, 8 P
gc 9486 @60.306s 4%: 0.052+0.48+0.082 ms clock, 0.41+0.58/0.68/0+0.66 ms cpu, 3->3->1 MB, 4 MB goal, 0 MB stacks, 0 MB globals, 8 P
gc 9487 @60.309s 4%: 0.10+0.55+0.088 ms clock, 0.80+0.55/0.63/0+0.70 ms cpu, 3->3->1 MB, 4 MB goal, 0 MB stacks, 0 MB globals, 8 P
gc 9488 @60.311s 4%: 0.10+0.56+0.10 ms clock, 0.82+0.68/0.55/0+0.85 ms cpu, 3->3->1 MB, 4 MB goal, 0 MB stacks, 0 MB globals, 8 P
gc 9489 @60.314s 4%: 0.10+0.48+0.052 ms clock, 0.86+0.52/0.72/0+0.41 ms cpu, 3->3->1 MB, 4 MB goal, 0 MB stacks, 0 MB globals, 8 P
gc 9490 @60.317s 4%: 0.060+0.62+0.072 ms clock, 0.48+0.81/0.57/0+0.57 ms cpu, 3->3->1 MB, 4 MB goal, 0 MB stacks, 0 MB globals, 8 P
gc 9491 @60.320s 4%: 0.12+0.56+0.042 ms clock, 0.99+0.69/0.61/0+0.34 ms cpu, 3->3->1 MB, 4 MB goal, 0 MB stacks, 0 MB globals, 8 P
gc 9492 @60.322s 4%: 0.11+0.63+0.062 ms clock, 0.90+0.65/0.71/0+0.50 ms cpu, 3->3->1 MB, 4 MB goal, 0 MB stacks, 0 MB globals, 8 P
gc 9493 @60.325s 4%: 0.088+1.0+0.041 ms clock, 0.71+0.52/0.78/0+0.32 ms cpu, 3->4->1 MB, 4 MB goal, 0 MB stacks, 0 MB globals, 8 P
gc 9494 @60.328s 4%: 0.12+0.68+0.095 ms clock, 0.97+0.79/0.54/0+0.76 ms cpu, 3->3->1 MB, 4 MB goal, 0 MB stacks, 0 MB globals, 8 P
gc 9495 @60.331s 4%: 0.088+0.45+0.079 ms clock, 0.71+0.57/0.57/0+0.63 ms cpu, 3->3->1 MB, 4 MB goal, 0 MB stacks, 0 MB globals, 8 P
gc 9496 @60.334s 4%: 0.10+0.51+0.076 ms clock, 0.86+0.71/0.59/0+0.61 ms cpu, 3->3->1 MB, 4 MB goal, 0 MB stacks, 0 MB globals, 8 P
gc 9497 @60.336s 4%: 0.079+0.48+0.10 ms clock, 0.63+0.69/0.61/0+0.86 ms cpu, 3->3->1 MB, 4 MB goal, 0 MB stacks, 0 MB globals, 8 P
gc 9498 @60.339s 4%: 0.076+0.55+0.043 ms clock, 0.61+0.64/0.62/0+0.35 ms cpu, 3->3->1 MB, 4 MB goal, 0 MB stacks, 0 MB globals, 8 P
gc 9499 @60.342s 4%: 0.11+1.1+0.053 ms clock, 0.91+0.64/0.69/0+0.42 ms cpu, 3->4->1 MB, 4 MB goal, 0 MB stacks, 0 MB globals, 8 P
gc 9500 @60.345s 4%: 0.11+0.53+0.10 ms clock, 0.92+0.66/0.51/0+0.82 ms cpu, 3->3->1 MB, 4 MB goal, 0 MB stacks, 0 MB globals, 8 P
gc 9501 @60.348s 4%: 0.11+0.52+0.080 ms clock, 0.94+0.67/0.65/0+0.64 ms cpu, 3->3->1 MB, 4 MB goal, 0 MB stacks, 0 MB globals, 8 P
gc 9502 @60.350s 4%: 0.11+0.84+0.035 ms clock, 0.92+0.62/0.57/0+0.28 ms cpu, 3->3->1 MB, 4 MB goal, 0 MB stacks, 0 MB globals, 8 P
gc 9503 @60.353s 4%: 0.11+0.80+0.090 ms clock, 0.90+0.74/0.50/0+0.72 ms cpu, 3->3->1 MB, 4 MB goal, 0 MB stacks, 0 MB globals, 8 P
gc 9504 @60.356s 4%: 0.11+0.45+0.092 ms clock, 0.88+0.72/0.57/0+0.73 ms cpu, 3->3->1 MB, 4 MB goal, 0 MB stacks, 0 MB globals, 8 P
gc 9505 @60.359s 4%: 0.074+0.96+0.041 ms clock, 0.59+0.52/0.64/0+0.32 ms cpu, 3->3->1 MB, 4 MB goal, 0 MB stacks, 0 MB globals, 8 P
gc 9506 @60.362s 4%: 0.10+0.73+0.073 ms clock, 0.85+0.73/0.55/0+0.58 ms cpu, 3->3->1 MB, 4 MB goal, 0 MB stacks, 0 MB globals, 8 P
gc 9507 @60.365s 4%: 0.060+0.47+0.093 ms clock, 0.48+0.63/0.61/0+0.74 ms cpu, 3->3->1 MB, 4 MB goal, 0 MB stacks, 0 MB globals, 8 P
gc 9508 @60.367s 4%: 0.093+0.46+0.079 ms clock, 0.74+0.74/0.51/0+0.63 ms cpu, 3->3->1 MB, 4 MB goal, 0 MB stacks, 0 MB globals, 8 P
gc 9509 @60.370s 4%: 0.12+0.54+0.042 ms clock, 1.0+0.68/0.69/0+0.33 ms cpu, 3->3->1 MB, 4 MB goal, 0 MB stacks, 0 MB globals, 8 P
gc 9510 @60.373s 4%: 0.078+0.51+0.10 ms clock, 0.63+0.61/0.63/0+0.83 ms cpu, 3->3->1 MB, 4 MB goal, 0 MB stacks, 0 MB globals, 8 P
gc 9511 @60.375s 4%: 0.082+0.67+0.11 ms clock, 0.66+0.67/0.74/0+0.91 ms cpu, 3->3->1 MB, 4 MB goal, 0 MB stacks, 0 MB globals, 8 P
gc 9512 @60.378s 4%: 0.097+0.52+0.097 ms clock, 0.77+0.65/0.66/0+0.77 ms cpu, 3->3->1 MB, 4 MB goal, 0 MB stacks, 0 MB globals, 8 P
gc 9513 @60.381s 4%: 0.089+0.53+0.098 ms clock, 0.71+0.67/0.55/0+0.79 ms cpu, 3->3->1 MB, 4 MB goal, 0 MB stacks, 0 MB globals, 8 P
gc 9514 @60.384s 4%: 0.10+0.52+0.083 ms clock, 0.84+0.64/0.57/0+0.66 ms cpu, 3->3->1 MB, 4 MB goal, 0 MB stacks, 0 MB globals, 8 P
gc 9515 @60.387s 4%: 0.058+0.76+0.064 ms clock, 0.46+0.68/0.61/0+0.51 ms cpu, 3->3->1 MB, 4 MB goal, 0 MB stacks, 0 MB globals, 8 P
gc 9516 @60.390s 4%: 0.13+0.51+0.10 ms clock, 1.0+0.64/0.54/0+0.84 ms cpu, 3->3->1 MB, 4 MB goal, 0 MB stacks, 0 MB globals, 8 P
gc 9517 @60.392s 4%: 0.054+0.44+0.10 ms clock, 0.43+0.76/0.47/0+0.81 ms cpu, 3->3->1 MB, 4 MB goal, 0 MB stacks, 0 MB globals, 8 P
gc 9518 @60.395s 4%: 0.10+0.47+0.055 ms clock, 0.82+0.66/0.59/0+0.44 ms cpu, 3->3->1 MB, 4 MB goal, 0 MB stacks, 0 MB globals, 8 P
gc 9519 @60.398s 4%: 0.11+0.68+0.046 ms clock, 0.89+0.57/0.68/0+0.36 ms cpu, 3->3->1 MB, 4 MB goal, 0 MB stacks, 0 MB globals, 8 P
gc 9520 @60.401s 4%: 0.084+0.44+0.096 ms clock, 0.67+0.56/0.66/0+0.77 ms cpu, 3->3->1 MB, 4 MB goal, 0 MB stacks, 0 MB globals, 8 P
gc 9521 @60.403s 4%: 0.12+0.71+0.10 ms clock, 0.99+0.93/0.68/0+0.82 ms cpu, 3->3->1 MB, 4 MB goal, 0 MB stacks, 0 MB globals, 8 P
gc 9522 @60.406s 4%: 0.099+0.89+0.077 ms clock, 0.79+0.58/0.60/0+0.62 ms cpu, 3->3->1 MB, 4 MB goal, 0 MB stacks, 0 MB globals, 8 P
gc 9523 @60.409s 4%: 0.11+0.65+0.030 ms clock, 0.92+0.53/0.60/0+0.24 ms cpu, 3->3->1 MB, 4 MB goal, 0 MB stacks, 0 MB globals, 8 P
gc 9524 @60.412s 4%: 0.11+0.42+0.13 ms clock, 0.95+0.69/0.53/0+1.1 ms cpu, 3->3->1 MB, 4 MB goal, 0 MB stacks, 0 MB globals, 8 P
gc 9525 @60.415s 4%: 0.13+0.45+0.11 ms clock, 1.1+0.74/0.64/0+0.88 ms cpu, 3->3->1 MB, 4 MB goal, 0 MB stacks, 0 MB globals, 8 P
gc 9526 @60.417s 4%: 0.10+0.65+0.061 ms clock, 0.85+0.68/0.54/0+0.49 ms cpu, 3->3->1 MB, 4 MB goal, 0 MB stacks, 0 MB globals, 8 P
gc 9527 @60.420s 4%: 0.11+0.60+0.11 ms clock, 0.89+0.61/0.59/0+0.92 ms cpu, 3->3->1 MB, 4 MB goal, 0 MB stacks, 0 MB globals, 8 P
gc 9528 @60.423s 4%: 0.066+0.90+0.044 ms clock, 0.52+0.60/0.70/0+0.35 ms cpu, 3->3->1 MB, 4 MB goal, 0 MB stacks, 0 MB globals, 8 P
gc 9529 @60.426s 4%: 0.10+0.53+0.11 ms clock, 0.81+0.75/0.58/0+0.88 ms cpu, 3->3->1 MB, 4 MB goal, 0 MB stacks, 0 MB globals, 8 P
gc 9530 @60.429s 4%: 0.096+0.51+0.12 ms clock, 0.76+0.61/0.61/0+0.99 ms cpu, 3->3->1 MB, 4 MB goal, 0 MB stacks, 0 MB globals, 8 P
gc 9531 @60.431s 4%: 0.14+0.87+0.098 ms clock, 1.1+0.60/0.74/0+0.78 ms cpu, 3->3->1 MB, 4 MB goal, 0 MB stacks, 0 MB globals, 8 P
gc 9532 @60.434s 4%: 0.11+0.69+0.090 ms clock, 0.88+0.68/0.65/0+0.72 ms cpu, 3->3->1 MB, 4 MB goal, 0 MB stacks, 0 MB globals, 8 P
gc 9533 @60.437s 4%: 0.11+0.52+0.056 ms clock, 0.88+0.71/0.63/0+0.45 ms cpu, 3->3->1 MB, 4 MB goal, 0 MB stacks, 0 MB globals, 8 P
gc 9534 @60.440s 4%: 0.095+0.57+0.10 ms clock, 0.76+0.59/0.68/0+0.80 ms cpu, 3->3->1 MB, 4 MB goal, 0 MB stacks, 0 MB globals, 8 P
gc 9535 @60.443s 4%: 0.13+0.50+0.10 ms clock, 1.0+0.73/0.65/0+0.87 ms cpu, 3->3->1 MB, 4 MB goal, 0 MB stacks, 0 MB globals, 8 P
gc 9536 @60.445s 4%: 0.12+0.93+0.043 ms clock, 1.0+0.73/0.62/0+0.35 ms cpu, 3->4->1 MB, 4 MB goal, 0 MB stacks, 0 MB globals, 8 P
gc 9537 @60.448s 4%: 0.085+0.70+0.091 ms clock, 0.68+0.60/0.56/0+0.73 ms cpu, 3->3->1 MB, 4 MB goal, 0 MB stacks, 0 MB globals, 8 P
gc 9538 @60.451s 4%: 0.076+0.51+0.10 ms clock, 0.61+0.63/0.59/0+0.85 ms cpu, 3->3->1 MB, 4 MB goal, 0 MB stacks, 0 MB globals, 8 P
gc 9539 @60.454s 4%: 0.10+0.57+0.085 ms clock, 0.84+0.69/0.57/0+0.68 ms cpu, 3->3->1 MB, 4 MB goal, 0 MB stacks, 0 MB globals, 8 P
gc 9540 @60.457s 4%: 0.085+0.50+0.067 ms clock, 0.68+0.66/0.65/0+0.54 ms cpu, 3->3->1 MB, 4 MB goal, 0 MB stacks, 0 MB globals, 8 P
gc 9541 @60.459s 4%: 0.079+0.61+0.081 ms clock, 0.63+0.64/0.58/0+0.64 ms cpu, 3->3->1 MB, 4 MB goal, 0 MB stacks, 0 MB globals, 8 P
gc 9542 @60.462s 4%: 0.062+0.70+0.083 ms clock, 0.49+0.75/0.63/0+0.67 ms cpu, 3->3->1 MB, 4 MB goal, 0 MB stacks, 0 MB globals, 8 P
gc 9543 @60.465s 4%: 0.10+0.58+0.061 ms clock, 0.85+0.65/0.65/0+0.49 ms cpu, 3->3->1 MB, 4 MB goal, 0 MB stacks, 0 MB globals, 8 P
gc 9544 @60.468s 4%: 0.20+0.72+0.091 ms clock, 1.6+0.57/0.58/0+0.72 ms cpu, 3->3->1 MB, 4 MB goal, 0 MB stacks, 0 MB globals, 8 P
gc 9545 @60.471s 4%: 0.11+0.48+0.091 ms clock, 0.91+0.66/0.60/0+0.73 ms cpu, 3->3->1 MB, 4 MB goal, 0 MB stacks, 0 MB globals, 8 P
gc 9546 @60.473s 4%: 0.11+0.56+0.078 ms clock, 0.88+0.72/0.67/0+0.62 ms cpu, 3->3->1 MB, 4 MB goal, 0 MB stacks, 0 MB globals, 8 P
gc 9547 @60.476s 4%: 0.10+0.82+0.059 ms clock, 0.83+0.71/0.65/0+0.47 ms cpu, 3->3->1 MB, 4 MB goal, 0 MB stacks, 0 MB globals, 8 P
gc 9548 @60.479s 4%: 0.079+0.55+0.14 ms clock, 0.63+0.64/0.60/0+1.1 ms cpu, 3->3->1 MB, 4 MB goal, 0 MB stacks, 0 MB globals, 8 P
gc 9549 @60.482s 4%: 0.10+0.46+0.067 ms clock, 0.83+0.51/0.62/0+0.54 ms cpu, 3->3->1 MB, 4 MB goal, 0 MB stacks, 0 MB globals, 8 P
gc 9550 @60.485s 4%: 0.080+0.55+0.091 ms clock, 0.64+0.68/0.58/0+0.73 ms cpu, 3->3->1 MB, 4 MB goal, 0 MB stacks, 0 MB globals, 8 P
gc 9551 @60.487s 4%: 0.10+0.66+0.10 ms clock, 0.81+0.55/0.63/0+0.83 ms cpu, 3->3->1 MB, 4 MB goal, 0 MB stacks, 0 MB globals, 8 P
gc 9552 @60.490s 4%: 0.090+0.55+0.080 ms clock, 0.72+0.72/0.64/0+0.64 ms cpu, 3->3->1 MB, 4 MB goal, 0 MB stacks, 0 MB globals, 8 P
gc 9553 @60.493s 4%: 0.10+0.50+0.048 ms clock, 0.84+0.64/0.63/0+0.39 ms cpu, 3->3->1 MB, 4 MB goal, 0 MB stacks, 0 MB globals, 8 P
gc 9554 @60.496s 4%: 0.10+0.47+0.059 ms clock, 0.86+0.63/0.61/0+0.47 ms cpu, 3->3->1 MB, 4 MB goal, 0 MB stacks, 0 MB globals, 8 P
gc 9555 @60.499s 4%: 0.091+0.96+0.065 ms clock, 0.73+0.60/0.62/0+0.52 ms cpu, 3->3->1 MB, 4 MB goal, 0 MB stacks, 0 MB globals, 8 P
gc 9556 @60.502s 4%: 0.070+0.58+0.099 ms clock, 0.56+0.65/0.71/0+0.79 ms cpu, 3->3->1 MB, 4 MB goal, 0 MB stacks, 0 MB globals, 8 P
gc 9557 @60.504s 4%: 0.092+0.46+0.12 ms clock, 0.73+0.79/0.53/0+0.97 ms cpu, 3->3->1 MB, 4 MB goal, 0 MB stacks, 0 MB globals, 8 P
gc 9558 @60.507s 4%: 0.083+0.72+0.040 ms clock, 0.66+0.65/0.61/0+0.32 ms cpu, 3->3->1 MB, 4 MB goal, 0 MB stacks, 0 MB globals, 8 P
gc 9559 @60.510s 4%: 0.081+0.41+0.044 ms clock, 0.65+0.58/0.56/0+0.35 ms cpu, 3->3->1 MB, 4 MB goal, 0 MB stacks, 0 MB globals, 8 P
gc 9560 @60.513s 4%: 0.077+0.83+0.077 ms clock, 0.61+0.59/0.71/0+0.62 ms cpu, 3->3->1 MB, 4 MB goal, 0 MB stacks, 0 MB globals, 8 P
gc 9561 @60.516s 4%: 0.083+0.82+0.10 ms clock, 0.67+0.45/0.63/0+0.83 ms cpu, 3->3->1 MB, 4 MB goal, 0 MB stacks, 0 MB globals, 8 P
gc 9562 @60.518s 4%: 0.075+0.41+0.10 ms clock, 0.60+0.68/0.53/0+0.86 ms cpu, 3->3->1 MB, 4 MB goal, 0 MB stacks, 0 MB globals, 8 P
gc 9563 @60.521s 4%: 0.10+0.47+0.10 ms clock, 0.82+0.72/0.69/0+0.83 ms cpu, 3->3->1 MB, 4 MB goal, 0 MB stacks, 0 MB globals, 8 P
gc 9564 @60.524s 4%: 0.081+0.70+0.088 ms clock, 0.64+0.66/0.59/0+0.70 ms cpu, 3->3->1 MB, 4 MB goal, 0 MB stacks, 0 MB globals, 8 P
gc 9565 @60.527s 4%: 0.045+0.52+0.044 ms clock, 0.36+0.42/0.65/0+0.35 ms cpu, 3->3->1 MB, 4 MB goal, 0 MB stacks, 0 MB globals, 8 P
gc 9566 @60.530s 4%: 0.11+0.52+0.080 ms clock, 0.91+0.59/0.68/0+0.64 ms cpu, 3->3->1 MB, 4 MB goal, 0 MB stacks, 0 MB globals, 8 P
gc 9567 @60.532s 4%: 0.11+0.47+0.048 ms clock, 0.88+0.61/0.63/0+0.38 ms cpu, 3->3->1 MB, 4 MB goal, 0 MB stacks, 0 MB globals, 8 P
gc 9568 @60.535s 4%: 0.13+0.49+0.088 ms clock, 1.0+0.66/0.65/0+0.70 ms cpu, 3->3->1 MB, 4 MB goal, 0 MB stacks, 0 MB globals, 8 P
gc 9569 @60.538s 4%: 0.12+0.47+0.11 ms clock, 0.96+0.69/0.60/0+0.91 ms cpu, 3->3->1 MB, 4 MB goal, 0 MB stacks, 0 MB globals, 8 P
gc 9570 @60.540s 4%: 0.078+0.59+0.11 ms clock, 0.62+0.61/0.64/0+0.91 ms cpu, 3->3->1 MB, 4 MB goal, 0 MB stacks, 0 MB globals, 8 P
gc 9571 @60.543s 4%: 0.10+1.0+0.057 ms clock, 0.83+0.65/0.67/0+0.46 ms cpu, 3->3->1 MB, 4 MB goal, 0 MB stacks, 0 MB globals, 8 P
gc 9572 @60.546s 4%: 0.081+0.46+0.11 ms clock, 0.64+0.68/0.60/0+0.92 ms cpu, 3->3->1 MB, 4 MB goal, 0 MB stacks, 0 MB globals, 8 P
gc 9573 @60.549s 4%: 0.059+0.69+0.10 ms clock, 0.47+0.70/0.53/0+0.84 ms cpu, 3->3->1 MB, 4 MB goal, 0 MB stacks, 0 MB globals, 8 P
gc 9574 @60.552s 4%: 0.12+0.61+0.12 ms clock, 0.97+0.64/0.65/0+1.0 ms cpu, 3->3->1 MB, 4 MB goal, 0 MB stacks, 0 MB globals, 8 P
gc 9575 @60.555s 4%: 0.11+0.55+0.092 ms clock, 0.90+0.72/0.57/0+0.74 ms cpu, 3->3->1 MB, 4 MB goal, 0 MB stacks, 0 MB globals, 8 P
gc 9576 @60.557s 4%: 0.062+0.51+0.093 ms clock, 0.50+0.74/0.63/0+0.74 ms cpu, 3->3->1 MB, 4 MB goal, 0 MB stacks, 0 MB globals, 8 P
gc 9577 @60.560s 4%: 0.10+0.57+0.070 ms clock, 0.87+0.56/0.61/0.014+0.56 ms cpu, 3->3->1 MB, 4 MB goal, 0 MB stacks, 0 MB globals, 8 P
gc 9578 @60.563s 4%: 0.12+0.46+0.084 ms clock, 0.96+0.66/0.59/0+0.67 ms cpu, 3->3->1 MB, 4 MB goal, 0 MB stacks, 0 MB globals, 8 P
gc 9579 @60.566s 4%: 0.11+0.56+0.078 ms clock, 0.93+0.68/0.60/0+0.63 ms cpu, 3->3->1 MB, 4 MB goal, 0 MB stacks, 0 MB globals, 8 P
gc 9580 @60.568s 4%: 0.081+0.54+0.10 ms clock, 0.65+0.65/0.66/0+0.80 ms cpu, 3->3->1 MB, 4 MB goal, 0 MB stacks, 0 MB globals, 8 P
gc 9581 @60.571s 4%: 0.071+0.46+0.091 ms clock, 0.57+0.66/0.58/0+0.73 ms cpu, 3->3->1 MB, 4 MB goal, 0 MB stacks, 0 MB globals, 8 P
gc 9582 @60.574s 4%: 0.11+0.49+0.072 ms clock, 0.90+0.69/0.60/0+0.57 ms cpu, 3->3->1 MB, 4 MB goal, 0 MB stacks, 0 MB globals, 8 P
gc 9583 @60.577s 4%: 0.13+0.45+0.085 ms clock, 1.0+0.51/0.67/0+0.68 ms cpu, 3->3->1 MB, 4 MB goal, 0 MB stacks, 0 MB globals, 8 P
gc 9584 @60.579s 4%: 0.10+0.49+0.11 ms clock, 0.81+0.62/0.61/0+0.88 ms cpu, 3->3->1 MB, 4 MB goal, 0 MB stacks, 0 MB globals, 8 P
gc 9585 @60.582s 4%: 0.072+0.43+0.10 ms clock, 0.57+0.61/0.58/0+0.85 ms cpu, 3->3->1 MB, 4 MB goal, 0 MB stacks, 0 MB globals, 8 P
gc 9586 @60.585s 4%: 0.14+0.82+0.071 ms clock, 1.1+0.65/0.71/0+0.57 ms cpu, 3->3->1 MB, 4 MB goal, 0 MB stacks, 0 MB globals, 8 P
gc 9587 @60.588s 4%: 0.12+0.74+0.004 ms clock, 0.97+0.70/0.52/0+0.033 ms cpu, 3->3->1 MB, 4 MB goal, 0 MB stacks, 0 MB globals, 8 P
gc 9588 @60.590s 4%: 0.093+0.59+0.086 ms clock, 0.74+0.62/0.62/0+0.69 ms cpu, 3->3->1 MB, 4 MB goal, 0 MB stacks, 0 MB globals, 8 P
gc 9589 @60.593s 4%: 0.077+0.44+0.069 ms clock, 0.62+0.71/0.58/0+0.55 ms cpu, 3->3->1 MB, 4 MB goal, 0 MB stacks, 0 MB globals, 8 P
gc 9590 @60.596s 4%: 0.11+0.80+0.093 ms clock, 0.88+0.61/0.60/0+0.75 ms cpu, 3->3->1 MB, 4 MB goal, 0 MB stacks, 0 MB globals, 8 P
gc 9591 @60.599s 4%: 0.13+0.55+0.12 ms clock, 1.0+0.75/0.68/0+1.0 ms cpu, 3->3->1 MB, 4 MB goal, 0 MB stacks, 0 MB globals, 8 P
gc 9592 @60.602s 4%: 0.072+0.71+0.084 ms clock, 0.57+0.69/0.65/0+0.67 ms cpu, 3->3->1 MB, 4 MB goal, 0 MB stacks, 0 MB globals, 8 P
gc 9593 @60.605s 4%: 0.079+0.63+0.095 ms clock, 0.63+0.66/0.67/0.009+0.76 ms cpu, 3->3->1 MB, 4 MB goal, 0 MB stacks, 0 MB globals, 8 P
gc 9594 @60.607s 4%: 0.097+0.48+0.10 ms clock, 0.77+0.59/0.62/0+0.80 ms cpu, 3->3->1 MB, 4 MB goal, 0 MB stacks, 0 MB globals, 8 P
gc 9595 @60.610s 4%: 0.077+0.64+0.10 ms clock, 0.62+0.63/0.72/0+0.85 ms cpu, 3->3->1 MB, 4 MB goal, 0 MB stacks, 0 MB globals, 8 P
gc 9596 @60.613s 4%: 0.13+0.52+0.084 ms clock, 1.0+0.68/0.62/0+0.67 ms cpu, 3->3->1 MB, 4 MB goal, 0 MB stacks, 0 MB globals, 8 P
gc 9597 @60.616s 4%: 0.093+0.55+0.094 ms clock, 0.75+0.64/0.67/0+0.75 ms cpu, 3->3->1 MB, 4 MB goal, 0 MB stacks, 0 MB globals, 8 P
gc 9598 @60.618s 4%: 0.10+0.45+0.043 ms clock, 0.83+0.62/0.57/0+0.34 ms cpu, 3->3->1 MB, 4 MB goal, 0 MB stacks, 0 MB globals, 8 P
gc 9599 @60.621s 4%: 0.071+0.98+0.10 ms clock, 0.57+0.52/0.64/0+0.84 ms cpu, 3->4->1 MB, 4 MB goal, 0 MB stacks, 0 MB globals, 8 P
gc 9600 @60.624s 4%: 0.098+0.49+0.028 ms clock, 0.78+0.75/0.57/0+0.22 ms cpu, 3->3->1 MB, 4 MB goal, 0 MB stacks, 0 MB globals, 8 P
gc 9601 @60.627s 4%: 0.066+0.47+0.087 ms clock, 0.52+0.63/0.51/0+0.70 ms cpu, 3->3->1 MB, 4 MB goal, 0 MB stacks, 0 MB globals, 8 P
gc 9602 @60.630s 4%: 0.11+0.80+0.10 ms clock, 0.89+0.66/0.59/0+0.84 ms cpu, 3->3->1 MB, 4 MB goal, 0 MB stacks, 0 MB globals, 8 P
gc 9603 @60.633s 4%: 0.11+0.59+0.10 ms clock, 0.92+0.64/0.64/0+0.80 ms cpu, 3->3->1 MB, 4 MB goal, 0 MB stacks, 0 MB globals, 8 P
gc 9604 @60.635s 4%: 0.13+0.53+0.10 ms clock, 1.0+0.59/0.64/0+0.81 ms cpu, 3->3->1 MB, 4 MB goal, 0 MB stacks, 0 MB globals, 8 P
gc 9605 @60.638s 4%: 0.12+0.55+0.079 ms clock, 0.96+0.62/0.64/0+0.63 ms cpu, 3->3->1 MB, 4 MB goal, 0 MB stacks, 0 MB globals, 8 P
gc 9606 @60.641s 4%: 0.079+0.52+0.12 ms clock, 0.63+0.61/0.61/0+0.99 ms cpu, 3->3->1 MB, 4 MB goal, 0 MB stacks, 0 MB globals, 8 P
gc 9607 @60.644s 4%: 0.085+0.76+0.059 ms clock, 0.68+0.57/0.69/0+0.47 ms cpu, 3->3->1 MB, 4 MB goal, 0 MB stacks, 0 MB globals, 8 P
gc 9608 @60.647s 4%: 0.093+0.65+0.086 ms clock, 0.74+0.68/0.61/0+0.69 ms cpu, 3->3->1 MB, 4 MB goal, 0 MB stacks, 0 MB globals, 8 P
gc 9609 @60.649s 4%: 0.081+0.52+0.14 ms clock, 0.65+0.77/0.65/0+1.1 ms cpu, 3->3->1 MB, 4 MB goal, 0 MB stacks, 0 MB globals, 8 P
gc 9610 @60.652s 4%: 0.062+0.47+0.096 ms clock, 0.49+0.62/0.61/0+0.77 ms cpu, 3->3->1 MB, 4 MB goal, 0 MB stacks, 0 MB globals, 8 P
gc 9611 @60.655s 4%: 0.12+0.46+0.11 ms clock, 1.0+0.65/0.55/0+0.90 ms cpu, 3->3->1 MB, 4 MB goal, 0 MB stacks, 0 MB globals, 8 P
gc 9612 @60.658s 4%: 0.060+0.42+0.048 ms clock, 0.48+0.63/0.54/0+0.38 ms cpu, 3->3->1 MB, 4 MB goal, 0 MB stacks, 0 MB globals, 8 P
gc 9613 @60.660s 4%: 0.098+0.53+0.10 ms clock, 0.78+0.63/0.69/0+0.80 ms cpu, 3->3->1 MB, 4 MB goal, 0 MB stacks, 0 MB globals, 8 P
gc 9614 @60.663s 4%: 0.061+0.48+0.10 ms clock, 0.48+0.65/0.60/0+0.84 ms cpu, 3->3->1 MB, 4 MB goal, 0 MB stacks, 0 MB globals, 8 P
gc 9615 @60.666s 4%: 0.12+0.56+0.10 ms clock, 1.0+0.62/0.66/0+0.86 ms cpu, 3->3->1 MB, 4 MB goal, 0 MB stacks, 0 MB globals, 8 P
gc 9616 @60.668s 4%: 0.098+0.72+0.10 ms clock, 0.78+0.71/0.74/0+0.86 ms cpu, 3->3->1 MB, 4 MB goal, 0 MB stacks, 0 MB globals, 8 P
gc 9617 @60.671s 4%: 0.078+0.90+0.044 ms clock, 0.62+0.69/0.58/0+0.35 ms cpu, 3->3->1 MB, 4 MB goal, 0 MB stacks, 0 MB globals, 8 P
gc 9618 @60.674s 4%: 0.10+0.46+0.071 ms clock, 0.84+0.71/0.56/0+0.57 ms cpu, 3->3->1 MB, 4 MB goal, 0 MB stacks, 0 MB globals, 8 P
gc 9619 @60.677s 4%: 0.059+0.41+0.10 ms clock, 0.47+0.66/0.53/0+0.80 ms cpu, 3->3->1 MB, 4 MB goal, 0 MB stacks, 0 MB globals, 8 P
gc 9620 @60.680s 4%: 0.092+0.56+0.11 ms clock, 0.74+0.63/0.61/0+0.93 ms cpu, 3->3->1 MB, 4 MB goal, 0 MB stacks, 0 MB globals, 8 P
gc 9621 @60.682s 4%: 0.12+0.49+0.10 ms clock, 1.0+0.59/0.62/0+0.84 ms cpu, 3->3->1 MB, 4 MB goal, 0 MB stacks, 0 MB globals, 8 P
gc 9622 @60.685s 4%: 0.13+0.48+0.047 ms clock, 1.0+0.71/0.63/0+0.37 ms cpu, 3->3->1 MB, 4 MB goal, 0 MB stacks, 0 MB globals, 8 P
gc 9623 @60.688s 4%: 0.11+0.56+0.10 ms clock, 0.89+0.54/0.75/0+0.86 ms cpu, 3->3->1 MB, 4 MB goal, 0 MB stacks, 0 MB globals, 8 P
gc 9624 @60.691s 4%: 0.12+0.41+0.056 ms clock, 0.99+0.68/0.55/0+0.45 ms cpu, 3->3->1 MB, 4 MB goal, 0 MB stacks, 0 MB globals, 8 P
gc 9625 @60.693s 4%: 0.10+0.49+0.093 ms clock, 0.82+0.63/0.64/0+0.75 ms cpu, 3->3->1 MB, 4 MB goal, 0 MB stacks, 0 MB globals, 8 P
gc 9626 @60.696s 4%: 0.12+0.61+0.10 ms clock, 1.0+0.75/0.62/0+0.81 ms cpu, 3->3->1 MB, 4 MB goal, 0 MB stacks, 0 MB globals, 8 P
gc 9627 @60.699s 4%: 0.082+0.73+0.084 ms clock, 0.66+0.55/0.66/0+0.67 ms cpu, 3->3->1 MB, 4 MB goal, 0 MB stacks, 0 MB globals, 8 P
gc 9628 @60.702s 4%: 0.12+0.53+0.048 ms clock, 1.0+0.63/0.54/0+0.38 ms cpu, 3->3->1 MB, 4 MB goal, 0 MB stacks, 0 MB globals, 8 P
gc 9629 @60.705s 4%: 0.12+1.9+0.10 ms clock, 0.96+0.64/0.63/0+0.82 ms cpu, 3->4->1 MB, 4 MB goal, 0 MB stacks, 0 MB globals, 8 P
gc 9630 @60.708s 4%: 0.10+0.65+0.084 ms clock, 0.81+0.59/0.63/0+0.67 ms cpu, 3->4->1 MB, 4 MB goal, 0 MB stacks, 0 MB globals, 8 P
gc 9631 @60.711s 4%: 0.10+0.92+0.087 ms clock, 0.86+0.73/0.61/0+0.70 ms cpu, 3->3->1 MB, 4 MB goal, 0 MB stacks, 0 MB globals, 8 P
gc 9632 @60.714s 4%: 0.090+0.53+0.10 ms clock, 0.72+0.63/0.57/0+0.83 ms cpu, 3->3->1 MB, 4 MB goal, 0 MB stacks, 0 MB globals, 8 P
gc 9633 @60.716s 4%: 0.090+0.57+0.099 ms clock, 0.72+0.68/0.64/0+0.79 ms cpu, 3->3->1 MB, 4 MB goal, 0 MB stacks, 0 MB globals, 8 P
gc 9634 @60.719s 4%: 0.11+0.49+0.070 ms clock, 0.94+0.72/0.53/0+0.56 ms cpu, 3->3->1 MB, 4 MB goal, 0 MB stacks, 0 MB globals, 8 P
gc 9635 @60.722s 4%: 0.10+0.44+0.097 ms clock, 0.87+0.70/0.56/0+0.77 ms cpu, 3->3->1 MB, 4 MB goal, 0 MB stacks, 0 MB globals, 8 P
gc 9636 @60.725s 4%: 0.090+0.64+0.086 ms clock, 0.72+0.69/0.64/0+0.69 ms cpu, 3->3->1 MB, 4 MB goal, 0 MB stacks, 0 MB globals, 8 P
gc 9637 @60.728s 4%: 0.092+0.42+0.053 ms clock, 0.73+0.68/0.59/0+0.42 ms cpu, 3->3->1 MB, 4 MB goal, 0 MB stacks, 0 MB globals, 8 P
gc 9638 @60.730s 4%: 0.12+0.68+0.10 ms clock, 1.0+0.53/0.70/0+0.82 ms cpu, 3->3->1 MB, 4 MB goal, 0 MB stacks, 0 MB globals, 8 P
gc 9639 @60.733s 4%: 0.10+0.52+0.11 ms clock, 0.85+0.54/0.70/0+0.89 ms cpu, 3->3->1 MB, 4 MB goal, 0 MB stacks, 0 MB globals, 8 P
gc 9640 @60.736s 4%: 0.095+0.64+0.099 ms clock, 0.76+1.0/0.62/0+0.79 ms cpu, 3->3->1 MB, 4 MB goal, 0 MB stacks, 0 MB globals, 8 P
gc 9641 @60.739s 4%: 0.12+0.61+0.10 ms clock, 0.98+0.68/0.65/0+0.84 ms cpu, 3->3->1 MB, 4 MB goal, 0 MB stacks, 0 MB globals, 8 P
gc 9642 @60.742s 4%: 0.073+0.63+0.086 ms clock, 0.59+0.64/0.64/0+0.69 ms cpu, 3->3->1 MB, 4 MB goal, 0 MB stacks, 0 MB globals, 8 P
gc 9643 @60.744s 4%: 0.084+0.50+0.10 ms clock, 0.67+0.73/0.56/0+0.85 ms cpu, 3->3->1 MB, 4 MB goal, 0 MB stacks, 0 MB globals, 8 P
gc 9644 @60.747s 4%: 0.15+0.86+0.043 ms clock, 1.2+0.65/0.62/0+0.34 ms cpu, 3->3->1 MB, 4 MB goal, 0 MB stacks, 0 MB globals, 8 P
gc 9645 @60.750s 4%: 0.11+0.55+0.092 ms clock, 0.88+0.66/0.51/0+0.74 ms cpu, 3->3->1 MB, 4 MB goal, 0 MB stacks, 0 MB globals, 8 P
gc 9646 @60.753s 4%: 0.075+0.49+0.10 ms clock, 0.60+0.69/0.62/0+0.86 ms cpu, 3->3->1 MB, 4 MB goal, 0 MB stacks, 0 MB globals, 8 P
gc 9647 @60.756s 4%: 0.082+0.51+0.081 ms clock, 0.66+0.64/0.56/0+0.64 ms cpu, 3->3->1 MB, 4 MB goal, 0 MB stacks, 0 MB globals, 8 P
gc 9648 @60.758s 4%: 0.090+0.49+0.098 ms clock, 0.72+0.60/0.62/0+0.78 ms cpu, 3->3->1 MB, 4 MB goal, 0 MB stacks, 0 MB globals, 8 P
gc 9649 @60.761s 4%: 0.10+0.72+0.047 ms clock, 0.81+0.65/0.57/0+0.38 ms cpu, 3->3->1 MB, 4 MB goal, 0 MB stacks, 0 MB globals, 8 P
gc 9650 @60.764s 4%: 0.11+0.50+0.071 ms clock, 0.89+0.82/0.54/0+0.57 ms cpu, 3->3->1 MB, 4 MB goal, 0 MB stacks, 0 MB globals, 8 P
gc 9651 @60.767s 4%: 0.11+0.61+0.10 ms clock, 0.93+0.53/0.57/0+0.87 ms cpu, 3->3->1 MB, 4 MB goal, 0 MB stacks, 0 MB globals, 8 P
gc 9652 @60.769s 4%: 0.10+0.50+0.10 ms clock, 0.80+0.71/0.58/0+0.87 ms cpu, 3->3->1 MB, 4 MB goal, 0 MB stacks, 0 MB globals, 8 P
gc 9653 @60.772s 4%: 0.087+0.59+0.061 ms clock, 0.70+0.58/0.68/0+0.49 ms cpu, 3->3->1 MB, 4 MB goal, 0 MB stacks, 0 MB globals, 8 P
gc 9654 @60.775s 4%: 0.068+0.42+0.086 ms clock, 0.54+0.73/0.60/0+0.69 ms cpu, 3->3->1 MB, 4 MB goal, 0 MB stacks, 0 MB globals, 8 P
gc 9655 @60.778s 4%: 0.079+0.51+0.10 ms clock, 0.63+0.72/0.57/0+0.81 ms cpu, 3->3->1 MB, 4 MB goal, 0 MB stacks, 0 MB globals, 8 P
gc 9656 @60.780s 4%: 0.11+0.78+0.078 ms clock, 0.95+0.48/0.65/0+0.62 ms cpu, 3->3->1 MB, 4 MB goal, 0 MB stacks, 0 MB globals, 8 P
gc 9657 @60.783s 4%: 0.10+0.81+0.050 ms clock, 0.84+0.47/0.64/0+0.40 ms cpu, 3->3->1 MB, 4 MB goal, 0 MB stacks, 0 MB globals, 8 P
gc 9658 @60.786s 4%: 0.065+0.49+0.11 ms clock, 0.52+0.69/0.61/0+0.94 ms cpu, 3->3->1 MB, 4 MB goal, 0 MB stacks, 0 MB globals, 8 P
gc 9659 @60.789s 4%: 0.060+0.77+0.11 ms clock, 0.48+0.51/0.56/0+0.92 ms cpu, 3->3->1 MB, 4 MB goal, 0 MB stacks, 0 MB globals, 8 P
gc 9660 @60.792s 4%: 0.10+0.43+0.11 ms clock, 0.83+0.73/0.55/0+0.94 ms cpu, 3->3->1 MB, 4 MB goal, 0 MB stacks, 0 MB globals, 8 P
gc 9661 @60.794s 4%: 0.13+0.72+0.090 ms clock, 1.0+0.54/0.64/0+0.72 ms cpu, 3->3->1 MB, 4 MB goal, 0 MB stacks, 0 MB globals, 8 P
gc 9662 @60.797s 4%: 0.084+1.1+0.088 ms clock, 0.67+0.53/0.68/0+0.70 ms cpu, 3->4->1 MB, 4 MB goal, 0 MB stacks, 0 MB globals, 8 P
gc 9663 @60.800s 4%: 0.063+0.67+0.10 ms clock, 0.50+0.74/0.59/0+0.80 ms cpu, 3->3->1 MB, 4 MB goal, 0 MB stacks, 0 MB globals, 8 P
gc 9664 @60.803s 4%: 0.094+0.50+0.082 ms clock, 0.75+0.73/0.56/0+0.66 ms cpu, 3->3->1 MB, 4 MB goal, 0 MB stacks, 0 MB globals, 8 P
gc 9665 @60.806s 4%: 0.10+0.53+0.071 ms clock, 0.87+0.55/0.60/0+0.57 ms cpu, 3->3->1 MB, 4 MB goal, 0 MB stacks, 0 MB globals, 8 P
gc 9666 @60.809s 4%: 0.11+0.50+0.071 ms clock, 0.89+0.65/0.69/0+0.56 ms cpu, 3->3->1 MB, 4 MB goal, 0 MB stacks, 0 MB globals, 8 P
gc 9667 @60.811s 4%: 0.11+0.79+0.078 ms clock, 0.92+0.72/0.77/0+0.62 ms cpu, 3->3->1 MB, 4 MB goal, 0 MB stacks, 0 MB globals, 8 P
gc 9668 @60.814s 4%: 0.12+0.44+0.069 ms clock, 1.0+0.76/0.55/0+0.55 ms cpu, 3->3->1 MB, 4 MB goal, 0 MB stacks, 0 MB globals, 8 P
gc 9669 @60.817s 4%: 0.060+0.49+0.13 ms clock, 0.48+0.69/0.59/0+1.0 ms cpu, 3->3->1 MB, 4 MB goal, 0 MB stacks, 0 MB globals, 8 P
gc 9670 @60.820s 4%: 0.077+0.52+0.055 ms clock, 0.61+0.58/0.65/0+0.44 ms cpu, 3->3->1 MB, 4 MB goal, 0 MB stacks, 0 MB globals, 8 P
gc 9671 @60.822s 4%: 0.13+0.45+0.088 ms clock, 1.0+0.68/0.56/0+0.70 ms cpu, 3->3->1 MB, 4 MB goal, 0 MB stacks, 0 MB globals, 8 P
gc 9672 @60.825s 4%: 0.093+0.77+0.055 ms clock, 0.75+0.75/0.54/0+0.44 ms cpu, 3->3->1 MB, 4 MB goal, 0 MB stacks, 0 MB globals, 8 P
gc 9673 @60.828s 4%: 0.13+0.87+0.054 ms clock, 1.0+0.70/0.64/0+0.43 ms cpu, 3->3->1 MB, 4 MB goal, 0 MB stacks, 0 MB globals, 8 P
gc 9674 @60.831s 4%: 0.10+0.69+0.051 ms clock, 0.83+0.60/0.64/0+0.41 ms cpu, 3->3->1 MB, 4 MB goal, 0 MB stacks, 0 MB globals, 8 P
gc 9675 @60.834s 4%: 0.084+0.38+0.039 ms clock, 0.67+0.83/0.42/0+0.31 ms cpu, 3->3->1 MB, 4 MB goal, 0 MB stacks, 0 MB globals, 8 P
gc 9676 @60.836s 4%: 0.13+0.55+0.091 ms clock, 1.0+0.69/0.61/0+0.73 ms cpu, 3->3->1 MB, 4 MB goal, 0 MB stacks, 0 MB globals, 8 P
gc 9677 @60.839s 4%: 0.092+0.61+0.093 ms clock, 0.73+0.65/0.61/0+0.74 ms cpu, 3->3->1 MB, 4 MB goal, 0 MB stacks, 0 MB globals, 8 P
gc 9678 @60.842s 4%: 0.10+0.45+0.082 ms clock, 0.85+0.63/0.57/0+0.65 ms cpu, 3->3->1 MB, 4 MB goal, 0 MB stacks, 0 MB globals, 8 P
gc 9679 @60.845s 4%: 0.087+0.54+0.10 ms clock, 0.70+0.64/0.59/0+0.80 ms cpu, 3->3->1 MB, 4 MB goal, 0 MB stacks, 0 MB globals, 8 P
gc 9680 @60.847s 4%: 0.11+0.58+0.092 ms clock, 0.89+0.69/0.63/0+0.74 ms cpu, 3->3->1 MB, 4 MB goal, 0 MB stacks, 0 MB globals, 8 P
gc 9681 @60.850s 4%: 0.075+0.63+0.12 ms clock, 0.60+0.70/0.71/0+0.97 ms cpu, 3->3->1 MB, 4 MB goal, 0 MB stacks, 0 MB globals, 8 P
gc 9682 @60.853s 4%: 0.092+0.60+0.047 ms clock, 0.73+0.56/0.67/0+0.37 ms cpu, 3->3->1 MB, 4 MB goal, 0 MB stacks, 0 MB globals, 8 P
gc 9683 @60.856s 4%: 0.070+0.56+0.090 ms clock, 0.56+0.71/0.60/0+0.72 ms cpu, 3->3->1 MB, 4 MB goal, 0 MB stacks, 0 MB globals, 8 P
gc 9684 @60.858s 4%: 0.11+0.59+0.13 ms clock, 0.89+0.64/0.64/0+1.0 ms cpu, 3->3->1 MB, 4 MB goal, 0 MB stacks, 0 MB globals, 8 P
gc 9685 @60.861s 4%: 0.12+0.53+0.11 ms clock, 0.99+0.76/0.59/0+0.92 ms cpu, 3->3->1 MB, 4 MB goal, 0 MB stacks, 0 MB globals, 8 P
gc 9686 @60.864s 4%: 0.087+0.39+0.046 ms clock, 0.69+0.66/0.59/0+0.36 ms cpu, 3->3->1 MB, 4 MB goal, 0 MB stacks, 0 MB globals, 8 P
gc 9687 @60.867s 4%: 0.059+0.51+0.098 ms clock, 0.47+0.65/0.55/0+0.79 ms cpu, 3->3->1 MB, 4 MB goal, 0 MB stacks, 0 MB globals, 8 P
gc 9688 @60.869s 4%: 0.10+0.49+0.085 ms clock, 0.83+0.66/0.62/0+0.68 ms cpu, 3->3->1 MB, 4 MB goal, 0 MB stacks, 0 MB globals, 8 P
gc 9689 @60.872s 4%: 0.082+0.45+0.075 ms clock, 0.65+0.74/0.62/0+0.60 ms cpu, 3->3->1 MB, 4 MB goal, 0 MB stacks, 0 MB globals, 8 P
gc 9690 @60.875s 4%: 0.11+0.80+0.081 ms clock, 0.92+0.68/0.57/0+0.64 ms cpu, 3->3->1 MB, 4 MB goal, 0 MB stacks, 0 MB globals, 8 P
gc 9691 @60.878s 4%: 0.099+0.55+0.087 ms clock, 0.79+0.66/0.66/0+0.69 ms cpu, 3->3->1 MB, 4 MB goal, 0 MB stacks, 0 MB globals, 8 P
gc 9692 @60.880s 4%: 0.10+0.86+0.023 ms clock, 0.82+0.52/0.64/0+0.18 ms cpu, 3->3->1 MB, 4 MB goal, 0 MB stacks, 0 MB globals, 8 P
gc 9693 @60.883s 4%: 0.065+0.45+0.10 ms clock, 0.52+0.76/0.57/0.019+0.85 ms cpu, 3->3->1 MB, 4 MB goal, 0 MB stacks, 0 MB globals, 8 P
gc 9694 @60.886s 4%: 0.12+0.45+0.059 ms clock, 0.97+0.64/0.62/0+0.47 ms cpu, 3->3->1 MB, 4 MB goal, 0 MB stacks, 0 MB globals, 8 P
gc 9695 @60.889s 4%: 0.077+0.79+0.086 ms clock, 0.61+0.67/0.73/0+0.69 ms cpu, 3->3->1 MB, 4 MB goal, 0 MB stacks, 0 MB globals, 8 P
gc 9696 @60.892s 4%: 0.088+0.54+0.078 ms clock, 0.71+0.72/0.69/0+0.62 ms cpu, 3->3->1 MB, 4 MB goal, 0 MB stacks, 0 MB globals, 8 P
gc 9697 @60.894s 4%: 0.10+0.52+0.10 ms clock, 0.84+0.61/0.66/0+0.87 ms cpu, 3->3->1 MB, 4 MB goal, 0 MB stacks, 0 MB globals, 8 P
gc 9698 @60.897s 4%: 0.081+0.45+0.054 ms clock, 0.65+0.69/0.57/0+0.43 ms cpu, 3->3->1 MB, 4 MB goal, 0 MB stacks, 0 MB globals, 8 P
gc 9699 @60.900s 4%: 0.10+0.48+0.067 ms clock, 0.83+0.64/0.55/0+0.53 ms cpu, 3->3->1 MB, 4 MB goal, 0 MB stacks, 0 MB globals, 8 P
gc 9700 @60.903s 4%: 0.096+0.87+0.084 ms clock, 0.77+0.68/0.62/0+0.67 ms cpu, 3->3->1 MB, 4 MB goal, 0 MB stacks, 0 MB globals, 8 P
gc 9701 @60.905s 4%: 0.094+0.38+0.077 ms clock, 0.75+0.81/0.56/0+0.61 ms cpu, 3->3->1 MB, 4 MB goal, 0 MB stacks, 0 MB globals, 8 P
gc 9702 @60.908s 4%: 0.097+1.0+0.086 ms clock, 0.77+0.66/0.57/0+0.68 ms cpu, 3->3->1 MB, 4 MB goal, 0 MB stacks, 0 MB globals, 8 P
gc 9703 @60.911s 4%: 0.099+0.46+0.087 ms clock, 0.79+0.38/0.64/0+0.69 ms cpu, 3->3->1 MB, 4 MB goal, 0 MB stacks, 0 MB globals, 8 P
gc 9704 @60.914s 4%: 0.12+0.57+0.087 ms clock, 1.0+0.64/0.66/0+0.70 ms cpu, 3->3->1 MB, 4 MB goal, 0 MB stacks, 0 MB globals, 8 P
gc 9705 @60.916s 4%: 0.10+1.0+0.083 ms clock, 0.84+0.51/0.77/0+0.66 ms cpu, 3->4->1 MB, 4 MB goal, 0 MB stacks, 0 MB globals, 8 P
gc 9706 @60.919s 4%: 0.090+0.40+0.060 ms clock, 0.72+0.75/0.52/0+0.48 ms cpu, 3->3->1 MB, 4 MB goal, 0 MB stacks, 0 MB globals, 8 P
gc 9707 @60.922s 4%: 0.12+0.53+0.045 ms clock, 0.96+0.69/0.62/0+0.36 ms cpu, 3->3->1 MB, 4 MB goal, 0 MB stacks, 0 MB globals, 8 P
gc 9708 @60.925s 4%: 0.079+0.52+0.061 ms clock, 0.63+0.66/0.58/0+0.48 ms cpu, 3->3->1 MB, 4 MB goal, 0 MB stacks, 0 MB globals, 8 P
gc 9709 @60.928s 4%: 0.070+1.0+0.10 ms clock, 0.56+1.4/0.63/0+0.86 ms cpu, 3->3->1 MB, 4 MB goal, 0 MB stacks, 0 MB globals, 8 P
gc 9710 @60.931s 4%: 0.12+0.49+0.047 ms clock, 1.0+0.54/0.62/0+0.37 ms cpu, 3->3->1 MB, 4 MB goal, 0 MB stacks, 0 MB globals, 8 P
gc 9711 @60.933s 4%: 0.10+0.53+0.13 ms clock, 0.81+0.57/0.69/0+1.0 ms cpu, 3->3->1 MB, 4 MB goal, 0 MB stacks, 0 MB globals, 8 P
gc 9712 @60.936s 4%: 0.11+0.41+0.092 ms clock, 0.89+0.62/0.63/0+0.74 ms cpu, 3->3->1 MB, 4 MB goal, 0 MB stacks, 0 MB globals, 8 P
gc 9713 @60.939s 4%: 0.087+1.0+0.081 ms clock, 0.70+0.59/0.64/0+0.64 ms cpu, 3->3->1 MB, 4 MB goal, 0 MB stacks, 0 MB globals, 8 P
gc 9714 @60.942s 4%: 0.11+0.50+0.093 ms clock, 0.88+0.71/0.58/0+0.74 ms cpu, 3->3->1 MB, 4 MB goal, 0 MB stacks, 0 MB globals, 8 P
gc 9715 @60.944s 4%: 0.13+0.74+0.092 ms clock, 1.1+0.62/0.69/0+0.74 ms cpu, 3->3->1 MB, 4 MB goal, 0 MB stacks, 0 MB globals, 8 P
gc 9716 @60.947s 4%: 0.088+0.44+0.092 ms clock, 0.70+0.79/0.49/0+0.73 ms cpu, 3->3->1 MB, 4 MB goal, 0 MB stacks, 0 MB globals, 8 P
gc 9717 @60.950s 4%: 0.089+0.40+0.081 ms clock, 0.71+0.64/0.58/0+0.65 ms cpu, 3->3->1 MB, 4 MB goal, 0 MB stacks, 0 MB globals, 8 P
gc 9718 @60.953s 4%: 0.093+0.43+0.055 ms clock, 0.74+0.76/0.47/0+0.44 ms cpu, 3->3->1 MB, 4 MB goal, 0 MB stacks, 0 MB globals, 8 P
gc 9719 @60.955s 4%: 0.098+0.49+0.044 ms clock, 0.78+0.74/0.59/0+0.35 ms cpu, 3->3->1 MB, 4 MB goal, 0 MB stacks, 0 MB globals, 8 P
gc 9720 @60.958s 4%: 0.073+0.52+0.13 ms clock, 0.58+0.75/0.70/0+1.0 ms cpu, 3->3->1 MB, 4 MB goal, 0 MB stacks, 0 MB globals, 8 P
gc 9721 @60.961s 4%: 0.11+0.43+0.12 ms clock, 0.92+0.64/0.54/0+1.0 ms cpu, 3->3->1 MB, 4 MB goal, 0 MB stacks, 0 MB globals, 8 P
gc 9722 @60.964s 4%: 0.097+0.43+0.12 ms clock, 0.78+0.63/0.62/0+1.0 ms cpu, 3->3->1 MB, 4 MB goal, 0 MB stacks, 0 MB globals, 8 P
gc 9723 @60.966s 4%: 0.091+0.47+0.095 ms clock, 0.73+0.64/0.57/0+0.76 ms cpu, 3->3->1 MB, 4 MB goal, 0 MB stacks, 0 MB globals, 8 P
gc 9724 @60.969s 4%: 0.11+0.62+0.096 ms clock, 0.94+0.65/0.68/0+0.77 ms cpu, 3->3->1 MB, 4 MB goal, 0 MB stacks, 0 MB globals, 8 P
gc 9725 @60.972s 4%: 0.086+0.42+0.10 ms clock, 0.69+0.68/0.62/0+0.87 ms cpu, 3->3->1 MB, 4 MB goal, 0 MB stacks, 0 MB globals, 8 P
gc 9726 @60.975s 4%: 0.077+0.68+0.076 ms clock, 0.61+0.71/0.71/0+0.61 ms cpu, 3->3->1 MB, 4 MB goal, 0 MB stacks, 0 MB globals, 8 P
gc 9727 @60.978s 4%: 0.091+0.58+0.081 ms clock, 0.73+0.64/0.60/0+0.65 ms cpu, 3->3->1 MB, 4 MB goal, 0 MB stacks, 0 MB globals, 8 P
gc 9728 @60.980s 4%: 0.082+0.49+0.075 ms clock, 0.66+0.61/0.62/0+0.60 ms cpu, 3->3->1 MB, 4 MB goal, 0 MB stacks, 0 MB globals, 8 P
gc 9729 @60.983s 4%: 0.082+0.52+0.11 ms clock, 0.65+0.58/0.55/0+0.93 ms cpu, 3->3->1 MB, 4 MB goal, 0 MB stacks, 0 MB globals, 8 P
gc 9730 @60.986s 4%: 0.12+0.45+0.077 ms clock, 1.0+0.64/0.60/0+0.62 ms cpu, 3->3->1 MB, 4 MB goal, 0 MB stacks, 0 MB globals, 8 P
gc 9731 @60.988s 4%: 0.10+0.86+0.092 ms clock, 0.86+0.76/0.61/0+0.73 ms cpu, 3->3->1 MB, 4 MB goal, 0 MB stacks, 0 MB globals, 8 P
gc 9732 @60.991s 4%: 0.075+0.39+0.057 ms clock, 0.60+0.75/0.52/0+0.45 ms cpu, 3->3->1 MB, 4 MB goal, 0 MB stacks, 0 MB globals, 8 P
gc 9733 @60.994s 4%: 0.091+0.49+0.15 ms clock, 0.73+0.60/0.60/0+1.2 ms cpu, 3->3->1 MB, 4 MB goal, 0 MB stacks, 0 MB globals, 8 P
gc 9734 @60.997s 4%: 0.094+0.65+0.072 ms clock, 0.75+0.64/0.62/0+0.58 ms cpu, 3->3->1 MB, 4 MB goal, 0 MB stacks, 0 MB globals, 8 P
gc 9735 @61.000s 4%: 0.086+0.54+0.10 ms clock, 0.69+0.61/0.69/0+0.83 ms cpu, 3->3->1 MB, 4 MB goal, 0 MB stacks, 0 MB globals, 8 P
gc 9736 @61.002s 4%: 0.094+0.62+0.069 ms clock, 0.75+0.66/0.65/0+0.55 ms cpu, 3->3->1 MB, 4 MB goal, 0 MB stacks, 0 MB globals, 8 P
gc 9737 @61.005s 4%: 0.12+0.47+0.059 ms clock, 1.0+0.57/0.68/0+0.47 ms cpu, 3->3->1 MB, 4 MB goal, 0 MB stacks, 0 MB globals, 8 P
gc 9738 @61.008s 4%: 0.15+0.74+0.11 ms clock, 1.2+0.71/0.58/0+0.88 ms cpu, 3->3->1 MB, 4 MB goal, 0 MB stacks, 0 MB globals, 8 P
gc 9739 @61.011s 4%: 0.076+0.87+0.045 ms clock, 0.61+0.59/0.60/0+0.36 ms cpu, 3->3->1 MB, 4 MB goal, 0 MB stacks, 0 MB globals, 8 P
gc 9740 @61.014s 4%: 0.11+0.63+0.10 ms clock, 0.93+0.49/0.61/0+0.83 ms cpu, 3->3->1 MB, 4 MB goal, 0 MB stacks, 0 MB globals, 8 P
gc 9741 @61.016s 4%: 0.083+0.44+0.039 ms clock, 0.66+0.53/0.67/0+0.31 ms cpu, 3->3->1 MB, 4 MB goal, 0 MB stacks, 0 MB globals, 8 P
gc 9742 @61.019s 4%: 0.11+0.56+0.085 ms clock, 0.95+0.70/0.68/0+0.68 ms cpu, 3->3->1 MB, 4 MB goal, 0 MB stacks, 0 MB globals, 8 P
gc 9743 @61.022s 4%: 0.084+1.1+0.085 ms clock, 0.67+0.76/0.68/0+0.68 ms cpu, 3->3->1 MB, 4 MB goal, 0 MB stacks, 0 MB globals, 8 P
gc 9744 @61.025s 4%: 0.10+0.60+0.11 ms clock, 0.84+0.73/0.61/0+0.92 ms cpu, 3->3->1 MB, 4 MB goal, 0 MB stacks, 0 MB globals, 8 P
gc 9745 @61.027s 4%: 0.12+1.1+0.068 ms clock, 1.0+0.64/0.70/0+0.54 ms cpu, 3->4->1 MB, 4 MB goal, 0 MB stacks, 0 MB globals, 8 P
gc 9746 @61.030s 4%: 0.063+0.66+0.049 ms clock, 0.50+0.48/0.71/0+0.39 ms cpu, 3->3->1 MB, 4 MB goal, 0 MB stacks, 0 MB globals, 8 P
gc 9747 @61.033s 4%: 0.076+0.92+0.086 ms clock, 0.61+0.85/0.61/0+0.69 ms cpu, 3->3->1 MB, 4 MB goal, 0 MB stacks, 0 MB globals, 8 P
gc 9748 @61.036s 4%: 0.067+0.49+0.082 ms clock, 0.53+0.64/0.66/0+0.65 ms cpu, 3->3->1 MB, 4 MB goal, 0 MB stacks, 0 MB globals, 8 P
gc 9749 @61.039s 4%: 0.10+0.46+0.085 ms clock, 0.83+0.68/0.62/0+0.68 ms cpu, 3->3->1 MB, 4 MB goal, 0 MB stacks, 0 MB globals, 8 P
gc 9750 @61.042s 4%: 0.083+0.45+0.091 ms clock, 0.66+0.73/0.53/0+0.72 ms cpu, 3->3->1 MB, 4 MB goal, 0 MB stacks, 0 MB globals, 8 P
gc 9751 @61.044s 4%: 0.10+0.63+0.10 ms clock, 0.80+0.70/0.70/0+0.84 ms cpu, 3->3->1 MB, 4 MB goal, 0 MB stacks, 0 MB globals, 8 P
gc 9752 @61.047s 4%: 0.10+0.72+0.081 ms clock, 0.83+0.66/0.66/0+0.64 ms cpu, 3->3->1 MB, 4 MB goal, 0 MB stacks, 0 MB globals, 8 P
gc 9753 @61.050s 4%: 0.091+0.72+0.083 ms clock, 0.73+0.79/0.56/0+0.66 ms cpu, 3->3->1 MB, 4 MB goal, 0 MB stacks, 0 MB globals, 8 P
gc 9754 @61.053s 4%: 0.13+0.51+0.12 ms clock, 1.0+0.66/0.63/0+0.97 ms cpu, 3->3->1 MB, 4 MB goal, 0 MB stacks, 0 MB globals, 8 P
gc 9755 @61.056s 4%: 0.10+0.57+0.041 ms clock, 0.81+0.66/0.65/0+0.33 ms cpu, 3->3->1 MB, 4 MB goal, 0 MB stacks, 0 MB globals, 8 P
gc 9756 @61.059s 4%: 0.083+0.45+0.087 ms clock, 0.66+0.62/0.62/0+0.69 ms cpu, 3->3->1 MB, 4 MB goal, 0 MB stacks, 0 MB globals, 8 P
gc 9757 @61.061s 4%: 0.11+0.76+0.10 ms clock, 0.95+0.72/0.65/0+0.81 ms cpu, 3->3->1 MB, 4 MB goal, 0 MB stacks, 0 MB globals, 8 P
gc 9758 @61.064s 4%: 0.081+0.63+0.043 ms clock, 0.65+0.68/0.64/0+0.34 ms cpu, 3->3->1 MB, 4 MB goal, 0 MB stacks, 0 MB globals, 8 P
gc 9759 @61.067s 4%: 0.10+0.81+0.078 ms clock, 0.80+0.73/0.64/0+0.62 ms cpu, 3->3->1 MB, 4 MB goal, 0 MB stacks, 0 MB globals, 8 P
gc 9760 @61.070s 4%: 0.10+0.44+0.066 ms clock, 0.87+0.76/0.53/0+0.53 ms cpu, 3->3->1 MB, 4 MB goal, 0 MB stacks, 0 MB globals, 8 P
gc 9761 @61.073s 4%: 0.10+0.56+0.11 ms clock, 0.84+0.73/0.62/0+0.88 ms cpu, 3->3->1 MB, 4 MB goal, 0 MB stacks, 0 MB globals, 8 P
gc 9762 @61.075s 4%: 0.063+0.58+0.076 ms clock, 0.50+0.63/0.79/0+0.61 ms cpu, 3->3->1 MB, 4 MB goal, 0 MB stacks, 0 MB globals, 8 P
gc 9763 @61.078s 4%: 0.13+0.53+0.087 ms clock, 1.0+0.64/0.67/0+0.70 ms cpu, 3->3->1 MB, 4 MB goal, 0 MB stacks, 0 MB globals, 8 P
gc 9764 @61.081s 4%: 0.076+0.49+0.090 ms clock, 0.61+0.65/0.67/0+0.72 ms cpu, 3->3->1 MB, 4 MB goal, 0 MB stacks, 0 MB globals, 8 P
gc 9765 @61.084s 4%: 0.11+0.63+0.082 ms clock, 0.92+0.71/0.69/0+0.66 ms cpu, 3->3->1 MB, 4 MB goal, 0 MB stacks, 0 MB globals, 8 P
gc 9766 @61.086s 4%: 0.10+0.52+0.095 ms clock, 0.86+0.54/0.59/0+0.76 ms cpu, 3->3->1 MB, 4 MB goal, 0 MB stacks, 0 MB globals, 8 P
gc 9767 @61.089s 4%: 0.13+0.41+0.10 ms clock, 1.1+0.63/0.55/0+0.86 ms cpu, 3->3->1 MB, 4 MB goal, 0 MB stacks, 0 MB globals, 8 P
gc 9768 @61.092s 4%: 0.074+0.54+0.11 ms clock, 0.59+0.60/0.65/0+0.94 ms cpu, 3->3->1 MB, 4 MB goal, 0 MB stacks, 0 MB globals, 8 P
gc 9769 @61.095s 4%: 0.084+0.43+0.093 ms clock, 0.67+0.68/0.54/0.040+0.75 ms cpu, 3->3->1 MB, 4 MB goal, 0 MB stacks, 0 MB globals, 8 P
gc 9770 @61.097s 4%: 0.10+0.52+0.084 ms clock, 0.82+0.68/0.64/0+0.67 ms cpu, 3->3->1 MB, 4 MB goal, 0 MB stacks, 0 MB globals, 8 P
gc 9771 @61.100s 4%: 0.094+0.52+0.072 ms clock, 0.75+0.70/0.64/0+0.58 ms cpu, 3->3->1 MB, 4 MB goal, 0 MB stacks, 0 MB globals, 8 P
gc 9772 @61.103s 4%: 0.099+0.48+0.051 ms clock, 0.79+0.62/0.69/0+0.41 ms cpu, 3->3->1 MB, 4 MB goal, 0 MB stacks, 0 MB globals, 8 P
gc 9773 @61.106s 4%: 0.15+0.89+0.064 ms clock, 1.2+0.53/0.66/0+0.51 ms cpu, 3->4->1 MB, 4 MB goal, 0 MB stacks, 0 MB globals, 8 P
gc 9774 @61.109s 4%: 0.098+0.73+0.074 ms clock, 0.78+0.69/0.54/0+0.59 ms cpu, 3->3->1 MB, 4 MB goal, 0 MB stacks, 0 MB globals, 8 P
gc 9775 @61.112s 4%: 0.092+0.40+0.082 ms clock, 0.73+0.68/0.55/0+0.65 ms cpu, 3->3->1 MB, 4 MB goal, 0 MB stacks, 0 MB globals, 8 P
gc 9776 @61.114s 4%: 0.13+0.47+0.091 ms clock, 1.0+0.76/0.52/0+0.73 ms cpu, 3->3->1 MB, 4 MB goal, 0 MB stacks, 0 MB globals, 8 P
gc 9777 @61.117s 4%: 0.092+0.90+0.11 ms clock, 0.74+0.53/0.62/0+0.90 ms cpu, 3->3->1 MB, 4 MB goal, 0 MB stacks, 0 MB globals, 8 P
gc 9778 @61.120s 4%: 0.092+0.42+0.11 ms clock, 0.73+0.75/0.58/0+0.88 ms cpu, 3->3->1 MB, 4 MB goal, 0 MB stacks, 0 MB globals, 8 P
gc 9779 @61.123s 4%: 0.14+0.77+0.088 ms clock, 1.1+0.50/0.64/0+0.71 ms cpu, 3->3->1 MB, 4 MB goal, 0 MB stacks, 0 MB globals, 8 P
gc 9780 @61.126s 4%: 0.12+0.44+0.10 ms clock, 0.99+0.65/0.57/0+0.87 ms cpu, 3->3->1 MB, 4 MB goal, 0 MB stacks, 0 MB globals, 8 P
gc 9781 @61.128s 4%: 0.11+0.39+0.054 ms clock, 0.90+0.78/0.52/0+0.43 ms cpu, 3->3->1 MB, 4 MB goal, 0 MB stacks, 0 MB globals, 8 P
gc 9782 @61.131s 4%: 0.096+0.48+0.071 ms clock, 0.77+0.66/0.59/0+0.56 ms cpu, 3->3->1 MB, 4 MB goal, 0 MB stacks, 0 MB globals, 8 P
gc 9783 @61.134s 4%: 0.088+0.57+0.11 ms clock, 0.71+0.74/0.58/0+0.91 ms cpu, 3->3->1 MB, 4 MB goal, 0 MB stacks, 0 MB globals, 8 P
gc 9784 @61.137s 4%: 0.077+0.78+0.097 ms clock, 0.61+0.61/0.73/0+0.78 ms cpu, 3->3->1 MB, 4 MB goal, 0 MB stacks, 0 MB globals, 8 P
gc 9785 @61.139s 4%: 0.10+0.62+0.11 ms clock, 0.87+0.59/0.71/0+0.89 ms cpu, 3->3->1 MB, 4 MB goal, 0 MB stacks, 0 MB globals, 8 P
gc 9786 @61.142s 4%: 0.10+0.53+0.14 ms clock, 0.87+0.59/0.63/0+1.1 ms cpu, 3->3->1 MB, 4 MB goal, 0 MB stacks, 0 MB globals, 8 P
gc 9787 @61.145s 4%: 0.11+0.53+0.078 ms clock, 0.88+0.74/0.64/0+0.62 ms cpu, 3->3->1 MB, 4 MB goal, 0 MB stacks, 0 MB globals, 8 P
gc 9788 @61.148s 4%: 0.12+0.50+0.084 ms clock, 0.98+0.69/0.64/0+0.67 ms cpu, 3->3->1 MB, 4 MB goal, 0 MB stacks, 0 MB globals, 8 P
gc 9789 @61.151s 4%: 0.10+0.50+0.12 ms clock, 0.85+0.66/0.56/0+1.0 ms cpu, 3->3->1 MB, 4 MB goal, 0 MB stacks, 0 MB globals, 8 P
gc 9790 @61.153s 4%: 0.072+1.1+0.041 ms clock, 0.57+0.51/0.64/0+0.33 ms cpu, 3->4->1 MB, 4 MB goal, 0 MB stacks, 0 MB globals, 8 P
gc 9791 @61.156s 4%: 0.084+0.50+0.089 ms clock, 0.67+0.66/0.61/0+0.71 ms cpu, 3->3->1 MB, 4 MB goal, 0 MB stacks, 0 MB globals, 8 P
gc 9792 @61.159s 4%: 0.064+0.54+0.11 ms clock, 0.51+0.63/0.59/0+0.95 ms cpu, 3->3->1 MB, 4 MB goal, 0 MB stacks, 0 MB globals, 8 P
gc 9793 @61.162s 4%: 0.13+0.43+0.092 ms clock, 1.0+0.68/0.54/0+0.73 ms cpu, 3->3->1 MB, 4 MB goal, 0 MB stacks, 0 MB globals, 8 P
gc 9794 @61.165s 4%: 0.10+0.46+0.091 ms clock, 0.85+0.68/0.58/0+0.73 ms cpu, 3->3->1 MB, 4 MB goal, 0 MB stacks, 0 MB globals, 8 P
gc 9795 @61.167s 4%: 0.054+0.53+0.089 ms clock, 0.43+0.77/0.60/0+0.71 ms cpu, 3->3->1 MB, 4 MB goal, 0 MB stacks, 0 MB globals, 8 P
gc 9796 @61.170s 4%: 0.10+0.51+0.088 ms clock, 0.80+0.62/0.69/0+0.71 ms cpu, 3->3->1 MB, 4 MB goal, 0 MB stacks, 0 MB globals, 8 P
gc 9797 @61.173s 4%: 0.14+0.85+0.068 ms clock, 1.1+0.58/0.58/0+0.54 ms cpu, 3->3->1 MB, 4 MB goal, 0 MB stacks, 0 MB globals, 8 P
gc 9798 @61.176s 4%: 0.083+0.47+0.10 ms clock, 0.66+0.65/0.62/0+0.86 ms cpu, 3->3->1 MB, 4 MB goal, 0 MB stacks, 0 MB globals, 8 P
gc 9799 @61.178s 4%: 0.12+0.52+0.076 ms clock, 0.99+0.68/0.71/0+0.61 ms cpu, 3->3->1 MB, 4 MB goal, 0 MB stacks, 0 MB globals, 8 P
gc 9800 @61.181s 4%: 0.085+0.91+0.071 ms clock, 0.68+0.77/0.60/0+0.57 ms cpu, 3->3->1 MB, 4 MB goal, 0 MB stacks, 0 MB globals, 8 P
gc 9801 @61.184s 4%: 0.091+0.44+0.098 ms clock, 0.73+0.78/0.56/0+0.79 ms cpu, 3->3->1 MB, 4 MB goal, 0 MB stacks, 0 MB globals, 8 P
gc 9802 @61.187s 4%: 0.088+1.0+0.084 ms clock, 0.70+0.53/0.63/0+0.67 ms cpu, 3->3->1 MB, 4 MB goal, 0 MB stacks, 0 MB globals, 8 P
gc 9803 @61.190s 4%: 0.11+0.45+0.092 ms clock, 0.89+0.66/0.56/0+0.74 ms cpu, 3->3->1 MB, 4 MB goal, 0 MB stacks, 0 MB globals, 8 P
gc 9804 @61.192s 4%: 0.10+0.56+0.093 ms clock, 0.86+0.67/0.72/0+0.74 ms cpu, 3->3->1 MB, 4 MB goal, 0 MB stacks, 0 MB globals, 8 P
gc 9805 @61.195s 4%: 0.084+0.47+0.11 ms clock, 0.67+0.60/0.62/0+0.89 ms cpu, 3->3->1 MB, 4 MB goal, 0 MB stacks, 0 MB globals, 8 P
gc 9806 @61.198s 4%: 0.15+0.88+0.043 ms clock, 1.2+0.54/0.69/0+0.34 ms cpu, 3->3->1 MB, 4 MB goal, 0 MB stacks, 0 MB globals, 8 P
gc 9807 @61.201s 4%: 0.093+0.57+0.098 ms clock, 0.74+0.50/0.62/0+0.78 ms cpu, 3->3->1 MB, 4 MB goal, 0 MB stacks, 0 MB globals, 8 P
gc 9808 @61.204s 4%: 0.080+0.64+0.074 ms clock, 0.64+0.58/0.54/0+0.59 ms cpu, 3->3->1 MB, 4 MB goal, 0 MB stacks, 0 MB globals, 8 P
gc 9809 @61.207s 4%: 0.070+0.50+0.099 ms clock, 0.56+0.67/0.55/0+0.79 ms cpu, 3->3->1 MB, 4 MB goal, 0 MB stacks, 0 MB globals, 8 P
gc 9810 @61.209s 4%: 0.099+0.46+0.056 ms clock, 0.79+0.63/0.59/0+0.45 ms cpu, 3->3->1 MB, 4 MB goal, 0 MB stacks, 0 MB globals, 8 P
gc 9811 @61.212s 4%: 0.089+0.49+0.048 ms clock, 0.71+0.68/0.61/0+0.38 ms cpu, 3->3->1 MB, 4 MB goal, 0 MB stacks, 0 MB globals, 8 P
gc 9812 @61.215s 4%: 0.11+0.50+0.094 ms clock, 0.94+0.61/0.59/0+0.75 ms cpu, 3->3->1 MB, 4 MB goal, 0 MB stacks, 0 MB globals, 8 P
gc 9813 @61.218s 4%: 0.083+0.65+0.023 ms clock, 0.67+0.55/0.62/0+0.18 ms cpu, 3->3->1 MB, 4 MB goal, 0 MB stacks, 0 MB globals, 8 P
gc 9814 @61.220s 4%: 0.10+0.45+0.10 ms clock, 0.80+0.64/0.59/0+0.81 ms cpu, 3->3->1 MB, 4 MB goal, 0 MB stacks, 0 MB globals, 8 P
gc 9815 @61.223s 4%: 0.10+0.54+0.089 ms clock, 0.86+0.67/0.62/0+0.71 ms cpu, 3->3->1 MB, 4 MB goal, 0 MB stacks, 0 MB globals, 8 P
gc 9816 @61.226s 4%: 0.11+0.50+0.067 ms clock, 0.92+0.72/0.61/0+0.54 ms cpu, 3->3->1 MB, 4 MB goal, 0 MB stacks, 0 MB globals, 8 P
gc 9817 @61.229s 4%: 0.11+0.69+0.096 ms clock, 0.95+0.56/0.60/0+0.77 ms cpu, 3->3->1 MB, 4 MB goal, 0 MB stacks, 0 MB globals, 8 P
gc 9818 @61.232s 4%: 0.10+0.49+0.081 ms clock, 0.81+0.77/0.55/0+0.65 ms cpu, 3->3->1 MB, 4 MB goal, 0 MB stacks, 0 MB globals, 8 P
gc 9819 @61.234s 4%: 0.076+0.50+0.081 ms clock, 0.61+0.67/0.53/0+0.64 ms cpu, 3->3->1 MB, 4 MB goal, 0 MB stacks, 0 MB globals, 8 P
gc 9820 @61.237s 4%: 0.11+0.78+0.077 ms clock, 0.91+0.65/0.63/0+0.61 ms cpu, 3->3->1 MB, 4 MB goal, 0 MB stacks, 0 MB globals, 8 P
gc 9821 @61.240s 4%: 0.11+0.43+0.10 ms clock, 0.91+0.69/0.53/0+0.83 ms cpu, 3->3->1 MB, 4 MB goal, 0 MB stacks, 0 MB globals, 8 P
gc 9822 @61.243s 4%: 0.079+0.55+0.11 ms clock, 0.63+0.64/0.55/0+0.94 ms cpu, 3->3->1 MB, 4 MB goal, 0 MB stacks, 0 MB globals, 8 P
gc 9823 @61.245s 4%: 0.10+0.44+0.072 ms clock, 0.87+0.67/0.59/0+0.58 ms cpu, 3->3->1 MB, 4 MB goal, 0 MB stacks, 0 MB globals, 8 P
gc 9824 @61.248s 4%: 0.10+0.75+0.075 ms clock, 0.83+0.63/0.66/0+0.60 ms cpu, 3->3->1 MB, 4 MB goal, 0 MB stacks, 0 MB globals, 8 P
gc 9825 @61.251s 4%: 0.13+0.57+0.11 ms clock, 1.1+0.52/0.67/0+0.89 ms cpu, 3->3->1 MB, 4 MB goal, 0 MB stacks, 0 MB globals, 8 P
gc 9826 @61.254s 4%: 0.063+0.55+0.089 ms clock, 0.50+0.79/0.57/0+0.71 ms cpu, 3->3->1 MB, 4 MB goal, 0 MB stacks, 0 MB globals, 8 P
gc 9827 @61.257s 4%: 0.12+0.37+0.073 ms clock, 0.97+0.79/0.59/0+0.58 ms cpu, 3->3->1 MB, 4 MB goal, 0 MB stacks, 0 MB globals, 8 P
gc 9828 @61.259s 4%: 0.092+0.72+0.035 ms clock, 0.74+0.80/0.61/0+0.28 ms cpu, 3->3->1 MB, 4 MB goal, 0 MB stacks, 0 MB globals, 8 P
gc 9829 @61.262s 4%: 0.096+0.80+0.095 ms clock, 0.77+0.78/0.61/0+0.76 ms cpu, 3->3->1 MB, 4 MB goal, 0 MB stacks, 0 MB globals, 8 P
gc 9830 @61.265s 4%: 0.085+0.43+0.055 ms clock, 0.68+0.74/0.55/0+0.44 ms cpu, 3->3->1 MB, 4 MB goal, 0 MB stacks, 0 MB globals, 8 P
gc 9831 @61.268s 4%: 0.091+1.0+0.090 ms clock, 0.73+1.3/0.72/0+0.72 ms cpu, 3->3->1 MB, 4 MB goal, 0 MB stacks, 0 MB globals, 8 P
gc 9832 @61.271s 4%: 0.071+0.48+0.085 ms clock, 0.57+0.62/0.60/0+0.68 ms cpu, 3->3->1 MB, 4 MB goal, 0 MB stacks, 0 MB globals, 8 P
gc 9833 @61.273s 4%: 0.10+0.56+0.068 ms clock, 0.81+0.63/0.61/0+0.55 ms cpu, 3->3->1 MB, 4 MB goal, 0 MB stacks, 0 MB globals, 8 P
gc 9834 @61.276s 4%: 0.090+0.41+0.094 ms clock, 0.72+0.64/0.54/0+0.75 ms cpu, 3->3->1 MB, 4 MB goal, 0 MB stacks, 0 MB globals, 8 P
gc 9835 @61.279s 4%: 0.11+0.58+0.097 ms clock, 0.91+0.52/0.74/0+0.78 ms cpu, 3->3->1 MB, 4 MB goal, 0 MB stacks, 0 MB globals, 8 P
gc 9836 @61.282s 4%: 0.095+0.50+0.085 ms clock, 0.76+0.62/0.67/0+0.68 ms cpu, 3->3->1 MB, 4 MB goal, 0 MB stacks, 0 MB globals, 8 P
gc 9837 @61.285s 4%: 0.088+0.48+0.075 ms clock, 0.70+0.59/0.65/0+0.60 ms cpu, 3->3->1 MB, 4 MB goal, 0 MB stacks, 0 MB globals, 8 P
gc 9838 @61.287s 4%: 0.070+0.54+0.068 ms clock, 0.56+0.57/0.67/0+0.55 ms cpu, 3->3->1 MB, 4 MB goal, 0 MB stacks, 0 MB globals, 8 P
gc 9839 @61.290s 4%: 0.13+0.52+0.077 ms clock, 1.1+0.69/0.63/0+0.62 ms cpu, 3->3->1 MB, 4 MB goal, 0 MB stacks, 0 MB globals, 8 P
gc 9840 @61.293s 4%: 0.10+0.45+0.12 ms clock, 0.84+0.69/0.57/0+0.99 ms cpu, 3->3->1 MB, 4 MB goal, 0 MB stacks, 0 MB globals, 8 P
gc 9841 @61.296s 4%: 0.10+0.46+0.090 ms clock, 0.80+0.68/0.51/0+0.72 ms cpu, 3->3->1 MB, 4 MB goal, 0 MB stacks, 0 MB globals, 8 P
gc 9842 @61.299s 4%: 0.13+0.50+0.088 ms clock, 1.0+0.64/0.62/0+0.70 ms cpu, 3->3->1 MB, 4 MB goal, 0 MB stacks, 0 MB globals, 8 P
gc 9843 @61.301s 4%: 0.10+0.72+0.058 ms clock, 0.82+0.74/0.56/0+0.46 ms cpu, 3->3->1 MB, 4 MB goal, 0 MB stacks, 0 MB globals, 8 P
gc 9844 @61.304s 4%: 0.12+0.44+0.076 ms clock, 0.99+0.69/0.54/0+0.61 ms cpu, 3->3->1 MB, 4 MB goal, 0 MB stacks, 0 MB globals, 8 P
gc 9845 @61.307s 4%: 0.10+0.49+0.11 ms clock, 0.85+0.69/0.53/0+0.90 ms cpu, 3->3->1 MB, 4 MB goal, 0 MB stacks, 0 MB globals, 8 P
gc 9846 @61.310s 4%: 0.085+0.50+0.086 ms clock, 0.68+0.51/0.61/0+0.69 ms cpu, 3->3->1 MB, 4 MB goal, 0 MB stacks, 0 MB globals, 8 P
gc 9847 @61.312s 4%: 0.10+0.61+0.11 ms clock, 0.85+0.64/0.72/0+0.95 ms cpu, 3->3->1 MB, 4 MB goal, 0 MB stacks, 0 MB globals, 8 P
gc 9848 @61.315s 4%: 0.12+0.76+0.044 ms clock, 1.0+0.52/0.57/0+0.35 ms cpu, 3->3->1 MB, 4 MB goal, 0 MB stacks, 0 MB globals, 8 P
gc 9849 @61.318s 4%: 0.12+0.50+0.10 ms clock, 1.0+0.63/0.60/0+0.87 ms cpu, 3->3->1 MB, 4 MB goal, 0 MB stacks, 0 MB globals, 8 P
gc 9850 @61.321s 4%: 0.12+0.53+0.093 ms clock, 0.99+0.67/0.57/0+0.75 ms cpu, 3->3->1 MB, 4 MB goal, 0 MB stacks, 0 MB globals, 8 P
gc 9851 @61.323s 4%: 0.063+0.47+0.10 ms clock, 0.50+0.60/0.62/0+0.87 ms cpu, 3->3->1 MB, 4 MB goal, 0 MB stacks, 0 MB globals, 8 P
gc 9852 @61.326s 4%: 0.088+0.57+0.072 ms clock, 0.70+0.56/0.65/0+0.57 ms cpu, 3->3->1 MB, 4 MB goal, 0 MB stacks, 0 MB globals, 8 P
gc 9853 @61.329s 4%: 0.10+0.68+0.084 ms clock, 0.83+0.61/0.66/0+0.67 ms cpu, 3->3->1 MB, 4 MB goal, 0 MB stacks, 0 MB globals, 8 P
gc 9854 @61.332s 4%: 0.092+0.51+0.079 ms clock, 0.73+0.58/0.64/0+0.63 ms cpu, 3->3->1 MB, 4 MB goal, 0 MB stacks, 0 MB globals, 8 P
gc 9855 @61.334s 4%: 0.099+0.80+0.096 ms clock, 0.79+0.73/0.61/0+0.77 ms cpu, 3->3->1 MB, 4 MB goal, 0 MB stacks, 0 MB globals, 8 P
gc 9856 @61.337s 4%: 0.096+0.48+0.073 ms clock, 0.76+0.63/0.68/0+0.58 ms cpu, 3->3->1 MB, 4 MB goal, 0 MB stacks, 0 MB globals, 8 P
gc 9857 @61.340s 4%: 0.068+0.64+0.11 ms clock, 0.54+0.70/0.73/0+0.89 ms cpu, 3->3->1 MB, 4 MB goal, 0 MB stacks, 0 MB globals, 8 P
gc 9858 @61.343s 4%: 0.080+0.49+0.10 ms clock, 0.64+0.60/0.67/0+0.84 ms cpu, 3->3->1 MB, 4 MB goal, 0 MB stacks, 0 MB globals, 8 P
gc 9859 @61.346s 4%: 0.086+0.74+0.065 ms clock, 0.69+0.51/0.64/0+0.52 ms cpu, 3->3->1 MB, 4 MB goal, 0 MB stacks, 0 MB globals, 8 P
gc 9860 @61.349s 4%: 0.077+0.56+0.097 ms clock, 0.61+0.73/0.68/0+0.77 ms cpu, 3->3->1 MB, 4 MB goal, 0 MB stacks, 0 MB globals, 8 P
gc 9861 @61.351s 4%: 0.065+0.46+0.083 ms clock, 0.52+0.60/0.58/0+0.66 ms cpu, 3->3->1 MB, 4 MB goal, 0 MB stacks, 0 MB globals, 8 P
gc 9862 @61.354s 4%: 0.091+0.79+0.083 ms clock, 0.72+0.99/0.66/0+0.67 ms cpu, 3->3->1 MB, 4 MB goal, 0 MB stacks, 0 MB globals, 8 P
gc 9863 @61.357s 4%: 0.10+0.50+0.067 ms clock, 0.87+0.68/0.51/0+0.53 ms cpu, 3->3->1 MB, 4 MB goal, 0 MB stacks, 0 MB globals, 8 P
gc 9864 @61.360s 4%: 0.10+1.2+0.077 ms clock, 0.85+0.75/0.65/0+0.61 ms cpu, 3->4->1 MB, 4 MB goal, 0 MB stacks, 0 MB globals, 8 P
gc 9865 @61.363s 4%: 0.12+0.74+0.065 ms clock, 0.96+0.68/0.60/0+0.52 ms cpu, 3->4->1 MB, 4 MB goal, 0 MB stacks, 0 MB globals, 8 P
gc 9866 @61.366s 4%: 0.10+0.58+0.098 ms clock, 0.86+0.59/0.71/0+0.79 ms cpu, 3->3->1 MB, 4 MB goal, 0 MB stacks, 0 MB globals, 8 P
gc 9867 @61.368s 4%: 0.087+0.63+0.080 ms clock, 0.70+0.52/0.73/0+0.64 ms cpu, 3->3->1 MB, 4 MB goal, 0 MB stacks, 0 MB globals, 8 P
gc 9868 @61.371s 4%: 0.10+0.61+0.10 ms clock, 0.83+0.65/0.63/0+0.84 ms cpu, 3->3->1 MB, 4 MB goal, 0 MB stacks, 0 MB globals, 8 P
gc 9869 @61.374s 4%: 0.081+0.45+0.074 ms clock, 0.65+0.68/0.54/0+0.59 ms cpu, 3->3->1 MB, 4 MB goal, 0 MB stacks, 0 MB globals, 8 P
gc 9870 @61.377s 4%: 0.063+0.75+0.091 ms clock, 0.50+0.66/0.63/0+0.73 ms cpu, 3->3->1 MB, 4 MB goal, 0 MB stacks, 0 MB globals, 8 P
gc 9871 @61.380s 4%: 0.080+0.48+0.052 ms clock, 0.64+0.65/0.55/0+0.42 ms cpu, 3->3->1 MB, 4 MB goal, 0 MB stacks, 0 MB globals, 8 P
gc 9872 @61.382s 4%: 0.097+0.53+0.066 ms clock, 0.78+0.64/0.68/0+0.53 ms cpu, 3->3->1 MB, 4 MB goal, 0 MB stacks, 0 MB globals, 8 P
gc 9873 @61.385s 4%: 0.075+0.68+0.12 ms clock, 0.60+0.81/0.54/0+0.96 ms cpu, 3->3->1 MB, 4 MB goal, 0 MB stacks, 0 MB globals, 8 P
gc 9874 @61.388s 4%: 0.11+0.46+0.10 ms clock, 0.95+0.69/0.56/0+0.86 ms cpu, 3->3->1 MB, 4 MB goal, 0 MB stacks, 0 MB globals, 8 P
gc 9875 @61.391s 4%: 0.093+0.74+0.058 ms clock, 0.74+0.50/0.72/0+0.47 ms cpu, 3->3->1 MB, 4 MB goal, 0 MB stacks, 0 MB globals, 8 P
gc 9876 @61.393s 4%: 0.14+0.51+0.039 ms clock, 1.1+0.64/0.60/0+0.31 ms cpu, 3->3->1 MB, 4 MB goal, 0 MB stacks, 0 MB globals, 8 P
gc 9877 @61.396s 4%: 0.068+0.41+0.069 ms clock, 0.54+0.67/0.57/0+0.55 ms cpu, 3->3->1 MB, 4 MB goal, 0 MB stacks, 0 MB globals, 8 P
gc 9878 @61.399s 4%: 0.073+0.48+0.12 ms clock, 0.58+0.76/0.60/0+0.97 ms cpu, 3->3->1 MB, 4 MB goal, 0 MB stacks, 0 MB globals, 8 P
gc 9879 @61.402s 4%: 0.072+0.56+0.082 ms clock, 0.58+0.60/0.56/0+0.66 ms cpu, 3->3->1 MB, 4 MB goal, 0 MB stacks, 0 MB globals, 8 P
gc 9880 @61.404s 4%: 0.12+0.56+0.084 ms clock, 0.99+0.68/0.62/0+0.67 ms cpu, 3->3->1 MB, 4 MB goal, 0 MB stacks, 0 MB globals, 8 P
gc 9881 @61.407s 4%: 0.082+0.89+0.047 ms clock, 0.65+0.40/0.64/0+0.37 ms cpu, 3->3->1 MB, 4 MB goal, 0 MB stacks, 0 MB globals, 8 P
gc 9882 @61.410s 4%: 0.10+0.52+0.099 ms clock, 0.82+0.64/0.62/0+0.79 ms cpu, 3->3->1 MB, 4 MB goal, 0 MB stacks, 0 MB globals, 8 P
gc 9883 @61.413s 4%: 0.096+0.36+0.061 ms clock, 0.76+0.73/0.52/0+0.49 ms cpu, 3->3->1 MB, 4 MB goal, 0 MB stacks, 0 MB globals, 8 P
gc 9884 @61.416s 4%: 0.14+0.71+0.10 ms clock, 1.1+0.58/0.65/0+0.82 ms cpu, 3->3->1 MB, 4 MB goal, 0 MB stacks, 0 MB globals, 8 P
gc 9885 @61.418s 4%: 0.094+0.58+0.065 ms clock, 0.75+0.67/0.59/0+0.52 ms cpu, 3->3->1 MB, 4 MB goal, 0 MB stacks, 0 MB globals, 8 P
gc 9886 @61.421s 4%: 0.11+0.48+0.081 ms clock, 0.88+0.89/0.54/0+0.65 ms cpu, 3->3->1 MB, 4 MB goal, 0 MB stacks, 0 MB globals, 8 P
gc 9887 @61.424s 4%: 0.11+0.80+0.10 ms clock, 0.92+0.59/0.62/0+0.82 ms cpu, 3->3->1 MB, 4 MB goal, 0 MB stacks, 0 MB globals, 8 P
gc 9888 @61.427s 4%: 0.089+0.71+0.086 ms clock, 0.71+0.63/0.70/0+0.69 ms cpu, 3->3->1 MB, 4 MB goal, 0 MB stacks, 0 MB globals, 8 P
gc 9889 @61.430s 4%: 0.14+0.56+0.13 ms clock, 1.1+0.65/0.69/0+1.1 ms cpu, 3->3->1 MB, 4 MB goal, 0 MB stacks, 0 MB globals, 8 P
gc 9890 @61.432s 4%: 0.12+0.40+0.096 ms clock, 0.97+0.69/0.57/0+0.77 ms cpu, 3->3->1 MB, 4 MB goal, 0 MB stacks, 0 MB globals, 8 P
gc 9891 @61.435s 4%: 0.087+0.57+0.11 ms clock, 0.70+0.57/0.67/0+0.95 ms cpu, 3->3->1 MB, 4 MB goal, 0 MB stacks, 0 MB globals, 8 P
gc 9892 @61.438s 4%: 0.092+0.89+0.039 ms clock, 0.74+0.63/0.59/0+0.31 ms cpu, 3->3->1 MB, 4 MB goal, 0 MB stacks, 0 MB globals, 8 P
gc 9893 @61.441s 4%: 0.086+0.63+0.081 ms clock, 0.69+0.55/0.67/0+0.64 ms cpu, 3->3->1 MB, 4 MB goal, 0 MB stacks, 0 MB globals, 8 P
gc 9894 @61.444s 4%: 0.099+0.71+0.050 ms clock, 0.79+0.58/0.62/0+0.40 ms cpu, 3->3->1 MB, 4 MB goal, 0 MB stacks, 0 MB globals, 8 P
gc 9895 @61.447s 4%: 0.090+0.73+0.080 ms clock, 0.72+0.63/0.55/0+0.64 ms cpu, 3->3->1 MB, 4 MB goal, 0 MB stacks, 0 MB globals, 8 P
gc 9896 @61.450s 4%: 0.11+0.50+0.10 ms clock, 0.89+0.51/0.59/0+0.85 ms cpu, 3->3->1 MB, 4 MB goal, 0 MB stacks, 0 MB globals, 8 P
gc 9897 @61.452s 4%: 0.10+0.70+0.084 ms clock, 0.86+0.74/0.62/0+0.67 ms cpu, 3->3->1 MB, 4 MB goal, 0 MB stacks, 0 MB globals, 8 P
gc 9898 @61.455s 4%: 0.11+0.69+0.10 ms clock, 0.92+0.70/0.58/0+0.85 ms cpu, 3->3->1 MB, 4 MB goal, 0 MB stacks, 0 MB globals, 8 P
gc 9899 @61.458s 4%: 0.11+0.50+0.059 ms clock, 0.89+0.62/0.63/0+0.47 ms cpu, 3->3->1 MB, 4 MB goal, 0 MB stacks, 0 MB globals, 8 P
gc 9900 @61.461s 4%: 0.080+0.72+0.099 ms clock, 0.64+0.73/0.54/0+0.79 ms cpu, 3->3->1 MB, 4 MB goal, 0 MB stacks, 0 MB globals, 8 P
gc 9901 @61.464s 4%: 0.067+0.59+0.070 ms clock, 0.54+0.61/0.72/0+0.56 ms cpu, 3->3->1 MB, 4 MB goal, 0 MB stacks, 0 MB globals, 8 P
gc 9902 @61.466s 4%: 0.094+0.53+0.073 ms clock, 0.75+0.76/0.56/0+0.58 ms cpu, 3->3->1 MB, 4 MB goal, 0 MB stacks, 0 MB globals, 8 P
gc 9903 @61.469s 4%: 0.10+0.44+0.039 ms clock, 0.84+0.74/0.62/0+0.31 ms cpu, 3->3->1 MB, 4 MB goal, 0 MB stacks, 0 MB globals, 8 P
gc 9904 @61.472s 4%: 0.096+0.48+0.059 ms clock, 0.77+0.71/0.67/0+0.47 ms cpu, 3->3->1 MB, 4 MB goal, 0 MB stacks, 0 MB globals, 8 P
gc 9905 @61.475s 4%: 0.084+0.44+0.079 ms clock, 0.67+0.67/0.56/0+0.63 ms cpu, 3->3->1 MB, 4 MB goal, 0 MB stacks, 0 MB globals, 8 P
gc 9906 @61.477s 4%: 0.11+0.64+0.098 ms clock, 0.89+0.61/0.62/0+0.79 ms cpu, 3->3->1 MB, 4 MB goal, 0 MB stacks, 0 MB globals, 8 P
gc 9907 @61.480s 4%: 0.078+0.48+0.12 ms clock, 0.63+0.64/0.58/0+0.96 ms cpu, 3->3->1 MB, 4 MB goal, 0 MB stacks, 0 MB globals, 8 P
gc 9908 @61.483s 4%: 0.12+0.57+0.10 ms clock, 0.96+0.66/0.66/0+0.80 ms cpu, 3->3->1 MB, 4 MB goal, 0 MB stacks, 0 MB globals, 8 P
gc 9909 @61.486s 4%: 0.11+0.50+0.089 ms clock, 0.92+0.66/0.64/0+0.71 ms cpu, 3->3->1 MB, 4 MB goal, 0 MB stacks, 0 MB globals, 8 P
gc 9910 @61.489s 4%: 0.11+0.77+0.043 ms clock, 0.95+0.59/0.57/0+0.34 ms cpu, 3->3->1 MB, 4 MB goal, 0 MB stacks, 0 MB globals, 8 P
gc 9911 @61.491s 4%: 0.14+0.52+0.095 ms clock, 1.1+0.71/0.61/0+0.76 ms cpu, 3->3->1 MB, 4 MB goal, 0 MB stacks, 0 MB globals, 8 P
gc 9912 @61.494s 4%: 0.098+0.52+0.080 ms clock, 0.78+0.64/0.64/0+0.64 ms cpu, 3->3->1 MB, 4 MB goal, 0 MB stacks, 0 MB globals, 8 P
gc 9913 @61.497s 4%: 0.078+0.48+0.083 ms clock, 0.63+0.62/0.62/0+0.67 ms cpu, 3->3->1 MB, 4 MB goal, 0 MB stacks, 0 MB globals, 8 P
gc 9914 @61.500s 4%: 0.058+0.67+0.084 ms clock, 0.46+0.72/0.61/0+0.67 ms cpu, 3->3->1 MB, 4 MB goal, 0 MB stacks, 0 MB globals, 8 P
gc 9915 @61.503s 4%: 0.088+0.57+0.078 ms clock, 0.70+0.77/0.55/0+0.63 ms cpu, 3->3->1 MB, 4 MB goal, 0 MB stacks, 0 MB globals, 8 P
gc 9916 @61.505s 4%: 0.089+0.77+0.010 ms clock, 0.71+0.81/0.57/0+0.085 ms cpu, 3->3->1 MB, 4 MB goal, 0 MB stacks, 0 MB globals, 8 P
gc 9917 @61.508s 4%: 0.077+0.83+0.10 ms clock, 0.62+0.62/0.65/0+0.81 ms cpu, 3->3->1 MB, 4 MB goal, 0 MB stacks, 0 MB globals, 8 P
gc 9918 @61.511s 4%: 0.088+0.48+0.068 ms clock, 0.71+0.66/0.59/0+0.54 ms cpu, 3->3->1 MB, 4 MB goal, 0 MB stacks, 0 MB globals, 8 P
gc 9919 @61.514s 4%: 0.080+0.68+0.071 ms clock, 0.64+0.70/0.63/0+0.57 ms cpu, 3->3->1 MB, 4 MB goal, 0 MB stacks, 0 MB globals, 8 P
gc 9920 @61.517s 4%: 0.10+0.55+0.086 ms clock, 0.83+0.57/0.57/0+0.69 ms cpu, 3->3->1 MB, 4 MB goal, 0 MB stacks, 0 MB globals, 8 P
gc 9921 @61.519s 4%: 0.099+0.54+0.10 ms clock, 0.79+0.68/0.58/0+0.85 ms cpu, 3->3->1 MB, 4 MB goal, 0 MB stacks, 0 MB globals, 8 P
gc 9922 @61.522s 4%: 0.10+0.68+0.11 ms clock, 0.82+0.55/0.61/0+0.91 ms cpu, 3->3->1 MB, 4 MB goal, 0 MB stacks, 0 MB globals, 8 P
gc 9923 @61.525s 4%: 0.086+0.56+0.13 ms clock, 0.68+0.41/0.69/0+1.0 ms cpu, 3->3->1 MB, 4 MB goal, 0 MB stacks, 0 MB globals, 8 P
gc 9924 @61.528s 4%: 0.10+0.43+0.035 ms clock, 0.87+0.60/0.58/0+0.28 ms cpu, 3->3->1 MB, 4 MB goal, 0 MB stacks, 0 MB globals, 8 P
gc 9925 @61.531s 4%: 0.10+0.73+0.080 ms clock, 0.86+0.66/0.57/0+0.64 ms cpu, 3->3->1 MB, 4 MB goal, 0 MB stacks, 0 MB globals, 8 P
gc 9926 @61.533s 4%: 0.11+0.47+0.088 ms clock, 0.94+0.80/0.51/0+0.71 ms cpu, 3->3->1 MB, 4 MB goal, 0 MB stacks, 0 MB globals, 8 P
gc 9927 @61.536s 4%: 0.10+0.52+0.083 ms clock, 0.87+0.70/0.57/0+0.66 ms cpu, 3->3->1 MB, 4 MB goal, 0 MB stacks, 0 MB globals, 8 P
gc 9928 @61.539s 4%: 0.11+0.57+0.11 ms clock, 0.89+0.68/0.60/0+0.92 ms cpu, 3->3->1 MB, 4 MB goal, 0 MB stacks, 0 MB globals, 8 P
gc 9929 @61.542s 4%: 0.093+0.79+0.092 ms clock, 0.74+0.54/0.70/0+0.73 ms cpu, 3->3->1 MB, 4 MB goal, 0 MB stacks, 0 MB globals, 8 P
gc 9930 @61.545s 4%: 0.11+0.77+0.069 ms clock, 0.89+0.53/0.63/0+0.55 ms cpu, 3->3->1 MB, 4 MB goal, 0 MB stacks, 0 MB globals, 8 P
gc 9931 @61.548s 4%: 0.094+0.44+0.10 ms clock, 0.75+0.68/0.55/0+0.86 ms cpu, 3->3->1 MB, 4 MB goal, 0 MB stacks, 0 MB globals, 8 P
gc 9932 @61.550s 4%: 0.061+0.60+0.073 ms clock, 0.49+0.71/0.66/0+0.58 ms cpu, 3->3->1 MB, 4 MB goal, 0 MB stacks, 0 MB globals, 8 P
gc 9933 @61.553s 4%: 0.10+0.55+0.069 ms clock, 0.86+0.67/0.63/0+0.55 ms cpu, 3->3->1 MB, 4 MB goal, 0 MB stacks, 0 MB globals, 8 P
gc 9934 @61.556s 4%: 0.051+0.65+0.10 ms clock, 0.41+0.64/0.74/0+0.82 ms cpu, 3->3->1 MB, 4 MB goal, 0 MB stacks, 0 MB globals, 8 P
gc 9935 @61.559s 4%: 0.077+0.47+0.055 ms clock, 0.62+0.69/0.61/0+0.44 ms cpu, 3->3->1 MB, 4 MB goal, 0 MB stacks, 0 MB globals, 8 P
gc 9936 @61.561s 4%: 0.084+1.1+0.12 ms clock, 0.67+0.63/1.2/0+0.99 ms cpu, 3->4->1 MB, 4 MB goal, 0 MB stacks, 0 MB globals, 8 P
gc 9937 @61.564s 4%: 0.10+0.36+0.11 ms clock, 0.80+0.77/0.47/0+0.90 ms cpu, 3->3->1 MB, 4 MB goal, 0 MB stacks, 0 MB globals, 8 P
gc 9938 @61.567s 4%: 0.094+0.79+0.097 ms clock, 0.75+0.67/0.69/0+0.78 ms cpu, 3->3->1 MB, 4 MB goal, 0 MB stacks, 0 MB globals, 8 P
gc 9939 @61.570s 4%: 0.065+0.52+0.084 ms clock, 0.52+0.60/0.56/0+0.67 ms cpu, 3->3->1 MB, 4 MB goal, 0 MB stacks, 0 MB globals, 8 P
gc 9940 @61.573s 4%: 0.083+0.53+0.10 ms clock, 0.66+0.74/0.56/0+0.83 ms cpu, 3->3->1 MB, 4 MB goal, 0 MB stacks, 0 MB globals, 8 P
gc 9941 @61.575s 4%: 0.11+0.60+0.088 ms clock, 0.93+0.58/0.72/0+0.70 ms cpu, 3->3->1 MB, 4 MB goal, 0 MB stacks, 0 MB globals, 8 P
gc 9942 @61.578s 4%: 0.095+0.49+0.080 ms clock, 0.76+0.68/0.57/0+0.64 ms cpu, 3->3->1 MB, 4 MB goal, 0 MB stacks, 0 MB globals, 8 P
gc 9943 @61.581s 4%: 0.080+0.49+0.078 ms clock, 0.64+0.72/0.62/0+0.63 ms cpu, 3->3->1 MB, 4 MB goal, 0 MB stacks, 0 MB globals, 8 P
gc 9944 @61.584s 4%: 0.064+0.51+0.088 ms clock, 0.51+0.66/0.63/0+0.70 ms cpu, 3->3->1 MB, 4 MB goal, 0 MB stacks, 0 MB globals, 8 P
gc 9945 @61.586s 4%: 0.13+0.52+0.077 ms clock, 1.0+0.58/0.65/0+0.62 ms cpu, 3->3->1 MB, 4 MB goal, 0 MB stacks, 0 MB globals, 8 P
gc 9946 @61.589s 4%: 0.10+0.45+0.053 ms clock, 0.83+0.65/0.64/0+0.42 ms cpu, 3->3->1 MB, 4 MB goal, 0 MB stacks, 0 MB globals, 8 P
gc 9947 @61.592s 4%: 0.087+0.50+0.11 ms clock, 0.70+0.63/0.61/0+0.92 ms cpu, 3->3->1 MB, 4 MB goal, 0 MB stacks, 0 MB globals, 8 P
gc 9948 @61.595s 4%: 0.12+0.45+0.10 ms clock, 1.0+0.74/0.55/0+0.87 ms cpu, 3->3->1 MB, 4 MB goal, 0 MB stacks, 0 MB globals, 8 P
gc 9949 @61.597s 4%: 0.084+0.51+0.066 ms clock, 0.67+0.61/0.57/0+0.53 ms cpu, 3->3->1 MB, 4 MB goal, 0 MB stacks, 0 MB globals, 8 P
gc 9950 @61.600s 4%: 0.10+0.48+0.088 ms clock, 0.84+0.73/0.59/0+0.70 ms cpu, 3->3->1 MB, 4 MB goal, 0 MB stacks, 0 MB globals, 8 P
gc 9951 @61.603s 4%: 0.065+0.56+0.087 ms clock, 0.52+0.74/0.63/0+0.69 ms cpu, 3->3->1 MB, 4 MB goal, 0 MB stacks, 0 MB globals, 8 P
gc 9952 @61.606s 4%: 0.11+0.48+0.10 ms clock, 0.92+0.62/0.58/0+0.82 ms cpu, 3->3->1 MB, 4 MB goal, 0 MB stacks, 0 MB globals, 8 P
gc 9953 @61.608s 4%: 0.11+0.51+0.064 ms clock, 0.94+0.71/0.63/0+0.51 ms cpu, 3->3->1 MB, 4 MB goal, 0 MB stacks, 0 MB globals, 8 P
gc 9954 @61.611s 4%: 0.10+0.51+0.078 ms clock, 0.84+0.63/0.61/0+0.62 ms cpu, 3->3->1 MB, 4 MB goal, 0 MB stacks, 0 MB globals, 8 P
gc 9955 @61.614s 4%: 0.086+0.46+0.11 ms clock, 0.68+0.65/0.57/0+0.89 ms cpu, 3->3->1 MB, 4 MB goal, 0 MB stacks, 0 MB globals, 8 P
gc 9956 @61.617s 4%: 0.11+0.50+0.056 ms clock, 0.93+0.65/0.65/0+0.45 ms cpu, 3->3->1 MB, 4 MB goal, 0 MB stacks, 0 MB globals, 8 P
gc 9957 @61.619s 4%: 0.094+0.49+0.093 ms clock, 0.75+0.70/0.54/0+0.74 ms cpu, 3->3->1 MB, 4 MB goal, 0 MB stacks, 0 MB globals, 8 P
gc 9958 @61.622s 4%: 0.10+0.54+0.061 ms clock, 0.83+0.62/0.71/0+0.49 ms cpu, 3->3->1 MB, 4 MB goal, 0 MB stacks, 0 MB globals, 8 P
gc 9959 @61.625s 4%: 0.055+0.49+0.087 ms clock, 0.44+0.62/0.60/0+0.70 ms cpu, 3->3->1 MB, 4 MB goal, 0 MB stacks, 0 MB globals, 8 P
gc 9960 @61.628s 4%: 0.12+0.61+0.11 ms clock, 0.99+0.71/0.58/0+0.93 ms cpu, 3->3->1 MB, 4 MB goal, 0 MB stacks, 0 MB globals, 8 P
gc 9961 @61.630s 4%: 0.081+0.43+0.061 ms clock, 0.65+0.69/0.58/0+0.49 ms cpu, 3->3->1 MB, 4 MB goal, 0 MB stacks, 0 MB globals, 8 P
gc 9962 @61.633s 4%: 0.085+0.44+0.043 ms clock, 0.68+0.76/0.57/0+0.34 ms cpu, 3->3->1 MB, 4 MB goal, 0 MB stacks, 0 MB globals, 8 P
gc 9963 @61.636s 4%: 0.071+0.41+0.092 ms clock, 0.57+0.70/0.59/0+0.73 ms cpu, 3->3->1 MB, 4 MB goal, 0 MB stacks, 0 MB globals, 8 P
gc 9964 @61.639s 4%: 0.065+0.76+0.12 ms clock, 0.52+0.80/0.58/0+1.0 ms cpu, 3->3->1 MB, 4 MB goal, 0 MB stacks, 0 MB globals, 8 P
gc 9965 @61.641s 4%: 0.12+0.52+0.070 ms clock, 0.98+0.69/0.55/0+0.56 ms cpu, 3->3->1 MB, 4 MB goal, 0 MB stacks, 0 MB globals, 8 P
gc 9966 @61.644s 4%: 0.13+0.72+0.066 ms clock, 1.0+0.49/0.66/0+0.53 ms cpu, 3->3->1 MB, 4 MB goal, 0 MB stacks, 0 MB globals, 8 P
gc 9967 @61.647s 4%: 0.12+0.44+0.085 ms clock, 1.0+0.70/0.57/0+0.68 ms cpu, 3->3->1 MB, 4 MB goal, 0 MB stacks, 0 MB globals, 8 P
gc 9968 @61.650s 4%: 0.10+0.65+0.084 ms clock, 0.81+0.67/0.58/0+0.67 ms cpu, 3->3->1 MB, 4 MB goal, 0 MB stacks, 0 MB globals, 8 P
gc 9969 @61.653s 4%: 0.10+0.56+0.081 ms clock, 0.86+0.68/0.58/0+0.65 ms cpu, 3->3->1 MB, 4 MB goal, 0 MB stacks, 0 MB globals, 8 P
gc 9970 @61.655s 4%: 0.12+0.68+0.050 ms clock, 0.97+0.63/0.70/0+0.40 ms cpu, 3->3->1 MB, 4 MB goal, 0 MB stacks, 0 MB globals, 8 P
gc 9971 @61.658s 4%: 0.13+0.48+0.11 ms clock, 1.0+0.66/0.66/0+0.95 ms cpu, 3->3->1 MB, 4 MB goal, 0 MB stacks, 0 MB globals, 8 P
gc 9972 @61.661s 4%: 0.093+0.70+0.060 ms clock, 0.74+0.72/0.60/0+0.48 ms cpu, 3->3->1 MB, 4 MB goal, 0 MB stacks, 0 MB globals, 8 P
gc 9973 @61.664s 4%: 0.11+0.86+0.082 ms clock, 0.92+0.86/0.74/0+0.66 ms cpu, 3->3->1 MB, 4 MB goal, 0 MB stacks, 0 MB globals, 8 P
gc 9974 @61.667s 4%: 0.12+0.51+0.079 ms clock, 0.98+0.71/0.62/0+0.63 ms cpu, 3->3->1 MB, 4 MB goal, 0 MB stacks, 0 MB globals, 8 P
gc 9975 @61.669s 4%: 0.070+0.52+0.10 ms clock, 0.56+0.60/0.65/0+0.80 ms cpu, 3->3->1 MB, 4 MB goal, 0 MB stacks, 0 MB globals, 8 P
gc 9976 @61.672s 4%: 0.081+0.51+0.12 ms clock, 0.65+0.70/0.63/0+0.99 ms cpu, 3->3->1 MB, 4 MB goal, 0 MB stacks, 0 MB globals, 8 P
gc 9977 @61.675s 4%: 0.080+0.48+0.085 ms clock, 0.64+0.72/0.61/0+0.68 ms cpu, 3->3->1 MB, 4 MB goal, 0 MB stacks, 0 MB globals, 8 P
gc 9978 @61.678s 4%: 0.13+0.51+0.13 ms clock, 1.0+0.57/0.57/0+1.1 ms cpu, 3->3->1 MB, 4 MB goal, 0 MB stacks, 0 MB globals, 8 P
gc 9979 @61.680s 4%: 0.078+0.78+0.078 ms clock, 0.62+0.57/0.64/0+0.62 ms cpu, 3->3->1 MB, 4 MB goal, 0 MB stacks, 0 MB globals, 8 P
gc 9980 @61.683s 4%: 0.074+0.52+0.055 ms clock, 0.59+0.69/0.58/0+0.44 ms cpu, 3->3->1 MB, 4 MB goal, 0 MB stacks, 0 MB globals, 8 P
gc 9981 @61.686s 4%: 0.11+0.55+0.082 ms clock, 0.90+0.74/0.63/0+0.66 ms cpu, 3->3->1 MB, 4 MB goal, 0 MB stacks, 0 MB globals, 8 P
gc 9982 @61.689s 4%: 0.12+0.68+0.062 ms clock, 0.98+0.65/0.59/0+0.50 ms cpu, 3->3->1 MB, 4 MB goal, 0 MB stacks, 0 MB globals, 8 P
gc 9983 @61.692s 4%: 0.14+1.0+0.074 ms clock, 1.1+0.54/0.63/0+0.59 ms cpu, 3->3->1 MB, 4 MB goal, 0 MB stacks, 0 MB globals, 8 P
gc 9984 @61.695s 4%: 0.082+0.51+0.10 ms clock, 0.65+0.63/0.65/0+0.86 ms cpu, 3->3->1 MB, 4 MB goal, 0 MB stacks, 0 MB globals, 8 P
gc 9985 @61.697s 4%: 0.10+0.51+0.070 ms clock, 0.80+0.75/0.68/0+0.56 ms cpu, 3->3->1 MB, 4 MB goal, 0 MB stacks, 0 MB globals, 8 P
gc 9986 @61.700s 4%: 0.072+0.74+0.099 ms clock, 0.57+0.67/0.67/0+0.79 ms cpu, 3->3->1 MB, 4 MB goal, 0 MB stacks, 0 MB globals, 8 P
gc 9987 @61.703s 4%: 0.097+0.52+0.086 ms clock, 0.77+0.77/0.61/0+0.68 ms cpu, 3->3->1 MB, 4 MB goal, 0 MB stacks, 0 MB globals, 8 P
gc 9988 @61.706s 4%: 0.077+0.55+0.10 ms clock, 0.61+0.63/0.68/0+0.84 ms cpu, 3->3->1 MB, 4 MB goal, 0 MB stacks, 0 MB globals, 8 P
gc 9989 @61.709s 4%: 0.12+0.90+0.085 ms clock, 0.98+0.55/0.69/0+0.68 ms cpu, 3->3->1 MB, 4 MB goal, 0 MB stacks, 0 MB globals, 8 P
gc 9990 @61.711s 4%: 0.10+0.49+0.096 ms clock, 0.86+0.67/0.59/0+0.77 ms cpu, 3->3->1 MB, 4 MB goal, 0 MB stacks, 0 MB globals, 8 P
gc 9991 @61.714s 4%: 0.097+0.52+0.12 ms clock, 0.78+0.72/0.65/0+1.0 ms cpu, 3->3->1 MB, 4 MB goal, 0 MB stacks, 0 MB globals, 8 P
gc 9992 @61.717s 4%: 0.078+0.57+0.095 ms clock, 0.62+0.60/0.66/0+0.76 ms cpu, 3->3->1 MB, 4 MB goal, 0 MB stacks, 0 MB globals, 8 P
gc 9993 @61.720s 4%: 0.067+0.58+0.15 ms clock, 0.54+0.58/0.63/0+1.2 ms cpu, 3->3->1 MB, 4 MB goal, 0 MB stacks, 0 MB globals, 8 P
gc 9994 @61.722s 4%: 0.053+0.65+0.094 ms clock, 0.43+0.71/0.44/0+0.75 ms cpu, 3->3->1 MB, 4 MB goal, 0 MB stacks, 0 MB globals, 8 P
gc 9995 @61.725s 4%: 0.10+0.83+0.041 ms clock, 0.87+0.79/0.63/0+0.33 ms cpu, 3->3->1 MB, 4 MB goal, 0 MB stacks, 0 MB globals, 8 P
gc 9996 @61.728s 4%: 0.12+0.46+0.084 ms clock, 0.98+0.64/0.61/0+0.67 ms cpu, 3->3->1 MB, 4 MB goal, 0 MB stacks, 0 MB globals, 8 P
gc 9997 @61.731s 4%: 0.10+0.56+0.15 ms clock, 0.84+0.70/0.74/0+1.2 ms cpu, 3->3->1 MB, 4 MB goal, 0 MB stacks, 0 MB globals, 8 P
gc 9998 @61.734s 4%: 0.079+0.45+0.075 ms clock, 0.63+0.68/0.55/0+0.60 ms cpu, 3->3->1 MB, 4 MB goal, 0 MB stacks, 0 MB globals, 8 P
gc 9999 @61.736s 4%: 0.094+0.48+0.054 ms clock, 0.75+0.69/0.50/0+0.43 ms cpu, 3->3->1 MB, 4 MB goal, 0 MB stacks, 0 MB globals, 8 P
gc 10000 @61.739s 4%: 0.11+0.72+0.085 ms clock, 0.89+0.67/0.61/0+0.68 ms cpu, 3->3->1 MB, 4 MB goal, 0 MB stacks, 0 MB globals, 8 P
gc 10001 @61.742s 4%: 0.13+0.53+0.094 ms clock, 1.1+0.67/0.60/0+0.75 ms cpu, 3->3->1 MB, 4 MB goal, 0 MB stacks, 0 MB globals, 8 P
gc 10002 @61.745s 4%: 0.085+1.0+0.10 ms clock, 0.68+0.55/0.61/0+0.80 ms cpu, 3->3->1 MB, 4 MB goal, 0 MB stacks, 0 MB globals, 8 P
gc 10003 @61.748s 4%: 0.14+0.66+0.068 ms clock, 1.1+0.68/0.62/0+0.55 ms cpu, 3->3->1 MB, 4 MB goal, 0 MB stacks, 0 MB globals, 8 P
gc 10004 @61.751s 4%: 0.12+0.45+0.044 ms clock, 0.97+0.68/0.58/0+0.35 ms cpu, 3->3->1 MB, 4 MB goal, 0 MB stacks, 0 MB globals, 8 P
gc 10005 @61.753s 4%: 0.12+0.51+0.078 ms clock, 0.96+0.72/0.59/0+0.62 ms cpu, 3->3->1 MB, 4 MB goal, 0 MB stacks, 0 MB globals, 8 P
gc 10006 @61.756s 4%: 0.13+0.73+0.10 ms clock, 1.0+0.67/0.63/0+0.87 ms cpu, 3->3->1 MB, 4 MB goal, 0 MB stacks, 0 MB globals, 8 P
gc 10007 @61.759s 4%: 0.13+0.53+0.11 ms clock, 1.0+0.60/0.64/0+0.90 ms cpu, 3->3->1 MB, 4 MB goal, 0 MB stacks, 0 MB globals, 8 P
gc 10008 @61.762s 4%: 0.10+0.50+0.058 ms clock, 0.86+0.60/0.60/0+0.46 ms cpu, 3->3->1 MB, 4 MB goal, 0 MB stacks, 0 MB globals, 8 P
gc 10009 @61.764s 4%: 0.13+0.53+0.087 ms clock, 1.0+0.63/0.64/0+0.69 ms cpu, 3->3->1 MB, 4 MB goal, 0 MB stacks, 0 MB globals, 8 P
gc 10010 @61.767s 4%: 0.14+0.84+0.041 ms clock, 1.1+0.52/0.62/0+0.33 ms cpu, 3->3->1 MB, 4 MB goal, 0 MB stacks, 0 MB globals, 8 P
gc 10011 @61.770s 4%: 0.086+0.49+0.13 ms clock, 0.69+0.66/0.56/0+1.0 ms cpu, 3->3->1 MB, 4 MB goal, 0 MB stacks, 0 MB globals, 8 P
gc 10012 @61.773s 4%: 0.12+0.81+0.019 ms clock, 1.0+0.65/0.65/0+0.15 ms cpu, 3->3->1 MB, 4 MB goal, 0 MB stacks, 0 MB globals, 8 P
gc 10013 @61.776s 4%: 0.12+0.41+0.069 ms clock, 0.96+0.62/0.56/0+0.55 ms cpu, 3->3->1 MB, 4 MB goal, 0 MB stacks, 0 MB globals, 8 P
gc 10014 @61.778s 4%: 0.094+0.56+0.057 ms clock, 0.75+0.68/0.64/0+0.46 ms cpu, 3->3->1 MB, 4 MB goal, 0 MB stacks, 0 MB globals, 8 P
gc 10015 @61.781s 4%: 0.074+0.54+0.080 ms clock, 0.59+0.68/0.70/0+0.64 ms cpu, 3->3->1 MB, 4 MB goal, 0 MB stacks, 0 MB globals, 8 P
gc 10016 @61.784s 4%: 0.13+0.53+0.080 ms clock, 1.0+0.71/0.58/0+0.64 ms cpu, 3->3->1 MB, 4 MB goal, 0 MB stacks, 0 MB globals, 8 P
gc 10017 @61.787s 4%: 0.13+0.44+0.071 ms clock, 1.0+0.57/0.59/0+0.57 ms cpu, 3->3->1 MB, 4 MB goal, 0 MB stacks, 0 MB globals, 8 P
gc 10018 @61.789s 4%: 0.090+0.70+0.078 ms clock, 0.72+0.45/0.72/0+0.62 ms cpu, 3->3->1 MB, 4 MB goal, 0 MB stacks, 0 MB globals, 8 P
gc 10019 @61.792s 4%: 0.098+0.47+0.066 ms clock, 0.78+0.65/0.54/0+0.53 ms cpu, 3->3->1 MB, 4 MB goal, 0 MB stacks, 0 MB globals, 8 P
gc 10020 @61.795s 4%: 0.10+0.48+0.041 ms clock, 0.80+0.73/0.62/0+0.32 ms cpu, 3->3->1 MB, 4 MB goal, 0 MB stacks, 0 MB globals, 8 P
gc 10021 @61.798s 4%: 0.091+0.50+0.12 ms clock, 0.73+0.66/0.63/0+1.0 ms cpu, 3->3->1 MB, 4 MB goal, 0 MB stacks, 0 MB globals, 8 P
gc 10022 @61.801s 4%: 0.084+0.57+0.074 ms clock, 0.67+0.47/0.63/0+0.59 ms cpu, 3->3->1 MB, 4 MB goal, 0 MB stacks, 0 MB globals, 8 P
gc 10023 @61.803s 4%: 0.10+0.48+0.050 ms clock, 0.83+0.59/0.55/0+0.40 ms cpu, 3->3->1 MB, 4 MB goal, 0 MB stacks, 0 MB globals, 8 P
gc 10024 @61.806s 4%: 0.10+0.55+0.097 ms clock, 0.84+0.67/0.70/0+0.77 ms cpu, 3->3->1 MB, 4 MB goal, 0 MB stacks, 0 MB globals, 8 P
gc 10025 @61.809s 4%: 0.10+0.56+0.10 ms clock, 0.87+0.56/0.61/0+0.82 ms cpu, 3->3->1 MB, 4 MB goal, 0 MB stacks, 0 MB globals, 8 P
gc 10026 @61.812s 4%: 0.10+0.55+0.10 ms clock, 0.84+0.61/0.69/0+0.81 ms cpu, 3->3->1 MB, 4 MB goal, 0 MB stacks, 0 MB globals, 8 P
gc 10027 @61.814s 4%: 0.12+0.66+0.066 ms clock, 0.97+0.74/0.75/0+0.53 ms cpu, 3->3->1 MB, 4 MB goal, 0 MB stacks, 0 MB globals, 8 P
gc 10028 @61.817s 4%: 0.10+0.75+0.091 ms clock, 0.84+0.60/0.64/0+0.73 ms cpu, 3->3->1 MB, 4 MB goal, 0 MB stacks, 0 MB globals, 8 P
gc 10029 @61.820s 4%: 0.10+0.53+0.13 ms clock, 0.87+0.67/0.54/0+1.0 ms cpu, 3->3->1 MB, 4 MB goal, 0 MB stacks, 0 MB globals, 8 P
gc 10030 @61.823s 4%: 0.10+0.54+0.076 ms clock, 0.84+0.59/0.58/0+0.61 ms cpu, 3->3->1 MB, 4 MB goal, 0 MB stacks, 0 MB globals, 8 P
gc 10031 @61.825s 4%: 0.080+0.79+0.079 ms clock, 0.64+0.67/0.66/0+0.63 ms cpu, 3->3->1 MB, 4 MB goal, 0 MB stacks, 0 MB globals, 8 P
gc 10032 @61.828s 4%: 0.073+0.53+0.11 ms clock, 0.59+0.69/0.64/0+0.91 ms cpu, 3->3->1 MB, 4 MB goal, 0 MB stacks, 0 MB globals, 8 P
gc 10033 @61.831s 4%: 0.076+0.51+0.10 ms clock, 0.61+0.61/0.71/0+0.80 ms cpu, 3->3->1 MB, 4 MB goal, 0 MB stacks, 0 MB globals, 8 P
gc 10034 @61.834s 4%: 0.096+0.48+0.096 ms clock, 0.77+0.59/0.53/0+0.77 ms cpu, 3->3->1 MB, 4 MB goal, 0 MB stacks, 0 MB globals, 8 P
gc 10035 @61.837s 4%: 0.073+0.63+0.081 ms clock, 0.59+0.61/0.57/0+0.64 ms cpu, 3->3->1 MB, 4 MB goal, 0 MB stacks, 0 MB globals, 8 P
gc 10036 @61.839s 4%: 0.11+0.44+0.082 ms clock, 0.94+0.76/0.56/0+0.65 ms cpu, 3->3->1 MB, 4 MB goal, 0 MB stacks, 0 MB globals, 8 P
gc 10037 @61.842s 4%: 0.10+0.51+0.064 ms clock, 0.87+0.71/0.62/0+0.51 ms cpu, 3->3->1 MB, 4 MB goal, 0 MB stacks, 0 MB globals, 8 P
gc 10038 @61.845s 4%: 0.045+0.53+0.070 ms clock, 0.36+0.62/0.68/0+0.56 ms cpu, 3->3->1 MB, 4 MB goal, 0 MB stacks, 0 MB globals, 8 P
gc 10039 @61.848s 4%: 0.099+0.80+0.095 ms clock, 0.79+0.61/0.65/0+0.76 ms cpu, 3->3->1 MB, 4 MB goal, 0 MB stacks, 0 MB globals, 8 P
gc 10040 @61.851s 4%: 0.098+1.1+0.10 ms clock, 0.79+0.50/0.64/0+0.84 ms cpu, 3->4->1 MB, 4 MB goal, 0 MB stacks, 0 MB globals, 8 P
gc 10041 @61.854s 4%: 0.10+0.59+0.023 ms clock, 0.84+0.74/0.63/0+0.18 ms cpu, 3->3->1 MB, 4 MB goal, 0 MB stacks, 0 MB globals, 8 P
gc 10042 @61.856s 4%: 0.10+0.50+0.071 ms clock, 0.81+0.68/0.65/0+0.57 ms cpu, 3->3->1 MB, 4 MB goal, 0 MB stacks, 0 MB globals, 8 P
gc 10043 @61.859s 4%: 0.12+0.47+0.081 ms clock, 0.98+0.77/0.55/0+0.65 ms cpu, 3->3->1 MB, 4 MB goal, 0 MB stacks, 0 MB globals, 8 P
gc 10044 @61.862s 4%: 0.050+0.50+0.049 ms clock, 0.40+0.57/0.64/0+0.39 ms cpu, 3->3->1 MB, 4 MB goal, 0 MB stacks, 0 MB globals, 8 P
gc 10045 @61.865s 4%: 0.10+0.69+0.087 ms clock, 0.87+0.61/0.60/0+0.69 ms cpu, 3->3->1 MB, 4 MB goal, 0 MB stacks, 0 MB globals, 8 P
gc 10046 @61.867s 4%: 0.069+0.60+0.078 ms clock, 0.55+0.68/0.61/0+0.62 ms cpu, 3->3->1 MB, 4 MB goal, 0 MB stacks, 0 MB globals, 8 P
gc 10047 @61.870s 4%: 0.077+0.48+0.050 ms clock, 0.62+0.72/0.53/0+0.40 ms cpu, 3->3->1 MB, 4 MB goal, 0 MB stacks, 0 MB globals, 8 P
gc 10048 @61.873s 4%: 0.11+0.49+0.10 ms clock, 0.93+0.68/0.62/0+0.86 ms cpu, 3->3->1 MB, 4 MB goal, 0 MB stacks, 0 MB globals, 8 P
gc 10049 @61.876s 4%: 0.14+0.85+0.095 ms clock, 1.1+0.52/0.64/0+0.76 ms cpu, 3->3->1 MB, 4 MB goal, 0 MB stacks, 0 MB globals, 8 P
gc 10050 @61.879s 4%: 0.073+0.50+0.088 ms clock, 0.59+0.65/0.65/0+0.70 ms cpu, 3->3->1 MB, 4 MB goal, 0 MB stacks, 0 MB globals, 8 P
gc 10051 @61.881s 4%: 0.094+0.63+0.072 ms clock, 0.75+0.61/0.61/0+0.58 ms cpu, 3->3->1 MB, 4 MB goal, 0 MB stacks, 0 MB globals, 8 P
gc 10052 @61.884s 4%: 0.10+0.52+0.13 ms clock, 0.83+0.62/0.62/0+1.0 ms cpu, 3->3->1 MB, 4 MB goal, 0 MB stacks, 0 MB globals, 8 P
gc 10053 @61.887s 4%: 0.10+0.93+0.099 ms clock, 0.84+0.64/0.68/0+0.79 ms cpu, 3->3->1 MB, 4 MB goal, 0 MB stacks, 0 MB globals, 8 P
gc 10054 @61.890s 4%: 0.13+0.52+0.081 ms clock, 1.0+0.71/0.67/0+0.65 ms cpu, 3->3->1 MB, 4 MB goal, 0 MB stacks, 0 MB globals, 8 P
gc 10055 @61.893s 4%: 0.12+0.43+0.12 ms clock, 1.0+0.75/0.59/0+0.97 ms cpu, 3->3->1 MB, 4 MB goal, 0 MB stacks, 0 MB globals, 8 P
gc 10056 @61.895s 4%: 0.10+0.89+0.078 ms clock, 0.87+0.71/0.58/0+0.62 ms cpu, 3->3->1 MB, 4 MB goal, 0 MB stacks, 0 MB globals, 8 P
gc 10057 @61.898s 4%: 0.10+0.41+0.055 ms clock, 0.85+0.70/0.57/0+0.44 ms cpu, 3->3->1 MB, 4 MB goal, 0 MB stacks, 0 MB globals, 8 P
gc 10058 @61.901s 4%: 0.099+0.49+0.11 ms clock, 0.79+0.51/0.53/0+0.88 ms cpu, 3->3->1 MB, 4 MB goal, 0 MB stacks, 0 MB globals, 8 P
gc 10059 @61.904s 4%: 0.10+0.41+0.083 ms clock, 0.81+0.66/0.59/0+0.66 ms cpu, 3->3->1 MB, 4 MB goal, 0 MB stacks, 0 MB globals, 8 P
gc 10060 @61.906s 4%: 0.10+0.62+0.062 ms clock, 0.82+0.50/0.60/0+0.49 ms cpu, 3->3->1 MB, 4 MB goal, 0 MB stacks, 0 MB globals, 8 P
gc 10061 @61.909s 4%: 0.068+0.47+0.090 ms clock, 0.54+0.59/0.67/0+0.72 ms cpu, 3->3->1 MB, 4 MB goal, 0 MB stacks, 0 MB globals, 8 P
gc 10062 @61.912s 4%: 0.10+0.44+0.058 ms clock, 0.84+0.70/0.57/0+0.46 ms cpu, 3->3->1 MB, 4 MB goal, 0 MB stacks, 0 MB globals, 8 P
gc 10063 @61.915s 4%: 0.11+0.90+0.060 ms clock, 0.89+0.59/0.60/0+0.48 ms cpu, 3->3->1 MB, 4 MB goal, 0 MB stacks, 0 MB globals, 8 P
gc 10064 @61.918s 4%: 0.12+0.50+0.089 ms clock, 0.97+0.70/0.56/0+0.71 ms cpu, 3->3->1 MB, 4 MB goal, 0 MB stacks, 0 MB globals, 8 P
gc 10065 @61.920s 4%: 0.10+0.72+0.090 ms clock, 0.86+0.99/0.68/0+0.72 ms cpu, 3->3->1 MB, 4 MB goal, 0 MB stacks, 0 MB globals, 8 P
gc 10066 @61.923s 4%: 0.062+0.57+0.096 ms clock, 0.50+0.63/0.61/0+0.76 ms cpu, 3->3->1 MB, 4 MB goal, 0 MB stacks, 0 MB globals, 8 P
gc 10067 @61.926s 4%: 0.10+0.52+0.027 ms clock, 0.86+0.58/0.57/0+0.21 ms cpu, 3->3->1 MB, 4 MB goal, 0 MB stacks, 0 MB globals, 8 P
gc 10068 @61.929s 4%: 0.10+0.50+0.10 ms clock, 0.82+0.63/0.65/0+0.80 ms cpu, 3->3->1 MB, 4 MB goal, 0 MB stacks, 0 MB globals, 8 P
gc 10069 @61.932s 4%: 0.066+0.46+0.066 ms clock, 0.53+0.67/0.60/0+0.53 ms cpu, 3->3->1 MB, 4 MB goal, 0 MB stacks, 0 MB globals, 8 P
gc 10070 @61.934s 4%: 0.11+0.92+0.12 ms clock, 0.94+0.75/0.58/0+0.97 ms cpu, 3->3->1 MB, 4 MB goal, 0 MB stacks, 0 MB globals, 8 P
gc 10071 @61.937s 4%: 0.11+0.90+0.079 ms clock, 0.93+0.56/0.67/0+0.63 ms cpu, 3->4->1 MB, 4 MB goal, 0 MB stacks, 0 MB globals, 8 P
gc 10072 @61.940s 4%: 0.097+0.86+0.084 ms clock, 0.78+0.65/0.69/0+0.67 ms cpu, 3->3->1 MB, 4 MB goal, 0 MB stacks, 0 MB globals, 8 P
gc 10073 @61.943s 4%: 0.068+0.60+0.045 ms clock, 0.54+0.73/0.56/0+0.36 ms cpu, 3->3->1 MB, 4 MB goal, 0 MB stacks, 0 MB globals, 8 P
gc 10074 @61.946s 4%: 0.11+0.69+0.093 ms clock, 0.91+0.57/0.58/0+0.74 ms cpu, 3->3->1 MB, 4 MB goal, 0 MB stacks, 0 MB globals, 8 P
gc 10075 @61.949s 4%: 0.12+0.49+0.097 ms clock, 1.0+0.67/0.58/0+0.77 ms cpu, 3->3->1 MB, 4 MB goal, 0 MB stacks, 0 MB globals, 8 P
gc 10076 @61.951s 4%: 0.11+0.55+0.090 ms clock, 0.95+0.62/0.68/0+0.72 ms cpu, 3->3->1 MB, 4 MB goal, 0 MB stacks, 0 MB globals, 8 P
gc 10077 @61.954s 4%: 0.13+0.56+0.056 ms clock, 1.0+0.64/0.60/0+0.45 ms cpu, 3->3->1 MB, 4 MB goal, 0 MB stacks, 0 MB globals, 8 P
gc 10078 @61.957s 4%: 0.090+0.50+0.055 ms clock, 0.72+0.66/0.59/0+0.44 ms cpu, 3->3->1 MB, 4 MB goal, 0 MB stacks, 0 MB globals, 8 P
gc 10079 @61.960s 4%: 0.15+0.53+0.077 ms clock, 1.2+0.72/0.60/0+0.61 ms cpu, 3->3->1 MB, 4 MB goal, 0 MB stacks, 0 MB globals, 8 P
gc 10080 @61.962s 4%: 0.12+1.0+0.087 ms clock, 1.0+0.58/0.64/0+0.70 ms cpu, 3->3->1 MB, 4 MB goal, 0 MB stacks, 0 MB globals, 8 P
gc 10081 @61.965s 4%: 0.082+0.37+0.087 ms clock, 0.65+0.75/0.55/0+0.69 ms cpu, 3->3->1 MB, 4 MB goal, 0 MB stacks, 0 MB globals, 8 P
gc 10082 @61.968s 4%: 0.094+0.47+0.086 ms clock, 0.75+0.61/0.61/0+0.69 ms cpu, 3->3->1 MB, 4 MB goal, 0 MB stacks, 0 MB globals, 8 P
gc 10083 @61.971s 4%: 0.079+0.61+0.10 ms clock, 0.63+0.55/0.64/0+0.80 ms cpu, 3->3->1 MB, 4 MB goal, 0 MB stacks, 0 MB globals, 8 P
gc 10084 @61.973s 4%: 0.11+0.50+0.057 ms clock, 0.90+0.77/0.64/0+0.46 ms cpu, 3->3->1 MB, 4 MB goal, 0 MB stacks, 0 MB globals, 8 P
gc 10085 @61.976s 4%: 0.077+0.68+0.070 ms clock, 0.61+1.0/0.71/0+0.56 ms cpu, 3->3->1 MB, 4 MB goal, 0 MB stacks, 0 MB globals, 8 P
gc 10086 @61.979s 4%: 0.098+0.52+0.11 ms clock, 0.79+0.59/0.63/0+0.93 ms cpu, 3->3->1 MB, 4 MB goal, 0 MB stacks, 0 MB globals, 8 P
gc 10087 @61.982s 4%: 0.088+0.56+0.10 ms clock, 0.70+0.63/0.66/0+0.86 ms cpu, 3->3->1 MB, 4 MB goal, 0 MB stacks, 0 MB globals, 8 P
gc 10088 @61.985s 4%: 0.085+0.46+0.10 ms clock, 0.68+0.66/0.58/0+0.81 ms cpu, 3->3->1 MB, 4 MB goal, 0 MB stacks, 0 MB globals, 8 P
gc 10089 @61.987s 4%: 0.13+0.41+0.090 ms clock, 1.0+0.67/0.53/0+0.72 ms cpu, 3->3->1 MB, 4 MB goal, 0 MB stacks, 0 MB globals, 8 P
gc 10090 @61.990s 4%: 0.091+0.51+0.098 ms clock, 0.73+0.55/0.63/0+0.78 ms cpu, 3->3->1 MB, 4 MB goal, 0 MB stacks, 0 MB globals, 8 P
gc 10091 @61.993s 4%: 0.13+0.52+0.085 ms clock, 1.0+0.61/0.65/0+0.68 ms cpu, 3->3->1 MB, 4 MB goal, 0 MB stacks, 0 MB globals, 8 P
gc 10092 @61.996s 4%: 0.050+0.56+0.086 ms clock, 0.40+0.69/0.61/0+0.68 ms cpu, 3->3->1 MB, 4 MB goal, 0 MB stacks, 0 MB globals, 8 P
gc 10093 @61.998s 4%: 0.12+0.50+0.062 ms clock, 1.0+0.62/0.52/0+0.50 ms cpu, 3->3->1 MB, 4 MB goal, 0 MB stacks, 0 MB globals, 8 P
gc 10094 @62.001s 4%: 0.091+0.87+0.095 ms clock, 0.73+0.72/0.62/0+0.76 ms cpu, 3->3->1 MB, 4 MB goal, 0 MB stacks, 0 MB globals, 8 P
gc 10095 @62.004s 4%: 0.061+0.93+0.15 ms clock, 0.48+0.69/0.62/0+1.2 ms cpu, 3->4->1 MB, 4 MB goal, 0 MB stacks, 0 MB globals, 8 P
gc 10096 @62.007s 4%: 0.10+0.48+0.11 ms clock, 0.86+0.72/0.53/0+0.90 ms cpu, 3->3->1 MB, 4 MB goal, 0 MB stacks, 0 MB globals, 8 P
gc 10097 @62.010s 4%: 0.12+0.56+0.11 ms clock, 1.0+0.58/0.74/0+0.90 ms cpu, 3->3->1 MB, 4 MB goal, 0 MB stacks, 0 MB globals, 8 P
gc 10098 @62.012s 4%: 0.082+0.45+0.059 ms clock, 0.65+0.73/0.54/0+0.47 ms cpu, 3->3->1 MB, 4 MB goal, 0 MB stacks, 0 MB globals, 8 P
gc 10099 @62.015s 4%: 0.10+0.46+0.095 ms clock, 0.86+0.74/0.54/0+0.76 ms cpu, 3->3->1 MB, 4 MB goal, 0 MB stacks, 0 MB globals, 8 P
gc 10100 @62.018s 4%: 0.085+0.62+0.068 ms clock, 0.68+0.64/0.77/0+0.55 ms cpu, 3->3->1 MB, 4 MB goal, 0 MB stacks, 0 MB globals, 8 P
gc 10101 @62.021s 4%: 0.11+0.77+0.076 ms clock, 0.90+0.66/0.64/0+0.61 ms cpu, 3->3->1 MB, 4 MB goal, 0 MB stacks, 0 MB globals, 8 P
gc 10102 @62.024s 4%: 0.12+0.54+0.087 ms clock, 0.96+0.63/0.55/0+0.70 ms cpu, 3->3->1 MB, 4 MB goal, 0 MB stacks, 0 MB globals, 8 P
gc 10103 @62.026s 4%: 0.091+0.39+0.046 ms clock, 0.72+0.63/0.59/0+0.36 ms cpu, 3->3->1 MB, 4 MB goal, 0 MB stacks, 0 MB globals, 8 P
gc 10104 @62.029s 4%: 0.080+0.47+0.058 ms clock, 0.64+0.64/0.63/0+0.46 ms cpu, 3->3->1 MB, 4 MB goal, 0 MB stacks, 0 MB globals, 8 P
gc 10105 @62.032s 4%: 0.088+0.65+0.081 ms clock, 0.70+0.66/0.68/0+0.64 ms cpu, 3->3->1 MB, 4 MB goal, 0 MB stacks, 0 MB globals, 8 P
gc 10106 @62.035s 4%: 0.10+0.48+0.062 ms clock, 0.84+0.72/0.58/0+0.49 ms cpu, 3->3->1 MB, 4 MB goal, 0 MB stacks, 0 MB globals, 8 P
gc 10107 @62.038s 4%: 0.070+0.59+0.094 ms clock, 0.56+0.63/0.69/0+0.75 ms cpu, 3->3->1 MB, 4 MB goal, 0 MB stacks, 0 MB globals, 8 P
gc 10108 @62.040s 4%: 0.10+0.45+0.10 ms clock, 0.83+0.57/0.64/0+0.83 ms cpu, 3->3->1 MB, 4 MB goal, 0 MB stacks, 0 MB globals, 8 P
gc 10109 @62.043s 4%: 0.12+0.58+0.091 ms clock, 1.0+0.70/0.66/0+0.72 ms cpu, 3->3->1 MB, 4 MB goal, 0 MB stacks, 0 MB globals, 8 P
gc 10110 @62.046s 4%: 0.088+0.49+0.066 ms clock, 0.70+0.56/0.60/0+0.53 ms cpu, 3->3->1 MB, 4 MB goal, 0 MB stacks, 0 MB globals, 8 P
gc 10111 @62.049s 4%: 0.10+0.46+0.094 ms clock, 0.85+0.66/0.59/0+0.75 ms cpu, 3->3->1 MB, 4 MB goal, 0 MB stacks, 0 MB globals, 8 P
gc 10112 @62.051s 4%: 0.10+0.49+0.049 ms clock, 0.81+0.65/0.64/0+0.39 ms cpu, 3->3->1 MB, 4 MB goal, 0 MB stacks, 0 MB globals, 8 P
gc 10113 @62.054s 4%: 0.12+0.47+0.074 ms clock, 0.98+0.61/0.63/0+0.59 ms cpu, 3->3->1 MB, 4 MB goal, 0 MB stacks, 0 MB globals, 8 P
gc 10114 @62.057s 4%: 0.13+0.61+0.037 ms clock, 1.0+1.1/0.61/0+0.30 ms cpu, 3->3->1 MB, 4 MB goal, 0 MB stacks, 0 MB globals, 8 P
gc 10115 @62.060s 4%: 0.13+0.45+0.062 ms clock, 1.0+0.67/0.53/0+0.49 ms cpu, 3->3->1 MB, 4 MB goal, 0 MB stacks, 0 MB globals, 8 P
gc 10116 @62.062s 4%: 0.080+0.48+0.060 ms clock, 0.64+0.66/0.57/0+0.48 ms cpu, 3->3->1 MB, 4 MB goal, 0 MB stacks, 0 MB globals, 8 P
gc 10117 @62.065s 4%: 0.085+0.43+0.11 ms clock, 0.68+0.71/0.57/0+0.88 ms cpu, 3->3->1 MB, 4 MB goal, 0 MB stacks, 0 MB globals, 8 P
gc 10118 @62.068s 4%: 0.074+0.95+0.045 ms clock, 0.59+0.70/0.63/0+0.36 ms cpu, 3->4->1 MB, 4 MB goal, 0 MB stacks, 0 MB globals, 8 P
gc 10119 @62.071s 4%: 0.11+0.45+0.093 ms clock, 0.91+0.65/0.59/0+0.74 ms cpu, 3->3->1 MB, 4 MB goal, 0 MB stacks, 0 MB globals, 8 P
gc 10120 @62.074s 4%: 0.12+0.45+0.092 ms clock, 1.0+0.72/0.49/0+0.73 ms cpu, 3->3->1 MB, 4 MB goal, 0 MB stacks, 0 MB globals, 8 P
gc 10121 @62.076s 4%: 0.069+0.69+0.098 ms clock, 0.55+0.65/0.57/0+0.78 ms cpu, 3->3->1 MB, 4 MB goal, 0 MB stacks, 0 MB globals, 8 P
gc 10122 @62.079s 4%: 0.13+0.82+0.071 ms clock, 1.0+0.69/0.57/0+0.57 ms cpu, 3->3->1 MB, 4 MB goal, 0 MB stacks, 0 MB globals, 8 P
gc 10123 @62.082s 4%: 0.10+0.60+0.080 ms clock, 0.83+0.59/0.58/0+0.64 ms cpu, 3->3->1 MB, 4 MB goal, 0 MB stacks, 0 MB globals, 8 P
gc 10124 @62.085s 4%: 0.078+0.47+0.046 ms clock, 0.63+0.63/0.63/0+0.37 ms cpu, 3->3->1 MB, 4 MB goal, 0 MB stacks, 0 MB globals, 8 P
gc 10125 @62.087s 4%: 0.071+0.76+0.089 ms clock, 0.56+0.63/0.53/0+0.71 ms cpu, 3->3->1 MB, 4 MB goal, 0 MB stacks, 0 MB globals, 8 P
gc 10126 @62.090s 4%: 0.072+0.83+0.055 ms clock, 0.58+0.46/0.62/0+0.44 ms cpu, 3->3->1 MB, 4 MB goal, 0 MB stacks, 0 MB globals, 8 P
gc 10127 @62.093s 4%: 0.14+0.77+0.085 ms clock, 1.1+0.58/0.66/0+0.68 ms cpu, 3->3->1 MB, 4 MB goal, 0 MB stacks, 0 MB globals, 8 P
gc 10128 @62.096s 4%: 0.076+0.65+0.092 ms clock, 0.61+0.69/0.64/0+0.74 ms cpu, 3->3->1 MB, 4 MB goal, 0 MB stacks, 0 MB globals, 8 P
gc 10129 @62.099s 4%: 0.13+0.51+0.094 ms clock, 1.0+0.60/0.60/0+0.75 ms cpu, 3->3->1 MB, 4 MB goal, 0 MB stacks, 0 MB globals, 8 P
gc 10130 @62.102s 4%: 0.090+0.44+0.046 ms clock, 0.72+0.72/0.57/0+0.37 ms cpu, 3->3->1 MB, 4 MB goal, 0 MB stacks, 0 MB globals, 8 P
gc 10131 @62.104s 4%: 0.097+0.53+0.12 ms clock, 0.77+0.77/0.58/0+0.99 ms cpu, 3->3->1 MB, 4 MB goal, 0 MB stacks, 0 MB globals, 8 P
gc 10132 @62.107s 4%: 0.098+0.46+0.099 ms clock, 0.79+0.58/0.60/0+0.79 ms cpu, 3->3->1 MB, 4 MB goal, 0 MB stacks, 0 MB globals, 8 P
gc 10133 @62.110s 4%: 0.094+0.38+0.061 ms clock, 0.75+0.62/0.53/0+0.49 ms cpu, 3->3->1 MB, 4 MB goal, 0 MB stacks, 0 MB globals, 8 P
gc 10134 @62.113s 4%: 0.074+0.45+0.060 ms clock, 0.59+0.64/0.66/0+0.48 ms cpu, 3->3->1 MB, 4 MB goal, 0 MB stacks, 0 MB globals, 8 P
gc 10135 @62.115s 4%: 0.086+0.55+0.099 ms clock, 0.69+0.78/0.56/0+0.79 ms cpu, 3->3->1 MB, 4 MB goal, 0 MB stacks, 0 MB globals, 8 P
gc 10136 @62.118s 4%: 0.10+0.38+0.097 ms clock, 0.84+0.69/0.50/0+0.77 ms cpu, 3->3->1 MB, 4 MB goal, 0 MB stacks, 0 MB globals, 8 P
gc 10137 @62.121s 4%: 0.11+0.42+0.069 ms clock, 0.95+0.69/0.56/0+0.55 ms cpu, 3->3->1 MB, 4 MB goal, 0 MB stacks, 0 MB globals, 8 P
gc 10138 @62.123s 4%: 0.065+0.94+0.084 ms clock, 0.52+0.70/0.58/0+0.67 ms cpu, 3->3->1 MB, 4 MB goal, 0 MB stacks, 0 MB globals, 8 P
gc 10139 @62.126s 4%: 0.10+0.45+0.046 ms clock, 0.83+0.75/0.47/0+0.36 ms cpu, 3->3->1 MB, 4 MB goal, 0 MB stacks, 0 MB globals, 8 P
gc 10140 @62.129s 4%: 0.10+0.49+0.090 ms clock, 0.83+0.63/0.59/0+0.72 ms cpu, 3->3->1 MB, 4 MB goal, 0 MB stacks, 0 MB globals, 8 P
gc 10141 @62.132s 4%: 0.10+0.46+0.13 ms clock, 0.87+0.67/0.63/0+1.1 ms cpu, 3->3->1 MB, 4 MB goal, 0 MB stacks, 0 MB globals, 8 P
gc 10142 @62.134s 4%: 0.13+0.49+0.049 ms clock, 1.0+0.67/0.64/0+0.39 ms cpu, 3->3->1 MB, 4 MB goal, 0 MB stacks, 0 MB globals, 8 P
gc 10143 @62.137s 4%: 0.16+0.91+0.11 ms clock, 1.2+0.70/0.72/0+0.89 ms cpu, 3->3->1 MB, 4 MB goal, 0 MB stacks, 0 MB globals, 8 P
gc 10144 @62.140s 4%: 0.085+0.65+0.010 ms clock, 0.68+0.72/0.53/0+0.086 ms cpu, 3->3->1 MB, 4 MB goal, 0 MB stacks, 0 MB globals, 8 P
gc 10145 @62.143s 4%: 0.051+0.64+0.050 ms clock, 0.40+0.79/0.55/0+0.40 ms cpu, 3->3->1 MB, 4 MB goal, 0 MB stacks, 0 MB globals, 8 P
gc 10146 @62.146s 4%: 0.31+1.4+0.064 ms clock, 2.5+0.46/0.89/0+0.51 ms cpu, 3->3->1 MB, 4 MB goal, 0 MB stacks, 0 MB globals, 8 P
gc 10147 @62.149s 4%: 0.10+0.76+0.033 ms clock, 0.85+0.59/0.56/0+0.27 ms cpu, 3->3->1 MB, 4 MB goal, 0 MB stacks, 0 MB globals, 8 P
gc 10148 @62.151s 4%: 0.073+0.56+0.080 ms clock, 0.58+0.93/0.29/0+0.64 ms cpu, 3->3->1 MB, 4 MB goal, 0 MB stacks, 0 MB globals, 8 P
gc 10149 @62.154s 4%: 0.12+1.9+0.052 ms clock, 0.96+0.48/0.64/0+0.41 ms cpu, 3->4->1 MB, 4 MB goal, 0 MB stacks, 0 MB globals, 8 P
gc 10150 @62.157s 4%: 0.10+0.79+0.069 ms clock, 0.83+0.50/0.52/0.088+0.55 ms cpu, 3->3->1 MB, 4 MB goal, 0 MB stacks, 0 MB globals, 8 P
gc 10151 @62.160s 4%: 0.077+0.91+0.10 ms clock, 0.61+0.67/0.71/0+0.80 ms cpu, 3->3->1 MB, 4 MB goal, 0 MB stacks, 0 MB globals, 8 P
gc 10152 @62.163s 4%: 0.13+0.57+0.11 ms clock, 1.0+0.58/0.70/0+0.91 ms cpu, 3->3->1 MB, 4 MB goal, 0 MB stacks, 0 MB globals, 8 P
gc 10153 @62.166s 4%: 0.12+0.59+0.094 ms clock, 0.97+0.62/0.67/0+0.75 ms cpu, 3->3->1 MB, 4 MB goal, 0 MB stacks, 0 MB globals, 8 P
gc 10154 @62.168s 4%: 0.086+0.41+0.068 ms clock, 0.68+0.67/0.52/0+0.54 ms cpu, 3->3->1 MB, 4 MB goal, 0 MB stacks, 0 MB globals, 8 P
gc 10155 @62.171s 4%: 0.083+0.62+0.084 ms clock, 0.66+0.67/0.61/0+0.67 ms cpu, 3->3->1 MB, 4 MB goal, 0 MB stacks, 0 MB globals, 8 P
gc 10156 @62.174s 4%: 0.10+0.55+0.10 ms clock, 0.86+0.58/0.66/0+0.82 ms cpu, 3->3->1 MB, 4 MB goal, 0 MB stacks, 0 MB globals, 8 P
gc 10157 @62.177s 4%: 0.10+0.38+0.055 ms clock, 0.87+0.70/0.49/0+0.44 ms cpu, 3->3->1 MB, 4 MB goal, 0 MB stacks, 0 MB globals, 8 P
gc 10158 @62.179s 4%: 0.087+0.61+0.10 ms clock, 0.70+0.63/0.71/0+0.82 ms cpu, 3->3->1 MB, 4 MB goal, 0 MB stacks, 0 MB globals, 8 P
gc 10159 @62.182s 4%: 0.10+0.54+0.071 ms clock, 0.87+0.62/0.73/0+0.56 ms cpu, 3->3->1 MB, 4 MB goal, 0 MB stacks, 0 MB globals, 8 P
gc 10160 @62.185s 4%: 0.057+0.49+0.11 ms clock, 0.46+0.64/0.60/0+0.89 ms cpu, 3->3->1 MB, 4 MB goal, 0 MB stacks, 0 MB globals, 8 P
gc 10161 @62.188s 4%: 0.12+0.68+0.073 ms clock, 0.98+0.60/0.77/0+0.58 ms cpu, 3->3->1 MB, 4 MB goal, 0 MB stacks, 0 MB globals, 8 P
gc 10162 @62.190s 4%: 0.083+0.57+0.083 ms clock, 0.67+0.61/0.65/0+0.66 ms cpu, 3->3->1 MB, 4 MB goal, 0 MB stacks, 0 MB globals, 8 P
gc 10163 @62.193s 4%: 0.13+0.47+0.048 ms clock, 1.1+0.67/0.72/0+0.38 ms cpu, 3->3->1 MB, 4 MB goal, 0 MB stacks, 0 MB globals, 8 P
gc 10164 @62.196s 4%: 0.081+0.70+0.072 ms clock, 0.65+0.77/0.67/0+0.58 ms cpu, 3->3->1 MB, 4 MB goal, 0 MB stacks, 0 MB globals, 8 P
gc 10165 @62.199s 4%: 0.080+0.49+0.088 ms clock, 0.64+0.61/0.64/0+0.71 ms cpu, 3->3->1 MB, 4 MB goal, 0 MB stacks, 0 MB globals, 8 P
gc 10166 @62.201s 4%: 0.10+0.60+0.096 ms clock, 0.83+0.63/0.61/0+0.77 ms cpu, 3->3->1 MB, 4 MB goal, 0 MB stacks, 0 MB globals, 8 P
gc 10167 @62.204s 4%: 0.14+1.1+0.10 ms clock, 1.1+0.65/0.49/0+0.83 ms cpu, 3->4->1 MB, 4 MB goal, 0 MB stacks, 0 MB globals, 8 P
gc 10168 @62.207s 4%: 0.10+0.47+0.094 ms clock, 0.85+0.61/0.59/0+0.75 ms cpu, 3->3->1 MB, 4 MB goal, 0 MB stacks, 0 MB globals, 8 P
gc 10169 @62.210s 4%: 0.13+0.58+0.034 ms clock, 1.1+0.68/0.69/0+0.27 ms cpu, 3->3->1 MB, 4 MB goal, 0 MB stacks, 0 MB globals, 8 P
gc 10170 @62.213s 4%: 0.094+0.41+0.12 ms clock, 0.75+0.72/0.58/0+0.98 ms cpu, 3->3->1 MB, 4 MB goal, 0 MB stacks, 0 MB globals, 8 P
gc 10171 @62.215s 4%: 0.13+0.57+0.076 ms clock, 1.0+0.76/0.66/0+0.60 ms cpu, 3->3->1 MB, 4 MB goal, 0 MB stacks, 0 MB globals, 8 P
gc 10172 @62.218s 4%: 0.10+0.52+0.10 ms clock, 0.81+0.71/0.61/0+0.84 ms cpu, 3->3->1 MB, 4 MB goal, 0 MB stacks, 0 MB globals, 8 P
gc 10173 @62.221s 4%: 0.074+1.0+0.050 ms clock, 0.59+0.56/0.67/0+0.40 ms cpu, 3->4->1 MB, 4 MB goal, 0 MB stacks, 0 MB globals, 8 P
gc 10174 @62.224s 4%: 0.12+0.54+0.13 ms clock, 1.0+0.68/0.68/0+1.0 ms cpu, 3->3->1 MB, 4 MB goal, 0 MB stacks, 0 MB globals, 8 P
gc 10175 @62.227s 4%: 0.10+0.89+0.082 ms clock, 0.85+0.59/0.69/0+0.65 ms cpu, 3->3->1 MB, 4 MB goal, 0 MB stacks, 0 MB globals, 8 P
gc 10176 @62.230s 4%: 0.081+0.46+0.091 ms clock, 0.65+0.77/0.50/0+0.73 ms cpu, 3->3->1 MB, 4 MB goal, 0 MB stacks, 0 MB globals, 8 P
gc 10177 @62.232s 4%: 0.083+0.45+0.090 ms clock, 0.66+0.53/0.58/0+0.72 ms cpu, 3->3->1 MB, 4 MB goal, 0 MB stacks, 0 MB globals, 8 P
gc 10178 @62.235s 4%: 0.13+0.91+0.10 ms clock, 1.0+0.58/0.63/0+0.81 ms cpu, 3->3->1 MB, 4 MB goal, 0 MB stacks, 0 MB globals, 8 P
gc 10179 @62.238s 4%: 0.11+0.50+0.088 ms clock, 0.92+0.63/0.62/0+0.70 ms cpu, 3->3->1 MB, 4 MB goal, 0 MB stacks, 0 MB globals, 8 P
gc 10180 @62.241s 4%: 0.092+0.58+0.096 ms clock, 0.73+0.71/0.63/0+0.77 ms cpu, 3->3->1 MB, 4 MB goal, 0 MB stacks, 0 MB globals, 8 P
gc 10181 @62.243s 4%: 0.10+0.74+0.087 ms clock, 0.83+0.68/0.59/0+0.69 ms cpu, 3->3->1 MB, 4 MB goal, 0 MB stacks, 0 MB globals, 8 P
gc 10182 @62.246s 4%: 0.081+0.58+0.089 ms clock, 0.65+0.63/0.64/0+0.71 ms cpu, 3->3->1 MB, 4 MB goal, 0 MB stacks, 0 MB globals, 8 P
gc 10183 @62.249s 4%: 0.072+0.60+0.063 ms clock, 0.57+0.64/0.74/0+0.51 ms cpu, 3->3->1 MB, 4 MB goal, 0 MB stacks, 0 MB globals, 8 P
gc 10184 @62.252s 4%: 0.084+0.53+0.080 ms clock, 0.67+0.55/0.58/0+0.64 ms cpu, 3->3->1 MB, 4 MB goal, 0 MB stacks, 0 MB globals, 8 P
gc 10185 @62.255s 4%: 0.11+0.51+0.086 ms clock, 0.93+0.61/0.61/0+0.69 ms cpu, 3->3->1 MB, 4 MB goal, 0 MB stacks, 0 MB globals, 8 P
gc 10186 @62.257s 4%: 0.11+0.70+0.074 ms clock, 0.90+0.53/0.67/0+0.59 ms cpu, 3->3->1 MB, 4 MB goal, 0 MB stacks, 0 MB globals, 8 P
gc 10187 @62.260s 4%: 0.10+1.2+0.074 ms clock, 0.81+0.52/0.64/0+0.59 ms cpu, 3->4->1 MB, 4 MB goal, 0 MB stacks, 0 MB globals, 8 P
gc 10188 @62.263s 4%: 0.10+0.47+0.076 ms clock, 0.84+0.70/0.59/0+0.60 ms cpu, 3->3->1 MB, 4 MB goal, 0 MB stacks, 0 MB globals, 8 P
gc 10189 @62.266s 4%: 0.065+0.72+0.12 ms clock, 0.52+0.55/0.73/0+0.96 ms cpu, 3->3->1 MB, 4 MB goal, 0 MB stacks, 0 MB globals, 8 P
gc 10190 @62.269s 4%: 0.081+0.50+0.057 ms clock, 0.65+0.75/0.55/0+0.46 ms cpu, 3->3->1 MB, 4 MB goal, 0 MB stacks, 0 MB globals, 8 P
gc 10191 @62.272s 4%: 0.12+0.58+0.12 ms clock, 1.0+0.63/0.75/0+0.97 ms cpu, 3->3->1 MB, 4 MB goal, 0 MB stacks, 0 MB globals, 8 P
gc 10192 @62.274s 4%: 0.11+0.98+0.095 ms clock, 0.94+0.49/0.61/0+0.76 ms cpu, 3->3->1 MB, 4 MB goal, 0 MB stacks, 0 MB globals, 8 P
gc 10193 @62.277s 4%: 0.065+0.71+0.093 ms clock, 0.52+0.65/0.68/0+0.74 ms cpu, 3->3->1 MB, 4 MB goal, 0 MB stacks, 0 MB globals, 8 P
gc 10194 @62.280s 4%: 0.089+0.49+0.057 ms clock, 0.71+0.70/0.64/0+0.46 ms cpu, 3->3->1 MB, 4 MB goal, 0 MB stacks, 0 MB globals, 8 P
gc 10195 @62.283s 4%: 0.10+0.66+0.089 ms clock, 0.82+0.68/0.61/0+0.71 ms cpu, 3->3->1 MB, 4 MB goal, 0 MB stacks, 0 MB globals, 8 P
gc 10196 @62.286s 4%: 0.082+0.74+0.10 ms clock, 0.66+0.55/0.62/0+0.85 ms cpu, 3->3->1 MB, 4 MB goal, 0 MB stacks, 0 MB globals, 8 P
gc 10197 @62.288s 4%: 0.094+0.83+0.083 ms clock, 0.75+0.80/0.55/0+0.66 ms cpu, 3->3->1 MB, 4 MB goal, 0 MB stacks, 0 MB globals, 8 P
gc 10198 @62.291s 4%: 0.083+0.45+0.089 ms clock, 0.66+0.59/0.59/0+0.71 ms cpu, 3->3->1 MB, 4 MB goal, 0 MB stacks, 0 MB globals, 8 P
gc 10199 @62.294s 4%: 0.074+0.51+0.10 ms clock, 0.59+0.73/0.64/0+0.84 ms cpu, 3->3->1 MB, 4 MB goal, 0 MB stacks, 0 MB globals, 8 P
gc 10200 @62.297s 4%: 0.096+0.64+0.059 ms clock, 0.77+0.58/0.66/0+0.47 ms cpu, 3->3->1 MB, 4 MB goal, 0 MB stacks, 0 MB globals, 8 P
gc 10201 @62.300s 4%: 0.10+0.51+0.085 ms clock, 0.82+0.76/0.60/0+0.68 ms cpu, 3->3->1 MB, 4 MB goal, 0 MB stacks, 0 MB globals, 8 P
gc 10202 @62.302s 4%: 0.12+0.43+0.071 ms clock, 0.99+0.73/0.59/0.021+0.56 ms cpu, 3->3->1 MB, 4 MB goal, 0 MB stacks, 0 MB globals, 8 P
gc 10203 @62.305s 4%: 0.034+0.84+0.036 ms clock, 0.27+0.91/0.59/0+0.29 ms cpu, 3->3->1 MB, 4 MB goal, 0 MB stacks, 0 MB globals, 8 P
gc 10204 @62.308s 4%: 0.086+0.62+0.074 ms clock, 0.69+0.68/0.57/0+0.59 ms cpu, 3->3->1 MB, 4 MB goal, 0 MB stacks, 0 MB globals, 8 P
gc 10205 @62.311s 4%: 0.11+0.48+0.053 ms clock, 0.90+0.57/0.56/0.041+0.42 ms cpu, 3->3->1 MB, 4 MB goal, 0 MB stacks, 0 MB globals, 8 P
gc 10206 @62.313s 4%: 0.11+0.49+0.047 ms clock, 0.88+0.76/0.59/0+0.37 ms cpu, 3->3->1 MB, 4 MB goal, 0 MB stacks, 0 MB globals, 8 P
gc 10207 @62.316s 4%: 0.090+0.60+0.10 ms clock, 0.72+0.65/0.71/0+0.84 ms cpu, 3->3->1 MB, 4 MB goal, 0 MB stacks, 0 MB globals, 8 P
gc 10208 @62.319s 4%: 0.11+0.47+0.084 ms clock, 0.88+0.60/0.64/0+0.67 ms cpu, 3->3->1 MB, 4 MB goal, 0 MB stacks, 0 MB globals, 8 P
gc 10209 @62.322s 4%: 0.11+0.56+0.10 ms clock, 0.90+0.72/0.56/0+0.85 ms cpu, 3->3->1 MB, 4 MB goal, 0 MB stacks, 0 MB globals, 8 P
gc 10210 @62.324s 4%: 0.081+0.52+0.070 ms clock, 0.65+0.60/0.65/0+0.56 ms cpu, 3->3->1 MB, 4 MB goal, 0 MB stacks, 0 MB globals, 8 P
gc 10211 @62.327s 4%: 0.10+0.49+0.055 ms clock, 0.81+0.64/0.59/0+0.44 ms cpu, 3->3->1 MB, 4 MB goal, 0 MB stacks, 0 MB globals, 8 P
gc 10212 @62.330s 4%: 0.10+0.39+0.058 ms clock, 0.87+0.58/0.62/0+0.47 ms cpu, 3->3->1 MB, 4 MB goal, 0 MB stacks, 0 MB globals, 8 P
gc 10213 @62.333s 4%: 0.072+0.85+0.085 ms clock, 0.58+0.73/0.64/0+0.68 ms cpu, 3->3->1 MB, 4 MB goal, 0 MB stacks, 0 MB globals, 8 P
gc 10214 @62.335s 4%: 0.12+0.62+0.084 ms clock, 0.99+0.68/0.62/0+0.67 ms cpu, 3->3->1 MB, 4 MB goal, 0 MB stacks, 0 MB globals, 8 P
gc 10215 @62.338s 4%: 0.10+0.71+0.066 ms clock, 0.84+0.47/0.64/0+0.53 ms cpu, 3->3->1 MB, 4 MB goal, 0 MB stacks, 0 MB globals, 8 P
gc 10216 @62.341s 4%: 0.12+0.51+0.13 ms clock, 0.96+0.81/0.69/0+1.0 ms cpu, 3->3->1 MB, 4 MB goal, 0 MB stacks, 0 MB globals, 8 P
gc 10217 @62.344s 4%: 0.064+0.64+0.070 ms clock, 0.51+0.52/0.66/0+0.56 ms cpu, 3->3->1 MB, 4 MB goal, 0 MB stacks, 0 MB globals, 8 P
gc 10218 @62.347s 4%: 0.096+0.75+0.055 ms clock, 0.77+0.54/0.66/0+0.44 ms cpu, 3->3->1 MB, 4 MB goal, 0 MB stacks, 0 MB globals, 8 P
gc 10219 @62.350s 4%: 0.080+0.53+0.039 ms clock, 0.64+0.71/0.65/0+0.31 ms cpu, 3->3->1 MB, 4 MB goal, 0 MB stacks, 0 MB globals, 8 P
gc 10220 @62.352s 4%: 0.081+0.40+0.086 ms clock, 0.65+0.71/0.59/0+0.69 ms cpu, 3->3->1 MB, 4 MB goal, 0 MB stacks, 0 MB globals, 8 P
gc 10221 @62.355s 4%: 0.11+0.58+0.11 ms clock, 0.91+0.61/0.63/0+0.88 ms cpu, 3->3->1 MB, 4 MB goal, 0 MB stacks, 0 MB globals, 8 P
gc 10222 @62.358s 4%: 0.092+0.56+0.084 ms clock, 0.74+0.59/0.64/0+0.67 ms cpu, 3->3->1 MB, 4 MB goal, 0 MB stacks, 0 MB globals, 8 P
gc 10223 @62.361s 4%: 0.14+0.51+0.098 ms clock, 1.1+0.73/0.53/0+0.78 ms cpu, 3->3->1 MB, 4 MB goal, 0 MB stacks, 0 MB globals, 8 P
gc 10224 @62.363s 4%: 0.10+0.73+0.074 ms clock, 0.80+0.62/0.56/0+0.59 ms cpu, 3->3->1 MB, 4 MB goal, 0 MB stacks, 0 MB globals, 8 P
gc 10225 @62.366s 4%: 0.14+0.62+0.093 ms clock, 1.1+0.63/0.58/0+0.74 ms cpu, 3->3->1 MB, 4 MB goal, 0 MB stacks, 0 MB globals, 8 P
gc 10226 @62.369s 4%: 0.084+0.39+0.11 ms clock, 0.67+0.73/0.56/0+0.93 ms cpu, 3->3->1 MB, 4 MB goal, 0 MB stacks, 0 MB globals, 8 P
gc 10227 @62.372s 4%: 0.096+0.88+0.085 ms clock, 0.77+0.64/0.63/0+0.68 ms cpu, 3->3->1 MB, 4 MB goal, 0 MB stacks, 0 MB globals, 8 P
gc 10228 @62.374s 4%: 0.071+0.53+0.058 ms clock, 0.57+0.65/0.58/0+0.47 ms cpu, 3->3->1 MB, 4 MB goal, 0 MB stacks, 0 MB globals, 8 P
gc 10229 @62.377s 4%: 0.084+0.51+0.098 ms clock, 0.67+0.75/0.62/0+0.78 ms cpu, 3->3->1 MB, 4 MB goal, 0 MB stacks, 0 MB globals, 8 P
gc 10230 @62.380s 4%: 0.078+0.47+0.088 ms clock, 0.63+0.76/0.59/0+0.70 ms cpu, 3->3->1 MB, 4 MB goal, 0 MB stacks, 0 MB globals, 8 P
gc 10231 @62.383s 4%: 0.13+0.58+0.10 ms clock, 1.0+0.70/0.75/0+0.85 ms cpu, 3->3->1 MB, 4 MB goal, 0 MB stacks, 0 MB globals, 8 P
gc 10232 @62.385s 4%: 0.096+0.39+0.11 ms clock, 0.77+0.71/0.52/0+0.94 ms cpu, 3->3->1 MB, 4 MB goal, 0 MB stacks, 0 MB globals, 8 P
gc 10233 @62.388s 4%: 0.075+0.76+0.068 ms clock, 0.60+0.58/0.65/0+0.55 ms cpu, 3->3->1 MB, 4 MB goal, 0 MB stacks, 0 MB globals, 8 P
gc 10234 @62.391s 4%: 0.095+0.47+0.069 ms clock, 0.76+0.62/0.53/0+0.55 ms cpu, 3->3->1 MB, 4 MB goal, 0 MB stacks, 0 MB globals, 8 P
gc 10235 @62.394s 4%: 0.070+0.67+0.076 ms clock, 0.56+0.72/0.58/0+0.60 ms cpu, 3->3->1 MB, 4 MB goal, 0 MB stacks, 0 MB globals, 8 P
gc 10236 @62.397s 4%: 0.10+0.46+0.096 ms clock, 0.80+0.52/0.60/0+0.77 ms cpu, 3->3->1 MB, 4 MB goal, 0 MB stacks, 0 MB globals, 8 P
gc 10237 @62.399s 4%: 0.054+0.60+0.088 ms clock, 0.43+0.62/0.74/0+0.70 ms cpu, 3->3->1 MB, 4 MB goal, 0 MB stacks, 0 MB globals, 8 P
gc 10238 @62.402s 4%: 0.11+0.55+0.095 ms clock, 0.91+0.67/0.74/0+0.76 ms cpu, 3->3->1 MB, 4 MB goal, 0 MB stacks, 0 MB globals, 8 P
gc 10239 @62.405s 4%: 0.11+0.56+0.039 ms clock, 0.91+0.63/0.58/0+0.31 ms cpu, 3->3->1 MB, 4 MB goal, 0 MB stacks, 0 MB globals, 8 P
gc 10240 @62.408s 4%: 0.10+0.80+0.076 ms clock, 0.84+0.58/0.66/0+0.61 ms cpu, 3->3->1 MB, 4 MB goal, 0 MB stacks, 0 MB globals, 8 P
gc 10241 @62.410s 4%: 0.099+0.40+0.10 ms clock, 0.79+0.58/0.55/0+0.83 ms cpu, 3->3->1 MB, 4 MB goal, 0 MB stacks, 0 MB globals, 8 P
gc 10242 @62.413s 4%: 0.063+0.43+0.058 ms clock, 0.50+0.60/0.54/0.066+0.46 ms cpu, 3->3->1 MB, 4 MB goal, 0 MB stacks, 0 MB globals, 8 P
gc 10243 @62.416s 4%: 0.076+0.42+0.070 ms clock, 0.61+0.63/0.57/0+0.56 ms cpu, 3->3->1 MB, 4 MB goal, 0 MB stacks, 0 MB globals, 8 P
gc 10244 @62.419s 4%: 0.11+0.58+0.12 ms clock, 0.93+0.67/0.66/0+1.0 ms cpu, 3->3->1 MB, 4 MB goal, 0 MB stacks, 0 MB globals, 8 P
gc 10245 @62.421s 4%: 0.10+0.71+0.11 ms clock, 0.83+0.75/0.64/0+0.95 ms cpu, 3->3->1 MB, 4 MB goal, 0 MB stacks, 0 MB globals, 8 P
gc 10246 @62.424s 4%: 0.12+0.50+0.068 ms clock, 1.0+0.60/0.66/0+0.55 ms cpu, 3->3->1 MB, 4 MB goal, 0 MB stacks, 0 MB globals, 8 P
gc 10247 @62.427s 4%: 0.096+0.46+0.064 ms clock, 0.76+0.71/0.60/0+0.51 ms cpu, 3->3->1 MB, 4 MB goal, 0 MB stacks, 0 MB globals, 8 P
gc 10248 @62.430s 4%: 0.10+0.56+0.054 ms clock, 0.80+0.67/0.70/0+0.43 ms cpu, 3->3->1 MB, 4 MB goal, 0 MB stacks, 0 MB globals, 8 P
gc 10249 @62.432s 4%: 0.081+0.45+0.13 ms clock, 0.65+0.65/0.65/0+1.0 ms cpu, 3->3->1 MB, 4 MB goal, 0 MB stacks, 0 MB globals, 8 P
gc 10250 @62.435s 4%: 0.12+1.1+0.059 ms clock, 1.0+0.58/0.63/0+0.47 ms cpu, 3->4->1 MB, 4 MB goal, 0 MB stacks, 0 MB globals, 8 P
gc 10251 @62.438s 4%: 0.093+0.81+0.085 ms clock, 0.74+0.62/0.68/0+0.68 ms cpu, 3->4->1 MB, 4 MB goal, 0 MB stacks, 0 MB globals, 8 P
gc 10252 @62.441s 4%: 0.10+0.43+0.041 ms clock, 0.83+0.58/0.54/0+0.32 ms cpu, 3->3->1 MB, 4 MB goal, 0 MB stacks, 0 MB globals, 8 P
gc 10253 @62.445s 4%: 0.094+0.46+0.095 ms clock, 0.75+0.46/0.66/0+0.76 ms cpu, 3->3->1 MB, 4 MB goal, 0 MB stacks, 0 MB globals, 8 P
gc 10254 @62.447s 4%: 0.097+0.64+0.12 ms clock, 0.78+0.55/0.63/0+0.97 ms cpu, 3->3->1 MB, 4 MB goal, 0 MB stacks, 0 MB globals, 8 P
gc 10255 @62.449s 4%: 0.090+0.50+0.097 ms clock, 0.72+0.69/0.58/0+0.77 ms cpu, 3->3->1 MB, 4 MB goal, 0 MB stacks, 0 MB globals, 8 P
gc 10256 @62.452s 4%: 0.10+0.45+0.10 ms clock, 0.87+0.63/0.59/0+0.80 ms cpu, 3->3->1 MB, 4 MB goal, 0 MB stacks, 0 MB globals, 8 P
gc 10257 @62.455s 4%: 0.12+0.43+0.087 ms clock, 1.0+0.75/0.55/0+0.69 ms cpu, 3->3->1 MB, 4 MB goal, 0 MB stacks, 0 MB globals, 8 P
gc 10258 @62.458s 4%: 0.10+0.55+0.083 ms clock, 0.87+0.63/0.65/0+0.66 ms cpu, 3->3->1 MB, 4 MB goal, 0 MB stacks, 0 MB globals, 8 P
gc 10259 @62.460s 4%: 0.12+0.46+0.082 ms clock, 0.98+0.77/0.59/0+0.65 ms cpu, 3->3->1 MB, 4 MB goal, 0 MB stacks, 0 MB globals, 8 P
gc 10260 @62.463s 4%: 0.11+0.70+0.038 ms clock, 0.92+0.56/0.57/0+0.30 ms cpu, 3->3->1 MB, 4 MB goal, 0 MB stacks, 0 MB globals, 8 P
gc 10261 @62.466s 4%: 0.076+0.87+0.082 ms clock, 0.60+0.59/0.65/0+0.65 ms cpu, 3->3->1 MB, 4 MB goal, 0 MB stacks, 0 MB globals, 8 P
gc 10262 @62.469s 4%: 0.097+0.93+0.076 ms clock, 0.77+0.69/0.55/0+0.60 ms cpu, 3->3->1 MB, 4 MB goal, 0 MB stacks, 0 MB globals, 8 P
gc 10263 @62.472s 4%: 0.076+0.76+0.067 ms clock, 0.61+1.2/0.66/0+0.54 ms cpu, 3->3->1 MB, 4 MB goal, 0 MB stacks, 0 MB globals, 8 P
gc 10264 @62.475s 4%: 0.10+0.77+0.081 ms clock, 0.87+0.62/0.63/0+0.65 ms cpu, 3->3->1 MB, 4 MB goal, 0 MB stacks, 0 MB globals, 8 P
gc 10265 @62.477s 4%: 0.081+0.69+0.10 ms clock, 0.65+0.67/0.65/0+0.85 ms cpu, 3->3->1 MB, 4 MB goal, 0 MB stacks, 0 MB globals, 8 P
gc 10266 @62.480s 4%: 0.059+0.66+0.091 ms clock, 0.47+0.70/0.57/0+0.73 ms cpu, 3->3->1 MB, 4 MB goal, 0 MB stacks, 0 MB globals, 8 P
gc 10267 @62.483s 4%: 0.093+0.63+0.057 ms clock, 0.74+0.68/0.53/0+0.46 ms cpu, 3->3->1 MB, 4 MB goal, 0 MB stacks, 0 MB globals, 8 P
gc 10268 @62.486s 4%: 0.12+1.3+0.059 ms clock, 0.98+0.63/0.62/0+0.47 ms cpu, 3->4->1 MB, 4 MB goal, 0 MB stacks, 0 MB globals, 8 P
gc 10269 @62.489s 4%: 0.11+0.53+0.037 ms clock, 0.94+1.0/0.65/0+0.30 ms cpu, 3->4->1 MB, 4 MB goal, 0 MB stacks, 0 MB globals, 8 P
gc 10270 @62.492s 4%: 0.10+1.0+0.10 ms clock, 0.84+1.4/0.57/0+0.80 ms cpu, 3->4->1 MB, 4 MB goal, 0 MB stacks, 0 MB globals, 8 P
gc 10271 @62.495s 4%: 0.073+0.45+0.10 ms clock, 0.58+0.62/0.61/0+0.85 ms cpu, 3->3->1 MB, 4 MB goal, 0 MB stacks, 0 MB globals, 8 P
gc 10272 @62.498s 4%: 0.093+0.62+0.11 ms clock, 0.74+0.59/0.71/0+0.92 ms cpu, 3->3->1 MB, 4 MB goal, 0 MB stacks, 0 MB globals, 8 P
gc 10273 @62.500s 4%: 0.18+0.46+0.052 ms clock, 1.4+0.67/0.59/0+0.41 ms cpu, 3->3->1 MB, 4 MB goal, 0 MB stacks, 0 MB globals, 8 P
gc 10274 @62.503s 4%: 0.10+0.85+0.050 ms clock, 0.81+0.63/0.61/0+0.40 ms cpu, 3->3->1 MB, 4 MB goal, 0 MB stacks, 0 MB globals, 8 P
gc 10275 @62.506s 4%: 0.096+0.51+0.061 ms clock, 0.77+0.70/0.62/0+0.48 ms cpu, 3->3->1 MB, 4 MB goal, 0 MB stacks, 0 MB globals, 8 P
gc 10276 @62.509s 4%: 0.12+0.49+0.094 ms clock, 1.0+0.55/0.61/0+0.75 ms cpu, 3->3->1 MB, 4 MB goal, 0 MB stacks, 0 MB globals, 8 P
gc 10277 @62.512s 4%: 0.12+0.87+0.097 ms clock, 1.0+0.62/0.57/0+0.78 ms cpu, 3->3->1 MB, 4 MB goal, 0 MB stacks, 0 MB globals, 8 P
gc 10278 @62.514s 4%: 0.061+0.40+0.052 ms clock, 0.49+0.62/0.60/0+0.42 ms cpu, 3->3->1 MB, 4 MB goal, 0 MB stacks, 0 MB globals, 8 P
gc 10279 @62.517s 4%: 0.098+0.51+0.10 ms clock, 0.78+0.70/0.65/0+0.81 ms cpu, 3->3->1 MB, 4 MB goal, 0 MB stacks, 0 MB globals, 8 P
gc 10280 @62.520s 4%: 0.13+0.75+0.082 ms clock, 1.1+0.68/0.66/0+0.65 ms cpu, 3->3->1 MB, 4 MB goal, 0 MB stacks, 0 MB globals, 8 P
gc 10281 @62.523s 4%: 0.11+0.53+0.095 ms clock, 0.93+0.51/0.69/0+0.76 ms cpu, 3->3->1 MB, 4 MB goal, 0 MB stacks, 0 MB globals, 8 P
gc 10282 @62.526s 4%: 0.12+0.77+0.092 ms clock, 1.0+0.72/0.77/0+0.73 ms cpu, 3->3->1 MB, 4 MB goal, 0 MB stacks, 0 MB globals, 8 P
gc 10283 @62.529s 4%: 0.10+0.61+0.088 ms clock, 0.82+0.49/0.55/0+0.70 ms cpu, 3->3->1 MB, 4 MB goal, 0 MB stacks, 0 MB globals, 8 P
gc 10284 @62.531s 4%: 0.073+0.60+0.077 ms clock, 0.58+0.54/0.56/0+0.61 ms cpu, 3->3->1 MB, 4 MB goal, 0 MB stacks, 0 MB globals, 8 P
gc 10285 @62.534s 4%: 0.086+0.56+0.10 ms clock, 0.69+0.53/0.60/0+0.81 ms cpu, 3->3->1 MB, 4 MB goal, 0 MB stacks, 0 MB globals, 8 P
gc 10286 @62.537s 4%: 0.11+0.58+0.056 ms clock, 0.91+0.65/0.66/0+0.44 ms cpu, 3->3->1 MB, 4 MB goal, 0 MB stacks, 0 MB globals, 8 P
gc 10287 @62.540s 4%: 0.11+0.87+0.067 ms clock, 0.88+0.66/0.54/0+0.53 ms cpu, 3->3->1 MB, 4 MB goal, 0 MB stacks, 0 MB globals, 8 P
gc 10288 @62.543s 4%: 0.10+0.50+0.097 ms clock, 0.81+0.78/0.53/0+0.78 ms cpu, 3->3->1 MB, 4 MB goal, 0 MB stacks, 0 MB globals, 8 P
gc 10289 @62.545s 4%: 0.11+0.54+0.086 ms clock, 0.92+0.65/0.59/0+0.69 ms cpu, 3->3->1 MB, 4 MB goal, 0 MB stacks, 0 MB globals, 8 P
gc 10290 @62.548s 4%: 0.10+0.52+0.081 ms clock, 0.86+0.69/0.59/0+0.64 ms cpu, 3->3->1 MB, 4 MB goal, 0 MB stacks, 0 MB globals, 8 P
gc 10291 @62.551s 4%: 0.12+0.58+0.091 ms clock, 0.98+0.63/0.62/0+0.73 ms cpu, 3->3->1 MB, 4 MB goal, 0 MB stacks, 0 MB globals, 8 P
gc 10292 @62.554s 4%: 0.10+0.49+0.075 ms clock, 0.80+0.73/0.47/0+0.60 ms cpu, 3->3->1 MB, 4 MB goal, 0 MB stacks, 0 MB globals, 8 P
gc 10293 @62.557s 4%: 0.097+0.55+0.11 ms clock, 0.77+0.59/0.58/0+0.91 ms cpu, 3->3->1 MB, 4 MB goal, 0 MB stacks, 0 MB globals, 8 P
gc 10294 @62.559s 4%: 0.076+0.45+0.074 ms clock, 0.61+0.76/0.61/0+0.59 ms cpu, 3->3->1 MB, 4 MB goal, 0 MB stacks, 0 MB globals, 8 P
gc 10295 @62.562s 4%: 0.12+0.89+0.072 ms clock, 1.0+0.72/0.70/0+0.57 ms cpu, 3->3->1 MB, 4 MB goal, 0 MB stacks, 0 MB globals, 8 P
gc 10296 @62.565s 4%: 0.10+0.55+0.10 ms clock, 0.85+0.68/0.64/0+0.84 ms cpu, 3->3->1 MB, 4 MB goal, 0 MB stacks, 0 MB globals, 8 P
gc 10297 @62.568s 4%: 0.095+0.69+0.091 ms clock, 0.76+1.0/0.65/0.013+0.73 ms cpu, 3->3->1 MB, 4 MB goal, 0 MB stacks, 0 MB globals, 8 P
gc 10298 @62.571s 4%: 0.082+0.54+0.067 ms clock, 0.66+0.59/0.61/0+0.53 ms cpu, 3->3->1 MB, 4 MB goal, 0 MB stacks, 0 MB globals, 8 P
gc 10299 @62.573s 4%: 0.094+0.54+0.060 ms clock, 0.75+0.68/0.58/0+0.48 ms cpu, 3->3->1 MB, 4 MB goal, 0 MB stacks, 0 MB globals, 8 P
gc 10300 @62.576s 4%: 0.10+0.51+0.13 ms clock, 0.80+0.67/0.57/0+1.0 ms cpu, 3->3->1 MB, 4 MB goal, 0 MB stacks, 0 MB globals, 8 P
gc 10301 @62.579s 4%: 0.13+0.90+0.10 ms clock, 1.0+0.63/0.61/0+0.83 ms cpu, 3->3->1 MB, 4 MB goal, 0 MB stacks, 0 MB globals, 8 P
gc 10302 @62.582s 4%: 0.11+0.44+0.10 ms clock, 0.93+0.71/0.54/0+0.82 ms cpu, 3->3->1 MB, 4 MB goal, 0 MB stacks, 0 MB globals, 8 P
gc 10303 @62.584s 4%: 0.098+0.51+0.15 ms clock, 0.78+0.71/0.60/0+1.2 ms cpu, 3->3->1 MB, 4 MB goal, 0 MB stacks, 0 MB globals, 8 P
gc 10304 @62.587s 4%: 0.088+0.38+0.059 ms clock, 0.70+0.73/0.53/0+0.47 ms cpu, 3->3->1 MB, 4 MB goal, 0 MB stacks, 0 MB globals, 8 P
gc 10305 @62.590s 4%: 0.077+0.59+0.098 ms clock, 0.61+0.67/0.64/0+0.78 ms cpu, 3->3->1 MB, 4 MB goal, 0 MB stacks, 0 MB globals, 8 P
gc 10306 @62.593s 4%: 0.11+0.83+0.10 ms clock, 0.90+0.70/0.58/0+0.83 ms cpu, 3->3->1 MB, 4 MB goal, 0 MB stacks, 0 MB globals, 8 P
gc 10307 @62.596s 4%: 0.097+0.80+0.078 ms clock, 0.78+0.59/0.60/0+0.63 ms cpu, 3->3->1 MB, 4 MB goal, 0 MB stacks, 0 MB globals, 8 P
gc 10308 @62.598s 4%: 0.10+0.52+0.046 ms clock, 0.87+0.65/0.63/0+0.36 ms cpu, 3->3->1 MB, 4 MB goal, 0 MB stacks, 0 MB globals, 8 P
gc 10309 @62.601s 4%: 0.10+0.55+0.099 ms clock, 0.84+0.74/0.60/0+0.79 ms cpu, 3->3->1 MB, 4 MB goal, 0 MB stacks, 0 MB globals, 8 P
gc 10310 @62.604s 4%: 0.11+0.81+0.086 ms clock, 0.91+0.66/0.61/0+0.69 ms cpu, 3->3->1 MB, 4 MB goal, 0 MB stacks, 0 MB globals, 8 P
gc 10311 @62.607s 4%: 0.096+0.45+0.092 ms clock, 0.77+0.72/0.64/0+0.74 ms cpu, 3->3->1 MB, 4 MB goal, 0 MB stacks, 0 MB globals, 8 P
gc 10312 @62.610s 4%: 0.099+0.73+0.13 ms clock, 0.79+0.67/0.70/0+1.1 ms cpu, 3->3->1 MB, 4 MB goal, 0 MB stacks, 0 MB globals, 8 P
gc 10313 @62.613s 4%: 0.11+0.49+0.087 ms clock, 0.91+0.74/0.61/0+0.70 ms cpu, 3->3->1 MB, 4 MB goal, 0 MB stacks, 0 MB globals, 8 P
gc 10314 @62.615s 4%: 0.11+0.86+0.060 ms clock, 0.88+0.49/0.75/0+0.48 ms cpu, 3->3->1 MB, 4 MB goal, 0 MB stacks, 0 MB globals, 8 P
gc 10315 @62.618s 4%: 0.10+0.54+0.095 ms clock, 0.82+0.63/0.65/0+0.76 ms cpu, 3->3->1 MB, 4 MB goal, 0 MB stacks, 0 MB globals, 8 P
gc 10316 @62.621s 4%: 0.078+0.91+0.075 ms clock, 0.62+0.58/0.60/0+0.60 ms cpu, 3->3->1 MB, 4 MB goal, 0 MB stacks, 0 MB globals, 8 P
gc 10317 @62.624s 4%: 0.11+0.57+0.10 ms clock, 0.92+0.70/0.67/0+0.80 ms cpu, 3->3->1 MB, 4 MB goal, 0 MB stacks, 0 MB globals, 8 P
gc 10318 @62.626s 4%: 0.098+0.80+0.082 ms clock, 0.78+0.70/0.62/0+0.66 ms cpu, 3->3->1 MB, 4 MB goal, 0 MB stacks, 0 MB globals, 8 P
gc 10319 @62.629s 4%: 0.13+0.54+0.088 ms clock, 1.1+0.61/0.62/0+0.70 ms cpu, 3->3->1 MB, 4 MB goal, 0 MB stacks, 0 MB globals, 8 P
gc 10320 @62.632s 4%: 0.066+0.45+0.058 ms clock, 0.53+0.61/0.58/0+0.46 ms cpu, 3->3->1 MB, 4 MB goal, 0 MB stacks, 0 MB globals, 8 P
gc 10321 @62.635s 4%: 0.096+0.39+0.10 ms clock, 0.77+0.68/0.55/0+0.83 ms cpu, 3->3->1 MB, 4 MB goal, 0 MB stacks, 0 MB globals, 8 P
gc 10322 @62.638s 4%: 0.085+0.52+0.093 ms clock, 0.68+0.68/0.57/0+0.74 ms cpu, 3->3->1 MB, 4 MB goal, 0 MB stacks, 0 MB globals, 8 P
gc 10323 @62.640s 4%: 0.11+0.54+0.061 ms clock, 0.88+0.72/0.59/0+0.48 ms cpu, 3->3->1 MB, 4 MB goal, 0 MB stacks, 0 MB globals, 8 P
gc 10324 @62.643s 4%: 0.10+0.44+0.090 ms clock, 0.83+0.72/0.56/0+0.72 ms cpu, 3->3->1 MB, 4 MB goal, 0 MB stacks, 0 MB globals, 8 P
gc 10325 @62.646s 4%: 0.10+0.50+0.091 ms clock, 0.84+0.69/0.60/0+0.72 ms cpu, 3->3->1 MB, 4 MB goal, 0 MB stacks, 0 MB globals, 8 P
gc 10326 @62.649s 4%: 0.077+0.54+0.084 ms clock, 0.61+0.69/0.59/0+0.67 ms cpu, 3->3->1 MB, 4 MB goal, 0 MB stacks, 0 MB globals, 8 P
gc 10327 @62.652s 4%: 0.095+0.40+0.089 ms clock, 0.76+0.75/0.50/0+0.71 ms cpu, 3->3->1 MB, 4 MB goal, 0 MB stacks, 0 MB globals, 8 P
gc 10328 @62.654s 4%: 0.11+0.53+0.048 ms clock, 0.91+0.57/0.57/0+0.39 ms cpu, 3->3->1 MB, 4 MB goal, 0 MB stacks, 0 MB globals, 8 P
gc 10329 @62.657s 4%: 0.097+0.69+0.078 ms clock, 0.78+0.71/0.63/0+0.62 ms cpu, 3->3->1 MB, 4 MB goal, 0 MB stacks, 0 MB globals, 8 P
gc 10330 @62.660s 4%: 0.087+0.47+0.12 ms clock, 0.70+0.71/0.58/0+0.96 ms cpu, 3->3->1 MB, 4 MB goal, 0 MB stacks, 0 MB globals, 8 P
gc 10331 @62.663s 4%: 0.13+0.49+0.092 ms clock, 1.0+0.75/0.50/0+0.74 ms cpu, 3->3->1 MB, 4 MB goal, 0 MB stacks, 0 MB globals, 8 P
gc 10332 @62.665s 4%: 0.10+0.51+0.064 ms clock, 0.82+0.63/0.58/0+0.51 ms cpu, 3->3->1 MB, 4 MB goal, 0 MB stacks, 0 MB globals, 8 P
gc 10333 @62.668s 4%: 0.076+0.47+0.096 ms clock, 0.61+0.60/0.62/0+0.77 ms cpu, 3->3->1 MB, 4 MB goal, 0 MB stacks, 0 MB globals, 8 P
gc 10334 @62.671s 4%: 0.080+0.48+0.092 ms clock, 0.64+0.61/0.60/0+0.74 ms cpu, 3->3->1 MB, 4 MB goal, 0 MB stacks, 0 MB globals, 8 P
gc 10335 @62.674s 4%: 0.11+0.63+0.083 ms clock, 0.95+0.64/0.56/0+0.66 ms cpu, 3->3->1 MB, 4 MB goal, 0 MB stacks, 0 MB globals, 8 P
gc 10336 @62.677s 4%: 0.13+0.75+0.090 ms clock, 1.0+0.65/0.60/0+0.72 ms cpu, 3->3->1 MB, 4 MB goal, 0 MB stacks, 0 MB globals, 8 P
gc 10337 @62.679s 4%: 0.10+0.47+0.047 ms clock, 0.85+0.64/0.60/0+0.38 ms cpu, 3->3->1 MB, 4 MB goal, 0 MB stacks, 0 MB globals, 8 P
gc 10338 @62.682s 4%: 0.11+0.43+0.078 ms clock, 0.93+0.67/0.54/0+0.63 ms cpu, 3->3->1 MB, 4 MB goal, 0 MB stacks, 0 MB globals, 8 P
gc 10339 @62.685s 4%: 0.097+0.42+0.055 ms clock, 0.77+0.70/0.52/0+0.44 ms cpu, 3->3->1 MB, 4 MB goal, 0 MB stacks, 0 MB globals, 8 P
gc 10340 @62.688s 4%: 0.083+0.54+0.072 ms clock, 0.66+0.68/0.69/0+0.57 ms cpu, 3->3->1 MB, 4 MB goal, 0 MB stacks, 0 MB globals, 8 P
gc 10341 @62.690s 4%: 0.093+0.50+0.10 ms clock, 0.75+0.67/0.56/0+0.85 ms cpu, 3->3->1 MB, 4 MB goal, 0 MB stacks, 0 MB globals, 8 P
gc 10342 @62.693s 4%: 0.083+0.46+0.093 ms clock, 0.66+0.75/0.55/0+0.74 ms cpu, 3->3->1 MB, 4 MB goal, 0 MB stacks, 0 MB globals, 8 P
gc 10343 @62.696s 4%: 0.059+0.46+0.074 ms clock, 0.47+0.59/0.58/0+0.59 ms cpu, 3->3->1 MB, 4 MB goal, 0 MB stacks, 0 MB globals, 8 P
gc 10344 @62.699s 4%: 0.073+0.55+0.098 ms clock, 0.59+0.73/0.55/0+0.79 ms cpu, 3->3->1 MB, 4 MB goal, 0 MB stacks, 0 MB globals, 8 P
gc 10345 @62.702s 4%: 0.079+0.74+0.046 ms clock, 0.63+0.55/0.64/0+0.37 ms cpu, 3->3->1 MB, 4 MB goal, 0 MB stacks, 0 MB globals, 8 P
gc 10346 @62.704s 4%: 0.11+0.92+0.055 ms clock, 0.93+0.64/0.57/0+0.44 ms cpu, 3->3->1 MB, 4 MB goal, 0 MB stacks, 0 MB globals, 8 P
gc 10347 @62.707s 4%: 0.12+0.64+0.090 ms clock, 1.0+0.66/0.61/0+0.72 ms cpu, 3->3->1 MB, 4 MB goal, 0 MB stacks, 0 MB globals, 8 P
gc 10348 @62.710s 4%: 0.092+0.77+0.081 ms clock, 0.73+0.59/0.63/0+0.64 ms cpu, 3->3->1 MB, 4 MB goal, 0 MB stacks, 0 MB globals, 8 P
gc 10349 @62.713s 4%: 0.094+0.48+0.11 ms clock, 0.75+0.70/0.55/0+0.90 ms cpu, 3->3->1 MB, 4 MB goal, 0 MB stacks, 0 MB globals, 8 P
gc 10350 @62.716s 4%: 0.060+0.51+0.070 ms clock, 0.48+0.73/0.61/0+0.56 ms cpu, 3->3->1 MB, 4 MB goal, 0 MB stacks, 0 MB globals, 8 P
gc 10351 @62.718s 4%: 0.13+0.55+0.12 ms clock, 1.0+0.54/0.58/0+0.97 ms cpu, 3->3->1 MB, 4 MB goal, 0 MB stacks, 0 MB globals, 8 P
gc 10352 @62.721s 4%: 0.081+0.40+0.10 ms clock, 0.65+0.68/0.54/0+0.84 ms cpu, 3->3->1 MB, 4 MB goal, 0 MB stacks, 0 MB globals, 8 P
gc 10353 @62.724s 4%: 0.10+0.57+0.058 ms clock, 0.81+0.67/0.58/0+0.46 ms cpu, 3->3->1 MB, 4 MB goal, 0 MB stacks, 0 MB globals, 8 P
gc 10354 @62.727s 4%: 0.12+0.63+0.060 ms clock, 1.0+0.67/0.58/0+0.48 ms cpu, 3->3->1 MB, 4 MB goal, 0 MB stacks, 0 MB globals, 8 P
gc 10355 @62.730s 4%: 0.10+0.74+0.097 ms clock, 0.80+0.70/0.54/0+0.77 ms cpu, 3->3->1 MB, 4 MB goal, 0 MB stacks, 0 MB globals, 8 P
gc 10356 @62.732s 4%: 0.095+0.53+0.065 ms clock, 0.76+0.58/0.67/0+0.52 ms cpu, 3->3->1 MB, 4 MB goal, 0 MB stacks, 0 MB globals, 8 P
gc 10357 @62.735s 4%: 0.063+0.79+0.065 ms clock, 0.50+0.67/0.64/0+0.52 ms cpu, 3->3->1 MB, 4 MB goal, 0 MB stacks, 0 MB globals, 8 P
gc 10358 @62.738s 4%: 0.10+0.52+0.076 ms clock, 0.82+0.65/0.59/0+0.61 ms cpu, 3->3->1 MB, 4 MB goal, 0 MB stacks, 0 MB globals, 8 P
gc 10359 @62.741s 4%: 0.081+0.47+0.096 ms clock, 0.65+0.73/0.56/0+0.77 ms cpu, 3->3->1 MB, 4 MB goal, 0 MB stacks, 0 MB globals, 8 P
gc 10360 @62.744s 4%: 0.11+0.55+0.089 ms clock, 0.94+0.56/0.65/0+0.71 ms cpu, 3->3->1 MB, 4 MB goal, 0 MB stacks, 0 MB globals, 8 P
gc 10361 @62.746s 4%: 0.078+0.39+0.10 ms clock, 0.62+0.66/0.60/0+0.80 ms cpu, 3->3->1 MB, 4 MB goal, 0 MB stacks, 0 MB globals, 8 P
gc 10362 @62.749s 4%: 0.10+0.57+0.066 ms clock, 0.86+0.70/0.74/0+0.53 ms cpu, 3->3->1 MB, 4 MB goal, 0 MB stacks, 0 MB globals, 8 P
gc 10363 @62.752s 4%: 0.11+0.45+0.072 ms clock, 0.94+0.58/0.57/0+0.57 ms cpu, 3->3->1 MB, 4 MB goal, 0 MB stacks, 0 MB globals, 8 P
gc 10364 @62.755s 4%: 0.089+0.57+0.085 ms clock, 0.71+0.61/0.68/0+0.68 ms cpu, 3->3->1 MB, 4 MB goal, 0 MB stacks, 0 MB globals, 8 P
gc 10365 @62.757s 4%: 0.14+0.51+0.075 ms clock, 1.1+0.55/0.63/0+0.60 ms cpu, 3->3->1 MB, 4 MB goal, 0 MB stacks, 0 MB globals, 8 P
gc 10366 @62.760s 4%: 0.12+0.45+0.11 ms clock, 0.99+0.67/0.60/0+0.95 ms cpu, 3->3->1 MB, 4 MB goal, 0 MB stacks, 0 MB globals, 8 P
gc 10367 @62.763s 4%: 0.11+0.57+0.097 ms clock, 0.93+0.68/0.65/0+0.77 ms cpu, 3->3->1 MB, 4 MB goal, 0 MB stacks, 0 MB globals, 8 P
gc 10368 @62.766s 4%: 0.10+0.54+0.064 ms clock, 0.80+0.78/0.57/0+0.51 ms cpu, 3->3->1 MB, 4 MB goal, 0 MB stacks, 0 MB globals, 8 P
gc 10369 @62.768s 4%: 0.10+0.49+0.080 ms clock, 0.86+0.57/0.62/0+0.64 ms cpu, 3->3->1 MB, 4 MB goal, 0 MB stacks, 0 MB globals, 8 P
gc 10370 @62.771s 4%: 0.10+0.52+0.065 ms clock, 0.80+0.66/0.63/0+0.52 ms cpu, 3->3->1 MB, 4 MB goal, 0 MB stacks, 0 MB globals, 8 P
gc 10371 @62.774s 4%: 0.067+0.58+0.11 ms clock, 0.54+0.56/0.76/0+0.89 ms cpu, 3->3->1 MB, 4 MB goal, 0 MB stacks, 0 MB globals, 8 P
gc 10372 @62.777s 4%: 0.10+0.42+0.049 ms clock, 0.86+0.65/0.65/0+0.39 ms cpu, 3->3->1 MB, 4 MB goal, 0 MB stacks, 0 MB globals, 8 P
gc 10373 @62.779s 4%: 0.057+0.43+0.086 ms clock, 0.45+0.72/0.62/0+0.68 ms cpu, 3->3->1 MB, 4 MB goal, 0 MB stacks, 0 MB globals, 8 P
gc 10374 @62.782s 4%: 0.10+0.72+0.094 ms clock, 0.81+0.62/0.64/0+0.75 ms cpu, 3->3->1 MB, 4 MB goal, 0 MB stacks, 0 MB globals, 8 P
gc 10375 @62.785s 4%: 0.12+0.48+0.074 ms clock, 1.0+0.59/0.57/0+0.59 ms cpu, 3->3->1 MB, 4 MB goal, 0 MB stacks, 0 MB globals, 8 P
gc 10376 @62.788s 4%: 0.12+0.51+0.10 ms clock, 1.0+0.71/0.62/0+0.82 ms cpu, 3->3->1 MB, 4 MB goal, 0 MB stacks, 0 MB globals, 8 P
gc 10377 @62.791s 4%: 0.12+0.46+0.079 ms clock, 0.99+0.73/0.57/0+0.63 ms cpu, 3->3->1 MB, 4 MB goal, 0 MB stacks, 0 MB globals, 8 P
gc 10378 @62.793s 4%: 0.064+0.59+0.049 ms clock, 0.51+0.66/0.73/0+0.39 ms cpu, 3->3->1 MB, 4 MB goal, 0 MB stacks, 0 MB globals, 8 P
gc 10379 @62.796s 4%: 0.10+0.56+0.068 ms clock, 0.87+0.66/0.60/0+0.54 ms cpu, 3->3->1 MB, 4 MB goal, 0 MB stacks, 0 MB globals, 8 P
gc 10380 @62.799s 4%: 0.095+0.54+0.093 ms clock, 0.76+0.48/0.68/0+0.75 ms cpu, 3->3->1 MB, 4 MB goal, 0 MB stacks, 0 MB globals, 8 P
gc 10381 @62.802s 4%: 0.10+0.69+0.11 ms clock, 0.85+0.67/0.58/0+0.93 ms cpu, 3->3->1 MB, 4 MB goal, 0 MB stacks, 0 MB globals, 8 P
gc 10382 @62.804s 4%: 0.11+0.56+0.097 ms clock, 0.90+0.62/0.63/0+0.78 ms cpu, 3->3->1 MB, 4 MB goal, 0 MB stacks, 0 MB globals, 8 P
gc 10383 @62.807s 4%: 0.087+0.75+0.059 ms clock, 0.69+0.71/0.68/0+0.47 ms cpu, 3->3->1 MB, 4 MB goal, 0 MB stacks, 0 MB globals, 8 P
gc 10384 @62.810s 4%: 0.077+0.59+0.093 ms clock, 0.61+0.67/0.64/0+0.74 ms cpu, 3->3->1 MB, 4 MB goal, 0 MB stacks, 0 MB globals, 8 P
gc 10385 @62.813s 4%: 0.10+0.86+0.075 ms clock, 0.84+0.63/0.64/0+0.60 ms cpu, 3->3->1 MB, 4 MB goal, 0 MB stacks, 0 MB globals, 8 P
gc 10386 @62.816s 4%: 0.087+0.57+0.098 ms clock, 0.70+0.67/0.59/0+0.79 ms cpu, 3->3->1 MB, 4 MB goal, 0 MB stacks, 0 MB globals, 8 P
gc 10387 @62.819s 4%: 0.10+0.44+0.086 ms clock, 0.85+0.70/0.59/0+0.69 ms cpu, 3->3->1 MB, 4 MB goal, 0 MB stacks, 0 MB globals, 8 P
gc 10388 @62.821s 4%: 0.071+0.41+0.064 ms clock, 0.57+0.76/0.58/0+0.51 ms cpu, 3->3->1 MB, 4 MB goal, 0 MB stacks, 0 MB globals, 8 P
gc 10389 @62.824s 4%: 0.058+0.52+0.10 ms clock, 0.46+0.71/0.66/0+0.86 ms cpu, 3->3->1 MB, 4 MB goal, 0 MB stacks, 0 MB globals, 8 P
gc 10390 @62.827s 4%: 0.10+0.70+0.12 ms clock, 0.80+0.70/0.64/0+0.99 ms cpu, 3->3->1 MB, 4 MB goal, 0 MB stacks, 0 MB globals, 8 P
gc 10391 @62.830s 4%: 0.076+0.71+0.068 ms clock, 0.61+0.71/0.67/0+0.54 ms cpu, 3->3->1 MB, 4 MB goal, 0 MB stacks, 0 MB globals, 8 P
gc 10392 @62.833s 4%: 0.10+0.78+0.059 ms clock, 0.85+0.50/0.58/0+0.47 ms cpu, 3->3->1 MB, 4 MB goal, 0 MB stacks, 0 MB globals, 8 P
gc 10393 @62.835s 4%: 0.10+0.45+0.051 ms clock, 0.87+0.69/0.60/0+0.41 ms cpu, 3->3->1 MB, 4 MB goal, 0 MB stacks, 0 MB globals, 8 P
gc 10394 @62.838s 4%: 0.15+0.50+0.098 ms clock, 1.2+0.50/0.69/0+0.78 ms cpu, 3->3->1 MB, 4 MB goal, 0 MB stacks, 0 MB globals, 8 P
gc 10395 @62.841s 4%: 0.087+0.81+0.077 ms clock, 0.69+0.84/0.77/0+0.62 ms cpu, 3->3->1 MB, 4 MB goal, 0 MB stacks, 0 MB globals, 8 P
gc 10396 @62.844s 4%: 0.081+0.69+0.033 ms clock, 0.65+0.73/0.64/0+0.26 ms cpu, 3->3->1 MB, 4 MB goal, 0 MB stacks, 0 MB globals, 8 P
gc 10397 @62.847s 4%: 0.070+0.54+0.10 ms clock, 0.56+0.64/0.67/0+0.81 ms cpu, 3->3->1 MB, 4 MB goal, 0 MB stacks, 0 MB globals, 8 P
gc 10398 @62.849s 4%: 0.15+0.40+0.082 ms clock, 1.2+0.65/0.55/0+0.65 ms cpu, 3->3->1 MB, 4 MB goal, 0 MB stacks, 0 MB globals, 8 P
