2026/03/14 04:30:22 Running in dev mode.
2026/03/14 04:30:22 STUN server listening on [::]:3478
2026/03/14 04:30:22 No mesh key specified for dev via TAILSCALE_DERPER_MESH_KEY
2026/03/14 04:30:22 No mesh key configured for --dev mode
2026/03/14 04:30:22 derper: serving on :3340
gc 1 @33.858s 0%: 0.12+1.2+0.045 ms clock, 0.48+1.3/0.58/0+0.18 ms cpu, 3->4->1 MB, 4 MB goal, 0 MB stacks, 0 MB globals, 4 P
gc 2 @33.863s 0%: 0.056+1.3+0.047 ms clock, 0.22+0.67/0.71/0+0.18 ms cpu, 3->3->1 MB, 4 MB goal, 0 MB stacks, 0 MB globals, 4 P
gc 3 @33.869s 0%: 0.081+0.91+0.054 ms clock, 0.32+1.1/0.65/0+0.21 ms cpu, 3->3->1 MB, 4 MB goal, 0 MB stacks, 0 MB globals, 4 P
gc 4 @33.874s 0%: 0.079+0.81+0.028 ms clock, 0.31+0.93/0.67/0+0.11 ms cpu, 3->3->1 MB, 4 MB goal, 0 MB stacks, 0 MB globals, 4 P
gc 5 @33.879s 0%: 0.084+0.87+0.015 ms clock, 0.33+0.67/0.76/0+0.063 ms cpu, 3->3->1 MB, 4 MB goal, 0 MB stacks, 0 MB globals, 4 P
gc 6 @33.884s 0%: 0.064+1.2+0.037 ms clock, 0.25+0.77/0.46/0+0.15 ms cpu, 3->3->1 MB, 4 MB goal, 0 MB stacks, 0 MB globals, 4 P
gc 7 @33.889s 0%: 0.041+0.94+0.037 ms clock, 0.16+0.77/0.81/0+0.14 ms cpu, 3->3->1 MB, 4 MB goal, 0 MB stacks, 0 MB globals, 4 P
gc 8 @33.894s 0%: 0.057+1.0+0.061 ms clock, 0.23+0.60/0.63/0+0.24 ms cpu, 3->3->1 MB, 4 MB goal, 0 MB stacks, 0 MB globals, 4 P
gc 9 @33.899s 0%: 0.27+1.4+0.085 ms clock, 1.0+0.73/0.84/0+0.34 ms cpu, 3->3->1 MB, 4 MB goal, 0 MB stacks, 0 MB globals, 4 P
gc 10 @33.904s 0%: 0.042+1.3+0.022 ms clock, 0.17+1.5/0.57/0+0.089 ms cpu, 3->3->1 MB, 4 MB goal, 0 MB stacks, 0 MB globals, 4 P
gc 11 @33.909s 0%: 0.092+0.70+0.079 ms clock, 0.37+0.83/0.64/0+0.31 ms cpu, 3->3->1 MB, 4 MB goal, 0 MB stacks, 0 MB globals, 4 P
gc 12 @33.914s 0%: 0.082+0.57+0.036 ms clock, 0.32+0.83/0.48/0+0.14 ms cpu, 3->3->1 MB, 4 MB goal, 0 MB stacks, 0 MB globals, 4 P
gc 13 @33.919s 0%: 0.059+1.9+0.049 ms clock, 0.23+0.75/0.60/0+0.19 ms cpu, 3->3->1 MB, 4 MB goal, 0 MB stacks, 0 MB globals, 4 P
gc 14 @33.924s 0%: 0.068+0.85+0.023 ms clock, 0.27+0.71/0.63/0+0.095 ms cpu, 3->3->1 MB, 4 MB goal, 0 MB stacks, 0 MB globals, 4 P
gc 15 @33.929s 0%: 0.060+1.9+0.040 ms clock, 0.24+0.38/0.58/0.001+0.16 ms cpu, 3->3->1 MB, 4 MB goal, 0 MB stacks, 0 MB globals, 4 P
gc 16 @33.935s 0%: 0.021+1.7+0.007 ms clock, 0.085+0.79/0.47/0+0.028 ms cpu, 3->3->1 MB, 4 MB goal, 0 MB stacks, 0 MB globals, 4 P
gc 17 @33.940s 0%: 0.056+0.59+0.023 ms clock, 0.22+0.91/0.41/0+0.092 ms cpu, 3->3->1 MB, 4 MB goal, 0 MB stacks, 0 MB globals, 4 P
gc 18 @33.945s 0%: 0.044+0.53+0.017 ms clock, 0.17+0.83/0.43/0+0.070 ms cpu, 3->3->1 MB, 4 MB goal, 0 MB stacks, 0 MB globals, 4 P
gc 19 @33.950s 0%: 0.052+0.73+0.032 ms clock, 0.20+0.87/0.56/0+0.13 ms cpu, 3->3->1 MB, 4 MB goal, 0 MB stacks, 0 MB globals, 4 P
gc 20 @33.955s 0%: 0.067+0.60+0.090 ms clock, 0.27+0.50/0.46/0.046+0.36 ms cpu, 3->3->0 MB, 4 MB goal, 0 MB stacks, 0 MB globals, 4 P
gc 21 @33.959s 0%: 0.044+0.60+0.026 ms clock, 0.17+0.78/0.45/0+0.10 ms cpu, 3->3->1 MB, 4 MB goal, 0 MB stacks, 0 MB globals, 4 P
gc 22 @33.964s 0%: 0.048+1.0+0.076 ms clock, 0.19+0.58/0.46/0+0.30 ms cpu, 3->3->1 MB, 4 MB goal, 0 MB stacks, 0 MB globals, 4 P
gc 23 @33.970s 0%: 0.057+0.83+0.047 ms clock, 0.23+0.55/0.66/0+0.18 ms cpu, 3->3->1 MB, 4 MB goal, 0 MB stacks, 0 MB globals, 4 P
gc 24 @33.975s 0%: 0.056+3.2+0.038 ms clock, 0.22+0.77/0.58/0+0.15 ms cpu, 3->4->1 MB, 4 MB goal, 0 MB stacks, 0 MB globals, 4 P
gc 25 @33.980s 0%: 0.042+0.81+0.036 ms clock, 0.17+0.80/0.68/0+0.14 ms cpu, 3->3->1 MB, 4 MB goal, 0 MB stacks, 0 MB globals, 4 P
gc 26 @33.985s 0%: 0.069+1.6+0.031 ms clock, 0.27+0.55/0.57/0+0.12 ms cpu, 3->3->1 MB, 4 MB goal, 0 MB stacks, 0 MB globals, 4 P
gc 27 @33.991s 0%: 0.10+1.1+0.075 ms clock, 0.41+0.36/0.59/0+0.30 ms cpu, 3->3->1 MB, 4 MB goal, 0 MB stacks, 0 MB globals, 4 P
gc 28 @33.996s 0%: 0.055+0.65+0.022 ms clock, 0.22+0.77/0.54/0+0.091 ms cpu, 3->3->1 MB, 4 MB goal, 0 MB stacks, 0 MB globals, 4 P
gc 29 @34.000s 0%: 0.068+0.93+0.050 ms clock, 0.27+0.77/0.78/0+0.20 ms cpu, 3->3->1 MB, 4 MB goal, 0 MB stacks, 0 MB globals, 4 P
gc 30 @34.005s 0%: 0.064+0.58+0.022 ms clock, 0.25+0.85/0.47/0+0.091 ms cpu, 3->3->1 MB, 4 MB goal, 0 MB stacks, 0 MB globals, 4 P
gc 31 @34.010s 0%: 0.059+0.86+0.042 ms clock, 0.23+0.91/0.78/0+0.16 ms cpu, 3->3->1 MB, 4 MB goal, 0 MB stacks, 0 MB globals, 4 P
gc 32 @34.015s 0%: 0.41+0.92+0.031 ms clock, 1.6+0.34/1.1/0+0.12 ms cpu, 3->3->1 MB, 4 MB goal, 0 MB stacks, 0 MB globals, 4 P
gc 33 @34.020s 0%: 0.10+1.4+0.077 ms clock, 0.41+0.72/0.43/0+0.31 ms cpu, 3->3->1 MB, 4 MB goal, 0 MB stacks, 0 MB globals, 4 P
gc 34 @34.025s 0%: 0.045+1.1+0.085 ms clock, 0.18+0.60/0.49/0+0.34 ms cpu, 3->3->1 MB, 4 MB goal, 0 MB stacks, 0 MB globals, 4 P
gc 35 @34.030s 0%: 0.057+1.7+0.003 ms clock, 0.23+0.82/0.69/0+0.013 ms cpu, 3->3->1 MB, 4 MB goal, 0 MB stacks, 0 MB globals, 4 P
gc 36 @34.036s 0%: 0.41+1.3+0.005 ms clock, 1.6+0.70/1.4/0+0.021 ms cpu, 3->3->1 MB, 4 MB goal, 0 MB stacks, 0 MB globals, 4 P
gc 37 @34.041s 0%: 0.063+1.3+0.094 ms clock, 0.25+0.73/0.65/0+0.37 ms cpu, 3->3->1 MB, 4 MB goal, 0 MB stacks, 0 MB globals, 4 P
gc 38 @34.046s 0%: 0.26+0.55+0.045 ms clock, 1.0+0.52/0.62/0+0.18 ms cpu, 3->3->1 MB, 4 MB goal, 0 MB stacks, 0 MB globals, 4 P
gc 39 @34.051s 0%: 0.30+1.3+0.003 ms clock, 1.2+0.34/0.87/0.078+0.015 ms cpu, 3->3->1 MB, 4 MB goal, 0 MB stacks, 0 MB globals, 4 P
gc 40 @34.056s 0%: 0.048+0.66+0.067 ms clock, 0.19+0.78/0.50/0+0.27 ms cpu, 3->3->1 MB, 4 MB goal, 0 MB stacks, 0 MB globals, 4 P
gc 41 @34.061s 0%: 0.061+1.0+0.048 ms clock, 0.24+0.74/0.92/0+0.19 ms cpu, 3->3->1 MB, 4 MB goal, 0 MB stacks, 0 MB globals, 4 P
gc 42 @34.066s 0%: 0.039+0.74+0.059 ms clock, 0.15+0.73/0.58/0+0.23 ms cpu, 3->3->1 MB, 4 MB goal, 0 MB stacks, 0 MB globals, 4 P
gc 43 @34.071s 0%: 0.018+0.89+0.020 ms clock, 0.075+0.88/0.10/0+0.082 ms cpu, 3->3->1 MB, 4 MB goal, 0 MB stacks, 0 MB globals, 4 P
gc 44 @34.076s 0%: 1.6+0.84+0.014 ms clock, 6.7+0.82/1.7/0+0.058 ms cpu, 3->3->1 MB, 4 MB goal, 0 MB stacks, 0 MB globals, 4 P
gc 45 @34.082s 0%: 0.074+0.75+0.028 ms clock, 0.29+0.16/0.56/0+0.11 ms cpu, 3->3->1 MB, 4 MB goal, 0 MB stacks, 0 MB globals, 4 P
gc 46 @34.087s 0%: 0.050+1.0+0.035 ms clock, 0.20+1.0/0.011/0+0.14 ms cpu, 3->3->1 MB, 4 MB goal, 0 MB stacks, 0 MB globals, 4 P
gc 47 @34.091s 0%: 0.031+0.73+0.073 ms clock, 0.12+0.76/0.59/0+0.29 ms cpu, 3->3->1 MB, 4 MB goal, 0 MB stacks, 0 MB globals, 4 P
gc 48 @34.096s 0%: 0.051+1.0+0.003 ms clock, 0.20+0.91/0.18/0+0.014 ms cpu, 3->3->1 MB, 4 MB goal, 0 MB stacks, 0 MB globals, 4 P
gc 49 @34.101s 0%: 0.047+1.2+0.065 ms clock, 0.19+0.53/1.1/0+0.26 ms cpu, 3->3->1 MB, 4 MB goal, 0 MB stacks, 0 MB globals, 4 P
gc 50 @34.106s 0%: 0.087+1.3+0.072 ms clock, 0.34+0.55/0.50/0+0.29 ms cpu, 3->3->1 MB, 4 MB goal, 0 MB stacks, 0 MB globals, 4 P
gc 51 @34.112s 0%: 0.23+0.89+0.019 ms clock, 0.94+0.75/1.0/0+0.078 ms cpu, 3->3->1 MB, 4 MB goal, 0 MB stacks, 0 MB globals, 4 P
gc 52 @34.117s 0%: 1.1+0.13+0.023 ms clock, 4.5+0.63/1.1/0+0.095 ms cpu, 3->3->1 MB, 4 MB goal, 0 MB stacks, 0 MB globals, 4 P
gc 53 @34.122s 0%: 0.083+0.74+0.052 ms clock, 0.33+1.2/0.48/0+0.20 ms cpu, 3->3->1 MB, 4 MB goal, 0 MB stacks, 0 MB globals, 4 P
gc 54 @34.127s 0%: 0.049+0.68+0.023 ms clock, 0.19+0.66/0.49/0+0.094 ms cpu, 3->3->1 MB, 4 MB goal, 0 MB stacks, 0 MB globals, 4 P
gc 55 @34.132s 0%: 0.043+1.0+0.040 ms clock, 0.17+0.46/0.52/0+0.16 ms cpu, 3->3->1 MB, 4 MB goal, 0 MB stacks, 0 MB globals, 4 P
gc 56 @34.137s 0%: 0.065+0.77+0.081 ms clock, 0.26+0.46/0.62/0+0.32 ms cpu, 3->3->1 MB, 4 MB goal, 0 MB stacks, 0 MB globals, 4 P
gc 57 @34.142s 0%: 0.055+0.59+0.021 ms clock, 0.22+0.59/0.50/0+0.087 ms cpu, 3->3->1 MB, 4 MB goal, 0 MB stacks, 0 MB globals, 4 P
gc 58 @34.146s 0%: 0.046+1.9+0.006 ms clock, 0.18+0.59/0.50/0+0.025 ms cpu, 3->3->1 MB, 4 MB goal, 0 MB stacks, 0 MB globals, 4 P
gc 59 @34.152s 0%: 0.12+0.85+0.029 ms clock, 0.50+0.73/0.72/0+0.11 ms cpu, 3->3->1 MB, 4 MB goal, 0 MB stacks, 0 MB globals, 4 P
gc 60 @34.157s 0%: 0.37+0.84+0.026 ms clock, 1.4+0.49/1.0/0.022+0.10 ms cpu, 3->3->1 MB, 4 MB goal, 0 MB stacks, 0 MB globals, 4 P
gc 61 @34.162s 0%: 0.040+0.89+0.005 ms clock, 0.16+0.94/0.11/0+0.020 ms cpu, 3->3->1 MB, 4 MB goal, 0 MB stacks, 0 MB globals, 4 P
gc 62 @34.167s 0%: 0.065+0.62+0.055 ms clock, 0.26+0.80/0.45/0+0.22 ms cpu, 3->3->1 MB, 4 MB goal, 0 MB stacks, 0 MB globals, 4 P
gc 63 @34.172s 0%: 0.097+1.5+0.036 ms clock, 0.39+0.84/0.84/0+0.14 ms cpu, 3->3->1 MB, 4 MB goal, 0 MB stacks, 0 MB globals, 4 P
gc 64 @34.177s 0%: 0.076+1.2+0.023 ms clock, 0.30+0.61/1.1/0+0.095 ms cpu, 3->3->1 MB, 4 MB goal, 0 MB stacks, 0 MB globals, 4 P
gc 65 @34.182s 0%: 0.099+1.5+0.064 ms clock, 0.39+0.26/0.69/0+0.25 ms cpu, 3->3->1 MB, 4 MB goal, 0 MB stacks, 0 MB globals, 4 P
gc 66 @34.187s 0%: 0.059+0.74+0.037 ms clock, 0.23+0.57/0.57/0+0.15 ms cpu, 3->3->1 MB, 4 MB goal, 0 MB stacks, 0 MB globals, 4 P
gc 67 @34.192s 0%: 0.30+1.5+0.011 ms clock, 1.2+0.40/0.85/0+0.044 ms cpu, 3->3->1 MB, 4 MB goal, 0 MB stacks, 0 MB globals, 4 P
gc 68 @34.197s 0%: 0.059+0.60+0.025 ms clock, 0.23+0.71/0.49/0+0.10 ms cpu, 3->3->1 MB, 4 MB goal, 0 MB stacks, 0 MB globals, 4 P
gc 69 @34.202s 0%: 0.30+1.9+0.064 ms clock, 1.2+0.26/0.96/0+0.25 ms cpu, 3->3->1 MB, 4 MB goal, 0 MB stacks, 0 MB globals, 4 P
gc 70 @34.207s 0%: 0.082+0.93+0.039 ms clock, 0.32+0.72/0.68/0+0.15 ms cpu, 3->3->1 MB, 4 MB goal, 0 MB stacks, 0 MB globals, 4 P
gc 71 @34.212s 0%: 0.029+0.63+0.042 ms clock, 0.11+0.85/0.47/0+0.16 ms cpu, 3->3->1 MB, 4 MB goal, 0 MB stacks, 0 MB globals, 4 P
gc 72 @34.217s 0%: 0.078+1.1+0.024 ms clock, 0.31+0.63/0.57/0+0.096 ms cpu, 3->3->1 MB, 4 MB goal, 0 MB stacks, 0 MB globals, 4 P
gc 73 @34.222s 0%: 0.053+1.0+0.039 ms clock, 0.21+0.79/0.94/0+0.15 ms cpu, 3->3->1 MB, 4 MB goal, 0 MB stacks, 0 MB globals, 4 P
gc 74 @34.227s 0%: 0.059+0.79+0.044 ms clock, 0.23+0.81/0.64/0+0.17 ms cpu, 3->3->1 MB, 4 MB goal, 0 MB stacks, 0 MB globals, 4 P
gc 75 @34.232s 0%: 0.078+1.9+0.030 ms clock, 0.31+0.39/0.65/0+0.12 ms cpu, 3->3->1 MB, 4 MB goal, 0 MB stacks, 0 MB globals, 4 P
gc 76 @34.238s 0%: 0.053+1.0+0.003 ms clock, 0.21+0.50/0.43/0+0.014 ms cpu, 3->3->1 MB, 4 MB goal, 0 MB stacks, 0 MB globals, 4 P
gc 77 @34.243s 0%: 0.28+1.6+0.029 ms clock, 1.1+0.31/1.0/0+0.11 ms cpu, 3->3->1 MB, 4 MB goal, 0 MB stacks, 0 MB globals, 4 P
gc 78 @34.248s 0%: 0.050+2.2+0.028 ms clock, 0.20+0.51/0.55/0+0.11 ms cpu, 3->4->1 MB, 4 MB goal, 0 MB stacks, 0 MB globals, 4 P
gc 79 @34.253s 0%: 0.093+1.1+0.029 ms clock, 0.37+0.94/1.0/0+0.11 ms cpu, 3->3->1 MB, 4 MB goal, 0 MB stacks, 0 MB globals, 4 P
gc 80 @34.258s 0%: 0.088+1.0+0.077 ms clock, 0.35+0.48/0.63/0+0.30 ms cpu, 3->3->1 MB, 4 MB goal, 0 MB stacks, 0 MB globals, 4 P
gc 81 @34.263s 0%: 0.066+1.4+0.024 ms clock, 0.26+0.54/0.51/0+0.097 ms cpu, 3->3->1 MB, 4 MB goal, 0 MB stacks, 0 MB globals, 4 P
gc 82 @34.269s 0%: 0.084+1.2+0.012 ms clock, 0.33+1.0/0.038/0+0.048 ms cpu, 3->3->1 MB, 4 MB goal, 0 MB stacks, 0 MB globals, 4 P
gc 83 @34.274s 0%: 0.098+2.0+0.003 ms clock, 0.39+0.27/0.61/0+0.015 ms cpu, 3->3->1 MB, 4 MB goal, 0 MB stacks, 0 MB globals, 4 P
gc 84 @34.279s 0%: 0.063+0.56+0.042 ms clock, 0.25+0.70/0.44/0+0.16 ms cpu, 3->3->1 MB, 4 MB goal, 0 MB stacks, 0 MB globals, 4 P
gc 85 @34.284s 0%: 0.050+0.58+0.073 ms clock, 0.20+0.83/0.46/0+0.29 ms cpu, 3->3->1 MB, 4 MB goal, 0 MB stacks, 0 MB globals, 4 P
gc 86 @34.289s 0%: 1.5+0.21+0.029 ms clock, 6.0+0.45/1.5/0+0.11 ms cpu, 3->3->1 MB, 4 MB goal, 0 MB stacks, 0 MB globals, 4 P
gc 87 @34.294s 0%: 0.27+0.82+0.039 ms clock, 1.0+0.63/0.75/0+0.15 ms cpu, 3->3->1 MB, 4 MB goal, 0 MB stacks, 0 MB globals, 4 P
gc 88 @34.299s 0%: 0.077+0.53+0.070 ms clock, 0.30+0.85/0.43/0+0.28 ms cpu, 3->3->1 MB, 4 MB goal, 0 MB stacks, 0 MB globals, 4 P
gc 89 @34.304s 0%: 0.040+1.6+0.040 ms clock, 0.16+0.61/0.73/0+0.16 ms cpu, 3->3->1 MB, 4 MB goal, 0 MB stacks, 0 MB globals, 4 P
gc 90 @34.309s 0%: 0.064+0.66+0.051 ms clock, 0.25+0.54/0.56/0+0.20 ms cpu, 3->3->1 MB, 4 MB goal, 0 MB stacks, 0 MB globals, 4 P
gc 91 @34.314s 0%: 0.042+1.9+0.034 ms clock, 0.16+0.40/0.76/0+0.13 ms cpu, 3->3->1 MB, 4 MB goal, 0 MB stacks, 0 MB globals, 4 P
gc 92 @34.319s 0%: 0.072+1.5+0.026 ms clock, 0.28+0.79/0.45/0+0.10 ms cpu, 3->3->1 MB, 4 MB goal, 0 MB stacks, 0 MB globals, 4 P
gc 93 @34.324s 0%: 0.91+1.0+0.005 ms clock, 3.6+0.49/1.0/0+0.023 ms cpu, 3->3->1 MB, 4 MB goal, 0 MB stacks, 0 MB globals, 4 P
gc 94 @34.329s 0%: 0.085+1.0+0.093 ms clock, 0.34+0.79/0.48/0+0.37 ms cpu, 3->3->1 MB, 4 MB goal, 0 MB stacks, 0 MB globals, 4 P
gc 95 @34.334s 0%: 0.059+0.68+0.073 ms clock, 0.23+0.73/0.54/0+0.29 ms cpu, 3->3->1 MB, 4 MB goal, 0 MB stacks, 0 MB globals, 4 P
gc 96 @34.339s 0%: 0.058+0.70+0.029 ms clock, 0.23+0.61/0.53/0+0.11 ms cpu, 3->3->1 MB, 4 MB goal, 0 MB stacks, 0 MB globals, 4 P
gc 97 @34.344s 0%: 0.046+0.57+0.034 ms clock, 0.18+0.78/0.48/0+0.13 ms cpu, 3->3->1 MB, 4 MB goal, 0 MB stacks, 0 MB globals, 4 P
gc 98 @34.349s 0%: 0.088+0.74+0.042 ms clock, 0.35+0.70/0.58/0+0.16 ms cpu, 3->3->1 MB, 4 MB goal, 0 MB stacks, 0 MB globals, 4 P
gc 99 @34.354s 0%: 0.052+0.88+0.043 ms clock, 0.20+0.78/0/0+0.17 ms cpu, 3->3->1 MB, 4 MB goal, 0 MB stacks, 0 MB globals, 4 P
gc 100 @34.359s 0%: 0.071+1.0+0.051 ms clock, 0.28+0.60/0.57/0+0.20 ms cpu, 3->3->1 MB, 4 MB goal, 0 MB stacks, 0 MB globals, 4 P
gc 101 @34.364s 0%: 0.059+0.56+0.063 ms clock, 0.23+0.73/0.45/0+0.25 ms cpu, 3->3->1 MB, 4 MB goal, 0 MB stacks, 0 MB globals, 4 P
gc 102 @34.369s 0%: 0.065+1.0+0.026 ms clock, 0.26+0.83/0.42/0+0.10 ms cpu, 3->3->1 MB, 4 MB goal, 0 MB stacks, 0 MB globals, 4 P
gc 103 @34.374s 0%: 0.058+0.76+0.026 ms clock, 0.23+0.75/0.58/0+0.10 ms cpu, 3->3->1 MB, 4 MB goal, 0 MB stacks, 0 MB globals, 4 P
gc 104 @34.379s 0%: 0.073+0.56+0.052 ms clock, 0.29+0.81/0.42/0+0.20 ms cpu, 3->3->1 MB, 4 MB goal, 0 MB stacks, 0 MB globals, 4 P
gc 105 @34.384s 0%: 0.022+0.69+0.062 ms clock, 0.089+0.83/0.57/0+0.24 ms cpu, 3->3->1 MB, 4 MB goal, 0 MB stacks, 0 MB globals, 4 P
gc 106 @34.389s 0%: 0.080+0.69+0.058 ms clock, 0.32+0.73/0.53/0+0.23 ms cpu, 3->3->1 MB, 4 MB goal, 0 MB stacks, 0 MB globals, 4 P
gc 107 @34.394s 0%: 0.077+0.55+0.048 ms clock, 0.31+0.71/0.48/0+0.19 ms cpu, 3->3->1 MB, 4 MB goal, 0 MB stacks, 0 MB globals, 4 P
gc 108 @34.398s 0%: 0.097+1.0+0.073 ms clock, 0.39+0.82/0.63/0+0.29 ms cpu, 3->3->1 MB, 4 MB goal, 0 MB stacks, 0 MB globals, 4 P
gc 109 @34.404s 0%: 0.054+0.80+0.076 ms clock, 0.21+0.78/0.45/0+0.30 ms cpu, 3->3->1 MB, 4 MB goal, 0 MB stacks, 0 MB globals, 4 P
gc 110 @34.409s 0%: 0.077+1.5+0.023 ms clock, 0.31+0.42/0.60/0+0.095 ms cpu, 3->3->1 MB, 4 MB goal, 0 MB stacks, 0 MB globals, 4 P
gc 111 @34.414s 0%: 0.38+1.3+0.036 ms clock, 1.5+0.61/1.5/0+0.14 ms cpu, 3->3->1 MB, 4 MB goal, 0 MB stacks, 0 MB globals, 4 P
gc 112 @34.419s 0%: 0.060+1.0+0.026 ms clock, 0.24+0.72/0.51/0+0.10 ms cpu, 3->3->1 MB, 4 MB goal, 0 MB stacks, 0 MB globals, 4 P
gc 113 @34.424s 0%: 0.087+0.54+0.029 ms clock, 0.35+0.72/0.47/0+0.11 ms cpu, 3->3->1 MB, 4 MB goal, 0 MB stacks, 0 MB globals, 4 P
gc 114 @34.429s 0%: 0.24+1.4+0.028 ms clock, 0.97+0.73/1.3/0.050+0.11 ms cpu, 3->3->1 MB, 4 MB goal, 0 MB stacks, 0 MB globals, 4 P
gc 115 @34.434s 0%: 0.064+1.5+0.047 ms clock, 0.25+0.56/0.50/0+0.18 ms cpu, 3->3->1 MB, 4 MB goal, 0 MB stacks, 0 MB globals, 4 P
gc 116 @34.440s 0%: 0.078+0.98+0.021 ms clock, 0.31+0.70/0.49/0+0.084 ms cpu, 3->3->1 MB, 4 MB goal, 0 MB stacks, 0 MB globals, 4 P
gc 117 @34.444s 0%: 0.054+0.61+0.038 ms clock, 0.21+0.69/0.46/0+0.15 ms cpu, 3->3->1 MB, 4 MB goal, 0 MB stacks, 0 MB globals, 4 P
gc 118 @34.449s 0%: 0.077+1.6+0.022 ms clock, 0.30+0.58/0.52/0+0.091 ms cpu, 3->3->1 MB, 4 MB goal, 0 MB stacks, 0 MB globals, 4 P
gc 119 @34.454s 0%: 0.061+0.90+0.067 ms clock, 0.24+0.72/0.44/0+0.26 ms cpu, 3->3->1 MB, 4 MB goal, 0 MB stacks, 0 MB globals, 4 P
gc 120 @34.459s 0%: 1.3+1.7+0.036 ms clock, 5.2+0.39/1.8/0.012+0.14 ms cpu, 3->3->1 MB, 4 MB goal, 0 MB stacks, 0 MB globals, 4 P
gc 121 @34.465s 0%: 0.050+0.96+0.075 ms clock, 0.20+0.73/0.57/0+0.30 ms cpu, 3->3->1 MB, 4 MB goal, 0 MB stacks, 0 MB globals, 4 P
gc 122 @34.470s 0%: 0.30+0.73+0.021 ms clock, 1.2+0.24/0.92/0+0.086 ms cpu, 3->3->1 MB, 4 MB goal, 0 MB stacks, 0 MB globals, 4 P
gc 123 @34.474s 0%: 0.066+1.8+0.029 ms clock, 0.26+0.80/0.48/0+0.11 ms cpu, 3->3->1 MB, 4 MB goal, 0 MB stacks, 0 MB globals, 4 P
gc 124 @34.480s 0%: 0.047+0.64+0.046 ms clock, 0.18+0.74/0.55/0+0.18 ms cpu, 3->3->1 MB, 4 MB goal, 0 MB stacks, 0 MB globals, 4 P
gc 125 @34.485s 0%: 0.082+1.3+0.004 ms clock, 0.32+0.95/0.99/0+0.016 ms cpu, 3->3->1 MB, 4 MB goal, 0 MB stacks, 0 MB globals, 4 P
gc 126 @34.490s 0%: 0.071+0.91+0.070 ms clock, 0.28+0.52/0.71/0.013+0.28 ms cpu, 3->3->1 MB, 4 MB goal, 0 MB stacks, 0 MB globals, 4 P
gc 127 @34.495s 0%: 0.088+0.58+0.019 ms clock, 0.35+0.79/0.45/0+0.078 ms cpu, 3->3->1 MB, 4 MB goal, 0 MB stacks, 0 MB globals, 4 P
gc 128 @34.500s 0%: 0.085+1.0+0.025 ms clock, 0.34+1.0/0.15/0+0.10 ms cpu, 3->3->1 MB, 4 MB goal, 0 MB stacks, 0 MB globals, 4 P
gc 129 @34.504s 0%: 0.064+0.62+0.065 ms clock, 0.25+0.89/0.45/0+0.26 ms cpu, 3->3->1 MB, 4 MB goal, 0 MB stacks, 0 MB globals, 4 P
gc 130 @34.509s 0%: 0.062+2.2+0.017 ms clock, 0.25+0.42/0.58/0+0.070 ms cpu, 3->3->1 MB, 4 MB goal, 0 MB stacks, 0 MB globals, 4 P
gc 131 @34.515s 0%: 0.042+0.62+0.047 ms clock, 0.17+0.81/0.50/0+0.19 ms cpu, 3->3->1 MB, 4 MB goal, 0 MB stacks, 0 MB globals, 4 P
gc 132 @34.520s 0%: 0.053+2.1+0.024 ms clock, 0.21+0.42/0.59/0+0.098 ms cpu, 3->3->1 MB, 4 MB goal, 0 MB stacks, 0 MB globals, 4 P
gc 133 @34.525s 0%: 0.051+0.77+0.041 ms clock, 0.20+0.65/0.56/0+0.16 ms cpu, 3->3->1 MB, 4 MB goal, 0 MB stacks, 0 MB globals, 4 P
gc 134 @34.530s 0%: 0.30+2.2+0.058 ms clock, 1.2+1.8/0.79/0+0.23 ms cpu, 3->4->1 MB, 4 MB goal, 0 MB stacks, 0 MB globals, 4 P
gc 135 @34.535s 0%: 0.081+0.63+0.039 ms clock, 0.32+0.73/0.39/0+0.15 ms cpu, 3->3->1 MB, 4 MB goal, 0 MB stacks, 0 MB globals, 4 P
gc 136 @34.540s 0%: 0.057+0.70+0.020 ms clock, 0.22+0.87/0.60/0+0.083 ms cpu, 3->3->1 MB, 4 MB goal, 0 MB stacks, 0 MB globals, 4 P
gc 137 @34.545s 0%: 0.66+1.3+0.026 ms clock, 2.6+0.54/1.1/0+0.10 ms cpu, 3->3->1 MB, 4 MB goal, 0 MB stacks, 0 MB globals, 4 P
gc 138 @34.550s 0%: 0.066+0.82+0.060 ms clock, 0.26+0.72/0.70/0+0.24 ms cpu, 3->3->1 MB, 4 MB goal, 0 MB stacks, 0 MB globals, 4 P
gc 139 @34.555s 0%: 0.072+1.8+0.084 ms clock, 0.28+0.39/0.56/0+0.33 ms cpu, 3->3->1 MB, 4 MB goal, 0 MB stacks, 0 MB globals, 4 P
gc 140 @34.560s 0%: 0.078+0.59+0.040 ms clock, 0.31+0.77/0.46/0+0.16 ms cpu, 3->3->1 MB, 4 MB goal, 0 MB stacks, 0 MB globals, 4 P
gc 141 @34.565s 0%: 2.9+0.58+0.055 ms clock, 11+0.36/3.1/0+0.22 ms cpu, 3->4->1 MB, 4 MB goal, 0 MB stacks, 0 MB globals, 4 P
gc 142 @34.571s 0%: 0.059+1.1+0.021 ms clock, 0.23+0.49/0.55/0+0.084 ms cpu, 3->3->1 MB, 4 MB goal, 0 MB stacks, 0 MB globals, 4 P
gc 143 @34.575s 0%: 0.33+0.97+0.023 ms clock, 1.3+0.57/1.1/0.13+0.092 ms cpu, 3->3->1 MB, 4 MB goal, 0 MB stacks, 0 MB globals, 4 P
gc 144 @34.580s 0%: 0.062+1.0+0.028 ms clock, 0.25+0.63/0.45/0+0.11 ms cpu, 3->3->1 MB, 4 MB goal, 0 MB stacks, 0 MB globals, 4 P
gc 145 @34.585s 0%: 0.067+1.5+0.027 ms clock, 0.27+0.55/0.51/0+0.11 ms cpu, 3->3->1 MB, 4 MB goal, 0 MB stacks, 0 MB globals, 4 P
gc 146 @34.591s 0%: 0.050+1.0+0.017 ms clock, 0.20+0.67/0.89/0+0.068 ms cpu, 3->3->1 MB, 4 MB goal, 0 MB stacks, 0 MB globals, 4 P
gc 147 @34.596s 0%: 0.053+0.62+0.039 ms clock, 0.21+0.81/0.46/0+0.15 ms cpu, 3->3->1 MB, 4 MB goal, 0 MB stacks, 0 MB globals, 4 P
gc 148 @34.601s 0%: 0.051+1.1+0.023 ms clock, 0.20+0.97/0.61/0+0.093 ms cpu, 3->3->1 MB, 4 MB goal, 0 MB stacks, 0 MB globals, 4 P
gc 149 @34.606s 0%: 0.051+0.69+0.023 ms clock, 0.20+0.57/0.57/0+0.094 ms cpu, 3->3->1 MB, 4 MB goal, 0 MB stacks, 0 MB globals, 4 P
gc 150 @34.611s 0%: 0.056+0.69+0.060 ms clock, 0.22+0.75/0.55/0+0.24 ms cpu, 3->3->1 MB, 4 MB goal, 0 MB stacks, 0 MB globals, 4 P
gc 151 @34.615s 0%: 0.045+1.7+0.077 ms clock, 0.18+0.45/0.46/0+0.31 ms cpu, 3->3->1 MB, 4 MB goal, 0 MB stacks, 0 MB globals, 4 P
gc 152 @34.621s 0%: 0.035+0.59+0.032 ms clock, 0.14+0.81/0.43/0+0.12 ms cpu, 3->3->1 MB, 4 MB goal, 0 MB stacks, 0 MB globals, 4 P
gc 153 @34.625s 0%: 0.051+0.55+0.040 ms clock, 0.20+0.66/0.46/0+0.16 ms cpu, 3->3->1 MB, 4 MB goal, 0 MB stacks, 0 MB globals, 4 P
gc 154 @34.631s 0%: 0.069+1.2+0.009 ms clock, 0.27+0.52/0.52/0+0.038 ms cpu, 3->3->1 MB, 4 MB goal, 0 MB stacks, 0 MB globals, 4 P
gc 155 @34.636s 0%: 0.061+0.61+0.052 ms clock, 0.24+0.63/0.53/0+0.21 ms cpu, 3->3->1 MB, 4 MB goal, 0 MB stacks, 0 MB globals, 4 P
gc 156 @34.641s 0%: 0.062+1.7+0.076 ms clock, 0.25+0.52/0.57/0+0.30 ms cpu, 3->3->1 MB, 4 MB goal, 0 MB stacks, 0 MB globals, 4 P
gc 157 @34.646s 0%: 0.39+1.3+0.019 ms clock, 1.5+0.48/1.6/0.065+0.078 ms cpu, 3->3->1 MB, 4 MB goal, 0 MB stacks, 0 MB globals, 4 P
gc 158 @34.651s 0%: 0.091+0.59+0.039 ms clock, 0.36+0.46/0.53/0+0.15 ms cpu, 3->3->1 MB, 4 MB goal, 0 MB stacks, 0 MB globals, 4 P
gc 159 @34.656s 0%: 1.6+0.19+0.025 ms clock, 6.6+1.7/0.77/0+0.10 ms cpu, 3->3->1 MB, 4 MB goal, 0 MB stacks, 0 MB globals, 4 P
gc 160 @34.661s 0%: 0.29+1.5+0.053 ms clock, 1.1+0.37/0.89/0.099+0.21 ms cpu, 3->3->1 MB, 4 MB goal, 0 MB stacks, 0 MB globals, 4 P
gc 161 @34.666s 0%: 0.056+0.56+0.028 ms clock, 0.22+0.78/0.43/0+0.11 ms cpu, 3->3->1 MB, 4 MB goal, 0 MB stacks, 0 MB globals, 4 P
gc 162 @34.671s 0%: 0.069+0.58+0.028 ms clock, 0.27+0.68/0.50/0+0.11 ms cpu, 3->3->1 MB, 4 MB goal, 0 MB stacks, 0 MB globals, 4 P
gc 163 @34.676s 0%: 0.073+0.52+0.028 ms clock, 0.29+0.62/0.47/0+0.11 ms cpu, 3->3->1 MB, 4 MB goal, 0 MB stacks, 0 MB globals, 4 P
gc 164 @34.680s 0%: 0.059+1.6+0.041 ms clock, 0.23+0.61/0.66/0+0.16 ms cpu, 3->3->1 MB, 4 MB goal, 0 MB stacks, 0 MB globals, 4 P
gc 165 @34.686s 0%: 0.066+0.66+0.094 ms clock, 0.26+0.78/0.51/0+0.37 ms cpu, 3->3->1 MB, 4 MB goal, 0 MB stacks, 0 MB globals, 4 P
gc 166 @34.691s 0%: 0.037+2.2+0.004 ms clock, 0.15+0.67/0.67/0+0.017 ms cpu, 3->4->1 MB, 4 MB goal, 0 MB stacks, 0 MB globals, 4 P
gc 167 @34.696s 0%: 0.44+0.49+0.016 ms clock, 1.7+0.52/0.78/0+0.067 ms cpu, 3->3->1 MB, 4 MB goal, 0 MB stacks, 0 MB globals, 4 P
gc 168 @34.701s 0%: 0.33+0.72+0.025 ms clock, 1.3+0.11/0.97/0+0.10 ms cpu, 3->3->1 MB, 4 MB goal, 0 MB stacks, 0 MB globals, 4 P
gc 169 @34.706s 0%: 0.066+0.65+0.024 ms clock, 0.26+0.85/0.53/0+0.098 ms cpu, 3->3->1 MB, 4 MB goal, 0 MB stacks, 0 MB globals, 4 P
gc 170 @34.711s 0%: 0.059+0.58+0.051 ms clock, 0.23+0.86/0.51/0+0.20 ms cpu, 3->3->1 MB, 4 MB goal, 0 MB stacks, 0 MB globals, 4 P
gc 171 @34.716s 0%: 0.40+2.0+0.087 ms clock, 1.6+0.43/1.2/0+0.34 ms cpu, 3->3->1 MB, 4 MB goal, 0 MB stacks, 0 MB globals, 4 P
gc 172 @34.721s 0%: 0.10+0.97+0.021 ms clock, 0.40+0.45/0.53/0+0.084 ms cpu, 3->3->1 MB, 4 MB goal, 0 MB stacks, 0 MB globals, 4 P
gc 173 @34.726s 0%: 0.065+0.65+0.025 ms clock, 0.26+0.74/0.56/0+0.10 ms cpu, 3->3->1 MB, 4 MB goal, 0 MB stacks, 0 MB globals, 4 P
gc 174 @34.731s 0%: 0.39+2.3+0.004 ms clock, 1.5+0.50/1.9/0+0.018 ms cpu, 3->4->1 MB, 4 MB goal, 0 MB stacks, 0 MB globals, 4 P
gc 175 @34.737s 0%: 0.061+0.67+0.031 ms clock, 0.24+0.63/0.60/0+0.12 ms cpu, 3->3->1 MB, 4 MB goal, 0 MB stacks, 0 MB globals, 4 P
gc 176 @34.741s 0%: 0.064+1.8+0.043 ms clock, 0.25+0.52/1.3/0+0.17 ms cpu, 3->3->1 MB, 4 MB goal, 0 MB stacks, 0 MB globals, 4 P
gc 177 @34.747s 0%: 0.096+0.99+0.003 ms clock, 0.38+0.79/0.62/0+0.013 ms cpu, 3->3->1 MB, 4 MB goal, 0 MB stacks, 0 MB globals, 4 P
gc 178 @34.752s 0%: 0.10+0.70+0.026 ms clock, 0.42+0.70/0.59/0+0.10 ms cpu, 3->3->1 MB, 4 MB goal, 0 MB stacks, 0 MB globals, 4 P
gc 179 @34.757s 0%: 0.056+0.69+0.058 ms clock, 0.22+0.65/0.56/0+0.23 ms cpu, 3->3->1 MB, 4 MB goal, 0 MB stacks, 0 MB globals, 4 P
gc 180 @34.762s 0%: 0.060+1.4+0.040 ms clock, 0.24+0.78/0.59/0+0.16 ms cpu, 3->3->1 MB, 4 MB goal, 0 MB stacks, 0 MB globals, 4 P
gc 181 @34.767s 0%: 1.5+0.38+0.054 ms clock, 6.3+0.75/1.7/0+0.21 ms cpu, 3->3->1 MB, 4 MB goal, 0 MB stacks, 0 MB globals, 4 P
gc 182 @34.772s 0%: 0.056+1.5+0.015 ms clock, 0.22+0.39/0.55/0+0.063 ms cpu, 3->3->1 MB, 4 MB goal, 0 MB stacks, 0 MB globals, 4 P
gc 183 @34.777s 0%: 0.43+0.78+0.025 ms clock, 1.7+0.51/1.0/0+0.10 ms cpu, 3->3->1 MB, 4 MB goal, 0 MB stacks, 0 MB globals, 4 P
gc 184 @34.782s 0%: 0.067+0.60+0.032 ms clock, 0.26+0.91/0.51/0+0.13 ms cpu, 3->3->1 MB, 4 MB goal, 0 MB stacks, 0 MB globals, 4 P
gc 185 @34.787s 0%: 0.069+0.54+0.032 ms clock, 0.27+0.84/0.42/0+0.13 ms cpu, 3->3->1 MB, 4 MB goal, 0 MB stacks, 0 MB globals, 4 P
gc 186 @34.792s 0%: 1.1+1.1+0.040 ms clock, 4.4+1.7/0.78/0+0.16 ms cpu, 3->3->1 MB, 4 MB goal, 0 MB stacks, 0 MB globals, 4 P
gc 187 @34.797s 0%: 0.056+1.4+0.039 ms clock, 0.22+0.52/0.72/0+0.15 ms cpu, 3->3->1 MB, 4 MB goal, 0 MB stacks, 0 MB globals, 4 P
gc 188 @34.802s 0%: 0.069+0.72+0.068 ms clock, 0.27+0.60/0.59/0+0.27 ms cpu, 3->3->1 MB, 4 MB goal, 0 MB stacks, 0 MB globals, 4 P
gc 189 @34.807s 0%: 0.068+0.62+0.032 ms clock, 0.27+0.69/0.46/0+0.13 ms cpu, 3->3->1 MB, 4 MB goal, 0 MB stacks, 0 MB globals, 4 P
gc 190 @34.812s 0%: 0.056+0.63+0.11 ms clock, 0.22+0.85/0.46/0+0.45 ms cpu, 3->3->1 MB, 4 MB goal, 0 MB stacks, 0 MB globals, 4 P
gc 191 @34.817s 0%: 0.53+1.6+0.097 ms clock, 2.1+0.40/0.89/0+0.38 ms cpu, 3->3->1 MB, 4 MB goal, 0 MB stacks, 0 MB globals, 4 P
gc 192 @34.822s 0%: 0.046+0.59+0.048 ms clock, 0.18+0.88/0.50/0+0.19 ms cpu, 3->3->1 MB, 4 MB goal, 0 MB stacks, 0 MB globals, 4 P
gc 193 @34.827s 0%: 0.065+1.3+0.083 ms clock, 0.26+0.44/0.54/0+0.33 ms cpu, 3->3->1 MB, 4 MB goal, 0 MB stacks, 0 MB globals, 4 P
gc 194 @34.832s 0%: 0.27+1.2+0.081 ms clock, 1.0+0.71/1.2/0+0.32 ms cpu, 3->3->1 MB, 4 MB goal, 0 MB stacks, 0 MB globals, 4 P
gc 195 @34.837s 0%: 0.37+1.3+0.094 ms clock, 1.5+0.30/1.0/0+0.37 ms cpu, 3->3->1 MB, 4 MB goal, 0 MB stacks, 0 MB globals, 4 P
gc 196 @34.842s 0%: 0.053+0.72+0.048 ms clock, 0.21+0.47/0.60/0+0.19 ms cpu, 3->3->1 MB, 4 MB goal, 0 MB stacks, 0 MB globals, 4 P
gc 197 @34.847s 0%: 0.054+0.55+0.017 ms clock, 0.21+0.75/0.41/0+0.069 ms cpu, 3->3->1 MB, 4 MB goal, 0 MB stacks, 0 MB globals, 4 P
gc 198 @34.852s 0%: 2.3+0.14+0.033 ms clock, 9.2+0.72/2.3/0+0.13 ms cpu, 3->3->1 MB, 4 MB goal, 0 MB stacks, 0 MB globals, 4 P
gc 199 @34.857s 0%: 0.024+0.45+0.037 ms clock, 0.097+0.74/0.38/0+0.14 ms cpu, 3->3->1 MB, 4 MB goal, 0 MB stacks, 0 MB globals, 4 P
gc 200 @34.862s 0%: 0.055+1.4+0.039 ms clock, 0.22+1.0/1.3/0+0.15 ms cpu, 3->3->1 MB, 4 MB goal, 0 MB stacks, 0 MB globals, 4 P
gc 201 @34.867s 0%: 0.28+1.0+0.025 ms clock, 1.1+0.53/0.77/0+0.10 ms cpu, 3->3->1 MB, 4 MB goal, 0 MB stacks, 0 MB globals, 4 P
gc 202 @34.872s 0%: 0.057+0.90+0.004 ms clock, 0.23+1.0/0/0+0.018 ms cpu, 3->3->1 MB, 4 MB goal, 0 MB stacks, 0 MB globals, 4 P
gc 203 @34.877s 0%: 0.36+1.4+0.003 ms clock, 1.4+0.36/1.1/0+0.012 ms cpu, 3->3->1 MB, 4 MB goal, 0 MB stacks, 0 MB globals, 4 P
gc 204 @34.883s 0%: 0.083+0.72+0.083 ms clock, 0.33+0.81/0.53/0+0.33 ms cpu, 3->3->1 MB, 4 MB goal, 0 MB stacks, 0 MB globals, 4 P
gc 205 @34.888s 0%: 0.075+2.3+0.084 ms clock, 0.30+0.81/0.80/0+0.33 ms cpu, 3->4->1 MB, 4 MB goal, 0 MB stacks, 0 MB globals, 4 P
gc 206 @34.893s 0%: 0.053+1.2+0.090 ms clock, 0.21+0.50/0.52/0+0.36 ms cpu, 3->3->1 MB, 4 MB goal, 0 MB stacks, 0 MB globals, 4 P
gc 207 @34.898s 0%: 0.29+0.85+0.081 ms clock, 1.1+0.59/0.95/0+0.32 ms cpu, 3->3->1 MB, 4 MB goal, 0 MB stacks, 0 MB globals, 4 P
gc 208 @34.903s 0%: 0.082+1.2+0.005 ms clock, 0.32+0.52/0.90/0+0.023 ms cpu, 3->3->1 MB, 4 MB goal, 0 MB stacks, 0 MB globals, 4 P
gc 209 @34.908s 0%: 0.088+1.7+0.026 ms clock, 0.35+0.99/0.43/0+0.10 ms cpu, 3->3->1 MB, 4 MB goal, 0 MB stacks, 0 MB globals, 4 P
gc 210 @34.913s 0%: 0.60+0.90+0.029 ms clock, 2.4+0.62/1.3/0.059+0.11 ms cpu, 3->3->1 MB, 4 MB goal, 0 MB stacks, 0 MB globals, 4 P
gc 211 @34.918s 0%: 0.070+0.69+0.025 ms clock, 0.28+0.63/0.59/0+0.10 ms cpu, 3->3->1 MB, 4 MB goal, 0 MB stacks, 0 MB globals, 4 P
gc 212 @34.923s 0%: 0.42+1.4+0.040 ms clock, 1.7+0.38/1.6/0+0.16 ms cpu, 3->3->1 MB, 4 MB goal, 0 MB stacks, 0 MB globals, 4 P
gc 213 @34.928s 0%: 0.062+1.5+0.008 ms clock, 0.24+0.41/0.64/0+0.035 ms cpu, 3->3->1 MB, 4 MB goal, 0 MB stacks, 0 MB globals, 4 P
gc 214 @34.933s 0%: 0.047+1.0+0.067 ms clock, 0.19+1.3/0.56/0+0.26 ms cpu, 3->3->1 MB, 4 MB goal, 0 MB stacks, 0 MB globals, 4 P
gc 215 @34.938s 0%: 0.046+0.55+0.059 ms clock, 0.18+0.79/0.43/0+0.23 ms cpu, 3->3->1 MB, 4 MB goal, 0 MB stacks, 0 MB globals, 4 P
gc 216 @34.943s 0%: 0.064+0.82+0.019 ms clock, 0.25+0.83/0.69/0+0.078 ms cpu, 3->3->1 MB, 4 MB goal, 0 MB stacks, 0 MB globals, 4 P
gc 217 @34.948s 0%: 0.083+1.8+0.041 ms clock, 0.33+0.84/0.45/0+0.16 ms cpu, 3->3->1 MB, 4 MB goal, 0 MB stacks, 0 MB globals, 4 P
gc 218 @34.953s 0%: 0.041+1.0+0.025 ms clock, 0.16+0.56/0.56/0+0.10 ms cpu, 3->3->1 MB, 4 MB goal, 0 MB stacks, 0 MB globals, 4 P
gc 219 @34.958s 0%: 0.064+0.65+0.026 ms clock, 0.25+0.74/0.50/0+0.10 ms cpu, 3->3->1 MB, 4 MB goal, 0 MB stacks, 0 MB globals, 4 P
gc 220 @34.963s 0%: 0.062+1.6+0.035 ms clock, 0.25+0.28/0.70/0+0.14 ms cpu, 3->3->1 MB, 4 MB goal, 0 MB stacks, 0 MB globals, 4 P
gc 221 @34.969s 0%: 0.049+0.59+0.032 ms clock, 0.19+0.77/0.46/0+0.12 ms cpu, 3->3->1 MB, 4 MB goal, 0 MB stacks, 0 MB globals, 4 P
gc 222 @34.973s 0%: 0.045+0.76+0.078 ms clock, 0.18+0.75/0.65/0+0.31 ms cpu, 3->3->1 MB, 4 MB goal, 0 MB stacks, 0 MB globals, 4 P
gc 223 @34.979s 0%: 0.046+1.1+0.003 ms clock, 0.18+0.50/0.52/0+0.014 ms cpu, 3->3->1 MB, 4 MB goal, 0 MB stacks, 0 MB globals, 4 P
gc 224 @34.984s 0%: 0.044+1.6+0.015 ms clock, 0.17+0.61/0.79/0+0.062 ms cpu, 3->3->1 MB, 4 MB goal, 0 MB stacks, 0 MB globals, 4 P
gc 225 @34.989s 0%: 0.095+0.72+0.068 ms clock, 0.38+0.59/0.63/0+0.27 ms cpu, 3->3->1 MB, 4 MB goal, 0 MB stacks, 0 MB globals, 4 P
gc 226 @34.994s 0%: 0.060+0.75+0.026 ms clock, 0.24+0.73/0.57/0+0.10 ms cpu, 3->3->1 MB, 4 MB goal, 0 MB stacks, 0 MB globals, 4 P
gc 227 @34.999s 0%: 0.056+0.79+0.044 ms clock, 0.22+0.82/0.59/0+0.17 ms cpu, 3->3->1 MB, 4 MB goal, 0 MB stacks, 0 MB globals, 4 P
gc 228 @35.004s 0%: 0.070+0.57+0.045 ms clock, 0.28+0.89/0.50/0+0.18 ms cpu, 3->3->1 MB, 4 MB goal, 0 MB stacks, 0 MB globals, 4 P
gc 229 @35.009s 0%: 0.10+2.2+0.088 ms clock, 0.42+0.60/2.1/0.14+0.35 ms cpu, 3->3->1 MB, 4 MB goal, 0 MB stacks, 0 MB globals, 4 P
gc 230 @35.015s 0%: 0.076+0.73+0.013 ms clock, 0.30+0.47/0.56/0+0.053 ms cpu, 3->3->1 MB, 4 MB goal, 0 MB stacks, 0 MB globals, 4 P
gc 231 @35.019s 0%: 0.091+1.2+0.027 ms clock, 0.36+0.50/0.54/0+0.11 ms cpu, 3->3->1 MB, 4 MB goal, 0 MB stacks, 0 MB globals, 4 P
gc 232 @35.024s 0%: 0.078+0.62+0.028 ms clock, 0.31+0.85/0.21/0+0.11 ms cpu, 3->3->1 MB, 4 MB goal, 0 MB stacks, 0 MB globals, 4 P
gc 233 @35.029s 0%: 0.098+0.72+0.051 ms clock, 0.39+0.62/0.65/0+0.20 ms cpu, 3->3->1 MB, 4 MB goal, 0 MB stacks, 0 MB globals, 4 P
gc 234 @35.034s 0%: 0.10+1.1+0.015 ms clock, 0.41+0.53/0.50/0+0.063 ms cpu, 3->3->1 MB, 4 MB goal, 0 MB stacks, 0 MB globals, 4 P
gc 235 @35.039s 0%: 0.36+1.3+0.043 ms clock, 1.4+0.39/1.0/0+0.17 ms cpu, 3->3->1 MB, 4 MB goal, 0 MB stacks, 0 MB globals, 4 P
gc 236 @35.045s 0%: 0.053+1.5+0.017 ms clock, 0.21+0.81/0.46/0+0.071 ms cpu, 3->3->1 MB, 4 MB goal, 0 MB stacks, 0 MB globals, 4 P
gc 237 @35.050s 0%: 0.044+0.58+0.035 ms clock, 0.17+0.80/0.49/0+0.14 ms cpu, 3->3->1 MB, 4 MB goal, 0 MB stacks, 0 MB globals, 4 P
gc 238 @35.055s 0%: 0.059+0.58+0.005 ms clock, 0.23+0.81/0.44/0+0.021 ms cpu, 3->3->1 MB, 4 MB goal, 0 MB stacks, 0 MB globals, 4 P
gc 239 @35.060s 0%: 0.069+1.1+0.034 ms clock, 0.27+0.44/0.53/0+0.13 ms cpu, 3->3->1 MB, 4 MB goal, 0 MB stacks, 0 MB globals, 4 P
gc 240 @35.065s 0%: 0.063+0.65+0.037 ms clock, 0.25+0.72/0.42/0+0.14 ms cpu, 3->3->1 MB, 4 MB goal, 0 MB stacks, 0 MB globals, 4 P
gc 241 @35.070s 0%: 0.050+0.91+0.029 ms clock, 0.20+0.34/0.62/0+0.11 ms cpu, 3->3->1 MB, 4 MB goal, 0 MB stacks, 0 MB globals, 4 P
gc 242 @35.075s 0%: 0.080+1.2+0.049 ms clock, 0.32+1.2/0.001/0+0.19 ms cpu, 3->3->1 MB, 4 MB goal, 0 MB stacks, 0 MB globals, 4 P
gc 243 @35.080s 0%: 0.060+0.74+0.042 ms clock, 0.24+0.73/0.59/0+0.16 ms cpu, 3->3->1 MB, 4 MB goal, 0 MB stacks, 0 MB globals, 4 P
gc 244 @35.085s 0%: 0.21+2.3+0.046 ms clock, 0.86+0.65/0.76/0+0.18 ms cpu, 3->3->1 MB, 4 MB goal, 0 MB stacks, 0 MB globals, 4 P
gc 245 @35.091s 0%: 0.042+1.1+0.019 ms clock, 0.17+0.068/0.63/0+0.077 ms cpu, 3->3->1 MB, 4 MB goal, 0 MB stacks, 0 MB globals, 4 P
gc 246 @35.095s 0%: 0.062+0.71+0.041 ms clock, 0.24+0.79/0.55/0+0.16 ms cpu, 3->3->1 MB, 4 MB goal, 0 MB stacks, 0 MB globals, 4 P
gc 247 @35.100s 0%: 0.031+0.80+0.040 ms clock, 0.12+0.82/0.63/0+0.16 ms cpu, 3->3->1 MB, 4 MB goal, 0 MB stacks, 0 MB globals, 4 P
gc 248 @35.105s 0%: 0.13+0.58+0.043 ms clock, 0.52+0.57/0.50/0+0.17 ms cpu, 3->3->1 MB, 4 MB goal, 0 MB stacks, 0 MB globals, 4 P
gc 249 @35.110s 0%: 0.031+0.57+0.018 ms clock, 0.12+0.95/0.43/0+0.073 ms cpu, 3->3->1 MB, 4 MB goal, 0 MB stacks, 0 MB globals, 4 P
gc 250 @35.115s 0%: 0.30+2.1+0.029 ms clock, 1.2+0.45/1.8/0.015+0.11 ms cpu, 3->3->1 MB, 4 MB goal, 0 MB stacks, 0 MB globals, 4 P
gc 251 @35.120s 0%: 0.060+0.59+0.017 ms clock, 0.24+0.59/0.52/0+0.068 ms cpu, 3->3->1 MB, 4 MB goal, 0 MB stacks, 0 MB globals, 4 P
gc 252 @35.125s 0%: 0.052+0.62+0.062 ms clock, 0.21+0.85/0.42/0+0.25 ms cpu, 3->3->1 MB, 4 MB goal, 0 MB stacks, 0 MB globals, 4 P
gc 253 @35.130s 0%: 0.066+1.8+0.054 ms clock, 0.26+0.53/0.81/0+0.21 ms cpu, 3->3->1 MB, 4 MB goal, 0 MB stacks, 0 MB globals, 4 P
gc 254 @35.135s 0%: 0.053+0.75+0.041 ms clock, 0.21+0.76/0.59/0+0.16 ms cpu, 3->3->1 MB, 4 MB goal, 0 MB stacks, 0 MB globals, 4 P
gc 255 @35.140s 0%: 0.051+0.96+0.032 ms clock, 0.20+0.72/0.58/0+0.12 ms cpu, 3->3->1 MB, 4 MB goal, 0 MB stacks, 0 MB globals, 4 P
gc 256 @35.145s 0%: 0.027+0.57+0.038 ms clock, 0.10+0.76/0.45/0+0.15 ms cpu, 3->3->1 MB, 4 MB goal, 0 MB stacks, 0 MB globals, 4 P
gc 257 @35.150s 0%: 0.13+1.3+0.023 ms clock, 0.52+0.31/0.67/0+0.094 ms cpu, 3->3->1 MB, 4 MB goal, 0 MB stacks, 0 MB globals, 4 P
gc 258 @35.155s 0%: 0.042+1.8+0.077 ms clock, 0.16+0.56/0.65/0+0.30 ms cpu, 3->3->1 MB, 4 MB goal, 0 MB stacks, 0 MB globals, 4 P
gc 259 @35.161s 0%: 0.082+1.3+0.005 ms clock, 0.33+0.54/0.48/0+0.023 ms cpu, 3->3->1 MB, 4 MB goal, 0 MB stacks, 0 MB globals, 4 P
gc 260 @35.166s 0%: 0.38+0.63+0.020 ms clock, 1.5+0.32/0.83/0+0.080 ms cpu, 3->3->1 MB, 4 MB goal, 0 MB stacks, 0 MB globals, 4 P
gc 261 @35.171s 0%: 0.090+0.73+0.041 ms clock, 0.36+0.90/0.66/0+0.16 ms cpu, 3->3->1 MB, 4 MB goal, 0 MB stacks, 0 MB globals, 4 P
gc 262 @35.176s 0%: 0.065+0.63+0.047 ms clock, 0.26+0.83/0.56/0+0.19 ms cpu, 3->3->1 MB, 4 MB goal, 0 MB stacks, 0 MB globals, 4 P
gc 263 @35.181s 0%: 0.062+1.2+0.034 ms clock, 0.25+0.57/0.51/0+0.13 ms cpu, 3->3->1 MB, 4 MB goal, 0 MB stacks, 0 MB globals, 4 P
gc 264 @35.186s 0%: 0.036+0.98+0.056 ms clock, 0.14+0.38/0.75/0+0.22 ms cpu, 3->3->1 MB, 4 MB goal, 0 MB stacks, 0 MB globals, 4 P
gc 265 @35.191s 0%: 0.098+0.48+0.024 ms clock, 0.39+0.77/0.43/0+0.096 ms cpu, 3->3->1 MB, 4 MB goal, 0 MB stacks, 0 MB globals, 4 P
gc 266 @35.196s 0%: 0.063+0.51+0.054 ms clock, 0.25+0.82/0.41/0+0.21 ms cpu, 3->3->1 MB, 4 MB goal, 0 MB stacks, 0 MB globals, 4 P
gc 267 @35.201s 0%: 0.076+0.70+0.047 ms clock, 0.30+0.80/0.47/0+0.18 ms cpu, 3->3->1 MB, 4 MB goal, 0 MB stacks, 0 MB globals, 4 P
gc 268 @35.206s 0%: 0.060+0.52+0.014 ms clock, 0.24+0.66/0.43/0+0.058 ms cpu, 3->3->1 MB, 4 MB goal, 0 MB stacks, 0 MB globals, 4 P
gc 269 @35.211s 0%: 0.11+1.0+0.050 ms clock, 0.44+0.50/0.68/0+0.20 ms cpu, 3->3->1 MB, 4 MB goal, 0 MB stacks, 0 MB globals, 4 P
gc 270 @35.217s 0%: 0.077+0.73+0.043 ms clock, 0.31+0.79/0.59/0+0.17 ms cpu, 3->3->1 MB, 4 MB goal, 0 MB stacks, 0 MB globals, 4 P
gc 271 @35.222s 0%: 0.054+1.4+0.027 ms clock, 0.21+0.37/0.49/0+0.10 ms cpu, 3->3->1 MB, 4 MB goal, 0 MB stacks, 0 MB globals, 4 P
gc 272 @35.227s 0%: 0.057+0.66+0.055 ms clock, 0.22+1.0/0.001/0+0.22 ms cpu, 3->3->1 MB, 4 MB goal, 0 MB stacks, 0 MB globals, 4 P
gc 273 @35.232s 0%: 0.11+2.2+0.022 ms clock, 0.44+0.49/1.4/0+0.090 ms cpu, 3->4->1 MB, 4 MB goal, 0 MB stacks, 0 MB globals, 4 P
gc 274 @35.237s 0%: 0.057+1.4+0.041 ms clock, 0.23+0.60/0.59/0+0.16 ms cpu, 3->3->1 MB, 4 MB goal, 0 MB stacks, 0 MB globals, 4 P
gc 275 @35.242s 0%: 0.062+1.1+0.069 ms clock, 0.25+0.99/0.001/0+0.27 ms cpu, 3->3->1 MB, 4 MB goal, 0 MB stacks, 0 MB globals, 4 P
gc 276 @35.247s 0%: 0.043+1.6+0.030 ms clock, 0.17+0.41/0.53/0+0.12 ms cpu, 3->3->1 MB, 4 MB goal, 0 MB stacks, 0 MB globals, 4 P
gc 277 @35.252s 0%: 0.056+0.84+0.085 ms clock, 0.22+0.81/0.42/0+0.34 ms cpu, 3->3->1 MB, 4 MB goal, 0 MB stacks, 0 MB globals, 4 P
gc 278 @35.257s 0%: 0.046+2.4+0.022 ms clock, 0.18+0.35/0.74/0+0.088 ms cpu, 3->3->1 MB, 4 MB goal, 0 MB stacks, 0 MB globals, 4 P
gc 279 @35.263s 0%: 0.13+1.2+0.023 ms clock, 0.53+0.31/0.62/0+0.093 ms cpu, 3->3->1 MB, 4 MB goal, 0 MB stacks, 0 MB globals, 4 P
gc 280 @35.268s 0%: 0.058+1.9+0.003 ms clock, 0.23+0.51/0.58/0+0.013 ms cpu, 3->3->1 MB, 4 MB goal, 0 MB stacks, 0 MB globals, 4 P
gc 281 @35.273s 0%: 1.2+0.42+0.036 ms clock, 5.0+0.54/1.4/0+0.14 ms cpu, 3->3->1 MB, 4 MB goal, 0 MB stacks, 0 MB globals, 4 P
gc 282 @35.278s 0%: 0.11+1.4+0.035 ms clock, 0.46+1.3/0.56/0+0.14 ms cpu, 3->3->1 MB, 4 MB goal, 0 MB stacks, 0 MB globals, 4 P
gc 283 @35.284s 0%: 0.036+1.5+0.061 ms clock, 0.14+0.58/0.61/0+0.24 ms cpu, 3->3->1 MB, 4 MB goal, 0 MB stacks, 0 MB globals, 4 P
gc 284 @35.289s 0%: 0.048+1.1+0.024 ms clock, 0.19+0.50/0.42/0+0.097 ms cpu, 3->3->1 MB, 4 MB goal, 0 MB stacks, 0 MB globals, 4 P
gc 285 @35.294s 0%: 0.098+2.1+0.023 ms clock, 0.39+1.2/0.094/0+0.092 ms cpu, 3->3->1 MB, 4 MB goal, 0 MB stacks, 0 MB globals, 4 P
gc 286 @35.299s 0%: 0.051+0.64+0.025 ms clock, 0.20+0.73/0.56/0+0.10 ms cpu, 3->3->1 MB, 4 MB goal, 0 MB stacks, 0 MB globals, 4 P
gc 287 @35.304s 0%: 0.092+1.3+0.018 ms clock, 0.37+0.63/0.52/0+0.073 ms cpu, 3->3->1 MB, 4 MB goal, 0 MB stacks, 0 MB globals, 4 P
gc 288 @35.309s 0%: 0.059+0.54+0.043 ms clock, 0.23+0.78/0.40/0+0.17 ms cpu, 3->3->1 MB, 4 MB goal, 0 MB stacks, 0 MB globals, 4 P
gc 289 @35.314s 0%: 0.35+1.5+0.011 ms clock, 1.4+0.17/0.96/0+0.045 ms cpu, 3->3->1 MB, 4 MB goal, 0 MB stacks, 0 MB globals, 4 P
gc 290 @35.319s 0%: 0.063+0.62+0.041 ms clock, 0.25+0.70/0.48/0+0.16 ms cpu, 3->3->1 MB, 4 MB goal, 0 MB stacks, 0 MB globals, 4 P
gc 291 @35.324s 0%: 0.039+1.1+0.079 ms clock, 0.15+1.0/0.54/0+0.31 ms cpu, 3->3->1 MB, 4 MB goal, 0 MB stacks, 0 MB globals, 4 P
gc 292 @35.329s 0%: 0.082+1.3+0.046 ms clock, 0.32+0.50/0.50/0+0.18 ms cpu, 3->3->1 MB, 4 MB goal, 0 MB stacks, 0 MB globals, 4 P
gc 293 @35.335s 0%: 0.069+1.5+0.052 ms clock, 0.27+0.76/0.60/0+0.21 ms cpu, 3->3->1 MB, 4 MB goal, 0 MB stacks, 0 MB globals, 4 P
gc 294 @35.340s 0%: 0.27+0.97+0.035 ms clock, 1.1+0.48/0.74/0+0.14 ms cpu, 3->3->1 MB, 4 MB goal, 0 MB stacks, 0 MB globals, 4 P
gc 295 @35.345s 0%: 0.069+1.0+0.051 ms clock, 0.27+0.43/0.60/0+0.20 ms cpu, 3->3->1 MB, 4 MB goal, 0 MB stacks, 0 MB globals, 4 P
gc 296 @35.350s 0%: 0.059+1.1+0.033 ms clock, 0.23+0.54/0.47/0+0.13 ms cpu, 3->3->1 MB, 4 MB goal, 0 MB stacks, 0 MB globals, 4 P
gc 297 @35.355s 0%: 0.059+0.64+0.039 ms clock, 0.23+0.85/0.54/0+0.15 ms cpu, 3->3->1 MB, 4 MB goal, 0 MB stacks, 0 MB globals, 4 P
gc 298 @35.360s 0%: 0.062+0.83+0.048 ms clock, 0.24+0.67/0.59/0+0.19 ms cpu, 3->3->1 MB, 4 MB goal, 0 MB stacks, 0 MB globals, 4 P
gc 299 @35.365s 0%: 0.24+1.4+0.044 ms clock, 0.97+0.77/1.4/0+0.17 ms cpu, 3->3->1 MB, 4 MB goal, 0 MB stacks, 0 MB globals, 4 P
gc 300 @35.370s 0%: 0.37+1.3+0.064 ms clock, 1.5+0.48/0.96/0+0.25 ms cpu, 3->3->1 MB, 4 MB goal, 0 MB stacks, 0 MB globals, 4 P
gc 301 @35.375s 0%: 0.073+0.84+0.049 ms clock, 0.29+0.78/0.51/0+0.19 ms cpu, 3->3->1 MB, 4 MB goal, 0 MB stacks, 0 MB globals, 4 P
gc 302 @35.380s 0%: 0.30+0.97+0.009 ms clock, 1.2+0.55/0.67/0+0.038 ms cpu, 3->3->1 MB, 4 MB goal, 0 MB stacks, 0 MB globals, 4 P
gc 303 @35.386s 0%: 0.042+1.4+0.070 ms clock, 0.16+0.22/0.88/0+0.28 ms cpu, 3->3->1 MB, 4 MB goal, 0 MB stacks, 0 MB globals, 4 P
gc 304 @35.391s 0%: 0.053+1.1+0.041 ms clock, 0.21+0.57/0.61/0+0.16 ms cpu, 3->3->1 MB, 4 MB goal, 0 MB stacks, 0 MB globals, 4 P
gc 305 @35.396s 0%: 0.073+1.6+0.049 ms clock, 0.29+0.62/0.59/0+0.19 ms cpu, 3->3->1 MB, 4 MB goal, 0 MB stacks, 0 MB globals, 4 P
gc 306 @35.401s 0%: 0.82+0.43+0.024 ms clock, 3.2+0.55/1.1/0+0.096 ms cpu, 3->3->1 MB, 4 MB goal, 0 MB stacks, 0 MB globals, 4 P
gc 307 @35.406s 0%: 0.27+1.2+0.045 ms clock, 1.1+0.20/1.1/0+0.18 ms cpu, 3->3->1 MB, 4 MB goal, 0 MB stacks, 0 MB globals, 4 P
gc 308 @35.411s 0%: 0.044+0.81+0.041 ms clock, 0.17+0.72/0.66/0+0.16 ms cpu, 3->3->1 MB, 4 MB goal, 0 MB stacks, 0 MB globals, 4 P
gc 309 @35.416s 0%: 0.24+0.86+0.040 ms clock, 0.98+0.46/0.99/0.002+0.16 ms cpu, 3->3->1 MB, 4 MB goal, 0 MB stacks, 0 MB globals, 4 P
gc 310 @35.421s 0%: 0.059+1.2+0.039 ms clock, 0.23+1.0/0.001/0+0.15 ms cpu, 3->3->1 MB, 4 MB goal, 0 MB stacks, 0 MB globals, 4 P
gc 311 @35.426s 0%: 0.082+1.3+0.028 ms clock, 0.32+0.49/0.57/0+0.11 ms cpu, 3->3->1 MB, 4 MB goal, 0 MB stacks, 0 MB globals, 4 P
gc 312 @35.432s 0%: 0.24+1.4+0.070 ms clock, 0.98+0.69/1.4/0+0.28 ms cpu, 3->3->1 MB, 4 MB goal, 0 MB stacks, 0 MB globals, 4 P
gc 313 @35.437s 0%: 0.067+1.2+0.050 ms clock, 0.26+1.0/0.003/0+0.20 ms cpu, 3->3->1 MB, 4 MB goal, 0 MB stacks, 0 MB globals, 4 P
gc 314 @35.442s 0%: 0.046+1.3+0.079 ms clock, 0.18+0.52/0.80/0+0.31 ms cpu, 3->3->1 MB, 4 MB goal, 0 MB stacks, 0 MB globals, 4 P
gc 315 @35.447s 0%: 0.050+1.5+0.055 ms clock, 0.20+0.82/0.63/0+0.22 ms cpu, 3->3->1 MB, 4 MB goal, 0 MB stacks, 0 MB globals, 4 P
gc 316 @35.452s 0%: 0.039+0.95+0.069 ms clock, 0.15+0.68/0.82/0+0.27 ms cpu, 3->3->1 MB, 4 MB goal, 0 MB stacks, 0 MB globals, 4 P
gc 317 @35.457s 0%: 0.057+0.55+0.019 ms clock, 0.22+0.74/0.44/0+0.076 ms cpu, 3->3->1 MB, 4 MB goal, 0 MB stacks, 0 MB globals, 4 P
gc 318 @35.462s 0%: 0.072+1.0+0.014 ms clock, 0.28+0.93/0.080/0+0.056 ms cpu, 3->3->1 MB, 4 MB goal, 0 MB stacks, 0 MB globals, 4 P
gc 319 @35.467s 0%: 0.024+2.6+0.051 ms clock, 0.096+0.49/0.69/0+0.20 ms cpu, 3->4->1 MB, 4 MB goal, 0 MB stacks, 0 MB globals, 4 P
gc 320 @35.473s 0%: 0.061+1.5+0.10 ms clock, 0.24+1.0/0.001/0+0.42 ms cpu, 3->3->1 MB, 4 MB goal, 0 MB stacks, 0 MB globals, 4 P
gc 321 @35.478s 0%: 0.059+1.2+0.049 ms clock, 0.23+0.73/1.0/0+0.19 ms cpu, 3->3->1 MB, 4 MB goal, 0 MB stacks, 0 MB globals, 4 P
gc 322 @35.483s 0%: 0.28+1.1+0.078 ms clock, 1.1+0.36/0.83/0+0.31 ms cpu, 3->3->1 MB, 4 MB goal, 0 MB stacks, 0 MB globals, 4 P
gc 323 @35.488s 0%: 0.060+0.66+0.063 ms clock, 0.24+0.59/0.53/0+0.25 ms cpu, 3->3->1 MB, 4 MB goal, 0 MB stacks, 0 MB globals, 4 P
gc 324 @35.493s 0%: 0.059+1.4+0.047 ms clock, 0.23+0.58/0.52/0+0.18 ms cpu, 3->3->1 MB, 4 MB goal, 0 MB stacks, 0 MB globals, 4 P
gc 325 @35.498s 0%: 0.084+1.8+0.048 ms clock, 0.33+0.60/0.60/0+0.19 ms cpu, 3->3->1 MB, 4 MB goal, 0 MB stacks, 0 MB globals, 4 P
gc 326 @35.503s 0%: 0.069+1.3+0.083 ms clock, 0.27+1.0/0.004/0+0.33 ms cpu, 3->3->1 MB, 4 MB goal, 0 MB stacks, 0 MB globals, 4 P
gc 327 @35.508s 0%: 0.077+1.5+0.003 ms clock, 0.30+0.52/0.56/0+0.013 ms cpu, 3->3->1 MB, 4 MB goal, 0 MB stacks, 0 MB globals, 4 P
gc 328 @35.513s 0%: 0.042+1.5+0.041 ms clock, 0.16+0.48/0.57/0+0.16 ms cpu, 3->3->1 MB, 4 MB goal, 0 MB stacks, 0 MB globals, 4 P
gc 329 @35.519s 0%: 1.1+1.4+0.031 ms clock, 4.5+0.63/1.2/0+0.12 ms cpu, 3->4->1 MB, 4 MB goal, 0 MB stacks, 0 MB globals, 4 P
gc 330 @35.524s 0%: 0.076+0.96+0.034 ms clock, 0.30+0.59/0.50/0+0.13 ms cpu, 3->3->1 MB, 4 MB goal, 0 MB stacks, 0 MB globals, 4 P
gc 331 @35.529s 0%: 0.066+2.3+0.047 ms clock, 0.26+0.48/1.4/0+0.19 ms cpu, 3->3->1 MB, 4 MB goal, 0 MB stacks, 0 MB globals, 4 P
gc 332 @35.534s 0%: 2.3+0.54+0.010 ms clock, 9.5+0.47/2.6/0+0.040 ms cpu, 3->3->1 MB, 4 MB goal, 0 MB stacks, 0 MB globals, 4 P
gc 333 @35.539s 0%: 0.061+1.0+0.034 ms clock, 0.24+0.42/0.58/0+0.13 ms cpu, 3->3->1 MB, 4 MB goal, 0 MB stacks, 0 MB globals, 4 P
gc 334 @35.545s 0%: 0.085+1.1+0.006 ms clock, 0.34+0.61/0.68/0+0.027 ms cpu, 3->3->1 MB, 4 MB goal, 0 MB stacks, 0 MB globals, 4 P
gc 335 @35.550s 0%: 0.058+0.74+0.030 ms clock, 0.23+0.88/0.50/0+0.12 ms cpu, 3->3->1 MB, 4 MB goal, 0 MB stacks, 0 MB globals, 4 P
gc 336 @35.555s 0%: 0.061+0.92+0.041 ms clock, 0.24+0.79/0.75/0+0.16 ms cpu, 3->3->1 MB, 4 MB goal, 0 MB stacks, 0 MB globals, 4 P
gc 337 @35.560s 0%: 0.047+1.0+0.004 ms clock, 0.18+0.41/0.50/0+0.016 ms cpu, 3->3->1 MB, 4 MB goal, 0 MB stacks, 0 MB globals, 4 P
gc 338 @35.565s 0%: 0.078+0.59+0.050 ms clock, 0.31+0.70/0.45/0+0.20 ms cpu, 3->3->1 MB, 4 MB goal, 0 MB stacks, 0 MB globals, 4 P
gc 339 @35.570s 0%: 0.10+1.1+0.034 ms clock, 0.41+1.5/0/0+0.13 ms cpu, 3->3->1 MB, 4 MB goal, 0 MB stacks, 0 MB globals, 4 P
gc 340 @35.575s 0%: 0.081+1.5+0.032 ms clock, 0.32+0.52/0.87/0+0.12 ms cpu, 3->3->1 MB, 4 MB goal, 0 MB stacks, 0 MB globals, 4 P
gc 341 @35.580s 0%: 0.072+0.72+0.072 ms clock, 0.28+0.72/0.56/0+0.28 ms cpu, 3->3->1 MB, 4 MB goal, 0 MB stacks, 0 MB globals, 4 P
gc 342 @35.585s 0%: 0.29+1.7+0.046 ms clock, 1.1+0.66/1.1/0+0.18 ms cpu, 3->3->1 MB, 4 MB goal, 0 MB stacks, 0 MB globals, 4 P
gc 343 @35.590s 0%: 0.070+0.94+0.025 ms clock, 0.28+0.64/0.54/0+0.10 ms cpu, 3->3->1 MB, 4 MB goal, 0 MB stacks, 0 MB globals, 4 P
gc 344 @35.595s 0%: 0.044+0.98+0.024 ms clock, 0.17+1.0/0.098/0+0.099 ms cpu, 3->3->1 MB, 4 MB goal, 0 MB stacks, 0 MB globals, 4 P
gc 345 @35.600s 0%: 0.097+1.6+0.062 ms clock, 0.38+0.67/0.75/0+0.24 ms cpu, 3->3->1 MB, 4 MB goal, 0 MB stacks, 0 MB globals, 4 P
gc 346 @35.605s 0%: 0.041+0.61+0.063 ms clock, 0.16+0.58/0.43/0+0.25 ms cpu, 3->3->1 MB, 4 MB goal, 0 MB stacks, 0 MB globals, 4 P
gc 347 @35.610s 0%: 0.055+0.70+0.059 ms clock, 0.22+0.73/0.55/0+0.23 ms cpu, 3->3->1 MB, 4 MB goal, 0 MB stacks, 0 MB globals, 4 P
gc 348 @35.615s 0%: 0.35+0.66+0.048 ms clock, 1.4+0.36/0.84/0.012+0.19 ms cpu, 3->3->1 MB, 4 MB goal, 0 MB stacks, 0 MB globals, 4 P
gc 349 @35.620s 0%: 0.069+1.0+0.006 ms clock, 0.27+0.89/0.44/0+0.024 ms cpu, 3->3->1 MB, 4 MB goal, 0 MB stacks, 0 MB globals, 4 P
gc 350 @35.625s 0%: 0.058+0.51+0.023 ms clock, 0.23+0.69/0.41/0+0.095 ms cpu, 3->3->1 MB, 4 MB goal, 0 MB stacks, 0 MB globals, 4 P
gc 351 @35.630s 0%: 0.063+0.60+0.023 ms clock, 0.25+0.88/0.45/0+0.092 ms cpu, 3->3->1 MB, 4 MB goal, 0 MB stacks, 0 MB globals, 4 P
gc 352 @35.635s 0%: 0.072+1.0+0.024 ms clock, 0.28+1.0/0.48/0+0.098 ms cpu, 3->3->1 MB, 4 MB goal, 0 MB stacks, 0 MB globals, 4 P
gc 353 @35.640s 0%: 0.067+0.77+0.059 ms clock, 0.26+0.77/0.57/0+0.23 ms cpu, 3->3->1 MB, 4 MB goal, 0 MB stacks, 0 MB globals, 4 P
gc 354 @35.645s 0%: 0.079+0.95+0.071 ms clock, 0.31+1.0/0.59/0+0.28 ms cpu, 3->3->1 MB, 4 MB goal, 0 MB stacks, 0 MB globals, 4 P
gc 355 @35.650s 0%: 0.34+0.89+0.032 ms clock, 1.3+1.1/0.54/0+0.13 ms cpu, 3->3->1 MB, 4 MB goal, 0 MB stacks, 0 MB globals, 4 P
gc 356 @35.655s 0%: 0.071+1.6+0.018 ms clock, 0.28+0.92/0.50/0+0.072 ms cpu, 3->3->1 MB, 4 MB goal, 0 MB stacks, 0 MB globals, 4 P
gc 357 @35.660s 0%: 0.083+0.97+0.033 ms clock, 0.33+0.86/0.93/0+0.13 ms cpu, 3->3->1 MB, 4 MB goal, 0 MB stacks, 0 MB globals, 4 P
gc 358 @35.665s 0%: 0.42+1.2+0.064 ms clock, 1.6+0.39/1.4/0+0.25 ms cpu, 3->3->1 MB, 4 MB goal, 0 MB stacks, 0 MB globals, 4 P
gc 359 @35.670s 0%: 0.083+0.53+0.021 ms clock, 0.33+0.61/0.48/0+0.085 ms cpu, 3->3->1 MB, 4 MB goal, 0 MB stacks, 0 MB globals, 4 P
gc 360 @35.675s 0%: 0.085+1.3+0.080 ms clock, 0.34+1.0/1.0/0+0.32 ms cpu, 3->3->1 MB, 4 MB goal, 0 MB stacks, 0 MB globals, 4 P
gc 361 @35.680s 0%: 0.087+1.7+0.029 ms clock, 0.34+0.41/0.67/0+0.11 ms cpu, 3->3->1 MB, 4 MB goal, 0 MB stacks, 0 MB globals, 4 P
gc 362 @35.686s 0%: 0.34+0.98+0.032 ms clock, 1.3+0.54/1.2/0+0.13 ms cpu, 3->3->1 MB, 4 MB goal, 0 MB stacks, 0 MB globals, 4 P
gc 363 @35.691s 0%: 0.049+0.76+0.003 ms clock, 0.19+0.80/0.51/0+0.015 ms cpu, 3->3->1 MB, 4 MB goal, 0 MB stacks, 0 MB globals, 4 P
gc 364 @35.696s 0%: 0.28+1.3+0.022 ms clock, 1.1+0.66/1.4/0.047+0.088 ms cpu, 3->3->1 MB, 4 MB goal, 0 MB stacks, 0 MB globals, 4 P
gc 365 @35.701s 0%: 0.018+0.64+0.074 ms clock, 0.073+0.83/0.48/0+0.29 ms cpu, 3->3->1 MB, 4 MB goal, 0 MB stacks, 0 MB globals, 4 P
gc 366 @35.706s 0%: 0.063+0.83+0.029 ms clock, 0.25+1.0/0.010/0+0.11 ms cpu, 3->3->1 MB, 4 MB goal, 0 MB stacks, 0 MB globals, 4 P
gc 367 @35.711s 0%: 0.098+1.1+0.055 ms clock, 0.39+0.53/0.93/0+0.22 ms cpu, 3->3->1 MB, 4 MB goal, 0 MB stacks, 0 MB globals, 4 P
gc 368 @35.716s 0%: 0.11+0.94+0.065 ms clock, 0.46+0.54/0.59/0+0.26 ms cpu, 3->3->1 MB, 4 MB goal, 0 MB stacks, 0 MB globals, 4 P
gc 369 @35.721s 0%: 0.080+1.8+0.029 ms clock, 0.32+0.67/0.66/0+0.11 ms cpu, 3->3->1 MB, 4 MB goal, 0 MB stacks, 0 MB globals, 4 P
gc 370 @35.726s 0%: 0.20+1.0+0.033 ms clock, 0.82+0.57/1.0/0+0.13 ms cpu, 3->3->1 MB, 4 MB goal, 0 MB stacks, 0 MB globals, 4 P
gc 371 @35.731s 0%: 0.093+0.62+0.027 ms clock, 0.37+0.76/0.52/0+0.10 ms cpu, 3->3->1 MB, 4 MB goal, 0 MB stacks, 0 MB globals, 4 P
gc 372 @35.736s 0%: 0.082+0.96+0.037 ms clock, 0.32+0.85/0.48/0+0.14 ms cpu, 3->3->1 MB, 4 MB goal, 0 MB stacks, 0 MB globals, 4 P
gc 373 @35.741s 0%: 0.039+0.61+0.067 ms clock, 0.15+0.83/0.48/0+0.27 ms cpu, 3->3->1 MB, 4 MB goal, 0 MB stacks, 0 MB globals, 4 P
gc 374 @35.746s 0%: 0.065+0.86+0.008 ms clock, 0.26+0.72/0.73/0+0.033 ms cpu, 3->3->1 MB, 4 MB goal, 0 MB stacks, 0 MB globals, 4 P
gc 375 @35.751s 0%: 0.082+0.93+0.007 ms clock, 0.32+0.68/0.74/0+0.031 ms cpu, 3->3->1 MB, 4 MB goal, 0 MB stacks, 0 MB globals, 4 P
gc 376 @35.756s 0%: 0.97+0.48+0.040 ms clock, 3.9+1.0/0/0+0.16 ms cpu, 3->3->1 MB, 4 MB goal, 0 MB stacks, 0 MB globals, 4 P
gc 377 @35.761s 0%: 0.070+1.5+0.035 ms clock, 0.28+0.62/0.55/0+0.14 ms cpu, 3->3->1 MB, 4 MB goal, 0 MB stacks, 0 MB globals, 4 P
gc 378 @35.766s 0%: 0.10+1.7+0.009 ms clock, 0.41+0.89/0.45/0+0.037 ms cpu, 3->3->1 MB, 4 MB goal, 0 MB stacks, 0 MB globals, 4 P
gc 379 @35.771s 0%: 0.050+0.99+0.043 ms clock, 0.20+0.45/0.60/0+0.17 ms cpu, 3->3->1 MB, 4 MB goal, 0 MB stacks, 0 MB globals, 4 P
gc 380 @35.776s 0%: 0.24+1.3+0.020 ms clock, 0.99+0.64/1.2/0+0.082 ms cpu, 3->3->1 MB, 4 MB goal, 0 MB stacks, 0 MB globals, 4 P
gc 381 @35.781s 0%: 1.1+0.32+0.032 ms clock, 4.4+0.60/1.2/0+0.13 ms cpu, 3->3->1 MB, 4 MB goal, 0 MB stacks, 0 MB globals, 4 P
gc 382 @35.786s 0%: 0.29+1.5+0.061 ms clock, 1.1+0.59/1.3/0+0.24 ms cpu, 3->3->1 MB, 4 MB goal, 0 MB stacks, 0 MB globals, 4 P
gc 383 @35.791s 0%: 0.50+1.5+0.030 ms clock, 2.0+0.45/0.81/0+0.12 ms cpu, 3->3->1 MB, 4 MB goal, 0 MB stacks, 0 MB globals, 4 P
gc 384 @35.797s 0%: 0.033+1.6+0.033 ms clock, 0.13+0.37/0.66/0+0.13 ms cpu, 3->3->1 MB, 4 MB goal, 0 MB stacks, 0 MB globals, 4 P
gc 385 @35.802s 0%: 0.37+0.55+0.037 ms clock, 1.4+0.32/0.81/0+0.15 ms cpu, 3->3->1 MB, 4 MB goal, 0 MB stacks, 0 MB globals, 4 P
gc 386 @35.807s 0%: 0.043+2.2+0.068 ms clock, 0.17+0.75/0.73/0+0.27 ms cpu, 3->4->1 MB, 4 MB goal, 0 MB stacks, 0 MB globals, 4 P
gc 387 @35.812s 0%: 0.056+0.60+0.068 ms clock, 0.22+0.78/0.53/0+0.27 ms cpu, 3->3->1 MB, 4 MB goal, 0 MB stacks, 0 MB globals, 4 P
gc 388 @35.817s 0%: 0.050+1.4+0.045 ms clock, 0.20+0.55/0.52/0+0.18 ms cpu, 3->3->1 MB, 4 MB goal, 0 MB stacks, 0 MB globals, 4 P
gc 389 @35.822s 0%: 0.070+0.63+0.026 ms clock, 0.28+0.84/0.52/0+0.10 ms cpu, 3->3->1 MB, 4 MB goal, 0 MB stacks, 0 MB globals, 4 P
gc 390 @35.827s 0%: 0.054+2.3+0.038 ms clock, 0.21+0.58/1.9/0.009+0.15 ms cpu, 3->3->1 MB, 4 MB goal, 0 MB stacks, 0 MB globals, 4 P
gc 391 @35.833s 0%: 0.11+1.6+0.003 ms clock, 0.45+0.36/0.66/0+0.012 ms cpu, 3->3->1 MB, 4 MB goal, 0 MB stacks, 0 MB globals, 4 P
gc 392 @35.838s 0%: 0.071+1.7+0.073 ms clock, 0.28+0.16/0.64/0+0.29 ms cpu, 3->3->1 MB, 4 MB goal, 0 MB stacks, 0 MB globals, 4 P
gc 393 @35.843s 0%: 0.054+1.3+0.044 ms clock, 0.21+0.64/0.59/0+0.17 ms cpu, 3->3->1 MB, 4 MB goal, 0 MB stacks, 0 MB globals, 4 P
gc 394 @35.848s 0%: 0.39+0.66+0.073 ms clock, 1.5+0.47/0.89/0+0.29 ms cpu, 3->3->1 MB, 4 MB goal, 0 MB stacks, 0 MB globals, 4 P
gc 395 @35.853s 0%: 0.048+1.3+0.021 ms clock, 0.19+0.78/0.60/0+0.086 ms cpu, 3->3->1 MB, 4 MB goal, 0 MB stacks, 0 MB globals, 4 P
gc 396 @35.858s 0%: 0.058+0.56+0.036 ms clock, 0.23+0.69/0.45/0+0.14 ms cpu, 3->3->1 MB, 4 MB goal, 0 MB stacks, 0 MB globals, 4 P
gc 397 @35.863s 0%: 0.078+0.63+0.026 ms clock, 0.31+0.79/0.43/0+0.10 ms cpu, 3->3->1 MB, 4 MB goal, 0 MB stacks, 0 MB globals, 4 P
gc 398 @35.868s 0%: 0.084+1.3+0.079 ms clock, 0.33+0.35/0.60/0+0.31 ms cpu, 3->3->1 MB, 4 MB goal, 0 MB stacks, 0 MB globals, 4 P
gc 399 @35.873s 0%: 0.093+0.74+0.056 ms clock, 0.37+0.59/0.54/0+0.22 ms cpu, 3->3->1 MB, 4 MB goal, 0 MB stacks, 0 MB globals, 4 P
gc 400 @35.878s 0%: 0.048+0.57+0.039 ms clock, 0.19+0.85/0.44/0+0.15 ms cpu, 3->3->1 MB, 4 MB goal, 0 MB stacks, 0 MB globals, 4 P
gc 401 @35.883s 0%: 0.33+1.2+0.046 ms clock, 1.3+0.46/1.4/0+0.18 ms cpu, 3->3->1 MB, 4 MB goal, 0 MB stacks, 0 MB globals, 4 P
gc 402 @35.888s 0%: 0.046+0.55+0.054 ms clock, 0.18+0.73/0.45/0+0.21 ms cpu, 3->3->1 MB, 4 MB goal, 0 MB stacks, 0 MB globals, 4 P
gc 403 @35.893s 0%: 0.36+0.92+0.039 ms clock, 1.4+0.62/1.1/0+0.15 ms cpu, 3->3->1 MB, 4 MB goal, 0 MB stacks, 0 MB globals, 4 P
gc 404 @35.898s 0%: 0.095+0.61+0.005 ms clock, 0.38+0.74/0.56/0+0.021 ms cpu, 3->3->1 MB, 4 MB goal, 0 MB stacks, 0 MB globals, 4 P
gc 405 @35.903s 0%: 0.31+0.70+0.037 ms clock, 1.2+0.46/0.89/0+0.15 ms cpu, 3->3->1 MB, 4 MB goal, 0 MB stacks, 0 MB globals, 4 P
gc 406 @35.908s 0%: 0.068+1.0+0.026 ms clock, 0.27+0.38/0.56/0+0.10 ms cpu, 3->3->1 MB, 4 MB goal, 0 MB stacks, 0 MB globals, 4 P
gc 407 @35.913s 0%: 1.4+0.38+0.008 ms clock, 5.8+0.31/1.6/0+0.033 ms cpu, 3->3->1 MB, 4 MB goal, 0 MB stacks, 0 MB globals, 4 P
gc 408 @35.919s 0%: 0.32+2.0+0.039 ms clock, 1.2+0.56/1.8/0.087+0.15 ms cpu, 3->4->1 MB, 4 MB goal, 0 MB stacks, 0 MB globals, 4 P
gc 409 @35.924s 0%: 0.27+1.7+0.003 ms clock, 1.0+0.69/1.2/0.14+0.013 ms cpu, 3->3->1 MB, 4 MB goal, 0 MB stacks, 0 MB globals, 4 P
gc 410 @35.930s 0%: 0.087+1.2+0.029 ms clock, 0.34+0.20/1.0/0+0.11 ms cpu, 3->3->1 MB, 4 MB goal, 0 MB stacks, 0 MB globals, 4 P
gc 411 @35.934s 0%: 0.40+1.8+0.008 ms clock, 1.6+0.35/0.74/0+0.032 ms cpu, 3->4->1 MB, 4 MB goal, 0 MB stacks, 0 MB globals, 4 P
gc 412 @35.940s 0%: 0.35+1.5+0.031 ms clock, 1.4+0.45/1.3/0+0.12 ms cpu, 3->3->1 MB, 4 MB goal, 0 MB stacks, 0 MB globals, 4 P
gc 413 @35.945s 0%: 0.056+1.4+0.032 ms clock, 0.22+1.5/0.26/0+0.13 ms cpu, 3->3->1 MB, 4 MB goal, 0 MB stacks, 0 MB globals, 4 P
gc 414 @35.950s 0%: 0.052+1.2+0.039 ms clock, 0.20+0.50/0.55/0+0.15 ms cpu, 3->3->1 MB, 4 MB goal, 0 MB stacks, 0 MB globals, 4 P
gc 415 @35.955s 0%: 0.062+1.3+0.031 ms clock, 0.25+0.66/0.52/0+0.12 ms cpu, 3->3->1 MB, 4 MB goal, 0 MB stacks, 0 MB globals, 4 P
gc 416 @35.960s 0%: 0.046+1.3+0.029 ms clock, 0.18+1.7/0.66/0+0.11 ms cpu, 3->3->1 MB, 4 MB goal, 0 MB stacks, 0 MB globals, 4 P
gc 417 @35.965s 0%: 0.074+1.1+0.004 ms clock, 0.29+0.61/0.42/0+0.016 ms cpu, 3->3->1 MB, 4 MB goal, 0 MB stacks, 0 MB globals, 4 P
gc 418 @35.970s 0%: 0.044+0.84+0.030 ms clock, 0.17+1.0/0.003/0+0.12 ms cpu, 3->3->1 MB, 4 MB goal, 0 MB stacks, 0 MB globals, 4 P
gc 419 @35.975s 0%: 0.060+0.65+0.036 ms clock, 0.24+0.61/0.54/0+0.14 ms cpu, 3->3->1 MB, 4 MB goal, 0 MB stacks, 0 MB globals, 4 P
gc 420 @35.980s 0%: 0.051+0.53+0.025 ms clock, 0.20+0.83/0.43/0+0.10 ms cpu, 3->3->1 MB, 4 MB goal, 0 MB stacks, 0 MB globals, 4 P
gc 421 @35.985s 0%: 0.073+1.7+0.019 ms clock, 0.29+0.50/0.59/0+0.079 ms cpu, 3->3->1 MB, 4 MB goal, 0 MB stacks, 0 MB globals, 4 P
gc 422 @35.990s 0%: 0.10+1.4+0.038 ms clock, 0.40+0.64/0.64/0+0.15 ms cpu, 3->3->1 MB, 4 MB goal, 0 MB stacks, 0 MB globals, 4 P
gc 423 @35.995s 0%: 0.032+0.94+0.052 ms clock, 0.13+0.84/0.65/0+0.20 ms cpu, 3->3->1 MB, 4 MB goal, 0 MB stacks, 0 MB globals, 4 P
gc 424 @36.001s 0%: 0.37+1.6+0.038 ms clock, 1.5+0.16/1.0/0+0.15 ms cpu, 3->3->1 MB, 4 MB goal, 0 MB stacks, 0 MB globals, 4 P
gc 425 @36.006s 0%: 0.35+1.6+0.018 ms clock, 1.4+0.26/1.2/0.10+0.075 ms cpu, 3->3->1 MB, 4 MB goal, 0 MB stacks, 0 MB globals, 4 P
gc 426 @36.011s 0%: 0.051+0.72+0.023 ms clock, 0.20+0.83/0.51/0+0.093 ms cpu, 3->3->1 MB, 4 MB goal, 0 MB stacks, 0 MB globals, 4 P
gc 427 @36.016s 0%: 0.082+1.7+0.016 ms clock, 0.32+0.59/0.67/0+0.065 ms cpu, 3->3->1 MB, 4 MB goal, 0 MB stacks, 0 MB globals, 4 P
gc 428 @36.021s 0%: 0.082+1.3+0.012 ms clock, 0.33+0.54/0.51/0+0.048 ms cpu, 3->3->1 MB, 4 MB goal, 0 MB stacks, 0 MB globals, 4 P
gc 429 @36.026s 0%: 0.043+0.58+0.023 ms clock, 0.17+0.58/0.49/0+0.092 ms cpu, 3->3->1 MB, 4 MB goal, 0 MB stacks, 0 MB globals, 4 P
gc 430 @36.031s 0%: 0.10+0.64+0.019 ms clock, 0.40+0.68/0.54/0+0.077 ms cpu, 3->3->1 MB, 4 MB goal, 0 MB stacks, 0 MB globals, 4 P
gc 431 @36.036s 0%: 0.077+0.65+0.017 ms clock, 0.31+0.68/0.50/0+0.071 ms cpu, 3->3->1 MB, 4 MB goal, 0 MB stacks, 0 MB globals, 4 P
gc 432 @36.041s 0%: 0.24+0.82+0.059 ms clock, 0.99+0.66/0.91/0+0.23 ms cpu, 3->3->1 MB, 4 MB goal, 0 MB stacks, 0 MB globals, 4 P
gc 433 @36.046s 0%: 0.065+0.72+0.020 ms clock, 0.26+0.70/0.61/0+0.081 ms cpu, 3->3->1 MB, 4 MB goal, 0 MB stacks, 0 MB globals, 4 P
gc 434 @36.051s 0%: 0.36+0.65+0.037 ms clock, 1.4+0.14/0.88/0+0.15 ms cpu, 3->3->1 MB, 4 MB goal, 0 MB stacks, 0 MB globals, 4 P
gc 435 @36.056s 0%: 0.27+1.8+0.003 ms clock, 1.1+1.8/0.89/0+0.012 ms cpu, 3->3->1 MB, 4 MB goal, 0 MB stacks, 0 MB globals, 4 P
gc 436 @36.061s 0%: 0.043+1.1+0.006 ms clock, 0.17+0.53/0.52/0+0.024 ms cpu, 3->3->1 MB, 4 MB goal, 0 MB stacks, 0 MB globals, 4 P
gc 437 @36.066s 0%: 0.17+0.69+0.044 ms clock, 0.71+1.1/0.058/0+0.17 ms cpu, 3->3->1 MB, 4 MB goal, 0 MB stacks, 0 MB globals, 4 P
gc 438 @36.071s 0%: 0.53+1.7+0.079 ms clock, 2.1+0.73/0.90/0+0.31 ms cpu, 3->3->1 MB, 4 MB goal, 0 MB stacks, 0 MB globals, 4 P
gc 439 @36.077s 0%: 0.10+1.8+0.049 ms clock, 0.42+0.72/1.3/0+0.19 ms cpu, 3->3->1 MB, 4 MB goal, 0 MB stacks, 0 MB globals, 4 P
gc 440 @36.082s 0%: 0.47+0.61+0.031 ms clock, 1.9+0.005/0.87/0+0.12 ms cpu, 3->3->1 MB, 4 MB goal, 0 MB stacks, 0 MB globals, 4 P
gc 441 @36.087s 0%: 0.024+0.61+0.038 ms clock, 0.099+0.92/0.52/0+0.15 ms cpu, 3->3->1 MB, 4 MB goal, 0 MB stacks, 0 MB globals, 4 P
gc 442 @36.092s 0%: 0.040+1.8+0.030 ms clock, 0.16+0.66/1.1/0+0.12 ms cpu, 3->3->1 MB, 4 MB goal, 0 MB stacks, 0 MB globals, 4 P
gc 443 @36.097s 0%: 0.12+1.7+0.076 ms clock, 0.48+0.62/1.5/0+0.30 ms cpu, 3->3->1 MB, 4 MB goal, 0 MB stacks, 0 MB globals, 4 P
gc 444 @36.102s 0%: 0.054+1.6+0.022 ms clock, 0.21+0.62/1.3/0.19+0.089 ms cpu, 3->3->1 MB, 4 MB goal, 0 MB stacks, 0 MB globals, 4 P
gc 445 @36.108s 0%: 0.051+0.86+0.052 ms clock, 0.20+0.62/0.76/0+0.21 ms cpu, 3->3->1 MB, 4 MB goal, 0 MB stacks, 0 MB globals, 4 P
gc 446 @36.113s 0%: 1.8+0.57+0.072 ms clock, 7.4+0.28/1.9/0+0.29 ms cpu, 3->3->1 MB, 4 MB goal, 0 MB stacks, 0 MB globals, 4 P
gc 447 @36.118s 0%: 0.057+0.69+0.020 ms clock, 0.23+0.61/0.56/0+0.083 ms cpu, 3->3->1 MB, 4 MB goal, 0 MB stacks, 0 MB globals, 4 P
gc 448 @36.123s 0%: 0.063+1.7+0.002 ms clock, 0.25+0.43/0.59/0+0.011 ms cpu, 3->3->1 MB, 4 MB goal, 0 MB stacks, 0 MB globals, 4 P
gc 449 @36.129s 0%: 1.1+0.96+0.004 ms clock, 4.5+0.43/1.9/0+0.017 ms cpu, 3->4->1 MB, 4 MB goal, 0 MB stacks, 0 MB globals, 4 P
gc 450 @36.133s 0%: 0.044+1.0+0.022 ms clock, 0.17+0.55/0.45/0+0.090 ms cpu, 3->3->1 MB, 4 MB goal, 0 MB stacks, 0 MB globals, 4 P
gc 451 @36.138s 0%: 0.35+1.7+0.081 ms clock, 1.4+0.37/1.4/0+0.32 ms cpu, 3->3->1 MB, 4 MB goal, 0 MB stacks, 0 MB globals, 4 P
gc 452 @36.144s 0%: 0.064+1.3+0.002 ms clock, 0.25+0.75/0.53/0.076+0.011 ms cpu, 3->3->1 MB, 4 MB goal, 0 MB stacks, 0 MB globals, 4 P
gc 453 @36.149s 0%: 0.094+1.7+0.038 ms clock, 0.37+1.9/0.73/0+0.15 ms cpu, 3->3->1 MB, 4 MB goal, 0 MB stacks, 0 MB globals, 4 P
gc 454 @36.154s 0%: 0.070+0.71+0.049 ms clock, 0.28+0.58/0.57/0+0.19 ms cpu, 3->3->1 MB, 4 MB goal, 0 MB stacks, 0 MB globals, 4 P
gc 455 @36.159s 0%: 0.047+1.1+0.042 ms clock, 0.19+0.70/0.81/0+0.17 ms cpu, 3->3->1 MB, 4 MB goal, 0 MB stacks, 0 MB globals, 4 P
gc 456 @36.164s 0%: 0.076+1.7+0.041 ms clock, 0.30+0.59/0.61/0+0.16 ms cpu, 3->3->1 MB, 4 MB goal, 0 MB stacks, 0 MB globals, 4 P
gc 457 @36.169s 0%: 0.59+0.30+0.027 ms clock, 2.3+0.65/0.65/0+0.10 ms cpu, 3->3->1 MB, 4 MB goal, 0 MB stacks, 0 MB globals, 4 P
gc 458 @36.174s 0%: 0.066+1.1+0.037 ms clock, 0.26+0.59/0.73/0+0.15 ms cpu, 3->3->1 MB, 4 MB goal, 0 MB stacks, 0 MB globals, 4 P
gc 459 @36.179s 0%: 0.056+0.83+0.044 ms clock, 0.22+0.80/0.32/0+0.17 ms cpu, 3->3->1 MB, 4 MB goal, 0 MB stacks, 0 MB globals, 4 P
gc 460 @36.184s 0%: 0.090+1.5+0.040 ms clock, 0.36+0.60/0.56/0+0.16 ms cpu, 3->3->1 MB, 4 MB goal, 0 MB stacks, 0 MB globals, 4 P
gc 461 @36.189s 0%: 0.29+1.9+0.058 ms clock, 1.1+0.72/0.97/0+0.23 ms cpu, 3->3->1 MB, 4 MB goal, 0 MB stacks, 0 MB globals, 4 P
gc 462 @36.194s 0%: 0.091+0.61+0.029 ms clock, 0.36+0.75/0.52/0+0.11 ms cpu, 3->3->1 MB, 4 MB goal, 0 MB stacks, 0 MB globals, 4 P
gc 463 @36.199s 0%: 0.055+0.79+0.060 ms clock, 0.22+0.89/0.56/0+0.24 ms cpu, 3->3->1 MB, 4 MB goal, 0 MB stacks, 0 MB globals, 4 P
gc 464 @36.204s 0%: 0.27+1.8+0.019 ms clock, 1.0+0.57/1.0/0.043+0.078 ms cpu, 3->3->1 MB, 4 MB goal, 0 MB stacks, 0 MB globals, 4 P
gc 465 @36.210s 0%: 0.062+1.8+0.044 ms clock, 0.24+0.31/0.61/0+0.17 ms cpu, 3->3->1 MB, 4 MB goal, 0 MB stacks, 0 MB globals, 4 P
gc 466 @36.215s 0%: 0.36+2.0+0.009 ms clock, 1.4+0.18/2.0/0.10+0.036 ms cpu, 3->4->1 MB, 4 MB goal, 0 MB stacks, 0 MB globals, 4 P
gc 467 @36.220s 0%: 0.070+0.60+0.027 ms clock, 0.28+0.57/0.52/0+0.11 ms cpu, 3->3->1 MB, 4 MB goal, 0 MB stacks, 0 MB globals, 4 P
gc 468 @36.225s 0%: 0.065+0.73+0.027 ms clock, 0.26+0.71/0.56/0+0.10 ms cpu, 3->3->1 MB, 4 MB goal, 0 MB stacks, 0 MB globals, 4 P
gc 469 @36.230s 0%: 0.063+1.6+0.080 ms clock, 0.25+0.85/0.57/0+0.32 ms cpu, 3->3->1 MB, 4 MB goal, 0 MB stacks, 0 MB globals, 4 P
gc 470 @36.235s 0%: 0.058+1.5+0.002 ms clock, 0.23+0.43/0.55/0+0.011 ms cpu, 3->3->1 MB, 4 MB goal, 0 MB stacks, 0 MB globals, 4 P
gc 471 @36.240s 0%: 0.044+1.0+0.026 ms clock, 0.17+0.97/0.001/0+0.10 ms cpu, 3->3->1 MB, 4 MB goal, 0 MB stacks, 0 MB globals, 4 P
gc 472 @36.245s 0%: 0.31+0.63+0.004 ms clock, 1.2+0.61/0.78/0+0.017 ms cpu, 3->3->1 MB, 4 MB goal, 0 MB stacks, 0 MB globals, 4 P
gc 473 @36.250s 0%: 0.050+1.4+0.028 ms clock, 0.20+0.49/0.59/0+0.11 ms cpu, 3->3->1 MB, 4 MB goal, 0 MB stacks, 0 MB globals, 4 P
gc 474 @36.255s 0%: 0.070+0.59+0.033 ms clock, 0.28+0.68/0.52/0+0.13 ms cpu, 3->3->1 MB, 4 MB goal, 0 MB stacks, 0 MB globals, 4 P
gc 475 @36.260s 0%: 0.11+1.4+0.061 ms clock, 0.44+0.21/0.84/0+0.24 ms cpu, 3->3->1 MB, 4 MB goal, 0 MB stacks, 0 MB globals, 4 P
gc 476 @36.265s 0%: 0.43+1.8+0.062 ms clock, 1.7+0.39/1.4/0+0.25 ms cpu, 3->4->1 MB, 4 MB goal, 0 MB stacks, 0 MB globals, 4 P
gc 477 @36.271s 0%: 0.092+0.72+0.032 ms clock, 0.37+0.57/0.61/0+0.13 ms cpu, 3->3->1 MB, 4 MB goal, 0 MB stacks, 0 MB globals, 4 P
gc 478 @36.275s 0%: 0.094+1.4+0.041 ms clock, 0.37+0.49/0.80/0+0.16 ms cpu, 3->3->1 MB, 4 MB goal, 0 MB stacks, 0 MB globals, 4 P
gc 479 @36.281s 0%: 0.078+1.8+0.029 ms clock, 0.31+1.2/0.79/0+0.11 ms cpu, 3->3->1 MB, 4 MB goal, 0 MB stacks, 0 MB globals, 4 P
gc 480 @36.286s 0%: 0.097+0.75+0.027 ms clock, 0.39+0.63/0.54/0+0.11 ms cpu, 3->3->1 MB, 4 MB goal, 0 MB stacks, 0 MB globals, 4 P
gc 481 @36.291s 0%: 0.10+1.8+0.031 ms clock, 0.40+0.31/0.58/0+0.12 ms cpu, 3->3->1 MB, 4 MB goal, 0 MB stacks, 0 MB globals, 4 P
gc 482 @36.296s 0%: 0.076+0.94+0.030 ms clock, 0.30+0.94/0.86/0.032+0.12 ms cpu, 3->3->1 MB, 4 MB goal, 0 MB stacks, 0 MB globals, 4 P
gc 483 @36.301s 0%: 0.061+0.74+0.048 ms clock, 0.24+1.0/0.66/0+0.19 ms cpu, 3->3->1 MB, 4 MB goal, 0 MB stacks, 0 MB globals, 4 P
gc 484 @36.306s 0%: 0.072+0.84+0.029 ms clock, 0.29+0.88/0.64/0+0.11 ms cpu, 3->3->1 MB, 4 MB goal, 0 MB stacks, 0 MB globals, 4 P
gc 485 @36.311s 0%: 0.11+1.0+0.026 ms clock, 0.47+0.42/0.57/0+0.10 ms cpu, 3->3->1 MB, 4 MB goal, 0 MB stacks, 0 MB globals, 4 P
gc 486 @36.316s 0%: 0.047+1.5+0.035 ms clock, 0.18+0.92/0.88/0.001+0.14 ms cpu, 3->3->1 MB, 4 MB goal, 0 MB stacks, 0 MB globals, 4 P
gc 487 @36.321s 0%: 0.033+0.75+0.049 ms clock, 0.13+0.78/0.57/0+0.19 ms cpu, 3->3->1 MB, 4 MB goal, 0 MB stacks, 0 MB globals, 4 P
gc 488 @36.326s 0%: 0.10+0.65+0.040 ms clock, 0.40+0.59/0.50/0+0.16 ms cpu, 3->3->1 MB, 4 MB goal, 0 MB stacks, 0 MB globals, 4 P
gc 489 @36.331s 0%: 0.10+0.77+0.075 ms clock, 0.41+0.68/0.61/0+0.30 ms cpu, 3->3->1 MB, 4 MB goal, 0 MB stacks, 0 MB globals, 4 P
gc 490 @36.336s 0%: 0.055+0.70+0.028 ms clock, 0.22+0.82/0.61/0+0.11 ms cpu, 3->3->1 MB, 4 MB goal, 0 MB stacks, 0 MB globals, 4 P
gc 491 @36.341s 0%: 0.083+0.89+0.028 ms clock, 0.33+0.79/0.47/0+0.11 ms cpu, 3->3->1 MB, 4 MB goal, 0 MB stacks, 0 MB globals, 4 P
gc 492 @36.346s 0%: 0.038+1.1+0.079 ms clock, 0.15+0.78/0.65/0+0.31 ms cpu, 3->3->1 MB, 4 MB goal, 0 MB stacks, 0 MB globals, 4 P
gc 493 @36.351s 0%: 0.038+1.5+0.030 ms clock, 0.15+0.58/0.71/0+0.12 ms cpu, 3->3->1 MB, 4 MB goal, 0 MB stacks, 0 MB globals, 4 P
gc 494 @36.356s 0%: 0.81+0.36+0.007 ms clock, 3.2+0.72/0.94/0+0.029 ms cpu, 3->3->1 MB, 4 MB goal, 0 MB stacks, 0 MB globals, 4 P
gc 495 @36.361s 0%: 0.066+0.69+0.050 ms clock, 0.26+0.79/0.57/0+0.20 ms cpu, 3->3->1 MB, 4 MB goal, 0 MB stacks, 0 MB globals, 4 P
gc 496 @36.366s 0%: 0.088+0.67+0.049 ms clock, 0.35+0.74/0.60/0+0.19 ms cpu, 3->3->1 MB, 4 MB goal, 0 MB stacks, 0 MB globals, 4 P
gc 497 @36.371s 0%: 0.077+0.85+0.020 ms clock, 0.30+0.85/0.67/0+0.081 ms cpu, 3->3->1 MB, 4 MB goal, 0 MB stacks, 0 MB globals, 4 P
gc 498 @36.376s 0%: 0.11+1.1+0.004 ms clock, 0.47+0.55/0.51/0+0.016 ms cpu, 3->3->1 MB, 4 MB goal, 0 MB stacks, 0 MB globals, 4 P
gc 499 @36.381s 0%: 0.056+1.2+0.10 ms clock, 0.22+0.83/0.64/0+0.40 ms cpu, 3->3->1 MB, 4 MB goal, 0 MB stacks, 0 MB globals, 4 P
gc 500 @36.386s 0%: 0.065+1.6+0.026 ms clock, 0.26+0.55/0.79/0+0.10 ms cpu, 3->3->1 MB, 4 MB goal, 0 MB stacks, 0 MB globals, 4 P
gc 501 @36.391s 0%: 0.066+0.51+0.028 ms clock, 0.26+0.87/0.41/0+0.11 ms cpu, 3->3->1 MB, 4 MB goal, 0 MB stacks, 0 MB globals, 4 P
gc 502 @36.396s 0%: 0.072+0.55+0.023 ms clock, 0.28+0.86/0.46/0+0.094 ms cpu, 3->3->1 MB, 4 MB goal, 0 MB stacks, 0 MB globals, 4 P
gc 503 @36.401s 0%: 0.073+0.62+0.043 ms clock, 0.29+0.62/0.56/0+0.17 ms cpu, 3->3->1 MB, 4 MB goal, 0 MB stacks, 0 MB globals, 4 P
gc 504 @36.406s 0%: 0.057+0.59+0.015 ms clock, 0.22+0.62/0.48/0+0.061 ms cpu, 3->3->1 MB, 4 MB goal, 0 MB stacks, 0 MB globals, 4 P
gc 505 @36.410s 0%: 0.085+0.57+0.042 ms clock, 0.34+0.73/0.45/0+0.16 ms cpu, 3->3->1 MB, 4 MB goal, 0 MB stacks, 0 MB globals, 4 P
gc 506 @36.416s 0%: 0.041+0.53+0.045 ms clock, 0.16+0.83/0.40/0+0.18 ms cpu, 3->3->1 MB, 4 MB goal, 0 MB stacks, 0 MB globals, 4 P
gc 507 @36.421s 0%: 0.066+2.2+0.059 ms clock, 0.26+0.56/0.63/0+0.23 ms cpu, 3->4->1 MB, 4 MB goal, 0 MB stacks, 0 MB globals, 4 P
gc 508 @36.426s 0%: 0.063+0.87+0.078 ms clock, 0.25+0.49/0.70/0+0.31 ms cpu, 3->3->1 MB, 4 MB goal, 0 MB stacks, 0 MB globals, 4 P
gc 509 @36.431s 0%: 0.082+2.3+0.079 ms clock, 0.32+0.66/1.7/0+0.31 ms cpu, 3->3->1 MB, 4 MB goal, 0 MB stacks, 0 MB globals, 4 P
gc 510 @36.437s 0%: 0.075+0.79+0.038 ms clock, 0.30+0.75/0.65/0+0.15 ms cpu, 3->3->1 MB, 4 MB goal, 0 MB stacks, 0 MB globals, 4 P
gc 511 @36.442s 0%: 0.064+1.7+0.033 ms clock, 0.25+0.67/0.53/0+0.13 ms cpu, 3->3->1 MB, 4 MB goal, 0 MB stacks, 0 MB globals, 4 P
gc 512 @36.447s 0%: 0.043+1.1+0.029 ms clock, 0.17+0.54/0.44/0+0.11 ms cpu, 3->3->1 MB, 4 MB goal, 0 MB stacks, 0 MB globals, 4 P
gc 513 @36.452s 0%: 0.43+1.1+0.010 ms clock, 1.7+0.080/1.1/0.081+0.041 ms cpu, 3->3->1 MB, 4 MB goal, 0 MB stacks, 0 MB globals, 4 P
gc 514 @36.457s 0%: 0.031+0.68+0.050 ms clock, 0.12+0.86/0.49/0+0.20 ms cpu, 3->3->1 MB, 4 MB goal, 0 MB stacks, 0 MB globals, 4 P
gc 515 @36.462s 0%: 0.062+0.68+0.021 ms clock, 0.24+0.74/0.57/0+0.087 ms cpu, 3->3->1 MB, 4 MB goal, 0 MB stacks, 0 MB globals, 4 P
gc 516 @36.467s 0%: 0.070+0.75+0.039 ms clock, 0.28+0.81/0.55/0+0.15 ms cpu, 3->3->1 MB, 4 MB goal, 0 MB stacks, 0 MB globals, 4 P
gc 517 @36.472s 0%: 0.076+1.1+0.003 ms clock, 0.30+0.52/0.51/0+0.015 ms cpu, 3->3->1 MB, 4 MB goal, 0 MB stacks, 0 MB globals, 4 P
gc 518 @36.477s 0%: 0.070+0.55+0.028 ms clock, 0.28+0.88/0.47/0+0.11 ms cpu, 3->3->1 MB, 4 MB goal, 0 MB stacks, 0 MB globals, 4 P
gc 519 @36.482s 0%: 0.090+0.65+0.027 ms clock, 0.36+0.75/0.56/0+0.11 ms cpu, 3->3->1 MB, 4 MB goal, 0 MB stacks, 0 MB globals, 4 P
gc 520 @36.487s 0%: 0.046+0.51+0.043 ms clock, 0.18+0.63/0.41/0+0.17 ms cpu, 3->3->1 MB, 4 MB goal, 0 MB stacks, 0 MB globals, 4 P
gc 521 @36.492s 0%: 0.057+0.67+0.044 ms clock, 0.23+0.96/0.001/0+0.17 ms cpu, 3->3->1 MB, 4 MB goal, 0 MB stacks, 0 MB globals, 4 P
gc 522 @36.497s 0%: 0.021+0.67+0.023 ms clock, 0.085+0.89/0.49/0+0.092 ms cpu, 3->3->1 MB, 4 MB goal, 0 MB stacks, 0 MB globals, 4 P
gc 523 @36.502s 0%: 0.059+0.98+0.028 ms clock, 0.23+1.0/0.011/0+0.11 ms cpu, 3->3->1 MB, 4 MB goal, 0 MB stacks, 0 MB globals, 4 P
gc 524 @36.507s 0%: 0.066+1.7+0.049 ms clock, 0.26+0.54/0.66/0+0.19 ms cpu, 3->3->1 MB, 4 MB goal, 0 MB stacks, 0 MB globals, 4 P
gc 525 @36.512s 0%: 0.054+1.7+0.074 ms clock, 0.21+0.89/0.88/0.051+0.29 ms cpu, 3->3->1 MB, 4 MB goal, 0 MB stacks, 0 MB globals, 4 P
gc 526 @36.518s 0%: 0.11+0.81+0.038 ms clock, 0.47+0.56/0.75/0+0.15 ms cpu, 3->3->1 MB, 4 MB goal, 0 MB stacks, 0 MB globals, 4 P
gc 527 @36.523s 0%: 0.052+0.57+0.024 ms clock, 0.21+0.80/0.48/0+0.098 ms cpu, 3->3->1 MB, 4 MB goal, 0 MB stacks, 0 MB globals, 4 P
gc 528 @36.528s 0%: 0.075+0.61+0.035 ms clock, 0.30+0.43/0.50/0+0.14 ms cpu, 3->3->1 MB, 4 MB goal, 0 MB stacks, 0 MB globals, 4 P
gc 529 @36.532s 0%: 0.10+0.64+0.017 ms clock, 0.42+0.68/0.52/0+0.068 ms cpu, 3->3->1 MB, 4 MB goal, 0 MB stacks, 0 MB globals, 4 P
gc 530 @36.537s 0%: 0.064+2.0+0.056 ms clock, 0.25+0.43/0.62/0+0.22 ms cpu, 3->3->1 MB, 4 MB goal, 0 MB stacks, 0 MB globals, 4 P
gc 531 @36.543s 0%: 0.066+0.65+0.021 ms clock, 0.26+0.78/0.54/0+0.086 ms cpu, 3->3->1 MB, 4 MB goal, 0 MB stacks, 0 MB globals, 4 P
gc 532 @36.548s 0%: 0.070+0.77+0.055 ms clock, 0.28+0.77/0.61/0+0.22 ms cpu, 3->3->1 MB, 4 MB goal, 0 MB stacks, 0 MB globals, 4 P
gc 533 @36.553s 0%: 0.071+0.74+0.023 ms clock, 0.28+0.53/0.64/0+0.094 ms cpu, 3->3->1 MB, 4 MB goal, 0 MB stacks, 0 MB globals, 4 P
gc 534 @36.558s 0%: 0.071+0.97+0.031 ms clock, 0.28+0.85/0.53/0+0.12 ms cpu, 3->3->1 MB, 4 MB goal, 0 MB stacks, 0 MB globals, 4 P
gc 535 @36.563s 0%: 0.049+0.57+0.025 ms clock, 0.19+0.77/0.46/0+0.10 ms cpu, 3->3->1 MB, 4 MB goal, 0 MB stacks, 0 MB globals, 4 P
gc 536 @36.568s 0%: 0.036+1.4+0.036 ms clock, 0.14+0.60/0.62/0+0.14 ms cpu, 3->3->1 MB, 4 MB goal, 0 MB stacks, 0 MB globals, 4 P
gc 537 @36.573s 0%: 0.15+1.8+0.080 ms clock, 0.61+1.5/0.67/0+0.32 ms cpu, 3->3->1 MB, 4 MB goal, 0 MB stacks, 0 MB globals, 4 P
gc 538 @36.578s 0%: 0.045+0.62+0.048 ms clock, 0.18+0.47/0.49/0+0.19 ms cpu, 3->3->1 MB, 4 MB goal, 0 MB stacks, 0 MB globals, 4 P
gc 539 @36.583s 0%: 0.068+0.64+0.032 ms clock, 0.27+0.76/0.48/0+0.12 ms cpu, 3->3->1 MB, 4 MB goal, 0 MB stacks, 0 MB globals, 4 P
gc 540 @36.588s 0%: 2.2+0.19+0.041 ms clock, 8.9+0.48/2.2/0+0.16 ms cpu, 3->3->1 MB, 4 MB goal, 0 MB stacks, 0 MB globals, 4 P
gc 541 @36.593s 0%: 0.050+1.9+0.022 ms clock, 0.20+0.78/0.53/0+0.088 ms cpu, 3->3->1 MB, 4 MB goal, 0 MB stacks, 0 MB globals, 4 P
gc 542 @36.598s 0%: 0.060+1.3+0.037 ms clock, 0.24+0.58/0.56/0+0.14 ms cpu, 3->3->1 MB, 4 MB goal, 0 MB stacks, 0 MB globals, 4 P
gc 543 @36.603s 0%: 0.066+0.62+0.035 ms clock, 0.26+0.63/0.51/0+0.14 ms cpu, 3->3->1 MB, 4 MB goal, 0 MB stacks, 0 MB globals, 4 P
gc 544 @36.608s 0%: 0.062+1.8+0.019 ms clock, 0.25+0.29/0.72/0+0.079 ms cpu, 3->3->1 MB, 4 MB goal, 0 MB stacks, 0 MB globals, 4 P
gc 545 @36.614s 0%: 0.69+1.8+0.016 ms clock, 2.7+0.65/0.78/0+0.067 ms cpu, 3->4->1 MB, 4 MB goal, 0 MB stacks, 0 MB globals, 4 P
gc 546 @36.619s 0%: 0.071+0.64+0.029 ms clock, 0.28+0.71/0.57/0+0.11 ms cpu, 3->3->1 MB, 4 MB goal, 0 MB stacks, 0 MB globals, 4 P
gc 547 @36.624s 0%: 0.084+2.4+0.031 ms clock, 0.33+0.54/0.56/0+0.12 ms cpu, 3->3->1 MB, 4 MB goal, 0 MB stacks, 0 MB globals, 4 P
gc 548 @36.629s 0%: 0.31+1.2+0.003 ms clock, 1.2+0.60/1.4/0+0.015 ms cpu, 3->3->1 MB, 4 MB goal, 0 MB stacks, 0 MB globals, 4 P
gc 549 @36.634s 0%: 0.080+1.6+0.026 ms clock, 0.32+0.99/0.85/0.006+0.10 ms cpu, 3->3->1 MB, 4 MB goal, 0 MB stacks, 0 MB globals, 4 P
gc 550 @36.640s 0%: 0.26+1.2+0.004 ms clock, 1.0+0.75/0.92/0+0.016 ms cpu, 3->3->1 MB, 4 MB goal, 0 MB stacks, 0 MB globals, 4 P
gc 551 @36.645s 0%: 0.091+1.6+0.032 ms clock, 0.36+0.47/0.57/0+0.13 ms cpu, 3->3->1 MB, 4 MB goal, 0 MB stacks, 0 MB globals, 4 P
gc 552 @36.650s 0%: 0.074+2.3+0.019 ms clock, 0.29+1.0/0.74/0+0.078 ms cpu, 3->4->1 MB, 4 MB goal, 0 MB stacks, 0 MB globals, 4 P
gc 553 @36.655s 0%: 0.036+0.86+0.012 ms clock, 0.14+0.57/0.43/0+0.048 ms cpu, 3->3->1 MB, 4 MB goal, 0 MB stacks, 0 MB globals, 4 P
gc 554 @36.660s 0%: 2.1+0.68+0.085 ms clock, 8.4+0.35/2.1/0+0.34 ms cpu, 3->3->1 MB, 4 MB goal, 0 MB stacks, 0 MB globals, 4 P
gc 555 @36.666s 0%: 0.062+1.5+0.031 ms clock, 0.25+0.90/0.001/0+0.12 ms cpu, 3->3->1 MB, 4 MB goal, 0 MB stacks, 0 MB globals, 4 P
gc 556 @36.671s 0%: 0.069+0.67+0.037 ms clock, 0.27+0.69/0.49/0+0.15 ms cpu, 3->3->1 MB, 4 MB goal, 0 MB stacks, 0 MB globals, 4 P
gc 557 @36.676s 0%: 0.060+1.7+0.082 ms clock, 0.24+0.49/0.50/0+0.33 ms cpu, 3->3->1 MB, 4 MB goal, 0 MB stacks, 0 MB globals, 4 P
gc 558 @36.681s 0%: 0.35+1.1+0.035 ms clock, 1.4+0.29/1.3/0.009+0.14 ms cpu, 3->3->1 MB, 4 MB goal, 0 MB stacks, 0 MB globals, 4 P
gc 559 @36.686s 0%: 0.70+0.62+0.031 ms clock, 2.8+0.48/1.2/0+0.12 ms cpu, 3->3->1 MB, 4 MB goal, 0 MB stacks, 0 MB globals, 4 P
gc 560 @36.691s 0%: 0.10+0.97+0.004 ms clock, 0.41+0.50/0.55/0+0.016 ms cpu, 3->3->1 MB, 4 MB goal, 0 MB stacks, 0 MB globals, 4 P
gc 561 @36.696s 0%: 0.10+1.0+0.066 ms clock, 0.40+0.45/0.51/0+0.26 ms cpu, 3->3->1 MB, 4 MB goal, 0 MB stacks, 0 MB globals, 4 P
gc 562 @36.702s 0%: 0.043+0.71+0.039 ms clock, 0.17+0.77/0.55/0+0.15 ms cpu, 3->3->1 MB, 4 MB goal, 0 MB stacks, 0 MB globals, 4 P
gc 563 @36.707s 0%: 0.046+1.9+0.038 ms clock, 0.18+0.83/0.40/0+0.15 ms cpu, 3->3->1 MB, 4 MB goal, 0 MB stacks, 0 MB globals, 4 P
gc 564 @36.712s 0%: 0.059+1.5+0.034 ms clock, 0.23+0.53/0.51/0+0.13 ms cpu, 3->3->1 MB, 4 MB goal, 0 MB stacks, 0 MB globals, 4 P
gc 565 @36.717s 0%: 0.074+0.72+0.041 ms clock, 0.29+0.86/0.59/0+0.16 ms cpu, 3->3->1 MB, 4 MB goal, 0 MB stacks, 0 MB globals, 4 P
gc 566 @36.722s 0%: 0.064+0.61+0.024 ms clock, 0.25+0.77/0.52/0+0.097 ms cpu, 3->3->1 MB, 4 MB goal, 0 MB stacks, 0 MB globals, 4 P
gc 567 @36.727s 0%: 0.084+0.48+0.032 ms clock, 0.33+0.69/0.43/0+0.12 ms cpu, 3->3->1 MB, 4 MB goal, 0 MB stacks, 0 MB globals, 4 P
gc 568 @36.732s 0%: 0.047+0.67+0.044 ms clock, 0.18+0.73/0.52/0+0.17 ms cpu, 3->3->1 MB, 4 MB goal, 0 MB stacks, 0 MB globals, 4 P
gc 569 @36.737s 0%: 1.4+1.1+0.087 ms clock, 5.9+0.50/1.5/0+0.35 ms cpu, 3->4->1 MB, 4 MB goal, 0 MB stacks, 0 MB globals, 4 P
gc 570 @36.742s 0%: 0.049+1.9+0.062 ms clock, 0.19+1.1/0.001/0+0.25 ms cpu, 3->3->1 MB, 4 MB goal, 0 MB stacks, 0 MB globals, 4 P
gc 571 @36.748s 0%: 0.10+0.78+0.082 ms clock, 0.40+0.64/0.45/0+0.33 ms cpu, 3->3->1 MB, 4 MB goal, 0 MB stacks, 0 MB globals, 4 P
gc 572 @36.753s 0%: 0.096+1.8+0.019 ms clock, 0.38+0.52/0.61/0+0.078 ms cpu, 3->3->1 MB, 4 MB goal, 0 MB stacks, 0 MB globals, 4 P
gc 573 @36.758s 0%: 0.055+0.51+0.054 ms clock, 0.22+0.86/0.42/0+0.21 ms cpu, 3->3->1 MB, 4 MB goal, 0 MB stacks, 0 MB globals, 4 P
gc 574 @36.763s 0%: 0.071+0.93+0.065 ms clock, 0.28+0.65/0.79/0+0.26 ms cpu, 3->3->1 MB, 4 MB goal, 0 MB stacks, 0 MB globals, 4 P
gc 575 @36.768s 0%: 0.098+0.71+0.051 ms clock, 0.39+0.62/0.59/0+0.20 ms cpu, 3->3->1 MB, 4 MB goal, 0 MB stacks, 0 MB globals, 4 P
gc 576 @36.772s 0%: 0.089+0.71+0.028 ms clock, 0.35+0.89/0.52/0+0.11 ms cpu, 3->3->1 MB, 4 MB goal, 0 MB stacks, 0 MB globals, 4 P
gc 577 @36.777s 0%: 0.39+1.5+0.024 ms clock, 1.5+0.51/0.73/0+0.099 ms cpu, 3->3->1 MB, 4 MB goal, 0 MB stacks, 0 MB globals, 4 P
gc 578 @36.783s 0%: 0.043+1.3+0.045 ms clock, 0.17+1.1/0.001/0+0.18 ms cpu, 3->3->1 MB, 4 MB goal, 0 MB stacks, 0 MB globals, 4 P
gc 579 @36.788s 0%: 0.96+1.4+0.059 ms clock, 3.8+0.66/1.1/0+0.23 ms cpu, 3->3->1 MB, 4 MB goal, 0 MB stacks, 0 MB globals, 4 P
gc 580 @36.793s 0%: 0.24+1.3+0.034 ms clock, 0.96+0.44/0.90/0.034+0.13 ms cpu, 3->3->1 MB, 4 MB goal, 0 MB stacks, 0 MB globals, 4 P
gc 581 @36.798s 0%: 0.092+0.73+0.041 ms clock, 0.37+0.83/0.61/0+0.16 ms cpu, 3->3->1 MB, 4 MB goal, 0 MB stacks, 0 MB globals, 4 P
gc 582 @36.803s 0%: 0.087+1.4+0.002 ms clock, 0.35+1.0/0/0+0.011 ms cpu, 3->3->1 MB, 4 MB goal, 0 MB stacks, 0 MB globals, 4 P
gc 583 @36.808s 0%: 0.063+1.5+0.025 ms clock, 0.25+0.84/1.1/0+0.10 ms cpu, 3->3->1 MB, 4 MB goal, 0 MB stacks, 0 MB globals, 4 P
gc 584 @36.813s 0%: 0.079+0.86+0.063 ms clock, 0.31+0.62/0.53/0+0.25 ms cpu, 3->3->1 MB, 4 MB goal, 0 MB stacks, 0 MB globals, 4 P
gc 585 @36.818s 0%: 0.070+0.62+0.033 ms clock, 0.28+0.80/0.54/0+0.13 ms cpu, 3->3->1 MB, 4 MB goal, 0 MB stacks, 0 MB globals, 4 P
gc 586 @36.823s 0%: 0.083+1.5+0.086 ms clock, 0.33+0.16/0.72/0+0.34 ms cpu, 3->3->1 MB, 4 MB goal, 0 MB stacks, 0 MB globals, 4 P
gc 587 @36.829s 0%: 0.047+1.0+0.072 ms clock, 0.18+0.83/0.41/0+0.29 ms cpu, 3->3->1 MB, 4 MB goal, 0 MB stacks, 0 MB globals, 4 P
gc 588 @36.834s 0%: 0.040+0.75+0.045 ms clock, 0.16+0.88/0.56/0+0.18 ms cpu, 3->3->1 MB, 4 MB goal, 0 MB stacks, 0 MB globals, 4 P
gc 589 @36.839s 0%: 0.063+1.6+0.047 ms clock, 0.25+0.79/0.39/0+0.18 ms cpu, 3->3->1 MB, 4 MB goal, 0 MB stacks, 0 MB globals, 4 P
gc 590 @36.844s 0%: 0.099+0.56+0.028 ms clock, 0.39+0.63/0.50/0+0.11 ms cpu, 3->3->1 MB, 4 MB goal, 0 MB stacks, 0 MB globals, 4 P
gc 591 @36.849s 0%: 0.067+0.62+0.078 ms clock, 0.27+0.85/0.47/0+0.31 ms cpu, 3->3->1 MB, 4 MB goal, 0 MB stacks, 0 MB globals, 4 P
gc 592 @36.854s 0%: 0.34+1.0+0.059 ms clock, 1.3+0.38/1.1/0+0.23 ms cpu, 3->3->1 MB, 4 MB goal, 0 MB stacks, 0 MB globals, 4 P
gc 593 @36.858s 0%: 0.023+1.9+0.003 ms clock, 0.093+0.53/0.53/0+0.012 ms cpu, 3->3->1 MB, 4 MB goal, 0 MB stacks, 0 MB globals, 4 P
gc 594 @36.864s 0%: 0.087+0.88+0.067 ms clock, 0.35+0.89/0.10/0+0.26 ms cpu, 3->3->1 MB, 4 MB goal, 0 MB stacks, 0 MB globals, 4 P
gc 595 @36.869s 0%: 0.080+0.80+0.044 ms clock, 0.32+0.81/0.67/0+0.17 ms cpu, 3->3->1 MB, 4 MB goal, 0 MB stacks, 0 MB globals, 4 P
gc 596 @36.874s 0%: 0.064+0.70+0.072 ms clock, 0.25+0.74/0.57/0+0.29 ms cpu, 3->3->1 MB, 4 MB goal, 0 MB stacks, 0 MB globals, 4 P
gc 597 @36.879s 0%: 0.044+1.2+0.004 ms clock, 0.17+1.1/0/0+0.018 ms cpu, 3->3->1 MB, 4 MB goal, 0 MB stacks, 0 MB globals, 4 P
gc 598 @36.884s 0%: 0.097+0.95+0.049 ms clock, 0.39+0.67/0.49/0+0.19 ms cpu, 3->3->1 MB, 4 MB goal, 0 MB stacks, 0 MB globals, 4 P
gc 599 @36.889s 0%: 0.053+1.7+0.064 ms clock, 0.21+0.54/0.68/0+0.25 ms cpu, 3->3->1 MB, 4 MB goal, 0 MB stacks, 0 MB globals, 4 P
gc 600 @36.894s 0%: 0.057+1.5+0.050 ms clock, 0.23+0.74/0.47/0+0.20 ms cpu, 3->3->1 MB, 4 MB goal, 0 MB stacks, 0 MB globals, 4 P
gc 601 @36.899s 0%: 0.068+0.67+0.028 ms clock, 0.27+0.87/0.52/0+0.11 ms cpu, 3->3->1 MB, 4 MB goal, 0 MB stacks, 0 MB globals, 4 P
gc 602 @36.904s 0%: 0.049+0.59+0.031 ms clock, 0.19+0.56/0.50/0+0.12 ms cpu, 3->3->1 MB, 4 MB goal, 0 MB stacks, 0 MB globals, 4 P
gc 603 @36.909s 0%: 0.059+0.64+0.079 ms clock, 0.23+0.85/0.48/0+0.31 ms cpu, 3->3->1 MB, 4 MB goal, 0 MB stacks, 0 MB globals, 4 P
gc 604 @36.914s 0%: 0.063+0.76+0.034 ms clock, 0.25+0.70/0.65/0+0.13 ms cpu, 3->3->1 MB, 4 MB goal, 0 MB stacks, 0 MB globals, 4 P
gc 605 @36.919s 0%: 0.049+0.61+0.024 ms clock, 0.19+0.72/0.51/0+0.096 ms cpu, 3->3->1 MB, 4 MB goal, 0 MB stacks, 0 MB globals, 4 P
gc 606 @36.923s 0%: 0.34+0.65+0.029 ms clock, 1.3+0.16/0.90/0+0.11 ms cpu, 3->3->1 MB, 4 MB goal, 0 MB stacks, 0 MB globals, 4 P
gc 607 @36.929s 0%: 0.40+1.7+0.028 ms clock, 1.6+0.39/1.4/0.002+0.11 ms cpu, 3->3->1 MB, 4 MB goal, 0 MB stacks, 0 MB globals, 4 P
gc 608 @36.934s 0%: 0.059+1.0+0.026 ms clock, 0.23+0.70/0.85/0+0.10 ms cpu, 3->3->1 MB, 4 MB goal, 0 MB stacks, 0 MB globals, 4 P
gc 609 @36.939s 0%: 0.040+0.62+0.031 ms clock, 0.16+0.62/0.48/0+0.12 ms cpu, 3->3->1 MB, 4 MB goal, 0 MB stacks, 0 MB globals, 4 P
gc 610 @36.944s 0%: 0.27+1.7+0.087 ms clock, 1.0+0.20/0.77/0+0.35 ms cpu, 3->3->1 MB, 4 MB goal, 0 MB stacks, 0 MB globals, 4 P
gc 611 @36.949s 0%: 0.069+1.4+0.010 ms clock, 0.27+0.57/0.67/0+0.043 ms cpu, 3->3->1 MB, 4 MB goal, 0 MB stacks, 0 MB globals, 4 P
gc 612 @36.954s 0%: 2.7+0.65+0.053 ms clock, 10+0.56/2.9/0+0.21 ms cpu, 3->3->1 MB, 4 MB goal, 0 MB stacks, 0 MB globals, 4 P
gc 613 @36.959s 0%: 0.093+0.64+0.047 ms clock, 0.37+0.71/0.53/0+0.19 ms cpu, 3->3->1 MB, 4 MB goal, 0 MB stacks, 0 MB globals, 4 P
gc 614 @36.964s 0%: 0.053+0.58+0.081 ms clock, 0.21+0.84/0.43/0+0.32 ms cpu, 3->3->1 MB, 4 MB goal, 0 MB stacks, 0 MB globals, 4 P
gc 615 @36.969s 0%: 0.046+0.87+0.048 ms clock, 0.18+0.60/0.73/0+0.19 ms cpu, 3->3->1 MB, 4 MB goal, 0 MB stacks, 0 MB globals, 4 P
gc 616 @36.974s 0%: 0.20+1.1+0.059 ms clock, 0.80+0.46/0.81/0+0.23 ms cpu, 3->3->1 MB, 4 MB goal, 0 MB stacks, 0 MB globals, 4 P
gc 617 @36.979s 0%: 0.049+0.65+0.029 ms clock, 0.19+0.78/0.51/0+0.11 ms cpu, 3->3->1 MB, 4 MB goal, 0 MB stacks, 0 MB globals, 4 P
gc 618 @36.985s 0%: 0.037+0.64+0.060 ms clock, 0.15+0.72/0.58/0+0.24 ms cpu, 3->3->1 MB, 4 MB goal, 0 MB stacks, 0 MB globals, 4 P
gc 619 @36.990s 0%: 0.071+0.93+0.072 ms clock, 0.28+0.75/0.36/0+0.29 ms cpu, 3->3->1 MB, 4 MB goal, 0 MB stacks, 0 MB globals, 4 P
gc 620 @36.995s 0%: 0.041+0.59+0.017 ms clock, 0.16+0.76/0.45/0+0.070 ms cpu, 3->3->1 MB, 4 MB goal, 0 MB stacks, 0 MB globals, 4 P
gc 621 @37.000s 0%: 0.53+0.79+0.006 ms clock, 2.1+1.2/0.77/0+0.024 ms cpu, 3->3->1 MB, 4 MB goal, 0 MB stacks, 0 MB globals, 4 P
gc 622 @37.005s 0%: 1.2+0.35+0.047 ms clock, 4.8+0.50/1.3/0+0.19 ms cpu, 3->3->1 MB, 4 MB goal, 0 MB stacks, 0 MB globals, 4 P
gc 623 @37.010s 0%: 0.048+1.0+0.043 ms clock, 0.19+0.62/0.58/0+0.17 ms cpu, 3->3->1 MB, 4 MB goal, 0 MB stacks, 0 MB globals, 4 P
gc 624 @37.015s 0%: 1.3+1.2+0.077 ms clock, 5.2+0.74/1.4/0+0.30 ms cpu, 3->4->1 MB, 4 MB goal, 0 MB stacks, 0 MB globals, 4 P
gc 625 @37.020s 0%: 0.10+0.61+0.028 ms clock, 0.43+0.75/0.53/0+0.11 ms cpu, 3->3->1 MB, 4 MB goal, 0 MB stacks, 0 MB globals, 4 P
gc 626 @37.025s 0%: 0.077+0.55+0.053 ms clock, 0.31+0.71/0.40/0+0.21 ms cpu, 3->3->1 MB, 4 MB goal, 0 MB stacks, 0 MB globals, 4 P
gc 627 @37.030s 0%: 0.050+1.6+0.003 ms clock, 0.20+0.79/0.44/0+0.012 ms cpu, 3->3->1 MB, 4 MB goal, 0 MB stacks, 0 MB globals, 4 P
gc 628 @37.036s 0%: 0.085+1.0+0.050 ms clock, 0.34+0.63/0.51/0+0.20 ms cpu, 3->3->1 MB, 4 MB goal, 0 MB stacks, 0 MB globals, 4 P
gc 629 @37.041s 0%: 0.061+1.0+0.031 ms clock, 0.24+0.73/0.52/0+0.12 ms cpu, 3->3->1 MB, 4 MB goal, 0 MB stacks, 0 MB globals, 4 P
gc 630 @37.046s 0%: 0.061+0.67+0.021 ms clock, 0.24+0.74/0.53/0+0.084 ms cpu, 3->3->1 MB, 4 MB goal, 0 MB stacks, 0 MB globals, 4 P
gc 631 @37.050s 0%: 0.019+0.66+0.043 ms clock, 0.076+0.73/0.54/0+0.17 ms cpu, 3->3->1 MB, 4 MB goal, 0 MB stacks, 0 MB globals, 4 P
gc 632 @37.055s 0%: 0.27+2.0+0.049 ms clock, 1.0+0.53/2.1/0.022+0.19 ms cpu, 3->3->1 MB, 4 MB goal, 0 MB stacks, 0 MB globals, 4 P
gc 633 @37.061s 0%: 0.065+1.3+0.020 ms clock, 0.26+1.0/0.090/0+0.083 ms cpu, 3->3->1 MB, 4 MB goal, 0 MB stacks, 0 MB globals, 4 P
gc 634 @37.066s 0%: 0.059+1.6+0.035 ms clock, 0.23+0.56/0.77/0+0.14 ms cpu, 3->3->1 MB, 4 MB goal, 0 MB stacks, 0 MB globals, 4 P
gc 635 @37.071s 0%: 0.35+1.0+0.026 ms clock, 1.4+0.40/1.1/0.014+0.10 ms cpu, 3->3->1 MB, 4 MB goal, 0 MB stacks, 0 MB globals, 4 P
gc 636 @37.076s 0%: 0.11+0.96+0.019 ms clock, 0.44+0.23/0.56/0+0.078 ms cpu, 3->3->1 MB, 4 MB goal, 0 MB stacks, 0 MB globals, 4 P
gc 637 @37.081s 0%: 0.034+0.92+0.042 ms clock, 0.13+0.56/0.63/0+0.16 ms cpu, 3->3->1 MB, 4 MB goal, 0 MB stacks, 0 MB globals, 4 P
gc 638 @37.086s 0%: 0.059+0.77+0.046 ms clock, 0.23+0.44/0.66/0.010+0.18 ms cpu, 3->3->1 MB, 4 MB goal, 0 MB stacks, 0 MB globals, 4 P
gc 639 @37.091s 0%: 0.064+1.5+0.028 ms clock, 0.25+1.1/0/0+0.11 ms cpu, 3->3->1 MB, 4 MB goal, 0 MB stacks, 0 MB globals, 4 P
gc 640 @37.096s 0%: 0.11+2.2+0.073 ms clock, 0.44+0.42/0.62/0+0.29 ms cpu, 3->3->1 MB, 4 MB goal, 0 MB stacks, 0 MB globals, 4 P
gc 641 @37.101s 0%: 0.032+1.3+0.010 ms clock, 0.13+1.4/0.57/0+0.042 ms cpu, 3->3->1 MB, 4 MB goal, 0 MB stacks, 0 MB globals, 4 P
gc 642 @37.106s 0%: 0.056+1.0+0.029 ms clock, 0.22+1.0/0.033/0+0.11 ms cpu, 3->3->1 MB, 4 MB goal, 0 MB stacks, 0 MB globals, 4 P
gc 643 @37.111s 0%: 0.055+0.63+0.041 ms clock, 0.22+0.83/0.48/0+0.16 ms cpu, 3->3->1 MB, 4 MB goal, 0 MB stacks, 0 MB globals, 4 P
gc 644 @37.116s 0%: 0.066+0.99+0.042 ms clock, 0.26+0.49/0.44/0+0.16 ms cpu, 3->3->1 MB, 4 MB goal, 0 MB stacks, 0 MB globals, 4 P
gc 645 @37.121s 0%: 0.045+0.59+0.042 ms clock, 0.18+0.84/0.48/0+0.17 ms cpu, 3->3->1 MB, 4 MB goal, 0 MB stacks, 0 MB globals, 4 P
gc 646 @37.126s 0%: 0.098+0.57+0.048 ms clock, 0.39+0.88/0.47/0+0.19 ms cpu, 3->3->1 MB, 4 MB goal, 0 MB stacks, 0 MB globals, 4 P
gc 647 @37.131s 0%: 0.053+1.6+0.003 ms clock, 0.21+0.60/0.55/0+0.012 ms cpu, 3->3->1 MB, 4 MB goal, 0 MB stacks, 0 MB globals, 4 P
gc 648 @37.136s 0%: 0.24+1.7+0.033 ms clock, 0.98+0.50/0.94/0+0.13 ms cpu, 3->3->1 MB, 4 MB goal, 0 MB stacks, 0 MB globals, 4 P
gc 649 @37.142s 0%: 0.045+1.0+0.045 ms clock, 0.18+0.64/0.46/0+0.18 ms cpu, 3->3->1 MB, 4 MB goal, 0 MB stacks, 0 MB globals, 4 P
gc 650 @37.147s 0%: 0.017+2.0+0.046 ms clock, 0.068+0.59/0.55/0+0.18 ms cpu, 3->3->1 MB, 4 MB goal, 0 MB stacks, 0 MB globals, 4 P
gc 651 @37.152s 0%: 0.039+1.6+0.067 ms clock, 0.15+0.61/0.54/0+0.26 ms cpu, 3->3->1 MB, 4 MB goal, 0 MB stacks, 0 MB globals, 4 P
gc 652 @37.157s 0%: 0.092+1.6+0.009 ms clock, 0.36+1.0/0.90/0+0.038 ms cpu, 3->3->1 MB, 4 MB goal, 0 MB stacks, 0 MB globals, 4 P
gc 653 @37.162s 0%: 0.041+1.5+0.059 ms clock, 0.16+0.40/0.64/0+0.23 ms cpu, 3->3->1 MB, 4 MB goal, 0 MB stacks, 0 MB globals, 4 P
gc 654 @37.167s 0%: 0.057+0.70+0.058 ms clock, 0.22+0.52/0.58/0+0.23 ms cpu, 3->3->1 MB, 4 MB goal, 0 MB stacks, 0 MB globals, 4 P
gc 655 @37.172s 0%: 0.037+1.9+0.003 ms clock, 0.14+0.27/1.5/0+0.013 ms cpu, 3->3->1 MB, 4 MB goal, 0 MB stacks, 0 MB globals, 4 P
gc 656 @37.177s 0%: 0.046+0.57+0.022 ms clock, 0.18+0.52/0.48/0+0.091 ms cpu, 3->3->1 MB, 4 MB goal, 0 MB stacks, 0 MB globals, 4 P
gc 657 @37.182s 0%: 0.079+1.3+0.004 ms clock, 0.31+0.58/0.54/0+0.016 ms cpu, 3->3->1 MB, 4 MB goal, 0 MB stacks, 0 MB globals, 4 P
gc 658 @37.188s 0%: 0.041+0.61+0.024 ms clock, 0.16+0.83/0.46/0+0.098 ms cpu, 3->3->1 MB, 4 MB goal, 0 MB stacks, 0 MB globals, 4 P
gc 659 @37.192s 0%: 0.046+0.57+0.028 ms clock, 0.18+0.83/0.47/0+0.11 ms cpu, 3->3->1 MB, 4 MB goal, 0 MB stacks, 0 MB globals, 4 P
gc 660 @37.197s 0%: 0.10+1.1+0.032 ms clock, 0.40+1.1/0.018/0+0.13 ms cpu, 3->3->1 MB, 4 MB goal, 0 MB stacks, 0 MB globals, 4 P
gc 661 @37.202s 0%: 0.045+0.60+0.063 ms clock, 0.18+0.88/0.50/0+0.25 ms cpu, 3->3->1 MB, 4 MB goal, 0 MB stacks, 0 MB globals, 4 P
gc 662 @37.207s 0%: 0.060+0.75+0.022 ms clock, 0.24+0.71/0.56/0+0.091 ms cpu, 3->3->1 MB, 4 MB goal, 0 MB stacks, 0 MB globals, 4 P
gc 663 @37.212s 0%: 0.018+1.8+0.060 ms clock, 0.073+0.59/0.47/0+0.24 ms cpu, 3->3->1 MB, 4 MB goal, 0 MB stacks, 0 MB globals, 4 P
gc 664 @37.217s 0%: 0.062+1.1+0.037 ms clock, 0.25+0.70/1.0/0+0.15 ms cpu, 3->3->1 MB, 4 MB goal, 0 MB stacks, 0 MB globals, 4 P
gc 665 @37.222s 0%: 0.018+1.1+0.035 ms clock, 0.072+0.72/0.49/0+0.14 ms cpu, 3->3->1 MB, 4 MB goal, 0 MB stacks, 0 MB globals, 4 P
gc 666 @37.227s 0%: 0.048+0.62+0.056 ms clock, 0.19+0.79/0.48/0+0.22 ms cpu, 3->3->1 MB, 4 MB goal, 0 MB stacks, 0 MB globals, 4 P
gc 667 @37.232s 0%: 0.25+0.79+0.026 ms clock, 1.0+0.56/0.90/0+0.10 ms cpu, 3->3->1 MB, 4 MB goal, 0 MB stacks, 0 MB globals, 4 P
gc 668 @37.237s 0%: 0.064+0.62+0.062 ms clock, 0.25+0.75/0.51/0+0.24 ms cpu, 3->3->1 MB, 4 MB goal, 0 MB stacks, 0 MB globals, 4 P
gc 669 @37.242s 0%: 0.051+1.5+0.058 ms clock, 0.20+0.98/0.50/0+0.23 ms cpu, 3->3->1 MB, 4 MB goal, 0 MB stacks, 0 MB globals, 4 P
gc 670 @37.247s 0%: 0.060+0.65+0.028 ms clock, 0.24+0.71/0.57/0+0.11 ms cpu, 3->3->1 MB, 4 MB goal, 0 MB stacks, 0 MB globals, 4 P
gc 671 @37.252s 0%: 0.25+0.67+0.052 ms clock, 1.0+0.40/0.75/0+0.21 ms cpu, 3->3->1 MB, 4 MB goal, 0 MB stacks, 0 MB globals, 4 P
gc 672 @37.257s 0%: 0.090+1.1+0.031 ms clock, 0.36+0.41/0.62/0+0.12 ms cpu, 3->3->1 MB, 4 MB goal, 0 MB stacks, 0 MB globals, 4 P
gc 673 @37.262s 0%: 0.057+0.99+0.064 ms clock, 0.23+0.82/0.51/0+0.25 ms cpu, 3->3->1 MB, 4 MB goal, 0 MB stacks, 0 MB globals, 4 P
gc 674 @37.267s 0%: 0.053+1.5+0.033 ms clock, 0.21+0.61/0.58/0+0.13 ms cpu, 3->3->1 MB, 4 MB goal, 0 MB stacks, 0 MB globals, 4 P
gc 675 @37.272s 0%: 0.43+1.4+0.036 ms clock, 1.7+0.21/1.4/0.071+0.14 ms cpu, 3->3->1 MB, 4 MB goal, 0 MB stacks, 0 MB globals, 4 P
gc 676 @37.278s 0%: 0.083+0.92+0.010 ms clock, 0.33+0.47/0.54/0+0.042 ms cpu, 3->3->1 MB, 4 MB goal, 0 MB stacks, 0 MB globals, 4 P
gc 677 @37.283s 0%: 0.028+0.55+0.030 ms clock, 0.11+0.74/0.42/0+0.12 ms cpu, 3->3->1 MB, 4 MB goal, 0 MB stacks, 0 MB globals, 4 P
gc 678 @37.288s 0%: 0.038+0.53+0.042 ms clock, 0.15+0.53/0.47/0+0.17 ms cpu, 3->3->1 MB, 4 MB goal, 0 MB stacks, 0 MB globals, 4 P
gc 679 @37.292s 0%: 0.061+1.8+0.015 ms clock, 0.24+0.65/0.59/0+0.063 ms cpu, 3->3->1 MB, 4 MB goal, 0 MB stacks, 0 MB globals, 4 P
gc 680 @37.297s 0%: 0.056+1.5+0.003 ms clock, 0.22+0.84/0.42/0+0.015 ms cpu, 3->3->1 MB, 4 MB goal, 0 MB stacks, 0 MB globals, 4 P
gc 681 @37.303s 0%: 0.084+1.5+0.044 ms clock, 0.33+0.55/0.57/0+0.17 ms cpu, 3->3->1 MB, 4 MB goal, 0 MB stacks, 0 MB globals, 4 P
gc 682 @37.308s 0%: 0.047+2.0+0.007 ms clock, 0.18+0.61/0.52/0+0.030 ms cpu, 3->4->1 MB, 4 MB goal, 0 MB stacks, 0 MB globals, 4 P
gc 683 @37.313s 0%: 0.052+0.92+0.021 ms clock, 0.21+1.0/0.066/0+0.087 ms cpu, 3->3->1 MB, 4 MB goal, 0 MB stacks, 0 MB globals, 4 P
gc 684 @37.318s 0%: 0.063+1.0+0.037 ms clock, 0.25+0.51/0.52/0+0.15 ms cpu, 3->3->1 MB, 4 MB goal, 0 MB stacks, 0 MB globals, 4 P
gc 685 @37.323s 0%: 0.062+2.2+0.060 ms clock, 0.24+0.56/0.85/0+0.24 ms cpu, 3->4->1 MB, 4 MB goal, 0 MB stacks, 0 MB globals, 4 P
gc 686 @37.329s 0%: 0.098+0.68+0.027 ms clock, 0.39+0.45/0.59/0+0.11 ms cpu, 3->3->1 MB, 4 MB goal, 0 MB stacks, 0 MB globals, 4 P
gc 687 @37.333s 0%: 0.080+1.6+0.006 ms clock, 0.32+0.51/0.49/0+0.024 ms cpu, 3->3->1 MB, 4 MB goal, 0 MB stacks, 0 MB globals, 4 P
gc 688 @37.339s 0%: 0.053+0.75+0.032 ms clock, 0.21+0.63/0.61/0+0.12 ms cpu, 3->3->1 MB, 4 MB goal, 0 MB stacks, 0 MB globals, 4 P
gc 689 @37.344s 0%: 0.029+0.77+0.002 ms clock, 0.11+0.59/0.47/0+0.011 ms cpu, 3->3->1 MB, 4 MB goal, 0 MB stacks, 0 MB globals, 4 P
gc 690 @37.348s 0%: 0.048+1.8+0.026 ms clock, 0.19+0.57/0.58/0+0.10 ms cpu, 3->3->1 MB, 4 MB goal, 0 MB stacks, 0 MB globals, 4 P
gc 691 @37.354s 0%: 0.077+0.67+0.050 ms clock, 0.30+0.82/0.52/0+0.20 ms cpu, 3->3->1 MB, 4 MB goal, 0 MB stacks, 0 MB globals, 4 P
gc 692 @37.359s 0%: 0.076+0.63+0.037 ms clock, 0.30+0.81/0.50/0+0.14 ms cpu, 3->3->1 MB, 4 MB goal, 0 MB stacks, 0 MB globals, 4 P
gc 693 @37.364s 0%: 0.037+1.1+0.031 ms clock, 0.14+0.23/0.61/0+0.12 ms cpu, 3->3->1 MB, 4 MB goal, 0 MB stacks, 0 MB globals, 4 P
gc 694 @37.369s 0%: 0.045+1.8+0.024 ms clock, 0.18+0.44/1.5/0+0.098 ms cpu, 3->3->1 MB, 4 MB goal, 0 MB stacks, 0 MB globals, 4 P
gc 695 @37.374s 0%: 0.065+1.2+0.042 ms clock, 0.26+0.56/1.1/0.007+0.16 ms cpu, 3->3->1 MB, 4 MB goal, 0 MB stacks, 0 MB globals, 4 P
gc 696 @37.379s 0%: 0.092+0.49+0.018 ms clock, 0.36+0.63/0.44/0+0.075 ms cpu, 3->3->1 MB, 4 MB goal, 0 MB stacks, 0 MB globals, 4 P
gc 697 @37.384s 0%: 0.076+1.2+0.087 ms clock, 0.30+0.57/0.43/0+0.34 ms cpu, 3->3->1 MB, 4 MB goal, 0 MB stacks, 0 MB globals, 4 P
gc 698 @37.389s 0%: 0.078+0.63+0.023 ms clock, 0.31+0.45/0.52/0+0.092 ms cpu, 3->3->1 MB, 4 MB goal, 0 MB stacks, 0 MB globals, 4 P
gc 699 @37.394s 0%: 0.063+1.5+0.028 ms clock, 0.25+0.56/0.52/0+0.11 ms cpu, 3->3->1 MB, 4 MB goal, 0 MB stacks, 0 MB globals, 4 P
gc 700 @37.399s 0%: 0.058+0.64+0.053 ms clock, 0.23+0.72/0.49/0+0.21 ms cpu, 3->3->1 MB, 4 MB goal, 0 MB stacks, 0 MB globals, 4 P
gc 701 @37.404s 0%: 0.088+1.1+0.032 ms clock, 0.35+0.56/0.66/0+0.13 ms cpu, 3->3->1 MB, 4 MB goal, 0 MB stacks, 0 MB globals, 4 P
gc 702 @37.409s 0%: 0.077+1.4+0.094 ms clock, 0.30+0.62/0.55/0+0.37 ms cpu, 3->3->1 MB, 4 MB goal, 0 MB stacks, 0 MB globals, 4 P
gc 703 @37.414s 0%: 0.12+0.82+0.019 ms clock, 0.48+0.45/0.55/0+0.077 ms cpu, 3->3->1 MB, 4 MB goal, 0 MB stacks, 0 MB globals, 4 P
gc 704 @37.419s 0%: 0.059+0.56+0.027 ms clock, 0.23+0.66/0.49/0+0.10 ms cpu, 3->3->1 MB, 4 MB goal, 0 MB stacks, 0 MB globals, 4 P
gc 705 @37.424s 0%: 0.058+1.3+0.011 ms clock, 0.23+0.81/0.61/0+0.044 ms cpu, 3->3->1 MB, 4 MB goal, 0 MB stacks, 0 MB globals, 4 P
gc 706 @37.429s 0%: 0.080+0.65+0.049 ms clock, 0.32+0.50/0.50/0+0.19 ms cpu, 3->3->1 MB, 4 MB goal, 0 MB stacks, 0 MB globals, 4 P
gc 707 @37.434s 0%: 0.058+0.75+0.037 ms clock, 0.23+0.67/0.58/0+0.14 ms cpu, 3->3->1 MB, 4 MB goal, 0 MB stacks, 0 MB globals, 4 P
gc 708 @37.439s 0%: 0.078+1.1+0.059 ms clock, 0.31+0.32/0.62/0+0.23 ms cpu, 3->3->1 MB, 4 MB goal, 0 MB stacks, 0 MB globals, 4 P
gc 709 @37.444s 0%: 0.066+2.4+0.025 ms clock, 0.26+0.46/0.69/0+0.10 ms cpu, 3->3->1 MB, 4 MB goal, 0 MB stacks, 0 MB globals, 4 P
gc 710 @37.449s 0%: 0.062+0.50+0.034 ms clock, 0.25+0.83/0.40/0+0.13 ms cpu, 3->3->1 MB, 4 MB goal, 0 MB stacks, 0 MB globals, 4 P
gc 711 @37.454s 0%: 0.055+0.73+0.019 ms clock, 0.22+0.89/0.63/0+0.077 ms cpu, 3->3->1 MB, 4 MB goal, 0 MB stacks, 0 MB globals, 4 P
gc 712 @37.459s 0%: 0.10+0.76+0.055 ms clock, 0.42+0.51/0.59/0+0.22 ms cpu, 3->3->1 MB, 4 MB goal, 0 MB stacks, 0 MB globals, 4 P
gc 713 @37.464s 0%: 0.086+1.3+0.035 ms clock, 0.34+0.63/0.57/0+0.14 ms cpu, 3->3->1 MB, 4 MB goal, 0 MB stacks, 0 MB globals, 4 P
gc 714 @37.469s 0%: 0.060+0.69+0.024 ms clock, 0.24+0.79/0.57/0+0.097 ms cpu, 3->3->1 MB, 4 MB goal, 0 MB stacks, 0 MB globals, 4 P
gc 715 @37.474s 0%: 0.074+0.94+0.026 ms clock, 0.29+0.89/0.90/0+0.10 ms cpu, 3->3->1 MB, 4 MB goal, 0 MB stacks, 0 MB globals, 4 P
gc 716 @37.478s 0%: 0.095+0.68+0.027 ms clock, 0.38+0.34/0.62/0+0.11 ms cpu, 3->3->1 MB, 4 MB goal, 0 MB stacks, 0 MB globals, 4 P
gc 717 @37.483s 0%: 0.085+1.5+0.085 ms clock, 0.34+0.63/0.60/0+0.34 ms cpu, 3->3->1 MB, 4 MB goal, 0 MB stacks, 0 MB globals, 4 P
gc 718 @37.489s 0%: 0.082+1.7+0.030 ms clock, 0.33+0.60/0.60/0+0.12 ms cpu, 3->3->1 MB, 4 MB goal, 0 MB stacks, 0 MB globals, 4 P
gc 719 @37.494s 0%: 0.054+0.83+0.024 ms clock, 0.21+0.77/0.43/0+0.099 ms cpu, 3->3->1 MB, 4 MB goal, 0 MB stacks, 0 MB globals, 4 P
gc 720 @37.499s 0%: 0.32+1.2+0.040 ms clock, 1.3+0.44/1.4/0+0.16 ms cpu, 3->3->1 MB, 4 MB goal, 0 MB stacks, 0 MB globals, 4 P
gc 721 @37.504s 0%: 0.30+0.72+0.034 ms clock, 1.2+0.39/0.87/0.002+0.13 ms cpu, 3->3->1 MB, 4 MB goal, 0 MB stacks, 0 MB globals, 4 P
gc 722 @37.509s 0%: 0.018+1.7+0.004 ms clock, 0.072+0.46/0.47/0+0.016 ms cpu, 3->3->1 MB, 4 MB goal, 0 MB stacks, 0 MB globals, 4 P
gc 723 @37.514s 0%: 0.084+1.3+0.012 ms clock, 0.33+0.86/0.96/0+0.050 ms cpu, 3->3->1 MB, 4 MB goal, 0 MB stacks, 0 MB globals, 4 P
gc 724 @37.519s 0%: 0.064+1.1+0.013 ms clock, 0.25+0.42/0.53/0+0.053 ms cpu, 3->3->1 MB, 4 MB goal, 0 MB stacks, 0 MB globals, 4 P
gc 725 @37.524s 0%: 0.061+1.8+0.032 ms clock, 0.24+1.1/0.001/0+0.13 ms cpu, 3->3->1 MB, 4 MB goal, 0 MB stacks, 0 MB globals, 4 P
gc 726 @37.529s 0%: 0.087+1.7+0.042 ms clock, 0.34+0.52/0.78/0+0.17 ms cpu, 3->3->1 MB, 4 MB goal, 0 MB stacks, 0 MB globals, 4 P
gc 727 @37.534s 0%: 0.040+1.0+0.039 ms clock, 0.16+1.1/0.14/0+0.15 ms cpu, 3->3->1 MB, 4 MB goal, 0 MB stacks, 0 MB globals, 4 P
gc 728 @37.539s 0%: 0.058+0.70+0.043 ms clock, 0.23+0.71/0.55/0+0.17 ms cpu, 3->3->1 MB, 4 MB goal, 0 MB stacks, 0 MB globals, 4 P
gc 729 @37.544s 0%: 0.24+1.9+0.004 ms clock, 0.97+0.60/1.4/0+0.016 ms cpu, 3->3->1 MB, 4 MB goal, 0 MB stacks, 0 MB globals, 4 P
gc 730 @37.550s 0%: 0.12+0.67+0.020 ms clock, 0.48+0.50/0.56/0+0.080 ms cpu, 3->3->1 MB, 4 MB goal, 0 MB stacks, 0 MB globals, 4 P
gc 731 @37.555s 0%: 0.093+0.55+0.058 ms clock, 0.37+0.69/0.47/0+0.23 ms cpu, 3->3->1 MB, 4 MB goal, 0 MB stacks, 0 MB globals, 4 P
gc 732 @37.560s 0%: 0.27+2.3+0.011 ms clock, 1.1+0.75/1.9/0+0.044 ms cpu, 3->3->1 MB, 4 MB goal, 0 MB stacks, 0 MB globals, 4 P
gc 733 @37.565s 0%: 0.068+0.77+0.038 ms clock, 0.27+0.74/0.66/0+0.15 ms cpu, 3->3->1 MB, 4 MB goal, 0 MB stacks, 0 MB globals, 4 P
gc 734 @37.570s 0%: 0.075+1.0+0.032 ms clock, 0.30+1.2/0.59/0+0.13 ms cpu, 3->3->1 MB, 4 MB goal, 0 MB stacks, 0 MB globals, 4 P
gc 735 @37.575s 0%: 0.057+0.59+0.023 ms clock, 0.23+0.78/0.44/0+0.095 ms cpu, 3->3->1 MB, 4 MB goal, 0 MB stacks, 0 MB globals, 4 P
gc 736 @37.580s 0%: 0.052+1.7+0.021 ms clock, 0.20+0.26/0.70/0+0.087 ms cpu, 3->3->1 MB, 4 MB goal, 0 MB stacks, 0 MB globals, 4 P
gc 737 @37.585s 0%: 0.21+1.4+0.023 ms clock, 0.85+0.83/1.5/0+0.095 ms cpu, 3->3->1 MB, 4 MB goal, 0 MB stacks, 0 MB globals, 4 P
gc 738 @37.590s 0%: 0.055+0.82+0.061 ms clock, 0.22+0.93/0.57/0+0.24 ms cpu, 3->3->1 MB, 4 MB goal, 0 MB stacks, 0 MB globals, 4 P
gc 739 @37.595s 0%: 0.080+0.57+0.024 ms clock, 0.32+0.88/0.49/0+0.099 ms cpu, 3->3->1 MB, 4 MB goal, 0 MB stacks, 0 MB globals, 4 P
gc 740 @37.600s 0%: 0.070+0.64+0.024 ms clock, 0.28+0.51/0.55/0+0.097 ms cpu, 3->3->1 MB, 4 MB goal, 0 MB stacks, 0 MB globals, 4 P
gc 741 @37.605s 0%: 0.049+0.68+0.061 ms clock, 0.19+0.76/0.53/0+0.24 ms cpu, 3->3->1 MB, 4 MB goal, 0 MB stacks, 0 MB globals, 4 P
gc 742 @37.610s 0%: 0.60+0.30+0.021 ms clock, 2.4+0.88/0.76/0+0.084 ms cpu, 3->3->1 MB, 4 MB goal, 0 MB stacks, 0 MB globals, 4 P
gc 743 @37.615s 0%: 0.060+0.85+0.060 ms clock, 0.24+0.59/0.69/0+0.24 ms cpu, 3->3->1 MB, 4 MB goal, 0 MB stacks, 0 MB globals, 4 P
gc 744 @37.620s 0%: 0.045+0.68+0.028 ms clock, 0.18+0.70/0.47/0+0.11 ms cpu, 3->3->1 MB, 4 MB goal, 0 MB stacks, 0 MB globals, 4 P
gc 745 @37.625s 0%: 0.48+1.4+0.074 ms clock, 1.9+0.12/1.2/0.42+0.29 ms cpu, 3->4->1 MB, 4 MB goal, 0 MB stacks, 0 MB globals, 4 P
gc 746 @37.630s 0%: 0.078+1.4+0.061 ms clock, 0.31+0.38/0.65/0+0.24 ms cpu, 3->3->1 MB, 4 MB goal, 0 MB stacks, 0 MB globals, 4 P
gc 747 @37.635s 0%: 0.061+0.76+0.013 ms clock, 0.24+0.72/0.70/0+0.054 ms cpu, 3->3->1 MB, 4 MB goal, 0 MB stacks, 0 MB globals, 4 P
gc 748 @37.640s 0%: 0.066+0.86+0.058 ms clock, 0.26+0.59/0.70/0+0.23 ms cpu, 3->3->1 MB, 4 MB goal, 0 MB stacks, 0 MB globals, 4 P
gc 749 @37.645s 0%: 0.080+0.99+0.033 ms clock, 0.32+0.73/0.54/0+0.13 ms cpu, 3->3->1 MB, 4 MB goal, 0 MB stacks, 0 MB globals, 4 P
gc 750 @37.650s 0%: 0.071+1.3+0.041 ms clock, 0.28+0.67/0.74/0+0.16 ms cpu, 3->3->1 MB, 4 MB goal, 0 MB stacks, 0 MB globals, 4 P
gc 751 @37.655s 0%: 0.058+0.53+0.042 ms clock, 0.23+0.82/0.46/0+0.16 ms cpu, 3->3->1 MB, 4 MB goal, 0 MB stacks, 0 MB globals, 4 P
gc 752 @37.660s 0%: 0.054+1.3+0.061 ms clock, 0.21+1.1/0.001/0+0.24 ms cpu, 3->3->1 MB, 4 MB goal, 0 MB stacks, 0 MB globals, 4 P
gc 753 @37.665s 0%: 0.18+0.83+0.024 ms clock, 0.73+1.0/0.64/0+0.099 ms cpu, 3->3->1 MB, 4 MB goal, 0 MB stacks, 0 MB globals, 4 P
gc 754 @37.670s 0%: 0.068+1.0+0.080 ms clock, 0.27+0.76/0.82/0+0.32 ms cpu, 3->3->1 MB, 4 MB goal, 0 MB stacks, 0 MB globals, 4 P
gc 755 @37.675s 0%: 0.091+1.1+0.083 ms clock, 0.36+0.66/0.66/0+0.33 ms cpu, 3->3->1 MB, 4 MB goal, 0 MB stacks, 0 MB globals, 4 P
gc 756 @37.680s 0%: 0.063+0.59+0.020 ms clock, 0.25+0.61/0.49/0+0.082 ms cpu, 3->3->1 MB, 4 MB goal, 0 MB stacks, 0 MB globals, 4 P
gc 757 @37.685s 0%: 0.025+1.2+0.063 ms clock, 0.10+0.67/0.55/0+0.25 ms cpu, 3->3->1 MB, 4 MB goal, 0 MB stacks, 0 MB globals, 4 P
gc 758 @37.690s 0%: 0.052+0.55+0.044 ms clock, 0.20+0.88/0.42/0+0.17 ms cpu, 3->3->1 MB, 4 MB goal, 0 MB stacks, 0 MB globals, 4 P
gc 759 @37.695s 0%: 0.062+2.1+0.009 ms clock, 0.24+1.7/0.61/0+0.037 ms cpu, 3->3->1 MB, 4 MB goal, 0 MB stacks, 0 MB globals, 4 P
gc 760 @37.700s 0%: 0.22+0.80+0.023 ms clock, 0.90+0.62/0.78/0.13+0.094 ms cpu, 3->3->1 MB, 4 MB goal, 0 MB stacks, 0 MB globals, 4 P
gc 761 @37.705s 0%: 0.075+1.1+0.025 ms clock, 0.30+0.41/0.58/0+0.10 ms cpu, 3->3->1 MB, 4 MB goal, 0 MB stacks, 0 MB globals, 4 P
gc 762 @37.710s 0%: 0.37+1.7+0.003 ms clock, 1.5+0.35/1.1/0+0.014 ms cpu, 3->3->1 MB, 4 MB goal, 0 MB stacks, 0 MB globals, 4 P
gc 763 @37.716s 0%: 0.048+1.1+0.063 ms clock, 0.19+0.52/0.60/0+0.25 ms cpu, 3->3->1 MB, 4 MB goal, 0 MB stacks, 0 MB globals, 4 P
gc 764 @37.720s 0%: 0.057+1.2+0.043 ms clock, 0.23+0.30/0.64/0+0.17 ms cpu, 3->3->1 MB, 4 MB goal, 0 MB stacks, 0 MB globals, 4 P
gc 765 @37.726s 0%: 0.060+1.1+0.063 ms clock, 0.24+0.41/0.54/0+0.25 ms cpu, 3->3->1 MB, 4 MB goal, 0 MB stacks, 0 MB globals, 4 P
gc 766 @37.731s 0%: 0.033+2.5+0.009 ms clock, 0.13+0.48/1.3/0+0.039 ms cpu, 3->4->1 MB, 4 MB goal, 0 MB stacks, 0 MB globals, 4 P
gc 767 @37.736s 0%: 0.079+0.56+0.036 ms clock, 0.31+0.86/0.42/0+0.14 ms cpu, 3->3->1 MB, 4 MB goal, 0 MB stacks, 0 MB globals, 4 P
gc 768 @37.741s 0%: 0.33+1.0+0.031 ms clock, 1.3+0.47/1.2/0.011+0.12 ms cpu, 3->3->1 MB, 4 MB goal, 0 MB stacks, 0 MB globals, 4 P
gc 769 @37.746s 0%: 0.37+1.7+0.025 ms clock, 1.4+2.0/0.96/0+0.10 ms cpu, 3->3->1 MB, 4 MB goal, 0 MB stacks, 0 MB globals, 4 P
gc 770 @37.751s 0%: 0.058+0.68+0.021 ms clock, 0.23+0.65/0.59/0+0.086 ms cpu, 3->3->1 MB, 4 MB goal, 0 MB stacks, 0 MB globals, 4 P
gc 771 @37.756s 0%: 0.048+1.8+0.076 ms clock, 0.19+0.57/0.56/0+0.30 ms cpu, 3->3->1 MB, 4 MB goal, 0 MB stacks, 0 MB globals, 4 P
gc 772 @37.761s 0%: 0.11+1.0+0.034 ms clock, 0.46+0.51/0.48/0+0.13 ms cpu, 3->3->1 MB, 4 MB goal, 0 MB stacks, 0 MB globals, 4 P
gc 773 @37.766s 0%: 0.048+2.1+0.010 ms clock, 0.19+0.57/0.56/0+0.042 ms cpu, 3->3->1 MB, 4 MB goal, 0 MB stacks, 0 MB globals, 4 P
gc 774 @37.772s 0%: 0.037+1.4+0.038 ms clock, 0.15+0.55/0.66/0.003+0.15 ms cpu, 3->3->1 MB, 4 MB goal, 0 MB stacks, 0 MB globals, 4 P
gc 775 @37.777s 0%: 0.034+1.3+0.040 ms clock, 0.13+0.46/0.74/0+0.16 ms cpu, 3->3->1 MB, 4 MB goal, 0 MB stacks, 0 MB globals, 4 P
gc 776 @37.782s 0%: 0.26+0.54+0.061 ms clock, 1.0+0.68/0.64/0+0.24 ms cpu, 3->3->1 MB, 4 MB goal, 0 MB stacks, 0 MB globals, 4 P
gc 777 @37.787s 0%: 0.075+0.61+0.020 ms clock, 0.30+0.67/0.53/0+0.080 ms cpu, 3->3->1 MB, 4 MB goal, 0 MB stacks, 0 MB globals, 4 P
gc 778 @37.792s 0%: 0.066+1.5+0.028 ms clock, 0.26+1.5/0.66/0+0.11 ms cpu, 3->3->1 MB, 4 MB goal, 0 MB stacks, 0 MB globals, 4 P
gc 779 @37.797s 0%: 0.060+1.7+0.082 ms clock, 0.24+0.40/0.48/0+0.32 ms cpu, 3->3->1 MB, 4 MB goal, 0 MB stacks, 0 MB globals, 4 P
gc 780 @37.802s 0%: 0.095+1.0+0.007 ms clock, 0.38+1.1/0.001/0+0.030 ms cpu, 3->3->1 MB, 4 MB goal, 0 MB stacks, 0 MB globals, 4 P
gc 781 @37.807s 0%: 0.062+0.82+0.032 ms clock, 0.24+0.60/0.67/0+0.13 ms cpu, 3->3->1 MB, 4 MB goal, 0 MB stacks, 0 MB globals, 4 P
gc 782 @37.812s 0%: 0.026+1.9+0.034 ms clock, 0.10+0.60/0.62/0+0.13 ms cpu, 3->3->1 MB, 4 MB goal, 0 MB stacks, 0 MB globals, 4 P
gc 783 @37.817s 0%: 0.040+1.3+0.033 ms clock, 0.16+0.94/0.001/0+0.13 ms cpu, 3->3->1 MB, 4 MB goal, 0 MB stacks, 0 MB globals, 4 P
gc 784 @37.823s 0%: 0.32+1.6+0.029 ms clock, 1.3+0.43/0.80/0+0.11 ms cpu, 3->3->1 MB, 4 MB goal, 0 MB stacks, 0 MB globals, 4 P
gc 785 @37.828s 0%: 0.086+0.96+0.035 ms clock, 0.34+0.59/0.57/0+0.14 ms cpu, 3->3->1 MB, 4 MB goal, 0 MB stacks, 0 MB globals, 4 P
gc 786 @37.833s 0%: 0.079+1.4+0.033 ms clock, 0.31+0.41/0.73/0+0.13 ms cpu, 3->3->1 MB, 4 MB goal, 0 MB stacks, 0 MB globals, 4 P
gc 787 @37.838s 0%: 0.069+0.78+0.069 ms clock, 0.27+0.66/0.55/0+0.27 ms cpu, 3->3->1 MB, 4 MB goal, 0 MB stacks, 0 MB globals, 4 P
gc 788 @37.843s 0%: 0.061+0.73+0.065 ms clock, 0.24+0.77/0.49/0+0.26 ms cpu, 3->3->1 MB, 4 MB goal, 0 MB stacks, 0 MB globals, 4 P
gc 789 @37.848s 0%: 0.42+1.1+0.004 ms clock, 1.7+0.48/0.78/0+0.019 ms cpu, 3->3->1 MB, 4 MB goal, 0 MB stacks, 0 MB globals, 4 P
gc 790 @37.853s 0%: 0.038+1.0+0.016 ms clock, 0.15+1.1/0.001/0+0.065 ms cpu, 3->3->1 MB, 4 MB goal, 0 MB stacks, 0 MB globals, 4 P
gc 791 @37.858s 0%: 0.11+0.66+0.007 ms clock, 0.47+0.82/0.54/0+0.029 ms cpu, 3->3->1 MB, 4 MB goal, 0 MB stacks, 0 MB globals, 4 P
gc 792 @37.863s 0%: 0.077+0.76+0.025 ms clock, 0.31+0.62/0.56/0+0.10 ms cpu, 3->3->1 MB, 4 MB goal, 0 MB stacks, 0 MB globals, 4 P
gc 793 @37.868s 0%: 0.038+0.72+0.035 ms clock, 0.15+0.77/0.60/0+0.14 ms cpu, 3->3->1 MB, 4 MB goal, 0 MB stacks, 0 MB globals, 4 P
gc 794 @37.873s 0%: 0.028+1.0+0.041 ms clock, 0.11+0.37/0.52/0+0.16 ms cpu, 3->3->1 MB, 4 MB goal, 0 MB stacks, 0 MB globals, 4 P
gc 795 @37.877s 0%: 0.048+0.91+0.035 ms clock, 0.19+0.56/0.74/0+0.14 ms cpu, 3->3->1 MB, 4 MB goal, 0 MB stacks, 0 MB globals, 4 P
gc 796 @37.882s 0%: 0.061+0.59+0.037 ms clock, 0.24+0.87/0.50/0+0.15 ms cpu, 3->3->1 MB, 4 MB goal, 0 MB stacks, 0 MB globals, 4 P
gc 797 @37.887s 0%: 0.039+2.4+0.010 ms clock, 0.15+0.49/0.50/0+0.041 ms cpu, 3->3->1 MB, 4 MB goal, 0 MB stacks, 0 MB globals, 4 P
gc 798 @37.893s 0%: 0.034+1.6+0.003 ms clock, 0.13+1.2/1.0/0+0.012 ms cpu, 3->3->1 MB, 4 MB goal, 0 MB stacks, 0 MB globals, 4 P
gc 799 @37.898s 0%: 0.057+0.96+0.030 ms clock, 0.22+0.49/0.51/0+0.12 ms cpu, 3->3->1 MB, 4 MB goal, 0 MB stacks, 0 MB globals, 4 P
gc 800 @37.903s 0%: 0.050+0.57+0.044 ms clock, 0.20+0.84/0.47/0+0.17 ms cpu, 3->3->1 MB, 4 MB goal, 0 MB stacks, 0 MB globals, 4 P
gc 801 @37.908s 0%: 0.059+0.73+0.046 ms clock, 0.23+0.83/0.63/0+0.18 ms cpu, 3->3->1 MB, 4 MB goal, 0 MB stacks, 0 MB globals, 4 P
gc 802 @37.913s 0%: 0.069+0.94+0.007 ms clock, 0.27+0.35/0.66/0+0.030 ms cpu, 3->3->1 MB, 4 MB goal, 0 MB stacks, 0 MB globals, 4 P
gc 803 @37.917s 0%: 0.12+0.99+0.037 ms clock, 0.50+0.99/0.61/0+0.14 ms cpu, 3->3->1 MB, 4 MB goal, 0 MB stacks, 0 MB globals, 4 P
gc 804 @37.923s 0%: 0.10+0.66+0.057 ms clock, 0.43+0.83/0.51/0+0.23 ms cpu, 3->3->1 MB, 4 MB goal, 0 MB stacks, 0 MB globals, 4 P
gc 805 @37.927s 0%: 0.091+1.0+0.024 ms clock, 0.36+0.70/0.51/0+0.097 ms cpu, 3->3->1 MB, 4 MB goal, 0 MB stacks, 0 MB globals, 4 P
gc 806 @37.932s 0%: 0.082+1.8+0.034 ms clock, 0.32+0.62/0.46/0+0.13 ms cpu, 3->3->1 MB, 4 MB goal, 0 MB stacks, 0 MB globals, 4 P
gc 807 @37.938s 0%: 0.060+1.6+0.016 ms clock, 0.24+0.21/0.64/0.002+0.065 ms cpu, 3->3->1 MB, 4 MB goal, 0 MB stacks, 0 MB globals, 4 P
gc 808 @37.943s 0%: 0.094+0.64+0.060 ms clock, 0.37+0.70/0.43/0+0.24 ms cpu, 3->3->1 MB, 4 MB goal, 0 MB stacks, 0 MB globals, 4 P
gc 809 @37.948s 0%: 0.090+0.63+0.065 ms clock, 0.36+0.82/0.49/0+0.26 ms cpu, 3->3->1 MB, 4 MB goal, 0 MB stacks, 0 MB globals, 4 P
gc 810 @37.952s 0%: 0.069+0.65+0.041 ms clock, 0.27+0.81/0.55/0+0.16 ms cpu, 3->3->1 MB, 4 MB goal, 0 MB stacks, 0 MB globals, 4 P
gc 811 @37.957s 0%: 0.060+0.66+0.035 ms clock, 0.24+0.70/0.52/0+0.14 ms cpu, 3->3->1 MB, 4 MB goal, 0 MB stacks, 0 MB globals, 4 P
gc 812 @37.962s 0%: 0.057+1.4+0.020 ms clock, 0.22+0.59/0.39/0.022+0.082 ms cpu, 3->3->1 MB, 4 MB goal, 0 MB stacks, 0 MB globals, 4 P
gc 813 @37.968s 0%: 0.069+0.67+0.024 ms clock, 0.27+0.66/0.52/0+0.097 ms cpu, 3->3->1 MB, 4 MB goal, 0 MB stacks, 0 MB globals, 4 P
gc 814 @37.972s 0%: 0.067+1.6+0.021 ms clock, 0.26+0.51/1.2/0+0.087 ms cpu, 3->3->1 MB, 4 MB goal, 0 MB stacks, 0 MB globals, 4 P
gc 815 @37.977s 0%: 0.42+1.2+0.040 ms clock, 1.6+0.42/1.4/0.044+0.16 ms cpu, 3->3->1 MB, 4 MB goal, 0 MB stacks, 0 MB globals, 4 P
gc 816 @37.983s 0%: 0.026+0.61+0.040 ms clock, 0.10+0.90/0.48/0+0.16 ms cpu, 3->3->1 MB, 4 MB goal, 0 MB stacks, 0 MB globals, 4 P
gc 817 @37.987s 0%: 0.057+0.60+0.092 ms clock, 0.22+1.0/0.019/0+0.36 ms cpu, 3->3->1 MB, 4 MB goal, 0 MB stacks, 0 MB globals, 4 P
gc 818 @37.992s 0%: 0.044+0.73+0.064 ms clock, 0.17+0.56/0.57/0.025+0.25 ms cpu, 3->3->1 MB, 4 MB goal, 0 MB stacks, 0 MB globals, 4 P
gc 819 @37.997s 0%: 0.055+1.3+0.076 ms clock, 0.22+0.38/0.58/0+0.30 ms cpu, 3->3->1 MB, 4 MB goal, 0 MB stacks, 0 MB globals, 4 P
gc 820 @38.002s 0%: 0.088+0.80+0.054 ms clock, 0.35+0.59/0.48/0+0.21 ms cpu, 3->3->1 MB, 4 MB goal, 0 MB stacks, 0 MB globals, 4 P
gc 821 @38.007s 0%: 0.064+1.6+0.011 ms clock, 0.25+0.47/0.93/0+0.047 ms cpu, 3->3->1 MB, 4 MB goal, 0 MB stacks, 0 MB globals, 4 P
gc 822 @38.012s 0%: 0.064+1.4+0.004 ms clock, 0.25+1.1/0.55/0+0.017 ms cpu, 3->3->1 MB, 4 MB goal, 0 MB stacks, 0 MB globals, 4 P
gc 823 @38.018s 0%: 0.046+1.1+0.028 ms clock, 0.18+0.43/0.56/0+0.11 ms cpu, 3->3->1 MB, 4 MB goal, 0 MB stacks, 0 MB globals, 4 P
gc 824 @38.023s 0%: 0.11+0.83+0.044 ms clock, 0.45+0.67/0.64/0+0.17 ms cpu, 3->3->1 MB, 4 MB goal, 0 MB stacks, 0 MB globals, 4 P
gc 825 @38.028s 0%: 0.054+1.3+0.053 ms clock, 0.21+1.3/0.62/0+0.21 ms cpu, 3->3->1 MB, 4 MB goal, 0 MB stacks, 0 MB globals, 4 P
gc 826 @38.033s 0%: 0.10+1.0+0.004 ms clock, 0.40+0.29/0.68/0+0.016 ms cpu, 3->3->1 MB, 4 MB goal, 0 MB stacks, 0 MB globals, 4 P
gc 827 @38.038s 0%: 0.10+0.63+0.006 ms clock, 0.41+0.70/0.48/0+0.026 ms cpu, 3->3->1 MB, 4 MB goal, 0 MB stacks, 0 MB globals, 4 P
gc 828 @38.043s 0%: 0.050+1.7+0.067 ms clock, 0.20+0.77/0.51/0+0.26 ms cpu, 3->3->1 MB, 4 MB goal, 0 MB stacks, 0 MB globals, 4 P
gc 829 @38.048s 0%: 0.049+0.82+0.029 ms clock, 0.19+0.50/0.75/0+0.11 ms cpu, 3->3->1 MB, 4 MB goal, 0 MB stacks, 0 MB globals, 4 P
gc 830 @38.052s 0%: 0.072+0.60+0.045 ms clock, 0.28+0.63/0.51/0+0.18 ms cpu, 3->3->1 MB, 4 MB goal, 0 MB stacks, 0 MB globals, 4 P
gc 831 @38.057s 0%: 0.090+0.86+0.075 ms clock, 0.36+0.58/0.75/0+0.30 ms cpu, 3->3->1 MB, 4 MB goal, 0 MB stacks, 0 MB globals, 4 P
gc 832 @38.062s 0%: 0.061+1.9+0.025 ms clock, 0.24+0.46/0.51/0+0.10 ms cpu, 3->3->1 MB, 4 MB goal, 0 MB stacks, 0 MB globals, 4 P
gc 833 @38.068s 0%: 0.068+0.60+0.043 ms clock, 0.27+0.79/0.41/0+0.17 ms cpu, 3->3->1 MB, 4 MB goal, 0 MB stacks, 0 MB globals, 4 P
gc 834 @38.073s 0%: 0.048+1.7+0.094 ms clock, 0.19+0.54/0.54/0+0.37 ms cpu, 3->3->1 MB, 4 MB goal, 0 MB stacks, 0 MB globals, 4 P
gc 835 @38.078s 0%: 0.067+0.89+0.024 ms clock, 0.26+0.32/0.58/0+0.098 ms cpu, 3->3->1 MB, 4 MB goal, 0 MB stacks, 0 MB globals, 4 P
gc 836 @38.083s 0%: 0.056+2.1+0.035 ms clock, 0.22+0.61/1.0/0+0.14 ms cpu, 3->3->1 MB, 4 MB goal, 0 MB stacks, 0 MB globals, 4 P
gc 837 @38.088s 0%: 0.29+0.96+0.055 ms clock, 1.1+0.66/1.0/0+0.22 ms cpu, 3->3->1 MB, 4 MB goal, 0 MB stacks, 0 MB globals, 4 P
gc 838 @38.093s 0%: 0.046+0.99+0.055 ms clock, 0.18+1.3/0.080/0+0.22 ms cpu, 3->3->1 MB, 4 MB goal, 0 MB stacks, 0 MB globals, 4 P
gc 839 @38.098s 0%: 0.071+1.5+0.060 ms clock, 0.28+0.44/0.59/0+0.24 ms cpu, 3->3->1 MB, 4 MB goal, 0 MB stacks, 0 MB globals, 4 P
gc 840 @38.103s 0%: 0.056+0.54+0.035 ms clock, 0.22+0.69/0.45/0+0.14 ms cpu, 3->3->1 MB, 4 MB goal, 0 MB stacks, 0 MB globals, 4 P
gc 841 @38.108s 0%: 0.055+1.1+0.023 ms clock, 0.22+0.71/0.56/0+0.095 ms cpu, 3->3->1 MB, 4 MB goal, 0 MB stacks, 0 MB globals, 4 P
gc 842 @38.113s 0%: 0.063+0.73+0.078 ms clock, 0.25+0.69/0.57/0+0.31 ms cpu, 3->3->1 MB, 4 MB goal, 0 MB stacks, 0 MB globals, 4 P
gc 843 @38.118s 0%: 0.10+1.7+0.018 ms clock, 0.41+0.49/0.74/0+0.072 ms cpu, 3->3->1 MB, 4 MB goal, 0 MB stacks, 0 MB globals, 4 P
gc 844 @38.123s 0%: 0.096+1.3+0.028 ms clock, 0.38+0.64/0.71/0+0.11 ms cpu, 3->3->1 MB, 4 MB goal, 0 MB stacks, 0 MB globals, 4 P
gc 845 @38.128s 0%: 0.34+2.1+0.027 ms clock, 1.3+0.55/1.5/0.065+0.10 ms cpu, 3->3->1 MB, 4 MB goal, 0 MB stacks, 0 MB globals, 4 P
gc 846 @38.134s 0%: 0.053+1.4+0.044 ms clock, 0.21+0.50/0.51/0+0.17 ms cpu, 3->3->1 MB, 4 MB goal, 0 MB stacks, 0 MB globals, 4 P
gc 847 @38.139s 0%: 0.056+2.2+0.073 ms clock, 0.22+0.91/0.46/0+0.29 ms cpu, 3->3->1 MB, 4 MB goal, 0 MB stacks, 0 MB globals, 4 P
gc 848 @38.144s 0%: 0.099+0.91+0.072 ms clock, 0.39+0.70/0.76/0+0.28 ms cpu, 3->3->1 MB, 4 MB goal, 0 MB stacks, 0 MB globals, 4 P
gc 849 @38.149s 0%: 0.080+1.0+0.012 ms clock, 0.32+1.1/0.56/0+0.049 ms cpu, 3->3->1 MB, 4 MB goal, 0 MB stacks, 0 MB globals, 4 P
gc 850 @38.154s 0%: 0.11+1.1+0.030 ms clock, 0.44+0.50/0.54/0+0.12 ms cpu, 3->3->1 MB, 4 MB goal, 0 MB stacks, 0 MB globals, 4 P
gc 851 @38.159s 0%: 0.043+1.6+0.020 ms clock, 0.17+1.0/0.49/0+0.083 ms cpu, 3->3->1 MB, 4 MB goal, 0 MB stacks, 0 MB globals, 4 P
gc 852 @38.164s 0%: 0.094+0.62+0.032 ms clock, 0.37+0.91/0.44/0+0.12 ms cpu, 3->3->1 MB, 4 MB goal, 0 MB stacks, 0 MB globals, 4 P
gc 853 @38.169s 0%: 0.24+1.6+0.037 ms clock, 0.98+1.2/0.63/0+0.14 ms cpu, 3->3->1 MB, 4 MB goal, 0 MB stacks, 0 MB globals, 4 P
gc 854 @38.174s 0%: 0.075+0.60+0.040 ms clock, 0.30+0.82/0.47/0+0.16 ms cpu, 3->3->1 MB, 4 MB goal, 0 MB stacks, 0 MB globals, 4 P
gc 855 @38.179s 0%: 0.058+1.4+0.025 ms clock, 0.23+0.78/0.66/0+0.10 ms cpu, 3->3->1 MB, 4 MB goal, 0 MB stacks, 0 MB globals, 4 P
gc 856 @38.184s 0%: 0.37+1.9+0.030 ms clock, 1.4+0.40/0.73/0+0.12 ms cpu, 3->3->1 MB, 4 MB goal, 0 MB stacks, 0 MB globals, 4 P
gc 857 @38.189s 0%: 0.073+0.91+0.037 ms clock, 0.29+0.82/0.45/0+0.15 ms cpu, 3->3->1 MB, 4 MB goal, 0 MB stacks, 0 MB globals, 4 P
gc 858 @38.194s 0%: 0.039+0.90+0.028 ms clock, 0.15+0.62/0.50/0.010+0.11 ms cpu, 3->3->1 MB, 4 MB goal, 0 MB stacks, 0 MB globals, 4 P
gc 859 @38.199s 0%: 0.081+0.67+0.012 ms clock, 0.32+0.75/0.50/0+0.051 ms cpu, 3->3->1 MB, 4 MB goal, 0 MB stacks, 0 MB globals, 4 P
gc 860 @38.204s 0%: 0.041+0.87+0.027 ms clock, 0.16+0.70/0.64/0+0.10 ms cpu, 3->3->1 MB, 4 MB goal, 0 MB stacks, 0 MB globals, 4 P
gc 861 @38.209s 0%: 1.0+0.52+0.046 ms clock, 4.1+0.64/1.3/0+0.18 ms cpu, 3->3->1 MB, 4 MB goal, 0 MB stacks, 0 MB globals, 4 P
gc 862 @38.215s 0%: 0.079+1.2+0.024 ms clock, 0.31+0.36/0.55/0+0.099 ms cpu, 3->3->1 MB, 4 MB goal, 0 MB stacks, 0 MB globals, 4 P
gc 863 @38.220s 0%: 0.047+1.3+0.045 ms clock, 0.19+0.31/0.72/0+0.18 ms cpu, 3->3->1 MB, 4 MB goal, 0 MB stacks, 0 MB globals, 4 P
gc 864 @38.225s 0%: 0.31+0.79+0.018 ms clock, 1.2+0.44/0.90/0.002+0.072 ms cpu, 3->3->1 MB, 4 MB goal, 0 MB stacks, 0 MB globals, 4 P
gc 865 @38.230s 0%: 0.087+1.2+0.046 ms clock, 0.34+0.47/0.64/0+0.18 ms cpu, 3->3->1 MB, 4 MB goal, 0 MB stacks, 0 MB globals, 4 P
gc 866 @38.235s 0%: 0.062+0.90+0.028 ms clock, 0.25+0.89/0.52/0+0.11 ms cpu, 3->3->1 MB, 4 MB goal, 0 MB stacks, 0 MB globals, 4 P
gc 867 @38.240s 0%: 0.070+1.0+0.057 ms clock, 0.28+0.60/0.57/0+0.22 ms cpu, 3->3->1 MB, 4 MB goal, 0 MB stacks, 0 MB globals, 4 P
gc 868 @38.245s 0%: 0.049+0.60+0.027 ms clock, 0.19+0.84/0.44/0+0.10 ms cpu, 3->3->1 MB, 4 MB goal, 0 MB stacks, 0 MB globals, 4 P
gc 869 @38.249s 0%: 0.10+0.76+0.072 ms clock, 0.40+0.77/0.65/0+0.29 ms cpu, 3->3->1 MB, 4 MB goal, 0 MB stacks, 0 MB globals, 4 P
gc 870 @38.255s 0%: 0.074+1.4+0.054 ms clock, 0.29+0.76/0.55/0+0.21 ms cpu, 3->3->1 MB, 4 MB goal, 0 MB stacks, 0 MB globals, 4 P
gc 871 @38.260s 0%: 0.050+0.57+0.047 ms clock, 0.20+0.68/0.48/0+0.19 ms cpu, 3->3->1 MB, 4 MB goal, 0 MB stacks, 0 MB globals, 4 P
gc 872 @38.265s 0%: 0.050+0.89+0.046 ms clock, 0.20+0.90/0.51/0+0.18 ms cpu, 3->3->1 MB, 4 MB goal, 0 MB stacks, 0 MB globals, 4 P
gc 873 @38.270s 0%: 0.059+0.81+0.031 ms clock, 0.23+0.87/0.68/0+0.12 ms cpu, 3->3->1 MB, 4 MB goal, 0 MB stacks, 0 MB globals, 4 P
gc 874 @38.275s 0%: 0.066+0.65+0.092 ms clock, 0.26+0.48/0.50/0+0.37 ms cpu, 3->3->1 MB, 4 MB goal, 0 MB stacks, 0 MB globals, 4 P
gc 875 @38.280s 0%: 0.048+2.1+0.003 ms clock, 0.19+0.61/0.66/0+0.015 ms cpu, 3->3->1 MB, 4 MB goal, 0 MB stacks, 0 MB globals, 4 P
gc 876 @38.285s 0%: 0.048+1.5+0.020 ms clock, 0.19+0.47/0.71/0.099+0.083 ms cpu, 3->3->1 MB, 4 MB goal, 0 MB stacks, 0 MB globals, 4 P
gc 877 @38.291s 0%: 0.068+0.61+0.068 ms clock, 0.27+0.91/0.49/0+0.27 ms cpu, 3->3->1 MB, 4 MB goal, 0 MB stacks, 0 MB globals, 4 P
gc 878 @38.295s 0%: 0.038+0.90+0.033 ms clock, 0.15+1.0/0.001/0+0.13 ms cpu, 3->3->1 MB, 4 MB goal, 0 MB stacks, 0 MB globals, 4 P
gc 879 @38.301s 0%: 0.065+1.6+0.079 ms clock, 0.26+0.30/0.71/0+0.31 ms cpu, 3->3->1 MB, 4 MB goal, 0 MB stacks, 0 MB globals, 4 P
gc 880 @38.306s 0%: 0.084+0.61+0.034 ms clock, 0.33+0.55/0.53/0+0.13 ms cpu, 3->3->1 MB, 4 MB goal, 0 MB stacks, 0 MB globals, 4 P
gc 881 @38.311s 0%: 0.053+1.3+0.018 ms clock, 0.21+0.45/0.51/0+0.074 ms cpu, 3->3->1 MB, 4 MB goal, 0 MB stacks, 0 MB globals, 4 P
gc 882 @38.316s 0%: 0.27+1.6+0.022 ms clock, 1.0+0.62/1.2/0+0.088 ms cpu, 3->3->1 MB, 4 MB goal, 0 MB stacks, 0 MB globals, 4 P
gc 883 @38.321s 0%: 0.065+1.8+0.041 ms clock, 0.26+0.60/0.60/0+0.16 ms cpu, 3->3->1 MB, 4 MB goal, 0 MB stacks, 0 MB globals, 4 P
gc 884 @38.326s 0%: 0.054+0.71+0.050 ms clock, 0.21+0.75/0.45/0+0.20 ms cpu, 3->3->1 MB, 4 MB goal, 0 MB stacks, 0 MB globals, 4 P
gc 885 @38.331s 0%: 0.065+2.9+0.026 ms clock, 0.26+0.60/1.5/0+0.10 ms cpu, 3->4->1 MB, 4 MB goal, 0 MB stacks, 0 MB globals, 4 P
gc 886 @38.337s 0%: 0.041+0.57+0.032 ms clock, 0.16+0.76/0.46/0+0.12 ms cpu, 3->3->1 MB, 4 MB goal, 0 MB stacks, 0 MB globals, 4 P
gc 887 @38.342s 0%: 0.052+0.62+0.049 ms clock, 0.20+0.70/0.46/0+0.19 ms cpu, 3->3->1 MB, 4 MB goal, 0 MB stacks, 0 MB globals, 4 P
gc 888 @38.346s 0%: 0.051+0.94+0.016 ms clock, 0.20+0.43/0.52/0+0.067 ms cpu, 3->3->1 MB, 4 MB goal, 0 MB stacks, 0 MB globals, 4 P
gc 889 @38.352s 0%: 0.11+0.68+0.026 ms clock, 0.44+0.80/0.55/0+0.10 ms cpu, 3->3->1 MB, 4 MB goal, 0 MB stacks, 0 MB globals, 4 P
gc 890 @38.356s 0%: 0.11+0.64+0.039 ms clock, 0.44+0.81/0.51/0+0.15 ms cpu, 3->3->1 MB, 4 MB goal, 0 MB stacks, 0 MB globals, 4 P
gc 891 @38.361s 0%: 0.088+0.87+0.081 ms clock, 0.35+0.61/0.84/0+0.32 ms cpu, 3->3->1 MB, 4 MB goal, 0 MB stacks, 0 MB globals, 4 P
gc 892 @38.366s 0%: 0.091+1.2+0.044 ms clock, 0.36+0.97/0.050/0+0.17 ms cpu, 3->3->1 MB, 4 MB goal, 0 MB stacks, 0 MB globals, 4 P
gc 893 @38.372s 0%: 0.45+1.3+0.007 ms clock, 1.8+0.43/0.82/0+0.031 ms cpu, 3->3->1 MB, 4 MB goal, 0 MB stacks, 0 MB globals, 4 P
gc 894 @38.377s 0%: 0.049+1.2+0.056 ms clock, 0.19+1.7/0.49/0+0.22 ms cpu, 3->3->1 MB, 4 MB goal, 0 MB stacks, 0 MB globals, 4 P
gc 895 @38.382s 0%: 0.067+0.61+0.023 ms clock, 0.27+0.54/0.58/0+0.095 ms cpu, 3->3->1 MB, 4 MB goal, 0 MB stacks, 0 MB globals, 4 P
gc 896 @38.387s 0%: 0.070+0.80+0.050 ms clock, 0.28+0.70/0.68/0+0.20 ms cpu, 3->3->1 MB, 4 MB goal, 0 MB stacks, 0 MB globals, 4 P
gc 897 @38.392s 0%: 0.056+0.88+0.048 ms clock, 0.22+1.0/0/0+0.19 ms cpu, 3->3->1 MB, 4 MB goal, 0 MB stacks, 0 MB globals, 4 P
gc 898 @38.397s 0%: 0.26+1.4+0.040 ms clock, 1.0+0.39/0.80/0+0.16 ms cpu, 3->3->1 MB, 4 MB goal, 0 MB stacks, 0 MB globals, 4 P
gc 899 @38.402s 0%: 0.046+0.56+0.043 ms clock, 0.18+0.81/0.42/0+0.17 ms cpu, 3->3->1 MB, 4 MB goal, 0 MB stacks, 0 MB globals, 4 P
gc 900 @38.407s 0%: 0.078+0.62+0.056 ms clock, 0.31+0.81/0.45/0+0.22 ms cpu, 3->3->1 MB, 4 MB goal, 0 MB stacks, 0 MB globals, 4 P
gc 901 @38.412s 0%: 0.047+1.0+0.022 ms clock, 0.19+0.77/0.78/0+0.088 ms cpu, 3->3->1 MB, 4 MB goal, 0 MB stacks, 0 MB globals, 4 P
gc 902 @38.417s 0%: 0.078+0.63+0.056 ms clock, 0.31+0.83/0.41/0+0.22 ms cpu, 3->3->1 MB, 4 MB goal, 0 MB stacks, 0 MB globals, 4 P
gc 903 @38.422s 0%: 0.083+0.69+0.064 ms clock, 0.33+0.54/0.53/0+0.25 ms cpu, 3->3->1 MB, 4 MB goal, 0 MB stacks, 0 MB globals, 4 P
gc 904 @38.427s 0%: 0.032+1.3+0.038 ms clock, 0.12+0.55/0.53/0+0.15 ms cpu, 3->3->1 MB, 4 MB goal, 0 MB stacks, 0 MB globals, 4 P
gc 905 @38.432s 0%: 0.081+0.51+0.020 ms clock, 0.32+0.87/0.46/0+0.083 ms cpu, 3->3->0 MB, 4 MB goal, 0 MB stacks, 0 MB globals, 4 P
gc 906 @38.437s 0%: 0.048+0.50+0.023 ms clock, 0.19+0.85/0.42/0+0.092 ms cpu, 3->3->1 MB, 4 MB goal, 0 MB stacks, 0 MB globals, 4 P
gc 907 @38.441s 0%: 1.0+0.47+0.042 ms clock, 4.2+0.65/1.3/0+0.17 ms cpu, 3->3->1 MB, 4 MB goal, 0 MB stacks, 0 MB globals, 4 P
gc 908 @38.446s 0%: 0.049+0.68+0.028 ms clock, 0.19+0.69/0.58/0+0.11 ms cpu, 3->3->1 MB, 4 MB goal, 0 MB stacks, 0 MB globals, 4 P
gc 909 @38.451s 0%: 0.069+0.71+0.082 ms clock, 0.27+0.84/0.53/0+0.33 ms cpu, 3->3->1 MB, 4 MB goal, 0 MB stacks, 0 MB globals, 4 P
gc 910 @38.456s 0%: 0.053+0.75+0.038 ms clock, 0.21+0.85/0.48/0+0.15 ms cpu, 3->3->1 MB, 4 MB goal, 0 MB stacks, 0 MB globals, 4 P
gc 911 @38.461s 0%: 0.068+1.2+0.046 ms clock, 0.27+0.58/0.41/0.17+0.18 ms cpu, 3->3->1 MB, 4 MB goal, 0 MB stacks, 0 MB globals, 4 P
gc 912 @38.466s 0%: 0.13+1.2+0.036 ms clock, 0.55+1.0/0/0+0.14 ms cpu, 3->3->1 MB, 4 MB goal, 0 MB stacks, 0 MB globals, 4 P
gc 913 @38.471s 0%: 0.10+1.7+0.015 ms clock, 0.41+1.7/0.099/0+0.060 ms cpu, 3->3->1 MB, 4 MB goal, 0 MB stacks, 0 MB globals, 4 P
gc 914 @38.477s 0%: 1.1+0.75+0.019 ms clock, 4.5+0.78/1.2/0+0.076 ms cpu, 3->3->1 MB, 4 MB goal, 0 MB stacks, 0 MB globals, 4 P
gc 915 @38.482s 0%: 0.064+1.4+0.028 ms clock, 0.25+1.0/0.50/0+0.11 ms cpu, 3->3->1 MB, 4 MB goal, 0 MB stacks, 0 MB globals, 4 P
gc 916 @38.487s 0%: 0.10+0.74+0.026 ms clock, 0.40+0.80/0.62/0+0.10 ms cpu, 3->3->1 MB, 4 MB goal, 0 MB stacks, 0 MB globals, 4 P
gc 917 @38.492s 0%: 0.046+1.5+0.057 ms clock, 0.18+0.43/0.49/0+0.23 ms cpu, 3->3->1 MB, 4 MB goal, 0 MB stacks, 0 MB globals, 4 P
gc 918 @38.497s 0%: 0.071+0.81+0.051 ms clock, 0.28+1.1/0/0+0.20 ms cpu, 3->3->1 MB, 4 MB goal, 0 MB stacks, 0 MB globals, 4 P
gc 919 @38.503s 0%: 0.061+1.1+0.047 ms clock, 0.24+0.98/0.49/0+0.18 ms cpu, 3->3->1 MB, 4 MB goal, 0 MB stacks, 0 MB globals, 4 P
gc 920 @38.507s 0%: 0.064+1.3+0.044 ms clock, 0.25+0.65/1.2/0+0.17 ms cpu, 3->3->1 MB, 4 MB goal, 0 MB stacks, 0 MB globals, 4 P
gc 921 @38.512s 0%: 0.060+1.2+0.028 ms clock, 0.24+1.0/0.001/0+0.11 ms cpu, 3->3->1 MB, 4 MB goal, 0 MB stacks, 0 MB globals, 4 P
gc 922 @38.517s 0%: 0.084+0.77+0.025 ms clock, 0.33+0.73/0.51/0+0.10 ms cpu, 3->3->1 MB, 4 MB goal, 0 MB stacks, 0 MB globals, 4 P
gc 923 @38.522s 0%: 0.042+0.86+0.086 ms clock, 0.16+0.67/0.50/0+0.34 ms cpu, 3->3->1 MB, 4 MB goal, 0 MB stacks, 0 MB globals, 4 P
gc 924 @38.527s 0%: 0.10+1.2+0.010 ms clock, 0.40+0.73/0.67/0+0.042 ms cpu, 3->3->1 MB, 4 MB goal, 0 MB stacks, 0 MB globals, 4 P
gc 925 @38.532s 0%: 0.061+1.0+0.044 ms clock, 0.24+0.77/0.44/0+0.17 ms cpu, 3->3->1 MB, 4 MB goal, 0 MB stacks, 0 MB globals, 4 P
gc 926 @38.537s 0%: 1.2+1.0+0.024 ms clock, 4.9+0.31/1.3/0+0.096 ms cpu, 3->3->1 MB, 4 MB goal, 0 MB stacks, 0 MB globals, 4 P
gc 927 @38.543s 0%: 0.077+0.55+0.018 ms clock, 0.30+0.72/0.48/0+0.075 ms cpu, 3->3->1 MB, 4 MB goal, 0 MB stacks, 0 MB globals, 4 P
gc 928 @38.547s 0%: 0.067+1.3+0.008 ms clock, 0.26+0.60/0.57/0+0.035 ms cpu, 3->3->1 MB, 4 MB goal, 0 MB stacks, 0 MB globals, 4 P
gc 929 @38.552s 0%: 0.098+1.4+0.066 ms clock, 0.39+0.15/0.65/0+0.26 ms cpu, 3->3->1 MB, 4 MB goal, 0 MB stacks, 0 MB globals, 4 P
gc 930 @38.557s 0%: 0.30+0.76+0.039 ms clock, 1.2+0.46/0.81/0+0.15 ms cpu, 3->3->1 MB, 4 MB goal, 0 MB stacks, 0 MB globals, 4 P
gc 931 @38.562s 0%: 0.26+1.1+0.11 ms clock, 1.0+0.56/0.85/0+0.46 ms cpu, 3->3->1 MB, 4 MB goal, 0 MB stacks, 0 MB globals, 4 P
gc 932 @38.567s 0%: 0.051+1.0+0.025 ms clock, 0.20+0.44/0.47/0+0.10 ms cpu, 3->3->1 MB, 4 MB goal, 0 MB stacks, 0 MB globals, 4 P
gc 933 @38.573s 0%: 0.049+1.0+0.030 ms clock, 0.19+0.78/0.41/0+0.12 ms cpu, 3->3->1 MB, 4 MB goal, 0 MB stacks, 0 MB globals, 4 P
gc 934 @38.578s 0%: 0.029+0.92+0.004 ms clock, 0.11+0.99/0.001/0+0.017 ms cpu, 3->3->1 MB, 4 MB goal, 0 MB stacks, 0 MB globals, 4 P
gc 935 @38.583s 0%: 0.072+1.1+0.074 ms clock, 0.29+0.68/0.60/0+0.29 ms cpu, 3->3->1 MB, 4 MB goal, 0 MB stacks, 0 MB globals, 4 P
gc 936 @38.588s 0%: 0.083+1.7+0.047 ms clock, 0.33+0.78/0.54/0+0.18 ms cpu, 3->3->1 MB, 4 MB goal, 0 MB stacks, 0 MB globals, 4 P
gc 937 @38.593s 0%: 0.081+1.2+0.048 ms clock, 0.32+0.81/0.57/0+0.19 ms cpu, 3->3->1 MB, 4 MB goal, 0 MB stacks, 0 MB globals, 4 P
gc 938 @38.598s 0%: 0.046+1.0+0.044 ms clock, 0.18+0.84/0.85/0+0.17 ms cpu, 3->3->1 MB, 4 MB goal, 0 MB stacks, 0 MB globals, 4 P
gc 939 @38.603s 0%: 0.080+0.54+0.024 ms clock, 0.32+0.90/0.42/0+0.096 ms cpu, 3->3->1 MB, 4 MB goal, 0 MB stacks, 0 MB globals, 4 P
gc 940 @38.608s 0%: 0.099+1.4+0.012 ms clock, 0.39+0.67/1.2/0+0.048 ms cpu, 3->3->1 MB, 4 MB goal, 0 MB stacks, 0 MB globals, 4 P
gc 941 @38.613s 0%: 0.062+0.96+0.019 ms clock, 0.24+0.73/0.46/0+0.079 ms cpu, 3->3->1 MB, 4 MB goal, 0 MB stacks, 0 MB globals, 4 P
gc 942 @38.618s 0%: 0.063+2.6+0.059 ms clock, 0.25+0.60/0.49/0+0.23 ms cpu, 3->4->1 MB, 4 MB goal, 0 MB stacks, 0 MB globals, 4 P
gc 943 @38.624s 0%: 1.1+0.23+0.062 ms clock, 4.5+0.56/1.2/0+0.25 ms cpu, 3->3->1 MB, 4 MB goal, 0 MB stacks, 0 MB globals, 4 P
gc 944 @38.628s 0%: 0.067+0.54+0.052 ms clock, 0.26+0.87/0.45/0+0.21 ms cpu, 3->3->1 MB, 4 MB goal, 0 MB stacks, 0 MB globals, 4 P
gc 945 @38.633s 0%: 0.43+1.0+0.035 ms clock, 1.7+0.46/1.3/0+0.14 ms cpu, 3->3->1 MB, 4 MB goal, 0 MB stacks, 0 MB globals, 4 P
gc 946 @38.638s 0%: 0.071+1.3+0.036 ms clock, 0.28+0.98/0.65/0+0.14 ms cpu, 3->3->1 MB, 4 MB goal, 0 MB stacks, 0 MB globals, 4 P
gc 947 @38.643s 0%: 0.048+1.9+0.068 ms clock, 0.19+0.47/0.58/0+0.27 ms cpu, 3->3->1 MB, 4 MB goal, 0 MB stacks, 0 MB globals, 4 P
gc 948 @38.648s 0%: 0.10+0.57+0.032 ms clock, 0.41+0.77/0.41/0+0.12 ms cpu, 3->3->1 MB, 4 MB goal, 0 MB stacks, 0 MB globals, 4 P
gc 949 @38.653s 0%: 0.12+0.79+0.041 ms clock, 0.48+0.83/0.58/0+0.16 ms cpu, 3->3->1 MB, 4 MB goal, 0 MB stacks, 0 MB globals, 4 P
gc 950 @38.658s 0%: 0.076+1.0+0.021 ms clock, 0.30+0.31/0.61/0+0.085 ms cpu, 3->3->1 MB, 4 MB goal, 0 MB stacks, 0 MB globals, 4 P
gc 951 @38.664s 0%: 0.11+1.4+0.075 ms clock, 0.44+0.51/0.53/0+0.30 ms cpu, 3->3->1 MB, 4 MB goal, 0 MB stacks, 0 MB globals, 4 P
gc 952 @38.669s 0%: 0.052+0.66+0.029 ms clock, 0.20+0.60/0.54/0+0.11 ms cpu, 3->3->1 MB, 4 MB goal, 0 MB stacks, 0 MB globals, 4 P
gc 953 @38.674s 0%: 0.076+1.0+0.052 ms clock, 0.30+0.65/0.83/0+0.21 ms cpu, 3->3->1 MB, 4 MB goal, 0 MB stacks, 0 MB globals, 4 P
gc 954 @38.679s 0%: 0.044+0.49+0.072 ms clock, 0.17+0.86/0.41/0+0.29 ms cpu, 3->3->1 MB, 4 MB goal, 0 MB stacks, 0 MB globals, 4 P
gc 955 @38.684s 0%: 0.041+1.8+0.042 ms clock, 0.16+0.62/0.74/0+0.16 ms cpu, 3->3->1 MB, 4 MB goal, 0 MB stacks, 0 MB globals, 4 P
gc 956 @38.689s 0%: 0.041+1.2+0.020 ms clock, 0.16+0.55/0.54/0+0.082 ms cpu, 3->3->1 MB, 4 MB goal, 0 MB stacks, 0 MB globals, 4 P
gc 957 @38.694s 0%: 0.036+2.3+0.021 ms clock, 0.14+1.2/1.3/0+0.085 ms cpu, 3->4->1 MB, 4 MB goal, 0 MB stacks, 0 MB globals, 4 P
gc 958 @38.700s 0%: 0.043+0.53+0.059 ms clock, 0.17+0.70/0.40/0+0.23 ms cpu, 3->3->1 MB, 4 MB goal, 0 MB stacks, 0 MB globals, 4 P
gc 959 @38.705s 0%: 0.046+1.3+0.029 ms clock, 0.18+0.48/0.50/0+0.11 ms cpu, 3->3->1 MB, 4 MB goal, 0 MB stacks, 0 MB globals, 4 P
gc 960 @38.710s 0%: 0.13+1.0+0.065 ms clock, 0.52+0.50/0.92/0+0.26 ms cpu, 3->3->1 MB, 4 MB goal, 0 MB stacks, 0 MB globals, 4 P
gc 961 @38.715s 1%: 0.069+2.2+0.059 ms clock, 0.27+0.56/0.70/0+0.23 ms cpu, 3->3->1 MB, 4 MB goal, 0 MB stacks, 0 MB globals, 4 P
gc 962 @38.720s 1%: 0.078+1.2+0.048 ms clock, 0.31+0.24/0.70/0+0.19 ms cpu, 3->3->1 MB, 4 MB goal, 0 MB stacks, 0 MB globals, 4 P
gc 963 @38.725s 1%: 0.082+1.1+0.046 ms clock, 0.33+0.39/0.64/0+0.18 ms cpu, 3->3->1 MB, 4 MB goal, 0 MB stacks, 0 MB globals, 4 P
gc 964 @38.730s 1%: 0.082+0.84+0.026 ms clock, 0.32+0.73/0.73/0+0.10 ms cpu, 3->3->1 MB, 4 MB goal, 0 MB stacks, 0 MB globals, 4 P
gc 965 @38.735s 1%: 0.083+0.75+0.026 ms clock, 0.33+0.66/0.65/0+0.10 ms cpu, 3->3->1 MB, 4 MB goal, 0 MB stacks, 0 MB globals, 4 P
gc 966 @38.740s 1%: 0.036+0.87+0.031 ms clock, 0.14+1.0/0.80/0+0.12 ms cpu, 3->3->1 MB, 4 MB goal, 0 MB stacks, 0 MB globals, 4 P
gc 967 @38.745s 1%: 0.075+0.58+0.057 ms clock, 0.30+0.90/0.42/0+0.22 ms cpu, 3->3->1 MB, 4 MB goal, 0 MB stacks, 0 MB globals, 4 P
gc 968 @38.750s 1%: 0.098+0.88+0.042 ms clock, 0.39+0.45/0.54/0+0.17 ms cpu, 3->3->1 MB, 4 MB goal, 0 MB stacks, 0 MB globals, 4 P
gc 969 @38.755s 1%: 0.63+0.47+0.047 ms clock, 2.5+0.74/0.89/0+0.19 ms cpu, 3->3->1 MB, 4 MB goal, 0 MB stacks, 0 MB globals, 4 P
gc 970 @38.760s 1%: 0.065+1.0+0.004 ms clock, 0.26+0.50/0.50/0+0.019 ms cpu, 3->3->1 MB, 4 MB goal, 0 MB stacks, 0 MB globals, 4 P
gc 971 @38.765s 1%: 0.065+0.68+0.038 ms clock, 0.26+0.82/0.51/0+0.15 ms cpu, 3->3->1 MB, 4 MB goal, 0 MB stacks, 0 MB globals, 4 P
gc 972 @38.770s 1%: 0.047+2.3+0.054 ms clock, 0.19+0.54/0.68/0+0.21 ms cpu, 3->3->1 MB, 4 MB goal, 0 MB stacks, 0 MB globals, 4 P
gc 973 @38.775s 1%: 0.044+1.3+0.016 ms clock, 0.17+1.0/0.034/0+0.064 ms cpu, 3->3->1 MB, 4 MB goal, 0 MB stacks, 0 MB globals, 4 P
gc 974 @38.780s 1%: 0.080+0.62+0.050 ms clock, 0.32+0.72/0.50/0+0.20 ms cpu, 3->3->1 MB, 4 MB goal, 0 MB stacks, 0 MB globals, 4 P
gc 975 @38.785s 1%: 0.071+0.77+0.016 ms clock, 0.28+0.84/0.61/0+0.064 ms cpu, 3->3->1 MB, 4 MB goal, 0 MB stacks, 0 MB globals, 4 P
gc 976 @38.790s 1%: 0.085+1.3+0.034 ms clock, 0.34+0.65/0.74/0+0.13 ms cpu, 3->3->1 MB, 4 MB goal, 0 MB stacks, 0 MB globals, 4 P
gc 977 @38.795s 1%: 0.037+2.1+0.050 ms clock, 0.14+0.63/0.66/0+0.20 ms cpu, 3->4->1 MB, 4 MB goal, 0 MB stacks, 0 MB globals, 4 P
gc 978 @38.800s 1%: 0.28+1.7+0.027 ms clock, 1.1+0.72/1.0/0+0.11 ms cpu, 3->4->1 MB, 4 MB goal, 0 MB stacks, 0 MB globals, 4 P
gc 979 @38.806s 1%: 0.053+1.0+0.085 ms clock, 0.21+0.39/0.63/0+0.34 ms cpu, 3->3->1 MB, 4 MB goal, 0 MB stacks, 0 MB globals, 4 P
gc 980 @38.811s 1%: 0.28+0.68+0.058 ms clock, 1.1+0.63/0.77/0+0.23 ms cpu, 3->3->1 MB, 4 MB goal, 0 MB stacks, 0 MB globals, 4 P
gc 981 @38.816s 1%: 0.41+1.5+0.067 ms clock, 1.6+0.34/1.1/0.001+0.26 ms cpu, 3->3->1 MB, 4 MB goal, 0 MB stacks, 0 MB globals, 4 P
gc 982 @38.821s 1%: 0.37+1.0+0.072 ms clock, 1.4+0.43/0.94/0+0.28 ms cpu, 3->3->1 MB, 4 MB goal, 0 MB stacks, 0 MB globals, 4 P
gc 983 @38.826s 1%: 0.086+1.2+0.005 ms clock, 0.34+0.64/0.57/0+0.022 ms cpu, 3->3->1 MB, 4 MB goal, 0 MB stacks, 0 MB globals, 4 P
gc 984 @38.831s 1%: 0.094+1.2+0.041 ms clock, 0.37+0.65/0.47/0+0.16 ms cpu, 3->3->1 MB, 4 MB goal, 0 MB stacks, 0 MB globals, 4 P
gc 985 @38.836s 1%: 0.065+0.81+0.003 ms clock, 0.26+1.0/0.017/0+0.014 ms cpu, 3->3->1 MB, 4 MB goal, 0 MB stacks, 0 MB globals, 4 P
gc 986 @38.841s 1%: 1.2+0.27+0.024 ms clock, 4.8+0.57/1.3/0+0.099 ms cpu, 3->3->1 MB, 4 MB goal, 0 MB stacks, 0 MB globals, 4 P
gc 987 @38.846s 1%: 0.078+0.66+0.026 ms clock, 0.31+0.77/0.56/0+0.10 ms cpu, 3->3->1 MB, 4 MB goal, 0 MB stacks, 0 MB globals, 4 P
gc 988 @38.851s 1%: 0.072+1.7+0.077 ms clock, 0.29+0.59/0.68/0+0.31 ms cpu, 3->3->1 MB, 4 MB goal, 0 MB stacks, 0 MB globals, 4 P
gc 989 @38.857s 1%: 0.067+0.93+0.074 ms clock, 0.27+1.1/0/0+0.29 ms cpu, 3->3->1 MB, 4 MB goal, 0 MB stacks, 0 MB globals, 4 P
gc 990 @38.862s 1%: 1.8+0.35+0.031 ms clock, 7.5+0.46/2.1/0+0.12 ms cpu, 3->3->1 MB, 4 MB goal, 0 MB stacks, 0 MB globals, 4 P
gc 991 @38.867s 1%: 0.040+0.77+0.085 ms clock, 0.16+0.82/0.41/0+0.34 ms cpu, 3->3->1 MB, 4 MB goal, 0 MB stacks, 0 MB globals, 4 P
gc 992 @38.872s 1%: 0.047+0.70+0.032 ms clock, 0.19+0.95/0.55/0+0.13 ms cpu, 3->3->1 MB, 4 MB goal, 0 MB stacks, 0 MB globals, 4 P
gc 993 @38.877s 1%: 0.068+0.89+0.044 ms clock, 0.27+0.57/0.76/0+0.17 ms cpu, 3->3->1 MB, 4 MB goal, 0 MB stacks, 0 MB globals, 4 P
gc 994 @38.882s 1%: 0.051+1.2+0.022 ms clock, 0.20+0.46/1.1/0+0.090 ms cpu, 3->3->1 MB, 4 MB goal, 0 MB stacks, 0 MB globals, 4 P
gc 995 @38.887s 1%: 0.10+0.73+0.039 ms clock, 0.40+0.63/0.66/0+0.15 ms cpu, 3->3->1 MB, 4 MB goal, 0 MB stacks, 0 MB globals, 4 P
gc 996 @38.892s 1%: 0.046+1.7+0.021 ms clock, 0.18+0.63/0.65/0+0.085 ms cpu, 3->3->1 MB, 4 MB goal, 0 MB stacks, 0 MB globals, 4 P
gc 997 @38.897s 1%: 0.066+1.6+0.042 ms clock, 0.26+0.85/0.77/0+0.16 ms cpu, 3->3->1 MB, 4 MB goal, 0 MB stacks, 0 MB globals, 4 P
gc 998 @38.902s 1%: 0.077+0.63+0.061 ms clock, 0.31+0.87/0.42/0+0.24 ms cpu, 3->3->1 MB, 4 MB goal, 0 MB stacks, 0 MB globals, 4 P
gc 999 @38.907s 1%: 0.071+1.8+0.039 ms clock, 0.28+0.53/0.64/0+0.15 ms cpu, 3->3->1 MB, 4 MB goal, 0 MB stacks, 0 MB globals, 4 P
gc 1000 @38.912s 1%: 0.082+0.82+0.059 ms clock, 0.32+0.75/0.51/0+0.23 ms cpu, 3->3->1 MB, 4 MB goal, 0 MB stacks, 0 MB globals, 4 P
gc 1001 @38.917s 1%: 0.018+0.52+0.035 ms clock, 0.073+0.85/0.45/0+0.14 ms cpu, 3->3->1 MB, 4 MB goal, 0 MB stacks, 0 MB globals, 4 P
gc 1002 @38.922s 1%: 0.082+2.1+0.036 ms clock, 0.32+0.35/0.57/0+0.14 ms cpu, 3->3->1 MB, 4 MB goal, 0 MB stacks, 0 MB globals, 4 P
gc 1003 @38.927s 1%: 0.058+1.4+0.016 ms clock, 0.23+0.89/0.48/0+0.064 ms cpu, 3->3->1 MB, 4 MB goal, 0 MB stacks, 0 MB globals, 4 P
gc 1004 @38.933s 1%: 0.044+0.97+0.019 ms clock, 0.17+1.1/0.26/0+0.078 ms cpu, 3->3->1 MB, 4 MB goal, 0 MB stacks, 0 MB globals, 4 P
gc 1005 @38.937s 1%: 0.051+0.58+0.020 ms clock, 0.20+0.63/0.47/0+0.083 ms cpu, 3->3->1 MB, 4 MB goal, 0 MB stacks, 0 MB globals, 4 P
gc 1006 @38.942s 1%: 0.094+0.69+0.039 ms clock, 0.37+0.69/0.54/0+0.15 ms cpu, 3->3->1 MB, 4 MB goal, 0 MB stacks, 0 MB globals, 4 P
gc 1007 @38.947s 1%: 0.072+1.5+0.021 ms clock, 0.29+0.52/0.53/0+0.087 ms cpu, 3->3->1 MB, 4 MB goal, 0 MB stacks, 0 MB globals, 4 P
gc 1008 @38.952s 1%: 3.5+0.89+0.022 ms clock, 14+0.37/3.7/0+0.091 ms cpu, 3->4->1 MB, 4 MB goal, 0 MB stacks, 0 MB globals, 4 P
gc 1009 @38.959s 1%: 0.34+0.94+0.018 ms clock, 1.3+0.53/1.0/0+0.073 ms cpu, 3->3->1 MB, 4 MB goal, 0 MB stacks, 0 MB globals, 4 P
gc 1010 @38.963s 1%: 0.063+0.98+0.041 ms clock, 0.25+0.72/0.84/0+0.16 ms cpu, 3->3->1 MB, 4 MB goal, 0 MB stacks, 0 MB globals, 4 P
gc 1011 @38.968s 1%: 0.077+1.0+0.025 ms clock, 0.30+1.0/0.080/0+0.10 ms cpu, 3->3->1 MB, 4 MB goal, 0 MB stacks, 0 MB globals, 4 P
gc 1012 @38.973s 1%: 0.077+1.1+0.003 ms clock, 0.30+0.66/0.60/0+0.014 ms cpu, 3->3->1 MB, 4 MB goal, 0 MB stacks, 0 MB globals, 4 P
gc 1013 @38.978s 1%: 2.0+1.2+0.008 ms clock, 8.1+2.0/0.98/0+0.034 ms cpu, 3->4->1 MB, 4 MB goal, 0 MB stacks, 0 MB globals, 4 P
gc 1014 @38.983s 1%: 0.048+0.57+0.061 ms clock, 0.19+0.73/0.46/0+0.24 ms cpu, 3->3->1 MB, 4 MB goal, 0 MB stacks, 0 MB globals, 4 P
gc 1015 @38.988s 1%: 0.039+1.3+0.039 ms clock, 0.15+0.36/0.70/0+0.15 ms cpu, 3->3->1 MB, 4 MB goal, 0 MB stacks, 0 MB globals, 4 P
gc 1016 @38.994s 1%: 0.079+0.63+0.025 ms clock, 0.31+0.50/0.56/0+0.10 ms cpu, 3->3->1 MB, 4 MB goal, 0 MB stacks, 0 MB globals, 4 P
gc 1017 @38.998s 1%: 0.045+1.4+0.035 ms clock, 0.18+0.77/0.41/0+0.14 ms cpu, 3->3->1 MB, 4 MB goal, 0 MB stacks, 0 MB globals, 4 P
gc 1018 @39.004s 1%: 0.074+0.73+0.055 ms clock, 0.29+0.53/0.59/0+0.22 ms cpu, 3->3->1 MB, 4 MB goal, 0 MB stacks, 0 MB globals, 4 P
gc 1019 @39.009s 1%: 0.063+0.91+0.048 ms clock, 0.25+0.77/0.75/0+0.19 ms cpu, 3->3->1 MB, 4 MB goal, 0 MB stacks, 0 MB globals, 4 P
gc 1020 @39.013s 1%: 0.037+0.84+0.003 ms clock, 0.15+0.71/0.48/0+0.015 ms cpu, 3->3->1 MB, 4 MB goal, 0 MB stacks, 0 MB globals, 4 P
gc 1021 @39.018s 1%: 0.073+0.67+0.032 ms clock, 0.29+0.68/0.52/0+0.13 ms cpu, 3->3->1 MB, 4 MB goal, 0 MB stacks, 0 MB globals, 4 P
gc 1022 @39.023s 1%: 0.088+1.8+0.040 ms clock, 0.35+0.43/0.56/0+0.16 ms cpu, 3->3->1 MB, 4 MB goal, 0 MB stacks, 0 MB globals, 4 P
gc 1023 @39.029s 1%: 0.29+1.1+0.031 ms clock, 1.1+0.29/0.87/0+0.12 ms cpu, 3->3->1 MB, 4 MB goal, 0 MB stacks, 0 MB globals, 4 P
gc 1024 @39.034s 1%: 2.6+0.81+0.063 ms clock, 10+0.69/3.0/0.007+0.25 ms cpu, 3->4->1 MB, 4 MB goal, 0 MB stacks, 0 MB globals, 4 P
gc 1025 @39.039s 1%: 0.055+0.68+0.023 ms clock, 0.22+0.66/0.49/0+0.094 ms cpu, 3->3->1 MB, 4 MB goal, 0 MB stacks, 0 MB globals, 4 P
gc 1026 @39.044s 1%: 0.54+0.66+0.025 ms clock, 2.1+1.1/0.64/0+0.10 ms cpu, 3->3->1 MB, 4 MB goal, 0 MB stacks, 0 MB globals, 4 P
gc 1027 @39.049s 1%: 0.11+1.5+0.026 ms clock, 0.44+1.8/1.1/0.061+0.10 ms cpu, 3->3->1 MB, 4 MB goal, 0 MB stacks, 0 MB globals, 4 P
gc 1028 @39.054s 1%: 0.045+1.7+0.033 ms clock, 0.18+0.64/0.90/0+0.13 ms cpu, 3->3->1 MB, 4 MB goal, 0 MB stacks, 0 MB globals, 4 P
gc 1029 @39.059s 1%: 0.064+0.57+0.036 ms clock, 0.25+0.82/0.47/0+0.14 ms cpu, 3->3->1 MB, 4 MB goal, 0 MB stacks, 0 MB globals, 4 P
gc 1030 @39.064s 1%: 0.039+2.0+0.034 ms clock, 0.15+0.91/0.72/0+0.13 ms cpu, 3->3->1 MB, 4 MB goal, 0 MB stacks, 0 MB globals, 4 P
gc 1031 @39.069s 1%: 0.041+0.92+0.076 ms clock, 0.16+0.78/0.44/0+0.30 ms cpu, 3->3->1 MB, 4 MB goal, 0 MB stacks, 0 MB globals, 4 P
gc 1032 @39.074s 1%: 0.044+1.2+0.079 ms clock, 0.17+1.1/0/0+0.31 ms cpu, 3->3->1 MB, 4 MB goal, 0 MB stacks, 0 MB globals, 4 P
gc 1033 @39.079s 1%: 0.066+0.75+0.039 ms clock, 0.26+0.93/0.70/0.006+0.15 ms cpu, 3->3->1 MB, 4 MB goal, 0 MB stacks, 0 MB globals, 4 P
gc 1034 @39.084s 1%: 0.083+1.4+0.025 ms clock, 0.33+0.51/0.53/0+0.10 ms cpu, 3->3->1 MB, 4 MB goal, 0 MB stacks, 0 MB globals, 4 P
gc 1035 @39.089s 1%: 0.044+1.1+0.050 ms clock, 0.17+0.58/0.60/0+0.20 ms cpu, 3->3->1 MB, 4 MB goal, 0 MB stacks, 0 MB globals, 4 P
gc 1036 @39.095s 1%: 0.079+1.2+0.035 ms clock, 0.31+0.88/0.43/0+0.14 ms cpu, 3->3->1 MB, 4 MB goal, 0 MB stacks, 0 MB globals, 4 P
gc 1037 @39.100s 1%: 0.078+0.54+0.034 ms clock, 0.31+0.87/0.41/0+0.13 ms cpu, 3->3->1 MB, 4 MB goal, 0 MB stacks, 0 MB globals, 4 P
gc 1038 @39.104s 1%: 0.11+1.5+0.034 ms clock, 0.47+0.35/0.63/0+0.13 ms cpu, 3->3->1 MB, 4 MB goal, 0 MB stacks, 0 MB globals, 4 P
gc 1039 @39.110s 1%: 0.024+1.2+0.028 ms clock, 0.096+0.22/0.66/0+0.11 ms cpu, 3->3->1 MB, 4 MB goal, 0 MB stacks, 0 MB globals, 4 P
gc 1040 @39.115s 1%: 0.069+1.6+0.049 ms clock, 0.27+0.30/0.77/0+0.19 ms cpu, 3->3->1 MB, 4 MB goal, 0 MB stacks, 0 MB globals, 4 P
gc 1041 @39.120s 1%: 0.099+0.78+0.071 ms clock, 0.39+0.26/0.68/0+0.28 ms cpu, 3->3->1 MB, 4 MB goal, 0 MB stacks, 0 MB globals, 4 P
gc 1042 @39.125s 1%: 0.11+1.2+0.030 ms clock, 0.46+0.52/0.81/0+0.12 ms cpu, 3->3->1 MB, 4 MB goal, 0 MB stacks, 0 MB globals, 4 P
gc 1043 @39.130s 1%: 0.44+1.1+0.035 ms clock, 1.7+0.45/1.3/0+0.14 ms cpu, 3->3->1 MB, 4 MB goal, 0 MB stacks, 0 MB globals, 4 P
gc 1044 @39.135s 1%: 0.043+1.5+0.023 ms clock, 0.17+0.53/0.61/0+0.094 ms cpu, 3->3->1 MB, 4 MB goal, 0 MB stacks, 0 MB globals, 4 P
gc 1045 @39.141s 1%: 0.062+0.53+0.038 ms clock, 0.25+0.81/0.50/0+0.15 ms cpu, 3->3->1 MB, 4 MB goal, 0 MB stacks, 0 MB globals, 4 P
gc 1046 @39.145s 1%: 0.079+0.82+0.053 ms clock, 0.31+0.60/0.64/0+0.21 ms cpu, 3->3->1 MB, 4 MB goal, 0 MB stacks, 0 MB globals, 4 P
gc 1047 @39.150s 1%: 0.069+0.55+0.057 ms clock, 0.27+0.80/0.45/0+0.22 ms cpu, 3->3->1 MB, 4 MB goal, 0 MB stacks, 0 MB globals, 4 P
gc 1048 @39.155s 1%: 0.060+1.7+0.070 ms clock, 0.24+0.35/0.59/0+0.28 ms cpu, 3->3->1 MB, 4 MB goal, 0 MB stacks, 0 MB globals, 4 P
gc 1049 @39.160s 1%: 0.085+1.3+0.038 ms clock, 0.34+0.62/0.62/0+0.15 ms cpu, 3->3->1 MB, 4 MB goal, 0 MB stacks, 0 MB globals, 4 P
gc 1050 @39.166s 1%: 0.092+1.1+0.047 ms clock, 0.36+0.90/0.59/0+0.18 ms cpu, 3->3->1 MB, 4 MB goal, 0 MB stacks, 0 MB globals, 4 P
gc 1051 @39.171s 1%: 0.28+0.86+0.059 ms clock, 1.1+0.58/0.91/0.26+0.23 ms cpu, 3->3->1 MB, 4 MB goal, 0 MB stacks, 0 MB globals, 4 P
gc 1052 @39.176s 1%: 0.15+0.57+0.027 ms clock, 0.63+0.50/0.58/0+0.10 ms cpu, 3->3->1 MB, 4 MB goal, 0 MB stacks, 0 MB globals, 4 P
gc 1053 @39.180s 1%: 0.071+0.68+0.031 ms clock, 0.28+0.74/0.49/0+0.12 ms cpu, 3->3->1 MB, 4 MB goal, 0 MB stacks, 0 MB globals, 4 P
gc 1054 @39.186s 1%: 0.067+0.87+0.020 ms clock, 0.26+0.44/0.60/0+0.081 ms cpu, 3->3->1 MB, 4 MB goal, 0 MB stacks, 0 MB globals, 4 P
gc 1055 @39.190s 1%: 0.079+0.56+0.022 ms clock, 0.31+0.67/0.48/0+0.088 ms cpu, 3->3->1 MB, 4 MB goal, 0 MB stacks, 0 MB globals, 4 P
gc 1056 @39.196s 1%: 0.052+0.63+0.028 ms clock, 0.20+0.77/0.50/0+0.11 ms cpu, 3->3->1 MB, 4 MB goal, 0 MB stacks, 0 MB globals, 4 P
gc 1057 @39.201s 1%: 0.075+0.67+0.053 ms clock, 0.30+0.74/0.54/0+0.21 ms cpu, 3->3->1 MB, 4 MB goal, 0 MB stacks, 0 MB globals, 4 P
gc 1058 @39.206s 1%: 0.064+1.5+0.027 ms clock, 0.25+0.77/0.52/0+0.10 ms cpu, 3->3->1 MB, 4 MB goal, 0 MB stacks, 0 MB globals, 4 P
gc 1059 @39.211s 1%: 0.36+0.86+0.005 ms clock, 1.4+0.63/1.0/0.009+0.022 ms cpu, 3->3->1 MB, 4 MB goal, 0 MB stacks, 0 MB globals, 4 P
gc 1060 @39.216s 1%: 0.061+0.64+0.028 ms clock, 0.24+0.80/0.54/0+0.11 ms cpu, 3->3->1 MB, 4 MB goal, 0 MB stacks, 0 MB globals, 4 P
gc 1061 @39.221s 1%: 0.087+1.1+0.026 ms clock, 0.35+0.43/0.55/0+0.10 ms cpu, 3->3->1 MB, 4 MB goal, 0 MB stacks, 0 MB globals, 4 P
gc 1062 @39.226s 1%: 0.059+1.3+0.034 ms clock, 0.23+0.85/0.49/0+0.13 ms cpu, 3->3->1 MB, 4 MB goal, 0 MB stacks, 0 MB globals, 4 P
gc 1063 @39.231s 1%: 0.033+1.0+0.060 ms clock, 0.13+0.78/0.91/0+0.24 ms cpu, 3->3->1 MB, 4 MB goal, 0 MB stacks, 0 MB globals, 4 P
gc 1064 @39.236s 1%: 0.059+1.3+0.055 ms clock, 0.23+0.72/0.46/0+0.22 ms cpu, 3->3->1 MB, 4 MB goal, 0 MB stacks, 0 MB globals, 4 P
gc 1065 @39.241s 1%: 0.096+0.49+0.021 ms clock, 0.38+0.73/0.42/0+0.085 ms cpu, 3->3->1 MB, 4 MB goal, 0 MB stacks, 0 MB globals, 4 P
gc 1066 @39.246s 1%: 0.095+0.68+0.033 ms clock, 0.38+0.71/0.58/0+0.13 ms cpu, 3->3->1 MB, 4 MB goal, 0 MB stacks, 0 MB globals, 4 P
gc 1067 @39.251s 1%: 0.27+1.1+0.006 ms clock, 1.1+0.66/1.3/0+0.025 ms cpu, 3->3->1 MB, 4 MB goal, 0 MB stacks, 0 MB globals, 4 P
gc 1068 @39.256s 1%: 0.083+0.93+0.034 ms clock, 0.33+0.43/0.54/0+0.13 ms cpu, 3->3->1 MB, 4 MB goal, 0 MB stacks, 0 MB globals, 4 P
gc 1069 @39.261s 1%: 0.050+1.1+0.059 ms clock, 0.20+0.77/0.46/0+0.23 ms cpu, 3->3->1 MB, 4 MB goal, 0 MB stacks, 0 MB globals, 4 P
gc 1070 @39.266s 1%: 0.053+1.8+0.028 ms clock, 0.21+0.45/0.48/0+0.11 ms cpu, 3->3->1 MB, 4 MB goal, 0 MB stacks, 0 MB globals, 4 P
gc 1071 @39.271s 1%: 0.075+1.7+0.023 ms clock, 0.30+0.61/0.52/0+0.092 ms cpu, 3->3->1 MB, 4 MB goal, 0 MB stacks, 0 MB globals, 4 P
gc 1072 @39.276s 1%: 0.23+1.5+0.005 ms clock, 0.92+0.61/0.90/0+0.022 ms cpu, 3->3->1 MB, 4 MB goal, 0 MB stacks, 0 MB globals, 4 P
gc 1073 @39.282s 1%: 0.025+1.6+0.036 ms clock, 0.10+0.27/0.75/0+0.14 ms cpu, 3->3->1 MB, 4 MB goal, 0 MB stacks, 0 MB globals, 4 P
gc 1074 @39.287s 1%: 0.062+0.72+0.027 ms clock, 0.25+0.84/0.53/0+0.11 ms cpu, 3->3->1 MB, 4 MB goal, 0 MB stacks, 0 MB globals, 4 P
gc 1075 @39.292s 1%: 0.25+1.6+0.003 ms clock, 1.0+0.71/0.89/0+0.012 ms cpu, 3->3->1 MB, 4 MB goal, 0 MB stacks, 0 MB globals, 4 P
gc 1076 @39.297s 1%: 0.051+0.85+0.032 ms clock, 0.20+0.71/0.56/0+0.12 ms cpu, 3->3->1 MB, 4 MB goal, 0 MB stacks, 0 MB globals, 4 P
gc 1077 @39.302s 1%: 0.076+1.6+0.080 ms clock, 0.30+0.63/0.68/0+0.32 ms cpu, 3->3->1 MB, 4 MB goal, 0 MB stacks, 0 MB globals, 4 P
gc 1078 @39.307s 1%: 0.063+0.63+0.016 ms clock, 0.25+0.86/0.48/0+0.065 ms cpu, 3->3->1 MB, 4 MB goal, 0 MB stacks, 0 MB globals, 4 P
gc 1079 @39.312s 1%: 0.075+1.5+0.043 ms clock, 0.30+0.34/1.0/0+0.17 ms cpu, 3->3->1 MB, 4 MB goal, 0 MB stacks, 0 MB globals, 4 P
gc 1080 @39.318s 1%: 0.065+0.53+0.044 ms clock, 0.26+0.81/0.45/0+0.17 ms cpu, 3->3->1 MB, 4 MB goal, 0 MB stacks, 0 MB globals, 4 P
gc 1081 @39.322s 1%: 0.047+0.77+0.041 ms clock, 0.19+0.73/0.61/0+0.16 ms cpu, 3->3->1 MB, 4 MB goal, 0 MB stacks, 0 MB globals, 4 P
gc 1082 @39.327s 1%: 0.046+0.61+0.029 ms clock, 0.18+0.68/0.51/0+0.11 ms cpu, 3->3->1 MB, 4 MB goal, 0 MB stacks, 0 MB globals, 4 P
gc 1083 @39.332s 1%: 0.069+0.67+0.030 ms clock, 0.27+0.70/0.55/0+0.12 ms cpu, 3->3->1 MB, 4 MB goal, 0 MB stacks, 0 MB globals, 4 P
gc 1084 @39.337s 1%: 0.082+1.7+0.022 ms clock, 0.32+0.61/0.56/0+0.091 ms cpu, 3->3->1 MB, 4 MB goal, 0 MB stacks, 0 MB globals, 4 P
gc 1085 @39.342s 1%: 0.054+1.0+0.053 ms clock, 0.21+0.55/0.84/0+0.21 ms cpu, 3->3->1 MB, 4 MB goal, 0 MB stacks, 0 MB globals, 4 P
gc 1086 @39.347s 1%: 0.082+1.3+0.057 ms clock, 0.32+0.57/0.49/0+0.23 ms cpu, 3->3->1 MB, 4 MB goal, 0 MB stacks, 0 MB globals, 4 P
gc 1087 @39.352s 1%: 0.29+0.66+0.007 ms clock, 1.1+0.59/0.86/0+0.029 ms cpu, 3->3->1 MB, 4 MB goal, 0 MB stacks, 0 MB globals, 4 P
gc 1088 @39.357s 1%: 0.060+1.2+0.034 ms clock, 0.24+0.41/0.58/0+0.13 ms cpu, 3->3->1 MB, 4 MB goal, 0 MB stacks, 0 MB globals, 4 P
gc 1089 @39.362s 1%: 0.092+1.2+0.017 ms clock, 0.36+0.35/0.63/0+0.070 ms cpu, 3->3->1 MB, 4 MB goal, 0 MB stacks, 0 MB globals, 4 P
gc 1090 @39.367s 1%: 0.11+1.7+0.009 ms clock, 0.44+0.35/0.49/0+0.037 ms cpu, 3->3->1 MB, 4 MB goal, 0 MB stacks, 0 MB globals, 4 P
gc 1091 @39.372s 1%: 0.098+1.1+0.028 ms clock, 0.39+0.36/0.50/0+0.11 ms cpu, 3->3->1 MB, 4 MB goal, 0 MB stacks, 0 MB globals, 4 P
gc 1092 @39.378s 1%: 0.059+1.3+0.029 ms clock, 0.23+0.45/0.56/0+0.11 ms cpu, 3->3->1 MB, 4 MB goal, 0 MB stacks, 0 MB globals, 4 P
gc 1093 @39.383s 1%: 0.058+1.5+0.012 ms clock, 0.23+0.48/0.55/0+0.051 ms cpu, 3->3->1 MB, 4 MB goal, 0 MB stacks, 0 MB globals, 4 P
gc 1094 @39.388s 1%: 0.043+1.5+0.011 ms clock, 0.17+0.51/0.57/0+0.046 ms cpu, 3->3->1 MB, 4 MB goal, 0 MB stacks, 0 MB globals, 4 P
gc 1095 @39.393s 1%: 0.087+0.73+0.050 ms clock, 0.34+0.63/0.60/0+0.20 ms cpu, 3->3->1 MB, 4 MB goal, 0 MB stacks, 0 MB globals, 4 P
gc 1096 @39.398s 1%: 0.20+0.69+0.017 ms clock, 0.83+0.60/0.77/0+0.069 ms cpu, 3->3->1 MB, 4 MB goal, 0 MB stacks, 0 MB globals, 4 P
gc 1097 @39.403s 1%: 0.054+0.60+0.039 ms clock, 0.21+0.80/0.46/0+0.15 ms cpu, 3->3->1 MB, 4 MB goal, 0 MB stacks, 0 MB globals, 4 P
gc 1098 @39.408s 1%: 0.098+0.98+0.018 ms clock, 0.39+1.0/0.043/0+0.074 ms cpu, 3->3->1 MB, 4 MB goal, 0 MB stacks, 0 MB globals, 4 P
gc 1099 @39.413s 1%: 0.050+1.2+0.049 ms clock, 0.20+1.1/0/0+0.19 ms cpu, 3->3->1 MB, 4 MB goal, 0 MB stacks, 0 MB globals, 4 P
gc 1100 @39.418s 1%: 0.087+1.1+0.032 ms clock, 0.35+0.77/0.67/0+0.12 ms cpu, 3->3->1 MB, 4 MB goal, 0 MB stacks, 0 MB globals, 4 P
gc 1101 @39.423s 1%: 0.083+1.7+0.085 ms clock, 0.33+0.56/0.69/0+0.34 ms cpu, 3->3->1 MB, 4 MB goal, 0 MB stacks, 0 MB globals, 4 P
gc 1102 @39.429s 1%: 0.062+0.66+0.082 ms clock, 0.24+0.87/0.44/0+0.33 ms cpu, 3->3->1 MB, 4 MB goal, 0 MB stacks, 0 MB globals, 4 P
gc 1103 @39.434s 1%: 0.84+0.14+0.056 ms clock, 3.3+0.89/0.54/0+0.22 ms cpu, 3->3->1 MB, 4 MB goal, 0 MB stacks, 0 MB globals, 4 P
gc 1104 @39.438s 1%: 0.039+0.69+0.083 ms clock, 0.15+0.72/0.52/0+0.33 ms cpu, 3->3->1 MB, 4 MB goal, 0 MB stacks, 0 MB globals, 4 P
gc 1105 @39.443s 1%: 0.023+0.67+0.034 ms clock, 0.094+0.79/0.50/0+0.13 ms cpu, 3->3->1 MB, 4 MB goal, 0 MB stacks, 0 MB globals, 4 P
gc 1106 @39.448s 1%: 2.1+0.41+0.044 ms clock, 8.4+0.44/2.3/0+0.17 ms cpu, 3->3->1 MB, 4 MB goal, 0 MB stacks, 0 MB globals, 4 P
gc 1107 @39.454s 1%: 0.083+1.3+0.003 ms clock, 0.33+0.31/0.71/0+0.014 ms cpu, 3->3->1 MB, 4 MB goal, 0 MB stacks, 0 MB globals, 4 P
gc 1108 @39.459s 1%: 0.060+1.6+0.054 ms clock, 0.24+0.54/0.46/0+0.21 ms cpu, 3->3->1 MB, 4 MB goal, 0 MB stacks, 0 MB globals, 4 P
gc 1109 @39.464s 1%: 0.071+1.5+0.078 ms clock, 0.28+0.86/0.44/0+0.31 ms cpu, 3->3->1 MB, 4 MB goal, 0 MB stacks, 0 MB globals, 4 P
gc 1110 @39.469s 1%: 1.4+0.23+0.074 ms clock, 5.7+0.65/1.4/0+0.29 ms cpu, 3->3->1 MB, 4 MB goal, 0 MB stacks, 0 MB globals, 4 P
gc 1111 @39.474s 1%: 0.10+1.3+0.010 ms clock, 0.42+0.16/0.75/0+0.042 ms cpu, 3->3->1 MB, 4 MB goal, 0 MB stacks, 0 MB globals, 4 P
gc 1112 @39.479s 1%: 0.054+0.56+0.058 ms clock, 0.21+0.79/0.47/0+0.23 ms cpu, 3->3->1 MB, 4 MB goal, 0 MB stacks, 0 MB globals, 4 P
gc 1113 @39.484s 1%: 0.062+0.64+0.021 ms clock, 0.24+0.85/0.55/0+0.084 ms cpu, 3->3->1 MB, 4 MB goal, 0 MB stacks, 0 MB globals, 4 P
gc 1114 @39.489s 1%: 0.65+0.44+0.035 ms clock, 2.6+0.31/0.93/0+0.14 ms cpu, 3->3->1 MB, 4 MB goal, 0 MB stacks, 0 MB globals, 4 P
gc 1115 @39.494s 1%: 0.073+0.70+0.063 ms clock, 0.29+0.61/0.53/0+0.25 ms cpu, 3->3->1 MB, 4 MB goal, 0 MB stacks, 0 MB globals, 4 P
gc 1116 @39.499s 1%: 0.045+0.76+0.021 ms clock, 0.18+0.55/0.59/0+0.084 ms cpu, 3->3->1 MB, 4 MB goal, 0 MB stacks, 0 MB globals, 4 P
gc 1117 @39.504s 1%: 0.039+0.76+0.081 ms clock, 0.15+0.87/0.66/0+0.32 ms cpu, 3->3->1 MB, 4 MB goal, 0 MB stacks, 0 MB globals, 4 P
gc 1118 @39.509s 1%: 0.067+1.8+0.058 ms clock, 0.26+0.96/0.088/0+0.23 ms cpu, 3->3->1 MB, 4 MB goal, 0 MB stacks, 0 MB globals, 4 P
gc 1119 @39.514s 1%: 0.054+0.83+0.093 ms clock, 0.21+0.81/0.60/0+0.37 ms cpu, 3->3->1 MB, 4 MB goal, 0 MB stacks, 0 MB globals, 4 P
gc 1120 @39.519s 1%: 0.081+1.6+0.049 ms clock, 0.32+0.64/0.72/0+0.19 ms cpu, 3->3->1 MB, 4 MB goal, 0 MB stacks, 0 MB globals, 4 P
gc 1121 @39.525s 1%: 0.094+0.60+0.022 ms clock, 0.37+0.78/0.50/0+0.091 ms cpu, 3->3->1 MB, 4 MB goal, 0 MB stacks, 0 MB globals, 4 P
gc 1122 @39.530s 1%: 0.064+0.97+0.062 ms clock, 0.25+0.30/0.61/0+0.25 ms cpu, 3->3->1 MB, 4 MB goal, 0 MB stacks, 0 MB globals, 4 P
gc 1123 @39.534s 1%: 0.080+0.80+0.060 ms clock, 0.32+0.79/0.61/0+0.24 ms cpu, 3->3->1 MB, 4 MB goal, 0 MB stacks, 0 MB globals, 4 P
gc 1124 @39.539s 1%: 0.082+1.7+0.034 ms clock, 0.33+1.7/0.81/0+0.13 ms cpu, 3->3->1 MB, 4 MB goal, 0 MB stacks, 0 MB globals, 4 P
gc 1125 @39.545s 1%: 0.19+1.7+0.007 ms clock, 0.78+0.37/0.57/0+0.031 ms cpu, 3->3->1 MB, 4 MB goal, 0 MB stacks, 0 MB globals, 4 P
gc 1126 @39.550s 1%: 0.049+0.74+0.011 ms clock, 0.19+0.79/0.61/0+0.044 ms cpu, 3->3->1 MB, 4 MB goal, 0 MB stacks, 0 MB globals, 4 P
gc 1127 @39.555s 1%: 0.046+0.56+0.037 ms clock, 0.18+0.72/0.41/0+0.15 ms cpu, 3->3->1 MB, 4 MB goal, 0 MB stacks, 0 MB globals, 4 P
gc 1128 @39.560s 1%: 0.10+2.5+0.023 ms clock, 0.40+0.35/0.66/0+0.093 ms cpu, 3->4->1 MB, 4 MB goal, 0 MB stacks, 0 MB globals, 4 P
gc 1129 @39.565s 1%: 0.099+0.68+0.024 ms clock, 0.39+0.35/0.57/0+0.099 ms cpu, 3->3->1 MB, 4 MB goal, 0 MB stacks, 0 MB globals, 4 P
gc 1130 @39.570s 1%: 0.071+1.2+0.031 ms clock, 0.28+1.1/0.001/0+0.12 ms cpu, 3->3->1 MB, 4 MB goal, 0 MB stacks, 0 MB globals, 4 P
gc 1131 @39.575s 1%: 0.30+1.1+0.032 ms clock, 1.2+0.34/1.0/0.020+0.12 ms cpu, 3->3->1 MB, 4 MB goal, 0 MB stacks, 0 MB globals, 4 P
gc 1132 @39.580s 1%: 0.039+1.5+0.062 ms clock, 0.15+0.58/0.47/0+0.25 ms cpu, 3->3->1 MB, 4 MB goal, 0 MB stacks, 0 MB globals, 4 P
gc 1133 @39.585s 1%: 0.068+0.86+0.035 ms clock, 0.27+0.76/0.63/0.056+0.14 ms cpu, 3->3->1 MB, 4 MB goal, 0 MB stacks, 0 MB globals, 4 P
gc 1134 @39.590s 1%: 0.033+0.71+0.038 ms clock, 0.13+0.82/0.53/0+0.15 ms cpu, 3->3->1 MB, 4 MB goal, 0 MB stacks, 0 MB globals, 4 P
gc 1135 @39.595s 1%: 0.079+0.59+0.075 ms clock, 0.31+0.83/0.48/0+0.30 ms cpu, 3->3->1 MB, 4 MB goal, 0 MB stacks, 0 MB globals, 4 P
gc 1136 @39.600s 1%: 0.053+0.60+0.037 ms clock, 0.21+0.88/0.52/0+0.15 ms cpu, 3->3->1 MB, 4 MB goal, 0 MB stacks, 0 MB globals, 4 P
gc 1137 @39.605s 1%: 0.070+1.3+0.055 ms clock, 0.28+0.74/0.80/0.16+0.22 ms cpu, 3->3->1 MB, 4 MB goal, 0 MB stacks, 0 MB globals, 4 P
gc 1138 @39.610s 1%: 0.074+1.5+0.064 ms clock, 0.29+0.53/0.58/0+0.25 ms cpu, 3->3->1 MB, 4 MB goal, 0 MB stacks, 0 MB globals, 4 P
gc 1139 @39.615s 1%: 0.048+1.6+0.039 ms clock, 0.19+0.72/0.79/0+0.15 ms cpu, 3->3->1 MB, 4 MB goal, 0 MB stacks, 0 MB globals, 4 P
gc 1140 @39.621s 1%: 0.029+1.0+0.042 ms clock, 0.11+0.13/0.62/0+0.17 ms cpu, 3->3->1 MB, 4 MB goal, 0 MB stacks, 0 MB globals, 4 P
gc 1141 @39.626s 1%: 0.052+1.3+0.024 ms clock, 0.20+0.88/0.62/0+0.097 ms cpu, 3->3->1 MB, 4 MB goal, 0 MB stacks, 0 MB globals, 4 P
gc 1142 @39.631s 1%: 1.6+0.58+0.026 ms clock, 6.5+1.0/0/0+0.10 ms cpu, 3->3->1 MB, 4 MB goal, 0 MB stacks, 0 MB globals, 4 P
gc 1143 @39.636s 1%: 0.063+1.5+0.082 ms clock, 0.25+0.34/0.56/0+0.33 ms cpu, 3->3->1 MB, 4 MB goal, 0 MB stacks, 0 MB globals, 4 P
gc 1144 @39.642s 1%: 0.098+0.81+0.039 ms clock, 0.39+1.0/0.042/0+0.15 ms cpu, 3->3->1 MB, 4 MB goal, 0 MB stacks, 0 MB globals, 4 P
gc 1145 @39.646s 1%: 0.046+0.61+0.072 ms clock, 0.18+0.86/0.50/0+0.28 ms cpu, 3->3->1 MB, 4 MB goal, 0 MB stacks, 0 MB globals, 4 P
gc 1146 @39.651s 1%: 0.33+0.52+0.034 ms clock, 1.3+0.55/0.76/0+0.13 ms cpu, 3->3->1 MB, 4 MB goal, 0 MB stacks, 0 MB globals, 4 P
gc 1147 @39.657s 1%: 0.060+0.89+0.008 ms clock, 0.24+0.16/0.70/0.39+0.033 ms cpu, 3->3->1 MB, 4 MB goal, 0 MB stacks, 0 MB globals, 4 P
gc 1148 @39.662s 1%: 0.061+1.6+0.023 ms clock, 0.24+0.58/0.66/0.027+0.092 ms cpu, 3->3->1 MB, 4 MB goal, 0 MB stacks, 0 MB globals, 4 P
gc 1149 @39.667s 1%: 0.045+0.53+0.055 ms clock, 0.18+0.80/0.39/0+0.22 ms cpu, 3->3->1 MB, 4 MB goal, 0 MB stacks, 0 MB globals, 4 P
gc 1150 @39.672s 1%: 0.058+1.0+0.021 ms clock, 0.23+1.0/0.019/0+0.084 ms cpu, 3->3->1 MB, 4 MB goal, 0 MB stacks, 0 MB globals, 4 P
gc 1151 @39.677s 1%: 0.083+1.0+0.046 ms clock, 0.33+0.49/0.59/0+0.18 ms cpu, 3->3->1 MB, 4 MB goal, 0 MB stacks, 0 MB globals, 4 P
gc 1152 @39.682s 1%: 0.087+1.3+0.003 ms clock, 0.34+0.28/0.70/0+0.015 ms cpu, 3->3->1 MB, 4 MB goal, 0 MB stacks, 0 MB globals, 4 P
gc 1153 @39.687s 1%: 0.34+0.75+0.029 ms clock, 1.3+0.54/0.94/0+0.11 ms cpu, 3->3->1 MB, 4 MB goal, 0 MB stacks, 0 MB globals, 4 P
gc 1154 @39.692s 1%: 0.085+0.58+0.006 ms clock, 0.34+0.71/0.50/0+0.025 ms cpu, 3->3->1 MB, 4 MB goal, 0 MB stacks, 0 MB globals, 4 P
gc 1155 @39.697s 1%: 0.069+1.0+0.052 ms clock, 0.27+0.47/0.57/0+0.20 ms cpu, 3->3->1 MB, 4 MB goal, 0 MB stacks, 0 MB globals, 4 P
gc 1156 @39.703s 1%: 0.066+1.0+0.073 ms clock, 0.26+0.72/0.54/0+0.29 ms cpu, 3->3->1 MB, 4 MB goal, 0 MB stacks, 0 MB globals, 4 P
gc 1157 @39.708s 1%: 0.062+1.8+0.059 ms clock, 0.25+0.81/1.6/0+0.23 ms cpu, 3->3->1 MB, 4 MB goal, 0 MB stacks, 0 MB globals, 4 P
gc 1158 @39.713s 1%: 0.047+1.1+0.039 ms clock, 0.18+0.98/0.005/0+0.15 ms cpu, 3->3->1 MB, 4 MB goal, 0 MB stacks, 0 MB globals, 4 P
gc 1159 @39.718s 1%: 0.055+0.93+0.043 ms clock, 0.22+0.53/0.82/0+0.17 ms cpu, 3->3->1 MB, 4 MB goal, 0 MB stacks, 0 MB globals, 4 P
gc 1160 @39.723s 1%: 0.046+0.71+0.043 ms clock, 0.18+0.84/0.53/0+0.17 ms cpu, 3->3->1 MB, 4 MB goal, 0 MB stacks, 0 MB globals, 4 P
gc 1161 @39.728s 1%: 0.34+1.8+0.043 ms clock, 1.3+0.42/1.1/0+0.17 ms cpu, 3->3->1 MB, 4 MB goal, 0 MB stacks, 0 MB globals, 4 P
gc 1162 @39.733s 1%: 0.071+1.4+0.022 ms clock, 0.28+1.0/0/0+0.091 ms cpu, 3->3->1 MB, 4 MB goal, 0 MB stacks, 0 MB globals, 4 P
gc 1163 @39.738s 1%: 0.046+1.5+0.029 ms clock, 0.18+0.81/0.55/0+0.11 ms cpu, 3->3->1 MB, 4 MB goal, 0 MB stacks, 0 MB globals, 4 P
gc 1164 @39.743s 1%: 0.089+1.5+0.014 ms clock, 0.35+0.56/0.59/0+0.059 ms cpu, 3->3->1 MB, 4 MB goal, 0 MB stacks, 0 MB globals, 4 P
gc 1165 @39.748s 1%: 0.11+0.69+0.026 ms clock, 0.47+0.72/0.52/0+0.10 ms cpu, 3->3->1 MB, 4 MB goal, 0 MB stacks, 0 MB globals, 4 P
gc 1166 @39.753s 1%: 1.1+2.0+0.027 ms clock, 4.6+0.44/1.3/0+0.10 ms cpu, 3->3->1 MB, 4 MB goal, 0 MB stacks, 0 MB globals, 4 P
gc 1167 @39.759s 1%: 0.35+1.1+0.031 ms clock, 1.4+0.23/0.83/0+0.12 ms cpu, 3->3->1 MB, 4 MB goal, 0 MB stacks, 0 MB globals, 4 P
gc 1168 @39.764s 1%: 0.059+0.58+0.059 ms clock, 0.23+0.73/0.45/0+0.23 ms cpu, 3->3->1 MB, 4 MB goal, 0 MB stacks, 0 MB globals, 4 P
gc 1169 @39.769s 1%: 0.041+1.8+0.070 ms clock, 0.16+0.69/0.65/0+0.28 ms cpu, 3->3->1 MB, 4 MB goal, 0 MB stacks, 0 MB globals, 4 P
gc 1170 @39.774s 1%: 0.073+0.57+0.022 ms clock, 0.29+0.81/0.47/0+0.091 ms cpu, 3->3->1 MB, 4 MB goal, 0 MB stacks, 0 MB globals, 4 P
gc 1171 @39.779s 1%: 0.089+0.61+0.045 ms clock, 0.35+0.66/0.54/0+0.18 ms cpu, 3->3->1 MB, 4 MB goal, 0 MB stacks, 0 MB globals, 4 P
gc 1172 @39.784s 1%: 0.043+1.9+0.037 ms clock, 0.17+0.79/1.8/0+0.14 ms cpu, 3->3->1 MB, 4 MB goal, 0 MB stacks, 0 MB globals, 4 P
gc 1173 @39.789s 1%: 0.041+1.3+0.040 ms clock, 0.16+0.40/0.56/0+0.16 ms cpu, 3->3->1 MB, 4 MB goal, 0 MB stacks, 0 MB globals, 4 P
gc 1174 @39.794s 1%: 0.076+1.0+0.035 ms clock, 0.30+0.21/0.72/0+0.14 ms cpu, 3->3->1 MB, 4 MB goal, 0 MB stacks, 0 MB globals, 4 P
gc 1175 @39.799s 1%: 0.041+0.61+0.047 ms clock, 0.16+1.0/0/0+0.19 ms cpu, 3->3->1 MB, 4 MB goal, 0 MB stacks, 0 MB globals, 4 P
gc 1176 @39.804s 1%: 0.075+0.62+0.023 ms clock, 0.30+0.78/0.54/0+0.095 ms cpu, 3->3->1 MB, 4 MB goal, 0 MB stacks, 0 MB globals, 4 P
gc 1177 @39.808s 1%: 0.059+0.76+0.071 ms clock, 0.23+0.81/0.62/0+0.28 ms cpu, 3->3->1 MB, 4 MB goal, 0 MB stacks, 0 MB globals, 4 P
gc 1178 @39.813s 1%: 0.074+0.76+0.048 ms clock, 0.29+0.76/0.46/0+0.19 ms cpu, 3->3->1 MB, 4 MB goal, 0 MB stacks, 0 MB globals, 4 P
gc 1179 @39.818s 1%: 0.053+0.57+0.065 ms clock, 0.21+0.96/0.45/0+0.26 ms cpu, 3->3->1 MB, 4 MB goal, 0 MB stacks, 0 MB globals, 4 P
gc 1180 @39.823s 1%: 0.021+0.74+0.038 ms clock, 0.085+0.85/0.64/0+0.15 ms cpu, 3->3->1 MB, 4 MB goal, 0 MB stacks, 0 MB globals, 4 P
gc 1181 @39.828s 1%: 0.065+0.68+0.064 ms clock, 0.26+0.75/0.47/0+0.25 ms cpu, 3->3->1 MB, 4 MB goal, 0 MB stacks, 0 MB globals, 4 P
gc 1182 @39.833s 1%: 0.075+1.5+0.035 ms clock, 0.30+0.34/0.69/0+0.14 ms cpu, 3->3->1 MB, 4 MB goal, 0 MB stacks, 0 MB globals, 4 P
gc 1183 @39.838s 1%: 0.078+0.77+0.026 ms clock, 0.31+0.81/0.66/0+0.10 ms cpu, 3->3->1 MB, 4 MB goal, 0 MB stacks, 0 MB globals, 4 P
gc 1184 @39.843s 1%: 0.28+1.6+0.004 ms clock, 1.1+0.51/1.5/0+0.016 ms cpu, 3->3->1 MB, 4 MB goal, 0 MB stacks, 0 MB globals, 4 P
gc 1185 @39.848s 1%: 0.091+1.0+0.024 ms clock, 0.36+1.1/0.75/0+0.096 ms cpu, 3->3->1 MB, 4 MB goal, 0 MB stacks, 0 MB globals, 4 P
gc 1186 @39.853s 1%: 0.10+0.97+0.021 ms clock, 0.41+0.76/0.56/0+0.087 ms cpu, 3->3->1 MB, 4 MB goal, 0 MB stacks, 0 MB globals, 4 P
gc 1187 @39.858s 1%: 0.095+1.5+0.034 ms clock, 0.38+0.76/0.57/0+0.13 ms cpu, 3->3->1 MB, 4 MB goal, 0 MB stacks, 0 MB globals, 4 P
gc 1188 @39.863s 1%: 0.056+0.60+0.042 ms clock, 0.22+0.73/0.43/0+0.16 ms cpu, 3->3->1 MB, 4 MB goal, 0 MB stacks, 0 MB globals, 4 P
gc 1189 @39.868s 1%: 0.33+2.1+0.032 ms clock, 1.3+0.52/1.0/0.015+0.12 ms cpu, 3->3->1 MB, 4 MB goal, 0 MB stacks, 0 MB globals, 4 P
gc 1190 @39.874s 1%: 0.34+0.71+0.035 ms clock, 1.3+0.45/0.89/0+0.14 ms cpu, 3->3->1 MB, 4 MB goal, 0 MB stacks, 0 MB globals, 4 P
gc 1191 @39.879s 1%: 0.053+0.86+0.010 ms clock, 0.21+0.59/0.69/0+0.040 ms cpu, 3->3->1 MB, 4 MB goal, 0 MB stacks, 0 MB globals, 4 P
gc 1192 @39.884s 1%: 0.087+0.59+0.028 ms clock, 0.34+0.60/0.49/0+0.11 ms cpu, 3->3->1 MB, 4 MB goal, 0 MB stacks, 0 MB globals, 4 P
gc 1193 @39.888s 1%: 0.038+1.2+0.067 ms clock, 0.15+0.68/0.41/0+0.27 ms cpu, 3->3->1 MB, 4 MB goal, 0 MB stacks, 0 MB globals, 4 P
gc 1194 @39.894s 1%: 0.058+0.85+0.006 ms clock, 0.23+0.43/0.54/0+0.024 ms cpu, 3->3->1 MB, 4 MB goal, 0 MB stacks, 0 MB globals, 4 P
gc 1195 @39.899s 1%: 0.11+0.60+0.021 ms clock, 0.45+0.64/0.51/0+0.087 ms cpu, 3->3->1 MB, 4 MB goal, 0 MB stacks, 0 MB globals, 4 P
gc 1196 @39.904s 1%: 0.048+0.54+0.031 ms clock, 0.19+0.86/0.40/0+0.12 ms cpu, 3->3->1 MB, 4 MB goal, 0 MB stacks, 0 MB globals, 4 P
gc 1197 @39.909s 1%: 0.10+0.62+0.034 ms clock, 0.40+0.52/0.52/0+0.13 ms cpu, 3->3->1 MB, 4 MB goal, 0 MB stacks, 0 MB globals, 4 P
gc 1198 @39.915s 1%: 0.062+0.82+0.067 ms clock, 0.24+0.68/0.69/0+0.26 ms cpu, 3->3->1 MB, 4 MB goal, 0 MB stacks, 0 MB globals, 4 P
gc 1199 @39.919s 1%: 0.025+0.99+0.080 ms clock, 0.10+0.41/0.45/0+0.32 ms cpu, 3->3->1 MB, 4 MB goal, 0 MB stacks, 0 MB globals, 4 P
gc 1200 @39.923s 1%: 0.052+0.86+0.031 ms clock, 0.20+0.31/0.60/0+0.12 ms cpu, 3->3->1 MB, 4 MB goal, 0 MB stacks, 0 MB globals, 4 P
gc 1201 @39.928s 1%: 0.069+1.4+0.034 ms clock, 0.27+0.56/0.51/0+0.13 ms cpu, 3->3->1 MB, 4 MB goal, 0 MB stacks, 0 MB globals, 4 P
gc 1202 @39.933s 1%: 0.10+1.3+0.029 ms clock, 0.40+0.52/0.50/0+0.11 ms cpu, 3->3->1 MB, 4 MB goal, 0 MB stacks, 0 MB globals, 4 P
gc 1203 @39.938s 1%: 0.048+0.66+0.037 ms clock, 0.19+0.85/0.55/0+0.15 ms cpu, 3->3->1 MB, 4 MB goal, 0 MB stacks, 0 MB globals, 4 P
gc 1204 @39.943s 1%: 0.081+0.72+0.045 ms clock, 0.32+0.83/0.63/0+0.18 ms cpu, 3->3->1 MB, 4 MB goal, 0 MB stacks, 0 MB globals, 4 P
gc 1205 @39.948s 1%: 0.058+0.62+0.049 ms clock, 0.23+1.1/0.012/0+0.19 ms cpu, 3->3->1 MB, 4 MB goal, 0 MB stacks, 0 MB globals, 4 P
gc 1206 @39.953s 1%: 0.069+0.89+0.027 ms clock, 0.27+0.74/0.73/0+0.10 ms cpu, 3->3->1 MB, 4 MB goal, 0 MB stacks, 0 MB globals, 4 P
gc 1207 @39.958s 1%: 0.094+0.99+0.036 ms clock, 0.37+0.71/0.74/0+0.14 ms cpu, 3->3->1 MB, 4 MB goal, 0 MB stacks, 0 MB globals, 4 P
gc 1208 @39.963s 1%: 0.063+1.6+0.053 ms clock, 0.25+0.48/0.65/0+0.21 ms cpu, 3->3->1 MB, 4 MB goal, 0 MB stacks, 0 MB globals, 4 P
gc 1209 @39.968s 1%: 0.077+1.3+0.025 ms clock, 0.30+0.55/0.55/0+0.10 ms cpu, 3->3->1 MB, 4 MB goal, 0 MB stacks, 0 MB globals, 4 P
gc 1210 @39.973s 1%: 0.27+1.8+0.004 ms clock, 1.1+0.50/1.2/0+0.017 ms cpu, 3->3->1 MB, 4 MB goal, 0 MB stacks, 0 MB globals, 4 P
gc 1211 @39.979s 1%: 0.075+1.9+0.038 ms clock, 0.30+0.31/0.64/0+0.15 ms cpu, 3->3->1 MB, 4 MB goal, 0 MB stacks, 0 MB globals, 4 P
gc 1212 @39.984s 1%: 0.084+1.3+0.011 ms clock, 0.33+0.47/0.50/0+0.046 ms cpu, 3->3->1 MB, 4 MB goal, 0 MB stacks, 0 MB globals, 4 P
gc 1213 @39.989s 1%: 0.071+0.91+0.021 ms clock, 0.28+0.56/0.76/0+0.086 ms cpu, 3->3->1 MB, 4 MB goal, 0 MB stacks, 0 MB globals, 4 P
gc 1214 @39.994s 1%: 0.65+1.8+0.027 ms clock, 2.6+0.32/0.94/0+0.10 ms cpu, 3->3->1 MB, 4 MB goal, 0 MB stacks, 0 MB globals, 4 P
gc 1215 @39.999s 1%: 0.10+0.58+0.055 ms clock, 0.41+0.85/0.48/0+0.22 ms cpu, 3->3->1 MB, 4 MB goal, 0 MB stacks, 0 MB globals, 4 P
gc 1216 @40.004s 1%: 0.30+1.3+0.041 ms clock, 1.2+0.60/0.91/0+0.16 ms cpu, 3->3->1 MB, 4 MB goal, 0 MB stacks, 0 MB globals, 4 P
gc 1217 @40.010s 1%: 0.072+1.2+0.021 ms clock, 0.29+1.1/0.94/0+0.085 ms cpu, 3->3->1 MB, 4 MB goal, 0 MB stacks, 0 MB globals, 4 P
gc 1218 @40.014s 1%: 0.080+0.56+0.053 ms clock, 0.32+0.80/0.49/0+0.21 ms cpu, 3->3->1 MB, 4 MB goal, 0 MB stacks, 0 MB globals, 4 P
gc 1219 @40.019s 1%: 2.0+0.64+0.054 ms clock, 8.3+0.86/2.1/0+0.21 ms cpu, 3->3->1 MB, 4 MB goal, 0 MB stacks, 0 MB globals, 4 P
gc 1220 @40.026s 1%: 0.095+1.6+0.027 ms clock, 0.38+0.32/0.91/0.032+0.11 ms cpu, 3->4->1 MB, 4 MB goal, 0 MB stacks, 0 MB globals, 4 P
gc 1221 @40.030s 1%: 0.095+1.6+0.072 ms clock, 0.38+1.1/0.65/0+0.28 ms cpu, 3->3->1 MB, 4 MB goal, 0 MB stacks, 0 MB globals, 4 P
gc 1222 @40.035s 1%: 0.082+1.4+0.059 ms clock, 0.32+0.40/0.56/0+0.23 ms cpu, 3->3->1 MB, 4 MB goal, 0 MB stacks, 0 MB globals, 4 P
gc 1223 @40.041s 1%: 0.16+2.5+0.043 ms clock, 0.64+0.27/0.65/0+0.17 ms cpu, 3->3->1 MB, 4 MB goal, 0 MB stacks, 0 MB globals, 4 P
gc 1224 @40.046s 1%: 0.10+1.3+0.095 ms clock, 0.40+0.46/0.82/0+0.38 ms cpu, 3->3->1 MB, 4 MB goal, 0 MB stacks, 0 MB globals, 4 P
gc 1225 @40.052s 1%: 0.073+1.0+0.062 ms clock, 0.29+0.47/0.84/0+0.25 ms cpu, 3->3->1 MB, 4 MB goal, 0 MB stacks, 0 MB globals, 4 P
gc 1226 @40.056s 1%: 0.085+0.89+0.050 ms clock, 0.34+0.55/0.75/0+0.20 ms cpu, 3->3->1 MB, 4 MB goal, 0 MB stacks, 0 MB globals, 4 P
gc 1227 @40.061s 1%: 0.077+0.86+0.037 ms clock, 0.31+0.79/0.54/0+0.15 ms cpu, 3->3->1 MB, 4 MB goal, 0 MB stacks, 0 MB globals, 4 P
gc 1228 @40.066s 1%: 0.083+1.7+0.060 ms clock, 0.33+0.78/0.64/0+0.24 ms cpu, 3->3->1 MB, 4 MB goal, 0 MB stacks, 0 MB globals, 4 P
gc 1229 @40.071s 1%: 0.044+1.0+0.004 ms clock, 0.17+0.52/0.51/0+0.016 ms cpu, 3->3->1 MB, 4 MB goal, 0 MB stacks, 0 MB globals, 4 P
gc 1230 @40.076s 1%: 0.071+1.1+0.023 ms clock, 0.28+0.52/0.50/0+0.094 ms cpu, 3->3->1 MB, 4 MB goal, 0 MB stacks, 0 MB globals, 4 P
gc 1231 @40.081s 1%: 0.059+0.68+0.058 ms clock, 0.23+1.0/0.017/0+0.23 ms cpu, 3->3->1 MB, 4 MB goal, 0 MB stacks, 0 MB globals, 4 P
gc 1232 @40.086s 1%: 0.074+0.64+0.044 ms clock, 0.29+0.75/0.55/0+0.17 ms cpu, 3->3->1 MB, 4 MB goal, 0 MB stacks, 0 MB globals, 4 P
gc 1233 @40.091s 1%: 0.070+0.62+0.057 ms clock, 0.28+0.81/0.51/0+0.23 ms cpu, 3->3->1 MB, 4 MB goal, 0 MB stacks, 0 MB globals, 4 P
gc 1234 @40.096s 1%: 1.3+0.34+0.052 ms clock, 5.2+1.3/0.58/0+0.21 ms cpu, 3->3->1 MB, 4 MB goal, 0 MB stacks, 0 MB globals, 4 P
gc 1235 @40.101s 1%: 0.082+0.52+0.023 ms clock, 0.33+0.85/0.42/0+0.095 ms cpu, 3->3->1 MB, 4 MB goal, 0 MB stacks, 0 MB globals, 4 P
gc 1236 @40.106s 1%: 0.057+0.56+0.021 ms clock, 0.23+0.85/0.47/0+0.087 ms cpu, 3->3->1 MB, 4 MB goal, 0 MB stacks, 0 MB globals, 4 P
gc 1237 @40.111s 1%: 0.022+0.66+0.051 ms clock, 0.089+0.86/0.54/0+0.20 ms cpu, 3->3->1 MB, 4 MB goal, 0 MB stacks, 0 MB globals, 4 P
gc 1238 @40.115s 1%: 0.054+2.2+0.037 ms clock, 0.21+0.51/0.56/0+0.15 ms cpu, 3->3->1 MB, 4 MB goal, 0 MB stacks, 0 MB globals, 4 P
gc 1239 @40.121s 1%: 1.7+0.27+0.066 ms clock, 7.0+0.64/1.7/0+0.26 ms cpu, 3->3->1 MB, 4 MB goal, 0 MB stacks, 0 MB globals, 4 P
gc 1240 @40.126s 1%: 0.10+0.82+0.038 ms clock, 0.41+0.82/0.70/0+0.15 ms cpu, 3->3->1 MB, 4 MB goal, 0 MB stacks, 0 MB globals, 4 P
gc 1241 @40.131s 1%: 0.057+1.8+0.022 ms clock, 0.23+0.51/0.55/0+0.090 ms cpu, 3->3->1 MB, 4 MB goal, 0 MB stacks, 0 MB globals, 4 P
gc 1242 @40.136s 1%: 0.053+0.61+0.029 ms clock, 0.21+0.81/0.51/0+0.11 ms cpu, 3->3->1 MB, 4 MB goal, 0 MB stacks, 0 MB globals, 4 P
gc 1243 @40.141s 1%: 0.23+1.9+0.020 ms clock, 0.95+0.68/0.89/0+0.080 ms cpu, 3->3->1 MB, 4 MB goal, 0 MB stacks, 0 MB globals, 4 P
gc 1244 @40.146s 1%: 0.30+1.4+0.042 ms clock, 1.2+0.63/1.0/0+0.16 ms cpu, 3->3->1 MB, 4 MB goal, 0 MB stacks, 0 MB globals, 4 P
gc 1245 @40.151s 1%: 0.38+1.6+0.027 ms clock, 1.5+1.4/0.44/0+0.11 ms cpu, 3->4->1 MB, 4 MB goal, 0 MB stacks, 0 MB globals, 4 P
gc 1246 @40.157s 1%: 0.085+1.3+0.029 ms clock, 0.34+0.58/0.62/0+0.11 ms cpu, 3->3->1 MB, 4 MB goal, 0 MB stacks, 0 MB globals, 4 P
gc 1247 @40.162s 1%: 0.054+1.7+0.083 ms clock, 0.21+0.75/0.58/0+0.33 ms cpu, 3->3->1 MB, 4 MB goal, 0 MB stacks, 0 MB globals, 4 P
gc 1248 @40.167s 1%: 0.074+1.6+0.059 ms clock, 0.29+0.83/0.57/0+0.23 ms cpu, 3->3->1 MB, 4 MB goal, 0 MB stacks, 0 MB globals, 4 P
gc 1249 @40.172s 1%: 0.047+2.5+0.049 ms clock, 0.19+0.34/0.64/0+0.19 ms cpu, 3->4->1 MB, 4 MB goal, 0 MB stacks, 0 MB globals, 4 P
gc 1250 @40.178s 1%: 0.095+1.2+0.070 ms clock, 0.38+0.24/0.65/0+0.28 ms cpu, 3->3->1 MB, 4 MB goal, 0 MB stacks, 0 MB globals, 4 P
gc 1251 @40.183s 1%: 0.061+0.63+0.066 ms clock, 0.24+0.85/0.53/0+0.26 ms cpu, 3->3->1 MB, 4 MB goal, 0 MB stacks, 0 MB globals, 4 P
gc 1252 @40.188s 1%: 0.12+0.81+0.028 ms clock, 0.48+0.74/0.67/0+0.11 ms cpu, 3->3->1 MB, 4 MB goal, 0 MB stacks, 0 MB globals, 4 P
gc 1253 @40.193s 1%: 0.017+1.1+0.076 ms clock, 0.070+0.49/0.48/0+0.30 ms cpu, 3->3->1 MB, 4 MB goal, 0 MB stacks, 0 MB globals, 4 P
gc 1254 @40.198s 1%: 0.089+1.2+0.039 ms clock, 0.35+1.0/0.052/0+0.15 ms cpu, 3->3->1 MB, 4 MB goal, 0 MB stacks, 0 MB globals, 4 P
gc 1255 @40.203s 1%: 0.075+0.94+0.029 ms clock, 0.30+0.57/0.74/0+0.11 ms cpu, 3->3->1 MB, 4 MB goal, 0 MB stacks, 0 MB globals, 4 P
gc 1256 @40.208s 1%: 0.057+0.84+0.023 ms clock, 0.22+0.81/0.64/0+0.095 ms cpu, 3->3->1 MB, 4 MB goal, 0 MB stacks, 0 MB globals, 4 P
gc 1257 @40.213s 1%: 0.078+0.62+0.062 ms clock, 0.31+0.52/0.52/0+0.24 ms cpu, 3->3->1 MB, 4 MB goal, 0 MB stacks, 0 MB globals, 4 P
gc 1258 @40.218s 1%: 0.33+0.81+0.047 ms clock, 1.3+0.43/1.0/0+0.18 ms cpu, 3->3->1 MB, 4 MB goal, 0 MB stacks, 0 MB globals, 4 P
gc 1259 @40.223s 1%: 0.11+0.85+0.069 ms clock, 0.47+0.60/0.76/0+0.27 ms cpu, 3->3->1 MB, 4 MB goal, 0 MB stacks, 0 MB globals, 4 P
gc 1260 @40.228s 1%: 0.081+1.9+0.016 ms clock, 0.32+0.60/0.55/0+0.066 ms cpu, 3->3->1 MB, 4 MB goal, 0 MB stacks, 0 MB globals, 4 P
gc 1261 @40.233s 1%: 0.083+1.2+0.039 ms clock, 0.33+1.0/0.13/0+0.15 ms cpu, 3->3->1 MB, 4 MB goal, 0 MB stacks, 0 MB globals, 4 P
gc 1262 @40.238s 1%: 0.077+0.70+0.067 ms clock, 0.31+0.60/0.62/0+0.26 ms cpu, 3->3->1 MB, 4 MB goal, 0 MB stacks, 0 MB globals, 4 P
gc 1263 @40.243s 1%: 0.054+0.82+0.060 ms clock, 0.21+0.88/0.56/0+0.24 ms cpu, 3->3->1 MB, 4 MB goal, 0 MB stacks, 0 MB globals, 4 P
gc 1264 @40.248s 1%: 0.022+0.88+0.030 ms clock, 0.089+0.79/0.71/0+0.12 ms cpu, 3->3->1 MB, 4 MB goal, 0 MB stacks, 0 MB globals, 4 P
gc 1265 @40.253s 1%: 0.055+0.92+0.033 ms clock, 0.22+0.56/0.57/0+0.13 ms cpu, 3->3->1 MB, 4 MB goal, 0 MB stacks, 0 MB globals, 4 P
gc 1266 @40.258s 1%: 0.076+0.69+0.086 ms clock, 0.30+0.89/0.56/0+0.34 ms cpu, 3->3->1 MB, 4 MB goal, 0 MB stacks, 0 MB globals, 4 P
gc 1267 @40.262s 1%: 0.11+1.2+0.029 ms clock, 0.44+0.88/1.1/0+0.11 ms cpu, 3->3->1 MB, 4 MB goal, 0 MB stacks, 0 MB globals, 4 P
gc 1268 @40.267s 1%: 0.069+0.66+0.025 ms clock, 0.27+0.88/0.42/0+0.10 ms cpu, 3->3->1 MB, 4 MB goal, 0 MB stacks, 0 MB globals, 4 P
gc 1269 @40.272s 1%: 0.087+0.53+0.049 ms clock, 0.35+0.68/0.43/0+0.19 ms cpu, 3->3->1 MB, 4 MB goal, 0 MB stacks, 0 MB globals, 4 P
gc 1270 @40.277s 1%: 0.077+0.85+0.023 ms clock, 0.31+0.75/0.64/0+0.092 ms cpu, 3->3->1 MB, 4 MB goal, 0 MB stacks, 0 MB globals, 4 P
gc 1271 @40.282s 1%: 0.21+0.98+0.075 ms clock, 0.85+0.71/1.0/0+0.30 ms cpu, 3->3->1 MB, 4 MB goal, 0 MB stacks, 0 MB globals, 4 P
gc 1272 @40.287s 1%: 0.080+1.6+0.055 ms clock, 0.32+0.22/0.58/0+0.22 ms cpu, 3->3->1 MB, 4 MB goal, 0 MB stacks, 0 MB globals, 4 P
gc 1273 @40.292s 1%: 0.065+0.93+0.005 ms clock, 0.26+0.81/0.50/0+0.022 ms cpu, 3->3->1 MB, 4 MB goal, 0 MB stacks, 0 MB globals, 4 P
gc 1274 @40.298s 1%: 0.067+0.90+0.070 ms clock, 0.27+0.58/0.75/0+0.28 ms cpu, 3->3->1 MB, 4 MB goal, 0 MB stacks, 0 MB globals, 4 P
gc 1275 @40.303s 1%: 0.090+1.7+0.092 ms clock, 0.36+0.63/0.73/0+0.36 ms cpu, 3->3->1 MB, 4 MB goal, 0 MB stacks, 0 MB globals, 4 P
gc 1276 @40.308s 1%: 0.088+1.4+0.020 ms clock, 0.35+0.40/0.58/0+0.081 ms cpu, 3->3->1 MB, 4 MB goal, 0 MB stacks, 0 MB globals, 4 P
gc 1277 @40.313s 1%: 0.043+1.1+0.058 ms clock, 0.17+0.70/0.64/0+0.23 ms cpu, 3->3->1 MB, 4 MB goal, 0 MB stacks, 0 MB globals, 4 P
gc 1278 @40.318s 1%: 0.11+2.2+0.096 ms clock, 0.47+0.51/0.59/0+0.38 ms cpu, 3->4->1 MB, 4 MB goal, 0 MB stacks, 0 MB globals, 4 P
gc 1279 @40.323s 1%: 0.10+1.1+0.059 ms clock, 0.43+0.76/0.43/0+0.23 ms cpu, 3->3->1 MB, 4 MB goal, 0 MB stacks, 0 MB globals, 4 P
gc 1280 @40.328s 1%: 0.10+0.84+0.022 ms clock, 0.42+0.66/0.68/0+0.090 ms cpu, 3->3->1 MB, 4 MB goal, 0 MB stacks, 0 MB globals, 4 P
gc 1281 @40.333s 1%: 0.091+1.0+0.081 ms clock, 0.36+0.58/0.67/0+0.32 ms cpu, 3->3->1 MB, 4 MB goal, 0 MB stacks, 0 MB globals, 4 P
gc 1282 @40.339s 1%: 1.0+0.75+0.032 ms clock, 4.3+0.47/1.3/0+0.13 ms cpu, 3->3->1 MB, 4 MB goal, 0 MB stacks, 0 MB globals, 4 P
gc 1283 @40.344s 1%: 0.040+0.56+0.054 ms clock, 0.16+0.73/0.44/0+0.21 ms cpu, 3->3->1 MB, 4 MB goal, 0 MB stacks, 0 MB globals, 4 P
gc 1284 @40.348s 1%: 0.059+0.66+0.027 ms clock, 0.23+0.65/0.55/0+0.10 ms cpu, 3->3->1 MB, 4 MB goal, 0 MB stacks, 0 MB globals, 4 P
gc 1285 @40.353s 1%: 0.052+0.81+0.042 ms clock, 0.21+0.54/0.68/0+0.16 ms cpu, 3->3->1 MB, 4 MB goal, 0 MB stacks, 0 MB globals, 4 P
gc 1286 @40.358s 1%: 0.074+0.77+0.023 ms clock, 0.29+0.99/0.15/0+0.094 ms cpu, 3->3->1 MB, 4 MB goal, 0 MB stacks, 0 MB globals, 4 P
gc 1287 @40.363s 1%: 0.057+0.64+0.084 ms clock, 0.22+0.72/0.47/0+0.33 ms cpu, 3->3->1 MB, 4 MB goal, 0 MB stacks, 0 MB globals, 4 P
gc 1288 @40.368s 1%: 0.068+0.76+0.074 ms clock, 0.27+0.60/0.56/0+0.29 ms cpu, 3->3->1 MB, 4 MB goal, 0 MB stacks, 0 MB globals, 4 P
gc 1289 @40.373s 1%: 0.066+0.67+0.028 ms clock, 0.26+1.1/0/0+0.11 ms cpu, 3->3->1 MB, 4 MB goal, 0 MB stacks, 0 MB globals, 4 P
gc 1290 @40.378s 1%: 0.066+1.5+0.023 ms clock, 0.26+0.52/0.72/0+0.095 ms cpu, 3->3->1 MB, 4 MB goal, 0 MB stacks, 0 MB globals, 4 P
gc 1291 @40.383s 1%: 0.058+0.54+0.057 ms clock, 0.23+0.79/0.41/0+0.23 ms cpu, 3->3->1 MB, 4 MB goal, 0 MB stacks, 0 MB globals, 4 P
gc 1292 @40.388s 1%: 0.053+1.3+0.070 ms clock, 0.21+0.88/0.51/0+0.28 ms cpu, 3->3->1 MB, 4 MB goal, 0 MB stacks, 0 MB globals, 4 P
gc 1293 @40.393s 1%: 0.062+0.62+0.036 ms clock, 0.24+0.86/0.48/0+0.14 ms cpu, 3->3->1 MB, 4 MB goal, 0 MB stacks, 0 MB globals, 4 P
gc 1294 @40.398s 1%: 0.038+0.53+0.025 ms clock, 0.15+0.74/0.43/0+0.10 ms cpu, 3->3->1 MB, 4 MB goal, 0 MB stacks, 0 MB globals, 4 P
gc 1295 @40.403s 1%: 0.026+1.2+0.080 ms clock, 0.10+0.58/0.48/0+0.32 ms cpu, 3->3->1 MB, 4 MB goal, 0 MB stacks, 0 MB globals, 4 P
gc 1296 @40.408s 1%: 0.097+1.6+0.031 ms clock, 0.39+0.67/1.5/0+0.12 ms cpu, 3->3->1 MB, 4 MB goal, 0 MB stacks, 0 MB globals, 4 P
gc 1297 @40.413s 1%: 0.049+1.6+0.086 ms clock, 0.19+0.80/0.50/0+0.34 ms cpu, 3->3->1 MB, 4 MB goal, 0 MB stacks, 0 MB globals, 4 P
gc 1298 @40.419s 1%: 0.054+0.95+0.069 ms clock, 0.21+0.61/0.52/0+0.27 ms cpu, 3->3->1 MB, 4 MB goal, 0 MB stacks, 0 MB globals, 4 P
gc 1299 @40.423s 1%: 0.050+0.67+0.031 ms clock, 0.20+0.71/0.59/0+0.12 ms cpu, 3->3->1 MB, 4 MB goal, 0 MB stacks, 0 MB globals, 4 P
gc 1300 @40.429s 1%: 0.046+1.4+0.037 ms clock, 0.18+0.35/0.59/0+0.15 ms cpu, 3->3->1 MB, 4 MB goal, 0 MB stacks, 0 MB globals, 4 P
gc 1301 @40.433s 1%: 0.065+1.0+0.051 ms clock, 0.26+0.41/0.61/0+0.20 ms cpu, 3->3->1 MB, 4 MB goal, 0 MB stacks, 0 MB globals, 4 P
gc 1302 @40.438s 1%: 0.030+1.7+0.046 ms clock, 0.12+0.60/1.6/0+0.18 ms cpu, 3->3->1 MB, 4 MB goal, 0 MB stacks, 0 MB globals, 4 P
gc 1303 @40.444s 1%: 0.047+1.2+0.030 ms clock, 0.18+1.1/1.2/0.032+0.12 ms cpu, 3->3->1 MB, 4 MB goal, 0 MB stacks, 0 MB globals, 4 P
gc 1304 @40.448s 1%: 0.28+1.2+0.036 ms clock, 1.1+0.54/1.3/0+0.14 ms cpu, 3->3->1 MB, 4 MB goal, 0 MB stacks, 0 MB globals, 4 P
gc 1305 @40.454s 1%: 0.091+0.61+0.015 ms clock, 0.36+0.43/0.53/0+0.063 ms cpu, 3->3->1 MB, 4 MB goal, 0 MB stacks, 0 MB globals, 4 P
gc 1306 @40.458s 1%: 0.083+1.5+0.030 ms clock, 0.33+0.64/0.66/0+0.12 ms cpu, 3->3->1 MB, 4 MB goal, 0 MB stacks, 0 MB globals, 4 P
gc 1307 @40.464s 1%: 0.067+1.2+0.027 ms clock, 0.27+0.74/0.67/0+0.11 ms cpu, 3->3->1 MB, 4 MB goal, 0 MB stacks, 0 MB globals, 4 P
gc 1308 @40.469s 1%: 0.087+0.95+0.040 ms clock, 0.34+0.62/0.67/0+0.16 ms cpu, 3->3->1 MB, 4 MB goal, 0 MB stacks, 0 MB globals, 4 P
gc 1309 @40.474s 1%: 0.23+1.8+0.031 ms clock, 0.95+0.58/1.1/0+0.12 ms cpu, 3->3->1 MB, 4 MB goal, 0 MB stacks, 0 MB globals, 4 P
gc 1310 @40.479s 1%: 0.054+0.62+0.065 ms clock, 0.21+0.87/0.54/0+0.26 ms cpu, 3->3->1 MB, 4 MB goal, 0 MB stacks, 0 MB globals, 4 P
gc 1311 @40.484s 1%: 0.031+0.74+0.027 ms clock, 0.12+0.80/0.50/0+0.11 ms cpu, 3->3->1 MB, 4 MB goal, 0 MB stacks, 0 MB globals, 4 P
gc 1312 @40.489s 1%: 0.075+0.67+0.017 ms clock, 0.30+0.81/0.56/0+0.070 ms cpu, 3->3->1 MB, 4 MB goal, 0 MB stacks, 0 MB globals, 4 P
gc 1313 @40.494s 1%: 0.076+0.63+0.031 ms clock, 0.30+0.84/0.43/0+0.12 ms cpu, 3->3->1 MB, 4 MB goal, 0 MB stacks, 0 MB globals, 4 P
gc 1314 @40.499s 1%: 0.11+0.90+0.056 ms clock, 0.44+0.72/0.71/0+0.22 ms cpu, 3->3->1 MB, 4 MB goal, 0 MB stacks, 0 MB globals, 4 P
gc 1315 @40.503s 1%: 0.064+0.59+0.041 ms clock, 0.25+0.83/0.48/0+0.16 ms cpu, 3->3->1 MB, 4 MB goal, 0 MB stacks, 0 MB globals, 4 P
gc 1316 @40.508s 1%: 0.10+1.8+0.003 ms clock, 0.40+1.0/1.2/0+0.013 ms cpu, 3->3->1 MB, 4 MB goal, 0 MB stacks, 0 MB globals, 4 P
gc 1317 @40.514s 1%: 0.092+1.8+0.085 ms clock, 0.36+0.64/0.55/0+0.34 ms cpu, 3->3->1 MB, 4 MB goal, 0 MB stacks, 0 MB globals, 4 P
gc 1318 @40.519s 1%: 0.083+0.94+0.043 ms clock, 0.33+0.57/0.47/0+0.17 ms cpu, 3->3->1 MB, 4 MB goal, 0 MB stacks, 0 MB globals, 4 P
gc 1319 @40.524s 1%: 0.055+1.2+0.059 ms clock, 0.22+0.56/0.82/0+0.23 ms cpu, 3->3->1 MB, 4 MB goal, 0 MB stacks, 0 MB globals, 4 P
gc 1320 @40.529s 1%: 0.36+1.8+0.036 ms clock, 1.4+0.27/1.3/0+0.14 ms cpu, 3->4->1 MB, 4 MB goal, 0 MB stacks, 0 MB globals, 4 P
gc 1321 @40.534s 1%: 0.24+1.2+0.079 ms clock, 0.99+0.40/0.83/0+0.31 ms cpu, 3->3->1 MB, 4 MB goal, 0 MB stacks, 0 MB globals, 4 P
gc 1322 @40.539s 1%: 0.053+0.66+0.046 ms clock, 0.21+0.87/0.40/0+0.18 ms cpu, 3->3->1 MB, 4 MB goal, 0 MB stacks, 0 MB globals, 4 P
gc 1323 @40.544s 1%: 0.064+1.3+0.028 ms clock, 0.25+0.58/0.52/0+0.11 ms cpu, 3->3->1 MB, 4 MB goal, 0 MB stacks, 0 MB globals, 4 P
gc 1324 @40.549s 1%: 0.081+0.68+0.039 ms clock, 0.32+0.74/0.52/0+0.15 ms cpu, 3->3->1 MB, 4 MB goal, 0 MB stacks, 0 MB globals, 4 P
gc 1325 @40.554s 1%: 0.076+0.73+0.033 ms clock, 0.30+0.72/0.63/0+0.13 ms cpu, 3->3->1 MB, 4 MB goal, 0 MB stacks, 0 MB globals, 4 P
gc 1326 @40.559s 1%: 0.049+1.6+0.080 ms clock, 0.19+0.38/0.59/0+0.32 ms cpu, 3->3->1 MB, 4 MB goal, 0 MB stacks, 0 MB globals, 4 P
gc 1327 @40.565s 1%: 0.037+0.88+0.028 ms clock, 0.15+0.76/0.75/0+0.11 ms cpu, 3->3->1 MB, 4 MB goal, 0 MB stacks, 0 MB globals, 4 P
gc 1328 @40.570s 1%: 0.057+0.84+0.041 ms clock, 0.22+0.63/0.42/0+0.16 ms cpu, 3->3->1 MB, 4 MB goal, 0 MB stacks, 0 MB globals, 4 P
gc 1329 @40.575s 1%: 0.078+0.75+0.028 ms clock, 0.31+0.71/0.56/0+0.11 ms cpu, 3->3->1 MB, 4 MB goal, 0 MB stacks, 0 MB globals, 4 P
gc 1330 @40.579s 1%: 0.034+2.1+0.008 ms clock, 0.13+0.57/0.68/0+0.035 ms cpu, 3->3->1 MB, 4 MB goal, 0 MB stacks, 0 MB globals, 4 P
gc 1331 @40.585s 1%: 0.056+1.4+0.023 ms clock, 0.22+1.1/0/0+0.092 ms cpu, 3->3->1 MB, 4 MB goal, 0 MB stacks, 0 MB globals, 4 P
gc 1332 @40.590s 1%: 0.064+1.0+0.069 ms clock, 0.25+1.2/0/0+0.27 ms cpu, 3->3->1 MB, 4 MB goal, 0 MB stacks, 0 MB globals, 4 P
gc 1333 @40.595s 1%: 0.043+1.9+0.028 ms clock, 0.17+0.37/0.54/0+0.11 ms cpu, 3->3->1 MB, 4 MB goal, 0 MB stacks, 0 MB globals, 4 P
gc 1334 @40.600s 1%: 0.074+1.5+0.058 ms clock, 0.29+0.40/0.53/0+0.23 ms cpu, 3->3->1 MB, 4 MB goal, 0 MB stacks, 0 MB globals, 4 P
gc 1335 @40.605s 1%: 0.028+0.75+0.028 ms clock, 0.11+0.66/0.65/0+0.11 ms cpu, 3->3->1 MB, 4 MB goal, 0 MB stacks, 0 MB globals, 4 P
gc 1336 @40.610s 1%: 0.27+0.55+0.030 ms clock, 1.1+0.18/0.71/0+0.12 ms cpu, 3->3->1 MB, 4 MB goal, 0 MB stacks, 0 MB globals, 4 P
gc 1337 @40.615s 1%: 0.056+0.96+0.040 ms clock, 0.22+0.46/0.74/0+0.16 ms cpu, 3->3->1 MB, 4 MB goal, 0 MB stacks, 0 MB globals, 4 P
gc 1338 @40.620s 1%: 0.091+1.1+0.030 ms clock, 0.36+0.43/0.66/0+0.12 ms cpu, 3->3->1 MB, 4 MB goal, 0 MB stacks, 0 MB globals, 4 P
gc 1339 @40.625s 1%: 0.042+1.2+0.011 ms clock, 0.16+0.87/0.39/0+0.044 ms cpu, 3->3->1 MB, 4 MB goal, 0 MB stacks, 0 MB globals, 4 P
gc 1340 @40.630s 1%: 0.065+0.67+0.029 ms clock, 0.26+0.89/0.55/0+0.11 ms cpu, 3->3->1 MB, 4 MB goal, 0 MB stacks, 0 MB globals, 4 P
gc 1341 @40.635s 1%: 0.044+0.73+0.007 ms clock, 0.17+0.80/0.59/0+0.028 ms cpu, 3->3->1 MB, 4 MB goal, 0 MB stacks, 0 MB globals, 4 P
gc 1342 @40.640s 1%: 0.24+2.0+0.073 ms clock, 0.99+1.4/0.75/0+0.29 ms cpu, 3->4->1 MB, 4 MB goal, 0 MB stacks, 0 MB globals, 4 P
gc 1343 @40.645s 1%: 0.62+0.49+0.028 ms clock, 2.4+0.47/0.95/0+0.11 ms cpu, 3->3->1 MB, 4 MB goal, 0 MB stacks, 0 MB globals, 4 P
gc 1344 @40.650s 1%: 0.066+0.91+0.051 ms clock, 0.26+0.71/0.73/0+0.20 ms cpu, 3->3->1 MB, 4 MB goal, 0 MB stacks, 0 MB globals, 4 P
gc 1345 @40.655s 1%: 0.35+1.5+0.041 ms clock, 1.4+0.46/1.0/0+0.16 ms cpu, 3->3->1 MB, 4 MB goal, 0 MB stacks, 0 MB globals, 4 P
gc 1346 @40.661s 1%: 0.086+1.4+0.074 ms clock, 0.34+0.50/0.56/0+0.29 ms cpu, 3->3->1 MB, 4 MB goal, 0 MB stacks, 0 MB globals, 4 P
gc 1347 @40.666s 1%: 0.65+0.32+0.026 ms clock, 2.6+0.79/0.80/0+0.10 ms cpu, 3->3->1 MB, 4 MB goal, 0 MB stacks, 0 MB globals, 4 P
gc 1348 @40.671s 1%: 0.078+0.76+0.024 ms clock, 0.31+0.66/0.63/0+0.096 ms cpu, 3->3->1 MB, 4 MB goal, 0 MB stacks, 0 MB globals, 4 P
gc 1349 @40.675s 1%: 0.098+0.82+0.022 ms clock, 0.39+0.79/0.66/0+0.088 ms cpu, 3->3->1 MB, 4 MB goal, 0 MB stacks, 0 MB globals, 4 P
gc 1350 @40.680s 1%: 0.048+1.3+0.024 ms clock, 0.19+0.42/0.55/0+0.098 ms cpu, 3->3->1 MB, 4 MB goal, 0 MB stacks, 0 MB globals, 4 P
gc 1351 @40.685s 1%: 0.057+0.60+0.046 ms clock, 0.22+0.79/0.48/0+0.18 ms cpu, 3->3->1 MB, 4 MB goal, 0 MB stacks, 0 MB globals, 4 P
gc 1352 @40.691s 1%: 0.091+0.83+0.016 ms clock, 0.36+0.88/0.71/0+0.067 ms cpu, 3->3->1 MB, 4 MB goal, 0 MB stacks, 0 MB globals, 4 P
gc 1353 @40.695s 1%: 0.058+0.62+0.038 ms clock, 0.23+0.90/0.43/0+0.15 ms cpu, 3->3->1 MB, 4 MB goal, 0 MB stacks, 0 MB globals, 4 P
gc 1354 @40.700s 1%: 0.034+0.72+0.050 ms clock, 0.13+0.93/0.51/0+0.20 ms cpu, 3->3->1 MB, 4 MB goal, 0 MB stacks, 0 MB globals, 4 P
gc 1355 @40.705s 1%: 0.30+0.94+0.080 ms clock, 1.2+0.56/0.95/0.031+0.32 ms cpu, 3->3->1 MB, 4 MB goal, 0 MB stacks, 0 MB globals, 4 P
gc 1356 @40.710s 1%: 0.14+0.94+0.031 ms clock, 0.56+0.65/0.54/0+0.12 ms cpu, 3->3->1 MB, 4 MB goal, 0 MB stacks, 0 MB globals, 4 P
gc 1357 @40.715s 1%: 0.046+0.82+0.034 ms clock, 0.18+0.83/0.69/0+0.13 ms cpu, 3->3->1 MB, 4 MB goal, 0 MB stacks, 0 MB globals, 4 P
gc 1358 @40.720s 1%: 0.27+1.9+0.030 ms clock, 1.0+0.40/0.89/0+0.12 ms cpu, 3->3->1 MB, 4 MB goal, 0 MB stacks, 0 MB globals, 4 P
gc 1359 @40.726s 1%: 0.071+1.1+0.018 ms clock, 0.28+0.73/0.63/0+0.072 ms cpu, 3->3->1 MB, 4 MB goal, 0 MB stacks, 0 MB globals, 4 P
gc 1360 @40.731s 1%: 0.052+1.4+0.075 ms clock, 0.20+0.76/0.59/0+0.30 ms cpu, 3->3->1 MB, 4 MB goal, 0 MB stacks, 0 MB globals, 4 P
gc 1361 @40.736s 1%: 0.33+0.90+0.020 ms clock, 1.3+0.27/1.1/0+0.082 ms cpu, 3->3->1 MB, 4 MB goal, 0 MB stacks, 0 MB globals, 4 P
gc 1362 @40.741s 1%: 0.042+1.1+0.046 ms clock, 0.17+1.4/0.52/0+0.18 ms cpu, 3->3->1 MB, 4 MB goal, 0 MB stacks, 0 MB globals, 4 P
gc 1363 @40.746s 1%: 0.085+0.78+0.046 ms clock, 0.34+1.2/0.11/0+0.18 ms cpu, 3->3->1 MB, 4 MB goal, 0 MB stacks, 0 MB globals, 4 P
gc 1364 @40.751s 1%: 0.080+1.1+0.072 ms clock, 0.32+0.83/0.59/0+0.29 ms cpu, 3->3->1 MB, 4 MB goal, 0 MB stacks, 0 MB globals, 4 P
gc 1365 @40.756s 1%: 0.27+1.1+0.040 ms clock, 1.1+0.54/1.3/0.002+0.16 ms cpu, 3->3->1 MB, 4 MB goal, 0 MB stacks, 0 MB globals, 4 P
gc 1366 @40.761s 1%: 0.092+0.65+0.048 ms clock, 0.37+0.79/0.49/0+0.19 ms cpu, 3->3->1 MB, 4 MB goal, 0 MB stacks, 0 MB globals, 4 P
gc 1367 @40.766s 1%: 0.080+0.68+0.030 ms clock, 0.32+0.41/0.61/0+0.12 ms cpu, 3->3->1 MB, 4 MB goal, 0 MB stacks, 0 MB globals, 4 P
gc 1368 @40.771s 1%: 0.065+1.1+0.056 ms clock, 0.26+0.61/1.0/0+0.22 ms cpu, 3->3->1 MB, 4 MB goal, 0 MB stacks, 0 MB globals, 4 P
gc 1369 @40.776s 1%: 0.059+1.7+0.028 ms clock, 0.23+0.55/0.56/0+0.11 ms cpu, 3->3->1 MB, 4 MB goal, 0 MB stacks, 0 MB globals, 4 P
gc 1370 @40.781s 1%: 0.092+1.5+0.032 ms clock, 0.36+0.79/0.44/0+0.13 ms cpu, 3->3->1 MB, 4 MB goal, 0 MB stacks, 0 MB globals, 4 P
gc 1371 @40.786s 1%: 0.10+0.99+0.071 ms clock, 0.41+0.53/0.55/0+0.28 ms cpu, 3->3->1 MB, 4 MB goal, 0 MB stacks, 0 MB globals, 4 P
gc 1372 @40.791s 1%: 0.085+1.1+0.042 ms clock, 0.34+0.72/0.58/0+0.17 ms cpu, 3->3->1 MB, 4 MB goal, 0 MB stacks, 0 MB globals, 4 P
gc 1373 @40.796s 1%: 0.063+0.69+0.059 ms clock, 0.25+0.62/0.56/0+0.23 ms cpu, 3->3->1 MB, 4 MB goal, 0 MB stacks, 0 MB globals, 4 P
gc 1374 @40.801s 1%: 0.066+1.1+0.077 ms clock, 0.26+0.35/0.71/0+0.31 ms cpu, 3->3->1 MB, 4 MB goal, 0 MB stacks, 0 MB globals, 4 P
gc 1375 @40.806s 1%: 0.088+0.77+0.021 ms clock, 0.35+0.53/0.63/0+0.086 ms cpu, 3->3->1 MB, 4 MB goal, 0 MB stacks, 0 MB globals, 4 P
gc 1376 @40.811s 1%: 0.072+0.75+0.058 ms clock, 0.29+0.79/0.61/0+0.23 ms cpu, 3->3->1 MB, 4 MB goal, 0 MB stacks, 0 MB globals, 4 P
gc 1377 @40.816s 1%: 0.040+0.54+0.075 ms clock, 0.16+0.73/0.47/0+0.30 ms cpu, 3->3->1 MB, 4 MB goal, 0 MB stacks, 0 MB globals, 4 P
gc 1378 @40.821s 1%: 0.073+0.60+0.029 ms clock, 0.29+0.58/0.50/0+0.11 ms cpu, 3->3->1 MB, 4 MB goal, 0 MB stacks, 0 MB globals, 4 P
gc 1379 @40.826s 1%: 0.084+0.64+0.030 ms clock, 0.33+0.89/0.56/0+0.12 ms cpu, 3->3->1 MB, 4 MB goal, 0 MB stacks, 0 MB globals, 4 P
gc 1380 @40.830s 1%: 0.091+0.58+0.058 ms clock, 0.36+0.86/0.44/0+0.23 ms cpu, 3->3->1 MB, 4 MB goal, 0 MB stacks, 0 MB globals, 4 P
gc 1381 @40.835s 1%: 0.071+1.8+0.071 ms clock, 0.28+0.52/0.55/0+0.28 ms cpu, 3->3->1 MB, 4 MB goal, 0 MB stacks, 0 MB globals, 4 P
gc 1382 @40.841s 1%: 0.067+0.71+0.013 ms clock, 0.26+0.96/0.52/0+0.054 ms cpu, 3->3->1 MB, 4 MB goal, 0 MB stacks, 0 MB globals, 4 P
gc 1383 @40.845s 1%: 0.061+1.5+0.089 ms clock, 0.24+0.84/0.42/0+0.35 ms cpu, 3->3->1 MB, 4 MB goal, 0 MB stacks, 0 MB globals, 4 P
gc 1384 @40.851s 1%: 0.045+0.61+0.035 ms clock, 0.18+0.89/0.53/0+0.14 ms cpu, 3->3->1 MB, 4 MB goal, 0 MB stacks, 0 MB globals, 4 P
gc 1385 @40.855s 1%: 0.037+2.0+0.056 ms clock, 0.15+0.42/0.63/0+0.22 ms cpu, 3->3->1 MB, 4 MB goal, 0 MB stacks, 0 MB globals, 4 P
gc 1386 @40.861s 1%: 0.065+0.63+0.042 ms clock, 0.26+0.77/0.53/0+0.17 ms cpu, 3->3->1 MB, 4 MB goal, 0 MB stacks, 0 MB globals, 4 P
gc 1387 @40.865s 1%: 0.046+0.63+0.043 ms clock, 0.18+0.88/0.42/0+0.17 ms cpu, 3->3->1 MB, 4 MB goal, 0 MB stacks, 0 MB globals, 4 P
gc 1388 @40.870s 1%: 0.31+1.9+0.008 ms clock, 1.2+0.67/1.9/0.010+0.033 ms cpu, 3->3->1 MB, 4 MB goal, 0 MB stacks, 0 MB globals, 4 P
gc 1389 @40.876s 1%: 0.091+0.66+0.086 ms clock, 0.36+0.64/0.46/0+0.34 ms cpu, 3->3->1 MB, 4 MB goal, 0 MB stacks, 0 MB globals, 4 P
gc 1390 @40.881s 1%: 0.072+1.6+0.025 ms clock, 0.28+0.53/0.51/0+0.10 ms cpu, 3->3->1 MB, 4 MB goal, 0 MB stacks, 0 MB globals, 4 P
gc 1391 @40.886s 1%: 0.069+1.4+0.004 ms clock, 0.27+0.45/0.78/0+0.016 ms cpu, 3->3->1 MB, 4 MB goal, 0 MB stacks, 0 MB globals, 4 P
gc 1392 @40.891s 1%: 0.35+1.2+0.028 ms clock, 1.4+0.26/0.95/0+0.11 ms cpu, 3->3->1 MB, 4 MB goal, 0 MB stacks, 0 MB globals, 4 P
gc 1393 @40.896s 1%: 0.092+0.86+0.014 ms clock, 0.36+0.96/0.046/0+0.058 ms cpu, 3->3->1 MB, 4 MB goal, 0 MB stacks, 0 MB globals, 4 P
gc 1394 @40.901s 1%: 0.071+0.77+0.049 ms clock, 0.28+0.87/0.54/0+0.19 ms cpu, 3->3->1 MB, 4 MB goal, 0 MB stacks, 0 MB globals, 4 P
gc 1395 @40.906s 1%: 0.071+0.87+0.066 ms clock, 0.28+0.87/0.76/0+0.26 ms cpu, 3->3->1 MB, 4 MB goal, 0 MB stacks, 0 MB globals, 4 P
gc 1396 @40.911s 1%: 0.052+0.74+0.025 ms clock, 0.21+0.58/0.67/0+0.10 ms cpu, 3->3->1 MB, 4 MB goal, 0 MB stacks, 0 MB globals, 4 P
gc 1397 @40.916s 1%: 0.053+0.60+0.029 ms clock, 0.21+0.80/0.50/0+0.11 ms cpu, 3->3->1 MB, 4 MB goal, 0 MB stacks, 0 MB globals, 4 P
gc 1398 @40.920s 1%: 0.31+1.5+0.030 ms clock, 1.2+0.51/0.86/0+0.12 ms cpu, 3->3->1 MB, 4 MB goal, 0 MB stacks, 0 MB globals, 4 P
gc 1399 @40.926s 1%: 0.089+1.3+0.034 ms clock, 0.35+0.33/0.60/0+0.13 ms cpu, 3->3->1 MB, 4 MB goal, 0 MB stacks, 0 MB globals, 4 P
gc 1400 @40.931s 1%: 0.053+1.0+0.029 ms clock, 0.21+0.47/0.53/0+0.11 ms cpu, 3->3->1 MB, 4 MB goal, 0 MB stacks, 0 MB globals, 4 P
gc 1401 @40.936s 1%: 0.043+0.56+0.039 ms clock, 0.17+0.82/0.47/0+0.15 ms cpu, 3->3->1 MB, 4 MB goal, 0 MB stacks, 0 MB globals, 4 P
gc 1402 @40.941s 1%: 0.086+1.0+0.016 ms clock, 0.34+0.51/0.46/0+0.065 ms cpu, 3->3->1 MB, 4 MB goal, 0 MB stacks, 0 MB globals, 4 P
gc 1403 @40.946s 1%: 0.064+1.2+0.022 ms clock, 0.25+0.88/0.51/0+0.091 ms cpu, 3->3->1 MB, 4 MB goal, 0 MB stacks, 0 MB globals, 4 P
gc 1404 @40.951s 1%: 0.036+2.0+0.079 ms clock, 0.14+0.63/1.4/0+0.31 ms cpu, 3->3->1 MB, 4 MB goal, 0 MB stacks, 0 MB globals, 4 P
gc 1405 @40.957s 1%: 0.47+1.2+0.027 ms clock, 1.8+0.40/1.1/0+0.10 ms cpu, 3->3->1 MB, 4 MB goal, 0 MB stacks, 0 MB globals, 4 P
gc 1406 @40.962s 1%: 0.080+0.69+0.084 ms clock, 0.32+0.86/0.43/0+0.33 ms cpu, 3->3->1 MB, 4 MB goal, 0 MB stacks, 0 MB globals, 4 P
gc 1407 @40.967s 1%: 0.056+0.69+0.022 ms clock, 0.22+0.61/0.57/0+0.089 ms cpu, 3->3->1 MB, 4 MB goal, 0 MB stacks, 0 MB globals, 4 P
gc 1408 @40.972s 1%: 0.087+1.3+0.090 ms clock, 0.34+0.59/0.61/0+0.36 ms cpu, 3->3->1 MB, 4 MB goal, 0 MB stacks, 0 MB globals, 4 P
gc 1409 @40.977s 1%: 0.11+0.97+0.003 ms clock, 0.47+0.74/0.50/0+0.015 ms cpu, 3->3->1 MB, 4 MB goal, 0 MB stacks, 0 MB globals, 4 P
gc 1410 @40.982s 1%: 0.066+0.77+0.053 ms clock, 0.26+0.83/0.61/0+0.21 ms cpu, 3->3->1 MB, 4 MB goal, 0 MB stacks, 0 MB globals, 4 P
gc 1411 @40.987s 1%: 0.21+1.1+0.030 ms clock, 0.87+0.48/0.67/0.18+0.12 ms cpu, 3->3->1 MB, 4 MB goal, 0 MB stacks, 0 MB globals, 4 P
gc 1412 @40.991s 1%: 0.076+0.94+0.043 ms clock, 0.30+0.86/0.59/0+0.17 ms cpu, 3->3->1 MB, 4 MB goal, 0 MB stacks, 0 MB globals, 4 P
gc 1413 @40.996s 1%: 0.11+1.0+0.033 ms clock, 0.44+0.67/0.56/0+0.13 ms cpu, 3->3->1 MB, 4 MB goal, 0 MB stacks, 0 MB globals, 4 P
gc 1414 @41.001s 1%: 0.34+0.74+0.036 ms clock, 1.3+0.79/0.77/0+0.14 ms cpu, 3->3->1 MB, 4 MB goal, 0 MB stacks, 0 MB globals, 4 P
gc 1415 @41.006s 1%: 0.077+1.1+0.006 ms clock, 0.31+0.88/0.49/0+0.026 ms cpu, 3->3->1 MB, 4 MB goal, 0 MB stacks, 0 MB globals, 4 P
gc 1416 @41.011s 1%: 1.5+0.51+0.057 ms clock, 6.2+0.33/1.9/0+0.23 ms cpu, 3->3->1 MB, 4 MB goal, 0 MB stacks, 0 MB globals, 4 P
gc 1417 @41.017s 1%: 0.079+0.83+0.036 ms clock, 0.31+0.91/0/0+0.14 ms cpu, 3->3->1 MB, 4 MB goal, 0 MB stacks, 0 MB globals, 4 P
gc 1418 @41.021s 1%: 0.051+0.60+0.057 ms clock, 0.20+0.78/0.49/0+0.23 ms cpu, 3->3->1 MB, 4 MB goal, 0 MB stacks, 0 MB globals, 4 P
gc 1419 @41.026s 1%: 0.089+1.1+0.018 ms clock, 0.35+0.77/0.55/0+0.074 ms cpu, 3->3->1 MB, 4 MB goal, 0 MB stacks, 0 MB globals, 4 P
gc 1420 @41.031s 1%: 0.32+2.0+0.034 ms clock, 1.2+0.45/1.0/0+0.13 ms cpu, 3->3->1 MB, 4 MB goal, 0 MB stacks, 0 MB globals, 4 P
gc 1421 @41.037s 1%: 0.047+1.2+0.012 ms clock, 0.19+1.0/0/0+0.049 ms cpu, 3->3->1 MB, 4 MB goal, 0 MB stacks, 0 MB globals, 4 P
gc 1422 @41.042s 1%: 0.057+0.62+0.048 ms clock, 0.22+0.82/0.49/0+0.19 ms cpu, 3->3->1 MB, 4 MB goal, 0 MB stacks, 0 MB globals, 4 P
gc 1423 @41.046s 1%: 0.089+0.71+0.043 ms clock, 0.35+0.89/0.52/0+0.17 ms cpu, 3->3->1 MB, 4 MB goal, 0 MB stacks, 0 MB globals, 4 P
gc 1424 @41.051s 1%: 0.056+0.60+0.023 ms clock, 0.22+0.79/0.47/0+0.093 ms cpu, 3->3->1 MB, 4 MB goal, 0 MB stacks, 0 MB globals, 4 P
gc 1425 @41.056s 1%: 0.064+0.57+0.039 ms clock, 0.25+0.74/0.44/0+0.15 ms cpu, 3->3->1 MB, 4 MB goal, 0 MB stacks, 0 MB globals, 4 P
gc 1426 @41.061s 1%: 0.059+0.66+0.037 ms clock, 0.23+0.89/0.52/0+0.15 ms cpu, 3->3->1 MB, 4 MB goal, 0 MB stacks, 0 MB globals, 4 P
gc 1427 @41.066s 1%: 0.045+1.2+0.055 ms clock, 0.18+0.66/0.47/0+0.22 ms cpu, 3->3->1 MB, 4 MB goal, 0 MB stacks, 0 MB globals, 4 P
gc 1428 @41.071s 1%: 0.070+1.6+0.007 ms clock, 0.28+0.64/0.55/0+0.029 ms cpu, 3->3->1 MB, 4 MB goal, 0 MB stacks, 0 MB globals, 4 P
gc 1429 @41.076s 1%: 0.063+2.2+0.038 ms clock, 0.25+2.1/0.71/0+0.15 ms cpu, 3->3->1 MB, 4 MB goal, 0 MB stacks, 0 MB globals, 4 P
gc 1430 @41.082s 1%: 0.053+1.0+0.003 ms clock, 0.21+0.49/0.46/0+0.015 ms cpu, 3->3->1 MB, 4 MB goal, 0 MB stacks, 0 MB globals, 4 P
gc 1431 @41.087s 1%: 0.024+0.60+0.062 ms clock, 0.099+0.77/0.43/0+0.25 ms cpu, 3->3->1 MB, 4 MB goal, 0 MB stacks, 0 MB globals, 4 P
gc 1432 @41.092s 1%: 0.31+1.3+0.076 ms clock, 1.2+0.35/0.93/0+0.30 ms cpu, 3->3->1 MB, 4 MB goal, 0 MB stacks, 0 MB globals, 4 P
gc 1433 @41.097s 1%: 0.052+1.1+0.026 ms clock, 0.20+0.49/0.54/0+0.10 ms cpu, 3->3->1 MB, 4 MB goal, 0 MB stacks, 0 MB globals, 4 P
gc 1434 @41.102s 1%: 0.055+0.98+0.081 ms clock, 0.22+0.40/0.60/0+0.32 ms cpu, 3->3->1 MB, 4 MB goal, 0 MB stacks, 0 MB globals, 4 P
gc 1435 @41.107s 1%: 0.046+0.76+0.023 ms clock, 0.18+0.61/0.66/0+0.094 ms cpu, 3->3->1 MB, 4 MB goal, 0 MB stacks, 0 MB globals, 4 P
gc 1436 @41.112s 1%: 0.098+1.6+0.052 ms clock, 0.39+0.35/0.62/0+0.20 ms cpu, 3->3->1 MB, 4 MB goal, 0 MB stacks, 0 MB globals, 4 P
gc 1437 @41.117s 1%: 0.078+1.0+0.067 ms clock, 0.31+0.60/0.62/0+0.27 ms cpu, 3->3->1 MB, 4 MB goal, 0 MB stacks, 0 MB globals, 4 P
gc 1438 @41.122s 1%: 0.096+2.3+0.037 ms clock, 0.38+0.44/1.0/0+0.15 ms cpu, 3->3->1 MB, 4 MB goal, 0 MB stacks, 0 MB globals, 4 P
gc 1439 @41.127s 1%: 0.031+2.0+0.057 ms clock, 0.12+0.75/0.90/0+0.23 ms cpu, 3->3->1 MB, 4 MB goal, 0 MB stacks, 0 MB globals, 4 P
gc 1440 @41.133s 1%: 0.081+0.93+0.012 ms clock, 0.32+1.1/0/0+0.051 ms cpu, 3->3->1 MB, 4 MB goal, 0 MB stacks, 0 MB globals, 4 P
gc 1441 @41.138s 1%: 0.071+0.96+0.035 ms clock, 0.28+0.56/0.76/0+0.14 ms cpu, 3->3->1 MB, 4 MB goal, 0 MB stacks, 0 MB globals, 4 P
gc 1442 @41.143s 1%: 0.050+0.77+0.033 ms clock, 0.20+0.71/0.44/0+0.13 ms cpu, 3->3->1 MB, 4 MB goal, 0 MB stacks, 0 MB globals, 4 P
gc 1443 @41.148s 1%: 0.076+0.70+0.065 ms clock, 0.30+0.79/0.52/0+0.26 ms cpu, 3->3->1 MB, 4 MB goal, 0 MB stacks, 0 MB globals, 4 P
gc 1444 @41.152s 1%: 0.092+0.65+0.019 ms clock, 0.37+0.64/0.55/0+0.076 ms cpu, 3->3->1 MB, 4 MB goal, 0 MB stacks, 0 MB globals, 4 P
gc 1445 @41.157s 1%: 0.095+1.1+0.024 ms clock, 0.38+0.55/0.57/0+0.098 ms cpu, 3->3->1 MB, 4 MB goal, 0 MB stacks, 0 MB globals, 4 P
gc 1446 @41.162s 1%: 0.062+1.0+0.024 ms clock, 0.25+0.72/0.51/0+0.099 ms cpu, 3->3->1 MB, 4 MB goal, 0 MB stacks, 0 MB globals, 4 P
gc 1447 @41.167s 1%: 0.089+0.70+0.042 ms clock, 0.35+0.81/0.46/0+0.16 ms cpu, 3->3->1 MB, 4 MB goal, 0 MB stacks, 0 MB globals, 4 P
gc 1448 @41.173s 1%: 0.078+0.92+0.078 ms clock, 0.31+0.70/0.45/0+0.31 ms cpu, 3->3->1 MB, 4 MB goal, 0 MB stacks, 0 MB globals, 4 P
gc 1449 @41.178s 1%: 0.082+1.2+0.066 ms clock, 0.33+0.34/0.62/0+0.26 ms cpu, 3->3->1 MB, 4 MB goal, 0 MB stacks, 0 MB globals, 4 P
gc 1450 @41.183s 1%: 0.082+1.3+0.016 ms clock, 0.33+0.67/0.71/0+0.066 ms cpu, 3->3->1 MB, 4 MB goal, 0 MB stacks, 0 MB globals, 4 P
gc 1451 @41.188s 1%: 0.058+2.0+0.034 ms clock, 0.23+0.61/0.55/0+0.13 ms cpu, 3->3->1 MB, 4 MB goal, 0 MB stacks, 0 MB globals, 4 P
gc 1452 @41.193s 1%: 0.069+0.57+0.064 ms clock, 0.27+0.86/0.45/0+0.25 ms cpu, 3->3->1 MB, 4 MB goal, 0 MB stacks, 0 MB globals, 4 P
gc 1453 @41.198s 1%: 0.090+0.50+0.028 ms clock, 0.36+0.65/0.45/0+0.11 ms cpu, 3->3->1 MB, 4 MB goal, 0 MB stacks, 0 MB globals, 4 P
gc 1454 @41.203s 1%: 0.046+2.3+0.043 ms clock, 0.18+0.44/0.49/0.079+0.17 ms cpu, 3->4->1 MB, 4 MB goal, 0 MB stacks, 0 MB globals, 4 P
gc 1455 @41.208s 1%: 0.027+0.90+0.031 ms clock, 0.10+0.48/0.54/0+0.12 ms cpu, 3->3->1 MB, 4 MB goal, 0 MB stacks, 0 MB globals, 4 P
gc 1456 @41.213s 1%: 0.064+1.3+0.052 ms clock, 0.25+0.73/0.42/0+0.21 ms cpu, 3->3->1 MB, 4 MB goal, 0 MB stacks, 0 MB globals, 4 P
gc 1457 @41.219s 1%: 0.047+1.4+0.009 ms clock, 0.19+0.47/0.51/0+0.036 ms cpu, 3->3->1 MB, 4 MB goal, 0 MB stacks, 0 MB globals, 4 P
gc 1458 @41.224s 1%: 0.022+0.69+0.063 ms clock, 0.089+0.78/0.50/0+0.25 ms cpu, 3->3->1 MB, 4 MB goal, 0 MB stacks, 0 MB globals, 4 P
gc 1459 @41.229s 1%: 0.055+0.59+0.048 ms clock, 0.22+0.76/0.47/0+0.19 ms cpu, 3->3->1 MB, 4 MB goal, 0 MB stacks, 0 MB globals, 4 P
gc 1460 @41.233s 1%: 0.092+0.55+0.056 ms clock, 0.37+0.78/0.42/0+0.22 ms cpu, 3->3->1 MB, 4 MB goal, 0 MB stacks, 0 MB globals, 4 P
gc 1461 @41.238s 1%: 0.044+2.0+0.003 ms clock, 0.17+0.62/0.51/0+0.015 ms cpu, 3->3->1 MB, 4 MB goal, 0 MB stacks, 0 MB globals, 4 P
gc 1462 @41.244s 1%: 0.064+0.94+0.070 ms clock, 0.25+0.56/0.47/0+0.28 ms cpu, 3->3->1 MB, 4 MB goal, 0 MB stacks, 0 MB globals, 4 P
gc 1463 @41.249s 1%: 0.10+1.2+0.061 ms clock, 0.43+0.55/0.48/0+0.24 ms cpu, 3->3->1 MB, 4 MB goal, 0 MB stacks, 0 MB globals, 4 P
gc 1464 @41.254s 1%: 0.089+1.4+0.038 ms clock, 0.35+0.70/0.57/0+0.15 ms cpu, 3->3->1 MB, 4 MB goal, 0 MB stacks, 0 MB globals, 4 P
gc 1465 @41.259s 1%: 0.057+1.6+0.007 ms clock, 0.23+1.7/0.18/0+0.029 ms cpu, 3->3->1 MB, 4 MB goal, 0 MB stacks, 0 MB globals, 4 P
gc 1466 @41.264s 1%: 0.30+0.71+0.034 ms clock, 1.2+0.52/0.88/0+0.13 ms cpu, 3->3->1 MB, 4 MB goal, 0 MB stacks, 0 MB globals, 4 P
gc 1467 @41.269s 1%: 0.83+0.40+0.032 ms clock, 3.3+0.58/0.96/0+0.13 ms cpu, 3->3->1 MB, 4 MB goal, 0 MB stacks, 0 MB globals, 4 P
gc 1468 @41.274s 1%: 0.022+1.3+0.029 ms clock, 0.090+0.86/0.64/0+0.11 ms cpu, 3->3->1 MB, 4 MB goal, 0 MB stacks, 0 MB globals, 4 P
gc 1469 @41.279s 1%: 2.1+0.53+0.006 ms clock, 8.5+0.40/2.1/0+0.024 ms cpu, 3->3->1 MB, 4 MB goal, 0 MB stacks, 0 MB globals, 4 P
gc 1470 @41.284s 1%: 0.082+1.4+0.076 ms clock, 0.32+0.60/0.84/0+0.30 ms cpu, 3->3->1 MB, 4 MB goal, 0 MB stacks, 0 MB globals, 4 P
gc 1471 @41.289s 1%: 0.094+1.5+0.031 ms clock, 0.37+0.37/0.61/0+0.12 ms cpu, 3->3->1 MB, 4 MB goal, 0 MB stacks, 0 MB globals, 4 P
gc 1472 @41.294s 1%: 0.081+1.5+0.023 ms clock, 0.32+0.48/0.59/0+0.092 ms cpu, 3->3->1 MB, 4 MB goal, 0 MB stacks, 0 MB globals, 4 P
gc 1473 @41.299s 1%: 0.053+1.4+0.035 ms clock, 0.21+0.81/0.23/0+0.14 ms cpu, 3->3->1 MB, 4 MB goal, 0 MB stacks, 0 MB globals, 4 P
gc 1474 @41.304s 1%: 0.26+1.4+0.036 ms clock, 1.0+0.44/0.93/0+0.14 ms cpu, 3->3->1 MB, 4 MB goal, 0 MB stacks, 0 MB globals, 4 P
gc 1475 @41.310s 1%: 0.035+0.77+0.050 ms clock, 0.14+0.88/0.60/0+0.20 ms cpu, 3->3->1 MB, 4 MB goal, 0 MB stacks, 0 MB globals, 4 P
gc 1476 @41.315s 1%: 0.069+0.92+0.021 ms clock, 0.27+0.84/0.13/0+0.086 ms cpu, 3->3->1 MB, 4 MB goal, 0 MB stacks, 0 MB globals, 4 P
gc 1477 @41.320s 1%: 0.071+1.1+0.078 ms clock, 0.28+0.35/0.52/0+0.31 ms cpu, 3->3->1 MB, 4 MB goal, 0 MB stacks, 0 MB globals, 4 P
gc 1478 @41.325s 1%: 0.064+0.92+0.047 ms clock, 0.25+0.72/0.47/0+0.18 ms cpu, 3->3->1 MB, 4 MB goal, 0 MB stacks, 0 MB globals, 4 P
gc 1479 @41.330s 1%: 0.049+1.4+0.017 ms clock, 0.19+0.95/0.059/0+0.068 ms cpu, 3->3->1 MB, 4 MB goal, 0 MB stacks, 0 MB globals, 4 P
gc 1480 @41.335s 1%: 0.056+1.1+0.055 ms clock, 0.22+0.65/0.50/0+0.22 ms cpu, 3->3->1 MB, 4 MB goal, 0 MB stacks, 0 MB globals, 4 P
gc 1481 @41.340s 1%: 0.086+2.9+0.038 ms clock, 0.34+0.45/0.67/0+0.15 ms cpu, 3->4->1 MB, 4 MB goal, 0 MB stacks, 0 MB globals, 4 P
gc 1482 @41.346s 1%: 0.058+1.5+0.019 ms clock, 0.23+0.41/0.87/0+0.077 ms cpu, 3->4->1 MB, 4 MB goal, 0 MB stacks, 0 MB globals, 4 P
gc 1483 @41.351s 1%: 0.054+1.5+0.010 ms clock, 0.21+0.58/0.49/0+0.042 ms cpu, 3->3->1 MB, 4 MB goal, 0 MB stacks, 0 MB globals, 4 P
gc 1484 @41.356s 1%: 0.43+1.2+0.044 ms clock, 1.7+0.52/1.0/0+0.17 ms cpu, 3->3->1 MB, 4 MB goal, 0 MB stacks, 0 MB globals, 4 P
gc 1485 @41.361s 1%: 0.059+0.85+0.031 ms clock, 0.23+0.74/0.72/0+0.12 ms cpu, 3->3->1 MB, 4 MB goal, 0 MB stacks, 0 MB globals, 4 P
gc 1486 @41.366s 1%: 0.48+0.43+0.018 ms clock, 1.9+0.36/0.77/0+0.072 ms cpu, 3->3->1 MB, 4 MB goal, 0 MB stacks, 0 MB globals, 4 P
gc 1487 @41.371s 1%: 0.064+0.75+0.029 ms clock, 0.25+0.54/0.60/0+0.11 ms cpu, 3->3->1 MB, 4 MB goal, 0 MB stacks, 0 MB globals, 4 P
gc 1488 @41.376s 1%: 0.032+0.75+0.026 ms clock, 0.13+0.78/0.66/0+0.10 ms cpu, 3->3->1 MB, 4 MB goal, 0 MB stacks, 0 MB globals, 4 P
gc 1489 @41.381s 1%: 0.064+0.60+0.041 ms clock, 0.25+0.82/0.52/0+0.16 ms cpu, 3->3->1 MB, 4 MB goal, 0 MB stacks, 0 MB globals, 4 P
gc 1490 @41.386s 1%: 0.051+0.85+0.057 ms clock, 0.20+0.82/0.72/0+0.23 ms cpu, 3->3->1 MB, 4 MB goal, 0 MB stacks, 0 MB globals, 4 P
gc 1491 @41.391s 1%: 0.094+0.78+0.063 ms clock, 0.37+0.64/0.63/0+0.25 ms cpu, 3->3->1 MB, 4 MB goal, 0 MB stacks, 0 MB globals, 4 P
gc 1492 @41.396s 1%: 0.054+1.9+0.062 ms clock, 0.21+1.0/0/0+0.25 ms cpu, 3->3->1 MB, 4 MB goal, 0 MB stacks, 0 MB globals, 4 P
gc 1493 @41.401s 1%: 1.0+0.70+0.028 ms clock, 4.1+0.68/1.0/0+0.11 ms cpu, 3->3->1 MB, 4 MB goal, 0 MB stacks, 0 MB globals, 4 P
gc 1494 @41.407s 1%: 0.043+0.91+0.009 ms clock, 0.17+0.80/0.63/0+0.036 ms cpu, 3->3->1 MB, 4 MB goal, 0 MB stacks, 0 MB globals, 4 P
gc 1495 @41.411s 1%: 0.045+1.7+0.061 ms clock, 0.18+0.55/0.46/0+0.24 ms cpu, 3->3->1 MB, 4 MB goal, 0 MB stacks, 0 MB globals, 4 P
gc 1496 @41.417s 1%: 0.27+0.73+0.023 ms clock, 1.0+0.61/0.85/0+0.094 ms cpu, 3->3->1 MB, 4 MB goal, 0 MB stacks, 0 MB globals, 4 P
gc 1497 @41.422s 1%: 0.35+1.4+0.065 ms clock, 1.4+0.48/1.6/0.066+0.26 ms cpu, 3->3->1 MB, 4 MB goal, 0 MB stacks, 0 MB globals, 4 P
gc 1498 @41.427s 1%: 0.25+1.3+0.004 ms clock, 1.0+0.51/1.2/0.035+0.016 ms cpu, 3->3->1 MB, 4 MB goal, 0 MB stacks, 0 MB globals, 4 P
gc 1499 @41.432s 1%: 0.042+0.61+0.027 ms clock, 0.17+0.84/0.46/0+0.11 ms cpu, 3->3->1 MB, 4 MB goal, 0 MB stacks, 0 MB globals, 4 P
gc 1500 @41.437s 1%: 0.058+0.63+0.062 ms clock, 0.23+0.68/0.47/0+0.25 ms cpu, 3->3->1 MB, 4 MB goal, 0 MB stacks, 0 MB globals, 4 P
gc 1501 @41.442s 1%: 0.072+0.76+0.057 ms clock, 0.28+0.82/0.56/0+0.22 ms cpu, 3->3->1 MB, 4 MB goal, 0 MB stacks, 0 MB globals, 4 P
gc 1502 @41.447s 1%: 0.054+0.86+0.076 ms clock, 0.21+0.77/0.70/0+0.30 ms cpu, 3->3->1 MB, 4 MB goal, 0 MB stacks, 0 MB globals, 4 P
gc 1503 @41.451s 1%: 0.34+1.3+0.027 ms clock, 1.3+0.50/1.0/0+0.10 ms cpu, 3->3->1 MB, 4 MB goal, 0 MB stacks, 0 MB globals, 4 P
gc 1504 @41.457s 1%: 0.074+1.4+0.081 ms clock, 0.29+0.56/0.53/0+0.32 ms cpu, 3->3->1 MB, 4 MB goal, 0 MB stacks, 0 MB globals, 4 P
gc 1505 @41.462s 1%: 0.077+0.85+0.028 ms clock, 0.31+0.65/0.62/0+0.11 ms cpu, 3->3->1 MB, 4 MB goal, 0 MB stacks, 0 MB globals, 4 P
gc 1506 @41.466s 1%: 0.060+1.2+0.003 ms clock, 0.24+0.54/0.59/0+0.012 ms cpu, 3->3->1 MB, 4 MB goal, 0 MB stacks, 0 MB globals, 4 P
gc 1507 @41.471s 1%: 0.073+1.3+0.042 ms clock, 0.29+0.56/0.50/0+0.17 ms cpu, 3->3->1 MB, 4 MB goal, 0 MB stacks, 0 MB globals, 4 P
gc 1508 @41.477s 1%: 0.051+0.60+0.057 ms clock, 0.20+0.71/0.42/0+0.22 ms cpu, 3->3->1 MB, 4 MB goal, 0 MB stacks, 0 MB globals, 4 P
gc 1509 @41.482s 1%: 0.060+0.82+0.042 ms clock, 0.24+0.74/0.68/0+0.16 ms cpu, 3->3->1 MB, 4 MB goal, 0 MB stacks, 0 MB globals, 4 P
gc 1510 @41.486s 1%: 0.065+1.9+0.028 ms clock, 0.26+0.58/0.60/0+0.11 ms cpu, 3->3->1 MB, 4 MB goal, 0 MB stacks, 0 MB globals, 4 P
gc 1511 @41.492s 1%: 0.061+1.4+0.050 ms clock, 0.24+0.30/0.67/0+0.20 ms cpu, 3->3->1 MB, 4 MB goal, 0 MB stacks, 0 MB globals, 4 P
gc 1512 @41.497s 1%: 0.065+1.4+0.037 ms clock, 0.26+0.043/0.80/0+0.14 ms cpu, 3->3->1 MB, 4 MB goal, 0 MB stacks, 0 MB globals, 4 P
gc 1513 @41.502s 1%: 0.033+0.59+0.031 ms clock, 0.13+0.66/0.52/0+0.12 ms cpu, 3->3->1 MB, 4 MB goal, 0 MB stacks, 0 MB globals, 4 P
gc 1514 @41.507s 1%: 0.042+0.66+0.022 ms clock, 0.17+0.83/0.49/0+0.090 ms cpu, 3->3->1 MB, 4 MB goal, 0 MB stacks, 0 MB globals, 4 P
gc 1515 @41.512s 1%: 0.051+0.80+0.009 ms clock, 0.20+0.77/0.48/0+0.038 ms cpu, 3->3->1 MB, 4 MB goal, 0 MB stacks, 0 MB globals, 4 P
gc 1516 @41.517s 1%: 0.067+0.93+0.037 ms clock, 0.27+0.85/0.88/0.056+0.15 ms cpu, 3->3->1 MB, 4 MB goal, 0 MB stacks, 0 MB globals, 4 P
gc 1517 @41.522s 1%: 0.048+0.82+0.056 ms clock, 0.19+0.97/0.53/0+0.22 ms cpu, 3->3->1 MB, 4 MB goal, 0 MB stacks, 0 MB globals, 4 P
gc 1518 @41.528s 1%: 0.084+1.1+0.030 ms clock, 0.33+0.17/0.70/0+0.12 ms cpu, 3->3->1 MB, 4 MB goal, 0 MB stacks, 0 MB globals, 4 P
gc 1519 @41.532s 1%: 0.058+1.9+0.077 ms clock, 0.23+0.55/0.74/0+0.31 ms cpu, 3->3->1 MB, 4 MB goal, 0 MB stacks, 0 MB globals, 4 P
gc 1520 @41.538s 1%: 0.099+0.76+0.019 ms clock, 0.39+0.78/0.61/0+0.076 ms cpu, 3->3->1 MB, 4 MB goal, 0 MB stacks, 0 MB globals, 4 P
gc 1521 @41.543s 1%: 0.046+1.1+0.033 ms clock, 0.18+0.82/0.40/0+0.13 ms cpu, 3->3->1 MB, 4 MB goal, 0 MB stacks, 0 MB globals, 4 P
gc 1522 @41.548s 1%: 0.058+0.59+0.057 ms clock, 0.23+0.79/0.45/0+0.22 ms cpu, 3->3->1 MB, 4 MB goal, 0 MB stacks, 0 MB globals, 4 P
gc 1523 @41.553s 1%: 0.073+0.62+0.039 ms clock, 0.29+0.77/0.51/0+0.15 ms cpu, 3->3->1 MB, 4 MB goal, 0 MB stacks, 0 MB globals, 4 P
gc 1524 @41.557s 1%: 0.079+1.0+0.067 ms clock, 0.31+0.62/0.63/0+0.26 ms cpu, 3->3->1 MB, 4 MB goal, 0 MB stacks, 0 MB globals, 4 P
gc 1525 @41.563s 1%: 0.089+1.2+0.079 ms clock, 0.35+0.51/0.53/0+0.31 ms cpu, 3->3->1 MB, 4 MB goal, 0 MB stacks, 0 MB globals, 4 P
gc 1526 @41.568s 1%: 0.083+1.6+0.060 ms clock, 0.33+0.36/0.55/0+0.24 ms cpu, 3->3->1 MB, 4 MB goal, 0 MB stacks, 0 MB globals, 4 P
gc 1527 @41.573s 1%: 0.35+1.2+0.028 ms clock, 1.4+0.36/1.2/0+0.11 ms cpu, 3->3->1 MB, 4 MB goal, 0 MB stacks, 0 MB globals, 4 P
gc 1528 @41.578s 1%: 0.097+0.72+0.031 ms clock, 0.39+0.75/0.51/0+0.12 ms cpu, 3->3->1 MB, 4 MB goal, 0 MB stacks, 0 MB globals, 4 P
gc 1529 @41.583s 1%: 0.050+0.63+0.073 ms clock, 0.20+0.55/0.55/0+0.29 ms cpu, 3->3->1 MB, 4 MB goal, 0 MB stacks, 0 MB globals, 4 P
gc 1530 @41.588s 1%: 0.055+0.66+0.025 ms clock, 0.22+0.67/0.56/0+0.10 ms cpu, 3->3->1 MB, 4 MB goal, 0 MB stacks, 0 MB globals, 4 P
gc 1531 @41.593s 1%: 0.056+1.0+0.035 ms clock, 0.22+0.65/0.46/0+0.14 ms cpu, 3->3->1 MB, 4 MB goal, 0 MB stacks, 0 MB globals, 4 P
gc 1532 @41.598s 1%: 0.063+0.74+0.048 ms clock, 0.25+0.80/0.57/0+0.19 ms cpu, 3->3->1 MB, 4 MB goal, 0 MB stacks, 0 MB globals, 4 P
gc 1533 @41.603s 1%: 0.059+1.4+0.034 ms clock, 0.23+0.72/0.43/0+0.13 ms cpu, 3->3->1 MB, 4 MB goal, 0 MB stacks, 0 MB globals, 4 P
gc 1534 @41.608s 1%: 0.11+1.7+0.043 ms clock, 0.45+0.22/0.69/0+0.17 ms cpu, 3->3->1 MB, 4 MB goal, 0 MB stacks, 0 MB globals, 4 P
gc 1535 @41.613s 1%: 0.049+1.5+0.004 ms clock, 0.19+0.60/0.70/0+0.019 ms cpu, 3->3->1 MB, 4 MB goal, 0 MB stacks, 0 MB globals, 4 P
gc 1536 @41.618s 1%: 0.055+1.1+0.040 ms clock, 0.22+1.1/0.61/0+0.16 ms cpu, 3->3->1 MB, 4 MB goal, 0 MB stacks, 0 MB globals, 4 P
gc 1537 @41.623s 1%: 0.092+0.58+0.013 ms clock, 0.36+0.70/0.44/0+0.054 ms cpu, 3->3->1 MB, 4 MB goal, 0 MB stacks, 0 MB globals, 4 P
gc 1538 @41.628s 1%: 0.10+0.64+0.031 ms clock, 0.40+0.67/0.56/0+0.12 ms cpu, 3->3->1 MB, 4 MB goal, 0 MB stacks, 0 MB globals, 4 P
gc 1539 @41.633s 1%: 0.084+0.61+0.028 ms clock, 0.33+0.60/0.50/0+0.11 ms cpu, 3->3->1 MB, 4 MB goal, 0 MB stacks, 0 MB globals, 4 P
gc 1540 @41.638s 1%: 0.073+0.70+0.026 ms clock, 0.29+0.60/0.62/0+0.10 ms cpu, 3->3->1 MB, 4 MB goal, 0 MB stacks, 0 MB globals, 4 P
gc 1541 @41.643s 1%: 0.027+2.0+0.022 ms clock, 0.10+0.63/0.53/0+0.090 ms cpu, 3->3->1 MB, 4 MB goal, 0 MB stacks, 0 MB globals, 4 P
gc 1542 @41.648s 1%: 0.41+1.3+0.010 ms clock, 1.6+1.4/0.57/0+0.040 ms cpu, 3->3->1 MB, 4 MB goal, 0 MB stacks, 0 MB globals, 4 P
gc 1543 @41.653s 1%: 0.057+0.53+0.052 ms clock, 0.22+0.87/0.40/0+0.21 ms cpu, 3->3->1 MB, 4 MB goal, 0 MB stacks, 0 MB globals, 4 P
gc 1544 @41.658s 1%: 0.075+0.90+0.021 ms clock, 0.30+0.59/0.80/0+0.087 ms cpu, 3->3->1 MB, 4 MB goal, 0 MB stacks, 0 MB globals, 4 P
gc 1545 @41.663s 1%: 0.089+0.93+0.088 ms clock, 0.35+0.56/0.56/0+0.35 ms cpu, 3->3->1 MB, 4 MB goal, 0 MB stacks, 0 MB globals, 4 P
gc 1546 @41.668s 1%: 0.048+1.0+0.056 ms clock, 0.19+0.74/0.61/0+0.22 ms cpu, 3->3->1 MB, 4 MB goal, 0 MB stacks, 0 MB globals, 4 P
gc 1547 @41.673s 1%: 0.042+2.6+0.065 ms clock, 0.17+0.73/0.50/0+0.26 ms cpu, 3->4->1 MB, 4 MB goal, 0 MB stacks, 0 MB globals, 4 P
gc 1548 @41.678s 1%: 0.10+1.6+0.035 ms clock, 0.42+0.38/0.51/0+0.14 ms cpu, 3->3->1 MB, 4 MB goal, 0 MB stacks, 0 MB globals, 4 P
gc 1549 @41.684s 1%: 0.096+1.4+0.046 ms clock, 0.38+0.40/0.62/0+0.18 ms cpu, 3->3->1 MB, 4 MB goal, 0 MB stacks, 0 MB globals, 4 P
gc 1550 @41.689s 1%: 0.068+1.8+0.039 ms clock, 0.27+0.65/1.6/0+0.15 ms cpu, 3->4->1 MB, 4 MB goal, 0 MB stacks, 0 MB globals, 4 P
gc 1551 @41.694s 1%: 0.055+0.60+0.061 ms clock, 0.22+0.69/0.48/0+0.24 ms cpu, 3->3->1 MB, 4 MB goal, 0 MB stacks, 0 MB globals, 4 P
gc 1552 @41.699s 1%: 0.33+1.6+0.032 ms clock, 1.3+0.51/1.3/0+0.12 ms cpu, 3->3->1 MB, 4 MB goal, 0 MB stacks, 0 MB globals, 4 P
gc 1553 @41.704s 1%: 0.070+1.3+0.025 ms clock, 0.28+0.45/0.58/0+0.10 ms cpu, 3->3->1 MB, 4 MB goal, 0 MB stacks, 0 MB globals, 4 P
gc 1554 @41.709s 1%: 0.25+1.0+0.039 ms clock, 1.0+0.50/0.94/0+0.15 ms cpu, 3->3->1 MB, 4 MB goal, 0 MB stacks, 0 MB globals, 4 P
gc 1555 @41.714s 1%: 0.12+1.7+0.086 ms clock, 0.50+0.82/0.43/0+0.34 ms cpu, 3->3->1 MB, 4 MB goal, 0 MB stacks, 0 MB globals, 4 P
gc 1556 @41.720s 1%: 0.055+1.3+0.023 ms clock, 0.22+0.77/0.52/0+0.095 ms cpu, 3->3->1 MB, 4 MB goal, 0 MB stacks, 0 MB globals, 4 P
gc 1557 @41.725s 1%: 0.069+0.54+0.074 ms clock, 0.27+0.88/0.45/0+0.29 ms cpu, 3->3->1 MB, 4 MB goal, 0 MB stacks, 0 MB globals, 4 P
gc 1558 @41.730s 1%: 0.090+0.61+0.046 ms clock, 0.36+0.66/0.49/0+0.18 ms cpu, 3->3->1 MB, 4 MB goal, 0 MB stacks, 0 MB globals, 4 P
gc 1559 @41.734s 1%: 0.049+1.9+0.072 ms clock, 0.19+0.83/0.58/0+0.29 ms cpu, 3->4->1 MB, 4 MB goal, 0 MB stacks, 0 MB globals, 4 P
gc 1560 @41.740s 1%: 0.037+1.5+0.024 ms clock, 0.15+0.59/0.57/0+0.099 ms cpu, 3->3->1 MB, 4 MB goal, 0 MB stacks, 0 MB globals, 4 P
gc 1561 @41.745s 1%: 2.3+0.40+0.078 ms clock, 9.5+0.38/2.4/0+0.31 ms cpu, 3->3->1 MB, 4 MB goal, 0 MB stacks, 0 MB globals, 4 P
gc 1562 @41.750s 1%: 0.059+1.8+0.015 ms clock, 0.23+0.75/0.46/0+0.060 ms cpu, 3->3->1 MB, 4 MB goal, 0 MB stacks, 0 MB globals, 4 P
gc 1563 @41.755s 1%: 0.031+1.4+0.044 ms clock, 0.12+0.89/0.47/0+0.17 ms cpu, 3->3->1 MB, 4 MB goal, 0 MB stacks, 0 MB globals, 4 P
gc 1564 @41.761s 1%: 0.042+0.89+0.058 ms clock, 0.17+0.72/0.58/0+0.23 ms cpu, 3->3->1 MB, 4 MB goal, 0 MB stacks, 0 MB globals, 4 P
gc 1565 @41.766s 1%: 0.070+0.81+0.062 ms clock, 0.28+0.97/0.13/0+0.25 ms cpu, 3->3->1 MB, 4 MB goal, 0 MB stacks, 0 MB globals, 4 P
gc 1566 @41.771s 1%: 0.11+1.1+0.086 ms clock, 0.45+0.62/0.51/0+0.34 ms cpu, 3->3->1 MB, 4 MB goal, 0 MB stacks, 0 MB globals, 4 P
gc 1567 @41.776s 1%: 0.50+0.96+0.029 ms clock, 2.0+1.4/0.75/0+0.11 ms cpu, 3->3->1 MB, 4 MB goal, 0 MB stacks, 0 MB globals, 4 P
gc 1568 @41.781s 1%: 0.096+1.0+0.016 ms clock, 0.38+0.47/0.55/0+0.065 ms cpu, 3->3->1 MB, 4 MB goal, 0 MB stacks, 0 MB globals, 4 P
gc 1569 @41.786s 1%: 0.070+0.78+0.019 ms clock, 0.28+0.65/0.70/0+0.079 ms cpu, 3->3->1 MB, 4 MB goal, 0 MB stacks, 0 MB globals, 4 P
gc 1570 @41.791s 1%: 0.052+2.1+0.026 ms clock, 0.20+0.81/0.47/0+0.10 ms cpu, 3->3->1 MB, 4 MB goal, 0 MB stacks, 0 MB globals, 4 P
gc 1571 @41.796s 1%: 0.080+1.1+0.024 ms clock, 0.32+0.55/0.77/0+0.097 ms cpu, 3->3->1 MB, 4 MB goal, 0 MB stacks, 0 MB globals, 4 P
gc 1572 @41.801s 1%: 0.070+1.2+0.038 ms clock, 0.28+0.65/0.54/0+0.15 ms cpu, 3->3->1 MB, 4 MB goal, 0 MB stacks, 0 MB globals, 4 P
gc 1573 @41.806s 1%: 0.048+1.5+0.020 ms clock, 0.19+0.36/0.83/0+0.081 ms cpu, 3->3->1 MB, 4 MB goal, 0 MB stacks, 0 MB globals, 4 P
gc 1574 @41.811s 1%: 0.022+0.66+0.047 ms clock, 0.088+0.91/0.44/0+0.18 ms cpu, 3->3->1 MB, 4 MB goal, 0 MB stacks, 0 MB globals, 4 P
gc 1575 @41.816s 1%: 0.027+1.9+0.029 ms clock, 0.10+1.1/0.001/0+0.11 ms cpu, 3->3->1 MB, 4 MB goal, 0 MB stacks, 0 MB globals, 4 P
gc 1576 @41.821s 1%: 0.078+0.89+0.077 ms clock, 0.31+0.32/0.66/0+0.31 ms cpu, 3->3->1 MB, 4 MB goal, 0 MB stacks, 0 MB globals, 4 P
gc 1577 @41.826s 1%: 0.058+0.65+0.066 ms clock, 0.23+0.83/0.51/0+0.26 ms cpu, 3->3->1 MB, 4 MB goal, 0 MB stacks, 0 MB globals, 4 P
gc 1578 @41.831s 1%: 0.080+0.56+0.041 ms clock, 0.32+0.84/0.45/0+0.16 ms cpu, 3->3->1 MB, 4 MB goal, 0 MB stacks, 0 MB globals, 4 P
gc 1579 @41.836s 1%: 0.054+2.1+0.056 ms clock, 0.21+0.61/0.53/0+0.22 ms cpu, 3->3->1 MB, 4 MB goal, 0 MB stacks, 0 MB globals, 4 P
gc 1580 @41.841s 1%: 0.052+0.77+0.022 ms clock, 0.20+0.75/0.63/0+0.091 ms cpu, 3->3->1 MB, 4 MB goal, 0 MB stacks, 0 MB globals, 4 P
gc 1581 @41.846s 1%: 0.067+0.66+0.016 ms clock, 0.27+0.82/0.53/0+0.066 ms cpu, 3->3->1 MB, 4 MB goal, 0 MB stacks, 0 MB globals, 4 P
gc 1582 @41.852s 1%: 0.019+1.4+0.039 ms clock, 0.077+0.60/0.60/0+0.15 ms cpu, 3->3->1 MB, 4 MB goal, 0 MB stacks, 0 MB globals, 4 P
gc 1583 @41.857s 1%: 0.040+2.0+0.021 ms clock, 0.16+1.6/0.81/0+0.084 ms cpu, 3->3->1 MB, 4 MB goal, 0 MB stacks, 0 MB globals, 4 P
gc 1584 @41.862s 1%: 0.047+0.56+0.045 ms clock, 0.19+0.79/0.43/0+0.18 ms cpu, 3->3->1 MB, 4 MB goal, 0 MB stacks, 0 MB globals, 4 P
gc 1585 @41.867s 1%: 0.065+0.60+0.058 ms clock, 0.26+0.66/0.51/0+0.23 ms cpu, 3->3->1 MB, 4 MB goal, 0 MB stacks, 0 MB globals, 4 P
gc 1586 @41.872s 1%: 0.070+1.2+0.028 ms clock, 0.28+0.51/0.51/0+0.11 ms cpu, 3->3->1 MB, 4 MB goal, 0 MB stacks, 0 MB globals, 4 P
gc 1587 @41.877s 1%: 0.36+0.56+0.021 ms clock, 1.4+0.21/0.82/0+0.085 ms cpu, 3->3->1 MB, 4 MB goal, 0 MB stacks, 0 MB globals, 4 P
gc 1588 @41.881s 1%: 0.077+0.58+0.057 ms clock, 0.31+0.81/0.47/0+0.23 ms cpu, 3->3->1 MB, 4 MB goal, 0 MB stacks, 0 MB globals, 4 P
gc 1589 @41.886s 1%: 0.085+0.86+0.023 ms clock, 0.34+0.78/0.72/0+0.095 ms cpu, 3->3->1 MB, 4 MB goal, 0 MB stacks, 0 MB globals, 4 P
gc 1590 @41.891s 1%: 0.063+0.57+0.053 ms clock, 0.25+0.81/0.45/0+0.21 ms cpu, 3->3->1 MB, 4 MB goal, 0 MB stacks, 0 MB globals, 4 P
gc 1591 @41.896s 1%: 0.018+0.84+0.094 ms clock, 0.075+0.80/0.70/0+0.37 ms cpu, 3->3->1 MB, 4 MB goal, 0 MB stacks, 0 MB globals, 4 P
gc 1592 @41.901s 1%: 0.072+0.87+0.062 ms clock, 0.29+0.56/0.55/0+0.25 ms cpu, 3->3->1 MB, 4 MB goal, 0 MB stacks, 0 MB globals, 4 P
gc 1593 @41.906s 1%: 0.29+1.1+0.039 ms clock, 1.1+0.67/0.89/0.16+0.15 ms cpu, 3->3->1 MB, 4 MB goal, 0 MB stacks, 0 MB globals, 4 P
gc 1594 @41.911s 1%: 0.24+1.6+0.006 ms clock, 0.98+0.45/0.86/0.12+0.026 ms cpu, 3->3->1 MB, 4 MB goal, 0 MB stacks, 0 MB globals, 4 P
gc 1595 @41.916s 1%: 0.092+0.61+0.037 ms clock, 0.36+0.72/0.40/0+0.14 ms cpu, 3->3->1 MB, 4 MB goal, 0 MB stacks, 0 MB globals, 4 P
gc 1596 @41.921s 1%: 0.048+1.5+0.004 ms clock, 0.19+0.67/0.88/0+0.016 ms cpu, 3->3->1 MB, 4 MB goal, 0 MB stacks, 0 MB globals, 4 P
gc 1597 @41.926s 1%: 0.064+0.86+0.058 ms clock, 0.25+0.77/0.65/0+0.23 ms cpu, 3->3->1 MB, 4 MB goal, 0 MB stacks, 0 MB globals, 4 P
gc 1598 @41.931s 1%: 0.095+1.4+0.039 ms clock, 0.38+0.58/0.53/0+0.15 ms cpu, 3->3->1 MB, 4 MB goal, 0 MB stacks, 0 MB globals, 4 P
gc 1599 @41.937s 1%: 0.098+1.4+0.058 ms clock, 0.39+1.0/1.1/0+0.23 ms cpu, 3->3->1 MB, 4 MB goal, 0 MB stacks, 0 MB globals, 4 P
gc 1600 @41.942s 1%: 0.045+0.62+0.037 ms clock, 0.18+0.67/0.48/0+0.15 ms cpu, 3->3->1 MB, 4 MB goal, 0 MB stacks, 0 MB globals, 4 P
gc 1601 @41.947s 1%: 0.047+0.70+0.024 ms clock, 0.19+0.54/0.58/0+0.096 ms cpu, 3->3->1 MB, 4 MB goal, 0 MB stacks, 0 MB globals, 4 P
gc 1602 @41.952s 1%: 0.048+0.89+0.053 ms clock, 0.19+0.56/0.79/0+0.21 ms cpu, 3->3->1 MB, 4 MB goal, 0 MB stacks, 0 MB globals, 4 P
gc 1603 @41.956s 1%: 0.068+1.9+0.019 ms clock, 0.27+0.24/0.61/0+0.077 ms cpu, 3->3->1 MB, 4 MB goal, 0 MB stacks, 0 MB globals, 4 P
gc 1604 @41.962s 1%: 0.048+0.80+0.036 ms clock, 0.19+0.78/0.64/0+0.14 ms cpu, 3->3->1 MB, 4 MB goal, 0 MB stacks, 0 MB globals, 4 P
gc 1605 @41.967s 1%: 0.078+1.5+0.032 ms clock, 0.31+0.86/0.56/0+0.12 ms cpu, 3->3->1 MB, 4 MB goal, 0 MB stacks, 0 MB globals, 4 P
gc 1606 @41.972s 1%: 0.31+1.9+0.025 ms clock, 1.2+0.64/2.0/0.051+0.10 ms cpu, 3->3->1 MB, 4 MB goal, 0 MB stacks, 0 MB globals, 4 P
gc 1607 @41.977s 1%: 0.068+0.76+0.019 ms clock, 0.27+0.61/0.58/0+0.077 ms cpu, 3->3->1 MB, 4 MB goal, 0 MB stacks, 0 MB globals, 4 P
gc 1608 @41.982s 1%: 0.25+1.8+0.034 ms clock, 1.0+0.39/0.59/0+0.13 ms cpu, 3->3->1 MB, 4 MB goal, 0 MB stacks, 0 MB globals, 4 P
gc 1609 @41.988s 1%: 0.088+1.0+0.080 ms clock, 0.35+0.48/0.55/0+0.32 ms cpu, 3->3->1 MB, 4 MB goal, 0 MB stacks, 0 MB globals, 4 P
gc 1610 @41.993s 1%: 0.040+1.8+0.076 ms clock, 0.16+0.41/0.83/0+0.30 ms cpu, 3->3->1 MB, 4 MB goal, 0 MB stacks, 0 MB globals, 4 P
gc 1611 @41.998s 1%: 0.045+1.4+0.035 ms clock, 0.18+0.85/1.3/0.23+0.14 ms cpu, 3->3->1 MB, 4 MB goal, 0 MB stacks, 0 MB globals, 4 P
gc 1612 @42.003s 1%: 0.055+1.9+0.004 ms clock, 0.22+0.75/0.51/0+0.017 ms cpu, 3->3->1 MB, 4 MB goal, 0 MB stacks, 0 MB globals, 4 P
gc 1613 @42.009s 1%: 0.059+0.93+0.016 ms clock, 0.23+0.70/0.83/0+0.066 ms cpu, 3->3->1 MB, 4 MB goal, 0 MB stacks, 0 MB globals, 4 P
gc 1614 @42.013s 1%: 0.083+1.3+0.033 ms clock, 0.33+0.51/0.77/0+0.13 ms cpu, 3->3->1 MB, 4 MB goal, 0 MB stacks, 0 MB globals, 4 P
gc 1615 @42.019s 1%: 0.059+1.1+0.037 ms clock, 0.23+0.80/0.55/0+0.15 ms cpu, 3->3->1 MB, 4 MB goal, 0 MB stacks, 0 MB globals, 4 P
gc 1616 @42.024s 1%: 0.068+1.5+0.012 ms clock, 0.27+0.80/0.48/0+0.050 ms cpu, 3->3->1 MB, 4 MB goal, 0 MB stacks, 0 MB globals, 4 P
gc 1617 @42.029s 1%: 0.49+1.5+0.016 ms clock, 1.9+0.42/1.5/0.020+0.064 ms cpu, 3->3->1 MB, 4 MB goal, 0 MB stacks, 0 MB globals, 4 P
gc 1618 @42.034s 1%: 0.045+0.57+0.051 ms clock, 0.18+0.82/0.47/0+0.20 ms cpu, 3->3->1 MB, 4 MB goal, 0 MB stacks, 0 MB globals, 4 P
gc 1619 @42.039s 1%: 0.022+0.60+0.044 ms clock, 0.090+0.81/0.49/0+0.17 ms cpu, 3->3->1 MB, 4 MB goal, 0 MB stacks, 0 MB globals, 4 P
gc 1620 @42.044s 1%: 0.071+0.87+0.050 ms clock, 0.28+0.72/0.49/0+0.20 ms cpu, 3->3->1 MB, 4 MB goal, 0 MB stacks, 0 MB globals, 4 P
gc 1621 @42.049s 1%: 0.054+1.5+0.021 ms clock, 0.21+0.38/0.58/0+0.086 ms cpu, 3->3->1 MB, 4 MB goal, 0 MB stacks, 0 MB globals, 4 P
gc 1622 @42.054s 1%: 0.29+1.3+0.010 ms clock, 1.1+0.60/1.2/0.007+0.041 ms cpu, 3->3->1 MB, 4 MB goal, 0 MB stacks, 0 MB globals, 4 P
gc 1623 @42.059s 1%: 0.073+1.0+0.032 ms clock, 0.29+0.47/0.52/0+0.12 ms cpu, 3->3->1 MB, 4 MB goal, 0 MB stacks, 0 MB globals, 4 P
gc 1624 @42.064s 1%: 0.059+0.72+0.044 ms clock, 0.23+0.61/0.60/0+0.17 ms cpu, 3->3->1 MB, 4 MB goal, 0 MB stacks, 0 MB globals, 4 P
gc 1625 @42.069s 1%: 0.062+1.9+0.034 ms clock, 0.24+0.37/0.78/0+0.13 ms cpu, 3->3->1 MB, 4 MB goal, 0 MB stacks, 0 MB globals, 4 P
gc 1626 @42.075s 1%: 0.084+0.97+0.029 ms clock, 0.33+0.92/0.66/0+0.11 ms cpu, 3->3->1 MB, 4 MB goal, 0 MB stacks, 0 MB globals, 4 P
gc 1627 @42.079s 1%: 0.080+0.90+0.057 ms clock, 0.32+0.60/0.48/0+0.23 ms cpu, 3->3->1 MB, 4 MB goal, 0 MB stacks, 0 MB globals, 4 P
gc 1628 @42.085s 1%: 0.045+1.9+0.041 ms clock, 0.18+0.33/0.83/0.14+0.16 ms cpu, 3->4->1 MB, 4 MB goal, 0 MB stacks, 0 MB globals, 4 P
gc 1629 @42.090s 1%: 0.060+0.60+0.010 ms clock, 0.24+0.75/0.50/0+0.043 ms cpu, 3->3->1 MB, 4 MB goal, 0 MB stacks, 0 MB globals, 4 P
gc 1630 @42.095s 1%: 0.070+1.0+0.018 ms clock, 0.28+0.50/0.60/0+0.075 ms cpu, 3->3->1 MB, 4 MB goal, 0 MB stacks, 0 MB globals, 4 P
gc 1631 @42.100s 1%: 0.064+1.0+0.050 ms clock, 0.25+0.55/0.58/0+0.20 ms cpu, 3->3->1 MB, 4 MB goal, 0 MB stacks, 0 MB globals, 4 P
gc 1632 @42.105s 1%: 0.24+1.1+0.022 ms clock, 0.98+0.58/1.2/0+0.088 ms cpu, 3->3->1 MB, 4 MB goal, 0 MB stacks, 0 MB globals, 4 P
gc 1633 @42.110s 1%: 0.079+1.2+0.026 ms clock, 0.31+0.72/1.1/0.012+0.10 ms cpu, 3->3->1 MB, 4 MB goal, 0 MB stacks, 0 MB globals, 4 P
gc 1634 @42.115s 1%: 0.065+0.70+0.042 ms clock, 0.26+0.90/0.44/0+0.17 ms cpu, 3->3->1 MB, 4 MB goal, 0 MB stacks, 0 MB globals, 4 P
gc 1635 @42.120s 1%: 0.074+1.3+0.003 ms clock, 0.29+0.58/0.55/0+0.014 ms cpu, 3->3->1 MB, 4 MB goal, 0 MB stacks, 0 MB globals, 4 P
gc 1636 @42.125s 1%: 0.36+1.4+0.037 ms clock, 1.4+0.52/1.5/0+0.14 ms cpu, 3->3->1 MB, 4 MB goal, 0 MB stacks, 0 MB globals, 4 P
gc 1637 @42.130s 1%: 0.030+1.1+0.067 ms clock, 0.12+0.62/0.47/0+0.27 ms cpu, 3->3->1 MB, 4 MB goal, 0 MB stacks, 0 MB globals, 4 P
gc 1638 @42.135s 1%: 0.057+1.0+0.030 ms clock, 0.22+0.31/0.52/0+0.12 ms cpu, 3->3->1 MB, 4 MB goal, 0 MB stacks, 0 MB globals, 4 P
gc 1639 @42.140s 1%: 0.054+0.81+0.044 ms clock, 0.21+0.89/0.39/0+0.17 ms cpu, 3->3->1 MB, 4 MB goal, 0 MB stacks, 0 MB globals, 4 P
gc 1640 @42.145s 1%: 0.045+0.61+0.035 ms clock, 0.18+0.82/0.49/0+0.14 ms cpu, 3->3->1 MB, 4 MB goal, 0 MB stacks, 0 MB globals, 4 P
gc 1641 @42.150s 1%: 0.083+1.1+0.034 ms clock, 0.33+0.77/1.0/0+0.13 ms cpu, 3->3->1 MB, 4 MB goal, 0 MB stacks, 0 MB globals, 4 P
gc 1642 @42.155s 1%: 0.095+1.6+0.061 ms clock, 0.38+0.74/1.1/0+0.24 ms cpu, 3->3->1 MB, 4 MB goal, 0 MB stacks, 0 MB globals, 4 P
gc 1643 @42.160s 1%: 0.34+1.4+0.035 ms clock, 1.3+0.62/1.5/0.043+0.14 ms cpu, 3->3->1 MB, 4 MB goal, 0 MB stacks, 0 MB globals, 4 P
gc 1644 @42.166s 1%: 0.053+0.62+0.053 ms clock, 0.21+0.86/0.46/0+0.21 ms cpu, 3->3->1 MB, 4 MB goal, 0 MB stacks, 0 MB globals, 4 P
gc 1645 @42.171s 1%: 0.083+0.89+0.004 ms clock, 0.33+0.83/0.54/0+0.018 ms cpu, 3->3->1 MB, 4 MB goal, 0 MB stacks, 0 MB globals, 4 P
gc 1646 @42.176s 1%: 0.10+1.6+0.035 ms clock, 0.40+0.40/0.60/0+0.14 ms cpu, 3->3->1 MB, 4 MB goal, 0 MB stacks, 0 MB globals, 4 P
gc 1647 @42.181s 1%: 0.042+0.75+0.050 ms clock, 0.16+0.70/0.62/0+0.20 ms cpu, 3->3->1 MB, 4 MB goal, 0 MB stacks, 0 MB globals, 4 P
gc 1648 @42.186s 1%: 0.062+1.0+0.077 ms clock, 0.25+0.68/0.87/0+0.31 ms cpu, 3->3->1 MB, 4 MB goal, 0 MB stacks, 0 MB globals, 4 P
gc 1649 @42.191s 1%: 0.070+1.3+0.045 ms clock, 0.28+1.0/0.037/0+0.18 ms cpu, 3->3->1 MB, 4 MB goal, 0 MB stacks, 0 MB globals, 4 P
gc 1650 @42.196s 1%: 0.080+0.56+0.055 ms clock, 0.32+0.73/0.46/0+0.22 ms cpu, 3->3->1 MB, 4 MB goal, 0 MB stacks, 0 MB globals, 4 P
gc 1651 @42.201s 1%: 0.23+1.2+0.078 ms clock, 0.95+0.57/0.90/0+0.31 ms cpu, 3->3->1 MB, 4 MB goal, 0 MB stacks, 0 MB globals, 4 P
gc 1652 @42.206s 1%: 0.084+1.7+0.017 ms clock, 0.33+0.42/0.63/0+0.069 ms cpu, 3->3->1 MB, 4 MB goal, 0 MB stacks, 0 MB globals, 4 P
gc 1653 @42.211s 1%: 0.92+0.46+0.024 ms clock, 3.7+0.56/1.0/0+0.097 ms cpu, 3->3->1 MB, 4 MB goal, 0 MB stacks, 0 MB globals, 4 P
gc 1654 @42.216s 1%: 0.041+1.6+0.048 ms clock, 0.16+0.74/0.57/0+0.19 ms cpu, 3->3->1 MB, 4 MB goal, 0 MB stacks, 0 MB globals, 4 P
gc 1655 @42.221s 1%: 0.087+1.0+0.028 ms clock, 0.34+0.44/0.56/0+0.11 ms cpu, 3->3->1 MB, 4 MB goal, 0 MB stacks, 0 MB globals, 4 P
gc 1656 @42.226s 1%: 0.052+0.56+0.021 ms clock, 0.20+0.85/0.48/0+0.087 ms cpu, 3->3->1 MB, 4 MB goal, 0 MB stacks, 0 MB globals, 4 P
gc 1657 @42.231s 1%: 0.055+0.60+0.008 ms clock, 0.22+0.60/0.45/0+0.034 ms cpu, 3->3->1 MB, 4 MB goal, 0 MB stacks, 0 MB globals, 4 P
gc 1658 @42.236s 1%: 0.083+1.8+0.037 ms clock, 0.33+0.45/0.59/0+0.14 ms cpu, 3->3->1 MB, 4 MB goal, 0 MB stacks, 0 MB globals, 4 P
gc 1659 @42.241s 1%: 0.41+1.0+0.037 ms clock, 1.6+0.64/1.2/0+0.14 ms cpu, 3->3->1 MB, 4 MB goal, 0 MB stacks, 0 MB globals, 4 P
gc 1660 @42.246s 1%: 0.054+0.77+0.027 ms clock, 0.21+0.70/0.59/0+0.11 ms cpu, 3->3->1 MB, 4 MB goal, 0 MB stacks, 0 MB globals, 4 P
gc 1661 @42.251s 1%: 0.29+0.92+0.025 ms clock, 1.1+1.0/0.64/0+0.10 ms cpu, 3->3->1 MB, 4 MB goal, 0 MB stacks, 0 MB globals, 4 P
gc 1662 @42.256s 1%: 0.082+2.6+0.016 ms clock, 0.32+0.82/1.3/0+0.065 ms cpu, 3->4->1 MB, 4 MB goal, 0 MB stacks, 0 MB globals, 4 P
gc 1663 @42.261s 1%: 0.075+1.5+0.063 ms clock, 0.30+0.55/0.52/0+0.25 ms cpu, 3->3->1 MB, 4 MB goal, 0 MB stacks, 0 MB globals, 4 P
gc 1664 @42.267s 1%: 0.046+0.88+0.058 ms clock, 0.18+0.74/0.73/0+0.23 ms cpu, 3->3->1 MB, 4 MB goal, 0 MB stacks, 0 MB globals, 4 P
gc 1665 @42.272s 1%: 0.057+1.7+0.049 ms clock, 0.23+0.63/0.54/0+0.19 ms cpu, 3->3->1 MB, 4 MB goal, 0 MB stacks, 0 MB globals, 4 P
gc 1666 @42.277s 1%: 0.13+1.1+0.076 ms clock, 0.52+1.0/0.001/0+0.30 ms cpu, 3->3->1 MB, 4 MB goal, 0 MB stacks, 0 MB globals, 4 P
gc 1667 @42.282s 1%: 0.064+0.75+0.068 ms clock, 0.25+0.44/0.63/0+0.27 ms cpu, 3->3->1 MB, 4 MB goal, 0 MB stacks, 0 MB globals, 4 P
gc 1668 @42.287s 1%: 0.058+1.0+0.073 ms clock, 0.23+1.0/0.18/0+0.29 ms cpu, 3->3->1 MB, 4 MB goal, 0 MB stacks, 0 MB globals, 4 P
gc 1669 @42.292s 1%: 0.066+1.8+0.007 ms clock, 0.26+0.35/0.63/0+0.029 ms cpu, 3->3->1 MB, 4 MB goal, 0 MB stacks, 0 MB globals, 4 P
gc 1670 @42.297s 1%: 0.11+0.70+0.058 ms clock, 0.45+0.83/0.55/0+0.23 ms cpu, 3->3->1 MB, 4 MB goal, 0 MB stacks, 0 MB globals, 4 P
gc 1671 @42.302s 1%: 0.058+1.7+0.057 ms clock, 0.23+0.56/0.53/0+0.22 ms cpu, 3->3->1 MB, 4 MB goal, 0 MB stacks, 0 MB globals, 4 P
gc 1672 @42.308s 1%: 0.067+1.3+0.079 ms clock, 0.26+0.41/0.83/0+0.31 ms cpu, 3->3->1 MB, 4 MB goal, 0 MB stacks, 0 MB globals, 4 P
gc 1673 @42.312s 1%: 0.060+0.71+0.055 ms clock, 0.24+0.76/0.52/0+0.22 ms cpu, 3->3->1 MB, 4 MB goal, 0 MB stacks, 0 MB globals, 4 P
gc 1674 @42.317s 1%: 0.28+2.3+0.054 ms clock, 1.1+0.64/0.86/0+0.21 ms cpu, 3->3->1 MB, 4 MB goal, 0 MB stacks, 0 MB globals, 4 P
gc 1675 @42.322s 1%: 0.069+1.2+0.045 ms clock, 0.27+0.75/0.43/0+0.18 ms cpu, 3->3->1 MB, 4 MB goal, 0 MB stacks, 0 MB globals, 4 P
gc 1676 @42.327s 1%: 0.055+0.77+0.019 ms clock, 0.22+0.76/0.67/0+0.079 ms cpu, 3->3->1 MB, 4 MB goal, 0 MB stacks, 0 MB globals, 4 P
gc 1677 @42.332s 1%: 0.069+1.4+0.064 ms clock, 0.27+0.70/0.52/0+0.25 ms cpu, 3->3->1 MB, 4 MB goal, 0 MB stacks, 0 MB globals, 4 P
gc 1678 @42.337s 1%: 0.024+0.49+0.019 ms clock, 0.096+0.93/0.40/0+0.078 ms cpu, 3->3->0 MB, 4 MB goal, 0 MB stacks, 0 MB globals, 4 P
gc 1679 @42.342s 1%: 0.048+0.64+0.055 ms clock, 0.19+0.73/0.46/0+0.22 ms cpu, 3->3->1 MB, 4 MB goal, 0 MB stacks, 0 MB globals, 4 P
gc 1680 @42.347s 1%: 0.046+2.2+0.027 ms clock, 0.18+0.73/0.59/0+0.11 ms cpu, 3->4->1 MB, 4 MB goal, 0 MB stacks, 0 MB globals, 4 P
gc 1681 @42.353s 1%: 0.046+1.5+0.036 ms clock, 0.18+0.79/0.43/0+0.14 ms cpu, 3->3->1 MB, 4 MB goal, 0 MB stacks, 0 MB globals, 4 P
gc 1682 @42.358s 1%: 0.054+0.68+0.057 ms clock, 0.21+0.79/0.59/0+0.23 ms cpu, 3->3->1 MB, 4 MB goal, 0 MB stacks, 0 MB globals, 4 P
gc 1683 @42.363s 1%: 0.026+0.71+0.043 ms clock, 0.10+0.76/0.54/0+0.17 ms cpu, 3->3->1 MB, 4 MB goal, 0 MB stacks, 0 MB globals, 4 P
gc 1684 @42.368s 1%: 0.054+0.65+0.041 ms clock, 0.21+0.82/0.51/0+0.16 ms cpu, 3->3->1 MB, 4 MB goal, 0 MB stacks, 0 MB globals, 4 P
gc 1685 @42.372s 1%: 0.045+0.54+0.035 ms clock, 0.18+0.84/0.42/0+0.14 ms cpu, 3->3->1 MB, 4 MB goal, 0 MB stacks, 0 MB globals, 4 P
gc 1686 @42.377s 1%: 0.35+1.0+0.031 ms clock, 1.4+0.43/1.3/0+0.12 ms cpu, 3->3->1 MB, 4 MB goal, 0 MB stacks, 0 MB globals, 4 P
gc 1687 @42.382s 1%: 0.080+1.0+0.018 ms clock, 0.32+0.32/0.40/0.18+0.073 ms cpu, 3->3->1 MB, 4 MB goal, 0 MB stacks, 0 MB globals, 4 P
gc 1688 @42.388s 1%: 0.070+0.74+0.064 ms clock, 0.28+0.65/0.64/0+0.25 ms cpu, 3->3->1 MB, 4 MB goal, 0 MB stacks, 0 MB globals, 4 P
gc 1689 @42.392s 1%: 0.058+0.90+0.024 ms clock, 0.23+0.50/0.53/0+0.099 ms cpu, 3->3->1 MB, 4 MB goal, 0 MB stacks, 0 MB globals, 4 P
gc 1690 @42.397s 1%: 0.053+0.73+0.033 ms clock, 0.21+0.48/0.56/0+0.13 ms cpu, 3->3->1 MB, 4 MB goal, 0 MB stacks, 0 MB globals, 4 P
gc 1691 @42.402s 1%: 0.059+1.9+0.026 ms clock, 0.23+1.1/0.001/0+0.10 ms cpu, 3->3->1 MB, 4 MB goal, 0 MB stacks, 0 MB globals, 4 P
gc 1692 @42.407s 1%: 0.057+1.4+0.023 ms clock, 0.23+0.57/0.59/0+0.094 ms cpu, 3->3->1 MB, 4 MB goal, 0 MB stacks, 0 MB globals, 4 P
gc 1693 @42.413s 1%: 0.095+1.4+0.048 ms clock, 0.38+0.60/0.46/0+0.19 ms cpu, 3->3->1 MB, 4 MB goal, 0 MB stacks, 0 MB globals, 4 P
gc 1694 @42.418s 1%: 0.067+0.71+0.084 ms clock, 0.27+0.40/0.63/0+0.33 ms cpu, 3->3->1 MB, 4 MB goal, 0 MB stacks, 0 MB globals, 4 P
gc 1695 @42.423s 1%: 0.097+1.4+0.035 ms clock, 0.39+0.51/0.82/0+0.14 ms cpu, 3->3->1 MB, 4 MB goal, 0 MB stacks, 0 MB globals, 4 P
gc 1696 @42.428s 1%: 0.32+1.2+0.008 ms clock, 1.3+0.28/0.70/0+0.034 ms cpu, 3->3->1 MB, 4 MB goal, 0 MB stacks, 0 MB globals, 4 P
gc 1697 @42.433s 1%: 0.068+0.55+0.024 ms clock, 0.27+0.76/0.47/0+0.096 ms cpu, 3->3->1 MB, 4 MB goal, 0 MB stacks, 0 MB globals, 4 P
gc 1698 @42.438s 1%: 0.038+1.8+0.044 ms clock, 0.15+0.59/0.95/0+0.17 ms cpu, 3->3->1 MB, 4 MB goal, 0 MB stacks, 0 MB globals, 4 P
gc 1699 @42.443s 1%: 0.057+0.61+0.022 ms clock, 0.23+0.49/0.54/0+0.091 ms cpu, 3->3->1 MB, 4 MB goal, 0 MB stacks, 0 MB globals, 4 P
gc 1700 @42.448s 1%: 0.042+0.59+0.028 ms clock, 0.16+0.52/0.46/0+0.11 ms cpu, 3->3->1 MB, 4 MB goal, 0 MB stacks, 0 MB globals, 4 P
gc 1701 @42.453s 1%: 0.045+1.8+0.056 ms clock, 0.18+0.63/1.1/0+0.22 ms cpu, 3->3->1 MB, 4 MB goal, 0 MB stacks, 0 MB globals, 4 P
gc 1702 @42.458s 1%: 0.045+0.85+0.022 ms clock, 0.18+0.77/0.62/0+0.091 ms cpu, 3->3->1 MB, 4 MB goal, 0 MB stacks, 0 MB globals, 4 P
gc 1703 @42.463s 1%: 0.059+1.0+0.050 ms clock, 0.23+1.0/0/0+0.20 ms cpu, 3->3->1 MB, 4 MB goal, 0 MB stacks, 0 MB globals, 4 P
gc 1704 @42.468s 1%: 0.066+1.5+0.017 ms clock, 0.26+0.43/0.64/0+0.071 ms cpu, 3->3->1 MB, 4 MB goal, 0 MB stacks, 0 MB globals, 4 P
gc 1705 @42.473s 1%: 0.072+1.4+0.036 ms clock, 0.29+0.54/0.76/0+0.14 ms cpu, 3->3->1 MB, 4 MB goal, 0 MB stacks, 0 MB globals, 4 P
gc 1706 @42.478s 1%: 0.065+0.74+0.046 ms clock, 0.26+0.58/0.62/0+0.18 ms cpu, 3->3->1 MB, 4 MB goal, 0 MB stacks, 0 MB globals, 4 P
gc 1707 @42.483s 1%: 0.053+0.59+0.037 ms clock, 0.21+0.77/0.50/0+0.15 ms cpu, 3->3->1 MB, 4 MB goal, 0 MB stacks, 0 MB globals, 4 P
gc 1708 @42.488s 1%: 0.051+1.4+0.044 ms clock, 0.20+0.93/0.47/0+0.17 ms cpu, 3->3->1 MB, 4 MB goal, 0 MB stacks, 0 MB globals, 4 P
gc 1709 @42.493s 1%: 0.044+0.80+0.029 ms clock, 0.17+0.84/0.44/0+0.11 ms cpu, 3->3->1 MB, 4 MB goal, 0 MB stacks, 0 MB globals, 4 P
gc 1710 @42.498s 1%: 0.080+1.6+0.003 ms clock, 0.32+0.67/0.65/0+0.015 ms cpu, 3->3->1 MB, 4 MB goal, 0 MB stacks, 0 MB globals, 4 P
gc 1711 @42.503s 1%: 0.069+1.5+0.042 ms clock, 0.27+0.40/0.59/0+0.16 ms cpu, 3->3->1 MB, 4 MB goal, 0 MB stacks, 0 MB globals, 4 P
gc 1712 @42.508s 1%: 0.042+0.70+0.043 ms clock, 0.16+0.89/0.43/0+0.17 ms cpu, 3->3->1 MB, 4 MB goal, 0 MB stacks, 0 MB globals, 4 P
gc 1713 @42.513s 1%: 0.33+1.6+0.040 ms clock, 1.3+0.66/1.0/0.002+0.16 ms cpu, 3->3->1 MB, 4 MB goal, 0 MB stacks, 0 MB globals, 4 P
gc 1714 @42.519s 1%: 0.056+1.5+0.011 ms clock, 0.22+0.12/0.55/0+0.045 ms cpu, 3->3->1 MB, 4 MB goal, 0 MB stacks, 0 MB globals, 4 P
gc 1715 @42.524s 1%: 0.077+0.94+0.026 ms clock, 0.30+1.1/0/0+0.10 ms cpu, 3->3->1 MB, 4 MB goal, 0 MB stacks, 0 MB globals, 4 P
gc 1716 @42.529s 1%: 1.6+0.35+0.042 ms clock, 6.6+0.42/1.8/0+0.16 ms cpu, 3->3->1 MB, 4 MB goal, 0 MB stacks, 0 MB globals, 4 P
gc 1717 @42.534s 1%: 0.069+0.73+0.054 ms clock, 0.27+0.70/0.60/0+0.21 ms cpu, 3->3->1 MB, 4 MB goal, 0 MB stacks, 0 MB globals, 4 P
gc 1718 @42.539s 1%: 0.058+0.56+0.030 ms clock, 0.23+0.87/0.46/0+0.12 ms cpu, 3->3->1 MB, 4 MB goal, 0 MB stacks, 0 MB globals, 4 P
gc 1719 @42.544s 1%: 0.061+1.6+0.088 ms clock, 0.24+0.83/0.54/0+0.35 ms cpu, 3->3->1 MB, 4 MB goal, 0 MB stacks, 0 MB globals, 4 P
gc 1720 @42.549s 1%: 0.38+1.8+0.087 ms clock, 1.5+0.29/1.0/0.030+0.34 ms cpu, 3->3->1 MB, 4 MB goal, 0 MB stacks, 0 MB globals, 4 P
gc 1721 @42.554s 1%: 0.075+1.3+0.043 ms clock, 0.30+0.60/0.52/0+0.17 ms cpu, 3->3->1 MB, 4 MB goal, 0 MB stacks, 0 MB globals, 4 P
gc 1722 @42.559s 1%: 0.12+0.75+0.012 ms clock, 0.49+0.74/0.61/0+0.048 ms cpu, 3->3->1 MB, 4 MB goal, 0 MB stacks, 0 MB globals, 4 P
gc 1723 @42.564s 1%: 0.058+1.4+0.089 ms clock, 0.23+1.1/0.041/0+0.35 ms cpu, 3->3->1 MB, 4 MB goal, 0 MB stacks, 0 MB globals, 4 P
gc 1724 @42.569s 1%: 0.050+0.62+0.065 ms clock, 0.20+0.88/0.48/0+0.26 ms cpu, 3->3->1 MB, 4 MB goal, 0 MB stacks, 0 MB globals, 4 P
gc 1725 @42.574s 1%: 0.044+0.67+0.030 ms clock, 0.17+0.79/0.52/0+0.12 ms cpu, 3->3->1 MB, 4 MB goal, 0 MB stacks, 0 MB globals, 4 P
gc 1726 @42.579s 1%: 0.060+0.78+0.038 ms clock, 0.24+0.78/0.68/0+0.15 ms cpu, 3->3->1 MB, 4 MB goal, 0 MB stacks, 0 MB globals, 4 P
gc 1727 @42.584s 1%: 0.051+0.82+0.053 ms clock, 0.20+0.66/0.61/0+0.21 ms cpu, 3->3->1 MB, 4 MB goal, 0 MB stacks, 0 MB globals, 4 P
gc 1728 @42.589s 1%: 0.085+0.58+0.013 ms clock, 0.34+1.1/0.001/0+0.053 ms cpu, 3->3->1 MB, 4 MB goal, 0 MB stacks, 0 MB globals, 4 P
gc 1729 @42.593s 1%: 0.087+0.66+0.073 ms clock, 0.34+0.83/0.52/0+0.29 ms cpu, 3->3->1 MB, 4 MB goal, 0 MB stacks, 0 MB globals, 4 P
gc 1730 @42.598s 1%: 0.10+0.63+0.021 ms clock, 0.41+0.73/0.46/0+0.084 ms cpu, 3->3->1 MB, 4 MB goal, 0 MB stacks, 0 MB globals, 4 P
gc 1731 @42.603s 1%: 0.064+1.1+0.033 ms clock, 0.25+0.59/0.48/0+0.13 ms cpu, 3->3->1 MB, 4 MB goal, 0 MB stacks, 0 MB globals, 4 P
gc 1732 @42.608s 1%: 0.062+1.2+0.075 ms clock, 0.24+0.56/0.59/0+0.30 ms cpu, 3->3->1 MB, 4 MB goal, 0 MB stacks, 0 MB globals, 4 P
gc 1733 @42.613s 1%: 0.079+0.65+0.041 ms clock, 0.31+0.98/0.49/0+0.16 ms cpu, 3->3->1 MB, 4 MB goal, 0 MB stacks, 0 MB globals, 4 P
gc 1734 @42.618s 1%: 0.10+1.0+0.028 ms clock, 0.40+0.68/0.85/0.002+0.11 ms cpu, 3->3->1 MB, 4 MB goal, 0 MB stacks, 0 MB globals, 4 P
gc 1735 @42.623s 1%: 0.079+0.64+0.021 ms clock, 0.31+0.81/0.54/0+0.087 ms cpu, 3->3->1 MB, 4 MB goal, 0 MB stacks, 0 MB globals, 4 P
gc 1736 @42.628s 1%: 0.090+1.1+0.056 ms clock, 0.36+0.45/0.56/0+0.22 ms cpu, 3->3->1 MB, 4 MB goal, 0 MB stacks, 0 MB globals, 4 P
gc 1737 @42.633s 1%: 0.022+1.1+0.022 ms clock, 0.090+0.63/0.49/0+0.088 ms cpu, 3->3->1 MB, 4 MB goal, 0 MB stacks, 0 MB globals, 4 P
gc 1738 @42.638s 1%: 0.42+1.4+0.035 ms clock, 1.6+0.46/1.3/0.085+0.14 ms cpu, 3->3->1 MB, 4 MB goal, 0 MB stacks, 0 MB globals, 4 P
gc 1739 @42.644s 1%: 0.49+2.1+0.082 ms clock, 1.9+0.34/0.72/0+0.32 ms cpu, 3->4->1 MB, 4 MB goal, 0 MB stacks, 0 MB globals, 4 P
gc 1740 @42.649s 1%: 0.042+0.76+0.027 ms clock, 0.16+0.81/0.49/0+0.10 ms cpu, 3->3->1 MB, 4 MB goal, 0 MB stacks, 0 MB globals, 4 P
gc 1741 @42.654s 1%: 0.10+0.90+0.036 ms clock, 0.40+0.73/0.72/0+0.14 ms cpu, 3->3->1 MB, 4 MB goal, 0 MB stacks, 0 MB globals, 4 P
gc 1742 @42.659s 1%: 0.087+2.0+0.004 ms clock, 0.35+0.61/0.47/0+0.017 ms cpu, 3->3->1 MB, 4 MB goal, 0 MB stacks, 0 MB globals, 4 P
gc 1743 @42.664s 1%: 0.048+0.68+0.050 ms clock, 0.19+0.61/0.58/0+0.20 ms cpu, 3->3->1 MB, 4 MB goal, 0 MB stacks, 0 MB globals, 4 P
gc 1744 @42.669s 1%: 0.35+1.7+0.028 ms clock, 1.4+0.52/1.9/0+0.11 ms cpu, 3->3->1 MB, 4 MB goal, 0 MB stacks, 0 MB globals, 4 P
gc 1745 @42.674s 1%: 0.053+0.81+0.047 ms clock, 0.21+0.83/0.63/0+0.18 ms cpu, 3->3->1 MB, 4 MB goal, 0 MB stacks, 0 MB globals, 4 P
gc 1746 @42.679s 1%: 0.082+1.3+0.067 ms clock, 0.33+0.52/0.51/0+0.26 ms cpu, 3->3->1 MB, 4 MB goal, 0 MB stacks, 0 MB globals, 4 P
gc 1747 @42.685s 1%: 0.098+1.4+0.026 ms clock, 0.39+0.035/0.66/0+0.10 ms cpu, 3->3->1 MB, 4 MB goal, 0 MB stacks, 0 MB globals, 4 P
gc 1748 @42.690s 1%: 0.078+0.84+0.055 ms clock, 0.31+0.65/0.70/0+0.22 ms cpu, 3->3->1 MB, 4 MB goal, 0 MB stacks, 0 MB globals, 4 P
gc 1749 @42.695s 1%: 0.057+0.74+0.057 ms clock, 0.23+0.54/0.53/0+0.22 ms cpu, 3->3->1 MB, 4 MB goal, 0 MB stacks, 0 MB globals, 4 P
gc 1750 @42.699s 1%: 0.097+2.1+0.030 ms clock, 0.38+0.73/1.0/0.022+0.12 ms cpu, 3->3->1 MB, 4 MB goal, 0 MB stacks, 0 MB globals, 4 P
gc 1751 @42.705s 1%: 0.062+0.57+0.060 ms clock, 0.25+0.86/0.46/0+0.24 ms cpu, 3->3->1 MB, 4 MB goal, 0 MB stacks, 0 MB globals, 4 P
gc 1752 @42.710s 1%: 0.057+1.5+0.045 ms clock, 0.23+0.54/1.4/0+0.18 ms cpu, 3->3->1 MB, 4 MB goal, 0 MB stacks, 0 MB globals, 4 P
gc 1753 @42.715s 1%: 0.098+1.0+0.078 ms clock, 0.39+0.71/0.46/0+0.31 ms cpu, 3->3->1 MB, 4 MB goal, 0 MB stacks, 0 MB globals, 4 P
gc 1754 @42.720s 1%: 0.085+0.59+0.051 ms clock, 0.34+0.80/0.49/0+0.20 ms cpu, 3->3->1 MB, 4 MB goal, 0 MB stacks, 0 MB globals, 4 P
gc 1755 @42.725s 1%: 0.33+1.6+0.014 ms clock, 1.3+0.84/1.7/0+0.059 ms cpu, 3->3->1 MB, 4 MB goal, 0 MB stacks, 0 MB globals, 4 P
gc 1756 @42.730s 1%: 2.5+0.75+0.004 ms clock, 10+0.41/2.7/0+0.016 ms cpu, 3->3->1 MB, 4 MB goal, 0 MB stacks, 0 MB globals, 4 P
gc 1757 @42.735s 1%: 0.066+1.8+0.004 ms clock, 0.26+0.39/0.92/0+0.016 ms cpu, 3->3->1 MB, 4 MB goal, 0 MB stacks, 0 MB globals, 4 P
gc 1758 @42.740s 1%: 0.052+1.9+0.051 ms clock, 0.20+0.68/1.8/0.065+0.20 ms cpu, 3->3->1 MB, 4 MB goal, 0 MB stacks, 0 MB globals, 4 P
gc 1759 @42.745s 1%: 0.060+0.87+0.027 ms clock, 0.24+0.71/0.58/0+0.11 ms cpu, 3->3->1 MB, 4 MB goal, 0 MB stacks, 0 MB globals, 4 P
gc 1760 @42.750s 1%: 0.069+0.82+0.037 ms clock, 0.27+0.53/0.66/0+0.14 ms cpu, 3->3->1 MB, 4 MB goal, 0 MB stacks, 0 MB globals, 4 P
gc 1761 @42.755s 1%: 0.066+1.8+0.026 ms clock, 0.26+0.70/0.59/0+0.10 ms cpu, 3->3->1 MB, 4 MB goal, 0 MB stacks, 0 MB globals, 4 P
gc 1762 @42.760s 1%: 0.049+0.87+0.058 ms clock, 0.19+1.0/0.020/0+0.23 ms cpu, 3->3->1 MB, 4 MB goal, 0 MB stacks, 0 MB globals, 4 P
gc 1763 @42.765s 1%: 0.061+1.3+0.084 ms clock, 0.24+0.82/0.39/0+0.33 ms cpu, 3->3->1 MB, 4 MB goal, 0 MB stacks, 0 MB globals, 4 P
gc 1764 @42.770s 1%: 0.066+0.60+0.022 ms clock, 0.26+0.84/0.49/0+0.089 ms cpu, 3->3->1 MB, 4 MB goal, 0 MB stacks, 0 MB globals, 4 P
gc 1765 @42.775s 1%: 0.067+0.49+0.021 ms clock, 0.27+0.72/0.42/0+0.087 ms cpu, 3->3->1 MB, 4 MB goal, 0 MB stacks, 0 MB globals, 4 P
gc 1766 @42.780s 1%: 0.096+1.7+0.009 ms clock, 0.38+0.61/0.55/0+0.038 ms cpu, 3->3->1 MB, 4 MB goal, 0 MB stacks, 0 MB globals, 4 P
gc 1767 @42.785s 1%: 0.078+1.9+0.089 ms clock, 0.31+0.60/0.77/0+0.35 ms cpu, 3->3->1 MB, 4 MB goal, 0 MB stacks, 0 MB globals, 4 P
gc 1768 @42.791s 1%: 0.32+1.2+0.037 ms clock, 1.3+0.19/0.44/0.34+0.15 ms cpu, 3->3->1 MB, 4 MB goal, 0 MB stacks, 0 MB globals, 4 P
gc 1769 @42.796s 1%: 0.078+1.6+0.009 ms clock, 0.31+0.41/0.75/0+0.037 ms cpu, 3->3->1 MB, 4 MB goal, 0 MB stacks, 0 MB globals, 4 P
gc 1770 @42.801s 1%: 0.050+0.55+0.024 ms clock, 0.20+0.52/0.47/0+0.096 ms cpu, 3->3->1 MB, 4 MB goal, 0 MB stacks, 0 MB globals, 4 P
gc 1771 @42.806s 1%: 0.059+0.64+0.036 ms clock, 0.23+0.51/0.48/0.086+0.14 ms cpu, 3->3->1 MB, 4 MB goal, 0 MB stacks, 0 MB globals, 4 P
gc 1772 @42.811s 1%: 0.075+1.0+0.010 ms clock, 0.30+0.63/0.47/0+0.041 ms cpu, 3->3->1 MB, 4 MB goal, 0 MB stacks, 0 MB globals, 4 P
gc 1773 @42.816s 1%: 0.080+1.4+0.021 ms clock, 0.32+0.48/0.48/0+0.086 ms cpu, 3->3->1 MB, 4 MB goal, 0 MB stacks, 0 MB globals, 4 P
gc 1774 @42.821s 1%: 0.060+1.0+0.025 ms clock, 0.24+0.84/0.52/0+0.10 ms cpu, 3->3->1 MB, 4 MB goal, 0 MB stacks, 0 MB globals, 4 P
gc 1775 @42.826s 1%: 0.053+1.5+0.034 ms clock, 0.21+0.60/0.50/0+0.13 ms cpu, 3->3->1 MB, 4 MB goal, 0 MB stacks, 0 MB globals, 4 P
gc 1776 @42.831s 1%: 0.038+0.73+0.044 ms clock, 0.15+0.54/0.61/0+0.17 ms cpu, 3->3->1 MB, 4 MB goal, 0 MB stacks, 0 MB globals, 4 P
gc 1777 @42.836s 1%: 0.076+0.59+0.062 ms clock, 0.30+0.84/0.51/0+0.25 ms cpu, 3->3->1 MB, 4 MB goal, 0 MB stacks, 0 MB globals, 4 P
gc 1778 @42.841s 1%: 0.038+1.5+0.080 ms clock, 0.15+0.81/0.51/0+0.32 ms cpu, 3->3->1 MB, 4 MB goal, 0 MB stacks, 0 MB globals, 4 P
gc 1779 @42.846s 1%: 0.089+0.51+0.066 ms clock, 0.35+0.78/0.47/0+0.26 ms cpu, 3->3->1 MB, 4 MB goal, 0 MB stacks, 0 MB globals, 4 P
gc 1780 @42.851s 1%: 0.10+1.4+0.050 ms clock, 0.43+0.76/0.44/0+0.20 ms cpu, 3->3->1 MB, 4 MB goal, 0 MB stacks, 0 MB globals, 4 P
gc 1781 @42.856s 1%: 0.079+0.96+0.043 ms clock, 0.31+0.45/0.56/0+0.17 ms cpu, 3->3->1 MB, 4 MB goal, 0 MB stacks, 0 MB globals, 4 P
gc 1782 @42.861s 1%: 0.068+0.79+0.057 ms clock, 0.27+0.76/0.64/0+0.23 ms cpu, 3->3->1 MB, 4 MB goal, 0 MB stacks, 0 MB globals, 4 P
gc 1783 @42.866s 1%: 0.072+1.6+0.036 ms clock, 0.29+0.58/0.45/0.089+0.14 ms cpu, 3->3->1 MB, 4 MB goal, 0 MB stacks, 0 MB globals, 4 P
gc 1784 @42.871s 1%: 0.035+0.68+0.024 ms clock, 0.14+0.86/0.40/0.021+0.098 ms cpu, 3->3->1 MB, 4 MB goal, 0 MB stacks, 0 MB globals, 4 P
gc 1785 @42.876s 1%: 0.062+0.80+0.041 ms clock, 0.24+0.82/0.64/0+0.16 ms cpu, 3->3->1 MB, 4 MB goal, 0 MB stacks, 0 MB globals, 4 P
gc 1786 @42.881s 1%: 0.076+1.0+0.028 ms clock, 0.30+0.74/0.56/0+0.11 ms cpu, 3->3->1 MB, 4 MB goal, 0 MB stacks, 0 MB globals, 4 P
gc 1787 @42.886s 1%: 0.067+1.5+0.31 ms clock, 0.26+0.50/0.50/0+1.2 ms cpu, 3->3->1 MB, 4 MB goal, 0 MB stacks, 0 MB globals, 4 P
gc 1788 @42.891s 1%: 0.052+1.6+0.079 ms clock, 0.20+0.51/0.62/0+0.31 ms cpu, 3->3->1 MB, 4 MB goal, 0 MB stacks, 0 MB globals, 4 P
gc 1789 @42.897s 1%: 0.096+0.95+0.050 ms clock, 0.38+0.52/0.52/0+0.20 ms cpu, 3->3->1 MB, 4 MB goal, 0 MB stacks, 0 MB globals, 4 P
gc 1790 @42.901s 1%: 0.065+0.97+0.031 ms clock, 0.26+1.0/0.68/0+0.12 ms cpu, 3->3->1 MB, 4 MB goal, 0 MB stacks, 0 MB globals, 4 P
gc 1791 @42.906s 1%: 0.049+0.53+0.031 ms clock, 0.19+0.70/0.41/0+0.12 ms cpu, 3->3->1 MB, 4 MB goal, 0 MB stacks, 0 MB globals, 4 P
gc 1792 @42.911s 1%: 0.047+1.7+0.071 ms clock, 0.18+0.87/0.44/0+0.28 ms cpu, 3->3->1 MB, 4 MB goal, 0 MB stacks, 0 MB globals, 4 P
gc 1793 @42.917s 1%: 1.7+0.36+0.029 ms clock, 6.9+0.88/1.7/0+0.11 ms cpu, 3->4->1 MB, 4 MB goal, 0 MB stacks, 0 MB globals, 4 P
gc 1794 @42.922s 1%: 0.057+1.0+0.028 ms clock, 0.22+0.47/0.72/0+0.11 ms cpu, 3->3->1 MB, 4 MB goal, 0 MB stacks, 0 MB globals, 4 P
gc 1795 @42.927s 1%: 0.038+1.2+0.059 ms clock, 0.15+0.52/0.62/0+0.23 ms cpu, 3->3->1 MB, 4 MB goal, 0 MB stacks, 0 MB globals, 4 P
gc 1796 @42.932s 1%: 0.041+0.90+0.052 ms clock, 0.16+0.70/0.70/0+0.20 ms cpu, 3->3->1 MB, 4 MB goal, 0 MB stacks, 0 MB globals, 4 P
gc 1797 @42.937s 1%: 0.088+1.2+0.030 ms clock, 0.35+0.55/0.54/0+0.12 ms cpu, 3->3->1 MB, 4 MB goal, 0 MB stacks, 0 MB globals, 4 P
gc 1798 @42.942s 1%: 0.052+0.55+0.026 ms clock, 0.20+0.86/0.44/0+0.10 ms cpu, 3->3->1 MB, 4 MB goal, 0 MB stacks, 0 MB globals, 4 P
gc 1799 @42.947s 1%: 0.11+1.7+0.027 ms clock, 0.45+0.23/0.75/0+0.10 ms cpu, 3->3->1 MB, 4 MB goal, 0 MB stacks, 0 MB globals, 4 P
gc 1800 @42.953s 1%: 0.10+1.7+0.006 ms clock, 0.43+1.0/0/0+0.027 ms cpu, 3->3->1 MB, 4 MB goal, 0 MB stacks, 0 MB globals, 4 P
gc 1801 @42.958s 1%: 0.050+0.55+0.025 ms clock, 0.20+0.72/0.44/0+0.10 ms cpu, 3->3->1 MB, 4 MB goal, 0 MB stacks, 0 MB globals, 4 P
gc 1802 @42.963s 1%: 0.018+0.76+0.035 ms clock, 0.073+0.69/0.56/0+0.14 ms cpu, 3->3->1 MB, 4 MB goal, 0 MB stacks, 0 MB globals, 4 P
gc 1803 @42.967s 1%: 0.30+0.55+0.031 ms clock, 1.2+0.38/0.75/0+0.12 ms cpu, 3->3->1 MB, 4 MB goal, 0 MB stacks, 0 MB globals, 4 P
gc 1804 @42.972s 1%: 0.066+0.94+0.026 ms clock, 0.26+0.87/0.91/0.017+0.10 ms cpu, 3->3->1 MB, 4 MB goal, 0 MB stacks, 0 MB globals, 4 P
gc 1805 @42.977s 1%: 0.035+1.0+0.067 ms clock, 0.14+0.47/0.51/0+0.26 ms cpu, 3->3->1 MB, 4 MB goal, 0 MB stacks, 0 MB globals, 4 P
gc 1806 @42.983s 1%: 0.29+1.7+0.060 ms clock, 1.1+0.78/0.82/0+0.24 ms cpu, 3->3->1 MB, 4 MB goal, 0 MB stacks, 0 MB globals, 4 P
gc 1807 @42.988s 1%: 0.41+1.9+0.042 ms clock, 1.6+0.63/1.2/0+0.17 ms cpu, 3->4->1 MB, 4 MB goal, 0 MB stacks, 0 MB globals, 4 P
gc 1808 @42.993s 1%: 0.056+1.1+0.026 ms clock, 0.22+0.69/0.57/0+0.10 ms cpu, 3->3->1 MB, 4 MB goal, 0 MB stacks, 0 MB globals, 4 P
gc 1809 @42.998s 1%: 0.080+0.53+0.032 ms clock, 0.32+0.62/0.47/0+0.13 ms cpu, 3->3->1 MB, 4 MB goal, 0 MB stacks, 0 MB globals, 4 P
gc 1810 @43.003s 1%: 0.36+0.58+0.037 ms clock, 1.4+0.61/0.84/0+0.15 ms cpu, 3->3->1 MB, 4 MB goal, 0 MB stacks, 0 MB globals, 4 P
gc 1811 @43.008s 1%: 0.26+1.2+0.026 ms clock, 1.0+0.51/0.92/0+0.10 ms cpu, 3->3->1 MB, 4 MB goal, 0 MB stacks, 0 MB globals, 4 P
gc 1812 @43.013s 1%: 0.071+1.0+0.055 ms clock, 0.28+0.51/0.69/0+0.22 ms cpu, 3->3->1 MB, 4 MB goal, 0 MB stacks, 0 MB globals, 4 P
gc 1813 @43.024s 1%: 0.23+1.9+0.048 ms clock, 0.94+0/0.44/1.9+0.19 ms cpu, 3->4->2 MB, 4 MB goal, 0 MB stacks, 0 MB globals, 4 P
gc 1814 @43.028s 1%: 0.071+0.66+0.007 ms clock, 0.28+0.63/0.54/0+0.028 ms cpu, 4->4->1 MB, 5 MB goal, 0 MB stacks, 0 MB globals, 4 P
gc 1815 @43.031s 1%: 0.043+2.2+0.075 ms clock, 0.17+0.36/0.53/0+0.30 ms cpu, 3->3->1 MB, 4 MB goal, 0 MB stacks, 0 MB globals, 4 P
gc 1816 @43.037s 1%: 0.096+1.5+0.040 ms clock, 0.38+0.52/0.55/0+0.16 ms cpu, 3->3->1 MB, 4 MB goal, 0 MB stacks, 0 MB globals, 4 P
gc 1817 @43.042s 1%: 0.076+1.3+0.004 ms clock, 0.30+0.38/0.68/0+0.017 ms cpu, 3->3->1 MB, 4 MB goal, 0 MB stacks, 0 MB globals, 4 P
gc 1818 @43.047s 1%: 0.32+1.5+0.13 ms clock, 1.2+0.43/0.90/0.20+0.54 ms cpu, 3->4->1 MB, 4 MB goal, 0 MB stacks, 0 MB globals, 4 P
gc 1819 @43.052s 1%: 0.056+1.1+0.031 ms clock, 0.22+0.43/0.57/0+0.12 ms cpu, 3->3->1 MB, 4 MB goal, 0 MB stacks, 0 MB globals, 4 P
gc 1820 @43.057s 1%: 0.25+1.4+0.034 ms clock, 1.0+0.75/1.1/0+0.13 ms cpu, 3->3->1 MB, 4 MB goal, 0 MB stacks, 0 MB globals, 4 P
gc 1821 @43.063s 1%: 0.077+0.80+0.062 ms clock, 0.30+0.74/0.66/0+0.24 ms cpu, 3->3->1 MB, 4 MB goal, 0 MB stacks, 0 MB globals, 4 P
gc 1822 @43.067s 1%: 0.074+0.54+0.071 ms clock, 0.29+0.82/0.42/0+0.28 ms cpu, 3->3->1 MB, 4 MB goal, 0 MB stacks, 0 MB globals, 4 P
gc 1823 @43.072s 1%: 0.091+2.2+0.055 ms clock, 0.36+0.50/0.54/0+0.22 ms cpu, 3->3->1 MB, 4 MB goal, 0 MB stacks, 0 MB globals, 4 P
gc 1824 @43.077s 1%: 0.048+0.48+0.041 ms clock, 0.19+0.75/0.39/0+0.16 ms cpu, 3->3->1 MB, 4 MB goal, 0 MB stacks, 0 MB globals, 4 P
gc 1825 @43.082s 1%: 0.052+0.73+0.060 ms clock, 0.21+0.78/0.59/0+0.24 ms cpu, 3->3->1 MB, 4 MB goal, 0 MB stacks, 0 MB globals, 4 P
gc 1826 @43.087s 1%: 0.067+0.74+0.056 ms clock, 0.26+0.82/0.54/0+0.22 ms cpu, 3->3->1 MB, 4 MB goal, 0 MB stacks, 0 MB globals, 4 P
gc 1827 @43.092s 1%: 0.090+0.93+0.003 ms clock, 0.36+0.60/0.62/0+0.014 ms cpu, 3->3->1 MB, 4 MB goal, 0 MB stacks, 0 MB globals, 4 P
gc 1828 @43.097s 1%: 0.12+0.84+0.075 ms clock, 0.50+0.72/0.64/0+0.30 ms cpu, 3->3->1 MB, 4 MB goal, 0 MB stacks, 0 MB globals, 4 P
gc 1829 @43.102s 1%: 0.049+0.79+0.069 ms clock, 0.19+0.77/0.69/0+0.27 ms cpu, 3->3->1 MB, 4 MB goal, 0 MB stacks, 0 MB globals, 4 P
gc 1830 @43.107s 1%: 0.038+1.7+0.026 ms clock, 0.15+0.98/0.077/0+0.10 ms cpu, 3->3->1 MB, 4 MB goal, 0 MB stacks, 0 MB globals, 4 P
gc 1831 @43.112s 1%: 0.036+0.57+0.057 ms clock, 0.14+0.84/0.42/0+0.23 ms cpu, 3->3->1 MB, 4 MB goal, 0 MB stacks, 0 MB globals, 4 P
gc 1832 @43.117s 1%: 0.061+0.68+0.060 ms clock, 0.24+0.74/0.51/0+0.24 ms cpu, 3->3->1 MB, 4 MB goal, 0 MB stacks, 0 MB globals, 4 P
gc 1833 @43.122s 1%: 0.054+2.2+0.040 ms clock, 0.21+0.57/0.55/0+0.16 ms cpu, 3->3->1 MB, 4 MB goal, 0 MB stacks, 0 MB globals, 4 P
gc 1834 @43.128s 1%: 0.056+0.70+0.042 ms clock, 0.22+0.78/0.51/0+0.16 ms cpu, 3->3->1 MB, 4 MB goal, 0 MB stacks, 0 MB globals, 4 P
gc 1835 @43.132s 1%: 0.047+1.9+0.027 ms clock, 0.18+0.33/0.96/0+0.10 ms cpu, 3->3->1 MB, 4 MB goal, 0 MB stacks, 0 MB globals, 4 P
gc 1836 @43.138s 1%: 0.069+0.83+0.024 ms clock, 0.27+0.83/0.45/0+0.099 ms cpu, 3->3->1 MB, 4 MB goal, 0 MB stacks, 0 MB globals, 4 P
gc 1837 @43.143s 1%: 0.047+3.6+0.033 ms clock, 0.19+0.67/0.55/0+0.13 ms cpu, 3->4->1 MB, 4 MB goal, 0 MB stacks, 0 MB globals, 4 P
gc 1838 @43.149s 1%: 0.068+0.58+0.006 ms clock, 0.27+0.84/0.46/0+0.026 ms cpu, 3->3->1 MB, 4 MB goal, 0 MB stacks, 0 MB globals, 4 P
gc 1839 @43.154s 1%: 0.057+1.1+0.077 ms clock, 0.22+0.82/0.52/0+0.31 ms cpu, 3->3->1 MB, 4 MB goal, 0 MB stacks, 0 MB globals, 4 P
gc 1840 @43.159s 1%: 0.061+0.67+0.027 ms clock, 0.24+0.67/0.49/0+0.11 ms cpu, 3->3->1 MB, 4 MB goal, 0 MB stacks, 0 MB globals, 4 P
gc 1841 @43.164s 1%: 0.051+0.69+0.029 ms clock, 0.20+0.75/0.52/0+0.11 ms cpu, 3->3->1 MB, 4 MB goal, 0 MB stacks, 0 MB globals, 4 P
gc 1842 @43.169s 1%: 0.071+0.58+0.027 ms clock, 0.28+0.70/0.51/0+0.11 ms cpu, 3->3->1 MB, 4 MB goal, 0 MB stacks, 0 MB globals, 4 P
gc 1843 @43.174s 1%: 0.097+1.0+0.028 ms clock, 0.38+0.34/0.63/0+0.11 ms cpu, 3->3->1 MB, 4 MB goal, 0 MB stacks, 0 MB globals, 4 P
gc 1844 @43.178s 1%: 0.025+2.1+0.037 ms clock, 0.10+0.56/0.62/0+0.15 ms cpu, 3->3->1 MB, 4 MB goal, 0 MB stacks, 0 MB globals, 4 P
gc 1845 @43.184s 1%: 0.018+1.0+0.013 ms clock, 0.073+0.076/0.61/0+0.055 ms cpu, 3->3->1 MB, 4 MB goal, 0 MB stacks, 0 MB globals, 4 P
gc 1846 @43.190s 1%: 0.074+0.93+0.077 ms clock, 0.29+0.56/0.77/0+0.31 ms cpu, 3->3->1 MB, 4 MB goal, 0 MB stacks, 0 MB globals, 4 P
gc 1847 @43.195s 1%: 0.060+1.0+0.077 ms clock, 0.24+0.81/0.59/0+0.30 ms cpu, 3->3->1 MB, 4 MB goal, 0 MB stacks, 0 MB globals, 4 P
gc 1848 @43.200s 1%: 0.077+1.2+0.037 ms clock, 0.30+0.52/0.49/0+0.15 ms cpu, 3->3->1 MB, 4 MB goal, 0 MB stacks, 0 MB globals, 4 P
gc 1849 @43.205s 1%: 0.076+1.6+0.059 ms clock, 0.30+0.62/0.62/0+0.23 ms cpu, 3->3->1 MB, 4 MB goal, 0 MB stacks, 0 MB globals, 4 P
gc 1850 @43.210s 1%: 0.030+0.69+0.054 ms clock, 0.12+0.56/0.54/0+0.21 ms cpu, 3->3->1 MB, 4 MB goal, 0 MB stacks, 0 MB globals, 4 P
gc 1851 @43.215s 1%: 0.054+0.66+0.025 ms clock, 0.21+0.89/0.57/0+0.10 ms cpu, 3->3->1 MB, 4 MB goal, 0 MB stacks, 0 MB globals, 4 P
gc 1852 @43.220s 1%: 0.053+0.57+0.032 ms clock, 0.21+0.59/0.49/0+0.13 ms cpu, 3->3->1 MB, 4 MB goal, 0 MB stacks, 0 MB globals, 4 P
gc 1853 @43.224s 1%: 0.094+2.3+0.004 ms clock, 0.37+0.46/0.73/0+0.016 ms cpu, 3->3->1 MB, 4 MB goal, 0 MB stacks, 0 MB globals, 4 P
gc 1854 @43.230s 1%: 0.078+1.1+0.083 ms clock, 0.31+0.71/0.80/0+0.33 ms cpu, 3->3->1 MB, 4 MB goal, 0 MB stacks, 0 MB globals, 4 P
gc 1855 @43.235s 1%: 0.062+0.68+0.039 ms clock, 0.25+0.73/0.46/0+0.15 ms cpu, 3->3->1 MB, 4 MB goal, 0 MB stacks, 0 MB globals, 4 P
gc 1856 @43.240s 1%: 0.071+0.70+0.049 ms clock, 0.28+0.69/0.53/0+0.19 ms cpu, 3->3->1 MB, 4 MB goal, 0 MB stacks, 0 MB globals, 4 P
gc 1857 @43.245s 1%: 0.059+0.59+0.059 ms clock, 0.23+0.86/0.47/0+0.23 ms cpu, 3->3->1 MB, 4 MB goal, 0 MB stacks, 0 MB globals, 4 P
gc 1858 @43.250s 1%: 0.066+1.0+0.021 ms clock, 0.26+0.58/0.63/0+0.085 ms cpu, 3->3->1 MB, 4 MB goal, 0 MB stacks, 0 MB globals, 4 P
gc 1859 @43.255s 1%: 0.082+0.65+0.029 ms clock, 0.32+0.45/0.55/0+0.11 ms cpu, 3->3->1 MB, 4 MB goal, 0 MB stacks, 0 MB globals, 4 P
gc 1860 @43.260s 1%: 0.057+1.3+0.027 ms clock, 0.22+0.80/0.49/0+0.10 ms cpu, 3->3->1 MB, 4 MB goal, 0 MB stacks, 0 MB globals, 4 P
gc 1861 @43.265s 1%: 0.058+1.0+0.031 ms clock, 0.23+0.83/0.54/0+0.12 ms cpu, 3->3->1 MB, 4 MB goal, 0 MB stacks, 0 MB globals, 4 P
gc 1862 @43.270s 1%: 0.020+0.52+0.037 ms clock, 0.080+0.53/0.44/0+0.14 ms cpu, 3->3->0 MB, 4 MB goal, 0 MB stacks, 0 MB globals, 4 P
gc 1863 @43.275s 1%: 0.10+1.0+0.050 ms clock, 0.40+0.47/0.65/0+0.20 ms cpu, 3->3->1 MB, 4 MB goal, 0 MB stacks, 0 MB globals, 4 P
gc 1864 @43.279s 1%: 0.063+1.2+0.071 ms clock, 0.25+1.0/0.001/0+0.28 ms cpu, 3->3->1 MB, 4 MB goal, 0 MB stacks, 0 MB globals, 4 P
gc 1865 @43.285s 1%: 0.047+0.98+0.046 ms clock, 0.18+0.58/0.51/0+0.18 ms cpu, 3->3->1 MB, 4 MB goal, 0 MB stacks, 0 MB globals, 4 P
gc 1866 @43.290s 1%: 0.038+0.75+0.044 ms clock, 0.15+0.76/0.58/0+0.17 ms cpu, 3->3->1 MB, 4 MB goal, 0 MB stacks, 0 MB globals, 4 P
gc 1867 @43.294s 1%: 0.020+0.62+0.071 ms clock, 0.082+1.1/0.002/0+0.28 ms cpu, 3->3->1 MB, 4 MB goal, 0 MB stacks, 0 MB globals, 4 P
gc 1868 @43.299s 1%: 0.32+1.9+0.045 ms clock, 1.2+0.23/1.0/0+0.18 ms cpu, 3->3->1 MB, 4 MB goal, 0 MB stacks, 0 MB globals, 4 P
gc 1869 @43.305s 1%: 0.037+1.6+0.073 ms clock, 0.14+0.64/1.0/0.008+0.29 ms cpu, 3->3->1 MB, 4 MB goal, 0 MB stacks, 0 MB globals, 4 P
gc 1870 @43.310s 1%: 0.054+1.0+0.054 ms clock, 0.21+0.58/0.50/0+0.21 ms cpu, 3->3->1 MB, 4 MB goal, 0 MB stacks, 0 MB globals, 4 P
gc 1871 @43.315s 1%: 0.023+0.64+0.048 ms clock, 0.095+0.79/0.51/0+0.19 ms cpu, 3->3->1 MB, 4 MB goal, 0 MB stacks, 0 MB globals, 4 P
gc 1872 @43.320s 1%: 0.094+0.79+0.017 ms clock, 0.37+0.65/0.66/0+0.070 ms cpu, 3->3->1 MB, 4 MB goal, 0 MB stacks, 0 MB globals, 4 P
gc 1873 @43.325s 1%: 0.076+0.81+0.041 ms clock, 0.30+0.77/0.67/0+0.16 ms cpu, 3->3->1 MB, 4 MB goal, 0 MB stacks, 0 MB globals, 4 P
gc 1874 @43.330s 1%: 0.087+1.2+0.049 ms clock, 0.34+0.60/0.61/0+0.19 ms cpu, 3->3->1 MB, 4 MB goal, 0 MB stacks, 0 MB globals, 4 P
gc 1875 @43.335s 1%: 0.051+0.99+0.043 ms clock, 0.20+0.84/0.48/0+0.17 ms cpu, 3->3->1 MB, 4 MB goal, 0 MB stacks, 0 MB globals, 4 P
gc 1876 @43.340s 1%: 0.019+2.4+0.077 ms clock, 0.078+0.76/1.9/0+0.30 ms cpu, 3->3->1 MB, 4 MB goal, 0 MB stacks, 0 MB globals, 4 P
gc 1877 @43.345s 1%: 0.078+0.61+0.054 ms clock, 0.31+0.83/0.42/0+0.21 ms cpu, 3->3->1 MB, 4 MB goal, 0 MB stacks, 0 MB globals, 4 P
gc 1878 @43.350s 1%: 0.078+0.82+0.046 ms clock, 0.31+0.72/0.66/0+0.18 ms cpu, 3->3->1 MB, 4 MB goal, 0 MB stacks, 0 MB globals, 4 P
gc 1879 @43.355s 1%: 0.066+0.73+0.062 ms clock, 0.26+0.80/0.65/0+0.24 ms cpu, 3->3->1 MB, 4 MB goal, 0 MB stacks, 0 MB globals, 4 P
gc 1880 @43.360s 1%: 0.076+0.87+0.018 ms clock, 0.30+0.74/0.78/0+0.075 ms cpu, 3->3->1 MB, 4 MB goal, 0 MB stacks, 0 MB globals, 4 P
gc 1881 @43.365s 1%: 0.070+1.9+0.018 ms clock, 0.28+0.84/0.58/0+0.075 ms cpu, 3->4->1 MB, 4 MB goal, 0 MB stacks, 0 MB globals, 4 P
gc 1882 @43.371s 1%: 0.59+1.3+0.021 ms clock, 2.3+0.94/1.3/0+0.087 ms cpu, 3->3->1 MB, 4 MB goal, 0 MB stacks, 0 MB globals, 4 P
gc 1883 @43.375s 1%: 0.053+0.91+0.003 ms clock, 0.21+0.97/0.84/0+0.015 ms cpu, 3->3->1 MB, 4 MB goal, 0 MB stacks, 0 MB globals, 4 P
gc 1884 @43.380s 1%: 0.081+1.8+0.027 ms clock, 0.32+0.41/0.61/0+0.11 ms cpu, 3->3->1 MB, 4 MB goal, 0 MB stacks, 0 MB globals, 4 P
gc 1885 @43.386s 1%: 0.073+0.83+0.009 ms clock, 0.29+0.49/0.55/0+0.036 ms cpu, 3->3->1 MB, 4 MB goal, 0 MB stacks, 0 MB globals, 4 P
gc 1886 @43.391s 1%: 0.058+1.1+0.032 ms clock, 0.23+0.88/0.52/0+0.12 ms cpu, 3->3->1 MB, 4 MB goal, 0 MB stacks, 0 MB globals, 4 P
gc 1887 @43.395s 1%: 0.25+0.84+0.036 ms clock, 1.0+0.54/0.96/0+0.14 ms cpu, 3->3->1 MB, 4 MB goal, 0 MB stacks, 0 MB globals, 4 P
gc 1888 @43.401s 1%: 0.057+0.67+0.024 ms clock, 0.23+0.74/0.60/0+0.097 ms cpu, 3->3->1 MB, 4 MB goal, 0 MB stacks, 0 MB globals, 4 P
gc 1889 @43.405s 1%: 0.28+1.3+0.022 ms clock, 1.1+0.54/0.95/0+0.088 ms cpu, 3->3->1 MB, 4 MB goal, 0 MB stacks, 0 MB globals, 4 P
gc 1890 @43.411s 1%: 0.043+1.1+0.045 ms clock, 0.17+0.64/0.46/0+0.18 ms cpu, 3->3->1 MB, 4 MB goal, 0 MB stacks, 0 MB globals, 4 P
gc 1891 @43.416s 1%: 0.094+2.5+0.049 ms clock, 0.37+0.77/0.44/0+0.19 ms cpu, 3->4->1 MB, 4 MB goal, 0 MB stacks, 0 MB globals, 4 P
gc 1892 @43.421s 1%: 0.090+1.5+0.021 ms clock, 0.36+0.79/0.46/0+0.086 ms cpu, 3->3->1 MB, 4 MB goal, 0 MB stacks, 0 MB globals, 4 P
gc 1893 @43.426s 1%: 0.058+0.65+0.052 ms clock, 0.23+0.78/0.44/0+0.21 ms cpu, 3->3->1 MB, 4 MB goal, 0 MB stacks, 0 MB globals, 4 P
gc 1894 @43.431s 1%: 0.087+0.95+0.016 ms clock, 0.34+0.82/0.85/0+0.065 ms cpu, 3->3->1 MB, 4 MB goal, 0 MB stacks, 0 MB globals, 4 P
gc 1895 @43.436s 1%: 2.2+0.78+0.037 ms clock, 8.9+0.37/2.4/0+0.14 ms cpu, 3->3->1 MB, 4 MB goal, 0 MB stacks, 0 MB globals, 4 P
gc 1896 @43.441s 1%: 0.35+1.2+0.047 ms clock, 1.4+1.3/0.61/0+0.19 ms cpu, 3->3->1 MB, 4 MB goal, 0 MB stacks, 0 MB globals, 4 P
gc 1897 @43.446s 1%: 0.066+1.7+0.025 ms clock, 0.26+2.2/0.001/0+0.10 ms cpu, 3->3->1 MB, 4 MB goal, 0 MB stacks, 0 MB globals, 4 P
gc 1898 @43.451s 1%: 0.061+0.49+0.055 ms clock, 0.24+0.84/0.40/0+0.22 ms cpu, 3->3->0 MB, 4 MB goal, 0 MB stacks, 0 MB globals, 4 P
gc 1899 @43.456s 1%: 0.050+0.53+0.029 ms clock, 0.20+0.75/0.45/0+0.11 ms cpu, 3->3->1 MB, 4 MB goal, 0 MB stacks, 0 MB globals, 4 P
gc 1900 @43.461s 1%: 0.073+0.73+0.068 ms clock, 0.29+0.33/0.60/0+0.27 ms cpu, 3->3->1 MB, 4 MB goal, 0 MB stacks, 0 MB globals, 4 P
gc 1901 @43.466s 1%: 0.080+1.7+0.025 ms clock, 0.32+1.7/0.55/0+0.10 ms cpu, 3->3->1 MB, 4 MB goal, 0 MB stacks, 0 MB globals, 4 P
gc 1902 @43.471s 1%: 0.052+1.4+0.030 ms clock, 0.20+1.0/0.001/0+0.12 ms cpu, 3->3->1 MB, 4 MB goal, 0 MB stacks, 0 MB globals, 4 P
gc 1903 @43.476s 1%: 0.027+0.55+0.047 ms clock, 0.11+1.0/0.48/0+0.18 ms cpu, 3->3->1 MB, 4 MB goal, 0 MB stacks, 0 MB globals, 4 P
gc 1904 @43.481s 1%: 1.9+0.39+0.049 ms clock, 7.6+0.78/2.0/0+0.19 ms cpu, 3->3->1 MB, 4 MB goal, 0 MB stacks, 0 MB globals, 4 P
gc 1905 @43.486s 1%: 0.063+0.55+0.023 ms clock, 0.25+0.88/0.47/0+0.093 ms cpu, 3->3->1 MB, 4 MB goal, 0 MB stacks, 0 MB globals, 4 P
gc 1906 @43.491s 1%: 0.048+0.93+0.069 ms clock, 0.19+1.1/0.002/0+0.27 ms cpu, 3->3->1 MB, 4 MB goal, 0 MB stacks, 0 MB globals, 4 P
gc 1907 @43.496s 1%: 0.10+0.65+0.005 ms clock, 0.42+0.67/0.53/0+0.023 ms cpu, 3->3->1 MB, 4 MB goal, 0 MB stacks, 0 MB globals, 4 P
gc 1908 @43.501s 1%: 0.048+0.76+0.037 ms clock, 0.19+0.70/0.46/0+0.14 ms cpu, 3->3->1 MB, 4 MB goal, 0 MB stacks, 0 MB globals, 4 P
gc 1909 @43.506s 1%: 0.068+0.79+0.053 ms clock, 0.27+0.94/0.16/0+0.21 ms cpu, 3->3->1 MB, 4 MB goal, 0 MB stacks, 0 MB globals, 4 P
gc 1910 @43.511s 1%: 0.097+0.61+0.013 ms clock, 0.39+0.56/0.49/0+0.055 ms cpu, 3->3->1 MB, 4 MB goal, 0 MB stacks, 0 MB globals, 4 P
gc 1911 @43.516s 1%: 0.092+0.82+0.004 ms clock, 0.36+0.45/0.49/0+0.017 ms cpu, 3->3->1 MB, 4 MB goal, 0 MB stacks, 0 MB globals, 4 P
gc 1912 @43.521s 1%: 0.076+0.74+0.064 ms clock, 0.30+0.85/0.59/0+0.25 ms cpu, 3->3->1 MB, 4 MB goal, 0 MB stacks, 0 MB globals, 4 P
gc 1913 @43.526s 1%: 0.035+1.0+0.025 ms clock, 0.14+0.64/0.54/0+0.10 ms cpu, 3->3->1 MB, 4 MB goal, 0 MB stacks, 0 MB globals, 4 P
gc 1914 @43.531s 1%: 0.058+0.63+0.062 ms clock, 0.23+0.71/0.46/0+0.24 ms cpu, 3->3->1 MB, 4 MB goal, 0 MB stacks, 0 MB globals, 4 P
gc 1915 @43.536s 1%: 1.3+0.18+0.033 ms clock, 5.2+0.75/1.3/0+0.13 ms cpu, 3->3->1 MB, 4 MB goal, 0 MB stacks, 0 MB globals, 4 P
gc 1916 @43.541s 1%: 0.31+0.76+0.026 ms clock, 1.2+0.20/0.96/0+0.10 ms cpu, 3->3->1 MB, 4 MB goal, 0 MB stacks, 0 MB globals, 4 P
gc 1917 @43.546s 1%: 0.066+1.1+0.011 ms clock, 0.26+0.61/0.71/0+0.047 ms cpu, 3->3->1 MB, 4 MB goal, 0 MB stacks, 0 MB globals, 4 P
gc 1918 @43.551s 1%: 0.048+0.81+0.053 ms clock, 0.19+0.75/0.69/0+0.21 ms cpu, 3->3->1 MB, 4 MB goal, 0 MB stacks, 0 MB globals, 4 P
gc 1919 @43.556s 1%: 0.11+1.2+0.026 ms clock, 0.46+0.53/0.46/0+0.10 ms cpu, 3->3->1 MB, 4 MB goal, 0 MB stacks, 0 MB globals, 4 P
gc 1920 @43.561s 1%: 0.057+0.69+0.035 ms clock, 0.22+0.77/0.50/0+0.14 ms cpu, 3->3->1 MB, 4 MB goal, 0 MB stacks, 0 MB globals, 4 P
gc 1921 @43.566s 1%: 0.33+2.3+0.006 ms clock, 1.3+0.65/2.4/0+0.025 ms cpu, 3->4->1 MB, 4 MB goal, 0 MB stacks, 0 MB globals, 4 P
gc 1922 @43.571s 1%: 0.071+1.4+0.009 ms clock, 0.28+0.42/0.58/0+0.036 ms cpu, 3->3->1 MB, 4 MB goal, 0 MB stacks, 0 MB globals, 4 P
gc 1923 @43.576s 1%: 0.064+2.3+0.026 ms clock, 0.25+0.77/0.76/0+0.10 ms cpu, 3->4->1 MB, 4 MB goal, 0 MB stacks, 0 MB globals, 4 P
gc 1924 @43.582s 1%: 0.093+1.0+0.061 ms clock, 0.37+0.71/0.78/0+0.24 ms cpu, 3->3->1 MB, 4 MB goal, 0 MB stacks, 0 MB globals, 4 P
gc 1925 @43.587s 1%: 0.062+0.61+0.033 ms clock, 0.25+0.74/0.52/0+0.13 ms cpu, 3->3->1 MB, 4 MB goal, 0 MB stacks, 0 MB globals, 4 P
gc 1926 @43.591s 1%: 0.34+1.6+0.023 ms clock, 1.3+0.57/1.9/0+0.093 ms cpu, 3->3->1 MB, 4 MB goal, 0 MB stacks, 0 MB globals, 4 P
gc 1927 @43.597s 1%: 0.059+1.8+0.006 ms clock, 0.23+0.51/0.63/0+0.026 ms cpu, 3->3->1 MB, 4 MB goal, 0 MB stacks, 0 MB globals, 4 P
gc 1928 @43.602s 1%: 0.052+1.6+0.019 ms clock, 0.20+0.15/1.1/0+0.079 ms cpu, 3->3->1 MB, 4 MB goal, 0 MB stacks, 0 MB globals, 4 P
gc 1929 @43.607s 1%: 0.075+0.66+0.048 ms clock, 0.30+0.71/0.45/0+0.19 ms cpu, 3->3->1 MB, 4 MB goal, 0 MB stacks, 0 MB globals, 4 P
gc 1930 @43.612s 1%: 0.060+0.76+0.055 ms clock, 0.24+0.79/0.59/0+0.22 ms cpu, 3->3->1 MB, 4 MB goal, 0 MB stacks, 0 MB globals, 4 P
gc 1931 @43.617s 1%: 0.055+0.56+0.022 ms clock, 0.22+0.75/0.45/0+0.088 ms cpu, 3->3->1 MB, 4 MB goal, 0 MB stacks, 0 MB globals, 4 P
gc 1932 @43.622s 1%: 0.052+0.88+0.026 ms clock, 0.20+0.80/0.69/0+0.10 ms cpu, 3->3->1 MB, 4 MB goal, 0 MB stacks, 0 MB globals, 4 P
gc 1933 @43.627s 1%: 0.079+0.73+0.059 ms clock, 0.31+0.50/0.60/0+0.23 ms cpu, 3->3->1 MB, 4 MB goal, 0 MB stacks, 0 MB globals, 4 P
gc 1934 @43.632s 1%: 0.037+0.78+0.042 ms clock, 0.15+0.74/0.62/0+0.17 ms cpu, 3->3->1 MB, 4 MB goal, 0 MB stacks, 0 MB globals, 4 P
gc 1935 @43.637s 1%: 0.077+0.80+0.024 ms clock, 0.30+0.72/0.70/0+0.096 ms cpu, 3->3->1 MB, 4 MB goal, 0 MB stacks, 0 MB globals, 4 P
gc 1936 @43.642s 1%: 0.058+1.2+0.035 ms clock, 0.23+1.0/1.1/0+0.14 ms cpu, 3->3->1 MB, 4 MB goal, 0 MB stacks, 0 MB globals, 4 P
gc 1937 @43.647s 1%: 0.053+1.7+0.022 ms clock, 0.21+0.58/0.65/0+0.089 ms cpu, 3->3->1 MB, 4 MB goal, 0 MB stacks, 0 MB globals, 4 P
gc 1938 @43.652s 1%: 0.063+1.7+0.070 ms clock, 0.25+0.48/0.39/0+0.28 ms cpu, 3->3->1 MB, 4 MB goal, 0 MB stacks, 0 MB globals, 4 P
gc 1939 @43.658s 1%: 0.093+1.1+0.048 ms clock, 0.37+1.0/0.019/0+0.19 ms cpu, 3->3->1 MB, 4 MB goal, 0 MB stacks, 0 MB globals, 4 P
gc 1940 @43.663s 1%: 0.10+1.5+0.034 ms clock, 0.40+1.0/0.14/0+0.13 ms cpu, 3->3->1 MB, 4 MB goal, 0 MB stacks, 0 MB globals, 4 P
gc 1941 @43.668s 1%: 0.047+1.6+0.068 ms clock, 0.19+0.31/0.95/0+0.27 ms cpu, 3->3->1 MB, 4 MB goal, 0 MB stacks, 0 MB globals, 4 P
gc 1942 @43.673s 1%: 0.070+0.61+0.018 ms clock, 0.28+0.83/0.43/0+0.072 ms cpu, 3->3->1 MB, 4 MB goal, 0 MB stacks, 0 MB globals, 4 P
gc 1943 @43.678s 1%: 0.055+1.6+0.035 ms clock, 0.22+0.58/0.88/0+0.14 ms cpu, 3->3->1 MB, 4 MB goal, 0 MB stacks, 0 MB globals, 4 P
gc 1944 @43.683s 1%: 0.023+1.2+0.003 ms clock, 0.092+0.72/0.60/0+0.014 ms cpu, 3->3->1 MB, 4 MB goal, 0 MB stacks, 0 MB globals, 4 P
gc 1945 @43.688s 1%: 0.076+1.2+0.040 ms clock, 0.30+0.45/0.52/0+0.16 ms cpu, 3->3->1 MB, 4 MB goal, 0 MB stacks, 0 MB globals, 4 P
gc 1946 @43.693s 1%: 0.068+1.9+0.017 ms clock, 0.27+0.59/0.65/0+0.069 ms cpu, 3->3->1 MB, 4 MB goal, 0 MB stacks, 0 MB globals, 4 P
gc 1947 @43.698s 1%: 0.035+0.67+0.039 ms clock, 0.14+0.97/0.49/0+0.15 ms cpu, 3->3->1 MB, 4 MB goal, 0 MB stacks, 0 MB globals, 4 P
gc 1948 @43.703s 1%: 0.035+1.5+0.025 ms clock, 0.14+1.6/0.66/0+0.10 ms cpu, 3->3->1 MB, 4 MB goal, 0 MB stacks, 0 MB globals, 4 P
gc 1949 @43.708s 1%: 0.054+0.68+0.084 ms clock, 0.21+0.61/0.44/0+0.33 ms cpu, 3->3->1 MB, 4 MB goal, 0 MB stacks, 0 MB globals, 4 P
gc 1950 @43.713s 1%: 0.056+0.58+0.033 ms clock, 0.22+0.69/0.47/0+0.13 ms cpu, 3->3->1 MB, 4 MB goal, 0 MB stacks, 0 MB globals, 4 P
gc 1951 @43.718s 1%: 0.064+0.90+0.046 ms clock, 0.25+0.77/0.47/0.063+0.18 ms cpu, 3->3->1 MB, 4 MB goal, 0 MB stacks, 0 MB globals, 4 P
gc 1952 @43.723s 1%: 0.063+1.5+0.004 ms clock, 0.25+0.80/0.22/0+0.016 ms cpu, 3->3->1 MB, 4 MB goal, 0 MB stacks, 0 MB globals, 4 P
gc 1953 @43.728s 1%: 0.048+0.69+0.034 ms clock, 0.19+0.62/0.54/0+0.13 ms cpu, 3->3->1 MB, 4 MB goal, 0 MB stacks, 0 MB globals, 4 P
gc 1954 @43.733s 1%: 0.091+2.3+0.081 ms clock, 0.36+1.0/0.77/0+0.32 ms cpu, 3->3->1 MB, 4 MB goal, 0 MB stacks, 0 MB globals, 4 P
gc 1955 @43.738s 1%: 0.054+1.4+0.043 ms clock, 0.21+0.58/0.64/0+0.17 ms cpu, 3->3->1 MB, 4 MB goal, 0 MB stacks, 0 MB globals, 4 P
gc 1956 @43.744s 1%: 0.066+1.7+0.046 ms clock, 0.26+0.54/0.50/0+0.18 ms cpu, 3->3->1 MB, 4 MB goal, 0 MB stacks, 0 MB globals, 4 P
gc 1957 @43.749s 1%: 0.057+0.54+0.024 ms clock, 0.22+0.22/0.42/0.48+0.099 ms cpu, 3->3->1 MB, 4 MB goal, 0 MB stacks, 0 MB globals, 4 P
gc 1958 @43.753s 1%: 0.044+0.80+0.069 ms clock, 0.17+0.51/0.46/0+0.27 ms cpu, 3->3->1 MB, 4 MB goal, 0 MB stacks, 0 MB globals, 4 P
gc 1959 @43.758s 1%: 0.14+1.7+0.015 ms clock, 0.57+0.27/0.63/0+0.060 ms cpu, 3->3->1 MB, 4 MB goal, 0 MB stacks, 0 MB globals, 4 P
gc 1960 @43.763s 1%: 0.10+1.4+0.045 ms clock, 0.41+1.0/0.94/0+0.18 ms cpu, 3->3->1 MB, 4 MB goal, 0 MB stacks, 0 MB globals, 4 P
gc 1961 @43.769s 1%: 1.7+0.88+0.027 ms clock, 6.8+0.45/2.0/0+0.11 ms cpu, 3->3->1 MB, 4 MB goal, 0 MB stacks, 0 MB globals, 4 P
gc 1962 @43.774s 1%: 0.039+1.3+0.026 ms clock, 0.15+0.51/0.66/0+0.10 ms cpu, 3->3->1 MB, 4 MB goal, 0 MB stacks, 0 MB globals, 4 P
gc 1963 @43.779s 1%: 0.099+0.58+0.020 ms clock, 0.39+0.62/0.48/0+0.081 ms cpu, 3->3->1 MB, 4 MB goal, 0 MB stacks, 0 MB globals, 4 P
gc 1964 @43.784s 1%: 0.071+1.8+0.027 ms clock, 0.28+0.33/0.68/0+0.11 ms cpu, 3->3->1 MB, 4 MB goal, 0 MB stacks, 0 MB globals, 4 P
gc 1965 @43.789s 1%: 0.039+0.58+0.022 ms clock, 0.15+0.81/0.43/0+0.091 ms cpu, 3->3->1 MB, 4 MB goal, 0 MB stacks, 0 MB globals, 4 P
gc 1966 @43.794s 1%: 0.25+0.83+0.037 ms clock, 1.0+0.65/0.97/0+0.14 ms cpu, 3->3->1 MB, 4 MB goal, 0 MB stacks, 0 MB globals, 4 P
gc 1967 @43.799s 1%: 0.040+1.8+0.039 ms clock, 0.16+0.52/0.65/0+0.15 ms cpu, 3->3->1 MB, 4 MB goal, 0 MB stacks, 0 MB globals, 4 P
gc 1968 @43.804s 1%: 0.090+1.6+0.023 ms clock, 0.36+1.5/0.68/0+0.094 ms cpu, 3->3->1 MB, 4 MB goal, 0 MB stacks, 0 MB globals, 4 P
gc 1969 @43.809s 1%: 0.062+1.1+0.008 ms clock, 0.24+0.55/0.49/0+0.033 ms cpu, 3->3->1 MB, 4 MB goal, 0 MB stacks, 0 MB globals, 4 P
gc 1970 @43.814s 1%: 0.093+1.3+0.088 ms clock, 0.37+0.52/0.84/0+0.35 ms cpu, 3->3->1 MB, 4 MB goal, 0 MB stacks, 0 MB globals, 4 P
gc 1971 @43.819s 1%: 0.053+0.83+0.045 ms clock, 0.21+0.73/0.49/0+0.18 ms cpu, 3->3->1 MB, 4 MB goal, 0 MB stacks, 0 MB globals, 4 P
gc 1972 @43.824s 1%: 0.058+2.3+0.007 ms clock, 0.23+0.44/0.55/0+0.031 ms cpu, 3->3->1 MB, 4 MB goal, 0 MB stacks, 0 MB globals, 4 P
gc 1973 @43.830s 1%: 0.048+1.0+0.044 ms clock, 0.19+0.60/0.51/0+0.17 ms cpu, 3->3->1 MB, 4 MB goal, 0 MB stacks, 0 MB globals, 4 P
gc 1974 @43.835s 1%: 0.048+0.91+0.033 ms clock, 0.19+1.1/0.022/0+0.13 ms cpu, 3->3->1 MB, 4 MB goal, 0 MB stacks, 0 MB globals, 4 P
gc 1975 @43.840s 1%: 0.30+0.87+0.038 ms clock, 1.2+0.40/0.99/0+0.15 ms cpu, 3->3->1 MB, 4 MB goal, 0 MB stacks, 0 MB globals, 4 P
gc 1976 @43.845s 1%: 0.042+1.6+0.065 ms clock, 0.16+0.60/0.62/0+0.26 ms cpu, 3->3->1 MB, 4 MB goal, 0 MB stacks, 0 MB globals, 4 P
gc 1977 @43.850s 1%: 0.044+0.86+0.036 ms clock, 0.17+0.43/0.53/0+0.14 ms cpu, 3->3->1 MB, 4 MB goal, 0 MB stacks, 0 MB globals, 4 P
gc 1978 @43.854s 1%: 0.095+1.9+0.027 ms clock, 0.38+0.36/0.65/0+0.11 ms cpu, 3->3->1 MB, 4 MB goal, 0 MB stacks, 0 MB globals, 4 P
gc 1979 @43.860s 1%: 0.069+1.5+0.005 ms clock, 0.27+0.61/0.68/0+0.020 ms cpu, 3->3->1 MB, 4 MB goal, 0 MB stacks, 0 MB globals, 4 P
gc 1980 @43.865s 1%: 0.068+1.2+0.017 ms clock, 0.27+0.54/0.69/0+0.069 ms cpu, 3->3->1 MB, 4 MB goal, 0 MB stacks, 0 MB globals, 4 P
gc 1981 @43.870s 1%: 0.085+0.65+0.017 ms clock, 0.34+0.56/0.55/0+0.068 ms cpu, 3->3->1 MB, 4 MB goal, 0 MB stacks, 0 MB globals, 4 P
gc 1982 @43.875s 1%: 0.28+0.74+0.053 ms clock, 1.1+0.33/0.91/0+0.21 ms cpu, 3->3->1 MB, 4 MB goal, 0 MB stacks, 0 MB globals, 4 P
gc 1983 @43.880s 1%: 0.080+0.63+0.012 ms clock, 0.32+0.71/0.52/0+0.048 ms cpu, 3->3->1 MB, 4 MB goal, 0 MB stacks, 0 MB globals, 4 P
gc 1984 @43.885s 1%: 0.067+0.71+0.025 ms clock, 0.27+0.78/0.57/0+0.10 ms cpu, 3->3->1 MB, 4 MB goal, 0 MB stacks, 0 MB globals, 4 P
gc 1985 @43.890s 1%: 0.073+0.53+0.074 ms clock, 0.29+0.87/0.43/0+0.29 ms cpu, 3->3->1 MB, 4 MB goal, 0 MB stacks, 0 MB globals, 4 P
gc 1986 @43.895s 1%: 0.042+0.56+0.041 ms clock, 0.17+0.73/0.44/0+0.16 ms cpu, 3->3->1 MB, 4 MB goal, 0 MB stacks, 0 MB globals, 4 P
gc 1987 @43.901s 1%: 0.060+0.96+0.019 ms clock, 0.24+0.61/0.50/0+0.079 ms cpu, 3->3->1 MB, 4 MB goal, 0 MB stacks, 0 MB globals, 4 P
gc 1988 @43.906s 1%: 0.069+0.62+0.062 ms clock, 0.27+0.90/0.46/0+0.24 ms cpu, 3->3->1 MB, 4 MB goal, 0 MB stacks, 0 MB globals, 4 P
gc 1989 @43.911s 1%: 0.031+0.54+0.031 ms clock, 0.12+0.76/0.42/0+0.12 ms cpu, 3->3->1 MB, 4 MB goal, 0 MB stacks, 0 MB globals, 4 P
gc 1990 @43.917s 1%: 0.35+0.83+0.051 ms clock, 1.4+0.48/0.97/0+0.20 ms cpu, 3->3->1 MB, 4 MB goal, 0 MB stacks, 0 MB globals, 4 P
gc 1991 @43.922s 1%: 0.063+0.70+0.037 ms clock, 0.25+0.57/0.61/0+0.15 ms cpu, 3->3->1 MB, 4 MB goal, 0 MB stacks, 0 MB globals, 4 P
gc 1992 @43.927s 1%: 0.10+1.8+0.088 ms clock, 0.41+0.40/0.63/0+0.35 ms cpu, 3->4->1 MB, 4 MB goal, 0 MB stacks, 0 MB globals, 4 P
gc 1993 @43.933s 1%: 0.074+1.4+0.026 ms clock, 0.29+0.59/0.50/0+0.10 ms cpu, 3->3->1 MB, 4 MB goal, 0 MB stacks, 0 MB globals, 4 P
gc 1994 @43.938s 1%: 0.024+0.76+0.048 ms clock, 0.099+0.74/0.62/0+0.19 ms cpu, 3->3->1 MB, 4 MB goal, 0 MB stacks, 0 MB globals, 4 P
gc 1995 @43.943s 1%: 0.080+1.1+0.036 ms clock, 0.32+0.69/0.63/0+0.14 ms cpu, 3->3->1 MB, 4 MB goal, 0 MB stacks, 0 MB globals, 4 P
gc 1996 @43.948s 1%: 0.067+0.76+0.046 ms clock, 0.26+0.75/0.55/0+0.18 ms cpu, 3->3->1 MB, 4 MB goal, 0 MB stacks, 0 MB globals, 4 P
gc 1997 @43.952s 1%: 0.070+1.6+0.012 ms clock, 0.28+1.5/0.55/0+0.048 ms cpu, 3->3->1 MB, 4 MB goal, 0 MB stacks, 0 MB globals, 4 P
gc 1998 @43.958s 1%: 0.057+1.1+0.039 ms clock, 0.22+1.0/0.41/0+0.15 ms cpu, 3->3->1 MB, 4 MB goal, 0 MB stacks, 0 MB globals, 4 P
gc 1999 @43.963s 1%: 0.073+1.6+0.004 ms clock, 0.29+0.55/1.2/0+0.016 ms cpu, 3->3->1 MB, 4 MB goal, 0 MB stacks, 0 MB globals, 4 P
gc 2000 @43.968s 1%: 0.050+0.75+0.023 ms clock, 0.20+0.83/0.53/0+0.094 ms cpu, 3->3->1 MB, 4 MB goal, 0 MB stacks, 0 MB globals, 4 P
gc 2001 @43.973s 1%: 0.021+1.6+0.047 ms clock, 0.085+0.85/0.45/0+0.18 ms cpu, 3->3->1 MB, 4 MB goal, 0 MB stacks, 0 MB globals, 4 P
gc 2002 @43.978s 1%: 0.063+0.61+0.047 ms clock, 0.25+0.80/0.49/0+0.18 ms cpu, 3->3->1 MB, 4 MB goal, 0 MB stacks, 0 MB globals, 4 P
gc 2003 @43.983s 1%: 0.036+0.80+0.056 ms clock, 0.14+1.1/0.002/0+0.22 ms cpu, 3->3->1 MB, 4 MB goal, 0 MB stacks, 0 MB globals, 4 P
gc 2004 @43.988s 1%: 0.30+0.63+0.031 ms clock, 1.2+0.33/0.83/0+0.12 ms cpu, 3->3->1 MB, 4 MB goal, 0 MB stacks, 0 MB globals, 4 P
gc 2005 @43.993s 1%: 0.057+0.71+0.055 ms clock, 0.23+0.74/0.58/0+0.22 ms cpu, 3->3->1 MB, 4 MB goal, 0 MB stacks, 0 MB globals, 4 P
gc 2006 @43.998s 1%: 0.077+0.85+0.032 ms clock, 0.31+1.2/0.069/0+0.13 ms cpu, 3->3->1 MB, 4 MB goal, 0 MB stacks, 0 MB globals, 4 P
gc 2007 @44.002s 1%: 0.062+0.73+0.059 ms clock, 0.24+0.74/0.57/0+0.23 ms cpu, 3->3->1 MB, 4 MB goal, 0 MB stacks, 0 MB globals, 4 P
gc 2008 @44.007s 1%: 0.080+0.85+0.043 ms clock, 0.32+1.0/0/0+0.17 ms cpu, 3->3->1 MB, 4 MB goal, 0 MB stacks, 0 MB globals, 4 P
gc 2009 @44.013s 1%: 0.068+0.67+0.071 ms clock, 0.27+0.72/0.48/0+0.28 ms cpu, 3->3->1 MB, 4 MB goal, 0 MB stacks, 0 MB globals, 4 P
gc 2010 @44.017s 1%: 0.063+1.7+0.079 ms clock, 0.25+0.71/0.98/0.004+0.31 ms cpu, 3->3->1 MB, 4 MB goal, 0 MB stacks, 0 MB globals, 4 P
gc 2011 @44.022s 1%: 0.069+0.57+0.035 ms clock, 0.27+0.80/0.49/0+0.14 ms cpu, 3->3->1 MB, 4 MB goal, 0 MB stacks, 0 MB globals, 4 P
gc 2012 @44.027s 1%: 0.054+0.80+0.057 ms clock, 0.21+0.74/0.63/0+0.23 ms cpu, 3->3->1 MB, 4 MB goal, 0 MB stacks, 0 MB globals, 4 P
gc 2013 @44.032s 1%: 0.088+1.6+0.090 ms clock, 0.35+0.90/1.2/0+0.36 ms cpu, 3->3->1 MB, 4 MB goal, 0 MB stacks, 0 MB globals, 4 P
gc 2014 @44.038s 1%: 0.061+0.66+0.013 ms clock, 0.24+0.74/0.54/0+0.053 ms cpu, 3->3->1 MB, 4 MB goal, 0 MB stacks, 0 MB globals, 4 P
gc 2015 @44.043s 1%: 0.057+0.65+0.023 ms clock, 0.23+0.78/0.45/0+0.095 ms cpu, 3->3->1 MB, 4 MB goal, 0 MB stacks, 0 MB globals, 4 P
gc 2016 @44.047s 1%: 0.045+3.0+0.031 ms clock, 0.18+0.75/2.0/0+0.12 ms cpu, 3->4->1 MB, 4 MB goal, 0 MB stacks, 0 MB globals, 4 P
gc 2017 @44.053s 1%: 0.26+1.4+0.033 ms clock, 1.0+0.49/0.89/0+0.13 ms cpu, 3->3->1 MB, 4 MB goal, 0 MB stacks, 0 MB globals, 4 P
gc 2018 @44.058s 1%: 0.078+0.68+0.005 ms clock, 0.31+0.87/0.58/0+0.023 ms cpu, 3->3->1 MB, 4 MB goal, 0 MB stacks, 0 MB globals, 4 P
gc 2019 @44.063s 1%: 0.025+1.6+0.028 ms clock, 0.10+0.76/0.49/0+0.11 ms cpu, 3->3->1 MB, 4 MB goal, 0 MB stacks, 0 MB globals, 4 P
gc 2020 @44.068s 1%: 0.081+1.1+0.045 ms clock, 0.32+0.53/0.56/0+0.18 ms cpu, 3->3->1 MB, 4 MB goal, 0 MB stacks, 0 MB globals, 4 P
gc 2021 @44.073s 1%: 0.055+0.66+0.026 ms clock, 0.22+0.74/0.55/0+0.10 ms cpu, 3->3->1 MB, 4 MB goal, 0 MB stacks, 0 MB globals, 4 P
gc 2022 @44.078s 1%: 0.078+1.0+0.025 ms clock, 0.31+0.57/0.67/0+0.10 ms cpu, 3->3->1 MB, 4 MB goal, 0 MB stacks, 0 MB globals, 4 P
gc 2023 @44.083s 1%: 0.044+1.7+0.003 ms clock, 0.17+0.51/0.77/0+0.015 ms cpu, 3->3->1 MB, 4 MB goal, 0 MB stacks, 0 MB globals, 4 P
gc 2024 @44.088s 1%: 0.093+0.54+0.031 ms clock, 0.37+1.0/0.001/0+0.12 ms cpu, 3->3->1 MB, 4 MB goal, 0 MB stacks, 0 MB globals, 4 P
gc 2025 @44.093s 1%: 0.053+0.63+0.039 ms clock, 0.21+0.91/0.54/0+0.15 ms cpu, 3->3->1 MB, 4 MB goal, 0 MB stacks, 0 MB globals, 4 P
gc 2026 @44.098s 1%: 0.046+0.72+0.026 ms clock, 0.18+0.59/0.57/0+0.10 ms cpu, 3->3->1 MB, 4 MB goal, 0 MB stacks, 0 MB globals, 4 P
gc 2027 @44.103s 1%: 0.061+2.3+0.038 ms clock, 0.24+0.77/0.57/0+0.15 ms cpu, 3->3->1 MB, 4 MB goal, 0 MB stacks, 0 MB globals, 4 P
gc 2028 @44.109s 1%: 0.061+1.2+0.087 ms clock, 0.24+0.44/0.62/0+0.34 ms cpu, 3->3->1 MB, 4 MB goal, 0 MB stacks, 0 MB globals, 4 P
gc 2029 @44.113s 1%: 0.059+0.83+0.058 ms clock, 0.23+0.84/0.66/0+0.23 ms cpu, 3->3->1 MB, 4 MB goal, 0 MB stacks, 0 MB globals, 4 P
gc 2030 @44.118s 1%: 0.087+1.3+0.026 ms clock, 0.34+0.55/0.52/0+0.10 ms cpu, 3->3->1 MB, 4 MB goal, 0 MB stacks, 0 MB globals, 4 P
gc 2031 @44.123s 1%: 0.11+0.90+0.076 ms clock, 0.45+0.70/0.50/0+0.30 ms cpu, 3->3->1 MB, 4 MB goal, 0 MB stacks, 0 MB globals, 4 P
gc 2032 @44.128s 1%: 0.10+0.65+0.042 ms clock, 0.41+0.82/0.53/0+0.17 ms cpu, 3->3->1 MB, 4 MB goal, 0 MB stacks, 0 MB globals, 4 P
gc 2033 @44.133s 1%: 0.10+1.7+0.057 ms clock, 0.42+1.0/1.0/0.006+0.22 ms cpu, 3->3->1 MB, 4 MB goal, 0 MB stacks, 0 MB globals, 4 P
gc 2034 @44.139s 1%: 0.34+1.0+0.008 ms clock, 1.3+0.017/0.80/0+0.034 ms cpu, 3->3->1 MB, 4 MB goal, 0 MB stacks, 0 MB globals, 4 P
gc 2035 @44.144s 1%: 0.024+1.1+0.037 ms clock, 0.096+0.59/0.52/0+0.15 ms cpu, 3->3->1 MB, 4 MB goal, 0 MB stacks, 0 MB globals, 4 P
gc 2036 @44.149s 1%: 0.33+1.5+0.080 ms clock, 1.3+0.36/1.0/0+0.32 ms cpu, 3->3->1 MB, 4 MB goal, 0 MB stacks, 0 MB globals, 4 P
gc 2037 @44.154s 1%: 2.0+0.44+0.032 ms clock, 8.2+2.2/0.57/0+0.13 ms cpu, 3->3->1 MB, 4 MB goal, 0 MB stacks, 0 MB globals, 4 P
gc 2038 @44.159s 1%: 0.050+0.58+0.022 ms clock, 0.20+0.82/0.51/0+0.089 ms cpu, 3->3->1 MB, 4 MB goal, 0 MB stacks, 0 MB globals, 4 P
gc 2039 @44.164s 1%: 0.41+1.3+0.034 ms clock, 1.6+0.40/1.5/0+0.13 ms cpu, 3->3->1 MB, 4 MB goal, 0 MB stacks, 0 MB globals, 4 P
gc 2040 @44.169s 1%: 0.057+1.3+0.078 ms clock, 0.22+0.51/0.52/0+0.31 ms cpu, 3->3->1 MB, 4 MB goal, 0 MB stacks, 0 MB globals, 4 P
gc 2041 @44.174s 1%: 0.049+1.8+0.080 ms clock, 0.19+0.28/1.0/0+0.32 ms cpu, 3->3->1 MB, 4 MB goal, 0 MB stacks, 0 MB globals, 4 P
gc 2042 @44.179s 1%: 0.070+0.92+0.079 ms clock, 0.28+1.1/0.004/0+0.31 ms cpu, 3->3->1 MB, 4 MB goal, 0 MB stacks, 0 MB globals, 4 P
gc 2043 @44.184s 1%: 0.025+0.84+0.057 ms clock, 0.10+0.81/0.68/0+0.23 ms cpu, 3->3->1 MB, 4 MB goal, 0 MB stacks, 0 MB globals, 4 P
gc 2044 @44.189s 1%: 0.70+1.6+0.030 ms clock, 2.8+0.43/0.98/0+0.12 ms cpu, 3->3->1 MB, 4 MB goal, 0 MB stacks, 0 MB globals, 4 P
gc 2045 @44.195s 1%: 0.076+0.77+0.062 ms clock, 0.30+0.69/0.62/0+0.25 ms cpu, 3->3->1 MB, 4 MB goal, 0 MB stacks, 0 MB globals, 4 P
gc 2046 @44.200s 1%: 0.37+1.6+0.034 ms clock, 1.4+0.23/0.95/0+0.13 ms cpu, 3->3->1 MB, 4 MB goal, 0 MB stacks, 0 MB globals, 4 P
gc 2047 @44.205s 1%: 0.057+1.5+0.003 ms clock, 0.22+0.47/0.48/0+0.014 ms cpu, 3->3->1 MB, 4 MB goal, 0 MB stacks, 0 MB globals, 4 P
gc 2048 @44.210s 1%: 0.071+0.69+0.060 ms clock, 0.28+0.77/0.55/0+0.24 ms cpu, 3->3->1 MB, 4 MB goal, 0 MB stacks, 0 MB globals, 4 P
gc 2049 @44.215s 1%: 0.074+1.0+0.067 ms clock, 0.29+0.98/0.92/0.004+0.27 ms cpu, 3->3->1 MB, 4 MB goal, 0 MB stacks, 0 MB globals, 4 P
gc 2050 @44.220s 1%: 0.059+1.0+0.028 ms clock, 0.23+0.56/0.54/0+0.11 ms cpu, 3->3->1 MB, 4 MB goal, 0 MB stacks, 0 MB globals, 4 P
gc 2051 @44.225s 1%: 0.087+1.6+0.056 ms clock, 0.34+0.56/0.55/0+0.22 ms cpu, 3->3->1 MB, 4 MB goal, 0 MB stacks, 0 MB globals, 4 P
gc 2052 @44.230s 1%: 0.064+1.1+0.062 ms clock, 0.25+0.77/0.54/0+0.24 ms cpu, 3->3->1 MB, 4 MB goal, 0 MB stacks, 0 MB globals, 4 P
gc 2053 @44.235s 1%: 0.066+0.75+0.035 ms clock, 0.26+0.61/0.62/0+0.14 ms cpu, 3->3->1 MB, 4 MB goal, 0 MB stacks, 0 MB globals, 4 P
gc 2054 @44.240s 1%: 0.061+0.54+0.032 ms clock, 0.24+0.91/0.43/0+0.12 ms cpu, 3->3->1 MB, 4 MB goal, 0 MB stacks, 0 MB globals, 4 P
gc 2055 @44.245s 1%: 0.074+0.82+0.004 ms clock, 0.29+1.0/0.005/0+0.017 ms cpu, 3->3->1 MB, 4 MB goal, 0 MB stacks, 0 MB globals, 4 P
gc 2056 @44.250s 1%: 0.058+1.5+0.071 ms clock, 0.23+0.79/0.58/0+0.28 ms cpu, 3->3->1 MB, 4 MB goal, 0 MB stacks, 0 MB globals, 4 P
gc 2057 @44.256s 1%: 0.057+1.3+0.042 ms clock, 0.22+0.85/0.78/0+0.17 ms cpu, 3->3->1 MB, 4 MB goal, 0 MB stacks, 0 MB globals, 4 P
gc 2058 @44.260s 1%: 0.047+0.66+0.020 ms clock, 0.18+0.89/0.46/0+0.082 ms cpu, 3->3->1 MB, 4 MB goal, 0 MB stacks, 0 MB globals, 4 P
gc 2059 @44.265s 1%: 0.078+1.1+0.025 ms clock, 0.31+0.53/1.0/0+0.10 ms cpu, 3->3->1 MB, 4 MB goal, 0 MB stacks, 0 MB globals, 4 P
gc 2060 @44.270s 1%: 0.078+1.1+0.024 ms clock, 0.31+0.97/1.0/0+0.098 ms cpu, 3->3->1 MB, 4 MB goal, 0 MB stacks, 0 MB globals, 4 P
gc 2061 @44.275s 1%: 0.039+1.4+0.041 ms clock, 0.15+0.89/1.0/0+0.16 ms cpu, 3->3->1 MB, 4 MB goal, 0 MB stacks, 0 MB globals, 4 P
gc 2062 @44.281s 1%: 0.071+1.1+0.054 ms clock, 0.28+0.49/0.99/0+0.21 ms cpu, 3->3->1 MB, 4 MB goal, 0 MB stacks, 0 MB globals, 4 P
gc 2063 @44.286s 1%: 0.060+0.64+0.061 ms clock, 0.24+0.79/0.43/0+0.24 ms cpu, 3->3->1 MB, 4 MB goal, 0 MB stacks, 0 MB globals, 4 P
gc 2064 @44.290s 1%: 0.052+1.6+0.018 ms clock, 0.20+1.7/0.60/0+0.072 ms cpu, 3->3->1 MB, 4 MB goal, 0 MB stacks, 0 MB globals, 4 P
gc 2065 @44.296s 1%: 0.076+1.6+0.007 ms clock, 0.30+0.56/0.47/0+0.028 ms cpu, 3->3->1 MB, 4 MB goal, 0 MB stacks, 0 MB globals, 4 P
gc 2066 @44.301s 1%: 0.052+0.76+0.003 ms clock, 0.20+1.1/0/0+0.012 ms cpu, 3->3->1 MB, 4 MB goal, 0 MB stacks, 0 MB globals, 4 P
gc 2067 @44.305s 1%: 0.45+0.73+0.029 ms clock, 1.8+0.56/1.0/0+0.11 ms cpu, 3->3->1 MB, 4 MB goal, 0 MB stacks, 0 MB globals, 4 P
gc 2068 @44.310s 1%: 0.097+1.7+0.016 ms clock, 0.39+0.50/0.53/0+0.064 ms cpu, 3->3->1 MB, 4 MB goal, 0 MB stacks, 0 MB globals, 4 P
gc 2069 @44.316s 1%: 0.083+0.59+0.058 ms clock, 0.33+0.71/0.51/0+0.23 ms cpu, 3->3->1 MB, 4 MB goal, 0 MB stacks, 0 MB globals, 4 P
gc 2070 @44.320s 1%: 0.053+1.1+0.029 ms clock, 0.21+0.47/0.55/0+0.11 ms cpu, 3->3->1 MB, 4 MB goal, 0 MB stacks, 0 MB globals, 4 P
gc 2071 @44.325s 1%: 0.093+1.2+0.040 ms clock, 0.37+0.41/0.56/0+0.16 ms cpu, 3->3->1 MB, 4 MB goal, 0 MB stacks, 0 MB globals, 4 P
gc 2072 @44.331s 1%: 0.066+0.52+0.079 ms clock, 0.26+0.68/0.46/0+0.31 ms cpu, 3->3->1 MB, 4 MB goal, 0 MB stacks, 0 MB globals, 4 P
gc 2073 @44.335s 1%: 0.072+1.5+0.017 ms clock, 0.28+1.1/1.0/0+0.069 ms cpu, 3->3->1 MB, 4 MB goal, 0 MB stacks, 0 MB globals, 4 P
gc 2074 @44.341s 1%: 0.057+1.6+0.045 ms clock, 0.22+0.60/0.64/0+0.18 ms cpu, 3->3->1 MB, 4 MB goal, 0 MB stacks, 0 MB globals, 4 P
gc 2075 @44.346s 1%: 0.021+1.1+0.087 ms clock, 0.087+0.97/0.20/0+0.35 ms cpu, 3->3->1 MB, 4 MB goal, 0 MB stacks, 0 MB globals, 4 P
gc 2076 @44.351s 1%: 0.048+1.5+0.034 ms clock, 0.19+0.36/0.62/0+0.13 ms cpu, 3->3->1 MB, 4 MB goal, 0 MB stacks, 0 MB globals, 4 P
gc 2077 @44.356s 1%: 0.027+1.0+0.070 ms clock, 0.10+0.76/0.49/0+0.28 ms cpu, 3->3->1 MB, 4 MB goal, 0 MB stacks, 0 MB globals, 4 P
gc 2078 @44.361s 1%: 0.10+0.62+0.044 ms clock, 0.42+0.72/0.50/0+0.17 ms cpu, 3->3->1 MB, 4 MB goal, 0 MB stacks, 0 MB globals, 4 P
gc 2079 @44.366s 1%: 0.060+1.7+0.008 ms clock, 0.24+0.67/0.60/0+0.032 ms cpu, 3->3->1 MB, 4 MB goal, 0 MB stacks, 0 MB globals, 4 P
gc 2080 @44.371s 1%: 0.10+0.70+0.033 ms clock, 0.42+0.72/0.57/0+0.13 ms cpu, 3->3->1 MB, 4 MB goal, 0 MB stacks, 0 MB globals, 4 P
gc 2081 @44.376s 1%: 0.084+1.8+0.063 ms clock, 0.33+0.29/0.73/0+0.25 ms cpu, 3->3->1 MB, 4 MB goal, 0 MB stacks, 0 MB globals, 4 P
gc 2082 @44.381s 1%: 0.32+1.3+0.077 ms clock, 1.3+0.42/0.92/0+0.30 ms cpu, 3->3->1 MB, 4 MB goal, 0 MB stacks, 0 MB globals, 4 P
gc 2083 @44.386s 1%: 0.11+1.0+0.088 ms clock, 0.47+0.46/0.59/0+0.35 ms cpu, 3->3->1 MB, 4 MB goal, 0 MB stacks, 0 MB globals, 4 P
gc 2084 @44.391s 1%: 0.072+2.9+0.011 ms clock, 0.29+0.55/2.1/0+0.047 ms cpu, 3->3->1 MB, 4 MB goal, 0 MB stacks, 0 MB globals, 4 P
gc 2085 @44.397s 1%: 0.059+1.1+0.072 ms clock, 0.23+0.43/0.82/0+0.28 ms cpu, 3->3->1 MB, 4 MB goal, 0 MB stacks, 0 MB globals, 4 P
gc 2086 @44.402s 1%: 0.34+1.0+0.028 ms clock, 1.3+0.40/0.99/0.14+0.11 ms cpu, 3->3->1 MB, 4 MB goal, 0 MB stacks, 0 MB globals, 4 P
gc 2087 @44.407s 1%: 0.097+1.1+0.038 ms clock, 0.38+0.70/0.56/0+0.15 ms cpu, 3->3->1 MB, 4 MB goal, 0 MB stacks, 0 MB globals, 4 P
gc 2088 @44.412s 1%: 0.36+1.7+0.007 ms clock, 1.4+0.53/1.5/0.049+0.031 ms cpu, 3->4->1 MB, 4 MB goal, 0 MB stacks, 0 MB globals, 4 P
gc 2089 @44.417s 1%: 0.085+1.3+0.032 ms clock, 0.34+0.39/0.67/0+0.13 ms cpu, 3->3->1 MB, 4 MB goal, 0 MB stacks, 0 MB globals, 4 P
gc 2090 @44.422s 1%: 0.082+0.54+0.032 ms clock, 0.33+0.77/0.42/0+0.13 ms cpu, 3->3->1 MB, 4 MB goal, 0 MB stacks, 0 MB globals, 4 P
gc 2091 @44.427s 1%: 0.062+1.4+0.019 ms clock, 0.25+0.61/0.85/0+0.079 ms cpu, 3->3->1 MB, 4 MB goal, 0 MB stacks, 0 MB globals, 4 P
gc 2092 @44.432s 1%: 0.068+1.4+0.080 ms clock, 0.27+0.54/0.50/0+0.32 ms cpu, 3->3->1 MB, 4 MB goal, 0 MB stacks, 0 MB globals, 4 P
gc 2093 @44.437s 1%: 0.11+1.1+0.053 ms clock, 0.45+0.43/0.57/0+0.21 ms cpu, 3->3->1 MB, 4 MB goal, 0 MB stacks, 0 MB globals, 4 P
gc 2094 @44.442s 1%: 0.079+0.64+0.021 ms clock, 0.31+0.66/0.54/0+0.084 ms cpu, 3->3->1 MB, 4 MB goal, 0 MB stacks, 0 MB globals, 4 P
gc 2095 @44.447s 1%: 0.088+1.1+0.086 ms clock, 0.35+0.69/0.92/0+0.34 ms cpu, 3->3->1 MB, 4 MB goal, 0 MB stacks, 0 MB globals, 4 P
gc 2096 @44.452s 1%: 0.080+1.1+0.027 ms clock, 0.32+0.70/0.63/0+0.11 ms cpu, 3->3->1 MB, 4 MB goal, 0 MB stacks, 0 MB globals, 4 P
gc 2097 @44.458s 1%: 0.047+0.95+0.068 ms clock, 0.18+0.71/0.72/0+0.27 ms cpu, 3->3->1 MB, 4 MB goal, 0 MB stacks, 0 MB globals, 4 P
gc 2098 @44.462s 1%: 0.079+0.52+0.054 ms clock, 0.31+0.64/0.43/0+0.21 ms cpu, 3->3->1 MB, 4 MB goal, 0 MB stacks, 0 MB globals, 4 P
gc 2099 @44.467s 1%: 0.066+1.8+0.063 ms clock, 0.26+0.65/0.55/0+0.25 ms cpu, 3->3->1 MB, 4 MB goal, 0 MB stacks, 0 MB globals, 4 P
gc 2100 @44.473s 1%: 0.056+1.5+0.046 ms clock, 0.22+0.74/0.43/0+0.18 ms cpu, 3->3->1 MB, 4 MB goal, 0 MB stacks, 0 MB globals, 4 P
gc 2101 @44.478s 1%: 0.071+1.3+0.078 ms clock, 0.28+0.52/0.62/0+0.31 ms cpu, 3->3->1 MB, 4 MB goal, 0 MB stacks, 0 MB globals, 4 P
gc 2102 @44.483s 1%: 0.10+1.5+0.021 ms clock, 0.41+0.61/0.46/0+0.086 ms cpu, 3->3->1 MB, 4 MB goal, 0 MB stacks, 0 MB globals, 4 P
gc 2103 @44.488s 1%: 0.096+0.68+0.042 ms clock, 0.38+0.75/0.53/0+0.17 ms cpu, 3->3->1 MB, 4 MB goal, 0 MB stacks, 0 MB globals, 4 P
gc 2104 @44.493s 1%: 0.075+1.9+0.039 ms clock, 0.30+0.45/0.60/0+0.15 ms cpu, 3->3->1 MB, 4 MB goal, 0 MB stacks, 0 MB globals, 4 P
gc 2105 @44.498s 1%: 0.067+1.0+0.032 ms clock, 0.27+1.0/0.004/0+0.13 ms cpu, 3->3->1 MB, 4 MB goal, 0 MB stacks, 0 MB globals, 4 P
gc 2106 @44.503s 1%: 0.061+1.0+0.077 ms clock, 0.24+0.58/0.58/0+0.30 ms cpu, 3->3->1 MB, 4 MB goal, 0 MB stacks, 0 MB globals, 4 P
gc 2107 @44.509s 1%: 0.050+1.3+0.083 ms clock, 0.20+0.49/0.51/0+0.33 ms cpu, 3->3->1 MB, 4 MB goal, 0 MB stacks, 0 MB globals, 4 P
gc 2108 @44.513s 1%: 0.043+0.62+0.067 ms clock, 0.17+0.82/0.51/0+0.26 ms cpu, 3->3->1 MB, 4 MB goal, 0 MB stacks, 0 MB globals, 4 P
gc 2109 @44.518s 1%: 0.055+0.69+0.047 ms clock, 0.22+0.81/0.54/0+0.18 ms cpu, 3->3->1 MB, 4 MB goal, 0 MB stacks, 0 MB globals, 4 P
gc 2110 @44.523s 1%: 0.045+0.73+0.030 ms clock, 0.18+0.88/0.51/0+0.12 ms cpu, 3->3->1 MB, 4 MB goal, 0 MB stacks, 0 MB globals, 4 P
gc 2111 @44.528s 1%: 0.28+1.0+0.022 ms clock, 1.1+0.39/0.80/0+0.088 ms cpu, 3->3->1 MB, 4 MB goal, 0 MB stacks, 0 MB globals, 4 P
gc 2112 @44.533s 1%: 0.053+0.73+0.026 ms clock, 0.21+0.66/0.42/0+0.10 ms cpu, 3->3->1 MB, 4 MB goal, 0 MB stacks, 0 MB globals, 4 P
gc 2113 @44.539s 1%: 0.093+0.55+0.060 ms clock, 0.37+0.76/0.43/0+0.24 ms cpu, 3->3->1 MB, 4 MB goal, 0 MB stacks, 0 MB globals, 4 P
gc 2114 @44.544s 1%: 0.057+0.64+0.061 ms clock, 0.23+0.76/0.47/0+0.24 ms cpu, 3->3->1 MB, 4 MB goal, 0 MB stacks, 0 MB globals, 4 P
gc 2115 @44.549s 1%: 0.11+0.67+0.051 ms clock, 0.47+0.88/0.52/0+0.20 ms cpu, 3->3->1 MB, 4 MB goal, 0 MB stacks, 0 MB globals, 4 P
gc 2116 @44.554s 1%: 0.080+1.6+0.018 ms clock, 0.32+0.73/0.56/0+0.072 ms cpu, 3->3->1 MB, 4 MB goal, 0 MB stacks, 0 MB globals, 4 P
gc 2117 @44.559s 1%: 0.090+0.59+0.030 ms clock, 0.36+0.63/0.53/0+0.12 ms cpu, 3->3->1 MB, 4 MB goal, 0 MB stacks, 0 MB globals, 4 P
gc 2118 @44.564s 1%: 0.049+1.3+0.051 ms clock, 0.19+0.66/0.49/0+0.20 ms cpu, 3->3->1 MB, 4 MB goal, 0 MB stacks, 0 MB globals, 4 P
gc 2119 @44.569s 1%: 0.055+1.1+0.020 ms clock, 0.22+0.50/0.47/0+0.081 ms cpu, 3->3->1 MB, 4 MB goal, 0 MB stacks, 0 MB globals, 4 P
gc 2120 @44.574s 1%: 0.35+0.73+0.005 ms clock, 1.4+0.52/0.92/0+0.023 ms cpu, 3->3->1 MB, 4 MB goal, 0 MB stacks, 0 MB globals, 4 P
gc 2121 @44.579s 1%: 0.080+1.3+0.059 ms clock, 0.32+0.32/0.60/0+0.23 ms cpu, 3->3->1 MB, 4 MB goal, 0 MB stacks, 0 MB globals, 4 P
gc 2122 @44.584s 1%: 0.062+1.0+0.032 ms clock, 0.24+0.87/0.52/0+0.12 ms cpu, 3->3->1 MB, 4 MB goal, 0 MB stacks, 0 MB globals, 4 P
gc 2123 @44.589s 1%: 0.057+0.68+0.087 ms clock, 0.22+0.55/0.55/0+0.35 ms cpu, 3->3->1 MB, 4 MB goal, 0 MB stacks, 0 MB globals, 4 P
gc 2124 @44.594s 1%: 0.074+0.60+0.053 ms clock, 0.29+0.66/0.46/0+0.21 ms cpu, 3->3->1 MB, 4 MB goal, 0 MB stacks, 0 MB globals, 4 P
gc 2125 @44.599s 1%: 0.10+0.65+0.024 ms clock, 0.40+0.50/0.55/0+0.096 ms cpu, 3->3->1 MB, 4 MB goal, 0 MB stacks, 0 MB globals, 4 P
gc 2126 @44.604s 1%: 1.3+0.81+0.009 ms clock, 5.2+0.84/1.4/0+0.038 ms cpu, 3->3->1 MB, 4 MB goal, 0 MB stacks, 0 MB globals, 4 P
gc 2127 @44.609s 1%: 1.1+0.16+0.031 ms clock, 4.7+0.81/1.2/0+0.12 ms cpu, 3->3->1 MB, 4 MB goal, 0 MB stacks, 0 MB globals, 4 P
gc 2128 @44.614s 1%: 1.8+1.4+0.041 ms clock, 7.2+0.73/1.8/0+0.16 ms cpu, 3->4->1 MB, 4 MB goal, 0 MB stacks, 0 MB globals, 4 P
gc 2129 @44.620s 1%: 1.4+0.37+0.043 ms clock, 5.7+0.50/1.6/0+0.17 ms cpu, 3->3->1 MB, 4 MB goal, 0 MB stacks, 0 MB globals, 4 P
gc 2130 @44.625s 1%: 0.096+1.0+0.030 ms clock, 0.38+0.39/0.63/0+0.12 ms cpu, 3->3->1 MB, 4 MB goal, 0 MB stacks, 0 MB globals, 4 P
gc 2131 @44.630s 1%: 1.5+1.1+0.005 ms clock, 6.3+0.41/1.7/0+0.021 ms cpu, 3->3->1 MB, 4 MB goal, 0 MB stacks, 0 MB globals, 4 P
gc 2132 @44.635s 1%: 0.064+1.2+0.083 ms clock, 0.25+0.33/0.53/0+0.33 ms cpu, 3->3->1 MB, 4 MB goal, 0 MB stacks, 0 MB globals, 4 P
gc 2133 @44.640s 1%: 0.076+0.50+0.057 ms clock, 0.30+0.84/0.43/0+0.23 ms cpu, 3->3->1 MB, 4 MB goal, 0 MB stacks, 0 MB globals, 4 P
gc 2134 @44.645s 1%: 0.069+1.3+0.032 ms clock, 0.27+0.48/0.44/0+0.12 ms cpu, 3->3->1 MB, 4 MB goal, 0 MB stacks, 0 MB globals, 4 P
gc 2135 @44.650s 1%: 0.059+1.5+0.071 ms clock, 0.23+0.75/0.61/0+0.28 ms cpu, 3->3->1 MB, 4 MB goal, 0 MB stacks, 0 MB globals, 4 P
gc 2136 @44.655s 1%: 0.38+1.7+0.044 ms clock, 1.5+1.0/0.57/0+0.17 ms cpu, 3->3->1 MB, 4 MB goal, 0 MB stacks, 0 MB globals, 4 P
gc 2137 @44.660s 1%: 0.066+0.61+0.022 ms clock, 0.26+0.84/0.50/0+0.090 ms cpu, 3->3->1 MB, 4 MB goal, 0 MB stacks, 0 MB globals, 4 P
gc 2138 @44.665s 1%: 0.034+0.65+0.042 ms clock, 0.13+0.85/0.50/0+0.16 ms cpu, 3->3->1 MB, 4 MB goal, 0 MB stacks, 0 MB globals, 4 P
gc 2139 @44.670s 1%: 1.9+0.87+0.028 ms clock, 7.6+0.77/1.9/0+0.11 ms cpu, 3->3->1 MB, 4 MB goal, 0 MB stacks, 0 MB globals, 4 P
gc 2140 @44.676s 1%: 1.4+0.65+0.005 ms clock, 5.8+0.36/1.6/0+0.023 ms cpu, 3->3->1 MB, 4 MB goal, 0 MB stacks, 0 MB globals, 4 P
gc 2141 @44.681s 1%: 0.066+2.0+0.027 ms clock, 0.26+0.31/1.0/0+0.10 ms cpu, 3->3->1 MB, 4 MB goal, 0 MB stacks, 0 MB globals, 4 P
gc 2142 @44.686s 1%: 0.42+2.7+0.012 ms clock, 1.7+0.50/1.6/0+0.050 ms cpu, 3->4->1 MB, 4 MB goal, 0 MB stacks, 0 MB globals, 4 P
gc 2143 @44.691s 1%: 0.60+0.97+0.030 ms clock, 2.4+0.54/0.85/0+0.12 ms cpu, 3->3->1 MB, 4 MB goal, 0 MB stacks, 0 MB globals, 4 P
gc 2144 @44.696s 1%: 0.065+1.4+0.003 ms clock, 0.26+0.64/0.54/0+0.013 ms cpu, 3->3->1 MB, 4 MB goal, 0 MB stacks, 0 MB globals, 4 P
gc 2145 @44.701s 1%: 0.065+0.98+0.017 ms clock, 0.26+0.48/0.53/0+0.069 ms cpu, 3->3->1 MB, 4 MB goal, 0 MB stacks, 0 MB globals, 4 P
gc 2146 @44.706s 1%: 0.51+1.1+0.025 ms clock, 2.0+1.6/0.70/0+0.10 ms cpu, 3->3->1 MB, 4 MB goal, 0 MB stacks, 0 MB globals, 4 P
gc 2147 @44.711s 1%: 0.084+1.4+0.088 ms clock, 0.33+0.50/0.55/0+0.35 ms cpu, 3->3->1 MB, 4 MB goal, 0 MB stacks, 0 MB globals, 4 P
gc 2148 @44.716s 1%: 0.051+1.5+0.003 ms clock, 0.20+0.32/0.64/0+0.014 ms cpu, 3->3->1 MB, 4 MB goal, 0 MB stacks, 0 MB globals, 4 P
gc 2149 @44.721s 1%: 0.063+1.5+0.095 ms clock, 0.25+0.59/1.0/0.002+0.38 ms cpu, 3->3->1 MB, 4 MB goal, 0 MB stacks, 0 MB globals, 4 P
gc 2150 @44.726s 1%: 0.064+0.57+0.038 ms clock, 0.25+0.83/0.43/0+0.15 ms cpu, 3->3->1 MB, 4 MB goal, 0 MB stacks, 0 MB globals, 4 P
gc 2151 @44.731s 1%: 0.040+1.5+0.025 ms clock, 0.16+0.77/0.55/0+0.10 ms cpu, 3->3->1 MB, 4 MB goal, 0 MB stacks, 0 MB globals, 4 P
gc 2152 @44.736s 1%: 0.046+1.8+0.028 ms clock, 0.18+0.56/0.68/0+0.11 ms cpu, 3->4->1 MB, 4 MB goal, 0 MB stacks, 0 MB globals, 4 P
gc 2153 @44.742s 1%: 0.021+0.52+0.057 ms clock, 0.086+0.93/0.37/0+0.23 ms cpu, 3->3->1 MB, 4 MB goal, 0 MB stacks, 0 MB globals, 4 P
gc 2154 @44.746s 1%: 0.054+1.5+0.068 ms clock, 0.21+0.56/0.61/0+0.27 ms cpu, 3->3->1 MB, 4 MB goal, 0 MB stacks, 0 MB globals, 4 P
gc 2155 @44.752s 1%: 0.033+1.5+0.011 ms clock, 0.13+0.57/0.53/0+0.046 ms cpu, 3->3->1 MB, 4 MB goal, 0 MB stacks, 0 MB globals, 4 P
gc 2156 @44.757s 1%: 0.084+0.75+0.057 ms clock, 0.33+1.1/0.006/0+0.22 ms cpu, 3->3->1 MB, 4 MB goal, 0 MB stacks, 0 MB globals, 4 P
gc 2157 @44.762s 1%: 0.10+1.5+0.039 ms clock, 0.41+1.6/0.25/0+0.15 ms cpu, 3->3->1 MB, 4 MB goal, 0 MB stacks, 0 MB globals, 4 P
gc 2158 @44.767s 1%: 0.054+0.46+0.029 ms clock, 0.21+0.89/0.39/0+0.11 ms cpu, 3->3->1 MB, 4 MB goal, 0 MB stacks, 0 MB globals, 4 P
gc 2159 @44.772s 1%: 0.045+0.53+0.044 ms clock, 0.18+0.86/0.47/0+0.17 ms cpu, 3->3->1 MB, 4 MB goal, 0 MB stacks, 0 MB globals, 4 P
gc 2160 @44.776s 1%: 0.053+2.6+0.025 ms clock, 0.21+0.62/0.61/0+0.10 ms cpu, 3->4->1 MB, 4 MB goal, 0 MB stacks, 0 MB globals, 4 P
gc 2161 @44.782s 1%: 0.067+1.8+0.022 ms clock, 0.27+0.63/1.2/0.001+0.090 ms cpu, 3->4->1 MB, 4 MB goal, 0 MB stacks, 0 MB globals, 4 P
gc 2162 @44.787s 1%: 0.057+0.60+0.053 ms clock, 0.22+0.86/0.45/0+0.21 ms cpu, 3->3->1 MB, 4 MB goal, 0 MB stacks, 0 MB globals, 4 P
gc 2163 @44.792s 1%: 0.044+0.92+0.044 ms clock, 0.17+1.1/0.001/0+0.17 ms cpu, 3->3->1 MB, 4 MB goal, 0 MB stacks, 0 MB globals, 4 P
gc 2164 @44.797s 1%: 0.075+1.3+0.004 ms clock, 0.30+0.57/0.50/0+0.017 ms cpu, 3->3->1 MB, 4 MB goal, 0 MB stacks, 0 MB globals, 4 P
gc 2165 @44.802s 1%: 0.038+0.79+0.029 ms clock, 0.15+0.83/0.44/0+0.11 ms cpu, 3->3->1 MB, 4 MB goal, 0 MB stacks, 0 MB globals, 4 P
gc 2166 @44.807s 1%: 0.053+1.9+0.055 ms clock, 0.21+0.74/0.56/0+0.22 ms cpu, 3->3->1 MB, 4 MB goal, 0 MB stacks, 0 MB globals, 4 P
gc 2167 @44.812s 1%: 0.066+0.88+0.051 ms clock, 0.26+0.76/0.65/0+0.20 ms cpu, 3->3->1 MB, 4 MB goal, 0 MB stacks, 0 MB globals, 4 P
gc 2168 @44.817s 1%: 0.055+0.57+0.061 ms clock, 0.22+0.75/0.46/0+0.24 ms cpu, 3->3->1 MB, 4 MB goal, 0 MB stacks, 0 MB globals, 4 P
gc 2169 @44.822s 1%: 0.084+0.64+0.027 ms clock, 0.33+0.76/0.54/0+0.10 ms cpu, 3->3->1 MB, 4 MB goal, 0 MB stacks, 0 MB globals, 4 P
gc 2170 @44.827s 1%: 0.16+0.92+0.049 ms clock, 0.65+0.57/0.66/0.032+0.19 ms cpu, 3->3->1 MB, 4 MB goal, 0 MB stacks, 0 MB globals, 4 P
gc 2171 @44.832s 1%: 0.059+0.73+0.051 ms clock, 0.23+0.61/0.57/0+0.20 ms cpu, 3->3->1 MB, 4 MB goal, 0 MB stacks, 0 MB globals, 4 P
gc 2172 @44.837s 1%: 0.067+1.3+0.031 ms clock, 0.27+1.5/0.58/0+0.12 ms cpu, 3->3->1 MB, 4 MB goal, 0 MB stacks, 0 MB globals, 4 P
gc 2173 @44.842s 1%: 1.5+0.46+0.099 ms clock, 6.1+0.75/1.5/0+0.39 ms cpu, 3->3->1 MB, 4 MB goal, 0 MB stacks, 0 MB globals, 4 P
gc 2174 @44.847s 1%: 0.16+2.5+0.060 ms clock, 0.67+0.71/0.65/0+0.24 ms cpu, 3->4->1 MB, 4 MB goal, 0 MB stacks, 0 MB globals, 4 P
gc 2175 @44.852s 1%: 0.028+0.71+0.028 ms clock, 0.11+0.86/0.053/0+0.11 ms cpu, 3->3->1 MB, 4 MB goal, 0 MB stacks, 0 MB globals, 4 P
gc 2176 @44.857s 1%: 0.069+0.86+0.093 ms clock, 0.27+1.0/0.001/0+0.37 ms cpu, 3->3->1 MB, 4 MB goal, 0 MB stacks, 0 MB globals, 4 P
gc 2177 @44.862s 1%: 0.11+1.3+0.054 ms clock, 0.45+0.92/0.52/0+0.21 ms cpu, 3->3->1 MB, 4 MB goal, 0 MB stacks, 0 MB globals, 4 P
gc 2178 @44.867s 1%: 0.076+1.0+0.060 ms clock, 0.30+1.0/0.041/0+0.24 ms cpu, 3->3->1 MB, 4 MB goal, 0 MB stacks, 0 MB globals, 4 P
gc 2179 @44.872s 1%: 0.083+0.71+0.031 ms clock, 0.33+0.71/0.59/0+0.12 ms cpu, 3->3->1 MB, 4 MB goal, 0 MB stacks, 0 MB globals, 4 P
gc 2180 @44.878s 1%: 0.099+0.86+0.077 ms clock, 0.39+0.64/0.67/0+0.30 ms cpu, 3->3->1 MB, 4 MB goal, 0 MB stacks, 0 MB globals, 4 P
gc 2181 @44.882s 1%: 0.050+0.70+0.045 ms clock, 0.20+0.83/0.57/0+0.18 ms cpu, 3->3->1 MB, 4 MB goal, 0 MB stacks, 0 MB globals, 4 P
gc 2182 @44.887s 1%: 0.087+2.1+0.049 ms clock, 0.35+0.43/0.67/0+0.19 ms cpu, 3->3->1 MB, 4 MB goal, 0 MB stacks, 0 MB globals, 4 P
gc 2183 @44.892s 1%: 0.085+0.97+0.025 ms clock, 0.34+0.59/0.56/0+0.10 ms cpu, 3->3->1 MB, 4 MB goal, 0 MB stacks, 0 MB globals, 4 P
gc 2184 @44.897s 1%: 0.078+1.1+0.079 ms clock, 0.31+0.48/0.44/0+0.31 ms cpu, 3->3->1 MB, 4 MB goal, 0 MB stacks, 0 MB globals, 4 P
gc 2185 @44.903s 1%: 0.066+0.80+0.036 ms clock, 0.26+0.73/0.65/0+0.14 ms cpu, 3->3->1 MB, 4 MB goal, 0 MB stacks, 0 MB globals, 4 P
gc 2186 @44.907s 1%: 0.080+0.68+0.030 ms clock, 0.32+0.82/0.57/0+0.12 ms cpu, 3->3->1 MB, 4 MB goal, 0 MB stacks, 0 MB globals, 4 P
gc 2187 @44.912s 1%: 0.052+1.3+0.050 ms clock, 0.20+0.69/0.71/0+0.20 ms cpu, 3->3->1 MB, 4 MB goal, 0 MB stacks, 0 MB globals, 4 P
gc 2188 @44.917s 1%: 0.10+0.55+0.059 ms clock, 0.40+0.68/0.45/0+0.23 ms cpu, 3->3->1 MB, 4 MB goal, 0 MB stacks, 0 MB globals, 4 P
gc 2189 @44.922s 1%: 0.43+0.92+0.041 ms clock, 1.7+0.39/1.0/0+0.16 ms cpu, 3->3->1 MB, 4 MB goal, 0 MB stacks, 0 MB globals, 4 P
gc 2190 @44.927s 1%: 0.070+0.62+0.041 ms clock, 0.28+0.78/0.52/0+0.16 ms cpu, 3->3->1 MB, 4 MB goal, 0 MB stacks, 0 MB globals, 4 P
gc 2191 @44.932s 1%: 0.054+1.9+0.080 ms clock, 0.21+0.60/0.48/0+0.32 ms cpu, 3->3->1 MB, 4 MB goal, 0 MB stacks, 0 MB globals, 4 P
gc 2192 @44.937s 1%: 0.093+0.68+0.024 ms clock, 0.37+0.76/0.55/0+0.098 ms cpu, 3->3->1 MB, 4 MB goal, 0 MB stacks, 0 MB globals, 4 P
gc 2193 @44.942s 1%: 0.088+1.3+0.043 ms clock, 0.35+0.77/0.67/0+0.17 ms cpu, 3->3->1 MB, 4 MB goal, 0 MB stacks, 0 MB globals, 4 P
gc 2194 @44.948s 1%: 0.059+0.83+0.061 ms clock, 0.23+0.64/0.59/0+0.24 ms cpu, 3->3->1 MB, 4 MB goal, 0 MB stacks, 0 MB globals, 4 P
gc 2195 @44.952s 1%: 0.052+0.91+0.040 ms clock, 0.21+0.85/0.55/0+0.16 ms cpu, 3->3->1 MB, 4 MB goal, 0 MB stacks, 0 MB globals, 4 P
gc 2196 @44.957s 1%: 0.083+1.6+0.029 ms clock, 0.33+0.84/0.57/0+0.11 ms cpu, 3->3->1 MB, 4 MB goal, 0 MB stacks, 0 MB globals, 4 P
gc 2197 @44.963s 1%: 1.8+0.40+0.030 ms clock, 7.3+0.49/2.0/0+0.12 ms cpu, 3->3->1 MB, 4 MB goal, 0 MB stacks, 0 MB globals, 4 P
gc 2198 @44.968s 1%: 0.96+0.70+0.026 ms clock, 3.8+0.66/1.0/0+0.10 ms cpu, 3->3->1 MB, 4 MB goal, 0 MB stacks, 0 MB globals, 4 P
gc 2199 @44.973s 1%: 0.051+0.67+0.023 ms clock, 0.20+0.83/0.49/0+0.093 ms cpu, 3->3->1 MB, 4 MB goal, 0 MB stacks, 0 MB globals, 4 P
gc 2200 @44.978s 1%: 0.093+1.0+0.025 ms clock, 0.37+0.57/0.64/0+0.10 ms cpu, 3->3->1 MB, 4 MB goal, 0 MB stacks, 0 MB globals, 4 P
gc 2201 @44.983s 1%: 0.060+1.1+0.066 ms clock, 0.24+0.73/0.69/0+0.26 ms cpu, 3->3->1 MB, 4 MB goal, 0 MB stacks, 0 MB globals, 4 P
gc 2202 @44.988s 1%: 0.060+1.6+0.070 ms clock, 0.24+0.73/0.69/0+0.28 ms cpu, 3->3->1 MB, 4 MB goal, 0 MB stacks, 0 MB globals, 4 P
gc 2203 @44.993s 1%: 0.074+0.61+0.033 ms clock, 0.29+0.55/0.55/0+0.13 ms cpu, 3->3->1 MB, 4 MB goal, 0 MB stacks, 0 MB globals, 4 P
gc 2204 @44.998s 1%: 1.4+0.51+0.023 ms clock, 5.7+0.63/1.5/0+0.093 ms cpu, 3->3->1 MB, 4 MB goal, 0 MB stacks, 0 MB globals, 4 P
gc 2205 @45.003s 1%: 0.052+1.1+0.077 ms clock, 0.21+0.88/0.52/0+0.30 ms cpu, 3->3->1 MB, 4 MB goal, 0 MB stacks, 0 MB globals, 4 P
gc 2206 @45.008s 1%: 0.048+1.5+0.044 ms clock, 0.19+0.59/0.56/0+0.17 ms cpu, 3->3->1 MB, 4 MB goal, 0 MB stacks, 0 MB globals, 4 P
gc 2207 @45.014s 1%: 0.039+1.3+0.032 ms clock, 0.15+0.45/0.56/0+0.13 ms cpu, 3->3->1 MB, 4 MB goal, 0 MB stacks, 0 MB globals, 4 P
gc 2208 @45.019s 1%: 0.24+1.2+0.038 ms clock, 0.98+1.4/0.76/0+0.15 ms cpu, 3->3->1 MB, 4 MB goal, 0 MB stacks, 0 MB globals, 4 P
gc 2209 @45.024s 1%: 0.030+0.62+0.022 ms clock, 0.12+0.66/0.53/0+0.088 ms cpu, 3->3->1 MB, 4 MB goal, 0 MB stacks, 0 MB globals, 4 P
gc 2210 @45.029s 1%: 0.049+0.67+0.021 ms clock, 0.19+0.62/0.54/0+0.087 ms cpu, 3->3->1 MB, 4 MB goal, 0 MB stacks, 0 MB globals, 4 P
gc 2211 @45.033s 1%: 0.079+1.0+0.042 ms clock, 0.31+0.72/0.92/0+0.17 ms cpu, 3->3->1 MB, 4 MB goal, 0 MB stacks, 0 MB globals, 4 P
gc 2212 @45.038s 1%: 0.087+1.0+0.005 ms clock, 0.34+1.1/0.97/0+0.022 ms cpu, 3->3->1 MB, 4 MB goal, 0 MB stacks, 0 MB globals, 4 P
gc 2213 @45.043s 1%: 0.068+1.2+0.046 ms clock, 0.27+0.23/0.67/0+0.18 ms cpu, 3->3->1 MB, 4 MB goal, 0 MB stacks, 0 MB globals, 4 P
gc 2214 @45.048s 1%: 0.22+0.77+0.015 ms clock, 0.89+0.64/0.88/0+0.062 ms cpu, 3->3->1 MB, 4 MB goal, 0 MB stacks, 0 MB globals, 4 P
gc 2215 @45.053s 1%: 0.087+0.54+0.027 ms clock, 0.35+0.86/0.45/0+0.10 ms cpu, 3->3->1 MB, 4 MB goal, 0 MB stacks, 0 MB globals, 4 P
gc 2216 @45.058s 1%: 0.084+1.9+0.074 ms clock, 0.33+0.63/0.75/0+0.29 ms cpu, 3->3->1 MB, 4 MB goal, 0 MB stacks, 0 MB globals, 4 P
gc 2217 @45.063s 1%: 0.066+0.99+0.027 ms clock, 0.26+0.72/0.83/0+0.10 ms cpu, 3->3->1 MB, 4 MB goal, 0 MB stacks, 0 MB globals, 4 P
gc 2218 @45.068s 1%: 0.050+2.5+0.046 ms clock, 0.20+2.1/0.70/0+0.18 ms cpu, 3->3->1 MB, 4 MB goal, 0 MB stacks, 0 MB globals, 4 P
gc 2219 @45.074s 1%: 0.076+1.0+0.083 ms clock, 0.30+0.40/0.64/0+0.33 ms cpu, 3->3->1 MB, 4 MB goal, 0 MB stacks, 0 MB globals, 4 P
gc 2220 @45.079s 1%: 0.062+1.5+0.010 ms clock, 0.24+0.59/0.49/0+0.041 ms cpu, 3->3->1 MB, 4 MB goal, 0 MB stacks, 0 MB globals, 4 P
gc 2221 @45.084s 1%: 0.099+1.0+0.053 ms clock, 0.39+0.53/0.54/0+0.21 ms cpu, 3->3->1 MB, 4 MB goal, 0 MB stacks, 0 MB globals, 4 P
gc 2222 @45.089s 1%: 0.37+1.0+0.026 ms clock, 1.5+0.59/1.1/0.11+0.10 ms cpu, 3->3->1 MB, 4 MB goal, 0 MB stacks, 0 MB globals, 4 P
gc 2223 @45.094s 1%: 0.077+1.7+0.078 ms clock, 0.30+0.68/0.68/0+0.31 ms cpu, 3->3->1 MB, 4 MB goal, 0 MB stacks, 0 MB globals, 4 P
gc 2224 @45.099s 1%: 0.047+0.50+0.028 ms clock, 0.19+0.75/0.41/0+0.11 ms cpu, 3->3->1 MB, 4 MB goal, 0 MB stacks, 0 MB globals, 4 P
gc 2225 @45.104s 1%: 0.058+0.71+0.007 ms clock, 0.23+0.73/0.54/0+0.028 ms cpu, 3->3->1 MB, 4 MB goal, 0 MB stacks, 0 MB globals, 4 P
gc 2226 @45.109s 1%: 0.11+1.9+0.049 ms clock, 0.46+0.92/0.93/0+0.19 ms cpu, 3->3->1 MB, 4 MB goal, 0 MB stacks, 0 MB globals, 4 P
gc 2227 @45.114s 1%: 0.10+1.9+0.018 ms clock, 0.42+0.32/0.75/0+0.075 ms cpu, 3->3->1 MB, 4 MB goal, 0 MB stacks, 0 MB globals, 4 P
gc 2228 @45.119s 1%: 0.068+1.3+0.097 ms clock, 0.27+0.46/0.80/0+0.39 ms cpu, 3->3->1 MB, 4 MB goal, 0 MB stacks, 0 MB globals, 4 P
gc 2229 @45.124s 1%: 0.060+0.76+0.099 ms clock, 0.24+0.44/0.61/0+0.39 ms cpu, 3->3->1 MB, 4 MB goal, 0 MB stacks, 0 MB globals, 4 P
gc 2230 @45.129s 1%: 0.061+0.80+0.049 ms clock, 0.24+0.58/0.71/0+0.19 ms cpu, 3->3->1 MB, 4 MB goal, 0 MB stacks, 0 MB globals, 4 P
gc 2231 @45.134s 1%: 0.070+1.7+0.048 ms clock, 0.28+0.94/0.47/0+0.19 ms cpu, 3->3->1 MB, 4 MB goal, 0 MB stacks, 0 MB globals, 4 P
gc 2232 @45.139s 1%: 0.28+0.93+0.033 ms clock, 1.1+0.58/1.0/0+0.13 ms cpu, 3->3->1 MB, 4 MB goal, 0 MB stacks, 0 MB globals, 4 P
gc 2233 @45.144s 1%: 0.093+1.5+0.039 ms clock, 0.37+0.54/0.53/0+0.15 ms cpu, 3->3->1 MB, 4 MB goal, 0 MB stacks, 0 MB globals, 4 P
gc 2234 @45.149s 1%: 0.054+1.3+0.004 ms clock, 0.21+0.55/0.43/0+0.016 ms cpu, 3->3->1 MB, 4 MB goal, 0 MB stacks, 0 MB globals, 4 P
gc 2235 @45.155s 1%: 0.073+0.73+0.041 ms clock, 0.29+0.80/0.56/0+0.16 ms cpu, 3->3->1 MB, 4 MB goal, 0 MB stacks, 0 MB globals, 4 P
gc 2236 @45.159s 1%: 0.026+1.0+0.034 ms clock, 0.10+0.68/0.58/0+0.13 ms cpu, 3->3->1 MB, 4 MB goal, 0 MB stacks, 0 MB globals, 4 P
gc 2237 @45.164s 1%: 0.057+0.70+0.031 ms clock, 0.22+0.95/0.54/0+0.12 ms cpu, 3->3->1 MB, 4 MB goal, 0 MB stacks, 0 MB globals, 4 P
gc 2238 @45.169s 1%: 0.062+1.0+0.045 ms clock, 0.25+1.2/0.68/0+0.18 ms cpu, 3->3->1 MB, 4 MB goal, 0 MB stacks, 0 MB globals, 4 P
gc 2239 @45.174s 1%: 0.042+1.9+0.021 ms clock, 0.16+0.45/0.53/0+0.087 ms cpu, 3->3->1 MB, 4 MB goal, 0 MB stacks, 0 MB globals, 4 P
gc 2240 @45.180s 1%: 0.089+1.6+0.007 ms clock, 0.35+0.37/0.60/0+0.031 ms cpu, 3->3->1 MB, 4 MB goal, 0 MB stacks, 0 MB globals, 4 P
gc 2241 @45.185s 1%: 2.1+0.26+0.024 ms clock, 8.5+0.33/2.2/0+0.099 ms cpu, 3->3->1 MB, 4 MB goal, 0 MB stacks, 0 MB globals, 4 P
gc 2242 @45.190s 1%: 0.082+1.1+0.018 ms clock, 0.32+1.2/0.006/0+0.074 ms cpu, 3->3->1 MB, 4 MB goal, 0 MB stacks, 0 MB globals, 4 P
gc 2243 @45.195s 1%: 0.045+0.96+0.072 ms clock, 0.18+0.64/0.47/0+0.29 ms cpu, 3->3->1 MB, 4 MB goal, 0 MB stacks, 0 MB globals, 4 P
gc 2244 @45.200s 1%: 0.057+1.5+0.024 ms clock, 0.23+0.34/0.54/0+0.099 ms cpu, 3->3->1 MB, 4 MB goal, 0 MB stacks, 0 MB globals, 4 P
gc 2245 @45.205s 1%: 0.10+0.75+0.096 ms clock, 0.41+0.76/0.56/0+0.38 ms cpu, 3->3->1 MB, 4 MB goal, 0 MB stacks, 0 MB globals, 4 P
gc 2246 @45.210s 1%: 0.062+1.4+0.062 ms clock, 0.25+0.52/0.93/0+0.25 ms cpu, 3->3->1 MB, 4 MB goal, 0 MB stacks, 0 MB globals, 4 P
gc 2247 @45.215s 1%: 0.34+1.9+0.045 ms clock, 1.3+0.87/1.4/0.007+0.18 ms cpu, 3->4->1 MB, 4 MB goal, 0 MB stacks, 0 MB globals, 4 P
gc 2248 @45.221s 2%: 0.090+1.1+0.037 ms clock, 0.36+0.88/0.93/0.039+0.15 ms cpu, 3->3->1 MB, 4 MB goal, 0 MB stacks, 0 MB globals, 4 P
gc 2249 @45.226s 2%: 0.053+0.69+0.026 ms clock, 0.21+0.88/0.58/0+0.10 ms cpu, 3->3->1 MB, 4 MB goal, 0 MB stacks, 0 MB globals, 4 P
gc 2250 @45.231s 2%: 0.062+0.62+0.041 ms clock, 0.25+0.49/0.53/0+0.16 ms cpu, 3->3->1 MB, 4 MB goal, 0 MB stacks, 0 MB globals, 4 P
gc 2251 @45.236s 2%: 0.095+1.9+0.011 ms clock, 0.38+0.68/0.54/0+0.046 ms cpu, 3->3->1 MB, 4 MB goal, 0 MB stacks, 0 MB globals, 4 P
gc 2252 @45.241s 2%: 1.6+0.57+0.025 ms clock, 6.7+0.50/1.8/0+0.10 ms cpu, 3->3->1 MB, 4 MB goal, 0 MB stacks, 0 MB globals, 4 P
gc 2253 @45.246s 2%: 0.10+0.55+0.027 ms clock, 0.40+0.77/0.46/0+0.11 ms cpu, 3->3->1 MB, 4 MB goal, 0 MB stacks, 0 MB globals, 4 P
gc 2254 @45.251s 2%: 0.052+0.82+0.077 ms clock, 0.20+0.78/0.71/0+0.31 ms cpu, 3->3->1 MB, 4 MB goal, 0 MB stacks, 0 MB globals, 4 P
gc 2255 @45.256s 2%: 0.036+2.0+0.033 ms clock, 0.14+0.65/0.47/0+0.13 ms cpu, 3->3->1 MB, 4 MB goal, 0 MB stacks, 0 MB globals, 4 P
gc 2256 @45.261s 2%: 0.056+0.54+0.034 ms clock, 0.22+0.67/0.44/0+0.13 ms cpu, 3->3->1 MB, 4 MB goal, 0 MB stacks, 0 MB globals, 4 P
gc 2257 @45.266s 2%: 0.062+0.63+0.061 ms clock, 0.25+0.78/0.51/0+0.24 ms cpu, 3->3->1 MB, 4 MB goal, 0 MB stacks, 0 MB globals, 4 P
gc 2258 @45.271s 2%: 0.090+1.5+0.037 ms clock, 0.36+0.55/1.1/0+0.14 ms cpu, 3->3->1 MB, 4 MB goal, 0 MB stacks, 0 MB globals, 4 P
gc 2259 @45.276s 2%: 0.34+0.69+0.034 ms clock, 1.3+0.37/0.91/0+0.13 ms cpu, 3->3->1 MB, 4 MB goal, 0 MB stacks, 0 MB globals, 4 P
gc 2260 @45.281s 2%: 1.7+1.3+0.025 ms clock, 6.8+0.30/1.8/0+0.10 ms cpu, 3->3->1 MB, 4 MB goal, 0 MB stacks, 0 MB globals, 4 P
gc 2261 @45.286s 2%: 0.11+0.52+0.055 ms clock, 0.46+0.62/0.54/0+0.22 ms cpu, 3->3->1 MB, 4 MB goal, 0 MB stacks, 0 MB globals, 4 P
gc 2262 @45.291s 2%: 0.053+0.84+0.030 ms clock, 0.21+0.55/0.73/0+0.12 ms cpu, 3->3->1 MB, 4 MB goal, 0 MB stacks, 0 MB globals, 4 P
gc 2263 @45.296s 2%: 0.082+1.7+0.061 ms clock, 0.32+0.53/0.96/0+0.24 ms cpu, 3->3->1 MB, 4 MB goal, 0 MB stacks, 0 MB globals, 4 P
gc 2264 @45.301s 2%: 0.043+0.54+0.024 ms clock, 0.17+0.54/0.49/0+0.099 ms cpu, 3->3->1 MB, 4 MB goal, 0 MB stacks, 0 MB globals, 4 P
gc 2265 @45.306s 2%: 0.073+0.61+0.029 ms clock, 0.29+0.48/0.55/0+0.11 ms cpu, 3->3->1 MB, 4 MB goal, 0 MB stacks, 0 MB globals, 4 P
gc 2266 @45.311s 2%: 0.084+0.71+0.037 ms clock, 0.33+1.1/0.008/0+0.14 ms cpu, 3->3->1 MB, 4 MB goal, 0 MB stacks, 0 MB globals, 4 P
gc 2267 @45.316s 2%: 0.065+1.3+0.033 ms clock, 0.26+1.0/0.001/0+0.13 ms cpu, 3->3->1 MB, 4 MB goal, 0 MB stacks, 0 MB globals, 4 P
gc 2268 @45.321s 2%: 0.055+0.66+0.052 ms clock, 0.22+0.96/0.44/0+0.20 ms cpu, 3->3->1 MB, 4 MB goal, 0 MB stacks, 0 MB globals, 4 P
gc 2269 @45.326s 2%: 0.059+1.7+0.026 ms clock, 0.23+0.75/0.70/0+0.10 ms cpu, 3->3->1 MB, 4 MB goal, 0 MB stacks, 0 MB globals, 4 P
gc 2270 @45.331s 2%: 0.047+2.3+0.046 ms clock, 0.19+0.67/0.54/0+0.18 ms cpu, 3->3->1 MB, 4 MB goal, 0 MB stacks, 0 MB globals, 4 P
gc 2271 @45.336s 2%: 0.092+1.0+0.020 ms clock, 0.36+0.55/0.42/0+0.081 ms cpu, 3->3->1 MB, 4 MB goal, 0 MB stacks, 0 MB globals, 4 P
gc 2272 @45.341s 2%: 0.055+0.65+0.033 ms clock, 0.22+0.77/0.47/0+0.13 ms cpu, 3->3->1 MB, 4 MB goal, 0 MB stacks, 0 MB globals, 4 P
gc 2273 @45.346s 2%: 0.090+0.66+0.019 ms clock, 0.36+0.53/0.58/0+0.077 ms cpu, 3->3->1 MB, 4 MB goal, 0 MB stacks, 0 MB globals, 4 P
gc 2274 @45.351s 2%: 0.068+1.8+0.062 ms clock, 0.27+0.64/0.55/0+0.25 ms cpu, 3->3->1 MB, 4 MB goal, 0 MB stacks, 0 MB globals, 4 P
gc 2275 @45.356s 2%: 0.081+1.5+0.050 ms clock, 0.32+0.57/0.58/0+0.20 ms cpu, 3->3->1 MB, 4 MB goal, 0 MB stacks, 0 MB globals, 4 P
gc 2276 @45.361s 2%: 0.062+1.1+0.029 ms clock, 0.24+1.6/0.60/0+0.11 ms cpu, 3->3->1 MB, 4 MB goal, 0 MB stacks, 0 MB globals, 4 P
gc 2277 @45.366s 2%: 0.074+1.5+0.003 ms clock, 0.29+0.59/0.68/0+0.012 ms cpu, 3->3->1 MB, 4 MB goal, 0 MB stacks, 0 MB globals, 4 P
gc 2278 @45.371s 2%: 0.043+1.5+0.087 ms clock, 0.17+0.60/1.0/0.019+0.34 ms cpu, 3->3->1 MB, 4 MB goal, 0 MB stacks, 0 MB globals, 4 P
gc 2279 @45.377s 2%: 0.37+1.4+0.029 ms clock, 1.4+0.089/0.74/0+0.11 ms cpu, 3->3->1 MB, 4 MB goal, 0 MB stacks, 0 MB globals, 4 P
gc 2280 @45.382s 2%: 0.046+1.4+0.076 ms clock, 0.18+0.70/0.66/0+0.30 ms cpu, 3->3->1 MB, 4 MB goal, 0 MB stacks, 0 MB globals, 4 P
gc 2281 @45.387s 2%: 0.045+1.3+0.008 ms clock, 0.18+0.60/0.68/0+0.035 ms cpu, 3->3->1 MB, 4 MB goal, 0 MB stacks, 0 MB globals, 4 P
gc 2282 @45.392s 2%: 0.046+1.0+0.041 ms clock, 0.18+0.66/0.54/0+0.16 ms cpu, 3->3->1 MB, 4 MB goal, 0 MB stacks, 0 MB globals, 4 P
gc 2283 @45.397s 2%: 0.058+1.1+0.051 ms clock, 0.23+0.76/0.49/0.038+0.20 ms cpu, 3->3->1 MB, 4 MB goal, 0 MB stacks, 0 MB globals, 4 P
gc 2284 @45.402s 2%: 2.6+0.13+0.027 ms clock, 10+0.67/2.7/0+0.11 ms cpu, 3->4->1 MB, 4 MB goal, 0 MB stacks, 0 MB globals, 4 P
gc 2285 @45.407s 2%: 0.090+0.84+0.044 ms clock, 0.36+0.59/0.71/0+0.17 ms cpu, 3->3->1 MB, 4 MB goal, 0 MB stacks, 0 MB globals, 4 P
gc 2286 @45.412s 2%: 0.091+1.3+0.086 ms clock, 0.36+0.29/0.64/0+0.34 ms cpu, 3->3->1 MB, 4 MB goal, 0 MB stacks, 0 MB globals, 4 P
gc 2287 @45.417s 2%: 0.078+0.61+0.025 ms clock, 0.31+0.85/0.54/0+0.10 ms cpu, 3->3->1 MB, 4 MB goal, 0 MB stacks, 0 MB globals, 4 P
gc 2288 @45.422s 2%: 0.073+1.2+0.030 ms clock, 0.29+0.32/0.64/0+0.12 ms cpu, 3->3->1 MB, 4 MB goal, 0 MB stacks, 0 MB globals, 4 P
gc 2289 @45.427s 2%: 0.091+0.69+0.061 ms clock, 0.36+0.51/0.59/0+0.24 ms cpu, 3->3->1 MB, 4 MB goal, 0 MB stacks, 0 MB globals, 4 P
gc 2290 @45.432s 2%: 0.079+1.2+0.029 ms clock, 0.31+0.59/1.1/0+0.11 ms cpu, 3->3->1 MB, 4 MB goal, 0 MB stacks, 0 MB globals, 4 P
gc 2291 @45.438s 2%: 0.093+0.95+0.090 ms clock, 0.37+0.81/0.47/0+0.36 ms cpu, 3->3->1 MB, 4 MB goal, 0 MB stacks, 0 MB globals, 4 P
gc 2292 @45.443s 2%: 0.078+0.80+0.056 ms clock, 0.31+0.65/0.68/0+0.22 ms cpu, 3->3->1 MB, 4 MB goal, 0 MB stacks, 0 MB globals, 4 P
gc 2293 @45.448s 2%: 0.42+2.1+0.008 ms clock, 1.7+0.34/1.3/0+0.032 ms cpu, 3->3->1 MB, 4 MB goal, 0 MB stacks, 0 MB globals, 4 P
gc 2294 @45.453s 2%: 0.045+1.5+0.006 ms clock, 0.18+0.36/0.71/0+0.026 ms cpu, 3->3->1 MB, 4 MB goal, 0 MB stacks, 0 MB globals, 4 P
gc 2295 @45.458s 2%: 0.061+0.81+0.040 ms clock, 0.24+0.73/0.65/0+0.16 ms cpu, 3->3->1 MB, 4 MB goal, 0 MB stacks, 0 MB globals, 4 P
gc 2296 @45.463s 2%: 1.0+2.4+0.044 ms clock, 4.1+0.63/1.3/0+0.17 ms cpu, 3->4->1 MB, 4 MB goal, 0 MB stacks, 0 MB globals, 4 P
gc 2297 @45.468s 2%: 0.83+1.4+0.042 ms clock, 3.3+0.56/1.2/0.014+0.16 ms cpu, 3->4->1 MB, 4 MB goal, 0 MB stacks, 0 MB globals, 4 P
gc 2298 @45.474s 2%: 0.061+1.2+0.011 ms clock, 0.24+0.29/0.66/0+0.044 ms cpu, 3->3->1 MB, 4 MB goal, 0 MB stacks, 0 MB globals, 4 P
gc 2299 @45.479s 2%: 0.080+0.96+0.003 ms clock, 0.32+0.36/0.73/0+0.015 ms cpu, 3->3->1 MB, 4 MB goal, 0 MB stacks, 0 MB globals, 4 P
gc 2300 @45.484s 2%: 0.062+2.0+0.033 ms clock, 0.24+0.63/0.62/0+0.13 ms cpu, 3->3->1 MB, 4 MB goal, 0 MB stacks, 0 MB globals, 4 P
gc 2301 @45.489s 2%: 0.037+0.64+0.034 ms clock, 0.15+0.77/0.47/0+0.13 ms cpu, 3->3->1 MB, 4 MB goal, 0 MB stacks, 0 MB globals, 4 P
gc 2302 @45.494s 2%: 0.063+0.82+0.025 ms clock, 0.25+0.67/0.60/0+0.10 ms cpu, 3->3->1 MB, 4 MB goal, 0 MB stacks, 0 MB globals, 4 P
gc 2303 @45.499s 2%: 0.077+0.68+0.056 ms clock, 0.31+0.75/0.58/0+0.22 ms cpu, 3->3->1 MB, 4 MB goal, 0 MB stacks, 0 MB globals, 4 P
gc 2304 @45.504s 2%: 0.031+0.99+0.051 ms clock, 0.12+0.76/0.82/0+0.20 ms cpu, 3->3->1 MB, 4 MB goal, 0 MB stacks, 0 MB globals, 4 P
gc 2305 @45.509s 2%: 0.065+1.9+0.020 ms clock, 0.26+0.46/1.5/0.004+0.083 ms cpu, 3->3->1 MB, 4 MB goal, 0 MB stacks, 0 MB globals, 4 P
gc 2306 @45.514s 2%: 0.10+1.0+0.032 ms clock, 0.42+0.85/0.54/0+0.12 ms cpu, 3->3->1 MB, 4 MB goal, 0 MB stacks, 0 MB globals, 4 P
gc 2307 @45.519s 2%: 0.10+1.3+0.047 ms clock, 0.42+0.37/0.61/0+0.19 ms cpu, 3->3->1 MB, 4 MB goal, 0 MB stacks, 0 MB globals, 4 P
gc 2308 @45.524s 2%: 0.044+1.6+0.052 ms clock, 0.17+0.29/0.66/0+0.21 ms cpu, 3->3->1 MB, 4 MB goal, 0 MB stacks, 0 MB globals, 4 P
gc 2309 @45.529s 2%: 0.10+1.1+0.024 ms clock, 0.40+0.41/0.44/0+0.096 ms cpu, 3->3->1 MB, 4 MB goal, 0 MB stacks, 0 MB globals, 4 P
gc 2310 @45.534s 2%: 0.076+1.5+0.009 ms clock, 0.30+0.56/0.63/0+0.038 ms cpu, 3->3->1 MB, 4 MB goal, 0 MB stacks, 0 MB globals, 4 P
gc 2311 @45.539s 2%: 0.075+0.69+0.064 ms clock, 0.30+0.63/0.49/0+0.25 ms cpu, 3->3->1 MB, 4 MB goal, 0 MB stacks, 0 MB globals, 4 P
gc 2312 @45.544s 2%: 0.051+1.8+0.050 ms clock, 0.20+1.2/0.72/0+0.20 ms cpu, 3->3->1 MB, 4 MB goal, 0 MB stacks, 0 MB globals, 4 P
gc 2313 @45.549s 2%: 0.062+0.62+0.063 ms clock, 0.24+0.92/0.51/0+0.25 ms cpu, 3->3->1 MB, 4 MB goal, 0 MB stacks, 0 MB globals, 4 P
gc 2314 @45.554s 2%: 0.047+1.3+0.079 ms clock, 0.19+0.89/0.76/0+0.31 ms cpu, 3->3->1 MB, 4 MB goal, 0 MB stacks, 0 MB globals, 4 P
gc 2315 @45.559s 2%: 0.96+1.6+0.042 ms clock, 3.8+0.41/1.2/0+0.16 ms cpu, 3->3->1 MB, 4 MB goal, 0 MB stacks, 0 MB globals, 4 P
gc 2316 @45.565s 2%: 0.092+0.68+0.054 ms clock, 0.37+0.84/0.59/0+0.21 ms cpu, 3->3->1 MB, 4 MB goal, 0 MB stacks, 0 MB globals, 4 P
gc 2317 @45.570s 2%: 0.032+0.90+0.039 ms clock, 0.12+0.46/0.82/0.006+0.15 ms cpu, 3->3->1 MB, 4 MB goal, 0 MB stacks, 0 MB globals, 4 P
gc 2318 @45.575s 2%: 0.061+0.76+0.036 ms clock, 0.24+0.56/0.61/0+0.14 ms cpu, 3->3->1 MB, 4 MB goal, 0 MB stacks, 0 MB globals, 4 P
gc 2319 @45.580s 2%: 0.059+1.7+0.033 ms clock, 0.23+1.0/1.2/0+0.13 ms cpu, 3->3->1 MB, 4 MB goal, 0 MB stacks, 0 MB globals, 4 P
gc 2320 @45.585s 2%: 0.34+0.54+0.047 ms clock, 1.3+0.21/0.76/0+0.18 ms cpu, 3->3->1 MB, 4 MB goal, 0 MB stacks, 0 MB globals, 4 P
gc 2321 @45.590s 2%: 0.34+0.87+0.018 ms clock, 1.3+0.14/1.1/0+0.074 ms cpu, 3->3->1 MB, 4 MB goal, 0 MB stacks, 0 MB globals, 4 P
gc 2322 @45.595s 2%: 0.046+0.63+0.041 ms clock, 0.18+0.85/0.47/0+0.16 ms cpu, 3->3->1 MB, 4 MB goal, 0 MB stacks, 0 MB globals, 4 P
gc 2323 @45.600s 2%: 0.040+1.5+0.011 ms clock, 0.16+0.81/0.43/0+0.045 ms cpu, 3->3->1 MB, 4 MB goal, 0 MB stacks, 0 MB globals, 4 P
gc 2324 @45.605s 2%: 0.054+2.3+0.038 ms clock, 0.21+1.7/1.0/0+0.15 ms cpu, 3->4->1 MB, 4 MB goal, 0 MB stacks, 0 MB globals, 4 P
gc 2325 @45.610s 2%: 0.077+1.4+0.030 ms clock, 0.30+0.83/0.57/0+0.12 ms cpu, 3->3->1 MB, 4 MB goal, 0 MB stacks, 0 MB globals, 4 P
gc 2326 @45.615s 2%: 0.077+1.1+0.041 ms clock, 0.30+0.45/0.63/0+0.16 ms cpu, 3->3->1 MB, 4 MB goal, 0 MB stacks, 0 MB globals, 4 P
gc 2327 @45.620s 2%: 0.051+0.74+0.045 ms clock, 0.20+0.58/0.62/0+0.18 ms cpu, 3->3->1 MB, 4 MB goal, 0 MB stacks, 0 MB globals, 4 P
gc 2328 @45.625s 2%: 1.1+0.33+0.039 ms clock, 4.6+0.39/1.3/0+0.15 ms cpu, 3->3->1 MB, 4 MB goal, 0 MB stacks, 0 MB globals, 4 P
gc 2329 @45.630s 2%: 0.053+0.95+0.073 ms clock, 0.21+0.39/0.55/0+0.29 ms cpu, 3->3->1 MB, 4 MB goal, 0 MB stacks, 0 MB globals, 4 P
gc 2330 @45.635s 2%: 0.062+1.1+0.030 ms clock, 0.25+0.72/0.44/0+0.12 ms cpu, 3->3->1 MB, 4 MB goal, 0 MB stacks, 0 MB globals, 4 P
gc 2331 @45.641s 2%: 0.076+1.6+0.045 ms clock, 0.30+0.38/0.56/0+0.18 ms cpu, 3->3->1 MB, 4 MB goal, 0 MB stacks, 0 MB globals, 4 P
gc 2332 @45.646s 2%: 0.096+1.1+0.033 ms clock, 0.38+0.44/0.47/0+0.13 ms cpu, 3->3->1 MB, 4 MB goal, 0 MB stacks, 0 MB globals, 4 P
gc 2333 @45.651s 2%: 0.053+1.1+0.022 ms clock, 0.21+0.56/0.63/0+0.090 ms cpu, 3->3->1 MB, 4 MB goal, 0 MB stacks, 0 MB globals, 4 P
gc 2334 @45.656s 2%: 0.044+1.7+0.004 ms clock, 0.17+1.3/0.65/0+0.018 ms cpu, 3->3->1 MB, 4 MB goal, 0 MB stacks, 0 MB globals, 4 P
gc 2335 @45.661s 2%: 0.038+1.3+0.063 ms clock, 0.15+0.88/0.72/0+0.25 ms cpu, 3->3->1 MB, 4 MB goal, 0 MB stacks, 0 MB globals, 4 P
gc 2336 @45.666s 2%: 0.077+1.5+0.082 ms clock, 0.30+0.061/0.82/0+0.33 ms cpu, 3->3->1 MB, 4 MB goal, 0 MB stacks, 0 MB globals, 4 P
gc 2337 @45.671s 2%: 0.088+0.63+0.057 ms clock, 0.35+0.75/0.54/0+0.23 ms cpu, 3->3->1 MB, 4 MB goal, 0 MB stacks, 0 MB globals, 4 P
gc 2338 @45.677s 2%: 0.065+0.98+0.025 ms clock, 0.26+0.44/0.57/0+0.10 ms cpu, 3->3->1 MB, 4 MB goal, 0 MB stacks, 0 MB globals, 4 P
gc 2339 @45.682s 2%: 0.043+1.9+0.003 ms clock, 0.17+0.37/1.1/0.16+0.015 ms cpu, 3->3->1 MB, 4 MB goal, 0 MB stacks, 0 MB globals, 4 P
gc 2340 @45.687s 2%: 0.061+0.87+0.021 ms clock, 0.24+0.38/0.53/0+0.086 ms cpu, 3->3->1 MB, 4 MB goal, 0 MB stacks, 0 MB globals, 4 P
gc 2341 @45.692s 2%: 1.4+0.86+0.003 ms clock, 5.7+0.77/1.4/0+0.012 ms cpu, 3->3->1 MB, 4 MB goal, 0 MB stacks, 0 MB globals, 4 P
gc 2342 @45.697s 2%: 0.096+1.2+0.035 ms clock, 0.38+0.80/0.50/0+0.14 ms cpu, 3->3->1 MB, 4 MB goal, 0 MB stacks, 0 MB globals, 4 P
gc 2343 @45.702s 2%: 0.038+0.64+0.058 ms clock, 0.15+0.82/0.49/0+0.23 ms cpu, 3->3->1 MB, 4 MB goal, 0 MB stacks, 0 MB globals, 4 P
gc 2344 @45.707s 2%: 0.096+2.4+0.073 ms clock, 0.38+0.65/0.66/0+0.29 ms cpu, 3->3->1 MB, 4 MB goal, 0 MB stacks, 0 MB globals, 4 P
gc 2345 @45.713s 2%: 0.069+1.5+0.014 ms clock, 0.27+0.40/0.60/0+0.057 ms cpu, 3->3->1 MB, 4 MB goal, 0 MB stacks, 0 MB globals, 4 P
gc 2346 @45.718s 2%: 0.072+0.73+0.019 ms clock, 0.28+0.72/0.58/0+0.076 ms cpu, 3->3->1 MB, 4 MB goal, 0 MB stacks, 0 MB globals, 4 P
gc 2347 @45.722s 2%: 0.082+0.87+0.025 ms clock, 0.33+0.65/0.75/0+0.10 ms cpu, 3->3->1 MB, 4 MB goal, 0 MB stacks, 0 MB globals, 4 P
gc 2348 @45.727s 2%: 0.081+0.69+0.037 ms clock, 0.32+1.0/0.11/0+0.14 ms cpu, 3->3->1 MB, 4 MB goal, 0 MB stacks, 0 MB globals, 4 P
gc 2349 @45.732s 2%: 0.056+0.70+0.019 ms clock, 0.22+0.78/0.58/0+0.077 ms cpu, 3->3->1 MB, 4 MB goal, 0 MB stacks, 0 MB globals, 4 P
gc 2350 @45.737s 2%: 0.039+0.82+0.038 ms clock, 0.15+0.76/0.73/0+0.15 ms cpu, 3->3->1 MB, 4 MB goal, 0 MB stacks, 0 MB globals, 4 P
gc 2351 @45.742s 2%: 0.12+1.4+0.027 ms clock, 0.49+0.62/0.58/0+0.10 ms cpu, 3->3->1 MB, 4 MB goal, 0 MB stacks, 0 MB globals, 4 P
gc 2352 @45.747s 2%: 0.24+1.4+0.030 ms clock, 0.96+0.98/0.97/0+0.12 ms cpu, 3->3->1 MB, 4 MB goal, 0 MB stacks, 0 MB globals, 4 P
gc 2353 @45.753s 2%: 0.046+1.5+0.074 ms clock, 0.18+0.39/0.51/0+0.29 ms cpu, 3->3->1 MB, 4 MB goal, 0 MB stacks, 0 MB globals, 4 P
gc 2354 @45.758s 2%: 0.034+0.79+0.083 ms clock, 0.13+0.63/0.56/0+0.33 ms cpu, 3->3->1 MB, 4 MB goal, 0 MB stacks, 0 MB globals, 4 P
gc 2355 @45.763s 2%: 0.25+1.3+0.035 ms clock, 1.0+0.69/1.3/0+0.14 ms cpu, 3->3->1 MB, 4 MB goal, 0 MB stacks, 0 MB globals, 4 P
gc 2356 @45.768s 2%: 0.086+0.82+0.040 ms clock, 0.34+0.63/0.66/0+0.16 ms cpu, 3->3->1 MB, 4 MB goal, 0 MB stacks, 0 MB globals, 4 P
gc 2357 @45.773s 2%: 0.069+0.76+0.050 ms clock, 0.27+0.82/0.60/0+0.20 ms cpu, 3->3->1 MB, 4 MB goal, 0 MB stacks, 0 MB globals, 4 P
gc 2358 @45.778s 2%: 0.048+0.68+0.018 ms clock, 0.19+0.90/0.50/0+0.073 ms cpu, 3->3->1 MB, 4 MB goal, 0 MB stacks, 0 MB globals, 4 P
gc 2359 @45.782s 2%: 0.056+0.57+0.073 ms clock, 0.22+0.87/0.44/0+0.29 ms cpu, 3->3->1 MB, 4 MB goal, 0 MB stacks, 0 MB globals, 4 P
gc 2360 @45.787s 2%: 0.083+0.57+0.023 ms clock, 0.33+0.30/0.52/0+0.095 ms cpu, 3->3->1 MB, 4 MB goal, 0 MB stacks, 0 MB globals, 4 P
gc 2361 @45.792s 2%: 0.062+0.54+0.058 ms clock, 0.24+0.83/0.42/0+0.23 ms cpu, 3->3->1 MB, 4 MB goal, 0 MB stacks, 0 MB globals, 4 P
gc 2362 @45.798s 2%: 0.081+1.3+0.021 ms clock, 0.32+0.53/0.47/0+0.087 ms cpu, 3->3->1 MB, 4 MB goal, 0 MB stacks, 0 MB globals, 4 P
gc 2363 @45.803s 2%: 0.048+0.62+0.048 ms clock, 0.19+0.55/0.49/0+0.19 ms cpu, 3->3->1 MB, 4 MB goal, 0 MB stacks, 0 MB globals, 4 P
gc 2364 @45.808s 2%: 0.10+1.1+0.027 ms clock, 0.41+1.0/1.0/0+0.11 ms cpu, 3->3->1 MB, 4 MB goal, 0 MB stacks, 0 MB globals, 4 P
gc 2365 @45.813s 2%: 0.040+1.4+0.078 ms clock, 0.16+1.1/0.34/0+0.31 ms cpu, 3->3->1 MB, 4 MB goal, 0 MB stacks, 0 MB globals, 4 P
gc 2366 @45.818s 2%: 0.099+1.3+0.003 ms clock, 0.39+0.62/0.44/0.005+0.015 ms cpu, 3->3->1 MB, 4 MB goal, 0 MB stacks, 0 MB globals, 4 P
gc 2367 @45.823s 2%: 0.11+0.61+0.048 ms clock, 0.45+0.75/0.48/0+0.19 ms cpu, 3->3->1 MB, 4 MB goal, 0 MB stacks, 0 MB globals, 4 P
gc 2368 @45.828s 2%: 0.089+1.3+0.043 ms clock, 0.35+0.52/0.83/0+0.17 ms cpu, 3->3->1 MB, 4 MB goal, 0 MB stacks, 0 MB globals, 4 P
gc 2369 @45.833s 2%: 0.079+1.5+0.11 ms clock, 0.31+0.60/0.77/0+0.46 ms cpu, 3->3->1 MB, 4 MB goal, 0 MB stacks, 0 MB globals, 4 P
gc 2370 @45.838s 2%: 0.081+0.80+0.094 ms clock, 0.32+0.81/0.71/0+0.37 ms cpu, 3->3->1 MB, 4 MB goal, 0 MB stacks, 0 MB globals, 4 P
gc 2371 @45.844s 2%: 0.014+0.98+0.042 ms clock, 0.059+0.55/0.53/0+0.16 ms cpu, 3->3->1 MB, 4 MB goal, 0 MB stacks, 0 MB globals, 4 P
gc 2372 @45.848s 2%: 0.076+0.53+0.052 ms clock, 0.30+0.80/0.44/0+0.20 ms cpu, 3->3->1 MB, 4 MB goal, 0 MB stacks, 0 MB globals, 4 P
gc 2373 @45.853s 2%: 0.47+1.0+0.054 ms clock, 1.8+0.37/0.96/0+0.21 ms cpu, 3->3->1 MB, 4 MB goal, 0 MB stacks, 0 MB globals, 4 P
gc 2374 @45.858s 2%: 0.044+0.81+0.024 ms clock, 0.17+0.47/0.46/0+0.099 ms cpu, 3->3->1 MB, 4 MB goal, 0 MB stacks, 0 MB globals, 4 P
gc 2375 @45.863s 2%: 0.057+1.5+0.019 ms clock, 0.23+0.47/0.50/0+0.078 ms cpu, 3->3->1 MB, 4 MB goal, 0 MB stacks, 0 MB globals, 4 P
gc 2376 @45.869s 2%: 0.076+0.56+0.005 ms clock, 0.30+0.64/0.47/0+0.023 ms cpu, 3->3->1 MB, 4 MB goal, 0 MB stacks, 0 MB globals, 4 P
gc 2377 @45.874s 2%: 0.081+0.80+0.017 ms clock, 0.32+0.46/0.56/0+0.069 ms cpu, 3->3->1 MB, 4 MB goal, 0 MB stacks, 0 MB globals, 4 P
gc 2378 @45.879s 2%: 0.042+0.60+0.050 ms clock, 0.16+0.80/0.48/0+0.20 ms cpu, 3->3->1 MB, 4 MB goal, 0 MB stacks, 0 MB globals, 4 P
gc 2379 @45.884s 2%: 0.052+0.67+0.013 ms clock, 0.21+1.2/0/0+0.052 ms cpu, 3->3->1 MB, 4 MB goal, 0 MB stacks, 0 MB globals, 4 P
gc 2380 @45.889s 2%: 0.023+0.64+0.070 ms clock, 0.093+0.80/0.55/0+0.28 ms cpu, 3->3->1 MB, 4 MB goal, 0 MB stacks, 0 MB globals, 4 P
gc 2381 @45.893s 2%: 0.029+1.0+0.023 ms clock, 0.11+0.55/0.71/0+0.093 ms cpu, 3->3->1 MB, 4 MB goal, 0 MB stacks, 0 MB globals, 4 P
gc 2382 @45.898s 2%: 0.064+0.55+0.038 ms clock, 0.25+0.75/0.47/0+0.15 ms cpu, 3->3->1 MB, 4 MB goal, 0 MB stacks, 0 MB globals, 4 P
gc 2383 @45.903s 2%: 0.31+1.8+0.061 ms clock, 1.2+0.49/1.2/0+0.24 ms cpu, 3->3->1 MB, 4 MB goal, 0 MB stacks, 0 MB globals, 4 P
gc 2384 @45.908s 2%: 0.067+0.73+0.057 ms clock, 0.27+0.80/0.58/0+0.23 ms cpu, 3->3->1 MB, 4 MB goal, 0 MB stacks, 0 MB globals, 4 P
gc 2385 @45.913s 2%: 0.042+1.2+0.026 ms clock, 0.17+0.59/0.63/0+0.10 ms cpu, 3->3->1 MB, 4 MB goal, 0 MB stacks, 0 MB globals, 4 P
gc 2386 @45.918s 2%: 0.099+0.58+0.019 ms clock, 0.39+0.67/0.49/0+0.077 ms cpu, 3->3->1 MB, 4 MB goal, 0 MB stacks, 0 MB globals, 4 P
gc 2387 @45.923s 2%: 0.069+2.3+0.064 ms clock, 0.27+0.41/0.94/0+0.25 ms cpu, 3->3->1 MB, 4 MB goal, 0 MB stacks, 0 MB globals, 4 P
gc 2388 @45.928s 2%: 0.080+1.0+0.040 ms clock, 0.32+0.89/0.11/0+0.16 ms cpu, 3->3->1 MB, 4 MB goal, 0 MB stacks, 0 MB globals, 4 P
gc 2389 @45.933s 2%: 0.11+1.0+0.085 ms clock, 0.46+1.2/0.16/0+0.34 ms cpu, 3->3->1 MB, 4 MB goal, 0 MB stacks, 0 MB globals, 4 P
gc 2390 @45.938s 2%: 0.10+1.2+0.003 ms clock, 0.43+0.80/0.44/0+0.014 ms cpu, 3->3->1 MB, 4 MB goal, 0 MB stacks, 0 MB globals, 4 P
gc 2391 @45.943s 2%: 0.12+2.1+0.032 ms clock, 0.49+0.77/0.85/0+0.13 ms cpu, 3->3->1 MB, 4 MB goal, 0 MB stacks, 0 MB globals, 4 P
gc 2392 @45.949s 2%: 0.081+2.1+0.037 ms clock, 0.32+0.75/1.4/0+0.15 ms cpu, 3->3->1 MB, 4 MB goal, 0 MB stacks, 0 MB globals, 4 P
gc 2393 @45.954s 2%: 0.061+1.6+0.052 ms clock, 0.24+0.54/0.67/0+0.20 ms cpu, 3->3->1 MB, 4 MB goal, 0 MB stacks, 0 MB globals, 4 P
gc 2394 @45.959s 2%: 0.080+1.2+0.031 ms clock, 0.32+0.51/0.53/0+0.12 ms cpu, 3->3->1 MB, 4 MB goal, 0 MB stacks, 0 MB globals, 4 P
gc 2395 @45.964s 2%: 0.26+1.0+0.028 ms clock, 1.0+0.62/1.1/0.019+0.11 ms cpu, 3->3->1 MB, 4 MB goal, 0 MB stacks, 0 MB globals, 4 P
gc 2396 @45.969s 2%: 0.079+0.71+0.006 ms clock, 0.31+0.78/0.55/0+0.025 ms cpu, 3->3->1 MB, 4 MB goal, 0 MB stacks, 0 MB globals, 4 P
gc 2397 @45.974s 2%: 0.060+0.72+0.043 ms clock, 0.24+0.68/0.50/0+0.17 ms cpu, 3->3->1 MB, 4 MB goal, 0 MB stacks, 0 MB globals, 4 P
gc 2398 @45.979s 2%: 0.090+2.2+0.036 ms clock, 0.36+0.64/0.59/0+0.14 ms cpu, 3->3->1 MB, 4 MB goal, 0 MB stacks, 0 MB globals, 4 P
gc 2399 @45.984s 2%: 0.084+0.63+0.036 ms clock, 0.33+0.86/0.45/0+0.14 ms cpu, 3->3->1 MB, 4 MB goal, 0 MB stacks, 0 MB globals, 4 P
gc 2400 @45.989s 2%: 0.065+0.84+0.039 ms clock, 0.26+0.40/0.74/0+0.15 ms cpu, 3->3->1 MB, 4 MB goal, 0 MB stacks, 0 MB globals, 4 P
gc 2401 @45.994s 2%: 0.045+2.4+0.003 ms clock, 0.18+0.67/1.4/0+0.013 ms cpu, 3->4->1 MB, 4 MB goal, 0 MB stacks, 0 MB globals, 4 P
gc 2402 @46.000s 2%: 0.063+1.6+0.071 ms clock, 0.25+0.75/1.3/0+0.28 ms cpu, 3->3->1 MB, 4 MB goal, 0 MB stacks, 0 MB globals, 4 P
gc 2403 @46.005s 2%: 0.081+1.2+0.011 ms clock, 0.32+0.71/0.53/0+0.046 ms cpu, 3->3->1 MB, 4 MB goal, 0 MB stacks, 0 MB globals, 4 P
gc 2404 @46.010s 2%: 0.074+0.65+0.021 ms clock, 0.29+0.67/0.52/0+0.085 ms cpu, 3->3->1 MB, 4 MB goal, 0 MB stacks, 0 MB globals, 4 P
gc 2405 @46.015s 2%: 0.057+0.71+0.075 ms clock, 0.23+0.85/0.52/0+0.30 ms cpu, 3->3->1 MB, 4 MB goal, 0 MB stacks, 0 MB globals, 4 P
gc 2406 @46.019s 2%: 0.035+2.6+0.035 ms clock, 0.14+0.59/0.55/0+0.14 ms cpu, 3->3->1 MB, 4 MB goal, 0 MB stacks, 0 MB globals, 4 P
gc 2407 @46.025s 2%: 0.32+1.0+0.016 ms clock, 1.3+0.42/0.73/0+0.066 ms cpu, 3->3->1 MB, 4 MB goal, 0 MB stacks, 0 MB globals, 4 P
gc 2408 @46.030s 2%: 0.051+1.1+0.029 ms clock, 0.20+1.0/0.49/0+0.11 ms cpu, 3->3->1 MB, 4 MB goal, 0 MB stacks, 0 MB globals, 4 P
gc 2409 @46.035s 2%: 0.040+0.90+0.040 ms clock, 0.16+0.75/0.75/0+0.16 ms cpu, 3->3->1 MB, 4 MB goal, 0 MB stacks, 0 MB globals, 4 P
gc 2410 @46.040s 2%: 0.073+1.1+0.037 ms clock, 0.29+0.99/0.20/0+0.14 ms cpu, 3->3->1 MB, 4 MB goal, 0 MB stacks, 0 MB globals, 4 P
gc 2411 @46.045s 2%: 0.062+1.1+0.038 ms clock, 0.25+0.58/0.72/0+0.15 ms cpu, 3->3->1 MB, 4 MB goal, 0 MB stacks, 0 MB globals, 4 P
gc 2412 @46.050s 2%: 0.060+0.67+0.030 ms clock, 0.24+0.91/0.49/0+0.12 ms cpu, 3->3->1 MB, 4 MB goal, 0 MB stacks, 0 MB globals, 4 P
gc 2413 @46.055s 2%: 0.045+0.65+0.038 ms clock, 0.18+0.72/0.48/0+0.15 ms cpu, 3->3->1 MB, 4 MB goal, 0 MB stacks, 0 MB globals, 4 P
gc 2414 @46.060s 2%: 0.058+1.4+0.047 ms clock, 0.23+1.2/0.84/0+0.19 ms cpu, 3->3->1 MB, 4 MB goal, 0 MB stacks, 0 MB globals, 4 P
gc 2415 @46.065s 2%: 1.1+1.1+0.020 ms clock, 4.7+0.61/1.3/0+0.080 ms cpu, 3->3->1 MB, 4 MB goal, 0 MB stacks, 0 MB globals, 4 P
gc 2416 @46.070s 2%: 0.052+1.3+0.022 ms clock, 0.20+1.1/0.72/0+0.090 ms cpu, 3->3->1 MB, 4 MB goal, 0 MB stacks, 0 MB globals, 4 P
gc 2417 @46.075s 2%: 1.0+0.78+0.046 ms clock, 4.2+1.4/0.25/0+0.18 ms cpu, 3->3->1 MB, 4 MB goal, 0 MB stacks, 0 MB globals, 4 P
gc 2418 @46.080s 2%: 0.082+0.52+0.038 ms clock, 0.32+0.73/0.44/0+0.15 ms cpu, 3->3->1 MB, 4 MB goal, 0 MB stacks, 0 MB globals, 4 P
gc 2419 @46.085s 2%: 0.071+1.7+0.019 ms clock, 0.28+2.0/0.56/0+0.078 ms cpu, 3->3->1 MB, 4 MB goal, 0 MB stacks, 0 MB globals, 4 P
gc 2420 @46.090s 2%: 0.031+0.65+0.053 ms clock, 0.12+0.89/0.51/0+0.21 ms cpu, 3->3->1 MB, 4 MB goal, 0 MB stacks, 0 MB globals, 4 P
gc 2421 @46.095s 2%: 0.036+1.5+0.28 ms clock, 0.14+0.85/0.54/0+1.1 ms cpu, 3->3->1 MB, 4 MB goal, 0 MB stacks, 0 MB globals, 4 P
gc 2422 @46.100s 2%: 0.057+0.70+0.058 ms clock, 0.22+0.63/0.55/0+0.23 ms cpu, 3->3->1 MB, 4 MB goal, 0 MB stacks, 0 MB globals, 4 P
gc 2423 @46.105s 2%: 0.064+0.58+0.056 ms clock, 0.25+0.62/0.47/0+0.22 ms cpu, 3->3->1 MB, 4 MB goal, 0 MB stacks, 0 MB globals, 4 P
gc 2424 @46.110s 2%: 0.11+0.72+0.053 ms clock, 0.45+0.80/0.64/0+0.21 ms cpu, 3->3->1 MB, 4 MB goal, 0 MB stacks, 0 MB globals, 4 P
gc 2425 @46.115s 2%: 0.059+0.62+0.026 ms clock, 0.23+0.76/0.53/0+0.10 ms cpu, 3->3->1 MB, 4 MB goal, 0 MB stacks, 0 MB globals, 4 P
gc 2426 @46.120s 2%: 0.083+0.66+0.076 ms clock, 0.33+0.61/0.55/0+0.30 ms cpu, 3->3->1 MB, 4 MB goal, 0 MB stacks, 0 MB globals, 4 P
gc 2427 @46.125s 2%: 0.046+0.76+0.039 ms clock, 0.18+0.89/0.54/0+0.15 ms cpu, 3->3->1 MB, 4 MB goal, 0 MB stacks, 0 MB globals, 4 P
gc 2428 @46.130s 2%: 0.060+0.94+0.090 ms clock, 0.24+1.0/0.68/0+0.36 ms cpu, 3->3->1 MB, 4 MB goal, 0 MB stacks, 0 MB globals, 4 P
gc 2429 @46.135s 2%: 0.025+1.7+0.012 ms clock, 0.10+0.59/0.67/0+0.051 ms cpu, 3->3->1 MB, 4 MB goal, 0 MB stacks, 0 MB globals, 4 P
gc 2430 @46.140s 2%: 0.085+1.2+0.022 ms clock, 0.34+1.1/0.014/0+0.088 ms cpu, 3->3->1 MB, 4 MB goal, 0 MB stacks, 0 MB globals, 4 P
gc 2431 @46.145s 2%: 0.10+1.5+0.003 ms clock, 0.41+0.40/0.62/0+0.015 ms cpu, 3->3->1 MB, 4 MB goal, 0 MB stacks, 0 MB globals, 4 P
gc 2432 @46.150s 2%: 0.047+0.56+0.022 ms clock, 0.18+0.85/0.47/0+0.089 ms cpu, 3->3->1 MB, 4 MB goal, 0 MB stacks, 0 MB globals, 4 P
gc 2433 @46.155s 2%: 0.031+0.92+0.056 ms clock, 0.12+0.80/0.53/0+0.22 ms cpu, 3->3->1 MB, 4 MB goal, 0 MB stacks, 0 MB globals, 4 P
gc 2434 @46.160s 2%: 0.099+1.2+0.019 ms clock, 0.39+0.31/0.64/0+0.078 ms cpu, 3->3->1 MB, 4 MB goal, 0 MB stacks, 0 MB globals, 4 P
gc 2435 @46.165s 2%: 0.48+1.4+0.047 ms clock, 1.9+0.27/1.3/0.009+0.19 ms cpu, 3->3->1 MB, 4 MB goal, 0 MB stacks, 0 MB globals, 4 P
gc 2436 @46.170s 2%: 0.054+1.2+0.024 ms clock, 0.21+0.53/0.76/0+0.097 ms cpu, 3->3->1 MB, 4 MB goal, 0 MB stacks, 0 MB globals, 4 P
gc 2437 @46.175s 2%: 0.065+1.1+0.054 ms clock, 0.26+0.55/0.44/0+0.21 ms cpu, 3->3->1 MB, 4 MB goal, 0 MB stacks, 0 MB globals, 4 P
gc 2438 @46.181s 2%: 0.032+1.7+0.042 ms clock, 0.13+0.37/0.58/0+0.17 ms cpu, 3->3->1 MB, 4 MB goal, 0 MB stacks, 0 MB globals, 4 P
gc 2439 @46.186s 2%: 0.023+2.0+0.042 ms clock, 0.095+1.1/0.001/0+0.17 ms cpu, 3->3->1 MB, 4 MB goal, 0 MB stacks, 0 MB globals, 4 P
gc 2440 @46.191s 2%: 0.032+0.79+0.069 ms clock, 0.12+0.83/0.63/0+0.27 ms cpu, 3->3->1 MB, 4 MB goal, 0 MB stacks, 0 MB globals, 4 P
gc 2441 @46.196s 2%: 0.061+2.1+0.027 ms clock, 0.24+0.97/0.94/0+0.11 ms cpu, 3->3->1 MB, 4 MB goal, 0 MB stacks, 0 MB globals, 4 P
gc 2442 @46.201s 2%: 0.062+1.4+0.038 ms clock, 0.24+0.56/0.57/0+0.15 ms cpu, 3->3->1 MB, 4 MB goal, 0 MB stacks, 0 MB globals, 4 P
gc 2443 @46.206s 2%: 0.051+0.81+0.050 ms clock, 0.20+0.83/0.64/0+0.20 ms cpu, 3->3->1 MB, 4 MB goal, 0 MB stacks, 0 MB globals, 4 P
gc 2444 @46.211s 2%: 0.058+1.2+0.026 ms clock, 0.23+0.36/0.51/0+0.10 ms cpu, 3->3->1 MB, 4 MB goal, 0 MB stacks, 0 MB globals, 4 P
gc 2445 @46.216s 2%: 0.058+0.67+0.036 ms clock, 0.23+0.74/0.54/0+0.14 ms cpu, 3->3->1 MB, 4 MB goal, 0 MB stacks, 0 MB globals, 4 P
gc 2446 @46.221s 2%: 0.050+0.76+0.040 ms clock, 0.20+0.78/0.64/0+0.16 ms cpu, 3->3->1 MB, 4 MB goal, 0 MB stacks, 0 MB globals, 4 P
gc 2447 @46.226s 2%: 0.061+0.93+0.023 ms clock, 0.24+1.0/0.001/0+0.095 ms cpu, 3->3->1 MB, 4 MB goal, 0 MB stacks, 0 MB globals, 4 P
gc 2448 @46.231s 2%: 0.076+2.0+0.044 ms clock, 0.30+0.64/0.78/0+0.17 ms cpu, 3->3->1 MB, 4 MB goal, 0 MB stacks, 0 MB globals, 4 P
gc 2449 @46.236s 2%: 0.061+0.74+0.065 ms clock, 0.24+0.70/0.56/0+0.26 ms cpu, 3->3->1 MB, 4 MB goal, 0 MB stacks, 0 MB globals, 4 P
gc 2450 @46.241s 2%: 0.037+1.1+0.032 ms clock, 0.15+0.31/0.67/0+0.13 ms cpu, 3->3->1 MB, 4 MB goal, 0 MB stacks, 0 MB globals, 4 P
gc 2451 @46.246s 2%: 0.078+0.66+0.023 ms clock, 0.31+0.73/0.55/0+0.095 ms cpu, 3->3->1 MB, 4 MB goal, 0 MB stacks, 0 MB globals, 4 P
gc 2452 @46.251s 2%: 0.36+1.2+0.047 ms clock, 1.4+0.58/1.3/0+0.18 ms cpu, 3->3->1 MB, 4 MB goal, 0 MB stacks, 0 MB globals, 4 P
gc 2453 @46.256s 2%: 0.059+0.64+0.052 ms clock, 0.23+0.75/0.52/0+0.20 ms cpu, 3->3->1 MB, 4 MB goal, 0 MB stacks, 0 MB globals, 4 P
gc 2454 @46.261s 2%: 0.11+1.9+0.035 ms clock, 0.45+0.54/0.49/0+0.14 ms cpu, 3->3->1 MB, 4 MB goal, 0 MB stacks, 0 MB globals, 4 P
gc 2455 @46.266s 2%: 0.086+1.4+0.079 ms clock, 0.34+0.27/0.86/0+0.31 ms cpu, 3->3->1 MB, 4 MB goal, 0 MB stacks, 0 MB globals, 4 P
gc 2456 @46.271s 2%: 0.055+0.99+0.061 ms clock, 0.22+0.53/0.69/0+0.24 ms cpu, 3->3->1 MB, 4 MB goal, 0 MB stacks, 0 MB globals, 4 P
gc 2457 @46.276s 2%: 2.8+0.44+0.083 ms clock, 11+0.44/3.0/0+0.33 ms cpu, 3->3->1 MB, 4 MB goal, 0 MB stacks, 0 MB globals, 4 P
gc 2458 @46.281s 2%: 0.082+1.0+0.036 ms clock, 0.33+0.63/0.60/0+0.14 ms cpu, 3->3->1 MB, 4 MB goal, 0 MB stacks, 0 MB globals, 4 P
gc 2459 @46.286s 2%: 0.064+0.61+0.021 ms clock, 0.25+0.80/0.46/0+0.087 ms cpu, 3->3->1 MB, 4 MB goal, 0 MB stacks, 0 MB globals, 4 P
gc 2460 @46.291s 2%: 0.073+1.5+0.066 ms clock, 0.29+0.71/0.74/0+0.26 ms cpu, 3->3->1 MB, 4 MB goal, 0 MB stacks, 0 MB globals, 4 P
gc 2461 @46.296s 2%: 0.086+0.63+0.023 ms clock, 0.34+0.56/0.53/0+0.093 ms cpu, 3->3->1 MB, 4 MB goal, 0 MB stacks, 0 MB globals, 4 P
gc 2462 @46.301s 2%: 0.092+1.6+0.078 ms clock, 0.37+1.0/0.62/0+0.31 ms cpu, 3->3->1 MB, 4 MB goal, 0 MB stacks, 0 MB globals, 4 P
gc 2463 @46.306s 2%: 0.059+0.57+0.022 ms clock, 0.23+0.81/0.42/0+0.090 ms cpu, 3->3->1 MB, 4 MB goal, 0 MB stacks, 0 MB globals, 4 P
gc 2464 @46.311s 2%: 0.065+0.74+0.072 ms clock, 0.26+0.77/0.40/0+0.28 ms cpu, 3->3->1 MB, 4 MB goal, 0 MB stacks, 0 MB globals, 4 P
gc 2465 @46.316s 2%: 0.093+0.87+0.046 ms clock, 0.37+0.76/0.51/0+0.18 ms cpu, 3->3->1 MB, 4 MB goal, 0 MB stacks, 0 MB globals, 4 P
gc 2466 @46.321s 2%: 0.047+0.64+0.042 ms clock, 0.18+0.87/0.47/0+0.16 ms cpu, 3->3->1 MB, 4 MB goal, 0 MB stacks, 0 MB globals, 4 P
gc 2467 @46.326s 2%: 0.034+0.84+0.018 ms clock, 0.13+0.65/0.74/0+0.074 ms cpu, 3->3->1 MB, 4 MB goal, 0 MB stacks, 0 MB globals, 4 P
gc 2468 @46.331s 2%: 0.068+1.5+0.009 ms clock, 0.27+1.0/1.2/0+0.039 ms cpu, 3->3->1 MB, 4 MB goal, 0 MB stacks, 0 MB globals, 4 P
gc 2469 @46.337s 2%: 0.37+2.1+0.003 ms clock, 1.4+0.078/0.78/1.1+0.014 ms cpu, 3->4->1 MB, 4 MB goal, 0 MB stacks, 0 MB globals, 4 P
gc 2470 @46.342s 2%: 0.055+1.4+0.022 ms clock, 0.22+0.38/0.51/0+0.091 ms cpu, 3->3->1 MB, 4 MB goal, 0 MB stacks, 0 MB globals, 4 P
gc 2471 @46.347s 2%: 0.053+0.71+0.051 ms clock, 0.21+0.92/0.53/0+0.20 ms cpu, 3->3->1 MB, 4 MB goal, 0 MB stacks, 0 MB globals, 4 P
gc 2472 @46.351s 2%: 0.062+0.90+0.069 ms clock, 0.25+0.69/0.75/0+0.27 ms cpu, 3->3->1 MB, 4 MB goal, 0 MB stacks, 0 MB globals, 4 P
gc 2473 @46.356s 2%: 0.71+1.4+0.029 ms clock, 2.8+0.56/1.3/0.005+0.11 ms cpu, 3->3->1 MB, 4 MB goal, 0 MB stacks, 0 MB globals, 4 P
gc 2474 @46.362s 2%: 0.070+0.89+0.027 ms clock, 0.28+0.41/0.48/0+0.11 ms cpu, 3->3->1 MB, 4 MB goal, 0 MB stacks, 0 MB globals, 4 P
gc 2475 @46.367s 2%: 0.065+0.54+0.034 ms clock, 0.26+0.81/0.39/0+0.13 ms cpu, 3->3->1 MB, 4 MB goal, 0 MB stacks, 0 MB globals, 4 P
gc 2476 @46.371s 2%: 0.031+0.55+0.013 ms clock, 0.12+0.83/0.48/0+0.054 ms cpu, 3->3->1 MB, 4 MB goal, 0 MB stacks, 0 MB globals, 4 P
gc 2477 @46.376s 2%: 0.037+0.73+0.055 ms clock, 0.14+0.61/0.62/0+0.22 ms cpu, 3->3->1 MB, 4 MB goal, 0 MB stacks, 0 MB globals, 4 P
gc 2478 @46.381s 2%: 0.061+1.1+0.027 ms clock, 0.24+0.68/1.0/0+0.10 ms cpu, 3->3->1 MB, 4 MB goal, 0 MB stacks, 0 MB globals, 4 P
gc 2479 @46.386s 2%: 0.078+0.75+0.039 ms clock, 0.31+0.69/0.64/0+0.15 ms cpu, 3->3->1 MB, 4 MB goal, 0 MB stacks, 0 MB globals, 4 P
gc 2480 @46.391s 2%: 0.050+2.5+0.031 ms clock, 0.20+0.57/0.63/0+0.12 ms cpu, 3->3->1 MB, 4 MB goal, 0 MB stacks, 0 MB globals, 4 P
gc 2481 @46.397s 2%: 0.30+1.4+0.028 ms clock, 1.2+0.53/1.0/0+0.11 ms cpu, 3->3->1 MB, 4 MB goal, 0 MB stacks, 0 MB globals, 4 P
gc 2482 @46.402s 2%: 0.31+0.72+0.027 ms clock, 1.2+0.40/0.92/0.039+0.11 ms cpu, 3->3->1 MB, 4 MB goal, 0 MB stacks, 0 MB globals, 4 P
gc 2483 @46.407s 2%: 0.10+2.1+0.010 ms clock, 0.43+0.46/0.49/0+0.042 ms cpu, 3->3->1 MB, 4 MB goal, 0 MB stacks, 0 MB globals, 4 P
gc 2484 @46.412s 2%: 0.023+0.62+0.024 ms clock, 0.093+0.65/0.51/0+0.096 ms cpu, 3->3->1 MB, 4 MB goal, 0 MB stacks, 0 MB globals, 4 P
gc 2485 @46.417s 2%: 0.046+0.78+0.065 ms clock, 0.18+0.68/0.55/0+0.26 ms cpu, 3->3->1 MB, 4 MB goal, 0 MB stacks, 0 MB globals, 4 P
gc 2486 @46.422s 2%: 0.051+2.3+0.006 ms clock, 0.20+0.47/0.68/0+0.025 ms cpu, 3->4->1 MB, 4 MB goal, 0 MB stacks, 0 MB globals, 4 P
gc 2487 @46.427s 2%: 0.053+1.4+0.025 ms clock, 0.21+0.74/0.48/0+0.10 ms cpu, 3->3->1 MB, 4 MB goal, 0 MB stacks, 0 MB globals, 4 P
gc 2488 @46.432s 2%: 0.058+0.75+0.050 ms clock, 0.23+0.80/0.57/0+0.20 ms cpu, 3->3->1 MB, 4 MB goal, 0 MB stacks, 0 MB globals, 4 P
gc 2489 @46.437s 2%: 1.0+0.11+0.044 ms clock, 4.1+1.2/0.85/0+0.17 ms cpu, 3->3->1 MB, 4 MB goal, 0 MB stacks, 0 MB globals, 4 P
gc 2490 @46.442s 2%: 0.059+2.9+0.069 ms clock, 0.23+2.8/0.82/0+0.27 ms cpu, 3->4->1 MB, 4 MB goal, 0 MB stacks, 0 MB globals, 4 P
gc 2491 @46.448s 2%: 0.049+0.60+0.036 ms clock, 0.19+0.79/0.49/0+0.14 ms cpu, 3->3->1 MB, 4 MB goal, 0 MB stacks, 0 MB globals, 4 P
gc 2492 @46.453s 2%: 0.11+0.90+0.042 ms clock, 0.45+0.66/0.58/0+0.17 ms cpu, 3->3->1 MB, 4 MB goal, 0 MB stacks, 0 MB globals, 4 P
gc 2493 @46.458s 2%: 0.078+0.75+0.041 ms clock, 0.31+0.98/0.16/0+0.16 ms cpu, 3->3->1 MB, 4 MB goal, 0 MB stacks, 0 MB globals, 4 P
gc 2494 @46.462s 2%: 0.086+1.8+0.051 ms clock, 0.34+0.69/0.51/0+0.20 ms cpu, 3->3->1 MB, 4 MB goal, 0 MB stacks, 0 MB globals, 4 P
gc 2495 @46.468s 2%: 0.11+1.7+0.060 ms clock, 0.44+0.31/0.66/0+0.24 ms cpu, 3->3->1 MB, 4 MB goal, 0 MB stacks, 0 MB globals, 4 P
gc 2496 @46.473s 2%: 0.080+0.68+0.044 ms clock, 0.32+0.62/0.52/0+0.17 ms cpu, 3->3->1 MB, 4 MB goal, 0 MB stacks, 0 MB globals, 4 P
gc 2497 @46.478s 2%: 0.048+1.1+0.026 ms clock, 0.19+0.79/0.94/0+0.10 ms cpu, 3->3->1 MB, 4 MB goal, 0 MB stacks, 0 MB globals, 4 P
gc 2498 @46.483s 2%: 0.078+0.83+0.036 ms clock, 0.31+0.92/0.49/0+0.14 ms cpu, 3->3->1 MB, 4 MB goal, 0 MB stacks, 0 MB globals, 4 P
gc 2499 @46.488s 2%: 0.062+0.56+0.005 ms clock, 0.24+0.72/0.45/0+0.023 ms cpu, 3->3->1 MB, 4 MB goal, 0 MB stacks, 0 MB globals, 4 P
gc 2500 @46.493s 2%: 0.078+0.59+0.032 ms clock, 0.31+0.76/0.47/0+0.13 ms cpu, 3->3->1 MB, 4 MB goal, 0 MB stacks, 0 MB globals, 4 P
gc 2501 @46.498s 2%: 0.053+0.60+0.018 ms clock, 0.21+0.70/0.48/0+0.072 ms cpu, 3->3->1 MB, 4 MB goal, 0 MB stacks, 0 MB globals, 4 P
gc 2502 @46.502s 2%: 0.065+0.84+0.027 ms clock, 0.26+0.83/0.66/0+0.11 ms cpu, 3->3->1 MB, 4 MB goal, 0 MB stacks, 0 MB globals, 4 P
gc 2503 @46.507s 2%: 0.34+2.1+0.007 ms clock, 1.3+0.38/0.95/0+0.029 ms cpu, 3->4->1 MB, 4 MB goal, 0 MB stacks, 0 MB globals, 4 P
gc 2504 @46.513s 2%: 0.047+0.68+0.059 ms clock, 0.18+0.75/0.49/0+0.23 ms cpu, 3->3->1 MB, 4 MB goal, 0 MB stacks, 0 MB globals, 4 P
gc 2505 @46.518s 2%: 0.28+0.73+0.061 ms clock, 1.1+0.36/0.87/0+0.24 ms cpu, 3->3->1 MB, 4 MB goal, 0 MB stacks, 0 MB globals, 4 P
gc 2506 @46.523s 2%: 0.10+0.64+0.040 ms clock, 0.42+0.78/0.49/0+0.16 ms cpu, 3->3->1 MB, 4 MB goal, 0 MB stacks, 0 MB globals, 4 P
gc 2507 @46.528s 2%: 0.40+2.0+0.045 ms clock, 1.6+0.37/1.8/0.005+0.18 ms cpu, 3->4->1 MB, 4 MB goal, 0 MB stacks, 0 MB globals, 4 P
gc 2508 @46.533s 2%: 0.044+0.67+0.074 ms clock, 0.17+0.72/0.51/0+0.29 ms cpu, 3->3->1 MB, 4 MB goal, 0 MB stacks, 0 MB globals, 4 P
gc 2509 @46.538s 2%: 0.056+2.4+0.077 ms clock, 0.22+0.84/0.67/0+0.31 ms cpu, 3->4->1 MB, 4 MB goal, 0 MB stacks, 0 MB globals, 4 P
gc 2510 @46.543s 2%: 0.041+1.1+0.003 ms clock, 0.16+0.43/0.55/0+0.015 ms cpu, 3->3->1 MB, 4 MB goal, 0 MB stacks, 0 MB globals, 4 P
gc 2511 @46.548s 2%: 0.020+0.67+0.027 ms clock, 0.082+0.85/0.48/0+0.11 ms cpu, 3->3->1 MB, 4 MB goal, 0 MB stacks, 0 MB globals, 4 P
gc 2512 @46.553s 2%: 0.060+1.0+0.026 ms clock, 0.24+0.93/0.97/0+0.10 ms cpu, 3->3->1 MB, 4 MB goal, 0 MB stacks, 0 MB globals, 4 P
gc 2513 @46.558s 2%: 0.082+1.6+0.022 ms clock, 0.33+0.36/0.62/0+0.090 ms cpu, 3->3->1 MB, 4 MB goal, 0 MB stacks, 0 MB globals, 4 P
gc 2514 @46.564s 2%: 0.046+1.3+0.008 ms clock, 0.18+0.67/0.52/0.13+0.033 ms cpu, 3->3->1 MB, 4 MB goal, 0 MB stacks, 0 MB globals, 4 P
gc 2515 @46.569s 2%: 0.56+1.5+0.056 ms clock, 2.2+0.36/1.9/0.002+0.22 ms cpu, 3->4->1 MB, 4 MB goal, 0 MB stacks, 0 MB globals, 4 P
gc 2516 @46.574s 2%: 0.046+1.4+0.041 ms clock, 0.18+0.60/0.56/0+0.16 ms cpu, 3->3->1 MB, 4 MB goal, 0 MB stacks, 0 MB globals, 4 P
gc 2517 @46.579s 2%: 2.6+0.59+0.037 ms clock, 10+0.50/2.9/0+0.14 ms cpu, 3->4->1 MB, 4 MB goal, 0 MB stacks, 0 MB globals, 4 P
gc 2518 @46.584s 2%: 0.10+0.92+0.079 ms clock, 0.42+0.53/0.48/0+0.31 ms cpu, 3->3->1 MB, 4 MB goal, 0 MB stacks, 0 MB globals, 4 P
gc 2519 @46.589s 2%: 0.97+0.39+0.067 ms clock, 3.9+0.77/1.1/0+0.27 ms cpu, 3->3->1 MB, 4 MB goal, 0 MB stacks, 0 MB globals, 4 P
gc 2520 @46.594s 2%: 0.080+0.55+0.036 ms clock, 0.32+0.68/0.46/0+0.14 ms cpu, 3->3->1 MB, 4 MB goal, 0 MB stacks, 0 MB globals, 4 P
gc 2521 @46.599s 2%: 0.019+1.8+0.030 ms clock, 0.077+0.37/0.80/0+0.12 ms cpu, 3->3->1 MB, 4 MB goal, 0 MB stacks, 0 MB globals, 4 P
gc 2522 @46.605s 2%: 0.24+0.92+0.023 ms clock, 0.99+0.64/1.0/0+0.095 ms cpu, 3->3->1 MB, 4 MB goal, 0 MB stacks, 0 MB globals, 4 P
gc 2523 @46.610s 2%: 0.057+1.3+0.061 ms clock, 0.22+0.43/0.57/0+0.24 ms cpu, 3->3->1 MB, 4 MB goal, 0 MB stacks, 0 MB globals, 4 P
gc 2524 @46.615s 2%: 0.035+0.97+0.025 ms clock, 0.14+0.70/0.45/0+0.10 ms cpu, 3->3->1 MB, 4 MB goal, 0 MB stacks, 0 MB globals, 4 P
gc 2525 @46.620s 2%: 0.051+1.4+0.068 ms clock, 0.20+0.43/0.53/0+0.27 ms cpu, 3->3->1 MB, 4 MB goal, 0 MB stacks, 0 MB globals, 4 P
gc 2526 @46.625s 2%: 0.062+1.3+0.008 ms clock, 0.24+0.53/0.49/0+0.034 ms cpu, 3->3->1 MB, 4 MB goal, 0 MB stacks, 0 MB globals, 4 P
gc 2527 @46.630s 2%: 0.050+2.3+0.052 ms clock, 0.20+0.82/1.6/0+0.21 ms cpu, 3->3->1 MB, 4 MB goal, 0 MB stacks, 0 MB globals, 4 P
gc 2528 @46.635s 2%: 0.022+0.56+0.042 ms clock, 0.090+0.81/0.38/0+0.17 ms cpu, 3->3->1 MB, 4 MB goal, 0 MB stacks, 0 MB globals, 4 P
gc 2529 @46.640s 2%: 0.32+0.83+0.026 ms clock, 1.2+0.50/1.0/0.007+0.10 ms cpu, 3->3->1 MB, 4 MB goal, 0 MB stacks, 0 MB globals, 4 P
gc 2530 @46.645s 2%: 0.071+2.8+0.029 ms clock, 0.28+1.6/0.58/0+0.11 ms cpu, 3->4->1 MB, 4 MB goal, 0 MB stacks, 0 MB globals, 4 P
gc 2531 @46.650s 2%: 0.081+0.71+0.035 ms clock, 0.32+0.83/0.54/0+0.14 ms cpu, 3->3->1 MB, 4 MB goal, 0 MB stacks, 0 MB globals, 4 P
gc 2532 @46.655s 2%: 0.053+0.72+0.084 ms clock, 0.21+0.68/0.58/0+0.33 ms cpu, 3->3->1 MB, 4 MB goal, 0 MB stacks, 0 MB globals, 4 P
gc 2533 @46.660s 2%: 0.041+0.58+0.042 ms clock, 0.16+0.82/0.43/0+0.17 ms cpu, 3->3->1 MB, 4 MB goal, 0 MB stacks, 0 MB globals, 4 P
gc 2534 @46.665s 2%: 0.091+1.1+0.025 ms clock, 0.36+0.36/0.71/0+0.10 ms cpu, 3->3->1 MB, 4 MB goal, 0 MB stacks, 0 MB globals, 4 P
gc 2535 @46.670s 2%: 0.082+1.3+0.024 ms clock, 0.32+0.41/0.59/0+0.097 ms cpu, 3->3->1 MB, 4 MB goal, 0 MB stacks, 0 MB globals, 4 P
gc 2536 @46.675s 2%: 0.061+0.67+0.059 ms clock, 0.24+0.83/0.51/0+0.23 ms cpu, 3->3->1 MB, 4 MB goal, 0 MB stacks, 0 MB globals, 4 P
gc 2537 @46.680s 2%: 0.053+0.81+0.032 ms clock, 0.21+1.0/0.020/0+0.13 ms cpu, 3->3->1 MB, 4 MB goal, 0 MB stacks, 0 MB globals, 4 P
gc 2538 @46.685s 2%: 0.034+0.69+0.078 ms clock, 0.13+0.75/0.52/0+0.31 ms cpu, 3->3->1 MB, 4 MB goal, 0 MB stacks, 0 MB globals, 4 P
gc 2539 @46.690s 2%: 0.063+0.69+0.032 ms clock, 0.25+0.69/0.61/0+0.13 ms cpu, 3->3->1 MB, 4 MB goal, 0 MB stacks, 0 MB globals, 4 P
gc 2540 @46.695s 2%: 0.10+1.5+0.078 ms clock, 0.41+0.70/0.82/0+0.31 ms cpu, 3->3->1 MB, 4 MB goal, 0 MB stacks, 0 MB globals, 4 P
gc 2541 @46.701s 2%: 0.076+1.5+0.070 ms clock, 0.30+0.60/0.54/0+0.28 ms cpu, 3->3->1 MB, 4 MB goal, 0 MB stacks, 0 MB globals, 4 P
gc 2542 @46.706s 2%: 0.070+1.6+0.068 ms clock, 0.28+0.64/0.59/0+0.27 ms cpu, 3->3->1 MB, 4 MB goal, 0 MB stacks, 0 MB globals, 4 P
gc 2543 @46.711s 2%: 0.040+1.5+0.051 ms clock, 0.16+0.75/0.70/0+0.20 ms cpu, 3->3->1 MB, 4 MB goal, 0 MB stacks, 0 MB globals, 4 P
gc 2544 @46.716s 2%: 0.075+1.5+0.015 ms clock, 0.30+1.1/0.001/0+0.061 ms cpu, 3->3->1 MB, 4 MB goal, 0 MB stacks, 0 MB globals, 4 P
gc 2545 @46.722s 2%: 0.080+1.9+0.019 ms clock, 0.32+0.99/0.78/0+0.079 ms cpu, 3->4->1 MB, 4 MB goal, 0 MB stacks, 0 MB globals, 4 P
gc 2546 @46.727s 2%: 0.076+1.2+0.054 ms clock, 0.30+0.73/0.52/0+0.21 ms cpu, 3->3->1 MB, 4 MB goal, 0 MB stacks, 0 MB globals, 4 P
gc 2547 @46.731s 2%: 0.077+0.65+0.037 ms clock, 0.30+0.78/0.51/0+0.15 ms cpu, 3->3->1 MB, 4 MB goal, 0 MB stacks, 0 MB globals, 4 P
gc 2548 @46.736s 2%: 0.046+1.4+0.026 ms clock, 0.18+0.77/1.3/0+0.10 ms cpu, 3->3->1 MB, 4 MB goal, 0 MB stacks, 0 MB globals, 4 P
gc 2549 @46.741s 2%: 0.36+1.1+0.067 ms clock, 1.4+0.74/0.97/0+0.27 ms cpu, 3->3->1 MB, 4 MB goal, 0 MB stacks, 0 MB globals, 4 P
gc 2550 @46.747s 2%: 0.047+2.1+0.061 ms clock, 0.18+0.64/0.70/0+0.24 ms cpu, 3->4->1 MB, 4 MB goal, 0 MB stacks, 0 MB globals, 4 P
gc 2551 @46.752s 2%: 0.069+1.2+0.027 ms clock, 0.27+0.67/0.48/0+0.11 ms cpu, 3->3->1 MB, 4 MB goal, 0 MB stacks, 0 MB globals, 4 P
gc 2552 @46.757s 2%: 0.081+0.65+0.039 ms clock, 0.32+0.36/0.57/0+0.15 ms cpu, 3->3->1 MB, 4 MB goal, 0 MB stacks, 0 MB globals, 4 P
gc 2553 @46.762s 2%: 0.060+2.0+0.057 ms clock, 0.24+0.57/0.63/0+0.22 ms cpu, 3->3->1 MB, 4 MB goal, 0 MB stacks, 0 MB globals, 4 P
gc 2554 @46.767s 2%: 0.086+1.5+0.032 ms clock, 0.34+0.68/0.66/0+0.12 ms cpu, 3->3->1 MB, 4 MB goal, 0 MB stacks, 0 MB globals, 4 P
gc 2555 @46.773s 2%: 0.075+1.3+0.009 ms clock, 0.30+0.44/0.58/0+0.036 ms cpu, 3->3->1 MB, 4 MB goal, 0 MB stacks, 0 MB globals, 4 P
gc 2556 @46.778s 2%: 0.073+2.5+0.007 ms clock, 0.29+0.48/0.52/0+0.028 ms cpu, 3->4->1 MB, 4 MB goal, 0 MB stacks, 0 MB globals, 4 P
gc 2557 @46.783s 2%: 0.10+1.5+0.003 ms clock, 0.42+0.55/0.54/0+0.015 ms cpu, 3->3->1 MB, 4 MB goal, 0 MB stacks, 0 MB globals, 4 P
gc 2558 @46.788s 2%: 0.048+1.8+0.021 ms clock, 0.19+0.37/0.55/0+0.085 ms cpu, 3->3->1 MB, 4 MB goal, 0 MB stacks, 0 MB globals, 4 P
gc 2559 @46.793s 2%: 0.044+0.67+0.035 ms clock, 0.17+0.89/0.46/0+0.14 ms cpu, 3->3->1 MB, 4 MB goal, 0 MB stacks, 0 MB globals, 4 P
gc 2560 @46.798s 2%: 0.066+1.7+0.010 ms clock, 0.26+1.0/1.1/0+0.041 ms cpu, 3->3->1 MB, 4 MB goal, 0 MB stacks, 0 MB globals, 4 P
gc 2561 @46.804s 2%: 0.097+1.6+0.028 ms clock, 0.39+0.60/0.72/0+0.11 ms cpu, 3->3->1 MB, 4 MB goal, 0 MB stacks, 0 MB globals, 4 P
gc 2562 @46.809s 2%: 0.068+0.51+0.062 ms clock, 0.27+0.88/0.42/0+0.25 ms cpu, 3->3->1 MB, 4 MB goal, 0 MB stacks, 0 MB globals, 4 P
gc 2563 @46.814s 2%: 1.6+0.43+0.066 ms clock, 6.4+0.78/1.6/0+0.26 ms cpu, 3->3->1 MB, 4 MB goal, 0 MB stacks, 0 MB globals, 4 P
gc 2564 @46.819s 2%: 0.046+1.4+0.006 ms clock, 0.18+0.60/1.3/0+0.026 ms cpu, 3->3->1 MB, 4 MB goal, 0 MB stacks, 0 MB globals, 4 P
gc 2565 @46.824s 2%: 0.021+1.9+0.003 ms clock, 0.086+0.62/1.1/0+0.013 ms cpu, 3->3->1 MB, 4 MB goal, 0 MB stacks, 0 MB globals, 4 P
gc 2566 @46.829s 2%: 0.26+1.5+0.080 ms clock, 1.0+0.42/0.94/0+0.32 ms cpu, 3->3->1 MB, 4 MB goal, 0 MB stacks, 0 MB globals, 4 P
gc 2567 @46.834s 2%: 0.057+0.74+0.046 ms clock, 0.22+0.85/0.64/0+0.18 ms cpu, 3->3->1 MB, 4 MB goal, 0 MB stacks, 0 MB globals, 4 P
gc 2568 @46.839s 2%: 0.055+0.67+0.019 ms clock, 0.22+0.82/0.57/0+0.079 ms cpu, 3->3->1 MB, 4 MB goal, 0 MB stacks, 0 MB globals, 4 P
gc 2569 @46.844s 2%: 0.11+0.76+0.027 ms clock, 0.45+0.57/0.66/0+0.11 ms cpu, 3->3->1 MB, 4 MB goal, 0 MB stacks, 0 MB globals, 4 P
gc 2570 @46.849s 2%: 0.10+0.71+0.062 ms clock, 0.42+0.63/0.50/0+0.24 ms cpu, 3->3->1 MB, 4 MB goal, 0 MB stacks, 0 MB globals, 4 P
gc 2571 @46.854s 2%: 0.075+0.55+0.018 ms clock, 0.30+0.76/0.28/0+0.072 ms cpu, 3->3->1 MB, 4 MB goal, 0 MB stacks, 0 MB globals, 4 P
gc 2572 @46.859s 2%: 0.057+0.98+0.073 ms clock, 0.22+0.61/0.49/0+0.29 ms cpu, 3->3->1 MB, 4 MB goal, 0 MB stacks, 0 MB globals, 4 P
gc 2573 @46.865s 2%: 0.068+0.53+0.030 ms clock, 0.27+0.91/0.41/0+0.12 ms cpu, 3->3->1 MB, 4 MB goal, 0 MB stacks, 0 MB globals, 4 P
gc 2574 @46.869s 2%: 0.042+0.77+0.044 ms clock, 0.17+0.89/0.60/0+0.17 ms cpu, 3->3->1 MB, 4 MB goal, 0 MB stacks, 0 MB globals, 4 P
gc 2575 @46.874s 2%: 0.082+0.69+0.029 ms clock, 0.33+0.69/0.56/0+0.11 ms cpu, 3->3->1 MB, 4 MB goal, 0 MB stacks, 0 MB globals, 4 P
gc 2576 @46.879s 2%: 0.095+1.0+0.078 ms clock, 0.38+0.69/0.84/0+0.31 ms cpu, 3->3->1 MB, 4 MB goal, 0 MB stacks, 0 MB globals, 4 P
gc 2577 @46.884s 2%: 0.043+0.86+0.076 ms clock, 0.17+1.1/0.060/0+0.30 ms cpu, 3->3->1 MB, 4 MB goal, 0 MB stacks, 0 MB globals, 4 P
gc 2578 @46.889s 2%: 0.065+1.3+0.079 ms clock, 0.26+0.67/0.65/0+0.31 ms cpu, 3->3->1 MB, 4 MB goal, 0 MB stacks, 0 MB globals, 4 P
gc 2579 @46.894s 2%: 0.078+0.83+0.039 ms clock, 0.31+0.64/0.69/0+0.15 ms cpu, 3->3->1 MB, 4 MB goal, 0 MB stacks, 0 MB globals, 4 P
gc 2580 @46.899s 2%: 0.083+2.6+0.026 ms clock, 0.33+0.55/0.76/0+0.10 ms cpu, 3->3->1 MB, 4 MB goal, 0 MB stacks, 0 MB globals, 4 P
gc 2581 @46.904s 2%: 0.15+1.8+0.058 ms clock, 0.62+0.38/0.69/0+0.23 ms cpu, 3->4->1 MB, 4 MB goal, 0 MB stacks, 0 MB globals, 4 P
gc 2582 @46.910s 2%: 0.085+0.62+0.044 ms clock, 0.34+0.70/0.52/0+0.17 ms cpu, 3->3->1 MB, 4 MB goal, 0 MB stacks, 0 MB globals, 4 P
gc 2583 @46.915s 2%: 0.049+0.73+0.056 ms clock, 0.19+0.75/0.59/0+0.22 ms cpu, 3->3->1 MB, 4 MB goal, 0 MB stacks, 0 MB globals, 4 P
gc 2584 @46.920s 2%: 0.050+1.0+0.050 ms clock, 0.20+0.59/0.55/0+0.20 ms cpu, 3->3->1 MB, 4 MB goal, 0 MB stacks, 0 MB globals, 4 P
gc 2585 @46.925s 2%: 0.24+1.1+0.045 ms clock, 0.97+0.72/1.2/0+0.18 ms cpu, 3->3->1 MB, 4 MB goal, 0 MB stacks, 0 MB globals, 4 P
gc 2586 @46.930s 2%: 0.081+1.0+0.024 ms clock, 0.32+0.62/0.47/0+0.099 ms cpu, 3->3->1 MB, 4 MB goal, 0 MB stacks, 0 MB globals, 4 P
gc 2587 @46.935s 2%: 0.049+0.63+0.053 ms clock, 0.19+0.85/0.42/0+0.21 ms cpu, 3->3->1 MB, 4 MB goal, 0 MB stacks, 0 MB globals, 4 P
gc 2588 @46.940s 2%: 0.085+1.6+0.071 ms clock, 0.34+0.80/0.59/0+0.28 ms cpu, 3->3->1 MB, 4 MB goal, 0 MB stacks, 0 MB globals, 4 P
gc 2589 @46.945s 2%: 0.048+1.3+0.042 ms clock, 0.19+0.54/0.52/0+0.17 ms cpu, 3->3->1 MB, 4 MB goal, 0 MB stacks, 0 MB globals, 4 P
gc 2590 @46.950s 2%: 0.081+1.1+0.11 ms clock, 0.32+0.78/0.65/0+0.44 ms cpu, 3->3->1 MB, 4 MB goal, 0 MB stacks, 0 MB globals, 4 P
gc 2591 @46.955s 2%: 0.063+1.6+0.039 ms clock, 0.25+0.87/0.50/0+0.15 ms cpu, 3->3->1 MB, 4 MB goal, 0 MB stacks, 0 MB globals, 4 P
gc 2592 @46.960s 2%: 0.092+1.4+0.010 ms clock, 0.37+0.62/0.55/0+0.041 ms cpu, 3->3->1 MB, 4 MB goal, 0 MB stacks, 0 MB globals, 4 P
gc 2593 @46.965s 2%: 0.070+1.2+0.036 ms clock, 0.28+0.68/0.66/0+0.14 ms cpu, 3->3->1 MB, 4 MB goal, 0 MB stacks, 0 MB globals, 4 P
gc 2594 @46.971s 2%: 0.030+1.3+0.024 ms clock, 0.12+0.25/0.65/0+0.098 ms cpu, 3->3->1 MB, 4 MB goal, 0 MB stacks, 0 MB globals, 4 P
gc 2595 @46.976s 2%: 0.47+1.8+0.042 ms clock, 1.8+0.47/1.4/0.019+0.16 ms cpu, 3->4->1 MB, 4 MB goal, 0 MB stacks, 0 MB globals, 4 P
gc 2596 @46.981s 2%: 0.067+0.74+0.082 ms clock, 0.27+0.70/0.58/0+0.33 ms cpu, 3->3->1 MB, 4 MB goal, 0 MB stacks, 0 MB globals, 4 P
gc 2597 @46.986s 2%: 0.081+0.75+0.023 ms clock, 0.32+0.81/0.62/0+0.093 ms cpu, 3->3->1 MB, 4 MB goal, 0 MB stacks, 0 MB globals, 4 P
gc 2598 @46.991s 2%: 0.078+1.1+0.019 ms clock, 0.31+0.51/0.55/0+0.078 ms cpu, 3->3->1 MB, 4 MB goal, 0 MB stacks, 0 MB globals, 4 P
gc 2599 @46.996s 2%: 0.049+1.5+0.042 ms clock, 0.19+0.58/0.63/0+0.16 ms cpu, 3->3->1 MB, 4 MB goal, 0 MB stacks, 0 MB globals, 4 P
gc 2600 @47.001s 2%: 0.095+1.3+0.026 ms clock, 0.38+1.0/0.66/0+0.10 ms cpu, 3->3->1 MB, 4 MB goal, 0 MB stacks, 0 MB globals, 4 P
gc 2601 @47.006s 2%: 0.081+0.53+0.024 ms clock, 0.32+0.89/0.46/0+0.099 ms cpu, 3->3->1 MB, 4 MB goal, 0 MB stacks, 0 MB globals, 4 P
gc 2602 @47.011s 2%: 0.041+0.57+0.035 ms clock, 0.16+0.75/0.45/0+0.14 ms cpu, 3->3->1 MB, 4 MB goal, 0 MB stacks, 0 MB globals, 4 P
gc 2603 @47.016s 2%: 0.057+0.77+0.053 ms clock, 0.23+0.76/0.64/0+0.21 ms cpu, 3->3->1 MB, 4 MB goal, 0 MB stacks, 0 MB globals, 4 P
gc 2604 @47.021s 2%: 0.057+1.4+0.025 ms clock, 0.23+0.63/0.71/0+0.10 ms cpu, 3->3->1 MB, 4 MB goal, 0 MB stacks, 0 MB globals, 4 P
gc 2605 @47.026s 2%: 0.057+0.56+0.023 ms clock, 0.22+0.73/0.44/0+0.095 ms cpu, 3->3->1 MB, 4 MB goal, 0 MB stacks, 0 MB globals, 4 P
gc 2606 @47.031s 2%: 0.23+0.63+0.031 ms clock, 0.92+0.72/0.64/0+0.12 ms cpu, 3->3->1 MB, 4 MB goal, 0 MB stacks, 0 MB globals, 4 P
gc 2607 @47.036s 2%: 0.070+0.57+0.017 ms clock, 0.28+0.57/0.50/0+0.071 ms cpu, 3->3->1 MB, 4 MB goal, 0 MB stacks, 0 MB globals, 4 P
gc 2608 @47.041s 2%: 0.041+0.94+0.033 ms clock, 0.16+1.1/0.011/0+0.13 ms cpu, 3->3->1 MB, 4 MB goal, 0 MB stacks, 0 MB globals, 4 P
gc 2609 @47.046s 2%: 0.083+1.5+0.076 ms clock, 0.33+1.1/0.001/0+0.30 ms cpu, 3->3->1 MB, 4 MB goal, 0 MB stacks, 0 MB globals, 4 P
gc 2610 @47.051s 2%: 0.080+0.62+0.050 ms clock, 0.32+0.89/0.52/0+0.20 ms cpu, 3->3->1 MB, 4 MB goal, 0 MB stacks, 0 MB globals, 4 P
gc 2611 @47.056s 2%: 0.58+1.0+0.034 ms clock, 2.3+1.4/1.0/0+0.13 ms cpu, 3->3->1 MB, 4 MB goal, 0 MB stacks, 0 MB globals, 4 P
gc 2612 @47.061s 2%: 0.052+1.5+0.054 ms clock, 0.21+1.0/0/0+0.21 ms cpu, 3->3->1 MB, 4 MB goal, 0 MB stacks, 0 MB globals, 4 P
gc 2613 @47.066s 2%: 0.047+0.95+0.036 ms clock, 0.18+0.62/0.53/0+0.14 ms cpu, 3->3->1 MB, 4 MB goal, 0 MB stacks, 0 MB globals, 4 P
gc 2614 @47.071s 2%: 0.087+0.59+0.024 ms clock, 0.34+0.75/0.43/0+0.097 ms cpu, 3->3->1 MB, 4 MB goal, 0 MB stacks, 0 MB globals, 4 P
gc 2615 @47.075s 2%: 0.062+0.91+0.069 ms clock, 0.24+0.59/0.49/0+0.27 ms cpu, 3->3->1 MB, 4 MB goal, 0 MB stacks, 0 MB globals, 4 P
gc 2616 @47.080s 2%: 0.054+0.73+0.064 ms clock, 0.21+0.85/0.55/0+0.25 ms cpu, 3->3->1 MB, 4 MB goal, 0 MB stacks, 0 MB globals, 4 P
gc 2617 @47.085s 2%: 0.029+1.1+0.035 ms clock, 0.11+1.1/0.001/0+0.14 ms cpu, 3->3->1 MB, 4 MB goal, 0 MB stacks, 0 MB globals, 4 P
gc 2618 @47.091s 2%: 0.072+1.4+0.045 ms clock, 0.28+0.31/0.71/0+0.18 ms cpu, 3->3->1 MB, 4 MB goal, 0 MB stacks, 0 MB globals, 4 P
gc 2619 @47.096s 2%: 1.4+0.82+0.033 ms clock, 5.6+0.59/1.5/0+0.13 ms cpu, 3->3->1 MB, 4 MB goal, 0 MB stacks, 0 MB globals, 4 P
gc 2620 @47.101s 2%: 0.042+1.6+0.099 ms clock, 0.17+0.62/0.65/0+0.39 ms cpu, 3->3->1 MB, 4 MB goal, 0 MB stacks, 0 MB globals, 4 P
gc 2621 @47.106s 2%: 0.071+0.67+0.039 ms clock, 0.28+0.76/0.58/0+0.15 ms cpu, 3->3->1 MB, 4 MB goal, 0 MB stacks, 0 MB globals, 4 P
gc 2622 @47.111s 2%: 0.043+1.7+0.031 ms clock, 0.17+0.50/0.53/0+0.12 ms cpu, 3->3->1 MB, 4 MB goal, 0 MB stacks, 0 MB globals, 4 P
gc 2623 @47.116s 2%: 0.075+1.4+0.029 ms clock, 0.30+1.6/0.63/0+0.11 ms cpu, 3->3->1 MB, 4 MB goal, 0 MB stacks, 0 MB globals, 4 P
gc 2624 @47.121s 2%: 0.26+1.2+0.030 ms clock, 1.0+0.44/0.76/0.094+0.12 ms cpu, 3->3->1 MB, 4 MB goal, 0 MB stacks, 0 MB globals, 4 P
gc 2625 @47.126s 2%: 0.054+0.74+0.025 ms clock, 0.21+0.80/0.60/0+0.10 ms cpu, 3->3->1 MB, 4 MB goal, 0 MB stacks, 0 MB globals, 4 P
gc 2626 @47.131s 2%: 0.031+0.88+0.076 ms clock, 0.12+0.81/0.49/0+0.30 ms cpu, 3->3->1 MB, 4 MB goal, 0 MB stacks, 0 MB globals, 4 P
gc 2627 @47.136s 2%: 0.039+0.77+0.044 ms clock, 0.15+0.75/0.59/0+0.17 ms cpu, 3->3->1 MB, 4 MB goal, 0 MB stacks, 0 MB globals, 4 P
gc 2628 @47.141s 2%: 0.096+0.57+0.016 ms clock, 0.38+0.84/0.47/0+0.065 ms cpu, 3->3->1 MB, 4 MB goal, 0 MB stacks, 0 MB globals, 4 P
gc 2629 @47.146s 2%: 0.10+0.59+0.032 ms clock, 0.40+0.66/0.53/0+0.12 ms cpu, 3->3->1 MB, 4 MB goal, 0 MB stacks, 0 MB globals, 4 P
gc 2630 @47.151s 2%: 0.041+0.51+0.030 ms clock, 0.16+0.70/0.45/0+0.12 ms cpu, 3->3->1 MB, 4 MB goal, 0 MB stacks, 0 MB globals, 4 P
gc 2631 @47.155s 2%: 0.061+0.66+0.041 ms clock, 0.24+0.71/0.53/0+0.16 ms cpu, 3->3->1 MB, 4 MB goal, 0 MB stacks, 0 MB globals, 4 P
gc 2632 @47.160s 2%: 0.10+1.7+0.074 ms clock, 0.43+0.43/0.76/0+0.29 ms cpu, 3->3->1 MB, 4 MB goal, 0 MB stacks, 0 MB globals, 4 P
gc 2633 @47.166s 2%: 0.095+1.3+0.063 ms clock, 0.38+0.50/0.84/0+0.25 ms cpu, 3->3->1 MB, 4 MB goal, 0 MB stacks, 0 MB globals, 4 P
gc 2634 @47.171s 2%: 0.055+0.61+0.057 ms clock, 0.22+0.72/0.49/0+0.22 ms cpu, 3->3->1 MB, 4 MB goal, 0 MB stacks, 0 MB globals, 4 P
gc 2635 @47.176s 2%: 0.039+2.2+0.040 ms clock, 0.15+1.8/0.79/0+0.16 ms cpu, 3->3->1 MB, 4 MB goal, 0 MB stacks, 0 MB globals, 4 P
gc 2636 @47.181s 2%: 0.46+0.85+0.034 ms clock, 1.8+0.86/0.66/0+0.13 ms cpu, 3->3->1 MB, 4 MB goal, 0 MB stacks, 0 MB globals, 4 P
gc 2637 @47.186s 2%: 0.057+1.9+0.086 ms clock, 0.22+0.35/1.3/0+0.34 ms cpu, 3->3->1 MB, 4 MB goal, 0 MB stacks, 0 MB globals, 4 P
gc 2638 @47.191s 2%: 0.50+0.93+0.087 ms clock, 2.0+0.46/1.0/0+0.34 ms cpu, 3->3->1 MB, 4 MB goal, 0 MB stacks, 0 MB globals, 4 P
gc 2639 @47.196s 2%: 0.058+0.65+0.025 ms clock, 0.23+0.65/0.54/0+0.10 ms cpu, 3->3->1 MB, 4 MB goal, 0 MB stacks, 0 MB globals, 4 P
gc 2640 @47.201s 2%: 0.061+1.0+0.020 ms clock, 0.24+1.2/0.44/0+0.081 ms cpu, 3->3->1 MB, 4 MB goal, 0 MB stacks, 0 MB globals, 4 P
gc 2641 @47.206s 2%: 0.063+0.94+0.029 ms clock, 0.25+0.56/0.63/0+0.11 ms cpu, 3->3->1 MB, 4 MB goal, 0 MB stacks, 0 MB globals, 4 P
gc 2642 @47.211s 2%: 0.038+0.64+0.043 ms clock, 0.15+0.65/0.54/0+0.17 ms cpu, 3->3->1 MB, 4 MB goal, 0 MB stacks, 0 MB globals, 4 P
gc 2643 @47.216s 2%: 0.061+1.7+0.008 ms clock, 0.24+0.87/0.54/0+0.034 ms cpu, 3->3->1 MB, 4 MB goal, 0 MB stacks, 0 MB globals, 4 P
gc 2644 @47.221s 2%: 0.031+1.3+0.022 ms clock, 0.12+0.44/0.50/0+0.088 ms cpu, 3->3->1 MB, 4 MB goal, 0 MB stacks, 0 MB globals, 4 P
gc 2645 @47.227s 2%: 0.077+0.73+0.053 ms clock, 0.31+0.84/0.57/0+0.21 ms cpu, 3->3->1 MB, 4 MB goal, 0 MB stacks, 0 MB globals, 4 P
gc 2646 @47.231s 2%: 0.037+0.59+0.036 ms clock, 0.15+0.78/0.43/0+0.14 ms cpu, 3->3->1 MB, 4 MB goal, 0 MB stacks, 0 MB globals, 4 P
gc 2647 @47.236s 2%: 0.096+1.1+0.034 ms clock, 0.38+1.0/1.0/0+0.13 ms cpu, 3->3->1 MB, 4 MB goal, 0 MB stacks, 0 MB globals, 4 P
gc 2648 @47.241s 2%: 0.043+1.1+0.044 ms clock, 0.17+1.0/0.027/0+0.17 ms cpu, 3->3->1 MB, 4 MB goal, 0 MB stacks, 0 MB globals, 4 P
gc 2649 @47.246s 2%: 0.19+0.58+0.065 ms clock, 0.77+0.83/0.59/0+0.26 ms cpu, 3->3->1 MB, 4 MB goal, 0 MB stacks, 0 MB globals, 4 P
gc 2650 @47.251s 2%: 0.052+0.73+0.037 ms clock, 0.20+0.84/0.61/0+0.14 ms cpu, 3->3->1 MB, 4 MB goal, 0 MB stacks, 0 MB globals, 4 P
gc 2651 @47.256s 2%: 0.056+0.60+0.032 ms clock, 0.22+0.80/0.46/0+0.12 ms cpu, 3->3->1 MB, 4 MB goal, 0 MB stacks, 0 MB globals, 4 P
gc 2652 @47.261s 2%: 0.089+0.50+0.027 ms clock, 0.35+0.80/0.41/0.032+0.10 ms cpu, 3->3->1 MB, 4 MB goal, 0 MB stacks, 0 MB globals, 4 P
gc 2653 @47.266s 2%: 0.017+0.52+0.020 ms clock, 0.070+0.87/0.46/0+0.083 ms cpu, 3->3->1 MB, 4 MB goal, 0 MB stacks, 0 MB globals, 4 P
gc 2654 @47.271s 2%: 0.074+0.66+0.052 ms clock, 0.29+0.83/0.55/0+0.21 ms cpu, 3->3->1 MB, 4 MB goal, 0 MB stacks, 0 MB globals, 4 P
gc 2655 @47.276s 2%: 0.036+0.90+0.025 ms clock, 0.14+0.81/0.61/0+0.10 ms cpu, 3->3->1 MB, 4 MB goal, 0 MB stacks, 0 MB globals, 4 P
gc 2656 @47.280s 2%: 2.0+0.37+0.030 ms clock, 8.0+0.50/2.1/0+0.12 ms cpu, 3->3->1 MB, 4 MB goal, 0 MB stacks, 0 MB globals, 4 P
gc 2657 @47.286s 2%: 0.082+1.0+0.022 ms clock, 0.32+0.80/0.83/0+0.088 ms cpu, 3->3->1 MB, 4 MB goal, 0 MB stacks, 0 MB globals, 4 P
gc 2658 @47.291s 2%: 0.29+1.5+0.055 ms clock, 1.1+0.40/0.70/0+0.22 ms cpu, 3->3->1 MB, 4 MB goal, 0 MB stacks, 0 MB globals, 4 P
gc 2659 @47.296s 2%: 0.27+1.1+0.004 ms clock, 1.0+0.37/0.78/0+0.018 ms cpu, 3->3->1 MB, 4 MB goal, 0 MB stacks, 0 MB globals, 4 P
gc 2660 @47.301s 2%: 0.073+0.62+0.054 ms clock, 0.29+0.82/0.50/0+0.21 ms cpu, 3->3->1 MB, 4 MB goal, 0 MB stacks, 0 MB globals, 4 P
gc 2661 @47.306s 2%: 0.28+0.84+0.033 ms clock, 1.1+0.42/0.99/0+0.13 ms cpu, 3->3->1 MB, 4 MB goal, 0 MB stacks, 0 MB globals, 4 P
gc 2662 @47.311s 2%: 0.058+1.5+0.012 ms clock, 0.23+0.58/0.67/0+0.051 ms cpu, 3->3->1 MB, 4 MB goal, 0 MB stacks, 0 MB globals, 4 P
gc 2663 @47.316s 2%: 0.097+1.2+0.045 ms clock, 0.38+0.79/1.2/0+0.18 ms cpu, 3->3->1 MB, 4 MB goal, 0 MB stacks, 0 MB globals, 4 P
gc 2664 @47.321s 2%: 0.060+1.6+0.016 ms clock, 0.24+0.48/0.57/0+0.064 ms cpu, 3->3->1 MB, 4 MB goal, 0 MB stacks, 0 MB globals, 4 P
gc 2665 @47.326s 2%: 0.70+1.6+0.053 ms clock, 2.8+0.59/1.4/0+0.21 ms cpu, 3->4->1 MB, 4 MB goal, 0 MB stacks, 0 MB globals, 4 P
gc 2666 @47.331s 2%: 1.8+0.24+0.091 ms clock, 7.4+0.28/1.9/0.11+0.36 ms cpu, 3->3->1 MB, 4 MB goal, 0 MB stacks, 0 MB globals, 4 P
gc 2667 @47.336s 2%: 0.070+0.72+0.024 ms clock, 0.28+0.82/0.54/0+0.097 ms cpu, 3->3->1 MB, 4 MB goal, 0 MB stacks, 0 MB globals, 4 P
gc 2668 @47.341s 2%: 0.046+0.93+0.018 ms clock, 0.18+0.74/0.76/0+0.075 ms cpu, 3->3->1 MB, 4 MB goal, 0 MB stacks, 0 MB globals, 4 P
gc 2669 @47.346s 2%: 0.054+0.60+0.050 ms clock, 0.21+0.85/0.48/0+0.20 ms cpu, 3->3->1 MB, 4 MB goal, 0 MB stacks, 0 MB globals, 4 P
gc 2670 @47.351s 2%: 0.39+1.4+0.054 ms clock, 1.5+0.55/1.6/0+0.21 ms cpu, 3->3->1 MB, 4 MB goal, 0 MB stacks, 0 MB globals, 4 P
gc 2671 @47.357s 2%: 0.28+0.52+0.056 ms clock, 1.1+0.70/0.60/0.12+0.22 ms cpu, 3->3->1 MB, 4 MB goal, 0 MB stacks, 0 MB globals, 4 P
gc 2672 @47.361s 2%: 0.064+0.66+0.065 ms clock, 0.25+0.87/0.45/0+0.26 ms cpu, 3->3->1 MB, 4 MB goal, 0 MB stacks, 0 MB globals, 4 P
gc 2673 @47.366s 2%: 0.061+0.65+0.019 ms clock, 0.24+0.48/0.54/0+0.079 ms cpu, 3->3->1 MB, 4 MB goal, 0 MB stacks, 0 MB globals, 4 P
gc 2674 @47.371s 2%: 0.049+1.1+0.037 ms clock, 0.19+0.51/1.0/0+0.14 ms cpu, 3->3->1 MB, 4 MB goal, 0 MB stacks, 0 MB globals, 4 P
gc 2675 @47.376s 2%: 0.22+0.78+0.050 ms clock, 0.89+0.51/0.62/0+0.20 ms cpu, 3->3->1 MB, 4 MB goal, 0 MB stacks, 0 MB globals, 4 P
gc 2676 @47.381s 2%: 0.032+0.59+0.027 ms clock, 0.13+0.77/0.46/0+0.11 ms cpu, 3->3->1 MB, 4 MB goal, 0 MB stacks, 0 MB globals, 4 P
gc 2677 @47.386s 2%: 0.061+0.51+0.052 ms clock, 0.24+0.90/0.45/0+0.21 ms cpu, 3->3->1 MB, 4 MB goal, 0 MB stacks, 0 MB globals, 4 P
gc 2678 @47.391s 2%: 0.082+0.72+0.052 ms clock, 0.33+0.59/0.55/0+0.21 ms cpu, 3->3->1 MB, 4 MB goal, 0 MB stacks, 0 MB globals, 4 P
gc 2679 @47.396s 2%: 0.064+0.69+0.044 ms clock, 0.25+0.88/0.57/0+0.17 ms cpu, 3->3->1 MB, 4 MB goal, 0 MB stacks, 0 MB globals, 4 P
gc 2680 @47.401s 2%: 0.064+1.6+0.090 ms clock, 0.25+0.39/0.61/0+0.36 ms cpu, 3->3->1 MB, 4 MB goal, 0 MB stacks, 0 MB globals, 4 P
gc 2681 @47.406s 2%: 0.066+1.8+0.023 ms clock, 0.26+0.75/0.47/0+0.092 ms cpu, 3->3->1 MB, 4 MB goal, 0 MB stacks, 0 MB globals, 4 P
gc 2682 @47.411s 2%: 0.073+1.8+0.006 ms clock, 0.29+0.84/0.68/0+0.025 ms cpu, 3->3->1 MB, 4 MB goal, 0 MB stacks, 0 MB globals, 4 P
gc 2683 @47.416s 2%: 0.044+0.94+0.008 ms clock, 0.17+0.43/0.50/0+0.035 ms cpu, 3->3->1 MB, 4 MB goal, 0 MB stacks, 0 MB globals, 4 P
gc 2684 @47.421s 2%: 0.043+2.9+0.038 ms clock, 0.17+0.29/1.8/0+0.15 ms cpu, 3->3->1 MB, 4 MB goal, 0 MB stacks, 0 MB globals, 4 P
gc 2685 @47.427s 2%: 0.083+1.1+0.003 ms clock, 0.33+0.077/0.65/0+0.015 ms cpu, 3->3->1 MB, 4 MB goal, 0 MB stacks, 0 MB globals, 4 P
gc 2686 @47.432s 2%: 0.045+0.94+0.084 ms clock, 0.18+0.92/0.47/0+0.33 ms cpu, 3->3->1 MB, 4 MB goal, 0 MB stacks, 0 MB globals, 4 P
gc 2687 @47.437s 2%: 0.059+0.64+0.029 ms clock, 0.23+0.81/0.54/0+0.11 ms cpu, 3->3->1 MB, 4 MB goal, 0 MB stacks, 0 MB globals, 4 P
gc 2688 @47.442s 2%: 0.095+0.79+0.073 ms clock, 0.38+0.62/0.70/0+0.29 ms cpu, 3->3->1 MB, 4 MB goal, 0 MB stacks, 0 MB globals, 4 P
gc 2689 @47.446s 2%: 0.042+0.56+0.036 ms clock, 0.16+0.76/0.49/0+0.14 ms cpu, 3->3->1 MB, 4 MB goal, 0 MB stacks, 0 MB globals, 4 P
gc 2690 @47.452s 2%: 0.056+0.76+0.043 ms clock, 0.22+0.85/0.57/0+0.17 ms cpu, 3->3->1 MB, 4 MB goal, 0 MB stacks, 0 MB globals, 4 P
gc 2691 @47.457s 2%: 0.059+1.3+0.051 ms clock, 0.23+0.22/0.72/0+0.20 ms cpu, 3->3->1 MB, 4 MB goal, 0 MB stacks, 0 MB globals, 4 P
gc 2692 @47.462s 2%: 1.4+0.58+0.040 ms clock, 5.8+0.53/1.6/0+0.16 ms cpu, 3->3->1 MB, 4 MB goal, 0 MB stacks, 0 MB globals, 4 P
gc 2693 @47.467s 2%: 0.082+1.7+0.008 ms clock, 0.33+0.73/0.60/0+0.033 ms cpu, 3->3->1 MB, 4 MB goal, 0 MB stacks, 0 MB globals, 4 P
gc 2694 @47.472s 2%: 0.83+1.0+0.021 ms clock, 3.3+0.44/1.5/0.018+0.085 ms cpu, 3->3->1 MB, 4 MB goal, 0 MB stacks, 0 MB globals, 4 P
gc 2695 @47.478s 2%: 0.056+0.79+0.051 ms clock, 0.22+1.0/0.002/0+0.20 ms cpu, 3->3->1 MB, 4 MB goal, 0 MB stacks, 0 MB globals, 4 P
gc 2696 @47.482s 2%: 0.077+0.76+0.083 ms clock, 0.31+0.65/0.51/0+0.33 ms cpu, 3->3->1 MB, 4 MB goal, 0 MB stacks, 0 MB globals, 4 P
gc 2697 @47.487s 2%: 0.058+0.84+0.061 ms clock, 0.23+0.78/0.66/0+0.24 ms cpu, 3->3->1 MB, 4 MB goal, 0 MB stacks, 0 MB globals, 4 P
gc 2698 @47.492s 2%: 0.069+0.62+0.029 ms clock, 0.27+0.80/0.51/0+0.11 ms cpu, 3->3->1 MB, 4 MB goal, 0 MB stacks, 0 MB globals, 4 P
gc 2699 @47.497s 2%: 0.43+0.80+0.016 ms clock, 1.7+0.28/0.93/0+0.066 ms cpu, 3->3->1 MB, 4 MB goal, 0 MB stacks, 0 MB globals, 4 P
gc 2700 @47.502s 2%: 0.10+1.4+0.018 ms clock, 0.41+0.59/0.78/0+0.075 ms cpu, 3->3->1 MB, 4 MB goal, 0 MB stacks, 0 MB globals, 4 P
gc 2701 @47.507s 2%: 0.078+1.1+0.044 ms clock, 0.31+0.51/0.75/0+0.17 ms cpu, 3->3->1 MB, 4 MB goal, 0 MB stacks, 0 MB globals, 4 P
gc 2702 @47.512s 2%: 0.081+0.56+0.048 ms clock, 0.32+0.90/0.46/0+0.19 ms cpu, 3->3->1 MB, 4 MB goal, 0 MB stacks, 0 MB globals, 4 P
gc 2703 @47.517s 2%: 0.083+0.68+0.039 ms clock, 0.33+0.72/0.56/0+0.15 ms cpu, 3->3->1 MB, 4 MB goal, 0 MB stacks, 0 MB globals, 4 P
gc 2704 @47.522s 2%: 0.25+1.2+0.028 ms clock, 1.0+0.38/0.90/0+0.11 ms cpu, 3->3->1 MB, 4 MB goal, 0 MB stacks, 0 MB globals, 4 P
gc 2705 @47.527s 2%: 0.50+0.83+0.040 ms clock, 2.0+1.3/0.58/0+0.16 ms cpu, 3->3->1 MB, 4 MB goal, 0 MB stacks, 0 MB globals, 4 P
gc 2706 @47.532s 2%: 0.35+1.6+0.034 ms clock, 1.4+0.25/0.86/0+0.13 ms cpu, 3->3->1 MB, 4 MB goal, 0 MB stacks, 0 MB globals, 4 P
gc 2707 @47.537s 2%: 0.075+0.60+0.017 ms clock, 0.30+0.60/0.49/0+0.069 ms cpu, 3->3->1 MB, 4 MB goal, 0 MB stacks, 0 MB globals, 4 P
gc 2708 @47.542s 2%: 0.074+1.4+0.034 ms clock, 0.29+0.84/0.51/0+0.13 ms cpu, 3->3->1 MB, 4 MB goal, 0 MB stacks, 0 MB globals, 4 P
gc 2709 @47.547s 2%: 0.049+0.90+0.051 ms clock, 0.19+0.75/0.44/0+0.20 ms cpu, 3->3->1 MB, 4 MB goal, 0 MB stacks, 0 MB globals, 4 P
gc 2710 @47.552s 2%: 0.098+1.9+0.079 ms clock, 0.39+0.44/0.56/0+0.31 ms cpu, 3->3->1 MB, 4 MB goal, 0 MB stacks, 0 MB globals, 4 P
gc 2711 @47.558s 2%: 0.051+0.58+0.025 ms clock, 0.20+0.52/0.51/0+0.10 ms cpu, 3->3->1 MB, 4 MB goal, 0 MB stacks, 0 MB globals, 4 P
gc 2712 @47.562s 2%: 0.060+0.87+0.042 ms clock, 0.24+0.76/0.78/0+0.16 ms cpu, 3->3->1 MB, 4 MB goal, 0 MB stacks, 0 MB globals, 4 P
gc 2713 @47.567s 2%: 0.70+0.85+0.042 ms clock, 2.8+0.94/0.79/0+0.17 ms cpu, 3->3->1 MB, 4 MB goal, 0 MB stacks, 0 MB globals, 4 P
gc 2714 @47.572s 2%: 0.062+0.81+0.032 ms clock, 0.24+0.45/0.45/0+0.13 ms cpu, 3->3->1 MB, 4 MB goal, 0 MB stacks, 0 MB globals, 4 P
gc 2715 @47.577s 2%: 0.092+0.80+0.043 ms clock, 0.36+0.67/0.57/0+0.17 ms cpu, 3->3->1 MB, 4 MB goal, 0 MB stacks, 0 MB globals, 4 P
gc 2716 @47.582s 2%: 0.077+2.4+0.037 ms clock, 0.30+0.72/1.2/0.20+0.14 ms cpu, 3->4->1 MB, 4 MB goal, 0 MB stacks, 0 MB globals, 4 P
gc 2717 @47.588s 2%: 0.051+0.53+0.034 ms clock, 0.20+0.76/0.40/0+0.13 ms cpu, 3->3->1 MB, 4 MB goal, 0 MB stacks, 0 MB globals, 4 P
gc 2718 @47.592s 2%: 0.081+0.50+0.089 ms clock, 0.32+0.73/0.43/0+0.35 ms cpu, 3->3->1 MB, 4 MB goal, 0 MB stacks, 0 MB globals, 4 P
gc 2719 @47.597s 2%: 0.071+1.5+0.043 ms clock, 0.28+0.58/0.62/0+0.17 ms cpu, 3->3->1 MB, 4 MB goal, 0 MB stacks, 0 MB globals, 4 P
gc 2720 @47.602s 2%: 0.12+1.4+0.030 ms clock, 0.48+0.68/0.56/0+0.12 ms cpu, 3->3->1 MB, 4 MB goal, 0 MB stacks, 0 MB globals, 4 P
gc 2721 @47.607s 2%: 0.044+1.1+0.028 ms clock, 0.17+0.57/0.48/0+0.11 ms cpu, 3->3->1 MB, 4 MB goal, 0 MB stacks, 0 MB globals, 4 P
gc 2722 @47.613s 2%: 0.042+0.65+0.057 ms clock, 0.17+1.1/0.017/0+0.23 ms cpu, 3->3->1 MB, 4 MB goal, 0 MB stacks, 0 MB globals, 4 P
gc 2723 @47.617s 2%: 0.079+0.58+0.024 ms clock, 0.31+0.68/0.51/0+0.098 ms cpu, 3->3->1 MB, 4 MB goal, 0 MB stacks, 0 MB globals, 4 P
gc 2724 @47.622s 2%: 0.21+0.58+0.041 ms clock, 0.87+0.85/0.66/0+0.16 ms cpu, 3->3->1 MB, 4 MB goal, 0 MB stacks, 0 MB globals, 4 P
gc 2725 @47.627s 2%: 0.074+0.60+0.046 ms clock, 0.29+0.75/0.48/0+0.18 ms cpu, 3->3->1 MB, 4 MB goal, 0 MB stacks, 0 MB globals, 4 P
gc 2726 @47.632s 2%: 0.047+1.4+0.040 ms clock, 0.19+0.85/0.51/0+0.16 ms cpu, 3->3->1 MB, 4 MB goal, 0 MB stacks, 0 MB globals, 4 P
gc 2727 @47.637s 2%: 0.048+1.3+0.032 ms clock, 0.19+1.0/0.10/0+0.12 ms cpu, 3->3->1 MB, 4 MB goal, 0 MB stacks, 0 MB globals, 4 P
gc 2728 @47.642s 2%: 0.048+0.55+0.022 ms clock, 0.19+0.76/0.47/0+0.091 ms cpu, 3->3->1 MB, 4 MB goal, 0 MB stacks, 0 MB globals, 4 P
gc 2729 @47.647s 2%: 0.065+1.1+0.024 ms clock, 0.26+0.51/0.52/0+0.099 ms cpu, 3->3->1 MB, 4 MB goal, 0 MB stacks, 0 MB globals, 4 P
gc 2730 @47.652s 2%: 0.052+1.1+0.046 ms clock, 0.21+1.3/0.57/0+0.18 ms cpu, 3->3->1 MB, 4 MB goal, 0 MB stacks, 0 MB globals, 4 P
gc 2731 @47.657s 2%: 0.025+0.52+0.027 ms clock, 0.10+0.66/0.46/0+0.10 ms cpu, 3->3->1 MB, 4 MB goal, 0 MB stacks, 0 MB globals, 4 P
gc 2732 @47.662s 2%: 0.052+0.71+0.037 ms clock, 0.20+0.73/0.51/0+0.14 ms cpu, 3->3->1 MB, 4 MB goal, 0 MB stacks, 0 MB globals, 4 P
gc 2733 @47.667s 2%: 0.059+0.70+0.018 ms clock, 0.23+0.84/0.55/0+0.075 ms cpu, 3->3->1 MB, 4 MB goal, 0 MB stacks, 0 MB globals, 4 P
gc 2734 @47.672s 2%: 0.092+2.2+0.033 ms clock, 0.37+0.57/0.72/0+0.13 ms cpu, 3->3->1 MB, 4 MB goal, 0 MB stacks, 0 MB globals, 4 P
gc 2735 @47.677s 2%: 0.067+1.3+0.048 ms clock, 0.27+1.6/0.29/0+0.19 ms cpu, 3->3->1 MB, 4 MB goal, 0 MB stacks, 0 MB globals, 4 P
gc 2736 @47.682s 2%: 0.028+1.3+0.031 ms clock, 0.11+0.72/0.62/0.064+0.12 ms cpu, 3->3->1 MB, 4 MB goal, 0 MB stacks, 0 MB globals, 4 P
gc 2737 @47.687s 2%: 0.42+2.0+0.003 ms clock, 1.7+0.38/1.1/0+0.014 ms cpu, 3->4->1 MB, 4 MB goal, 0 MB stacks, 0 MB globals, 4 P
gc 2738 @47.693s 2%: 0.072+1.1+0.044 ms clock, 0.29+0.48/0.48/0+0.17 ms cpu, 3->3->1 MB, 4 MB goal, 0 MB stacks, 0 MB globals, 4 P
gc 2739 @47.698s 2%: 0.079+0.92+0.11 ms clock, 0.31+0.53/0.53/0+0.46 ms cpu, 3->3->1 MB, 4 MB goal, 0 MB stacks, 0 MB globals, 4 P
gc 2740 @47.703s 2%: 0.067+0.60+0.042 ms clock, 0.27+0.80/0.52/0+0.17 ms cpu, 3->3->1 MB, 4 MB goal, 0 MB stacks, 0 MB globals, 4 P
gc 2741 @47.707s 2%: 0.056+1.2+0.073 ms clock, 0.22+0.58/0.59/0+0.29 ms cpu, 3->3->1 MB, 4 MB goal, 0 MB stacks, 0 MB globals, 4 P
gc 2742 @47.713s 2%: 0.098+2.4+0.021 ms clock, 0.39+0.60/2.0/0+0.085 ms cpu, 3->4->1 MB, 4 MB goal, 0 MB stacks, 0 MB globals, 4 P
gc 2743 @47.718s 2%: 0.079+1.2+0.040 ms clock, 0.31+0.99/0.058/0+0.16 ms cpu, 3->3->1 MB, 4 MB goal, 0 MB stacks, 0 MB globals, 4 P
gc 2744 @47.723s 2%: 0.066+0.95+0.026 ms clock, 0.26+0.47/0.55/0+0.10 ms cpu, 3->3->1 MB, 4 MB goal, 0 MB stacks, 0 MB globals, 4 P
gc 2745 @47.728s 2%: 0.045+0.66+0.023 ms clock, 0.18+0.79/0.54/0+0.095 ms cpu, 3->3->1 MB, 4 MB goal, 0 MB stacks, 0 MB globals, 4 P
gc 2746 @47.732s 2%: 0.063+1.6+0.027 ms clock, 0.25+0.43/0.56/0+0.10 ms cpu, 3->3->1 MB, 4 MB goal, 0 MB stacks, 0 MB globals, 4 P
gc 2747 @47.738s 2%: 0.36+1.9+0.004 ms clock, 1.4+0.39/1.9/0.020+0.016 ms cpu, 3->4->1 MB, 4 MB goal, 0 MB stacks, 0 MB globals, 4 P
gc 2748 @47.743s 2%: 0.062+1.0+0.047 ms clock, 0.25+0.75/0.42/0+0.18 ms cpu, 3->3->1 MB, 4 MB goal, 0 MB stacks, 0 MB globals, 4 P
gc 2749 @47.748s 2%: 0.038+2.1+0.026 ms clock, 0.15+0.57/0.58/0+0.10 ms cpu, 3->3->1 MB, 4 MB goal, 0 MB stacks, 0 MB globals, 4 P
gc 2750 @47.753s 2%: 0.29+0.65+0.029 ms clock, 1.1+0.29/0.81/0+0.11 ms cpu, 3->3->1 MB, 4 MB goal, 0 MB stacks, 0 MB globals, 4 P
gc 2751 @47.758s 2%: 0.079+1.5+0.028 ms clock, 0.31+0.41/0.73/0+0.11 ms cpu, 3->3->1 MB, 4 MB goal, 0 MB stacks, 0 MB globals, 4 P
gc 2752 @47.763s 2%: 0.051+0.51+0.025 ms clock, 0.20+0.70/0.42/0+0.10 ms cpu, 3->3->1 MB, 4 MB goal, 0 MB stacks, 0 MB globals, 4 P
gc 2753 @47.768s 2%: 0.070+0.65+0.041 ms clock, 0.28+0.76/0.53/0+0.16 ms cpu, 3->3->1 MB, 4 MB goal, 0 MB stacks, 0 MB globals, 4 P
gc 2754 @47.773s 2%: 0.070+0.64+0.006 ms clock, 0.28+0.86/0.54/0+0.024 ms cpu, 3->3->1 MB, 4 MB goal, 0 MB stacks, 0 MB globals, 4 P
gc 2755 @47.778s 2%: 0.031+0.64+0.035 ms clock, 0.12+0.55/0.52/0.051+0.14 ms cpu, 3->3->1 MB, 4 MB goal, 0 MB stacks, 0 MB globals, 4 P
gc 2756 @47.783s 2%: 0.078+0.80+0.064 ms clock, 0.31+0.76/0.55/0+0.25 ms cpu, 3->3->1 MB, 4 MB goal, 0 MB stacks, 0 MB globals, 4 P
gc 2757 @47.789s 2%: 0.40+1.1+0.007 ms clock, 1.6+0.52/0.61/0+0.031 ms cpu, 3->3->1 MB, 4 MB goal, 0 MB stacks, 0 MB globals, 4 P
gc 2758 @47.793s 2%: 0.047+0.69+0.037 ms clock, 0.18+0.79/0.58/0+0.14 ms cpu, 3->3->1 MB, 4 MB goal, 0 MB stacks, 0 MB globals, 4 P
gc 2759 @47.799s 2%: 0.062+2.1+0.028 ms clock, 0.24+0.29/0.71/0+0.11 ms cpu, 3->3->1 MB, 4 MB goal, 0 MB stacks, 0 MB globals, 4 P
gc 2760 @47.804s 2%: 0.025+1.3+0.030 ms clock, 0.10+0.57/0.49/0+0.12 ms cpu, 3->3->1 MB, 4 MB goal, 0 MB stacks, 0 MB globals, 4 P
gc 2761 @47.809s 2%: 0.072+1.2+0.049 ms clock, 0.28+0.44/0.57/0+0.19 ms cpu, 3->3->1 MB, 4 MB goal, 0 MB stacks, 0 MB globals, 4 P
gc 2762 @47.814s 2%: 0.040+0.66+0.007 ms clock, 0.16+0.82/0.39/0+0.029 ms cpu, 3->3->1 MB, 4 MB goal, 0 MB stacks, 0 MB globals, 4 P
gc 2763 @47.819s 2%: 2.4+0.69+0.021 ms clock, 9.8+0.45/2.7/0+0.084 ms cpu, 3->3->1 MB, 4 MB goal, 0 MB stacks, 0 MB globals, 4 P
gc 2764 @47.824s 2%: 0.087+0.79+0.052 ms clock, 0.35+0.54/0.51/0+0.21 ms cpu, 3->3->1 MB, 4 MB goal, 0 MB stacks, 0 MB globals, 4 P
gc 2765 @47.829s 2%: 0.057+0.82+0.025 ms clock, 0.22+0.29/0.71/0+0.10 ms cpu, 3->3->1 MB, 4 MB goal, 0 MB stacks, 0 MB globals, 4 P
gc 2766 @47.834s 2%: 0.054+0.55+0.063 ms clock, 0.21+0.81/0.41/0.001+0.25 ms cpu, 3->3->1 MB, 4 MB goal, 0 MB stacks, 0 MB globals, 4 P
gc 2767 @47.839s 2%: 0.056+0.58+0.022 ms clock, 0.22+0.75/0.47/0+0.091 ms cpu, 3->3->1 MB, 4 MB goal, 0 MB stacks, 0 MB globals, 4 P
gc 2768 @47.844s 2%: 0.036+1.9+0.015 ms clock, 0.14+0.82/0.58/0+0.063 ms cpu, 3->3->1 MB, 4 MB goal, 0 MB stacks, 0 MB globals, 4 P
gc 2769 @47.849s 2%: 0.054+0.67+0.042 ms clock, 0.21+0.79/0.55/0+0.16 ms cpu, 3->3->1 MB, 4 MB goal, 0 MB stacks, 0 MB globals, 4 P
gc 2770 @47.854s 2%: 0.060+0.50+0.054 ms clock, 0.24+0.91/0.44/0+0.21 ms cpu, 3->3->1 MB, 4 MB goal, 0 MB stacks, 0 MB globals, 4 P
gc 2771 @47.858s 2%: 0.065+0.87+0.10 ms clock, 0.26+0.64/0.51/0+0.40 ms cpu, 3->3->1 MB, 4 MB goal, 0 MB stacks, 0 MB globals, 4 P
gc 2772 @47.863s 2%: 0.077+0.87+0.058 ms clock, 0.31+0.83/0.45/0+0.23 ms cpu, 3->3->1 MB, 4 MB goal, 0 MB stacks, 0 MB globals, 4 P
gc 2773 @47.869s 2%: 0.063+1.5+0.085 ms clock, 0.25+0.53/0.84/0+0.34 ms cpu, 3->3->1 MB, 4 MB goal, 0 MB stacks, 0 MB globals, 4 P
gc 2774 @47.873s 2%: 0.062+0.98+0.029 ms clock, 0.25+0.32/0.53/0+0.11 ms cpu, 3->3->1 MB, 4 MB goal, 0 MB stacks, 0 MB globals, 4 P
gc 2775 @47.879s 2%: 0.078+0.71+0.038 ms clock, 0.31+0.56/0.58/0+0.15 ms cpu, 3->3->1 MB, 4 MB goal, 0 MB stacks, 0 MB globals, 4 P
gc 2776 @47.883s 2%: 0.097+0.62+0.030 ms clock, 0.38+0.49/0.54/0+0.12 ms cpu, 3->3->1 MB, 4 MB goal, 0 MB stacks, 0 MB globals, 4 P
gc 2777 @47.888s 2%: 0.058+1.7+0.073 ms clock, 0.23+0.54/0.77/0+0.29 ms cpu, 3->3->1 MB, 4 MB goal, 0 MB stacks, 0 MB globals, 4 P
gc 2778 @47.893s 2%: 0.056+1.3+0.017 ms clock, 0.22+0.86/0.47/0+0.070 ms cpu, 3->3->1 MB, 4 MB goal, 0 MB stacks, 0 MB globals, 4 P
gc 2779 @47.898s 2%: 0.049+0.75+0.086 ms clock, 0.19+0.92/0.61/0+0.34 ms cpu, 3->3->1 MB, 4 MB goal, 0 MB stacks, 0 MB globals, 4 P
gc 2780 @47.903s 2%: 0.054+1.3+0.034 ms clock, 0.21+1.0/1.3/0.002+0.13 ms cpu, 3->3->1 MB, 4 MB goal, 0 MB stacks, 0 MB globals, 4 P
gc 2781 @47.908s 2%: 0.14+0.66+0.012 ms clock, 0.56+0.82/0.46/0+0.051 ms cpu, 3->3->1 MB, 4 MB goal, 0 MB stacks, 0 MB globals, 4 P
gc 2782 @47.913s 2%: 0.054+2.0+0.052 ms clock, 0.21+0.54/0.53/0+0.21 ms cpu, 3->3->1 MB, 4 MB goal, 0 MB stacks, 0 MB globals, 4 P
gc 2783 @47.919s 2%: 0.063+0.61+0.014 ms clock, 0.25+0.83/0.43/0+0.059 ms cpu, 3->3->1 MB, 4 MB goal, 0 MB stacks, 0 MB globals, 4 P
gc 2784 @47.924s 2%: 0.064+0.72+0.027 ms clock, 0.25+0.97/0.092/0+0.11 ms cpu, 3->3->1 MB, 4 MB goal, 0 MB stacks, 0 MB globals, 4 P
gc 2785 @47.928s 2%: 0.099+1.9+0.021 ms clock, 0.39+2.3/0.002/0+0.087 ms cpu, 3->3->1 MB, 4 MB goal, 0 MB stacks, 0 MB globals, 4 P
gc 2786 @47.934s 2%: 0.27+1.4+0.023 ms clock, 1.0+0.47/1.5/0+0.093 ms cpu, 3->3->1 MB, 4 MB goal, 0 MB stacks, 0 MB globals, 4 P
gc 2787 @47.939s 2%: 0.088+0.64+0.005 ms clock, 0.35+0.83/0.48/0+0.021 ms cpu, 3->3->1 MB, 4 MB goal, 0 MB stacks, 0 MB globals, 4 P
gc 2788 @47.944s 2%: 0.046+0.81+0.038 ms clock, 0.18+0.81/0.68/0+0.15 ms cpu, 3->3->1 MB, 4 MB goal, 0 MB stacks, 0 MB globals, 4 P
gc 2789 @47.949s 2%: 0.35+0.92+0.021 ms clock, 1.4+0.73/1.1/0+0.085 ms cpu, 3->3->1 MB, 4 MB goal, 0 MB stacks, 0 MB globals, 4 P
gc 2790 @47.954s 2%: 0.11+1.3+0.057 ms clock, 0.46+0.34/0.63/0+0.22 ms cpu, 3->3->1 MB, 4 MB goal, 0 MB stacks, 0 MB globals, 4 P
gc 2791 @47.959s 2%: 0.019+1.3+0.004 ms clock, 0.076+0.64/0.55/0+0.019 ms cpu, 3->3->1 MB, 4 MB goal, 0 MB stacks, 0 MB globals, 4 P
gc 2792 @47.964s 2%: 0.047+0.79+0.086 ms clock, 0.19+0.78/0.38/0+0.34 ms cpu, 3->3->1 MB, 4 MB goal, 0 MB stacks, 0 MB globals, 4 P
gc 2793 @47.969s 2%: 0.11+1.7+0.042 ms clock, 0.47+0.80/0.66/0+0.17 ms cpu, 3->3->1 MB, 4 MB goal, 0 MB stacks, 0 MB globals, 4 P
gc 2794 @47.974s 2%: 0.057+0.69+0.027 ms clock, 0.23+0.75/0.49/0+0.11 ms cpu, 3->3->1 MB, 4 MB goal, 0 MB stacks, 0 MB globals, 4 P
gc 2795 @47.979s 2%: 0.11+1.1+0.011 ms clock, 0.44+1.1/0/0+0.047 ms cpu, 3->3->1 MB, 4 MB goal, 0 MB stacks, 0 MB globals, 4 P
gc 2796 @47.984s 2%: 1.8+0.23+0.032 ms clock, 7.4+0.61/1.9/0+0.12 ms cpu, 3->3->1 MB, 4 MB goal, 0 MB stacks, 0 MB globals, 4 P
gc 2797 @47.990s 2%: 0.063+0.52+0.053 ms clock, 0.25+0.73/0.41/0+0.21 ms cpu, 3->3->1 MB, 4 MB goal, 0 MB stacks, 0 MB globals, 4 P
gc 2798 @47.994s 2%: 0.29+0.74+0.061 ms clock, 1.1+0.62/0.85/0+0.24 ms cpu, 3->3->1 MB, 4 MB goal, 0 MB stacks, 0 MB globals, 4 P
gc 2799 @47.999s 2%: 0.033+0.55+0.039 ms clock, 0.13+0.85/0.46/0+0.15 ms cpu, 3->3->1 MB, 4 MB goal, 0 MB stacks, 0 MB globals, 4 P
gc 2800 @48.004s 2%: 0.035+1.0+0.045 ms clock, 0.14+0.38/0.89/0+0.18 ms cpu, 3->3->1 MB, 4 MB goal, 0 MB stacks, 0 MB globals, 4 P
gc 2801 @48.009s 2%: 0.062+1.4+0.040 ms clock, 0.25+1.0/0.001/0+0.16 ms cpu, 3->3->1 MB, 4 MB goal, 0 MB stacks, 0 MB globals, 4 P
gc 2802 @48.014s 2%: 0.051+1.0+0.076 ms clock, 0.20+1.0/0.045/0+0.30 ms cpu, 3->3->1 MB, 4 MB goal, 0 MB stacks, 0 MB globals, 4 P
gc 2803 @48.019s 2%: 0.052+2.9+0.054 ms clock, 0.20+0.87/2.5/0+0.21 ms cpu, 3->4->1 MB, 4 MB goal, 0 MB stacks, 0 MB globals, 4 P
gc 2804 @48.025s 2%: 0.074+1.4+0.039 ms clock, 0.29+0.45/0.93/0+0.15 ms cpu, 3->3->1 MB, 4 MB goal, 0 MB stacks, 0 MB globals, 4 P
gc 2805 @48.030s 2%: 0.066+0.72+0.026 ms clock, 0.26+0.77/0.59/0+0.10 ms cpu, 3->3->1 MB, 4 MB goal, 0 MB stacks, 0 MB globals, 4 P
gc 2806 @48.035s 2%: 0.075+0.73+0.048 ms clock, 0.30+0.86/0.63/0+0.19 ms cpu, 3->3->1 MB, 4 MB goal, 0 MB stacks, 0 MB globals, 4 P
gc 2807 @48.040s 2%: 0.051+0.74+0.034 ms clock, 0.20+0.72/0.42/0+0.13 ms cpu, 3->3->1 MB, 4 MB goal, 0 MB stacks, 0 MB globals, 4 P
gc 2808 @48.044s 2%: 0.063+0.81+0.036 ms clock, 0.25+0.60/0.53/0+0.14 ms cpu, 3->3->1 MB, 4 MB goal, 0 MB stacks, 0 MB globals, 4 P
gc 2809 @48.049s 2%: 0.062+1.0+0.039 ms clock, 0.25+1.0/0.98/0+0.15 ms cpu, 3->3->1 MB, 4 MB goal, 0 MB stacks, 0 MB globals, 4 P
gc 2810 @48.054s 2%: 0.12+0.54+0.054 ms clock, 0.49+0.60/0.45/0+0.21 ms cpu, 3->3->0 MB, 4 MB goal, 0 MB stacks, 0 MB globals, 4 P
gc 2811 @48.059s 2%: 0.019+0.80+0.048 ms clock, 0.076+0.89/0.62/0+0.19 ms cpu, 3->3->1 MB, 4 MB goal, 0 MB stacks, 0 MB globals, 4 P
gc 2812 @48.064s 2%: 0.062+1.4+0.024 ms clock, 0.25+1.1/0.001/0+0.097 ms cpu, 3->3->1 MB, 4 MB goal, 0 MB stacks, 0 MB globals, 4 P
gc 2813 @48.069s 2%: 0.048+1.0+0.092 ms clock, 0.19+0.86/0.43/0+0.37 ms cpu, 3->3->1 MB, 4 MB goal, 0 MB stacks, 0 MB globals, 4 P
gc 2814 @48.074s 2%: 0.10+1.4+0.075 ms clock, 0.40+0.35/0.64/0+0.30 ms cpu, 3->3->1 MB, 4 MB goal, 0 MB stacks, 0 MB globals, 4 P
gc 2815 @48.079s 2%: 0.061+0.87+0.023 ms clock, 0.24+0.39/0.54/0+0.093 ms cpu, 3->3->1 MB, 4 MB goal, 0 MB stacks, 0 MB globals, 4 P
gc 2816 @48.084s 2%: 0.073+0.61+0.027 ms clock, 0.29+0.87/0.51/0+0.11 ms cpu, 3->3->1 MB, 4 MB goal, 0 MB stacks, 0 MB globals, 4 P
gc 2817 @48.089s 2%: 0.056+0.97+0.024 ms clock, 0.22+0.56/0.62/0+0.099 ms cpu, 3->3->1 MB, 4 MB goal, 0 MB stacks, 0 MB globals, 4 P
gc 2818 @48.094s 2%: 0.020+1.8+0.028 ms clock, 0.082+0.61/0.65/0+0.11 ms cpu, 3->3->1 MB, 4 MB goal, 0 MB stacks, 0 MB globals, 4 P
gc 2819 @48.099s 2%: 0.065+0.83+0.066 ms clock, 0.26+1.0/0/0+0.26 ms cpu, 3->3->1 MB, 4 MB goal, 0 MB stacks, 0 MB globals, 4 P
gc 2820 @48.104s 2%: 0.080+1.4+0.081 ms clock, 0.32+0.59/0.62/0+0.32 ms cpu, 3->3->1 MB, 4 MB goal, 0 MB stacks, 0 MB globals, 4 P
gc 2821 @48.109s 2%: 0.056+1.1+0.048 ms clock, 0.22+0.88/0.58/0+0.19 ms cpu, 3->3->1 MB, 4 MB goal, 0 MB stacks, 0 MB globals, 4 P
gc 2822 @48.114s 2%: 0.054+0.70+0.071 ms clock, 0.21+0.57/0.59/0+0.28 ms cpu, 3->3->1 MB, 4 MB goal, 0 MB stacks, 0 MB globals, 4 P
gc 2823 @48.119s 2%: 0.068+2.7+0.043 ms clock, 0.27+0.59/0.64/0+0.17 ms cpu, 3->4->1 MB, 4 MB goal, 0 MB stacks, 0 MB globals, 4 P
gc 2824 @48.125s 2%: 0.050+1.1+0.024 ms clock, 0.20+1.0/0.001/0+0.099 ms cpu, 3->3->1 MB, 4 MB goal, 0 MB stacks, 0 MB globals, 4 P
gc 2825 @48.130s 2%: 0.052+0.74+0.035 ms clock, 0.21+0.85/0.61/0+0.14 ms cpu, 3->3->1 MB, 4 MB goal, 0 MB stacks, 0 MB globals, 4 P
gc 2826 @48.135s 2%: 0.034+1.6+0.045 ms clock, 0.13+0.61/0.56/0+0.18 ms cpu, 3->3->1 MB, 4 MB goal, 0 MB stacks, 0 MB globals, 4 P
gc 2827 @48.140s 2%: 0.039+0.67+0.023 ms clock, 0.15+0.57/0.54/0+0.093 ms cpu, 3->3->1 MB, 4 MB goal, 0 MB stacks, 0 MB globals, 4 P
gc 2828 @48.145s 2%: 0.24+0.46+0.028 ms clock, 0.96+0.20/0.58/0+0.11 ms cpu, 3->3->1 MB, 4 MB goal, 0 MB stacks, 0 MB globals, 4 P
gc 2829 @48.150s 2%: 0.051+2.1+0.058 ms clock, 0.20+0.57/0.66/0+0.23 ms cpu, 3->4->1 MB, 4 MB goal, 0 MB stacks, 0 MB globals, 4 P
gc 2830 @48.155s 2%: 1.7+0.22+0.037 ms clock, 6.8+0.81/1.7/0+0.14 ms cpu, 3->3->1 MB, 4 MB goal, 0 MB stacks, 0 MB globals, 4 P
gc 2831 @48.160s 2%: 0.099+2.0+0.055 ms clock, 0.39+0.49/0.62/0+0.22 ms cpu, 3->3->1 MB, 4 MB goal, 0 MB stacks, 0 MB globals, 4 P
gc 2832 @48.166s 2%: 0.026+0.88+0.004 ms clock, 0.10+0.40/0.49/0+0.016 ms cpu, 3->3->1 MB, 4 MB goal, 0 MB stacks, 0 MB globals, 4 P
gc 2833 @48.171s 2%: 0.044+1.8+0.024 ms clock, 0.17+0.54/0.49/0+0.096 ms cpu, 3->3->1 MB, 4 MB goal, 0 MB stacks, 0 MB globals, 4 P
gc 2834 @48.176s 2%: 2.6+0.17+0.023 ms clock, 10+0.60/2.6/0+0.092 ms cpu, 3->3->1 MB, 4 MB goal, 0 MB stacks, 0 MB globals, 4 P
gc 2835 @48.181s 2%: 0.060+1.1+0.044 ms clock, 0.24+1.1/0.001/0+0.17 ms cpu, 3->3->1 MB, 4 MB goal, 0 MB stacks, 0 MB globals, 4 P
gc 2836 @48.186s 2%: 0.038+0.58+0.061 ms clock, 0.15+0.75/0.44/0+0.24 ms cpu, 3->3->1 MB, 4 MB goal, 0 MB stacks, 0 MB globals, 4 P
gc 2837 @48.191s 2%: 0.054+0.68+0.038 ms clock, 0.21+0.67/0.52/0+0.15 ms cpu, 3->3->1 MB, 4 MB goal, 0 MB stacks, 0 MB globals, 4 P
gc 2838 @48.196s 2%: 0.042+2.5+0.006 ms clock, 0.17+0.87/0.49/0+0.025 ms cpu, 3->4->1 MB, 4 MB goal, 0 MB stacks, 0 MB globals, 4 P
gc 2839 @48.201s 2%: 0.058+0.61+0.054 ms clock, 0.23+0.81/0.48/0+0.21 ms cpu, 3->3->1 MB, 4 MB goal, 0 MB stacks, 0 MB globals, 4 P
gc 2840 @48.206s 2%: 0.11+1.6+0.056 ms clock, 0.47+0.45/0.54/0+0.22 ms cpu, 3->3->1 MB, 4 MB goal, 0 MB stacks, 0 MB globals, 4 P
gc 2841 @48.211s 2%: 0.092+1.7+0.030 ms clock, 0.36+0.51/0.58/0+0.12 ms cpu, 3->3->1 MB, 4 MB goal, 0 MB stacks, 0 MB globals, 4 P
gc 2842 @48.216s 2%: 0.24+1.7+0.003 ms clock, 0.96+0.66/1.6/0+0.015 ms cpu, 3->3->1 MB, 4 MB goal, 0 MB stacks, 0 MB globals, 4 P
gc 2843 @48.222s 2%: 0.038+1.2+0.023 ms clock, 0.15+0.67/0.58/0+0.093 ms cpu, 3->3->1 MB, 4 MB goal, 0 MB stacks, 0 MB globals, 4 P
gc 2844 @48.227s 2%: 0.052+0.80+0.044 ms clock, 0.20+0.65/0.63/0+0.17 ms cpu, 3->3->1 MB, 4 MB goal, 0 MB stacks, 0 MB globals, 4 P
gc 2845 @48.232s 2%: 0.048+0.70+0.059 ms clock, 0.19+0.74/0.56/0+0.23 ms cpu, 3->3->1 MB, 4 MB goal, 0 MB stacks, 0 MB globals, 4 P
gc 2846 @48.237s 2%: 0.077+1.3+0.031 ms clock, 0.30+0.36/0.60/0+0.12 ms cpu, 3->3->1 MB, 4 MB goal, 0 MB stacks, 0 MB globals, 4 P
gc 2847 @48.242s 2%: 0.084+0.75+0.010 ms clock, 0.33+0.95/0.089/0+0.041 ms cpu, 3->3->1 MB, 4 MB goal, 0 MB stacks, 0 MB globals, 4 P
gc 2848 @48.247s 2%: 0.082+1.7+0.015 ms clock, 0.32+0.52/0.89/0+0.063 ms cpu, 3->3->1 MB, 4 MB goal, 0 MB stacks, 0 MB globals, 4 P
gc 2849 @48.252s 2%: 0.31+0.95+0.023 ms clock, 1.2+0.35/0.90/0.75+0.093 ms cpu, 3->3->1 MB, 4 MB goal, 0 MB stacks, 0 MB globals, 4 P
gc 2850 @48.257s 2%: 0.056+0.78+0.033 ms clock, 0.22+1.1/0.027/0+0.13 ms cpu, 3->3->1 MB, 4 MB goal, 0 MB stacks, 0 MB globals, 4 P
gc 2851 @48.262s 2%: 0.050+0.59+0.033 ms clock, 0.20+0.75/0.52/0+0.13 ms cpu, 3->3->1 MB, 4 MB goal, 0 MB stacks, 0 MB globals, 4 P
gc 2852 @48.267s 2%: 0.055+1.5+0.041 ms clock, 0.22+0.58/0.60/0+0.16 ms cpu, 3->3->1 MB, 4 MB goal, 0 MB stacks, 0 MB globals, 4 P
gc 2853 @48.272s 2%: 0.25+0.66+0.044 ms clock, 1.0+0.68/0.70/0+0.17 ms cpu, 3->3->1 MB, 4 MB goal, 0 MB stacks, 0 MB globals, 4 P
gc 2854 @48.277s 2%: 0.34+1.9+0.063 ms clock, 1.3+0.22/0.80/0+0.25 ms cpu, 3->3->1 MB, 4 MB goal, 0 MB stacks, 0 MB globals, 4 P
gc 2855 @48.282s 2%: 0.094+1.3+0.059 ms clock, 0.37+1.0/0.51/0+0.23 ms cpu, 3->3->1 MB, 4 MB goal, 0 MB stacks, 0 MB globals, 4 P
gc 2856 @48.287s 2%: 0.085+1.9+0.087 ms clock, 0.34+0.55/0.75/0+0.34 ms cpu, 3->3->1 MB, 4 MB goal, 0 MB stacks, 0 MB globals, 4 P
gc 2857 @48.292s 2%: 0.047+0.62+0.054 ms clock, 0.18+0.86/0.47/0+0.21 ms cpu, 3->3->1 MB, 4 MB goal, 0 MB stacks, 0 MB globals, 4 P
gc 2858 @48.297s 2%: 0.25+0.76+0.071 ms clock, 1.0+0.56/0.80/0+0.28 ms cpu, 3->3->1 MB, 4 MB goal, 0 MB stacks, 0 MB globals, 4 P
gc 2859 @48.302s 2%: 0.071+1.5+0.040 ms clock, 0.28+0.58/0.76/0+0.16 ms cpu, 3->3->1 MB, 4 MB goal, 0 MB stacks, 0 MB globals, 4 P
gc 2860 @48.307s 2%: 0.053+0.66+0.029 ms clock, 0.21+0.92/0.53/0+0.11 ms cpu, 3->3->1 MB, 4 MB goal, 0 MB stacks, 0 MB globals, 4 P
gc 2861 @48.312s 2%: 0.064+2.1+0.066 ms clock, 0.25+0.70/0.71/0+0.26 ms cpu, 3->4->1 MB, 4 MB goal, 0 MB stacks, 0 MB globals, 4 P
gc 2862 @48.318s 2%: 0.089+0.67+0.021 ms clock, 0.35+0.82/0.48/0+0.087 ms cpu, 3->3->1 MB, 4 MB goal, 0 MB stacks, 0 MB globals, 4 P
gc 2863 @48.323s 2%: 0.045+1.8+0.073 ms clock, 0.18+0.94/0.64/0+0.29 ms cpu, 3->3->1 MB, 4 MB goal, 0 MB stacks, 0 MB globals, 4 P
gc 2864 @48.328s 2%: 0.080+1.4+0.040 ms clock, 0.32+0.84/0.45/0+0.16 ms cpu, 3->3->1 MB, 4 MB goal, 0 MB stacks, 0 MB globals, 4 P
gc 2865 @48.333s 2%: 0.095+0.56+0.020 ms clock, 0.38+0.78/0.46/0+0.082 ms cpu, 3->3->1 MB, 4 MB goal, 0 MB stacks, 0 MB globals, 4 P
gc 2866 @48.338s 2%: 0.10+0.76+0.007 ms clock, 0.42+0.63/0.66/0+0.029 ms cpu, 3->3->1 MB, 4 MB goal, 0 MB stacks, 0 MB globals, 4 P
gc 2867 @48.343s 2%: 0.041+1.9+0.040 ms clock, 0.16+0.70/0.47/0+0.16 ms cpu, 3->3->1 MB, 4 MB goal, 0 MB stacks, 0 MB globals, 4 P
gc 2868 @48.348s 2%: 0.069+1.0+0.011 ms clock, 0.27+0.83/0.47/0+0.044 ms cpu, 3->3->1 MB, 4 MB goal, 0 MB stacks, 0 MB globals, 4 P
gc 2869 @48.353s 2%: 0.082+0.94+0.040 ms clock, 0.33+0.64/0.48/0+0.16 ms cpu, 3->3->1 MB, 4 MB goal, 0 MB stacks, 0 MB globals, 4 P
gc 2870 @48.358s 2%: 0.089+1.1+0.047 ms clock, 0.35+0.56/0.53/0+0.18 ms cpu, 3->3->1 MB, 4 MB goal, 0 MB stacks, 0 MB globals, 4 P
gc 2871 @48.363s 2%: 0.050+0.52+0.019 ms clock, 0.20+0.77/0.43/0+0.078 ms cpu, 3->3->1 MB, 4 MB goal, 0 MB stacks, 0 MB globals, 4 P
gc 2872 @48.368s 2%: 0.17+1.5+0.045 ms clock, 0.68+0.52/1.0/0+0.18 ms cpu, 3->3->1 MB, 4 MB goal, 0 MB stacks, 0 MB globals, 4 P
gc 2873 @48.373s 2%: 0.051+1.5+0.067 ms clock, 0.20+0.75/0.54/0+0.26 ms cpu, 3->3->1 MB, 4 MB goal, 0 MB stacks, 0 MB globals, 4 P
gc 2874 @48.378s 2%: 0.051+0.97+0.031 ms clock, 0.20+0.75/0.79/0+0.12 ms cpu, 3->3->1 MB, 4 MB goal, 0 MB stacks, 0 MB globals, 4 P
gc 2875 @48.383s 2%: 0.019+0.84+0.041 ms clock, 0.078+0.77/0.67/0+0.16 ms cpu, 3->3->1 MB, 4 MB goal, 0 MB stacks, 0 MB globals, 4 P
gc 2876 @48.388s 2%: 0.094+0.92+0.016 ms clock, 0.37+0.82/0.53/0+0.064 ms cpu, 3->3->1 MB, 4 MB goal, 0 MB stacks, 0 MB globals, 4 P
gc 2877 @48.393s 2%: 0.055+1.5+0.045 ms clock, 0.22+0.57/0.64/0+0.18 ms cpu, 3->3->1 MB, 4 MB goal, 0 MB stacks, 0 MB globals, 4 P
gc 2878 @48.398s 2%: 0.35+0.70+0.065 ms clock, 1.4+0.30/0.89/0+0.26 ms cpu, 3->3->1 MB, 4 MB goal, 0 MB stacks, 0 MB globals, 4 P
gc 2879 @48.403s 2%: 0.080+1.5+0.004 ms clock, 0.32+1.0/0.001/0+0.017 ms cpu, 3->3->1 MB, 4 MB goal, 0 MB stacks, 0 MB globals, 4 P
gc 2880 @48.408s 2%: 1.9+0.84+0.084 ms clock, 7.7+0.42/2.2/0+0.33 ms cpu, 3->3->1 MB, 4 MB goal, 0 MB stacks, 0 MB globals, 4 P
gc 2881 @48.414s 2%: 0.055+0.88+0.041 ms clock, 0.22+0.53/0.80/0+0.16 ms cpu, 3->3->1 MB, 4 MB goal, 0 MB stacks, 0 MB globals, 4 P
gc 2882 @48.419s 2%: 0.057+1.5+0.009 ms clock, 0.23+0.95/0.001/0+0.037 ms cpu, 3->3->1 MB, 4 MB goal, 0 MB stacks, 0 MB globals, 4 P
gc 2883 @48.425s 2%: 0.062+0.71+0.039 ms clock, 0.25+0.83/0.60/0+0.15 ms cpu, 3->3->1 MB, 4 MB goal, 0 MB stacks, 0 MB globals, 4 P
gc 2884 @48.429s 2%: 0.11+1.1+0.030 ms clock, 0.44+1.1/0/0+0.12 ms cpu, 3->3->1 MB, 4 MB goal, 0 MB stacks, 0 MB globals, 4 P
gc 2885 @48.434s 2%: 0.069+0.61+0.034 ms clock, 0.27+0.73/0.43/0+0.13 ms cpu, 3->3->1 MB, 4 MB goal, 0 MB stacks, 0 MB globals, 4 P
gc 2886 @48.439s 2%: 0.062+0.64+0.027 ms clock, 0.25+0.84/0.43/0+0.10 ms cpu, 3->3->1 MB, 4 MB goal, 0 MB stacks, 0 MB globals, 4 P
gc 2887 @48.444s 2%: 0.28+1.2+0.032 ms clock, 1.1+0.68/0.71/0+0.12 ms cpu, 3->3->1 MB, 4 MB goal, 0 MB stacks, 0 MB globals, 4 P
gc 2888 @48.449s 2%: 0.045+1.1+0.018 ms clock, 0.18+0.60/0.50/0+0.073 ms cpu, 3->3->1 MB, 4 MB goal, 0 MB stacks, 0 MB globals, 4 P
gc 2889 @48.454s 2%: 0.065+0.62+0.045 ms clock, 0.26+0.68/0.49/0+0.18 ms cpu, 3->3->1 MB, 4 MB goal, 0 MB stacks, 0 MB globals, 4 P
gc 2890 @48.459s 2%: 0.017+0.68+0.053 ms clock, 0.071+0.82/0.50/0+0.21 ms cpu, 3->3->1 MB, 4 MB goal, 0 MB stacks, 0 MB globals, 4 P
gc 2891 @48.463s 2%: 0.053+0.49+0.027 ms clock, 0.21+0.80/0.36/0+0.10 ms cpu, 3->3->1 MB, 4 MB goal, 0 MB stacks, 0 MB globals, 4 P
gc 2892 @48.468s 2%: 0.026+0.56+0.046 ms clock, 0.10+1.0/0.001/0+0.18 ms cpu, 3->3->1 MB, 4 MB goal, 0 MB stacks, 0 MB globals, 4 P
gc 2893 @48.473s 2%: 0.034+1.8+0.076 ms clock, 0.13+1.1/0/0+0.30 ms cpu, 3->3->1 MB, 4 MB goal, 0 MB stacks, 0 MB globals, 4 P
gc 2894 @48.479s 2%: 0.048+1.9+0.057 ms clock, 0.19+0.27/1.0/0+0.22 ms cpu, 3->4->1 MB, 4 MB goal, 0 MB stacks, 0 MB globals, 4 P
gc 2895 @48.484s 2%: 1.1+0.40+0.046 ms clock, 4.4+0.31/1.2/0.47+0.18 ms cpu, 3->3->1 MB, 4 MB goal, 0 MB stacks, 0 MB globals, 4 P
gc 2896 @48.489s 2%: 0.041+0.55+0.064 ms clock, 0.16+0.84/0.51/0+0.25 ms cpu, 3->3->1 MB, 4 MB goal, 0 MB stacks, 0 MB globals, 4 P
gc 2897 @48.494s 2%: 0.32+1.9+0.084 ms clock, 1.3+0.89/1.4/0+0.33 ms cpu, 3->3->1 MB, 4 MB goal, 0 MB stacks, 0 MB globals, 4 P
gc 2898 @48.499s 2%: 0.042+0.53+0.058 ms clock, 0.17+0.89/0.44/0+0.23 ms cpu, 3->3->1 MB, 4 MB goal, 0 MB stacks, 0 MB globals, 4 P
gc 2899 @48.504s 2%: 0.059+1.2+0.006 ms clock, 0.23+0.49/0.53/0+0.025 ms cpu, 3->3->1 MB, 4 MB goal, 0 MB stacks, 0 MB globals, 4 P
gc 2900 @48.509s 2%: 0.50+1.5+0.039 ms clock, 2.0+0.40/1.1/0+0.15 ms cpu, 3->3->1 MB, 4 MB goal, 0 MB stacks, 0 MB globals, 4 P
gc 2901 @48.514s 2%: 0.10+1.9+0.005 ms clock, 0.41+0.43/0.69/0+0.022 ms cpu, 3->3->1 MB, 4 MB goal, 0 MB stacks, 0 MB globals, 4 P
gc 2902 @48.519s 2%: 0.032+0.55+0.042 ms clock, 0.12+0.84/0.43/0+0.17 ms cpu, 3->3->1 MB, 4 MB goal, 0 MB stacks, 0 MB globals, 4 P
gc 2903 @48.524s 2%: 0.25+1.4+0.008 ms clock, 1.0+0.46/0.99/0+0.033 ms cpu, 3->3->1 MB, 4 MB goal, 0 MB stacks, 0 MB globals, 4 P
gc 2904 @48.529s 2%: 0.24+1.0+0.037 ms clock, 0.96+0.73/0.93/0.093+0.14 ms cpu, 3->3->1 MB, 4 MB goal, 0 MB stacks, 0 MB globals, 4 P
gc 2905 @48.534s 2%: 0.090+1.1+0.082 ms clock, 0.36+0.71/0.58/0+0.33 ms cpu, 3->3->1 MB, 4 MB goal, 0 MB stacks, 0 MB globals, 4 P
gc 2906 @48.539s 2%: 0.075+0.87+0.015 ms clock, 0.30+0.74/0.68/0+0.063 ms cpu, 3->3->1 MB, 4 MB goal, 0 MB stacks, 0 MB globals, 4 P
gc 2907 @48.544s 2%: 0.087+0.53+0.024 ms clock, 0.34+0.87/0.46/0+0.096 ms cpu, 3->3->1 MB, 4 MB goal, 0 MB stacks, 0 MB globals, 4 P
gc 2908 @48.549s 2%: 0.083+0.62+0.071 ms clock, 0.33+0.72/0.46/0+0.28 ms cpu, 3->3->1 MB, 4 MB goal, 0 MB stacks, 0 MB globals, 4 P
gc 2909 @48.554s 2%: 0.10+0.75+0.065 ms clock, 0.41+0.52/0.68/0+0.26 ms cpu, 3->3->1 MB, 4 MB goal, 0 MB stacks, 0 MB globals, 4 P
gc 2910 @48.559s 2%: 0.060+0.70+0.026 ms clock, 0.24+0.88/0.52/0+0.10 ms cpu, 3->3->1 MB, 4 MB goal, 0 MB stacks, 0 MB globals, 4 P
gc 2911 @48.564s 2%: 0.098+0.84+0.046 ms clock, 0.39+0.54/0.68/0+0.18 ms cpu, 3->3->1 MB, 4 MB goal, 0 MB stacks, 0 MB globals, 4 P
gc 2912 @48.569s 2%: 0.085+0.63+0.039 ms clock, 0.34+0.77/0.42/0+0.15 ms cpu, 3->3->1 MB, 4 MB goal, 0 MB stacks, 0 MB globals, 4 P
gc 2913 @48.574s 2%: 0.13+2.1+0.020 ms clock, 0.54+1.2/0.54/0+0.082 ms cpu, 3->3->1 MB, 4 MB goal, 0 MB stacks, 0 MB globals, 4 P
gc 2914 @48.579s 2%: 0.79+0.83+0.028 ms clock, 3.1+0.55/1.0/0+0.11 ms cpu, 3->3->1 MB, 4 MB goal, 0 MB stacks, 0 MB globals, 4 P
gc 2915 @48.584s 2%: 0.26+1.5+0.040 ms clock, 1.0+0.71/1.6/0.001+0.16 ms cpu, 3->3->1 MB, 4 MB goal, 0 MB stacks, 0 MB globals, 4 P
gc 2916 @48.590s 2%: 0.091+1.2+0.053 ms clock, 0.36+1.1/0.001/0+0.21 ms cpu, 3->3->1 MB, 4 MB goal, 0 MB stacks, 0 MB globals, 4 P
gc 2917 @48.595s 2%: 0.083+1.6+0.031 ms clock, 0.33+1.1/1.5/0+0.12 ms cpu, 3->3->1 MB, 4 MB goal, 0 MB stacks, 0 MB globals, 4 P
gc 2918 @48.600s 2%: 0.053+1.3+0.028 ms clock, 0.21+1.0/0.98/0+0.11 ms cpu, 3->3->1 MB, 4 MB goal, 0 MB stacks, 0 MB globals, 4 P
gc 2919 @48.605s 2%: 0.039+1.3+0.064 ms clock, 0.15+0.76/0.76/0+0.25 ms cpu, 3->3->1 MB, 4 MB goal, 0 MB stacks, 0 MB globals, 4 P
gc 2920 @48.610s 2%: 0.057+1.3+0.014 ms clock, 0.23+0.69/0.69/0+0.059 ms cpu, 3->3->1 MB, 4 MB goal, 0 MB stacks, 0 MB globals, 4 P
gc 2921 @48.615s 2%: 0.38+1.7+0.011 ms clock, 1.5+0.44/1.7/0.073+0.044 ms cpu, 3->3->1 MB, 4 MB goal, 0 MB stacks, 0 MB globals, 4 P
gc 2922 @48.621s 2%: 0.063+1.7+0.042 ms clock, 0.25+0.56/0.58/0+0.17 ms cpu, 3->3->1 MB, 4 MB goal, 0 MB stacks, 0 MB globals, 4 P
gc 2923 @48.626s 2%: 0.056+1.4+0.060 ms clock, 0.22+0.62/1.3/0+0.24 ms cpu, 3->3->1 MB, 4 MB goal, 0 MB stacks, 0 MB globals, 4 P
gc 2924 @48.631s 2%: 0.12+1.1+0.046 ms clock, 0.49+0.59/0.82/0+0.18 ms cpu, 3->3->1 MB, 4 MB goal, 0 MB stacks, 0 MB globals, 4 P
gc 2925 @48.636s 2%: 0.038+1.7+0.094 ms clock, 0.15+0.76/0.45/0+0.37 ms cpu, 3->3->1 MB, 4 MB goal, 0 MB stacks, 0 MB globals, 4 P
gc 2926 @48.641s 2%: 0.33+1.4+0.032 ms clock, 1.3+0.53/1.3/0.050+0.12 ms cpu, 3->3->1 MB, 4 MB goal, 0 MB stacks, 0 MB globals, 4 P
gc 2927 @48.646s 2%: 0.89+0.53+0.021 ms clock, 3.5+0.47/1.2/0+0.084 ms cpu, 3->3->1 MB, 4 MB goal, 0 MB stacks, 0 MB globals, 4 P
gc 2928 @48.651s 2%: 0.051+2.2+0.051 ms clock, 0.20+0.53/0.46/0+0.20 ms cpu, 3->4->1 MB, 4 MB goal, 0 MB stacks, 0 MB globals, 4 P
gc 2929 @48.657s 2%: 0.067+0.95+0.046 ms clock, 0.26+0.42/0.63/0+0.18 ms cpu, 3->3->1 MB, 4 MB goal, 0 MB stacks, 0 MB globals, 4 P
gc 2930 @48.661s 2%: 0.072+0.90+0.057 ms clock, 0.29+0.72/0.50/0+0.22 ms cpu, 3->3->1 MB, 4 MB goal, 0 MB stacks, 0 MB globals, 4 P
gc 2931 @48.666s 2%: 0.053+1.3+0.029 ms clock, 0.21+0.61/1.2/0+0.11 ms cpu, 3->3->1 MB, 4 MB goal, 0 MB stacks, 0 MB globals, 4 P
gc 2932 @48.671s 2%: 0.058+0.72+0.068 ms clock, 0.23+0.65/0.61/0+0.27 ms cpu, 3->3->1 MB, 4 MB goal, 0 MB stacks, 0 MB globals, 4 P
gc 2933 @48.676s 2%: 0.084+0.84+0.045 ms clock, 0.33+0.67/0.61/0+0.18 ms cpu, 3->3->1 MB, 4 MB goal, 0 MB stacks, 0 MB globals, 4 P
gc 2934 @48.681s 2%: 0.046+0.57+0.026 ms clock, 0.18+0.70/0.50/0+0.10 ms cpu, 3->3->1 MB, 4 MB goal, 0 MB stacks, 0 MB globals, 4 P
gc 2935 @48.686s 2%: 0.072+0.59+0.083 ms clock, 0.28+0.89/0.46/0+0.33 ms cpu, 3->3->1 MB, 4 MB goal, 0 MB stacks, 0 MB globals, 4 P
gc 2936 @48.691s 2%: 0.065+1.8+0.057 ms clock, 0.26+0.70/0.66/0+0.22 ms cpu, 3->3->1 MB, 4 MB goal, 0 MB stacks, 0 MB globals, 4 P
gc 2937 @48.696s 2%: 0.040+1.5+0.026 ms clock, 0.16+0.73/0.65/0+0.10 ms cpu, 3->3->1 MB, 4 MB goal, 0 MB stacks, 0 MB globals, 4 P
gc 2938 @48.701s 2%: 0.050+1.1+0.044 ms clock, 0.20+0.87/0.42/0+0.17 ms cpu, 3->3->1 MB, 4 MB goal, 0 MB stacks, 0 MB globals, 4 P
gc 2939 @48.707s 2%: 0.088+1.9+0.091 ms clock, 0.35+0.67/0.90/0+0.36 ms cpu, 3->3->1 MB, 4 MB goal, 0 MB stacks, 0 MB globals, 4 P
gc 2940 @48.712s 2%: 0.063+1.3+0.076 ms clock, 0.25+0.44/0.48/0+0.30 ms cpu, 3->3->1 MB, 4 MB goal, 0 MB stacks, 0 MB globals, 4 P
gc 2941 @48.717s 2%: 0.097+0.95+0.003 ms clock, 0.39+1.2/0.001/0+0.015 ms cpu, 3->3->1 MB, 4 MB goal, 0 MB stacks, 0 MB globals, 4 P
gc 2942 @48.722s 2%: 0.10+0.60+0.045 ms clock, 0.40+0.78/0.46/0+0.18 ms cpu, 3->3->1 MB, 4 MB goal, 0 MB stacks, 0 MB globals, 4 P
gc 2943 @48.727s 2%: 0.045+1.6+0.072 ms clock, 0.18+0.56/1.2/0+0.28 ms cpu, 3->3->1 MB, 4 MB goal, 0 MB stacks, 0 MB globals, 4 P
gc 2944 @48.732s 2%: 0.066+0.57+0.053 ms clock, 0.26+0.76/0.42/0+0.21 ms cpu, 3->3->1 MB, 4 MB goal, 0 MB stacks, 0 MB globals, 4 P
gc 2945 @48.737s 2%: 0.067+0.70+0.060 ms clock, 0.27+0.90/0.61/0+0.24 ms cpu, 3->3->1 MB, 4 MB goal, 0 MB stacks, 0 MB globals, 4 P
gc 2946 @48.741s 2%: 0.069+1.4+0.026 ms clock, 0.27+0.45/1.1/0+0.10 ms cpu, 3->3->1 MB, 4 MB goal, 0 MB stacks, 0 MB globals, 4 P
gc 2947 @48.747s 2%: 0.082+0.84+0.026 ms clock, 0.32+0.75/0.73/0+0.10 ms cpu, 3->3->1 MB, 4 MB goal, 0 MB stacks, 0 MB globals, 4 P
gc 2948 @48.752s 2%: 0.049+2.0+0.049 ms clock, 0.19+0.86/0.62/0+0.19 ms cpu, 3->3->1 MB, 4 MB goal, 0 MB stacks, 0 MB globals, 4 P
gc 2949 @48.757s 2%: 0.10+1.1+0.067 ms clock, 0.43+0.67/0.54/0+0.26 ms cpu, 3->3->1 MB, 4 MB goal, 0 MB stacks, 0 MB globals, 4 P
gc 2950 @48.762s 2%: 0.073+0.64+0.036 ms clock, 0.29+0.56/0.49/0+0.14 ms cpu, 3->3->1 MB, 4 MB goal, 0 MB stacks, 0 MB globals, 4 P
gc 2951 @48.767s 2%: 0.074+1.7+0.064 ms clock, 0.29+0.60/0.58/0+0.25 ms cpu, 3->3->1 MB, 4 MB goal, 0 MB stacks, 0 MB globals, 4 P
gc 2952 @48.772s 2%: 0.057+1.5+0.010 ms clock, 0.23+0.41/0.68/0+0.040 ms cpu, 3->3->1 MB, 4 MB goal, 0 MB stacks, 0 MB globals, 4 P
gc 2953 @48.777s 2%: 0.027+0.70+0.027 ms clock, 0.11+0.69/0.55/0+0.10 ms cpu, 3->3->1 MB, 4 MB goal, 0 MB stacks, 0 MB globals, 4 P
gc 2954 @48.782s 2%: 0.084+0.77+0.067 ms clock, 0.33+1.0/0.68/0+0.26 ms cpu, 3->3->1 MB, 4 MB goal, 0 MB stacks, 0 MB globals, 4 P
gc 2955 @48.787s 2%: 0.024+0.63+0.075 ms clock, 0.096+0.90/0.44/0+0.30 ms cpu, 3->3->1 MB, 4 MB goal, 0 MB stacks, 0 MB globals, 4 P
gc 2956 @48.792s 2%: 0.056+0.61+0.021 ms clock, 0.22+0.81/0.52/0+0.086 ms cpu, 3->3->1 MB, 4 MB goal, 0 MB stacks, 0 MB globals, 4 P
gc 2957 @48.796s 2%: 0.041+0.75+0.004 ms clock, 0.16+0.79/0.52/0+0.016 ms cpu, 3->3->1 MB, 4 MB goal, 0 MB stacks, 0 MB globals, 4 P
gc 2958 @48.801s 2%: 0.074+1.4+0.035 ms clock, 0.29+1.1/0.002/0+0.14 ms cpu, 3->3->1 MB, 4 MB goal, 0 MB stacks, 0 MB globals, 4 P
gc 2959 @48.806s 2%: 0.088+0.95+0.056 ms clock, 0.35+0.49/0.51/0+0.22 ms cpu, 3->3->1 MB, 4 MB goal, 0 MB stacks, 0 MB globals, 4 P
gc 2960 @48.811s 2%: 0.060+0.59+0.023 ms clock, 0.24+0.63/0.48/0+0.093 ms cpu, 3->3->1 MB, 4 MB goal, 0 MB stacks, 0 MB globals, 4 P
gc 2961 @48.816s 2%: 0.071+0.59+0.016 ms clock, 0.28+0.78/0.49/0+0.064 ms cpu, 3->3->1 MB, 4 MB goal, 0 MB stacks, 0 MB globals, 4 P
gc 2962 @48.821s 2%: 0.084+2.1+0.070 ms clock, 0.33+0.53/0.58/0+0.28 ms cpu, 3->3->1 MB, 4 MB goal, 0 MB stacks, 0 MB globals, 4 P
gc 2963 @48.826s 2%: 0.082+1.4+0.007 ms clock, 0.33+0.73/0.49/0+0.028 ms cpu, 3->3->1 MB, 4 MB goal, 0 MB stacks, 0 MB globals, 4 P
gc 2964 @48.831s 2%: 0.045+1.2+0.032 ms clock, 0.18+1.1/0.001/0+0.12 ms cpu, 3->3->1 MB, 4 MB goal, 0 MB stacks, 0 MB globals, 4 P
gc 2965 @48.836s 2%: 0.090+0.53+0.026 ms clock, 0.36+0.59/0.47/0+0.10 ms cpu, 3->3->1 MB, 4 MB goal, 0 MB stacks, 0 MB globals, 4 P
gc 2966 @48.841s 2%: 0.045+1.2+0.035 ms clock, 0.18+0.76/0.53/0+0.14 ms cpu, 3->3->1 MB, 4 MB goal, 0 MB stacks, 0 MB globals, 4 P
gc 2967 @48.846s 2%: 0.16+1.9+0.020 ms clock, 0.67+0.56/0.59/0+0.083 ms cpu, 3->3->1 MB, 4 MB goal, 0 MB stacks, 0 MB globals, 4 P
gc 2968 @48.851s 2%: 1.8+0.63+0.019 ms clock, 7.3+0.40/2.1/0.044+0.078 ms cpu, 3->3->1 MB, 4 MB goal, 0 MB stacks, 0 MB globals, 4 P
gc 2969 @48.857s 2%: 0.063+0.71+0.029 ms clock, 0.25+0.55/0.63/0+0.11 ms cpu, 3->3->1 MB, 4 MB goal, 0 MB stacks, 0 MB globals, 4 P
gc 2970 @48.862s 2%: 0.051+0.58+0.014 ms clock, 0.20+0.86/0.44/0+0.057 ms cpu, 3->3->1 MB, 4 MB goal, 0 MB stacks, 0 MB globals, 4 P
gc 2971 @48.866s 2%: 0.061+0.80+0.077 ms clock, 0.24+0.86/0.61/0+0.30 ms cpu, 3->3->1 MB, 4 MB goal, 0 MB stacks, 0 MB globals, 4 P
gc 2972 @48.871s 2%: 0.047+1.0+0.010 ms clock, 0.18+0.81/0.42/0+0.043 ms cpu, 3->3->1 MB, 4 MB goal, 0 MB stacks, 0 MB globals, 4 P
gc 2973 @48.876s 2%: 0.096+0.59+0.057 ms clock, 0.38+0.71/0.45/0+0.23 ms cpu, 3->3->1 MB, 4 MB goal, 0 MB stacks, 0 MB globals, 4 P
gc 2974 @48.881s 2%: 0.034+1.0+0.050 ms clock, 0.13+0.56/0.65/0+0.20 ms cpu, 3->3->1 MB, 4 MB goal, 0 MB stacks, 0 MB globals, 4 P
gc 2975 @48.886s 2%: 0.092+1.4+0.008 ms clock, 0.36+0.54/0.73/0.013+0.035 ms cpu, 3->3->1 MB, 4 MB goal, 0 MB stacks, 0 MB globals, 4 P
gc 2976 @48.891s 2%: 0.11+1.4+0.061 ms clock, 0.45+0.70/0.67/0+0.24 ms cpu, 3->3->1 MB, 4 MB goal, 0 MB stacks, 0 MB globals, 4 P
gc 2977 @48.897s 2%: 0.053+1.1+0.045 ms clock, 0.21+0.58/0.62/0+0.18 ms cpu, 3->3->1 MB, 4 MB goal, 0 MB stacks, 0 MB globals, 4 P
gc 2978 @48.902s 2%: 0.050+1.3+0.025 ms clock, 0.20+0.60/1.2/0+0.10 ms cpu, 3->3->1 MB, 4 MB goal, 0 MB stacks, 0 MB globals, 4 P
gc 2979 @48.907s 2%: 0.050+1.4+0.021 ms clock, 0.20+0.79/0.56/0+0.085 ms cpu, 3->3->1 MB, 4 MB goal, 0 MB stacks, 0 MB globals, 4 P
gc 2980 @48.912s 2%: 0.049+0.69+0.033 ms clock, 0.19+0.84/0.54/0+0.13 ms cpu, 3->3->1 MB, 4 MB goal, 0 MB stacks, 0 MB globals, 4 P
gc 2981 @48.917s 2%: 0.092+0.67+0.015 ms clock, 0.37+0.77/0.58/0+0.062 ms cpu, 3->3->1 MB, 4 MB goal, 0 MB stacks, 0 MB globals, 4 P
gc 2982 @48.922s 2%: 0.059+0.66+0.056 ms clock, 0.23+0.42/0.60/0+0.22 ms cpu, 3->3->1 MB, 4 MB goal, 0 MB stacks, 0 MB globals, 4 P
gc 2983 @48.927s 2%: 0.23+0.79+0.065 ms clock, 0.95+0.71/0.84/0+0.26 ms cpu, 3->3->1 MB, 4 MB goal, 0 MB stacks, 0 MB globals, 4 P
gc 2984 @48.932s 2%: 0.050+1.8+0.033 ms clock, 0.20+0.61/0.67/0+0.13 ms cpu, 3->3->1 MB, 4 MB goal, 0 MB stacks, 0 MB globals, 4 P
gc 2985 @48.937s 2%: 0.056+1.1+0.055 ms clock, 0.22+0.37/0.60/0+0.22 ms cpu, 3->3->1 MB, 4 MB goal, 0 MB stacks, 0 MB globals, 4 P
gc 2986 @48.942s 2%: 0.038+0.64+0.023 ms clock, 0.15+1.1/0.50/0+0.093 ms cpu, 3->3->1 MB, 4 MB goal, 0 MB stacks, 0 MB globals, 4 P
gc 2987 @48.947s 2%: 0.074+0.73+0.059 ms clock, 0.29+0.87/0.60/0+0.23 ms cpu, 3->3->1 MB, 4 MB goal, 0 MB stacks, 0 MB globals, 4 P
gc 2988 @48.952s 2%: 0.066+0.49+0.041 ms clock, 0.26+0.69/0.43/0+0.16 ms cpu, 3->3->1 MB, 4 MB goal, 0 MB stacks, 0 MB globals, 4 P
gc 2989 @48.956s 2%: 0.072+1.3+0.026 ms clock, 0.29+1.0/0.001/0+0.10 ms cpu, 3->3->1 MB, 4 MB goal, 0 MB stacks, 0 MB globals, 4 P
gc 2990 @48.961s 2%: 0.39+0.74+0.034 ms clock, 1.5+0.19/0.81/0+0.13 ms cpu, 3->3->1 MB, 4 MB goal, 0 MB stacks, 0 MB globals, 4 P
gc 2991 @48.966s 2%: 0.063+0.86+0.030 ms clock, 0.25+0.76/0.50/0+0.12 ms cpu, 3->3->1 MB, 4 MB goal, 0 MB stacks, 0 MB globals, 4 P
gc 2992 @48.971s 2%: 0.044+0.95+0.034 ms clock, 0.17+0.38/0.50/0+0.13 ms cpu, 3->3->1 MB, 4 MB goal, 0 MB stacks, 0 MB globals, 4 P
gc 2993 @48.976s 2%: 0.11+2.0+0.022 ms clock, 0.45+0.45/0.58/0+0.090 ms cpu, 3->3->1 MB, 4 MB goal, 0 MB stacks, 0 MB globals, 4 P
gc 2994 @48.981s 2%: 0.069+0.83+0.033 ms clock, 0.27+0.67/0.69/0+0.13 ms cpu, 3->3->1 MB, 4 MB goal, 0 MB stacks, 0 MB globals, 4 P
gc 2995 @48.986s 2%: 0.096+1.4+0.021 ms clock, 0.38+0.88/0.001/0+0.087 ms cpu, 3->3->1 MB, 4 MB goal, 0 MB stacks, 0 MB globals, 4 P
gc 2996 @48.991s 2%: 0.49+1.4+0.024 ms clock, 1.9+0.33/0.97/0+0.096 ms cpu, 3->3->1 MB, 4 MB goal, 0 MB stacks, 0 MB globals, 4 P
gc 2997 @48.997s 2%: 0.047+1.3+0.048 ms clock, 0.19+1.2/0.053/0+0.19 ms cpu, 3->3->1 MB, 4 MB goal, 0 MB stacks, 0 MB globals, 4 P
gc 2998 @49.002s 2%: 0.055+0.97+0.051 ms clock, 0.22+0.55/0.86/0+0.20 ms cpu, 3->3->1 MB, 4 MB goal, 0 MB stacks, 0 MB globals, 4 P
gc 2999 @49.007s 2%: 0.070+0.72+0.025 ms clock, 0.28+0.68/0.58/0+0.10 ms cpu, 3->3->1 MB, 4 MB goal, 0 MB stacks, 0 MB globals, 4 P
gc 3000 @49.012s 2%: 0.086+1.4+0.046 ms clock, 0.34+0.54/0.52/0+0.18 ms cpu, 3->3->1 MB, 4 MB goal, 0 MB stacks, 0 MB globals, 4 P
gc 3001 @49.017s 2%: 0.095+0.63+0.021 ms clock, 0.38+0.81/0.54/0+0.087 ms cpu, 3->3->1 MB, 4 MB goal, 0 MB stacks, 0 MB globals, 4 P
gc 3002 @49.022s 2%: 0.057+1.9+0.047 ms clock, 0.23+0.46/0.94/0+0.18 ms cpu, 3->3->1 MB, 4 MB goal, 0 MB stacks, 0 MB globals, 4 P
gc 3003 @49.027s 2%: 0.057+0.63+0.034 ms clock, 0.23+0.89/0.44/0+0.13 ms cpu, 3->3->1 MB, 4 MB goal, 0 MB stacks, 0 MB globals, 4 P
gc 3004 @49.032s 2%: 0.080+1.6+0.026 ms clock, 0.32+0.61/0.69/0+0.10 ms cpu, 3->3->1 MB, 4 MB goal, 0 MB stacks, 0 MB globals, 4 P
gc 3005 @49.037s 2%: 0.047+0.62+0.058 ms clock, 0.19+0.81/0.47/0+0.23 ms cpu, 3->3->1 MB, 4 MB goal, 0 MB stacks, 0 MB globals, 4 P
gc 3006 @49.042s 2%: 0.070+0.65+0.031 ms clock, 0.28+0.70/0.50/0+0.12 ms cpu, 3->3->1 MB, 4 MB goal, 0 MB stacks, 0 MB globals, 4 P
gc 3007 @49.047s 2%: 0.060+0.70+0.025 ms clock, 0.24+0.72/0.61/0+0.10 ms cpu, 3->3->1 MB, 4 MB goal, 0 MB stacks, 0 MB globals, 4 P
gc 3008 @49.052s 2%: 0.080+0.98+0.061 ms clock, 0.32+0.65/0.48/0+0.24 ms cpu, 3->3->1 MB, 4 MB goal, 0 MB stacks, 0 MB globals, 4 P
gc 3009 @49.057s 2%: 0.045+1.8+0.022 ms clock, 0.18+0.59/0.57/0+0.090 ms cpu, 3->3->1 MB, 4 MB goal, 0 MB stacks, 0 MB globals, 4 P
gc 3010 @49.062s 2%: 0.037+0.67+0.031 ms clock, 0.14+0.70/0.56/0+0.12 ms cpu, 3->3->1 MB, 4 MB goal, 0 MB stacks, 0 MB globals, 4 P
gc 3011 @49.067s 2%: 0.33+1.0+0.033 ms clock, 1.3+0.46/0.96/0.021+0.13 ms cpu, 3->3->1 MB, 4 MB goal, 0 MB stacks, 0 MB globals, 4 P
gc 3012 @49.073s 2%: 0.064+0.59+0.029 ms clock, 0.25+0.68/0.48/0+0.11 ms cpu, 3->3->1 MB, 4 MB goal, 0 MB stacks, 0 MB globals, 4 P
gc 3013 @49.077s 2%: 0.11+1.3+0.049 ms clock, 0.45+0.80/1.1/0+0.19 ms cpu, 3->3->1 MB, 4 MB goal, 0 MB stacks, 0 MB globals, 4 P
gc 3014 @49.083s 2%: 0.046+0.76+0.031 ms clock, 0.18+0.79/0.59/0+0.12 ms cpu, 3->3->1 MB, 4 MB goal, 0 MB stacks, 0 MB globals, 4 P
gc 3015 @49.087s 2%: 0.054+1.2+0.064 ms clock, 0.21+0.44/0.62/0+0.25 ms cpu, 3->3->1 MB, 4 MB goal, 0 MB stacks, 0 MB globals, 4 P
gc 3016 @49.092s 2%: 0.028+1.8+0.025 ms clock, 0.11+0.61/0.53/0+0.10 ms cpu, 3->3->1 MB, 4 MB goal, 0 MB stacks, 0 MB globals, 4 P
gc 3017 @49.098s 2%: 0.064+0.90+0.078 ms clock, 0.25+0.45/0.61/0+0.31 ms cpu, 3->3->1 MB, 4 MB goal, 0 MB stacks, 0 MB globals, 4 P
gc 3018 @49.103s 2%: 0.11+1.1+0.027 ms clock, 0.44+1.0/1.1/0+0.11 ms cpu, 3->3->1 MB, 4 MB goal, 0 MB stacks, 0 MB globals, 4 P
gc 3019 @49.108s 2%: 0.046+0.59+0.036 ms clock, 0.18+0.68/0.47/0+0.14 ms cpu, 3->3->1 MB, 4 MB goal, 0 MB stacks, 0 MB globals, 4 P
gc 3020 @49.113s 2%: 0.030+0.56+0.028 ms clock, 0.12+0.89/0.46/0+0.11 ms cpu, 3->3->1 MB, 4 MB goal, 0 MB stacks, 0 MB globals, 4 P
gc 3021 @49.118s 2%: 0.046+2.4+0.042 ms clock, 0.18+0.65/0.53/0+0.16 ms cpu, 3->3->1 MB, 4 MB goal, 0 MB stacks, 0 MB globals, 4 P
gc 3022 @49.123s 2%: 0.059+0.87+0.063 ms clock, 0.23+0.56/0.52/0+0.25 ms cpu, 3->3->1 MB, 4 MB goal, 0 MB stacks, 0 MB globals, 4 P
gc 3023 @49.128s 2%: 0.082+1.8+0.034 ms clock, 0.32+0.60/0.60/0+0.13 ms cpu, 3->3->1 MB, 4 MB goal, 0 MB stacks, 0 MB globals, 4 P
gc 3024 @49.134s 2%: 0.040+0.65+0.016 ms clock, 0.16+0.36/0.57/0+0.066 ms cpu, 3->3->1 MB, 4 MB goal, 0 MB stacks, 0 MB globals, 4 P
gc 3025 @49.138s 2%: 0.061+0.67+0.038 ms clock, 0.24+0.80/0.47/0+0.15 ms cpu, 3->3->1 MB, 4 MB goal, 0 MB stacks, 0 MB globals, 4 P
gc 3026 @49.143s 2%: 0.051+1.8+0.009 ms clock, 0.20+0.65/0.44/0+0.037 ms cpu, 3->3->1 MB, 4 MB goal, 0 MB stacks, 0 MB globals, 4 P
gc 3027 @49.149s 2%: 0.060+0.57+0.038 ms clock, 0.24+0.18/0.50/0.21+0.15 ms cpu, 3->3->1 MB, 4 MB goal, 0 MB stacks, 0 MB globals, 4 P
gc 3028 @49.154s 2%: 0.085+1.1+0.026 ms clock, 0.34+0.48/0.52/0+0.10 ms cpu, 3->3->1 MB, 4 MB goal, 0 MB stacks, 0 MB globals, 4 P
gc 3029 @49.159s 2%: 0.074+1.8+0.019 ms clock, 0.29+0.44/0.78/0+0.077 ms cpu, 3->4->1 MB, 4 MB goal, 0 MB stacks, 0 MB globals, 4 P
gc 3030 @49.164s 2%: 0.043+0.96+0.025 ms clock, 0.17+0.56/0.54/0+0.10 ms cpu, 3->3->1 MB, 4 MB goal, 0 MB stacks, 0 MB globals, 4 P
gc 3031 @49.169s 2%: 0.065+2.6+0.040 ms clock, 0.26+0.41/0.76/0+0.16 ms cpu, 3->3->1 MB, 4 MB goal, 0 MB stacks, 0 MB globals, 4 P
gc 3032 @49.174s 2%: 0.054+0.61+0.066 ms clock, 0.21+0.89/0.46/0+0.26 ms cpu, 3->3->1 MB, 4 MB goal, 0 MB stacks, 0 MB globals, 4 P
gc 3033 @49.179s 2%: 0.26+1.9+0.026 ms clock, 1.0+0.69/1.7/0.034+0.10 ms cpu, 3->4->1 MB, 4 MB goal, 0 MB stacks, 0 MB globals, 4 P
gc 3034 @49.185s 2%: 0.045+2.1+0.060 ms clock, 0.18+1.7/0.60/0+0.24 ms cpu, 3->3->1 MB, 4 MB goal, 0 MB stacks, 0 MB globals, 4 P
gc 3035 @49.190s 2%: 0.077+0.75+0.030 ms clock, 0.30+0.61/0.47/0+0.12 ms cpu, 3->3->1 MB, 4 MB goal, 0 MB stacks, 0 MB globals, 4 P
gc 3036 @49.195s 2%: 0.064+1.6+0.049 ms clock, 0.25+0.81/0.62/0+0.19 ms cpu, 3->3->1 MB, 4 MB goal, 0 MB stacks, 0 MB globals, 4 P
gc 3037 @49.200s 2%: 0.39+1.7+0.042 ms clock, 1.5+0.44/1.7/0.058+0.17 ms cpu, 3->4->1 MB, 4 MB goal, 0 MB stacks, 0 MB globals, 4 P
gc 3038 @49.206s 2%: 0.072+1.4+0.082 ms clock, 0.29+0.40/0.53/0+0.32 ms cpu, 3->3->1 MB, 4 MB goal, 0 MB stacks, 0 MB globals, 4 P
gc 3039 @49.211s 2%: 0.054+0.65+0.005 ms clock, 0.21+0.76/0.56/0+0.023 ms cpu, 3->3->1 MB, 4 MB goal, 0 MB stacks, 0 MB globals, 4 P
gc 3040 @49.215s 2%: 0.077+1.6+0.033 ms clock, 0.30+0.92/0.87/0+0.13 ms cpu, 3->3->1 MB, 4 MB goal, 0 MB stacks, 0 MB globals, 4 P
gc 3041 @49.220s 2%: 0.053+0.61+0.049 ms clock, 0.21+0.82/0.52/0+0.19 ms cpu, 3->3->1 MB, 4 MB goal, 0 MB stacks, 0 MB globals, 4 P
gc 3042 @49.225s 2%: 0.068+0.71+0.018 ms clock, 0.27+0.79/0.49/0+0.073 ms cpu, 3->3->1 MB, 4 MB goal, 0 MB stacks, 0 MB globals, 4 P
gc 3043 @49.230s 2%: 0.10+1.7+0.028 ms clock, 0.42+0.76/0.51/0+0.11 ms cpu, 3->3->1 MB, 4 MB goal, 0 MB stacks, 0 MB globals, 4 P
gc 3044 @49.235s 2%: 0.069+0.60+0.038 ms clock, 0.27+0.84/0.49/0+0.15 ms cpu, 3->3->1 MB, 4 MB goal, 0 MB stacks, 0 MB globals, 4 P
gc 3045 @49.240s 2%: 0.078+1.1+0.034 ms clock, 0.31+1.1/1.0/0+0.13 ms cpu, 3->3->1 MB, 4 MB goal, 0 MB stacks, 0 MB globals, 4 P
gc 3046 @49.245s 2%: 0.058+1.2+0.023 ms clock, 0.23+0.44/0.69/0+0.092 ms cpu, 3->3->1 MB, 4 MB goal, 0 MB stacks, 0 MB globals, 4 P
gc 3047 @49.250s 2%: 0.095+1.1+0.069 ms clock, 0.38+0.22/0.70/0+0.27 ms cpu, 3->3->1 MB, 4 MB goal, 0 MB stacks, 0 MB globals, 4 P
gc 3048 @49.256s 2%: 0.10+0.76+0.026 ms clock, 0.43+0.25/0.68/0+0.10 ms cpu, 3->3->1 MB, 4 MB goal, 0 MB stacks, 0 MB globals, 4 P
gc 3049 @49.260s 2%: 0.078+0.55+0.021 ms clock, 0.31+0.60/0.48/0+0.087 ms cpu, 3->3->1 MB, 4 MB goal, 0 MB stacks, 0 MB globals, 4 P
gc 3050 @49.265s 2%: 0.053+1.1+0.057 ms clock, 0.21+0.84/0.53/0+0.22 ms cpu, 3->3->1 MB, 4 MB goal, 0 MB stacks, 0 MB globals, 4 P
gc 3051 @49.270s 2%: 0.075+0.98+0.11 ms clock, 0.30+0.58/0.51/0+0.45 ms cpu, 3->3->1 MB, 4 MB goal, 0 MB stacks, 0 MB globals, 4 P
gc 3052 @49.275s 2%: 0.036+0.76+0.041 ms clock, 0.14+0.70/0.62/0+0.16 ms cpu, 3->3->1 MB, 4 MB goal, 0 MB stacks, 0 MB globals, 4 P
gc 3053 @49.280s 2%: 0.068+0.63+0.022 ms clock, 0.27+0.46/0.53/0+0.088 ms cpu, 3->3->1 MB, 4 MB goal, 0 MB stacks, 0 MB globals, 4 P
gc 3054 @49.285s 2%: 0.090+0.97+0.023 ms clock, 0.36+0.62/0.77/0+0.095 ms cpu, 3->3->1 MB, 4 MB goal, 0 MB stacks, 0 MB globals, 4 P
gc 3055 @49.290s 2%: 0.063+0.89+0.010 ms clock, 0.25+1.0/0.039/0+0.042 ms cpu, 3->3->1 MB, 4 MB goal, 0 MB stacks, 0 MB globals, 4 P
gc 3056 @49.295s 2%: 0.32+1.7+0.044 ms clock, 1.2+0.30/0.88/0+0.17 ms cpu, 3->3->1 MB, 4 MB goal, 0 MB stacks, 0 MB globals, 4 P
gc 3057 @49.300s 2%: 0.060+1.2+0.017 ms clock, 0.24+0.51/0.50/0+0.071 ms cpu, 3->3->1 MB, 4 MB goal, 0 MB stacks, 0 MB globals, 4 P
gc 3058 @49.305s 2%: 0.029+0.64+0.033 ms clock, 0.11+0.83/0.51/0+0.13 ms cpu, 3->3->1 MB, 4 MB goal, 0 MB stacks, 0 MB globals, 4 P
gc 3059 @49.310s 2%: 0.075+1.8+0.065 ms clock, 0.30+1.4/0.75/0+0.26 ms cpu, 3->3->1 MB, 4 MB goal, 0 MB stacks, 0 MB globals, 4 P
gc 3060 @49.316s 2%: 0.050+0.63+0.081 ms clock, 0.20+0.93/0.54/0+0.32 ms cpu, 3->3->1 MB, 4 MB goal, 0 MB stacks, 0 MB globals, 4 P
gc 3061 @49.320s 2%: 0.088+0.54+0.031 ms clock, 0.35+0.41/0.49/0+0.12 ms cpu, 3->3->1 MB, 4 MB goal, 0 MB stacks, 0 MB globals, 4 P
gc 3062 @49.325s 2%: 0.36+2.0+0.023 ms clock, 1.4+0.58/1.9/0.14+0.094 ms cpu, 3->4->1 MB, 4 MB goal, 0 MB stacks, 0 MB globals, 4 P
gc 3063 @49.331s 2%: 0.064+1.0+0.025 ms clock, 0.25+1.5/0.62/0+0.10 ms cpu, 3->3->1 MB, 4 MB goal, 0 MB stacks, 0 MB globals, 4 P
gc 3064 @49.336s 2%: 0.091+0.68+0.035 ms clock, 0.36+0.53/0.57/0+0.14 ms cpu, 3->3->1 MB, 4 MB goal, 0 MB stacks, 0 MB globals, 4 P
gc 3065 @49.341s 2%: 0.046+0.53+0.033 ms clock, 0.18+0.86/0.43/0+0.13 ms cpu, 3->3->1 MB, 4 MB goal, 0 MB stacks, 0 MB globals, 4 P
gc 3066 @49.345s 2%: 0.068+0.85+0.034 ms clock, 0.27+0.80/0.72/0+0.13 ms cpu, 3->3->1 MB, 4 MB goal, 0 MB stacks, 0 MB globals, 4 P
gc 3067 @49.350s 2%: 0.068+0.50+0.006 ms clock, 0.27+0.90/0.43/0+0.024 ms cpu, 3->3->1 MB, 4 MB goal, 0 MB stacks, 0 MB globals, 4 P
gc 3068 @49.355s 2%: 0.043+0.64+0.019 ms clock, 0.17+0.88/0.52/0+0.077 ms cpu, 3->3->1 MB, 4 MB goal, 0 MB stacks, 0 MB globals, 4 P
gc 3069 @49.360s 2%: 0.090+1.6+0.026 ms clock, 0.36+0.46/0.58/0+0.10 ms cpu, 3->3->1 MB, 4 MB goal, 0 MB stacks, 0 MB globals, 4 P
gc 3070 @49.365s 2%: 0.046+1.3+0.059 ms clock, 0.18+1.0/0.001/0+0.23 ms cpu, 3->3->1 MB, 4 MB goal, 0 MB stacks, 0 MB globals, 4 P
gc 3071 @49.371s 2%: 0.087+0.82+0.074 ms clock, 0.34+0.76/0.69/0+0.29 ms cpu, 3->3->1 MB, 4 MB goal, 0 MB stacks, 0 MB globals, 4 P
gc 3072 @49.376s 2%: 0.27+0.81+0.039 ms clock, 1.1+0.40/0.96/0+0.15 ms cpu, 3->3->1 MB, 4 MB goal, 0 MB stacks, 0 MB globals, 4 P
gc 3073 @49.381s 2%: 0.040+1.2+0.037 ms clock, 0.16+0.52/0.50/0+0.14 ms cpu, 3->3->1 MB, 4 MB goal, 0 MB stacks, 0 MB globals, 4 P
gc 3074 @49.386s 2%: 0.056+0.63+0.031 ms clock, 0.22+0.42/0.55/0+0.12 ms cpu, 3->3->1 MB, 4 MB goal, 0 MB stacks, 0 MB globals, 4 P
gc 3075 @49.391s 2%: 0.21+0.75+0.041 ms clock, 0.84+0.77/0.82/0.005+0.16 ms cpu, 3->3->1 MB, 4 MB goal, 0 MB stacks, 0 MB globals, 4 P
gc 3076 @49.395s 2%: 0.35+1.1+0.081 ms clock, 1.4+0.26/0.88/0+0.32 ms cpu, 3->3->1 MB, 4 MB goal, 0 MB stacks, 0 MB globals, 4 P
gc 3077 @49.401s 2%: 0.034+1.4+0.056 ms clock, 0.13+0.62/0.57/0+0.22 ms cpu, 3->3->1 MB, 4 MB goal, 0 MB stacks, 0 MB globals, 4 P
gc 3078 @49.406s 2%: 0.036+2.5+0.020 ms clock, 0.14+0.78/2.4/0+0.080 ms cpu, 3->4->1 MB, 4 MB goal, 0 MB stacks, 0 MB globals, 4 P
gc 3079 @49.411s 2%: 0.10+1.2+0.032 ms clock, 0.42+1.1/0.001/0+0.13 ms cpu, 3->3->1 MB, 4 MB goal, 0 MB stacks, 0 MB globals, 4 P
gc 3080 @49.416s 2%: 0.11+2.0+0.10 ms clock, 0.45+0.46/0.63/0+0.40 ms cpu, 3->3->1 MB, 4 MB goal, 0 MB stacks, 0 MB globals, 4 P
gc 3081 @49.422s 2%: 0.061+0.69+0.026 ms clock, 0.24+0.78/0.46/0+0.10 ms cpu, 3->3->1 MB, 4 MB goal, 0 MB stacks, 0 MB globals, 4 P
gc 3082 @49.427s 2%: 0.019+2.0+0.003 ms clock, 0.078+1.2/0.48/0+0.012 ms cpu, 3->3->1 MB, 4 MB goal, 0 MB stacks, 0 MB globals, 4 P
gc 3083 @49.432s 2%: 0.066+0.99+0.033 ms clock, 0.26+0.49/0.54/0+0.13 ms cpu, 3->3->1 MB, 4 MB goal, 0 MB stacks, 0 MB globals, 4 P
gc 3084 @49.437s 2%: 0.093+1.4+0.034 ms clock, 0.37+0.50/0.60/0+0.13 ms cpu, 3->3->1 MB, 4 MB goal, 0 MB stacks, 0 MB globals, 4 P
gc 3085 @49.442s 2%: 0.061+1.4+0.003 ms clock, 0.24+0.37/0.66/0+0.015 ms cpu, 3->3->1 MB, 4 MB goal, 0 MB stacks, 0 MB globals, 4 P
gc 3086 @49.447s 2%: 0.071+0.60+0.041 ms clock, 0.28+0.74/0.52/0+0.16 ms cpu, 3->3->1 MB, 4 MB goal, 0 MB stacks, 0 MB globals, 4 P
gc 3087 @49.452s 2%: 0.060+0.53+0.040 ms clock, 0.24+0.87/0.43/0+0.16 ms cpu, 3->3->1 MB, 4 MB goal, 0 MB stacks, 0 MB globals, 4 P
gc 3088 @49.457s 2%: 0.044+1.4+0.006 ms clock, 0.17+0.84/0.46/0+0.027 ms cpu, 3->3->1 MB, 4 MB goal, 0 MB stacks, 0 MB globals, 4 P
gc 3089 @49.462s 2%: 0.038+0.63+0.032 ms clock, 0.15+0.91/0.44/0+0.12 ms cpu, 3->3->1 MB, 4 MB goal, 0 MB stacks, 0 MB globals, 4 P
gc 3090 @49.467s 2%: 0.32+1.0+0.077 ms clock, 1.3+0.50/0.87/0+0.30 ms cpu, 3->3->1 MB, 4 MB goal, 0 MB stacks, 0 MB globals, 4 P
gc 3091 @49.472s 2%: 0.058+1.5+0.041 ms clock, 0.23+0.43/0.65/0+0.16 ms cpu, 3->3->1 MB, 4 MB goal, 0 MB stacks, 0 MB globals, 4 P
gc 3092 @49.478s 2%: 0.080+0.58+0.033 ms clock, 0.32+0.62/0.53/0+0.13 ms cpu, 3->3->1 MB, 4 MB goal, 0 MB stacks, 0 MB globals, 4 P
gc 3093 @49.482s 2%: 0.044+0.96+0.054 ms clock, 0.17+0.68/0.81/0+0.21 ms cpu, 3->3->1 MB, 4 MB goal, 0 MB stacks, 0 MB globals, 4 P
gc 3094 @49.488s 2%: 0.39+1.1+0.023 ms clock, 1.5+0.31/1.3/0+0.093 ms cpu, 3->3->1 MB, 4 MB goal, 0 MB stacks, 0 MB globals, 4 P
gc 3095 @49.493s 2%: 0.29+1.1+0.029 ms clock, 1.1+0.52/0.51/0+0.11 ms cpu, 3->3->1 MB, 4 MB goal, 0 MB stacks, 0 MB globals, 4 P
gc 3096 @49.498s 2%: 0.060+1.1+0.019 ms clock, 0.24+1.1/0.048/0+0.077 ms cpu, 3->3->1 MB, 4 MB goal, 0 MB stacks, 0 MB globals, 4 P
gc 3097 @49.503s 2%: 0.053+1.2+0.046 ms clock, 0.21+0.54/0.54/0+0.18 ms cpu, 3->3->1 MB, 4 MB goal, 0 MB stacks, 0 MB globals, 4 P
gc 3098 @49.508s 2%: 0.052+0.76+0.050 ms clock, 0.20+0.74/0.60/0+0.20 ms cpu, 3->3->1 MB, 4 MB goal, 0 MB stacks, 0 MB globals, 4 P
gc 3099 @49.513s 2%: 0.079+0.50+0.037 ms clock, 0.31+0.80/0.44/0+0.15 ms cpu, 3->3->0 MB, 4 MB goal, 0 MB stacks, 0 MB globals, 4 P
gc 3100 @49.517s 2%: 0.091+1.8+0.026 ms clock, 0.36+0.28/0.76/0+0.10 ms cpu, 3->3->1 MB, 4 MB goal, 0 MB stacks, 0 MB globals, 4 P
gc 3101 @49.523s 2%: 0.098+1.8+0.024 ms clock, 0.39+0.44/0.73/0+0.098 ms cpu, 3->3->1 MB, 4 MB goal, 0 MB stacks, 0 MB globals, 4 P
gc 3102 @49.528s 2%: 0.061+1.8+0.076 ms clock, 0.24+1.6/0.58/0+0.30 ms cpu, 3->3->1 MB, 4 MB goal, 0 MB stacks, 0 MB globals, 4 P
gc 3103 @49.533s 2%: 0.24+2.1+0.030 ms clock, 0.97+0.56/1.2/0.003+0.12 ms cpu, 3->3->1 MB, 4 MB goal, 0 MB stacks, 0 MB globals, 4 P
gc 3104 @49.538s 2%: 0.13+0.92+0.009 ms clock, 0.52+0.46/0.61/0+0.039 ms cpu, 3->3->1 MB, 4 MB goal, 0 MB stacks, 0 MB globals, 4 P
gc 3105 @49.543s 2%: 0.066+0.94+0.023 ms clock, 0.26+1.1/0/0+0.093 ms cpu, 3->3->1 MB, 4 MB goal, 0 MB stacks, 0 MB globals, 4 P
gc 3106 @49.548s 2%: 0.046+1.1+0.013 ms clock, 0.18+0.55/0.66/0.005+0.054 ms cpu, 3->3->1 MB, 4 MB goal, 0 MB stacks, 0 MB globals, 4 P
gc 3107 @49.553s 2%: 0.051+1.2+0.047 ms clock, 0.20+0.50/0.64/0+0.18 ms cpu, 3->3->1 MB, 4 MB goal, 0 MB stacks, 0 MB globals, 4 P
gc 3108 @49.558s 2%: 0.052+1.5+0.047 ms clock, 0.21+0.62/0.69/0+0.18 ms cpu, 3->3->1 MB, 4 MB goal, 0 MB stacks, 0 MB globals, 4 P
gc 3109 @49.564s 2%: 0.058+1.3+0.009 ms clock, 0.23+0.67/0.63/0+0.039 ms cpu, 3->3->1 MB, 4 MB goal, 0 MB stacks, 0 MB globals, 4 P
gc 3110 @49.569s 2%: 0.066+0.99+0.096 ms clock, 0.26+1.1/0/0+0.38 ms cpu, 3->3->1 MB, 4 MB goal, 0 MB stacks, 0 MB globals, 4 P
gc 3111 @49.574s 2%: 0.019+0.75+0.036 ms clock, 0.076+0.87/0.51/0+0.14 ms cpu, 3->3->1 MB, 4 MB goal, 0 MB stacks, 0 MB globals, 4 P
gc 3112 @49.579s 2%: 0.096+1.0+0.007 ms clock, 0.38+0.56/0.78/0+0.029 ms cpu, 3->3->1 MB, 4 MB goal, 0 MB stacks, 0 MB globals, 4 P
gc 3113 @49.584s 2%: 0.067+1.2+0.079 ms clock, 0.26+0.81/0.51/0+0.31 ms cpu, 3->3->1 MB, 4 MB goal, 0 MB stacks, 0 MB globals, 4 P
gc 3114 @49.590s 2%: 0.085+0.68+0.030 ms clock, 0.34+0.35/0.61/0+0.12 ms cpu, 3->3->1 MB, 4 MB goal, 0 MB stacks, 0 MB globals, 4 P
gc 3115 @49.594s 2%: 0.065+0.63+0.071 ms clock, 0.26+0.81/0.50/0+0.28 ms cpu, 3->3->1 MB, 4 MB goal, 0 MB stacks, 0 MB globals, 4 P
gc 3116 @49.599s 2%: 0.039+1.4+0.036 ms clock, 0.15+0.59/1.0/0+0.14 ms cpu, 3->3->1 MB, 4 MB goal, 0 MB stacks, 0 MB globals, 4 P
gc 3117 @49.604s 2%: 0.10+0.62+0.055 ms clock, 0.40+0.77/0.48/0+0.22 ms cpu, 3->3->1 MB, 4 MB goal, 0 MB stacks, 0 MB globals, 4 P
gc 3118 @49.609s 2%: 0.10+1.5+0.065 ms clock, 0.41+1.0/0.87/0+0.26 ms cpu, 3->3->1 MB, 4 MB goal, 0 MB stacks, 0 MB globals, 4 P
gc 3119 @49.614s 2%: 0.34+1.7+0.003 ms clock, 1.3+0.67/1.3/0+0.014 ms cpu, 3->4->1 MB, 4 MB goal, 0 MB stacks, 0 MB globals, 4 P
gc 3120 @49.619s 2%: 0.039+1.1+0.038 ms clock, 0.15+0.46/0.46/0+0.15 ms cpu, 3->3->1 MB, 4 MB goal, 0 MB stacks, 0 MB globals, 4 P
gc 3121 @49.624s 2%: 0.068+1.6+0.055 ms clock, 0.27+0.16/0.84/0+0.22 ms cpu, 3->3->1 MB, 4 MB goal, 0 MB stacks, 0 MB globals, 4 P
gc 3122 @49.629s 2%: 0.055+0.79+0.038 ms clock, 0.22+0.65/0.66/0+0.15 ms cpu, 3->3->1 MB, 4 MB goal, 0 MB stacks, 0 MB globals, 4 P
gc 3123 @49.634s 2%: 0.33+1.8+0.038 ms clock, 1.3+0.56/0.77/0+0.15 ms cpu, 3->3->1 MB, 4 MB goal, 0 MB stacks, 0 MB globals, 4 P
gc 3124 @49.639s 2%: 0.033+1.3+0.024 ms clock, 0.13+0.80/0.44/0+0.099 ms cpu, 3->3->1 MB, 4 MB goal, 0 MB stacks, 0 MB globals, 4 P
gc 3125 @49.645s 2%: 0.066+1.8+0.062 ms clock, 0.26+0.55/0.57/0+0.25 ms cpu, 3->3->1 MB, 4 MB goal, 0 MB stacks, 0 MB globals, 4 P
gc 3126 @49.650s 2%: 0.075+0.87+0.041 ms clock, 0.30+0.37/0.69/0+0.16 ms cpu, 3->3->1 MB, 4 MB goal, 0 MB stacks, 0 MB globals, 4 P
gc 3127 @49.655s 2%: 0.050+0.63+0.023 ms clock, 0.20+0.75/0.45/0+0.092 ms cpu, 3->3->1 MB, 4 MB goal, 0 MB stacks, 0 MB globals, 4 P
gc 3128 @49.660s 2%: 0.034+1.7+0.093 ms clock, 0.13+0.61/0.61/0+0.37 ms cpu, 3->3->1 MB, 4 MB goal, 0 MB stacks, 0 MB globals, 4 P
gc 3129 @49.666s 2%: 0.056+0.86+0.034 ms clock, 0.22+0.62/0.75/0+0.13 ms cpu, 3->3->1 MB, 4 MB goal, 0 MB stacks, 0 MB globals, 4 P
gc 3130 @49.670s 2%: 0.13+0.77+0.019 ms clock, 0.53+0.50/0.68/0+0.078 ms cpu, 3->3->1 MB, 4 MB goal, 0 MB stacks, 0 MB globals, 4 P
gc 3131 @49.675s 2%: 0.079+0.56+0.029 ms clock, 0.31+0.57/0.45/0+0.11 ms cpu, 3->3->0 MB, 4 MB goal, 0 MB stacks, 0 MB globals, 4 P
gc 3132 @49.680s 2%: 0.036+0.47+0.058 ms clock, 0.14+0.83/0.38/0+0.23 ms cpu, 3->3->1 MB, 4 MB goal, 0 MB stacks, 0 MB globals, 4 P
gc 3133 @49.685s 2%: 0.060+1.1+0.008 ms clock, 0.24+0.81/0.46/0+0.033 ms cpu, 3->3->1 MB, 4 MB goal, 0 MB stacks, 0 MB globals, 4 P
gc 3134 @49.690s 2%: 0.063+1.0+0.026 ms clock, 0.25+0.88/0.72/0+0.10 ms cpu, 3->3->1 MB, 4 MB goal, 0 MB stacks, 0 MB globals, 4 P
gc 3135 @49.695s 2%: 0.056+0.58+0.041 ms clock, 0.22+0.87/0.48/0+0.16 ms cpu, 3->3->1 MB, 4 MB goal, 0 MB stacks, 0 MB globals, 4 P
gc 3136 @49.700s 2%: 0.068+1.5+0.071 ms clock, 0.27+0.54/0.72/0+0.28 ms cpu, 3->3->1 MB, 4 MB goal, 0 MB stacks, 0 MB globals, 4 P
gc 3137 @49.705s 2%: 0.063+1.2+0.036 ms clock, 0.25+0.51/0.46/0+0.14 ms cpu, 3->3->1 MB, 4 MB goal, 0 MB stacks, 0 MB globals, 4 P
gc 3138 @49.710s 2%: 0.30+1.6+0.020 ms clock, 1.2+0.17/1.1/0+0.083 ms cpu, 3->3->1 MB, 4 MB goal, 0 MB stacks, 0 MB globals, 4 P
gc 3139 @49.715s 2%: 0.086+1.7+0.094 ms clock, 0.34+0.64/0.60/0+0.37 ms cpu, 3->3->1 MB, 4 MB goal, 0 MB stacks, 0 MB globals, 4 P
gc 3140 @49.721s 2%: 0.10+0.85+0.055 ms clock, 0.42+0.82/0.67/0+0.22 ms cpu, 3->3->1 MB, 4 MB goal, 0 MB stacks, 0 MB globals, 4 P
gc 3141 @49.725s 2%: 0.29+2.0+0.089 ms clock, 1.1+0.67/2.0/0.075+0.35 ms cpu, 3->3->1 MB, 4 MB goal, 0 MB stacks, 0 MB globals, 4 P
gc 3142 @49.731s 2%: 0.098+1.4+0.023 ms clock, 0.39+0.81/0.50/0+0.095 ms cpu, 3->3->1 MB, 4 MB goal, 0 MB stacks, 0 MB globals, 4 P
gc 3143 @49.736s 2%: 0.095+1.4+0.005 ms clock, 0.38+1.0/0.048/0+0.020 ms cpu, 3->3->1 MB, 4 MB goal, 0 MB stacks, 0 MB globals, 4 P
gc 3144 @49.741s 2%: 0.063+1.1+0.023 ms clock, 0.25+0.47/0.70/0+0.093 ms cpu, 3->3->1 MB, 4 MB goal, 0 MB stacks, 0 MB globals, 4 P
gc 3145 @49.746s 2%: 0.088+0.66+0.025 ms clock, 0.35+0.58/0.52/0+0.10 ms cpu, 3->3->1 MB, 4 MB goal, 0 MB stacks, 0 MB globals, 4 P
gc 3146 @49.751s 2%: 0.021+0.61+0.030 ms clock, 0.086+0.72/0.46/0+0.12 ms cpu, 3->3->1 MB, 4 MB goal, 0 MB stacks, 0 MB globals, 4 P
gc 3147 @49.756s 2%: 0.081+1.0+0.081 ms clock, 0.32+0.50/0.55/0+0.32 ms cpu, 3->3->1 MB, 4 MB goal, 0 MB stacks, 0 MB globals, 4 P
gc 3148 @49.761s 2%: 0.051+1.2+0.060 ms clock, 0.20+0.56/0.62/0+0.24 ms cpu, 3->3->1 MB, 4 MB goal, 0 MB stacks, 0 MB globals, 4 P
gc 3149 @49.766s 2%: 0.072+0.98+0.018 ms clock, 0.29+0.44/0.81/0+0.073 ms cpu, 3->3->1 MB, 4 MB goal, 0 MB stacks, 0 MB globals, 4 P
gc 3150 @49.771s 2%: 0.037+1.1+0.023 ms clock, 0.15+0.54/0.47/0+0.095 ms cpu, 3->3->1 MB, 4 MB goal, 0 MB stacks, 0 MB globals, 4 P
gc 3151 @49.776s 2%: 0.057+0.69+0.059 ms clock, 0.22+1.1/0/0+0.23 ms cpu, 3->3->1 MB, 4 MB goal, 0 MB stacks, 0 MB globals, 4 P
gc 3152 @49.781s 2%: 0.085+1.3+0.087 ms clock, 0.34+0.32/0.53/0+0.35 ms cpu, 3->3->1 MB, 4 MB goal, 0 MB stacks, 0 MB globals, 4 P
gc 3153 @49.786s 2%: 0.052+1.7+0.081 ms clock, 0.20+0.67/0.54/0+0.32 ms cpu, 3->3->1 MB, 4 MB goal, 0 MB stacks, 0 MB globals, 4 P
gc 3154 @49.791s 2%: 0.050+1.9+0.029 ms clock, 0.20+0.72/0.56/0+0.11 ms cpu, 3->3->1 MB, 4 MB goal, 0 MB stacks, 0 MB globals, 4 P
gc 3155 @49.797s 2%: 0.074+0.66+0.018 ms clock, 0.29+0.68/0.54/0+0.074 ms cpu, 3->3->1 MB, 4 MB goal, 0 MB stacks, 0 MB globals, 4 P
gc 3156 @49.801s 2%: 0.10+0.69+0.025 ms clock, 0.40+0.55/0.52/0+0.10 ms cpu, 3->3->1 MB, 4 MB goal, 0 MB stacks, 0 MB globals, 4 P
gc 3157 @49.806s 2%: 0.072+1.0+0.023 ms clock, 0.28+1.0/0/0+0.094 ms cpu, 3->3->1 MB, 4 MB goal, 0 MB stacks, 0 MB globals, 4 P
gc 3158 @49.811s 2%: 0.058+1.6+0.067 ms clock, 0.23+1.2/0.54/0+0.26 ms cpu, 3->3->1 MB, 4 MB goal, 0 MB stacks, 0 MB globals, 4 P
gc 3159 @49.817s 2%: 0.11+0.93+0.034 ms clock, 0.45+0.44/0.57/0+0.13 ms cpu, 3->3->1 MB, 4 MB goal, 0 MB stacks, 0 MB globals, 4 P
gc 3160 @49.822s 2%: 0.86+1.3+0.008 ms clock, 3.4+0.30/1.1/0+0.033 ms cpu, 3->3->1 MB, 4 MB goal, 0 MB stacks, 0 MB globals, 4 P
gc 3161 @49.827s 2%: 0.045+0.57+0.059 ms clock, 0.18+0.86/0.43/0+0.23 ms cpu, 3->3->1 MB, 4 MB goal, 0 MB stacks, 0 MB globals, 4 P
gc 3162 @49.832s 2%: 0.040+2.1+0.050 ms clock, 0.16+0.57/0.66/0+0.20 ms cpu, 3->3->1 MB, 4 MB goal, 0 MB stacks, 0 MB globals, 4 P
gc 3163 @49.837s 2%: 1.4+0.11+0.035 ms clock, 5.9+1.5/0.60/0+0.14 ms cpu, 3->3->1 MB, 4 MB goal, 0 MB stacks, 0 MB globals, 4 P
gc 3164 @49.842s 2%: 0.066+0.46+0.036 ms clock, 0.26+0.70/0.41/0+0.14 ms cpu, 3->3->1 MB, 4 MB goal, 0 MB stacks, 0 MB globals, 4 P
gc 3165 @49.847s 2%: 0.023+1.1+0.075 ms clock, 0.095+0.46/0.62/0+0.30 ms cpu, 3->3->1 MB, 4 MB goal, 0 MB stacks, 0 MB globals, 4 P
gc 3166 @49.852s 2%: 0.083+0.66+0.045 ms clock, 0.33+0.69/0.47/0+0.18 ms cpu, 3->3->1 MB, 4 MB goal, 0 MB stacks, 0 MB globals, 4 P
gc 3167 @49.857s 2%: 0.077+1.4+0.020 ms clock, 0.30+0.31/0.58/0+0.080 ms cpu, 3->3->1 MB, 4 MB goal, 0 MB stacks, 0 MB globals, 4 P
gc 3168 @49.862s 2%: 0.071+0.67+0.074 ms clock, 0.28+0.85/0.58/0+0.29 ms cpu, 3->3->1 MB, 4 MB goal, 0 MB stacks, 0 MB globals, 4 P
gc 3169 @49.867s 2%: 2.3+0.88+0.004 ms clock, 9.2+0.40/2.5/0+0.019 ms cpu, 3->3->1 MB, 4 MB goal, 0 MB stacks, 0 MB globals, 4 P
gc 3170 @49.872s 2%: 0.051+1.6+0.044 ms clock, 0.20+0.59/0.65/0+0.17 ms cpu, 3->3->1 MB, 4 MB goal, 0 MB stacks, 0 MB globals, 4 P
gc 3171 @49.877s 2%: 0.051+1.4+0.013 ms clock, 0.20+1.1/0.001/0+0.052 ms cpu, 3->3->1 MB, 4 MB goal, 0 MB stacks, 0 MB globals, 4 P
gc 3172 @49.883s 2%: 0.057+0.64+0.044 ms clock, 0.23+0.82/0.51/0+0.17 ms cpu, 3->3->1 MB, 4 MB goal, 0 MB stacks, 0 MB globals, 4 P
gc 3173 @49.887s 2%: 0.11+1.3+0.033 ms clock, 0.44+0.75/1.2/0+0.13 ms cpu, 3->3->1 MB, 4 MB goal, 0 MB stacks, 0 MB globals, 4 P
gc 3174 @49.893s 2%: 0.090+0.67+0.038 ms clock, 0.36+0.74/0.52/0+0.15 ms cpu, 3->3->1 MB, 4 MB goal, 0 MB stacks, 0 MB globals, 4 P
gc 3175 @49.897s 2%: 0.067+1.3+0.037 ms clock, 0.27+0.47/0.57/0+0.14 ms cpu, 3->3->1 MB, 4 MB goal, 0 MB stacks, 0 MB globals, 4 P
gc 3176 @49.902s 2%: 0.041+1.9+0.004 ms clock, 0.16+0.55/0.62/0+0.017 ms cpu, 3->3->1 MB, 4 MB goal, 0 MB stacks, 0 MB globals, 4 P
gc 3177 @49.907s 2%: 0.10+0.52+0.069 ms clock, 0.43+0.65/0.44/0+0.27 ms cpu, 3->3->1 MB, 4 MB goal, 0 MB stacks, 0 MB globals, 4 P
gc 3178 @49.912s 2%: 0.10+0.64+0.021 ms clock, 0.40+0.84/0.53/0+0.085 ms cpu, 3->3->1 MB, 4 MB goal, 0 MB stacks, 0 MB globals, 4 P
gc 3179 @49.918s 2%: 0.067+0.70+0.022 ms clock, 0.27+0.61/0.58/0+0.091 ms cpu, 3->3->1 MB, 4 MB goal, 0 MB stacks, 0 MB globals, 4 P
gc 3180 @49.923s 2%: 0.10+0.57+0.025 ms clock, 0.41+0.78/0.39/0+0.10 ms cpu, 3->3->1 MB, 4 MB goal, 0 MB stacks, 0 MB globals, 4 P
gc 3181 @49.929s 2%: 0.095+1.5+0.045 ms clock, 0.38+1.1/1.2/0+0.18 ms cpu, 3->3->1 MB, 4 MB goal, 0 MB stacks, 0 MB globals, 4 P
gc 3182 @49.934s 2%: 0.063+0.67+0.035 ms clock, 0.25+0.87/0.53/0+0.14 ms cpu, 3->3->1 MB, 4 MB goal, 0 MB stacks, 0 MB globals, 4 P
gc 3183 @49.939s 2%: 0.099+0.64+0.049 ms clock, 0.39+0.55/0.56/0+0.19 ms cpu, 3->3->1 MB, 4 MB goal, 0 MB stacks, 0 MB globals, 4 P
gc 3184 @49.944s 2%: 0.061+2.3+0.053 ms clock, 0.24+0.56/0.66/0+0.21 ms cpu, 3->3->1 MB, 4 MB goal, 0 MB stacks, 0 MB globals, 4 P
gc 3185 @49.949s 2%: 0.055+1.5+0.088 ms clock, 0.22+0.66/0.86/0+0.35 ms cpu, 3->3->1 MB, 4 MB goal, 0 MB stacks, 0 MB globals, 4 P
gc 3186 @49.954s 2%: 0.063+0.95+0.047 ms clock, 0.25+0.77/0.49/0+0.18 ms cpu, 3->3->1 MB, 4 MB goal, 0 MB stacks, 0 MB globals, 4 P
gc 3187 @49.959s 2%: 0.082+0.64+0.009 ms clock, 0.33+0.58/0.54/0+0.036 ms cpu, 3->3->1 MB, 4 MB goal, 0 MB stacks, 0 MB globals, 4 P
gc 3188 @49.964s 2%: 0.069+0.63+0.029 ms clock, 0.27+0.83/0.54/0+0.11 ms cpu, 3->3->1 MB, 4 MB goal, 0 MB stacks, 0 MB globals, 4 P
gc 3189 @49.969s 2%: 0.084+1.3+0.036 ms clock, 0.33+0.67/0.68/0+0.14 ms cpu, 3->3->1 MB, 4 MB goal, 0 MB stacks, 0 MB globals, 4 P
gc 3190 @49.974s 2%: 0.044+0.87+0.046 ms clock, 0.17+0.78/0.58/0+0.18 ms cpu, 3->3->1 MB, 4 MB goal, 0 MB stacks, 0 MB globals, 4 P
gc 3191 @49.979s 2%: 1.1+0.25+0.025 ms clock, 4.7+0.64/1.3/0+0.10 ms cpu, 3->3->1 MB, 4 MB goal, 0 MB stacks, 0 MB globals, 4 P
gc 3192 @49.984s 2%: 0.049+0.65+0.032 ms clock, 0.19+0.79/0.51/0+0.13 ms cpu, 3->3->1 MB, 4 MB goal, 0 MB stacks, 0 MB globals, 4 P
gc 3193 @49.989s 2%: 0.050+1.0+0.055 ms clock, 0.20+0.61/0.50/0+0.22 ms cpu, 3->3->1 MB, 4 MB goal, 0 MB stacks, 0 MB globals, 4 P
gc 3194 @49.994s 2%: 0.055+1.6+0.057 ms clock, 0.22+0.67/0.68/0+0.23 ms cpu, 3->3->1 MB, 4 MB goal, 0 MB stacks, 0 MB globals, 4 P
gc 3195 @49.999s 2%: 0.078+1.5+0.059 ms clock, 0.31+0.43/0.59/0+0.23 ms cpu, 3->3->1 MB, 4 MB goal, 0 MB stacks, 0 MB globals, 4 P
gc 3196 @50.004s 2%: 0.062+0.91+0.018 ms clock, 0.25+0.51/0.54/0+0.072 ms cpu, 3->3->1 MB, 4 MB goal, 0 MB stacks, 0 MB globals, 4 P
gc 3197 @50.009s 2%: 1.3+0.42+0.099 ms clock, 5.3+0.64/1.5/0+0.39 ms cpu, 3->3->1 MB, 4 MB goal, 0 MB stacks, 0 MB globals, 4 P
gc 3198 @50.014s 2%: 0.048+0.73+0.019 ms clock, 0.19+0.74/0.57/0+0.077 ms cpu, 3->3->1 MB, 4 MB goal, 0 MB stacks, 0 MB globals, 4 P
gc 3199 @50.019s 2%: 0.083+0.64+0.025 ms clock, 0.33+0.52/0.56/0+0.10 ms cpu, 3->3->1 MB, 4 MB goal, 0 MB stacks, 0 MB globals, 4 P
gc 3200 @50.024s 2%: 0.057+0.62+0.068 ms clock, 0.23+0.80/0.45/0+0.27 ms cpu, 3->3->1 MB, 4 MB goal, 0 MB stacks, 0 MB globals, 4 P
gc 3201 @50.029s 2%: 0.081+1.0+0.042 ms clock, 0.32+0.73/0.84/0+0.17 ms cpu, 3->3->1 MB, 4 MB goal, 0 MB stacks, 0 MB globals, 4 P
gc 3202 @50.034s 2%: 0.046+0.71+0.057 ms clock, 0.18+1.0/0.61/0+0.23 ms cpu, 3->3->1 MB, 4 MB goal, 0 MB stacks, 0 MB globals, 4 P
gc 3203 @50.039s 2%: 0.050+1.7+0.037 ms clock, 0.20+0.63/0.84/0+0.15 ms cpu, 3->3->1 MB, 4 MB goal, 0 MB stacks, 0 MB globals, 4 P
gc 3204 @50.044s 2%: 0.037+0.73+0.049 ms clock, 0.15+0.85/0.54/0+0.19 ms cpu, 3->3->1 MB, 4 MB goal, 0 MB stacks, 0 MB globals, 4 P
gc 3205 @50.049s 2%: 0.062+1.2+0.078 ms clock, 0.24+0.55/0.78/0+0.31 ms cpu, 3->3->1 MB, 4 MB goal, 0 MB stacks, 0 MB globals, 4 P
gc 3206 @50.054s 2%: 0.041+0.60+0.023 ms clock, 0.16+0.79/0.48/0+0.093 ms cpu, 3->3->1 MB, 4 MB goal, 0 MB stacks, 0 MB globals, 4 P
gc 3207 @50.059s 2%: 0.35+1.6+0.059 ms clock, 1.4+0.27/0.98/0+0.23 ms cpu, 3->3->1 MB, 4 MB goal, 0 MB stacks, 0 MB globals, 4 P
gc 3208 @50.064s 2%: 0.094+1.2+0.003 ms clock, 0.37+1.3/0.24/0+0.013 ms cpu, 3->3->1 MB, 4 MB goal, 0 MB stacks, 0 MB globals, 4 P
gc 3209 @50.069s 2%: 0.32+1.3+0.030 ms clock, 1.3+0.60/1.4/0+0.12 ms cpu, 3->3->1 MB, 4 MB goal, 0 MB stacks, 0 MB globals, 4 P
gc 3210 @50.075s 2%: 0.033+1.4+0.084 ms clock, 0.13+0.52/0.49/0+0.33 ms cpu, 3->3->1 MB, 4 MB goal, 0 MB stacks, 0 MB globals, 4 P
gc 3211 @50.080s 2%: 0.045+1.2+0.037 ms clock, 0.18+1.0/0.005/0+0.15 ms cpu, 3->3->1 MB, 4 MB goal, 0 MB stacks, 0 MB globals, 4 P
gc 3212 @50.085s 2%: 0.048+1.4+0.078 ms clock, 0.19+0.54/0.54/0+0.31 ms cpu, 3->3->1 MB, 4 MB goal, 0 MB stacks, 0 MB globals, 4 P
gc 3213 @50.090s 2%: 0.047+1.7+0.047 ms clock, 0.18+0.42/0.85/0+0.19 ms cpu, 3->3->1 MB, 4 MB goal, 0 MB stacks, 0 MB globals, 4 P
gc 3214 @50.095s 2%: 0.047+1.4+0.012 ms clock, 0.18+0.64/0.60/0+0.051 ms cpu, 3->3->1 MB, 4 MB goal, 0 MB stacks, 0 MB globals, 4 P
gc 3215 @50.100s 2%: 0.047+1.2+0.065 ms clock, 0.18+0.69/0.54/0+0.26 ms cpu, 3->3->1 MB, 4 MB goal, 0 MB stacks, 0 MB globals, 4 P
gc 3216 @50.105s 2%: 0.061+1.8+0.049 ms clock, 0.24+0.54/0.97/0+0.19 ms cpu, 3->3->1 MB, 4 MB goal, 0 MB stacks, 0 MB globals, 4 P
gc 3217 @50.111s 2%: 0.072+1.4+0.084 ms clock, 0.28+0.70/0.45/0+0.33 ms cpu, 3->3->1 MB, 4 MB goal, 0 MB stacks, 0 MB globals, 4 P
gc 3218 @50.116s 2%: 0.086+1.8+0.063 ms clock, 0.34+0.48/0.63/0+0.25 ms cpu, 3->3->1 MB, 4 MB goal, 0 MB stacks, 0 MB globals, 4 P
gc 3219 @50.121s 2%: 0.090+1.8+0.003 ms clock, 0.36+0.82/1.5/0+0.015 ms cpu, 3->3->1 MB, 4 MB goal, 0 MB stacks, 0 MB globals, 4 P
gc 3220 @50.126s 2%: 0.28+1.4+0.075 ms clock, 1.1+0.65/1.5/0+0.30 ms cpu, 3->3->1 MB, 4 MB goal, 0 MB stacks, 0 MB globals, 4 P
gc 3221 @50.131s 2%: 0.033+1.3+0.082 ms clock, 0.13+0.87/0.52/0+0.32 ms cpu, 3->3->1 MB, 4 MB goal, 0 MB stacks, 0 MB globals, 4 P
gc 3222 @50.136s 2%: 0.058+0.59+0.037 ms clock, 0.23+0.84/0.50/0+0.15 ms cpu, 3->3->1 MB, 4 MB goal, 0 MB stacks, 0 MB globals, 4 P
gc 3223 @50.141s 2%: 0.054+1.5+0.034 ms clock, 0.21+0.46/0.81/0+0.13 ms cpu, 3->3->1 MB, 4 MB goal, 0 MB stacks, 0 MB globals, 4 P
gc 3224 @50.146s 2%: 0.072+0.74+0.067 ms clock, 0.28+0.64/0.60/0+0.26 ms cpu, 3->3->1 MB, 4 MB goal, 0 MB stacks, 0 MB globals, 4 P
gc 3225 @50.151s 2%: 0.091+1.0+0.047 ms clock, 0.36+0.97/0.85/0+0.18 ms cpu, 3->3->1 MB, 4 MB goal, 0 MB stacks, 0 MB globals, 4 P
gc 3226 @50.156s 2%: 0.065+1.5+0.034 ms clock, 0.26+0.62/0.60/0+0.13 ms cpu, 3->3->1 MB, 4 MB goal, 0 MB stacks, 0 MB globals, 4 P
gc 3227 @50.161s 2%: 0.091+0.56+0.029 ms clock, 0.36+0.73/0.43/0+0.11 ms cpu, 3->3->1 MB, 4 MB goal, 0 MB stacks, 0 MB globals, 4 P
gc 3228 @50.166s 2%: 0.089+0.83+0.091 ms clock, 0.35+0.65/0.66/0+0.36 ms cpu, 3->3->1 MB, 4 MB goal, 0 MB stacks, 0 MB globals, 4 P
gc 3229 @50.171s 2%: 0.067+2.1+0.066 ms clock, 0.27+2.0/0.57/0+0.26 ms cpu, 3->3->1 MB, 4 MB goal, 0 MB stacks, 0 MB globals, 4 P
gc 3230 @50.176s 2%: 0.034+1.1+0.038 ms clock, 0.13+0.60/0.54/0+0.15 ms cpu, 3->3->1 MB, 4 MB goal, 0 MB stacks, 0 MB globals, 4 P
gc 3231 @50.181s 2%: 0.062+1.2+0.069 ms clock, 0.24+1.0/0.019/0+0.27 ms cpu, 3->3->1 MB, 4 MB goal, 0 MB stacks, 0 MB globals, 4 P
gc 3232 @50.186s 2%: 0.10+0.85+0.061 ms clock, 0.42+0.71/0.63/0+0.24 ms cpu, 3->3->1 MB, 4 MB goal, 0 MB stacks, 0 MB globals, 4 P
gc 3233 @50.191s 2%: 0.099+1.4+0.025 ms clock, 0.39+0.99/1.4/0+0.10 ms cpu, 3->3->1 MB, 4 MB goal, 0 MB stacks, 0 MB globals, 4 P
gc 3234 @50.196s 2%: 0.44+1.0+0.024 ms clock, 1.7+0.58/1.3/0.003+0.096 ms cpu, 3->3->1 MB, 4 MB goal, 0 MB stacks, 0 MB globals, 4 P
gc 3235 @50.202s 2%: 0.059+0.67+0.087 ms clock, 0.23+1.0/0.023/0+0.34 ms cpu, 3->3->1 MB, 4 MB goal, 0 MB stacks, 0 MB globals, 4 P
gc 3236 @50.206s 2%: 0.055+0.67+0.041 ms clock, 0.22+0.60/0.55/0+0.16 ms cpu, 3->3->1 MB, 4 MB goal, 0 MB stacks, 0 MB globals, 4 P
gc 3237 @50.211s 2%: 0.083+1.6+0.068 ms clock, 0.33+0.44/0.56/0+0.27 ms cpu, 3->3->1 MB, 4 MB goal, 0 MB stacks, 0 MB globals, 4 P
gc 3238 @50.216s 2%: 0.086+0.78+0.071 ms clock, 0.34+0.62/0.59/0+0.28 ms cpu, 3->3->1 MB, 4 MB goal, 0 MB stacks, 0 MB globals, 4 P
gc 3239 @50.222s 2%: 0.089+0.62+0.045 ms clock, 0.35+0.72/0.48/0+0.18 ms cpu, 3->3->1 MB, 4 MB goal, 0 MB stacks, 0 MB globals, 4 P
gc 3240 @50.227s 2%: 0.059+0.63+0.042 ms clock, 0.23+0.55/0.53/0+0.16 ms cpu, 3->3->1 MB, 4 MB goal, 0 MB stacks, 0 MB globals, 4 P
gc 3241 @50.232s 2%: 0.051+0.68+0.051 ms clock, 0.20+0.76/0.59/0+0.20 ms cpu, 3->3->1 MB, 4 MB goal, 0 MB stacks, 0 MB globals, 4 P
gc 3242 @50.237s 2%: 0.10+0.63+0.023 ms clock, 0.42+0.81/0.53/0+0.092 ms cpu, 3->3->1 MB, 4 MB goal, 0 MB stacks, 0 MB globals, 4 P
gc 3243 @50.242s 2%: 0.053+0.62+0.012 ms clock, 0.21+0.88/0.56/0+0.049 ms cpu, 3->3->1 MB, 4 MB goal, 0 MB stacks, 0 MB globals, 4 P
gc 3244 @50.248s 2%: 0.40+1.7+0.034 ms clock, 1.6+0.47/1.9/0+0.13 ms cpu, 3->3->1 MB, 4 MB goal, 0 MB stacks, 0 MB globals, 4 P
gc 3245 @50.253s 2%: 0.040+1.1+0.030 ms clock, 0.16+1.5/0.31/0+0.12 ms cpu, 3->3->1 MB, 4 MB goal, 0 MB stacks, 0 MB globals, 4 P
gc 3246 @50.258s 2%: 0.22+1.7+0.029 ms clock, 0.90+0.58/0.89/0+0.11 ms cpu, 3->3->1 MB, 4 MB goal, 0 MB stacks, 0 MB globals, 4 P
gc 3247 @50.263s 2%: 0.018+1.5+0.006 ms clock, 0.074+0.87/0.57/0+0.025 ms cpu, 3->3->1 MB, 4 MB goal, 0 MB stacks, 0 MB globals, 4 P
gc 3248 @50.268s 2%: 0.046+0.72+0.020 ms clock, 0.18+0.74/0.52/0+0.083 ms cpu, 3->3->1 MB, 4 MB goal, 0 MB stacks, 0 MB globals, 4 P
gc 3249 @50.273s 2%: 0.10+1.5+0.021 ms clock, 0.41+0.80/0.48/0+0.085 ms cpu, 3->3->1 MB, 4 MB goal, 0 MB stacks, 0 MB globals, 4 P
gc 3250 @50.278s 2%: 0.056+0.84+0.039 ms clock, 0.22+0.76/0.46/0.011+0.15 ms cpu, 3->3->1 MB, 4 MB goal, 0 MB stacks, 0 MB globals, 4 P
gc 3251 @50.283s 2%: 0.067+1.0+0.018 ms clock, 0.26+0.79/0.46/0+0.073 ms cpu, 3->3->1 MB, 4 MB goal, 0 MB stacks, 0 MB globals, 4 P
gc 3252 @50.288s 2%: 0.10+1.2+0.011 ms clock, 0.41+1.7/0.001/0+0.044 ms cpu, 3->3->1 MB, 4 MB goal, 0 MB stacks, 0 MB globals, 4 P
gc 3253 @50.293s 2%: 0.34+0.94+0.031 ms clock, 1.3+0.43/1.1/0+0.12 ms cpu, 3->3->1 MB, 4 MB goal, 0 MB stacks, 0 MB globals, 4 P
gc 3254 @50.298s 2%: 0.19+1.4+0.004 ms clock, 0.77+0.28/0.67/0+0.016 ms cpu, 3->3->1 MB, 4 MB goal, 0 MB stacks, 0 MB globals, 4 P
gc 3255 @50.303s 2%: 0.29+1.3+0.048 ms clock, 1.1+1.5/0.80/0+0.19 ms cpu, 3->3->1 MB, 4 MB goal, 0 MB stacks, 0 MB globals, 4 P
gc 3256 @50.309s 2%: 0.057+0.58+0.040 ms clock, 0.22+0.73/0.48/0+0.16 ms cpu, 3->3->1 MB, 4 MB goal, 0 MB stacks, 0 MB globals, 4 P
gc 3257 @50.313s 2%: 0.056+0.97+0.024 ms clock, 0.22+0.55/0.43/0+0.096 ms cpu, 3->3->1 MB, 4 MB goal, 0 MB stacks, 0 MB globals, 4 P
gc 3258 @50.318s 2%: 0.11+1.1+0.072 ms clock, 0.44+0.77/0.88/0+0.28 ms cpu, 3->3->1 MB, 4 MB goal, 0 MB stacks, 0 MB globals, 4 P
gc 3259 @50.323s 2%: 0.032+0.63+0.010 ms clock, 0.13+0.88/0.43/0+0.042 ms cpu, 3->3->1 MB, 4 MB goal, 0 MB stacks, 0 MB globals, 4 P
gc 3260 @50.328s 2%: 0.067+0.64+0.023 ms clock, 0.26+0.73/0.46/0+0.094 ms cpu, 3->3->1 MB, 4 MB goal, 0 MB stacks, 0 MB globals, 4 P
gc 3261 @50.333s 2%: 0.042+0.99+0.017 ms clock, 0.16+0.61/0.61/0+0.068 ms cpu, 3->3->1 MB, 4 MB goal, 0 MB stacks, 0 MB globals, 4 P
gc 3262 @50.338s 2%: 0.080+0.62+0.032 ms clock, 0.32+0.44/0.55/0+0.13 ms cpu, 3->3->1 MB, 4 MB goal, 0 MB stacks, 0 MB globals, 4 P
gc 3263 @50.343s 2%: 0.078+0.58+0.048 ms clock, 0.31+0.73/0.48/0+0.19 ms cpu, 3->3->1 MB, 4 MB goal, 0 MB stacks, 0 MB globals, 4 P
gc 3264 @50.348s 2%: 0.055+1.2+0.074 ms clock, 0.22+0.83/0.44/0+0.29 ms cpu, 3->3->1 MB, 4 MB goal, 0 MB stacks, 0 MB globals, 4 P
gc 3265 @50.353s 2%: 0.049+0.63+0.045 ms clock, 0.19+0.58/0.55/0+0.18 ms cpu, 3->3->1 MB, 4 MB goal, 0 MB stacks, 0 MB globals, 4 P
gc 3266 @50.358s 2%: 0.085+0.62+0.049 ms clock, 0.34+0.74/0.46/0+0.19 ms cpu, 3->3->1 MB, 4 MB goal, 0 MB stacks, 0 MB globals, 4 P
gc 3267 @50.363s 2%: 0.071+0.83+0.050 ms clock, 0.28+0.74/0.51/0+0.20 ms cpu, 3->3->1 MB, 4 MB goal, 0 MB stacks, 0 MB globals, 4 P
gc 3268 @50.368s 2%: 0.040+2.6+0.027 ms clock, 0.16+0.55/0.58/0+0.10 ms cpu, 3->3->1 MB, 4 MB goal, 0 MB stacks, 0 MB globals, 4 P
gc 3269 @50.373s 2%: 0.073+0.58+0.047 ms clock, 0.29+0.73/0.44/0+0.19 ms cpu, 3->3->1 MB, 4 MB goal, 0 MB stacks, 0 MB globals, 4 P
gc 3270 @50.378s 2%: 0.071+0.66+0.026 ms clock, 0.28+0.62/0.56/0+0.10 ms cpu, 3->3->1 MB, 4 MB goal, 0 MB stacks, 0 MB globals, 4 P
gc 3271 @50.383s 2%: 1.1+0.26+0.006 ms clock, 4.6+0.50/1.3/0+0.026 ms cpu, 3->3->1 MB, 4 MB goal, 0 MB stacks, 0 MB globals, 4 P
gc 3272 @50.388s 2%: 0.42+1.0+0.025 ms clock, 1.7+0.32/1.3/0.025+0.10 ms cpu, 3->3->1 MB, 4 MB goal, 0 MB stacks, 0 MB globals, 4 P
gc 3273 @50.393s 2%: 0.065+1.9+0.005 ms clock, 0.26+0.69/0.43/0+0.023 ms cpu, 3->3->1 MB, 4 MB goal, 0 MB stacks, 0 MB globals, 4 P
gc 3274 @50.398s 2%: 0.042+0.52+0.037 ms clock, 0.17+0.60/0.47/0+0.15 ms cpu, 3->3->1 MB, 4 MB goal, 0 MB stacks, 0 MB globals, 4 P
gc 3275 @50.403s 2%: 1.5+1.1+0.028 ms clock, 6.0+1.4/1.8/0+0.11 ms cpu, 3->4->1 MB, 4 MB goal, 0 MB stacks, 0 MB globals, 4 P
gc 3276 @50.409s 2%: 0.048+1.0+0.032 ms clock, 0.19+0.79/0.49/0+0.12 ms cpu, 3->3->1 MB, 4 MB goal, 0 MB stacks, 0 MB globals, 4 P
gc 3277 @50.414s 2%: 0.31+0.72+0.036 ms clock, 1.2+0.60/0.87/0+0.14 ms cpu, 3->3->1 MB, 4 MB goal, 0 MB stacks, 0 MB globals, 4 P
gc 3278 @50.419s 2%: 0.073+1.3+0.023 ms clock, 0.29+0.32/0.68/0+0.093 ms cpu, 3->3->1 MB, 4 MB goal, 0 MB stacks, 0 MB globals, 4 P
gc 3279 @50.424s 2%: 0.066+0.80+0.043 ms clock, 0.26+0.57/0.69/0+0.17 ms cpu, 3->3->1 MB, 4 MB goal, 0 MB stacks, 0 MB globals, 4 P
gc 3280 @50.429s 2%: 0.056+0.57+0.021 ms clock, 0.22+0.74/0.48/0+0.087 ms cpu, 3->3->1 MB, 4 MB goal, 0 MB stacks, 0 MB globals, 4 P
gc 3281 @50.434s 2%: 0.078+1.5+0.032 ms clock, 0.31+0.38/0.74/0+0.13 ms cpu, 3->3->1 MB, 4 MB goal, 0 MB stacks, 0 MB globals, 4 P
gc 3282 @50.439s 2%: 0.057+1.6+0.069 ms clock, 0.23+0.79/0.47/0+0.27 ms cpu, 3->3->1 MB, 4 MB goal, 0 MB stacks, 0 MB globals, 4 P
gc 3283 @50.444s 2%: 0.074+1.8+0.050 ms clock, 0.29+0.42/0.59/0+0.20 ms cpu, 3->3->1 MB, 4 MB goal, 0 MB stacks, 0 MB globals, 4 P
gc 3284 @50.450s 2%: 0.035+0.73+0.049 ms clock, 0.14+0.58/0.63/0+0.19 ms cpu, 3->3->1 MB, 4 MB goal, 0 MB stacks, 0 MB globals, 4 P
gc 3285 @50.454s 2%: 0.041+0.54+0.048 ms clock, 0.16+0.65/0.42/0+0.19 ms cpu, 3->3->1 MB, 4 MB goal, 0 MB stacks, 0 MB globals, 4 P
gc 3286 @50.459s 2%: 0.043+2.3+0.033 ms clock, 0.17+0.80/1.8/0+0.13 ms cpu, 3->3->1 MB, 4 MB goal, 0 MB stacks, 0 MB globals, 4 P
gc 3287 @50.465s 2%: 0.067+1.2+0.028 ms clock, 0.27+1.0/0.023/0+0.11 ms cpu, 3->3->1 MB, 4 MB goal, 0 MB stacks, 0 MB globals, 4 P
gc 3288 @50.470s 2%: 0.075+0.83+0.049 ms clock, 0.30+0.60/0.60/0+0.19 ms cpu, 3->3->1 MB, 4 MB goal, 0 MB stacks, 0 MB globals, 4 P
gc 3289 @50.475s 2%: 0.073+0.65+0.012 ms clock, 0.29+0.80/0.47/0+0.051 ms cpu, 3->3->1 MB, 4 MB goal, 0 MB stacks, 0 MB globals, 4 P
gc 3290 @50.479s 2%: 0.33+1.0+0.043 ms clock, 1.3+0.53/1.1/0.025+0.17 ms cpu, 3->3->1 MB, 4 MB goal, 0 MB stacks, 0 MB globals, 4 P
gc 3291 @50.485s 2%: 1.7+1.0+0.030 ms clock, 7.0+0.33/2.0/0+0.12 ms cpu, 3->3->1 MB, 4 MB goal, 0 MB stacks, 0 MB globals, 4 P
gc 3292 @50.490s 2%: 0.12+1.2+0.038 ms clock, 0.49+0.64/0.52/0+0.15 ms cpu, 3->3->1 MB, 4 MB goal, 0 MB stacks, 0 MB globals, 4 P
gc 3293 @50.495s 2%: 0.22+1.8+0.028 ms clock, 0.90+0.71/1.0/0.069+0.11 ms cpu, 3->4->1 MB, 4 MB goal, 0 MB stacks, 0 MB globals, 4 P
gc 3294 @50.500s 2%: 0.081+0.77+0.020 ms clock, 0.32+1.1/0.007/0+0.080 ms cpu, 3->3->1 MB, 4 MB goal, 0 MB stacks, 0 MB globals, 4 P
gc 3295 @50.505s 2%: 0.34+1.1+0.042 ms clock, 1.3+0.57/1.3/0+0.16 ms cpu, 3->3->1 MB, 4 MB goal, 0 MB stacks, 0 MB globals, 4 P
gc 3296 @50.510s 2%: 0.097+1.3+0.057 ms clock, 0.38+0.74/0.53/0+0.23 ms cpu, 3->3->1 MB, 4 MB goal, 0 MB stacks, 0 MB globals, 4 P
gc 3297 @50.515s 2%: 0.36+1.5+0.019 ms clock, 1.4+0.33/0.94/0+0.076 ms cpu, 3->3->1 MB, 4 MB goal, 0 MB stacks, 0 MB globals, 4 P
gc 3298 @50.520s 2%: 0.052+1.2+0.046 ms clock, 0.20+0.59/0.62/0+0.18 ms cpu, 3->3->1 MB, 4 MB goal, 0 MB stacks, 0 MB globals, 4 P
gc 3299 @50.526s 2%: 0.034+0.65+0.065 ms clock, 0.13+0.93/0.44/0+0.26 ms cpu, 3->3->1 MB, 4 MB goal, 0 MB stacks, 0 MB globals, 4 P
gc 3300 @50.530s 2%: 0.053+0.94+0.010 ms clock, 0.21+0.37/0.81/0.003+0.041 ms cpu, 3->3->1 MB, 4 MB goal, 0 MB stacks, 0 MB globals, 4 P
gc 3301 @50.536s 2%: 0.072+1.5+0.003 ms clock, 0.29+0.50/0.78/0+0.015 ms cpu, 3->3->1 MB, 4 MB goal, 0 MB stacks, 0 MB globals, 4 P
gc 3302 @50.541s 2%: 0.24+2.1+0.019 ms clock, 0.98+0.69/1.4/0+0.076 ms cpu, 3->4->1 MB, 4 MB goal, 0 MB stacks, 0 MB globals, 4 P
gc 3303 @50.546s 2%: 0.058+1.2+0.030 ms clock, 0.23+0.41/0.63/0+0.12 ms cpu, 3->3->1 MB, 4 MB goal, 0 MB stacks, 0 MB globals, 4 P
gc 3304 @50.551s 2%: 0.090+0.88+0.043 ms clock, 0.36+0.65/0.49/0+0.17 ms cpu, 3->3->1 MB, 4 MB goal, 0 MB stacks, 0 MB globals, 4 P
gc 3305 @50.556s 2%: 0.017+0.65+0.023 ms clock, 0.071+0.84/0.45/0+0.095 ms cpu, 3->3->1 MB, 4 MB goal, 0 MB stacks, 0 MB globals, 4 P
gc 3306 @50.561s 2%: 0.092+0.57+0.072 ms clock, 0.37+0.76/0.52/0+0.28 ms cpu, 3->3->1 MB, 4 MB goal, 0 MB stacks, 0 MB globals, 4 P
gc 3307 @50.566s 2%: 0.035+0.82+0.035 ms clock, 0.14+0.73/0.68/0+0.14 ms cpu, 3->3->1 MB, 4 MB goal, 0 MB stacks, 0 MB globals, 4 P
gc 3308 @50.571s 2%: 0.021+0.78+0.041 ms clock, 0.084+0.73/0.63/0+0.16 ms cpu, 3->3->1 MB, 4 MB goal, 0 MB stacks, 0 MB globals, 4 P
gc 3309 @50.576s 2%: 0.10+2.4+0.027 ms clock, 0.43+0.61/2.0/0+0.10 ms cpu, 3->3->1 MB, 4 MB goal, 0 MB stacks, 0 MB globals, 4 P
gc 3310 @50.581s 2%: 0.062+0.73+0.051 ms clock, 0.24+0.72/0.54/0+0.20 ms cpu, 3->3->1 MB, 4 MB goal, 0 MB stacks, 0 MB globals, 4 P
gc 3311 @50.586s 2%: 0.34+2.4+0.029 ms clock, 1.3+0.56/1.8/0.028+0.11 ms cpu, 3->4->1 MB, 4 MB goal, 0 MB stacks, 0 MB globals, 4 P
gc 3312 @50.592s 2%: 0.046+1.8+0.007 ms clock, 0.18+0.74/0.41/0+0.031 ms cpu, 3->4->1 MB, 4 MB goal, 0 MB stacks, 0 MB globals, 4 P
gc 3313 @50.597s 2%: 0.079+0.57+0.055 ms clock, 0.31+0.55/0.48/0+0.22 ms cpu, 3->3->1 MB, 4 MB goal, 0 MB stacks, 0 MB globals, 4 P
gc 3314 @50.602s 2%: 0.064+0.78+0.047 ms clock, 0.25+0.57/0.67/0+0.19 ms cpu, 3->3->1 MB, 4 MB goal, 0 MB stacks, 0 MB globals, 4 P
gc 3315 @50.607s 2%: 0.27+1.7+0.080 ms clock, 1.1+0.57/1.4/0+0.32 ms cpu, 3->3->1 MB, 4 MB goal, 0 MB stacks, 0 MB globals, 4 P
gc 3316 @50.612s 2%: 0.062+1.6+0.085 ms clock, 0.24+0.35/0.51/0+0.34 ms cpu, 3->3->1 MB, 4 MB goal, 0 MB stacks, 0 MB globals, 4 P
gc 3317 @50.617s 2%: 0.37+2.0+0.056 ms clock, 1.4+0.57/1.7/0+0.22 ms cpu, 3->4->1 MB, 4 MB goal, 0 MB stacks, 0 MB globals, 4 P
gc 3318 @50.623s 2%: 0.13+0.85+0.053 ms clock, 0.53+0.35/0.61/0+0.21 ms cpu, 3->3->1 MB, 4 MB goal, 0 MB stacks, 0 MB globals, 4 P
gc 3319 @50.627s 2%: 0.068+0.73+0.032 ms clock, 0.27+0.84/0.63/0+0.12 ms cpu, 3->3->1 MB, 4 MB goal, 0 MB stacks, 0 MB globals, 4 P
gc 3320 @50.632s 2%: 0.34+1.7+0.027 ms clock, 1.3+0.61/0.67/0+0.10 ms cpu, 3->3->1 MB, 4 MB goal, 0 MB stacks, 0 MB globals, 4 P
gc 3321 @50.638s 2%: 0.41+1.4+0.082 ms clock, 1.6+0.46/1.0/0+0.33 ms cpu, 3->3->1 MB, 4 MB goal, 0 MB stacks, 0 MB globals, 4 P
gc 3322 @50.643s 2%: 0.045+0.64+0.047 ms clock, 0.18+0.71/0.46/0+0.19 ms cpu, 3->3->1 MB, 4 MB goal, 0 MB stacks, 0 MB globals, 4 P
gc 3323 @50.648s 2%: 0.073+1.2+0.048 ms clock, 0.29+0.28/0.66/0+0.19 ms cpu, 3->3->1 MB, 4 MB goal, 0 MB stacks, 0 MB globals, 4 P
gc 3324 @50.653s 2%: 0.066+1.5+0.084 ms clock, 0.26+1.0/0.001/0+0.33 ms cpu, 3->3->1 MB, 4 MB goal, 0 MB stacks, 0 MB globals, 4 P
gc 3325 @50.658s 2%: 0.064+0.81+0.035 ms clock, 0.25+0.80/0.45/0+0.14 ms cpu, 3->3->1 MB, 4 MB goal, 0 MB stacks, 0 MB globals, 4 P
gc 3326 @50.663s 2%: 0.065+1.8+0.039 ms clock, 0.26+0.36/0.58/0+0.15 ms cpu, 3->3->1 MB, 4 MB goal, 0 MB stacks, 0 MB globals, 4 P
gc 3327 @50.668s 2%: 0.045+0.91+0.056 ms clock, 0.18+0.77/0.72/0+0.22 ms cpu, 3->3->1 MB, 4 MB goal, 0 MB stacks, 0 MB globals, 4 P
gc 3328 @50.673s 2%: 0.062+1.1+0.068 ms clock, 0.24+0.62/0.54/0+0.27 ms cpu, 3->3->1 MB, 4 MB goal, 0 MB stacks, 0 MB globals, 4 P
gc 3329 @50.678s 2%: 4.1+0.37+0.038 ms clock, 16+0.49/4.3/0+0.15 ms cpu, 3->3->1 MB, 4 MB goal, 0 MB stacks, 0 MB globals, 4 P
gc 3330 @50.684s 2%: 0.085+0.79+0.019 ms clock, 0.34+0.69/0.66/0+0.078 ms cpu, 3->3->1 MB, 4 MB goal, 0 MB stacks, 0 MB globals, 4 P
gc 3331 @50.689s 2%: 0.056+2.0+0.003 ms clock, 0.22+0.53/0.53/0+0.014 ms cpu, 3->3->1 MB, 4 MB goal, 0 MB stacks, 0 MB globals, 4 P
gc 3332 @50.694s 2%: 0.072+0.64+0.043 ms clock, 0.28+0.71/0.53/0+0.17 ms cpu, 3->3->1 MB, 4 MB goal, 0 MB stacks, 0 MB globals, 4 P
gc 3333 @50.699s 2%: 0.036+1.1+0.028 ms clock, 0.14+0.50/0.43/0+0.11 ms cpu, 3->3->1 MB, 4 MB goal, 0 MB stacks, 0 MB globals, 4 P
gc 3334 @50.704s 2%: 0.37+1.0+0.082 ms clock, 1.5+0.42/1.2/0+0.33 ms cpu, 3->3->1 MB, 4 MB goal, 0 MB stacks, 0 MB globals, 4 P
gc 3335 @50.709s 2%: 0.062+0.72+0.073 ms clock, 0.24+0.77/0.46/0.084+0.29 ms cpu, 3->3->1 MB, 4 MB goal, 0 MB stacks, 0 MB globals, 4 P
gc 3336 @50.714s 2%: 0.099+0.50+0.035 ms clock, 0.39+0.85/0.41/0+0.14 ms cpu, 3->3->0 MB, 4 MB goal, 0 MB stacks, 0 MB globals, 4 P
gc 3337 @50.719s 2%: 0.022+1.6+0.059 ms clock, 0.091+0.67/0.56/0+0.23 ms cpu, 3->3->1 MB, 4 MB goal, 0 MB stacks, 0 MB globals, 4 P
gc 3338 @50.724s 2%: 1.5+0.63+0.027 ms clock, 6.0+0.68/1.5/0+0.11 ms cpu, 3->4->1 MB, 4 MB goal, 0 MB stacks, 0 MB globals, 4 P
gc 3339 @50.729s 2%: 0.040+1.6+0.021 ms clock, 0.16+0.49/0.93/0+0.087 ms cpu, 3->3->1 MB, 4 MB goal, 0 MB stacks, 0 MB globals, 4 P
gc 3340 @50.734s 2%: 0.088+0.77+0.059 ms clock, 0.35+0.64/0.62/0+0.23 ms cpu, 3->3->1 MB, 4 MB goal, 0 MB stacks, 0 MB globals, 4 P
gc 3341 @50.739s 2%: 0.067+0.72+0.070 ms clock, 0.26+0.71/0.48/0+0.28 ms cpu, 3->3->1 MB, 4 MB goal, 0 MB stacks, 0 MB globals, 4 P
gc 3342 @50.744s 2%: 0.048+0.82+0.040 ms clock, 0.19+0.88/0.68/0+0.16 ms cpu, 3->3->1 MB, 4 MB goal, 0 MB stacks, 0 MB globals, 4 P
gc 3343 @50.749s 2%: 0.088+0.62+0.061 ms clock, 0.35+0.80/0.53/0+0.24 ms cpu, 3->3->1 MB, 4 MB goal, 0 MB stacks, 0 MB globals, 4 P
gc 3344 @50.754s 2%: 0.035+0.99+0.036 ms clock, 0.14+0.68/0.81/0.23+0.14 ms cpu, 3->3->1 MB, 4 MB goal, 0 MB stacks, 0 MB globals, 4 P
gc 3345 @50.759s 2%: 0.060+0.78+0.026 ms clock, 0.24+0.56/0.61/0+0.10 ms cpu, 3->3->1 MB, 4 MB goal, 0 MB stacks, 0 MB globals, 4 P
gc 3346 @50.764s 2%: 0.033+0.58+0.040 ms clock, 0.13+0.86/0.45/0+0.16 ms cpu, 3->3->1 MB, 4 MB goal, 0 MB stacks, 0 MB globals, 4 P
gc 3347 @50.769s 2%: 0.058+0.69+0.052 ms clock, 0.23+0.65/0.61/0+0.21 ms cpu, 3->3->1 MB, 4 MB goal, 0 MB stacks, 0 MB globals, 4 P
gc 3348 @50.774s 2%: 0.055+0.57+0.052 ms clock, 0.22+0.87/0.46/0+0.21 ms cpu, 3->3->1 MB, 4 MB goal, 0 MB stacks, 0 MB globals, 4 P
gc 3349 @50.779s 2%: 0.060+1.0+0.072 ms clock, 0.24+0.67/0.49/0+0.28 ms cpu, 3->3->1 MB, 4 MB goal, 0 MB stacks, 0 MB globals, 4 P
gc 3350 @50.784s 2%: 0.075+0.68+0.059 ms clock, 0.30+0.88/0.55/0+0.23 ms cpu, 3->3->1 MB, 4 MB goal, 0 MB stacks, 0 MB globals, 4 P
gc 3351 @50.789s 2%: 0.057+0.82+0.084 ms clock, 0.22+0.81/0.55/0+0.33 ms cpu, 3->3->1 MB, 4 MB goal, 0 MB stacks, 0 MB globals, 4 P
gc 3352 @50.794s 2%: 0.056+1.8+0.013 ms clock, 0.22+0.70/0.45/0+0.055 ms cpu, 3->3->1 MB, 4 MB goal, 0 MB stacks, 0 MB globals, 4 P
gc 3353 @50.799s 2%: 0.070+0.68+0.059 ms clock, 0.28+0.73/0.52/0+0.23 ms cpu, 3->3->1 MB, 4 MB goal, 0 MB stacks, 0 MB globals, 4 P
gc 3354 @50.804s 2%: 0.033+0.48+0.033 ms clock, 0.13+0.92/0.41/0+0.13 ms cpu, 3->3->1 MB, 4 MB goal, 0 MB stacks, 0 MB globals, 4 P
gc 3355 @50.809s 2%: 0.077+1.5+0.031 ms clock, 0.30+0.51/0.51/0+0.12 ms cpu, 3->3->1 MB, 4 MB goal, 0 MB stacks, 0 MB globals, 4 P
gc 3356 @50.814s 2%: 0.093+1.7+0.020 ms clock, 0.37+0.89/0.46/0+0.080 ms cpu, 3->3->1 MB, 4 MB goal, 0 MB stacks, 0 MB globals, 4 P
gc 3357 @50.819s 2%: 0.047+0.53+0.041 ms clock, 0.18+0.72/0.44/0+0.16 ms cpu, 3->3->1 MB, 4 MB goal, 0 MB stacks, 0 MB globals, 4 P
gc 3358 @50.824s 2%: 1.9+0.17+0.022 ms clock, 7.9+0.83/1.9/0+0.088 ms cpu, 3->3->1 MB, 4 MB goal, 0 MB stacks, 0 MB globals, 4 P
gc 3359 @50.829s 2%: 0.26+1.4+0.024 ms clock, 1.0+0.62/1.2/0+0.098 ms cpu, 3->3->1 MB, 4 MB goal, 0 MB stacks, 0 MB globals, 4 P
gc 3360 @50.834s 2%: 0.067+0.65+0.026 ms clock, 0.27+0.75/0.56/0+0.10 ms cpu, 3->3->1 MB, 4 MB goal, 0 MB stacks, 0 MB globals, 4 P
gc 3361 @50.839s 2%: 0.079+0.54+0.032 ms clock, 0.31+0.88/0.46/0+0.13 ms cpu, 3->3->1 MB, 4 MB goal, 0 MB stacks, 0 MB globals, 4 P
gc 3362 @50.844s 2%: 0.081+0.86+0.024 ms clock, 0.32+0.73/0.66/0+0.096 ms cpu, 3->3->1 MB, 4 MB goal, 0 MB stacks, 0 MB globals, 4 P
gc 3363 @50.849s 2%: 0.047+0.67+0.024 ms clock, 0.19+0.86/0.57/0+0.098 ms cpu, 3->3->1 MB, 4 MB goal, 0 MB stacks, 0 MB globals, 4 P
gc 3364 @50.854s 2%: 0.059+0.59+0.019 ms clock, 0.23+0.65/0.46/0+0.076 ms cpu, 3->3->1 MB, 4 MB goal, 0 MB stacks, 0 MB globals, 4 P
gc 3365 @50.859s 2%: 0.021+0.85+0.020 ms clock, 0.084+0.49/0.44/0+0.080 ms cpu, 3->3->1 MB, 4 MB goal, 0 MB stacks, 0 MB globals, 4 P
gc 3366 @50.864s 2%: 0.070+0.73+0.031 ms clock, 0.28+0.80/0.59/0+0.12 ms cpu, 3->3->1 MB, 4 MB goal, 0 MB stacks, 0 MB globals, 4 P
gc 3367 @50.869s 2%: 0.048+0.62+0.043 ms clock, 0.19+0.91/0.46/0+0.17 ms cpu, 3->3->1 MB, 4 MB goal, 0 MB stacks, 0 MB globals, 4 P
gc 3368 @50.874s 2%: 0.078+0.70+0.053 ms clock, 0.31+0.80/0.57/0+0.21 ms cpu, 3->3->1 MB, 4 MB goal, 0 MB stacks, 0 MB globals, 4 P
gc 3369 @50.879s 2%: 0.050+0.51+0.027 ms clock, 0.20+0.80/0.41/0+0.10 ms cpu, 3->3->1 MB, 4 MB goal, 0 MB stacks, 0 MB globals, 4 P
gc 3370 @50.884s 2%: 0.080+0.57+0.085 ms clock, 0.32+0.88/0.45/0+0.34 ms cpu, 3->3->1 MB, 4 MB goal, 0 MB stacks, 0 MB globals, 4 P
gc 3371 @50.888s 2%: 0.074+2.2+0.059 ms clock, 0.29+0.77/0.75/0+0.23 ms cpu, 3->3->1 MB, 4 MB goal, 0 MB stacks, 0 MB globals, 4 P
gc 3372 @50.893s 2%: 0.096+0.64+0.033 ms clock, 0.38+0.62/0.55/0+0.13 ms cpu, 3->3->1 MB, 4 MB goal, 0 MB stacks, 0 MB globals, 4 P
gc 3373 @50.898s 2%: 0.079+0.68+0.050 ms clock, 0.31+0.70/0.48/0+0.20 ms cpu, 3->3->1 MB, 4 MB goal, 0 MB stacks, 0 MB globals, 4 P
gc 3374 @50.903s 2%: 0.098+0.54+0.025 ms clock, 0.39+0.85/0.45/0+0.10 ms cpu, 3->3->1 MB, 4 MB goal, 0 MB stacks, 0 MB globals, 4 P
gc 3375 @50.908s 2%: 0.11+0.52+0.042 ms clock, 0.46+0.73/0.49/0+0.17 ms cpu, 3->3->1 MB, 4 MB goal, 0 MB stacks, 0 MB globals, 4 P
gc 3376 @50.913s 2%: 0.068+0.63+0.020 ms clock, 0.27+0.50/0.50/0+0.081 ms cpu, 3->3->1 MB, 4 MB goal, 0 MB stacks, 0 MB globals, 4 P
gc 3377 @50.918s 2%: 0.061+1.1+0.034 ms clock, 0.24+0.80/0.48/0+0.13 ms cpu, 3->3->1 MB, 4 MB goal, 0 MB stacks, 0 MB globals, 4 P
gc 3378 @50.923s 2%: 0.11+0.86+0.063 ms clock, 0.46+0.67/0.67/0+0.25 ms cpu, 3->3->1 MB, 4 MB goal, 0 MB stacks, 0 MB globals, 4 P
gc 3379 @50.928s 2%: 0.058+1.3+0.047 ms clock, 0.23+0.76/0.48/0+0.19 ms cpu, 3->3->1 MB, 4 MB goal, 0 MB stacks, 0 MB globals, 4 P
gc 3380 @50.933s 2%: 0.078+0.66+0.023 ms clock, 0.31+0.65/0.54/0+0.094 ms cpu, 3->3->1 MB, 4 MB goal, 0 MB stacks, 0 MB globals, 4 P
gc 3381 @50.938s 2%: 0.087+0.68+0.035 ms clock, 0.34+0.63/0.56/0+0.14 ms cpu, 3->3->1 MB, 4 MB goal, 0 MB stacks, 0 MB globals, 4 P
gc 3382 @50.943s 2%: 0.062+1.4+0.032 ms clock, 0.24+0.33/0.75/0+0.12 ms cpu, 3->3->1 MB, 4 MB goal, 0 MB stacks, 0 MB globals, 4 P
gc 3383 @50.948s 2%: 0.053+1.7+0.084 ms clock, 0.21+0.75/1.5/0+0.33 ms cpu, 3->3->1 MB, 4 MB goal, 0 MB stacks, 0 MB globals, 4 P
gc 3384 @50.953s 2%: 0.052+0.60+0.037 ms clock, 0.20+0.92/0.41/0+0.15 ms cpu, 3->3->1 MB, 4 MB goal, 0 MB stacks, 0 MB globals, 4 P
gc 3385 @50.958s 2%: 0.10+0.71+0.050 ms clock, 0.40+0.65/0.61/0+0.20 ms cpu, 3->3->1 MB, 4 MB goal, 0 MB stacks, 0 MB globals, 4 P
gc 3386 @50.963s 2%: 0.076+1.6+0.034 ms clock, 0.30+0.37/0.55/0+0.13 ms cpu, 3->3->1 MB, 4 MB goal, 0 MB stacks, 0 MB globals, 4 P
gc 3387 @50.968s 2%: 0.081+1.2+0.083 ms clock, 0.32+0.62/0.56/0+0.33 ms cpu, 3->3->1 MB, 4 MB goal, 0 MB stacks, 0 MB globals, 4 P
gc 3388 @50.973s 2%: 0.10+0.66+0.021 ms clock, 0.40+0.41/0.58/0+0.087 ms cpu, 3->3->1 MB, 4 MB goal, 0 MB stacks, 0 MB globals, 4 P
gc 3389 @50.978s 2%: 0.065+0.89+0.068 ms clock, 0.26+0.97/0.69/0+0.27 ms cpu, 3->3->1 MB, 4 MB goal, 0 MB stacks, 0 MB globals, 4 P
gc 3390 @50.983s 2%: 0.078+1.3+0.031 ms clock, 0.31+1.1/0.045/0+0.12 ms cpu, 3->3->1 MB, 4 MB goal, 0 MB stacks, 0 MB globals, 4 P
gc 3391 @50.988s 2%: 0.055+0.57+0.066 ms clock, 0.22+0.81/0.48/0+0.26 ms cpu, 3->3->1 MB, 4 MB goal, 0 MB stacks, 0 MB globals, 4 P
gc 3392 @50.994s 2%: 0.086+0.95+0.039 ms clock, 0.34+0.73/0.62/0+0.15 ms cpu, 3->3->1 MB, 4 MB goal, 0 MB stacks, 0 MB globals, 4 P
gc 3393 @50.998s 2%: 0.27+0.99+0.056 ms clock, 1.0+0.39/0.56/0+0.22 ms cpu, 3->3->1 MB, 4 MB goal, 0 MB stacks, 0 MB globals, 4 P
gc 3394 @51.003s 2%: 0.10+1.4+0.041 ms clock, 0.43+0.30/0.73/0+0.16 ms cpu, 3->3->1 MB, 4 MB goal, 0 MB stacks, 0 MB globals, 4 P
gc 3395 @51.008s 2%: 0.090+1.0+0.038 ms clock, 0.36+0.45/0.55/0+0.15 ms cpu, 3->3->1 MB, 4 MB goal, 0 MB stacks, 0 MB globals, 4 P
gc 3396 @51.013s 2%: 0.058+1.8+0.065 ms clock, 0.23+0.81/0.56/0+0.26 ms cpu, 3->3->1 MB, 4 MB goal, 0 MB stacks, 0 MB globals, 4 P
gc 3397 @51.019s 2%: 0.32+1.4+0.029 ms clock, 1.3+0.43/0.90/0+0.11 ms cpu, 3->3->1 MB, 4 MB goal, 0 MB stacks, 0 MB globals, 4 P
gc 3398 @51.024s 2%: 0.073+0.57+0.027 ms clock, 0.29+0.78/0.48/0+0.11 ms cpu, 3->3->1 MB, 4 MB goal, 0 MB stacks, 0 MB globals, 4 P
gc 3399 @51.029s 2%: 0.44+1.3+0.071 ms clock, 1.7+0.39/1.3/0+0.28 ms cpu, 3->3->1 MB, 4 MB goal, 0 MB stacks, 0 MB globals, 4 P
gc 3400 @51.034s 2%: 0.064+1.3+0.017 ms clock, 0.25+0.95/0.84/0+0.069 ms cpu, 3->3->1 MB, 4 MB goal, 0 MB stacks, 0 MB globals, 4 P
gc 3401 @51.039s 2%: 0.072+0.66+0.063 ms clock, 0.28+0.63/0.59/0+0.25 ms cpu, 3->3->1 MB, 4 MB goal, 0 MB stacks, 0 MB globals, 4 P
gc 3402 @51.044s 2%: 0.058+0.64+0.027 ms clock, 0.23+0.98/0.062/0+0.11 ms cpu, 3->3->1 MB, 4 MB goal, 0 MB stacks, 0 MB globals, 4 P
gc 3403 @51.048s 2%: 0.061+0.98+0.027 ms clock, 0.24+0.98/0.022/0+0.10 ms cpu, 3->3->1 MB, 4 MB goal, 0 MB stacks, 0 MB globals, 4 P
gc 3404 @51.053s 2%: 0.028+0.53+0.056 ms clock, 0.11+0.82/0.45/0+0.22 ms cpu, 3->3->1 MB, 4 MB goal, 0 MB stacks, 0 MB globals, 4 P
gc 3405 @51.058s 2%: 0.049+1.5+0.030 ms clock, 0.19+0.52/0.67/0+0.12 ms cpu, 3->3->1 MB, 4 MB goal, 0 MB stacks, 0 MB globals, 4 P
gc 3406 @51.063s 2%: 0.051+0.72+0.082 ms clock, 0.20+0.56/0.59/0+0.33 ms cpu, 3->3->1 MB, 4 MB goal, 0 MB stacks, 0 MB globals, 4 P
gc 3407 @51.068s 2%: 0.078+1.1+0.077 ms clock, 0.31+0.46/0.57/0+0.31 ms cpu, 3->3->1 MB, 4 MB goal, 0 MB stacks, 0 MB globals, 4 P
gc 3408 @51.073s 2%: 0.054+0.66+0.041 ms clock, 0.21+0.65/0.51/0+0.16 ms cpu, 3->3->1 MB, 4 MB goal, 0 MB stacks, 0 MB globals, 4 P
gc 3409 @51.078s 2%: 0.073+0.82+0.035 ms clock, 0.29+0.61/0.72/0+0.14 ms cpu, 3->3->1 MB, 4 MB goal, 0 MB stacks, 0 MB globals, 4 P
gc 3410 @51.083s 2%: 0.094+1.3+0.032 ms clock, 0.37+1.0/0.14/0+0.13 ms cpu, 3->3->1 MB, 4 MB goal, 0 MB stacks, 0 MB globals, 4 P
gc 3411 @51.089s 2%: 0.078+1.0+0.020 ms clock, 0.31+0.59/0.76/0+0.080 ms cpu, 3->3->1 MB, 4 MB goal, 0 MB stacks, 0 MB globals, 4 P
gc 3412 @51.094s 2%: 0.12+1.2+0.033 ms clock, 0.48+0.53/0.52/0+0.13 ms cpu, 3->3->1 MB, 4 MB goal, 0 MB stacks, 0 MB globals, 4 P
gc 3413 @51.099s 2%: 0.046+0.62+0.052 ms clock, 0.18+0.82/0.45/0+0.20 ms cpu, 3->3->1 MB, 4 MB goal, 0 MB stacks, 0 MB globals, 4 P
gc 3414 @51.104s 2%: 0.077+1.8+0.015 ms clock, 0.30+0.45/0.56/0+0.060 ms cpu, 3->3->1 MB, 4 MB goal, 0 MB stacks, 0 MB globals, 4 P
gc 3415 @51.109s 2%: 0.043+1.0+0.054 ms clock, 0.17+0.59/0.49/0+0.21 ms cpu, 3->3->1 MB, 4 MB goal, 0 MB stacks, 0 MB globals, 4 P
gc 3416 @51.115s 2%: 0.050+1.1+0.004 ms clock, 0.20+1.0/0.078/0+0.019 ms cpu, 3->3->1 MB, 4 MB goal, 0 MB stacks, 0 MB globals, 4 P
gc 3417 @51.119s 2%: 0.081+1.7+0.082 ms clock, 0.32+0.51/0.80/0+0.32 ms cpu, 3->3->1 MB, 4 MB goal, 0 MB stacks, 0 MB globals, 4 P
gc 3418 @51.124s 2%: 0.28+0.75+0.035 ms clock, 1.1+0.43/0.91/0.001+0.14 ms cpu, 3->3->1 MB, 4 MB goal, 0 MB stacks, 0 MB globals, 4 P
gc 3419 @51.129s 2%: 0.067+1.7+0.023 ms clock, 0.26+0.53/0.72/0+0.095 ms cpu, 3->3->1 MB, 4 MB goal, 0 MB stacks, 0 MB globals, 4 P
gc 3420 @51.135s 2%: 0.061+2.1+0.058 ms clock, 0.24+0.61/0.51/0+0.23 ms cpu, 3->3->1 MB, 4 MB goal, 0 MB stacks, 0 MB globals, 4 P
gc 3421 @51.140s 2%: 0.049+0.93+0.039 ms clock, 0.19+0.87/0.42/0+0.15 ms cpu, 3->3->1 MB, 4 MB goal, 0 MB stacks, 0 MB globals, 4 P
gc 3422 @51.145s 2%: 0.099+1.5+0.022 ms clock, 0.39+0.88/0.53/0+0.088 ms cpu, 3->3->1 MB, 4 MB goal, 0 MB stacks, 0 MB globals, 4 P
gc 3423 @51.150s 2%: 0.073+0.64+0.049 ms clock, 0.29+0.54/0.52/0+0.19 ms cpu, 3->3->1 MB, 4 MB goal, 0 MB stacks, 0 MB globals, 4 P
gc 3424 @51.155s 2%: 0.090+1.2+0.031 ms clock, 0.36+0.48/0.68/0+0.12 ms cpu, 3->3->1 MB, 4 MB goal, 0 MB stacks, 0 MB globals, 4 P
gc 3425 @51.160s 2%: 0.096+1.2+0.004 ms clock, 0.38+0.53/0.55/0+0.017 ms cpu, 3->3->1 MB, 4 MB goal, 0 MB stacks, 0 MB globals, 4 P
gc 3426 @51.165s 2%: 0.049+0.85+0.085 ms clock, 0.19+0.38/0.46/0+0.34 ms cpu, 3->3->1 MB, 4 MB goal, 0 MB stacks, 0 MB globals, 4 P
gc 3427 @51.170s 2%: 0.051+1.0+0.051 ms clock, 0.20+1.3/0.47/0+0.20 ms cpu, 3->3->1 MB, 4 MB goal, 0 MB stacks, 0 MB globals, 4 P
gc 3428 @51.175s 2%: 0.044+0.73+0.040 ms clock, 0.17+0.79/0.56/0+0.16 ms cpu, 3->3->1 MB, 4 MB goal, 0 MB stacks, 0 MB globals, 4 P
gc 3429 @51.180s 2%: 0.040+1.2+0.036 ms clock, 0.16+0.49/0.80/0+0.14 ms cpu, 3->3->1 MB, 4 MB goal, 0 MB stacks, 0 MB globals, 4 P
gc 3430 @51.185s 2%: 0.10+1.6+0.057 ms clock, 0.41+0.87/0.51/0+0.22 ms cpu, 3->3->1 MB, 4 MB goal, 0 MB stacks, 0 MB globals, 4 P
gc 3431 @51.190s 2%: 0.26+1.8+0.009 ms clock, 1.0+0.61/1.1/0+0.036 ms cpu, 3->3->1 MB, 4 MB goal, 0 MB stacks, 0 MB globals, 4 P
gc 3432 @51.195s 2%: 0.032+1.5+0.041 ms clock, 0.12+1.6/0.53/0+0.16 ms cpu, 3->3->1 MB, 4 MB goal, 0 MB stacks, 0 MB globals, 4 P
gc 3433 @51.200s 2%: 0.031+1.4+0.060 ms clock, 0.12+1.0/0.001/0+0.24 ms cpu, 3->3->1 MB, 4 MB goal, 0 MB stacks, 0 MB globals, 4 P
gc 3434 @51.205s 2%: 0.062+0.51+0.028 ms clock, 0.24+0.69/0.44/0+0.11 ms cpu, 3->3->1 MB, 4 MB goal, 0 MB stacks, 0 MB globals, 4 P
gc 3435 @51.210s 2%: 0.060+1.3+0.003 ms clock, 0.24+0.51/0.83/0+0.012 ms cpu, 3->3->1 MB, 4 MB goal, 0 MB stacks, 0 MB globals, 4 P
gc 3436 @51.215s 2%: 0.059+1.6+0.078 ms clock, 0.23+0.72/0.38/0+0.31 ms cpu, 3->3->1 MB, 4 MB goal, 0 MB stacks, 0 MB globals, 4 P
gc 3437 @51.221s 2%: 0.072+0.72+0.067 ms clock, 0.29+0.88/0.59/0+0.27 ms cpu, 3->3->1 MB, 4 MB goal, 0 MB stacks, 0 MB globals, 4 P
gc 3438 @51.225s 2%: 0.051+1.4+0.007 ms clock, 0.20+0.72/0.59/0+0.028 ms cpu, 3->3->1 MB, 4 MB goal, 0 MB stacks, 0 MB globals, 4 P
gc 3439 @51.231s 2%: 0.35+1.6+0.035 ms clock, 1.4+0.48/1.1/0.079+0.14 ms cpu, 3->4->1 MB, 4 MB goal, 0 MB stacks, 0 MB globals, 4 P
gc 3440 @51.236s 2%: 0.077+0.94+0.065 ms clock, 0.31+0.54/0.51/0+0.26 ms cpu, 3->3->1 MB, 4 MB goal, 0 MB stacks, 0 MB globals, 4 P
gc 3441 @51.241s 2%: 0.060+1.2+0.022 ms clock, 0.24+0.47/0.85/0+0.088 ms cpu, 3->3->1 MB, 4 MB goal, 0 MB stacks, 0 MB globals, 4 P
gc 3442 @51.246s 2%: 0.049+1.6+0.059 ms clock, 0.19+0.47/0.54/0+0.23 ms cpu, 3->3->1 MB, 4 MB goal, 0 MB stacks, 0 MB globals, 4 P
gc 3443 @51.251s 2%: 0.94+1.0+0.016 ms clock, 3.7+0.46/1.0/0+0.067 ms cpu, 3->3->1 MB, 4 MB goal, 0 MB stacks, 0 MB globals, 4 P
gc 3444 @51.256s 2%: 0.042+2.4+0.057 ms clock, 0.16+0.59/0.54/0+0.22 ms cpu, 3->3->1 MB, 4 MB goal, 0 MB stacks, 0 MB globals, 4 P
gc 3445 @51.262s 2%: 0.078+0.61+0.067 ms clock, 0.31+0.89/0.48/0+0.26 ms cpu, 3->3->1 MB, 4 MB goal, 0 MB stacks, 0 MB globals, 4 P
gc 3446 @51.267s 2%: 0.043+1.2+0.061 ms clock, 0.17+0.58/0.75/0+0.24 ms cpu, 3->3->1 MB, 4 MB goal, 0 MB stacks, 0 MB globals, 4 P
gc 3447 @51.272s 2%: 0.072+1.4+0.036 ms clock, 0.29+0.57/0.50/0+0.14 ms cpu, 3->3->1 MB, 4 MB goal, 0 MB stacks, 0 MB globals, 4 P
gc 3448 @51.277s 2%: 0.056+1.1+0.075 ms clock, 0.22+0.55/0.53/0+0.30 ms cpu, 3->3->1 MB, 4 MB goal, 0 MB stacks, 0 MB globals, 4 P
gc 3449 @51.282s 2%: 0.11+0.71+0.083 ms clock, 0.44+0.67/0.45/0+0.33 ms cpu, 3->3->1 MB, 4 MB goal, 0 MB stacks, 0 MB globals, 4 P
gc 3450 @51.287s 2%: 0.10+1.3+0.004 ms clock, 0.41+0.77/0.46/0+0.016 ms cpu, 3->3->1 MB, 4 MB goal, 0 MB stacks, 0 MB globals, 4 P
gc 3451 @51.292s 2%: 0.089+0.82+0.032 ms clock, 0.35+0.64/0.67/0+0.13 ms cpu, 3->3->1 MB, 4 MB goal, 0 MB stacks, 0 MB globals, 4 P
gc 3452 @51.297s 2%: 0.061+1.4+0.085 ms clock, 0.24+0.96/0.17/0+0.34 ms cpu, 3->3->1 MB, 4 MB goal, 0 MB stacks, 0 MB globals, 4 P
gc 3453 @51.302s 2%: 0.047+0.70+0.022 ms clock, 0.18+0.87/0.54/0+0.090 ms cpu, 3->3->1 MB, 4 MB goal, 0 MB stacks, 0 MB globals, 4 P
gc 3454 @51.307s 2%: 0.074+0.68+0.084 ms clock, 0.29+0.71/0.44/0+0.33 ms cpu, 3->3->1 MB, 4 MB goal, 0 MB stacks, 0 MB globals, 4 P
gc 3455 @51.312s 2%: 0.060+1.6+0.033 ms clock, 0.24+0.49/0.53/0+0.13 ms cpu, 3->3->1 MB, 4 MB goal, 0 MB stacks, 0 MB globals, 4 P
gc 3456 @51.317s 2%: 0.31+0.81+0.022 ms clock, 1.2+0.38/0.98/0+0.090 ms cpu, 3->3->1 MB, 4 MB goal, 0 MB stacks, 0 MB globals, 4 P
gc 3457 @51.322s 2%: 0.087+0.72+0.022 ms clock, 0.34+0.56/0.61/0+0.089 ms cpu, 3->3->1 MB, 4 MB goal, 0 MB stacks, 0 MB globals, 4 P
gc 3458 @51.326s 2%: 0.054+0.64+0.055 ms clock, 0.21+0.75/0.50/0+0.22 ms cpu, 3->3->1 MB, 4 MB goal, 0 MB stacks, 0 MB globals, 4 P
gc 3459 @51.332s 2%: 0.036+2.1+0.087 ms clock, 0.14+0.66/1.7/0+0.35 ms cpu, 3->3->1 MB, 4 MB goal, 0 MB stacks, 0 MB globals, 4 P
gc 3460 @51.337s 2%: 1.3+0.33+0.045 ms clock, 5.4+0.66/1.4/0+0.18 ms cpu, 3->3->1 MB, 4 MB goal, 0 MB stacks, 0 MB globals, 4 P
gc 3461 @51.342s 2%: 0.091+1.9+0.005 ms clock, 0.36+0.53/0.59/0+0.021 ms cpu, 3->3->1 MB, 4 MB goal, 0 MB stacks, 0 MB globals, 4 P
gc 3462 @51.347s 2%: 0.10+0.87+0.011 ms clock, 0.42+0.54/0.50/0+0.047 ms cpu, 3->3->1 MB, 4 MB goal, 0 MB stacks, 0 MB globals, 4 P
gc 3463 @51.352s 2%: 0.071+1.7+0.081 ms clock, 0.28+0.35/0.65/0+0.32 ms cpu, 3->3->1 MB, 4 MB goal, 0 MB stacks, 0 MB globals, 4 P
gc 3464 @51.357s 2%: 0.098+1.3+0.003 ms clock, 0.39+0.25/0.66/0+0.014 ms cpu, 3->3->1 MB, 4 MB goal, 0 MB stacks, 0 MB globals, 4 P
gc 3465 @51.362s 2%: 0.066+0.67+0.026 ms clock, 0.26+0.75/0.55/0+0.10 ms cpu, 3->3->1 MB, 4 MB goal, 0 MB stacks, 0 MB globals, 4 P
gc 3466 @51.367s 2%: 0.052+1.6+0.036 ms clock, 0.21+0.50/0.43/0+0.14 ms cpu, 3->3->1 MB, 4 MB goal, 0 MB stacks, 0 MB globals, 4 P
gc 3467 @51.372s 2%: 0.057+0.99+0.022 ms clock, 0.22+1.1/0.53/0+0.088 ms cpu, 3->3->1 MB, 4 MB goal, 0 MB stacks, 0 MB globals, 4 P
gc 3468 @51.377s 2%: 0.088+1.9+0.038 ms clock, 0.35+0.56/0.63/0+0.15 ms cpu, 3->3->1 MB, 4 MB goal, 0 MB stacks, 0 MB globals, 4 P
gc 3469 @51.382s 2%: 0.093+0.72+0.029 ms clock, 0.37+0.54/0.58/0+0.11 ms cpu, 3->3->1 MB, 4 MB goal, 0 MB stacks, 0 MB globals, 4 P
gc 3470 @51.387s 2%: 0.051+1.4+0.075 ms clock, 0.20+0.78/0.61/0+0.30 ms cpu, 3->3->1 MB, 4 MB goal, 0 MB stacks, 0 MB globals, 4 P
gc 3471 @51.392s 2%: 0.086+1.9+0.089 ms clock, 0.34+0.50/0.78/0+0.35 ms cpu, 3->3->1 MB, 4 MB goal, 0 MB stacks, 0 MB globals, 4 P
gc 3472 @51.398s 2%: 0.047+0.62+0.048 ms clock, 0.18+0.92/0.52/0+0.19 ms cpu, 3->3->1 MB, 4 MB goal, 0 MB stacks, 0 MB globals, 4 P
gc 3473 @51.403s 2%: 0.049+0.61+0.027 ms clock, 0.19+0.64/0.48/0+0.10 ms cpu, 3->3->1 MB, 4 MB goal, 0 MB stacks, 0 MB globals, 4 P
gc 3474 @51.408s 2%: 0.32+1.4+0.026 ms clock, 1.3+0.63/1.6/0+0.10 ms cpu, 3->3->1 MB, 4 MB goal, 0 MB stacks, 0 MB globals, 4 P
gc 3475 @51.413s 2%: 0.16+1.5+0.092 ms clock, 0.67+0.43/0.78/0+0.36 ms cpu, 3->3->1 MB, 4 MB goal, 0 MB stacks, 0 MB globals, 4 P
gc 3476 @51.418s 2%: 0.082+2.3+0.037 ms clock, 0.32+0.77/0.45/0+0.14 ms cpu, 3->3->1 MB, 4 MB goal, 0 MB stacks, 0 MB globals, 4 P
gc 3477 @51.423s 2%: 0.080+1.2+0.006 ms clock, 0.32+0.36/0.74/0+0.024 ms cpu, 3->3->1 MB, 4 MB goal, 0 MB stacks, 0 MB globals, 4 P
gc 3478 @51.428s 2%: 0.090+1.7+0.010 ms clock, 0.36+0.45/0.55/0+0.041 ms cpu, 3->3->1 MB, 4 MB goal, 0 MB stacks, 0 MB globals, 4 P
gc 3479 @51.434s 2%: 0.092+0.89+0.044 ms clock, 0.37+1.0/0.78/0+0.17 ms cpu, 3->3->1 MB, 4 MB goal, 0 MB stacks, 0 MB globals, 4 P
gc 3480 @51.438s 2%: 0.11+1.3+0.034 ms clock, 0.44+0.99/0.98/0+0.13 ms cpu, 3->3->1 MB, 4 MB goal, 0 MB stacks, 0 MB globals, 4 P
gc 3481 @51.444s 2%: 0.37+1.5+0.017 ms clock, 1.4+0.60/1.1/0.011+0.069 ms cpu, 3->3->1 MB, 4 MB goal, 0 MB stacks, 0 MB globals, 4 P
gc 3482 @51.449s 2%: 0.077+1.0+0.027 ms clock, 0.31+0.75/0.16/0+0.11 ms cpu, 3->3->1 MB, 4 MB goal, 0 MB stacks, 0 MB globals, 4 P
gc 3483 @51.454s 2%: 0.064+0.54+0.047 ms clock, 0.25+0.72/0.48/0+0.19 ms cpu, 3->3->1 MB, 4 MB goal, 0 MB stacks, 0 MB globals, 4 P
gc 3484 @51.459s 2%: 0.074+1.5+0.023 ms clock, 0.29+0.23/0.71/0+0.092 ms cpu, 3->3->1 MB, 4 MB goal, 0 MB stacks, 0 MB globals, 4 P
gc 3485 @51.464s 2%: 2.0+0.37+0.056 ms clock, 8.1+0.52/2.1/0+0.22 ms cpu, 3->3->1 MB, 4 MB goal, 0 MB stacks, 0 MB globals, 4 P
gc 3486 @51.469s 2%: 0.066+0.65+0.036 ms clock, 0.26+0.73/0.50/0+0.14 ms cpu, 3->3->1 MB, 4 MB goal, 0 MB stacks, 0 MB globals, 4 P
gc 3487 @51.474s 2%: 0.058+0.66+0.020 ms clock, 0.23+0.96/0.52/0+0.083 ms cpu, 3->3->1 MB, 4 MB goal, 0 MB stacks, 0 MB globals, 4 P
gc 3488 @51.479s 2%: 0.097+0.70+0.027 ms clock, 0.38+0.36/0.62/0+0.11 ms cpu, 3->3->1 MB, 4 MB goal, 0 MB stacks, 0 MB globals, 4 P
gc 3489 @51.484s 2%: 0.063+1.4+0.034 ms clock, 0.25+0.79/0.40/0+0.13 ms cpu, 3->3->1 MB, 4 MB goal, 0 MB stacks, 0 MB globals, 4 P
gc 3490 @51.489s 2%: 1.1+0.79+0.007 ms clock, 4.4+0.54/1.2/0+0.031 ms cpu, 3->3->1 MB, 4 MB goal, 0 MB stacks, 0 MB globals, 4 P
gc 3491 @51.494s 2%: 0.095+2.0+0.070 ms clock, 0.38+0.49/0.67/0+0.28 ms cpu, 3->3->1 MB, 4 MB goal, 0 MB stacks, 0 MB globals, 4 P
gc 3492 @51.499s 2%: 0.048+0.61+0.055 ms clock, 0.19+0.85/0.52/0+0.22 ms cpu, 3->3->1 MB, 4 MB goal, 0 MB stacks, 0 MB globals, 4 P
gc 3493 @51.504s 2%: 0.068+0.63+0.055 ms clock, 0.27+0.79/0.49/0+0.22 ms cpu, 3->3->1 MB, 4 MB goal, 0 MB stacks, 0 MB globals, 4 P
gc 3494 @51.509s 2%: 0.096+0.62+0.035 ms clock, 0.38+0.65/0.55/0+0.14 ms cpu, 3->3->1 MB, 4 MB goal, 0 MB stacks, 0 MB globals, 4 P
gc 3495 @51.514s 2%: 1.9+0.47+0.030 ms clock, 7.7+0.57/2.0/0.15+0.12 ms cpu, 3->3->1 MB, 4 MB goal, 0 MB stacks, 0 MB globals, 4 P
gc 3496 @51.520s 2%: 0.039+1.7+0.024 ms clock, 0.15+0.85/1.0/0.25+0.098 ms cpu, 3->4->1 MB, 4 MB goal, 0 MB stacks, 0 MB globals, 4 P
gc 3497 @51.525s 2%: 1.2+0.33+0.042 ms clock, 4.9+0.63/1.3/0+0.16 ms cpu, 3->3->1 MB, 4 MB goal, 0 MB stacks, 0 MB globals, 4 P
gc 3498 @51.530s 2%: 0.082+0.88+0.055 ms clock, 0.32+0.36/0.72/0+0.22 ms cpu, 3->3->1 MB, 4 MB goal, 0 MB stacks, 0 MB globals, 4 P
gc 3499 @51.535s 2%: 0.033+1.5+0.015 ms clock, 0.13+0.57/0.50/0+0.063 ms cpu, 3->3->1 MB, 4 MB goal, 0 MB stacks, 0 MB globals, 4 P
gc 3500 @51.540s 2%: 0.051+0.85+0.003 ms clock, 0.20+1.1/0.001/0+0.014 ms cpu, 3->3->1 MB, 4 MB goal, 0 MB stacks, 0 MB globals, 4 P
gc 3501 @51.545s 2%: 0.36+0.73+0.033 ms clock, 1.4+0.22/0.97/0+0.13 ms cpu, 3->3->1 MB, 4 MB goal, 0 MB stacks, 0 MB globals, 4 P
gc 3502 @51.550s 2%: 0.12+1.1+0.053 ms clock, 0.48+0.54/1.0/0+0.21 ms cpu, 3->3->1 MB, 4 MB goal, 0 MB stacks, 0 MB globals, 4 P
gc 3503 @51.555s 2%: 0.065+1.6+0.008 ms clock, 0.26+0.38/0.55/0+0.035 ms cpu, 3->3->1 MB, 4 MB goal, 0 MB stacks, 0 MB globals, 4 P
gc 3504 @51.560s 2%: 0.060+0.95+0.028 ms clock, 0.24+0.62/0.57/0+0.11 ms cpu, 3->3->1 MB, 4 MB goal, 0 MB stacks, 0 MB globals, 4 P
gc 3505 @51.565s 2%: 0.35+0.73+0.073 ms clock, 1.4+0.23/0.90/0+0.29 ms cpu, 3->3->1 MB, 4 MB goal, 0 MB stacks, 0 MB globals, 4 P
gc 3506 @51.570s 2%: 0.020+0.62+0.040 ms clock, 0.083+0.82/0.47/0+0.16 ms cpu, 3->3->1 MB, 4 MB goal, 0 MB stacks, 0 MB globals, 4 P
gc 3507 @51.575s 2%: 3.4+0.53+0.020 ms clock, 13+0.64/3.4/0+0.080 ms cpu, 3->4->1 MB, 4 MB goal, 0 MB stacks, 0 MB globals, 4 P
gc 3508 @51.581s 2%: 0.058+1.7+0.047 ms clock, 0.23+0.99/0.20/0+0.18 ms cpu, 3->4->1 MB, 4 MB goal, 0 MB stacks, 0 MB globals, 4 P
gc 3509 @51.586s 2%: 0.31+0.81+0.082 ms clock, 1.2+0.41/0.98/0+0.33 ms cpu, 3->3->1 MB, 4 MB goal, 0 MB stacks, 0 MB globals, 4 P
gc 3510 @51.591s 2%: 0.092+0.66+0.044 ms clock, 0.37+0.66/0.56/0+0.17 ms cpu, 3->3->1 MB, 4 MB goal, 0 MB stacks, 0 MB globals, 4 P
gc 3511 @51.595s 2%: 0.074+0.62+0.012 ms clock, 0.29+0.72/0.53/0+0.051 ms cpu, 3->3->1 MB, 4 MB goal, 0 MB stacks, 0 MB globals, 4 P
gc 3512 @51.600s 2%: 0.071+0.54+0.048 ms clock, 0.28+0.65/0.48/0.11+0.19 ms cpu, 3->3->1 MB, 4 MB goal, 0 MB stacks, 0 MB globals, 4 P
gc 3513 @51.605s 2%: 0.083+2.2+0.027 ms clock, 0.33+1.1/0.89/0+0.11 ms cpu, 3->3->1 MB, 4 MB goal, 0 MB stacks, 0 MB globals, 4 P
gc 3514 @51.610s 2%: 0.045+1.9+0.013 ms clock, 0.18+0.47/1.1/0+0.054 ms cpu, 3->3->1 MB, 4 MB goal, 0 MB stacks, 0 MB globals, 4 P
gc 3515 @51.616s 2%: 0.049+0.71+0.025 ms clock, 0.19+0.43/0.57/0+0.10 ms cpu, 3->3->1 MB, 4 MB goal, 0 MB stacks, 0 MB globals, 4 P
gc 3516 @51.621s 2%: 0.38+1.8+0.055 ms clock, 1.5+0.36/1.2/0.057+0.22 ms cpu, 3->3->1 MB, 4 MB goal, 0 MB stacks, 0 MB globals, 4 P
gc 3517 @51.626s 2%: 0.067+0.97+0.025 ms clock, 0.27+0.75/0.72/0+0.10 ms cpu, 3->3->1 MB, 4 MB goal, 0 MB stacks, 0 MB globals, 4 P
gc 3518 @51.631s 2%: 0.087+1.0+0.086 ms clock, 0.35+0.73/0.90/0+0.34 ms cpu, 3->3->1 MB, 4 MB goal, 0 MB stacks, 0 MB globals, 4 P
gc 3519 @51.636s 2%: 0.085+1.4+0.013 ms clock, 0.34+1.0/0.080/0+0.053 ms cpu, 3->3->1 MB, 4 MB goal, 0 MB stacks, 0 MB globals, 4 P
gc 3520 @51.641s 2%: 0.073+1.2+0.028 ms clock, 0.29+0.60/0.59/0+0.11 ms cpu, 3->3->1 MB, 4 MB goal, 0 MB stacks, 0 MB globals, 4 P
gc 3521 @51.646s 2%: 0.044+1.0+0.034 ms clock, 0.17+0.50/0.91/0+0.13 ms cpu, 3->3->1 MB, 4 MB goal, 0 MB stacks, 0 MB globals, 4 P
gc 3522 @51.651s 2%: 0.054+1.0+0.028 ms clock, 0.21+0.69/0.48/0+0.11 ms cpu, 3->3->1 MB, 4 MB goal, 0 MB stacks, 0 MB globals, 4 P
gc 3523 @51.656s 2%: 0.035+0.86+0.046 ms clock, 0.14+0.73/0.42/0+0.18 ms cpu, 3->3->1 MB, 4 MB goal, 0 MB stacks, 0 MB globals, 4 P
gc 3524 @51.661s 2%: 0.049+0.86+0.026 ms clock, 0.19+0.53/0.47/0+0.10 ms cpu, 3->3->1 MB, 4 MB goal, 0 MB stacks, 0 MB globals, 4 P
gc 3525 @51.666s 2%: 0.10+0.64+0.081 ms clock, 0.41+0.64/0.55/0+0.32 ms cpu, 3->3->1 MB, 4 MB goal, 0 MB stacks, 0 MB globals, 4 P
gc 3526 @51.671s 2%: 0.080+1.5+0.063 ms clock, 0.32+0.59/0.56/0+0.25 ms cpu, 3->3->1 MB, 4 MB goal, 0 MB stacks, 0 MB globals, 4 P
gc 3527 @51.676s 2%: 0.065+1.0+0.083 ms clock, 0.26+0.64/0.53/0+0.33 ms cpu, 3->3->1 MB, 4 MB goal, 0 MB stacks, 0 MB globals, 4 P
gc 3528 @51.681s 2%: 0.10+1.1+0.060 ms clock, 0.40+0.32/0.66/0+0.24 ms cpu, 3->3->1 MB, 4 MB goal, 0 MB stacks, 0 MB globals, 4 P
gc 3529 @51.686s 2%: 0.097+0.58+0.063 ms clock, 0.38+0.64/0.52/0+0.25 ms cpu, 3->3->1 MB, 4 MB goal, 0 MB stacks, 0 MB globals, 4 P
gc 3530 @51.691s 2%: 0.052+1.3+0.034 ms clock, 0.20+0.65/0.51/0+0.13 ms cpu, 3->3->1 MB, 4 MB goal, 0 MB stacks, 0 MB globals, 4 P
gc 3531 @51.696s 2%: 0.071+1.7+0.005 ms clock, 0.28+0.57/0.51/0+0.021 ms cpu, 3->3->1 MB, 4 MB goal, 0 MB stacks, 0 MB globals, 4 P
gc 3532 @51.702s 2%: 0.085+0.77+0.044 ms clock, 0.34+0.52/0.60/0+0.17 ms cpu, 3->3->1 MB, 4 MB goal, 0 MB stacks, 0 MB globals, 4 P
gc 3533 @51.706s 2%: 0.062+1.6+0.042 ms clock, 0.24+0.56/0.70/0+0.17 ms cpu, 3->3->1 MB, 4 MB goal, 0 MB stacks, 0 MB globals, 4 P
gc 3534 @51.712s 2%: 0.083+0.72+0.058 ms clock, 0.33+0.88/0.63/0+0.23 ms cpu, 3->3->1 MB, 4 MB goal, 0 MB stacks, 0 MB globals, 4 P
gc 3535 @51.717s 2%: 0.45+1.9+0.043 ms clock, 1.8+0.16/1.3/0+0.17 ms cpu, 3->3->1 MB, 4 MB goal, 0 MB stacks, 0 MB globals, 4 P
gc 3536 @51.722s 2%: 1.6+0.62+0.053 ms clock, 6.4+0.82/1.7/0+0.21 ms cpu, 3->4->1 MB, 4 MB goal, 0 MB stacks, 0 MB globals, 4 P
gc 3537 @51.727s 2%: 0.41+1.5+0.018 ms clock, 1.6+0.49/1.3/0+0.072 ms cpu, 3->3->1 MB, 4 MB goal, 0 MB stacks, 0 MB globals, 4 P
gc 3538 @51.732s 2%: 0.062+0.58+0.073 ms clock, 0.25+0.71/0.44/0+0.29 ms cpu, 3->3->1 MB, 4 MB goal, 0 MB stacks, 0 MB globals, 4 P
gc 3539 @51.737s 2%: 0.050+1.3+0.080 ms clock, 0.20+0.82/0.44/0+0.32 ms cpu, 3->3->1 MB, 4 MB goal, 0 MB stacks, 0 MB globals, 4 P
gc 3540 @51.742s 2%: 0.13+1.4+0.053 ms clock, 0.53+0.53/0.67/0+0.21 ms cpu, 3->3->1 MB, 4 MB goal, 0 MB stacks, 0 MB globals, 4 P
gc 3541 @51.747s 2%: 0.073+1.4+0.038 ms clock, 0.29+1.2/0.001/0+0.15 ms cpu, 3->3->1 MB, 4 MB goal, 0 MB stacks, 0 MB globals, 4 P
gc 3542 @51.753s 2%: 0.074+0.65+0.025 ms clock, 0.29+0.66/0.52/0+0.10 ms cpu, 3->3->1 MB, 4 MB goal, 0 MB stacks, 0 MB globals, 4 P
gc 3543 @51.757s 2%: 0.062+1.0+0.042 ms clock, 0.24+0.45/0.56/0+0.17 ms cpu, 3->3->1 MB, 4 MB goal, 0 MB stacks, 0 MB globals, 4 P
gc 3544 @51.762s 2%: 0.052+0.61+0.041 ms clock, 0.21+0.60/0.51/0+0.16 ms cpu, 3->3->1 MB, 4 MB goal, 0 MB stacks, 0 MB globals, 4 P
gc 3545 @51.767s 2%: 0.075+0.79+0.043 ms clock, 0.30+0.83/0.70/0+0.17 ms cpu, 3->3->1 MB, 4 MB goal, 0 MB stacks, 0 MB globals, 4 P
gc 3546 @51.772s 2%: 0.067+0.83+0.035 ms clock, 0.26+0.97/0.14/0+0.14 ms cpu, 3->3->1 MB, 4 MB goal, 0 MB stacks, 0 MB globals, 4 P
gc 3547 @51.777s 2%: 0.10+0.92+0.036 ms clock, 0.41+0.77/0.57/0+0.14 ms cpu, 3->3->1 MB, 4 MB goal, 0 MB stacks, 0 MB globals, 4 P
gc 3548 @51.782s 2%: 0.055+1.0+0.041 ms clock, 0.22+0.57/0.80/0+0.16 ms cpu, 3->3->1 MB, 4 MB goal, 0 MB stacks, 0 MB globals, 4 P
gc 3549 @51.787s 2%: 0.081+0.68+0.029 ms clock, 0.32+0.70/0.59/0+0.11 ms cpu, 3->3->1 MB, 4 MB goal, 0 MB stacks, 0 MB globals, 4 P
gc 3550 @51.792s 2%: 0.094+1.5+0.038 ms clock, 0.37+0.81/0.76/0+0.15 ms cpu, 3->3->1 MB, 4 MB goal, 0 MB stacks, 0 MB globals, 4 P
gc 3551 @51.797s 2%: 0.095+0.54+0.036 ms clock, 0.38+0.81/0.45/0+0.14 ms cpu, 3->3->1 MB, 4 MB goal, 0 MB stacks, 0 MB globals, 4 P
gc 3552 @51.802s 2%: 0.057+1.7+0.052 ms clock, 0.23+0.79/0.66/0+0.20 ms cpu, 3->3->1 MB, 4 MB goal, 0 MB stacks, 0 MB globals, 4 P
gc 3553 @51.807s 2%: 0.078+0.54+0.031 ms clock, 0.31+0.86/0.45/0+0.12 ms cpu, 3->3->1 MB, 4 MB goal, 0 MB stacks, 0 MB globals, 4 P
gc 3554 @51.812s 2%: 0.10+0.56+0.024 ms clock, 0.42+0.64/0.47/0+0.098 ms cpu, 3->3->1 MB, 4 MB goal, 0 MB stacks, 0 MB globals, 4 P
gc 3555 @51.817s 2%: 0.12+1.2+0.025 ms clock, 0.48+0.58/0.68/0+0.10 ms cpu, 3->3->1 MB, 4 MB goal, 0 MB stacks, 0 MB globals, 4 P
gc 3556 @51.822s 2%: 0.087+0.73+0.026 ms clock, 0.35+0.86/0.59/0+0.10 ms cpu, 3->3->1 MB, 4 MB goal, 0 MB stacks, 0 MB globals, 4 P
gc 3557 @51.827s 2%: 0.074+0.65+0.031 ms clock, 0.29+0.84/0.58/0+0.12 ms cpu, 3->3->1 MB, 4 MB goal, 0 MB stacks, 0 MB globals, 4 P
gc 3558 @51.832s 2%: 0.056+0.76+0.065 ms clock, 0.22+1.1/0.001/0+0.26 ms cpu, 3->3->1 MB, 4 MB goal, 0 MB stacks, 0 MB globals, 4 P
gc 3559 @51.837s 2%: 0.043+0.80+0.019 ms clock, 0.17+0.78/0.67/0+0.078 ms cpu, 3->3->1 MB, 4 MB goal, 0 MB stacks, 0 MB globals, 4 P
gc 3560 @51.842s 2%: 0.052+0.51+0.036 ms clock, 0.20+0.80/0.43/0+0.14 ms cpu, 3->3->1 MB, 4 MB goal, 0 MB stacks, 0 MB globals, 4 P
gc 3561 @51.847s 2%: 0.079+1.6+0.069 ms clock, 0.31+1.0/0.005/0+0.27 ms cpu, 3->3->1 MB, 4 MB goal, 0 MB stacks, 0 MB globals, 4 P
gc 3562 @51.852s 2%: 0.080+0.49+0.064 ms clock, 0.32+0.83/0.40/0+0.25 ms cpu, 3->3->1 MB, 4 MB goal, 0 MB stacks, 0 MB globals, 4 P
gc 3563 @51.856s 2%: 0.053+0.86+0.056 ms clock, 0.21+0.95/0.072/0+0.22 ms cpu, 3->3->1 MB, 4 MB goal, 0 MB stacks, 0 MB globals, 4 P
gc 3564 @51.861s 2%: 0.072+2.0+0.063 ms clock, 0.29+0.51/1.5/0+0.25 ms cpu, 3->3->1 MB, 4 MB goal, 0 MB stacks, 0 MB globals, 4 P
gc 3565 @51.867s 2%: 0.071+0.55+0.057 ms clock, 0.28+0.87/0.45/0+0.22 ms cpu, 3->3->1 MB, 4 MB goal, 0 MB stacks, 0 MB globals, 4 P
gc 3566 @51.871s 2%: 0.088+1.3+0.045 ms clock, 0.35+0.34/0.60/0+0.18 ms cpu, 3->3->1 MB, 4 MB goal, 0 MB stacks, 0 MB globals, 4 P
gc 3567 @51.876s 2%: 0.058+1.1+0.035 ms clock, 0.23+0.64/0.53/0+0.14 ms cpu, 3->3->1 MB, 4 MB goal, 0 MB stacks, 0 MB globals, 4 P
gc 3568 @51.882s 2%: 0.062+1.6+0.007 ms clock, 0.24+0.58/1.0/0+0.030 ms cpu, 3->3->1 MB, 4 MB goal, 0 MB stacks, 0 MB globals, 4 P
gc 3569 @51.887s 2%: 0.076+1.7+0.045 ms clock, 0.30+0.55/0.58/0+0.18 ms cpu, 3->3->1 MB, 4 MB goal, 0 MB stacks, 0 MB globals, 4 P
gc 3570 @51.892s 2%: 0.063+0.84+0.043 ms clock, 0.25+0.67/0.57/0+0.17 ms cpu, 3->3->1 MB, 4 MB goal, 0 MB stacks, 0 MB globals, 4 P
gc 3571 @51.897s 2%: 0.062+2.4+0.052 ms clock, 0.25+0.47/0.53/0+0.21 ms cpu, 3->3->1 MB, 4 MB goal, 0 MB stacks, 0 MB globals, 4 P
gc 3572 @51.902s 2%: 0.049+1.7+0.050 ms clock, 0.19+0.74/0.73/0+0.20 ms cpu, 3->3->1 MB, 4 MB goal, 0 MB stacks, 0 MB globals, 4 P
gc 3573 @51.907s 2%: 0.049+0.50+0.031 ms clock, 0.19+0.76/0.41/0+0.12 ms cpu, 3->3->1 MB, 4 MB goal, 0 MB stacks, 0 MB globals, 4 P
gc 3574 @51.912s 2%: 0.034+2.2+0.051 ms clock, 0.13+0.58/0.65/0+0.20 ms cpu, 3->3->1 MB, 4 MB goal, 0 MB stacks, 0 MB globals, 4 P
gc 3575 @51.918s 2%: 0.026+1.2+0.024 ms clock, 0.10+0.55/0.72/0+0.096 ms cpu, 3->3->1 MB, 4 MB goal, 0 MB stacks, 0 MB globals, 4 P
gc 3576 @51.923s 2%: 0.048+1.7+0.003 ms clock, 0.19+1.1/0.001/0+0.013 ms cpu, 3->3->1 MB, 4 MB goal, 0 MB stacks, 0 MB globals, 4 P
gc 3577 @51.928s 2%: 0.078+1.7+0.009 ms clock, 0.31+0.32/0.71/0+0.038 ms cpu, 3->3->1 MB, 4 MB goal, 0 MB stacks, 0 MB globals, 4 P
gc 3578 @51.933s 2%: 0.044+0.65+0.024 ms clock, 0.17+0.72/0.51/0+0.098 ms cpu, 3->3->1 MB, 4 MB goal, 0 MB stacks, 0 MB globals, 4 P
gc 3579 @51.938s 2%: 0.57+0.24+0.044 ms clock, 2.3+0.65/0.68/0+0.17 ms cpu, 3->3->1 MB, 4 MB goal, 0 MB stacks, 0 MB globals, 4 P
gc 3580 @51.943s 2%: 0.061+0.83+0.004 ms clock, 0.24+0.80/0.49/0+0.016 ms cpu, 3->3->1 MB, 4 MB goal, 0 MB stacks, 0 MB globals, 4 P
gc 3581 @51.948s 2%: 0.068+1.3+0.042 ms clock, 0.27+0.51/0.52/0+0.16 ms cpu, 3->3->1 MB, 4 MB goal, 0 MB stacks, 0 MB globals, 4 P
gc 3582 @51.953s 2%: 0.12+0.95+0.051 ms clock, 0.50+0.30/0.65/0+0.20 ms cpu, 3->3->1 MB, 4 MB goal, 0 MB stacks, 0 MB globals, 4 P
gc 3583 @51.958s 2%: 0.051+0.54+0.029 ms clock, 0.20+0.92/0.44/0+0.11 ms cpu, 3->3->1 MB, 4 MB goal, 0 MB stacks, 0 MB globals, 4 P
gc 3584 @51.963s 2%: 0.041+0.54+0.053 ms clock, 0.16+0.84/0.45/0+0.21 ms cpu, 3->3->1 MB, 4 MB goal, 0 MB stacks, 0 MB globals, 4 P
gc 3585 @51.967s 2%: 0.082+0.52+0.020 ms clock, 0.32+0.86/0.44/0+0.082 ms cpu, 3->3->1 MB, 4 MB goal, 0 MB stacks, 0 MB globals, 4 P
gc 3586 @51.972s 2%: 0.066+0.67+0.031 ms clock, 0.26+0.63/0.59/0+0.12 ms cpu, 3->3->1 MB, 4 MB goal, 0 MB stacks, 0 MB globals, 4 P
gc 3587 @51.977s 2%: 0.34+1.9+0.019 ms clock, 1.3+0.42/1.3/0+0.076 ms cpu, 3->3->1 MB, 4 MB goal, 0 MB stacks, 0 MB globals, 4 P
gc 3588 @51.983s 2%: 0.071+1.4+0.082 ms clock, 0.28+0.60/0.73/0+0.33 ms cpu, 3->3->1 MB, 4 MB goal, 0 MB stacks, 0 MB globals, 4 P
gc 3589 @51.988s 2%: 0.059+1.3+0.082 ms clock, 0.23+0.55/0.60/0+0.33 ms cpu, 3->3->1 MB, 4 MB goal, 0 MB stacks, 0 MB globals, 4 P
gc 3590 @51.993s 2%: 0.047+1.6+0.029 ms clock, 0.18+1.6/1.2/0+0.11 ms cpu, 3->3->1 MB, 4 MB goal, 0 MB stacks, 0 MB globals, 4 P
gc 3591 @51.998s 2%: 0.047+0.88+0.051 ms clock, 0.18+0.87/0.68/0+0.20 ms cpu, 3->3->1 MB, 4 MB goal, 0 MB stacks, 0 MB globals, 4 P
gc 3592 @52.003s 2%: 0.048+0.99+0.039 ms clock, 0.19+0.53/0.52/0+0.15 ms cpu, 3->3->1 MB, 4 MB goal, 0 MB stacks, 0 MB globals, 4 P
gc 3593 @52.008s 2%: 0.084+1.6+0.049 ms clock, 0.33+0.86/0.42/0+0.19 ms cpu, 3->3->1 MB, 4 MB goal, 0 MB stacks, 0 MB globals, 4 P
gc 3594 @52.013s 2%: 0.060+1.6+0.029 ms clock, 0.24+0.35/0.64/0+0.11 ms cpu, 3->3->1 MB, 4 MB goal, 0 MB stacks, 0 MB globals, 4 P
gc 3595 @52.018s 2%: 0.056+0.76+0.049 ms clock, 0.22+0.52/0.65/0+0.19 ms cpu, 3->3->1 MB, 4 MB goal, 0 MB stacks, 0 MB globals, 4 P
gc 3596 @52.023s 2%: 0.087+1.1+0.024 ms clock, 0.35+0.57/0.48/0+0.097 ms cpu, 3->3->1 MB, 4 MB goal, 0 MB stacks, 0 MB globals, 4 P
gc 3597 @52.028s 2%: 0.062+0.64+0.029 ms clock, 0.25+0.65/0.51/0+0.11 ms cpu, 3->3->1 MB, 4 MB goal, 0 MB stacks, 0 MB globals, 4 P
gc 3598 @52.033s 2%: 0.094+1.6+0.010 ms clock, 0.37+0.55/0.70/0+0.040 ms cpu, 3->3->1 MB, 4 MB goal, 0 MB stacks, 0 MB globals, 4 P
gc 3599 @52.038s 2%: 0.094+0.71+0.050 ms clock, 0.37+0.88/0.60/0+0.20 ms cpu, 3->3->1 MB, 4 MB goal, 0 MB stacks, 0 MB globals, 4 P
gc 3600 @52.043s 2%: 0.10+0.65+0.054 ms clock, 0.42+0.45/0.53/0+0.21 ms cpu, 3->3->1 MB, 4 MB goal, 0 MB stacks, 0 MB globals, 4 P
gc 3601 @52.048s 2%: 0.28+1.0+0.034 ms clock, 1.1+0.64/1.1/0+0.13 ms cpu, 3->3->1 MB, 4 MB goal, 0 MB stacks, 0 MB globals, 4 P
gc 3602 @52.053s 2%: 0.059+0.55+0.055 ms clock, 0.23+0.73/0.41/0+0.22 ms cpu, 3->3->1 MB, 4 MB goal, 0 MB stacks, 0 MB globals, 4 P
gc 3603 @52.058s 2%: 0.048+0.72+0.035 ms clock, 0.19+0.58/0.55/0+0.14 ms cpu, 3->3->1 MB, 4 MB goal, 0 MB stacks, 0 MB globals, 4 P
gc 3604 @52.063s 2%: 0.22+0.62+0.028 ms clock, 0.91+0.60/0.73/0+0.11 ms cpu, 3->3->1 MB, 4 MB goal, 0 MB stacks, 0 MB globals, 4 P
gc 3605 @52.068s 2%: 0.077+0.84+0.019 ms clock, 0.31+1.0/0.78/0+0.079 ms cpu, 3->3->1 MB, 4 MB goal, 0 MB stacks, 0 MB globals, 4 P
gc 3606 @52.073s 2%: 0.083+1.0+0.051 ms clock, 0.33+0.35/0.82/0+0.20 ms cpu, 3->3->1 MB, 4 MB goal, 0 MB stacks, 0 MB globals, 4 P
gc 3607 @52.078s 2%: 0.043+1.0+0.065 ms clock, 0.17+1.2/0.56/0+0.26 ms cpu, 3->3->1 MB, 4 MB goal, 0 MB stacks, 0 MB globals, 4 P
gc 3608 @52.083s 2%: 0.092+0.68+0.057 ms clock, 0.36+0.94/0.60/0+0.22 ms cpu, 3->3->1 MB, 4 MB goal, 0 MB stacks, 0 MB globals, 4 P
gc 3609 @52.088s 2%: 0.067+1.0+0.023 ms clock, 0.27+0.43/0.53/0+0.094 ms cpu, 3->3->1 MB, 4 MB goal, 0 MB stacks, 0 MB globals, 4 P
gc 3610 @52.093s 2%: 0.50+0.57+0.033 ms clock, 2.0+0.44/0.93/0.071+0.13 ms cpu, 3->3->1 MB, 4 MB goal, 0 MB stacks, 0 MB globals, 4 P
gc 3611 @52.098s 2%: 0.069+0.95+0.019 ms clock, 0.27+0.36/0.59/0+0.076 ms cpu, 3->3->1 MB, 4 MB goal, 0 MB stacks, 0 MB globals, 4 P
gc 3612 @52.103s 2%: 0.10+2.0+0.044 ms clock, 0.40+1.0/0.001/0+0.17 ms cpu, 3->3->1 MB, 4 MB goal, 0 MB stacks, 0 MB globals, 4 P
gc 3613 @52.108s 2%: 0.041+2.2+0.085 ms clock, 0.16+0.55/0.70/0+0.34 ms cpu, 3->3->1 MB, 4 MB goal, 0 MB stacks, 0 MB globals, 4 P
gc 3614 @52.114s 2%: 0.095+0.99+0.036 ms clock, 0.38+0.86/0.39/0+0.14 ms cpu, 3->3->1 MB, 4 MB goal, 0 MB stacks, 0 MB globals, 4 P
gc 3615 @52.118s 2%: 0.078+2.6+0.064 ms clock, 0.31+0.64/0.74/0+0.25 ms cpu, 3->4->1 MB, 4 MB goal, 0 MB stacks, 0 MB globals, 4 P
gc 3616 @52.124s 2%: 0.022+0.80+0.045 ms clock, 0.088+0.78/0.63/0+0.18 ms cpu, 3->3->1 MB, 4 MB goal, 0 MB stacks, 0 MB globals, 4 P
gc 3617 @52.129s 2%: 0.057+1.5+0.054 ms clock, 0.23+0.55/0.64/0+0.21 ms cpu, 3->3->1 MB, 4 MB goal, 0 MB stacks, 0 MB globals, 4 P
gc 3618 @52.134s 2%: 0.063+0.71+0.023 ms clock, 0.25+0.47/0.63/0+0.094 ms cpu, 3->3->1 MB, 4 MB goal, 0 MB stacks, 0 MB globals, 4 P
gc 3619 @52.139s 2%: 0.074+1.5+0.032 ms clock, 0.29+0.55/0.71/0+0.12 ms cpu, 3->3->1 MB, 4 MB goal, 0 MB stacks, 0 MB globals, 4 P
gc 3620 @52.144s 2%: 0.052+1.7+0.045 ms clock, 0.20+0.61/0.57/0+0.18 ms cpu, 3->3->1 MB, 4 MB goal, 0 MB stacks, 0 MB globals, 4 P
gc 3621 @52.149s 2%: 0.10+1.5+0.043 ms clock, 0.41+0.71/0.47/0+0.17 ms cpu, 3->3->1 MB, 4 MB goal, 0 MB stacks, 0 MB globals, 4 P
gc 3622 @52.154s 2%: 0.080+1.9+0.020 ms clock, 0.32+0.84/0.50/0+0.080 ms cpu, 3->3->1 MB, 4 MB goal, 0 MB stacks, 0 MB globals, 4 P
gc 3623 @52.159s 2%: 0.045+1.8+0.034 ms clock, 0.18+1.9/0.63/0+0.13 ms cpu, 3->3->1 MB, 4 MB goal, 0 MB stacks, 0 MB globals, 4 P
gc 3624 @52.164s 2%: 0.063+1.5+0.009 ms clock, 0.25+0.53/0.50/0+0.038 ms cpu, 3->3->1 MB, 4 MB goal, 0 MB stacks, 0 MB globals, 4 P
gc 3625 @52.170s 2%: 0.066+1.8+0.029 ms clock, 0.26+1.9/0.83/0+0.11 ms cpu, 3->4->1 MB, 4 MB goal, 0 MB stacks, 0 MB globals, 4 P
gc 3626 @52.175s 2%: 0.75+0.87+0.071 ms clock, 3.0+0.52/0.95/0+0.28 ms cpu, 3->3->1 MB, 4 MB goal, 0 MB stacks, 0 MB globals, 4 P
gc 3627 @52.180s 2%: 0.11+1.4+0.033 ms clock, 0.45+0.24/0.72/0+0.13 ms cpu, 3->3->1 MB, 4 MB goal, 0 MB stacks, 0 MB globals, 4 P
gc 3628 @52.185s 2%: 0.046+1.0+0.053 ms clock, 0.18+0.69/0.85/0+0.21 ms cpu, 3->3->1 MB, 4 MB goal, 0 MB stacks, 0 MB globals, 4 P
gc 3629 @52.190s 2%: 0.031+0.63+0.027 ms clock, 0.12+0.79/0.46/0+0.11 ms cpu, 3->3->1 MB, 4 MB goal, 0 MB stacks, 0 MB globals, 4 P
gc 3630 @52.195s 2%: 0.090+1.1+0.029 ms clock, 0.36+0.34/0.60/0+0.11 ms cpu, 3->3->1 MB, 4 MB goal, 0 MB stacks, 0 MB globals, 4 P
gc 3631 @52.200s 2%: 0.050+0.64+0.039 ms clock, 0.20+0.80/0.49/0+0.15 ms cpu, 3->3->1 MB, 4 MB goal, 0 MB stacks, 0 MB globals, 4 P
gc 3632 @52.205s 2%: 0.057+1.5+0.065 ms clock, 0.22+0.17/0.63/0+0.26 ms cpu, 3->3->1 MB, 4 MB goal, 0 MB stacks, 0 MB globals, 4 P
gc 3633 @52.210s 2%: 0.043+1.5+0.019 ms clock, 0.17+0.60/0.65/0+0.076 ms cpu, 3->3->1 MB, 4 MB goal, 0 MB stacks, 0 MB globals, 4 P
gc 3634 @52.215s 2%: 0.063+0.96+0.081 ms clock, 0.25+0.79/0.49/0+0.32 ms cpu, 3->3->1 MB, 4 MB goal, 0 MB stacks, 0 MB globals, 4 P
gc 3635 @52.220s 2%: 0.071+1.3+0.022 ms clock, 0.28+0.54/0.52/0+0.088 ms cpu, 3->3->1 MB, 4 MB goal, 0 MB stacks, 0 MB globals, 4 P
gc 3636 @52.225s 2%: 0.060+0.67+0.022 ms clock, 0.24+0.59/0.56/0+0.091 ms cpu, 3->3->1 MB, 4 MB goal, 0 MB stacks, 0 MB globals, 4 P
gc 3637 @52.230s 2%: 0.071+0.88+0.090 ms clock, 0.28+0.86/0.62/0+0.36 ms cpu, 3->3->1 MB, 4 MB goal, 0 MB stacks, 0 MB globals, 4 P
gc 3638 @52.235s 2%: 0.043+1.5+0.037 ms clock, 0.17+1.0/0.98/0+0.14 ms cpu, 3->3->1 MB, 4 MB goal, 0 MB stacks, 0 MB globals, 4 P
gc 3639 @52.240s 2%: 0.069+0.67+0.042 ms clock, 0.27+0.73/0.49/0+0.17 ms cpu, 3->3->1 MB, 4 MB goal, 0 MB stacks, 0 MB globals, 4 P
gc 3640 @52.245s 2%: 0.049+0.72+0.060 ms clock, 0.19+0.71/0.58/0+0.24 ms cpu, 3->3->1 MB, 4 MB goal, 0 MB stacks, 0 MB globals, 4 P
gc 3641 @52.250s 2%: 0.54+0.72+0.030 ms clock, 2.1+0.83/0.64/0+0.12 ms cpu, 3->3->1 MB, 4 MB goal, 0 MB stacks, 0 MB globals, 4 P
gc 3642 @52.255s 2%: 0.048+0.91+0.019 ms clock, 0.19+1.1/0.025/0+0.077 ms cpu, 3->3->1 MB, 4 MB goal, 0 MB stacks, 0 MB globals, 4 P
gc 3643 @52.260s 2%: 0.050+0.89+0.032 ms clock, 0.20+0.86/0.57/0+0.12 ms cpu, 3->3->1 MB, 4 MB goal, 0 MB stacks, 0 MB globals, 4 P
gc 3644 @52.265s 2%: 0.080+1.1+0.049 ms clock, 0.32+0.45/0.58/0+0.19 ms cpu, 3->3->1 MB, 4 MB goal, 0 MB stacks, 0 MB globals, 4 P
gc 3645 @52.270s 2%: 0.045+0.68+0.050 ms clock, 0.18+0.64/0.55/0+0.20 ms cpu, 3->3->1 MB, 4 MB goal, 0 MB stacks, 0 MB globals, 4 P
gc 3646 @52.275s 2%: 0.058+0.86+0.032 ms clock, 0.23+1.0/0/0+0.13 ms cpu, 3->3->1 MB, 4 MB goal, 0 MB stacks, 0 MB globals, 4 P
gc 3647 @52.280s 2%: 0.058+0.88+0.057 ms clock, 0.23+0.78/0.71/0+0.22 ms cpu, 3->3->1 MB, 4 MB goal, 0 MB stacks, 0 MB globals, 4 P
gc 3648 @52.285s 2%: 0.057+1.6+0.051 ms clock, 0.23+0.64/1.0/0+0.20 ms cpu, 3->3->1 MB, 4 MB goal, 0 MB stacks, 0 MB globals, 4 P
gc 3649 @52.290s 2%: 0.052+0.61+0.046 ms clock, 0.20+0.68/0.42/0+0.18 ms cpu, 3->3->1 MB, 4 MB goal, 0 MB stacks, 0 MB globals, 4 P
gc 3650 @52.295s 2%: 0.036+0.65+0.052 ms clock, 0.14+0.82/0.51/0+0.21 ms cpu, 3->3->1 MB, 4 MB goal, 0 MB stacks, 0 MB globals, 4 P
gc 3651 @52.300s 2%: 0.36+1.8+0.036 ms clock, 1.4+0.38/1.1/0.11+0.14 ms cpu, 3->3->1 MB, 4 MB goal, 0 MB stacks, 0 MB globals, 4 P
gc 3652 @52.305s 2%: 0.044+0.52+0.029 ms clock, 0.17+0.87/0.43/0+0.11 ms cpu, 3->3->1 MB, 4 MB goal, 0 MB stacks, 0 MB globals, 4 P
gc 3653 @52.310s 2%: 0.051+1.4+0.068 ms clock, 0.20+0.42/0.80/0+0.27 ms cpu, 3->3->1 MB, 4 MB goal, 0 MB stacks, 0 MB globals, 4 P
gc 3654 @52.315s 2%: 0.035+0.50+0.026 ms clock, 0.14+0.70/0.43/0+0.10 ms cpu, 3->3->1 MB, 4 MB goal, 0 MB stacks, 0 MB globals, 4 P
gc 3655 @52.320s 2%: 0.054+1.5+0.005 ms clock, 0.21+0.56/0.53/0+0.020 ms cpu, 3->3->1 MB, 4 MB goal, 0 MB stacks, 0 MB globals, 4 P
gc 3656 @52.325s 2%: 0.20+1.0+0.023 ms clock, 0.81+1.4/0.73/0+0.092 ms cpu, 3->3->1 MB, 4 MB goal, 0 MB stacks, 0 MB globals, 4 P
gc 3657 @52.330s 2%: 0.78+1.8+0.036 ms clock, 3.1+0.27/1.0/0+0.14 ms cpu, 3->4->1 MB, 4 MB goal, 0 MB stacks, 0 MB globals, 4 P
gc 3658 @52.335s 2%: 0.077+2.0+0.026 ms clock, 0.31+0.22/0.56/0+0.10 ms cpu, 3->3->1 MB, 4 MB goal, 0 MB stacks, 0 MB globals, 4 P
gc 3659 @52.340s 2%: 0.078+1.2+0.029 ms clock, 0.31+0.42/0.55/0+0.11 ms cpu, 3->3->1 MB, 4 MB goal, 0 MB stacks, 0 MB globals, 4 P
gc 3660 @52.345s 2%: 0.048+1.3+0.026 ms clock, 0.19+0.85/0.64/0+0.10 ms cpu, 3->3->1 MB, 4 MB goal, 0 MB stacks, 0 MB globals, 4 P
gc 3661 @52.350s 2%: 0.088+1.6+0.062 ms clock, 0.35+0.71/0.51/0+0.25 ms cpu, 3->3->1 MB, 4 MB goal, 0 MB stacks, 0 MB globals, 4 P
gc 3662 @52.355s 2%: 0.051+1.4+0.023 ms clock, 0.20+0.44/0.44/0+0.092 ms cpu, 3->3->1 MB, 4 MB goal, 0 MB stacks, 0 MB globals, 4 P
gc 3663 @52.360s 2%: 1.5+0.91+0.005 ms clock, 6.2+0.29/1.7/0+0.021 ms cpu, 3->3->1 MB, 4 MB goal, 0 MB stacks, 0 MB globals, 4 P
gc 3664 @52.366s 2%: 0.076+1.2+0.037 ms clock, 0.30+0.58/0.52/0+0.15 ms cpu, 3->3->1 MB, 4 MB goal, 0 MB stacks, 0 MB globals, 4 P
gc 3665 @52.371s 2%: 0.086+0.98+0.064 ms clock, 0.34+0.52/0.69/0+0.25 ms cpu, 3->3->1 MB, 4 MB goal, 0 MB stacks, 0 MB globals, 4 P
gc 3666 @52.376s 2%: 0.074+0.88+0.063 ms clock, 0.29+0.81/0.44/0+0.25 ms cpu, 3->3->1 MB, 4 MB goal, 0 MB stacks, 0 MB globals, 4 P
gc 3667 @52.381s 2%: 0.096+1.8+0.039 ms clock, 0.38+0.69/1.6/0+0.15 ms cpu, 3->3->1 MB, 4 MB goal, 0 MB stacks, 0 MB globals, 4 P
gc 3668 @52.386s 2%: 0.054+0.75+0.021 ms clock, 0.21+0.87/0.62/0+0.084 ms cpu, 3->3->1 MB, 4 MB goal, 0 MB stacks, 0 MB globals, 4 P
gc 3669 @52.391s 2%: 0.064+2.3+0.041 ms clock, 0.25+0.64/0.49/0+0.16 ms cpu, 3->3->1 MB, 4 MB goal, 0 MB stacks, 0 MB globals, 4 P
gc 3670 @52.396s 2%: 0.055+0.75+0.079 ms clock, 0.22+0.75/0.65/0+0.31 ms cpu, 3->3->1 MB, 4 MB goal, 0 MB stacks, 0 MB globals, 4 P
gc 3671 @52.401s 2%: 0.11+1.5+0.029 ms clock, 0.44+0.43/0.56/0+0.11 ms cpu, 3->3->1 MB, 4 MB goal, 0 MB stacks, 0 MB globals, 4 P
gc 3672 @52.406s 2%: 0.091+0.72+0.042 ms clock, 0.36+0.70/0.61/0+0.16 ms cpu, 3->3->1 MB, 4 MB goal, 0 MB stacks, 0 MB globals, 4 P
gc 3673 @52.411s 2%: 0.075+1.6+0.063 ms clock, 0.30+0.64/0.50/0+0.25 ms cpu, 3->3->1 MB, 4 MB goal, 0 MB stacks, 0 MB globals, 4 P
gc 3674 @52.417s 2%: 0.036+0.92+0.028 ms clock, 0.14+0.59/0.81/0.003+0.11 ms cpu, 3->3->1 MB, 4 MB goal, 0 MB stacks, 0 MB globals, 4 P
gc 3675 @52.421s 2%: 0.059+1.1+0.050 ms clock, 0.23+0.61/1.0/0+0.20 ms cpu, 3->3->1 MB, 4 MB goal, 0 MB stacks, 0 MB globals, 4 P
gc 3676 @52.426s 2%: 0.25+0.80+0.043 ms clock, 1.0+0.57/0.88/0.15+0.17 ms cpu, 3->3->1 MB, 4 MB goal, 0 MB stacks, 0 MB globals, 4 P
gc 3677 @52.431s 2%: 0.30+0.61+0.034 ms clock, 1.2+0.41/0.80/0.002+0.13 ms cpu, 3->3->1 MB, 4 MB goal, 0 MB stacks, 0 MB globals, 4 P
gc 3678 @52.436s 2%: 0.051+0.68+0.059 ms clock, 0.20+0.50/0.54/0+0.23 ms cpu, 3->3->1 MB, 4 MB goal, 0 MB stacks, 0 MB globals, 4 P
gc 3679 @52.441s 2%: 0.11+1.2+0.030 ms clock, 0.47+0.34/0.65/0+0.12 ms cpu, 3->3->1 MB, 4 MB goal, 0 MB stacks, 0 MB globals, 4 P
gc 3680 @52.446s 2%: 0.039+0.66+0.028 ms clock, 0.15+0.82/0.50/0+0.11 ms cpu, 3->3->1 MB, 4 MB goal, 0 MB stacks, 0 MB globals, 4 P
gc 3681 @52.452s 2%: 0.082+1.2+0.003 ms clock, 0.32+1.1/0.79/0+0.015 ms cpu, 3->3->1 MB, 4 MB goal, 0 MB stacks, 0 MB globals, 4 P
gc 3682 @52.457s 2%: 0.058+1.1+0.034 ms clock, 0.23+0.88/0.26/0+0.13 ms cpu, 3->3->1 MB, 4 MB goal, 0 MB stacks, 0 MB globals, 4 P
gc 3683 @52.462s 2%: 0.055+0.66+0.024 ms clock, 0.22+0.58/0.55/0+0.099 ms cpu, 3->3->1 MB, 4 MB goal, 0 MB stacks, 0 MB globals, 4 P
gc 3684 @52.467s 2%: 0.084+0.59+0.026 ms clock, 0.33+0.70/0.49/0+0.10 ms cpu, 3->3->1 MB, 4 MB goal, 0 MB stacks, 0 MB globals, 4 P
gc 3685 @52.472s 2%: 0.27+0.93+0.078 ms clock, 1.1+0.34/0.75/0+0.31 ms cpu, 3->3->1 MB, 4 MB goal, 0 MB stacks, 0 MB globals, 4 P
gc 3686 @52.477s 2%: 0.29+1.3+0.007 ms clock, 1.1+0.43/0.83/0+0.029 ms cpu, 3->3->1 MB, 4 MB goal, 0 MB stacks, 0 MB globals, 4 P
gc 3687 @52.482s 2%: 0.066+0.81+0.058 ms clock, 0.26+0.85/0.68/0+0.23 ms cpu, 3->3->1 MB, 4 MB goal, 0 MB stacks, 0 MB globals, 4 P
gc 3688 @52.487s 2%: 0.065+1.0+0.037 ms clock, 0.26+0.38/0.57/0+0.14 ms cpu, 3->3->1 MB, 4 MB goal, 0 MB stacks, 0 MB globals, 4 P
gc 3689 @52.492s 2%: 0.061+0.78+0.065 ms clock, 0.24+0.73/0.62/0+0.26 ms cpu, 3->3->1 MB, 4 MB goal, 0 MB stacks, 0 MB globals, 4 P
gc 3690 @52.497s 2%: 1.9+0.19+0.021 ms clock, 7.9+0.71/2.0/0.005+0.087 ms cpu, 3->3->1 MB, 4 MB goal, 0 MB stacks, 0 MB globals, 4 P
gc 3691 @52.502s 2%: 0.078+0.76+0.011 ms clock, 0.31+0.67/0.62/0+0.046 ms cpu, 3->3->1 MB, 4 MB goal, 0 MB stacks, 0 MB globals, 4 P
gc 3692 @52.507s 2%: 0.057+1.2+0.087 ms clock, 0.22+0.65/0.49/0+0.35 ms cpu, 3->3->1 MB, 4 MB goal, 0 MB stacks, 0 MB globals, 4 P
gc 3693 @52.512s 2%: 0.043+1.7+0.047 ms clock, 0.17+0.57/0.49/0+0.18 ms cpu, 3->3->1 MB, 4 MB goal, 0 MB stacks, 0 MB globals, 4 P
gc 3694 @52.517s 2%: 0.063+1.3+0.024 ms clock, 0.25+0.62/0.65/0+0.099 ms cpu, 3->3->1 MB, 4 MB goal, 0 MB stacks, 0 MB globals, 4 P
gc 3695 @52.522s 2%: 0.048+1.3+0.008 ms clock, 0.19+0.46/0.48/0+0.032 ms cpu, 3->3->1 MB, 4 MB goal, 0 MB stacks, 0 MB globals, 4 P
gc 3696 @52.527s 2%: 0.090+1.3+0.005 ms clock, 0.36+0.52/0.53/0+0.023 ms cpu, 3->3->1 MB, 4 MB goal, 0 MB stacks, 0 MB globals, 4 P
gc 3697 @52.532s 2%: 0.29+1.5+0.028 ms clock, 1.1+0.23/0.95/0+0.11 ms cpu, 3->3->1 MB, 4 MB goal, 0 MB stacks, 0 MB globals, 4 P
gc 3698 @52.538s 2%: 0.34+1.4+0.026 ms clock, 1.3+0.29/1.3/0+0.10 ms cpu, 3->3->1 MB, 4 MB goal, 0 MB stacks, 0 MB globals, 4 P
gc 3699 @52.543s 2%: 0.064+1.2+0.039 ms clock, 0.25+1.1/0.001/0+0.15 ms cpu, 3->3->1 MB, 4 MB goal, 0 MB stacks, 0 MB globals, 4 P
gc 3700 @52.548s 2%: 0.10+0.87+0.061 ms clock, 0.42+0.53/0.75/0+0.24 ms cpu, 3->3->1 MB, 4 MB goal, 0 MB stacks, 0 MB globals, 4 P
gc 3701 @52.553s 2%: 0.073+0.95+0.039 ms clock, 0.29+0.61/0.52/0+0.15 ms cpu, 3->3->1 MB, 4 MB goal, 0 MB stacks, 0 MB globals, 4 P
gc 3702 @52.558s 2%: 0.047+0.66+0.038 ms clock, 0.19+0.70/0.51/0+0.15 ms cpu, 3->3->1 MB, 4 MB goal, 0 MB stacks, 0 MB globals, 4 P
gc 3703 @52.563s 2%: 0.069+0.57+0.035 ms clock, 0.27+0.78/0.43/0+0.14 ms cpu, 3->3->1 MB, 4 MB goal, 0 MB stacks, 0 MB globals, 4 P
gc 3704 @52.568s 2%: 0.029+0.67+0.023 ms clock, 0.11+0.95/0.59/0+0.094 ms cpu, 3->3->1 MB, 4 MB goal, 0 MB stacks, 0 MB globals, 4 P
gc 3705 @52.572s 2%: 0.093+1.0+0.030 ms clock, 0.37+0.68/1.0/0+0.12 ms cpu, 3->3->1 MB, 4 MB goal, 0 MB stacks, 0 MB globals, 4 P
gc 3706 @52.577s 2%: 0.060+0.65+0.046 ms clock, 0.24+0.71/0.51/0+0.18 ms cpu, 3->3->1 MB, 4 MB goal, 0 MB stacks, 0 MB globals, 4 P
gc 3707 @52.582s 2%: 0.089+1.6+0.033 ms clock, 0.35+0.54/0.55/0+0.13 ms cpu, 3->3->1 MB, 4 MB goal, 0 MB stacks, 0 MB globals, 4 P
gc 3708 @52.588s 2%: 0.058+0.76+0.065 ms clock, 0.23+0.78/0.58/0+0.26 ms cpu, 3->3->1 MB, 4 MB goal, 0 MB stacks, 0 MB globals, 4 P
gc 3709 @52.593s 2%: 0.056+0.83+0.039 ms clock, 0.22+0.48/0.67/0+0.15 ms cpu, 3->3->1 MB, 4 MB goal, 0 MB stacks, 0 MB globals, 4 P
gc 3710 @52.597s 2%: 0.032+0.57+0.082 ms clock, 0.12+0.70/0.44/0+0.32 ms cpu, 3->3->1 MB, 4 MB goal, 0 MB stacks, 0 MB globals, 4 P
gc 3711 @52.602s 2%: 0.32+0.79+0.035 ms clock, 1.2+0.39/0.98/0.005+0.14 ms cpu, 3->3->1 MB, 4 MB goal, 0 MB stacks, 0 MB globals, 4 P
gc 3712 @52.607s 2%: 0.049+0.89+0.036 ms clock, 0.19+0.54/0.66/0+0.14 ms cpu, 3->3->1 MB, 4 MB goal, 0 MB stacks, 0 MB globals, 4 P
gc 3713 @52.612s 2%: 0.060+0.55+0.042 ms clock, 0.24+0.65/0.49/0+0.16 ms cpu, 3->3->1 MB, 4 MB goal, 0 MB stacks, 0 MB globals, 4 P
gc 3714 @52.618s 2%: 0.097+0.74+0.048 ms clock, 0.38+0.76/0.57/0+0.19 ms cpu, 3->3->1 MB, 4 MB goal, 0 MB stacks, 0 MB globals, 4 P
gc 3715 @52.623s 2%: 0.098+0.51+0.056 ms clock, 0.39+0.84/0.42/0+0.22 ms cpu, 3->3->1 MB, 4 MB goal, 0 MB stacks, 0 MB globals, 4 P
gc 3716 @52.628s 2%: 0.031+0.91+0.036 ms clock, 0.12+1.0/0.002/0+0.14 ms cpu, 3->3->1 MB, 4 MB goal, 0 MB stacks, 0 MB globals, 4 P
gc 3717 @52.633s 2%: 0.10+0.70+0.055 ms clock, 0.42+0.74/0.39/0+0.22 ms cpu, 3->3->1 MB, 4 MB goal, 0 MB stacks, 0 MB globals, 4 P
gc 3718 @52.638s 2%: 0.054+1.3+0.044 ms clock, 0.21+0.84/0.46/0+0.17 ms cpu, 3->3->1 MB, 4 MB goal, 0 MB stacks, 0 MB globals, 4 P
gc 3719 @52.643s 2%: 0.090+1.1+0.038 ms clock, 0.36+0.42/0.49/0+0.15 ms cpu, 3->3->1 MB, 4 MB goal, 0 MB stacks, 0 MB globals, 4 P
gc 3720 @52.648s 2%: 0.069+0.84+0.028 ms clock, 0.27+0.84/0.74/0+0.11 ms cpu, 3->3->1 MB, 4 MB goal, 0 MB stacks, 0 MB globals, 4 P
gc 3721 @52.653s 2%: 0.31+1.8+0.081 ms clock, 1.2+0.39/1.2/0+0.32 ms cpu, 3->3->1 MB, 4 MB goal, 0 MB stacks, 0 MB globals, 4 P
gc 3722 @52.658s 2%: 0.031+1.0+0.052 ms clock, 0.12+0.69/0.86/0+0.21 ms cpu, 3->3->1 MB, 4 MB goal, 0 MB stacks, 0 MB globals, 4 P
gc 3723 @52.663s 2%: 0.065+0.83+0.089 ms clock, 0.26+0.52/0.68/0+0.35 ms cpu, 3->3->1 MB, 4 MB goal, 0 MB stacks, 0 MB globals, 4 P
gc 3724 @52.668s 2%: 0.29+1.4+0.004 ms clock, 1.1+0.53/1.0/0+0.016 ms cpu, 3->3->1 MB, 4 MB goal, 0 MB stacks, 0 MB globals, 4 P
gc 3725 @52.673s 2%: 0.075+1.2+0.080 ms clock, 0.30+0.51/0.55/0+0.32 ms cpu, 3->3->1 MB, 4 MB goal, 0 MB stacks, 0 MB globals, 4 P
gc 3726 @52.678s 2%: 0.070+3.2+0.037 ms clock, 0.28+0.76/0.62/0+0.15 ms cpu, 3->4->2 MB, 4 MB goal, 0 MB stacks, 0 MB globals, 4 P
gc 3727 @52.686s 2%: 0.022+1.3+0.019 ms clock, 0.088+0.62/1.1/0+0.077 ms cpu, 3->4->1 MB, 4 MB goal, 0 MB stacks, 0 MB globals, 4 P
gc 3728 @52.690s 2%: 0.026+1.2+0.040 ms clock, 0.10+0.13/0.56/0+0.16 ms cpu, 3->3->1 MB, 4 MB goal, 0 MB stacks, 0 MB globals, 4 P
gc 3729 @52.695s 2%: 0.045+1.6+0.071 ms clock, 0.18+0.54/0.77/0+0.28 ms cpu, 3->3->1 MB, 4 MB goal, 0 MB stacks, 0 MB globals, 4 P
gc 3730 @52.700s 2%: 0.053+0.71+0.050 ms clock, 0.21+0.76/0.60/0+0.20 ms cpu, 3->3->1 MB, 4 MB goal, 0 MB stacks, 0 MB globals, 4 P
gc 3731 @52.705s 2%: 0.050+1.4+0.055 ms clock, 0.20+0.43/0.46/0+0.22 ms cpu, 3->3->1 MB, 4 MB goal, 0 MB stacks, 0 MB globals, 4 P
gc 3732 @52.710s 2%: 0.048+0.61+0.036 ms clock, 0.19+0.72/0.51/0+0.14 ms cpu, 3->3->1 MB, 4 MB goal, 0 MB stacks, 0 MB globals, 4 P
gc 3733 @52.715s 2%: 0.065+0.67+0.027 ms clock, 0.26+0.30/0.57/0+0.11 ms cpu, 3->3->1 MB, 4 MB goal, 0 MB stacks, 0 MB globals, 4 P
gc 3734 @52.721s 2%: 0.099+1.5+0.027 ms clock, 0.39+0.74/0.45/0+0.11 ms cpu, 3->3->1 MB, 4 MB goal, 0 MB stacks, 0 MB globals, 4 P
gc 3735 @52.726s 2%: 0.060+0.74+0.045 ms clock, 0.24+0.61/0.63/0+0.18 ms cpu, 3->3->1 MB, 4 MB goal, 0 MB stacks, 0 MB globals, 4 P
gc 3736 @52.731s 2%: 0.054+0.93+0.030 ms clock, 0.21+0.77/0.41/0+0.12 ms cpu, 3->3->1 MB, 4 MB goal, 0 MB stacks, 0 MB globals, 4 P
gc 3737 @52.736s 2%: 0.056+0.68+0.056 ms clock, 0.22+0.88/0.52/0+0.22 ms cpu, 3->3->1 MB, 4 MB goal, 0 MB stacks, 0 MB globals, 4 P
gc 3738 @52.740s 2%: 0.11+1.3+0.077 ms clock, 0.45+1.7/0.57/0+0.31 ms cpu, 3->3->1 MB, 4 MB goal, 0 MB stacks, 0 MB globals, 4 P
gc 3739 @52.746s 2%: 0.055+0.92+0.041 ms clock, 0.22+0.56/0.85/0+0.16 ms cpu, 3->3->1 MB, 4 MB goal, 0 MB stacks, 0 MB globals, 4 P
gc 3740 @52.750s 2%: 0.086+1.5+0.059 ms clock, 0.34+0.79/0.63/0+0.23 ms cpu, 3->3->1 MB, 4 MB goal, 0 MB stacks, 0 MB globals, 4 P
gc 3741 @52.756s 2%: 0.076+0.63+0.037 ms clock, 0.30+0.80/0.42/0+0.15 ms cpu, 3->3->1 MB, 4 MB goal, 0 MB stacks, 0 MB globals, 4 P
gc 3742 @52.760s 2%: 0.080+0.69+0.056 ms clock, 0.32+0.66/0.55/0+0.22 ms cpu, 3->3->1 MB, 4 MB goal, 0 MB stacks, 0 MB globals, 4 P
gc 3743 @52.765s 2%: 0.071+0.65+0.045 ms clock, 0.28+0.68/0.50/0+0.18 ms cpu, 3->3->1 MB, 4 MB goal, 0 MB stacks, 0 MB globals, 4 P
gc 3744 @52.770s 2%: 0.072+0.95+0.044 ms clock, 0.29+0.68/0.71/0+0.17 ms cpu, 3->3->1 MB, 4 MB goal, 0 MB stacks, 0 MB globals, 4 P
gc 3745 @52.775s 2%: 0.029+0.58+0.051 ms clock, 0.11+0.75/0.40/0+0.20 ms cpu, 3->3->1 MB, 4 MB goal, 0 MB stacks, 0 MB globals, 4 P
gc 3746 @52.780s 2%: 0.077+0.86+0.039 ms clock, 0.30+0.81/0.72/0+0.15 ms cpu, 3->3->1 MB, 4 MB goal, 0 MB stacks, 0 MB globals, 4 P
gc 3747 @52.785s 2%: 0.070+1.0+0.025 ms clock, 0.28+0.44/0.64/0+0.10 ms cpu, 3->3->1 MB, 4 MB goal, 0 MB stacks, 0 MB globals, 4 P
gc 3748 @52.790s 2%: 0.076+1.5+0.023 ms clock, 0.30+0.60/0.58/0+0.092 ms cpu, 3->3->1 MB, 4 MB goal, 0 MB stacks, 0 MB globals, 4 P
gc 3749 @52.795s 2%: 0.042+1.0+0.040 ms clock, 0.17+0.74/0.43/0+0.16 ms cpu, 3->3->1 MB, 4 MB goal, 0 MB stacks, 0 MB globals, 4 P
gc 3750 @52.800s 2%: 0.068+0.72+0.068 ms clock, 0.27+0.76/0.61/0+0.27 ms cpu, 3->3->1 MB, 4 MB goal, 0 MB stacks, 0 MB globals, 4 P
gc 3751 @52.805s 2%: 0.045+0.68+0.007 ms clock, 0.18+0.82/0.59/0+0.028 ms cpu, 3->3->1 MB, 4 MB goal, 0 MB stacks, 0 MB globals, 4 P
gc 3752 @52.810s 2%: 0.39+1.4+0.069 ms clock, 1.5+0.57/1.6/0+0.27 ms cpu, 3->3->1 MB, 4 MB goal, 0 MB stacks, 0 MB globals, 4 P
gc 3753 @52.816s 2%: 0.041+0.48+0.029 ms clock, 0.16+0.71/0.41/0+0.11 ms cpu, 3->3->1 MB, 4 MB goal, 0 MB stacks, 0 MB globals, 4 P
gc 3754 @52.820s 2%: 0.056+0.93+0.019 ms clock, 0.22+0.41/0.66/0+0.078 ms cpu, 3->3->1 MB, 4 MB goal, 0 MB stacks, 0 MB globals, 4 P
gc 3755 @52.826s 2%: 0.17+1.2+0.041 ms clock, 0.68+0/0.38/0.85+0.16 ms cpu, 3->3->1 MB, 4 MB goal, 0 MB stacks, 0 MB globals, 4 P
gc 3756 @52.831s 2%: 0.085+0.81+0.089 ms clock, 0.34+0.65/0.68/0+0.35 ms cpu, 3->3->1 MB, 4 MB goal, 0 MB stacks, 0 MB globals, 4 P
gc 3757 @52.836s 2%: 0.063+2.0+0.040 ms clock, 0.25+0.88/0.55/0+0.16 ms cpu, 3->3->1 MB, 4 MB goal, 0 MB stacks, 0 MB globals, 4 P
gc 3758 @52.841s 2%: 0.070+0.91+0.002 ms clock, 0.28+1.0/0.035/0+0.011 ms cpu, 3->3->1 MB, 4 MB goal, 0 MB stacks, 0 MB globals, 4 P
gc 3759 @52.846s 2%: 0.079+1.2+0.059 ms clock, 0.31+0.29/0.69/0+0.23 ms cpu, 3->3->1 MB, 4 MB goal, 0 MB stacks, 0 MB globals, 4 P
gc 3760 @52.851s 2%: 0.091+1.5+0.012 ms clock, 0.36+1.1/0.010/0+0.051 ms cpu, 3->3->1 MB, 4 MB goal, 0 MB stacks, 0 MB globals, 4 P
gc 3761 @52.856s 2%: 0.10+0.70+0.031 ms clock, 0.40+0.71/0.51/0+0.12 ms cpu, 3->3->1 MB, 4 MB goal, 0 MB stacks, 0 MB globals, 4 P
gc 3762 @52.861s 2%: 0.36+0.69+0.014 ms clock, 1.4+0.46/0.90/0+0.058 ms cpu, 3->3->1 MB, 4 MB goal, 0 MB stacks, 0 MB globals, 4 P
gc 3763 @52.866s 2%: 0.048+1.1+0.003 ms clock, 0.19+0.85/0.51/0+0.013 ms cpu, 3->3->1 MB, 4 MB goal, 0 MB stacks, 0 MB globals, 4 P
gc 3764 @52.871s 2%: 0.65+0.99+0.029 ms clock, 2.6+1.2/1.0/0+0.11 ms cpu, 3->3->1 MB, 4 MB goal, 0 MB stacks, 0 MB globals, 4 P
gc 3765 @52.876s 2%: 0.043+1.8+0.057 ms clock, 0.17+0.36/0.87/0+0.23 ms cpu, 3->3->1 MB, 4 MB goal, 0 MB stacks, 0 MB globals, 4 P
gc 3766 @52.881s 2%: 0.093+0.55+0.025 ms clock, 0.37+0.73/0.47/0+0.10 ms cpu, 3->3->1 MB, 4 MB goal, 0 MB stacks, 0 MB globals, 4 P
gc 3767 @52.886s 2%: 0.053+0.52+0.039 ms clock, 0.21+0.73/0.45/0+0.15 ms cpu, 3->3->1 MB, 4 MB goal, 0 MB stacks, 0 MB globals, 4 P
gc 3768 @52.891s 2%: 0.084+1.2+0.039 ms clock, 0.33+0.65/0.46/0+0.15 ms cpu, 3->3->1 MB, 4 MB goal, 0 MB stacks, 0 MB globals, 4 P
gc 3769 @52.896s 2%: 0.37+2.0+0.004 ms clock, 1.5+0.31/1.4/0+0.016 ms cpu, 3->3->1 MB, 4 MB goal, 0 MB stacks, 0 MB globals, 4 P
gc 3770 @52.901s 2%: 0.11+0.80+0.036 ms clock, 0.45+0.69/0.48/0+0.14 ms cpu, 3->3->1 MB, 4 MB goal, 0 MB stacks, 0 MB globals, 4 P
gc 3771 @52.906s 2%: 0.13+0.72+0.057 ms clock, 0.52+0.41/0.61/0+0.23 ms cpu, 3->3->1 MB, 4 MB goal, 0 MB stacks, 0 MB globals, 4 P
gc 3772 @52.911s 2%: 0.080+1.8+0.059 ms clock, 0.32+0.62/0.63/0+0.23 ms cpu, 3->3->1 MB, 4 MB goal, 0 MB stacks, 0 MB globals, 4 P
gc 3773 @52.916s 2%: 0.069+1.4+0.058 ms clock, 0.27+1.1/0.001/0+0.23 ms cpu, 3->3->1 MB, 4 MB goal, 0 MB stacks, 0 MB globals, 4 P
gc 3774 @52.921s 2%: 0.057+1.2+0.032 ms clock, 0.22+1.1/0.74/0+0.12 ms cpu, 3->3->1 MB, 4 MB goal, 0 MB stacks, 0 MB globals, 4 P
gc 3775 @52.927s 2%: 0.071+1.3+0.063 ms clock, 0.28+0.85/0.44/0+0.25 ms cpu, 3->3->1 MB, 4 MB goal, 0 MB stacks, 0 MB globals, 4 P
gc 3776 @52.932s 2%: 0.058+1.0+0.090 ms clock, 0.23+0.74/0.62/0+0.36 ms cpu, 3->3->1 MB, 4 MB goal, 0 MB stacks, 0 MB globals, 4 P
gc 3777 @52.937s 2%: 0.31+1.5+0.037 ms clock, 1.2+0.62/1.0/0+0.14 ms cpu, 3->3->1 MB, 4 MB goal, 0 MB stacks, 0 MB globals, 4 P
gc 3778 @52.942s 2%: 0.049+0.86+0.028 ms clock, 0.19+0.44/0.63/0+0.11 ms cpu, 3->3->1 MB, 4 MB goal, 0 MB stacks, 0 MB globals, 4 P
gc 3779 @52.947s 2%: 0.10+0.63+0.037 ms clock, 0.40+0.69/0.47/0+0.15 ms cpu, 3->3->1 MB, 4 MB goal, 0 MB stacks, 0 MB globals, 4 P
gc 3780 @52.952s 2%: 0.12+0.67+0.061 ms clock, 0.50+0.61/0.56/0+0.24 ms cpu, 3->3->1 MB, 4 MB goal, 0 MB stacks, 0 MB globals, 4 P
gc 3781 @52.956s 2%: 0.091+1.9+0.070 ms clock, 0.36+2.1/0.67/0+0.28 ms cpu, 3->3->1 MB, 4 MB goal, 0 MB stacks, 0 MB globals, 4 P
gc 3782 @52.962s 2%: 0.033+0.69+0.048 ms clock, 0.13+0.77/0.59/0+0.19 ms cpu, 3->3->1 MB, 4 MB goal, 0 MB stacks, 0 MB globals, 4 P
gc 3783 @52.967s 2%: 0.060+0.76+0.065 ms clock, 0.24+0.86/0.62/0+0.26 ms cpu, 3->3->1 MB, 4 MB goal, 0 MB stacks, 0 MB globals, 4 P
gc 3784 @52.971s 2%: 0.076+1.6+0.067 ms clock, 0.30+0.83/0.66/0+0.27 ms cpu, 3->3->1 MB, 4 MB goal, 0 MB stacks, 0 MB globals, 4 P
gc 3785 @52.977s 2%: 0.047+1.6+0.028 ms clock, 0.19+0.84/0.62/0+0.11 ms cpu, 3->3->1 MB, 4 MB goal, 0 MB stacks, 0 MB globals, 4 P
gc 3786 @52.982s 2%: 0.046+1.4+0.047 ms clock, 0.18+0.59/0.50/0+0.19 ms cpu, 3->3->1 MB, 4 MB goal, 0 MB stacks, 0 MB globals, 4 P
gc 3787 @52.987s 2%: 0.054+0.67+0.058 ms clock, 0.21+0.78/0.56/0+0.23 ms cpu, 3->3->1 MB, 4 MB goal, 0 MB stacks, 0 MB globals, 4 P
gc 3788 @52.992s 2%: 0.047+0.69+0.081 ms clock, 0.18+0.76/0.52/0+0.32 ms cpu, 3->3->1 MB, 4 MB goal, 0 MB stacks, 0 MB globals, 4 P
gc 3789 @52.997s 2%: 0.068+1.6+0.031 ms clock, 0.27+0.95/0.45/0+0.12 ms cpu, 3->3->1 MB, 4 MB goal, 0 MB stacks, 0 MB globals, 4 P
gc 3790 @53.002s 2%: 0.21+1.7+0.010 ms clock, 0.85+0.29/0.70/0+0.040 ms cpu, 3->3->1 MB, 4 MB goal, 0 MB stacks, 0 MB globals, 4 P
gc 3791 @53.007s 2%: 0.067+1.4+0.050 ms clock, 0.26+0.45/0.63/0+0.20 ms cpu, 3->3->1 MB, 4 MB goal, 0 MB stacks, 0 MB globals, 4 P
gc 3792 @53.012s 2%: 0.079+0.70+0.006 ms clock, 0.31+0.80/0.55/0+0.026 ms cpu, 3->3->1 MB, 4 MB goal, 0 MB stacks, 0 MB globals, 4 P
gc 3793 @53.017s 2%: 1.5+0.72+0.003 ms clock, 6.3+0.39/1.8/0+0.014 ms cpu, 3->3->1 MB, 4 MB goal, 0 MB stacks, 0 MB globals, 4 P
gc 3794 @53.022s 2%: 0.038+0.80+0.028 ms clock, 0.15+0.75/0.67/0+0.11 ms cpu, 3->3->1 MB, 4 MB goal, 0 MB stacks, 0 MB globals, 4 P
gc 3795 @53.027s 2%: 0.10+1.7+0.070 ms clock, 0.40+0.50/1.1/0.16+0.28 ms cpu, 3->3->1 MB, 4 MB goal, 0 MB stacks, 0 MB globals, 4 P
gc 3796 @53.032s 2%: 0.051+1.8+0.055 ms clock, 0.20+0.80/0.52/0+0.22 ms cpu, 3->4->1 MB, 4 MB goal, 0 MB stacks, 0 MB globals, 4 P
gc 3797 @53.038s 2%: 0.047+1.2+0.083 ms clock, 0.19+0.45/0.51/0+0.33 ms cpu, 3->3->1 MB, 4 MB goal, 0 MB stacks, 0 MB globals, 4 P
gc 3798 @53.042s 2%: 0.064+1.7+0.037 ms clock, 0.25+0.53/0.56/0+0.15 ms cpu, 3->3->1 MB, 4 MB goal, 0 MB stacks, 0 MB globals, 4 P
gc 3799 @53.048s 2%: 0.030+0.77+0.003 ms clock, 0.12+0.90/0.053/0+0.013 ms cpu, 3->3->1 MB, 4 MB goal, 0 MB stacks, 0 MB globals, 4 P
gc 3800 @53.053s 2%: 0.052+1.7+0.015 ms clock, 0.21+0.83/0.67/0+0.063 ms cpu, 3->3->1 MB, 4 MB goal, 0 MB stacks, 0 MB globals, 4 P
gc 3801 @53.058s 2%: 0.041+0.86+0.077 ms clock, 0.16+0.60/0.73/0+0.31 ms cpu, 3->3->1 MB, 4 MB goal, 0 MB stacks, 0 MB globals, 4 P
gc 3802 @53.063s 2%: 0.088+1.2+0.061 ms clock, 0.35+0.73/0.64/0+0.24 ms cpu, 3->3->1 MB, 4 MB goal, 0 MB stacks, 0 MB globals, 4 P
gc 3803 @53.068s 2%: 0.27+1.4+0.042 ms clock, 1.0+0.73/1.1/0.047+0.17 ms cpu, 3->3->1 MB, 4 MB goal, 0 MB stacks, 0 MB globals, 4 P
gc 3804 @53.073s 2%: 0.079+1.2+0.025 ms clock, 0.31+0.59/0.53/0+0.10 ms cpu, 3->3->1 MB, 4 MB goal, 0 MB stacks, 0 MB globals, 4 P
gc 3805 @53.078s 2%: 0.065+1.3+0.015 ms clock, 0.26+0.92/0.43/0+0.061 ms cpu, 3->3->1 MB, 4 MB goal, 0 MB stacks, 0 MB globals, 4 P
gc 3806 @53.083s 2%: 0.080+0.71+0.022 ms clock, 0.32+0.74/0.63/0+0.091 ms cpu, 3->3->1 MB, 4 MB goal, 0 MB stacks, 0 MB globals, 4 P
gc 3807 @53.088s 2%: 0.078+1.7+0.073 ms clock, 0.31+0.43/0.66/0+0.29 ms cpu, 3->3->1 MB, 4 MB goal, 0 MB stacks, 0 MB globals, 4 P
gc 3808 @53.093s 2%: 0.099+0.52+0.019 ms clock, 0.39+0.68/0.45/0+0.076 ms cpu, 3->3->1 MB, 4 MB goal, 0 MB stacks, 0 MB globals, 4 P
gc 3809 @53.098s 2%: 0.074+0.67+0.038 ms clock, 0.29+0.73/0.58/0+0.15 ms cpu, 3->3->1 MB, 4 MB goal, 0 MB stacks, 0 MB globals, 4 P
gc 3810 @53.103s 2%: 0.046+0.63+0.061 ms clock, 0.18+0.75/0.48/0+0.24 ms cpu, 3->3->1 MB, 4 MB goal, 0 MB stacks, 0 MB globals, 4 P
gc 3811 @53.108s 2%: 0.019+0.82+0.026 ms clock, 0.076+0.60/0.50/0+0.10 ms cpu, 3->3->1 MB, 4 MB goal, 0 MB stacks, 0 MB globals, 4 P
gc 3812 @53.113s 2%: 0.090+0.68+0.033 ms clock, 0.36+0.62/0.60/0+0.13 ms cpu, 3->3->1 MB, 4 MB goal, 0 MB stacks, 0 MB globals, 4 P
gc 3813 @53.118s 2%: 0.23+1.0+0.054 ms clock, 0.94+0.78/1.1/0.035+0.21 ms cpu, 3->3->1 MB, 4 MB goal, 0 MB stacks, 0 MB globals, 4 P
gc 3814 @53.123s 2%: 0.042+1.5+0.051 ms clock, 0.16+0.65/0.56/0+0.20 ms cpu, 3->3->1 MB, 4 MB goal, 0 MB stacks, 0 MB globals, 4 P
gc 3815 @53.128s 2%: 0.072+1.4+0.090 ms clock, 0.28+0.80/0.61/0+0.36 ms cpu, 3->3->1 MB, 4 MB goal, 0 MB stacks, 0 MB globals, 4 P
gc 3816 @53.133s 2%: 0.078+0.61+0.039 ms clock, 0.31+0.40/0.55/0+0.15 ms cpu, 3->3->1 MB, 4 MB goal, 0 MB stacks, 0 MB globals, 4 P
gc 3817 @53.138s 2%: 0.066+1.7+0.058 ms clock, 0.26+0.64/0.72/0+0.23 ms cpu, 3->3->1 MB, 4 MB goal, 0 MB stacks, 0 MB globals, 4 P
gc 3818 @53.143s 2%: 0.069+1.3+0.037 ms clock, 0.27+0.71/0.39/0+0.15 ms cpu, 3->3->1 MB, 4 MB goal, 0 MB stacks, 0 MB globals, 4 P
gc 3819 @53.148s 2%: 0.40+1.5+0.017 ms clock, 1.6+0.30/1.1/0.055+0.069 ms cpu, 3->3->1 MB, 4 MB goal, 0 MB stacks, 0 MB globals, 4 P
gc 3820 @53.153s 2%: 0.27+1.6+0.051 ms clock, 1.1+0.59/0.77/0+0.20 ms cpu, 3->3->1 MB, 4 MB goal, 0 MB stacks, 0 MB globals, 4 P
gc 3821 @53.159s 2%: 0.078+0.90+0.048 ms clock, 0.31+0.78/0.79/0+0.19 ms cpu, 3->3->1 MB, 4 MB goal, 0 MB stacks, 0 MB globals, 4 P
gc 3822 @53.164s 2%: 0.083+1.3+0.047 ms clock, 0.33+0.50/0.70/0.16+0.18 ms cpu, 3->3->1 MB, 4 MB goal, 0 MB stacks, 0 MB globals, 4 P
gc 3823 @53.169s 2%: 0.10+2.4+0.025 ms clock, 0.43+0.66/1.9/0.11+0.10 ms cpu, 3->3->1 MB, 4 MB goal, 0 MB stacks, 0 MB globals, 4 P
gc 3824 @53.174s 2%: 0.050+0.53+0.050 ms clock, 0.20+0.97/0.42/0+0.20 ms cpu, 3->3->1 MB, 4 MB goal, 0 MB stacks, 0 MB globals, 4 P
gc 3825 @53.179s 2%: 0.080+1.8+0.056 ms clock, 0.32+0.55/0.89/0+0.22 ms cpu, 3->3->1 MB, 4 MB goal, 0 MB stacks, 0 MB globals, 4 P
gc 3826 @53.184s 2%: 0.062+1.3+0.043 ms clock, 0.25+0.62/0.61/0+0.17 ms cpu, 3->3->1 MB, 4 MB goal, 0 MB stacks, 0 MB globals, 4 P
gc 3827 @53.189s 2%: 0.079+0.60+0.048 ms clock, 0.31+0.84/0.48/0+0.19 ms cpu, 3->3->1 MB, 4 MB goal, 0 MB stacks, 0 MB globals, 4 P
gc 3828 @53.194s 2%: 0.051+1.6+0.024 ms clock, 0.20+0.43/0.69/0+0.099 ms cpu, 3->3->1 MB, 4 MB goal, 0 MB stacks, 0 MB globals, 4 P
gc 3829 @53.199s 2%: 0.073+0.54+0.024 ms clock, 0.29+0.75/0.47/0+0.097 ms cpu, 3->3->1 MB, 4 MB goal, 0 MB stacks, 0 MB globals, 4 P
gc 3830 @53.204s 2%: 0.039+1.6+0.051 ms clock, 0.15+0.57/0.63/0+0.20 ms cpu, 3->3->1 MB, 4 MB goal, 0 MB stacks, 0 MB globals, 4 P
gc 3831 @53.209s 2%: 0.10+0.84+0.029 ms clock, 0.41+0.87/0.59/0+0.11 ms cpu, 3->3->1 MB, 4 MB goal, 0 MB stacks, 0 MB globals, 4 P
gc 3832 @53.214s 2%: 0.051+0.82+0.070 ms clock, 0.20+0.84/0.71/0+0.28 ms cpu, 3->3->1 MB, 4 MB goal, 0 MB stacks, 0 MB globals, 4 P
gc 3833 @53.219s 2%: 0.062+0.54+0.029 ms clock, 0.24+0.83/0.46/0+0.11 ms cpu, 3->3->1 MB, 4 MB goal, 0 MB stacks, 0 MB globals, 4 P
gc 3834 @53.224s 2%: 0.063+1.3+0.059 ms clock, 0.25+1.2/0.64/0+0.23 ms cpu, 3->3->1 MB, 4 MB goal, 0 MB stacks, 0 MB globals, 4 P
gc 3835 @53.229s 2%: 0.057+1.6+0.077 ms clock, 0.22+0.81/0.47/0+0.31 ms cpu, 3->3->1 MB, 4 MB goal, 0 MB stacks, 0 MB globals, 4 P
gc 3836 @53.234s 2%: 0.070+1.3+0.057 ms clock, 0.28+0.44/0.63/0+0.23 ms cpu, 3->3->1 MB, 4 MB goal, 0 MB stacks, 0 MB globals, 4 P
gc 3837 @53.240s 2%: 0.10+0.77+0.029 ms clock, 0.43+0.53/0.69/0+0.11 ms cpu, 3->3->1 MB, 4 MB goal, 0 MB stacks, 0 MB globals, 4 P
gc 3838 @53.244s 2%: 0.11+1.9+0.003 ms clock, 0.45+0.39/0.56/0+0.012 ms cpu, 3->3->1 MB, 4 MB goal, 0 MB stacks, 0 MB globals, 4 P
gc 3839 @53.250s 2%: 0.052+1.0+0.051 ms clock, 0.20+0.66/0.92/0+0.20 ms cpu, 3->3->1 MB, 4 MB goal, 0 MB stacks, 0 MB globals, 4 P
gc 3840 @53.255s 2%: 0.068+2.3+0.036 ms clock, 0.27+0.52/0.57/0+0.14 ms cpu, 3->4->1 MB, 4 MB goal, 0 MB stacks, 0 MB globals, 4 P
gc 3841 @53.260s 2%: 0.070+1.5+0.080 ms clock, 0.28+1.6/0.69/0+0.32 ms cpu, 3->3->1 MB, 4 MB goal, 0 MB stacks, 0 MB globals, 4 P
gc 3842 @53.265s 2%: 0.92+0.31+0.046 ms clock, 3.6+0.45/1.0/0+0.18 ms cpu, 3->3->1 MB, 4 MB goal, 0 MB stacks, 0 MB globals, 4 P
gc 3843 @53.270s 2%: 0.049+0.74+0.066 ms clock, 0.19+0.85/0.62/0+0.26 ms cpu, 3->3->1 MB, 4 MB goal, 0 MB stacks, 0 MB globals, 4 P
gc 3844 @53.275s 2%: 0.10+0.91+0.054 ms clock, 0.40+0.62/0.75/0+0.21 ms cpu, 3->3->1 MB, 4 MB goal, 0 MB stacks, 0 MB globals, 4 P
gc 3845 @53.280s 2%: 0.068+0.72+0.039 ms clock, 0.27+0.81/0.55/0+0.15 ms cpu, 3->3->1 MB, 4 MB goal, 0 MB stacks, 0 MB globals, 4 P
gc 3846 @53.285s 2%: 0.072+1.5+0.052 ms clock, 0.28+0.44/0.56/0+0.21 ms cpu, 3->3->1 MB, 4 MB goal, 0 MB stacks, 0 MB globals, 4 P
gc 3847 @53.290s 2%: 0.33+0.76+0.020 ms clock, 1.3+0.26/0.96/0.084+0.083 ms cpu, 3->3->1 MB, 4 MB goal, 0 MB stacks, 0 MB globals, 4 P
gc 3848 @53.295s 2%: 0.051+1.2+0.009 ms clock, 0.20+1.0/0.049/0+0.038 ms cpu, 3->3->1 MB, 4 MB goal, 0 MB stacks, 0 MB globals, 4 P
gc 3849 @53.300s 2%: 0.071+1.4+0.004 ms clock, 0.28+1.3/0.61/0+0.016 ms cpu, 3->3->1 MB, 4 MB goal, 0 MB stacks, 0 MB globals, 4 P
gc 3850 @53.305s 2%: 0.31+0.77+0.031 ms clock, 1.2+0.33/0.96/0+0.12 ms cpu, 3->3->1 MB, 4 MB goal, 0 MB stacks, 0 MB globals, 4 P
gc 3851 @53.310s 2%: 0.045+0.93+0.050 ms clock, 0.18+0.55/0.69/0+0.20 ms cpu, 3->3->1 MB, 4 MB goal, 0 MB stacks, 0 MB globals, 4 P
gc 3852 @53.315s 2%: 0.064+0.92+0.042 ms clock, 0.25+0.63/0.75/0+0.17 ms cpu, 3->3->1 MB, 4 MB goal, 0 MB stacks, 0 MB globals, 4 P
gc 3853 @53.320s 2%: 0.029+1.1+0.096 ms clock, 0.11+0.64/0.59/0+0.38 ms cpu, 3->3->1 MB, 4 MB goal, 0 MB stacks, 0 MB globals, 4 P
gc 3854 @53.325s 2%: 0.051+1.3+0.079 ms clock, 0.20+0.79/0.69/0+0.31 ms cpu, 3->3->1 MB, 4 MB goal, 0 MB stacks, 0 MB globals, 4 P
gc 3855 @53.331s 2%: 0.046+1.9+0.006 ms clock, 0.18+0.61/0.51/0+0.027 ms cpu, 3->3->1 MB, 4 MB goal, 0 MB stacks, 0 MB globals, 4 P
gc 3856 @53.336s 2%: 0.046+0.53+0.028 ms clock, 0.18+0.86/0.42/0+0.11 ms cpu, 3->3->1 MB, 4 MB goal, 0 MB stacks, 0 MB globals, 4 P
gc 3857 @53.341s 2%: 0.029+1.8+0.063 ms clock, 0.11+0.70/0.44/0+0.25 ms cpu, 3->3->1 MB, 4 MB goal, 0 MB stacks, 0 MB globals, 4 P
gc 3858 @53.346s 2%: 0.065+1.4+0.022 ms clock, 0.26+0.53/0.57/0+0.089 ms cpu, 3->3->1 MB, 4 MB goal, 0 MB stacks, 0 MB globals, 4 P
gc 3859 @53.351s 2%: 0.053+0.50+0.023 ms clock, 0.21+0.83/0.38/0+0.094 ms cpu, 3->3->1 MB, 4 MB goal, 0 MB stacks, 0 MB globals, 4 P
gc 3860 @53.356s 2%: 0.075+0.52+0.057 ms clock, 0.30+0.81/0.40/0+0.22 ms cpu, 3->3->1 MB, 4 MB goal, 0 MB stacks, 0 MB globals, 4 P
gc 3861 @53.360s 2%: 0.070+0.73+0.023 ms clock, 0.28+0.74/0.55/0+0.095 ms cpu, 3->3->1 MB, 4 MB goal, 0 MB stacks, 0 MB globals, 4 P
gc 3862 @53.365s 2%: 0.057+1.0+0.043 ms clock, 0.22+0.46/0.46/0.063+0.17 ms cpu, 3->3->1 MB, 4 MB goal, 0 MB stacks, 0 MB globals, 4 P
gc 3863 @53.370s 2%: 0.074+0.90+0.019 ms clock, 0.29+0.47/0.47/0+0.076 ms cpu, 3->3->1 MB, 4 MB goal, 0 MB stacks, 0 MB globals, 4 P
gc 3864 @53.376s 2%: 0.096+0.63+0.058 ms clock, 0.38+0.79/0.40/0+0.23 ms cpu, 3->3->1 MB, 4 MB goal, 0 MB stacks, 0 MB globals, 4 P
gc 3865 @53.381s 2%: 0.052+1.4+0.098 ms clock, 0.21+1.2/0.63/0+0.39 ms cpu, 3->3->1 MB, 4 MB goal, 0 MB stacks, 0 MB globals, 4 P
gc 3866 @53.386s 2%: 0.29+1.4+0.003 ms clock, 1.1+0.25/0.84/0.087+0.015 ms cpu, 3->3->1 MB, 4 MB goal, 0 MB stacks, 0 MB globals, 4 P
gc 3867 @53.391s 2%: 0.070+1.2+0.088 ms clock, 0.28+1.1/0/0+0.35 ms cpu, 3->3->1 MB, 4 MB goal, 0 MB stacks, 0 MB globals, 4 P
gc 3868 @53.396s 2%: 0.39+1.3+0.038 ms clock, 1.5+0.61/0.59/0+0.15 ms cpu, 3->3->1 MB, 4 MB goal, 0 MB stacks, 0 MB globals, 4 P
gc 3869 @53.401s 2%: 0.049+0.91+0.021 ms clock, 0.19+0.96/0.70/0+0.087 ms cpu, 3->3->1 MB, 4 MB goal, 0 MB stacks, 0 MB globals, 4 P
gc 3870 @53.406s 2%: 0.22+1.4+0.009 ms clock, 0.90+0.25/0.64/0+0.038 ms cpu, 3->3->1 MB, 4 MB goal, 0 MB stacks, 0 MB globals, 4 P
gc 3871 @53.411s 2%: 0.081+0.61+0.029 ms clock, 0.32+0.86/0.51/0+0.11 ms cpu, 3->3->1 MB, 4 MB goal, 0 MB stacks, 0 MB globals, 4 P
gc 3872 @53.416s 2%: 0.070+1.5+0.045 ms clock, 0.28+1.1/0.70/0+0.18 ms cpu, 3->3->1 MB, 4 MB goal, 0 MB stacks, 0 MB globals, 4 P
gc 3873 @53.422s 2%: 0.063+1.7+0.003 ms clock, 0.25+0.33/1.0/0+0.013 ms cpu, 3->3->1 MB, 4 MB goal, 0 MB stacks, 0 MB globals, 4 P
gc 3874 @53.427s 2%: 0.23+0.95+0.003 ms clock, 0.94+1.0/0.76/0+0.015 ms cpu, 3->3->1 MB, 4 MB goal, 0 MB stacks, 0 MB globals, 4 P
gc 3875 @53.432s 2%: 0.091+0.64+0.056 ms clock, 0.36+0.71/0.51/0+0.22 ms cpu, 3->3->1 MB, 4 MB goal, 0 MB stacks, 0 MB globals, 4 P
gc 3876 @53.437s 2%: 0.073+1.0+0.002 ms clock, 0.29+0.54/0.41/0+0.011 ms cpu, 3->3->1 MB, 4 MB goal, 0 MB stacks, 0 MB globals, 4 P
gc 3877 @53.442s 2%: 0.10+1.2+0.039 ms clock, 0.40+0.58/1.0/0+0.15 ms cpu, 3->3->1 MB, 4 MB goal, 0 MB stacks, 0 MB globals, 4 P
gc 3878 @53.447s 2%: 0.11+1.6+0.008 ms clock, 0.44+0.24/0.85/0+0.035 ms cpu, 3->3->1 MB, 4 MB goal, 0 MB stacks, 0 MB globals, 4 P
gc 3879 @53.452s 2%: 0.049+1.2+0.032 ms clock, 0.19+0.90/0.90/0+0.13 ms cpu, 3->3->1 MB, 4 MB goal, 0 MB stacks, 0 MB globals, 4 P
gc 3880 @53.457s 2%: 0.090+1.5+0.019 ms clock, 0.36+2.0/0.32/0+0.078 ms cpu, 3->3->1 MB, 4 MB goal, 0 MB stacks, 0 MB globals, 4 P
gc 3881 @53.462s 2%: 0.042+0.73+0.020 ms clock, 0.17+0.54/0.60/0+0.083 ms cpu, 3->3->1 MB, 4 MB goal, 0 MB stacks, 0 MB globals, 4 P
gc 3882 @53.467s 2%: 0.053+0.64+0.072 ms clock, 0.21+0.84/0.49/0+0.28 ms cpu, 3->3->1 MB, 4 MB goal, 0 MB stacks, 0 MB globals, 4 P
gc 3883 @53.472s 2%: 0.064+1.4+0.030 ms clock, 0.25+0.48/0.59/0+0.12 ms cpu, 3->3->1 MB, 4 MB goal, 0 MB stacks, 0 MB globals, 4 P
gc 3884 @53.477s 2%: 0.046+0.56+0.054 ms clock, 0.18+0.84/0.45/0+0.21 ms cpu, 3->3->1 MB, 4 MB goal, 0 MB stacks, 0 MB globals, 4 P
gc 3885 @53.482s 2%: 0.088+0.69+0.038 ms clock, 0.35+0.62/0.56/0+0.15 ms cpu, 3->3->1 MB, 4 MB goal, 0 MB stacks, 0 MB globals, 4 P
gc 3886 @53.487s 2%: 0.052+1.5+0.006 ms clock, 0.21+0.56/0.56/0+0.027 ms cpu, 3->3->1 MB, 4 MB goal, 0 MB stacks, 0 MB globals, 4 P
gc 3887 @53.492s 2%: 0.039+1.2+0.004 ms clock, 0.15+0.96/0.001/0+0.017 ms cpu, 3->3->1 MB, 4 MB goal, 0 MB stacks, 0 MB globals, 4 P
gc 3888 @53.497s 2%: 0.10+1.1+0.071 ms clock, 0.40+0.88/0.54/0+0.28 ms cpu, 3->3->1 MB, 4 MB goal, 0 MB stacks, 0 MB globals, 4 P
gc 3889 @53.502s 2%: 0.090+0.68+0.028 ms clock, 0.36+0.18/0.63/0.59+0.11 ms cpu, 3->3->1 MB, 4 MB goal, 0 MB stacks, 0 MB globals, 4 P
gc 3890 @53.507s 2%: 0.053+1.5+0.081 ms clock, 0.21+0.73/0.50/0+0.32 ms cpu, 3->3->1 MB, 4 MB goal, 0 MB stacks, 0 MB globals, 4 P
gc 3891 @53.512s 2%: 0.083+0.95+0.063 ms clock, 0.33+0.54/0.71/0+0.25 ms cpu, 3->3->1 MB, 4 MB goal, 0 MB stacks, 0 MB globals, 4 P
gc 3892 @53.517s 2%: 0.085+0.63+0.061 ms clock, 0.34+1.1/0/0+0.24 ms cpu, 3->3->1 MB, 4 MB goal, 0 MB stacks, 0 MB globals, 4 P
gc 3893 @53.522s 2%: 0.079+1.0+0.004 ms clock, 0.31+0.18/0.59/0+0.016 ms cpu, 3->3->1 MB, 4 MB goal, 0 MB stacks, 0 MB globals, 4 P
gc 3894 @53.527s 2%: 0.052+0.54+0.027 ms clock, 0.20+0.84/0.43/0+0.11 ms cpu, 3->3->1 MB, 4 MB goal, 0 MB stacks, 0 MB globals, 4 P
gc 3895 @53.532s 2%: 0.058+0.61+0.047 ms clock, 0.23+0.90/0.44/0+0.18 ms cpu, 3->3->1 MB, 4 MB goal, 0 MB stacks, 0 MB globals, 4 P
gc 3896 @53.537s 2%: 0.089+0.62+0.020 ms clock, 0.35+0.44/0.52/0+0.081 ms cpu, 3->3->1 MB, 4 MB goal, 0 MB stacks, 0 MB globals, 4 P
gc 3897 @53.541s 2%: 0.023+0.85+0.054 ms clock, 0.094+0.90/0.58/0+0.21 ms cpu, 3->3->1 MB, 4 MB goal, 0 MB stacks, 0 MB globals, 4 P
gc 3898 @53.546s 2%: 0.092+1.6+0.096 ms clock, 0.37+0.66/0.61/0+0.38 ms cpu, 3->3->1 MB, 4 MB goal, 0 MB stacks, 0 MB globals, 4 P
gc 3899 @53.551s 2%: 0.026+0.56+0.036 ms clock, 0.10+0.84/0.41/0+0.14 ms cpu, 3->3->1 MB, 4 MB goal, 0 MB stacks, 0 MB globals, 4 P
gc 3900 @53.556s 2%: 0.065+2.0+0.006 ms clock, 0.26+0.41/0.61/0+0.026 ms cpu, 3->3->1 MB, 4 MB goal, 0 MB stacks, 0 MB globals, 4 P
gc 3901 @53.562s 2%: 0.055+0.88+0.051 ms clock, 0.22+0.74/0.73/0+0.20 ms cpu, 3->3->1 MB, 4 MB goal, 0 MB stacks, 0 MB globals, 4 P
gc 3902 @53.567s 2%: 0.072+0.62+0.018 ms clock, 0.29+0.86/0.52/0+0.074 ms cpu, 3->3->1 MB, 4 MB goal, 0 MB stacks, 0 MB globals, 4 P
gc 3903 @53.571s 2%: 0.095+0.86+0.070 ms clock, 0.38+0.69/0.77/0+0.28 ms cpu, 3->3->1 MB, 4 MB goal, 0 MB stacks, 0 MB globals, 4 P
gc 3904 @53.576s 2%: 0.065+0.75+0.021 ms clock, 0.26+0.75/0.59/0+0.086 ms cpu, 3->3->1 MB, 4 MB goal, 0 MB stacks, 0 MB globals, 4 P
gc 3905 @53.581s 2%: 0.066+0.89+0.019 ms clock, 0.26+0.48/0.54/0+0.076 ms cpu, 3->3->1 MB, 4 MB goal, 0 MB stacks, 0 MB globals, 4 P
gc 3906 @53.586s 2%: 0.058+1.7+0.083 ms clock, 0.23+0.74/0.69/0+0.33 ms cpu, 3->3->1 MB, 4 MB goal, 0 MB stacks, 0 MB globals, 4 P
gc 3907 @53.591s 2%: 0.063+1.2+0.083 ms clock, 0.25+0.66/0.73/0+0.33 ms cpu, 3->3->1 MB, 4 MB goal, 0 MB stacks, 0 MB globals, 4 P
gc 3908 @53.596s 2%: 0.061+1.5+0.018 ms clock, 0.24+0.95/0.14/0+0.074 ms cpu, 3->3->1 MB, 4 MB goal, 0 MB stacks, 0 MB globals, 4 P
gc 3909 @53.602s 2%: 0.065+0.78+0.051 ms clock, 0.26+0.70/0.67/0+0.20 ms cpu, 3->3->1 MB, 4 MB goal, 0 MB stacks, 0 MB globals, 4 P
gc 3910 @53.606s 2%: 0.063+0.85+0.022 ms clock, 0.25+1.0/0.001/0+0.091 ms cpu, 3->3->1 MB, 4 MB goal, 0 MB stacks, 0 MB globals, 4 P
gc 3911 @53.611s 2%: 0.089+0.60+0.036 ms clock, 0.35+0.79/0.43/0+0.14 ms cpu, 3->3->1 MB, 4 MB goal, 0 MB stacks, 0 MB globals, 4 P
gc 3912 @53.616s 2%: 0.26+1.9+0.051 ms clock, 1.0+0.66/1.0/0.018+0.20 ms cpu, 3->3->1 MB, 4 MB goal, 0 MB stacks, 0 MB globals, 4 P
gc 3913 @53.621s 2%: 0.074+0.66+0.050 ms clock, 0.29+0.53/0.52/0+0.20 ms cpu, 3->3->1 MB, 4 MB goal, 0 MB stacks, 0 MB globals, 4 P
gc 3914 @53.626s 2%: 0.094+0.65+0.019 ms clock, 0.37+0.77/0.46/0+0.079 ms cpu, 3->3->1 MB, 4 MB goal, 0 MB stacks, 0 MB globals, 4 P
gc 3915 @53.631s 2%: 0.094+0.67+0.017 ms clock, 0.37+0.58/0.53/0+0.070 ms cpu, 3->3->1 MB, 4 MB goal, 0 MB stacks, 0 MB globals, 4 P
gc 3916 @53.636s 2%: 0.043+0.77+0.018 ms clock, 0.17+0.87/0.41/0+0.073 ms cpu, 3->3->1 MB, 4 MB goal, 0 MB stacks, 0 MB globals, 4 P
gc 3917 @53.641s 2%: 0.080+1.3+0.018 ms clock, 0.32+0.58/1.3/0+0.073 ms cpu, 3->3->1 MB, 4 MB goal, 0 MB stacks, 0 MB globals, 4 P
gc 3918 @53.646s 2%: 0.051+0.71+0.007 ms clock, 0.20+0.71/0.40/0+0.031 ms cpu, 3->3->1 MB, 4 MB goal, 0 MB stacks, 0 MB globals, 4 P
gc 3919 @53.651s 2%: 0.057+0.63+0.011 ms clock, 0.23+0.70/0.49/0+0.046 ms cpu, 3->3->1 MB, 4 MB goal, 0 MB stacks, 0 MB globals, 4 P
gc 3920 @53.656s 2%: 0.038+0.63+0.048 ms clock, 0.15+0.82/0.51/0+0.19 ms cpu, 3->3->1 MB, 4 MB goal, 0 MB stacks, 0 MB globals, 4 P
gc 3921 @53.661s 2%: 0.050+0.61+0.042 ms clock, 0.20+0.79/0.48/0+0.17 ms cpu, 3->3->1 MB, 4 MB goal, 0 MB stacks, 0 MB globals, 4 P
gc 3922 @53.666s 2%: 0.11+0.80+0.037 ms clock, 0.45+0.59/0.58/0+0.15 ms cpu, 3->3->1 MB, 4 MB goal, 0 MB stacks, 0 MB globals, 4 P
gc 3923 @53.671s 2%: 0.28+0.57+0.035 ms clock, 1.1+0.37/0.74/0.17+0.14 ms cpu, 3->3->1 MB, 4 MB goal, 0 MB stacks, 0 MB globals, 4 P
gc 3924 @53.676s 2%: 0.066+1.4+0.035 ms clock, 0.26+0.45/0.62/0+0.14 ms cpu, 3->3->1 MB, 4 MB goal, 0 MB stacks, 0 MB globals, 4 P
gc 3925 @53.681s 2%: 0.27+1.0+0.026 ms clock, 1.0+0.37/0.56/0+0.10 ms cpu, 3->3->1 MB, 4 MB goal, 0 MB stacks, 0 MB globals, 4 P
gc 3926 @53.686s 2%: 0.059+0.61+0.042 ms clock, 0.23+0.67/0.51/0+0.16 ms cpu, 3->3->1 MB, 4 MB goal, 0 MB stacks, 0 MB globals, 4 P
gc 3927 @53.691s 2%: 0.022+0.85+0.043 ms clock, 0.089+0.87/0.63/0+0.17 ms cpu, 3->3->1 MB, 4 MB goal, 0 MB stacks, 0 MB globals, 4 P
gc 3928 @53.696s 2%: 0.049+0.90+0.051 ms clock, 0.19+0.78/0.67/0+0.20 ms cpu, 3->3->1 MB, 4 MB goal, 0 MB stacks, 0 MB globals, 4 P
gc 3929 @53.701s 2%: 0.097+1.4+0.056 ms clock, 0.39+0.52/0.52/0+0.22 ms cpu, 3->3->1 MB, 4 MB goal, 0 MB stacks, 0 MB globals, 4 P
gc 3930 @53.706s 2%: 0.45+0.93+0.024 ms clock, 1.8+0.48/1.2/0+0.099 ms cpu, 3->3->1 MB, 4 MB goal, 0 MB stacks, 0 MB globals, 4 P
gc 3931 @53.711s 2%: 0.089+1.6+0.039 ms clock, 0.35+0.60/0.70/0+0.15 ms cpu, 3->3->1 MB, 4 MB goal, 0 MB stacks, 0 MB globals, 4 P
gc 3932 @53.716s 2%: 0.097+1.8+0.045 ms clock, 0.39+0.53/0.50/0+0.18 ms cpu, 3->3->1 MB, 4 MB goal, 0 MB stacks, 0 MB globals, 4 P
gc 3933 @53.721s 2%: 0.058+1.0+0.064 ms clock, 0.23+0.54/0.69/0+0.25 ms cpu, 3->3->1 MB, 4 MB goal, 0 MB stacks, 0 MB globals, 4 P
gc 3934 @53.727s 2%: 0.065+1.0+0.053 ms clock, 0.26+0.94/0.50/0+0.21 ms cpu, 3->3->1 MB, 4 MB goal, 0 MB stacks, 0 MB globals, 4 P
gc 3935 @53.731s 2%: 0.073+0.50+0.032 ms clock, 0.29+0.89/0.45/0+0.13 ms cpu, 3->3->1 MB, 4 MB goal, 0 MB stacks, 0 MB globals, 4 P
gc 3936 @53.736s 2%: 0.46+0.48+0.060 ms clock, 1.8+0.34/0.79/0+0.24 ms cpu, 3->3->1 MB, 4 MB goal, 0 MB stacks, 0 MB globals, 4 P
gc 3937 @53.741s 2%: 0.063+0.75+0.029 ms clock, 0.25+0.75/0.64/0+0.11 ms cpu, 3->3->1 MB, 4 MB goal, 0 MB stacks, 0 MB globals, 4 P
gc 3938 @53.746s 2%: 0.12+0.95+0.082 ms clock, 0.50+0.57/0.59/0+0.33 ms cpu, 3->3->1 MB, 4 MB goal, 0 MB stacks, 0 MB globals, 4 P
gc 3939 @53.751s 2%: 0.31+1.0+0.059 ms clock, 1.2+0.43/1.1/0+0.23 ms cpu, 3->3->1 MB, 4 MB goal, 0 MB stacks, 0 MB globals, 4 P
gc 3940 @53.756s 2%: 0.063+0.95+0.041 ms clock, 0.25+1.0/0.004/0+0.16 ms cpu, 3->3->1 MB, 4 MB goal, 0 MB stacks, 0 MB globals, 4 P
gc 3941 @53.761s 2%: 0.036+0.72+0.058 ms clock, 0.14+0.77/0.45/0+0.23 ms cpu, 3->3->1 MB, 4 MB goal, 0 MB stacks, 0 MB globals, 4 P
gc 3942 @53.766s 2%: 0.051+0.63+0.025 ms clock, 0.20+0.65/0.51/0+0.10 ms cpu, 3->3->1 MB, 4 MB goal, 0 MB stacks, 0 MB globals, 4 P
gc 3943 @53.771s 2%: 0.056+0.62+0.024 ms clock, 0.22+0.72/0.51/0+0.098 ms cpu, 3->3->1 MB, 4 MB goal, 0 MB stacks, 0 MB globals, 4 P
gc 3944 @53.776s 2%: 0.068+1.1+0.026 ms clock, 0.27+0.64/0.85/0+0.10 ms cpu, 3->3->1 MB, 4 MB goal, 0 MB stacks, 0 MB globals, 4 P
gc 3945 @53.782s 2%: 0.34+0.33+0.024 ms clock, 1.3+0/0.53/0.67+0.097 ms cpu, 3->3->1 MB, 4 MB goal, 0 MB stacks, 0 MB globals, 4 P
gc 3946 @53.786s 2%: 0.057+1.0+0.087 ms clock, 0.23+0.67/0.47/0+0.34 ms cpu, 3->3->1 MB, 4 MB goal, 0 MB stacks, 0 MB globals, 4 P
gc 3947 @53.791s 2%: 0.077+1.0+0.079 ms clock, 0.30+0.35/0.60/0+0.31 ms cpu, 3->3->1 MB, 4 MB goal, 0 MB stacks, 0 MB globals, 4 P
gc 3948 @53.797s 2%: 0.059+1.0+0.050 ms clock, 0.23+0.83/0.91/0+0.20 ms cpu, 3->3->1 MB, 4 MB goal, 0 MB stacks, 0 MB globals, 4 P
gc 3949 @53.802s 2%: 0.069+1.8+0.011 ms clock, 0.27+0.76/0.52/0+0.046 ms cpu, 3->3->1 MB, 4 MB goal, 0 MB stacks, 0 MB globals, 4 P
gc 3950 @53.807s 2%: 0.067+2.2+0.004 ms clock, 0.26+0.96/0.63/0+0.018 ms cpu, 3->4->1 MB, 4 MB goal, 0 MB stacks, 0 MB globals, 4 P
gc 3951 @53.812s 2%: 0.068+0.61+0.054 ms clock, 0.27+0.50/0.53/0+0.21 ms cpu, 3->3->1 MB, 4 MB goal, 0 MB stacks, 0 MB globals, 4 P
gc 3952 @53.817s 2%: 0.091+0.61+0.038 ms clock, 0.36+0.57/0.53/0+0.15 ms cpu, 3->3->1 MB, 4 MB goal, 0 MB stacks, 0 MB globals, 4 P
gc 3953 @53.822s 2%: 0.044+1.8+0.049 ms clock, 0.17+0.72/0.48/0+0.19 ms cpu, 3->3->1 MB, 4 MB goal, 0 MB stacks, 0 MB globals, 4 P
gc 3954 @53.827s 2%: 0.058+1.7+0.002 ms clock, 0.23+0.56/0.57/0.069+0.011 ms cpu, 3->3->1 MB, 4 MB goal, 0 MB stacks, 0 MB globals, 4 P
gc 3955 @53.832s 2%: 0.050+1.5+0.008 ms clock, 0.20+0.45/0.55/0+0.035 ms cpu, 3->3->1 MB, 4 MB goal, 0 MB stacks, 0 MB globals, 4 P
gc 3956 @53.837s 2%: 0.10+1.0+0.005 ms clock, 0.41+0.46/0.54/0+0.021 ms cpu, 3->3->1 MB, 4 MB goal, 0 MB stacks, 0 MB globals, 4 P
gc 3957 @53.842s 2%: 0.092+0.63+0.062 ms clock, 0.36+0.81/0.50/0+0.24 ms cpu, 3->3->1 MB, 4 MB goal, 0 MB stacks, 0 MB globals, 4 P
gc 3958 @53.847s 2%: 0.061+1.7+0.061 ms clock, 0.24+0.83/0.64/0+0.24 ms cpu, 3->3->1 MB, 4 MB goal, 0 MB stacks, 0 MB globals, 4 P
gc 3959 @53.852s 2%: 0.056+1.3+0.029 ms clock, 0.22+0.67/0.57/0+0.11 ms cpu, 3->3->1 MB, 4 MB goal, 0 MB stacks, 0 MB globals, 4 P
gc 3960 @53.857s 2%: 0.044+0.46+0.033 ms clock, 0.17+0.74/0.41/0+0.13 ms cpu, 3->3->1 MB, 4 MB goal, 0 MB stacks, 0 MB globals, 4 P
gc 3961 @53.862s 2%: 0.075+0.69+0.058 ms clock, 0.30+0.52/0.58/0+0.23 ms cpu, 3->3->1 MB, 4 MB goal, 0 MB stacks, 0 MB globals, 4 P
gc 3962 @53.867s 2%: 0.073+0.72+0.060 ms clock, 0.29+0.80/0.41/0.016+0.24 ms cpu, 3->3->1 MB, 4 MB goal, 0 MB stacks, 0 MB globals, 4 P
gc 3963 @53.872s 2%: 0.075+1.0+0.023 ms clock, 0.30+0.91/0/0+0.093 ms cpu, 3->3->1 MB, 4 MB goal, 0 MB stacks, 0 MB globals, 4 P
gc 3964 @53.877s 2%: 0.050+0.71+0.028 ms clock, 0.20+0.77/0.56/0+0.11 ms cpu, 3->3->1 MB, 4 MB goal, 0 MB stacks, 0 MB globals, 4 P
gc 3965 @53.882s 2%: 0.063+0.97+0.057 ms clock, 0.25+0.58/0.74/0+0.22 ms cpu, 3->3->1 MB, 4 MB goal, 0 MB stacks, 0 MB globals, 4 P
gc 3966 @53.887s 2%: 0.086+0.54+0.038 ms clock, 0.34+0.86/0.48/0+0.15 ms cpu, 3->3->1 MB, 4 MB goal, 0 MB stacks, 0 MB globals, 4 P
gc 3967 @53.892s 2%: 0.083+0.72+0.047 ms clock, 0.33+0.61/0.55/0+0.19 ms cpu, 3->3->1 MB, 4 MB goal, 0 MB stacks, 0 MB globals, 4 P
gc 3968 @53.897s 2%: 0.040+0.63+0.030 ms clock, 0.16+0.70/0.54/0+0.12 ms cpu, 3->3->1 MB, 4 MB goal, 0 MB stacks, 0 MB globals, 4 P
gc 3969 @53.901s 2%: 0.055+2.4+0.030 ms clock, 0.22+0.52/0.45/0+0.12 ms cpu, 3->4->1 MB, 4 MB goal, 0 MB stacks, 0 MB globals, 4 P
gc 3970 @53.907s 2%: 0.35+0.73+0.006 ms clock, 1.4+0.32/0.99/0+0.027 ms cpu, 3->3->1 MB, 4 MB goal, 0 MB stacks, 0 MB globals, 4 P
gc 3971 @53.912s 2%: 0.074+0.61+0.059 ms clock, 0.29+0.56/0.50/0+0.23 ms cpu, 3->3->1 MB, 4 MB goal, 0 MB stacks, 0 MB globals, 4 P
gc 3972 @53.917s 2%: 0.43+0.81+0.058 ms clock, 1.7+0.040/0.97/0+0.23 ms cpu, 3->3->1 MB, 4 MB goal, 0 MB stacks, 0 MB globals, 4 P
gc 3973 @53.922s 2%: 0.045+0.88+0.056 ms clock, 0.18+0.60/0.54/0+0.22 ms cpu, 3->3->1 MB, 4 MB goal, 0 MB stacks, 0 MB globals, 4 P
gc 3974 @53.926s 2%: 0.036+1.7+0.055 ms clock, 0.14+0.94/0.41/0+0.22 ms cpu, 3->3->1 MB, 4 MB goal, 0 MB stacks, 0 MB globals, 4 P
gc 3975 @53.932s 2%: 0.043+1.7+0.044 ms clock, 0.17+0.55/0.51/0+0.17 ms cpu, 3->3->1 MB, 4 MB goal, 0 MB stacks, 0 MB globals, 4 P
gc 3976 @53.937s 2%: 0.044+1.2+0.016 ms clock, 0.17+0.51/1.1/0+0.066 ms cpu, 3->3->1 MB, 4 MB goal, 0 MB stacks, 0 MB globals, 4 P
gc 3977 @53.942s 2%: 0.089+1.7+0.047 ms clock, 0.35+0.83/0.62/0+0.18 ms cpu, 3->3->1 MB, 4 MB goal, 0 MB stacks, 0 MB globals, 4 P
gc 3978 @53.947s 2%: 0.045+1.6+0.024 ms clock, 0.18+0.83/1.5/0+0.096 ms cpu, 3->3->1 MB, 4 MB goal, 0 MB stacks, 0 MB globals, 4 P
gc 3979 @53.952s 2%: 0.092+1.0+0.042 ms clock, 0.36+0.33/0.63/0+0.16 ms cpu, 3->3->1 MB, 4 MB goal, 0 MB stacks, 0 MB globals, 4 P
gc 3980 @53.957s 2%: 0.088+2.0+0.096 ms clock, 0.35+0.58/0.65/0+0.38 ms cpu, 3->3->1 MB, 4 MB goal, 0 MB stacks, 0 MB globals, 4 P
gc 3981 @53.963s 2%: 0.047+0.93+0.070 ms clock, 0.18+0.83/0.77/0+0.28 ms cpu, 3->3->1 MB, 4 MB goal, 0 MB stacks, 0 MB globals, 4 P
gc 3982 @53.968s 2%: 0.077+0.56+0.054 ms clock, 0.30+0.88/0.45/0+0.21 ms cpu, 3->3->1 MB, 4 MB goal, 0 MB stacks, 0 MB globals, 4 P
gc 3983 @53.972s 2%: 1.9+0.74+0.067 ms clock, 7.7+0.22/2.1/0+0.26 ms cpu, 3->3->1 MB, 4 MB goal, 0 MB stacks, 0 MB globals, 4 P
gc 3984 @53.978s 2%: 0.042+1.4+0.069 ms clock, 0.16+0.84/0.87/0+0.27 ms cpu, 3->3->1 MB, 4 MB goal, 0 MB stacks, 0 MB globals, 4 P
gc 3985 @53.983s 2%: 0.042+0.53+0.032 ms clock, 0.16+0.67/0.45/0+0.13 ms cpu, 3->3->1 MB, 4 MB goal, 0 MB stacks, 0 MB globals, 4 P
gc 3986 @53.988s 2%: 0.090+1.6+0.017 ms clock, 0.36+0.45/0.63/0+0.069 ms cpu, 3->3->1 MB, 4 MB goal, 0 MB stacks, 0 MB globals, 4 P
gc 3987 @53.993s 2%: 0.29+1.1+0.056 ms clock, 1.1+0.50/1.1/0+0.22 ms cpu, 3->3->1 MB, 4 MB goal, 0 MB stacks, 0 MB globals, 4 P
gc 3988 @53.998s 2%: 0.060+1.5+0.048 ms clock, 0.24+0.73/1.0/0+0.19 ms cpu, 3->3->1 MB, 4 MB goal, 0 MB stacks, 0 MB globals, 4 P
gc 3989 @54.003s 2%: 2.2+0.32+0.089 ms clock, 9.0+0.46/2.3/0+0.35 ms cpu, 3->3->1 MB, 4 MB goal, 0 MB stacks, 0 MB globals, 4 P
gc 3990 @54.008s 2%: 0.10+1.4+0.038 ms clock, 0.40+0.29/0.65/0+0.15 ms cpu, 3->3->1 MB, 4 MB goal, 0 MB stacks, 0 MB globals, 4 P
gc 3991 @54.014s 2%: 0.064+0.83+0.010 ms clock, 0.25+0.73/0.57/0+0.043 ms cpu, 3->3->1 MB, 4 MB goal, 0 MB stacks, 0 MB globals, 4 P
gc 3992 @54.018s 2%: 0.054+1.5+0.026 ms clock, 0.21+0.38/0.62/0+0.10 ms cpu, 3->3->1 MB, 4 MB goal, 0 MB stacks, 0 MB globals, 4 P
gc 3993 @54.023s 2%: 0.38+1.8+0.014 ms clock, 1.5+0.29/0.89/0+0.059 ms cpu, 3->3->1 MB, 4 MB goal, 0 MB stacks, 0 MB globals, 4 P
gc 3994 @54.029s 2%: 0.062+1.2+0.078 ms clock, 0.24+0.51/0.55/0+0.31 ms cpu, 3->3->1 MB, 4 MB goal, 0 MB stacks, 0 MB globals, 4 P
gc 3995 @54.034s 2%: 0.099+1.4+0.039 ms clock, 0.39+0.98/1.0/0+0.15 ms cpu, 3->3->1 MB, 4 MB goal, 0 MB stacks, 0 MB globals, 4 P
gc 3996 @54.039s 2%: 0.69+1.1+0.003 ms clock, 2.7+0.62/0.92/0+0.014 ms cpu, 3->3->1 MB, 4 MB goal, 0 MB stacks, 0 MB globals, 4 P
gc 3997 @54.044s 2%: 0.035+0.81+0.045 ms clock, 0.14+0.76/0.67/0+0.18 ms cpu, 3->3->1 MB, 4 MB goal, 0 MB stacks, 0 MB globals, 4 P
gc 3998 @54.049s 2%: 0.047+0.57+0.020 ms clock, 0.19+1.0/0.11/0+0.080 ms cpu, 3->3->1 MB, 4 MB goal, 0 MB stacks, 0 MB globals, 4 P
gc 3999 @54.054s 2%: 0.095+0.64+0.062 ms clock, 0.38+0.90/0.49/0+0.24 ms cpu, 3->3->1 MB, 4 MB goal, 0 MB stacks, 0 MB globals, 4 P
gc 4000 @54.059s 2%: 0.077+0.60+0.047 ms clock, 0.30+0.82/0.51/0+0.18 ms cpu, 3->3->1 MB, 4 MB goal, 0 MB stacks, 0 MB globals, 4 P
gc 4001 @54.064s 2%: 0.073+1.6+0.027 ms clock, 0.29+0.90/0.58/0+0.10 ms cpu, 3->3->1 MB, 4 MB goal, 0 MB stacks, 0 MB globals, 4 P
gc 4002 @54.069s 2%: 0.41+0.84+0.026 ms clock, 1.6+0.47/1.0/0+0.10 ms cpu, 3->3->1 MB, 4 MB goal, 0 MB stacks, 0 MB globals, 4 P
gc 4003 @54.074s 2%: 0.044+0.54+0.047 ms clock, 0.17+0.90/0.42/0+0.19 ms cpu, 3->3->1 MB, 4 MB goal, 0 MB stacks, 0 MB globals, 4 P
gc 4004 @54.079s 2%: 0.056+1.2+0.010 ms clock, 0.22+0.49/0.53/0+0.042 ms cpu, 3->3->1 MB, 4 MB goal, 0 MB stacks, 0 MB globals, 4 P
gc 4005 @54.084s 2%: 0.056+1.1+0.023 ms clock, 0.22+1.1/0.001/0+0.094 ms cpu, 3->3->1 MB, 4 MB goal, 0 MB stacks, 0 MB globals, 4 P
gc 4006 @54.089s 2%: 0.077+1.8+0.080 ms clock, 0.30+0.70/0.68/0+0.32 ms cpu, 3->3->1 MB, 4 MB goal, 0 MB stacks, 0 MB globals, 4 P
gc 4007 @54.094s 2%: 0.038+0.68+0.040 ms clock, 0.15+0.81/0.58/0+0.16 ms cpu, 3->3->1 MB, 4 MB goal, 0 MB stacks, 0 MB globals, 4 P
gc 4008 @54.099s 2%: 0.052+1.7+0.079 ms clock, 0.20+0.62/0.65/0+0.31 ms cpu, 3->3->1 MB, 4 MB goal, 0 MB stacks, 0 MB globals, 4 P
gc 4009 @54.104s 2%: 0.051+1.2+0.087 ms clock, 0.20+0.65/0.55/0+0.34 ms cpu, 3->3->1 MB, 4 MB goal, 0 MB stacks, 0 MB globals, 4 P
gc 4010 @54.109s 2%: 0.094+1.1+0.061 ms clock, 0.37+0.34/0.54/0+0.24 ms cpu, 3->3->1 MB, 4 MB goal, 0 MB stacks, 0 MB globals, 4 P
gc 4011 @54.114s 2%: 0.045+2.4+0.079 ms clock, 0.18+0.79/2.1/0+0.31 ms cpu, 3->3->1 MB, 4 MB goal, 0 MB stacks, 0 MB globals, 4 P
gc 4012 @54.120s 2%: 0.083+1.1+0.035 ms clock, 0.33+0.49/0.55/0+0.14 ms cpu, 3->3->1 MB, 4 MB goal, 0 MB stacks, 0 MB globals, 4 P
gc 4013 @54.125s 2%: 0.039+2.0+0.023 ms clock, 0.15+0.52/0.66/0+0.093 ms cpu, 3->3->1 MB, 4 MB goal, 0 MB stacks, 0 MB globals, 4 P
gc 4014 @54.130s 2%: 0.064+0.82+0.048 ms clock, 0.25+1.0/0.001/0+0.19 ms cpu, 3->3->1 MB, 4 MB goal, 0 MB stacks, 0 MB globals, 4 P
gc 4015 @54.135s 2%: 0.050+1.7+0.064 ms clock, 0.20+0.88/0.62/0+0.25 ms cpu, 3->3->1 MB, 4 MB goal, 0 MB stacks, 0 MB globals, 4 P
gc 4016 @54.140s 2%: 0.065+1.1+0.070 ms clock, 0.26+0.46/0.57/0+0.28 ms cpu, 3->3->1 MB, 4 MB goal, 0 MB stacks, 0 MB globals, 4 P
gc 4017 @54.145s 2%: 0.27+1.5+0.045 ms clock, 1.1+0.83/1.7/0.036+0.18 ms cpu, 3->3->1 MB, 4 MB goal, 0 MB stacks, 0 MB globals, 4 P
gc 4018 @54.150s 2%: 0.052+1.0+0.032 ms clock, 0.21+0.95/0.96/0.004+0.12 ms cpu, 3->3->1 MB, 4 MB goal, 0 MB stacks, 0 MB globals, 4 P
gc 4019 @54.155s 2%: 0.073+1.0+0.058 ms clock, 0.29+0.62/0.81/0+0.23 ms cpu, 3->3->1 MB, 4 MB goal, 0 MB stacks, 0 MB globals, 4 P
gc 4020 @54.160s 2%: 0.072+0.63+0.062 ms clock, 0.28+0.89/0.50/0+0.24 ms cpu, 3->3->1 MB, 4 MB goal, 0 MB stacks, 0 MB globals, 4 P
gc 4021 @54.165s 2%: 0.056+0.91+0.042 ms clock, 0.22+0.79/0.48/0.028+0.16 ms cpu, 3->3->1 MB, 4 MB goal, 0 MB stacks, 0 MB globals, 4 P
gc 4022 @54.170s 2%: 0.094+0.75+0.026 ms clock, 0.37+0.77/0.67/0+0.10 ms cpu, 3->3->1 MB, 4 MB goal, 0 MB stacks, 0 MB globals, 4 P
gc 4023 @54.175s 2%: 0.37+2.2+0.029 ms clock, 1.4+0.41/1.8/0+0.11 ms cpu, 3->4->1 MB, 4 MB goal, 0 MB stacks, 0 MB globals, 4 P
gc 4024 @54.181s 2%: 1.3+0.53+0.094 ms clock, 5.3+0.60/1.6/0+0.37 ms cpu, 3->4->1 MB, 4 MB goal, 0 MB stacks, 0 MB globals, 4 P
gc 4025 @54.186s 2%: 0.074+1.4+0.025 ms clock, 0.29+0.33/0.71/0+0.10 ms cpu, 3->3->1 MB, 4 MB goal, 0 MB stacks, 0 MB globals, 4 P
gc 4026 @54.191s 3%: 0.085+0.60+0.056 ms clock, 0.34+0.85/0.48/0+0.22 ms cpu, 3->3->1 MB, 4 MB goal, 0 MB stacks, 0 MB globals, 4 P
gc 4027 @54.196s 3%: 0.089+1.6+0.024 ms clock, 0.35+0.47/0.56/0+0.099 ms cpu, 3->3->1 MB, 4 MB goal, 0 MB stacks, 0 MB globals, 4 P
gc 4028 @54.201s 3%: 0.078+0.73+0.052 ms clock, 0.31+0.93/0.62/0+0.20 ms cpu, 3->3->1 MB, 4 MB goal, 0 MB stacks, 0 MB globals, 4 P
gc 4029 @54.206s 3%: 0.058+1.5+0.086 ms clock, 0.23+1.5/0.55/0+0.34 ms cpu, 3->3->1 MB, 4 MB goal, 0 MB stacks, 0 MB globals, 4 P
gc 4030 @54.211s 3%: 0.053+0.57+0.043 ms clock, 0.21+0.80/0.42/0+0.17 ms cpu, 3->3->1 MB, 4 MB goal, 0 MB stacks, 0 MB globals, 4 P
gc 4031 @54.216s 3%: 0.057+0.96+0.004 ms clock, 0.23+0.45/0.57/0+0.016 ms cpu, 3->3->1 MB, 4 MB goal, 0 MB stacks, 0 MB globals, 4 P
gc 4032 @54.221s 3%: 0.047+1.2+0.039 ms clock, 0.19+0.47/0.50/0+0.15 ms cpu, 3->3->1 MB, 4 MB goal, 0 MB stacks, 0 MB globals, 4 P
gc 4033 @54.227s 3%: 0.075+1.4+0.064 ms clock, 0.30+0.36/0.61/0+0.25 ms cpu, 3->3->1 MB, 4 MB goal, 0 MB stacks, 0 MB globals, 4 P
gc 4034 @54.231s 3%: 0.064+1.8+0.072 ms clock, 0.25+0.48/0.60/0+0.29 ms cpu, 3->3->1 MB, 4 MB goal, 0 MB stacks, 0 MB globals, 4 P
gc 4035 @54.237s 3%: 0.082+1.4+0.053 ms clock, 0.33+1.0/0.003/0+0.21 ms cpu, 3->3->1 MB, 4 MB goal, 0 MB stacks, 0 MB globals, 4 P
gc 4036 @54.242s 3%: 0.34+1.9+0.007 ms clock, 1.3+0.33/1.4/0+0.029 ms cpu, 3->4->1 MB, 4 MB goal, 0 MB stacks, 0 MB globals, 4 P
gc 4037 @54.247s 3%: 0.062+1.2+0.075 ms clock, 0.25+0.45/0.50/0+0.30 ms cpu, 3->3->1 MB, 4 MB goal, 0 MB stacks, 0 MB globals, 4 P
gc 4038 @54.252s 3%: 0.31+0.84+0.036 ms clock, 1.2+0.51/1.0/0+0.14 ms cpu, 3->3->1 MB, 4 MB goal, 0 MB stacks, 0 MB globals, 4 P
gc 4039 @54.257s 3%: 0.047+1.4+0.024 ms clock, 0.18+0.50/0.47/0+0.097 ms cpu, 3->3->1 MB, 4 MB goal, 0 MB stacks, 0 MB globals, 4 P
gc 4040 @54.262s 3%: 0.072+0.65+0.024 ms clock, 0.28+0.75/0.56/0+0.099 ms cpu, 3->3->1 MB, 4 MB goal, 0 MB stacks, 0 MB globals, 4 P
gc 4041 @54.267s 3%: 0.24+1.6+0.065 ms clock, 0.99+0.48/1.0/1.0+0.26 ms cpu, 3->3->1 MB, 4 MB goal, 0 MB stacks, 0 MB globals, 4 P
gc 4042 @54.272s 3%: 0.094+0.89+0.058 ms clock, 0.37+0.75/0.73/0+0.23 ms cpu, 3->3->1 MB, 4 MB goal, 0 MB stacks, 0 MB globals, 4 P
gc 4043 @54.277s 3%: 0.071+0.73+0.029 ms clock, 0.28+0.93/0.58/0+0.11 ms cpu, 3->3->1 MB, 4 MB goal, 0 MB stacks, 0 MB globals, 4 P
gc 4044 @54.282s 3%: 0.11+1.2+0.060 ms clock, 0.45+0.38/0.54/0+0.24 ms cpu, 3->3->1 MB, 4 MB goal, 0 MB stacks, 0 MB globals, 4 P
gc 4045 @54.287s 3%: 0.067+1.8+0.092 ms clock, 0.26+0.50/0.78/0+0.37 ms cpu, 3->3->1 MB, 4 MB goal, 0 MB stacks, 0 MB globals, 4 P
gc 4046 @54.293s 3%: 0.090+0.70+0.027 ms clock, 0.36+0.61/0.51/0+0.10 ms cpu, 3->3->1 MB, 4 MB goal, 0 MB stacks, 0 MB globals, 4 P
gc 4047 @54.298s 3%: 0.047+1.2+0.060 ms clock, 0.19+0.69/1.0/0+0.24 ms cpu, 3->3->1 MB, 4 MB goal, 0 MB stacks, 0 MB globals, 4 P
gc 4048 @54.303s 3%: 0.077+0.68+0.037 ms clock, 0.31+0.77/0.54/0+0.14 ms cpu, 3->3->1 MB, 4 MB goal, 0 MB stacks, 0 MB globals, 4 P
gc 4049 @54.308s 3%: 0.045+1.8+0.009 ms clock, 0.18+0.60/0.53/0+0.037 ms cpu, 3->3->1 MB, 4 MB goal, 0 MB stacks, 0 MB globals, 4 P
gc 4050 @54.313s 3%: 0.089+1.5+0.088 ms clock, 0.35+0.61/0.64/0+0.35 ms cpu, 3->3->1 MB, 4 MB goal, 0 MB stacks, 0 MB globals, 4 P
gc 4051 @54.318s 3%: 0.47+1.8+0.055 ms clock, 1.9+0.18/1.9/0.33+0.22 ms cpu, 3->4->1 MB, 4 MB goal, 0 MB stacks, 0 MB globals, 4 P
gc 4052 @54.323s 3%: 0.046+1.5+0.020 ms clock, 0.18+0.90/0.18/0+0.082 ms cpu, 3->3->1 MB, 4 MB goal, 0 MB stacks, 0 MB globals, 4 P
gc 4053 @54.328s 3%: 0.094+2.0+0.053 ms clock, 0.37+0.59/0.75/0+0.21 ms cpu, 3->3->1 MB, 4 MB goal, 0 MB stacks, 0 MB globals, 4 P
gc 4054 @54.334s 3%: 0.083+1.6+0.027 ms clock, 0.33+0.34/0.88/0+0.11 ms cpu, 3->3->1 MB, 4 MB goal, 0 MB stacks, 0 MB globals, 4 P
gc 4055 @54.339s 3%: 0.074+0.54+0.019 ms clock, 0.29+0.86/0.46/0+0.077 ms cpu, 3->3->1 MB, 4 MB goal, 0 MB stacks, 0 MB globals, 4 P
gc 4056 @54.343s 3%: 0.081+0.83+0.029 ms clock, 0.32+0.93/0.76/0.002+0.11 ms cpu, 3->3->1 MB, 4 MB goal, 0 MB stacks, 0 MB globals, 4 P
gc 4057 @54.348s 3%: 0.091+1.9+0.059 ms clock, 0.36+0.69/1.0/0+0.23 ms cpu, 3->3->1 MB, 4 MB goal, 0 MB stacks, 0 MB globals, 4 P
gc 4058 @54.353s 3%: 0.019+1.8+0.004 ms clock, 0.078+0.44/0.57/0+0.016 ms cpu, 3->3->1 MB, 4 MB goal, 0 MB stacks, 0 MB globals, 4 P
gc 4059 @54.359s 3%: 0.064+0.64+0.028 ms clock, 0.25+0.83/0.45/0+0.11 ms cpu, 3->3->1 MB, 4 MB goal, 0 MB stacks, 0 MB globals, 4 P
gc 4060 @54.363s 3%: 0.12+0.81+0.009 ms clock, 0.51+0.72/0.50/0+0.036 ms cpu, 3->3->1 MB, 4 MB goal, 0 MB stacks, 0 MB globals, 4 P
gc 4061 @54.368s 3%: 0.058+0.76+0.062 ms clock, 0.23+0.58/0.62/0+0.24 ms cpu, 3->3->1 MB, 4 MB goal, 0 MB stacks, 0 MB globals, 4 P
gc 4062 @54.373s 3%: 0.041+1.4+0.059 ms clock, 0.16+0.60/0.47/0+0.23 ms cpu, 3->3->1 MB, 4 MB goal, 0 MB stacks, 0 MB globals, 4 P
gc 4063 @54.378s 3%: 0.082+1.5+0.063 ms clock, 0.32+0.54/0.55/0+0.25 ms cpu, 3->3->1 MB, 4 MB goal, 0 MB stacks, 0 MB globals, 4 P
gc 4064 @54.384s 3%: 0.15+0.54+0.024 ms clock, 0.63+0.58/0.55/0+0.097 ms cpu, 3->3->1 MB, 4 MB goal, 0 MB stacks, 0 MB globals, 4 P
gc 4065 @54.389s 3%: 0.064+1.2+0.079 ms clock, 0.25+0.91/0.56/0+0.31 ms cpu, 3->3->1 MB, 4 MB goal, 0 MB stacks, 0 MB globals, 4 P
gc 4066 @54.394s 3%: 0.081+1.1+0.025 ms clock, 0.32+0.35/0.67/0+0.10 ms cpu, 3->3->1 MB, 4 MB goal, 0 MB stacks, 0 MB globals, 4 P
gc 4067 @54.399s 3%: 0.068+1.8+0.024 ms clock, 0.27+0.55/0.46/0+0.096 ms cpu, 3->3->1 MB, 4 MB goal, 0 MB stacks, 0 MB globals, 4 P
gc 4068 @54.404s 3%: 0.062+1.4+0.070 ms clock, 0.24+1.1/0.001/0+0.28 ms cpu, 3->3->1 MB, 4 MB goal, 0 MB stacks, 0 MB globals, 4 P
gc 4069 @54.409s 3%: 0.067+0.56+0.055 ms clock, 0.27+0.86/0.47/0+0.22 ms cpu, 3->3->1 MB, 4 MB goal, 0 MB stacks, 0 MB globals, 4 P
gc 4070 @54.414s 3%: 0.10+0.65+0.067 ms clock, 0.43+0.78/0.58/0+0.27 ms cpu, 3->3->1 MB, 4 MB goal, 0 MB stacks, 0 MB globals, 4 P
gc 4071 @54.419s 3%: 0.056+1.5+0.053 ms clock, 0.22+0.64/0.61/0+0.21 ms cpu, 3->3->1 MB, 4 MB goal, 0 MB stacks, 0 MB globals, 4 P
gc 4072 @54.425s 3%: 0.022+1.4+0.027 ms clock, 0.089+0.69/1.1/0.009+0.11 ms cpu, 3->3->1 MB, 4 MB goal, 0 MB stacks, 0 MB globals, 4 P
gc 4073 @54.429s 3%: 0.042+0.98+0.081 ms clock, 0.17+0.43/0.56/0+0.32 ms cpu, 3->3->1 MB, 4 MB goal, 0 MB stacks, 0 MB globals, 4 P
gc 4074 @54.434s 3%: 0.069+0.81+0.034 ms clock, 0.27+0.64/0.72/0+0.13 ms cpu, 3->3->1 MB, 4 MB goal, 0 MB stacks, 0 MB globals, 4 P
gc 4075 @54.439s 3%: 0.038+2.6+0.083 ms clock, 0.15+0.59/0.65/0+0.33 ms cpu, 3->3->1 MB, 4 MB goal, 0 MB stacks, 0 MB globals, 4 P
gc 4076 @54.444s 3%: 0.069+1.4+0.077 ms clock, 0.27+0.48/0.79/0+0.30 ms cpu, 3->3->1 MB, 4 MB goal, 0 MB stacks, 0 MB globals, 4 P
gc 4077 @54.450s 3%: 0.24+1.3+0.094 ms clock, 0.99+1.1/0.11/0+0.37 ms cpu, 3->3->1 MB, 4 MB goal, 0 MB stacks, 0 MB globals, 4 P
gc 4078 @54.455s 3%: 0.11+0.73+0.020 ms clock, 0.45+0.79/0.62/0+0.080 ms cpu, 3->3->1 MB, 4 MB goal, 0 MB stacks, 0 MB globals, 4 P
gc 4079 @54.460s 3%: 0.082+0.62+0.022 ms clock, 0.32+0.83/0.56/0+0.088 ms cpu, 3->3->1 MB, 4 MB goal, 0 MB stacks, 0 MB globals, 4 P
gc 4080 @54.464s 3%: 0.39+0.97+0.060 ms clock, 1.5+0.24/1.1/0+0.24 ms cpu, 3->3->1 MB, 4 MB goal, 0 MB stacks, 0 MB globals, 4 P
gc 4081 @54.470s 3%: 0.045+0.84+0.030 ms clock, 0.18+0.78/0.66/0+0.12 ms cpu, 3->3->1 MB, 4 MB goal, 0 MB stacks, 0 MB globals, 4 P
gc 4082 @54.475s 3%: 0.35+1.3+0.071 ms clock, 1.4+0.41/0.94/0+0.28 ms cpu, 3->3->1 MB, 4 MB goal, 0 MB stacks, 0 MB globals, 4 P
gc 4083 @54.480s 3%: 0.063+2.1+0.039 ms clock, 0.25+0.43/0.65/0+0.15 ms cpu, 3->3->1 MB, 4 MB goal, 0 MB stacks, 0 MB globals, 4 P
gc 4084 @54.485s 3%: 0.065+1.5+0.025 ms clock, 0.26+0.56/0.54/0+0.10 ms cpu, 3->3->1 MB, 4 MB goal, 0 MB stacks, 0 MB globals, 4 P
gc 4085 @54.490s 3%: 0.057+1.1+0.003 ms clock, 0.23+1.1/0.47/0+0.014 ms cpu, 3->3->1 MB, 4 MB goal, 0 MB stacks, 0 MB globals, 4 P
gc 4086 @54.495s 3%: 0.045+0.68+0.058 ms clock, 0.18+0.82/0.55/0+0.23 ms cpu, 3->3->1 MB, 4 MB goal, 0 MB stacks, 0 MB globals, 4 P
gc 4087 @54.500s 3%: 0.11+0.99+0.075 ms clock, 0.46+0.48/0.52/0+0.30 ms cpu, 3->3->1 MB, 4 MB goal, 0 MB stacks, 0 MB globals, 4 P
gc 4088 @54.505s 3%: 0.047+1.3+0.043 ms clock, 0.18+0.55/0.55/0+0.17 ms cpu, 3->3->1 MB, 4 MB goal, 0 MB stacks, 0 MB globals, 4 P
gc 4089 @54.510s 3%: 0.047+1.4+0.022 ms clock, 0.18+0.56/0.70/0+0.091 ms cpu, 3->3->1 MB, 4 MB goal, 0 MB stacks, 0 MB globals, 4 P
gc 4090 @54.515s 3%: 0.43+0.29+0.029 ms clock, 1.7+0.65/0.56/0+0.11 ms cpu, 3->3->1 MB, 4 MB goal, 0 MB stacks, 0 MB globals, 4 P
gc 4091 @54.520s 3%: 0.064+0.59+0.054 ms clock, 0.25+0.69/0.43/0+0.21 ms cpu, 3->3->1 MB, 4 MB goal, 0 MB stacks, 0 MB globals, 4 P
gc 4092 @54.525s 3%: 0.044+0.85+0.045 ms clock, 0.17+0.64/0.43/0+0.18 ms cpu, 3->3->1 MB, 4 MB goal, 0 MB stacks, 0 MB globals, 4 P
gc 4093 @54.530s 3%: 0.062+1.0+0.025 ms clock, 0.25+1.0/0.001/0+0.10 ms cpu, 3->3->1 MB, 4 MB goal, 0 MB stacks, 0 MB globals, 4 P
gc 4094 @54.535s 3%: 0.27+1.2+0.027 ms clock, 1.1+0.63/1.3/0+0.11 ms cpu, 3->3->1 MB, 4 MB goal, 0 MB stacks, 0 MB globals, 4 P
gc 4095 @54.540s 3%: 1.1+0.65+0.033 ms clock, 4.7+0.62/1.4/0+0.13 ms cpu, 3->3->1 MB, 4 MB goal, 0 MB stacks, 0 MB globals, 4 P
gc 4096 @54.546s 3%: 0.074+2.1+0.085 ms clock, 0.29+0.63/0.75/0+0.34 ms cpu, 3->4->1 MB, 4 MB goal, 0 MB stacks, 0 MB globals, 4 P
gc 4097 @54.551s 3%: 0.018+1.1+0.061 ms clock, 0.073+0.61/0.49/0+0.24 ms cpu, 3->3->1 MB, 4 MB goal, 0 MB stacks, 0 MB globals, 4 P
gc 4098 @54.556s 3%: 0.039+0.73+0.026 ms clock, 0.15+0.70/0.59/0+0.10 ms cpu, 3->3->1 MB, 4 MB goal, 0 MB stacks, 0 MB globals, 4 P
gc 4099 @54.561s 3%: 0.078+1.9+0.021 ms clock, 0.31+0.60/0.62/0+0.085 ms cpu, 3->3->1 MB, 4 MB goal, 0 MB stacks, 0 MB globals, 4 P
gc 4100 @54.566s 3%: 0.072+0.90+0.076 ms clock, 0.28+0.58/0.60/0+0.30 ms cpu, 3->3->1 MB, 4 MB goal, 0 MB stacks, 0 MB globals, 4 P
gc 4101 @54.571s 3%: 0.066+0.61+0.042 ms clock, 0.26+0.73/0.48/0+0.17 ms cpu, 3->3->1 MB, 4 MB goal, 0 MB stacks, 0 MB globals, 4 P
gc 4102 @54.576s 3%: 0.063+0.84+0.084 ms clock, 0.25+0.69/0.44/0+0.33 ms cpu, 3->3->1 MB, 4 MB goal, 0 MB stacks, 0 MB globals, 4 P
gc 4103 @54.581s 3%: 0.047+0.75+0.024 ms clock, 0.19+0.56/0.65/0+0.099 ms cpu, 3->3->1 MB, 4 MB goal, 0 MB stacks, 0 MB globals, 4 P
gc 4104 @54.586s 3%: 0.25+0.98+0.029 ms clock, 1.0+0.61/1.1/0.001+0.11 ms cpu, 3->3->1 MB, 4 MB goal, 0 MB stacks, 0 MB globals, 4 P
gc 4105 @54.591s 3%: 0.055+0.55+0.025 ms clock, 0.22+0.70/0.49/0+0.10 ms cpu, 3->3->1 MB, 4 MB goal, 0 MB stacks, 0 MB globals, 4 P
gc 4106 @54.596s 3%: 0.046+1.0+0.023 ms clock, 0.18+0.50/0.50/0+0.094 ms cpu, 3->3->1 MB, 4 MB goal, 0 MB stacks, 0 MB globals, 4 P
gc 4107 @54.601s 3%: 0.29+0.96+0.046 ms clock, 1.1+0.57/1.0/0+0.18 ms cpu, 3->3->1 MB, 4 MB goal, 0 MB stacks, 0 MB globals, 4 P
gc 4108 @54.606s 3%: 0.070+0.52+0.055 ms clock, 0.28+0.76/0.41/0+0.22 ms cpu, 3->3->1 MB, 4 MB goal, 0 MB stacks, 0 MB globals, 4 P
gc 4109 @54.612s 3%: 0.067+0.87+0.022 ms clock, 0.27+0.59/0.72/0+0.088 ms cpu, 3->3->1 MB, 4 MB goal, 0 MB stacks, 0 MB globals, 4 P
gc 4110 @54.617s 3%: 0.078+1.2+0.045 ms clock, 0.31+0.57/0.59/0+0.18 ms cpu, 3->3->1 MB, 4 MB goal, 0 MB stacks, 0 MB globals, 4 P
gc 4111 @54.622s 3%: 0.31+0.95+0.033 ms clock, 1.2+0.75/1.1/0+0.13 ms cpu, 3->3->1 MB, 4 MB goal, 0 MB stacks, 0 MB globals, 4 P
gc 4112 @54.627s 3%: 0.29+2.5+0.008 ms clock, 1.1+0.30/0.86/0.088+0.033 ms cpu, 3->4->1 MB, 4 MB goal, 0 MB stacks, 0 MB globals, 4 P
gc 4113 @54.632s 3%: 0.041+2.2+0.049 ms clock, 0.16+0.57/0.68/0+0.19 ms cpu, 3->4->1 MB, 4 MB goal, 0 MB stacks, 0 MB globals, 4 P
gc 4114 @54.638s 3%: 0.076+0.78+0.017 ms clock, 0.30+0.88/0.52/0+0.068 ms cpu, 3->3->1 MB, 4 MB goal, 0 MB stacks, 0 MB globals, 4 P
gc 4115 @54.643s 3%: 0.056+0.67+0.032 ms clock, 0.22+0.87/0.51/0+0.13 ms cpu, 3->3->1 MB, 4 MB goal, 0 MB stacks, 0 MB globals, 4 P
gc 4116 @54.647s 3%: 0.058+0.56+0.040 ms clock, 0.23+0.83/0.40/0+0.16 ms cpu, 3->3->1 MB, 4 MB goal, 0 MB stacks, 0 MB globals, 4 P
gc 4117 @54.652s 3%: 0.10+1.2+0.024 ms clock, 0.43+0.49/0.49/0+0.098 ms cpu, 3->3->1 MB, 4 MB goal, 0 MB stacks, 0 MB globals, 4 P
gc 4118 @54.657s 3%: 0.090+1.0+0.010 ms clock, 0.36+0.65/0.61/0+0.043 ms cpu, 3->3->1 MB, 4 MB goal, 0 MB stacks, 0 MB globals, 4 P
gc 4119 @54.662s 3%: 0.067+0.92+0.067 ms clock, 0.27+0.85/0.80/0.18+0.27 ms cpu, 3->3->1 MB, 4 MB goal, 0 MB stacks, 0 MB globals, 4 P
gc 4120 @54.667s 3%: 0.25+0.85+0.040 ms clock, 1.0+0.61/1.0/0.001+0.16 ms cpu, 3->3->1 MB, 4 MB goal, 0 MB stacks, 0 MB globals, 4 P
gc 4121 @54.672s 3%: 0.049+1.1+0.083 ms clock, 0.19+1.1/0.005/0+0.33 ms cpu, 3->3->1 MB, 4 MB goal, 0 MB stacks, 0 MB globals, 4 P
gc 4122 @54.677s 3%: 0.65+0.51+0.062 ms clock, 2.6+0.68/1.0/0+0.24 ms cpu, 3->3->1 MB, 4 MB goal, 0 MB stacks, 0 MB globals, 4 P
gc 4123 @54.682s 3%: 0.056+2.1+0.017 ms clock, 0.22+0.67/0.60/0+0.070 ms cpu, 3->3->1 MB, 4 MB goal, 0 MB stacks, 0 MB globals, 4 P
gc 4124 @54.688s 3%: 0.91+1.2+0.015 ms clock, 3.6+0.27/1.0/0+0.061 ms cpu, 3->3->1 MB, 4 MB goal, 0 MB stacks, 0 MB globals, 4 P
gc 4125 @54.693s 3%: 0.066+0.65+0.053 ms clock, 0.26+0.88/0.42/0+0.21 ms cpu, 3->3->1 MB, 4 MB goal, 0 MB stacks, 0 MB globals, 4 P
gc 4126 @54.698s 3%: 0.079+2.3+0.083 ms clock, 0.31+0.63/0.82/0+0.33 ms cpu, 3->3->1 MB, 4 MB goal, 0 MB stacks, 0 MB globals, 4 P
gc 4127 @54.703s 3%: 2.0+0.76+0.007 ms clock, 8.1+0.44/2.1/0+0.030 ms cpu, 3->3->1 MB, 4 MB goal, 0 MB stacks, 0 MB globals, 4 P
gc 4128 @54.709s 3%: 0.23+1.2+0.053 ms clock, 0.94+0.36/0.90/0.077+0.21 ms cpu, 3->3->1 MB, 4 MB goal, 0 MB stacks, 0 MB globals, 4 P
gc 4129 @54.714s 3%: 0.082+0.98+0.047 ms clock, 0.32+0.57/0.51/0+0.18 ms cpu, 3->3->1 MB, 4 MB goal, 0 MB stacks, 0 MB globals, 4 P
gc 4130 @54.719s 3%: 0.096+0.73+0.052 ms clock, 0.38+0.69/0.58/0+0.21 ms cpu, 3->3->1 MB, 4 MB goal, 0 MB stacks, 0 MB globals, 4 P
gc 4131 @54.724s 3%: 0.36+1.1+0.006 ms clock, 1.4+0.34/0.85/0.003+0.027 ms cpu, 3->3->1 MB, 4 MB goal, 0 MB stacks, 0 MB globals, 4 P
gc 4132 @54.729s 3%: 0.072+1.2+0.090 ms clock, 0.29+0.53/0.68/0+0.36 ms cpu, 3->3->1 MB, 4 MB goal, 0 MB stacks, 0 MB globals, 4 P
gc 4133 @54.734s 3%: 0.39+0.77+0.038 ms clock, 1.5+0.33/1.0/0+0.15 ms cpu, 3->3->1 MB, 4 MB goal, 0 MB stacks, 0 MB globals, 4 P
gc 4134 @54.739s 3%: 0.078+1.2+0.040 ms clock, 0.31+0.63/0.57/0+0.16 ms cpu, 3->3->1 MB, 4 MB goal, 0 MB stacks, 0 MB globals, 4 P
gc 4135 @54.744s 3%: 0.068+1.1+0.071 ms clock, 0.27+0.56/0.57/0+0.28 ms cpu, 3->3->1 MB, 4 MB goal, 0 MB stacks, 0 MB globals, 4 P
gc 4136 @54.749s 3%: 0.039+1.1+0.074 ms clock, 0.15+1.0/0.067/0+0.29 ms cpu, 3->3->1 MB, 4 MB goal, 0 MB stacks, 0 MB globals, 4 P
gc 4137 @54.754s 3%: 0.078+1.0+0.031 ms clock, 0.31+0.50/0.89/0+0.12 ms cpu, 3->3->1 MB, 4 MB goal, 0 MB stacks, 0 MB globals, 4 P
gc 4138 @54.759s 3%: 0.050+1.0+0.064 ms clock, 0.20+0.77/0.64/0+0.25 ms cpu, 3->3->1 MB, 4 MB goal, 0 MB stacks, 0 MB globals, 4 P
gc 4139 @54.764s 3%: 0.052+1.6+0.093 ms clock, 0.20+0.61/0.56/0+0.37 ms cpu, 3->3->1 MB, 4 MB goal, 0 MB stacks, 0 MB globals, 4 P
gc 4140 @54.769s 3%: 0.035+2.1+0.021 ms clock, 0.14+0.55/0.62/0+0.087 ms cpu, 3->3->1 MB, 4 MB goal, 0 MB stacks, 0 MB globals, 4 P
gc 4141 @54.775s 3%: 0.064+0.88+0.024 ms clock, 0.25+0.56/0.49/0+0.098 ms cpu, 3->3->1 MB, 4 MB goal, 0 MB stacks, 0 MB globals, 4 P
gc 4142 @54.780s 3%: 0.052+0.76+0.029 ms clock, 0.20+0.92/0.73/0+0.11 ms cpu, 3->3->1 MB, 4 MB goal, 0 MB stacks, 0 MB globals, 4 P
gc 4143 @54.785s 3%: 0.10+1.3+0.076 ms clock, 0.41+0.48/0.65/0+0.30 ms cpu, 3->3->1 MB, 4 MB goal, 0 MB stacks, 0 MB globals, 4 P
gc 4144 @54.790s 3%: 0.48+0.63+0.061 ms clock, 1.9+0.18/0.93/0.16+0.24 ms cpu, 3->3->1 MB, 4 MB goal, 0 MB stacks, 0 MB globals, 4 P
gc 4145 @54.795s 3%: 0.096+2.0+0.037 ms clock, 0.38+0.42/0.57/0+0.14 ms cpu, 3->3->1 MB, 4 MB goal, 0 MB stacks, 0 MB globals, 4 P
gc 4146 @54.800s 3%: 0.10+1.7+0.053 ms clock, 0.42+0.58/0.76/0+0.21 ms cpu, 3->3->1 MB, 4 MB goal, 0 MB stacks, 0 MB globals, 4 P
gc 4147 @54.805s 3%: 1.2+0.95+0.078 ms clock, 4.9+0.66/1.4/0+0.31 ms cpu, 3->3->1 MB, 4 MB goal, 0 MB stacks, 0 MB globals, 4 P
gc 4148 @54.810s 3%: 0.086+0.66+0.015 ms clock, 0.34+0.67/0.52/0+0.060 ms cpu, 3->3->1 MB, 4 MB goal, 0 MB stacks, 0 MB globals, 4 P
gc 4149 @54.815s 3%: 0.060+1.6+0.072 ms clock, 0.24+0.77/0.52/0+0.28 ms cpu, 3->3->1 MB, 4 MB goal, 0 MB stacks, 0 MB globals, 4 P
gc 4150 @54.821s 3%: 0.066+1.4+0.048 ms clock, 0.26+0.63/0.64/0+0.19 ms cpu, 3->3->1 MB, 4 MB goal, 0 MB stacks, 0 MB globals, 4 P
gc 4151 @54.826s 3%: 0.051+1.8+0.067 ms clock, 0.20+0.43/0.43/0+0.26 ms cpu, 3->3->1 MB, 4 MB goal, 0 MB stacks, 0 MB globals, 4 P
gc 4152 @54.831s 3%: 0.025+1.0+0.054 ms clock, 0.10+0.62/0.60/0+0.21 ms cpu, 3->3->1 MB, 4 MB goal, 0 MB stacks, 0 MB globals, 4 P
gc 4153 @54.836s 3%: 0.10+1.6+0.077 ms clock, 0.41+0.59/0.65/0+0.30 ms cpu, 3->3->1 MB, 4 MB goal, 0 MB stacks, 0 MB globals, 4 P
gc 4154 @54.841s 3%: 0.048+1.4+0.063 ms clock, 0.19+0.60/0.52/0+0.25 ms cpu, 3->3->1 MB, 4 MB goal, 0 MB stacks, 0 MB globals, 4 P
gc 4155 @54.846s 3%: 0.054+0.65+0.041 ms clock, 0.21+0.67/0.51/0+0.16 ms cpu, 3->3->1 MB, 4 MB goal, 0 MB stacks, 0 MB globals, 4 P
gc 4156 @54.851s 3%: 0.070+0.72+0.022 ms clock, 0.28+0.72/0.55/0+0.089 ms cpu, 3->3->1 MB, 4 MB goal, 0 MB stacks, 0 MB globals, 4 P
gc 4157 @54.856s 3%: 0.070+1.9+0.009 ms clock, 0.28+0.87/0.68/0+0.038 ms cpu, 3->3->1 MB, 4 MB goal, 0 MB stacks, 0 MB globals, 4 P
gc 4158 @54.861s 3%: 0.060+1.2+0.088 ms clock, 0.24+0.69/0.66/0+0.35 ms cpu, 3->3->1 MB, 4 MB goal, 0 MB stacks, 0 MB globals, 4 P
gc 4159 @54.866s 3%: 0.10+0.69+0.059 ms clock, 0.40+0.53/0.58/0+0.23 ms cpu, 3->3->1 MB, 4 MB goal, 0 MB stacks, 0 MB globals, 4 P
gc 4160 @54.871s 3%: 0.079+2.2+0.061 ms clock, 0.31+0.52/0.59/0+0.24 ms cpu, 3->3->1 MB, 4 MB goal, 0 MB stacks, 0 MB globals, 4 P
gc 4161 @54.876s 3%: 0.023+0.68+0.030 ms clock, 0.094+0.67/0.58/0+0.12 ms cpu, 3->3->1 MB, 4 MB goal, 0 MB stacks, 0 MB globals, 4 P
gc 4162 @54.881s 3%: 0.087+0.68+0.027 ms clock, 0.34+0.48/0.58/0+0.11 ms cpu, 3->3->1 MB, 4 MB goal, 0 MB stacks, 0 MB globals, 4 P
gc 4163 @54.886s 3%: 0.041+0.89+0.033 ms clock, 0.16+0.70/0.66/0+0.13 ms cpu, 3->3->1 MB, 4 MB goal, 0 MB stacks, 0 MB globals, 4 P
gc 4164 @54.891s 3%: 0.061+0.81+0.041 ms clock, 0.24+0.95/0.50/0+0.16 ms cpu, 3->3->1 MB, 4 MB goal, 0 MB stacks, 0 MB globals, 4 P
gc 4165 @54.896s 3%: 0.089+2.5+0.075 ms clock, 0.35+0.50/0.56/0+0.30 ms cpu, 3->3->1 MB, 4 MB goal, 0 MB stacks, 0 MB globals, 4 P
gc 4166 @54.901s 3%: 0.99+1.5+0.024 ms clock, 3.9+0.56/1.2/0+0.098 ms cpu, 3->4->1 MB, 4 MB goal, 0 MB stacks, 0 MB globals, 4 P
gc 4167 @54.907s 3%: 0.082+0.65+0.051 ms clock, 0.32+0.78/0.50/0+0.20 ms cpu, 3->3->1 MB, 4 MB goal, 0 MB stacks, 0 MB globals, 4 P
gc 4168 @54.911s 3%: 0.067+0.60+0.048 ms clock, 0.26+0.88/0.46/0+0.19 ms cpu, 3->3->1 MB, 4 MB goal, 0 MB stacks, 0 MB globals, 4 P
gc 4169 @54.916s 3%: 1.9+0.20+0.041 ms clock, 7.9+0.62/2.0/0+0.16 ms cpu, 3->3->1 MB, 4 MB goal, 0 MB stacks, 0 MB globals, 4 P
gc 4170 @54.922s 3%: 0.84+0.67+0.067 ms clock, 3.3+0.40/1.3/0+0.27 ms cpu, 3->3->1 MB, 4 MB goal, 0 MB stacks, 0 MB globals, 4 P
gc 4171 @54.927s 3%: 0.051+0.56+0.061 ms clock, 0.20+0.89/0.45/0+0.24 ms cpu, 3->3->1 MB, 4 MB goal, 0 MB stacks, 0 MB globals, 4 P
gc 4172 @54.931s 3%: 0.28+0.87+0.025 ms clock, 1.1+0.63/0.97/0+0.10 ms cpu, 3->3->1 MB, 4 MB goal, 0 MB stacks, 0 MB globals, 4 P
gc 4173 @54.936s 3%: 0.10+0.61+0.054 ms clock, 0.42+0.59/0.52/0+0.21 ms cpu, 3->3->1 MB, 4 MB goal, 0 MB stacks, 0 MB globals, 4 P
gc 4174 @54.941s 3%: 0.019+1.5+0.068 ms clock, 0.077+0.79/0.64/0+0.27 ms cpu, 3->3->1 MB, 4 MB goal, 0 MB stacks, 0 MB globals, 4 P
gc 4175 @54.947s 3%: 0.24+1.7+0.019 ms clock, 0.97+0.49/0.93/0+0.079 ms cpu, 3->3->1 MB, 4 MB goal, 0 MB stacks, 0 MB globals, 4 P
gc 4176 @54.952s 3%: 0.11+0.65+0.069 ms clock, 0.45+0.73/0.45/0+0.27 ms cpu, 3->3->1 MB, 4 MB goal, 0 MB stacks, 0 MB globals, 4 P
gc 4177 @54.957s 3%: 1.4+0.29+0.035 ms clock, 5.9+0.76/1.5/0+0.14 ms cpu, 3->3->1 MB, 4 MB goal, 0 MB stacks, 0 MB globals, 4 P
gc 4178 @54.962s 3%: 0.10+0.77+0.024 ms clock, 0.40+0.32/0.69/0+0.099 ms cpu, 3->3->1 MB, 4 MB goal, 0 MB stacks, 0 MB globals, 4 P
gc 4179 @54.967s 3%: 0.044+0.57+0.039 ms clock, 0.17+0.86/0.46/0+0.15 ms cpu, 3->3->1 MB, 4 MB goal, 0 MB stacks, 0 MB globals, 4 P
gc 4180 @54.971s 3%: 0.077+0.53+0.004 ms clock, 0.31+0.70/0.46/0+0.018 ms cpu, 3->3->1 MB, 4 MB goal, 0 MB stacks, 0 MB globals, 4 P
gc 4181 @54.976s 3%: 0.057+0.68+0.061 ms clock, 0.22+0.62/0.58/0+0.24 ms cpu, 3->3->1 MB, 4 MB goal, 0 MB stacks, 0 MB globals, 4 P
gc 4182 @54.981s 3%: 0.32+1.6+0.041 ms clock, 1.3+0.32/0.93/0+0.16 ms cpu, 3->3->1 MB, 4 MB goal, 0 MB stacks, 0 MB globals, 4 P
gc 4183 @54.986s 3%: 0.062+1.0+0.006 ms clock, 0.25+0.94/0.20/0+0.024 ms cpu, 3->3->1 MB, 4 MB goal, 0 MB stacks, 0 MB globals, 4 P
gc 4184 @54.991s 3%: 0.047+1.1+0.014 ms clock, 0.18+0.63/0.64/0+0.056 ms cpu, 3->3->1 MB, 4 MB goal, 0 MB stacks, 0 MB globals, 4 P
gc 4185 @54.996s 3%: 0.066+1.0+0.058 ms clock, 0.26+0.57/0.60/0+0.23 ms cpu, 3->3->1 MB, 4 MB goal, 0 MB stacks, 0 MB globals, 4 P
gc 4186 @55.001s 3%: 0.056+1.2+0.080 ms clock, 0.22+1.1/0.001/0+0.32 ms cpu, 3->3->1 MB, 4 MB goal, 0 MB stacks, 0 MB globals, 4 P
gc 4187 @55.006s 3%: 1.5+0.59+0.008 ms clock, 6.3+0.72/1.6/0+0.035 ms cpu, 3->3->1 MB, 4 MB goal, 0 MB stacks, 0 MB globals, 4 P
gc 4188 @55.012s 3%: 0.097+1.5+0.053 ms clock, 0.38+0.44/0.65/0+0.21 ms cpu, 3->3->1 MB, 4 MB goal, 0 MB stacks, 0 MB globals, 4 P
gc 4189 @55.017s 3%: 0.10+1.9+0.031 ms clock, 0.40+0.33/0.74/0+0.12 ms cpu, 3->3->1 MB, 4 MB goal, 0 MB stacks, 0 MB globals, 4 P
gc 4190 @55.022s 3%: 0.075+0.71+0.029 ms clock, 0.30+0.65/0.60/0+0.11 ms cpu, 3->3->1 MB, 4 MB goal, 0 MB stacks, 0 MB globals, 4 P
gc 4191 @55.027s 3%: 0.056+0.66+0.034 ms clock, 0.22+0.84/0.51/0+0.13 ms cpu, 3->3->1 MB, 4 MB goal, 0 MB stacks, 0 MB globals, 4 P
gc 4192 @55.031s 3%: 0.058+0.88+0.006 ms clock, 0.23+0.86/0.68/0+0.024 ms cpu, 3->3->1 MB, 4 MB goal, 0 MB stacks, 0 MB globals, 4 P
gc 4193 @55.037s 3%: 0.093+0.77+0.047 ms clock, 0.37+0.59/0.57/0+0.19 ms cpu, 3->3->1 MB, 4 MB goal, 0 MB stacks, 0 MB globals, 4 P
gc 4194 @55.042s 3%: 0.60+1.0+0.029 ms clock, 2.4+1.5/0.82/0+0.11 ms cpu, 3->3->1 MB, 4 MB goal, 0 MB stacks, 0 MB globals, 4 P
gc 4195 @55.047s 3%: 0.047+1.6+0.029 ms clock, 0.18+0.62/0.59/0+0.11 ms cpu, 3->3->1 MB, 4 MB goal, 0 MB stacks, 0 MB globals, 4 P
gc 4196 @55.052s 3%: 0.058+1.9+0.050 ms clock, 0.23+0.54/0.66/0+0.20 ms cpu, 3->4->1 MB, 4 MB goal, 0 MB stacks, 0 MB globals, 4 P
gc 4197 @55.057s 3%: 0.076+1.4+0.029 ms clock, 0.30+0.54/0.64/0+0.11 ms cpu, 3->3->1 MB, 4 MB goal, 0 MB stacks, 0 MB globals, 4 P
gc 4198 @55.063s 3%: 0.064+1.5+0.004 ms clock, 0.25+0.40/0.59/0+0.016 ms cpu, 3->3->1 MB, 4 MB goal, 0 MB stacks, 0 MB globals, 4 P
gc 4199 @55.068s 3%: 0.11+0.98+0.029 ms clock, 0.46+0.78/0.51/0+0.11 ms cpu, 3->3->1 MB, 4 MB goal, 0 MB stacks, 0 MB globals, 4 P
gc 4200 @55.073s 3%: 0.076+1.5+0.018 ms clock, 0.30+0.36/0.67/0+0.072 ms cpu, 3->3->1 MB, 4 MB goal, 0 MB stacks, 0 MB globals, 4 P
gc 4201 @55.078s 3%: 0.056+1.4+0.014 ms clock, 0.22+0.96/0.17/0+0.059 ms cpu, 3->3->1 MB, 4 MB goal, 0 MB stacks, 0 MB globals, 4 P
gc 4202 @55.083s 3%: 0.057+0.91+0.046 ms clock, 0.22+0.65/0.71/0+0.18 ms cpu, 3->3->1 MB, 4 MB goal, 0 MB stacks, 0 MB globals, 4 P
gc 4203 @55.088s 3%: 0.29+0.79+0.027 ms clock, 1.1+0.42/0.94/0.071+0.10 ms cpu, 3->3->1 MB, 4 MB goal, 0 MB stacks, 0 MB globals, 4 P
gc 4204 @55.093s 3%: 0.83+0.34+0.073 ms clock, 3.3+0.54/1.0/0+0.29 ms cpu, 3->3->1 MB, 4 MB goal, 0 MB stacks, 0 MB globals, 4 P
gc 4205 @55.098s 3%: 0.070+1.9+0.047 ms clock, 0.28+0.61/0.93/0+0.18 ms cpu, 3->3->1 MB, 4 MB goal, 0 MB stacks, 0 MB globals, 4 P
gc 4206 @55.103s 3%: 0.058+1.4+0.081 ms clock, 0.23+0.53/0.52/0+0.32 ms cpu, 3->3->1 MB, 4 MB goal, 0 MB stacks, 0 MB globals, 4 P
gc 4207 @55.108s 3%: 0.11+0.68+0.017 ms clock, 0.47+1.0/0.14/0+0.069 ms cpu, 3->3->1 MB, 4 MB goal, 0 MB stacks, 0 MB globals, 4 P
gc 4208 @55.113s 3%: 0.065+0.62+0.066 ms clock, 0.26+0.82/0.47/0+0.26 ms cpu, 3->3->1 MB, 4 MB goal, 0 MB stacks, 0 MB globals, 4 P
gc 4209 @55.118s 3%: 0.081+0.66+0.052 ms clock, 0.32+0.61/0.55/0+0.21 ms cpu, 3->3->1 MB, 4 MB goal, 0 MB stacks, 0 MB globals, 4 P
gc 4210 @55.123s 3%: 0.054+0.74+0.056 ms clock, 0.21+0.77/0.64/0+0.22 ms cpu, 3->3->1 MB, 4 MB goal, 0 MB stacks, 0 MB globals, 4 P
gc 4211 @55.128s 3%: 0.10+1.6+0.052 ms clock, 0.41+0.55/0.54/0+0.21 ms cpu, 3->3->1 MB, 4 MB goal, 0 MB stacks, 0 MB globals, 4 P
gc 4212 @55.133s 3%: 0.047+0.94+0.003 ms clock, 0.19+1.0/0.11/0+0.013 ms cpu, 3->3->1 MB, 4 MB goal, 0 MB stacks, 0 MB globals, 4 P
gc 4213 @55.138s 3%: 0.11+0.53+0.077 ms clock, 0.45+0.82/0.44/0+0.30 ms cpu, 3->3->1 MB, 4 MB goal, 0 MB stacks, 0 MB globals, 4 P
gc 4214 @55.143s 3%: 0.052+1.0+0.023 ms clock, 0.21+0.84/0.48/0+0.094 ms cpu, 3->3->1 MB, 4 MB goal, 0 MB stacks, 0 MB globals, 4 P
gc 4215 @55.148s 3%: 0.051+0.70+0.042 ms clock, 0.20+0.44/0.58/0+0.16 ms cpu, 3->3->1 MB, 4 MB goal, 0 MB stacks, 0 MB globals, 4 P
gc 4216 @55.153s 3%: 0.46+1.4+0.013 ms clock, 1.8+1.2/0.78/0+0.055 ms cpu, 3->3->1 MB, 4 MB goal, 0 MB stacks, 0 MB globals, 4 P
gc 4217 @55.158s 3%: 0.10+0.64+0.022 ms clock, 0.40+0.36/0.56/0+0.089 ms cpu, 3->3->1 MB, 4 MB goal, 0 MB stacks, 0 MB globals, 4 P
gc 4218 @55.163s 3%: 0.068+1.0+0.029 ms clock, 0.27+0.87/0.50/0+0.11 ms cpu, 3->3->1 MB, 4 MB goal, 0 MB stacks, 0 MB globals, 4 P
gc 4219 @55.168s 3%: 0.070+0.72+0.054 ms clock, 0.28+0.61/0.55/0+0.21 ms cpu, 3->3->1 MB, 4 MB goal, 0 MB stacks, 0 MB globals, 4 P
gc 4220 @55.173s 3%: 0.090+0.62+0.025 ms clock, 0.36+0.57/0.54/0+0.10 ms cpu, 3->3->1 MB, 4 MB goal, 0 MB stacks, 0 MB globals, 4 P
gc 4221 @55.178s 3%: 0.061+0.69+0.021 ms clock, 0.24+0.78/0.58/0+0.084 ms cpu, 3->3->1 MB, 4 MB goal, 0 MB stacks, 0 MB globals, 4 P
gc 4222 @55.183s 3%: 0.066+1.0+0.048 ms clock, 0.26+0.83/0.43/0+0.19 ms cpu, 3->3->1 MB, 4 MB goal, 0 MB stacks, 0 MB globals, 4 P
gc 4223 @55.188s 3%: 0.052+1.3+0.029 ms clock, 0.20+1.0/0.056/0+0.11 ms cpu, 3->3->1 MB, 4 MB goal, 0 MB stacks, 0 MB globals, 4 P
gc 4224 @55.193s 3%: 0.093+0.72+0.079 ms clock, 0.37+0.94/0.50/0+0.31 ms cpu, 3->3->1 MB, 4 MB goal, 0 MB stacks, 0 MB globals, 4 P
gc 4225 @55.198s 3%: 0.052+0.81+0.057 ms clock, 0.21+0.88/0.41/0+0.22 ms cpu, 3->3->1 MB, 4 MB goal, 0 MB stacks, 0 MB globals, 4 P
gc 4226 @55.202s 3%: 0.073+1.1+0.034 ms clock, 0.29+1.1/1.0/0+0.13 ms cpu, 3->3->1 MB, 4 MB goal, 0 MB stacks, 0 MB globals, 4 P
gc 4227 @55.207s 3%: 0.052+1.5+0.007 ms clock, 0.21+1.0/0.002/0+0.028 ms cpu, 3->3->1 MB, 4 MB goal, 0 MB stacks, 0 MB globals, 4 P
gc 4228 @55.213s 3%: 0.067+1.3+0.091 ms clock, 0.27+0.53/0.73/0+0.36 ms cpu, 3->3->1 MB, 4 MB goal, 0 MB stacks, 0 MB globals, 4 P
gc 4229 @55.218s 3%: 0.070+0.63+0.062 ms clock, 0.28+0.74/0.48/0+0.24 ms cpu, 3->3->1 MB, 4 MB goal, 0 MB stacks, 0 MB globals, 4 P
gc 4230 @55.223s 3%: 0.059+0.53+0.021 ms clock, 0.23+0.84/0.43/0+0.087 ms cpu, 3->3->1 MB, 4 MB goal, 0 MB stacks, 0 MB globals, 4 P
gc 4231 @55.227s 3%: 0.042+1.6+0.048 ms clock, 0.16+0.94/1.5/0+0.19 ms cpu, 3->3->1 MB, 4 MB goal, 0 MB stacks, 0 MB globals, 4 P
gc 4232 @55.232s 3%: 0.080+1.5+0.081 ms clock, 0.32+0.58/0.64/0+0.32 ms cpu, 3->3->1 MB, 4 MB goal, 0 MB stacks, 0 MB globals, 4 P
gc 4233 @55.237s 3%: 0.039+0.97+0.050 ms clock, 0.15+0.85/0.50/0+0.20 ms cpu, 3->3->1 MB, 4 MB goal, 0 MB stacks, 0 MB globals, 4 P
gc 4234 @55.242s 3%: 0.081+1.3+0.074 ms clock, 0.32+0.24/0.58/0+0.29 ms cpu, 3->3->1 MB, 4 MB goal, 0 MB stacks, 0 MB globals, 4 P
gc 4235 @55.248s 3%: 0.062+1.8+0.034 ms clock, 0.25+0.33/0.75/0+0.13 ms cpu, 3->3->1 MB, 4 MB goal, 0 MB stacks, 0 MB globals, 4 P
gc 4236 @55.253s 3%: 0.11+1.1+0.053 ms clock, 0.44+0.50/0.67/0+0.21 ms cpu, 3->3->1 MB, 4 MB goal, 0 MB stacks, 0 MB globals, 4 P
gc 4237 @55.258s 3%: 0.033+0.90+0.034 ms clock, 0.13+0.83/0.75/0+0.13 ms cpu, 3->3->1 MB, 4 MB goal, 0 MB stacks, 0 MB globals, 4 P
gc 4238 @55.263s 3%: 0.047+1.0+0.042 ms clock, 0.19+0.91/0.17/0+0.17 ms cpu, 3->3->1 MB, 4 MB goal, 0 MB stacks, 0 MB globals, 4 P
gc 4239 @55.267s 3%: 0.082+0.65+0.025 ms clock, 0.33+0.76/0.48/0+0.10 ms cpu, 3->3->1 MB, 4 MB goal, 0 MB stacks, 0 MB globals, 4 P
gc 4240 @55.272s 3%: 0.049+1.4+0.034 ms clock, 0.19+0.82/0.45/0+0.13 ms cpu, 3->3->1 MB, 4 MB goal, 0 MB stacks, 0 MB globals, 4 P
gc 4241 @55.278s 3%: 0.036+1.1+0.021 ms clock, 0.14+0.60/0.61/0+0.084 ms cpu, 3->3->1 MB, 4 MB goal, 0 MB stacks, 0 MB globals, 4 P
gc 4242 @55.283s 3%: 0.059+3.6+0.038 ms clock, 0.23+0.74/0.55/0+0.15 ms cpu, 3->4->1 MB, 4 MB goal, 0 MB stacks, 0 MB globals, 4 P
gc 4243 @55.288s 3%: 0.060+0.61+0.044 ms clock, 0.24+0.75/0.52/0+0.17 ms cpu, 3->3->1 MB, 4 MB goal, 0 MB stacks, 0 MB globals, 4 P
gc 4244 @55.293s 3%: 0.047+0.83+0.024 ms clock, 0.19+0.62/0.66/0+0.098 ms cpu, 3->3->1 MB, 4 MB goal, 0 MB stacks, 0 MB globals, 4 P
gc 4245 @55.298s 3%: 0.038+0.69+0.055 ms clock, 0.15+0.76/0.53/0+0.22 ms cpu, 3->3->1 MB, 4 MB goal, 0 MB stacks, 0 MB globals, 4 P
gc 4246 @55.303s 3%: 0.066+0.70+0.052 ms clock, 0.26+0.85/0.40/0+0.20 ms cpu, 3->3->1 MB, 4 MB goal, 0 MB stacks, 0 MB globals, 4 P
gc 4247 @55.308s 3%: 0.054+0.63+0.039 ms clock, 0.21+0.81/0.51/0+0.15 ms cpu, 3->3->1 MB, 4 MB goal, 0 MB stacks, 0 MB globals, 4 P
gc 4248 @55.313s 3%: 0.058+1.2+0.034 ms clock, 0.23+0.63/0.56/0+0.13 ms cpu, 3->3->1 MB, 4 MB goal, 0 MB stacks, 0 MB globals, 4 P
gc 4249 @55.318s 3%: 0.064+1.7+0.004 ms clock, 0.25+1.4/0.70/0+0.016 ms cpu, 3->3->1 MB, 4 MB goal, 0 MB stacks, 0 MB globals, 4 P
gc 4250 @55.323s 3%: 0.073+1.6+0.022 ms clock, 0.29+0.60/0.62/0+0.090 ms cpu, 3->3->1 MB, 4 MB goal, 0 MB stacks, 0 MB globals, 4 P
gc 4251 @55.328s 3%: 0.062+0.51+0.020 ms clock, 0.25+0.81/0.43/0+0.083 ms cpu, 3->3->1 MB, 4 MB goal, 0 MB stacks, 0 MB globals, 4 P
gc 4252 @55.333s 3%: 0.052+1.7+0.046 ms clock, 0.21+0.73/1.5/0+0.18 ms cpu, 3->3->1 MB, 4 MB goal, 0 MB stacks, 0 MB globals, 4 P
gc 4253 @55.338s 3%: 0.079+0.83+0.021 ms clock, 0.31+1.0/0.001/0+0.087 ms cpu, 3->3->1 MB, 4 MB goal, 0 MB stacks, 0 MB globals, 4 P
gc 4254 @55.343s 3%: 0.036+1.6+0.003 ms clock, 0.14+0.47/0.65/0+0.013 ms cpu, 3->3->1 MB, 4 MB goal, 0 MB stacks, 0 MB globals, 4 P
gc 4255 @55.349s 3%: 0.075+0.89+0.023 ms clock, 0.30+0.72/0.74/0+0.095 ms cpu, 3->3->1 MB, 4 MB goal, 0 MB stacks, 0 MB globals, 4 P
gc 4256 @55.353s 3%: 0.040+1.6+0.050 ms clock, 0.16+0.57/0.61/0+0.20 ms cpu, 3->3->1 MB, 4 MB goal, 0 MB stacks, 0 MB globals, 4 P
gc 4257 @55.359s 3%: 0.054+1.9+0.029 ms clock, 0.21+0.83/0.43/0+0.11 ms cpu, 3->3->1 MB, 4 MB goal, 0 MB stacks, 0 MB globals, 4 P
gc 4258 @55.364s 3%: 0.099+0.87+0.027 ms clock, 0.39+1.4/0.012/0+0.10 ms cpu, 3->3->1 MB, 4 MB goal, 0 MB stacks, 0 MB globals, 4 P
gc 4259 @55.369s 3%: 0.070+1.2+0.052 ms clock, 0.28+0.47/0.51/0+0.20 ms cpu, 3->3->1 MB, 4 MB goal, 0 MB stacks, 0 MB globals, 4 P
gc 4260 @55.374s 3%: 0.069+0.79+0.026 ms clock, 0.27+0.56/0.67/0+0.10 ms cpu, 3->3->1 MB, 4 MB goal, 0 MB stacks, 0 MB globals, 4 P
gc 4261 @55.379s 3%: 0.069+3.0+0.012 ms clock, 0.27+0.31/0.70/0+0.049 ms cpu, 3->4->1 MB, 4 MB goal, 0 MB stacks, 0 MB globals, 4 P
gc 4262 @55.384s 3%: 0.045+1.1+0.026 ms clock, 0.18+1.0/0.62/0+0.10 ms cpu, 3->3->1 MB, 4 MB goal, 0 MB stacks, 0 MB globals, 4 P
gc 4263 @55.389s 3%: 0.088+1.4+0.049 ms clock, 0.35+1.0/0.80/0+0.19 ms cpu, 3->3->1 MB, 4 MB goal, 0 MB stacks, 0 MB globals, 4 P
gc 4264 @55.394s 3%: 0.061+0.62+0.052 ms clock, 0.24+0.82/0.49/0+0.21 ms cpu, 3->3->1 MB, 4 MB goal, 0 MB stacks, 0 MB globals, 4 P
gc 4265 @55.399s 3%: 2.5+0.58+0.055 ms clock, 10+0.43/2.6/0+0.22 ms cpu, 3->3->1 MB, 4 MB goal, 0 MB stacks, 0 MB globals, 4 P
gc 4266 @55.404s 3%: 0.079+0.82+0.024 ms clock, 0.31+0.92/0.58/0+0.098 ms cpu, 3->3->1 MB, 4 MB goal, 0 MB stacks, 0 MB globals, 4 P
gc 4267 @55.409s 3%: 0.067+1.6+0.054 ms clock, 0.26+0.67/0.61/0+0.21 ms cpu, 3->3->1 MB, 4 MB goal, 0 MB stacks, 0 MB globals, 4 P
gc 4268 @55.414s 3%: 0.082+1.9+0.058 ms clock, 0.33+0.57/1.1/0.007+0.23 ms cpu, 3->3->1 MB, 4 MB goal, 0 MB stacks, 0 MB globals, 4 P
gc 4269 @55.419s 3%: 0.10+0.83+0.061 ms clock, 0.40+0.76/0.57/0+0.24 ms cpu, 3->3->1 MB, 4 MB goal, 0 MB stacks, 0 MB globals, 4 P
gc 4270 @55.424s 3%: 0.098+0.85+0.059 ms clock, 0.39+0.88/0.56/0+0.23 ms cpu, 3->3->1 MB, 4 MB goal, 0 MB stacks, 0 MB globals, 4 P
gc 4271 @55.429s 3%: 0.060+1.5+0.023 ms clock, 0.24+0.56/0.73/0+0.093 ms cpu, 3->3->1 MB, 4 MB goal, 0 MB stacks, 0 MB globals, 4 P
gc 4272 @55.434s 3%: 0.057+0.55+0.041 ms clock, 0.23+0.97/0.19/0+0.16 ms cpu, 3->3->1 MB, 4 MB goal, 0 MB stacks, 0 MB globals, 4 P
gc 4273 @55.439s 3%: 0.27+1.7+0.038 ms clock, 1.1+0.59/0.69/0+0.15 ms cpu, 3->3->1 MB, 4 MB goal, 0 MB stacks, 0 MB globals, 4 P
gc 4274 @55.444s 3%: 0.077+0.78+0.096 ms clock, 0.30+0.55/0.41/0+0.38 ms cpu, 3->3->1 MB, 4 MB goal, 0 MB stacks, 0 MB globals, 4 P
gc 4275 @55.449s 3%: 0.099+0.86+0.042 ms clock, 0.39+0.54/0.66/0+0.16 ms cpu, 3->3->1 MB, 4 MB goal, 0 MB stacks, 0 MB globals, 4 P
gc 4276 @55.454s 3%: 0.075+1.7+0.004 ms clock, 0.30+0.36/0.59/0+0.019 ms cpu, 3->3->1 MB, 4 MB goal, 0 MB stacks, 0 MB globals, 4 P
gc 4277 @55.459s 3%: 0.063+1.4+0.033 ms clock, 0.25+0.74/0.64/0+0.13 ms cpu, 3->3->1 MB, 4 MB goal, 0 MB stacks, 0 MB globals, 4 P
gc 4278 @55.465s 3%: 0.049+1.1+0.078 ms clock, 0.19+0.91/0.61/0+0.31 ms cpu, 3->3->1 MB, 4 MB goal, 0 MB stacks, 0 MB globals, 4 P
gc 4279 @55.470s 3%: 0.056+0.76+0.033 ms clock, 0.22+0.59/0.67/0+0.13 ms cpu, 3->3->1 MB, 4 MB goal, 0 MB stacks, 0 MB globals, 4 P
gc 4280 @55.475s 3%: 0.019+0.75+0.069 ms clock, 0.079+0.88/0.63/0+0.27 ms cpu, 3->3->1 MB, 4 MB goal, 0 MB stacks, 0 MB globals, 4 P
gc 4281 @55.480s 3%: 0.092+0.61+0.034 ms clock, 0.36+0.69/0.54/0+0.13 ms cpu, 3->3->1 MB, 4 MB goal, 0 MB stacks, 0 MB globals, 4 P
gc 4282 @55.484s 3%: 0.12+0.75+0.053 ms clock, 0.48+0.84/0.54/0+0.21 ms cpu, 3->3->1 MB, 4 MB goal, 0 MB stacks, 0 MB globals, 4 P
gc 4283 @55.489s 3%: 0.072+0.86+0.004 ms clock, 0.28+0.65/0.43/0+0.016 ms cpu, 3->3->1 MB, 4 MB goal, 0 MB stacks, 0 MB globals, 4 P
gc 4284 @55.494s 3%: 0.12+0.92+0.040 ms clock, 0.48+0.92/0.61/0+0.16 ms cpu, 3->3->1 MB, 4 MB goal, 0 MB stacks, 0 MB globals, 4 P
gc 4285 @55.499s 3%: 0.065+0.79+0.071 ms clock, 0.26+0.83/0.67/0+0.28 ms cpu, 3->3->1 MB, 4 MB goal, 0 MB stacks, 0 MB globals, 4 P
gc 4286 @55.504s 3%: 0.064+0.59+0.024 ms clock, 0.25+0.69/0.46/0+0.098 ms cpu, 3->3->1 MB, 4 MB goal, 0 MB stacks, 0 MB globals, 4 P
gc 4287 @55.509s 3%: 0.051+1.7+0.040 ms clock, 0.20+0.38/0.60/0+0.16 ms cpu, 3->3->1 MB, 4 MB goal, 0 MB stacks, 0 MB globals, 4 P
gc 4288 @55.514s 3%: 0.31+1.3+0.014 ms clock, 1.2+0.34/0.86/0+0.056 ms cpu, 3->3->1 MB, 4 MB goal, 0 MB stacks, 0 MB globals, 4 P
gc 4289 @55.520s 3%: 0.079+0.70+0.075 ms clock, 0.31+0.63/0.53/0+0.30 ms cpu, 3->3->1 MB, 4 MB goal, 0 MB stacks, 0 MB globals, 4 P
gc 4290 @55.525s 3%: 0.067+1.2+0.061 ms clock, 0.27+0.89/0.60/0+0.24 ms cpu, 3->3->1 MB, 4 MB goal, 0 MB stacks, 0 MB globals, 4 P
gc 4291 @55.530s 3%: 0.061+1.5+0.026 ms clock, 0.24+0.37/0.51/0+0.10 ms cpu, 3->3->1 MB, 4 MB goal, 0 MB stacks, 0 MB globals, 4 P
gc 4292 @55.535s 3%: 0.040+1.0+0.003 ms clock, 0.16+0.34/0.70/0+0.015 ms cpu, 3->3->1 MB, 4 MB goal, 0 MB stacks, 0 MB globals, 4 P
gc 4293 @55.540s 3%: 0.061+1.6+0.003 ms clock, 0.24+1.1/0/0+0.014 ms cpu, 3->3->1 MB, 4 MB goal, 0 MB stacks, 0 MB globals, 4 P
gc 4294 @55.545s 3%: 0.035+1.4+0.025 ms clock, 0.14+0.59/0.63/0+0.10 ms cpu, 3->3->1 MB, 4 MB goal, 0 MB stacks, 0 MB globals, 4 P
gc 4295 @55.550s 3%: 0.074+2.3+0.063 ms clock, 0.29+0.54/0.58/0+0.25 ms cpu, 3->3->1 MB, 4 MB goal, 0 MB stacks, 0 MB globals, 4 P
gc 4296 @55.555s 3%: 0.039+1.3+0.036 ms clock, 0.15+0.72/1.2/0+0.14 ms cpu, 3->3->1 MB, 4 MB goal, 0 MB stacks, 0 MB globals, 4 P
gc 4297 @55.560s 3%: 0.072+2.0+0.035 ms clock, 0.29+0.60/0.72/0+0.14 ms cpu, 3->4->1 MB, 4 MB goal, 0 MB stacks, 0 MB globals, 4 P
gc 4298 @55.565s 3%: 0.060+0.60+0.042 ms clock, 0.24+0.70/0.49/0+0.16 ms cpu, 3->3->1 MB, 4 MB goal, 0 MB stacks, 0 MB globals, 4 P
gc 4299 @55.570s 3%: 0.062+1.8+0.026 ms clock, 0.25+0.50/0.67/0+0.10 ms cpu, 3->3->1 MB, 4 MB goal, 0 MB stacks, 0 MB globals, 4 P
gc 4300 @55.575s 3%: 0.055+1.2+0.029 ms clock, 0.22+0.51/0.57/0+0.11 ms cpu, 3->3->1 MB, 4 MB goal, 0 MB stacks, 0 MB globals, 4 P
gc 4301 @55.580s 3%: 0.036+0.83+0.036 ms clock, 0.14+0.43/0.71/0+0.14 ms cpu, 3->3->1 MB, 4 MB goal, 0 MB stacks, 0 MB globals, 4 P
gc 4302 @55.585s 3%: 0.058+1.8+0.037 ms clock, 0.23+0.51/0.91/0+0.14 ms cpu, 3->3->1 MB, 4 MB goal, 0 MB stacks, 0 MB globals, 4 P
gc 4303 @55.591s 3%: 0.051+0.83+0.014 ms clock, 0.20+0.67/0.67/0+0.056 ms cpu, 3->3->1 MB, 4 MB goal, 0 MB stacks, 0 MB globals, 4 P
gc 4304 @55.596s 3%: 0.096+1.4+0.011 ms clock, 0.38+1.1/0.98/0+0.044 ms cpu, 3->3->1 MB, 4 MB goal, 0 MB stacks, 0 MB globals, 4 P
gc 4305 @55.601s 3%: 0.076+0.62+0.016 ms clock, 0.30+0.75/0.48/0+0.064 ms cpu, 3->3->1 MB, 4 MB goal, 0 MB stacks, 0 MB globals, 4 P
gc 4306 @55.606s 3%: 0.067+1.0+0.034 ms clock, 0.26+0.49/0.57/0+0.13 ms cpu, 3->3->1 MB, 4 MB goal, 0 MB stacks, 0 MB globals, 4 P
gc 4307 @55.611s 3%: 0.061+0.80+0.003 ms clock, 0.24+1.0/0.001/0+0.013 ms cpu, 3->3->1 MB, 4 MB goal, 0 MB stacks, 0 MB globals, 4 P
gc 4308 @55.615s 3%: 0.35+2.4+0.010 ms clock, 1.4+0.35/1.0/0+0.043 ms cpu, 3->3->1 MB, 4 MB goal, 0 MB stacks, 0 MB globals, 4 P
gc 4309 @55.621s 3%: 0.045+0.68+0.048 ms clock, 0.18+0.77/0.49/0+0.19 ms cpu, 3->3->1 MB, 4 MB goal, 0 MB stacks, 0 MB globals, 4 P
gc 4310 @55.626s 3%: 0.85+0.34+0.074 ms clock, 3.4+0.93/1.0/0+0.29 ms cpu, 3->3->1 MB, 4 MB goal, 0 MB stacks, 0 MB globals, 4 P
gc 4311 @55.631s 3%: 0.080+0.76+0.070 ms clock, 0.32+0.74/0.59/0+0.28 ms cpu, 3->3->1 MB, 4 MB goal, 0 MB stacks, 0 MB globals, 4 P
gc 4312 @55.635s 3%: 0.050+1.9+0.040 ms clock, 0.20+0.57/0.58/0+0.16 ms cpu, 3->3->1 MB, 4 MB goal, 0 MB stacks, 0 MB globals, 4 P
gc 4313 @55.641s 3%: 0.087+1.6+0.031 ms clock, 0.35+0.52/1.0/0+0.12 ms cpu, 3->4->1 MB, 4 MB goal, 0 MB stacks, 0 MB globals, 4 P
gc 4314 @55.646s 3%: 0.19+0.61+0.050 ms clock, 0.76+0.73/0.62/0+0.20 ms cpu, 3->3->1 MB, 4 MB goal, 0 MB stacks, 0 MB globals, 4 P
gc 4315 @55.651s 3%: 0.041+0.80+0.046 ms clock, 0.16+0.76/0.62/0+0.18 ms cpu, 3->3->1 MB, 4 MB goal, 0 MB stacks, 0 MB globals, 4 P
gc 4316 @55.656s 3%: 0.068+1.0+0.036 ms clock, 0.27+0.90/0.43/0+0.14 ms cpu, 3->3->1 MB, 4 MB goal, 0 MB stacks, 0 MB globals, 4 P
gc 4317 @55.661s 3%: 0.051+1.2+0.023 ms clock, 0.20+0.85/0.49/0+0.094 ms cpu, 3->3->1 MB, 4 MB goal, 0 MB stacks, 0 MB globals, 4 P
gc 4318 @55.666s 3%: 0.077+0.87+0.090 ms clock, 0.31+0.38/0.68/0+0.36 ms cpu, 3->3->1 MB, 4 MB goal, 0 MB stacks, 0 MB globals, 4 P
gc 4319 @55.671s 3%: 0.33+1.9+0.082 ms clock, 1.3+0.51/0.93/0+0.33 ms cpu, 3->3->1 MB, 4 MB goal, 0 MB stacks, 0 MB globals, 4 P
gc 4320 @55.676s 3%: 0.059+1.3+0.039 ms clock, 0.23+0.49/0.51/0+0.15 ms cpu, 3->3->1 MB, 4 MB goal, 0 MB stacks, 0 MB globals, 4 P
gc 4321 @55.681s 3%: 0.021+1.3+0.076 ms clock, 0.087+0.46/0.55/0+0.30 ms cpu, 3->3->1 MB, 4 MB goal, 0 MB stacks, 0 MB globals, 4 P
gc 4322 @55.687s 3%: 0.077+0.79+0.004 ms clock, 0.30+0.56/0.52/0+0.016 ms cpu, 3->3->1 MB, 4 MB goal, 0 MB stacks, 0 MB globals, 4 P
gc 4323 @55.691s 3%: 0.10+0.59+0.040 ms clock, 0.42+0.65/0.48/0+0.16 ms cpu, 3->3->1 MB, 4 MB goal, 0 MB stacks, 0 MB globals, 4 P
gc 4324 @55.696s 3%: 0.36+1.8+0.061 ms clock, 1.4+0.26/0.97/0+0.24 ms cpu, 3->3->1 MB, 4 MB goal, 0 MB stacks, 0 MB globals, 4 P
gc 4325 @55.702s 3%: 0.069+0.70+0.043 ms clock, 0.27+1.0/0.063/0+0.17 ms cpu, 3->3->1 MB, 4 MB goal, 0 MB stacks, 0 MB globals, 4 P
gc 4326 @55.707s 3%: 0.044+1.4+0.030 ms clock, 0.17+1.5/0.66/0+0.12 ms cpu, 3->3->1 MB, 4 MB goal, 0 MB stacks, 0 MB globals, 4 P
gc 4327 @55.712s 3%: 0.031+2.3+0.065 ms clock, 0.12+0.83/2.2/0.056+0.26 ms cpu, 3->4->1 MB, 4 MB goal, 0 MB stacks, 0 MB globals, 4 P
gc 4328 @55.717s 3%: 0.052+0.49+0.032 ms clock, 0.21+0.76/0.45/0+0.12 ms cpu, 3->3->1 MB, 4 MB goal, 0 MB stacks, 0 MB globals, 4 P
gc 4329 @55.722s 3%: 0.049+1.3+0.029 ms clock, 0.19+0.39/0.63/0+0.11 ms cpu, 3->3->1 MB, 4 MB goal, 0 MB stacks, 0 MB globals, 4 P
gc 4330 @55.727s 3%: 0.10+2.0+0.027 ms clock, 0.42+1.4/0.54/0+0.10 ms cpu, 3->3->1 MB, 4 MB goal, 0 MB stacks, 0 MB globals, 4 P
gc 4331 @55.732s 3%: 0.060+0.78+0.073 ms clock, 0.24+0.57/0.61/0+0.29 ms cpu, 3->3->1 MB, 4 MB goal, 0 MB stacks, 0 MB globals, 4 P
gc 4332 @55.737s 3%: 0.027+0.70+0.069 ms clock, 0.11+0.69/0.57/0+0.27 ms cpu, 3->3->1 MB, 4 MB goal, 0 MB stacks, 0 MB globals, 4 P
gc 4333 @55.742s 3%: 0.065+1.5+0.069 ms clock, 0.26+0.61/0.71/0+0.27 ms cpu, 3->3->1 MB, 4 MB goal, 0 MB stacks, 0 MB globals, 4 P
gc 4334 @55.747s 3%: 0.026+0.62+0.055 ms clock, 0.10+0.64/0.52/0+0.22 ms cpu, 3->3->1 MB, 4 MB goal, 0 MB stacks, 0 MB globals, 4 P
gc 4335 @55.752s 3%: 0.10+0.98+0.056 ms clock, 0.40+1.0/0.92/0+0.22 ms cpu, 3->3->1 MB, 4 MB goal, 0 MB stacks, 0 MB globals, 4 P
gc 4336 @55.757s 3%: 0.076+1.4+0.043 ms clock, 0.30+0.62/0.60/0+0.17 ms cpu, 3->3->1 MB, 4 MB goal, 0 MB stacks, 0 MB globals, 4 P
gc 4337 @55.762s 3%: 0.054+1.4+0.019 ms clock, 0.21+0.32/0.68/0+0.079 ms cpu, 3->3->1 MB, 4 MB goal, 0 MB stacks, 0 MB globals, 4 P
gc 4338 @55.767s 3%: 0.38+1.9+0.080 ms clock, 1.5+0.40/1.6/0.019+0.32 ms cpu, 3->3->1 MB, 4 MB goal, 0 MB stacks, 0 MB globals, 4 P
gc 4339 @55.772s 3%: 0.044+1.0+0.009 ms clock, 0.17+0.56/0.45/0+0.037 ms cpu, 3->3->1 MB, 4 MB goal, 0 MB stacks, 0 MB globals, 4 P
gc 4340 @55.777s 3%: 0.11+0.62+0.040 ms clock, 0.44+0.66/0.46/0+0.16 ms cpu, 3->3->1 MB, 4 MB goal, 0 MB stacks, 0 MB globals, 4 P
gc 4341 @55.782s 3%: 0.051+0.79+0.027 ms clock, 0.20+0.75/0.70/0+0.11 ms cpu, 3->3->1 MB, 4 MB goal, 0 MB stacks, 0 MB globals, 4 P
gc 4342 @55.787s 3%: 0.069+0.85+0.033 ms clock, 0.27+0.69/0.67/0+0.13 ms cpu, 3->3->1 MB, 4 MB goal, 0 MB stacks, 0 MB globals, 4 P
gc 4343 @55.792s 3%: 0.33+1.4+0.009 ms clock, 1.3+0.32/0.84/0+0.036 ms cpu, 3->3->1 MB, 4 MB goal, 0 MB stacks, 0 MB globals, 4 P
gc 4344 @55.798s 3%: 0.020+0.80+0.063 ms clock, 0.081+0.72/0.70/0+0.25 ms cpu, 3->3->1 MB, 4 MB goal, 0 MB stacks, 0 MB globals, 4 P
gc 4345 @55.803s 3%: 0.097+0.78+0.025 ms clock, 0.39+0.66/0.65/0+0.10 ms cpu, 3->3->1 MB, 4 MB goal, 0 MB stacks, 0 MB globals, 4 P
gc 4346 @55.808s 3%: 0.078+1.2+0.049 ms clock, 0.31+0.64/0.57/0+0.19 ms cpu, 3->3->1 MB, 4 MB goal, 0 MB stacks, 0 MB globals, 4 P
gc 4347 @55.813s 3%: 0.054+1.6+0.027 ms clock, 0.21+0.50/0.50/0+0.10 ms cpu, 3->3->1 MB, 4 MB goal, 0 MB stacks, 0 MB globals, 4 P
gc 4348 @55.818s 3%: 0.043+1.1+0.030 ms clock, 0.17+0.63/0.56/0+0.12 ms cpu, 3->3->1 MB, 4 MB goal, 0 MB stacks, 0 MB globals, 4 P
gc 4349 @55.823s 3%: 0.051+1.5+0.067 ms clock, 0.20+1.0/0.052/0+0.27 ms cpu, 3->3->1 MB, 4 MB goal, 0 MB stacks, 0 MB globals, 4 P
gc 4350 @55.828s 3%: 0.091+1.0+0.059 ms clock, 0.36+0.47/0.56/0+0.23 ms cpu, 3->3->1 MB, 4 MB goal, 0 MB stacks, 0 MB globals, 4 P
gc 4351 @55.833s 3%: 0.10+0.84+0.040 ms clock, 0.40+0.57/0.70/0+0.16 ms cpu, 3->3->1 MB, 4 MB goal, 0 MB stacks, 0 MB globals, 4 P
gc 4352 @55.838s 3%: 0.034+1.6+0.039 ms clock, 0.13+0.53/1.2/0+0.15 ms cpu, 3->3->1 MB, 4 MB goal, 0 MB stacks, 0 MB globals, 4 P
gc 4353 @55.843s 3%: 0.089+0.66+0.068 ms clock, 0.35+0.74/0.58/0+0.27 ms cpu, 3->3->1 MB, 4 MB goal, 0 MB stacks, 0 MB globals, 4 P
gc 4354 @55.848s 3%: 0.052+0.79+0.076 ms clock, 0.20+0.85/0.66/0+0.30 ms cpu, 3->3->1 MB, 4 MB goal, 0 MB stacks, 0 MB globals, 4 P
gc 4355 @55.853s 3%: 0.077+0.67+0.027 ms clock, 0.30+0.47/0.53/0+0.10 ms cpu, 3->3->1 MB, 4 MB goal, 0 MB stacks, 0 MB globals, 4 P
gc 4356 @55.858s 3%: 0.53+0.98+0.054 ms clock, 2.1+0.52/1.2/0.030+0.21 ms cpu, 3->3->1 MB, 4 MB goal, 0 MB stacks, 0 MB globals, 4 P
gc 4357 @55.863s 3%: 0.089+1.4+0.035 ms clock, 0.35+0.59/0.76/0+0.14 ms cpu, 3->3->1 MB, 4 MB goal, 0 MB stacks, 0 MB globals, 4 P
gc 4358 @55.868s 3%: 0.11+1.3+0.003 ms clock, 0.44+0.48/0.57/0+0.013 ms cpu, 3->3->1 MB, 4 MB goal, 0 MB stacks, 0 MB globals, 4 P
gc 4359 @55.873s 3%: 0.65+0.47+0.058 ms clock, 2.6+0.82/0.84/0+0.23 ms cpu, 3->3->1 MB, 4 MB goal, 0 MB stacks, 0 MB globals, 4 P
gc 4360 @55.878s 3%: 0.049+0.77+0.026 ms clock, 0.19+0.69/0.64/0+0.10 ms cpu, 3->3->1 MB, 4 MB goal, 0 MB stacks, 0 MB globals, 4 P
gc 4361 @55.883s 3%: 0.28+2.0+0.034 ms clock, 1.1+1.6/0.92/0+0.13 ms cpu, 3->4->1 MB, 4 MB goal, 0 MB stacks, 0 MB globals, 4 P
gc 4362 @55.889s 3%: 0.026+0.63+0.039 ms clock, 0.10+0.88/0.43/0+0.15 ms cpu, 3->3->1 MB, 4 MB goal, 0 MB stacks, 0 MB globals, 4 P
gc 4363 @55.894s 3%: 0.063+0.84+0.019 ms clock, 0.25+0.85/0.59/0+0.076 ms cpu, 3->3->1 MB, 4 MB goal, 0 MB stacks, 0 MB globals, 4 P
gc 4364 @55.899s 3%: 0.061+0.75+0.068 ms clock, 0.24+0.87/0.57/0+0.27 ms cpu, 3->3->1 MB, 4 MB goal, 0 MB stacks, 0 MB globals, 4 P
gc 4365 @55.903s 3%: 0.42+2.0+0.026 ms clock, 1.7+0.31/1.1/0+0.10 ms cpu, 3->4->1 MB, 4 MB goal, 0 MB stacks, 0 MB globals, 4 P
gc 4366 @55.909s 3%: 0.060+1.5+0.032 ms clock, 0.24+0.43/0.49/0+0.12 ms cpu, 3->3->1 MB, 4 MB goal, 0 MB stacks, 0 MB globals, 4 P
gc 4367 @55.914s 3%: 0.099+0.55+0.047 ms clock, 0.39+0.82/0.46/0+0.18 ms cpu, 3->3->1 MB, 4 MB goal, 0 MB stacks, 0 MB globals, 4 P
gc 4368 @55.919s 3%: 0.046+1.7+0.022 ms clock, 0.18+0.97/0.78/0+0.090 ms cpu, 3->3->1 MB, 4 MB goal, 0 MB stacks, 0 MB globals, 4 P
gc 4369 @55.924s 3%: 0.046+2.3+0.025 ms clock, 0.18+0.61/0.66/0+0.10 ms cpu, 3->3->1 MB, 4 MB goal, 0 MB stacks, 0 MB globals, 4 P
gc 4370 @55.929s 3%: 0.095+1.1+0.038 ms clock, 0.38+0.87/1.1/0.11+0.15 ms cpu, 3->3->1 MB, 4 MB goal, 0 MB stacks, 0 MB globals, 4 P
gc 4371 @55.934s 3%: 0.090+1.9+0.079 ms clock, 0.36+0.61/1.6/0+0.31 ms cpu, 3->3->1 MB, 4 MB goal, 0 MB stacks, 0 MB globals, 4 P
gc 4372 @55.939s 3%: 0.062+0.65+0.030 ms clock, 0.24+0.82/0.49/0+0.12 ms cpu, 3->3->1 MB, 4 MB goal, 0 MB stacks, 0 MB globals, 4 P
gc 4373 @55.944s 3%: 0.073+1.8+0.033 ms clock, 0.29+0.42/0.67/0+0.13 ms cpu, 3->3->1 MB, 4 MB goal, 0 MB stacks, 0 MB globals, 4 P
gc 4374 @55.950s 3%: 0.059+1.5+0.010 ms clock, 0.23+0.75/0.60/0+0.042 ms cpu, 3->3->1 MB, 4 MB goal, 0 MB stacks, 0 MB globals, 4 P
gc 4375 @55.955s 3%: 0.10+0.62+0.033 ms clock, 0.40+0.78/0.56/0+0.13 ms cpu, 3->3->1 MB, 4 MB goal, 0 MB stacks, 0 MB globals, 4 P
gc 4376 @55.959s 3%: 0.053+1.1+0.057 ms clock, 0.21+0.81/0.62/0+0.22 ms cpu, 3->3->1 MB, 4 MB goal, 0 MB stacks, 0 MB globals, 4 P
gc 4377 @55.965s 3%: 0.087+1.4+0.057 ms clock, 0.34+0.63/0.59/0+0.23 ms cpu, 3->3->1 MB, 4 MB goal, 0 MB stacks, 0 MB globals, 4 P
gc 4378 @55.970s 3%: 0.047+1.5+0.028 ms clock, 0.18+0.57/0.42/0+0.11 ms cpu, 3->3->1 MB, 4 MB goal, 0 MB stacks, 0 MB globals, 4 P
gc 4379 @55.975s 3%: 0.044+0.68+0.029 ms clock, 0.17+0.70/0.55/0+0.11 ms cpu, 3->3->1 MB, 4 MB goal, 0 MB stacks, 0 MB globals, 4 P
gc 4380 @55.980s 3%: 0.090+1.4+0.008 ms clock, 0.36+0.70/0.48/0+0.035 ms cpu, 3->3->1 MB, 4 MB goal, 0 MB stacks, 0 MB globals, 4 P
gc 4381 @55.985s 3%: 0.044+0.61+0.032 ms clock, 0.17+0.69/0.50/0+0.13 ms cpu, 3->3->1 MB, 4 MB goal, 0 MB stacks, 0 MB globals, 4 P
gc 4382 @55.990s 3%: 0.091+0.61+0.027 ms clock, 0.36+0.72/0.51/0+0.10 ms cpu, 3->3->1 MB, 4 MB goal, 0 MB stacks, 0 MB globals, 4 P
gc 4383 @55.995s 3%: 0.73+0.77+0.025 ms clock, 2.9+0.48/0.80/0+0.10 ms cpu, 3->3->1 MB, 4 MB goal, 0 MB stacks, 0 MB globals, 4 P
gc 4384 @56.000s 3%: 0.041+1.4+0.044 ms clock, 0.16+0.57/0.57/0+0.17 ms cpu, 3->3->1 MB, 4 MB goal, 0 MB stacks, 0 MB globals, 4 P
gc 4385 @56.005s 3%: 0.055+2.3+0.065 ms clock, 0.22+1.7/0.57/0+0.26 ms cpu, 3->3->1 MB, 4 MB goal, 0 MB stacks, 0 MB globals, 4 P
gc 4386 @56.010s 3%: 0.021+0.77+0.042 ms clock, 0.085+0.88/0.62/0+0.16 ms cpu, 3->3->1 MB, 4 MB goal, 0 MB stacks, 0 MB globals, 4 P
gc 4387 @56.015s 3%: 0.086+0.86+0.043 ms clock, 0.34+0.82/0.73/0+0.17 ms cpu, 3->3->1 MB, 4 MB goal, 0 MB stacks, 0 MB globals, 4 P
gc 4388 @56.020s 3%: 0.11+0.56+0.043 ms clock, 0.45+0.89/0.46/0+0.17 ms cpu, 3->3->1 MB, 4 MB goal, 0 MB stacks, 0 MB globals, 4 P
gc 4389 @56.025s 3%: 1.6+0.50+0.035 ms clock, 6.5+0.36/1.9/0+0.14 ms cpu, 3->3->1 MB, 4 MB goal, 0 MB stacks, 0 MB globals, 4 P
gc 4390 @56.030s 3%: 0.049+1.3+0.025 ms clock, 0.19+0.76/0.44/0+0.10 ms cpu, 3->3->1 MB, 4 MB goal, 0 MB stacks, 0 MB globals, 4 P
gc 4391 @56.035s 3%: 0.38+2.0+0.058 ms clock, 1.5+1.9/0.92/0+0.23 ms cpu, 3->3->1 MB, 4 MB goal, 0 MB stacks, 0 MB globals, 4 P
gc 4392 @56.040s 3%: 0.063+1.4+0.012 ms clock, 0.25+0.55/0.47/0+0.049 ms cpu, 3->3->1 MB, 4 MB goal, 0 MB stacks, 0 MB globals, 4 P
gc 4393 @56.045s 3%: 0.30+1.9+0.066 ms clock, 1.2+0.61/1.0/0+0.26 ms cpu, 3->3->1 MB, 4 MB goal, 0 MB stacks, 0 MB globals, 4 P
gc 4394 @56.051s 3%: 0.054+2.2+0.004 ms clock, 0.21+0.68/1.5/0+0.018 ms cpu, 3->3->1 MB, 4 MB goal, 0 MB stacks, 0 MB globals, 4 P
gc 4395 @56.056s 3%: 0.064+1.8+0.035 ms clock, 0.25+0.61/0.63/0+0.14 ms cpu, 3->3->1 MB, 4 MB goal, 0 MB stacks, 0 MB globals, 4 P
gc 4396 @56.061s 3%: 0.29+1.1+0.026 ms clock, 1.1+0.27/1.2/0+0.10 ms cpu, 3->3->1 MB, 4 MB goal, 0 MB stacks, 0 MB globals, 4 P
gc 4397 @56.066s 3%: 0.081+0.64+0.042 ms clock, 0.32+0.70/0.55/0+0.17 ms cpu, 3->3->1 MB, 4 MB goal, 0 MB stacks, 0 MB globals, 4 P
gc 4398 @56.071s 3%: 1.8+0.84+0.028 ms clock, 7.2+0.62/1.8/0+0.11 ms cpu, 3->3->1 MB, 4 MB goal, 0 MB stacks, 0 MB globals, 4 P
gc 4399 @56.076s 3%: 0.058+0.67+0.052 ms clock, 0.23+0.50/0.52/0+0.20 ms cpu, 3->3->1 MB, 4 MB goal, 0 MB stacks, 0 MB globals, 4 P
gc 4400 @56.081s 3%: 0.073+0.74+0.046 ms clock, 0.29+0.87/0.63/0+0.18 ms cpu, 3->3->1 MB, 4 MB goal, 0 MB stacks, 0 MB globals, 4 P
gc 4401 @56.086s 3%: 2.4+0.37+0.003 ms clock, 9.8+0.59/2.5/0.062+0.015 ms cpu, 3->3->1 MB, 4 MB goal, 0 MB stacks, 0 MB globals, 4 P
gc 4402 @56.091s 3%: 0.076+0.57+0.026 ms clock, 0.30+0.86/0.44/0+0.10 ms cpu, 3->3->1 MB, 4 MB goal, 0 MB stacks, 0 MB globals, 4 P
gc 4403 @56.096s 3%: 0.096+0.99+0.045 ms clock, 0.38+0.86/0.88/0+0.18 ms cpu, 3->3->1 MB, 4 MB goal, 0 MB stacks, 0 MB globals, 4 P
gc 4404 @56.101s 3%: 0.049+0.78+0.030 ms clock, 0.19+0.80/0.69/0+0.12 ms cpu, 3->3->1 MB, 4 MB goal, 0 MB stacks, 0 MB globals, 4 P
gc 4405 @56.106s 3%: 1.0+0.78+0.062 ms clock, 4.2+0.52/1.1/0+0.24 ms cpu, 3->3->1 MB, 4 MB goal, 0 MB stacks, 0 MB globals, 4 P
gc 4406 @56.112s 3%: 0.053+1.2+0.049 ms clock, 0.21+0.52/0.90/0+0.19 ms cpu, 3->3->1 MB, 4 MB goal, 0 MB stacks, 0 MB globals, 4 P
gc 4407 @56.117s 3%: 0.068+1.3+0.053 ms clock, 0.27+0.50/0.59/0+0.21 ms cpu, 3->3->1 MB, 4 MB goal, 0 MB stacks, 0 MB globals, 4 P
gc 4408 @56.122s 3%: 0.082+1.5+0.075 ms clock, 0.32+0.75/1.0/0+0.30 ms cpu, 3->3->1 MB, 4 MB goal, 0 MB stacks, 0 MB globals, 4 P
gc 4409 @56.127s 3%: 0.046+0.62+0.025 ms clock, 0.18+0.58/0.51/0+0.10 ms cpu, 3->3->1 MB, 4 MB goal, 0 MB stacks, 0 MB globals, 4 P
gc 4410 @56.132s 3%: 0.037+0.57+0.024 ms clock, 0.14+0.87/0.45/0+0.096 ms cpu, 3->3->1 MB, 4 MB goal, 0 MB stacks, 0 MB globals, 4 P
gc 4411 @56.137s 3%: 0.077+0.64+0.092 ms clock, 0.31+0.85/0.48/0+0.36 ms cpu, 3->3->1 MB, 4 MB goal, 0 MB stacks, 0 MB globals, 4 P
gc 4412 @56.141s 3%: 0.047+0.68+0.035 ms clock, 0.18+0.44/0.58/0+0.14 ms cpu, 3->3->1 MB, 4 MB goal, 0 MB stacks, 0 MB globals, 4 P
gc 4413 @56.146s 3%: 0.078+1.5+0.057 ms clock, 0.31+0.45/0.56/0+0.22 ms cpu, 3->3->1 MB, 4 MB goal, 0 MB stacks, 0 MB globals, 4 P
gc 4414 @56.151s 3%: 0.070+1.5+0.024 ms clock, 0.28+0.75/0.57/0+0.099 ms cpu, 3->3->1 MB, 4 MB goal, 0 MB stacks, 0 MB globals, 4 P
gc 4415 @56.157s 3%: 0.068+0.67+0.034 ms clock, 0.27+0.93/0.54/0+0.13 ms cpu, 3->3->1 MB, 4 MB goal, 0 MB stacks, 0 MB globals, 4 P
gc 4416 @56.161s 3%: 0.040+0.52+0.039 ms clock, 0.16+0.83/0.45/0+0.15 ms cpu, 3->3->1 MB, 4 MB goal, 0 MB stacks, 0 MB globals, 4 P
gc 4417 @56.166s 3%: 0.066+0.58+0.054 ms clock, 0.26+0.86/0.49/0+0.21 ms cpu, 3->3->1 MB, 4 MB goal, 0 MB stacks, 0 MB globals, 4 P
gc 4418 @56.171s 3%: 0.051+0.79+0.063 ms clock, 0.20+0.75/0.65/0+0.25 ms cpu, 3->3->1 MB, 4 MB goal, 0 MB stacks, 0 MB globals, 4 P
gc 4419 @56.176s 3%: 0.059+0.88+0.035 ms clock, 0.23+0.36/0.75/0+0.14 ms cpu, 3->3->1 MB, 4 MB goal, 0 MB stacks, 0 MB globals, 4 P
gc 4420 @56.181s 3%: 0.074+0.67+0.067 ms clock, 0.29+0.60/0.56/0+0.27 ms cpu, 3->3->1 MB, 4 MB goal, 0 MB stacks, 0 MB globals, 4 P
gc 4421 @56.186s 3%: 0.055+1.1+0.022 ms clock, 0.22+0.89/1.0/0+0.089 ms cpu, 3->3->1 MB, 4 MB goal, 0 MB stacks, 0 MB globals, 4 P
gc 4422 @56.191s 3%: 0.058+0.68+0.038 ms clock, 0.23+0.51/0.52/0+0.15 ms cpu, 3->3->1 MB, 4 MB goal, 0 MB stacks, 0 MB globals, 4 P
gc 4423 @56.196s 3%: 0.085+1.8+0.042 ms clock, 0.34+0.53/0.64/0+0.17 ms cpu, 3->3->1 MB, 4 MB goal, 0 MB stacks, 0 MB globals, 4 P
gc 4424 @56.202s 3%: 0.042+1.1+0.036 ms clock, 0.17+0.46/1.0/0+0.14 ms cpu, 3->3->1 MB, 4 MB goal, 0 MB stacks, 0 MB globals, 4 P
gc 4425 @56.206s 3%: 0.32+1.3+0.019 ms clock, 1.3+0.41/1.6/0+0.079 ms cpu, 3->3->1 MB, 4 MB goal, 0 MB stacks, 0 MB globals, 4 P
gc 4426 @56.212s 3%: 0.066+0.74+0.054 ms clock, 0.26+0.44/0.60/0+0.21 ms cpu, 3->3->1 MB, 4 MB goal, 0 MB stacks, 0 MB globals, 4 P
gc 4427 @56.217s 3%: 0.31+0.84+0.019 ms clock, 1.2+0.56/0.97/0+0.077 ms cpu, 3->3->1 MB, 4 MB goal, 0 MB stacks, 0 MB globals, 4 P
gc 4428 @56.222s 3%: 0.079+0.98+0.029 ms clock, 0.31+0.54/0.86/0+0.11 ms cpu, 3->3->1 MB, 4 MB goal, 0 MB stacks, 0 MB globals, 4 P
gc 4429 @56.226s 3%: 0.072+0.64+0.068 ms clock, 0.29+0.82/0.52/0+0.27 ms cpu, 3->3->1 MB, 4 MB goal, 0 MB stacks, 0 MB globals, 4 P
gc 4430 @56.231s 3%: 0.062+0.60+0.035 ms clock, 0.25+0.80/0.52/0+0.14 ms cpu, 3->3->1 MB, 4 MB goal, 0 MB stacks, 0 MB globals, 4 P
gc 4431 @56.236s 3%: 0.080+0.78+0.051 ms clock, 0.32+0.74/0.59/0+0.20 ms cpu, 3->3->1 MB, 4 MB goal, 0 MB stacks, 0 MB globals, 4 P
gc 4432 @56.241s 3%: 0.086+1.4+0.004 ms clock, 0.34+0.43/0.57/0+0.016 ms cpu, 3->3->1 MB, 4 MB goal, 0 MB stacks, 0 MB globals, 4 P
gc 4433 @56.247s 3%: 0.053+1.1+0.021 ms clock, 0.21+1.2/0.70/0+0.084 ms cpu, 3->3->1 MB, 4 MB goal, 0 MB stacks, 0 MB globals, 4 P
gc 4434 @56.252s 3%: 0.063+1.6+0.029 ms clock, 0.25+1.6/0.57/0+0.11 ms cpu, 3->3->1 MB, 4 MB goal, 0 MB stacks, 0 MB globals, 4 P
gc 4435 @56.257s 3%: 0.090+1.5+0.030 ms clock, 0.36+0.58/0.56/0+0.12 ms cpu, 3->3->1 MB, 4 MB goal, 0 MB stacks, 0 MB globals, 4 P
gc 4436 @56.262s 3%: 0.10+0.71+0.066 ms clock, 0.42+0.55/0.60/0+0.26 ms cpu, 3->3->1 MB, 4 MB goal, 0 MB stacks, 0 MB globals, 4 P
gc 4437 @56.267s 3%: 0.090+0.61+0.012 ms clock, 0.36+0.84/0.47/0+0.049 ms cpu, 3->3->1 MB, 4 MB goal, 0 MB stacks, 0 MB globals, 4 P
gc 4438 @56.272s 3%: 0.053+1.6+0.082 ms clock, 0.21+0.88/0.54/0+0.32 ms cpu, 3->3->1 MB, 4 MB goal, 0 MB stacks, 0 MB globals, 4 P
gc 4439 @56.277s 3%: 0.041+0.76+0.038 ms clock, 0.16+0.81/0.55/0+0.15 ms cpu, 3->3->1 MB, 4 MB goal, 0 MB stacks, 0 MB globals, 4 P
gc 4440 @56.282s 3%: 0.065+1.8+0.034 ms clock, 0.26+1.6/0.58/0+0.13 ms cpu, 3->3->1 MB, 4 MB goal, 0 MB stacks, 0 MB globals, 4 P
gc 4441 @56.287s 3%: 0.094+0.95+0.083 ms clock, 0.37+1.0/0.47/0+0.33 ms cpu, 3->3->1 MB, 4 MB goal, 0 MB stacks, 0 MB globals, 4 P
gc 4442 @56.292s 3%: 0.52+1.6+0.065 ms clock, 2.0+0.61/1.1/0+0.26 ms cpu, 3->3->1 MB, 4 MB goal, 0 MB stacks, 0 MB globals, 4 P
gc 4443 @56.297s 3%: 0.092+1.4+0.037 ms clock, 0.37+0.60/0.52/0+0.14 ms cpu, 3->3->1 MB, 4 MB goal, 0 MB stacks, 0 MB globals, 4 P
gc 4444 @56.302s 3%: 0.066+0.91+0.058 ms clock, 0.26+0.75/0.48/0+0.23 ms cpu, 3->3->1 MB, 4 MB goal, 0 MB stacks, 0 MB globals, 4 P
gc 4445 @56.307s 3%: 0.11+0.73+0.030 ms clock, 0.44+0.33/0.66/0+0.12 ms cpu, 3->3->1 MB, 4 MB goal, 0 MB stacks, 0 MB globals, 4 P
gc 4446 @56.312s 3%: 0.081+2.0+0.007 ms clock, 0.32+0.61/0.54/0+0.029 ms cpu, 3->3->1 MB, 4 MB goal, 0 MB stacks, 0 MB globals, 4 P
gc 4447 @56.317s 3%: 0.049+0.85+0.041 ms clock, 0.19+0.51/0.70/0+0.16 ms cpu, 3->3->1 MB, 4 MB goal, 0 MB stacks, 0 MB globals, 4 P
gc 4448 @56.322s 3%: 0.089+1.4+0.047 ms clock, 0.35+0.37/0.58/0+0.18 ms cpu, 3->3->1 MB, 4 MB goal, 0 MB stacks, 0 MB globals, 4 P
gc 4449 @56.328s 3%: 0.045+1.4+0.004 ms clock, 0.18+0.057/0.78/0.25+0.016 ms cpu, 3->3->1 MB, 4 MB goal, 0 MB stacks, 0 MB globals, 4 P
gc 4450 @56.333s 3%: 0.050+1.3+0.026 ms clock, 0.20+0.35/0.52/0+0.10 ms cpu, 3->3->1 MB, 4 MB goal, 0 MB stacks, 0 MB globals, 4 P
gc 4451 @56.338s 3%: 0.059+1.7+0.041 ms clock, 0.23+0.53/0.75/0+0.16 ms cpu, 3->3->1 MB, 4 MB goal, 0 MB stacks, 0 MB globals, 4 P
gc 4452 @56.343s 3%: 0.064+1.4+0.032 ms clock, 0.25+0.81/0.41/0+0.13 ms cpu, 3->3->1 MB, 4 MB goal, 0 MB stacks, 0 MB globals, 4 P
gc 4453 @56.348s 3%: 0.021+0.60+0.063 ms clock, 0.087+0.76/0.47/0+0.25 ms cpu, 3->3->1 MB, 4 MB goal, 0 MB stacks, 0 MB globals, 4 P
gc 4454 @56.353s 3%: 0.069+0.79+0.056 ms clock, 0.27+0.85/0.63/0+0.22 ms cpu, 3->3->1 MB, 4 MB goal, 0 MB stacks, 0 MB globals, 4 P
gc 4455 @56.358s 3%: 0.059+0.98+0.027 ms clock, 0.23+0.51/0.49/0+0.10 ms cpu, 3->3->1 MB, 4 MB goal, 0 MB stacks, 0 MB globals, 4 P
gc 4456 @56.363s 3%: 0.37+1.1+0.003 ms clock, 1.4+0.057/0.75/0+0.014 ms cpu, 3->3->1 MB, 4 MB goal, 0 MB stacks, 0 MB globals, 4 P
gc 4457 @56.368s 3%: 0.063+1.6+0.008 ms clock, 0.25+0.68/0.53/0+0.032 ms cpu, 3->3->1 MB, 4 MB goal, 0 MB stacks, 0 MB globals, 4 P
gc 4458 @56.373s 3%: 0.089+0.91+0.031 ms clock, 0.35+0.84/0.47/0+0.12 ms cpu, 3->3->1 MB, 4 MB goal, 0 MB stacks, 0 MB globals, 4 P
gc 4459 @56.378s 3%: 0.063+1.0+0.085 ms clock, 0.25+0.82/0.45/0+0.34 ms cpu, 3->3->1 MB, 4 MB goal, 0 MB stacks, 0 MB globals, 4 P
gc 4460 @56.383s 3%: 0.36+1.5+0.037 ms clock, 1.4+0.58/0.97/0+0.14 ms cpu, 3->3->1 MB, 4 MB goal, 0 MB stacks, 0 MB globals, 4 P
gc 4461 @56.388s 3%: 0.046+1.2+0.053 ms clock, 0.18+0.39/0.60/0+0.21 ms cpu, 3->3->1 MB, 4 MB goal, 0 MB stacks, 0 MB globals, 4 P
gc 4462 @56.394s 3%: 0.062+0.60+0.038 ms clock, 0.24+0.58/0.51/0+0.15 ms cpu, 3->3->1 MB, 4 MB goal, 0 MB stacks, 0 MB globals, 4 P
gc 4463 @56.398s 3%: 0.082+0.57+0.028 ms clock, 0.33+0.82/0.47/0+0.11 ms cpu, 3->3->1 MB, 4 MB goal, 0 MB stacks, 0 MB globals, 4 P
gc 4464 @56.403s 3%: 0.060+3.1+0.038 ms clock, 0.24+0.37/0.73/0+0.15 ms cpu, 3->3->1 MB, 4 MB goal, 0 MB stacks, 0 MB globals, 4 P
gc 4465 @56.409s 3%: 0.22+1.2+0.080 ms clock, 0.91+0.90/0.72/0+0.32 ms cpu, 3->3->1 MB, 4 MB goal, 0 MB stacks, 0 MB globals, 4 P
gc 4466 @56.414s 3%: 0.058+1.4+0.026 ms clock, 0.23+0.99/0.055/0+0.10 ms cpu, 3->4->1 MB, 4 MB goal, 0 MB stacks, 0 MB globals, 4 P
gc 4467 @56.419s 3%: 0.26+0.84+0.021 ms clock, 1.0+0.39/1.0/0+0.084 ms cpu, 3->3->1 MB, 4 MB goal, 0 MB stacks, 0 MB globals, 4 P
gc 4468 @56.424s 3%: 0.059+1.4+0.038 ms clock, 0.23+0.64/0.64/0+0.15 ms cpu, 3->3->1 MB, 4 MB goal, 0 MB stacks, 0 MB globals, 4 P
gc 4469 @56.429s 3%: 0.057+0.93+0.066 ms clock, 0.23+1.0/0.004/0+0.26 ms cpu, 3->3->1 MB, 4 MB goal, 0 MB stacks, 0 MB globals, 4 P
gc 4470 @56.434s 3%: 0.56+0.61+0.032 ms clock, 2.2+0.69/0.66/0+0.12 ms cpu, 3->3->1 MB, 4 MB goal, 0 MB stacks, 0 MB globals, 4 P
gc 4471 @56.439s 3%: 0.064+0.78+0.047 ms clock, 0.25+0.81/0.57/0+0.18 ms cpu, 3->3->1 MB, 4 MB goal, 0 MB stacks, 0 MB globals, 4 P
gc 4472 @56.444s 3%: 0.27+1.6+0.043 ms clock, 1.0+0.66/1.2/0.010+0.17 ms cpu, 3->3->1 MB, 4 MB goal, 0 MB stacks, 0 MB globals, 4 P
gc 4473 @56.449s 3%: 1.1+0.37+0.049 ms clock, 4.5+0.66/1.2/0+0.19 ms cpu, 3->3->1 MB, 4 MB goal, 0 MB stacks, 0 MB globals, 4 P
gc 4474 @56.454s 3%: 0.066+1.6+0.072 ms clock, 0.26+0.71/0.53/0+0.28 ms cpu, 3->3->1 MB, 4 MB goal, 0 MB stacks, 0 MB globals, 4 P
gc 4475 @56.459s 3%: 0.048+0.90+0.011 ms clock, 0.19+0.73/0.48/0+0.047 ms cpu, 3->3->1 MB, 4 MB goal, 0 MB stacks, 0 MB globals, 4 P
gc 4476 @56.464s 3%: 0.46+1.7+0.026 ms clock, 1.8+0.26/1.2/0.10+0.10 ms cpu, 3->3->1 MB, 4 MB goal, 0 MB stacks, 0 MB globals, 4 P
gc 4477 @56.470s 3%: 0.051+1.1+0.030 ms clock, 0.20+0.29/1.0/0.19+0.12 ms cpu, 3->3->1 MB, 4 MB goal, 0 MB stacks, 0 MB globals, 4 P
gc 4478 @56.475s 3%: 0.057+2.2+0.023 ms clock, 0.22+0.56/0.60/0+0.093 ms cpu, 3->3->1 MB, 4 MB goal, 0 MB stacks, 0 MB globals, 4 P
gc 4479 @56.480s 3%: 0.035+0.78+0.070 ms clock, 0.14+0.54/0.68/0+0.28 ms cpu, 3->3->1 MB, 4 MB goal, 0 MB stacks, 0 MB globals, 4 P
gc 4480 @56.485s 3%: 0.055+1.1+0.036 ms clock, 0.22+0.89/0.48/0+0.14 ms cpu, 3->3->1 MB, 4 MB goal, 0 MB stacks, 0 MB globals, 4 P
gc 4481 @56.490s 3%: 0.055+1.2+0.078 ms clock, 0.22+0.83/0.56/0+0.31 ms cpu, 3->3->1 MB, 4 MB goal, 0 MB stacks, 0 MB globals, 4 P
gc 4482 @56.495s 3%: 0.075+0.59+0.028 ms clock, 0.30+0.77/0.51/0+0.11 ms cpu, 3->3->1 MB, 4 MB goal, 0 MB stacks, 0 MB globals, 4 P
gc 4483 @56.500s 3%: 0.047+0.49+0.029 ms clock, 0.18+0.80/0.43/0+0.11 ms cpu, 3->3->1 MB, 4 MB goal, 0 MB stacks, 0 MB globals, 4 P
gc 4484 @56.505s 3%: 0.061+1.0+0.032 ms clock, 0.24+0.39/0.60/0+0.13 ms cpu, 3->3->1 MB, 4 MB goal, 0 MB stacks, 0 MB globals, 4 P
gc 4485 @56.510s 3%: 0.066+1.4+0.076 ms clock, 0.26+0.64/0.55/0+0.30 ms cpu, 3->3->1 MB, 4 MB goal, 0 MB stacks, 0 MB globals, 4 P
gc 4486 @56.515s 3%: 0.090+0.71+0.022 ms clock, 0.36+1.1/0/0+0.089 ms cpu, 3->3->1 MB, 4 MB goal, 0 MB stacks, 0 MB globals, 4 P
gc 4487 @56.520s 3%: 0.048+0.56+0.071 ms clock, 0.19+0.91/0.49/0+0.28 ms cpu, 3->3->1 MB, 4 MB goal, 0 MB stacks, 0 MB globals, 4 P
gc 4488 @56.525s 3%: 0.079+0.64+0.021 ms clock, 0.31+0.71/0.57/0+0.087 ms cpu, 3->3->1 MB, 4 MB goal, 0 MB stacks, 0 MB globals, 4 P
gc 4489 @56.530s 3%: 0.049+0.73+0.088 ms clock, 0.19+0.86/0.49/0+0.35 ms cpu, 3->3->1 MB, 4 MB goal, 0 MB stacks, 0 MB globals, 4 P
gc 4490 @56.535s 3%: 0.084+0.96+0.030 ms clock, 0.33+0.59/0.50/0.075+0.12 ms cpu, 3->3->1 MB, 4 MB goal, 0 MB stacks, 0 MB globals, 4 P
gc 4491 @56.540s 3%: 0.064+1.1+0.063 ms clock, 0.25+1.0/0.021/0+0.25 ms cpu, 3->3->1 MB, 4 MB goal, 0 MB stacks, 0 MB globals, 4 P
gc 4492 @56.545s 3%: 0.094+0.92+0.037 ms clock, 0.37+0.50/0.54/0+0.14 ms cpu, 3->3->1 MB, 4 MB goal, 0 MB stacks, 0 MB globals, 4 P
gc 4493 @56.550s 3%: 0.079+0.56+0.069 ms clock, 0.31+0.90/0.39/0+0.27 ms cpu, 3->3->1 MB, 4 MB goal, 0 MB stacks, 0 MB globals, 4 P
gc 4494 @56.555s 3%: 0.10+1.4+0.033 ms clock, 0.42+0.52/0.56/0+0.13 ms cpu, 3->3->1 MB, 4 MB goal, 0 MB stacks, 0 MB globals, 4 P
gc 4495 @56.560s 3%: 0.043+0.62+0.021 ms clock, 0.17+0.86/0.52/0+0.086 ms cpu, 3->3->1 MB, 4 MB goal, 0 MB stacks, 0 MB globals, 4 P
gc 4496 @56.565s 3%: 1.8+0.30+0.028 ms clock, 7.2+0.35/1.9/0+0.11 ms cpu, 3->3->1 MB, 4 MB goal, 0 MB stacks, 0 MB globals, 4 P
gc 4497 @56.570s 3%: 0.066+1.7+0.006 ms clock, 0.26+0.53/0.81/0+0.024 ms cpu, 3->3->1 MB, 4 MB goal, 0 MB stacks, 0 MB globals, 4 P
gc 4498 @56.575s 3%: 0.074+0.98+0.021 ms clock, 0.29+0.52/0.53/0+0.085 ms cpu, 3->3->1 MB, 4 MB goal, 0 MB stacks, 0 MB globals, 4 P
gc 4499 @56.580s 3%: 0.033+0.66+0.043 ms clock, 0.13+0.71/0.46/0+0.17 ms cpu, 3->3->1 MB, 4 MB goal, 0 MB stacks, 0 MB globals, 4 P
gc 4500 @56.585s 3%: 0.065+0.64+0.039 ms clock, 0.26+0.60/0.56/0+0.15 ms cpu, 3->3->1 MB, 4 MB goal, 0 MB stacks, 0 MB globals, 4 P
gc 4501 @56.590s 3%: 0.078+0.82+0.028 ms clock, 0.31+0.74/0.43/0+0.11 ms cpu, 3->3->1 MB, 4 MB goal, 0 MB stacks, 0 MB globals, 4 P
gc 4502 @56.595s 3%: 0.081+1.4+0.081 ms clock, 0.32+0.42/0.60/0+0.32 ms cpu, 3->3->1 MB, 4 MB goal, 0 MB stacks, 0 MB globals, 4 P
gc 4503 @56.600s 3%: 0.037+0.60+0.055 ms clock, 0.15+0.53/0.51/0+0.22 ms cpu, 3->3->1 MB, 4 MB goal, 0 MB stacks, 0 MB globals, 4 P
gc 4504 @56.605s 3%: 0.048+0.65+0.063 ms clock, 0.19+0.62/0.54/0+0.25 ms cpu, 3->3->1 MB, 4 MB goal, 0 MB stacks, 0 MB globals, 4 P
gc 4505 @56.609s 3%: 0.075+0.68+0.020 ms clock, 0.30+0.84/0.57/0+0.082 ms cpu, 3->3->1 MB, 4 MB goal, 0 MB stacks, 0 MB globals, 4 P
gc 4506 @56.614s 3%: 0.34+0.85+0.031 ms clock, 1.3+0.54/1.0/0+0.12 ms cpu, 3->3->1 MB, 4 MB goal, 0 MB stacks, 0 MB globals, 4 P
gc 4507 @56.619s 3%: 0.096+2.0+0.046 ms clock, 0.38+0.54/0.47/0+0.18 ms cpu, 3->3->1 MB, 4 MB goal, 0 MB stacks, 0 MB globals, 4 P
gc 4508 @56.624s 3%: 0.053+0.67+0.060 ms clock, 0.21+0.79/0.54/0+0.24 ms cpu, 3->3->1 MB, 4 MB goal, 0 MB stacks, 0 MB globals, 4 P
gc 4509 @56.629s 3%: 0.10+0.74+0.025 ms clock, 0.43+0.87/0.69/0+0.10 ms cpu, 3->3->1 MB, 4 MB goal, 0 MB stacks, 0 MB globals, 4 P
gc 4510 @56.634s 3%: 0.36+0.83+0.022 ms clock, 1.4+0.37/1.0/0+0.091 ms cpu, 3->3->1 MB, 4 MB goal, 0 MB stacks, 0 MB globals, 4 P
gc 4511 @56.639s 3%: 0.066+3.0+0.073 ms clock, 0.26+0.63/0.56/0.041+0.29 ms cpu, 3->4->1 MB, 4 MB goal, 0 MB stacks, 0 MB globals, 4 P
gc 4512 @56.645s 3%: 0.096+0.67+0.023 ms clock, 0.38+0.68/0.53/0+0.094 ms cpu, 3->3->1 MB, 4 MB goal, 0 MB stacks, 0 MB globals, 4 P
gc 4513 @56.650s 3%: 0.079+1.5+0.024 ms clock, 0.31+0.59/0.68/0+0.099 ms cpu, 3->3->1 MB, 4 MB goal, 0 MB stacks, 0 MB globals, 4 P
gc 4514 @56.655s 3%: 0.050+0.95+0.066 ms clock, 0.20+0.60/0.53/0+0.26 ms cpu, 3->3->1 MB, 4 MB goal, 0 MB stacks, 0 MB globals, 4 P
gc 4515 @56.660s 3%: 0.065+0.53+0.11 ms clock, 0.26+0.86/0.47/0+0.46 ms cpu, 3->3->1 MB, 4 MB goal, 0 MB stacks, 0 MB globals, 4 P
gc 4516 @56.665s 3%: 1.5+0.53+0.069 ms clock, 6.0+0.61/1.5/0+0.27 ms cpu, 3->3->1 MB, 4 MB goal, 0 MB stacks, 0 MB globals, 4 P
gc 4517 @56.670s 3%: 0.43+1.0+0.090 ms clock, 1.7+0.53/0.97/0.012+0.36 ms cpu, 3->3->1 MB, 4 MB goal, 0 MB stacks, 0 MB globals, 4 P
gc 4518 @56.675s 3%: 0.047+1.3+0.024 ms clock, 0.18+0.19/0.72/0+0.098 ms cpu, 3->3->1 MB, 4 MB goal, 0 MB stacks, 0 MB globals, 4 P
gc 4519 @56.680s 3%: 1.6+0.46+0.043 ms clock, 6.4+0.62/1.7/0+0.17 ms cpu, 3->3->1 MB, 4 MB goal, 0 MB stacks, 0 MB globals, 4 P
gc 4520 @56.685s 3%: 0.097+0.91+0.038 ms clock, 0.39+0.62/0.52/0+0.15 ms cpu, 3->3->1 MB, 4 MB goal, 0 MB stacks, 0 MB globals, 4 P
gc 4521 @56.690s 3%: 0.076+0.71+0.026 ms clock, 0.30+0.74/0.58/0+0.10 ms cpu, 3->3->1 MB, 4 MB goal, 0 MB stacks, 0 MB globals, 4 P
gc 4522 @56.695s 3%: 0.066+0.57+0.038 ms clock, 0.26+0.86/0.49/0+0.15 ms cpu, 3->3->1 MB, 4 MB goal, 0 MB stacks, 0 MB globals, 4 P
gc 4523 @56.700s 3%: 0.047+0.85+0.023 ms clock, 0.18+0.97/0.45/0+0.094 ms cpu, 3->3->1 MB, 4 MB goal, 0 MB stacks, 0 MB globals, 4 P
gc 4524 @56.705s 3%: 0.10+1.7+0.079 ms clock, 0.40+0.50/0.57/0+0.31 ms cpu, 3->3->1 MB, 4 MB goal, 0 MB stacks, 0 MB globals, 4 P
gc 4525 @56.710s 3%: 0.057+1.8+0.055 ms clock, 0.23+2.2/0.74/0+0.22 ms cpu, 3->3->1 MB, 4 MB goal, 0 MB stacks, 0 MB globals, 4 P
gc 4526 @56.716s 3%: 0.051+1.0+0.038 ms clock, 0.20+0.53/0.54/0+0.15 ms cpu, 3->3->1 MB, 4 MB goal, 0 MB stacks, 0 MB globals, 4 P
gc 4527 @56.721s 3%: 0.063+0.69+0.039 ms clock, 0.25+0.66/0.52/0+0.15 ms cpu, 3->3->1 MB, 4 MB goal, 0 MB stacks, 0 MB globals, 4 P
gc 4528 @56.725s 3%: 0.078+0.73+0.020 ms clock, 0.31+0.78/0.66/0+0.083 ms cpu, 3->3->1 MB, 4 MB goal, 0 MB stacks, 0 MB globals, 4 P
gc 4529 @56.730s 3%: 0.058+1.7+0.073 ms clock, 0.23+0.88/1.6/0+0.29 ms cpu, 3->3->1 MB, 4 MB goal, 0 MB stacks, 0 MB globals, 4 P
gc 4530 @56.736s 3%: 0.093+0.52+0.030 ms clock, 0.37+0.48/0.45/0+0.12 ms cpu, 3->3->1 MB, 4 MB goal, 0 MB stacks, 0 MB globals, 4 P
gc 4531 @56.740s 3%: 0.053+0.52+0.035 ms clock, 0.21+0.90/0.44/0+0.14 ms cpu, 3->3->1 MB, 4 MB goal, 0 MB stacks, 0 MB globals, 4 P
gc 4532 @56.745s 3%: 0.10+1.7+0.068 ms clock, 0.42+0.66/0.49/0+0.27 ms cpu, 3->3->1 MB, 4 MB goal, 0 MB stacks, 0 MB globals, 4 P
gc 4533 @56.750s 3%: 1.2+0.85+0.036 ms clock, 4.9+0.48/1.5/0.69+0.14 ms cpu, 3->3->1 MB, 4 MB goal, 0 MB stacks, 0 MB globals, 4 P
gc 4534 @56.755s 3%: 0.092+0.58+0.060 ms clock, 0.37+0.70/0.46/0+0.24 ms cpu, 3->3->1 MB, 4 MB goal, 0 MB stacks, 0 MB globals, 4 P
gc 4535 @56.760s 3%: 0.084+0.74+0.007 ms clock, 0.33+0.58/0.63/0+0.031 ms cpu, 3->3->1 MB, 4 MB goal, 0 MB stacks, 0 MB globals, 4 P
gc 4536 @56.765s 3%: 0.045+1.4+0.072 ms clock, 0.18+0.69/0.72/0+0.29 ms cpu, 3->3->1 MB, 4 MB goal, 0 MB stacks, 0 MB globals, 4 P
gc 4537 @56.770s 3%: 0.078+0.55+0.072 ms clock, 0.31+0.89/0.44/0+0.29 ms cpu, 3->3->1 MB, 4 MB goal, 0 MB stacks, 0 MB globals, 4 P
gc 4538 @56.775s 3%: 0.037+2.2+0.022 ms clock, 0.15+0.85/0.67/0+0.090 ms cpu, 3->3->1 MB, 4 MB goal, 0 MB stacks, 0 MB globals, 4 P
gc 4539 @56.780s 3%: 0.080+1.2+0.058 ms clock, 0.32+0.37/0.59/0+0.23 ms cpu, 3->3->1 MB, 4 MB goal, 0 MB stacks, 0 MB globals, 4 P
gc 4540 @56.785s 3%: 0.30+1.2+0.081 ms clock, 1.2+0.57/1.0/0+0.32 ms cpu, 3->3->1 MB, 4 MB goal, 0 MB stacks, 0 MB globals, 4 P
gc 4541 @56.792s 3%: 0.070+1.3+0.021 ms clock, 0.28+0.63/0.63/0+0.086 ms cpu, 3->4->1 MB, 4 MB goal, 0 MB stacks, 0 MB globals, 4 P
gc 4542 @56.796s 3%: 0.079+1.8+0.033 ms clock, 0.31+0.79/0.47/0+0.13 ms cpu, 3->4->1 MB, 4 MB goal, 0 MB stacks, 0 MB globals, 4 P
gc 4543 @56.801s 3%: 0.073+0.55+0.033 ms clock, 0.29+0.84/0.47/0+0.13 ms cpu, 3->3->1 MB, 4 MB goal, 0 MB stacks, 0 MB globals, 4 P
gc 4544 @56.806s 3%: 0.098+0.67+0.010 ms clock, 0.39+0.79/0.47/0+0.040 ms cpu, 3->3->1 MB, 4 MB goal, 0 MB stacks, 0 MB globals, 4 P
gc 4545 @56.811s 3%: 0.041+0.93+0.004 ms clock, 0.16+0.42/0.55/0+0.016 ms cpu, 3->3->1 MB, 4 MB goal, 0 MB stacks, 0 MB globals, 4 P
gc 4546 @56.816s 3%: 0.070+1.0+0.053 ms clock, 0.28+1.0/0.001/0+0.21 ms cpu, 3->3->1 MB, 4 MB goal, 0 MB stacks, 0 MB globals, 4 P
gc 4547 @56.821s 3%: 0.10+0.62+0.053 ms clock, 0.40+0.86/0.49/0+0.21 ms cpu, 3->3->1 MB, 4 MB goal, 0 MB stacks, 0 MB globals, 4 P
gc 4548 @56.826s 3%: 0.050+1.1+0.022 ms clock, 0.20+0.89/0.57/0+0.090 ms cpu, 3->3->1 MB, 4 MB goal, 0 MB stacks, 0 MB globals, 4 P
gc 4549 @56.831s 3%: 0.062+1.0+0.036 ms clock, 0.25+1.1/0.003/0+0.14 ms cpu, 3->3->1 MB, 4 MB goal, 0 MB stacks, 0 MB globals, 4 P
gc 4550 @56.836s 3%: 1.1+0.43+0.053 ms clock, 4.6+0.56/1.4/0+0.21 ms cpu, 3->3->1 MB, 4 MB goal, 0 MB stacks, 0 MB globals, 4 P
gc 4551 @56.841s 3%: 0.050+1.2+0.030 ms clock, 0.20+0.98/1.0/0+0.12 ms cpu, 3->3->1 MB, 4 MB goal, 0 MB stacks, 0 MB globals, 4 P
gc 4552 @56.846s 3%: 0.062+0.81+0.035 ms clock, 0.24+0.77/0.69/0+0.14 ms cpu, 3->3->1 MB, 4 MB goal, 0 MB stacks, 0 MB globals, 4 P
gc 4553 @56.851s 3%: 0.29+0.81+0.023 ms clock, 1.1+0.54/0.97/0+0.093 ms cpu, 3->3->1 MB, 4 MB goal, 0 MB stacks, 0 MB globals, 4 P
gc 4554 @56.856s 3%: 0.062+1.2+0.028 ms clock, 0.24+0.59/0.54/0+0.11 ms cpu, 3->3->1 MB, 4 MB goal, 0 MB stacks, 0 MB globals, 4 P
gc 4555 @56.861s 3%: 0.10+0.62+0.025 ms clock, 0.42+0.52/0.53/0+0.10 ms cpu, 3->3->1 MB, 4 MB goal, 0 MB stacks, 0 MB globals, 4 P
gc 4556 @56.866s 3%: 0.084+1.5+0.046 ms clock, 0.33+2.0/0.57/0+0.18 ms cpu, 3->3->1 MB, 4 MB goal, 0 MB stacks, 0 MB globals, 4 P
gc 4557 @56.871s 3%: 0.059+0.86+0.070 ms clock, 0.23+0.71/0.74/0+0.28 ms cpu, 3->3->1 MB, 4 MB goal, 0 MB stacks, 0 MB globals, 4 P
gc 4558 @56.876s 3%: 0.096+0.61+0.049 ms clock, 0.38+0.59/0.49/0+0.19 ms cpu, 3->3->1 MB, 4 MB goal, 0 MB stacks, 0 MB globals, 4 P
gc 4559 @56.881s 3%: 0.061+1.1+0.032 ms clock, 0.24+1.1/0/0+0.12 ms cpu, 3->3->1 MB, 4 MB goal, 0 MB stacks, 0 MB globals, 4 P
gc 4560 @56.886s 3%: 0.085+1.3+0.052 ms clock, 0.34+1.1/1.0/0+0.21 ms cpu, 3->3->1 MB, 4 MB goal, 0 MB stacks, 0 MB globals, 4 P
gc 4561 @56.891s 3%: 0.040+0.47+0.040 ms clock, 0.16+0.71/0.40/0+0.16 ms cpu, 3->3->1 MB, 4 MB goal, 0 MB stacks, 0 MB globals, 4 P
gc 4562 @56.896s 3%: 0.077+1.6+0.049 ms clock, 0.31+0.61/0.65/0+0.19 ms cpu, 3->3->1 MB, 4 MB goal, 0 MB stacks, 0 MB globals, 4 P
gc 4563 @56.901s 3%: 0.072+1.1+0.057 ms clock, 0.28+0.66/0.47/0+0.23 ms cpu, 3->3->1 MB, 4 MB goal, 0 MB stacks, 0 MB globals, 4 P
gc 4564 @56.906s 3%: 0.087+0.50+0.018 ms clock, 0.35+0.70/0.43/0+0.075 ms cpu, 3->3->1 MB, 4 MB goal, 0 MB stacks, 0 MB globals, 4 P
gc 4565 @56.911s 3%: 0.087+1.7+0.026 ms clock, 0.34+0.69/0.50/0+0.10 ms cpu, 3->3->1 MB, 4 MB goal, 0 MB stacks, 0 MB globals, 4 P
gc 4566 @56.916s 3%: 0.070+1.0+0.052 ms clock, 0.28+0.48/0.51/0+0.20 ms cpu, 3->3->1 MB, 4 MB goal, 0 MB stacks, 0 MB globals, 4 P
gc 4567 @56.921s 3%: 0.090+0.83+0.034 ms clock, 0.36+0.62/0.50/0+0.13 ms cpu, 3->3->1 MB, 4 MB goal, 0 MB stacks, 0 MB globals, 4 P
gc 4568 @56.926s 3%: 0.039+2.1+0.003 ms clock, 0.15+1.8/0.86/0+0.014 ms cpu, 3->3->1 MB, 4 MB goal, 0 MB stacks, 0 MB globals, 4 P
gc 4569 @56.932s 3%: 0.039+1.8+0.033 ms clock, 0.15+0.61/0.61/0+0.13 ms cpu, 3->3->1 MB, 4 MB goal, 0 MB stacks, 0 MB globals, 4 P
gc 4570 @56.937s 3%: 0.064+1.5+0.043 ms clock, 0.25+0.51/0.51/0+0.17 ms cpu, 3->3->1 MB, 4 MB goal, 0 MB stacks, 0 MB globals, 4 P
gc 4571 @56.942s 3%: 0.060+1.6+0.050 ms clock, 0.24+0.60/0.76/0+0.20 ms cpu, 3->3->1 MB, 4 MB goal, 0 MB stacks, 0 MB globals, 4 P
gc 4572 @56.947s 3%: 0.044+1.6+0.061 ms clock, 0.17+0.73/0.50/0+0.24 ms cpu, 3->3->1 MB, 4 MB goal, 0 MB stacks, 0 MB globals, 4 P
gc 4573 @56.952s 3%: 0.095+0.64+0.018 ms clock, 0.38+0.73/0.50/0+0.075 ms cpu, 3->3->1 MB, 4 MB goal, 0 MB stacks, 0 MB globals, 4 P
gc 4574 @56.957s 3%: 0.076+1.0+0.004 ms clock, 0.30+1.0/0.54/0+0.018 ms cpu, 3->3->1 MB, 4 MB goal, 0 MB stacks, 0 MB globals, 4 P
gc 4575 @56.962s 3%: 0.061+1.3+0.037 ms clock, 0.24+1.0/0.001/0+0.15 ms cpu, 3->3->1 MB, 4 MB goal, 0 MB stacks, 0 MB globals, 4 P
gc 4576 @56.967s 3%: 0.33+0.94+0.045 ms clock, 1.3+0.26/0.74/0+0.18 ms cpu, 3->3->1 MB, 4 MB goal, 0 MB stacks, 0 MB globals, 4 P
gc 4577 @56.972s 3%: 0.074+0.56+0.028 ms clock, 0.29+0.72/0.43/0+0.11 ms cpu, 3->3->1 MB, 4 MB goal, 0 MB stacks, 0 MB globals, 4 P
gc 4578 @56.977s 3%: 0.046+0.91+0.021 ms clock, 0.18+0.84/0.77/0+0.086 ms cpu, 3->3->1 MB, 4 MB goal, 0 MB stacks, 0 MB globals, 4 P
gc 4579 @56.982s 3%: 0.063+2.0+0.019 ms clock, 0.25+0.28/0.65/0+0.079 ms cpu, 3->3->1 MB, 4 MB goal, 0 MB stacks, 0 MB globals, 4 P
gc 4580 @56.987s 3%: 0.31+1.5+0.010 ms clock, 1.2+0.29/0.97/0+0.042 ms cpu, 3->3->1 MB, 4 MB goal, 0 MB stacks, 0 MB globals, 4 P
gc 4581 @56.992s 3%: 0.062+0.61+0.029 ms clock, 0.25+0.90/0.42/0+0.11 ms cpu, 3->3->1 MB, 4 MB goal, 0 MB stacks, 0 MB globals, 4 P
gc 4582 @56.997s 3%: 0.085+1.1+0.003 ms clock, 0.34+0.76/0.52/0+0.013 ms cpu, 3->3->1 MB, 4 MB goal, 0 MB stacks, 0 MB globals, 4 P
gc 4583 @57.002s 3%: 0.060+0.70+0.060 ms clock, 0.24+0.81/0.56/0+0.24 ms cpu, 3->3->1 MB, 4 MB goal, 0 MB stacks, 0 MB globals, 4 P
gc 4584 @57.007s 3%: 0.22+1.3+0.021 ms clock, 0.91+0.76/1.3/0+0.087 ms cpu, 3->3->1 MB, 4 MB goal, 0 MB stacks, 0 MB globals, 4 P
gc 4585 @57.012s 3%: 0.046+0.63+0.061 ms clock, 0.18+0.93/0.17/0+0.24 ms cpu, 3->3->1 MB, 4 MB goal, 0 MB stacks, 0 MB globals, 4 P
gc 4586 @57.017s 3%: 0.14+0.73+0.078 ms clock, 0.57+0.73/0.46/0+0.31 ms cpu, 3->3->1 MB, 4 MB goal, 0 MB stacks, 0 MB globals, 4 P
gc 4587 @57.022s 3%: 0.24+1.4+0.032 ms clock, 0.99+0.55/0.77/0.023+0.12 ms cpu, 3->3->1 MB, 4 MB goal, 0 MB stacks, 0 MB globals, 4 P
gc 4588 @57.027s 3%: 0.075+0.67+0.051 ms clock, 0.30+0.84/0.59/0+0.20 ms cpu, 3->3->1 MB, 4 MB goal, 0 MB stacks, 0 MB globals, 4 P
gc 4589 @57.032s 3%: 0.057+1.3+0.014 ms clock, 0.23+1.2/0.035/0+0.059 ms cpu, 3->3->1 MB, 4 MB goal, 0 MB stacks, 0 MB globals, 4 P
gc 4590 @57.037s 3%: 0.36+0.82+0.057 ms clock, 1.4+0.40/1.0/0+0.22 ms cpu, 3->3->1 MB, 4 MB goal, 0 MB stacks, 0 MB globals, 4 P
gc 4591 @57.042s 3%: 0.057+0.83+0.046 ms clock, 0.23+0.53/0.63/0+0.18 ms cpu, 3->3->1 MB, 4 MB goal, 0 MB stacks, 0 MB globals, 4 P
gc 4592 @57.047s 3%: 0.062+1.8+0.055 ms clock, 0.25+0.62/1.0/0+0.22 ms cpu, 3->3->1 MB, 4 MB goal, 0 MB stacks, 0 MB globals, 4 P
gc 4593 @57.052s 3%: 0.060+0.53+0.038 ms clock, 0.24+0.79/0.40/0+0.15 ms cpu, 3->3->1 MB, 4 MB goal, 0 MB stacks, 0 MB globals, 4 P
gc 4594 @57.057s 3%: 0.080+1.6+0.004 ms clock, 0.32+0.51/0.68/0+0.016 ms cpu, 3->3->1 MB, 4 MB goal, 0 MB stacks, 0 MB globals, 4 P
gc 4595 @57.063s 3%: 0.070+2.3+0.038 ms clock, 0.28+0.34/0.91/0+0.15 ms cpu, 3->4->1 MB, 4 MB goal, 0 MB stacks, 0 MB globals, 4 P
gc 4596 @57.068s 3%: 0.060+1.2+0.048 ms clock, 0.24+1.1/0/0+0.19 ms cpu, 3->3->1 MB, 4 MB goal, 0 MB stacks, 0 MB globals, 4 P
gc 4597 @57.073s 3%: 0.081+1.4+0.047 ms clock, 0.32+0.58/0.70/0+0.19 ms cpu, 3->3->1 MB, 4 MB goal, 0 MB stacks, 0 MB globals, 4 P
gc 4598 @57.078s 3%: 0.055+0.94+0.043 ms clock, 0.22+0.72/0.78/0+0.17 ms cpu, 3->3->1 MB, 4 MB goal, 0 MB stacks, 0 MB globals, 4 P
gc 4599 @57.083s 3%: 0.35+2.0+0.082 ms clock, 1.4+0.28/1.0/0+0.33 ms cpu, 3->3->1 MB, 4 MB goal, 0 MB stacks, 0 MB globals, 4 P
gc 4600 @57.088s 3%: 0.048+1.4+0.040 ms clock, 0.19+0.58/0.41/0+0.16 ms cpu, 3->3->1 MB, 4 MB goal, 0 MB stacks, 0 MB globals, 4 P
gc 4601 @57.093s 3%: 0.050+1.0+0.034 ms clock, 0.20+1.1/0.002/0+0.13 ms cpu, 3->3->1 MB, 4 MB goal, 0 MB stacks, 0 MB globals, 4 P
gc 4602 @57.098s 3%: 0.050+1.6+0.041 ms clock, 0.20+0.37/0.66/0+0.16 ms cpu, 3->3->1 MB, 4 MB goal, 0 MB stacks, 0 MB globals, 4 P
gc 4603 @57.103s 3%: 0.025+1.3+0.019 ms clock, 0.10+1.1/0.11/0+0.076 ms cpu, 3->3->1 MB, 4 MB goal, 0 MB stacks, 0 MB globals, 4 P
gc 4604 @57.108s 3%: 0.046+0.89+0.056 ms clock, 0.18+0.57/0.69/0+0.22 ms cpu, 3->3->1 MB, 4 MB goal, 0 MB stacks, 0 MB globals, 4 P
gc 4605 @57.113s 3%: 0.072+1.7+0.009 ms clock, 0.28+0.66/0.54/0+0.039 ms cpu, 3->3->1 MB, 4 MB goal, 0 MB stacks, 0 MB globals, 4 P
gc 4606 @57.118s 3%: 0.063+0.84+0.086 ms clock, 0.25+0.71/0.67/0+0.34 ms cpu, 3->3->1 MB, 4 MB goal, 0 MB stacks, 0 MB globals, 4 P
gc 4607 @57.123s 3%: 0.081+0.69+0.037 ms clock, 0.32+0.82/0.55/0+0.15 ms cpu, 3->3->1 MB, 4 MB goal, 0 MB stacks, 0 MB globals, 4 P
gc 4608 @57.128s 3%: 0.094+1.8+0.028 ms clock, 0.37+0.71/0.49/0+0.11 ms cpu, 3->3->1 MB, 4 MB goal, 0 MB stacks, 0 MB globals, 4 P
gc 4609 @57.134s 3%: 0.055+0.74+0.051 ms clock, 0.22+0.71/0.56/0+0.20 ms cpu, 3->3->1 MB, 4 MB goal, 0 MB stacks, 0 MB globals, 4 P
gc 4610 @57.139s 3%: 0.061+1.2+0.025 ms clock, 0.24+0.51/0.56/0+0.10 ms cpu, 3->3->1 MB, 4 MB goal, 0 MB stacks, 0 MB globals, 4 P
gc 4611 @57.144s 3%: 0.087+0.60+0.019 ms clock, 0.34+0.88/0.47/0+0.078 ms cpu, 3->3->1 MB, 4 MB goal, 0 MB stacks, 0 MB globals, 4 P
gc 4612 @57.149s 3%: 0.098+0.69+0.031 ms clock, 0.39+0.84/0.56/0+0.12 ms cpu, 3->3->1 MB, 4 MB goal, 0 MB stacks, 0 MB globals, 4 P
gc 4613 @57.153s 3%: 0.084+0.64+0.074 ms clock, 0.33+0.86/0.46/0+0.29 ms cpu, 3->3->1 MB, 4 MB goal, 0 MB stacks, 0 MB globals, 4 P
gc 4614 @57.158s 3%: 0.12+0.96+0.014 ms clock, 0.48+1.0/0.11/0+0.058 ms cpu, 3->3->1 MB, 4 MB goal, 0 MB stacks, 0 MB globals, 4 P
gc 4615 @57.163s 3%: 0.065+0.65+0.033 ms clock, 0.26+0.68/0.48/0+0.13 ms cpu, 3->3->1 MB, 4 MB goal, 0 MB stacks, 0 MB globals, 4 P
gc 4616 @57.168s 3%: 0.10+1.1+0.049 ms clock, 0.42+0.41/0.63/0+0.19 ms cpu, 3->3->1 MB, 4 MB goal, 0 MB stacks, 0 MB globals, 4 P
gc 4617 @57.173s 3%: 0.062+0.63+0.022 ms clock, 0.24+0.92/0.48/0+0.091 ms cpu, 3->3->1 MB, 4 MB goal, 0 MB stacks, 0 MB globals, 4 P
gc 4618 @57.178s 3%: 0.050+0.76+0.062 ms clock, 0.20+0.66/0.70/0+0.25 ms cpu, 3->3->1 MB, 4 MB goal, 0 MB stacks, 0 MB globals, 4 P
gc 4619 @57.183s 3%: 0.063+0.65+0.042 ms clock, 0.25+0.80/0.50/0+0.17 ms cpu, 3->3->1 MB, 4 MB goal, 0 MB stacks, 0 MB globals, 4 P
gc 4620 @57.188s 3%: 0.082+1.4+0.010 ms clock, 0.32+0.64/0.50/0+0.041 ms cpu, 3->3->1 MB, 4 MB goal, 0 MB stacks, 0 MB globals, 4 P
gc 4621 @57.193s 3%: 0.052+0.57+0.044 ms clock, 0.21+0.91/0.41/0+0.17 ms cpu, 3->3->1 MB, 4 MB goal, 0 MB stacks, 0 MB globals, 4 P
gc 4622 @57.199s 3%: 0.062+0.60+0.030 ms clock, 0.25+0.85/0.45/0+0.12 ms cpu, 3->3->1 MB, 4 MB goal, 0 MB stacks, 0 MB globals, 4 P
gc 4623 @57.204s 3%: 0.37+0.69+0.022 ms clock, 1.5+0.36/0.90/0.002+0.090 ms cpu, 3->3->1 MB, 4 MB goal, 0 MB stacks, 0 MB globals, 4 P
gc 4624 @57.209s 3%: 0.047+0.72+0.026 ms clock, 0.18+0.71/0.60/0+0.10 ms cpu, 3->3->1 MB, 4 MB goal, 0 MB stacks, 0 MB globals, 4 P
gc 4625 @57.214s 3%: 0.061+2.5+0.078 ms clock, 0.24+0.57/0.61/0+0.31 ms cpu, 3->4->1 MB, 4 MB goal, 0 MB stacks, 0 MB globals, 4 P
gc 4626 @57.219s 3%: 0.025+0.71+0.026 ms clock, 0.10+0.66/0.57/0+0.10 ms cpu, 3->3->1 MB, 4 MB goal, 0 MB stacks, 0 MB globals, 4 P
gc 4627 @57.224s 3%: 0.039+0.50+0.051 ms clock, 0.15+0.75/0.43/0+0.20 ms cpu, 3->3->1 MB, 4 MB goal, 0 MB stacks, 0 MB globals, 4 P
gc 4628 @57.229s 3%: 0.051+1.6+0.004 ms clock, 0.20+0.62/0.47/0+0.018 ms cpu, 3->3->1 MB, 4 MB goal, 0 MB stacks, 0 MB globals, 4 P
gc 4629 @57.234s 3%: 0.12+2.5+0.074 ms clock, 0.48+0.64/0.50/0+0.29 ms cpu, 3->4->1 MB, 4 MB goal, 0 MB stacks, 0 MB globals, 4 P
gc 4630 @57.239s 3%: 0.054+1.1+0.071 ms clock, 0.21+0.53/0.67/0+0.28 ms cpu, 3->3->1 MB, 4 MB goal, 0 MB stacks, 0 MB globals, 4 P
gc 4631 @57.244s 3%: 0.065+0.64+0.079 ms clock, 0.26+0.82/0.55/0+0.31 ms cpu, 3->3->1 MB, 4 MB goal, 0 MB stacks, 0 MB globals, 4 P
gc 4632 @57.249s 3%: 0.059+0.73+0.046 ms clock, 0.23+0.82/0.59/0+0.18 ms cpu, 3->3->1 MB, 4 MB goal, 0 MB stacks, 0 MB globals, 4 P
gc 4633 @57.254s 3%: 0.038+2.9+0.020 ms clock, 0.15+0.51/0.47/0+0.080 ms cpu, 3->3->1 MB, 4 MB goal, 0 MB stacks, 0 MB globals, 4 P
gc 4634 @57.259s 3%: 0.11+0.76+0.046 ms clock, 0.46+0.76/0.64/0+0.18 ms cpu, 3->3->1 MB, 4 MB goal, 0 MB stacks, 0 MB globals, 4 P
gc 4635 @57.264s 3%: 0.096+1.3+0.074 ms clock, 0.38+0.34/0.65/0+0.29 ms cpu, 3->3->1 MB, 4 MB goal, 0 MB stacks, 0 MB globals, 4 P
gc 4636 @57.269s 3%: 0.069+0.56+0.051 ms clock, 0.27+0.84/0.47/0+0.20 ms cpu, 3->3->1 MB, 4 MB goal, 0 MB stacks, 0 MB globals, 4 P
gc 4637 @57.275s 3%: 0.054+0.47+0.045 ms clock, 0.21+0.73/0.40/0+0.18 ms cpu, 3->3->1 MB, 4 MB goal, 0 MB stacks, 0 MB globals, 4 P
gc 4638 @57.279s 3%: 0.073+1.7+0.042 ms clock, 0.29+0.64/0.58/0+0.16 ms cpu, 3->3->1 MB, 4 MB goal, 0 MB stacks, 0 MB globals, 4 P
gc 4639 @57.285s 3%: 0.051+0.43+0.016 ms clock, 0.20+0.83/0.35/0+0.067 ms cpu, 3->3->0 MB, 4 MB goal, 0 MB stacks, 0 MB globals, 4 P
gc 4640 @57.289s 3%: 0.096+1.4+0.078 ms clock, 0.38+0.59/0.65/0+0.31 ms cpu, 3->3->1 MB, 4 MB goal, 0 MB stacks, 0 MB globals, 4 P
gc 4641 @57.295s 3%: 0.068+1.0+0.009 ms clock, 0.27+0.50/0.53/0+0.039 ms cpu, 3->3->1 MB, 4 MB goal, 0 MB stacks, 0 MB globals, 4 P
gc 4642 @57.299s 3%: 0.10+0.67+0.031 ms clock, 0.40+0.67/0.61/0+0.12 ms cpu, 3->3->1 MB, 4 MB goal, 0 MB stacks, 0 MB globals, 4 P
gc 4643 @57.304s 3%: 0.045+1.3+0.012 ms clock, 0.18+0.59/0.49/0+0.051 ms cpu, 3->3->1 MB, 4 MB goal, 0 MB stacks, 0 MB globals, 4 P
gc 4644 @57.310s 3%: 0.29+1.4+0.077 ms clock, 1.1+0.35/0.97/0+0.31 ms cpu, 3->3->1 MB, 4 MB goal, 0 MB stacks, 0 MB globals, 4 P
gc 4645 @57.315s 3%: 0.049+0.73+0.058 ms clock, 0.19+0.75/0.57/0+0.23 ms cpu, 3->3->1 MB, 4 MB goal, 0 MB stacks, 0 MB globals, 4 P
gc 4646 @57.320s 3%: 0.51+0.60+0.027 ms clock, 2.0+0.57/0.65/0+0.10 ms cpu, 3->3->1 MB, 4 MB goal, 0 MB stacks, 0 MB globals, 4 P
gc 4647 @57.325s 3%: 1.5+1.0+0.066 ms clock, 6.3+0.68/1.6/0+0.26 ms cpu, 3->3->1 MB, 4 MB goal, 0 MB stacks, 0 MB globals, 4 P
gc 4648 @57.331s 3%: 0.073+0.67+0.031 ms clock, 0.29+0.82/0.54/0+0.12 ms cpu, 3->3->1 MB, 4 MB goal, 0 MB stacks, 0 MB globals, 4 P
gc 4649 @57.335s 3%: 0.31+1.6+0.081 ms clock, 1.2+0.33/0.94/0+0.32 ms cpu, 3->3->1 MB, 4 MB goal, 0 MB stacks, 0 MB globals, 4 P
gc 4650 @57.340s 3%: 1.1+0.64+0.042 ms clock, 4.6+0.63/1.5/0+0.16 ms cpu, 3->3->1 MB, 4 MB goal, 0 MB stacks, 0 MB globals, 4 P
gc 4651 @57.346s 3%: 0.073+0.76+0.012 ms clock, 0.29+1.0/0.075/0+0.051 ms cpu, 3->3->1 MB, 4 MB goal, 0 MB stacks, 0 MB globals, 4 P
gc 4652 @57.351s 3%: 0.098+1.5+0.037 ms clock, 0.39+0.76/0.77/0+0.15 ms cpu, 3->3->1 MB, 4 MB goal, 0 MB stacks, 0 MB globals, 4 P
gc 4653 @57.356s 3%: 0.049+1.3+0.078 ms clock, 0.19+0.57/0.52/0+0.31 ms cpu, 3->3->1 MB, 4 MB goal, 0 MB stacks, 0 MB globals, 4 P
gc 4654 @57.361s 3%: 0.045+0.54+0.079 ms clock, 0.18+0.69/0.42/0+0.31 ms cpu, 3->3->1 MB, 4 MB goal, 0 MB stacks, 0 MB globals, 4 P
gc 4655 @57.365s 3%: 0.066+0.74+0.055 ms clock, 0.26+0.85/0.54/0+0.22 ms cpu, 3->3->1 MB, 4 MB goal, 0 MB stacks, 0 MB globals, 4 P
gc 4656 @57.371s 3%: 0.024+0.69+0.061 ms clock, 0.096+0.77/0.53/0+0.24 ms cpu, 3->3->1 MB, 4 MB goal, 0 MB stacks, 0 MB globals, 4 P
gc 4657 @57.375s 3%: 0.055+1.7+0.094 ms clock, 0.22+0.63/0.74/0+0.37 ms cpu, 3->3->1 MB, 4 MB goal, 0 MB stacks, 0 MB globals, 4 P
gc 4658 @57.381s 3%: 0.071+0.72+0.089 ms clock, 0.28+0.69/0.57/0+0.35 ms cpu, 3->3->1 MB, 4 MB goal, 0 MB stacks, 0 MB globals, 4 P
gc 4659 @57.385s 3%: 0.063+0.81+0.033 ms clock, 0.25+0.70/0.71/0+0.13 ms cpu, 3->3->1 MB, 4 MB goal, 0 MB stacks, 0 MB globals, 4 P
gc 4660 @57.390s 3%: 0.091+1.1+0.051 ms clock, 0.36+0.50/0.85/0+0.20 ms cpu, 3->3->1 MB, 4 MB goal, 0 MB stacks, 0 MB globals, 4 P
gc 4661 @57.395s 3%: 0.052+0.84+0.044 ms clock, 0.20+0.75/0.67/0+0.17 ms cpu, 3->3->1 MB, 4 MB goal, 0 MB stacks, 0 MB globals, 4 P
gc 4662 @57.400s 3%: 0.038+2.2+0.048 ms clock, 0.15+0.68/1.7/0+0.19 ms cpu, 3->3->1 MB, 4 MB goal, 0 MB stacks, 0 MB globals, 4 P
gc 4663 @57.405s 3%: 0.070+0.80+0.027 ms clock, 0.28+0.67/0.59/0+0.10 ms cpu, 3->3->1 MB, 4 MB goal, 0 MB stacks, 0 MB globals, 4 P
gc 4664 @57.410s 3%: 0.058+1.5+0.057 ms clock, 0.23+0.82/0.42/0+0.22 ms cpu, 3->3->1 MB, 4 MB goal, 0 MB stacks, 0 MB globals, 4 P
gc 4665 @57.415s 3%: 0.097+1.8+0.004 ms clock, 0.39+0.47/0.57/0+0.016 ms cpu, 3->3->1 MB, 4 MB goal, 0 MB stacks, 0 MB globals, 4 P
gc 4666 @57.421s 3%: 0.058+0.95+0.064 ms clock, 0.23+0.81/0.61/0+0.25 ms cpu, 3->3->1 MB, 4 MB goal, 0 MB stacks, 0 MB globals, 4 P
gc 4667 @57.426s 3%: 0.076+1.7+0.038 ms clock, 0.30+0.23/0.65/0+0.15 ms cpu, 3->3->1 MB, 4 MB goal, 0 MB stacks, 0 MB globals, 4 P
gc 4668 @57.431s 3%: 0.069+0.64+0.035 ms clock, 0.27+0.68/0.54/0+0.14 ms cpu, 3->3->1 MB, 4 MB goal, 0 MB stacks, 0 MB globals, 4 P
gc 4669 @57.436s 3%: 0.066+1.3+0.052 ms clock, 0.26+0.64/0.49/0+0.20 ms cpu, 3->3->1 MB, 4 MB goal, 0 MB stacks, 0 MB globals, 4 P
gc 4670 @57.441s 3%: 0.070+1.4+0.043 ms clock, 0.28+0.60/0.54/0+0.17 ms cpu, 3->3->1 MB, 4 MB goal, 0 MB stacks, 0 MB globals, 4 P
gc 4671 @57.446s 3%: 0.098+1.1+0.053 ms clock, 0.39+1.0/0.56/0+0.21 ms cpu, 3->3->1 MB, 4 MB goal, 0 MB stacks, 0 MB globals, 4 P
gc 4672 @57.451s 3%: 0.064+0.73+0.038 ms clock, 0.25+0.56/0.60/0+0.15 ms cpu, 3->3->1 MB, 4 MB goal, 0 MB stacks, 0 MB globals, 4 P
gc 4673 @57.456s 3%: 0.052+1.5+0.078 ms clock, 0.21+0.77/0.54/0+0.31 ms cpu, 3->3->1 MB, 4 MB goal, 0 MB stacks, 0 MB globals, 4 P
gc 4674 @57.461s 3%: 0.11+0.81+0.027 ms clock, 0.47+0.79/0.65/0+0.10 ms cpu, 3->3->1 MB, 4 MB goal, 0 MB stacks, 0 MB globals, 4 P
gc 4675 @57.466s 3%: 0.053+2.1+0.045 ms clock, 0.21+0.77/0.67/0+0.18 ms cpu, 3->3->1 MB, 4 MB goal, 0 MB stacks, 0 MB globals, 4 P
gc 4676 @57.471s 3%: 0.047+0.85+0.075 ms clock, 0.18+0.63/0.52/0+0.30 ms cpu, 3->3->1 MB, 4 MB goal, 0 MB stacks, 0 MB globals, 4 P
gc 4677 @57.476s 3%: 0.059+0.63+0.028 ms clock, 0.23+0.84/0.54/0+0.11 ms cpu, 3->3->1 MB, 4 MB goal, 0 MB stacks, 0 MB globals, 4 P
gc 4678 @57.481s 3%: 0.094+1.3+0.018 ms clock, 0.37+0.29/0.65/0+0.075 ms cpu, 3->3->1 MB, 4 MB goal, 0 MB stacks, 0 MB globals, 4 P
gc 4679 @57.486s 3%: 0.048+1.1+0.022 ms clock, 0.19+0.92/0.001/0+0.091 ms cpu, 3->3->1 MB, 4 MB goal, 0 MB stacks, 0 MB globals, 4 P
gc 4680 @57.491s 3%: 0.042+0.63+0.068 ms clock, 0.17+0.79/0.53/0+0.27 ms cpu, 3->3->1 MB, 4 MB goal, 0 MB stacks, 0 MB globals, 4 P
gc 4681 @57.496s 3%: 0.24+1.5+0.048 ms clock, 0.98+0.49/0.90/0+0.19 ms cpu, 3->3->1 MB, 4 MB goal, 0 MB stacks, 0 MB globals, 4 P
gc 4682 @57.501s 3%: 0.056+0.62+0.064 ms clock, 0.22+0.79/0.40/0+0.25 ms cpu, 3->3->1 MB, 4 MB goal, 0 MB stacks, 0 MB globals, 4 P
gc 4683 @57.506s 3%: 0.057+1.4+0.009 ms clock, 0.23+0.45/0.63/0+0.037 ms cpu, 3->3->1 MB, 4 MB goal, 0 MB stacks, 0 MB globals, 4 P
gc 4684 @57.512s 3%: 0.058+0.64+0.027 ms clock, 0.23+0.49/0.54/0+0.11 ms cpu, 3->3->1 MB, 4 MB goal, 0 MB stacks, 0 MB globals, 4 P
gc 4685 @57.516s 3%: 0.27+1.8+0.026 ms clock, 1.0+0.59/1.2/0+0.10 ms cpu, 3->3->1 MB, 4 MB goal, 0 MB stacks, 0 MB globals, 4 P
gc 4686 @57.522s 3%: 0.084+0.79+0.043 ms clock, 0.33+0.56/0.57/0+0.17 ms cpu, 3->3->1 MB, 4 MB goal, 0 MB stacks, 0 MB globals, 4 P
gc 4687 @57.526s 3%: 0.10+0.62+0.061 ms clock, 0.40+0.48/0.53/0+0.24 ms cpu, 3->3->1 MB, 4 MB goal, 0 MB stacks, 0 MB globals, 4 P
gc 4688 @57.531s 3%: 0.082+0.62+0.065 ms clock, 0.32+0.77/0.44/0+0.26 ms cpu, 3->3->1 MB, 4 MB goal, 0 MB stacks, 0 MB globals, 4 P
gc 4689 @57.536s 3%: 1.0+0.34+0.024 ms clock, 4.3+0.50/1.1/0+0.096 ms cpu, 3->3->1 MB, 4 MB goal, 0 MB stacks, 0 MB globals, 4 P
gc 4690 @57.541s 3%: 0.051+1.5+0.041 ms clock, 0.20+1.0/0.001/0+0.16 ms cpu, 3->3->1 MB, 4 MB goal, 0 MB stacks, 0 MB globals, 4 P
gc 4691 @57.546s 3%: 0.040+1.2+0.029 ms clock, 0.16+0.68/0.53/0+0.11 ms cpu, 3->3->1 MB, 4 MB goal, 0 MB stacks, 0 MB globals, 4 P
gc 4692 @57.551s 3%: 0.097+0.64+0.057 ms clock, 0.39+0.72/0.46/0+0.23 ms cpu, 3->3->1 MB, 4 MB goal, 0 MB stacks, 0 MB globals, 4 P
gc 4693 @57.556s 3%: 0.082+2.4+0.006 ms clock, 0.33+1.2/1.9/0+0.027 ms cpu, 3->3->1 MB, 4 MB goal, 0 MB stacks, 0 MB globals, 4 P
gc 4694 @57.561s 3%: 0.97+1.1+0.040 ms clock, 3.9+0.30/1.2/0+0.16 ms cpu, 3->3->1 MB, 4 MB goal, 0 MB stacks, 0 MB globals, 4 P
gc 4695 @57.567s 3%: 0.023+0.67+0.035 ms clock, 0.095+0.69/0.48/0+0.14 ms cpu, 3->3->1 MB, 4 MB goal, 0 MB stacks, 0 MB globals, 4 P
gc 4696 @57.571s 3%: 0.039+0.66+0.048 ms clock, 0.15+0.79/0.56/0+0.19 ms cpu, 3->3->1 MB, 4 MB goal, 0 MB stacks, 0 MB globals, 4 P
gc 4697 @57.576s 3%: 0.056+2.6+0.077 ms clock, 0.22+0.75/0.46/0+0.30 ms cpu, 3->3->1 MB, 4 MB goal, 0 MB stacks, 0 MB globals, 4 P
gc 4698 @57.582s 3%: 0.048+2.3+0.044 ms clock, 0.19+0.60/0.57/0+0.17 ms cpu, 3->4->1 MB, 4 MB goal, 0 MB stacks, 0 MB globals, 4 P
gc 4699 @57.587s 3%: 0.023+0.71+0.032 ms clock, 0.092+0.57/0.57/0+0.12 ms cpu, 3->3->1 MB, 4 MB goal, 0 MB stacks, 0 MB globals, 4 P
gc 4700 @57.592s 3%: 0.040+1.6+0.028 ms clock, 0.16+0.47/0.63/0+0.11 ms cpu, 3->3->1 MB, 4 MB goal, 0 MB stacks, 0 MB globals, 4 P
gc 4701 @57.597s 3%: 0.11+0.76+0.060 ms clock, 0.44+0.75/0.52/0+0.24 ms cpu, 3->3->1 MB, 4 MB goal, 0 MB stacks, 0 MB globals, 4 P
gc 4702 @57.602s 3%: 0.093+0.80+0.081 ms clock, 0.37+0.72/0.45/0+0.32 ms cpu, 3->3->1 MB, 4 MB goal, 0 MB stacks, 0 MB globals, 4 P
gc 4703 @57.607s 3%: 0.044+0.79+0.026 ms clock, 0.17+0.63/0.62/0+0.10 ms cpu, 3->3->1 MB, 4 MB goal, 0 MB stacks, 0 MB globals, 4 P
gc 4704 @57.612s 3%: 0.064+1.6+0.036 ms clock, 0.25+0.69/0.52/0+0.14 ms cpu, 3->3->1 MB, 4 MB goal, 0 MB stacks, 0 MB globals, 4 P
gc 4705 @57.617s 3%: 0.11+0.94+0.082 ms clock, 0.46+1.1/0.003/0+0.33 ms cpu, 3->3->1 MB, 4 MB goal, 0 MB stacks, 0 MB globals, 4 P
gc 4706 @57.622s 3%: 0.065+0.65+0.040 ms clock, 0.26+0.63/0.50/0+0.16 ms cpu, 3->3->1 MB, 4 MB goal, 0 MB stacks, 0 MB globals, 4 P
gc 4707 @57.627s 3%: 0.046+0.81+0.032 ms clock, 0.18+0.82/0.56/0+0.12 ms cpu, 3->3->1 MB, 4 MB goal, 0 MB stacks, 0 MB globals, 4 P
gc 4708 @57.632s 3%: 0.080+1.1+0.021 ms clock, 0.32+0.59/0.94/0+0.084 ms cpu, 3->3->1 MB, 4 MB goal, 0 MB stacks, 0 MB globals, 4 P
gc 4709 @57.637s 3%: 0.098+0.65+0.022 ms clock, 0.39+0.84/0.52/0+0.090 ms cpu, 3->3->1 MB, 4 MB goal, 0 MB stacks, 0 MB globals, 4 P
gc 4710 @57.642s 3%: 0.26+0.53+0.062 ms clock, 1.0+0.74/0.58/0+0.24 ms cpu, 3->3->1 MB, 4 MB goal, 0 MB stacks, 0 MB globals, 4 P
gc 4711 @57.647s 3%: 0.099+1.1+0.058 ms clock, 0.39+0.87/0.61/0+0.23 ms cpu, 3->3->1 MB, 4 MB goal, 0 MB stacks, 0 MB globals, 4 P
gc 4712 @57.652s 3%: 0.092+0.86+0.046 ms clock, 0.37+0.50/0.43/0.006+0.18 ms cpu, 3->3->1 MB, 4 MB goal, 0 MB stacks, 0 MB globals, 4 P
gc 4713 @57.657s 3%: 1.1+1.5+0.012 ms clock, 4.7+0.52/1.6/0+0.049 ms cpu, 3->4->1 MB, 4 MB goal, 0 MB stacks, 0 MB globals, 4 P
gc 4714 @57.663s 3%: 1.5+0.22+0.070 ms clock, 6.0+1.5/0.59/0+0.28 ms cpu, 3->3->1 MB, 4 MB goal, 0 MB stacks, 0 MB globals, 4 P
gc 4715 @57.668s 3%: 0.028+1.5+0.011 ms clock, 0.11+0.58/0.53/0+0.045 ms cpu, 3->3->1 MB, 4 MB goal, 0 MB stacks, 0 MB globals, 4 P
gc 4716 @57.673s 3%: 0.069+0.94+0.007 ms clock, 0.27+0.55/0.56/0+0.031 ms cpu, 3->3->1 MB, 4 MB goal, 0 MB stacks, 0 MB globals, 4 P
gc 4717 @57.678s 3%: 0.060+1.2+0.084 ms clock, 0.24+1.3/0.75/0+0.33 ms cpu, 3->3->1 MB, 4 MB goal, 0 MB stacks, 0 MB globals, 4 P
gc 4718 @57.683s 3%: 0.097+1.0+0.007 ms clock, 0.39+1.0/0/0+0.029 ms cpu, 3->3->1 MB, 4 MB goal, 0 MB stacks, 0 MB globals, 4 P
gc 4719 @57.688s 3%: 0.085+0.93+0.049 ms clock, 0.34+0.55/0.50/0+0.19 ms cpu, 3->3->1 MB, 4 MB goal, 0 MB stacks, 0 MB globals, 4 P
gc 4720 @57.693s 3%: 0.076+0.64+0.033 ms clock, 0.30+0.44/0.57/0+0.13 ms cpu, 3->3->1 MB, 4 MB goal, 0 MB stacks, 0 MB globals, 4 P
gc 4721 @57.698s 3%: 0.059+0.70+0.034 ms clock, 0.23+0.89/0.62/0+0.13 ms cpu, 3->3->1 MB, 4 MB goal, 0 MB stacks, 0 MB globals, 4 P
gc 4722 @57.703s 3%: 0.058+0.48+0.019 ms clock, 0.23+0.83/0.39/0+0.078 ms cpu, 3->3->1 MB, 4 MB goal, 0 MB stacks, 0 MB globals, 4 P
gc 4723 @57.708s 3%: 0.067+0.68+0.028 ms clock, 0.27+0.55/0.51/0+0.11 ms cpu, 3->3->1 MB, 4 MB goal, 0 MB stacks, 0 MB globals, 4 P
gc 4724 @57.713s 3%: 0.078+1.2+0.028 ms clock, 0.31+0.47/0.52/0+0.11 ms cpu, 3->3->1 MB, 4 MB goal, 0 MB stacks, 0 MB globals, 4 P
gc 4725 @57.718s 3%: 0.29+0.58+0.024 ms clock, 1.1+0.59/0.75/0+0.099 ms cpu, 3->3->1 MB, 4 MB goal, 0 MB stacks, 0 MB globals, 4 P
gc 4726 @57.723s 3%: 0.046+1.6+0.009 ms clock, 0.18+0.41/0.53/0+0.037 ms cpu, 3->3->1 MB, 4 MB goal, 0 MB stacks, 0 MB globals, 4 P
gc 4727 @57.728s 3%: 0.048+1.6+0.035 ms clock, 0.19+0.81/0.48/0+0.14 ms cpu, 3->3->1 MB, 4 MB goal, 0 MB stacks, 0 MB globals, 4 P
gc 4728 @57.734s 3%: 0.058+0.79+0.044 ms clock, 0.23+0.83/0.59/0+0.17 ms cpu, 3->3->1 MB, 4 MB goal, 0 MB stacks, 0 MB globals, 4 P
gc 4729 @57.739s 3%: 0.073+0.87+0.046 ms clock, 0.29+0.79/0.74/0+0.18 ms cpu, 3->3->1 MB, 4 MB goal, 0 MB stacks, 0 MB globals, 4 P
gc 4730 @57.744s 3%: 0.081+0.79+0.047 ms clock, 0.32+0.81/0.69/0+0.19 ms cpu, 3->3->1 MB, 4 MB goal, 0 MB stacks, 0 MB globals, 4 P
gc 4731 @57.749s 3%: 0.065+0.62+0.023 ms clock, 0.26+0.79/0.53/0+0.095 ms cpu, 3->3->1 MB, 4 MB goal, 0 MB stacks, 0 MB globals, 4 P
gc 4732 @57.753s 3%: 0.089+1.0+0.060 ms clock, 0.35+0.38/0.58/0+0.24 ms cpu, 3->3->1 MB, 4 MB goal, 0 MB stacks, 0 MB globals, 4 P
gc 4733 @57.758s 3%: 0.093+0.78+0.037 ms clock, 0.37+0.65/0.66/0+0.14 ms cpu, 3->3->1 MB, 4 MB goal, 0 MB stacks, 0 MB globals, 4 P
gc 4734 @57.763s 3%: 1.6+0.48+0.064 ms clock, 6.7+0.43/2.0/0+0.25 ms cpu, 3->3->1 MB, 4 MB goal, 0 MB stacks, 0 MB globals, 4 P
gc 4735 @57.769s 3%: 0.062+1.1+0.032 ms clock, 0.24+1.0/0.64/0+0.12 ms cpu, 3->3->1 MB, 4 MB goal, 0 MB stacks, 0 MB globals, 4 P
gc 4736 @57.774s 3%: 0.071+1.6+0.044 ms clock, 0.28+0.57/1.5/0.11+0.17 ms cpu, 3->3->1 MB, 4 MB goal, 0 MB stacks, 0 MB globals, 4 P
gc 4737 @57.779s 3%: 0.057+0.48+0.021 ms clock, 0.22+0.73/0.40/0+0.087 ms cpu, 3->3->1 MB, 4 MB goal, 0 MB stacks, 0 MB globals, 4 P
gc 4738 @57.784s 3%: 0.083+0.60+0.027 ms clock, 0.33+0.84/0.45/0+0.10 ms cpu, 3->3->1 MB, 4 MB goal, 0 MB stacks, 0 MB globals, 4 P
gc 4739 @57.789s 3%: 0.045+1.0+0.006 ms clock, 0.18+0.66/0.43/0+0.025 ms cpu, 3->3->1 MB, 4 MB goal, 0 MB stacks, 0 MB globals, 4 P
gc 4740 @57.794s 3%: 0.047+1.1+0.003 ms clock, 0.19+0.59/0.54/0+0.015 ms cpu, 3->3->1 MB, 4 MB goal, 0 MB stacks, 0 MB globals, 4 P
gc 4741 @57.799s 3%: 0.097+2.1+0.033 ms clock, 0.39+0.63/0.45/0+0.13 ms cpu, 3->3->1 MB, 4 MB goal, 0 MB stacks, 0 MB globals, 4 P
gc 4742 @57.804s 3%: 0.051+0.59+0.054 ms clock, 0.20+0.75/0.42/0+0.21 ms cpu, 3->3->1 MB, 4 MB goal, 0 MB stacks, 0 MB globals, 4 P
gc 4743 @57.809s 3%: 0.36+1.1+0.035 ms clock, 1.4+0.58/1.2/0.094+0.14 ms cpu, 3->3->1 MB, 4 MB goal, 0 MB stacks, 0 MB globals, 4 P
gc 4744 @57.814s 3%: 0.055+0.57+0.038 ms clock, 0.22+0.89/0.49/0+0.15 ms cpu, 3->3->1 MB, 4 MB goal, 0 MB stacks, 0 MB globals, 4 P
gc 4745 @57.819s 3%: 0.28+0.80+0.069 ms clock, 1.1+0.42/0.87/0.24+0.27 ms cpu, 3->3->1 MB, 4 MB goal, 0 MB stacks, 0 MB globals, 4 P
gc 4746 @57.824s 3%: 0.066+0.85+0.030 ms clock, 0.26+1.3/0.15/0+0.12 ms cpu, 3->3->1 MB, 4 MB goal, 0 MB stacks, 0 MB globals, 4 P
gc 4747 @57.829s 3%: 0.27+0.81+0.022 ms clock, 1.0+0.53/0.99/0+0.090 ms cpu, 3->3->1 MB, 4 MB goal, 0 MB stacks, 0 MB globals, 4 P
gc 4748 @57.835s 3%: 0.027+1.2+0.005 ms clock, 0.11+0.58/0.66/0.002+0.022 ms cpu, 3->3->1 MB, 4 MB goal, 0 MB stacks, 0 MB globals, 4 P
gc 4749 @57.839s 3%: 0.051+0.83+0.039 ms clock, 0.20+1.1/0.47/0+0.15 ms cpu, 3->3->1 MB, 4 MB goal, 0 MB stacks, 0 MB globals, 4 P
gc 4750 @57.844s 3%: 0.29+1.9+0.012 ms clock, 1.1+0.52/1.0/0.12+0.049 ms cpu, 3->3->1 MB, 4 MB goal, 0 MB stacks, 0 MB globals, 4 P
gc 4751 @57.850s 3%: 0.095+1.2+0.012 ms clock, 0.38+1.0/1.1/0+0.051 ms cpu, 3->3->1 MB, 4 MB goal, 0 MB stacks, 0 MB globals, 4 P
gc 4752 @57.855s 3%: 0.084+1.3+0.007 ms clock, 0.33+0.94/1.0/0+0.029 ms cpu, 3->3->1 MB, 4 MB goal, 0 MB stacks, 0 MB globals, 4 P
gc 4753 @57.860s 3%: 0.069+2.5+0.020 ms clock, 0.27+0.79/0.42/0+0.083 ms cpu, 3->3->1 MB, 4 MB goal, 0 MB stacks, 0 MB globals, 4 P
gc 4754 @57.865s 3%: 0.077+1.0+0.022 ms clock, 0.31+0.45/0.56/0+0.089 ms cpu, 3->3->1 MB, 4 MB goal, 0 MB stacks, 0 MB globals, 4 P
gc 4755 @57.870s 3%: 0.36+0.74+0.033 ms clock, 1.4+0.19/0.92/0+0.13 ms cpu, 3->3->1 MB, 4 MB goal, 0 MB stacks, 0 MB globals, 4 P
gc 4756 @57.875s 3%: 0.080+0.79+0.038 ms clock, 0.32+0.78/0.55/0+0.15 ms cpu, 3->3->1 MB, 4 MB goal, 0 MB stacks, 0 MB globals, 4 P
gc 4757 @57.880s 3%: 0.084+0.93+0.019 ms clock, 0.33+1.1/0.86/0.004+0.078 ms cpu, 3->3->1 MB, 4 MB goal, 0 MB stacks, 0 MB globals, 4 P
gc 4758 @57.885s 3%: 0.24+1.3+0.009 ms clock, 0.98+0.85/1.1/0+0.039 ms cpu, 3->3->1 MB, 4 MB goal, 0 MB stacks, 0 MB globals, 4 P
gc 4759 @57.890s 3%: 0.049+0.99+0.034 ms clock, 0.19+0.62/0.60/0+0.13 ms cpu, 3->3->1 MB, 4 MB goal, 0 MB stacks, 0 MB globals, 4 P
gc 4760 @57.895s 3%: 0.081+2.0+0.042 ms clock, 0.32+0.58/0.60/0+0.16 ms cpu, 3->3->1 MB, 4 MB goal, 0 MB stacks, 0 MB globals, 4 P
gc 4761 @57.900s 3%: 0.066+0.95+0.022 ms clock, 0.26+1.0/0.009/0+0.091 ms cpu, 3->3->1 MB, 4 MB goal, 0 MB stacks, 0 MB globals, 4 P
gc 4762 @57.905s 3%: 0.040+0.77+0.018 ms clock, 0.16+0.60/0.64/0+0.075 ms cpu, 3->3->1 MB, 4 MB goal, 0 MB stacks, 0 MB globals, 4 P
gc 4763 @57.910s 3%: 0.26+1.3+0.066 ms clock, 1.0+0.23/0.68/0+0.26 ms cpu, 3->3->1 MB, 4 MB goal, 0 MB stacks, 0 MB globals, 4 P
gc 4764 @57.915s 3%: 0.094+0.70+0.052 ms clock, 0.37+0.69/0.58/0+0.21 ms cpu, 3->3->1 MB, 4 MB goal, 0 MB stacks, 0 MB globals, 4 P
gc 4765 @57.920s 3%: 0.062+0.65+0.033 ms clock, 0.24+0.73/0.41/0+0.13 ms cpu, 3->3->1 MB, 4 MB goal, 0 MB stacks, 0 MB globals, 4 P
gc 4766 @57.925s 3%: 0.057+1.3+0.071 ms clock, 0.23+1.3/0.28/0+0.28 ms cpu, 3->3->1 MB, 4 MB goal, 0 MB stacks, 0 MB globals, 4 P
gc 4767 @57.930s 3%: 0.12+1.6+0.047 ms clock, 0.49+0.80/0.52/0+0.19 ms cpu, 3->3->1 MB, 4 MB goal, 0 MB stacks, 0 MB globals, 4 P
gc 4768 @57.935s 3%: 0.053+1.2+0.003 ms clock, 0.21+0.91/0.45/0+0.014 ms cpu, 3->3->1 MB, 4 MB goal, 0 MB stacks, 0 MB globals, 4 P
gc 4769 @57.940s 3%: 0.082+1.9+0.008 ms clock, 0.33+0.55/0.71/0+0.034 ms cpu, 3->3->1 MB, 4 MB goal, 0 MB stacks, 0 MB globals, 4 P
gc 4770 @57.946s 3%: 0.092+0.69+0.042 ms clock, 0.37+0.65/0.56/0+0.17 ms cpu, 3->3->1 MB, 4 MB goal, 0 MB stacks, 0 MB globals, 4 P
gc 4771 @57.951s 3%: 0.065+0.92+0.056 ms clock, 0.26+0.71/0.80/0+0.22 ms cpu, 3->3->1 MB, 4 MB goal, 0 MB stacks, 0 MB globals, 4 P
gc 4772 @57.955s 3%: 0.069+0.80+0.057 ms clock, 0.27+0.72/0.62/0+0.22 ms cpu, 3->3->1 MB, 4 MB goal, 0 MB stacks, 0 MB globals, 4 P
gc 4773 @57.960s 3%: 0.067+1.9+0.035 ms clock, 0.26+0.80/1.0/0+0.14 ms cpu, 3->3->1 MB, 4 MB goal, 0 MB stacks, 0 MB globals, 4 P
gc 4774 @57.966s 3%: 0.052+0.59+0.023 ms clock, 0.21+0.68/0.46/0+0.094 ms cpu, 3->3->1 MB, 4 MB goal, 0 MB stacks, 0 MB globals, 4 P
gc 4775 @57.970s 3%: 0.053+0.82+0.047 ms clock, 0.21+0.70/0.71/0+0.19 ms cpu, 3->3->1 MB, 4 MB goal, 0 MB stacks, 0 MB globals, 4 P
gc 4776 @57.975s 3%: 0.049+0.68+0.063 ms clock, 0.19+0.54/0.65/0+0.25 ms cpu, 3->3->1 MB, 4 MB goal, 0 MB stacks, 0 MB globals, 4 P
gc 4777 @57.980s 3%: 0.083+2.0+0.008 ms clock, 0.33+0.37/0.55/0+0.033 ms cpu, 3->3->1 MB, 4 MB goal, 0 MB stacks, 0 MB globals, 4 P
gc 4778 @57.986s 3%: 0.35+1.1+0.031 ms clock, 1.4+1.3/0.55/0+0.12 ms cpu, 3->3->1 MB, 4 MB goal, 0 MB stacks, 0 MB globals, 4 P
gc 4779 @57.991s 3%: 0.063+1.3+0.079 ms clock, 0.25+0.79/0.44/0+0.31 ms cpu, 3->3->1 MB, 4 MB goal, 0 MB stacks, 0 MB globals, 4 P
gc 4780 @57.996s 3%: 0.056+0.62+0.048 ms clock, 0.22+0.85/0.47/0+0.19 ms cpu, 3->3->1 MB, 4 MB goal, 0 MB stacks, 0 MB globals, 4 P
gc 4781 @58.001s 3%: 0.33+1.6+0.019 ms clock, 1.3+0.30/1.0/0.074+0.077 ms cpu, 3->3->1 MB, 4 MB goal, 0 MB stacks, 0 MB globals, 4 P
gc 4782 @58.006s 3%: 0.060+2.2+0.066 ms clock, 0.24+0.71/1.8/0+0.26 ms cpu, 3->3->1 MB, 4 MB goal, 0 MB stacks, 0 MB globals, 4 P
gc 4783 @58.011s 3%: 0.074+1.4+0.044 ms clock, 0.29+0.49/0.57/0+0.17 ms cpu, 3->3->1 MB, 4 MB goal, 0 MB stacks, 0 MB globals, 4 P
gc 4784 @58.017s 3%: 0.064+1.1+0.082 ms clock, 0.25+0.53/0.59/0.009+0.32 ms cpu, 3->3->1 MB, 4 MB goal, 0 MB stacks, 0 MB globals, 4 P
gc 4785 @58.021s 3%: 0.10+1.7+0.007 ms clock, 0.40+0.53/0.74/0+0.031 ms cpu, 3->3->1 MB, 4 MB goal, 0 MB stacks, 0 MB globals, 4 P
gc 4786 @58.027s 3%: 0.083+0.68+0.048 ms clock, 0.33+0.71/0.57/0+0.19 ms cpu, 3->3->1 MB, 4 MB goal, 0 MB stacks, 0 MB globals, 4 P
gc 4787 @58.032s 3%: 0.060+0.68+0.049 ms clock, 0.24+0.69/0.52/0+0.19 ms cpu, 3->3->1 MB, 4 MB goal, 0 MB stacks, 0 MB globals, 4 P
gc 4788 @58.037s 3%: 0.30+1.5+0.007 ms clock, 1.2+0.13/0.70/0+0.031 ms cpu, 3->3->1 MB, 4 MB goal, 0 MB stacks, 0 MB globals, 4 P
gc 4789 @58.042s 3%: 0.059+0.84+0.053 ms clock, 0.23+0.81/0.71/0+0.21 ms cpu, 3->3->1 MB, 4 MB goal, 0 MB stacks, 0 MB globals, 4 P
gc 4790 @58.047s 3%: 0.092+0.77+0.038 ms clock, 0.36+0.77/0.61/0+0.15 ms cpu, 3->3->1 MB, 4 MB goal, 0 MB stacks, 0 MB globals, 4 P
gc 4791 @58.052s 3%: 0.079+1.7+0.028 ms clock, 0.31+0.73/0.47/0+0.11 ms cpu, 3->3->1 MB, 4 MB goal, 0 MB stacks, 0 MB globals, 4 P
gc 4792 @58.057s 3%: 0.095+0.53+0.041 ms clock, 0.38+0.76/0.42/0+0.16 ms cpu, 3->3->1 MB, 4 MB goal, 0 MB stacks, 0 MB globals, 4 P
gc 4793 @58.062s 3%: 0.055+0.85+0.026 ms clock, 0.22+0.73/0.69/0+0.10 ms cpu, 3->3->1 MB, 4 MB goal, 0 MB stacks, 0 MB globals, 4 P
gc 4794 @58.067s 3%: 0.058+0.55+0.026 ms clock, 0.23+0.92/0.44/0+0.10 ms cpu, 3->3->1 MB, 4 MB goal, 0 MB stacks, 0 MB globals, 4 P
gc 4795 @58.072s 3%: 2.0+0.75+0.013 ms clock, 8.2+0.78/2.1/0+0.055 ms cpu, 3->4->1 MB, 4 MB goal, 0 MB stacks, 0 MB globals, 4 P
gc 4796 @58.077s 3%: 0.35+1.1+0.040 ms clock, 1.4+0.67/1.3/0+0.16 ms cpu, 3->3->1 MB, 4 MB goal, 0 MB stacks, 0 MB globals, 4 P
gc 4797 @58.082s 3%: 0.064+1.7+0.051 ms clock, 0.25+0.71/1.6/0+0.20 ms cpu, 3->3->1 MB, 4 MB goal, 0 MB stacks, 0 MB globals, 4 P
gc 4798 @58.087s 3%: 0.079+1.0+0.026 ms clock, 0.31+0.56/0.48/0+0.10 ms cpu, 3->3->1 MB, 4 MB goal, 0 MB stacks, 0 MB globals, 4 P
gc 4799 @58.092s 3%: 0.061+0.69+0.014 ms clock, 0.24+0.81/0.55/0+0.058 ms cpu, 3->3->1 MB, 4 MB goal, 0 MB stacks, 0 MB globals, 4 P
gc 4800 @58.097s 3%: 0.086+0.63+0.007 ms clock, 0.34+0.80/0.50/0+0.030 ms cpu, 3->3->1 MB, 4 MB goal, 0 MB stacks, 0 MB globals, 4 P
gc 4801 @58.102s 3%: 0.075+0.68+0.066 ms clock, 0.30+0.84/0.58/0+0.26 ms cpu, 3->3->1 MB, 4 MB goal, 0 MB stacks, 0 MB globals, 4 P
gc 4802 @58.107s 3%: 0.086+0.59+0.060 ms clock, 0.34+0.70/0.45/0+0.24 ms cpu, 3->3->1 MB, 4 MB goal, 0 MB stacks, 0 MB globals, 4 P
gc 4803 @58.112s 3%: 0.045+0.69+0.072 ms clock, 0.18+0.85/0.61/0+0.29 ms cpu, 3->3->1 MB, 4 MB goal, 0 MB stacks, 0 MB globals, 4 P
gc 4804 @58.117s 3%: 0.059+1.3+0.020 ms clock, 0.23+0.62/0.58/0+0.082 ms cpu, 3->3->1 MB, 4 MB goal, 0 MB stacks, 0 MB globals, 4 P
gc 4805 @58.123s 3%: 0.028+0.88+0.026 ms clock, 0.11+0.63/0.76/0+0.10 ms cpu, 3->3->1 MB, 4 MB goal, 0 MB stacks, 0 MB globals, 4 P
gc 4806 @58.128s 3%: 0.081+1.2+0.041 ms clock, 0.32+1.0/0.013/0+0.16 ms cpu, 3->3->1 MB, 4 MB goal, 0 MB stacks, 0 MB globals, 4 P
gc 4807 @58.133s 3%: 0.090+1.5+0.042 ms clock, 0.36+0.41/0.62/0+0.16 ms cpu, 3->3->1 MB, 4 MB goal, 0 MB stacks, 0 MB globals, 4 P
gc 4808 @58.138s 3%: 0.084+1.1+0.021 ms clock, 0.33+0.51/0.51/0+0.087 ms cpu, 3->3->1 MB, 4 MB goal, 0 MB stacks, 0 MB globals, 4 P
gc 4809 @58.143s 3%: 0.094+0.60+0.050 ms clock, 0.37+0.75/0.45/0+0.20 ms cpu, 3->3->1 MB, 4 MB goal, 0 MB stacks, 0 MB globals, 4 P
gc 4810 @58.148s 3%: 0.032+1.0+0.054 ms clock, 0.13+0.57/0.53/0+0.21 ms cpu, 3->3->1 MB, 4 MB goal, 0 MB stacks, 0 MB globals, 4 P
gc 4811 @58.153s 3%: 0.052+1.6+0.005 ms clock, 0.21+0.91/1.4/0.10+0.022 ms cpu, 3->3->1 MB, 4 MB goal, 0 MB stacks, 0 MB globals, 4 P
gc 4812 @58.158s 3%: 0.29+0.79+0.037 ms clock, 1.1+0.54/0.98/0+0.14 ms cpu, 3->3->1 MB, 4 MB goal, 0 MB stacks, 0 MB globals, 4 P
gc 4813 @58.163s 3%: 0.044+0.53+0.032 ms clock, 0.17+0.81/0.42/0+0.13 ms cpu, 3->3->1 MB, 4 MB goal, 0 MB stacks, 0 MB globals, 4 P
gc 4814 @58.168s 3%: 0.072+0.63+0.062 ms clock, 0.29+0.75/0.55/0+0.25 ms cpu, 3->3->1 MB, 4 MB goal, 0 MB stacks, 0 MB globals, 4 P
gc 4815 @58.173s 3%: 0.048+1.5+0.025 ms clock, 0.19+0.56/0.66/0+0.10 ms cpu, 3->3->1 MB, 4 MB goal, 0 MB stacks, 0 MB globals, 4 P
gc 4816 @58.179s 3%: 0.10+0.87+0.023 ms clock, 0.40+0.058/0.76/0+0.093 ms cpu, 3->3->1 MB, 4 MB goal, 0 MB stacks, 0 MB globals, 4 P
gc 4817 @58.183s 3%: 0.051+1.7+0.031 ms clock, 0.20+1.0/0.019/0+0.12 ms cpu, 3->3->1 MB, 4 MB goal, 0 MB stacks, 0 MB globals, 4 P
gc 4818 @58.188s 3%: 0.054+1.5+0.006 ms clock, 0.21+0.64/0.55/0+0.026 ms cpu, 3->3->1 MB, 4 MB goal, 0 MB stacks, 0 MB globals, 4 P
gc 4819 @58.194s 3%: 0.44+1.3+0.026 ms clock, 1.7+0.47/1.2/0+0.10 ms cpu, 3->3->1 MB, 4 MB goal, 0 MB stacks, 0 MB globals, 4 P
gc 4820 @58.199s 3%: 0.017+0.52+0.026 ms clock, 0.069+0.88/0.45/0+0.10 ms cpu, 3->3->1 MB, 4 MB goal, 0 MB stacks, 0 MB globals, 4 P
gc 4821 @58.204s 3%: 0.057+0.61+0.034 ms clock, 0.22+0.76/0.46/0+0.13 ms cpu, 3->3->1 MB, 4 MB goal, 0 MB stacks, 0 MB globals, 4 P
gc 4822 @58.208s 3%: 0.099+2.3+0.031 ms clock, 0.39+0.41/0.53/0+0.12 ms cpu, 3->3->1 MB, 4 MB goal, 0 MB stacks, 0 MB globals, 4 P
gc 4823 @58.214s 3%: 0.71+0.77+0.030 ms clock, 2.8+0.43/0.89/0+0.12 ms cpu, 3->3->1 MB, 4 MB goal, 0 MB stacks, 0 MB globals, 4 P
gc 4824 @58.219s 3%: 0.095+0.65+0.025 ms clock, 0.38+0.53/0.55/0+0.10 ms cpu, 3->3->1 MB, 4 MB goal, 0 MB stacks, 0 MB globals, 4 P
gc 4825 @58.224s 3%: 0.098+0.86+0.083 ms clock, 0.39+0.64/0.77/0+0.33 ms cpu, 3->3->1 MB, 4 MB goal, 0 MB stacks, 0 MB globals, 4 P
gc 4826 @58.229s 3%: 0.079+0.93+0.021 ms clock, 0.31+0.73/0.82/0+0.087 ms cpu, 3->3->1 MB, 4 MB goal, 0 MB stacks, 0 MB globals, 4 P
gc 4827 @58.233s 3%: 0.084+0.58+0.029 ms clock, 0.33+0.83/0.51/0+0.11 ms cpu, 3->3->1 MB, 4 MB goal, 0 MB stacks, 0 MB globals, 4 P
gc 4828 @58.238s 3%: 0.085+1.0+0.033 ms clock, 0.34+0.78/1.0/0+0.13 ms cpu, 3->3->1 MB, 4 MB goal, 0 MB stacks, 0 MB globals, 4 P
gc 4829 @58.244s 3%: 0.29+1.4+0.080 ms clock, 1.1+0.46/0.62/0+0.32 ms cpu, 3->3->1 MB, 4 MB goal, 0 MB stacks, 0 MB globals, 4 P
gc 4830 @58.249s 3%: 0.096+1.1+0.031 ms clock, 0.38+0.84/0.51/0+0.12 ms cpu, 3->3->1 MB, 4 MB goal, 0 MB stacks, 0 MB globals, 4 P
gc 4831 @58.254s 3%: 0.071+2.2+0.084 ms clock, 0.28+0.80/1.6/0+0.33 ms cpu, 3->3->1 MB, 4 MB goal, 0 MB stacks, 0 MB globals, 4 P
gc 4832 @58.259s 3%: 0.046+0.63+0.040 ms clock, 0.18+0.75/0.52/0+0.16 ms cpu, 3->3->1 MB, 4 MB goal, 0 MB stacks, 0 MB globals, 4 P
gc 4833 @58.264s 3%: 0.054+2.4+0.020 ms clock, 0.21+0.85/0.53/0+0.081 ms cpu, 3->3->1 MB, 4 MB goal, 0 MB stacks, 0 MB globals, 4 P
gc 4834 @58.269s 3%: 0.94+1.0+0.004 ms clock, 3.7+0.32/1.4/0+0.016 ms cpu, 3->4->1 MB, 4 MB goal, 0 MB stacks, 0 MB globals, 4 P
gc 4835 @58.275s 3%: 0.051+0.99+0.042 ms clock, 0.20+0.60/0.63/0+0.16 ms cpu, 3->3->1 MB, 4 MB goal, 0 MB stacks, 0 MB globals, 4 P
gc 4836 @58.279s 3%: 0.031+1.1+0.044 ms clock, 0.12+1.0/0.001/0+0.17 ms cpu, 3->3->1 MB, 4 MB goal, 0 MB stacks, 0 MB globals, 4 P
gc 4837 @58.286s 3%: 0.093+1.2+0.063 ms clock, 0.37+0.97/1.1/0.050+0.25 ms cpu, 3->3->1 MB, 4 MB goal, 0 MB stacks, 0 MB globals, 4 P
gc 4838 @58.290s 3%: 0.030+0.83+0.032 ms clock, 0.12+0.85/0.68/0+0.12 ms cpu, 3->3->1 MB, 4 MB goal, 0 MB stacks, 0 MB globals, 4 P
gc 4839 @58.294s 3%: 0.059+0.76+0.025 ms clock, 0.23+0.85/0.54/0+0.10 ms cpu, 3->3->1 MB, 4 MB goal, 0 MB stacks, 0 MB globals, 4 P
gc 4840 @58.299s 3%: 0.043+0.79+0.029 ms clock, 0.17+0.82/0.62/0+0.11 ms cpu, 3->3->1 MB, 4 MB goal, 0 MB stacks, 0 MB globals, 4 P
gc 4841 @58.304s 3%: 0.066+1.8+0.024 ms clock, 0.26+0.61/0.50/0+0.098 ms cpu, 3->3->1 MB, 4 MB goal, 0 MB stacks, 0 MB globals, 4 P
gc 4842 @58.309s 3%: 0.076+1.4+0.069 ms clock, 0.30+0.45/0.73/0+0.27 ms cpu, 3->3->1 MB, 4 MB goal, 0 MB stacks, 0 MB globals, 4 P
gc 4843 @58.315s 3%: 0.094+0.60+0.031 ms clock, 0.37+0.52/0.52/0+0.12 ms cpu, 3->3->1 MB, 4 MB goal, 0 MB stacks, 0 MB globals, 4 P
gc 4844 @58.319s 3%: 0.50+0.73+0.036 ms clock, 2.0+0.70/1.0/0.011+0.14 ms cpu, 3->3->1 MB, 4 MB goal, 0 MB stacks, 0 MB globals, 4 P
gc 4845 @58.324s 3%: 0.087+0.75+0.054 ms clock, 0.34+0.66/0.64/0+0.21 ms cpu, 3->3->1 MB, 4 MB goal, 0 MB stacks, 0 MB globals, 4 P
gc 4846 @58.329s 3%: 0.061+0.61+0.037 ms clock, 0.24+0.78/0.50/0+0.15 ms cpu, 3->3->1 MB, 4 MB goal, 0 MB stacks, 0 MB globals, 4 P
gc 4847 @58.334s 3%: 0.044+0.63+0.022 ms clock, 0.17+0.74/0.44/0+0.091 ms cpu, 3->3->1 MB, 4 MB goal, 0 MB stacks, 0 MB globals, 4 P
gc 4848 @58.339s 3%: 0.084+1.1+0.035 ms clock, 0.33+1.0/0.026/0+0.14 ms cpu, 3->3->1 MB, 4 MB goal, 0 MB stacks, 0 MB globals, 4 P
gc 4849 @58.344s 3%: 0.038+1.0+0.041 ms clock, 0.15+0.53/0.88/0.009+0.16 ms cpu, 3->3->1 MB, 4 MB goal, 0 MB stacks, 0 MB globals, 4 P
gc 4850 @58.350s 3%: 0.083+1.6+0.022 ms clock, 0.33+0.27/0.70/0+0.090 ms cpu, 3->3->1 MB, 4 MB goal, 0 MB stacks, 0 MB globals, 4 P
gc 4851 @58.355s 3%: 0.10+0.57+0.064 ms clock, 0.41+0.77/0.44/0+0.25 ms cpu, 3->3->1 MB, 4 MB goal, 0 MB stacks, 0 MB globals, 4 P
gc 4852 @58.360s 3%: 0.078+0.62+0.050 ms clock, 0.31+0.83/0.50/0+0.20 ms cpu, 3->3->1 MB, 4 MB goal, 0 MB stacks, 0 MB globals, 4 P
gc 4853 @58.364s 3%: 0.091+0.69+0.026 ms clock, 0.36+0.74/0.59/0+0.10 ms cpu, 3->3->1 MB, 4 MB goal, 0 MB stacks, 0 MB globals, 4 P
gc 4854 @58.369s 3%: 0.042+0.81+0.070 ms clock, 0.17+0.81/0.70/0+0.28 ms cpu, 3->3->1 MB, 4 MB goal, 0 MB stacks, 0 MB globals, 4 P
gc 4855 @58.374s 3%: 0.055+0.63+0.055 ms clock, 0.22+0.83/0.51/0+0.22 ms cpu, 3->3->1 MB, 4 MB goal, 0 MB stacks, 0 MB globals, 4 P
gc 4856 @58.379s 3%: 0.097+0.87+0.047 ms clock, 0.39+0.56/0.70/0+0.18 ms cpu, 3->3->1 MB, 4 MB goal, 0 MB stacks, 0 MB globals, 4 P
gc 4857 @58.384s 3%: 0.094+0.72+0.055 ms clock, 0.37+0.65/0.57/0+0.22 ms cpu, 3->3->1 MB, 4 MB goal, 0 MB stacks, 0 MB globals, 4 P
gc 4858 @58.389s 3%: 0.053+1.0+0.047 ms clock, 0.21+1.0/0.001/0+0.18 ms cpu, 3->3->1 MB, 4 MB goal, 0 MB stacks, 0 MB globals, 4 P
gc 4859 @58.394s 3%: 0.055+0.59+0.022 ms clock, 0.22+0.88/0.44/0+0.089 ms cpu, 3->3->1 MB, 4 MB goal, 0 MB stacks, 0 MB globals, 4 P
gc 4860 @58.399s 3%: 0.029+1.7+0.053 ms clock, 0.11+1.2/0.54/0+0.21 ms cpu, 3->3->1 MB, 4 MB goal, 0 MB stacks, 0 MB globals, 4 P
gc 4861 @58.404s 3%: 0.062+1.1+0.032 ms clock, 0.24+1.1/0.009/0+0.13 ms cpu, 3->3->1 MB, 4 MB goal, 0 MB stacks, 0 MB globals, 4 P
gc 4862 @58.409s 3%: 0.26+0.46+0.031 ms clock, 1.0+0.35/0.60/0+0.12 ms cpu, 3->3->1 MB, 4 MB goal, 0 MB stacks, 0 MB globals, 4 P
gc 4863 @58.414s 3%: 0.23+1.3+0.008 ms clock, 0.95+0.17/0.71/0+0.032 ms cpu, 3->3->1 MB, 4 MB goal, 0 MB stacks, 0 MB globals, 4 P
gc 4864 @58.419s 3%: 0.066+1.2+0.082 ms clock, 0.26+1.0/0.001/0+0.33 ms cpu, 3->3->1 MB, 4 MB goal, 0 MB stacks, 0 MB globals, 4 P
gc 4865 @58.424s 3%: 0.11+1.7+0.044 ms clock, 0.45+0.44/0.67/0+0.17 ms cpu, 3->3->1 MB, 4 MB goal, 0 MB stacks, 0 MB globals, 4 P
gc 4866 @58.429s 3%: 0.081+0.86+0.006 ms clock, 0.32+0.61/0.73/0+0.025 ms cpu, 3->3->1 MB, 4 MB goal, 0 MB stacks, 0 MB globals, 4 P
gc 4867 @58.434s 3%: 0.11+0.70+0.025 ms clock, 0.46+0.45/0.55/0+0.10 ms cpu, 3->3->1 MB, 4 MB goal, 0 MB stacks, 0 MB globals, 4 P
gc 4868 @58.439s 3%: 0.042+1.5+0.024 ms clock, 0.16+1.1/0/0+0.098 ms cpu, 3->3->1 MB, 4 MB goal, 0 MB stacks, 0 MB globals, 4 P
gc 4869 @58.445s 3%: 0.046+1.8+0.020 ms clock, 0.18+0.29/0.56/0+0.081 ms cpu, 3->3->1 MB, 4 MB goal, 0 MB stacks, 0 MB globals, 4 P
gc 4870 @58.450s 3%: 0.059+0.97+0.073 ms clock, 0.23+0.53/0.70/0+0.29 ms cpu, 3->3->1 MB, 4 MB goal, 0 MB stacks, 0 MB globals, 4 P
gc 4871 @58.456s 3%: 0.10+1.0+0.029 ms clock, 0.43+0.24/0.65/0+0.11 ms cpu, 3->3->1 MB, 4 MB goal, 0 MB stacks, 0 MB globals, 4 P
gc 4872 @58.460s 3%: 0.10+0.62+0.036 ms clock, 0.43+0.76/0.53/0+0.14 ms cpu, 3->3->1 MB, 4 MB goal, 0 MB stacks, 0 MB globals, 4 P
gc 4873 @58.465s 3%: 0.057+0.98+0.097 ms clock, 0.23+1.0/0.027/0+0.38 ms cpu, 3->3->1 MB, 4 MB goal, 0 MB stacks, 0 MB globals, 4 P
gc 4874 @58.470s 3%: 0.052+0.81+0.017 ms clock, 0.21+0.68/0.61/0+0.070 ms cpu, 3->3->1 MB, 4 MB goal, 0 MB stacks, 0 MB globals, 4 P
gc 4875 @58.475s 3%: 0.11+1.5+0.012 ms clock, 0.46+0.056/0.85/0+0.048 ms cpu, 3->3->1 MB, 4 MB goal, 0 MB stacks, 0 MB globals, 4 P
gc 4876 @58.480s 3%: 0.10+1.4+0.006 ms clock, 0.43+0.43/0.62/0+0.025 ms cpu, 3->3->1 MB, 4 MB goal, 0 MB stacks, 0 MB globals, 4 P
gc 4877 @58.485s 3%: 0.067+1.1+0.020 ms clock, 0.26+0.59/0.48/0+0.082 ms cpu, 3->3->1 MB, 4 MB goal, 0 MB stacks, 0 MB globals, 4 P
gc 4878 @58.490s 3%: 0.043+1.3+0.059 ms clock, 0.17+0.66/0.57/0+0.23 ms cpu, 3->3->1 MB, 4 MB goal, 0 MB stacks, 0 MB globals, 4 P
gc 4879 @58.495s 3%: 0.071+0.52+0.033 ms clock, 0.28+0.64/0.48/0+0.13 ms cpu, 3->3->1 MB, 4 MB goal, 0 MB stacks, 0 MB globals, 4 P
gc 4880 @58.500s 3%: 0.035+0.83+0.023 ms clock, 0.14+0.70/0.65/0+0.095 ms cpu, 3->3->1 MB, 4 MB goal, 0 MB stacks, 0 MB globals, 4 P
gc 4881 @58.505s 3%: 0.049+1.6+0.022 ms clock, 0.19+0.59/0.65/0+0.091 ms cpu, 3->3->1 MB, 4 MB goal, 0 MB stacks, 0 MB globals, 4 P
gc 4882 @58.510s 3%: 0.094+1.1+0.075 ms clock, 0.37+0.60/0.57/0+0.30 ms cpu, 3->3->1 MB, 4 MB goal, 0 MB stacks, 0 MB globals, 4 P
gc 4883 @58.515s 3%: 0.057+1.1+0.029 ms clock, 0.22+1.3/0.005/0+0.11 ms cpu, 3->3->1 MB, 4 MB goal, 0 MB stacks, 0 MB globals, 4 P
gc 4884 @58.520s 3%: 0.069+1.9+0.004 ms clock, 0.27+0.40/0.70/0+0.016 ms cpu, 3->3->1 MB, 4 MB goal, 0 MB stacks, 0 MB globals, 4 P
gc 4885 @58.526s 3%: 0.077+0.60+0.023 ms clock, 0.31+1.0/0.078/0+0.094 ms cpu, 3->3->1 MB, 4 MB goal, 0 MB stacks, 0 MB globals, 4 P
gc 4886 @58.531s 3%: 0.13+1.3+0.010 ms clock, 0.53+1.8/1.3/0+0.040 ms cpu, 3->3->1 MB, 4 MB goal, 0 MB stacks, 0 MB globals, 4 P
gc 4887 @58.535s 3%: 0.061+0.54+0.027 ms clock, 0.24+0.91/0.45/0+0.11 ms cpu, 3->3->1 MB, 4 MB goal, 0 MB stacks, 0 MB globals, 4 P
gc 4888 @58.540s 3%: 0.057+1.8+0.012 ms clock, 0.23+0.91/0.70/0+0.051 ms cpu, 3->3->1 MB, 4 MB goal, 0 MB stacks, 0 MB globals, 4 P
gc 4889 @58.546s 3%: 0.099+0.86+0.035 ms clock, 0.39+0.50/0.60/0+0.14 ms cpu, 3->3->1 MB, 4 MB goal, 0 MB stacks, 0 MB globals, 4 P
gc 4890 @58.550s 3%: 0.041+0.91+0.080 ms clock, 0.16+0.82/0.47/0+0.32 ms cpu, 3->3->1 MB, 4 MB goal, 0 MB stacks, 0 MB globals, 4 P
gc 4891 @58.555s 3%: 0.051+2.7+0.009 ms clock, 0.20+0.46/0.51/0+0.038 ms cpu, 3->3->1 MB, 4 MB goal, 0 MB stacks, 0 MB globals, 4 P
gc 4892 @58.561s 3%: 0.049+0.69+0.025 ms clock, 0.19+0.82/0.56/0+0.10 ms cpu, 3->3->1 MB, 4 MB goal, 0 MB stacks, 0 MB globals, 4 P
gc 4893 @58.566s 3%: 0.079+0.73+0.038 ms clock, 0.31+0.85/0.60/0+0.15 ms cpu, 3->3->1 MB, 4 MB goal, 0 MB stacks, 0 MB globals, 4 P
gc 4894 @58.571s 3%: 0.072+1.0+0.074 ms clock, 0.28+0.35/0.65/0+0.29 ms cpu, 3->3->1 MB, 4 MB goal, 0 MB stacks, 0 MB globals, 4 P
gc 4895 @58.576s 3%: 0.34+1.5+0.008 ms clock, 1.3+0.31/1.3/0+0.032 ms cpu, 3->3->1 MB, 4 MB goal, 0 MB stacks, 0 MB globals, 4 P
gc 4896 @58.581s 3%: 0.069+1.5+0.049 ms clock, 0.27+0.62/0.62/0+0.19 ms cpu, 3->3->1 MB, 4 MB goal, 0 MB stacks, 0 MB globals, 4 P
gc 4897 @58.586s 3%: 0.060+2.3+0.043 ms clock, 0.24+0.69/1.5/0+0.17 ms cpu, 3->4->1 MB, 4 MB goal, 0 MB stacks, 0 MB globals, 4 P
gc 4898 @58.591s 3%: 0.062+0.68+0.085 ms clock, 0.25+0.77/0.54/0+0.34 ms cpu, 3->3->1 MB, 4 MB goal, 0 MB stacks, 0 MB globals, 4 P
gc 4899 @58.596s 3%: 0.058+2.0+0.073 ms clock, 0.23+0.67/1.7/0+0.29 ms cpu, 3->3->1 MB, 4 MB goal, 0 MB stacks, 0 MB globals, 4 P
gc 4900 @58.601s 3%: 0.025+0.80+0.031 ms clock, 0.10+0.75/0.70/0+0.12 ms cpu, 3->3->1 MB, 4 MB goal, 0 MB stacks, 0 MB globals, 4 P
gc 4901 @58.606s 3%: 0.18+1.3+0.050 ms clock, 0.74+0.73/0.55/0.004+0.20 ms cpu, 3->3->1 MB, 4 MB goal, 0 MB stacks, 0 MB globals, 4 P
gc 4902 @58.611s 3%: 0.042+1.1+0.061 ms clock, 0.17+1.1/0/0+0.24 ms cpu, 3->3->1 MB, 4 MB goal, 0 MB stacks, 0 MB globals, 4 P
gc 4903 @58.616s 3%: 0.10+1.0+0.039 ms clock, 0.40+0.62/0.48/0+0.15 ms cpu, 3->3->1 MB, 4 MB goal, 0 MB stacks, 0 MB globals, 4 P
gc 4904 @58.621s 3%: 0.045+0.99+0.042 ms clock, 0.18+0.49/0.44/0+0.17 ms cpu, 3->3->1 MB, 4 MB goal, 0 MB stacks, 0 MB globals, 4 P
gc 4905 @58.626s 3%: 0.064+1.4+0.028 ms clock, 0.25+0.11/0.59/0+0.11 ms cpu, 3->3->1 MB, 4 MB goal, 0 MB stacks, 0 MB globals, 4 P
gc 4906 @58.631s 3%: 0.061+1.0+0.051 ms clock, 0.24+0.61/0.66/0+0.20 ms cpu, 3->3->1 MB, 4 MB goal, 0 MB stacks, 0 MB globals, 4 P
gc 4907 @58.636s 3%: 0.74+1.3+0.042 ms clock, 2.9+1.0/0.97/0+0.16 ms cpu, 3->3->1 MB, 4 MB goal, 0 MB stacks, 0 MB globals, 4 P
gc 4908 @58.642s 3%: 0.059+1.2+0.025 ms clock, 0.23+0.51/0.48/0+0.10 ms cpu, 3->3->1 MB, 4 MB goal, 0 MB stacks, 0 MB globals, 4 P
gc 4909 @58.647s 3%: 0.054+1.0+0.006 ms clock, 0.21+0.70/0.72/0+0.025 ms cpu, 3->3->1 MB, 4 MB goal, 0 MB stacks, 0 MB globals, 4 P
gc 4910 @58.652s 3%: 0.052+0.59+0.067 ms clock, 0.20+0.74/0.47/0+0.27 ms cpu, 3->3->1 MB, 4 MB goal, 0 MB stacks, 0 MB globals, 4 P
gc 4911 @58.657s 3%: 0.060+1.8+0.027 ms clock, 0.24+0.84/0.49/0+0.11 ms cpu, 3->3->1 MB, 4 MB goal, 0 MB stacks, 0 MB globals, 4 P
gc 4912 @58.662s 3%: 0.093+0.89+0.060 ms clock, 0.37+0.79/0.80/0+0.24 ms cpu, 3->3->1 MB, 4 MB goal, 0 MB stacks, 0 MB globals, 4 P
gc 4913 @58.667s 3%: 0.045+1.8+0.013 ms clock, 0.18+0.91/0.51/0+0.055 ms cpu, 3->3->1 MB, 4 MB goal, 0 MB stacks, 0 MB globals, 4 P
gc 4914 @58.672s 3%: 2.5+0.084+0.059 ms clock, 10+2.1/0.82/0+0.23 ms cpu, 3->3->1 MB, 4 MB goal, 0 MB stacks, 0 MB globals, 4 P
gc 4915 @58.677s 3%: 0.053+0.49+0.031 ms clock, 0.21+0.80/0.41/0+0.12 ms cpu, 3->3->1 MB, 4 MB goal, 0 MB stacks, 0 MB globals, 4 P
gc 4916 @58.682s 3%: 0.033+1.0+0.039 ms clock, 0.13+0.55/0.52/0+0.15 ms cpu, 3->3->1 MB, 4 MB goal, 0 MB stacks, 0 MB globals, 4 P
gc 4917 @58.687s 3%: 0.090+1.3+0.041 ms clock, 0.36+0.50/0.62/0+0.16 ms cpu, 3->3->1 MB, 4 MB goal, 0 MB stacks, 0 MB globals, 4 P
gc 4918 @58.692s 3%: 0.061+1.1+0.004 ms clock, 0.24+1.0/0.035/0+0.019 ms cpu, 3->3->1 MB, 4 MB goal, 0 MB stacks, 0 MB globals, 4 P
gc 4919 @58.697s 3%: 0.035+1.5+0.060 ms clock, 0.14+0.88/0.61/0+0.24 ms cpu, 3->3->1 MB, 4 MB goal, 0 MB stacks, 0 MB globals, 4 P
gc 4920 @58.702s 3%: 0.032+0.98+0.025 ms clock, 0.13+0.64/0.87/0+0.10 ms cpu, 3->3->1 MB, 4 MB goal, 0 MB stacks, 0 MB globals, 4 P
gc 4921 @58.707s 3%: 0.075+1.1+0.059 ms clock, 0.30+0.64/0.51/0+0.23 ms cpu, 3->3->1 MB, 4 MB goal, 0 MB stacks, 0 MB globals, 4 P
gc 4922 @58.712s 3%: 0.063+1.7+0.004 ms clock, 0.25+0.79/1.4/0+0.016 ms cpu, 3->3->1 MB, 4 MB goal, 0 MB stacks, 0 MB globals, 4 P
gc 4923 @58.717s 3%: 0.071+1.3+0.025 ms clock, 0.28+0.72/1.1/0+0.10 ms cpu, 3->3->1 MB, 4 MB goal, 0 MB stacks, 0 MB globals, 4 P
gc 4924 @58.722s 3%: 0.083+2.2+0.011 ms clock, 0.33+1.2/1.0/0+0.047 ms cpu, 3->4->1 MB, 4 MB goal, 0 MB stacks, 0 MB globals, 4 P
gc 4925 @58.728s 3%: 0.071+1.3+0.060 ms clock, 0.28+0.37/0.61/0+0.24 ms cpu, 3->3->1 MB, 4 MB goal, 0 MB stacks, 0 MB globals, 4 P
gc 4926 @58.733s 3%: 0.060+0.60+0.025 ms clock, 0.24+0.68/0.46/0+0.10 ms cpu, 3->3->1 MB, 4 MB goal, 0 MB stacks, 0 MB globals, 4 P
gc 4927 @58.737s 3%: 1.0+0.23+0.054 ms clock, 4.2+0.69/1.1/0+0.21 ms cpu, 3->3->1 MB, 4 MB goal, 0 MB stacks, 0 MB globals, 4 P
gc 4928 @58.742s 3%: 0.068+0.64+0.024 ms clock, 0.27+0.78/0.54/0+0.097 ms cpu, 3->3->1 MB, 4 MB goal, 0 MB stacks, 0 MB globals, 4 P
gc 4929 @58.747s 3%: 0.077+2.1+0.067 ms clock, 0.30+0.54/0.55/0+0.26 ms cpu, 3->3->1 MB, 4 MB goal, 0 MB stacks, 0 MB globals, 4 P
gc 4930 @58.753s 3%: 0.068+0.65+0.058 ms clock, 0.27+0.80/0.53/0+0.23 ms cpu, 3->3->1 MB, 4 MB goal, 0 MB stacks, 0 MB globals, 4 P
gc 4931 @58.757s 3%: 0.048+1.8+0.014 ms clock, 0.19+0.84/0.50/0+0.058 ms cpu, 3->3->1 MB, 4 MB goal, 0 MB stacks, 0 MB globals, 4 P
gc 4932 @58.762s 3%: 0.068+1.6+0.037 ms clock, 0.27+0.45/0.47/0+0.14 ms cpu, 3->3->1 MB, 4 MB goal, 0 MB stacks, 0 MB globals, 4 P
gc 4933 @58.768s 3%: 0.024+2.6+0.049 ms clock, 0.096+0.94/0.47/0+0.19 ms cpu, 3->4->1 MB, 4 MB goal, 0 MB stacks, 0 MB globals, 4 P
gc 4934 @58.773s 3%: 0.36+2.0+0.011 ms clock, 1.4+0.50/2.2/0.006+0.046 ms cpu, 3->4->1 MB, 4 MB goal, 0 MB stacks, 0 MB globals, 4 P
gc 4935 @58.778s 3%: 0.059+1.4+0.061 ms clock, 0.23+0.56/0.79/0+0.24 ms cpu, 3->3->1 MB, 4 MB goal, 0 MB stacks, 0 MB globals, 4 P
gc 4936 @58.783s 3%: 0.075+1.3+0.009 ms clock, 0.30+0.83/0.49/0+0.037 ms cpu, 3->3->1 MB, 4 MB goal, 0 MB stacks, 0 MB globals, 4 P
gc 4937 @58.789s 3%: 0.061+0.61+0.078 ms clock, 0.24+0.86/0.53/0+0.31 ms cpu, 3->3->1 MB, 4 MB goal, 0 MB stacks, 0 MB globals, 4 P
gc 4938 @58.793s 3%: 0.058+1.8+0.044 ms clock, 0.23+0.65/0.46/0+0.17 ms cpu, 3->3->1 MB, 4 MB goal, 0 MB stacks, 0 MB globals, 4 P
gc 4939 @58.799s 3%: 0.079+0.57+0.068 ms clock, 0.31+0.78/0.48/0+0.27 ms cpu, 3->3->1 MB, 4 MB goal, 0 MB stacks, 0 MB globals, 4 P
gc 4940 @58.803s 3%: 0.077+0.68+0.024 ms clock, 0.31+0.56/0.60/0+0.096 ms cpu, 3->3->1 MB, 4 MB goal, 0 MB stacks, 0 MB globals, 4 P
gc 4941 @58.808s 3%: 0.085+1.1+0.024 ms clock, 0.34+0.52/0.51/0+0.099 ms cpu, 3->3->1 MB, 4 MB goal, 0 MB stacks, 0 MB globals, 4 P
gc 4942 @58.813s 3%: 0.042+1.1+0.066 ms clock, 0.16+0.48/0.69/0+0.26 ms cpu, 3->3->1 MB, 4 MB goal, 0 MB stacks, 0 MB globals, 4 P
gc 4943 @58.818s 3%: 0.057+0.68+0.029 ms clock, 0.23+0.82/0.62/0+0.11 ms cpu, 3->3->1 MB, 4 MB goal, 0 MB stacks, 0 MB globals, 4 P
gc 4944 @58.824s 3%: 0.43+0.84+0.024 ms clock, 1.7+0.43/1.1/0+0.096 ms cpu, 3->3->1 MB, 4 MB goal, 0 MB stacks, 0 MB globals, 4 P
gc 4945 @58.829s 3%: 0.053+0.82+0.027 ms clock, 0.21+0.45/0.45/0+0.10 ms cpu, 3->3->1 MB, 4 MB goal, 0 MB stacks, 0 MB globals, 4 P
gc 4946 @58.834s 3%: 0.042+0.98+0.028 ms clock, 0.16+0.67/0.86/0+0.11 ms cpu, 3->3->1 MB, 4 MB goal, 0 MB stacks, 0 MB globals, 4 P
gc 4947 @58.839s 3%: 2.7+0.15+0.027 ms clock, 10+0.69/2.7/0.14+0.10 ms cpu, 3->4->1 MB, 4 MB goal, 0 MB stacks, 0 MB globals, 4 P
gc 4948 @58.845s 3%: 0.050+1.5+0.080 ms clock, 0.20+0.55/0.54/0+0.32 ms cpu, 3->3->1 MB, 4 MB goal, 0 MB stacks, 0 MB globals, 4 P
gc 4949 @58.849s 3%: 0.10+0.86+0.085 ms clock, 0.40+0.81/0.63/0+0.34 ms cpu, 3->3->1 MB, 4 MB goal, 0 MB stacks, 0 MB globals, 4 P
gc 4950 @58.855s 3%: 0.031+0.88+0.038 ms clock, 0.12+0.74/0.74/0+0.15 ms cpu, 3->3->1 MB, 4 MB goal, 0 MB stacks, 0 MB globals, 4 P
gc 4951 @58.860s 3%: 0.073+1.3+0.031 ms clock, 0.29+0.94/0.57/0.084+0.12 ms cpu, 3->3->1 MB, 4 MB goal, 0 MB stacks, 0 MB globals, 4 P
gc 4952 @58.865s 3%: 0.041+0.68+0.038 ms clock, 0.16+0.95/0.45/0+0.15 ms cpu, 3->3->1 MB, 4 MB goal, 0 MB stacks, 0 MB globals, 4 P
gc 4953 @58.869s 3%: 0.33+1.3+0.076 ms clock, 1.3+0.52/1.1/0+0.30 ms cpu, 3->3->1 MB, 4 MB goal, 0 MB stacks, 0 MB globals, 4 P
gc 4954 @58.875s 3%: 0.079+1.1+0.046 ms clock, 0.31+0.81/0.47/0+0.18 ms cpu, 3->3->1 MB, 4 MB goal, 0 MB stacks, 0 MB globals, 4 P
gc 4955 @58.880s 3%: 0.094+0.81+0.035 ms clock, 0.37+0.76/0.67/0+0.14 ms cpu, 3->3->1 MB, 4 MB goal, 0 MB stacks, 0 MB globals, 4 P
gc 4956 @58.885s 3%: 0.099+1.0+0.028 ms clock, 0.39+0.43/0.62/0+0.11 ms cpu, 3->3->1 MB, 4 MB goal, 0 MB stacks, 0 MB globals, 4 P
gc 4957 @58.889s 3%: 0.065+1.2+0.033 ms clock, 0.26+0.71/0.64/0+0.13 ms cpu, 3->3->1 MB, 4 MB goal, 0 MB stacks, 0 MB globals, 4 P
gc 4958 @58.895s 3%: 0.058+1.2+0.026 ms clock, 0.23+0.43/0.58/0+0.10 ms cpu, 3->3->1 MB, 4 MB goal, 0 MB stacks, 0 MB globals, 4 P
gc 4959 @58.900s 3%: 0.30+0.74+0.038 ms clock, 1.2+0.41/0.94/0+0.15 ms cpu, 3->3->1 MB, 4 MB goal, 0 MB stacks, 0 MB globals, 4 P
gc 4960 @58.904s 3%: 0.088+1.3+0.011 ms clock, 0.35+0.25/0.68/0+0.044 ms cpu, 3->3->1 MB, 4 MB goal, 0 MB stacks, 0 MB globals, 4 P
gc 4961 @58.910s 3%: 0.48+1.0+0.073 ms clock, 1.9+0.51/1.3/0+0.29 ms cpu, 3->3->1 MB, 4 MB goal, 0 MB stacks, 0 MB globals, 4 P
gc 4962 @58.915s 3%: 0.054+0.62+0.051 ms clock, 0.21+0.65/0.54/0+0.20 ms cpu, 3->3->1 MB, 4 MB goal, 0 MB stacks, 0 MB globals, 4 P
gc 4963 @58.920s 3%: 0.051+1.8+0.073 ms clock, 0.20+0.67/0.65/0+0.29 ms cpu, 3->3->1 MB, 4 MB goal, 0 MB stacks, 0 MB globals, 4 P
gc 4964 @58.925s 3%: 0.10+1.5+0.003 ms clock, 0.40+0.51/0.54/0+0.015 ms cpu, 3->3->1 MB, 4 MB goal, 0 MB stacks, 0 MB globals, 4 P
gc 4965 @58.930s 3%: 0.045+0.93+0.041 ms clock, 0.18+0.51/0.78/0+0.16 ms cpu, 3->3->1 MB, 4 MB goal, 0 MB stacks, 0 MB globals, 4 P
gc 4966 @58.935s 3%: 0.065+1.1+0.030 ms clock, 0.26+0.69/0.61/0+0.12 ms cpu, 3->3->1 MB, 4 MB goal, 0 MB stacks, 0 MB globals, 4 P
gc 4967 @58.940s 3%: 0.11+0.90+0.049 ms clock, 0.45+0.82/0.73/0+0.19 ms cpu, 3->3->1 MB, 4 MB goal, 0 MB stacks, 0 MB globals, 4 P
gc 4968 @58.945s 3%: 0.10+1.1+0.077 ms clock, 0.42+1.2/0/0+0.31 ms cpu, 3->3->1 MB, 4 MB goal, 0 MB stacks, 0 MB globals, 4 P
gc 4969 @58.950s 3%: 0.92+1.0+0.025 ms clock, 3.7+0.58/1.4/0+0.10 ms cpu, 3->3->1 MB, 4 MB goal, 0 MB stacks, 0 MB globals, 4 P
gc 4970 @58.955s 3%: 0.067+0.67+0.037 ms clock, 0.26+0.81/0.56/0+0.14 ms cpu, 3->3->1 MB, 4 MB goal, 0 MB stacks, 0 MB globals, 4 P
gc 4971 @58.960s 3%: 0.053+0.69+0.012 ms clock, 0.21+0.78/0.48/0+0.049 ms cpu, 3->3->1 MB, 4 MB goal, 0 MB stacks, 0 MB globals, 4 P
gc 4972 @58.965s 3%: 0.045+0.83+0.023 ms clock, 0.18+0.66/0.72/0+0.093 ms cpu, 3->3->1 MB, 4 MB goal, 0 MB stacks, 0 MB globals, 4 P
gc 4973 @58.970s 3%: 0.077+2.1+0.019 ms clock, 0.31+0.84/0.47/0+0.078 ms cpu, 3->3->1 MB, 4 MB goal, 0 MB stacks, 0 MB globals, 4 P
gc 4974 @58.975s 3%: 0.050+0.63+0.025 ms clock, 0.20+0.73/0.48/0+0.10 ms cpu, 3->3->1 MB, 4 MB goal, 0 MB stacks, 0 MB globals, 4 P
gc 4975 @58.980s 3%: 0.30+1.9+0.018 ms clock, 1.2+0.45/1.4/0.017+0.073 ms cpu, 3->3->1 MB, 4 MB goal, 0 MB stacks, 0 MB globals, 4 P
gc 4976 @58.985s 3%: 0.051+0.83+0.024 ms clock, 0.20+0.69/0.45/0+0.099 ms cpu, 3->3->1 MB, 4 MB goal, 0 MB stacks, 0 MB globals, 4 P
gc 4977 @58.990s 3%: 0.055+0.53+0.061 ms clock, 0.22+0.73/0.47/0+0.24 ms cpu, 3->3->1 MB, 4 MB goal, 0 MB stacks, 0 MB globals, 4 P
gc 4978 @58.995s 3%: 0.024+1.6+0.020 ms clock, 0.096+0.84/0.59/0+0.083 ms cpu, 3->3->1 MB, 4 MB goal, 0 MB stacks, 0 MB globals, 4 P
gc 4979 @59.000s 3%: 0.056+1.2+0.029 ms clock, 0.22+1.0/0.005/0+0.11 ms cpu, 3->3->1 MB, 4 MB goal, 0 MB stacks, 0 MB globals, 4 P
gc 4980 @59.005s 3%: 0.067+0.86+0.034 ms clock, 0.26+0.61/0.75/0+0.13 ms cpu, 3->3->1 MB, 4 MB goal, 0 MB stacks, 0 MB globals, 4 P
gc 4981 @59.011s 3%: 0.074+0.70+0.047 ms clock, 0.29+0.64/0.55/0+0.18 ms cpu, 3->3->1 MB, 4 MB goal, 0 MB stacks, 0 MB globals, 4 P
gc 4982 @59.015s 3%: 0.050+1.4+0.007 ms clock, 0.20+0.32/0.67/0+0.029 ms cpu, 3->3->1 MB, 4 MB goal, 0 MB stacks, 0 MB globals, 4 P
gc 4983 @59.020s 3%: 0.052+1.1+0.046 ms clock, 0.21+0.57/0.60/0+0.18 ms cpu, 3->3->1 MB, 4 MB goal, 0 MB stacks, 0 MB globals, 4 P
gc 4984 @59.026s 3%: 0.058+0.91+0.063 ms clock, 0.23+0.45/0.66/0+0.25 ms cpu, 3->3->1 MB, 4 MB goal, 0 MB stacks, 0 MB globals, 4 P
gc 4985 @59.030s 3%: 0.089+0.74+0.056 ms clock, 0.35+0.59/0.62/0+0.22 ms cpu, 3->3->1 MB, 4 MB goal, 0 MB stacks, 0 MB globals, 4 P
gc 4986 @59.035s 3%: 0.073+1.9+0.075 ms clock, 0.29+0.64/0.67/0+0.30 ms cpu, 3->3->1 MB, 4 MB goal, 0 MB stacks, 0 MB globals, 4 P
gc 4987 @59.041s 3%: 0.10+1.7+0.056 ms clock, 0.43+0.42/0.53/0+0.22 ms cpu, 3->3->1 MB, 4 MB goal, 0 MB stacks, 0 MB globals, 4 P
gc 4988 @59.046s 3%: 0.086+0.78+0.042 ms clock, 0.34+0.78/0.65/0+0.16 ms cpu, 3->3->1 MB, 4 MB goal, 0 MB stacks, 0 MB globals, 4 P
gc 4989 @59.051s 3%: 0.033+0.49+0.025 ms clock, 0.13+0.79/0.41/0+0.10 ms cpu, 3->3->1 MB, 4 MB goal, 0 MB stacks, 0 MB globals, 4 P
gc 4990 @59.055s 3%: 0.33+0.86+0.058 ms clock, 1.3+0.38/1.0/0.024+0.23 ms cpu, 3->3->1 MB, 4 MB goal, 0 MB stacks, 0 MB globals, 4 P
gc 4991 @59.060s 3%: 0.66+0.71+0.022 ms clock, 2.6+1.3/0.73/0+0.091 ms cpu, 3->3->1 MB, 4 MB goal, 0 MB stacks, 0 MB globals, 4 P
gc 4992 @59.065s 3%: 0.069+0.94+0.076 ms clock, 0.27+0.68/0.74/0+0.30 ms cpu, 3->3->1 MB, 4 MB goal, 0 MB stacks, 0 MB globals, 4 P
gc 4993 @59.070s 3%: 0.071+0.92+0.043 ms clock, 0.28+0.54/0.56/0+0.17 ms cpu, 3->3->1 MB, 4 MB goal, 0 MB stacks, 0 MB globals, 4 P
gc 4994 @59.075s 3%: 0.068+1.6+0.040 ms clock, 0.27+1.1/1.5/0+0.16 ms cpu, 3->3->1 MB, 4 MB goal, 0 MB stacks, 0 MB globals, 4 P
gc 4995 @59.080s 3%: 0.065+0.55+0.024 ms clock, 0.26+0.85/0.45/0+0.096 ms cpu, 3->3->1 MB, 4 MB goal, 0 MB stacks, 0 MB globals, 4 P
gc 4996 @59.085s 3%: 0.97+0.49+0.027 ms clock, 3.8+0.34/1.2/0+0.11 ms cpu, 3->3->1 MB, 4 MB goal, 0 MB stacks, 0 MB globals, 4 P
gc 4997 @59.090s 3%: 0.044+1.7+0.069 ms clock, 0.17+0.68/1.6/0+0.27 ms cpu, 3->3->1 MB, 4 MB goal, 0 MB stacks, 0 MB globals, 4 P
gc 4998 @59.095s 3%: 0.10+0.76+0.039 ms clock, 0.40+0.73/0.56/0+0.15 ms cpu, 3->3->1 MB, 4 MB goal, 0 MB stacks, 0 MB globals, 4 P
gc 4999 @59.100s 3%: 0.066+1.7+0.024 ms clock, 0.26+0.49/0.53/0+0.096 ms cpu, 3->3->1 MB, 4 MB goal, 0 MB stacks, 0 MB globals, 4 P
gc 5000 @59.106s 3%: 0.56+0.72+0.024 ms clock, 2.2+0.61/0.66/0+0.096 ms cpu, 3->3->1 MB, 4 MB goal, 0 MB stacks, 0 MB globals, 4 P
gc 5001 @59.111s 3%: 0.079+0.63+0.060 ms clock, 0.31+0.67/0.54/0+0.24 ms cpu, 3->3->1 MB, 4 MB goal, 0 MB stacks, 0 MB globals, 4 P
gc 5002 @59.115s 3%: 0.075+0.70+0.074 ms clock, 0.30+0.83/0.48/0+0.29 ms cpu, 3->3->1 MB, 4 MB goal, 0 MB stacks, 0 MB globals, 4 P
gc 5003 @59.120s 3%: 0.094+0.88+0.072 ms clock, 0.37+0.45/0.57/0+0.29 ms cpu, 3->3->1 MB, 4 MB goal, 0 MB stacks, 0 MB globals, 4 P
gc 5004 @59.126s 3%: 0.069+0.72+0.092 ms clock, 0.27+0.68/0.57/0+0.37 ms cpu, 3->3->1 MB, 4 MB goal, 0 MB stacks, 0 MB globals, 4 P
gc 5005 @59.131s 3%: 0.087+1.4+0.017 ms clock, 0.35+0.52/0.53/0+0.070 ms cpu, 3->3->1 MB, 4 MB goal, 0 MB stacks, 0 MB globals, 4 P
gc 5006 @59.136s 3%: 0.049+1.1+0.055 ms clock, 0.19+1.1/0.001/0+0.22 ms cpu, 3->3->1 MB, 4 MB goal, 0 MB stacks, 0 MB globals, 4 P
gc 5007 @59.141s 3%: 0.040+0.66+0.043 ms clock, 0.16+0.88/0.44/0+0.17 ms cpu, 3->3->1 MB, 4 MB goal, 0 MB stacks, 0 MB globals, 4 P
gc 5008 @59.146s 3%: 0.054+2.2+0.026 ms clock, 0.21+0.62/0.73/0+0.10 ms cpu, 3->3->1 MB, 4 MB goal, 0 MB stacks, 0 MB globals, 4 P
gc 5009 @59.151s 3%: 0.050+0.69+0.039 ms clock, 0.20+0.96/0.49/0+0.15 ms cpu, 3->3->1 MB, 4 MB goal, 0 MB stacks, 0 MB globals, 4 P
gc 5010 @59.156s 3%: 0.11+1.7+0.025 ms clock, 0.46+1.6/0.60/0+0.10 ms cpu, 3->3->1 MB, 4 MB goal, 0 MB stacks, 0 MB globals, 4 P
gc 5011 @59.161s 3%: 0.075+0.62+0.068 ms clock, 0.30+0.92/0.41/0+0.27 ms cpu, 3->3->1 MB, 4 MB goal, 0 MB stacks, 0 MB globals, 4 P
gc 5012 @59.166s 3%: 0.040+1.2+0.047 ms clock, 0.16+0.52/0.73/0+0.18 ms cpu, 3->3->1 MB, 4 MB goal, 0 MB stacks, 0 MB globals, 4 P
gc 5013 @59.171s 3%: 0.39+0.81+0.030 ms clock, 1.5+1.2/0.69/0+0.12 ms cpu, 3->3->1 MB, 4 MB goal, 0 MB stacks, 0 MB globals, 4 P
gc 5014 @59.176s 3%: 0.099+1.5+0.006 ms clock, 0.39+0.44/0.56/0+0.026 ms cpu, 3->3->1 MB, 4 MB goal, 0 MB stacks, 0 MB globals, 4 P
gc 5015 @59.182s 3%: 0.072+0.68+0.030 ms clock, 0.28+0.75/0.54/0+0.12 ms cpu, 3->3->1 MB, 4 MB goal, 0 MB stacks, 0 MB globals, 4 P
gc 5016 @59.187s 3%: 0.074+0.57+0.080 ms clock, 0.29+0.86/0.47/0+0.32 ms cpu, 3->3->1 MB, 4 MB goal, 0 MB stacks, 0 MB globals, 4 P
gc 5017 @59.191s 3%: 0.33+1.9+0.031 ms clock, 1.3+0.46/1.0/0.024+0.12 ms cpu, 3->3->1 MB, 4 MB goal, 0 MB stacks, 0 MB globals, 4 P
gc 5018 @59.197s 3%: 0.094+2.0+0.033 ms clock, 0.37+0.43/0.50/0+0.13 ms cpu, 3->3->1 MB, 4 MB goal, 0 MB stacks, 0 MB globals, 4 P
gc 5019 @59.202s 3%: 0.070+1.7+0.011 ms clock, 0.28+1.1/0/0+0.047 ms cpu, 3->3->1 MB, 4 MB goal, 0 MB stacks, 0 MB globals, 4 P
gc 5020 @59.207s 3%: 0.050+0.56+0.052 ms clock, 0.20+0.77/0.44/0+0.21 ms cpu, 3->3->1 MB, 4 MB goal, 0 MB stacks, 0 MB globals, 4 P
gc 5021 @59.212s 3%: 0.094+0.55+0.066 ms clock, 0.37+0.73/0.43/0+0.26 ms cpu, 3->3->1 MB, 4 MB goal, 0 MB stacks, 0 MB globals, 4 P
gc 5022 @59.217s 3%: 0.063+1.1+0.033 ms clock, 0.25+0.68/0.57/0+0.13 ms cpu, 3->3->1 MB, 4 MB goal, 0 MB stacks, 0 MB globals, 4 P
gc 5023 @59.222s 3%: 0.048+0.67+0.031 ms clock, 0.19+0.58/0.52/0+0.12 ms cpu, 3->3->1 MB, 4 MB goal, 0 MB stacks, 0 MB globals, 4 P
gc 5024 @59.227s 3%: 0.078+0.62+0.033 ms clock, 0.31+0.84/0.49/0+0.13 ms cpu, 3->3->1 MB, 4 MB goal, 0 MB stacks, 0 MB globals, 4 P
gc 5025 @59.232s 3%: 2.6+0.64+0.071 ms clock, 10+0.42/2.9/0+0.28 ms cpu, 3->4->1 MB, 4 MB goal, 0 MB stacks, 0 MB globals, 4 P
gc 5026 @59.239s 3%: 0.058+1.4+0.092 ms clock, 0.23+0.34/0.64/0+0.36 ms cpu, 3->4->1 MB, 4 MB goal, 0 MB stacks, 0 MB globals, 4 P
gc 5027 @59.242s 3%: 0.087+0.89+0.046 ms clock, 0.34+0.77/0.73/0+0.18 ms cpu, 3->3->1 MB, 4 MB goal, 0 MB stacks, 0 MB globals, 4 P
gc 5028 @59.247s 3%: 0.056+0.59+0.006 ms clock, 0.22+0.77/0.50/0+0.026 ms cpu, 3->3->1 MB, 4 MB goal, 0 MB stacks, 0 MB globals, 4 P
gc 5029 @59.252s 3%: 1.5+0.60+0.071 ms clock, 6.3+0.64/1.7/0+0.28 ms cpu, 3->3->1 MB, 4 MB goal, 0 MB stacks, 0 MB globals, 4 P
gc 5030 @59.258s 3%: 0.058+0.65+0.024 ms clock, 0.23+0.79/0.51/0+0.096 ms cpu, 3->3->1 MB, 4 MB goal, 0 MB stacks, 0 MB globals, 4 P
gc 5031 @59.262s 3%: 0.055+0.79+0.028 ms clock, 0.22+0.77/0.66/0+0.11 ms cpu, 3->3->1 MB, 4 MB goal, 0 MB stacks, 0 MB globals, 4 P
gc 5032 @59.267s 3%: 0.055+0.64+0.060 ms clock, 0.22+0.71/0.46/0+0.24 ms cpu, 3->3->1 MB, 4 MB goal, 0 MB stacks, 0 MB globals, 4 P
gc 5033 @59.272s 3%: 0.057+1.1+0.048 ms clock, 0.22+0.48/1.0/0+0.19 ms cpu, 3->3->1 MB, 4 MB goal, 0 MB stacks, 0 MB globals, 4 P
gc 5034 @59.277s 3%: 0.062+0.67+0.019 ms clock, 0.25+0.63/0.49/0+0.078 ms cpu, 3->3->1 MB, 4 MB goal, 0 MB stacks, 0 MB globals, 4 P
gc 5035 @59.282s 3%: 0.044+0.87+0.074 ms clock, 0.17+0.82/0.73/0+0.29 ms cpu, 3->3->1 MB, 4 MB goal, 0 MB stacks, 0 MB globals, 4 P
gc 5036 @59.287s 3%: 0.067+0.78+0.036 ms clock, 0.26+0.28/0.71/0+0.14 ms cpu, 3->3->1 MB, 4 MB goal, 0 MB stacks, 0 MB globals, 4 P
gc 5037 @59.292s 3%: 0.38+0.71+0.034 ms clock, 1.5+0.32/0.95/0+0.13 ms cpu, 3->3->1 MB, 4 MB goal, 0 MB stacks, 0 MB globals, 4 P
gc 5038 @59.297s 3%: 0.073+1.4+0.051 ms clock, 0.29+0.60/1.3/0+0.20 ms cpu, 3->3->1 MB, 4 MB goal, 0 MB stacks, 0 MB globals, 4 P
gc 5039 @59.302s 3%: 0.058+1.0+0.013 ms clock, 0.23+1.0/0/0+0.052 ms cpu, 3->3->1 MB, 4 MB goal, 0 MB stacks, 0 MB globals, 4 P
gc 5040 @59.307s 3%: 0.067+0.51+0.056 ms clock, 0.26+0.76/0.40/0+0.22 ms cpu, 3->3->1 MB, 4 MB goal, 0 MB stacks, 0 MB globals, 4 P
gc 5041 @59.312s 3%: 0.050+1.6+0.019 ms clock, 0.20+0.64/0.60/0+0.076 ms cpu, 3->3->1 MB, 4 MB goal, 0 MB stacks, 0 MB globals, 4 P
gc 5042 @59.317s 3%: 0.098+1.1+0.026 ms clock, 0.39+0.36/0.71/0+0.10 ms cpu, 3->3->1 MB, 4 MB goal, 0 MB stacks, 0 MB globals, 4 P
gc 5043 @59.322s 3%: 0.095+1.7+0.033 ms clock, 0.38+0.43/0.61/0+0.13 ms cpu, 3->3->1 MB, 4 MB goal, 0 MB stacks, 0 MB globals, 4 P
gc 5044 @59.327s 3%: 0.098+0.57+0.052 ms clock, 0.39+0.71/0.46/0+0.21 ms cpu, 3->3->1 MB, 4 MB goal, 0 MB stacks, 0 MB globals, 4 P
gc 5045 @59.332s 3%: 0.042+0.75+0.014 ms clock, 0.16+0.69/0.64/0+0.057 ms cpu, 3->3->1 MB, 4 MB goal, 0 MB stacks, 0 MB globals, 4 P
gc 5046 @59.337s 3%: 0.057+1.8+0.021 ms clock, 0.23+0.48/0.70/0+0.086 ms cpu, 3->3->1 MB, 4 MB goal, 0 MB stacks, 0 MB globals, 4 P
gc 5047 @59.342s 3%: 0.062+0.64+0.022 ms clock, 0.25+0.64/0.53/0+0.088 ms cpu, 3->3->1 MB, 4 MB goal, 0 MB stacks, 0 MB globals, 4 P
gc 5048 @59.347s 3%: 0.090+1.2+0.036 ms clock, 0.36+0.56/0.50/0+0.14 ms cpu, 3->3->1 MB, 4 MB goal, 0 MB stacks, 0 MB globals, 4 P
gc 5049 @59.352s 3%: 0.042+0.68+0.036 ms clock, 0.17+0.76/0.53/0+0.14 ms cpu, 3->3->1 MB, 4 MB goal, 0 MB stacks, 0 MB globals, 4 P
gc 5050 @59.357s 3%: 0.37+1.1+0.073 ms clock, 1.5+0.34/0.85/0+0.29 ms cpu, 3->3->1 MB, 4 MB goal, 0 MB stacks, 0 MB globals, 4 P
gc 5051 @59.362s 3%: 0.23+0.75+0.062 ms clock, 0.92+0.43/0.67/0+0.24 ms cpu, 3->3->1 MB, 4 MB goal, 0 MB stacks, 0 MB globals, 4 P
gc 5052 @59.367s 3%: 0.064+1.8+0.061 ms clock, 0.25+0.85/0.47/0+0.24 ms cpu, 3->3->1 MB, 4 MB goal, 0 MB stacks, 0 MB globals, 4 P
gc 5053 @59.372s 3%: 0.073+1.1+0.055 ms clock, 0.29+1.2/0/0+0.22 ms cpu, 3->3->1 MB, 4 MB goal, 0 MB stacks, 0 MB globals, 4 P
gc 5054 @59.377s 3%: 0.060+1.3+0.019 ms clock, 0.24+0.65/0.50/0+0.078 ms cpu, 3->3->1 MB, 4 MB goal, 0 MB stacks, 0 MB globals, 4 P
gc 5055 @59.383s 3%: 0.049+0.51+0.029 ms clock, 0.19+0.77/0.42/0+0.11 ms cpu, 3->3->1 MB, 4 MB goal, 0 MB stacks, 0 MB globals, 4 P
gc 5056 @59.387s 3%: 0.065+0.67+0.035 ms clock, 0.26+0.51/0.56/0+0.14 ms cpu, 3->3->1 MB, 4 MB goal, 0 MB stacks, 0 MB globals, 4 P
gc 5057 @59.392s 3%: 0.057+2.2+0.061 ms clock, 0.23+0.64/1.6/0+0.24 ms cpu, 3->3->1 MB, 4 MB goal, 0 MB stacks, 0 MB globals, 4 P
gc 5058 @59.397s 3%: 0.092+1.0+0.076 ms clock, 0.36+0.67/0.64/0+0.30 ms cpu, 3->3->1 MB, 4 MB goal, 0 MB stacks, 0 MB globals, 4 P
gc 5059 @59.403s 3%: 0.029+2.9+0.049 ms clock, 0.11+2.4/0.79/0+0.19 ms cpu, 3->4->1 MB, 4 MB goal, 0 MB stacks, 0 MB globals, 4 P
gc 5060 @59.408s 3%: 0.055+1.0+0.029 ms clock, 0.22+0.57/0.76/0+0.11 ms cpu, 3->3->1 MB, 4 MB goal, 0 MB stacks, 0 MB globals, 4 P
gc 5061 @59.413s 3%: 0.058+0.64+0.027 ms clock, 0.23+0.44/0.56/0+0.10 ms cpu, 3->3->1 MB, 4 MB goal, 0 MB stacks, 0 MB globals, 4 P
gc 5062 @59.418s 3%: 0.063+0.99+0.068 ms clock, 0.25+0.64/0.76/0+0.27 ms cpu, 3->3->1 MB, 4 MB goal, 0 MB stacks, 0 MB globals, 4 P
gc 5063 @59.423s 3%: 0.081+0.68+0.023 ms clock, 0.32+0.73/0.55/0+0.092 ms cpu, 3->3->1 MB, 4 MB goal, 0 MB stacks, 0 MB globals, 4 P
gc 5064 @59.428s 3%: 0.92+0.67+0.045 ms clock, 3.7+0.47/1.4/0+0.18 ms cpu, 3->3->1 MB, 4 MB goal, 0 MB stacks, 0 MB globals, 4 P
gc 5065 @59.433s 3%: 0.070+1.6+0.079 ms clock, 0.28+0.77/0.37/0.026+0.31 ms cpu, 3->3->1 MB, 4 MB goal, 0 MB stacks, 0 MB globals, 4 P
gc 5066 @59.438s 3%: 0.038+1.6+0.006 ms clock, 0.15+1.7/0.90/0+0.024 ms cpu, 3->3->1 MB, 4 MB goal, 0 MB stacks, 0 MB globals, 4 P
gc 5067 @59.443s 3%: 0.072+1.2+0.079 ms clock, 0.28+0.72/0.49/0+0.31 ms cpu, 3->3->1 MB, 4 MB goal, 0 MB stacks, 0 MB globals, 4 P
gc 5068 @59.448s 3%: 0.094+1.0+0.019 ms clock, 0.37+0.48/0.55/0+0.079 ms cpu, 3->3->1 MB, 4 MB goal, 0 MB stacks, 0 MB globals, 4 P
gc 5069 @59.453s 3%: 0.094+0.85+0.050 ms clock, 0.37+0.42/0.65/0+0.20 ms cpu, 3->3->1 MB, 4 MB goal, 0 MB stacks, 0 MB globals, 4 P
gc 5070 @59.458s 3%: 0.047+1.2+0.098 ms clock, 0.18+0.51/0.49/0+0.39 ms cpu, 3->3->1 MB, 4 MB goal, 0 MB stacks, 0 MB globals, 4 P
gc 5071 @59.463s 3%: 0.11+1.3+0.061 ms clock, 0.45+0.40/0.59/0+0.24 ms cpu, 3->3->1 MB, 4 MB goal, 0 MB stacks, 0 MB globals, 4 P
gc 5072 @59.468s 3%: 0.080+0.61+0.005 ms clock, 0.32+0.62/0.52/0+0.022 ms cpu, 3->3->1 MB, 4 MB goal, 0 MB stacks, 0 MB globals, 4 P
gc 5073 @59.474s 3%: 0.048+1.6+0.049 ms clock, 0.19+0.31/0.72/0+0.19 ms cpu, 3->3->1 MB, 4 MB goal, 0 MB stacks, 0 MB globals, 4 P
gc 5074 @59.479s 3%: 0.084+0.84+0.078 ms clock, 0.33+0.58/0.50/0+0.31 ms cpu, 3->3->1 MB, 4 MB goal, 0 MB stacks, 0 MB globals, 4 P
gc 5075 @59.484s 3%: 0.049+1.7+0.026 ms clock, 0.19+0.62/0.52/0+0.10 ms cpu, 3->3->1 MB, 4 MB goal, 0 MB stacks, 0 MB globals, 4 P
gc 5076 @59.489s 3%: 0.048+1.6+0.017 ms clock, 0.19+0.29/0.68/0+0.071 ms cpu, 3->3->1 MB, 4 MB goal, 0 MB stacks, 0 MB globals, 4 P
gc 5077 @59.494s 3%: 0.11+0.68+0.014 ms clock, 0.44+0.83/0.42/0+0.056 ms cpu, 3->3->1 MB, 4 MB goal, 0 MB stacks, 0 MB globals, 4 P
gc 5078 @59.499s 3%: 0.34+0.50+0.024 ms clock, 1.3+0.30/0.75/0+0.099 ms cpu, 3->3->1 MB, 4 MB goal, 0 MB stacks, 0 MB globals, 4 P
gc 5079 @59.504s 3%: 0.048+2.6+0.037 ms clock, 0.19+0.47/0.52/0+0.15 ms cpu, 3->3->1 MB, 4 MB goal, 0 MB stacks, 0 MB globals, 4 P
gc 5080 @59.510s 3%: 0.072+0.67+0.063 ms clock, 0.28+0.40/0.37/0.10+0.25 ms cpu, 3->3->1 MB, 4 MB goal, 0 MB stacks, 0 MB globals, 4 P
gc 5081 @59.514s 3%: 0.059+2.4+0.035 ms clock, 0.23+0.32/0.57/0+0.14 ms cpu, 3->3->1 MB, 4 MB goal, 0 MB stacks, 0 MB globals, 4 P
gc 5082 @59.520s 3%: 0.056+1.7+0.033 ms clock, 0.22+0.84/0.47/0+0.13 ms cpu, 3->3->1 MB, 4 MB goal, 0 MB stacks, 0 MB globals, 4 P
gc 5083 @59.525s 3%: 0.060+1.2+0.017 ms clock, 0.24+0.58/0.55/0+0.071 ms cpu, 3->3->1 MB, 4 MB goal, 0 MB stacks, 0 MB globals, 4 P
gc 5084 @59.530s 3%: 0.057+0.82+0.040 ms clock, 0.22+1.1/0.061/0+0.16 ms cpu, 3->3->1 MB, 4 MB goal, 0 MB stacks, 0 MB globals, 4 P
gc 5085 @59.535s 3%: 0.042+1.4+0.003 ms clock, 0.17+0.40/0.72/0+0.012 ms cpu, 3->3->1 MB, 4 MB goal, 0 MB stacks, 0 MB globals, 4 P
gc 5086 @59.540s 3%: 0.070+1.1+0.044 ms clock, 0.28+0.59/0.59/0+0.17 ms cpu, 3->3->1 MB, 4 MB goal, 0 MB stacks, 0 MB globals, 4 P
gc 5087 @59.545s 3%: 0.050+1.7+0.049 ms clock, 0.20+0.79/1.6/0+0.19 ms cpu, 3->3->1 MB, 4 MB goal, 0 MB stacks, 0 MB globals, 4 P
gc 5088 @59.550s 3%: 0.078+1.8+0.047 ms clock, 0.31+0.99/1.2/0+0.19 ms cpu, 3->3->1 MB, 4 MB goal, 0 MB stacks, 0 MB globals, 4 P
gc 5089 @59.555s 3%: 0.27+1.5+0.034 ms clock, 1.1+0.53/1.1/0+0.13 ms cpu, 3->3->1 MB, 4 MB goal, 0 MB stacks, 0 MB globals, 4 P
gc 5090 @59.561s 3%: 0.070+0.77+0.038 ms clock, 0.28+0.83/0.66/0+0.15 ms cpu, 3->3->1 MB, 4 MB goal, 0 MB stacks, 0 MB globals, 4 P
gc 5091 @59.566s 3%: 0.067+0.81+0.027 ms clock, 0.26+0.59/0.53/0+0.11 ms cpu, 3->3->1 MB, 4 MB goal, 0 MB stacks, 0 MB globals, 4 P
gc 5092 @59.570s 3%: 0.074+0.52+0.033 ms clock, 0.29+0.88/0.41/0+0.13 ms cpu, 3->3->1 MB, 4 MB goal, 0 MB stacks, 0 MB globals, 4 P
gc 5093 @59.575s 3%: 0.37+1.1+0.043 ms clock, 1.4+0.58/1.3/0.005+0.17 ms cpu, 3->3->1 MB, 4 MB goal, 0 MB stacks, 0 MB globals, 4 P
gc 5094 @59.580s 3%: 0.48+1.1+0.010 ms clock, 1.9+0.45/0.79/0+0.043 ms cpu, 3->3->1 MB, 4 MB goal, 0 MB stacks, 0 MB globals, 4 P
gc 5095 @59.586s 3%: 0.43+1.4+0.059 ms clock, 1.7+0.37/0.95/0+0.23 ms cpu, 3->3->1 MB, 4 MB goal, 0 MB stacks, 0 MB globals, 4 P
gc 5096 @59.591s 3%: 0.079+1.3+0.033 ms clock, 0.31+0.35/0.74/0+0.13 ms cpu, 3->3->1 MB, 4 MB goal, 0 MB stacks, 0 MB globals, 4 P
gc 5097 @59.596s 3%: 0.053+1.0+0.083 ms clock, 0.21+0.76/0.57/0+0.33 ms cpu, 3->3->1 MB, 4 MB goal, 0 MB stacks, 0 MB globals, 4 P
gc 5098 @59.601s 3%: 0.096+0.85+0.063 ms clock, 0.38+0.72/0.63/0+0.25 ms cpu, 3->3->1 MB, 4 MB goal, 0 MB stacks, 0 MB globals, 4 P
gc 5099 @59.606s 3%: 0.10+0.74+0.030 ms clock, 0.40+0.54/0.57/0+0.12 ms cpu, 3->3->1 MB, 4 MB goal, 0 MB stacks, 0 MB globals, 4 P
gc 5100 @59.611s 3%: 0.049+1.7+0.068 ms clock, 0.19+0.60/0.90/0+0.27 ms cpu, 3->3->1 MB, 4 MB goal, 0 MB stacks, 0 MB globals, 4 P
gc 5101 @59.616s 3%: 0.060+1.2+0.052 ms clock, 0.24+0.88/0.49/0+0.20 ms cpu, 3->3->1 MB, 4 MB goal, 0 MB stacks, 0 MB globals, 4 P
gc 5102 @59.621s 3%: 0.058+1.4+0.034 ms clock, 0.23+0.040/0.79/0+0.13 ms cpu, 3->3->1 MB, 4 MB goal, 0 MB stacks, 0 MB globals, 4 P
gc 5103 @59.626s 3%: 0.30+0.59+0.060 ms clock, 1.2+0.46/0.73/0+0.24 ms cpu, 3->3->1 MB, 4 MB goal, 0 MB stacks, 0 MB globals, 4 P
gc 5104 @59.631s 3%: 0.10+0.70+0.053 ms clock, 0.40+0.68/0.57/0+0.21 ms cpu, 3->3->1 MB, 4 MB goal, 0 MB stacks, 0 MB globals, 4 P
gc 5105 @59.636s 3%: 0.043+1.0+0.074 ms clock, 0.17+0.59/0.57/0+0.29 ms cpu, 3->3->1 MB, 4 MB goal, 0 MB stacks, 0 MB globals, 4 P
gc 5106 @59.641s 3%: 0.049+0.54+0.024 ms clock, 0.19+0.87/0.44/0+0.099 ms cpu, 3->3->1 MB, 4 MB goal, 0 MB stacks, 0 MB globals, 4 P
gc 5107 @59.646s 3%: 0.073+0.60+0.036 ms clock, 0.29+0.99/0.52/0+0.14 ms cpu, 3->3->1 MB, 4 MB goal, 0 MB stacks, 0 MB globals, 4 P
gc 5108 @59.651s 3%: 0.034+0.62+0.019 ms clock, 0.13+0.57/0.49/0+0.079 ms cpu, 3->3->1 MB, 4 MB goal, 0 MB stacks, 0 MB globals, 4 P
gc 5109 @59.656s 3%: 0.35+1.5+0.059 ms clock, 1.4+0.67/1.3/0.003+0.23 ms cpu, 3->3->1 MB, 4 MB goal, 0 MB stacks, 0 MB globals, 4 P
gc 5110 @59.662s 3%: 0.033+0.85+0.026 ms clock, 0.13+0.30/0.75/0.66+0.10 ms cpu, 3->3->1 MB, 4 MB goal, 0 MB stacks, 0 MB globals, 4 P
gc 5111 @59.667s 3%: 0.037+2.1+0.024 ms clock, 0.14+0.95/1.8/0+0.098 ms cpu, 3->3->1 MB, 4 MB goal, 0 MB stacks, 0 MB globals, 4 P
gc 5112 @59.672s 3%: 0.060+1.4+0.053 ms clock, 0.24+0.54/0.51/0+0.21 ms cpu, 3->3->1 MB, 4 MB goal, 0 MB stacks, 0 MB globals, 4 P
gc 5113 @59.677s 3%: 0.046+0.63+0.022 ms clock, 0.18+0.79/0.52/0+0.090 ms cpu, 3->3->1 MB, 4 MB goal, 0 MB stacks, 0 MB globals, 4 P
gc 5114 @59.682s 3%: 0.053+0.76+0.042 ms clock, 0.21+0.72/0.62/0+0.16 ms cpu, 3->3->1 MB, 4 MB goal, 0 MB stacks, 0 MB globals, 4 P
gc 5115 @59.687s 3%: 0.041+1.3+0.064 ms clock, 0.16+1.3/0/0+0.25 ms cpu, 3->3->1 MB, 4 MB goal, 0 MB stacks, 0 MB globals, 4 P
gc 5116 @59.692s 3%: 0.072+2.1+0.013 ms clock, 0.28+0.99/0.099/0+0.054 ms cpu, 3->3->1 MB, 4 MB goal, 0 MB stacks, 0 MB globals, 4 P
gc 5117 @59.697s 3%: 0.049+1.8+0.065 ms clock, 0.19+1.1/1.0/0+0.26 ms cpu, 3->3->1 MB, 4 MB goal, 0 MB stacks, 0 MB globals, 4 P
gc 5118 @59.702s 3%: 0.051+0.65+0.025 ms clock, 0.20+1.0/0.28/0+0.10 ms cpu, 3->3->1 MB, 4 MB goal, 0 MB stacks, 0 MB globals, 4 P
gc 5119 @59.707s 3%: 0.090+1.1+0.031 ms clock, 0.36+0.34/0.69/0+0.12 ms cpu, 3->3->1 MB, 4 MB goal, 0 MB stacks, 0 MB globals, 4 P
gc 5120 @59.712s 3%: 0.34+1.3+0.029 ms clock, 1.3+0.51/1.5/0.007+0.11 ms cpu, 3->3->1 MB, 4 MB goal, 0 MB stacks, 0 MB globals, 4 P
gc 5121 @59.717s 3%: 0.040+0.59+0.048 ms clock, 0.16+0.80/0.46/0+0.19 ms cpu, 3->3->1 MB, 4 MB goal, 0 MB stacks, 0 MB globals, 4 P
gc 5122 @59.722s 3%: 0.063+0.85+0.059 ms clock, 0.25+0.85/0.63/0+0.23 ms cpu, 3->3->1 MB, 4 MB goal, 0 MB stacks, 0 MB globals, 4 P
gc 5123 @59.727s 3%: 1.7+0.99+0.094 ms clock, 7.0+0.36/1.9/0+0.37 ms cpu, 3->3->1 MB, 4 MB goal, 0 MB stacks, 0 MB globals, 4 P
gc 5124 @59.732s 3%: 0.059+0.54+0.026 ms clock, 0.23+0.65/0.45/0+0.10 ms cpu, 3->3->1 MB, 4 MB goal, 0 MB stacks, 0 MB globals, 4 P
gc 5125 @59.737s 3%: 0.021+0.75+0.060 ms clock, 0.086+0.85/0.60/0+0.24 ms cpu, 3->3->1 MB, 4 MB goal, 0 MB stacks, 0 MB globals, 4 P
gc 5126 @59.742s 3%: 0.059+0.67+0.034 ms clock, 0.23+0.77/0.60/0+0.13 ms cpu, 3->3->1 MB, 4 MB goal, 0 MB stacks, 0 MB globals, 4 P
gc 5127 @59.747s 3%: 0.047+0.87+0.034 ms clock, 0.19+0.70/0.69/0+0.13 ms cpu, 3->3->1 MB, 4 MB goal, 0 MB stacks, 0 MB globals, 4 P
gc 5128 @59.752s 3%: 0.39+1.7+0.006 ms clock, 1.5+0.36/1.5/0.13+0.026 ms cpu, 3->3->1 MB, 4 MB goal, 0 MB stacks, 0 MB globals, 4 P
gc 5129 @59.757s 3%: 0.034+0.80+0.034 ms clock, 0.13+0.59/0.67/0+0.13 ms cpu, 3->3->1 MB, 4 MB goal, 0 MB stacks, 0 MB globals, 4 P
gc 5130 @59.762s 3%: 0.060+1.0+0.097 ms clock, 0.24+0.83/0.58/0+0.39 ms cpu, 3->3->1 MB, 4 MB goal, 0 MB stacks, 0 MB globals, 4 P
gc 5131 @59.767s 3%: 0.36+0.81+0.049 ms clock, 1.4+0.53/0.95/0+0.19 ms cpu, 3->3->1 MB, 4 MB goal, 0 MB stacks, 0 MB globals, 4 P
gc 5132 @59.772s 3%: 0.090+0.78+0.033 ms clock, 0.36+0.66/0.65/0+0.13 ms cpu, 3->3->1 MB, 4 MB goal, 0 MB stacks, 0 MB globals, 4 P
gc 5133 @59.777s 3%: 0.043+2.1+0.032 ms clock, 0.17+0.45/1.0/0+0.12 ms cpu, 3->4->1 MB, 4 MB goal, 0 MB stacks, 0 MB globals, 4 P
gc 5134 @59.782s 3%: 0.36+1.4+0.008 ms clock, 1.4+0.20/0.98/0+0.032 ms cpu, 3->3->1 MB, 4 MB goal, 0 MB stacks, 0 MB globals, 4 P
gc 5135 @59.787s 3%: 0.064+1.0+0.029 ms clock, 0.25+0.82/0.48/0+0.11 ms cpu, 3->3->1 MB, 4 MB goal, 0 MB stacks, 0 MB globals, 4 P
gc 5136 @59.792s 3%: 0.093+1.4+0.020 ms clock, 0.37+0.66/0.52/0+0.081 ms cpu, 3->3->1 MB, 4 MB goal, 0 MB stacks, 0 MB globals, 4 P
gc 5137 @59.797s 3%: 0.042+1.9+0.010 ms clock, 0.16+0.53/0.61/0+0.040 ms cpu, 3->3->1 MB, 4 MB goal, 0 MB stacks, 0 MB globals, 4 P
gc 5138 @59.803s 3%: 0.041+0.59+0.055 ms clock, 0.16+0.89/0.47/0+0.22 ms cpu, 3->3->1 MB, 4 MB goal, 0 MB stacks, 0 MB globals, 4 P
gc 5139 @59.807s 3%: 0.066+0.83+0.019 ms clock, 0.26+0.40/0.69/0+0.077 ms cpu, 3->3->1 MB, 4 MB goal, 0 MB stacks, 0 MB globals, 4 P
gc 5140 @59.812s 3%: 0.073+1.0+0.045 ms clock, 0.29+1.0/0.99/0+0.18 ms cpu, 3->3->1 MB, 4 MB goal, 0 MB stacks, 0 MB globals, 4 P
gc 5141 @59.817s 3%: 0.035+1.1+0.020 ms clock, 0.14+0.64/0.48/0+0.082 ms cpu, 3->3->1 MB, 4 MB goal, 0 MB stacks, 0 MB globals, 4 P
gc 5142 @59.822s 3%: 0.041+2.1+0.024 ms clock, 0.16+0.73/1.5/0+0.098 ms cpu, 3->3->1 MB, 4 MB goal, 0 MB stacks, 0 MB globals, 4 P
gc 5143 @59.827s 3%: 0.34+0.75+0.069 ms clock, 1.3+1.2/0.53/0+0.27 ms cpu, 3->3->1 MB, 4 MB goal, 0 MB stacks, 0 MB globals, 4 P
gc 5144 @59.833s 3%: 0.045+0.68+0.045 ms clock, 0.18+0.84/0.50/0+0.18 ms cpu, 3->3->1 MB, 4 MB goal, 0 MB stacks, 0 MB globals, 4 P
gc 5145 @59.838s 3%: 0.036+1.7+0.073 ms clock, 0.14+0.49/0.77/0.060+0.29 ms cpu, 3->3->1 MB, 4 MB goal, 0 MB stacks, 0 MB globals, 4 P
gc 5146 @59.843s 3%: 0.046+0.62+0.048 ms clock, 0.18+0.58/0.48/0+0.19 ms cpu, 3->3->1 MB, 4 MB goal, 0 MB stacks, 0 MB globals, 4 P
gc 5147 @59.848s 3%: 0.31+2.1+0.045 ms clock, 1.2+0.65/1.9/0.020+0.18 ms cpu, 3->4->1 MB, 4 MB goal, 0 MB stacks, 0 MB globals, 4 P
gc 5148 @59.853s 3%: 0.073+1.2+0.053 ms clock, 0.29+0.63/0.51/0+0.21 ms cpu, 3->3->1 MB, 4 MB goal, 0 MB stacks, 0 MB globals, 4 P
gc 5149 @59.858s 3%: 0.28+0.97+0.060 ms clock, 1.1+0.51/0.53/0+0.24 ms cpu, 3->3->1 MB, 4 MB goal, 0 MB stacks, 0 MB globals, 4 P
gc 5150 @59.863s 3%: 0.045+1.9+0.062 ms clock, 0.18+0.74/1.5/0+0.24 ms cpu, 3->3->1 MB, 4 MB goal, 0 MB stacks, 0 MB globals, 4 P
gc 5151 @59.868s 3%: 0.046+1.1+0.066 ms clock, 0.18+1.0/0/0+0.26 ms cpu, 3->3->1 MB, 4 MB goal, 0 MB stacks, 0 MB globals, 4 P
gc 5152 @59.873s 3%: 0.063+0.92+0.039 ms clock, 0.25+0.73/0.75/0+0.15 ms cpu, 3->3->1 MB, 4 MB goal, 0 MB stacks, 0 MB globals, 4 P
gc 5153 @59.878s 3%: 0.095+1.7+0.055 ms clock, 0.38+0.44/0.69/0+0.22 ms cpu, 3->3->1 MB, 4 MB goal, 0 MB stacks, 0 MB globals, 4 P
gc 5154 @59.884s 3%: 0.076+1.3+0.018 ms clock, 0.30+0.34/0.64/0+0.075 ms cpu, 3->3->1 MB, 4 MB goal, 0 MB stacks, 0 MB globals, 4 P
gc 5155 @59.889s 3%: 0.056+1.3+0.039 ms clock, 0.22+0.59/0.83/0+0.15 ms cpu, 3->3->1 MB, 4 MB goal, 0 MB stacks, 0 MB globals, 4 P
gc 5156 @59.894s 3%: 0.047+1.3+0.063 ms clock, 0.18+0.48/0.51/0+0.25 ms cpu, 3->3->1 MB, 4 MB goal, 0 MB stacks, 0 MB globals, 4 P
gc 5157 @59.899s 3%: 0.079+0.64+0.070 ms clock, 0.31+0.68/0.51/0+0.28 ms cpu, 3->3->1 MB, 4 MB goal, 0 MB stacks, 0 MB globals, 4 P
gc 5158 @59.904s 3%: 0.063+0.94+0.029 ms clock, 0.25+0.53/0.67/0+0.11 ms cpu, 3->3->1 MB, 4 MB goal, 0 MB stacks, 0 MB globals, 4 P
gc 5159 @59.909s 3%: 0.070+0.82+0.068 ms clock, 0.28+0.50/0.51/0+0.27 ms cpu, 3->3->1 MB, 4 MB goal, 0 MB stacks, 0 MB globals, 4 P
gc 5160 @59.914s 3%: 0.066+0.63+0.060 ms clock, 0.26+0.75/0.52/0+0.24 ms cpu, 3->3->1 MB, 4 MB goal, 0 MB stacks, 0 MB globals, 4 P
gc 5161 @59.919s 3%: 0.063+0.85+0.045 ms clock, 0.25+0.65/0.70/0+0.18 ms cpu, 3->3->1 MB, 4 MB goal, 0 MB stacks, 0 MB globals, 4 P
gc 5162 @59.924s 3%: 0.35+1.0+0.080 ms clock, 1.4+0.44/0.80/0+0.32 ms cpu, 3->3->1 MB, 4 MB goal, 0 MB stacks, 0 MB globals, 4 P
gc 5163 @59.930s 3%: 0.051+0.72+0.062 ms clock, 0.20+0.82/0.57/0+0.24 ms cpu, 3->3->1 MB, 4 MB goal, 0 MB stacks, 0 MB globals, 4 P
gc 5164 @59.935s 3%: 0.079+1.3+0.024 ms clock, 0.31+0.39/0.77/0+0.098 ms cpu, 3->3->1 MB, 4 MB goal, 0 MB stacks, 0 MB globals, 4 P
gc 5165 @59.940s 3%: 0.045+1.3+0.033 ms clock, 0.18+0.56/0.55/0+0.13 ms cpu, 3->3->1 MB, 4 MB goal, 0 MB stacks, 0 MB globals, 4 P
gc 5166 @59.945s 3%: 0.37+0.94+0.081 ms clock, 1.4+0.68/0.91/0+0.32 ms cpu, 3->3->1 MB, 4 MB goal, 0 MB stacks, 0 MB globals, 4 P
gc 5167 @59.950s 3%: 0.070+0.59+0.034 ms clock, 0.28+0.54/0.52/0+0.13 ms cpu, 3->3->1 MB, 4 MB goal, 0 MB stacks, 0 MB globals, 4 P
gc 5168 @59.955s 3%: 0.10+1.6+0.011 ms clock, 0.42+0.67/0.54/0+0.047 ms cpu, 3->3->1 MB, 4 MB goal, 0 MB stacks, 0 MB globals, 4 P
gc 5169 @59.961s 3%: 0.054+0.63+0.033 ms clock, 0.21+0.68/0.49/0+0.13 ms cpu, 3->3->1 MB, 4 MB goal, 0 MB stacks, 0 MB globals, 4 P
gc 5170 @59.966s 3%: 0.065+0.58+0.005 ms clock, 0.26+0.70/0.49/0+0.020 ms cpu, 3->3->1 MB, 4 MB goal, 0 MB stacks, 0 MB globals, 4 P
gc 5171 @59.970s 3%: 0.042+0.54+0.060 ms clock, 0.16+0.69/0.45/0+0.24 ms cpu, 3->3->1 MB, 4 MB goal, 0 MB stacks, 0 MB globals, 4 P
gc 5172 @59.976s 3%: 0.053+0.80+0.052 ms clock, 0.21+0.68/0.61/0+0.20 ms cpu, 3->3->1 MB, 4 MB goal, 0 MB stacks, 0 MB globals, 4 P
gc 5173 @59.981s 3%: 0.061+1.5+0.016 ms clock, 0.24+0.51/0.56/0+0.067 ms cpu, 3->3->1 MB, 4 MB goal, 0 MB stacks, 0 MB globals, 4 P
gc 5174 @59.986s 3%: 0.073+0.59+0.020 ms clock, 0.29+0.77/0.48/0+0.082 ms cpu, 3->3->1 MB, 4 MB goal, 0 MB stacks, 0 MB globals, 4 P
gc 5175 @59.991s 3%: 0.049+2.7+0.019 ms clock, 0.19+0.60/0.65/0+0.076 ms cpu, 3->4->1 MB, 4 MB goal, 0 MB stacks, 0 MB globals, 4 P
gc 5176 @59.997s 3%: 0.068+0.92+0.008 ms clock, 0.27+0.49/0.42/0+0.033 ms cpu, 3->3->1 MB, 4 MB goal, 0 MB stacks, 0 MB globals, 4 P
gc 5177 @60.002s 3%: 0.077+1.0+0.003 ms clock, 0.30+0.43/0.65/0+0.015 ms cpu, 3->3->1 MB, 4 MB goal, 0 MB stacks, 0 MB globals, 4 P
gc 5178 @60.007s 3%: 0.036+0.66+0.021 ms clock, 0.14+0.77/0.52/0+0.087 ms cpu, 3->3->1 MB, 4 MB goal, 0 MB stacks, 0 MB globals, 4 P
gc 5179 @60.012s 3%: 0.080+0.70+0.026 ms clock, 0.32+0.84/0.62/0+0.10 ms cpu, 3->3->1 MB, 4 MB goal, 0 MB stacks, 0 MB globals, 4 P
gc 5180 @60.017s 3%: 0.078+0.82+0.044 ms clock, 0.31+0.36/0.55/0+0.17 ms cpu, 3->3->1 MB, 4 MB goal, 0 MB stacks, 0 MB globals, 4 P
gc 5181 @60.022s 3%: 2.6+0.27+0.028 ms clock, 10+0.36/2.7/0+0.11 ms cpu, 3->3->1 MB, 4 MB goal, 0 MB stacks, 0 MB globals, 4 P
gc 5182 @60.027s 3%: 0.073+0.62+0.039 ms clock, 0.29+0.87/0.49/0+0.15 ms cpu, 3->3->1 MB, 4 MB goal, 0 MB stacks, 0 MB globals, 4 P
gc 5183 @60.032s 3%: 0.033+0.61+0.020 ms clock, 0.13+0.82/0.45/0+0.082 ms cpu, 3->3->1 MB, 4 MB goal, 0 MB stacks, 0 MB globals, 4 P
gc 5184 @60.037s 3%: 1.1+0.19+0.042 ms clock, 4.4+0.74/1.1/0+0.17 ms cpu, 3->3->1 MB, 4 MB goal, 0 MB stacks, 0 MB globals, 4 P
gc 5185 @60.042s 3%: 0.049+1.1+0.003 ms clock, 0.19+0.56/0.50/0+0.015 ms cpu, 3->3->1 MB, 4 MB goal, 0 MB stacks, 0 MB globals, 4 P
gc 5186 @60.047s 3%: 0.059+2.1+0.069 ms clock, 0.23+0.99/2.0/0+0.27 ms cpu, 3->3->1 MB, 4 MB goal, 0 MB stacks, 0 MB globals, 4 P
gc 5187 @60.052s 3%: 0.10+0.72+0.003 ms clock, 0.43+0.99/0.43/0+0.014 ms cpu, 3->3->1 MB, 4 MB goal, 0 MB stacks, 0 MB globals, 4 P
gc 5188 @60.057s 3%: 0.049+1.5+0.089 ms clock, 0.19+0.49/0.57/0+0.35 ms cpu, 3->3->1 MB, 4 MB goal, 0 MB stacks, 0 MB globals, 4 P
gc 5189 @60.063s 3%: 0.087+1.4+0.027 ms clock, 0.35+0.49/0.67/0+0.10 ms cpu, 3->3->1 MB, 4 MB goal, 0 MB stacks, 0 MB globals, 4 P
gc 5190 @60.068s 3%: 0.097+1.4+0.038 ms clock, 0.38+0.54/0.54/0+0.15 ms cpu, 3->3->1 MB, 4 MB goal, 0 MB stacks, 0 MB globals, 4 P
gc 5191 @60.073s 3%: 0.056+1.3+0.027 ms clock, 0.22+0.52/0.45/0+0.11 ms cpu, 3->3->1 MB, 4 MB goal, 0 MB stacks, 0 MB globals, 4 P
gc 5192 @60.078s 3%: 0.090+0.78+0.055 ms clock, 0.36+0.82/0.66/0+0.22 ms cpu, 3->3->1 MB, 4 MB goal, 0 MB stacks, 0 MB globals, 4 P
gc 5193 @60.083s 3%: 0.039+0.83+0.042 ms clock, 0.15+0.64/0.68/0+0.16 ms cpu, 3->3->1 MB, 4 MB goal, 0 MB stacks, 0 MB globals, 4 P
gc 5194 @60.088s 3%: 0.061+1.6+0.045 ms clock, 0.24+1.1/0.002/0+0.18 ms cpu, 3->3->1 MB, 4 MB goal, 0 MB stacks, 0 MB globals, 4 P
gc 5195 @60.093s 3%: 0.087+1.0+0.016 ms clock, 0.35+0.54/0.52/0+0.066 ms cpu, 3->3->1 MB, 4 MB goal, 0 MB stacks, 0 MB globals, 4 P
gc 5196 @60.098s 3%: 0.078+1.3+0.076 ms clock, 0.31+0.60/1.2/0+0.30 ms cpu, 3->3->1 MB, 4 MB goal, 0 MB stacks, 0 MB globals, 4 P
gc 5197 @60.103s 3%: 0.072+1.5+0.060 ms clock, 0.28+0.73/0.61/0+0.24 ms cpu, 3->3->1 MB, 4 MB goal, 0 MB stacks, 0 MB globals, 4 P
gc 5198 @60.108s 3%: 1.5+0.58+0.026 ms clock, 6.1+0.68/1.5/0+0.10 ms cpu, 3->3->1 MB, 4 MB goal, 0 MB stacks, 0 MB globals, 4 P
gc 5199 @60.113s 3%: 0.081+1.8+0.006 ms clock, 0.32+0.30/0.58/0+0.025 ms cpu, 3->3->1 MB, 4 MB goal, 0 MB stacks, 0 MB globals, 4 P
gc 5200 @60.119s 3%: 0.084+0.62+0.021 ms clock, 0.33+0.83/0.53/0+0.086 ms cpu, 3->3->1 MB, 4 MB goal, 0 MB stacks, 0 MB globals, 4 P
gc 5201 @60.124s 3%: 0.037+2.1+0.038 ms clock, 0.14+0.21/0.62/0+0.15 ms cpu, 3->3->1 MB, 4 MB goal, 0 MB stacks, 0 MB globals, 4 P
gc 5202 @60.129s 3%: 0.070+0.80+0.023 ms clock, 0.28+0.59/0.64/0+0.094 ms cpu, 3->3->1 MB, 4 MB goal, 0 MB stacks, 0 MB globals, 4 P
gc 5203 @60.134s 3%: 0.34+0.87+0.057 ms clock, 1.3+0.42/0.96/0+0.22 ms cpu, 3->3->1 MB, 4 MB goal, 0 MB stacks, 0 MB globals, 4 P
gc 5204 @60.139s 3%: 0.082+0.50+0.054 ms clock, 0.33+0.74/0.41/0+0.21 ms cpu, 3->3->1 MB, 4 MB goal, 0 MB stacks, 0 MB globals, 4 P
gc 5205 @60.144s 3%: 0.31+1.9+0.059 ms clock, 1.2+0.55/1.7/0.023+0.23 ms cpu, 3->3->1 MB, 4 MB goal, 0 MB stacks, 0 MB globals, 4 P
gc 5206 @60.149s 3%: 0.070+1.6+0.009 ms clock, 0.28+0.63/0.52/0+0.036 ms cpu, 3->3->1 MB, 4 MB goal, 0 MB stacks, 0 MB globals, 4 P
gc 5207 @60.155s 3%: 0.087+1.5+0.059 ms clock, 0.34+0.53/0.71/0+0.23 ms cpu, 3->3->1 MB, 4 MB goal, 0 MB stacks, 0 MB globals, 4 P
gc 5208 @60.160s 3%: 0.060+1.2+0.037 ms clock, 0.24+0.69/0.53/0+0.14 ms cpu, 3->3->1 MB, 4 MB goal, 0 MB stacks, 0 MB globals, 4 P
gc 5209 @60.165s 3%: 0.085+1.6+0.029 ms clock, 0.34+1.6/0.51/0+0.11 ms cpu, 3->3->1 MB, 4 MB goal, 0 MB stacks, 0 MB globals, 4 P
gc 5210 @60.170s 3%: 0.057+0.57+0.022 ms clock, 0.23+0.86/0.48/0+0.089 ms cpu, 3->3->1 MB, 4 MB goal, 0 MB stacks, 0 MB globals, 4 P
gc 5211 @60.175s 3%: 0.064+0.71+0.044 ms clock, 0.25+0.71/0.58/0+0.17 ms cpu, 3->3->1 MB, 4 MB goal, 0 MB stacks, 0 MB globals, 4 P
gc 5212 @60.179s 3%: 0.066+1.6+0.084 ms clock, 0.26+0.59/0.56/0+0.33 ms cpu, 3->3->1 MB, 4 MB goal, 0 MB stacks, 0 MB globals, 4 P
gc 5213 @60.185s 3%: 0.067+1.8+0.037 ms clock, 0.26+0.75/0.56/0+0.15 ms cpu, 3->3->1 MB, 4 MB goal, 0 MB stacks, 0 MB globals, 4 P
gc 5214 @60.190s 3%: 0.10+0.82+0.020 ms clock, 0.42+0.62/0.74/0+0.081 ms cpu, 3->3->1 MB, 4 MB goal, 0 MB stacks, 0 MB globals, 4 P
gc 5215 @60.195s 3%: 0.037+1.6+0.004 ms clock, 0.14+1.7/0.58/0+0.017 ms cpu, 3->3->1 MB, 4 MB goal, 0 MB stacks, 0 MB globals, 4 P
gc 5216 @60.200s 3%: 0.26+0.69+0.043 ms clock, 1.0+0.38/0.88/0+0.17 ms cpu, 3->3->1 MB, 4 MB goal, 0 MB stacks, 0 MB globals, 4 P
gc 5217 @60.205s 3%: 0.094+1.2+0.060 ms clock, 0.37+0.61/0.71/0+0.24 ms cpu, 3->3->1 MB, 4 MB goal, 0 MB stacks, 0 MB globals, 4 P
gc 5218 @60.210s 3%: 0.063+1.8+0.004 ms clock, 0.25+0.50/0.53/0+0.016 ms cpu, 3->3->1 MB, 4 MB goal, 0 MB stacks, 0 MB globals, 4 P
gc 5219 @60.215s 3%: 0.020+1.2+0.008 ms clock, 0.080+1.2/0.62/0+0.033 ms cpu, 3->3->1 MB, 4 MB goal, 0 MB stacks, 0 MB globals, 4 P
gc 5220 @60.221s 3%: 0.039+1.9+0.010 ms clock, 0.15+0.41/0.47/0+0.042 ms cpu, 3->3->1 MB, 4 MB goal, 0 MB stacks, 0 MB globals, 4 P
gc 5221 @60.226s 3%: 0.035+1.4+0.043 ms clock, 0.14+0.56/0.71/0.004+0.17 ms cpu, 3->3->1 MB, 4 MB goal, 0 MB stacks, 0 MB globals, 4 P
gc 5222 @60.231s 3%: 0.054+0.96+0.010 ms clock, 0.21+0.67/0.48/0+0.040 ms cpu, 3->3->1 MB, 4 MB goal, 0 MB stacks, 0 MB globals, 4 P
gc 5223 @60.236s 3%: 0.051+0.64+0.065 ms clock, 0.20+0.66/0.51/0+0.26 ms cpu, 3->3->1 MB, 4 MB goal, 0 MB stacks, 0 MB globals, 4 P
gc 5224 @60.241s 3%: 0.10+0.94+0.059 ms clock, 0.40+0.73/0.61/0+0.23 ms cpu, 3->3->1 MB, 4 MB goal, 0 MB stacks, 0 MB globals, 4 P
gc 5225 @60.246s 3%: 0.056+0.83+0.035 ms clock, 0.22+0.72/0.42/0+0.14 ms cpu, 3->3->1 MB, 4 MB goal, 0 MB stacks, 0 MB globals, 4 P
gc 5226 @60.251s 3%: 0.092+1.5+0.058 ms clock, 0.37+0.53/0.43/0+0.23 ms cpu, 3->3->1 MB, 4 MB goal, 0 MB stacks, 0 MB globals, 4 P
gc 5227 @60.256s 3%: 0.043+1.5+0.056 ms clock, 0.17+0.78/0.49/0+0.22 ms cpu, 3->3->1 MB, 4 MB goal, 0 MB stacks, 0 MB globals, 4 P
gc 5228 @60.261s 3%: 0.066+0.64+0.050 ms clock, 0.26+0.75/0.54/0+0.20 ms cpu, 3->3->1 MB, 4 MB goal, 0 MB stacks, 0 MB globals, 4 P
gc 5229 @60.266s 3%: 0.10+0.63+0.022 ms clock, 0.40+0.66/0.57/0+0.091 ms cpu, 3->3->1 MB, 4 MB goal, 0 MB stacks, 0 MB globals, 4 P
gc 5230 @60.271s 3%: 0.087+0.90+0.044 ms clock, 0.34+0.62/0.76/0+0.17 ms cpu, 3->3->1 MB, 4 MB goal, 0 MB stacks, 0 MB globals, 4 P
gc 5231 @60.276s 3%: 0.053+0.96+0.035 ms clock, 0.21+0.71/0.48/0+0.14 ms cpu, 3->3->1 MB, 4 MB goal, 0 MB stacks, 0 MB globals, 4 P
gc 5232 @60.281s 3%: 0.035+1.9+0.037 ms clock, 0.14+0.56/0.44/0+0.14 ms cpu, 3->3->1 MB, 4 MB goal, 0 MB stacks, 0 MB globals, 4 P
gc 5233 @60.286s 3%: 0.053+0.81+0.072 ms clock, 0.21+0.56/0.65/0+0.28 ms cpu, 3->3->1 MB, 4 MB goal, 0 MB stacks, 0 MB globals, 4 P
gc 5234 @60.291s 3%: 0.042+1.2+0.024 ms clock, 0.17+0.56/0.78/0+0.099 ms cpu, 3->3->1 MB, 4 MB goal, 0 MB stacks, 0 MB globals, 4 P
gc 5235 @60.296s 3%: 0.046+0.78+0.020 ms clock, 0.18+0.81/0.64/0+0.082 ms cpu, 3->3->1 MB, 4 MB goal, 0 MB stacks, 0 MB globals, 4 P
gc 5236 @60.301s 3%: 0.050+1.7+0.045 ms clock, 0.20+0.48/0.49/0+0.18 ms cpu, 3->3->1 MB, 4 MB goal, 0 MB stacks, 0 MB globals, 4 P
gc 5237 @60.306s 3%: 0.38+0.89+0.052 ms clock, 1.5+0.29/0.80/0+0.20 ms cpu, 3->3->1 MB, 4 MB goal, 0 MB stacks, 0 MB globals, 4 P
gc 5238 @60.311s 3%: 0.086+0.52+0.017 ms clock, 0.34+0.69/0.46/0+0.070 ms cpu, 3->3->1 MB, 4 MB goal, 0 MB stacks, 0 MB globals, 4 P
gc 5239 @60.316s 3%: 0.066+0.86+0.027 ms clock, 0.26+0.71/0.76/0+0.11 ms cpu, 3->3->1 MB, 4 MB goal, 0 MB stacks, 0 MB globals, 4 P
gc 5240 @60.321s 3%: 0.046+0.59+0.068 ms clock, 0.18+0.80/0.50/0+0.27 ms cpu, 3->3->1 MB, 4 MB goal, 0 MB stacks, 0 MB globals, 4 P
gc 5241 @60.325s 3%: 0.072+0.52+0.028 ms clock, 0.29+0.70/0.43/0+0.11 ms cpu, 3->3->1 MB, 4 MB goal, 0 MB stacks, 0 MB globals, 4 P
gc 5242 @60.330s 3%: 0.046+2.4+0.039 ms clock, 0.18+0.83/0.69/0+0.15 ms cpu, 3->4->1 MB, 4 MB goal, 0 MB stacks, 0 MB globals, 4 P
gc 5243 @60.336s 3%: 0.042+0.72+0.058 ms clock, 0.17+0.82/0.58/0+0.23 ms cpu, 3->3->1 MB, 4 MB goal, 0 MB stacks, 0 MB globals, 4 P
gc 5244 @60.341s 3%: 0.047+0.76+0.073 ms clock, 0.19+0.82/0.58/0+0.29 ms cpu, 3->3->1 MB, 4 MB goal, 0 MB stacks, 0 MB globals, 4 P
gc 5245 @60.346s 3%: 0.096+1.0+0.041 ms clock, 0.38+0.75/0.66/0+0.16 ms cpu, 3->3->1 MB, 4 MB goal, 0 MB stacks, 0 MB globals, 4 P
gc 5246 @60.351s 3%: 0.046+0.57+0.052 ms clock, 0.18+0.85/0.45/0+0.20 ms cpu, 3->3->1 MB, 4 MB goal, 0 MB stacks, 0 MB globals, 4 P
gc 5247 @60.355s 3%: 0.055+1.6+0.009 ms clock, 0.22+0.47/0.57/0+0.039 ms cpu, 3->3->1 MB, 4 MB goal, 0 MB stacks, 0 MB globals, 4 P
gc 5248 @60.361s 3%: 0.093+0.98+0.037 ms clock, 0.37+0.71/0.82/0.12+0.14 ms cpu, 3->3->1 MB, 4 MB goal, 0 MB stacks, 0 MB globals, 4 P
gc 5249 @60.366s 3%: 0.54+0.18+0.066 ms clock, 2.1+0.69/0.59/0+0.26 ms cpu, 3->3->1 MB, 4 MB goal, 0 MB stacks, 0 MB globals, 4 P
gc 5250 @60.371s 3%: 0.068+0.65+0.023 ms clock, 0.27+0.85/0.53/0+0.094 ms cpu, 3->3->1 MB, 4 MB goal, 0 MB stacks, 0 MB globals, 4 P
gc 5251 @60.376s 3%: 0.047+0.62+0.027 ms clock, 0.19+0.62/0.55/0+0.10 ms cpu, 3->3->1 MB, 4 MB goal, 0 MB stacks, 0 MB globals, 4 P
gc 5252 @60.381s 3%: 0.054+1.6+0.088 ms clock, 0.21+0.61/1.0/0+0.35 ms cpu, 3->3->1 MB, 4 MB goal, 0 MB stacks, 0 MB globals, 4 P
gc 5253 @60.386s 3%: 0.079+0.61+0.033 ms clock, 0.31+0.52/0.55/0+0.13 ms cpu, 3->3->1 MB, 4 MB goal, 0 MB stacks, 0 MB globals, 4 P
gc 5254 @60.391s 3%: 0.043+0.68+0.046 ms clock, 0.17+0.73/0.54/0+0.18 ms cpu, 3->3->1 MB, 4 MB goal, 0 MB stacks, 0 MB globals, 4 P
gc 5255 @60.396s 3%: 0.075+0.54+0.032 ms clock, 0.30+0.71/0.42/0+0.12 ms cpu, 3->3->1 MB, 4 MB goal, 0 MB stacks, 0 MB globals, 4 P
gc 5256 @60.401s 3%: 0.26+1.4+0.021 ms clock, 1.0+0.76/1.0/0+0.086 ms cpu, 3->3->1 MB, 4 MB goal, 0 MB stacks, 0 MB globals, 4 P
gc 5257 @60.406s 3%: 0.044+1.5+0.022 ms clock, 0.17+0.46/0.64/0+0.088 ms cpu, 3->3->1 MB, 4 MB goal, 0 MB stacks, 0 MB globals, 4 P
gc 5258 @60.411s 3%: 0.077+0.49+0.029 ms clock, 0.30+0.83/0.38/0+0.11 ms cpu, 3->3->1 MB, 4 MB goal, 0 MB stacks, 0 MB globals, 4 P
gc 5259 @60.416s 3%: 0.077+0.76+0.062 ms clock, 0.31+1.1/0.001/0+0.25 ms cpu, 3->3->1 MB, 4 MB goal, 0 MB stacks, 0 MB globals, 4 P
gc 5260 @60.421s 3%: 0.093+1.7+0.067 ms clock, 0.37+0.47/1.1/0+0.27 ms cpu, 3->3->1 MB, 4 MB goal, 0 MB stacks, 0 MB globals, 4 P
gc 5261 @60.426s 3%: 0.057+0.77+0.096 ms clock, 0.23+0.72/0.54/0+0.38 ms cpu, 3->3->1 MB, 4 MB goal, 0 MB stacks, 0 MB globals, 4 P
gc 5262 @60.431s 3%: 0.099+1.2+0.097 ms clock, 0.39+0.66/0.51/0+0.38 ms cpu, 3->3->1 MB, 4 MB goal, 0 MB stacks, 0 MB globals, 4 P
gc 5263 @60.436s 3%: 0.066+1.3+0.015 ms clock, 0.26+0.40/0.61/0+0.063 ms cpu, 3->3->1 MB, 4 MB goal, 0 MB stacks, 0 MB globals, 4 P
gc 5264 @60.441s 3%: 0.090+1.2+0.091 ms clock, 0.36+0.82/1.0/0+0.36 ms cpu, 3->3->1 MB, 4 MB goal, 0 MB stacks, 0 MB globals, 4 P
gc 5265 @60.446s 3%: 0.12+1.1+0.054 ms clock, 0.48+0.80/0.47/0+0.21 ms cpu, 3->3->1 MB, 4 MB goal, 0 MB stacks, 0 MB globals, 4 P
gc 5266 @60.451s 3%: 0.046+1.0+0.026 ms clock, 0.18+0.56/0.49/0+0.10 ms cpu, 3->3->1 MB, 4 MB goal, 0 MB stacks, 0 MB globals, 4 P
gc 5267 @60.456s 3%: 0.083+1.7+0.052 ms clock, 0.33+1.0/1.0/0+0.20 ms cpu, 3->3->1 MB, 4 MB goal, 0 MB stacks, 0 MB globals, 4 P
gc 5268 @60.461s 3%: 0.053+0.95+0.024 ms clock, 0.21+0.60/0.49/0+0.098 ms cpu, 3->3->1 MB, 4 MB goal, 0 MB stacks, 0 MB globals, 4 P
gc 5269 @60.466s 3%: 0.31+0.71+0.034 ms clock, 1.2+0.66/0.74/0+0.13 ms cpu, 3->3->1 MB, 4 MB goal, 0 MB stacks, 0 MB globals, 4 P
gc 5270 @60.471s 3%: 0.027+0.74+0.040 ms clock, 0.10+0.71/0.55/0+0.16 ms cpu, 3->3->1 MB, 4 MB goal, 0 MB stacks, 0 MB globals, 4 P
gc 5271 @60.476s 3%: 0.077+1.3+0.035 ms clock, 0.31+0.46/0.55/0+0.14 ms cpu, 3->3->1 MB, 4 MB goal, 0 MB stacks, 0 MB globals, 4 P
gc 5272 @60.481s 3%: 0.11+0.74+0.041 ms clock, 0.47+0.66/0.51/0+0.16 ms cpu, 3->3->1 MB, 4 MB goal, 0 MB stacks, 0 MB globals, 4 P
gc 5273 @60.486s 3%: 0.057+0.81+0.059 ms clock, 0.23+0.62/0.71/0+0.23 ms cpu, 3->3->1 MB, 4 MB goal, 0 MB stacks, 0 MB globals, 4 P
gc 5274 @60.491s 3%: 0.37+1.3+0.084 ms clock, 1.4+0.41/1.0/0+0.33 ms cpu, 3->3->1 MB, 4 MB goal, 0 MB stacks, 0 MB globals, 4 P
gc 5275 @60.496s 3%: 0.042+0.65+0.064 ms clock, 0.17+0.87/0.49/0+0.25 ms cpu, 3->3->1 MB, 4 MB goal, 0 MB stacks, 0 MB globals, 4 P
gc 5276 @60.501s 3%: 0.077+0.72+0.015 ms clock, 0.30+0.75/0.49/0+0.061 ms cpu, 3->3->1 MB, 4 MB goal, 0 MB stacks, 0 MB globals, 4 P
gc 5277 @60.506s 3%: 0.081+1.0+0.034 ms clock, 0.32+0.63/0.54/0+0.13 ms cpu, 3->3->1 MB, 4 MB goal, 0 MB stacks, 0 MB globals, 4 P
gc 5278 @60.511s 3%: 0.25+0.55+0.028 ms clock, 1.0+0.66/0.69/0+0.11 ms cpu, 3->3->1 MB, 4 MB goal, 0 MB stacks, 0 MB globals, 4 P
gc 5279 @60.516s 3%: 0.10+0.65+0.052 ms clock, 0.42+0.58/0.59/0+0.21 ms cpu, 3->3->1 MB, 4 MB goal, 0 MB stacks, 0 MB globals, 4 P
gc 5280 @60.521s 3%: 0.057+1.0+0.019 ms clock, 0.23+0.71/0.54/0+0.077 ms cpu, 3->3->1 MB, 4 MB goal, 0 MB stacks, 0 MB globals, 4 P
gc 5281 @60.526s 3%: 0.072+1.5+0.031 ms clock, 0.28+0.62/0.74/0+0.12 ms cpu, 3->3->1 MB, 4 MB goal, 0 MB stacks, 0 MB globals, 4 P
gc 5282 @60.531s 3%: 0.087+1.5+0.042 ms clock, 0.34+0.53/0.60/0+0.17 ms cpu, 3->3->1 MB, 4 MB goal, 0 MB stacks, 0 MB globals, 4 P
gc 5283 @60.537s 3%: 0.079+0.78+0.096 ms clock, 0.31+0.68/0.62/0+0.38 ms cpu, 3->3->1 MB, 4 MB goal, 0 MB stacks, 0 MB globals, 4 P
gc 5284 @60.542s 3%: 0.048+1.1+0.004 ms clock, 0.19+0.44/0.54/0+0.017 ms cpu, 3->3->1 MB, 4 MB goal, 0 MB stacks, 0 MB globals, 4 P
gc 5285 @60.547s 3%: 0.078+0.74+0.066 ms clock, 0.31+0.69/0.58/0+0.26 ms cpu, 3->3->1 MB, 4 MB goal, 0 MB stacks, 0 MB globals, 4 P
gc 5286 @60.551s 3%: 0.061+0.65+0.029 ms clock, 0.24+0.57/0.54/0+0.11 ms cpu, 3->3->1 MB, 4 MB goal, 0 MB stacks, 0 MB globals, 4 P
gc 5287 @60.556s 3%: 0.080+1.4+0.014 ms clock, 0.32+0.38/0.67/0+0.059 ms cpu, 3->3->1 MB, 4 MB goal, 0 MB stacks, 0 MB globals, 4 P
gc 5288 @60.561s 3%: 0.022+0.56+0.055 ms clock, 0.090+0.94/0.43/0+0.22 ms cpu, 3->3->1 MB, 4 MB goal, 0 MB stacks, 0 MB globals, 4 P
gc 5289 @60.567s 3%: 0.051+0.85+0.007 ms clock, 0.20+1.0/0/0+0.030 ms cpu, 3->3->1 MB, 4 MB goal, 0 MB stacks, 0 MB globals, 4 P
gc 5290 @60.572s 3%: 0.073+1.6+0.036 ms clock, 0.29+0.57/0.74/0+0.14 ms cpu, 3->3->1 MB, 4 MB goal, 0 MB stacks, 0 MB globals, 4 P
gc 5291 @60.577s 3%: 0.40+0.68+0.021 ms clock, 1.6+0.52/0.83/0+0.087 ms cpu, 3->3->1 MB, 4 MB goal, 0 MB stacks, 0 MB globals, 4 P
gc 5292 @60.582s 3%: 0.31+0.62+0.054 ms clock, 1.2+0.43/0.76/0+0.21 ms cpu, 3->3->1 MB, 4 MB goal, 0 MB stacks, 0 MB globals, 4 P
gc 5293 @60.587s 3%: 0.076+0.64+0.060 ms clock, 0.30+0.82/0.49/0+0.24 ms cpu, 3->3->1 MB, 4 MB goal, 0 MB stacks, 0 MB globals, 4 P
gc 5294 @60.592s 3%: 0.030+1.3+0.026 ms clock, 0.12+0.50/0.60/0+0.10 ms cpu, 3->3->1 MB, 4 MB goal, 0 MB stacks, 0 MB globals, 4 P
gc 5295 @60.597s 3%: 0.073+1.5+0.039 ms clock, 0.29+0.59/0.53/0+0.15 ms cpu, 3->3->1 MB, 4 MB goal, 0 MB stacks, 0 MB globals, 4 P
gc 5296 @60.603s 3%: 0.044+1.7+0.003 ms clock, 0.17+0.34/1.0/0+0.012 ms cpu, 3->4->1 MB, 4 MB goal, 0 MB stacks, 0 MB globals, 4 P
gc 5297 @60.607s 3%: 0.081+0.66+0.030 ms clock, 0.32+0.57/0.53/0+0.12 ms cpu, 3->3->1 MB, 4 MB goal, 0 MB stacks, 0 MB globals, 4 P
gc 5298 @60.612s 3%: 1.4+0.30+0.044 ms clock, 5.9+0.58/1.5/0.18+0.17 ms cpu, 3->3->1 MB, 4 MB goal, 0 MB stacks, 0 MB globals, 4 P
gc 5299 @60.617s 3%: 0.071+0.56+0.025 ms clock, 0.28+0.85/0.49/0+0.10 ms cpu, 3->3->1 MB, 4 MB goal, 0 MB stacks, 0 MB globals, 4 P
gc 5300 @60.622s 3%: 0.059+1.7+0.030 ms clock, 0.23+0.63/0.63/0+0.12 ms cpu, 3->3->1 MB, 4 MB goal, 0 MB stacks, 0 MB globals, 4 P
gc 5301 @60.627s 3%: 0.042+0.74+0.051 ms clock, 0.16+0.77/0.55/0+0.20 ms cpu, 3->3->1 MB, 4 MB goal, 0 MB stacks, 0 MB globals, 4 P
gc 5302 @60.632s 3%: 0.045+1.8+0.075 ms clock, 0.18+0.36/0.68/0.24+0.30 ms cpu, 3->3->1 MB, 4 MB goal, 0 MB stacks, 0 MB globals, 4 P
gc 5303 @60.637s 3%: 0.051+0.98+0.035 ms clock, 0.20+0.45/0.57/0+0.14 ms cpu, 3->3->1 MB, 4 MB goal, 0 MB stacks, 0 MB globals, 4 P
gc 5304 @60.642s 3%: 0.058+1.7+0.013 ms clock, 0.23+0.99/0.15/0+0.054 ms cpu, 3->3->1 MB, 4 MB goal, 0 MB stacks, 0 MB globals, 4 P
gc 5305 @60.648s 3%: 0.056+1.2+0.023 ms clock, 0.22+0.85/0.46/0+0.092 ms cpu, 3->3->1 MB, 4 MB goal, 0 MB stacks, 0 MB globals, 4 P
gc 5306 @60.653s 3%: 0.051+0.81+0.074 ms clock, 0.20+0.78/0.65/0+0.29 ms cpu, 3->3->1 MB, 4 MB goal, 0 MB stacks, 0 MB globals, 4 P
gc 5307 @60.658s 3%: 0.056+0.87+0.058 ms clock, 0.22+0.70/0.68/0+0.23 ms cpu, 3->3->1 MB, 4 MB goal, 0 MB stacks, 0 MB globals, 4 P
gc 5308 @60.663s 3%: 0.072+1.9+0.012 ms clock, 0.29+0.85/0.45/0+0.048 ms cpu, 3->3->1 MB, 4 MB goal, 0 MB stacks, 0 MB globals, 4 P
gc 5309 @60.668s 3%: 0.34+1.5+0.067 ms clock, 1.3+0.52/1.6/0+0.26 ms cpu, 3->3->1 MB, 4 MB goal, 0 MB stacks, 0 MB globals, 4 P
gc 5310 @60.673s 3%: 0.10+1.6+0.087 ms clock, 0.41+0.54/0.55/0+0.34 ms cpu, 3->3->1 MB, 4 MB goal, 0 MB stacks, 0 MB globals, 4 P
gc 5311 @60.678s 3%: 0.050+0.80+0.075 ms clock, 0.20+0.48/0.63/0+0.30 ms cpu, 3->3->1 MB, 4 MB goal, 0 MB stacks, 0 MB globals, 4 P
gc 5312 @60.683s 3%: 0.45+0.92+0.028 ms clock, 1.8+0.49/1.2/0+0.11 ms cpu, 3->3->1 MB, 4 MB goal, 0 MB stacks, 0 MB globals, 4 P
gc 5313 @60.688s 3%: 0.075+1.5+0.030 ms clock, 0.30+0.67/0.65/0+0.12 ms cpu, 3->3->1 MB, 4 MB goal, 0 MB stacks, 0 MB globals, 4 P
gc 5314 @60.694s 3%: 0.43+0.48+0.045 ms clock, 1.7+0.62/0.69/0+0.18 ms cpu, 3->3->1 MB, 4 MB goal, 0 MB stacks, 0 MB globals, 4 P
gc 5315 @60.698s 3%: 0.085+0.92+0.006 ms clock, 0.34+0.77/0.78/0+0.026 ms cpu, 3->3->1 MB, 4 MB goal, 0 MB stacks, 0 MB globals, 4 P
gc 5316 @60.703s 3%: 0.052+1.0+0.075 ms clock, 0.20+0.85/0.45/0+0.30 ms cpu, 3->3->1 MB, 4 MB goal, 0 MB stacks, 0 MB globals, 4 P
gc 5317 @60.708s 3%: 0.099+1.1+0.045 ms clock, 0.39+0.82/0.44/0+0.18 ms cpu, 3->3->1 MB, 4 MB goal, 0 MB stacks, 0 MB globals, 4 P
gc 5318 @60.713s 3%: 0.048+1.6+0.075 ms clock, 0.19+1.5/0.69/0+0.30 ms cpu, 3->3->1 MB, 4 MB goal, 0 MB stacks, 0 MB globals, 4 P
gc 5319 @60.719s 3%: 0.37+0.71+0.092 ms clock, 1.4+0.11/0.95/0+0.37 ms cpu, 3->3->1 MB, 4 MB goal, 0 MB stacks, 0 MB globals, 4 P
gc 5320 @60.724s 3%: 0.083+1.9+0.057 ms clock, 0.33+0.57/0.70/0+0.23 ms cpu, 3->3->1 MB, 4 MB goal, 0 MB stacks, 0 MB globals, 4 P
gc 5321 @60.729s 3%: 0.097+1.6+0.058 ms clock, 0.38+0.53/0.52/0+0.23 ms cpu, 3->3->1 MB, 4 MB goal, 0 MB stacks, 0 MB globals, 4 P
gc 5322 @60.734s 3%: 0.067+1.4+0.063 ms clock, 0.27+0.78/0.50/0+0.25 ms cpu, 3->3->1 MB, 4 MB goal, 0 MB stacks, 0 MB globals, 4 P
gc 5323 @60.739s 3%: 0.085+1.1+0.036 ms clock, 0.34+0.82/0.39/0+0.14 ms cpu, 3->3->1 MB, 4 MB goal, 0 MB stacks, 0 MB globals, 4 P
gc 5324 @60.744s 3%: 0.057+1.7+0.004 ms clock, 0.22+0.59/0.65/0+0.017 ms cpu, 3->3->1 MB, 4 MB goal, 0 MB stacks, 0 MB globals, 4 P
gc 5325 @60.749s 3%: 0.092+0.69+0.031 ms clock, 0.36+0.67/0.57/0+0.12 ms cpu, 3->3->1 MB, 4 MB goal, 0 MB stacks, 0 MB globals, 4 P
gc 5326 @60.754s 3%: 0.077+1.0+0.024 ms clock, 0.31+0.66/0.43/0+0.097 ms cpu, 3->3->1 MB, 4 MB goal, 0 MB stacks, 0 MB globals, 4 P
gc 5327 @60.759s 3%: 0.060+0.61+0.007 ms clock, 0.24+0.86/0.55/0+0.029 ms cpu, 3->3->1 MB, 4 MB goal, 0 MB stacks, 0 MB globals, 4 P
gc 5328 @60.764s 3%: 0.061+1.5+0.071 ms clock, 0.24+0.69/0.38/0.11+0.28 ms cpu, 3->3->1 MB, 4 MB goal, 0 MB stacks, 0 MB globals, 4 P
gc 5329 @60.769s 3%: 0.086+1.2+0.010 ms clock, 0.34+0.48/0.53/0+0.040 ms cpu, 3->3->1 MB, 4 MB goal, 0 MB stacks, 0 MB globals, 4 P
gc 5330 @60.774s 3%: 0.11+0.59+0.016 ms clock, 0.46+0.65/0.47/0+0.066 ms cpu, 3->3->1 MB, 4 MB goal, 0 MB stacks, 0 MB globals, 4 P
gc 5331 @60.779s 3%: 0.084+0.97+0.019 ms clock, 0.33+1.0/0.033/0+0.076 ms cpu, 3->3->1 MB, 4 MB goal, 0 MB stacks, 0 MB globals, 4 P
gc 5332 @60.784s 3%: 0.040+0.89+0.024 ms clock, 0.16+0.30/0.52/0+0.097 ms cpu, 3->3->1 MB, 4 MB goal, 0 MB stacks, 0 MB globals, 4 P
gc 5333 @60.789s 3%: 0.046+1.6+0.058 ms clock, 0.18+0.50/0.62/0+0.23 ms cpu, 3->3->1 MB, 4 MB goal, 0 MB stacks, 0 MB globals, 4 P
gc 5334 @60.794s 3%: 0.095+0.90+0.039 ms clock, 0.38+1.1/0.015/0+0.15 ms cpu, 3->3->1 MB, 4 MB goal, 0 MB stacks, 0 MB globals, 4 P
gc 5335 @60.799s 3%: 0.069+0.61+0.025 ms clock, 0.27+0.83/0.54/0+0.10 ms cpu, 3->3->1 MB, 4 MB goal, 0 MB stacks, 0 MB globals, 4 P
gc 5336 @60.804s 3%: 0.29+1.8+0.087 ms clock, 1.1+0.52/1.1/0+0.35 ms cpu, 3->3->1 MB, 4 MB goal, 0 MB stacks, 0 MB globals, 4 P
gc 5337 @60.810s 3%: 0.33+1.5+0.046 ms clock, 1.3+0.29/0.94/0+0.18 ms cpu, 3->3->1 MB, 4 MB goal, 0 MB stacks, 0 MB globals, 4 P
gc 5338 @60.815s 3%: 0.050+1.5+0.068 ms clock, 0.20+0.54/0.56/0+0.27 ms cpu, 3->3->1 MB, 4 MB goal, 0 MB stacks, 0 MB globals, 4 P
gc 5339 @60.820s 3%: 0.10+0.61+0.025 ms clock, 0.41+0.56/0.54/0+0.10 ms cpu, 3->3->1 MB, 4 MB goal, 0 MB stacks, 0 MB globals, 4 P
gc 5340 @60.825s 3%: 0.055+1.0+0.054 ms clock, 0.22+0.57/0.53/0+0.21 ms cpu, 3->3->1 MB, 4 MB goal, 0 MB stacks, 0 MB globals, 4 P
gc 5341 @60.830s 3%: 0.38+0.61+0.039 ms clock, 1.5+0.49/0.84/0+0.15 ms cpu, 3->3->1 MB, 4 MB goal, 0 MB stacks, 0 MB globals, 4 P
gc 5342 @60.835s 3%: 0.072+1.5+0.060 ms clock, 0.28+0.50/0.48/0+0.24 ms cpu, 3->3->1 MB, 4 MB goal, 0 MB stacks, 0 MB globals, 4 P
gc 5343 @60.840s 3%: 0.079+0.75+0.065 ms clock, 0.31+0.41/0.46/0+0.26 ms cpu, 3->3->1 MB, 4 MB goal, 0 MB stacks, 0 MB globals, 4 P
gc 5344 @60.845s 3%: 0.055+1.4+0.016 ms clock, 0.22+0.74/0.44/0+0.065 ms cpu, 3->3->1 MB, 4 MB goal, 0 MB stacks, 0 MB globals, 4 P
gc 5345 @60.850s 3%: 0.10+0.76+0.070 ms clock, 0.40+0.73/0.64/0+0.28 ms cpu, 3->3->1 MB, 4 MB goal, 0 MB stacks, 0 MB globals, 4 P
gc 5346 @60.855s 3%: 0.048+1.1+0.052 ms clock, 0.19+0.61/0.60/0+0.21 ms cpu, 3->3->1 MB, 4 MB goal, 0 MB stacks, 0 MB globals, 4 P
gc 5347 @60.860s 3%: 0.082+0.68+0.006 ms clock, 0.32+0.74/0.59/0+0.024 ms cpu, 3->3->1 MB, 4 MB goal, 0 MB stacks, 0 MB globals, 4 P
gc 5348 @60.865s 3%: 0.020+1.6+0.042 ms clock, 0.082+0.64/0.50/0+0.17 ms cpu, 3->3->1 MB, 4 MB goal, 0 MB stacks, 0 MB globals, 4 P
gc 5349 @60.870s 3%: 0.093+0.86+0.034 ms clock, 0.37+0.68/0.64/0+0.13 ms cpu, 3->3->1 MB, 4 MB goal, 0 MB stacks, 0 MB globals, 4 P
gc 5350 @60.875s 3%: 0.024+0.54+0.051 ms clock, 0.098+0.69/0.46/0+0.20 ms cpu, 3->3->1 MB, 4 MB goal, 0 MB stacks, 0 MB globals, 4 P
gc 5351 @60.880s 3%: 0.081+1.3+0.017 ms clock, 0.32+0.68/0.45/0+0.071 ms cpu, 3->3->1 MB, 4 MB goal, 0 MB stacks, 0 MB globals, 4 P
gc 5352 @60.886s 3%: 0.86+1.1+0.007 ms clock, 3.4+0.26/1.1/0+0.028 ms cpu, 3->3->1 MB, 4 MB goal, 0 MB stacks, 0 MB globals, 4 P
gc 5353 @60.890s 3%: 0.089+1.0+0.025 ms clock, 0.35+0.31/0.93/0+0.10 ms cpu, 3->3->1 MB, 4 MB goal, 0 MB stacks, 0 MB globals, 4 P
gc 5354 @60.895s 3%: 0.048+1.0+0.037 ms clock, 0.19+1.0/0.001/0+0.15 ms cpu, 3->3->1 MB, 4 MB goal, 0 MB stacks, 0 MB globals, 4 P
gc 5355 @60.900s 3%: 0.041+1.9+0.049 ms clock, 0.16+0.52/1.8/0+0.19 ms cpu, 3->3->1 MB, 4 MB goal, 0 MB stacks, 0 MB globals, 4 P
gc 5356 @60.905s 3%: 0.35+1.0+0.030 ms clock, 1.4+0.41/1.2/0+0.12 ms cpu, 3->3->1 MB, 4 MB goal, 0 MB stacks, 0 MB globals, 4 P
gc 5357 @60.911s 3%: 0.040+1.1+0.003 ms clock, 0.16+0.53/0.48/0+0.015 ms cpu, 3->3->1 MB, 4 MB goal, 0 MB stacks, 0 MB globals, 4 P
gc 5358 @60.916s 3%: 0.085+2.3+0.13 ms clock, 0.34+0.66/0.62/0+0.53 ms cpu, 3->4->1 MB, 4 MB goal, 0 MB stacks, 0 MB globals, 4 P
gc 5359 @60.921s 3%: 0.060+1.2+0.028 ms clock, 0.24+0.49/0.54/0+0.11 ms cpu, 3->3->1 MB, 4 MB goal, 0 MB stacks, 0 MB globals, 4 P
gc 5360 @60.926s 3%: 0.061+0.78+0.041 ms clock, 0.24+0.71/0.67/0+0.16 ms cpu, 3->3->1 MB, 4 MB goal, 0 MB stacks, 0 MB globals, 4 P
gc 5361 @60.931s 3%: 0.34+0.91+0.031 ms clock, 1.3+0.45/1.1/0+0.12 ms cpu, 3->3->1 MB, 4 MB goal, 0 MB stacks, 0 MB globals, 4 P
gc 5362 @60.936s 3%: 0.071+2.4+0.035 ms clock, 0.28+0.66/0.60/0+0.14 ms cpu, 3->4->1 MB, 4 MB goal, 0 MB stacks, 0 MB globals, 4 P
gc 5363 @60.942s 3%: 0.093+1.7+0.029 ms clock, 0.37+0.47/0.57/0+0.11 ms cpu, 3->3->1 MB, 4 MB goal, 0 MB stacks, 0 MB globals, 4 P
gc 5364 @60.946s 3%: 0.069+1.4+0.071 ms clock, 0.27+0.59/0.53/0+0.28 ms cpu, 3->3->1 MB, 4 MB goal, 0 MB stacks, 0 MB globals, 4 P
gc 5365 @60.952s 3%: 0.079+1.5+0.087 ms clock, 0.31+0.33/0.95/0.045+0.35 ms cpu, 3->3->1 MB, 4 MB goal, 0 MB stacks, 0 MB globals, 4 P
gc 5366 @60.957s 3%: 0.27+0.91+0.045 ms clock, 1.0+0.38/0.98/0+0.18 ms cpu, 3->3->1 MB, 4 MB goal, 0 MB stacks, 0 MB globals, 4 P
gc 5367 @60.962s 3%: 0.18+1.7+0.052 ms clock, 0.74+0.88/0.99/0+0.21 ms cpu, 3->3->1 MB, 4 MB goal, 0 MB stacks, 0 MB globals, 4 P
gc 5368 @60.967s 3%: 0.084+1.0+0.031 ms clock, 0.33+0.74/0.60/0+0.12 ms cpu, 3->3->1 MB, 4 MB goal, 0 MB stacks, 0 MB globals, 4 P
gc 5369 @60.972s 3%: 0.065+1.4+0.037 ms clock, 0.26+0.86/0.60/0+0.15 ms cpu, 3->3->1 MB, 4 MB goal, 0 MB stacks, 0 MB globals, 4 P
gc 5370 @60.977s 3%: 0.056+0.87+0.042 ms clock, 0.22+0.90/0.69/0+0.16 ms cpu, 3->3->1 MB, 4 MB goal, 0 MB stacks, 0 MB globals, 4 P
gc 5371 @60.982s 3%: 0.047+1.6+0.022 ms clock, 0.18+0.59/0.54/0+0.090 ms cpu, 3->3->1 MB, 4 MB goal, 0 MB stacks, 0 MB globals, 4 P
gc 5372 @60.987s 3%: 0.047+0.74+0.046 ms clock, 0.19+0.85/0.61/0+0.18 ms cpu, 3->3->1 MB, 4 MB goal, 0 MB stacks, 0 MB globals, 4 P
gc 5373 @60.992s 3%: 0.70+1.4+0.020 ms clock, 2.8+1.1/0.79/0+0.082 ms cpu, 3->3->1 MB, 4 MB goal, 0 MB stacks, 0 MB globals, 4 P
gc 5374 @60.998s 3%: 0.059+0.74+0.026 ms clock, 0.23+0.59/0.56/0+0.10 ms cpu, 3->3->1 MB, 4 MB goal, 0 MB stacks, 0 MB globals, 4 P
gc 5375 @61.003s 3%: 0.10+1.2+0.082 ms clock, 0.40+0.50/0.56/0+0.32 ms cpu, 3->3->1 MB, 4 MB goal, 0 MB stacks, 0 MB globals, 4 P
gc 5376 @61.008s 3%: 0.076+1.1+0.050 ms clock, 0.30+0.61/0.70/0.028+0.20 ms cpu, 3->3->1 MB, 4 MB goal, 0 MB stacks, 0 MB globals, 4 P
gc 5377 @61.013s 3%: 0.048+0.91+0.011 ms clock, 0.19+1.1/0/0+0.045 ms cpu, 3->3->1 MB, 4 MB goal, 0 MB stacks, 0 MB globals, 4 P
gc 5378 @61.017s 3%: 0.070+0.96+0.035 ms clock, 0.28+0.69/0.46/0+0.14 ms cpu, 3->3->1 MB, 4 MB goal, 0 MB stacks, 0 MB globals, 4 P
gc 5379 @61.022s 3%: 0.049+0.67+0.070 ms clock, 0.19+0.84/0.52/0+0.28 ms cpu, 3->3->1 MB, 4 MB goal, 0 MB stacks, 0 MB globals, 4 P
gc 5380 @61.027s 3%: 0.088+1.7+0.011 ms clock, 0.35+0.46/0.51/0+0.046 ms cpu, 3->3->1 MB, 4 MB goal, 0 MB stacks, 0 MB globals, 4 P
gc 5381 @61.032s 3%: 0.062+1.9+0.043 ms clock, 0.25+0.59/0.61/0+0.17 ms cpu, 3->3->1 MB, 4 MB goal, 0 MB stacks, 0 MB globals, 4 P
gc 5382 @61.038s 3%: 0.053+0.82+0.029 ms clock, 0.21+0.62/0.44/0+0.11 ms cpu, 3->3->1 MB, 4 MB goal, 0 MB stacks, 0 MB globals, 4 P
gc 5383 @61.043s 3%: 0.042+1.4+0.019 ms clock, 0.17+1.1/0.073/0+0.079 ms cpu, 3->3->1 MB, 4 MB goal, 0 MB stacks, 0 MB globals, 4 P
gc 5384 @61.048s 3%: 0.021+0.66+0.044 ms clock, 0.084+0.99/0.44/0+0.17 ms cpu, 3->3->1 MB, 4 MB goal, 0 MB stacks, 0 MB globals, 4 P
gc 5385 @61.052s 3%: 0.083+1.8+0.027 ms clock, 0.33+0.58/0.61/0+0.10 ms cpu, 3->3->1 MB, 4 MB goal, 0 MB stacks, 0 MB globals, 4 P
gc 5386 @61.058s 3%: 0.045+0.74+0.036 ms clock, 0.18+0.87/0.52/0+0.14 ms cpu, 3->3->1 MB, 4 MB goal, 0 MB stacks, 0 MB globals, 4 P
gc 5387 @61.063s 3%: 0.061+0.82+0.063 ms clock, 0.24+0.76/0.64/0+0.25 ms cpu, 3->3->1 MB, 4 MB goal, 0 MB stacks, 0 MB globals, 4 P
gc 5388 @61.067s 3%: 0.052+0.68+0.040 ms clock, 0.21+0.50/0.51/0+0.16 ms cpu, 3->3->1 MB, 4 MB goal, 0 MB stacks, 0 MB globals, 4 P
gc 5389 @61.072s 3%: 0.078+1.3+0.027 ms clock, 0.31+0.35/0.66/0+0.10 ms cpu, 3->3->1 MB, 4 MB goal, 0 MB stacks, 0 MB globals, 4 P
gc 5390 @61.077s 3%: 0.066+0.81+0.043 ms clock, 0.26+0.87/0.54/0+0.17 ms cpu, 3->3->1 MB, 4 MB goal, 0 MB stacks, 0 MB globals, 4 P
gc 5391 @61.082s 3%: 0.054+0.55+0.058 ms clock, 0.21+0.87/0.51/0+0.23 ms cpu, 3->3->1 MB, 4 MB goal, 0 MB stacks, 0 MB globals, 4 P
gc 5392 @61.087s 3%: 0.060+0.62+0.023 ms clock, 0.24+0.62/0.56/0+0.093 ms cpu, 3->3->1 MB, 4 MB goal, 0 MB stacks, 0 MB globals, 4 P
gc 5393 @61.092s 3%: 0.057+0.62+0.056 ms clock, 0.22+0.80/0.46/0+0.22 ms cpu, 3->3->1 MB, 4 MB goal, 0 MB stacks, 0 MB globals, 4 P
gc 5394 @61.097s 3%: 0.40+0.63+0.024 ms clock, 1.6+1.1/0.65/0+0.096 ms cpu, 3->3->1 MB, 4 MB goal, 0 MB stacks, 0 MB globals, 4 P
gc 5395 @61.102s 3%: 0.073+0.92+0.046 ms clock, 0.29+0.73/0.74/0+0.18 ms cpu, 3->3->1 MB, 4 MB goal, 0 MB stacks, 0 MB globals, 4 P
gc 5396 @61.107s 3%: 0.065+1.3+0.025 ms clock, 0.26+0.58/0.57/0+0.10 ms cpu, 3->3->1 MB, 4 MB goal, 0 MB stacks, 0 MB globals, 4 P
gc 5397 @61.112s 3%: 0.062+1.7+0.023 ms clock, 0.25+0.67/1.3/0+0.093 ms cpu, 3->3->1 MB, 4 MB goal, 0 MB stacks, 0 MB globals, 4 P
gc 5398 @61.117s 3%: 0.064+0.74+0.030 ms clock, 0.25+0.61/0.47/0+0.12 ms cpu, 3->3->1 MB, 4 MB goal, 0 MB stacks, 0 MB globals, 4 P
gc 5399 @61.122s 3%: 0.078+1.3+0.003 ms clock, 0.31+1.7/0.61/0+0.012 ms cpu, 3->3->1 MB, 4 MB goal, 0 MB stacks, 0 MB globals, 4 P
gc 5400 @61.128s 3%: 0.054+1.9+0.036 ms clock, 0.21+0.55/0.66/0+0.14 ms cpu, 3->4->1 MB, 4 MB goal, 0 MB stacks, 0 MB globals, 4 P
gc 5401 @61.133s 3%: 0.056+0.79+0.035 ms clock, 0.22+0.58/0.68/0+0.14 ms cpu, 3->3->1 MB, 4 MB goal, 0 MB stacks, 0 MB globals, 4 P
gc 5402 @61.138s 3%: 0.090+0.58+0.026 ms clock, 0.36+0.56/0.49/0+0.10 ms cpu, 3->3->1 MB, 4 MB goal, 0 MB stacks, 0 MB globals, 4 P
gc 5403 @61.143s 3%: 0.060+1.2+0.007 ms clock, 0.24+1.4/0.74/0+0.028 ms cpu, 3->3->1 MB, 4 MB goal, 0 MB stacks, 0 MB globals, 4 P
gc 5404 @61.148s 3%: 0.064+1.4+0.076 ms clock, 0.25+1.2/0.001/0+0.30 ms cpu, 3->3->1 MB, 4 MB goal, 0 MB stacks, 0 MB globals, 4 P
gc 5405 @61.153s 3%: 0.043+1.0+0.058 ms clock, 0.17+0.56/0.65/0+0.23 ms cpu, 3->3->1 MB, 4 MB goal, 0 MB stacks, 0 MB globals, 4 P
gc 5406 @61.158s 3%: 0.060+0.69+0.077 ms clock, 0.24+1.0/0.033/0+0.30 ms cpu, 3->3->1 MB, 4 MB goal, 0 MB stacks, 0 MB globals, 4 P
gc 5407 @61.163s 3%: 0.065+1.2+0.075 ms clock, 0.26+0.35/0.67/0+0.30 ms cpu, 3->3->1 MB, 4 MB goal, 0 MB stacks, 0 MB globals, 4 P
gc 5408 @61.167s 3%: 0.064+1.6+0.089 ms clock, 0.25+0.93/0.53/0+0.35 ms cpu, 3->3->1 MB, 4 MB goal, 0 MB stacks, 0 MB globals, 4 P
gc 5409 @61.173s 3%: 0.063+0.60+0.054 ms clock, 0.25+0.82/0.51/0+0.21 ms cpu, 3->3->1 MB, 4 MB goal, 0 MB stacks, 0 MB globals, 4 P
gc 5410 @61.177s 3%: 0.10+1.3+0.040 ms clock, 0.42+0.33/0.62/0+0.16 ms cpu, 3->3->1 MB, 4 MB goal, 0 MB stacks, 0 MB globals, 4 P
gc 5411 @61.183s 3%: 0.050+0.66+0.032 ms clock, 0.20+0.58/0.57/0+0.12 ms cpu, 3->3->1 MB, 4 MB goal, 0 MB stacks, 0 MB globals, 4 P
gc 5412 @61.187s 3%: 0.043+0.78+0.058 ms clock, 0.17+0.72/0.71/0+0.23 ms cpu, 3->3->1 MB, 4 MB goal, 0 MB stacks, 0 MB globals, 4 P
gc 5413 @61.192s 3%: 0.076+1.2+0.028 ms clock, 0.30+1.0/1.1/0+0.11 ms cpu, 3->3->1 MB, 4 MB goal, 0 MB stacks, 0 MB globals, 4 P
gc 5414 @61.197s 3%: 0.064+0.70+0.029 ms clock, 0.25+0.72/0.54/0+0.11 ms cpu, 3->3->1 MB, 4 MB goal, 0 MB stacks, 0 MB globals, 4 P
gc 5415 @61.202s 3%: 0.064+0.59+0.026 ms clock, 0.25+0.82/0.49/0+0.10 ms cpu, 3->3->1 MB, 4 MB goal, 0 MB stacks, 0 MB globals, 4 P
gc 5416 @61.207s 3%: 0.31+1.2+0.087 ms clock, 1.2+0.45/1.4/0+0.35 ms cpu, 3->3->1 MB, 4 MB goal, 0 MB stacks, 0 MB globals, 4 P
gc 5417 @61.212s 3%: 0.059+1.2+0.067 ms clock, 0.23+0.39/0.81/0+0.26 ms cpu, 3->3->1 MB, 4 MB goal, 0 MB stacks, 0 MB globals, 4 P
gc 5418 @61.217s 3%: 0.078+1.8+0.004 ms clock, 0.31+0.46/0.56/0+0.017 ms cpu, 3->3->1 MB, 4 MB goal, 0 MB stacks, 0 MB globals, 4 P
gc 5419 @61.223s 3%: 0.069+1.1+0.092 ms clock, 0.27+0.85/0.52/0+0.36 ms cpu, 3->3->1 MB, 4 MB goal, 0 MB stacks, 0 MB globals, 4 P
gc 5420 @61.228s 3%: 0.14+1.2+0.004 ms clock, 0.59+0.69/0.68/0+0.018 ms cpu, 3->3->1 MB, 4 MB goal, 0 MB stacks, 0 MB globals, 4 P
gc 5421 @61.233s 3%: 0.074+0.78+0.026 ms clock, 0.29+0.31/0.63/0+0.10 ms cpu, 3->3->1 MB, 4 MB goal, 0 MB stacks, 0 MB globals, 4 P
gc 5422 @61.238s 3%: 0.053+1.6+0.033 ms clock, 0.21+0.55/0.55/0+0.13 ms cpu, 3->3->1 MB, 4 MB goal, 0 MB stacks, 0 MB globals, 4 P
gc 5423 @61.243s 3%: 0.30+1.7+0.041 ms clock, 1.2+0.26/0.94/0+0.16 ms cpu, 3->3->1 MB, 4 MB goal, 0 MB stacks, 0 MB globals, 4 P
gc 5424 @61.248s 3%: 0.091+1.3+0.068 ms clock, 0.36+0.70/0.61/0+0.27 ms cpu, 3->3->1 MB, 4 MB goal, 0 MB stacks, 0 MB globals, 4 P
gc 5425 @61.253s 3%: 0.077+1.2+0.032 ms clock, 0.31+0.47/0.59/0+0.12 ms cpu, 3->3->1 MB, 4 MB goal, 0 MB stacks, 0 MB globals, 4 P
gc 5426 @61.258s 3%: 0.059+1.3+0.081 ms clock, 0.23+0.85/0.64/0+0.32 ms cpu, 3->3->1 MB, 4 MB goal, 0 MB stacks, 0 MB globals, 4 P
gc 5427 @61.263s 3%: 0.11+0.60+0.041 ms clock, 0.46+0.60/0.55/0+0.16 ms cpu, 3->3->1 MB, 4 MB goal, 0 MB stacks, 0 MB globals, 4 P
gc 5428 @61.268s 3%: 0.081+0.66+0.058 ms clock, 0.32+0.85/0.57/0+0.23 ms cpu, 3->3->1 MB, 4 MB goal, 0 MB stacks, 0 MB globals, 4 P
gc 5429 @61.273s 3%: 1.4+0.51+0.045 ms clock, 5.7+0.53/1.7/0+0.18 ms cpu, 3->3->1 MB, 4 MB goal, 0 MB stacks, 0 MB globals, 4 P
gc 5430 @61.278s 3%: 0.079+2.4+0.053 ms clock, 0.31+0.60/1.6/0+0.21 ms cpu, 3->4->1 MB, 4 MB goal, 0 MB stacks, 0 MB globals, 4 P
gc 5431 @61.284s 3%: 0.40+0.51+0.025 ms clock, 1.6+0.16/0.81/0.14+0.10 ms cpu, 3->3->1 MB, 4 MB goal, 0 MB stacks, 0 MB globals, 4 P
gc 5432 @61.289s 3%: 1.5+0.32+0.10 ms clock, 6.3+0.67/1.6/0+0.40 ms cpu, 3->3->1 MB, 4 MB goal, 0 MB stacks, 0 MB globals, 4 P
gc 5433 @61.294s 3%: 0.023+0.87+0.019 ms clock, 0.093+0.72/0.41/0+0.078 ms cpu, 3->3->1 MB, 4 MB goal, 0 MB stacks, 0 MB globals, 4 P
gc 5434 @61.299s 3%: 0.059+0.58+0.045 ms clock, 0.23+0.71/0.46/0+0.18 ms cpu, 3->3->1 MB, 4 MB goal, 0 MB stacks, 0 MB globals, 4 P
gc 5435 @61.303s 3%: 0.071+0.92+0.051 ms clock, 0.28+0.38/0.56/0+0.20 ms cpu, 3->3->1 MB, 4 MB goal, 0 MB stacks, 0 MB globals, 4 P
gc 5436 @61.309s 3%: 0.36+1.4+0.029 ms clock, 1.4+0.58/1.6/0+0.11 ms cpu, 3->3->1 MB, 4 MB goal, 0 MB stacks, 0 MB globals, 4 P
gc 5437 @61.314s 3%: 0.26+1.0+0.026 ms clock, 1.0+0.44/0.85/0+0.10 ms cpu, 3->3->1 MB, 4 MB goal, 0 MB stacks, 0 MB globals, 4 P
gc 5438 @61.319s 3%: 0.062+0.66+0.029 ms clock, 0.25+0.91/0.57/0+0.11 ms cpu, 3->3->1 MB, 4 MB goal, 0 MB stacks, 0 MB globals, 4 P
gc 5439 @61.323s 3%: 0.069+2.1+0.010 ms clock, 0.27+1.1/1.3/0+0.040 ms cpu, 3->3->1 MB, 4 MB goal, 0 MB stacks, 0 MB globals, 4 P
gc 5440 @61.329s 3%: 0.26+1.6+0.026 ms clock, 1.0+0.58/1.0/0.083+0.10 ms cpu, 3->3->1 MB, 4 MB goal, 0 MB stacks, 0 MB globals, 4 P
gc 5441 @61.334s 3%: 0.38+0.67+0.087 ms clock, 1.5+0.36/0.85/0+0.34 ms cpu, 3->3->1 MB, 4 MB goal, 0 MB stacks, 0 MB globals, 4 P
gc 5442 @61.339s 3%: 0.090+1.1+0.014 ms clock, 0.36+1.0/0.004/0+0.058 ms cpu, 3->3->1 MB, 4 MB goal, 0 MB stacks, 0 MB globals, 4 P
gc 5443 @61.344s 3%: 0.066+1.3+0.036 ms clock, 0.26+0.32/0.67/0+0.14 ms cpu, 3->3->1 MB, 4 MB goal, 0 MB stacks, 0 MB globals, 4 P
gc 5444 @61.349s 3%: 0.039+0.78+0.027 ms clock, 0.15+0.58/0.64/0+0.11 ms cpu, 3->3->1 MB, 4 MB goal, 0 MB stacks, 0 MB globals, 4 P
gc 5445 @61.354s 3%: 0.044+1.3+0.026 ms clock, 0.17+1.0/0.028/0+0.10 ms cpu, 3->3->1 MB, 4 MB goal, 0 MB stacks, 0 MB globals, 4 P
gc 5446 @61.359s 3%: 0.089+0.98+0.065 ms clock, 0.35+0.77/0.70/0+0.26 ms cpu, 3->3->1 MB, 4 MB goal, 0 MB stacks, 0 MB globals, 4 P
gc 5447 @61.364s 3%: 0.096+1.8+0.042 ms clock, 0.38+0.49/0.55/0+0.17 ms cpu, 3->3->1 MB, 4 MB goal, 0 MB stacks, 0 MB globals, 4 P
gc 5448 @61.369s 3%: 0.063+1.1+0.074 ms clock, 0.25+0.60/0.54/0+0.29 ms cpu, 3->3->1 MB, 4 MB goal, 0 MB stacks, 0 MB globals, 4 P
gc 5449 @61.374s 3%: 0.082+0.74+0.070 ms clock, 0.33+0.90/0.43/0+0.28 ms cpu, 3->3->1 MB, 4 MB goal, 0 MB stacks, 0 MB globals, 4 P
gc 5450 @61.379s 3%: 0.47+1.0+0.039 ms clock, 1.9+0.42/1.3/0+0.15 ms cpu, 3->3->1 MB, 4 MB goal, 0 MB stacks, 0 MB globals, 4 P
gc 5451 @61.384s 3%: 0.060+0.67+0.036 ms clock, 0.24+0.53/0.54/0+0.14 ms cpu, 3->3->1 MB, 4 MB goal, 0 MB stacks, 0 MB globals, 4 P
gc 5452 @61.389s 3%: 0.28+0.76+0.054 ms clock, 1.1+0.55/0.82/0+0.21 ms cpu, 3->3->1 MB, 4 MB goal, 0 MB stacks, 0 MB globals, 4 P
gc 5453 @61.394s 3%: 0.092+0.96+0.082 ms clock, 0.36+0.60/0.48/0+0.33 ms cpu, 3->3->1 MB, 4 MB goal, 0 MB stacks, 0 MB globals, 4 P
gc 5454 @61.399s 3%: 0.089+0.65+0.027 ms clock, 0.35+0.65/0.56/0+0.11 ms cpu, 3->3->1 MB, 4 MB goal, 0 MB stacks, 0 MB globals, 4 P
gc 5455 @61.404s 3%: 0.056+1.2+0.033 ms clock, 0.22+0.55/0.81/0+0.13 ms cpu, 3->3->1 MB, 4 MB goal, 0 MB stacks, 0 MB globals, 4 P
gc 5456 @61.409s 3%: 0.094+1.0+0.047 ms clock, 0.37+0.62/0.68/0+0.18 ms cpu, 3->3->1 MB, 4 MB goal, 0 MB stacks, 0 MB globals, 4 P
gc 5457 @61.414s 3%: 0.097+1.1+0.070 ms clock, 0.39+0.44/0.59/0+0.28 ms cpu, 3->3->1 MB, 4 MB goal, 0 MB stacks, 0 MB globals, 4 P
gc 5458 @61.419s 3%: 0.056+0.61+0.040 ms clock, 0.22+0.86/0.50/0+0.16 ms cpu, 3->3->1 MB, 4 MB goal, 0 MB stacks, 0 MB globals, 4 P
gc 5459 @61.424s 3%: 0.044+0.72+0.038 ms clock, 0.17+0.69/0.56/0+0.15 ms cpu, 3->3->1 MB, 4 MB goal, 0 MB stacks, 0 MB globals, 4 P
gc 5460 @61.429s 3%: 0.052+1.0+0.050 ms clock, 0.21+0.78/0.44/0+0.20 ms cpu, 3->3->1 MB, 4 MB goal, 0 MB stacks, 0 MB globals, 4 P
gc 5461 @61.434s 3%: 0.066+1.1+0.076 ms clock, 0.26+0.68/0.63/0+0.30 ms cpu, 3->3->1 MB, 4 MB goal, 0 MB stacks, 0 MB globals, 4 P
gc 5462 @61.439s 3%: 0.070+0.82+0.058 ms clock, 0.28+0.73/0.60/0+0.23 ms cpu, 3->3->1 MB, 4 MB goal, 0 MB stacks, 0 MB globals, 4 P
gc 5463 @61.444s 3%: 0.058+0.71+0.063 ms clock, 0.23+0.76/0.52/0+0.25 ms cpu, 3->3->1 MB, 4 MB goal, 0 MB stacks, 0 MB globals, 4 P
gc 5464 @61.449s 3%: 0.099+0.54+0.060 ms clock, 0.39+0.65/0.46/0+0.24 ms cpu, 3->3->1 MB, 4 MB goal, 0 MB stacks, 0 MB globals, 4 P
gc 5465 @61.454s 3%: 0.052+1.1+0.052 ms clock, 0.20+0.98/0.57/0+0.21 ms cpu, 3->3->1 MB, 4 MB goal, 0 MB stacks, 0 MB globals, 4 P
gc 5466 @61.459s 3%: 0.063+0.92+0.086 ms clock, 0.25+0.68/0.59/0+0.34 ms cpu, 3->3->1 MB, 4 MB goal, 0 MB stacks, 0 MB globals, 4 P
gc 5467 @61.464s 3%: 0.13+1.8+0.081 ms clock, 0.52+0.99/0.61/0+0.32 ms cpu, 3->3->1 MB, 4 MB goal, 0 MB stacks, 0 MB globals, 4 P
gc 5468 @61.469s 3%: 0.27+1.0+0.019 ms clock, 1.1+0.44/0.71/0+0.079 ms cpu, 3->3->1 MB, 4 MB goal, 0 MB stacks, 0 MB globals, 4 P
gc 5469 @61.474s 3%: 0.066+0.78+0.044 ms clock, 0.26+0.70/0.62/0+0.17 ms cpu, 3->3->1 MB, 4 MB goal, 0 MB stacks, 0 MB globals, 4 P
gc 5470 @61.479s 3%: 0.55+1.2+0.035 ms clock, 2.2+0.43/0.85/0+0.14 ms cpu, 3->3->1 MB, 4 MB goal, 0 MB stacks, 0 MB globals, 4 P
gc 5471 @61.484s 3%: 0.065+0.83+0.061 ms clock, 0.26+0.80/0.65/0+0.24 ms cpu, 3->3->1 MB, 4 MB goal, 0 MB stacks, 0 MB globals, 4 P
gc 5472 @61.489s 3%: 0.088+0.76+0.034 ms clock, 0.35+0.85/0.62/0+0.13 ms cpu, 3->3->1 MB, 4 MB goal, 0 MB stacks, 0 MB globals, 4 P
gc 5473 @61.494s 3%: 0.080+0.60+0.020 ms clock, 0.32+0.62/0.53/0+0.082 ms cpu, 3->3->1 MB, 4 MB goal, 0 MB stacks, 0 MB globals, 4 P
gc 5474 @61.499s 3%: 3.3+0.24+0.029 ms clock, 13+0.41/3.4/0+0.11 ms cpu, 3->3->1 MB, 4 MB goal, 0 MB stacks, 0 MB globals, 4 P
gc 5475 @61.504s 3%: 0.066+0.67+0.055 ms clock, 0.26+0.61/0.57/0+0.22 ms cpu, 3->3->1 MB, 4 MB goal, 0 MB stacks, 0 MB globals, 4 P
gc 5476 @61.509s 3%: 0.067+0.62+0.037 ms clock, 0.27+1.0/0.007/0+0.15 ms cpu, 3->3->1 MB, 4 MB goal, 0 MB stacks, 0 MB globals, 4 P
gc 5477 @61.514s 3%: 0.065+0.73+0.021 ms clock, 0.26+0.71/0.57/0+0.085 ms cpu, 3->3->1 MB, 4 MB goal, 0 MB stacks, 0 MB globals, 4 P
gc 5478 @61.519s 3%: 0.11+1.2+0.082 ms clock, 0.44+0.80/0.51/0+0.32 ms cpu, 3->3->1 MB, 4 MB goal, 0 MB stacks, 0 MB globals, 4 P
gc 5479 @61.524s 3%: 0.076+0.54+0.032 ms clock, 0.30+0.87/0.46/0+0.12 ms cpu, 3->3->1 MB, 4 MB goal, 0 MB stacks, 0 MB globals, 4 P
gc 5480 @61.529s 3%: 0.066+0.76+0.031 ms clock, 0.26+0.63/0.64/0+0.12 ms cpu, 3->3->1 MB, 4 MB goal, 0 MB stacks, 0 MB globals, 4 P
gc 5481 @61.534s 3%: 0.034+0.63+0.024 ms clock, 0.13+0.70/0.53/0+0.099 ms cpu, 3->3->1 MB, 4 MB goal, 0 MB stacks, 0 MB globals, 4 P
gc 5482 @61.539s 3%: 1.5+0.41+0.037 ms clock, 6.2+0.51/1.7/0.13+0.14 ms cpu, 3->3->1 MB, 4 MB goal, 0 MB stacks, 0 MB globals, 4 P
gc 5483 @61.544s 3%: 0.068+0.51+0.028 ms clock, 0.27+0.82/0.43/0+0.11 ms cpu, 3->3->1 MB, 4 MB goal, 0 MB stacks, 0 MB globals, 4 P
gc 5484 @61.549s 3%: 0.057+1.9+0.004 ms clock, 0.22+0.74/0.71/0+0.016 ms cpu, 3->3->1 MB, 4 MB goal, 0 MB stacks, 0 MB globals, 4 P
gc 5485 @61.554s 3%: 0.071+0.74+0.050 ms clock, 0.28+0.61/0.63/0+0.20 ms cpu, 3->3->1 MB, 4 MB goal, 0 MB stacks, 0 MB globals, 4 P
gc 5486 @61.559s 3%: 0.074+0.65+0.024 ms clock, 0.29+0.77/0.52/0+0.098 ms cpu, 3->3->1 MB, 4 MB goal, 0 MB stacks, 0 MB globals, 4 P
gc 5487 @61.564s 3%: 0.083+0.70+0.030 ms clock, 0.33+0.42/0.58/0+0.12 ms cpu, 3->3->1 MB, 4 MB goal, 0 MB stacks, 0 MB globals, 4 P
gc 5488 @61.569s 3%: 0.37+1.5+0.086 ms clock, 1.5+0.70/1.7/0.011+0.34 ms cpu, 3->3->1 MB, 4 MB goal, 0 MB stacks, 0 MB globals, 4 P
gc 5489 @61.574s 3%: 0.42+0.52+0.036 ms clock, 1.6+0.56/0.70/0+0.14 ms cpu, 3->3->1 MB, 4 MB goal, 0 MB stacks, 0 MB globals, 4 P
gc 5490 @61.579s 3%: 0.054+0.58+0.024 ms clock, 0.21+0.69/0.48/0+0.097 ms cpu, 3->3->1 MB, 4 MB goal, 0 MB stacks, 0 MB globals, 4 P
gc 5491 @61.584s 3%: 0.43+1.9+0.029 ms clock, 1.7+0.26/1.2/0+0.11 ms cpu, 3->4->1 MB, 4 MB goal, 0 MB stacks, 0 MB globals, 4 P
gc 5492 @61.589s 3%: 0.048+0.55+0.035 ms clock, 0.19+0.74/0.39/0+0.14 ms cpu, 3->3->1 MB, 4 MB goal, 0 MB stacks, 0 MB globals, 4 P
gc 5493 @61.594s 3%: 0.038+0.73+0.021 ms clock, 0.15+0.71/0.62/0+0.086 ms cpu, 3->3->1 MB, 4 MB goal, 0 MB stacks, 0 MB globals, 4 P
gc 5494 @61.599s 3%: 0.074+2.2+0.035 ms clock, 0.29+0.63/0.57/0+0.14 ms cpu, 3->3->1 MB, 4 MB goal, 0 MB stacks, 0 MB globals, 4 P
gc 5495 @61.604s 3%: 0.052+1.3+0.074 ms clock, 0.20+0.46/0.55/0+0.29 ms cpu, 3->3->1 MB, 4 MB goal, 0 MB stacks, 0 MB globals, 4 P
gc 5496 @61.609s 3%: 0.048+1.0+0.078 ms clock, 0.19+0.84/0.59/0+0.31 ms cpu, 3->3->1 MB, 4 MB goal, 0 MB stacks, 0 MB globals, 4 P
gc 5497 @61.615s 3%: 0.092+1.0+0.028 ms clock, 0.36+0.58/0.56/0+0.11 ms cpu, 3->3->1 MB, 4 MB goal, 0 MB stacks, 0 MB globals, 4 P
gc 5498 @61.619s 3%: 0.042+1.4+0.023 ms clock, 0.17+1.5/0.64/0+0.094 ms cpu, 3->3->1 MB, 4 MB goal, 0 MB stacks, 0 MB globals, 4 P
gc 5499 @61.625s 3%: 0.28+0.73+0.032 ms clock, 1.1+0.69/0.92/0+0.12 ms cpu, 3->3->1 MB, 4 MB goal, 0 MB stacks, 0 MB globals, 4 P
gc 5500 @61.629s 3%: 0.92+0.45+0.098 ms clock, 3.7+0.81/0.89/0+0.39 ms cpu, 3->3->1 MB, 4 MB goal, 0 MB stacks, 0 MB globals, 4 P
gc 5501 @61.635s 3%: 0.054+0.62+0.036 ms clock, 0.21+0.73/0.48/0+0.14 ms cpu, 3->3->1 MB, 4 MB goal, 0 MB stacks, 0 MB globals, 4 P
gc 5502 @61.639s 3%: 0.037+0.67+0.053 ms clock, 0.15+0.73/0.55/0+0.21 ms cpu, 3->3->1 MB, 4 MB goal, 0 MB stacks, 0 MB globals, 4 P
gc 5503 @61.644s 3%: 0.082+0.55+0.033 ms clock, 0.33+0.64/0.47/0+0.13 ms cpu, 3->3->1 MB, 4 MB goal, 0 MB stacks, 0 MB globals, 4 P
gc 5504 @61.649s 3%: 0.024+0.65+0.053 ms clock, 0.099+0.62/0.50/0+0.21 ms cpu, 3->3->1 MB, 4 MB goal, 0 MB stacks, 0 MB globals, 4 P
gc 5505 @61.654s 3%: 0.048+0.65+0.068 ms clock, 0.19+0.87/0.53/0+0.27 ms cpu, 3->3->1 MB, 4 MB goal, 0 MB stacks, 0 MB globals, 4 P
gc 5506 @61.659s 3%: 0.066+1.6+0.026 ms clock, 0.26+0.64/0.63/0+0.10 ms cpu, 3->3->1 MB, 4 MB goal, 0 MB stacks, 0 MB globals, 4 P
gc 5507 @61.664s 3%: 0.069+1.3+0.030 ms clock, 0.27+0.61/0.67/0+0.12 ms cpu, 3->3->1 MB, 4 MB goal, 0 MB stacks, 0 MB globals, 4 P
gc 5508 @61.669s 3%: 0.058+0.72+0.045 ms clock, 0.23+0.89/0.59/0+0.18 ms cpu, 3->3->1 MB, 4 MB goal, 0 MB stacks, 0 MB globals, 4 P
gc 5509 @61.674s 3%: 0.057+0.83+0.035 ms clock, 0.23+0.95/0.77/0+0.14 ms cpu, 3->3->1 MB, 4 MB goal, 0 MB stacks, 0 MB globals, 4 P
gc 5510 @61.679s 3%: 0.055+1.6+0.004 ms clock, 0.22+0.34/0.59/0+0.019 ms cpu, 3->3->1 MB, 4 MB goal, 0 MB stacks, 0 MB globals, 4 P
gc 5511 @61.684s 3%: 0.078+0.70+0.028 ms clock, 0.31+1.1/0.65/0+0.11 ms cpu, 3->3->1 MB, 4 MB goal, 0 MB stacks, 0 MB globals, 4 P
gc 5512 @61.689s 3%: 0.083+1.3+0.024 ms clock, 0.33+1.1/0/0+0.096 ms cpu, 3->3->1 MB, 4 MB goal, 0 MB stacks, 0 MB globals, 4 P
gc 5513 @61.694s 3%: 0.093+1.7+0.059 ms clock, 0.37+0.55/0.83/0+0.23 ms cpu, 3->3->1 MB, 4 MB goal, 0 MB stacks, 0 MB globals, 4 P
gc 5514 @61.699s 3%: 0.26+1.1+0.089 ms clock, 1.0+1.5/0.57/0+0.35 ms cpu, 3->3->1 MB, 4 MB goal, 0 MB stacks, 0 MB globals, 4 P
gc 5515 @61.704s 3%: 0.10+1.7+0.007 ms clock, 0.40+0.43/0.60/0+0.030 ms cpu, 3->3->1 MB, 4 MB goal, 0 MB stacks, 0 MB globals, 4 P
gc 5516 @61.709s 3%: 0.42+0.84+0.036 ms clock, 1.6+0.46/1.0/0+0.14 ms cpu, 3->3->1 MB, 4 MB goal, 0 MB stacks, 0 MB globals, 4 P
gc 5517 @61.714s 3%: 0.056+0.99+0.027 ms clock, 0.22+0.80/0.45/0+0.11 ms cpu, 3->3->1 MB, 4 MB goal, 0 MB stacks, 0 MB globals, 4 P
gc 5518 @61.719s 3%: 0.038+0.83+0.021 ms clock, 0.15+1.0/0.004/0+0.084 ms cpu, 3->3->1 MB, 4 MB goal, 0 MB stacks, 0 MB globals, 4 P
gc 5519 @61.724s 3%: 0.29+0.91+0.038 ms clock, 1.1+0.37/1.0/0.001+0.15 ms cpu, 3->3->1 MB, 4 MB goal, 0 MB stacks, 0 MB globals, 4 P
gc 5520 @61.729s 3%: 0.075+0.68+0.021 ms clock, 0.30+0.73/0.57/0+0.084 ms cpu, 3->3->1 MB, 4 MB goal, 0 MB stacks, 0 MB globals, 4 P
gc 5521 @61.734s 3%: 0.069+0.63+0.024 ms clock, 0.27+0.73/0.49/0+0.096 ms cpu, 3->3->1 MB, 4 MB goal, 0 MB stacks, 0 MB globals, 4 P
gc 5522 @61.739s 3%: 0.044+0.69+0.036 ms clock, 0.17+0.87/0.48/0+0.14 ms cpu, 3->3->1 MB, 4 MB goal, 0 MB stacks, 0 MB globals, 4 P
gc 5523 @61.744s 3%: 0.038+2.0+0.029 ms clock, 0.15+0.52/0.77/0+0.11 ms cpu, 3->3->1 MB, 4 MB goal, 0 MB stacks, 0 MB globals, 4 P
gc 5524 @61.749s 3%: 0.10+1.2+0.079 ms clock, 0.42+0.61/0.55/0+0.31 ms cpu, 3->3->1 MB, 4 MB goal, 0 MB stacks, 0 MB globals, 4 P
gc 5525 @61.754s 3%: 0.093+1.0+0.016 ms clock, 0.37+0.50/0.53/0+0.066 ms cpu, 3->3->1 MB, 4 MB goal, 0 MB stacks, 0 MB globals, 4 P
gc 5526 @61.759s 3%: 0.078+1.0+0.035 ms clock, 0.31+0.76/0.54/0+0.14 ms cpu, 3->3->1 MB, 4 MB goal, 0 MB stacks, 0 MB globals, 4 P
gc 5527 @61.765s 3%: 0.074+0.86+0.047 ms clock, 0.29+1.1/0.002/0+0.19 ms cpu, 3->3->1 MB, 4 MB goal, 0 MB stacks, 0 MB globals, 4 P
gc 5528 @61.769s 3%: 0.058+1.0+0.028 ms clock, 0.23+0.42/0.61/0+0.11 ms cpu, 3->3->1 MB, 4 MB goal, 0 MB stacks, 0 MB globals, 4 P
gc 5529 @61.774s 3%: 0.085+0.53+0.042 ms clock, 0.34+0.76/0.44/0+0.17 ms cpu, 3->3->1 MB, 4 MB goal, 0 MB stacks, 0 MB globals, 4 P
gc 5530 @61.779s 3%: 0.073+0.77+0.076 ms clock, 0.29+0.57/0.54/0+0.30 ms cpu, 3->3->1 MB, 4 MB goal, 0 MB stacks, 0 MB globals, 4 P
gc 5531 @61.784s 3%: 0.059+0.98+0.073 ms clock, 0.23+0.47/0.87/0+0.29 ms cpu, 3->3->1 MB, 4 MB goal, 0 MB stacks, 0 MB globals, 4 P
gc 5532 @61.789s 3%: 0.069+1.1+0.042 ms clock, 0.27+0.86/0.52/0+0.17 ms cpu, 3->3->1 MB, 4 MB goal, 0 MB stacks, 0 MB globals, 4 P
gc 5533 @61.794s 3%: 0.21+0.85+0.040 ms clock, 0.84+0.77/0.83/0+0.16 ms cpu, 3->3->1 MB, 4 MB goal, 0 MB stacks, 0 MB globals, 4 P
gc 5534 @61.799s 3%: 0.071+0.69+0.043 ms clock, 0.28+0.82/0.50/0+0.17 ms cpu, 3->3->1 MB, 4 MB goal, 0 MB stacks, 0 MB globals, 4 P
gc 5535 @61.804s 3%: 0.35+1.2+0.033 ms clock, 1.4+0.37/1.4/0+0.13 ms cpu, 3->3->1 MB, 4 MB goal, 0 MB stacks, 0 MB globals, 4 P
gc 5536 @61.809s 3%: 0.95+1.1+0.007 ms clock, 3.8+0.45/1.1/0+0.028 ms cpu, 3->3->1 MB, 4 MB goal, 0 MB stacks, 0 MB globals, 4 P
gc 5537 @61.815s 3%: 0.058+0.91+0.048 ms clock, 0.23+0.97/0.84/0+0.19 ms cpu, 3->3->1 MB, 4 MB goal, 0 MB stacks, 0 MB globals, 4 P
gc 5538 @61.820s 3%: 0.43+1.1+0.020 ms clock, 1.7+0.33/0.97/0+0.083 ms cpu, 3->3->1 MB, 4 MB goal, 0 MB stacks, 0 MB globals, 4 P
gc 5539 @61.825s 3%: 0.40+0.87+0.032 ms clock, 1.6+0.51/1.0/0+0.13 ms cpu, 3->3->1 MB, 4 MB goal, 0 MB stacks, 0 MB globals, 4 P
gc 5540 @61.830s 3%: 0.39+1.6+0.048 ms clock, 1.5+0.60/1.9/0+0.19 ms cpu, 3->3->1 MB, 4 MB goal, 0 MB stacks, 0 MB globals, 4 P
gc 5541 @61.835s 3%: 0.059+1.5+0.029 ms clock, 0.23+0.33/1.1/0.033+0.11 ms cpu, 3->3->1 MB, 4 MB goal, 0 MB stacks, 0 MB globals, 4 P
gc 5542 @61.841s 3%: 0.031+0.90+0.027 ms clock, 0.12+0.68/0.82/0+0.10 ms cpu, 3->3->1 MB, 4 MB goal, 0 MB stacks, 0 MB globals, 4 P
gc 5543 @61.846s 3%: 0.097+0.57+0.023 ms clock, 0.39+0.70/0.46/0+0.095 ms cpu, 3->3->1 MB, 4 MB goal, 0 MB stacks, 0 MB globals, 4 P
gc 5544 @61.850s 3%: 0.050+0.56+0.060 ms clock, 0.20+0.75/0.46/0+0.24 ms cpu, 3->3->1 MB, 4 MB goal, 0 MB stacks, 0 MB globals, 4 P
gc 5545 @61.855s 3%: 0.091+0.62+0.033 ms clock, 0.36+0.53/0.54/0+0.13 ms cpu, 3->3->1 MB, 4 MB goal, 0 MB stacks, 0 MB globals, 4 P
gc 5546 @61.860s 3%: 0.047+1.1+0.066 ms clock, 0.19+1.0/0/0+0.26 ms cpu, 3->3->1 MB, 4 MB goal, 0 MB stacks, 0 MB globals, 4 P
gc 5547 @61.866s 3%: 0.042+1.4+0.003 ms clock, 0.16+0.88/0.79/0+0.012 ms cpu, 3->3->1 MB, 4 MB goal, 0 MB stacks, 0 MB globals, 4 P
gc 5548 @61.870s 3%: 0.049+0.62+0.037 ms clock, 0.19+0.94/0.50/0+0.14 ms cpu, 3->3->1 MB, 4 MB goal, 0 MB stacks, 0 MB globals, 4 P
gc 5549 @61.875s 3%: 0.052+0.62+0.025 ms clock, 0.20+0.70/0.51/0+0.10 ms cpu, 3->3->1 MB, 4 MB goal, 0 MB stacks, 0 MB globals, 4 P
gc 5550 @61.880s 3%: 0.077+0.56+0.062 ms clock, 0.30+0.64/0.47/0+0.25 ms cpu, 3->3->1 MB, 4 MB goal, 0 MB stacks, 0 MB globals, 4 P
gc 5551 @61.885s 3%: 0.098+0.56+0.017 ms clock, 0.39+0.56/0.48/0+0.068 ms cpu, 3->3->1 MB, 4 MB goal, 0 MB stacks, 0 MB globals, 4 P
gc 5552 @61.890s 3%: 0.045+0.53+0.020 ms clock, 0.18+0.69/0.44/0+0.080 ms cpu, 3->3->1 MB, 4 MB goal, 0 MB stacks, 0 MB globals, 4 P
gc 5553 @61.894s 3%: 0.41+1.4+0.081 ms clock, 1.6+0.28/0.90/0+0.32 ms cpu, 3->3->1 MB, 4 MB goal, 0 MB stacks, 0 MB globals, 4 P
gc 5554 @61.900s 3%: 0.25+0.81+0.025 ms clock, 1.0+0.41/0.91/0.21+0.10 ms cpu, 3->3->1 MB, 4 MB goal, 0 MB stacks, 0 MB globals, 4 P
gc 5555 @61.905s 3%: 0.055+0.90+0.036 ms clock, 0.22+0.67/0.78/0+0.14 ms cpu, 3->3->1 MB, 4 MB goal, 0 MB stacks, 0 MB globals, 4 P
gc 5556 @61.910s 3%: 1.0+0.83+0.002 ms clock, 4.0+0.54/1.3/0+0.011 ms cpu, 3->3->1 MB, 4 MB goal, 0 MB stacks, 0 MB globals, 4 P
gc 5557 @61.915s 3%: 0.050+1.5+0.044 ms clock, 0.20+0.83/0.58/0+0.17 ms cpu, 3->3->1 MB, 4 MB goal, 0 MB stacks, 0 MB globals, 4 P
gc 5558 @61.920s 3%: 0.092+1.7+0.076 ms clock, 0.37+0.43/0.64/0+0.30 ms cpu, 3->3->1 MB, 4 MB goal, 0 MB stacks, 0 MB globals, 4 P
gc 5559 @61.925s 3%: 0.054+0.58+0.028 ms clock, 0.21+0.48/0.49/0+0.11 ms cpu, 3->3->1 MB, 4 MB goal, 0 MB stacks, 0 MB globals, 4 P
gc 5560 @61.930s 3%: 0.38+0.69+0.034 ms clock, 1.5+0.14/0.96/0.035+0.13 ms cpu, 3->3->1 MB, 4 MB goal, 0 MB stacks, 0 MB globals, 4 P
gc 5561 @61.935s 3%: 0.074+1.1+0.048 ms clock, 0.29+1.0/0.002/0+0.19 ms cpu, 3->3->1 MB, 4 MB goal, 0 MB stacks, 0 MB globals, 4 P
gc 5562 @61.940s 3%: 0.057+1.2+0.027 ms clock, 0.22+0.80/0.48/0+0.11 ms cpu, 3->3->1 MB, 4 MB goal, 0 MB stacks, 0 MB globals, 4 P
gc 5563 @61.946s 3%: 0.051+0.67+0.057 ms clock, 0.20+0.81/0.49/0+0.23 ms cpu, 3->3->1 MB, 4 MB goal, 0 MB stacks, 0 MB globals, 4 P
gc 5564 @61.950s 3%: 0.047+2.1+0.042 ms clock, 0.19+0.66/0.65/0+0.17 ms cpu, 3->3->1 MB, 4 MB goal, 0 MB stacks, 0 MB globals, 4 P
gc 5565 @61.956s 3%: 0.077+1.3+0.021 ms clock, 0.30+0.53/0.67/0+0.087 ms cpu, 3->3->1 MB, 4 MB goal, 0 MB stacks, 0 MB globals, 4 P
gc 5566 @61.961s 3%: 0.050+0.99+0.030 ms clock, 0.20+0.67/0.75/0+0.12 ms cpu, 3->3->1 MB, 4 MB goal, 0 MB stacks, 0 MB globals, 4 P
gc 5567 @61.966s 3%: 0.047+0.92+0.055 ms clock, 0.19+0.63/0.51/0+0.22 ms cpu, 3->3->1 MB, 4 MB goal, 0 MB stacks, 0 MB globals, 4 P
gc 5568 @61.971s 3%: 0.082+0.99+0.020 ms clock, 0.33+1.0/0.93/0+0.081 ms cpu, 3->3->1 MB, 4 MB goal, 0 MB stacks, 0 MB globals, 4 P
gc 5569 @61.975s 3%: 0.034+0.52+0.051 ms clock, 0.13+0.85/0.40/0+0.20 ms cpu, 3->3->1 MB, 4 MB goal, 0 MB stacks, 0 MB globals, 4 P
gc 5570 @61.980s 3%: 0.092+0.60+0.060 ms clock, 0.37+0.71/0.48/0+0.24 ms cpu, 3->3->1 MB, 4 MB goal, 0 MB stacks, 0 MB globals, 4 P
gc 5571 @61.985s 3%: 0.038+1.6+0.021 ms clock, 0.15+0.57/0.62/0+0.087 ms cpu, 3->3->1 MB, 4 MB goal, 0 MB stacks, 0 MB globals, 4 P
gc 5572 @61.990s 3%: 0.023+0.89+0.028 ms clock, 0.094+1.0/0.012/0+0.11 ms cpu, 3->3->1 MB, 4 MB goal, 0 MB stacks, 0 MB globals, 4 P
gc 5573 @61.995s 3%: 0.050+0.76+0.030 ms clock, 0.20+0.84/0.59/0+0.12 ms cpu, 3->3->1 MB, 4 MB goal, 0 MB stacks, 0 MB globals, 4 P
gc 5574 @62.000s 3%: 0.058+0.58+0.021 ms clock, 0.23+0.74/0.44/0+0.084 ms cpu, 3->3->1 MB, 4 MB goal, 0 MB stacks, 0 MB globals, 4 P
gc 5575 @62.005s 3%: 0.066+1.1+0.033 ms clock, 0.26+0.86/0.52/0+0.13 ms cpu, 3->3->1 MB, 4 MB goal, 0 MB stacks, 0 MB globals, 4 P
gc 5576 @62.010s 3%: 0.053+0.76+0.074 ms clock, 0.21+0.60/0.57/0+0.29 ms cpu, 3->3->1 MB, 4 MB goal, 0 MB stacks, 0 MB globals, 4 P
gc 5577 @62.015s 3%: 0.061+1.4+0.034 ms clock, 0.24+0.44/0.63/0+0.13 ms cpu, 3->3->1 MB, 4 MB goal, 0 MB stacks, 0 MB globals, 4 P
gc 5578 @62.020s 3%: 0.057+0.66+0.038 ms clock, 0.22+0.82/0.52/0+0.15 ms cpu, 3->3->1 MB, 4 MB goal, 0 MB stacks, 0 MB globals, 4 P
gc 5579 @62.025s 3%: 0.30+2.0+0.063 ms clock, 1.2+0.41/1.1/0+0.25 ms cpu, 3->3->1 MB, 4 MB goal, 0 MB stacks, 0 MB globals, 4 P
gc 5580 @62.030s 3%: 0.10+1.4+0.023 ms clock, 0.40+0.65/0.46/0+0.092 ms cpu, 3->3->1 MB, 4 MB goal, 0 MB stacks, 0 MB globals, 4 P
gc 5581 @62.035s 3%: 0.095+0.69+0.016 ms clock, 0.38+0.38/0.61/0+0.064 ms cpu, 3->3->1 MB, 4 MB goal, 0 MB stacks, 0 MB globals, 4 P
gc 5582 @62.040s 3%: 0.037+1.0+0.046 ms clock, 0.15+0.55/0.55/0+0.18 ms cpu, 3->3->1 MB, 4 MB goal, 0 MB stacks, 0 MB globals, 4 P
gc 5583 @62.045s 3%: 0.059+0.71+0.018 ms clock, 0.23+0.71/0.57/0+0.072 ms cpu, 3->3->1 MB, 4 MB goal, 0 MB stacks, 0 MB globals, 4 P
gc 5584 @62.050s 3%: 0.35+1.1+0.022 ms clock, 1.4+0.42/1.3/0.24+0.088 ms cpu, 3->3->1 MB, 4 MB goal, 0 MB stacks, 0 MB globals, 4 P
gc 5585 @62.055s 3%: 0.11+0.74+0.040 ms clock, 0.46+0.74/0.64/0+0.16 ms cpu, 3->3->1 MB, 4 MB goal, 0 MB stacks, 0 MB globals, 4 P
gc 5586 @62.060s 3%: 0.044+1.6+0.055 ms clock, 0.17+0.75/0.59/0+0.22 ms cpu, 3->3->1 MB, 4 MB goal, 0 MB stacks, 0 MB globals, 4 P
gc 5587 @62.066s 3%: 0.40+0.78+0.026 ms clock, 1.6+0.45/1.0/0+0.10 ms cpu, 3->3->1 MB, 4 MB goal, 0 MB stacks, 0 MB globals, 4 P
gc 5588 @62.070s 3%: 0.056+0.65+0.036 ms clock, 0.22+0.72/0.50/0+0.14 ms cpu, 3->3->1 MB, 4 MB goal, 0 MB stacks, 0 MB globals, 4 P
gc 5589 @62.075s 3%: 0.34+1.6+0.042 ms clock, 1.3+0.39/0.86/0+0.16 ms cpu, 3->3->1 MB, 4 MB goal, 0 MB stacks, 0 MB globals, 4 P
gc 5590 @62.081s 3%: 0.061+1.6+0.007 ms clock, 0.24+0.51/1.3/0+0.028 ms cpu, 3->4->1 MB, 4 MB goal, 0 MB stacks, 0 MB globals, 4 P
gc 5591 @62.086s 3%: 0.32+1.5+0.022 ms clock, 1.3+0.36/1.7/0.029+0.089 ms cpu, 3->3->1 MB, 4 MB goal, 0 MB stacks, 0 MB globals, 4 P
gc 5592 @62.091s 3%: 0.055+1.3+0.039 ms clock, 0.22+0.73/0.45/0+0.15 ms cpu, 3->3->1 MB, 4 MB goal, 0 MB stacks, 0 MB globals, 4 P
gc 5593 @62.096s 3%: 0.47+1.2+0.044 ms clock, 1.8+0.31/1.0/0+0.17 ms cpu, 3->3->1 MB, 4 MB goal, 0 MB stacks, 0 MB globals, 4 P
gc 5594 @62.101s 3%: 0.041+0.65+0.036 ms clock, 0.16+1.0/0/0+0.14 ms cpu, 3->3->1 MB, 4 MB goal, 0 MB stacks, 0 MB globals, 4 P
gc 5595 @62.106s 3%: 0.052+1.6+0.070 ms clock, 0.20+0.62/0.67/0+0.28 ms cpu, 3->3->1 MB, 4 MB goal, 0 MB stacks, 0 MB globals, 4 P
gc 5596 @62.111s 3%: 0.062+1.4+0.003 ms clock, 0.24+0.41/0.62/0+0.015 ms cpu, 3->3->1 MB, 4 MB goal, 0 MB stacks, 0 MB globals, 4 P
gc 5597 @62.116s 3%: 0.059+1.8+0.046 ms clock, 0.23+0.49/0.66/0+0.18 ms cpu, 3->3->1 MB, 4 MB goal, 0 MB stacks, 0 MB globals, 4 P
gc 5598 @62.122s 3%: 0.089+1.7+0.054 ms clock, 0.35+0.50/1.3/0+0.21 ms cpu, 3->3->1 MB, 4 MB goal, 0 MB stacks, 0 MB globals, 4 P
gc 5599 @62.127s 3%: 0.072+1.2+0.051 ms clock, 0.28+0.58/0.57/0+0.20 ms cpu, 3->3->1 MB, 4 MB goal, 0 MB stacks, 0 MB globals, 4 P
gc 5600 @62.133s 3%: 0.033+0.86+0.006 ms clock, 0.13+0.54/0.69/0.11+0.027 ms cpu, 3->3->1 MB, 4 MB goal, 0 MB stacks, 0 MB globals, 4 P
gc 5601 @62.137s 3%: 0.098+0.88+0.036 ms clock, 0.39+0.61/0.78/0+0.14 ms cpu, 3->3->1 MB, 4 MB goal, 0 MB stacks, 0 MB globals, 4 P
gc 5602 @62.142s 3%: 0.059+0.65+0.096 ms clock, 0.23+0.90/0.47/0+0.38 ms cpu, 3->3->1 MB, 4 MB goal, 0 MB stacks, 0 MB globals, 4 P
gc 5603 @62.147s 3%: 0.052+1.1+0.043 ms clock, 0.21+0.57/0.68/0+0.17 ms cpu, 3->3->1 MB, 4 MB goal, 0 MB stacks, 0 MB globals, 4 P
gc 5604 @62.152s 3%: 0.069+0.90+0.066 ms clock, 0.27+0.52/0.60/0+0.26 ms cpu, 3->3->1 MB, 4 MB goal, 0 MB stacks, 0 MB globals, 4 P
gc 5605 @62.157s 3%: 0.049+0.66+0.021 ms clock, 0.19+0.84/0.55/0+0.087 ms cpu, 3->3->1 MB, 4 MB goal, 0 MB stacks, 0 MB globals, 4 P
gc 5606 @62.162s 3%: 0.067+0.52+0.024 ms clock, 0.26+0.70/0.45/0+0.097 ms cpu, 3->3->1 MB, 4 MB goal, 0 MB stacks, 0 MB globals, 4 P
gc 5607 @62.167s 3%: 0.044+1.8+0.024 ms clock, 0.17+0.54/0.46/0+0.097 ms cpu, 3->3->1 MB, 4 MB goal, 0 MB stacks, 0 MB globals, 4 P
gc 5608 @62.172s 3%: 1.0+1.8+0.034 ms clock, 4.3+0.59/2.5/0+0.13 ms cpu, 3->4->1 MB, 4 MB goal, 0 MB stacks, 0 MB globals, 4 P
gc 5609 @62.177s 3%: 1.0+0.93+0.058 ms clock, 4.0+0.43/1.1/0+0.23 ms cpu, 3->3->1 MB, 4 MB goal, 0 MB stacks, 0 MB globals, 4 P
gc 5610 @62.182s 3%: 0.11+1.8+0.053 ms clock, 0.44+0.38/0.72/0+0.21 ms cpu, 3->3->1 MB, 4 MB goal, 0 MB stacks, 0 MB globals, 4 P
gc 5611 @62.188s 3%: 0.096+1.2+0.004 ms clock, 0.38+0.51/0.61/0+0.016 ms cpu, 3->3->1 MB, 4 MB goal, 0 MB stacks, 0 MB globals, 4 P
gc 5612 @62.193s 3%: 0.068+1.0+0.029 ms clock, 0.27+0.58/0.56/0+0.11 ms cpu, 3->3->1 MB, 4 MB goal, 0 MB stacks, 0 MB globals, 4 P
gc 5613 @62.198s 3%: 0.099+1.7+0.005 ms clock, 0.39+0.65/0.45/0+0.022 ms cpu, 3->3->1 MB, 4 MB goal, 0 MB stacks, 0 MB globals, 4 P
gc 5614 @62.203s 3%: 0.073+0.66+0.039 ms clock, 0.29+0.83/0.56/0+0.15 ms cpu, 3->3->1 MB, 4 MB goal, 0 MB stacks, 0 MB globals, 4 P
gc 5615 @62.208s 3%: 0.080+1.4+0.032 ms clock, 0.32+1.0/0.59/0+0.13 ms cpu, 3->3->1 MB, 4 MB goal, 0 MB stacks, 0 MB globals, 4 P
gc 5616 @62.213s 3%: 0.036+0.94+0.060 ms clock, 0.14+0.42/0.54/0+0.24 ms cpu, 3->3->1 MB, 4 MB goal, 0 MB stacks, 0 MB globals, 4 P
gc 5617 @62.218s 3%: 0.096+0.70+0.053 ms clock, 0.38+0.83/0.53/0+0.21 ms cpu, 3->3->1 MB, 4 MB goal, 0 MB stacks, 0 MB globals, 4 P
gc 5618 @62.223s 3%: 0.36+0.89+0.078 ms clock, 1.4+0.52/0.99/0+0.31 ms cpu, 3->3->1 MB, 4 MB goal, 0 MB stacks, 0 MB globals, 4 P
gc 5619 @62.228s 3%: 0.057+0.86+0.003 ms clock, 0.22+0.52/0.50/0+0.014 ms cpu, 3->3->1 MB, 4 MB goal, 0 MB stacks, 0 MB globals, 4 P
gc 5620 @62.233s 3%: 0.28+2.2+0.072 ms clock, 1.1+0.50/2.3/0.012+0.28 ms cpu, 3->4->1 MB, 4 MB goal, 0 MB stacks, 0 MB globals, 4 P
gc 5621 @62.238s 3%: 0.090+0.63+0.026 ms clock, 0.36+0.46/0.47/0.11+0.10 ms cpu, 3->3->1 MB, 4 MB goal, 0 MB stacks, 0 MB globals, 4 P
gc 5622 @62.243s 3%: 0.052+0.60+0.017 ms clock, 0.21+0.80/0.50/0+0.070 ms cpu, 3->3->1 MB, 4 MB goal, 0 MB stacks, 0 MB globals, 4 P
gc 5623 @62.248s 3%: 0.091+0.71+0.036 ms clock, 0.36+0.85/0.61/0+0.14 ms cpu, 3->3->1 MB, 4 MB goal, 0 MB stacks, 0 MB globals, 4 P
gc 5624 @62.253s 3%: 0.048+0.68+0.039 ms clock, 0.19+0.81/0.55/0+0.15 ms cpu, 3->3->1 MB, 4 MB goal, 0 MB stacks, 0 MB globals, 4 P
gc 5625 @62.258s 3%: 0.049+1.5+0.073 ms clock, 0.19+0.60/0.98/0+0.29 ms cpu, 3->3->1 MB, 4 MB goal, 0 MB stacks, 0 MB globals, 4 P
gc 5626 @62.263s 3%: 0.041+0.57+0.037 ms clock, 0.16+0.75/0.44/0+0.15 ms cpu, 3->3->1 MB, 4 MB goal, 0 MB stacks, 0 MB globals, 4 P
gc 5627 @62.267s 3%: 0.041+1.1+0.028 ms clock, 0.16+0.66/0.64/0+0.11 ms cpu, 3->3->1 MB, 4 MB goal, 0 MB stacks, 0 MB globals, 4 P
gc 5628 @62.272s 3%: 0.088+1.8+0.051 ms clock, 0.35+0.45/0.93/0+0.20 ms cpu, 3->3->1 MB, 4 MB goal, 0 MB stacks, 0 MB globals, 4 P
gc 5629 @62.278s 3%: 0.34+1.0+0.024 ms clock, 1.3+0.42/1.2/0+0.097 ms cpu, 3->3->1 MB, 4 MB goal, 0 MB stacks, 0 MB globals, 4 P
gc 5630 @62.283s 3%: 0.30+0.70+0.038 ms clock, 1.2+0.29/0.85/0.15+0.15 ms cpu, 3->3->1 MB, 4 MB goal, 0 MB stacks, 0 MB globals, 4 P
gc 5631 @62.288s 3%: 0.039+1.0+0.033 ms clock, 0.15+0.44/0.52/0+0.13 ms cpu, 3->3->1 MB, 4 MB goal, 0 MB stacks, 0 MB globals, 4 P
gc 5632 @62.293s 3%: 1.9+0.54+0.031 ms clock, 7.8+0.33/2.2/0+0.12 ms cpu, 3->3->1 MB, 4 MB goal, 0 MB stacks, 0 MB globals, 4 P
gc 5633 @62.298s 3%: 0.035+0.90+0.046 ms clock, 0.14+0.93/0.093/0+0.18 ms cpu, 3->3->1 MB, 4 MB goal, 0 MB stacks, 0 MB globals, 4 P
gc 5634 @62.303s 3%: 0.049+0.80+0.032 ms clock, 0.19+0.71/0.70/0+0.13 ms cpu, 3->3->1 MB, 4 MB goal, 0 MB stacks, 0 MB globals, 4 P
gc 5635 @62.308s 3%: 1.1+0.95+0.025 ms clock, 4.5+0.62/1.1/0+0.10 ms cpu, 3->3->1 MB, 4 MB goal, 0 MB stacks, 0 MB globals, 4 P
gc 5636 @62.313s 3%: 0.067+0.69+0.023 ms clock, 0.26+0.78/0.54/0+0.092 ms cpu, 3->3->1 MB, 4 MB goal, 0 MB stacks, 0 MB globals, 4 P
gc 5637 @62.318s 3%: 0.056+0.77+0.080 ms clock, 0.22+0.89/0.63/0+0.32 ms cpu, 3->3->1 MB, 4 MB goal, 0 MB stacks, 0 MB globals, 4 P
gc 5638 @62.323s 3%: 0.051+0.55+0.032 ms clock, 0.20+0.84/0.42/0+0.12 ms cpu, 3->3->1 MB, 4 MB goal, 0 MB stacks, 0 MB globals, 4 P
gc 5639 @62.328s 3%: 0.066+1.9+0.022 ms clock, 0.26+0.52/0.78/0+0.090 ms cpu, 3->3->1 MB, 4 MB goal, 0 MB stacks, 0 MB globals, 4 P
gc 5640 @62.333s 3%: 0.088+0.58+0.043 ms clock, 0.35+0.77/0.40/0+0.17 ms cpu, 3->3->1 MB, 4 MB goal, 0 MB stacks, 0 MB globals, 4 P
gc 5641 @62.338s 3%: 0.060+0.82+0.060 ms clock, 0.24+0.77/0.62/0+0.24 ms cpu, 3->3->1 MB, 4 MB goal, 0 MB stacks, 0 MB globals, 4 P
gc 5642 @62.343s 3%: 0.079+1.2+0.029 ms clock, 0.31+0.66/0.49/0+0.11 ms cpu, 3->3->1 MB, 4 MB goal, 0 MB stacks, 0 MB globals, 4 P
gc 5643 @62.348s 3%: 0.079+0.74+0.042 ms clock, 0.31+0.64/0.58/0+0.17 ms cpu, 3->3->1 MB, 4 MB goal, 0 MB stacks, 0 MB globals, 4 P
gc 5644 @62.353s 3%: 0.078+1.2+0.032 ms clock, 0.31+0.48/0.58/0+0.13 ms cpu, 3->3->1 MB, 4 MB goal, 0 MB stacks, 0 MB globals, 4 P
gc 5645 @62.358s 3%: 0.11+2.4+0.061 ms clock, 0.44+0.87/0.88/0+0.24 ms cpu, 3->3->1 MB, 4 MB goal, 0 MB stacks, 0 MB globals, 4 P
gc 5646 @62.363s 3%: 0.094+1.2+0.023 ms clock, 0.37+0.59/0.49/0+0.094 ms cpu, 3->3->1 MB, 4 MB goal, 0 MB stacks, 0 MB globals, 4 P
gc 5647 @62.369s 3%: 0.075+0.84+0.023 ms clock, 0.30+0.60/0.69/0+0.095 ms cpu, 3->3->1 MB, 4 MB goal, 0 MB stacks, 0 MB globals, 4 P
gc 5648 @62.373s 3%: 0.38+1.4+0.054 ms clock, 1.5+0.28/1.0/0+0.21 ms cpu, 3->3->1 MB, 4 MB goal, 0 MB stacks, 0 MB globals, 4 P
gc 5649 @62.379s 3%: 0.022+0.55+0.035 ms clock, 0.088+0.82/0.45/0+0.14 ms cpu, 3->3->1 MB, 4 MB goal, 0 MB stacks, 0 MB globals, 4 P
gc 5650 @62.384s 3%: 0.064+1.1+0.059 ms clock, 0.25+0.54/0.66/0+0.23 ms cpu, 3->3->1 MB, 4 MB goal, 0 MB stacks, 0 MB globals, 4 P
gc 5651 @62.389s 3%: 0.082+1.5+0.064 ms clock, 0.33+0.67/0.70/0+0.25 ms cpu, 3->3->1 MB, 4 MB goal, 0 MB stacks, 0 MB globals, 4 P
gc 5652 @62.394s 3%: 0.24+0.93+0.019 ms clock, 0.96+0.68/1.0/0+0.076 ms cpu, 3->3->1 MB, 4 MB goal, 0 MB stacks, 0 MB globals, 4 P
gc 5653 @62.399s 3%: 0.098+1.7+0.021 ms clock, 0.39+0.39/0.68/0+0.086 ms cpu, 3->3->1 MB, 4 MB goal, 0 MB stacks, 0 MB globals, 4 P
gc 5654 @62.404s 3%: 0.028+1.3+0.015 ms clock, 0.11+0.87/0.45/0+0.062 ms cpu, 3->3->1 MB, 4 MB goal, 0 MB stacks, 0 MB globals, 4 P
gc 5655 @62.409s 3%: 0.040+1.6+0.040 ms clock, 0.16+0.45/0.51/0+0.16 ms cpu, 3->3->1 MB, 4 MB goal, 0 MB stacks, 0 MB globals, 4 P
gc 5656 @62.415s 3%: 0.029+0.74+0.040 ms clock, 0.11+0.86/0.56/0+0.16 ms cpu, 3->3->1 MB, 4 MB goal, 0 MB stacks, 0 MB globals, 4 P
gc 5657 @62.419s 3%: 0.046+0.66+0.025 ms clock, 0.18+0.83/0.53/0+0.10 ms cpu, 3->3->1 MB, 4 MB goal, 0 MB stacks, 0 MB globals, 4 P
gc 5658 @62.424s 3%: 0.082+1.0+0.019 ms clock, 0.32+0.34/0.61/0+0.076 ms cpu, 3->3->1 MB, 4 MB goal, 0 MB stacks, 0 MB globals, 4 P
gc 5659 @62.429s 3%: 0.30+1.0+0.027 ms clock, 1.2+0.70/1.2/0+0.11 ms cpu, 3->3->1 MB, 4 MB goal, 0 MB stacks, 0 MB globals, 4 P
gc 5660 @62.434s 3%: 0.33+1.6+0.041 ms clock, 1.3+0.39/1.2/0+0.16 ms cpu, 3->3->1 MB, 4 MB goal, 0 MB stacks, 0 MB globals, 4 P
gc 5661 @62.439s 3%: 0.25+1.5+0.030 ms clock, 1.0+1.4/0.78/0+0.12 ms cpu, 3->3->1 MB, 4 MB goal, 0 MB stacks, 0 MB globals, 4 P
gc 5662 @62.444s 3%: 0.041+0.59+0.043 ms clock, 0.16+0.69/0.44/0+0.17 ms cpu, 3->3->1 MB, 4 MB goal, 0 MB stacks, 0 MB globals, 4 P
gc 5663 @62.449s 3%: 0.065+1.5+0.029 ms clock, 0.26+0.58/0.62/0+0.11 ms cpu, 3->3->1 MB, 4 MB goal, 0 MB stacks, 0 MB globals, 4 P
gc 5664 @62.454s 3%: 0.094+0.57+0.032 ms clock, 0.37+0.84/0.43/0+0.13 ms cpu, 3->3->1 MB, 4 MB goal, 0 MB stacks, 0 MB globals, 4 P
gc 5665 @62.459s 3%: 0.065+1.8+0.028 ms clock, 0.26+0.56/0.46/0+0.11 ms cpu, 3->3->1 MB, 4 MB goal, 0 MB stacks, 0 MB globals, 4 P
gc 5666 @62.464s 3%: 0.097+0.95+0.089 ms clock, 0.39+0.51/0.55/0+0.35 ms cpu, 3->3->1 MB, 4 MB goal, 0 MB stacks, 0 MB globals, 4 P
gc 5667 @62.469s 3%: 0.060+2.2+0.059 ms clock, 0.24+0.55/0.47/0+0.23 ms cpu, 3->3->1 MB, 4 MB goal, 0 MB stacks, 0 MB globals, 4 P
gc 5668 @62.475s 3%: 0.080+1.1+0.039 ms clock, 0.32+0.49/0.54/0+0.15 ms cpu, 3->3->1 MB, 4 MB goal, 0 MB stacks, 0 MB globals, 4 P
gc 5669 @62.480s 3%: 0.37+1.8+0.089 ms clock, 1.4+0.36/1.0/0+0.35 ms cpu, 3->3->1 MB, 4 MB goal, 0 MB stacks, 0 MB globals, 4 P
gc 5670 @62.485s 3%: 0.10+1.1+0.026 ms clock, 0.40+1.1/0/0+0.10 ms cpu, 3->3->1 MB, 4 MB goal, 0 MB stacks, 0 MB globals, 4 P
gc 5671 @62.490s 3%: 0.31+0.62+0.006 ms clock, 1.2+0.61/0.77/0.13+0.025 ms cpu, 3->3->1 MB, 4 MB goal, 0 MB stacks, 0 MB globals, 4 P
gc 5672 @62.495s 3%: 0.078+1.7+0.064 ms clock, 0.31+0.64/0.58/0+0.25 ms cpu, 3->3->1 MB, 4 MB goal, 0 MB stacks, 0 MB globals, 4 P
gc 5673 @62.500s 3%: 0.047+0.68+0.051 ms clock, 0.18+0.86/0.54/0+0.20 ms cpu, 3->3->1 MB, 4 MB goal, 0 MB stacks, 0 MB globals, 4 P
gc 5674 @62.505s 3%: 0.081+1.4+0.070 ms clock, 0.32+1.0/0.022/0+0.28 ms cpu, 3->3->1 MB, 4 MB goal, 0 MB stacks, 0 MB globals, 4 P
gc 5675 @62.510s 3%: 0.056+1.6+0.016 ms clock, 0.22+0.63/0.54/0+0.065 ms cpu, 3->3->1 MB, 4 MB goal, 0 MB stacks, 0 MB globals, 4 P
gc 5676 @62.515s 3%: 0.064+1.5+0.060 ms clock, 0.25+1.8/0.51/0+0.24 ms cpu, 3->3->1 MB, 4 MB goal, 0 MB stacks, 0 MB globals, 4 P
gc 5677 @62.520s 3%: 0.067+1.9+0.038 ms clock, 0.27+0.65/0.64/0+0.15 ms cpu, 3->3->1 MB, 4 MB goal, 0 MB stacks, 0 MB globals, 4 P
gc 5678 @62.526s 3%: 0.073+1.2+0.072 ms clock, 0.29+0.42/0.66/0+0.29 ms cpu, 3->3->1 MB, 4 MB goal, 0 MB stacks, 0 MB globals, 4 P
gc 5679 @62.531s 3%: 0.022+2.0+0.073 ms clock, 0.091+0.68/0.74/0+0.29 ms cpu, 3->3->1 MB, 4 MB goal, 0 MB stacks, 0 MB globals, 4 P
gc 5680 @62.536s 3%: 0.065+0.89+0.003 ms clock, 0.26+0.41/0.54/0+0.015 ms cpu, 3->3->1 MB, 4 MB goal, 0 MB stacks, 0 MB globals, 4 P
gc 5681 @62.541s 3%: 0.46+1.0+0.081 ms clock, 1.8+0.24/1.1/0+0.32 ms cpu, 3->3->1 MB, 4 MB goal, 0 MB stacks, 0 MB globals, 4 P
gc 5682 @62.547s 3%: 0.053+1.4+0.019 ms clock, 0.21+0.26/0.65/0+0.079 ms cpu, 3->4->1 MB, 4 MB goal, 0 MB stacks, 0 MB globals, 4 P
gc 5683 @62.552s 3%: 0.071+0.52+0.032 ms clock, 0.28+0.79/0.44/0+0.12 ms cpu, 3->3->1 MB, 4 MB goal, 0 MB stacks, 0 MB globals, 4 P
gc 5684 @62.556s 3%: 0.098+1.0+0.080 ms clock, 0.39+0.73/0.51/0+0.32 ms cpu, 3->3->1 MB, 4 MB goal, 0 MB stacks, 0 MB globals, 4 P
gc 5685 @62.561s 3%: 0.042+0.69+0.025 ms clock, 0.17+0.63/0.56/0+0.10 ms cpu, 3->3->1 MB, 4 MB goal, 0 MB stacks, 0 MB globals, 4 P
gc 5686 @62.566s 3%: 0.050+0.97+0.076 ms clock, 0.20+0.79/0.51/0+0.30 ms cpu, 3->3->1 MB, 4 MB goal, 0 MB stacks, 0 MB globals, 4 P
gc 5687 @62.571s 3%: 0.066+0.57+0.054 ms clock, 0.26+0.67/0.44/0+0.21 ms cpu, 3->3->1 MB, 4 MB goal, 0 MB stacks, 0 MB globals, 4 P
gc 5688 @62.576s 3%: 0.046+1.5+0.086 ms clock, 0.18+0.77/0.57/0+0.34 ms cpu, 3->3->1 MB, 4 MB goal, 0 MB stacks, 0 MB globals, 4 P
gc 5689 @62.582s 3%: 0.084+1.5+0.031 ms clock, 0.33+0.29/0.65/0+0.12 ms cpu, 3->3->1 MB, 4 MB goal, 0 MB stacks, 0 MB globals, 4 P
gc 5690 @62.586s 3%: 0.068+1.1+0.081 ms clock, 0.27+0.78/0.53/0+0.32 ms cpu, 3->3->1 MB, 4 MB goal, 0 MB stacks, 0 MB globals, 4 P
gc 5691 @62.591s 3%: 0.066+1.2+0.034 ms clock, 0.26+0.37/0.54/0+0.13 ms cpu, 3->3->1 MB, 4 MB goal, 0 MB stacks, 0 MB globals, 4 P
gc 5692 @62.597s 3%: 0.10+1.0+0.003 ms clock, 0.40+0.37/0.68/0+0.015 ms cpu, 3->3->1 MB, 4 MB goal, 0 MB stacks, 0 MB globals, 4 P
gc 5693 @62.602s 3%: 0.090+1.7+0.060 ms clock, 0.36+0.45/0.73/0+0.24 ms cpu, 3->3->1 MB, 4 MB goal, 0 MB stacks, 0 MB globals, 4 P
gc 5694 @62.607s 3%: 0.050+0.76+0.031 ms clock, 0.20+0.79/0.65/0+0.12 ms cpu, 3->3->1 MB, 4 MB goal, 0 MB stacks, 0 MB globals, 4 P
gc 5695 @62.612s 3%: 0.060+0.62+0.030 ms clock, 0.24+0.54/0.51/0+0.12 ms cpu, 3->3->1 MB, 4 MB goal, 0 MB stacks, 0 MB globals, 4 P
gc 5696 @62.617s 3%: 0.050+1.0+0.037 ms clock, 0.20+0.56/0.50/0+0.15 ms cpu, 3->3->1 MB, 4 MB goal, 0 MB stacks, 0 MB globals, 4 P
gc 5697 @62.622s 3%: 0.064+1.1+0.028 ms clock, 0.25+0.98/0.65/0+0.11 ms cpu, 3->3->1 MB, 4 MB goal, 0 MB stacks, 0 MB globals, 4 P
gc 5698 @62.627s 3%: 0.063+1.1+0.030 ms clock, 0.25+0.54/0.66/0+0.12 ms cpu, 3->3->1 MB, 4 MB goal, 0 MB stacks, 0 MB globals, 4 P
gc 5699 @62.632s 3%: 0.062+1.0+0.045 ms clock, 0.24+0.69/0.47/0+0.18 ms cpu, 3->3->1 MB, 4 MB goal, 0 MB stacks, 0 MB globals, 4 P
gc 5700 @62.637s 3%: 1.3+0.63+0.057 ms clock, 5.5+0.43/1.7/0+0.22 ms cpu, 3->3->1 MB, 4 MB goal, 0 MB stacks, 0 MB globals, 4 P
gc 5701 @62.642s 3%: 0.32+1.5+0.040 ms clock, 1.3+0.51/0.97/0+0.16 ms cpu, 3->3->1 MB, 4 MB goal, 0 MB stacks, 0 MB globals, 4 P
gc 5702 @62.647s 3%: 0.34+1.4+0.031 ms clock, 1.3+0.44/1.2/0+0.12 ms cpu, 3->3->1 MB, 4 MB goal, 0 MB stacks, 0 MB globals, 4 P
gc 5703 @62.652s 3%: 0.064+0.64+0.025 ms clock, 0.25+0.59/0.51/0+0.10 ms cpu, 3->3->1 MB, 4 MB goal, 0 MB stacks, 0 MB globals, 4 P
gc 5704 @62.657s 3%: 0.059+2.2+0.066 ms clock, 0.23+0.55/0.64/0+0.26 ms cpu, 3->4->1 MB, 4 MB goal, 0 MB stacks, 0 MB globals, 4 P
gc 5705 @62.663s 3%: 0.043+0.55+0.028 ms clock, 0.17+0.86/0.43/0+0.11 ms cpu, 3->3->1 MB, 4 MB goal, 0 MB stacks, 0 MB globals, 4 P
gc 5706 @62.667s 3%: 0.098+1.1+0.025 ms clock, 0.39+0.51/0.59/0+0.10 ms cpu, 3->3->1 MB, 4 MB goal, 0 MB stacks, 0 MB globals, 4 P
gc 5707 @62.672s 3%: 0.068+1.2+0.040 ms clock, 0.27+1.1/0.001/0+0.16 ms cpu, 3->3->1 MB, 4 MB goal, 0 MB stacks, 0 MB globals, 4 P
gc 5708 @62.678s 3%: 0.12+1.0+0.034 ms clock, 0.48+0.49/0.54/0+0.13 ms cpu, 3->3->1 MB, 4 MB goal, 0 MB stacks, 0 MB globals, 4 P
gc 5709 @62.683s 3%: 0.057+0.59+0.051 ms clock, 0.22+0.73/0.49/0+0.20 ms cpu, 3->3->1 MB, 4 MB goal, 0 MB stacks, 0 MB globals, 4 P
gc 5710 @62.687s 3%: 0.025+0.75+0.075 ms clock, 0.10+0.87/0.55/0+0.30 ms cpu, 3->3->1 MB, 4 MB goal, 0 MB stacks, 0 MB globals, 4 P
gc 5711 @62.692s 3%: 0.074+1.1+0.12 ms clock, 0.29+1.0/0.87/0.017+0.49 ms cpu, 3->3->1 MB, 4 MB goal, 0 MB stacks, 0 MB globals, 4 P
gc 5712 @62.698s 3%: 0.036+0.80+0.033 ms clock, 0.14+0.70/0.69/0+0.13 ms cpu, 3->3->1 MB, 4 MB goal, 0 MB stacks, 0 MB globals, 4 P
gc 5713 @62.703s 3%: 0.063+1.4+0.050 ms clock, 0.25+0.94/0.42/0+0.20 ms cpu, 3->3->1 MB, 4 MB goal, 0 MB stacks, 0 MB globals, 4 P
gc 5714 @62.708s 3%: 0.051+0.73+0.028 ms clock, 0.20+0.78/0.51/0+0.11 ms cpu, 3->3->1 MB, 4 MB goal, 0 MB stacks, 0 MB globals, 4 P
gc 5715 @62.713s 3%: 0.050+0.86+0.021 ms clock, 0.20+0.82/0.40/0+0.087 ms cpu, 3->3->1 MB, 4 MB goal, 0 MB stacks, 0 MB globals, 4 P
gc 5716 @62.718s 3%: 0.10+1.8+0.018 ms clock, 0.41+0.27/0.69/0+0.073 ms cpu, 3->3->1 MB, 4 MB goal, 0 MB stacks, 0 MB globals, 4 P
gc 5717 @62.723s 3%: 0.032+0.74+0.051 ms clock, 0.12+0.81/0.62/0+0.20 ms cpu, 3->3->1 MB, 4 MB goal, 0 MB stacks, 0 MB globals, 4 P
gc 5718 @62.728s 3%: 0.080+0.78+0.012 ms clock, 0.32+0.78/0.65/0+0.048 ms cpu, 3->3->1 MB, 4 MB goal, 0 MB stacks, 0 MB globals, 4 P
gc 5719 @62.733s 3%: 0.076+1.6+0.003 ms clock, 0.30+0.66/0.55/0+0.014 ms cpu, 3->3->1 MB, 4 MB goal, 0 MB stacks, 0 MB globals, 4 P
gc 5720 @62.738s 3%: 0.085+1.6+0.041 ms clock, 0.34+0.45/0.58/0+0.16 ms cpu, 3->3->1 MB, 4 MB goal, 0 MB stacks, 0 MB globals, 4 P
gc 5721 @62.743s 3%: 0.071+0.78+0.073 ms clock, 0.28+0.97/0.48/0+0.29 ms cpu, 3->3->1 MB, 4 MB goal, 0 MB stacks, 0 MB globals, 4 P
gc 5722 @62.748s 3%: 0.070+1.1+0.036 ms clock, 0.28+0.37/0.62/0+0.14 ms cpu, 3->3->1 MB, 4 MB goal, 0 MB stacks, 0 MB globals, 4 P
gc 5723 @62.753s 3%: 0.064+1.0+0.034 ms clock, 0.25+1.1/0.56/0+0.13 ms cpu, 3->3->1 MB, 4 MB goal, 0 MB stacks, 0 MB globals, 4 P
gc 5724 @62.758s 3%: 0.075+1.1+0.035 ms clock, 0.30+1.1/0.024/0+0.14 ms cpu, 3->3->1 MB, 4 MB goal, 0 MB stacks, 0 MB globals, 4 P
gc 5725 @62.763s 3%: 0.043+1.6+0.064 ms clock, 0.17+0.57/0.65/0+0.25 ms cpu, 3->3->1 MB, 4 MB goal, 0 MB stacks, 0 MB globals, 4 P
gc 5726 @62.768s 3%: 0.075+1.3+0.029 ms clock, 0.30+0.44/0.90/0.010+0.11 ms cpu, 3->3->1 MB, 4 MB goal, 0 MB stacks, 0 MB globals, 4 P
gc 5727 @62.773s 3%: 0.083+0.93+0.031 ms clock, 0.33+0.57/0.76/0+0.12 ms cpu, 3->3->1 MB, 4 MB goal, 0 MB stacks, 0 MB globals, 4 P
gc 5728 @62.778s 3%: 0.047+0.71+0.019 ms clock, 0.19+0.56/0.59/0+0.078 ms cpu, 3->3->1 MB, 4 MB goal, 0 MB stacks, 0 MB globals, 4 P
gc 5729 @62.783s 3%: 0.057+0.66+0.059 ms clock, 0.22+0.88/0.50/0+0.23 ms cpu, 3->3->1 MB, 4 MB goal, 0 MB stacks, 0 MB globals, 4 P
gc 5730 @62.788s 3%: 0.067+0.58+0.022 ms clock, 0.27+1.1/0.001/0+0.090 ms cpu, 3->3->1 MB, 4 MB goal, 0 MB stacks, 0 MB globals, 4 P
gc 5731 @62.793s 3%: 0.058+0.91+0.062 ms clock, 0.23+0.49/0.49/0+0.24 ms cpu, 3->3->1 MB, 4 MB goal, 0 MB stacks, 0 MB globals, 4 P
gc 5732 @62.799s 3%: 0.047+0.63+0.040 ms clock, 0.19+0.80/0.50/0+0.16 ms cpu, 3->3->1 MB, 4 MB goal, 0 MB stacks, 0 MB globals, 4 P
gc 5733 @62.804s 3%: 0.10+0.99+0.047 ms clock, 0.41+1.1/0.008/0+0.19 ms cpu, 3->3->1 MB, 4 MB goal, 0 MB stacks, 0 MB globals, 4 P
gc 5734 @62.809s 3%: 0.054+1.5+0.042 ms clock, 0.21+0.61/0.50/0+0.17 ms cpu, 3->3->1 MB, 4 MB goal, 0 MB stacks, 0 MB globals, 4 P
gc 5735 @62.814s 3%: 0.031+0.82+0.022 ms clock, 0.12+0.63/0.72/0+0.090 ms cpu, 3->3->1 MB, 4 MB goal, 0 MB stacks, 0 MB globals, 4 P
gc 5736 @62.819s 3%: 0.050+1.3+0.031 ms clock, 0.20+0.83/0.19/0+0.12 ms cpu, 3->3->1 MB, 4 MB goal, 0 MB stacks, 0 MB globals, 4 P
gc 5737 @62.824s 3%: 0.24+1.5+0.073 ms clock, 0.96+0.65/1.6/0+0.29 ms cpu, 3->3->1 MB, 4 MB goal, 0 MB stacks, 0 MB globals, 4 P
gc 5738 @62.829s 3%: 0.14+1.3+0.10 ms clock, 0.59+0.71/0.43/0+0.41 ms cpu, 3->3->1 MB, 4 MB goal, 0 MB stacks, 0 MB globals, 4 P
gc 5739 @62.834s 3%: 0.061+0.48+0.006 ms clock, 0.24+0.83/0.44/0+0.025 ms cpu, 3->3->1 MB, 4 MB goal, 0 MB stacks, 0 MB globals, 4 P
gc 5740 @62.839s 3%: 0.055+0.66+0.028 ms clock, 0.22+0.71/0.55/0+0.11 ms cpu, 3->3->1 MB, 4 MB goal, 0 MB stacks, 0 MB globals, 4 P
gc 5741 @62.844s 3%: 0.037+2.0+0.029 ms clock, 0.15+0.98/0.90/0+0.11 ms cpu, 3->3->1 MB, 4 MB goal, 0 MB stacks, 0 MB globals, 4 P
gc 5742 @62.849s 3%: 0.049+1.8+0.012 ms clock, 0.19+0.75/0.96/0+0.049 ms cpu, 3->3->1 MB, 4 MB goal, 0 MB stacks, 0 MB globals, 4 P
