2026/03/14 19:19:35 no config path specified; using /var/lib/derper/derper.key
2026/03/14 19:19:35 STUN server listening on [::]:3478
2026/03/14 19:19:35 No mesh key configured
2026/03/14 19:19:35 derper: serving on :3340 with TLS
2026/03/14 19:19:39 http: TLS handshake error from 10.10.0.3:47034: unexpected EOF
gc 1 @4.033s 0%: 0.50+0.67+0.013 ms clock, 4.0+0.80/1.0/0+0.10 ms cpu, 3->4->1 MB, 4 MB goal, 0 MB stacks, 0 MB globals, 8 P
gc 2 @4.036s 0%: 0.15+0.87+0.11 ms clock, 1.2+0.91/0.89/0+0.94 ms cpu, 3->3->1 MB, 4 MB goal, 0 MB stacks, 0 MB globals, 8 P
gc 3 @4.039s 0%: 0.10+0.66+0.098 ms clock, 0.85+0.97/0.85/0+0.78 ms cpu, 3->3->1 MB, 4 MB goal, 0 MB stacks, 0 MB globals, 8 P
gc 4 @4.042s 0%: 0.097+0.91+0.088 ms clock, 0.77+1.7/0.71/0+0.70 ms cpu, 3->3->1 MB, 4 MB goal, 0 MB stacks, 0 MB globals, 8 P
gc 5 @4.045s 0%: 0.11+0.73+0.13 ms clock, 0.92+0.77/0.97/0+1.0 ms cpu, 3->3->1 MB, 4 MB goal, 0 MB stacks, 0 MB globals, 8 P
gc 6 @4.049s 0%: 0.076+0.55+0.13 ms clock, 0.60+0.97/0.73/0+1.1 ms cpu, 3->3->1 MB, 4 MB goal, 0 MB stacks, 0 MB globals, 8 P
gc 7 @4.052s 0%: 0.11+0.73+0.12 ms clock, 0.91+0.63/0.92/0+1.0 ms cpu, 3->3->1 MB, 4 MB goal, 0 MB stacks, 0 MB globals, 8 P
gc 8 @4.055s 0%: 0.12+0.66+0.088 ms clock, 0.98+0.88/0.75/0+0.71 ms cpu, 3->3->1 MB, 4 MB goal, 0 MB stacks, 0 MB globals, 8 P
gc 9 @4.058s 0%: 0.12+0.70+0.070 ms clock, 1.0+0.81/0.84/0+0.56 ms cpu, 3->3->1 MB, 4 MB goal, 0 MB stacks, 0 MB globals, 8 P
gc 10 @4.061s 0%: 0.11+0.62+0.061 ms clock, 0.89+0.94/0.78/0+0.48 ms cpu, 3->3->1 MB, 4 MB goal, 0 MB stacks, 0 MB globals, 8 P
gc 11 @4.064s 0%: 0.12+0.56+0.095 ms clock, 1.0+0.78/0.78/0+0.76 ms cpu, 3->3->1 MB, 4 MB goal, 0 MB stacks, 0 MB globals, 8 P
gc 12 @4.067s 0%: 0.14+0.58+0.10 ms clock, 1.1+0.73/0.75/0+0.81 ms cpu, 3->3->1 MB, 4 MB goal, 0 MB stacks, 0 MB globals, 8 P
gc 13 @4.070s 0%: 0.10+0.89+0.10 ms clock, 0.82+0.71/0.81/0+0.84 ms cpu, 3->3->1 MB, 4 MB goal, 0 MB stacks, 0 MB globals, 8 P
gc 14 @4.073s 0%: 0.15+1.0+0.070 ms clock, 1.2+0.74/0.80/0+0.56 ms cpu, 3->3->1 MB, 4 MB goal, 0 MB stacks, 0 MB globals, 8 P
gc 15 @4.077s 0%: 0.13+1.2+0.087 ms clock, 1.1+0.70/0.83/0+0.70 ms cpu, 3->4->1 MB, 4 MB goal, 0 MB stacks, 0 MB globals, 8 P
gc 16 @4.080s 0%: 0.097+0.93+0.091 ms clock, 0.77+0.83/0.75/0+0.73 ms cpu, 3->4->1 MB, 4 MB goal, 0 MB stacks, 0 MB globals, 8 P
gc 17 @4.084s 0%: 0.10+0.60+0.11 ms clock, 0.81+0.80/0.81/0+0.92 ms cpu, 3->3->1 MB, 4 MB goal, 0 MB stacks, 0 MB globals, 8 P
gc 18 @4.087s 0%: 0.11+0.55+0.11 ms clock, 0.95+0.69/0.73/0+0.93 ms cpu, 3->3->1 MB, 4 MB goal, 0 MB stacks, 0 MB globals, 8 P
gc 19 @4.090s 0%: 0.099+0.87+0.086 ms clock, 0.79+0.90/0.61/0+0.69 ms cpu, 3->3->1 MB, 4 MB goal, 0 MB stacks, 0 MB globals, 8 P
gc 20 @4.093s 0%: 0.095+1.1+0.11 ms clock, 0.76+0.54/0.80/0+0.89 ms cpu, 3->3->1 MB, 4 MB goal, 0 MB stacks, 0 MB globals, 8 P
gc 21 @4.096s 0%: 0.10+0.68+0.096 ms clock, 0.87+0.64/0.80/0+0.77 ms cpu, 3->3->1 MB, 4 MB goal, 0 MB stacks, 0 MB globals, 8 P
gc 22 @4.099s 0%: 0.11+1.0+0.099 ms clock, 0.88+0.71/0.80/0+0.79 ms cpu, 3->3->1 MB, 4 MB goal, 0 MB stacks, 0 MB globals, 8 P
gc 23 @4.103s 0%: 0.12+0.64+0.064 ms clock, 1.0+0.76/0.80/0+0.51 ms cpu, 3->3->1 MB, 4 MB goal, 0 MB stacks, 0 MB globals, 8 P
gc 24 @4.106s 0%: 0.088+0.60+0.085 ms clock, 0.70+0.68/0.77/0+0.68 ms cpu, 3->3->1 MB, 4 MB goal, 0 MB stacks, 0 MB globals, 8 P
gc 25 @4.109s 0%: 0.10+0.95+0.074 ms clock, 0.80+0.60/0.84/0+0.59 ms cpu, 3->3->1 MB, 4 MB goal, 0 MB stacks, 0 MB globals, 8 P
gc 26 @4.112s 0%: 0.089+0.95+0.092 ms clock, 0.71+0.67/0.75/0+0.73 ms cpu, 3->3->1 MB, 4 MB goal, 0 MB stacks, 0 MB globals, 8 P
gc 27 @4.115s 0%: 0.15+0.55+0.080 ms clock, 1.2+0.73/0.80/0+0.64 ms cpu, 3->3->1 MB, 4 MB goal, 0 MB stacks, 0 MB globals, 8 P
gc 28 @4.119s 0%: 0.12+0.56+0.088 ms clock, 0.98+0.79/0.70/0+0.70 ms cpu, 3->3->1 MB, 4 MB goal, 0 MB stacks, 0 MB globals, 8 P
gc 29 @4.122s 0%: 0.14+0.87+0.11 ms clock, 1.1+0.70/0.84/0+0.94 ms cpu, 3->3->1 MB, 4 MB goal, 0 MB stacks, 0 MB globals, 8 P
gc 30 @4.125s 0%: 0.13+0.98+0.074 ms clock, 1.0+0.87/0.77/0+0.59 ms cpu, 3->3->1 MB, 4 MB goal, 0 MB stacks, 0 MB globals, 8 P
gc 31 @4.128s 0%: 0.12+1.0+0.11 ms clock, 1.0+0.87/0.75/0+0.91 ms cpu, 3->3->1 MB, 4 MB goal, 0 MB stacks, 0 MB globals, 8 P
gc 32 @4.131s 0%: 0.070+1.0+0.10 ms clock, 0.56+0.68/0.81/0+0.84 ms cpu, 3->3->1 MB, 4 MB goal, 0 MB stacks, 0 MB globals, 8 P
gc 33 @4.135s 0%: 0.13+0.54+0.10 ms clock, 1.0+0.78/0.72/0+0.80 ms cpu, 3->3->1 MB, 4 MB goal, 0 MB stacks, 0 MB globals, 8 P
gc 34 @4.138s 0%: 0.091+0.62+0.079 ms clock, 0.73+0.75/0.78/0+0.63 ms cpu, 3->3->1 MB, 4 MB goal, 0 MB stacks, 0 MB globals, 8 P
gc 35 @4.141s 0%: 0.082+0.65+0.10 ms clock, 0.66+0.85/0.80/0+0.82 ms cpu, 3->3->1 MB, 4 MB goal, 0 MB stacks, 0 MB globals, 8 P
gc 36 @4.144s 0%: 0.090+0.78+0.10 ms clock, 0.72+0.64/0.74/0+0.83 ms cpu, 3->3->1 MB, 4 MB goal, 0 MB stacks, 0 MB globals, 8 P
gc 37 @4.147s 0%: 0.090+0.51+0.11 ms clock, 0.72+0.68/0.81/0+0.88 ms cpu, 3->3->1 MB, 4 MB goal, 0 MB stacks, 0 MB globals, 8 P
gc 38 @4.150s 0%: 0.14+1.1+0.095 ms clock, 1.1+0.60/0.79/0+0.76 ms cpu, 3->3->1 MB, 4 MB goal, 0 MB stacks, 0 MB globals, 8 P
gc 39 @4.153s 0%: 0.10+1.1+0.071 ms clock, 0.86+0.66/0.81/0+0.57 ms cpu, 3->4->1 MB, 4 MB goal, 0 MB stacks, 0 MB globals, 8 P
gc 40 @4.157s 0%: 0.090+0.61+0.13 ms clock, 0.72+0.84/0.85/0+1.0 ms cpu, 3->3->1 MB, 4 MB goal, 0 MB stacks, 0 MB globals, 8 P
gc 41 @4.160s 0%: 0.082+0.61+0.068 ms clock, 0.65+0.70/0.78/0+0.55 ms cpu, 3->3->1 MB, 4 MB goal, 0 MB stacks, 0 MB globals, 8 P
gc 42 @4.163s 0%: 0.10+0.57+0.11 ms clock, 0.87+0.88/0.63/0+0.94 ms cpu, 3->3->1 MB, 4 MB goal, 0 MB stacks, 0 MB globals, 8 P
gc 43 @4.166s 0%: 0.12+0.52+0.036 ms clock, 1.0+0.72/0.79/0+0.29 ms cpu, 3->3->1 MB, 4 MB goal, 0 MB stacks, 0 MB globals, 8 P
gc 44 @4.169s 0%: 0.11+0.72+0.081 ms clock, 0.95+0.84/0.65/0+0.65 ms cpu, 3->3->1 MB, 4 MB goal, 0 MB stacks, 0 MB globals, 8 P
gc 45 @4.172s 0%: 0.061+0.47+0.068 ms clock, 0.49+0.73/0.73/0+0.54 ms cpu, 3->3->1 MB, 4 MB goal, 0 MB stacks, 0 MB globals, 8 P
gc 46 @4.175s 0%: 0.081+0.55+0.060 ms clock, 0.65+0.86/0.79/0+0.48 ms cpu, 3->3->1 MB, 4 MB goal, 0 MB stacks, 0 MB globals, 8 P
gc 47 @4.178s 0%: 0.10+0.61+0.088 ms clock, 0.86+0.91/0.65/0+0.70 ms cpu, 3->3->1 MB, 4 MB goal, 0 MB stacks, 0 MB globals, 8 P
gc 48 @4.181s 0%: 0.11+0.62+0.10 ms clock, 0.95+0.68/0.74/0+0.83 ms cpu, 3->3->1 MB, 4 MB goal, 0 MB stacks, 0 MB globals, 8 P
gc 49 @4.184s 0%: 0.16+0.90+0.099 ms clock, 1.2+0.61/0.82/0+0.79 ms cpu, 3->3->1 MB, 4 MB goal, 0 MB stacks, 0 MB globals, 8 P
gc 50 @4.188s 0%: 0.075+0.74+0.098 ms clock, 0.60+0.78/0.85/0+0.78 ms cpu, 3->3->1 MB, 4 MB goal, 0 MB stacks, 0 MB globals, 8 P
gc 51 @4.191s 0%: 0.10+0.81+0.079 ms clock, 0.86+0.80/0.72/0+0.63 ms cpu, 3->3->1 MB, 4 MB goal, 0 MB stacks, 0 MB globals, 8 P
gc 52 @4.194s 0%: 0.12+0.56+0.060 ms clock, 0.98+0.76/0.80/0+0.48 ms cpu, 3->3->1 MB, 4 MB goal, 0 MB stacks, 0 MB globals, 8 P
gc 53 @4.197s 0%: 0.11+0.56+0.10 ms clock, 0.91+0.72/0.78/0+0.87 ms cpu, 3->3->1 MB, 4 MB goal, 0 MB stacks, 0 MB globals, 8 P
gc 54 @4.200s 0%: 0.11+1.0+0.082 ms clock, 0.94+0.75/0.76/0+0.65 ms cpu, 3->3->1 MB, 4 MB goal, 0 MB stacks, 0 MB globals, 8 P
gc 55 @4.203s 0%: 0.12+0.79+0.098 ms clock, 0.97+0.75/0.69/0+0.78 ms cpu, 3->3->1 MB, 4 MB goal, 0 MB stacks, 0 MB globals, 8 P
gc 56 @4.207s 0%: 0.13+0.63+0.070 ms clock, 1.0+0.81/0.82/0+0.56 ms cpu, 3->3->1 MB, 4 MB goal, 0 MB stacks, 0 MB globals, 8 P
gc 57 @4.210s 0%: 0.12+0.63+0.099 ms clock, 0.97+0.83/0.67/0+0.79 ms cpu, 3->3->1 MB, 4 MB goal, 0 MB stacks, 0 MB globals, 8 P
gc 58 @4.213s 0%: 0.11+0.53+0.095 ms clock, 0.88+0.73/0.71/0+0.76 ms cpu, 3->3->1 MB, 4 MB goal, 0 MB stacks, 0 MB globals, 8 P
gc 59 @4.216s 0%: 0.12+0.57+0.084 ms clock, 0.98+0.81/0.70/0+0.67 ms cpu, 3->3->1 MB, 4 MB goal, 0 MB stacks, 0 MB globals, 8 P
gc 60 @4.219s 0%: 0.10+0.56+0.10 ms clock, 0.84+0.79/0.72/0+0.86 ms cpu, 3->3->1 MB, 4 MB goal, 0 MB stacks, 0 MB globals, 8 P
gc 61 @4.222s 0%: 0.13+0.68+0.080 ms clock, 1.0+0.70/0.80/0+0.64 ms cpu, 3->3->1 MB, 4 MB goal, 0 MB stacks, 0 MB globals, 8 P
gc 62 @4.225s 0%: 0.12+0.98+0.096 ms clock, 1.0+0.93/0.64/0+0.77 ms cpu, 3->3->1 MB, 4 MB goal, 0 MB stacks, 0 MB globals, 8 P
gc 63 @4.228s 0%: 0.10+0.66+0.092 ms clock, 0.81+0.74/0.84/0+0.74 ms cpu, 3->3->1 MB, 4 MB goal, 0 MB stacks, 0 MB globals, 8 P
gc 64 @4.231s 0%: 0.12+0.69+0.10 ms clock, 0.98+0.74/0.78/0+0.84 ms cpu, 3->3->1 MB, 4 MB goal, 0 MB stacks, 0 MB globals, 8 P
gc 65 @4.234s 0%: 0.12+0.67+0.097 ms clock, 0.98+0.79/0.80/0+0.77 ms cpu, 3->3->1 MB, 4 MB goal, 0 MB stacks, 0 MB globals, 8 P
gc 66 @4.238s 0%: 0.11+0.87+0.058 ms clock, 0.91+0.83/0.74/0+0.47 ms cpu, 3->3->1 MB, 4 MB goal, 0 MB stacks, 0 MB globals, 8 P
gc 67 @4.241s 0%: 0.12+0.82+0.096 ms clock, 0.96+0.66/0.84/0+0.77 ms cpu, 3->3->1 MB, 4 MB goal, 0 MB stacks, 0 MB globals, 8 P
gc 68 @4.244s 0%: 0.097+0.73+0.11 ms clock, 0.78+0.87/0.77/0+0.95 ms cpu, 3->3->1 MB, 4 MB goal, 0 MB stacks, 0 MB globals, 8 P
gc 69 @4.247s 0%: 0.15+0.63+0.075 ms clock, 1.2+0.75/0.78/0+0.60 ms cpu, 3->3->1 MB, 4 MB goal, 0 MB stacks, 0 MB globals, 8 P
gc 70 @4.250s 0%: 0.11+0.57+0.093 ms clock, 0.88+0.82/0.68/0+0.74 ms cpu, 3->3->1 MB, 4 MB goal, 0 MB stacks, 0 MB globals, 8 P
gc 71 @4.253s 0%: 0.088+1.1+0.086 ms clock, 0.70+0.76/0.76/0+0.69 ms cpu, 3->3->1 MB, 4 MB goal, 0 MB stacks, 0 MB globals, 8 P
gc 72 @4.257s 0%: 0.11+0.54+0.10 ms clock, 0.94+0.78/0.77/0+0.87 ms cpu, 3->3->1 MB, 4 MB goal, 0 MB stacks, 0 MB globals, 8 P
gc 73 @4.260s 0%: 0.079+1.0+0.10 ms clock, 0.63+0.71/0.73/0+0.83 ms cpu, 3->3->1 MB, 4 MB goal, 0 MB stacks, 0 MB globals, 8 P
gc 74 @4.263s 0%: 0.089+0.52+0.095 ms clock, 0.71+0.75/0.72/0+0.76 ms cpu, 3->3->1 MB, 4 MB goal, 0 MB stacks, 0 MB globals, 8 P
gc 75 @4.266s 0%: 0.082+0.59+0.10 ms clock, 0.66+0.77/0.76/0+0.83 ms cpu, 3->3->1 MB, 4 MB goal, 0 MB stacks, 0 MB globals, 8 P
gc 76 @4.269s 0%: 0.085+0.50+0.041 ms clock, 0.68+0.75/0.70/0+0.32 ms cpu, 3->3->1 MB, 4 MB goal, 0 MB stacks, 0 MB globals, 8 P
gc 77 @4.272s 0%: 0.13+0.78+0.024 ms clock, 1.0+0.80/0.71/0+0.19 ms cpu, 3->3->1 MB, 4 MB goal, 0 MB stacks, 0 MB globals, 8 P
gc 78 @4.275s 0%: 0.085+0.56+0.081 ms clock, 0.68+0.80/0.74/0+0.65 ms cpu, 3->3->1 MB, 4 MB goal, 0 MB stacks, 0 MB globals, 8 P
gc 79 @4.278s 0%: 0.10+0.58+0.067 ms clock, 0.86+0.81/0.79/0+0.53 ms cpu, 3->3->1 MB, 4 MB goal, 0 MB stacks, 0 MB globals, 8 P
gc 80 @4.281s 0%: 0.12+0.62+0.069 ms clock, 0.97+0.75/0.76/0+0.55 ms cpu, 3->3->1 MB, 4 MB goal, 0 MB stacks, 0 MB globals, 8 P
gc 81 @4.284s 0%: 0.10+0.99+0.047 ms clock, 0.87+0.64/0.82/0+0.38 ms cpu, 3->3->1 MB, 4 MB goal, 0 MB stacks, 0 MB globals, 8 P
gc 82 @4.288s 0%: 0.10+0.83+0.10 ms clock, 0.80+0.78/0.77/0+0.84 ms cpu, 3->3->1 MB, 4 MB goal, 0 MB stacks, 0 MB globals, 8 P
gc 83 @4.291s 0%: 0.12+0.58+0.10 ms clock, 0.96+0.82/0.74/0+0.83 ms cpu, 3->3->1 MB, 4 MB goal, 0 MB stacks, 0 MB globals, 8 P
gc 84 @4.294s 0%: 0.088+0.70+0.099 ms clock, 0.70+0.81/0.82/0+0.79 ms cpu, 3->3->1 MB, 4 MB goal, 0 MB stacks, 0 MB globals, 8 P
gc 85 @4.297s 0%: 0.097+0.52+0.064 ms clock, 0.77+0.90/0.67/0+0.51 ms cpu, 3->3->1 MB, 4 MB goal, 0 MB stacks, 0 MB globals, 8 P
gc 86 @4.300s 0%: 0.10+1.1+0.10 ms clock, 0.81+0.72/0.78/0+0.87 ms cpu, 3->4->1 MB, 4 MB goal, 0 MB stacks, 0 MB globals, 8 P
gc 87 @4.304s 0%: 0.099+1.0+0.081 ms clock, 0.79+0.86/0.71/0+0.65 ms cpu, 3->4->1 MB, 4 MB goal, 0 MB stacks, 0 MB globals, 8 P
gc 88 @4.307s 0%: 0.10+0.61+0.083 ms clock, 0.86+0.84/0.78/0+0.66 ms cpu, 3->3->1 MB, 4 MB goal, 0 MB stacks, 0 MB globals, 8 P
gc 89 @4.310s 0%: 0.091+0.64+0.051 ms clock, 0.73+0.78/0.71/0+0.41 ms cpu, 3->3->1 MB, 4 MB goal, 0 MB stacks, 0 MB globals, 8 P
gc 90 @4.313s 0%: 0.13+0.80+0.086 ms clock, 1.0+0.62/0.81/0+0.69 ms cpu, 3->3->1 MB, 4 MB goal, 0 MB stacks, 0 MB globals, 8 P
gc 91 @4.316s 0%: 0.088+0.66+0.085 ms clock, 0.70+0.77/0.75/0+0.68 ms cpu, 3->3->1 MB, 4 MB goal, 0 MB stacks, 0 MB globals, 8 P
gc 92 @4.319s 0%: 0.13+0.99+0.10 ms clock, 1.1+0.73/0.78/0+0.84 ms cpu, 3->3->1 MB, 4 MB goal, 0 MB stacks, 0 MB globals, 8 P
gc 93 @4.322s 0%: 0.078+0.84+0.085 ms clock, 0.63+0.86/0.66/0+0.68 ms cpu, 3->3->1 MB, 4 MB goal, 0 MB stacks, 0 MB globals, 8 P
gc 94 @4.326s 0%: 0.15+0.65+0.10 ms clock, 1.2+0.86/0.65/0+0.80 ms cpu, 3->3->1 MB, 4 MB goal, 0 MB stacks, 0 MB globals, 8 P
gc 95 @4.329s 0%: 0.13+0.71+0.10 ms clock, 1.0+0.84/0.84/0+0.80 ms cpu, 3->3->1 MB, 4 MB goal, 0 MB stacks, 0 MB globals, 8 P
gc 96 @4.332s 0%: 0.13+0.88+0.048 ms clock, 1.1+0.82/0.75/0+0.39 ms cpu, 3->3->1 MB, 4 MB goal, 0 MB stacks, 0 MB globals, 8 P
gc 97 @4.335s 0%: 0.10+0.61+0.058 ms clock, 0.84+0.78/0.73/0+0.46 ms cpu, 3->3->1 MB, 4 MB goal, 0 MB stacks, 0 MB globals, 8 P
gc 98 @4.338s 0%: 0.14+0.59+0.12 ms clock, 1.1+0.77/0.77/0+0.97 ms cpu, 3->3->1 MB, 4 MB goal, 0 MB stacks, 0 MB globals, 8 P
gc 99 @4.341s 0%: 0.093+1.1+0.12 ms clock, 0.74+0.75/0.71/0+0.98 ms cpu, 3->4->1 MB, 4 MB goal, 0 MB stacks, 0 MB globals, 8 P
gc 100 @4.345s 0%: 0.080+0.67+0.10 ms clock, 0.64+0.85/0.67/0+0.87 ms cpu, 3->3->1 MB, 4 MB goal, 0 MB stacks, 0 MB globals, 8 P
gc 101 @4.348s 0%: 0.087+0.82+0.051 ms clock, 0.69+0.66/0.75/0+0.41 ms cpu, 3->3->1 MB, 4 MB goal, 0 MB stacks, 0 MB globals, 8 P
gc 102 @4.351s 0%: 0.090+0.65+0.11 ms clock, 0.72+0.81/0.79/0+0.93 ms cpu, 3->3->1 MB, 4 MB goal, 0 MB stacks, 0 MB globals, 8 P
gc 103 @4.354s 0%: 0.12+0.54+0.078 ms clock, 1.0+0.84/0.70/0+0.62 ms cpu, 3->3->1 MB, 4 MB goal, 0 MB stacks, 0 MB globals, 8 P
gc 104 @4.357s 0%: 0.076+0.63+0.077 ms clock, 0.61+0.67/0.80/0+0.61 ms cpu, 3->3->1 MB, 4 MB goal, 0 MB stacks, 0 MB globals, 8 P
gc 105 @4.360s 0%: 0.11+0.62+0.098 ms clock, 0.90+0.81/0.66/0+0.78 ms cpu, 3->3->1 MB, 4 MB goal, 0 MB stacks, 0 MB globals, 8 P
gc 106 @4.363s 0%: 0.10+0.62+0.068 ms clock, 0.83+0.85/0.74/0+0.54 ms cpu, 3->3->1 MB, 4 MB goal, 0 MB stacks, 0 MB globals, 8 P
gc 107 @4.366s 0%: 0.14+1.1+0.083 ms clock, 1.1+0.59/0.78/0+0.67 ms cpu, 3->3->1 MB, 4 MB goal, 0 MB stacks, 0 MB globals, 8 P
gc 108 @4.370s 0%: 0.11+0.67+0.10 ms clock, 0.91+0.68/0.76/0+0.81 ms cpu, 3->3->1 MB, 4 MB goal, 0 MB stacks, 0 MB globals, 8 P
gc 109 @4.373s 0%: 0.090+1.1+0.088 ms clock, 0.72+0.74/0.85/0+0.71 ms cpu, 3->4->1 MB, 4 MB goal, 0 MB stacks, 0 MB globals, 8 P
gc 110 @4.376s 0%: 0.086+0.57+0.094 ms clock, 0.68+0.69/0.65/0+0.75 ms cpu, 3->3->1 MB, 4 MB goal, 0 MB stacks, 0 MB globals, 8 P
gc 111 @4.379s 0%: 0.10+0.89+0.072 ms clock, 0.80+0.73/0.77/0+0.58 ms cpu, 3->3->1 MB, 4 MB goal, 0 MB stacks, 0 MB globals, 8 P
gc 112 @4.382s 0%: 0.13+0.61+0.073 ms clock, 1.1+0.83/0.75/0+0.59 ms cpu, 3->3->1 MB, 4 MB goal, 0 MB stacks, 0 MB globals, 8 P
gc 113 @4.385s 0%: 0.10+0.71+0.096 ms clock, 0.84+0.86/0.73/0+0.77 ms cpu, 3->3->1 MB, 4 MB goal, 0 MB stacks, 0 MB globals, 8 P
gc 114 @4.388s 0%: 0.10+0.70+0.066 ms clock, 0.86+0.78/0.80/0+0.53 ms cpu, 3->3->1 MB, 4 MB goal, 0 MB stacks, 0 MB globals, 8 P
gc 115 @4.392s 0%: 0.14+0.62+0.096 ms clock, 1.1+0.76/0.77/0+0.77 ms cpu, 3->3->1 MB, 4 MB goal, 0 MB stacks, 0 MB globals, 8 P
gc 116 @4.395s 0%: 0.11+0.52+0.040 ms clock, 0.92+0.74/0.69/0+0.32 ms cpu, 3->3->1 MB, 4 MB goal, 0 MB stacks, 0 MB globals, 8 P
gc 117 @4.398s 0%: 0.091+0.90+0.10 ms clock, 0.72+0.73/0.78/0+0.86 ms cpu, 3->3->1 MB, 4 MB goal, 0 MB stacks, 0 MB globals, 8 P
gc 118 @4.401s 0%: 0.098+1.3+0.12 ms clock, 0.78+0.60/0.86/0+1.0 ms cpu, 3->4->1 MB, 4 MB goal, 0 MB stacks, 0 MB globals, 8 P
gc 119 @4.405s 0%: 0.11+0.55+0.064 ms clock, 0.89+0.57/0.75/0+0.51 ms cpu, 3->3->1 MB, 4 MB goal, 0 MB stacks, 0 MB globals, 8 P
gc 120 @4.408s 0%: 0.095+0.87+0.12 ms clock, 0.76+1.8/0.82/0+1.0 ms cpu, 3->3->1 MB, 4 MB goal, 0 MB stacks, 0 MB globals, 8 P
gc 121 @4.411s 0%: 0.13+1.2+0.043 ms clock, 1.0+0.78/0.80/0+0.34 ms cpu, 3->4->1 MB, 4 MB goal, 0 MB stacks, 0 MB globals, 8 P
gc 122 @4.414s 0%: 0.14+1.2+0.053 ms clock, 1.1+0.86/0.79/0+0.43 ms cpu, 3->4->1 MB, 4 MB goal, 0 MB stacks, 0 MB globals, 8 P
gc 123 @4.418s 0%: 0.10+0.62+0.066 ms clock, 0.85+0.82/0.71/0+0.52 ms cpu, 3->4->1 MB, 4 MB goal, 0 MB stacks, 0 MB globals, 8 P
gc 124 @4.421s 0%: 0.093+0.69+0.093 ms clock, 0.75+0.74/0.87/0+0.75 ms cpu, 3->3->1 MB, 4 MB goal, 0 MB stacks, 0 MB globals, 8 P
gc 125 @4.424s 0%: 0.087+0.96+0.094 ms clock, 0.69+0.71/0.67/0+0.75 ms cpu, 3->3->1 MB, 4 MB goal, 0 MB stacks, 0 MB globals, 8 P
gc 126 @4.427s 0%: 0.12+0.54+0.087 ms clock, 1.0+0.75/0.75/0+0.69 ms cpu, 3->3->1 MB, 4 MB goal, 0 MB stacks, 0 MB globals, 8 P
gc 127 @4.430s 0%: 0.10+0.77+0.066 ms clock, 0.84+0.78/0.76/0+0.53 ms cpu, 3->3->1 MB, 4 MB goal, 0 MB stacks, 0 MB globals, 8 P
gc 128 @4.433s 0%: 0.10+0.64+0.079 ms clock, 0.81+0.84/0.78/0+0.63 ms cpu, 3->3->1 MB, 4 MB goal, 0 MB stacks, 0 MB globals, 8 P
gc 129 @4.436s 0%: 0.14+0.66+0.098 ms clock, 1.1+0.93/0.75/0+0.78 ms cpu, 3->3->1 MB, 4 MB goal, 0 MB stacks, 0 MB globals, 8 P
gc 130 @4.439s 0%: 0.097+0.62+0.087 ms clock, 0.77+0.74/0.80/0+0.69 ms cpu, 3->3->1 MB, 4 MB goal, 0 MB stacks, 0 MB globals, 8 P
gc 131 @4.443s 0%: 0.098+0.66+0.10 ms clock, 0.78+0.76/0.84/0+0.84 ms cpu, 3->3->1 MB, 4 MB goal, 0 MB stacks, 0 MB globals, 8 P
gc 132 @4.446s 0%: 0.13+0.68+0.10 ms clock, 1.0+0.69/0.87/0+0.84 ms cpu, 3->3->1 MB, 4 MB goal, 0 MB stacks, 0 MB globals, 8 P
gc 133 @4.449s 0%: 0.085+0.87+0.073 ms clock, 0.68+0.72/0.76/0+0.58 ms cpu, 3->3->1 MB, 4 MB goal, 0 MB stacks, 0 MB globals, 8 P
gc 134 @4.452s 0%: 0.12+0.65+0.096 ms clock, 0.96+0.77/0.84/0+0.77 ms cpu, 3->3->1 MB, 4 MB goal, 0 MB stacks, 0 MB globals, 8 P
gc 135 @4.455s 0%: 0.11+0.62+0.13 ms clock, 0.90+0.81/0.74/0+1.0 ms cpu, 3->3->1 MB, 4 MB goal, 0 MB stacks, 0 MB globals, 8 P
gc 136 @4.458s 0%: 0.12+0.59+0.056 ms clock, 0.97+0.86/0.69/0+0.45 ms cpu, 3->3->1 MB, 4 MB goal, 0 MB stacks, 0 MB globals, 8 P
gc 137 @4.461s 0%: 0.11+0.56+0.063 ms clock, 0.88+0.68/0.83/0+0.50 ms cpu, 3->3->1 MB, 4 MB goal, 0 MB stacks, 0 MB globals, 8 P
gc 138 @4.464s 0%: 0.093+0.61+0.079 ms clock, 0.75+0.74/0.72/0+0.63 ms cpu, 3->3->1 MB, 4 MB goal, 0 MB stacks, 0 MB globals, 8 P
gc 139 @4.467s 0%: 0.16+1.0+0.084 ms clock, 1.3+0.67/0.75/0+0.67 ms cpu, 3->3->1 MB, 4 MB goal, 0 MB stacks, 0 MB globals, 8 P
gc 140 @4.470s 0%: 0.098+0.61+0.080 ms clock, 0.79+0.74/0.84/0+0.64 ms cpu, 3->3->1 MB, 4 MB goal, 0 MB stacks, 0 MB globals, 8 P
gc 141 @4.473s 0%: 0.12+0.79+0.052 ms clock, 1.0+0.85/0.76/0+0.41 ms cpu, 3->3->1 MB, 4 MB goal, 0 MB stacks, 0 MB globals, 8 P
gc 142 @4.476s 0%: 0.076+0.53+0.076 ms clock, 0.61+0.69/0.72/0+0.61 ms cpu, 3->3->1 MB, 4 MB goal, 0 MB stacks, 0 MB globals, 8 P
gc 143 @4.479s 0%: 0.091+0.69+0.078 ms clock, 0.73+0.61/0.88/0+0.62 ms cpu, 3->3->1 MB, 4 MB goal, 0 MB stacks, 0 MB globals, 8 P
gc 144 @4.483s 0%: 0.11+1.2+0.093 ms clock, 0.89+0.84/0.70/0+0.74 ms cpu, 3->4->1 MB, 4 MB goal, 0 MB stacks, 0 MB globals, 8 P
gc 145 @4.486s 0%: 0.11+0.97+0.081 ms clock, 0.95+0.80/0.70/0+0.65 ms cpu, 3->4->1 MB, 4 MB goal, 0 MB stacks, 0 MB globals, 8 P
gc 146 @4.489s 0%: 0.071+0.72+0.11 ms clock, 0.57+0.80/0.67/0+0.88 ms cpu, 3->3->1 MB, 4 MB goal, 0 MB stacks, 0 MB globals, 8 P
gc 147 @4.492s 0%: 0.13+0.99+0.074 ms clock, 1.0+0.95/0.64/0+0.59 ms cpu, 3->3->1 MB, 4 MB goal, 0 MB stacks, 0 MB globals, 8 P
gc 148 @4.496s 0%: 0.11+0.84+0.087 ms clock, 0.88+0.81/0.77/0+0.70 ms cpu, 3->3->1 MB, 4 MB goal, 0 MB stacks, 0 MB globals, 8 P
gc 149 @4.499s 1%: 0.12+0.67+0.12 ms clock, 1.0+0.73/0.75/0+0.98 ms cpu, 3->3->1 MB, 4 MB goal, 0 MB stacks, 0 MB globals, 8 P
gc 150 @4.502s 1%: 0.11+1.3+0.097 ms clock, 0.89+0.65/0.78/0+0.77 ms cpu, 3->4->1 MB, 4 MB goal, 0 MB stacks, 0 MB globals, 8 P
gc 151 @4.505s 1%: 0.13+0.59+0.10 ms clock, 1.0+0.71/0.78/0+0.86 ms cpu, 3->3->1 MB, 4 MB goal, 0 MB stacks, 0 MB globals, 8 P
gc 152 @4.509s 1%: 0.11+0.63+0.095 ms clock, 0.95+0.74/0.82/0+0.76 ms cpu, 3->3->1 MB, 4 MB goal, 0 MB stacks, 0 MB globals, 8 P
gc 153 @4.512s 1%: 0.12+0.88+0.10 ms clock, 1.0+0.74/0.71/0+0.87 ms cpu, 3->3->1 MB, 4 MB goal, 0 MB stacks, 0 MB globals, 8 P
gc 154 @4.515s 1%: 0.11+1.1+0.037 ms clock, 0.91+0.62/0.87/0+0.30 ms cpu, 3->3->1 MB, 4 MB goal, 0 MB stacks, 0 MB globals, 8 P
gc 155 @4.518s 1%: 0.14+0.75+0.095 ms clock, 1.1+0.95/0.73/0+0.76 ms cpu, 3->3->1 MB, 4 MB goal, 0 MB stacks, 0 MB globals, 8 P
gc 156 @4.521s 1%: 0.091+0.63+0.11 ms clock, 0.73+0.82/0.76/0+0.92 ms cpu, 3->3->1 MB, 4 MB goal, 0 MB stacks, 0 MB globals, 8 P
gc 157 @4.524s 1%: 0.10+0.65+0.090 ms clock, 0.81+0.82/0.70/0+0.72 ms cpu, 3->3->1 MB, 4 MB goal, 0 MB stacks, 0 MB globals, 8 P
gc 158 @4.527s 1%: 0.10+0.57+0.061 ms clock, 0.86+0.82/0.77/0+0.49 ms cpu, 3->3->1 MB, 4 MB goal, 0 MB stacks, 0 MB globals, 8 P
gc 159 @4.531s 1%: 0.095+0.74+0.064 ms clock, 0.76+0.69/0.82/0+0.51 ms cpu, 3->3->1 MB, 4 MB goal, 0 MB stacks, 0 MB globals, 8 P
gc 160 @4.534s 1%: 0.12+0.86+0.091 ms clock, 0.98+0.77/0.86/0+0.73 ms cpu, 3->3->1 MB, 4 MB goal, 0 MB stacks, 0 MB globals, 8 P
gc 161 @4.537s 1%: 0.11+0.62+0.10 ms clock, 0.94+0.75/0.81/0+0.81 ms cpu, 3->3->1 MB, 4 MB goal, 0 MB stacks, 0 MB globals, 8 P
gc 162 @4.540s 1%: 0.093+1.3+0.074 ms clock, 0.74+0.65/0.72/0+0.59 ms cpu, 3->3->1 MB, 4 MB goal, 0 MB stacks, 0 MB globals, 8 P
gc 163 @4.543s 1%: 0.049+0.51+0.060 ms clock, 0.39+0.69/0.76/0+0.48 ms cpu, 3->3->1 MB, 4 MB goal, 0 MB stacks, 0 MB globals, 8 P
gc 164 @4.546s 1%: 0.092+0.57+0.058 ms clock, 0.74+0.88/0.72/0+0.47 ms cpu, 3->3->1 MB, 4 MB goal, 0 MB stacks, 0 MB globals, 8 P
gc 165 @4.550s 1%: 0.091+0.58+0.10 ms clock, 0.73+0.78/0.73/0+0.85 ms cpu, 3->3->1 MB, 4 MB goal, 0 MB stacks, 0 MB globals, 8 P
gc 166 @4.553s 1%: 0.12+1.0+0.079 ms clock, 1.0+0.65/0.85/0+0.63 ms cpu, 3->3->1 MB, 4 MB goal, 0 MB stacks, 0 MB globals, 8 P
gc 167 @4.556s 1%: 0.10+0.57+0.087 ms clock, 0.87+0.82/0.67/0+0.70 ms cpu, 3->3->1 MB, 4 MB goal, 0 MB stacks, 0 MB globals, 8 P
gc 168 @4.559s 1%: 0.11+0.62+0.097 ms clock, 0.88+0.57/0.76/0+0.78 ms cpu, 3->3->1 MB, 4 MB goal, 0 MB stacks, 0 MB globals, 8 P
gc 169 @4.562s 1%: 0.10+1.3+0.10 ms clock, 0.84+0.68/0.72/0+0.81 ms cpu, 3->3->1 MB, 4 MB goal, 0 MB stacks, 0 MB globals, 8 P
gc 170 @4.566s 1%: 0.093+0.97+0.079 ms clock, 0.74+0.70/0.80/0+0.63 ms cpu, 3->4->1 MB, 4 MB goal, 0 MB stacks, 0 MB globals, 8 P
gc 171 @4.569s 1%: 0.12+0.66+0.059 ms clock, 0.97+0.82/0.75/0+0.47 ms cpu, 3->3->1 MB, 4 MB goal, 0 MB stacks, 0 MB globals, 8 P
gc 172 @4.572s 1%: 0.11+0.94+0.10 ms clock, 0.89+0.75/0.80/0+0.80 ms cpu, 3->3->1 MB, 4 MB goal, 0 MB stacks, 0 MB globals, 8 P
gc 173 @4.575s 1%: 0.10+0.64+0.12 ms clock, 0.82+0.83/0.70/0+0.97 ms cpu, 3->3->1 MB, 4 MB goal, 0 MB stacks, 0 MB globals, 8 P
gc 174 @4.578s 1%: 0.098+0.59+0.079 ms clock, 0.78+0.71/0.78/0+0.63 ms cpu, 3->3->1 MB, 4 MB goal, 0 MB stacks, 0 MB globals, 8 P
gc 175 @4.581s 1%: 0.11+1.1+0.079 ms clock, 0.95+0.71/0.81/0+0.63 ms cpu, 3->3->1 MB, 4 MB goal, 0 MB stacks, 0 MB globals, 8 P
gc 176 @4.585s 1%: 0.10+0.63+0.079 ms clock, 0.82+0.81/0.78/0+0.63 ms cpu, 3->3->1 MB, 4 MB goal, 0 MB stacks, 0 MB globals, 8 P
gc 177 @4.588s 1%: 0.10+1.1+0.090 ms clock, 0.87+0.81/0.70/0+0.72 ms cpu, 3->3->1 MB, 4 MB goal, 0 MB stacks, 0 MB globals, 8 P
gc 178 @4.591s 1%: 0.12+0.56+0.093 ms clock, 1.0+0.82/0.69/0+0.74 ms cpu, 3->3->1 MB, 4 MB goal, 0 MB stacks, 0 MB globals, 8 P
gc 179 @4.594s 1%: 0.15+1.0+0.11 ms clock, 1.2+0.76/0.77/0+0.91 ms cpu, 3->3->1 MB, 4 MB goal, 0 MB stacks, 0 MB globals, 8 P
gc 180 @4.597s 1%: 0.099+0.64+0.089 ms clock, 0.79+0.67/0.81/0+0.71 ms cpu, 3->3->1 MB, 4 MB goal, 0 MB stacks, 0 MB globals, 8 P
gc 181 @4.600s 1%: 0.085+0.59+0.11 ms clock, 0.68+0.63/0.80/0+0.88 ms cpu, 3->3->1 MB, 4 MB goal, 0 MB stacks, 0 MB globals, 8 P
gc 182 @4.603s 1%: 0.070+0.53+0.081 ms clock, 0.56+0.87/0.77/0+0.65 ms cpu, 3->3->1 MB, 4 MB goal, 0 MB stacks, 0 MB globals, 8 P
gc 183 @4.606s 1%: 0.13+0.73+0.091 ms clock, 1.0+0.77/0.73/0+0.72 ms cpu, 3->3->1 MB, 4 MB goal, 0 MB stacks, 0 MB globals, 8 P
gc 184 @4.610s 1%: 0.070+0.50+0.11 ms clock, 0.56+0.78/0.68/0+0.94 ms cpu, 3->3->1 MB, 4 MB goal, 0 MB stacks, 0 MB globals, 8 P
gc 185 @4.613s 1%: 0.093+0.67+0.13 ms clock, 0.75+0.80/0.73/0+1.0 ms cpu, 3->3->1 MB, 4 MB goal, 0 MB stacks, 0 MB globals, 8 P
gc 186 @4.616s 1%: 0.11+0.80+0.077 ms clock, 0.91+0.61/0.80/0+0.61 ms cpu, 3->3->1 MB, 4 MB goal, 0 MB stacks, 0 MB globals, 8 P
gc 187 @4.619s 1%: 0.13+0.63+0.092 ms clock, 1.0+0.77/0.78/0+0.73 ms cpu, 3->3->1 MB, 4 MB goal, 0 MB stacks, 0 MB globals, 8 P
gc 188 @4.622s 1%: 0.12+0.56+0.056 ms clock, 0.99+0.82/0.76/0+0.45 ms cpu, 3->3->1 MB, 4 MB goal, 0 MB stacks, 0 MB globals, 8 P
gc 189 @4.625s 1%: 0.13+0.83+0.11 ms clock, 1.0+0.78/0.78/0+0.92 ms cpu, 3->3->1 MB, 4 MB goal, 0 MB stacks, 0 MB globals, 8 P
gc 190 @4.628s 1%: 0.12+0.74+0.099 ms clock, 0.98+0.79/0.61/0.016+0.79 ms cpu, 3->3->1 MB, 4 MB goal, 0 MB stacks, 0 MB globals, 8 P
gc 191 @4.631s 1%: 0.091+1.2+0.088 ms clock, 0.72+0.73/0.79/0+0.70 ms cpu, 3->4->1 MB, 4 MB goal, 0 MB stacks, 0 MB globals, 8 P
gc 192 @4.635s 1%: 0.14+0.62+0.11 ms clock, 1.1+0.73/0.79/0+0.90 ms cpu, 3->3->1 MB, 4 MB goal, 0 MB stacks, 0 MB globals, 8 P
gc 193 @4.638s 1%: 0.11+0.64+0.10 ms clock, 0.90+0.74/0.76/0+0.87 ms cpu, 3->3->1 MB, 4 MB goal, 0 MB stacks, 0 MB globals, 8 P
gc 194 @4.641s 1%: 0.10+0.81+0.087 ms clock, 0.81+0.84/0.75/0+0.70 ms cpu, 3->3->1 MB, 4 MB goal, 0 MB stacks, 0 MB globals, 8 P
gc 195 @4.644s 1%: 0.13+0.61+0.11 ms clock, 1.0+0.66/0.78/0+0.92 ms cpu, 3->3->1 MB, 4 MB goal, 0 MB stacks, 0 MB globals, 8 P
gc 196 @4.647s 1%: 0.087+0.60+0.11 ms clock, 0.70+0.69/0.87/0+0.89 ms cpu, 3->3->1 MB, 4 MB goal, 0 MB stacks, 0 MB globals, 8 P
gc 197 @4.650s 1%: 0.11+0.61+0.078 ms clock, 0.90+0.67/0.81/0+0.62 ms cpu, 3->3->1 MB, 4 MB goal, 0 MB stacks, 0 MB globals, 8 P
gc 198 @4.653s 1%: 0.097+0.61+0.10 ms clock, 0.78+0.77/0.76/0+0.85 ms cpu, 3->3->1 MB, 4 MB goal, 0 MB stacks, 0 MB globals, 8 P
gc 199 @4.656s 1%: 0.14+1.0+0.050 ms clock, 1.1+0.63/0.75/0+0.40 ms cpu, 3->3->1 MB, 4 MB goal, 0 MB stacks, 0 MB globals, 8 P
gc 200 @4.660s 1%: 0.10+0.91+0.10 ms clock, 0.81+0.86/0.73/0+0.82 ms cpu, 3->4->1 MB, 4 MB goal, 0 MB stacks, 0 MB globals, 8 P
gc 201 @4.663s 1%: 0.11+0.73+0.093 ms clock, 0.93+0.70/0.81/0+0.74 ms cpu, 3->3->1 MB, 4 MB goal, 0 MB stacks, 0 MB globals, 8 P
gc 202 @4.666s 1%: 0.11+0.50+0.054 ms clock, 0.92+0.85/0.66/0+0.43 ms cpu, 3->3->1 MB, 4 MB goal, 0 MB stacks, 0 MB globals, 8 P
gc 203 @4.669s 1%: 0.075+0.81+0.062 ms clock, 0.60+0.85/0.78/0+0.50 ms cpu, 3->3->1 MB, 4 MB goal, 0 MB stacks, 0 MB globals, 8 P
gc 204 @4.673s 1%: 0.069+0.58+0.072 ms clock, 0.55+0.74/0.79/0+0.57 ms cpu, 3->3->1 MB, 4 MB goal, 0 MB stacks, 0 MB globals, 8 P
gc 205 @4.676s 1%: 0.096+0.61+0.11 ms clock, 0.77+0.74/0.78/0+0.92 ms cpu, 3->3->1 MB, 4 MB goal, 0 MB stacks, 0 MB globals, 8 P
gc 206 @4.679s 1%: 0.077+0.53+0.064 ms clock, 0.62+0.71/0.72/0+0.51 ms cpu, 3->3->1 MB, 4 MB goal, 0 MB stacks, 0 MB globals, 8 P
gc 207 @4.682s 1%: 0.12+0.61+0.088 ms clock, 1.0+0.81/0.81/0+0.70 ms cpu, 3->3->1 MB, 4 MB goal, 0 MB stacks, 0 MB globals, 8 P
gc 208 @4.685s 1%: 0.086+0.70+0.088 ms clock, 0.69+0.82/0.80/0+0.70 ms cpu, 3->3->1 MB, 4 MB goal, 0 MB stacks, 0 MB globals, 8 P
gc 209 @4.688s 1%: 0.11+0.54+0.11 ms clock, 0.89+0.75/0.80/0+0.93 ms cpu, 3->3->1 MB, 4 MB goal, 0 MB stacks, 0 MB globals, 8 P
gc 210 @4.691s 1%: 0.087+0.60+0.10 ms clock, 0.69+0.61/0.81/0+0.84 ms cpu, 3->3->1 MB, 4 MB goal, 0 MB stacks, 0 MB globals, 8 P
gc 211 @4.694s 1%: 0.15+0.54+0.084 ms clock, 1.2+0.74/0.80/0+0.67 ms cpu, 3->3->1 MB, 4 MB goal, 0 MB stacks, 0 MB globals, 8 P
gc 212 @4.697s 1%: 0.12+0.57+0.087 ms clock, 0.96+0.76/0.81/0+0.70 ms cpu, 3->3->1 MB, 4 MB goal, 0 MB stacks, 0 MB globals, 8 P
gc 213 @4.700s 1%: 0.10+0.63+0.086 ms clock, 0.84+0.73/0.70/0+0.68 ms cpu, 3->3->1 MB, 4 MB goal, 0 MB stacks, 0 MB globals, 8 P
gc 214 @4.703s 1%: 0.079+0.56+0.094 ms clock, 0.63+0.69/0.74/0+0.75 ms cpu, 3->3->1 MB, 4 MB goal, 0 MB stacks, 0 MB globals, 8 P
gc 215 @4.707s 1%: 0.12+0.55+0.094 ms clock, 1.0+0.79/0.73/0+0.75 ms cpu, 3->3->1 MB, 4 MB goal, 0 MB stacks, 0 MB globals, 8 P
gc 216 @4.710s 1%: 0.10+0.55+0.081 ms clock, 0.83+0.77/0.77/0+0.65 ms cpu, 3->3->1 MB, 4 MB goal, 0 MB stacks, 0 MB globals, 8 P
gc 217 @4.713s 1%: 0.11+0.56+0.092 ms clock, 0.88+0.80/0.78/0+0.73 ms cpu, 3->3->1 MB, 4 MB goal, 0 MB stacks, 0 MB globals, 8 P
gc 218 @4.716s 1%: 0.13+0.51+0.068 ms clock, 1.0+0.73/0.80/0+0.54 ms cpu, 3->3->1 MB, 4 MB goal, 0 MB stacks, 0 MB globals, 8 P
gc 219 @4.719s 1%: 0.090+0.61+0.075 ms clock, 0.72+0.86/0.73/0+0.60 ms cpu, 3->3->1 MB, 4 MB goal, 0 MB stacks, 0 MB globals, 8 P
gc 220 @4.722s 1%: 0.10+0.59+0.055 ms clock, 0.83+0.77/0.79/0+0.44 ms cpu, 3->3->1 MB, 4 MB goal, 0 MB stacks, 0 MB globals, 8 P
gc 221 @4.725s 1%: 0.13+0.49+0.094 ms clock, 1.0+0.75/0.71/0+0.75 ms cpu, 3->3->1 MB, 4 MB goal, 0 MB stacks, 0 MB globals, 8 P
gc 222 @4.728s 1%: 0.12+0.54+0.10 ms clock, 1.0+0.65/0.81/0+0.81 ms cpu, 3->3->1 MB, 4 MB goal, 0 MB stacks, 0 MB globals, 8 P
gc 223 @4.731s 1%: 0.12+0.54+0.045 ms clock, 1.0+0.72/0.74/0+0.36 ms cpu, 3->3->1 MB, 4 MB goal, 0 MB stacks, 0 MB globals, 8 P
gc 224 @4.734s 1%: 0.14+0.50+0.10 ms clock, 1.1+0.84/0.74/0+0.85 ms cpu, 3->3->1 MB, 4 MB goal, 0 MB stacks, 0 MB globals, 8 P
gc 225 @4.737s 1%: 0.11+0.56+0.088 ms clock, 0.95+0.78/0.81/0+0.70 ms cpu, 3->3->1 MB, 4 MB goal, 0 MB stacks, 0 MB globals, 8 P
gc 226 @4.740s 1%: 0.12+0.52+0.10 ms clock, 1.0+0.72/0.75/0+0.87 ms cpu, 3->3->1 MB, 4 MB goal, 0 MB stacks, 0 MB globals, 8 P
gc 227 @4.744s 1%: 0.089+0.53+0.089 ms clock, 0.71+0.76/0.84/0+0.71 ms cpu, 3->3->1 MB, 4 MB goal, 0 MB stacks, 0 MB globals, 8 P
gc 228 @4.747s 1%: 0.083+0.50+0.048 ms clock, 0.66+0.83/0.69/0+0.38 ms cpu, 3->3->1 MB, 4 MB goal, 0 MB stacks, 0 MB globals, 8 P
gc 229 @4.750s 1%: 0.097+0.53+0.067 ms clock, 0.77+0.84/0.63/0+0.53 ms cpu, 3->3->1 MB, 4 MB goal, 0 MB stacks, 0 MB globals, 8 P
gc 230 @4.753s 1%: 0.092+0.66+0.087 ms clock, 0.74+0.71/0.73/0+0.70 ms cpu, 3->3->1 MB, 4 MB goal, 0 MB stacks, 0 MB globals, 8 P
gc 231 @4.756s 1%: 0.12+0.52+0.071 ms clock, 0.99+0.77/0.76/0+0.57 ms cpu, 3->3->1 MB, 4 MB goal, 0 MB stacks, 0 MB globals, 8 P
gc 232 @4.759s 1%: 0.10+0.58+0.10 ms clock, 0.81+0.77/0.71/0+0.80 ms cpu, 3->3->1 MB, 4 MB goal, 0 MB stacks, 0 MB globals, 8 P
gc 233 @4.762s 1%: 0.095+0.54+0.077 ms clock, 0.76+0.70/0.75/0+0.61 ms cpu, 3->3->1 MB, 4 MB goal, 0 MB stacks, 0 MB globals, 8 P
gc 234 @4.765s 1%: 0.10+0.60+0.093 ms clock, 0.84+0.91/0.71/0+0.75 ms cpu, 3->3->1 MB, 4 MB goal, 0 MB stacks, 0 MB globals, 8 P
gc 235 @4.768s 1%: 0.089+0.64+0.095 ms clock, 0.71+0.72/0.75/0+0.76 ms cpu, 3->3->1 MB, 4 MB goal, 0 MB stacks, 0 MB globals, 8 P
gc 236 @4.771s 1%: 0.081+0.58+0.086 ms clock, 0.65+0.77/0.74/0+0.69 ms cpu, 3->3->1 MB, 4 MB goal, 0 MB stacks, 0 MB globals, 8 P
gc 237 @4.774s 1%: 0.11+1.1+0.076 ms clock, 0.91+1.5/0.79/0+0.60 ms cpu, 3->3->1 MB, 4 MB goal, 0 MB stacks, 0 MB globals, 8 P
gc 238 @4.778s 1%: 0.13+1.0+0.078 ms clock, 1.1+0.66/0.77/0+0.62 ms cpu, 3->4->1 MB, 4 MB goal, 0 MB stacks, 0 MB globals, 8 P
gc 239 @4.781s 1%: 0.12+0.65+0.088 ms clock, 0.98+0.65/0.81/0+0.70 ms cpu, 3->3->1 MB, 4 MB goal, 0 MB stacks, 0 MB globals, 8 P
gc 240 @4.784s 1%: 0.065+0.63+0.075 ms clock, 0.52+0.82/0.72/0+0.60 ms cpu, 3->3->1 MB, 4 MB goal, 0 MB stacks, 0 MB globals, 8 P
gc 241 @4.787s 1%: 0.075+0.62+0.069 ms clock, 0.60+0.74/0.85/0+0.55 ms cpu, 3->3->1 MB, 4 MB goal, 0 MB stacks, 0 MB globals, 8 P
gc 242 @4.790s 1%: 0.11+0.52+0.097 ms clock, 0.95+0.84/0.71/0+0.77 ms cpu, 3->3->1 MB, 4 MB goal, 0 MB stacks, 0 MB globals, 8 P
gc 243 @4.793s 1%: 0.081+1.1+0.095 ms clock, 0.65+0.97/0.66/0+0.76 ms cpu, 3->3->1 MB, 4 MB goal, 0 MB stacks, 0 MB globals, 8 P
gc 244 @4.797s 1%: 0.090+0.66+0.098 ms clock, 0.72+0.75/0.84/0+0.78 ms cpu, 3->3->1 MB, 4 MB goal, 0 MB stacks, 0 MB globals, 8 P
gc 245 @4.800s 1%: 0.11+0.60+0.097 ms clock, 0.92+0.90/0.69/0+0.78 ms cpu, 3->3->1 MB, 4 MB goal, 0 MB stacks, 0 MB globals, 8 P
gc 246 @4.803s 1%: 0.13+0.63+0.092 ms clock, 1.0+0.70/0.87/0+0.74 ms cpu, 3->3->1 MB, 4 MB goal, 0 MB stacks, 0 MB globals, 8 P
gc 247 @4.806s 1%: 0.096+0.59+0.10 ms clock, 0.77+0.79/0.71/0+0.80 ms cpu, 3->3->1 MB, 4 MB goal, 0 MB stacks, 0 MB globals, 8 P
gc 248 @4.809s 1%: 0.097+0.58+0.080 ms clock, 0.78+0.93/0.75/0+0.64 ms cpu, 3->3->1 MB, 4 MB goal, 0 MB stacks, 0 MB globals, 8 P
gc 249 @4.812s 1%: 0.12+0.66+0.074 ms clock, 0.97+0.73/0.84/0+0.59 ms cpu, 3->3->1 MB, 4 MB goal, 0 MB stacks, 0 MB globals, 8 P
gc 250 @4.815s 1%: 0.11+0.84+0.067 ms clock, 0.88+0.62/0.81/0+0.54 ms cpu, 3->3->1 MB, 4 MB goal, 0 MB stacks, 0 MB globals, 8 P
gc 251 @4.818s 1%: 0.13+0.61+0.12 ms clock, 1.0+0.81/0.84/0+1.0 ms cpu, 3->3->1 MB, 4 MB goal, 0 MB stacks, 0 MB globals, 8 P
gc 252 @4.821s 1%: 0.10+0.46+0.11 ms clock, 0.80+0.80/0.70/0+0.93 ms cpu, 3->3->1 MB, 4 MB goal, 0 MB stacks, 0 MB globals, 8 P
gc 253 @4.824s 1%: 0.10+0.69+0.074 ms clock, 0.83+0.69/0.81/0+0.59 ms cpu, 3->3->1 MB, 4 MB goal, 0 MB stacks, 0 MB globals, 8 P
gc 254 @4.827s 1%: 0.086+0.49+0.075 ms clock, 0.68+0.87/0.57/0+0.60 ms cpu, 3->3->1 MB, 4 MB goal, 0 MB stacks, 0 MB globals, 8 P
gc 255 @4.830s 1%: 0.072+0.58+0.046 ms clock, 0.58+0.76/0.76/0+0.37 ms cpu, 3->3->1 MB, 4 MB goal, 0 MB stacks, 0 MB globals, 8 P
gc 256 @4.833s 1%: 0.11+0.68+0.15 ms clock, 0.91+0.76/0.68/0+1.2 ms cpu, 3->3->1 MB, 4 MB goal, 0 MB stacks, 0 MB globals, 8 P
gc 257 @4.837s 1%: 0.10+0.55+0.064 ms clock, 0.83+0.76/0.74/0+0.51 ms cpu, 3->3->1 MB, 4 MB goal, 0 MB stacks, 0 MB globals, 8 P
gc 258 @4.840s 1%: 0.099+1.0+0.067 ms clock, 0.79+0.67/0.73/0+0.53 ms cpu, 3->3->1 MB, 4 MB goal, 0 MB stacks, 0 MB globals, 8 P
gc 259 @4.843s 1%: 0.080+0.75+0.11 ms clock, 0.64+0.83/0.68/0+0.90 ms cpu, 3->3->1 MB, 4 MB goal, 0 MB stacks, 0 MB globals, 8 P
gc 260 @4.846s 1%: 0.071+0.99+0.067 ms clock, 0.56+0.60/0.78/0+0.53 ms cpu, 3->3->1 MB, 4 MB goal, 0 MB stacks, 0 MB globals, 8 P
gc 261 @4.849s 1%: 0.090+0.56+0.11 ms clock, 0.72+0.86/0.72/0+0.89 ms cpu, 3->3->1 MB, 4 MB goal, 0 MB stacks, 0 MB globals, 8 P
gc 262 @4.852s 1%: 0.096+0.83+0.089 ms clock, 0.77+0.88/0.73/0+0.71 ms cpu, 3->3->1 MB, 4 MB goal, 0 MB stacks, 0 MB globals, 8 P
gc 263 @4.856s 1%: 0.090+0.55+0.096 ms clock, 0.72+0.85/0.69/0+0.77 ms cpu, 3->3->1 MB, 4 MB goal, 0 MB stacks, 0 MB globals, 8 P
gc 264 @4.859s 1%: 0.076+0.51+0.10 ms clock, 0.61+0.82/0.78/0+0.81 ms cpu, 3->3->1 MB, 4 MB goal, 0 MB stacks, 0 MB globals, 8 P
gc 265 @4.862s 1%: 0.086+0.86+0.11 ms clock, 0.69+0.79/0.70/0+0.95 ms cpu, 3->3->1 MB, 4 MB goal, 0 MB stacks, 0 MB globals, 8 P
gc 266 @4.865s 1%: 0.073+0.53+0.11 ms clock, 0.58+0.78/0.77/0+0.90 ms cpu, 3->3->1 MB, 4 MB goal, 0 MB stacks, 0 MB globals, 8 P
gc 267 @4.868s 1%: 0.085+0.61+0.091 ms clock, 0.68+0.71/0.83/0+0.72 ms cpu, 3->3->1 MB, 4 MB goal, 0 MB stacks, 0 MB globals, 8 P
gc 268 @4.871s 1%: 0.097+1.1+0.071 ms clock, 0.77+0.62/0.73/0+0.57 ms cpu, 3->3->1 MB, 4 MB goal, 0 MB stacks, 0 MB globals, 8 P
gc 269 @4.874s 1%: 0.11+0.67+0.094 ms clock, 0.90+0.82/0.71/0+0.75 ms cpu, 3->3->1 MB, 4 MB goal, 0 MB stacks, 0 MB globals, 8 P
gc 270 @4.878s 1%: 0.12+0.48+0.071 ms clock, 1.0+0.82/0.67/0+0.57 ms cpu, 3->3->1 MB, 4 MB goal, 0 MB stacks, 0 MB globals, 8 P
gc 271 @4.881s 1%: 0.10+0.55+0.095 ms clock, 0.83+0.80/0.70/0+0.76 ms cpu, 3->3->1 MB, 4 MB goal, 0 MB stacks, 0 MB globals, 8 P
gc 272 @4.884s 1%: 0.14+0.61+0.092 ms clock, 1.1+0.80/0.74/0+0.73 ms cpu, 3->3->1 MB, 4 MB goal, 0 MB stacks, 0 MB globals, 8 P
gc 273 @4.887s 1%: 0.089+0.54+0.081 ms clock, 0.71+0.81/0.74/0+0.65 ms cpu, 3->3->1 MB, 4 MB goal, 0 MB stacks, 0 MB globals, 8 P
gc 274 @4.890s 1%: 0.12+0.55+0.061 ms clock, 1.0+0.73/0.75/0+0.48 ms cpu, 3->3->1 MB, 4 MB goal, 0 MB stacks, 0 MB globals, 8 P
gc 275 @4.893s 1%: 0.12+0.95+0.082 ms clock, 1.0+0.75/0.85/0+0.66 ms cpu, 3->3->1 MB, 4 MB goal, 0 MB stacks, 0 MB globals, 8 P
gc 276 @4.896s 1%: 0.083+0.59+0.13 ms clock, 0.67+0.73/0.78/0+1.0 ms cpu, 3->3->1 MB, 4 MB goal, 0 MB stacks, 0 MB globals, 8 P
gc 277 @4.899s 1%: 0.12+0.50+0.10 ms clock, 0.98+0.81/0.67/0+0.80 ms cpu, 3->3->1 MB, 4 MB goal, 0 MB stacks, 0 MB globals, 8 P
gc 278 @4.902s 1%: 0.11+1.1+0.093 ms clock, 0.91+0.66/0.78/0+0.74 ms cpu, 3->3->1 MB, 4 MB goal, 0 MB stacks, 0 MB globals, 8 P
gc 279 @4.905s 1%: 0.10+0.53+0.10 ms clock, 0.85+0.83/0.69/0+0.85 ms cpu, 3->3->1 MB, 4 MB goal, 0 MB stacks, 0 MB globals, 8 P
gc 280 @4.908s 1%: 0.12+0.60+0.097 ms clock, 1.0+0.78/0.71/0+0.77 ms cpu, 3->3->1 MB, 4 MB goal, 0 MB stacks, 0 MB globals, 8 P
gc 281 @4.911s 1%: 0.085+0.64+0.054 ms clock, 0.68+0.71/0.82/0+0.43 ms cpu, 3->3->1 MB, 4 MB goal, 0 MB stacks, 0 MB globals, 8 P
gc 282 @4.914s 1%: 0.099+0.55+0.057 ms clock, 0.79+0.82/0.68/0+0.46 ms cpu, 3->3->1 MB, 4 MB goal, 0 MB stacks, 0 MB globals, 8 P
gc 283 @4.918s 1%: 0.097+0.55+0.092 ms clock, 0.78+0.83/0.67/0+0.73 ms cpu, 3->3->1 MB, 4 MB goal, 0 MB stacks, 0 MB globals, 8 P
gc 284 @4.921s 1%: 0.10+0.57+0.077 ms clock, 0.86+0.91/0.68/0+0.62 ms cpu, 3->3->1 MB, 4 MB goal, 0 MB stacks, 0 MB globals, 8 P
gc 285 @4.924s 1%: 0.11+0.60+0.065 ms clock, 0.89+0.73/0.74/0+0.52 ms cpu, 3->3->1 MB, 4 MB goal, 0 MB stacks, 0 MB globals, 8 P
gc 286 @4.927s 1%: 0.10+0.58+0.086 ms clock, 0.85+0.79/0.80/0+0.68 ms cpu, 3->3->1 MB, 4 MB goal, 0 MB stacks, 0 MB globals, 8 P
gc 287 @4.930s 1%: 0.12+1.2+0.10 ms clock, 1.0+0.68/0.76/0+0.83 ms cpu, 3->3->1 MB, 4 MB goal, 0 MB stacks, 0 MB globals, 8 P
gc 288 @4.933s 1%: 0.12+1.4+0.094 ms clock, 0.96+0.80/0.72/0+0.75 ms cpu, 3->4->2 MB, 4 MB goal, 0 MB stacks, 0 MB globals, 8 P
gc 289 @4.937s 1%: 0.10+0.59+0.056 ms clock, 0.84+0.70/0.85/0+0.45 ms cpu, 3->4->1 MB, 4 MB goal, 0 MB stacks, 0 MB globals, 8 P
gc 290 @4.940s 1%: 0.12+1.1+0.062 ms clock, 0.99+0.77/0.84/0+0.50 ms cpu, 3->3->1 MB, 4 MB goal, 0 MB stacks, 0 MB globals, 8 P
gc 291 @4.944s 1%: 0.081+1.2+0.083 ms clock, 0.64+0.65/0.87/0+0.66 ms cpu, 3->4->1 MB, 4 MB goal, 0 MB stacks, 0 MB globals, 8 P
gc 292 @4.947s 1%: 0.10+0.90+0.10 ms clock, 0.80+0.80/0.82/0+0.81 ms cpu, 3->4->1 MB, 4 MB goal, 0 MB stacks, 0 MB globals, 8 P
gc 293 @4.950s 1%: 0.090+0.58+0.050 ms clock, 0.72+0.79/0.75/0+0.40 ms cpu, 3->3->1 MB, 4 MB goal, 0 MB stacks, 0 MB globals, 8 P
gc 294 @4.953s 1%: 0.14+0.71+0.12 ms clock, 1.1+0.78/0.73/0+0.96 ms cpu, 3->3->1 MB, 4 MB goal, 0 MB stacks, 0 MB globals, 8 P
gc 295 @4.956s 1%: 0.081+0.86+0.10 ms clock, 0.65+0.67/0.79/0+0.82 ms cpu, 3->3->1 MB, 4 MB goal, 0 MB stacks, 0 MB globals, 8 P
gc 296 @4.959s 1%: 0.10+0.64+0.11 ms clock, 0.83+0.80/0.74/0+0.92 ms cpu, 3->3->1 MB, 4 MB goal, 0 MB stacks, 0 MB globals, 8 P
gc 297 @4.963s 1%: 0.11+0.59+0.063 ms clock, 0.89+0.85/0.73/0+0.50 ms cpu, 3->3->1 MB, 4 MB goal, 0 MB stacks, 0 MB globals, 8 P
gc 298 @4.966s 1%: 0.14+0.61+0.083 ms clock, 1.1+0.92/0.70/0+0.66 ms cpu, 3->3->1 MB, 4 MB goal, 0 MB stacks, 0 MB globals, 8 P
gc 299 @4.969s 1%: 0.13+0.81+0.089 ms clock, 1.0+0.82/0.73/0+0.71 ms cpu, 3->3->1 MB, 4 MB goal, 0 MB stacks, 0 MB globals, 8 P
gc 300 @4.972s 1%: 0.099+0.62+0.051 ms clock, 0.79+0.81/0.75/0+0.41 ms cpu, 3->3->1 MB, 4 MB goal, 0 MB stacks, 0 MB globals, 8 P
gc 301 @4.975s 1%: 0.089+0.61+0.11 ms clock, 0.71+0.74/0.72/0+0.89 ms cpu, 3->3->1 MB, 4 MB goal, 0 MB stacks, 0 MB globals, 8 P
gc 302 @4.978s 1%: 0.11+0.97+0.10 ms clock, 0.95+0.86/0.79/0+0.83 ms cpu, 3->3->1 MB, 4 MB goal, 0 MB stacks, 0 MB globals, 8 P
gc 303 @4.981s 1%: 0.14+0.48+0.057 ms clock, 1.1+0.79/0.71/0+0.46 ms cpu, 3->3->1 MB, 4 MB goal, 0 MB stacks, 0 MB globals, 8 P
gc 304 @4.984s 1%: 0.11+1.0+0.089 ms clock, 0.94+0.73/0.79/0+0.71 ms cpu, 3->3->1 MB, 4 MB goal, 0 MB stacks, 0 MB globals, 8 P
gc 305 @4.987s 1%: 0.12+0.52+0.098 ms clock, 0.96+0.94/0.65/0+0.79 ms cpu, 3->3->1 MB, 4 MB goal, 0 MB stacks, 0 MB globals, 8 P
gc 306 @4.991s 1%: 0.080+0.83+0.11 ms clock, 0.64+0.60/0.83/0+0.94 ms cpu, 3->3->1 MB, 4 MB goal, 0 MB stacks, 0 MB globals, 8 P
gc 307 @4.994s 1%: 0.095+0.70+0.10 ms clock, 0.76+0.81/0.84/0+0.84 ms cpu, 3->3->1 MB, 4 MB goal, 0 MB stacks, 0 MB globals, 8 P
gc 308 @4.997s 1%: 0.097+0.65+0.079 ms clock, 0.77+0.84/0.69/0+0.63 ms cpu, 3->3->1 MB, 4 MB goal, 0 MB stacks, 0 MB globals, 8 P
gc 309 @5.000s 1%: 0.086+0.66+0.066 ms clock, 0.69+0.78/0.74/0+0.53 ms cpu, 3->3->1 MB, 4 MB goal, 0 MB stacks, 0 MB globals, 8 P
gc 310 @5.003s 1%: 0.10+0.91+0.096 ms clock, 0.86+0.83/0.76/0+0.77 ms cpu, 3->3->1 MB, 4 MB goal, 0 MB stacks, 0 MB globals, 8 P
gc 311 @5.006s 1%: 0.10+0.58+0.10 ms clock, 0.86+0.82/0.67/0+0.82 ms cpu, 3->3->1 MB, 4 MB goal, 0 MB stacks, 0 MB globals, 8 P
gc 312 @5.009s 1%: 0.10+0.46+0.10 ms clock, 0.86+0.76/0.67/0+0.81 ms cpu, 3->3->1 MB, 4 MB goal, 0 MB stacks, 0 MB globals, 8 P
gc 313 @5.012s 1%: 0.089+0.56+0.11 ms clock, 0.71+0.83/0.69/0+0.89 ms cpu, 3->3->1 MB, 4 MB goal, 0 MB stacks, 0 MB globals, 8 P
gc 314 @5.015s 1%: 0.095+0.64+0.080 ms clock, 0.76+0.56/0.84/0+0.64 ms cpu, 3->3->1 MB, 4 MB goal, 0 MB stacks, 0 MB globals, 8 P
gc 315 @5.018s 1%: 0.094+0.49+0.049 ms clock, 0.75+0.75/0.67/0+0.39 ms cpu, 3->3->1 MB, 4 MB goal, 0 MB stacks, 0 MB globals, 8 P
gc 316 @5.021s 1%: 0.12+0.66+0.060 ms clock, 1.0+0.70/0.80/0+0.48 ms cpu, 3->3->1 MB, 4 MB goal, 0 MB stacks, 0 MB globals, 8 P
gc 317 @5.025s 1%: 0.10+0.50+0.089 ms clock, 0.80+0.82/0.69/0+0.71 ms cpu, 3->3->1 MB, 4 MB goal, 0 MB stacks, 0 MB globals, 8 P
gc 318 @5.028s 1%: 0.086+0.53+0.10 ms clock, 0.69+0.77/0.79/0+0.83 ms cpu, 3->3->1 MB, 4 MB goal, 0 MB stacks, 0 MB globals, 8 P
gc 319 @5.031s 1%: 0.11+0.58+0.049 ms clock, 0.88+0.78/0.73/0+0.39 ms cpu, 3->3->1 MB, 4 MB goal, 0 MB stacks, 0 MB globals, 8 P
gc 320 @5.034s 1%: 0.092+0.58+0.053 ms clock, 0.73+0.82/0.79/0+0.42 ms cpu, 3->3->1 MB, 4 MB goal, 0 MB stacks, 0 MB globals, 8 P
gc 321 @5.037s 1%: 0.072+0.52+0.10 ms clock, 0.57+0.99/0.67/0+0.81 ms cpu, 3->3->1 MB, 4 MB goal, 0 MB stacks, 0 MB globals, 8 P
gc 322 @5.040s 1%: 0.14+0.59+0.097 ms clock, 1.1+0.64/0.80/0+0.77 ms cpu, 3->3->1 MB, 4 MB goal, 0 MB stacks, 0 MB globals, 8 P
gc 323 @5.043s 1%: 0.10+0.62+0.10 ms clock, 0.83+0.61/0.74/0+0.80 ms cpu, 3->3->1 MB, 4 MB goal, 0 MB stacks, 0 MB globals, 8 P
gc 324 @5.046s 1%: 0.11+0.50+0.11 ms clock, 0.92+0.68/0.78/0+0.88 ms cpu, 3->3->1 MB, 4 MB goal, 0 MB stacks, 0 MB globals, 8 P
gc 325 @5.049s 1%: 0.085+1.0+0.096 ms clock, 0.68+0.83/0.72/0+0.77 ms cpu, 3->3->1 MB, 4 MB goal, 0 MB stacks, 0 MB globals, 8 P
gc 326 @5.052s 1%: 0.12+0.87+0.052 ms clock, 1.0+0.81/0.77/0+0.42 ms cpu, 3->3->1 MB, 4 MB goal, 0 MB stacks, 0 MB globals, 8 P
gc 327 @5.055s 1%: 0.11+0.67+0.097 ms clock, 0.91+0.83/0.78/0+0.78 ms cpu, 3->3->1 MB, 4 MB goal, 0 MB stacks, 0 MB globals, 8 P
gc 328 @5.058s 1%: 0.12+0.53+0.056 ms clock, 1.0+0.74/0.75/0+0.45 ms cpu, 3->3->1 MB, 4 MB goal, 0 MB stacks, 0 MB globals, 8 P
gc 329 @5.062s 1%: 0.11+1.0+0.12 ms clock, 0.91+0.69/0.76/0+0.99 ms cpu, 3->3->1 MB, 4 MB goal, 0 MB stacks, 0 MB globals, 8 P
gc 330 @5.065s 1%: 0.10+0.63+0.10 ms clock, 0.85+0.78/0.76/0+0.81 ms cpu, 3->3->1 MB, 4 MB goal, 0 MB stacks, 0 MB globals, 8 P
gc 331 @5.068s 1%: 0.14+0.87+0.089 ms clock, 1.1+0.78/0.66/0+0.71 ms cpu, 3->3->1 MB, 4 MB goal, 0 MB stacks, 0 MB globals, 8 P
gc 332 @5.071s 1%: 0.10+0.60+0.15 ms clock, 0.80+0.98/0.71/0+1.2 ms cpu, 3->3->1 MB, 4 MB goal, 0 MB stacks, 0 MB globals, 8 P
gc 333 @5.074s 1%: 0.12+1.2+0.10 ms clock, 0.99+0.65/0.78/0+0.81 ms cpu, 3->4->1 MB, 4 MB goal, 0 MB stacks, 0 MB globals, 8 P
gc 334 @5.078s 1%: 0.13+0.60+0.11 ms clock, 1.0+0.79/0.78/0+0.91 ms cpu, 3->4->1 MB, 4 MB goal, 0 MB stacks, 0 MB globals, 8 P
gc 335 @5.081s 1%: 0.12+0.45+0.061 ms clock, 0.99+0.84/0.64/0.066+0.49 ms cpu, 3->3->1 MB, 4 MB goal, 0 MB stacks, 0 MB globals, 8 P
gc 336 @5.084s 1%: 0.068+0.56+0.10 ms clock, 0.54+0.75/0.77/0+0.84 ms cpu, 3->3->1 MB, 4 MB goal, 0 MB stacks, 0 MB globals, 8 P
gc 337 @5.087s 1%: 0.11+0.72+0.088 ms clock, 0.90+0.82/0.70/0+0.70 ms cpu, 3->3->1 MB, 4 MB goal, 0 MB stacks, 0 MB globals, 8 P
gc 338 @5.090s 1%: 0.11+0.64+0.085 ms clock, 0.91+0.76/0.81/0+0.68 ms cpu, 3->3->1 MB, 4 MB goal, 0 MB stacks, 0 MB globals, 8 P
gc 339 @5.093s 1%: 0.074+0.57+0.068 ms clock, 0.59+0.87/0.84/0+0.54 ms cpu, 3->3->1 MB, 4 MB goal, 0 MB stacks, 0 MB globals, 8 P
gc 340 @5.096s 2%: 0.095+0.55+0.088 ms clock, 0.76+0.77/0.76/0+0.70 ms cpu, 3->3->1 MB, 4 MB goal, 0 MB stacks, 0 MB globals, 8 P
gc 341 @5.099s 2%: 0.11+1.1+0.081 ms clock, 0.94+0.56/0.82/0+0.65 ms cpu, 3->3->1 MB, 4 MB goal, 0 MB stacks, 0 MB globals, 8 P
gc 342 @5.103s 2%: 0.097+0.61+0.082 ms clock, 0.77+0.77/0.81/0+0.66 ms cpu, 3->3->1 MB, 4 MB goal, 0 MB stacks, 0 MB globals, 8 P
gc 343 @5.106s 2%: 0.098+0.64+0.12 ms clock, 0.78+0.75/0.79/0+1.0 ms cpu, 3->3->1 MB, 4 MB goal, 0 MB stacks, 0 MB globals, 8 P
gc 344 @5.109s 2%: 0.091+1.0+0.089 ms clock, 0.73+0.78/0.76/0+0.71 ms cpu, 3->3->1 MB, 4 MB goal, 0 MB stacks, 0 MB globals, 8 P
gc 345 @5.112s 2%: 0.12+0.78+0.058 ms clock, 1.0+0.70/0.77/0+0.46 ms cpu, 3->3->1 MB, 4 MB goal, 0 MB stacks, 0 MB globals, 8 P
gc 346 @5.115s 2%: 0.14+0.48+0.080 ms clock, 1.1+0.73/0.74/0+0.64 ms cpu, 3->3->1 MB, 4 MB goal, 0 MB stacks, 0 MB globals, 8 P
gc 347 @5.118s 2%: 0.12+0.55+0.081 ms clock, 0.99+0.85/0.68/0+0.65 ms cpu, 3->3->1 MB, 4 MB goal, 0 MB stacks, 0 MB globals, 8 P
gc 348 @5.121s 2%: 0.093+0.89+0.11 ms clock, 0.75+0.72/0.75/0+0.95 ms cpu, 3->3->1 MB, 4 MB goal, 0 MB stacks, 0 MB globals, 8 P
gc 349 @5.125s 2%: 0.10+0.46+0.068 ms clock, 0.84+0.79/0.75/0+0.54 ms cpu, 3->3->1 MB, 4 MB goal, 0 MB stacks, 0 MB globals, 8 P
gc 350 @5.128s 2%: 0.11+1.2+0.085 ms clock, 0.93+0.72/0.76/0+0.68 ms cpu, 3->3->1 MB, 4 MB goal, 0 MB stacks, 0 MB globals, 8 P
gc 351 @5.131s 2%: 0.11+0.91+0.10 ms clock, 0.92+0.85/0.70/0+0.82 ms cpu, 3->3->1 MB, 4 MB goal, 0 MB stacks, 0 MB globals, 8 P
gc 352 @5.134s 2%: 0.12+0.48+0.071 ms clock, 1.0+0.65/0.72/0+0.56 ms cpu, 3->3->1 MB, 4 MB goal, 0 MB stacks, 0 MB globals, 8 P
gc 353 @5.137s 2%: 0.099+0.47+0.097 ms clock, 0.79+0.89/0.68/0+0.77 ms cpu, 3->3->1 MB, 4 MB goal, 0 MB stacks, 0 MB globals, 8 P
gc 354 @5.140s 2%: 0.13+0.99+0.020 ms clock, 1.0+0.84/0.74/0+0.16 ms cpu, 3->3->1 MB, 4 MB goal, 0 MB stacks, 0 MB globals, 8 P
gc 355 @5.143s 2%: 0.10+0.60+0.098 ms clock, 0.85+0.90/0.76/0+0.79 ms cpu, 3->3->1 MB, 4 MB goal, 0 MB stacks, 0 MB globals, 8 P
gc 356 @5.146s 2%: 0.10+0.58+0.11 ms clock, 0.82+0.76/0.83/0+0.91 ms cpu, 3->3->1 MB, 4 MB goal, 0 MB stacks, 0 MB globals, 8 P
gc 357 @5.150s 2%: 0.086+0.46+0.13 ms clock, 0.69+0.82/0.73/0+1.0 ms cpu, 3->3->1 MB, 4 MB goal, 0 MB stacks, 0 MB globals, 8 P
gc 358 @5.153s 2%: 0.10+0.88+0.086 ms clock, 0.84+0.75/0.77/0+0.69 ms cpu, 3->3->1 MB, 4 MB goal, 0 MB stacks, 0 MB globals, 8 P
gc 359 @5.156s 2%: 0.11+0.96+0.11 ms clock, 0.94+0.84/0.65/0+0.91 ms cpu, 3->3->1 MB, 4 MB goal, 0 MB stacks, 0 MB globals, 8 P
gc 360 @5.159s 2%: 0.086+0.55+0.057 ms clock, 0.69+0.67/0.73/0+0.45 ms cpu, 3->3->1 MB, 4 MB goal, 0 MB stacks, 0 MB globals, 8 P
gc 361 @5.162s 2%: 0.097+0.78+0.086 ms clock, 0.77+0.70/0.78/0+0.68 ms cpu, 3->3->1 MB, 4 MB goal, 0 MB stacks, 0 MB globals, 8 P
gc 362 @5.165s 2%: 0.11+0.53+0.13 ms clock, 0.89+0.85/0.72/0+1.1 ms cpu, 3->3->1 MB, 4 MB goal, 0 MB stacks, 0 MB globals, 8 P
gc 363 @5.168s 2%: 0.076+1.1+0.087 ms clock, 0.61+0.76/0.80/0+0.69 ms cpu, 3->3->1 MB, 4 MB goal, 0 MB stacks, 0 MB globals, 8 P
gc 364 @5.172s 2%: 0.11+0.52+0.081 ms clock, 0.91+0.86/0.76/0+0.65 ms cpu, 3->3->1 MB, 4 MB goal, 0 MB stacks, 0 MB globals, 8 P
gc 365 @5.175s 2%: 0.13+0.93+0.061 ms clock, 1.0+0.70/0.83/0+0.49 ms cpu, 3->3->1 MB, 4 MB goal, 0 MB stacks, 0 MB globals, 8 P
gc 366 @5.178s 2%: 0.090+0.60+0.046 ms clock, 0.72+0.82/0.73/0+0.37 ms cpu, 3->3->1 MB, 4 MB goal, 0 MB stacks, 0 MB globals, 8 P
gc 367 @5.181s 2%: 0.077+0.84+0.053 ms clock, 0.61+0.63/0.90/0+0.42 ms cpu, 3->3->1 MB, 4 MB goal, 0 MB stacks, 0 MB globals, 8 P
gc 368 @5.184s 2%: 0.064+0.99+0.092 ms clock, 0.51+0.70/0.78/0+0.73 ms cpu, 3->3->1 MB, 4 MB goal, 0 MB stacks, 0 MB globals, 8 P
gc 369 @5.187s 2%: 0.084+0.72+0.11 ms clock, 0.67+0.76/0.81/0+0.89 ms cpu, 3->3->1 MB, 4 MB goal, 0 MB stacks, 0 MB globals, 8 P
gc 370 @5.190s 2%: 0.10+0.97+0.077 ms clock, 0.82+0.84/0.78/0+0.61 ms cpu, 3->3->1 MB, 4 MB goal, 0 MB stacks, 0 MB globals, 8 P
gc 371 @5.193s 2%: 0.081+0.57+0.12 ms clock, 0.65+0.81/0.83/0+0.98 ms cpu, 3->3->1 MB, 4 MB goal, 0 MB stacks, 0 MB globals, 8 P
gc 372 @5.197s 2%: 0.083+0.58+0.077 ms clock, 0.66+0.82/0.73/0+0.61 ms cpu, 3->3->1 MB, 4 MB goal, 0 MB stacks, 0 MB globals, 8 P
gc 373 @5.200s 2%: 0.074+1.1+0.065 ms clock, 0.59+0.28/0.98/0+0.52 ms cpu, 3->3->1 MB, 4 MB goal, 0 MB stacks, 0 MB globals, 8 P
gc 374 @5.203s 2%: 0.11+0.75+0.060 ms clock, 0.90+0.75/0.83/0+0.48 ms cpu, 3->3->1 MB, 4 MB goal, 0 MB stacks, 0 MB globals, 8 P
gc 375 @5.206s 2%: 0.097+0.82+0.092 ms clock, 0.78+0.71/0.71/0+0.74 ms cpu, 3->3->1 MB, 4 MB goal, 0 MB stacks, 0 MB globals, 8 P
gc 376 @5.209s 2%: 0.14+0.51+0.089 ms clock, 1.1+0.80/0.76/0+0.71 ms cpu, 3->3->1 MB, 4 MB goal, 0 MB stacks, 0 MB globals, 8 P
gc 377 @5.212s 2%: 0.086+0.51+0.096 ms clock, 0.68+0.79/0.75/0+0.77 ms cpu, 3->3->1 MB, 4 MB goal, 0 MB stacks, 0 MB globals, 8 P
gc 378 @5.215s 2%: 0.11+1.1+0.058 ms clock, 0.91+0.69/0.76/0+0.46 ms cpu, 3->3->1 MB, 4 MB goal, 0 MB stacks, 0 MB globals, 8 P
gc 379 @5.219s 2%: 0.088+0.57+0.11 ms clock, 0.70+0.79/0.78/0+0.88 ms cpu, 3->3->1 MB, 4 MB goal, 0 MB stacks, 0 MB globals, 8 P
gc 380 @5.222s 2%: 0.079+0.88+0.051 ms clock, 0.63+1.3/0.82/0+0.41 ms cpu, 3->3->1 MB, 4 MB goal, 0 MB stacks, 0 MB globals, 8 P
gc 381 @5.225s 2%: 0.10+0.94+0.036 ms clock, 0.83+0.76/0.72/0+0.28 ms cpu, 3->3->1 MB, 4 MB goal, 0 MB stacks, 0 MB globals, 8 P
gc 382 @5.228s 2%: 0.10+1.1+0.092 ms clock, 0.81+0.80/0.73/0+0.74 ms cpu, 3->3->1 MB, 4 MB goal, 0 MB stacks, 0 MB globals, 8 P
gc 383 @5.231s 2%: 0.10+0.80+0.11 ms clock, 0.86+0.77/0.76/0+0.90 ms cpu, 3->3->1 MB, 4 MB goal, 0 MB stacks, 0 MB globals, 8 P
gc 384 @5.234s 2%: 0.097+0.96+0.065 ms clock, 0.77+0.69/0.77/0+0.52 ms cpu, 3->3->1 MB, 4 MB goal, 0 MB stacks, 0 MB globals, 8 P
gc 385 @5.238s 2%: 0.099+0.55+0.091 ms clock, 0.79+0.70/0.71/0+0.73 ms cpu, 3->3->1 MB, 4 MB goal, 0 MB stacks, 0 MB globals, 8 P
gc 386 @5.241s 2%: 0.10+0.56+0.088 ms clock, 0.87+0.91/0.72/0+0.70 ms cpu, 3->3->1 MB, 4 MB goal, 0 MB stacks, 0 MB globals, 8 P
gc 387 @5.244s 2%: 0.10+0.54+0.053 ms clock, 0.81+0.79/0.65/0+0.42 ms cpu, 3->3->1 MB, 4 MB goal, 0 MB stacks, 0 MB globals, 8 P
gc 388 @5.247s 2%: 0.097+0.93+0.066 ms clock, 0.77+1.0/0.65/0+0.53 ms cpu, 3->3->1 MB, 4 MB goal, 0 MB stacks, 0 MB globals, 8 P
gc 389 @5.250s 2%: 0.095+1.0+0.079 ms clock, 0.76+0.48/0.81/0+0.63 ms cpu, 3->4->1 MB, 4 MB goal, 0 MB stacks, 0 MB globals, 8 P
gc 390 @5.253s 2%: 0.11+0.60+0.10 ms clock, 0.93+0.76/0.74/0+0.84 ms cpu, 3->3->1 MB, 4 MB goal, 0 MB stacks, 0 MB globals, 8 P
gc 391 @5.256s 2%: 0.089+1.1+0.055 ms clock, 0.71+0.76/0.74/0+0.44 ms cpu, 3->3->1 MB, 4 MB goal, 0 MB stacks, 0 MB globals, 8 P
gc 392 @5.260s 2%: 0.11+0.90+0.005 ms clock, 0.88+0.80/0.75/0+0.042 ms cpu, 3->3->1 MB, 4 MB goal, 0 MB stacks, 0 MB globals, 8 P
gc 393 @5.263s 2%: 0.18+0.64+0.11 ms clock, 1.4+0.70/0.79/0+0.88 ms cpu, 3->3->1 MB, 4 MB goal, 0 MB stacks, 0 MB globals, 8 P
gc 394 @5.266s 2%: 0.10+0.84+0.047 ms clock, 0.85+0.84/0.68/0+0.37 ms cpu, 3->3->1 MB, 4 MB goal, 0 MB stacks, 0 MB globals, 8 P
gc 395 @5.269s 2%: 0.10+0.56+0.10 ms clock, 0.85+0.72/0.79/0+0.82 ms cpu, 3->3->1 MB, 4 MB goal, 0 MB stacks, 0 MB globals, 8 P
gc 396 @5.272s 2%: 0.11+0.57+0.093 ms clock, 0.90+0.77/0.70/0+0.75 ms cpu, 3->3->1 MB, 4 MB goal, 0 MB stacks, 0 MB globals, 8 P
gc 397 @5.275s 2%: 0.10+0.61+0.091 ms clock, 0.82+0.75/0.68/0+0.73 ms cpu, 3->3->1 MB, 4 MB goal, 0 MB stacks, 0 MB globals, 8 P
gc 398 @5.278s 2%: 0.083+1.0+0.081 ms clock, 0.67+0.70/0.71/0+0.65 ms cpu, 3->3->1 MB, 4 MB goal, 0 MB stacks, 0 MB globals, 8 P
gc 399 @5.281s 2%: 0.098+0.60+0.077 ms clock, 0.79+0.67/0.80/0+0.61 ms cpu, 3->3->1 MB, 4 MB goal, 0 MB stacks, 0 MB globals, 8 P
gc 400 @5.284s 2%: 0.071+0.61+0.080 ms clock, 0.57+0.74/0.73/0+0.64 ms cpu, 3->3->1 MB, 4 MB goal, 0 MB stacks, 0 MB globals, 8 P
gc 401 @5.287s 2%: 0.12+0.99+0.087 ms clock, 1.0+0.70/0.91/0+0.69 ms cpu, 3->3->1 MB, 4 MB goal, 0 MB stacks, 0 MB globals, 8 P
gc 402 @5.291s 2%: 0.097+0.56+0.089 ms clock, 0.78+0.73/0.68/0+0.71 ms cpu, 3->3->1 MB, 4 MB goal, 0 MB stacks, 0 MB globals, 8 P
gc 403 @5.294s 2%: 0.11+1.1+0.098 ms clock, 0.94+0.88/0.71/0.004+0.79 ms cpu, 3->3->1 MB, 4 MB goal, 0 MB stacks, 0 MB globals, 8 P
gc 404 @5.297s 2%: 0.093+0.60+0.081 ms clock, 0.74+0.72/0.77/0+0.65 ms cpu, 3->3->1 MB, 4 MB goal, 0 MB stacks, 0 MB globals, 8 P
gc 405 @5.300s 2%: 0.11+1.1+0.062 ms clock, 0.91+0.80/0.64/0.020+0.49 ms cpu, 3->4->1 MB, 4 MB goal, 0 MB stacks, 0 MB globals, 8 P
gc 406 @5.304s 2%: 0.085+0.65+0.072 ms clock, 0.68+0.70/0.74/0+0.57 ms cpu, 3->3->1 MB, 4 MB goal, 0 MB stacks, 0 MB globals, 8 P
gc 407 @5.307s 2%: 0.082+0.56+0.12 ms clock, 0.65+0.74/0.76/0+0.98 ms cpu, 3->3->1 MB, 4 MB goal, 0 MB stacks, 0 MB globals, 8 P
gc 408 @5.310s 2%: 0.11+0.83+0.063 ms clock, 0.90+0.63/0.85/0+0.51 ms cpu, 3->3->1 MB, 4 MB goal, 0 MB stacks, 0 MB globals, 8 P
gc 409 @5.313s 2%: 0.076+0.58+0.097 ms clock, 0.61+0.73/0.77/0+0.77 ms cpu, 3->3->1 MB, 4 MB goal, 0 MB stacks, 0 MB globals, 8 P
gc 410 @5.316s 2%: 0.074+0.81+0.070 ms clock, 0.59+1.3/0.71/0.025+0.56 ms cpu, 3->3->1 MB, 4 MB goal, 0 MB stacks, 0 MB globals, 8 P
gc 411 @5.319s 2%: 0.12+0.99+0.079 ms clock, 1.0+0.81/0.76/0+0.63 ms cpu, 3->3->1 MB, 4 MB goal, 0 MB stacks, 0 MB globals, 8 P
gc 412 @5.323s 2%: 0.10+1.1+0.055 ms clock, 0.84+0.55/0.92/0+0.44 ms cpu, 3->3->1 MB, 4 MB goal, 0 MB stacks, 0 MB globals, 8 P
gc 413 @5.326s 2%: 0.11+0.50+0.10 ms clock, 0.92+0.74/0.75/0+0.87 ms cpu, 3->3->1 MB, 4 MB goal, 0 MB stacks, 0 MB globals, 8 P
gc 414 @5.329s 2%: 0.14+0.57+0.059 ms clock, 1.1+0.64/0.78/0+0.47 ms cpu, 3->3->1 MB, 4 MB goal, 0 MB stacks, 0 MB globals, 8 P
gc 415 @5.332s 2%: 0.12+0.59+0.11 ms clock, 0.97+0.68/0.74/0+0.92 ms cpu, 3->3->1 MB, 4 MB goal, 0 MB stacks, 0 MB globals, 8 P
gc 416 @5.335s 2%: 0.10+0.87+0.061 ms clock, 0.85+0.82/0.73/0+0.49 ms cpu, 3->3->1 MB, 4 MB goal, 0 MB stacks, 0 MB globals, 8 P
gc 417 @5.338s 2%: 0.099+0.70+0.10 ms clock, 0.79+0.82/0.87/0+0.81 ms cpu, 3->3->1 MB, 4 MB goal, 0 MB stacks, 0 MB globals, 8 P
gc 418 @5.341s 2%: 0.13+0.61+0.081 ms clock, 1.1+0.77/0.79/0+0.65 ms cpu, 3->3->1 MB, 4 MB goal, 0 MB stacks, 0 MB globals, 8 P
gc 419 @5.344s 2%: 0.12+0.60+0.091 ms clock, 0.97+0.76/0.70/0+0.72 ms cpu, 3->3->1 MB, 4 MB goal, 0 MB stacks, 0 MB globals, 8 P
gc 420 @5.347s 2%: 0.095+0.67+0.11 ms clock, 0.76+0.70/0.81/0+0.95 ms cpu, 3->3->1 MB, 4 MB goal, 0 MB stacks, 0 MB globals, 8 P
gc 421 @5.350s 2%: 0.13+0.61+0.037 ms clock, 1.0+0.80/0.72/0+0.29 ms cpu, 3->3->1 MB, 4 MB goal, 0 MB stacks, 0 MB globals, 8 P
gc 422 @5.353s 2%: 0.12+0.93+0.094 ms clock, 1.0+0.78/0.77/0+0.75 ms cpu, 3->3->1 MB, 4 MB goal, 0 MB stacks, 0 MB globals, 8 P
gc 423 @5.357s 2%: 0.12+0.54+0.060 ms clock, 1.0+0.84/0.63/0+0.48 ms cpu, 3->3->1 MB, 4 MB goal, 0 MB stacks, 0 MB globals, 8 P
gc 424 @5.360s 2%: 0.11+0.62+0.066 ms clock, 0.90+0.77/0.77/0+0.52 ms cpu, 3->3->1 MB, 4 MB goal, 0 MB stacks, 0 MB globals, 8 P
gc 425 @5.363s 2%: 0.14+0.52+0.088 ms clock, 1.1+0.69/0.80/0+0.70 ms cpu, 3->3->1 MB, 4 MB goal, 0 MB stacks, 0 MB globals, 8 P
gc 426 @5.366s 2%: 0.10+0.48+0.056 ms clock, 0.83+0.84/0.64/0+0.45 ms cpu, 3->3->1 MB, 4 MB goal, 0 MB stacks, 0 MB globals, 8 P
gc 427 @5.369s 2%: 0.10+0.60+0.12 ms clock, 0.84+0.81/0.81/0+0.96 ms cpu, 3->3->1 MB, 4 MB goal, 0 MB stacks, 0 MB globals, 8 P
gc 428 @5.372s 2%: 0.090+0.63+0.12 ms clock, 0.72+0.79/0.81/0+1.0 ms cpu, 3->3->1 MB, 4 MB goal, 0 MB stacks, 0 MB globals, 8 P
gc 429 @5.375s 2%: 0.10+0.50+0.070 ms clock, 0.81+0.77/0.72/0+0.56 ms cpu, 3->3->1 MB, 4 MB goal, 0 MB stacks, 0 MB globals, 8 P
gc 430 @5.378s 2%: 0.11+0.62+0.085 ms clock, 0.95+0.63/0.83/0+0.68 ms cpu, 3->3->1 MB, 4 MB goal, 0 MB stacks, 0 MB globals, 8 P
gc 431 @5.381s 2%: 0.16+0.64+0.068 ms clock, 1.3+0.82/0.77/0+0.54 ms cpu, 3->3->1 MB, 4 MB goal, 0 MB stacks, 0 MB globals, 8 P
gc 432 @5.384s 2%: 0.093+0.54+0.061 ms clock, 0.74+0.70/0.78/0+0.49 ms cpu, 3->3->1 MB, 4 MB goal, 0 MB stacks, 0 MB globals, 8 P
gc 433 @5.387s 2%: 0.12+0.96+0.004 ms clock, 1.0+0.82/0.71/0+0.038 ms cpu, 3->3->1 MB, 4 MB goal, 0 MB stacks, 0 MB globals, 8 P
gc 434 @5.391s 2%: 0.074+0.65+0.084 ms clock, 0.59+0.80/0.80/0+0.67 ms cpu, 3->3->1 MB, 4 MB goal, 0 MB stacks, 0 MB globals, 8 P
gc 435 @5.394s 2%: 0.11+0.83+0.077 ms clock, 0.95+0.91/0.67/0+0.62 ms cpu, 3->3->1 MB, 4 MB goal, 0 MB stacks, 0 MB globals, 8 P
gc 436 @5.397s 2%: 0.11+0.70+0.10 ms clock, 0.88+0.72/0.89/0+0.80 ms cpu, 3->3->1 MB, 4 MB goal, 0 MB stacks, 0 MB globals, 8 P
gc 437 @5.400s 2%: 0.10+0.56+0.050 ms clock, 0.80+0.77/0.76/0+0.40 ms cpu, 3->3->1 MB, 4 MB goal, 0 MB stacks, 0 MB globals, 8 P
gc 438 @5.403s 2%: 0.084+0.96+0.056 ms clock, 0.67+0.68/0.80/0+0.45 ms cpu, 3->3->1 MB, 4 MB goal, 0 MB stacks, 0 MB globals, 8 P
gc 439 @5.406s 2%: 0.094+0.77+0.11 ms clock, 0.75+0.64/0.79/0+0.91 ms cpu, 3->3->1 MB, 4 MB goal, 0 MB stacks, 0 MB globals, 8 P
gc 440 @5.409s 2%: 0.14+0.91+0.060 ms clock, 1.1+0.75/0.74/0+0.48 ms cpu, 3->3->1 MB, 4 MB goal, 0 MB stacks, 0 MB globals, 8 P
gc 441 @5.412s 2%: 0.12+0.93+0.094 ms clock, 1.0+0.71/0.73/0+0.75 ms cpu, 3->3->1 MB, 4 MB goal, 0 MB stacks, 0 MB globals, 8 P
gc 442 @5.416s 2%: 0.12+0.60+0.047 ms clock, 1.0+0.79/0.70/0+0.38 ms cpu, 3->3->1 MB, 4 MB goal, 0 MB stacks, 0 MB globals, 8 P
gc 443 @5.419s 2%: 0.082+0.56+0.048 ms clock, 0.66+0.75/0.69/0+0.39 ms cpu, 3->3->1 MB, 4 MB goal, 0 MB stacks, 0 MB globals, 8 P
gc 444 @5.422s 2%: 0.098+0.63+0.11 ms clock, 0.78+0.69/0.78/0+0.91 ms cpu, 3->3->1 MB, 4 MB goal, 0 MB stacks, 0 MB globals, 8 P
gc 445 @5.425s 2%: 0.098+0.49+0.085 ms clock, 0.78+0.81/0.73/0+0.68 ms cpu, 3->3->1 MB, 4 MB goal, 0 MB stacks, 0 MB globals, 8 P
gc 446 @5.428s 2%: 0.078+0.81+0.13 ms clock, 0.63+0.88/0.71/0+1.0 ms cpu, 3->3->1 MB, 4 MB goal, 0 MB stacks, 0 MB globals, 8 P
gc 447 @5.431s 2%: 0.099+1.2+0.10 ms clock, 0.79+0.82/0.68/0+0.86 ms cpu, 3->3->1 MB, 4 MB goal, 0 MB stacks, 0 MB globals, 8 P
gc 448 @5.434s 2%: 0.11+0.55+0.084 ms clock, 0.94+0.72/0.72/0+0.67 ms cpu, 3->3->1 MB, 4 MB goal, 0 MB stacks, 0 MB globals, 8 P
gc 449 @5.438s 2%: 0.11+0.63+0.087 ms clock, 0.90+0.88/0.77/0+0.70 ms cpu, 3->3->1 MB, 4 MB goal, 0 MB stacks, 0 MB globals, 8 P
gc 450 @5.441s 2%: 0.12+1.1+0.077 ms clock, 0.99+0.79/0.68/0+0.61 ms cpu, 3->3->1 MB, 4 MB goal, 0 MB stacks, 0 MB globals, 8 P
gc 451 @5.444s 2%: 0.061+0.60+0.10 ms clock, 0.49+0.83/0.71/0+0.84 ms cpu, 3->3->1 MB, 4 MB goal, 0 MB stacks, 0 MB globals, 8 P
gc 452 @5.447s 2%: 0.13+0.80+0.076 ms clock, 1.0+0.71/0.76/0+0.61 ms cpu, 3->3->1 MB, 4 MB goal, 0 MB stacks, 0 MB globals, 8 P
gc 453 @5.450s 2%: 0.093+1.0+0.099 ms clock, 0.74+0.77/0.81/0+0.79 ms cpu, 3->4->1 MB, 4 MB goal, 0 MB stacks, 0 MB globals, 8 P
gc 454 @5.454s 2%: 0.12+0.52+0.10 ms clock, 1.0+0.78/0.75/0+0.81 ms cpu, 3->3->1 MB, 4 MB goal, 0 MB stacks, 0 MB globals, 8 P
gc 455 @5.457s 2%: 0.12+1.0+0.079 ms clock, 0.96+0.66/0.89/0+0.63 ms cpu, 3->3->1 MB, 4 MB goal, 0 MB stacks, 0 MB globals, 8 P
gc 456 @5.460s 2%: 0.10+0.65+0.087 ms clock, 0.81+0.70/0.82/0+0.69 ms cpu, 3->3->1 MB, 4 MB goal, 0 MB stacks, 0 MB globals, 8 P
gc 457 @5.463s 2%: 0.092+1.3+0.11 ms clock, 0.73+1.8/0.78/0+0.88 ms cpu, 3->4->1 MB, 4 MB goal, 0 MB stacks, 0 MB globals, 8 P
gc 458 @5.467s 2%: 0.12+0.97+0.057 ms clock, 1.0+0.69/0.75/0+0.46 ms cpu, 3->4->1 MB, 4 MB goal, 0 MB stacks, 0 MB globals, 8 P
gc 459 @5.470s 2%: 0.15+0.66+0.060 ms clock, 1.2+0.82/0.71/0+0.48 ms cpu, 3->3->1 MB, 4 MB goal, 0 MB stacks, 0 MB globals, 8 P
gc 460 @5.473s 2%: 0.098+0.64+0.10 ms clock, 0.78+0.60/0.80/0+0.84 ms cpu, 3->3->1 MB, 4 MB goal, 0 MB stacks, 0 MB globals, 8 P
gc 461 @5.476s 2%: 0.071+0.54+0.081 ms clock, 0.57+0.68/0.75/0+0.65 ms cpu, 3->3->1 MB, 4 MB goal, 0 MB stacks, 0 MB globals, 8 P
gc 462 @5.479s 2%: 0.10+0.58+0.093 ms clock, 0.84+0.78/0.79/0+0.74 ms cpu, 3->3->1 MB, 4 MB goal, 0 MB stacks, 0 MB globals, 8 P
gc 463 @5.482s 2%: 0.10+0.48+0.073 ms clock, 0.86+0.98/0.54/0+0.59 ms cpu, 3->3->1 MB, 4 MB goal, 0 MB stacks, 0 MB globals, 8 P
gc 464 @5.485s 2%: 0.072+0.70+0.13 ms clock, 0.58+0.38/0.90/0+1.0 ms cpu, 3->3->1 MB, 4 MB goal, 0 MB stacks, 0 MB globals, 8 P
gc 465 @5.488s 2%: 0.11+0.65+0.14 ms clock, 0.95+0.84/0.71/0+1.1 ms cpu, 3->3->1 MB, 4 MB goal, 0 MB stacks, 0 MB globals, 8 P
gc 466 @5.492s 2%: 0.096+0.69+0.080 ms clock, 0.77+0.77/0.71/0+0.64 ms cpu, 3->3->1 MB, 4 MB goal, 0 MB stacks, 0 MB globals, 8 P
gc 467 @5.495s 2%: 0.10+1.0+0.082 ms clock, 0.86+0.84/0.74/0+0.66 ms cpu, 3->3->1 MB, 4 MB goal, 0 MB stacks, 0 MB globals, 8 P
gc 468 @5.498s 2%: 0.14+0.59+0.088 ms clock, 1.1+0.67/0.76/0+0.70 ms cpu, 3->3->1 MB, 4 MB goal, 0 MB stacks, 0 MB globals, 8 P
gc 469 @5.501s 2%: 0.089+0.52+0.053 ms clock, 0.71+0.82/0.69/0+0.43 ms cpu, 3->3->1 MB, 4 MB goal, 0 MB stacks, 0 MB globals, 8 P
gc 470 @5.504s 2%: 0.079+0.55+0.11 ms clock, 0.63+0.84/0.74/0+0.91 ms cpu, 3->3->1 MB, 4 MB goal, 0 MB stacks, 0 MB globals, 8 P
gc 471 @5.507s 2%: 0.10+1.7+0.097 ms clock, 0.84+0.54/0.73/0+0.77 ms cpu, 3->3->1 MB, 4 MB goal, 0 MB stacks, 0 MB globals, 8 P
gc 472 @5.510s 2%: 0.12+0.52+0.064 ms clock, 1.0+0.60/0.75/0+0.51 ms cpu, 3->3->1 MB, 4 MB goal, 0 MB stacks, 0 MB globals, 8 P
gc 473 @5.513s 2%: 0.11+1.0+0.087 ms clock, 0.91+0.60/0.84/0+0.70 ms cpu, 3->3->1 MB, 4 MB goal, 0 MB stacks, 0 MB globals, 8 P
gc 474 @5.517s 2%: 0.092+0.54+0.10 ms clock, 0.74+0.85/0.75/0+0.81 ms cpu, 3->3->1 MB, 4 MB goal, 0 MB stacks, 0 MB globals, 8 P
gc 475 @5.520s 2%: 0.12+0.96+0.092 ms clock, 1.0+0.78/0.76/0+0.74 ms cpu, 3->3->1 MB, 4 MB goal, 0 MB stacks, 0 MB globals, 8 P
gc 476 @5.523s 2%: 0.11+0.54+0.046 ms clock, 0.90+0.68/0.78/0+0.36 ms cpu, 3->3->1 MB, 4 MB goal, 0 MB stacks, 0 MB globals, 8 P
gc 477 @5.526s 2%: 0.13+0.57+0.083 ms clock, 1.0+0.88/0.72/0+0.66 ms cpu, 3->3->1 MB, 4 MB goal, 0 MB stacks, 0 MB globals, 8 P
gc 478 @5.529s 2%: 0.14+0.88+0.089 ms clock, 1.1+0.75/0.76/0+0.71 ms cpu, 3->3->1 MB, 4 MB goal, 0 MB stacks, 0 MB globals, 8 P
gc 479 @5.532s 2%: 0.092+0.58+0.094 ms clock, 0.74+0.81/0.71/0+0.75 ms cpu, 3->3->1 MB, 4 MB goal, 0 MB stacks, 0 MB globals, 8 P
gc 480 @5.535s 2%: 0.095+1.4+0.096 ms clock, 0.76+0.61/0.91/0+0.77 ms cpu, 3->4->1 MB, 4 MB goal, 0 MB stacks, 0 MB globals, 8 P
gc 481 @5.539s 2%: 0.10+1.1+0.063 ms clock, 0.87+0.58/0.81/0+0.51 ms cpu, 3->4->1 MB, 4 MB goal, 0 MB stacks, 0 MB globals, 8 P
gc 482 @5.542s 2%: 0.11+0.86+0.085 ms clock, 0.95+0.77/0.81/0+0.68 ms cpu, 3->3->1 MB, 4 MB goal, 0 MB stacks, 0 MB globals, 8 P
gc 483 @5.546s 2%: 0.090+0.50+0.082 ms clock, 0.72+0.64/0.71/0+0.65 ms cpu, 3->3->1 MB, 4 MB goal, 0 MB stacks, 0 MB globals, 8 P
gc 484 @5.549s 2%: 0.099+0.62+0.10 ms clock, 0.79+0.62/0.82/0+0.81 ms cpu, 3->3->1 MB, 4 MB goal, 0 MB stacks, 0 MB globals, 8 P
gc 485 @5.552s 2%: 0.097+0.47+0.069 ms clock, 0.77+0.84/0.71/0+0.55 ms cpu, 3->3->1 MB, 4 MB goal, 0 MB stacks, 0 MB globals, 8 P
gc 486 @5.555s 2%: 0.088+0.65+0.12 ms clock, 0.70+0.68/0.94/0+1.0 ms cpu, 3->3->1 MB, 4 MB goal, 0 MB stacks, 0 MB globals, 8 P
gc 487 @5.558s 2%: 0.11+0.97+0.10 ms clock, 0.90+0.78/0.70/0+0.81 ms cpu, 3->3->1 MB, 4 MB goal, 0 MB stacks, 0 MB globals, 8 P
gc 488 @5.561s 2%: 0.12+0.70+0.10 ms clock, 0.98+0.72/0.80/0+0.84 ms cpu, 3->3->1 MB, 4 MB goal, 0 MB stacks, 0 MB globals, 8 P
gc 489 @5.564s 2%: 0.099+1.0+0.059 ms clock, 0.79+1.3/0.82/0+0.47 ms cpu, 3->3->1 MB, 4 MB goal, 0 MB stacks, 0 MB globals, 8 P
gc 490 @5.567s 2%: 0.13+0.50+0.056 ms clock, 1.0+0.85/0.72/0+0.44 ms cpu, 3->3->1 MB, 4 MB goal, 0 MB stacks, 0 MB globals, 8 P
gc 491 @5.571s 2%: 0.12+0.57+0.095 ms clock, 0.96+0.86/0.67/0+0.76 ms cpu, 3->3->1 MB, 4 MB goal, 0 MB stacks, 0 MB globals, 8 P
gc 492 @5.574s 2%: 0.098+0.57+0.12 ms clock, 0.78+0.72/0.70/0+0.98 ms cpu, 3->3->1 MB, 4 MB goal, 0 MB stacks, 0 MB globals, 8 P
gc 493 @5.577s 2%: 0.090+0.72+0.073 ms clock, 0.72+0.79/0.72/0+0.58 ms cpu, 3->3->1 MB, 4 MB goal, 0 MB stacks, 0 MB globals, 8 P
gc 494 @5.580s 2%: 0.13+0.98+0.11 ms clock, 1.1+0.70/0.71/0+0.90 ms cpu, 3->3->1 MB, 4 MB goal, 0 MB stacks, 0 MB globals, 8 P
gc 495 @5.583s 2%: 0.11+0.67+0.086 ms clock, 0.92+0.80/0.74/0+0.69 ms cpu, 3->3->1 MB, 4 MB goal, 0 MB stacks, 0 MB globals, 8 P
gc 496 @5.586s 2%: 0.12+0.67+0.080 ms clock, 1.0+0.78/0.81/0+0.64 ms cpu, 3->3->1 MB, 4 MB goal, 0 MB stacks, 0 MB globals, 8 P
gc 497 @5.589s 2%: 0.082+0.52+0.082 ms clock, 0.66+0.80/0.71/0+0.65 ms cpu, 3->3->1 MB, 4 MB goal, 0 MB stacks, 0 MB globals, 8 P
gc 498 @5.592s 2%: 0.082+0.85+0.072 ms clock, 0.66+0.54/0.81/0+0.57 ms cpu, 3->3->1 MB, 4 MB goal, 0 MB stacks, 0 MB globals, 8 P
gc 499 @5.596s 2%: 0.10+0.85+0.059 ms clock, 0.84+0.80/0.77/0+0.47 ms cpu, 3->3->1 MB, 4 MB goal, 0 MB stacks, 0 MB globals, 8 P
gc 500 @5.599s 2%: 0.095+1.1+0.11 ms clock, 0.76+0.73/0.71/0+0.95 ms cpu, 3->3->1 MB, 4 MB goal, 0 MB stacks, 0 MB globals, 8 P
gc 501 @5.602s 2%: 0.10+0.49+0.092 ms clock, 0.81+0.80/0.73/0+0.73 ms cpu, 3->3->1 MB, 4 MB goal, 0 MB stacks, 0 MB globals, 8 P
gc 502 @5.605s 2%: 0.14+1.1+0.094 ms clock, 1.1+0.64/0.87/0+0.75 ms cpu, 3->4->1 MB, 4 MB goal, 0 MB stacks, 0 MB globals, 8 P
gc 503 @5.609s 2%: 0.092+0.63+0.096 ms clock, 0.74+0.59/0.81/0+0.77 ms cpu, 3->3->1 MB, 4 MB goal, 0 MB stacks, 0 MB globals, 8 P
gc 504 @5.612s 2%: 0.12+0.70+0.049 ms clock, 0.97+0.78/0.96/0+0.39 ms cpu, 3->3->1 MB, 4 MB goal, 0 MB stacks, 0 MB globals, 8 P
gc 505 @5.615s 2%: 0.089+0.63+0.095 ms clock, 0.71+0.63/0.80/0+0.76 ms cpu, 3->3->1 MB, 4 MB goal, 0 MB stacks, 0 MB globals, 8 P
gc 506 @5.618s 2%: 0.080+0.58+0.092 ms clock, 0.64+0.72/0.75/0+0.74 ms cpu, 3->3->1 MB, 4 MB goal, 0 MB stacks, 0 MB globals, 8 P
gc 507 @5.621s 2%: 0.10+0.63+0.044 ms clock, 0.83+0.83/0.85/0+0.35 ms cpu, 3->3->1 MB, 4 MB goal, 0 MB stacks, 0 MB globals, 8 P
gc 508 @5.624s 2%: 0.085+0.64+0.11 ms clock, 0.68+0.78/0.74/0+0.90 ms cpu, 3->3->1 MB, 4 MB goal, 0 MB stacks, 0 MB globals, 8 P
gc 509 @5.627s 2%: 0.13+0.66+0.081 ms clock, 1.1+0.71/0.74/0+0.65 ms cpu, 3->3->1 MB, 4 MB goal, 0 MB stacks, 0 MB globals, 8 P
gc 510 @5.630s 2%: 0.092+0.63+0.10 ms clock, 0.74+0.80/0.78/0+0.81 ms cpu, 3->3->1 MB, 4 MB goal, 0 MB stacks, 0 MB globals, 8 P
gc 511 @5.633s 2%: 0.12+0.60+0.099 ms clock, 0.98+0.80/0.76/0+0.79 ms cpu, 3->3->1 MB, 4 MB goal, 0 MB stacks, 0 MB globals, 8 P
gc 512 @5.636s 2%: 0.094+0.98+0.086 ms clock, 0.75+0.65/0.77/0+0.68 ms cpu, 3->3->1 MB, 4 MB goal, 0 MB stacks, 0 MB globals, 8 P
gc 513 @5.639s 2%: 0.13+0.79+0.097 ms clock, 1.0+0.74/0.78/0+0.78 ms cpu, 3->3->1 MB, 4 MB goal, 0 MB stacks, 0 MB globals, 8 P
gc 514 @5.643s 2%: 0.12+0.91+0.096 ms clock, 1.0+0.82/0.60/0+0.77 ms cpu, 3->3->1 MB, 4 MB goal, 0 MB stacks, 0 MB globals, 8 P
gc 515 @5.646s 2%: 0.094+1.0+0.074 ms clock, 0.75+0.29/0.79/0+0.59 ms cpu, 3->3->1 MB, 4 MB goal, 0 MB stacks, 0 MB globals, 8 P
gc 516 @5.649s 2%: 0.085+1.3+0.059 ms clock, 0.68+1.7/0.78/0+0.47 ms cpu, 3->4->1 MB, 4 MB goal, 0 MB stacks, 0 MB globals, 8 P
gc 517 @5.653s 2%: 0.097+0.78+0.062 ms clock, 0.78+0.86/0.69/0+0.50 ms cpu, 3->3->1 MB, 4 MB goal, 0 MB stacks, 0 MB globals, 8 P
gc 518 @5.656s 2%: 0.10+0.63+0.064 ms clock, 0.86+0.72/0.82/0+0.51 ms cpu, 3->3->1 MB, 4 MB goal, 0 MB stacks, 0 MB globals, 8 P
gc 519 @5.659s 2%: 0.086+0.59+0.080 ms clock, 0.68+0.74/0.73/0+0.64 ms cpu, 3->3->1 MB, 4 MB goal, 0 MB stacks, 0 MB globals, 8 P
gc 520 @5.662s 2%: 0.10+0.69+0.11 ms clock, 0.82+0.79/0.85/0+0.91 ms cpu, 3->3->1 MB, 4 MB goal, 0 MB stacks, 0 MB globals, 8 P
gc 521 @5.665s 2%: 0.10+1.0+0.082 ms clock, 0.80+0.87/0.73/0+0.66 ms cpu, 3->3->1 MB, 4 MB goal, 0 MB stacks, 0 MB globals, 8 P
gc 522 @5.668s 2%: 0.11+0.56+0.098 ms clock, 0.95+0.71/0.72/0+0.78 ms cpu, 3->3->1 MB, 4 MB goal, 0 MB stacks, 0 MB globals, 8 P
gc 523 @5.671s 2%: 0.10+0.64+0.12 ms clock, 0.81+0.69/0.82/0+0.97 ms cpu, 3->3->1 MB, 4 MB goal, 0 MB stacks, 0 MB globals, 8 P
gc 524 @5.674s 2%: 0.14+0.95+0.11 ms clock, 1.1+0.76/0.72/0+0.88 ms cpu, 3->3->1 MB, 4 MB goal, 0 MB stacks, 0 MB globals, 8 P
gc 525 @5.677s 2%: 0.11+0.83+0.11 ms clock, 0.95+0.63/0.74/0+0.95 ms cpu, 3->3->1 MB, 4 MB goal, 0 MB stacks, 0 MB globals, 8 P
gc 526 @5.681s 2%: 0.080+1.0+0.089 ms clock, 0.64+1.6/0.95/0+0.71 ms cpu, 3->3->1 MB, 4 MB goal, 0 MB stacks, 0 MB globals, 8 P
gc 527 @5.684s 2%: 0.12+1.0+0.14 ms clock, 1.0+0.59/0.77/0+1.1 ms cpu, 3->3->1 MB, 4 MB goal, 0 MB stacks, 0 MB globals, 8 P
gc 528 @5.687s 2%: 0.11+0.59+0.085 ms clock, 0.88+0.65/0.81/0+0.68 ms cpu, 3->3->1 MB, 4 MB goal, 0 MB stacks, 0 MB globals, 8 P
gc 529 @5.690s 2%: 0.10+0.61+0.10 ms clock, 0.86+0.79/0.75/0+0.82 ms cpu, 3->3->1 MB, 4 MB goal, 0 MB stacks, 0 MB globals, 8 P
gc 530 @5.693s 2%: 0.082+0.65+0.076 ms clock, 0.66+0.82/0.82/0+0.61 ms cpu, 3->3->1 MB, 4 MB goal, 0 MB stacks, 0 MB globals, 8 P
gc 531 @5.696s 2%: 0.083+0.55+0.10 ms clock, 0.66+0.82/0.69/0+0.87 ms cpu, 3->3->1 MB, 4 MB goal, 0 MB stacks, 0 MB globals, 8 P
gc 532 @5.699s 2%: 0.098+0.50+0.10 ms clock, 0.79+0.78/0.76/0+0.81 ms cpu, 3->3->1 MB, 4 MB goal, 0 MB stacks, 0 MB globals, 8 P
gc 533 @5.702s 2%: 0.10+0.74+0.041 ms clock, 0.85+0.72/0.66/0+0.33 ms cpu, 3->3->1 MB, 4 MB goal, 0 MB stacks, 0 MB globals, 8 P
gc 534 @5.705s 2%: 0.10+0.68+0.086 ms clock, 0.81+0.95/0.89/0+0.68 ms cpu, 3->3->1 MB, 4 MB goal, 0 MB stacks, 0 MB globals, 8 P
gc 535 @5.708s 2%: 0.10+0.62+0.12 ms clock, 0.80+0.85/0.74/0+0.98 ms cpu, 3->3->1 MB, 4 MB goal, 0 MB stacks, 0 MB globals, 8 P
gc 536 @5.712s 2%: 0.13+0.57+0.084 ms clock, 1.0+0.72/0.78/0+0.67 ms cpu, 3->3->1 MB, 4 MB goal, 0 MB stacks, 0 MB globals, 8 P
gc 537 @5.715s 2%: 0.055+0.77+0.095 ms clock, 0.44+0.62/0.73/0+0.76 ms cpu, 3->3->1 MB, 4 MB goal, 0 MB stacks, 0 MB globals, 8 P
gc 538 @5.718s 2%: 0.083+1.2+0.097 ms clock, 0.66+0.58/0.79/0+0.77 ms cpu, 3->4->1 MB, 4 MB goal, 0 MB stacks, 0 MB globals, 8 P
gc 539 @5.721s 2%: 0.10+0.66+0.10 ms clock, 0.83+0.67/0.85/0+0.81 ms cpu, 3->3->1 MB, 4 MB goal, 0 MB stacks, 0 MB globals, 8 P
gc 540 @5.724s 2%: 0.12+0.56+0.094 ms clock, 0.96+0.87/0.72/0+0.75 ms cpu, 3->3->1 MB, 4 MB goal, 0 MB stacks, 0 MB globals, 8 P
gc 541 @5.727s 2%: 0.093+0.63+0.11 ms clock, 0.75+0.67/0.82/0+0.88 ms cpu, 3->3->1 MB, 4 MB goal, 0 MB stacks, 0 MB globals, 8 P
gc 542 @5.730s 2%: 0.12+0.56+0.096 ms clock, 0.98+0.83/0.77/0+0.76 ms cpu, 3->3->1 MB, 4 MB goal, 0 MB stacks, 0 MB globals, 8 P
gc 543 @5.733s 2%: 0.071+0.97+0.090 ms clock, 0.57+0.68/0.82/0+0.72 ms cpu, 3->3->1 MB, 4 MB goal, 0 MB stacks, 0 MB globals, 8 P
gc 544 @5.736s 2%: 0.13+0.58+0.065 ms clock, 1.0+0.77/0.71/0+0.52 ms cpu, 3->3->1 MB, 4 MB goal, 0 MB stacks, 0 MB globals, 8 P
gc 545 @5.739s 2%: 0.13+0.55+0.11 ms clock, 1.1+0.83/0.65/0+0.93 ms cpu, 3->3->1 MB, 4 MB goal, 0 MB stacks, 0 MB globals, 8 P
gc 546 @5.742s 2%: 0.084+0.58+0.094 ms clock, 0.67+0.79/0.71/0+0.75 ms cpu, 3->3->1 MB, 4 MB goal, 0 MB stacks, 0 MB globals, 8 P
gc 547 @5.745s 2%: 0.090+0.57+0.096 ms clock, 0.72+0.79/0.80/0+0.76 ms cpu, 3->3->1 MB, 4 MB goal, 0 MB stacks, 0 MB globals, 8 P
gc 548 @5.748s 2%: 0.095+0.59+0.10 ms clock, 0.76+0.76/0.75/0+0.84 ms cpu, 3->3->1 MB, 4 MB goal, 0 MB stacks, 0 MB globals, 8 P
gc 549 @5.751s 2%: 0.14+0.61+0.079 ms clock, 1.1+0.76/0.78/0+0.63 ms cpu, 3->3->1 MB, 4 MB goal, 0 MB stacks, 0 MB globals, 8 P
gc 550 @5.755s 2%: 0.12+1.1+0.093 ms clock, 0.96+0.78/0.72/0+0.74 ms cpu, 3->3->1 MB, 4 MB goal, 0 MB stacks, 0 MB globals, 8 P
gc 551 @5.758s 2%: 0.099+0.66+0.097 ms clock, 0.79+0.74/0.84/0+0.78 ms cpu, 3->3->1 MB, 4 MB goal, 0 MB stacks, 0 MB globals, 8 P
gc 552 @5.761s 2%: 0.10+0.62+0.078 ms clock, 0.82+0.73/0.89/0+0.62 ms cpu, 3->3->1 MB, 4 MB goal, 0 MB stacks, 0 MB globals, 8 P
gc 553 @5.764s 2%: 0.10+0.59+0.10 ms clock, 0.81+0.71/0.77/0+0.81 ms cpu, 3->3->1 MB, 4 MB goal, 0 MB stacks, 0 MB globals, 8 P
gc 554 @5.767s 2%: 0.14+0.60+0.059 ms clock, 1.1+0.71/0.75/0+0.47 ms cpu, 3->3->1 MB, 4 MB goal, 0 MB stacks, 0 MB globals, 8 P
gc 555 @5.770s 2%: 0.086+0.52+0.11 ms clock, 0.68+0.76/0.73/0+0.91 ms cpu, 3->3->1 MB, 4 MB goal, 0 MB stacks, 0 MB globals, 8 P
gc 556 @5.773s 2%: 0.12+0.82+0.083 ms clock, 0.96+0.96/0.75/0+0.66 ms cpu, 3->3->1 MB, 4 MB goal, 0 MB stacks, 0 MB globals, 8 P
gc 557 @5.776s 2%: 0.10+0.58+0.090 ms clock, 0.85+0.92/0.65/0+0.72 ms cpu, 3->3->1 MB, 4 MB goal, 0 MB stacks, 0 MB globals, 8 P
gc 558 @5.779s 2%: 0.10+0.50+0.085 ms clock, 0.81+0.90/0.73/0+0.68 ms cpu, 3->3->1 MB, 4 MB goal, 0 MB stacks, 0 MB globals, 8 P
gc 559 @5.782s 2%: 0.096+0.62+0.081 ms clock, 0.76+0.68/0.77/0+0.65 ms cpu, 3->3->1 MB, 4 MB goal, 0 MB stacks, 0 MB globals, 8 P
gc 560 @5.785s 2%: 0.11+0.60+0.090 ms clock, 0.88+0.85/0.67/0+0.72 ms cpu, 3->3->1 MB, 4 MB goal, 0 MB stacks, 0 MB globals, 8 P
gc 561 @5.789s 2%: 0.099+0.58+0.093 ms clock, 0.79+0.76/0.68/0+0.74 ms cpu, 3->3->1 MB, 4 MB goal, 0 MB stacks, 0 MB globals, 8 P
gc 562 @5.792s 2%: 0.089+0.55+0.096 ms clock, 0.71+0.66/0.79/0+0.77 ms cpu, 3->3->1 MB, 4 MB goal, 0 MB stacks, 0 MB globals, 8 P
gc 563 @5.795s 2%: 0.10+0.70+0.081 ms clock, 0.86+0.77/0.80/0+0.65 ms cpu, 3->3->1 MB, 4 MB goal, 0 MB stacks, 0 MB globals, 8 P
gc 564 @5.798s 2%: 0.096+1.2+0.076 ms clock, 0.77+0.69/0.80/0+0.61 ms cpu, 3->4->1 MB, 4 MB goal, 0 MB stacks, 0 MB globals, 8 P
gc 565 @5.802s 2%: 0.16+0.81+0.094 ms clock, 1.2+0.74/0.83/0+0.75 ms cpu, 3->4->1 MB, 4 MB goal, 0 MB stacks, 0 MB globals, 8 P
gc 566 @5.805s 2%: 0.16+0.55+0.084 ms clock, 1.3+0.81/0.75/0+0.67 ms cpu, 3->3->1 MB, 4 MB goal, 0 MB stacks, 0 MB globals, 8 P
gc 567 @5.808s 2%: 0.088+0.61+0.054 ms clock, 0.70+0.76/0.68/0+0.43 ms cpu, 3->3->1 MB, 4 MB goal, 0 MB stacks, 0 MB globals, 8 P
gc 568 @5.811s 2%: 0.076+0.57+0.066 ms clock, 0.61+0.81/0.74/0+0.53 ms cpu, 3->3->1 MB, 4 MB goal, 0 MB stacks, 0 MB globals, 8 P
gc 569 @5.814s 2%: 0.10+0.61+0.059 ms clock, 0.83+0.74/0.78/0+0.47 ms cpu, 3->3->1 MB, 4 MB goal, 0 MB stacks, 0 MB globals, 8 P
gc 570 @5.817s 2%: 0.10+0.56+0.094 ms clock, 0.80+0.78/0.72/0+0.75 ms cpu, 3->3->1 MB, 4 MB goal, 0 MB stacks, 0 MB globals, 8 P
gc 571 @5.820s 2%: 0.11+1.1+0.096 ms clock, 0.89+0.83/0.69/0+0.77 ms cpu, 3->4->1 MB, 4 MB goal, 0 MB stacks, 0 MB globals, 8 P
gc 572 @5.824s 2%: 0.12+0.93+0.10 ms clock, 1.0+0.86/0.70/0+0.86 ms cpu, 3->4->1 MB, 4 MB goal, 0 MB stacks, 0 MB globals, 8 P
gc 573 @5.827s 2%: 0.13+0.57+0.098 ms clock, 1.0+0.80/0.74/0+0.78 ms cpu, 3->3->1 MB, 4 MB goal, 0 MB stacks, 0 MB globals, 8 P
gc 574 @5.830s 2%: 0.15+1.2+0.063 ms clock, 1.2+0.72/0.74/0+0.50 ms cpu, 3->3->1 MB, 4 MB goal, 0 MB stacks, 0 MB globals, 8 P
gc 575 @5.834s 2%: 0.094+0.61+0.088 ms clock, 0.75+0.84/0.69/0+0.71 ms cpu, 3->3->1 MB, 4 MB goal, 0 MB stacks, 0 MB globals, 8 P
gc 576 @5.837s 2%: 0.095+0.70+0.088 ms clock, 0.76+0.75/0.87/0+0.70 ms cpu, 3->3->1 MB, 4 MB goal, 0 MB stacks, 0 MB globals, 8 P
gc 577 @5.840s 2%: 0.077+0.69+0.089 ms clock, 0.62+0.61/0.77/0+0.71 ms cpu, 3->3->1 MB, 4 MB goal, 0 MB stacks, 0 MB globals, 8 P
gc 578 @5.843s 2%: 0.16+0.62+0.085 ms clock, 1.3+0.69/0.79/0+0.68 ms cpu, 3->3->1 MB, 4 MB goal, 0 MB stacks, 0 MB globals, 8 P
gc 579 @5.846s 2%: 0.089+1.2+0.099 ms clock, 0.71+0.67/0.84/0+0.79 ms cpu, 3->3->1 MB, 4 MB goal, 0 MB stacks, 0 MB globals, 8 P
gc 580 @5.849s 2%: 0.11+1.1+0.066 ms clock, 0.88+0.56/0.82/0+0.52 ms cpu, 3->4->1 MB, 4 MB goal, 0 MB stacks, 0 MB globals, 8 P
gc 581 @5.853s 2%: 0.073+0.57+0.10 ms clock, 0.58+0.73/0.79/0+0.84 ms cpu, 3->3->1 MB, 4 MB goal, 0 MB stacks, 0 MB globals, 8 P
gc 582 @5.856s 2%: 0.090+0.53+0.095 ms clock, 0.72+0.84/0.70/0+0.76 ms cpu, 3->3->1 MB, 4 MB goal, 0 MB stacks, 0 MB globals, 8 P
gc 583 @5.859s 2%: 0.062+1.0+0.083 ms clock, 0.50+0.80/0.78/0+0.66 ms cpu, 3->3->1 MB, 4 MB goal, 0 MB stacks, 0 MB globals, 8 P
gc 584 @5.862s 2%: 0.10+0.89+0.074 ms clock, 0.80+0.78/0.79/0+0.59 ms cpu, 3->4->1 MB, 4 MB goal, 0 MB stacks, 0 MB globals, 8 P
gc 585 @5.865s 2%: 0.10+0.76+0.10 ms clock, 0.80+0.74/0.71/0+0.87 ms cpu, 3->3->1 MB, 4 MB goal, 0 MB stacks, 0 MB globals, 8 P
gc 586 @5.868s 2%: 0.095+0.58+0.095 ms clock, 0.76+0.76/0.77/0+0.76 ms cpu, 3->3->1 MB, 4 MB goal, 0 MB stacks, 0 MB globals, 8 P
gc 587 @5.871s 2%: 0.12+1.0+0.089 ms clock, 0.96+0.77/0.82/0+0.71 ms cpu, 3->3->1 MB, 4 MB goal, 0 MB stacks, 0 MB globals, 8 P
gc 588 @5.875s 2%: 0.060+1.1+0.092 ms clock, 0.48+0.62/0.78/0+0.73 ms cpu, 3->4->1 MB, 4 MB goal, 0 MB stacks, 0 MB globals, 8 P
gc 589 @5.878s 2%: 0.077+0.50+0.069 ms clock, 0.61+0.87/0.72/0+0.55 ms cpu, 3->3->1 MB, 4 MB goal, 0 MB stacks, 0 MB globals, 8 P
gc 590 @5.881s 3%: 0.084+1.2+0.096 ms clock, 0.67+0.69/1.2/0+0.77 ms cpu, 3->4->1 MB, 4 MB goal, 0 MB stacks, 0 MB globals, 8 P
gc 591 @5.885s 3%: 0.11+0.68+0.050 ms clock, 0.90+0.83/0.93/0+0.40 ms cpu, 3->3->1 MB, 4 MB goal, 0 MB stacks, 0 MB globals, 8 P
gc 592 @5.888s 3%: 0.10+1.0+0.11 ms clock, 0.85+0.71/0.77/0+0.91 ms cpu, 3->3->1 MB, 4 MB goal, 0 MB stacks, 0 MB globals, 8 P
gc 593 @5.891s 3%: 0.13+0.55+0.092 ms clock, 1.1+0.77/0.72/0+0.73 ms cpu, 3->3->1 MB, 4 MB goal, 0 MB stacks, 0 MB globals, 8 P
gc 594 @5.894s 3%: 0.098+0.65+0.11 ms clock, 0.79+0.74/0.79/0+0.93 ms cpu, 3->3->1 MB, 4 MB goal, 0 MB stacks, 0 MB globals, 8 P
gc 595 @5.898s 3%: 0.11+0.74+0.055 ms clock, 0.92+0.41/0.82/0+0.44 ms cpu, 3->3->1 MB, 4 MB goal, 0 MB stacks, 0 MB globals, 8 P
gc 596 @5.901s 3%: 0.10+0.67+0.061 ms clock, 0.87+0.73/0.82/0+0.49 ms cpu, 3->3->1 MB, 4 MB goal, 0 MB stacks, 0 MB globals, 8 P
gc 597 @5.904s 3%: 0.11+0.63+0.098 ms clock, 0.92+0.75/0.73/0+0.78 ms cpu, 3->3->1 MB, 4 MB goal, 0 MB stacks, 0 MB globals, 8 P
gc 598 @5.907s 3%: 0.11+0.77+0.076 ms clock, 0.90+0.86/0.68/0+0.61 ms cpu, 3->3->1 MB, 4 MB goal, 0 MB stacks, 0 MB globals, 8 P
gc 599 @5.910s 3%: 0.12+0.88+0.078 ms clock, 0.97+0.67/0.88/0+0.62 ms cpu, 3->3->1 MB, 4 MB goal, 0 MB stacks, 0 MB globals, 8 P
gc 600 @5.913s 3%: 0.10+0.49+0.10 ms clock, 0.83+0.81/0.78/0+0.85 ms cpu, 3->3->1 MB, 4 MB goal, 0 MB stacks, 0 MB globals, 8 P
gc 601 @5.916s 3%: 0.10+1.1+0.084 ms clock, 0.84+0.63/0.79/0+0.67 ms cpu, 3->3->1 MB, 4 MB goal, 0 MB stacks, 0 MB globals, 8 P
gc 602 @5.919s 3%: 0.083+0.83+0.078 ms clock, 0.66+0.69/0.85/0+0.62 ms cpu, 3->3->1 MB, 4 MB goal, 0 MB stacks, 0 MB globals, 8 P
gc 603 @5.923s 3%: 0.089+0.53+0.083 ms clock, 0.71+0.73/0.78/0+0.66 ms cpu, 3->3->1 MB, 4 MB goal, 0 MB stacks, 0 MB globals, 8 P
gc 604 @5.926s 3%: 0.12+0.97+0.099 ms clock, 1.0+0.61/0.75/0+0.79 ms cpu, 3->3->1 MB, 4 MB goal, 0 MB stacks, 0 MB globals, 8 P
gc 605 @5.929s 3%: 0.083+0.61+0.055 ms clock, 0.66+0.80/0.77/0+0.44 ms cpu, 3->3->1 MB, 4 MB goal, 0 MB stacks, 0 MB globals, 8 P
gc 606 @5.932s 3%: 0.12+0.99+0.096 ms clock, 1.0+1.1/0.84/0+0.76 ms cpu, 3->3->1 MB, 4 MB goal, 0 MB stacks, 0 MB globals, 8 P
gc 607 @5.935s 3%: 0.10+1.2+0.048 ms clock, 0.86+0.71/0.77/0+0.38 ms cpu, 3->4->1 MB, 4 MB goal, 0 MB stacks, 0 MB globals, 8 P
gc 608 @5.939s 3%: 0.082+0.65+0.068 ms clock, 0.66+0.72/0.88/0+0.55 ms cpu, 3->3->1 MB, 4 MB goal, 0 MB stacks, 0 MB globals, 8 P
gc 609 @5.942s 3%: 0.10+0.54+0.046 ms clock, 0.85+0.84/0.67/0+0.37 ms cpu, 3->3->1 MB, 4 MB goal, 0 MB stacks, 0 MB globals, 8 P
gc 610 @5.945s 3%: 0.10+0.57+0.070 ms clock, 0.87+0.66/0.81/0+0.56 ms cpu, 3->3->1 MB, 4 MB goal, 0 MB stacks, 0 MB globals, 8 P
gc 611 @5.948s 3%: 0.12+0.88+0.049 ms clock, 1.0+0.81/0.72/0+0.39 ms cpu, 3->3->1 MB, 4 MB goal, 0 MB stacks, 0 MB globals, 8 P
gc 612 @5.951s 3%: 0.099+1.0+0.068 ms clock, 0.79+0.85/0.75/0+0.55 ms cpu, 3->3->1 MB, 4 MB goal, 0 MB stacks, 0 MB globals, 8 P
gc 613 @5.954s 3%: 0.098+0.63+0.098 ms clock, 0.78+0.83/0.85/0+0.78 ms cpu, 3->3->1 MB, 4 MB goal, 0 MB stacks, 0 MB globals, 8 P
gc 614 @5.957s 3%: 0.084+1.9+0.072 ms clock, 0.67+0.59/0.86/0+0.58 ms cpu, 3->4->2 MB, 4 MB goal, 0 MB stacks, 0 MB globals, 8 P
gc 615 @5.962s 3%: 0.12+1.8+0.046 ms clock, 0.99+0.95/0.76/0+0.36 ms cpu, 3->4->1 MB, 4 MB goal, 0 MB stacks, 0 MB globals, 8 P
gc 616 @5.965s 3%: 0.088+0.93+0.050 ms clock, 0.70+0.75/0.74/0+0.40 ms cpu, 3->3->1 MB, 4 MB goal, 0 MB stacks, 0 MB globals, 8 P
gc 617 @5.968s 3%: 0.096+0.57+0.051 ms clock, 0.76+0.57/0.84/0+0.41 ms cpu, 3->3->1 MB, 4 MB goal, 0 MB stacks, 0 MB globals, 8 P
gc 618 @5.971s 3%: 0.11+0.89+0.066 ms clock, 0.90+1.2/0.74/0+0.53 ms cpu, 3->3->1 MB, 4 MB goal, 0 MB stacks, 0 MB globals, 8 P
gc 619 @5.974s 3%: 0.12+1.1+0.065 ms clock, 1.0+0.24/1.0/0+0.52 ms cpu, 3->3->1 MB, 4 MB goal, 0 MB stacks, 0 MB globals, 8 P
gc 620 @5.978s 3%: 0.066+0.59+0.089 ms clock, 0.53+0.76/0.76/0+0.71 ms cpu, 3->3->1 MB, 4 MB goal, 0 MB stacks, 0 MB globals, 8 P
gc 621 @5.981s 3%: 0.12+0.93+0.093 ms clock, 0.99+0.69/0.81/0+0.74 ms cpu, 3->3->1 MB, 4 MB goal, 0 MB stacks, 0 MB globals, 8 P
gc 622 @5.984s 3%: 0.11+0.55+0.097 ms clock, 0.89+0.84/0.73/0+0.78 ms cpu, 3->3->1 MB, 4 MB goal, 0 MB stacks, 0 MB globals, 8 P
gc 623 @5.987s 3%: 0.096+1.1+0.091 ms clock, 0.77+0.63/0.87/0+0.73 ms cpu, 3->4->1 MB, 4 MB goal, 0 MB stacks, 0 MB globals, 8 P
gc 624 @5.990s 3%: 0.10+0.66+0.10 ms clock, 0.86+0.66/0.88/0+0.81 ms cpu, 3->3->1 MB, 4 MB goal, 0 MB stacks, 0 MB globals, 8 P
gc 625 @5.994s 3%: 0.11+0.61+0.10 ms clock, 0.95+0.64/0.80/0+0.80 ms cpu, 3->3->1 MB, 4 MB goal, 0 MB stacks, 0 MB globals, 8 P
gc 626 @5.997s 3%: 0.055+1.2+0.092 ms clock, 0.44+0.71/0.79/0+0.74 ms cpu, 3->4->1 MB, 4 MB goal, 0 MB stacks, 0 MB globals, 8 P
gc 627 @6.000s 3%: 0.12+1.2+0.085 ms clock, 0.96+0.81/0.67/0+0.68 ms cpu, 3->4->1 MB, 4 MB goal, 0 MB stacks, 0 MB globals, 8 P
gc 628 @6.004s 3%: 0.091+0.64+0.082 ms clock, 0.73+0.88/0.73/0+0.66 ms cpu, 3->3->1 MB, 4 MB goal, 0 MB stacks, 0 MB globals, 8 P
gc 629 @6.007s 3%: 0.077+0.58+0.045 ms clock, 0.61+0.75/0.73/0+0.36 ms cpu, 3->3->1 MB, 4 MB goal, 0 MB stacks, 0 MB globals, 8 P
gc 630 @6.010s 3%: 0.10+1.0+0.080 ms clock, 0.82+1.3/0.79/0+0.64 ms cpu, 3->4->1 MB, 4 MB goal, 0 MB stacks, 0 MB globals, 8 P
gc 631 @6.013s 3%: 0.11+0.56+0.055 ms clock, 0.91+0.80/0.75/0+0.44 ms cpu, 3->3->1 MB, 4 MB goal, 0 MB stacks, 0 MB globals, 8 P
gc 632 @6.016s 3%: 0.14+1.7+0.004 ms clock, 1.1+0.98/1.7/0.001+0.037 ms cpu, 3->4->2 MB, 4 MB goal, 0 MB stacks, 0 MB globals, 8 P
gc 633 @6.020s 3%: 0.094+0.49+0.080 ms clock, 0.75+0.81/0.65/0+0.64 ms cpu, 3->4->1 MB, 4 MB goal, 0 MB stacks, 0 MB globals, 8 P
gc 634 @6.023s 3%: 0.12+0.66+0.087 ms clock, 1.0+0.62/0.94/0+0.70 ms cpu, 3->3->1 MB, 4 MB goal, 0 MB stacks, 0 MB globals, 8 P
gc 635 @6.027s 3%: 0.10+0.51+0.080 ms clock, 0.87+0.86/0.66/0+0.64 ms cpu, 3->3->1 MB, 4 MB goal, 0 MB stacks, 0 MB globals, 8 P
gc 636 @6.030s 3%: 0.099+0.95+0.058 ms clock, 0.79+0.70/0.71/0+0.46 ms cpu, 3->3->1 MB, 4 MB goal, 0 MB stacks, 0 MB globals, 8 P
gc 637 @6.033s 3%: 0.13+0.60+0.083 ms clock, 1.1+0.71/0.83/0+0.66 ms cpu, 3->3->1 MB, 4 MB goal, 0 MB stacks, 0 MB globals, 8 P
gc 638 @6.036s 3%: 0.12+0.87+0.081 ms clock, 0.97+0.76/0.64/0+0.64 ms cpu, 3->3->1 MB, 4 MB goal, 0 MB stacks, 0 MB globals, 8 P
gc 639 @6.039s 3%: 0.12+0.49+0.088 ms clock, 1.0+0.69/0.68/0+0.71 ms cpu, 3->3->1 MB, 4 MB goal, 0 MB stacks, 0 MB globals, 8 P
gc 640 @6.042s 3%: 0.11+0.54+0.12 ms clock, 0.90+0.88/0.68/0+1.0 ms cpu, 3->3->1 MB, 4 MB goal, 0 MB stacks, 0 MB globals, 8 P
gc 641 @6.045s 3%: 0.15+0.71+0.099 ms clock, 1.2+0.68/0.74/0+0.79 ms cpu, 3->3->1 MB, 4 MB goal, 0 MB stacks, 0 MB globals, 8 P
gc 642 @6.048s 3%: 0.11+0.49+0.056 ms clock, 0.92+0.80/0.61/0+0.45 ms cpu, 3->3->1 MB, 4 MB goal, 0 MB stacks, 0 MB globals, 8 P
gc 643 @6.051s 3%: 0.10+0.88+0.087 ms clock, 0.80+0.75/0.78/0+0.69 ms cpu, 3->3->1 MB, 4 MB goal, 0 MB stacks, 0 MB globals, 8 P
gc 644 @6.055s 3%: 0.12+0.86+0.10 ms clock, 0.96+0.74/0.69/0+0.80 ms cpu, 3->3->1 MB, 4 MB goal, 0 MB stacks, 0 MB globals, 8 P
gc 645 @6.058s 3%: 0.14+0.58+0.078 ms clock, 1.1+0.79/0.75/0+0.62 ms cpu, 3->3->1 MB, 4 MB goal, 0 MB stacks, 0 MB globals, 8 P
gc 646 @6.061s 3%: 0.093+0.75+0.085 ms clock, 0.74+0.81/0.65/0+0.68 ms cpu, 3->3->1 MB, 4 MB goal, 0 MB stacks, 0 MB globals, 8 P
gc 647 @6.064s 3%: 0.13+0.65+0.11 ms clock, 1.1+0.84/0.87/0+0.91 ms cpu, 3->3->1 MB, 4 MB goal, 0 MB stacks, 0 MB globals, 8 P
gc 648 @6.067s 3%: 0.082+0.46+0.10 ms clock, 0.66+0.92/0.65/0+0.87 ms cpu, 3->3->1 MB, 4 MB goal, 0 MB stacks, 0 MB globals, 8 P
gc 649 @6.070s 3%: 0.092+0.60+0.090 ms clock, 0.73+0.79/0.74/0+0.72 ms cpu, 3->3->1 MB, 4 MB goal, 0 MB stacks, 0 MB globals, 8 P
gc 650 @6.073s 3%: 0.11+0.54+0.060 ms clock, 0.88+0.70/0.75/0+0.48 ms cpu, 3->3->1 MB, 4 MB goal, 0 MB stacks, 0 MB globals, 8 P
gc 651 @6.076s 3%: 0.11+0.58+0.043 ms clock, 0.90+0.75/0.78/0+0.35 ms cpu, 3->3->1 MB, 4 MB goal, 0 MB stacks, 0 MB globals, 8 P
gc 652 @6.079s 3%: 0.11+0.55+0.051 ms clock, 0.94+0.80/0.69/0+0.41 ms cpu, 3->3->1 MB, 4 MB goal, 0 MB stacks, 0 MB globals, 8 P
gc 653 @6.082s 3%: 0.094+0.51+0.059 ms clock, 0.75+0.80/0.72/0+0.47 ms cpu, 3->3->1 MB, 4 MB goal, 0 MB stacks, 0 MB globals, 8 P
gc 654 @6.085s 3%: 0.11+0.76+0.099 ms clock, 0.94+0.79/0.80/0+0.79 ms cpu, 3->3->1 MB, 4 MB goal, 0 MB stacks, 0 MB globals, 8 P
gc 655 @6.089s 3%: 0.10+0.58+0.093 ms clock, 0.82+0.64/0.75/0+0.75 ms cpu, 3->3->1 MB, 4 MB goal, 0 MB stacks, 0 MB globals, 8 P
gc 656 @6.092s 3%: 0.12+0.64+0.14 ms clock, 0.98+0.76/0.76/0+1.1 ms cpu, 3->3->1 MB, 4 MB goal, 0 MB stacks, 0 MB globals, 8 P
gc 657 @6.095s 3%: 0.12+0.59+0.070 ms clock, 0.99+0.79/0.70/0+0.56 ms cpu, 3->3->1 MB, 4 MB goal, 0 MB stacks, 0 MB globals, 8 P
gc 658 @6.098s 3%: 0.13+0.61+0.13 ms clock, 1.0+0.72/0.84/0+1.0 ms cpu, 3->3->1 MB, 4 MB goal, 0 MB stacks, 0 MB globals, 8 P
gc 659 @6.101s 3%: 0.10+0.60+0.098 ms clock, 0.85+0.88/0.73/0+0.78 ms cpu, 3->3->1 MB, 4 MB goal, 0 MB stacks, 0 MB globals, 8 P
gc 660 @6.104s 3%: 0.12+0.89+0.078 ms clock, 1.0+0.65/0.82/0+0.62 ms cpu, 3->3->1 MB, 4 MB goal, 0 MB stacks, 0 MB globals, 8 P
gc 661 @6.107s 3%: 0.10+1.0+0.084 ms clock, 0.80+0.64/0.87/0+0.67 ms cpu, 3->3->1 MB, 4 MB goal, 0 MB stacks, 0 MB globals, 8 P
gc 662 @6.110s 3%: 0.10+0.57+0.059 ms clock, 0.87+0.73/0.78/0+0.47 ms cpu, 3->3->1 MB, 4 MB goal, 0 MB stacks, 0 MB globals, 8 P
gc 663 @6.113s 3%: 0.14+0.86+0.092 ms clock, 1.1+0.84/0.79/0+0.73 ms cpu, 3->3->1 MB, 4 MB goal, 0 MB stacks, 0 MB globals, 8 P
gc 664 @6.117s 3%: 0.11+0.93+0.068 ms clock, 0.88+0.75/0.76/0+0.55 ms cpu, 3->3->1 MB, 4 MB goal, 0 MB stacks, 0 MB globals, 8 P
gc 665 @6.120s 3%: 0.076+1.0+0.063 ms clock, 0.60+0.79/0.82/0+0.50 ms cpu, 3->3->1 MB, 4 MB goal, 0 MB stacks, 0 MB globals, 8 P
gc 666 @6.123s 3%: 0.13+0.53+0.068 ms clock, 1.0+0.82/0.74/0+0.55 ms cpu, 3->3->1 MB, 4 MB goal, 0 MB stacks, 0 MB globals, 8 P
gc 667 @6.126s 3%: 0.084+0.57+0.093 ms clock, 0.67+0.86/0.69/0+0.74 ms cpu, 3->3->1 MB, 4 MB goal, 0 MB stacks, 0 MB globals, 8 P
gc 668 @6.129s 3%: 0.14+0.82+0.081 ms clock, 1.1+0.87/0.79/0+0.64 ms cpu, 3->3->1 MB, 4 MB goal, 0 MB stacks, 0 MB globals, 8 P
gc 669 @6.132s 3%: 0.085+0.53+0.075 ms clock, 0.68+0.75/0.76/0+0.60 ms cpu, 3->3->1 MB, 4 MB goal, 0 MB stacks, 0 MB globals, 8 P
gc 670 @6.136s 3%: 0.12+0.64+0.078 ms clock, 0.99+0.80/0.78/0+0.62 ms cpu, 3->3->1 MB, 4 MB goal, 0 MB stacks, 0 MB globals, 8 P
gc 671 @6.139s 3%: 0.10+0.62+0.034 ms clock, 0.82+0.62/0.80/0+0.27 ms cpu, 3->3->1 MB, 4 MB goal, 0 MB stacks, 0 MB globals, 8 P
gc 672 @6.142s 3%: 0.076+0.58+0.10 ms clock, 0.60+0.77/0.75/0+0.81 ms cpu, 3->3->1 MB, 4 MB goal, 0 MB stacks, 0 MB globals, 8 P
gc 673 @6.145s 3%: 0.088+0.64+0.076 ms clock, 0.71+0.84/0.79/0+0.61 ms cpu, 3->3->1 MB, 4 MB goal, 0 MB stacks, 0 MB globals, 8 P
gc 674 @6.148s 3%: 0.15+0.81+0.10 ms clock, 1.2+0.69/0.80/0+0.83 ms cpu, 3->3->1 MB, 4 MB goal, 0 MB stacks, 0 MB globals, 8 P
gc 675 @6.151s 3%: 0.11+0.62+0.094 ms clock, 0.88+0.71/0.84/0+0.75 ms cpu, 3->3->1 MB, 4 MB goal, 0 MB stacks, 0 MB globals, 8 P
gc 676 @6.154s 3%: 0.092+0.51+0.097 ms clock, 0.73+0.67/0.71/0+0.78 ms cpu, 3->3->1 MB, 4 MB goal, 0 MB stacks, 0 MB globals, 8 P
gc 677 @6.157s 3%: 0.11+1.2+0.091 ms clock, 0.95+0.67/0.74/0+0.73 ms cpu, 3->3->1 MB, 4 MB goal, 0 MB stacks, 0 MB globals, 8 P
gc 678 @6.161s 3%: 0.11+0.56+0.096 ms clock, 0.91+0.79/0.82/0+0.77 ms cpu, 3->3->1 MB, 4 MB goal, 0 MB stacks, 0 MB globals, 8 P
gc 679 @6.164s 3%: 0.081+0.48+0.091 ms clock, 0.65+0.81/0.71/0+0.73 ms cpu, 3->3->1 MB, 4 MB goal, 0 MB stacks, 0 MB globals, 8 P
gc 680 @6.167s 3%: 0.11+0.49+0.098 ms clock, 0.93+0.86/0.70/0+0.79 ms cpu, 3->3->1 MB, 4 MB goal, 0 MB stacks, 0 MB globals, 8 P
gc 681 @6.170s 3%: 0.098+0.49+0.10 ms clock, 0.78+0.84/0.71/0+0.84 ms cpu, 3->3->1 MB, 4 MB goal, 0 MB stacks, 0 MB globals, 8 P
gc 682 @6.173s 3%: 0.11+1.0+0.004 ms clock, 0.89+0.80/0.73/0+0.037 ms cpu, 3->3->1 MB, 4 MB goal, 0 MB stacks, 0 MB globals, 8 P
gc 683 @6.176s 3%: 0.13+0.59+0.099 ms clock, 1.0+0.73/0.84/0+0.79 ms cpu, 3->3->1 MB, 4 MB goal, 0 MB stacks, 0 MB globals, 8 P
gc 684 @6.179s 3%: 0.077+0.58+0.087 ms clock, 0.62+0.81/0.77/0+0.69 ms cpu, 3->3->1 MB, 4 MB goal, 0 MB stacks, 0 MB globals, 8 P
gc 685 @6.182s 3%: 0.10+0.57+0.089 ms clock, 0.86+0.78/0.79/0+0.71 ms cpu, 3->3->1 MB, 4 MB goal, 0 MB stacks, 0 MB globals, 8 P
gc 686 @6.185s 3%: 0.096+0.47+0.076 ms clock, 0.77+0.67/0.71/0+0.61 ms cpu, 3->3->1 MB, 4 MB goal, 0 MB stacks, 0 MB globals, 8 P
gc 687 @6.188s 3%: 0.14+0.52+0.12 ms clock, 1.1+0.94/0.64/0+0.98 ms cpu, 3->3->1 MB, 4 MB goal, 0 MB stacks, 0 MB globals, 8 P
gc 688 @6.191s 3%: 0.11+0.77+0.096 ms clock, 0.89+0.56/0.86/0+0.77 ms cpu, 3->3->1 MB, 4 MB goal, 0 MB stacks, 0 MB globals, 8 P
gc 689 @6.194s 3%: 0.13+1.0+0.045 ms clock, 1.0+0.25/0.92/0+0.36 ms cpu, 3->3->1 MB, 4 MB goal, 0 MB stacks, 0 MB globals, 8 P
gc 690 @6.198s 3%: 0.10+0.62+0.062 ms clock, 0.83+0.71/0.71/0+0.49 ms cpu, 3->3->1 MB, 4 MB goal, 0 MB stacks, 0 MB globals, 8 P
gc 691 @6.201s 3%: 0.077+1.4+0.076 ms clock, 0.62+0.67/0.81/0+0.61 ms cpu, 3->4->1 MB, 4 MB goal, 0 MB stacks, 0 MB globals, 8 P
gc 692 @6.204s 3%: 0.13+0.64+0.11 ms clock, 1.0+0.90/0.71/0+0.94 ms cpu, 3->4->1 MB, 4 MB goal, 0 MB stacks, 0 MB globals, 8 P
gc 693 @6.207s 3%: 0.11+0.91+0.055 ms clock, 0.92+0.70/0.83/0+0.44 ms cpu, 3->3->1 MB, 4 MB goal, 0 MB stacks, 0 MB globals, 8 P
gc 694 @6.210s 3%: 0.090+0.53+0.072 ms clock, 0.72+0.73/0.75/0+0.57 ms cpu, 3->3->1 MB, 4 MB goal, 0 MB stacks, 0 MB globals, 8 P
gc 695 @6.213s 3%: 0.10+0.53+0.11 ms clock, 0.83+0.91/0.70/0+0.88 ms cpu, 3->3->1 MB, 4 MB goal, 0 MB stacks, 0 MB globals, 8 P
gc 696 @6.217s 3%: 0.10+0.66+0.10 ms clock, 0.84+0.75/0.77/0+0.86 ms cpu, 3->3->1 MB, 4 MB goal, 0 MB stacks, 0 MB globals, 8 P
gc 697 @6.220s 3%: 0.10+0.81+0.10 ms clock, 0.83+0.77/0.76/0+0.81 ms cpu, 3->3->1 MB, 4 MB goal, 0 MB stacks, 0 MB globals, 8 P
gc 698 @6.223s 3%: 0.11+0.53+0.089 ms clock, 0.91+0.73/0.74/0+0.71 ms cpu, 3->3->1 MB, 4 MB goal, 0 MB stacks, 0 MB globals, 8 P
gc 699 @6.226s 3%: 0.11+1.2+0.10 ms clock, 0.93+2.1/0.83/0+0.83 ms cpu, 3->3->1 MB, 4 MB goal, 0 MB stacks, 0 MB globals, 8 P
gc 700 @6.229s 3%: 0.083+0.85+0.087 ms clock, 0.67+0.82/1.1/0+0.70 ms cpu, 3->3->1 MB, 4 MB goal, 0 MB stacks, 0 MB globals, 8 P
gc 701 @6.232s 3%: 0.10+0.58+0.086 ms clock, 0.83+0.77/0.72/0+0.69 ms cpu, 3->3->1 MB, 4 MB goal, 0 MB stacks, 0 MB globals, 8 P
gc 702 @6.235s 3%: 0.091+0.89+0.092 ms clock, 0.72+0.81/0.71/0+0.73 ms cpu, 3->3->1 MB, 4 MB goal, 0 MB stacks, 0 MB globals, 8 P
gc 703 @6.239s 3%: 0.10+0.57+0.068 ms clock, 0.84+0.81/0.67/0+0.54 ms cpu, 3->3->1 MB, 4 MB goal, 0 MB stacks, 0 MB globals, 8 P
gc 704 @6.242s 3%: 0.094+0.95+0.027 ms clock, 0.75+1.4/0.80/0+0.22 ms cpu, 3->3->1 MB, 4 MB goal, 0 MB stacks, 0 MB globals, 8 P
gc 705 @6.245s 3%: 0.085+1.0+0.045 ms clock, 0.68+0.32/0.87/0+0.36 ms cpu, 3->3->1 MB, 4 MB goal, 0 MB stacks, 0 MB globals, 8 P
gc 706 @6.248s 3%: 0.11+0.86+0.086 ms clock, 0.95+0.77/0.78/0+0.68 ms cpu, 3->3->1 MB, 4 MB goal, 0 MB stacks, 0 MB globals, 8 P
gc 707 @6.251s 3%: 0.10+0.63+0.058 ms clock, 0.87+0.71/0.86/0+0.47 ms cpu, 3->3->1 MB, 4 MB goal, 0 MB stacks, 0 MB globals, 8 P
gc 708 @6.254s 3%: 0.11+1.3+0.087 ms clock, 0.90+0.69/0.74/0+0.70 ms cpu, 3->4->1 MB, 4 MB goal, 0 MB stacks, 0 MB globals, 8 P
gc 709 @6.258s 3%: 0.11+0.85+0.094 ms clock, 0.92+1.1/0.76/0+0.75 ms cpu, 3->4->1 MB, 4 MB goal, 0 MB stacks, 0 MB globals, 8 P
gc 710 @6.261s 3%: 0.080+0.60+0.075 ms clock, 0.64+0.88/0.73/0+0.60 ms cpu, 3->3->1 MB, 4 MB goal, 0 MB stacks, 0 MB globals, 8 P
gc 711 @6.264s 3%: 0.085+0.60+0.083 ms clock, 0.68+0.77/0.70/0+0.66 ms cpu, 3->3->1 MB, 4 MB goal, 0 MB stacks, 0 MB globals, 8 P
gc 712 @6.267s 3%: 0.12+1.8+0.081 ms clock, 0.96+0.49/0.84/0+0.64 ms cpu, 3->4->2 MB, 4 MB goal, 0 MB stacks, 0 MB globals, 8 P
gc 713 @6.271s 3%: 0.11+1.1+0.079 ms clock, 0.90+0.66/0.68/0+0.63 ms cpu, 3->4->1 MB, 4 MB goal, 0 MB stacks, 0 MB globals, 8 P
gc 714 @6.275s 3%: 0.15+0.59+0.046 ms clock, 1.2+0.66/0.83/0+0.36 ms cpu, 3->3->1 MB, 4 MB goal, 0 MB stacks, 0 MB globals, 8 P
gc 715 @6.278s 3%: 0.13+0.88+0.087 ms clock, 1.0+0.68/0.78/0+0.69 ms cpu, 3->3->1 MB, 4 MB goal, 0 MB stacks, 0 MB globals, 8 P
gc 716 @6.281s 3%: 0.089+0.90+0.11 ms clock, 0.71+0.84/0.83/0+0.93 ms cpu, 3->3->1 MB, 4 MB goal, 0 MB stacks, 0 MB globals, 8 P
gc 717 @6.284s 3%: 0.12+0.57+0.099 ms clock, 1.0+0.79/0.81/0+0.79 ms cpu, 3->3->1 MB, 4 MB goal, 0 MB stacks, 0 MB globals, 8 P
gc 718 @6.287s 3%: 0.10+0.95+0.10 ms clock, 0.84+0.77/0.81/0+0.80 ms cpu, 3->3->1 MB, 4 MB goal, 0 MB stacks, 0 MB globals, 8 P
gc 719 @6.290s 3%: 0.11+1.1+0.10 ms clock, 0.94+0.34/1.0/0+0.80 ms cpu, 3->4->1 MB, 4 MB goal, 0 MB stacks, 0 MB globals, 8 P
gc 720 @6.294s 3%: 0.095+0.58+0.10 ms clock, 0.76+0.75/0.74/0+0.80 ms cpu, 3->3->1 MB, 4 MB goal, 0 MB stacks, 0 MB globals, 8 P
gc 721 @6.297s 3%: 0.11+0.87+0.068 ms clock, 0.91+0.70/0.79/0+0.54 ms cpu, 3->3->1 MB, 4 MB goal, 0 MB stacks, 0 MB globals, 8 P
gc 722 @6.300s 3%: 0.094+0.59+0.11 ms clock, 0.75+0.88/0.82/0+0.89 ms cpu, 3->3->1 MB, 4 MB goal, 0 MB stacks, 0 MB globals, 8 P
gc 723 @6.303s 3%: 0.12+0.51+0.11 ms clock, 1.0+0.74/0.74/0+0.91 ms cpu, 3->3->1 MB, 4 MB goal, 0 MB stacks, 0 MB globals, 8 P
gc 724 @6.306s 3%: 0.11+0.94+0.045 ms clock, 0.89+0.77/0.80/0+0.36 ms cpu, 3->3->1 MB, 4 MB goal, 0 MB stacks, 0 MB globals, 8 P
gc 725 @6.309s 3%: 0.14+0.63+0.050 ms clock, 1.1+0.91/0.76/0+0.40 ms cpu, 3->3->1 MB, 4 MB goal, 0 MB stacks, 0 MB globals, 8 P
gc 726 @6.312s 3%: 0.10+1.0+0.068 ms clock, 0.80+0.58/0.75/0+0.54 ms cpu, 3->3->1 MB, 4 MB goal, 0 MB stacks, 0 MB globals, 8 P
gc 727 @6.315s 3%: 0.11+0.55+0.087 ms clock, 0.95+0.74/0.71/0+0.70 ms cpu, 3->3->1 MB, 4 MB goal, 0 MB stacks, 0 MB globals, 8 P
gc 728 @6.319s 3%: 0.10+1.0+0.10 ms clock, 0.85+0.69/0.72/0+0.82 ms cpu, 3->3->1 MB, 4 MB goal, 0 MB stacks, 0 MB globals, 8 P
gc 729 @6.322s 3%: 0.11+0.56+0.083 ms clock, 0.93+0.62/0.79/0+0.66 ms cpu, 3->3->1 MB, 4 MB goal, 0 MB stacks, 0 MB globals, 8 P
gc 730 @6.325s 3%: 0.079+0.87+0.11 ms clock, 0.63+0.63/0.73/0+0.89 ms cpu, 3->3->1 MB, 4 MB goal, 0 MB stacks, 0 MB globals, 8 P
gc 731 @6.328s 3%: 0.14+1.1+0.096 ms clock, 1.1+0.66/0.77/0+0.76 ms cpu, 3->3->1 MB, 4 MB goal, 0 MB stacks, 0 MB globals, 8 P
gc 732 @6.331s 3%: 0.14+0.55+0.068 ms clock, 1.1+0.88/0.63/0+0.54 ms cpu, 3->3->1 MB, 4 MB goal, 0 MB stacks, 0 MB globals, 8 P
gc 733 @6.334s 3%: 0.079+1.0+0.10 ms clock, 0.63+0.31/1.0/0+0.80 ms cpu, 3->3->1 MB, 4 MB goal, 0 MB stacks, 0 MB globals, 8 P
gc 734 @6.338s 3%: 0.11+0.58+0.11 ms clock, 0.93+0.90/0.66/0+0.88 ms cpu, 3->3->1 MB, 4 MB goal, 0 MB stacks, 0 MB globals, 8 P
gc 735 @6.341s 3%: 0.10+0.60+0.11 ms clock, 0.85+0.74/0.77/0+0.89 ms cpu, 3->3->1 MB, 4 MB goal, 0 MB stacks, 0 MB globals, 8 P
gc 736 @6.344s 3%: 0.079+1.3+0.10 ms clock, 0.63+0.76/0.72/0+0.80 ms cpu, 3->3->1 MB, 4 MB goal, 0 MB stacks, 0 MB globals, 8 P
gc 737 @6.347s 3%: 0.14+0.56+0.093 ms clock, 1.1+0.85/0.68/0+0.74 ms cpu, 3->3->1 MB, 4 MB goal, 0 MB stacks, 0 MB globals, 8 P
gc 738 @6.350s 3%: 0.063+0.73+0.12 ms clock, 0.50+0.75/0.77/0+0.99 ms cpu, 3->3->1 MB, 4 MB goal, 0 MB stacks, 0 MB globals, 8 P
gc 739 @6.353s 3%: 0.070+0.50+0.063 ms clock, 0.56+0.86/0.72/0+0.51 ms cpu, 3->3->1 MB, 4 MB goal, 0 MB stacks, 0 MB globals, 8 P
gc 740 @6.356s 3%: 0.086+0.49+0.082 ms clock, 0.68+0.83/0.68/0+0.65 ms cpu, 3->3->1 MB, 4 MB goal, 0 MB stacks, 0 MB globals, 8 P
gc 741 @6.359s 3%: 0.13+0.58+0.089 ms clock, 1.1+0.81/0.78/0+0.71 ms cpu, 3->3->1 MB, 4 MB goal, 0 MB stacks, 0 MB globals, 8 P
gc 742 @6.362s 3%: 0.12+0.55+0.082 ms clock, 0.98+0.80/0.78/0+0.66 ms cpu, 3->3->1 MB, 4 MB goal, 0 MB stacks, 0 MB globals, 8 P
gc 743 @6.366s 3%: 0.099+0.59+0.067 ms clock, 0.79+0.62/0.86/0+0.53 ms cpu, 3->3->1 MB, 4 MB goal, 0 MB stacks, 0 MB globals, 8 P
gc 744 @6.369s 3%: 0.10+0.96+0.082 ms clock, 0.82+0.68/0.76/0+0.65 ms cpu, 3->3->1 MB, 4 MB goal, 0 MB stacks, 0 MB globals, 8 P
gc 745 @6.372s 3%: 0.083+1.1+0.087 ms clock, 0.66+0.85/0.68/0+0.70 ms cpu, 3->4->1 MB, 4 MB goal, 0 MB stacks, 0 MB globals, 8 P
gc 746 @6.375s 3%: 0.079+0.59+0.073 ms clock, 0.63+0.87/0.79/0+0.58 ms cpu, 3->3->1 MB, 4 MB goal, 0 MB stacks, 0 MB globals, 8 P
gc 747 @6.379s 3%: 0.11+0.55+0.066 ms clock, 0.92+0.77/0.71/0+0.53 ms cpu, 3->3->1 MB, 4 MB goal, 0 MB stacks, 0 MB globals, 8 P
gc 748 @6.382s 3%: 0.11+0.93+0.10 ms clock, 0.94+0.62/0.86/0+0.83 ms cpu, 3->3->1 MB, 4 MB goal, 0 MB stacks, 0 MB globals, 8 P
gc 749 @6.385s 3%: 0.10+0.60+0.070 ms clock, 0.86+0.83/0.82/0+0.56 ms cpu, 3->3->1 MB, 4 MB goal, 0 MB stacks, 0 MB globals, 8 P
gc 750 @6.388s 3%: 0.10+1.1+0.052 ms clock, 0.83+0.67/0.73/0+0.42 ms cpu, 3->3->1 MB, 4 MB goal, 0 MB stacks, 0 MB globals, 8 P
gc 751 @6.391s 3%: 0.083+1.0+0.090 ms clock, 0.66+0.28/1.0/0+0.72 ms cpu, 3->3->1 MB, 4 MB goal, 0 MB stacks, 0 MB globals, 8 P
gc 752 @6.394s 3%: 0.11+0.82+0.10 ms clock, 0.93+0.77/0.80/0+0.82 ms cpu, 3->3->1 MB, 4 MB goal, 0 MB stacks, 0 MB globals, 8 P
gc 753 @6.398s 3%: 0.12+0.61+0.097 ms clock, 1.0+0.75/0.72/0+0.77 ms cpu, 3->3->1 MB, 4 MB goal, 0 MB stacks, 0 MB globals, 8 P
gc 754 @6.401s 3%: 0.12+0.62+0.072 ms clock, 0.96+0.66/0.84/0+0.57 ms cpu, 3->3->1 MB, 4 MB goal, 0 MB stacks, 0 MB globals, 8 P
gc 755 @6.404s 3%: 0.12+0.85+0.084 ms clock, 1.0+0.73/0.61/0+0.67 ms cpu, 3->3->1 MB, 4 MB goal, 0 MB stacks, 0 MB globals, 8 P
gc 756 @6.407s 3%: 0.10+0.48+0.11 ms clock, 0.80+0.83/0.71/0+0.91 ms cpu, 3->3->1 MB, 4 MB goal, 0 MB stacks, 0 MB globals, 8 P
gc 757 @6.410s 3%: 0.10+0.67+0.10 ms clock, 0.87+0.80/0.81/0+0.86 ms cpu, 3->3->1 MB, 4 MB goal, 0 MB stacks, 0 MB globals, 8 P
gc 758 @6.413s 3%: 0.12+0.59+0.080 ms clock, 0.98+0.78/0.77/0+0.64 ms cpu, 3->3->1 MB, 4 MB goal, 0 MB stacks, 0 MB globals, 8 P
gc 759 @6.416s 3%: 0.12+0.48+0.089 ms clock, 1.0+0.92/0.61/0+0.71 ms cpu, 3->3->1 MB, 4 MB goal, 0 MB stacks, 0 MB globals, 8 P
gc 760 @6.419s 3%: 0.10+0.98+0.10 ms clock, 0.81+0.82/0.83/0+0.83 ms cpu, 3->3->1 MB, 4 MB goal, 0 MB stacks, 0 MB globals, 8 P
gc 761 @6.422s 3%: 0.14+0.80+0.090 ms clock, 1.1+0.69/0.78/0+0.72 ms cpu, 3->3->1 MB, 4 MB goal, 0 MB stacks, 0 MB globals, 8 P
gc 762 @6.425s 3%: 0.13+0.81+0.092 ms clock, 1.1+0.80/0.76/0+0.73 ms cpu, 3->3->1 MB, 4 MB goal, 0 MB stacks, 0 MB globals, 8 P
gc 763 @6.429s 3%: 0.10+0.56+0.059 ms clock, 0.86+0.77/0.82/0+0.47 ms cpu, 3->3->1 MB, 4 MB goal, 0 MB stacks, 0 MB globals, 8 P
gc 764 @6.432s 3%: 0.12+0.64+0.056 ms clock, 0.99+0.81/0.85/0+0.45 ms cpu, 3->3->1 MB, 4 MB goal, 0 MB stacks, 0 MB globals, 8 P
gc 765 @6.435s 3%: 0.099+0.60+0.11 ms clock, 0.79+0.82/0.74/0+0.95 ms cpu, 3->3->1 MB, 4 MB goal, 0 MB stacks, 0 MB globals, 8 P
gc 766 @6.438s 3%: 0.10+0.56+0.10 ms clock, 0.82+0.82/0.74/0+0.83 ms cpu, 3->3->1 MB, 4 MB goal, 0 MB stacks, 0 MB globals, 8 P
gc 767 @6.441s 3%: 0.096+0.69+0.086 ms clock, 0.77+0.69/0.71/0+0.69 ms cpu, 3->3->1 MB, 4 MB goal, 0 MB stacks, 0 MB globals, 8 P
gc 768 @6.444s 3%: 0.091+0.65+0.073 ms clock, 0.73+0.70/0.75/0+0.59 ms cpu, 3->3->1 MB, 4 MB goal, 0 MB stacks, 0 MB globals, 8 P
gc 769 @6.447s 3%: 0.090+1.1+0.11 ms clock, 0.72+0.53/0.79/0+0.94 ms cpu, 3->3->1 MB, 4 MB goal, 0 MB stacks, 0 MB globals, 8 P
gc 770 @6.450s 3%: 0.15+0.55+0.080 ms clock, 1.2+0.83/0.74/0+0.64 ms cpu, 3->3->1 MB, 4 MB goal, 0 MB stacks, 0 MB globals, 8 P
gc 771 @6.453s 3%: 0.12+0.59+0.10 ms clock, 0.98+0.81/0.71/0+0.85 ms cpu, 3->3->1 MB, 4 MB goal, 0 MB stacks, 0 MB globals, 8 P
gc 772 @6.456s 3%: 0.079+0.69+0.11 ms clock, 0.63+0.64/0.84/0+0.91 ms cpu, 3->3->1 MB, 4 MB goal, 0 MB stacks, 0 MB globals, 8 P
gc 773 @6.459s 3%: 0.11+0.92+0.057 ms clock, 0.90+0.84/0.71/0+0.46 ms cpu, 3->3->1 MB, 4 MB goal, 0 MB stacks, 0 MB globals, 8 P
gc 774 @6.463s 3%: 0.10+0.54+0.093 ms clock, 0.87+0.81/0.74/0+0.75 ms cpu, 3->3->1 MB, 4 MB goal, 0 MB stacks, 0 MB globals, 8 P
gc 775 @6.466s 3%: 0.11+0.66+0.062 ms clock, 0.94+0.78/0.81/0+0.50 ms cpu, 3->3->1 MB, 4 MB goal, 0 MB stacks, 0 MB globals, 8 P
gc 776 @6.469s 3%: 0.12+0.65+0.059 ms clock, 0.96+0.69/0.83/0+0.47 ms cpu, 3->3->1 MB, 4 MB goal, 0 MB stacks, 0 MB globals, 8 P
gc 777 @6.472s 3%: 0.10+1.1+0.10 ms clock, 0.87+0.82/0.76/0+0.83 ms cpu, 3->3->1 MB, 4 MB goal, 0 MB stacks, 0 MB globals, 8 P
gc 778 @6.475s 3%: 0.10+0.81+0.077 ms clock, 0.87+0.62/0.79/0+0.61 ms cpu, 3->3->1 MB, 4 MB goal, 0 MB stacks, 0 MB globals, 8 P
gc 779 @6.479s 3%: 0.099+0.58+0.079 ms clock, 0.79+0.67/0.81/0+0.63 ms cpu, 3->3->1 MB, 4 MB goal, 0 MB stacks, 0 MB globals, 8 P
gc 780 @6.482s 3%: 0.13+0.99+0.042 ms clock, 1.0+0.79/0.71/0+0.34 ms cpu, 3->3->1 MB, 4 MB goal, 0 MB stacks, 0 MB globals, 8 P
gc 781 @6.485s 3%: 0.14+0.61+0.12 ms clock, 1.1+0.87/0.71/0+1.0 ms cpu, 3->3->1 MB, 4 MB goal, 0 MB stacks, 0 MB globals, 8 P
gc 782 @6.488s 3%: 0.090+1.1+0.10 ms clock, 0.72+0.85/0.73/0+0.81 ms cpu, 3->3->1 MB, 4 MB goal, 0 MB stacks, 0 MB globals, 8 P
gc 783 @6.491s 3%: 0.12+0.85+0.083 ms clock, 1.0+0.68/0.77/0+0.66 ms cpu, 3->3->1 MB, 4 MB goal, 0 MB stacks, 0 MB globals, 8 P
gc 784 @6.494s 3%: 0.11+1.1+0.086 ms clock, 0.93+0.52/0.88/0+0.69 ms cpu, 3->3->1 MB, 4 MB goal, 0 MB stacks, 0 MB globals, 8 P
gc 785 @6.498s 3%: 0.090+1.3+0.061 ms clock, 0.72+0.53/0.75/0+0.49 ms cpu, 3->4->1 MB, 4 MB goal, 0 MB stacks, 0 MB globals, 8 P
gc 786 @6.501s 3%: 0.12+1.0+0.10 ms clock, 0.97+0.64/0.82/0+0.82 ms cpu, 3->4->1 MB, 4 MB goal, 0 MB stacks, 0 MB globals, 8 P
gc 787 @6.504s 3%: 0.12+0.58+0.099 ms clock, 1.0+0.77/0.73/0+0.79 ms cpu, 3->3->1 MB, 4 MB goal, 0 MB stacks, 0 MB globals, 8 P
gc 788 @6.508s 3%: 0.11+1.1+0.068 ms clock, 0.90+0.67/0.70/0+0.54 ms cpu, 3->4->1 MB, 4 MB goal, 0 MB stacks, 0 MB globals, 8 P
gc 789 @6.511s 3%: 0.12+0.69+0.050 ms clock, 1.0+1.1/0.82/0+0.40 ms cpu, 3->3->1 MB, 4 MB goal, 0 MB stacks, 0 MB globals, 8 P
gc 790 @6.514s 3%: 0.082+1.1+0.092 ms clock, 0.66+0.89/0.78/0+0.73 ms cpu, 3->3->1 MB, 4 MB goal, 0 MB stacks, 0 MB globals, 8 P
gc 791 @6.518s 3%: 0.11+0.97+0.073 ms clock, 0.93+0.69/0.86/0+0.58 ms cpu, 3->4->1 MB, 4 MB goal, 0 MB stacks, 0 MB globals, 8 P
gc 792 @6.521s 3%: 0.11+1.1+0.097 ms clock, 0.94+1.2/0.81/0.006+0.77 ms cpu, 3->4->1 MB, 4 MB goal, 0 MB stacks, 0 MB globals, 8 P
gc 793 @6.524s 3%: 0.13+0.61+0.064 ms clock, 1.0+0.62/0.78/0+0.51 ms cpu, 3->3->1 MB, 4 MB goal, 0 MB stacks, 0 MB globals, 8 P
gc 794 @6.527s 3%: 0.10+0.64+0.11 ms clock, 0.86+0.82/0.77/0+0.89 ms cpu, 3->3->1 MB, 4 MB goal, 0 MB stacks, 0 MB globals, 8 P
gc 795 @6.530s 3%: 0.11+0.83+0.084 ms clock, 0.90+0.57/0.88/0+0.67 ms cpu, 3->3->1 MB, 4 MB goal, 0 MB stacks, 0 MB globals, 8 P
gc 796 @6.534s 3%: 0.091+0.82+0.098 ms clock, 0.73+0.82/0.67/0+0.78 ms cpu, 3->3->1 MB, 4 MB goal, 0 MB stacks, 0 MB globals, 8 P
gc 797 @6.537s 3%: 0.10+0.72+0.12 ms clock, 0.81+0.82/0.85/0+0.97 ms cpu, 3->3->1 MB, 4 MB goal, 0 MB stacks, 0 MB globals, 8 P
gc 798 @6.540s 3%: 0.092+0.99+0.13 ms clock, 0.73+1.0/1.2/0+1.0 ms cpu, 3->3->1 MB, 4 MB goal, 0 MB stacks, 0 MB globals, 8 P
gc 799 @6.543s 3%: 0.10+0.59+0.11 ms clock, 0.84+0.92/0.77/0+0.92 ms cpu, 3->3->1 MB, 4 MB goal, 0 MB stacks, 0 MB globals, 8 P
gc 800 @6.546s 3%: 0.090+1.0+0.026 ms clock, 0.72+0.59/0.78/0+0.20 ms cpu, 3->3->1 MB, 4 MB goal, 0 MB stacks, 0 MB globals, 8 P
gc 801 @6.549s 3%: 0.092+0.85+0.077 ms clock, 0.73+0.88/0.73/0+0.62 ms cpu, 3->3->1 MB, 4 MB goal, 0 MB stacks, 0 MB globals, 8 P
gc 802 @6.553s 3%: 0.10+0.99+0.079 ms clock, 0.87+0.68/0.70/0+0.63 ms cpu, 3->3->1 MB, 4 MB goal, 0 MB stacks, 0 MB globals, 8 P
gc 803 @6.556s 3%: 0.11+0.65+0.10 ms clock, 0.89+0.73/0.79/0+0.83 ms cpu, 3->3->1 MB, 4 MB goal, 0 MB stacks, 0 MB globals, 8 P
gc 804 @6.559s 3%: 0.11+0.58+0.072 ms clock, 0.93+0.77/0.76/0+0.57 ms cpu, 3->3->1 MB, 4 MB goal, 0 MB stacks, 0 MB globals, 8 P
gc 805 @6.562s 3%: 0.10+1.2+0.073 ms clock, 0.86+0.82/0.82/0+0.58 ms cpu, 3->4->1 MB, 4 MB goal, 0 MB stacks, 0 MB globals, 8 P
gc 806 @6.566s 3%: 0.078+0.56+0.063 ms clock, 0.62+0.72/0.76/0+0.51 ms cpu, 3->4->1 MB, 4 MB goal, 0 MB stacks, 0 MB globals, 8 P
gc 807 @6.569s 3%: 0.092+0.78+0.065 ms clock, 0.73+0.74/0.75/0+0.52 ms cpu, 3->3->1 MB, 4 MB goal, 0 MB stacks, 0 MB globals, 8 P
gc 808 @6.572s 3%: 0.16+0.56+0.064 ms clock, 1.3+0.85/0.77/0+0.51 ms cpu, 3->3->1 MB, 4 MB goal, 0 MB stacks, 0 MB globals, 8 P
gc 809 @6.575s 3%: 0.11+0.63+0.056 ms clock, 0.88+0.82/0.71/0+0.44 ms cpu, 3->3->1 MB, 4 MB goal, 0 MB stacks, 0 MB globals, 8 P
gc 810 @6.578s 3%: 0.10+0.56+0.11 ms clock, 0.80+0.71/0.75/0+0.91 ms cpu, 3->3->1 MB, 4 MB goal, 0 MB stacks, 0 MB globals, 8 P
gc 811 @6.581s 3%: 0.12+0.56+0.086 ms clock, 1.0+0.76/0.83/0+0.69 ms cpu, 3->3->1 MB, 4 MB goal, 0 MB stacks, 0 MB globals, 8 P
gc 812 @6.584s 3%: 0.12+0.60+0.13 ms clock, 0.97+0.82/0.71/0+1.1 ms cpu, 3->3->1 MB, 4 MB goal, 0 MB stacks, 0 MB globals, 8 P
gc 813 @6.587s 3%: 0.075+0.49+0.062 ms clock, 0.60+0.83/0.63/0+0.49 ms cpu, 3->3->1 MB, 4 MB goal, 0 MB stacks, 0 MB globals, 8 P
gc 814 @6.590s 3%: 0.10+0.54+0.10 ms clock, 0.82+0.79/0.76/0+0.80 ms cpu, 3->3->1 MB, 4 MB goal, 0 MB stacks, 0 MB globals, 8 P
gc 815 @6.593s 3%: 0.10+0.64+0.084 ms clock, 0.83+0.81/0.76/0+0.67 ms cpu, 3->3->1 MB, 4 MB goal, 0 MB stacks, 0 MB globals, 8 P
gc 816 @6.596s 3%: 0.097+1.1+0.089 ms clock, 0.78+0.73/0.79/0+0.71 ms cpu, 3->3->1 MB, 4 MB goal, 0 MB stacks, 0 MB globals, 8 P
gc 817 @6.600s 3%: 0.13+1.2+0.088 ms clock, 1.0+0.68/0.76/0+0.70 ms cpu, 3->4->1 MB, 4 MB goal, 0 MB stacks, 0 MB globals, 8 P
gc 818 @6.603s 3%: 0.068+0.89+0.11 ms clock, 0.54+0.72/0.73/0+0.93 ms cpu, 3->4->1 MB, 4 MB goal, 0 MB stacks, 0 MB globals, 8 P
gc 819 @6.606s 3%: 0.13+0.56+0.084 ms clock, 1.0+0.88/0.82/0+0.67 ms cpu, 3->3->1 MB, 4 MB goal, 0 MB stacks, 0 MB globals, 8 P
gc 820 @6.609s 3%: 0.10+0.61+0.074 ms clock, 0.83+0.81/0.75/0+0.59 ms cpu, 3->3->1 MB, 4 MB goal, 0 MB stacks, 0 MB globals, 8 P
gc 821 @6.612s 3%: 0.094+0.51+0.051 ms clock, 0.75+0.77/0.69/0+0.41 ms cpu, 3->3->1 MB, 4 MB goal, 0 MB stacks, 0 MB globals, 8 P
gc 822 @6.615s 3%: 0.14+0.58+0.076 ms clock, 1.1+0.87/0.75/0+0.61 ms cpu, 3->3->1 MB, 4 MB goal, 0 MB stacks, 0 MB globals, 8 P
gc 823 @6.619s 3%: 0.12+0.57+0.077 ms clock, 1.0+0.83/0.70/0+0.61 ms cpu, 3->3->1 MB, 4 MB goal, 0 MB stacks, 0 MB globals, 8 P
gc 824 @6.622s 3%: 0.12+0.64+0.066 ms clock, 1.0+0.68/0.88/0+0.53 ms cpu, 3->3->1 MB, 4 MB goal, 0 MB stacks, 0 MB globals, 8 P
gc 825 @6.625s 3%: 0.11+0.61+0.11 ms clock, 0.92+0.87/0.71/0+0.92 ms cpu, 3->3->1 MB, 4 MB goal, 0 MB stacks, 0 MB globals, 8 P
gc 826 @6.628s 3%: 0.093+0.51+0.097 ms clock, 0.74+0.83/0.64/0+0.77 ms cpu, 3->3->1 MB, 4 MB goal, 0 MB stacks, 0 MB globals, 8 P
gc 827 @6.631s 3%: 0.096+0.74+0.069 ms clock, 0.77+0.60/0.78/0+0.55 ms cpu, 3->3->1 MB, 4 MB goal, 0 MB stacks, 0 MB globals, 8 P
gc 828 @6.634s 3%: 0.13+0.97+0.045 ms clock, 1.0+0.58/0.86/0+0.36 ms cpu, 3->3->1 MB, 4 MB goal, 0 MB stacks, 0 MB globals, 8 P
gc 829 @6.637s 3%: 0.097+0.54+0.097 ms clock, 0.77+0.74/0.80/0+0.77 ms cpu, 3->3->1 MB, 4 MB goal, 0 MB stacks, 0 MB globals, 8 P
gc 830 @6.640s 3%: 0.059+1.0+0.059 ms clock, 0.47+0.84/0.72/0+0.47 ms cpu, 3->3->1 MB, 4 MB goal, 0 MB stacks, 0 MB globals, 8 P
gc 831 @6.643s 3%: 0.10+0.70+0.063 ms clock, 0.82+0.85/0.72/0+0.51 ms cpu, 3->3->1 MB, 4 MB goal, 0 MB stacks, 0 MB globals, 8 P
gc 832 @6.647s 3%: 0.12+0.54+0.093 ms clock, 0.98+0.81/0.74/0+0.74 ms cpu, 3->3->1 MB, 4 MB goal, 0 MB stacks, 0 MB globals, 8 P
gc 833 @6.650s 3%: 0.13+0.68+0.050 ms clock, 1.0+0.73/0.83/0+0.40 ms cpu, 3->3->1 MB, 4 MB goal, 0 MB stacks, 0 MB globals, 8 P
gc 834 @6.653s 3%: 0.15+1.3+0.063 ms clock, 1.2+0.79/0.72/0+0.50 ms cpu, 3->4->1 MB, 4 MB goal, 0 MB stacks, 0 MB globals, 8 P
gc 835 @6.656s 3%: 0.10+0.52+0.11 ms clock, 0.83+0.82/0.68/0+0.93 ms cpu, 3->3->1 MB, 4 MB goal, 0 MB stacks, 0 MB globals, 8 P
gc 836 @6.659s 3%: 0.10+0.54+0.083 ms clock, 0.82+0.73/0.76/0+0.66 ms cpu, 3->3->1 MB, 4 MB goal, 0 MB stacks, 0 MB globals, 8 P
gc 837 @6.662s 3%: 0.12+0.68+0.10 ms clock, 0.99+0.75/0.81/0+0.83 ms cpu, 3->3->1 MB, 4 MB goal, 0 MB stacks, 0 MB globals, 8 P
gc 838 @6.665s 3%: 0.12+1.0+0.078 ms clock, 1.0+0.79/0.80/0+0.62 ms cpu, 3->3->1 MB, 4 MB goal, 0 MB stacks, 0 MB globals, 8 P
gc 839 @6.669s 3%: 0.13+0.62+0.12 ms clock, 1.0+0.62/0.85/0+0.96 ms cpu, 3->3->1 MB, 4 MB goal, 0 MB stacks, 0 MB globals, 8 P
gc 840 @6.672s 3%: 0.10+0.83+0.064 ms clock, 0.81+0.66/0.79/0+0.51 ms cpu, 3->3->1 MB, 4 MB goal, 0 MB stacks, 0 MB globals, 8 P
gc 841 @6.675s 3%: 0.11+0.58+0.065 ms clock, 0.92+0.72/0.83/0+0.52 ms cpu, 3->3->1 MB, 4 MB goal, 0 MB stacks, 0 MB globals, 8 P
gc 842 @6.678s 3%: 0.10+1.1+0.031 ms clock, 0.85+0.78/0.73/0+0.25 ms cpu, 3->3->1 MB, 4 MB goal, 0 MB stacks, 0 MB globals, 8 P
gc 843 @6.681s 3%: 0.11+0.56+0.11 ms clock, 0.91+0.80/0.73/0+0.90 ms cpu, 3->3->1 MB, 4 MB goal, 0 MB stacks, 0 MB globals, 8 P
gc 844 @6.684s 3%: 0.087+0.54+0.062 ms clock, 0.69+0.88/0.69/0+0.49 ms cpu, 3->3->1 MB, 4 MB goal, 0 MB stacks, 0 MB globals, 8 P
gc 845 @6.687s 3%: 0.12+0.56+0.10 ms clock, 1.0+0.83/0.72/0+0.81 ms cpu, 3->3->1 MB, 4 MB goal, 0 MB stacks, 0 MB globals, 8 P
gc 846 @6.690s 3%: 0.11+0.94+0.093 ms clock, 0.94+0.55/0.83/0+0.75 ms cpu, 3->3->1 MB, 4 MB goal, 0 MB stacks, 0 MB globals, 8 P
gc 847 @6.694s 3%: 0.10+0.74+0.12 ms clock, 0.82+0.61/0.84/0+0.96 ms cpu, 3->3->1 MB, 4 MB goal, 0 MB stacks, 0 MB globals, 8 P
gc 848 @6.697s 3%: 0.087+0.91+0.092 ms clock, 0.69+0.47/0.94/0+0.73 ms cpu, 3->3->1 MB, 4 MB goal, 0 MB stacks, 0 MB globals, 8 P
gc 849 @6.700s 3%: 0.10+1.2+0.094 ms clock, 0.81+0.77/0.78/0+0.75 ms cpu, 3->4->1 MB, 4 MB goal, 0 MB stacks, 0 MB globals, 8 P
gc 850 @6.703s 3%: 0.13+1.4+0.031 ms clock, 1.0+0.76/0.77/0+0.25 ms cpu, 3->4->1 MB, 4 MB goal, 0 MB stacks, 0 MB globals, 8 P
gc 851 @6.707s 3%: 0.10+0.86+0.10 ms clock, 0.86+0.77/0.69/0+0.80 ms cpu, 3->4->1 MB, 4 MB goal, 0 MB stacks, 0 MB globals, 8 P
gc 852 @6.710s 3%: 0.076+0.79+0.10 ms clock, 0.61+0.73/0.80/0+0.84 ms cpu, 3->3->1 MB, 4 MB goal, 0 MB stacks, 0 MB globals, 8 P
gc 853 @6.713s 3%: 0.10+0.90+0.079 ms clock, 0.86+0.76/0.70/0.061+0.63 ms cpu, 3->3->1 MB, 4 MB goal, 0 MB stacks, 0 MB globals, 8 P
gc 854 @6.717s 3%: 0.097+0.54+0.10 ms clock, 0.78+0.84/0.70/0+0.80 ms cpu, 3->3->1 MB, 4 MB goal, 0 MB stacks, 0 MB globals, 8 P
gc 855 @6.720s 3%: 0.10+0.59+0.063 ms clock, 0.80+0.75/0.84/0+0.50 ms cpu, 3->3->1 MB, 4 MB goal, 0 MB stacks, 0 MB globals, 8 P
gc 856 @6.723s 3%: 0.14+0.56+0.10 ms clock, 1.1+0.76/0.74/0+0.82 ms cpu, 3->3->1 MB, 4 MB goal, 0 MB stacks, 0 MB globals, 8 P
gc 857 @6.726s 3%: 0.097+0.65+0.093 ms clock, 0.78+0.93/0.72/0+0.74 ms cpu, 3->3->1 MB, 4 MB goal, 0 MB stacks, 0 MB globals, 8 P
gc 858 @6.729s 3%: 0.10+0.58+0.13 ms clock, 0.81+0.73/0.73/0+1.0 ms cpu, 3->3->1 MB, 4 MB goal, 0 MB stacks, 0 MB globals, 8 P
gc 859 @6.732s 3%: 0.11+0.63+0.055 ms clock, 0.95+0.87/0.74/0+0.44 ms cpu, 3->3->1 MB, 4 MB goal, 0 MB stacks, 0 MB globals, 8 P
gc 860 @6.735s 3%: 0.082+0.86+0.074 ms clock, 0.66+0.67/0.79/0+0.59 ms cpu, 3->3->1 MB, 4 MB goal, 0 MB stacks, 0 MB globals, 8 P
gc 861 @6.738s 3%: 0.066+0.59+0.077 ms clock, 0.52+0.84/0.71/0+0.62 ms cpu, 3->3->1 MB, 4 MB goal, 0 MB stacks, 0 MB globals, 8 P
gc 862 @6.741s 3%: 0.098+0.59+0.060 ms clock, 0.78+0.71/0.82/0+0.48 ms cpu, 3->3->1 MB, 4 MB goal, 0 MB stacks, 0 MB globals, 8 P
gc 863 @6.744s 3%: 0.12+0.97+0.099 ms clock, 0.96+1.4/0.76/0+0.79 ms cpu, 3->3->1 MB, 4 MB goal, 0 MB stacks, 0 MB globals, 8 P
gc 864 @6.747s 3%: 0.095+1.1+0.10 ms clock, 0.76+0.82/0.79/0+0.86 ms cpu, 3->3->1 MB, 4 MB goal, 0 MB stacks, 0 MB globals, 8 P
gc 865 @6.751s 3%: 0.11+1.3+0.10 ms clock, 0.91+0.68/0.81/0+0.82 ms cpu, 3->4->1 MB, 4 MB goal, 0 MB stacks, 0 MB globals, 8 P
gc 866 @6.754s 3%: 0.13+0.99+0.096 ms clock, 1.0+0.66/0.76/0+0.77 ms cpu, 3->4->1 MB, 4 MB goal, 0 MB stacks, 0 MB globals, 8 P
gc 867 @6.758s 3%: 0.11+0.76+0.082 ms clock, 0.88+0.54/0.81/0+0.66 ms cpu, 3->3->1 MB, 4 MB goal, 0 MB stacks, 0 MB globals, 8 P
gc 868 @6.761s 3%: 0.61+0.99+0.066 ms clock, 4.8+0.34/1.2/0.028+0.52 ms cpu, 3->4->1 MB, 4 MB goal, 0 MB stacks, 0 MB globals, 8 P
gc 869 @6.764s 3%: 0.11+0.61+0.10 ms clock, 0.91+0.70/0.86/0+0.84 ms cpu, 3->3->1 MB, 4 MB goal, 0 MB stacks, 0 MB globals, 8 P
gc 870 @6.767s 3%: 0.10+0.59+0.10 ms clock, 0.83+0.79/0.74/0+0.80 ms cpu, 3->3->1 MB, 4 MB goal, 0 MB stacks, 0 MB globals, 8 P
gc 871 @6.770s 3%: 0.10+0.75+0.076 ms clock, 0.80+0.80/0.77/0+0.61 ms cpu, 3->3->1 MB, 4 MB goal, 0 MB stacks, 0 MB globals, 8 P
gc 872 @6.774s 3%: 0.13+0.55+0.11 ms clock, 1.0+0.82/0.71/0+0.91 ms cpu, 3->3->1 MB, 4 MB goal, 0 MB stacks, 0 MB globals, 8 P
gc 873 @6.777s 3%: 0.10+0.51+0.077 ms clock, 0.85+0.80/0.72/0+0.61 ms cpu, 3->3->1 MB, 4 MB goal, 0 MB stacks, 0 MB globals, 8 P
gc 874 @6.780s 3%: 0.13+0.65+0.090 ms clock, 1.0+0.87/0.66/0+0.72 ms cpu, 3->3->1 MB, 4 MB goal, 0 MB stacks, 0 MB globals, 8 P
gc 875 @6.783s 3%: 0.10+1.0+0.054 ms clock, 0.85+0.79/0.79/0+0.43 ms cpu, 3->4->1 MB, 4 MB goal, 0 MB stacks, 0 MB globals, 8 P
gc 876 @6.786s 3%: 0.10+0.80+0.073 ms clock, 0.80+0.93/0.50/0+0.58 ms cpu, 3->3->1 MB, 4 MB goal, 0 MB stacks, 0 MB globals, 8 P
gc 877 @6.789s 3%: 0.10+0.94+0.10 ms clock, 0.87+0.73/0.75/0+0.80 ms cpu, 3->3->1 MB, 4 MB goal, 0 MB stacks, 0 MB globals, 8 P
gc 878 @6.792s 3%: 0.13+0.55+0.10 ms clock, 1.0+0.87/0.78/0+0.85 ms cpu, 3->3->1 MB, 4 MB goal, 0 MB stacks, 0 MB globals, 8 P
gc 879 @6.796s 3%: 0.10+0.83+0.081 ms clock, 0.85+0.75/0.69/0+0.65 ms cpu, 3->3->1 MB, 4 MB goal, 0 MB stacks, 0 MB globals, 8 P
gc 880 @6.799s 3%: 0.10+0.61+0.050 ms clock, 0.83+0.81/0.76/0+0.40 ms cpu, 3->3->1 MB, 4 MB goal, 0 MB stacks, 0 MB globals, 8 P
gc 881 @6.802s 3%: 0.090+0.81+0.10 ms clock, 0.72+0.70/0.76/0+0.81 ms cpu, 3->3->1 MB, 4 MB goal, 0 MB stacks, 0 MB globals, 8 P
gc 882 @6.805s 3%: 0.11+0.97+0.060 ms clock, 0.88+0.73/0.77/0+0.48 ms cpu, 3->3->1 MB, 4 MB goal, 0 MB stacks, 0 MB globals, 8 P
gc 883 @6.808s 3%: 0.092+1.0+0.093 ms clock, 0.73+0.66/0.86/0+0.74 ms cpu, 3->4->1 MB, 4 MB goal, 0 MB stacks, 0 MB globals, 8 P
gc 884 @6.811s 3%: 0.14+0.93+0.093 ms clock, 1.1+0.43/0.93/0+0.74 ms cpu, 3->3->1 MB, 4 MB goal, 0 MB stacks, 0 MB globals, 8 P
gc 885 @6.815s 3%: 0.096+1.0+0.067 ms clock, 0.77+0.83/0.76/0+0.53 ms cpu, 3->3->1 MB, 4 MB goal, 0 MB stacks, 0 MB globals, 8 P
gc 886 @6.818s 3%: 0.096+0.52+0.089 ms clock, 0.77+0.76/0.70/0+0.71 ms cpu, 3->3->1 MB, 4 MB goal, 0 MB stacks, 0 MB globals, 8 P
gc 887 @6.821s 3%: 0.12+0.65+0.090 ms clock, 1.0+0.97/0.75/0+0.72 ms cpu, 3->3->1 MB, 4 MB goal, 0 MB stacks, 0 MB globals, 8 P
gc 888 @6.824s 3%: 0.098+0.86+0.081 ms clock, 0.79+0.62/0.78/0+0.65 ms cpu, 3->3->1 MB, 4 MB goal, 0 MB stacks, 0 MB globals, 8 P
gc 889 @6.827s 3%: 0.13+1.1+0.078 ms clock, 1.0+0.75/0.86/0+0.63 ms cpu, 3->3->1 MB, 4 MB goal, 0 MB stacks, 0 MB globals, 8 P
gc 890 @6.831s 3%: 0.10+0.79+0.093 ms clock, 0.83+0.91/0.67/0+0.75 ms cpu, 3->3->1 MB, 4 MB goal, 0 MB stacks, 0 MB globals, 8 P
gc 891 @6.834s 3%: 0.079+0.68+0.060 ms clock, 0.63+0.61/0.86/0+0.48 ms cpu, 3->3->1 MB, 4 MB goal, 0 MB stacks, 0 MB globals, 8 P
gc 892 @6.837s 3%: 0.10+0.57+0.077 ms clock, 0.82+0.82/0.86/0+0.61 ms cpu, 3->3->1 MB, 4 MB goal, 0 MB stacks, 0 MB globals, 8 P
gc 893 @6.840s 3%: 0.14+0.78+0.078 ms clock, 1.1+0.79/0.73/0+0.62 ms cpu, 3->3->1 MB, 4 MB goal, 0 MB stacks, 0 MB globals, 8 P
gc 894 @6.843s 3%: 0.11+0.57+0.052 ms clock, 0.91+0.72/0.76/0+0.42 ms cpu, 3->3->1 MB, 4 MB goal, 0 MB stacks, 0 MB globals, 8 P
gc 895 @6.846s 3%: 0.12+0.58+0.097 ms clock, 0.97+0.78/0.87/0+0.77 ms cpu, 3->3->1 MB, 4 MB goal, 0 MB stacks, 0 MB globals, 8 P
gc 896 @6.849s 3%: 0.099+0.54+0.10 ms clock, 0.79+0.64/0.81/0+0.85 ms cpu, 3->3->1 MB, 4 MB goal, 0 MB stacks, 0 MB globals, 8 P
gc 897 @6.852s 3%: 0.12+0.83+0.060 ms clock, 1.0+0.74/0.81/0+0.48 ms cpu, 3->3->1 MB, 4 MB goal, 0 MB stacks, 0 MB globals, 8 P
gc 898 @6.855s 3%: 0.13+0.66+0.12 ms clock, 1.1+0.76/0.76/0+1.0 ms cpu, 3->3->1 MB, 4 MB goal, 0 MB stacks, 0 MB globals, 8 P
gc 899 @6.859s 3%: 0.11+0.84+0.10 ms clock, 0.93+0.77/0.62/0+0.87 ms cpu, 3->3->1 MB, 4 MB goal, 0 MB stacks, 0 MB globals, 8 P
gc 900 @6.862s 3%: 0.10+0.58+0.060 ms clock, 0.83+0.77/0.80/0+0.48 ms cpu, 3->3->1 MB, 4 MB goal, 0 MB stacks, 0 MB globals, 8 P
gc 901 @6.865s 3%: 0.097+0.97+0.10 ms clock, 0.77+1.0/1.2/0+0.83 ms cpu, 3->3->1 MB, 4 MB goal, 0 MB stacks, 0 MB globals, 8 P
gc 902 @6.868s 3%: 0.14+0.75+0.13 ms clock, 1.1+0.70/0.81/0+1.0 ms cpu, 3->3->1 MB, 4 MB goal, 0 MB stacks, 0 MB globals, 8 P
gc 903 @6.871s 3%: 0.088+0.57+0.079 ms clock, 0.70+0.78/0.73/0+0.63 ms cpu, 3->3->1 MB, 4 MB goal, 0 MB stacks, 0 MB globals, 8 P
gc 904 @6.874s 3%: 0.10+0.55+0.066 ms clock, 0.86+0.87/0.65/0+0.53 ms cpu, 3->3->1 MB, 4 MB goal, 0 MB stacks, 0 MB globals, 8 P
gc 905 @6.877s 3%: 0.078+0.54+0.095 ms clock, 0.62+0.76/0.70/0+0.76 ms cpu, 3->3->1 MB, 4 MB goal, 0 MB stacks, 0 MB globals, 8 P
gc 906 @6.880s 3%: 0.076+0.64+0.045 ms clock, 0.61+0.74/0.77/0+0.36 ms cpu, 3->3->1 MB, 4 MB goal, 0 MB stacks, 0 MB globals, 8 P
gc 907 @6.883s 3%: 0.086+0.45+0.10 ms clock, 0.69+0.73/0.70/0+0.87 ms cpu, 3->3->1 MB, 4 MB goal, 0 MB stacks, 0 MB globals, 8 P
gc 908 @6.886s 3%: 0.099+1.8+0.050 ms clock, 0.79+0.65/0.76/0+0.40 ms cpu, 3->3->1 MB, 4 MB goal, 0 MB stacks, 0 MB globals, 8 P
gc 909 @6.890s 3%: 0.16+1.1+0.089 ms clock, 1.3+0.72/0.86/0+0.71 ms cpu, 3->4->1 MB, 4 MB goal, 0 MB stacks, 0 MB globals, 8 P
gc 910 @6.893s 3%: 0.11+0.51+0.10 ms clock, 0.91+0.68/0.82/0+0.81 ms cpu, 3->3->1 MB, 4 MB goal, 0 MB stacks, 0 MB globals, 8 P
gc 911 @6.896s 3%: 0.10+0.90+0.071 ms clock, 0.80+0.66/0.77/0+0.57 ms cpu, 3->3->1 MB, 4 MB goal, 0 MB stacks, 0 MB globals, 8 P
gc 912 @6.900s 3%: 0.087+0.61+0.13 ms clock, 0.70+0.82/0.72/0+1.0 ms cpu, 3->3->1 MB, 4 MB goal, 0 MB stacks, 0 MB globals, 8 P
gc 913 @6.903s 3%: 0.17+0.67+0.037 ms clock, 1.3+0.86/0.80/0+0.29 ms cpu, 3->3->1 MB, 4 MB goal, 0 MB stacks, 0 MB globals, 8 P
gc 914 @6.906s 3%: 0.090+0.62+0.070 ms clock, 0.72+0.74/0.80/0+0.56 ms cpu, 3->3->1 MB, 4 MB goal, 0 MB stacks, 0 MB globals, 8 P
gc 915 @6.909s 3%: 2.7+0.33+0.070 ms clock, 22+2.8/0.74/0+0.56 ms cpu, 3->4->2 MB, 4 MB goal, 0 MB stacks, 0 MB globals, 8 P
gc 916 @6.914s 3%: 0.079+0.66+0.11 ms clock, 0.63+0.86/0.79/0+0.91 ms cpu, 4->4->1 MB, 5 MB goal, 0 MB stacks, 0 MB globals, 8 P
gc 917 @6.917s 3%: 0.097+0.56+0.10 ms clock, 0.77+0.80/0.75/0+0.87 ms cpu, 3->3->1 MB, 4 MB goal, 0 MB stacks, 0 MB globals, 8 P
gc 918 @6.920s 3%: 0.086+0.67+0.10 ms clock, 0.68+0.79/0.69/0+0.85 ms cpu, 3->3->1 MB, 4 MB goal, 0 MB stacks, 0 MB globals, 8 P
gc 919 @6.923s 3%: 0.10+1.6+0.061 ms clock, 0.84+0.70/0.80/0+0.48 ms cpu, 3->4->2 MB, 4 MB goal, 0 MB stacks, 0 MB globals, 8 P
gc 920 @6.927s 3%: 0.12+0.66+0.097 ms clock, 0.97+0.73/0.82/0+0.77 ms cpu, 3->4->1 MB, 4 MB goal, 0 MB stacks, 0 MB globals, 8 P
gc 921 @6.930s 3%: 0.14+0.59+0.076 ms clock, 1.1+0.82/0.68/0+0.60 ms cpu, 3->3->1 MB, 4 MB goal, 0 MB stacks, 0 MB globals, 8 P
gc 922 @6.933s 3%: 0.12+0.55+0.14 ms clock, 0.98+0.59/0.74/0+1.1 ms cpu, 3->3->1 MB, 4 MB goal, 0 MB stacks, 0 MB globals, 8 P
gc 923 @6.936s 3%: 0.10+0.61+0.043 ms clock, 0.85+0.74/0.78/0+0.34 ms cpu, 3->3->1 MB, 4 MB goal, 0 MB stacks, 0 MB globals, 8 P
gc 924 @6.940s 3%: 0.096+1.1+0.10 ms clock, 0.76+0.57/0.79/0+0.80 ms cpu, 3->3->1 MB, 4 MB goal, 0 MB stacks, 0 MB globals, 8 P
gc 925 @6.943s 3%: 0.11+0.61+0.084 ms clock, 0.89+0.77/0.80/0+0.67 ms cpu, 3->3->1 MB, 4 MB goal, 0 MB stacks, 0 MB globals, 8 P
gc 926 @6.946s 3%: 0.091+0.55+0.10 ms clock, 0.73+0.82/0.77/0+0.83 ms cpu, 3->3->1 MB, 4 MB goal, 0 MB stacks, 0 MB globals, 8 P
gc 927 @6.949s 3%: 0.10+0.68+0.088 ms clock, 0.81+0.68/0.85/0+0.70 ms cpu, 3->3->1 MB, 4 MB goal, 0 MB stacks, 0 MB globals, 8 P
gc 928 @6.952s 3%: 0.11+0.54+0.083 ms clock, 0.94+0.87/0.77/0+0.66 ms cpu, 3->3->1 MB, 4 MB goal, 0 MB stacks, 0 MB globals, 8 P
gc 929 @6.955s 3%: 0.10+0.83+0.056 ms clock, 0.84+0.56/0.81/0+0.44 ms cpu, 3->3->1 MB, 4 MB goal, 0 MB stacks, 0 MB globals, 8 P
gc 930 @6.958s 3%: 0.11+1.5+0.071 ms clock, 0.90+0.58/0.90/0+0.57 ms cpu, 3->3->1 MB, 4 MB goal, 0 MB stacks, 0 MB globals, 8 P
gc 931 @6.962s 4%: 0.12+0.90+0.096 ms clock, 1.0+0.56/0.95/0+0.77 ms cpu, 3->3->1 MB, 4 MB goal, 0 MB stacks, 0 MB globals, 8 P
gc 932 @6.965s 4%: 0.12+0.84+0.13 ms clock, 1.0+0.79/0.80/0+1.0 ms cpu, 3->4->1 MB, 4 MB goal, 0 MB stacks, 0 MB globals, 8 P
gc 933 @6.968s 4%: 0.12+0.63+0.095 ms clock, 0.96+0.69/0.82/0+0.76 ms cpu, 3->3->1 MB, 4 MB goal, 0 MB stacks, 0 MB globals, 8 P
gc 934 @6.971s 4%: 0.11+0.64+0.12 ms clock, 0.88+0.72/0.76/0+0.96 ms cpu, 3->3->1 MB, 4 MB goal, 0 MB stacks, 0 MB globals, 8 P
gc 935 @6.974s 4%: 0.10+0.54+0.085 ms clock, 0.85+0.85/0.72/0+0.68 ms cpu, 3->3->1 MB, 4 MB goal, 0 MB stacks, 0 MB globals, 8 P
gc 936 @6.977s 4%: 0.15+0.62+0.11 ms clock, 1.2+0.82/0.69/0+0.89 ms cpu, 3->3->1 MB, 4 MB goal, 0 MB stacks, 0 MB globals, 8 P
gc 937 @6.980s 4%: 0.10+1.1+0.055 ms clock, 0.83+1.4/0.76/0+0.44 ms cpu, 3->3->1 MB, 4 MB goal, 0 MB stacks, 0 MB globals, 8 P
gc 938 @6.984s 4%: 0.090+0.53+0.090 ms clock, 0.72+0.82/0.72/0+0.72 ms cpu, 3->3->1 MB, 4 MB goal, 0 MB stacks, 0 MB globals, 8 P
gc 939 @6.987s 4%: 0.083+0.53+0.077 ms clock, 0.66+0.87/0.67/0+0.62 ms cpu, 3->3->1 MB, 4 MB goal, 0 MB stacks, 0 MB globals, 8 P
gc 940 @6.990s 4%: 0.14+0.57+0.10 ms clock, 1.1+0.79/0.76/0+0.87 ms cpu, 3->3->1 MB, 4 MB goal, 0 MB stacks, 0 MB globals, 8 P
gc 941 @6.993s 4%: 0.10+0.65+0.082 ms clock, 0.82+0.82/0.75/0+0.66 ms cpu, 3->3->1 MB, 4 MB goal, 0 MB stacks, 0 MB globals, 8 P
gc 942 @6.996s 4%: 0.11+0.67+0.10 ms clock, 0.88+0.79/0.81/0+0.86 ms cpu, 3->3->1 MB, 4 MB goal, 0 MB stacks, 0 MB globals, 8 P
gc 943 @6.999s 4%: 0.065+0.61+0.077 ms clock, 0.52+0.76/0.73/0+0.62 ms cpu, 3->3->1 MB, 4 MB goal, 0 MB stacks, 0 MB globals, 8 P
gc 944 @7.002s 4%: 0.12+0.65+0.12 ms clock, 0.98+0.70/0.90/0+1.0 ms cpu, 3->3->1 MB, 4 MB goal, 0 MB stacks, 0 MB globals, 8 P
gc 945 @7.005s 4%: 0.15+1.1+0.090 ms clock, 1.2+0.64/0.87/0+0.72 ms cpu, 3->3->1 MB, 4 MB goal, 0 MB stacks, 0 MB globals, 8 P
gc 946 @7.009s 4%: 0.072+0.70+0.096 ms clock, 0.57+0.74/0.83/0+0.77 ms cpu, 3->3->1 MB, 4 MB goal, 0 MB stacks, 0 MB globals, 8 P
gc 947 @7.012s 4%: 0.13+0.63+0.055 ms clock, 1.0+0.78/0.78/0+0.44 ms cpu, 3->3->1 MB, 4 MB goal, 0 MB stacks, 0 MB globals, 8 P
gc 948 @7.015s 4%: 0.12+0.61+0.083 ms clock, 1.0+0.80/0.67/0+0.67 ms cpu, 3->3->1 MB, 4 MB goal, 0 MB stacks, 0 MB globals, 8 P
gc 949 @7.018s 4%: 0.10+1.2+0.093 ms clock, 0.86+0.67/0.80/0+0.74 ms cpu, 3->3->1 MB, 4 MB goal, 0 MB stacks, 0 MB globals, 8 P
gc 950 @7.021s 4%: 0.86+0.37+0.060 ms clock, 6.9+1.5/0.65/0+0.48 ms cpu, 3->3->1 MB, 4 MB goal, 0 MB stacks, 0 MB globals, 8 P
gc 951 @7.025s 4%: 0.28+0.96+0.10 ms clock, 2.2+0.42/1.0/0+0.83 ms cpu, 3->3->1 MB, 4 MB goal, 0 MB stacks, 0 MB globals, 8 P
gc 952 @7.028s 4%: 0.092+0.94+0.13 ms clock, 0.73+0.74/0.83/0+1.0 ms cpu, 3->4->1 MB, 4 MB goal, 0 MB stacks, 0 MB globals, 8 P
gc 953 @7.031s 4%: 0.10+0.55+0.11 ms clock, 0.85+0.70/0.79/0+0.88 ms cpu, 3->3->1 MB, 4 MB goal, 0 MB stacks, 0 MB globals, 8 P
gc 954 @7.034s 4%: 0.088+0.63+0.087 ms clock, 0.71+0.70/0.81/0+0.70 ms cpu, 3->3->1 MB, 4 MB goal, 0 MB stacks, 0 MB globals, 8 P
gc 955 @7.037s 4%: 0.094+0.59+0.10 ms clock, 0.75+0.86/0.76/0+0.81 ms cpu, 3->3->1 MB, 4 MB goal, 0 MB stacks, 0 MB globals, 8 P
gc 956 @7.040s 4%: 0.097+0.52+0.080 ms clock, 0.78+0.84/0.72/0+0.64 ms cpu, 3->3->1 MB, 4 MB goal, 0 MB stacks, 0 MB globals, 8 P
gc 957 @7.043s 4%: 0.093+0.59+0.11 ms clock, 0.74+0.80/0.75/0+0.90 ms cpu, 3->3->1 MB, 4 MB goal, 0 MB stacks, 0 MB globals, 8 P
gc 958 @7.046s 4%: 0.094+0.88+0.11 ms clock, 0.75+0.75/0.79/0+0.91 ms cpu, 3->3->1 MB, 4 MB goal, 0 MB stacks, 0 MB globals, 8 P
gc 959 @7.049s 4%: 0.088+0.54+0.12 ms clock, 0.70+0.68/0.75/0+0.96 ms cpu, 3->3->1 MB, 4 MB goal, 0 MB stacks, 0 MB globals, 8 P
gc 960 @7.053s 4%: 0.10+1.0+0.048 ms clock, 0.80+1.2/0.79/0+0.38 ms cpu, 3->3->1 MB, 4 MB goal, 0 MB stacks, 0 MB globals, 8 P
gc 961 @7.056s 4%: 0.11+1.4+0.053 ms clock, 0.93+1.2/0.76/0.013+0.42 ms cpu, 3->4->2 MB, 4 MB goal, 0 MB stacks, 0 MB globals, 8 P
gc 962 @7.060s 4%: 0.084+1.0+0.10 ms clock, 0.67+0.51/0.83/0+0.81 ms cpu, 3->4->1 MB, 4 MB goal, 0 MB stacks, 0 MB globals, 8 P
gc 963 @7.063s 4%: 0.14+1.2+0.059 ms clock, 1.1+1.0/0.55/0+0.47 ms cpu, 3->3->1 MB, 4 MB goal, 0 MB stacks, 0 MB globals, 8 P
gc 964 @7.066s 4%: 0.10+0.61+0.11 ms clock, 0.83+0.67/0.80/0+0.94 ms cpu, 3->3->1 MB, 4 MB goal, 0 MB stacks, 0 MB globals, 8 P
gc 965 @7.069s 4%: 0.10+0.85+0.089 ms clock, 0.83+0.47/0.74/0+0.71 ms cpu, 3->3->1 MB, 4 MB goal, 0 MB stacks, 0 MB globals, 8 P
gc 966 @7.073s 4%: 0.095+1.1+0.016 ms clock, 0.76+1.2/0.85/0+0.13 ms cpu, 3->4->1 MB, 4 MB goal, 0 MB stacks, 0 MB globals, 8 P
gc 967 @7.076s 4%: 0.16+1.1+0.095 ms clock, 1.3+0.48/0.94/0+0.76 ms cpu, 3->4->1 MB, 4 MB goal, 0 MB stacks, 0 MB globals, 8 P
gc 968 @7.079s 4%: 0.10+0.54+0.072 ms clock, 0.87+0.84/0.66/0+0.57 ms cpu, 3->3->1 MB, 4 MB goal, 0 MB stacks, 0 MB globals, 8 P
gc 969 @7.082s 4%: 0.10+0.69+0.12 ms clock, 0.81+0.73/0.83/0+1.0 ms cpu, 3->3->1 MB, 4 MB goal, 0 MB stacks, 0 MB globals, 8 P
gc 970 @7.085s 4%: 0.15+0.89+0.10 ms clock, 1.2+0.84/0.71/0+0.85 ms cpu, 3->3->1 MB, 4 MB goal, 0 MB stacks, 0 MB globals, 8 P
gc 971 @7.088s 4%: 0.088+0.61+0.097 ms clock, 0.71+0.84/0.76/0+0.78 ms cpu, 3->3->1 MB, 4 MB goal, 0 MB stacks, 0 MB globals, 8 P
gc 972 @7.092s 4%: 0.086+0.52+0.080 ms clock, 0.69+0.83/0.68/0+0.64 ms cpu, 3->3->1 MB, 4 MB goal, 0 MB stacks, 0 MB globals, 8 P
gc 973 @7.095s 4%: 0.11+0.63+0.075 ms clock, 0.89+0.77/0.81/0+0.60 ms cpu, 3->3->1 MB, 4 MB goal, 0 MB stacks, 0 MB globals, 8 P
gc 974 @7.098s 4%: 0.10+1.4+0.063 ms clock, 0.84+0.65/0.84/0+0.50 ms cpu, 3->4->2 MB, 4 MB goal, 0 MB stacks, 0 MB globals, 8 P
gc 975 @7.102s 4%: 0.12+0.85+0.086 ms clock, 1.0+0.74/0.75/0+0.69 ms cpu, 3->4->1 MB, 4 MB goal, 0 MB stacks, 0 MB globals, 8 P
gc 976 @7.105s 4%: 0.11+0.58+0.10 ms clock, 0.92+0.92/0.68/0+0.83 ms cpu, 3->3->1 MB, 4 MB goal, 0 MB stacks, 0 MB globals, 8 P
gc 977 @7.108s 4%: 0.12+0.88+0.033 ms clock, 0.99+0.77/0.83/0+0.26 ms cpu, 3->3->1 MB, 4 MB goal, 0 MB stacks, 0 MB globals, 8 P
gc 978 @7.111s 4%: 0.094+0.49+0.067 ms clock, 0.75+0.73/0.77/0+0.53 ms cpu, 3->3->1 MB, 4 MB goal, 0 MB stacks, 0 MB globals, 8 P
gc 979 @7.114s 4%: 0.12+0.55+0.087 ms clock, 0.97+0.72/0.69/0+0.69 ms cpu, 3->3->1 MB, 4 MB goal, 0 MB stacks, 0 MB globals, 8 P
gc 980 @7.117s 4%: 0.15+0.94+0.095 ms clock, 1.2+0.72/0.82/0+0.76 ms cpu, 3->3->1 MB, 4 MB goal, 0 MB stacks, 0 MB globals, 8 P
gc 981 @7.120s 4%: 0.098+0.86+0.091 ms clock, 0.78+0.85/0.79/0+0.73 ms cpu, 3->3->1 MB, 4 MB goal, 0 MB stacks, 0 MB globals, 8 P
gc 982 @7.123s 4%: 0.11+0.52+0.072 ms clock, 0.89+0.77/0.73/0+0.57 ms cpu, 3->3->1 MB, 4 MB goal, 0 MB stacks, 0 MB globals, 8 P
gc 983 @7.126s 4%: 0.080+1.1+0.082 ms clock, 0.64+0.85/0.66/0+0.65 ms cpu, 3->3->1 MB, 4 MB goal, 0 MB stacks, 0 MB globals, 8 P
gc 984 @7.130s 4%: 0.083+0.54+0.11 ms clock, 0.66+0.71/0.80/0+0.88 ms cpu, 3->3->1 MB, 4 MB goal, 0 MB stacks, 0 MB globals, 8 P
gc 985 @7.133s 4%: 0.14+0.68+0.12 ms clock, 1.1+0.77/0.89/0+0.96 ms cpu, 3->3->1 MB, 4 MB goal, 0 MB stacks, 0 MB globals, 8 P
gc 986 @7.136s 4%: 0.070+1.0+0.075 ms clock, 0.56+0.76/0.79/0+0.60 ms cpu, 3->3->1 MB, 4 MB goal, 0 MB stacks, 0 MB globals, 8 P
gc 987 @7.139s 4%: 0.064+0.52+0.10 ms clock, 0.51+0.89/0.71/0+0.81 ms cpu, 3->3->1 MB, 4 MB goal, 0 MB stacks, 0 MB globals, 8 P
gc 988 @7.142s 4%: 0.10+0.90+0.086 ms clock, 0.87+0.62/0.77/0+0.69 ms cpu, 3->3->1 MB, 4 MB goal, 0 MB stacks, 0 MB globals, 8 P
gc 989 @7.145s 4%: 0.12+1.1+0.091 ms clock, 1.0+0.79/0.76/0+0.73 ms cpu, 3->4->1 MB, 4 MB goal, 0 MB stacks, 0 MB globals, 8 P
gc 990 @7.149s 4%: 0.097+0.66+0.081 ms clock, 0.77+0.82/0.74/0+0.65 ms cpu, 3->3->1 MB, 4 MB goal, 0 MB stacks, 0 MB globals, 8 P
gc 991 @7.152s 4%: 0.10+0.74+0.12 ms clock, 0.84+0.77/0.89/0+0.98 ms cpu, 3->3->1 MB, 4 MB goal, 0 MB stacks, 0 MB globals, 8 P
gc 992 @7.155s 4%: 0.11+0.77+0.10 ms clock, 0.92+0.67/0.80/0+0.86 ms cpu, 3->3->1 MB, 4 MB goal, 0 MB stacks, 0 MB globals, 8 P
gc 993 @7.159s 4%: 0.13+0.58+0.074 ms clock, 1.0+0.77/0.72/0+0.59 ms cpu, 3->3->1 MB, 4 MB goal, 0 MB stacks, 0 MB globals, 8 P
gc 994 @7.162s 4%: 0.11+0.66+0.067 ms clock, 0.92+0.79/0.84/0+0.54 ms cpu, 3->3->1 MB, 4 MB goal, 0 MB stacks, 0 MB globals, 8 P
gc 995 @7.165s 4%: 0.12+0.72+0.11 ms clock, 0.97+0.67/0.75/0+0.91 ms cpu, 3->3->1 MB, 4 MB goal, 0 MB stacks, 0 MB globals, 8 P
gc 996 @7.168s 4%: 0.15+0.56+0.079 ms clock, 1.2+0.88/0.68/0+0.63 ms cpu, 3->3->1 MB, 4 MB goal, 0 MB stacks, 0 MB globals, 8 P
gc 997 @7.171s 4%: 0.11+0.50+0.12 ms clock, 0.95+0.68/0.79/0+1.0 ms cpu, 3->3->1 MB, 4 MB goal, 0 MB stacks, 0 MB globals, 8 P
gc 998 @7.174s 4%: 0.098+1.0+0.089 ms clock, 0.78+0.78/0.77/0+0.71 ms cpu, 3->3->1 MB, 4 MB goal, 0 MB stacks, 0 MB globals, 8 P
gc 999 @7.177s 4%: 0.15+1.0+0.098 ms clock, 1.2+0.73/0.85/0+0.78 ms cpu, 3->4->1 MB, 4 MB goal, 0 MB stacks, 0 MB globals, 8 P
gc 1000 @7.181s 4%: 0.11+0.55+0.11 ms clock, 0.89+0.77/0.73/0+0.90 ms cpu, 3->3->1 MB, 4 MB goal, 0 MB stacks, 0 MB globals, 8 P
gc 1001 @7.184s 4%: 0.14+1.2+0.061 ms clock, 1.1+0.87/0.84/0+0.48 ms cpu, 3->4->1 MB, 4 MB goal, 0 MB stacks, 0 MB globals, 8 P
gc 1002 @7.188s 4%: 0.099+1.2+0.096 ms clock, 0.79+0.69/0.76/0+0.77 ms cpu, 3->4->1 MB, 4 MB goal, 0 MB stacks, 0 MB globals, 8 P
gc 1003 @7.191s 4%: 0.089+0.86+0.086 ms clock, 0.71+0.69/0.73/0+0.69 ms cpu, 3->3->1 MB, 4 MB goal, 0 MB stacks, 0 MB globals, 8 P
gc 1004 @7.194s 4%: 0.10+0.77+0.062 ms clock, 0.80+0.79/0.73/0+0.49 ms cpu, 3->3->1 MB, 4 MB goal, 0 MB stacks, 0 MB globals, 8 P
gc 1005 @7.197s 4%: 0.094+0.62+0.054 ms clock, 0.75+0.82/0.66/0+0.43 ms cpu, 3->3->1 MB, 4 MB goal, 0 MB stacks, 0 MB globals, 8 P
gc 1006 @7.200s 4%: 0.068+0.95+0.10 ms clock, 0.54+0.47/0.86/0+0.81 ms cpu, 3->3->1 MB, 4 MB goal, 0 MB stacks, 0 MB globals, 8 P
gc 1007 @7.203s 4%: 1.3+0.47+0.083 ms clock, 10+1.6/0.62/0+0.66 ms cpu, 3->4->1 MB, 4 MB goal, 0 MB stacks, 0 MB globals, 8 P
gc 1008 @7.207s 4%: 0.11+1.2+0.091 ms clock, 0.88+0.73/0.77/0+0.73 ms cpu, 3->4->1 MB, 4 MB goal, 0 MB stacks, 0 MB globals, 8 P
gc 1009 @7.210s 4%: 0.11+0.54+0.10 ms clock, 0.91+0.76/0.71/0+0.84 ms cpu, 3->3->1 MB, 4 MB goal, 0 MB stacks, 0 MB globals, 8 P
gc 1010 @7.213s 4%: 0.11+0.55+0.097 ms clock, 0.89+0.75/0.74/0+0.77 ms cpu, 3->3->1 MB, 4 MB goal, 0 MB stacks, 0 MB globals, 8 P
gc 1011 @7.216s 4%: 0.12+0.64+0.098 ms clock, 1.0+0.66/0.86/0+0.79 ms cpu, 3->3->1 MB, 4 MB goal, 0 MB stacks, 0 MB globals, 8 P
gc 1012 @7.219s 4%: 0.096+0.91+0.087 ms clock, 0.76+0.66/0.67/0+0.70 ms cpu, 3->3->1 MB, 4 MB goal, 0 MB stacks, 0 MB globals, 8 P
gc 1013 @7.223s 4%: 0.11+1.0+0.10 ms clock, 0.94+0.77/0.79/0+0.83 ms cpu, 3->3->1 MB, 4 MB goal, 0 MB stacks, 0 MB globals, 8 P
gc 1014 @7.226s 4%: 0.091+0.53+0.10 ms clock, 0.73+0.92/0.66/0+0.87 ms cpu, 3->3->1 MB, 4 MB goal, 0 MB stacks, 0 MB globals, 8 P
gc 1015 @7.229s 4%: 0.11+0.55+0.077 ms clock, 0.88+0.81/0.73/0+0.62 ms cpu, 3->3->1 MB, 4 MB goal, 0 MB stacks, 0 MB globals, 8 P
gc 1016 @7.232s 4%: 0.11+1.2+0.041 ms clock, 0.92+0.46/0.91/0+0.32 ms cpu, 3->3->1 MB, 4 MB goal, 0 MB stacks, 0 MB globals, 8 P
gc 1017 @7.235s 4%: 0.094+0.93+0.023 ms clock, 0.75+0.74/0.77/0+0.18 ms cpu, 3->3->1 MB, 4 MB goal, 0 MB stacks, 0 MB globals, 8 P
gc 1018 @7.238s 4%: 0.11+0.57+0.056 ms clock, 0.91+0.73/0.78/0+0.45 ms cpu, 3->3->1 MB, 4 MB goal, 0 MB stacks, 0 MB globals, 8 P
gc 1019 @7.241s 4%: 0.096+1.0+0.048 ms clock, 0.77+1.2/0.78/0.009+0.38 ms cpu, 3->3->1 MB, 4 MB goal, 0 MB stacks, 0 MB globals, 8 P
gc 1020 @7.245s 4%: 0.11+0.60+0.085 ms clock, 0.89+0.72/0.84/0+0.68 ms cpu, 3->3->1 MB, 4 MB goal, 0 MB stacks, 0 MB globals, 8 P
gc 1021 @7.248s 4%: 0.069+0.86+0.081 ms clock, 0.55+0.83/0.68/0+0.65 ms cpu, 3->3->1 MB, 4 MB goal, 0 MB stacks, 0 MB globals, 8 P
gc 1022 @7.251s 4%: 0.11+0.61+0.13 ms clock, 0.91+0.70/0.79/0+1.0 ms cpu, 3->3->1 MB, 4 MB goal, 0 MB stacks, 0 MB globals, 8 P
gc 1023 @7.254s 4%: 0.11+0.79+0.076 ms clock, 0.94+0.76/0.76/0+0.61 ms cpu, 3->3->1 MB, 4 MB goal, 0 MB stacks, 0 MB globals, 8 P
gc 1024 @7.257s 4%: 0.10+0.88+0.059 ms clock, 0.81+0.81/0.77/0+0.47 ms cpu, 3->3->1 MB, 4 MB goal, 0 MB stacks, 0 MB globals, 8 P
gc 1025 @7.260s 4%: 0.11+0.78+0.13 ms clock, 0.92+0.55/0.72/0+1.0 ms cpu, 3->3->1 MB, 4 MB goal, 0 MB stacks, 0 MB globals, 8 P
gc 1026 @7.264s 4%: 0.10+0.58+0.068 ms clock, 0.85+0.77/0.76/0+0.54 ms cpu, 3->3->1 MB, 4 MB goal, 0 MB stacks, 0 MB globals, 8 P
gc 1027 @7.267s 4%: 0.12+0.66+0.11 ms clock, 1.0+0.82/0.66/0+0.88 ms cpu, 3->3->1 MB, 4 MB goal, 0 MB stacks, 0 MB globals, 8 P
gc 1028 @7.270s 4%: 0.082+0.58+0.098 ms clock, 0.66+0.89/0.66/0+0.78 ms cpu, 3->3->1 MB, 4 MB goal, 0 MB stacks, 0 MB globals, 8 P
gc 1029 @7.273s 4%: 0.084+0.84+0.059 ms clock, 0.67+0.91/0.66/0+0.47 ms cpu, 3->3->1 MB, 4 MB goal, 0 MB stacks, 0 MB globals, 8 P
gc 1030 @7.276s 4%: 0.073+1.2+0.076 ms clock, 0.58+0.68/0.70/0+0.61 ms cpu, 3->3->1 MB, 4 MB goal, 0 MB stacks, 0 MB globals, 8 P
gc 1031 @7.279s 4%: 0.10+0.64+0.089 ms clock, 0.82+0.79/0.76/0+0.71 ms cpu, 3->3->1 MB, 4 MB goal, 0 MB stacks, 0 MB globals, 8 P
gc 1032 @7.282s 4%: 0.11+0.52+0.082 ms clock, 0.94+0.79/0.78/0+0.66 ms cpu, 3->3->1 MB, 4 MB goal, 0 MB stacks, 0 MB globals, 8 P
gc 1033 @7.285s 4%: 0.12+0.55+0.060 ms clock, 1.0+0.77/0.74/0+0.48 ms cpu, 3->3->1 MB, 4 MB goal, 0 MB stacks, 0 MB globals, 8 P
gc 1034 @7.288s 4%: 0.12+0.49+0.088 ms clock, 1.0+0.80/0.75/0+0.70 ms cpu, 3->3->1 MB, 4 MB goal, 0 MB stacks, 0 MB globals, 8 P
gc 1035 @7.291s 4%: 0.10+0.99+0.064 ms clock, 0.86+1.3/0.74/0+0.51 ms cpu, 3->3->1 MB, 4 MB goal, 0 MB stacks, 0 MB globals, 8 P
gc 1036 @7.295s 4%: 0.095+1.3+0.050 ms clock, 0.76+0.83/1.0/0+0.40 ms cpu, 3->4->1 MB, 4 MB goal, 0 MB stacks, 0 MB globals, 8 P
gc 1037 @7.298s 4%: 0.084+1.0+0.060 ms clock, 0.67+0.77/0.76/0+0.48 ms cpu, 3->3->1 MB, 4 MB goal, 0 MB stacks, 0 MB globals, 8 P
gc 1038 @7.301s 4%: 0.10+0.94+0.065 ms clock, 0.85+0.49/0.92/0+0.52 ms cpu, 3->3->1 MB, 4 MB goal, 0 MB stacks, 0 MB globals, 8 P
gc 1039 @7.304s 4%: 0.10+1.0+0.056 ms clock, 0.81+0.67/0.76/0+0.44 ms cpu, 3->3->1 MB, 4 MB goal, 0 MB stacks, 0 MB globals, 8 P
gc 1040 @7.307s 4%: 0.10+0.62+0.060 ms clock, 0.86+0.86/0.72/0+0.48 ms cpu, 3->3->1 MB, 4 MB goal, 0 MB stacks, 0 MB globals, 8 P
gc 1041 @7.311s 4%: 0.089+1.7+0.084 ms clock, 0.71+0.58/0.83/0+0.67 ms cpu, 3->4->2 MB, 4 MB goal, 0 MB stacks, 0 MB globals, 8 P
gc 1042 @7.315s 4%: 0.11+1.2+0.076 ms clock, 0.92+0.74/0.82/0+0.61 ms cpu, 3->4->1 MB, 4 MB goal, 0 MB stacks, 0 MB globals, 8 P
gc 1043 @7.318s 4%: 0.13+0.57+0.12 ms clock, 1.0+0.66/0.88/0+0.98 ms cpu, 3->3->1 MB, 4 MB goal, 0 MB stacks, 0 MB globals, 8 P
gc 1044 @7.321s 4%: 0.11+0.91+0.088 ms clock, 0.89+0.66/0.73/0.002+0.70 ms cpu, 3->3->1 MB, 4 MB goal, 0 MB stacks, 0 MB globals, 8 P
gc 1045 @7.324s 4%: 0.11+0.81+0.10 ms clock, 0.93+0.83/0.77/0+0.81 ms cpu, 3->3->1 MB, 4 MB goal, 0 MB stacks, 0 MB globals, 8 P
gc 1046 @7.327s 4%: 0.064+0.59+0.077 ms clock, 0.51+0.68/0.75/0+0.61 ms cpu, 3->3->1 MB, 4 MB goal, 0 MB stacks, 0 MB globals, 8 P
gc 1047 @7.331s 4%: 0.10+0.57+0.099 ms clock, 0.87+0.64/0.75/0+0.79 ms cpu, 3->3->1 MB, 4 MB goal, 0 MB stacks, 0 MB globals, 8 P
gc 1048 @7.334s 4%: 0.11+1.5+0.067 ms clock, 0.89+0.67/0.72/0+0.53 ms cpu, 3->4->1 MB, 4 MB goal, 0 MB stacks, 0 MB globals, 8 P
gc 1049 @7.337s 4%: 0.13+0.59+0.058 ms clock, 1.1+0.90/0.68/0+0.46 ms cpu, 3->3->1 MB, 4 MB goal, 0 MB stacks, 0 MB globals, 8 P
gc 1050 @7.340s 4%: 0.14+0.90+0.086 ms clock, 1.1+0.65/0.75/0+0.68 ms cpu, 3->3->1 MB, 4 MB goal, 0 MB stacks, 0 MB globals, 8 P
gc 1051 @7.343s 4%: 0.10+0.75+0.10 ms clock, 0.86+0.79/0.82/0+0.82 ms cpu, 3->3->1 MB, 4 MB goal, 0 MB stacks, 0 MB globals, 8 P
gc 1052 @7.347s 4%: 0.11+0.50+0.10 ms clock, 0.90+0.73/0.73/0+0.82 ms cpu, 3->3->1 MB, 4 MB goal, 0 MB stacks, 0 MB globals, 8 P
gc 1053 @7.350s 4%: 0.091+0.63+0.10 ms clock, 0.73+0.81/0.76/0+0.87 ms cpu, 3->3->1 MB, 4 MB goal, 0 MB stacks, 0 MB globals, 8 P
gc 1054 @7.353s 4%: 0.11+0.52+0.10 ms clock, 0.90+0.75/0.79/0+0.85 ms cpu, 3->3->1 MB, 4 MB goal, 0 MB stacks, 0 MB globals, 8 P
gc 1055 @7.356s 4%: 0.11+0.65+0.087 ms clock, 0.94+0.83/0.76/0+0.69 ms cpu, 3->3->1 MB, 4 MB goal, 0 MB stacks, 0 MB globals, 8 P
gc 1056 @7.359s 4%: 0.13+0.65+0.092 ms clock, 1.0+0.66/0.79/0+0.73 ms cpu, 3->3->1 MB, 4 MB goal, 0 MB stacks, 0 MB globals, 8 P
gc 1057 @7.362s 4%: 0.12+0.48+0.10 ms clock, 0.98+0.73/0.60/0.067+0.80 ms cpu, 3->3->1 MB, 4 MB goal, 0 MB stacks, 0 MB globals, 8 P
gc 1058 @7.365s 4%: 0.15+0.64+0.059 ms clock, 1.2+0.83/0.79/0+0.47 ms cpu, 3->3->1 MB, 4 MB goal, 0 MB stacks, 0 MB globals, 8 P
gc 1059 @7.368s 4%: 0.12+0.63+0.092 ms clock, 1.0+0.75/0.78/0+0.74 ms cpu, 3->3->1 MB, 4 MB goal, 0 MB stacks, 0 MB globals, 8 P
gc 1060 @7.371s 4%: 0.089+1.0+0.091 ms clock, 0.71+0.53/0.82/0+0.73 ms cpu, 3->3->1 MB, 4 MB goal, 0 MB stacks, 0 MB globals, 8 P
gc 1061 @7.374s 4%: 0.12+1.0+0.053 ms clock, 1.0+0.71/0.76/0+0.42 ms cpu, 3->4->1 MB, 4 MB goal, 0 MB stacks, 0 MB globals, 8 P
gc 1062 @7.378s 4%: 0.089+0.87+0.10 ms clock, 0.71+0.74/0.70/0+0.87 ms cpu, 3->4->1 MB, 4 MB goal, 0 MB stacks, 0 MB globals, 8 P
gc 1063 @7.381s 4%: 0.090+0.65+0.085 ms clock, 0.72+0.71/0.76/0+0.68 ms cpu, 3->3->1 MB, 4 MB goal, 0 MB stacks, 0 MB globals, 8 P
gc 1064 @7.384s 4%: 0.11+0.63+0.13 ms clock, 0.91+0.67/0.78/0+1.0 ms cpu, 3->3->1 MB, 4 MB goal, 0 MB stacks, 0 MB globals, 8 P
gc 1065 @7.387s 4%: 0.11+0.62+0.093 ms clock, 0.95+0.86/0.84/0+0.74 ms cpu, 3->3->1 MB, 4 MB goal, 0 MB stacks, 0 MB globals, 8 P
gc 1066 @7.390s 4%: 0.069+1.0+0.077 ms clock, 0.55+0.55/0.83/0+0.62 ms cpu, 3->3->1 MB, 4 MB goal, 0 MB stacks, 0 MB globals, 8 P
gc 1067 @7.394s 4%: 0.095+0.55+0.095 ms clock, 0.76+0.72/0.73/0+0.76 ms cpu, 3->3->1 MB, 4 MB goal, 0 MB stacks, 0 MB globals, 8 P
gc 1068 @7.397s 4%: 0.13+0.58+0.043 ms clock, 1.0+0.90/0.67/0+0.34 ms cpu, 3->3->1 MB, 4 MB goal, 0 MB stacks, 0 MB globals, 8 P
gc 1069 @7.400s 4%: 0.10+0.65+0.10 ms clock, 0.85+0.75/0.80/0+0.85 ms cpu, 3->3->1 MB, 4 MB goal, 0 MB stacks, 0 MB globals, 8 P
gc 1070 @7.403s 4%: 0.12+1.3+0.083 ms clock, 0.98+0.34/0.77/0+0.66 ms cpu, 3->3->1 MB, 4 MB goal, 0 MB stacks, 0 MB globals, 8 P
gc 1071 @7.406s 4%: 0.10+0.61+0.086 ms clock, 0.81+0.69/0.76/0+0.69 ms cpu, 3->3->1 MB, 4 MB goal, 0 MB stacks, 0 MB globals, 8 P
gc 1072 @7.409s 4%: 0.076+0.99+0.071 ms clock, 0.61+0.68/0.65/0+0.57 ms cpu, 3->3->1 MB, 4 MB goal, 0 MB stacks, 0 MB globals, 8 P
gc 1073 @7.412s 4%: 0.11+0.61+0.087 ms clock, 0.89+0.58/0.79/0+0.69 ms cpu, 3->3->1 MB, 4 MB goal, 0 MB stacks, 0 MB globals, 8 P
gc 1074 @7.416s 4%: 0.12+0.57+0.060 ms clock, 0.97+0.83/0.70/0+0.48 ms cpu, 3->3->1 MB, 4 MB goal, 0 MB stacks, 0 MB globals, 8 P
gc 1075 @7.419s 4%: 0.11+1.1+0.10 ms clock, 0.91+0.63/0.77/0+0.81 ms cpu, 3->3->1 MB, 4 MB goal, 0 MB stacks, 0 MB globals, 8 P
gc 1076 @7.422s 4%: 0.092+0.80+0.10 ms clock, 0.73+1.2/0.87/0+0.81 ms cpu, 3->3->1 MB, 4 MB goal, 0 MB stacks, 0 MB globals, 8 P
gc 1077 @7.425s 4%: 0.098+0.63+0.10 ms clock, 0.78+0.85/0.89/0+0.86 ms cpu, 3->3->1 MB, 4 MB goal, 0 MB stacks, 0 MB globals, 8 P
gc 1078 @7.428s 4%: 0.12+1.1+0.10 ms clock, 1.0+0.62/0.79/0+0.84 ms cpu, 3->4->1 MB, 4 MB goal, 0 MB stacks, 0 MB globals, 8 P
gc 1079 @7.431s 4%: 0.10+0.56+0.096 ms clock, 0.86+0.81/0.77/0+0.77 ms cpu, 3->3->1 MB, 4 MB goal, 0 MB stacks, 0 MB globals, 8 P
gc 1080 @7.435s 4%: 0.10+0.58+0.11 ms clock, 0.84+0.65/0.76/0+0.88 ms cpu, 3->3->1 MB, 4 MB goal, 0 MB stacks, 0 MB globals, 8 P
gc 1081 @7.438s 4%: 0.12+0.71+0.090 ms clock, 1.0+0.83/0.84/0+0.72 ms cpu, 3->3->1 MB, 4 MB goal, 0 MB stacks, 0 MB globals, 8 P
gc 1082 @7.441s 4%: 0.099+0.53+0.090 ms clock, 0.79+0.53/0.85/0+0.72 ms cpu, 3->3->1 MB, 4 MB goal, 0 MB stacks, 0 MB globals, 8 P
gc 1083 @7.444s 4%: 0.10+0.66+0.092 ms clock, 0.87+0.79/0.72/0+0.73 ms cpu, 3->3->1 MB, 4 MB goal, 0 MB stacks, 0 MB globals, 8 P
gc 1084 @7.447s 4%: 0.12+0.60+0.092 ms clock, 0.99+0.77/0.77/0+0.74 ms cpu, 3->3->1 MB, 4 MB goal, 0 MB stacks, 0 MB globals, 8 P
gc 1085 @7.450s 4%: 0.098+0.95+0.097 ms clock, 0.78+0.75/0.69/0+0.78 ms cpu, 3->3->1 MB, 4 MB goal, 0 MB stacks, 0 MB globals, 8 P
gc 1086 @7.453s 4%: 0.12+0.52+0.093 ms clock, 1.0+0.92/0.58/0+0.74 ms cpu, 3->3->1 MB, 4 MB goal, 0 MB stacks, 0 MB globals, 8 P
gc 1087 @7.456s 4%: 0.11+0.52+0.087 ms clock, 0.93+0.76/0.73/0+0.70 ms cpu, 3->3->1 MB, 4 MB goal, 0 MB stacks, 0 MB globals, 8 P
gc 1088 @7.459s 4%: 0.15+0.57+0.078 ms clock, 1.2+0.66/0.78/0+0.62 ms cpu, 3->3->1 MB, 4 MB goal, 0 MB stacks, 0 MB globals, 8 P
gc 1089 @7.462s 4%: 0.11+0.90+0.052 ms clock, 0.92+0.81/0.76/0+0.42 ms cpu, 3->3->1 MB, 4 MB goal, 0 MB stacks, 0 MB globals, 8 P
gc 1090 @7.465s 4%: 0.12+1.1+0.062 ms clock, 1.0+1.1/1.0/0+0.50 ms cpu, 3->3->1 MB, 4 MB goal, 0 MB stacks, 0 MB globals, 8 P
gc 1091 @7.469s 4%: 0.12+1.7+0.091 ms clock, 0.97+0.82/0.82/0+0.73 ms cpu, 3->4->2 MB, 4 MB goal, 0 MB stacks, 0 MB globals, 8 P
gc 1092 @7.473s 4%: 0.12+0.59+0.057 ms clock, 0.98+0.80/0.72/0+0.45 ms cpu, 3->4->1 MB, 4 MB goal, 0 MB stacks, 0 MB globals, 8 P
gc 1093 @7.476s 4%: 0.10+0.82+0.091 ms clock, 0.84+0.74/0.87/0+0.73 ms cpu, 3->3->1 MB, 4 MB goal, 0 MB stacks, 0 MB globals, 8 P
gc 1094 @7.479s 4%: 0.75+0.83+0.035 ms clock, 6.0+0.56/1.4/0+0.28 ms cpu, 3->4->1 MB, 4 MB goal, 0 MB stacks, 0 MB globals, 8 P
gc 1095 @7.482s 4%: 0.12+0.98+0.084 ms clock, 1.0+0.46/0.79/0+0.67 ms cpu, 3->4->1 MB, 4 MB goal, 0 MB stacks, 0 MB globals, 8 P
gc 1096 @7.485s 4%: 0.087+0.56+0.096 ms clock, 0.70+0.80/0.71/0+0.77 ms cpu, 3->3->1 MB, 4 MB goal, 0 MB stacks, 0 MB globals, 8 P
gc 1097 @7.488s 4%: 0.092+0.58+0.051 ms clock, 0.73+0.81/0.66/0+0.41 ms cpu, 3->3->1 MB, 4 MB goal, 0 MB stacks, 0 MB globals, 8 P
gc 1098 @7.491s 4%: 0.11+0.77+0.10 ms clock, 0.90+0.74/0.77/0+0.86 ms cpu, 3->3->1 MB, 4 MB goal, 0 MB stacks, 0 MB globals, 8 P
gc 1099 @7.494s 4%: 0.099+1.3+0.069 ms clock, 0.79+0.86/0.67/0+0.55 ms cpu, 3->4->1 MB, 4 MB goal, 0 MB stacks, 0 MB globals, 8 P
gc 1100 @7.498s 4%: 0.13+0.87+0.095 ms clock, 1.1+0.79/0.74/0+0.76 ms cpu, 3->4->1 MB, 4 MB goal, 0 MB stacks, 0 MB globals, 8 P
gc 1101 @7.501s 4%: 0.48+0.73+0.10 ms clock, 3.9+0.31/1.1/0+0.85 ms cpu, 3->3->1 MB, 4 MB goal, 0 MB stacks, 0 MB globals, 8 P
gc 1102 @7.505s 4%: 0.11+1.1+0.046 ms clock, 0.94+0.62/0.79/0+0.37 ms cpu, 3->3->1 MB, 4 MB goal, 0 MB stacks, 0 MB globals, 8 P
gc 1103 @7.508s 4%: 0.14+0.97+0.060 ms clock, 1.1+0.66/0.76/0+0.48 ms cpu, 3->3->1 MB, 4 MB goal, 0 MB stacks, 0 MB globals, 8 P
gc 1104 @7.511s 4%: 0.11+0.57+0.11 ms clock, 0.88+0.84/0.76/0+0.91 ms cpu, 3->3->1 MB, 4 MB goal, 0 MB stacks, 0 MB globals, 8 P
gc 1105 @7.514s 4%: 0.12+0.87+0.091 ms clock, 1.0+0.73/0.75/0+0.73 ms cpu, 3->3->1 MB, 4 MB goal, 0 MB stacks, 0 MB globals, 8 P
gc 1106 @7.517s 4%: 0.13+0.63+0.10 ms clock, 1.0+0.77/0.80/0+0.81 ms cpu, 3->3->1 MB, 4 MB goal, 0 MB stacks, 0 MB globals, 8 P
gc 1107 @7.521s 4%: 0.072+0.59+0.097 ms clock, 0.57+0.77/0.75/0+0.77 ms cpu, 3->3->1 MB, 4 MB goal, 0 MB stacks, 0 MB globals, 8 P
gc 1108 @7.524s 4%: 0.13+0.57+0.055 ms clock, 1.0+0.76/0.80/0+0.44 ms cpu, 3->3->1 MB, 4 MB goal, 0 MB stacks, 0 MB globals, 8 P
gc 1109 @7.527s 4%: 0.11+1.0+0.089 ms clock, 0.94+0.60/0.81/0+0.71 ms cpu, 3->3->1 MB, 4 MB goal, 0 MB stacks, 0 MB globals, 8 P
gc 1110 @7.530s 4%: 0.10+0.53+0.035 ms clock, 0.80+0.77/0.74/0+0.28 ms cpu, 3->3->1 MB, 4 MB goal, 0 MB stacks, 0 MB globals, 8 P
gc 1111 @7.533s 4%: 0.14+0.73+0.13 ms clock, 1.1+0.82/0.83/0+1.0 ms cpu, 3->3->1 MB, 4 MB goal, 0 MB stacks, 0 MB globals, 8 P
gc 1112 @7.536s 4%: 0.083+0.53+0.065 ms clock, 0.67+0.75/0.77/0+0.52 ms cpu, 3->3->1 MB, 4 MB goal, 0 MB stacks, 0 MB globals, 8 P
gc 1113 @7.539s 4%: 0.11+1.0+0.095 ms clock, 0.91+0.83/0.79/0+0.76 ms cpu, 3->3->1 MB, 4 MB goal, 0 MB stacks, 0 MB globals, 8 P
gc 1114 @7.543s 4%: 0.12+0.66+0.093 ms clock, 0.96+0.82/0.71/0+0.74 ms cpu, 3->3->1 MB, 4 MB goal, 0 MB stacks, 0 MB globals, 8 P
gc 1115 @7.546s 4%: 0.091+0.58+0.10 ms clock, 0.73+0.78/0.78/0+0.81 ms cpu, 3->3->1 MB, 4 MB goal, 0 MB stacks, 0 MB globals, 8 P
gc 1116 @7.549s 4%: 0.12+1.0+0.098 ms clock, 0.99+0.76/0.74/0+0.78 ms cpu, 3->3->1 MB, 4 MB goal, 0 MB stacks, 0 MB globals, 8 P
gc 1117 @7.552s 4%: 0.12+0.57+0.062 ms clock, 0.96+0.71/0.86/0+0.50 ms cpu, 3->3->1 MB, 4 MB goal, 0 MB stacks, 0 MB globals, 8 P
gc 1118 @7.555s 4%: 0.11+1.2+0.11 ms clock, 0.94+0.66/0.81/0+0.88 ms cpu, 3->4->1 MB, 4 MB goal, 0 MB stacks, 0 MB globals, 8 P
gc 1119 @7.559s 4%: 0.097+0.65+0.063 ms clock, 0.78+0.74/0.80/0+0.50 ms cpu, 3->4->1 MB, 4 MB goal, 0 MB stacks, 0 MB globals, 8 P
gc 1120 @7.562s 4%: 0.11+0.58+0.056 ms clock, 0.88+0.75/0.74/0+0.44 ms cpu, 3->3->1 MB, 4 MB goal, 0 MB stacks, 0 MB globals, 8 P
gc 1121 @7.565s 4%: 0.087+0.71+0.094 ms clock, 0.69+0.84/0.82/0+0.75 ms cpu, 3->3->1 MB, 4 MB goal, 0 MB stacks, 0 MB globals, 8 P
gc 1122 @7.568s 4%: 0.11+0.63+0.094 ms clock, 0.90+0.75/0.65/0+0.75 ms cpu, 3->3->1 MB, 4 MB goal, 0 MB stacks, 0 MB globals, 8 P
gc 1123 @7.571s 4%: 0.089+0.58+0.079 ms clock, 0.71+0.76/0.76/0+0.63 ms cpu, 3->3->1 MB, 4 MB goal, 0 MB stacks, 0 MB globals, 8 P
gc 1124 @7.574s 4%: 0.11+0.51+0.076 ms clock, 0.88+0.85/0.67/0+0.61 ms cpu, 3->3->1 MB, 4 MB goal, 0 MB stacks, 0 MB globals, 8 P
gc 1125 @7.577s 4%: 0.10+0.54+0.094 ms clock, 0.86+0.79/0.70/0+0.75 ms cpu, 3->3->1 MB, 4 MB goal, 0 MB stacks, 0 MB globals, 8 P
gc 1126 @7.580s 4%: 0.12+0.66+0.074 ms clock, 1.0+0.85/0.72/0+0.59 ms cpu, 3->3->1 MB, 4 MB goal, 0 MB stacks, 0 MB globals, 8 P
gc 1127 @7.583s 4%: 0.11+0.72+0.11 ms clock, 0.93+0.79/0.77/0+0.90 ms cpu, 3->3->1 MB, 4 MB goal, 0 MB stacks, 0 MB globals, 8 P
gc 1128 @7.587s 4%: 0.11+1.3+0.058 ms clock, 0.89+1.4/0.79/0+0.46 ms cpu, 3->4->1 MB, 4 MB goal, 0 MB stacks, 0 MB globals, 8 P
gc 1129 @7.590s 4%: 0.11+0.50+0.051 ms clock, 0.93+0.91/0.68/0+0.40 ms cpu, 3->3->1 MB, 4 MB goal, 0 MB stacks, 0 MB globals, 8 P
gc 1130 @7.593s 4%: 0.099+0.69+0.11 ms clock, 0.79+0.52/0.86/0+0.89 ms cpu, 3->3->1 MB, 4 MB goal, 0 MB stacks, 0 MB globals, 8 P
gc 1131 @7.596s 4%: 0.097+0.67+0.090 ms clock, 0.78+0.79/0.80/0+0.72 ms cpu, 3->3->1 MB, 4 MB goal, 0 MB stacks, 0 MB globals, 8 P
gc 1132 @7.599s 4%: 0.097+1.0+0.087 ms clock, 0.78+0.56/0.83/0+0.70 ms cpu, 3->3->1 MB, 4 MB goal, 0 MB stacks, 0 MB globals, 8 P
gc 1133 @7.603s 4%: 0.071+0.67+0.084 ms clock, 0.57+0.72/0.80/0+0.67 ms cpu, 3->3->1 MB, 4 MB goal, 0 MB stacks, 0 MB globals, 8 P
gc 1134 @7.606s 4%: 0.060+0.56+0.075 ms clock, 0.48+0.88/0.75/0+0.60 ms cpu, 3->3->1 MB, 4 MB goal, 0 MB stacks, 0 MB globals, 8 P
gc 1135 @7.609s 4%: 0.11+0.63+0.11 ms clock, 0.91+0.80/0.74/0+0.89 ms cpu, 3->3->1 MB, 4 MB goal, 0 MB stacks, 0 MB globals, 8 P
gc 1136 @7.612s 4%: 0.11+0.60+0.062 ms clock, 0.90+0.83/0.66/0+0.49 ms cpu, 3->3->1 MB, 4 MB goal, 0 MB stacks, 0 MB globals, 8 P
gc 1137 @7.615s 4%: 0.096+0.61+0.076 ms clock, 0.77+0.75/0.75/0+0.61 ms cpu, 3->3->1 MB, 4 MB goal, 0 MB stacks, 0 MB globals, 8 P
gc 1138 @7.618s 4%: 0.11+0.64+0.091 ms clock, 0.92+0.66/0.85/0+0.73 ms cpu, 3->3->1 MB, 4 MB goal, 0 MB stacks, 0 MB globals, 8 P
gc 1139 @7.621s 4%: 0.12+0.56+0.14 ms clock, 0.99+0.83/0.81/0+1.1 ms cpu, 3->3->1 MB, 4 MB goal, 0 MB stacks, 0 MB globals, 8 P
gc 1140 @7.624s 4%: 0.11+0.58+0.050 ms clock, 0.93+0.76/0.79/0+0.40 ms cpu, 3->3->1 MB, 4 MB goal, 0 MB stacks, 0 MB globals, 8 P
gc 1141 @7.627s 4%: 0.12+0.59+0.10 ms clock, 0.98+0.66/0.84/0+0.80 ms cpu, 3->3->1 MB, 4 MB goal, 0 MB stacks, 0 MB globals, 8 P
gc 1142 @7.630s 4%: 0.072+0.56+0.062 ms clock, 0.57+0.80/0.68/0+0.49 ms cpu, 3->3->1 MB, 4 MB goal, 0 MB stacks, 0 MB globals, 8 P
gc 1143 @7.633s 4%: 0.12+0.76+0.10 ms clock, 0.99+0.67/0.84/0+0.81 ms cpu, 3->3->1 MB, 4 MB goal, 0 MB stacks, 0 MB globals, 8 P
gc 1144 @7.636s 4%: 0.14+0.52+0.11 ms clock, 1.1+0.89/0.70/0+0.90 ms cpu, 3->3->1 MB, 4 MB goal, 0 MB stacks, 0 MB globals, 8 P
gc 1145 @7.639s 4%: 0.095+0.51+0.057 ms clock, 0.76+0.78/0.74/0+0.45 ms cpu, 3->3->1 MB, 4 MB goal, 0 MB stacks, 0 MB globals, 8 P
gc 1146 @7.642s 4%: 0.10+0.89+0.10 ms clock, 0.87+0.63/0.77/0+0.81 ms cpu, 3->3->1 MB, 4 MB goal, 0 MB stacks, 0 MB globals, 8 P
gc 1147 @7.645s 4%: 0.10+0.61+0.053 ms clock, 0.86+0.60/0.78/0+0.43 ms cpu, 3->3->1 MB, 4 MB goal, 0 MB stacks, 0 MB globals, 8 P
gc 1148 @7.648s 4%: 0.098+0.53+0.073 ms clock, 0.78+0.84/0.71/0+0.58 ms cpu, 3->3->1 MB, 4 MB goal, 0 MB stacks, 0 MB globals, 8 P
gc 1149 @7.652s 4%: 0.10+0.50+0.10 ms clock, 0.83+0.80/0.66/0+0.83 ms cpu, 3->3->1 MB, 4 MB goal, 0 MB stacks, 0 MB globals, 8 P
gc 1150 @7.655s 4%: 0.081+0.53+0.061 ms clock, 0.64+0.72/0.70/0+0.49 ms cpu, 3->3->1 MB, 4 MB goal, 0 MB stacks, 0 MB globals, 8 P
gc 1151 @7.658s 4%: 0.10+0.64+0.084 ms clock, 0.83+0.69/0.71/0+0.67 ms cpu, 3->3->1 MB, 4 MB goal, 0 MB stacks, 0 MB globals, 8 P
gc 1152 @7.661s 4%: 0.094+0.63+0.078 ms clock, 0.75+0.77/0.76/0+0.62 ms cpu, 3->3->1 MB, 4 MB goal, 0 MB stacks, 0 MB globals, 8 P
gc 1153 @7.664s 4%: 0.099+0.61+0.072 ms clock, 0.79+0.77/0.79/0+0.58 ms cpu, 3->3->1 MB, 4 MB goal, 0 MB stacks, 0 MB globals, 8 P
gc 1154 @7.667s 4%: 0.075+0.65+0.086 ms clock, 0.60+0.84/0.77/0+0.68 ms cpu, 3->3->1 MB, 4 MB goal, 0 MB stacks, 0 MB globals, 8 P
gc 1155 @7.670s 4%: 0.10+0.54+0.070 ms clock, 0.85+0.63/0.80/0+0.56 ms cpu, 3->3->1 MB, 4 MB goal, 0 MB stacks, 0 MB globals, 8 P
gc 1156 @7.673s 4%: 0.11+0.53+0.045 ms clock, 0.91+0.74/0.77/0+0.36 ms cpu, 3->3->1 MB, 4 MB goal, 0 MB stacks, 0 MB globals, 8 P
gc 1157 @7.676s 4%: 0.061+0.58+0.079 ms clock, 0.49+0.72/0.83/0+0.63 ms cpu, 3->3->1 MB, 4 MB goal, 0 MB stacks, 0 MB globals, 8 P
gc 1158 @7.679s 4%: 0.11+0.60+0.089 ms clock, 0.94+0.73/0.77/0+0.71 ms cpu, 3->3->1 MB, 4 MB goal, 0 MB stacks, 0 MB globals, 8 P
gc 1159 @7.682s 4%: 0.10+0.59+0.099 ms clock, 0.82+0.71/0.84/0+0.79 ms cpu, 3->3->1 MB, 4 MB goal, 0 MB stacks, 0 MB globals, 8 P
gc 1160 @7.686s 4%: 0.10+0.53+0.066 ms clock, 0.86+0.75/0.77/0+0.53 ms cpu, 3->3->1 MB, 4 MB goal, 0 MB stacks, 0 MB globals, 8 P
gc 1161 @7.689s 4%: 0.11+0.51+0.076 ms clock, 0.93+0.84/0.71/0+0.61 ms cpu, 3->3->1 MB, 4 MB goal, 0 MB stacks, 0 MB globals, 8 P
gc 1162 @7.692s 4%: 0.086+0.58+0.055 ms clock, 0.69+0.72/0.79/0+0.44 ms cpu, 3->3->1 MB, 4 MB goal, 0 MB stacks, 0 MB globals, 8 P
gc 1163 @7.695s 4%: 0.090+0.60+0.11 ms clock, 0.72+0.73/0.82/0+0.92 ms cpu, 3->3->1 MB, 4 MB goal, 0 MB stacks, 0 MB globals, 8 P
gc 1164 @7.698s 4%: 0.092+0.53+0.057 ms clock, 0.73+0.83/0.71/0+0.46 ms cpu, 3->3->1 MB, 4 MB goal, 0 MB stacks, 0 MB globals, 8 P
gc 1165 @7.701s 4%: 0.11+0.73+0.11 ms clock, 0.91+0.62/0.86/0+0.89 ms cpu, 3->3->1 MB, 4 MB goal, 0 MB stacks, 0 MB globals, 8 P
gc 1166 @7.704s 4%: 0.094+0.57+0.098 ms clock, 0.75+0.81/0.72/0+0.78 ms cpu, 3->3->1 MB, 4 MB goal, 0 MB stacks, 0 MB globals, 8 P
gc 1167 @7.707s 4%: 0.069+0.70+0.095 ms clock, 0.55+0.41/0.91/0+0.76 ms cpu, 3->3->1 MB, 4 MB goal, 0 MB stacks, 0 MB globals, 8 P
gc 1168 @7.710s 4%: 0.11+0.52+0.073 ms clock, 0.95+0.73/0.71/0+0.58 ms cpu, 3->3->1 MB, 4 MB goal, 0 MB stacks, 0 MB globals, 8 P
gc 1169 @7.713s 4%: 0.11+0.54+0.092 ms clock, 0.92+0.81/0.74/0+0.74 ms cpu, 3->3->1 MB, 4 MB goal, 0 MB stacks, 0 MB globals, 8 P
gc 1170 @7.716s 4%: 0.12+1.1+0.10 ms clock, 0.96+0.49/0.71/0+0.86 ms cpu, 3->3->1 MB, 4 MB goal, 0 MB stacks, 0 MB globals, 8 P
gc 1171 @7.720s 4%: 0.074+0.76+0.090 ms clock, 0.59+0.77/0.76/0+0.72 ms cpu, 3->3->1 MB, 4 MB goal, 0 MB stacks, 0 MB globals, 8 P
gc 1172 @7.723s 4%: 0.11+0.91+0.068 ms clock, 0.93+0.77/0.78/0+0.54 ms cpu, 3->3->1 MB, 4 MB goal, 0 MB stacks, 0 MB globals, 8 P
gc 1173 @7.726s 4%: 0.13+1.0+0.067 ms clock, 1.1+0.84/0.74/0+0.54 ms cpu, 3->3->1 MB, 4 MB goal, 0 MB stacks, 0 MB globals, 8 P
gc 1174 @7.729s 4%: 0.10+0.57+0.085 ms clock, 0.84+0.66/0.83/0+0.68 ms cpu, 3->3->1 MB, 4 MB goal, 0 MB stacks, 0 MB globals, 8 P
gc 1175 @7.732s 4%: 0.10+0.69+0.12 ms clock, 0.87+0.66/0.76/0+0.97 ms cpu, 3->3->1 MB, 4 MB goal, 0 MB stacks, 0 MB globals, 8 P
gc 1176 @7.735s 4%: 0.11+1.0+0.058 ms clock, 0.89+0.56/0.83/0+0.46 ms cpu, 3->3->1 MB, 4 MB goal, 0 MB stacks, 0 MB globals, 8 P
gc 1177 @7.739s 4%: 0.12+0.56+0.059 ms clock, 1.0+0.90/0.71/0+0.47 ms cpu, 3->3->1 MB, 4 MB goal, 0 MB stacks, 0 MB globals, 8 P
gc 1178 @7.742s 4%: 0.085+0.84+0.045 ms clock, 0.68+0.84/0.75/0+0.36 ms cpu, 3->3->1 MB, 4 MB goal, 0 MB stacks, 0 MB globals, 8 P
gc 1179 @7.745s 4%: 0.089+0.63+0.11 ms clock, 0.71+0.79/0.80/0+0.95 ms cpu, 3->3->1 MB, 4 MB goal, 0 MB stacks, 0 MB globals, 8 P
gc 1180 @7.748s 4%: 0.10+1.0+0.12 ms clock, 0.84+0.78/0.81/0+1.0 ms cpu, 3->3->1 MB, 4 MB goal, 0 MB stacks, 0 MB globals, 8 P
gc 1181 @7.751s 4%: 0.12+0.66+0.095 ms clock, 1.0+0.77/0.77/0+0.76 ms cpu, 3->3->1 MB, 4 MB goal, 0 MB stacks, 0 MB globals, 8 P
gc 1182 @7.754s 4%: 0.11+0.50+0.10 ms clock, 0.93+0.79/0.75/0+0.84 ms cpu, 3->3->1 MB, 4 MB goal, 0 MB stacks, 0 MB globals, 8 P
gc 1183 @7.757s 4%: 0.10+0.98+0.075 ms clock, 0.83+0.77/0.76/0+0.60 ms cpu, 3->3->1 MB, 4 MB goal, 0 MB stacks, 0 MB globals, 8 P
gc 1184 @7.761s 4%: 0.12+0.85+0.098 ms clock, 1.0+0.76/0.73/0+0.78 ms cpu, 3->3->1 MB, 4 MB goal, 0 MB stacks, 0 MB globals, 8 P
gc 1185 @7.764s 4%: 0.10+0.95+0.11 ms clock, 0.82+0.69/0.73/0+0.92 ms cpu, 3->3->1 MB, 4 MB goal, 0 MB stacks, 0 MB globals, 8 P
gc 1186 @7.767s 4%: 0.13+1.0+0.079 ms clock, 1.0+0.90/0.59/0+0.63 ms cpu, 3->3->1 MB, 4 MB goal, 0 MB stacks, 0 MB globals, 8 P
gc 1187 @7.770s 4%: 0.094+0.77+0.083 ms clock, 0.75+0.79/0.78/0+0.66 ms cpu, 3->3->1 MB, 4 MB goal, 0 MB stacks, 0 MB globals, 8 P
gc 1188 @7.773s 4%: 0.10+0.70+0.11 ms clock, 0.84+0.65/0.75/0+0.88 ms cpu, 3->3->1 MB, 4 MB goal, 0 MB stacks, 0 MB globals, 8 P
gc 1189 @7.776s 4%: 0.13+1.1+0.088 ms clock, 1.0+0.73/0.77/0+0.71 ms cpu, 3->3->1 MB, 4 MB goal, 0 MB stacks, 0 MB globals, 8 P
gc 1190 @7.780s 4%: 0.12+0.85+0.059 ms clock, 1.0+0.82/0.75/0+0.47 ms cpu, 3->3->1 MB, 4 MB goal, 0 MB stacks, 0 MB globals, 8 P
gc 1191 @7.783s 4%: 0.10+0.63+0.076 ms clock, 0.85+0.78/0.78/0+0.61 ms cpu, 3->3->1 MB, 4 MB goal, 0 MB stacks, 0 MB globals, 8 P
gc 1192 @7.786s 4%: 0.11+0.66+0.098 ms clock, 0.93+0.73/0.88/0+0.78 ms cpu, 3->3->1 MB, 4 MB goal, 0 MB stacks, 0 MB globals, 8 P
gc 1193 @7.789s 4%: 0.11+0.54+0.062 ms clock, 0.89+0.85/0.66/0+0.50 ms cpu, 3->3->1 MB, 4 MB goal, 0 MB stacks, 0 MB globals, 8 P
gc 1194 @7.792s 4%: 0.099+0.55+0.092 ms clock, 0.79+0.74/0.82/0+0.74 ms cpu, 3->3->1 MB, 4 MB goal, 0 MB stacks, 0 MB globals, 8 P
gc 1195 @7.795s 4%: 0.11+1.1+0.099 ms clock, 0.90+0.73/0.75/0+0.79 ms cpu, 3->3->1 MB, 4 MB goal, 0 MB stacks, 0 MB globals, 8 P
gc 1196 @7.799s 4%: 0.16+0.82+0.078 ms clock, 1.2+0.77/0.87/0+0.62 ms cpu, 3->4->1 MB, 4 MB goal, 0 MB stacks, 0 MB globals, 8 P
gc 1197 @7.802s 4%: 0.081+0.75+0.082 ms clock, 0.65+0.62/0.80/0+0.65 ms cpu, 3->3->1 MB, 4 MB goal, 0 MB stacks, 0 MB globals, 8 P
gc 1198 @7.805s 4%: 0.11+0.81+0.074 ms clock, 0.89+0.91/0.75/0+0.59 ms cpu, 3->3->1 MB, 4 MB goal, 0 MB stacks, 0 MB globals, 8 P
gc 1199 @7.808s 4%: 0.11+0.58+0.059 ms clock, 0.89+0.83/0.74/0+0.47 ms cpu, 3->3->1 MB, 4 MB goal, 0 MB stacks, 0 MB globals, 8 P
gc 1200 @7.811s 4%: 0.12+0.96+0.082 ms clock, 0.98+0.60/0.78/0+0.65 ms cpu, 3->3->1 MB, 4 MB goal, 0 MB stacks, 0 MB globals, 8 P
gc 1201 @7.814s 4%: 0.10+0.90+0.088 ms clock, 0.80+0.77/0.76/0+0.70 ms cpu, 3->3->1 MB, 4 MB goal, 0 MB stacks, 0 MB globals, 8 P
gc 1202 @7.818s 4%: 0.12+0.49+0.12 ms clock, 1.0+0.68/0.77/0+0.99 ms cpu, 3->3->1 MB, 4 MB goal, 0 MB stacks, 0 MB globals, 8 P
gc 1203 @7.821s 4%: 0.060+0.57+0.065 ms clock, 0.48+0.69/0.75/0+0.52 ms cpu, 3->3->1 MB, 4 MB goal, 0 MB stacks, 0 MB globals, 8 P
gc 1204 @7.824s 4%: 0.080+1.0+0.098 ms clock, 0.64+0.58/0.77/0+0.78 ms cpu, 3->3->1 MB, 4 MB goal, 0 MB stacks, 0 MB globals, 8 P
gc 1205 @7.827s 4%: 0.13+0.55+0.097 ms clock, 1.0+0.74/0.77/0+0.77 ms cpu, 3->3->1 MB, 4 MB goal, 0 MB stacks, 0 MB globals, 8 P
gc 1206 @7.830s 4%: 0.11+1.0+0.054 ms clock, 0.88+1.0/0.74/0+0.43 ms cpu, 3->3->1 MB, 4 MB goal, 0 MB stacks, 0 MB globals, 8 P
gc 1207 @7.833s 4%: 0.11+0.52+0.11 ms clock, 0.92+0.76/0.78/0+0.93 ms cpu, 3->3->1 MB, 4 MB goal, 0 MB stacks, 0 MB globals, 8 P
gc 1208 @7.836s 4%: 0.096+0.57+0.093 ms clock, 0.77+0.91/0.73/0+0.75 ms cpu, 3->3->1 MB, 4 MB goal, 0 MB stacks, 0 MB globals, 8 P
gc 1209 @7.839s 4%: 0.10+0.53+0.11 ms clock, 0.82+0.86/0.68/0+0.89 ms cpu, 3->3->1 MB, 4 MB goal, 0 MB stacks, 0 MB globals, 8 P
gc 1210 @7.842s 4%: 0.11+0.56+0.075 ms clock, 0.91+0.77/0.82/0+0.60 ms cpu, 3->3->1 MB, 4 MB goal, 0 MB stacks, 0 MB globals, 8 P
gc 1211 @7.845s 4%: 0.11+0.64+0.11 ms clock, 0.94+0.85/0.72/0+0.93 ms cpu, 3->3->1 MB, 4 MB goal, 0 MB stacks, 0 MB globals, 8 P
gc 1212 @7.848s 4%: 0.089+0.68+0.13 ms clock, 0.71+0.58/0.75/0+1.1 ms cpu, 3->3->1 MB, 4 MB goal, 0 MB stacks, 0 MB globals, 8 P
gc 1213 @7.852s 4%: 0.11+1.0+0.093 ms clock, 0.91+0.58/0.90/0+0.74 ms cpu, 3->3->1 MB, 4 MB goal, 0 MB stacks, 0 MB globals, 8 P
gc 1214 @7.855s 4%: 0.12+0.64+0.082 ms clock, 0.96+0.84/0.77/0+0.66 ms cpu, 3->3->1 MB, 4 MB goal, 0 MB stacks, 0 MB globals, 8 P
gc 1215 @7.858s 4%: 0.077+0.57+0.086 ms clock, 0.62+0.81/0.74/0+0.69 ms cpu, 3->3->1 MB, 4 MB goal, 0 MB stacks, 0 MB globals, 8 P
gc 1216 @7.861s 4%: 0.095+0.94+0.10 ms clock, 0.76+0.83/0.77/0+0.85 ms cpu, 3->3->1 MB, 4 MB goal, 0 MB stacks, 0 MB globals, 8 P
gc 1217 @7.864s 4%: 0.11+0.72+0.13 ms clock, 0.89+0.65/0.79/0+1.0 ms cpu, 3->3->1 MB, 4 MB goal, 0 MB stacks, 0 MB globals, 8 P
gc 1218 @7.867s 4%: 0.11+0.50+0.081 ms clock, 0.88+0.73/0.67/0+0.64 ms cpu, 3->3->1 MB, 4 MB goal, 0 MB stacks, 0 MB globals, 8 P
gc 1219 @7.870s 4%: 0.15+1.0+0.074 ms clock, 1.2+0.75/0.81/0+0.59 ms cpu, 3->3->1 MB, 4 MB goal, 0 MB stacks, 0 MB globals, 8 P
gc 1220 @7.873s 4%: 0.10+0.56+0.092 ms clock, 0.85+0.69/0.81/0+0.73 ms cpu, 3->3->1 MB, 4 MB goal, 0 MB stacks, 0 MB globals, 8 P
gc 1221 @7.876s 4%: 0.061+0.68+0.089 ms clock, 0.48+0.82/0.70/0+0.71 ms cpu, 3->3->1 MB, 4 MB goal, 0 MB stacks, 0 MB globals, 8 P
gc 1222 @7.880s 4%: 0.11+0.96+0.058 ms clock, 0.88+0.76/0.68/0+0.46 ms cpu, 3->3->1 MB, 4 MB goal, 0 MB stacks, 0 MB globals, 8 P
gc 1223 @7.883s 4%: 0.13+0.77+0.068 ms clock, 1.0+0.79/0.71/0+0.55 ms cpu, 3->3->1 MB, 4 MB goal, 0 MB stacks, 0 MB globals, 8 P
gc 1224 @7.886s 4%: 0.10+0.57+0.085 ms clock, 0.84+0.67/0.81/0+0.68 ms cpu, 3->3->1 MB, 4 MB goal, 0 MB stacks, 0 MB globals, 8 P
gc 1225 @7.889s 4%: 0.13+1.0+0.092 ms clock, 1.0+0.61/0.74/0+0.73 ms cpu, 3->3->1 MB, 4 MB goal, 0 MB stacks, 0 MB globals, 8 P
gc 1226 @7.892s 4%: 0.083+0.78+0.11 ms clock, 0.66+0.68/0.83/0+0.89 ms cpu, 3->3->1 MB, 4 MB goal, 0 MB stacks, 0 MB globals, 8 P
gc 1227 @7.895s 4%: 0.080+0.60+0.053 ms clock, 0.64+0.69/0.82/0+0.42 ms cpu, 3->3->1 MB, 4 MB goal, 0 MB stacks, 0 MB globals, 8 P
gc 1228 @7.899s 4%: 0.12+0.59+0.087 ms clock, 0.96+0.75/0.81/0+0.69 ms cpu, 3->3->1 MB, 4 MB goal, 0 MB stacks, 0 MB globals, 8 P
gc 1229 @7.902s 4%: 0.10+0.55+0.089 ms clock, 0.87+0.71/0.73/0+0.71 ms cpu, 3->3->1 MB, 4 MB goal, 0 MB stacks, 0 MB globals, 8 P
gc 1230 @7.905s 4%: 0.10+1.1+0.084 ms clock, 0.86+0.60/0.93/0+0.67 ms cpu, 3->3->1 MB, 4 MB goal, 0 MB stacks, 0 MB globals, 8 P
gc 1231 @7.908s 4%: 0.13+1.2+0.089 ms clock, 1.0+0.44/0.99/0+0.71 ms cpu, 3->4->1 MB, 4 MB goal, 0 MB stacks, 0 MB globals, 8 P
gc 1232 @7.911s 4%: 0.10+0.63+0.11 ms clock, 0.87+0.83/0.74/0+0.88 ms cpu, 3->3->1 MB, 4 MB goal, 0 MB stacks, 0 MB globals, 8 P
gc 1233 @7.914s 4%: 0.087+0.83+0.10 ms clock, 0.69+0.73/0.79/0+0.82 ms cpu, 3->3->1 MB, 4 MB goal, 0 MB stacks, 0 MB globals, 8 P
gc 1234 @7.918s 4%: 0.11+0.69+0.077 ms clock, 0.94+0.71/0.72/0+0.62 ms cpu, 3->3->1 MB, 4 MB goal, 0 MB stacks, 0 MB globals, 8 P
gc 1235 @7.921s 4%: 0.087+0.63+0.074 ms clock, 0.69+0.80/0.82/0+0.59 ms cpu, 3->3->1 MB, 4 MB goal, 0 MB stacks, 0 MB globals, 8 P
gc 1236 @7.924s 4%: 0.10+0.61+0.085 ms clock, 0.84+0.66/0.80/0+0.68 ms cpu, 3->3->1 MB, 4 MB goal, 0 MB stacks, 0 MB globals, 8 P
gc 1237 @7.927s 4%: 0.13+0.48+0.085 ms clock, 1.0+0.85/0.69/0+0.68 ms cpu, 3->3->1 MB, 4 MB goal, 0 MB stacks, 0 MB globals, 8 P
gc 1238 @7.930s 4%: 0.14+0.54+0.069 ms clock, 1.1+0.63/0.78/0+0.55 ms cpu, 3->3->1 MB, 4 MB goal, 0 MB stacks, 0 MB globals, 8 P
gc 1239 @7.933s 4%: 0.10+0.66+0.069 ms clock, 0.85+0.89/0.70/0+0.55 ms cpu, 3->3->1 MB, 4 MB goal, 0 MB stacks, 0 MB globals, 8 P
gc 1240 @7.936s 4%: 0.084+0.58+0.11 ms clock, 0.67+0.81/0.74/0+0.92 ms cpu, 3->3->1 MB, 4 MB goal, 0 MB stacks, 0 MB globals, 8 P
gc 1241 @7.939s 4%: 0.10+0.89+0.091 ms clock, 0.82+0.49/0.83/0+0.73 ms cpu, 3->3->1 MB, 4 MB goal, 0 MB stacks, 0 MB globals, 8 P
gc 1242 @7.943s 4%: 0.11+0.74+0.10 ms clock, 0.95+0.73/0.79/0+0.82 ms cpu, 3->3->1 MB, 4 MB goal, 0 MB stacks, 0 MB globals, 8 P
gc 1243 @7.946s 4%: 0.10+0.66+0.092 ms clock, 0.80+0.76/0.78/0+0.74 ms cpu, 3->3->1 MB, 4 MB goal, 0 MB stacks, 0 MB globals, 8 P
gc 1244 @7.949s 4%: 0.082+0.48+0.13 ms clock, 0.65+0.92/0.66/0+1.0 ms cpu, 3->3->1 MB, 4 MB goal, 0 MB stacks, 0 MB globals, 8 P
gc 1245 @7.952s 4%: 0.089+0.99+0.10 ms clock, 0.71+0.64/0.92/0+0.80 ms cpu, 3->4->1 MB, 4 MB goal, 0 MB stacks, 0 MB globals, 8 P
gc 1246 @7.955s 4%: 0.079+0.57+0.10 ms clock, 0.63+0.83/0.76/0+0.81 ms cpu, 3->3->1 MB, 4 MB goal, 0 MB stacks, 0 MB globals, 8 P
gc 1247 @7.958s 4%: 0.10+0.93+0.099 ms clock, 0.80+0.77/0.73/0+0.79 ms cpu, 3->3->1 MB, 4 MB goal, 0 MB stacks, 0 MB globals, 8 P
gc 1248 @7.961s 4%: 0.11+0.79+0.086 ms clock, 0.94+0.75/0.68/0+0.69 ms cpu, 3->3->1 MB, 4 MB goal, 0 MB stacks, 0 MB globals, 8 P
gc 1249 @7.965s 4%: 0.10+0.60+0.11 ms clock, 0.82+0.72/0.83/0+0.90 ms cpu, 3->3->1 MB, 4 MB goal, 0 MB stacks, 0 MB globals, 8 P
gc 1250 @7.968s 4%: 0.12+0.87+0.067 ms clock, 1.0+0.82/0.73/0+0.53 ms cpu, 3->3->1 MB, 4 MB goal, 0 MB stacks, 0 MB globals, 8 P
gc 1251 @7.971s 4%: 0.10+1.2+0.071 ms clock, 0.86+0.95/0.50/0+0.56 ms cpu, 3->3->1 MB, 4 MB goal, 0 MB stacks, 0 MB globals, 8 P
gc 1252 @7.974s 4%: 0.12+1.2+0.098 ms clock, 0.96+0.90/1.0/0.010+0.78 ms cpu, 3->4->1 MB, 4 MB goal, 0 MB stacks, 0 MB globals, 8 P
gc 1253 @7.978s 4%: 0.090+0.46+0.072 ms clock, 0.72+0.98/0.54/0+0.57 ms cpu, 3->3->1 MB, 4 MB goal, 0 MB stacks, 0 MB globals, 8 P
gc 1254 @7.980s 4%: 0.092+0.66+0.094 ms clock, 0.73+0.85/0.76/0+0.75 ms cpu, 3->3->1 MB, 4 MB goal, 0 MB stacks, 0 MB globals, 8 P
gc 1255 @7.984s 4%: 0.14+0.60+0.094 ms clock, 1.1+0.70/0.74/0+0.75 ms cpu, 3->3->1 MB, 4 MB goal, 0 MB stacks, 0 MB globals, 8 P
gc 1256 @7.987s 4%: 0.16+0.69+0.10 ms clock, 1.2+0.85/0.78/0+0.83 ms cpu, 3->3->1 MB, 4 MB goal, 0 MB stacks, 0 MB globals, 8 P
gc 1257 @7.990s 4%: 0.10+0.61+0.074 ms clock, 0.84+0.71/0.80/0+0.59 ms cpu, 3->3->1 MB, 4 MB goal, 0 MB stacks, 0 MB globals, 8 P
gc 1258 @7.993s 4%: 0.12+0.89+0.086 ms clock, 1.0+0.73/0.78/0+0.69 ms cpu, 3->3->1 MB, 4 MB goal, 0 MB stacks, 0 MB globals, 8 P
gc 1259 @7.996s 4%: 0.10+1.1+0.091 ms clock, 0.80+0.78/0.76/0+0.73 ms cpu, 3->4->1 MB, 4 MB goal, 0 MB stacks, 0 MB globals, 8 P
gc 1260 @8.000s 4%: 0.11+0.56+0.069 ms clock, 0.93+0.80/0.76/0+0.55 ms cpu, 3->3->1 MB, 4 MB goal, 0 MB stacks, 0 MB globals, 8 P
gc 1261 @8.003s 4%: 0.087+0.83+0.078 ms clock, 0.70+0.79/0.85/0+0.62 ms cpu, 3->3->1 MB, 4 MB goal, 0 MB stacks, 0 MB globals, 8 P
gc 1262 @8.006s 4%: 0.10+0.88+0.079 ms clock, 0.80+0.68/0.85/0+0.63 ms cpu, 3->3->1 MB, 4 MB goal, 0 MB stacks, 0 MB globals, 8 P
gc 1263 @8.009s 4%: 0.094+0.53+0.089 ms clock, 0.75+0.89/0.69/0+0.71 ms cpu, 3->3->1 MB, 4 MB goal, 0 MB stacks, 0 MB globals, 8 P
gc 1264 @8.012s 4%: 0.12+0.48+0.10 ms clock, 0.99+0.84/0.68/0+0.83 ms cpu, 3->3->1 MB, 4 MB goal, 0 MB stacks, 0 MB globals, 8 P
gc 1265 @8.015s 4%: 0.10+0.64+0.055 ms clock, 0.83+0.68/0.86/0+0.44 ms cpu, 3->3->1 MB, 4 MB goal, 0 MB stacks, 0 MB globals, 8 P
gc 1266 @8.018s 4%: 0.11+0.52+0.051 ms clock, 0.93+0.55/0.75/0+0.41 ms cpu, 3->3->1 MB, 4 MB goal, 0 MB stacks, 0 MB globals, 8 P
gc 1267 @8.021s 4%: 0.092+0.69+0.073 ms clock, 0.74+0.64/0.91/0+0.58 ms cpu, 3->3->1 MB, 4 MB goal, 0 MB stacks, 0 MB globals, 8 P
gc 1268 @8.024s 4%: 0.13+1.0+0.049 ms clock, 1.1+0.70/0.79/0+0.39 ms cpu, 3->3->1 MB, 4 MB goal, 0 MB stacks, 0 MB globals, 8 P
gc 1269 @8.027s 4%: 0.13+0.85+0.062 ms clock, 1.1+0.84/0.75/0+0.50 ms cpu, 3->4->1 MB, 4 MB goal, 0 MB stacks, 0 MB globals, 8 P
gc 1270 @8.031s 4%: 0.093+0.59+0.077 ms clock, 0.74+0.73/0.77/0+0.62 ms cpu, 3->3->1 MB, 4 MB goal, 0 MB stacks, 0 MB globals, 8 P
gc 1271 @8.034s 4%: 0.088+0.54+0.088 ms clock, 0.70+0.77/0.73/0+0.70 ms cpu, 3->3->1 MB, 4 MB goal, 0 MB stacks, 0 MB globals, 8 P
gc 1272 @8.037s 4%: 0.12+0.53+0.088 ms clock, 1.0+0.84/0.73/0+0.70 ms cpu, 3->3->1 MB, 4 MB goal, 0 MB stacks, 0 MB globals, 8 P
gc 1273 @8.040s 4%: 0.077+0.60+0.082 ms clock, 0.62+0.79/0.78/0+0.65 ms cpu, 3->3->1 MB, 4 MB goal, 0 MB stacks, 0 MB globals, 8 P
gc 1274 @8.043s 4%: 0.088+0.53+0.061 ms clock, 0.70+0.75/0.72/0+0.49 ms cpu, 3->3->1 MB, 4 MB goal, 0 MB stacks, 0 MB globals, 8 P
gc 1275 @8.046s 4%: 0.10+0.60+0.080 ms clock, 0.84+0.80/0.75/0+0.64 ms cpu, 3->3->1 MB, 4 MB goal, 0 MB stacks, 0 MB globals, 8 P
gc 1276 @8.049s 4%: 0.10+1.1+0.047 ms clock, 0.87+0.68/0.75/0+0.37 ms cpu, 3->3->1 MB, 4 MB goal, 0 MB stacks, 0 MB globals, 8 P
gc 1277 @8.052s 4%: 0.066+0.75+0.074 ms clock, 0.53+0.89/0.71/0+0.59 ms cpu, 3->3->1 MB, 4 MB goal, 0 MB stacks, 0 MB globals, 8 P
gc 1278 @8.056s 4%: 0.10+1.0+0.064 ms clock, 0.87+0.76/0.71/0+0.51 ms cpu, 3->3->1 MB, 4 MB goal, 0 MB stacks, 0 MB globals, 8 P
gc 1279 @8.059s 4%: 0.070+0.58+0.10 ms clock, 0.56+0.81/0.68/0+0.83 ms cpu, 3->3->1 MB, 4 MB goal, 0 MB stacks, 0 MB globals, 8 P
gc 1280 @8.062s 4%: 0.10+0.98+0.10 ms clock, 0.81+0.47/0.83/0+0.81 ms cpu, 3->3->1 MB, 4 MB goal, 0 MB stacks, 0 MB globals, 8 P
gc 1281 @8.065s 4%: 0.10+0.55+0.095 ms clock, 0.83+0.68/0.82/0+0.76 ms cpu, 3->3->1 MB, 4 MB goal, 0 MB stacks, 0 MB globals, 8 P
gc 1282 @8.068s 4%: 0.10+0.56+0.10 ms clock, 0.86+0.78/0.70/0+0.81 ms cpu, 3->3->1 MB, 4 MB goal, 0 MB stacks, 0 MB globals, 8 P
gc 1283 @8.071s 4%: 0.068+0.50+0.067 ms clock, 0.55+0.72/0.70/0+0.53 ms cpu, 3->3->1 MB, 4 MB goal, 0 MB stacks, 0 MB globals, 8 P
gc 1284 @8.074s 4%: 0.12+0.58+0.12 ms clock, 0.97+0.66/0.79/0+1.0 ms cpu, 3->3->1 MB, 4 MB goal, 0 MB stacks, 0 MB globals, 8 P
gc 1285 @8.077s 4%: 0.13+1.2+0.074 ms clock, 1.0+0.71/0.85/0+0.59 ms cpu, 3->4->1 MB, 4 MB goal, 0 MB stacks, 0 MB globals, 8 P
gc 1286 @8.081s 4%: 0.097+1.2+0.034 ms clock, 0.78+0.65/1.0/0+0.27 ms cpu, 3->4->1 MB, 4 MB goal, 0 MB stacks, 0 MB globals, 8 P
gc 1287 @8.085s 4%: 0.11+0.92+0.042 ms clock, 0.94+0.66/0.72/0+0.34 ms cpu, 3->3->1 MB, 4 MB goal, 0 MB stacks, 0 MB globals, 8 P
gc 1288 @8.088s 4%: 0.11+0.97+0.054 ms clock, 0.93+0.81/0.74/0+0.43 ms cpu, 3->3->1 MB, 4 MB goal, 0 MB stacks, 0 MB globals, 8 P
gc 1289 @8.091s 4%: 0.10+0.83+0.10 ms clock, 0.82+0.70/0.86/0+0.80 ms cpu, 3->3->1 MB, 4 MB goal, 0 MB stacks, 0 MB globals, 8 P
gc 1290 @8.094s 4%: 0.11+0.60+0.094 ms clock, 0.95+0.77/0.69/0+0.75 ms cpu, 3->3->1 MB, 4 MB goal, 0 MB stacks, 0 MB globals, 8 P
gc 1291 @8.097s 4%: 0.10+0.57+0.064 ms clock, 0.87+0.75/0.71/0+0.51 ms cpu, 3->3->1 MB, 4 MB goal, 0 MB stacks, 0 MB globals, 8 P
gc 1292 @8.100s 4%: 0.13+1.0+0.10 ms clock, 1.0+0.83/0.81/0+0.80 ms cpu, 3->3->1 MB, 4 MB goal, 0 MB stacks, 0 MB globals, 8 P
gc 1293 @8.104s 4%: 0.11+0.89+0.074 ms clock, 0.93+0.84/0.70/0+0.59 ms cpu, 3->3->1 MB, 4 MB goal, 0 MB stacks, 0 MB globals, 8 P
gc 1294 @8.107s 4%: 0.094+0.87+0.080 ms clock, 0.75+0.66/0.80/0+0.64 ms cpu, 3->3->1 MB, 4 MB goal, 0 MB stacks, 0 MB globals, 8 P
gc 1295 @8.110s 4%: 0.12+1.1+0.087 ms clock, 1.0+0.72/0.80/0+0.70 ms cpu, 3->4->1 MB, 4 MB goal, 0 MB stacks, 0 MB globals, 8 P
gc 1296 @8.113s 4%: 0.12+0.66+0.068 ms clock, 0.99+0.84/0.86/0+0.55 ms cpu, 3->3->1 MB, 4 MB goal, 0 MB stacks, 0 MB globals, 8 P
gc 1297 @8.116s 4%: 0.11+0.56+0.080 ms clock, 0.88+0.93/0.66/0+0.64 ms cpu, 3->3->1 MB, 4 MB goal, 0 MB stacks, 0 MB globals, 8 P
gc 1298 @8.119s 4%: 0.11+1.1+0.099 ms clock, 0.89+0.66/0.76/0+0.79 ms cpu, 3->3->1 MB, 4 MB goal, 0 MB stacks, 0 MB globals, 8 P
gc 1299 @8.123s 4%: 0.13+0.90+0.054 ms clock, 1.0+0.55/0.83/0+0.43 ms cpu, 3->4->1 MB, 4 MB goal, 0 MB stacks, 0 MB globals, 8 P
gc 1300 @8.126s 4%: 0.11+0.94+0.074 ms clock, 0.95+0.74/0.78/0+0.59 ms cpu, 3->3->1 MB, 4 MB goal, 0 MB stacks, 0 MB globals, 8 P
gc 1301 @8.129s 4%: 0.14+0.55+0.067 ms clock, 1.1+0.78/0.76/0+0.53 ms cpu, 3->3->1 MB, 4 MB goal, 0 MB stacks, 0 MB globals, 8 P
gc 1302 @8.132s 4%: 0.11+1.0+0.10 ms clock, 0.89+0.64/0.85/0+0.85 ms cpu, 3->3->1 MB, 4 MB goal, 0 MB stacks, 0 MB globals, 8 P
gc 1303 @8.135s 4%: 0.10+0.51+0.12 ms clock, 0.85+0.79/0.71/0+0.96 ms cpu, 3->3->1 MB, 4 MB goal, 0 MB stacks, 0 MB globals, 8 P
gc 1304 @8.138s 4%: 0.090+0.66+0.049 ms clock, 0.72+0.79/0.81/0+0.39 ms cpu, 3->3->1 MB, 4 MB goal, 0 MB stacks, 0 MB globals, 8 P
gc 1305 @8.142s 4%: 0.15+1.3+0.096 ms clock, 1.2+0.42/0.85/0+0.77 ms cpu, 3->4->1 MB, 4 MB goal, 0 MB stacks, 0 MB globals, 8 P
gc 1306 @8.145s 4%: 0.12+0.67+0.10 ms clock, 0.97+0.78/0.80/0+0.81 ms cpu, 3->3->1 MB, 4 MB goal, 0 MB stacks, 0 MB globals, 8 P
gc 1307 @8.148s 4%: 0.13+0.68+0.077 ms clock, 1.0+0.64/0.81/0+0.62 ms cpu, 3->3->1 MB, 4 MB goal, 0 MB stacks, 0 MB globals, 8 P
gc 1308 @8.151s 4%: 0.096+0.79+0.054 ms clock, 0.77+0.68/0.75/0+0.43 ms cpu, 3->3->1 MB, 4 MB goal, 0 MB stacks, 0 MB globals, 8 P
gc 1309 @8.155s 4%: 0.10+0.62+0.10 ms clock, 0.86+0.73/0.78/0+0.81 ms cpu, 3->3->1 MB, 4 MB goal, 0 MB stacks, 0 MB globals, 8 P
gc 1310 @8.158s 4%: 0.14+0.64+0.11 ms clock, 1.1+0.93/0.75/0+0.94 ms cpu, 3->3->1 MB, 4 MB goal, 0 MB stacks, 0 MB globals, 8 P
gc 1311 @8.161s 4%: 0.10+0.92+0.083 ms clock, 0.86+0.78/0.74/0+0.67 ms cpu, 3->3->1 MB, 4 MB goal, 0 MB stacks, 0 MB globals, 8 P
gc 1312 @8.164s 4%: 0.11+0.57+0.094 ms clock, 0.92+0.83/0.83/0+0.75 ms cpu, 3->3->1 MB, 4 MB goal, 0 MB stacks, 0 MB globals, 8 P
gc 1313 @8.167s 4%: 0.074+0.57+0.099 ms clock, 0.59+0.87/0.64/0+0.79 ms cpu, 3->3->1 MB, 4 MB goal, 0 MB stacks, 0 MB globals, 8 P
gc 1314 @8.170s 4%: 0.093+1.6+0.074 ms clock, 0.75+0.67/0.90/0+0.59 ms cpu, 3->4->2 MB, 4 MB goal, 0 MB stacks, 0 MB globals, 8 P
gc 1315 @8.174s 4%: 0.11+0.92+0.096 ms clock, 0.95+0.87/0.73/0+0.77 ms cpu, 3->4->1 MB, 4 MB goal, 0 MB stacks, 0 MB globals, 8 P
gc 1316 @8.177s 4%: 0.092+0.52+0.099 ms clock, 0.73+0.88/0.65/0+0.79 ms cpu, 3->3->1 MB, 4 MB goal, 0 MB stacks, 0 MB globals, 8 P
gc 1317 @8.180s 4%: 0.098+0.56+0.079 ms clock, 0.78+0.68/0.78/0+0.63 ms cpu, 3->3->1 MB, 4 MB goal, 0 MB stacks, 0 MB globals, 8 P
gc 1318 @8.183s 4%: 0.10+0.54+0.12 ms clock, 0.82+0.74/0.73/0+0.99 ms cpu, 3->3->1 MB, 4 MB goal, 0 MB stacks, 0 MB globals, 8 P
gc 1319 @8.186s 4%: 0.097+0.45+0.076 ms clock, 0.77+0.94/0.54/0+0.60 ms cpu, 3->3->1 MB, 4 MB goal, 0 MB stacks, 0 MB globals, 8 P
gc 1320 @8.189s 4%: 0.090+0.60+0.084 ms clock, 0.72+0.76/0.75/0+0.67 ms cpu, 3->3->1 MB, 4 MB goal, 0 MB stacks, 0 MB globals, 8 P
gc 1321 @8.192s 4%: 0.13+0.53+0.051 ms clock, 1.0+0.85/0.69/0+0.41 ms cpu, 3->3->1 MB, 4 MB goal, 0 MB stacks, 0 MB globals, 8 P
gc 1322 @8.195s 4%: 0.064+0.61+0.087 ms clock, 0.51+0.74/0.79/0+0.70 ms cpu, 3->3->1 MB, 4 MB goal, 0 MB stacks, 0 MB globals, 8 P
gc 1323 @8.198s 4%: 0.092+0.56+0.061 ms clock, 0.73+0.82/0.73/0+0.49 ms cpu, 3->3->1 MB, 4 MB goal, 0 MB stacks, 0 MB globals, 8 P
gc 1324 @8.201s 4%: 0.14+0.86+0.068 ms clock, 1.1+0.62/0.72/0+0.54 ms cpu, 3->3->1 MB, 4 MB goal, 0 MB stacks, 0 MB globals, 8 P
gc 1325 @8.205s 4%: 0.095+0.99+0.060 ms clock, 0.76+0.81/0.76/0+0.48 ms cpu, 3->3->1 MB, 4 MB goal, 0 MB stacks, 0 MB globals, 8 P
gc 1326 @8.208s 4%: 0.14+1.0+0.075 ms clock, 1.1+0.70/0.74/0+0.60 ms cpu, 3->3->1 MB, 4 MB goal, 0 MB stacks, 0 MB globals, 8 P
gc 1327 @8.211s 4%: 0.10+0.70+0.055 ms clock, 0.82+0.82/0.70/0+0.44 ms cpu, 3->3->1 MB, 4 MB goal, 0 MB stacks, 0 MB globals, 8 P
gc 1328 @8.214s 4%: 0.10+0.64+0.11 ms clock, 0.84+0.81/0.66/0+0.88 ms cpu, 3->3->1 MB, 4 MB goal, 0 MB stacks, 0 MB globals, 8 P
gc 1329 @8.217s 4%: 0.10+0.63+0.058 ms clock, 0.84+0.81/0.81/0+0.46 ms cpu, 3->3->1 MB, 4 MB goal, 0 MB stacks, 0 MB globals, 8 P
gc 1330 @8.221s 4%: 0.10+1.0+0.086 ms clock, 0.83+0.72/1.2/0+0.68 ms cpu, 3->3->1 MB, 4 MB goal, 0 MB stacks, 0 MB globals, 8 P
gc 1331 @8.225s 4%: 0.099+1.2+0.080 ms clock, 0.79+0.56/0.88/0+0.64 ms cpu, 3->4->2 MB, 4 MB goal, 0 MB stacks, 0 MB globals, 8 P
gc 1332 @8.228s 4%: 0.12+0.66+0.094 ms clock, 0.96+0.83/0.84/0+0.75 ms cpu, 4->4->1 MB, 4 MB goal, 0 MB stacks, 0 MB globals, 8 P
gc 1333 @8.231s 4%: 0.085+0.62+0.079 ms clock, 0.68+0.77/0.79/0+0.63 ms cpu, 3->3->1 MB, 4 MB goal, 0 MB stacks, 0 MB globals, 8 P
gc 1334 @8.234s 4%: 0.13+1.0+0.10 ms clock, 1.0+0.78/0.79/0+0.82 ms cpu, 3->3->1 MB, 4 MB goal, 0 MB stacks, 0 MB globals, 8 P
gc 1335 @8.237s 4%: 0.069+0.45+0.084 ms clock, 0.55+0.81/0.69/0+0.67 ms cpu, 3->3->1 MB, 4 MB goal, 0 MB stacks, 0 MB globals, 8 P
gc 1336 @8.241s 4%: 0.14+0.83+0.076 ms clock, 1.1+0.61/0.83/0+0.61 ms cpu, 3->3->1 MB, 4 MB goal, 0 MB stacks, 0 MB globals, 8 P
gc 1337 @8.244s 4%: 0.12+0.95+0.074 ms clock, 1.0+0.78/0.85/0+0.59 ms cpu, 3->3->1 MB, 4 MB goal, 0 MB stacks, 0 MB globals, 8 P
gc 1338 @8.247s 4%: 0.083+0.51+0.066 ms clock, 0.66+0.85/0.71/0+0.53 ms cpu, 3->3->1 MB, 4 MB goal, 0 MB stacks, 0 MB globals, 8 P
gc 1339 @8.250s 4%: 0.10+0.63+0.081 ms clock, 0.86+0.68/0.75/0+0.65 ms cpu, 3->3->1 MB, 4 MB goal, 0 MB stacks, 0 MB globals, 8 P
gc 1340 @8.253s 4%: 0.17+0.61+0.079 ms clock, 1.3+0.66/0.82/0+0.63 ms cpu, 3->3->1 MB, 4 MB goal, 0 MB stacks, 0 MB globals, 8 P
gc 1341 @8.256s 4%: 0.10+0.61+0.063 ms clock, 0.84+0.80/0.76/0+0.51 ms cpu, 3->3->1 MB, 4 MB goal, 0 MB stacks, 0 MB globals, 8 P
gc 1342 @8.259s 4%: 0.067+0.47+0.086 ms clock, 0.53+0.86/0.70/0+0.69 ms cpu, 3->3->1 MB, 4 MB goal, 0 MB stacks, 0 MB globals, 8 P
gc 1343 @8.262s 4%: 0.075+0.72+0.10 ms clock, 0.60+0.64/0.74/0+0.80 ms cpu, 3->3->1 MB, 4 MB goal, 0 MB stacks, 0 MB globals, 8 P
gc 1344 @8.266s 4%: 0.10+0.94+0.092 ms clock, 0.86+0.74/0.78/0+0.74 ms cpu, 3->3->1 MB, 4 MB goal, 0 MB stacks, 0 MB globals, 8 P
gc 1345 @8.269s 4%: 0.091+0.56+0.064 ms clock, 0.73+0.80/0.78/0+0.51 ms cpu, 3->3->1 MB, 4 MB goal, 0 MB stacks, 0 MB globals, 8 P
gc 1346 @8.272s 4%: 0.12+0.65+0.054 ms clock, 1.0+0.81/0.71/0+0.43 ms cpu, 3->3->1 MB, 4 MB goal, 0 MB stacks, 0 MB globals, 8 P
gc 1347 @8.275s 4%: 0.12+0.64+0.038 ms clock, 1.0+0.73/0.79/0+0.31 ms cpu, 3->3->1 MB, 4 MB goal, 0 MB stacks, 0 MB globals, 8 P
gc 1348 @8.278s 4%: 0.12+0.64+0.10 ms clock, 0.97+0.72/0.78/0+0.80 ms cpu, 3->3->1 MB, 4 MB goal, 0 MB stacks, 0 MB globals, 8 P
gc 1349 @8.281s 4%: 0.091+0.52+0.072 ms clock, 0.73+0.89/0.72/0+0.58 ms cpu, 3->3->1 MB, 4 MB goal, 0 MB stacks, 0 MB globals, 8 P
gc 1350 @8.284s 4%: 0.075+0.56+0.096 ms clock, 0.60+0.78/0.71/0+0.77 ms cpu, 3->3->1 MB, 4 MB goal, 0 MB stacks, 0 MB globals, 8 P
gc 1351 @8.287s 4%: 0.10+1.0+0.088 ms clock, 0.81+0.75/0.75/0+0.70 ms cpu, 3->3->1 MB, 4 MB goal, 0 MB stacks, 0 MB globals, 8 P
gc 1352 @8.290s 4%: 0.11+0.65+0.070 ms clock, 0.95+0.77/0.76/0+0.56 ms cpu, 3->3->1 MB, 4 MB goal, 0 MB stacks, 0 MB globals, 8 P
gc 1353 @8.294s 4%: 0.14+0.81+0.11 ms clock, 1.1+0.83/0.66/0+0.95 ms cpu, 3->3->1 MB, 4 MB goal, 0 MB stacks, 0 MB globals, 8 P
gc 1354 @8.297s 4%: 0.095+0.82+0.075 ms clock, 0.76+0.76/0.78/0+0.60 ms cpu, 3->3->1 MB, 4 MB goal, 0 MB stacks, 0 MB globals, 8 P
gc 1355 @8.300s 4%: 0.11+1.0+0.046 ms clock, 0.90+0.71/0.87/0+0.37 ms cpu, 3->3->1 MB, 4 MB goal, 0 MB stacks, 0 MB globals, 8 P
gc 1356 @8.303s 4%: 0.086+0.54+0.064 ms clock, 0.68+0.70/0.79/0+0.51 ms cpu, 3->3->1 MB, 4 MB goal, 0 MB stacks, 0 MB globals, 8 P
gc 1357 @8.306s 4%: 0.068+0.83+0.10 ms clock, 0.55+0.80/0.74/0+0.82 ms cpu, 3->3->1 MB, 4 MB goal, 0 MB stacks, 0 MB globals, 8 P
gc 1358 @8.309s 4%: 0.10+0.59+0.11 ms clock, 0.86+0.78/0.78/0+0.88 ms cpu, 3->3->1 MB, 4 MB goal, 0 MB stacks, 0 MB globals, 8 P
gc 1359 @8.312s 4%: 0.075+0.95+0.073 ms clock, 0.60+0.66/0.88/0+0.59 ms cpu, 3->3->1 MB, 4 MB goal, 0 MB stacks, 0 MB globals, 8 P
gc 1360 @8.316s 4%: 0.083+0.61+0.074 ms clock, 0.66+0.81/0.66/0+0.59 ms cpu, 3->3->1 MB, 4 MB goal, 0 MB stacks, 0 MB globals, 8 P
gc 1361 @8.319s 4%: 0.11+0.62+0.090 ms clock, 0.93+0.78/0.75/0+0.72 ms cpu, 3->3->1 MB, 4 MB goal, 0 MB stacks, 0 MB globals, 8 P
gc 1362 @8.322s 4%: 0.10+0.61+0.075 ms clock, 0.85+0.82/0.73/0+0.60 ms cpu, 3->3->1 MB, 4 MB goal, 0 MB stacks, 0 MB globals, 8 P
gc 1363 @8.325s 4%: 0.10+1.1+0.050 ms clock, 0.83+0.64/0.77/0+0.40 ms cpu, 3->3->1 MB, 4 MB goal, 0 MB stacks, 0 MB globals, 8 P
gc 1364 @8.328s 4%: 0.13+0.53+0.089 ms clock, 1.0+0.80/0.74/0+0.71 ms cpu, 3->3->1 MB, 4 MB goal, 0 MB stacks, 0 MB globals, 8 P
gc 1365 @8.331s 4%: 0.091+0.67+0.10 ms clock, 0.73+0.76/0.73/0+0.81 ms cpu, 3->3->1 MB, 4 MB goal, 0 MB stacks, 0 MB globals, 8 P
gc 1366 @8.334s 4%: 0.10+1.1+0.042 ms clock, 0.87+0.73/0.77/0+0.34 ms cpu, 3->4->1 MB, 4 MB goal, 0 MB stacks, 0 MB globals, 8 P
gc 1367 @8.338s 4%: 0.12+0.51+0.081 ms clock, 1.0+0.80/0.70/0+0.65 ms cpu, 3->3->1 MB, 4 MB goal, 0 MB stacks, 0 MB globals, 8 P
gc 1368 @8.341s 4%: 0.098+0.90+0.041 ms clock, 0.78+0.59/0.84/0+0.32 ms cpu, 3->3->1 MB, 4 MB goal, 0 MB stacks, 0 MB globals, 8 P
gc 1369 @8.344s 4%: 0.083+1.0+0.076 ms clock, 0.67+0.78/1.1/0+0.61 ms cpu, 3->3->1 MB, 4 MB goal, 0 MB stacks, 0 MB globals, 8 P
gc 1370 @8.347s 4%: 0.091+0.51+0.10 ms clock, 0.73+0.90/0.63/0+0.80 ms cpu, 3->3->1 MB, 4 MB goal, 0 MB stacks, 0 MB globals, 8 P
gc 1371 @8.350s 4%: 0.086+0.54+0.12 ms clock, 0.69+0.78/0.76/0+0.97 ms cpu, 3->3->1 MB, 4 MB goal, 0 MB stacks, 0 MB globals, 8 P
gc 1372 @8.353s 4%: 0.13+0.84+0.092 ms clock, 1.0+0.86/0.74/0+0.73 ms cpu, 3->3->1 MB, 4 MB goal, 0 MB stacks, 0 MB globals, 8 P
gc 1373 @8.357s 4%: 0.10+0.67+0.11 ms clock, 0.85+0.64/0.90/0+0.95 ms cpu, 3->3->1 MB, 4 MB goal, 0 MB stacks, 0 MB globals, 8 P
gc 1374 @8.360s 4%: 0.11+0.77+0.074 ms clock, 0.91+0.73/0.77/0+0.59 ms cpu, 3->3->1 MB, 4 MB goal, 0 MB stacks, 0 MB globals, 8 P
gc 1375 @8.363s 4%: 0.11+0.56+0.091 ms clock, 0.95+0.67/0.78/0+0.73 ms cpu, 3->3->1 MB, 4 MB goal, 0 MB stacks, 0 MB globals, 8 P
gc 1376 @8.366s 4%: 0.14+0.80+0.042 ms clock, 1.1+0.57/0.72/0+0.33 ms cpu, 3->3->1 MB, 4 MB goal, 0 MB stacks, 0 MB globals, 8 P
gc 1377 @8.369s 4%: 0.096+0.62+0.057 ms clock, 0.77+0.90/0.84/0+0.46 ms cpu, 3->3->1 MB, 4 MB goal, 0 MB stacks, 0 MB globals, 8 P
gc 1378 @8.372s 4%: 0.089+0.54+0.096 ms clock, 0.71+0.76/0.76/0+0.77 ms cpu, 3->3->1 MB, 4 MB goal, 0 MB stacks, 0 MB globals, 8 P
gc 1379 @8.375s 4%: 0.14+0.53+0.066 ms clock, 1.1+0.79/0.70/0+0.53 ms cpu, 3->3->1 MB, 4 MB goal, 0 MB stacks, 0 MB globals, 8 P
gc 1380 @8.378s 4%: 0.10+0.58+0.082 ms clock, 0.84+0.76/0.77/0+0.65 ms cpu, 3->3->1 MB, 4 MB goal, 0 MB stacks, 0 MB globals, 8 P
gc 1381 @8.381s 4%: 0.099+0.94+0.10 ms clock, 0.79+0.80/0.80/0+0.86 ms cpu, 3->3->1 MB, 4 MB goal, 0 MB stacks, 0 MB globals, 8 P
gc 1382 @8.385s 4%: 0.16+1.1+0.074 ms clock, 1.3+0.65/0.75/0+0.59 ms cpu, 3->3->1 MB, 4 MB goal, 0 MB stacks, 0 MB globals, 8 P
gc 1383 @8.388s 4%: 0.10+0.86+0.070 ms clock, 0.82+0.79/0.80/0+0.56 ms cpu, 3->4->1 MB, 4 MB goal, 0 MB stacks, 0 MB globals, 8 P
gc 1384 @8.391s 4%: 0.11+0.60+0.12 ms clock, 0.89+0.82/0.71/0+0.99 ms cpu, 3->3->1 MB, 4 MB goal, 0 MB stacks, 0 MB globals, 8 P
gc 1385 @8.394s 4%: 0.13+0.98+0.11 ms clock, 1.1+0.85/0.68/0+0.92 ms cpu, 3->3->1 MB, 4 MB goal, 0 MB stacks, 0 MB globals, 8 P
gc 1386 @8.398s 4%: 0.11+0.65+0.071 ms clock, 0.90+0.73/0.79/0+0.57 ms cpu, 3->3->1 MB, 4 MB goal, 0 MB stacks, 0 MB globals, 8 P
gc 1387 @8.401s 4%: 0.11+1.1+0.073 ms clock, 0.89+0.68/0.86/0+0.58 ms cpu, 3->3->1 MB, 4 MB goal, 0 MB stacks, 0 MB globals, 8 P
gc 1388 @8.404s 4%: 0.10+0.56+0.088 ms clock, 0.81+0.75/0.81/0+0.70 ms cpu, 3->3->1 MB, 4 MB goal, 0 MB stacks, 0 MB globals, 8 P
gc 1389 @8.407s 4%: 0.092+0.78+0.085 ms clock, 0.73+0.77/0.70/0+0.68 ms cpu, 3->3->1 MB, 4 MB goal, 0 MB stacks, 0 MB globals, 8 P
gc 1390 @8.410s 4%: 0.14+0.72+0.082 ms clock, 1.1+0.73/0.81/0+0.66 ms cpu, 3->3->1 MB, 4 MB goal, 0 MB stacks, 0 MB globals, 8 P
gc 1391 @8.413s 4%: 0.15+1.2+0.066 ms clock, 1.2+0.66/0.74/0+0.52 ms cpu, 3->3->1 MB, 4 MB goal, 0 MB stacks, 0 MB globals, 8 P
gc 1392 @8.417s 4%: 0.10+0.55+0.12 ms clock, 0.84+0.66/0.76/0+0.98 ms cpu, 3->3->1 MB, 4 MB goal, 0 MB stacks, 0 MB globals, 8 P
gc 1393 @8.420s 4%: 0.091+0.52+0.058 ms clock, 0.73+0.65/0.72/0+0.46 ms cpu, 3->3->1 MB, 4 MB goal, 0 MB stacks, 0 MB globals, 8 P
gc 1394 @8.423s 4%: 0.11+1.2+0.092 ms clock, 0.93+0.75/0.80/0+0.73 ms cpu, 3->4->1 MB, 4 MB goal, 0 MB stacks, 0 MB globals, 8 P
gc 1395 @8.426s 4%: 0.12+0.99+0.086 ms clock, 0.96+0.62/0.70/0+0.69 ms cpu, 3->4->1 MB, 4 MB goal, 0 MB stacks, 0 MB globals, 8 P
gc 1396 @8.430s 4%: 0.11+0.50+0.097 ms clock, 0.90+0.75/0.69/0+0.77 ms cpu, 3->3->1 MB, 4 MB goal, 0 MB stacks, 0 MB globals, 8 P
gc 1397 @8.433s 4%: 0.12+0.61+0.064 ms clock, 0.96+0.84/0.81/0+0.51 ms cpu, 3->3->1 MB, 4 MB goal, 0 MB stacks, 0 MB globals, 8 P
gc 1398 @8.436s 4%: 0.13+0.51+0.092 ms clock, 1.0+0.74/0.78/0+0.73 ms cpu, 3->3->1 MB, 4 MB goal, 0 MB stacks, 0 MB globals, 8 P
gc 1399 @8.439s 4%: 0.082+0.78+0.091 ms clock, 0.65+0.70/0.78/0+0.73 ms cpu, 3->3->1 MB, 4 MB goal, 0 MB stacks, 0 MB globals, 8 P
gc 1400 @8.442s 4%: 0.12+0.62+0.093 ms clock, 0.97+0.81/0.71/0+0.75 ms cpu, 3->3->1 MB, 4 MB goal, 0 MB stacks, 0 MB globals, 8 P
gc 1401 @8.445s 4%: 0.11+0.59+0.068 ms clock, 0.89+0.65/0.81/0+0.54 ms cpu, 3->3->1 MB, 4 MB goal, 0 MB stacks, 0 MB globals, 8 P
gc 1402 @8.448s 4%: 0.12+0.57+0.079 ms clock, 1.0+0.80/0.74/0+0.63 ms cpu, 3->3->1 MB, 4 MB goal, 0 MB stacks, 0 MB globals, 8 P
gc 1403 @8.451s 4%: 0.10+0.85+0.080 ms clock, 0.85+0.73/0.75/0+0.64 ms cpu, 3->3->1 MB, 4 MB goal, 0 MB stacks, 0 MB globals, 8 P
gc 1404 @8.454s 4%: 0.10+0.85+0.073 ms clock, 0.83+0.78/0.72/0+0.59 ms cpu, 3->3->1 MB, 4 MB goal, 0 MB stacks, 0 MB globals, 8 P
gc 1405 @8.458s 4%: 0.084+0.62+0.096 ms clock, 0.67+0.59/0.79/0+0.77 ms cpu, 3->3->1 MB, 4 MB goal, 0 MB stacks, 0 MB globals, 8 P
gc 1406 @8.461s 4%: 0.075+0.56+0.061 ms clock, 0.60+0.82/0.81/0+0.48 ms cpu, 3->3->1 MB, 4 MB goal, 0 MB stacks, 0 MB globals, 8 P
gc 1407 @8.464s 4%: 0.12+0.59+0.10 ms clock, 0.98+0.62/0.86/0+0.80 ms cpu, 3->3->1 MB, 4 MB goal, 0 MB stacks, 0 MB globals, 8 P
gc 1408 @8.467s 4%: 0.082+0.88+0.081 ms clock, 0.66+0.83/0.72/0+0.65 ms cpu, 3->3->1 MB, 4 MB goal, 0 MB stacks, 0 MB globals, 8 P
gc 1409 @8.470s 4%: 0.12+0.76+0.11 ms clock, 0.96+0.74/0.78/0+0.94 ms cpu, 3->3->1 MB, 4 MB goal, 0 MB stacks, 0 MB globals, 8 P
gc 1410 @8.473s 4%: 0.066+0.55+0.088 ms clock, 0.53+0.80/0.74/0+0.70 ms cpu, 3->3->1 MB, 4 MB goal, 0 MB stacks, 0 MB globals, 8 P
gc 1411 @8.476s 4%: 0.11+0.58+0.096 ms clock, 0.94+0.50/0.79/0+0.77 ms cpu, 3->3->1 MB, 4 MB goal, 0 MB stacks, 0 MB globals, 8 P
gc 1412 @8.479s 4%: 0.087+1.1+0.095 ms clock, 0.70+0.69/0.81/0+0.76 ms cpu, 3->3->1 MB, 4 MB goal, 0 MB stacks, 0 MB globals, 8 P
gc 1413 @8.483s 4%: 0.13+0.65+0.093 ms clock, 1.0+0.76/0.83/0+0.74 ms cpu, 3->3->1 MB, 4 MB goal, 0 MB stacks, 0 MB globals, 8 P
gc 1414 @8.486s 4%: 0.15+0.80+0.048 ms clock, 1.2+0.79/0.71/0+0.38 ms cpu, 3->3->1 MB, 4 MB goal, 0 MB stacks, 0 MB globals, 8 P
gc 1415 @8.489s 4%: 0.11+0.79+0.058 ms clock, 0.95+0.67/0.82/0+0.46 ms cpu, 3->3->1 MB, 4 MB goal, 0 MB stacks, 0 MB globals, 8 P
gc 1416 @8.492s 4%: 0.090+0.58+0.083 ms clock, 0.72+0.75/0.78/0+0.66 ms cpu, 3->3->1 MB, 4 MB goal, 0 MB stacks, 0 MB globals, 8 P
gc 1417 @8.495s 4%: 0.097+1.0+0.099 ms clock, 0.78+0.51/0.94/0+0.79 ms cpu, 3->3->1 MB, 4 MB goal, 0 MB stacks, 0 MB globals, 8 P
gc 1418 @8.498s 4%: 0.099+0.85+0.063 ms clock, 0.79+0.71/0.77/0+0.50 ms cpu, 3->3->1 MB, 4 MB goal, 0 MB stacks, 0 MB globals, 8 P
gc 1419 @8.502s 4%: 0.088+0.50+0.089 ms clock, 0.70+0.76/0.76/0+0.71 ms cpu, 3->3->1 MB, 4 MB goal, 0 MB stacks, 0 MB globals, 8 P
gc 1420 @8.505s 4%: 0.085+0.74+0.098 ms clock, 0.68+0.80/0.74/0+0.78 ms cpu, 3->3->1 MB, 4 MB goal, 0 MB stacks, 0 MB globals, 8 P
gc 1421 @8.508s 4%: 0.086+0.64+0.14 ms clock, 0.69+0.81/0.82/0+1.1 ms cpu, 3->3->1 MB, 4 MB goal, 0 MB stacks, 0 MB globals, 8 P
gc 1422 @8.511s 4%: 0.073+0.52+0.083 ms clock, 0.58+0.78/0.70/0+0.66 ms cpu, 3->3->1 MB, 4 MB goal, 0 MB stacks, 0 MB globals, 8 P
gc 1423 @8.514s 4%: 0.058+0.62+0.046 ms clock, 0.46+0.71/0.73/0+0.37 ms cpu, 3->3->1 MB, 4 MB goal, 0 MB stacks, 0 MB globals, 8 P
gc 1424 @8.517s 4%: 0.098+0.52+0.081 ms clock, 0.78+0.87/0.66/0+0.65 ms cpu, 3->3->1 MB, 4 MB goal, 0 MB stacks, 0 MB globals, 8 P
gc 1425 @8.520s 5%: 0.11+0.58+0.088 ms clock, 0.92+0.73/0.77/0+0.71 ms cpu, 3->3->1 MB, 4 MB goal, 0 MB stacks, 0 MB globals, 8 P
gc 1426 @8.523s 5%: 0.094+0.52+0.084 ms clock, 0.75+0.69/0.75/0+0.67 ms cpu, 3->3->1 MB, 4 MB goal, 0 MB stacks, 0 MB globals, 8 P
gc 1427 @8.526s 5%: 0.094+0.54+0.090 ms clock, 0.75+0.72/0.74/0+0.72 ms cpu, 3->3->1 MB, 4 MB goal, 0 MB stacks, 0 MB globals, 8 P
gc 1428 @8.529s 5%: 0.14+1.4+0.083 ms clock, 1.1+0.96/0.52/0+0.66 ms cpu, 3->4->1 MB, 4 MB goal, 0 MB stacks, 0 MB globals, 8 P
gc 1429 @8.533s 5%: 0.22+0.56+0.12 ms clock, 1.7+0.79/0.76/0+0.97 ms cpu, 3->3->1 MB, 4 MB goal, 0 MB stacks, 0 MB globals, 8 P
gc 1430 @8.536s 5%: 0.094+0.89+0.12 ms clock, 0.75+0.51/0.87/0+0.98 ms cpu, 3->3->1 MB, 4 MB goal, 0 MB stacks, 0 MB globals, 8 P
gc 1431 @8.539s 5%: 0.13+0.58+0.10 ms clock, 1.0+0.72/0.75/0+0.84 ms cpu, 3->3->1 MB, 4 MB goal, 0 MB stacks, 0 MB globals, 8 P
gc 1432 @8.542s 5%: 0.11+0.60+0.062 ms clock, 0.88+0.67/0.85/0+0.50 ms cpu, 3->3->1 MB, 4 MB goal, 0 MB stacks, 0 MB globals, 8 P
gc 1433 @8.545s 5%: 0.11+0.58+0.087 ms clock, 0.95+0.64/0.79/0+0.70 ms cpu, 3->3->1 MB, 4 MB goal, 0 MB stacks, 0 MB globals, 8 P
gc 1434 @8.548s 5%: 0.13+0.59+0.13 ms clock, 1.0+0.75/0.74/0+1.1 ms cpu, 3->3->1 MB, 4 MB goal, 0 MB stacks, 0 MB globals, 8 P
gc 1435 @8.552s 5%: 0.11+0.51+0.068 ms clock, 0.92+0.79/0.71/0+0.55 ms cpu, 3->3->1 MB, 4 MB goal, 0 MB stacks, 0 MB globals, 8 P
gc 1436 @8.555s 5%: 0.11+0.57+0.11 ms clock, 0.93+0.79/0.73/0+0.95 ms cpu, 3->3->1 MB, 4 MB goal, 0 MB stacks, 0 MB globals, 8 P
gc 1437 @8.558s 5%: 0.086+0.58+0.11 ms clock, 0.69+0.71/0.79/0+0.92 ms cpu, 3->3->1 MB, 4 MB goal, 0 MB stacks, 0 MB globals, 8 P
gc 1438 @8.561s 5%: 0.078+0.65+0.094 ms clock, 0.62+0.76/0.83/0+0.75 ms cpu, 3->3->1 MB, 4 MB goal, 0 MB stacks, 0 MB globals, 8 P
gc 1439 @8.564s 5%: 0.083+0.47+0.072 ms clock, 0.66+0.83/0.65/0+0.58 ms cpu, 3->3->1 MB, 4 MB goal, 0 MB stacks, 0 MB globals, 8 P
gc 1440 @8.567s 5%: 0.10+0.59+0.10 ms clock, 0.80+0.80/0.78/0+0.84 ms cpu, 3->3->1 MB, 4 MB goal, 0 MB stacks, 0 MB globals, 8 P
gc 1441 @8.570s 5%: 0.093+0.60+0.086 ms clock, 0.74+0.83/0.66/0+0.69 ms cpu, 3->3->1 MB, 4 MB goal, 0 MB stacks, 0 MB globals, 8 P
gc 1442 @8.573s 5%: 0.079+0.62+0.073 ms clock, 0.63+0.79/0.77/0+0.58 ms cpu, 3->3->1 MB, 4 MB goal, 0 MB stacks, 0 MB globals, 8 P
gc 1443 @8.576s 5%: 0.10+0.50+0.090 ms clock, 0.81+0.67/0.79/0+0.72 ms cpu, 3->3->1 MB, 4 MB goal, 0 MB stacks, 0 MB globals, 8 P
gc 1444 @8.580s 5%: 0.10+0.59+0.10 ms clock, 0.80+0.75/0.70/0+0.80 ms cpu, 3->3->1 MB, 4 MB goal, 0 MB stacks, 0 MB globals, 8 P
gc 1445 @8.583s 5%: 0.11+0.56+0.11 ms clock, 0.88+0.77/0.81/0+0.94 ms cpu, 3->3->1 MB, 4 MB goal, 0 MB stacks, 0 MB globals, 8 P
gc 1446 @8.586s 5%: 0.099+0.61+0.11 ms clock, 0.79+0.63/0.80/0+0.88 ms cpu, 3->3->1 MB, 4 MB goal, 0 MB stacks, 0 MB globals, 8 P
gc 1447 @8.589s 5%: 0.12+0.53+0.099 ms clock, 0.99+0.74/0.82/0+0.79 ms cpu, 3->3->1 MB, 4 MB goal, 0 MB stacks, 0 MB globals, 8 P
gc 1448 @8.592s 5%: 0.084+0.66+0.10 ms clock, 0.67+0.74/0.86/0+0.84 ms cpu, 3->3->1 MB, 4 MB goal, 0 MB stacks, 0 MB globals, 8 P
gc 1449 @8.595s 5%: 0.080+0.58+0.050 ms clock, 0.64+0.86/0.70/0+0.40 ms cpu, 3->3->1 MB, 4 MB goal, 0 MB stacks, 0 MB globals, 8 P
gc 1450 @8.598s 5%: 0.10+0.54+0.10 ms clock, 0.87+0.75/0.68/0+0.86 ms cpu, 3->3->1 MB, 4 MB goal, 0 MB stacks, 0 MB globals, 8 P
gc 1451 @8.601s 5%: 0.087+0.67+0.10 ms clock, 0.69+0.58/0.81/0+0.80 ms cpu, 3->3->1 MB, 4 MB goal, 0 MB stacks, 0 MB globals, 8 P
gc 1452 @8.604s 5%: 0.11+0.56+0.10 ms clock, 0.94+0.79/0.64/0+0.87 ms cpu, 3->3->1 MB, 4 MB goal, 0 MB stacks, 0 MB globals, 8 P
gc 1453 @8.607s 5%: 0.11+0.52+0.077 ms clock, 0.90+0.64/0.81/0+0.62 ms cpu, 3->3->1 MB, 4 MB goal, 0 MB stacks, 0 MB globals, 8 P
gc 1454 @8.611s 5%: 0.086+0.58+0.072 ms clock, 0.69+0.75/0.74/0+0.58 ms cpu, 3->3->1 MB, 4 MB goal, 0 MB stacks, 0 MB globals, 8 P
gc 1455 @8.614s 5%: 0.10+0.56+0.068 ms clock, 0.80+0.83/0.70/0+0.55 ms cpu, 3->3->1 MB, 4 MB goal, 0 MB stacks, 0 MB globals, 8 P
gc 1456 @8.617s 5%: 0.13+0.55+0.10 ms clock, 1.0+0.87/0.77/0+0.83 ms cpu, 3->3->1 MB, 4 MB goal, 0 MB stacks, 0 MB globals, 8 P
gc 1457 @8.620s 5%: 0.12+0.55+0.075 ms clock, 0.96+0.82/0.77/0+0.60 ms cpu, 3->3->1 MB, 4 MB goal, 0 MB stacks, 0 MB globals, 8 P
gc 1458 @8.623s 5%: 0.083+0.44+0.082 ms clock, 0.66+0.79/0.61/0.091+0.65 ms cpu, 3->3->1 MB, 4 MB goal, 0 MB stacks, 0 MB globals, 8 P
gc 1459 @8.626s 5%: 0.091+0.62+0.073 ms clock, 0.72+0.71/0.77/0+0.58 ms cpu, 3->3->1 MB, 4 MB goal, 0 MB stacks, 0 MB globals, 8 P
gc 1460 @8.629s 5%: 0.11+0.62+0.12 ms clock, 0.94+0.85/0.72/0+0.96 ms cpu, 3->3->1 MB, 4 MB goal, 0 MB stacks, 0 MB globals, 8 P
gc 1461 @8.632s 5%: 0.10+0.86+0.086 ms clock, 0.86+0.61/0.69/0+0.68 ms cpu, 3->3->1 MB, 4 MB goal, 0 MB stacks, 0 MB globals, 8 P
gc 1462 @8.635s 5%: 0.13+0.89+0.084 ms clock, 1.0+0.79/0.74/0+0.67 ms cpu, 3->3->1 MB, 4 MB goal, 0 MB stacks, 0 MB globals, 8 P
gc 1463 @8.639s 5%: 0.13+0.56+0.066 ms clock, 1.0+0.71/0.82/0+0.53 ms cpu, 3->3->1 MB, 4 MB goal, 0 MB stacks, 0 MB globals, 8 P
gc 1464 @8.642s 5%: 0.098+0.83+0.097 ms clock, 0.78+0.82/0.74/0+0.77 ms cpu, 3->3->1 MB, 4 MB goal, 0 MB stacks, 0 MB globals, 8 P
gc 1465 @8.645s 5%: 0.11+0.67+0.11 ms clock, 0.90+0.81/0.79/0+0.95 ms cpu, 3->3->1 MB, 4 MB goal, 0 MB stacks, 0 MB globals, 8 P
gc 1466 @8.648s 5%: 0.12+0.60+0.054 ms clock, 0.98+0.81/0.71/0+0.43 ms cpu, 3->3->1 MB, 4 MB goal, 0 MB stacks, 0 MB globals, 8 P
gc 1467 @8.651s 5%: 0.13+0.51+0.057 ms clock, 1.0+0.78/0.66/0+0.46 ms cpu, 3->3->1 MB, 4 MB goal, 0 MB stacks, 0 MB globals, 8 P
gc 1468 @8.654s 5%: 0.095+0.87+0.061 ms clock, 0.76+1.3/0.75/0.025+0.49 ms cpu, 3->3->1 MB, 4 MB goal, 0 MB stacks, 0 MB globals, 8 P
gc 1469 @8.657s 5%: 0.12+0.66+0.070 ms clock, 0.97+0.72/0.80/0+0.56 ms cpu, 3->3->1 MB, 4 MB goal, 0 MB stacks, 0 MB globals, 8 P
gc 1470 @8.660s 5%: 0.11+0.58+0.050 ms clock, 0.92+0.76/0.79/0+0.40 ms cpu, 3->3->1 MB, 4 MB goal, 0 MB stacks, 0 MB globals, 8 P
gc 1471 @8.663s 5%: 0.12+0.80+0.10 ms clock, 1.0+0.77/0.67/0+0.83 ms cpu, 3->3->1 MB, 4 MB goal, 0 MB stacks, 0 MB globals, 8 P
gc 1472 @8.667s 5%: 0.10+0.55+0.089 ms clock, 0.86+0.74/0.75/0+0.71 ms cpu, 3->3->1 MB, 4 MB goal, 0 MB stacks, 0 MB globals, 8 P
gc 1473 @8.670s 5%: 0.12+0.54+0.14 ms clock, 0.99+0.58/0.77/0+1.1 ms cpu, 3->3->1 MB, 4 MB goal, 0 MB stacks, 0 MB globals, 8 P
gc 1474 @8.673s 5%: 0.10+0.60+0.10 ms clock, 0.84+0.72/0.79/0+0.81 ms cpu, 3->3->1 MB, 4 MB goal, 0 MB stacks, 0 MB globals, 8 P
gc 1475 @8.676s 5%: 0.087+0.59+0.098 ms clock, 0.70+0.75/0.73/0+0.79 ms cpu, 3->3->1 MB, 4 MB goal, 0 MB stacks, 0 MB globals, 8 P
gc 1476 @8.679s 5%: 0.14+0.71+0.097 ms clock, 1.1+0.77/0.76/0+0.77 ms cpu, 3->3->1 MB, 4 MB goal, 0 MB stacks, 0 MB globals, 8 P
gc 1477 @8.682s 5%: 0.11+0.45+0.12 ms clock, 0.94+0.88/0.62/0+1.0 ms cpu, 3->3->1 MB, 4 MB goal, 0 MB stacks, 0 MB globals, 8 P
gc 1478 @8.685s 5%: 0.15+0.73+0.11 ms clock, 1.2+0.64/0.73/0+0.92 ms cpu, 3->3->1 MB, 4 MB goal, 0 MB stacks, 0 MB globals, 8 P
gc 1479 @8.688s 5%: 0.11+0.61+0.068 ms clock, 0.91+0.67/0.79/0+0.54 ms cpu, 3->3->1 MB, 4 MB goal, 0 MB stacks, 0 MB globals, 8 P
gc 1480 @8.691s 5%: 0.091+0.49+0.089 ms clock, 0.73+0.84/0.73/0+0.71 ms cpu, 3->3->1 MB, 4 MB goal, 0 MB stacks, 0 MB globals, 8 P
gc 1481 @8.694s 5%: 0.10+1.1+0.045 ms clock, 0.86+0.85/0.61/0+0.36 ms cpu, 3->3->1 MB, 4 MB goal, 0 MB stacks, 0 MB globals, 8 P
gc 1482 @8.698s 5%: 0.088+0.75+0.10 ms clock, 0.70+0.83/0.67/0+0.82 ms cpu, 3->3->1 MB, 4 MB goal, 0 MB stacks, 0 MB globals, 8 P
gc 1483 @8.701s 5%: 0.11+0.58+0.046 ms clock, 0.95+0.83/0.71/0+0.36 ms cpu, 3->3->1 MB, 4 MB goal, 0 MB stacks, 0 MB globals, 8 P
gc 1484 @8.704s 5%: 0.13+0.69+0.073 ms clock, 1.1+0.77/0.82/0+0.58 ms cpu, 3->3->1 MB, 4 MB goal, 0 MB stacks, 0 MB globals, 8 P
gc 1485 @8.707s 5%: 0.11+0.57+0.092 ms clock, 0.91+0.78/0.77/0+0.74 ms cpu, 3->3->1 MB, 4 MB goal, 0 MB stacks, 0 MB globals, 8 P
gc 1486 @8.710s 5%: 0.095+0.64+0.058 ms clock, 0.76+0.71/0.75/0+0.46 ms cpu, 3->3->1 MB, 4 MB goal, 0 MB stacks, 0 MB globals, 8 P
gc 1487 @8.713s 5%: 0.13+0.61+0.13 ms clock, 1.0+0.71/0.74/0+1.0 ms cpu, 3->3->1 MB, 4 MB goal, 0 MB stacks, 0 MB globals, 8 P
gc 1488 @8.716s 5%: 0.10+0.95+0.10 ms clock, 0.84+1.2/0.81/0+0.85 ms cpu, 3->3->1 MB, 4 MB goal, 0 MB stacks, 0 MB globals, 8 P
gc 1489 @8.719s 5%: 0.11+0.53+0.095 ms clock, 0.89+0.72/0.78/0+0.76 ms cpu, 3->3->1 MB, 4 MB goal, 0 MB stacks, 0 MB globals, 8 P
gc 1490 @8.723s 5%: 0.088+1.0+0.056 ms clock, 0.71+0.82/0.72/0+0.45 ms cpu, 3->3->1 MB, 4 MB goal, 0 MB stacks, 0 MB globals, 8 P
gc 1491 @8.726s 5%: 0.12+0.96+0.058 ms clock, 1.0+0.76/0.77/0+0.46 ms cpu, 3->3->1 MB, 4 MB goal, 0 MB stacks, 0 MB globals, 8 P
gc 1492 @8.729s 5%: 0.090+0.58+0.11 ms clock, 0.72+0.68/0.72/0+0.89 ms cpu, 3->3->1 MB, 4 MB goal, 0 MB stacks, 0 MB globals, 8 P
gc 1493 @8.732s 5%: 0.092+1.3+0.081 ms clock, 0.73+0.59/1.5/0+0.65 ms cpu, 3->3->1 MB, 4 MB goal, 0 MB stacks, 0 MB globals, 8 P
gc 1494 @8.735s 5%: 0.11+0.72+0.12 ms clock, 0.89+0.72/0.85/0+1.0 ms cpu, 3->3->1 MB, 4 MB goal, 0 MB stacks, 0 MB globals, 8 P
gc 1495 @8.738s 5%: 0.14+1.1+0.064 ms clock, 1.1+0.59/0.81/0+0.51 ms cpu, 3->3->1 MB, 4 MB goal, 0 MB stacks, 0 MB globals, 8 P
gc 1496 @8.742s 5%: 0.11+0.95+0.10 ms clock, 0.91+1.2/0.79/0+0.87 ms cpu, 3->3->1 MB, 4 MB goal, 0 MB stacks, 0 MB globals, 8 P
gc 1497 @8.745s 5%: 0.074+0.81+0.10 ms clock, 0.59+0.73/0.75/0+0.83 ms cpu, 3->3->1 MB, 4 MB goal, 0 MB stacks, 0 MB globals, 8 P
gc 1498 @8.748s 5%: 0.11+0.58+0.094 ms clock, 0.88+0.90/0.73/0+0.75 ms cpu, 3->3->1 MB, 4 MB goal, 0 MB stacks, 0 MB globals, 8 P
gc 1499 @8.751s 5%: 0.096+0.57+0.085 ms clock, 0.76+0.80/0.75/0+0.68 ms cpu, 3->3->1 MB, 4 MB goal, 0 MB stacks, 0 MB globals, 8 P
gc 1500 @8.754s 5%: 0.093+0.55+0.090 ms clock, 0.74+0.61/0.72/0+0.72 ms cpu, 3->3->1 MB, 4 MB goal, 0 MB stacks, 0 MB globals, 8 P
gc 1501 @8.757s 5%: 0.079+0.64+0.076 ms clock, 0.63+0.77/0.83/0+0.61 ms cpu, 3->3->1 MB, 4 MB goal, 0 MB stacks, 0 MB globals, 8 P
gc 1502 @8.760s 5%: 0.10+0.61+0.11 ms clock, 0.81+0.79/0.79/0+0.90 ms cpu, 3->3->1 MB, 4 MB goal, 0 MB stacks, 0 MB globals, 8 P
gc 1503 @8.763s 5%: 0.10+0.63+0.088 ms clock, 0.87+0.73/0.87/0+0.71 ms cpu, 3->3->1 MB, 4 MB goal, 0 MB stacks, 0 MB globals, 8 P
gc 1504 @8.766s 5%: 0.13+0.58+0.10 ms clock, 1.0+0.65/0.81/0+0.83 ms cpu, 3->3->1 MB, 4 MB goal, 0 MB stacks, 0 MB globals, 8 P
gc 1505 @8.769s 5%: 0.10+0.89+0.074 ms clock, 0.85+0.72/0.80/0+0.59 ms cpu, 3->3->1 MB, 4 MB goal, 0 MB stacks, 0 MB globals, 8 P
gc 1506 @8.773s 5%: 0.10+1.1+0.058 ms clock, 0.85+0.64/0.71/0+0.46 ms cpu, 3->4->1 MB, 4 MB goal, 0 MB stacks, 0 MB globals, 8 P
gc 1507 @8.776s 5%: 0.10+0.57+0.076 ms clock, 0.83+0.80/0.71/0+0.61 ms cpu, 3->3->1 MB, 4 MB goal, 0 MB stacks, 0 MB globals, 8 P
gc 1508 @8.779s 5%: 0.067+0.69+0.12 ms clock, 0.54+0.64/0.81/0+0.96 ms cpu, 3->3->1 MB, 4 MB goal, 0 MB stacks, 0 MB globals, 8 P
gc 1509 @8.782s 5%: 0.10+0.54+0.092 ms clock, 0.83+0.82/0.75/0+0.74 ms cpu, 3->3->1 MB, 4 MB goal, 0 MB stacks, 0 MB globals, 8 P
gc 1510 @8.785s 5%: 0.10+0.57+0.073 ms clock, 0.80+0.81/0.77/0+0.58 ms cpu, 3->3->1 MB, 4 MB goal, 0 MB stacks, 0 MB globals, 8 P
gc 1511 @8.788s 5%: 0.11+1.0+0.033 ms clock, 0.95+0.74/0.69/0+0.27 ms cpu, 3->3->1 MB, 4 MB goal, 0 MB stacks, 0 MB globals, 8 P
gc 1512 @8.791s 5%: 0.14+0.67+0.094 ms clock, 1.1+0.78/0.87/0+0.75 ms cpu, 3->3->1 MB, 4 MB goal, 0 MB stacks, 0 MB globals, 8 P
gc 1513 @8.795s 5%: 0.15+0.93+0.052 ms clock, 1.2+1.0/0.45/0+0.42 ms cpu, 3->3->1 MB, 4 MB goal, 0 MB stacks, 0 MB globals, 8 P
gc 1514 @8.798s 5%: 0.12+0.71+0.10 ms clock, 0.98+0.73/0.82/0+0.84 ms cpu, 3->3->1 MB, 4 MB goal, 0 MB stacks, 0 MB globals, 8 P
gc 1515 @8.801s 5%: 0.090+0.62+0.067 ms clock, 0.72+0.81/0.77/0+0.53 ms cpu, 3->3->1 MB, 4 MB goal, 0 MB stacks, 0 MB globals, 8 P
gc 1516 @8.804s 5%: 0.10+0.65+0.11 ms clock, 0.81+0.68/0.83/0+0.91 ms cpu, 3->3->1 MB, 4 MB goal, 0 MB stacks, 0 MB globals, 8 P
gc 1517 @8.807s 5%: 0.081+0.58+0.11 ms clock, 0.64+0.70/0.73/0+0.92 ms cpu, 3->3->1 MB, 4 MB goal, 0 MB stacks, 0 MB globals, 8 P
gc 1518 @8.810s 5%: 0.10+0.82+0.094 ms clock, 0.85+0.80/0.78/0+0.75 ms cpu, 3->3->1 MB, 4 MB goal, 0 MB stacks, 0 MB globals, 8 P
gc 1519 @8.813s 5%: 0.11+0.56+0.084 ms clock, 0.94+0.80/0.73/0+0.67 ms cpu, 3->3->1 MB, 4 MB goal, 0 MB stacks, 0 MB globals, 8 P
gc 1520 @8.816s 5%: 0.10+0.59+0.12 ms clock, 0.87+0.76/0.81/0+1.0 ms cpu, 3->3->1 MB, 4 MB goal, 0 MB stacks, 0 MB globals, 8 P
gc 1521 @8.819s 5%: 0.15+0.90+0.052 ms clock, 1.2+0.69/0.79/0+0.42 ms cpu, 3->3->1 MB, 4 MB goal, 0 MB stacks, 0 MB globals, 8 P
gc 1522 @8.823s 5%: 0.090+0.49+0.083 ms clock, 0.72+0.85/0.71/0+0.66 ms cpu, 3->3->1 MB, 4 MB goal, 0 MB stacks, 0 MB globals, 8 P
gc 1523 @8.826s 5%: 0.14+0.76+0.10 ms clock, 1.1+0.74/0.79/0+0.87 ms cpu, 3->3->1 MB, 4 MB goal, 0 MB stacks, 0 MB globals, 8 P
gc 1524 @8.829s 5%: 0.082+0.54+0.058 ms clock, 0.66+0.87/0.73/0+0.46 ms cpu, 3->3->1 MB, 4 MB goal, 0 MB stacks, 0 MB globals, 8 P
gc 1525 @8.832s 5%: 0.14+1.1+0.092 ms clock, 1.1+0.75/0.78/0+0.73 ms cpu, 3->4->1 MB, 4 MB goal, 0 MB stacks, 0 MB globals, 8 P
gc 1526 @8.835s 5%: 0.11+0.57+0.10 ms clock, 0.90+0.71/0.78/0+0.87 ms cpu, 3->3->1 MB, 4 MB goal, 0 MB stacks, 0 MB globals, 8 P
gc 1527 @8.838s 5%: 0.091+0.82+0.088 ms clock, 0.73+0.75/0.76/0+0.70 ms cpu, 3->3->1 MB, 4 MB goal, 0 MB stacks, 0 MB globals, 8 P
gc 1528 @8.842s 5%: 0.083+0.83+0.026 ms clock, 0.67+0.72/0.77/0+0.21 ms cpu, 3->3->1 MB, 4 MB goal, 0 MB stacks, 0 MB globals, 8 P
gc 1529 @8.845s 5%: 0.11+0.59+0.062 ms clock, 0.88+0.77/0.81/0+0.50 ms cpu, 3->3->1 MB, 4 MB goal, 0 MB stacks, 0 MB globals, 8 P
gc 1530 @8.848s 5%: 0.13+0.64+0.10 ms clock, 1.0+0.69/0.86/0+0.82 ms cpu, 3->3->1 MB, 4 MB goal, 0 MB stacks, 0 MB globals, 8 P
gc 1531 @8.851s 5%: 0.11+0.77+0.10 ms clock, 0.89+0.70/0.79/0+0.84 ms cpu, 3->3->1 MB, 4 MB goal, 0 MB stacks, 0 MB globals, 8 P
gc 1532 @8.854s 5%: 0.11+1.1+0.086 ms clock, 0.92+0.71/0.75/0+0.69 ms cpu, 3->4->1 MB, 4 MB goal, 0 MB stacks, 0 MB globals, 8 P
gc 1533 @8.858s 5%: 0.10+0.53+0.10 ms clock, 0.86+0.64/0.76/0+0.84 ms cpu, 3->3->1 MB, 4 MB goal, 0 MB stacks, 0 MB globals, 8 P
gc 1534 @8.861s 5%: 0.10+0.97+0.081 ms clock, 0.80+0.84/0.78/0+0.64 ms cpu, 3->3->1 MB, 4 MB goal, 0 MB stacks, 0 MB globals, 8 P
gc 1535 @8.864s 5%: 0.083+0.57+0.081 ms clock, 0.66+0.83/0.68/0+0.65 ms cpu, 3->3->1 MB, 4 MB goal, 0 MB stacks, 0 MB globals, 8 P
gc 1536 @8.867s 5%: 0.11+0.86+0.086 ms clock, 0.92+0.71/0.75/0+0.69 ms cpu, 3->3->1 MB, 4 MB goal, 0 MB stacks, 0 MB globals, 8 P
gc 1537 @8.870s 5%: 0.10+0.63+0.074 ms clock, 0.86+0.81/0.75/0+0.59 ms cpu, 3->3->1 MB, 4 MB goal, 0 MB stacks, 0 MB globals, 8 P
gc 1538 @8.873s 5%: 0.11+0.58+0.062 ms clock, 0.91+0.86/0.79/0+0.49 ms cpu, 3->3->1 MB, 4 MB goal, 0 MB stacks, 0 MB globals, 8 P
gc 1539 @8.876s 5%: 0.14+0.55+0.11 ms clock, 1.1+0.69/0.75/0+0.90 ms cpu, 3->3->1 MB, 4 MB goal, 0 MB stacks, 0 MB globals, 8 P
gc 1540 @8.879s 5%: 0.12+0.58+0.064 ms clock, 1.0+0.75/0.71/0+0.51 ms cpu, 3->3->1 MB, 4 MB goal, 0 MB stacks, 0 MB globals, 8 P
gc 1541 @8.882s 5%: 0.12+0.57+0.10 ms clock, 1.0+0.57/0.74/0+0.87 ms cpu, 3->3->1 MB, 4 MB goal, 0 MB stacks, 0 MB globals, 8 P
gc 1542 @8.885s 5%: 0.10+0.61+0.073 ms clock, 0.87+0.86/0.82/0+0.59 ms cpu, 3->3->1 MB, 4 MB goal, 0 MB stacks, 0 MB globals, 8 P
gc 1543 @8.888s 5%: 0.10+0.57+0.10 ms clock, 0.80+0.83/0.75/0+0.86 ms cpu, 3->3->1 MB, 4 MB goal, 0 MB stacks, 0 MB globals, 8 P
gc 1544 @8.891s 5%: 0.12+0.49+0.079 ms clock, 0.98+0.80/0.72/0+0.63 ms cpu, 3->3->1 MB, 4 MB goal, 0 MB stacks, 0 MB globals, 8 P
gc 1545 @8.894s 5%: 0.13+1.0+0.076 ms clock, 1.0+0.69/0.77/0+0.61 ms cpu, 3->3->1 MB, 4 MB goal, 0 MB stacks, 0 MB globals, 8 P
gc 1546 @8.897s 5%: 0.10+0.57+0.079 ms clock, 0.86+0.89/0.68/0+0.63 ms cpu, 3->3->1 MB, 4 MB goal, 0 MB stacks, 0 MB globals, 8 P
gc 1547 @8.900s 5%: 0.11+0.50+0.064 ms clock, 0.94+0.75/0.71/0+0.51 ms cpu, 3->3->1 MB, 4 MB goal, 0 MB stacks, 0 MB globals, 8 P
gc 1548 @8.903s 5%: 0.13+0.95+0.071 ms clock, 1.0+0.79/0.81/0+0.56 ms cpu, 3->3->1 MB, 4 MB goal, 0 MB stacks, 0 MB globals, 8 P
gc 1549 @8.906s 5%: 0.12+0.47+0.088 ms clock, 1.0+0.74/0.73/0+0.70 ms cpu, 3->3->1 MB, 4 MB goal, 0 MB stacks, 0 MB globals, 8 P
gc 1550 @8.909s 5%: 0.10+0.56+0.089 ms clock, 0.84+0.71/0.75/0+0.71 ms cpu, 3->3->1 MB, 4 MB goal, 0 MB stacks, 0 MB globals, 8 P
gc 1551 @8.913s 5%: 0.14+0.89+0.11 ms clock, 1.1+0.83/0.74/0+0.89 ms cpu, 3->3->1 MB, 4 MB goal, 0 MB stacks, 0 MB globals, 8 P
gc 1552 @8.916s 5%: 0.092+0.64+0.070 ms clock, 0.73+0.84/0.71/0+0.56 ms cpu, 3->3->1 MB, 4 MB goal, 0 MB stacks, 0 MB globals, 8 P
gc 1553 @8.919s 5%: 0.098+0.67+0.13 ms clock, 0.78+0.68/0.85/0+1.0 ms cpu, 3->3->1 MB, 4 MB goal, 0 MB stacks, 0 MB globals, 8 P
gc 1554 @8.922s 5%: 0.10+0.55+0.090 ms clock, 0.86+0.77/0.70/0+0.72 ms cpu, 3->3->1 MB, 4 MB goal, 0 MB stacks, 0 MB globals, 8 P
gc 1555 @8.925s 5%: 0.062+0.97+0.088 ms clock, 0.50+0.66/0.78/0+0.70 ms cpu, 3->3->1 MB, 4 MB goal, 0 MB stacks, 0 MB globals, 8 P
gc 1556 @8.928s 5%: 0.11+0.91+0.17 ms clock, 0.88+1.2/0.90/0+1.3 ms cpu, 3->3->1 MB, 4 MB goal, 0 MB stacks, 0 MB globals, 8 P
gc 1557 @8.931s 5%: 0.14+0.53+0.083 ms clock, 1.1+0.72/0.88/0+0.66 ms cpu, 3->3->1 MB, 4 MB goal, 0 MB stacks, 0 MB globals, 8 P
gc 1558 @8.934s 5%: 0.10+1.0+0.10 ms clock, 0.80+0.83/0.72/0+0.83 ms cpu, 3->3->1 MB, 4 MB goal, 0 MB stacks, 0 MB globals, 8 P
gc 1559 @8.938s 5%: 0.14+0.65+0.10 ms clock, 1.1+0.60/0.86/0+0.80 ms cpu, 3->3->1 MB, 4 MB goal, 0 MB stacks, 0 MB globals, 8 P
gc 1560 @8.941s 5%: 0.061+0.50+0.10 ms clock, 0.49+0.90/0.71/0+0.84 ms cpu, 3->3->1 MB, 4 MB goal, 0 MB stacks, 0 MB globals, 8 P
gc 1561 @8.944s 5%: 0.12+0.62+0.071 ms clock, 0.96+0.76/0.83/0+0.56 ms cpu, 3->3->1 MB, 4 MB goal, 0 MB stacks, 0 MB globals, 8 P
gc 1562 @8.947s 5%: 0.094+0.99+0.058 ms clock, 0.75+0.75/0.70/0+0.47 ms cpu, 3->3->1 MB, 4 MB goal, 0 MB stacks, 0 MB globals, 8 P
gc 1563 @8.950s 5%: 0.14+1.3+0.048 ms clock, 1.1+0.76/0.80/0+0.38 ms cpu, 3->4->2 MB, 4 MB goal, 0 MB stacks, 0 MB globals, 8 P
gc 1564 @8.954s 5%: 0.12+0.54+0.070 ms clock, 1.0+0.64/0.77/0+0.56 ms cpu, 3->4->1 MB, 4 MB goal, 0 MB stacks, 0 MB globals, 8 P
gc 1565 @8.957s 5%: 0.10+0.52+0.070 ms clock, 0.85+0.83/0.71/0+0.56 ms cpu, 3->3->1 MB, 4 MB goal, 0 MB stacks, 0 MB globals, 8 P
gc 1566 @8.960s 5%: 0.098+0.58+0.070 ms clock, 0.78+0.84/0.78/0+0.56 ms cpu, 3->3->1 MB, 4 MB goal, 0 MB stacks, 0 MB globals, 8 P
gc 1567 @8.963s 5%: 0.10+0.58+0.080 ms clock, 0.81+0.81/0.72/0+0.64 ms cpu, 3->3->1 MB, 4 MB goal, 0 MB stacks, 0 MB globals, 8 P
gc 1568 @8.966s 5%: 0.11+0.78+0.086 ms clock, 0.90+0.76/0.81/0+0.68 ms cpu, 3->3->1 MB, 4 MB goal, 0 MB stacks, 0 MB globals, 8 P
gc 1569 @8.969s 5%: 0.086+0.55+0.092 ms clock, 0.69+0.90/0.73/0+0.74 ms cpu, 3->3->1 MB, 4 MB goal, 0 MB stacks, 0 MB globals, 8 P
gc 1570 @8.972s 5%: 0.084+0.58+0.12 ms clock, 0.67+0.75/0.75/0+0.99 ms cpu, 3->3->1 MB, 4 MB goal, 0 MB stacks, 0 MB globals, 8 P
gc 1571 @8.975s 5%: 0.10+0.56+0.10 ms clock, 0.85+0.75/0.78/0+0.83 ms cpu, 3->3->1 MB, 4 MB goal, 0 MB stacks, 0 MB globals, 8 P
gc 1572 @8.978s 5%: 0.11+1.2+0.083 ms clock, 0.94+0.67/0.89/0+0.66 ms cpu, 3->4->1 MB, 4 MB goal, 0 MB stacks, 0 MB globals, 8 P
gc 1573 @8.982s 5%: 0.076+0.56+0.11 ms clock, 0.61+0.83/0.85/0+0.90 ms cpu, 3->3->1 MB, 4 MB goal, 0 MB stacks, 0 MB globals, 8 P
gc 1574 @8.985s 5%: 0.10+0.56+0.078 ms clock, 0.82+0.78/0.82/0+0.63 ms cpu, 3->3->1 MB, 4 MB goal, 0 MB stacks, 0 MB globals, 8 P
gc 1575 @8.988s 5%: 0.13+0.67+0.11 ms clock, 1.0+0.86/0.81/0+0.88 ms cpu, 3->3->1 MB, 4 MB goal, 0 MB stacks, 0 MB globals, 8 P
gc 1576 @8.991s 5%: 0.13+0.77+0.078 ms clock, 1.0+0.89/0.75/0+0.62 ms cpu, 3->3->1 MB, 4 MB goal, 0 MB stacks, 0 MB globals, 8 P
gc 1577 @8.994s 5%: 0.13+0.62+0.096 ms clock, 1.0+0.76/0.74/0+0.77 ms cpu, 3->3->1 MB, 4 MB goal, 0 MB stacks, 0 MB globals, 8 P
gc 1578 @8.997s 5%: 0.095+0.56+0.059 ms clock, 0.76+0.80/0.77/0+0.47 ms cpu, 3->3->1 MB, 4 MB goal, 0 MB stacks, 0 MB globals, 8 P
gc 1579 @9.000s 5%: 0.11+0.60+0.045 ms clock, 0.95+0.81/0.86/0.021+0.36 ms cpu, 3->3->1 MB, 4 MB goal, 0 MB stacks, 0 MB globals, 8 P
gc 1580 @9.004s 5%: 0.10+1.1+0.072 ms clock, 0.86+0.71/0.80/0+0.58 ms cpu, 3->4->1 MB, 4 MB goal, 0 MB stacks, 0 MB globals, 8 P
gc 1581 @9.007s 5%: 0.10+1.2+0.046 ms clock, 0.82+0.85/0.73/0+0.37 ms cpu, 3->4->1 MB, 4 MB goal, 0 MB stacks, 0 MB globals, 8 P
gc 1582 @9.011s 5%: 0.11+0.56+0.13 ms clock, 0.88+0.69/0.82/0+1.0 ms cpu, 3->3->1 MB, 4 MB goal, 0 MB stacks, 0 MB globals, 8 P
gc 1583 @9.014s 5%: 0.088+1.0+0.074 ms clock, 0.70+0.59/0.75/0+0.59 ms cpu, 3->3->1 MB, 4 MB goal, 0 MB stacks, 0 MB globals, 8 P
gc 1584 @9.017s 5%: 0.13+0.58+0.087 ms clock, 1.0+0.81/0.86/0+0.69 ms cpu, 3->3->1 MB, 4 MB goal, 0 MB stacks, 0 MB globals, 8 P
gc 1585 @9.020s 5%: 0.16+1.1+0.080 ms clock, 1.3+0.74/0.78/0+0.64 ms cpu, 3->3->1 MB, 4 MB goal, 0 MB stacks, 0 MB globals, 8 P
gc 1586 @9.024s 5%: 0.081+1.0+0.12 ms clock, 0.64+0.75/0.82/0+0.98 ms cpu, 3->4->1 MB, 4 MB goal, 0 MB stacks, 0 MB globals, 8 P
gc 1587 @9.027s 5%: 0.11+0.61+0.065 ms clock, 0.92+0.83/0.78/0+0.52 ms cpu, 3->3->1 MB, 4 MB goal, 0 MB stacks, 0 MB globals, 8 P
gc 1588 @9.030s 5%: 0.10+0.53+0.073 ms clock, 0.87+0.78/0.72/0+0.59 ms cpu, 3->3->1 MB, 4 MB goal, 0 MB stacks, 0 MB globals, 8 P
gc 1589 @9.033s 5%: 0.14+0.85+0.10 ms clock, 1.1+0.70/0.94/0+0.80 ms cpu, 3->3->1 MB, 4 MB goal, 0 MB stacks, 0 MB globals, 8 P
gc 1590 @9.036s 5%: 0.11+0.64+0.087 ms clock, 0.91+0.66/0.83/0+0.70 ms cpu, 3->3->1 MB, 4 MB goal, 0 MB stacks, 0 MB globals, 8 P
gc 1591 @9.039s 5%: 0.11+0.51+0.053 ms clock, 0.93+0.81/0.71/0+0.43 ms cpu, 3->3->1 MB, 4 MB goal, 0 MB stacks, 0 MB globals, 8 P
gc 1592 @9.042s 5%: 0.15+0.60+0.079 ms clock, 1.2+0.71/0.81/0+0.63 ms cpu, 3->3->1 MB, 4 MB goal, 0 MB stacks, 0 MB globals, 8 P
gc 1593 @9.045s 5%: 0.11+0.58+0.082 ms clock, 0.89+0.82/0.76/0+0.66 ms cpu, 3->3->1 MB, 4 MB goal, 0 MB stacks, 0 MB globals, 8 P
gc 1594 @9.048s 5%: 0.084+0.99+0.058 ms clock, 0.67+0.83/0.70/0+0.47 ms cpu, 3->3->1 MB, 4 MB goal, 0 MB stacks, 0 MB globals, 8 P
gc 1595 @9.051s 5%: 0.13+0.61+0.093 ms clock, 1.0+0.66/0.83/0+0.75 ms cpu, 3->3->1 MB, 4 MB goal, 0 MB stacks, 0 MB globals, 8 P
gc 1596 @9.054s 5%: 0.13+0.52+0.074 ms clock, 1.0+0.69/0.78/0+0.59 ms cpu, 3->3->1 MB, 4 MB goal, 0 MB stacks, 0 MB globals, 8 P
gc 1597 @9.057s 5%: 0.11+0.63+0.081 ms clock, 0.92+0.82/0.78/0+0.65 ms cpu, 3->3->1 MB, 4 MB goal, 0 MB stacks, 0 MB globals, 8 P
gc 1598 @9.060s 5%: 0.11+1.4+0.059 ms clock, 0.94+0.87/0.83/0+0.47 ms cpu, 3->4->2 MB, 4 MB goal, 0 MB stacks, 0 MB globals, 8 P
gc 1599 @9.064s 5%: 0.12+0.73+0.11 ms clock, 0.97+0.70/0.87/0+0.94 ms cpu, 3->4->1 MB, 4 MB goal, 0 MB stacks, 0 MB globals, 8 P
gc 1600 @9.067s 5%: 0.078+0.67+0.099 ms clock, 0.63+0.83/0.70/0+0.79 ms cpu, 3->3->1 MB, 4 MB goal, 0 MB stacks, 0 MB globals, 8 P
gc 1601 @9.071s 5%: 0.080+0.86+0.075 ms clock, 0.64+0.64/1.0/0+0.60 ms cpu, 3->3->1 MB, 4 MB goal, 0 MB stacks, 0 MB globals, 8 P
gc 1602 @9.074s 5%: 1.6+0.38+0.097 ms clock, 13+1.6/0.84/0+0.77 ms cpu, 3->4->2 MB, 4 MB goal, 0 MB stacks, 0 MB globals, 8 P
gc 1603 @9.078s 5%: 0.13+0.51+0.11 ms clock, 1.0+0.82/0.64/0+0.89 ms cpu, 3->4->1 MB, 4 MB goal, 0 MB stacks, 0 MB globals, 8 P
gc 1604 @9.081s 5%: 0.10+0.98+0.004 ms clock, 0.81+0.71/0.78/0+0.034 ms cpu, 3->3->1 MB, 4 MB goal, 0 MB stacks, 0 MB globals, 8 P
gc 1605 @9.084s 5%: 0.086+0.56+0.10 ms clock, 0.68+0.80/0.86/0+0.83 ms cpu, 3->3->1 MB, 4 MB goal, 0 MB stacks, 0 MB globals, 8 P
gc 1606 @9.087s 5%: 0.12+0.55+0.091 ms clock, 1.0+0.77/0.75/0+0.72 ms cpu, 3->3->1 MB, 4 MB goal, 0 MB stacks, 0 MB globals, 8 P
gc 1607 @9.090s 5%: 0.093+1.0+0.10 ms clock, 0.74+0.90/0.69/0+0.83 ms cpu, 3->4->1 MB, 4 MB goal, 0 MB stacks, 0 MB globals, 8 P
gc 1608 @9.094s 5%: 0.14+0.62+0.11 ms clock, 1.1+0.80/0.74/0+0.91 ms cpu, 3->3->1 MB, 4 MB goal, 0 MB stacks, 0 MB globals, 8 P
gc 1609 @9.097s 5%: 0.11+0.80+0.10 ms clock, 0.94+0.77/0.75/0+0.86 ms cpu, 3->3->1 MB, 4 MB goal, 0 MB stacks, 0 MB globals, 8 P
gc 1610 @9.100s 5%: 0.10+0.58+0.10 ms clock, 0.81+0.79/0.66/0+0.81 ms cpu, 3->3->1 MB, 4 MB goal, 0 MB stacks, 0 MB globals, 8 P
gc 1611 @9.103s 5%: 0.10+1.1+0.094 ms clock, 0.87+0.67/0.79/0+0.75 ms cpu, 3->3->1 MB, 4 MB goal, 0 MB stacks, 0 MB globals, 8 P
gc 1612 @9.106s 5%: 0.10+0.50+0.084 ms clock, 0.80+0.78/0.65/0+0.67 ms cpu, 3->3->1 MB, 4 MB goal, 0 MB stacks, 0 MB globals, 8 P
gc 1613 @9.109s 5%: 0.11+0.55+0.063 ms clock, 0.89+0.71/0.70/0+0.51 ms cpu, 3->3->1 MB, 4 MB goal, 0 MB stacks, 0 MB globals, 8 P
gc 1614 @9.112s 5%: 0.078+0.73+0.078 ms clock, 0.62+0.66/0.76/0+0.62 ms cpu, 3->3->1 MB, 4 MB goal, 0 MB stacks, 0 MB globals, 8 P
gc 1615 @9.115s 5%: 0.12+0.60+0.052 ms clock, 1.0+0.70/0.79/0+0.41 ms cpu, 3->3->1 MB, 4 MB goal, 0 MB stacks, 0 MB globals, 8 P
gc 1616 @9.119s 5%: 0.11+0.75+0.087 ms clock, 0.90+0.79/0.85/0+0.70 ms cpu, 3->3->1 MB, 4 MB goal, 0 MB stacks, 0 MB globals, 8 P
gc 1617 @9.122s 5%: 0.11+0.61+0.068 ms clock, 0.89+0.70/0.78/0+0.54 ms cpu, 3->3->1 MB, 4 MB goal, 0 MB stacks, 0 MB globals, 8 P
gc 1618 @9.125s 5%: 0.11+0.99+0.11 ms clock, 0.92+0.72/0.81/0+0.93 ms cpu, 3->3->1 MB, 4 MB goal, 0 MB stacks, 0 MB globals, 8 P
gc 1619 @9.128s 5%: 0.14+0.52+0.092 ms clock, 1.1+0.76/0.74/0+0.74 ms cpu, 3->3->1 MB, 4 MB goal, 0 MB stacks, 0 MB globals, 8 P
gc 1620 @9.131s 5%: 0.13+0.57+0.090 ms clock, 1.0+0.61/0.82/0+0.72 ms cpu, 3->3->1 MB, 4 MB goal, 0 MB stacks, 0 MB globals, 8 P
gc 1621 @9.134s 5%: 0.081+0.53+0.10 ms clock, 0.65+0.71/0.65/0+0.82 ms cpu, 3->3->1 MB, 4 MB goal, 0 MB stacks, 0 MB globals, 8 P
gc 1622 @9.137s 5%: 0.13+0.63+0.096 ms clock, 1.0+0.78/0.72/0+0.77 ms cpu, 3->3->1 MB, 4 MB goal, 0 MB stacks, 0 MB globals, 8 P
gc 1623 @9.140s 5%: 0.10+0.74+0.093 ms clock, 0.81+0.77/0.77/0+0.75 ms cpu, 3->3->1 MB, 4 MB goal, 0 MB stacks, 0 MB globals, 8 P
gc 1624 @9.143s 5%: 0.14+0.76+0.10 ms clock, 1.1+0.67/0.88/0+0.80 ms cpu, 3->3->1 MB, 4 MB goal, 0 MB stacks, 0 MB globals, 8 P
gc 1625 @9.147s 5%: 0.10+0.59+0.076 ms clock, 0.85+0.87/0.67/0+0.61 ms cpu, 3->3->1 MB, 4 MB goal, 0 MB stacks, 0 MB globals, 8 P
gc 1626 @9.150s 5%: 0.066+0.58+0.10 ms clock, 0.53+0.79/0.72/0+0.86 ms cpu, 3->3->1 MB, 4 MB goal, 0 MB stacks, 0 MB globals, 8 P
gc 1627 @9.153s 5%: 0.13+0.81+0.10 ms clock, 1.0+0.81/0.88/0+0.86 ms cpu, 3->3->1 MB, 4 MB goal, 0 MB stacks, 0 MB globals, 8 P
gc 1628 @9.156s 5%: 0.10+0.58+0.086 ms clock, 0.82+0.85/0.68/0+0.69 ms cpu, 3->3->1 MB, 4 MB goal, 0 MB stacks, 0 MB globals, 8 P
gc 1629 @9.159s 5%: 0.12+0.59+0.10 ms clock, 0.99+0.78/0.75/0+0.82 ms cpu, 3->3->1 MB, 4 MB goal, 0 MB stacks, 0 MB globals, 8 P
gc 1630 @9.162s 5%: 0.10+1.1+0.092 ms clock, 0.81+0.80/0.78/0+0.73 ms cpu, 3->3->1 MB, 4 MB goal, 0 MB stacks, 0 MB globals, 8 P
gc 1631 @9.165s 5%: 0.11+0.67+0.080 ms clock, 0.93+0.85/0.81/0+0.64 ms cpu, 3->3->1 MB, 4 MB goal, 0 MB stacks, 0 MB globals, 8 P
gc 1632 @9.168s 5%: 0.093+0.51+0.10 ms clock, 0.74+0.69/0.78/0+0.81 ms cpu, 3->3->1 MB, 4 MB goal, 0 MB stacks, 0 MB globals, 8 P
gc 1633 @9.171s 5%: 0.10+0.55+0.092 ms clock, 0.87+0.84/0.65/0+0.73 ms cpu, 3->3->1 MB, 4 MB goal, 0 MB stacks, 0 MB globals, 8 P
gc 1634 @9.174s 5%: 0.14+0.98+0.058 ms clock, 1.1+0.70/0.69/0+0.46 ms cpu, 3->3->1 MB, 4 MB goal, 0 MB stacks, 0 MB globals, 8 P
gc 1635 @9.178s 5%: 0.10+1.1+0.12 ms clock, 0.86+0.66/0.80/0+1.0 ms cpu, 3->3->1 MB, 4 MB goal, 0 MB stacks, 0 MB globals, 8 P
gc 1636 @9.181s 5%: 0.12+0.79+0.10 ms clock, 0.96+0.93/0.69/0+0.80 ms cpu, 3->3->1 MB, 4 MB goal, 0 MB stacks, 0 MB globals, 8 P
gc 1637 @9.184s 5%: 0.11+0.57+0.073 ms clock, 0.90+0.79/0.67/0+0.58 ms cpu, 3->3->1 MB, 4 MB goal, 0 MB stacks, 0 MB globals, 8 P
gc 1638 @9.187s 5%: 0.091+0.57+0.074 ms clock, 0.73+0.70/0.76/0+0.59 ms cpu, 3->3->1 MB, 4 MB goal, 0 MB stacks, 0 MB globals, 8 P
gc 1639 @9.190s 5%: 0.12+0.86+0.081 ms clock, 1.0+1.2/0.84/0+0.65 ms cpu, 3->3->1 MB, 4 MB goal, 0 MB stacks, 0 MB globals, 8 P
gc 1640 @9.193s 5%: 0.12+0.71+0.081 ms clock, 0.97+0.37/0.76/0+0.65 ms cpu, 3->3->1 MB, 4 MB goal, 0 MB stacks, 0 MB globals, 8 P
gc 1641 @9.196s 5%: 0.088+1.0+0.10 ms clock, 0.71+0.85/0.69/0+0.82 ms cpu, 3->3->1 MB, 4 MB goal, 0 MB stacks, 0 MB globals, 8 P
gc 1642 @9.200s 5%: 0.097+0.95+0.063 ms clock, 0.78+0.62/0.79/0+0.50 ms cpu, 3->3->1 MB, 4 MB goal, 0 MB stacks, 0 MB globals, 8 P
gc 1643 @9.203s 5%: 0.12+0.82+0.093 ms clock, 1.0+0.81/0.73/0+0.75 ms cpu, 3->3->1 MB, 4 MB goal, 0 MB stacks, 0 MB globals, 8 P
gc 1644 @9.206s 5%: 0.10+0.82+0.058 ms clock, 0.84+0.83/0.74/0+0.46 ms cpu, 3->3->1 MB, 4 MB goal, 0 MB stacks, 0 MB globals, 8 P
gc 1645 @9.209s 5%: 0.12+0.63+0.094 ms clock, 0.98+0.84/0.72/0+0.75 ms cpu, 3->3->1 MB, 4 MB goal, 0 MB stacks, 0 MB globals, 8 P
gc 1646 @9.212s 5%: 0.090+0.64+0.096 ms clock, 0.72+0.80/0.76/0+0.77 ms cpu, 3->3->1 MB, 4 MB goal, 0 MB stacks, 0 MB globals, 8 P
gc 1647 @9.215s 5%: 0.10+0.75+0.081 ms clock, 0.86+0.74/0.78/0+0.64 ms cpu, 3->3->1 MB, 4 MB goal, 0 MB stacks, 0 MB globals, 8 P
gc 1648 @9.219s 5%: 0.14+0.57+0.071 ms clock, 1.1+0.72/0.73/0+0.57 ms cpu, 3->3->1 MB, 4 MB goal, 0 MB stacks, 0 MB globals, 8 P
gc 1649 @9.222s 5%: 0.11+0.55+0.087 ms clock, 0.92+0.79/0.70/0+0.69 ms cpu, 3->3->1 MB, 4 MB goal, 0 MB stacks, 0 MB globals, 8 P
gc 1650 @9.225s 5%: 0.12+0.55+0.10 ms clock, 0.96+0.74/0.71/0+0.83 ms cpu, 3->3->1 MB, 4 MB goal, 0 MB stacks, 0 MB globals, 8 P
gc 1651 @9.228s 5%: 0.10+0.79+0.10 ms clock, 0.80+0.82/0.80/0+0.87 ms cpu, 3->3->1 MB, 4 MB goal, 0 MB stacks, 0 MB globals, 8 P
gc 1652 @9.231s 5%: 0.11+0.67+0.059 ms clock, 0.93+0.86/0.64/0+0.47 ms cpu, 3->3->1 MB, 4 MB goal, 0 MB stacks, 0 MB globals, 8 P
gc 1653 @9.234s 5%: 0.10+0.61+0.070 ms clock, 0.84+0.73/0.78/0+0.56 ms cpu, 3->3->1 MB, 4 MB goal, 0 MB stacks, 0 MB globals, 8 P
gc 1654 @9.237s 5%: 0.091+0.75+0.076 ms clock, 0.72+0.81/0.82/0+0.61 ms cpu, 3->3->1 MB, 4 MB goal, 0 MB stacks, 0 MB globals, 8 P
gc 1655 @9.240s 5%: 0.11+0.66+0.079 ms clock, 0.93+0.65/0.70/0+0.63 ms cpu, 3->3->1 MB, 4 MB goal, 0 MB stacks, 0 MB globals, 8 P
gc 1656 @9.244s 5%: 0.11+1.0+0.086 ms clock, 0.91+0.63/0.75/0+0.68 ms cpu, 3->4->1 MB, 4 MB goal, 0 MB stacks, 0 MB globals, 8 P
gc 1657 @9.247s 5%: 0.092+0.61+0.095 ms clock, 0.73+0.81/0.73/0+0.76 ms cpu, 3->3->1 MB, 4 MB goal, 0 MB stacks, 0 MB globals, 8 P
gc 1658 @9.250s 5%: 0.10+0.63+0.089 ms clock, 0.86+0.73/0.81/0+0.71 ms cpu, 3->3->1 MB, 4 MB goal, 0 MB stacks, 0 MB globals, 8 P
gc 1659 @9.253s 5%: 0.13+0.57+0.11 ms clock, 1.0+0.80/0.64/0+0.92 ms cpu, 3->3->1 MB, 4 MB goal, 0 MB stacks, 0 MB globals, 8 P
gc 1660 @9.256s 5%: 0.094+0.53+0.10 ms clock, 0.75+0.74/0.79/0+0.84 ms cpu, 3->3->1 MB, 4 MB goal, 0 MB stacks, 0 MB globals, 8 P
gc 1661 @9.259s 5%: 0.16+0.73+0.072 ms clock, 1.2+0.65/0.86/0+0.57 ms cpu, 3->3->1 MB, 4 MB goal, 0 MB stacks, 0 MB globals, 8 P
gc 1662 @9.262s 5%: 0.10+0.57+0.059 ms clock, 0.82+0.82/0.70/0+0.47 ms cpu, 3->3->1 MB, 4 MB goal, 0 MB stacks, 0 MB globals, 8 P
gc 1663 @9.265s 5%: 0.14+0.84+0.070 ms clock, 1.1+0.62/0.78/0+0.56 ms cpu, 3->3->1 MB, 4 MB goal, 0 MB stacks, 0 MB globals, 8 P
gc 1664 @9.269s 5%: 0.11+0.54+0.10 ms clock, 0.92+0.86/0.68/0+0.82 ms cpu, 3->3->1 MB, 4 MB goal, 0 MB stacks, 0 MB globals, 8 P
gc 1665 @9.272s 5%: 0.13+0.59+0.092 ms clock, 1.0+0.69/0.81/0+0.73 ms cpu, 3->3->1 MB, 4 MB goal, 0 MB stacks, 0 MB globals, 8 P
gc 1666 @9.275s 5%: 0.12+0.50+0.051 ms clock, 0.99+0.78/0.77/0+0.41 ms cpu, 3->3->1 MB, 4 MB goal, 0 MB stacks, 0 MB globals, 8 P
gc 1667 @9.278s 5%: 0.10+0.59+0.085 ms clock, 0.83+0.75/0.82/0+0.68 ms cpu, 3->3->1 MB, 4 MB goal, 0 MB stacks, 0 MB globals, 8 P
gc 1668 @9.281s 5%: 0.10+0.68+0.10 ms clock, 0.81+0.70/0.79/0+0.80 ms cpu, 3->3->1 MB, 4 MB goal, 0 MB stacks, 0 MB globals, 8 P
gc 1669 @9.284s 5%: 0.12+0.53+0.075 ms clock, 0.97+0.81/0.67/0+0.60 ms cpu, 3->3->1 MB, 4 MB goal, 0 MB stacks, 0 MB globals, 8 P
gc 1670 @9.287s 5%: 0.11+0.96+0.078 ms clock, 0.95+0.81/0.61/0+0.62 ms cpu, 3->3->1 MB, 4 MB goal, 0 MB stacks, 0 MB globals, 8 P
gc 1671 @9.290s 5%: 0.10+0.72+0.094 ms clock, 0.87+0.80/0.83/0+0.75 ms cpu, 3->3->1 MB, 4 MB goal, 0 MB stacks, 0 MB globals, 8 P
gc 1672 @9.293s 5%: 0.079+0.92+0.099 ms clock, 0.63+0.62/0.85/0+0.79 ms cpu, 3->3->1 MB, 4 MB goal, 0 MB stacks, 0 MB globals, 8 P
gc 1673 @9.297s 5%: 0.088+0.56+0.14 ms clock, 0.71+0.85/0.72/0+1.1 ms cpu, 3->3->1 MB, 4 MB goal, 0 MB stacks, 0 MB globals, 8 P
gc 1674 @9.300s 5%: 0.14+0.86+0.049 ms clock, 1.1+0.58/0.80/0+0.39 ms cpu, 3->3->1 MB, 4 MB goal, 0 MB stacks, 0 MB globals, 8 P
gc 1675 @9.303s 5%: 0.10+1.1+0.077 ms clock, 0.81+0.75/0.81/0+0.62 ms cpu, 3->4->1 MB, 4 MB goal, 0 MB stacks, 0 MB globals, 8 P
gc 1676 @9.306s 5%: 0.11+0.90+0.089 ms clock, 0.91+0.71/0.78/0+0.71 ms cpu, 3->4->1 MB, 4 MB goal, 0 MB stacks, 0 MB globals, 8 P
gc 1677 @9.310s 5%: 0.11+1.0+0.098 ms clock, 0.92+0.24/0.87/0+0.78 ms cpu, 3->3->1 MB, 4 MB goal, 0 MB stacks, 0 MB globals, 8 P
gc 1678 @9.313s 5%: 0.094+1.0+0.13 ms clock, 0.75+0.34/1.0/0+1.1 ms cpu, 3->3->1 MB, 4 MB goal, 0 MB stacks, 0 MB globals, 8 P
gc 1679 @9.316s 5%: 0.11+0.52+0.071 ms clock, 0.89+0.73/0.71/0+0.57 ms cpu, 3->3->1 MB, 4 MB goal, 0 MB stacks, 0 MB globals, 8 P
gc 1680 @9.319s 5%: 0.088+0.51+0.097 ms clock, 0.70+0.81/0.70/0+0.78 ms cpu, 3->3->1 MB, 4 MB goal, 0 MB stacks, 0 MB globals, 8 P
gc 1681 @9.322s 5%: 0.11+0.57+0.12 ms clock, 0.92+0.88/0.70/0+0.97 ms cpu, 3->3->1 MB, 4 MB goal, 0 MB stacks, 0 MB globals, 8 P
gc 1682 @9.325s 5%: 0.10+1.0+0.096 ms clock, 0.86+0.77/0.74/0+0.77 ms cpu, 3->3->1 MB, 4 MB goal, 0 MB stacks, 0 MB globals, 8 P
gc 1683 @9.328s 5%: 0.088+0.55+0.12 ms clock, 0.70+0.79/0.72/0+0.97 ms cpu, 3->3->1 MB, 4 MB goal, 0 MB stacks, 0 MB globals, 8 P
gc 1684 @9.331s 5%: 0.11+0.61+0.062 ms clock, 0.89+0.63/0.80/0+0.50 ms cpu, 3->3->1 MB, 4 MB goal, 0 MB stacks, 0 MB globals, 8 P
gc 1685 @9.335s 5%: 0.094+0.46+0.092 ms clock, 0.75+0.87/0.67/0+0.74 ms cpu, 3->3->1 MB, 4 MB goal, 0 MB stacks, 0 MB globals, 8 P
gc 1686 @9.338s 5%: 0.11+0.56+0.065 ms clock, 0.94+0.81/0.70/0+0.52 ms cpu, 3->3->1 MB, 4 MB goal, 0 MB stacks, 0 MB globals, 8 P
gc 1687 @9.341s 5%: 0.085+0.55+0.057 ms clock, 0.68+0.70/0.77/0+0.46 ms cpu, 3->3->1 MB, 4 MB goal, 0 MB stacks, 0 MB globals, 8 P
gc 1688 @9.344s 5%: 0.12+0.53+0.092 ms clock, 1.0+0.76/0.71/0+0.73 ms cpu, 3->3->1 MB, 4 MB goal, 0 MB stacks, 0 MB globals, 8 P
gc 1689 @9.347s 5%: 0.10+0.74+0.067 ms clock, 0.81+0.85/0.67/0+0.53 ms cpu, 3->3->1 MB, 4 MB goal, 0 MB stacks, 0 MB globals, 8 P
gc 1690 @9.350s 5%: 0.11+0.49+0.054 ms clock, 0.94+0.80/0.69/0+0.43 ms cpu, 3->3->1 MB, 4 MB goal, 0 MB stacks, 0 MB globals, 8 P
gc 1691 @9.353s 5%: 0.14+0.68+0.090 ms clock, 1.1+0.69/0.78/0+0.72 ms cpu, 3->3->1 MB, 4 MB goal, 0 MB stacks, 0 MB globals, 8 P
gc 1692 @9.356s 5%: 0.10+0.65+0.070 ms clock, 0.85+0.78/0.77/0+0.56 ms cpu, 3->3->1 MB, 4 MB goal, 0 MB stacks, 0 MB globals, 8 P
gc 1693 @9.359s 5%: 0.10+0.53+0.12 ms clock, 0.86+0.86/0.69/0+1.0 ms cpu, 3->3->1 MB, 4 MB goal, 0 MB stacks, 0 MB globals, 8 P
gc 1694 @9.362s 5%: 0.092+0.51+0.046 ms clock, 0.73+0.78/0.74/0+0.37 ms cpu, 3->3->1 MB, 4 MB goal, 0 MB stacks, 0 MB globals, 8 P
gc 1695 @9.365s 5%: 0.098+1.0+0.064 ms clock, 0.78+0.80/0.82/0+0.51 ms cpu, 3->4->1 MB, 4 MB goal, 0 MB stacks, 0 MB globals, 8 P
gc 1696 @9.368s 5%: 0.12+0.61+0.13 ms clock, 1.0+0.77/0.82/0+1.1 ms cpu, 3->3->1 MB, 4 MB goal, 0 MB stacks, 0 MB globals, 8 P
gc 1697 @9.372s 5%: 0.11+0.84+0.080 ms clock, 0.89+0.80/0.78/0+0.64 ms cpu, 3->3->1 MB, 4 MB goal, 0 MB stacks, 0 MB globals, 8 P
gc 1698 @9.375s 5%: 0.13+0.77+0.093 ms clock, 1.0+0.74/0.69/0+0.74 ms cpu, 3->3->1 MB, 4 MB goal, 0 MB stacks, 0 MB globals, 8 P
gc 1699 @9.378s 5%: 0.14+0.78+0.12 ms clock, 1.1+0.67/0.93/0+0.98 ms cpu, 3->3->1 MB, 4 MB goal, 0 MB stacks, 0 MB globals, 8 P
gc 1700 @9.381s 5%: 0.13+0.70+0.073 ms clock, 1.0+0.78/0.83/0+0.58 ms cpu, 3->3->1 MB, 4 MB goal, 0 MB stacks, 0 MB globals, 8 P
gc 1701 @9.384s 5%: 0.10+0.57+0.10 ms clock, 0.87+0.70/0.79/0+0.80 ms cpu, 3->3->1 MB, 4 MB goal, 0 MB stacks, 0 MB globals, 8 P
gc 1702 @9.387s 5%: 0.075+1.0+0.067 ms clock, 0.60+0.75/0.70/0+0.54 ms cpu, 3->3->1 MB, 4 MB goal, 0 MB stacks, 0 MB globals, 8 P
gc 1703 @9.391s 5%: 0.13+0.52+0.054 ms clock, 1.1+0.82/0.71/0+0.43 ms cpu, 3->3->1 MB, 4 MB goal, 0 MB stacks, 0 MB globals, 8 P
gc 1704 @9.394s 5%: 0.12+0.59+0.062 ms clock, 0.96+0.74/0.78/0+0.50 ms cpu, 3->3->1 MB, 4 MB goal, 0 MB stacks, 0 MB globals, 8 P
gc 1705 @9.397s 5%: 0.11+0.54+0.10 ms clock, 0.95+0.76/0.78/0+0.82 ms cpu, 3->3->1 MB, 4 MB goal, 0 MB stacks, 0 MB globals, 8 P
gc 1706 @9.400s 5%: 0.12+0.57+0.13 ms clock, 0.99+0.89/0.72/0+1.1 ms cpu, 3->3->1 MB, 4 MB goal, 0 MB stacks, 0 MB globals, 8 P
gc 1707 @9.403s 5%: 0.099+0.83+0.090 ms clock, 0.79+0.64/0.79/0+0.72 ms cpu, 3->3->1 MB, 4 MB goal, 0 MB stacks, 0 MB globals, 8 P
gc 1708 @9.406s 5%: 0.085+0.57+0.089 ms clock, 0.68+0.86/0.65/0+0.71 ms cpu, 3->3->1 MB, 4 MB goal, 0 MB stacks, 0 MB globals, 8 P
gc 1709 @9.409s 5%: 0.12+0.62+0.10 ms clock, 0.98+0.94/0.80/0+0.80 ms cpu, 3->3->1 MB, 4 MB goal, 0 MB stacks, 0 MB globals, 8 P
gc 1710 @9.412s 5%: 0.072+0.45+0.095 ms clock, 0.58+0.92/0.56/0+0.76 ms cpu, 3->3->1 MB, 4 MB goal, 0 MB stacks, 0 MB globals, 8 P
gc 1711 @9.415s 5%: 0.092+0.51+0.084 ms clock, 0.74+0.74/0.62/0+0.67 ms cpu, 3->3->1 MB, 4 MB goal, 0 MB stacks, 0 MB globals, 8 P
gc 1712 @9.418s 5%: 0.12+0.65+0.10 ms clock, 0.99+0.67/0.85/0+0.83 ms cpu, 3->3->1 MB, 4 MB goal, 0 MB stacks, 0 MB globals, 8 P
gc 1713 @9.421s 5%: 0.12+1.1+0.096 ms clock, 1.0+0.88/0.67/0+0.77 ms cpu, 3->4->1 MB, 4 MB goal, 0 MB stacks, 0 MB globals, 8 P
gc 1714 @9.425s 5%: 0.12+2.7+0.088 ms clock, 0.99+0.62/0.78/0+0.71 ms cpu, 3->4->2 MB, 4 MB goal, 0 MB stacks, 0 MB globals, 8 P
gc 1715 @9.429s 5%: 0.10+0.61+0.063 ms clock, 0.80+0.91/0.78/0+0.50 ms cpu, 3->4->1 MB, 4 MB goal, 0 MB stacks, 0 MB globals, 8 P
gc 1716 @9.432s 5%: 0.13+0.57+0.068 ms clock, 1.0+0.68/0.80/0+0.54 ms cpu, 3->3->1 MB, 4 MB goal, 0 MB stacks, 0 MB globals, 8 P
gc 1717 @9.435s 5%: 0.086+0.62+0.052 ms clock, 0.69+0.70/0.68/0+0.42 ms cpu, 3->3->1 MB, 4 MB goal, 0 MB stacks, 0 MB globals, 8 P
gc 1718 @9.438s 5%: 0.11+0.70+0.077 ms clock, 0.88+0.75/0.80/0+0.62 ms cpu, 3->3->1 MB, 4 MB goal, 0 MB stacks, 0 MB globals, 8 P
gc 1719 @9.441s 5%: 0.089+0.54+0.10 ms clock, 0.71+0.87/0.76/0+0.86 ms cpu, 3->3->1 MB, 4 MB goal, 0 MB stacks, 0 MB globals, 8 P
gc 1720 @9.444s 5%: 0.11+0.64+0.085 ms clock, 0.91+0.82/0.75/0+0.68 ms cpu, 3->3->1 MB, 4 MB goal, 0 MB stacks, 0 MB globals, 8 P
gc 1721 @9.447s 5%: 0.11+0.59+0.064 ms clock, 0.90+0.74/0.76/0+0.51 ms cpu, 3->3->1 MB, 4 MB goal, 0 MB stacks, 0 MB globals, 8 P
gc 1722 @9.450s 5%: 0.099+0.64+0.082 ms clock, 0.79+0.69/0.90/0+0.66 ms cpu, 3->3->1 MB, 4 MB goal, 0 MB stacks, 0 MB globals, 8 P
gc 1723 @9.453s 5%: 0.099+0.58+0.092 ms clock, 0.79+0.80/0.71/0+0.74 ms cpu, 3->3->1 MB, 4 MB goal, 0 MB stacks, 0 MB globals, 8 P
gc 1724 @9.456s 5%: 0.10+0.66+0.11 ms clock, 0.87+0.74/0.84/0+0.90 ms cpu, 3->3->1 MB, 4 MB goal, 0 MB stacks, 0 MB globals, 8 P
gc 1725 @9.459s 5%: 0.10+0.53+0.078 ms clock, 0.81+0.79/0.70/0+0.62 ms cpu, 3->3->1 MB, 4 MB goal, 0 MB stacks, 0 MB globals, 8 P
gc 1726 @9.463s 5%: 0.10+0.62+0.083 ms clock, 0.82+0.86/0.76/0+0.66 ms cpu, 3->3->1 MB, 4 MB goal, 0 MB stacks, 0 MB globals, 8 P
gc 1727 @9.466s 5%: 0.077+0.55+0.092 ms clock, 0.62+0.84/0.70/0+0.74 ms cpu, 3->3->1 MB, 4 MB goal, 0 MB stacks, 0 MB globals, 8 P
gc 1728 @9.469s 5%: 0.14+0.91+0.10 ms clock, 1.1+0.74/0.77/0+0.80 ms cpu, 3->3->1 MB, 4 MB goal, 0 MB stacks, 0 MB globals, 8 P
gc 1729 @9.472s 5%: 0.10+0.56+0.095 ms clock, 0.85+0.71/0.70/0+0.76 ms cpu, 3->3->1 MB, 4 MB goal, 0 MB stacks, 0 MB globals, 8 P
gc 1730 @9.475s 5%: 0.10+0.53+0.055 ms clock, 0.85+0.80/0.77/0+0.44 ms cpu, 3->3->1 MB, 4 MB goal, 0 MB stacks, 0 MB globals, 8 P
gc 1731 @9.478s 5%: 0.11+0.56+0.057 ms clock, 0.94+0.71/0.81/0+0.45 ms cpu, 3->3->1 MB, 4 MB goal, 0 MB stacks, 0 MB globals, 8 P
gc 1732 @9.481s 5%: 0.11+0.64+0.11 ms clock, 0.89+0.82/0.73/0+0.91 ms cpu, 3->3->1 MB, 4 MB goal, 0 MB stacks, 0 MB globals, 8 P
gc 1733 @9.484s 5%: 0.098+0.56+0.097 ms clock, 0.78+0.75/0.70/0+0.78 ms cpu, 3->3->1 MB, 4 MB goal, 0 MB stacks, 0 MB globals, 8 P
gc 1734 @9.487s 5%: 0.088+0.65+0.098 ms clock, 0.70+0.70/0.79/0+0.79 ms cpu, 3->3->1 MB, 4 MB goal, 0 MB stacks, 0 MB globals, 8 P
gc 1735 @9.490s 5%: 0.11+0.58+0.081 ms clock, 0.91+0.74/0.73/0+0.65 ms cpu, 3->3->1 MB, 4 MB goal, 0 MB stacks, 0 MB globals, 8 P
gc 1736 @9.493s 5%: 0.11+0.61+0.066 ms clock, 0.91+0.78/0.75/0+0.53 ms cpu, 3->3->1 MB, 4 MB goal, 0 MB stacks, 0 MB globals, 8 P
gc 1737 @9.496s 5%: 0.094+0.99+0.091 ms clock, 0.75+0.37/0.92/0+0.73 ms cpu, 3->3->1 MB, 4 MB goal, 0 MB stacks, 0 MB globals, 8 P
gc 1738 @9.500s 5%: 0.10+0.63+0.089 ms clock, 0.87+0.69/0.80/0+0.71 ms cpu, 3->3->1 MB, 4 MB goal, 0 MB stacks, 0 MB globals, 8 P
gc 1739 @9.503s 5%: 0.091+0.48+0.10 ms clock, 0.73+0.82/0.68/0+0.87 ms cpu, 3->3->1 MB, 4 MB goal, 0 MB stacks, 0 MB globals, 8 P
gc 1740 @9.506s 5%: 0.10+0.65+0.088 ms clock, 0.87+0.67/0.78/0+0.70 ms cpu, 3->3->1 MB, 4 MB goal, 0 MB stacks, 0 MB globals, 8 P
gc 1741 @9.509s 5%: 0.083+0.57+0.085 ms clock, 0.66+0.67/0.80/0+0.68 ms cpu, 3->3->1 MB, 4 MB goal, 0 MB stacks, 0 MB globals, 8 P
gc 1742 @9.512s 5%: 0.13+0.57+0.078 ms clock, 1.0+0.72/0.75/0+0.62 ms cpu, 3->3->1 MB, 4 MB goal, 0 MB stacks, 0 MB globals, 8 P
gc 1743 @9.515s 5%: 0.095+0.69+0.080 ms clock, 0.76+0.82/0.75/0+0.64 ms cpu, 3->3->1 MB, 4 MB goal, 0 MB stacks, 0 MB globals, 8 P
gc 1744 @9.518s 5%: 0.10+0.67+0.10 ms clock, 0.84+0.65/0.86/0+0.86 ms cpu, 3->3->1 MB, 4 MB goal, 0 MB stacks, 0 MB globals, 8 P
gc 1745 @9.521s 5%: 0.14+0.63+0.11 ms clock, 1.1+0.77/0.72/0+0.91 ms cpu, 3->3->1 MB, 4 MB goal, 0 MB stacks, 0 MB globals, 8 P
gc 1746 @9.524s 5%: 0.14+0.59+0.10 ms clock, 1.1+0.78/0.75/0+0.83 ms cpu, 3->3->1 MB, 4 MB goal, 0 MB stacks, 0 MB globals, 8 P
gc 1747 @9.527s 5%: 0.081+0.56+0.046 ms clock, 0.65+0.80/0.69/0+0.37 ms cpu, 3->3->1 MB, 4 MB goal, 0 MB stacks, 0 MB globals, 8 P
gc 1748 @9.530s 5%: 0.098+0.61+0.10 ms clock, 0.78+0.73/0.78/0+0.84 ms cpu, 3->3->1 MB, 4 MB goal, 0 MB stacks, 0 MB globals, 8 P
gc 1749 @9.534s 5%: 0.11+0.63+0.075 ms clock, 0.91+0.70/0.73/0+0.60 ms cpu, 3->3->1 MB, 4 MB goal, 0 MB stacks, 0 MB globals, 8 P
gc 1750 @9.537s 5%: 0.12+0.82+0.085 ms clock, 1.0+0.58/0.73/0+0.68 ms cpu, 3->3->1 MB, 4 MB goal, 0 MB stacks, 0 MB globals, 8 P
gc 1751 @9.540s 5%: 0.14+0.59+0.065 ms clock, 1.1+0.70/0.82/0+0.52 ms cpu, 3->3->1 MB, 4 MB goal, 0 MB stacks, 0 MB globals, 8 P
gc 1752 @9.543s 5%: 0.12+0.56+0.096 ms clock, 0.98+0.72/0.79/0+0.77 ms cpu, 3->3->1 MB, 4 MB goal, 0 MB stacks, 0 MB globals, 8 P
gc 1753 @9.546s 5%: 0.058+0.62+0.062 ms clock, 0.46+0.84/0.77/0+0.50 ms cpu, 3->3->1 MB, 4 MB goal, 0 MB stacks, 0 MB globals, 8 P
gc 1754 @9.549s 5%: 0.11+0.60+0.098 ms clock, 0.94+0.89/0.77/0+0.78 ms cpu, 3->3->1 MB, 4 MB goal, 0 MB stacks, 0 MB globals, 8 P
gc 1755 @9.552s 5%: 0.12+0.56+0.10 ms clock, 0.99+0.79/0.69/0+0.81 ms cpu, 3->3->1 MB, 4 MB goal, 0 MB stacks, 0 MB globals, 8 P
gc 1756 @9.555s 5%: 0.12+1.3+0.039 ms clock, 0.97+0.88/0.76/0+0.31 ms cpu, 3->4->1 MB, 4 MB goal, 0 MB stacks, 0 MB globals, 8 P
gc 1757 @9.559s 5%: 0.11+0.52+0.073 ms clock, 0.90+0.68/0.74/0+0.58 ms cpu, 3->3->1 MB, 4 MB goal, 0 MB stacks, 0 MB globals, 8 P
gc 1758 @9.562s 5%: 0.11+1.0+0.099 ms clock, 0.90+0.88/0.66/0+0.79 ms cpu, 3->3->1 MB, 4 MB goal, 0 MB stacks, 0 MB globals, 8 P
gc 1759 @9.565s 5%: 0.11+0.62+0.065 ms clock, 0.95+0.72/0.75/0+0.52 ms cpu, 3->3->1 MB, 4 MB goal, 0 MB stacks, 0 MB globals, 8 P
gc 1760 @9.568s 5%: 0.10+0.57+0.095 ms clock, 0.80+0.76/0.73/0+0.76 ms cpu, 3->3->1 MB, 4 MB goal, 0 MB stacks, 0 MB globals, 8 P
gc 1761 @9.571s 5%: 0.13+0.67+0.10 ms clock, 1.0+0.81/0.84/0+0.85 ms cpu, 3->3->1 MB, 4 MB goal, 0 MB stacks, 0 MB globals, 8 P
gc 1762 @9.574s 5%: 0.090+0.57+0.096 ms clock, 0.72+0.78/0.71/0+0.77 ms cpu, 3->3->1 MB, 4 MB goal, 0 MB stacks, 0 MB globals, 8 P
gc 1763 @9.577s 5%: 0.095+0.91+0.096 ms clock, 0.76+0.83/0.82/0+0.76 ms cpu, 3->3->1 MB, 4 MB goal, 0 MB stacks, 0 MB globals, 8 P
gc 1764 @9.581s 5%: 0.10+1.0+0.079 ms clock, 0.81+0.64/1.1/0+0.63 ms cpu, 3->3->1 MB, 4 MB goal, 0 MB stacks, 0 MB globals, 8 P
gc 1765 @9.584s 5%: 0.055+0.92+0.10 ms clock, 0.44+0.71/0.74/0+0.82 ms cpu, 3->3->1 MB, 4 MB goal, 0 MB stacks, 0 MB globals, 8 P
gc 1766 @9.587s 5%: 0.10+0.59+0.053 ms clock, 0.83+0.78/0.75/0+0.42 ms cpu, 3->3->1 MB, 4 MB goal, 0 MB stacks, 0 MB globals, 8 P
gc 1767 @9.590s 5%: 0.10+0.64+0.093 ms clock, 0.82+0.73/0.81/0+0.74 ms cpu, 3->3->1 MB, 4 MB goal, 0 MB stacks, 0 MB globals, 8 P
gc 1768 @9.593s 5%: 0.083+0.57+0.099 ms clock, 0.66+0.83/0.69/0+0.79 ms cpu, 3->3->1 MB, 4 MB goal, 0 MB stacks, 0 MB globals, 8 P
gc 1769 @9.596s 5%: 0.098+0.56+0.10 ms clock, 0.78+0.79/0.75/0+0.86 ms cpu, 3->3->1 MB, 4 MB goal, 0 MB stacks, 0 MB globals, 8 P
gc 1770 @9.600s 5%: 0.16+0.64+0.089 ms clock, 1.3+1.0/0.78/0+0.71 ms cpu, 3->3->1 MB, 4 MB goal, 0 MB stacks, 0 MB globals, 8 P
gc 1771 @9.603s 5%: 0.14+0.55+0.090 ms clock, 1.1+0.71/0.80/0+0.72 ms cpu, 3->3->1 MB, 4 MB goal, 0 MB stacks, 0 MB globals, 8 P
gc 1772 @9.606s 5%: 0.11+0.95+0.082 ms clock, 0.91+0.66/0.75/0+0.66 ms cpu, 3->3->1 MB, 4 MB goal, 0 MB stacks, 0 MB globals, 8 P
gc 1773 @9.609s 5%: 0.11+0.64+0.12 ms clock, 0.89+0.83/0.85/0+1.0 ms cpu, 3->3->1 MB, 4 MB goal, 0 MB stacks, 0 MB globals, 8 P
gc 1774 @9.612s 5%: 0.094+0.80+0.042 ms clock, 0.75+0.81/0.72/0+0.34 ms cpu, 3->3->1 MB, 4 MB goal, 0 MB stacks, 0 MB globals, 8 P
gc 1775 @9.615s 5%: 0.10+0.86+0.096 ms clock, 0.83+1.2/0.72/0+0.77 ms cpu, 3->3->1 MB, 4 MB goal, 0 MB stacks, 0 MB globals, 8 P
gc 1776 @9.618s 5%: 0.11+0.91+0.096 ms clock, 0.90+0.61/0.85/0+0.77 ms cpu, 3->3->1 MB, 4 MB goal, 0 MB stacks, 0 MB globals, 8 P
gc 1777 @9.622s 5%: 0.12+0.68+0.053 ms clock, 0.96+0.73/0.77/0+0.42 ms cpu, 3->3->1 MB, 4 MB goal, 0 MB stacks, 0 MB globals, 8 P
gc 1778 @9.625s 5%: 0.11+1.2+0.064 ms clock, 0.94+0.63/0.76/0+0.51 ms cpu, 3->4->1 MB, 4 MB goal, 0 MB stacks, 0 MB globals, 8 P
gc 1779 @9.628s 5%: 0.075+0.57+0.082 ms clock, 0.60+0.96/0.62/0+0.66 ms cpu, 3->3->1 MB, 4 MB goal, 0 MB stacks, 0 MB globals, 8 P
gc 1780 @9.631s 5%: 0.096+0.45+0.092 ms clock, 0.77+0.83/0.70/0+0.74 ms cpu, 3->3->1 MB, 4 MB goal, 0 MB stacks, 0 MB globals, 8 P
gc 1781 @9.634s 5%: 0.077+0.64+0.12 ms clock, 0.62+0.88/0.76/0+0.97 ms cpu, 3->3->1 MB, 4 MB goal, 0 MB stacks, 0 MB globals, 8 P
gc 1782 @9.637s 5%: 0.099+0.50+0.12 ms clock, 0.79+0.70/0.72/0+0.96 ms cpu, 3->3->1 MB, 4 MB goal, 0 MB stacks, 0 MB globals, 8 P
gc 1783 @9.640s 5%: 0.13+0.63+0.080 ms clock, 1.1+0.84/0.72/0+0.64 ms cpu, 3->3->1 MB, 4 MB goal, 0 MB stacks, 0 MB globals, 8 P
gc 1784 @9.644s 5%: 0.11+0.55+0.099 ms clock, 0.89+0.67/0.77/0+0.79 ms cpu, 3->3->1 MB, 4 MB goal, 0 MB stacks, 0 MB globals, 8 P
gc 1785 @9.647s 5%: 0.12+0.91+0.084 ms clock, 0.97+0.71/0.84/0+0.67 ms cpu, 3->3->1 MB, 4 MB goal, 0 MB stacks, 0 MB globals, 8 P
gc 1786 @9.650s 5%: 0.12+0.63+0.11 ms clock, 1.0+0.78/0.73/0+0.91 ms cpu, 3->3->1 MB, 4 MB goal, 0 MB stacks, 0 MB globals, 8 P
gc 1787 @9.653s 5%: 0.13+0.97+0.095 ms clock, 1.0+0.71/0.86/0+0.76 ms cpu, 3->3->1 MB, 4 MB goal, 0 MB stacks, 0 MB globals, 8 P
gc 1788 @9.656s 5%: 0.070+0.91+0.10 ms clock, 0.56+0.88/0.64/0+0.82 ms cpu, 3->3->1 MB, 4 MB goal, 0 MB stacks, 0 MB globals, 8 P
gc 1789 @9.659s 5%: 0.10+0.57+0.093 ms clock, 0.81+0.89/0.71/0+0.74 ms cpu, 3->3->1 MB, 4 MB goal, 0 MB stacks, 0 MB globals, 8 P
gc 1790 @9.662s 5%: 0.080+0.53+0.092 ms clock, 0.64+0.81/0.73/0+0.73 ms cpu, 3->3->1 MB, 4 MB goal, 0 MB stacks, 0 MB globals, 8 P
gc 1791 @9.665s 5%: 0.12+0.58+0.13 ms clock, 0.96+0.72/0.76/0+1.0 ms cpu, 3->3->1 MB, 4 MB goal, 0 MB stacks, 0 MB globals, 8 P
gc 1792 @9.669s 5%: 0.10+0.54+0.092 ms clock, 0.84+0.80/0.72/0+0.74 ms cpu, 3->3->1 MB, 4 MB goal, 0 MB stacks, 0 MB globals, 8 P
gc 1793 @9.671s 5%: 0.089+1.1+0.10 ms clock, 0.71+0.67/0.93/0+0.84 ms cpu, 3->3->1 MB, 4 MB goal, 0 MB stacks, 0 MB globals, 8 P
gc 1794 @9.675s 5%: 0.10+0.58+0.10 ms clock, 0.82+0.70/0.79/0+0.86 ms cpu, 3->3->1 MB, 4 MB goal, 0 MB stacks, 0 MB globals, 8 P
gc 1795 @9.678s 5%: 0.12+0.84+0.057 ms clock, 0.99+0.73/0.78/0+0.45 ms cpu, 3->3->1 MB, 4 MB goal, 0 MB stacks, 0 MB globals, 8 P
gc 1796 @9.681s 5%: 0.11+0.53+0.11 ms clock, 0.92+0.86/0.79/0+0.88 ms cpu, 3->3->1 MB, 4 MB goal, 0 MB stacks, 0 MB globals, 8 P
gc 1797 @9.684s 5%: 0.13+0.82+0.11 ms clock, 1.1+0.76/0.76/0+0.88 ms cpu, 3->3->1 MB, 4 MB goal, 0 MB stacks, 0 MB globals, 8 P
gc 1798 @9.687s 5%: 0.084+0.52+0.073 ms clock, 0.67+0.74/0.70/0+0.58 ms cpu, 3->3->1 MB, 4 MB goal, 0 MB stacks, 0 MB globals, 8 P
gc 1799 @9.690s 5%: 0.084+0.56+0.058 ms clock, 0.67+0.67/0.75/0+0.46 ms cpu, 3->3->1 MB, 4 MB goal, 0 MB stacks, 0 MB globals, 8 P
gc 1800 @9.693s 5%: 0.15+0.81+0.072 ms clock, 1.2+0.68/0.91/0+0.58 ms cpu, 3->3->1 MB, 4 MB goal, 0 MB stacks, 0 MB globals, 8 P
gc 1801 @9.696s 5%: 0.084+1.2+0.076 ms clock, 0.67+0.84/0.70/0+0.61 ms cpu, 3->3->1 MB, 4 MB goal, 0 MB stacks, 0 MB globals, 8 P
gc 1802 @9.700s 5%: 0.16+0.89+0.055 ms clock, 1.3+0.78/0.77/0+0.44 ms cpu, 3->3->1 MB, 4 MB goal, 0 MB stacks, 0 MB globals, 8 P
gc 1803 @9.703s 5%: 0.091+0.53+0.092 ms clock, 0.73+0.90/0.66/0+0.73 ms cpu, 3->3->1 MB, 4 MB goal, 0 MB stacks, 0 MB globals, 8 P
gc 1804 @9.706s 5%: 0.092+1.1+0.098 ms clock, 0.74+1.6/0.72/0.013+0.79 ms cpu, 3->3->1 MB, 4 MB goal, 0 MB stacks, 0 MB globals, 8 P
gc 1805 @9.709s 5%: 0.11+0.69+0.094 ms clock, 0.95+0.78/0.88/0+0.75 ms cpu, 3->3->1 MB, 4 MB goal, 0 MB stacks, 0 MB globals, 8 P
gc 1806 @9.712s 5%: 0.14+0.57+0.064 ms clock, 1.1+0.80/0.73/0+0.51 ms cpu, 3->3->1 MB, 4 MB goal, 0 MB stacks, 0 MB globals, 8 P
gc 1807 @9.715s 5%: 0.10+0.54+0.077 ms clock, 0.84+0.72/0.75/0+0.61 ms cpu, 3->3->1 MB, 4 MB goal, 0 MB stacks, 0 MB globals, 8 P
gc 1808 @9.718s 5%: 0.11+1.0+0.073 ms clock, 0.91+0.79/0.68/0+0.59 ms cpu, 3->3->1 MB, 4 MB goal, 0 MB stacks, 0 MB globals, 8 P
gc 1809 @9.721s 5%: 0.13+0.73+0.12 ms clock, 1.0+0.67/0.77/0+1.0 ms cpu, 3->3->1 MB, 4 MB goal, 0 MB stacks, 0 MB globals, 8 P
gc 1810 @9.725s 5%: 0.11+1.2+0.070 ms clock, 0.93+0.78/0.77/0+0.56 ms cpu, 3->3->1 MB, 4 MB goal, 0 MB stacks, 0 MB globals, 8 P
gc 1811 @9.728s 5%: 0.10+0.58+0.11 ms clock, 0.86+0.83/0.72/0+0.90 ms cpu, 3->3->1 MB, 4 MB goal, 0 MB stacks, 0 MB globals, 8 P
gc 1812 @9.731s 5%: 0.13+0.54+0.11 ms clock, 1.0+0.80/0.74/0+0.91 ms cpu, 3->3->1 MB, 4 MB goal, 0 MB stacks, 0 MB globals, 8 P
gc 1813 @9.734s 5%: 0.098+0.57+0.10 ms clock, 0.78+0.72/0.78/0+0.81 ms cpu, 3->3->1 MB, 4 MB goal, 0 MB stacks, 0 MB globals, 8 P
gc 1814 @9.737s 5%: 0.081+0.64+0.073 ms clock, 0.65+0.67/0.82/0+0.58 ms cpu, 3->3->1 MB, 4 MB goal, 0 MB stacks, 0 MB globals, 8 P
gc 1815 @9.740s 5%: 0.091+0.67+0.050 ms clock, 0.73+0.73/0.84/0+0.40 ms cpu, 3->3->1 MB, 4 MB goal, 0 MB stacks, 0 MB globals, 8 P
gc 1816 @9.743s 5%: 0.083+1.1+0.094 ms clock, 0.66+0.68/0.79/0+0.75 ms cpu, 3->3->1 MB, 4 MB goal, 0 MB stacks, 0 MB globals, 8 P
gc 1817 @9.747s 5%: 0.11+1.5+0.074 ms clock, 0.95+0.23/0.99/0+0.59 ms cpu, 3->4->1 MB, 4 MB goal, 0 MB stacks, 0 MB globals, 8 P
gc 1818 @9.751s 5%: 0.57+0.95+0.049 ms clock, 4.6+0.58/0.96/0.16+0.39 ms cpu, 3->4->1 MB, 4 MB goal, 0 MB stacks, 0 MB globals, 8 P
gc 1819 @9.754s 5%: 0.12+0.96+0.089 ms clock, 1.0+0.55/0.76/0+0.71 ms cpu, 3->4->1 MB, 4 MB goal, 0 MB stacks, 0 MB globals, 8 P
gc 1820 @9.757s 5%: 0.11+0.76+0.050 ms clock, 0.90+0.73/0.74/0+0.40 ms cpu, 3->3->1 MB, 4 MB goal, 0 MB stacks, 0 MB globals, 8 P
gc 1821 @9.760s 5%: 0.10+1.1+0.057 ms clock, 0.81+1.2/0.79/0+0.46 ms cpu, 3->4->1 MB, 4 MB goal, 0 MB stacks, 0 MB globals, 8 P
gc 1822 @9.764s 5%: 0.12+0.90+0.10 ms clock, 0.97+0.67/0.75/0+0.80 ms cpu, 3->4->1 MB, 4 MB goal, 0 MB stacks, 0 MB globals, 8 P
gc 1823 @9.767s 5%: 0.12+0.90+0.061 ms clock, 1.0+0.62/0.77/0+0.49 ms cpu, 3->3->1 MB, 4 MB goal, 0 MB stacks, 0 MB globals, 8 P
gc 1824 @9.770s 5%: 0.11+0.85+0.12 ms clock, 0.90+0.78/0.69/0+0.98 ms cpu, 3->3->1 MB, 4 MB goal, 0 MB stacks, 0 MB globals, 8 P
gc 1825 @9.773s 5%: 0.11+0.63+0.10 ms clock, 0.91+0.81/0.75/0+0.83 ms cpu, 3->3->1 MB, 4 MB goal, 0 MB stacks, 0 MB globals, 8 P
gc 1826 @9.776s 5%: 0.098+0.60+0.079 ms clock, 0.78+0.83/0.73/0+0.63 ms cpu, 3->3->1 MB, 4 MB goal, 0 MB stacks, 0 MB globals, 8 P
gc 1827 @9.779s 5%: 0.13+0.66+0.080 ms clock, 1.0+0.77/0.76/0+0.64 ms cpu, 3->3->1 MB, 4 MB goal, 0 MB stacks, 0 MB globals, 8 P
gc 1828 @9.783s 5%: 0.11+0.74+0.092 ms clock, 0.88+0.81/0.65/0+0.74 ms cpu, 3->3->1 MB, 4 MB goal, 0 MB stacks, 0 MB globals, 8 P
gc 1829 @9.786s 5%: 0.074+1.0+0.10 ms clock, 0.59+0.86/0.74/0+0.82 ms cpu, 3->3->1 MB, 4 MB goal, 0 MB stacks, 0 MB globals, 8 P
gc 1830 @9.789s 5%: 0.091+0.74+0.050 ms clock, 0.72+0.65/0.70/0+0.40 ms cpu, 3->3->1 MB, 4 MB goal, 0 MB stacks, 0 MB globals, 8 P
gc 1831 @9.792s 5%: 0.12+0.60+0.093 ms clock, 1.0+0.77/0.80/0+0.75 ms cpu, 3->3->1 MB, 4 MB goal, 0 MB stacks, 0 MB globals, 8 P
gc 1832 @9.795s 5%: 0.094+1.1+0.082 ms clock, 0.75+0.60/0.79/0+0.65 ms cpu, 3->4->1 MB, 4 MB goal, 0 MB stacks, 0 MB globals, 8 P
gc 1833 @9.799s 5%: 0.11+1.3+0.076 ms clock, 0.91+0.67/0.75/0+0.61 ms cpu, 3->4->1 MB, 4 MB goal, 0 MB stacks, 0 MB globals, 8 P
gc 1834 @9.802s 5%: 0.10+1.6+0.070 ms clock, 0.86+1.2/0.90/0+0.56 ms cpu, 3->4->1 MB, 4 MB goal, 0 MB stacks, 0 MB globals, 8 P
gc 1835 @9.806s 5%: 0.093+0.60+0.092 ms clock, 0.74+0.74/0.75/0+0.74 ms cpu, 3->4->1 MB, 4 MB goal, 0 MB stacks, 0 MB globals, 8 P
gc 1836 @9.809s 5%: 0.12+0.64+0.12 ms clock, 0.97+0.83/0.70/0+0.97 ms cpu, 3->3->1 MB, 4 MB goal, 0 MB stacks, 0 MB globals, 8 P
gc 1837 @9.812s 5%: 0.10+0.58+0.049 ms clock, 0.83+0.77/0.72/0+0.39 ms cpu, 3->3->1 MB, 4 MB goal, 0 MB stacks, 0 MB globals, 8 P
gc 1838 @9.815s 5%: 0.11+0.60+0.097 ms clock, 0.93+0.78/0.68/0+0.77 ms cpu, 3->3->1 MB, 4 MB goal, 0 MB stacks, 0 MB globals, 8 P
gc 1839 @9.818s 5%: 0.12+0.66+0.075 ms clock, 1.0+0.79/0.80/0+0.60 ms cpu, 3->3->1 MB, 4 MB goal, 0 MB stacks, 0 MB globals, 8 P
gc 1840 @9.822s 5%: 0.087+0.89+0.064 ms clock, 0.69+0.74/0.77/0+0.51 ms cpu, 3->3->1 MB, 4 MB goal, 0 MB stacks, 0 MB globals, 8 P
gc 1841 @9.825s 5%: 0.061+0.63+0.10 ms clock, 0.49+0.73/0.86/0+0.81 ms cpu, 3->3->1 MB, 4 MB goal, 0 MB stacks, 0 MB globals, 8 P
gc 1842 @9.828s 5%: 0.13+0.90+0.11 ms clock, 1.0+0.83/0.76/0+0.88 ms cpu, 3->3->1 MB, 4 MB goal, 0 MB stacks, 0 MB globals, 8 P
gc 1843 @9.831s 5%: 0.092+0.63+0.10 ms clock, 0.73+0.70/0.79/0+0.82 ms cpu, 3->3->1 MB, 4 MB goal, 0 MB stacks, 0 MB globals, 8 P
gc 1844 @9.834s 5%: 0.13+0.64+0.10 ms clock, 1.0+0.69/0.81/0+0.86 ms cpu, 3->3->1 MB, 4 MB goal, 0 MB stacks, 0 MB globals, 8 P
gc 1845 @9.837s 5%: 0.13+0.50+0.064 ms clock, 1.0+0.79/0.72/0+0.51 ms cpu, 3->3->1 MB, 4 MB goal, 0 MB stacks, 0 MB globals, 8 P
gc 1846 @9.840s 5%: 0.10+0.48+0.072 ms clock, 0.86+0.74/0.67/0+0.58 ms cpu, 3->3->1 MB, 4 MB goal, 0 MB stacks, 0 MB globals, 8 P
gc 1847 @9.843s 5%: 0.10+1.3+0.080 ms clock, 0.81+1.4/0.74/0+0.64 ms cpu, 3->4->1 MB, 4 MB goal, 0 MB stacks, 0 MB globals, 8 P
gc 1848 @9.847s 5%: 0.12+0.93+0.12 ms clock, 0.97+0.64/0.73/0+0.99 ms cpu, 3->4->1 MB, 4 MB goal, 0 MB stacks, 0 MB globals, 8 P
gc 1849 @9.850s 5%: 0.12+1.0+0.057 ms clock, 1.0+0.82/0.65/0+0.46 ms cpu, 3->3->1 MB, 4 MB goal, 0 MB stacks, 0 MB globals, 8 P
gc 1850 @9.853s 5%: 0.13+1.0+0.14 ms clock, 1.1+0.75/0.79/0+1.1 ms cpu, 3->3->1 MB, 4 MB goal, 0 MB stacks, 0 MB globals, 8 P
gc 1851 @9.857s 5%: 0.090+0.53+0.12 ms clock, 0.72+0.68/0.74/0+0.97 ms cpu, 3->3->1 MB, 4 MB goal, 0 MB stacks, 0 MB globals, 8 P
gc 1852 @9.860s 5%: 0.085+1.4+0.10 ms clock, 0.68+0.67/0.79/0+0.86 ms cpu, 3->4->2 MB, 4 MB goal, 0 MB stacks, 0 MB globals, 8 P
gc 1853 @9.864s 5%: 0.082+0.77+0.084 ms clock, 0.66+0.72/0.75/0+0.67 ms cpu, 3->4->1 MB, 4 MB goal, 0 MB stacks, 0 MB globals, 8 P
gc 1854 @9.867s 5%: 0.066+0.61+0.11 ms clock, 0.53+0.87/0.70/0+0.92 ms cpu, 3->3->1 MB, 4 MB goal, 0 MB stacks, 0 MB globals, 8 P
gc 1855 @9.870s 5%: 0.096+0.51+0.096 ms clock, 0.77+0.79/0.77/0+0.77 ms cpu, 3->3->1 MB, 4 MB goal, 0 MB stacks, 0 MB globals, 8 P
gc 1856 @9.873s 5%: 0.11+0.60+0.10 ms clock, 0.94+0.75/0.78/0+0.86 ms cpu, 3->3->1 MB, 4 MB goal, 0 MB stacks, 0 MB globals, 8 P
gc 1857 @9.876s 5%: 0.094+0.96+0.087 ms clock, 0.75+0.79/0.71/0+0.70 ms cpu, 3->3->1 MB, 4 MB goal, 0 MB stacks, 0 MB globals, 8 P
gc 1858 @9.879s 5%: 0.11+0.55+0.063 ms clock, 0.92+0.70/0.71/0+0.51 ms cpu, 3->3->1 MB, 4 MB goal, 0 MB stacks, 0 MB globals, 8 P
gc 1859 @9.882s 5%: 0.12+0.63+0.12 ms clock, 0.96+0.78/0.74/0+1.0 ms cpu, 3->3->1 MB, 4 MB goal, 0 MB stacks, 0 MB globals, 8 P
gc 1860 @9.885s 5%: 0.15+0.99+0.087 ms clock, 1.2+0.68/0.84/0+0.69 ms cpu, 3->3->1 MB, 4 MB goal, 0 MB stacks, 0 MB globals, 8 P
gc 1861 @9.888s 5%: 0.13+0.61+0.094 ms clock, 1.0+0.83/0.71/0+0.75 ms cpu, 3->3->1 MB, 4 MB goal, 0 MB stacks, 0 MB globals, 8 P
gc 1862 @9.891s 5%: 0.14+0.65+0.054 ms clock, 1.1+0.65/0.80/0+0.43 ms cpu, 3->3->1 MB, 4 MB goal, 0 MB stacks, 0 MB globals, 8 P
gc 1863 @9.895s 5%: 0.11+0.63+0.090 ms clock, 0.91+0.87/0.70/0+0.72 ms cpu, 3->3->1 MB, 4 MB goal, 0 MB stacks, 0 MB globals, 8 P
gc 1864 @9.898s 5%: 0.060+0.81+0.12 ms clock, 0.48+0.69/0.80/0+1.0 ms cpu, 3->3->1 MB, 4 MB goal, 0 MB stacks, 0 MB globals, 8 P
gc 1865 @9.901s 5%: 0.12+0.66+0.11 ms clock, 0.98+0.69/0.81/0+0.94 ms cpu, 3->3->1 MB, 4 MB goal, 0 MB stacks, 0 MB globals, 8 P
gc 1866 @9.904s 5%: 0.080+0.96+0.084 ms clock, 0.64+0.73/0.78/0+0.67 ms cpu, 3->3->1 MB, 4 MB goal, 0 MB stacks, 0 MB globals, 8 P
gc 1867 @9.907s 5%: 0.10+0.93+0.081 ms clock, 0.81+0.78/0.75/0+0.65 ms cpu, 3->3->1 MB, 4 MB goal, 0 MB stacks, 0 MB globals, 8 P
gc 1868 @9.910s 5%: 0.14+0.45+0.11 ms clock, 1.1+0.81/0.71/0+0.90 ms cpu, 3->3->1 MB, 4 MB goal, 0 MB stacks, 0 MB globals, 8 P
gc 1869 @9.914s 5%: 0.13+0.99+0.074 ms clock, 1.0+0.81/0.67/0+0.59 ms cpu, 3->3->1 MB, 4 MB goal, 0 MB stacks, 0 MB globals, 8 P
gc 1870 @9.917s 5%: 0.074+0.80+0.063 ms clock, 0.59+0.91/0.71/0+0.51 ms cpu, 3->3->1 MB, 4 MB goal, 0 MB stacks, 0 MB globals, 8 P
gc 1871 @9.920s 5%: 0.084+0.56+0.10 ms clock, 0.67+0.83/0.69/0+0.81 ms cpu, 3->3->1 MB, 4 MB goal, 0 MB stacks, 0 MB globals, 8 P
gc 1872 @9.923s 5%: 0.10+0.62+0.083 ms clock, 0.86+0.81/0.84/0+0.66 ms cpu, 3->3->1 MB, 4 MB goal, 0 MB stacks, 0 MB globals, 8 P
gc 1873 @9.926s 5%: 0.065+0.51+0.062 ms clock, 0.52+0.78/0.67/0+0.50 ms cpu, 3->3->1 MB, 4 MB goal, 0 MB stacks, 0 MB globals, 8 P
gc 1874 @9.929s 5%: 0.10+0.80+0.099 ms clock, 0.82+0.87/0.84/0+0.79 ms cpu, 3->3->1 MB, 4 MB goal, 0 MB stacks, 0 MB globals, 8 P
gc 1875 @9.932s 5%: 0.073+0.58+0.11 ms clock, 0.58+0.85/0.65/0+0.95 ms cpu, 3->3->1 MB, 4 MB goal, 0 MB stacks, 0 MB globals, 8 P
gc 1876 @9.935s 5%: 0.14+0.54+0.066 ms clock, 1.1+0.76/0.76/0+0.53 ms cpu, 3->3->1 MB, 4 MB goal, 0 MB stacks, 0 MB globals, 8 P
gc 1877 @9.938s 5%: 0.11+0.57+0.070 ms clock, 0.95+0.74/0.86/0+0.56 ms cpu, 3->3->1 MB, 4 MB goal, 0 MB stacks, 0 MB globals, 8 P
gc 1878 @9.941s 5%: 0.076+0.91+0.077 ms clock, 0.60+0.73/0.73/0+0.62 ms cpu, 3->3->1 MB, 4 MB goal, 0 MB stacks, 0 MB globals, 8 P
gc 1879 @9.945s 5%: 0.11+0.83+0.095 ms clock, 0.88+0.77/0.74/0+0.76 ms cpu, 3->3->1 MB, 4 MB goal, 0 MB stacks, 0 MB globals, 8 P
gc 1880 @9.948s 5%: 0.25+1.1+0.043 ms clock, 2.0+0.32/1.2/0.007+0.34 ms cpu, 3->3->1 MB, 4 MB goal, 0 MB stacks, 0 MB globals, 8 P
gc 1881 @9.951s 5%: 0.086+0.66+0.10 ms clock, 0.69+0.75/0.78/0+0.84 ms cpu, 3->3->1 MB, 4 MB goal, 0 MB stacks, 0 MB globals, 8 P
gc 1882 @9.954s 5%: 0.10+0.63+0.066 ms clock, 0.87+0.73/0.78/0+0.52 ms cpu, 3->3->1 MB, 4 MB goal, 0 MB stacks, 0 MB globals, 8 P
gc 1883 @9.957s 5%: 0.11+0.56+0.093 ms clock, 0.94+0.87/0.66/0+0.74 ms cpu, 3->3->1 MB, 4 MB goal, 0 MB stacks, 0 MB globals, 8 P
gc 1884 @9.960s 5%: 0.093+0.63+0.095 ms clock, 0.74+0.83/0.76/0+0.76 ms cpu, 3->3->1 MB, 4 MB goal, 0 MB stacks, 0 MB globals, 8 P
gc 1885 @9.963s 5%: 0.092+0.63+0.079 ms clock, 0.74+0.71/0.78/0+0.63 ms cpu, 3->3->1 MB, 4 MB goal, 0 MB stacks, 0 MB globals, 8 P
gc 1886 @9.966s 5%: 0.081+0.53+0.078 ms clock, 0.64+0.76/0.74/0+0.62 ms cpu, 3->3->1 MB, 4 MB goal, 0 MB stacks, 0 MB globals, 8 P
gc 1887 @9.970s 5%: 0.10+0.57+0.11 ms clock, 0.86+0.80/0.65/0+0.93 ms cpu, 3->3->1 MB, 4 MB goal, 0 MB stacks, 0 MB globals, 8 P
gc 1888 @9.973s 5%: 0.11+1.4+0.10 ms clock, 0.94+0.85/0.68/0+0.82 ms cpu, 3->4->2 MB, 4 MB goal, 0 MB stacks, 0 MB globals, 8 P
gc 1889 @9.977s 5%: 0.078+0.53+0.057 ms clock, 0.62+0.72/0.73/0+0.45 ms cpu, 3->4->1 MB, 4 MB goal, 0 MB stacks, 0 MB globals, 8 P
gc 1890 @9.980s 5%: 0.087+0.90+0.061 ms clock, 0.70+0.76/0.74/0+0.48 ms cpu, 3->3->1 MB, 4 MB goal, 0 MB stacks, 0 MB globals, 8 P
gc 1891 @9.983s 5%: 0.11+0.53+0.063 ms clock, 0.91+0.85/0.75/0+0.50 ms cpu, 3->3->1 MB, 4 MB goal, 0 MB stacks, 0 MB globals, 8 P
gc 1892 @9.986s 5%: 0.12+1.0+0.094 ms clock, 1.0+0.64/0.87/0+0.75 ms cpu, 3->3->1 MB, 4 MB goal, 0 MB stacks, 0 MB globals, 8 P
gc 1893 @9.989s 5%: 0.10+0.96+0.090 ms clock, 0.83+0.62/0.81/0+0.72 ms cpu, 3->3->1 MB, 4 MB goal, 0 MB stacks, 0 MB globals, 8 P
gc 1894 @9.992s 5%: 0.12+0.66+0.077 ms clock, 0.98+0.65/0.84/0+0.62 ms cpu, 3->3->1 MB, 4 MB goal, 0 MB stacks, 0 MB globals, 8 P
gc 1895 @9.996s 5%: 0.098+0.51+0.047 ms clock, 0.78+0.84/0.70/0+0.38 ms cpu, 3->3->1 MB, 4 MB goal, 0 MB stacks, 0 MB globals, 8 P
gc 1896 @9.999s 5%: 0.099+0.60+0.11 ms clock, 0.79+0.71/0.89/0+0.90 ms cpu, 3->3->1 MB, 4 MB goal, 0 MB stacks, 0 MB globals, 8 P
gc 1897 @10.002s 5%: 0.084+0.54+0.10 ms clock, 0.67+0.82/0.76/0+0.80 ms cpu, 3->3->1 MB, 4 MB goal, 0 MB stacks, 0 MB globals, 8 P
gc 1898 @10.005s 5%: 0.12+0.71+0.10 ms clock, 1.0+0.76/0.82/0+0.84 ms cpu, 3->3->1 MB, 4 MB goal, 0 MB stacks, 0 MB globals, 8 P
gc 1899 @10.008s 5%: 0.14+0.58+0.096 ms clock, 1.1+0.87/0.70/0+0.77 ms cpu, 3->3->1 MB, 4 MB goal, 0 MB stacks, 0 MB globals, 8 P
gc 1900 @10.011s 5%: 0.10+0.56+0.088 ms clock, 0.80+0.77/0.81/0+0.70 ms cpu, 3->3->1 MB, 4 MB goal, 0 MB stacks, 0 MB globals, 8 P
gc 1901 @10.014s 5%: 0.10+0.60+0.076 ms clock, 0.81+0.72/0.81/0+0.61 ms cpu, 3->3->1 MB, 4 MB goal, 0 MB stacks, 0 MB globals, 8 P
gc 1902 @10.017s 5%: 0.086+0.57+0.088 ms clock, 0.69+0.75/0.79/0+0.70 ms cpu, 3->3->1 MB, 4 MB goal, 0 MB stacks, 0 MB globals, 8 P
gc 1903 @10.020s 5%: 0.11+0.94+0.12 ms clock, 0.95+0.77/0.71/0+1.0 ms cpu, 3->3->1 MB, 4 MB goal, 0 MB stacks, 0 MB globals, 8 P
gc 1904 @10.023s 5%: 0.11+0.57+0.065 ms clock, 0.95+0.65/0.79/0+0.52 ms cpu, 3->3->1 MB, 4 MB goal, 0 MB stacks, 0 MB globals, 8 P
gc 1905 @10.026s 5%: 0.10+0.52+0.052 ms clock, 0.86+0.88/0.67/0+0.41 ms cpu, 3->3->1 MB, 4 MB goal, 0 MB stacks, 0 MB globals, 8 P
gc 1906 @10.029s 5%: 0.14+0.65+0.073 ms clock, 1.1+0.77/0.83/0+0.58 ms cpu, 3->3->1 MB, 4 MB goal, 0 MB stacks, 0 MB globals, 8 P
gc 1907 @10.032s 5%: 0.074+0.46+0.096 ms clock, 0.59+0.73/0.71/0+0.76 ms cpu, 3->3->1 MB, 4 MB goal, 0 MB stacks, 0 MB globals, 8 P
gc 1908 @10.035s 5%: 0.10+0.60+0.083 ms clock, 0.80+0.72/0.69/0+0.67 ms cpu, 3->3->1 MB, 4 MB goal, 0 MB stacks, 0 MB globals, 8 P
gc 1909 @10.038s 5%: 0.12+0.54+0.052 ms clock, 0.99+0.62/0.80/0+0.41 ms cpu, 3->3->1 MB, 4 MB goal, 0 MB stacks, 0 MB globals, 8 P
gc 1910 @10.042s 5%: 0.12+0.91+0.060 ms clock, 1.0+0.64/0.86/0+0.48 ms cpu, 3->3->1 MB, 4 MB goal, 0 MB stacks, 0 MB globals, 8 P
gc 1911 @10.045s 5%: 0.11+0.61+0.083 ms clock, 0.90+0.84/0.64/0+0.67 ms cpu, 3->3->1 MB, 4 MB goal, 0 MB stacks, 0 MB globals, 8 P
gc 1912 @10.048s 5%: 0.11+2.0+0.091 ms clock, 0.89+0.80/0.73/0+0.73 ms cpu, 3->4->2 MB, 4 MB goal, 0 MB stacks, 0 MB globals, 8 P
gc 1913 @10.052s 5%: 0.11+0.56+0.080 ms clock, 0.90+0.68/0.78/0+0.64 ms cpu, 3->4->1 MB, 4 MB goal, 0 MB stacks, 0 MB globals, 8 P
gc 1914 @10.055s 5%: 0.097+1.0+0.091 ms clock, 0.78+0.76/0.67/0+0.73 ms cpu, 3->3->1 MB, 4 MB goal, 0 MB stacks, 0 MB globals, 8 P
gc 1915 @10.058s 5%: 0.088+0.58+0.089 ms clock, 0.70+0.65/0.78/0+0.71 ms cpu, 3->3->1 MB, 4 MB goal, 0 MB stacks, 0 MB globals, 8 P
gc 1916 @10.061s 5%: 0.13+0.77+0.098 ms clock, 1.0+0.75/0.75/0+0.78 ms cpu, 3->3->1 MB, 4 MB goal, 0 MB stacks, 0 MB globals, 8 P
gc 1917 @10.064s 5%: 0.11+0.59+0.052 ms clock, 0.95+0.65/0.75/0+0.42 ms cpu, 3->3->1 MB, 4 MB goal, 0 MB stacks, 0 MB globals, 8 P
gc 1918 @10.067s 5%: 0.12+0.56+0.055 ms clock, 0.98+0.78/0.75/0+0.44 ms cpu, 3->3->1 MB, 4 MB goal, 0 MB stacks, 0 MB globals, 8 P
gc 1919 @10.070s 5%: 0.10+0.82+0.090 ms clock, 0.85+0.55/0.76/0+0.72 ms cpu, 3->3->1 MB, 4 MB goal, 0 MB stacks, 0 MB globals, 8 P
gc 1920 @10.074s 5%: 0.10+1.1+0.086 ms clock, 0.81+0.70/0.74/0+0.69 ms cpu, 3->4->1 MB, 4 MB goal, 0 MB stacks, 0 MB globals, 8 P
gc 1921 @10.077s 5%: 0.11+0.94+0.11 ms clock, 0.94+0.73/0.77/0+0.88 ms cpu, 3->3->1 MB, 4 MB goal, 0 MB stacks, 0 MB globals, 8 P
gc 1922 @10.080s 5%: 0.11+0.72+0.10 ms clock, 0.90+0.66/0.82/0+0.83 ms cpu, 3->3->1 MB, 4 MB goal, 0 MB stacks, 0 MB globals, 8 P
gc 1923 @10.083s 5%: 0.095+0.61+0.089 ms clock, 0.76+0.70/0.80/0+0.71 ms cpu, 3->3->1 MB, 4 MB goal, 0 MB stacks, 0 MB globals, 8 P
gc 1924 @10.086s 5%: 0.084+0.53+0.080 ms clock, 0.67+0.77/0.73/0+0.64 ms cpu, 3->3->1 MB, 4 MB goal, 0 MB stacks, 0 MB globals, 8 P
gc 1925 @10.089s 5%: 0.062+1.2+0.067 ms clock, 0.50+0.89/0.72/0+0.54 ms cpu, 3->3->1 MB, 4 MB goal, 0 MB stacks, 0 MB globals, 8 P
gc 1926 @10.093s 5%: 0.093+0.67+0.098 ms clock, 0.74+0.74/0.78/0+0.78 ms cpu, 3->3->1 MB, 4 MB goal, 0 MB stacks, 0 MB globals, 8 P
gc 1927 @10.096s 5%: 0.095+0.90+0.077 ms clock, 0.76+0.75/0.82/0+0.61 ms cpu, 3->3->1 MB, 4 MB goal, 0 MB stacks, 0 MB globals, 8 P
gc 1928 @10.099s 5%: 0.12+0.62+0.10 ms clock, 1.0+0.75/0.79/0+0.86 ms cpu, 3->3->1 MB, 4 MB goal, 0 MB stacks, 0 MB globals, 8 P
gc 1929 @10.102s 5%: 0.12+0.90+0.064 ms clock, 0.96+0.74/0.75/0+0.51 ms cpu, 3->3->1 MB, 4 MB goal, 0 MB stacks, 0 MB globals, 8 P
gc 1930 @10.105s 5%: 0.088+0.61+0.086 ms clock, 0.71+0.72/0.75/0+0.68 ms cpu, 3->3->1 MB, 4 MB goal, 0 MB stacks, 0 MB globals, 8 P
gc 1931 @10.108s 5%: 0.097+0.64+0.054 ms clock, 0.78+0.73/0.76/0+0.43 ms cpu, 3->3->1 MB, 4 MB goal, 0 MB stacks, 0 MB globals, 8 P
gc 1932 @10.112s 5%: 0.087+0.50+0.099 ms clock, 0.69+0.93/0.62/0+0.79 ms cpu, 3->3->1 MB, 4 MB goal, 0 MB stacks, 0 MB globals, 8 P
gc 1933 @10.115s 5%: 0.11+0.53+0.096 ms clock, 0.95+0.69/0.76/0+0.77 ms cpu, 3->3->1 MB, 4 MB goal, 0 MB stacks, 0 MB globals, 8 P
gc 1934 @10.118s 5%: 1.0+0.59+0.047 ms clock, 8.1+1.0/0.95/0+0.38 ms cpu, 3->4->1 MB, 4 MB goal, 0 MB stacks, 0 MB globals, 8 P
gc 1935 @10.121s 5%: 0.19+0.52+0.091 ms clock, 1.5+0.82/0.64/0+0.73 ms cpu, 3->3->1 MB, 4 MB goal, 0 MB stacks, 0 MB globals, 8 P
gc 1936 @10.124s 5%: 0.13+0.62+0.067 ms clock, 1.0+0.77/0.68/0+0.54 ms cpu, 3->3->1 MB, 4 MB goal, 0 MB stacks, 0 MB globals, 8 P
gc 1937 @10.127s 5%: 0.11+0.58+0.088 ms clock, 0.88+0.80/0.69/0+0.70 ms cpu, 3->3->1 MB, 4 MB goal, 0 MB stacks, 0 MB globals, 8 P
gc 1938 @10.130s 5%: 0.087+1.1+0.074 ms clock, 0.69+0.74/0.79/0+0.59 ms cpu, 3->3->1 MB, 4 MB goal, 0 MB stacks, 0 MB globals, 8 P
gc 1939 @10.134s 5%: 0.093+0.60+0.095 ms clock, 0.74+0.76/0.73/0+0.76 ms cpu, 3->3->1 MB, 4 MB goal, 0 MB stacks, 0 MB globals, 8 P
gc 1940 @10.137s 5%: 0.12+1.1+0.027 ms clock, 1.0+0.63/0.72/0+0.21 ms cpu, 3->3->1 MB, 4 MB goal, 0 MB stacks, 0 MB globals, 8 P
gc 1941 @10.140s 5%: 0.11+0.66+0.079 ms clock, 0.90+0.82/0.78/0+0.63 ms cpu, 3->3->1 MB, 4 MB goal, 0 MB stacks, 0 MB globals, 8 P
gc 1942 @10.143s 5%: 0.11+0.50+0.076 ms clock, 0.91+0.85/0.67/0+0.61 ms cpu, 3->3->1 MB, 4 MB goal, 0 MB stacks, 0 MB globals, 8 P
gc 1943 @10.146s 5%: 0.13+1.2+0.078 ms clock, 1.0+0.67/0.78/0+0.63 ms cpu, 3->4->1 MB, 4 MB goal, 0 MB stacks, 0 MB globals, 8 P
gc 1944 @10.150s 5%: 0.11+0.47+0.094 ms clock, 0.90+0.69/0.73/0+0.75 ms cpu, 3->3->1 MB, 4 MB goal, 0 MB stacks, 0 MB globals, 8 P
gc 1945 @10.153s 5%: 0.13+0.61+0.062 ms clock, 1.0+0.83/0.68/0+0.49 ms cpu, 3->3->1 MB, 4 MB goal, 0 MB stacks, 0 MB globals, 8 P
gc 1946 @10.156s 5%: 0.13+0.48+0.10 ms clock, 1.0+0.91/0.65/0+0.81 ms cpu, 3->3->1 MB, 4 MB goal, 0 MB stacks, 0 MB globals, 8 P
gc 1947 @10.159s 5%: 0.086+1.1+0.055 ms clock, 0.69+0.62/1.2/0+0.44 ms cpu, 3->3->1 MB, 4 MB goal, 0 MB stacks, 0 MB globals, 8 P
gc 1948 @10.162s 5%: 0.093+0.79+0.10 ms clock, 0.74+0.65/0.86/0+0.80 ms cpu, 3->3->1 MB, 4 MB goal, 0 MB stacks, 0 MB globals, 8 P
gc 1949 @10.165s 5%: 0.089+1.0+0.046 ms clock, 0.71+1.4/0.72/0+0.37 ms cpu, 3->3->1 MB, 4 MB goal, 0 MB stacks, 0 MB globals, 8 P
gc 1950 @10.168s 5%: 0.084+0.76+0.10 ms clock, 0.67+0.61/0.81/0+0.86 ms cpu, 3->3->1 MB, 4 MB goal, 0 MB stacks, 0 MB globals, 8 P
gc 1951 @10.172s 5%: 0.11+0.45+0.11 ms clock, 0.92+0.71/0.67/0+0.90 ms cpu, 3->3->1 MB, 4 MB goal, 0 MB stacks, 0 MB globals, 8 P
gc 1952 @10.175s 5%: 0.12+1.0+0.076 ms clock, 0.96+1.3/0.80/0+0.61 ms cpu, 3->3->1 MB, 4 MB goal, 0 MB stacks, 0 MB globals, 8 P
gc 1953 @10.178s 5%: 0.10+1.0+0.058 ms clock, 0.84+0.68/0.86/0+0.46 ms cpu, 3->3->1 MB, 4 MB goal, 0 MB stacks, 0 MB globals, 8 P
gc 1954 @10.181s 5%: 0.15+0.56+0.11 ms clock, 1.2+0.81/0.82/0+0.89 ms cpu, 3->3->1 MB, 4 MB goal, 0 MB stacks, 0 MB globals, 8 P
gc 1955 @10.184s 5%: 0.15+0.60+0.092 ms clock, 1.2+0.75/0.78/0+0.73 ms cpu, 3->3->1 MB, 4 MB goal, 0 MB stacks, 0 MB globals, 8 P
gc 1956 @10.187s 5%: 0.11+0.39+0.060 ms clock, 0.95+0.79/0.64/0+0.48 ms cpu, 3->3->1 MB, 4 MB goal, 0 MB stacks, 0 MB globals, 8 P
gc 1957 @10.190s 5%: 0.094+0.77+0.072 ms clock, 0.75+0.81/0.66/0+0.57 ms cpu, 3->3->1 MB, 4 MB goal, 0 MB stacks, 0 MB globals, 8 P
gc 1958 @10.193s 5%: 0.10+0.81+0.090 ms clock, 0.83+0.69/0.69/0+0.72 ms cpu, 3->3->1 MB, 4 MB goal, 0 MB stacks, 0 MB globals, 8 P
gc 1959 @10.196s 5%: 0.064+0.59+0.10 ms clock, 0.51+0.63/0.80/0+0.87 ms cpu, 3->3->1 MB, 4 MB goal, 0 MB stacks, 0 MB globals, 8 P
gc 1960 @10.199s 5%: 0.11+0.49+0.075 ms clock, 0.95+0.81/0.77/0+0.60 ms cpu, 3->3->1 MB, 4 MB goal, 0 MB stacks, 0 MB globals, 8 P
gc 1961 @10.202s 5%: 0.12+0.95+0.087 ms clock, 0.99+1.2/0.74/0+0.70 ms cpu, 3->3->1 MB, 4 MB goal, 0 MB stacks, 0 MB globals, 8 P
gc 1962 @10.206s 5%: 0.087+0.78+0.15 ms clock, 0.70+0.50/0.82/0+1.2 ms cpu, 3->3->1 MB, 4 MB goal, 0 MB stacks, 0 MB globals, 8 P
gc 1963 @10.209s 5%: 0.082+0.59+0.10 ms clock, 0.65+0.92/0.76/0+0.82 ms cpu, 3->3->1 MB, 4 MB goal, 0 MB stacks, 0 MB globals, 8 P
gc 1964 @10.212s 5%: 0.11+0.53+0.10 ms clock, 0.91+0.82/0.75/0+0.84 ms cpu, 3->3->1 MB, 4 MB goal, 0 MB stacks, 0 MB globals, 8 P
gc 1965 @10.215s 5%: 0.095+0.57+0.11 ms clock, 0.76+0.72/0.84/0+0.94 ms cpu, 3->3->1 MB, 4 MB goal, 0 MB stacks, 0 MB globals, 8 P
gc 1966 @10.218s 5%: 0.11+0.56+0.11 ms clock, 0.93+0.87/0.69/0+0.94 ms cpu, 3->3->1 MB, 4 MB goal, 0 MB stacks, 0 MB globals, 8 P
gc 1967 @10.221s 5%: 0.090+0.51+0.091 ms clock, 0.72+0.67/0.72/0+0.73 ms cpu, 3->3->1 MB, 4 MB goal, 0 MB stacks, 0 MB globals, 8 P
gc 1968 @10.224s 5%: 0.15+0.82+0.066 ms clock, 1.2+0.72/0.82/0+0.53 ms cpu, 3->3->1 MB, 4 MB goal, 0 MB stacks, 0 MB globals, 8 P
gc 1969 @10.228s 5%: 0.14+0.78+0.085 ms clock, 1.1+0.82/0.82/0+0.68 ms cpu, 3->3->1 MB, 4 MB goal, 0 MB stacks, 0 MB globals, 8 P
gc 1970 @10.231s 5%: 0.10+0.84+0.084 ms clock, 0.81+0.78/0.77/0+0.67 ms cpu, 3->3->1 MB, 4 MB goal, 0 MB stacks, 0 MB globals, 8 P
gc 1971 @10.234s 5%: 0.10+0.71+0.11 ms clock, 0.85+0.68/0.86/0+0.90 ms cpu, 3->3->1 MB, 4 MB goal, 0 MB stacks, 0 MB globals, 8 P
gc 1972 @10.237s 5%: 0.098+0.87+0.12 ms clock, 0.79+0.89/0.83/0+1.0 ms cpu, 3->3->1 MB, 4 MB goal, 0 MB stacks, 0 MB globals, 8 P
gc 1973 @10.240s 5%: 0.12+0.63+0.085 ms clock, 0.96+0.66/0.84/0+0.68 ms cpu, 3->3->1 MB, 4 MB goal, 0 MB stacks, 0 MB globals, 8 P
gc 1974 @10.243s 5%: 0.089+1.0+0.095 ms clock, 0.71+0.75/0.80/0+0.76 ms cpu, 3->3->1 MB, 4 MB goal, 0 MB stacks, 0 MB globals, 8 P
gc 1975 @10.247s 5%: 0.10+0.98+0.099 ms clock, 0.86+0.74/0.73/0+0.79 ms cpu, 3->4->1 MB, 4 MB goal, 0 MB stacks, 0 MB globals, 8 P
gc 1976 @10.250s 5%: 0.10+0.90+0.052 ms clock, 0.83+0.81/0.82/0+0.41 ms cpu, 3->3->1 MB, 4 MB goal, 0 MB stacks, 0 MB globals, 8 P
gc 1977 @10.253s 5%: 0.083+0.92+0.046 ms clock, 0.67+0.65/0.75/0+0.36 ms cpu, 3->3->1 MB, 4 MB goal, 0 MB stacks, 0 MB globals, 8 P
gc 1978 @10.257s 5%: 0.11+1.0+0.10 ms clock, 0.88+0.42/0.89/0+0.84 ms cpu, 3->3->1 MB, 4 MB goal, 0 MB stacks, 0 MB globals, 8 P
gc 1979 @10.260s 5%: 0.089+0.58+0.069 ms clock, 0.71+0.69/0.81/0+0.55 ms cpu, 3->3->1 MB, 4 MB goal, 0 MB stacks, 0 MB globals, 8 P
gc 1980 @10.263s 5%: 0.089+0.88+0.13 ms clock, 0.71+0.84/0.73/0+1.0 ms cpu, 3->3->1 MB, 4 MB goal, 0 MB stacks, 0 MB globals, 8 P
gc 1981 @10.266s 5%: 0.10+0.87+0.10 ms clock, 0.80+0.75/0.84/0+0.86 ms cpu, 3->3->1 MB, 4 MB goal, 0 MB stacks, 0 MB globals, 8 P
gc 1982 @10.269s 5%: 0.11+0.59+0.10 ms clock, 0.93+0.77/0.82/0+0.81 ms cpu, 3->3->1 MB, 4 MB goal, 0 MB stacks, 0 MB globals, 8 P
gc 1983 @10.272s 5%: 0.11+0.62+0.10 ms clock, 0.93+0.87/0.80/0+0.82 ms cpu, 3->3->1 MB, 4 MB goal, 0 MB stacks, 0 MB globals, 8 P
gc 1984 @10.275s 5%: 0.098+0.87+0.053 ms clock, 0.78+0.89/0.62/0+0.42 ms cpu, 3->3->1 MB, 4 MB goal, 0 MB stacks, 0 MB globals, 8 P
gc 1985 @10.278s 5%: 0.079+0.62+0.087 ms clock, 0.63+0.82/0.72/0+0.70 ms cpu, 3->3->1 MB, 4 MB goal, 0 MB stacks, 0 MB globals, 8 P
gc 1986 @10.282s 5%: 0.093+0.80+0.098 ms clock, 0.74+0.75/0.70/0+0.78 ms cpu, 3->3->1 MB, 4 MB goal, 0 MB stacks, 0 MB globals, 8 P
gc 1987 @10.285s 5%: 0.10+0.68+0.10 ms clock, 0.85+0.73/0.91/0+0.85 ms cpu, 3->3->1 MB, 4 MB goal, 0 MB stacks, 0 MB globals, 8 P
gc 1988 @10.288s 5%: 0.092+0.70+0.080 ms clock, 0.73+0.80/0.65/0+0.64 ms cpu, 3->3->1 MB, 4 MB goal, 0 MB stacks, 0 MB globals, 8 P
gc 1989 @10.291s 5%: 0.082+0.59+0.050 ms clock, 0.66+0.85/0.77/0+0.40 ms cpu, 3->3->1 MB, 4 MB goal, 0 MB stacks, 0 MB globals, 8 P
gc 1990 @10.294s 5%: 0.11+0.60+0.10 ms clock, 0.88+0.76/0.78/0+0.87 ms cpu, 3->3->1 MB, 4 MB goal, 0 MB stacks, 0 MB globals, 8 P
gc 1991 @10.297s 5%: 0.10+1.0+0.077 ms clock, 0.85+0.54/0.79/0+0.62 ms cpu, 3->3->1 MB, 4 MB goal, 0 MB stacks, 0 MB globals, 8 P
gc 1992 @10.301s 5%: 0.070+1.1+0.091 ms clock, 0.56+0.51/0.86/0+0.72 ms cpu, 3->4->1 MB, 4 MB goal, 0 MB stacks, 0 MB globals, 8 P
gc 1993 @10.304s 5%: 0.13+0.49+0.066 ms clock, 1.0+0.73/0.71/0+0.53 ms cpu, 3->3->1 MB, 4 MB goal, 0 MB stacks, 0 MB globals, 8 P
gc 1994 @10.307s 5%: 0.11+0.52+0.075 ms clock, 0.93+0.74/0.77/0+0.60 ms cpu, 3->3->1 MB, 4 MB goal, 0 MB stacks, 0 MB globals, 8 P
gc 1995 @10.310s 5%: 0.10+1.1+0.10 ms clock, 0.84+0.75/0.76/0+0.84 ms cpu, 3->3->1 MB, 4 MB goal, 0 MB stacks, 0 MB globals, 8 P
gc 1996 @10.313s 5%: 0.12+1.2+0.085 ms clock, 1.0+0.74/0.73/0+0.68 ms cpu, 3->4->1 MB, 4 MB goal, 0 MB stacks, 0 MB globals, 8 P
gc 1997 @10.317s 5%: 0.11+0.56+0.083 ms clock, 0.90+0.64/0.85/0+0.66 ms cpu, 3->3->1 MB, 4 MB goal, 0 MB stacks, 0 MB globals, 8 P
gc 1998 @10.320s 5%: 0.12+0.55+0.10 ms clock, 0.98+0.75/0.79/0+0.80 ms cpu, 3->3->1 MB, 4 MB goal, 0 MB stacks, 0 MB globals, 8 P
gc 1999 @10.323s 5%: 0.13+0.63+0.084 ms clock, 1.0+0.77/0.79/0+0.67 ms cpu, 3->3->1 MB, 4 MB goal, 0 MB stacks, 0 MB globals, 8 P
gc 2000 @10.326s 5%: 0.12+0.50+0.043 ms clock, 1.0+0.76/0.78/0+0.34 ms cpu, 3->3->1 MB, 4 MB goal, 0 MB stacks, 0 MB globals, 8 P
gc 2001 @10.329s 5%: 0.11+0.57+0.044 ms clock, 0.89+0.83/0.70/0+0.35 ms cpu, 3->3->1 MB, 4 MB goal, 0 MB stacks, 0 MB globals, 8 P
gc 2002 @10.332s 5%: 0.14+1.2+0.094 ms clock, 1.1+0.81/0.80/0+0.75 ms cpu, 3->4->1 MB, 4 MB goal, 0 MB stacks, 0 MB globals, 8 P
gc 2003 @10.336s 5%: 0.066+0.51+0.10 ms clock, 0.53+0.75/0.68/0+0.84 ms cpu, 3->3->1 MB, 4 MB goal, 0 MB stacks, 0 MB globals, 8 P
gc 2004 @10.339s 5%: 0.13+0.70+0.081 ms clock, 1.0+0.56/0.91/0+0.65 ms cpu, 3->3->1 MB, 4 MB goal, 0 MB stacks, 0 MB globals, 8 P
gc 2005 @10.342s 5%: 0.060+1.3+0.046 ms clock, 0.48+0.57/1.6/0+0.37 ms cpu, 3->3->1 MB, 4 MB goal, 0 MB stacks, 0 MB globals, 8 P
gc 2006 @10.345s 5%: 0.20+0.92+0.071 ms clock, 1.6+0.68/1.3/0+0.57 ms cpu, 3->4->1 MB, 4 MB goal, 0 MB stacks, 0 MB globals, 8 P
gc 2007 @10.349s 5%: 0.12+1.1+0.070 ms clock, 0.96+0.67/0.75/0+0.56 ms cpu, 3->3->1 MB, 4 MB goal, 0 MB stacks, 0 MB globals, 8 P
gc 2008 @10.352s 5%: 1.9+0.33+0.083 ms clock, 15+2.1/1.0/0+0.66 ms cpu, 3->4->2 MB, 4 MB goal, 0 MB stacks, 0 MB globals, 8 P
gc 2009 @10.356s 5%: 0.13+0.58+0.068 ms clock, 1.0+0.74/0.81/0+0.54 ms cpu, 3->4->1 MB, 4 MB goal, 0 MB stacks, 0 MB globals, 8 P
gc 2010 @10.359s 5%: 0.074+0.62+0.065 ms clock, 0.59+0.81/0.68/0+0.52 ms cpu, 3->3->1 MB, 4 MB goal, 0 MB stacks, 0 MB globals, 8 P
gc 2011 @10.362s 5%: 0.11+0.56+0.089 ms clock, 0.88+0.75/0.80/0+0.71 ms cpu, 3->3->1 MB, 4 MB goal, 0 MB stacks, 0 MB globals, 8 P
gc 2012 @10.365s 5%: 0.13+0.87+0.10 ms clock, 1.1+0.83/0.62/0+0.84 ms cpu, 3->3->1 MB, 4 MB goal, 0 MB stacks, 0 MB globals, 8 P
gc 2013 @10.368s 5%: 0.10+1.1+0.094 ms clock, 0.87+0.59/0.80/0+0.75 ms cpu, 3->3->1 MB, 4 MB goal, 0 MB stacks, 0 MB globals, 8 P
gc 2014 @10.372s 5%: 0.086+0.99+0.087 ms clock, 0.69+0.71/0.82/0+0.70 ms cpu, 3->4->1 MB, 4 MB goal, 0 MB stacks, 0 MB globals, 8 P
gc 2015 @10.375s 5%: 0.10+0.86+0.091 ms clock, 0.84+1.0/1.1/0+0.72 ms cpu, 3->3->1 MB, 4 MB goal, 0 MB stacks, 0 MB globals, 8 P
gc 2016 @10.378s 5%: 0.10+0.99+0.059 ms clock, 0.81+1.0/0.42/0+0.47 ms cpu, 3->3->1 MB, 4 MB goal, 0 MB stacks, 0 MB globals, 8 P
gc 2017 @10.381s 5%: 0.079+0.54+0.10 ms clock, 0.63+0.75/0.79/0+0.81 ms cpu, 3->3->1 MB, 4 MB goal, 0 MB stacks, 0 MB globals, 8 P
gc 2018 @10.384s 5%: 0.13+0.57+0.11 ms clock, 1.1+0.73/0.71/0+0.90 ms cpu, 3->3->1 MB, 4 MB goal, 0 MB stacks, 0 MB globals, 8 P
gc 2019 @10.387s 5%: 0.098+0.52+0.090 ms clock, 0.78+0.76/0.71/0+0.72 ms cpu, 3->3->1 MB, 4 MB goal, 0 MB stacks, 0 MB globals, 8 P
gc 2020 @10.390s 5%: 0.087+0.83+0.094 ms clock, 0.70+0.80/0.66/0+0.75 ms cpu, 3->3->1 MB, 4 MB goal, 0 MB stacks, 0 MB globals, 8 P
gc 2021 @10.394s 5%: 0.098+0.57+0.084 ms clock, 0.78+0.60/0.85/0+0.67 ms cpu, 3->3->1 MB, 4 MB goal, 0 MB stacks, 0 MB globals, 8 P
gc 2022 @10.397s 5%: 0.11+0.58+0.088 ms clock, 0.90+0.77/0.75/0+0.70 ms cpu, 3->3->1 MB, 4 MB goal, 0 MB stacks, 0 MB globals, 8 P
gc 2023 @10.400s 5%: 0.11+0.58+0.053 ms clock, 0.91+0.83/0.75/0+0.43 ms cpu, 3->3->1 MB, 4 MB goal, 0 MB stacks, 0 MB globals, 8 P
gc 2024 @10.403s 5%: 0.10+0.52+0.082 ms clock, 0.82+0.83/0.72/0+0.65 ms cpu, 3->3->1 MB, 4 MB goal, 0 MB stacks, 0 MB globals, 8 P
gc 2025 @10.406s 5%: 0.13+0.51+0.090 ms clock, 1.0+0.75/0.74/0+0.72 ms cpu, 3->3->1 MB, 4 MB goal, 0 MB stacks, 0 MB globals, 8 P
gc 2026 @10.409s 5%: 0.14+0.65+0.056 ms clock, 1.1+0.74/0.80/0+0.45 ms cpu, 3->3->1 MB, 4 MB goal, 0 MB stacks, 0 MB globals, 8 P
gc 2027 @10.412s 5%: 0.15+1.0+0.077 ms clock, 1.2+0.80/0.79/0+0.61 ms cpu, 3->4->1 MB, 4 MB goal, 0 MB stacks, 0 MB globals, 8 P
gc 2028 @10.415s 5%: 0.11+0.63+0.056 ms clock, 0.90+0.74/0.76/0+0.45 ms cpu, 3->3->1 MB, 4 MB goal, 0 MB stacks, 0 MB globals, 8 P
gc 2029 @10.419s 5%: 0.12+0.92+0.067 ms clock, 1.0+0.77/0.87/0+0.54 ms cpu, 3->3->1 MB, 4 MB goal, 0 MB stacks, 0 MB globals, 8 P
gc 2030 @10.422s 5%: 0.23+0.81+0.094 ms clock, 1.8+0.57/0.77/0+0.75 ms cpu, 3->3->1 MB, 4 MB goal, 0 MB stacks, 0 MB globals, 8 P
gc 2031 @10.425s 5%: 0.10+0.51+0.10 ms clock, 0.82+0.67/0.69/0.10+0.82 ms cpu, 3->3->1 MB, 4 MB goal, 0 MB stacks, 0 MB globals, 8 P
gc 2032 @10.428s 5%: 0.11+0.56+0.044 ms clock, 0.93+0.79/0.75/0+0.35 ms cpu, 3->3->1 MB, 4 MB goal, 0 MB stacks, 0 MB globals, 8 P
gc 2033 @10.431s 5%: 0.12+0.55+0.10 ms clock, 0.99+0.89/0.65/0+0.84 ms cpu, 3->3->1 MB, 4 MB goal, 0 MB stacks, 0 MB globals, 8 P
gc 2034 @10.434s 5%: 0.069+0.57+0.061 ms clock, 0.55+0.71/0.80/0+0.48 ms cpu, 3->3->1 MB, 4 MB goal, 0 MB stacks, 0 MB globals, 8 P
gc 2035 @10.437s 5%: 0.093+0.97+0.096 ms clock, 0.74+0.80/0.79/0+0.77 ms cpu, 3->3->1 MB, 4 MB goal, 0 MB stacks, 0 MB globals, 8 P
gc 2036 @10.440s 5%: 0.073+0.56+0.098 ms clock, 0.59+0.75/0.73/0+0.78 ms cpu, 3->3->1 MB, 4 MB goal, 0 MB stacks, 0 MB globals, 8 P
gc 2037 @10.443s 5%: 0.084+0.68+0.092 ms clock, 0.67+0.76/0.75/0+0.73 ms cpu, 3->3->1 MB, 4 MB goal, 0 MB stacks, 0 MB globals, 8 P
gc 2038 @10.447s 5%: 0.10+0.65+0.085 ms clock, 0.82+0.78/0.83/0+0.68 ms cpu, 3->3->1 MB, 4 MB goal, 0 MB stacks, 0 MB globals, 8 P
gc 2039 @10.450s 5%: 0.15+1.1+0.072 ms clock, 1.2+0.53/0.81/0+0.57 ms cpu, 3->3->1 MB, 4 MB goal, 0 MB stacks, 0 MB globals, 8 P
gc 2040 @10.453s 5%: 0.10+0.65+0.072 ms clock, 0.80+0.84/0.84/0+0.57 ms cpu, 3->3->1 MB, 4 MB goal, 0 MB stacks, 0 MB globals, 8 P
gc 2041 @10.456s 5%: 0.10+0.55+0.11 ms clock, 0.82+0.78/0.78/0+0.92 ms cpu, 3->3->1 MB, 4 MB goal, 0 MB stacks, 0 MB globals, 8 P
gc 2042 @10.459s 5%: 0.10+0.94+0.040 ms clock, 0.84+0.64/0.77/0+0.32 ms cpu, 3->3->1 MB, 4 MB goal, 0 MB stacks, 0 MB globals, 8 P
gc 2043 @10.462s 5%: 0.074+0.57+0.064 ms clock, 0.59+0.69/0.84/0+0.51 ms cpu, 3->3->1 MB, 4 MB goal, 0 MB stacks, 0 MB globals, 8 P
gc 2044 @10.465s 5%: 0.10+0.59+0.085 ms clock, 0.83+0.82/0.71/0+0.68 ms cpu, 3->3->1 MB, 4 MB goal, 0 MB stacks, 0 MB globals, 8 P
gc 2045 @10.468s 5%: 0.090+0.58+0.10 ms clock, 0.72+0.83/0.78/0+0.87 ms cpu, 3->3->1 MB, 4 MB goal, 0 MB stacks, 0 MB globals, 8 P
gc 2046 @10.471s 5%: 0.13+0.55+0.11 ms clock, 1.0+0.81/0.69/0+0.94 ms cpu, 3->3->1 MB, 4 MB goal, 0 MB stacks, 0 MB globals, 8 P
gc 2047 @10.474s 5%: 0.13+1.0+0.083 ms clock, 1.0+0.74/0.76/0+0.67 ms cpu, 3->3->1 MB, 4 MB goal, 0 MB stacks, 0 MB globals, 8 P
gc 2048 @10.478s 5%: 0.16+0.92+0.098 ms clock, 1.3+0.82/0.74/0+0.78 ms cpu, 3->3->1 MB, 4 MB goal, 0 MB stacks, 0 MB globals, 8 P
gc 2049 @10.481s 5%: 0.11+0.69+0.088 ms clock, 0.90+0.72/0.76/0+0.71 ms cpu, 3->3->1 MB, 4 MB goal, 0 MB stacks, 0 MB globals, 8 P
gc 2050 @10.484s 5%: 0.12+0.56+0.042 ms clock, 1.0+0.85/0.70/0+0.34 ms cpu, 3->3->1 MB, 4 MB goal, 0 MB stacks, 0 MB globals, 8 P
gc 2051 @10.487s 5%: 0.13+0.62+0.10 ms clock, 1.1+0.74/0.75/0+0.85 ms cpu, 3->3->1 MB, 4 MB goal, 0 MB stacks, 0 MB globals, 8 P
gc 2052 @10.490s 5%: 0.087+0.54+0.083 ms clock, 0.69+0.78/0.75/0+0.66 ms cpu, 3->3->1 MB, 4 MB goal, 0 MB stacks, 0 MB globals, 8 P
gc 2053 @10.493s 5%: 0.11+0.70+0.066 ms clock, 0.89+0.82/0.71/0+0.53 ms cpu, 3->3->1 MB, 4 MB goal, 0 MB stacks, 0 MB globals, 8 P
gc 2054 @10.496s 5%: 0.090+0.66+0.085 ms clock, 0.72+0.64/0.86/0+0.68 ms cpu, 3->3->1 MB, 4 MB goal, 0 MB stacks, 0 MB globals, 8 P
gc 2055 @10.500s 5%: 0.10+0.59+0.092 ms clock, 0.87+0.74/0.81/0+0.74 ms cpu, 3->3->1 MB, 4 MB goal, 0 MB stacks, 0 MB globals, 8 P
gc 2056 @10.503s 5%: 0.080+0.53+0.076 ms clock, 0.64+0.85/0.71/0+0.61 ms cpu, 3->3->1 MB, 4 MB goal, 0 MB stacks, 0 MB globals, 8 P
gc 2057 @10.506s 5%: 0.11+0.56+0.085 ms clock, 0.93+0.87/0.70/0+0.68 ms cpu, 3->3->1 MB, 4 MB goal, 0 MB stacks, 0 MB globals, 8 P
gc 2058 @10.509s 5%: 0.10+1.0+0.071 ms clock, 0.82+0.77/0.81/0+0.56 ms cpu, 3->3->1 MB, 4 MB goal, 0 MB stacks, 0 MB globals, 8 P
gc 2059 @10.512s 5%: 0.090+0.80+0.055 ms clock, 0.72+0.80/0.69/0+0.44 ms cpu, 3->3->1 MB, 4 MB goal, 0 MB stacks, 0 MB globals, 8 P
gc 2060 @10.515s 5%: 0.10+1.0+0.064 ms clock, 0.84+0.51/0.83/0+0.51 ms cpu, 3->3->1 MB, 4 MB goal, 0 MB stacks, 0 MB globals, 8 P
gc 2061 @10.519s 5%: 0.54+0.62+0.075 ms clock, 4.3+0.95/0.85/0+0.60 ms cpu, 3->3->1 MB, 4 MB goal, 0 MB stacks, 0 MB globals, 8 P
gc 2062 @10.522s 5%: 0.11+1.0+0.10 ms clock, 0.94+0.68/0.75/0+0.87 ms cpu, 3->3->1 MB, 4 MB goal, 0 MB stacks, 0 MB globals, 8 P
gc 2063 @10.525s 5%: 0.12+0.48+0.10 ms clock, 0.98+0.87/0.69/0+0.87 ms cpu, 3->3->1 MB, 4 MB goal, 0 MB stacks, 0 MB globals, 8 P
gc 2064 @10.528s 5%: 0.10+0.93+0.064 ms clock, 0.83+0.62/0.76/0+0.51 ms cpu, 3->3->1 MB, 4 MB goal, 0 MB stacks, 0 MB globals, 8 P
gc 2065 @10.531s 5%: 0.045+0.63+0.070 ms clock, 0.36+0.84/0.81/0+0.56 ms cpu, 3->3->1 MB, 4 MB goal, 0 MB stacks, 0 MB globals, 8 P
gc 2066 @10.534s 5%: 0.12+0.57+0.10 ms clock, 0.99+0.68/0.81/0+0.83 ms cpu, 3->3->1 MB, 4 MB goal, 0 MB stacks, 0 MB globals, 8 P
gc 2067 @10.537s 5%: 0.11+0.94+0.072 ms clock, 0.88+0.89/0.71/0+0.57 ms cpu, 3->3->1 MB, 4 MB goal, 0 MB stacks, 0 MB globals, 8 P
gc 2068 @10.541s 5%: 0.093+0.85+0.049 ms clock, 0.75+0.56/0.81/0+0.39 ms cpu, 3->3->1 MB, 4 MB goal, 0 MB stacks, 0 MB globals, 8 P
gc 2069 @10.544s 5%: 0.15+0.69+0.10 ms clock, 1.2+0.82/0.74/0+0.83 ms cpu, 3->3->1 MB, 4 MB goal, 0 MB stacks, 0 MB globals, 8 P
gc 2070 @10.547s 5%: 0.090+0.95+0.13 ms clock, 0.72+0.82/0.74/0+1.0 ms cpu, 3->3->1 MB, 4 MB goal, 0 MB stacks, 0 MB globals, 8 P
gc 2071 @10.550s 5%: 0.11+0.52+0.077 ms clock, 0.93+0.80/0.70/0+0.62 ms cpu, 3->3->1 MB, 4 MB goal, 0 MB stacks, 0 MB globals, 8 P
gc 2072 @10.553s 5%: 0.11+0.94+0.040 ms clock, 0.94+0.83/0.75/0+0.32 ms cpu, 3->3->1 MB, 4 MB goal, 0 MB stacks, 0 MB globals, 8 P
gc 2073 @10.556s 5%: 0.093+0.57+0.12 ms clock, 0.74+0.75/0.75/0+0.96 ms cpu, 3->3->1 MB, 4 MB goal, 0 MB stacks, 0 MB globals, 8 P
gc 2074 @10.559s 5%: 0.094+0.60+0.097 ms clock, 0.75+0.87/0.70/0+0.78 ms cpu, 3->3->1 MB, 4 MB goal, 0 MB stacks, 0 MB globals, 8 P
gc 2075 @10.562s 5%: 0.11+0.60+0.11 ms clock, 0.89+0.67/0.74/0+0.88 ms cpu, 3->3->1 MB, 4 MB goal, 0 MB stacks, 0 MB globals, 8 P
gc 2076 @10.565s 5%: 0.10+0.66+0.10 ms clock, 0.86+0.87/0.69/0+0.84 ms cpu, 3->3->1 MB, 4 MB goal, 0 MB stacks, 0 MB globals, 8 P
gc 2077 @10.569s 5%: 0.12+1.0+0.077 ms clock, 0.97+0.64/0.83/0+0.61 ms cpu, 3->3->1 MB, 4 MB goal, 0 MB stacks, 0 MB globals, 8 P
gc 2078 @10.572s 5%: 0.12+0.81+0.064 ms clock, 0.99+0.76/0.83/0+0.51 ms cpu, 3->3->1 MB, 4 MB goal, 0 MB stacks, 0 MB globals, 8 P
gc 2079 @10.575s 5%: 0.090+0.64+0.084 ms clock, 0.72+0.72/0.89/0+0.67 ms cpu, 3->3->1 MB, 4 MB goal, 0 MB stacks, 0 MB globals, 8 P
gc 2080 @10.578s 5%: 0.064+0.54+0.10 ms clock, 0.51+0.95/0.68/0+0.81 ms cpu, 3->3->1 MB, 4 MB goal, 0 MB stacks, 0 MB globals, 8 P
gc 2081 @10.581s 5%: 0.11+0.76+0.072 ms clock, 0.93+0.80/0.70/0+0.58 ms cpu, 3->3->1 MB, 4 MB goal, 0 MB stacks, 0 MB globals, 8 P
gc 2082 @10.584s 5%: 0.081+1.1+0.10 ms clock, 0.65+0.68/0.86/0+0.80 ms cpu, 3->4->1 MB, 4 MB goal, 0 MB stacks, 0 MB globals, 8 P
gc 2083 @10.588s 5%: 0.13+0.60+0.11 ms clock, 1.0+0.71/0.79/0+0.92 ms cpu, 3->3->1 MB, 4 MB goal, 0 MB stacks, 0 MB globals, 8 P
gc 2084 @10.591s 5%: 0.10+0.57+0.080 ms clock, 0.87+0.60/0.86/0+0.64 ms cpu, 3->3->1 MB, 4 MB goal, 0 MB stacks, 0 MB globals, 8 P
gc 2085 @10.594s 5%: 0.063+0.90+0.077 ms clock, 0.50+0.77/0.78/0+0.62 ms cpu, 3->3->1 MB, 4 MB goal, 0 MB stacks, 0 MB globals, 8 P
gc 2086 @10.597s 5%: 0.11+0.57+0.11 ms clock, 0.91+0.79/0.78/0+0.90 ms cpu, 3->3->1 MB, 4 MB goal, 0 MB stacks, 0 MB globals, 8 P
gc 2087 @10.600s 5%: 0.087+0.65+0.10 ms clock, 0.70+0.85/0.82/0+0.80 ms cpu, 3->3->1 MB, 4 MB goal, 0 MB stacks, 0 MB globals, 8 P
gc 2088 @10.603s 5%: 0.10+0.60+0.11 ms clock, 0.84+0.73/0.73/0+0.88 ms cpu, 3->3->1 MB, 4 MB goal, 0 MB stacks, 0 MB globals, 8 P
gc 2089 @10.606s 5%: 0.10+0.67+0.12 ms clock, 0.82+0.65/0.87/0+1.0 ms cpu, 3->3->1 MB, 4 MB goal, 0 MB stacks, 0 MB globals, 8 P
gc 2090 @10.609s 5%: 0.097+1.3+0.093 ms clock, 0.78+0.48/0.83/0+0.74 ms cpu, 3->4->1 MB, 4 MB goal, 0 MB stacks, 0 MB globals, 8 P
gc 2091 @10.613s 5%: 0.12+1.0+0.091 ms clock, 1.0+0.80/0.79/0+0.72 ms cpu, 3->4->1 MB, 4 MB goal, 0 MB stacks, 0 MB globals, 8 P
gc 2092 @10.616s 5%: 0.15+1.2+0.075 ms clock, 1.2+0.69/0.82/0+0.60 ms cpu, 3->4->1 MB, 4 MB goal, 0 MB stacks, 0 MB globals, 8 P
gc 2093 @10.620s 5%: 0.10+1.1+0.070 ms clock, 0.87+0.65/0.74/0+0.56 ms cpu, 3->4->1 MB, 4 MB goal, 0 MB stacks, 0 MB globals, 8 P
gc 2094 @10.623s 5%: 0.10+1.2+0.098 ms clock, 0.81+0.74/0.57/0+0.78 ms cpu, 3->3->1 MB, 4 MB goal, 0 MB stacks, 0 MB globals, 8 P
gc 2095 @10.626s 5%: 0.092+0.67+0.063 ms clock, 0.73+0.73/0.79/0+0.50 ms cpu, 3->3->1 MB, 4 MB goal, 0 MB stacks, 0 MB globals, 8 P
gc 2096 @10.630s 5%: 0.097+0.89+0.070 ms clock, 0.77+0.78/0.84/0+0.56 ms cpu, 3->3->1 MB, 4 MB goal, 0 MB stacks, 0 MB globals, 8 P
gc 2097 @10.633s 5%: 0.082+0.67+0.094 ms clock, 0.65+0.81/0.81/0+0.75 ms cpu, 3->3->1 MB, 4 MB goal, 0 MB stacks, 0 MB globals, 8 P
gc 2098 @10.636s 5%: 0.088+0.51+0.077 ms clock, 0.71+0.79/0.66/0+0.61 ms cpu, 3->3->1 MB, 4 MB goal, 0 MB stacks, 0 MB globals, 8 P
gc 2099 @10.639s 5%: 0.11+0.82+0.093 ms clock, 0.88+0.83/0.72/0+0.74 ms cpu, 3->3->1 MB, 4 MB goal, 0 MB stacks, 0 MB globals, 8 P
gc 2100 @10.642s 5%: 0.14+1.2+0.058 ms clock, 1.1+0.64/0.75/0+0.47 ms cpu, 3->3->1 MB, 4 MB goal, 0 MB stacks, 0 MB globals, 8 P
gc 2101 @10.645s 5%: 0.095+0.62+0.12 ms clock, 0.76+0.78/0.81/0+0.97 ms cpu, 3->3->1 MB, 4 MB goal, 0 MB stacks, 0 MB globals, 8 P
gc 2102 @10.648s 5%: 0.096+1.1+0.072 ms clock, 0.77+0.78/0.75/0+0.58 ms cpu, 3->4->1 MB, 4 MB goal, 0 MB stacks, 0 MB globals, 8 P
gc 2103 @10.652s 5%: 0.10+0.54+0.049 ms clock, 0.87+0.62/0.75/0+0.39 ms cpu, 3->3->1 MB, 4 MB goal, 0 MB stacks, 0 MB globals, 8 P
gc 2104 @10.655s 5%: 0.095+0.54+0.11 ms clock, 0.76+0.85/0.69/0+0.91 ms cpu, 3->3->1 MB, 4 MB goal, 0 MB stacks, 0 MB globals, 8 P
gc 2105 @10.658s 5%: 0.10+0.63+0.076 ms clock, 0.84+0.67/0.87/0+0.61 ms cpu, 3->3->1 MB, 4 MB goal, 0 MB stacks, 0 MB globals, 8 P
gc 2106 @10.661s 5%: 0.10+0.64+0.077 ms clock, 0.80+0.87/0.84/0+0.61 ms cpu, 3->3->1 MB, 4 MB goal, 0 MB stacks, 0 MB globals, 8 P
gc 2107 @10.664s 5%: 0.13+1.2+0.085 ms clock, 1.0+0.69/0.77/0+0.68 ms cpu, 3->3->1 MB, 4 MB goal, 0 MB stacks, 0 MB globals, 8 P
gc 2108 @10.667s 5%: 0.082+0.58+0.075 ms clock, 0.65+0.81/0.70/0+0.60 ms cpu, 3->3->1 MB, 4 MB goal, 0 MB stacks, 0 MB globals, 8 P
gc 2109 @10.671s 5%: 0.094+0.53+0.090 ms clock, 0.75+0.75/0.74/0+0.72 ms cpu, 3->3->1 MB, 4 MB goal, 0 MB stacks, 0 MB globals, 8 P
gc 2110 @10.674s 5%: 0.10+0.90+0.11 ms clock, 0.87+1.3/0.82/0+0.89 ms cpu, 3->3->1 MB, 4 MB goal, 0 MB stacks, 0 MB globals, 8 P
gc 2111 @10.677s 5%: 0.12+0.70+0.095 ms clock, 1.0+0.72/0.81/0+0.76 ms cpu, 3->3->1 MB, 4 MB goal, 0 MB stacks, 0 MB globals, 8 P
gc 2112 @10.680s 5%: 0.11+0.95+0.088 ms clock, 0.95+0.50/0.77/0+0.70 ms cpu, 3->3->1 MB, 4 MB goal, 0 MB stacks, 0 MB globals, 8 P
gc 2113 @10.683s 5%: 0.10+1.0+0.085 ms clock, 0.80+0.68/0.80/0+0.68 ms cpu, 3->3->1 MB, 4 MB goal, 0 MB stacks, 0 MB globals, 8 P
gc 2114 @10.686s 5%: 0.093+0.52+0.11 ms clock, 0.74+0.84/0.68/0+0.92 ms cpu, 3->3->1 MB, 4 MB goal, 0 MB stacks, 0 MB globals, 8 P
gc 2115 @10.689s 5%: 0.11+0.82+0.099 ms clock, 0.88+0.82/0.74/0+0.79 ms cpu, 3->3->1 MB, 4 MB goal, 0 MB stacks, 0 MB globals, 8 P
gc 2116 @10.693s 5%: 0.13+0.64+0.098 ms clock, 1.0+0.84/0.75/0+0.78 ms cpu, 3->3->1 MB, 4 MB goal, 0 MB stacks, 0 MB globals, 8 P
gc 2117 @10.696s 5%: 0.077+0.84+0.068 ms clock, 0.62+0.80/0.76/0+0.54 ms cpu, 3->3->1 MB, 4 MB goal, 0 MB stacks, 0 MB globals, 8 P
gc 2118 @10.699s 5%: 0.092+0.67+0.11 ms clock, 0.73+0.62/0.86/0+0.94 ms cpu, 3->3->1 MB, 4 MB goal, 0 MB stacks, 0 MB globals, 8 P
gc 2119 @10.702s 5%: 0.11+0.81+0.092 ms clock, 0.91+0.83/0.76/0+0.73 ms cpu, 3->3->1 MB, 4 MB goal, 0 MB stacks, 0 MB globals, 8 P
gc 2120 @10.705s 5%: 0.096+0.68+0.13 ms clock, 0.77+0.83/0.84/0+1.0 ms cpu, 3->3->1 MB, 4 MB goal, 0 MB stacks, 0 MB globals, 8 P
gc 2121 @10.708s 5%: 0.12+0.96+0.092 ms clock, 0.99+0.70/0.77/0+0.73 ms cpu, 3->3->1 MB, 4 MB goal, 0 MB stacks, 0 MB globals, 8 P
gc 2122 @10.712s 5%: 0.11+0.87+0.10 ms clock, 0.91+0.70/0.70/0+0.81 ms cpu, 3->3->1 MB, 4 MB goal, 0 MB stacks, 0 MB globals, 8 P
gc 2123 @10.715s 5%: 0.12+0.67+0.094 ms clock, 0.96+0.77/0.71/0+0.75 ms cpu, 3->3->1 MB, 4 MB goal, 0 MB stacks, 0 MB globals, 8 P
gc 2124 @10.718s 5%: 0.096+1.0+0.087 ms clock, 0.77+0.47/0.84/0+0.70 ms cpu, 3->3->1 MB, 4 MB goal, 0 MB stacks, 0 MB globals, 8 P
gc 2125 @10.721s 5%: 0.091+1.3+0.072 ms clock, 0.73+0.61/0.82/0+0.57 ms cpu, 3->4->1 MB, 4 MB goal, 0 MB stacks, 0 MB globals, 8 P
gc 2126 @10.724s 5%: 0.17+0.59+0.086 ms clock, 1.3+0.67/0.82/0+0.69 ms cpu, 3->3->1 MB, 4 MB goal, 0 MB stacks, 0 MB globals, 8 P
gc 2127 @10.728s 5%: 0.10+0.58+0.070 ms clock, 0.81+0.63/0.78/0+0.56 ms cpu, 3->3->1 MB, 4 MB goal, 0 MB stacks, 0 MB globals, 8 P
gc 2128 @10.731s 5%: 0.091+0.61+0.092 ms clock, 0.73+0.82/0.77/0+0.73 ms cpu, 3->3->1 MB, 4 MB goal, 0 MB stacks, 0 MB globals, 8 P
gc 2129 @10.734s 5%: 0.12+0.50+0.091 ms clock, 0.98+0.80/0.67/0+0.73 ms cpu, 3->3->1 MB, 4 MB goal, 0 MB stacks, 0 MB globals, 8 P
gc 2130 @10.737s 5%: 0.10+0.80+0.10 ms clock, 0.80+0.79/0.76/0+0.80 ms cpu, 3->3->1 MB, 4 MB goal, 0 MB stacks, 0 MB globals, 8 P
gc 2131 @10.740s 5%: 0.099+0.60+0.076 ms clock, 0.79+0.80/0.71/0+0.61 ms cpu, 3->3->1 MB, 4 MB goal, 0 MB stacks, 0 MB globals, 8 P
gc 2132 @10.743s 5%: 0.15+1.0+0.087 ms clock, 1.2+0.83/0.68/0+0.69 ms cpu, 3->3->1 MB, 4 MB goal, 0 MB stacks, 0 MB globals, 8 P
gc 2133 @10.746s 5%: 0.094+0.55+0.070 ms clock, 0.75+0.77/0.80/0+0.56 ms cpu, 3->3->1 MB, 4 MB goal, 0 MB stacks, 0 MB globals, 8 P
gc 2134 @10.749s 5%: 0.10+0.58+0.082 ms clock, 0.80+0.75/0.73/0+0.66 ms cpu, 3->3->1 MB, 4 MB goal, 0 MB stacks, 0 MB globals, 8 P
gc 2135 @10.753s 5%: 0.086+0.59+0.078 ms clock, 0.68+0.69/0.81/0+0.62 ms cpu, 3->3->1 MB, 4 MB goal, 0 MB stacks, 0 MB globals, 8 P
gc 2136 @10.756s 5%: 0.084+0.66+0.070 ms clock, 0.67+0.70/0.77/0+0.56 ms cpu, 3->3->1 MB, 4 MB goal, 0 MB stacks, 0 MB globals, 8 P
gc 2137 @10.759s 5%: 0.10+0.64+0.10 ms clock, 0.86+0.81/0.74/0+0.81 ms cpu, 3->3->1 MB, 4 MB goal, 0 MB stacks, 0 MB globals, 8 P
gc 2138 @10.762s 5%: 0.14+0.86+0.075 ms clock, 1.1+0.71/0.73/0+0.60 ms cpu, 3->3->1 MB, 4 MB goal, 0 MB stacks, 0 MB globals, 8 P
gc 2139 @10.765s 5%: 0.15+0.71+0.13 ms clock, 1.2+0.77/0.74/0+1.0 ms cpu, 3->3->1 MB, 4 MB goal, 0 MB stacks, 0 MB globals, 8 P
gc 2140 @10.768s 5%: 0.067+0.67+0.087 ms clock, 0.53+0.69/0.84/0+0.70 ms cpu, 3->3->1 MB, 4 MB goal, 0 MB stacks, 0 MB globals, 8 P
gc 2141 @10.771s 5%: 0.12+0.60+0.076 ms clock, 1.0+0.76/0.78/0+0.60 ms cpu, 3->3->1 MB, 4 MB goal, 0 MB stacks, 0 MB globals, 8 P
gc 2142 @10.774s 5%: 0.12+1.0+0.075 ms clock, 0.96+0.64/0.75/0+0.60 ms cpu, 3->3->1 MB, 4 MB goal, 0 MB stacks, 0 MB globals, 8 P
gc 2143 @10.778s 5%: 0.12+0.82+0.099 ms clock, 0.99+0.90/0.75/0+0.79 ms cpu, 3->3->1 MB, 4 MB goal, 0 MB stacks, 0 MB globals, 8 P
gc 2144 @10.781s 5%: 0.10+0.51+0.092 ms clock, 0.87+0.90/0.72/0+0.74 ms cpu, 3->3->1 MB, 4 MB goal, 0 MB stacks, 0 MB globals, 8 P
gc 2145 @10.784s 5%: 0.091+0.51+0.11 ms clock, 0.73+0.87/0.68/0+0.91 ms cpu, 3->3->1 MB, 4 MB goal, 0 MB stacks, 0 MB globals, 8 P
gc 2146 @10.787s 5%: 0.095+0.70+0.093 ms clock, 0.76+0.74/0.86/0+0.75 ms cpu, 3->3->1 MB, 4 MB goal, 0 MB stacks, 0 MB globals, 8 P
gc 2147 @10.790s 5%: 0.12+0.55+0.076 ms clock, 0.98+0.83/0.68/0+0.61 ms cpu, 3->3->1 MB, 4 MB goal, 0 MB stacks, 0 MB globals, 8 P
gc 2148 @10.793s 5%: 0.12+1.3+0.075 ms clock, 1.0+1.3/0.82/0+0.60 ms cpu, 3->4->2 MB, 4 MB goal, 0 MB stacks, 0 MB globals, 8 P
gc 2149 @10.797s 5%: 0.10+0.70+0.11 ms clock, 0.81+0.83/0.83/0+0.88 ms cpu, 3->4->1 MB, 4 MB goal, 0 MB stacks, 0 MB globals, 8 P
gc 2150 @10.800s 5%: 0.11+0.79+0.066 ms clock, 0.93+0.70/0.78/0+0.53 ms cpu, 3->3->1 MB, 4 MB goal, 0 MB stacks, 0 MB globals, 8 P
gc 2151 @10.803s 5%: 0.11+0.94+0.085 ms clock, 0.88+0.84/0.73/0+0.68 ms cpu, 3->3->1 MB, 4 MB goal, 0 MB stacks, 0 MB globals, 8 P
gc 2152 @10.807s 5%: 0.10+1.0+0.090 ms clock, 0.82+0.78/0.70/0+0.72 ms cpu, 3->3->1 MB, 4 MB goal, 0 MB stacks, 0 MB globals, 8 P
gc 2153 @10.810s 5%: 0.098+0.58+0.090 ms clock, 0.78+0.79/0.79/0+0.72 ms cpu, 3->3->1 MB, 4 MB goal, 0 MB stacks, 0 MB globals, 8 P
gc 2154 @10.813s 5%: 0.12+0.66+0.11 ms clock, 0.99+0.79/0.78/0+0.91 ms cpu, 3->3->1 MB, 4 MB goal, 0 MB stacks, 0 MB globals, 8 P
gc 2155 @10.816s 5%: 0.094+0.73+0.10 ms clock, 0.75+0.74/0.78/0+0.83 ms cpu, 3->3->1 MB, 4 MB goal, 0 MB stacks, 0 MB globals, 8 P
gc 2156 @10.819s 5%: 0.070+0.56+0.072 ms clock, 0.56+0.89/0.67/0.005+0.57 ms cpu, 3->3->1 MB, 4 MB goal, 0 MB stacks, 0 MB globals, 8 P
gc 2157 @10.822s 5%: 0.099+0.55+0.089 ms clock, 0.79+0.70/0.77/0+0.71 ms cpu, 3->3->1 MB, 4 MB goal, 0 MB stacks, 0 MB globals, 8 P
gc 2158 @10.825s 5%: 0.11+0.92+0.086 ms clock, 0.92+0.78/0.77/0+0.69 ms cpu, 3->3->1 MB, 4 MB goal, 0 MB stacks, 0 MB globals, 8 P
gc 2159 @10.829s 5%: 0.072+0.97+0.072 ms clock, 0.58+0.84/0.67/0+0.58 ms cpu, 3->3->1 MB, 4 MB goal, 0 MB stacks, 0 MB globals, 8 P
gc 2160 @10.832s 5%: 0.089+0.91+0.10 ms clock, 0.71+0.78/0.77/0+0.80 ms cpu, 3->3->1 MB, 4 MB goal, 0 MB stacks, 0 MB globals, 8 P
gc 2161 @10.835s 5%: 0.12+1.2+0.027 ms clock, 0.98+0.83/0.83/0+0.21 ms cpu, 3->4->1 MB, 4 MB goal, 0 MB stacks, 0 MB globals, 8 P
gc 2162 @10.839s 5%: 0.10+0.88+0.067 ms clock, 0.80+0.67/0.74/0+0.53 ms cpu, 3->4->1 MB, 4 MB goal, 0 MB stacks, 0 MB globals, 8 P
gc 2163 @10.842s 5%: 0.082+0.49+0.10 ms clock, 0.65+0.81/0.72/0+0.86 ms cpu, 3->3->1 MB, 4 MB goal, 0 MB stacks, 0 MB globals, 8 P
gc 2164 @10.845s 5%: 0.072+0.66+0.087 ms clock, 0.58+0.75/0.79/0+0.70 ms cpu, 3->3->1 MB, 4 MB goal, 0 MB stacks, 0 MB globals, 8 P
gc 2165 @10.848s 5%: 0.11+0.57+0.066 ms clock, 0.93+0.75/0.73/0+0.53 ms cpu, 3->3->1 MB, 4 MB goal, 0 MB stacks, 0 MB globals, 8 P
gc 2166 @10.851s 5%: 0.083+0.62+0.044 ms clock, 0.66+0.82/0.77/0+0.35 ms cpu, 3->3->1 MB, 4 MB goal, 0 MB stacks, 0 MB globals, 8 P
gc 2167 @10.854s 5%: 0.14+0.59+0.085 ms clock, 1.1+0.78/0.74/0+0.68 ms cpu, 3->3->1 MB, 4 MB goal, 0 MB stacks, 0 MB globals, 8 P
gc 2168 @10.857s 5%: 0.13+0.56+0.051 ms clock, 1.1+0.76/0.79/0+0.41 ms cpu, 3->3->1 MB, 4 MB goal, 0 MB stacks, 0 MB globals, 8 P
gc 2169 @10.860s 5%: 0.10+0.57+0.096 ms clock, 0.81+0.82/0.77/0+0.77 ms cpu, 3->3->1 MB, 4 MB goal, 0 MB stacks, 0 MB globals, 8 P
gc 2170 @10.863s 5%: 0.071+0.50+0.050 ms clock, 0.56+0.77/0.76/0+0.40 ms cpu, 3->3->1 MB, 4 MB goal, 0 MB stacks, 0 MB globals, 8 P
gc 2171 @10.867s 5%: 0.087+0.66+0.11 ms clock, 0.70+0.77/0.78/0+0.93 ms cpu, 3->3->1 MB, 4 MB goal, 0 MB stacks, 0 MB globals, 8 P
gc 2172 @10.870s 5%: 0.092+0.64+0.065 ms clock, 0.73+0.79/0.74/0+0.52 ms cpu, 3->3->1 MB, 4 MB goal, 0 MB stacks, 0 MB globals, 8 P
gc 2173 @10.873s 5%: 0.11+0.67+0.068 ms clock, 0.93+0.88/0.74/0+0.55 ms cpu, 3->3->1 MB, 4 MB goal, 0 MB stacks, 0 MB globals, 8 P
gc 2174 @10.876s 5%: 0.10+0.95+0.075 ms clock, 0.85+0.57/0.87/0+0.60 ms cpu, 3->3->1 MB, 4 MB goal, 0 MB stacks, 0 MB globals, 8 P
gc 2175 @10.879s 5%: 0.098+0.52+0.10 ms clock, 0.78+0.84/0.71/0+0.82 ms cpu, 3->3->1 MB, 4 MB goal, 0 MB stacks, 0 MB globals, 8 P
gc 2176 @10.882s 5%: 0.10+0.54+0.084 ms clock, 0.86+0.68/0.78/0+0.67 ms cpu, 3->3->1 MB, 4 MB goal, 0 MB stacks, 0 MB globals, 8 P
gc 2177 @10.885s 5%: 0.10+0.83+0.12 ms clock, 0.81+0.67/0.79/0+0.96 ms cpu, 3->3->1 MB, 4 MB goal, 0 MB stacks, 0 MB globals, 8 P
gc 2178 @10.888s 5%: 0.13+0.82+0.11 ms clock, 1.0+0.66/0.86/0+0.92 ms cpu, 3->3->1 MB, 4 MB goal, 0 MB stacks, 0 MB globals, 8 P
gc 2179 @10.891s 5%: 0.092+0.43+0.085 ms clock, 0.73+0.85/0.67/0+0.68 ms cpu, 3->3->1 MB, 4 MB goal, 0 MB stacks, 0 MB globals, 8 P
gc 2180 @10.894s 5%: 0.062+0.57+0.10 ms clock, 0.50+0.75/0.73/0+0.83 ms cpu, 3->3->1 MB, 4 MB goal, 0 MB stacks, 0 MB globals, 8 P
gc 2181 @10.897s 5%: 0.12+0.68+0.086 ms clock, 0.98+0.82/0.74/0+0.69 ms cpu, 3->3->1 MB, 4 MB goal, 0 MB stacks, 0 MB globals, 8 P
gc 2182 @10.900s 5%: 0.10+0.83+0.12 ms clock, 0.83+0.50/0.83/0+1.0 ms cpu, 3->3->1 MB, 4 MB goal, 0 MB stacks, 0 MB globals, 8 P
gc 2183 @10.904s 5%: 0.076+0.64+0.060 ms clock, 0.61+0.72/0.78/0+0.48 ms cpu, 3->3->1 MB, 4 MB goal, 0 MB stacks, 0 MB globals, 8 P
gc 2184 @10.907s 5%: 0.098+1.1+0.057 ms clock, 0.79+0.68/0.73/0+0.46 ms cpu, 3->3->1 MB, 4 MB goal, 0 MB stacks, 0 MB globals, 8 P
gc 2185 @10.910s 5%: 0.11+0.60+0.10 ms clock, 0.93+0.70/0.80/0+0.84 ms cpu, 3->3->1 MB, 4 MB goal, 0 MB stacks, 0 MB globals, 8 P
gc 2186 @10.913s 5%: 0.12+0.58+0.084 ms clock, 0.96+0.79/0.77/0+0.67 ms cpu, 3->3->1 MB, 4 MB goal, 0 MB stacks, 0 MB globals, 8 P
gc 2187 @10.916s 5%: 0.11+0.99+0.085 ms clock, 0.88+0.71/0.72/0+0.68 ms cpu, 3->3->1 MB, 4 MB goal, 0 MB stacks, 0 MB globals, 8 P
gc 2188 @10.920s 5%: 0.11+0.60+0.12 ms clock, 0.92+0.82/0.70/0+1.0 ms cpu, 3->3->1 MB, 4 MB goal, 0 MB stacks, 0 MB globals, 8 P
gc 2189 @10.923s 5%: 0.12+1.0+0.082 ms clock, 1.0+0.61/0.77/0+0.65 ms cpu, 3->3->1 MB, 4 MB goal, 0 MB stacks, 0 MB globals, 8 P
gc 2190 @10.926s 5%: 0.10+1.4+0.055 ms clock, 0.86+0.81/1.4/0+0.44 ms cpu, 3->4->1 MB, 4 MB goal, 0 MB stacks, 0 MB globals, 8 P
gc 2191 @10.929s 5%: 0.10+1.3+0.096 ms clock, 0.87+0.51/0.85/0+0.76 ms cpu, 3->4->1 MB, 4 MB goal, 0 MB stacks, 0 MB globals, 8 P
gc 2192 @10.933s 5%: 0.12+0.75+0.10 ms clock, 0.96+0.76/0.73/0+0.80 ms cpu, 3->4->1 MB, 4 MB goal, 0 MB stacks, 0 MB globals, 8 P
gc 2193 @10.937s 5%: 0.077+1.1+0.056 ms clock, 0.61+0.62/0.82/0+0.45 ms cpu, 3->3->1 MB, 4 MB goal, 0 MB stacks, 0 MB globals, 8 P
gc 2194 @10.940s 6%: 0.11+0.55+0.078 ms clock, 0.95+0.81/0.70/0+0.62 ms cpu, 3->3->1 MB, 4 MB goal, 0 MB stacks, 0 MB globals, 8 P
gc 2195 @10.943s 6%: 0.085+1.0+0.017 ms clock, 0.68+0.97/0.42/0+0.14 ms cpu, 3->3->1 MB, 4 MB goal, 0 MB stacks, 0 MB globals, 8 P
gc 2196 @10.946s 6%: 0.093+0.63+0.12 ms clock, 0.74+0.67/0.84/0+0.97 ms cpu, 3->3->1 MB, 4 MB goal, 0 MB stacks, 0 MB globals, 8 P
gc 2197 @10.949s 6%: 0.15+0.67+0.081 ms clock, 1.2+0.77/0.79/0+0.65 ms cpu, 3->3->1 MB, 4 MB goal, 0 MB stacks, 0 MB globals, 8 P
gc 2198 @10.952s 6%: 0.093+0.55+0.086 ms clock, 0.75+0.73/0.78/0+0.69 ms cpu, 3->3->1 MB, 4 MB goal, 0 MB stacks, 0 MB globals, 8 P
gc 2199 @10.955s 6%: 0.071+0.59+0.088 ms clock, 0.57+0.79/0.75/0+0.70 ms cpu, 3->3->1 MB, 4 MB goal, 0 MB stacks, 0 MB globals, 8 P
gc 2200 @10.958s 6%: 0.088+0.90+0.10 ms clock, 0.71+0.80/0.71/0+0.86 ms cpu, 3->3->1 MB, 4 MB goal, 0 MB stacks, 0 MB globals, 8 P
gc 2201 @10.962s 6%: 0.14+1.0+0.10 ms clock, 1.1+1.2/0.79/0+0.81 ms cpu, 3->3->1 MB, 4 MB goal, 0 MB stacks, 0 MB globals, 8 P
gc 2202 @10.965s 6%: 0.13+0.80+0.11 ms clock, 1.0+0.66/0.81/0+0.92 ms cpu, 3->3->1 MB, 4 MB goal, 0 MB stacks, 0 MB globals, 8 P
gc 2203 @10.968s 6%: 0.096+0.64+0.097 ms clock, 0.77+1.0/0.82/0+0.78 ms cpu, 3->3->1 MB, 4 MB goal, 0 MB stacks, 0 MB globals, 8 P
gc 2204 @10.971s 6%: 0.099+0.64+0.12 ms clock, 0.79+0.79/0.83/0+1.0 ms cpu, 3->3->1 MB, 4 MB goal, 0 MB stacks, 0 MB globals, 8 P
gc 2205 @10.974s 6%: 0.093+0.89+0.10 ms clock, 0.74+0.64/0.85/0+0.87 ms cpu, 3->3->1 MB, 4 MB goal, 0 MB stacks, 0 MB globals, 8 P
gc 2206 @10.977s 6%: 0.10+0.66+0.12 ms clock, 0.84+0.70/0.86/0+1.0 ms cpu, 3->3->1 MB, 4 MB goal, 0 MB stacks, 0 MB globals, 8 P
gc 2207 @10.980s 6%: 0.089+1.4+0.048 ms clock, 0.71+1.7/0.84/0+0.38 ms cpu, 3->4->1 MB, 4 MB goal, 0 MB stacks, 0 MB globals, 8 P
gc 2208 @10.984s 6%: 0.11+0.71+0.074 ms clock, 0.90+0.72/0.70/0+0.59 ms cpu, 3->3->1 MB, 4 MB goal, 0 MB stacks, 0 MB globals, 8 P
gc 2209 @10.987s 6%: 0.094+0.53+0.092 ms clock, 0.75+0.84/0.76/0+0.74 ms cpu, 3->3->1 MB, 4 MB goal, 0 MB stacks, 0 MB globals, 8 P
gc 2210 @10.990s 6%: 0.14+1.2+0.10 ms clock, 1.1+0.82/1.1/0+0.80 ms cpu, 3->4->1 MB, 4 MB goal, 0 MB stacks, 0 MB globals, 8 P
gc 2211 @10.994s 6%: 0.12+0.67+0.061 ms clock, 0.96+0.81/0.72/0+0.49 ms cpu, 3->3->1 MB, 4 MB goal, 0 MB stacks, 0 MB globals, 8 P
gc 2212 @10.997s 6%: 0.11+0.66+0.071 ms clock, 0.88+0.84/0.63/0+0.57 ms cpu, 3->3->1 MB, 4 MB goal, 0 MB stacks, 0 MB globals, 8 P
gc 2213 @11.000s 6%: 0.10+1.1+0.061 ms clock, 0.80+0.66/0.77/0+0.48 ms cpu, 3->3->1 MB, 4 MB goal, 0 MB stacks, 0 MB globals, 8 P
gc 2214 @11.003s 6%: 0.091+0.57+0.071 ms clock, 0.72+0.87/0.68/0+0.57 ms cpu, 3->3->1 MB, 4 MB goal, 0 MB stacks, 0 MB globals, 8 P
gc 2215 @11.007s 6%: 0.15+0.57+0.077 ms clock, 1.2+0.72/0.80/0+0.62 ms cpu, 3->3->1 MB, 4 MB goal, 0 MB stacks, 0 MB globals, 8 P
gc 2216 @11.009s 6%: 0.12+0.59+0.082 ms clock, 0.99+0.89/0.82/0+0.66 ms cpu, 3->3->1 MB, 4 MB goal, 0 MB stacks, 0 MB globals, 8 P
gc 2217 @11.012s 6%: 0.10+0.55+0.095 ms clock, 0.82+0.66/0.75/0+0.76 ms cpu, 3->3->1 MB, 4 MB goal, 0 MB stacks, 0 MB globals, 8 P
gc 2218 @11.015s 6%: 0.091+0.63+0.050 ms clock, 0.73+0.66/0.86/0+0.40 ms cpu, 3->3->1 MB, 4 MB goal, 0 MB stacks, 0 MB globals, 8 P
gc 2219 @11.018s 6%: 0.14+0.56+0.14 ms clock, 1.1+0.79/0.84/0+1.1 ms cpu, 3->3->1 MB, 4 MB goal, 0 MB stacks, 0 MB globals, 8 P
gc 2220 @11.021s 6%: 0.10+0.73+0.10 ms clock, 0.84+0.83/0.76/0+0.81 ms cpu, 3->3->1 MB, 4 MB goal, 0 MB stacks, 0 MB globals, 8 P
gc 2221 @11.024s 6%: 0.11+0.56+0.11 ms clock, 0.88+0.82/0.70/0+0.92 ms cpu, 3->3->1 MB, 4 MB goal, 0 MB stacks, 0 MB globals, 8 P
gc 2222 @11.027s 6%: 0.074+0.58+0.083 ms clock, 0.59+0.82/0.68/0+0.66 ms cpu, 3->3->1 MB, 4 MB goal, 0 MB stacks, 0 MB globals, 8 P
gc 2223 @11.030s 6%: 0.074+0.61+0.081 ms clock, 0.59+0.80/0.80/0+0.65 ms cpu, 3->3->1 MB, 4 MB goal, 0 MB stacks, 0 MB globals, 8 P
gc 2224 @11.033s 6%: 0.074+0.88+0.096 ms clock, 0.59+0.84/0.72/0+0.76 ms cpu, 3->3->1 MB, 4 MB goal, 0 MB stacks, 0 MB globals, 8 P
gc 2225 @11.037s 6%: 0.096+0.54+0.094 ms clock, 0.77+0.84/0.70/0+0.75 ms cpu, 3->3->1 MB, 4 MB goal, 0 MB stacks, 0 MB globals, 8 P
gc 2226 @11.040s 6%: 0.077+0.77+0.13 ms clock, 0.62+0.65/0.84/0+1.0 ms cpu, 3->3->1 MB, 4 MB goal, 0 MB stacks, 0 MB globals, 8 P
gc 2227 @11.043s 6%: 0.084+0.98+0.039 ms clock, 0.67+0.57/0.83/0+0.31 ms cpu, 3->3->1 MB, 4 MB goal, 0 MB stacks, 0 MB globals, 8 P
gc 2228 @11.046s 6%: 0.11+1.1+0.089 ms clock, 0.92+0.59/0.88/0+0.71 ms cpu, 3->4->1 MB, 4 MB goal, 0 MB stacks, 0 MB globals, 8 P
gc 2229 @11.049s 6%: 0.11+1.1+0.050 ms clock, 0.89+0.66/0.82/0+0.40 ms cpu, 3->4->1 MB, 4 MB goal, 0 MB stacks, 0 MB globals, 8 P
gc 2230 @11.053s 6%: 0.092+0.52+0.082 ms clock, 0.74+0.72/0.78/0+0.65 ms cpu, 3->3->1 MB, 4 MB goal, 0 MB stacks, 0 MB globals, 8 P
gc 2231 @11.056s 6%: 0.11+1.2+0.073 ms clock, 0.90+0.67/0.86/0+0.58 ms cpu, 3->4->1 MB, 4 MB goal, 0 MB stacks, 0 MB globals, 8 P
gc 2232 @11.059s 6%: 0.10+0.73+0.13 ms clock, 0.86+1.0/0.77/0+1.0 ms cpu, 3->3->1 MB, 4 MB goal, 0 MB stacks, 0 MB globals, 8 P
gc 2233 @11.062s 6%: 0.093+1.1+0.11 ms clock, 0.74+0.56/0.85/0+0.89 ms cpu, 3->3->1 MB, 4 MB goal, 0 MB stacks, 0 MB globals, 8 P
gc 2234 @11.066s 6%: 0.086+0.47+0.075 ms clock, 0.69+0.91/0.68/0+0.60 ms cpu, 3->3->1 MB, 4 MB goal, 0 MB stacks, 0 MB globals, 8 P
gc 2235 @11.069s 6%: 0.13+1.1+0.095 ms clock, 1.1+0.52/0.88/0+0.76 ms cpu, 3->4->1 MB, 4 MB goal, 0 MB stacks, 0 MB globals, 8 P
gc 2236 @11.073s 6%: 0.063+0.68+0.099 ms clock, 0.50+0.82/0.67/0+0.79 ms cpu, 3->3->1 MB, 4 MB goal, 0 MB stacks, 0 MB globals, 8 P
gc 2237 @11.076s 6%: 0.086+0.56+0.059 ms clock, 0.69+0.86/0.64/0+0.47 ms cpu, 3->3->1 MB, 4 MB goal, 0 MB stacks, 0 MB globals, 8 P
gc 2238 @11.079s 6%: 0.094+1.0+0.080 ms clock, 0.75+0.72/0.72/0+0.64 ms cpu, 3->3->1 MB, 4 MB goal, 0 MB stacks, 0 MB globals, 8 P
gc 2239 @11.082s 6%: 0.092+0.54+0.082 ms clock, 0.74+0.86/0.70/0+0.65 ms cpu, 3->3->1 MB, 4 MB goal, 0 MB stacks, 0 MB globals, 8 P
gc 2240 @11.085s 6%: 0.11+0.61+0.075 ms clock, 0.88+0.73/0.78/0+0.60 ms cpu, 3->3->1 MB, 4 MB goal, 0 MB stacks, 0 MB globals, 8 P
gc 2241 @11.088s 6%: 0.080+0.98+0.091 ms clock, 0.64+0.80/0.68/0+0.73 ms cpu, 3->3->1 MB, 4 MB goal, 0 MB stacks, 0 MB globals, 8 P
gc 2242 @11.091s 6%: 0.13+0.76+0.10 ms clock, 1.0+0.83/0.67/0+0.83 ms cpu, 3->3->1 MB, 4 MB goal, 0 MB stacks, 0 MB globals, 8 P
gc 2243 @11.094s 6%: 0.083+0.59+0.12 ms clock, 0.66+0.77/0.69/0+1.0 ms cpu, 3->3->1 MB, 4 MB goal, 0 MB stacks, 0 MB globals, 8 P
gc 2244 @11.097s 6%: 0.11+0.88+0.070 ms clock, 0.91+0.66/0.76/0+0.56 ms cpu, 3->3->1 MB, 4 MB goal, 0 MB stacks, 0 MB globals, 8 P
gc 2245 @11.101s 6%: 0.11+0.76+0.11 ms clock, 0.91+0.81/0.79/0+0.94 ms cpu, 3->3->1 MB, 4 MB goal, 0 MB stacks, 0 MB globals, 8 P
gc 2246 @11.104s 6%: 0.063+0.67+0.056 ms clock, 0.50+0.84/0.80/0+0.45 ms cpu, 3->3->1 MB, 4 MB goal, 0 MB stacks, 0 MB globals, 8 P
gc 2247 @11.107s 6%: 0.10+0.78+0.11 ms clock, 0.84+0.69/0.78/0+0.95 ms cpu, 3->3->1 MB, 4 MB goal, 0 MB stacks, 0 MB globals, 8 P
gc 2248 @11.110s 6%: 0.13+0.59+0.093 ms clock, 1.0+0.72/0.76/0+0.75 ms cpu, 3->3->1 MB, 4 MB goal, 0 MB stacks, 0 MB globals, 8 P
gc 2249 @11.113s 6%: 0.10+0.59+0.084 ms clock, 0.80+0.90/0.71/0+0.67 ms cpu, 3->3->1 MB, 4 MB goal, 0 MB stacks, 0 MB globals, 8 P
gc 2250 @11.116s 6%: 0.085+0.92+0.047 ms clock, 0.68+0.58/0.77/0+0.37 ms cpu, 3->3->1 MB, 4 MB goal, 0 MB stacks, 0 MB globals, 8 P
gc 2251 @11.119s 6%: 0.11+0.94+0.076 ms clock, 0.90+0.89/0.77/0+0.60 ms cpu, 3->3->1 MB, 4 MB goal, 0 MB stacks, 0 MB globals, 8 P
gc 2252 @11.123s 6%: 0.12+0.66+0.10 ms clock, 1.0+0.84/0.76/0+0.82 ms cpu, 3->3->1 MB, 4 MB goal, 0 MB stacks, 0 MB globals, 8 P
gc 2253 @11.126s 6%: 0.11+0.90+0.10 ms clock, 0.90+1.3/0.79/0+0.86 ms cpu, 3->3->1 MB, 4 MB goal, 0 MB stacks, 0 MB globals, 8 P
gc 2254 @11.129s 6%: 0.10+0.75+0.086 ms clock, 0.86+0.74/0.69/0+0.68 ms cpu, 3->3->1 MB, 4 MB goal, 0 MB stacks, 0 MB globals, 8 P
gc 2255 @11.132s 6%: 0.29+0.98+0.092 ms clock, 2.3+0.54/0.83/0+0.74 ms cpu, 3->3->1 MB, 4 MB goal, 0 MB stacks, 0 MB globals, 8 P
gc 2256 @11.135s 6%: 0.10+1.1+0.025 ms clock, 0.86+0.48/1.2/0+0.20 ms cpu, 3->3->1 MB, 4 MB goal, 0 MB stacks, 0 MB globals, 8 P
gc 2257 @11.138s 6%: 0.099+0.56+0.24 ms clock, 0.79+0.70/0.78/0+1.9 ms cpu, 3->3->1 MB, 4 MB goal, 0 MB stacks, 0 MB globals, 8 P
gc 2258 @11.141s 6%: 0.096+1.3+0.094 ms clock, 0.77+0.88/0.90/0+0.75 ms cpu, 3->4->1 MB, 4 MB goal, 0 MB stacks, 0 MB globals, 8 P
gc 2259 @11.145s 6%: 0.12+0.57+0.11 ms clock, 1.0+0.84/0.70/0+0.91 ms cpu, 3->3->1 MB, 4 MB goal, 0 MB stacks, 0 MB globals, 8 P
gc 2260 @11.148s 6%: 0.14+0.99+0.088 ms clock, 1.1+0.71/0.86/0+0.70 ms cpu, 3->3->1 MB, 4 MB goal, 0 MB stacks, 0 MB globals, 8 P
gc 2261 @11.151s 6%: 0.10+0.59+0.10 ms clock, 0.82+0.88/0.74/0+0.82 ms cpu, 3->3->1 MB, 4 MB goal, 0 MB stacks, 0 MB globals, 8 P
gc 2262 @11.154s 6%: 0.10+0.75+0.10 ms clock, 0.83+0.66/0.90/0+0.82 ms cpu, 3->3->1 MB, 4 MB goal, 0 MB stacks, 0 MB globals, 8 P
gc 2263 @11.158s 6%: 0.10+0.64+0.10 ms clock, 0.86+0.60/0.82/0+0.81 ms cpu, 3->3->1 MB, 4 MB goal, 0 MB stacks, 0 MB globals, 8 P
gc 2264 @11.161s 6%: 0.14+1.0+0.089 ms clock, 1.1+0.83/0.77/0+0.71 ms cpu, 3->3->1 MB, 4 MB goal, 0 MB stacks, 0 MB globals, 8 P
gc 2265 @11.164s 6%: 0.10+0.63+0.093 ms clock, 0.82+0.74/0.77/0+0.74 ms cpu, 3->3->1 MB, 4 MB goal, 0 MB stacks, 0 MB globals, 8 P
gc 2266 @11.167s 6%: 0.10+1.0+0.048 ms clock, 0.83+0.76/0.72/0+0.38 ms cpu, 3->3->1 MB, 4 MB goal, 0 MB stacks, 0 MB globals, 8 P
gc 2267 @11.170s 6%: 0.11+0.49+0.062 ms clock, 0.94+0.83/0.71/0+0.50 ms cpu, 3->3->1 MB, 4 MB goal, 0 MB stacks, 0 MB globals, 8 P
gc 2268 @11.173s 6%: 0.075+0.69+0.11 ms clock, 0.60+0.79/0.70/0+0.90 ms cpu, 3->3->1 MB, 4 MB goal, 0 MB stacks, 0 MB globals, 8 P
gc 2269 @11.177s 6%: 0.12+0.62+0.088 ms clock, 1.0+0.86/0.77/0+0.70 ms cpu, 3->3->1 MB, 4 MB goal, 0 MB stacks, 0 MB globals, 8 P
gc 2270 @11.180s 6%: 0.14+0.86+0.081 ms clock, 1.1+0.67/0.78/0+0.65 ms cpu, 3->3->1 MB, 4 MB goal, 0 MB stacks, 0 MB globals, 8 P
gc 2271 @11.183s 6%: 0.12+0.74+0.071 ms clock, 0.96+0.71/0.76/0+0.57 ms cpu, 3->3->1 MB, 4 MB goal, 0 MB stacks, 0 MB globals, 8 P
gc 2272 @11.186s 6%: 0.11+0.59+0.098 ms clock, 0.94+0.80/0.75/0+0.78 ms cpu, 3->3->1 MB, 4 MB goal, 0 MB stacks, 0 MB globals, 8 P
gc 2273 @11.189s 6%: 0.097+0.87+0.076 ms clock, 0.78+0.69/0.83/0+0.61 ms cpu, 3->3->1 MB, 4 MB goal, 0 MB stacks, 0 MB globals, 8 P
gc 2274 @11.192s 6%: 0.10+0.58+0.080 ms clock, 0.87+0.80/0.75/0+0.64 ms cpu, 3->3->1 MB, 4 MB goal, 0 MB stacks, 0 MB globals, 8 P
gc 2275 @11.195s 6%: 0.13+1.2+0.080 ms clock, 1.0+0.94/1.2/0+0.64 ms cpu, 3->3->1 MB, 4 MB goal, 0 MB stacks, 0 MB globals, 8 P
gc 2276 @11.199s 6%: 0.089+1.9+0.011 ms clock, 0.71+0.61/0.77/0+0.090 ms cpu, 3->4->1 MB, 4 MB goal, 0 MB stacks, 0 MB globals, 8 P
gc 2277 @11.202s 6%: 0.12+1.0+0.088 ms clock, 0.98+0.62/0.83/0+0.70 ms cpu, 3->4->1 MB, 4 MB goal, 0 MB stacks, 0 MB globals, 8 P
gc 2278 @11.205s 6%: 0.11+0.73+0.074 ms clock, 0.94+0.34/0.80/0+0.59 ms cpu, 3->3->1 MB, 4 MB goal, 0 MB stacks, 0 MB globals, 8 P
gc 2279 @11.209s 6%: 0.092+0.75+0.082 ms clock, 0.74+0.73/0.80/0+0.66 ms cpu, 3->3->1 MB, 4 MB goal, 0 MB stacks, 0 MB globals, 8 P
gc 2280 @11.212s 6%: 0.097+1.4+0.072 ms clock, 0.77+0.68/0.85/0+0.58 ms cpu, 3->4->2 MB, 4 MB goal, 0 MB stacks, 0 MB globals, 8 P
gc 2281 @11.216s 6%: 0.12+0.50+0.065 ms clock, 1.0+0.63/0.77/0+0.52 ms cpu, 3->4->1 MB, 4 MB goal, 0 MB stacks, 0 MB globals, 8 P
gc 2282 @11.219s 6%: 0.090+0.54+0.099 ms clock, 0.72+0.80/0.73/0+0.79 ms cpu, 3->3->1 MB, 4 MB goal, 0 MB stacks, 0 MB globals, 8 P
gc 2283 @11.222s 6%: 0.088+1.0+0.083 ms clock, 0.70+0.85/1.0/0+0.66 ms cpu, 3->3->1 MB, 4 MB goal, 0 MB stacks, 0 MB globals, 8 P
gc 2284 @11.225s 6%: 0.12+0.65+0.10 ms clock, 1.0+0.87/0.79/0+0.80 ms cpu, 3->3->1 MB, 4 MB goal, 0 MB stacks, 0 MB globals, 8 P
gc 2285 @11.228s 6%: 0.11+0.43+0.080 ms clock, 0.91+0.81/0.63/0+0.64 ms cpu, 3->3->1 MB, 4 MB goal, 0 MB stacks, 0 MB globals, 8 P
gc 2286 @11.231s 6%: 0.10+0.56+0.10 ms clock, 0.81+0.81/0.82/0+0.85 ms cpu, 3->3->1 MB, 4 MB goal, 0 MB stacks, 0 MB globals, 8 P
gc 2287 @11.234s 6%: 0.078+1.3+0.046 ms clock, 0.62+0.55/0.86/0+0.37 ms cpu, 3->3->1 MB, 4 MB goal, 0 MB stacks, 0 MB globals, 8 P
gc 2288 @11.238s 6%: 0.096+1.0+0.070 ms clock, 0.76+0.73/0.71/0+0.56 ms cpu, 3->4->1 MB, 4 MB goal, 0 MB stacks, 0 MB globals, 8 P
gc 2289 @11.241s 6%: 0.11+1.0+0.069 ms clock, 0.89+1.3/0.92/0+0.55 ms cpu, 3->4->1 MB, 4 MB goal, 0 MB stacks, 0 MB globals, 8 P
gc 2290 @11.244s 6%: 0.098+1.0+0.072 ms clock, 0.78+0.88/0.69/0+0.57 ms cpu, 3->3->1 MB, 4 MB goal, 0 MB stacks, 0 MB globals, 8 P
gc 2291 @11.247s 6%: 0.11+0.59+0.072 ms clock, 0.88+0.56/0.77/0+0.57 ms cpu, 3->3->1 MB, 4 MB goal, 0 MB stacks, 0 MB globals, 8 P
gc 2292 @11.250s 6%: 0.10+0.98+0.10 ms clock, 0.80+0.81/0.72/0+0.82 ms cpu, 3->3->1 MB, 4 MB goal, 0 MB stacks, 0 MB globals, 8 P
gc 2293 @11.253s 6%: 0.12+0.75+0.070 ms clock, 0.97+0.55/0.86/0+0.56 ms cpu, 3->3->1 MB, 4 MB goal, 0 MB stacks, 0 MB globals, 8 P
gc 2294 @11.257s 6%: 0.13+0.84+0.083 ms clock, 1.0+0.65/0.95/0+0.67 ms cpu, 3->3->1 MB, 4 MB goal, 0 MB stacks, 0 MB globals, 8 P
gc 2295 @11.260s 6%: 0.090+0.93+0.099 ms clock, 0.72+1.4/0.46/0+0.79 ms cpu, 3->3->1 MB, 4 MB goal, 0 MB stacks, 0 MB globals, 8 P
gc 2296 @11.263s 6%: 0.095+1.4+0.073 ms clock, 0.76+0.031/0.91/0+0.58 ms cpu, 3->4->1 MB, 4 MB goal, 0 MB stacks, 0 MB globals, 8 P
gc 2297 @11.266s 6%: 0.043+0.62+0.11 ms clock, 0.34+0.73/0.79/0+0.89 ms cpu, 3->3->1 MB, 4 MB goal, 0 MB stacks, 0 MB globals, 8 P
gc 2298 @11.269s 6%: 0.12+1.0+0.090 ms clock, 1.0+0.65/0.70/0+0.72 ms cpu, 3->3->1 MB, 4 MB goal, 0 MB stacks, 0 MB globals, 8 P
gc 2299 @11.273s 6%: 0.095+0.62+0.11 ms clock, 0.76+0.78/0.70/0+0.92 ms cpu, 3->3->1 MB, 4 MB goal, 0 MB stacks, 0 MB globals, 8 P
gc 2300 @11.276s 6%: 0.085+0.96+0.059 ms clock, 0.68+0.82/0.75/0+0.47 ms cpu, 3->3->1 MB, 4 MB goal, 0 MB stacks, 0 MB globals, 8 P
gc 2301 @11.279s 6%: 0.14+1.2+0.10 ms clock, 1.1+1.5/0.77/0+0.87 ms cpu, 3->4->1 MB, 4 MB goal, 0 MB stacks, 0 MB globals, 8 P
gc 2302 @11.282s 6%: 0.071+0.67+0.11 ms clock, 0.56+0.87/0.73/0+0.92 ms cpu, 3->3->1 MB, 4 MB goal, 0 MB stacks, 0 MB globals, 8 P
gc 2303 @11.285s 6%: 0.13+0.72+0.097 ms clock, 1.0+0.78/0.77/0+0.78 ms cpu, 3->3->1 MB, 4 MB goal, 0 MB stacks, 0 MB globals, 8 P
gc 2304 @11.289s 6%: 0.10+0.64+0.075 ms clock, 0.82+0.78/0.77/0+0.60 ms cpu, 3->3->1 MB, 4 MB goal, 0 MB stacks, 0 MB globals, 8 P
gc 2305 @11.292s 6%: 0.11+0.51+0.10 ms clock, 0.93+0.89/0.65/0+0.84 ms cpu, 3->3->1 MB, 4 MB goal, 0 MB stacks, 0 MB globals, 8 P
gc 2306 @11.295s 6%: 0.086+0.60+0.10 ms clock, 0.69+0.73/0.74/0+0.86 ms cpu, 3->3->1 MB, 4 MB goal, 0 MB stacks, 0 MB globals, 8 P
gc 2307 @11.298s 6%: 0.093+1.0+0.070 ms clock, 0.74+0.86/0.68/0+0.56 ms cpu, 3->3->1 MB, 4 MB goal, 0 MB stacks, 0 MB globals, 8 P
gc 2308 @11.301s 6%: 0.14+0.57+0.14 ms clock, 1.1+0.75/0.78/0+1.1 ms cpu, 3->3->1 MB, 4 MB goal, 0 MB stacks, 0 MB globals, 8 P
gc 2309 @11.304s 6%: 0.14+1.0+0.074 ms clock, 1.1+0.69/0.76/0+0.59 ms cpu, 3->3->1 MB, 4 MB goal, 0 MB stacks, 0 MB globals, 8 P
gc 2310 @11.308s 6%: 0.11+0.70+0.072 ms clock, 0.91+0.86/0.70/0+0.57 ms cpu, 3->3->1 MB, 4 MB goal, 0 MB stacks, 0 MB globals, 8 P
gc 2311 @11.311s 6%: 0.10+0.54+0.088 ms clock, 0.85+0.80/0.74/0+0.70 ms cpu, 3->3->1 MB, 4 MB goal, 0 MB stacks, 0 MB globals, 8 P
gc 2312 @11.314s 6%: 0.10+0.58+0.091 ms clock, 0.81+0.85/0.65/0+0.73 ms cpu, 3->3->1 MB, 4 MB goal, 0 MB stacks, 0 MB globals, 8 P
gc 2313 @11.317s 6%: 0.11+1.0+0.11 ms clock, 0.89+0.85/0.89/0+0.94 ms cpu, 3->3->1 MB, 4 MB goal, 0 MB stacks, 0 MB globals, 8 P
gc 2314 @11.320s 6%: 0.10+0.85+0.10 ms clock, 0.85+0.65/0.77/0+0.86 ms cpu, 3->3->1 MB, 4 MB goal, 0 MB stacks, 0 MB globals, 8 P
gc 2315 @11.323s 6%: 0.12+0.77+0.067 ms clock, 1.0+0.84/0.69/0+0.54 ms cpu, 3->3->1 MB, 4 MB goal, 0 MB stacks, 0 MB globals, 8 P
gc 2316 @11.326s 6%: 0.086+0.87+0.12 ms clock, 0.69+0.77/0.72/0+0.98 ms cpu, 3->3->1 MB, 4 MB goal, 0 MB stacks, 0 MB globals, 8 P
gc 2317 @11.330s 6%: 0.085+0.57+0.070 ms clock, 0.68+0.76/0.72/0+0.56 ms cpu, 3->3->1 MB, 4 MB goal, 0 MB stacks, 0 MB globals, 8 P
gc 2318 @11.332s 6%: 0.12+0.78+0.090 ms clock, 1.0+0.66/0.69/0+0.72 ms cpu, 3->3->1 MB, 4 MB goal, 0 MB stacks, 0 MB globals, 8 P
gc 2319 @11.336s 6%: 0.086+0.97+0.075 ms clock, 0.69+1.3/0.71/0+0.60 ms cpu, 3->3->1 MB, 4 MB goal, 0 MB stacks, 0 MB globals, 8 P
gc 2320 @11.339s 6%: 0.11+0.78+0.10 ms clock, 0.93+0.60/0.83/0+0.82 ms cpu, 3->3->1 MB, 4 MB goal, 0 MB stacks, 0 MB globals, 8 P
gc 2321 @11.342s 6%: 0.13+1.3+0.096 ms clock, 1.1+0.77/1.1/0+0.76 ms cpu, 3->4->1 MB, 4 MB goal, 0 MB stacks, 0 MB globals, 8 P
gc 2322 @11.346s 6%: 0.11+0.50+0.074 ms clock, 0.90+0.79/0.68/0+0.59 ms cpu, 3->3->1 MB, 4 MB goal, 0 MB stacks, 0 MB globals, 8 P
gc 2323 @11.349s 6%: 0.095+0.66+0.076 ms clock, 0.76+0.77/0.76/0+0.61 ms cpu, 3->3->1 MB, 4 MB goal, 0 MB stacks, 0 MB globals, 8 P
gc 2324 @11.352s 6%: 0.11+0.59+0.053 ms clock, 0.93+0.68/0.70/0+0.42 ms cpu, 3->3->1 MB, 4 MB goal, 0 MB stacks, 0 MB globals, 8 P
gc 2325 @11.355s 6%: 0.13+0.59+0.11 ms clock, 1.0+0.75/0.73/0+0.90 ms cpu, 3->3->1 MB, 4 MB goal, 0 MB stacks, 0 MB globals, 8 P
gc 2326 @11.358s 6%: 0.10+0.58+0.10 ms clock, 0.87+0.86/0.72/0+0.80 ms cpu, 3->3->1 MB, 4 MB goal, 0 MB stacks, 0 MB globals, 8 P
gc 2327 @11.361s 6%: 0.12+0.60+0.10 ms clock, 0.96+0.79/0.77/0+0.86 ms cpu, 3->3->1 MB, 4 MB goal, 0 MB stacks, 0 MB globals, 8 P
gc 2328 @11.364s 6%: 0.087+0.90+0.091 ms clock, 0.70+0.76/0.78/0+0.72 ms cpu, 3->3->1 MB, 4 MB goal, 0 MB stacks, 0 MB globals, 8 P
gc 2329 @11.368s 6%: 0.071+0.83+0.086 ms clock, 0.57+0.94/0.64/0+0.69 ms cpu, 3->3->1 MB, 4 MB goal, 0 MB stacks, 0 MB globals, 8 P
gc 2330 @11.371s 6%: 0.11+0.66+0.14 ms clock, 0.92+0.79/0.76/0+1.1 ms cpu, 3->3->1 MB, 4 MB goal, 0 MB stacks, 0 MB globals, 8 P
gc 2331 @11.374s 6%: 0.10+0.79+0.068 ms clock, 0.80+0.71/0.68/0+0.55 ms cpu, 3->3->1 MB, 4 MB goal, 0 MB stacks, 0 MB globals, 8 P
gc 2332 @11.377s 6%: 0.11+1.1+0.10 ms clock, 0.95+0.91/0.70/0+0.84 ms cpu, 3->4->1 MB, 4 MB goal, 0 MB stacks, 0 MB globals, 8 P
gc 2333 @11.381s 6%: 0.11+0.61+0.11 ms clock, 0.94+0.89/0.64/0+0.90 ms cpu, 3->3->1 MB, 4 MB goal, 0 MB stacks, 0 MB globals, 8 P
gc 2334 @11.384s 6%: 0.073+0.63+0.10 ms clock, 0.58+0.82/0.71/0+0.84 ms cpu, 3->3->1 MB, 4 MB goal, 0 MB stacks, 0 MB globals, 8 P
gc 2335 @11.387s 6%: 0.12+0.99+0.074 ms clock, 0.97+0.75/0.73/0+0.59 ms cpu, 3->3->1 MB, 4 MB goal, 0 MB stacks, 0 MB globals, 8 P
gc 2336 @11.390s 6%: 0.11+0.52+0.048 ms clock, 0.92+0.66/0.80/0+0.39 ms cpu, 3->3->1 MB, 4 MB goal, 0 MB stacks, 0 MB globals, 8 P
gc 2337 @11.393s 6%: 0.10+0.91+0.081 ms clock, 0.81+0.79/0.85/0+0.64 ms cpu, 3->3->1 MB, 4 MB goal, 0 MB stacks, 0 MB globals, 8 P
gc 2338 @11.396s 6%: 0.086+0.81+0.078 ms clock, 0.69+0.78/0.82/0+0.62 ms cpu, 3->3->1 MB, 4 MB goal, 0 MB stacks, 0 MB globals, 8 P
gc 2339 @11.399s 6%: 0.10+0.70+0.10 ms clock, 0.86+0.76/0.84/0+0.83 ms cpu, 3->3->1 MB, 4 MB goal, 0 MB stacks, 0 MB globals, 8 P
gc 2340 @11.402s 6%: 0.13+0.53+0.11 ms clock, 1.0+0.80/0.69/0+0.93 ms cpu, 3->3->1 MB, 4 MB goal, 0 MB stacks, 0 MB globals, 8 P
gc 2341 @11.405s 6%: 0.12+0.88+0.058 ms clock, 0.96+0.71/0.73/0+0.47 ms cpu, 3->3->1 MB, 4 MB goal, 0 MB stacks, 0 MB globals, 8 P
gc 2342 @11.409s 6%: 0.13+0.50+0.058 ms clock, 1.0+0.81/0.72/0+0.46 ms cpu, 3->3->1 MB, 4 MB goal, 0 MB stacks, 0 MB globals, 8 P
gc 2343 @11.412s 6%: 0.090+0.58+0.10 ms clock, 0.72+0.76/0.75/0+0.86 ms cpu, 3->3->1 MB, 4 MB goal, 0 MB stacks, 0 MB globals, 8 P
gc 2344 @11.415s 6%: 0.094+0.57+0.12 ms clock, 0.75+0.68/0.70/0+1.0 ms cpu, 3->3->1 MB, 4 MB goal, 0 MB stacks, 0 MB globals, 8 P
gc 2345 @11.418s 6%: 0.16+0.71+0.056 ms clock, 1.3+0.68/0.87/0+0.45 ms cpu, 3->3->1 MB, 4 MB goal, 0 MB stacks, 0 MB globals, 8 P
gc 2346 @11.421s 6%: 0.13+1.1+0.062 ms clock, 1.0+0.70/0.73/0+0.50 ms cpu, 3->3->1 MB, 4 MB goal, 0 MB stacks, 0 MB globals, 8 P
gc 2347 @11.424s 6%: 0.10+1.1+0.045 ms clock, 0.82+0.92/0.73/0+0.36 ms cpu, 3->4->1 MB, 4 MB goal, 0 MB stacks, 0 MB globals, 8 P
gc 2348 @11.428s 6%: 0.10+0.72+0.080 ms clock, 0.85+0.73/0.66/0.016+0.64 ms cpu, 3->3->1 MB, 4 MB goal, 0 MB stacks, 0 MB globals, 8 P
gc 2349 @11.431s 6%: 0.12+1.0+0.11 ms clock, 1.0+0.87/0.74/0+0.94 ms cpu, 3->3->1 MB, 4 MB goal, 0 MB stacks, 0 MB globals, 8 P
gc 2350 @11.434s 6%: 0.11+1.1+0.081 ms clock, 0.91+0.72/0.74/0+0.65 ms cpu, 3->3->1 MB, 4 MB goal, 0 MB stacks, 0 MB globals, 8 P
gc 2351 @11.437s 6%: 0.072+0.84+0.054 ms clock, 0.57+0.81/0.73/0+0.43 ms cpu, 3->3->1 MB, 4 MB goal, 0 MB stacks, 0 MB globals, 8 P
gc 2352 @11.440s 6%: 0.12+1.0+0.086 ms clock, 1.0+0.89/0.69/0+0.68 ms cpu, 3->3->1 MB, 4 MB goal, 0 MB stacks, 0 MB globals, 8 P
gc 2353 @11.444s 6%: 0.091+0.59+0.088 ms clock, 0.73+0.73/0.74/0+0.70 ms cpu, 3->3->1 MB, 4 MB goal, 0 MB stacks, 0 MB globals, 8 P
gc 2354 @11.447s 6%: 0.091+0.81+0.074 ms clock, 0.73+0.78/0.74/0+0.59 ms cpu, 3->3->1 MB, 4 MB goal, 0 MB stacks, 0 MB globals, 8 P
gc 2355 @11.450s 6%: 0.12+0.52+0.096 ms clock, 1.0+0.73/0.75/0+0.77 ms cpu, 3->3->1 MB, 4 MB goal, 0 MB stacks, 0 MB globals, 8 P
gc 2356 @11.453s 6%: 0.089+0.57+0.071 ms clock, 0.71+0.72/0.78/0+0.57 ms cpu, 3->3->1 MB, 4 MB goal, 0 MB stacks, 0 MB globals, 8 P
gc 2357 @11.456s 6%: 0.12+0.82+0.10 ms clock, 0.97+0.86/0.69/0+0.80 ms cpu, 3->3->1 MB, 4 MB goal, 0 MB stacks, 0 MB globals, 8 P
gc 2358 @11.459s 6%: 0.10+0.82+0.098 ms clock, 0.83+0.82/0.72/0+0.78 ms cpu, 3->3->1 MB, 4 MB goal, 0 MB stacks, 0 MB globals, 8 P
gc 2359 @11.463s 6%: 0.11+0.61+0.075 ms clock, 0.94+0.85/0.75/0+0.60 ms cpu, 3->3->1 MB, 4 MB goal, 0 MB stacks, 0 MB globals, 8 P
gc 2360 @11.466s 6%: 0.10+0.86+0.075 ms clock, 0.81+0.84/0.73/0+0.60 ms cpu, 3->3->1 MB, 4 MB goal, 0 MB stacks, 0 MB globals, 8 P
gc 2361 @11.469s 6%: 0.10+0.95+0.095 ms clock, 0.81+0.69/0.87/0+0.76 ms cpu, 3->3->1 MB, 4 MB goal, 0 MB stacks, 0 MB globals, 8 P
gc 2362 @11.472s 6%: 0.11+0.77+0.10 ms clock, 0.88+0.74/0.76/0+0.85 ms cpu, 3->3->1 MB, 4 MB goal, 0 MB stacks, 0 MB globals, 8 P
gc 2363 @11.475s 6%: 0.11+1.2+0.076 ms clock, 0.91+0.55/0.83/0+0.61 ms cpu, 3->4->1 MB, 4 MB goal, 0 MB stacks, 0 MB globals, 8 P
gc 2364 @11.479s 6%: 0.092+0.50+0.072 ms clock, 0.73+0.80/0.75/0+0.57 ms cpu, 3->3->1 MB, 4 MB goal, 0 MB stacks, 0 MB globals, 8 P
gc 2365 @11.482s 6%: 0.12+0.65+0.069 ms clock, 1.0+0.84/0.78/0+0.55 ms cpu, 3->3->1 MB, 4 MB goal, 0 MB stacks, 0 MB globals, 8 P
gc 2366 @11.485s 6%: 0.12+0.57+0.095 ms clock, 1.0+0.78/0.70/0+0.76 ms cpu, 3->3->1 MB, 4 MB goal, 0 MB stacks, 0 MB globals, 8 P
gc 2367 @11.488s 6%: 0.098+0.60+0.11 ms clock, 0.78+0.78/0.77/0+0.89 ms cpu, 3->3->1 MB, 4 MB goal, 0 MB stacks, 0 MB globals, 8 P
gc 2368 @11.491s 6%: 0.10+0.59+0.11 ms clock, 0.83+0.83/0.78/0+0.91 ms cpu, 3->3->1 MB, 4 MB goal, 0 MB stacks, 0 MB globals, 8 P
gc 2369 @11.494s 6%: 0.13+0.67+0.10 ms clock, 1.1+0.83/0.81/0+0.83 ms cpu, 3->3->1 MB, 4 MB goal, 0 MB stacks, 0 MB globals, 8 P
gc 2370 @11.497s 6%: 0.12+0.46+0.10 ms clock, 0.99+0.78/0.68/0+0.86 ms cpu, 3->3->1 MB, 4 MB goal, 0 MB stacks, 0 MB globals, 8 P
gc 2371 @11.500s 6%: 0.10+1.0+0.065 ms clock, 0.81+1.3/0.83/0+0.52 ms cpu, 3->3->1 MB, 4 MB goal, 0 MB stacks, 0 MB globals, 8 P
gc 2372 @11.504s 6%: 0.091+0.62+0.090 ms clock, 0.73+0.75/0.80/0+0.72 ms cpu, 3->3->1 MB, 4 MB goal, 0 MB stacks, 0 MB globals, 8 P
gc 2373 @11.507s 6%: 0.11+0.52+0.10 ms clock, 0.91+0.78/0.72/0+0.82 ms cpu, 3->3->1 MB, 4 MB goal, 0 MB stacks, 0 MB globals, 8 P
gc 2374 @11.510s 6%: 0.077+0.59+0.075 ms clock, 0.62+0.79/0.66/0+0.60 ms cpu, 3->3->1 MB, 4 MB goal, 0 MB stacks, 0 MB globals, 8 P
gc 2375 @11.513s 6%: 0.10+0.62+0.056 ms clock, 0.82+0.70/0.73/0+0.45 ms cpu, 3->3->1 MB, 4 MB goal, 0 MB stacks, 0 MB globals, 8 P
gc 2376 @11.516s 6%: 0.13+0.54+0.087 ms clock, 1.0+0.69/0.79/0+0.70 ms cpu, 3->3->1 MB, 4 MB goal, 0 MB stacks, 0 MB globals, 8 P
gc 2377 @11.519s 6%: 0.16+1.1+0.083 ms clock, 1.3+0.61/0.81/0+0.66 ms cpu, 3->3->1 MB, 4 MB goal, 0 MB stacks, 0 MB globals, 8 P
gc 2378 @11.522s 6%: 0.10+0.50+0.086 ms clock, 0.83+0.87/0.69/0+0.69 ms cpu, 3->3->1 MB, 4 MB goal, 0 MB stacks, 0 MB globals, 8 P
gc 2379 @11.525s 6%: 0.13+0.55+0.082 ms clock, 1.0+0.78/0.78/0+0.65 ms cpu, 3->3->1 MB, 4 MB goal, 0 MB stacks, 0 MB globals, 8 P
gc 2380 @11.528s 6%: 0.10+0.52+0.055 ms clock, 0.84+0.81/0.72/0+0.44 ms cpu, 3->3->1 MB, 4 MB goal, 0 MB stacks, 0 MB globals, 8 P
gc 2381 @11.531s 6%: 0.097+0.79+0.10 ms clock, 0.78+0.80/0.79/0+0.86 ms cpu, 3->3->1 MB, 4 MB goal, 0 MB stacks, 0 MB globals, 8 P
gc 2382 @11.535s 6%: 0.15+1.1+0.056 ms clock, 1.2+0.85/0.68/0+0.45 ms cpu, 3->4->1 MB, 4 MB goal, 0 MB stacks, 0 MB globals, 8 P
gc 2383 @11.538s 6%: 0.078+0.60+0.11 ms clock, 0.62+0.78/0.75/0+0.93 ms cpu, 3->3->1 MB, 4 MB goal, 0 MB stacks, 0 MB globals, 8 P
gc 2384 @11.541s 6%: 0.10+1.0+0.057 ms clock, 0.87+0.80/0.76/0+0.45 ms cpu, 3->3->1 MB, 4 MB goal, 0 MB stacks, 0 MB globals, 8 P
gc 2385 @11.544s 6%: 0.099+0.59+0.073 ms clock, 0.79+0.72/0.77/0+0.58 ms cpu, 3->3->1 MB, 4 MB goal, 0 MB stacks, 0 MB globals, 8 P
gc 2386 @11.547s 6%: 0.12+0.93+0.077 ms clock, 0.99+0.87/0.71/0+0.62 ms cpu, 3->3->1 MB, 4 MB goal, 0 MB stacks, 0 MB globals, 8 P
gc 2387 @11.550s 6%: 0.13+0.56+0.088 ms clock, 1.0+0.88/0.70/0+0.70 ms cpu, 3->3->1 MB, 4 MB goal, 0 MB stacks, 0 MB globals, 8 P
gc 2388 @11.553s 6%: 0.15+0.51+0.098 ms clock, 1.2+0.80/0.78/0+0.78 ms cpu, 3->3->1 MB, 4 MB goal, 0 MB stacks, 0 MB globals, 8 P
gc 2389 @11.556s 6%: 0.091+0.57+0.12 ms clock, 0.73+0.72/0.77/0+0.97 ms cpu, 3->3->1 MB, 4 MB goal, 0 MB stacks, 0 MB globals, 8 P
gc 2390 @11.559s 6%: 0.098+0.79+0.071 ms clock, 0.78+0.74/0.70/0+0.57 ms cpu, 3->3->1 MB, 4 MB goal, 0 MB stacks, 0 MB globals, 8 P
gc 2391 @11.562s 6%: 0.10+0.53+0.083 ms clock, 0.80+0.76/0.71/0+0.66 ms cpu, 3->3->1 MB, 4 MB goal, 0 MB stacks, 0 MB globals, 8 P
gc 2392 @11.565s 6%: 0.10+1.0+0.076 ms clock, 0.83+0.80/0.76/0+0.61 ms cpu, 3->3->1 MB, 4 MB goal, 0 MB stacks, 0 MB globals, 8 P
gc 2393 @11.569s 6%: 0.12+0.60+0.061 ms clock, 1.0+0.70/0.81/0+0.49 ms cpu, 3->3->1 MB, 4 MB goal, 0 MB stacks, 0 MB globals, 8 P
gc 2394 @11.572s 6%: 0.16+1.0+0.097 ms clock, 1.3+0.47/0.91/0+0.77 ms cpu, 3->3->1 MB, 4 MB goal, 0 MB stacks, 0 MB globals, 8 P
gc 2395 @11.575s 6%: 0.10+0.58+0.072 ms clock, 0.80+0.81/0.67/0+0.57 ms cpu, 3->3->1 MB, 4 MB goal, 0 MB stacks, 0 MB globals, 8 P
gc 2396 @11.578s 6%: 0.093+0.94+0.094 ms clock, 0.74+0.80/0.47/0+0.75 ms cpu, 3->3->1 MB, 4 MB goal, 0 MB stacks, 0 MB globals, 8 P
gc 2397 @11.581s 6%: 0.12+1.2+0.10 ms clock, 1.0+0.79/0.84/0+0.83 ms cpu, 3->4->1 MB, 4 MB goal, 0 MB stacks, 0 MB globals, 8 P
gc 2398 @11.585s 6%: 0.10+1.3+0.087 ms clock, 0.85+0.80/0.80/0+0.69 ms cpu, 3->4->2 MB, 4 MB goal, 0 MB stacks, 0 MB globals, 8 P
gc 2399 @11.589s 6%: 0.079+0.57+0.098 ms clock, 0.63+0.82/0.68/0+0.78 ms cpu, 3->4->1 MB, 4 MB goal, 0 MB stacks, 0 MB globals, 8 P
gc 2400 @11.592s 6%: 0.10+0.62+0.084 ms clock, 0.86+0.87/0.67/0+0.67 ms cpu, 3->3->1 MB, 4 MB goal, 0 MB stacks, 0 MB globals, 8 P
gc 2401 @11.595s 6%: 0.15+1.2+0.076 ms clock, 1.2+0.61/0.77/0+0.61 ms cpu, 3->3->1 MB, 4 MB goal, 0 MB stacks, 0 MB globals, 8 P
gc 2402 @11.598s 6%: 0.11+1.1+0.060 ms clock, 0.92+0.64/0.89/0+0.48 ms cpu, 3->4->1 MB, 4 MB goal, 0 MB stacks, 0 MB globals, 8 P
gc 2403 @11.602s 6%: 0.11+0.85+0.020 ms clock, 0.92+0.83/0.79/0+0.16 ms cpu, 3->3->1 MB, 4 MB goal, 0 MB stacks, 0 MB globals, 8 P
gc 2404 @11.605s 6%: 0.11+0.60+0.089 ms clock, 0.93+0.54/0.78/0+0.71 ms cpu, 3->3->1 MB, 4 MB goal, 0 MB stacks, 0 MB globals, 8 P
gc 2405 @11.608s 6%: 0.12+0.57+0.045 ms clock, 0.99+0.63/0.81/0+0.36 ms cpu, 3->3->1 MB, 4 MB goal, 0 MB stacks, 0 MB globals, 8 P
gc 2406 @11.611s 6%: 0.096+0.63+0.10 ms clock, 0.76+0.67/0.88/0+0.85 ms cpu, 3->3->1 MB, 4 MB goal, 0 MB stacks, 0 MB globals, 8 P
gc 2407 @11.614s 6%: 0.091+1.1+0.095 ms clock, 0.72+0.50/0.76/0+0.76 ms cpu, 3->3->1 MB, 4 MB goal, 0 MB stacks, 0 MB globals, 8 P
gc 2408 @11.617s 6%: 0.10+0.90+0.13 ms clock, 0.81+0.59/0.90/0+1.0 ms cpu, 3->4->1 MB, 4 MB goal, 0 MB stacks, 0 MB globals, 8 P
gc 2409 @11.621s 6%: 0.093+0.80+0.12 ms clock, 0.74+0.54/0.97/0+1.0 ms cpu, 3->4->1 MB, 4 MB goal, 0 MB stacks, 0 MB globals, 8 P
gc 2410 @11.624s 6%: 0.099+1.1+0.071 ms clock, 0.79+0.78/0.80/0+0.57 ms cpu, 3->3->1 MB, 4 MB goal, 0 MB stacks, 0 MB globals, 8 P
gc 2411 @11.627s 6%: 0.087+1.2+0.10 ms clock, 0.70+0.87/0.71/0+0.80 ms cpu, 3->4->1 MB, 4 MB goal, 0 MB stacks, 0 MB globals, 8 P
gc 2412 @11.631s 6%: 0.12+1.6+0.015 ms clock, 0.97+0.58/0.86/0+0.12 ms cpu, 3->4->1 MB, 4 MB goal, 0 MB stacks, 0 MB globals, 8 P
gc 2413 @11.634s 6%: 0.11+0.60+0.099 ms clock, 0.90+0.73/0.82/0+0.79 ms cpu, 3->3->1 MB, 4 MB goal, 0 MB stacks, 0 MB globals, 8 P
gc 2414 @11.637s 6%: 0.10+0.96+0.049 ms clock, 0.84+0.64/0.88/0+0.39 ms cpu, 3->3->1 MB, 4 MB goal, 0 MB stacks, 0 MB globals, 8 P
gc 2415 @11.640s 6%: 0.086+1.3+0.044 ms clock, 0.69+0.25/1.5/0+0.35 ms cpu, 3->4->1 MB, 4 MB goal, 0 MB stacks, 0 MB globals, 8 P
gc 2416 @11.644s 6%: 0.14+0.54+0.068 ms clock, 1.1+0.73/0.75/0+0.54 ms cpu, 3->3->1 MB, 4 MB goal, 0 MB stacks, 0 MB globals, 8 P
gc 2417 @11.647s 6%: 0.10+1.0+0.055 ms clock, 0.82+1.2/0.82/0+0.44 ms cpu, 3->3->1 MB, 4 MB goal, 0 MB stacks, 0 MB globals, 8 P
gc 2418 @11.650s 6%: 0.085+1.5+0.067 ms clock, 0.68+0.61/0.74/0+0.53 ms cpu, 3->4->2 MB, 4 MB goal, 0 MB stacks, 0 MB globals, 8 P
gc 2419 @11.654s 6%: 0.089+0.64+0.095 ms clock, 0.71+0.78/0.75/0+0.76 ms cpu, 3->4->1 MB, 4 MB goal, 0 MB stacks, 0 MB globals, 8 P
gc 2420 @11.657s 6%: 0.12+0.62+0.061 ms clock, 0.96+0.68/0.85/0+0.49 ms cpu, 3->3->1 MB, 4 MB goal, 0 MB stacks, 0 MB globals, 8 P
gc 2421 @11.660s 6%: 0.12+0.86+0.075 ms clock, 0.98+0.68/0.82/0+0.60 ms cpu, 3->3->1 MB, 4 MB goal, 0 MB stacks, 0 MB globals, 8 P
gc 2422 @11.663s 6%: 0.081+0.50+0.094 ms clock, 0.65+0.82/0.70/0+0.75 ms cpu, 3->3->1 MB, 4 MB goal, 0 MB stacks, 0 MB globals, 8 P
gc 2423 @11.666s 6%: 0.72+0.67+0.062 ms clock, 5.8+0.69/1.1/0+0.50 ms cpu, 3->3->1 MB, 4 MB goal, 0 MB stacks, 0 MB globals, 8 P
gc 2424 @11.670s 6%: 0.11+1.3+0.057 ms clock, 0.89+0.74/0.66/0+0.45 ms cpu, 3->4->1 MB, 4 MB goal, 0 MB stacks, 0 MB globals, 8 P
gc 2425 @11.673s 6%: 0.10+0.66+0.10 ms clock, 0.81+0.80/0.80/0+0.83 ms cpu, 3->3->1 MB, 4 MB goal, 0 MB stacks, 0 MB globals, 8 P
gc 2426 @11.676s 6%: 0.10+0.93+0.041 ms clock, 0.86+0.91/0.55/0+0.33 ms cpu, 3->3->1 MB, 4 MB goal, 0 MB stacks, 0 MB globals, 8 P
gc 2427 @11.679s 6%: 0.10+0.43+0.064 ms clock, 0.83+0.87/0.65/0+0.51 ms cpu, 3->3->1 MB, 4 MB goal, 0 MB stacks, 0 MB globals, 8 P
gc 2428 @11.682s 6%: 0.10+0.58+0.073 ms clock, 0.85+0.84/0.75/0+0.58 ms cpu, 3->3->1 MB, 4 MB goal, 0 MB stacks, 0 MB globals, 8 P
gc 2429 @11.685s 6%: 0.10+0.56+0.097 ms clock, 0.83+0.70/0.79/0+0.77 ms cpu, 3->3->1 MB, 4 MB goal, 0 MB stacks, 0 MB globals, 8 P
gc 2430 @11.688s 6%: 0.084+0.57+0.15 ms clock, 0.67+0.85/0.70/0+1.2 ms cpu, 3->3->1 MB, 4 MB goal, 0 MB stacks, 0 MB globals, 8 P
gc 2431 @11.692s 6%: 0.10+0.59+0.091 ms clock, 0.81+0.68/0.72/0+0.72 ms cpu, 3->3->1 MB, 4 MB goal, 0 MB stacks, 0 MB globals, 8 P
gc 2432 @11.695s 6%: 0.11+0.57+0.086 ms clock, 0.90+0.74/0.65/0.043+0.69 ms cpu, 3->3->1 MB, 4 MB goal, 0 MB stacks, 0 MB globals, 8 P
gc 2433 @11.698s 6%: 0.12+0.56+0.076 ms clock, 1.0+0.70/0.75/0+0.61 ms cpu, 3->3->1 MB, 4 MB goal, 0 MB stacks, 0 MB globals, 8 P
gc 2434 @11.701s 6%: 0.20+0.67+0.078 ms clock, 1.6+1.3/0.78/0+0.63 ms cpu, 3->3->1 MB, 4 MB goal, 0 MB stacks, 0 MB globals, 8 P
gc 2435 @11.704s 6%: 0.11+0.65+0.063 ms clock, 0.89+0.81/0.70/0+0.50 ms cpu, 3->3->1 MB, 4 MB goal, 0 MB stacks, 0 MB globals, 8 P
gc 2436 @11.707s 6%: 0.12+0.56+0.11 ms clock, 1.0+0.87/0.69/0+0.88 ms cpu, 3->3->1 MB, 4 MB goal, 0 MB stacks, 0 MB globals, 8 P
gc 2437 @11.710s 6%: 0.10+0.85+0.077 ms clock, 0.81+0.84/0.80/0+0.61 ms cpu, 3->3->1 MB, 4 MB goal, 0 MB stacks, 0 MB globals, 8 P
gc 2438 @11.713s 6%: 0.14+0.53+0.089 ms clock, 1.1+0.83/0.69/0+0.71 ms cpu, 3->3->1 MB, 4 MB goal, 0 MB stacks, 0 MB globals, 8 P
gc 2439 @11.716s 6%: 0.11+0.98+0.082 ms clock, 0.90+0.79/0.79/0+0.65 ms cpu, 3->3->1 MB, 4 MB goal, 0 MB stacks, 0 MB globals, 8 P
gc 2440 @11.719s 6%: 0.11+0.96+0.10 ms clock, 0.88+0.71/0.78/0+0.80 ms cpu, 3->3->1 MB, 4 MB goal, 0 MB stacks, 0 MB globals, 8 P
gc 2441 @11.723s 6%: 0.15+0.89+0.079 ms clock, 1.2+0.76/0.70/0+0.63 ms cpu, 3->3->1 MB, 4 MB goal, 0 MB stacks, 0 MB globals, 8 P
gc 2442 @11.726s 6%: 0.16+0.52+0.10 ms clock, 1.3+0.69/0.74/0+0.82 ms cpu, 3->3->1 MB, 4 MB goal, 0 MB stacks, 0 MB globals, 8 P
gc 2443 @11.729s 6%: 0.075+0.55+0.049 ms clock, 0.60+0.79/0.76/0+0.39 ms cpu, 3->3->1 MB, 4 MB goal, 0 MB stacks, 0 MB globals, 8 P
gc 2444 @11.732s 6%: 0.15+0.80+0.073 ms clock, 1.2+0.78/0.68/0+0.59 ms cpu, 3->3->1 MB, 4 MB goal, 0 MB stacks, 0 MB globals, 8 P
gc 2445 @11.735s 6%: 0.12+0.82+0.10 ms clock, 0.98+0.64/0.90/0+0.82 ms cpu, 3->3->1 MB, 4 MB goal, 0 MB stacks, 0 MB globals, 8 P
gc 2446 @11.738s 6%: 0.10+0.79+0.045 ms clock, 0.81+0.76/0.74/0+0.36 ms cpu, 3->3->1 MB, 4 MB goal, 0 MB stacks, 0 MB globals, 8 P
gc 2447 @11.741s 6%: 0.091+0.51+0.063 ms clock, 0.73+0.77/0.68/0+0.51 ms cpu, 3->3->1 MB, 4 MB goal, 0 MB stacks, 0 MB globals, 8 P
gc 2448 @11.745s 6%: 0.11+1.2+0.085 ms clock, 0.89+1.0/0.37/0+0.68 ms cpu, 3->3->1 MB, 4 MB goal, 0 MB stacks, 0 MB globals, 8 P
gc 2449 @11.748s 6%: 0.10+0.57+0.10 ms clock, 0.82+0.54/0.84/0+0.80 ms cpu, 3->3->1 MB, 4 MB goal, 0 MB stacks, 0 MB globals, 8 P
gc 2450 @11.751s 6%: 0.10+0.99+0.11 ms clock, 0.80+0.78/0.80/0+0.92 ms cpu, 3->3->1 MB, 4 MB goal, 0 MB stacks, 0 MB globals, 8 P
gc 2451 @11.754s 6%: 0.11+0.63+0.12 ms clock, 0.88+0.81/0.83/0+0.97 ms cpu, 3->3->1 MB, 4 MB goal, 0 MB stacks, 0 MB globals, 8 P
gc 2452 @11.757s 6%: 0.12+0.55+0.10 ms clock, 1.0+0.85/0.73/0+0.85 ms cpu, 3->3->1 MB, 4 MB goal, 0 MB stacks, 0 MB globals, 8 P
gc 2453 @11.760s 6%: 0.086+1.3+0.072 ms clock, 0.69+0.80/0.67/0+0.58 ms cpu, 3->3->1 MB, 4 MB goal, 0 MB stacks, 0 MB globals, 8 P
gc 2454 @11.764s 6%: 0.11+0.58+0.044 ms clock, 0.93+0.81/0.75/0+0.35 ms cpu, 3->3->1 MB, 4 MB goal, 0 MB stacks, 0 MB globals, 8 P
gc 2455 @11.767s 6%: 0.13+0.56+0.10 ms clock, 1.0+0.77/0.80/0+0.87 ms cpu, 3->3->1 MB, 4 MB goal, 0 MB stacks, 0 MB globals, 8 P
gc 2456 @11.770s 6%: 0.12+0.63+0.088 ms clock, 1.0+0.70/0.83/0+0.70 ms cpu, 3->3->1 MB, 4 MB goal, 0 MB stacks, 0 MB globals, 8 P
gc 2457 @11.773s 6%: 0.091+0.59+0.022 ms clock, 0.73+0.70/0.79/0+0.18 ms cpu, 3->3->1 MB, 4 MB goal, 0 MB stacks, 0 MB globals, 8 P
gc 2458 @11.776s 6%: 0.092+0.52+0.11 ms clock, 0.74+0.81/0.74/0+0.92 ms cpu, 3->3->1 MB, 4 MB goal, 0 MB stacks, 0 MB globals, 8 P
gc 2459 @11.779s 6%: 0.085+1.2+0.082 ms clock, 0.68+0.55/0.78/0+0.65 ms cpu, 3->3->1 MB, 4 MB goal, 0 MB stacks, 0 MB globals, 8 P
gc 2460 @11.783s 6%: 0.13+0.78+0.081 ms clock, 1.0+0.67/0.80/0+0.65 ms cpu, 3->3->1 MB, 4 MB goal, 0 MB stacks, 0 MB globals, 8 P
gc 2461 @11.786s 6%: 0.082+0.79+0.082 ms clock, 0.65+0.81/0.58/0+0.66 ms cpu, 3->3->1 MB, 4 MB goal, 0 MB stacks, 0 MB globals, 8 P
gc 2462 @11.789s 6%: 0.15+1.0+0.089 ms clock, 1.2+0.70/0.86/0+0.71 ms cpu, 3->3->1 MB, 4 MB goal, 0 MB stacks, 0 MB globals, 8 P
gc 2463 @11.792s 6%: 0.11+0.53+0.094 ms clock, 0.95+0.84/0.66/0+0.75 ms cpu, 3->3->1 MB, 4 MB goal, 0 MB stacks, 0 MB globals, 8 P
gc 2464 @11.795s 6%: 0.088+0.67+0.10 ms clock, 0.71+0.82/0.90/0+0.86 ms cpu, 3->3->1 MB, 4 MB goal, 0 MB stacks, 0 MB globals, 8 P
gc 2465 @11.798s 6%: 0.11+0.63+0.12 ms clock, 0.89+0.78/0.82/0+0.97 ms cpu, 3->3->1 MB, 4 MB goal, 0 MB stacks, 0 MB globals, 8 P
gc 2466 @11.801s 6%: 0.11+0.63+0.10 ms clock, 0.92+0.82/0.77/0+0.84 ms cpu, 3->3->1 MB, 4 MB goal, 0 MB stacks, 0 MB globals, 8 P
gc 2467 @11.804s 6%: 0.13+0.65+0.079 ms clock, 1.0+1.1/0.70/0+0.63 ms cpu, 3->3->1 MB, 4 MB goal, 0 MB stacks, 0 MB globals, 8 P
gc 2468 @11.807s 6%: 0.083+1.0+0.086 ms clock, 0.66+0.67/0.79/0+0.69 ms cpu, 3->3->1 MB, 4 MB goal, 0 MB stacks, 0 MB globals, 8 P
gc 2469 @11.811s 6%: 0.11+0.88+0.098 ms clock, 0.92+0.69/0.76/0+0.78 ms cpu, 3->3->1 MB, 4 MB goal, 0 MB stacks, 0 MB globals, 8 P
gc 2470 @11.814s 6%: 0.088+0.59+0.099 ms clock, 0.70+0.72/0.78/0+0.79 ms cpu, 3->3->1 MB, 4 MB goal, 0 MB stacks, 0 MB globals, 8 P
gc 2471 @11.817s 6%: 0.096+0.90+0.066 ms clock, 0.76+0.80/0.83/0+0.53 ms cpu, 3->3->1 MB, 4 MB goal, 0 MB stacks, 0 MB globals, 8 P
gc 2472 @11.820s 6%: 0.13+0.59+0.066 ms clock, 1.0+0.84/0.78/0+0.53 ms cpu, 3->3->1 MB, 4 MB goal, 0 MB stacks, 0 MB globals, 8 P
gc 2473 @11.823s 6%: 0.11+0.99+0.023 ms clock, 0.94+0.83/0.70/0+0.18 ms cpu, 3->3->1 MB, 4 MB goal, 0 MB stacks, 0 MB globals, 8 P
gc 2474 @11.826s 6%: 0.11+0.97+0.067 ms clock, 0.93+0.85/0.73/0+0.53 ms cpu, 3->3->1 MB, 4 MB goal, 0 MB stacks, 0 MB globals, 8 P
gc 2475 @11.829s 6%: 0.15+0.76+0.057 ms clock, 1.2+0.75/0.75/0+0.45 ms cpu, 3->3->1 MB, 4 MB goal, 0 MB stacks, 0 MB globals, 8 P
gc 2476 @11.833s 6%: 0.15+0.52+0.075 ms clock, 1.2+0.74/0.69/0+0.60 ms cpu, 3->3->1 MB, 4 MB goal, 0 MB stacks, 0 MB globals, 8 P
gc 2477 @11.836s 6%: 0.10+1.0+0.084 ms clock, 0.87+0.50/0.84/0+0.67 ms cpu, 3->3->1 MB, 4 MB goal, 0 MB stacks, 0 MB globals, 8 P
gc 2478 @11.839s 6%: 0.10+0.63+0.12 ms clock, 0.83+0.72/0.79/0+1.0 ms cpu, 3->3->1 MB, 4 MB goal, 0 MB stacks, 0 MB globals, 8 P
gc 2479 @11.842s 6%: 0.093+0.59+0.067 ms clock, 0.75+0.72/0.78/0+0.53 ms cpu, 3->3->1 MB, 4 MB goal, 0 MB stacks, 0 MB globals, 8 P
gc 2480 @11.845s 6%: 0.14+1.2+0.039 ms clock, 1.1+0.74/0.86/0+0.31 ms cpu, 3->3->1 MB, 4 MB goal, 0 MB stacks, 0 MB globals, 8 P
gc 2481 @11.849s 6%: 0.13+1.0+0.084 ms clock, 1.1+0.56/0.90/0+0.67 ms cpu, 3->4->1 MB, 4 MB goal, 0 MB stacks, 0 MB globals, 8 P
gc 2482 @11.852s 6%: 0.11+0.60+0.069 ms clock, 0.89+0.88/0.72/0+0.55 ms cpu, 3->3->1 MB, 4 MB goal, 0 MB stacks, 0 MB globals, 8 P
gc 2483 @11.855s 6%: 0.088+0.64+0.093 ms clock, 0.70+0.77/0.82/0+0.75 ms cpu, 3->3->1 MB, 4 MB goal, 0 MB stacks, 0 MB globals, 8 P
gc 2484 @11.858s 6%: 0.11+0.58+0.088 ms clock, 0.88+0.65/0.88/0+0.71 ms cpu, 3->3->1 MB, 4 MB goal, 0 MB stacks, 0 MB globals, 8 P
gc 2485 @11.861s 6%: 0.15+0.92+0.097 ms clock, 1.2+0.61/0.78/0+0.78 ms cpu, 3->3->1 MB, 4 MB goal, 0 MB stacks, 0 MB globals, 8 P
gc 2486 @11.864s 6%: 0.13+0.67+0.081 ms clock, 1.0+0.71/0.84/0+0.65 ms cpu, 3->3->1 MB, 4 MB goal, 0 MB stacks, 0 MB globals, 8 P
gc 2487 @11.867s 6%: 0.090+0.55+0.11 ms clock, 0.72+0.80/0.68/0+0.90 ms cpu, 3->3->1 MB, 4 MB goal, 0 MB stacks, 0 MB globals, 8 P
gc 2488 @11.870s 6%: 0.10+0.60+0.087 ms clock, 0.86+0.71/0.76/0+0.70 ms cpu, 3->3->1 MB, 4 MB goal, 0 MB stacks, 0 MB globals, 8 P
gc 2489 @11.873s 6%: 0.079+1.3+0.089 ms clock, 0.63+0.63/0.78/0+0.71 ms cpu, 3->4->1 MB, 4 MB goal, 0 MB stacks, 0 MB globals, 8 P
gc 2490 @11.877s 6%: 0.10+0.82+0.088 ms clock, 0.86+0.73/0.75/0+0.70 ms cpu, 3->4->1 MB, 4 MB goal, 0 MB stacks, 0 MB globals, 8 P
gc 2491 @11.880s 6%: 0.10+0.64+0.099 ms clock, 0.80+0.61/0.81/0+0.79 ms cpu, 3->3->1 MB, 4 MB goal, 0 MB stacks, 0 MB globals, 8 P
gc 2492 @11.883s 6%: 0.10+0.55+0.079 ms clock, 0.80+0.78/0.70/0+0.63 ms cpu, 3->3->1 MB, 4 MB goal, 0 MB stacks, 0 MB globals, 8 P
gc 2493 @11.887s 6%: 0.10+0.58+0.064 ms clock, 0.86+0.91/0.74/0+0.51 ms cpu, 3->3->1 MB, 4 MB goal, 0 MB stacks, 0 MB globals, 8 P
gc 2494 @11.890s 6%: 0.13+1.1+0.063 ms clock, 1.0+0.68/0.85/0+0.51 ms cpu, 3->3->1 MB, 4 MB goal, 0 MB stacks, 0 MB globals, 8 P
gc 2495 @11.893s 6%: 1.3+0.20+0.064 ms clock, 10+1.4/0.80/0+0.51 ms cpu, 3->4->1 MB, 4 MB goal, 0 MB stacks, 0 MB globals, 8 P
gc 2496 @11.896s 6%: 0.075+1.3+0.048 ms clock, 0.60+1.5/0.86/0+0.39 ms cpu, 3->4->1 MB, 4 MB goal, 0 MB stacks, 0 MB globals, 8 P
gc 2497 @11.900s 6%: 0.17+1.1+0.070 ms clock, 1.4+0.61/0.88/0+0.56 ms cpu, 3->4->1 MB, 4 MB goal, 0 MB stacks, 0 MB globals, 8 P
gc 2498 @11.903s 6%: 0.099+0.92+0.083 ms clock, 0.79+0.83/0.80/0+0.66 ms cpu, 3->3->1 MB, 4 MB goal, 0 MB stacks, 0 MB globals, 8 P
gc 2499 @11.906s 6%: 0.13+0.62+0.085 ms clock, 1.0+0.85/0.71/0+0.68 ms cpu, 3->3->1 MB, 4 MB goal, 0 MB stacks, 0 MB globals, 8 P
gc 2500 @11.909s 6%: 0.10+1.2+0.059 ms clock, 0.81+0.73/0.84/0+0.47 ms cpu, 3->4->1 MB, 4 MB goal, 0 MB stacks, 0 MB globals, 8 P
gc 2501 @11.913s 6%: 0.10+0.97+0.095 ms clock, 0.83+0.85/0.78/0+0.76 ms cpu, 3->4->1 MB, 4 MB goal, 0 MB stacks, 0 MB globals, 8 P
gc 2502 @11.916s 6%: 0.11+1.0+0.057 ms clock, 0.91+0.71/0.74/0+0.46 ms cpu, 3->3->1 MB, 4 MB goal, 0 MB stacks, 0 MB globals, 8 P
gc 2503 @11.920s 6%: 0.089+0.66+0.094 ms clock, 0.71+0.62/0.86/0+0.75 ms cpu, 3->3->1 MB, 4 MB goal, 0 MB stacks, 0 MB globals, 8 P
gc 2504 @11.923s 6%: 0.11+1.0+0.081 ms clock, 0.94+0.73/0.76/0+0.65 ms cpu, 3->3->1 MB, 4 MB goal, 0 MB stacks, 0 MB globals, 8 P
gc 2505 @11.926s 6%: 0.097+0.55+0.084 ms clock, 0.78+0.73/0.75/0+0.67 ms cpu, 3->3->1 MB, 4 MB goal, 0 MB stacks, 0 MB globals, 8 P
gc 2506 @11.929s 6%: 0.066+0.50+0.084 ms clock, 0.53+0.75/0.69/0+0.67 ms cpu, 3->3->1 MB, 4 MB goal, 0 MB stacks, 0 MB globals, 8 P
gc 2507 @11.932s 6%: 0.12+0.81+0.081 ms clock, 1.0+0.83/0.63/0+0.65 ms cpu, 3->3->1 MB, 4 MB goal, 0 MB stacks, 0 MB globals, 8 P
gc 2508 @11.935s 6%: 0.097+0.62+0.12 ms clock, 0.77+0.79/0.81/0+0.99 ms cpu, 3->3->1 MB, 4 MB goal, 0 MB stacks, 0 MB globals, 8 P
gc 2509 @11.938s 6%: 0.064+0.76+0.084 ms clock, 0.51+0.67/0.75/0+0.67 ms cpu, 3->3->1 MB, 4 MB goal, 0 MB stacks, 0 MB globals, 8 P
gc 2510 @11.942s 6%: 0.11+0.50+0.047 ms clock, 0.94+0.84/0.73/0+0.37 ms cpu, 3->3->1 MB, 4 MB goal, 0 MB stacks, 0 MB globals, 8 P
gc 2511 @11.945s 6%: 0.11+0.52+0.11 ms clock, 0.93+0.77/0.73/0+0.92 ms cpu, 3->3->1 MB, 4 MB goal, 0 MB stacks, 0 MB globals, 8 P
gc 2512 @11.948s 6%: 0.12+0.63+0.13 ms clock, 1.0+0.66/0.76/0+1.0 ms cpu, 3->3->1 MB, 4 MB goal, 0 MB stacks, 0 MB globals, 8 P
gc 2513 @11.951s 6%: 0.13+1.0+0.093 ms clock, 1.1+0.76/0.76/0+0.74 ms cpu, 3->3->1 MB, 4 MB goal, 0 MB stacks, 0 MB globals, 8 P
gc 2514 @11.954s 6%: 0.11+0.59+0.082 ms clock, 0.93+0.78/0.70/0+0.65 ms cpu, 3->3->1 MB, 4 MB goal, 0 MB stacks, 0 MB globals, 8 P
gc 2515 @11.957s 6%: 0.11+0.44+0.10 ms clock, 0.92+0.71/0.72/0+0.86 ms cpu, 3->3->1 MB, 4 MB goal, 0 MB stacks, 0 MB globals, 8 P
gc 2516 @11.960s 6%: 0.11+0.57+0.068 ms clock, 0.91+0.78/0.70/0+0.54 ms cpu, 3->3->1 MB, 4 MB goal, 0 MB stacks, 0 MB globals, 8 P
gc 2517 @11.963s 6%: 0.11+0.85+0.049 ms clock, 0.93+0.91/0.63/0+0.39 ms cpu, 3->3->1 MB, 4 MB goal, 0 MB stacks, 0 MB globals, 8 P
gc 2518 @11.966s 6%: 0.096+0.60+0.088 ms clock, 0.77+0.70/0.82/0+0.71 ms cpu, 3->3->1 MB, 4 MB goal, 0 MB stacks, 0 MB globals, 8 P
gc 2519 @11.970s 6%: 0.090+0.65+0.11 ms clock, 0.72+0.80/0.77/0+0.88 ms cpu, 3->3->1 MB, 4 MB goal, 0 MB stacks, 0 MB globals, 8 P
gc 2520 @11.973s 6%: 0.082+0.70+0.076 ms clock, 0.65+0.79/0.86/0+0.60 ms cpu, 3->3->1 MB, 4 MB goal, 0 MB stacks, 0 MB globals, 8 P
gc 2521 @11.976s 6%: 0.11+1.1+0.10 ms clock, 0.91+0.64/0.87/0+0.83 ms cpu, 3->4->1 MB, 4 MB goal, 0 MB stacks, 0 MB globals, 8 P
gc 2522 @11.979s 6%: 0.11+0.53+0.091 ms clock, 0.92+0.82/0.71/0+0.73 ms cpu, 3->3->1 MB, 4 MB goal, 0 MB stacks, 0 MB globals, 8 P
gc 2523 @11.982s 6%: 0.092+0.53+0.085 ms clock, 0.73+0.84/0.69/0+0.68 ms cpu, 3->3->1 MB, 4 MB goal, 0 MB stacks, 0 MB globals, 8 P
gc 2524 @11.985s 6%: 0.069+0.63+0.043 ms clock, 0.55+0.81/0.81/0+0.34 ms cpu, 3->3->1 MB, 4 MB goal, 0 MB stacks, 0 MB globals, 8 P
gc 2525 @11.988s 6%: 0.12+1.1+0.090 ms clock, 0.96+0.76/0.70/0+0.72 ms cpu, 3->3->1 MB, 4 MB goal, 0 MB stacks, 0 MB globals, 8 P
gc 2526 @11.992s 6%: 0.094+0.56+0.077 ms clock, 0.75+0.70/0.69/0+0.61 ms cpu, 3->3->1 MB, 4 MB goal, 0 MB stacks, 0 MB globals, 8 P
gc 2527 @11.995s 6%: 0.11+0.59+0.10 ms clock, 0.90+0.83/0.69/0+0.85 ms cpu, 3->3->1 MB, 4 MB goal, 0 MB stacks, 0 MB globals, 8 P
gc 2528 @11.998s 6%: 0.12+0.70+0.071 ms clock, 0.96+0.70/0.81/0+0.56 ms cpu, 3->3->1 MB, 4 MB goal, 0 MB stacks, 0 MB globals, 8 P
gc 2529 @12.001s 6%: 0.16+0.60+0.061 ms clock, 1.3+0.66/0.76/0+0.49 ms cpu, 3->3->1 MB, 4 MB goal, 0 MB stacks, 0 MB globals, 8 P
gc 2530 @12.004s 6%: 0.090+1.1+0.10 ms clock, 0.72+0.87/0.69/0+0.85 ms cpu, 3->3->1 MB, 4 MB goal, 0 MB stacks, 0 MB globals, 8 P
gc 2531 @12.007s 6%: 0.084+0.58+0.10 ms clock, 0.67+0.81/0.76/0+0.86 ms cpu, 3->3->1 MB, 4 MB goal, 0 MB stacks, 0 MB globals, 8 P
gc 2532 @12.010s 6%: 0.072+0.50+0.10 ms clock, 0.58+0.79/0.67/0+0.86 ms cpu, 3->3->1 MB, 4 MB goal, 0 MB stacks, 0 MB globals, 8 P
gc 2533 @12.013s 6%: 0.15+0.62+0.057 ms clock, 1.2+0.75/0.83/0+0.45 ms cpu, 3->3->1 MB, 4 MB goal, 0 MB stacks, 0 MB globals, 8 P
gc 2534 @12.017s 6%: 0.12+0.53+0.085 ms clock, 0.98+0.80/0.73/0+0.68 ms cpu, 3->3->1 MB, 4 MB goal, 0 MB stacks, 0 MB globals, 8 P
gc 2535 @12.020s 6%: 0.10+1.0+0.10 ms clock, 0.80+0.63/0.79/0+0.80 ms cpu, 3->3->1 MB, 4 MB goal, 0 MB stacks, 0 MB globals, 8 P
gc 2536 @12.023s 6%: 0.10+0.59+0.075 ms clock, 0.81+0.71/0.85/0+0.60 ms cpu, 3->3->1 MB, 4 MB goal, 0 MB stacks, 0 MB globals, 8 P
gc 2537 @12.026s 6%: 0.11+0.53+0.10 ms clock, 0.91+0.90/0.68/0+0.82 ms cpu, 3->3->1 MB, 4 MB goal, 0 MB stacks, 0 MB globals, 8 P
gc 2538 @12.029s 6%: 0.087+0.84+0.068 ms clock, 0.69+0.83/0.81/0+0.54 ms cpu, 3->3->1 MB, 4 MB goal, 0 MB stacks, 0 MB globals, 8 P
gc 2539 @12.032s 6%: 0.12+0.59+0.051 ms clock, 0.99+0.70/0.76/0+0.41 ms cpu, 3->3->1 MB, 4 MB goal, 0 MB stacks, 0 MB globals, 8 P
gc 2540 @12.035s 6%: 0.14+1.4+0.055 ms clock, 1.1+0.59/0.79/0+0.44 ms cpu, 3->3->1 MB, 4 MB goal, 0 MB stacks, 0 MB globals, 8 P
gc 2541 @12.038s 6%: 0.12+0.60+0.10 ms clock, 0.99+0.76/0.77/0+0.82 ms cpu, 3->3->1 MB, 4 MB goal, 0 MB stacks, 0 MB globals, 8 P
gc 2542 @12.042s 6%: 0.12+0.59+0.077 ms clock, 1.0+0.81/0.74/0+0.61 ms cpu, 3->3->1 MB, 4 MB goal, 0 MB stacks, 0 MB globals, 8 P
gc 2543 @12.045s 6%: 0.11+0.96+0.10 ms clock, 0.91+0.68/0.80/0+0.81 ms cpu, 3->3->1 MB, 4 MB goal, 0 MB stacks, 0 MB globals, 8 P
gc 2544 @12.048s 6%: 0.14+0.58+0.055 ms clock, 1.1+0.83/0.72/0+0.44 ms cpu, 3->3->1 MB, 4 MB goal, 0 MB stacks, 0 MB globals, 8 P
gc 2545 @12.051s 6%: 0.10+0.56+0.12 ms clock, 0.87+0.76/0.72/0+0.96 ms cpu, 3->3->1 MB, 4 MB goal, 0 MB stacks, 0 MB globals, 8 P
gc 2546 @12.054s 6%: 0.12+0.49+0.058 ms clock, 1.0+0.76/0.76/0+0.47 ms cpu, 3->3->1 MB, 4 MB goal, 0 MB stacks, 0 MB globals, 8 P
gc 2547 @12.057s 6%: 0.074+1.1+0.10 ms clock, 0.59+0.74/0.75/0+0.85 ms cpu, 3->3->1 MB, 4 MB goal, 0 MB stacks, 0 MB globals, 8 P
gc 2548 @12.060s 6%: 0.081+0.58+0.086 ms clock, 0.64+0.70/0.80/0+0.69 ms cpu, 3->3->1 MB, 4 MB goal, 0 MB stacks, 0 MB globals, 8 P
gc 2549 @12.063s 6%: 0.11+0.79+0.10 ms clock, 0.95+0.87/0.67/0+0.80 ms cpu, 3->3->1 MB, 4 MB goal, 0 MB stacks, 0 MB globals, 8 P
gc 2550 @12.067s 6%: 0.13+1.2+0.056 ms clock, 1.0+0.82/0.75/0+0.45 ms cpu, 3->4->1 MB, 4 MB goal, 0 MB stacks, 0 MB globals, 8 P
gc 2551 @12.070s 6%: 0.13+0.73+0.092 ms clock, 1.0+0.75/0.80/0+0.73 ms cpu, 3->3->1 MB, 4 MB goal, 0 MB stacks, 0 MB globals, 8 P
gc 2552 @12.073s 6%: 0.11+0.61+0.065 ms clock, 0.91+0.80/0.69/0+0.52 ms cpu, 3->3->1 MB, 4 MB goal, 0 MB stacks, 0 MB globals, 8 P
gc 2553 @12.076s 6%: 0.097+0.61+0.089 ms clock, 0.78+0.79/0.85/0+0.71 ms cpu, 3->3->1 MB, 4 MB goal, 0 MB stacks, 0 MB globals, 8 P
gc 2554 @12.079s 6%: 0.10+0.60+0.10 ms clock, 0.83+0.78/0.76/0+0.81 ms cpu, 3->3->1 MB, 4 MB goal, 0 MB stacks, 0 MB globals, 8 P
gc 2555 @12.082s 6%: 0.11+0.61+0.10 ms clock, 0.91+0.72/0.82/0+0.86 ms cpu, 3->3->1 MB, 4 MB goal, 0 MB stacks, 0 MB globals, 8 P
gc 2556 @12.086s 6%: 0.070+0.91+0.076 ms clock, 0.56+0.66/0.69/0+0.60 ms cpu, 3->3->1 MB, 4 MB goal, 0 MB stacks, 0 MB globals, 8 P
gc 2557 @12.089s 6%: 0.073+0.53+0.079 ms clock, 0.58+0.90/0.72/0+0.63 ms cpu, 3->3->1 MB, 4 MB goal, 0 MB stacks, 0 MB globals, 8 P
gc 2558 @12.092s 6%: 0.13+0.61+0.13 ms clock, 1.0+0.71/0.76/0+1.0 ms cpu, 3->3->1 MB, 4 MB goal, 0 MB stacks, 0 MB globals, 8 P
gc 2559 @12.095s 6%: 0.090+0.61+0.091 ms clock, 0.72+0.79/0.74/0+0.73 ms cpu, 3->3->1 MB, 4 MB goal, 0 MB stacks, 0 MB globals, 8 P
gc 2560 @12.098s 6%: 0.11+0.67+0.10 ms clock, 0.89+0.61/0.80/0+0.87 ms cpu, 3->3->1 MB, 4 MB goal, 0 MB stacks, 0 MB globals, 8 P
gc 2561 @12.101s 6%: 0.099+0.68+0.089 ms clock, 0.79+0.76/0.71/0+0.71 ms cpu, 3->3->1 MB, 4 MB goal, 0 MB stacks, 0 MB globals, 8 P
gc 2562 @12.104s 6%: 0.093+0.57+0.12 ms clock, 0.74+0.83/0.75/0+0.97 ms cpu, 3->3->1 MB, 4 MB goal, 0 MB stacks, 0 MB globals, 8 P
gc 2563 @12.107s 6%: 0.10+0.62+0.088 ms clock, 0.85+0.66/0.83/0+0.70 ms cpu, 3->3->1 MB, 4 MB goal, 0 MB stacks, 0 MB globals, 8 P
gc 2564 @12.110s 6%: 0.087+0.47+0.093 ms clock, 0.70+0.93/0.64/0+0.74 ms cpu, 3->3->1 MB, 4 MB goal, 0 MB stacks, 0 MB globals, 8 P
gc 2565 @12.113s 6%: 0.10+0.62+0.091 ms clock, 0.85+0.61/0.78/0+0.73 ms cpu, 3->3->1 MB, 4 MB goal, 0 MB stacks, 0 MB globals, 8 P
gc 2566 @12.116s 6%: 0.088+1.1+0.071 ms clock, 0.70+0.98/1.3/0+0.56 ms cpu, 3->3->1 MB, 4 MB goal, 0 MB stacks, 0 MB globals, 8 P
gc 2567 @12.120s 6%: 0.16+0.65+0.081 ms clock, 1.3+0.78/0.79/0+0.65 ms cpu, 3->3->1 MB, 4 MB goal, 0 MB stacks, 0 MB globals, 8 P
gc 2568 @12.123s 6%: 0.090+0.50+0.083 ms clock, 0.72+0.81/0.74/0+0.67 ms cpu, 3->3->1 MB, 4 MB goal, 0 MB stacks, 0 MB globals, 8 P
gc 2569 @12.126s 6%: 0.098+0.57+0.099 ms clock, 0.78+0.87/0.74/0+0.79 ms cpu, 3->3->1 MB, 4 MB goal, 0 MB stacks, 0 MB globals, 8 P
gc 2570 @12.129s 6%: 0.12+0.64+0.079 ms clock, 0.98+0.68/0.80/0+0.63 ms cpu, 3->3->1 MB, 4 MB goal, 0 MB stacks, 0 MB globals, 8 P
gc 2571 @12.132s 6%: 0.085+0.68+0.10 ms clock, 0.68+0.79/0.68/0+0.81 ms cpu, 3->3->1 MB, 4 MB goal, 0 MB stacks, 0 MB globals, 8 P
gc 2572 @12.135s 6%: 0.10+0.86+0.077 ms clock, 0.86+0.58/0.86/0+0.62 ms cpu, 3->3->1 MB, 4 MB goal, 0 MB stacks, 0 MB globals, 8 P
gc 2573 @12.138s 6%: 0.11+1.2+0.053 ms clock, 0.95+0.81/1.1/0+0.42 ms cpu, 3->4->1 MB, 4 MB goal, 0 MB stacks, 0 MB globals, 8 P
gc 2574 @12.142s 6%: 0.085+1.1+0.097 ms clock, 0.68+0.40/0.93/0+0.77 ms cpu, 3->4->1 MB, 4 MB goal, 0 MB stacks, 0 MB globals, 8 P
gc 2575 @12.145s 6%: 0.11+0.61+0.11 ms clock, 0.91+0.74/0.69/0+0.93 ms cpu, 3->3->1 MB, 4 MB goal, 0 MB stacks, 0 MB globals, 8 P
gc 2576 @12.148s 6%: 0.10+0.75+0.10 ms clock, 0.81+0.68/0.80/0+0.83 ms cpu, 3->3->1 MB, 4 MB goal, 0 MB stacks, 0 MB globals, 8 P
gc 2577 @12.151s 6%: 0.13+1.1+0.091 ms clock, 1.0+0.70/0.71/0+0.72 ms cpu, 3->3->1 MB, 4 MB goal, 0 MB stacks, 0 MB globals, 8 P
gc 2578 @12.155s 6%: 0.074+0.56+0.070 ms clock, 0.59+0.72/0.78/0+0.56 ms cpu, 3->3->1 MB, 4 MB goal, 0 MB stacks, 0 MB globals, 8 P
gc 2579 @12.158s 6%: 0.088+0.49+0.047 ms clock, 0.70+0.78/0.60/0+0.38 ms cpu, 3->3->1 MB, 4 MB goal, 0 MB stacks, 0 MB globals, 8 P
gc 2580 @12.161s 6%: 0.11+0.54+0.11 ms clock, 0.92+0.87/0.65/0+0.92 ms cpu, 3->3->1 MB, 4 MB goal, 0 MB stacks, 0 MB globals, 8 P
gc 2581 @12.164s 6%: 0.14+1.2+0.093 ms clock, 1.1+0.76/0.79/0+0.74 ms cpu, 3->3->1 MB, 4 MB goal, 0 MB stacks, 0 MB globals, 8 P
gc 2582 @12.167s 6%: 0.11+0.56+0.080 ms clock, 0.94+0.80/0.69/0+0.64 ms cpu, 3->3->1 MB, 4 MB goal, 0 MB stacks, 0 MB globals, 8 P
gc 2583 @12.170s 6%: 0.11+1.1+0.077 ms clock, 0.89+0.79/0.82/0+0.62 ms cpu, 3->3->1 MB, 4 MB goal, 0 MB stacks, 0 MB globals, 8 P
gc 2584 @12.174s 6%: 0.11+0.50+0.11 ms clock, 0.94+0.79/0.71/0+0.88 ms cpu, 3->3->1 MB, 4 MB goal, 0 MB stacks, 0 MB globals, 8 P
gc 2585 @12.177s 6%: 0.081+0.54+0.10 ms clock, 0.65+0.70/0.72/0+0.83 ms cpu, 3->3->1 MB, 4 MB goal, 0 MB stacks, 0 MB globals, 8 P
gc 2586 @12.180s 6%: 0.11+0.54+0.091 ms clock, 0.94+0.80/0.70/0+0.73 ms cpu, 3->3->1 MB, 4 MB goal, 0 MB stacks, 0 MB globals, 8 P
gc 2587 @12.183s 6%: 0.13+0.60+0.079 ms clock, 1.0+0.82/0.72/0+0.63 ms cpu, 3->3->1 MB, 4 MB goal, 0 MB stacks, 0 MB globals, 8 P
gc 2588 @12.186s 6%: 0.10+0.62+0.076 ms clock, 0.84+0.79/0.78/0+0.61 ms cpu, 3->3->1 MB, 4 MB goal, 0 MB stacks, 0 MB globals, 8 P
gc 2589 @12.189s 6%: 0.088+0.62+0.080 ms clock, 0.70+0.63/0.88/0+0.64 ms cpu, 3->3->1 MB, 4 MB goal, 0 MB stacks, 0 MB globals, 8 P
gc 2590 @12.192s 6%: 0.13+0.61+0.063 ms clock, 1.0+0.82/0.72/0+0.50 ms cpu, 3->3->1 MB, 4 MB goal, 0 MB stacks, 0 MB globals, 8 P
gc 2591 @12.195s 6%: 0.078+0.52+0.056 ms clock, 0.63+0.83/0.72/0+0.45 ms cpu, 3->3->1 MB, 4 MB goal, 0 MB stacks, 0 MB globals, 8 P
gc 2592 @12.198s 6%: 0.10+0.81+0.092 ms clock, 0.87+0.85/0.74/0+0.74 ms cpu, 3->3->1 MB, 4 MB goal, 0 MB stacks, 0 MB globals, 8 P
gc 2593 @12.202s 6%: 0.10+0.63+0.12 ms clock, 0.84+0.79/0.85/0+0.99 ms cpu, 3->3->1 MB, 4 MB goal, 0 MB stacks, 0 MB globals, 8 P
gc 2594 @12.205s 6%: 0.11+0.91+0.079 ms clock, 0.91+0.73/0.80/0+0.63 ms cpu, 3->3->1 MB, 4 MB goal, 0 MB stacks, 0 MB globals, 8 P
gc 2595 @12.208s 6%: 0.12+0.55+0.068 ms clock, 1.0+0.75/0.71/0+0.54 ms cpu, 3->3->1 MB, 4 MB goal, 0 MB stacks, 0 MB globals, 8 P
gc 2596 @12.211s 6%: 0.10+1.1+0.091 ms clock, 0.82+0.41/1.1/0+0.73 ms cpu, 3->3->1 MB, 4 MB goal, 0 MB stacks, 0 MB globals, 8 P
gc 2597 @12.214s 6%: 0.12+0.88+0.11 ms clock, 1.0+0.87/0.62/0+0.93 ms cpu, 3->4->1 MB, 4 MB goal, 0 MB stacks, 0 MB globals, 8 P
gc 2598 @12.218s 6%: 0.085+0.64+0.10 ms clock, 0.68+0.82/0.78/0+0.84 ms cpu, 3->3->1 MB, 4 MB goal, 0 MB stacks, 0 MB globals, 8 P
gc 2599 @12.221s 6%: 0.11+0.58+0.076 ms clock, 0.94+0.76/0.82/0+0.61 ms cpu, 3->3->1 MB, 4 MB goal, 0 MB stacks, 0 MB globals, 8 P
gc 2600 @12.224s 6%: 0.087+0.78+0.056 ms clock, 0.69+0.74/0.75/0+0.45 ms cpu, 3->3->1 MB, 4 MB goal, 0 MB stacks, 0 MB globals, 8 P
gc 2601 @12.227s 6%: 0.086+0.61+0.094 ms clock, 0.69+0.79/0.75/0+0.75 ms cpu, 3->3->1 MB, 4 MB goal, 0 MB stacks, 0 MB globals, 8 P
gc 2602 @12.230s 6%: 0.12+0.84+0.11 ms clock, 1.0+0.77/0.78/0+0.88 ms cpu, 3->3->1 MB, 4 MB goal, 0 MB stacks, 0 MB globals, 8 P
gc 2603 @12.233s 6%: 0.11+0.58+0.086 ms clock, 0.95+0.82/0.75/0+0.69 ms cpu, 3->3->1 MB, 4 MB goal, 0 MB stacks, 0 MB globals, 8 P
gc 2604 @12.236s 6%: 0.11+0.59+0.082 ms clock, 0.89+0.71/0.82/0+0.66 ms cpu, 3->3->1 MB, 4 MB goal, 0 MB stacks, 0 MB globals, 8 P
gc 2605 @12.239s 6%: 0.12+0.59+0.086 ms clock, 0.96+0.77/0.71/0+0.69 ms cpu, 3->3->1 MB, 4 MB goal, 0 MB stacks, 0 MB globals, 8 P
gc 2606 @12.242s 6%: 0.10+0.91+0.098 ms clock, 0.81+0.83/0.78/0+0.78 ms cpu, 3->3->1 MB, 4 MB goal, 0 MB stacks, 0 MB globals, 8 P
gc 2607 @12.245s 6%: 0.10+0.57+0.10 ms clock, 0.84+0.62/0.79/0+0.82 ms cpu, 3->3->1 MB, 4 MB goal, 0 MB stacks, 0 MB globals, 8 P
gc 2608 @12.249s 6%: 0.10+0.60+0.074 ms clock, 0.80+0.68/0.80/0+0.59 ms cpu, 3->3->1 MB, 4 MB goal, 0 MB stacks, 0 MB globals, 8 P
gc 2609 @12.252s 6%: 0.13+0.85+0.096 ms clock, 1.0+0.79/0.71/0+0.77 ms cpu, 3->3->1 MB, 4 MB goal, 0 MB stacks, 0 MB globals, 8 P
gc 2610 @12.255s 6%: 0.087+0.65+0.12 ms clock, 0.70+0.60/0.84/0+0.96 ms cpu, 3->3->1 MB, 4 MB goal, 0 MB stacks, 0 MB globals, 8 P
gc 2611 @12.258s 6%: 0.12+1.0+0.083 ms clock, 1.0+0.64/0.83/0+0.67 ms cpu, 3->3->1 MB, 4 MB goal, 0 MB stacks, 0 MB globals, 8 P
gc 2612 @12.261s 6%: 0.14+1.1+0.10 ms clock, 1.1+0.69/0.85/0+0.85 ms cpu, 3->4->1 MB, 4 MB goal, 0 MB stacks, 0 MB globals, 8 P
gc 2613 @12.264s 6%: 0.11+1.3+0.052 ms clock, 0.94+0.75/0.76/0+0.42 ms cpu, 3->4->1 MB, 4 MB goal, 0 MB stacks, 0 MB globals, 8 P
gc 2614 @12.268s 6%: 0.11+1.0+0.086 ms clock, 0.88+0.89/0.71/0+0.69 ms cpu, 3->4->1 MB, 4 MB goal, 0 MB stacks, 0 MB globals, 8 P
gc 2615 @12.271s 6%: 0.13+0.57+0.11 ms clock, 1.0+0.86/0.68/0+0.91 ms cpu, 3->3->1 MB, 4 MB goal, 0 MB stacks, 0 MB globals, 8 P
gc 2616 @12.274s 6%: 0.095+0.61+0.10 ms clock, 0.76+0.74/0.73/0+0.86 ms cpu, 3->3->1 MB, 4 MB goal, 0 MB stacks, 0 MB globals, 8 P
gc 2617 @12.277s 6%: 0.13+1.0+0.069 ms clock, 1.0+0.64/0.70/0+0.55 ms cpu, 3->3->1 MB, 4 MB goal, 0 MB stacks, 0 MB globals, 8 P
gc 2618 @12.281s 6%: 0.11+0.90+0.074 ms clock, 0.88+0.82/0.74/0+0.59 ms cpu, 3->3->1 MB, 4 MB goal, 0 MB stacks, 0 MB globals, 8 P
gc 2619 @12.284s 6%: 0.11+0.87+0.096 ms clock, 0.93+0.74/0.78/0+0.77 ms cpu, 3->3->1 MB, 4 MB goal, 0 MB stacks, 0 MB globals, 8 P
gc 2620 @12.287s 6%: 0.10+0.64+0.10 ms clock, 0.84+0.73/0.74/0+0.85 ms cpu, 3->3->1 MB, 4 MB goal, 0 MB stacks, 0 MB globals, 8 P
gc 2621 @12.290s 6%: 0.077+0.65+0.071 ms clock, 0.61+0.81/0.78/0+0.57 ms cpu, 3->3->1 MB, 4 MB goal, 0 MB stacks, 0 MB globals, 8 P
gc 2622 @12.293s 6%: 0.13+0.58+0.095 ms clock, 1.0+0.70/0.88/0+0.76 ms cpu, 3->3->1 MB, 4 MB goal, 0 MB stacks, 0 MB globals, 8 P
gc 2623 @12.296s 6%: 0.089+0.56+0.086 ms clock, 0.71+0.54/0.80/0+0.69 ms cpu, 3->3->1 MB, 4 MB goal, 0 MB stacks, 0 MB globals, 8 P
gc 2624 @12.299s 6%: 0.13+0.58+0.091 ms clock, 1.0+0.66/0.78/0+0.73 ms cpu, 3->3->1 MB, 4 MB goal, 0 MB stacks, 0 MB globals, 8 P
gc 2625 @12.302s 6%: 0.11+2.0+0.095 ms clock, 0.93+0.46/0.80/0+0.76 ms cpu, 3->4->1 MB, 4 MB goal, 0 MB stacks, 0 MB globals, 8 P
gc 2626 @12.306s 6%: 0.11+0.94+0.098 ms clock, 0.95+0.52/0.86/0+0.78 ms cpu, 3->4->1 MB, 4 MB goal, 0 MB stacks, 0 MB globals, 8 P
gc 2627 @12.309s 6%: 0.087+0.54+0.094 ms clock, 0.69+0.82/0.73/0+0.75 ms cpu, 3->3->1 MB, 4 MB goal, 0 MB stacks, 0 MB globals, 8 P
gc 2628 @12.312s 6%: 0.085+0.67+0.098 ms clock, 0.68+0.76/0.79/0+0.79 ms cpu, 3->3->1 MB, 4 MB goal, 0 MB stacks, 0 MB globals, 8 P
gc 2629 @12.316s 6%: 0.12+0.45+0.11 ms clock, 0.96+0.76/0.73/0+0.94 ms cpu, 3->3->1 MB, 4 MB goal, 0 MB stacks, 0 MB globals, 8 P
gc 2630 @12.319s 6%: 0.11+0.60+0.10 ms clock, 0.95+0.78/0.75/0+0.86 ms cpu, 3->3->1 MB, 4 MB goal, 0 MB stacks, 0 MB globals, 8 P
gc 2631 @12.322s 6%: 0.11+0.57+0.089 ms clock, 0.92+0.83/0.67/0+0.71 ms cpu, 3->3->1 MB, 4 MB goal, 0 MB stacks, 0 MB globals, 8 P
gc 2632 @12.325s 6%: 0.10+0.64+0.086 ms clock, 0.86+0.96/0.50/0+0.68 ms cpu, 3->3->1 MB, 4 MB goal, 0 MB stacks, 0 MB globals, 8 P
gc 2633 @12.328s 6%: 0.11+0.96+0.090 ms clock, 0.93+0.61/0.75/0+0.72 ms cpu, 3->3->1 MB, 4 MB goal, 0 MB stacks, 0 MB globals, 8 P
gc 2634 @12.331s 6%: 0.13+0.98+0.024 ms clock, 1.1+0.68/0.74/0+0.19 ms cpu, 3->3->1 MB, 4 MB goal, 0 MB stacks, 0 MB globals, 8 P
gc 2635 @12.334s 6%: 0.10+1.0+0.053 ms clock, 0.86+0.72/0.73/0+0.42 ms cpu, 3->3->1 MB, 4 MB goal, 0 MB stacks, 0 MB globals, 8 P
gc 2636 @12.337s 6%: 0.14+0.67+0.10 ms clock, 1.1+0.81/0.86/0+0.85 ms cpu, 3->3->1 MB, 4 MB goal, 0 MB stacks, 0 MB globals, 8 P
gc 2637 @12.340s 6%: 0.10+0.92+0.099 ms clock, 0.82+0.87/0.69/0.020+0.79 ms cpu, 3->3->1 MB, 4 MB goal, 0 MB stacks, 0 MB globals, 8 P
gc 2638 @12.344s 6%: 0.11+0.58+0.094 ms clock, 0.88+0.78/0.74/0+0.75 ms cpu, 3->3->1 MB, 4 MB goal, 0 MB stacks, 0 MB globals, 8 P
gc 2639 @12.347s 6%: 0.10+0.65+0.071 ms clock, 0.87+0.70/0.71/0+0.56 ms cpu, 3->3->1 MB, 4 MB goal, 0 MB stacks, 0 MB globals, 8 P
gc 2640 @12.350s 6%: 0.11+0.61+0.084 ms clock, 0.90+0.81/0.76/0+0.67 ms cpu, 3->3->1 MB, 4 MB goal, 0 MB stacks, 0 MB globals, 8 P
gc 2641 @12.353s 6%: 0.13+0.55+0.081 ms clock, 1.0+0.73/0.76/0+0.64 ms cpu, 3->3->1 MB, 4 MB goal, 0 MB stacks, 0 MB globals, 8 P
gc 2642 @12.356s 6%: 0.11+0.61+0.10 ms clock, 0.92+0.83/0.77/0+0.87 ms cpu, 3->3->1 MB, 4 MB goal, 0 MB stacks, 0 MB globals, 8 P
gc 2643 @12.359s 6%: 0.11+0.55+0.068 ms clock, 0.89+0.76/0.73/0+0.54 ms cpu, 3->3->1 MB, 4 MB goal, 0 MB stacks, 0 MB globals, 8 P
gc 2644 @12.362s 6%: 0.087+0.64+0.055 ms clock, 0.70+0.75/0.78/0+0.44 ms cpu, 3->3->1 MB, 4 MB goal, 0 MB stacks, 0 MB globals, 8 P
gc 2645 @12.365s 6%: 0.096+0.50+0.10 ms clock, 0.76+0.96/0.67/0+0.80 ms cpu, 3->3->1 MB, 4 MB goal, 0 MB stacks, 0 MB globals, 8 P
gc 2646 @12.368s 6%: 0.13+0.61+0.12 ms clock, 1.0+0.82/0.77/0+1.0 ms cpu, 3->3->1 MB, 4 MB goal, 0 MB stacks, 0 MB globals, 8 P
gc 2647 @12.371s 6%: 0.092+0.90+0.094 ms clock, 0.73+0.83/0.69/0+0.75 ms cpu, 3->3->1 MB, 4 MB goal, 0 MB stacks, 0 MB globals, 8 P
gc 2648 @12.374s 6%: 0.099+1.0+0.11 ms clock, 0.79+1.1/0.85/0+0.88 ms cpu, 3->3->1 MB, 4 MB goal, 0 MB stacks, 0 MB globals, 8 P
gc 2649 @12.378s 6%: 0.078+1.2+0.073 ms clock, 0.62+0.75/0.79/0+0.58 ms cpu, 3->4->1 MB, 4 MB goal, 0 MB stacks, 0 MB globals, 8 P
gc 2650 @12.381s 6%: 0.12+1.0+0.067 ms clock, 1.0+0.86/0.67/0+0.54 ms cpu, 3->4->1 MB, 4 MB goal, 0 MB stacks, 0 MB globals, 8 P
gc 2651 @12.385s 6%: 0.13+0.63+0.076 ms clock, 1.0+0.67/0.88/0+0.61 ms cpu, 3->3->1 MB, 4 MB goal, 0 MB stacks, 0 MB globals, 8 P
gc 2652 @12.388s 6%: 0.10+0.98+0.085 ms clock, 0.83+0.75/0.78/0+0.68 ms cpu, 3->3->1 MB, 4 MB goal, 0 MB stacks, 0 MB globals, 8 P
gc 2653 @12.391s 6%: 0.10+1.6+0.088 ms clock, 0.83+0.82/0.71/0+0.71 ms cpu, 3->4->1 MB, 4 MB goal, 0 MB stacks, 0 MB globals, 8 P
gc 2654 @12.394s 6%: 0.076+0.54+0.063 ms clock, 0.60+0.85/0.64/0+0.51 ms cpu, 3->3->1 MB, 4 MB goal, 0 MB stacks, 0 MB globals, 8 P
gc 2655 @12.398s 6%: 0.10+0.78+0.083 ms clock, 0.87+0.85/0.67/0+0.67 ms cpu, 3->3->1 MB, 4 MB goal, 0 MB stacks, 0 MB globals, 8 P
gc 2656 @12.401s 6%: 0.11+0.64+0.099 ms clock, 0.95+0.69/0.81/0+0.79 ms cpu, 3->3->1 MB, 4 MB goal, 0 MB stacks, 0 MB globals, 8 P
gc 2657 @12.404s 6%: 0.12+0.56+0.085 ms clock, 0.97+0.88/0.74/0+0.68 ms cpu, 3->3->1 MB, 4 MB goal, 0 MB stacks, 0 MB globals, 8 P
gc 2658 @12.407s 6%: 0.084+0.64+0.062 ms clock, 0.67+0.72/0.84/0+0.49 ms cpu, 3->3->1 MB, 4 MB goal, 0 MB stacks, 0 MB globals, 8 P
gc 2659 @12.410s 6%: 0.11+0.91+0.11 ms clock, 0.92+0.27/0.96/0+0.95 ms cpu, 3->3->1 MB, 4 MB goal, 0 MB stacks, 0 MB globals, 8 P
gc 2660 @12.413s 6%: 0.12+1.1+0.079 ms clock, 0.97+0.70/0.56/0+0.63 ms cpu, 3->3->1 MB, 4 MB goal, 0 MB stacks, 0 MB globals, 8 P
gc 2661 @12.416s 6%: 0.10+0.79+0.084 ms clock, 0.85+0.78/0.71/0+0.67 ms cpu, 3->3->1 MB, 4 MB goal, 0 MB stacks, 0 MB globals, 8 P
gc 2662 @12.419s 6%: 0.10+0.51+0.083 ms clock, 0.82+0.85/0.66/0+0.67 ms cpu, 3->3->1 MB, 4 MB goal, 0 MB stacks, 0 MB globals, 8 P
gc 2663 @12.422s 6%: 0.10+0.81+0.095 ms clock, 0.81+0.50/0.89/0+0.76 ms cpu, 3->3->1 MB, 4 MB goal, 0 MB stacks, 0 MB globals, 8 P
gc 2664 @12.426s 6%: 0.10+0.53+0.061 ms clock, 0.84+0.73/0.77/0+0.48 ms cpu, 3->3->1 MB, 4 MB goal, 0 MB stacks, 0 MB globals, 8 P
gc 2665 @12.429s 6%: 0.13+1.1+0.11 ms clock, 1.0+0.74/0.74/0+0.88 ms cpu, 3->3->1 MB, 4 MB goal, 0 MB stacks, 0 MB globals, 8 P
gc 2666 @12.432s 6%: 0.10+0.55+0.093 ms clock, 0.82+0.84/0.76/0+0.75 ms cpu, 3->3->1 MB, 4 MB goal, 0 MB stacks, 0 MB globals, 8 P
gc 2667 @12.435s 6%: 0.11+0.49+0.11 ms clock, 0.90+0.90/0.68/0+0.88 ms cpu, 3->3->1 MB, 4 MB goal, 0 MB stacks, 0 MB globals, 8 P
gc 2668 @12.438s 6%: 0.12+0.58+0.084 ms clock, 0.98+0.76/0.80/0.004+0.67 ms cpu, 3->3->1 MB, 4 MB goal, 0 MB stacks, 0 MB globals, 8 P
gc 2669 @12.441s 6%: 0.11+0.55+0.089 ms clock, 0.90+0.83/0.63/0+0.71 ms cpu, 3->3->1 MB, 4 MB goal, 0 MB stacks, 0 MB globals, 8 P
gc 2670 @12.444s 6%: 0.11+1.2+0.10 ms clock, 0.91+0.77/0.70/0+0.82 ms cpu, 3->4->1 MB, 4 MB goal, 0 MB stacks, 0 MB globals, 8 P
gc 2671 @12.448s 6%: 0.097+0.61+0.077 ms clock, 0.78+0.73/0.77/0+0.62 ms cpu, 3->3->1 MB, 4 MB goal, 0 MB stacks, 0 MB globals, 8 P
gc 2672 @12.451s 6%: 0.083+0.93+0.095 ms clock, 0.67+0.63/0.81/0+0.76 ms cpu, 3->3->1 MB, 4 MB goal, 0 MB stacks, 0 MB globals, 8 P
gc 2673 @12.454s 6%: 0.11+0.52+0.094 ms clock, 0.89+0.80/0.72/0+0.75 ms cpu, 3->3->1 MB, 4 MB goal, 0 MB stacks, 0 MB globals, 8 P
gc 2674 @12.457s 6%: 0.10+0.84+0.089 ms clock, 0.82+0.71/0.72/0+0.71 ms cpu, 3->3->1 MB, 4 MB goal, 0 MB stacks, 0 MB globals, 8 P
gc 2675 @12.460s 6%: 0.11+0.53+0.10 ms clock, 0.95+0.68/0.75/0+0.86 ms cpu, 3->3->1 MB, 4 MB goal, 0 MB stacks, 0 MB globals, 8 P
gc 2676 @12.463s 6%: 0.084+0.99+0.10 ms clock, 0.67+0.70/0.72/0+0.83 ms cpu, 3->3->1 MB, 4 MB goal, 0 MB stacks, 0 MB globals, 8 P
gc 2677 @12.467s 6%: 0.13+0.61+0.089 ms clock, 1.1+0.59/0.81/0+0.71 ms cpu, 3->3->1 MB, 4 MB goal, 0 MB stacks, 0 MB globals, 8 P
gc 2678 @12.470s 6%: 0.090+0.66+0.10 ms clock, 0.72+0.75/0.83/0+0.85 ms cpu, 3->3->1 MB, 4 MB goal, 0 MB stacks, 0 MB globals, 8 P
gc 2679 @12.473s 6%: 0.14+1.2+0.082 ms clock, 1.1+0.63/0.91/0+0.65 ms cpu, 3->4->1 MB, 4 MB goal, 0 MB stacks, 0 MB globals, 8 P
gc 2680 @12.476s 6%: 0.15+0.64+0.11 ms clock, 1.2+0.83/0.75/0+0.90 ms cpu, 3->3->1 MB, 4 MB goal, 0 MB stacks, 0 MB globals, 8 P
gc 2681 @12.479s 6%: 0.11+1.0+0.098 ms clock, 0.88+0.80/0.75/0+0.78 ms cpu, 3->4->1 MB, 4 MB goal, 0 MB stacks, 0 MB globals, 8 P
gc 2682 @12.483s 6%: 0.12+0.93+0.11 ms clock, 0.96+1.5/0.71/0+0.91 ms cpu, 3->4->1 MB, 4 MB goal, 0 MB stacks, 0 MB globals, 8 P
gc 2683 @12.486s 6%: 0.19+1.1+0.060 ms clock, 1.5+0.81/0.73/0+0.48 ms cpu, 3->4->1 MB, 4 MB goal, 0 MB stacks, 0 MB globals, 8 P
gc 2684 @12.490s 6%: 0.12+0.97+0.087 ms clock, 0.99+0.77/0.78/0+0.70 ms cpu, 3->3->1 MB, 4 MB goal, 0 MB stacks, 0 MB globals, 8 P
gc 2685 @12.493s 6%: 0.12+0.56+0.074 ms clock, 0.97+0.81/0.68/0+0.59 ms cpu, 3->3->1 MB, 4 MB goal, 0 MB stacks, 0 MB globals, 8 P
gc 2686 @12.496s 6%: 0.091+0.62+0.11 ms clock, 0.73+0.74/0.81/0+0.92 ms cpu, 3->3->1 MB, 4 MB goal, 0 MB stacks, 0 MB globals, 8 P
gc 2687 @12.499s 6%: 0.095+0.58+0.10 ms clock, 0.76+0.81/0.73/0+0.83 ms cpu, 3->3->1 MB, 4 MB goal, 0 MB stacks, 0 MB globals, 8 P
gc 2688 @12.501s 6%: 0.079+0.73+0.14 ms clock, 0.63+0.83/0.74/0+1.1 ms cpu, 3->3->1 MB, 4 MB goal, 0 MB stacks, 0 MB globals, 8 P
gc 2689 @12.505s 6%: 0.11+0.58+0.087 ms clock, 0.92+0.70/0.83/0+0.70 ms cpu, 3->3->1 MB, 4 MB goal, 0 MB stacks, 0 MB globals, 8 P
gc 2690 @12.508s 6%: 0.12+0.65+0.066 ms clock, 1.0+0.70/0.70/0+0.53 ms cpu, 3->3->1 MB, 4 MB goal, 0 MB stacks, 0 MB globals, 8 P
gc 2691 @12.511s 6%: 0.10+1.2+0.063 ms clock, 0.87+0.61/0.81/0+0.51 ms cpu, 3->4->1 MB, 4 MB goal, 0 MB stacks, 0 MB globals, 8 P
gc 2692 @12.514s 6%: 0.16+0.84+0.086 ms clock, 1.3+0.63/0.90/0+0.69 ms cpu, 3->4->1 MB, 4 MB goal, 0 MB stacks, 0 MB globals, 8 P
gc 2693 @12.518s 6%: 0.10+0.94+0.11 ms clock, 0.80+0.71/0.82/0+0.93 ms cpu, 3->3->1 MB, 4 MB goal, 0 MB stacks, 0 MB globals, 8 P
gc 2694 @12.521s 6%: 0.12+0.67+0.036 ms clock, 0.99+0.67/0.92/0+0.29 ms cpu, 3->3->1 MB, 4 MB goal, 0 MB stacks, 0 MB globals, 8 P
gc 2695 @12.524s 6%: 0.10+1.0+0.069 ms clock, 0.86+0.61/0.76/0+0.55 ms cpu, 3->3->1 MB, 4 MB goal, 0 MB stacks, 0 MB globals, 8 P
gc 2696 @12.527s 6%: 0.084+0.87+0.099 ms clock, 0.67+0.83/0.77/0+0.79 ms cpu, 3->3->1 MB, 4 MB goal, 0 MB stacks, 0 MB globals, 8 P
gc 2697 @12.530s 6%: 0.16+0.58+0.073 ms clock, 1.3+0.72/0.82/0+0.58 ms cpu, 3->3->1 MB, 4 MB goal, 0 MB stacks, 0 MB globals, 8 P
gc 2698 @12.533s 6%: 0.14+0.62+0.064 ms clock, 1.1+0.85/0.74/0+0.51 ms cpu, 3->3->1 MB, 4 MB goal, 0 MB stacks, 0 MB globals, 8 P
gc 2699 @12.536s 6%: 0.11+0.56+0.11 ms clock, 0.93+0.85/0.69/0+0.95 ms cpu, 3->3->1 MB, 4 MB goal, 0 MB stacks, 0 MB globals, 8 P
gc 2700 @12.540s 6%: 0.10+1.0+0.084 ms clock, 0.81+0.80/0.84/0+0.67 ms cpu, 3->3->1 MB, 4 MB goal, 0 MB stacks, 0 MB globals, 8 P
gc 2701 @12.543s 6%: 0.11+0.93+0.071 ms clock, 0.94+0.90/0.72/0+0.57 ms cpu, 3->3->1 MB, 4 MB goal, 0 MB stacks, 0 MB globals, 8 P
gc 2702 @12.546s 6%: 0.10+0.63+0.065 ms clock, 0.86+0.76/0.76/0+0.52 ms cpu, 3->3->1 MB, 4 MB goal, 0 MB stacks, 0 MB globals, 8 P
gc 2703 @12.549s 6%: 0.11+0.63+0.091 ms clock, 0.95+0.79/0.79/0+0.73 ms cpu, 3->3->1 MB, 4 MB goal, 0 MB stacks, 0 MB globals, 8 P
gc 2704 @12.552s 6%: 0.10+0.60+0.076 ms clock, 0.81+0.83/0.73/0+0.61 ms cpu, 3->3->1 MB, 4 MB goal, 0 MB stacks, 0 MB globals, 8 P
gc 2705 @12.555s 6%: 0.090+0.52+0.092 ms clock, 0.72+0.70/0.78/0+0.73 ms cpu, 3->3->1 MB, 4 MB goal, 0 MB stacks, 0 MB globals, 8 P
gc 2706 @12.558s 6%: 0.093+0.60+0.050 ms clock, 0.75+0.84/0.78/0+0.40 ms cpu, 3->3->1 MB, 4 MB goal, 0 MB stacks, 0 MB globals, 8 P
gc 2707 @12.561s 6%: 0.10+0.59+0.10 ms clock, 0.87+0.73/0.80/0+0.84 ms cpu, 3->3->1 MB, 4 MB goal, 0 MB stacks, 0 MB globals, 8 P
gc 2708 @12.564s 6%: 0.13+0.86+0.12 ms clock, 1.0+0.71/0.82/0+0.98 ms cpu, 3->3->1 MB, 4 MB goal, 0 MB stacks, 0 MB globals, 8 P
gc 2709 @12.568s 6%: 0.14+0.97+0.091 ms clock, 1.1+0.68/0.89/0+0.73 ms cpu, 3->3->1 MB, 4 MB goal, 0 MB stacks, 0 MB globals, 8 P
gc 2710 @12.571s 6%: 0.090+0.83+0.091 ms clock, 0.72+0.87/0.71/0+0.73 ms cpu, 3->3->1 MB, 4 MB goal, 0 MB stacks, 0 MB globals, 8 P
gc 2711 @12.574s 6%: 0.076+0.60+0.056 ms clock, 0.61+0.74/0.75/0+0.45 ms cpu, 3->3->1 MB, 4 MB goal, 0 MB stacks, 0 MB globals, 8 P
gc 2712 @12.577s 6%: 0.11+1.2+0.097 ms clock, 0.88+0.65/0.79/0+0.78 ms cpu, 3->3->1 MB, 4 MB goal, 0 MB stacks, 0 MB globals, 8 P
gc 2713 @12.580s 6%: 0.11+1.2+0.097 ms clock, 0.94+0.65/0.79/0+0.78 ms cpu, 3->4->1 MB, 4 MB goal, 0 MB stacks, 0 MB globals, 8 P
gc 2714 @12.584s 6%: 0.10+0.54+0.085 ms clock, 0.83+0.79/0.79/0+0.68 ms cpu, 3->3->1 MB, 4 MB goal, 0 MB stacks, 0 MB globals, 8 P
gc 2715 @12.587s 6%: 0.11+0.61+0.11 ms clock, 0.91+0.84/0.81/0+0.91 ms cpu, 3->3->1 MB, 4 MB goal, 0 MB stacks, 0 MB globals, 8 P
gc 2716 @12.590s 6%: 0.13+0.58+0.071 ms clock, 1.0+0.75/0.76/0+0.57 ms cpu, 3->3->1 MB, 4 MB goal, 0 MB stacks, 0 MB globals, 8 P
gc 2717 @12.593s 6%: 0.091+1.1+0.12 ms clock, 0.72+0.64/0.75/0+1.0 ms cpu, 3->3->1 MB, 4 MB goal, 0 MB stacks, 0 MB globals, 8 P
gc 2718 @12.597s 6%: 0.095+0.45+0.11 ms clock, 0.76+0.77/0.73/0+0.93 ms cpu, 3->3->1 MB, 4 MB goal, 0 MB stacks, 0 MB globals, 8 P
gc 2719 @12.600s 6%: 0.092+0.65+0.11 ms clock, 0.74+0.73/0.78/0+0.88 ms cpu, 3->3->1 MB, 4 MB goal, 0 MB stacks, 0 MB globals, 8 P
gc 2720 @12.603s 6%: 0.12+0.64+0.047 ms clock, 0.97+0.77/0.78/0+0.37 ms cpu, 3->3->1 MB, 4 MB goal, 0 MB stacks, 0 MB globals, 8 P
gc 2721 @12.606s 6%: 0.083+0.52+0.12 ms clock, 0.66+0.85/0.73/0+1.0 ms cpu, 3->3->1 MB, 4 MB goal, 0 MB stacks, 0 MB globals, 8 P
gc 2722 @12.609s 6%: 0.096+1.6+0.026 ms clock, 0.77+0.69/0.71/0+0.21 ms cpu, 3->4->1 MB, 4 MB goal, 0 MB stacks, 0 MB globals, 8 P
gc 2723 @12.613s 6%: 0.11+0.89+0.11 ms clock, 0.93+0.85/0.73/0+0.90 ms cpu, 3->4->1 MB, 4 MB goal, 0 MB stacks, 0 MB globals, 8 P
gc 2724 @12.616s 6%: 0.12+0.55+0.090 ms clock, 0.96+0.69/0.82/0+0.72 ms cpu, 3->3->1 MB, 4 MB goal, 0 MB stacks, 0 MB globals, 8 P
gc 2725 @12.619s 6%: 0.067+0.68+0.079 ms clock, 0.53+0.81/0.75/0+0.63 ms cpu, 3->3->1 MB, 4 MB goal, 0 MB stacks, 0 MB globals, 8 P
gc 2726 @12.622s 6%: 0.095+1.1+0.081 ms clock, 0.76+0.97/1.2/0+0.65 ms cpu, 3->3->1 MB, 4 MB goal, 0 MB stacks, 0 MB globals, 8 P
gc 2727 @12.625s 6%: 0.11+0.97+0.075 ms clock, 0.90+0.61/0.81/0+0.60 ms cpu, 3->3->1 MB, 4 MB goal, 0 MB stacks, 0 MB globals, 8 P
gc 2728 @12.629s 6%: 0.079+0.66+0.13 ms clock, 0.63+0.64/0.79/0+1.0 ms cpu, 3->3->1 MB, 4 MB goal, 0 MB stacks, 0 MB globals, 8 P
gc 2729 @12.632s 6%: 0.14+0.96+0.077 ms clock, 1.1+1.0/0.44/0+0.62 ms cpu, 3->3->1 MB, 4 MB goal, 0 MB stacks, 0 MB globals, 8 P
gc 2730 @12.635s 6%: 0.11+0.82+0.082 ms clock, 0.90+1.2/0.83/0+0.65 ms cpu, 3->3->1 MB, 4 MB goal, 0 MB stacks, 0 MB globals, 8 P
gc 2731 @12.638s 6%: 0.084+0.63+0.11 ms clock, 0.67+0.70/0.79/0+0.88 ms cpu, 3->3->1 MB, 4 MB goal, 0 MB stacks, 0 MB globals, 8 P
gc 2732 @12.641s 6%: 0.13+0.59+0.14 ms clock, 1.0+0.74/0.81/0+1.1 ms cpu, 3->3->1 MB, 4 MB goal, 0 MB stacks, 0 MB globals, 8 P
gc 2733 @12.644s 6%: 0.089+0.50+0.099 ms clock, 0.71+0.81/0.74/0+0.79 ms cpu, 3->3->1 MB, 4 MB goal, 0 MB stacks, 0 MB globals, 8 P
gc 2734 @12.647s 6%: 0.090+0.84+0.10 ms clock, 0.72+0.85/0.74/0+0.86 ms cpu, 3->3->1 MB, 4 MB goal, 0 MB stacks, 0 MB globals, 8 P
gc 2735 @12.651s 6%: 0.12+1.3+0.074 ms clock, 1.0+0.81/0.69/0+0.59 ms cpu, 3->4->1 MB, 4 MB goal, 0 MB stacks, 0 MB globals, 8 P
gc 2736 @12.654s 6%: 0.089+1.4+0.084 ms clock, 0.71+0.59/0.77/0+0.67 ms cpu, 3->4->1 MB, 4 MB goal, 0 MB stacks, 0 MB globals, 8 P
gc 2737 @12.658s 6%: 0.12+0.65+0.10 ms clock, 1.0+0.81/0.75/0+0.80 ms cpu, 3->3->1 MB, 4 MB goal, 0 MB stacks, 0 MB globals, 8 P
gc 2738 @12.661s 6%: 0.10+0.79+0.082 ms clock, 0.87+0.65/0.80/0+0.66 ms cpu, 3->3->1 MB, 4 MB goal, 0 MB stacks, 0 MB globals, 8 P
gc 2739 @12.664s 6%: 0.11+0.80+0.090 ms clock, 0.95+0.78/0.76/0+0.72 ms cpu, 3->3->1 MB, 4 MB goal, 0 MB stacks, 0 MB globals, 8 P
gc 2740 @12.667s 6%: 0.12+0.52+0.066 ms clock, 1.0+0.78/0.77/0+0.53 ms cpu, 3->3->1 MB, 4 MB goal, 0 MB stacks, 0 MB globals, 8 P
gc 2741 @12.670s 6%: 0.093+0.57+0.10 ms clock, 0.74+0.72/0.80/0+0.80 ms cpu, 3->3->1 MB, 4 MB goal, 0 MB stacks, 0 MB globals, 8 P
gc 2742 @12.673s 6%: 0.14+0.60+0.091 ms clock, 1.1+0.77/0.86/0+0.73 ms cpu, 3->3->1 MB, 4 MB goal, 0 MB stacks, 0 MB globals, 8 P
gc 2743 @12.676s 6%: 0.11+0.72+0.096 ms clock, 0.92+0.80/0.70/0+0.76 ms cpu, 3->3->1 MB, 4 MB goal, 0 MB stacks, 0 MB globals, 8 P
gc 2744 @12.680s 6%: 0.11+0.45+0.058 ms clock, 0.88+0.81/0.70/0+0.47 ms cpu, 3->3->1 MB, 4 MB goal, 0 MB stacks, 0 MB globals, 8 P
gc 2745 @12.683s 6%: 0.11+0.87+0.050 ms clock, 0.90+0.69/0.81/0+0.40 ms cpu, 3->3->1 MB, 4 MB goal, 0 MB stacks, 0 MB globals, 8 P
gc 2746 @12.686s 6%: 0.094+0.58+0.11 ms clock, 0.75+0.81/0.82/0+0.95 ms cpu, 3->3->1 MB, 4 MB goal, 0 MB stacks, 0 MB globals, 8 P
gc 2747 @12.689s 6%: 0.11+0.70+0.088 ms clock, 0.88+0.69/0.91/0+0.70 ms cpu, 3->3->1 MB, 4 MB goal, 0 MB stacks, 0 MB globals, 8 P
gc 2748 @12.692s 6%: 0.10+0.86+0.10 ms clock, 0.82+0.79/0.79/0+0.81 ms cpu, 3->3->1 MB, 4 MB goal, 0 MB stacks, 0 MB globals, 8 P
gc 2749 @12.695s 6%: 0.093+0.52+0.090 ms clock, 0.74+0.67/0.79/0+0.72 ms cpu, 3->3->1 MB, 4 MB goal, 0 MB stacks, 0 MB globals, 8 P
gc 2750 @12.698s 6%: 0.12+1.6+0.11 ms clock, 1.0+2.1/0.54/0+0.89 ms cpu, 3->4->2 MB, 4 MB goal, 0 MB stacks, 0 MB globals, 8 P
gc 2751 @12.702s 6%: 0.091+0.56+0.066 ms clock, 0.72+0.71/0.75/0+0.52 ms cpu, 3->4->1 MB, 4 MB goal, 0 MB stacks, 0 MB globals, 8 P
gc 2752 @12.705s 6%: 0.12+0.65+0.097 ms clock, 1.0+0.66/0.80/0+0.78 ms cpu, 3->3->1 MB, 4 MB goal, 0 MB stacks, 0 MB globals, 8 P
gc 2753 @12.709s 6%: 0.11+0.63+0.090 ms clock, 0.94+0.83/0.81/0+0.72 ms cpu, 3->3->1 MB, 4 MB goal, 0 MB stacks, 0 MB globals, 8 P
gc 2754 @12.712s 6%: 0.080+1.1+0.096 ms clock, 0.64+0.62/0.78/0+0.77 ms cpu, 3->3->1 MB, 4 MB goal, 0 MB stacks, 0 MB globals, 8 P
gc 2755 @12.715s 6%: 0.12+0.66+0.070 ms clock, 0.96+0.83/0.67/0+0.56 ms cpu, 3->3->1 MB, 4 MB goal, 0 MB stacks, 0 MB globals, 8 P
gc 2756 @12.718s 6%: 0.12+0.87+0.097 ms clock, 0.96+0.77/0.73/0+0.78 ms cpu, 3->3->1 MB, 4 MB goal, 0 MB stacks, 0 MB globals, 8 P
gc 2757 @12.721s 6%: 0.12+0.91+0.064 ms clock, 1.0+1.4/0.72/0+0.51 ms cpu, 3->3->1 MB, 4 MB goal, 0 MB stacks, 0 MB globals, 8 P
gc 2758 @12.724s 6%: 0.10+1.1+0.076 ms clock, 0.82+0.59/0.81/0+0.61 ms cpu, 3->4->1 MB, 4 MB goal, 0 MB stacks, 0 MB globals, 8 P
gc 2759 @12.728s 6%: 0.11+0.64+0.075 ms clock, 0.93+0.78/0.83/0+0.60 ms cpu, 3->3->1 MB, 4 MB goal, 0 MB stacks, 0 MB globals, 8 P
gc 2760 @12.731s 6%: 0.13+0.86+0.068 ms clock, 1.0+0.71/0.79/0+0.54 ms cpu, 3->3->1 MB, 4 MB goal, 0 MB stacks, 0 MB globals, 8 P
gc 2761 @12.734s 6%: 0.099+0.62+0.060 ms clock, 0.79+0.71/0.83/0+0.48 ms cpu, 3->3->1 MB, 4 MB goal, 0 MB stacks, 0 MB globals, 8 P
gc 2762 @12.737s 6%: 0.092+0.61+0.088 ms clock, 0.73+0.85/0.76/0+0.70 ms cpu, 3->3->1 MB, 4 MB goal, 0 MB stacks, 0 MB globals, 8 P
gc 2763 @12.740s 6%: 0.10+0.54+0.075 ms clock, 0.83+0.70/0.80/0+0.60 ms cpu, 3->3->1 MB, 4 MB goal, 0 MB stacks, 0 MB globals, 8 P
gc 2764 @12.743s 6%: 0.087+0.59+0.098 ms clock, 0.70+0.68/0.84/0+0.78 ms cpu, 3->3->1 MB, 4 MB goal, 0 MB stacks, 0 MB globals, 8 P
gc 2765 @12.746s 6%: 0.12+0.62+0.12 ms clock, 1.0+0.78/0.78/0+0.97 ms cpu, 3->3->1 MB, 4 MB goal, 0 MB stacks, 0 MB globals, 8 P
gc 2766 @12.749s 6%: 0.087+1.8+0.030 ms clock, 0.69+1.4/0.89/0+0.24 ms cpu, 3->4->2 MB, 4 MB goal, 0 MB stacks, 0 MB globals, 8 P
gc 2767 @12.754s 6%: 0.074+0.60+0.078 ms clock, 0.59+0.70/0.79/0+0.62 ms cpu, 3->4->1 MB, 4 MB goal, 0 MB stacks, 0 MB globals, 8 P
gc 2768 @12.757s 6%: 0.085+0.53+0.077 ms clock, 0.68+0.90/0.59/0.072+0.62 ms cpu, 3->3->1 MB, 4 MB goal, 0 MB stacks, 0 MB globals, 8 P
gc 2769 @12.760s 6%: 0.10+0.61+0.063 ms clock, 0.86+0.77/0.74/0+0.51 ms cpu, 3->3->1 MB, 4 MB goal, 0 MB stacks, 0 MB globals, 8 P
gc 2770 @12.763s 6%: 0.073+0.57+0.069 ms clock, 0.58+0.81/0.74/0+0.55 ms cpu, 3->3->1 MB, 4 MB goal, 0 MB stacks, 0 MB globals, 8 P
gc 2771 @12.766s 6%: 0.095+0.74+0.064 ms clock, 0.76+0.66/0.84/0+0.51 ms cpu, 3->3->1 MB, 4 MB goal, 0 MB stacks, 0 MB globals, 8 P
gc 2772 @12.769s 6%: 0.10+0.51+0.11 ms clock, 0.85+0.81/0.74/0+0.95 ms cpu, 3->3->1 MB, 4 MB goal, 0 MB stacks, 0 MB globals, 8 P
gc 2773 @12.772s 6%: 0.10+0.83+0.085 ms clock, 0.85+0.68/0.81/0+0.68 ms cpu, 3->3->1 MB, 4 MB goal, 0 MB stacks, 0 MB globals, 8 P
gc 2774 @12.775s 6%: 0.10+0.94+0.094 ms clock, 0.82+0.63/0.77/0+0.75 ms cpu, 3->3->1 MB, 4 MB goal, 0 MB stacks, 0 MB globals, 8 P
gc 2775 @12.778s 6%: 0.11+1.0+0.10 ms clock, 0.88+0.71/0.69/0+0.85 ms cpu, 3->4->1 MB, 4 MB goal, 0 MB stacks, 0 MB globals, 8 P
gc 2776 @12.782s 6%: 0.089+0.75+0.073 ms clock, 0.71+0.79/0.81/0+0.59 ms cpu, 3->3->1 MB, 4 MB goal, 0 MB stacks, 0 MB globals, 8 P
gc 2777 @12.785s 6%: 0.10+0.64+0.066 ms clock, 0.80+0.79/0.68/0+0.52 ms cpu, 3->3->1 MB, 4 MB goal, 0 MB stacks, 0 MB globals, 8 P
gc 2778 @12.788s 6%: 0.080+1.1+0.10 ms clock, 0.64+0.75/0.74/0+0.84 ms cpu, 3->3->1 MB, 4 MB goal, 0 MB stacks, 0 MB globals, 8 P
gc 2779 @12.791s 6%: 0.12+0.56+0.088 ms clock, 0.97+0.77/0.78/0+0.70 ms cpu, 3->3->1 MB, 4 MB goal, 0 MB stacks, 0 MB globals, 8 P
gc 2780 @12.794s 6%: 0.11+0.80+0.049 ms clock, 0.89+0.85/0.67/0+0.39 ms cpu, 3->3->1 MB, 4 MB goal, 0 MB stacks, 0 MB globals, 8 P
gc 2781 @12.798s 6%: 0.099+0.80+0.10 ms clock, 0.79+0.84/0.76/0+0.82 ms cpu, 3->3->1 MB, 4 MB goal, 0 MB stacks, 0 MB globals, 8 P
gc 2782 @12.801s 6%: 0.11+0.53+0.055 ms clock, 0.90+0.85/0.64/0+0.44 ms cpu, 3->3->1 MB, 4 MB goal, 0 MB stacks, 0 MB globals, 8 P
gc 2783 @12.804s 6%: 0.081+0.55+0.071 ms clock, 0.65+0.67/0.81/0+0.57 ms cpu, 3->3->1 MB, 4 MB goal, 0 MB stacks, 0 MB globals, 8 P
gc 2784 @12.807s 6%: 0.10+0.61+0.092 ms clock, 0.80+0.67/0.76/0+0.74 ms cpu, 3->3->1 MB, 4 MB goal, 0 MB stacks, 0 MB globals, 8 P
gc 2785 @12.810s 6%: 0.11+0.61+0.10 ms clock, 0.93+0.90/0.69/0+0.86 ms cpu, 3->3->1 MB, 4 MB goal, 0 MB stacks, 0 MB globals, 8 P
gc 2786 @12.813s 6%: 0.078+1.1+0.10 ms clock, 0.62+0.78/0.78/0+0.84 ms cpu, 3->3->1 MB, 4 MB goal, 0 MB stacks, 0 MB globals, 8 P
gc 2787 @12.816s 6%: 0.099+0.60+0.059 ms clock, 0.79+0.75/0.77/0+0.47 ms cpu, 3->3->1 MB, 4 MB goal, 0 MB stacks, 0 MB globals, 8 P
gc 2788 @12.819s 6%: 0.12+1.0+0.11 ms clock, 0.98+0.75/0.73/0+0.88 ms cpu, 3->3->1 MB, 4 MB goal, 0 MB stacks, 0 MB globals, 8 P
gc 2789 @12.823s 6%: 0.10+0.57+0.12 ms clock, 0.85+0.79/0.70/0+0.99 ms cpu, 3->3->1 MB, 4 MB goal, 0 MB stacks, 0 MB globals, 8 P
gc 2790 @12.826s 6%: 0.080+0.51+0.075 ms clock, 0.64+0.70/0.72/0+0.60 ms cpu, 3->3->1 MB, 4 MB goal, 0 MB stacks, 0 MB globals, 8 P
gc 2791 @12.829s 6%: 0.094+0.89+0.10 ms clock, 0.75+0.63/0.92/0+0.81 ms cpu, 3->3->1 MB, 4 MB goal, 0 MB stacks, 0 MB globals, 8 P
gc 2792 @12.832s 6%: 0.13+0.63+0.094 ms clock, 1.0+0.84/0.75/0+0.75 ms cpu, 3->3->1 MB, 4 MB goal, 0 MB stacks, 0 MB globals, 8 P
gc 2793 @12.835s 6%: 0.13+1.2+0.091 ms clock, 1.0+0.57/0.86/0+0.73 ms cpu, 3->3->1 MB, 4 MB goal, 0 MB stacks, 0 MB globals, 8 P
gc 2794 @12.838s 6%: 0.10+0.58+0.073 ms clock, 0.83+0.84/0.71/0+0.59 ms cpu, 3->3->1 MB, 4 MB goal, 0 MB stacks, 0 MB globals, 8 P
gc 2795 @12.841s 6%: 0.093+0.55+0.10 ms clock, 0.74+0.56/0.82/0+0.87 ms cpu, 3->3->1 MB, 4 MB goal, 0 MB stacks, 0 MB globals, 8 P
gc 2796 @12.844s 6%: 0.12+0.71+0.10 ms clock, 1.0+0.75/0.76/0+0.82 ms cpu, 3->3->1 MB, 4 MB goal, 0 MB stacks, 0 MB globals, 8 P
gc 2797 @12.848s 6%: 0.099+0.62+0.076 ms clock, 0.79+0.68/0.84/0+0.61 ms cpu, 3->3->1 MB, 4 MB goal, 0 MB stacks, 0 MB globals, 8 P
gc 2798 @12.851s 6%: 0.11+0.79+0.073 ms clock, 0.91+0.77/0.75/0+0.59 ms cpu, 3->3->1 MB, 4 MB goal, 0 MB stacks, 0 MB globals, 8 P
gc 2799 @12.854s 6%: 0.12+1.0+0.095 ms clock, 0.98+0.81/0.40/0+0.76 ms cpu, 3->3->1 MB, 4 MB goal, 0 MB stacks, 0 MB globals, 8 P
gc 2800 @12.857s 6%: 0.10+1.4+0.059 ms clock, 0.87+0.78/0.76/0+0.47 ms cpu, 3->4->2 MB, 4 MB goal, 0 MB stacks, 0 MB globals, 8 P
gc 2801 @12.861s 6%: 0.13+1.0+0.10 ms clock, 1.0+0.98/0.42/0+0.82 ms cpu, 3->4->1 MB, 4 MB goal, 0 MB stacks, 0 MB globals, 8 P
gc 2802 @12.864s 6%: 0.098+0.71+0.10 ms clock, 0.78+0.83/0.76/0+0.83 ms cpu, 3->3->1 MB, 4 MB goal, 0 MB stacks, 0 MB globals, 8 P
gc 2803 @12.867s 6%: 0.15+0.56+0.11 ms clock, 1.2+0.71/0.81/0+0.89 ms cpu, 3->3->1 MB, 4 MB goal, 0 MB stacks, 0 MB globals, 8 P
gc 2804 @12.870s 6%: 0.11+0.97+0.096 ms clock, 0.93+0.71/0.75/0+0.77 ms cpu, 3->3->1 MB, 4 MB goal, 0 MB stacks, 0 MB globals, 8 P
gc 2805 @12.874s 6%: 0.095+0.61+0.086 ms clock, 0.76+0.69/0.81/0+0.68 ms cpu, 3->3->1 MB, 4 MB goal, 0 MB stacks, 0 MB globals, 8 P
gc 2806 @12.877s 6%: 0.11+0.64+0.10 ms clock, 0.91+0.83/0.78/0+0.85 ms cpu, 3->3->1 MB, 4 MB goal, 0 MB stacks, 0 MB globals, 8 P
gc 2807 @12.880s 6%: 0.098+0.60+0.070 ms clock, 0.78+0.75/0.79/0+0.56 ms cpu, 3->3->1 MB, 4 MB goal, 0 MB stacks, 0 MB globals, 8 P
gc 2808 @12.883s 6%: 0.11+1.1+0.092 ms clock, 0.90+0.71/0.70/0+0.73 ms cpu, 3->3->1 MB, 4 MB goal, 0 MB stacks, 0 MB globals, 8 P
gc 2809 @12.886s 6%: 0.067+0.57+0.095 ms clock, 0.53+0.68/0.85/0+0.76 ms cpu, 3->3->1 MB, 4 MB goal, 0 MB stacks, 0 MB globals, 8 P
gc 2810 @12.889s 6%: 0.10+0.59+0.064 ms clock, 0.83+0.88/0.70/0+0.51 ms cpu, 3->3->1 MB, 4 MB goal, 0 MB stacks, 0 MB globals, 8 P
gc 2811 @12.892s 6%: 0.10+0.59+0.095 ms clock, 0.80+0.79/0.67/0+0.76 ms cpu, 3->3->1 MB, 4 MB goal, 0 MB stacks, 0 MB globals, 8 P
gc 2812 @12.895s 6%: 0.083+0.60+0.10 ms clock, 0.66+0.66/0.81/0+0.87 ms cpu, 3->3->1 MB, 4 MB goal, 0 MB stacks, 0 MB globals, 8 P
gc 2813 @12.898s 6%: 0.086+1.2+0.12 ms clock, 0.69+0.64/0.74/0+0.97 ms cpu, 3->4->1 MB, 4 MB goal, 0 MB stacks, 0 MB globals, 8 P
gc 2814 @12.902s 6%: 0.10+0.86+0.063 ms clock, 0.81+0.84/0.70/0+0.50 ms cpu, 3->4->1 MB, 4 MB goal, 0 MB stacks, 0 MB globals, 8 P
gc 2815 @12.905s 6%: 0.11+0.60+0.071 ms clock, 0.89+0.69/0.83/0+0.56 ms cpu, 3->3->1 MB, 4 MB goal, 0 MB stacks, 0 MB globals, 8 P
gc 2816 @12.908s 6%: 0.093+0.82+0.079 ms clock, 0.75+0.58/0.80/0+0.63 ms cpu, 3->3->1 MB, 4 MB goal, 0 MB stacks, 0 MB globals, 8 P
gc 2817 @12.912s 6%: 0.092+0.60+0.11 ms clock, 0.74+0.79/0.78/0+0.92 ms cpu, 3->3->1 MB, 4 MB goal, 0 MB stacks, 0 MB globals, 8 P
gc 2818 @12.915s 6%: 0.096+0.53+0.094 ms clock, 0.76+0.87/0.70/0+0.75 ms cpu, 3->3->1 MB, 4 MB goal, 0 MB stacks, 0 MB globals, 8 P
gc 2819 @12.918s 6%: 0.11+0.88+0.045 ms clock, 0.92+0.72/0.65/0+0.36 ms cpu, 3->3->1 MB, 4 MB goal, 0 MB stacks, 0 MB globals, 8 P
gc 2820 @12.921s 6%: 0.10+0.49+0.094 ms clock, 0.80+0.77/0.74/0+0.75 ms cpu, 3->3->1 MB, 4 MB goal, 0 MB stacks, 0 MB globals, 8 P
gc 2821 @12.924s 6%: 0.10+1.2+0.083 ms clock, 0.84+0.85/0.74/0+0.67 ms cpu, 3->4->1 MB, 4 MB goal, 0 MB stacks, 0 MB globals, 8 P
gc 2822 @12.928s 6%: 0.10+0.58+0.070 ms clock, 0.82+0.76/0.83/0+0.56 ms cpu, 3->3->1 MB, 4 MB goal, 0 MB stacks, 0 MB globals, 8 P
gc 2823 @12.931s 6%: 0.15+0.65+0.10 ms clock, 1.2+0.77/0.82/0+0.85 ms cpu, 3->3->1 MB, 4 MB goal, 0 MB stacks, 0 MB globals, 8 P
gc 2824 @12.934s 6%: 0.093+0.64+0.10 ms clock, 0.74+0.85/0.75/0+0.86 ms cpu, 3->3->1 MB, 4 MB goal, 0 MB stacks, 0 MB globals, 8 P
gc 2825 @12.937s 6%: 0.13+1.0+0.090 ms clock, 1.1+0.65/0.80/0+0.72 ms cpu, 3->3->1 MB, 4 MB goal, 0 MB stacks, 0 MB globals, 8 P
gc 2826 @12.940s 6%: 0.15+0.48+0.089 ms clock, 1.2+0.80/0.74/0+0.71 ms cpu, 3->3->1 MB, 4 MB goal, 0 MB stacks, 0 MB globals, 8 P
gc 2827 @12.943s 6%: 0.092+0.54+0.099 ms clock, 0.73+0.74/0.75/0+0.79 ms cpu, 3->3->1 MB, 4 MB goal, 0 MB stacks, 0 MB globals, 8 P
gc 2828 @12.946s 6%: 0.083+0.54+0.077 ms clock, 0.66+0.64/0.73/0+0.61 ms cpu, 3->3->1 MB, 4 MB goal, 0 MB stacks, 0 MB globals, 8 P
gc 2829 @12.949s 6%: 0.082+0.59+0.10 ms clock, 0.66+0.83/0.78/0+0.83 ms cpu, 3->3->1 MB, 4 MB goal, 0 MB stacks, 0 MB globals, 8 P
gc 2830 @12.952s 6%: 0.098+0.91+0.071 ms clock, 0.78+0.79/0.74/0+0.57 ms cpu, 3->3->1 MB, 4 MB goal, 0 MB stacks, 0 MB globals, 8 P
gc 2831 @12.955s 6%: 0.12+0.64+0.080 ms clock, 0.98+0.79/0.83/0+0.64 ms cpu, 3->3->1 MB, 4 MB goal, 0 MB stacks, 0 MB globals, 8 P
gc 2832 @12.958s 6%: 0.13+1.2+0.099 ms clock, 1.0+0.71/0.78/0+0.79 ms cpu, 3->3->1 MB, 4 MB goal, 0 MB stacks, 0 MB globals, 8 P
gc 2833 @12.962s 6%: 0.12+0.69+0.11 ms clock, 0.99+0.75/0.80/0+0.92 ms cpu, 3->3->1 MB, 4 MB goal, 0 MB stacks, 0 MB globals, 8 P
gc 2834 @12.965s 6%: 0.069+1.0+0.092 ms clock, 0.55+0.65/0.77/0+0.74 ms cpu, 3->3->1 MB, 4 MB goal, 0 MB stacks, 0 MB globals, 8 P
gc 2835 @12.968s 6%: 0.098+0.47+0.099 ms clock, 0.79+0.79/0.75/0+0.79 ms cpu, 3->3->1 MB, 4 MB goal, 0 MB stacks, 0 MB globals, 8 P
gc 2836 @12.971s 6%: 0.10+0.59+0.11 ms clock, 0.81+0.65/0.83/0+0.89 ms cpu, 3->3->1 MB, 4 MB goal, 0 MB stacks, 0 MB globals, 8 P
gc 2837 @12.974s 6%: 0.11+0.55+0.054 ms clock, 0.95+0.75/0.75/0+0.43 ms cpu, 3->3->1 MB, 4 MB goal, 0 MB stacks, 0 MB globals, 8 P
gc 2838 @12.977s 6%: 0.13+0.59+0.10 ms clock, 1.0+0.79/0.75/0+0.82 ms cpu, 3->3->1 MB, 4 MB goal, 0 MB stacks, 0 MB globals, 8 P
gc 2839 @12.980s 6%: 0.077+1.2+0.060 ms clock, 0.61+0.85/0.48/0+0.48 ms cpu, 3->3->1 MB, 4 MB goal, 0 MB stacks, 0 MB globals, 8 P
gc 2840 @12.984s 6%: 0.11+1.2+0.054 ms clock, 0.94+0.49/0.98/0+0.43 ms cpu, 3->4->1 MB, 4 MB goal, 0 MB stacks, 0 MB globals, 8 P
gc 2841 @12.987s 6%: 0.099+0.55+0.12 ms clock, 0.79+0.79/0.75/0+0.96 ms cpu, 3->3->1 MB, 4 MB goal, 0 MB stacks, 0 MB globals, 8 P
gc 2842 @12.990s 6%: 0.085+0.83+0.061 ms clock, 0.68+0.64/0.80/0+0.49 ms cpu, 3->3->1 MB, 4 MB goal, 0 MB stacks, 0 MB globals, 8 P
gc 2843 @12.993s 6%: 0.084+0.91+0.072 ms clock, 0.67+0.75/0.71/0+0.58 ms cpu, 3->3->1 MB, 4 MB goal, 0 MB stacks, 0 MB globals, 8 P
gc 2844 @12.997s 6%: 0.061+0.60+0.10 ms clock, 0.49+0.66/0.79/0+0.80 ms cpu, 3->3->1 MB, 4 MB goal, 0 MB stacks, 0 MB globals, 8 P
gc 2845 @13.000s 6%: 0.11+0.54+0.054 ms clock, 0.88+0.74/0.75/0+0.43 ms cpu, 3->3->1 MB, 4 MB goal, 0 MB stacks, 0 MB globals, 8 P
gc 2846 @13.003s 6%: 0.092+0.56+0.11 ms clock, 0.74+0.70/0.69/0+0.91 ms cpu, 3->3->1 MB, 4 MB goal, 0 MB stacks, 0 MB globals, 8 P
gc 2847 @13.006s 6%: 0.12+0.86+0.098 ms clock, 0.96+0.79/0.70/0+0.78 ms cpu, 3->3->1 MB, 4 MB goal, 0 MB stacks, 0 MB globals, 8 P
gc 2848 @13.009s 6%: 0.10+0.61+0.063 ms clock, 0.86+0.82/0.79/0+0.51 ms cpu, 3->3->1 MB, 4 MB goal, 0 MB stacks, 0 MB globals, 8 P
gc 2849 @13.012s 6%: 0.095+0.66+0.073 ms clock, 0.76+0.70/0.82/0+0.59 ms cpu, 3->3->1 MB, 4 MB goal, 0 MB stacks, 0 MB globals, 8 P
gc 2850 @13.015s 6%: 0.15+0.49+0.10 ms clock, 1.2+0.72/0.74/0+0.82 ms cpu, 3->3->1 MB, 4 MB goal, 0 MB stacks, 0 MB globals, 8 P
gc 2851 @13.018s 6%: 0.094+0.69+0.11 ms clock, 0.75+0.77/0.80/0+0.89 ms cpu, 3->3->1 MB, 4 MB goal, 0 MB stacks, 0 MB globals, 8 P
gc 2852 @13.021s 6%: 0.12+0.60+0.059 ms clock, 1.0+0.61/0.74/0+0.47 ms cpu, 3->3->1 MB, 4 MB goal, 0 MB stacks, 0 MB globals, 8 P
gc 2853 @13.024s 6%: 0.088+0.51+0.056 ms clock, 0.70+0.71/0.73/0+0.45 ms cpu, 3->3->1 MB, 4 MB goal, 0 MB stacks, 0 MB globals, 8 P
gc 2854 @13.027s 6%: 0.10+0.90+0.10 ms clock, 0.81+0.78/0.73/0+0.80 ms cpu, 3->3->1 MB, 4 MB goal, 0 MB stacks, 0 MB globals, 8 P
gc 2855 @13.031s 6%: 0.11+0.86+0.054 ms clock, 0.93+0.51/0.78/0+0.43 ms cpu, 3->3->1 MB, 4 MB goal, 0 MB stacks, 0 MB globals, 8 P
gc 2856 @13.034s 6%: 0.074+0.64+0.097 ms clock, 0.59+0.80/0.77/0+0.78 ms cpu, 3->3->1 MB, 4 MB goal, 0 MB stacks, 0 MB globals, 8 P
gc 2857 @13.037s 6%: 0.082+0.98+0.073 ms clock, 0.66+1.3/0.80/0+0.59 ms cpu, 3->3->1 MB, 4 MB goal, 0 MB stacks, 0 MB globals, 8 P
gc 2858 @13.040s 6%: 0.12+1.2+0.079 ms clock, 0.96+0.55/0.79/0+0.63 ms cpu, 3->4->1 MB, 4 MB goal, 0 MB stacks, 0 MB globals, 8 P
gc 2859 @13.044s 6%: 0.10+0.96+0.030 ms clock, 0.87+0.90/0.52/0+0.24 ms cpu, 3->3->1 MB, 4 MB goal, 0 MB stacks, 0 MB globals, 8 P
gc 2860 @13.047s 6%: 0.10+0.55+0.085 ms clock, 0.84+0.78/0.76/0+0.68 ms cpu, 3->3->1 MB, 4 MB goal, 0 MB stacks, 0 MB globals, 8 P
gc 2861 @13.050s 6%: 0.096+0.51+0.075 ms clock, 0.76+0.74/0.78/0+0.60 ms cpu, 3->3->1 MB, 4 MB goal, 0 MB stacks, 0 MB globals, 8 P
gc 2862 @13.053s 6%: 0.10+0.64+0.052 ms clock, 0.87+0.70/0.79/0+0.41 ms cpu, 3->3->1 MB, 4 MB goal, 0 MB stacks, 0 MB globals, 8 P
gc 2863 @13.056s 6%: 0.12+0.58+0.15 ms clock, 0.96+0.58/0.86/0+1.2 ms cpu, 3->3->1 MB, 4 MB goal, 0 MB stacks, 0 MB globals, 8 P
gc 2864 @13.059s 6%: 0.099+0.48+0.050 ms clock, 0.79+0.83/0.67/0+0.40 ms cpu, 3->3->1 MB, 4 MB goal, 0 MB stacks, 0 MB globals, 8 P
gc 2865 @13.062s 6%: 0.12+0.61+0.071 ms clock, 0.99+0.55/0.88/0+0.57 ms cpu, 3->3->1 MB, 4 MB goal, 0 MB stacks, 0 MB globals, 8 P
gc 2866 @13.065s 6%: 0.12+0.82+0.085 ms clock, 1.0+0.79/0.74/0+0.68 ms cpu, 3->3->1 MB, 4 MB goal, 0 MB stacks, 0 MB globals, 8 P
gc 2867 @13.068s 6%: 0.10+0.45+0.081 ms clock, 0.80+0.83/0.68/0+0.65 ms cpu, 3->3->1 MB, 4 MB goal, 0 MB stacks, 0 MB globals, 8 P
gc 2868 @13.071s 6%: 0.10+0.56+0.090 ms clock, 0.85+0.77/0.81/0+0.72 ms cpu, 3->3->1 MB, 4 MB goal, 0 MB stacks, 0 MB globals, 8 P
gc 2869 @13.074s 6%: 0.090+2.1+0.10 ms clock, 0.72+0.83/0.73/0+0.82 ms cpu, 3->4->1 MB, 4 MB goal, 0 MB stacks, 0 MB globals, 8 P
gc 2870 @13.078s 6%: 0.099+0.61+0.091 ms clock, 0.79+0.75/0.85/0+0.73 ms cpu, 3->3->1 MB, 4 MB goal, 0 MB stacks, 0 MB globals, 8 P
gc 2871 @13.081s 6%: 0.11+0.61+0.073 ms clock, 0.88+0.83/0.79/0+0.58 ms cpu, 3->3->1 MB, 4 MB goal, 0 MB stacks, 0 MB globals, 8 P
gc 2872 @13.084s 6%: 0.12+0.91+0.076 ms clock, 0.97+0.60/0.84/0+0.60 ms cpu, 3->3->1 MB, 4 MB goal, 0 MB stacks, 0 MB globals, 8 P
gc 2873 @13.087s 6%: 0.086+0.75+0.068 ms clock, 0.68+1.2/0.80/0+0.55 ms cpu, 3->3->1 MB, 4 MB goal, 0 MB stacks, 0 MB globals, 8 P
gc 2874 @13.090s 6%: 0.13+0.85+0.048 ms clock, 1.1+0.78/0.67/0+0.38 ms cpu, 3->3->1 MB, 4 MB goal, 0 MB stacks, 0 MB globals, 8 P
gc 2875 @13.094s 6%: 0.10+0.54+0.095 ms clock, 0.87+0.79/0.69/0+0.76 ms cpu, 3->3->1 MB, 4 MB goal, 0 MB stacks, 0 MB globals, 8 P
gc 2876 @13.097s 6%: 0.11+0.58+0.086 ms clock, 0.90+0.80/0.77/0+0.69 ms cpu, 3->3->1 MB, 4 MB goal, 0 MB stacks, 0 MB globals, 8 P
gc 2877 @13.100s 6%: 0.12+0.55+0.083 ms clock, 0.96+0.82/0.77/0+0.67 ms cpu, 3->3->1 MB, 4 MB goal, 0 MB stacks, 0 MB globals, 8 P
gc 2878 @13.103s 6%: 0.090+0.52+0.061 ms clock, 0.72+0.81/0.68/0+0.49 ms cpu, 3->3->1 MB, 4 MB goal, 0 MB stacks, 0 MB globals, 8 P
gc 2879 @13.106s 6%: 0.11+0.98+0.036 ms clock, 0.92+0.71/0.73/0+0.29 ms cpu, 3->3->1 MB, 4 MB goal, 0 MB stacks, 0 MB globals, 8 P
gc 2880 @13.109s 6%: 0.12+0.52+0.062 ms clock, 1.0+0.83/0.71/0+0.50 ms cpu, 3->3->1 MB, 4 MB goal, 0 MB stacks, 0 MB globals, 8 P
gc 2881 @13.112s 6%: 0.11+0.64+0.11 ms clock, 0.92+0.68/0.82/0+0.91 ms cpu, 3->3->1 MB, 4 MB goal, 0 MB stacks, 0 MB globals, 8 P
gc 2882 @13.115s 6%: 0.14+0.91+0.095 ms clock, 1.1+0.86/0.77/0+0.76 ms cpu, 3->3->1 MB, 4 MB goal, 0 MB stacks, 0 MB globals, 8 P
gc 2883 @13.118s 6%: 0.097+0.54+0.058 ms clock, 0.77+0.73/0.74/0+0.46 ms cpu, 3->3->1 MB, 4 MB goal, 0 MB stacks, 0 MB globals, 8 P
gc 2884 @13.122s 6%: 0.11+0.83+0.073 ms clock, 0.90+0.69/0.73/0+0.58 ms cpu, 3->3->1 MB, 4 MB goal, 0 MB stacks, 0 MB globals, 8 P
gc 2885 @13.125s 6%: 0.10+0.59+0.089 ms clock, 0.83+0.74/0.76/0+0.71 ms cpu, 3->3->1 MB, 4 MB goal, 0 MB stacks, 0 MB globals, 8 P
gc 2886 @13.128s 6%: 0.079+0.50+0.11 ms clock, 0.63+0.83/0.68/0+0.90 ms cpu, 3->3->1 MB, 4 MB goal, 0 MB stacks, 0 MB globals, 8 P
gc 2887 @13.131s 6%: 0.10+0.66+0.072 ms clock, 0.85+0.83/0.68/0+0.58 ms cpu, 3->3->1 MB, 4 MB goal, 0 MB stacks, 0 MB globals, 8 P
gc 2888 @13.134s 6%: 0.11+0.75+0.10 ms clock, 0.91+0.69/0.79/0+0.84 ms cpu, 3->3->1 MB, 4 MB goal, 0 MB stacks, 0 MB globals, 8 P
gc 2889 @13.137s 6%: 0.10+0.67+0.099 ms clock, 0.86+0.83/0.80/0+0.79 ms cpu, 3->3->1 MB, 4 MB goal, 0 MB stacks, 0 MB globals, 8 P
gc 2890 @13.140s 6%: 0.098+0.91+0.097 ms clock, 0.79+0.85/0.76/0+0.78 ms cpu, 3->3->1 MB, 4 MB goal, 0 MB stacks, 0 MB globals, 8 P
gc 2891 @13.143s 6%: 0.15+0.58+0.10 ms clock, 1.2+0.72/0.76/0+0.81 ms cpu, 3->3->1 MB, 4 MB goal, 0 MB stacks, 0 MB globals, 8 P
gc 2892 @13.146s 6%: 0.14+0.69+0.068 ms clock, 1.1+0.58/0.88/0+0.54 ms cpu, 3->3->1 MB, 4 MB goal, 0 MB stacks, 0 MB globals, 8 P
gc 2893 @13.149s 6%: 0.10+0.78+0.11 ms clock, 0.86+0.79/0.69/0+0.94 ms cpu, 3->3->1 MB, 4 MB goal, 0 MB stacks, 0 MB globals, 8 P
gc 2894 @13.153s 6%: 0.11+0.62+0.076 ms clock, 0.95+0.72/0.89/0+0.61 ms cpu, 3->3->1 MB, 4 MB goal, 0 MB stacks, 0 MB globals, 8 P
gc 2895 @13.156s 6%: 0.099+1.3+0.095 ms clock, 0.79+0.58/0.82/0+0.76 ms cpu, 3->4->1 MB, 4 MB goal, 0 MB stacks, 0 MB globals, 8 P
gc 2896 @13.159s 6%: 0.11+0.62+0.077 ms clock, 0.92+0.82/0.73/0+0.62 ms cpu, 3->3->1 MB, 4 MB goal, 0 MB stacks, 0 MB globals, 8 P
gc 2897 @13.163s 6%: 0.098+0.57+0.10 ms clock, 0.79+0.83/0.74/0+0.85 ms cpu, 3->3->1 MB, 4 MB goal, 0 MB stacks, 0 MB globals, 8 P
gc 2898 @13.166s 6%: 0.096+0.92+0.093 ms clock, 0.77+0.92/0.66/0+0.74 ms cpu, 3->3->1 MB, 4 MB goal, 0 MB stacks, 0 MB globals, 8 P
gc 2899 @13.169s 6%: 0.12+0.62+0.095 ms clock, 1.0+0.71/0.85/0+0.76 ms cpu, 3->3->1 MB, 4 MB goal, 0 MB stacks, 0 MB globals, 8 P
gc 2900 @13.172s 6%: 0.080+1.0+0.10 ms clock, 0.64+0.83/0.69/0+0.82 ms cpu, 3->3->1 MB, 4 MB goal, 0 MB stacks, 0 MB globals, 8 P
gc 2901 @13.175s 6%: 0.11+1.0+0.047 ms clock, 0.90+0.78/0.72/0+0.37 ms cpu, 3->3->1 MB, 4 MB goal, 0 MB stacks, 0 MB globals, 8 P
gc 2902 @13.178s 6%: 0.13+0.65+0.087 ms clock, 1.0+0.76/0.78/0+0.69 ms cpu, 3->3->1 MB, 4 MB goal, 0 MB stacks, 0 MB globals, 8 P
gc 2903 @13.181s 6%: 0.11+0.57+0.084 ms clock, 0.93+0.73/0.76/0+0.67 ms cpu, 3->3->1 MB, 4 MB goal, 0 MB stacks, 0 MB globals, 8 P
gc 2904 @13.184s 6%: 0.084+1.0+0.12 ms clock, 0.67+0.85/0.77/0+0.99 ms cpu, 3->3->1 MB, 4 MB goal, 0 MB stacks, 0 MB globals, 8 P
gc 2905 @13.188s 6%: 0.15+1.0+0.052 ms clock, 1.2+1.4/0.82/0+0.41 ms cpu, 3->3->1 MB, 4 MB goal, 0 MB stacks, 0 MB globals, 8 P
gc 2906 @13.191s 6%: 0.11+0.63+0.088 ms clock, 0.90+0.62/0.87/0+0.70 ms cpu, 3->3->1 MB, 4 MB goal, 0 MB stacks, 0 MB globals, 8 P
gc 2907 @13.194s 6%: 0.090+0.70+0.057 ms clock, 0.72+0.76/0.73/0+0.45 ms cpu, 3->3->1 MB, 4 MB goal, 0 MB stacks, 0 MB globals, 8 P
gc 2908 @13.197s 6%: 0.14+0.72+0.097 ms clock, 1.1+0.76/0.70/0+0.78 ms cpu, 3->3->1 MB, 4 MB goal, 0 MB stacks, 0 MB globals, 8 P
gc 2909 @13.200s 6%: 0.11+0.58+0.10 ms clock, 0.88+0.80/0.80/0+0.87 ms cpu, 3->3->1 MB, 4 MB goal, 0 MB stacks, 0 MB globals, 8 P
gc 2910 @13.203s 6%: 0.093+0.59+0.095 ms clock, 0.74+0.75/0.78/0+0.76 ms cpu, 3->3->1 MB, 4 MB goal, 0 MB stacks, 0 MB globals, 8 P
gc 2911 @13.207s 6%: 0.092+1.0+0.050 ms clock, 0.74+0.85/0.73/0+0.40 ms cpu, 3->3->1 MB, 4 MB goal, 0 MB stacks, 0 MB globals, 8 P
gc 2912 @13.210s 6%: 0.10+0.53+0.061 ms clock, 0.86+0.87/0.64/0+0.49 ms cpu, 3->3->1 MB, 4 MB goal, 0 MB stacks, 0 MB globals, 8 P
gc 2913 @13.213s 6%: 0.10+0.61+0.10 ms clock, 0.80+0.85/0.80/0+0.86 ms cpu, 3->3->1 MB, 4 MB goal, 0 MB stacks, 0 MB globals, 8 P
gc 2914 @13.216s 6%: 0.11+1.0+0.10 ms clock, 0.89+0.77/0.68/0+0.85 ms cpu, 3->3->1 MB, 4 MB goal, 0 MB stacks, 0 MB globals, 8 P
gc 2915 @13.219s 6%: 0.12+0.59+0.083 ms clock, 0.96+0.71/0.84/0+0.66 ms cpu, 3->3->1 MB, 4 MB goal, 0 MB stacks, 0 MB globals, 8 P
gc 2916 @13.222s 6%: 0.12+0.76+0.090 ms clock, 1.0+0.62/0.89/0+0.72 ms cpu, 3->3->1 MB, 4 MB goal, 0 MB stacks, 0 MB globals, 8 P
gc 2917 @13.226s 6%: 0.13+0.56+0.10 ms clock, 1.0+0.66/0.86/0+0.81 ms cpu, 3->3->1 MB, 4 MB goal, 0 MB stacks, 0 MB globals, 8 P
gc 2918 @13.229s 6%: 0.094+0.59+0.087 ms clock, 0.75+0.49/0.86/0+0.69 ms cpu, 3->3->1 MB, 4 MB goal, 0 MB stacks, 0 MB globals, 8 P
gc 2919 @13.232s 6%: 0.11+0.77+0.095 ms clock, 0.92+0.84/0.67/0+0.76 ms cpu, 3->3->1 MB, 4 MB goal, 0 MB stacks, 0 MB globals, 8 P
gc 2920 @13.235s 6%: 0.098+1.1+0.079 ms clock, 0.78+0.81/0.81/0+0.63 ms cpu, 3->3->1 MB, 4 MB goal, 0 MB stacks, 0 MB globals, 8 P
gc 2921 @13.238s 6%: 0.11+0.56+0.085 ms clock, 0.92+0.81/0.78/0+0.68 ms cpu, 3->3->1 MB, 4 MB goal, 0 MB stacks, 0 MB globals, 8 P
gc 2922 @13.241s 6%: 0.12+0.66+0.082 ms clock, 1.0+0.89/0.67/0+0.65 ms cpu, 3->3->1 MB, 4 MB goal, 0 MB stacks, 0 MB globals, 8 P
gc 2923 @13.244s 6%: 0.096+1.0+0.071 ms clock, 0.77+0.84/0.75/0+0.57 ms cpu, 3->3->1 MB, 4 MB goal, 0 MB stacks, 0 MB globals, 8 P
gc 2924 @13.247s 6%: 0.10+0.54+0.051 ms clock, 0.87+0.74/0.77/0+0.40 ms cpu, 3->3->1 MB, 4 MB goal, 0 MB stacks, 0 MB globals, 8 P
gc 2925 @13.250s 6%: 0.10+1.0+0.097 ms clock, 0.80+0.70/0.71/0+0.77 ms cpu, 3->3->1 MB, 4 MB goal, 0 MB stacks, 0 MB globals, 8 P
gc 2926 @13.254s 6%: 0.10+0.97+0.062 ms clock, 0.84+0.78/0.69/0+0.50 ms cpu, 3->3->1 MB, 4 MB goal, 0 MB stacks, 0 MB globals, 8 P
gc 2927 @13.257s 6%: 0.11+0.69+0.10 ms clock, 0.91+0.81/0.86/0+0.84 ms cpu, 3->3->1 MB, 4 MB goal, 0 MB stacks, 0 MB globals, 8 P
gc 2928 @13.260s 6%: 0.088+0.56+0.059 ms clock, 0.70+0.82/0.73/0+0.47 ms cpu, 3->3->1 MB, 4 MB goal, 0 MB stacks, 0 MB globals, 8 P
gc 2929 @13.263s 6%: 0.10+0.52+0.047 ms clock, 0.80+0.71/0.76/0+0.38 ms cpu, 3->3->1 MB, 4 MB goal, 0 MB stacks, 0 MB globals, 8 P
gc 2930 @13.266s 6%: 0.092+0.59+0.067 ms clock, 0.73+0.68/0.80/0+0.54 ms cpu, 3->3->1 MB, 4 MB goal, 0 MB stacks, 0 MB globals, 8 P
gc 2931 @13.269s 6%: 0.10+0.52+0.053 ms clock, 0.87+0.89/0.76/0+0.42 ms cpu, 3->3->1 MB, 4 MB goal, 0 MB stacks, 0 MB globals, 8 P
gc 2932 @13.272s 6%: 0.096+0.60+0.064 ms clock, 0.77+0.64/0.73/0+0.51 ms cpu, 3->3->1 MB, 4 MB goal, 0 MB stacks, 0 MB globals, 8 P
gc 2933 @13.275s 6%: 0.095+0.56+0.071 ms clock, 0.76+0.76/0.79/0+0.57 ms cpu, 3->3->1 MB, 4 MB goal, 0 MB stacks, 0 MB globals, 8 P
gc 2934 @13.278s 6%: 0.13+0.86+0.11 ms clock, 1.0+0.66/0.83/0+0.89 ms cpu, 3->3->1 MB, 4 MB goal, 0 MB stacks, 0 MB globals, 8 P
gc 2935 @13.282s 6%: 0.12+0.55+0.091 ms clock, 1.0+0.58/0.77/0+0.73 ms cpu, 3->3->1 MB, 4 MB goal, 0 MB stacks, 0 MB globals, 8 P
gc 2936 @13.285s 6%: 0.12+0.58+0.11 ms clock, 1.0+0.71/0.73/0+0.92 ms cpu, 3->3->1 MB, 4 MB goal, 0 MB stacks, 0 MB globals, 8 P
gc 2937 @13.288s 6%: 0.13+0.57+0.095 ms clock, 1.0+0.78/0.76/0+0.76 ms cpu, 3->3->1 MB, 4 MB goal, 0 MB stacks, 0 MB globals, 8 P
gc 2938 @13.291s 6%: 0.092+0.63+0.10 ms clock, 0.73+0.80/0.86/0+0.85 ms cpu, 3->3->1 MB, 4 MB goal, 0 MB stacks, 0 MB globals, 8 P
gc 2939 @13.294s 6%: 0.099+0.66+0.083 ms clock, 0.79+0.77/0.79/0+0.66 ms cpu, 3->3->1 MB, 4 MB goal, 0 MB stacks, 0 MB globals, 8 P
gc 2940 @13.297s 6%: 0.13+1.0+0.10 ms clock, 1.0+0.86/0.72/0+0.85 ms cpu, 3->4->1 MB, 4 MB goal, 0 MB stacks, 0 MB globals, 8 P
gc 2941 @13.300s 6%: 0.11+0.74+0.14 ms clock, 0.94+0.64/0.83/0+1.1 ms cpu, 3->3->1 MB, 4 MB goal, 0 MB stacks, 0 MB globals, 8 P
gc 2942 @13.304s 6%: 0.071+0.52+0.051 ms clock, 0.57+0.66/0.73/0+0.41 ms cpu, 3->3->1 MB, 4 MB goal, 0 MB stacks, 0 MB globals, 8 P
gc 2943 @13.307s 6%: 0.078+0.54+0.10 ms clock, 0.63+0.74/0.81/0+0.83 ms cpu, 3->3->1 MB, 4 MB goal, 0 MB stacks, 0 MB globals, 8 P
gc 2944 @13.310s 6%: 0.10+1.2+0.088 ms clock, 0.86+0.61/0.90/0+0.71 ms cpu, 3->4->1 MB, 4 MB goal, 0 MB stacks, 0 MB globals, 8 P
gc 2945 @13.313s 6%: 0.095+0.85+0.10 ms clock, 0.76+0.65/0.77/0+0.87 ms cpu, 3->4->1 MB, 4 MB goal, 0 MB stacks, 0 MB globals, 8 P
gc 2946 @13.317s 6%: 0.078+0.54+0.080 ms clock, 0.62+0.86/0.74/0+0.64 ms cpu, 3->3->1 MB, 4 MB goal, 0 MB stacks, 0 MB globals, 8 P
gc 2947 @13.320s 6%: 0.092+0.74+0.092 ms clock, 0.73+0.57/0.81/0+0.74 ms cpu, 3->3->1 MB, 4 MB goal, 0 MB stacks, 0 MB globals, 8 P
gc 2948 @13.323s 6%: 0.10+0.66+0.10 ms clock, 0.85+0.66/0.79/0+0.83 ms cpu, 3->3->1 MB, 4 MB goal, 0 MB stacks, 0 MB globals, 8 P
gc 2949 @13.326s 6%: 0.086+0.59+0.099 ms clock, 0.69+0.76/0.78/0+0.79 ms cpu, 3->3->1 MB, 4 MB goal, 0 MB stacks, 0 MB globals, 8 P
gc 2950 @13.329s 6%: 0.13+0.87+0.097 ms clock, 1.0+0.70/0.74/0+0.78 ms cpu, 3->3->1 MB, 4 MB goal, 0 MB stacks, 0 MB globals, 8 P
gc 2951 @13.332s 6%: 0.13+0.54+0.10 ms clock, 1.0+0.82/0.69/0+0.84 ms cpu, 3->3->1 MB, 4 MB goal, 0 MB stacks, 0 MB globals, 8 P
gc 2952 @13.335s 6%: 0.10+0.65+0.10 ms clock, 0.80+0.59/0.80/0+0.81 ms cpu, 3->3->1 MB, 4 MB goal, 0 MB stacks, 0 MB globals, 8 P
gc 2953 @13.338s 6%: 0.10+0.56+0.12 ms clock, 0.82+0.90/0.68/0+1.0 ms cpu, 3->3->1 MB, 4 MB goal, 0 MB stacks, 0 MB globals, 8 P
gc 2954 @13.341s 6%: 0.11+0.61+0.099 ms clock, 0.88+0.75/0.81/0+0.79 ms cpu, 3->3->1 MB, 4 MB goal, 0 MB stacks, 0 MB globals, 8 P
gc 2955 @13.344s 6%: 0.097+0.85+0.087 ms clock, 0.78+0.77/0.84/0+0.70 ms cpu, 3->3->1 MB, 4 MB goal, 0 MB stacks, 0 MB globals, 8 P
gc 2956 @13.348s 6%: 0.10+0.68+0.087 ms clock, 0.87+0.72/0.85/0+0.70 ms cpu, 3->3->1 MB, 4 MB goal, 0 MB stacks, 0 MB globals, 8 P
gc 2957 @13.351s 6%: 0.098+0.67+0.075 ms clock, 0.78+0.72/0.79/0+0.60 ms cpu, 3->3->1 MB, 4 MB goal, 0 MB stacks, 0 MB globals, 8 P
gc 2958 @13.354s 6%: 0.079+0.54+0.12 ms clock, 0.63+0.82/0.77/0+0.98 ms cpu, 3->3->1 MB, 4 MB goal, 0 MB stacks, 0 MB globals, 8 P
gc 2959 @13.357s 6%: 0.14+0.98+0.067 ms clock, 1.1+0.81/0.72/0+0.54 ms cpu, 3->3->1 MB, 4 MB goal, 0 MB stacks, 0 MB globals, 8 P
gc 2960 @13.360s 6%: 0.10+0.94+0.11 ms clock, 0.86+0.79/0.78/0+0.92 ms cpu, 3->3->1 MB, 4 MB goal, 0 MB stacks, 0 MB globals, 8 P
gc 2961 @13.363s 6%: 0.11+0.53+0.046 ms clock, 0.95+0.79/0.76/0+0.37 ms cpu, 3->3->1 MB, 4 MB goal, 0 MB stacks, 0 MB globals, 8 P
gc 2962 @13.366s 6%: 0.11+0.58+0.050 ms clock, 0.91+0.82/0.74/0+0.40 ms cpu, 3->3->1 MB, 4 MB goal, 0 MB stacks, 0 MB globals, 8 P
gc 2963 @13.369s 6%: 0.086+0.65+0.11 ms clock, 0.69+0.63/0.81/0+0.94 ms cpu, 3->3->1 MB, 4 MB goal, 0 MB stacks, 0 MB globals, 8 P
gc 2964 @13.372s 6%: 0.12+0.57+0.094 ms clock, 1.0+0.73/0.69/0+0.75 ms cpu, 3->3->1 MB, 4 MB goal, 0 MB stacks, 0 MB globals, 8 P
gc 2965 @13.375s 6%: 0.099+0.58+0.12 ms clock, 0.79+0.79/0.76/0+0.98 ms cpu, 3->3->1 MB, 4 MB goal, 0 MB stacks, 0 MB globals, 8 P
gc 2966 @13.378s 6%: 0.10+0.60+0.075 ms clock, 0.82+0.80/0.82/0+0.60 ms cpu, 3->3->1 MB, 4 MB goal, 0 MB stacks, 0 MB globals, 8 P
gc 2967 @13.381s 6%: 0.10+0.44+0.053 ms clock, 0.83+0.87/0.65/0+0.42 ms cpu, 3->3->1 MB, 4 MB goal, 0 MB stacks, 0 MB globals, 8 P
gc 2968 @13.384s 6%: 0.13+0.99+0.043 ms clock, 1.0+0.75/0.73/0+0.34 ms cpu, 3->3->1 MB, 4 MB goal, 0 MB stacks, 0 MB globals, 8 P
gc 2969 @13.388s 6%: 0.088+0.59+0.10 ms clock, 0.70+0.79/0.70/0+0.81 ms cpu, 3->3->1 MB, 4 MB goal, 0 MB stacks, 0 MB globals, 8 P
gc 2970 @13.391s 6%: 0.073+0.98+0.084 ms clock, 0.58+0.88/0.69/0+0.67 ms cpu, 3->3->1 MB, 4 MB goal, 0 MB stacks, 0 MB globals, 8 P
gc 2971 @13.394s 6%: 0.10+0.55+0.099 ms clock, 0.82+0.75/0.77/0+0.79 ms cpu, 3->3->1 MB, 4 MB goal, 0 MB stacks, 0 MB globals, 8 P
gc 2972 @13.397s 6%: 0.14+1.1+0.092 ms clock, 1.1+0.55/0.90/0+0.73 ms cpu, 3->3->1 MB, 4 MB goal, 0 MB stacks, 0 MB globals, 8 P
gc 2973 @13.400s 6%: 0.10+0.57+0.10 ms clock, 0.80+0.81/0.73/0+0.83 ms cpu, 3->3->1 MB, 4 MB goal, 0 MB stacks, 0 MB globals, 8 P
gc 2974 @13.403s 6%: 0.092+0.93+0.077 ms clock, 0.73+0.81/0.69/0+0.61 ms cpu, 3->3->1 MB, 4 MB goal, 0 MB stacks, 0 MB globals, 8 P
gc 2975 @13.406s 6%: 0.099+0.64+0.062 ms clock, 0.79+0.74/0.78/0+0.49 ms cpu, 3->3->1 MB, 4 MB goal, 0 MB stacks, 0 MB globals, 8 P
gc 2976 @13.410s 6%: 0.096+0.51+0.056 ms clock, 0.77+0.78/0.77/0+0.45 ms cpu, 3->3->1 MB, 4 MB goal, 0 MB stacks, 0 MB globals, 8 P
gc 2977 @13.413s 6%: 0.11+0.52+0.054 ms clock, 0.88+0.84/0.64/0+0.43 ms cpu, 3->3->1 MB, 4 MB goal, 0 MB stacks, 0 MB globals, 8 P
gc 2978 @13.416s 6%: 0.12+0.57+0.071 ms clock, 0.97+0.65/0.78/0+0.57 ms cpu, 3->3->1 MB, 4 MB goal, 0 MB stacks, 0 MB globals, 8 P
gc 2979 @13.419s 6%: 0.079+0.65+0.052 ms clock, 0.63+0.86/0.71/0+0.42 ms cpu, 3->3->1 MB, 4 MB goal, 0 MB stacks, 0 MB globals, 8 P
gc 2980 @13.422s 6%: 0.13+0.64+0.13 ms clock, 1.0+0.78/0.83/0+1.0 ms cpu, 3->3->1 MB, 4 MB goal, 0 MB stacks, 0 MB globals, 8 P
gc 2981 @13.425s 6%: 0.11+0.65+0.10 ms clock, 0.88+0.54/0.92/0+0.83 ms cpu, 3->3->1 MB, 4 MB goal, 0 MB stacks, 0 MB globals, 8 P
gc 2982 @13.428s 6%: 0.10+0.60+0.11 ms clock, 0.85+0.88/0.72/0+0.92 ms cpu, 3->3->1 MB, 4 MB goal, 0 MB stacks, 0 MB globals, 8 P
gc 2983 @13.431s 6%: 0.13+1.3+0.080 ms clock, 1.0+0.84/0.73/0+0.64 ms cpu, 3->4->1 MB, 4 MB goal, 0 MB stacks, 0 MB globals, 8 P
gc 2984 @13.435s 6%: 0.083+1.1+0.061 ms clock, 0.66+1.3/0.81/0+0.49 ms cpu, 3->4->1 MB, 4 MB goal, 0 MB stacks, 0 MB globals, 8 P
gc 2985 @13.438s 6%: 0.074+0.95+0.10 ms clock, 0.59+0.73/0.81/0+0.80 ms cpu, 3->3->1 MB, 4 MB goal, 0 MB stacks, 0 MB globals, 8 P
gc 2986 @13.441s 6%: 0.086+0.94+0.073 ms clock, 0.69+0.61/0.84/0+0.58 ms cpu, 3->3->1 MB, 4 MB goal, 0 MB stacks, 0 MB globals, 8 P
gc 2987 @13.444s 6%: 0.075+0.93+0.077 ms clock, 0.60+0.75/0.76/0+0.61 ms cpu, 3->3->1 MB, 4 MB goal, 0 MB stacks, 0 MB globals, 8 P
gc 2988 @13.448s 6%: 0.080+0.57+0.11 ms clock, 0.64+0.77/0.77/0+0.89 ms cpu, 3->3->1 MB, 4 MB goal, 0 MB stacks, 0 MB globals, 8 P
gc 2989 @13.451s 6%: 0.11+0.58+0.072 ms clock, 0.95+0.86/0.78/0+0.58 ms cpu, 3->3->1 MB, 4 MB goal, 0 MB stacks, 0 MB globals, 8 P
gc 2990 @13.454s 6%: 0.089+0.95+0.069 ms clock, 0.71+0.70/0.77/0+0.55 ms cpu, 3->3->1 MB, 4 MB goal, 0 MB stacks, 0 MB globals, 8 P
gc 2991 @13.457s 6%: 0.15+0.62+0.099 ms clock, 1.2+0.77/0.88/0+0.79 ms cpu, 3->3->1 MB, 4 MB goal, 0 MB stacks, 0 MB globals, 8 P
gc 2992 @13.460s 6%: 0.12+0.62+0.093 ms clock, 0.97+0.77/0.72/0+0.75 ms cpu, 3->3->1 MB, 4 MB goal, 0 MB stacks, 0 MB globals, 8 P
gc 2993 @13.463s 6%: 0.094+1.0+0.049 ms clock, 0.75+0.84/0.85/0+0.39 ms cpu, 3->3->1 MB, 4 MB goal, 0 MB stacks, 0 MB globals, 8 P
gc 2994 @13.466s 6%: 0.11+0.57+0.12 ms clock, 0.94+0.91/0.67/0+0.98 ms cpu, 3->3->1 MB, 4 MB goal, 0 MB stacks, 0 MB globals, 8 P
gc 2995 @13.469s 6%: 0.15+0.87+0.072 ms clock, 1.2+0.60/0.76/0+0.58 ms cpu, 3->3->1 MB, 4 MB goal, 0 MB stacks, 0 MB globals, 8 P
gc 2996 @13.473s 6%: 0.15+0.70+0.10 ms clock, 1.2+0.65/0.90/0+0.87 ms cpu, 3->3->1 MB, 4 MB goal, 0 MB stacks, 0 MB globals, 8 P
gc 2997 @13.476s 6%: 0.093+0.57+0.068 ms clock, 0.74+0.76/0.74/0+0.54 ms cpu, 3->3->1 MB, 4 MB goal, 0 MB stacks, 0 MB globals, 8 P
gc 2998 @13.479s 6%: 0.10+0.53+0.12 ms clock, 0.80+0.93/0.67/0+0.99 ms cpu, 3->3->1 MB, 4 MB goal, 0 MB stacks, 0 MB globals, 8 P
gc 2999 @13.482s 6%: 0.10+0.57+0.13 ms clock, 0.85+0.78/0.68/0+1.0 ms cpu, 3->3->1 MB, 4 MB goal, 0 MB stacks, 0 MB globals, 8 P
gc 3000 @13.485s 6%: 0.082+0.55+0.11 ms clock, 0.66+0.69/0.81/0+0.88 ms cpu, 3->3->1 MB, 4 MB goal, 0 MB stacks, 0 MB globals, 8 P
gc 3001 @13.488s 6%: 0.11+0.56+0.093 ms clock, 0.95+0.67/0.78/0+0.74 ms cpu, 3->3->1 MB, 4 MB goal, 0 MB stacks, 0 MB globals, 8 P
gc 3002 @13.491s 6%: 0.095+0.58+0.10 ms clock, 0.76+0.67/0.81/0+0.86 ms cpu, 3->3->1 MB, 4 MB goal, 0 MB stacks, 0 MB globals, 8 P
gc 3003 @13.494s 6%: 0.11+0.55+0.11 ms clock, 0.92+0.76/0.78/0+0.92 ms cpu, 3->3->1 MB, 4 MB goal, 0 MB stacks, 0 MB globals, 8 P
gc 3004 @13.497s 6%: 0.083+0.91+0.097 ms clock, 0.67+0.76/0.82/0+0.77 ms cpu, 3->3->1 MB, 4 MB goal, 0 MB stacks, 0 MB globals, 8 P
gc 3005 @13.500s 6%: 0.081+0.59+0.098 ms clock, 0.65+0.85/0.81/0+0.79 ms cpu, 3->3->1 MB, 4 MB goal, 0 MB stacks, 0 MB globals, 8 P
gc 3006 @13.503s 6%: 0.10+0.65+0.10 ms clock, 0.82+0.74/0.79/0+0.87 ms cpu, 3->3->1 MB, 4 MB goal, 0 MB stacks, 0 MB globals, 8 P
gc 3007 @13.506s 6%: 0.12+0.61+0.059 ms clock, 1.0+0.63/0.88/0+0.47 ms cpu, 3->3->1 MB, 4 MB goal, 0 MB stacks, 0 MB globals, 8 P
gc 3008 @13.509s 6%: 0.089+0.59+0.076 ms clock, 0.71+0.78/0.74/0+0.61 ms cpu, 3->3->1 MB, 4 MB goal, 0 MB stacks, 0 MB globals, 8 P
gc 3009 @13.512s 6%: 0.098+0.52+0.063 ms clock, 0.78+0.77/0.80/0+0.50 ms cpu, 3->3->1 MB, 4 MB goal, 0 MB stacks, 0 MB globals, 8 P
gc 3010 @13.516s 6%: 0.10+0.58+0.094 ms clock, 0.81+0.80/0.75/0+0.75 ms cpu, 3->3->1 MB, 4 MB goal, 0 MB stacks, 0 MB globals, 8 P
gc 3011 @13.519s 6%: 0.10+0.56+0.12 ms clock, 0.85+0.81/0.70/0+0.96 ms cpu, 3->3->1 MB, 4 MB goal, 0 MB stacks, 0 MB globals, 8 P
gc 3012 @13.522s 6%: 0.088+1.0+0.13 ms clock, 0.71+0.86/0.82/0+1.1 ms cpu, 3->3->1 MB, 4 MB goal, 0 MB stacks, 0 MB globals, 8 P
gc 3013 @13.525s 6%: 0.078+1.0+0.093 ms clock, 0.62+0.72/0.79/0+0.74 ms cpu, 3->3->1 MB, 4 MB goal, 0 MB stacks, 0 MB globals, 8 P
gc 3014 @13.528s 6%: 0.14+0.61+0.099 ms clock, 1.1+0.80/0.79/0+0.79 ms cpu, 3->3->1 MB, 4 MB goal, 0 MB stacks, 0 MB globals, 8 P
gc 3015 @13.531s 6%: 0.14+0.58+0.049 ms clock, 1.1+0.65/0.87/0+0.39 ms cpu, 3->3->1 MB, 4 MB goal, 0 MB stacks, 0 MB globals, 8 P
gc 3016 @13.534s 6%: 0.085+0.60+0.075 ms clock, 0.68+0.79/0.71/0+0.60 ms cpu, 3->3->1 MB, 4 MB goal, 0 MB stacks, 0 MB globals, 8 P
gc 3017 @13.538s 6%: 0.063+0.53+0.083 ms clock, 0.51+0.80/0.77/0+0.66 ms cpu, 3->3->1 MB, 4 MB goal, 0 MB stacks, 0 MB globals, 8 P
gc 3018 @13.541s 6%: 0.11+0.56+0.11 ms clock, 0.92+0.77/0.70/0+0.92 ms cpu, 3->3->1 MB, 4 MB goal, 0 MB stacks, 0 MB globals, 8 P
gc 3019 @13.544s 6%: 0.13+0.92+0.079 ms clock, 1.0+0.68/0.81/0+0.63 ms cpu, 3->3->1 MB, 4 MB goal, 0 MB stacks, 0 MB globals, 8 P
gc 3020 @13.547s 6%: 0.10+0.77+0.082 ms clock, 0.87+0.67/0.81/0+0.65 ms cpu, 3->3->1 MB, 4 MB goal, 0 MB stacks, 0 MB globals, 8 P
gc 3021 @13.550s 6%: 0.094+0.77+0.072 ms clock, 0.75+0.72/0.77/0+0.58 ms cpu, 3->3->1 MB, 4 MB goal, 0 MB stacks, 0 MB globals, 8 P
gc 3022 @13.553s 6%: 0.10+0.60+0.10 ms clock, 0.83+0.83/0.76/0+0.80 ms cpu, 3->3->1 MB, 4 MB goal, 0 MB stacks, 0 MB globals, 8 P
gc 3023 @13.556s 6%: 0.11+0.90+0.10 ms clock, 0.92+0.89/0.67/0+0.83 ms cpu, 3->3->1 MB, 4 MB goal, 0 MB stacks, 0 MB globals, 8 P
gc 3024 @13.559s 6%: 0.086+0.73+0.086 ms clock, 0.69+0.76/0.77/0+0.69 ms cpu, 3->3->1 MB, 4 MB goal, 0 MB stacks, 0 MB globals, 8 P
gc 3025 @13.562s 6%: 0.10+0.55+0.070 ms clock, 0.85+0.73/0.76/0+0.56 ms cpu, 3->3->1 MB, 4 MB goal, 0 MB stacks, 0 MB globals, 8 P
gc 3026 @13.565s 6%: 0.11+0.83+0.11 ms clock, 0.95+0.75/0.76/0+0.88 ms cpu, 3->3->1 MB, 4 MB goal, 0 MB stacks, 0 MB globals, 8 P
gc 3027 @13.569s 6%: 0.13+0.96+0.090 ms clock, 1.1+0.70/0.82/0+0.72 ms cpu, 3->3->1 MB, 4 MB goal, 0 MB stacks, 0 MB globals, 8 P
gc 3028 @13.572s 6%: 0.098+0.61+0.077 ms clock, 0.78+0.81/0.82/0+0.61 ms cpu, 3->3->1 MB, 4 MB goal, 0 MB stacks, 0 MB globals, 8 P
gc 3029 @13.575s 6%: 0.41+0.98+0.041 ms clock, 3.3+0.38/1.3/0+0.33 ms cpu, 3->3->1 MB, 4 MB goal, 0 MB stacks, 0 MB globals, 8 P
gc 3030 @13.578s 6%: 0.095+0.51+0.093 ms clock, 0.76+0.73/0.69/0+0.74 ms cpu, 3->3->1 MB, 4 MB goal, 0 MB stacks, 0 MB globals, 8 P
gc 3031 @13.581s 6%: 0.091+0.54+0.091 ms clock, 0.72+0.77/0.69/0+0.72 ms cpu, 3->3->1 MB, 4 MB goal, 0 MB stacks, 0 MB globals, 8 P
gc 3032 @13.584s 6%: 0.084+0.69+0.10 ms clock, 0.67+0.69/0.84/0+0.80 ms cpu, 3->3->1 MB, 4 MB goal, 0 MB stacks, 0 MB globals, 8 P
gc 3033 @13.587s 6%: 0.076+0.53+0.072 ms clock, 0.61+0.70/0.70/0+0.58 ms cpu, 3->3->1 MB, 4 MB goal, 0 MB stacks, 0 MB globals, 8 P
gc 3034 @13.590s 6%: 0.11+0.51+0.13 ms clock, 0.88+0.71/0.72/0+1.0 ms cpu, 3->3->1 MB, 4 MB goal, 0 MB stacks, 0 MB globals, 8 P
gc 3035 @13.594s 6%: 0.13+0.58+0.042 ms clock, 1.0+0.78/0.80/0+0.33 ms cpu, 3->3->1 MB, 4 MB goal, 0 MB stacks, 0 MB globals, 8 P
gc 3036 @13.597s 6%: 0.11+0.72+0.064 ms clock, 0.89+0.72/0.92/0+0.51 ms cpu, 3->3->1 MB, 4 MB goal, 0 MB stacks, 0 MB globals, 8 P
gc 3037 @13.600s 6%: 0.074+0.74+0.10 ms clock, 0.59+0.83/0.73/0+0.87 ms cpu, 3->3->1 MB, 4 MB goal, 0 MB stacks, 0 MB globals, 8 P
gc 3038 @13.603s 6%: 0.10+0.63+0.053 ms clock, 0.87+0.77/0.85/0+0.43 ms cpu, 3->3->1 MB, 4 MB goal, 0 MB stacks, 0 MB globals, 8 P
gc 3039 @13.606s 6%: 0.099+0.88+0.12 ms clock, 0.79+0.56/0.81/0+1.0 ms cpu, 3->3->1 MB, 4 MB goal, 0 MB stacks, 0 MB globals, 8 P
gc 3040 @13.610s 6%: 0.087+0.58+0.082 ms clock, 0.69+0.68/0.79/0+0.65 ms cpu, 3->3->1 MB, 4 MB goal, 0 MB stacks, 0 MB globals, 8 P
gc 3041 @13.613s 6%: 0.094+0.54+0.10 ms clock, 0.75+0.86/0.73/0+0.85 ms cpu, 3->3->1 MB, 4 MB goal, 0 MB stacks, 0 MB globals, 8 P
gc 3042 @13.616s 6%: 0.12+0.72+0.088 ms clock, 0.99+0.80/0.70/0+0.70 ms cpu, 3->3->1 MB, 4 MB goal, 0 MB stacks, 0 MB globals, 8 P
gc 3043 @13.619s 6%: 0.11+0.90+0.11 ms clock, 0.90+1.8/0.79/0+0.94 ms cpu, 3->3->1 MB, 4 MB goal, 0 MB stacks, 0 MB globals, 8 P
gc 3044 @13.622s 6%: 0.10+0.61+0.060 ms clock, 0.82+0.84/0.66/0+0.48 ms cpu, 3->3->1 MB, 4 MB goal, 0 MB stacks, 0 MB globals, 8 P
gc 3045 @13.625s 6%: 0.17+1.2+0.072 ms clock, 1.3+1.8/0.91/0+0.58 ms cpu, 3->4->1 MB, 4 MB goal, 0 MB stacks, 0 MB globals, 8 P
gc 3046 @13.629s 6%: 0.080+0.51+0.11 ms clock, 0.64+0.73/0.76/0+0.92 ms cpu, 3->3->1 MB, 4 MB goal, 0 MB stacks, 0 MB globals, 8 P
gc 3047 @13.632s 6%: 0.10+0.66+0.089 ms clock, 0.87+0.87/0.77/0+0.71 ms cpu, 3->3->1 MB, 4 MB goal, 0 MB stacks, 0 MB globals, 8 P
gc 3048 @13.635s 6%: 0.10+0.61+0.10 ms clock, 0.87+0.85/0.79/0+0.85 ms cpu, 3->3->1 MB, 4 MB goal, 0 MB stacks, 0 MB globals, 8 P
gc 3049 @13.638s 6%: 0.086+0.62+0.093 ms clock, 0.69+0.83/0.69/0+0.74 ms cpu, 3->3->1 MB, 4 MB goal, 0 MB stacks, 0 MB globals, 8 P
gc 3050 @13.641s 6%: 0.13+0.89+0.095 ms clock, 1.1+0.71/0.69/0+0.76 ms cpu, 3->3->1 MB, 4 MB goal, 0 MB stacks, 0 MB globals, 8 P
gc 3051 @13.644s 6%: 0.11+0.55+0.082 ms clock, 0.95+0.92/0.71/0+0.65 ms cpu, 3->3->1 MB, 4 MB goal, 0 MB stacks, 0 MB globals, 8 P
gc 3052 @13.648s 6%: 0.15+0.58+0.046 ms clock, 1.2+0.83/0.73/0+0.37 ms cpu, 3->3->1 MB, 4 MB goal, 0 MB stacks, 0 MB globals, 8 P
gc 3053 @13.651s 6%: 0.081+0.84+0.10 ms clock, 0.65+0.73/0.85/0+0.86 ms cpu, 3->3->1 MB, 4 MB goal, 0 MB stacks, 0 MB globals, 8 P
gc 3054 @13.654s 6%: 0.12+0.74+0.076 ms clock, 1.0+0.73/0.70/0+0.60 ms cpu, 3->3->1 MB, 4 MB goal, 0 MB stacks, 0 MB globals, 8 P
gc 3055 @13.657s 6%: 0.13+0.93+0.083 ms clock, 1.0+0.97/1.2/0.014+0.66 ms cpu, 3->3->1 MB, 4 MB goal, 0 MB stacks, 0 MB globals, 8 P
gc 3056 @13.660s 6%: 0.10+0.62+0.049 ms clock, 0.80+0.74/0.73/0+0.39 ms cpu, 3->3->1 MB, 4 MB goal, 0 MB stacks, 0 MB globals, 8 P
gc 3057 @13.663s 6%: 0.17+0.59+0.077 ms clock, 1.3+0.77/0.77/0+0.61 ms cpu, 3->3->1 MB, 4 MB goal, 0 MB stacks, 0 MB globals, 8 P
gc 3058 @13.666s 6%: 0.12+0.58+0.044 ms clock, 1.0+0.74/0.75/0+0.35 ms cpu, 3->3->1 MB, 4 MB goal, 0 MB stacks, 0 MB globals, 8 P
gc 3059 @13.669s 6%: 0.067+0.91+0.084 ms clock, 0.54+0.69/0.73/0+0.67 ms cpu, 3->3->1 MB, 4 MB goal, 0 MB stacks, 0 MB globals, 8 P
gc 3060 @13.673s 6%: 0.12+1.1+0.036 ms clock, 0.99+0.63/0.75/0+0.29 ms cpu, 3->3->1 MB, 4 MB goal, 0 MB stacks, 0 MB globals, 8 P
gc 3061 @13.676s 6%: 0.10+0.96+0.075 ms clock, 0.82+0.84/0.78/0+0.60 ms cpu, 3->3->1 MB, 4 MB goal, 0 MB stacks, 0 MB globals, 8 P
gc 3062 @13.679s 6%: 0.098+0.62+0.10 ms clock, 0.78+0.68/0.77/0+0.81 ms cpu, 3->3->1 MB, 4 MB goal, 0 MB stacks, 0 MB globals, 8 P
gc 3063 @13.682s 6%: 0.079+1.3+0.026 ms clock, 0.63+0.56/0.86/0+0.20 ms cpu, 3->3->1 MB, 4 MB goal, 0 MB stacks, 0 MB globals, 8 P
gc 3064 @13.686s 6%: 0.090+0.60+0.086 ms clock, 0.72+0.87/0.70/0+0.68 ms cpu, 3->3->1 MB, 4 MB goal, 0 MB stacks, 0 MB globals, 8 P
gc 3065 @13.689s 6%: 0.095+0.44+0.075 ms clock, 0.76+0.84/0.70/0+0.60 ms cpu, 3->3->1 MB, 4 MB goal, 0 MB stacks, 0 MB globals, 8 P
gc 3066 @13.692s 6%: 0.092+0.65+0.12 ms clock, 0.73+0.85/0.81/0+0.96 ms cpu, 3->3->1 MB, 4 MB goal, 0 MB stacks, 0 MB globals, 8 P
gc 3067 @13.695s 6%: 0.091+0.64+0.092 ms clock, 0.73+0.78/0.83/0+0.73 ms cpu, 3->3->1 MB, 4 MB goal, 0 MB stacks, 0 MB globals, 8 P
gc 3068 @13.698s 6%: 0.085+0.56+0.065 ms clock, 0.68+0.68/0.84/0+0.52 ms cpu, 3->3->1 MB, 4 MB goal, 0 MB stacks, 0 MB globals, 8 P
gc 3069 @13.701s 6%: 0.13+0.54+0.11 ms clock, 1.0+0.76/0.72/0+0.91 ms cpu, 3->3->1 MB, 4 MB goal, 0 MB stacks, 0 MB globals, 8 P
gc 3070 @13.704s 6%: 0.075+0.56+0.096 ms clock, 0.60+0.79/0.78/0+0.76 ms cpu, 3->3->1 MB, 4 MB goal, 0 MB stacks, 0 MB globals, 8 P
gc 3071 @13.707s 6%: 0.13+0.62+0.093 ms clock, 1.0+0.91/0.67/0+0.74 ms cpu, 3->3->1 MB, 4 MB goal, 0 MB stacks, 0 MB globals, 8 P
gc 3072 @13.710s 6%: 0.13+0.48+0.089 ms clock, 1.0+0.86/0.66/0+0.71 ms cpu, 3->3->1 MB, 4 MB goal, 0 MB stacks, 0 MB globals, 8 P
gc 3073 @13.713s 6%: 0.10+0.56+0.056 ms clock, 0.81+0.85/0.72/0+0.45 ms cpu, 3->3->1 MB, 4 MB goal, 0 MB stacks, 0 MB globals, 8 P
gc 3074 @13.716s 6%: 0.11+0.63+0.075 ms clock, 0.92+0.77/0.90/0+0.60 ms cpu, 3->3->1 MB, 4 MB goal, 0 MB stacks, 0 MB globals, 8 P
gc 3075 @13.719s 6%: 0.081+0.55+0.060 ms clock, 0.65+0.84/0.67/0+0.48 ms cpu, 3->3->1 MB, 4 MB goal, 0 MB stacks, 0 MB globals, 8 P
gc 3076 @13.722s 6%: 0.10+0.55+0.063 ms clock, 0.81+0.84/0.74/0+0.50 ms cpu, 3->3->1 MB, 4 MB goal, 0 MB stacks, 0 MB globals, 8 P
gc 3077 @13.725s 6%: 0.10+0.62+0.092 ms clock, 0.86+0.82/0.75/0+0.74 ms cpu, 3->3->1 MB, 4 MB goal, 0 MB stacks, 0 MB globals, 8 P
gc 3078 @13.729s 6%: 0.083+0.89+0.11 ms clock, 0.66+0.71/0.68/0+0.88 ms cpu, 3->3->1 MB, 4 MB goal, 0 MB stacks, 0 MB globals, 8 P
gc 3079 @13.732s 6%: 0.13+0.56+0.068 ms clock, 1.0+0.83/0.68/0+0.54 ms cpu, 3->3->1 MB, 4 MB goal, 0 MB stacks, 0 MB globals, 8 P
gc 3080 @13.735s 6%: 0.068+0.52+0.10 ms clock, 0.55+0.78/0.64/0+0.85 ms cpu, 3->3->1 MB, 4 MB goal, 0 MB stacks, 0 MB globals, 8 P
gc 3081 @13.738s 6%: 0.10+0.57+0.094 ms clock, 0.80+0.91/0.67/0+0.75 ms cpu, 3->3->1 MB, 4 MB goal, 0 MB stacks, 0 MB globals, 8 P
gc 3082 @13.741s 6%: 0.089+0.56+0.044 ms clock, 0.71+0.78/0.77/0+0.35 ms cpu, 3->3->1 MB, 4 MB goal, 0 MB stacks, 0 MB globals, 8 P
gc 3083 @13.744s 6%: 0.073+0.54+0.078 ms clock, 0.59+0.85/0.70/0+0.62 ms cpu, 3->3->1 MB, 4 MB goal, 0 MB stacks, 0 MB globals, 8 P
gc 3084 @13.747s 6%: 0.10+0.53+0.093 ms clock, 0.84+0.76/0.74/0+0.74 ms cpu, 3->3->1 MB, 4 MB goal, 0 MB stacks, 0 MB globals, 8 P
gc 3085 @13.750s 6%: 0.11+0.47+0.10 ms clock, 0.90+0.75/0.68/0+0.81 ms cpu, 3->3->1 MB, 4 MB goal, 0 MB stacks, 0 MB globals, 8 P
gc 3086 @13.753s 6%: 0.13+0.57+0.090 ms clock, 1.0+0.80/0.77/0+0.72 ms cpu, 3->3->1 MB, 4 MB goal, 0 MB stacks, 0 MB globals, 8 P
gc 3087 @13.756s 6%: 0.088+0.58+0.076 ms clock, 0.71+0.96/0.56/0+0.61 ms cpu, 3->3->1 MB, 4 MB goal, 0 MB stacks, 0 MB globals, 8 P
gc 3088 @13.759s 6%: 0.11+0.53+0.059 ms clock, 0.90+0.77/0.76/0+0.47 ms cpu, 3->3->1 MB, 4 MB goal, 0 MB stacks, 0 MB globals, 8 P
gc 3089 @13.762s 6%: 0.071+0.44+0.067 ms clock, 0.56+0.88/0.66/0+0.54 ms cpu, 3->3->1 MB, 4 MB goal, 0 MB stacks, 0 MB globals, 8 P
gc 3090 @13.765s 6%: 0.10+0.54+0.085 ms clock, 0.85+0.75/0.75/0+0.68 ms cpu, 3->3->1 MB, 4 MB goal, 0 MB stacks, 0 MB globals, 8 P
gc 3091 @13.768s 6%: 0.13+0.58+0.11 ms clock, 1.0+0.70/0.84/0+0.88 ms cpu, 3->3->1 MB, 4 MB goal, 0 MB stacks, 0 MB globals, 8 P
gc 3092 @13.772s 6%: 0.13+0.57+0.094 ms clock, 1.0+0.82/0.75/0+0.75 ms cpu, 3->3->1 MB, 4 MB goal, 0 MB stacks, 0 MB globals, 8 P
gc 3093 @13.775s 6%: 0.11+0.54+0.087 ms clock, 0.88+0.79/0.69/0+0.69 ms cpu, 3->3->1 MB, 4 MB goal, 0 MB stacks, 0 MB globals, 8 P
gc 3094 @13.778s 6%: 0.10+0.55+0.11 ms clock, 0.83+0.82/0.64/0+0.88 ms cpu, 3->3->1 MB, 4 MB goal, 0 MB stacks, 0 MB globals, 8 P
gc 3095 @13.781s 6%: 0.12+0.67+0.058 ms clock, 0.98+0.80/0.75/0+0.46 ms cpu, 3->3->1 MB, 4 MB goal, 0 MB stacks, 0 MB globals, 8 P
gc 3096 @13.784s 6%: 0.093+0.54+0.098 ms clock, 0.74+0.82/0.73/0+0.78 ms cpu, 3->3->1 MB, 4 MB goal, 0 MB stacks, 0 MB globals, 8 P
gc 3097 @13.787s 6%: 0.12+0.51+0.096 ms clock, 0.98+0.82/0.78/0+0.77 ms cpu, 3->3->1 MB, 4 MB goal, 0 MB stacks, 0 MB globals, 8 P
gc 3098 @13.790s 6%: 0.12+0.63+0.12 ms clock, 0.97+0.85/0.74/0+1.0 ms cpu, 3->3->1 MB, 4 MB goal, 0 MB stacks, 0 MB globals, 8 P
gc 3099 @13.793s 6%: 0.15+0.52+0.062 ms clock, 1.2+0.84/0.69/0+0.49 ms cpu, 3->3->1 MB, 4 MB goal, 0 MB stacks, 0 MB globals, 8 P
gc 3100 @13.796s 6%: 0.12+0.56+0.053 ms clock, 1.0+0.66/0.77/0+0.43 ms cpu, 3->3->1 MB, 4 MB goal, 0 MB stacks, 0 MB globals, 8 P
gc 3101 @13.799s 6%: 0.11+0.48+0.089 ms clock, 0.89+0.85/0.70/0+0.71 ms cpu, 3->3->1 MB, 4 MB goal, 0 MB stacks, 0 MB globals, 8 P
gc 3102 @13.802s 6%: 0.10+0.60+0.055 ms clock, 0.80+0.91/0.68/0+0.44 ms cpu, 3->3->1 MB, 4 MB goal, 0 MB stacks, 0 MB globals, 8 P
gc 3103 @13.805s 6%: 0.11+0.56+0.095 ms clock, 0.91+0.79/0.74/0+0.76 ms cpu, 3->3->1 MB, 4 MB goal, 0 MB stacks, 0 MB globals, 8 P
gc 3104 @13.808s 6%: 0.11+0.58+0.075 ms clock, 0.92+0.68/0.76/0+0.60 ms cpu, 3->3->1 MB, 4 MB goal, 0 MB stacks, 0 MB globals, 8 P
gc 3105 @13.811s 6%: 0.12+0.61+0.12 ms clock, 1.0+0.80/0.74/0+0.97 ms cpu, 3->3->1 MB, 4 MB goal, 0 MB stacks, 0 MB globals, 8 P
gc 3106 @13.815s 6%: 0.11+0.56+0.081 ms clock, 0.90+0.68/0.80/0+0.65 ms cpu, 3->3->1 MB, 4 MB goal, 0 MB stacks, 0 MB globals, 8 P
gc 3107 @13.818s 6%: 0.080+0.60+0.10 ms clock, 0.64+0.64/0.78/0+0.86 ms cpu, 3->3->1 MB, 4 MB goal, 0 MB stacks, 0 MB globals, 8 P
gc 3108 @13.821s 6%: 0.11+0.60+0.056 ms clock, 0.94+0.77/0.71/0+0.45 ms cpu, 3->3->1 MB, 4 MB goal, 0 MB stacks, 0 MB globals, 8 P
gc 3109 @13.824s 6%: 0.13+0.54+0.079 ms clock, 1.0+0.80/0.68/0+0.63 ms cpu, 3->3->1 MB, 4 MB goal, 0 MB stacks, 0 MB globals, 8 P
gc 3110 @13.827s 6%: 0.079+1.0+0.047 ms clock, 0.63+0.79/0.71/0+0.37 ms cpu, 3->3->1 MB, 4 MB goal, 0 MB stacks, 0 MB globals, 8 P
gc 3111 @13.830s 6%: 0.11+0.57+0.074 ms clock, 0.94+0.84/0.66/0+0.59 ms cpu, 3->3->1 MB, 4 MB goal, 0 MB stacks, 0 MB globals, 8 P
gc 3112 @13.833s 6%: 0.10+0.68+0.10 ms clock, 0.84+0.72/0.87/0+0.87 ms cpu, 3->3->1 MB, 4 MB goal, 0 MB stacks, 0 MB globals, 8 P
gc 3113 @13.836s 6%: 0.090+0.51+0.12 ms clock, 0.72+0.86/0.70/0+0.97 ms cpu, 3->3->1 MB, 4 MB goal, 0 MB stacks, 0 MB globals, 8 P
gc 3114 @13.839s 6%: 0.10+0.60+0.079 ms clock, 0.84+0.66/0.83/0+0.63 ms cpu, 3->3->1 MB, 4 MB goal, 0 MB stacks, 0 MB globals, 8 P
gc 3115 @13.842s 6%: 0.086+0.57+0.086 ms clock, 0.68+0.74/0.68/0+0.69 ms cpu, 3->3->1 MB, 4 MB goal, 0 MB stacks, 0 MB globals, 8 P
gc 3116 @13.845s 6%: 0.13+1.2+0.098 ms clock, 1.1+0.36/0.92/0+0.79 ms cpu, 3->3->1 MB, 4 MB goal, 0 MB stacks, 0 MB globals, 8 P
gc 3117 @13.849s 6%: 0.13+0.64+0.083 ms clock, 1.0+0.82/0.71/0+0.66 ms cpu, 3->3->1 MB, 4 MB goal, 0 MB stacks, 0 MB globals, 8 P
gc 3118 @13.852s 6%: 0.10+0.50+0.10 ms clock, 0.84+0.81/0.65/0+0.85 ms cpu, 3->3->1 MB, 4 MB goal, 0 MB stacks, 0 MB globals, 8 P
gc 3119 @13.855s 6%: 0.10+0.60+0.10 ms clock, 0.82+0.83/0.71/0+0.84 ms cpu, 3->3->1 MB, 4 MB goal, 0 MB stacks, 0 MB globals, 8 P
gc 3120 @13.858s 6%: 0.13+0.57+0.084 ms clock, 1.0+0.67/0.82/0+0.67 ms cpu, 3->3->1 MB, 4 MB goal, 0 MB stacks, 0 MB globals, 8 P
gc 3121 @13.861s 6%: 0.078+0.48+0.079 ms clock, 0.62+0.92/0.70/0+0.63 ms cpu, 3->3->1 MB, 4 MB goal, 0 MB stacks, 0 MB globals, 8 P
gc 3122 @13.864s 6%: 0.092+0.67+0.12 ms clock, 0.73+0.75/0.82/0+1.0 ms cpu, 3->3->1 MB, 4 MB goal, 0 MB stacks, 0 MB globals, 8 P
gc 3123 @13.867s 6%: 0.099+0.58+0.11 ms clock, 0.79+0.53/0.80/0+0.93 ms cpu, 3->3->1 MB, 4 MB goal, 0 MB stacks, 0 MB globals, 8 P
gc 3124 @13.870s 6%: 0.10+0.48+0.085 ms clock, 0.84+0.74/0.70/0+0.68 ms cpu, 3->3->1 MB, 4 MB goal, 0 MB stacks, 0 MB globals, 8 P
gc 3125 @13.873s 6%: 0.098+0.98+0.057 ms clock, 0.78+0.64/0.73/0+0.46 ms cpu, 3->3->1 MB, 4 MB goal, 0 MB stacks, 0 MB globals, 8 P
gc 3126 @13.876s 6%: 0.094+0.52+0.072 ms clock, 0.75+0.81/0.69/0+0.58 ms cpu, 3->3->1 MB, 4 MB goal, 0 MB stacks, 0 MB globals, 8 P
gc 3127 @13.879s 6%: 0.12+0.55+0.10 ms clock, 1.0+0.76/0.72/0+0.80 ms cpu, 3->3->1 MB, 4 MB goal, 0 MB stacks, 0 MB globals, 8 P
gc 3128 @13.883s 6%: 0.11+0.57+0.084 ms clock, 0.91+0.80/0.67/0+0.67 ms cpu, 3->3->1 MB, 4 MB goal, 0 MB stacks, 0 MB globals, 8 P
gc 3129 @13.886s 6%: 0.091+0.51+0.047 ms clock, 0.73+0.80/0.69/0+0.37 ms cpu, 3->3->1 MB, 4 MB goal, 0 MB stacks, 0 MB globals, 8 P
gc 3130 @13.889s 6%: 0.10+0.52+0.10 ms clock, 0.80+0.73/0.75/0+0.82 ms cpu, 3->3->1 MB, 4 MB goal, 0 MB stacks, 0 MB globals, 8 P
gc 3131 @13.892s 6%: 0.087+0.57+0.084 ms clock, 0.69+0.72/0.74/0+0.67 ms cpu, 3->3->1 MB, 4 MB goal, 0 MB stacks, 0 MB globals, 8 P
gc 3132 @13.895s 6%: 0.14+0.60+0.065 ms clock, 1.1+0.84/0.85/0+0.52 ms cpu, 3->3->1 MB, 4 MB goal, 0 MB stacks, 0 MB globals, 8 P
gc 3133 @13.898s 6%: 0.13+0.51+0.094 ms clock, 1.0+0.84/0.71/0+0.75 ms cpu, 3->3->1 MB, 4 MB goal, 0 MB stacks, 0 MB globals, 8 P
gc 3134 @13.901s 6%: 0.11+0.58+0.11 ms clock, 0.89+0.84/0.81/0+0.93 ms cpu, 3->3->1 MB, 4 MB goal, 0 MB stacks, 0 MB globals, 8 P
gc 3135 @13.904s 6%: 0.10+0.50+0.093 ms clock, 0.87+0.66/0.77/0+0.75 ms cpu, 3->3->1 MB, 4 MB goal, 0 MB stacks, 0 MB globals, 8 P
gc 3136 @13.907s 6%: 0.10+0.47+0.049 ms clock, 0.80+0.91/0.61/0+0.39 ms cpu, 3->3->1 MB, 4 MB goal, 0 MB stacks, 0 MB globals, 8 P
gc 3137 @13.910s 6%: 0.12+0.56+0.088 ms clock, 0.99+0.68/0.78/0+0.70 ms cpu, 3->3->1 MB, 4 MB goal, 0 MB stacks, 0 MB globals, 8 P
gc 3138 @13.913s 6%: 0.066+0.55+0.075 ms clock, 0.53+0.76/0.75/0+0.60 ms cpu, 3->3->1 MB, 4 MB goal, 0 MB stacks, 0 MB globals, 8 P
gc 3139 @13.917s 6%: 0.089+0.51+0.081 ms clock, 0.71+0.75/0.70/0+0.65 ms cpu, 3->3->1 MB, 4 MB goal, 0 MB stacks, 0 MB globals, 8 P
gc 3140 @13.920s 6%: 0.080+0.54+0.11 ms clock, 0.64+0.78/0.78/0+0.90 ms cpu, 3->3->1 MB, 4 MB goal, 0 MB stacks, 0 MB globals, 8 P
gc 3141 @13.923s 6%: 0.068+0.59+0.086 ms clock, 0.55+0.70/0.80/0+0.69 ms cpu, 3->3->1 MB, 4 MB goal, 0 MB stacks, 0 MB globals, 8 P
gc 3142 @13.926s 6%: 0.11+0.62+0.099 ms clock, 0.91+0.87/0.82/0+0.79 ms cpu, 3->3->1 MB, 4 MB goal, 0 MB stacks, 0 MB globals, 8 P
gc 3143 @13.929s 6%: 0.12+0.56+0.059 ms clock, 0.97+0.93/0.72/0+0.47 ms cpu, 3->3->1 MB, 4 MB goal, 0 MB stacks, 0 MB globals, 8 P
gc 3144 @13.932s 6%: 0.12+0.58+0.083 ms clock, 0.99+0.88/0.72/0+0.66 ms cpu, 3->3->1 MB, 4 MB goal, 0 MB stacks, 0 MB globals, 8 P
gc 3145 @13.935s 6%: 0.13+0.57+0.11 ms clock, 1.0+0.79/0.74/0+0.93 ms cpu, 3->3->1 MB, 4 MB goal, 0 MB stacks, 0 MB globals, 8 P
gc 3146 @13.938s 6%: 0.11+0.63+0.091 ms clock, 0.88+0.73/0.70/0+0.73 ms cpu, 3->3->1 MB, 4 MB goal, 0 MB stacks, 0 MB globals, 8 P
gc 3147 @13.941s 6%: 0.070+0.53+0.068 ms clock, 0.56+0.82/0.70/0+0.55 ms cpu, 3->3->1 MB, 4 MB goal, 0 MB stacks, 0 MB globals, 8 P
gc 3148 @13.944s 6%: 0.080+0.54+0.079 ms clock, 0.64+0.68/0.71/0+0.63 ms cpu, 3->3->1 MB, 4 MB goal, 0 MB stacks, 0 MB globals, 8 P
gc 3149 @13.947s 6%: 0.11+0.57+0.10 ms clock, 0.93+0.71/0.79/0+0.82 ms cpu, 3->3->1 MB, 4 MB goal, 0 MB stacks, 0 MB globals, 8 P
gc 3150 @13.950s 6%: 0.071+0.54+0.051 ms clock, 0.57+0.89/0.60/0+0.41 ms cpu, 3->3->1 MB, 4 MB goal, 0 MB stacks, 0 MB globals, 8 P
gc 3151 @13.953s 6%: 0.084+0.56+0.073 ms clock, 0.67+0.79/0.77/0+0.58 ms cpu, 3->3->1 MB, 4 MB goal, 0 MB stacks, 0 MB globals, 8 P
gc 3152 @13.957s 6%: 0.10+0.54+0.10 ms clock, 0.85+0.79/0.75/0+0.84 ms cpu, 3->3->1 MB, 4 MB goal, 0 MB stacks, 0 MB globals, 8 P
gc 3153 @13.960s 6%: 0.032+0.61+0.084 ms clock, 0.25+0.68/0.72/0+0.67 ms cpu, 3->3->1 MB, 4 MB goal, 0 MB stacks, 0 MB globals, 8 P
gc 3154 @13.963s 6%: 0.11+0.54+0.096 ms clock, 0.93+0.75/0.61/0+0.77 ms cpu, 3->3->1 MB, 4 MB goal, 0 MB stacks, 0 MB globals, 8 P
gc 3155 @13.966s 6%: 0.093+0.67+0.094 ms clock, 0.74+0.73/0.74/0+0.75 ms cpu, 3->3->1 MB, 4 MB goal, 0 MB stacks, 0 MB globals, 8 P
gc 3156 @13.969s 6%: 0.083+1.1+0.072 ms clock, 0.66+1.3/0.85/0+0.58 ms cpu, 3->3->1 MB, 4 MB goal, 0 MB stacks, 0 MB globals, 8 P
gc 3157 @13.972s 6%: 0.12+0.78+0.097 ms clock, 1.0+0.80/0.73/0+0.78 ms cpu, 3->3->1 MB, 4 MB goal, 0 MB stacks, 0 MB globals, 8 P
gc 3158 @13.975s 6%: 0.12+0.64+0.10 ms clock, 0.97+0.74/0.76/0+0.80 ms cpu, 3->3->1 MB, 4 MB goal, 0 MB stacks, 0 MB globals, 8 P
gc 3159 @13.978s 6%: 0.077+0.53+0.077 ms clock, 0.61+0.69/0.82/0+0.62 ms cpu, 3->3->1 MB, 4 MB goal, 0 MB stacks, 0 MB globals, 8 P
gc 3160 @13.981s 6%: 0.092+1.2+0.13 ms clock, 0.74+0.86/0.75/0+1.1 ms cpu, 3->3->1 MB, 4 MB goal, 0 MB stacks, 0 MB globals, 8 P
gc 3161 @13.985s 6%: 0.10+0.65+0.065 ms clock, 0.86+0.80/0.76/0+0.52 ms cpu, 3->3->1 MB, 4 MB goal, 0 MB stacks, 0 MB globals, 8 P
gc 3162 @13.988s 6%: 0.074+0.71+0.10 ms clock, 0.59+0.83/0.84/0+0.80 ms cpu, 3->3->1 MB, 4 MB goal, 0 MB stacks, 0 MB globals, 8 P
gc 3163 @13.991s 6%: 0.085+0.62+0.10 ms clock, 0.68+0.86/0.77/0+0.86 ms cpu, 3->3->1 MB, 4 MB goal, 0 MB stacks, 0 MB globals, 8 P
gc 3164 @13.994s 6%: 0.11+0.83+0.069 ms clock, 0.92+0.85/0.67/0+0.55 ms cpu, 3->3->1 MB, 4 MB goal, 0 MB stacks, 0 MB globals, 8 P
gc 3165 @13.997s 6%: 0.11+0.60+0.099 ms clock, 0.89+0.64/0.79/0+0.79 ms cpu, 3->3->1 MB, 4 MB goal, 0 MB stacks, 0 MB globals, 8 P
gc 3166 @14.000s 6%: 0.095+0.52+0.067 ms clock, 0.76+0.69/0.77/0+0.53 ms cpu, 3->3->1 MB, 4 MB goal, 0 MB stacks, 0 MB globals, 8 P
gc 3167 @14.004s 6%: 0.10+1.4+0.090 ms clock, 0.86+0.68/0.77/0+0.72 ms cpu, 3->4->2 MB, 4 MB goal, 0 MB stacks, 0 MB globals, 8 P
gc 3168 @14.008s 6%: 0.11+0.57+0.11 ms clock, 0.94+0.74/0.86/0+0.93 ms cpu, 3->4->1 MB, 4 MB goal, 0 MB stacks, 0 MB globals, 8 P
gc 3169 @14.011s 6%: 0.11+0.84+0.067 ms clock, 0.88+0.72/0.70/0+0.53 ms cpu, 3->3->1 MB, 4 MB goal, 0 MB stacks, 0 MB globals, 8 P
gc 3170 @14.014s 6%: 0.086+0.52+0.079 ms clock, 0.69+0.80/0.78/0+0.63 ms cpu, 3->3->1 MB, 4 MB goal, 0 MB stacks, 0 MB globals, 8 P
gc 3171 @14.017s 6%: 0.12+0.90+0.075 ms clock, 0.99+0.65/0.80/0+0.60 ms cpu, 3->3->1 MB, 4 MB goal, 0 MB stacks, 0 MB globals, 8 P
gc 3172 @14.020s 6%: 0.13+0.73+0.060 ms clock, 1.0+0.66/0.80/0+0.48 ms cpu, 3->3->1 MB, 4 MB goal, 0 MB stacks, 0 MB globals, 8 P
gc 3173 @14.023s 6%: 0.11+0.59+0.052 ms clock, 0.89+0.74/0.84/0+0.42 ms cpu, 3->3->1 MB, 4 MB goal, 0 MB stacks, 0 MB globals, 8 P
gc 3174 @14.026s 6%: 0.063+0.63+0.079 ms clock, 0.50+0.69/0.86/0+0.63 ms cpu, 3->3->1 MB, 4 MB goal, 0 MB stacks, 0 MB globals, 8 P
gc 3175 @14.029s 6%: 0.075+0.61+0.093 ms clock, 0.60+0.81/0.82/0+0.75 ms cpu, 3->3->1 MB, 4 MB goal, 0 MB stacks, 0 MB globals, 8 P
gc 3176 @14.032s 6%: 0.086+1.4+0.088 ms clock, 0.68+0.73/0.73/0+0.70 ms cpu, 3->4->1 MB, 4 MB goal, 0 MB stacks, 0 MB globals, 8 P
gc 3177 @14.036s 6%: 0.077+0.84+0.085 ms clock, 0.62+0.58/0.77/0+0.68 ms cpu, 3->4->1 MB, 4 MB goal, 0 MB stacks, 0 MB globals, 8 P
gc 3178 @14.040s 6%: 0.098+0.68+0.12 ms clock, 0.78+0.67/0.84/0+0.98 ms cpu, 3->3->1 MB, 4 MB goal, 0 MB stacks, 0 MB globals, 8 P
gc 3179 @14.043s 6%: 0.086+1.2+0.061 ms clock, 0.69+0.73/0.66/0+0.49 ms cpu, 3->4->1 MB, 4 MB goal, 0 MB stacks, 0 MB globals, 8 P
gc 3180 @14.046s 6%: 0.12+0.89+0.070 ms clock, 1.0+0.66/0.81/0+0.56 ms cpu, 3->3->1 MB, 4 MB goal, 0 MB stacks, 0 MB globals, 8 P
gc 3181 @14.049s 6%: 0.10+0.71+0.12 ms clock, 0.85+1.1/0.76/0+0.96 ms cpu, 3->3->1 MB, 4 MB goal, 0 MB stacks, 0 MB globals, 8 P
gc 3182 @14.052s 6%: 0.11+0.44+0.087 ms clock, 0.88+0.90/0.62/0+0.69 ms cpu, 3->3->1 MB, 4 MB goal, 0 MB stacks, 0 MB globals, 8 P
gc 3183 @14.055s 6%: 0.11+0.57+0.082 ms clock, 0.92+0.80/0.78/0+0.66 ms cpu, 3->3->1 MB, 4 MB goal, 0 MB stacks, 0 MB globals, 8 P
gc 3184 @14.058s 6%: 0.10+0.57+0.092 ms clock, 0.84+0.74/0.78/0+0.74 ms cpu, 3->3->1 MB, 4 MB goal, 0 MB stacks, 0 MB globals, 8 P
gc 3185 @14.061s 6%: 0.083+0.55+0.083 ms clock, 0.66+0.76/0.77/0+0.66 ms cpu, 3->3->1 MB, 4 MB goal, 0 MB stacks, 0 MB globals, 8 P
gc 3186 @14.065s 6%: 0.12+0.95+0.078 ms clock, 0.96+0.84/0.70/0+0.62 ms cpu, 3->3->1 MB, 4 MB goal, 0 MB stacks, 0 MB globals, 8 P
gc 3187 @14.068s 6%: 0.12+0.60+0.060 ms clock, 1.0+0.74/0.82/0+0.48 ms cpu, 3->3->1 MB, 4 MB goal, 0 MB stacks, 0 MB globals, 8 P
gc 3188 @14.071s 6%: 0.10+0.58+0.096 ms clock, 0.86+0.71/0.76/0+0.77 ms cpu, 3->3->1 MB, 4 MB goal, 0 MB stacks, 0 MB globals, 8 P
gc 3189 @14.074s 6%: 0.13+0.64+0.061 ms clock, 1.0+0.73/0.67/0+0.49 ms cpu, 3->3->1 MB, 4 MB goal, 0 MB stacks, 0 MB globals, 8 P
gc 3190 @14.077s 6%: 0.10+0.59+0.10 ms clock, 0.86+0.77/0.80/0+0.83 ms cpu, 3->3->1 MB, 4 MB goal, 0 MB stacks, 0 MB globals, 8 P
gc 3191 @14.080s 6%: 0.10+0.59+0.10 ms clock, 0.82+0.69/0.83/0+0.81 ms cpu, 3->3->1 MB, 4 MB goal, 0 MB stacks, 0 MB globals, 8 P
gc 3192 @14.083s 6%: 0.10+1.3+0.10 ms clock, 0.80+0.60/0.75/0+0.83 ms cpu, 3->4->1 MB, 4 MB goal, 0 MB stacks, 0 MB globals, 8 P
gc 3193 @14.087s 6%: 0.11+0.58+0.10 ms clock, 0.92+0.80/0.71/0+0.86 ms cpu, 3->3->1 MB, 4 MB goal, 0 MB stacks, 0 MB globals, 8 P
gc 3194 @14.090s 6%: 0.082+0.67+0.086 ms clock, 0.65+0.67/0.80/0+0.69 ms cpu, 3->3->1 MB, 4 MB goal, 0 MB stacks, 0 MB globals, 8 P
gc 3195 @14.093s 6%: 0.090+1.4+0.035 ms clock, 0.72+0.95/0.87/0+0.28 ms cpu, 3->4->1 MB, 4 MB goal, 0 MB stacks, 0 MB globals, 8 P
gc 3196 @14.096s 6%: 0.078+0.61+0.10 ms clock, 0.63+0.73/0.81/0+0.84 ms cpu, 3->3->1 MB, 4 MB goal, 0 MB stacks, 0 MB globals, 8 P
gc 3197 @14.099s 6%: 0.093+0.63+0.029 ms clock, 0.75+0.44/0.80/0+0.23 ms cpu, 3->3->1 MB, 4 MB goal, 0 MB stacks, 0 MB globals, 8 P
gc 3198 @14.102s 6%: 0.079+0.72+0.10 ms clock, 0.63+0.75/0.74/0+0.84 ms cpu, 3->3->1 MB, 4 MB goal, 0 MB stacks, 0 MB globals, 8 P
gc 3199 @14.106s 6%: 0.10+1.0+0.095 ms clock, 0.80+0.79/0.77/0+0.76 ms cpu, 3->3->1 MB, 4 MB goal, 0 MB stacks, 0 MB globals, 8 P
gc 3200 @14.109s 6%: 0.093+0.65+0.056 ms clock, 0.74+0.89/0.80/0+0.45 ms cpu, 3->3->1 MB, 4 MB goal, 0 MB stacks, 0 MB globals, 8 P
gc 3201 @14.112s 6%: 0.11+0.53+0.074 ms clock, 0.93+0.71/0.73/0+0.59 ms cpu, 3->3->1 MB, 4 MB goal, 0 MB stacks, 0 MB globals, 8 P
gc 3202 @14.115s 6%: 0.068+0.53+0.099 ms clock, 0.55+0.84/0.68/0+0.79 ms cpu, 3->3->1 MB, 4 MB goal, 0 MB stacks, 0 MB globals, 8 P
gc 3203 @14.118s 6%: 0.12+0.77+0.079 ms clock, 1.0+0.74/0.74/0+0.63 ms cpu, 3->3->1 MB, 4 MB goal, 0 MB stacks, 0 MB globals, 8 P
gc 3204 @14.121s 6%: 0.097+0.94+0.065 ms clock, 0.78+0.67/0.74/0+0.52 ms cpu, 3->3->1 MB, 4 MB goal, 0 MB stacks, 0 MB globals, 8 P
gc 3205 @14.125s 6%: 0.12+0.98+0.092 ms clock, 1.0+0.54/0.84/0+0.74 ms cpu, 3->3->1 MB, 4 MB goal, 0 MB stacks, 0 MB globals, 8 P
gc 3206 @14.128s 6%: 0.10+0.53+0.081 ms clock, 0.80+0.77/0.70/0+0.64 ms cpu, 3->3->1 MB, 4 MB goal, 0 MB stacks, 0 MB globals, 8 P
gc 3207 @14.131s 6%: 0.10+0.58+0.047 ms clock, 0.81+0.80/0.78/0+0.38 ms cpu, 3->3->1 MB, 4 MB goal, 0 MB stacks, 0 MB globals, 8 P
gc 3208 @14.134s 6%: 0.14+0.60+0.082 ms clock, 1.1+0.68/0.80/0+0.66 ms cpu, 3->3->1 MB, 4 MB goal, 0 MB stacks, 0 MB globals, 8 P
gc 3209 @14.137s 6%: 0.092+0.52+0.045 ms clock, 0.74+0.81/0.78/0+0.36 ms cpu, 3->3->1 MB, 4 MB goal, 0 MB stacks, 0 MB globals, 8 P
gc 3210 @14.140s 6%: 0.14+0.56+0.067 ms clock, 1.1+0.67/0.81/0+0.54 ms cpu, 3->3->1 MB, 4 MB goal, 0 MB stacks, 0 MB globals, 8 P
gc 3211 @14.143s 6%: 0.10+0.65+0.12 ms clock, 0.84+0.72/0.84/0+0.98 ms cpu, 3->3->1 MB, 4 MB goal, 0 MB stacks, 0 MB globals, 8 P
gc 3212 @14.146s 6%: 0.11+0.90+0.067 ms clock, 0.92+0.67/0.75/0+0.54 ms cpu, 3->3->1 MB, 4 MB goal, 0 MB stacks, 0 MB globals, 8 P
gc 3213 @14.149s 6%: 0.12+1.0+0.098 ms clock, 0.98+0.69/0.83/0+0.78 ms cpu, 3->3->1 MB, 4 MB goal, 0 MB stacks, 0 MB globals, 8 P
gc 3214 @14.153s 6%: 0.13+0.62+0.063 ms clock, 1.0+0.76/0.79/0+0.50 ms cpu, 3->3->1 MB, 4 MB goal, 0 MB stacks, 0 MB globals, 8 P
gc 3215 @14.156s 6%: 0.077+0.63+0.051 ms clock, 0.62+0.76/0.81/0+0.41 ms cpu, 3->3->1 MB, 4 MB goal, 0 MB stacks, 0 MB globals, 8 P
gc 3216 @14.159s 6%: 0.13+0.53+0.11 ms clock, 1.0+0.68/0.77/0+0.90 ms cpu, 3->3->1 MB, 4 MB goal, 0 MB stacks, 0 MB globals, 8 P
gc 3217 @14.162s 6%: 0.13+1.1+0.093 ms clock, 1.0+0.66/0.75/0+0.74 ms cpu, 3->3->1 MB, 4 MB goal, 0 MB stacks, 0 MB globals, 8 P
gc 3218 @14.165s 6%: 0.10+0.85+0.017 ms clock, 0.86+0.77/0.77/0+0.14 ms cpu, 3->4->1 MB, 4 MB goal, 0 MB stacks, 0 MB globals, 8 P
gc 3219 @14.169s 6%: 0.097+0.70+0.028 ms clock, 0.78+0.78/0.73/0+0.23 ms cpu, 3->3->1 MB, 4 MB goal, 0 MB stacks, 0 MB globals, 8 P
gc 3220 @14.172s 6%: 0.13+0.86+0.032 ms clock, 1.0+0.62/0.83/0+0.26 ms cpu, 3->3->1 MB, 4 MB goal, 0 MB stacks, 0 MB globals, 8 P
gc 3221 @14.175s 6%: 0.11+1.1+0.078 ms clock, 0.90+0.86/0.75/0+0.63 ms cpu, 3->4->1 MB, 4 MB goal, 0 MB stacks, 0 MB globals, 8 P
gc 3222 @14.178s 6%: 0.075+0.57+0.10 ms clock, 0.60+0.88/0.71/0+0.83 ms cpu, 3->3->1 MB, 4 MB goal, 0 MB stacks, 0 MB globals, 8 P
gc 3223 @14.181s 6%: 0.12+0.58+0.14 ms clock, 1.0+0.76/0.70/0+1.1 ms cpu, 3->3->1 MB, 4 MB goal, 0 MB stacks, 0 MB globals, 8 P
gc 3224 @14.184s 6%: 0.12+0.58+0.13 ms clock, 1.0+0.73/0.78/0+1.0 ms cpu, 3->3->1 MB, 4 MB goal, 0 MB stacks, 0 MB globals, 8 P
gc 3225 @14.187s 6%: 0.10+0.57+0.11 ms clock, 0.82+0.83/0.68/0+0.92 ms cpu, 3->3->1 MB, 4 MB goal, 0 MB stacks, 0 MB globals, 8 P
gc 3226 @14.190s 6%: 0.092+1.2+0.066 ms clock, 0.74+1.6/0.89/0+0.53 ms cpu, 3->3->1 MB, 4 MB goal, 0 MB stacks, 0 MB globals, 8 P
gc 3227 @14.194s 6%: 0.12+0.80+0.088 ms clock, 0.96+0.74/0.83/0+0.70 ms cpu, 3->3->1 MB, 4 MB goal, 0 MB stacks, 0 MB globals, 8 P
gc 3228 @14.197s 6%: 0.078+0.72+0.079 ms clock, 0.63+0.85/0.92/0+0.63 ms cpu, 3->3->1 MB, 4 MB goal, 0 MB stacks, 0 MB globals, 8 P
gc 3229 @14.200s 6%: 0.11+0.58+0.081 ms clock, 0.89+0.62/0.81/0+0.65 ms cpu, 3->3->1 MB, 4 MB goal, 0 MB stacks, 0 MB globals, 8 P
gc 3230 @14.203s 6%: 0.12+0.60+0.10 ms clock, 1.0+0.77/0.73/0+0.86 ms cpu, 3->3->1 MB, 4 MB goal, 0 MB stacks, 0 MB globals, 8 P
gc 3231 @14.206s 6%: 0.14+0.58+0.078 ms clock, 1.1+0.72/0.82/0+0.62 ms cpu, 3->3->1 MB, 4 MB goal, 0 MB stacks, 0 MB globals, 8 P
gc 3232 @14.209s 6%: 0.087+0.62+0.10 ms clock, 0.69+0.76/0.71/0+0.83 ms cpu, 3->3->1 MB, 4 MB goal, 0 MB stacks, 0 MB globals, 8 P
gc 3233 @14.212s 6%: 0.097+0.57+0.059 ms clock, 0.77+0.90/0.68/0+0.47 ms cpu, 3->3->1 MB, 4 MB goal, 0 MB stacks, 0 MB globals, 8 P
gc 3234 @14.215s 6%: 0.10+0.67+0.063 ms clock, 0.80+0.64/0.87/0+0.51 ms cpu, 3->3->1 MB, 4 MB goal, 0 MB stacks, 0 MB globals, 8 P
gc 3235 @14.219s 6%: 0.093+0.76+0.078 ms clock, 0.74+0.68/0.78/0+0.62 ms cpu, 3->3->1 MB, 4 MB goal, 0 MB stacks, 0 MB globals, 8 P
gc 3236 @14.222s 6%: 0.10+0.74+0.085 ms clock, 0.86+0.79/0.80/0+0.68 ms cpu, 3->3->1 MB, 4 MB goal, 0 MB stacks, 0 MB globals, 8 P
gc 3237 @14.225s 6%: 0.12+0.52+0.066 ms clock, 0.98+0.88/0.69/0+0.53 ms cpu, 3->3->1 MB, 4 MB goal, 0 MB stacks, 0 MB globals, 8 P
gc 3238 @14.228s 6%: 0.084+0.64+0.10 ms clock, 0.67+0.82/0.76/0+0.87 ms cpu, 3->3->1 MB, 4 MB goal, 0 MB stacks, 0 MB globals, 8 P
gc 3239 @14.231s 6%: 0.11+0.52+0.088 ms clock, 0.95+0.73/0.77/0+0.70 ms cpu, 3->3->1 MB, 4 MB goal, 0 MB stacks, 0 MB globals, 8 P
gc 3240 @14.234s 6%: 0.081+1.1+0.079 ms clock, 0.64+0.23/0.93/0+0.63 ms cpu, 3->4->1 MB, 4 MB goal, 0 MB stacks, 0 MB globals, 8 P
gc 3241 @14.238s 6%: 0.11+1.2+0.074 ms clock, 0.88+0.56/0.96/0+0.59 ms cpu, 3->4->1 MB, 4 MB goal, 0 MB stacks, 0 MB globals, 8 P
gc 3242 @14.241s 6%: 0.20+1.0+0.091 ms clock, 1.6+0.53/0.86/0+0.73 ms cpu, 3->4->1 MB, 4 MB goal, 0 MB stacks, 0 MB globals, 8 P
gc 3243 @14.244s 6%: 0.090+0.56+0.11 ms clock, 0.72+0.90/0.74/0+0.95 ms cpu, 3->3->1 MB, 4 MB goal, 0 MB stacks, 0 MB globals, 8 P
gc 3244 @14.247s 6%: 0.10+0.92+0.082 ms clock, 0.86+0.73/0.79/0+0.65 ms cpu, 3->3->1 MB, 4 MB goal, 0 MB stacks, 0 MB globals, 8 P
gc 3245 @14.251s 6%: 0.089+0.56+0.095 ms clock, 0.71+0.64/0.73/0+0.76 ms cpu, 3->3->1 MB, 4 MB goal, 0 MB stacks, 0 MB globals, 8 P
gc 3246 @14.254s 6%: 0.11+0.91+0.084 ms clock, 0.89+0.65/0.85/0+0.67 ms cpu, 3->3->1 MB, 4 MB goal, 0 MB stacks, 0 MB globals, 8 P
gc 3247 @14.257s 6%: 0.10+1.2+0.072 ms clock, 0.82+0.61/0.77/0+0.58 ms cpu, 3->4->1 MB, 4 MB goal, 0 MB stacks, 0 MB globals, 8 P
gc 3248 @14.260s 6%: 0.33+1.0+0.076 ms clock, 2.6+0.92/1.1/0+0.61 ms cpu, 3->4->1 MB, 4 MB goal, 0 MB stacks, 0 MB globals, 8 P
gc 3249 @14.263s 6%: 0.091+0.59+0.098 ms clock, 0.73+0.77/0.72/0+0.78 ms cpu, 3->3->1 MB, 4 MB goal, 0 MB stacks, 0 MB globals, 8 P
gc 3250 @14.267s 6%: 0.092+0.83+0.091 ms clock, 0.73+0.88/0.77/0+0.73 ms cpu, 3->3->1 MB, 4 MB goal, 0 MB stacks, 0 MB globals, 8 P
gc 3251 @14.270s 6%: 0.10+0.50+0.051 ms clock, 0.85+0.81/0.73/0+0.41 ms cpu, 3->3->1 MB, 4 MB goal, 0 MB stacks, 0 MB globals, 8 P
gc 3252 @14.273s 6%: 0.13+0.51+0.13 ms clock, 1.0+0.76/0.79/0+1.0 ms cpu, 3->3->1 MB, 4 MB goal, 0 MB stacks, 0 MB globals, 8 P
gc 3253 @14.276s 6%: 0.10+0.60+0.11 ms clock, 0.83+0.64/0.83/0+0.94 ms cpu, 3->3->1 MB, 4 MB goal, 0 MB stacks, 0 MB globals, 8 P
gc 3254 @14.279s 6%: 0.096+0.98+0.087 ms clock, 0.77+0.47/0.80/0+0.69 ms cpu, 3->3->1 MB, 4 MB goal, 0 MB stacks, 0 MB globals, 8 P
gc 3255 @14.282s 6%: 0.085+0.53+0.072 ms clock, 0.68+0.79/0.67/0+0.58 ms cpu, 3->3->1 MB, 4 MB goal, 0 MB stacks, 0 MB globals, 8 P
gc 3256 @14.285s 6%: 0.11+1.1+0.080 ms clock, 0.88+0.88/0.78/0+0.64 ms cpu, 3->3->1 MB, 4 MB goal, 0 MB stacks, 0 MB globals, 8 P
gc 3257 @14.288s 6%: 0.13+0.60+0.060 ms clock, 1.0+0.79/0.74/0+0.48 ms cpu, 3->3->1 MB, 4 MB goal, 0 MB stacks, 0 MB globals, 8 P
gc 3258 @14.291s 6%: 0.10+0.53+0.10 ms clock, 0.86+0.79/0.70/0+0.85 ms cpu, 3->3->1 MB, 4 MB goal, 0 MB stacks, 0 MB globals, 8 P
gc 3259 @14.294s 6%: 0.094+0.67+0.11 ms clock, 0.75+0.82/0.79/0+0.88 ms cpu, 3->3->1 MB, 4 MB goal, 0 MB stacks, 0 MB globals, 8 P
gc 3260 @14.297s 6%: 0.090+0.60+0.095 ms clock, 0.72+0.76/0.73/0+0.76 ms cpu, 3->3->1 MB, 4 MB goal, 0 MB stacks, 0 MB globals, 8 P
gc 3261 @14.301s 6%: 0.12+0.61+0.12 ms clock, 1.0+0.77/0.81/0+1.0 ms cpu, 3->3->1 MB, 4 MB goal, 0 MB stacks, 0 MB globals, 8 P
gc 3262 @14.304s 6%: 0.11+0.65+0.092 ms clock, 0.95+0.45/0.79/0+0.73 ms cpu, 3->3->1 MB, 4 MB goal, 0 MB stacks, 0 MB globals, 8 P
gc 3263 @14.307s 6%: 0.14+0.97+0.088 ms clock, 1.1+0.72/0.72/0+0.70 ms cpu, 3->3->1 MB, 4 MB goal, 0 MB stacks, 0 MB globals, 8 P
gc 3264 @14.310s 6%: 0.13+0.56+0.097 ms clock, 1.0+0.74/0.77/0+0.77 ms cpu, 3->3->1 MB, 4 MB goal, 0 MB stacks, 0 MB globals, 8 P
gc 3265 @14.313s 6%: 0.092+0.64+0.051 ms clock, 0.74+0.83/0.75/0+0.41 ms cpu, 3->3->1 MB, 4 MB goal, 0 MB stacks, 0 MB globals, 8 P
gc 3266 @14.316s 6%: 0.10+0.97+0.087 ms clock, 0.86+0.79/0.73/0+0.70 ms cpu, 3->3->1 MB, 4 MB goal, 0 MB stacks, 0 MB globals, 8 P
gc 3267 @14.319s 6%: 0.062+0.59+0.091 ms clock, 0.50+0.81/0.71/0+0.73 ms cpu, 3->3->1 MB, 4 MB goal, 0 MB stacks, 0 MB globals, 8 P
gc 3268 @14.322s 6%: 0.10+1.6+0.10 ms clock, 0.85+0.80/0.83/0+0.81 ms cpu, 3->4->2 MB, 4 MB goal, 0 MB stacks, 0 MB globals, 8 P
gc 3269 @14.327s 6%: 0.084+0.95+0.081 ms clock, 0.67+0.69/0.80/0+0.65 ms cpu, 3->4->1 MB, 4 MB goal, 0 MB stacks, 0 MB globals, 8 P
gc 3270 @14.330s 6%: 0.079+0.99+0.088 ms clock, 0.63+0.71/0.75/0+0.70 ms cpu, 3->3->1 MB, 4 MB goal, 0 MB stacks, 0 MB globals, 8 P
gc 3271 @14.333s 6%: 0.15+0.60+0.061 ms clock, 1.2+0.75/0.79/0+0.49 ms cpu, 3->3->1 MB, 4 MB goal, 0 MB stacks, 0 MB globals, 8 P
gc 3272 @14.336s 6%: 0.086+1.3+0.058 ms clock, 0.69+0.69/0.78/0+0.46 ms cpu, 3->4->1 MB, 4 MB goal, 0 MB stacks, 0 MB globals, 8 P
gc 3273 @14.340s 6%: 0.091+0.82+0.046 ms clock, 0.73+0.70/0.83/0+0.37 ms cpu, 3->4->1 MB, 4 MB goal, 0 MB stacks, 0 MB globals, 8 P
gc 3274 @14.343s 6%: 0.13+1.1+0.13 ms clock, 1.0+0.61/0.75/0+1.0 ms cpu, 3->3->1 MB, 4 MB goal, 0 MB stacks, 0 MB globals, 8 P
gc 3275 @14.346s 6%: 0.13+1.1+0.087 ms clock, 1.0+0.71/0.86/0+0.70 ms cpu, 3->4->1 MB, 4 MB goal, 0 MB stacks, 0 MB globals, 8 P
gc 3276 @14.350s 6%: 0.11+1.1+0.080 ms clock, 0.90+0.55/0.97/0+0.64 ms cpu, 3->4->1 MB, 4 MB goal, 0 MB stacks, 0 MB globals, 8 P
gc 3277 @14.353s 6%: 0.083+0.54+0.047 ms clock, 0.67+0.74/0.87/0+0.37 ms cpu, 3->3->1 MB, 4 MB goal, 0 MB stacks, 0 MB globals, 8 P
gc 3278 @14.356s 6%: 0.12+0.59+0.10 ms clock, 1.0+0.84/0.77/0+0.84 ms cpu, 3->3->1 MB, 4 MB goal, 0 MB stacks, 0 MB globals, 8 P
gc 3279 @14.359s 6%: 0.096+0.48+0.090 ms clock, 0.77+0.80/0.76/0+0.72 ms cpu, 3->3->1 MB, 4 MB goal, 0 MB stacks, 0 MB globals, 8 P
gc 3280 @14.362s 6%: 0.12+0.84+0.070 ms clock, 1.0+0.74/0.79/0+0.56 ms cpu, 3->3->1 MB, 4 MB goal, 0 MB stacks, 0 MB globals, 8 P
gc 3281 @14.365s 6%: 0.10+0.66+0.090 ms clock, 0.81+0.82/0.82/0+0.72 ms cpu, 3->3->1 MB, 4 MB goal, 0 MB stacks, 0 MB globals, 8 P
gc 3282 @14.368s 6%: 0.11+1.0+0.092 ms clock, 0.88+0.86/0.67/0+0.74 ms cpu, 3->3->1 MB, 4 MB goal, 0 MB stacks, 0 MB globals, 8 P
gc 3283 @14.371s 6%: 0.11+0.61+0.082 ms clock, 0.94+0.73/0.77/0+0.65 ms cpu, 3->3->1 MB, 4 MB goal, 0 MB stacks, 0 MB globals, 8 P
gc 3284 @14.374s 6%: 0.070+0.57+0.044 ms clock, 0.56+0.82/0.67/0+0.35 ms cpu, 3->3->1 MB, 4 MB goal, 0 MB stacks, 0 MB globals, 8 P
gc 3285 @14.377s 6%: 0.10+0.92+0.093 ms clock, 0.85+0.74/0.63/0+0.74 ms cpu, 3->3->1 MB, 4 MB goal, 0 MB stacks, 0 MB globals, 8 P
gc 3286 @14.381s 6%: 0.082+0.48+0.10 ms clock, 0.66+0.84/0.66/0+0.82 ms cpu, 3->3->1 MB, 4 MB goal, 0 MB stacks, 0 MB globals, 8 P
gc 3287 @14.384s 6%: 0.12+0.73+0.10 ms clock, 1.0+0.56/0.80/0+0.87 ms cpu, 3->3->1 MB, 4 MB goal, 0 MB stacks, 0 MB globals, 8 P
gc 3288 @14.387s 6%: 0.083+0.93+0.080 ms clock, 0.66+0.82/0.72/0+0.64 ms cpu, 3->3->1 MB, 4 MB goal, 0 MB stacks, 0 MB globals, 8 P
gc 3289 @14.390s 6%: 0.11+0.53+0.11 ms clock, 0.94+0.87/0.68/0+0.89 ms cpu, 3->3->1 MB, 4 MB goal, 0 MB stacks, 0 MB globals, 8 P
gc 3290 @14.393s 6%: 0.13+1.0+0.069 ms clock, 1.0+0.75/0.81/0+0.55 ms cpu, 3->3->1 MB, 4 MB goal, 0 MB stacks, 0 MB globals, 8 P
gc 3291 @14.396s 6%: 0.083+0.54+0.11 ms clock, 0.66+0.68/0.81/0+0.88 ms cpu, 3->3->1 MB, 4 MB goal, 0 MB stacks, 0 MB globals, 8 P
gc 3292 @14.399s 6%: 0.10+0.58+0.10 ms clock, 0.84+0.81/0.75/0+0.85 ms cpu, 3->3->1 MB, 4 MB goal, 0 MB stacks, 0 MB globals, 8 P
gc 3293 @14.402s 6%: 0.11+0.55+0.093 ms clock, 0.92+0.89/0.64/0+0.75 ms cpu, 3->3->1 MB, 4 MB goal, 0 MB stacks, 0 MB globals, 8 P
gc 3294 @14.405s 6%: 0.13+0.61+0.037 ms clock, 1.0+0.82/0.70/0+0.30 ms cpu, 3->3->1 MB, 4 MB goal, 0 MB stacks, 0 MB globals, 8 P
gc 3295 @14.408s 6%: 0.11+0.93+0.044 ms clock, 0.95+0.80/0.72/0+0.35 ms cpu, 3->3->1 MB, 4 MB goal, 0 MB stacks, 0 MB globals, 8 P
gc 3296 @14.412s 6%: 0.10+0.61+0.11 ms clock, 0.80+0.71/0.73/0+0.92 ms cpu, 3->3->1 MB, 4 MB goal, 0 MB stacks, 0 MB globals, 8 P
gc 3297 @14.415s 6%: 0.10+1.3+0.094 ms clock, 0.84+0.60/0.88/0+0.75 ms cpu, 3->4->1 MB, 4 MB goal, 0 MB stacks, 0 MB globals, 8 P
gc 3298 @14.418s 6%: 0.10+0.58+0.049 ms clock, 0.86+0.77/0.74/0+0.39 ms cpu, 3->4->1 MB, 4 MB goal, 0 MB stacks, 0 MB globals, 8 P
gc 3299 @14.421s 6%: 0.083+1.2+0.11 ms clock, 0.66+0.80/0.77/0+0.94 ms cpu, 3->4->1 MB, 4 MB goal, 0 MB stacks, 0 MB globals, 8 P
gc 3300 @14.425s 6%: 0.10+1.2+0.049 ms clock, 0.84+1.0/0.78/0+0.39 ms cpu, 3->4->1 MB, 4 MB goal, 0 MB stacks, 0 MB globals, 8 P
gc 3301 @14.428s 6%: 0.089+0.52+0.070 ms clock, 0.71+0.74/0.68/0+0.56 ms cpu, 3->3->1 MB, 4 MB goal, 0 MB stacks, 0 MB globals, 8 P
gc 3302 @14.431s 6%: 0.10+0.56+0.072 ms clock, 0.84+0.78/0.77/0+0.58 ms cpu, 3->3->1 MB, 4 MB goal, 0 MB stacks, 0 MB globals, 8 P
gc 3303 @14.434s 6%: 0.10+0.56+0.058 ms clock, 0.80+0.86/0.71/0+0.46 ms cpu, 3->3->1 MB, 4 MB goal, 0 MB stacks, 0 MB globals, 8 P
gc 3304 @14.437s 6%: 0.13+1.0+0.098 ms clock, 1.0+0.76/0.86/0+0.78 ms cpu, 3->3->1 MB, 4 MB goal, 0 MB stacks, 0 MB globals, 8 P
gc 3305 @14.441s 6%: 0.14+0.57+0.057 ms clock, 1.1+0.83/0.74/0+0.46 ms cpu, 3->3->1 MB, 4 MB goal, 0 MB stacks, 0 MB globals, 8 P
gc 3306 @14.444s 6%: 0.11+0.72+0.12 ms clock, 0.95+0.67/0.74/0+1.0 ms cpu, 3->3->1 MB, 4 MB goal, 0 MB stacks, 0 MB globals, 8 P
gc 3307 @14.447s 6%: 0.11+0.88+0.14 ms clock, 0.94+0.60/0.72/0+1.1 ms cpu, 3->3->1 MB, 4 MB goal, 0 MB stacks, 0 MB globals, 8 P
gc 3308 @14.450s 6%: 0.10+1.0+0.093 ms clock, 0.84+0.89/0.62/0+0.75 ms cpu, 3->3->1 MB, 4 MB goal, 0 MB stacks, 0 MB globals, 8 P
gc 3309 @14.453s 6%: 0.12+1.0+0.11 ms clock, 0.97+0.64/0.84/0.033+0.94 ms cpu, 3->4->1 MB, 4 MB goal, 0 MB stacks, 0 MB globals, 8 P
gc 3310 @14.457s 6%: 0.091+0.52+0.10 ms clock, 0.72+0.65/0.71/0+0.81 ms cpu, 3->3->1 MB, 4 MB goal, 0 MB stacks, 0 MB globals, 8 P
gc 3311 @14.460s 6%: 0.11+1.1+0.043 ms clock, 0.88+0.59/0.85/0+0.34 ms cpu, 3->3->1 MB, 4 MB goal, 0 MB stacks, 0 MB globals, 8 P
gc 3312 @14.463s 6%: 0.11+1.0+0.072 ms clock, 0.93+1.3/0.75/0+0.57 ms cpu, 3->4->1 MB, 4 MB goal, 0 MB stacks, 0 MB globals, 8 P
gc 3313 @14.466s 6%: 0.097+0.95+0.073 ms clock, 0.78+0.63/0.80/0+0.58 ms cpu, 3->4->1 MB, 4 MB goal, 0 MB stacks, 0 MB globals, 8 P
gc 3314 @14.469s 6%: 0.095+0.55+0.094 ms clock, 0.76+0.80/0.68/0+0.75 ms cpu, 3->3->1 MB, 4 MB goal, 0 MB stacks, 0 MB globals, 8 P
gc 3315 @14.473s 6%: 0.073+0.64+0.11 ms clock, 0.59+0.83/0.70/0+0.92 ms cpu, 3->3->1 MB, 4 MB goal, 0 MB stacks, 0 MB globals, 8 P
gc 3316 @14.476s 6%: 0.11+0.55+0.10 ms clock, 0.92+0.81/0.76/0+0.84 ms cpu, 3->3->1 MB, 4 MB goal, 0 MB stacks, 0 MB globals, 8 P
gc 3317 @14.479s 6%: 0.093+0.57+0.061 ms clock, 0.75+0.79/0.73/0+0.49 ms cpu, 3->3->1 MB, 4 MB goal, 0 MB stacks, 0 MB globals, 8 P
gc 3318 @14.482s 6%: 0.10+0.55+0.096 ms clock, 0.81+0.78/0.76/0+0.77 ms cpu, 3->3->1 MB, 4 MB goal, 0 MB stacks, 0 MB globals, 8 P
gc 3319 @14.485s 6%: 0.12+0.62+0.10 ms clock, 0.99+0.79/0.80/0+0.87 ms cpu, 3->3->1 MB, 4 MB goal, 0 MB stacks, 0 MB globals, 8 P
gc 3320 @14.488s 6%: 0.14+0.58+0.077 ms clock, 1.1+0.62/0.89/0+0.61 ms cpu, 3->3->1 MB, 4 MB goal, 0 MB stacks, 0 MB globals, 8 P
gc 3321 @14.491s 6%: 0.10+0.79+0.059 ms clock, 0.85+1.2/0.83/0+0.47 ms cpu, 3->3->1 MB, 4 MB goal, 0 MB stacks, 0 MB globals, 8 P
gc 3322 @14.494s 6%: 0.072+1.3+0.060 ms clock, 0.58+0.69/0.77/0+0.48 ms cpu, 3->3->1 MB, 4 MB goal, 0 MB stacks, 0 MB globals, 8 P
gc 3323 @14.497s 6%: 0.065+0.95+0.087 ms clock, 0.52+0.79/0.79/0+0.70 ms cpu, 3->3->1 MB, 4 MB goal, 0 MB stacks, 0 MB globals, 8 P
gc 3324 @14.500s 6%: 0.12+0.83+0.092 ms clock, 1.0+0.85/0.76/0+0.74 ms cpu, 3->3->1 MB, 4 MB goal, 0 MB stacks, 0 MB globals, 8 P
gc 3325 @14.504s 6%: 0.11+0.58+0.071 ms clock, 0.91+0.93/0.74/0+0.56 ms cpu, 3->3->1 MB, 4 MB goal, 0 MB stacks, 0 MB globals, 8 P
gc 3326 @14.507s 6%: 0.12+0.87+0.039 ms clock, 1.0+0.76/0.74/0+0.31 ms cpu, 3->3->1 MB, 4 MB goal, 0 MB stacks, 0 MB globals, 8 P
gc 3327 @14.510s 6%: 0.10+0.59+0.034 ms clock, 0.87+0.75/0.76/0+0.27 ms cpu, 3->3->1 MB, 4 MB goal, 0 MB stacks, 0 MB globals, 8 P
gc 3328 @14.513s 6%: 0.13+0.62+0.084 ms clock, 1.0+0.76/0.78/0+0.67 ms cpu, 3->3->1 MB, 4 MB goal, 0 MB stacks, 0 MB globals, 8 P
gc 3329 @14.516s 6%: 0.12+0.58+0.055 ms clock, 1.0+0.79/0.69/0+0.44 ms cpu, 3->3->1 MB, 4 MB goal, 0 MB stacks, 0 MB globals, 8 P
gc 3330 @14.519s 6%: 0.11+0.67+0.10 ms clock, 0.88+0.91/0.69/0+0.84 ms cpu, 3->3->1 MB, 4 MB goal, 0 MB stacks, 0 MB globals, 8 P
gc 3331 @14.522s 6%: 0.097+0.62+0.099 ms clock, 0.77+0.80/0.80/0+0.79 ms cpu, 3->3->1 MB, 4 MB goal, 0 MB stacks, 0 MB globals, 8 P
gc 3332 @14.525s 6%: 0.13+0.58+0.064 ms clock, 1.1+0.84/0.82/0+0.51 ms cpu, 3->3->1 MB, 4 MB goal, 0 MB stacks, 0 MB globals, 8 P
gc 3333 @14.528s 6%: 0.085+0.52+0.072 ms clock, 0.68+0.86/0.78/0+0.57 ms cpu, 3->3->1 MB, 4 MB goal, 0 MB stacks, 0 MB globals, 8 P
gc 3334 @14.531s 6%: 0.13+0.67+0.12 ms clock, 1.0+0.60/0.88/0+0.96 ms cpu, 3->3->1 MB, 4 MB goal, 0 MB stacks, 0 MB globals, 8 P
gc 3335 @14.534s 6%: 0.11+0.61+0.082 ms clock, 0.89+0.75/0.75/0+0.65 ms cpu, 3->3->1 MB, 4 MB goal, 0 MB stacks, 0 MB globals, 8 P
gc 3336 @14.537s 6%: 0.13+0.65+0.099 ms clock, 1.0+0.68/0.80/0+0.79 ms cpu, 3->3->1 MB, 4 MB goal, 0 MB stacks, 0 MB globals, 8 P
gc 3337 @14.540s 6%: 0.075+0.95+0.068 ms clock, 0.60+0.77/0.68/0+0.54 ms cpu, 3->3->1 MB, 4 MB goal, 0 MB stacks, 0 MB globals, 8 P
gc 3338 @14.544s 6%: 0.089+0.63+0.062 ms clock, 0.71+0.77/0.85/0+0.50 ms cpu, 3->3->1 MB, 4 MB goal, 0 MB stacks, 0 MB globals, 8 P
gc 3339 @14.547s 6%: 0.075+1.0+0.060 ms clock, 0.60+0.63/0.86/0+0.48 ms cpu, 3->3->1 MB, 4 MB goal, 0 MB stacks, 0 MB globals, 8 P
gc 3340 @14.550s 6%: 0.11+1.1+0.078 ms clock, 0.95+1.3/0.80/0+0.63 ms cpu, 3->4->1 MB, 4 MB goal, 0 MB stacks, 0 MB globals, 8 P
gc 3341 @14.553s 6%: 0.095+0.52+0.091 ms clock, 0.76+0.49/0.74/0+0.72 ms cpu, 3->3->1 MB, 4 MB goal, 0 MB stacks, 0 MB globals, 8 P
gc 3342 @14.556s 6%: 0.081+0.57+0.073 ms clock, 0.65+0.81/0.77/0+0.58 ms cpu, 3->3->1 MB, 4 MB goal, 0 MB stacks, 0 MB globals, 8 P
gc 3343 @14.559s 6%: 0.10+0.85+0.10 ms clock, 0.85+0.85/0.76/0+0.82 ms cpu, 3->3->1 MB, 4 MB goal, 0 MB stacks, 0 MB globals, 8 P
gc 3344 @14.562s 6%: 0.084+0.57+0.077 ms clock, 0.67+0.81/0.73/0+0.61 ms cpu, 3->3->1 MB, 4 MB goal, 0 MB stacks, 0 MB globals, 8 P
gc 3345 @14.565s 6%: 0.12+0.58+0.058 ms clock, 0.97+0.84/0.72/0+0.46 ms cpu, 3->3->1 MB, 4 MB goal, 0 MB stacks, 0 MB globals, 8 P
gc 3346 @14.569s 6%: 0.12+0.50+0.081 ms clock, 0.98+0.71/0.73/0+0.64 ms cpu, 3->3->1 MB, 4 MB goal, 0 MB stacks, 0 MB globals, 8 P
gc 3347 @14.572s 6%: 0.079+0.63+0.071 ms clock, 0.63+0.70/0.71/0+0.56 ms cpu, 3->3->1 MB, 4 MB goal, 0 MB stacks, 0 MB globals, 8 P
gc 3348 @14.575s 6%: 0.10+0.58+0.079 ms clock, 0.84+0.82/0.73/0+0.63 ms cpu, 3->3->1 MB, 4 MB goal, 0 MB stacks, 0 MB globals, 8 P
gc 3349 @14.578s 6%: 0.13+0.61+0.10 ms clock, 1.0+0.91/0.77/0+0.83 ms cpu, 3->3->1 MB, 4 MB goal, 0 MB stacks, 0 MB globals, 8 P
gc 3350 @14.581s 6%: 0.13+1.0+0.10 ms clock, 1.0+0.58/0.85/0+0.86 ms cpu, 3->3->1 MB, 4 MB goal, 0 MB stacks, 0 MB globals, 8 P
gc 3351 @14.584s 6%: 0.10+0.63+0.11 ms clock, 0.86+0.84/0.73/0+0.88 ms cpu, 3->3->1 MB, 4 MB goal, 0 MB stacks, 0 MB globals, 8 P
gc 3352 @14.587s 6%: 0.097+0.81+0.10 ms clock, 0.77+0.70/0.82/0+0.84 ms cpu, 3->3->1 MB, 4 MB goal, 0 MB stacks, 0 MB globals, 8 P
gc 3353 @14.590s 6%: 0.12+1.1+0.094 ms clock, 0.97+0.68/0.80/0+0.75 ms cpu, 3->4->1 MB, 4 MB goal, 0 MB stacks, 0 MB globals, 8 P
gc 3354 @14.594s 6%: 0.14+1.1+0.061 ms clock, 1.1+0.58/0.84/0+0.49 ms cpu, 3->4->1 MB, 4 MB goal, 0 MB stacks, 0 MB globals, 8 P
gc 3355 @14.597s 6%: 0.12+0.58+0.066 ms clock, 1.0+0.41/0.89/0+0.53 ms cpu, 3->3->1 MB, 4 MB goal, 0 MB stacks, 0 MB globals, 8 P
gc 3356 @14.600s 6%: 0.11+0.97+0.072 ms clock, 0.91+0.47/0.84/0+0.58 ms cpu, 3->3->1 MB, 4 MB goal, 0 MB stacks, 0 MB globals, 8 P
gc 3357 @14.603s 6%: 0.13+0.54+0.095 ms clock, 1.0+0.70/0.71/0+0.76 ms cpu, 3->3->1 MB, 4 MB goal, 0 MB stacks, 0 MB globals, 8 P
gc 3358 @14.606s 6%: 0.12+0.83+0.097 ms clock, 0.99+0.80/0.81/0+0.77 ms cpu, 3->3->1 MB, 4 MB goal, 0 MB stacks, 0 MB globals, 8 P
gc 3359 @14.609s 6%: 0.077+0.59+0.056 ms clock, 0.61+0.96/0.65/0+0.44 ms cpu, 3->3->1 MB, 4 MB goal, 0 MB stacks, 0 MB globals, 8 P
gc 3360 @14.612s 6%: 0.10+0.50+0.12 ms clock, 0.86+0.75/0.77/0+0.98 ms cpu, 3->3->1 MB, 4 MB goal, 0 MB stacks, 0 MB globals, 8 P
gc 3361 @14.615s 6%: 0.11+0.64+0.096 ms clock, 0.88+0.69/0.77/0+0.77 ms cpu, 3->3->1 MB, 4 MB goal, 0 MB stacks, 0 MB globals, 8 P
gc 3362 @14.618s 6%: 0.10+0.60+0.077 ms clock, 0.81+0.72/0.78/0+0.62 ms cpu, 3->3->1 MB, 4 MB goal, 0 MB stacks, 0 MB globals, 8 P
gc 3363 @14.621s 6%: 0.12+0.59+0.075 ms clock, 0.99+0.77/0.71/0+0.60 ms cpu, 3->3->1 MB, 4 MB goal, 0 MB stacks, 0 MB globals, 8 P
gc 3364 @14.624s 6%: 0.089+0.92+0.079 ms clock, 0.71+0.74/0.74/0+0.63 ms cpu, 3->3->1 MB, 4 MB goal, 0 MB stacks, 0 MB globals, 8 P
gc 3365 @14.627s 6%: 0.10+0.61+0.090 ms clock, 0.83+0.62/0.81/0+0.72 ms cpu, 3->3->1 MB, 4 MB goal, 0 MB stacks, 0 MB globals, 8 P
gc 3366 @14.630s 6%: 0.092+0.63+0.078 ms clock, 0.73+0.72/0.75/0+0.62 ms cpu, 3->3->1 MB, 4 MB goal, 0 MB stacks, 0 MB globals, 8 P
gc 3367 @14.633s 6%: 0.12+0.58+0.073 ms clock, 1.0+0.68/0.80/0+0.58 ms cpu, 3->3->1 MB, 4 MB goal, 0 MB stacks, 0 MB globals, 8 P
gc 3368 @14.637s 6%: 0.11+0.73+0.057 ms clock, 0.88+1.2/0.85/0+0.45 ms cpu, 3->3->1 MB, 4 MB goal, 0 MB stacks, 0 MB globals, 8 P
gc 3369 @14.640s 6%: 0.10+1.1+0.053 ms clock, 0.85+0.76/0.77/0+0.42 ms cpu, 3->3->1 MB, 4 MB goal, 0 MB stacks, 0 MB globals, 8 P
gc 3370 @14.643s 6%: 0.13+0.59+0.053 ms clock, 1.0+0.85/0.72/0+0.42 ms cpu, 3->3->1 MB, 4 MB goal, 0 MB stacks, 0 MB globals, 8 P
gc 3371 @14.646s 6%: 0.10+0.60+0.10 ms clock, 0.87+0.73/0.80/0+0.80 ms cpu, 3->3->1 MB, 4 MB goal, 0 MB stacks, 0 MB globals, 8 P
gc 3372 @14.649s 6%: 0.13+0.60+0.074 ms clock, 1.1+0.80/0.76/0+0.59 ms cpu, 3->3->1 MB, 4 MB goal, 0 MB stacks, 0 MB globals, 8 P
gc 3373 @14.652s 6%: 0.080+1.2+0.092 ms clock, 0.64+0.71/0.74/0+0.73 ms cpu, 3->4->1 MB, 4 MB goal, 0 MB stacks, 0 MB globals, 8 P
gc 3374 @14.656s 6%: 0.11+0.57+0.089 ms clock, 0.94+0.86/0.72/0+0.71 ms cpu, 3->3->1 MB, 4 MB goal, 0 MB stacks, 0 MB globals, 8 P
gc 3375 @14.659s 6%: 0.095+0.51+0.046 ms clock, 0.76+0.83/0.70/0+0.36 ms cpu, 3->3->1 MB, 4 MB goal, 0 MB stacks, 0 MB globals, 8 P
gc 3376 @14.662s 6%: 0.12+0.53+0.10 ms clock, 0.99+0.82/0.58/0+0.81 ms cpu, 3->3->1 MB, 4 MB goal, 0 MB stacks, 0 MB globals, 8 P
gc 3377 @14.665s 6%: 0.091+1.1+0.10 ms clock, 0.73+0.74/0.83/0+0.83 ms cpu, 3->3->1 MB, 4 MB goal, 0 MB stacks, 0 MB globals, 8 P
gc 3378 @14.668s 6%: 0.12+0.54+0.098 ms clock, 0.96+0.82/0.74/0+0.79 ms cpu, 3->3->1 MB, 4 MB goal, 0 MB stacks, 0 MB globals, 8 P
gc 3379 @14.671s 6%: 0.11+0.59+0.092 ms clock, 0.93+0.77/0.75/0+0.74 ms cpu, 3->3->1 MB, 4 MB goal, 0 MB stacks, 0 MB globals, 8 P
gc 3380 @14.674s 6%: 0.094+0.52+0.062 ms clock, 0.75+0.80/0.72/0+0.50 ms cpu, 3->3->1 MB, 4 MB goal, 0 MB stacks, 0 MB globals, 8 P
gc 3381 @14.677s 6%: 0.10+0.58+0.098 ms clock, 0.83+0.78/0.74/0+0.78 ms cpu, 3->3->1 MB, 4 MB goal, 0 MB stacks, 0 MB globals, 8 P
gc 3382 @14.680s 6%: 0.12+0.57+0.081 ms clock, 1.0+0.55/0.82/0+0.65 ms cpu, 3->3->1 MB, 4 MB goal, 0 MB stacks, 0 MB globals, 8 P
gc 3383 @14.683s 6%: 0.13+0.89+0.083 ms clock, 1.1+0.63/0.86/0+0.66 ms cpu, 3->3->1 MB, 4 MB goal, 0 MB stacks, 0 MB globals, 8 P
gc 3384 @14.687s 6%: 0.10+0.78+0.073 ms clock, 0.87+0.83/0.85/0+0.58 ms cpu, 3->3->1 MB, 4 MB goal, 0 MB stacks, 0 MB globals, 8 P
gc 3385 @14.690s 6%: 0.072+0.50+0.051 ms clock, 0.57+0.74/0.71/0+0.41 ms cpu, 3->3->1 MB, 4 MB goal, 0 MB stacks, 0 MB globals, 8 P
gc 3386 @14.693s 6%: 0.088+0.91+0.064 ms clock, 0.70+0.87/0.65/0+0.51 ms cpu, 3->3->1 MB, 4 MB goal, 0 MB stacks, 0 MB globals, 8 P
gc 3387 @14.696s 6%: 0.087+0.53+0.11 ms clock, 0.69+0.79/0.73/0+0.89 ms cpu, 3->3->1 MB, 4 MB goal, 0 MB stacks, 0 MB globals, 8 P
gc 3388 @14.699s 6%: 0.099+0.50+0.078 ms clock, 0.79+0.89/0.68/0+0.63 ms cpu, 3->3->1 MB, 4 MB goal, 0 MB stacks, 0 MB globals, 8 P
gc 3389 @14.702s 6%: 0.11+0.99+0.094 ms clock, 0.92+0.81/0.65/0+0.75 ms cpu, 3->3->1 MB, 4 MB goal, 0 MB stacks, 0 MB globals, 8 P
gc 3390 @14.705s 6%: 0.12+0.60+0.062 ms clock, 1.0+0.75/0.72/0+0.49 ms cpu, 3->3->1 MB, 4 MB goal, 0 MB stacks, 0 MB globals, 8 P
gc 3391 @14.708s 6%: 0.13+0.95+0.10 ms clock, 1.0+0.57/0.79/0+0.84 ms cpu, 3->3->1 MB, 4 MB goal, 0 MB stacks, 0 MB globals, 8 P
gc 3392 @14.712s 6%: 0.13+0.65+0.092 ms clock, 1.0+0.56/0.76/0+0.74 ms cpu, 3->3->1 MB, 4 MB goal, 0 MB stacks, 0 MB globals, 8 P
gc 3393 @14.715s 6%: 0.10+0.56+0.10 ms clock, 0.84+0.85/0.78/0+0.84 ms cpu, 3->3->1 MB, 4 MB goal, 0 MB stacks, 0 MB globals, 8 P
gc 3394 @14.718s 6%: 0.11+0.49+0.082 ms clock, 0.94+0.91/0.67/0+0.66 ms cpu, 3->3->1 MB, 4 MB goal, 0 MB stacks, 0 MB globals, 8 P
gc 3395 @14.721s 6%: 0.12+0.98+0.095 ms clock, 1.0+0.79/0.72/0+0.76 ms cpu, 3->3->1 MB, 4 MB goal, 0 MB stacks, 0 MB globals, 8 P
gc 3396 @14.724s 6%: 0.11+1.2+0.15 ms clock, 0.92+0.74/0.80/0+1.2 ms cpu, 3->4->1 MB, 4 MB goal, 0 MB stacks, 0 MB globals, 8 P
gc 3397 @14.728s 6%: 0.13+1.2+0.089 ms clock, 1.0+0.64/0.79/0+0.71 ms cpu, 3->4->1 MB, 4 MB goal, 0 MB stacks, 0 MB globals, 8 P
gc 3398 @14.731s 6%: 0.10+0.60+0.055 ms clock, 0.87+0.73/0.76/0+0.44 ms cpu, 3->3->1 MB, 4 MB goal, 0 MB stacks, 0 MB globals, 8 P
gc 3399 @14.734s 6%: 0.085+1.0+0.079 ms clock, 0.68+0.56/0.81/0+0.63 ms cpu, 3->3->1 MB, 4 MB goal, 0 MB stacks, 0 MB globals, 8 P
gc 3400 @14.737s 6%: 0.11+0.54+0.090 ms clock, 0.91+0.85/0.72/0+0.72 ms cpu, 3->3->1 MB, 4 MB goal, 0 MB stacks, 0 MB globals, 8 P
gc 3401 @14.741s 6%: 0.10+0.55+0.12 ms clock, 0.80+0.77/0.73/0+0.99 ms cpu, 3->3->1 MB, 4 MB goal, 0 MB stacks, 0 MB globals, 8 P
gc 3402 @14.743s 6%: 0.11+0.91+0.084 ms clock, 0.94+0.66/0.78/0+0.67 ms cpu, 3->3->1 MB, 4 MB goal, 0 MB stacks, 0 MB globals, 8 P
gc 3403 @14.747s 6%: 0.090+0.60+0.087 ms clock, 0.72+0.69/0.76/0+0.69 ms cpu, 3->3->1 MB, 4 MB goal, 0 MB stacks, 0 MB globals, 8 P
gc 3404 @14.750s 6%: 0.10+0.92+0.11 ms clock, 0.83+0.70/0.84/0+0.88 ms cpu, 3->3->1 MB, 4 MB goal, 0 MB stacks, 0 MB globals, 8 P
gc 3405 @14.753s 6%: 0.11+1.0+0.095 ms clock, 0.89+0.71/0.76/0+0.76 ms cpu, 3->3->1 MB, 4 MB goal, 0 MB stacks, 0 MB globals, 8 P
gc 3406 @14.756s 6%: 0.12+0.64+0.12 ms clock, 0.98+0.67/0.88/0+0.96 ms cpu, 3->3->1 MB, 4 MB goal, 0 MB stacks, 0 MB globals, 8 P
gc 3407 @14.759s 6%: 0.076+1.1+0.094 ms clock, 0.61+0.86/0.71/0+0.75 ms cpu, 3->4->1 MB, 4 MB goal, 0 MB stacks, 0 MB globals, 8 P
gc 3408 @14.763s 6%: 0.095+0.66+0.11 ms clock, 0.76+0.76/0.86/0+0.94 ms cpu, 3->3->1 MB, 4 MB goal, 0 MB stacks, 0 MB globals, 8 P
gc 3409 @14.766s 6%: 0.11+0.64+0.11 ms clock, 0.95+0.78/0.73/0+0.95 ms cpu, 3->3->1 MB, 4 MB goal, 0 MB stacks, 0 MB globals, 8 P
gc 3410 @14.769s 6%: 0.098+0.58+0.10 ms clock, 0.78+0.68/0.82/0+0.82 ms cpu, 3->3->1 MB, 4 MB goal, 0 MB stacks, 0 MB globals, 8 P
gc 3411 @14.772s 6%: 0.099+0.57+0.11 ms clock, 0.79+0.84/0.72/0+0.91 ms cpu, 3->3->1 MB, 4 MB goal, 0 MB stacks, 0 MB globals, 8 P
gc 3412 @14.775s 6%: 0.11+0.76+0.14 ms clock, 0.88+0.78/0.88/0+1.1 ms cpu, 3->3->1 MB, 4 MB goal, 0 MB stacks, 0 MB globals, 8 P
gc 3413 @14.778s 6%: 0.12+0.62+0.11 ms clock, 0.96+0.75/0.76/0+0.92 ms cpu, 3->3->1 MB, 4 MB goal, 0 MB stacks, 0 MB globals, 8 P
gc 3414 @14.781s 6%: 0.12+0.58+0.12 ms clock, 0.96+0.77/0.76/0+0.97 ms cpu, 3->3->1 MB, 4 MB goal, 0 MB stacks, 0 MB globals, 8 P
gc 3415 @14.784s 6%: 0.11+0.60+0.075 ms clock, 0.90+0.62/0.75/0+0.60 ms cpu, 3->3->1 MB, 4 MB goal, 0 MB stacks, 0 MB globals, 8 P
gc 3416 @14.787s 6%: 0.098+0.58+0.065 ms clock, 0.78+0.84/0.80/0+0.52 ms cpu, 3->3->1 MB, 4 MB goal, 0 MB stacks, 0 MB globals, 8 P
gc 3417 @14.791s 6%: 0.098+0.57+0.11 ms clock, 0.78+0.73/0.76/0+0.90 ms cpu, 3->3->1 MB, 4 MB goal, 0 MB stacks, 0 MB globals, 8 P
gc 3418 @14.794s 6%: 0.083+0.59+0.093 ms clock, 0.66+0.54/0.83/0+0.74 ms cpu, 3->3->1 MB, 4 MB goal, 0 MB stacks, 0 MB globals, 8 P
gc 3419 @14.797s 6%: 0.10+0.99+0.078 ms clock, 0.80+0.73/0.77/0+0.62 ms cpu, 3->3->1 MB, 4 MB goal, 0 MB stacks, 0 MB globals, 8 P
gc 3420 @14.800s 6%: 0.084+1.1+0.11 ms clock, 0.67+0.67/0.67/0+0.94 ms cpu, 3->3->1 MB, 4 MB goal, 0 MB stacks, 0 MB globals, 8 P
gc 3421 @14.803s 6%: 0.091+1.0+0.073 ms clock, 0.73+0.90/0.70/0+0.58 ms cpu, 3->4->1 MB, 4 MB goal, 0 MB stacks, 0 MB globals, 8 P
gc 3422 @14.807s 6%: 0.11+1.0+0.10 ms clock, 0.88+0.78/0.71/0+0.81 ms cpu, 3->3->1 MB, 4 MB goal, 0 MB stacks, 0 MB globals, 8 P
gc 3423 @14.810s 6%: 0.085+1.1+0.10 ms clock, 0.68+0.46/0.81/0+0.80 ms cpu, 3->3->1 MB, 4 MB goal, 0 MB stacks, 0 MB globals, 8 P
gc 3424 @14.813s 6%: 0.10+0.54+0.055 ms clock, 0.83+0.79/0.70/0+0.44 ms cpu, 3->3->1 MB, 4 MB goal, 0 MB stacks, 0 MB globals, 8 P
gc 3425 @14.816s 6%: 0.15+0.52+0.094 ms clock, 1.2+0.89/0.67/0+0.75 ms cpu, 3->3->1 MB, 4 MB goal, 0 MB stacks, 0 MB globals, 8 P
gc 3426 @14.819s 6%: 0.10+0.63+0.088 ms clock, 0.81+0.74/0.76/0+0.70 ms cpu, 3->3->1 MB, 4 MB goal, 0 MB stacks, 0 MB globals, 8 P
gc 3427 @14.822s 6%: 0.11+1.0+0.076 ms clock, 0.95+0.86/0.74/0+0.61 ms cpu, 3->3->1 MB, 4 MB goal, 0 MB stacks, 0 MB globals, 8 P
gc 3428 @14.825s 6%: 0.11+0.85+0.053 ms clock, 0.93+0.78/0.69/0+0.42 ms cpu, 3->3->1 MB, 4 MB goal, 0 MB stacks, 0 MB globals, 8 P
gc 3429 @14.828s 6%: 0.11+0.53+0.081 ms clock, 0.89+0.92/0.70/0+0.65 ms cpu, 3->3->1 MB, 4 MB goal, 0 MB stacks, 0 MB globals, 8 P
gc 3430 @14.831s 6%: 0.10+1.1+0.071 ms clock, 0.82+0.74/0.74/0+0.57 ms cpu, 3->4->1 MB, 4 MB goal, 0 MB stacks, 0 MB globals, 8 P
gc 3431 @14.835s 6%: 0.12+1.0+0.085 ms clock, 1.0+0.66/0.72/0+0.68 ms cpu, 3->4->1 MB, 4 MB goal, 0 MB stacks, 0 MB globals, 8 P
gc 3432 @14.838s 6%: 0.057+1.0+0.10 ms clock, 0.46+0.66/0.71/0+0.82 ms cpu, 3->3->1 MB, 4 MB goal, 0 MB stacks, 0 MB globals, 8 P
gc 3433 @14.841s 6%: 0.11+0.86+0.10 ms clock, 0.88+0.76/0.88/0+0.85 ms cpu, 3->3->1 MB, 4 MB goal, 0 MB stacks, 0 MB globals, 8 P
gc 3434 @14.845s 6%: 0.10+1.0+0.053 ms clock, 0.82+0.66/0.81/0+0.42 ms cpu, 3->3->1 MB, 4 MB goal, 0 MB stacks, 0 MB globals, 8 P
gc 3435 @14.848s 6%: 0.11+0.98+0.062 ms clock, 0.88+0.76/0.72/0+0.49 ms cpu, 3->3->1 MB, 4 MB goal, 0 MB stacks, 0 MB globals, 8 P
gc 3436 @14.851s 6%: 0.11+0.90+0.040 ms clock, 0.89+0.61/0.77/0+0.32 ms cpu, 3->3->1 MB, 4 MB goal, 0 MB stacks, 0 MB globals, 8 P
gc 3437 @14.854s 6%: 0.23+0.52+0.087 ms clock, 1.9+0.56/0.94/0+0.70 ms cpu, 3->3->1 MB, 4 MB goal, 0 MB stacks, 0 MB globals, 8 P
gc 3438 @14.857s 6%: 0.11+0.49+0.058 ms clock, 0.90+0.82/0.75/0+0.46 ms cpu, 3->3->1 MB, 4 MB goal, 0 MB stacks, 0 MB globals, 8 P
gc 3439 @14.860s 6%: 0.21+0.77+0.13 ms clock, 1.7+0.56/0.83/0+1.0 ms cpu, 3->3->1 MB, 4 MB goal, 0 MB stacks, 0 MB globals, 8 P
gc 3440 @14.863s 6%: 0.12+0.64+0.092 ms clock, 1.0+0.72/0.82/0+0.73 ms cpu, 3->3->1 MB, 4 MB goal, 0 MB stacks, 0 MB globals, 8 P
gc 3441 @14.867s 6%: 0.12+0.83+0.096 ms clock, 1.0+0.67/0.78/0+0.77 ms cpu, 3->3->1 MB, 4 MB goal, 0 MB stacks, 0 MB globals, 8 P
gc 3442 @14.870s 6%: 0.095+0.58+0.074 ms clock, 0.76+0.84/0.71/0+0.59 ms cpu, 3->3->1 MB, 4 MB goal, 0 MB stacks, 0 MB globals, 8 P
gc 3443 @14.873s 6%: 0.12+0.80+0.10 ms clock, 1.0+0.85/0.73/0+0.81 ms cpu, 3->3->1 MB, 4 MB goal, 0 MB stacks, 0 MB globals, 8 P
gc 3444 @14.876s 6%: 0.13+0.66+0.090 ms clock, 1.0+0.78/0.84/0+0.72 ms cpu, 3->3->1 MB, 4 MB goal, 0 MB stacks, 0 MB globals, 8 P
gc 3445 @14.879s 6%: 0.13+0.81+0.10 ms clock, 1.0+0.74/0.82/0+0.80 ms cpu, 3->3->1 MB, 4 MB goal, 0 MB stacks, 0 MB globals, 8 P
gc 3446 @14.882s 6%: 0.098+0.58+0.10 ms clock, 0.78+0.62/0.74/0+0.82 ms cpu, 3->3->1 MB, 4 MB goal, 0 MB stacks, 0 MB globals, 8 P
gc 3447 @14.885s 6%: 0.10+0.64+0.091 ms clock, 0.81+0.77/0.76/0+0.73 ms cpu, 3->3->1 MB, 4 MB goal, 0 MB stacks, 0 MB globals, 8 P
gc 3448 @14.888s 6%: 0.15+0.77+0.10 ms clock, 1.2+0.82/0.83/0+0.81 ms cpu, 3->3->1 MB, 4 MB goal, 0 MB stacks, 0 MB globals, 8 P
gc 3449 @14.891s 6%: 0.11+0.64+0.10 ms clock, 0.88+0.76/0.75/0+0.86 ms cpu, 3->3->1 MB, 4 MB goal, 0 MB stacks, 0 MB globals, 8 P
gc 3450 @14.895s 6%: 0.097+0.50+0.062 ms clock, 0.77+0.68/0.72/0+0.49 ms cpu, 3->3->1 MB, 4 MB goal, 0 MB stacks, 0 MB globals, 8 P
gc 3451 @14.898s 6%: 0.12+1.0+0.072 ms clock, 0.98+0.69/0.80/0+0.58 ms cpu, 3->3->1 MB, 4 MB goal, 0 MB stacks, 0 MB globals, 8 P
gc 3452 @14.901s 6%: 0.13+0.60+0.11 ms clock, 1.1+0.53/0.87/0+0.90 ms cpu, 3->3->1 MB, 4 MB goal, 0 MB stacks, 0 MB globals, 8 P
gc 3453 @14.904s 6%: 0.091+0.84+0.091 ms clock, 0.73+0.85/0.73/0+0.72 ms cpu, 3->3->1 MB, 4 MB goal, 0 MB stacks, 0 MB globals, 8 P
gc 3454 @14.907s 6%: 0.091+0.55+0.11 ms clock, 0.73+0.87/0.70/0+0.88 ms cpu, 3->3->1 MB, 4 MB goal, 0 MB stacks, 0 MB globals, 8 P
gc 3455 @14.910s 6%: 0.085+0.59+0.12 ms clock, 0.68+0.79/0.73/0+1.0 ms cpu, 3->3->1 MB, 4 MB goal, 0 MB stacks, 0 MB globals, 8 P
gc 3456 @14.913s 6%: 0.083+0.68+0.093 ms clock, 0.66+0.78/0.78/0+0.75 ms cpu, 3->3->1 MB, 4 MB goal, 0 MB stacks, 0 MB globals, 8 P
gc 3457 @14.916s 6%: 0.12+1.1+0.044 ms clock, 1.0+0.62/0.79/0+0.35 ms cpu, 3->3->1 MB, 4 MB goal, 0 MB stacks, 0 MB globals, 8 P
gc 3458 @14.920s 6%: 0.088+0.56+0.11 ms clock, 0.70+0.69/0.74/0+0.93 ms cpu, 3->3->1 MB, 4 MB goal, 0 MB stacks, 0 MB globals, 8 P
gc 3459 @14.923s 6%: 0.11+0.52+0.084 ms clock, 0.91+0.73/0.72/0+0.67 ms cpu, 3->3->1 MB, 4 MB goal, 0 MB stacks, 0 MB globals, 8 P
gc 3460 @14.926s 6%: 0.10+1.0+0.074 ms clock, 0.87+0.63/0.81/0+0.59 ms cpu, 3->3->1 MB, 4 MB goal, 0 MB stacks, 0 MB globals, 8 P
gc 3461 @14.929s 6%: 0.14+0.66+0.11 ms clock, 1.1+0.78/0.78/0+0.91 ms cpu, 3->3->1 MB, 4 MB goal, 0 MB stacks, 0 MB globals, 8 P
gc 3462 @14.932s 6%: 0.10+1.0+0.047 ms clock, 0.85+0.65/0.74/0+0.38 ms cpu, 3->3->1 MB, 4 MB goal, 0 MB stacks, 0 MB globals, 8 P
gc 3463 @14.935s 6%: 0.14+1.1+0.079 ms clock, 1.1+0.80/0.72/0+0.63 ms cpu, 3->3->1 MB, 4 MB goal, 0 MB stacks, 0 MB globals, 8 P
gc 3464 @14.938s 6%: 0.079+0.59+0.095 ms clock, 0.63+0.84/0.72/0+0.76 ms cpu, 3->3->1 MB, 4 MB goal, 0 MB stacks, 0 MB globals, 8 P
gc 3465 @14.941s 6%: 0.085+0.79+0.053 ms clock, 0.68+1.0/0.46/0+0.42 ms cpu, 3->3->1 MB, 4 MB goal, 0 MB stacks, 0 MB globals, 8 P
gc 3466 @14.944s 6%: 0.10+0.77+0.097 ms clock, 0.84+0.72/0.69/0+0.77 ms cpu, 3->3->1 MB, 4 MB goal, 0 MB stacks, 0 MB globals, 8 P
gc 3467 @14.948s 6%: 0.091+0.65+0.066 ms clock, 0.73+0.79/0.78/0+0.52 ms cpu, 3->3->1 MB, 4 MB goal, 0 MB stacks, 0 MB globals, 8 P
gc 3468 @14.951s 6%: 0.12+0.88+0.052 ms clock, 0.96+0.74/0.74/0+0.42 ms cpu, 3->3->1 MB, 4 MB goal, 0 MB stacks, 0 MB globals, 8 P
gc 3469 @14.954s 6%: 0.095+0.83+0.078 ms clock, 0.76+0.82/0.77/0+0.62 ms cpu, 3->3->1 MB, 4 MB goal, 0 MB stacks, 0 MB globals, 8 P
gc 3470 @14.957s 6%: 0.15+0.61+0.093 ms clock, 1.2+0.80/0.82/0+0.74 ms cpu, 3->3->1 MB, 4 MB goal, 0 MB stacks, 0 MB globals, 8 P
gc 3471 @14.960s 6%: 0.10+0.49+0.071 ms clock, 0.86+0.66/0.74/0+0.57 ms cpu, 3->3->1 MB, 4 MB goal, 0 MB stacks, 0 MB globals, 8 P
gc 3472 @14.963s 6%: 0.094+0.52+0.10 ms clock, 0.75+0.75/0.69/0+0.82 ms cpu, 3->3->1 MB, 4 MB goal, 0 MB stacks, 0 MB globals, 8 P
gc 3473 @14.966s 6%: 0.098+0.58+0.091 ms clock, 0.79+0.71/0.81/0+0.73 ms cpu, 3->3->1 MB, 4 MB goal, 0 MB stacks, 0 MB globals, 8 P
gc 3474 @14.969s 6%: 0.11+1.6+0.055 ms clock, 0.89+0.70/0.72/0+0.44 ms cpu, 3->4->1 MB, 4 MB goal, 0 MB stacks, 0 MB globals, 8 P
gc 3475 @14.974s 6%: 0.10+0.58+0.10 ms clock, 0.87+0.84/0.65/0+0.87 ms cpu, 3->3->1 MB, 4 MB goal, 0 MB stacks, 0 MB globals, 8 P
gc 3476 @14.976s 6%: 0.11+0.63+0.087 ms clock, 0.88+0.68/0.75/0+0.70 ms cpu, 3->3->1 MB, 4 MB goal, 0 MB stacks, 0 MB globals, 8 P
gc 3477 @14.979s 6%: 0.11+0.86+0.097 ms clock, 0.88+0.79/0.71/0+0.77 ms cpu, 3->3->1 MB, 4 MB goal, 0 MB stacks, 0 MB globals, 8 P
gc 3478 @14.982s 6%: 0.085+0.52+0.047 ms clock, 0.68+0.75/0.76/0+0.38 ms cpu, 3->3->1 MB, 4 MB goal, 0 MB stacks, 0 MB globals, 8 P
gc 3479 @14.985s 6%: 0.078+0.63+0.068 ms clock, 0.62+0.73/0.72/0+0.54 ms cpu, 3->3->1 MB, 4 MB goal, 0 MB stacks, 0 MB globals, 8 P
gc 3480 @14.988s 6%: 0.12+0.99+0.055 ms clock, 0.97+0.66/0.83/0+0.44 ms cpu, 3->3->1 MB, 4 MB goal, 0 MB stacks, 0 MB globals, 8 P
gc 3481 @14.992s 6%: 0.085+0.58+0.075 ms clock, 0.68+0.83/0.77/0+0.60 ms cpu, 3->3->1 MB, 4 MB goal, 0 MB stacks, 0 MB globals, 8 P
gc 3482 @14.995s 6%: 0.10+0.51+0.068 ms clock, 0.81+0.77/0.73/0+0.54 ms cpu, 3->3->1 MB, 4 MB goal, 0 MB stacks, 0 MB globals, 8 P
gc 3483 @14.998s 6%: 0.12+0.62+0.10 ms clock, 0.98+0.71/0.73/0+0.80 ms cpu, 3->3->1 MB, 4 MB goal, 0 MB stacks, 0 MB globals, 8 P
gc 3484 @15.001s 6%: 0.087+0.95+0.063 ms clock, 0.69+0.79/0.77/0+0.50 ms cpu, 3->3->1 MB, 4 MB goal, 0 MB stacks, 0 MB globals, 8 P
gc 3485 @15.004s 6%: 0.10+0.58+0.099 ms clock, 0.85+0.78/0.78/0+0.79 ms cpu, 3->3->1 MB, 4 MB goal, 0 MB stacks, 0 MB globals, 8 P
gc 3486 @15.007s 6%: 0.10+0.57+0.090 ms clock, 0.86+0.74/0.76/0+0.72 ms cpu, 3->3->1 MB, 4 MB goal, 0 MB stacks, 0 MB globals, 8 P
gc 3487 @15.010s 6%: 0.14+1.1+0.088 ms clock, 1.1+0.65/0.83/0+0.70 ms cpu, 3->3->1 MB, 4 MB goal, 0 MB stacks, 0 MB globals, 8 P
gc 3488 @15.013s 6%: 0.11+0.56+0.057 ms clock, 0.94+0.86/0.74/0+0.45 ms cpu, 3->3->1 MB, 4 MB goal, 0 MB stacks, 0 MB globals, 8 P
gc 3489 @15.017s 6%: 0.095+0.84+0.098 ms clock, 0.76+0.82/0.78/0+0.79 ms cpu, 3->3->1 MB, 4 MB goal, 0 MB stacks, 0 MB globals, 8 P
gc 3490 @15.020s 6%: 0.12+0.60+0.11 ms clock, 1.0+0.78/0.71/0+0.93 ms cpu, 3->3->1 MB, 4 MB goal, 0 MB stacks, 0 MB globals, 8 P
gc 3491 @15.023s 6%: 0.10+0.97+0.10 ms clock, 0.84+0.60/0.77/0+0.84 ms cpu, 3->3->1 MB, 4 MB goal, 0 MB stacks, 0 MB globals, 8 P
gc 3492 @15.026s 6%: 0.12+1.0+0.075 ms clock, 1.0+0.79/0.76/0+0.60 ms cpu, 3->4->1 MB, 4 MB goal, 0 MB stacks, 0 MB globals, 8 P
gc 3493 @15.029s 6%: 0.10+0.88+0.088 ms clock, 0.84+0.71/0.73/0+0.70 ms cpu, 3->4->1 MB, 4 MB goal, 0 MB stacks, 0 MB globals, 8 P
gc 3494 @15.033s 6%: 0.11+0.55+0.093 ms clock, 0.93+0.78/0.76/0+0.74 ms cpu, 3->3->1 MB, 4 MB goal, 0 MB stacks, 0 MB globals, 8 P
gc 3495 @15.036s 6%: 0.098+0.62+0.067 ms clock, 0.78+0.75/0.75/0+0.53 ms cpu, 3->3->1 MB, 4 MB goal, 0 MB stacks, 0 MB globals, 8 P
gc 3496 @15.039s 6%: 0.075+0.62+0.097 ms clock, 0.60+0.85/0.80/0+0.77 ms cpu, 3->3->1 MB, 4 MB goal, 0 MB stacks, 0 MB globals, 8 P
gc 3497 @15.042s 6%: 0.064+0.51+0.10 ms clock, 0.51+0.74/0.75/0+0.83 ms cpu, 3->3->1 MB, 4 MB goal, 0 MB stacks, 0 MB globals, 8 P
gc 3498 @15.045s 6%: 0.10+1.2+0.074 ms clock, 0.81+0.60/0.84/0+0.59 ms cpu, 3->3->1 MB, 4 MB goal, 0 MB stacks, 0 MB globals, 8 P
gc 3499 @15.048s 6%: 0.071+0.81+0.098 ms clock, 0.57+0.77/0.77/0+0.78 ms cpu, 3->3->1 MB, 4 MB goal, 0 MB stacks, 0 MB globals, 8 P
gc 3500 @15.051s 6%: 0.087+1.1+0.097 ms clock, 0.70+1.3/0.81/0+0.77 ms cpu, 3->3->1 MB, 4 MB goal, 0 MB stacks, 0 MB globals, 8 P
gc 3501 @15.054s 6%: 0.076+1.1+0.12 ms clock, 0.61+0.94/1.2/0+1.0 ms cpu, 3->4->1 MB, 4 MB goal, 0 MB stacks, 0 MB globals, 8 P
gc 3502 @15.058s 6%: 0.079+0.95+0.092 ms clock, 0.63+0.97/0.55/0+0.74 ms cpu, 3->3->1 MB, 4 MB goal, 0 MB stacks, 0 MB globals, 8 P
gc 3503 @15.061s 6%: 0.10+0.57+0.071 ms clock, 0.87+0.73/0.81/0+0.57 ms cpu, 3->3->1 MB, 4 MB goal, 0 MB stacks, 0 MB globals, 8 P
gc 3504 @15.064s 6%: 0.10+0.92+0.054 ms clock, 0.86+1.2/0.84/0+0.43 ms cpu, 3->3->1 MB, 4 MB goal, 0 MB stacks, 0 MB globals, 8 P
gc 3505 @15.067s 6%: 0.090+0.74+0.063 ms clock, 0.72+0.52/0.80/0+0.50 ms cpu, 3->3->1 MB, 4 MB goal, 0 MB stacks, 0 MB globals, 8 P
gc 3506 @15.070s 6%: 0.11+0.65+0.059 ms clock, 0.88+0.80/0.79/0+0.47 ms cpu, 3->3->1 MB, 4 MB goal, 0 MB stacks, 0 MB globals, 8 P
gc 3507 @15.073s 6%: 0.072+1.3+0.089 ms clock, 0.57+0.73/0.77/0+0.71 ms cpu, 3->3->1 MB, 4 MB goal, 0 MB stacks, 0 MB globals, 8 P
gc 3508 @15.077s 6%: 0.11+0.64+0.10 ms clock, 0.91+0.68/0.84/0+0.84 ms cpu, 3->3->1 MB, 4 MB goal, 0 MB stacks, 0 MB globals, 8 P
gc 3509 @15.080s 6%: 0.12+0.56+0.085 ms clock, 1.0+0.94/0.77/0+0.68 ms cpu, 3->3->1 MB, 4 MB goal, 0 MB stacks, 0 MB globals, 8 P
gc 3510 @15.083s 6%: 0.11+0.50+0.080 ms clock, 0.92+0.83/0.69/0+0.64 ms cpu, 3->3->1 MB, 4 MB goal, 0 MB stacks, 0 MB globals, 8 P
gc 3511 @15.086s 6%: 0.15+0.76+0.085 ms clock, 1.2+0.81/0.73/0+0.68 ms cpu, 3->3->1 MB, 4 MB goal, 0 MB stacks, 0 MB globals, 8 P
gc 3512 @15.089s 6%: 0.12+1.0+0.095 ms clock, 0.97+0.62/0.95/0+0.76 ms cpu, 3->3->1 MB, 4 MB goal, 0 MB stacks, 0 MB globals, 8 P
gc 3513 @15.093s 6%: 0.11+0.61+0.071 ms clock, 0.92+0.79/0.79/0+0.57 ms cpu, 3->3->1 MB, 4 MB goal, 0 MB stacks, 0 MB globals, 8 P
gc 3514 @15.096s 6%: 0.13+0.59+0.090 ms clock, 1.0+0.83/0.74/0+0.72 ms cpu, 3->3->1 MB, 4 MB goal, 0 MB stacks, 0 MB globals, 8 P
gc 3515 @15.099s 6%: 0.10+1.5+0.091 ms clock, 0.84+0.72/1.1/0+0.72 ms cpu, 3->4->2 MB, 4 MB goal, 0 MB stacks, 0 MB globals, 8 P
gc 3516 @15.103s 6%: 0.10+1.2+0.10 ms clock, 0.86+0.57/0.88/0+0.81 ms cpu, 3->4->1 MB, 4 MB goal, 0 MB stacks, 0 MB globals, 8 P
gc 3517 @15.106s 6%: 0.086+0.62+0.059 ms clock, 0.69+0.71/0.76/0+0.47 ms cpu, 3->3->1 MB, 4 MB goal, 0 MB stacks, 0 MB globals, 8 P
gc 3518 @15.109s 6%: 0.11+0.57+0.075 ms clock, 0.95+0.97/0.68/0+0.60 ms cpu, 3->3->1 MB, 4 MB goal, 0 MB stacks, 0 MB globals, 8 P
gc 3519 @15.112s 6%: 0.10+1.0+0.052 ms clock, 0.82+0.70/0.81/0+0.42 ms cpu, 3->3->1 MB, 4 MB goal, 0 MB stacks, 0 MB globals, 8 P
gc 3520 @15.115s 6%: 0.078+0.60+0.070 ms clock, 0.62+0.80/0.90/0+0.56 ms cpu, 3->3->1 MB, 4 MB goal, 0 MB stacks, 0 MB globals, 8 P
gc 3521 @15.118s 6%: 0.11+0.45+0.10 ms clock, 0.95+0.80/0.65/0+0.87 ms cpu, 3->3->1 MB, 4 MB goal, 0 MB stacks, 0 MB globals, 8 P
gc 3522 @15.121s 6%: 0.055+0.92+0.079 ms clock, 0.44+0.65/0.82/0+0.63 ms cpu, 3->3->1 MB, 4 MB goal, 0 MB stacks, 0 MB globals, 8 P
gc 3523 @15.125s 6%: 0.12+0.65+0.096 ms clock, 0.99+0.79/0.73/0+0.77 ms cpu, 3->3->1 MB, 4 MB goal, 0 MB stacks, 0 MB globals, 8 P
gc 3524 @15.128s 6%: 0.090+0.88+0.10 ms clock, 0.72+0.83/0.72/0+0.81 ms cpu, 3->3->1 MB, 4 MB goal, 0 MB stacks, 0 MB globals, 8 P
gc 3525 @15.131s 6%: 0.093+0.77+0.086 ms clock, 0.75+0.71/0.73/0+0.69 ms cpu, 3->3->1 MB, 4 MB goal, 0 MB stacks, 0 MB globals, 8 P
gc 3526 @15.134s 6%: 0.13+0.60+0.097 ms clock, 1.0+0.79/0.71/0+0.78 ms cpu, 3->3->1 MB, 4 MB goal, 0 MB stacks, 0 MB globals, 8 P
gc 3527 @15.137s 6%: 0.099+0.58+0.064 ms clock, 0.79+0.61/0.73/0.059+0.51 ms cpu, 3->3->1 MB, 4 MB goal, 0 MB stacks, 0 MB globals, 8 P
gc 3528 @15.140s 6%: 0.085+0.58+0.11 ms clock, 0.68+0.77/0.75/0+0.93 ms cpu, 3->3->1 MB, 4 MB goal, 0 MB stacks, 0 MB globals, 8 P
gc 3529 @15.143s 6%: 0.075+0.61+0.068 ms clock, 0.60+0.83/0.83/0+0.54 ms cpu, 3->3->1 MB, 4 MB goal, 0 MB stacks, 0 MB globals, 8 P
gc 3530 @15.146s 6%: 0.10+0.61+0.11 ms clock, 0.80+0.81/0.75/0+0.90 ms cpu, 3->3->1 MB, 4 MB goal, 0 MB stacks, 0 MB globals, 8 P
gc 3531 @15.149s 6%: 0.14+0.51+0.084 ms clock, 1.1+0.81/0.75/0+0.67 ms cpu, 3->3->1 MB, 4 MB goal, 0 MB stacks, 0 MB globals, 8 P
gc 3532 @15.152s 6%: 0.11+0.52+0.080 ms clock, 0.94+0.93/0.67/0+0.64 ms cpu, 3->3->1 MB, 4 MB goal, 0 MB stacks, 0 MB globals, 8 P
gc 3533 @15.155s 6%: 0.13+0.85+0.096 ms clock, 1.0+0.57/0.81/0+0.77 ms cpu, 3->3->1 MB, 4 MB goal, 0 MB stacks, 0 MB globals, 8 P
gc 3534 @15.158s 6%: 0.071+0.88+0.099 ms clock, 0.57+0.69/0.73/0+0.79 ms cpu, 3->3->1 MB, 4 MB goal, 0 MB stacks, 0 MB globals, 8 P
gc 3535 @15.162s 6%: 0.11+0.66+0.072 ms clock, 0.94+0.78/0.71/0+0.57 ms cpu, 3->3->1 MB, 4 MB goal, 0 MB stacks, 0 MB globals, 8 P
gc 3536 @15.165s 6%: 0.12+0.62+0.060 ms clock, 0.98+0.78/0.84/0+0.48 ms cpu, 3->3->1 MB, 4 MB goal, 0 MB stacks, 0 MB globals, 8 P
gc 3537 @15.168s 6%: 0.11+0.65+0.076 ms clock, 0.93+0.79/0.70/0+0.60 ms cpu, 3->3->1 MB, 4 MB goal, 0 MB stacks, 0 MB globals, 8 P
gc 3538 @15.171s 6%: 0.096+0.73+0.081 ms clock, 0.77+0.86/0.65/0+0.65 ms cpu, 3->3->1 MB, 4 MB goal, 0 MB stacks, 0 MB globals, 8 P
gc 3539 @15.174s 6%: 0.13+0.55+0.053 ms clock, 1.1+0.77/0.71/0+0.43 ms cpu, 3->3->1 MB, 4 MB goal, 0 MB stacks, 0 MB globals, 8 P
gc 3540 @15.177s 6%: 0.10+0.54+0.046 ms clock, 0.87+0.74/0.77/0+0.36 ms cpu, 3->3->1 MB, 4 MB goal, 0 MB stacks, 0 MB globals, 8 P
gc 3541 @15.180s 6%: 0.11+0.55+0.075 ms clock, 0.92+0.65/0.78/0+0.60 ms cpu, 3->3->1 MB, 4 MB goal, 0 MB stacks, 0 MB globals, 8 P
gc 3542 @15.183s 6%: 0.11+0.49+0.086 ms clock, 0.89+0.79/0.75/0+0.69 ms cpu, 3->3->1 MB, 4 MB goal, 0 MB stacks, 0 MB globals, 8 P
gc 3543 @15.186s 6%: 0.11+0.56+0.067 ms clock, 0.94+0.75/0.75/0+0.54 ms cpu, 3->3->1 MB, 4 MB goal, 0 MB stacks, 0 MB globals, 8 P
gc 3544 @15.189s 6%: 0.11+0.64+0.083 ms clock, 0.94+0.77/0.77/0+0.67 ms cpu, 3->3->1 MB, 4 MB goal, 0 MB stacks, 0 MB globals, 8 P
gc 3545 @15.193s 6%: 0.10+0.62+0.090 ms clock, 0.87+0.74/0.78/0+0.72 ms cpu, 3->3->1 MB, 4 MB goal, 0 MB stacks, 0 MB globals, 8 P
gc 3546 @15.196s 6%: 0.098+0.44+0.11 ms clock, 0.79+0.86/0.71/0+0.88 ms cpu, 3->3->1 MB, 4 MB goal, 0 MB stacks, 0 MB globals, 8 P
gc 3547 @15.199s 6%: 0.095+0.67+0.090 ms clock, 0.76+0.69/0.75/0+0.72 ms cpu, 3->3->1 MB, 4 MB goal, 0 MB stacks, 0 MB globals, 8 P
gc 3548 @15.202s 6%: 0.11+0.90+0.066 ms clock, 0.90+0.74/0.74/0+0.53 ms cpu, 3->3->1 MB, 4 MB goal, 0 MB stacks, 0 MB globals, 8 P
gc 3549 @15.205s 6%: 0.15+0.61+0.13 ms clock, 1.2+0.82/0.74/0+1.0 ms cpu, 3->3->1 MB, 4 MB goal, 0 MB stacks, 0 MB globals, 8 P
gc 3550 @15.208s 6%: 0.13+0.63+0.063 ms clock, 1.0+0.73/0.84/0+0.50 ms cpu, 3->3->1 MB, 4 MB goal, 0 MB stacks, 0 MB globals, 8 P
gc 3551 @15.211s 6%: 0.10+1.1+0.10 ms clock, 0.83+0.66/0.84/0+0.81 ms cpu, 3->3->1 MB, 4 MB goal, 0 MB stacks, 0 MB globals, 8 P
gc 3552 @15.214s 6%: 0.12+0.48+0.077 ms clock, 1.0+0.90/0.64/0+0.62 ms cpu, 3->3->1 MB, 4 MB goal, 0 MB stacks, 0 MB globals, 8 P
gc 3553 @15.217s 6%: 0.091+0.61+0.086 ms clock, 0.73+0.69/0.80/0+0.69 ms cpu, 3->3->1 MB, 4 MB goal, 0 MB stacks, 0 MB globals, 8 P
gc 3554 @15.220s 6%: 0.085+0.52+0.086 ms clock, 0.68+0.67/0.87/0+0.69 ms cpu, 3->3->1 MB, 4 MB goal, 0 MB stacks, 0 MB globals, 8 P
gc 3555 @15.224s 6%: 0.12+0.56+0.059 ms clock, 1.0+0.79/0.69/0+0.47 ms cpu, 3->3->1 MB, 4 MB goal, 0 MB stacks, 0 MB globals, 8 P
gc 3556 @15.227s 6%: 0.10+0.54+0.10 ms clock, 0.82+0.72/0.71/0+0.81 ms cpu, 3->3->1 MB, 4 MB goal, 0 MB stacks, 0 MB globals, 8 P
gc 3557 @15.230s 6%: 0.11+0.99+0.021 ms clock, 0.95+0.60/0.84/0+0.17 ms cpu, 3->3->1 MB, 4 MB goal, 0 MB stacks, 0 MB globals, 8 P
gc 3558 @15.233s 6%: 0.12+0.85+0.078 ms clock, 1.0+0.83/0.73/0+0.62 ms cpu, 3->3->1 MB, 4 MB goal, 0 MB stacks, 0 MB globals, 8 P
gc 3559 @15.236s 6%: 0.093+0.46+0.098 ms clock, 0.74+0.70/0.67/0+0.78 ms cpu, 3->3->1 MB, 4 MB goal, 0 MB stacks, 0 MB globals, 8 P
gc 3560 @15.239s 6%: 0.11+0.57+0.075 ms clock, 0.95+0.93/0.67/0+0.60 ms cpu, 3->3->1 MB, 4 MB goal, 0 MB stacks, 0 MB globals, 8 P
gc 3561 @15.242s 6%: 0.12+1.0+0.058 ms clock, 0.97+0.55/1.2/0+0.46 ms cpu, 3->3->1 MB, 4 MB goal, 0 MB stacks, 0 MB globals, 8 P
gc 3562 @15.245s 6%: 0.10+1.1+0.090 ms clock, 0.87+0.77/0.74/0+0.72 ms cpu, 3->3->1 MB, 4 MB goal, 0 MB stacks, 0 MB globals, 8 P
gc 3563 @15.248s 6%: 0.072+0.79+0.070 ms clock, 0.57+0.61/0.82/0+0.56 ms cpu, 3->3->1 MB, 4 MB goal, 0 MB stacks, 0 MB globals, 8 P
gc 3564 @15.252s 6%: 0.11+0.84+0.093 ms clock, 0.90+0.76/0.74/0+0.74 ms cpu, 3->3->1 MB, 4 MB goal, 0 MB stacks, 0 MB globals, 8 P
gc 3565 @15.255s 6%: 0.10+0.63+0.092 ms clock, 0.86+0.84/0.73/0+0.73 ms cpu, 3->3->1 MB, 4 MB goal, 0 MB stacks, 0 MB globals, 8 P
gc 3566 @15.258s 6%: 0.077+0.53+0.084 ms clock, 0.61+0.76/0.78/0+0.67 ms cpu, 3->3->1 MB, 4 MB goal, 0 MB stacks, 0 MB globals, 8 P
gc 3567 @15.261s 6%: 0.081+1.2+0.062 ms clock, 0.65+0.90/0.69/0+0.49 ms cpu, 3->3->1 MB, 4 MB goal, 0 MB stacks, 0 MB globals, 8 P
gc 3568 @15.264s 6%: 0.11+0.65+0.11 ms clock, 0.94+0.77/0.84/0+0.94 ms cpu, 3->3->1 MB, 4 MB goal, 0 MB stacks, 0 MB globals, 8 P
gc 3569 @15.267s 6%: 0.070+0.60+0.063 ms clock, 0.56+0.74/0.79/0+0.50 ms cpu, 3->3->1 MB, 4 MB goal, 0 MB stacks, 0 MB globals, 8 P
gc 3570 @15.271s 6%: 0.071+0.54+0.11 ms clock, 0.56+0.90/0.78/0+0.91 ms cpu, 3->3->1 MB, 4 MB goal, 0 MB stacks, 0 MB globals, 8 P
gc 3571 @15.274s 6%: 0.10+0.60+0.082 ms clock, 0.86+0.65/0.76/0+0.65 ms cpu, 3->3->1 MB, 4 MB goal, 0 MB stacks, 0 MB globals, 8 P
gc 3572 @15.277s 6%: 0.085+0.61+0.080 ms clock, 0.68+0.68/0.83/0+0.64 ms cpu, 3->3->1 MB, 4 MB goal, 0 MB stacks, 0 MB globals, 8 P
gc 3573 @15.280s 6%: 0.11+0.57+0.092 ms clock, 0.88+0.75/0.70/0+0.74 ms cpu, 3->3->1 MB, 4 MB goal, 0 MB stacks, 0 MB globals, 8 P
gc 3574 @15.283s 6%: 0.10+0.58+0.12 ms clock, 0.82+0.93/0.73/0+0.98 ms cpu, 3->3->1 MB, 4 MB goal, 0 MB stacks, 0 MB globals, 8 P
gc 3575 @15.286s 6%: 0.12+1.0+0.063 ms clock, 1.0+1.3/0.76/0+0.50 ms cpu, 3->3->1 MB, 4 MB goal, 0 MB stacks, 0 MB globals, 8 P
gc 3576 @15.289s 6%: 0.088+0.58+0.064 ms clock, 0.70+0.88/0.73/0+0.51 ms cpu, 3->3->1 MB, 4 MB goal, 0 MB stacks, 0 MB globals, 8 P
gc 3577 @15.292s 6%: 0.093+0.89+0.040 ms clock, 0.74+0.81/0.79/0+0.32 ms cpu, 3->3->1 MB, 4 MB goal, 0 MB stacks, 0 MB globals, 8 P
gc 3578 @15.295s 6%: 0.14+0.50+0.11 ms clock, 1.1+0.77/0.75/0+0.89 ms cpu, 3->3->1 MB, 4 MB goal, 0 MB stacks, 0 MB globals, 8 P
gc 3579 @15.298s 6%: 0.12+0.67+0.086 ms clock, 1.0+0.76/0.75/0+0.68 ms cpu, 3->3->1 MB, 4 MB goal, 0 MB stacks, 0 MB globals, 8 P
gc 3580 @15.301s 6%: 0.12+0.58+0.082 ms clock, 0.99+0.71/0.82/0+0.65 ms cpu, 3->3->1 MB, 4 MB goal, 0 MB stacks, 0 MB globals, 8 P
gc 3581 @15.304s 6%: 0.12+0.60+0.12 ms clock, 0.99+0.76/0.75/0+1.0 ms cpu, 3->3->1 MB, 4 MB goal, 0 MB stacks, 0 MB globals, 8 P
gc 3582 @15.307s 7%: 0.095+0.62+0.11 ms clock, 0.76+0.76/0.79/0+0.88 ms cpu, 3->3->1 MB, 4 MB goal, 0 MB stacks, 0 MB globals, 8 P
gc 3583 @15.310s 7%: 0.088+0.53+0.089 ms clock, 0.71+0.72/0.80/0+0.71 ms cpu, 3->3->1 MB, 4 MB goal, 0 MB stacks, 0 MB globals, 8 P
gc 3584 @15.313s 7%: 0.077+0.57+0.10 ms clock, 0.62+0.90/0.73/0+0.82 ms cpu, 3->3->1 MB, 4 MB goal, 0 MB stacks, 0 MB globals, 8 P
gc 3585 @15.316s 7%: 0.15+0.62+0.086 ms clock, 1.2+0.80/0.71/0+0.69 ms cpu, 3->3->1 MB, 4 MB goal, 0 MB stacks, 0 MB globals, 8 P
gc 3586 @15.320s 7%: 0.076+1.0+0.095 ms clock, 0.61+0.75/0.74/0+0.76 ms cpu, 3->3->1 MB, 4 MB goal, 0 MB stacks, 0 MB globals, 8 P
gc 3587 @15.323s 7%: 0.12+0.53+0.10 ms clock, 1.0+0.78/0.76/0+0.82 ms cpu, 3->3->1 MB, 4 MB goal, 0 MB stacks, 0 MB globals, 8 P
gc 3588 @15.326s 7%: 0.10+0.83+0.061 ms clock, 0.83+0.75/0.78/0+0.49 ms cpu, 3->3->1 MB, 4 MB goal, 0 MB stacks, 0 MB globals, 8 P
gc 3589 @15.329s 7%: 0.095+0.77+0.081 ms clock, 0.76+0.86/0.76/0+0.64 ms cpu, 3->3->1 MB, 4 MB goal, 0 MB stacks, 0 MB globals, 8 P
gc 3590 @15.332s 7%: 0.14+0.65+0.11 ms clock, 1.1+0.85/0.81/0+0.91 ms cpu, 3->3->1 MB, 4 MB goal, 0 MB stacks, 0 MB globals, 8 P
gc 3591 @15.335s 7%: 0.11+0.64+0.076 ms clock, 0.89+0.75/0.87/0+0.60 ms cpu, 3->3->1 MB, 4 MB goal, 0 MB stacks, 0 MB globals, 8 P
gc 3592 @15.338s 7%: 0.11+0.79+0.10 ms clock, 0.91+0.71/0.75/0+0.81 ms cpu, 3->3->1 MB, 4 MB goal, 0 MB stacks, 0 MB globals, 8 P
gc 3593 @15.341s 7%: 0.12+0.57+0.078 ms clock, 0.97+0.70/0.78/0+0.62 ms cpu, 3->3->1 MB, 4 MB goal, 0 MB stacks, 0 MB globals, 8 P
gc 3594 @15.345s 7%: 0.11+0.60+0.11 ms clock, 0.94+0.68/0.77/0+0.92 ms cpu, 3->3->1 MB, 4 MB goal, 0 MB stacks, 0 MB globals, 8 P
gc 3595 @15.348s 7%: 0.12+0.69+0.096 ms clock, 0.98+0.79/0.84/0+0.77 ms cpu, 3->3->1 MB, 4 MB goal, 0 MB stacks, 0 MB globals, 8 P
gc 3596 @15.351s 7%: 0.081+0.59+0.091 ms clock, 0.65+0.76/0.76/0+0.73 ms cpu, 3->3->1 MB, 4 MB goal, 0 MB stacks, 0 MB globals, 8 P
gc 3597 @15.354s 7%: 0.11+0.80+0.056 ms clock, 0.90+0.87/0.72/0+0.45 ms cpu, 3->3->1 MB, 4 MB goal, 0 MB stacks, 0 MB globals, 8 P
gc 3598 @15.357s 7%: 0.095+0.68+0.082 ms clock, 0.76+0.87/0.73/0+0.66 ms cpu, 3->3->1 MB, 4 MB goal, 0 MB stacks, 0 MB globals, 8 P
gc 3599 @15.360s 7%: 0.12+0.73+0.089 ms clock, 0.99+0.69/0.83/0+0.71 ms cpu, 3->3->1 MB, 4 MB goal, 0 MB stacks, 0 MB globals, 8 P
gc 3600 @15.363s 7%: 0.078+0.83+0.081 ms clock, 0.63+0.60/0.75/0+0.64 ms cpu, 3->3->1 MB, 4 MB goal, 0 MB stacks, 0 MB globals, 8 P
gc 3601 @15.366s 7%: 0.097+0.57+0.12 ms clock, 0.78+0.77/0.75/0+0.96 ms cpu, 3->3->1 MB, 4 MB goal, 0 MB stacks, 0 MB globals, 8 P
gc 3602 @15.369s 7%: 0.11+0.80+0.093 ms clock, 0.92+0.81/0.73/0+0.74 ms cpu, 3->3->1 MB, 4 MB goal, 0 MB stacks, 0 MB globals, 8 P
gc 3603 @15.373s 7%: 0.10+0.50+0.11 ms clock, 0.84+0.78/0.67/0+0.91 ms cpu, 3->3->1 MB, 4 MB goal, 0 MB stacks, 0 MB globals, 8 P
gc 3604 @15.376s 7%: 0.10+1.0+0.087 ms clock, 0.84+0.69/0.76/0+0.69 ms cpu, 3->3->1 MB, 4 MB goal, 0 MB stacks, 0 MB globals, 8 P
gc 3605 @15.379s 7%: 0.10+0.56+0.086 ms clock, 0.85+0.67/0.81/0+0.69 ms cpu, 3->3->1 MB, 4 MB goal, 0 MB stacks, 0 MB globals, 8 P
gc 3606 @15.382s 7%: 0.26+1.2+0.087 ms clock, 2.1+0.66/0.78/0+0.69 ms cpu, 3->4->2 MB, 4 MB goal, 0 MB stacks, 0 MB globals, 8 P
gc 3607 @15.386s 7%: 0.11+1.5+0.080 ms clock, 0.95+0.65/0.86/0+0.64 ms cpu, 3->4->1 MB, 4 MB goal, 0 MB stacks, 0 MB globals, 8 P
gc 3608 @15.390s 7%: 0.10+0.97+0.087 ms clock, 0.86+0.80/0.64/0+0.70 ms cpu, 3->4->1 MB, 4 MB goal, 0 MB stacks, 0 MB globals, 8 P
gc 3609 @15.393s 7%: 0.10+0.62+0.11 ms clock, 0.85+0.70/0.81/0+0.93 ms cpu, 3->3->1 MB, 4 MB goal, 0 MB stacks, 0 MB globals, 8 P
gc 3610 @15.396s 7%: 0.16+0.54+0.10 ms clock, 1.3+0.84/0.70/0+0.82 ms cpu, 3->3->1 MB, 4 MB goal, 0 MB stacks, 0 MB globals, 8 P
gc 3611 @15.399s 7%: 0.089+0.85+0.094 ms clock, 0.71+0.94/0.66/0+0.75 ms cpu, 3->3->1 MB, 4 MB goal, 0 MB stacks, 0 MB globals, 8 P
gc 3612 @15.402s 7%: 0.12+0.71+0.11 ms clock, 1.0+0.76/0.72/0+0.89 ms cpu, 3->3->1 MB, 4 MB goal, 0 MB stacks, 0 MB globals, 8 P
gc 3613 @15.405s 7%: 0.12+0.55+0.095 ms clock, 0.99+0.74/0.73/0+0.76 ms cpu, 3->3->1 MB, 4 MB goal, 0 MB stacks, 0 MB globals, 8 P
gc 3614 @15.408s 7%: 0.11+0.53+0.11 ms clock, 0.91+0.66/0.77/0+0.91 ms cpu, 3->3->1 MB, 4 MB goal, 0 MB stacks, 0 MB globals, 8 P
gc 3615 @15.411s 7%: 0.10+0.71+0.040 ms clock, 0.86+0.78/0.91/0+0.32 ms cpu, 3->3->1 MB, 4 MB goal, 0 MB stacks, 0 MB globals, 8 P
gc 3616 @15.414s 7%: 0.078+0.92+0.063 ms clock, 0.62+0.74/0.89/0+0.51 ms cpu, 3->3->1 MB, 4 MB goal, 0 MB stacks, 0 MB globals, 8 P
gc 3617 @15.418s 7%: 0.098+0.55+0.094 ms clock, 0.78+0.87/0.71/0+0.75 ms cpu, 3->3->1 MB, 4 MB goal, 0 MB stacks, 0 MB globals, 8 P
gc 3618 @15.421s 7%: 0.11+0.57+0.12 ms clock, 0.88+0.72/0.83/0+0.96 ms cpu, 3->3->1 MB, 4 MB goal, 0 MB stacks, 0 MB globals, 8 P
gc 3619 @15.424s 7%: 0.12+0.53+0.12 ms clock, 0.98+0.83/0.66/0+0.99 ms cpu, 3->3->1 MB, 4 MB goal, 0 MB stacks, 0 MB globals, 8 P
gc 3620 @15.427s 7%: 0.11+0.60+0.13 ms clock, 0.89+0.87/0.74/0+1.0 ms cpu, 3->3->1 MB, 4 MB goal, 0 MB stacks, 0 MB globals, 8 P
gc 3621 @15.430s 7%: 0.085+0.58+0.11 ms clock, 0.68+0.79/0.81/0+0.88 ms cpu, 3->3->1 MB, 4 MB goal, 0 MB stacks, 0 MB globals, 8 P
gc 3622 @15.433s 7%: 0.11+0.61+0.062 ms clock, 0.92+0.82/0.68/0+0.50 ms cpu, 3->3->1 MB, 4 MB goal, 0 MB stacks, 0 MB globals, 8 P
gc 3623 @15.436s 7%: 0.10+0.62+0.085 ms clock, 0.85+0.85/0.78/0+0.68 ms cpu, 3->3->1 MB, 4 MB goal, 0 MB stacks, 0 MB globals, 8 P
gc 3624 @15.439s 7%: 0.10+0.64+0.10 ms clock, 0.80+0.89/0.58/0+0.86 ms cpu, 3->3->1 MB, 4 MB goal, 0 MB stacks, 0 MB globals, 8 P
gc 3625 @15.442s 7%: 0.082+0.65+0.058 ms clock, 0.65+0.69/0.75/0+0.47 ms cpu, 3->3->1 MB, 4 MB goal, 0 MB stacks, 0 MB globals, 8 P
gc 3626 @15.445s 7%: 0.090+1.0+0.057 ms clock, 0.72+0.97/0.79/0+0.46 ms cpu, 3->3->1 MB, 4 MB goal, 0 MB stacks, 0 MB globals, 8 P
gc 3627 @15.448s 7%: 0.15+1.1+0.086 ms clock, 1.2+0.67/0.79/0+0.69 ms cpu, 3->4->1 MB, 4 MB goal, 0 MB stacks, 0 MB globals, 8 P
gc 3628 @15.452s 7%: 0.14+0.53+0.13 ms clock, 1.1+0.74/0.73/0+1.0 ms cpu, 3->3->1 MB, 4 MB goal, 0 MB stacks, 0 MB globals, 8 P
gc 3629 @15.455s 7%: 0.087+0.64+0.056 ms clock, 0.70+0.64/0.78/0+0.45 ms cpu, 3->3->1 MB, 4 MB goal, 0 MB stacks, 0 MB globals, 8 P
gc 3630 @15.458s 7%: 0.13+0.60+0.081 ms clock, 1.0+0.76/0.75/0+0.65 ms cpu, 3->3->1 MB, 4 MB goal, 0 MB stacks, 0 MB globals, 8 P
gc 3631 @15.461s 7%: 0.084+0.62+0.093 ms clock, 0.67+0.78/0.86/0+0.74 ms cpu, 3->3->1 MB, 4 MB goal, 0 MB stacks, 0 MB globals, 8 P
gc 3632 @15.464s 7%: 0.091+0.74+0.061 ms clock, 0.73+0.76/0.74/0+0.49 ms cpu, 3->3->1 MB, 4 MB goal, 0 MB stacks, 0 MB globals, 8 P
gc 3633 @15.467s 7%: 0.12+0.80+0.094 ms clock, 0.99+0.72/0.74/0+0.75 ms cpu, 3->3->1 MB, 4 MB goal, 0 MB stacks, 0 MB globals, 8 P
gc 3634 @15.470s 7%: 0.099+0.93+0.066 ms clock, 0.79+0.73/0.72/0+0.53 ms cpu, 3->3->1 MB, 4 MB goal, 0 MB stacks, 0 MB globals, 8 P
gc 3635 @15.473s 7%: 0.090+0.87+0.008 ms clock, 0.72+0.73/0.79/0+0.066 ms cpu, 3->3->1 MB, 4 MB goal, 0 MB stacks, 0 MB globals, 8 P
gc 3636 @15.477s 7%: 0.11+0.75+0.10 ms clock, 0.94+0.73/0.76/0+0.83 ms cpu, 3->3->1 MB, 4 MB goal, 0 MB stacks, 0 MB globals, 8 P
gc 3637 @15.480s 7%: 0.11+0.59+0.046 ms clock, 0.95+0.82/0.71/0+0.36 ms cpu, 3->3->1 MB, 4 MB goal, 0 MB stacks, 0 MB globals, 8 P
gc 3638 @15.483s 7%: 0.15+0.96+0.10 ms clock, 1.2+0.72/0.82/0+0.83 ms cpu, 3->3->1 MB, 4 MB goal, 0 MB stacks, 0 MB globals, 8 P
gc 3639 @15.486s 7%: 0.11+0.58+0.076 ms clock, 0.93+0.79/0.71/0+0.60 ms cpu, 3->3->1 MB, 4 MB goal, 0 MB stacks, 0 MB globals, 8 P
gc 3640 @15.489s 7%: 0.096+0.84+0.083 ms clock, 0.77+0.76/0.71/0+0.67 ms cpu, 3->3->1 MB, 4 MB goal, 0 MB stacks, 0 MB globals, 8 P
gc 3641 @15.492s 7%: 0.085+0.87+0.073 ms clock, 0.68+0.49/0.88/0+0.58 ms cpu, 3->3->1 MB, 4 MB goal, 0 MB stacks, 0 MB globals, 8 P
gc 3642 @15.496s 7%: 0.11+1.0+0.070 ms clock, 0.88+0.83/0.73/0+0.56 ms cpu, 3->3->1 MB, 4 MB goal, 0 MB stacks, 0 MB globals, 8 P
gc 3643 @15.499s 7%: 0.085+0.70+0.084 ms clock, 0.68+0.83/0.74/0+0.67 ms cpu, 3->3->1 MB, 4 MB goal, 0 MB stacks, 0 MB globals, 8 P
gc 3644 @15.502s 7%: 0.12+0.81+0.085 ms clock, 1.0+0.89/0.64/0+0.68 ms cpu, 3->3->1 MB, 4 MB goal, 0 MB stacks, 0 MB globals, 8 P
gc 3645 @15.505s 7%: 0.12+0.87+0.049 ms clock, 1.0+0.71/0.83/0+0.39 ms cpu, 3->3->1 MB, 4 MB goal, 0 MB stacks, 0 MB globals, 8 P
gc 3646 @15.508s 7%: 0.14+0.84+0.060 ms clock, 1.1+0.42/0.87/0+0.48 ms cpu, 3->3->1 MB, 4 MB goal, 0 MB stacks, 0 MB globals, 8 P
gc 3647 @15.511s 7%: 0.11+0.83+0.022 ms clock, 0.92+0.67/0.77/0+0.17 ms cpu, 3->3->1 MB, 4 MB goal, 0 MB stacks, 0 MB globals, 8 P
gc 3648 @15.515s 7%: 0.10+0.91+0.083 ms clock, 0.80+0.57/0.82/0+0.66 ms cpu, 3->3->1 MB, 4 MB goal, 0 MB stacks, 0 MB globals, 8 P
gc 3649 @15.518s 7%: 0.10+0.57+0.064 ms clock, 0.84+0.64/0.76/0+0.51 ms cpu, 3->3->1 MB, 4 MB goal, 0 MB stacks, 0 MB globals, 8 P
gc 3650 @15.521s 7%: 0.10+0.51+0.055 ms clock, 0.81+0.75/0.74/0+0.44 ms cpu, 3->3->1 MB, 4 MB goal, 0 MB stacks, 0 MB globals, 8 P
gc 3651 @15.524s 7%: 0.11+1.0+0.076 ms clock, 0.89+0.77/0.85/0+0.61 ms cpu, 3->3->1 MB, 4 MB goal, 0 MB stacks, 0 MB globals, 8 P
gc 3652 @15.527s 7%: 0.060+0.59+0.11 ms clock, 0.48+0.72/0.82/0+0.94 ms cpu, 3->3->1 MB, 4 MB goal, 0 MB stacks, 0 MB globals, 8 P
gc 3653 @15.530s 7%: 0.085+0.96+0.067 ms clock, 0.68+0.80/0.74/0+0.54 ms cpu, 3->3->1 MB, 4 MB goal, 0 MB stacks, 0 MB globals, 8 P
gc 3654 @15.533s 7%: 0.11+0.55+0.071 ms clock, 0.89+0.84/0.74/0+0.56 ms cpu, 3->3->1 MB, 4 MB goal, 0 MB stacks, 0 MB globals, 8 P
gc 3655 @15.536s 7%: 0.11+0.62+0.11 ms clock, 0.91+0.85/0.77/0+0.91 ms cpu, 3->3->1 MB, 4 MB goal, 0 MB stacks, 0 MB globals, 8 P
gc 3656 @15.540s 7%: 0.095+0.78+0.087 ms clock, 0.76+0.72/0.71/0+0.69 ms cpu, 3->3->1 MB, 4 MB goal, 0 MB stacks, 0 MB globals, 8 P
gc 3657 @15.543s 7%: 0.10+0.79+0.087 ms clock, 0.81+0.58/0.75/0+0.69 ms cpu, 3->3->1 MB, 4 MB goal, 0 MB stacks, 0 MB globals, 8 P
gc 3658 @15.546s 7%: 0.11+0.76+0.075 ms clock, 0.91+0.73/0.76/0+0.60 ms cpu, 3->3->1 MB, 4 MB goal, 0 MB stacks, 0 MB globals, 8 P
gc 3659 @15.549s 7%: 0.096+0.52+0.077 ms clock, 0.77+0.76/0.75/0+0.62 ms cpu, 3->3->1 MB, 4 MB goal, 0 MB stacks, 0 MB globals, 8 P
gc 3660 @15.552s 7%: 0.12+0.67+0.10 ms clock, 0.97+0.65/0.84/0+0.80 ms cpu, 3->3->1 MB, 4 MB goal, 0 MB stacks, 0 MB globals, 8 P
gc 3661 @15.555s 7%: 0.11+0.61+0.063 ms clock, 0.90+0.81/0.75/0+0.51 ms cpu, 3->3->1 MB, 4 MB goal, 0 MB stacks, 0 MB globals, 8 P
gc 3662 @15.558s 7%: 0.084+0.58+0.10 ms clock, 0.67+0.69/0.84/0+0.85 ms cpu, 3->3->1 MB, 4 MB goal, 0 MB stacks, 0 MB globals, 8 P
gc 3663 @15.561s 7%: 0.13+0.57+0.050 ms clock, 1.0+0.68/0.82/0+0.40 ms cpu, 3->3->1 MB, 4 MB goal, 0 MB stacks, 0 MB globals, 8 P
gc 3664 @15.564s 7%: 0.063+0.63+0.064 ms clock, 0.50+0.76/0.85/0+0.51 ms cpu, 3->3->1 MB, 4 MB goal, 0 MB stacks, 0 MB globals, 8 P
gc 3665 @15.567s 7%: 0.13+0.57+0.10 ms clock, 1.1+0.75/0.73/0+0.81 ms cpu, 3->3->1 MB, 4 MB goal, 0 MB stacks, 0 MB globals, 8 P
gc 3666 @15.570s 7%: 0.092+0.88+0.026 ms clock, 0.74+0.79/0.62/0+0.20 ms cpu, 3->3->1 MB, 4 MB goal, 0 MB stacks, 0 MB globals, 8 P
gc 3667 @15.573s 7%: 0.11+0.56+0.065 ms clock, 0.93+0.83/0.71/0+0.52 ms cpu, 3->3->1 MB, 4 MB goal, 0 MB stacks, 0 MB globals, 8 P
gc 3668 @15.577s 7%: 0.12+0.63+0.11 ms clock, 1.0+0.75/0.74/0+0.88 ms cpu, 3->3->1 MB, 4 MB goal, 0 MB stacks, 0 MB globals, 8 P
gc 3669 @15.580s 7%: 0.073+0.53+0.089 ms clock, 0.59+0.74/0.71/0+0.71 ms cpu, 3->3->1 MB, 4 MB goal, 0 MB stacks, 0 MB globals, 8 P
gc 3670 @15.583s 7%: 0.10+0.59+0.085 ms clock, 0.81+0.72/0.79/0+0.68 ms cpu, 3->3->1 MB, 4 MB goal, 0 MB stacks, 0 MB globals, 8 P
gc 3671 @15.586s 7%: 0.11+1.2+0.063 ms clock, 0.88+0.78/0.69/0+0.50 ms cpu, 3->3->1 MB, 4 MB goal, 0 MB stacks, 0 MB globals, 8 P
gc 3672 @15.589s 7%: 0.11+0.54+0.11 ms clock, 0.89+0.80/0.68/0+0.89 ms cpu, 3->3->1 MB, 4 MB goal, 0 MB stacks, 0 MB globals, 8 P
gc 3673 @15.592s 7%: 0.12+0.60+0.14 ms clock, 0.97+0.79/0.75/0+1.1 ms cpu, 3->3->1 MB, 4 MB goal, 0 MB stacks, 0 MB globals, 8 P
gc 3674 @15.595s 7%: 0.10+0.89+0.062 ms clock, 0.83+0.80/0.75/0+0.50 ms cpu, 3->3->1 MB, 4 MB goal, 0 MB stacks, 0 MB globals, 8 P
gc 3675 @15.598s 7%: 0.095+0.53+0.059 ms clock, 0.76+0.71/0.77/0+0.47 ms cpu, 3->3->1 MB, 4 MB goal, 0 MB stacks, 0 MB globals, 8 P
gc 3676 @15.601s 7%: 0.072+0.73+0.076 ms clock, 0.57+0.82/0.68/0+0.61 ms cpu, 3->3->1 MB, 4 MB goal, 0 MB stacks, 0 MB globals, 8 P
gc 3677 @15.604s 7%: 0.12+0.63+0.13 ms clock, 0.98+0.60/0.80/0+1.0 ms cpu, 3->3->1 MB, 4 MB goal, 0 MB stacks, 0 MB globals, 8 P
gc 3678 @15.607s 7%: 0.082+0.61+0.082 ms clock, 0.66+0.76/0.78/0+0.65 ms cpu, 3->3->1 MB, 4 MB goal, 0 MB stacks, 0 MB globals, 8 P
gc 3679 @15.611s 7%: 0.13+0.81+0.083 ms clock, 1.0+0.77/0.75/0+0.67 ms cpu, 3->3->1 MB, 4 MB goal, 0 MB stacks, 0 MB globals, 8 P
gc 3680 @15.614s 7%: 0.089+0.58+0.099 ms clock, 0.71+0.33/0.80/0+0.79 ms cpu, 3->3->1 MB, 4 MB goal, 0 MB stacks, 0 MB globals, 8 P
gc 3681 @15.617s 7%: 0.10+1.3+0.076 ms clock, 0.84+0.71/0.75/0+0.61 ms cpu, 3->4->2 MB, 4 MB goal, 0 MB stacks, 0 MB globals, 8 P
gc 3682 @15.621s 7%: 0.16+1.3+0.099 ms clock, 1.3+0.65/0.86/0+0.79 ms cpu, 3->4->1 MB, 4 MB goal, 0 MB stacks, 0 MB globals, 8 P
gc 3683 @15.624s 7%: 0.11+0.55+0.059 ms clock, 0.88+0.94/0.67/0+0.47 ms cpu, 3->4->1 MB, 4 MB goal, 0 MB stacks, 0 MB globals, 8 P
gc 3684 @15.627s 7%: 0.089+0.53+0.13 ms clock, 0.71+0.79/0.75/0+1.0 ms cpu, 3->3->1 MB, 4 MB goal, 0 MB stacks, 0 MB globals, 8 P
gc 3685 @15.630s 7%: 0.11+0.62+0.087 ms clock, 0.90+0.82/0.76/0+0.70 ms cpu, 3->3->1 MB, 4 MB goal, 0 MB stacks, 0 MB globals, 8 P
gc 3686 @15.634s 7%: 0.084+1.4+0.057 ms clock, 0.67+0.79/0.75/0+0.45 ms cpu, 3->4->2 MB, 4 MB goal, 0 MB stacks, 0 MB globals, 8 P
gc 3687 @15.637s 7%: 0.10+0.62+0.099 ms clock, 0.84+0.80/0.80/0+0.79 ms cpu, 3->4->1 MB, 4 MB goal, 0 MB stacks, 0 MB globals, 8 P
gc 3688 @15.641s 7%: 0.11+0.60+0.085 ms clock, 0.91+0.73/0.79/0+0.68 ms cpu, 3->3->1 MB, 4 MB goal, 0 MB stacks, 0 MB globals, 8 P
gc 3689 @15.644s 7%: 0.075+0.64+0.092 ms clock, 0.60+0.79/0.71/0+0.73 ms cpu, 3->3->1 MB, 4 MB goal, 0 MB stacks, 0 MB globals, 8 P
gc 3690 @15.647s 7%: 0.12+1.0+0.11 ms clock, 1.0+0.61/0.88/0+0.92 ms cpu, 3->3->1 MB, 4 MB goal, 0 MB stacks, 0 MB globals, 8 P
gc 3691 @15.650s 7%: 0.14+0.68+0.10 ms clock, 1.1+0.78/0.78/0+0.87 ms cpu, 3->3->1 MB, 4 MB goal, 0 MB stacks, 0 MB globals, 8 P
gc 3692 @15.653s 7%: 0.098+0.60+0.097 ms clock, 0.78+0.84/0.70/0+0.78 ms cpu, 3->3->1 MB, 4 MB goal, 0 MB stacks, 0 MB globals, 8 P
gc 3693 @15.656s 7%: 0.11+1.3+0.063 ms clock, 0.89+1.2/0.75/0+0.51 ms cpu, 3->3->1 MB, 4 MB goal, 0 MB stacks, 0 MB globals, 8 P
gc 3694 @15.660s 7%: 0.10+0.59+0.094 ms clock, 0.84+0.73/0.75/0+0.75 ms cpu, 3->3->1 MB, 4 MB goal, 0 MB stacks, 0 MB globals, 8 P
gc 3695 @15.663s 7%: 0.12+0.62+0.10 ms clock, 1.0+0.71/0.75/0+0.82 ms cpu, 3->3->1 MB, 4 MB goal, 0 MB stacks, 0 MB globals, 8 P
gc 3696 @15.666s 7%: 0.11+0.49+0.054 ms clock, 0.92+0.88/0.65/0+0.43 ms cpu, 3->3->1 MB, 4 MB goal, 0 MB stacks, 0 MB globals, 8 P
gc 3697 @15.669s 7%: 0.15+0.67+0.059 ms clock, 1.2+0.76/0.85/0+0.47 ms cpu, 3->3->1 MB, 4 MB goal, 0 MB stacks, 0 MB globals, 8 P
gc 3698 @15.672s 7%: 0.10+0.71+0.030 ms clock, 0.85+0.83/0.69/0+0.24 ms cpu, 3->3->1 MB, 4 MB goal, 0 MB stacks, 0 MB globals, 8 P
gc 3699 @15.675s 7%: 0.091+0.58+0.099 ms clock, 0.73+0.83/0.67/0+0.79 ms cpu, 3->3->1 MB, 4 MB goal, 0 MB stacks, 0 MB globals, 8 P
gc 3700 @15.678s 7%: 0.092+0.60+0.10 ms clock, 0.73+0.68/0.79/0+0.86 ms cpu, 3->3->1 MB, 4 MB goal, 0 MB stacks, 0 MB globals, 8 P
gc 3701 @15.681s 7%: 0.10+0.55+0.075 ms clock, 0.83+0.83/0.75/0+0.60 ms cpu, 3->3->1 MB, 4 MB goal, 0 MB stacks, 0 MB globals, 8 P
gc 3702 @15.684s 7%: 0.11+0.52+0.092 ms clock, 0.93+0.85/0.76/0+0.73 ms cpu, 3->3->1 MB, 4 MB goal, 0 MB stacks, 0 MB globals, 8 P
gc 3703 @15.687s 7%: 0.11+0.53+0.13 ms clock, 0.88+0.84/0.68/0+1.1 ms cpu, 3->3->1 MB, 4 MB goal, 0 MB stacks, 0 MB globals, 8 P
gc 3704 @15.690s 7%: 0.14+0.87+0.097 ms clock, 1.1+0.65/0.76/0+0.77 ms cpu, 3->3->1 MB, 4 MB goal, 0 MB stacks, 0 MB globals, 8 P
gc 3705 @15.693s 7%: 0.11+0.66+0.073 ms clock, 0.90+0.66/0.79/0+0.58 ms cpu, 3->3->1 MB, 4 MB goal, 0 MB stacks, 0 MB globals, 8 P
gc 3706 @15.697s 7%: 0.099+0.58+0.052 ms clock, 0.79+0.70/0.72/0+0.41 ms cpu, 3->3->1 MB, 4 MB goal, 0 MB stacks, 0 MB globals, 8 P
gc 3707 @15.700s 7%: 0.091+0.76+0.099 ms clock, 0.73+0.93/0.71/0+0.79 ms cpu, 3->3->1 MB, 4 MB goal, 0 MB stacks, 0 MB globals, 8 P
gc 3708 @15.703s 7%: 0.13+0.59+0.079 ms clock, 1.0+0.68/0.74/0+0.63 ms cpu, 3->3->1 MB, 4 MB goal, 0 MB stacks, 0 MB globals, 8 P
gc 3709 @15.706s 7%: 0.10+0.69+0.049 ms clock, 0.83+0.94/0.64/0+0.39 ms cpu, 3->3->1 MB, 4 MB goal, 0 MB stacks, 0 MB globals, 8 P
gc 3710 @15.709s 7%: 0.092+0.71+0.049 ms clock, 0.73+0.63/0.84/0+0.39 ms cpu, 3->3->1 MB, 4 MB goal, 0 MB stacks, 0 MB globals, 8 P
gc 3711 @15.712s 7%: 0.11+0.80+0.066 ms clock, 0.93+0.77/0.72/0+0.53 ms cpu, 3->3->1 MB, 4 MB goal, 0 MB stacks, 0 MB globals, 8 P
gc 3712 @15.715s 7%: 0.10+0.52+0.085 ms clock, 0.81+0.76/0.76/0+0.68 ms cpu, 3->3->1 MB, 4 MB goal, 0 MB stacks, 0 MB globals, 8 P
gc 3713 @15.718s 7%: 0.080+0.51+0.079 ms clock, 0.64+0.63/0.70/0+0.63 ms cpu, 3->3->1 MB, 4 MB goal, 0 MB stacks, 0 MB globals, 8 P
gc 3714 @15.721s 7%: 0.082+0.56+0.049 ms clock, 0.66+0.73/0.78/0+0.39 ms cpu, 3->3->1 MB, 4 MB goal, 0 MB stacks, 0 MB globals, 8 P
gc 3715 @15.724s 7%: 0.10+0.56+0.12 ms clock, 0.87+0.71/0.74/0+0.98 ms cpu, 3->3->1 MB, 4 MB goal, 0 MB stacks, 0 MB globals, 8 P
gc 3716 @15.727s 7%: 0.13+0.62+0.053 ms clock, 1.0+0.67/0.90/0+0.42 ms cpu, 3->3->1 MB, 4 MB goal, 0 MB stacks, 0 MB globals, 8 P
gc 3717 @15.730s 7%: 0.085+0.63+0.075 ms clock, 0.68+0.87/0.79/0+0.60 ms cpu, 3->3->1 MB, 4 MB goal, 0 MB stacks, 0 MB globals, 8 P
gc 3718 @15.733s 7%: 0.11+0.51+0.077 ms clock, 0.91+0.72/0.75/0+0.61 ms cpu, 3->3->1 MB, 4 MB goal, 0 MB stacks, 0 MB globals, 8 P
gc 3719 @15.736s 7%: 0.14+0.66+0.097 ms clock, 1.1+0.69/0.83/0+0.78 ms cpu, 3->3->1 MB, 4 MB goal, 0 MB stacks, 0 MB globals, 8 P
gc 3720 @15.740s 7%: 0.12+0.58+0.10 ms clock, 0.99+0.70/0.77/0+0.80 ms cpu, 3->3->1 MB, 4 MB goal, 0 MB stacks, 0 MB globals, 8 P
gc 3721 @15.743s 7%: 0.10+1.0+0.091 ms clock, 0.86+0.59/0.70/0.012+0.73 ms cpu, 3->3->1 MB, 4 MB goal, 0 MB stacks, 0 MB globals, 8 P
gc 3722 @15.746s 7%: 0.092+0.92+0.096 ms clock, 0.74+0.61/0.74/0+0.77 ms cpu, 3->3->1 MB, 4 MB goal, 0 MB stacks, 0 MB globals, 8 P
gc 3723 @15.749s 7%: 0.065+1.1+0.089 ms clock, 0.52+0.74/0.83/0+0.71 ms cpu, 3->3->1 MB, 4 MB goal, 0 MB stacks, 0 MB globals, 8 P
gc 3724 @15.752s 7%: 0.093+0.56+0.10 ms clock, 0.74+0.74/0.74/0+0.87 ms cpu, 3->3->1 MB, 4 MB goal, 0 MB stacks, 0 MB globals, 8 P
gc 3725 @15.755s 7%: 0.14+0.84+0.12 ms clock, 1.1+0.69/0.76/0+1.0 ms cpu, 3->3->1 MB, 4 MB goal, 0 MB stacks, 0 MB globals, 8 P
gc 3726 @15.758s 7%: 0.10+0.96+0.078 ms clock, 0.80+0.76/0.73/0+0.62 ms cpu, 3->3->1 MB, 4 MB goal, 0 MB stacks, 0 MB globals, 8 P
gc 3727 @15.762s 7%: 0.10+1.0+0.084 ms clock, 0.87+0.71/0.70/0+0.67 ms cpu, 3->3->1 MB, 4 MB goal, 0 MB stacks, 0 MB globals, 8 P
gc 3728 @15.765s 7%: 0.13+0.54+0.052 ms clock, 1.1+0.93/0.66/0+0.42 ms cpu, 3->3->1 MB, 4 MB goal, 0 MB stacks, 0 MB globals, 8 P
gc 3729 @15.768s 7%: 0.089+0.47+0.095 ms clock, 0.71+0.74/0.70/0+0.76 ms cpu, 3->3->1 MB, 4 MB goal, 0 MB stacks, 0 MB globals, 8 P
gc 3730 @15.771s 7%: 0.083+0.51+0.064 ms clock, 0.66+0.80/0.75/0+0.51 ms cpu, 3->3->1 MB, 4 MB goal, 0 MB stacks, 0 MB globals, 8 P
gc 3731 @15.774s 7%: 0.099+0.61+0.081 ms clock, 0.79+0.78/0.81/0+0.64 ms cpu, 3->3->1 MB, 4 MB goal, 0 MB stacks, 0 MB globals, 8 P
gc 3732 @15.777s 7%: 0.12+0.61+0.058 ms clock, 1.0+0.72/0.81/0+0.46 ms cpu, 3->3->1 MB, 4 MB goal, 0 MB stacks, 0 MB globals, 8 P
gc 3733 @15.780s 7%: 0.092+0.65+0.075 ms clock, 0.74+0.77/0.83/0+0.60 ms cpu, 3->3->1 MB, 4 MB goal, 0 MB stacks, 0 MB globals, 8 P
gc 3734 @15.783s 7%: 0.11+0.60+0.096 ms clock, 0.95+0.63/0.68/0+0.77 ms cpu, 3->3->1 MB, 4 MB goal, 0 MB stacks, 0 MB globals, 8 P
gc 3735 @15.786s 7%: 0.089+0.55+0.088 ms clock, 0.71+0.57/0.79/0+0.70 ms cpu, 3->3->1 MB, 4 MB goal, 0 MB stacks, 0 MB globals, 8 P
gc 3736 @15.789s 7%: 0.11+0.67+0.087 ms clock, 0.93+0.79/0.78/0+0.69 ms cpu, 3->3->1 MB, 4 MB goal, 0 MB stacks, 0 MB globals, 8 P
gc 3737 @15.792s 7%: 0.11+0.68+0.066 ms clock, 0.94+0.81/0.76/0+0.53 ms cpu, 3->3->1 MB, 4 MB goal, 0 MB stacks, 0 MB globals, 8 P
gc 3738 @15.796s 7%: 0.074+0.62+0.085 ms clock, 0.59+0.77/0.77/0+0.68 ms cpu, 3->3->1 MB, 4 MB goal, 0 MB stacks, 0 MB globals, 8 P
gc 3739 @15.799s 7%: 0.10+1.1+0.10 ms clock, 0.83+0.64/0.91/0+0.82 ms cpu, 3->3->1 MB, 4 MB goal, 0 MB stacks, 0 MB globals, 8 P
gc 3740 @15.802s 7%: 0.10+0.58+0.11 ms clock, 0.85+0.75/0.75/0+0.90 ms cpu, 3->3->1 MB, 4 MB goal, 0 MB stacks, 0 MB globals, 8 P
gc 3741 @15.805s 7%: 0.088+0.48+0.086 ms clock, 0.70+0.78/0.71/0+0.68 ms cpu, 3->3->1 MB, 4 MB goal, 0 MB stacks, 0 MB globals, 8 P
gc 3742 @15.808s 7%: 0.15+0.83+0.11 ms clock, 1.2+0.80/0.81/0+0.95 ms cpu, 3->3->1 MB, 4 MB goal, 0 MB stacks, 0 MB globals, 8 P
gc 3743 @15.812s 7%: 0.11+0.65+0.094 ms clock, 0.92+0.82/0.64/0+0.75 ms cpu, 3->3->1 MB, 4 MB goal, 0 MB stacks, 0 MB globals, 8 P
gc 3744 @15.815s 7%: 0.096+0.56+0.086 ms clock, 0.76+0.73/0.81/0+0.69 ms cpu, 3->3->1 MB, 4 MB goal, 0 MB stacks, 0 MB globals, 8 P
gc 3745 @15.818s 7%: 0.13+0.54+0.10 ms clock, 1.0+0.73/0.73/0+0.87 ms cpu, 3->3->1 MB, 4 MB goal, 0 MB stacks, 0 MB globals, 8 P
gc 3746 @15.821s 7%: 0.094+1.0+0.10 ms clock, 0.75+0.79/0.75/0+0.84 ms cpu, 3->3->1 MB, 4 MB goal, 0 MB stacks, 0 MB globals, 8 P
gc 3747 @15.824s 7%: 0.12+0.56+0.095 ms clock, 0.96+0.90/0.73/0+0.76 ms cpu, 3->3->1 MB, 4 MB goal, 0 MB stacks, 0 MB globals, 8 P
gc 3748 @15.827s 7%: 0.10+1.0+0.068 ms clock, 0.86+0.54/0.82/0+0.55 ms cpu, 3->3->1 MB, 4 MB goal, 0 MB stacks, 0 MB globals, 8 P
gc 3749 @15.830s 7%: 0.11+0.50+0.062 ms clock, 0.92+0.74/0.76/0+0.49 ms cpu, 3->3->1 MB, 4 MB goal, 0 MB stacks, 0 MB globals, 8 P
gc 3750 @15.833s 7%: 0.12+1.3+0.078 ms clock, 0.96+0.54/0.91/0+0.63 ms cpu, 3->4->1 MB, 4 MB goal, 0 MB stacks, 0 MB globals, 8 P
gc 3751 @15.837s 7%: 0.12+0.63+0.087 ms clock, 0.98+0.74/0.78/0+0.70 ms cpu, 3->4->1 MB, 4 MB goal, 0 MB stacks, 0 MB globals, 8 P
gc 3752 @15.840s 7%: 0.10+0.72+0.10 ms clock, 0.82+0.64/0.74/0+0.80 ms cpu, 3->3->1 MB, 4 MB goal, 0 MB stacks, 0 MB globals, 8 P
gc 3753 @15.843s 7%: 0.079+0.53+0.086 ms clock, 0.63+0.78/0.73/0+0.69 ms cpu, 3->3->1 MB, 4 MB goal, 0 MB stacks, 0 MB globals, 8 P
gc 3754 @15.846s 7%: 0.14+0.57+0.043 ms clock, 1.1+0.62/0.76/0+0.34 ms cpu, 3->3->1 MB, 4 MB goal, 0 MB stacks, 0 MB globals, 8 P
gc 3755 @15.849s 7%: 0.12+0.50+0.092 ms clock, 0.99+0.76/0.74/0+0.73 ms cpu, 3->3->1 MB, 4 MB goal, 0 MB stacks, 0 MB globals, 8 P
gc 3756 @15.852s 7%: 0.10+0.67+0.11 ms clock, 0.82+0.79/0.76/0+0.94 ms cpu, 3->3->1 MB, 4 MB goal, 0 MB stacks, 0 MB globals, 8 P
gc 3757 @15.855s 7%: 0.069+0.52+0.084 ms clock, 0.55+0.78/0.71/0+0.67 ms cpu, 3->3->1 MB, 4 MB goal, 0 MB stacks, 0 MB globals, 8 P
gc 3758 @15.858s 7%: 0.11+0.47+0.082 ms clock, 0.95+0.73/0.76/0+0.66 ms cpu, 3->3->1 MB, 4 MB goal, 0 MB stacks, 0 MB globals, 8 P
gc 3759 @15.861s 7%: 0.14+0.60+0.072 ms clock, 1.1+0.77/0.73/0+0.57 ms cpu, 3->3->1 MB, 4 MB goal, 0 MB stacks, 0 MB globals, 8 P
gc 3760 @15.864s 7%: 0.087+0.51+0.066 ms clock, 0.69+0.87/0.69/0+0.53 ms cpu, 3->3->1 MB, 4 MB goal, 0 MB stacks, 0 MB globals, 8 P
gc 3761 @15.868s 7%: 0.096+0.57+0.11 ms clock, 0.77+0.85/0.64/0.050+0.94 ms cpu, 3->3->1 MB, 4 MB goal, 0 MB stacks, 0 MB globals, 8 P
gc 3762 @15.871s 7%: 0.14+1.0+0.063 ms clock, 1.1+0.54/0.78/0+0.50 ms cpu, 3->3->1 MB, 4 MB goal, 0 MB stacks, 0 MB globals, 8 P
gc 3763 @15.874s 7%: 0.10+0.57+0.11 ms clock, 0.84+0.82/0.68/0+0.92 ms cpu, 3->3->1 MB, 4 MB goal, 0 MB stacks, 0 MB globals, 8 P
gc 3764 @15.877s 7%: 0.13+0.63+0.083 ms clock, 1.0+0.71/0.77/0+0.67 ms cpu, 3->3->1 MB, 4 MB goal, 0 MB stacks, 0 MB globals, 8 P
gc 3765 @15.880s 7%: 0.12+0.57+0.083 ms clock, 1.0+0.79/0.75/0+0.67 ms cpu, 3->3->1 MB, 4 MB goal, 0 MB stacks, 0 MB globals, 8 P
gc 3766 @15.883s 7%: 0.12+0.98+0.088 ms clock, 0.96+0.78/0.72/0+0.70 ms cpu, 3->4->1 MB, 4 MB goal, 0 MB stacks, 0 MB globals, 8 P
gc 3767 @15.886s 7%: 0.093+0.91+0.078 ms clock, 0.74+0.69/0.74/0+0.62 ms cpu, 3->3->1 MB, 4 MB goal, 0 MB stacks, 0 MB globals, 8 P
gc 3768 @15.889s 7%: 0.11+0.63+0.091 ms clock, 0.92+0.80/0.76/0+0.73 ms cpu, 3->3->1 MB, 4 MB goal, 0 MB stacks, 0 MB globals, 8 P
gc 3769 @15.892s 7%: 0.12+1.3+0.077 ms clock, 0.99+0.71/0.75/0+0.62 ms cpu, 3->4->1 MB, 4 MB goal, 0 MB stacks, 0 MB globals, 8 P
gc 3770 @15.896s 7%: 0.11+0.63+0.092 ms clock, 0.93+0.74/0.73/0+0.74 ms cpu, 3->4->1 MB, 4 MB goal, 0 MB stacks, 0 MB globals, 8 P
gc 3771 @15.899s 7%: 0.099+0.48+0.086 ms clock, 0.79+0.80/0.71/0+0.69 ms cpu, 3->3->1 MB, 4 MB goal, 0 MB stacks, 0 MB globals, 8 P
gc 3772 @15.902s 7%: 0.10+0.54+0.077 ms clock, 0.82+0.79/0.70/0+0.62 ms cpu, 3->3->1 MB, 4 MB goal, 0 MB stacks, 0 MB globals, 8 P
gc 3773 @15.905s 7%: 0.089+0.64+0.091 ms clock, 0.71+0.81/0.80/0+0.72 ms cpu, 3->3->1 MB, 4 MB goal, 0 MB stacks, 0 MB globals, 8 P
gc 3774 @15.908s 7%: 0.10+0.55+0.062 ms clock, 0.82+0.71/0.79/0+0.50 ms cpu, 3->3->1 MB, 4 MB goal, 0 MB stacks, 0 MB globals, 8 P
gc 3775 @15.912s 7%: 0.10+0.85+0.090 ms clock, 0.85+0.73/0.78/0+0.72 ms cpu, 3->3->1 MB, 4 MB goal, 0 MB stacks, 0 MB globals, 8 P
gc 3776 @15.915s 7%: 0.13+0.57+0.088 ms clock, 1.0+0.80/0.73/0+0.70 ms cpu, 3->3->1 MB, 4 MB goal, 0 MB stacks, 0 MB globals, 8 P
gc 3777 @15.918s 7%: 0.10+1.1+0.062 ms clock, 0.83+0.83/0.71/0+0.49 ms cpu, 3->4->1 MB, 4 MB goal, 0 MB stacks, 0 MB globals, 8 P
gc 3778 @15.921s 7%: 0.10+0.90+0.13 ms clock, 0.84+0.87/0.68/0+1.0 ms cpu, 3->4->1 MB, 4 MB goal, 0 MB stacks, 0 MB globals, 8 P
gc 3779 @15.924s 7%: 0.11+0.45+0.059 ms clock, 0.93+0.81/0.70/0+0.47 ms cpu, 3->3->1 MB, 4 MB goal, 0 MB stacks, 0 MB globals, 8 P
gc 3780 @15.927s 7%: 0.081+0.89+0.080 ms clock, 0.64+1.4/0.71/0+0.64 ms cpu, 3->3->1 MB, 4 MB goal, 0 MB stacks, 0 MB globals, 8 P
gc 3781 @15.931s 7%: 0.098+1.2+0.11 ms clock, 0.79+0.70/0.69/0+0.88 ms cpu, 3->4->1 MB, 4 MB goal, 0 MB stacks, 0 MB globals, 8 P
gc 3782 @15.934s 7%: 0.11+0.84+0.037 ms clock, 0.89+0.68/0.72/0+0.29 ms cpu, 3->3->1 MB, 4 MB goal, 0 MB stacks, 0 MB globals, 8 P
gc 3783 @15.937s 7%: 0.13+0.66+0.12 ms clock, 1.0+0.82/0.67/0+0.98 ms cpu, 3->3->1 MB, 4 MB goal, 0 MB stacks, 0 MB globals, 8 P
gc 3784 @15.940s 7%: 0.11+0.60+0.080 ms clock, 0.93+0.73/0.85/0+0.64 ms cpu, 3->3->1 MB, 4 MB goal, 0 MB stacks, 0 MB globals, 8 P
gc 3785 @15.943s 7%: 0.088+0.94+0.094 ms clock, 0.70+0.80/0.71/0+0.75 ms cpu, 3->3->1 MB, 4 MB goal, 0 MB stacks, 0 MB globals, 8 P
gc 3786 @15.947s 7%: 0.10+0.48+0.073 ms clock, 0.81+0.68/0.80/0+0.58 ms cpu, 3->3->1 MB, 4 MB goal, 0 MB stacks, 0 MB globals, 8 P
gc 3787 @15.950s 7%: 0.078+0.48+0.097 ms clock, 0.62+0.86/0.74/0+0.77 ms cpu, 3->3->1 MB, 4 MB goal, 0 MB stacks, 0 MB globals, 8 P
gc 3788 @15.953s 7%: 0.11+1.1+0.081 ms clock, 0.91+0.77/0.79/0+0.65 ms cpu, 3->3->1 MB, 4 MB goal, 0 MB stacks, 0 MB globals, 8 P
gc 3789 @15.956s 7%: 0.11+0.55+0.13 ms clock, 0.94+0.79/0.73/0+1.0 ms cpu, 3->3->1 MB, 4 MB goal, 0 MB stacks, 0 MB globals, 8 P
gc 3790 @15.959s 7%: 0.11+0.65+0.089 ms clock, 0.93+0.74/0.82/0+0.71 ms cpu, 3->3->1 MB, 4 MB goal, 0 MB stacks, 0 MB globals, 8 P
gc 3791 @15.962s 7%: 0.076+1.0+0.10 ms clock, 0.61+0.82/0.73/0+0.83 ms cpu, 3->3->1 MB, 4 MB goal, 0 MB stacks, 0 MB globals, 8 P
gc 3792 @15.966s 7%: 0.10+1.0+0.12 ms clock, 0.86+1.3/0.86/0+0.99 ms cpu, 3->4->1 MB, 4 MB goal, 0 MB stacks, 0 MB globals, 8 P
gc 3793 @15.969s 7%: 0.12+0.57+0.10 ms clock, 1.0+0.84/0.72/0+0.82 ms cpu, 3->3->1 MB, 4 MB goal, 0 MB stacks, 0 MB globals, 8 P
gc 3794 @15.972s 7%: 0.12+1.2+0.10 ms clock, 1.0+0.75/0.81/0+0.80 ms cpu, 3->3->1 MB, 4 MB goal, 0 MB stacks, 0 MB globals, 8 P
gc 3795 @15.975s 7%: 0.094+0.78+0.068 ms clock, 0.75+0.77/0.78/0+0.54 ms cpu, 3->3->1 MB, 4 MB goal, 0 MB stacks, 0 MB globals, 8 P
gc 3796 @15.978s 7%: 0.097+0.65+0.099 ms clock, 0.77+0.84/0.74/0+0.79 ms cpu, 3->3->1 MB, 4 MB goal, 0 MB stacks, 0 MB globals, 8 P
gc 3797 @15.982s 7%: 0.12+1.1+0.079 ms clock, 1.0+0.63/0.78/0+0.63 ms cpu, 3->4->1 MB, 4 MB goal, 0 MB stacks, 0 MB globals, 8 P
gc 3798 @15.985s 7%: 0.10+1.2+0.11 ms clock, 0.82+0.34/1.2/0+0.92 ms cpu, 3->4->1 MB, 4 MB goal, 0 MB stacks, 0 MB globals, 8 P
gc 3799 @15.989s 7%: 0.12+0.55+0.090 ms clock, 0.96+0.70/0.82/0+0.72 ms cpu, 3->4->1 MB, 4 MB goal, 0 MB stacks, 0 MB globals, 8 P
gc 3800 @15.992s 7%: 0.11+0.63+0.10 ms clock, 0.90+0.65/0.79/0+0.83 ms cpu, 3->3->1 MB, 4 MB goal, 0 MB stacks, 0 MB globals, 8 P
gc 3801 @15.995s 7%: 0.13+1.0+0.029 ms clock, 1.0+0.79/0.74/0+0.23 ms cpu, 3->3->1 MB, 4 MB goal, 0 MB stacks, 0 MB globals, 8 P
gc 3802 @15.998s 7%: 0.11+0.76+0.095 ms clock, 0.95+0.72/0.69/0+0.76 ms cpu, 3->3->1 MB, 4 MB goal, 0 MB stacks, 0 MB globals, 8 P
gc 3803 @16.001s 7%: 0.10+0.62+0.088 ms clock, 0.84+0.71/0.78/0+0.71 ms cpu, 3->3->1 MB, 4 MB goal, 0 MB stacks, 0 MB globals, 8 P
gc 3804 @16.004s 7%: 0.12+0.58+0.099 ms clock, 0.99+0.77/0.75/0+0.79 ms cpu, 3->3->1 MB, 4 MB goal, 0 MB stacks, 0 MB globals, 8 P
gc 3805 @16.007s 7%: 0.15+2.1+0.090 ms clock, 1.2+0.80/0.74/0+0.72 ms cpu, 3->4->2 MB, 4 MB goal, 0 MB stacks, 0 MB globals, 8 P
gc 3806 @16.012s 7%: 0.10+0.57+0.10 ms clock, 0.80+0.80/0.83/0+0.84 ms cpu, 3->4->1 MB, 4 MB goal, 0 MB stacks, 0 MB globals, 8 P
gc 3807 @16.015s 7%: 0.096+0.55+0.11 ms clock, 0.76+0.75/0.80/0+0.89 ms cpu, 3->3->1 MB, 4 MB goal, 0 MB stacks, 0 MB globals, 8 P
gc 3808 @16.018s 7%: 0.081+0.71+0.12 ms clock, 0.64+0.89/0.63/0+0.97 ms cpu, 3->3->1 MB, 4 MB goal, 0 MB stacks, 0 MB globals, 8 P
gc 3809 @16.021s 7%: 0.092+0.61+0.099 ms clock, 0.73+0.78/0.80/0+0.79 ms cpu, 3->3->1 MB, 4 MB goal, 0 MB stacks, 0 MB globals, 8 P
gc 3810 @16.024s 7%: 0.12+0.64+0.071 ms clock, 1.0+0.59/0.90/0+0.57 ms cpu, 3->3->1 MB, 4 MB goal, 0 MB stacks, 0 MB globals, 8 P
gc 3811 @16.027s 7%: 0.093+0.57+0.11 ms clock, 0.75+0.80/0.77/0+0.92 ms cpu, 3->3->1 MB, 4 MB goal, 0 MB stacks, 0 MB globals, 8 P
gc 3812 @16.030s 7%: 0.095+0.94+0.082 ms clock, 0.76+0.77/0.73/0+0.65 ms cpu, 3->3->1 MB, 4 MB goal, 0 MB stacks, 0 MB globals, 8 P
gc 3813 @16.033s 7%: 0.12+0.61+0.10 ms clock, 1.0+0.85/0.74/0+0.83 ms cpu, 3->3->1 MB, 4 MB goal, 0 MB stacks, 0 MB globals, 8 P
gc 3814 @16.036s 7%: 0.099+0.74+0.11 ms clock, 0.79+0.82/0.77/0+0.92 ms cpu, 3->3->1 MB, 4 MB goal, 0 MB stacks, 0 MB globals, 8 P
gc 3815 @16.039s 7%: 0.080+0.56+0.091 ms clock, 0.64+0.89/0.63/0+0.73 ms cpu, 3->3->1 MB, 4 MB goal, 0 MB stacks, 0 MB globals, 8 P
gc 3816 @16.043s 7%: 0.052+0.75+0.083 ms clock, 0.42+0.77/0.74/0+0.66 ms cpu, 3->3->1 MB, 4 MB goal, 0 MB stacks, 0 MB globals, 8 P
gc 3817 @16.046s 7%: 0.11+0.65+0.096 ms clock, 0.89+0.73/0.83/0+0.77 ms cpu, 3->3->1 MB, 4 MB goal, 0 MB stacks, 0 MB globals, 8 P
gc 3818 @16.049s 7%: 0.11+0.60+0.10 ms clock, 0.94+0.64/0.88/0+0.85 ms cpu, 3->3->1 MB, 4 MB goal, 0 MB stacks, 0 MB globals, 8 P
gc 3819 @16.052s 7%: 0.11+1.0+0.085 ms clock, 0.91+0.86/0.80/0+0.68 ms cpu, 3->3->1 MB, 4 MB goal, 0 MB stacks, 0 MB globals, 8 P
gc 3820 @16.055s 7%: 0.15+0.79+0.093 ms clock, 1.2+0.65/0.76/0+0.75 ms cpu, 3->3->1 MB, 4 MB goal, 0 MB stacks, 0 MB globals, 8 P
gc 3821 @16.058s 7%: 0.10+0.58+0.087 ms clock, 0.85+0.73/0.77/0+0.69 ms cpu, 3->3->1 MB, 4 MB goal, 0 MB stacks, 0 MB globals, 8 P
gc 3822 @16.062s 7%: 0.17+0.77+0.065 ms clock, 1.3+0.69/0.89/0+0.52 ms cpu, 3->3->1 MB, 4 MB goal, 0 MB stacks, 0 MB globals, 8 P
gc 3823 @16.065s 7%: 0.11+0.57+0.069 ms clock, 0.89+0.86/0.69/0+0.55 ms cpu, 3->3->1 MB, 4 MB goal, 0 MB stacks, 0 MB globals, 8 P
gc 3824 @16.068s 7%: 0.14+1.4+0.10 ms clock, 1.1+0.77/0.74/0+0.81 ms cpu, 3->4->1 MB, 4 MB goal, 0 MB stacks, 0 MB globals, 8 P
gc 3825 @16.071s 7%: 0.11+0.68+0.10 ms clock, 0.92+0.65/0.88/0+0.80 ms cpu, 3->4->1 MB, 4 MB goal, 0 MB stacks, 0 MB globals, 8 P
gc 3826 @16.074s 7%: 0.11+0.61+0.095 ms clock, 0.92+0.70/0.82/0+0.76 ms cpu, 3->3->1 MB, 4 MB goal, 0 MB stacks, 0 MB globals, 8 P
gc 3827 @16.077s 7%: 0.11+0.65+0.10 ms clock, 0.88+0.75/0.90/0+0.85 ms cpu, 3->3->1 MB, 4 MB goal, 0 MB stacks, 0 MB globals, 8 P
gc 3828 @16.081s 7%: 0.074+0.64+0.10 ms clock, 0.59+0.75/0.73/0+0.84 ms cpu, 3->3->1 MB, 4 MB goal, 0 MB stacks, 0 MB globals, 8 P
gc 3829 @16.084s 7%: 0.092+0.57+0.057 ms clock, 0.73+0.89/0.75/0+0.45 ms cpu, 3->3->1 MB, 4 MB goal, 0 MB stacks, 0 MB globals, 8 P
gc 3830 @16.087s 7%: 0.10+0.61+0.071 ms clock, 0.83+0.76/0.80/0+0.57 ms cpu, 3->3->1 MB, 4 MB goal, 0 MB stacks, 0 MB globals, 8 P
gc 3831 @16.090s 7%: 0.096+0.86+0.072 ms clock, 0.77+0.85/0.69/0+0.57 ms cpu, 3->3->1 MB, 4 MB goal, 0 MB stacks, 0 MB globals, 8 P
gc 3832 @16.093s 7%: 0.10+1.1+0.089 ms clock, 0.85+0.82/0.84/0+0.71 ms cpu, 3->4->1 MB, 4 MB goal, 0 MB stacks, 0 MB globals, 8 P
gc 3833 @16.097s 7%: 0.098+0.62+0.10 ms clock, 0.78+0.69/0.78/0+0.83 ms cpu, 3->3->1 MB, 4 MB goal, 0 MB stacks, 0 MB globals, 8 P
gc 3834 @16.100s 7%: 0.10+0.58+0.073 ms clock, 0.86+0.74/0.76/0+0.58 ms cpu, 3->3->1 MB, 4 MB goal, 0 MB stacks, 0 MB globals, 8 P
gc 3835 @16.103s 7%: 0.090+0.58+0.10 ms clock, 0.72+0.74/0.78/0+0.84 ms cpu, 3->3->1 MB, 4 MB goal, 0 MB stacks, 0 MB globals, 8 P
gc 3836 @16.106s 7%: 0.12+0.80+0.085 ms clock, 1.0+0.86/0.70/0+0.68 ms cpu, 3->3->1 MB, 4 MB goal, 0 MB stacks, 0 MB globals, 8 P
gc 3837 @16.109s 7%: 0.13+0.64+0.099 ms clock, 1.1+0.78/0.92/0+0.79 ms cpu, 3->3->1 MB, 4 MB goal, 0 MB stacks, 0 MB globals, 8 P
gc 3838 @16.112s 7%: 0.10+0.71+0.093 ms clock, 0.86+0.75/0.84/0+0.74 ms cpu, 3->3->1 MB, 4 MB goal, 0 MB stacks, 0 MB globals, 8 P
gc 3839 @16.115s 7%: 0.11+0.55+0.10 ms clock, 0.90+0.76/0.70/0+0.85 ms cpu, 3->3->1 MB, 4 MB goal, 0 MB stacks, 0 MB globals, 8 P
gc 3840 @16.118s 7%: 0.095+0.55+0.089 ms clock, 0.76+0.83/0.75/0+0.71 ms cpu, 3->3->1 MB, 4 MB goal, 0 MB stacks, 0 MB globals, 8 P
gc 3841 @16.121s 7%: 0.073+0.61+0.10 ms clock, 0.58+0.76/0.73/0+0.81 ms cpu, 3->3->1 MB, 4 MB goal, 0 MB stacks, 0 MB globals, 8 P
gc 3842 @16.124s 7%: 0.10+0.57+0.10 ms clock, 0.80+0.87/0.70/0+0.81 ms cpu, 3->3->1 MB, 4 MB goal, 0 MB stacks, 0 MB globals, 8 P
gc 3843 @16.127s 7%: 0.091+0.59+0.086 ms clock, 0.73+0.70/0.80/0+0.69 ms cpu, 3->3->1 MB, 4 MB goal, 0 MB stacks, 0 MB globals, 8 P
gc 3844 @16.130s 7%: 0.10+0.54+0.11 ms clock, 0.82+0.88/0.70/0+0.95 ms cpu, 3->3->1 MB, 4 MB goal, 0 MB stacks, 0 MB globals, 8 P
gc 3845 @16.133s 7%: 0.068+1.6+0.063 ms clock, 0.55+0.67/0.84/0+0.50 ms cpu, 3->4->2 MB, 4 MB goal, 0 MB stacks, 0 MB globals, 8 P
gc 3846 @16.137s 7%: 0.093+0.60+0.071 ms clock, 0.74+0.87/0.75/0+0.56 ms cpu, 3->4->1 MB, 4 MB goal, 0 MB stacks, 0 MB globals, 8 P
gc 3847 @16.140s 7%: 0.078+0.74+0.089 ms clock, 0.63+0.71/0.80/0+0.71 ms cpu, 3->3->1 MB, 4 MB goal, 0 MB stacks, 0 MB globals, 8 P
gc 3848 @16.143s 7%: 0.15+0.59+0.11 ms clock, 1.2+0.66/0.83/0+0.88 ms cpu, 3->3->1 MB, 4 MB goal, 0 MB stacks, 0 MB globals, 8 P
gc 3849 @16.146s 7%: 0.11+0.61+0.081 ms clock, 0.92+0.70/0.83/0+0.65 ms cpu, 3->3->1 MB, 4 MB goal, 0 MB stacks, 0 MB globals, 8 P
gc 3850 @16.149s 7%: 0.081+0.87+0.076 ms clock, 0.65+0.81/0.64/0+0.61 ms cpu, 3->3->1 MB, 4 MB goal, 0 MB stacks, 0 MB globals, 8 P
gc 3851 @16.153s 7%: 0.13+0.63+0.10 ms clock, 1.1+0.74/0.81/0+0.80 ms cpu, 3->3->1 MB, 4 MB goal, 0 MB stacks, 0 MB globals, 8 P
gc 3852 @16.156s 7%: 0.12+0.55+0.10 ms clock, 0.98+0.77/0.79/0+0.87 ms cpu, 3->3->1 MB, 4 MB goal, 0 MB stacks, 0 MB globals, 8 P
gc 3853 @16.159s 7%: 0.14+0.57+0.088 ms clock, 1.1+0.80/0.80/0+0.70 ms cpu, 3->3->1 MB, 4 MB goal, 0 MB stacks, 0 MB globals, 8 P
gc 3854 @16.162s 7%: 0.062+0.84+0.091 ms clock, 0.50+0.75/0.67/0+0.73 ms cpu, 3->3->1 MB, 4 MB goal, 0 MB stacks, 0 MB globals, 8 P
gc 3855 @16.165s 7%: 0.11+0.92+0.081 ms clock, 0.88+0.76/0.86/0+0.65 ms cpu, 3->3->1 MB, 4 MB goal, 0 MB stacks, 0 MB globals, 8 P
gc 3856 @16.168s 7%: 0.12+0.53+0.060 ms clock, 0.97+0.89/0.65/0+0.48 ms cpu, 3->3->1 MB, 4 MB goal, 0 MB stacks, 0 MB globals, 8 P
gc 3857 @16.171s 7%: 0.11+0.54+0.074 ms clock, 0.93+0.65/0.77/0+0.59 ms cpu, 3->3->1 MB, 4 MB goal, 0 MB stacks, 0 MB globals, 8 P
gc 3858 @16.174s 7%: 0.11+0.90+0.098 ms clock, 0.92+0.65/0.80/0+0.78 ms cpu, 3->3->1 MB, 4 MB goal, 0 MB stacks, 0 MB globals, 8 P
gc 3859 @16.177s 7%: 0.12+0.86+0.098 ms clock, 1.0+0.53/0.79/0+0.79 ms cpu, 3->3->1 MB, 4 MB goal, 0 MB stacks, 0 MB globals, 8 P
gc 3860 @16.181s 7%: 0.11+0.60+0.082 ms clock, 0.89+0.70/0.80/0+0.66 ms cpu, 3->3->1 MB, 4 MB goal, 0 MB stacks, 0 MB globals, 8 P
gc 3861 @16.184s 7%: 0.14+0.62+0.067 ms clock, 1.1+0.77/0.79/0+0.54 ms cpu, 3->3->1 MB, 4 MB goal, 0 MB stacks, 0 MB globals, 8 P
gc 3862 @16.187s 7%: 0.092+0.56+0.072 ms clock, 0.73+0.85/0.68/0+0.57 ms cpu, 3->3->1 MB, 4 MB goal, 0 MB stacks, 0 MB globals, 8 P
gc 3863 @16.190s 7%: 0.11+0.56+0.052 ms clock, 0.90+0.81/0.76/0+0.42 ms cpu, 3->3->1 MB, 4 MB goal, 0 MB stacks, 0 MB globals, 8 P
gc 3864 @16.193s 7%: 0.13+0.96+0.097 ms clock, 1.0+0.73/0.80/0+0.78 ms cpu, 3->3->1 MB, 4 MB goal, 0 MB stacks, 0 MB globals, 8 P
gc 3865 @16.196s 7%: 0.10+0.56+0.073 ms clock, 0.86+0.75/0.78/0+0.58 ms cpu, 3->3->1 MB, 4 MB goal, 0 MB stacks, 0 MB globals, 8 P
gc 3866 @16.199s 7%: 0.11+0.58+0.11 ms clock, 0.89+0.80/0.68/0+0.93 ms cpu, 3->3->1 MB, 4 MB goal, 0 MB stacks, 0 MB globals, 8 P
gc 3867 @16.202s 7%: 0.12+0.66+0.074 ms clock, 1.0+0.62/0.79/0+0.59 ms cpu, 3->3->1 MB, 4 MB goal, 0 MB stacks, 0 MB globals, 8 P
gc 3868 @16.205s 7%: 0.081+0.89+0.081 ms clock, 0.65+0.72/0.69/0+0.65 ms cpu, 3->3->1 MB, 4 MB goal, 0 MB stacks, 0 MB globals, 8 P
gc 3869 @16.208s 7%: 0.15+0.80+0.12 ms clock, 1.2+1.0/0.82/0+1.0 ms cpu, 3->3->1 MB, 4 MB goal, 0 MB stacks, 0 MB globals, 8 P
gc 3870 @16.211s 7%: 0.10+0.57+0.061 ms clock, 0.80+0.79/0.75/0+0.49 ms cpu, 3->3->1 MB, 4 MB goal, 0 MB stacks, 0 MB globals, 8 P
gc 3871 @16.214s 7%: 0.10+0.50+0.10 ms clock, 0.81+0.82/0.72/0+0.81 ms cpu, 3->3->1 MB, 4 MB goal, 0 MB stacks, 0 MB globals, 8 P
gc 3872 @16.217s 7%: 0.12+0.68+0.12 ms clock, 0.99+0.85/0.74/0+1.0 ms cpu, 3->3->1 MB, 4 MB goal, 0 MB stacks, 0 MB globals, 8 P
gc 3873 @16.220s 7%: 0.11+1.3+0.098 ms clock, 0.89+0.64/0.83/0+0.78 ms cpu, 3->4->1 MB, 4 MB goal, 0 MB stacks, 0 MB globals, 8 P
gc 3874 @16.224s 7%: 0.11+1.5+0.047 ms clock, 0.95+0.78/0.73/0+0.38 ms cpu, 3->4->2 MB, 4 MB goal, 0 MB stacks, 0 MB globals, 8 P
gc 3875 @16.228s 7%: 0.10+0.87+0.080 ms clock, 0.81+0.79/0.80/0+0.64 ms cpu, 3->4->1 MB, 4 MB goal, 0 MB stacks, 0 MB globals, 8 P
gc 3876 @16.231s 7%: 0.11+0.90+0.044 ms clock, 0.95+0.91/1.0/0.035+0.35 ms cpu, 3->3->1 MB, 4 MB goal, 0 MB stacks, 0 MB globals, 8 P
gc 3877 @16.234s 7%: 0.089+1.0+0.10 ms clock, 0.71+0.80/0.77/0+0.82 ms cpu, 3->3->1 MB, 4 MB goal, 0 MB stacks, 0 MB globals, 8 P
gc 3878 @16.237s 7%: 0.10+0.64+0.099 ms clock, 0.86+0.78/0.83/0+0.79 ms cpu, 3->3->1 MB, 4 MB goal, 0 MB stacks, 0 MB globals, 8 P
gc 3879 @16.240s 7%: 0.10+0.54+0.068 ms clock, 0.85+0.75/0.78/0+0.55 ms cpu, 3->3->1 MB, 4 MB goal, 0 MB stacks, 0 MB globals, 8 P
gc 3880 @16.244s 7%: 0.10+0.68+0.085 ms clock, 0.81+0.65/0.84/0+0.68 ms cpu, 3->3->1 MB, 4 MB goal, 0 MB stacks, 0 MB globals, 8 P
gc 3881 @16.247s 7%: 0.095+0.64+0.087 ms clock, 0.76+0.83/0.78/0+0.69 ms cpu, 3->3->1 MB, 4 MB goal, 0 MB stacks, 0 MB globals, 8 P
gc 3882 @16.250s 7%: 0.12+0.72+0.054 ms clock, 1.0+0.74/0.74/0+0.43 ms cpu, 3->3->1 MB, 4 MB goal, 0 MB stacks, 0 MB globals, 8 P
gc 3883 @16.253s 7%: 0.10+0.56+0.071 ms clock, 0.86+0.70/0.89/0+0.57 ms cpu, 3->3->1 MB, 4 MB goal, 0 MB stacks, 0 MB globals, 8 P
gc 3884 @16.256s 7%: 0.11+0.56+0.10 ms clock, 0.92+0.77/0.74/0+0.84 ms cpu, 3->3->1 MB, 4 MB goal, 0 MB stacks, 0 MB globals, 8 P
gc 3885 @16.259s 7%: 0.091+1.0+0.077 ms clock, 0.73+0.74/0.78/0+0.62 ms cpu, 3->3->1 MB, 4 MB goal, 0 MB stacks, 0 MB globals, 8 P
gc 3886 @16.262s 7%: 0.13+0.55+0.10 ms clock, 1.0+0.80/0.74/0+0.86 ms cpu, 3->3->1 MB, 4 MB goal, 0 MB stacks, 0 MB globals, 8 P
gc 3887 @16.265s 7%: 0.044+0.56+0.10 ms clock, 0.35+0.82/0.74/0+0.87 ms cpu, 3->3->1 MB, 4 MB goal, 0 MB stacks, 0 MB globals, 8 P
gc 3888 @16.268s 7%: 0.11+1.2+0.088 ms clock, 0.92+0.63/0.80/0+0.70 ms cpu, 3->3->1 MB, 4 MB goal, 0 MB stacks, 0 MB globals, 8 P
gc 3889 @16.272s 7%: 0.078+1.0+0.057 ms clock, 0.63+0.85/0.75/0+0.46 ms cpu, 3->4->1 MB, 4 MB goal, 0 MB stacks, 0 MB globals, 8 P
gc 3890 @16.275s 7%: 0.11+1.4+0.087 ms clock, 0.92+0.75/0.84/0+0.70 ms cpu, 3->4->1 MB, 4 MB goal, 0 MB stacks, 0 MB globals, 8 P
gc 3891 @16.279s 7%: 0.11+0.59+0.072 ms clock, 0.88+0.79/0.79/0+0.57 ms cpu, 3->3->1 MB, 4 MB goal, 0 MB stacks, 0 MB globals, 8 P
gc 3892 @16.282s 7%: 0.10+0.53+0.10 ms clock, 0.82+0.80/0.70/0+0.83 ms cpu, 3->3->1 MB, 4 MB goal, 0 MB stacks, 0 MB globals, 8 P
gc 3893 @16.285s 7%: 0.13+1.2+0.082 ms clock, 1.1+0.64/0.79/0+0.66 ms cpu, 3->4->1 MB, 4 MB goal, 0 MB stacks, 0 MB globals, 8 P
gc 3894 @16.288s 7%: 0.14+0.55+0.037 ms clock, 1.1+0.85/0.71/0+0.30 ms cpu, 3->3->1 MB, 4 MB goal, 0 MB stacks, 0 MB globals, 8 P
gc 3895 @16.291s 7%: 0.089+0.72+0.037 ms clock, 0.71+0.52/0.87/0+0.30 ms cpu, 3->3->1 MB, 4 MB goal, 0 MB stacks, 0 MB globals, 8 P
gc 3896 @16.294s 7%: 0.10+0.65+0.095 ms clock, 0.83+0.82/0.77/0+0.76 ms cpu, 3->3->1 MB, 4 MB goal, 0 MB stacks, 0 MB globals, 8 P
gc 3897 @16.298s 7%: 0.099+0.57+0.071 ms clock, 0.79+0.83/0.72/0+0.56 ms cpu, 3->3->1 MB, 4 MB goal, 0 MB stacks, 0 MB globals, 8 P
gc 3898 @16.301s 7%: 0.10+1.3+0.10 ms clock, 0.84+0.76/0.80/0+0.80 ms cpu, 3->4->1 MB, 4 MB goal, 0 MB stacks, 0 MB globals, 8 P
gc 3899 @16.304s 7%: 0.082+1.1+0.053 ms clock, 0.66+0.79/0.83/0+0.42 ms cpu, 3->4->1 MB, 4 MB goal, 0 MB stacks, 0 MB globals, 8 P
gc 3900 @16.308s 7%: 0.10+0.64+0.050 ms clock, 0.83+0.73/0.74/0+0.40 ms cpu, 3->3->1 MB, 4 MB goal, 0 MB stacks, 0 MB globals, 8 P
gc 3901 @16.311s 7%: 0.11+0.59+0.10 ms clock, 0.90+0.70/0.80/0+0.83 ms cpu, 3->3->1 MB, 4 MB goal, 0 MB stacks, 0 MB globals, 8 P
gc 3902 @16.314s 7%: 0.13+0.63+0.10 ms clock, 1.0+0.79/0.69/0+0.85 ms cpu, 3->3->1 MB, 4 MB goal, 0 MB stacks, 0 MB globals, 8 P
gc 3903 @16.317s 7%: 0.097+0.55+0.10 ms clock, 0.78+0.76/0.77/0+0.81 ms cpu, 3->3->1 MB, 4 MB goal, 0 MB stacks, 0 MB globals, 8 P
gc 3904 @16.320s 7%: 0.11+0.55+0.063 ms clock, 0.88+0.82/0.71/0+0.50 ms cpu, 3->3->1 MB, 4 MB goal, 0 MB stacks, 0 MB globals, 8 P
gc 3905 @16.323s 7%: 0.11+0.55+0.076 ms clock, 0.90+0.79/0.68/0+0.61 ms cpu, 3->3->1 MB, 4 MB goal, 0 MB stacks, 0 MB globals, 8 P
gc 3906 @16.326s 7%: 0.10+1.0+0.080 ms clock, 0.86+0.69/0.75/0+0.64 ms cpu, 3->3->1 MB, 4 MB goal, 0 MB stacks, 0 MB globals, 8 P
gc 3907 @16.329s 7%: 0.093+0.45+0.070 ms clock, 0.74+0.89/0.64/0+0.56 ms cpu, 3->3->1 MB, 4 MB goal, 0 MB stacks, 0 MB globals, 8 P
gc 3908 @16.332s 7%: 0.15+0.68+0.063 ms clock, 1.2+0.72/0.81/0+0.50 ms cpu, 3->3->1 MB, 4 MB goal, 0 MB stacks, 0 MB globals, 8 P
gc 3909 @16.335s 7%: 0.12+0.60+0.082 ms clock, 1.0+0.82/0.72/0+0.66 ms cpu, 3->3->1 MB, 4 MB goal, 0 MB stacks, 0 MB globals, 8 P
gc 3910 @16.338s 7%: 0.096+0.65+0.064 ms clock, 0.76+0.68/0.78/0+0.51 ms cpu, 3->3->1 MB, 4 MB goal, 0 MB stacks, 0 MB globals, 8 P
gc 3911 @16.342s 7%: 0.090+0.59+0.072 ms clock, 0.72+0.79/0.72/0+0.58 ms cpu, 3->3->1 MB, 4 MB goal, 0 MB stacks, 0 MB globals, 8 P
gc 3912 @16.345s 7%: 0.11+0.51+0.041 ms clock, 0.91+0.91/0.66/0+0.33 ms cpu, 3->3->1 MB, 4 MB goal, 0 MB stacks, 0 MB globals, 8 P
gc 3913 @16.348s 7%: 0.088+0.61+0.061 ms clock, 0.71+0.68/0.85/0+0.49 ms cpu, 3->3->1 MB, 4 MB goal, 0 MB stacks, 0 MB globals, 8 P
gc 3914 @16.351s 7%: 0.10+0.58+0.099 ms clock, 0.87+0.77/0.74/0+0.79 ms cpu, 3->3->1 MB, 4 MB goal, 0 MB stacks, 0 MB globals, 8 P
gc 3915 @16.354s 7%: 0.10+0.59+0.10 ms clock, 0.86+0.68/0.74/0+0.81 ms cpu, 3->3->1 MB, 4 MB goal, 0 MB stacks, 0 MB globals, 8 P
gc 3916 @16.357s 7%: 0.12+0.62+0.10 ms clock, 0.97+0.78/0.74/0+0.80 ms cpu, 3->3->1 MB, 4 MB goal, 0 MB stacks, 0 MB globals, 8 P
gc 3917 @16.360s 7%: 0.10+0.54+0.050 ms clock, 0.87+0.89/0.71/0+0.40 ms cpu, 3->3->1 MB, 4 MB goal, 0 MB stacks, 0 MB globals, 8 P
gc 3918 @16.363s 7%: 0.087+0.47+0.10 ms clock, 0.70+0.82/0.73/0+0.87 ms cpu, 3->3->1 MB, 4 MB goal, 0 MB stacks, 0 MB globals, 8 P
gc 3919 @16.366s 7%: 0.097+0.56+0.11 ms clock, 0.77+0.78/0.75/0+0.92 ms cpu, 3->3->1 MB, 4 MB goal, 0 MB stacks, 0 MB globals, 8 P
gc 3920 @16.369s 7%: 0.11+0.67+0.065 ms clock, 0.95+0.82/0.83/0+0.52 ms cpu, 3->3->1 MB, 4 MB goal, 0 MB stacks, 0 MB globals, 8 P
gc 3921 @16.372s 7%: 0.13+0.51+0.050 ms clock, 1.0+0.83/0.69/0+0.40 ms cpu, 3->3->1 MB, 4 MB goal, 0 MB stacks, 0 MB globals, 8 P
gc 3922 @16.375s 7%: 0.094+0.52+0.054 ms clock, 0.75+0.75/0.77/0+0.43 ms cpu, 3->3->1 MB, 4 MB goal, 0 MB stacks, 0 MB globals, 8 P
gc 3923 @16.378s 7%: 0.10+0.55+0.068 ms clock, 0.84+0.84/0.69/0+0.54 ms cpu, 3->3->1 MB, 4 MB goal, 0 MB stacks, 0 MB globals, 8 P
gc 3924 @16.381s 7%: 0.13+0.64+0.092 ms clock, 1.0+0.79/0.73/0+0.74 ms cpu, 3->3->1 MB, 4 MB goal, 0 MB stacks, 0 MB globals, 8 P
gc 3925 @16.384s 7%: 0.10+0.51+0.062 ms clock, 0.84+0.69/0.78/0+0.49 ms cpu, 3->3->1 MB, 4 MB goal, 0 MB stacks, 0 MB globals, 8 P
gc 3926 @16.388s 7%: 0.13+0.67+0.067 ms clock, 1.0+0.77/0.87/0+0.53 ms cpu, 3->3->1 MB, 4 MB goal, 0 MB stacks, 0 MB globals, 8 P
gc 3927 @16.391s 7%: 0.072+0.56+0.11 ms clock, 0.57+0.85/0.66/0+0.93 ms cpu, 3->3->1 MB, 4 MB goal, 0 MB stacks, 0 MB globals, 8 P
gc 3928 @16.394s 7%: 0.087+0.49+0.066 ms clock, 0.70+0.84/0.64/0+0.53 ms cpu, 3->3->1 MB, 4 MB goal, 0 MB stacks, 0 MB globals, 8 P
gc 3929 @16.397s 7%: 0.099+0.51+0.11 ms clock, 0.79+0.81/0.72/0+0.89 ms cpu, 3->3->1 MB, 4 MB goal, 0 MB stacks, 0 MB globals, 8 P
gc 3930 @16.400s 7%: 0.10+0.55+0.076 ms clock, 0.81+0.71/0.75/0+0.61 ms cpu, 3->3->1 MB, 4 MB goal, 0 MB stacks, 0 MB globals, 8 P
gc 3931 @16.403s 7%: 0.15+0.57+0.086 ms clock, 1.2+0.74/0.74/0+0.69 ms cpu, 3->3->1 MB, 4 MB goal, 0 MB stacks, 0 MB globals, 8 P
gc 3932 @16.406s 7%: 0.11+0.57+0.10 ms clock, 0.93+0.77/0.80/0+0.83 ms cpu, 3->3->1 MB, 4 MB goal, 0 MB stacks, 0 MB globals, 8 P
gc 3933 @16.409s 7%: 0.10+0.59+0.074 ms clock, 0.86+0.74/0.68/0+0.59 ms cpu, 3->3->1 MB, 4 MB goal, 0 MB stacks, 0 MB globals, 8 P
gc 3934 @16.412s 7%: 0.093+0.52+0.10 ms clock, 0.74+0.77/0.76/0+0.85 ms cpu, 3->3->1 MB, 4 MB goal, 0 MB stacks, 0 MB globals, 8 P
gc 3935 @16.415s 7%: 0.094+0.56+0.11 ms clock, 0.75+0.71/0.78/0+0.89 ms cpu, 3->3->1 MB, 4 MB goal, 0 MB stacks, 0 MB globals, 8 P
gc 3936 @16.418s 7%: 0.12+1.0+0.065 ms clock, 1.0+0.78/0.77/0+0.52 ms cpu, 3->3->1 MB, 4 MB goal, 0 MB stacks, 0 MB globals, 8 P
gc 3937 @16.421s 7%: 0.11+0.57+0.088 ms clock, 0.94+0.75/0.73/0+0.70 ms cpu, 3->3->1 MB, 4 MB goal, 0 MB stacks, 0 MB globals, 8 P
gc 3938 @16.424s 7%: 0.14+0.63+0.055 ms clock, 1.1+0.79/0.76/0+0.44 ms cpu, 3->3->1 MB, 4 MB goal, 0 MB stacks, 0 MB globals, 8 P
gc 3939 @16.427s 7%: 0.11+0.52+0.097 ms clock, 0.91+0.80/0.66/0+0.77 ms cpu, 3->3->1 MB, 4 MB goal, 0 MB stacks, 0 MB globals, 8 P
gc 3940 @16.431s 7%: 0.12+0.56+0.082 ms clock, 1.0+0.86/0.68/0+0.66 ms cpu, 3->3->1 MB, 4 MB goal, 0 MB stacks, 0 MB globals, 8 P
gc 3941 @16.434s 7%: 0.12+0.62+0.089 ms clock, 1.0+0.77/0.75/0+0.71 ms cpu, 3->3->1 MB, 4 MB goal, 0 MB stacks, 0 MB globals, 8 P
gc 3942 @16.437s 7%: 0.10+0.63+0.10 ms clock, 0.84+0.74/0.74/0+0.86 ms cpu, 3->3->1 MB, 4 MB goal, 0 MB stacks, 0 MB globals, 8 P
gc 3943 @16.440s 7%: 0.11+0.50+0.10 ms clock, 0.94+0.81/0.75/0+0.87 ms cpu, 3->3->1 MB, 4 MB goal, 0 MB stacks, 0 MB globals, 8 P
gc 3944 @16.443s 7%: 0.11+0.66+0.052 ms clock, 0.93+0.69/0.81/0+0.41 ms cpu, 3->3->1 MB, 4 MB goal, 0 MB stacks, 0 MB globals, 8 P
gc 3945 @16.446s 7%: 0.098+0.59+0.13 ms clock, 0.78+0.77/0.79/0+1.0 ms cpu, 3->3->1 MB, 4 MB goal, 0 MB stacks, 0 MB globals, 8 P
gc 3946 @16.449s 7%: 0.080+0.61+0.099 ms clock, 0.64+0.83/0.82/0+0.79 ms cpu, 3->3->1 MB, 4 MB goal, 0 MB stacks, 0 MB globals, 8 P
gc 3947 @16.452s 7%: 0.11+0.62+0.073 ms clock, 0.93+0.70/0.73/0+0.59 ms cpu, 3->3->1 MB, 4 MB goal, 0 MB stacks, 0 MB globals, 8 P
gc 3948 @16.455s 7%: 0.10+0.64+0.065 ms clock, 0.85+0.68/0.82/0+0.52 ms cpu, 3->3->1 MB, 4 MB goal, 0 MB stacks, 0 MB globals, 8 P
gc 3949 @16.458s 7%: 0.13+0.66+0.083 ms clock, 1.0+0.82/0.79/0+0.66 ms cpu, 3->3->1 MB, 4 MB goal, 0 MB stacks, 0 MB globals, 8 P
gc 3950 @16.462s 7%: 0.084+0.58+0.083 ms clock, 0.67+0.90/0.65/0+0.66 ms cpu, 3->3->1 MB, 4 MB goal, 0 MB stacks, 0 MB globals, 8 P
gc 3951 @16.465s 7%: 0.12+0.58+0.069 ms clock, 0.99+0.62/0.80/0+0.55 ms cpu, 3->3->1 MB, 4 MB goal, 0 MB stacks, 0 MB globals, 8 P
gc 3952 @16.468s 7%: 0.094+0.54+0.069 ms clock, 0.75+0.69/0.77/0+0.55 ms cpu, 3->3->1 MB, 4 MB goal, 0 MB stacks, 0 MB globals, 8 P
gc 3953 @16.471s 7%: 0.077+0.66+0.11 ms clock, 0.62+0.72/0.83/0+0.94 ms cpu, 3->3->1 MB, 4 MB goal, 0 MB stacks, 0 MB globals, 8 P
gc 3954 @16.474s 7%: 0.12+0.59+0.065 ms clock, 0.98+0.71/0.76/0+0.52 ms cpu, 3->3->1 MB, 4 MB goal, 0 MB stacks, 0 MB globals, 8 P
gc 3955 @16.477s 7%: 0.11+0.58+0.045 ms clock, 0.94+0.88/0.78/0+0.36 ms cpu, 3->3->1 MB, 4 MB goal, 0 MB stacks, 0 MB globals, 8 P
gc 3956 @16.480s 7%: 0.10+0.51+0.091 ms clock, 0.84+0.77/0.74/0+0.73 ms cpu, 3->3->1 MB, 4 MB goal, 0 MB stacks, 0 MB globals, 8 P
gc 3957 @16.483s 7%: 0.063+0.54+0.092 ms clock, 0.50+0.78/0.74/0+0.74 ms cpu, 3->3->1 MB, 4 MB goal, 0 MB stacks, 0 MB globals, 8 P
gc 3958 @16.486s 7%: 0.13+0.64+0.081 ms clock, 1.0+0.83/0.79/0+0.65 ms cpu, 3->3->1 MB, 4 MB goal, 0 MB stacks, 0 MB globals, 8 P
gc 3959 @16.489s 7%: 0.11+1.0+0.075 ms clock, 0.91+0.83/0.77/0+0.60 ms cpu, 3->3->1 MB, 4 MB goal, 0 MB stacks, 0 MB globals, 8 P
gc 3960 @16.493s 7%: 0.10+0.76+0.091 ms clock, 0.84+0.69/0.84/0+0.73 ms cpu, 3->3->1 MB, 4 MB goal, 0 MB stacks, 0 MB globals, 8 P
gc 3961 @16.496s 7%: 0.15+0.57+0.068 ms clock, 1.2+0.74/0.77/0+0.55 ms cpu, 3->3->1 MB, 4 MB goal, 0 MB stacks, 0 MB globals, 8 P
gc 3962 @16.499s 7%: 0.089+0.54+0.095 ms clock, 0.71+0.73/0.75/0+0.76 ms cpu, 3->3->1 MB, 4 MB goal, 0 MB stacks, 0 MB globals, 8 P
gc 3963 @16.502s 7%: 0.12+0.61+0.079 ms clock, 1.0+0.79/0.74/0+0.63 ms cpu, 3->3->1 MB, 4 MB goal, 0 MB stacks, 0 MB globals, 8 P
gc 3964 @16.505s 7%: 0.12+0.59+0.095 ms clock, 1.0+0.73/0.81/0+0.76 ms cpu, 3->3->1 MB, 4 MB goal, 0 MB stacks, 0 MB globals, 8 P
gc 3965 @16.508s 7%: 0.10+0.66+0.10 ms clock, 0.87+0.67/0.82/0+0.82 ms cpu, 3->3->1 MB, 4 MB goal, 0 MB stacks, 0 MB globals, 8 P
gc 3966 @16.511s 7%: 0.093+0.60+0.11 ms clock, 0.74+0.78/0.78/0+0.94 ms cpu, 3->3->1 MB, 4 MB goal, 0 MB stacks, 0 MB globals, 8 P
gc 3967 @16.514s 7%: 0.088+1.0+0.10 ms clock, 0.70+0.88/0.65/0+0.82 ms cpu, 3->3->1 MB, 4 MB goal, 0 MB stacks, 0 MB globals, 8 P
gc 3968 @16.517s 7%: 0.092+0.56+0.10 ms clock, 0.73+0.86/0.68/0+0.87 ms cpu, 3->3->1 MB, 4 MB goal, 0 MB stacks, 0 MB globals, 8 P
gc 3969 @16.520s 7%: 0.092+0.59+0.11 ms clock, 0.73+0.83/0.69/0+0.88 ms cpu, 3->3->1 MB, 4 MB goal, 0 MB stacks, 0 MB globals, 8 P
gc 3970 @16.523s 7%: 0.13+1.0+0.094 ms clock, 1.0+0.73/0.74/0+0.75 ms cpu, 3->3->1 MB, 4 MB goal, 0 MB stacks, 0 MB globals, 8 P
gc 3971 @16.527s 7%: 0.10+0.58+0.079 ms clock, 0.86+0.88/0.80/0+0.63 ms cpu, 3->3->1 MB, 4 MB goal, 0 MB stacks, 0 MB globals, 8 P
gc 3972 @16.530s 7%: 0.089+0.52+0.083 ms clock, 0.71+0.87/0.62/0+0.66 ms cpu, 3->3->1 MB, 4 MB goal, 0 MB stacks, 0 MB globals, 8 P
gc 3973 @16.533s 7%: 0.093+0.70+0.068 ms clock, 0.75+0.78/0.91/0+0.54 ms cpu, 3->3->1 MB, 4 MB goal, 0 MB stacks, 0 MB globals, 8 P
gc 3974 @16.536s 7%: 0.11+1.1+0.087 ms clock, 0.89+0.57/0.84/0+0.70 ms cpu, 3->3->1 MB, 4 MB goal, 0 MB stacks, 0 MB globals, 8 P
gc 3975 @16.539s 7%: 0.15+0.54+0.10 ms clock, 1.2+0.73/0.76/0+0.80 ms cpu, 3->3->1 MB, 4 MB goal, 0 MB stacks, 0 MB globals, 8 P
gc 3976 @16.542s 7%: 0.10+1.3+0.048 ms clock, 0.80+0.85/0.67/0+0.38 ms cpu, 3->4->1 MB, 4 MB goal, 0 MB stacks, 0 MB globals, 8 P
gc 3977 @16.546s 7%: 0.14+0.88+0.028 ms clock, 1.1+0.68/0.83/0+0.22 ms cpu, 3->4->1 MB, 4 MB goal, 0 MB stacks, 0 MB globals, 8 P
gc 3978 @16.549s 7%: 0.16+0.53+0.059 ms clock, 1.2+0.78/0.72/0+0.47 ms cpu, 3->3->1 MB, 4 MB goal, 0 MB stacks, 0 MB globals, 8 P
gc 3979 @16.552s 7%: 0.10+0.89+0.081 ms clock, 0.81+0.56/0.84/0+0.64 ms cpu, 3->3->1 MB, 4 MB goal, 0 MB stacks, 0 MB globals, 8 P
gc 3980 @16.556s 7%: 0.13+0.92+0.081 ms clock, 1.0+0.67/0.88/0+0.65 ms cpu, 3->3->1 MB, 4 MB goal, 0 MB stacks, 0 MB globals, 8 P
gc 3981 @16.559s 7%: 0.10+0.51+0.10 ms clock, 0.81+0.79/0.70/0+0.80 ms cpu, 3->3->1 MB, 4 MB goal, 0 MB stacks, 0 MB globals, 8 P
gc 3982 @16.562s 7%: 0.13+0.88+0.10 ms clock, 1.0+0.74/0.77/0+0.87 ms cpu, 3->3->1 MB, 4 MB goal, 0 MB stacks, 0 MB globals, 8 P
gc 3983 @16.565s 7%: 0.12+1.0+0.095 ms clock, 1.0+0.93/0.78/0+0.76 ms cpu, 3->3->1 MB, 4 MB goal, 0 MB stacks, 0 MB globals, 8 P
gc 3984 @16.568s 7%: 0.13+0.81+0.11 ms clock, 1.0+0.77/0.79/0+0.89 ms cpu, 3->3->1 MB, 4 MB goal, 0 MB stacks, 0 MB globals, 8 P
gc 3985 @16.571s 7%: 0.064+0.63+0.11 ms clock, 0.51+0.78/0.80/0+0.95 ms cpu, 3->3->1 MB, 4 MB goal, 0 MB stacks, 0 MB globals, 8 P
gc 3986 @16.574s 7%: 0.11+0.95+0.045 ms clock, 0.92+0.70/0.61/0.15+0.36 ms cpu, 3->3->1 MB, 4 MB goal, 0 MB stacks, 0 MB globals, 8 P
gc 3987 @16.578s 7%: 0.12+0.56+0.099 ms clock, 0.96+0.87/0.75/0+0.79 ms cpu, 3->3->1 MB, 4 MB goal, 0 MB stacks, 0 MB globals, 8 P
gc 3988 @16.581s 7%: 0.10+1.0+0.064 ms clock, 0.83+0.70/0.73/0+0.51 ms cpu, 3->3->1 MB, 4 MB goal, 0 MB stacks, 0 MB globals, 8 P
gc 3989 @16.584s 7%: 0.087+0.63+0.12 ms clock, 0.70+0.80/0.77/0+1.0 ms cpu, 3->3->1 MB, 4 MB goal, 0 MB stacks, 0 MB globals, 8 P
gc 3990 @16.587s 7%: 0.078+1.2+0.041 ms clock, 0.62+0.56/0.76/0+0.33 ms cpu, 3->3->1 MB, 4 MB goal, 0 MB stacks, 0 MB globals, 8 P
gc 3991 @16.591s 7%: 0.14+0.57+0.089 ms clock, 1.1+0.83/0.81/0+0.71 ms cpu, 3->3->1 MB, 4 MB goal, 0 MB stacks, 0 MB globals, 8 P
gc 3992 @16.594s 7%: 0.096+0.76+0.11 ms clock, 0.77+0.81/0.73/0+0.90 ms cpu, 3->3->1 MB, 4 MB goal, 0 MB stacks, 0 MB globals, 8 P
gc 3993 @16.597s 7%: 0.11+0.85+0.072 ms clock, 0.89+0.74/0.78/0+0.58 ms cpu, 3->3->1 MB, 4 MB goal, 0 MB stacks, 0 MB globals, 8 P
gc 3994 @16.600s 7%: 0.080+0.63+0.090 ms clock, 0.64+0.57/0.81/0+0.72 ms cpu, 3->3->1 MB, 4 MB goal, 0 MB stacks, 0 MB globals, 8 P
gc 3995 @16.603s 7%: 0.11+0.60+0.093 ms clock, 0.92+0.76/0.74/0+0.75 ms cpu, 3->3->1 MB, 4 MB goal, 0 MB stacks, 0 MB globals, 8 P
gc 3996 @16.606s 7%: 0.091+0.61+0.097 ms clock, 0.73+0.70/0.83/0+0.77 ms cpu, 3->3->1 MB, 4 MB goal, 0 MB stacks, 0 MB globals, 8 P
gc 3997 @16.609s 7%: 0.11+0.53+0.085 ms clock, 0.90+0.71/0.80/0+0.68 ms cpu, 3->3->1 MB, 4 MB goal, 0 MB stacks, 0 MB globals, 8 P
gc 3998 @16.612s 7%: 0.10+0.57+0.12 ms clock, 0.82+0.92/0.69/0+0.96 ms cpu, 3->3->1 MB, 4 MB goal, 0 MB stacks, 0 MB globals, 8 P
gc 3999 @16.615s 7%: 0.085+0.71+0.060 ms clock, 0.68+0.78/0.82/0+0.48 ms cpu, 3->3->1 MB, 4 MB goal, 0 MB stacks, 0 MB globals, 8 P
gc 4000 @16.618s 7%: 0.12+0.56+0.10 ms clock, 1.0+0.76/0.78/0+0.86 ms cpu, 3->3->1 MB, 4 MB goal, 0 MB stacks, 0 MB globals, 8 P
gc 4001 @16.621s 7%: 0.13+0.57+0.053 ms clock, 1.1+0.79/0.69/0+0.42 ms cpu, 3->3->1 MB, 4 MB goal, 0 MB stacks, 0 MB globals, 8 P
gc 4002 @16.624s 7%: 0.12+0.48+0.063 ms clock, 0.98+0.79/0.73/0+0.51 ms cpu, 3->3->1 MB, 4 MB goal, 0 MB stacks, 0 MB globals, 8 P
gc 4003 @16.627s 7%: 0.10+0.67+0.11 ms clock, 0.80+0.78/0.80/0+0.90 ms cpu, 3->3->1 MB, 4 MB goal, 0 MB stacks, 0 MB globals, 8 P
gc 4004 @16.630s 7%: 0.095+0.53+0.085 ms clock, 0.76+0.88/0.69/0+0.68 ms cpu, 3->3->1 MB, 4 MB goal, 0 MB stacks, 0 MB globals, 8 P
gc 4005 @16.633s 7%: 0.10+0.60+0.10 ms clock, 0.87+0.71/0.84/0+0.82 ms cpu, 3->3->1 MB, 4 MB goal, 0 MB stacks, 0 MB globals, 8 P
gc 4006 @16.636s 7%: 0.12+0.75+0.10 ms clock, 0.96+0.86/0.78/0+0.84 ms cpu, 3->3->1 MB, 4 MB goal, 0 MB stacks, 0 MB globals, 8 P
gc 4007 @16.640s 7%: 0.071+0.52+0.10 ms clock, 0.57+0.75/0.68/0+0.82 ms cpu, 3->3->1 MB, 4 MB goal, 0 MB stacks, 0 MB globals, 8 P
gc 4008 @16.643s 7%: 0.11+0.62+0.082 ms clock, 0.93+0.79/0.73/0+0.65 ms cpu, 3->3->1 MB, 4 MB goal, 0 MB stacks, 0 MB globals, 8 P
gc 4009 @16.646s 7%: 0.083+0.91+0.10 ms clock, 0.67+0.68/0.73/0+0.86 ms cpu, 3->3->1 MB, 4 MB goal, 0 MB stacks, 0 MB globals, 8 P
gc 4010 @16.649s 7%: 0.10+1.0+0.095 ms clock, 0.84+0.74/0.84/0+0.76 ms cpu, 3->3->1 MB, 4 MB goal, 0 MB stacks, 0 MB globals, 8 P
gc 4011 @16.652s 7%: 0.12+1.0+0.096 ms clock, 1.0+0.74/0.75/0+0.76 ms cpu, 3->4->1 MB, 4 MB goal, 0 MB stacks, 0 MB globals, 8 P
gc 4012 @16.655s 7%: 0.14+0.76+0.081 ms clock, 1.1+0.61/0.73/0+0.64 ms cpu, 3->3->1 MB, 4 MB goal, 0 MB stacks, 0 MB globals, 8 P
gc 4013 @16.658s 7%: 0.10+0.62+0.11 ms clock, 0.81+0.74/0.78/0+0.93 ms cpu, 3->3->1 MB, 4 MB goal, 0 MB stacks, 0 MB globals, 8 P
gc 4014 @16.661s 7%: 0.097+0.98+0.10 ms clock, 0.77+0.57/0.79/0+0.81 ms cpu, 3->3->1 MB, 4 MB goal, 0 MB stacks, 0 MB globals, 8 P
gc 4015 @16.665s 7%: 0.075+0.54+0.11 ms clock, 0.60+0.69/0.79/0+0.91 ms cpu, 3->3->1 MB, 4 MB goal, 0 MB stacks, 0 MB globals, 8 P
gc 4016 @16.668s 7%: 0.10+0.66+0.053 ms clock, 0.87+0.68/0.82/0+0.42 ms cpu, 3->3->1 MB, 4 MB goal, 0 MB stacks, 0 MB globals, 8 P
gc 4017 @16.671s 7%: 0.10+0.56+0.045 ms clock, 0.87+0.90/0.73/0+0.36 ms cpu, 3->3->1 MB, 4 MB goal, 0 MB stacks, 0 MB globals, 8 P
gc 4018 @16.674s 7%: 0.078+1.1+0.039 ms clock, 0.62+0.85/0.81/0+0.31 ms cpu, 3->3->1 MB, 4 MB goal, 0 MB stacks, 0 MB globals, 8 P
gc 4019 @16.677s 7%: 0.086+0.53+0.061 ms clock, 0.69+0.95/0.70/0+0.49 ms cpu, 3->3->1 MB, 4 MB goal, 0 MB stacks, 0 MB globals, 8 P
gc 4020 @16.680s 7%: 0.12+0.63+0.081 ms clock, 0.96+0.82/0.71/0+0.65 ms cpu, 3->3->1 MB, 4 MB goal, 0 MB stacks, 0 MB globals, 8 P
gc 4021 @16.683s 7%: 0.12+0.71+0.090 ms clock, 0.96+0.71/0.86/0+0.72 ms cpu, 3->3->1 MB, 4 MB goal, 0 MB stacks, 0 MB globals, 8 P
gc 4022 @16.686s 7%: 0.098+0.55+0.058 ms clock, 0.78+0.88/0.77/0+0.46 ms cpu, 3->3->1 MB, 4 MB goal, 0 MB stacks, 0 MB globals, 8 P
gc 4023 @16.689s 7%: 0.11+0.63+0.13 ms clock, 0.90+0.73/0.80/0+1.0 ms cpu, 3->3->1 MB, 4 MB goal, 0 MB stacks, 0 MB globals, 8 P
gc 4024 @16.692s 7%: 0.12+0.56+0.095 ms clock, 0.97+0.79/0.78/0+0.76 ms cpu, 3->3->1 MB, 4 MB goal, 0 MB stacks, 0 MB globals, 8 P
gc 4025 @16.695s 7%: 0.091+0.73+0.088 ms clock, 0.73+0.71/0.72/0+0.70 ms cpu, 3->3->1 MB, 4 MB goal, 0 MB stacks, 0 MB globals, 8 P
gc 4026 @16.698s 7%: 0.13+0.58+0.10 ms clock, 1.0+0.84/0.76/0+0.80 ms cpu, 3->3->1 MB, 4 MB goal, 0 MB stacks, 0 MB globals, 8 P
gc 4027 @16.701s 7%: 0.096+0.61+0.12 ms clock, 0.77+0.84/0.66/0+0.96 ms cpu, 3->3->1 MB, 4 MB goal, 0 MB stacks, 0 MB globals, 8 P
gc 4028 @16.704s 7%: 0.11+0.58+0.091 ms clock, 0.89+0.78/0.81/0+0.72 ms cpu, 3->3->1 MB, 4 MB goal, 0 MB stacks, 0 MB globals, 8 P
gc 4029 @16.707s 7%: 0.11+0.54+0.089 ms clock, 0.95+0.79/0.68/0+0.71 ms cpu, 3->3->1 MB, 4 MB goal, 0 MB stacks, 0 MB globals, 8 P
gc 4030 @16.710s 7%: 0.069+1.6+0.028 ms clock, 0.55+0.99/1.6/0+0.22 ms cpu, 3->4->2 MB, 4 MB goal, 0 MB stacks, 0 MB globals, 8 P
gc 4031 @16.714s 7%: 0.13+0.90+0.062 ms clock, 1.0+0.73/0.79/0+0.49 ms cpu, 3->4->1 MB, 4 MB goal, 0 MB stacks, 0 MB globals, 8 P
gc 4032 @16.718s 7%: 0.098+0.54+0.092 ms clock, 0.78+0.80/0.73/0+0.74 ms cpu, 3->3->1 MB, 4 MB goal, 0 MB stacks, 0 MB globals, 8 P
gc 4033 @16.721s 7%: 0.10+0.65+0.091 ms clock, 0.84+0.84/0.75/0+0.72 ms cpu, 3->3->1 MB, 4 MB goal, 0 MB stacks, 0 MB globals, 8 P
gc 4034 @16.724s 7%: 0.082+0.54+0.10 ms clock, 0.65+0.83/0.65/0+0.80 ms cpu, 3->3->1 MB, 4 MB goal, 0 MB stacks, 0 MB globals, 8 P
gc 4035 @16.727s 7%: 0.12+0.58+0.049 ms clock, 1.0+0.76/0.82/0+0.39 ms cpu, 3->3->1 MB, 4 MB goal, 0 MB stacks, 0 MB globals, 8 P
gc 4036 @16.730s 7%: 0.12+0.53+0.10 ms clock, 1.0+0.89/0.75/0+0.82 ms cpu, 3->3->1 MB, 4 MB goal, 0 MB stacks, 0 MB globals, 8 P
gc 4037 @16.733s 7%: 0.10+0.78+0.045 ms clock, 0.87+0.42/0.98/0+0.36 ms cpu, 3->3->1 MB, 4 MB goal, 0 MB stacks, 0 MB globals, 8 P
gc 4038 @16.736s 7%: 0.098+0.62+0.087 ms clock, 0.78+0.73/0.71/0+0.70 ms cpu, 3->3->1 MB, 4 MB goal, 0 MB stacks, 0 MB globals, 8 P
gc 4039 @16.739s 7%: 0.11+0.59+0.099 ms clock, 0.93+0.69/0.86/0+0.79 ms cpu, 3->3->1 MB, 4 MB goal, 0 MB stacks, 0 MB globals, 8 P
gc 4040 @16.742s 7%: 0.10+1.1+0.090 ms clock, 0.85+0.62/0.76/0+0.72 ms cpu, 3->3->1 MB, 4 MB goal, 0 MB stacks, 0 MB globals, 8 P
gc 4041 @16.745s 7%: 0.12+1.1+0.10 ms clock, 0.98+1.5/0.84/0+0.82 ms cpu, 3->4->1 MB, 4 MB goal, 0 MB stacks, 0 MB globals, 8 P
gc 4042 @16.749s 7%: 0.11+0.50+0.12 ms clock, 0.90+0.88/0.70/0+1.0 ms cpu, 3->3->1 MB, 4 MB goal, 0 MB stacks, 0 MB globals, 8 P
gc 4043 @16.752s 7%: 0.092+0.84+0.069 ms clock, 0.74+0.78/0.75/0+0.55 ms cpu, 3->3->1 MB, 4 MB goal, 0 MB stacks, 0 MB globals, 8 P
gc 4044 @16.755s 7%: 0.15+0.98+0.081 ms clock, 1.2+0.49/0.98/0+0.65 ms cpu, 3->3->1 MB, 4 MB goal, 0 MB stacks, 0 MB globals, 8 P
gc 4045 @16.758s 7%: 0.11+0.57+0.083 ms clock, 0.89+0.78/0.75/0+0.66 ms cpu, 3->3->1 MB, 4 MB goal, 0 MB stacks, 0 MB globals, 8 P
gc 4046 @16.761s 7%: 0.098+1.1+0.11 ms clock, 0.79+0.72/0.85/0+0.92 ms cpu, 3->3->1 MB, 4 MB goal, 0 MB stacks, 0 MB globals, 8 P
gc 4047 @16.764s 7%: 0.10+0.60+0.079 ms clock, 0.81+0.67/0.84/0+0.63 ms cpu, 3->3->1 MB, 4 MB goal, 0 MB stacks, 0 MB globals, 8 P
gc 4048 @16.767s 7%: 0.12+0.61+0.12 ms clock, 1.0+0.87/0.82/0+0.97 ms cpu, 3->3->1 MB, 4 MB goal, 0 MB stacks, 0 MB globals, 8 P
gc 4049 @16.770s 7%: 0.085+0.63+0.081 ms clock, 0.68+0.83/0.70/0+0.64 ms cpu, 3->3->1 MB, 4 MB goal, 0 MB stacks, 0 MB globals, 8 P
gc 4050 @16.774s 7%: 0.091+1.1+0.10 ms clock, 0.72+0.81/0.68/0+0.82 ms cpu, 3->3->1 MB, 4 MB goal, 0 MB stacks, 0 MB globals, 8 P
gc 4051 @16.777s 7%: 0.084+1.0+0.088 ms clock, 0.67+0.81/0.98/0+0.70 ms cpu, 3->4->1 MB, 4 MB goal, 0 MB stacks, 0 MB globals, 8 P
gc 4052 @16.780s 7%: 0.10+0.61+0.067 ms clock, 0.83+0.79/0.80/0+0.53 ms cpu, 3->3->1 MB, 4 MB goal, 0 MB stacks, 0 MB globals, 8 P
gc 4053 @16.783s 7%: 0.11+0.53+0.063 ms clock, 0.88+0.79/0.72/0+0.50 ms cpu, 3->3->1 MB, 4 MB goal, 0 MB stacks, 0 MB globals, 8 P
gc 4054 @16.786s 7%: 0.12+0.64+0.057 ms clock, 1.0+0.96/0.73/0+0.46 ms cpu, 3->3->1 MB, 4 MB goal, 0 MB stacks, 0 MB globals, 8 P
gc 4055 @16.789s 7%: 0.11+1.0+0.10 ms clock, 0.91+1.1/0.87/0+0.84 ms cpu, 3->3->1 MB, 4 MB goal, 0 MB stacks, 0 MB globals, 8 P
gc 4056 @16.793s 7%: 0.097+1.0+0.059 ms clock, 0.77+0.87/0.69/0+0.47 ms cpu, 3->4->1 MB, 4 MB goal, 0 MB stacks, 0 MB globals, 8 P
gc 4057 @16.796s 7%: 0.11+0.53+0.12 ms clock, 0.93+0.57/0.80/0+0.98 ms cpu, 3->3->1 MB, 4 MB goal, 0 MB stacks, 0 MB globals, 8 P
gc 4058 @16.799s 7%: 0.12+0.60+0.087 ms clock, 1.0+0.72/0.75/0+0.70 ms cpu, 3->3->1 MB, 4 MB goal, 0 MB stacks, 0 MB globals, 8 P
gc 4059 @16.802s 7%: 2.0+0.67+0.10 ms clock, 16+0.36/2.6/0+0.83 ms cpu, 3->4->2 MB, 4 MB goal, 0 MB stacks, 0 MB globals, 8 P
gc 4060 @16.806s 7%: 0.28+1.1+0.071 ms clock, 2.2+0.48/1.6/0+0.57 ms cpu, 4->4->1 MB, 4 MB goal, 0 MB stacks, 0 MB globals, 8 P
gc 4061 @16.810s 7%: 0.085+0.63+0.12 ms clock, 0.68+0.76/0.75/0+0.98 ms cpu, 3->4->1 MB, 4 MB goal, 0 MB stacks, 0 MB globals, 8 P
gc 4062 @16.813s 7%: 0.10+0.54+0.077 ms clock, 0.87+0.74/0.84/0+0.61 ms cpu, 3->3->1 MB, 4 MB goal, 0 MB stacks, 0 MB globals, 8 P
gc 4063 @16.816s 7%: 0.15+0.49+0.081 ms clock, 1.2+0.77/0.65/0+0.65 ms cpu, 3->3->1 MB, 4 MB goal, 0 MB stacks, 0 MB globals, 8 P
gc 4064 @16.819s 7%: 0.11+0.59+0.10 ms clock, 0.88+0.81/0.71/0+0.87 ms cpu, 3->3->1 MB, 4 MB goal, 0 MB stacks, 0 MB globals, 8 P
gc 4065 @16.822s 7%: 0.14+0.54+0.055 ms clock, 1.1+0.69/0.78/0+0.44 ms cpu, 3->3->1 MB, 4 MB goal, 0 MB stacks, 0 MB globals, 8 P
gc 4066 @16.825s 7%: 0.11+1.0+0.10 ms clock, 0.94+0.77/0.85/0+0.81 ms cpu, 3->3->1 MB, 4 MB goal, 0 MB stacks, 0 MB globals, 8 P
gc 4067 @16.829s 7%: 0.089+0.64+0.096 ms clock, 0.71+0.75/0.86/0+0.77 ms cpu, 3->3->1 MB, 4 MB goal, 0 MB stacks, 0 MB globals, 8 P
gc 4068 @16.832s 7%: 0.10+0.85+0.10 ms clock, 0.81+0.66/0.85/0+0.84 ms cpu, 3->3->1 MB, 4 MB goal, 0 MB stacks, 0 MB globals, 8 P
gc 4069 @16.835s 7%: 0.11+0.60+0.073 ms clock, 0.92+0.84/0.69/0+0.59 ms cpu, 3->3->1 MB, 4 MB goal, 0 MB stacks, 0 MB globals, 8 P
gc 4070 @16.838s 7%: 0.087+0.91+0.096 ms clock, 0.69+0.69/0.70/0+0.77 ms cpu, 3->3->1 MB, 4 MB goal, 0 MB stacks, 0 MB globals, 8 P
gc 4071 @16.841s 7%: 0.094+0.86+0.088 ms clock, 0.75+0.78/0.69/0+0.70 ms cpu, 3->3->1 MB, 4 MB goal, 0 MB stacks, 0 MB globals, 8 P
gc 4072 @16.845s 7%: 0.097+0.49+0.10 ms clock, 0.78+0.77/0.71/0+0.85 ms cpu, 3->3->1 MB, 4 MB goal, 0 MB stacks, 0 MB globals, 8 P
gc 4073 @16.848s 7%: 0.13+1.2+0.092 ms clock, 1.0+0.70/0.79/0+0.74 ms cpu, 3->3->1 MB, 4 MB goal, 0 MB stacks, 0 MB globals, 8 P
gc 4074 @16.851s 7%: 0.092+0.60+0.11 ms clock, 0.74+0.71/0.73/0+0.92 ms cpu, 3->3->1 MB, 4 MB goal, 0 MB stacks, 0 MB globals, 8 P
gc 4075 @16.854s 7%: 0.12+0.56+0.085 ms clock, 1.0+0.75/0.71/0+0.68 ms cpu, 3->3->1 MB, 4 MB goal, 0 MB stacks, 0 MB globals, 8 P
gc 4076 @16.857s 7%: 0.13+0.56+0.078 ms clock, 1.0+0.82/0.84/0+0.62 ms cpu, 3->3->1 MB, 4 MB goal, 0 MB stacks, 0 MB globals, 8 P
gc 4077 @16.860s 7%: 0.097+1.3+0.053 ms clock, 0.78+0.64/0.81/0+0.42 ms cpu, 3->3->1 MB, 4 MB goal, 0 MB stacks, 0 MB globals, 8 P
gc 4078 @16.863s 7%: 0.083+0.59+0.085 ms clock, 0.66+0.91/0.75/0+0.68 ms cpu, 3->3->1 MB, 4 MB goal, 0 MB stacks, 0 MB globals, 8 P
gc 4079 @16.866s 7%: 0.10+0.56+0.077 ms clock, 0.84+0.76/0.75/0+0.62 ms cpu, 3->3->1 MB, 4 MB goal, 0 MB stacks, 0 MB globals, 8 P
gc 4080 @16.869s 7%: 0.12+0.55+0.13 ms clock, 0.96+0.87/0.69/0+1.0 ms cpu, 3->3->1 MB, 4 MB goal, 0 MB stacks, 0 MB globals, 8 P
gc 4081 @16.872s 7%: 0.15+0.55+0.065 ms clock, 1.2+0.75/0.79/0+0.52 ms cpu, 3->3->1 MB, 4 MB goal, 0 MB stacks, 0 MB globals, 8 P
gc 4082 @16.875s 7%: 0.13+0.72+0.070 ms clock, 1.0+0.66/0.83/0+0.56 ms cpu, 3->3->1 MB, 4 MB goal, 0 MB stacks, 0 MB globals, 8 P
gc 4083 @16.878s 7%: 0.081+0.62+0.093 ms clock, 0.65+0.70/0.77/0+0.74 ms cpu, 3->3->1 MB, 4 MB goal, 0 MB stacks, 0 MB globals, 8 P
gc 4084 @16.882s 7%: 0.087+0.58+0.091 ms clock, 0.70+0.70/0.75/0+0.72 ms cpu, 3->3->1 MB, 4 MB goal, 0 MB stacks, 0 MB globals, 8 P
gc 4085 @16.885s 7%: 0.12+0.72+0.093 ms clock, 0.99+0.67/0.90/0+0.74 ms cpu, 3->3->1 MB, 4 MB goal, 0 MB stacks, 0 MB globals, 8 P
gc 4086 @16.888s 7%: 0.10+0.82+0.067 ms clock, 0.80+0.70/0.78/0+0.53 ms cpu, 3->4->1 MB, 4 MB goal, 0 MB stacks, 0 MB globals, 8 P
gc 4087 @16.891s 7%: 0.10+0.60+0.10 ms clock, 0.87+0.68/0.84/0+0.85 ms cpu, 3->3->1 MB, 4 MB goal, 0 MB stacks, 0 MB globals, 8 P
gc 4088 @16.894s 7%: 0.13+0.77+0.10 ms clock, 1.0+0.64/0.76/0+0.84 ms cpu, 3->3->1 MB, 4 MB goal, 0 MB stacks, 0 MB globals, 8 P
gc 4089 @16.897s 7%: 0.090+0.63+0.063 ms clock, 0.72+0.61/0.86/0+0.50 ms cpu, 3->3->1 MB, 4 MB goal, 0 MB stacks, 0 MB globals, 8 P
gc 4090 @16.900s 7%: 0.12+0.63+0.070 ms clock, 0.97+0.76/0.75/0+0.56 ms cpu, 3->3->1 MB, 4 MB goal, 0 MB stacks, 0 MB globals, 8 P
gc 4091 @16.903s 7%: 0.084+0.54+0.054 ms clock, 0.67+0.68/0.74/0+0.43 ms cpu, 3->3->1 MB, 4 MB goal, 0 MB stacks, 0 MB globals, 8 P
gc 4092 @16.906s 7%: 0.081+0.59+0.098 ms clock, 0.65+0.66/0.83/0+0.79 ms cpu, 3->3->1 MB, 4 MB goal, 0 MB stacks, 0 MB globals, 8 P
gc 4093 @16.909s 7%: 0.11+0.62+0.091 ms clock, 0.88+0.84/0.75/0+0.73 ms cpu, 3->3->1 MB, 4 MB goal, 0 MB stacks, 0 MB globals, 8 P
gc 4094 @16.912s 7%: 0.093+0.80+0.10 ms clock, 0.74+0.76/0.80/0+0.85 ms cpu, 3->3->1 MB, 4 MB goal, 0 MB stacks, 0 MB globals, 8 P
gc 4095 @16.915s 7%: 0.097+0.67+0.080 ms clock, 0.77+0.56/0.84/0+0.64 ms cpu, 3->3->1 MB, 4 MB goal, 0 MB stacks, 0 MB globals, 8 P
gc 4096 @16.918s 7%: 0.11+0.87+0.13 ms clock, 0.93+0.86/0.71/0+1.1 ms cpu, 3->3->1 MB, 4 MB goal, 0 MB stacks, 0 MB globals, 8 P
gc 4097 @16.922s 7%: 0.089+0.70+0.097 ms clock, 0.71+0.70/0.80/0+0.78 ms cpu, 3->3->1 MB, 4 MB goal, 0 MB stacks, 0 MB globals, 8 P
gc 4098 @16.925s 7%: 0.099+0.56+0.093 ms clock, 0.79+0.89/0.65/0+0.75 ms cpu, 3->3->1 MB, 4 MB goal, 0 MB stacks, 0 MB globals, 8 P
gc 4099 @16.928s 7%: 0.12+1.0+0.073 ms clock, 0.98+0.64/0.80/0+0.59 ms cpu, 3->3->1 MB, 4 MB goal, 0 MB stacks, 0 MB globals, 8 P
gc 4100 @16.931s 7%: 0.10+0.57+0.10 ms clock, 0.81+0.68/0.86/0+0.85 ms cpu, 3->3->1 MB, 4 MB goal, 0 MB stacks, 0 MB globals, 8 P
gc 4101 @16.934s 7%: 0.13+0.47+0.11 ms clock, 1.0+0.84/0.69/0+0.90 ms cpu, 3->3->1 MB, 4 MB goal, 0 MB stacks, 0 MB globals, 8 P
gc 4102 @16.937s 7%: 0.099+0.60+0.069 ms clock, 0.79+0.66/0.81/0+0.55 ms cpu, 3->3->1 MB, 4 MB goal, 0 MB stacks, 0 MB globals, 8 P
gc 4103 @16.940s 7%: 0.11+0.53+0.058 ms clock, 0.92+0.58/0.78/0+0.46 ms cpu, 3->3->1 MB, 4 MB goal, 0 MB stacks, 0 MB globals, 8 P
gc 4104 @16.943s 7%: 0.13+0.57+0.067 ms clock, 1.0+0.80/0.68/0+0.54 ms cpu, 3->3->1 MB, 4 MB goal, 0 MB stacks, 0 MB globals, 8 P
gc 4105 @16.946s 7%: 0.085+0.56+0.10 ms clock, 0.68+0.86/0.66/0+0.80 ms cpu, 3->3->1 MB, 4 MB goal, 0 MB stacks, 0 MB globals, 8 P
gc 4106 @16.949s 7%: 0.070+0.50+0.096 ms clock, 0.56+0.91/0.73/0+0.77 ms cpu, 3->3->1 MB, 4 MB goal, 0 MB stacks, 0 MB globals, 8 P
gc 4107 @16.952s 7%: 0.070+1.2+0.082 ms clock, 0.56+0.75/0.71/0+0.66 ms cpu, 3->3->1 MB, 4 MB goal, 0 MB stacks, 0 MB globals, 8 P
gc 4108 @16.956s 7%: 0.10+0.99+0.064 ms clock, 0.85+0.80/0.78/0+0.51 ms cpu, 3->4->1 MB, 4 MB goal, 0 MB stacks, 0 MB globals, 8 P
gc 4109 @16.959s 7%: 0.11+0.55+0.086 ms clock, 0.92+0.74/0.70/0+0.69 ms cpu, 3->3->1 MB, 4 MB goal, 0 MB stacks, 0 MB globals, 8 P
gc 4110 @16.962s 7%: 0.090+0.95+0.063 ms clock, 0.72+0.70/0.69/0+0.50 ms cpu, 3->3->1 MB, 4 MB goal, 0 MB stacks, 0 MB globals, 8 P
gc 4111 @16.965s 7%: 0.096+1.2+0.096 ms clock, 0.77+1.1/1.3/0+0.77 ms cpu, 3->4->1 MB, 4 MB goal, 0 MB stacks, 0 MB globals, 8 P
gc 4112 @16.969s 7%: 0.10+1.0+0.059 ms clock, 0.81+0.82/0.71/0+0.47 ms cpu, 3->4->1 MB, 4 MB goal, 0 MB stacks, 0 MB globals, 8 P
gc 4113 @16.972s 7%: 0.095+0.74+0.062 ms clock, 0.76+0.67/0.87/0+0.49 ms cpu, 3->3->1 MB, 4 MB goal, 0 MB stacks, 0 MB globals, 8 P
gc 4114 @16.975s 7%: 0.12+0.51+0.13 ms clock, 0.99+0.78/0.69/0+1.0 ms cpu, 3->3->1 MB, 4 MB goal, 0 MB stacks, 0 MB globals, 8 P
gc 4115 @16.978s 7%: 0.10+0.50+0.11 ms clock, 0.82+0.78/0.71/0+0.92 ms cpu, 3->3->1 MB, 4 MB goal, 0 MB stacks, 0 MB globals, 8 P
gc 4116 @16.981s 7%: 0.11+0.61+0.11 ms clock, 0.90+0.82/0.84/0+0.91 ms cpu, 3->3->1 MB, 4 MB goal, 0 MB stacks, 0 MB globals, 8 P
gc 4117 @16.985s 7%: 0.10+0.65+0.10 ms clock, 0.83+0.86/0.81/0+0.86 ms cpu, 3->3->1 MB, 4 MB goal, 0 MB stacks, 0 MB globals, 8 P
gc 4118 @16.988s 7%: 0.10+0.58+0.10 ms clock, 0.84+0.75/0.83/0+0.81 ms cpu, 3->3->1 MB, 4 MB goal, 0 MB stacks, 0 MB globals, 8 P
gc 4119 @16.991s 7%: 0.12+0.56+0.073 ms clock, 1.0+0.78/0.80/0+0.59 ms cpu, 3->3->1 MB, 4 MB goal, 0 MB stacks, 0 MB globals, 8 P
gc 4120 @16.994s 7%: 0.090+1.1+0.074 ms clock, 0.72+0.57/0.83/0+0.59 ms cpu, 3->3->1 MB, 4 MB goal, 0 MB stacks, 0 MB globals, 8 P
gc 4121 @16.997s 7%: 0.079+0.66+0.074 ms clock, 0.63+0.72/0.78/0+0.59 ms cpu, 3->3->1 MB, 4 MB goal, 0 MB stacks, 0 MB globals, 8 P
gc 4122 @17.000s 7%: 0.11+0.56+0.094 ms clock, 0.93+0.78/0.67/0+0.75 ms cpu, 3->3->1 MB, 4 MB goal, 0 MB stacks, 0 MB globals, 8 P
gc 4123 @17.003s 7%: 0.10+0.62+0.098 ms clock, 0.83+0.71/0.80/0+0.79 ms cpu, 3->3->1 MB, 4 MB goal, 0 MB stacks, 0 MB globals, 8 P
gc 4124 @17.006s 7%: 0.11+0.61+0.10 ms clock, 0.93+0.84/0.75/0+0.85 ms cpu, 3->3->1 MB, 4 MB goal, 0 MB stacks, 0 MB globals, 8 P
gc 4125 @17.009s 7%: 0.10+0.59+0.091 ms clock, 0.87+0.83/0.85/0+0.72 ms cpu, 3->3->1 MB, 4 MB goal, 0 MB stacks, 0 MB globals, 8 P
gc 4126 @17.012s 7%: 0.088+0.54+0.094 ms clock, 0.70+0.72/0.77/0+0.75 ms cpu, 3->3->1 MB, 4 MB goal, 0 MB stacks, 0 MB globals, 8 P
gc 4127 @17.015s 7%: 0.11+0.87+0.097 ms clock, 0.88+0.69/0.77/0+0.77 ms cpu, 3->3->1 MB, 4 MB goal, 0 MB stacks, 0 MB globals, 8 P
gc 4128 @17.018s 7%: 0.12+0.56+0.10 ms clock, 0.99+0.70/0.78/0+0.80 ms cpu, 3->3->1 MB, 4 MB goal, 0 MB stacks, 0 MB globals, 8 P
gc 4129 @17.021s 7%: 0.097+1.2+0.048 ms clock, 0.78+0.89/0.71/0+0.39 ms cpu, 3->4->1 MB, 4 MB goal, 0 MB stacks, 0 MB globals, 8 P
gc 4130 @17.025s 7%: 0.10+0.59+0.071 ms clock, 0.86+0.80/0.80/0+0.57 ms cpu, 3->3->1 MB, 4 MB goal, 0 MB stacks, 0 MB globals, 8 P
gc 4131 @17.028s 7%: 0.084+0.95+0.049 ms clock, 0.67+0.94/0.67/0+0.39 ms cpu, 3->3->1 MB, 4 MB goal, 0 MB stacks, 0 MB globals, 8 P
gc 4132 @17.031s 7%: 0.10+0.57+0.060 ms clock, 0.81+0.75/0.78/0+0.48 ms cpu, 3->3->1 MB, 4 MB goal, 0 MB stacks, 0 MB globals, 8 P
gc 4133 @17.034s 7%: 0.11+0.94+0.095 ms clock, 0.89+0.71/0.75/0+0.76 ms cpu, 3->3->1 MB, 4 MB goal, 0 MB stacks, 0 MB globals, 8 P
gc 4134 @17.037s 7%: 0.11+1.4+0.074 ms clock, 0.91+0.78/0.74/0+0.59 ms cpu, 3->4->1 MB, 4 MB goal, 0 MB stacks, 0 MB globals, 8 P
gc 4135 @17.041s 7%: 0.12+0.61+0.079 ms clock, 1.0+0.75/0.76/0+0.63 ms cpu, 3->4->1 MB, 4 MB goal, 0 MB stacks, 0 MB globals, 8 P
gc 4136 @17.044s 7%: 0.12+0.65+0.092 ms clock, 0.97+0.83/0.71/0+0.73 ms cpu, 3->3->1 MB, 4 MB goal, 0 MB stacks, 0 MB globals, 8 P
gc 4137 @17.047s 7%: 0.089+0.81+0.077 ms clock, 0.71+0.67/0.75/0+0.61 ms cpu, 3->3->1 MB, 4 MB goal, 0 MB stacks, 0 MB globals, 8 P
gc 4138 @17.050s 7%: 0.15+1.5+0.088 ms clock, 1.2+0.81/0.77/0+0.71 ms cpu, 3->4->2 MB, 4 MB goal, 0 MB stacks, 0 MB globals, 8 P
gc 4139 @17.054s 7%: 0.086+0.92+0.11 ms clock, 0.69+0.84/0.74/0+0.90 ms cpu, 3->4->1 MB, 4 MB goal, 0 MB stacks, 0 MB globals, 8 P
gc 4140 @17.058s 7%: 0.15+0.70+0.11 ms clock, 1.2+0.71/0.87/0+0.92 ms cpu, 3->3->1 MB, 4 MB goal, 0 MB stacks, 0 MB globals, 8 P
gc 4141 @17.060s 7%: 0.10+0.90+0.082 ms clock, 0.81+0.77/0.71/0+0.66 ms cpu, 3->3->1 MB, 4 MB goal, 0 MB stacks, 0 MB globals, 8 P
gc 4142 @17.064s 7%: 0.081+0.43+0.088 ms clock, 0.65+0.89/0.67/0+0.70 ms cpu, 3->3->1 MB, 4 MB goal, 0 MB stacks, 0 MB globals, 8 P
gc 4143 @17.067s 7%: 0.080+0.69+0.071 ms clock, 0.64+0.72/0.78/0+0.56 ms cpu, 3->3->1 MB, 4 MB goal, 0 MB stacks, 0 MB globals, 8 P
gc 4144 @17.070s 7%: 0.14+0.62+0.097 ms clock, 1.1+0.62/0.87/0+0.78 ms cpu, 3->3->1 MB, 4 MB goal, 0 MB stacks, 0 MB globals, 8 P
gc 4145 @17.073s 7%: 0.086+0.59+0.055 ms clock, 0.69+0.84/0.79/0+0.44 ms cpu, 3->3->1 MB, 4 MB goal, 0 MB stacks, 0 MB globals, 8 P
gc 4146 @17.076s 7%: 0.16+1.0+0.099 ms clock, 1.3+0.75/0.76/0+0.79 ms cpu, 3->3->1 MB, 4 MB goal, 0 MB stacks, 0 MB globals, 8 P
gc 4147 @17.079s 7%: 0.12+0.54+0.10 ms clock, 1.0+0.77/0.72/0+0.87 ms cpu, 3->3->1 MB, 4 MB goal, 0 MB stacks, 0 MB globals, 8 P
gc 4148 @17.082s 7%: 0.11+0.69+0.093 ms clock, 0.90+0.70/0.86/0+0.75 ms cpu, 3->3->1 MB, 4 MB goal, 0 MB stacks, 0 MB globals, 8 P
gc 4149 @17.085s 7%: 0.13+0.52+0.062 ms clock, 1.0+0.83/0.75/0+0.49 ms cpu, 3->3->1 MB, 4 MB goal, 0 MB stacks, 0 MB globals, 8 P
gc 4150 @17.088s 7%: 0.068+0.55+0.060 ms clock, 0.54+0.77/0.76/0+0.48 ms cpu, 3->3->1 MB, 4 MB goal, 0 MB stacks, 0 MB globals, 8 P
gc 4151 @17.091s 7%: 0.12+0.58+0.13 ms clock, 1.0+0.79/0.73/0+1.0 ms cpu, 3->3->1 MB, 4 MB goal, 0 MB stacks, 0 MB globals, 8 P
gc 4152 @17.094s 7%: 0.080+1.1+0.049 ms clock, 0.64+0.66/0.83/0+0.39 ms cpu, 3->3->1 MB, 4 MB goal, 0 MB stacks, 0 MB globals, 8 P
gc 4153 @17.098s 7%: 0.063+1.2+0.069 ms clock, 0.50+0.88/0.71/0+0.55 ms cpu, 3->4->1 MB, 4 MB goal, 0 MB stacks, 0 MB globals, 8 P
gc 4154 @17.101s 7%: 0.13+0.58+0.095 ms clock, 1.0+0.83/0.75/0+0.76 ms cpu, 3->3->1 MB, 4 MB goal, 0 MB stacks, 0 MB globals, 8 P
gc 4155 @17.104s 7%: 0.14+1.0+0.065 ms clock, 1.1+0.69/0.76/0+0.52 ms cpu, 3->3->1 MB, 4 MB goal, 0 MB stacks, 0 MB globals, 8 P
gc 4156 @17.108s 7%: 0.072+0.99+0.096 ms clock, 0.58+0.69/0.82/0+0.76 ms cpu, 3->3->1 MB, 4 MB goal, 0 MB stacks, 0 MB globals, 8 P
gc 4157 @17.111s 7%: 0.10+0.61+0.11 ms clock, 0.84+0.75/0.76/0+0.90 ms cpu, 3->3->1 MB, 4 MB goal, 0 MB stacks, 0 MB globals, 8 P
gc 4158 @17.114s 7%: 0.095+1.5+0.078 ms clock, 0.76+0.76/0.79/0+0.63 ms cpu, 3->4->1 MB, 4 MB goal, 0 MB stacks, 0 MB globals, 8 P
gc 4159 @17.118s 7%: 0.11+0.54+0.10 ms clock, 0.88+0.79/0.78/0+0.87 ms cpu, 3->3->1 MB, 4 MB goal, 0 MB stacks, 0 MB globals, 8 P
gc 4160 @17.121s 7%: 0.096+0.62+0.064 ms clock, 0.77+0.79/0.78/0+0.51 ms cpu, 3->3->1 MB, 4 MB goal, 0 MB stacks, 0 MB globals, 8 P
gc 4161 @17.124s 7%: 0.088+0.61+0.061 ms clock, 0.70+0.78/0.78/0+0.49 ms cpu, 3->3->1 MB, 4 MB goal, 0 MB stacks, 0 MB globals, 8 P
gc 4162 @17.127s 7%: 0.067+0.56+0.084 ms clock, 0.53+0.74/0.74/0+0.67 ms cpu, 3->3->1 MB, 4 MB goal, 0 MB stacks, 0 MB globals, 8 P
gc 4163 @17.130s 7%: 0.12+0.66+0.13 ms clock, 0.97+0.75/0.84/0+1.0 ms cpu, 3->3->1 MB, 4 MB goal, 0 MB stacks, 0 MB globals, 8 P
gc 4164 @17.133s 7%: 0.094+0.79+0.11 ms clock, 0.75+0.71/0.85/0+0.93 ms cpu, 3->3->1 MB, 4 MB goal, 0 MB stacks, 0 MB globals, 8 P
gc 4165 @17.136s 7%: 0.12+0.50+0.062 ms clock, 1.0+0.78/0.75/0+0.49 ms cpu, 3->3->1 MB, 4 MB goal, 0 MB stacks, 0 MB globals, 8 P
gc 4166 @17.139s 7%: 0.081+0.65+0.095 ms clock, 0.65+0.78/0.83/0+0.76 ms cpu, 3->3->1 MB, 4 MB goal, 0 MB stacks, 0 MB globals, 8 P
gc 4167 @17.142s 7%: 0.099+0.55+0.11 ms clock, 0.79+0.75/0.70/0+0.90 ms cpu, 3->3->1 MB, 4 MB goal, 0 MB stacks, 0 MB globals, 8 P
gc 4168 @17.145s 7%: 0.073+0.62+0.11 ms clock, 0.58+0.91/0.82/0+0.88 ms cpu, 3->3->1 MB, 4 MB goal, 0 MB stacks, 0 MB globals, 8 P
gc 4169 @17.148s 7%: 0.11+0.67+0.080 ms clock, 0.91+0.74/0.86/0+0.64 ms cpu, 3->3->1 MB, 4 MB goal, 0 MB stacks, 0 MB globals, 8 P
gc 4170 @17.151s 7%: 0.12+0.55+0.073 ms clock, 0.98+0.76/0.83/0+0.58 ms cpu, 3->3->1 MB, 4 MB goal, 0 MB stacks, 0 MB globals, 8 P
gc 4171 @17.154s 7%: 0.10+0.66+0.11 ms clock, 0.82+0.73/0.78/0+0.94 ms cpu, 3->3->1 MB, 4 MB goal, 0 MB stacks, 0 MB globals, 8 P
gc 4172 @17.157s 7%: 0.082+1.0+0.041 ms clock, 0.66+0.76/0.83/0+0.32 ms cpu, 3->3->1 MB, 4 MB goal, 0 MB stacks, 0 MB globals, 8 P
gc 4173 @17.161s 7%: 0.11+0.93+0.081 ms clock, 0.94+0.53/0.84/0+0.65 ms cpu, 3->3->1 MB, 4 MB goal, 0 MB stacks, 0 MB globals, 8 P
gc 4174 @17.164s 7%: 0.11+1.0+0.081 ms clock, 0.90+0.74/0.78/0+0.65 ms cpu, 3->3->1 MB, 4 MB goal, 0 MB stacks, 0 MB globals, 8 P
gc 4175 @17.167s 7%: 0.12+0.64+0.10 ms clock, 1.0+0.81/0.81/0+0.87 ms cpu, 3->3->1 MB, 4 MB goal, 0 MB stacks, 0 MB globals, 8 P
gc 4176 @17.170s 7%: 0.10+0.52+0.13 ms clock, 0.87+0.80/0.73/0+1.0 ms cpu, 3->3->1 MB, 4 MB goal, 0 MB stacks, 0 MB globals, 8 P
gc 4177 @17.173s 7%: 0.12+0.57+0.096 ms clock, 1.0+0.74/0.81/0+0.77 ms cpu, 3->3->1 MB, 4 MB goal, 0 MB stacks, 0 MB globals, 8 P
gc 4178 @17.176s 7%: 0.14+0.62+0.095 ms clock, 1.1+0.78/0.77/0+0.76 ms cpu, 3->3->1 MB, 4 MB goal, 0 MB stacks, 0 MB globals, 8 P
gc 4179 @17.179s 7%: 0.11+0.61+0.095 ms clock, 0.91+0.81/0.75/0+0.76 ms cpu, 3->3->1 MB, 4 MB goal, 0 MB stacks, 0 MB globals, 8 P
gc 4180 @17.182s 7%: 0.13+0.53+0.12 ms clock, 1.0+0.86/0.67/0+0.97 ms cpu, 3->3->1 MB, 4 MB goal, 0 MB stacks, 0 MB globals, 8 P
gc 4181 @17.185s 7%: 0.14+0.76+0.054 ms clock, 1.1+0.70/0.80/0+0.43 ms cpu, 3->3->1 MB, 4 MB goal, 0 MB stacks, 0 MB globals, 8 P
gc 4182 @17.188s 7%: 0.12+0.87+0.071 ms clock, 1.0+0.26/0.82/0+0.57 ms cpu, 3->3->1 MB, 4 MB goal, 0 MB stacks, 0 MB globals, 8 P
gc 4183 @17.191s 7%: 0.12+0.58+0.10 ms clock, 0.99+0.88/0.64/0+0.81 ms cpu, 3->3->1 MB, 4 MB goal, 0 MB stacks, 0 MB globals, 8 P
gc 4184 @17.194s 7%: 0.11+0.55+0.089 ms clock, 0.94+0.69/0.82/0+0.71 ms cpu, 3->3->1 MB, 4 MB goal, 0 MB stacks, 0 MB globals, 8 P
gc 4185 @17.198s 7%: 0.10+0.55+0.096 ms clock, 0.83+0.81/0.67/0+0.77 ms cpu, 3->3->1 MB, 4 MB goal, 0 MB stacks, 0 MB globals, 8 P
gc 4186 @17.201s 7%: 0.090+0.82+0.10 ms clock, 0.72+0.68/0.70/0+0.80 ms cpu, 3->3->1 MB, 4 MB goal, 0 MB stacks, 0 MB globals, 8 P
gc 4187 @17.204s 7%: 0.10+1.2+0.072 ms clock, 0.84+1.2/0.87/0+0.57 ms cpu, 3->4->1 MB, 4 MB goal, 0 MB stacks, 0 MB globals, 8 P
gc 4188 @17.207s 7%: 0.074+1.0+0.050 ms clock, 0.59+0.66/0.79/0+0.40 ms cpu, 3->4->1 MB, 4 MB goal, 0 MB stacks, 0 MB globals, 8 P
gc 4189 @17.210s 7%: 0.12+0.50+0.072 ms clock, 0.98+0.74/0.74/0+0.57 ms cpu, 3->3->1 MB, 4 MB goal, 0 MB stacks, 0 MB globals, 8 P
gc 4190 @17.214s 7%: 0.099+0.50+0.076 ms clock, 0.79+0.83/0.71/0+0.61 ms cpu, 3->3->1 MB, 4 MB goal, 0 MB stacks, 0 MB globals, 8 P
gc 4191 @17.217s 7%: 0.12+0.85+0.072 ms clock, 0.98+0.86/0.73/0+0.57 ms cpu, 3->3->1 MB, 4 MB goal, 0 MB stacks, 0 MB globals, 8 P
gc 4192 @17.220s 7%: 0.13+0.49+0.10 ms clock, 1.0+0.90/0.59/0+0.82 ms cpu, 3->3->1 MB, 4 MB goal, 0 MB stacks, 0 MB globals, 8 P
gc 4193 @17.223s 7%: 0.083+0.67+0.099 ms clock, 0.66+0.79/0.76/0+0.79 ms cpu, 3->3->1 MB, 4 MB goal, 0 MB stacks, 0 MB globals, 8 P
gc 4194 @17.226s 7%: 0.085+0.77+0.090 ms clock, 0.68+0.59/0.79/0+0.72 ms cpu, 3->3->1 MB, 4 MB goal, 0 MB stacks, 0 MB globals, 8 P
gc 4195 @17.229s 7%: 0.093+0.86+0.080 ms clock, 0.74+0.83/0.78/0+0.64 ms cpu, 3->3->1 MB, 4 MB goal, 0 MB stacks, 0 MB globals, 8 P
gc 4196 @17.232s 7%: 0.11+0.81+0.099 ms clock, 0.94+0.65/0.76/0+0.79 ms cpu, 3->3->1 MB, 4 MB goal, 0 MB stacks, 0 MB globals, 8 P
gc 4197 @17.235s 7%: 0.11+0.54+0.091 ms clock, 0.90+0.78/0.74/0+0.73 ms cpu, 3->3->1 MB, 4 MB goal, 0 MB stacks, 0 MB globals, 8 P
gc 4198 @17.238s 7%: 0.12+0.85+0.095 ms clock, 1.0+0.78/0.79/0+0.76 ms cpu, 3->3->1 MB, 4 MB goal, 0 MB stacks, 0 MB globals, 8 P
gc 4199 @17.242s 7%: 0.11+0.59+0.071 ms clock, 0.95+0.77/0.79/0+0.57 ms cpu, 3->3->1 MB, 4 MB goal, 0 MB stacks, 0 MB globals, 8 P
gc 4200 @17.245s 7%: 0.085+0.68+0.089 ms clock, 0.68+0.71/0.79/0+0.71 ms cpu, 3->3->1 MB, 4 MB goal, 0 MB stacks, 0 MB globals, 8 P
gc 4201 @17.248s 7%: 0.073+0.57+0.064 ms clock, 0.58+0.77/0.80/0+0.51 ms cpu, 3->3->1 MB, 4 MB goal, 0 MB stacks, 0 MB globals, 8 P
gc 4202 @17.251s 7%: 0.074+0.91+0.093 ms clock, 0.59+1.0/0.45/0+0.75 ms cpu, 3->3->1 MB, 4 MB goal, 0 MB stacks, 0 MB globals, 8 P
gc 4203 @17.254s 7%: 0.14+0.46+0.11 ms clock, 1.1+0.86/0.68/0+0.90 ms cpu, 3->3->1 MB, 4 MB goal, 0 MB stacks, 0 MB globals, 8 P
gc 4204 @17.257s 7%: 0.082+1.1+0.083 ms clock, 0.65+0.62/0.75/0+0.66 ms cpu, 3->4->1 MB, 4 MB goal, 0 MB stacks, 0 MB globals, 8 P
gc 4205 @17.260s 7%: 0.075+0.60+0.082 ms clock, 0.60+0.87/0.68/0+0.66 ms cpu, 3->3->1 MB, 4 MB goal, 0 MB stacks, 0 MB globals, 8 P
gc 4206 @17.263s 7%: 0.093+0.87+0.059 ms clock, 0.74+0.67/0.77/0+0.47 ms cpu, 3->3->1 MB, 4 MB goal, 0 MB stacks, 0 MB globals, 8 P
gc 4207 @17.267s 7%: 0.082+0.52+0.087 ms clock, 0.66+0.80/0.72/0+0.69 ms cpu, 3->3->1 MB, 4 MB goal, 0 MB stacks, 0 MB globals, 8 P
gc 4208 @17.270s 7%: 0.085+0.52+0.069 ms clock, 0.68+0.86/0.77/0+0.55 ms cpu, 3->3->1 MB, 4 MB goal, 0 MB stacks, 0 MB globals, 8 P
gc 4209 @17.273s 7%: 0.091+0.58+0.052 ms clock, 0.72+0.83/0.79/0+0.42 ms cpu, 3->3->1 MB, 4 MB goal, 0 MB stacks, 0 MB globals, 8 P
gc 4210 @17.276s 7%: 0.14+1.0+0.081 ms clock, 1.1+0.76/0.84/0+0.65 ms cpu, 3->3->1 MB, 4 MB goal, 0 MB stacks, 0 MB globals, 8 P
gc 4211 @17.279s 7%: 0.13+0.50+0.065 ms clock, 1.0+0.72/0.77/0+0.52 ms cpu, 3->3->1 MB, 4 MB goal, 0 MB stacks, 0 MB globals, 8 P
gc 4212 @17.282s 7%: 0.14+0.54+0.089 ms clock, 1.1+0.80/0.75/0+0.71 ms cpu, 3->3->1 MB, 4 MB goal, 0 MB stacks, 0 MB globals, 8 P
gc 4213 @17.285s 7%: 0.15+0.59+0.090 ms clock, 1.2+0.79/0.80/0+0.72 ms cpu, 3->3->1 MB, 4 MB goal, 0 MB stacks, 0 MB globals, 8 P
gc 4214 @17.288s 7%: 0.080+0.60+0.11 ms clock, 0.64+0.67/0.77/0+0.92 ms cpu, 3->3->1 MB, 4 MB goal, 0 MB stacks, 0 MB globals, 8 P
gc 4215 @17.291s 7%: 0.14+1.0+0.079 ms clock, 1.1+0.76/0.72/0+0.63 ms cpu, 3->3->1 MB, 4 MB goal, 0 MB stacks, 0 MB globals, 8 P
gc 4216 @17.294s 7%: 0.095+0.52+0.10 ms clock, 0.76+0.78/0.69/0+0.82 ms cpu, 3->3->1 MB, 4 MB goal, 0 MB stacks, 0 MB globals, 8 P
gc 4217 @17.297s 7%: 0.084+0.91+0.054 ms clock, 0.67+0.69/0.92/0+0.43 ms cpu, 3->3->1 MB, 4 MB goal, 0 MB stacks, 0 MB globals, 8 P
gc 4218 @17.301s 7%: 0.10+0.80+0.083 ms clock, 0.85+0.80/0.80/0+0.66 ms cpu, 3->3->1 MB, 4 MB goal, 0 MB stacks, 0 MB globals, 8 P
gc 4219 @17.304s 7%: 0.082+0.63+0.094 ms clock, 0.66+0.88/0.78/0+0.75 ms cpu, 3->3->1 MB, 4 MB goal, 0 MB stacks, 0 MB globals, 8 P
gc 4220 @17.307s 7%: 0.10+0.83+0.077 ms clock, 0.80+1.5/0.98/0+0.61 ms cpu, 3->3->1 MB, 4 MB goal, 0 MB stacks, 0 MB globals, 8 P
gc 4221 @17.310s 7%: 0.088+0.54+0.11 ms clock, 0.71+0.77/0.71/0+0.90 ms cpu, 3->3->1 MB, 4 MB goal, 0 MB stacks, 0 MB globals, 8 P
gc 4222 @17.313s 7%: 0.10+0.65+0.11 ms clock, 0.87+0.71/0.78/0+0.95 ms cpu, 3->3->1 MB, 4 MB goal, 0 MB stacks, 0 MB globals, 8 P
gc 4223 @17.316s 7%: 0.13+1.0+0.072 ms clock, 1.1+0.72/0.70/0+0.58 ms cpu, 3->4->1 MB, 4 MB goal, 0 MB stacks, 0 MB globals, 8 P
gc 4224 @17.319s 7%: 0.11+0.47+0.10 ms clock, 0.93+0.77/0.67/0+0.81 ms cpu, 3->3->1 MB, 4 MB goal, 0 MB stacks, 0 MB globals, 8 P
gc 4225 @17.322s 7%: 0.10+0.54+0.12 ms clock, 0.84+0.79/0.74/0+0.98 ms cpu, 3->3->1 MB, 4 MB goal, 0 MB stacks, 0 MB globals, 8 P
gc 4226 @17.326s 7%: 0.11+1.0+0.10 ms clock, 0.90+0.67/0.94/0+0.81 ms cpu, 3->3->1 MB, 4 MB goal, 0 MB stacks, 0 MB globals, 8 P
gc 4227 @17.329s 7%: 0.13+0.61+0.098 ms clock, 1.0+0.75/0.81/0+0.78 ms cpu, 3->3->1 MB, 4 MB goal, 0 MB stacks, 0 MB globals, 8 P
gc 4228 @17.332s 7%: 0.089+0.66+0.11 ms clock, 0.71+0.80/0.76/0+0.91 ms cpu, 3->3->1 MB, 4 MB goal, 0 MB stacks, 0 MB globals, 8 P
gc 4229 @17.335s 7%: 0.12+0.56+0.051 ms clock, 1.0+0.80/0.77/0+0.41 ms cpu, 3->3->1 MB, 4 MB goal, 0 MB stacks, 0 MB globals, 8 P
gc 4230 @17.338s 7%: 0.073+0.75+0.069 ms clock, 0.59+0.78/0.73/0+0.55 ms cpu, 3->3->1 MB, 4 MB goal, 0 MB stacks, 0 MB globals, 8 P
gc 4231 @17.341s 7%: 0.11+0.78+0.072 ms clock, 0.94+0.71/0.79/0+0.58 ms cpu, 3->3->1 MB, 4 MB goal, 0 MB stacks, 0 MB globals, 8 P
gc 4232 @17.344s 7%: 0.11+0.60+0.11 ms clock, 0.88+0.78/0.77/0+0.88 ms cpu, 3->3->1 MB, 4 MB goal, 0 MB stacks, 0 MB globals, 8 P
gc 4233 @17.347s 7%: 0.13+0.82+0.095 ms clock, 1.0+0.86/0.76/0+0.76 ms cpu, 3->3->1 MB, 4 MB goal, 0 MB stacks, 0 MB globals, 8 P
gc 4234 @17.350s 7%: 0.085+0.64+0.095 ms clock, 0.68+0.72/0.81/0+0.76 ms cpu, 3->3->1 MB, 4 MB goal, 0 MB stacks, 0 MB globals, 8 P
gc 4235 @17.353s 7%: 0.13+1.0+0.094 ms clock, 1.0+0.63/0.71/0+0.75 ms cpu, 3->3->1 MB, 4 MB goal, 0 MB stacks, 0 MB globals, 8 P
gc 4236 @17.357s 7%: 0.10+1.0+0.064 ms clock, 0.84+0.74/0.80/0+0.51 ms cpu, 3->4->1 MB, 4 MB goal, 0 MB stacks, 0 MB globals, 8 P
gc 4237 @17.360s 7%: 0.12+0.92+0.072 ms clock, 1.0+0.91/0.78/0+0.57 ms cpu, 3->4->1 MB, 4 MB goal, 0 MB stacks, 0 MB globals, 8 P
gc 4238 @17.363s 7%: 0.13+0.73+0.093 ms clock, 1.0+0.68/0.74/0+0.74 ms cpu, 3->3->1 MB, 4 MB goal, 0 MB stacks, 0 MB globals, 8 P
gc 4239 @17.366s 7%: 0.083+0.62+0.062 ms clock, 0.66+0.83/0.70/0+0.50 ms cpu, 3->3->1 MB, 4 MB goal, 0 MB stacks, 0 MB globals, 8 P
gc 4240 @17.369s 7%: 0.086+0.79+0.030 ms clock, 0.69+0.70/0.86/0+0.24 ms cpu, 3->3->1 MB, 4 MB goal, 0 MB stacks, 0 MB globals, 8 P
gc 4241 @17.373s 7%: 0.086+1.0+0.081 ms clock, 0.69+0.71/0.84/0+0.65 ms cpu, 3->3->1 MB, 4 MB goal, 0 MB stacks, 0 MB globals, 8 P
gc 4242 @17.376s 7%: 0.11+0.64+0.10 ms clock, 0.89+0.92/0.74/0+0.86 ms cpu, 3->3->1 MB, 4 MB goal, 0 MB stacks, 0 MB globals, 8 P
gc 4243 @17.379s 7%: 0.079+0.58+0.097 ms clock, 0.63+0.69/0.76/0+0.77 ms cpu, 3->3->1 MB, 4 MB goal, 0 MB stacks, 0 MB globals, 8 P
gc 4244 @17.382s 7%: 0.11+0.47+0.062 ms clock, 0.88+0.84/0.72/0+0.50 ms cpu, 3->3->1 MB, 4 MB goal, 0 MB stacks, 0 MB globals, 8 P
gc 4245 @17.385s 7%: 0.085+0.93+0.092 ms clock, 0.68+0.72/0.72/0+0.74 ms cpu, 3->3->1 MB, 4 MB goal, 0 MB stacks, 0 MB globals, 8 P
gc 4246 @17.388s 7%: 0.081+0.69+0.071 ms clock, 0.65+0.79/0.80/0+0.57 ms cpu, 3->3->1 MB, 4 MB goal, 0 MB stacks, 0 MB globals, 8 P
gc 4247 @17.391s 7%: 0.086+0.85+0.091 ms clock, 0.68+0.85/0.65/0+0.73 ms cpu, 3->3->1 MB, 4 MB goal, 0 MB stacks, 0 MB globals, 8 P
gc 4248 @17.394s 7%: 0.087+0.56+0.099 ms clock, 0.69+0.62/0.67/0.12+0.79 ms cpu, 3->3->1 MB, 4 MB goal, 0 MB stacks, 0 MB globals, 8 P
gc 4249 @17.397s 7%: 0.097+1.0+0.055 ms clock, 0.78+0.69/0.84/0+0.44 ms cpu, 3->3->1 MB, 4 MB goal, 0 MB stacks, 0 MB globals, 8 P
gc 4250 @17.400s 7%: 0.12+0.56+0.096 ms clock, 0.96+0.85/0.76/0+0.77 ms cpu, 3->3->1 MB, 4 MB goal, 0 MB stacks, 0 MB globals, 8 P
gc 4251 @17.403s 7%: 0.095+0.57+0.085 ms clock, 0.76+0.76/0.71/0+0.68 ms cpu, 3->3->1 MB, 4 MB goal, 0 MB stacks, 0 MB globals, 8 P
gc 4252 @17.406s 7%: 0.091+0.57+0.098 ms clock, 0.73+0.81/0.78/0+0.78 ms cpu, 3->3->1 MB, 4 MB goal, 0 MB stacks, 0 MB globals, 8 P
gc 4253 @17.409s 7%: 0.13+0.87+0.090 ms clock, 1.0+0.72/0.86/0+0.72 ms cpu, 3->3->1 MB, 4 MB goal, 0 MB stacks, 0 MB globals, 8 P
gc 4254 @17.413s 7%: 0.10+0.63+0.067 ms clock, 0.81+0.81/0.84/0+0.53 ms cpu, 3->3->1 MB, 4 MB goal, 0 MB stacks, 0 MB globals, 8 P
gc 4255 @17.416s 7%: 0.095+0.92+0.067 ms clock, 0.76+0.72/0.72/0+0.54 ms cpu, 3->3->1 MB, 4 MB goal, 0 MB stacks, 0 MB globals, 8 P
gc 4256 @17.419s 7%: 0.14+0.66+0.11 ms clock, 1.1+0.76/0.77/0+0.91 ms cpu, 3->3->1 MB, 4 MB goal, 0 MB stacks, 0 MB globals, 8 P
gc 4257 @17.422s 7%: 0.11+0.60+0.095 ms clock, 0.90+0.89/0.73/0+0.76 ms cpu, 3->3->1 MB, 4 MB goal, 0 MB stacks, 0 MB globals, 8 P
gc 4258 @17.425s 7%: 0.11+0.75+0.079 ms clock, 0.88+1.0/0.83/0+0.63 ms cpu, 3->3->1 MB, 4 MB goal, 0 MB stacks, 0 MB globals, 8 P
gc 4259 @17.428s 7%: 0.11+0.48+0.052 ms clock, 0.90+0.85/0.68/0+0.42 ms cpu, 3->3->1 MB, 4 MB goal, 0 MB stacks, 0 MB globals, 8 P
gc 4260 @17.431s 7%: 0.11+0.52+0.10 ms clock, 0.95+0.76/0.75/0+0.85 ms cpu, 3->3->1 MB, 4 MB goal, 0 MB stacks, 0 MB globals, 8 P
gc 4261 @17.434s 7%: 0.11+1.0+0.085 ms clock, 0.92+0.77/0.79/0+0.68 ms cpu, 3->3->1 MB, 4 MB goal, 0 MB stacks, 0 MB globals, 8 P
gc 4262 @17.438s 7%: 0.085+0.53+0.085 ms clock, 0.68+0.85/0.64/0+0.68 ms cpu, 3->3->1 MB, 4 MB goal, 0 MB stacks, 0 MB globals, 8 P
gc 4263 @17.441s 7%: 0.10+0.61+0.13 ms clock, 0.85+0.83/0.68/0+1.0 ms cpu, 3->3->1 MB, 4 MB goal, 0 MB stacks, 0 MB globals, 8 P
gc 4264 @17.444s 7%: 0.090+0.99+0.10 ms clock, 0.72+0.61/0.79/0+0.85 ms cpu, 3->3->1 MB, 4 MB goal, 0 MB stacks, 0 MB globals, 8 P
gc 4265 @17.447s 7%: 0.11+0.91+0.079 ms clock, 0.93+0.71/0.92/0+0.63 ms cpu, 3->3->1 MB, 4 MB goal, 0 MB stacks, 0 MB globals, 8 P
gc 4266 @17.450s 7%: 0.11+0.85+0.089 ms clock, 0.89+0.66/0.72/0+0.71 ms cpu, 3->3->1 MB, 4 MB goal, 0 MB stacks, 0 MB globals, 8 P
gc 4267 @17.453s 7%: 0.15+0.83+0.084 ms clock, 1.2+0.77/0.70/0+0.67 ms cpu, 3->3->1 MB, 4 MB goal, 0 MB stacks, 0 MB globals, 8 P
gc 4268 @17.456s 7%: 0.10+0.98+0.11 ms clock, 0.83+0.89/0.72/0+0.94 ms cpu, 3->3->1 MB, 4 MB goal, 0 MB stacks, 0 MB globals, 8 P
gc 4269 @17.460s 7%: 0.15+0.62+0.070 ms clock, 1.2+0.65/0.83/0+0.56 ms cpu, 3->3->1 MB, 4 MB goal, 0 MB stacks, 0 MB globals, 8 P
gc 4270 @17.463s 7%: 0.10+0.58+0.088 ms clock, 0.85+0.77/0.76/0+0.70 ms cpu, 3->3->1 MB, 4 MB goal, 0 MB stacks, 0 MB globals, 8 P
gc 4271 @17.466s 7%: 0.099+0.83+0.086 ms clock, 0.79+0.89/0.68/0+0.68 ms cpu, 3->3->1 MB, 4 MB goal, 0 MB stacks, 0 MB globals, 8 P
gc 4272 @17.469s 7%: 0.10+0.55+0.10 ms clock, 0.87+0.81/0.76/0+0.81 ms cpu, 3->3->1 MB, 4 MB goal, 0 MB stacks, 0 MB globals, 8 P
gc 4273 @17.472s 7%: 0.085+0.54+0.11 ms clock, 0.68+0.70/0.77/0+0.90 ms cpu, 3->3->1 MB, 4 MB goal, 0 MB stacks, 0 MB globals, 8 P
gc 4274 @17.475s 7%: 0.10+0.92+0.093 ms clock, 0.80+0.69/0.82/0+0.74 ms cpu, 3->3->1 MB, 4 MB goal, 0 MB stacks, 0 MB globals, 8 P
gc 4275 @17.478s 7%: 0.17+0.56+0.11 ms clock, 1.4+0.82/0.72/0+0.91 ms cpu, 3->3->1 MB, 4 MB goal, 0 MB stacks, 0 MB globals, 8 P
gc 4276 @17.481s 7%: 0.10+0.67+0.067 ms clock, 0.83+0.77/0.84/0+0.54 ms cpu, 3->3->1 MB, 4 MB goal, 0 MB stacks, 0 MB globals, 8 P
gc 4277 @17.484s 7%: 0.088+1.0+0.19 ms clock, 0.70+0.70/0.69/0+1.5 ms cpu, 3->4->1 MB, 4 MB goal, 0 MB stacks, 0 MB globals, 8 P
gc 4278 @17.487s 7%: 0.11+0.94+0.094 ms clock, 0.91+0.66/0.87/0+0.75 ms cpu, 3->4->1 MB, 4 MB goal, 0 MB stacks, 0 MB globals, 8 P
gc 4279 @17.491s 7%: 0.16+0.72+0.053 ms clock, 1.3+0.76/0.77/0+0.43 ms cpu, 3->3->1 MB, 4 MB goal, 0 MB stacks, 0 MB globals, 8 P
gc 4280 @17.494s 7%: 0.11+0.94+0.086 ms clock, 0.88+0.68/0.83/0+0.68 ms cpu, 3->3->1 MB, 4 MB goal, 0 MB stacks, 0 MB globals, 8 P
gc 4281 @17.497s 7%: 0.12+0.55+0.068 ms clock, 0.98+0.81/0.76/0+0.55 ms cpu, 3->3->1 MB, 4 MB goal, 0 MB stacks, 0 MB globals, 8 P
gc 4282 @17.500s 7%: 0.12+0.65+0.083 ms clock, 1.0+0.66/0.86/0+0.66 ms cpu, 3->3->1 MB, 4 MB goal, 0 MB stacks, 0 MB globals, 8 P
gc 4283 @17.503s 7%: 0.12+1.1+0.093 ms clock, 1.0+0.89/0.78/0+0.75 ms cpu, 3->3->1 MB, 4 MB goal, 0 MB stacks, 0 MB globals, 8 P
gc 4284 @17.506s 7%: 0.098+0.62+0.10 ms clock, 0.78+0.73/0.85/0+0.81 ms cpu, 3->3->1 MB, 4 MB goal, 0 MB stacks, 0 MB globals, 8 P
gc 4285 @17.509s 7%: 0.14+1.2+0.080 ms clock, 1.1+0.66/0.77/0+0.64 ms cpu, 3->4->1 MB, 4 MB goal, 0 MB stacks, 0 MB globals, 8 P
gc 4286 @17.513s 7%: 0.070+0.64+0.10 ms clock, 0.56+0.80/0.80/0+0.87 ms cpu, 3->3->1 MB, 4 MB goal, 0 MB stacks, 0 MB globals, 8 P
gc 4287 @17.516s 7%: 0.11+0.59+0.069 ms clock, 0.90+0.74/0.74/0+0.55 ms cpu, 3->3->1 MB, 4 MB goal, 0 MB stacks, 0 MB globals, 8 P
gc 4288 @17.519s 7%: 0.087+1.0+0.077 ms clock, 0.70+0.57/0.84/0+0.61 ms cpu, 3->3->1 MB, 4 MB goal, 0 MB stacks, 0 MB globals, 8 P
gc 4289 @17.522s 7%: 0.075+0.59+0.085 ms clock, 0.60+0.73/0.83/0+0.68 ms cpu, 3->3->1 MB, 4 MB goal, 0 MB stacks, 0 MB globals, 8 P
gc 4290 @17.525s 7%: 0.073+0.50+0.084 ms clock, 0.58+0.88/0.62/0+0.67 ms cpu, 3->3->1 MB, 4 MB goal, 0 MB stacks, 0 MB globals, 8 P
gc 4291 @17.528s 7%: 0.088+0.60+0.083 ms clock, 0.70+0.77/0.72/0+0.66 ms cpu, 3->3->1 MB, 4 MB goal, 0 MB stacks, 0 MB globals, 8 P
gc 4292 @17.532s 7%: 0.10+0.54+0.076 ms clock, 0.86+0.72/0.76/0+0.61 ms cpu, 3->3->1 MB, 4 MB goal, 0 MB stacks, 0 MB globals, 8 P
gc 4293 @17.535s 7%: 0.084+0.51+0.10 ms clock, 0.67+0.76/0.76/0+0.83 ms cpu, 3->3->1 MB, 4 MB goal, 0 MB stacks, 0 MB globals, 8 P
gc 4294 @17.538s 7%: 0.10+1.0+0.084 ms clock, 0.84+0.80/0.75/0+0.67 ms cpu, 3->3->1 MB, 4 MB goal, 0 MB stacks, 0 MB globals, 8 P
gc 4295 @17.541s 7%: 0.14+0.49+0.071 ms clock, 1.1+0.73/0.76/0+0.57 ms cpu, 3->3->1 MB, 4 MB goal, 0 MB stacks, 0 MB globals, 8 P
gc 4296 @17.544s 7%: 0.076+0.90+0.079 ms clock, 0.61+0.63/0.85/0+0.63 ms cpu, 3->3->1 MB, 4 MB goal, 0 MB stacks, 0 MB globals, 8 P
gc 4297 @17.547s 7%: 0.18+0.60+0.11 ms clock, 1.4+0.90/0.73/0+0.88 ms cpu, 3->3->1 MB, 4 MB goal, 0 MB stacks, 0 MB globals, 8 P
gc 4298 @17.550s 7%: 0.10+0.63+0.10 ms clock, 0.81+0.69/0.79/0+0.80 ms cpu, 3->3->1 MB, 4 MB goal, 0 MB stacks, 0 MB globals, 8 P
gc 4299 @17.553s 7%: 0.10+0.63+0.10 ms clock, 0.84+0.79/0.76/0+0.87 ms cpu, 3->3->1 MB, 4 MB goal, 0 MB stacks, 0 MB globals, 8 P
gc 4300 @17.556s 7%: 0.11+0.66+0.10 ms clock, 0.88+0.74/0.81/0+0.87 ms cpu, 3->3->1 MB, 4 MB goal, 0 MB stacks, 0 MB globals, 8 P
gc 4301 @17.559s 7%: 0.12+0.69+0.063 ms clock, 1.0+0.87/0.75/0+0.50 ms cpu, 3->3->1 MB, 4 MB goal, 0 MB stacks, 0 MB globals, 8 P
gc 4302 @17.563s 7%: 0.099+0.49+0.049 ms clock, 0.79+0.85/0.67/0+0.39 ms cpu, 3->3->1 MB, 4 MB goal, 0 MB stacks, 0 MB globals, 8 P
gc 4303 @17.566s 7%: 0.13+0.78+0.055 ms clock, 1.0+1.1/0.82/0+0.44 ms cpu, 3->3->1 MB, 4 MB goal, 0 MB stacks, 0 MB globals, 8 P
gc 4304 @17.569s 7%: 0.10+1.0+0.078 ms clock, 0.85+0.90/0.69/0+0.62 ms cpu, 3->3->1 MB, 4 MB goal, 0 MB stacks, 0 MB globals, 8 P
gc 4305 @17.572s 7%: 0.10+1.0+0.015 ms clock, 0.87+0.80/0.76/0+0.12 ms cpu, 3->4->1 MB, 4 MB goal, 0 MB stacks, 0 MB globals, 8 P
gc 4306 @17.575s 7%: 0.090+1.2+0.067 ms clock, 0.72+0.69/0.75/0+0.53 ms cpu, 3->4->1 MB, 4 MB goal, 0 MB stacks, 0 MB globals, 8 P
gc 4307 @17.579s 7%: 0.13+0.91+0.050 ms clock, 1.0+0.68/0.84/0+0.40 ms cpu, 3->4->1 MB, 4 MB goal, 0 MB stacks, 0 MB globals, 8 P
gc 4308 @17.582s 7%: 0.071+0.57+0.11 ms clock, 0.56+0.75/0.79/0+0.90 ms cpu, 3->3->1 MB, 4 MB goal, 0 MB stacks, 0 MB globals, 8 P
gc 4309 @17.585s 7%: 0.12+0.70+0.098 ms clock, 1.0+0.60/0.81/0+0.78 ms cpu, 3->3->1 MB, 4 MB goal, 0 MB stacks, 0 MB globals, 8 P
gc 4310 @17.588s 7%: 0.10+0.68+0.051 ms clock, 0.84+0.73/0.79/0+0.40 ms cpu, 3->3->1 MB, 4 MB goal, 0 MB stacks, 0 MB globals, 8 P
gc 4311 @17.591s 7%: 0.073+1.0+0.042 ms clock, 0.58+0.73/0.73/0+0.33 ms cpu, 3->3->1 MB, 4 MB goal, 0 MB stacks, 0 MB globals, 8 P
gc 4312 @17.595s 7%: 0.087+0.61+0.052 ms clock, 0.69+0.67/0.81/0+0.41 ms cpu, 3->3->1 MB, 4 MB goal, 0 MB stacks, 0 MB globals, 8 P
gc 4313 @17.598s 7%: 0.13+0.59+0.10 ms clock, 1.0+0.82/0.75/0+0.82 ms cpu, 3->3->1 MB, 4 MB goal, 0 MB stacks, 0 MB globals, 8 P
gc 4314 @17.601s 7%: 0.11+0.66+0.080 ms clock, 0.91+0.89/0.74/0+0.64 ms cpu, 3->3->1 MB, 4 MB goal, 0 MB stacks, 0 MB globals, 8 P
gc 4315 @17.604s 7%: 0.11+0.55+0.074 ms clock, 0.94+0.64/0.84/0+0.59 ms cpu, 3->3->1 MB, 4 MB goal, 0 MB stacks, 0 MB globals, 8 P
gc 4316 @17.607s 7%: 0.13+0.53+0.11 ms clock, 1.1+0.80/0.72/0+0.89 ms cpu, 3->3->1 MB, 4 MB goal, 0 MB stacks, 0 MB globals, 8 P
gc 4317 @17.610s 7%: 0.099+0.57+0.046 ms clock, 0.79+0.80/0.63/0+0.37 ms cpu, 3->3->1 MB, 4 MB goal, 0 MB stacks, 0 MB globals, 8 P
gc 4318 @17.613s 7%: 0.081+0.59+0.064 ms clock, 0.65+0.87/0.76/0+0.51 ms cpu, 3->3->1 MB, 4 MB goal, 0 MB stacks, 0 MB globals, 8 P
gc 4319 @17.616s 7%: 0.093+0.63+0.10 ms clock, 0.75+0.69/0.74/0+0.81 ms cpu, 3->3->1 MB, 4 MB goal, 0 MB stacks, 0 MB globals, 8 P
gc 4320 @17.619s 7%: 0.10+0.58+0.073 ms clock, 0.85+0.78/0.76/0+0.58 ms cpu, 3->3->1 MB, 4 MB goal, 0 MB stacks, 0 MB globals, 8 P
gc 4321 @17.622s 7%: 0.080+0.88+0.066 ms clock, 0.64+0.71/0.77/0+0.53 ms cpu, 3->3->1 MB, 4 MB goal, 0 MB stacks, 0 MB globals, 8 P
gc 4322 @17.625s 7%: 0.10+0.99+0.046 ms clock, 0.83+0.84/0.71/0+0.37 ms cpu, 3->3->1 MB, 4 MB goal, 0 MB stacks, 0 MB globals, 8 P
gc 4323 @17.629s 7%: 0.092+0.56+0.083 ms clock, 0.74+0.68/0.77/0+0.66 ms cpu, 3->3->1 MB, 4 MB goal, 0 MB stacks, 0 MB globals, 8 P
gc 4324 @17.632s 7%: 0.13+0.97+0.097 ms clock, 1.0+0.71/0.79/0+0.78 ms cpu, 3->3->1 MB, 4 MB goal, 0 MB stacks, 0 MB globals, 8 P
gc 4325 @17.635s 7%: 0.076+0.61+0.069 ms clock, 0.60+0.75/0.73/0+0.55 ms cpu, 3->3->1 MB, 4 MB goal, 0 MB stacks, 0 MB globals, 8 P
gc 4326 @17.638s 7%: 0.057+1.1+0.061 ms clock, 0.45+0.73/0.73/0+0.49 ms cpu, 3->3->1 MB, 4 MB goal, 0 MB stacks, 0 MB globals, 8 P
gc 4327 @17.641s 7%: 0.11+0.83+0.075 ms clock, 0.92+0.83/0.72/0+0.60 ms cpu, 3->3->1 MB, 4 MB goal, 0 MB stacks, 0 MB globals, 8 P
gc 4328 @17.644s 7%: 0.12+0.55+0.096 ms clock, 0.97+0.87/0.73/0+0.77 ms cpu, 3->3->1 MB, 4 MB goal, 0 MB stacks, 0 MB globals, 8 P
gc 4329 @17.647s 7%: 0.10+0.68+0.096 ms clock, 0.87+0.88/0.66/0+0.76 ms cpu, 3->3->1 MB, 4 MB goal, 0 MB stacks, 0 MB globals, 8 P
gc 4330 @17.650s 7%: 0.13+1.4+0.048 ms clock, 1.1+0.60/0.75/0+0.39 ms cpu, 3->4->2 MB, 4 MB goal, 0 MB stacks, 0 MB globals, 8 P
gc 4331 @17.654s 7%: 0.087+0.54+0.082 ms clock, 0.70+0.74/0.72/0+0.66 ms cpu, 3->4->1 MB, 4 MB goal, 0 MB stacks, 0 MB globals, 8 P
gc 4332 @17.657s 7%: 0.13+0.80+0.074 ms clock, 1.0+0.62/0.82/0+0.59 ms cpu, 3->3->1 MB, 4 MB goal, 0 MB stacks, 0 MB globals, 8 P
gc 4333 @17.660s 7%: 0.084+1.3+0.056 ms clock, 0.67+0.75/0.76/0+0.45 ms cpu, 3->4->1 MB, 4 MB goal, 0 MB stacks, 0 MB globals, 8 P
gc 4334 @17.664s 7%: 0.10+1.0+0.072 ms clock, 0.87+1.5/0.86/0+0.58 ms cpu, 3->4->1 MB, 4 MB goal, 0 MB stacks, 0 MB globals, 8 P
gc 4335 @17.667s 7%: 0.088+0.76+0.086 ms clock, 0.70+0.87/0.73/0+0.69 ms cpu, 3->3->1 MB, 4 MB goal, 0 MB stacks, 0 MB globals, 8 P
gc 4336 @17.671s 7%: 0.11+0.60+0.046 ms clock, 0.88+0.69/0.85/0+0.37 ms cpu, 3->3->1 MB, 4 MB goal, 0 MB stacks, 0 MB globals, 8 P
gc 4337 @17.674s 7%: 0.10+0.89+0.080 ms clock, 0.81+0.96/0.70/0+0.64 ms cpu, 3->3->1 MB, 4 MB goal, 0 MB stacks, 0 MB globals, 8 P
gc 4338 @17.677s 7%: 0.10+0.92+0.088 ms clock, 0.80+0.77/0.80/0+0.70 ms cpu, 3->3->1 MB, 4 MB goal, 0 MB stacks, 0 MB globals, 8 P
gc 4339 @17.680s 7%: 0.12+0.92+0.071 ms clock, 0.98+0.46/0.85/0+0.56 ms cpu, 3->3->1 MB, 4 MB goal, 0 MB stacks, 0 MB globals, 8 P
gc 4340 @17.683s 7%: 0.086+1.1+0.067 ms clock, 0.69+0.66/0.84/0+0.53 ms cpu, 3->3->1 MB, 4 MB goal, 0 MB stacks, 0 MB globals, 8 P
gc 4341 @17.686s 7%: 0.078+0.56+0.10 ms clock, 0.63+0.75/0.70/0+0.84 ms cpu, 3->3->1 MB, 4 MB goal, 0 MB stacks, 0 MB globals, 8 P
gc 4342 @17.689s 7%: 0.087+0.94+0.031 ms clock, 0.69+0.84/0.73/0+0.25 ms cpu, 3->3->1 MB, 4 MB goal, 0 MB stacks, 0 MB globals, 8 P
gc 4343 @17.692s 7%: 0.093+0.64+0.079 ms clock, 0.75+0.74/0.82/0+0.63 ms cpu, 3->3->1 MB, 4 MB goal, 0 MB stacks, 0 MB globals, 8 P
gc 4344 @17.696s 7%: 0.11+0.82+0.089 ms clock, 0.90+0.74/0.76/0+0.71 ms cpu, 3->3->1 MB, 4 MB goal, 0 MB stacks, 0 MB globals, 8 P
gc 4345 @17.699s 7%: 0.13+0.54+0.10 ms clock, 1.0+0.78/0.68/0+0.87 ms cpu, 3->3->1 MB, 4 MB goal, 0 MB stacks, 0 MB globals, 8 P
gc 4346 @17.702s 7%: 0.11+0.68+0.063 ms clock, 0.94+0.86/0.75/0+0.50 ms cpu, 3->3->1 MB, 4 MB goal, 0 MB stacks, 0 MB globals, 8 P
gc 4347 @17.705s 7%: 0.093+0.96+0.079 ms clock, 0.74+0.81/0.79/0+0.63 ms cpu, 3->3->1 MB, 4 MB goal, 0 MB stacks, 0 MB globals, 8 P
gc 4348 @17.708s 7%: 0.094+1.1+0.10 ms clock, 0.75+0.87/0.84/0+0.85 ms cpu, 3->3->1 MB, 4 MB goal, 0 MB stacks, 0 MB globals, 8 P
gc 4349 @17.712s 7%: 0.082+0.87+0.064 ms clock, 0.66+0.63/0.73/0+0.51 ms cpu, 3->4->1 MB, 4 MB goal, 0 MB stacks, 0 MB globals, 8 P
gc 4350 @17.715s 7%: 0.098+0.66+0.084 ms clock, 0.78+0.70/0.72/0+0.67 ms cpu, 3->3->1 MB, 4 MB goal, 0 MB stacks, 0 MB globals, 8 P
gc 4351 @17.718s 7%: 0.11+0.79+0.097 ms clock, 0.92+1.2/0.84/0+0.77 ms cpu, 3->3->1 MB, 4 MB goal, 0 MB stacks, 0 MB globals, 8 P
gc 4352 @17.721s 7%: 0.097+1.6+0.080 ms clock, 0.78+1.7/0.81/0+0.64 ms cpu, 3->4->2 MB, 4 MB goal, 0 MB stacks, 0 MB globals, 8 P
gc 4353 @17.725s 7%: 0.14+0.84+0.074 ms clock, 1.1+0.79/0.73/0+0.59 ms cpu, 3->4->1 MB, 4 MB goal, 0 MB stacks, 0 MB globals, 8 P
gc 4354 @17.728s 7%: 0.11+0.58+0.095 ms clock, 0.90+0.83/0.74/0+0.76 ms cpu, 3->3->1 MB, 4 MB goal, 0 MB stacks, 0 MB globals, 8 P
gc 4355 @17.731s 7%: 0.098+0.67+0.097 ms clock, 0.78+0.78/0.80/0+0.77 ms cpu, 3->3->1 MB, 4 MB goal, 0 MB stacks, 0 MB globals, 8 P
gc 4356 @17.734s 7%: 0.11+0.66+0.10 ms clock, 0.92+0.82/0.87/0+0.82 ms cpu, 3->3->1 MB, 4 MB goal, 0 MB stacks, 0 MB globals, 8 P
gc 4357 @17.737s 7%: 0.13+0.51+0.10 ms clock, 1.0+0.64/0.81/0+0.86 ms cpu, 3->3->1 MB, 4 MB goal, 0 MB stacks, 0 MB globals, 8 P
gc 4358 @17.741s 7%: 0.11+1.1+0.029 ms clock, 0.91+0.87/0.65/0+0.23 ms cpu, 3->3->1 MB, 4 MB goal, 0 MB stacks, 0 MB globals, 8 P
gc 4359 @17.744s 7%: 0.14+0.53+0.10 ms clock, 1.1+0.79/0.74/0+0.87 ms cpu, 3->3->1 MB, 4 MB goal, 0 MB stacks, 0 MB globals, 8 P
gc 4360 @17.747s 7%: 0.10+1.2+0.066 ms clock, 0.81+0.89/0.78/0+0.53 ms cpu, 3->4->1 MB, 4 MB goal, 0 MB stacks, 0 MB globals, 8 P
gc 4361 @17.750s 7%: 0.060+0.56+0.052 ms clock, 0.48+0.77/0.75/0+0.41 ms cpu, 3->3->1 MB, 4 MB goal, 0 MB stacks, 0 MB globals, 8 P
gc 4362 @17.753s 7%: 0.13+0.54+0.10 ms clock, 1.0+0.86/0.71/0+0.81 ms cpu, 3->3->1 MB, 4 MB goal, 0 MB stacks, 0 MB globals, 8 P
gc 4363 @17.756s 7%: 0.10+0.58+0.10 ms clock, 0.86+0.81/0.84/0+0.85 ms cpu, 3->3->1 MB, 4 MB goal, 0 MB stacks, 0 MB globals, 8 P
gc 4364 @17.759s 7%: 0.11+0.83+0.083 ms clock, 0.88+0.81/0.75/0+0.66 ms cpu, 3->3->1 MB, 4 MB goal, 0 MB stacks, 0 MB globals, 8 P
gc 4365 @17.763s 7%: 0.13+0.97+0.10 ms clock, 1.0+0.65/0.77/0+0.84 ms cpu, 3->3->1 MB, 4 MB goal, 0 MB stacks, 0 MB globals, 8 P
gc 4366 @17.766s 7%: 0.10+0.61+0.12 ms clock, 0.84+0.74/0.78/0+1.0 ms cpu, 3->3->1 MB, 4 MB goal, 0 MB stacks, 0 MB globals, 8 P
gc 4367 @17.769s 7%: 0.087+1.0+0.084 ms clock, 0.69+0.85/0.85/0+0.67 ms cpu, 3->3->1 MB, 4 MB goal, 0 MB stacks, 0 MB globals, 8 P
gc 4368 @17.772s 7%: 0.10+0.66+0.11 ms clock, 0.86+0.76/0.72/0+0.92 ms cpu, 3->3->1 MB, 4 MB goal, 0 MB stacks, 0 MB globals, 8 P
gc 4369 @17.775s 7%: 0.13+1.2+0.082 ms clock, 1.0+0.58/0.72/0+0.65 ms cpu, 3->4->1 MB, 4 MB goal, 0 MB stacks, 0 MB globals, 8 P
gc 4370 @17.779s 7%: 0.085+0.52+0.12 ms clock, 0.68+0.73/0.73/0+0.99 ms cpu, 3->3->1 MB, 4 MB goal, 0 MB stacks, 0 MB globals, 8 P
gc 4371 @17.782s 7%: 0.11+0.57+0.098 ms clock, 0.92+0.71/0.79/0+0.78 ms cpu, 3->3->1 MB, 4 MB goal, 0 MB stacks, 0 MB globals, 8 P
gc 4372 @17.785s 7%: 0.086+0.64+0.073 ms clock, 0.69+0.87/0.73/0+0.58 ms cpu, 3->3->1 MB, 4 MB goal, 0 MB stacks, 0 MB globals, 8 P
gc 4373 @17.788s 7%: 0.10+0.70+0.088 ms clock, 0.87+0.81/0.71/0+0.70 ms cpu, 3->3->1 MB, 4 MB goal, 0 MB stacks, 0 MB globals, 8 P
gc 4374 @17.791s 7%: 0.085+1.1+0.10 ms clock, 0.68+1.2/0.39/0+0.80 ms cpu, 3->3->1 MB, 4 MB goal, 0 MB stacks, 0 MB globals, 8 P
gc 4375 @17.794s 7%: 0.10+1.2+0.067 ms clock, 0.87+1.3/0.94/0+0.54 ms cpu, 3->4->1 MB, 4 MB goal, 0 MB stacks, 0 MB globals, 8 P
gc 4376 @17.798s 7%: 0.11+0.60+0.096 ms clock, 0.91+0.62/0.76/0+0.77 ms cpu, 3->3->1 MB, 4 MB goal, 0 MB stacks, 0 MB globals, 8 P
gc 4377 @17.801s 7%: 0.099+0.61+0.12 ms clock, 0.79+0.75/0.80/0+0.97 ms cpu, 3->3->1 MB, 4 MB goal, 0 MB stacks, 0 MB globals, 8 P
gc 4378 @17.804s 7%: 0.11+0.69+0.092 ms clock, 0.94+0.65/0.81/0+0.73 ms cpu, 3->3->1 MB, 4 MB goal, 0 MB stacks, 0 MB globals, 8 P
gc 4379 @17.807s 7%: 0.11+0.47+0.090 ms clock, 0.90+0.74/0.77/0+0.72 ms cpu, 3->3->1 MB, 4 MB goal, 0 MB stacks, 0 MB globals, 8 P
gc 4380 @17.810s 7%: 0.12+1.5+0.081 ms clock, 0.97+0.72/0.76/0+0.64 ms cpu, 3->4->2 MB, 4 MB goal, 0 MB stacks, 0 MB globals, 8 P
gc 4381 @17.814s 7%: 0.079+0.56+0.039 ms clock, 0.63+0.85/0.67/0+0.31 ms cpu, 3->4->1 MB, 4 MB goal, 0 MB stacks, 0 MB globals, 8 P
gc 4382 @17.817s 7%: 0.10+0.56+0.040 ms clock, 0.86+0.92/0.76/0+0.32 ms cpu, 3->3->1 MB, 4 MB goal, 0 MB stacks, 0 MB globals, 8 P
gc 4383 @17.820s 7%: 0.11+0.56+0.10 ms clock, 0.89+0.74/0.73/0+0.83 ms cpu, 3->3->1 MB, 4 MB goal, 0 MB stacks, 0 MB globals, 8 P
gc 4384 @17.823s 7%: 0.088+0.59+0.068 ms clock, 0.70+0.77/0.69/0+0.54 ms cpu, 3->3->1 MB, 4 MB goal, 0 MB stacks, 0 MB globals, 8 P
gc 4385 @17.826s 7%: 0.12+0.57+0.086 ms clock, 0.97+0.68/0.77/0+0.69 ms cpu, 3->3->1 MB, 4 MB goal, 0 MB stacks, 0 MB globals, 8 P
gc 4386 @17.829s 7%: 0.082+0.56+0.040 ms clock, 0.65+0.79/0.74/0+0.32 ms cpu, 3->3->1 MB, 4 MB goal, 0 MB stacks, 0 MB globals, 8 P
gc 4387 @17.832s 7%: 0.12+0.52+0.063 ms clock, 0.96+0.85/0.71/0+0.50 ms cpu, 3->3->1 MB, 4 MB goal, 0 MB stacks, 0 MB globals, 8 P
gc 4388 @17.836s 7%: 0.14+0.50+0.079 ms clock, 1.1+0.85/0.70/0+0.63 ms cpu, 3->3->1 MB, 4 MB goal, 0 MB stacks, 0 MB globals, 8 P
gc 4389 @17.839s 7%: 0.069+0.65+0.11 ms clock, 0.55+0.69/0.83/0+0.92 ms cpu, 3->3->1 MB, 4 MB goal, 0 MB stacks, 0 MB globals, 8 P
gc 4390 @17.842s 7%: 0.093+0.58+0.091 ms clock, 0.74+0.78/0.68/0+0.73 ms cpu, 3->3->1 MB, 4 MB goal, 0 MB stacks, 0 MB globals, 8 P
gc 4391 @17.845s 7%: 0.093+0.64+0.10 ms clock, 0.74+0.75/0.83/0+0.86 ms cpu, 3->3->1 MB, 4 MB goal, 0 MB stacks, 0 MB globals, 8 P
gc 4392 @17.848s 7%: 0.10+0.59+0.098 ms clock, 0.86+0.80/0.81/0.001+0.79 ms cpu, 3->3->1 MB, 4 MB goal, 0 MB stacks, 0 MB globals, 8 P
gc 4393 @17.851s 7%: 0.11+0.62+0.085 ms clock, 0.94+0.79/0.77/0+0.68 ms cpu, 3->3->1 MB, 4 MB goal, 0 MB stacks, 0 MB globals, 8 P
gc 4394 @17.854s 7%: 0.087+0.77+0.081 ms clock, 0.69+0.66/0.84/0+0.65 ms cpu, 3->3->1 MB, 4 MB goal, 0 MB stacks, 0 MB globals, 8 P
gc 4395 @17.857s 7%: 0.085+0.58+0.12 ms clock, 0.68+0.75/0.76/0+0.97 ms cpu, 3->3->1 MB, 4 MB goal, 0 MB stacks, 0 MB globals, 8 P
gc 4396 @17.860s 7%: 0.11+0.54+0.098 ms clock, 0.93+0.77/0.75/0+0.78 ms cpu, 3->3->1 MB, 4 MB goal, 0 MB stacks, 0 MB globals, 8 P
gc 4397 @17.863s 7%: 0.093+0.51+0.083 ms clock, 0.74+0.78/0.67/0+0.66 ms cpu, 3->3->1 MB, 4 MB goal, 0 MB stacks, 0 MB globals, 8 P
gc 4398 @17.866s 7%: 0.12+0.57+0.082 ms clock, 0.98+0.88/0.81/0+0.65 ms cpu, 3->3->1 MB, 4 MB goal, 0 MB stacks, 0 MB globals, 8 P
gc 4399 @17.869s 7%: 0.096+0.50+0.062 ms clock, 0.77+0.84/0.62/0+0.49 ms cpu, 3->3->1 MB, 4 MB goal, 0 MB stacks, 0 MB globals, 8 P
gc 4400 @17.872s 7%: 0.13+0.62+0.072 ms clock, 1.0+0.71/0.68/0+0.57 ms cpu, 3->3->1 MB, 4 MB goal, 0 MB stacks, 0 MB globals, 8 P
gc 4401 @17.875s 7%: 0.065+0.51+0.063 ms clock, 0.52+0.71/0.70/0+0.50 ms cpu, 3->3->1 MB, 4 MB goal, 0 MB stacks, 0 MB globals, 8 P
gc 4402 @17.878s 7%: 0.091+0.54+0.058 ms clock, 0.72+0.74/0.69/0+0.46 ms cpu, 3->3->1 MB, 4 MB goal, 0 MB stacks, 0 MB globals, 8 P
gc 4403 @17.881s 7%: 0.10+0.59+0.079 ms clock, 0.85+0.81/0.80/0+0.63 ms cpu, 3->3->1 MB, 4 MB goal, 0 MB stacks, 0 MB globals, 8 P
gc 4404 @17.885s 7%: 0.12+0.59+0.072 ms clock, 1.0+0.73/0.85/0+0.57 ms cpu, 3->3->1 MB, 4 MB goal, 0 MB stacks, 0 MB globals, 8 P
gc 4405 @17.888s 7%: 0.088+0.61+0.084 ms clock, 0.70+0.74/0.76/0+0.67 ms cpu, 3->3->1 MB, 4 MB goal, 0 MB stacks, 0 MB globals, 8 P
gc 4406 @17.891s 7%: 0.097+0.60+0.087 ms clock, 0.78+0.89/0.77/0+0.69 ms cpu, 3->3->1 MB, 4 MB goal, 0 MB stacks, 0 MB globals, 8 P
gc 4407 @17.894s 7%: 0.10+0.63+0.084 ms clock, 0.86+0.93/0.78/0+0.67 ms cpu, 3->3->1 MB, 4 MB goal, 0 MB stacks, 0 MB globals, 8 P
gc 4408 @17.897s 7%: 0.087+0.54+0.059 ms clock, 0.69+0.99/0.67/0+0.47 ms cpu, 3->3->1 MB, 4 MB goal, 0 MB stacks, 0 MB globals, 8 P
gc 4409 @17.900s 7%: 0.12+0.56+0.10 ms clock, 0.97+0.84/0.63/0+0.83 ms cpu, 3->3->1 MB, 4 MB goal, 0 MB stacks, 0 MB globals, 8 P
gc 4410 @17.903s 7%: 0.099+0.52+0.057 ms clock, 0.79+0.69/0.73/0+0.45 ms cpu, 3->3->1 MB, 4 MB goal, 0 MB stacks, 0 MB globals, 8 P
gc 4411 @17.906s 7%: 0.093+0.65+0.059 ms clock, 0.75+0.75/0.75/0+0.47 ms cpu, 3->3->1 MB, 4 MB goal, 0 MB stacks, 0 MB globals, 8 P
gc 4412 @17.909s 7%: 0.12+0.54+0.070 ms clock, 0.98+0.97/0.66/0+0.56 ms cpu, 3->3->1 MB, 4 MB goal, 0 MB stacks, 0 MB globals, 8 P
gc 4413 @17.912s 7%: 0.12+0.62+0.10 ms clock, 0.99+0.79/0.70/0+0.80 ms cpu, 3->3->1 MB, 4 MB goal, 0 MB stacks, 0 MB globals, 8 P
gc 4414 @17.915s 7%: 0.093+0.72+0.098 ms clock, 0.74+0.83/0.69/0+0.78 ms cpu, 3->3->1 MB, 4 MB goal, 0 MB stacks, 0 MB globals, 8 P
gc 4415 @17.918s 7%: 0.10+0.48+0.080 ms clock, 0.81+0.90/0.66/0+0.64 ms cpu, 3->3->1 MB, 4 MB goal, 0 MB stacks, 0 MB globals, 8 P
gc 4416 @17.922s 7%: 0.068+0.96+0.065 ms clock, 0.55+1.2/0.84/0+0.52 ms cpu, 3->3->1 MB, 4 MB goal, 0 MB stacks, 0 MB globals, 8 P
gc 4417 @17.925s 7%: 0.12+0.59+0.057 ms clock, 1.0+0.85/0.70/0+0.46 ms cpu, 3->3->1 MB, 4 MB goal, 0 MB stacks, 0 MB globals, 8 P
gc 4418 @17.928s 7%: 0.11+0.59+0.047 ms clock, 0.92+0.66/0.75/0+0.38 ms cpu, 3->3->1 MB, 4 MB goal, 0 MB stacks, 0 MB globals, 8 P
gc 4419 @17.931s 7%: 0.088+0.48+0.051 ms clock, 0.71+0.80/0.70/0+0.41 ms cpu, 3->3->1 MB, 4 MB goal, 0 MB stacks, 0 MB globals, 8 P
gc 4420 @17.934s 7%: 0.11+0.53+0.11 ms clock, 0.91+0.79/0.77/0+0.94 ms cpu, 3->3->1 MB, 4 MB goal, 0 MB stacks, 0 MB globals, 8 P
gc 4421 @17.937s 7%: 0.083+0.63+0.095 ms clock, 0.66+0.85/0.82/0+0.76 ms cpu, 3->3->1 MB, 4 MB goal, 0 MB stacks, 0 MB globals, 8 P
gc 4422 @17.940s 7%: 0.10+0.63+0.086 ms clock, 0.80+0.81/0.81/0+0.68 ms cpu, 3->3->1 MB, 4 MB goal, 0 MB stacks, 0 MB globals, 8 P
gc 4423 @17.943s 7%: 0.10+0.54+0.088 ms clock, 0.85+0.77/0.71/0+0.71 ms cpu, 3->3->1 MB, 4 MB goal, 0 MB stacks, 0 MB globals, 8 P
gc 4424 @17.946s 7%: 0.099+0.55+0.097 ms clock, 0.79+0.72/0.81/0+0.78 ms cpu, 3->3->1 MB, 4 MB goal, 0 MB stacks, 0 MB globals, 8 P
gc 4425 @17.949s 7%: 0.089+0.53+0.11 ms clock, 0.71+0.83/0.72/0+0.94 ms cpu, 3->3->1 MB, 4 MB goal, 0 MB stacks, 0 MB globals, 8 P
gc 4426 @17.952s 7%: 0.065+0.48+0.094 ms clock, 0.52+0.87/0.68/0+0.75 ms cpu, 3->3->1 MB, 4 MB goal, 0 MB stacks, 0 MB globals, 8 P
gc 4427 @17.955s 7%: 0.12+0.58+0.063 ms clock, 0.97+0.80/0.80/0+0.50 ms cpu, 3->3->1 MB, 4 MB goal, 0 MB stacks, 0 MB globals, 8 P
gc 4428 @17.958s 7%: 0.11+0.58+0.057 ms clock, 0.92+0.72/0.76/0+0.45 ms cpu, 3->3->1 MB, 4 MB goal, 0 MB stacks, 0 MB globals, 8 P
gc 4429 @17.961s 7%: 0.10+0.60+0.10 ms clock, 0.85+0.89/0.66/0+0.82 ms cpu, 3->3->1 MB, 4 MB goal, 0 MB stacks, 0 MB globals, 8 P
gc 4430 @17.964s 7%: 0.10+0.60+0.086 ms clock, 0.84+0.81/0.75/0+0.68 ms cpu, 3->3->1 MB, 4 MB goal, 0 MB stacks, 0 MB globals, 8 P
gc 4431 @17.967s 7%: 0.096+0.55+0.038 ms clock, 0.76+0.75/0.75/0+0.30 ms cpu, 3->3->1 MB, 4 MB goal, 0 MB stacks, 0 MB globals, 8 P
gc 4432 @17.970s 7%: 0.081+0.64+0.043 ms clock, 0.65+0.77/0.80/0+0.35 ms cpu, 3->3->1 MB, 4 MB goal, 0 MB stacks, 0 MB globals, 8 P
gc 4433 @17.973s 7%: 0.14+0.61+0.076 ms clock, 1.1+0.72/0.85/0+0.61 ms cpu, 3->3->1 MB, 4 MB goal, 0 MB stacks, 0 MB globals, 8 P
gc 4434 @17.976s 7%: 0.087+0.54+0.078 ms clock, 0.70+0.72/0.74/0+0.62 ms cpu, 3->3->1 MB, 4 MB goal, 0 MB stacks, 0 MB globals, 8 P
gc 4435 @17.979s 7%: 0.11+0.49+0.059 ms clock, 0.92+0.91/0.67/0+0.47 ms cpu, 3->3->1 MB, 4 MB goal, 0 MB stacks, 0 MB globals, 8 P
gc 4436 @17.982s 7%: 0.10+0.50+0.047 ms clock, 0.84+0.85/0.73/0+0.37 ms cpu, 3->3->1 MB, 4 MB goal, 0 MB stacks, 0 MB globals, 8 P
gc 4437 @17.986s 7%: 0.067+0.61+0.073 ms clock, 0.53+0.82/0.79/0+0.58 ms cpu, 3->3->1 MB, 4 MB goal, 0 MB stacks, 0 MB globals, 8 P
gc 4438 @17.989s 7%: 0.11+0.52+0.12 ms clock, 0.91+0.87/0.68/0+0.96 ms cpu, 3->3->1 MB, 4 MB goal, 0 MB stacks, 0 MB globals, 8 P
gc 4439 @17.992s 7%: 0.12+0.54+0.057 ms clock, 1.0+0.77/0.72/0+0.45 ms cpu, 3->3->1 MB, 4 MB goal, 0 MB stacks, 0 MB globals, 8 P
gc 4440 @17.995s 7%: 0.10+0.64+0.051 ms clock, 0.81+0.67/0.79/0+0.41 ms cpu, 3->3->1 MB, 4 MB goal, 0 MB stacks, 0 MB globals, 8 P
gc 4441 @17.998s 7%: 0.12+0.59+0.090 ms clock, 1.0+0.84/0.78/0+0.72 ms cpu, 3->3->1 MB, 4 MB goal, 0 MB stacks, 0 MB globals, 8 P
gc 4442 @18.001s 7%: 0.095+0.50+0.11 ms clock, 0.76+0.77/0.70/0+0.90 ms cpu, 3->3->1 MB, 4 MB goal, 0 MB stacks, 0 MB globals, 8 P
gc 4443 @18.004s 7%: 0.097+0.59+0.076 ms clock, 0.77+0.75/0.84/0+0.61 ms cpu, 3->3->1 MB, 4 MB goal, 0 MB stacks, 0 MB globals, 8 P
gc 4444 @18.007s 7%: 0.11+0.61+0.062 ms clock, 0.95+0.80/0.71/0+0.49 ms cpu, 3->3->1 MB, 4 MB goal, 0 MB stacks, 0 MB globals, 8 P
gc 4445 @18.010s 7%: 0.11+0.52+0.046 ms clock, 0.89+0.72/0.76/0+0.37 ms cpu, 3->3->1 MB, 4 MB goal, 0 MB stacks, 0 MB globals, 8 P
gc 4446 @18.013s 7%: 0.10+0.59+0.11 ms clock, 0.87+0.78/0.73/0+0.88 ms cpu, 3->3->1 MB, 4 MB goal, 0 MB stacks, 0 MB globals, 8 P
gc 4447 @18.016s 7%: 0.19+0.56+0.086 ms clock, 1.5+0.76/0.75/0+0.68 ms cpu, 3->3->1 MB, 4 MB goal, 0 MB stacks, 0 MB globals, 8 P
gc 4448 @18.019s 7%: 0.066+0.67+0.072 ms clock, 0.53+0.68/0.84/0+0.57 ms cpu, 3->3->1 MB, 4 MB goal, 0 MB stacks, 0 MB globals, 8 P
gc 4449 @18.022s 7%: 0.11+0.57+0.097 ms clock, 0.92+0.78/0.81/0+0.77 ms cpu, 3->3->1 MB, 4 MB goal, 0 MB stacks, 0 MB globals, 8 P
gc 4450 @18.025s 7%: 0.13+0.60+0.12 ms clock, 1.0+0.79/0.72/0+0.96 ms cpu, 3->3->1 MB, 4 MB goal, 0 MB stacks, 0 MB globals, 8 P
gc 4451 @18.028s 7%: 0.10+0.65+0.096 ms clock, 0.84+0.73/0.77/0+0.77 ms cpu, 3->3->1 MB, 4 MB goal, 0 MB stacks, 0 MB globals, 8 P
gc 4452 @18.031s 7%: 0.12+0.67+0.068 ms clock, 1.0+0.79/0.87/0+0.54 ms cpu, 3->3->1 MB, 4 MB goal, 0 MB stacks, 0 MB globals, 8 P
