2026/03/15 12:56:58 no config path specified; using /var/lib/derper/derper.key
2026/03/15 12:56:58 STUN server listening on [::]:3478
2026/03/15 12:56:58 No mesh key configured
2026/03/15 12:56:58 derper: serving on :3340 with TLS
2026/03/15 12:57:02 http: TLS handshake error from 10.20.0.20:57436: unexpected EOF
gc 1 @4.059s 0%: 0.59+0.68+0.11 ms clock, 4.7+0.87/0.80/0.087+0.89 ms cpu, 3->4->1 MB, 4 MB goal, 0 MB stacks, 0 MB globals, 8 P
gc 2 @4.062s 0%: 0.13+0.91+0.019 ms clock, 1.1+0.83/1.0/0+0.15 ms cpu, 3->3->1 MB, 4 MB goal, 0 MB stacks, 0 MB globals, 8 P
gc 3 @4.064s 0%: 0.10+0.80+0.14 ms clock, 0.87+0.97/1.0/0+1.1 ms cpu, 3->3->1 MB, 4 MB goal, 0 MB stacks, 0 MB globals, 8 P
gc 4 @4.066s 0%: 0.13+0.83+0.094 ms clock, 1.0+1.1/1.0/0+0.75 ms cpu, 3->3->1 MB, 4 MB goal, 0 MB stacks, 0 MB globals, 8 P
gc 5 @4.069s 0%: 0.16+0.79+0.11 ms clock, 1.2+0.93/1.0/0+0.92 ms cpu, 3->3->1 MB, 4 MB goal, 0 MB stacks, 0 MB globals, 8 P
gc 6 @4.071s 0%: 0.12+0.92+0.11 ms clock, 0.99+0.94/0.90/0+0.94 ms cpu, 3->3->1 MB, 4 MB goal, 0 MB stacks, 0 MB globals, 8 P
gc 7 @4.074s 0%: 0.17+0.87+0.10 ms clock, 1.3+0.87/0.99/0+0.85 ms cpu, 3->3->1 MB, 4 MB goal, 0 MB stacks, 0 MB globals, 8 P
gc 8 @4.076s 0%: 0.13+0.64+0.13 ms clock, 1.0+0.85/0.75/0+1.0 ms cpu, 3->3->1 MB, 4 MB goal, 0 MB stacks, 0 MB globals, 8 P
gc 9 @4.079s 0%: 0.098+0.89+0.082 ms clock, 0.79+0.91/0.77/0+0.66 ms cpu, 3->3->1 MB, 4 MB goal, 0 MB stacks, 0 MB globals, 8 P
gc 10 @4.082s 0%: 0.12+0.57+0.068 ms clock, 0.96+0.77/0.69/0+0.55 ms cpu, 3->3->1 MB, 4 MB goal, 0 MB stacks, 0 MB globals, 8 P
gc 11 @4.084s 0%: 0.11+0.62+0.092 ms clock, 0.89+0.73/0.79/0+0.73 ms cpu, 3->3->1 MB, 4 MB goal, 0 MB stacks, 0 MB globals, 8 P
gc 12 @4.087s 0%: 0.11+0.58+0.095 ms clock, 0.95+0.72/0.82/0+0.76 ms cpu, 3->3->1 MB, 4 MB goal, 0 MB stacks, 0 MB globals, 8 P
gc 13 @4.089s 0%: 0.10+0.60+0.089 ms clock, 0.84+0.84/0.71/0+0.71 ms cpu, 3->3->1 MB, 4 MB goal, 0 MB stacks, 0 MB globals, 8 P
gc 14 @4.092s 0%: 0.13+0.90+0.12 ms clock, 1.0+0.71/0.89/0+0.99 ms cpu, 3->3->1 MB, 4 MB goal, 0 MB stacks, 0 MB globals, 8 P
gc 15 @4.094s 0%: 0.083+0.67+0.10 ms clock, 0.66+0.86/0.81/0+0.86 ms cpu, 3->3->1 MB, 4 MB goal, 0 MB stacks, 0 MB globals, 8 P
gc 16 @4.097s 0%: 0.12+0.95+0.089 ms clock, 1.0+0.71/0.80/0+0.71 ms cpu, 3->3->1 MB, 4 MB goal, 0 MB stacks, 0 MB globals, 8 P
gc 17 @4.099s 0%: 0.092+0.73+0.12 ms clock, 0.74+0.67/0.90/0+1.0 ms cpu, 3->3->1 MB, 4 MB goal, 0 MB stacks, 0 MB globals, 8 P
gc 18 @4.102s 0%: 0.079+0.48+0.080 ms clock, 0.63+0.72/0.68/0+0.64 ms cpu, 3->3->1 MB, 4 MB goal, 0 MB stacks, 0 MB globals, 8 P
gc 19 @4.104s 0%: 0.16+0.59+0.085 ms clock, 1.3+0.79/0.89/0+0.68 ms cpu, 3->3->1 MB, 4 MB goal, 0 MB stacks, 0 MB globals, 8 P
gc 20 @4.107s 0%: 0.10+0.76+0.12 ms clock, 0.84+0.77/0.70/0+1.0 ms cpu, 3->3->1 MB, 4 MB goal, 0 MB stacks, 0 MB globals, 8 P
gc 21 @4.109s 0%: 0.11+0.56+0.093 ms clock, 0.89+0.84/0.69/0+0.74 ms cpu, 3->3->1 MB, 4 MB goal, 0 MB stacks, 0 MB globals, 8 P
gc 22 @4.112s 0%: 0.096+0.56+0.10 ms clock, 0.77+0.79/0.77/0+0.81 ms cpu, 3->3->1 MB, 4 MB goal, 0 MB stacks, 0 MB globals, 8 P
gc 23 @4.114s 0%: 0.14+0.61+0.095 ms clock, 1.1+0.72/0.88/0+0.76 ms cpu, 3->3->1 MB, 4 MB goal, 0 MB stacks, 0 MB globals, 8 P
gc 24 @4.117s 0%: 0.11+0.49+0.061 ms clock, 0.93+0.90/0.58/0+0.49 ms cpu, 3->3->1 MB, 4 MB goal, 0 MB stacks, 0 MB globals, 8 P
gc 25 @4.120s 0%: 0.13+1.1+0.074 ms clock, 1.1+0.79/0.82/0+0.59 ms cpu, 3->4->2 MB, 4 MB goal, 0 MB stacks, 0 MB globals, 8 P
gc 26 @4.123s 0%: 0.12+0.49+0.093 ms clock, 0.99+0.76/0.69/0+0.74 ms cpu, 3->4->1 MB, 4 MB goal, 0 MB stacks, 0 MB globals, 8 P
gc 27 @4.125s 0%: 0.13+0.57+0.082 ms clock, 1.0+0.66/0.76/0+0.66 ms cpu, 3->3->1 MB, 4 MB goal, 0 MB stacks, 0 MB globals, 8 P
gc 28 @4.128s 0%: 0.14+0.93+0.081 ms clock, 1.1+0.62/0.74/0+0.65 ms cpu, 3->3->1 MB, 4 MB goal, 0 MB stacks, 0 MB globals, 8 P
gc 29 @4.130s 0%: 0.14+0.60+0.13 ms clock, 1.1+0.85/0.78/0+1.0 ms cpu, 3->3->1 MB, 4 MB goal, 0 MB stacks, 0 MB globals, 8 P
gc 30 @4.133s 0%: 0.096+0.62+0.094 ms clock, 0.77+0.84/0.67/0+0.75 ms cpu, 3->3->1 MB, 4 MB goal, 0 MB stacks, 0 MB globals, 8 P
gc 31 @4.135s 0%: 0.11+0.64+0.069 ms clock, 0.88+0.71/0.76/0+0.55 ms cpu, 3->3->1 MB, 4 MB goal, 0 MB stacks, 0 MB globals, 8 P
gc 32 @4.138s 0%: 0.12+0.80+0.050 ms clock, 0.96+0.83/0.74/0+0.40 ms cpu, 3->3->1 MB, 4 MB goal, 0 MB stacks, 0 MB globals, 8 P
gc 33 @4.141s 0%: 0.10+0.87+0.10 ms clock, 0.84+0.71/0.93/0+0.81 ms cpu, 3->3->1 MB, 4 MB goal, 0 MB stacks, 0 MB globals, 8 P
gc 34 @4.143s 0%: 0.091+0.60+0.10 ms clock, 0.72+0.70/0.76/0+0.80 ms cpu, 3->3->1 MB, 4 MB goal, 0 MB stacks, 0 MB globals, 8 P
gc 35 @4.146s 0%: 0.13+1.2+0.069 ms clock, 1.0+0.74/0.79/0+0.55 ms cpu, 3->4->1 MB, 4 MB goal, 0 MB stacks, 0 MB globals, 8 P
gc 36 @4.149s 0%: 0.13+0.86+0.10 ms clock, 1.0+0.61/0.75/0+0.80 ms cpu, 3->4->1 MB, 4 MB goal, 0 MB stacks, 0 MB globals, 8 P
gc 37 @4.151s 0%: 0.15+0.70+0.12 ms clock, 1.2+0.71/0.85/0+1.0 ms cpu, 3->3->1 MB, 4 MB goal, 0 MB stacks, 0 MB globals, 8 P
gc 38 @4.154s 0%: 0.10+0.73+0.11 ms clock, 0.87+0.74/0.86/0+0.92 ms cpu, 3->3->1 MB, 4 MB goal, 0 MB stacks, 0 MB globals, 8 P
gc 39 @4.156s 0%: 0.098+0.60+0.098 ms clock, 0.78+0.69/0.76/0+0.78 ms cpu, 3->3->1 MB, 4 MB goal, 0 MB stacks, 0 MB globals, 8 P
gc 40 @4.159s 0%: 0.12+0.59+0.10 ms clock, 1.0+0.79/0.80/0+0.81 ms cpu, 3->3->1 MB, 4 MB goal, 0 MB stacks, 0 MB globals, 8 P
gc 41 @4.161s 0%: 0.10+0.57+0.077 ms clock, 0.82+0.65/0.73/0+0.61 ms cpu, 3->3->1 MB, 4 MB goal, 0 MB stacks, 0 MB globals, 8 P
gc 42 @4.164s 0%: 0.13+0.92+0.072 ms clock, 1.0+0.80/0.79/0+0.57 ms cpu, 3->4->1 MB, 4 MB goal, 0 MB stacks, 0 MB globals, 8 P
gc 43 @4.167s 0%: 0.12+0.65+0.11 ms clock, 0.97+0.77/0.75/0+0.94 ms cpu, 3->3->1 MB, 4 MB goal, 0 MB stacks, 0 MB globals, 8 P
gc 44 @4.169s 0%: 0.13+0.84+0.14 ms clock, 1.1+0.53/0.78/0+1.1 ms cpu, 3->3->1 MB, 4 MB goal, 0 MB stacks, 0 MB globals, 8 P
gc 45 @4.172s 0%: 0.10+0.75+0.074 ms clock, 0.86+0.69/0.91/0+0.59 ms cpu, 3->4->1 MB, 4 MB goal, 0 MB stacks, 0 MB globals, 8 P
gc 46 @4.175s 0%: 0.15+1.3+0.051 ms clock, 1.2+0.84/0.72/0+0.41 ms cpu, 3->4->1 MB, 4 MB goal, 0 MB stacks, 0 MB globals, 8 P
gc 47 @4.178s 0%: 0.11+0.97+0.091 ms clock, 0.91+0.72/0.68/0+0.72 ms cpu, 3->4->1 MB, 4 MB goal, 0 MB stacks, 0 MB globals, 8 P
gc 48 @4.180s 0%: 0.085+0.67+0.12 ms clock, 0.68+0.58/0.92/0+0.99 ms cpu, 3->3->1 MB, 4 MB goal, 0 MB stacks, 0 MB globals, 8 P
gc 49 @4.183s 0%: 0.090+0.84+0.096 ms clock, 0.72+0.73/0.83/0+0.77 ms cpu, 3->3->1 MB, 4 MB goal, 0 MB stacks, 0 MB globals, 8 P
gc 50 @4.185s 0%: 0.097+0.63+0.10 ms clock, 0.77+0.78/0.69/0+0.86 ms cpu, 3->3->1 MB, 4 MB goal, 0 MB stacks, 0 MB globals, 8 P
gc 51 @4.188s 0%: 0.13+0.60+0.067 ms clock, 1.1+0.69/0.82/0+0.53 ms cpu, 3->3->1 MB, 4 MB goal, 0 MB stacks, 0 MB globals, 8 P
gc 52 @4.191s 0%: 0.12+0.56+0.094 ms clock, 0.98+0.72/0.64/0+0.75 ms cpu, 3->3->1 MB, 4 MB goal, 0 MB stacks, 0 MB globals, 8 P
gc 53 @4.193s 0%: 0.10+0.89+0.10 ms clock, 0.81+0.83/1.1/0+0.82 ms cpu, 3->3->1 MB, 4 MB goal, 0 MB stacks, 0 MB globals, 8 P
gc 54 @4.196s 0%: 0.15+0.75+0.10 ms clock, 1.2+0.75/0.92/0+0.84 ms cpu, 3->3->1 MB, 4 MB goal, 0 MB stacks, 0 MB globals, 8 P
gc 55 @4.198s 0%: 0.12+0.67+0.14 ms clock, 1.0+0.67/0.89/0+1.1 ms cpu, 3->3->1 MB, 4 MB goal, 0 MB stacks, 0 MB globals, 8 P
gc 56 @4.201s 0%: 0.099+0.98+0.089 ms clock, 0.79+0.64/0.72/0+0.71 ms cpu, 3->3->1 MB, 4 MB goal, 0 MB stacks, 0 MB globals, 8 P
gc 57 @4.203s 0%: 0.10+0.59+0.054 ms clock, 0.84+0.72/0.74/0+0.43 ms cpu, 3->3->1 MB, 4 MB goal, 0 MB stacks, 0 MB globals, 8 P
gc 58 @4.206s 0%: 0.12+0.57+0.041 ms clock, 0.98+0.80/0.73/0+0.33 ms cpu, 3->3->1 MB, 4 MB goal, 0 MB stacks, 0 MB globals, 8 P
gc 59 @4.208s 0%: 0.078+0.60+0.063 ms clock, 0.62+0.87/0.69/0+0.50 ms cpu, 3->3->1 MB, 4 MB goal, 0 MB stacks, 0 MB globals, 8 P
gc 60 @4.211s 0%: 0.12+0.46+0.10 ms clock, 0.99+0.73/0.67/0+0.80 ms cpu, 3->3->1 MB, 4 MB goal, 0 MB stacks, 0 MB globals, 8 P
gc 61 @4.213s 0%: 0.090+1.4+0.044 ms clock, 0.72+0.78/0.81/0+0.35 ms cpu, 3->4->2 MB, 4 MB goal, 0 MB stacks, 0 MB globals, 8 P
gc 62 @4.216s 0%: 0.094+0.71+0.063 ms clock, 0.75+0.80/0.78/0+0.51 ms cpu, 3->4->1 MB, 4 MB goal, 0 MB stacks, 0 MB globals, 8 P
gc 63 @4.219s 0%: 0.13+0.94+0.11 ms clock, 1.0+0.61/0.81/0+0.91 ms cpu, 3->4->1 MB, 4 MB goal, 0 MB stacks, 0 MB globals, 8 P
gc 64 @4.222s 0%: 0.076+0.95+0.075 ms clock, 0.61+0.71/0.76/0+0.60 ms cpu, 3->4->1 MB, 4 MB goal, 0 MB stacks, 0 MB globals, 8 P
gc 65 @4.224s 0%: 0.095+0.75+0.056 ms clock, 0.76+0.74/0.93/0+0.45 ms cpu, 3->3->1 MB, 4 MB goal, 0 MB stacks, 0 MB globals, 8 P
gc 66 @4.227s 0%: 0.12+0.66+0.14 ms clock, 1.0+0.65/0.77/0+1.1 ms cpu, 3->3->1 MB, 4 MB goal, 0 MB stacks, 0 MB globals, 8 P
gc 67 @4.230s 0%: 0.074+0.65+0.096 ms clock, 0.59+0.74/0.76/0+0.76 ms cpu, 3->3->1 MB, 4 MB goal, 0 MB stacks, 0 MB globals, 8 P
gc 68 @4.232s 0%: 0.14+0.60+0.063 ms clock, 1.1+0.79/0.77/0+0.50 ms cpu, 3->3->1 MB, 4 MB goal, 0 MB stacks, 0 MB globals, 8 P
gc 69 @4.235s 0%: 0.15+0.49+0.049 ms clock, 1.2+0.67/0.75/0+0.39 ms cpu, 3->3->1 MB, 4 MB goal, 0 MB stacks, 0 MB globals, 8 P
gc 70 @4.237s 0%: 0.11+0.51+0.12 ms clock, 0.91+0.78/0.75/0+0.97 ms cpu, 3->3->1 MB, 4 MB goal, 0 MB stacks, 0 MB globals, 8 P
gc 71 @4.240s 0%: 0.10+0.65+0.098 ms clock, 0.80+0.69/0.76/0+0.78 ms cpu, 3->3->1 MB, 4 MB goal, 0 MB stacks, 0 MB globals, 8 P
gc 72 @4.242s 0%: 0.13+0.87+0.12 ms clock, 1.1+0.75/0.82/0+0.98 ms cpu, 3->3->1 MB, 4 MB goal, 0 MB stacks, 0 MB globals, 8 P
gc 73 @4.245s 0%: 0.10+0.74+0.045 ms clock, 0.84+0.63/0.78/0+0.36 ms cpu, 3->3->1 MB, 4 MB goal, 0 MB stacks, 0 MB globals, 8 P
gc 74 @4.247s 0%: 0.097+0.64+0.11 ms clock, 0.78+0.77/0.76/0+0.88 ms cpu, 3->3->1 MB, 4 MB goal, 0 MB stacks, 0 MB globals, 8 P
gc 75 @4.250s 0%: 0.12+0.75+0.072 ms clock, 0.96+0.68/0.70/0+0.58 ms cpu, 3->3->1 MB, 4 MB goal, 0 MB stacks, 0 MB globals, 8 P
gc 76 @4.252s 0%: 0.094+0.60+0.10 ms clock, 0.75+0.68/0.77/0+0.83 ms cpu, 3->3->1 MB, 4 MB goal, 0 MB stacks, 0 MB globals, 8 P
gc 77 @4.255s 0%: 0.10+0.83+0.12 ms clock, 0.80+0.66/0.81/0+1.0 ms cpu, 3->3->1 MB, 4 MB goal, 0 MB stacks, 0 MB globals, 8 P
gc 78 @4.257s 0%: 0.12+0.99+0.24 ms clock, 1.0+0.70/0.70/0+1.9 ms cpu, 3->3->1 MB, 4 MB goal, 0 MB stacks, 0 MB globals, 8 P
gc 79 @4.260s 0%: 0.15+0.72+0.16 ms clock, 1.2+0.88/0.91/0+1.3 ms cpu, 3->3->1 MB, 4 MB goal, 0 MB stacks, 0 MB globals, 8 P
gc 80 @4.263s 0%: 0.12+0.81+0.055 ms clock, 0.98+0.71/0.92/0+0.44 ms cpu, 3->3->1 MB, 4 MB goal, 0 MB stacks, 0 MB globals, 8 P
gc 81 @4.265s 0%: 0.13+0.63+0.10 ms clock, 1.0+0.81/0.78/0+0.85 ms cpu, 3->3->1 MB, 4 MB goal, 0 MB stacks, 0 MB globals, 8 P
gc 82 @4.268s 0%: 0.14+0.65+0.078 ms clock, 1.1+0.82/0.80/0+0.62 ms cpu, 3->3->1 MB, 4 MB goal, 0 MB stacks, 0 MB globals, 8 P
gc 83 @4.270s 0%: 0.10+0.58+0.099 ms clock, 0.85+0.81/0.75/0+0.79 ms cpu, 3->3->1 MB, 4 MB goal, 0 MB stacks, 0 MB globals, 8 P
gc 84 @4.272s 0%: 0.089+1.2+0.067 ms clock, 0.71+0.75/0.70/0+0.54 ms cpu, 3->4->2 MB, 4 MB goal, 0 MB stacks, 0 MB globals, 8 P
gc 85 @4.276s 0%: 0.10+0.70+0.088 ms clock, 0.84+0.83/0.79/0+0.70 ms cpu, 3->4->1 MB, 4 MB goal, 0 MB stacks, 0 MB globals, 8 P
gc 86 @4.278s 0%: 0.079+0.63+0.072 ms clock, 0.63+0.72/0.93/0+0.57 ms cpu, 3->3->1 MB, 4 MB goal, 0 MB stacks, 0 MB globals, 8 P
gc 87 @4.281s 0%: 0.11+0.92+0.079 ms clock, 0.90+0.74/0.77/0+0.63 ms cpu, 3->4->1 MB, 4 MB goal, 0 MB stacks, 0 MB globals, 8 P
gc 88 @4.284s 0%: 0.14+0.66+0.096 ms clock, 1.1+0.84/0.73/0+0.77 ms cpu, 3->3->1 MB, 4 MB goal, 0 MB stacks, 0 MB globals, 8 P
gc 89 @4.286s 0%: 0.083+0.54+0.088 ms clock, 0.66+0.86/0.67/0+0.70 ms cpu, 3->3->1 MB, 4 MB goal, 0 MB stacks, 0 MB globals, 8 P
gc 90 @4.289s 0%: 0.078+0.70+0.078 ms clock, 0.62+0.68/0.82/0+0.62 ms cpu, 3->3->1 MB, 4 MB goal, 0 MB stacks, 0 MB globals, 8 P
gc 91 @4.291s 0%: 0.10+0.73+0.088 ms clock, 0.84+0.60/0.82/0+0.71 ms cpu, 3->3->1 MB, 4 MB goal, 0 MB stacks, 0 MB globals, 8 P
gc 92 @4.294s 0%: 0.12+0.60+0.085 ms clock, 0.97+0.68/0.81/0+0.68 ms cpu, 3->3->1 MB, 4 MB goal, 0 MB stacks, 0 MB globals, 8 P
gc 93 @4.296s 0%: 0.094+0.88+0.084 ms clock, 0.75+0.75/0.68/0+0.67 ms cpu, 3->3->1 MB, 4 MB goal, 0 MB stacks, 0 MB globals, 8 P
gc 94 @4.299s 0%: 0.10+0.49+0.16 ms clock, 0.87+0.74/0.69/0+1.3 ms cpu, 3->3->1 MB, 4 MB goal, 0 MB stacks, 0 MB globals, 8 P
gc 95 @4.301s 0%: 0.11+0.60+0.077 ms clock, 0.93+0.83/0.87/0+0.62 ms cpu, 3->3->1 MB, 4 MB goal, 0 MB stacks, 0 MB globals, 8 P
gc 96 @4.304s 0%: 0.10+0.66+0.094 ms clock, 0.87+0.85/0.77/0+0.75 ms cpu, 3->3->1 MB, 4 MB goal, 0 MB stacks, 0 MB globals, 8 P
gc 97 @4.306s 0%: 0.10+0.62+0.11 ms clock, 0.87+0.75/0.78/0+0.91 ms cpu, 3->3->1 MB, 4 MB goal, 0 MB stacks, 0 MB globals, 8 P
gc 98 @4.309s 0%: 0.16+0.78+0.11 ms clock, 1.3+0.77/0.85/0+0.93 ms cpu, 3->3->1 MB, 4 MB goal, 0 MB stacks, 0 MB globals, 8 P
gc 99 @4.311s 0%: 0.14+0.62+0.071 ms clock, 1.1+0.82/0.81/0+0.57 ms cpu, 3->3->1 MB, 4 MB goal, 0 MB stacks, 0 MB globals, 8 P
gc 100 @4.314s 0%: 0.13+0.95+0.069 ms clock, 1.0+1.4/0.75/0+0.55 ms cpu, 3->4->1 MB, 4 MB goal, 0 MB stacks, 0 MB globals, 8 P
gc 101 @4.316s 0%: 0.12+0.63+0.083 ms clock, 1.0+0.80/0.82/0+0.66 ms cpu, 3->3->1 MB, 4 MB goal, 0 MB stacks, 0 MB globals, 8 P
gc 102 @4.319s 0%: 0.18+0.75+0.070 ms clock, 1.4+0.85/0.82/0+0.56 ms cpu, 3->3->1 MB, 4 MB goal, 0 MB stacks, 0 MB globals, 8 P
gc 103 @4.321s 0%: 0.090+0.60+0.086 ms clock, 0.72+0.75/0.82/0+0.68 ms cpu, 3->3->1 MB, 4 MB goal, 0 MB stacks, 0 MB globals, 8 P
gc 104 @4.324s 0%: 0.12+0.68+0.078 ms clock, 0.99+0.73/0.75/0+0.62 ms cpu, 3->3->1 MB, 4 MB goal, 0 MB stacks, 0 MB globals, 8 P
gc 105 @4.326s 0%: 0.11+0.54+0.088 ms clock, 0.93+0.65/0.80/0+0.70 ms cpu, 3->3->1 MB, 4 MB goal, 0 MB stacks, 0 MB globals, 8 P
gc 106 @4.329s 0%: 0.10+0.63+0.070 ms clock, 0.87+0.56/0.80/0+0.56 ms cpu, 3->3->1 MB, 4 MB goal, 0 MB stacks, 0 MB globals, 8 P
gc 107 @4.331s 0%: 0.11+0.58+0.10 ms clock, 0.88+0.77/0.74/0+0.86 ms cpu, 3->3->1 MB, 4 MB goal, 0 MB stacks, 0 MB globals, 8 P
gc 108 @4.334s 0%: 0.089+0.73+0.071 ms clock, 0.71+0.78/0.73/0+0.56 ms cpu, 3->3->1 MB, 4 MB goal, 0 MB stacks, 0 MB globals, 8 P
gc 109 @4.336s 0%: 0.15+0.76+0.058 ms clock, 1.2+0.72/0.83/0+0.46 ms cpu, 3->3->1 MB, 4 MB goal, 0 MB stacks, 0 MB globals, 8 P
gc 110 @4.339s 0%: 0.12+0.61+0.094 ms clock, 1.0+0.87/0.86/0+0.75 ms cpu, 3->3->1 MB, 4 MB goal, 0 MB stacks, 0 MB globals, 8 P
gc 111 @4.341s 0%: 0.11+0.62+0.068 ms clock, 0.92+0.79/0.77/0+0.55 ms cpu, 3->3->1 MB, 4 MB goal, 0 MB stacks, 0 MB globals, 8 P
gc 112 @4.344s 0%: 0.14+0.51+0.095 ms clock, 1.1+0.83/0.79/0+0.76 ms cpu, 3->3->1 MB, 4 MB goal, 0 MB stacks, 0 MB globals, 8 P
gc 113 @4.346s 0%: 0.18+0.66+0.11 ms clock, 1.4+0.84/0.86/0+0.90 ms cpu, 3->3->1 MB, 4 MB goal, 0 MB stacks, 0 MB globals, 8 P
gc 114 @4.349s 0%: 0.17+0.90+0.062 ms clock, 1.4+0.66/0.83/0+0.49 ms cpu, 3->3->1 MB, 4 MB goal, 0 MB stacks, 0 MB globals, 8 P
gc 115 @4.351s 0%: 0.10+0.83+0.066 ms clock, 0.86+0.77/0.77/0+0.53 ms cpu, 3->3->1 MB, 4 MB goal, 0 MB stacks, 0 MB globals, 8 P
gc 116 @4.354s 0%: 0.11+0.63+0.071 ms clock, 0.91+0.82/0.78/0+0.57 ms cpu, 3->3->1 MB, 4 MB goal, 0 MB stacks, 0 MB globals, 8 P
gc 117 @4.357s 0%: 0.071+0.90+0.10 ms clock, 0.57+0.75/0.73/0+0.83 ms cpu, 3->4->1 MB, 4 MB goal, 0 MB stacks, 0 MB globals, 8 P
gc 118 @4.359s 0%: 0.11+0.61+0.076 ms clock, 0.92+0.84/0.82/0+0.61 ms cpu, 3->3->1 MB, 4 MB goal, 0 MB stacks, 0 MB globals, 8 P
gc 119 @4.362s 0%: 0.14+0.62+0.11 ms clock, 1.1+0.79/0.72/0+0.90 ms cpu, 3->3->1 MB, 4 MB goal, 0 MB stacks, 0 MB globals, 8 P
gc 120 @4.364s 0%: 0.10+0.57+0.094 ms clock, 0.80+0.60/0.85/0+0.75 ms cpu, 3->3->1 MB, 4 MB goal, 0 MB stacks, 0 MB globals, 8 P
gc 121 @4.367s 0%: 0.10+1.2+0.097 ms clock, 0.84+0.84/0.75/0+0.78 ms cpu, 3->4->1 MB, 4 MB goal, 0 MB stacks, 0 MB globals, 8 P
gc 122 @4.370s 0%: 0.12+0.58+0.10 ms clock, 0.97+0.95/0.68/0+0.82 ms cpu, 3->3->1 MB, 4 MB goal, 0 MB stacks, 0 MB globals, 8 P
gc 123 @4.372s 0%: 0.10+0.60+0.10 ms clock, 0.86+0.82/0.84/0+0.80 ms cpu, 3->3->1 MB, 4 MB goal, 0 MB stacks, 0 MB globals, 8 P
gc 124 @4.375s 0%: 0.11+0.98+0.15 ms clock, 0.94+0.67/0.81/0+1.2 ms cpu, 3->3->1 MB, 4 MB goal, 0 MB stacks, 0 MB globals, 8 P
gc 125 @4.377s 0%: 0.067+0.83+0.10 ms clock, 0.54+0.95/0.77/0+0.81 ms cpu, 3->4->1 MB, 4 MB goal, 0 MB stacks, 0 MB globals, 8 P
gc 126 @4.380s 0%: 0.10+0.95+0.10 ms clock, 0.81+0.58/0.83/0+0.87 ms cpu, 3->4->1 MB, 4 MB goal, 0 MB stacks, 0 MB globals, 8 P
gc 127 @4.383s 0%: 0.10+1.0+0.042 ms clock, 0.86+0.62/0.75/0+0.34 ms cpu, 3->4->1 MB, 4 MB goal, 0 MB stacks, 0 MB globals, 8 P
gc 128 @4.385s 0%: 0.10+0.94+0.058 ms clock, 0.87+0.59/0.86/0+0.46 ms cpu, 3->4->1 MB, 4 MB goal, 0 MB stacks, 0 MB globals, 8 P
gc 129 @4.388s 0%: 0.12+0.71+0.068 ms clock, 1.0+0.78/0.75/0+0.54 ms cpu, 3->3->1 MB, 4 MB goal, 0 MB stacks, 0 MB globals, 8 P
gc 130 @4.391s 0%: 0.083+0.65+0.10 ms clock, 0.66+0.71/0.84/0+0.80 ms cpu, 3->3->1 MB, 4 MB goal, 0 MB stacks, 0 MB globals, 8 P
gc 131 @4.393s 0%: 0.11+0.54+0.10 ms clock, 0.94+0.76/0.68/0+0.87 ms cpu, 3->3->1 MB, 4 MB goal, 0 MB stacks, 0 MB globals, 8 P
gc 132 @4.396s 0%: 0.11+0.70+0.095 ms clock, 0.91+0.73/0.80/0+0.76 ms cpu, 3->3->1 MB, 4 MB goal, 0 MB stacks, 0 MB globals, 8 P
gc 133 @4.398s 0%: 0.088+0.69+0.099 ms clock, 0.70+0.76/0.75/0+0.79 ms cpu, 3->3->1 MB, 4 MB goal, 0 MB stacks, 0 MB globals, 8 P
gc 134 @4.401s 0%: 0.13+0.50+0.13 ms clock, 1.0+0.68/0.69/0+1.0 ms cpu, 3->3->1 MB, 4 MB goal, 0 MB stacks, 0 MB globals, 8 P
gc 135 @4.403s 0%: 0.11+0.61+0.071 ms clock, 0.89+0.82/0.69/0+0.57 ms cpu, 3->3->1 MB, 4 MB goal, 0 MB stacks, 0 MB globals, 8 P
gc 136 @4.406s 0%: 0.097+0.90+0.091 ms clock, 0.77+0.76/0.81/0+0.73 ms cpu, 3->3->1 MB, 4 MB goal, 0 MB stacks, 0 MB globals, 8 P
gc 137 @4.408s 0%: 0.11+0.61+0.10 ms clock, 0.89+0.69/0.79/0+0.80 ms cpu, 3->3->1 MB, 4 MB goal, 0 MB stacks, 0 MB globals, 8 P
gc 138 @4.411s 0%: 0.10+0.73+0.067 ms clock, 0.81+0.74/0.87/0+0.53 ms cpu, 3->3->1 MB, 4 MB goal, 0 MB stacks, 0 MB globals, 8 P
gc 139 @4.413s 0%: 0.10+1.0+0.060 ms clock, 0.85+0.58/0.83/0+0.48 ms cpu, 3->4->1 MB, 4 MB goal, 0 MB stacks, 0 MB globals, 8 P
gc 140 @4.416s 0%: 0.14+0.59+0.069 ms clock, 1.1+0.65/0.80/0+0.55 ms cpu, 3->3->1 MB, 4 MB goal, 0 MB stacks, 0 MB globals, 8 P
gc 141 @4.419s 1%: 0.12+0.63+0.10 ms clock, 0.99+0.89/0.74/0+0.81 ms cpu, 3->3->1 MB, 4 MB goal, 0 MB stacks, 0 MB globals, 8 P
gc 142 @4.421s 1%: 0.099+0.59+0.11 ms clock, 0.79+0.63/0.78/0+0.88 ms cpu, 3->3->1 MB, 4 MB goal, 0 MB stacks, 0 MB globals, 8 P
gc 143 @4.424s 1%: 0.11+0.80+0.048 ms clock, 0.88+0.86/0.68/0+0.39 ms cpu, 3->3->1 MB, 4 MB goal, 0 MB stacks, 0 MB globals, 8 P
gc 144 @4.426s 1%: 0.13+0.53+0.10 ms clock, 1.0+0.87/0.76/0+0.85 ms cpu, 3->3->1 MB, 4 MB goal, 0 MB stacks, 0 MB globals, 8 P
gc 145 @4.429s 1%: 0.091+0.62+0.071 ms clock, 0.73+0.91/0.53/0+0.57 ms cpu, 3->3->1 MB, 4 MB goal, 0 MB stacks, 0 MB globals, 8 P
gc 146 @4.431s 1%: 0.082+0.61+0.11 ms clock, 0.65+0.80/0.73/0+0.90 ms cpu, 3->3->1 MB, 4 MB goal, 0 MB stacks, 0 MB globals, 8 P
gc 147 @4.434s 1%: 0.091+0.93+0.14 ms clock, 0.72+0.85/0.71/0+1.1 ms cpu, 3->3->1 MB, 4 MB goal, 0 MB stacks, 0 MB globals, 8 P
gc 148 @4.436s 1%: 0.12+0.59+0.10 ms clock, 0.96+0.76/0.79/0+0.86 ms cpu, 3->3->1 MB, 4 MB goal, 0 MB stacks, 0 MB globals, 8 P
gc 149 @4.439s 1%: 0.12+0.72+0.13 ms clock, 0.96+0.73/0.80/0+1.0 ms cpu, 3->3->1 MB, 4 MB goal, 0 MB stacks, 0 MB globals, 8 P
gc 150 @4.441s 1%: 0.099+0.51+0.078 ms clock, 0.79+0.73/0.72/0+0.63 ms cpu, 3->3->1 MB, 4 MB goal, 0 MB stacks, 0 MB globals, 8 P
gc 151 @4.444s 1%: 0.098+1.2+0.11 ms clock, 0.79+0.66/0.87/0+0.89 ms cpu, 3->4->2 MB, 4 MB goal, 0 MB stacks, 0 MB globals, 8 P
gc 152 @4.447s 1%: 0.16+0.71+0.095 ms clock, 1.2+0.71/0.82/0+0.76 ms cpu, 3->4->1 MB, 4 MB goal, 0 MB stacks, 0 MB globals, 8 P
gc 153 @4.450s 1%: 0.094+0.73+0.14 ms clock, 0.75+0.81/0.77/0+1.1 ms cpu, 3->3->1 MB, 4 MB goal, 0 MB stacks, 0 MB globals, 8 P
gc 154 @4.452s 1%: 0.13+0.68+0.10 ms clock, 1.0+0.81/0.85/0+0.83 ms cpu, 3->3->1 MB, 4 MB goal, 0 MB stacks, 0 MB globals, 8 P
gc 155 @4.455s 1%: 0.11+0.67+0.12 ms clock, 0.92+0.73/0.83/0+1.0 ms cpu, 3->3->1 MB, 4 MB goal, 0 MB stacks, 0 MB globals, 8 P
gc 156 @4.457s 1%: 0.10+0.55+0.089 ms clock, 0.87+0.77/0.80/0+0.71 ms cpu, 3->3->1 MB, 4 MB goal, 0 MB stacks, 0 MB globals, 8 P
gc 157 @4.460s 1%: 0.11+0.62+0.11 ms clock, 0.95+1.0/0.81/0+0.91 ms cpu, 3->3->1 MB, 4 MB goal, 0 MB stacks, 0 MB globals, 8 P
gc 158 @4.462s 1%: 0.17+0.57+0.067 ms clock, 1.4+0.72/0.76/0+0.53 ms cpu, 3->3->1 MB, 4 MB goal, 0 MB stacks, 0 MB globals, 8 P
gc 159 @4.465s 1%: 0.12+1.3+0.063 ms clock, 1.0+0.76/0.82/0+0.50 ms cpu, 3->4->2 MB, 4 MB goal, 0 MB stacks, 0 MB globals, 8 P
gc 160 @4.468s 1%: 0.20+0.92+0.071 ms clock, 1.6+0.63/0.81/0+0.57 ms cpu, 3->4->1 MB, 4 MB goal, 0 MB stacks, 0 MB globals, 8 P
gc 161 @4.471s 1%: 0.10+0.59+0.082 ms clock, 0.85+0.67/0.87/0+0.65 ms cpu, 3->3->1 MB, 4 MB goal, 0 MB stacks, 0 MB globals, 8 P
gc 162 @4.474s 1%: 0.12+0.63+0.066 ms clock, 0.97+0.70/0.78/0+0.52 ms cpu, 3->3->1 MB, 4 MB goal, 0 MB stacks, 0 MB globals, 8 P
gc 163 @4.476s 1%: 0.11+0.66+0.10 ms clock, 0.94+0.72/0.79/0+0.81 ms cpu, 3->3->1 MB, 4 MB goal, 0 MB stacks, 0 MB globals, 8 P
gc 164 @4.479s 1%: 0.14+0.92+0.041 ms clock, 1.1+0.75/0.72/0+0.33 ms cpu, 3->3->1 MB, 4 MB goal, 0 MB stacks, 0 MB globals, 8 P
gc 165 @4.481s 1%: 0.073+0.60+0.091 ms clock, 0.58+0.85/0.75/0+0.72 ms cpu, 3->3->1 MB, 4 MB goal, 0 MB stacks, 0 MB globals, 8 P
gc 166 @4.484s 1%: 0.11+1.0+0.047 ms clock, 0.94+0.66/0.84/0+0.37 ms cpu, 3->3->1 MB, 4 MB goal, 0 MB stacks, 0 MB globals, 8 P
gc 167 @4.486s 1%: 0.10+0.61+0.14 ms clock, 0.85+0.73/0.74/0+1.1 ms cpu, 3->3->1 MB, 4 MB goal, 0 MB stacks, 0 MB globals, 8 P
gc 168 @4.489s 1%: 0.12+1.0+0.11 ms clock, 0.99+0.64/0.73/0+0.88 ms cpu, 3->4->1 MB, 4 MB goal, 0 MB stacks, 0 MB globals, 8 P
gc 169 @4.492s 1%: 0.14+0.75+0.13 ms clock, 1.1+0.75/0.81/0+1.1 ms cpu, 3->4->1 MB, 4 MB goal, 0 MB stacks, 0 MB globals, 8 P
gc 170 @4.494s 1%: 0.15+0.63+0.094 ms clock, 1.2+0.79/0.79/0+0.75 ms cpu, 3->3->1 MB, 4 MB goal, 0 MB stacks, 0 MB globals, 8 P
gc 171 @4.497s 1%: 0.11+0.67+0.049 ms clock, 0.88+0.76/0.86/0+0.39 ms cpu, 3->3->1 MB, 4 MB goal, 0 MB stacks, 0 MB globals, 8 P
gc 172 @4.499s 1%: 0.10+1.1+0.060 ms clock, 0.81+0.54/0.81/0+0.48 ms cpu, 3->4->1 MB, 4 MB goal, 0 MB stacks, 0 MB globals, 8 P
gc 173 @4.502s 1%: 0.10+0.61+0.11 ms clock, 0.85+0.64/0.82/0+0.91 ms cpu, 3->3->1 MB, 4 MB goal, 0 MB stacks, 0 MB globals, 8 P
gc 174 @4.504s 1%: 0.17+0.59+0.060 ms clock, 1.4+0.72/0.84/0+0.48 ms cpu, 3->3->1 MB, 4 MB goal, 0 MB stacks, 0 MB globals, 8 P
gc 175 @4.507s 1%: 0.097+0.60+0.097 ms clock, 0.77+0.74/0.78/0+0.78 ms cpu, 3->3->1 MB, 4 MB goal, 0 MB stacks, 0 MB globals, 8 P
gc 176 @4.509s 1%: 0.12+0.60+0.13 ms clock, 1.0+0.81/0.71/0+1.0 ms cpu, 3->3->1 MB, 4 MB goal, 0 MB stacks, 0 MB globals, 8 P
gc 177 @4.512s 1%: 0.11+1.1+0.075 ms clock, 0.90+0.65/0.79/0+0.60 ms cpu, 3->4->1 MB, 4 MB goal, 0 MB stacks, 0 MB globals, 8 P
gc 178 @4.515s 1%: 0.12+1.3+0.10 ms clock, 0.97+0.63/0.72/0+0.84 ms cpu, 3->4->2 MB, 4 MB goal, 0 MB stacks, 0 MB globals, 8 P
gc 179 @4.518s 1%: 0.073+0.56+0.12 ms clock, 0.58+0.73/0.86/0+1.0 ms cpu, 3->4->1 MB, 4 MB goal, 0 MB stacks, 0 MB globals, 8 P
gc 180 @4.520s 1%: 0.090+0.64+0.099 ms clock, 0.72+0.77/0.71/0+0.79 ms cpu, 3->3->1 MB, 4 MB goal, 0 MB stacks, 0 MB globals, 8 P
gc 181 @4.523s 1%: 0.083+0.77+0.16 ms clock, 0.66+0.86/0.84/0+1.3 ms cpu, 3->3->1 MB, 4 MB goal, 0 MB stacks, 0 MB globals, 8 P
gc 182 @4.525s 1%: 0.072+0.56+0.13 ms clock, 0.58+0.81/0.78/0+1.0 ms cpu, 3->3->1 MB, 4 MB goal, 0 MB stacks, 0 MB globals, 8 P
gc 183 @4.528s 1%: 0.12+0.59+0.10 ms clock, 0.96+0.79/0.82/0+0.80 ms cpu, 3->3->1 MB, 4 MB goal, 0 MB stacks, 0 MB globals, 8 P
gc 184 @4.530s 1%: 0.13+0.60+0.12 ms clock, 1.0+0.78/0.78/0+1.0 ms cpu, 3->3->1 MB, 4 MB goal, 0 MB stacks, 0 MB globals, 8 P
gc 185 @4.533s 1%: 0.11+0.99+0.095 ms clock, 0.92+0.61/0.83/0+0.76 ms cpu, 3->4->1 MB, 4 MB goal, 0 MB stacks, 0 MB globals, 8 P
gc 186 @4.536s 1%: 0.11+0.56+0.087 ms clock, 0.93+1.0/0.66/0+0.70 ms cpu, 3->3->1 MB, 4 MB goal, 0 MB stacks, 0 MB globals, 8 P
gc 187 @4.538s 1%: 0.11+0.83+0.096 ms clock, 0.92+0.66/0.89/0+0.77 ms cpu, 3->3->1 MB, 4 MB goal, 0 MB stacks, 0 MB globals, 8 P
gc 188 @4.541s 1%: 0.11+0.95+0.10 ms clock, 0.90+0.80/0.78/0+0.86 ms cpu, 3->4->1 MB, 4 MB goal, 0 MB stacks, 0 MB globals, 8 P
gc 189 @4.544s 1%: 0.13+0.79+0.10 ms clock, 1.0+0.75/0.78/0+0.83 ms cpu, 3->3->1 MB, 4 MB goal, 0 MB stacks, 0 MB globals, 8 P
gc 190 @4.546s 1%: 0.084+0.53+0.052 ms clock, 0.67+0.76/0.74/0+0.41 ms cpu, 3->3->1 MB, 4 MB goal, 0 MB stacks, 0 MB globals, 8 P
gc 191 @4.549s 1%: 0.10+0.65+0.087 ms clock, 0.80+0.64/0.87/0+0.70 ms cpu, 3->3->1 MB, 4 MB goal, 0 MB stacks, 0 MB globals, 8 P
gc 192 @4.551s 1%: 0.10+0.93+0.13 ms clock, 0.80+0.76/0.83/0+1.1 ms cpu, 3->3->1 MB, 4 MB goal, 0 MB stacks, 0 MB globals, 8 P
gc 193 @4.554s 1%: 0.075+0.55+0.076 ms clock, 0.60+0.72/0.81/0+0.61 ms cpu, 3->3->1 MB, 4 MB goal, 0 MB stacks, 0 MB globals, 8 P
gc 194 @4.556s 1%: 0.14+1.0+0.083 ms clock, 1.1+0.57/0.94/0+0.66 ms cpu, 3->3->1 MB, 4 MB goal, 0 MB stacks, 0 MB globals, 8 P
gc 195 @4.559s 1%: 0.10+0.59+0.10 ms clock, 0.80+0.82/0.70/0+0.85 ms cpu, 3->3->1 MB, 4 MB goal, 0 MB stacks, 0 MB globals, 8 P
gc 196 @4.562s 1%: 0.10+0.53+0.093 ms clock, 0.80+0.82/0.64/0+0.75 ms cpu, 3->3->1 MB, 4 MB goal, 0 MB stacks, 0 MB globals, 8 P
gc 197 @4.564s 1%: 0.16+0.57+0.094 ms clock, 1.2+0.72/0.81/0+0.75 ms cpu, 3->3->1 MB, 4 MB goal, 0 MB stacks, 0 MB globals, 8 P
gc 198 @4.567s 1%: 0.13+0.58+0.10 ms clock, 1.1+0.80/0.78/0+0.85 ms cpu, 3->3->1 MB, 4 MB goal, 0 MB stacks, 0 MB globals, 8 P
gc 199 @4.569s 1%: 0.11+0.65+0.087 ms clock, 0.93+0.76/0.77/0+0.69 ms cpu, 3->3->1 MB, 4 MB goal, 0 MB stacks, 0 MB globals, 8 P
gc 200 @4.572s 1%: 0.13+0.88+0.082 ms clock, 1.0+0.79/0.79/0+0.66 ms cpu, 3->3->1 MB, 4 MB goal, 0 MB stacks, 0 MB globals, 8 P
gc 201 @4.574s 1%: 0.13+1.3+0.10 ms clock, 1.0+0.75/0.70/0+0.86 ms cpu, 3->4->2 MB, 4 MB goal, 0 MB stacks, 0 MB globals, 8 P
gc 202 @4.577s 1%: 0.074+0.63+0.10 ms clock, 0.59+0.81/0.86/0+0.80 ms cpu, 3->4->1 MB, 4 MB goal, 0 MB stacks, 0 MB globals, 8 P
gc 203 @4.580s 1%: 0.21+0.92+0.093 ms clock, 1.7+0.67/0.83/0+0.75 ms cpu, 3->4->1 MB, 4 MB goal, 0 MB stacks, 0 MB globals, 8 P
gc 204 @4.583s 1%: 0.17+0.64+0.077 ms clock, 1.4+0.77/0.74/0+0.62 ms cpu, 3->3->1 MB, 4 MB goal, 0 MB stacks, 0 MB globals, 8 P
gc 205 @4.585s 1%: 0.098+1.3+0.10 ms clock, 0.78+0.69/0.89/0+0.82 ms cpu, 3->4->2 MB, 4 MB goal, 0 MB stacks, 0 MB globals, 8 P
gc 206 @4.588s 1%: 0.19+0.63+0.077 ms clock, 1.5+0.72/0.84/0+0.62 ms cpu, 3->4->1 MB, 4 MB goal, 0 MB stacks, 0 MB globals, 8 P
gc 207 @4.591s 1%: 0.090+0.58+0.092 ms clock, 0.72+0.70/0.80/0+0.73 ms cpu, 3->3->1 MB, 4 MB goal, 0 MB stacks, 0 MB globals, 8 P
gc 208 @4.593s 1%: 0.082+2.6+0.094 ms clock, 0.66+0.77/0.72/0+0.75 ms cpu, 3->4->2 MB, 4 MB goal, 0 MB stacks, 0 MB globals, 8 P
gc 209 @4.597s 1%: 0.10+0.91+0.073 ms clock, 0.80+0.79/0.75/0+0.58 ms cpu, 4->4->1 MB, 5 MB goal, 0 MB stacks, 0 MB globals, 8 P
gc 210 @4.600s 1%: 0.18+0.68+0.10 ms clock, 1.5+0.66/0.83/0+0.87 ms cpu, 3->3->1 MB, 4 MB goal, 0 MB stacks, 0 MB globals, 8 P
gc 211 @4.602s 1%: 0.11+0.59+0.14 ms clock, 0.90+0.69/0.81/0+1.1 ms cpu, 3->3->1 MB, 4 MB goal, 0 MB stacks, 0 MB globals, 8 P
gc 212 @4.605s 1%: 0.15+0.84+0.12 ms clock, 1.2+1.2/0.86/0+1.0 ms cpu, 3->3->1 MB, 4 MB goal, 0 MB stacks, 0 MB globals, 8 P
gc 213 @4.607s 1%: 0.17+0.85+0.098 ms clock, 1.4+0.68/0.92/0+0.78 ms cpu, 3->3->1 MB, 4 MB goal, 0 MB stacks, 0 MB globals, 8 P
gc 214 @4.610s 1%: 0.067+0.52+0.060 ms clock, 0.54+0.81/0.67/0+0.48 ms cpu, 3->3->1 MB, 4 MB goal, 0 MB stacks, 0 MB globals, 8 P
gc 215 @4.613s 1%: 0.15+0.72+0.12 ms clock, 1.2+0.51/0.82/0+0.97 ms cpu, 3->3->1 MB, 4 MB goal, 0 MB stacks, 0 MB globals, 8 P
gc 216 @4.615s 1%: 0.11+1.1+0.085 ms clock, 0.92+0.48/0.88/0+0.68 ms cpu, 3->4->1 MB, 4 MB goal, 0 MB stacks, 0 MB globals, 8 P
gc 217 @4.618s 1%: 0.091+1.1+0.091 ms clock, 0.73+0.63/0.84/0+0.73 ms cpu, 3->4->1 MB, 4 MB goal, 0 MB stacks, 0 MB globals, 8 P
gc 218 @4.620s 1%: 0.097+0.66+0.075 ms clock, 0.78+0.83/0.84/0+0.60 ms cpu, 3->3->1 MB, 4 MB goal, 0 MB stacks, 0 MB globals, 8 P
gc 219 @4.623s 1%: 0.11+0.58+0.10 ms clock, 0.90+0.83/0.70/0+0.81 ms cpu, 3->3->1 MB, 4 MB goal, 0 MB stacks, 0 MB globals, 8 P
gc 220 @4.625s 1%: 0.13+0.91+0.058 ms clock, 1.0+0.68/0.77/0+0.47 ms cpu, 3->4->1 MB, 4 MB goal, 0 MB stacks, 0 MB globals, 8 P
gc 221 @4.628s 1%: 0.090+0.64+0.10 ms clock, 0.72+0.76/0.81/0+0.82 ms cpu, 3->3->1 MB, 4 MB goal, 0 MB stacks, 0 MB globals, 8 P
gc 222 @4.631s 1%: 0.086+0.82+0.11 ms clock, 0.69+0.74/0.77/0+0.88 ms cpu, 3->3->1 MB, 4 MB goal, 0 MB stacks, 0 MB globals, 8 P
gc 223 @4.633s 1%: 0.13+0.59+0.12 ms clock, 1.1+0.89/0.73/0+0.97 ms cpu, 3->3->1 MB, 4 MB goal, 0 MB stacks, 0 MB globals, 8 P
gc 224 @4.636s 1%: 0.10+0.56+0.14 ms clock, 0.87+0.92/0.72/0+1.1 ms cpu, 3->3->1 MB, 4 MB goal, 0 MB stacks, 0 MB globals, 8 P
gc 225 @4.638s 1%: 0.12+0.57+0.10 ms clock, 0.96+0.83/0.81/0+0.83 ms cpu, 3->3->1 MB, 4 MB goal, 0 MB stacks, 0 MB globals, 8 P
gc 226 @4.641s 1%: 0.099+0.84+0.046 ms clock, 0.79+0.71/0.83/0+0.37 ms cpu, 3->3->1 MB, 4 MB goal, 0 MB stacks, 0 MB globals, 8 P
gc 227 @4.644s 1%: 0.14+1.3+0.044 ms clock, 1.1+0.66/0.88/0+0.35 ms cpu, 3->4->2 MB, 4 MB goal, 0 MB stacks, 0 MB globals, 8 P
gc 228 @4.647s 1%: 0.12+1.8+0.40 ms clock, 0.96+0.96/0.81/0+3.2 ms cpu, 4->5->2 MB, 5 MB goal, 0 MB stacks, 0 MB globals, 8 P
gc 229 @4.651s 1%: 0.078+0.61+0.14 ms clock, 0.62+0.68/0.92/0+1.1 ms cpu, 3->4->1 MB, 4 MB goal, 0 MB stacks, 0 MB globals, 8 P
gc 230 @4.653s 1%: 0.18+0.66+0.10 ms clock, 1.4+0.71/0.81/0+0.84 ms cpu, 3->3->1 MB, 4 MB goal, 0 MB stacks, 0 MB globals, 8 P
gc 231 @4.655s 1%: 0.13+0.67+0.086 ms clock, 1.0+0.91/0.91/0+0.69 ms cpu, 3->3->1 MB, 4 MB goal, 0 MB stacks, 0 MB globals, 8 P
gc 232 @4.658s 1%: 0.10+0.77+0.076 ms clock, 0.84+0.81/0.74/0+0.61 ms cpu, 3->3->1 MB, 4 MB goal, 0 MB stacks, 0 MB globals, 8 P
gc 233 @4.661s 1%: 0.11+0.53+0.065 ms clock, 0.90+0.87/0.69/0+0.52 ms cpu, 3->3->1 MB, 4 MB goal, 0 MB stacks, 0 MB globals, 8 P
gc 234 @4.663s 1%: 0.11+0.88+0.066 ms clock, 0.94+0.69/0.90/0+0.53 ms cpu, 3->3->1 MB, 4 MB goal, 0 MB stacks, 0 MB globals, 8 P
gc 235 @4.666s 1%: 0.11+0.66+0.13 ms clock, 0.91+0.75/0.77/0+1.0 ms cpu, 3->3->1 MB, 4 MB goal, 0 MB stacks, 0 MB globals, 8 P
gc 236 @4.668s 1%: 0.094+0.64+0.10 ms clock, 0.75+0.75/0.74/0+0.83 ms cpu, 3->3->1 MB, 4 MB goal, 0 MB stacks, 0 MB globals, 8 P
gc 237 @4.670s 1%: 0.14+0.57+0.079 ms clock, 1.1+0.77/0.78/0+0.63 ms cpu, 3->3->1 MB, 4 MB goal, 0 MB stacks, 0 MB globals, 8 P
gc 238 @4.673s 1%: 0.13+1.1+0.058 ms clock, 1.0+0.57/0.77/0+0.46 ms cpu, 3->4->1 MB, 4 MB goal, 0 MB stacks, 0 MB globals, 8 P
gc 239 @4.676s 1%: 0.11+0.62+0.14 ms clock, 0.90+0.68/0.91/0+1.1 ms cpu, 3->3->1 MB, 4 MB goal, 0 MB stacks, 0 MB globals, 8 P
gc 240 @4.678s 1%: 0.13+0.63+0.11 ms clock, 1.1+0.79/0.86/0+0.91 ms cpu, 3->3->1 MB, 4 MB goal, 0 MB stacks, 0 MB globals, 8 P
gc 241 @4.681s 1%: 0.10+0.53+0.078 ms clock, 0.80+0.78/0.77/0+0.62 ms cpu, 3->3->1 MB, 4 MB goal, 0 MB stacks, 0 MB globals, 8 P
gc 242 @4.683s 1%: 0.10+0.95+0.10 ms clock, 0.83+0.59/0.78/0+0.86 ms cpu, 3->3->1 MB, 4 MB goal, 0 MB stacks, 0 MB globals, 8 P
gc 243 @4.686s 1%: 0.12+0.81+0.090 ms clock, 1.0+0.98/0.68/0+0.72 ms cpu, 3->4->1 MB, 4 MB goal, 0 MB stacks, 0 MB globals, 8 P
gc 244 @4.689s 1%: 0.085+0.66+0.087 ms clock, 0.68+0.77/0.70/0+0.69 ms cpu, 3->3->1 MB, 4 MB goal, 0 MB stacks, 0 MB globals, 8 P
gc 245 @4.691s 1%: 0.084+0.46+0.087 ms clock, 0.67+0.73/0.69/0+0.70 ms cpu, 3->3->1 MB, 4 MB goal, 0 MB stacks, 0 MB globals, 8 P
gc 246 @4.694s 1%: 0.10+0.56+0.061 ms clock, 0.85+0.79/0.66/0+0.49 ms cpu, 3->3->1 MB, 4 MB goal, 0 MB stacks, 0 MB globals, 8 P
gc 247 @4.696s 1%: 0.10+0.55+0.073 ms clock, 0.83+0.84/0.75/0+0.58 ms cpu, 3->3->1 MB, 4 MB goal, 0 MB stacks, 0 MB globals, 8 P
gc 248 @4.698s 1%: 0.10+0.55+0.047 ms clock, 0.84+0.77/0.69/0+0.38 ms cpu, 3->3->1 MB, 4 MB goal, 0 MB stacks, 0 MB globals, 8 P
gc 249 @4.701s 1%: 0.10+0.57+0.050 ms clock, 0.80+0.84/0.72/0+0.40 ms cpu, 3->3->1 MB, 4 MB goal, 0 MB stacks, 0 MB globals, 8 P
gc 250 @4.703s 1%: 0.14+0.45+0.079 ms clock, 1.1+0.78/0.61/0+0.63 ms cpu, 3->3->1 MB, 4 MB goal, 0 MB stacks, 0 MB globals, 8 P
gc 251 @4.706s 1%: 0.11+0.67+0.092 ms clock, 0.89+0.68/0.83/0+0.73 ms cpu, 3->3->1 MB, 4 MB goal, 0 MB stacks, 0 MB globals, 8 P
gc 252 @4.708s 1%: 0.11+0.81+0.083 ms clock, 0.88+0.94/0.64/0+0.66 ms cpu, 3->3->1 MB, 4 MB goal, 0 MB stacks, 0 MB globals, 8 P
gc 253 @4.711s 1%: 0.084+0.48+0.11 ms clock, 0.67+0.81/0.68/0.040+0.90 ms cpu, 3->3->1 MB, 4 MB goal, 0 MB stacks, 0 MB globals, 8 P
gc 254 @4.713s 1%: 0.13+0.61+0.058 ms clock, 1.0+0.50/0.85/0+0.47 ms cpu, 3->3->1 MB, 4 MB goal, 0 MB stacks, 0 MB globals, 8 P
gc 255 @4.716s 1%: 0.13+0.66+0.096 ms clock, 1.1+0.88/0.77/0+0.77 ms cpu, 3->3->1 MB, 4 MB goal, 0 MB stacks, 0 MB globals, 8 P
gc 256 @4.718s 1%: 0.089+0.61+0.082 ms clock, 0.71+0.83/0.71/0+0.66 ms cpu, 3->3->1 MB, 4 MB goal, 0 MB stacks, 0 MB globals, 8 P
gc 257 @4.721s 1%: 0.14+0.70+0.085 ms clock, 1.1+0.79/0.81/0+0.68 ms cpu, 3->3->1 MB, 4 MB goal, 0 MB stacks, 0 MB globals, 8 P
gc 258 @4.723s 1%: 0.096+1.0+0.10 ms clock, 0.77+0.71/0.76/0+0.86 ms cpu, 3->4->1 MB, 4 MB goal, 0 MB stacks, 0 MB globals, 8 P
gc 259 @4.726s 1%: 0.13+0.78+0.082 ms clock, 1.0+0.53/0.74/0+0.65 ms cpu, 3->4->1 MB, 4 MB goal, 0 MB stacks, 0 MB globals, 8 P
gc 260 @4.728s 1%: 0.10+0.54+0.10 ms clock, 0.86+0.83/0.75/0+0.80 ms cpu, 3->3->1 MB, 4 MB goal, 0 MB stacks, 0 MB globals, 8 P
gc 261 @4.731s 1%: 0.10+0.53+0.088 ms clock, 0.83+0.74/0.73/0+0.70 ms cpu, 3->3->1 MB, 4 MB goal, 0 MB stacks, 0 MB globals, 8 P
gc 262 @4.733s 1%: 0.14+0.97+0.12 ms clock, 1.1+0.71/0.81/0+1.0 ms cpu, 3->4->1 MB, 4 MB goal, 0 MB stacks, 0 MB globals, 8 P
gc 263 @4.736s 1%: 0.12+0.66+0.12 ms clock, 0.97+0.90/0.76/0+1.0 ms cpu, 3->4->1 MB, 4 MB goal, 0 MB stacks, 0 MB globals, 8 P
gc 264 @4.739s 1%: 0.080+0.60+0.072 ms clock, 0.64+0.73/0.87/0+0.58 ms cpu, 3->3->1 MB, 4 MB goal, 0 MB stacks, 0 MB globals, 8 P
gc 265 @4.741s 1%: 0.10+0.62+0.066 ms clock, 0.80+0.84/0.75/0+0.53 ms cpu, 3->3->1 MB, 4 MB goal, 0 MB stacks, 0 MB globals, 8 P
gc 266 @4.744s 1%: 0.11+0.71+0.11 ms clock, 0.93+0.81/0.92/0+0.92 ms cpu, 3->3->1 MB, 4 MB goal, 0 MB stacks, 0 MB globals, 8 P
gc 267 @4.746s 1%: 0.14+0.80+0.11 ms clock, 1.1+0.62/0.84/0+0.91 ms cpu, 3->3->1 MB, 4 MB goal, 0 MB stacks, 0 MB globals, 8 P
gc 268 @4.749s 1%: 0.11+0.79+0.12 ms clock, 0.90+0.73/0.79/0+0.96 ms cpu, 3->3->1 MB, 4 MB goal, 0 MB stacks, 0 MB globals, 8 P
gc 269 @4.751s 1%: 0.099+0.59+0.10 ms clock, 0.79+0.86/0.83/0+0.84 ms cpu, 3->3->1 MB, 4 MB goal, 0 MB stacks, 0 MB globals, 8 P
gc 270 @4.754s 1%: 0.089+0.72+0.10 ms clock, 0.71+0.74/0.66/0+0.82 ms cpu, 3->3->1 MB, 4 MB goal, 0 MB stacks, 0 MB globals, 8 P
gc 271 @4.756s 1%: 0.15+0.72+0.083 ms clock, 1.2+0.65/0.73/0+0.67 ms cpu, 3->3->1 MB, 4 MB goal, 0 MB stacks, 0 MB globals, 8 P
gc 272 @4.759s 1%: 0.17+0.68+0.11 ms clock, 1.3+0.79/0.81/0+0.91 ms cpu, 3->3->1 MB, 4 MB goal, 0 MB stacks, 0 MB globals, 8 P
gc 273 @4.762s 1%: 0.10+0.98+0.096 ms clock, 0.81+0.81/0.76/0+0.77 ms cpu, 3->4->1 MB, 4 MB goal, 0 MB stacks, 0 MB globals, 8 P
gc 274 @4.764s 1%: 0.13+0.60+0.093 ms clock, 1.0+0.76/0.79/0+0.74 ms cpu, 3->3->1 MB, 4 MB goal, 0 MB stacks, 0 MB globals, 8 P
gc 275 @4.767s 1%: 0.11+0.66+0.097 ms clock, 0.88+0.75/0.85/0+0.78 ms cpu, 3->3->1 MB, 4 MB goal, 0 MB stacks, 0 MB globals, 8 P
gc 276 @4.769s 1%: 0.093+0.69+0.086 ms clock, 0.74+0.79/0.66/0+0.69 ms cpu, 3->3->1 MB, 4 MB goal, 0 MB stacks, 0 MB globals, 8 P
gc 277 @4.772s 1%: 0.19+0.60+0.095 ms clock, 1.5+0.79/0.81/0+0.76 ms cpu, 3->3->1 MB, 4 MB goal, 0 MB stacks, 0 MB globals, 8 P
gc 278 @4.774s 1%: 0.11+0.64+0.093 ms clock, 0.91+0.84/0.76/0+0.74 ms cpu, 3->3->1 MB, 4 MB goal, 0 MB stacks, 0 MB globals, 8 P
gc 279 @4.777s 1%: 0.095+0.72+0.091 ms clock, 0.76+0.56/0.82/0+0.73 ms cpu, 3->3->1 MB, 4 MB goal, 0 MB stacks, 0 MB globals, 8 P
gc 280 @4.780s 1%: 0.16+0.67+0.090 ms clock, 1.3+0.87/0.70/0+0.72 ms cpu, 3->3->1 MB, 4 MB goal, 0 MB stacks, 0 MB globals, 8 P
gc 281 @4.782s 1%: 0.13+0.93+0.10 ms clock, 1.0+0.65/0.71/0+0.83 ms cpu, 3->3->1 MB, 4 MB goal, 0 MB stacks, 0 MB globals, 8 P
gc 282 @4.785s 1%: 0.16+1.0+0.069 ms clock, 1.3+0.56/0.80/0+0.55 ms cpu, 3->4->1 MB, 4 MB goal, 0 MB stacks, 0 MB globals, 8 P
gc 283 @4.788s 1%: 0.096+0.90+0.090 ms clock, 0.77+0.77/0.88/0+0.72 ms cpu, 3->4->1 MB, 4 MB goal, 0 MB stacks, 0 MB globals, 8 P
gc 284 @4.790s 1%: 0.082+0.89+0.11 ms clock, 0.65+0.77/0.71/0.089+0.88 ms cpu, 3->3->1 MB, 4 MB goal, 0 MB stacks, 0 MB globals, 8 P
gc 285 @4.793s 1%: 0.12+0.82+0.071 ms clock, 0.98+0.63/0.77/0+0.57 ms cpu, 3->3->1 MB, 4 MB goal, 0 MB stacks, 0 MB globals, 8 P
gc 286 @4.795s 1%: 0.11+1.1+0.057 ms clock, 0.92+0.77/0.82/0+0.45 ms cpu, 3->4->2 MB, 4 MB goal, 0 MB stacks, 0 MB globals, 8 P
gc 287 @4.799s 1%: 0.13+0.83+0.078 ms clock, 1.0+0.79/0.80/0+0.62 ms cpu, 3->4->1 MB, 4 MB goal, 0 MB stacks, 0 MB globals, 8 P
gc 288 @4.801s 1%: 0.10+0.52+0.10 ms clock, 0.86+0.67/0.76/0+0.84 ms cpu, 3->3->1 MB, 4 MB goal, 0 MB stacks, 0 MB globals, 8 P
gc 289 @4.804s 1%: 0.15+0.73+0.12 ms clock, 1.2+0.84/0.74/0+0.96 ms cpu, 3->3->1 MB, 4 MB goal, 0 MB stacks, 0 MB globals, 8 P
gc 290 @4.806s 1%: 0.11+0.63+0.085 ms clock, 0.92+0.77/0.81/0+0.68 ms cpu, 3->3->1 MB, 4 MB goal, 0 MB stacks, 0 MB globals, 8 P
gc 291 @4.809s 1%: 0.16+0.96+0.075 ms clock, 1.3+0.75/0.78/0+0.60 ms cpu, 3->4->1 MB, 4 MB goal, 0 MB stacks, 0 MB globals, 8 P
gc 292 @4.812s 1%: 0.093+0.77+0.064 ms clock, 0.74+0.80/0.87/0+0.51 ms cpu, 3->4->1 MB, 4 MB goal, 0 MB stacks, 0 MB globals, 8 P
gc 293 @4.814s 1%: 0.082+0.71+0.12 ms clock, 0.66+0.65/0.95/0+1.0 ms cpu, 3->3->1 MB, 4 MB goal, 0 MB stacks, 0 MB globals, 8 P
gc 294 @4.817s 1%: 0.17+0.71+0.094 ms clock, 1.4+0.74/0.78/0+0.75 ms cpu, 3->3->1 MB, 4 MB goal, 0 MB stacks, 0 MB globals, 8 P
gc 295 @4.819s 1%: 0.18+0.88+0.067 ms clock, 1.4+0.66/0.78/0+0.54 ms cpu, 3->4->1 MB, 4 MB goal, 0 MB stacks, 0 MB globals, 8 P
gc 296 @4.822s 1%: 0.058+0.51+0.12 ms clock, 0.46+0.73/0.66/0+1.0 ms cpu, 3->3->1 MB, 4 MB goal, 0 MB stacks, 0 MB globals, 8 P
gc 297 @4.824s 1%: 0.10+0.60+0.082 ms clock, 0.84+0.80/0.71/0+0.66 ms cpu, 3->3->1 MB, 4 MB goal, 0 MB stacks, 0 MB globals, 8 P
gc 298 @4.827s 1%: 0.14+1.3+0.090 ms clock, 1.1+0.83/0.76/0+0.72 ms cpu, 3->4->2 MB, 4 MB goal, 0 MB stacks, 0 MB globals, 8 P
gc 299 @4.830s 1%: 0.14+1.1+0.045 ms clock, 1.1+0.85/0.73/0+0.36 ms cpu, 3->4->1 MB, 4 MB goal, 0 MB stacks, 0 MB globals, 8 P
gc 300 @4.833s 1%: 0.15+0.53+0.073 ms clock, 1.2+0.72/0.75/0+0.58 ms cpu, 3->3->1 MB, 4 MB goal, 0 MB stacks, 0 MB globals, 8 P
gc 301 @4.836s 1%: 0.11+0.63+0.063 ms clock, 0.92+0.76/0.84/0+0.50 ms cpu, 3->3->1 MB, 4 MB goal, 0 MB stacks, 0 MB globals, 8 P
gc 302 @4.838s 1%: 0.10+0.98+0.13 ms clock, 0.85+0.70/0.83/0+1.0 ms cpu, 3->4->1 MB, 4 MB goal, 0 MB stacks, 0 MB globals, 8 P
gc 303 @4.841s 1%: 0.10+0.85+0.10 ms clock, 0.86+0.84/0.80/0+0.87 ms cpu, 3->4->1 MB, 4 MB goal, 0 MB stacks, 0 MB globals, 8 P
gc 304 @4.843s 1%: 0.12+1.0+0.068 ms clock, 0.96+0.91/0.79/0+0.55 ms cpu, 3->4->1 MB, 4 MB goal, 0 MB stacks, 0 MB globals, 8 P
gc 305 @4.846s 1%: 0.077+0.97+0.081 ms clock, 0.61+0.90/0.77/0.003+0.65 ms cpu, 3->4->1 MB, 4 MB goal, 0 MB stacks, 0 MB globals, 8 P
gc 306 @4.849s 1%: 0.11+0.60+0.10 ms clock, 0.88+0.80/0.73/0+0.81 ms cpu, 3->3->1 MB, 4 MB goal, 0 MB stacks, 0 MB globals, 8 P
gc 307 @4.852s 1%: 0.093+0.64+0.076 ms clock, 0.74+0.78/0.80/0+0.61 ms cpu, 3->3->1 MB, 4 MB goal, 0 MB stacks, 0 MB globals, 8 P
gc 308 @4.854s 1%: 0.12+0.79+0.10 ms clock, 0.98+0.62/0.82/0+0.85 ms cpu, 3->3->1 MB, 4 MB goal, 0 MB stacks, 0 MB globals, 8 P
gc 309 @4.857s 1%: 0.078+0.53+0.10 ms clock, 0.63+0.78/0.82/0+0.86 ms cpu, 3->3->1 MB, 4 MB goal, 0 MB stacks, 0 MB globals, 8 P
gc 310 @4.859s 1%: 0.12+0.83+0.092 ms clock, 1.0+0.64/1.0/0+0.73 ms cpu, 3->3->1 MB, 4 MB goal, 0 MB stacks, 0 MB globals, 8 P
gc 311 @4.862s 1%: 0.12+0.60+0.089 ms clock, 0.97+0.72/0.74/0+0.71 ms cpu, 3->3->1 MB, 4 MB goal, 0 MB stacks, 0 MB globals, 8 P
gc 312 @4.864s 2%: 0.12+0.49+0.063 ms clock, 1.0+0.64/0.79/0+0.50 ms cpu, 3->3->1 MB, 4 MB goal, 0 MB stacks, 0 MB globals, 8 P
gc 313 @4.867s 2%: 0.11+0.84+0.071 ms clock, 0.92+0.73/0.79/0+0.57 ms cpu, 3->4->1 MB, 4 MB goal, 0 MB stacks, 0 MB globals, 8 P
gc 314 @4.869s 2%: 0.13+0.61+0.10 ms clock, 1.0+0.69/0.80/0+0.81 ms cpu, 3->3->1 MB, 4 MB goal, 0 MB stacks, 0 MB globals, 8 P
gc 315 @4.872s 2%: 0.12+0.61+0.064 ms clock, 1.0+0.72/0.77/0+0.51 ms cpu, 3->3->1 MB, 4 MB goal, 0 MB stacks, 0 MB globals, 8 P
gc 316 @4.874s 2%: 0.073+0.76+0.094 ms clock, 0.58+0.85/0.71/0+0.75 ms cpu, 3->3->1 MB, 4 MB goal, 0 MB stacks, 0 MB globals, 8 P
gc 317 @4.877s 2%: 0.094+0.89+0.045 ms clock, 0.75+0.67/0.80/0+0.36 ms cpu, 3->3->1 MB, 4 MB goal, 0 MB stacks, 0 MB globals, 8 P
gc 318 @4.880s 2%: 0.11+1.0+0.045 ms clock, 0.93+1.0/0.77/0+0.36 ms cpu, 3->4->1 MB, 4 MB goal, 0 MB stacks, 0 MB globals, 8 P
gc 319 @4.882s 2%: 0.12+0.94+0.052 ms clock, 1.0+0.74/0.76/0+0.42 ms cpu, 3->4->1 MB, 4 MB goal, 0 MB stacks, 0 MB globals, 8 P
gc 320 @4.885s 2%: 0.085+0.90+0.096 ms clock, 0.68+0.77/0.79/0+0.77 ms cpu, 3->4->1 MB, 4 MB goal, 0 MB stacks, 0 MB globals, 8 P
gc 321 @4.888s 2%: 0.14+0.75+0.054 ms clock, 1.1+0.86/0.83/0+0.43 ms cpu, 3->4->1 MB, 4 MB goal, 0 MB stacks, 0 MB globals, 8 P
gc 322 @4.890s 2%: 0.16+0.99+0.060 ms clock, 1.2+0.71/0.88/0+0.48 ms cpu, 3->4->1 MB, 4 MB goal, 0 MB stacks, 0 MB globals, 8 P
gc 323 @4.893s 2%: 0.10+0.57+0.12 ms clock, 0.84+0.76/0.76/0+1.0 ms cpu, 3->3->1 MB, 4 MB goal, 0 MB stacks, 0 MB globals, 8 P
gc 324 @4.896s 2%: 0.085+0.94+0.14 ms clock, 0.68+0.94/0.68/0+1.1 ms cpu, 3->3->1 MB, 4 MB goal, 0 MB stacks, 0 MB globals, 8 P
gc 325 @4.898s 2%: 0.090+0.58+0.11 ms clock, 0.72+0.85/0.81/0+0.95 ms cpu, 3->3->1 MB, 4 MB goal, 0 MB stacks, 0 MB globals, 8 P
gc 326 @4.901s 2%: 0.10+0.55+0.11 ms clock, 0.84+0.80/0.76/0+0.94 ms cpu, 3->3->1 MB, 4 MB goal, 0 MB stacks, 0 MB globals, 8 P
gc 327 @4.903s 2%: 0.11+0.71+0.087 ms clock, 0.92+0.79/0.85/0+0.69 ms cpu, 3->3->1 MB, 4 MB goal, 0 MB stacks, 0 MB globals, 8 P
gc 328 @4.906s 2%: 0.15+0.95+0.077 ms clock, 1.2+0.77/0.75/0+0.61 ms cpu, 3->4->1 MB, 4 MB goal, 0 MB stacks, 0 MB globals, 8 P
gc 329 @4.909s 2%: 0.12+0.60+0.091 ms clock, 0.99+0.76/0.77/0+0.73 ms cpu, 3->3->1 MB, 4 MB goal, 0 MB stacks, 0 MB globals, 8 P
gc 330 @4.911s 2%: 0.13+0.62+0.13 ms clock, 1.0+0.73/0.85/0+1.0 ms cpu, 3->3->1 MB, 4 MB goal, 0 MB stacks, 0 MB globals, 8 P
gc 331 @4.914s 2%: 0.15+1.0+0.13 ms clock, 1.2+0.62/0.75/0+1.0 ms cpu, 3->3->1 MB, 4 MB goal, 0 MB stacks, 0 MB globals, 8 P
gc 332 @4.916s 2%: 0.097+0.68+0.070 ms clock, 0.78+0.87/0.81/0+0.56 ms cpu, 3->3->1 MB, 4 MB goal, 0 MB stacks, 0 MB globals, 8 P
gc 333 @4.919s 2%: 0.11+0.71+0.11 ms clock, 0.95+0.81/0.69/0+0.91 ms cpu, 3->3->1 MB, 4 MB goal, 0 MB stacks, 0 MB globals, 8 P
gc 334 @4.922s 2%: 0.10+0.81+0.099 ms clock, 0.87+0.75/0.73/0+0.79 ms cpu, 3->3->1 MB, 4 MB goal, 0 MB stacks, 0 MB globals, 8 P
gc 335 @4.924s 2%: 0.13+0.67+0.090 ms clock, 1.0+0.72/0.89/0+0.72 ms cpu, 3->3->1 MB, 4 MB goal, 0 MB stacks, 0 MB globals, 8 P
gc 336 @4.927s 2%: 0.12+0.86+0.095 ms clock, 0.97+0.78/0.71/0+0.76 ms cpu, 3->3->1 MB, 4 MB goal, 0 MB stacks, 0 MB globals, 8 P
gc 337 @4.929s 2%: 0.12+0.62+0.088 ms clock, 1.0+0.79/0.72/0+0.70 ms cpu, 3->3->1 MB, 4 MB goal, 0 MB stacks, 0 MB globals, 8 P
gc 338 @4.932s 2%: 0.13+0.88+0.12 ms clock, 1.1+0.80/0.76/0+1.0 ms cpu, 3->3->1 MB, 4 MB goal, 0 MB stacks, 0 MB globals, 8 P
gc 339 @4.934s 2%: 0.096+0.79+0.091 ms clock, 0.76+0.69/0.83/0+0.73 ms cpu, 3->4->1 MB, 4 MB goal, 0 MB stacks, 0 MB globals, 8 P
gc 340 @4.937s 2%: 0.095+1.0+0.084 ms clock, 0.76+1.5/0.74/0+0.67 ms cpu, 3->4->1 MB, 4 MB goal, 0 MB stacks, 0 MB globals, 8 P
gc 341 @4.940s 2%: 0.084+0.72+0.075 ms clock, 0.67+0.74/0.83/0+0.60 ms cpu, 3->4->1 MB, 4 MB goal, 0 MB stacks, 0 MB globals, 8 P
gc 342 @4.943s 2%: 0.12+0.62+0.11 ms clock, 0.98+0.75/0.78/0+0.92 ms cpu, 3->3->1 MB, 4 MB goal, 0 MB stacks, 0 MB globals, 8 P
gc 343 @4.945s 2%: 0.11+0.73+0.096 ms clock, 0.88+0.68/0.75/0+0.77 ms cpu, 3->3->1 MB, 4 MB goal, 0 MB stacks, 0 MB globals, 8 P
gc 344 @4.948s 2%: 0.12+1.0+0.088 ms clock, 0.97+0.56/0.94/0+0.70 ms cpu, 3->3->1 MB, 4 MB goal, 0 MB stacks, 0 MB globals, 8 P
gc 345 @4.950s 2%: 0.15+0.59+0.099 ms clock, 1.2+0.88/0.73/0+0.79 ms cpu, 3->3->1 MB, 4 MB goal, 0 MB stacks, 0 MB globals, 8 P
gc 346 @4.953s 2%: 0.10+1.0+0.098 ms clock, 0.84+0.71/0.79/0+0.79 ms cpu, 3->4->1 MB, 4 MB goal, 0 MB stacks, 0 MB globals, 8 P
gc 347 @4.956s 2%: 0.092+0.56+0.064 ms clock, 0.73+0.81/0.83/0+0.51 ms cpu, 3->3->1 MB, 4 MB goal, 0 MB stacks, 0 MB globals, 8 P
gc 348 @4.958s 2%: 0.12+0.90+0.075 ms clock, 0.96+0.90/0.73/0+0.60 ms cpu, 3->3->1 MB, 4 MB goal, 0 MB stacks, 0 MB globals, 8 P
gc 349 @4.961s 2%: 0.086+0.83+0.084 ms clock, 0.69+0.74/0.71/0+0.67 ms cpu, 3->3->1 MB, 4 MB goal, 0 MB stacks, 0 MB globals, 8 P
gc 350 @4.963s 2%: 0.12+0.56+0.068 ms clock, 0.98+0.76/0.81/0+0.54 ms cpu, 3->3->1 MB, 4 MB goal, 0 MB stacks, 0 MB globals, 8 P
gc 351 @4.966s 2%: 0.12+0.73+0.080 ms clock, 1.0+0.77/0.71/0+0.64 ms cpu, 3->3->1 MB, 4 MB goal, 0 MB stacks, 0 MB globals, 8 P
gc 352 @4.968s 2%: 0.097+0.58+0.12 ms clock, 0.77+0.64/0.76/0+0.99 ms cpu, 3->3->1 MB, 4 MB goal, 0 MB stacks, 0 MB globals, 8 P
gc 353 @4.971s 2%: 0.13+0.57+0.088 ms clock, 1.1+0.70/0.80/0+0.70 ms cpu, 3->3->1 MB, 4 MB goal, 0 MB stacks, 0 MB globals, 8 P
gc 354 @4.973s 2%: 0.082+0.57+0.065 ms clock, 0.65+0.64/0.72/0+0.52 ms cpu, 3->3->1 MB, 4 MB goal, 0 MB stacks, 0 MB globals, 8 P
gc 355 @4.976s 2%: 0.096+0.84+0.036 ms clock, 0.77+0.94/0.70/0+0.29 ms cpu, 3->3->1 MB, 4 MB goal, 0 MB stacks, 0 MB globals, 8 P
gc 356 @4.978s 2%: 0.086+0.75+0.11 ms clock, 0.68+0.76/0.84/0+0.90 ms cpu, 3->3->1 MB, 4 MB goal, 0 MB stacks, 0 MB globals, 8 P
gc 357 @4.981s 2%: 0.12+0.61+0.074 ms clock, 1.0+0.48/0.89/0+0.59 ms cpu, 3->3->1 MB, 4 MB goal, 0 MB stacks, 0 MB globals, 8 P
gc 358 @4.983s 2%: 0.083+0.93+0.057 ms clock, 0.66+0.77/0.81/0+0.46 ms cpu, 3->3->1 MB, 4 MB goal, 0 MB stacks, 0 MB globals, 8 P
gc 359 @4.986s 2%: 0.12+0.77+0.10 ms clock, 0.96+0.83/0.65/0+0.80 ms cpu, 3->3->1 MB, 4 MB goal, 0 MB stacks, 0 MB globals, 8 P
gc 360 @4.988s 2%: 0.14+0.84+0.10 ms clock, 1.1+0.72/0.73/0+0.81 ms cpu, 3->3->1 MB, 4 MB goal, 0 MB stacks, 0 MB globals, 8 P
gc 361 @4.991s 2%: 0.10+0.53+0.097 ms clock, 0.86+0.78/0.72/0+0.77 ms cpu, 3->3->1 MB, 4 MB goal, 0 MB stacks, 0 MB globals, 8 P
gc 362 @4.994s 2%: 0.089+0.77+0.089 ms clock, 0.71+0.83/0.76/0+0.71 ms cpu, 3->3->1 MB, 4 MB goal, 0 MB stacks, 0 MB globals, 8 P
gc 363 @4.996s 2%: 0.10+0.55+0.11 ms clock, 0.82+0.89/0.63/0+0.91 ms cpu, 3->3->1 MB, 4 MB goal, 0 MB stacks, 0 MB globals, 8 P
gc 364 @4.999s 2%: 0.10+0.68+0.080 ms clock, 0.85+0.71/0.79/0+0.64 ms cpu, 3->3->1 MB, 4 MB goal, 0 MB stacks, 0 MB globals, 8 P
gc 365 @5.001s 2%: 0.13+0.98+0.067 ms clock, 1.1+0.73/0.75/0+0.53 ms cpu, 3->4->1 MB, 4 MB goal, 0 MB stacks, 0 MB globals, 8 P
gc 366 @5.004s 2%: 0.13+0.57+0.088 ms clock, 1.0+0.80/0.67/0+0.70 ms cpu, 3->3->1 MB, 4 MB goal, 0 MB stacks, 0 MB globals, 8 P
gc 367 @5.006s 2%: 0.12+0.58+0.097 ms clock, 0.96+0.88/0.78/0+0.77 ms cpu, 3->3->1 MB, 4 MB goal, 0 MB stacks, 0 MB globals, 8 P
gc 368 @5.009s 2%: 0.12+0.57+0.11 ms clock, 1.0+0.81/0.72/0+0.93 ms cpu, 3->3->1 MB, 4 MB goal, 0 MB stacks, 0 MB globals, 8 P
gc 369 @5.011s 2%: 0.10+0.61+0.069 ms clock, 0.80+0.67/0.84/0+0.55 ms cpu, 3->3->1 MB, 4 MB goal, 0 MB stacks, 0 MB globals, 8 P
gc 370 @5.014s 2%: 0.12+1.1+0.079 ms clock, 0.99+0.34/0.89/0+0.63 ms cpu, 3->4->1 MB, 4 MB goal, 0 MB stacks, 0 MB globals, 8 P
gc 371 @5.017s 2%: 0.13+0.67+0.054 ms clock, 1.0+0.63/0.91/0+0.43 ms cpu, 3->4->1 MB, 4 MB goal, 0 MB stacks, 0 MB globals, 8 P
gc 372 @5.019s 2%: 0.13+0.54+0.12 ms clock, 1.0+0.80/0.85/0+1.0 ms cpu, 3->3->1 MB, 4 MB goal, 0 MB stacks, 0 MB globals, 8 P
gc 373 @5.022s 2%: 0.11+0.56+0.061 ms clock, 0.90+0.81/0.72/0+0.49 ms cpu, 3->3->1 MB, 4 MB goal, 0 MB stacks, 0 MB globals, 8 P
gc 374 @5.024s 2%: 0.11+0.54+0.055 ms clock, 0.90+0.80/0.71/0+0.44 ms cpu, 3->3->1 MB, 4 MB goal, 0 MB stacks, 0 MB globals, 8 P
gc 375 @5.027s 2%: 0.14+0.56+0.073 ms clock, 1.1+0.78/0.76/0+0.58 ms cpu, 3->3->1 MB, 4 MB goal, 0 MB stacks, 0 MB globals, 8 P
gc 376 @5.029s 2%: 0.16+0.65+0.11 ms clock, 1.3+0.74/0.76/0+0.95 ms cpu, 3->3->1 MB, 4 MB goal, 0 MB stacks, 0 MB globals, 8 P
gc 377 @5.032s 2%: 0.11+0.80+0.071 ms clock, 0.88+0.74/0.74/0+0.57 ms cpu, 3->3->1 MB, 4 MB goal, 0 MB stacks, 0 MB globals, 8 P
gc 378 @5.035s 2%: 0.15+0.65+0.091 ms clock, 1.2+0.71/0.81/0+0.73 ms cpu, 3->3->1 MB, 4 MB goal, 0 MB stacks, 0 MB globals, 8 P
gc 379 @5.037s 2%: 0.097+0.79+0.092 ms clock, 0.78+0.74/0.73/0+0.73 ms cpu, 3->3->1 MB, 4 MB goal, 0 MB stacks, 0 MB globals, 8 P
gc 380 @5.039s 2%: 0.10+0.65+0.058 ms clock, 0.87+0.74/0.80/0+0.46 ms cpu, 3->3->1 MB, 4 MB goal, 0 MB stacks, 0 MB globals, 8 P
gc 381 @5.042s 2%: 0.093+0.57+0.069 ms clock, 0.74+0.67/0.77/0+0.55 ms cpu, 3->3->1 MB, 4 MB goal, 0 MB stacks, 0 MB globals, 8 P
gc 382 @5.044s 2%: 0.12+0.90+0.080 ms clock, 1.0+0.83/0.81/0+0.64 ms cpu, 3->4->1 MB, 4 MB goal, 0 MB stacks, 0 MB globals, 8 P
gc 383 @5.047s 2%: 0.11+0.59+0.091 ms clock, 0.90+0.80/0.71/0+0.72 ms cpu, 3->3->1 MB, 4 MB goal, 0 MB stacks, 0 MB globals, 8 P
gc 384 @5.050s 2%: 0.16+1.0+0.10 ms clock, 1.3+0.63/1.2/0+0.85 ms cpu, 3->4->1 MB, 4 MB goal, 0 MB stacks, 0 MB globals, 8 P
gc 385 @5.053s 2%: 0.090+0.92+0.087 ms clock, 0.72+0.84/0.75/0+0.70 ms cpu, 3->4->1 MB, 4 MB goal, 0 MB stacks, 0 MB globals, 8 P
gc 386 @5.055s 2%: 0.14+0.76+0.071 ms clock, 1.1+0.79/0.75/0+0.57 ms cpu, 3->4->1 MB, 4 MB goal, 0 MB stacks, 0 MB globals, 8 P
gc 387 @5.058s 2%: 0.14+0.62+0.10 ms clock, 1.1+0.67/0.86/0+0.86 ms cpu, 3->3->1 MB, 4 MB goal, 0 MB stacks, 0 MB globals, 8 P
gc 388 @5.060s 2%: 0.10+0.59+0.079 ms clock, 0.86+0.69/0.83/0+0.63 ms cpu, 3->3->1 MB, 4 MB goal, 0 MB stacks, 0 MB globals, 8 P
gc 389 @5.063s 2%: 0.13+0.52+0.070 ms clock, 1.1+0.74/0.76/0+0.56 ms cpu, 3->3->1 MB, 4 MB goal, 0 MB stacks, 0 MB globals, 8 P
gc 390 @5.065s 2%: 0.12+0.57+0.086 ms clock, 1.0+0.83/0.70/0+0.68 ms cpu, 3->3->1 MB, 4 MB goal, 0 MB stacks, 0 MB globals, 8 P
gc 391 @5.068s 2%: 0.11+0.70+0.097 ms clock, 0.95+0.69/0.94/0+0.78 ms cpu, 3->3->1 MB, 4 MB goal, 0 MB stacks, 0 MB globals, 8 P
gc 392 @5.071s 2%: 0.10+1.1+0.11 ms clock, 0.87+0.85/0.89/0+0.92 ms cpu, 3->4->1 MB, 4 MB goal, 0 MB stacks, 0 MB globals, 8 P
gc 393 @5.074s 2%: 0.13+0.55+0.11 ms clock, 1.0+0.81/0.72/0+0.94 ms cpu, 3->4->1 MB, 4 MB goal, 0 MB stacks, 0 MB globals, 8 P
gc 394 @5.076s 2%: 0.10+0.82+0.14 ms clock, 0.83+0.71/0.80/0+1.1 ms cpu, 3->3->1 MB, 4 MB goal, 0 MB stacks, 0 MB globals, 8 P
gc 395 @5.079s 2%: 0.15+0.66+0.086 ms clock, 1.2+0.74/0.79/0+0.69 ms cpu, 3->3->1 MB, 4 MB goal, 0 MB stacks, 0 MB globals, 8 P
gc 396 @5.081s 2%: 0.13+0.55+0.099 ms clock, 1.0+0.76/0.68/0+0.79 ms cpu, 3->3->1 MB, 4 MB goal, 0 MB stacks, 0 MB globals, 8 P
gc 397 @5.084s 2%: 0.080+0.52+0.11 ms clock, 0.64+0.89/0.71/0+0.93 ms cpu, 3->3->1 MB, 4 MB goal, 0 MB stacks, 0 MB globals, 8 P
gc 398 @5.086s 2%: 0.093+0.56+0.074 ms clock, 0.75+0.73/0.73/0+0.59 ms cpu, 3->3->1 MB, 4 MB goal, 0 MB stacks, 0 MB globals, 8 P
gc 399 @5.088s 2%: 0.12+0.69+0.11 ms clock, 1.0+0.94/0.66/0.003+0.89 ms cpu, 3->3->1 MB, 4 MB goal, 0 MB stacks, 0 MB globals, 8 P
gc 400 @5.091s 2%: 0.12+0.63+0.083 ms clock, 1.0+0.74/0.79/0+0.66 ms cpu, 3->3->1 MB, 4 MB goal, 0 MB stacks, 0 MB globals, 8 P
gc 401 @5.093s 2%: 0.24+0.61+0.10 ms clock, 1.9+0.51/0.72/0+0.86 ms cpu, 3->3->1 MB, 4 MB goal, 0 MB stacks, 0 MB globals, 8 P
gc 402 @5.096s 2%: 0.089+0.55+0.058 ms clock, 0.71+0.85/0.74/0+0.46 ms cpu, 3->3->1 MB, 4 MB goal, 0 MB stacks, 0 MB globals, 8 P
gc 403 @5.098s 2%: 0.13+0.62+0.14 ms clock, 1.0+0.97/0.68/0+1.1 ms cpu, 3->3->1 MB, 4 MB goal, 0 MB stacks, 0 MB globals, 8 P
gc 404 @5.101s 2%: 0.084+0.59+0.060 ms clock, 0.67+0.78/0.84/0+0.48 ms cpu, 3->3->1 MB, 4 MB goal, 0 MB stacks, 0 MB globals, 8 P
gc 405 @5.104s 2%: 0.099+0.50+0.089 ms clock, 0.79+0.88/0.76/0+0.71 ms cpu, 3->3->1 MB, 4 MB goal, 0 MB stacks, 0 MB globals, 8 P
gc 406 @5.106s 2%: 0.088+0.64+0.087 ms clock, 0.71+0.77/0.78/0+0.69 ms cpu, 3->3->1 MB, 4 MB goal, 0 MB stacks, 0 MB globals, 8 P
gc 407 @5.108s 2%: 0.092+0.72+0.097 ms clock, 0.73+0.82/0.71/0+0.77 ms cpu, 3->3->1 MB, 4 MB goal, 0 MB stacks, 0 MB globals, 8 P
gc 408 @5.111s 2%: 0.12+0.67+0.099 ms clock, 0.96+0.79/0.75/0+0.79 ms cpu, 3->3->1 MB, 4 MB goal, 0 MB stacks, 0 MB globals, 8 P
gc 409 @5.113s 2%: 0.11+1.0+0.098 ms clock, 0.94+0.79/0.75/0+0.78 ms cpu, 3->4->1 MB, 4 MB goal, 0 MB stacks, 0 MB globals, 8 P
gc 410 @5.116s 2%: 0.10+0.53+0.082 ms clock, 0.86+0.69/0.70/0+0.65 ms cpu, 3->3->1 MB, 4 MB goal, 0 MB stacks, 0 MB globals, 8 P
gc 411 @5.119s 2%: 0.14+1.0+0.10 ms clock, 1.1+0.74/0.79/0+0.82 ms cpu, 3->4->1 MB, 4 MB goal, 0 MB stacks, 0 MB globals, 8 P
gc 412 @5.122s 2%: 0.091+0.63+0.12 ms clock, 0.73+0.79/0.72/0+0.96 ms cpu, 3->4->1 MB, 4 MB goal, 0 MB stacks, 0 MB globals, 8 P
gc 413 @5.124s 2%: 0.14+0.63+0.10 ms clock, 1.1+0.72/0.71/0+0.82 ms cpu, 3->3->1 MB, 4 MB goal, 0 MB stacks, 0 MB globals, 8 P
gc 414 @5.127s 2%: 0.10+0.84+0.097 ms clock, 0.83+0.81/0.66/0+0.78 ms cpu, 3->3->1 MB, 4 MB goal, 0 MB stacks, 0 MB globals, 8 P
gc 415 @5.130s 2%: 0.049+0.77+0.11 ms clock, 0.39+0.86/0.83/0+0.95 ms cpu, 3->3->1 MB, 4 MB goal, 0 MB stacks, 0 MB globals, 8 P
gc 416 @5.132s 2%: 0.10+0.62+0.070 ms clock, 0.82+0.90/0.71/0+0.56 ms cpu, 3->3->1 MB, 4 MB goal, 0 MB stacks, 0 MB globals, 8 P
gc 417 @5.135s 2%: 0.14+1.1+0.12 ms clock, 1.1+0.66/0.75/0+0.97 ms cpu, 3->4->1 MB, 4 MB goal, 0 MB stacks, 0 MB globals, 8 P
gc 418 @5.137s 2%: 0.093+0.50+0.10 ms clock, 0.74+0.79/0.69/0+0.87 ms cpu, 3->3->1 MB, 4 MB goal, 0 MB stacks, 0 MB globals, 8 P
gc 419 @5.140s 2%: 0.20+0.57+0.10 ms clock, 1.6+0.77/0.72/0.025+0.85 ms cpu, 3->3->1 MB, 4 MB goal, 0 MB stacks, 0 MB globals, 8 P
gc 420 @5.142s 2%: 0.16+1.1+0.13 ms clock, 1.3+0.68/0.86/0+1.0 ms cpu, 3->4->1 MB, 4 MB goal, 0 MB stacks, 0 MB globals, 8 P
gc 421 @5.145s 2%: 0.10+0.57+0.11 ms clock, 0.81+0.78/0.83/0+0.89 ms cpu, 3->4->1 MB, 4 MB goal, 0 MB stacks, 0 MB globals, 8 P
gc 422 @5.148s 2%: 0.14+0.59+0.099 ms clock, 1.1+0.72/0.72/0+0.79 ms cpu, 3->3->1 MB, 4 MB goal, 0 MB stacks, 0 MB globals, 8 P
gc 423 @5.150s 2%: 0.12+0.66+0.12 ms clock, 1.0+0.79/0.77/0+0.98 ms cpu, 3->3->1 MB, 4 MB goal, 0 MB stacks, 0 MB globals, 8 P
gc 424 @5.153s 2%: 0.12+0.51+0.044 ms clock, 0.96+0.82/0.72/0+0.35 ms cpu, 3->3->1 MB, 4 MB goal, 0 MB stacks, 0 MB globals, 8 P
gc 425 @5.155s 2%: 0.093+0.76+0.095 ms clock, 0.75+0.72/0.73/0+0.76 ms cpu, 3->3->1 MB, 4 MB goal, 0 MB stacks, 0 MB globals, 8 P
gc 426 @5.158s 2%: 0.13+0.50+0.13 ms clock, 1.0+0.76/0.71/0+1.0 ms cpu, 3->3->1 MB, 4 MB goal, 0 MB stacks, 0 MB globals, 8 P
gc 427 @5.160s 2%: 0.099+0.98+0.051 ms clock, 0.79+0.76/0.74/0+0.41 ms cpu, 3->3->1 MB, 4 MB goal, 0 MB stacks, 0 MB globals, 8 P
gc 428 @5.163s 2%: 0.12+0.59+0.14 ms clock, 1.0+0.88/0.69/0+1.1 ms cpu, 3->3->1 MB, 4 MB goal, 0 MB stacks, 0 MB globals, 8 P
gc 429 @5.166s 2%: 0.10+0.59+0.11 ms clock, 0.87+0.73/0.82/0+0.93 ms cpu, 3->3->1 MB, 4 MB goal, 0 MB stacks, 0 MB globals, 8 P
gc 430 @5.168s 2%: 0.090+0.57+0.059 ms clock, 0.72+0.88/0.66/0+0.47 ms cpu, 3->3->1 MB, 4 MB goal, 0 MB stacks, 0 MB globals, 8 P
gc 431 @5.171s 2%: 0.093+0.77+0.13 ms clock, 0.74+1.1/0.75/0+1.0 ms cpu, 3->3->1 MB, 4 MB goal, 0 MB stacks, 0 MB globals, 8 P
gc 432 @5.173s 2%: 0.092+0.57+0.092 ms clock, 0.73+0.77/0.63/0+0.73 ms cpu, 3->3->1 MB, 4 MB goal, 0 MB stacks, 0 MB globals, 8 P
gc 433 @5.176s 2%: 0.075+0.99+0.062 ms clock, 0.60+0.92/0.75/0+0.49 ms cpu, 3->3->1 MB, 4 MB goal, 0 MB stacks, 0 MB globals, 8 P
gc 434 @5.178s 2%: 0.093+1.3+0.081 ms clock, 0.74+0.77/0.80/0+0.65 ms cpu, 3->4->1 MB, 4 MB goal, 0 MB stacks, 0 MB globals, 8 P
gc 435 @5.181s 2%: 0.084+0.61+0.10 ms clock, 0.67+0.83/0.87/0+0.82 ms cpu, 3->4->1 MB, 4 MB goal, 0 MB stacks, 0 MB globals, 8 P
gc 436 @5.184s 2%: 0.094+0.95+0.10 ms clock, 0.75+0.62/0.76/0+0.82 ms cpu, 3->3->1 MB, 4 MB goal, 0 MB stacks, 0 MB globals, 8 P
gc 437 @5.187s 2%: 0.13+0.69+0.089 ms clock, 1.0+0.65/0.73/0+0.71 ms cpu, 3->3->1 MB, 4 MB goal, 0 MB stacks, 0 MB globals, 8 P
gc 438 @5.189s 2%: 0.10+0.78+0.14 ms clock, 0.86+0.75/0.68/0+1.1 ms cpu, 3->3->1 MB, 4 MB goal, 0 MB stacks, 0 MB globals, 8 P
gc 439 @5.192s 2%: 0.15+0.66+0.069 ms clock, 1.2+0.70/0.77/0+0.55 ms cpu, 3->3->1 MB, 4 MB goal, 0 MB stacks, 0 MB globals, 8 P
gc 440 @5.194s 2%: 0.10+0.94+0.049 ms clock, 0.84+0.75/0.71/0+0.39 ms cpu, 3->3->1 MB, 4 MB goal, 0 MB stacks, 0 MB globals, 8 P
gc 441 @5.197s 2%: 0.11+0.65+0.088 ms clock, 0.90+0.80/0.82/0+0.70 ms cpu, 3->3->1 MB, 4 MB goal, 0 MB stacks, 0 MB globals, 8 P
gc 442 @5.199s 2%: 0.097+0.53+0.049 ms clock, 0.77+0.97/0.74/0+0.39 ms cpu, 3->3->1 MB, 4 MB goal, 0 MB stacks, 0 MB globals, 8 P
gc 443 @5.202s 2%: 0.13+1.0+0.10 ms clock, 1.0+0.59/0.80/0+0.81 ms cpu, 3->4->1 MB, 4 MB goal, 0 MB stacks, 0 MB globals, 8 P
gc 444 @5.205s 2%: 0.10+0.72+0.069 ms clock, 0.82+0.66/0.77/0+0.55 ms cpu, 3->4->1 MB, 4 MB goal, 0 MB stacks, 0 MB globals, 8 P
gc 445 @5.207s 2%: 0.097+0.88+0.095 ms clock, 0.78+0.75/0.71/0+0.76 ms cpu, 3->3->1 MB, 4 MB goal, 0 MB stacks, 0 MB globals, 8 P
gc 446 @5.210s 2%: 0.10+0.58+0.12 ms clock, 0.86+0.75/0.81/0+1.0 ms cpu, 3->3->1 MB, 4 MB goal, 0 MB stacks, 0 MB globals, 8 P
gc 447 @5.212s 2%: 0.095+0.76+0.082 ms clock, 0.76+0.62/0.81/0+0.65 ms cpu, 3->3->1 MB, 4 MB goal, 0 MB stacks, 0 MB globals, 8 P
gc 448 @5.215s 2%: 0.073+0.59+0.063 ms clock, 0.58+0.71/0.86/0+0.50 ms cpu, 3->3->1 MB, 4 MB goal, 0 MB stacks, 0 MB globals, 8 P
gc 449 @5.217s 2%: 0.11+0.64+0.10 ms clock, 0.93+0.78/0.69/0+0.86 ms cpu, 3->3->1 MB, 4 MB goal, 0 MB stacks, 0 MB globals, 8 P
gc 450 @5.220s 2%: 0.12+0.66+0.14 ms clock, 1.0+0.75/0.73/0+1.1 ms cpu, 3->3->1 MB, 4 MB goal, 0 MB stacks, 0 MB globals, 8 P
gc 451 @5.223s 2%: 0.12+0.47+0.11 ms clock, 1.0+0.95/0.67/0+0.93 ms cpu, 3->3->1 MB, 4 MB goal, 0 MB stacks, 0 MB globals, 8 P
gc 452 @5.225s 2%: 0.11+0.78+0.092 ms clock, 0.89+0.76/0.77/0+0.74 ms cpu, 3->3->1 MB, 4 MB goal, 0 MB stacks, 0 MB globals, 8 P
gc 453 @5.228s 2%: 0.094+0.69+0.11 ms clock, 0.75+0.84/0.81/0.001+0.88 ms cpu, 3->3->1 MB, 4 MB goal, 0 MB stacks, 0 MB globals, 8 P
gc 454 @5.230s 2%: 0.13+1.2+0.082 ms clock, 1.1+0.66/1.0/0+0.65 ms cpu, 3->4->2 MB, 4 MB goal, 0 MB stacks, 0 MB globals, 8 P
gc 455 @5.233s 2%: 0.097+0.83+0.10 ms clock, 0.77+0.74/0.75/0+0.86 ms cpu, 3->4->1 MB, 4 MB goal, 0 MB stacks, 0 MB globals, 8 P
gc 456 @5.236s 2%: 0.21+1.1+0.035 ms clock, 1.6+0.60/0.85/0+0.28 ms cpu, 3->4->1 MB, 4 MB goal, 0 MB stacks, 0 MB globals, 8 P
gc 457 @5.239s 2%: 0.13+0.63+0.11 ms clock, 1.0+0.76/0.81/0+0.90 ms cpu, 3->4->1 MB, 4 MB goal, 0 MB stacks, 0 MB globals, 8 P
gc 458 @5.241s 2%: 0.11+0.91+0.095 ms clock, 0.92+0.62/0.71/0+0.76 ms cpu, 3->3->1 MB, 4 MB goal, 0 MB stacks, 0 MB globals, 8 P
gc 459 @5.244s 2%: 0.12+0.70+0.10 ms clock, 0.97+0.54/0.96/0+0.80 ms cpu, 3->3->1 MB, 4 MB goal, 0 MB stacks, 0 MB globals, 8 P
gc 460 @5.247s 2%: 0.10+1.0+0.077 ms clock, 0.85+0.74/0.77/0+0.62 ms cpu, 3->4->1 MB, 4 MB goal, 0 MB stacks, 0 MB globals, 8 P
gc 461 @5.250s 2%: 0.13+0.55+0.092 ms clock, 1.0+0.76/0.70/0+0.74 ms cpu, 3->3->1 MB, 4 MB goal, 0 MB stacks, 0 MB globals, 8 P
gc 462 @5.252s 2%: 0.10+0.71+0.11 ms clock, 0.83+0.61/0.91/0+0.88 ms cpu, 3->3->1 MB, 4 MB goal, 0 MB stacks, 0 MB globals, 8 P
gc 463 @5.255s 2%: 0.10+0.60+0.082 ms clock, 0.87+0.76/0.80/0+0.66 ms cpu, 3->3->1 MB, 4 MB goal, 0 MB stacks, 0 MB globals, 8 P
gc 464 @5.257s 2%: 0.075+0.63+0.094 ms clock, 0.60+0.77/0.76/0+0.75 ms cpu, 3->3->1 MB, 4 MB goal, 0 MB stacks, 0 MB globals, 8 P
gc 465 @5.260s 2%: 0.10+0.61+0.080 ms clock, 0.81+0.52/0.80/0+0.64 ms cpu, 3->3->1 MB, 4 MB goal, 0 MB stacks, 0 MB globals, 8 P
gc 466 @5.262s 2%: 0.11+0.80+0.066 ms clock, 0.89+0.72/0.97/0+0.53 ms cpu, 3->3->1 MB, 4 MB goal, 0 MB stacks, 0 MB globals, 8 P
gc 467 @5.265s 2%: 0.096+0.52+0.10 ms clock, 0.77+0.80/0.74/0+0.80 ms cpu, 3->3->1 MB, 4 MB goal, 0 MB stacks, 0 MB globals, 8 P
gc 468 @5.267s 2%: 0.14+0.64+0.085 ms clock, 1.1+0.64/0.83/0+0.68 ms cpu, 3->3->1 MB, 4 MB goal, 0 MB stacks, 0 MB globals, 8 P
gc 469 @5.270s 2%: 0.14+0.55+0.13 ms clock, 1.1+0.70/0.75/0+1.0 ms cpu, 3->3->1 MB, 4 MB goal, 0 MB stacks, 0 MB globals, 8 P
gc 470 @5.272s 2%: 0.12+1.2+0.097 ms clock, 0.99+0.59/0.81/0+0.77 ms cpu, 3->4->1 MB, 4 MB goal, 0 MB stacks, 0 MB globals, 8 P
gc 471 @5.275s 2%: 0.14+0.58+0.080 ms clock, 1.1+0.86/0.81/0+0.64 ms cpu, 3->3->1 MB, 4 MB goal, 0 MB stacks, 0 MB globals, 8 P
gc 472 @5.278s 2%: 0.12+0.61+0.083 ms clock, 1.0+0.65/0.78/0+0.66 ms cpu, 3->3->1 MB, 4 MB goal, 0 MB stacks, 0 MB globals, 8 P
gc 473 @5.280s 2%: 0.18+1.0+0.087 ms clock, 1.4+0.79/0.79/0+0.69 ms cpu, 3->4->1 MB, 4 MB goal, 0 MB stacks, 0 MB globals, 8 P
gc 474 @5.283s 2%: 0.084+0.77+0.099 ms clock, 0.67+0.82/0.77/0+0.79 ms cpu, 3->4->1 MB, 4 MB goal, 0 MB stacks, 0 MB globals, 8 P
gc 475 @5.286s 2%: 0.061+0.79+0.13 ms clock, 0.49+0.78/0.75/0+1.0 ms cpu, 3->3->1 MB, 4 MB goal, 0 MB stacks, 0 MB globals, 8 P
gc 476 @5.288s 2%: 0.093+0.83+0.10 ms clock, 0.74+0.88/0.71/0+0.80 ms cpu, 3->3->1 MB, 4 MB goal, 0 MB stacks, 0 MB globals, 8 P
gc 477 @5.291s 2%: 0.077+0.70+0.086 ms clock, 0.62+0.73/0.73/0+0.69 ms cpu, 3->3->1 MB, 4 MB goal, 0 MB stacks, 0 MB globals, 8 P
gc 478 @5.293s 2%: 0.13+0.59+0.098 ms clock, 1.1+0.78/0.84/0+0.78 ms cpu, 3->3->1 MB, 4 MB goal, 0 MB stacks, 0 MB globals, 8 P
gc 479 @5.296s 2%: 0.083+0.65+0.094 ms clock, 0.67+0.62/0.87/0+0.75 ms cpu, 3->3->1 MB, 4 MB goal, 0 MB stacks, 0 MB globals, 8 P
gc 480 @5.298s 2%: 0.092+0.57+0.071 ms clock, 0.73+0.75/0.72/0+0.57 ms cpu, 3->3->1 MB, 4 MB goal, 0 MB stacks, 0 MB globals, 8 P
gc 481 @5.301s 2%: 0.13+1.4+0.10 ms clock, 1.0+0.56/0.77/0+0.84 ms cpu, 3->4->2 MB, 4 MB goal, 0 MB stacks, 0 MB globals, 8 P
gc 482 @5.304s 2%: 0.091+0.62+0.065 ms clock, 0.73+0.57/0.88/0+0.52 ms cpu, 3->4->1 MB, 4 MB goal, 0 MB stacks, 0 MB globals, 8 P
gc 483 @5.306s 2%: 0.095+0.58+0.11 ms clock, 0.76+0.89/0.70/0+0.89 ms cpu, 3->3->1 MB, 4 MB goal, 0 MB stacks, 0 MB globals, 8 P
gc 484 @5.309s 2%: 0.15+0.62+0.099 ms clock, 1.2+0.66/0.77/0+0.79 ms cpu, 3->3->1 MB, 4 MB goal, 0 MB stacks, 0 MB globals, 8 P
gc 485 @5.311s 2%: 0.11+0.58+0.074 ms clock, 0.90+0.77/0.77/0+0.59 ms cpu, 3->3->1 MB, 4 MB goal, 0 MB stacks, 0 MB globals, 8 P
gc 486 @5.314s 2%: 0.061+0.76+0.11 ms clock, 0.49+1.1/0.72/0+0.89 ms cpu, 3->3->1 MB, 4 MB goal, 0 MB stacks, 0 MB globals, 8 P
gc 487 @5.316s 2%: 0.12+0.93+0.082 ms clock, 1.0+0.79/0.80/0+0.65 ms cpu, 3->4->1 MB, 4 MB goal, 0 MB stacks, 0 MB globals, 8 P
gc 488 @5.319s 2%: 0.098+0.91+0.086 ms clock, 0.79+0.72/0.83/0+0.69 ms cpu, 3->4->1 MB, 4 MB goal, 0 MB stacks, 0 MB globals, 8 P
gc 489 @5.322s 2%: 0.15+0.50+0.13 ms clock, 1.2+0.84/0.72/0+1.1 ms cpu, 3->3->1 MB, 4 MB goal, 0 MB stacks, 0 MB globals, 8 P
gc 490 @5.324s 2%: 0.088+0.60+0.085 ms clock, 0.70+0.71/0.74/0+0.68 ms cpu, 3->3->1 MB, 4 MB goal, 0 MB stacks, 0 MB globals, 8 P
gc 491 @5.327s 2%: 0.14+1.1+0.088 ms clock, 1.1+0.82/1.1/0+0.70 ms cpu, 3->4->2 MB, 4 MB goal, 0 MB stacks, 0 MB globals, 8 P
gc 492 @5.330s 2%: 0.14+1.0+0.10 ms clock, 1.1+0.73/0.75/0+0.82 ms cpu, 3->4->1 MB, 4 MB goal, 0 MB stacks, 0 MB globals, 8 P
gc 493 @5.333s 2%: 0.14+0.61+0.084 ms clock, 1.1+0.77/0.80/0+0.67 ms cpu, 3->3->1 MB, 4 MB goal, 0 MB stacks, 0 MB globals, 8 P
gc 494 @5.335s 2%: 0.15+0.88+0.079 ms clock, 1.2+0.65/0.98/0+0.63 ms cpu, 3->3->1 MB, 4 MB goal, 0 MB stacks, 0 MB globals, 8 P
gc 495 @5.338s 2%: 0.10+0.66+0.14 ms clock, 0.83+0.64/0.77/0+1.1 ms cpu, 3->3->1 MB, 4 MB goal, 0 MB stacks, 0 MB globals, 8 P
gc 496 @5.340s 2%: 0.091+0.68+0.12 ms clock, 0.73+0.77/0.81/0+1.0 ms cpu, 3->3->1 MB, 4 MB goal, 0 MB stacks, 0 MB globals, 8 P
gc 497 @5.343s 2%: 0.13+0.56+0.10 ms clock, 1.1+0.61/0.74/0+0.82 ms cpu, 3->3->1 MB, 4 MB goal, 0 MB stacks, 0 MB globals, 8 P
gc 498 @5.345s 2%: 0.17+0.60+0.11 ms clock, 1.3+0.75/0.81/0+0.94 ms cpu, 3->3->1 MB, 4 MB goal, 0 MB stacks, 0 MB globals, 8 P
gc 499 @5.348s 2%: 0.13+0.62+0.092 ms clock, 1.0+0.90/0.72/0+0.74 ms cpu, 3->3->1 MB, 4 MB goal, 0 MB stacks, 0 MB globals, 8 P
gc 500 @5.350s 2%: 0.087+0.58+0.11 ms clock, 0.69+0.82/0.75/0+0.88 ms cpu, 3->3->1 MB, 4 MB goal, 0 MB stacks, 0 MB globals, 8 P
gc 501 @5.353s 2%: 0.12+0.58+0.060 ms clock, 0.98+0.67/0.80/0+0.48 ms cpu, 3->3->1 MB, 4 MB goal, 0 MB stacks, 0 MB globals, 8 P
gc 502 @5.355s 2%: 0.15+0.61+0.078 ms clock, 1.2+0.73/0.78/0+0.62 ms cpu, 3->3->1 MB, 4 MB goal, 0 MB stacks, 0 MB globals, 8 P
gc 503 @5.358s 2%: 0.11+1.0+0.12 ms clock, 0.88+0.63/0.71/0+1.0 ms cpu, 3->3->1 MB, 4 MB goal, 0 MB stacks, 0 MB globals, 8 P
gc 504 @5.361s 2%: 0.10+1.0+0.081 ms clock, 0.82+0.67/1.2/0+0.65 ms cpu, 3->4->1 MB, 4 MB goal, 0 MB stacks, 0 MB globals, 8 P
gc 505 @5.363s 2%: 0.10+0.61+0.10 ms clock, 0.87+0.80/0.72/0+0.87 ms cpu, 3->4->1 MB, 4 MB goal, 0 MB stacks, 0 MB globals, 8 P
gc 506 @5.366s 2%: 0.096+1.0+0.063 ms clock, 0.76+0.65/0.72/0+0.50 ms cpu, 3->4->1 MB, 4 MB goal, 0 MB stacks, 0 MB globals, 8 P
gc 507 @5.369s 2%: 0.11+0.59+0.066 ms clock, 0.92+0.82/0.72/0+0.53 ms cpu, 3->3->1 MB, 4 MB goal, 0 MB stacks, 0 MB globals, 8 P
gc 508 @5.371s 2%: 0.13+0.62+0.068 ms clock, 1.0+0.67/0.77/0+0.54 ms cpu, 3->3->1 MB, 4 MB goal, 0 MB stacks, 0 MB globals, 8 P
gc 509 @5.374s 2%: 0.11+0.91+0.096 ms clock, 0.94+0.79/0.64/0+0.76 ms cpu, 3->3->1 MB, 4 MB goal, 0 MB stacks, 0 MB globals, 8 P
gc 510 @5.376s 2%: 0.056+0.95+0.094 ms clock, 0.44+0.65/0.70/0+0.75 ms cpu, 3->4->1 MB, 4 MB goal, 0 MB stacks, 0 MB globals, 8 P
gc 511 @5.379s 2%: 0.17+0.98+0.087 ms clock, 1.4+0.69/0.84/0+0.69 ms cpu, 3->4->1 MB, 4 MB goal, 0 MB stacks, 0 MB globals, 8 P
gc 512 @5.382s 2%: 0.060+1.1+0.069 ms clock, 0.48+0.69/1.2/0+0.55 ms cpu, 3->4->1 MB, 4 MB goal, 0 MB stacks, 0 MB globals, 8 P
gc 513 @5.385s 2%: 0.088+0.55+0.11 ms clock, 0.70+0.77/0.71/0+0.93 ms cpu, 3->4->1 MB, 4 MB goal, 0 MB stacks, 0 MB globals, 8 P
gc 514 @5.388s 2%: 0.11+0.55+0.072 ms clock, 0.91+0.98/0.66/0+0.58 ms cpu, 3->3->1 MB, 4 MB goal, 0 MB stacks, 0 MB globals, 8 P
gc 515 @5.390s 2%: 0.10+0.71+0.13 ms clock, 0.85+0.58/0.79/0+1.0 ms cpu, 3->3->1 MB, 4 MB goal, 0 MB stacks, 0 MB globals, 8 P
gc 516 @5.393s 2%: 0.13+0.55+0.10 ms clock, 1.0+0.77/0.68/0+0.86 ms cpu, 3->3->1 MB, 4 MB goal, 0 MB stacks, 0 MB globals, 8 P
gc 517 @5.395s 2%: 0.14+0.55+0.085 ms clock, 1.1+0.83/0.66/0+0.68 ms cpu, 3->3->1 MB, 4 MB goal, 0 MB stacks, 0 MB globals, 8 P
gc 518 @5.398s 2%: 0.15+0.81+0.10 ms clock, 1.2+0.73/0.67/0+0.80 ms cpu, 3->3->1 MB, 4 MB goal, 0 MB stacks, 0 MB globals, 8 P
gc 519 @5.400s 2%: 0.11+0.59+0.062 ms clock, 0.91+0.73/0.77/0+0.49 ms cpu, 3->3->1 MB, 4 MB goal, 0 MB stacks, 0 MB globals, 8 P
gc 520 @5.403s 2%: 0.086+0.80+0.091 ms clock, 0.68+0.66/0.78/0+0.73 ms cpu, 3->3->1 MB, 4 MB goal, 0 MB stacks, 0 MB globals, 8 P
gc 521 @5.405s 3%: 0.10+0.73+0.068 ms clock, 0.82+0.91/0.91/0+0.54 ms cpu, 3->3->1 MB, 4 MB goal, 0 MB stacks, 0 MB globals, 8 P
gc 522 @5.408s 3%: 0.12+0.76+0.11 ms clock, 0.99+0.80/0.72/0+0.95 ms cpu, 3->3->1 MB, 4 MB goal, 0 MB stacks, 0 MB globals, 8 P
gc 523 @5.410s 3%: 0.10+0.62+0.13 ms clock, 0.85+0.58/0.81/0+1.0 ms cpu, 3->3->1 MB, 4 MB goal, 0 MB stacks, 0 MB globals, 8 P
gc 524 @5.413s 3%: 0.12+0.60+0.085 ms clock, 0.98+0.82/0.69/0+0.68 ms cpu, 3->3->1 MB, 4 MB goal, 0 MB stacks, 0 MB globals, 8 P
gc 525 @5.415s 3%: 0.10+1.1+0.054 ms clock, 0.85+0.62/0.89/0+0.43 ms cpu, 3->3->1 MB, 4 MB goal, 0 MB stacks, 0 MB globals, 8 P
gc 526 @5.418s 3%: 0.15+0.56+0.11 ms clock, 1.2+0.76/0.69/0+0.89 ms cpu, 3->3->1 MB, 4 MB goal, 0 MB stacks, 0 MB globals, 8 P
gc 527 @5.420s 3%: 0.12+0.62+0.10 ms clock, 1.0+0.80/0.85/0+0.81 ms cpu, 3->3->1 MB, 4 MB goal, 0 MB stacks, 0 MB globals, 8 P
gc 528 @5.423s 3%: 0.14+0.67+0.097 ms clock, 1.1+0.67/0.91/0+0.77 ms cpu, 3->3->1 MB, 4 MB goal, 0 MB stacks, 0 MB globals, 8 P
gc 529 @5.425s 3%: 0.078+0.59+0.10 ms clock, 0.62+0.73/0.68/0+0.82 ms cpu, 3->3->1 MB, 4 MB goal, 0 MB stacks, 0 MB globals, 8 P
gc 530 @5.428s 3%: 0.11+1.0+0.091 ms clock, 0.88+0.68/0.83/0+0.72 ms cpu, 3->4->1 MB, 4 MB goal, 0 MB stacks, 0 MB globals, 8 P
gc 531 @5.431s 3%: 0.15+0.51+0.096 ms clock, 1.2+0.87/0.72/0+0.76 ms cpu, 3->3->1 MB, 4 MB goal, 0 MB stacks, 0 MB globals, 8 P
gc 532 @5.433s 3%: 0.12+0.53+0.093 ms clock, 1.0+0.80/0.71/0+0.74 ms cpu, 3->3->1 MB, 4 MB goal, 0 MB stacks, 0 MB globals, 8 P
gc 533 @5.436s 3%: 0.12+0.78+0.081 ms clock, 1.0+0.57/0.76/0+0.65 ms cpu, 3->3->1 MB, 4 MB goal, 0 MB stacks, 0 MB globals, 8 P
gc 534 @5.438s 3%: 0.096+0.57+0.10 ms clock, 0.77+0.86/0.73/0+0.82 ms cpu, 3->3->1 MB, 4 MB goal, 0 MB stacks, 0 MB globals, 8 P
gc 535 @5.441s 3%: 0.11+0.78+0.10 ms clock, 0.88+0.88/0.83/0+0.80 ms cpu, 3->3->1 MB, 4 MB goal, 0 MB stacks, 0 MB globals, 8 P
gc 536 @5.443s 3%: 0.052+0.62+0.042 ms clock, 0.42+0.74/0.79/0+0.33 ms cpu, 3->3->1 MB, 4 MB goal, 0 MB stacks, 0 MB globals, 8 P
gc 537 @5.446s 3%: 0.079+0.97+0.096 ms clock, 0.63+0.77/0.76/0+0.76 ms cpu, 3->3->1 MB, 4 MB goal, 0 MB stacks, 0 MB globals, 8 P
gc 538 @5.449s 3%: 0.12+0.61+0.10 ms clock, 0.96+0.83/0.70/0+0.84 ms cpu, 3->3->1 MB, 4 MB goal, 0 MB stacks, 0 MB globals, 8 P
gc 539 @5.451s 3%: 0.15+1.0+0.066 ms clock, 1.2+0.84/0.74/0+0.53 ms cpu, 3->4->1 MB, 4 MB goal, 0 MB stacks, 0 MB globals, 8 P
gc 540 @5.454s 3%: 0.092+0.66+0.13 ms clock, 0.74+0.75/0.79/0+1.0 ms cpu, 3->4->1 MB, 4 MB goal, 0 MB stacks, 0 MB globals, 8 P
gc 541 @5.456s 3%: 0.083+1.0+0.071 ms clock, 0.66+0.91/0.76/0+0.57 ms cpu, 3->4->1 MB, 4 MB goal, 0 MB stacks, 0 MB globals, 8 P
gc 542 @5.459s 3%: 0.12+0.71+0.11 ms clock, 1.0+0.50/0.93/0+0.90 ms cpu, 3->4->1 MB, 4 MB goal, 0 MB stacks, 0 MB globals, 8 P
gc 543 @5.462s 3%: 0.084+0.60+0.17 ms clock, 0.67+0.92/0.78/0+1.4 ms cpu, 3->3->1 MB, 4 MB goal, 0 MB stacks, 0 MB globals, 8 P
gc 544 @5.464s 3%: 0.098+1.0+0.068 ms clock, 0.78+0.71/0.83/0+0.55 ms cpu, 3->3->1 MB, 4 MB goal, 0 MB stacks, 0 MB globals, 8 P
gc 545 @5.467s 3%: 0.084+0.63+0.077 ms clock, 0.67+0.88/0.77/0+0.62 ms cpu, 3->3->1 MB, 4 MB goal, 0 MB stacks, 0 MB globals, 8 P
gc 546 @5.470s 3%: 0.14+0.63+0.071 ms clock, 1.1+0.85/0.75/0+0.57 ms cpu, 3->3->1 MB, 4 MB goal, 0 MB stacks, 0 MB globals, 8 P
gc 547 @5.472s 3%: 0.13+0.60+0.10 ms clock, 1.0+0.79/0.77/0+0.81 ms cpu, 3->3->1 MB, 4 MB goal, 0 MB stacks, 0 MB globals, 8 P
gc 548 @5.475s 3%: 0.10+0.75+0.11 ms clock, 0.80+0.76/0.79/0+0.90 ms cpu, 3->3->1 MB, 4 MB goal, 0 MB stacks, 0 MB globals, 8 P
gc 549 @5.477s 3%: 0.14+0.75+0.092 ms clock, 1.1+0.71/0.77/0+0.73 ms cpu, 3->3->1 MB, 4 MB goal, 0 MB stacks, 0 MB globals, 8 P
gc 550 @5.480s 3%: 0.14+0.66+0.10 ms clock, 1.1+0.77/0.84/0+0.83 ms cpu, 3->3->1 MB, 4 MB goal, 0 MB stacks, 0 MB globals, 8 P
gc 551 @5.482s 3%: 0.10+0.98+0.10 ms clock, 0.84+0.92/1.3/0+0.85 ms cpu, 3->3->1 MB, 4 MB goal, 0 MB stacks, 0 MB globals, 8 P
gc 552 @5.485s 3%: 0.10+0.59+0.073 ms clock, 0.81+0.81/0.69/0+0.58 ms cpu, 3->3->1 MB, 4 MB goal, 0 MB stacks, 0 MB globals, 8 P
gc 553 @5.487s 3%: 0.12+0.66+0.092 ms clock, 0.96+0.87/0.71/0+0.74 ms cpu, 3->3->1 MB, 4 MB goal, 0 MB stacks, 0 MB globals, 8 P
gc 554 @5.490s 3%: 0.12+0.89+0.067 ms clock, 0.96+0.77/0.79/0+0.54 ms cpu, 3->3->1 MB, 4 MB goal, 0 MB stacks, 0 MB globals, 8 P
gc 555 @5.492s 3%: 0.078+1.0+0.045 ms clock, 0.62+0.84/0.75/0+0.36 ms cpu, 3->4->1 MB, 4 MB goal, 0 MB stacks, 0 MB globals, 8 P
gc 556 @5.495s 3%: 0.092+1.0+0.070 ms clock, 0.73+0.74/0.78/0+0.56 ms cpu, 3->4->1 MB, 4 MB goal, 0 MB stacks, 0 MB globals, 8 P
gc 557 @5.498s 3%: 0.16+1.0+0.10 ms clock, 1.3+0.70/0.75/0+0.81 ms cpu, 3->4->1 MB, 4 MB goal, 0 MB stacks, 0 MB globals, 8 P
gc 558 @5.501s 3%: 0.10+0.83+0.11 ms clock, 0.85+0.75/0.74/0+0.95 ms cpu, 3->3->1 MB, 4 MB goal, 0 MB stacks, 0 MB globals, 8 P
gc 559 @5.503s 3%: 0.12+0.66+0.11 ms clock, 1.0+0.79/0.86/0+0.89 ms cpu, 3->3->1 MB, 4 MB goal, 0 MB stacks, 0 MB globals, 8 P
gc 560 @5.506s 3%: 0.074+0.55+0.17 ms clock, 0.59+0.76/0.75/0+1.4 ms cpu, 3->3->1 MB, 4 MB goal, 0 MB stacks, 0 MB globals, 8 P
gc 561 @5.508s 3%: 0.084+0.83+0.060 ms clock, 0.67+0.71/0.77/0+0.48 ms cpu, 3->3->1 MB, 4 MB goal, 0 MB stacks, 0 MB globals, 8 P
gc 562 @5.511s 3%: 0.13+0.72+0.12 ms clock, 1.0+0.81/0.90/0+1.0 ms cpu, 3->3->1 MB, 4 MB goal, 0 MB stacks, 0 MB globals, 8 P
gc 563 @5.514s 3%: 0.097+0.96+0.097 ms clock, 0.78+0.67/0.71/0+0.78 ms cpu, 3->3->1 MB, 4 MB goal, 0 MB stacks, 0 MB globals, 8 P
gc 564 @5.516s 3%: 0.093+0.57+0.10 ms clock, 0.75+0.86/0.73/0+0.84 ms cpu, 3->3->1 MB, 4 MB goal, 0 MB stacks, 0 MB globals, 8 P
gc 565 @5.519s 3%: 0.14+0.64+0.065 ms clock, 1.1+0.69/0.79/0+0.52 ms cpu, 3->3->1 MB, 4 MB goal, 0 MB stacks, 0 MB globals, 8 P
gc 566 @5.521s 3%: 0.086+0.54+0.072 ms clock, 0.69+0.91/0.70/0+0.58 ms cpu, 3->3->1 MB, 4 MB goal, 0 MB stacks, 0 MB globals, 8 P
gc 567 @5.524s 3%: 0.11+0.89+0.069 ms clock, 0.91+0.79/0.76/0+0.55 ms cpu, 3->3->1 MB, 4 MB goal, 0 MB stacks, 0 MB globals, 8 P
gc 568 @5.526s 3%: 0.15+0.53+0.082 ms clock, 1.2+0.74/0.78/0+0.66 ms cpu, 3->3->1 MB, 4 MB goal, 0 MB stacks, 0 MB globals, 8 P
gc 569 @5.529s 3%: 0.10+0.53+0.046 ms clock, 0.83+0.71/0.78/0+0.37 ms cpu, 3->3->1 MB, 4 MB goal, 0 MB stacks, 0 MB globals, 8 P
gc 570 @5.531s 3%: 0.10+0.80+0.10 ms clock, 0.80+0.75/0.75/0+0.80 ms cpu, 3->3->1 MB, 4 MB goal, 0 MB stacks, 0 MB globals, 8 P
gc 571 @5.534s 3%: 0.12+0.65+0.067 ms clock, 0.98+0.79/0.76/0+0.53 ms cpu, 3->3->1 MB, 4 MB goal, 0 MB stacks, 0 MB globals, 8 P
gc 572 @5.536s 3%: 0.13+1.1+0.057 ms clock, 1.0+0.59/0.83/0+0.45 ms cpu, 3->4->1 MB, 4 MB goal, 0 MB stacks, 0 MB globals, 8 P
gc 573 @5.539s 3%: 0.13+0.59+0.14 ms clock, 1.0+0.84/0.75/0+1.1 ms cpu, 3->3->1 MB, 4 MB goal, 0 MB stacks, 0 MB globals, 8 P
gc 574 @5.542s 3%: 0.11+0.51+0.063 ms clock, 0.93+0.70/0.74/0+0.50 ms cpu, 3->3->1 MB, 4 MB goal, 0 MB stacks, 0 MB globals, 8 P
gc 575 @5.544s 3%: 0.12+0.64+0.11 ms clock, 1.0+0.71/0.77/0+0.94 ms cpu, 3->3->1 MB, 4 MB goal, 0 MB stacks, 0 MB globals, 8 P
gc 576 @5.546s 3%: 0.081+0.54+0.090 ms clock, 0.65+1.0/0.69/0+0.72 ms cpu, 3->3->1 MB, 4 MB goal, 0 MB stacks, 0 MB globals, 8 P
gc 577 @5.549s 3%: 0.12+0.90+0.074 ms clock, 1.0+0.84/0.65/0+0.59 ms cpu, 3->3->1 MB, 4 MB goal, 0 MB stacks, 0 MB globals, 8 P
gc 578 @5.552s 3%: 0.17+0.53+0.074 ms clock, 1.3+0.69/0.75/0+0.59 ms cpu, 3->3->1 MB, 4 MB goal, 0 MB stacks, 0 MB globals, 8 P
gc 579 @5.554s 3%: 0.11+0.96+0.044 ms clock, 0.90+0.71/0.80/0+0.35 ms cpu, 3->4->1 MB, 4 MB goal, 0 MB stacks, 0 MB globals, 8 P
gc 580 @5.557s 3%: 0.089+0.79+0.16 ms clock, 0.71+0.74/1.0/0+1.2 ms cpu, 3->4->1 MB, 4 MB goal, 0 MB stacks, 0 MB globals, 8 P
gc 581 @5.559s 3%: 0.18+0.54+0.073 ms clock, 1.5+0.52/0.77/0+0.59 ms cpu, 3->3->1 MB, 4 MB goal, 0 MB stacks, 0 MB globals, 8 P
gc 582 @5.562s 3%: 0.11+0.68+0.10 ms clock, 0.91+0.64/0.81/0+0.87 ms cpu, 3->3->1 MB, 4 MB goal, 0 MB stacks, 0 MB globals, 8 P
gc 583 @5.564s 3%: 0.11+0.61+0.087 ms clock, 0.91+0.76/0.77/0+0.70 ms cpu, 3->3->1 MB, 4 MB goal, 0 MB stacks, 0 MB globals, 8 P
gc 584 @5.567s 3%: 0.15+0.57+0.073 ms clock, 1.2+0.77/0.71/0+0.58 ms cpu, 3->3->1 MB, 4 MB goal, 0 MB stacks, 0 MB globals, 8 P
gc 585 @5.569s 3%: 0.092+0.72+0.085 ms clock, 0.74+0.81/0.80/0+0.68 ms cpu, 3->3->1 MB, 4 MB goal, 0 MB stacks, 0 MB globals, 8 P
gc 586 @5.572s 3%: 0.070+0.74+0.10 ms clock, 0.56+0.90/0.80/0+0.84 ms cpu, 3->3->1 MB, 4 MB goal, 0 MB stacks, 0 MB globals, 8 P
gc 587 @5.574s 3%: 0.12+1.2+0.090 ms clock, 0.97+0.83/0.95/0+0.72 ms cpu, 3->4->2 MB, 4 MB goal, 0 MB stacks, 0 MB globals, 8 P
gc 588 @5.578s 3%: 0.075+0.69+0.056 ms clock, 0.60+0.75/0.75/0+0.45 ms cpu, 3->4->1 MB, 4 MB goal, 0 MB stacks, 0 MB globals, 8 P
gc 589 @5.580s 3%: 0.11+0.51+0.096 ms clock, 0.88+0.79/0.77/0+0.77 ms cpu, 3->3->1 MB, 4 MB goal, 0 MB stacks, 0 MB globals, 8 P
gc 590 @5.582s 3%: 0.13+0.94+0.10 ms clock, 1.1+0.80/0.74/0+0.87 ms cpu, 3->3->1 MB, 4 MB goal, 0 MB stacks, 0 MB globals, 8 P
gc 591 @5.585s 3%: 0.14+0.59+0.064 ms clock, 1.1+0.75/0.78/0+0.51 ms cpu, 3->3->1 MB, 4 MB goal, 0 MB stacks, 0 MB globals, 8 P
gc 592 @5.588s 3%: 0.093+0.74+0.12 ms clock, 0.74+0.87/0.86/0+1.0 ms cpu, 3->3->1 MB, 4 MB goal, 0 MB stacks, 0 MB globals, 8 P
gc 593 @5.590s 3%: 0.11+0.53+0.11 ms clock, 0.90+0.81/0.76/0+0.90 ms cpu, 3->3->1 MB, 4 MB goal, 0 MB stacks, 0 MB globals, 8 P
gc 594 @5.593s 3%: 0.11+0.81+0.090 ms clock, 0.93+0.75/0.83/0+0.72 ms cpu, 3->3->1 MB, 4 MB goal, 0 MB stacks, 0 MB globals, 8 P
gc 595 @5.595s 3%: 0.20+0.70+0.11 ms clock, 1.6+0.73/0.94/0+0.91 ms cpu, 3->3->1 MB, 4 MB goal, 0 MB stacks, 0 MB globals, 8 P
gc 596 @5.598s 3%: 0.089+0.63+0.070 ms clock, 0.71+0.83/0.71/0+0.56 ms cpu, 3->3->1 MB, 4 MB goal, 0 MB stacks, 0 MB globals, 8 P
gc 597 @5.600s 3%: 0.099+0.59+0.070 ms clock, 0.79+0.79/0.80/0+0.56 ms cpu, 3->3->1 MB, 4 MB goal, 0 MB stacks, 0 MB globals, 8 P
gc 598 @5.603s 3%: 0.090+0.79+0.075 ms clock, 0.72+0.69/0.86/0+0.60 ms cpu, 3->3->1 MB, 4 MB goal, 0 MB stacks, 0 MB globals, 8 P
gc 599 @5.605s 3%: 0.10+0.82+0.024 ms clock, 0.84+0.72/0.76/0+0.19 ms cpu, 3->4->1 MB, 4 MB goal, 0 MB stacks, 0 MB globals, 8 P
gc 600 @5.608s 3%: 0.26+0.59+0.075 ms clock, 2.1+0.81/0.95/0+0.60 ms cpu, 3->3->1 MB, 4 MB goal, 0 MB stacks, 0 MB globals, 8 P
gc 601 @5.611s 3%: 0.12+0.63+0.10 ms clock, 1.0+0.85/0.78/0+0.86 ms cpu, 3->3->1 MB, 4 MB goal, 0 MB stacks, 0 MB globals, 8 P
gc 602 @5.613s 3%: 0.095+0.64+0.097 ms clock, 0.76+0.69/0.75/0+0.78 ms cpu, 3->3->1 MB, 4 MB goal, 0 MB stacks, 0 MB globals, 8 P
gc 603 @5.616s 3%: 0.098+0.64+0.11 ms clock, 0.78+0.88/0.70/0+0.90 ms cpu, 3->3->1 MB, 4 MB goal, 0 MB stacks, 0 MB globals, 8 P
gc 604 @5.618s 3%: 0.12+0.64+0.091 ms clock, 0.99+0.77/0.68/0+0.73 ms cpu, 3->3->1 MB, 4 MB goal, 0 MB stacks, 0 MB globals, 8 P
gc 605 @5.620s 3%: 0.12+0.85+0.11 ms clock, 1.0+0.70/0.86/0+0.88 ms cpu, 3->3->1 MB, 4 MB goal, 0 MB stacks, 0 MB globals, 8 P
gc 606 @5.623s 3%: 0.13+0.61+0.062 ms clock, 1.0+0.72/0.77/0+0.49 ms cpu, 3->3->1 MB, 4 MB goal, 0 MB stacks, 0 MB globals, 8 P
gc 607 @5.626s 3%: 0.11+0.70+0.11 ms clock, 0.89+0.74/0.75/0+0.94 ms cpu, 3->3->1 MB, 4 MB goal, 0 MB stacks, 0 MB globals, 8 P
gc 608 @5.628s 3%: 0.11+0.58+0.083 ms clock, 0.90+0.78/0.75/0+0.66 ms cpu, 3->3->1 MB, 4 MB goal, 0 MB stacks, 0 MB globals, 8 P
gc 609 @5.631s 3%: 0.12+0.92+0.091 ms clock, 1.0+0.63/0.94/0+0.73 ms cpu, 3->3->1 MB, 4 MB goal, 0 MB stacks, 0 MB globals, 8 P
gc 610 @5.633s 3%: 0.11+0.63+0.095 ms clock, 0.93+0.79/0.80/0+0.76 ms cpu, 3->3->1 MB, 4 MB goal, 0 MB stacks, 0 MB globals, 8 P
gc 611 @5.636s 3%: 0.13+0.61+0.081 ms clock, 1.0+0.68/0.87/0+0.65 ms cpu, 3->3->1 MB, 4 MB goal, 0 MB stacks, 0 MB globals, 8 P
gc 612 @5.638s 3%: 0.11+0.57+0.088 ms clock, 0.91+0.68/0.76/0+0.71 ms cpu, 3->3->1 MB, 4 MB goal, 0 MB stacks, 0 MB globals, 8 P
gc 613 @5.641s 3%: 0.13+0.59+0.065 ms clock, 1.0+0.71/0.80/0+0.52 ms cpu, 3->3->1 MB, 4 MB goal, 0 MB stacks, 0 MB globals, 8 P
gc 614 @5.643s 3%: 0.13+0.58+0.10 ms clock, 1.1+0.77/0.82/0+0.80 ms cpu, 3->3->1 MB, 4 MB goal, 0 MB stacks, 0 MB globals, 8 P
gc 615 @5.646s 3%: 0.082+0.57+0.061 ms clock, 0.65+0.87/0.71/0+0.49 ms cpu, 3->3->1 MB, 4 MB goal, 0 MB stacks, 0 MB globals, 8 P
gc 616 @5.648s 3%: 0.16+0.64+0.088 ms clock, 1.3+0.69/0.85/0+0.70 ms cpu, 3->3->1 MB, 4 MB goal, 0 MB stacks, 0 MB globals, 8 P
gc 617 @5.651s 3%: 0.15+1.0+0.15 ms clock, 1.2+0.84/0.80/0+1.2 ms cpu, 3->4->2 MB, 4 MB goal, 0 MB stacks, 0 MB globals, 8 P
gc 618 @5.654s 3%: 0.074+0.72+0.13 ms clock, 0.59+0.78/0.84/0+1.0 ms cpu, 3->4->1 MB, 4 MB goal, 0 MB stacks, 0 MB globals, 8 P
gc 619 @5.656s 3%: 0.091+0.92+0.066 ms clock, 0.73+0.80/0.77/0+0.52 ms cpu, 3->4->1 MB, 4 MB goal, 0 MB stacks, 0 MB globals, 8 P
gc 620 @5.659s 3%: 0.081+0.57+0.085 ms clock, 0.65+0.85/0.75/0+0.68 ms cpu, 3->3->1 MB, 4 MB goal, 0 MB stacks, 0 MB globals, 8 P
gc 621 @5.662s 3%: 0.10+0.75+0.13 ms clock, 0.83+0.70/0.89/0+1.1 ms cpu, 3->3->1 MB, 4 MB goal, 0 MB stacks, 0 MB globals, 8 P
gc 622 @5.664s 3%: 0.097+0.61+0.10 ms clock, 0.78+0.90/0.74/0+0.84 ms cpu, 3->3->1 MB, 4 MB goal, 0 MB stacks, 0 MB globals, 8 P
gc 623 @5.667s 3%: 0.096+0.58+0.061 ms clock, 0.76+0.79/0.80/0+0.49 ms cpu, 3->3->1 MB, 4 MB goal, 0 MB stacks, 0 MB globals, 8 P
gc 624 @5.669s 3%: 0.13+0.55+0.099 ms clock, 1.0+0.82/0.61/0.10+0.79 ms cpu, 3->3->1 MB, 4 MB goal, 0 MB stacks, 0 MB globals, 8 P
gc 625 @5.672s 3%: 0.12+0.92+0.097 ms clock, 0.97+0.70/0.86/0+0.78 ms cpu, 3->3->1 MB, 4 MB goal, 0 MB stacks, 0 MB globals, 8 P
gc 626 @5.674s 3%: 0.14+0.65+0.10 ms clock, 1.1+0.72/0.86/0+0.81 ms cpu, 3->3->1 MB, 4 MB goal, 0 MB stacks, 0 MB globals, 8 P
gc 627 @5.677s 3%: 0.10+1.0+0.072 ms clock, 0.84+0.51/0.91/0+0.58 ms cpu, 3->3->1 MB, 4 MB goal, 0 MB stacks, 0 MB globals, 8 P
gc 628 @5.679s 3%: 0.11+0.94+0.17 ms clock, 0.88+0.84/1.0/0+1.3 ms cpu, 3->4->1 MB, 4 MB goal, 0 MB stacks, 0 MB globals, 8 P
gc 629 @5.682s 3%: 0.084+0.64+0.065 ms clock, 0.67+0.72/0.74/0+0.52 ms cpu, 3->3->1 MB, 4 MB goal, 0 MB stacks, 0 MB globals, 8 P
gc 630 @5.684s 3%: 0.12+0.73+0.094 ms clock, 0.99+0.72/0.74/0+0.75 ms cpu, 3->3->1 MB, 4 MB goal, 0 MB stacks, 0 MB globals, 8 P
gc 631 @5.687s 3%: 0.11+1.0+0.068 ms clock, 0.88+0.66/0.75/0+0.55 ms cpu, 3->4->1 MB, 4 MB goal, 0 MB stacks, 0 MB globals, 8 P
gc 632 @5.690s 3%: 0.10+0.82+0.060 ms clock, 0.85+0.71/0.81/0+0.48 ms cpu, 3->4->1 MB, 4 MB goal, 0 MB stacks, 0 MB globals, 8 P
gc 633 @5.692s 3%: 0.19+0.52+0.086 ms clock, 1.5+0.76/0.73/0+0.68 ms cpu, 3->3->1 MB, 4 MB goal, 0 MB stacks, 0 MB globals, 8 P
gc 634 @5.695s 3%: 0.14+0.58+0.12 ms clock, 1.1+0.81/0.77/0+0.98 ms cpu, 3->3->1 MB, 4 MB goal, 0 MB stacks, 0 MB globals, 8 P
gc 635 @5.697s 3%: 0.11+0.95+0.10 ms clock, 0.94+0.75/0.73/0+0.82 ms cpu, 3->3->1 MB, 4 MB goal, 0 MB stacks, 0 MB globals, 8 P
gc 636 @5.700s 3%: 0.10+0.85+0.098 ms clock, 0.86+0.84/0.71/0+0.78 ms cpu, 3->3->1 MB, 4 MB goal, 0 MB stacks, 0 MB globals, 8 P
gc 637 @5.702s 3%: 0.16+0.56+0.083 ms clock, 1.3+0.72/0.83/0+0.66 ms cpu, 3->3->1 MB, 4 MB goal, 0 MB stacks, 0 MB globals, 8 P
gc 638 @5.705s 3%: 0.086+0.68+0.092 ms clock, 0.69+0.60/0.88/0+0.73 ms cpu, 3->3->1 MB, 4 MB goal, 0 MB stacks, 0 MB globals, 8 P
gc 639 @5.707s 3%: 0.18+0.61+0.10 ms clock, 1.4+0.78/0.80/0+0.82 ms cpu, 3->3->1 MB, 4 MB goal, 0 MB stacks, 0 MB globals, 8 P
gc 640 @5.710s 3%: 0.11+0.62+0.11 ms clock, 0.91+0.79/0.72/0+0.88 ms cpu, 3->3->1 MB, 4 MB goal, 0 MB stacks, 0 MB globals, 8 P
gc 641 @5.712s 3%: 0.093+0.92+0.11 ms clock, 0.75+0.70/0.79/0+0.90 ms cpu, 3->3->1 MB, 4 MB goal, 0 MB stacks, 0 MB globals, 8 P
gc 642 @5.715s 3%: 0.11+0.96+0.097 ms clock, 0.90+0.65/0.86/0+0.77 ms cpu, 3->4->1 MB, 4 MB goal, 0 MB stacks, 0 MB globals, 8 P
gc 643 @5.718s 3%: 0.10+0.94+0.090 ms clock, 0.80+0.72/0.79/0+0.72 ms cpu, 3->4->1 MB, 4 MB goal, 0 MB stacks, 0 MB globals, 8 P
gc 644 @5.721s 3%: 0.087+0.61+0.064 ms clock, 0.70+0.83/0.78/0+0.51 ms cpu, 3->3->1 MB, 4 MB goal, 0 MB stacks, 0 MB globals, 8 P
gc 645 @5.723s 3%: 0.10+0.77+0.093 ms clock, 0.83+0.68/0.75/0+0.74 ms cpu, 3->3->1 MB, 4 MB goal, 0 MB stacks, 0 MB globals, 8 P
gc 646 @5.726s 3%: 0.093+1.2+0.093 ms clock, 0.74+0.67/0.83/0+0.74 ms cpu, 3->4->1 MB, 4 MB goal, 0 MB stacks, 0 MB globals, 8 P
gc 647 @5.729s 3%: 0.093+0.87+0.023 ms clock, 0.74+0.85/0.71/0+0.18 ms cpu, 3->4->1 MB, 4 MB goal, 0 MB stacks, 0 MB globals, 8 P
gc 648 @5.731s 3%: 0.10+0.92+0.10 ms clock, 0.81+0.89/0.73/0+0.83 ms cpu, 3->4->1 MB, 4 MB goal, 0 MB stacks, 0 MB globals, 8 P
gc 649 @5.734s 3%: 0.18+0.67+0.061 ms clock, 1.4+0.62/0.92/0+0.48 ms cpu, 3->3->1 MB, 4 MB goal, 0 MB stacks, 0 MB globals, 8 P
gc 650 @5.736s 3%: 0.13+0.98+0.077 ms clock, 1.0+0.66/0.79/0+0.61 ms cpu, 3->3->1 MB, 4 MB goal, 0 MB stacks, 0 MB globals, 8 P
gc 651 @5.739s 3%: 0.073+0.64+0.18 ms clock, 0.58+0.82/0.77/0+1.4 ms cpu, 3->3->1 MB, 4 MB goal, 0 MB stacks, 0 MB globals, 8 P
gc 652 @5.742s 3%: 0.089+1.0+0.094 ms clock, 0.71+0.66/0.77/0+0.75 ms cpu, 3->4->1 MB, 4 MB goal, 0 MB stacks, 0 MB globals, 8 P
gc 653 @5.744s 3%: 0.095+0.63+0.094 ms clock, 0.76+0.80/0.71/0+0.75 ms cpu, 3->3->1 MB, 4 MB goal, 0 MB stacks, 0 MB globals, 8 P
gc 654 @5.747s 3%: 0.099+1.0+0.057 ms clock, 0.79+0.92/0.76/0+0.45 ms cpu, 3->4->1 MB, 4 MB goal, 0 MB stacks, 0 MB globals, 8 P
gc 655 @5.750s 3%: 0.093+0.55+0.095 ms clock, 0.74+0.74/0.72/0+0.76 ms cpu, 3->3->1 MB, 4 MB goal, 0 MB stacks, 0 MB globals, 8 P
gc 656 @5.752s 3%: 0.099+0.61+0.058 ms clock, 0.79+0.81/0.81/0+0.46 ms cpu, 3->3->1 MB, 4 MB goal, 0 MB stacks, 0 MB globals, 8 P
gc 657 @5.755s 3%: 0.14+0.64+0.090 ms clock, 1.1+0.57/0.85/0+0.72 ms cpu, 3->3->1 MB, 4 MB goal, 0 MB stacks, 0 MB globals, 8 P
gc 658 @5.757s 3%: 0.098+0.60+0.10 ms clock, 0.78+0.72/0.70/0+0.86 ms cpu, 3->3->1 MB, 4 MB goal, 0 MB stacks, 0 MB globals, 8 P
gc 659 @5.760s 3%: 0.16+0.74+0.13 ms clock, 1.2+0.83/0.88/0+1.1 ms cpu, 3->3->1 MB, 4 MB goal, 0 MB stacks, 0 MB globals, 8 P
gc 660 @5.762s 3%: 0.073+0.53+0.096 ms clock, 0.59+0.90/0.59/0+0.76 ms cpu, 3->3->1 MB, 4 MB goal, 0 MB stacks, 0 MB globals, 8 P
gc 661 @5.765s 3%: 0.13+0.55+0.065 ms clock, 1.0+0.79/0.73/0+0.52 ms cpu, 3->3->1 MB, 4 MB goal, 0 MB stacks, 0 MB globals, 8 P
gc 662 @5.767s 3%: 0.11+0.76+0.068 ms clock, 0.90+0.69/0.71/0+0.54 ms cpu, 3->3->1 MB, 4 MB goal, 0 MB stacks, 0 MB globals, 8 P
gc 663 @5.770s 3%: 0.13+0.66+0.15 ms clock, 1.0+0.81/0.71/0+1.2 ms cpu, 3->3->1 MB, 4 MB goal, 0 MB stacks, 0 MB globals, 8 P
gc 664 @5.772s 3%: 0.12+0.77+0.068 ms clock, 0.99+0.81/0.80/0+0.54 ms cpu, 3->3->1 MB, 4 MB goal, 0 MB stacks, 0 MB globals, 8 P
gc 665 @5.775s 3%: 0.11+1.1+0.079 ms clock, 0.88+0.84/0.71/0+0.63 ms cpu, 3->4->1 MB, 4 MB goal, 0 MB stacks, 0 MB globals, 8 P
gc 666 @5.777s 3%: 0.091+0.56+0.074 ms clock, 0.73+0.71/0.82/0+0.59 ms cpu, 3->3->1 MB, 4 MB goal, 0 MB stacks, 0 MB globals, 8 P
gc 667 @5.780s 3%: 0.068+0.81+0.10 ms clock, 0.54+0.71/0.82/0+0.86 ms cpu, 3->3->1 MB, 4 MB goal, 0 MB stacks, 0 MB globals, 8 P
gc 668 @5.783s 3%: 0.10+0.77+0.10 ms clock, 0.87+0.67/0.92/0+0.86 ms cpu, 3->3->1 MB, 4 MB goal, 0 MB stacks, 0 MB globals, 8 P
gc 669 @5.785s 3%: 0.12+0.63+0.11 ms clock, 1.0+0.76/0.73/0+0.93 ms cpu, 3->3->1 MB, 4 MB goal, 0 MB stacks, 0 MB globals, 8 P
gc 670 @5.788s 3%: 0.18+0.63+0.10 ms clock, 1.4+0.66/0.82/0+0.85 ms cpu, 3->3->1 MB, 4 MB goal, 0 MB stacks, 0 MB globals, 8 P
gc 671 @5.790s 3%: 0.10+0.64+0.10 ms clock, 0.80+0.61/0.85/0+0.83 ms cpu, 3->3->1 MB, 4 MB goal, 0 MB stacks, 0 MB globals, 8 P
gc 672 @5.793s 3%: 0.11+0.94+0.051 ms clock, 0.91+0.57/0.77/0+0.41 ms cpu, 3->3->1 MB, 4 MB goal, 0 MB stacks, 0 MB globals, 8 P
gc 673 @5.796s 3%: 0.14+1.0+0.092 ms clock, 1.1+0.54/0.87/0+0.74 ms cpu, 3->4->1 MB, 4 MB goal, 0 MB stacks, 0 MB globals, 8 P
gc 674 @5.798s 3%: 0.18+0.89+0.086 ms clock, 1.4+1.1/0.83/0+0.69 ms cpu, 3->4->1 MB, 4 MB goal, 0 MB stacks, 0 MB globals, 8 P
gc 675 @5.801s 3%: 0.14+0.54+0.19 ms clock, 1.1+0.74/0.83/0+1.5 ms cpu, 3->3->1 MB, 4 MB goal, 0 MB stacks, 0 MB globals, 8 P
gc 676 @5.803s 3%: 0.12+0.73+0.12 ms clock, 1.0+0.91/0.78/0+0.99 ms cpu, 3->3->1 MB, 4 MB goal, 0 MB stacks, 0 MB globals, 8 P
gc 677 @5.806s 3%: 0.10+0.58+0.10 ms clock, 0.85+0.77/0.74/0+0.80 ms cpu, 3->3->1 MB, 4 MB goal, 0 MB stacks, 0 MB globals, 8 P
gc 678 @5.808s 3%: 0.10+0.63+0.14 ms clock, 0.86+0.73/0.72/0+1.1 ms cpu, 3->3->1 MB, 4 MB goal, 0 MB stacks, 0 MB globals, 8 P
gc 679 @5.811s 3%: 0.089+0.55+0.11 ms clock, 0.71+0.81/0.76/0+0.88 ms cpu, 3->3->1 MB, 4 MB goal, 0 MB stacks, 0 MB globals, 8 P
gc 680 @5.813s 3%: 0.076+0.79+0.11 ms clock, 0.60+0.90/0.72/0+0.94 ms cpu, 3->3->1 MB, 4 MB goal, 0 MB stacks, 0 MB globals, 8 P
gc 681 @5.816s 3%: 0.11+0.85+0.13 ms clock, 0.93+0.77/0.82/0+1.0 ms cpu, 3->3->1 MB, 4 MB goal, 0 MB stacks, 0 MB globals, 8 P
gc 682 @5.818s 3%: 0.12+0.63+0.072 ms clock, 0.96+0.93/0.79/0+0.58 ms cpu, 3->3->1 MB, 4 MB goal, 0 MB stacks, 0 MB globals, 8 P
gc 683 @5.821s 3%: 0.11+0.60+0.12 ms clock, 0.94+0.84/0.72/0+0.97 ms cpu, 3->3->1 MB, 4 MB goal, 0 MB stacks, 0 MB globals, 8 P
gc 684 @5.823s 3%: 0.067+0.78+0.10 ms clock, 0.54+0.72/0.76/0+0.81 ms cpu, 3->3->1 MB, 4 MB goal, 0 MB stacks, 0 MB globals, 8 P
gc 685 @5.826s 3%: 0.11+0.64+0.17 ms clock, 0.90+0.68/0.73/0+1.4 ms cpu, 3->3->1 MB, 4 MB goal, 0 MB stacks, 0 MB globals, 8 P
gc 686 @5.828s 3%: 0.13+0.62+0.047 ms clock, 1.1+0.75/0.80/0+0.38 ms cpu, 3->3->1 MB, 4 MB goal, 0 MB stacks, 0 MB globals, 8 P
gc 687 @5.831s 3%: 0.097+0.59+0.098 ms clock, 0.78+0.88/0.76/0+0.78 ms cpu, 3->3->1 MB, 4 MB goal, 0 MB stacks, 0 MB globals, 8 P
gc 688 @5.833s 3%: 0.11+0.63+0.071 ms clock, 0.94+0.83/0.75/0+0.57 ms cpu, 3->3->1 MB, 4 MB goal, 0 MB stacks, 0 MB globals, 8 P
gc 689 @5.836s 3%: 0.15+0.55+0.086 ms clock, 1.2+0.81/0.78/0+0.69 ms cpu, 3->3->1 MB, 4 MB goal, 0 MB stacks, 0 MB globals, 8 P
gc 690 @5.838s 3%: 0.12+1.0+0.095 ms clock, 1.0+0.69/0.82/0+0.76 ms cpu, 3->4->1 MB, 4 MB goal, 0 MB stacks, 0 MB globals, 8 P
gc 691 @5.842s 3%: 0.073+0.75+0.060 ms clock, 0.58+0.86/0.75/0+0.48 ms cpu, 3->4->1 MB, 4 MB goal, 0 MB stacks, 0 MB globals, 8 P
gc 692 @5.844s 3%: 0.11+0.64+0.073 ms clock, 0.89+0.80/0.91/0+0.59 ms cpu, 3->3->1 MB, 4 MB goal, 0 MB stacks, 0 MB globals, 8 P
gc 693 @5.846s 3%: 0.083+0.53+0.11 ms clock, 0.66+0.86/0.66/0+0.88 ms cpu, 3->3->1 MB, 4 MB goal, 0 MB stacks, 0 MB globals, 8 P
gc 694 @5.849s 3%: 0.087+0.91+0.098 ms clock, 0.69+0.87/0.75/0+0.78 ms cpu, 3->3->1 MB, 4 MB goal, 0 MB stacks, 0 MB globals, 8 P
gc 695 @5.852s 3%: 0.078+0.66+0.092 ms clock, 0.62+0.79/0.92/0+0.74 ms cpu, 3->3->1 MB, 4 MB goal, 0 MB stacks, 0 MB globals, 8 P
gc 696 @5.854s 3%: 0.11+0.63+0.12 ms clock, 0.91+0.84/0.77/0+0.98 ms cpu, 3->3->1 MB, 4 MB goal, 0 MB stacks, 0 MB globals, 8 P
gc 697 @5.856s 3%: 0.14+1.0+0.086 ms clock, 1.1+0.59/0.93/0+0.69 ms cpu, 3->3->1 MB, 4 MB goal, 0 MB stacks, 0 MB globals, 8 P
gc 698 @5.859s 3%: 0.10+0.59+0.14 ms clock, 0.81+0.82/0.83/0+1.1 ms cpu, 3->3->1 MB, 4 MB goal, 0 MB stacks, 0 MB globals, 8 P
gc 699 @5.862s 3%: 0.12+0.81+0.051 ms clock, 1.0+0.74/0.71/0+0.40 ms cpu, 3->3->1 MB, 4 MB goal, 0 MB stacks, 0 MB globals, 8 P
gc 700 @5.864s 3%: 0.12+0.58+0.058 ms clock, 1.0+0.63/0.83/0+0.46 ms cpu, 3->3->1 MB, 4 MB goal, 0 MB stacks, 0 MB globals, 8 P
gc 701 @5.867s 3%: 0.15+0.56+0.16 ms clock, 1.2+0.76/0.78/0+1.3 ms cpu, 3->3->1 MB, 4 MB goal, 0 MB stacks, 0 MB globals, 8 P
gc 702 @5.869s 3%: 0.12+0.60+0.10 ms clock, 0.99+0.80/0.74/0+0.86 ms cpu, 3->3->1 MB, 4 MB goal, 0 MB stacks, 0 MB globals, 8 P
gc 703 @5.872s 3%: 0.13+1.2+0.10 ms clock, 1.0+0.83/0.89/0+0.81 ms cpu, 3->4->2 MB, 4 MB goal, 0 MB stacks, 0 MB globals, 8 P
gc 704 @5.875s 3%: 0.098+0.64+0.097 ms clock, 0.78+0.80/0.80/0+0.77 ms cpu, 3->4->1 MB, 4 MB goal, 0 MB stacks, 0 MB globals, 8 P
gc 705 @5.877s 3%: 0.13+0.52+0.060 ms clock, 1.0+0.82/0.68/0+0.48 ms cpu, 3->3->1 MB, 4 MB goal, 0 MB stacks, 0 MB globals, 8 P
gc 706 @5.880s 3%: 0.13+0.58+0.10 ms clock, 1.0+0.80/0.77/0+0.85 ms cpu, 3->3->1 MB, 4 MB goal, 0 MB stacks, 0 MB globals, 8 P
gc 707 @5.882s 3%: 0.11+0.61+0.086 ms clock, 0.89+0.73/0.76/0+0.69 ms cpu, 3->3->1 MB, 4 MB goal, 0 MB stacks, 0 MB globals, 8 P
gc 708 @5.885s 3%: 0.11+0.68+0.080 ms clock, 0.89+0.67/0.82/0+0.64 ms cpu, 3->3->1 MB, 4 MB goal, 0 MB stacks, 0 MB globals, 8 P
gc 709 @5.887s 3%: 0.077+0.62+0.10 ms clock, 0.61+0.63/0.79/0+0.86 ms cpu, 3->3->1 MB, 4 MB goal, 0 MB stacks, 0 MB globals, 8 P
gc 710 @5.890s 3%: 0.087+0.74+0.040 ms clock, 0.70+0.83/0.96/0+0.32 ms cpu, 3->3->1 MB, 4 MB goal, 0 MB stacks, 0 MB globals, 8 P
gc 711 @5.892s 3%: 0.13+0.61+0.097 ms clock, 1.0+0.80/0.78/0+0.77 ms cpu, 3->3->1 MB, 4 MB goal, 0 MB stacks, 0 MB globals, 8 P
gc 712 @5.895s 3%: 0.10+0.77+0.043 ms clock, 0.87+0.47/0.95/0+0.34 ms cpu, 3->3->1 MB, 4 MB goal, 0 MB stacks, 0 MB globals, 8 P
gc 713 @5.897s 3%: 0.16+0.83+0.077 ms clock, 1.3+0.50/0.86/0+0.62 ms cpu, 3->4->1 MB, 4 MB goal, 0 MB stacks, 0 MB globals, 8 P
gc 714 @5.900s 3%: 0.12+0.69+0.063 ms clock, 1.0+0.65/0.78/0+0.50 ms cpu, 3->3->1 MB, 4 MB goal, 0 MB stacks, 0 MB globals, 8 P
gc 715 @5.902s 3%: 0.11+0.60+0.093 ms clock, 0.93+0.75/0.83/0+0.74 ms cpu, 3->3->1 MB, 4 MB goal, 0 MB stacks, 0 MB globals, 8 P
gc 716 @5.905s 3%: 0.091+0.78+0.088 ms clock, 0.73+0.73/0.93/0+0.71 ms cpu, 3->3->1 MB, 4 MB goal, 0 MB stacks, 0 MB globals, 8 P
gc 717 @5.907s 3%: 0.14+1.3+0.092 ms clock, 1.1+0.60/0.90/0+0.74 ms cpu, 3->4->2 MB, 4 MB goal, 0 MB stacks, 0 MB globals, 8 P
gc 718 @5.910s 3%: 0.12+0.69+0.078 ms clock, 0.99+0.77/0.85/0+0.62 ms cpu, 3->4->1 MB, 4 MB goal, 0 MB stacks, 0 MB globals, 8 P
gc 719 @5.913s 3%: 0.13+0.65+0.13 ms clock, 1.0+0.80/0.80/0+1.0 ms cpu, 3->3->1 MB, 4 MB goal, 0 MB stacks, 0 MB globals, 8 P
gc 720 @5.915s 3%: 0.087+0.58+0.068 ms clock, 0.70+0.76/0.77/0+0.54 ms cpu, 3->3->1 MB, 4 MB goal, 0 MB stacks, 0 MB globals, 8 P
gc 721 @5.918s 3%: 0.18+1.0+0.052 ms clock, 1.4+0.60/0.89/0+0.42 ms cpu, 3->3->1 MB, 4 MB goal, 0 MB stacks, 0 MB globals, 8 P
gc 722 @5.921s 3%: 0.14+0.71+0.12 ms clock, 1.1+0.77/0.83/0+0.98 ms cpu, 3->3->1 MB, 4 MB goal, 0 MB stacks, 0 MB globals, 8 P
gc 723 @5.923s 3%: 0.10+0.67+0.10 ms clock, 0.86+0.79/0.84/0+0.86 ms cpu, 3->3->1 MB, 4 MB goal, 0 MB stacks, 0 MB globals, 8 P
gc 724 @5.926s 3%: 0.14+0.54+0.075 ms clock, 1.1+0.83/0.79/0+0.60 ms cpu, 3->3->1 MB, 4 MB goal, 0 MB stacks, 0 MB globals, 8 P
gc 725 @5.928s 3%: 0.12+0.70+0.10 ms clock, 1.0+0.80/0.94/0+0.81 ms cpu, 3->3->1 MB, 4 MB goal, 0 MB stacks, 0 MB globals, 8 P
gc 726 @5.930s 3%: 0.11+0.68+0.096 ms clock, 0.89+0.86/0.73/0+0.76 ms cpu, 3->3->1 MB, 4 MB goal, 0 MB stacks, 0 MB globals, 8 P
gc 727 @5.933s 3%: 0.13+0.68+0.12 ms clock, 1.0+0.78/0.81/0+0.96 ms cpu, 3->3->1 MB, 4 MB goal, 0 MB stacks, 0 MB globals, 8 P
gc 728 @5.936s 3%: 0.10+0.60+0.14 ms clock, 0.86+0.90/0.80/0+1.1 ms cpu, 3->3->1 MB, 4 MB goal, 0 MB stacks, 0 MB globals, 8 P
gc 729 @5.938s 3%: 0.11+0.57+0.075 ms clock, 0.88+0.71/0.75/0+0.60 ms cpu, 3->3->1 MB, 4 MB goal, 0 MB stacks, 0 MB globals, 8 P
gc 730 @5.940s 3%: 0.099+1.1+0.074 ms clock, 0.79+0.86/0.76/0+0.59 ms cpu, 3->4->1 MB, 4 MB goal, 0 MB stacks, 0 MB globals, 8 P
gc 731 @5.943s 3%: 0.10+0.61+0.10 ms clock, 0.86+0.67/0.81/0+0.85 ms cpu, 3->3->1 MB, 4 MB goal, 0 MB stacks, 0 MB globals, 8 P
gc 732 @5.946s 3%: 0.11+0.65+0.054 ms clock, 0.93+0.84/0.79/0+0.43 ms cpu, 3->3->1 MB, 4 MB goal, 0 MB stacks, 0 MB globals, 8 P
gc 733 @5.948s 3%: 0.13+0.71+0.10 ms clock, 1.1+0.88/0.72/0+0.80 ms cpu, 3->3->1 MB, 4 MB goal, 0 MB stacks, 0 MB globals, 8 P
gc 734 @5.951s 3%: 0.14+0.53+0.10 ms clock, 1.1+0.68/0.84/0+0.84 ms cpu, 3->3->1 MB, 4 MB goal, 0 MB stacks, 0 MB globals, 8 P
gc 735 @5.953s 3%: 0.093+0.98+0.096 ms clock, 0.74+0.80/0.73/0+0.77 ms cpu, 3->3->1 MB, 4 MB goal, 0 MB stacks, 0 MB globals, 8 P
gc 736 @5.956s 3%: 0.21+0.71+0.057 ms clock, 1.7+0.89/0.71/0+0.46 ms cpu, 3->4->1 MB, 4 MB goal, 0 MB stacks, 0 MB globals, 8 P
gc 737 @5.958s 3%: 0.092+0.63+0.10 ms clock, 0.73+0.97/0.64/0+0.82 ms cpu, 3->3->1 MB, 4 MB goal, 0 MB stacks, 0 MB globals, 8 P
gc 738 @5.961s 3%: 0.11+0.78+0.091 ms clock, 0.90+0.83/0.69/0+0.73 ms cpu, 3->3->1 MB, 4 MB goal, 0 MB stacks, 0 MB globals, 8 P
gc 739 @5.963s 3%: 0.12+0.63+0.098 ms clock, 0.98+0.57/0.85/0+0.79 ms cpu, 3->3->1 MB, 4 MB goal, 0 MB stacks, 0 MB globals, 8 P
gc 740 @5.966s 3%: 0.11+0.55+0.050 ms clock, 0.94+0.71/0.80/0+0.40 ms cpu, 3->3->1 MB, 4 MB goal, 0 MB stacks, 0 MB globals, 8 P
gc 741 @5.968s 3%: 0.084+0.64+0.095 ms clock, 0.67+0.76/0.86/0+0.76 ms cpu, 3->3->1 MB, 4 MB goal, 0 MB stacks, 0 MB globals, 8 P
gc 742 @5.971s 3%: 0.13+0.75+0.12 ms clock, 1.0+0.77/0.85/0+0.96 ms cpu, 3->3->1 MB, 4 MB goal, 0 MB stacks, 0 MB globals, 8 P
gc 743 @5.973s 3%: 0.10+0.55+0.10 ms clock, 0.83+0.68/0.81/0+0.86 ms cpu, 3->3->1 MB, 4 MB goal, 0 MB stacks, 0 MB globals, 8 P
gc 744 @5.976s 3%: 0.10+0.59+0.084 ms clock, 0.85+0.61/0.84/0+0.67 ms cpu, 3->3->1 MB, 4 MB goal, 0 MB stacks, 0 MB globals, 8 P
gc 745 @5.979s 3%: 0.35+0.63+0.12 ms clock, 2.8+0.75/0.91/0+1.0 ms cpu, 3->3->1 MB, 4 MB goal, 0 MB stacks, 0 MB globals, 8 P
gc 746 @5.981s 3%: 0.16+0.87+0.088 ms clock, 1.3+0.61/0.82/0+0.70 ms cpu, 3->3->1 MB, 4 MB goal, 0 MB stacks, 0 MB globals, 8 P
gc 747 @5.984s 3%: 0.083+0.75+0.094 ms clock, 0.66+0.90/0.80/0+0.75 ms cpu, 3->3->1 MB, 4 MB goal, 0 MB stacks, 0 MB globals, 8 P
gc 748 @5.986s 3%: 0.12+0.98+0.081 ms clock, 1.0+0.81/0.77/0+0.65 ms cpu, 3->4->1 MB, 4 MB goal, 0 MB stacks, 0 MB globals, 8 P
gc 749 @5.989s 3%: 0.12+0.66+0.11 ms clock, 0.98+0.63/0.86/0+0.88 ms cpu, 3->3->1 MB, 4 MB goal, 0 MB stacks, 0 MB globals, 8 P
gc 750 @5.992s 3%: 0.10+0.81+0.088 ms clock, 0.80+0.81/0.79/0+0.70 ms cpu, 3->3->1 MB, 4 MB goal, 0 MB stacks, 0 MB globals, 8 P
gc 751 @5.994s 3%: 0.094+0.58+0.16 ms clock, 0.75+0.90/0.72/0+1.3 ms cpu, 3->3->1 MB, 4 MB goal, 0 MB stacks, 0 MB globals, 8 P
gc 752 @5.997s 3%: 0.064+0.63+0.11 ms clock, 0.51+0.70/0.88/0+0.91 ms cpu, 3->3->1 MB, 4 MB goal, 0 MB stacks, 0 MB globals, 8 P
gc 753 @5.999s 3%: 0.089+0.56+0.12 ms clock, 0.71+0.72/0.74/0+1.0 ms cpu, 3->3->1 MB, 4 MB goal, 0 MB stacks, 0 MB globals, 8 P
gc 754 @6.002s 3%: 0.18+0.56+0.10 ms clock, 1.5+0.62/0.77/0+0.85 ms cpu, 3->3->1 MB, 4 MB goal, 0 MB stacks, 0 MB globals, 8 P
gc 755 @6.004s 3%: 0.10+0.62+0.062 ms clock, 0.83+0.81/0.78/0+0.49 ms cpu, 3->3->1 MB, 4 MB goal, 0 MB stacks, 0 MB globals, 8 P
gc 756 @6.007s 3%: 0.11+0.82+0.065 ms clock, 0.90+1.2/0.86/0+0.52 ms cpu, 3->3->1 MB, 4 MB goal, 0 MB stacks, 0 MB globals, 8 P
gc 757 @6.009s 3%: 0.11+0.55+0.073 ms clock, 0.94+0.68/0.82/0+0.58 ms cpu, 3->3->1 MB, 4 MB goal, 0 MB stacks, 0 MB globals, 8 P
gc 758 @6.012s 3%: 0.15+0.58+0.063 ms clock, 1.2+0.82/0.74/0+0.50 ms cpu, 3->3->1 MB, 4 MB goal, 0 MB stacks, 0 MB globals, 8 P
gc 759 @6.014s 3%: 0.12+0.61+0.075 ms clock, 1.0+0.72/0.81/0+0.60 ms cpu, 3->3->1 MB, 4 MB goal, 0 MB stacks, 0 MB globals, 8 P
gc 760 @6.017s 3%: 0.11+0.60+0.064 ms clock, 0.95+0.75/0.79/0+0.51 ms cpu, 3->3->1 MB, 4 MB goal, 0 MB stacks, 0 MB globals, 8 P
gc 761 @6.019s 3%: 0.11+0.50+0.12 ms clock, 0.90+0.82/0.73/0+1.0 ms cpu, 3->3->1 MB, 4 MB goal, 0 MB stacks, 0 MB globals, 8 P
gc 762 @6.022s 3%: 0.14+0.77+0.12 ms clock, 1.1+0.71/0.84/0+1.0 ms cpu, 3->3->1 MB, 4 MB goal, 0 MB stacks, 0 MB globals, 8 P
gc 763 @6.024s 3%: 0.089+0.61+0.098 ms clock, 0.71+0.89/0.81/0+0.79 ms cpu, 3->3->1 MB, 4 MB goal, 0 MB stacks, 0 MB globals, 8 P
gc 764 @6.027s 3%: 0.094+1.0+0.088 ms clock, 0.75+0.72/0.81/0+0.71 ms cpu, 3->3->1 MB, 4 MB goal, 0 MB stacks, 0 MB globals, 8 P
gc 765 @6.029s 3%: 0.060+0.53+0.13 ms clock, 0.48+0.75/0.70/0+1.0 ms cpu, 3->3->1 MB, 4 MB goal, 0 MB stacks, 0 MB globals, 8 P
gc 766 @6.032s 3%: 0.19+0.94+0.075 ms clock, 1.5+0.88/0.81/0+0.60 ms cpu, 3->4->1 MB, 4 MB goal, 0 MB stacks, 0 MB globals, 8 P
gc 767 @6.035s 3%: 0.10+0.65+0.11 ms clock, 0.81+0.75/0.87/0+0.89 ms cpu, 3->4->1 MB, 4 MB goal, 0 MB stacks, 0 MB globals, 8 P
gc 768 @6.037s 3%: 0.17+0.69+0.12 ms clock, 1.4+0.74/0.76/0+0.98 ms cpu, 3->3->1 MB, 4 MB goal, 0 MB stacks, 0 MB globals, 8 P
gc 769 @6.040s 3%: 0.16+0.80+0.047 ms clock, 1.2+0.72/0.75/0+0.38 ms cpu, 3->3->1 MB, 4 MB goal, 0 MB stacks, 0 MB globals, 8 P
gc 770 @6.042s 3%: 0.10+0.67+0.061 ms clock, 0.85+0.75/0.75/0+0.48 ms cpu, 3->3->1 MB, 4 MB goal, 0 MB stacks, 0 MB globals, 8 P
gc 771 @6.045s 3%: 0.099+0.57+0.092 ms clock, 0.79+0.71/0.81/0+0.74 ms cpu, 3->3->1 MB, 4 MB goal, 0 MB stacks, 0 MB globals, 8 P
gc 772 @6.047s 3%: 0.11+0.73+0.066 ms clock, 0.94+0.67/0.84/0+0.53 ms cpu, 3->3->1 MB, 4 MB goal, 0 MB stacks, 0 MB globals, 8 P
gc 773 @6.050s 3%: 0.10+0.60+0.083 ms clock, 0.81+0.68/0.84/0+0.66 ms cpu, 3->3->1 MB, 4 MB goal, 0 MB stacks, 0 MB globals, 8 P
gc 774 @6.052s 3%: 0.099+0.60+0.068 ms clock, 0.79+0.65/0.75/0+0.54 ms cpu, 3->3->1 MB, 4 MB goal, 0 MB stacks, 0 MB globals, 8 P
gc 775 @6.055s 3%: 0.13+0.62+0.11 ms clock, 1.0+0.68/0.77/0+0.94 ms cpu, 3->3->1 MB, 4 MB goal, 0 MB stacks, 0 MB globals, 8 P
gc 776 @6.057s 3%: 0.10+0.99+0.093 ms clock, 0.85+0.82/0.81/0+0.75 ms cpu, 3->4->1 MB, 4 MB goal, 0 MB stacks, 0 MB globals, 8 P
gc 777 @6.060s 3%: 0.13+0.66+0.11 ms clock, 1.0+0.80/0.72/0+0.91 ms cpu, 3->3->1 MB, 4 MB goal, 0 MB stacks, 0 MB globals, 8 P
gc 778 @6.063s 3%: 0.12+0.67+0.092 ms clock, 1.0+0.79/0.85/0+0.73 ms cpu, 3->3->1 MB, 4 MB goal, 0 MB stacks, 0 MB globals, 8 P
gc 779 @6.065s 4%: 0.16+0.82+0.12 ms clock, 1.2+0.68/0.72/0+0.96 ms cpu, 3->3->1 MB, 4 MB goal, 0 MB stacks, 0 MB globals, 8 P
gc 780 @6.068s 4%: 0.14+0.66+0.13 ms clock, 1.1+0.84/0.69/0+1.0 ms cpu, 3->3->1 MB, 4 MB goal, 0 MB stacks, 0 MB globals, 8 P
gc 781 @6.070s 4%: 0.16+1.0+0.068 ms clock, 1.3+0.77/0.78/0+0.54 ms cpu, 3->4->1 MB, 4 MB goal, 0 MB stacks, 0 MB globals, 8 P
gc 782 @6.073s 4%: 0.11+1.2+0.051 ms clock, 0.95+0.79/0.76/0+0.41 ms cpu, 3->4->2 MB, 4 MB goal, 0 MB stacks, 0 MB globals, 8 P
gc 783 @6.076s 4%: 0.19+0.71+0.087 ms clock, 1.5+0.78/0.74/0+0.70 ms cpu, 3->4->1 MB, 4 MB goal, 0 MB stacks, 0 MB globals, 8 P
gc 784 @6.079s 4%: 0.082+0.92+0.15 ms clock, 0.65+0.61/0.80/0+1.2 ms cpu, 3->4->1 MB, 4 MB goal, 0 MB stacks, 0 MB globals, 8 P
gc 785 @6.081s 4%: 0.086+0.84+0.052 ms clock, 0.69+0.65/0.90/0+0.41 ms cpu, 3->3->1 MB, 4 MB goal, 0 MB stacks, 0 MB globals, 8 P
gc 786 @6.084s 4%: 0.11+0.63+0.19 ms clock, 0.94+0.76/0.78/0+1.5 ms cpu, 3->3->1 MB, 4 MB goal, 0 MB stacks, 0 MB globals, 8 P
gc 787 @6.086s 4%: 0.19+0.84+0.078 ms clock, 1.5+0.66/0.82/0+0.62 ms cpu, 3->3->1 MB, 4 MB goal, 0 MB stacks, 0 MB globals, 8 P
gc 788 @6.089s 4%: 0.16+0.56+0.082 ms clock, 1.3+0.82/0.71/0+0.66 ms cpu, 3->3->1 MB, 4 MB goal, 0 MB stacks, 0 MB globals, 8 P
gc 789 @6.092s 4%: 0.12+0.67+0.10 ms clock, 0.99+0.88/0.69/0.038+0.82 ms cpu, 3->3->1 MB, 4 MB goal, 0 MB stacks, 0 MB globals, 8 P
gc 790 @6.094s 4%: 0.13+0.68+0.086 ms clock, 1.0+0.72/0.82/0+0.69 ms cpu, 3->3->1 MB, 4 MB goal, 0 MB stacks, 0 MB globals, 8 P
gc 791 @6.096s 4%: 0.096+0.68+0.093 ms clock, 0.77+0.78/0.83/0+0.75 ms cpu, 3->3->1 MB, 4 MB goal, 0 MB stacks, 0 MB globals, 8 P
gc 792 @6.099s 4%: 0.11+1.0+0.10 ms clock, 0.93+0.73/0.85/0+0.81 ms cpu, 3->4->1 MB, 4 MB goal, 0 MB stacks, 0 MB globals, 8 P
gc 793 @6.102s 4%: 0.10+0.60+0.074 ms clock, 0.80+0.78/0.78/0+0.59 ms cpu, 3->3->1 MB, 4 MB goal, 0 MB stacks, 0 MB globals, 8 P
gc 794 @6.104s 4%: 0.11+0.58+0.077 ms clock, 0.91+0.82/0.84/0+0.62 ms cpu, 3->3->1 MB, 4 MB goal, 0 MB stacks, 0 MB globals, 8 P
gc 795 @6.107s 4%: 0.10+0.61+0.064 ms clock, 0.86+0.71/0.93/0+0.51 ms cpu, 3->3->1 MB, 4 MB goal, 0 MB stacks, 0 MB globals, 8 P
gc 796 @6.109s 4%: 0.089+0.69+0.12 ms clock, 0.71+0.80/0.82/0+0.99 ms cpu, 3->3->1 MB, 4 MB goal, 0 MB stacks, 0 MB globals, 8 P
gc 797 @6.112s 4%: 0.096+1.0+0.10 ms clock, 0.77+0.84/0.89/0+0.81 ms cpu, 3->4->2 MB, 4 MB goal, 0 MB stacks, 0 MB globals, 8 P
gc 798 @6.115s 4%: 0.17+0.79+0.11 ms clock, 1.4+0.67/0.82/0+0.95 ms cpu, 3->4->1 MB, 4 MB goal, 0 MB stacks, 0 MB globals, 8 P
gc 799 @6.117s 4%: 0.12+0.63+0.14 ms clock, 1.0+0.80/0.80/0+1.1 ms cpu, 3->3->1 MB, 4 MB goal, 0 MB stacks, 0 MB globals, 8 P
gc 800 @6.120s 4%: 0.19+0.84+0.12 ms clock, 1.5+0.61/1.0/0+1.0 ms cpu, 3->3->1 MB, 4 MB goal, 0 MB stacks, 0 MB globals, 8 P
gc 801 @6.122s 4%: 0.096+0.67+0.14 ms clock, 0.77+0.72/0.76/0+1.1 ms cpu, 3->3->1 MB, 4 MB goal, 0 MB stacks, 0 MB globals, 8 P
gc 802 @6.125s 4%: 0.11+0.65+0.099 ms clock, 0.93+0.74/0.80/0+0.79 ms cpu, 3->3->1 MB, 4 MB goal, 0 MB stacks, 0 MB globals, 8 P
gc 803 @6.127s 4%: 0.11+0.64+0.089 ms clock, 0.94+0.72/0.82/0+0.71 ms cpu, 3->3->1 MB, 4 MB goal, 0 MB stacks, 0 MB globals, 8 P
gc 804 @6.130s 4%: 0.12+1.2+0.061 ms clock, 0.96+1.4/0.76/0+0.49 ms cpu, 3->4->2 MB, 4 MB goal, 0 MB stacks, 0 MB globals, 8 P
gc 805 @6.133s 4%: 0.11+0.58+0.064 ms clock, 0.92+0.78/0.77/0+0.51 ms cpu, 3->4->1 MB, 4 MB goal, 0 MB stacks, 0 MB globals, 8 P
gc 806 @6.135s 4%: 0.12+0.91+0.080 ms clock, 0.97+0.76/0.77/0+0.64 ms cpu, 3->3->1 MB, 4 MB goal, 0 MB stacks, 0 MB globals, 8 P
gc 807 @6.138s 4%: 0.076+1.0+0.12 ms clock, 0.61+0.75/0.81/0+0.98 ms cpu, 3->4->1 MB, 4 MB goal, 0 MB stacks, 0 MB globals, 8 P
gc 808 @6.141s 4%: 0.10+0.62+0.073 ms clock, 0.81+0.79/0.81/0+0.58 ms cpu, 3->3->1 MB, 4 MB goal, 0 MB stacks, 0 MB globals, 8 P
gc 809 @6.143s 4%: 0.11+0.65+0.11 ms clock, 0.88+0.75/0.75/0+0.90 ms cpu, 3->3->1 MB, 4 MB goal, 0 MB stacks, 0 MB globals, 8 P
gc 810 @6.146s 4%: 0.11+0.89+0.034 ms clock, 0.93+0.57/0.79/0+0.27 ms cpu, 3->3->1 MB, 4 MB goal, 0 MB stacks, 0 MB globals, 8 P
gc 811 @6.148s 4%: 0.11+0.65+0.081 ms clock, 0.92+0.71/0.89/0+0.65 ms cpu, 3->3->1 MB, 4 MB goal, 0 MB stacks, 0 MB globals, 8 P
gc 812 @6.151s 4%: 0.078+1.0+0.10 ms clock, 0.62+0.38/0.97/0+0.84 ms cpu, 3->3->1 MB, 4 MB goal, 0 MB stacks, 0 MB globals, 8 P
gc 813 @6.153s 4%: 0.092+0.55+0.087 ms clock, 0.73+0.87/0.67/0+0.70 ms cpu, 3->3->1 MB, 4 MB goal, 0 MB stacks, 0 MB globals, 8 P
gc 814 @6.156s 4%: 0.12+0.65+0.077 ms clock, 1.0+0.75/0.86/0+0.62 ms cpu, 3->3->1 MB, 4 MB goal, 0 MB stacks, 0 MB globals, 8 P
gc 815 @6.158s 4%: 0.097+0.59+0.10 ms clock, 0.78+0.62/0.85/0+0.85 ms cpu, 3->3->1 MB, 4 MB goal, 0 MB stacks, 0 MB globals, 8 P
gc 816 @6.161s 4%: 0.12+1.1+0.063 ms clock, 1.0+0.72/0.75/0+0.50 ms cpu, 3->4->2 MB, 4 MB goal, 0 MB stacks, 0 MB globals, 8 P
gc 817 @6.164s 4%: 0.10+0.70+0.12 ms clock, 0.80+0.84/0.78/0+1.0 ms cpu, 3->4->1 MB, 4 MB goal, 0 MB stacks, 0 MB globals, 8 P
gc 818 @6.166s 4%: 0.14+0.66+0.17 ms clock, 1.1+0.73/0.79/0+1.4 ms cpu, 3->3->1 MB, 4 MB goal, 0 MB stacks, 0 MB globals, 8 P
gc 819 @6.169s 4%: 0.14+0.82+0.098 ms clock, 1.1+0.54/0.78/0+0.78 ms cpu, 3->3->1 MB, 4 MB goal, 0 MB stacks, 0 MB globals, 8 P
gc 820 @6.172s 4%: 0.14+1.3+0.070 ms clock, 1.1+0.71/0.79/0+0.56 ms cpu, 3->4->1 MB, 4 MB goal, 0 MB stacks, 0 MB globals, 8 P
gc 821 @6.174s 4%: 0.15+0.64+0.088 ms clock, 1.2+0.73/0.86/0+0.70 ms cpu, 3->3->1 MB, 4 MB goal, 0 MB stacks, 0 MB globals, 8 P
gc 822 @6.177s 4%: 0.10+0.64+0.11 ms clock, 0.85+0.78/0.90/0+0.89 ms cpu, 3->3->1 MB, 4 MB goal, 0 MB stacks, 0 MB globals, 8 P
gc 823 @6.179s 4%: 0.11+0.77+0.13 ms clock, 0.91+0.81/0.97/0+1.0 ms cpu, 3->3->1 MB, 4 MB goal, 0 MB stacks, 0 MB globals, 8 P
gc 824 @6.182s 4%: 0.15+0.88+0.054 ms clock, 1.2+0.75/0.71/0+0.43 ms cpu, 3->4->1 MB, 4 MB goal, 0 MB stacks, 0 MB globals, 8 P
gc 825 @6.185s 4%: 0.14+1.1+0.096 ms clock, 1.1+1.6/0.89/0+0.76 ms cpu, 3->4->1 MB, 4 MB goal, 0 MB stacks, 0 MB globals, 8 P
gc 826 @6.188s 4%: 0.082+0.60+0.059 ms clock, 0.66+0.80/0.96/0+0.47 ms cpu, 3->4->1 MB, 4 MB goal, 0 MB stacks, 0 MB globals, 8 P
gc 827 @6.190s 4%: 0.13+0.73+0.082 ms clock, 1.0+0.62/0.81/0+0.65 ms cpu, 3->3->1 MB, 4 MB goal, 0 MB stacks, 0 MB globals, 8 P
gc 828 @6.193s 4%: 0.10+0.59+0.10 ms clock, 0.84+0.63/0.83/0+0.83 ms cpu, 3->3->1 MB, 4 MB goal, 0 MB stacks, 0 MB globals, 8 P
gc 829 @6.195s 4%: 0.12+0.62+0.095 ms clock, 1.0+0.74/0.79/0+0.76 ms cpu, 3->3->1 MB, 4 MB goal, 0 MB stacks, 0 MB globals, 8 P
gc 830 @6.198s 4%: 0.097+0.77+0.12 ms clock, 0.78+0.80/0.90/0+0.98 ms cpu, 3->3->1 MB, 4 MB goal, 0 MB stacks, 0 MB globals, 8 P
gc 831 @6.200s 4%: 0.10+0.97+0.080 ms clock, 0.87+0.91/0.77/0+0.64 ms cpu, 3->4->1 MB, 4 MB goal, 0 MB stacks, 0 MB globals, 8 P
gc 832 @6.203s 4%: 0.11+0.65+0.096 ms clock, 0.89+0.85/0.70/0+0.77 ms cpu, 3->3->1 MB, 4 MB goal, 0 MB stacks, 0 MB globals, 8 P
gc 833 @6.206s 4%: 0.14+0.70+0.10 ms clock, 1.1+0.80/0.71/0+0.87 ms cpu, 3->3->1 MB, 4 MB goal, 0 MB stacks, 0 MB globals, 8 P
gc 834 @6.208s 4%: 0.097+0.62+0.15 ms clock, 0.77+0.77/0.82/0+1.2 ms cpu, 3->3->1 MB, 4 MB goal, 0 MB stacks, 0 MB globals, 8 P
gc 835 @6.211s 4%: 0.060+0.86+0.068 ms clock, 0.48+0.82/0.65/0+0.55 ms cpu, 3->3->1 MB, 4 MB goal, 0 MB stacks, 0 MB globals, 8 P
gc 836 @6.213s 4%: 0.15+0.74+0.16 ms clock, 1.2+0.78/0.93/0+1.3 ms cpu, 3->3->1 MB, 4 MB goal, 0 MB stacks, 0 MB globals, 8 P
gc 837 @6.216s 4%: 0.11+0.71+0.099 ms clock, 0.89+0.81/0.89/0+0.79 ms cpu, 3->3->1 MB, 4 MB goal, 0 MB stacks, 0 MB globals, 8 P
gc 838 @6.219s 4%: 0.12+0.50+0.10 ms clock, 1.0+0.80/0.70/0+0.83 ms cpu, 3->3->1 MB, 4 MB goal, 0 MB stacks, 0 MB globals, 8 P
gc 839 @6.221s 4%: 0.13+0.56+0.085 ms clock, 1.0+0.76/0.68/0+0.68 ms cpu, 3->3->1 MB, 4 MB goal, 0 MB stacks, 0 MB globals, 8 P
gc 840 @6.224s 4%: 0.084+1.0+0.11 ms clock, 0.67+0.92/1.1/0+0.88 ms cpu, 3->4->1 MB, 4 MB goal, 0 MB stacks, 0 MB globals, 8 P
gc 841 @6.227s 4%: 0.11+0.51+0.088 ms clock, 0.91+0.81/0.75/0+0.70 ms cpu, 3->3->1 MB, 4 MB goal, 0 MB stacks, 0 MB globals, 8 P
gc 842 @6.229s 4%: 0.12+0.57+0.069 ms clock, 0.98+0.80/0.74/0+0.55 ms cpu, 3->3->1 MB, 4 MB goal, 0 MB stacks, 0 MB globals, 8 P
gc 843 @6.231s 4%: 0.12+0.91+0.13 ms clock, 1.0+0.87/0.82/0+1.0 ms cpu, 3->3->1 MB, 4 MB goal, 0 MB stacks, 0 MB globals, 8 P
gc 844 @6.234s 4%: 0.10+0.64+0.11 ms clock, 0.86+0.77/0.75/0+0.93 ms cpu, 3->3->1 MB, 4 MB goal, 0 MB stacks, 0 MB globals, 8 P
gc 845 @6.237s 4%: 0.15+0.54+0.073 ms clock, 1.2+0.85/0.74/0+0.58 ms cpu, 3->3->1 MB, 4 MB goal, 0 MB stacks, 0 MB globals, 8 P
gc 846 @6.239s 4%: 0.14+0.60+0.092 ms clock, 1.1+0.69/0.88/0+0.73 ms cpu, 3->3->1 MB, 4 MB goal, 0 MB stacks, 0 MB globals, 8 P
gc 847 @6.242s 4%: 0.10+0.73+0.10 ms clock, 0.83+0.74/0.91/0+0.85 ms cpu, 3->3->1 MB, 4 MB goal, 0 MB stacks, 0 MB globals, 8 P
gc 848 @6.244s 4%: 0.10+0.87+0.078 ms clock, 0.84+0.79/0.87/0+0.62 ms cpu, 3->3->1 MB, 4 MB goal, 0 MB stacks, 0 MB globals, 8 P
gc 849 @6.247s 4%: 0.11+1.0+0.10 ms clock, 0.89+0.82/0.76/0+0.87 ms cpu, 3->4->1 MB, 4 MB goal, 0 MB stacks, 0 MB globals, 8 P
gc 850 @6.250s 4%: 0.10+0.52+0.084 ms clock, 0.80+0.74/0.72/0+0.67 ms cpu, 3->4->1 MB, 4 MB goal, 0 MB stacks, 0 MB globals, 8 P
gc 851 @6.252s 4%: 0.11+0.45+0.087 ms clock, 0.94+0.82/0.68/0+0.69 ms cpu, 3->3->1 MB, 4 MB goal, 0 MB stacks, 0 MB globals, 8 P
gc 852 @6.255s 4%: 0.098+0.61+0.075 ms clock, 0.78+0.78/0.76/0+0.60 ms cpu, 3->3->1 MB, 4 MB goal, 0 MB stacks, 0 MB globals, 8 P
gc 853 @6.257s 4%: 0.11+0.68+0.099 ms clock, 0.93+0.72/0.88/0+0.79 ms cpu, 3->3->1 MB, 4 MB goal, 0 MB stacks, 0 MB globals, 8 P
gc 854 @6.260s 4%: 0.13+0.66+0.10 ms clock, 1.0+0.75/0.78/0+0.86 ms cpu, 3->3->1 MB, 4 MB goal, 0 MB stacks, 0 MB globals, 8 P
gc 855 @6.262s 4%: 0.10+0.59+0.069 ms clock, 0.82+0.70/0.78/0+0.55 ms cpu, 3->3->1 MB, 4 MB goal, 0 MB stacks, 0 MB globals, 8 P
gc 856 @6.265s 4%: 0.12+0.83+0.063 ms clock, 0.96+0.66/0.80/0+0.51 ms cpu, 3->3->1 MB, 4 MB goal, 0 MB stacks, 0 MB globals, 8 P
gc 857 @6.267s 4%: 0.14+0.58+0.073 ms clock, 1.1+0.80/0.81/0+0.59 ms cpu, 3->3->1 MB, 4 MB goal, 0 MB stacks, 0 MB globals, 8 P
gc 858 @6.270s 4%: 0.083+0.53+0.089 ms clock, 0.66+0.75/0.72/0+0.71 ms cpu, 3->3->1 MB, 4 MB goal, 0 MB stacks, 0 MB globals, 8 P
gc 859 @6.272s 4%: 0.12+0.70+0.12 ms clock, 1.0+0.58/0.90/0+0.97 ms cpu, 3->3->1 MB, 4 MB goal, 0 MB stacks, 0 MB globals, 8 P
gc 860 @6.275s 4%: 0.16+0.56+0.073 ms clock, 1.2+0.80/0.71/0+0.58 ms cpu, 3->3->1 MB, 4 MB goal, 0 MB stacks, 0 MB globals, 8 P
gc 861 @6.277s 4%: 0.12+0.82+0.090 ms clock, 1.0+0.70/0.72/0+0.72 ms cpu, 3->3->1 MB, 4 MB goal, 0 MB stacks, 0 MB globals, 8 P
gc 862 @6.280s 4%: 0.11+0.70+0.053 ms clock, 0.88+0.76/0.79/0+0.42 ms cpu, 3->3->1 MB, 4 MB goal, 0 MB stacks, 0 MB globals, 8 P
gc 863 @6.282s 4%: 0.15+1.2+0.067 ms clock, 1.2+0.66/0.86/0+0.54 ms cpu, 3->4->2 MB, 4 MB goal, 0 MB stacks, 0 MB globals, 8 P
gc 864 @6.286s 4%: 0.15+1.3+0.058 ms clock, 1.2+0.68/0.81/0+0.47 ms cpu, 3->4->2 MB, 4 MB goal, 0 MB stacks, 0 MB globals, 8 P
gc 865 @6.289s 4%: 0.091+0.64+0.082 ms clock, 0.73+0.76/0.89/0+0.66 ms cpu, 3->4->1 MB, 4 MB goal, 0 MB stacks, 0 MB globals, 8 P
gc 866 @6.292s 4%: 0.15+0.64+0.094 ms clock, 1.2+0.84/0.78/0+0.75 ms cpu, 3->3->1 MB, 4 MB goal, 0 MB stacks, 0 MB globals, 8 P
gc 867 @6.294s 4%: 0.098+0.60+0.15 ms clock, 0.78+0.88/0.73/0+1.2 ms cpu, 3->3->1 MB, 4 MB goal, 0 MB stacks, 0 MB globals, 8 P
gc 868 @6.297s 4%: 0.12+0.64+0.088 ms clock, 0.98+0.87/0.68/0+0.71 ms cpu, 3->3->1 MB, 4 MB goal, 0 MB stacks, 0 MB globals, 8 P
gc 869 @6.299s 4%: 0.10+0.78+0.096 ms clock, 0.80+0.75/0.66/0+0.77 ms cpu, 3->3->1 MB, 4 MB goal, 0 MB stacks, 0 MB globals, 8 P
gc 870 @6.302s 4%: 0.10+0.57+0.11 ms clock, 0.85+0.73/0.71/0+0.89 ms cpu, 3->3->1 MB, 4 MB goal, 0 MB stacks, 0 MB globals, 8 P
gc 871 @6.304s 4%: 0.091+0.60+0.064 ms clock, 0.73+0.79/0.85/0+0.51 ms cpu, 3->3->1 MB, 4 MB goal, 0 MB stacks, 0 MB globals, 8 P
gc 872 @6.307s 4%: 0.13+0.69+0.065 ms clock, 1.0+0.60/0.87/0+0.52 ms cpu, 3->3->1 MB, 4 MB goal, 0 MB stacks, 0 MB globals, 8 P
gc 873 @6.309s 4%: 0.087+0.67+0.10 ms clock, 0.70+0.56/0.84/0+0.80 ms cpu, 3->3->1 MB, 4 MB goal, 0 MB stacks, 0 MB globals, 8 P
gc 874 @6.312s 4%: 0.13+0.59+0.078 ms clock, 1.0+0.75/0.79/0+0.62 ms cpu, 3->3->1 MB, 4 MB goal, 0 MB stacks, 0 MB globals, 8 P
gc 875 @6.314s 4%: 0.093+0.66+0.10 ms clock, 0.75+0.86/0.69/0+0.83 ms cpu, 3->3->1 MB, 4 MB goal, 0 MB stacks, 0 MB globals, 8 P
gc 876 @6.317s 4%: 0.12+0.64+0.10 ms clock, 0.98+0.76/0.74/0+0.87 ms cpu, 3->3->1 MB, 4 MB goal, 0 MB stacks, 0 MB globals, 8 P
gc 877 @6.319s 4%: 0.12+0.66+0.054 ms clock, 1.0+0.83/0.81/0+0.43 ms cpu, 3->3->1 MB, 4 MB goal, 0 MB stacks, 0 MB globals, 8 P
gc 878 @6.322s 4%: 0.13+0.53+0.068 ms clock, 1.0+0.75/0.66/0+0.54 ms cpu, 3->3->1 MB, 4 MB goal, 0 MB stacks, 0 MB globals, 8 P
gc 879 @6.324s 4%: 0.11+0.72+0.14 ms clock, 0.92+0.83/0.94/0+1.1 ms cpu, 3->3->1 MB, 4 MB goal, 0 MB stacks, 0 MB globals, 8 P
gc 880 @6.327s 4%: 0.095+0.92+0.10 ms clock, 0.76+0.81/0.73/0+0.82 ms cpu, 3->4->1 MB, 4 MB goal, 0 MB stacks, 0 MB globals, 8 P
gc 881 @6.329s 4%: 0.096+0.60+0.092 ms clock, 0.77+0.70/0.76/0+0.74 ms cpu, 3->3->1 MB, 4 MB goal, 0 MB stacks, 0 MB globals, 8 P
gc 882 @6.332s 4%: 0.10+1.0+0.12 ms clock, 0.81+0.67/0.80/0+0.97 ms cpu, 3->4->1 MB, 4 MB goal, 0 MB stacks, 0 MB globals, 8 P
gc 883 @6.335s 4%: 0.11+1.0+0.10 ms clock, 0.92+0.74/0.78/0+0.84 ms cpu, 3->4->1 MB, 4 MB goal, 0 MB stacks, 0 MB globals, 8 P
gc 884 @6.338s 4%: 0.12+0.65+0.086 ms clock, 1.0+0.78/0.74/0+0.69 ms cpu, 3->3->1 MB, 4 MB goal, 0 MB stacks, 0 MB globals, 8 P
gc 885 @6.340s 4%: 0.065+1.0+0.10 ms clock, 0.52+0.77/0.81/0+0.84 ms cpu, 3->3->1 MB, 4 MB goal, 0 MB stacks, 0 MB globals, 8 P
gc 886 @6.343s 4%: 0.10+0.53+0.10 ms clock, 0.87+0.64/0.77/0+0.80 ms cpu, 3->3->1 MB, 4 MB goal, 0 MB stacks, 0 MB globals, 8 P
gc 887 @6.345s 4%: 0.10+0.71+0.12 ms clock, 0.80+0.78/0.97/0+1.0 ms cpu, 3->3->1 MB, 4 MB goal, 0 MB stacks, 0 MB globals, 8 P
gc 888 @6.348s 4%: 0.11+0.69+0.11 ms clock, 0.91+0.61/0.85/0+0.93 ms cpu, 3->3->1 MB, 4 MB goal, 0 MB stacks, 0 MB globals, 8 P
gc 889 @6.351s 4%: 0.11+0.59+0.063 ms clock, 0.90+0.70/0.70/0+0.50 ms cpu, 3->3->1 MB, 4 MB goal, 0 MB stacks, 0 MB globals, 8 P
gc 890 @6.353s 4%: 0.13+0.89+0.043 ms clock, 1.0+0.79/0.83/0+0.34 ms cpu, 3->3->1 MB, 4 MB goal, 0 MB stacks, 0 MB globals, 8 P
gc 891 @6.356s 4%: 0.13+0.66+0.11 ms clock, 1.0+0.86/0.78/0+0.88 ms cpu, 3->3->1 MB, 4 MB goal, 0 MB stacks, 0 MB globals, 8 P
gc 892 @6.358s 4%: 0.086+1.0+0.12 ms clock, 0.69+0.97/0.76/0+0.99 ms cpu, 3->4->1 MB, 4 MB goal, 0 MB stacks, 0 MB globals, 8 P
gc 893 @6.361s 4%: 0.099+0.72+0.076 ms clock, 0.79+0.84/0.75/0+0.61 ms cpu, 3->4->1 MB, 4 MB goal, 0 MB stacks, 0 MB globals, 8 P
gc 894 @6.364s 4%: 0.13+1.1+0.049 ms clock, 1.0+0.84/0.84/0+0.39 ms cpu, 3->4->1 MB, 4 MB goal, 0 MB stacks, 0 MB globals, 8 P
gc 895 @6.366s 4%: 0.084+0.87+0.10 ms clock, 0.67+0.75/0.79/0+0.80 ms cpu, 3->4->1 MB, 4 MB goal, 0 MB stacks, 0 MB globals, 8 P
gc 896 @6.369s 4%: 0.19+0.99+0.078 ms clock, 1.5+0.66/0.74/0+0.63 ms cpu, 3->4->1 MB, 4 MB goal, 0 MB stacks, 0 MB globals, 8 P
gc 897 @6.372s 4%: 0.11+0.63+0.074 ms clock, 0.91+0.92/0.80/0+0.59 ms cpu, 3->3->1 MB, 4 MB goal, 0 MB stacks, 0 MB globals, 8 P
gc 898 @6.374s 4%: 0.12+0.93+0.10 ms clock, 1.0+0.57/0.84/0+0.82 ms cpu, 3->3->1 MB, 4 MB goal, 0 MB stacks, 0 MB globals, 8 P
gc 899 @6.377s 4%: 0.14+0.63+0.068 ms clock, 1.1+0.77/0.78/0+0.54 ms cpu, 3->3->1 MB, 4 MB goal, 0 MB stacks, 0 MB globals, 8 P
gc 900 @6.379s 4%: 0.13+0.60+0.077 ms clock, 1.0+0.71/0.81/0+0.61 ms cpu, 3->3->1 MB, 4 MB goal, 0 MB stacks, 0 MB globals, 8 P
gc 901 @6.382s 4%: 0.11+0.60+0.15 ms clock, 0.89+0.75/0.78/0+1.2 ms cpu, 3->3->1 MB, 4 MB goal, 0 MB stacks, 0 MB globals, 8 P
gc 902 @6.384s 4%: 0.099+0.65+0.076 ms clock, 0.79+0.69/0.82/0+0.60 ms cpu, 3->3->1 MB, 4 MB goal, 0 MB stacks, 0 MB globals, 8 P
gc 903 @6.387s 4%: 0.14+0.62+0.13 ms clock, 1.1+0.69/0.65/0+1.0 ms cpu, 3->3->1 MB, 4 MB goal, 0 MB stacks, 0 MB globals, 8 P
gc 904 @6.389s 4%: 0.11+0.74+0.11 ms clock, 0.90+0.82/0.75/0+0.93 ms cpu, 3->3->1 MB, 4 MB goal, 0 MB stacks, 0 MB globals, 8 P
gc 905 @6.392s 4%: 0.10+0.64+0.092 ms clock, 0.80+0.62/0.74/0+0.73 ms cpu, 3->3->1 MB, 4 MB goal, 0 MB stacks, 0 MB globals, 8 P
gc 906 @6.394s 4%: 0.086+0.84+0.092 ms clock, 0.69+0.83/0.68/0+0.73 ms cpu, 3->3->1 MB, 4 MB goal, 0 MB stacks, 0 MB globals, 8 P
gc 907 @6.397s 4%: 0.16+0.53+0.12 ms clock, 1.3+0.70/0.64/0+0.97 ms cpu, 3->3->1 MB, 4 MB goal, 0 MB stacks, 0 MB globals, 8 P
gc 908 @6.399s 4%: 0.094+0.82+0.11 ms clock, 0.75+0.81/0.65/0+0.91 ms cpu, 3->3->1 MB, 4 MB goal, 0 MB stacks, 0 MB globals, 8 P
gc 909 @6.402s 4%: 0.11+0.90+0.10 ms clock, 0.91+0.64/0.66/0+0.86 ms cpu, 3->4->1 MB, 4 MB goal, 0 MB stacks, 0 MB globals, 8 P
gc 910 @6.405s 4%: 0.11+0.60+0.081 ms clock, 0.88+0.78/0.76/0+0.64 ms cpu, 3->4->1 MB, 4 MB goal, 0 MB stacks, 0 MB globals, 8 P
gc 911 @6.407s 4%: 0.19+0.59+0.080 ms clock, 1.5+0.71/0.74/0+0.64 ms cpu, 3->3->1 MB, 4 MB goal, 0 MB stacks, 0 MB globals, 8 P
gc 912 @6.410s 4%: 0.085+0.76+0.086 ms clock, 0.68+0.62/0.71/0+0.69 ms cpu, 3->4->1 MB, 4 MB goal, 0 MB stacks, 0 MB globals, 8 P
gc 913 @6.412s 4%: 0.16+0.72+0.18 ms clock, 1.2+0.69/0.71/0+1.4 ms cpu, 3->3->1 MB, 4 MB goal, 0 MB stacks, 0 MB globals, 8 P
gc 914 @6.415s 4%: 0.11+0.53+0.17 ms clock, 0.91+0.79/0.75/0+1.3 ms cpu, 3->3->1 MB, 4 MB goal, 0 MB stacks, 0 MB globals, 8 P
gc 915 @6.417s 4%: 0.10+0.53+0.13 ms clock, 0.82+0.84/0.74/0+1.0 ms cpu, 3->3->1 MB, 4 MB goal, 0 MB stacks, 0 MB globals, 8 P
gc 916 @6.420s 4%: 0.13+0.56+0.12 ms clock, 1.1+0.71/0.77/0+1.0 ms cpu, 3->3->1 MB, 4 MB goal, 0 MB stacks, 0 MB globals, 8 P
gc 917 @6.422s 4%: 0.10+1.4+0.075 ms clock, 0.84+0.70/0.75/0+0.60 ms cpu, 3->4->2 MB, 4 MB goal, 0 MB stacks, 0 MB globals, 8 P
gc 918 @6.426s 4%: 0.10+1.0+0.074 ms clock, 0.83+0.61/0.83/0+0.59 ms cpu, 3->4->1 MB, 4 MB goal, 0 MB stacks, 0 MB globals, 8 P
gc 919 @6.429s 4%: 0.14+1.0+0.12 ms clock, 1.1+0.80/0.77/0+0.99 ms cpu, 3->4->1 MB, 4 MB goal, 0 MB stacks, 0 MB globals, 8 P
gc 920 @6.431s 4%: 0.16+0.64+0.14 ms clock, 1.3+0.83/0.86/0+1.1 ms cpu, 3->3->1 MB, 4 MB goal, 0 MB stacks, 0 MB globals, 8 P
gc 921 @6.434s 4%: 0.18+0.58+0.051 ms clock, 1.4+0.65/0.75/0+0.41 ms cpu, 3->3->1 MB, 4 MB goal, 0 MB stacks, 0 MB globals, 8 P
gc 922 @6.436s 4%: 0.10+0.54+0.078 ms clock, 0.83+0.83/0.63/0+0.62 ms cpu, 3->3->1 MB, 4 MB goal, 0 MB stacks, 0 MB globals, 8 P
gc 923 @6.439s 4%: 0.10+0.70+0.12 ms clock, 0.83+0.74/0.79/0+0.96 ms cpu, 3->3->1 MB, 4 MB goal, 0 MB stacks, 0 MB globals, 8 P
gc 924 @6.441s 4%: 0.10+0.50+0.10 ms clock, 0.81+0.81/0.73/0+0.81 ms cpu, 3->3->1 MB, 4 MB goal, 0 MB stacks, 0 MB globals, 8 P
gc 925 @6.443s 4%: 0.079+0.75+0.12 ms clock, 0.63+0.62/0.81/0+1.0 ms cpu, 3->3->1 MB, 4 MB goal, 0 MB stacks, 0 MB globals, 8 P
gc 926 @6.446s 4%: 0.091+1.0+0.084 ms clock, 0.73+0.72/0.73/0+0.67 ms cpu, 3->4->1 MB, 4 MB goal, 0 MB stacks, 0 MB globals, 8 P
gc 927 @6.449s 4%: 0.094+0.69+0.076 ms clock, 0.75+0.72/0.80/0+0.61 ms cpu, 3->3->1 MB, 4 MB goal, 0 MB stacks, 0 MB globals, 8 P
gc 928 @6.451s 4%: 0.13+0.57+0.10 ms clock, 1.0+0.83/0.76/0+0.83 ms cpu, 3->3->1 MB, 4 MB goal, 0 MB stacks, 0 MB globals, 8 P
gc 929 @6.454s 4%: 0.10+0.63+0.12 ms clock, 0.87+0.68/0.81/0+1.0 ms cpu, 3->3->1 MB, 4 MB goal, 0 MB stacks, 0 MB globals, 8 P
gc 930 @6.456s 4%: 0.085+0.81+0.098 ms clock, 0.68+0.84/0.76/0+0.78 ms cpu, 3->3->1 MB, 4 MB goal, 0 MB stacks, 0 MB globals, 8 P
gc 931 @6.459s 4%: 0.10+1.2+0.070 ms clock, 0.85+0.75/0.84/0+0.56 ms cpu, 3->4->1 MB, 4 MB goal, 0 MB stacks, 0 MB globals, 8 P
gc 932 @6.462s 4%: 0.11+0.48+0.080 ms clock, 0.94+0.77/0.73/0+0.64 ms cpu, 3->3->1 MB, 4 MB goal, 0 MB stacks, 0 MB globals, 8 P
gc 933 @6.464s 4%: 0.12+1.0+0.056 ms clock, 1.0+0.77/0.80/0+0.45 ms cpu, 3->4->1 MB, 4 MB goal, 0 MB stacks, 0 MB globals, 8 P
gc 934 @6.467s 4%: 0.15+0.66+0.13 ms clock, 1.2+0.72/0.79/0+1.0 ms cpu, 3->3->1 MB, 4 MB goal, 0 MB stacks, 0 MB globals, 8 P
gc 935 @6.469s 4%: 0.18+0.60+0.096 ms clock, 1.4+0.77/0.79/0+0.77 ms cpu, 3->3->1 MB, 4 MB goal, 0 MB stacks, 0 MB globals, 8 P
gc 936 @6.472s 4%: 0.17+1.2+0.052 ms clock, 1.3+0.76/0.72/0+0.42 ms cpu, 3->4->2 MB, 4 MB goal, 0 MB stacks, 0 MB globals, 8 P
gc 937 @6.475s 4%: 0.11+0.46+0.10 ms clock, 0.93+0.84/0.66/0+0.83 ms cpu, 3->4->1 MB, 4 MB goal, 0 MB stacks, 0 MB globals, 8 P
gc 938 @6.478s 4%: 0.097+1.0+0.093 ms clock, 0.78+0.82/0.69/0+0.74 ms cpu, 3->4->1 MB, 4 MB goal, 0 MB stacks, 0 MB globals, 8 P
gc 939 @6.481s 4%: 0.10+1.2+0.034 ms clock, 0.82+0.63/0.75/0+0.27 ms cpu, 3->4->2 MB, 4 MB goal, 0 MB stacks, 0 MB globals, 8 P
gc 940 @6.484s 4%: 0.11+0.97+0.075 ms clock, 0.91+0.81/0.73/0+0.60 ms cpu, 3->4->1 MB, 4 MB goal, 0 MB stacks, 0 MB globals, 8 P
gc 941 @6.487s 4%: 0.11+0.83+0.066 ms clock, 0.95+0.85/0.68/0+0.53 ms cpu, 3->4->1 MB, 4 MB goal, 0 MB stacks, 0 MB globals, 8 P
gc 942 @6.489s 4%: 0.10+1.2+0.088 ms clock, 0.80+0.82/1.0/0+0.70 ms cpu, 3->4->2 MB, 4 MB goal, 0 MB stacks, 0 MB globals, 8 P
gc 943 @6.492s 4%: 0.094+0.61+0.072 ms clock, 0.75+0.58/0.77/0+0.57 ms cpu, 3->4->1 MB, 4 MB goal, 0 MB stacks, 0 MB globals, 8 P
gc 944 @6.495s 4%: 0.14+0.79+0.12 ms clock, 1.1+0.80/0.81/0+1.0 ms cpu, 3->3->1 MB, 4 MB goal, 0 MB stacks, 0 MB globals, 8 P
gc 945 @6.497s 4%: 0.10+0.55+0.080 ms clock, 0.86+0.76/0.78/0+0.64 ms cpu, 3->3->1 MB, 4 MB goal, 0 MB stacks, 0 MB globals, 8 P
gc 946 @6.500s 4%: 0.099+0.53+0.070 ms clock, 0.79+0.67/0.72/0+0.56 ms cpu, 3->3->1 MB, 4 MB goal, 0 MB stacks, 0 MB globals, 8 P
gc 947 @6.502s 4%: 0.15+0.59+0.092 ms clock, 1.2+0.84/0.78/0+0.73 ms cpu, 3->3->1 MB, 4 MB goal, 0 MB stacks, 0 MB globals, 8 P
gc 948 @6.505s 4%: 0.10+0.61+0.080 ms clock, 0.84+0.87/0.57/0.033+0.64 ms cpu, 3->3->1 MB, 4 MB goal, 0 MB stacks, 0 MB globals, 8 P
gc 949 @6.507s 4%: 0.092+0.68+0.086 ms clock, 0.74+0.41/0.90/0+0.69 ms cpu, 3->3->1 MB, 4 MB goal, 0 MB stacks, 0 MB globals, 8 P
gc 950 @6.510s 4%: 0.082+1.4+0.099 ms clock, 0.66+0.73/0.76/0+0.79 ms cpu, 3->4->2 MB, 4 MB goal, 0 MB stacks, 0 MB globals, 8 P
gc 951 @6.513s 4%: 0.11+0.56+0.087 ms clock, 0.91+0.59/0.85/0+0.69 ms cpu, 3->4->1 MB, 4 MB goal, 0 MB stacks, 0 MB globals, 8 P
gc 952 @6.516s 4%: 0.10+0.60+0.12 ms clock, 0.87+0.76/0.78/0+0.98 ms cpu, 3->3->1 MB, 4 MB goal, 0 MB stacks, 0 MB globals, 8 P
gc 953 @6.518s 4%: 0.12+1.1+0.059 ms clock, 1.0+0.90/0.68/0+0.47 ms cpu, 3->3->1 MB, 4 MB goal, 0 MB stacks, 0 MB globals, 8 P
gc 954 @6.521s 4%: 0.14+0.59+0.10 ms clock, 1.1+0.73/0.81/0+0.83 ms cpu, 3->3->1 MB, 4 MB goal, 0 MB stacks, 0 MB globals, 8 P
gc 955 @6.523s 4%: 0.092+0.96+0.073 ms clock, 0.73+0.81/0.74/0+0.58 ms cpu, 3->4->1 MB, 4 MB goal, 0 MB stacks, 0 MB globals, 8 P
gc 956 @6.526s 4%: 0.093+0.57+0.093 ms clock, 0.74+0.76/0.66/0+0.74 ms cpu, 3->3->1 MB, 4 MB goal, 0 MB stacks, 0 MB globals, 8 P
gc 957 @6.529s 4%: 0.090+1.0+0.067 ms clock, 0.72+0.74/0.71/0+0.54 ms cpu, 3->3->1 MB, 4 MB goal, 0 MB stacks, 0 MB globals, 8 P
gc 958 @6.531s 4%: 0.095+1.0+0.075 ms clock, 0.76+0.58/1.2/0+0.60 ms cpu, 3->4->1 MB, 4 MB goal, 0 MB stacks, 0 MB globals, 8 P
gc 959 @6.534s 4%: 0.068+0.97+0.099 ms clock, 0.54+0.72/0.83/0+0.79 ms cpu, 3->4->1 MB, 4 MB goal, 0 MB stacks, 0 MB globals, 8 P
gc 960 @6.537s 4%: 0.10+0.96+0.091 ms clock, 0.83+0.79/0.89/0+0.73 ms cpu, 3->4->1 MB, 4 MB goal, 0 MB stacks, 0 MB globals, 8 P
gc 961 @6.540s 4%: 0.15+0.56+0.11 ms clock, 1.2+0.66/0.73/0+0.90 ms cpu, 3->3->1 MB, 4 MB goal, 0 MB stacks, 0 MB globals, 8 P
gc 962 @6.542s 4%: 0.099+0.60+0.10 ms clock, 0.79+0.73/0.82/0+0.86 ms cpu, 3->3->1 MB, 4 MB goal, 0 MB stacks, 0 MB globals, 8 P
gc 963 @6.545s 4%: 0.095+0.60+0.093 ms clock, 0.76+0.89/0.68/0+0.75 ms cpu, 3->3->1 MB, 4 MB goal, 0 MB stacks, 0 MB globals, 8 P
gc 964 @6.547s 4%: 0.12+1.0+0.066 ms clock, 0.98+0.62/0.75/0+0.53 ms cpu, 3->4->1 MB, 4 MB goal, 0 MB stacks, 0 MB globals, 8 P
gc 965 @6.550s 4%: 0.097+0.74+0.080 ms clock, 0.77+0.80/0.69/0+0.64 ms cpu, 3->4->1 MB, 4 MB goal, 0 MB stacks, 0 MB globals, 8 P
gc 966 @6.553s 4%: 0.10+0.76+0.069 ms clock, 0.80+0.79/0.68/0+0.55 ms cpu, 3->3->1 MB, 4 MB goal, 0 MB stacks, 0 MB globals, 8 P
gc 967 @6.555s 4%: 0.12+0.59+0.10 ms clock, 0.96+0.73/0.78/0+0.84 ms cpu, 3->3->1 MB, 4 MB goal, 0 MB stacks, 0 MB globals, 8 P
gc 968 @6.558s 4%: 0.11+0.97+0.11 ms clock, 0.93+0.84/0.79/0+0.88 ms cpu, 3->3->1 MB, 4 MB goal, 0 MB stacks, 0 MB globals, 8 P
gc 969 @6.560s 4%: 0.10+0.68+0.10 ms clock, 0.80+0.72/0.77/0+0.81 ms cpu, 3->3->1 MB, 4 MB goal, 0 MB stacks, 0 MB globals, 8 P
gc 970 @6.563s 4%: 0.13+0.87+0.14 ms clock, 1.0+0.67/0.85/0+1.1 ms cpu, 3->3->1 MB, 4 MB goal, 0 MB stacks, 0 MB globals, 8 P
gc 971 @6.566s 4%: 0.10+1.1+0.062 ms clock, 0.81+0.73/0.63/0+0.49 ms cpu, 3->4->1 MB, 4 MB goal, 0 MB stacks, 0 MB globals, 8 P
gc 972 @6.568s 4%: 0.067+0.74+0.080 ms clock, 0.53+0.84/0.65/0+0.64 ms cpu, 3->3->1 MB, 4 MB goal, 0 MB stacks, 0 MB globals, 8 P
gc 973 @6.571s 4%: 0.10+0.90+0.084 ms clock, 0.87+1.3/0.85/0+0.67 ms cpu, 3->4->1 MB, 4 MB goal, 0 MB stacks, 0 MB globals, 8 P
gc 974 @6.574s 4%: 0.11+0.55+0.12 ms clock, 0.91+0.73/0.71/0+1.0 ms cpu, 3->3->1 MB, 4 MB goal, 0 MB stacks, 0 MB globals, 8 P
gc 975 @6.576s 4%: 0.10+0.61+0.071 ms clock, 0.80+0.84/0.75/0+0.57 ms cpu, 3->3->1 MB, 4 MB goal, 0 MB stacks, 0 MB globals, 8 P
gc 976 @6.579s 4%: 0.072+0.69+0.081 ms clock, 0.58+0.75/0.82/0+0.65 ms cpu, 3->3->1 MB, 4 MB goal, 0 MB stacks, 0 MB globals, 8 P
gc 977 @6.581s 4%: 0.099+0.98+0.055 ms clock, 0.79+0.76/0.84/0+0.44 ms cpu, 3->4->1 MB, 4 MB goal, 0 MB stacks, 0 MB globals, 8 P
gc 978 @6.584s 4%: 0.14+0.89+0.020 ms clock, 1.1+0.58/0.79/0+0.16 ms cpu, 3->4->1 MB, 4 MB goal, 0 MB stacks, 0 MB globals, 8 P
gc 979 @6.586s 4%: 0.16+0.90+0.054 ms clock, 1.3+0.95/0.70/0+0.43 ms cpu, 3->4->1 MB, 4 MB goal, 0 MB stacks, 0 MB globals, 8 P
gc 980 @6.589s 4%: 0.11+1.1+0.088 ms clock, 0.92+0.72/0.82/0+0.70 ms cpu, 3->4->1 MB, 4 MB goal, 0 MB stacks, 0 MB globals, 8 P
gc 981 @6.592s 4%: 0.066+0.94+0.10 ms clock, 0.53+0.86/0.69/0+0.82 ms cpu, 3->4->1 MB, 4 MB goal, 0 MB stacks, 0 MB globals, 8 P
gc 982 @6.595s 4%: 0.10+0.69+0.068 ms clock, 0.81+0.79/0.78/0+0.55 ms cpu, 3->3->1 MB, 4 MB goal, 0 MB stacks, 0 MB globals, 8 P
gc 983 @6.597s 4%: 0.12+0.95+0.076 ms clock, 0.97+0.68/0.72/0+0.61 ms cpu, 3->3->1 MB, 4 MB goal, 0 MB stacks, 0 MB globals, 8 P
gc 984 @6.600s 4%: 0.13+0.61+0.12 ms clock, 1.0+0.71/0.80/0+1.0 ms cpu, 3->3->1 MB, 4 MB goal, 0 MB stacks, 0 MB globals, 8 P
gc 985 @6.602s 4%: 0.13+0.62+0.056 ms clock, 1.0+0.74/0.86/0+0.45 ms cpu, 3->3->1 MB, 4 MB goal, 0 MB stacks, 0 MB globals, 8 P
gc 986 @6.605s 4%: 0.12+0.63+0.12 ms clock, 1.0+0.66/0.88/0+0.99 ms cpu, 3->3->1 MB, 4 MB goal, 0 MB stacks, 0 MB globals, 8 P
gc 987 @6.607s 4%: 0.14+0.94+0.067 ms clock, 1.1+0.66/0.84/0+0.53 ms cpu, 3->3->1 MB, 4 MB goal, 0 MB stacks, 0 MB globals, 8 P
gc 988 @6.610s 4%: 0.15+0.85+0.097 ms clock, 1.2+0.63/0.90/0+0.77 ms cpu, 3->4->1 MB, 4 MB goal, 0 MB stacks, 0 MB globals, 8 P
gc 989 @6.613s 4%: 0.13+0.59+0.11 ms clock, 1.0+0.80/0.75/0+0.93 ms cpu, 3->3->1 MB, 4 MB goal, 0 MB stacks, 0 MB globals, 8 P
gc 990 @6.615s 4%: 0.076+0.64+0.088 ms clock, 0.61+0.62/0.84/0+0.71 ms cpu, 3->3->1 MB, 4 MB goal, 0 MB stacks, 0 MB globals, 8 P
gc 991 @6.618s 4%: 0.091+0.93+0.092 ms clock, 0.73+0.94/0.65/0+0.73 ms cpu, 3->3->1 MB, 4 MB goal, 0 MB stacks, 0 MB globals, 8 P
gc 992 @6.620s 4%: 0.095+0.63+0.076 ms clock, 0.76+0.87/0.74/0+0.60 ms cpu, 3->3->1 MB, 4 MB goal, 0 MB stacks, 0 MB globals, 8 P
gc 993 @6.623s 4%: 0.14+0.85+0.086 ms clock, 1.1+0.80/0.75/0+0.69 ms cpu, 3->3->1 MB, 4 MB goal, 0 MB stacks, 0 MB globals, 8 P
gc 994 @6.625s 4%: 0.095+0.84+0.11 ms clock, 0.76+1.3/0.75/0+0.92 ms cpu, 3->3->1 MB, 4 MB goal, 0 MB stacks, 0 MB globals, 8 P
gc 995 @6.628s 4%: 0.11+0.76+0.032 ms clock, 0.89+0.80/0.70/0+0.26 ms cpu, 3->3->1 MB, 4 MB goal, 0 MB stacks, 0 MB globals, 8 P
gc 996 @6.631s 4%: 0.10+0.60+0.13 ms clock, 0.81+0.76/0.80/0+1.0 ms cpu, 3->3->1 MB, 4 MB goal, 0 MB stacks, 0 MB globals, 8 P
gc 997 @6.633s 4%: 0.11+0.94+0.11 ms clock, 0.89+0.84/0.79/0+0.90 ms cpu, 3->3->1 MB, 4 MB goal, 0 MB stacks, 0 MB globals, 8 P
gc 998 @6.636s 4%: 0.13+0.73+0.068 ms clock, 1.1+0.75/0.76/0+0.55 ms cpu, 3->3->1 MB, 4 MB goal, 0 MB stacks, 0 MB globals, 8 P
gc 999 @6.638s 4%: 0.10+0.95+0.087 ms clock, 0.85+0.86/0.66/0+0.69 ms cpu, 3->3->1 MB, 4 MB goal, 0 MB stacks, 0 MB globals, 8 P
gc 1000 @6.641s 4%: 0.14+0.94+0.092 ms clock, 1.1+0.77/0.93/0+0.74 ms cpu, 3->4->1 MB, 4 MB goal, 0 MB stacks, 0 MB globals, 8 P
gc 1001 @6.644s 4%: 0.11+0.88+0.097 ms clock, 0.88+0.81/0.86/0+0.77 ms cpu, 3->4->1 MB, 4 MB goal, 0 MB stacks, 0 MB globals, 8 P
gc 1002 @6.647s 4%: 0.10+0.61+0.060 ms clock, 0.82+0.75/0.77/0+0.48 ms cpu, 3->3->1 MB, 4 MB goal, 0 MB stacks, 0 MB globals, 8 P
gc 1003 @6.649s 4%: 0.10+0.61+0.10 ms clock, 0.82+0.75/0.79/0+0.85 ms cpu, 3->3->1 MB, 4 MB goal, 0 MB stacks, 0 MB globals, 8 P
gc 1004 @6.652s 4%: 0.099+0.65+0.13 ms clock, 0.79+0.80/0.87/0+1.0 ms cpu, 3->3->1 MB, 4 MB goal, 0 MB stacks, 0 MB globals, 8 P
gc 1005 @6.654s 4%: 0.10+1.0+0.10 ms clock, 0.87+0.73/0.74/0+0.84 ms cpu, 3->4->1 MB, 4 MB goal, 0 MB stacks, 0 MB globals, 8 P
gc 1006 @6.657s 4%: 0.12+1.0+0.10 ms clock, 1.0+0.76/0.74/0+0.81 ms cpu, 3->4->1 MB, 4 MB goal, 0 MB stacks, 0 MB globals, 8 P
gc 1007 @6.660s 4%: 0.091+0.64+0.11 ms clock, 0.73+0.80/0.81/0+0.92 ms cpu, 3->4->1 MB, 4 MB goal, 0 MB stacks, 0 MB globals, 8 P
gc 1008 @6.662s 4%: 0.12+0.64+0.067 ms clock, 0.96+0.83/0.69/0.013+0.53 ms cpu, 3->3->1 MB, 4 MB goal, 0 MB stacks, 0 MB globals, 8 P
gc 1009 @6.665s 4%: 0.093+0.64+0.066 ms clock, 0.75+0.76/0.79/0+0.53 ms cpu, 3->3->1 MB, 4 MB goal, 0 MB stacks, 0 MB globals, 8 P
gc 1010 @6.667s 4%: 0.14+0.58+0.062 ms clock, 1.1+0.74/0.79/0+0.50 ms cpu, 3->3->1 MB, 4 MB goal, 0 MB stacks, 0 MB globals, 8 P
gc 1011 @6.670s 4%: 0.10+0.57+0.10 ms clock, 0.82+0.88/0.72/0+0.80 ms cpu, 3->3->1 MB, 4 MB goal, 0 MB stacks, 0 MB globals, 8 P
gc 1012 @6.672s 4%: 0.080+0.61+0.073 ms clock, 0.64+0.78/0.82/0+0.58 ms cpu, 3->3->1 MB, 4 MB goal, 0 MB stacks, 0 MB globals, 8 P
gc 1013 @6.675s 4%: 0.093+0.52+0.10 ms clock, 0.75+0.81/0.66/0.13+0.84 ms cpu, 3->3->1 MB, 4 MB goal, 0 MB stacks, 0 MB globals, 8 P
gc 1014 @6.677s 4%: 0.10+0.60+0.13 ms clock, 0.80+0.83/0.70/0+1.0 ms cpu, 3->3->1 MB, 4 MB goal, 0 MB stacks, 0 MB globals, 8 P
gc 1015 @6.680s 4%: 0.14+0.61+0.10 ms clock, 1.1+0.75/0.85/0+0.83 ms cpu, 3->3->1 MB, 4 MB goal, 0 MB stacks, 0 MB globals, 8 P
gc 1016 @6.682s 4%: 0.094+0.77+0.073 ms clock, 0.75+0.72/0.78/0+0.58 ms cpu, 3->3->1 MB, 4 MB goal, 0 MB stacks, 0 MB globals, 8 P
gc 1017 @6.685s 4%: 0.11+0.80+0.059 ms clock, 0.90+0.81/0.71/0+0.47 ms cpu, 3->3->1 MB, 4 MB goal, 0 MB stacks, 0 MB globals, 8 P
gc 1018 @6.687s 4%: 0.10+0.56+0.055 ms clock, 0.85+0.78/0.85/0+0.44 ms cpu, 3->3->1 MB, 4 MB goal, 0 MB stacks, 0 MB globals, 8 P
gc 1019 @6.690s 4%: 0.10+0.58+0.11 ms clock, 0.80+0.60/0.80/0+0.94 ms cpu, 3->3->1 MB, 4 MB goal, 0 MB stacks, 0 MB globals, 8 P
gc 1020 @6.692s 4%: 0.11+1.1+0.10 ms clock, 0.92+0.78/0.79/0+0.85 ms cpu, 3->4->1 MB, 4 MB goal, 0 MB stacks, 0 MB globals, 8 P
gc 1021 @6.695s 4%: 0.086+1.1+0.086 ms clock, 0.69+0.84/0.77/0+0.68 ms cpu, 3->4->2 MB, 4 MB goal, 0 MB stacks, 0 MB globals, 8 P
gc 1022 @6.698s 4%: 0.10+0.56+0.11 ms clock, 0.82+0.81/0.72/0+0.89 ms cpu, 3->4->1 MB, 4 MB goal, 0 MB stacks, 0 MB globals, 8 P
gc 1023 @6.701s 4%: 0.095+0.99+0.094 ms clock, 0.76+0.83/0.72/0+0.75 ms cpu, 3->3->1 MB, 4 MB goal, 0 MB stacks, 0 MB globals, 8 P
gc 1024 @6.703s 4%: 0.10+0.90+0.087 ms clock, 0.83+0.66/0.89/0+0.69 ms cpu, 3->3->1 MB, 4 MB goal, 0 MB stacks, 0 MB globals, 8 P
gc 1025 @6.706s 4%: 0.10+0.64+0.060 ms clock, 0.82+0.76/0.76/0+0.48 ms cpu, 3->3->1 MB, 4 MB goal, 0 MB stacks, 0 MB globals, 8 P
gc 1026 @6.708s 4%: 0.14+0.60+0.042 ms clock, 1.1+0.66/0.72/0+0.34 ms cpu, 3->3->1 MB, 4 MB goal, 0 MB stacks, 0 MB globals, 8 P
gc 1027 @6.711s 4%: 0.075+0.55+0.12 ms clock, 0.60+0.93/0.58/0+1.0 ms cpu, 3->3->1 MB, 4 MB goal, 0 MB stacks, 0 MB globals, 8 P
gc 1028 @6.713s 4%: 0.11+1.0+0.096 ms clock, 0.88+0.63/0.84/0+0.77 ms cpu, 3->4->1 MB, 4 MB goal, 0 MB stacks, 0 MB globals, 8 P
gc 1029 @6.716s 4%: 0.11+0.87+0.097 ms clock, 0.89+1.3/0.83/0+0.77 ms cpu, 3->4->1 MB, 4 MB goal, 0 MB stacks, 0 MB globals, 8 P
gc 1030 @6.719s 4%: 0.089+0.61+0.16 ms clock, 0.71+0.80/0.80/0+1.2 ms cpu, 3->3->1 MB, 4 MB goal, 0 MB stacks, 0 MB globals, 8 P
gc 1031 @6.721s 4%: 0.12+1.1+0.068 ms clock, 0.98+0.71/0.68/0+0.54 ms cpu, 3->4->1 MB, 4 MB goal, 0 MB stacks, 0 MB globals, 8 P
gc 1032 @6.724s 4%: 0.086+0.56+0.074 ms clock, 0.69+0.74/0.75/0+0.59 ms cpu, 3->4->1 MB, 4 MB goal, 0 MB stacks, 0 MB globals, 8 P
gc 1033 @6.727s 4%: 0.096+0.61+0.071 ms clock, 0.76+0.73/0.83/0+0.57 ms cpu, 3->3->1 MB, 4 MB goal, 0 MB stacks, 0 MB globals, 8 P
gc 1034 @6.729s 4%: 0.12+0.98+0.067 ms clock, 1.0+0.73/0.74/0+0.54 ms cpu, 3->4->1 MB, 4 MB goal, 0 MB stacks, 0 MB globals, 8 P
gc 1035 @6.732s 4%: 0.070+0.65+0.10 ms clock, 0.56+0.90/0.76/0+0.87 ms cpu, 3->3->1 MB, 4 MB goal, 0 MB stacks, 0 MB globals, 8 P
gc 1036 @6.735s 4%: 0.066+0.56+0.079 ms clock, 0.53+0.71/0.76/0+0.63 ms cpu, 3->3->1 MB, 4 MB goal, 0 MB stacks, 0 MB globals, 8 P
gc 1037 @6.737s 4%: 0.13+0.56+0.10 ms clock, 1.0+0.73/0.74/0+0.84 ms cpu, 3->3->1 MB, 4 MB goal, 0 MB stacks, 0 MB globals, 8 P
gc 1038 @6.740s 4%: 0.17+0.59+0.052 ms clock, 1.4+0.73/0.82/0+0.41 ms cpu, 3->3->1 MB, 4 MB goal, 0 MB stacks, 0 MB globals, 8 P
gc 1039 @6.742s 4%: 0.18+0.93+0.056 ms clock, 1.4+0.62/0.79/0+0.45 ms cpu, 3->3->1 MB, 4 MB goal, 0 MB stacks, 0 MB globals, 8 P
gc 1040 @6.745s 4%: 0.12+0.53+0.071 ms clock, 1.0+0.80/0.71/0+0.57 ms cpu, 3->3->1 MB, 4 MB goal, 0 MB stacks, 0 MB globals, 8 P
gc 1041 @6.747s 4%: 0.098+0.73+0.10 ms clock, 0.78+0.77/0.78/0+0.81 ms cpu, 3->3->1 MB, 4 MB goal, 0 MB stacks, 0 MB globals, 8 P
gc 1042 @6.750s 4%: 0.098+1.3+0.085 ms clock, 0.78+0.86/0.70/0+0.68 ms cpu, 3->4->2 MB, 4 MB goal, 0 MB stacks, 0 MB globals, 8 P
gc 1043 @6.753s 4%: 0.12+0.65+0.053 ms clock, 1.0+0.81/0.75/0+0.43 ms cpu, 3->4->1 MB, 4 MB goal, 0 MB stacks, 0 MB globals, 8 P
gc 1044 @6.756s 4%: 0.11+0.94+0.097 ms clock, 0.91+0.77/0.79/0+0.77 ms cpu, 3->3->1 MB, 4 MB goal, 0 MB stacks, 0 MB globals, 8 P
gc 1045 @6.758s 4%: 0.10+0.60+0.067 ms clock, 0.83+0.67/0.74/0+0.54 ms cpu, 3->3->1 MB, 4 MB goal, 0 MB stacks, 0 MB globals, 8 P
gc 1046 @6.761s 4%: 0.095+0.67+0.13 ms clock, 0.76+0.63/0.81/0+1.1 ms cpu, 3->3->1 MB, 4 MB goal, 0 MB stacks, 0 MB globals, 8 P
gc 1047 @6.763s 4%: 0.16+1.0+0.057 ms clock, 1.3+0.63/0.87/0+0.46 ms cpu, 3->4->1 MB, 4 MB goal, 0 MB stacks, 0 MB globals, 8 P
gc 1048 @6.766s 4%: 0.13+0.91+0.088 ms clock, 1.1+0.90/0.88/0+0.71 ms cpu, 3->4->1 MB, 4 MB goal, 0 MB stacks, 0 MB globals, 8 P
gc 1049 @6.769s 4%: 0.11+0.53+0.10 ms clock, 0.89+0.70/0.80/0+0.82 ms cpu, 3->3->1 MB, 4 MB goal, 0 MB stacks, 0 MB globals, 8 P
gc 1050 @6.772s 4%: 0.074+0.73+0.10 ms clock, 0.59+0.69/0.90/0+0.83 ms cpu, 3->3->1 MB, 4 MB goal, 0 MB stacks, 0 MB globals, 8 P
gc 1051 @6.774s 4%: 0.085+1.0+0.11 ms clock, 0.68+0.76/0.84/0+0.88 ms cpu, 3->4->1 MB, 4 MB goal, 0 MB stacks, 0 MB globals, 8 P
gc 1052 @6.777s 4%: 0.077+0.67+0.066 ms clock, 0.62+0.82/0.73/0+0.53 ms cpu, 3->4->1 MB, 4 MB goal, 0 MB stacks, 0 MB globals, 8 P
gc 1053 @6.780s 4%: 0.13+0.68+0.11 ms clock, 1.0+0.92/0.84/0+0.94 ms cpu, 3->3->1 MB, 4 MB goal, 0 MB stacks, 0 MB globals, 8 P
gc 1054 @6.782s 4%: 0.17+0.64+0.085 ms clock, 1.3+0.68/0.83/0+0.68 ms cpu, 3->3->1 MB, 4 MB goal, 0 MB stacks, 0 MB globals, 8 P
gc 1055 @6.785s 4%: 0.16+0.53+0.061 ms clock, 1.3+0.73/0.76/0+0.48 ms cpu, 3->3->1 MB, 4 MB goal, 0 MB stacks, 0 MB globals, 8 P
gc 1056 @6.787s 4%: 0.11+0.82+0.12 ms clock, 0.93+0.82/0.65/0+0.97 ms cpu, 3->3->1 MB, 4 MB goal, 0 MB stacks, 0 MB globals, 8 P
gc 1057 @6.790s 4%: 0.062+0.59+0.16 ms clock, 0.49+0.78/0.79/0+1.3 ms cpu, 3->3->1 MB, 4 MB goal, 0 MB stacks, 0 MB globals, 8 P
gc 1058 @6.792s 4%: 0.11+0.61+0.14 ms clock, 0.94+0.79/0.69/0+1.1 ms cpu, 3->3->1 MB, 4 MB goal, 0 MB stacks, 0 MB globals, 8 P
gc 1059 @6.795s 4%: 0.16+0.81+0.11 ms clock, 1.2+0.70/0.79/0+0.92 ms cpu, 3->3->1 MB, 4 MB goal, 0 MB stacks, 0 MB globals, 8 P
gc 1060 @6.798s 4%: 0.11+0.79+0.14 ms clock, 0.93+0.74/0.90/0+1.1 ms cpu, 3->4->1 MB, 4 MB goal, 0 MB stacks, 0 MB globals, 8 P
gc 1061 @6.800s 4%: 0.14+0.79+0.083 ms clock, 1.1+0.68/0.85/0+0.66 ms cpu, 3->3->1 MB, 4 MB goal, 0 MB stacks, 0 MB globals, 8 P
gc 1062 @6.803s 4%: 0.12+0.64+0.084 ms clock, 0.97+0.90/0.79/0+0.67 ms cpu, 3->3->1 MB, 4 MB goal, 0 MB stacks, 0 MB globals, 8 P
gc 1063 @6.805s 4%: 0.12+0.59+0.12 ms clock, 1.0+0.79/0.75/0+1.0 ms cpu, 3->3->1 MB, 4 MB goal, 0 MB stacks, 0 MB globals, 8 P
gc 1064 @6.808s 4%: 0.10+0.69+0.11 ms clock, 0.82+0.68/0.82/0+0.94 ms cpu, 3->3->1 MB, 4 MB goal, 0 MB stacks, 0 MB globals, 8 P
gc 1065 @6.810s 4%: 0.095+0.58+0.090 ms clock, 0.76+0.80/0.77/0+0.72 ms cpu, 3->3->1 MB, 4 MB goal, 0 MB stacks, 0 MB globals, 8 P
gc 1066 @6.813s 4%: 0.10+0.58+0.13 ms clock, 0.85+0.70/0.73/0+1.0 ms cpu, 3->3->1 MB, 4 MB goal, 0 MB stacks, 0 MB globals, 8 P
gc 1067 @6.815s 4%: 0.13+0.94+0.10 ms clock, 1.1+0.81/0.79/0+0.83 ms cpu, 3->3->1 MB, 4 MB goal, 0 MB stacks, 0 MB globals, 8 P
gc 1068 @6.818s 4%: 0.094+0.70+0.11 ms clock, 0.75+0.68/0.75/0+0.91 ms cpu, 3->3->1 MB, 4 MB goal, 0 MB stacks, 0 MB globals, 8 P
gc 1069 @6.820s 4%: 0.13+0.89+0.080 ms clock, 1.0+0.64/0.83/0+0.64 ms cpu, 3->4->1 MB, 4 MB goal, 0 MB stacks, 0 MB globals, 8 P
gc 1070 @6.823s 4%: 0.11+0.65+0.087 ms clock, 0.94+0.81/0.72/0+0.70 ms cpu, 3->3->1 MB, 4 MB goal, 0 MB stacks, 0 MB globals, 8 P
gc 1071 @6.826s 4%: 0.10+0.49+0.096 ms clock, 0.84+0.72/0.75/0+0.76 ms cpu, 3->3->1 MB, 4 MB goal, 0 MB stacks, 0 MB globals, 8 P
gc 1072 @6.828s 4%: 0.15+0.98+0.11 ms clock, 1.2+0.57/1.0/0+0.89 ms cpu, 3->3->1 MB, 4 MB goal, 0 MB stacks, 0 MB globals, 8 P
gc 1073 @6.831s 4%: 0.11+0.58+0.10 ms clock, 0.88+0.80/0.71/0+0.81 ms cpu, 3->3->1 MB, 4 MB goal, 0 MB stacks, 0 MB globals, 8 P
gc 1074 @6.833s 4%: 0.11+0.65+0.096 ms clock, 0.91+0.66/0.83/0+0.77 ms cpu, 3->3->1 MB, 4 MB goal, 0 MB stacks, 0 MB globals, 8 P
gc 1075 @6.836s 4%: 0.089+1.0+0.059 ms clock, 0.71+0.74/0.79/0+0.47 ms cpu, 3->3->1 MB, 4 MB goal, 0 MB stacks, 0 MB globals, 8 P
gc 1076 @6.838s 4%: 0.088+0.65+0.070 ms clock, 0.71+0.76/0.87/0+0.56 ms cpu, 3->3->1 MB, 4 MB goal, 0 MB stacks, 0 MB globals, 8 P
gc 1077 @6.841s 4%: 0.090+0.69+0.042 ms clock, 0.72+0.72/0.80/0+0.33 ms cpu, 3->3->1 MB, 4 MB goal, 0 MB stacks, 0 MB globals, 8 P
gc 1078 @6.843s 4%: 0.10+0.69+0.057 ms clock, 0.83+0.91/0.80/0+0.45 ms cpu, 3->3->1 MB, 4 MB goal, 0 MB stacks, 0 MB globals, 8 P
gc 1079 @6.846s 4%: 0.12+1.1+0.11 ms clock, 0.96+0.75/0.74/0+0.93 ms cpu, 3->4->1 MB, 4 MB goal, 0 MB stacks, 0 MB globals, 8 P
gc 1080 @6.849s 4%: 0.099+0.94+0.089 ms clock, 0.79+0.59/0.83/0+0.71 ms cpu, 3->4->1 MB, 4 MB goal, 0 MB stacks, 0 MB globals, 8 P
gc 1081 @6.852s 4%: 0.13+0.87+0.091 ms clock, 1.0+0.80/0.86/0+0.73 ms cpu, 3->4->1 MB, 4 MB goal, 0 MB stacks, 0 MB globals, 8 P
gc 1082 @6.854s 4%: 0.10+0.62+0.11 ms clock, 0.81+0.84/0.76/0+0.89 ms cpu, 3->3->1 MB, 4 MB goal, 0 MB stacks, 0 MB globals, 8 P
gc 1083 @6.857s 4%: 0.13+0.63+0.075 ms clock, 1.0+0.73/0.85/0+0.60 ms cpu, 3->3->1 MB, 4 MB goal, 0 MB stacks, 0 MB globals, 8 P
gc 1084 @6.859s 4%: 0.13+0.60+0.065 ms clock, 1.1+0.64/0.78/0+0.52 ms cpu, 3->3->1 MB, 4 MB goal, 0 MB stacks, 0 MB globals, 8 P
gc 1085 @6.862s 4%: 0.14+1.1+0.071 ms clock, 1.1+0.69/0.82/0+0.57 ms cpu, 3->4->1 MB, 4 MB goal, 0 MB stacks, 0 MB globals, 8 P
gc 1086 @6.865s 4%: 0.12+0.55+0.091 ms clock, 0.96+0.78/0.79/0+0.73 ms cpu, 3->3->1 MB, 4 MB goal, 0 MB stacks, 0 MB globals, 8 P
gc 1087 @6.867s 4%: 0.14+0.71+0.11 ms clock, 1.1+0.81/1.0/0+0.88 ms cpu, 3->3->1 MB, 4 MB goal, 0 MB stacks, 0 MB globals, 8 P
gc 1088 @6.870s 4%: 0.097+0.94+0.033 ms clock, 0.78+0.88/0.75/0+0.26 ms cpu, 3->3->1 MB, 4 MB goal, 0 MB stacks, 0 MB globals, 8 P
gc 1089 @6.872s 4%: 0.11+0.61+0.096 ms clock, 0.91+0.63/0.80/0+0.76 ms cpu, 3->3->1 MB, 4 MB goal, 0 MB stacks, 0 MB globals, 8 P
gc 1090 @6.875s 4%: 0.11+0.58+0.10 ms clock, 0.91+0.73/0.80/0+0.85 ms cpu, 3->3->1 MB, 4 MB goal, 0 MB stacks, 0 MB globals, 8 P
gc 1091 @6.877s 4%: 0.10+0.67+0.067 ms clock, 0.87+0.79/0.79/0+0.53 ms cpu, 3->3->1 MB, 4 MB goal, 0 MB stacks, 0 MB globals, 8 P
gc 1092 @6.880s 4%: 0.10+1.0+0.11 ms clock, 0.84+0.68/0.83/0+0.95 ms cpu, 3->3->1 MB, 4 MB goal, 0 MB stacks, 0 MB globals, 8 P
gc 1093 @6.883s 4%: 0.12+1.5+0.18 ms clock, 1.0+0.81/0.80/0+1.4 ms cpu, 3->4->2 MB, 4 MB goal, 0 MB stacks, 0 MB globals, 8 P
gc 1094 @6.886s 4%: 0.11+0.71+0.099 ms clock, 0.93+0.68/0.74/0+0.79 ms cpu, 3->4->1 MB, 4 MB goal, 0 MB stacks, 0 MB globals, 8 P
gc 1095 @6.888s 4%: 0.11+0.75+0.066 ms clock, 0.95+0.77/0.79/0+0.52 ms cpu, 3->3->1 MB, 4 MB goal, 0 MB stacks, 0 MB globals, 8 P
gc 1096 @6.891s 4%: 0.10+0.78+0.079 ms clock, 0.87+0.78/0.73/0+0.63 ms cpu, 3->3->1 MB, 4 MB goal, 0 MB stacks, 0 MB globals, 8 P
gc 1097 @6.893s 4%: 0.12+0.67+0.091 ms clock, 1.0+0.74/0.87/0+0.73 ms cpu, 3->3->1 MB, 4 MB goal, 0 MB stacks, 0 MB globals, 8 P
gc 1098 @6.896s 4%: 0.12+0.98+0.12 ms clock, 0.96+0.46/0.75/0+0.97 ms cpu, 3->4->1 MB, 4 MB goal, 0 MB stacks, 0 MB globals, 8 P
gc 1099 @6.899s 4%: 0.14+1.0+0.084 ms clock, 1.1+0.59/0.83/0+0.67 ms cpu, 3->4->2 MB, 4 MB goal, 0 MB stacks, 0 MB globals, 8 P
gc 1100 @6.902s 4%: 0.10+0.97+0.057 ms clock, 0.82+0.76/0.73/0+0.46 ms cpu, 3->4->1 MB, 4 MB goal, 0 MB stacks, 0 MB globals, 8 P
gc 1101 @6.904s 4%: 0.099+0.67+0.066 ms clock, 0.79+0.83/0.74/0+0.53 ms cpu, 3->3->1 MB, 4 MB goal, 0 MB stacks, 0 MB globals, 8 P
gc 1102 @6.907s 4%: 0.095+0.64+0.053 ms clock, 0.76+0.78/0.78/0+0.42 ms cpu, 3->3->1 MB, 4 MB goal, 0 MB stacks, 0 MB globals, 8 P
gc 1103 @6.909s 4%: 0.095+0.62+0.066 ms clock, 0.76+0.79/0.76/0+0.52 ms cpu, 3->3->1 MB, 4 MB goal, 0 MB stacks, 0 MB globals, 8 P
gc 1104 @6.912s 4%: 0.10+0.62+0.11 ms clock, 0.87+0.79/0.86/0+0.88 ms cpu, 3->3->1 MB, 4 MB goal, 0 MB stacks, 0 MB globals, 8 P
gc 1105 @6.914s 4%: 0.10+0.69+0.10 ms clock, 0.80+0.76/0.86/0+0.85 ms cpu, 3->3->1 MB, 4 MB goal, 0 MB stacks, 0 MB globals, 8 P
gc 1106 @6.917s 4%: 0.12+0.73+0.058 ms clock, 1.0+0.84/0.70/0+0.46 ms cpu, 3->3->1 MB, 4 MB goal, 0 MB stacks, 0 MB globals, 8 P
gc 1107 @6.919s 4%: 0.084+0.75+0.10 ms clock, 0.67+0.67/0.85/0+0.84 ms cpu, 3->3->1 MB, 4 MB goal, 0 MB stacks, 0 MB globals, 8 P
gc 1108 @6.922s 4%: 0.12+0.96+0.071 ms clock, 1.0+0.69/0.79/0+0.56 ms cpu, 3->3->1 MB, 4 MB goal, 0 MB stacks, 0 MB globals, 8 P
gc 1109 @6.924s 4%: 0.13+0.92+0.10 ms clock, 1.0+0.69/0.82/0+0.87 ms cpu, 3->4->1 MB, 4 MB goal, 0 MB stacks, 0 MB globals, 8 P
gc 1110 @6.927s 4%: 0.11+0.49+0.10 ms clock, 0.93+0.81/0.70/0+0.82 ms cpu, 3->3->1 MB, 4 MB goal, 0 MB stacks, 0 MB globals, 8 P
gc 1111 @6.929s 4%: 0.14+0.85+0.093 ms clock, 1.1+0.57/0.83/0+0.74 ms cpu, 3->3->1 MB, 4 MB goal, 0 MB stacks, 0 MB globals, 8 P
gc 1112 @6.932s 4%: 0.10+0.66+0.11 ms clock, 0.82+0.77/0.83/0+0.93 ms cpu, 3->3->1 MB, 4 MB goal, 0 MB stacks, 0 MB globals, 8 P
gc 1113 @6.934s 4%: 0.11+0.63+0.073 ms clock, 0.90+0.79/0.78/0+0.58 ms cpu, 3->3->1 MB, 4 MB goal, 0 MB stacks, 0 MB globals, 8 P
gc 1114 @6.937s 4%: 0.097+1.1+0.10 ms clock, 0.77+0.70/0.68/0+0.83 ms cpu, 3->3->1 MB, 4 MB goal, 0 MB stacks, 0 MB globals, 8 P
gc 1115 @6.939s 4%: 0.10+0.53+0.12 ms clock, 0.87+0.78/0.75/0.018+0.96 ms cpu, 3->3->1 MB, 4 MB goal, 0 MB stacks, 0 MB globals, 8 P
gc 1116 @6.942s 5%: 0.14+0.70+0.15 ms clock, 1.1+0.59/0.79/0+1.2 ms cpu, 3->3->1 MB, 4 MB goal, 0 MB stacks, 0 MB globals, 8 P
gc 1117 @6.944s 5%: 0.12+0.84+0.090 ms clock, 0.99+0.57/0.86/0+0.72 ms cpu, 3->3->1 MB, 4 MB goal, 0 MB stacks, 0 MB globals, 8 P
gc 1118 @6.947s 5%: 0.14+0.61+0.055 ms clock, 1.1+0.77/0.79/0+0.44 ms cpu, 3->3->1 MB, 4 MB goal, 0 MB stacks, 0 MB globals, 8 P
gc 1119 @6.950s 5%: 0.10+0.63+0.084 ms clock, 0.83+0.76/0.74/0+0.67 ms cpu, 3->3->1 MB, 4 MB goal, 0 MB stacks, 0 MB globals, 8 P
gc 1120 @6.952s 5%: 0.13+0.65+0.071 ms clock, 1.1+0.77/0.88/0+0.57 ms cpu, 3->3->1 MB, 4 MB goal, 0 MB stacks, 0 MB globals, 8 P
gc 1121 @6.955s 5%: 0.16+1.0+0.049 ms clock, 1.3+0.64/0.77/0+0.39 ms cpu, 3->4->1 MB, 4 MB goal, 0 MB stacks, 0 MB globals, 8 P
gc 1122 @6.957s 5%: 0.098+1.0+0.15 ms clock, 0.79+0.58/0.67/0+1.2 ms cpu, 3->4->1 MB, 4 MB goal, 0 MB stacks, 0 MB globals, 8 P
gc 1123 @6.960s 5%: 0.12+1.0+0.10 ms clock, 0.99+0.67/0.73/0+0.81 ms cpu, 3->4->1 MB, 4 MB goal, 0 MB stacks, 0 MB globals, 8 P
gc 1124 @6.963s 5%: 0.12+1.0+0.10 ms clock, 1.0+0.78/0.81/0+0.87 ms cpu, 3->4->1 MB, 4 MB goal, 0 MB stacks, 0 MB globals, 8 P
gc 1125 @6.966s 5%: 0.060+0.74+0.21 ms clock, 0.48+0.81/0.72/0+1.7 ms cpu, 3->4->1 MB, 4 MB goal, 0 MB stacks, 0 MB globals, 8 P
gc 1126 @6.968s 5%: 0.094+0.74+0.069 ms clock, 0.75+0.65/0.83/0+0.55 ms cpu, 3->3->1 MB, 4 MB goal, 0 MB stacks, 0 MB globals, 8 P
gc 1127 @6.971s 5%: 0.080+0.72+0.14 ms clock, 0.64+0.90/0.83/0+1.1 ms cpu, 3->3->1 MB, 4 MB goal, 0 MB stacks, 0 MB globals, 8 P
gc 1128 @6.973s 5%: 0.098+0.60+0.061 ms clock, 0.78+0.70/0.76/0+0.49 ms cpu, 3->3->1 MB, 4 MB goal, 0 MB stacks, 0 MB globals, 8 P
gc 1129 @6.976s 5%: 0.14+0.53+0.089 ms clock, 1.1+0.58/0.86/0+0.71 ms cpu, 3->3->1 MB, 4 MB goal, 0 MB stacks, 0 MB globals, 8 P
gc 1130 @6.978s 5%: 0.10+0.55+0.13 ms clock, 0.85+0.70/0.80/0+1.0 ms cpu, 3->3->1 MB, 4 MB goal, 0 MB stacks, 0 MB globals, 8 P
gc 1131 @6.981s 5%: 0.095+1.1+0.11 ms clock, 0.76+0.20/1.4/0+0.92 ms cpu, 3->4->1 MB, 4 MB goal, 0 MB stacks, 0 MB globals, 8 P
gc 1132 @6.983s 5%: 0.097+1.0+0.10 ms clock, 0.78+0.83/0.76/0+0.81 ms cpu, 3->4->1 MB, 4 MB goal, 0 MB stacks, 0 MB globals, 8 P
gc 1133 @6.986s 5%: 0.11+1.0+0.098 ms clock, 0.95+0.66/0.85/0+0.78 ms cpu, 3->4->1 MB, 4 MB goal, 0 MB stacks, 0 MB globals, 8 P
gc 1134 @6.989s 5%: 0.097+0.58+0.14 ms clock, 0.77+0.83/0.76/0+1.1 ms cpu, 3->4->1 MB, 4 MB goal, 0 MB stacks, 0 MB globals, 8 P
gc 1135 @6.992s 5%: 0.11+0.73+0.10 ms clock, 0.94+0.63/0.82/0+0.80 ms cpu, 3->3->1 MB, 4 MB goal, 0 MB stacks, 0 MB globals, 8 P
gc 1136 @6.995s 5%: 0.099+1.1+0.071 ms clock, 0.79+0.79/0.69/0+0.57 ms cpu, 3->4->1 MB, 4 MB goal, 0 MB stacks, 0 MB globals, 8 P
gc 1137 @6.997s 5%: 0.11+0.92+0.064 ms clock, 0.88+0.79/0.74/0+0.51 ms cpu, 3->4->1 MB, 4 MB goal, 0 MB stacks, 0 MB globals, 8 P
gc 1138 @7.000s 5%: 0.081+0.81+0.055 ms clock, 0.64+0.98/0.79/0+0.44 ms cpu, 3->4->1 MB, 4 MB goal, 0 MB stacks, 0 MB globals, 8 P
gc 1139 @7.003s 5%: 0.13+0.76+0.10 ms clock, 1.0+0.81/0.70/0+0.80 ms cpu, 3->3->1 MB, 4 MB goal, 0 MB stacks, 0 MB globals, 8 P
gc 1140 @7.005s 5%: 0.070+0.91+0.066 ms clock, 0.56+0.93/0.74/0+0.53 ms cpu, 3->4->1 MB, 4 MB goal, 0 MB stacks, 0 MB globals, 8 P
gc 1141 @7.008s 5%: 0.088+1.0+0.071 ms clock, 0.70+0.67/0.83/0+0.57 ms cpu, 3->4->1 MB, 4 MB goal, 0 MB stacks, 0 MB globals, 8 P
gc 1142 @7.011s 5%: 0.10+1.0+0.10 ms clock, 0.84+0.65/0.86/0+0.81 ms cpu, 3->4->1 MB, 4 MB goal, 0 MB stacks, 0 MB globals, 8 P
gc 1143 @7.014s 5%: 0.13+0.73+0.065 ms clock, 1.1+0.80/0.82/0+0.52 ms cpu, 3->4->1 MB, 4 MB goal, 0 MB stacks, 0 MB globals, 8 P
gc 1144 @7.016s 5%: 0.088+0.97+0.071 ms clock, 0.70+0.88/1.2/0+0.57 ms cpu, 3->3->1 MB, 4 MB goal, 0 MB stacks, 0 MB globals, 8 P
gc 1145 @7.019s 5%: 0.10+0.83+0.090 ms clock, 0.83+0.68/0.80/0+0.72 ms cpu, 3->4->1 MB, 4 MB goal, 0 MB stacks, 0 MB globals, 8 P
gc 1146 @7.022s 5%: 0.095+1.1+0.075 ms clock, 0.76+0.92/0.75/0+0.60 ms cpu, 3->4->1 MB, 4 MB goal, 0 MB stacks, 0 MB globals, 8 P
gc 1147 @7.025s 5%: 0.092+0.80+0.099 ms clock, 0.74+0.60/0.84/0+0.79 ms cpu, 3->4->1 MB, 4 MB goal, 0 MB stacks, 0 MB globals, 8 P
gc 1148 @7.027s 5%: 0.13+0.70+0.089 ms clock, 1.0+0.70/0.90/0+0.71 ms cpu, 3->3->1 MB, 4 MB goal, 0 MB stacks, 0 MB globals, 8 P
gc 1149 @7.030s 5%: 0.15+0.70+0.074 ms clock, 1.2+0.78/0.79/0+0.59 ms cpu, 3->3->1 MB, 4 MB goal, 0 MB stacks, 0 MB globals, 8 P
gc 1150 @7.032s 5%: 0.097+0.63+0.082 ms clock, 0.77+0.70/0.85/0+0.66 ms cpu, 3->3->1 MB, 4 MB goal, 0 MB stacks, 0 MB globals, 8 P
gc 1151 @7.035s 5%: 0.10+1.1+0.089 ms clock, 0.87+0.74/0.76/0+0.71 ms cpu, 3->4->1 MB, 4 MB goal, 0 MB stacks, 0 MB globals, 8 P
gc 1152 @7.038s 5%: 0.12+0.58+0.11 ms clock, 0.96+0.75/0.77/0+0.92 ms cpu, 3->3->1 MB, 4 MB goal, 0 MB stacks, 0 MB globals, 8 P
gc 1153 @7.040s 5%: 0.10+0.71+0.065 ms clock, 0.82+0.77/0.79/0+0.52 ms cpu, 3->3->1 MB, 4 MB goal, 0 MB stacks, 0 MB globals, 8 P
gc 1154 @7.043s 5%: 0.095+0.69+0.12 ms clock, 0.76+0.63/0.89/0+0.96 ms cpu, 3->3->1 MB, 4 MB goal, 0 MB stacks, 0 MB globals, 8 P
gc 1155 @7.045s 5%: 0.083+0.69+0.065 ms clock, 0.67+0.68/0.86/0+0.52 ms cpu, 3->3->1 MB, 4 MB goal, 0 MB stacks, 0 MB globals, 8 P
gc 1156 @7.048s 5%: 0.15+0.63+0.13 ms clock, 1.2+0.74/0.74/0+1.0 ms cpu, 3->3->1 MB, 4 MB goal, 0 MB stacks, 0 MB globals, 8 P
gc 1157 @7.050s 5%: 0.092+0.77+0.096 ms clock, 0.73+0.76/0.83/0+0.77 ms cpu, 3->3->1 MB, 4 MB goal, 0 MB stacks, 0 MB globals, 8 P
gc 1158 @7.053s 5%: 0.11+0.61+0.11 ms clock, 0.89+0.68/0.76/0+0.88 ms cpu, 3->3->1 MB, 4 MB goal, 0 MB stacks, 0 MB globals, 8 P
gc 1159 @7.055s 5%: 0.089+1.0+0.080 ms clock, 0.71+0.69/0.92/0+0.64 ms cpu, 3->4->1 MB, 4 MB goal, 0 MB stacks, 0 MB globals, 8 P
gc 1160 @7.058s 5%: 0.14+0.82+0.10 ms clock, 1.1+0.71/0.83/0+0.83 ms cpu, 3->4->1 MB, 4 MB goal, 0 MB stacks, 0 MB globals, 8 P
gc 1161 @7.060s 5%: 0.090+0.55+0.098 ms clock, 0.72+0.77/0.69/0+0.78 ms cpu, 3->3->1 MB, 4 MB goal, 0 MB stacks, 0 MB globals, 8 P
gc 1162 @7.063s 5%: 0.078+1.4+0.082 ms clock, 0.63+0.82/0.71/0+0.65 ms cpu, 3->4->2 MB, 4 MB goal, 0 MB stacks, 0 MB globals, 8 P
gc 1163 @7.066s 5%: 0.094+0.63+0.11 ms clock, 0.75+0.72/0.87/0+0.91 ms cpu, 3->4->1 MB, 4 MB goal, 0 MB stacks, 0 MB globals, 8 P
gc 1164 @7.069s 5%: 0.071+0.84+0.034 ms clock, 0.57+0.66/0.84/0+0.27 ms cpu, 3->3->1 MB, 4 MB goal, 0 MB stacks, 0 MB globals, 8 P
gc 1165 @7.071s 5%: 0.12+1.0+0.11 ms clock, 1.0+0.82/0.72/0+0.90 ms cpu, 3->4->1 MB, 4 MB goal, 0 MB stacks, 0 MB globals, 8 P
gc 1166 @7.074s 5%: 0.088+0.73+0.090 ms clock, 0.71+0.84/0.93/0+0.72 ms cpu, 3->4->1 MB, 4 MB goal, 0 MB stacks, 0 MB globals, 8 P
gc 1167 @7.077s 5%: 0.13+0.94+0.10 ms clock, 1.0+0.97/0.70/0+0.84 ms cpu, 3->3->1 MB, 4 MB goal, 0 MB stacks, 0 MB globals, 8 P
gc 1168 @7.080s 5%: 0.18+0.63+0.093 ms clock, 1.5+0.81/0.83/0+0.74 ms cpu, 3->3->1 MB, 4 MB goal, 0 MB stacks, 0 MB globals, 8 P
gc 1169 @7.082s 5%: 0.069+0.99+0.068 ms clock, 0.55+0.91/0.82/0+0.54 ms cpu, 3->3->1 MB, 4 MB goal, 0 MB stacks, 0 MB globals, 8 P
gc 1170 @7.085s 5%: 0.12+0.86+0.083 ms clock, 0.99+0.77/0.91/0+0.66 ms cpu, 3->4->1 MB, 4 MB goal, 0 MB stacks, 0 MB globals, 8 P
gc 1171 @7.088s 5%: 0.14+0.97+0.069 ms clock, 1.1+0.80/0.80/0+0.55 ms cpu, 3->4->1 MB, 4 MB goal, 0 MB stacks, 0 MB globals, 8 P
gc 1172 @7.090s 5%: 0.096+0.54+0.095 ms clock, 0.76+0.87/0.76/0+0.76 ms cpu, 3->3->1 MB, 4 MB goal, 0 MB stacks, 0 MB globals, 8 P
gc 1173 @7.093s 5%: 0.075+0.73+0.13 ms clock, 0.60+0.92/0.62/0+1.0 ms cpu, 3->3->1 MB, 4 MB goal, 0 MB stacks, 0 MB globals, 8 P
gc 1174 @7.095s 5%: 0.076+0.79+0.097 ms clock, 0.60+0.74/0.77/0+0.78 ms cpu, 3->3->1 MB, 4 MB goal, 0 MB stacks, 0 MB globals, 8 P
gc 1175 @7.098s 5%: 0.11+0.61+0.13 ms clock, 0.95+0.78/0.69/0+1.0 ms cpu, 3->3->1 MB, 4 MB goal, 0 MB stacks, 0 MB globals, 8 P
gc 1176 @7.100s 5%: 0.13+0.70+0.070 ms clock, 1.0+0.66/0.84/0+0.56 ms cpu, 3->3->1 MB, 4 MB goal, 0 MB stacks, 0 MB globals, 8 P
gc 1177 @7.103s 5%: 0.088+0.68+0.095 ms clock, 0.70+0.75/0.77/0+0.76 ms cpu, 3->3->1 MB, 4 MB goal, 0 MB stacks, 0 MB globals, 8 P
gc 1178 @7.105s 5%: 0.11+0.40+0.058 ms clock, 0.91+0.77/0.59/0.065+0.46 ms cpu, 3->3->1 MB, 4 MB goal, 0 MB stacks, 0 MB globals, 8 P
gc 1179 @7.108s 5%: 0.094+0.64+0.060 ms clock, 0.75+0.90/0.88/0+0.48 ms cpu, 3->3->1 MB, 4 MB goal, 0 MB stacks, 0 MB globals, 8 P
gc 1180 @7.110s 5%: 0.10+0.63+0.12 ms clock, 0.80+0.56/0.81/0+0.97 ms cpu, 3->3->1 MB, 4 MB goal, 0 MB stacks, 0 MB globals, 8 P
gc 1181 @7.113s 5%: 0.15+0.65+0.099 ms clock, 1.2+0.75/0.90/0+0.79 ms cpu, 3->3->1 MB, 4 MB goal, 0 MB stacks, 0 MB globals, 8 P
gc 1182 @7.115s 5%: 0.12+0.61+0.059 ms clock, 0.98+0.88/0.73/0+0.47 ms cpu, 3->3->1 MB, 4 MB goal, 0 MB stacks, 0 MB globals, 8 P
gc 1183 @7.118s 5%: 0.083+0.62+0.086 ms clock, 0.66+0.73/0.77/0+0.69 ms cpu, 3->3->1 MB, 4 MB goal, 0 MB stacks, 0 MB globals, 8 P
gc 1184 @7.120s 5%: 0.096+0.56+0.093 ms clock, 0.77+0.62/0.78/0+0.74 ms cpu, 3->3->1 MB, 4 MB goal, 0 MB stacks, 0 MB globals, 8 P
gc 1185 @7.123s 5%: 0.13+0.59+0.075 ms clock, 1.0+0.75/0.78/0+0.60 ms cpu, 3->3->1 MB, 4 MB goal, 0 MB stacks, 0 MB globals, 8 P
gc 1186 @7.125s 5%: 0.10+0.61+0.095 ms clock, 0.80+0.80/0.78/0+0.76 ms cpu, 3->3->1 MB, 4 MB goal, 0 MB stacks, 0 MB globals, 8 P
gc 1187 @7.128s 5%: 0.12+0.95+0.098 ms clock, 0.96+0.78/0.75/0+0.78 ms cpu, 3->4->1 MB, 4 MB goal, 0 MB stacks, 0 MB globals, 8 P
gc 1188 @7.130s 5%: 0.093+0.55+0.093 ms clock, 0.74+0.89/0.74/0+0.74 ms cpu, 3->3->1 MB, 4 MB goal, 0 MB stacks, 0 MB globals, 8 P
gc 1189 @7.133s 5%: 0.11+1.1+0.096 ms clock, 0.88+0.75/0.81/0+0.77 ms cpu, 3->4->1 MB, 4 MB goal, 0 MB stacks, 0 MB globals, 8 P
gc 1190 @7.136s 5%: 0.095+0.91+0.065 ms clock, 0.76+0.94/0.76/0+0.52 ms cpu, 3->4->1 MB, 4 MB goal, 0 MB stacks, 0 MB globals, 8 P
gc 1191 @7.138s 5%: 0.083+1.1+0.090 ms clock, 0.66+0.86/0.80/0+0.72 ms cpu, 3->4->1 MB, 4 MB goal, 0 MB stacks, 0 MB globals, 8 P
gc 1192 @7.141s 5%: 0.14+0.99+0.069 ms clock, 1.1+0.70/0.83/0+0.55 ms cpu, 3->4->1 MB, 4 MB goal, 0 MB stacks, 0 MB globals, 8 P
gc 1193 @7.144s 5%: 0.075+0.78+0.12 ms clock, 0.60+0.62/0.93/0+0.99 ms cpu, 3->3->1 MB, 4 MB goal, 0 MB stacks, 0 MB globals, 8 P
gc 1194 @7.146s 5%: 0.078+0.64+0.11 ms clock, 0.62+0.80/0.82/0+0.95 ms cpu, 3->3->1 MB, 4 MB goal, 0 MB stacks, 0 MB globals, 8 P
gc 1195 @7.149s 5%: 0.12+0.55+0.11 ms clock, 1.0+0.72/0.80/0+0.88 ms cpu, 3->3->1 MB, 4 MB goal, 0 MB stacks, 0 MB globals, 8 P
gc 1196 @7.151s 5%: 0.13+0.79+0.13 ms clock, 1.0+0.83/0.81/0+1.0 ms cpu, 3->3->1 MB, 4 MB goal, 0 MB stacks, 0 MB globals, 8 P
gc 1197 @7.154s 5%: 0.11+1.1+0.091 ms clock, 0.89+0.72/0.76/0+0.72 ms cpu, 3->4->1 MB, 4 MB goal, 0 MB stacks, 0 MB globals, 8 P
gc 1198 @7.157s 5%: 0.14+0.55+0.054 ms clock, 1.1+0.74/0.73/0+0.43 ms cpu, 3->4->1 MB, 4 MB goal, 0 MB stacks, 0 MB globals, 8 P
gc 1199 @7.159s 5%: 0.16+0.52+0.097 ms clock, 1.2+0.70/0.83/0+0.78 ms cpu, 3->3->1 MB, 4 MB goal, 0 MB stacks, 0 MB globals, 8 P
gc 1200 @7.162s 5%: 0.095+0.55+0.11 ms clock, 0.76+0.82/0.72/0+0.94 ms cpu, 3->3->1 MB, 4 MB goal, 0 MB stacks, 0 MB globals, 8 P
gc 1201 @7.164s 5%: 0.14+0.57+0.077 ms clock, 1.1+0.84/0.67/0+0.62 ms cpu, 3->3->1 MB, 4 MB goal, 0 MB stacks, 0 MB globals, 8 P
gc 1202 @7.167s 5%: 0.10+0.60+0.058 ms clock, 0.85+0.71/0.80/0+0.47 ms cpu, 3->3->1 MB, 4 MB goal, 0 MB stacks, 0 MB globals, 8 P
gc 1203 @7.169s 5%: 0.093+0.71+0.11 ms clock, 0.74+0.64/0.81/0+0.92 ms cpu, 3->3->1 MB, 4 MB goal, 0 MB stacks, 0 MB globals, 8 P
gc 1204 @7.172s 5%: 0.096+0.64+0.085 ms clock, 0.77+0.73/0.82/0+0.68 ms cpu, 3->3->1 MB, 4 MB goal, 0 MB stacks, 0 MB globals, 8 P
gc 1205 @7.174s 5%: 0.10+0.64+0.11 ms clock, 0.84+0.97/0.85/0+0.90 ms cpu, 3->3->1 MB, 4 MB goal, 0 MB stacks, 0 MB globals, 8 P
gc 1206 @7.177s 5%: 0.11+0.56+0.072 ms clock, 0.90+0.80/0.68/0+0.57 ms cpu, 3->3->1 MB, 4 MB goal, 0 MB stacks, 0 MB globals, 8 P
gc 1207 @7.179s 5%: 0.099+0.61+0.12 ms clock, 0.79+0.90/0.73/0+0.97 ms cpu, 3->3->1 MB, 4 MB goal, 0 MB stacks, 0 MB globals, 8 P
gc 1208 @7.182s 5%: 0.12+1.0+0.090 ms clock, 1.0+0.61/0.84/0+0.72 ms cpu, 3->4->1 MB, 4 MB goal, 0 MB stacks, 0 MB globals, 8 P
gc 1209 @7.185s 5%: 0.13+0.70+0.067 ms clock, 1.0+0.80/0.84/0+0.53 ms cpu, 3->3->1 MB, 4 MB goal, 0 MB stacks, 0 MB globals, 8 P
gc 1210 @7.187s 5%: 0.14+0.72+0.077 ms clock, 1.1+0.67/0.82/0+0.61 ms cpu, 3->3->1 MB, 4 MB goal, 0 MB stacks, 0 MB globals, 8 P
gc 1211 @7.190s 5%: 0.097+0.82+0.10 ms clock, 0.77+0.67/0.75/0+0.86 ms cpu, 3->3->1 MB, 4 MB goal, 0 MB stacks, 0 MB globals, 8 P
gc 1212 @7.192s 5%: 0.15+0.48+0.077 ms clock, 1.2+0.81/0.68/0+0.61 ms cpu, 3->3->1 MB, 4 MB goal, 0 MB stacks, 0 MB globals, 8 P
gc 1213 @7.195s 5%: 0.13+0.66+0.080 ms clock, 1.1+0.75/0.73/0+0.64 ms cpu, 3->3->1 MB, 4 MB goal, 0 MB stacks, 0 MB globals, 8 P
gc 1214 @7.197s 5%: 0.16+1.2+0.096 ms clock, 1.3+0.58/0.89/0+0.76 ms cpu, 3->4->1 MB, 4 MB goal, 0 MB stacks, 0 MB globals, 8 P
gc 1215 @7.200s 5%: 0.11+0.58+0.055 ms clock, 0.92+0.74/0.77/0+0.44 ms cpu, 3->4->1 MB, 4 MB goal, 0 MB stacks, 0 MB globals, 8 P
gc 1216 @7.203s 5%: 0.099+0.58+0.074 ms clock, 0.79+0.84/0.78/0+0.59 ms cpu, 3->3->1 MB, 4 MB goal, 0 MB stacks, 0 MB globals, 8 P
gc 1217 @7.205s 5%: 0.11+0.61+0.094 ms clock, 0.93+0.71/0.81/0+0.75 ms cpu, 3->3->1 MB, 4 MB goal, 0 MB stacks, 0 MB globals, 8 P
gc 1218 @7.208s 5%: 0.16+0.97+0.084 ms clock, 1.2+0.86/0.82/0+0.67 ms cpu, 3->4->1 MB, 4 MB goal, 0 MB stacks, 0 MB globals, 8 P
gc 1219 @7.210s 5%: 0.16+0.80+0.10 ms clock, 1.2+0.94/1.0/0+0.80 ms cpu, 3->4->1 MB, 4 MB goal, 0 MB stacks, 0 MB globals, 8 P
gc 1220 @7.213s 5%: 0.11+0.66+0.092 ms clock, 0.88+0.67/0.81/0+0.73 ms cpu, 3->3->1 MB, 4 MB goal, 0 MB stacks, 0 MB globals, 8 P
gc 1221 @7.215s 5%: 0.12+0.81+0.086 ms clock, 1.0+0.78/0.79/0+0.69 ms cpu, 3->3->1 MB, 4 MB goal, 0 MB stacks, 0 MB globals, 8 P
gc 1222 @7.218s 5%: 0.15+0.65+0.094 ms clock, 1.2+0.76/0.84/0+0.75 ms cpu, 3->3->1 MB, 4 MB goal, 0 MB stacks, 0 MB globals, 8 P
gc 1223 @7.220s 5%: 0.079+0.75+0.074 ms clock, 0.63+0.72/0.95/0+0.59 ms cpu, 3->3->1 MB, 4 MB goal, 0 MB stacks, 0 MB globals, 8 P
gc 1224 @7.223s 5%: 0.10+1.1+0.099 ms clock, 0.83+0.89/0.99/0+0.79 ms cpu, 3->4->2 MB, 4 MB goal, 0 MB stacks, 0 MB globals, 8 P
gc 1225 @7.226s 5%: 0.14+1.2+0.045 ms clock, 1.1+1.4/0.87/0+0.36 ms cpu, 3->4->1 MB, 4 MB goal, 0 MB stacks, 0 MB globals, 8 P
gc 1226 @7.229s 5%: 0.093+1.0+0.071 ms clock, 0.75+0.55/0.88/0+0.56 ms cpu, 3->4->1 MB, 4 MB goal, 0 MB stacks, 0 MB globals, 8 P
gc 1227 @7.232s 5%: 0.17+0.59+0.079 ms clock, 1.3+0.82/0.63/0+0.63 ms cpu, 3->3->1 MB, 4 MB goal, 0 MB stacks, 0 MB globals, 8 P
gc 1228 @7.234s 5%: 0.094+0.76+0.15 ms clock, 0.75+0.83/0.72/0+1.2 ms cpu, 3->3->1 MB, 4 MB goal, 0 MB stacks, 0 MB globals, 8 P
gc 1229 @7.237s 5%: 0.15+1.0+0.10 ms clock, 1.2+0.79/1.2/0+0.80 ms cpu, 3->4->1 MB, 4 MB goal, 0 MB stacks, 0 MB globals, 8 P
gc 1230 @7.240s 5%: 0.089+1.2+0.10 ms clock, 0.71+0.88/0.86/0+0.84 ms cpu, 3->4->1 MB, 4 MB goal, 0 MB stacks, 0 MB globals, 8 P
gc 1231 @7.243s 5%: 0.094+0.63+0.086 ms clock, 0.75+0.69/0.77/0+0.69 ms cpu, 3->4->1 MB, 4 MB goal, 0 MB stacks, 0 MB globals, 8 P
gc 1232 @7.245s 5%: 0.11+0.65+0.070 ms clock, 0.89+0.80/0.73/0+0.56 ms cpu, 3->3->1 MB, 4 MB goal, 0 MB stacks, 0 MB globals, 8 P
gc 1233 @7.247s 5%: 0.16+1.0+0.10 ms clock, 1.2+0.68/0.89/0+0.80 ms cpu, 3->4->2 MB, 4 MB goal, 0 MB stacks, 0 MB globals, 8 P
gc 1234 @7.251s 5%: 0.092+0.58+0.12 ms clock, 0.73+0.72/0.82/0+0.98 ms cpu, 3->4->1 MB, 4 MB goal, 0 MB stacks, 0 MB globals, 8 P
gc 1235 @7.253s 5%: 0.14+0.94+0.10 ms clock, 1.1+0.73/0.78/0+0.82 ms cpu, 3->4->1 MB, 4 MB goal, 0 MB stacks, 0 MB globals, 8 P
gc 1236 @7.256s 5%: 0.13+0.92+0.11 ms clock, 1.0+0.55/0.89/0+0.93 ms cpu, 3->4->1 MB, 4 MB goal, 0 MB stacks, 0 MB globals, 8 P
gc 1237 @7.258s 5%: 0.14+1.2+0.040 ms clock, 1.1+0.78/0.67/0+0.32 ms cpu, 3->4->2 MB, 4 MB goal, 0 MB stacks, 0 MB globals, 8 P
gc 1238 @7.262s 5%: 0.069+0.68+0.099 ms clock, 0.55+0.72/0.96/0+0.79 ms cpu, 3->4->1 MB, 4 MB goal, 0 MB stacks, 0 MB globals, 8 P
gc 1239 @7.264s 5%: 0.13+1.1+0.098 ms clock, 1.0+0.80/0.71/0+0.78 ms cpu, 3->4->1 MB, 4 MB goal, 0 MB stacks, 0 MB globals, 8 P
gc 1240 @7.267s 5%: 0.12+0.69+0.099 ms clock, 1.0+0.78/0.83/0+0.79 ms cpu, 3->3->1 MB, 4 MB goal, 0 MB stacks, 0 MB globals, 8 P
gc 1241 @7.270s 5%: 0.13+1.0+0.039 ms clock, 1.1+0.71/0.74/0+0.31 ms cpu, 3->3->1 MB, 4 MB goal, 0 MB stacks, 0 MB globals, 8 P
gc 1242 @7.272s 5%: 0.11+0.62+0.093 ms clock, 0.90+0.60/0.83/0+0.74 ms cpu, 3->3->1 MB, 4 MB goal, 0 MB stacks, 0 MB globals, 8 P
gc 1243 @7.275s 5%: 0.16+1.0+0.082 ms clock, 1.2+0.79/0.77/0+0.65 ms cpu, 3->4->1 MB, 4 MB goal, 0 MB stacks, 0 MB globals, 8 P
gc 1244 @7.278s 5%: 0.086+1.0+0.072 ms clock, 0.69+0.96/0.70/0+0.58 ms cpu, 3->4->1 MB, 4 MB goal, 0 MB stacks, 0 MB globals, 8 P
gc 1245 @7.280s 5%: 0.090+0.51+0.091 ms clock, 0.72+0.87/0.77/0+0.73 ms cpu, 3->3->1 MB, 4 MB goal, 0 MB stacks, 0 MB globals, 8 P
gc 1246 @7.283s 5%: 0.14+0.85+0.11 ms clock, 1.1+0.75/0.90/0+0.90 ms cpu, 3->3->1 MB, 4 MB goal, 0 MB stacks, 0 MB globals, 8 P
gc 1247 @7.286s 5%: 0.10+0.63+0.065 ms clock, 0.81+0.70/0.74/0+0.52 ms cpu, 3->3->1 MB, 4 MB goal, 0 MB stacks, 0 MB globals, 8 P
gc 1248 @7.288s 5%: 0.11+0.68+0.14 ms clock, 0.88+0.77/0.71/0+1.1 ms cpu, 3->3->1 MB, 4 MB goal, 0 MB stacks, 0 MB globals, 8 P
gc 1249 @7.291s 5%: 0.080+0.53+0.10 ms clock, 0.64+0.86/0.67/0+0.83 ms cpu, 3->3->1 MB, 4 MB goal, 0 MB stacks, 0 MB globals, 8 P
gc 1250 @7.293s 5%: 0.12+0.58+0.059 ms clock, 0.99+0.75/0.71/0+0.47 ms cpu, 3->3->1 MB, 4 MB goal, 0 MB stacks, 0 MB globals, 8 P
gc 1251 @7.296s 5%: 0.11+0.97+0.10 ms clock, 0.95+0.79/0.81/0+0.82 ms cpu, 3->3->1 MB, 4 MB goal, 0 MB stacks, 0 MB globals, 8 P
gc 1252 @7.298s 5%: 0.14+0.63+0.062 ms clock, 1.1+0.80/0.83/0+0.49 ms cpu, 3->3->1 MB, 4 MB goal, 0 MB stacks, 0 MB globals, 8 P
gc 1253 @7.301s 5%: 0.13+0.69+0.10 ms clock, 1.0+0.79/0.93/0+0.82 ms cpu, 3->3->1 MB, 4 MB goal, 0 MB stacks, 0 MB globals, 8 P
gc 1254 @7.303s 5%: 0.12+0.79+0.091 ms clock, 0.96+0.85/0.82/0+0.73 ms cpu, 3->3->1 MB, 4 MB goal, 0 MB stacks, 0 MB globals, 8 P
gc 1255 @7.306s 5%: 0.064+0.93+0.10 ms clock, 0.51+0.73/0.78/0+0.82 ms cpu, 3->3->1 MB, 4 MB goal, 0 MB stacks, 0 MB globals, 8 P
gc 1256 @7.308s 5%: 0.10+0.52+0.084 ms clock, 0.82+0.77/0.71/0+0.67 ms cpu, 3->3->1 MB, 4 MB goal, 0 MB stacks, 0 MB globals, 8 P
gc 1257 @7.311s 5%: 0.097+0.65+0.17 ms clock, 0.78+0.69/0.84/0+1.4 ms cpu, 3->3->1 MB, 4 MB goal, 0 MB stacks, 0 MB globals, 8 P
gc 1258 @7.313s 5%: 0.11+0.59+0.14 ms clock, 0.92+0.70/0.77/0+1.1 ms cpu, 3->3->1 MB, 4 MB goal, 0 MB stacks, 0 MB globals, 8 P
gc 1259 @7.315s 5%: 0.11+0.69+0.10 ms clock, 0.91+0.71/0.79/0+0.87 ms cpu, 3->3->1 MB, 4 MB goal, 0 MB stacks, 0 MB globals, 8 P
gc 1260 @7.318s 5%: 0.12+0.66+0.071 ms clock, 1.0+0.70/0.74/0+0.56 ms cpu, 3->3->1 MB, 4 MB goal, 0 MB stacks, 0 MB globals, 8 P
gc 1261 @7.320s 5%: 0.11+0.71+0.10 ms clock, 0.93+0.78/0.80/0+0.86 ms cpu, 3->3->1 MB, 4 MB goal, 0 MB stacks, 0 MB globals, 8 P
gc 1262 @7.323s 5%: 0.16+0.58+0.11 ms clock, 1.3+0.80/0.76/0+0.88 ms cpu, 3->3->1 MB, 4 MB goal, 0 MB stacks, 0 MB globals, 8 P
gc 1263 @7.325s 5%: 0.10+0.59+0.10 ms clock, 0.81+0.73/0.74/0+0.86 ms cpu, 3->3->1 MB, 4 MB goal, 0 MB stacks, 0 MB globals, 8 P
gc 1264 @7.328s 5%: 0.10+0.64+0.11 ms clock, 0.80+0.76/0.83/0+0.95 ms cpu, 3->3->1 MB, 4 MB goal, 0 MB stacks, 0 MB globals, 8 P
gc 1265 @7.330s 5%: 0.12+0.57+0.11 ms clock, 0.96+0.70/0.84/0+0.90 ms cpu, 3->3->1 MB, 4 MB goal, 0 MB stacks, 0 MB globals, 8 P
gc 1266 @7.333s 5%: 0.074+0.51+0.096 ms clock, 0.59+0.81/0.71/0+0.77 ms cpu, 3->3->1 MB, 4 MB goal, 0 MB stacks, 0 MB globals, 8 P
gc 1267 @7.335s 5%: 0.10+0.53+0.066 ms clock, 0.83+0.85/0.74/0+0.53 ms cpu, 3->3->1 MB, 4 MB goal, 0 MB stacks, 0 MB globals, 8 P
gc 1268 @7.338s 5%: 0.12+1.0+0.067 ms clock, 0.98+0.66/0.80/0+0.54 ms cpu, 3->3->1 MB, 4 MB goal, 0 MB stacks, 0 MB globals, 8 P
gc 1269 @7.341s 5%: 0.097+1.0+0.094 ms clock, 0.78+1.2/0.85/0+0.75 ms cpu, 3->4->1 MB, 4 MB goal, 0 MB stacks, 0 MB globals, 8 P
gc 1270 @7.344s 5%: 0.16+0.55+0.067 ms clock, 1.2+0.82/0.83/0+0.53 ms cpu, 3->3->1 MB, 4 MB goal, 0 MB stacks, 0 MB globals, 8 P
gc 1271 @7.346s 5%: 0.089+0.68+0.11 ms clock, 0.71+0.78/0.75/0+0.89 ms cpu, 3->3->1 MB, 4 MB goal, 0 MB stacks, 0 MB globals, 8 P
gc 1272 @7.349s 5%: 0.11+0.62+0.079 ms clock, 0.92+0.75/0.74/0+0.63 ms cpu, 3->3->1 MB, 4 MB goal, 0 MB stacks, 0 MB globals, 8 P
gc 1273 @7.351s 5%: 0.12+0.55+0.087 ms clock, 1.0+0.71/0.73/0+0.69 ms cpu, 3->3->1 MB, 4 MB goal, 0 MB stacks, 0 MB globals, 8 P
gc 1274 @7.354s 5%: 0.12+0.82+0.10 ms clock, 0.99+0.81/0.81/0+0.85 ms cpu, 3->3->1 MB, 4 MB goal, 0 MB stacks, 0 MB globals, 8 P
gc 1275 @7.356s 5%: 0.13+0.59+0.12 ms clock, 1.1+0.59/0.73/0+1.0 ms cpu, 3->3->1 MB, 4 MB goal, 0 MB stacks, 0 MB globals, 8 P
gc 1276 @7.359s 5%: 0.12+0.65+0.11 ms clock, 0.96+0.72/0.89/0+0.90 ms cpu, 3->3->1 MB, 4 MB goal, 0 MB stacks, 0 MB globals, 8 P
gc 1277 @7.361s 5%: 0.11+0.59+0.084 ms clock, 0.94+0.63/0.77/0+0.67 ms cpu, 3->3->1 MB, 4 MB goal, 0 MB stacks, 0 MB globals, 8 P
gc 1278 @7.364s 5%: 0.12+0.50+0.082 ms clock, 1.0+0.77/0.74/0+0.65 ms cpu, 3->3->1 MB, 4 MB goal, 0 MB stacks, 0 MB globals, 8 P
gc 1279 @7.366s 5%: 0.14+0.61+0.15 ms clock, 1.1+0.61/0.90/0+1.2 ms cpu, 3->3->1 MB, 4 MB goal, 0 MB stacks, 0 MB globals, 8 P
gc 1280 @7.369s 5%: 0.11+0.59+0.070 ms clock, 0.92+0.85/0.81/0+0.56 ms cpu, 3->3->1 MB, 4 MB goal, 0 MB stacks, 0 MB globals, 8 P
gc 1281 @7.371s 5%: 0.13+0.62+0.075 ms clock, 1.0+0.73/0.81/0+0.60 ms cpu, 3->3->1 MB, 4 MB goal, 0 MB stacks, 0 MB globals, 8 P
gc 1282 @7.374s 5%: 0.10+0.68+0.087 ms clock, 0.87+0.70/0.71/0+0.69 ms cpu, 3->3->1 MB, 4 MB goal, 0 MB stacks, 0 MB globals, 8 P
gc 1283 @7.376s 5%: 0.11+1.2+0.073 ms clock, 0.94+0.76/0.78/0+0.58 ms cpu, 3->4->2 MB, 4 MB goal, 0 MB stacks, 0 MB globals, 8 P
gc 1284 @7.380s 5%: 0.14+1.4+0.075 ms clock, 1.1+0.74/0.88/0+0.60 ms cpu, 4->5->2 MB, 4 MB goal, 0 MB stacks, 0 MB globals, 8 P
gc 1285 @7.383s 5%: 0.33+0.38+0.12 ms clock, 2.6+0.79/0.84/0+0.99 ms cpu, 3->4->1 MB, 4 MB goal, 0 MB stacks, 0 MB globals, 8 P
gc 1286 @7.386s 5%: 0.11+0.66+0.090 ms clock, 0.91+0.74/0.98/0+0.72 ms cpu, 3->3->1 MB, 4 MB goal, 0 MB stacks, 0 MB globals, 8 P
gc 1287 @7.388s 5%: 0.14+0.57+0.080 ms clock, 1.1+0.82/0.73/0+0.64 ms cpu, 3->3->1 MB, 4 MB goal, 0 MB stacks, 0 MB globals, 8 P
gc 1288 @7.391s 5%: 0.14+0.94+0.13 ms clock, 1.1+0.68/0.75/0+1.0 ms cpu, 3->4->1 MB, 4 MB goal, 0 MB stacks, 0 MB globals, 8 P
gc 1289 @7.393s 5%: 0.078+0.79+0.098 ms clock, 0.62+0.79/0.71/0+0.78 ms cpu, 3->4->1 MB, 4 MB goal, 0 MB stacks, 0 MB globals, 8 P
gc 1290 @7.396s 5%: 0.10+0.61+0.077 ms clock, 0.83+0.72/0.78/0+0.62 ms cpu, 3->3->1 MB, 4 MB goal, 0 MB stacks, 0 MB globals, 8 P
gc 1291 @7.399s 5%: 0.11+1.0+0.11 ms clock, 0.93+0.88/0.88/0+0.95 ms cpu, 3->4->1 MB, 4 MB goal, 0 MB stacks, 0 MB globals, 8 P
gc 1292 @7.401s 5%: 0.080+0.61+0.080 ms clock, 0.64+0.78/0.75/0+0.64 ms cpu, 3->3->1 MB, 4 MB goal, 0 MB stacks, 0 MB globals, 8 P
gc 1293 @7.404s 5%: 0.11+0.65+0.11 ms clock, 0.88+0.82/0.86/0+0.92 ms cpu, 3->3->1 MB, 4 MB goal, 0 MB stacks, 0 MB globals, 8 P
gc 1294 @7.406s 5%: 0.069+0.61+0.14 ms clock, 0.55+0.80/0.77/0+1.1 ms cpu, 3->3->1 MB, 4 MB goal, 0 MB stacks, 0 MB globals, 8 P
gc 1295 @7.409s 5%: 0.11+0.59+0.10 ms clock, 0.93+0.90/0.71/0+0.87 ms cpu, 3->3->1 MB, 4 MB goal, 0 MB stacks, 0 MB globals, 8 P
gc 1296 @7.411s 5%: 0.15+1.0+0.11 ms clock, 1.2+0.62/0.92/0+0.95 ms cpu, 3->4->1 MB, 4 MB goal, 0 MB stacks, 0 MB globals, 8 P
gc 1297 @7.414s 5%: 0.12+0.57+0.063 ms clock, 1.0+0.75/0.74/0+0.50 ms cpu, 3->4->1 MB, 4 MB goal, 0 MB stacks, 0 MB globals, 8 P
gc 1298 @7.417s 5%: 0.12+0.79+0.072 ms clock, 1.0+0.71/0.83/0+0.58 ms cpu, 3->3->1 MB, 4 MB goal, 0 MB stacks, 0 MB globals, 8 P
gc 1299 @7.419s 5%: 0.12+0.57+0.10 ms clock, 0.99+0.76/0.80/0+0.81 ms cpu, 3->3->1 MB, 4 MB goal, 0 MB stacks, 0 MB globals, 8 P
gc 1300 @7.422s 5%: 0.10+0.99+0.083 ms clock, 0.85+0.64/0.76/0+0.67 ms cpu, 3->4->1 MB, 4 MB goal, 0 MB stacks, 0 MB globals, 8 P
gc 1301 @7.425s 5%: 0.065+0.64+0.079 ms clock, 0.52+0.86/0.88/0+0.63 ms cpu, 3->4->1 MB, 4 MB goal, 0 MB stacks, 0 MB globals, 8 P
gc 1302 @7.427s 5%: 0.10+1.0+0.075 ms clock, 0.87+0.73/0.77/0+0.60 ms cpu, 3->4->1 MB, 4 MB goal, 0 MB stacks, 0 MB globals, 8 P
gc 1303 @7.430s 5%: 0.13+0.61+0.065 ms clock, 1.0+0.85/0.74/0+0.52 ms cpu, 3->3->1 MB, 4 MB goal, 0 MB stacks, 0 MB globals, 8 P
gc 1304 @7.433s 5%: 0.089+0.97+0.084 ms clock, 0.71+0.92/0.65/0+0.67 ms cpu, 3->3->1 MB, 4 MB goal, 0 MB stacks, 0 MB globals, 8 P
gc 1305 @7.435s 5%: 0.13+0.67+0.11 ms clock, 1.1+0.71/0.86/0+0.91 ms cpu, 3->3->1 MB, 4 MB goal, 0 MB stacks, 0 MB globals, 8 P
gc 1306 @7.438s 5%: 0.087+1.2+0.077 ms clock, 0.69+0.73/0.79/0+0.61 ms cpu, 3->4->2 MB, 4 MB goal, 0 MB stacks, 0 MB globals, 8 P
gc 1307 @7.441s 5%: 0.16+0.65+0.077 ms clock, 1.3+0.71/0.91/0+0.61 ms cpu, 3->4->1 MB, 4 MB goal, 0 MB stacks, 0 MB globals, 8 P
gc 1308 @7.443s 5%: 0.080+0.54+0.059 ms clock, 0.64+0.92/0.74/0+0.47 ms cpu, 3->3->1 MB, 4 MB goal, 0 MB stacks, 0 MB globals, 8 P
gc 1309 @7.446s 5%: 0.098+0.96+0.074 ms clock, 0.78+0.74/0.73/0+0.59 ms cpu, 3->3->1 MB, 4 MB goal, 0 MB stacks, 0 MB globals, 8 P
gc 1310 @7.448s 5%: 0.16+0.80+0.16 ms clock, 1.2+0.62/1.0/0+1.2 ms cpu, 3->4->1 MB, 4 MB goal, 0 MB stacks, 0 MB globals, 8 P
gc 1311 @7.451s 5%: 0.11+0.73+0.11 ms clock, 0.89+0.75/0.70/0+0.88 ms cpu, 3->3->1 MB, 4 MB goal, 0 MB stacks, 0 MB globals, 8 P
gc 1312 @7.454s 5%: 0.10+0.56+0.11 ms clock, 0.85+0.76/0.71/0+0.93 ms cpu, 3->3->1 MB, 4 MB goal, 0 MB stacks, 0 MB globals, 8 P
gc 1313 @7.456s 5%: 0.11+0.63+0.12 ms clock, 0.89+0.75/0.73/0+0.98 ms cpu, 3->3->1 MB, 4 MB goal, 0 MB stacks, 0 MB globals, 8 P
gc 1314 @7.459s 5%: 0.14+0.63+0.14 ms clock, 1.1+0.76/0.77/0+1.1 ms cpu, 3->3->1 MB, 4 MB goal, 0 MB stacks, 0 MB globals, 8 P
gc 1315 @7.461s 5%: 0.15+0.57+0.044 ms clock, 1.2+0.74/0.71/0+0.35 ms cpu, 3->3->1 MB, 4 MB goal, 0 MB stacks, 0 MB globals, 8 P
gc 1316 @7.464s 5%: 0.12+0.67+0.070 ms clock, 1.0+0.59/0.89/0+0.56 ms cpu, 3->3->1 MB, 4 MB goal, 0 MB stacks, 0 MB globals, 8 P
gc 1317 @7.466s 5%: 0.10+0.90+0.074 ms clock, 0.83+0.87/0.66/0+0.59 ms cpu, 3->3->1 MB, 4 MB goal, 0 MB stacks, 0 MB globals, 8 P
gc 1318 @7.469s 5%: 0.11+0.61+0.099 ms clock, 0.91+0.88/0.74/0+0.79 ms cpu, 3->3->1 MB, 4 MB goal, 0 MB stacks, 0 MB globals, 8 P
gc 1319 @7.471s 5%: 0.12+0.93+0.078 ms clock, 0.96+0.69/0.81/0+0.62 ms cpu, 3->4->1 MB, 4 MB goal, 0 MB stacks, 0 MB globals, 8 P
gc 1320 @7.474s 5%: 0.084+0.78+0.077 ms clock, 0.67+0.66/0.85/0+0.62 ms cpu, 3->4->1 MB, 4 MB goal, 0 MB stacks, 0 MB globals, 8 P
gc 1321 @7.477s 5%: 0.13+0.81+0.074 ms clock, 1.0+0.59/0.77/0+0.59 ms cpu, 3->3->1 MB, 4 MB goal, 0 MB stacks, 0 MB globals, 8 P
gc 1322 @7.479s 5%: 0.14+0.60+0.078 ms clock, 1.1+0.61/0.84/0+0.63 ms cpu, 3->3->1 MB, 4 MB goal, 0 MB stacks, 0 MB globals, 8 P
gc 1323 @7.482s 5%: 0.12+0.53+0.057 ms clock, 1.0+0.80/0.80/0+0.45 ms cpu, 3->3->1 MB, 4 MB goal, 0 MB stacks, 0 MB globals, 8 P
gc 1324 @7.484s 5%: 0.17+0.50+0.11 ms clock, 1.3+0.82/0.84/0+0.89 ms cpu, 3->3->1 MB, 4 MB goal, 0 MB stacks, 0 MB globals, 8 P
gc 1325 @7.487s 5%: 0.096+0.53+0.097 ms clock, 0.77+0.80/0.73/0+0.77 ms cpu, 3->3->1 MB, 4 MB goal, 0 MB stacks, 0 MB globals, 8 P
gc 1326 @7.489s 5%: 0.10+0.59+0.10 ms clock, 0.82+0.79/0.83/0+0.80 ms cpu, 3->3->1 MB, 4 MB goal, 0 MB stacks, 0 MB globals, 8 P
gc 1327 @7.492s 5%: 0.11+0.66+0.078 ms clock, 0.92+0.79/0.78/0+0.62 ms cpu, 3->3->1 MB, 4 MB goal, 0 MB stacks, 0 MB globals, 8 P
gc 1328 @7.494s 5%: 0.10+0.61+0.075 ms clock, 0.84+0.87/0.75/0+0.60 ms cpu, 3->3->1 MB, 4 MB goal, 0 MB stacks, 0 MB globals, 8 P
gc 1329 @7.497s 5%: 0.11+0.55+0.079 ms clock, 0.89+0.92/0.66/0+0.63 ms cpu, 3->3->1 MB, 4 MB goal, 0 MB stacks, 0 MB globals, 8 P
gc 1330 @7.499s 5%: 0.17+0.70+0.10 ms clock, 1.4+0.82/0.81/0+0.85 ms cpu, 3->3->1 MB, 4 MB goal, 0 MB stacks, 0 MB globals, 8 P
gc 1331 @7.501s 5%: 0.11+0.89+0.090 ms clock, 0.95+0.71/0.71/0+0.72 ms cpu, 3->3->1 MB, 4 MB goal, 0 MB stacks, 0 MB globals, 8 P
gc 1332 @7.504s 5%: 0.094+1.0+0.081 ms clock, 0.75+0.67/0.86/0+0.65 ms cpu, 3->4->1 MB, 4 MB goal, 0 MB stacks, 0 MB globals, 8 P
gc 1333 @7.507s 5%: 0.10+0.66+0.062 ms clock, 0.87+0.86/0.73/0+0.49 ms cpu, 3->3->1 MB, 4 MB goal, 0 MB stacks, 0 MB globals, 8 P
gc 1334 @7.509s 5%: 0.12+0.65+0.11 ms clock, 1.0+0.74/0.68/0+0.92 ms cpu, 3->3->1 MB, 4 MB goal, 0 MB stacks, 0 MB globals, 8 P
gc 1335 @7.512s 5%: 0.15+0.65+0.088 ms clock, 1.2+0.70/0.70/0+0.70 ms cpu, 3->3->1 MB, 4 MB goal, 0 MB stacks, 0 MB globals, 8 P
gc 1336 @7.514s 5%: 0.11+0.58+0.093 ms clock, 0.93+0.72/0.79/0+0.74 ms cpu, 3->3->1 MB, 4 MB goal, 0 MB stacks, 0 MB globals, 8 P
gc 1337 @7.517s 5%: 0.16+0.91+0.049 ms clock, 1.2+0.67/0.74/0+0.39 ms cpu, 3->3->1 MB, 4 MB goal, 0 MB stacks, 0 MB globals, 8 P
gc 1338 @7.520s 5%: 0.13+0.68+0.092 ms clock, 1.0+0.89/0.76/0+0.73 ms cpu, 3->3->1 MB, 4 MB goal, 0 MB stacks, 0 MB globals, 8 P
gc 1339 @7.522s 5%: 0.10+0.62+0.069 ms clock, 0.82+0.83/0.82/0+0.55 ms cpu, 3->3->1 MB, 4 MB goal, 0 MB stacks, 0 MB globals, 8 P
gc 1340 @7.525s 5%: 0.065+0.89+0.15 ms clock, 0.52+0.85/0.81/0+1.2 ms cpu, 3->3->1 MB, 4 MB goal, 0 MB stacks, 0 MB globals, 8 P
gc 1341 @7.527s 5%: 0.12+1.0+0.059 ms clock, 0.98+0.62/0.86/0+0.47 ms cpu, 3->4->1 MB, 4 MB goal, 0 MB stacks, 0 MB globals, 8 P
gc 1342 @7.530s 5%: 0.11+0.68+0.10 ms clock, 0.88+0.79/0.68/0+0.87 ms cpu, 3->4->1 MB, 4 MB goal, 0 MB stacks, 0 MB globals, 8 P
gc 1343 @7.533s 5%: 0.092+0.85+0.091 ms clock, 0.73+0.77/0.78/0+0.72 ms cpu, 3->4->1 MB, 4 MB goal, 0 MB stacks, 0 MB globals, 8 P
gc 1344 @7.535s 5%: 0.096+0.54+0.096 ms clock, 0.77+0.81/0.73/0+0.77 ms cpu, 3->3->1 MB, 4 MB goal, 0 MB stacks, 0 MB globals, 8 P
gc 1345 @7.538s 5%: 0.12+0.58+0.073 ms clock, 0.99+0.99/0.62/0+0.58 ms cpu, 3->3->1 MB, 4 MB goal, 0 MB stacks, 0 MB globals, 8 P
gc 1346 @7.540s 5%: 0.092+0.98+0.075 ms clock, 0.73+0.78/0.74/0+0.60 ms cpu, 3->3->1 MB, 4 MB goal, 0 MB stacks, 0 MB globals, 8 P
gc 1347 @7.543s 5%: 0.14+0.77+0.13 ms clock, 1.1+0.72/0.84/0+1.1 ms cpu, 3->4->1 MB, 4 MB goal, 0 MB stacks, 0 MB globals, 8 P
gc 1348 @7.546s 5%: 0.12+0.60+0.086 ms clock, 1.0+0.81/0.78/0+0.69 ms cpu, 3->3->1 MB, 4 MB goal, 0 MB stacks, 0 MB globals, 8 P
gc 1349 @7.548s 5%: 0.13+0.51+0.059 ms clock, 1.0+0.79/0.77/0+0.47 ms cpu, 3->3->1 MB, 4 MB goal, 0 MB stacks, 0 MB globals, 8 P
gc 1350 @7.550s 5%: 0.13+0.56+0.14 ms clock, 1.0+0.72/0.74/0+1.1 ms cpu, 3->3->1 MB, 4 MB goal, 0 MB stacks, 0 MB globals, 8 P
gc 1351 @7.553s 5%: 0.14+0.55+0.090 ms clock, 1.1+0.57/0.82/0+0.72 ms cpu, 3->3->1 MB, 4 MB goal, 0 MB stacks, 0 MB globals, 8 P
gc 1352 @7.555s 5%: 0.10+0.58+0.086 ms clock, 0.82+0.76/0.69/0+0.69 ms cpu, 3->3->1 MB, 4 MB goal, 0 MB stacks, 0 MB globals, 8 P
gc 1353 @7.558s 5%: 0.094+0.69+0.11 ms clock, 0.75+0.67/0.79/0+0.92 ms cpu, 3->3->1 MB, 4 MB goal, 0 MB stacks, 0 MB globals, 8 P
gc 1354 @7.560s 5%: 0.096+0.90+0.063 ms clock, 0.76+0.79/0.72/0+0.50 ms cpu, 3->3->1 MB, 4 MB goal, 0 MB stacks, 0 MB globals, 8 P
gc 1355 @7.563s 5%: 0.17+0.68+0.10 ms clock, 1.4+0.74/0.75/0+0.84 ms cpu, 3->3->1 MB, 4 MB goal, 0 MB stacks, 0 MB globals, 8 P
gc 1356 @7.566s 5%: 0.19+0.73+0.11 ms clock, 1.5+0.58/0.82/0+0.90 ms cpu, 3->3->1 MB, 4 MB goal, 0 MB stacks, 0 MB globals, 8 P
gc 1357 @7.568s 5%: 0.092+0.72+0.064 ms clock, 0.74+0.71/0.75/0+0.51 ms cpu, 3->3->1 MB, 4 MB goal, 0 MB stacks, 0 MB globals, 8 P
gc 1358 @7.571s 5%: 0.095+1.1+0.061 ms clock, 0.76+0.77/1.2/0+0.48 ms cpu, 3->4->1 MB, 4 MB goal, 0 MB stacks, 0 MB globals, 8 P
gc 1359 @7.574s 5%: 0.11+0.63+0.13 ms clock, 0.94+0.72/0.87/0+1.0 ms cpu, 3->4->1 MB, 4 MB goal, 0 MB stacks, 0 MB globals, 8 P
gc 1360 @7.576s 5%: 0.11+1.0+0.098 ms clock, 0.95+0.70/0.79/0+0.78 ms cpu, 3->3->1 MB, 4 MB goal, 0 MB stacks, 0 MB globals, 8 P
gc 1361 @7.579s 5%: 0.089+0.53+0.10 ms clock, 0.71+0.85/0.69/0+0.83 ms cpu, 3->3->1 MB, 4 MB goal, 0 MB stacks, 0 MB globals, 8 P
gc 1362 @7.581s 5%: 0.097+1.1+0.068 ms clock, 0.78+0.73/0.75/0+0.55 ms cpu, 3->4->2 MB, 4 MB goal, 0 MB stacks, 0 MB globals, 8 P
gc 1363 @7.584s 5%: 0.095+0.80+0.13 ms clock, 0.76+0.72/0.77/0+1.0 ms cpu, 3->4->1 MB, 4 MB goal, 0 MB stacks, 0 MB globals, 8 P
gc 1364 @7.587s 5%: 0.12+0.57+0.094 ms clock, 1.0+0.83/0.72/0+0.75 ms cpu, 3->3->1 MB, 4 MB goal, 0 MB stacks, 0 MB globals, 8 P
gc 1365 @7.589s 5%: 0.12+0.75+0.083 ms clock, 1.0+0.80/0.74/0+0.66 ms cpu, 3->3->1 MB, 4 MB goal, 0 MB stacks, 0 MB globals, 8 P
gc 1366 @7.592s 5%: 0.10+1.0+0.091 ms clock, 0.85+0.69/1.0/0+0.72 ms cpu, 3->4->1 MB, 4 MB goal, 0 MB stacks, 0 MB globals, 8 P
gc 1367 @7.595s 5%: 0.18+0.77+0.10 ms clock, 1.4+0.83/0.76/0+0.84 ms cpu, 3->4->1 MB, 4 MB goal, 0 MB stacks, 0 MB globals, 8 P
gc 1368 @7.598s 5%: 0.073+0.57+0.12 ms clock, 0.59+0.68/0.73/0+1.0 ms cpu, 3->3->1 MB, 4 MB goal, 0 MB stacks, 0 MB globals, 8 P
gc 1369 @7.600s 5%: 0.10+0.68+0.11 ms clock, 0.84+0.80/0.80/0+0.91 ms cpu, 3->3->1 MB, 4 MB goal, 0 MB stacks, 0 MB globals, 8 P
gc 1370 @7.603s 5%: 0.10+0.64+0.13 ms clock, 0.84+0.88/0.74/0+1.0 ms cpu, 3->3->1 MB, 4 MB goal, 0 MB stacks, 0 MB globals, 8 P
gc 1371 @7.605s 5%: 0.14+0.90+0.057 ms clock, 1.1+0.66/0.78/0+0.46 ms cpu, 3->3->1 MB, 4 MB goal, 0 MB stacks, 0 MB globals, 8 P
gc 1372 @7.608s 5%: 0.15+1.1+0.072 ms clock, 1.2+0.61/0.81/0+0.57 ms cpu, 3->4->1 MB, 4 MB goal, 0 MB stacks, 0 MB globals, 8 P
gc 1373 @7.611s 5%: 0.16+0.75+0.073 ms clock, 1.3+0.67/0.96/0+0.58 ms cpu, 3->4->1 MB, 4 MB goal, 0 MB stacks, 0 MB globals, 8 P
gc 1374 @7.613s 5%: 0.11+0.63+0.12 ms clock, 0.91+0.77/0.67/0+1.0 ms cpu, 3->3->1 MB, 4 MB goal, 0 MB stacks, 0 MB globals, 8 P
gc 1375 @7.616s 5%: 0.062+0.84+0.11 ms clock, 0.50+0.90/0.74/0+0.89 ms cpu, 3->3->1 MB, 4 MB goal, 0 MB stacks, 0 MB globals, 8 P
gc 1376 @7.618s 5%: 0.097+0.52+0.071 ms clock, 0.77+0.69/0.80/0+0.56 ms cpu, 3->3->1 MB, 4 MB goal, 0 MB stacks, 0 MB globals, 8 P
gc 1377 @7.621s 5%: 0.14+0.99+0.064 ms clock, 1.1+0.87/0.77/0+0.51 ms cpu, 3->4->1 MB, 4 MB goal, 0 MB stacks, 0 MB globals, 8 P
gc 1378 @7.624s 5%: 0.10+0.85+0.090 ms clock, 0.87+0.84/0.74/0+0.72 ms cpu, 3->4->1 MB, 4 MB goal, 0 MB stacks, 0 MB globals, 8 P
gc 1379 @7.626s 5%: 0.083+0.56+0.080 ms clock, 0.66+0.74/0.78/0+0.64 ms cpu, 3->3->1 MB, 4 MB goal, 0 MB stacks, 0 MB globals, 8 P
gc 1380 @7.629s 5%: 0.14+0.56+0.075 ms clock, 1.1+0.69/0.78/0+0.60 ms cpu, 3->3->1 MB, 4 MB goal, 0 MB stacks, 0 MB globals, 8 P
gc 1381 @7.631s 5%: 0.11+0.99+0.058 ms clock, 0.93+0.71/0.75/0+0.46 ms cpu, 3->4->1 MB, 4 MB goal, 0 MB stacks, 0 MB globals, 8 P
gc 1382 @7.634s 5%: 0.19+1.0+0.090 ms clock, 1.5+0.84/0.86/0+0.72 ms cpu, 3->4->1 MB, 4 MB goal, 0 MB stacks, 0 MB globals, 8 P
gc 1383 @7.637s 5%: 0.10+0.93+0.087 ms clock, 0.85+0.75/0.77/0+0.69 ms cpu, 3->4->1 MB, 4 MB goal, 0 MB stacks, 0 MB globals, 8 P
gc 1384 @7.640s 5%: 0.14+0.60+0.11 ms clock, 1.1+0.80/0.79/0+0.89 ms cpu, 3->3->1 MB, 4 MB goal, 0 MB stacks, 0 MB globals, 8 P
gc 1385 @7.642s 5%: 0.12+0.64+0.15 ms clock, 0.96+0.67/0.82/0+1.2 ms cpu, 3->3->1 MB, 4 MB goal, 0 MB stacks, 0 MB globals, 8 P
gc 1386 @7.645s 5%: 0.093+0.64+0.12 ms clock, 0.74+0.80/0.79/0+0.97 ms cpu, 3->3->1 MB, 4 MB goal, 0 MB stacks, 0 MB globals, 8 P
gc 1387 @7.647s 5%: 0.057+0.71+0.073 ms clock, 0.45+0.72/0.72/0+0.58 ms cpu, 3->3->1 MB, 4 MB goal, 0 MB stacks, 0 MB globals, 8 P
gc 1388 @7.650s 5%: 0.12+1.2+0.095 ms clock, 0.98+0.63/0.88/0+0.76 ms cpu, 3->4->2 MB, 4 MB goal, 0 MB stacks, 0 MB globals, 8 P
gc 1389 @7.653s 5%: 0.086+0.63+0.10 ms clock, 0.69+0.74/0.88/0+0.87 ms cpu, 3->4->1 MB, 4 MB goal, 0 MB stacks, 0 MB globals, 8 P
gc 1390 @7.655s 5%: 0.10+1.0+0.10 ms clock, 0.84+0.83/0.79/0+0.87 ms cpu, 3->4->1 MB, 4 MB goal, 0 MB stacks, 0 MB globals, 8 P
gc 1391 @7.658s 5%: 0.075+0.81+0.10 ms clock, 0.60+0.74/0.78/0+0.85 ms cpu, 3->4->1 MB, 4 MB goal, 0 MB stacks, 0 MB globals, 8 P
gc 1392 @7.661s 5%: 0.13+0.55+0.074 ms clock, 1.0+0.80/0.73/0+0.59 ms cpu, 3->3->1 MB, 4 MB goal, 0 MB stacks, 0 MB globals, 8 P
gc 1393 @7.663s 5%: 0.13+0.55+0.10 ms clock, 1.1+0.73/0.87/0+0.80 ms cpu, 3->3->1 MB, 4 MB goal, 0 MB stacks, 0 MB globals, 8 P
gc 1394 @7.666s 5%: 0.14+0.99+0.075 ms clock, 1.1+0.76/0.73/0+0.60 ms cpu, 3->4->1 MB, 4 MB goal, 0 MB stacks, 0 MB globals, 8 P
gc 1395 @7.669s 5%: 0.12+0.69+0.075 ms clock, 0.97+0.66/0.75/0+0.60 ms cpu, 3->4->1 MB, 4 MB goal, 0 MB stacks, 0 MB globals, 8 P
gc 1396 @7.671s 5%: 0.075+0.62+0.069 ms clock, 0.60+0.60/0.79/0+0.55 ms cpu, 3->3->1 MB, 4 MB goal, 0 MB stacks, 0 MB globals, 8 P
gc 1397 @7.674s 5%: 0.10+0.80+0.052 ms clock, 0.81+0.66/0.88/0+0.41 ms cpu, 3->3->1 MB, 4 MB goal, 0 MB stacks, 0 MB globals, 8 P
gc 1398 @7.676s 5%: 0.13+1.0+0.028 ms clock, 1.0+0.61/0.64/0.046+0.22 ms cpu, 3->3->1 MB, 4 MB goal, 0 MB stacks, 0 MB globals, 8 P
gc 1399 @7.679s 5%: 0.11+1.0+0.12 ms clock, 0.92+0.87/0.78/0+1.0 ms cpu, 3->4->1 MB, 4 MB goal, 0 MB stacks, 0 MB globals, 8 P
gc 1400 @7.682s 5%: 0.091+0.49+0.099 ms clock, 0.73+0.79/0.73/0+0.79 ms cpu, 3->3->1 MB, 4 MB goal, 0 MB stacks, 0 MB globals, 8 P
gc 1401 @7.684s 5%: 0.15+0.66+0.074 ms clock, 1.2+0.84/0.69/0+0.59 ms cpu, 3->3->1 MB, 4 MB goal, 0 MB stacks, 0 MB globals, 8 P
gc 1402 @7.687s 5%: 0.15+0.70+0.086 ms clock, 1.2+0.80/0.71/0+0.69 ms cpu, 3->3->1 MB, 4 MB goal, 0 MB stacks, 0 MB globals, 8 P
gc 1403 @7.689s 5%: 0.11+1.0+0.096 ms clock, 0.91+0.61/0.86/0+0.77 ms cpu, 3->3->1 MB, 4 MB goal, 0 MB stacks, 0 MB globals, 8 P
gc 1404 @7.692s 5%: 0.20+0.98+0.094 ms clock, 1.6+0.90/0.67/0+0.75 ms cpu, 3->4->1 MB, 4 MB goal, 0 MB stacks, 0 MB globals, 8 P
gc 1405 @7.694s 5%: 0.089+0.66+0.14 ms clock, 0.71+0.72/0.92/0+1.1 ms cpu, 3->3->1 MB, 4 MB goal, 0 MB stacks, 0 MB globals, 8 P
gc 1406 @7.697s 5%: 0.10+0.71+0.077 ms clock, 0.82+0.73/0.73/0+0.61 ms cpu, 3->3->1 MB, 4 MB goal, 0 MB stacks, 0 MB globals, 8 P
gc 1407 @7.699s 5%: 0.075+0.51+0.098 ms clock, 0.60+0.65/0.74/0+0.78 ms cpu, 3->3->1 MB, 4 MB goal, 0 MB stacks, 0 MB globals, 8 P
gc 1408 @7.702s 5%: 0.11+0.77+0.11 ms clock, 0.88+0.73/0.75/0+0.91 ms cpu, 3->3->1 MB, 4 MB goal, 0 MB stacks, 0 MB globals, 8 P
gc 1409 @7.705s 5%: 0.16+0.69+0.12 ms clock, 1.3+0.74/0.90/0+0.99 ms cpu, 3->3->1 MB, 4 MB goal, 0 MB stacks, 0 MB globals, 8 P
gc 1410 @7.707s 5%: 0.095+1.0+0.093 ms clock, 0.76+0.67/0.78/0+0.75 ms cpu, 3->3->1 MB, 4 MB goal, 0 MB stacks, 0 MB globals, 8 P
gc 1411 @7.710s 5%: 0.14+0.72+0.099 ms clock, 1.1+0.85/0.70/0+0.79 ms cpu, 3->3->1 MB, 4 MB goal, 0 MB stacks, 0 MB globals, 8 P
gc 1412 @7.712s 5%: 0.10+1.1+0.13 ms clock, 0.81+0.81/0.80/0+1.1 ms cpu, 3->4->1 MB, 4 MB goal, 0 MB stacks, 0 MB globals, 8 P
gc 1413 @7.715s 5%: 0.17+0.67+0.11 ms clock, 1.3+0.63/0.94/0+0.92 ms cpu, 3->4->1 MB, 4 MB goal, 0 MB stacks, 0 MB globals, 8 P
gc 1414 @7.718s 5%: 0.12+0.62+0.10 ms clock, 0.96+0.59/0.95/0+0.83 ms cpu, 3->3->1 MB, 4 MB goal, 0 MB stacks, 0 MB globals, 8 P
gc 1415 @7.720s 5%: 0.15+0.74+0.14 ms clock, 1.2+0.77/0.92/0+1.1 ms cpu, 3->3->1 MB, 4 MB goal, 0 MB stacks, 0 MB globals, 8 P
gc 1416 @7.723s 5%: 0.078+0.60+0.080 ms clock, 0.62+0.75/0.73/0+0.64 ms cpu, 3->3->1 MB, 4 MB goal, 0 MB stacks, 0 MB globals, 8 P
gc 1417 @7.725s 5%: 0.098+0.53+0.12 ms clock, 0.78+0.79/0.77/0+0.98 ms cpu, 3->3->1 MB, 4 MB goal, 0 MB stacks, 0 MB globals, 8 P
gc 1418 @7.728s 5%: 0.10+1.2+0.090 ms clock, 0.85+0.84/0.67/0+0.72 ms cpu, 3->4->1 MB, 4 MB goal, 0 MB stacks, 0 MB globals, 8 P
gc 1419 @7.731s 5%: 0.17+1.2+0.10 ms clock, 1.3+0.75/0.83/0+0.83 ms cpu, 3->4->1 MB, 4 MB goal, 0 MB stacks, 0 MB globals, 8 P
gc 1420 @7.734s 5%: 0.094+0.85+0.079 ms clock, 0.75+0.90/0.73/0+0.63 ms cpu, 3->4->1 MB, 4 MB goal, 0 MB stacks, 0 MB globals, 8 P
gc 1421 @7.736s 5%: 0.12+0.87+0.11 ms clock, 1.0+0.74/0.74/0+0.90 ms cpu, 3->4->1 MB, 4 MB goal, 0 MB stacks, 0 MB globals, 8 P
gc 1422 @7.739s 5%: 0.13+0.56+0.067 ms clock, 1.1+0.81/0.72/0+0.53 ms cpu, 3->3->1 MB, 4 MB goal, 0 MB stacks, 0 MB globals, 8 P
gc 1423 @7.741s 5%: 0.12+0.55+0.076 ms clock, 1.0+0.82/0.67/0+0.61 ms cpu, 3->3->1 MB, 4 MB goal, 0 MB stacks, 0 MB globals, 8 P
gc 1424 @7.744s 5%: 0.065+0.61+0.16 ms clock, 0.52+0.80/0.82/0+1.3 ms cpu, 3->3->1 MB, 4 MB goal, 0 MB stacks, 0 MB globals, 8 P
gc 1425 @7.746s 5%: 0.093+0.59+0.074 ms clock, 0.74+0.85/0.76/0+0.59 ms cpu, 3->3->1 MB, 4 MB goal, 0 MB stacks, 0 MB globals, 8 P
gc 1426 @7.749s 5%: 0.12+0.80+0.080 ms clock, 0.98+0.73/0.63/0+0.64 ms cpu, 3->3->1 MB, 4 MB goal, 0 MB stacks, 0 MB globals, 8 P
gc 1427 @7.751s 5%: 0.10+0.59+0.096 ms clock, 0.80+0.80/0.77/0+0.77 ms cpu, 3->3->1 MB, 4 MB goal, 0 MB stacks, 0 MB globals, 8 P
gc 1428 @7.754s 5%: 0.092+0.77+0.11 ms clock, 0.73+0.76/0.76/0+0.88 ms cpu, 3->3->1 MB, 4 MB goal, 0 MB stacks, 0 MB globals, 8 P
gc 1429 @7.756s 5%: 0.12+0.64+0.067 ms clock, 0.96+0.67/0.94/0+0.54 ms cpu, 3->3->1 MB, 4 MB goal, 0 MB stacks, 0 MB globals, 8 P
gc 1430 @7.759s 5%: 1.2+0.32+0.12 ms clock, 9.9+1.6/0.80/0+0.96 ms cpu, 3->4->2 MB, 4 MB goal, 0 MB stacks, 0 MB globals, 8 P
gc 1431 @7.762s 5%: 0.17+0.95+0.094 ms clock, 1.3+0.77/0.84/0+0.75 ms cpu, 3->4->1 MB, 4 MB goal, 0 MB stacks, 0 MB globals, 8 P
gc 1432 @7.765s 5%: 0.12+0.60+0.11 ms clock, 0.96+0.74/0.79/0+0.90 ms cpu, 3->3->1 MB, 4 MB goal, 0 MB stacks, 0 MB globals, 8 P
gc 1433 @7.767s 5%: 0.095+0.62+0.095 ms clock, 0.76+0.78/0.74/0+0.76 ms cpu, 3->3->1 MB, 4 MB goal, 0 MB stacks, 0 MB globals, 8 P
gc 1434 @7.770s 5%: 0.12+1.0+0.061 ms clock, 1.0+0.76/0.64/0+0.49 ms cpu, 3->3->1 MB, 4 MB goal, 0 MB stacks, 0 MB globals, 8 P
gc 1435 @7.772s 5%: 0.17+1.0+0.074 ms clock, 1.3+0.81/0.87/0+0.59 ms cpu, 3->4->1 MB, 4 MB goal, 0 MB stacks, 0 MB globals, 8 P
gc 1436 @7.775s 5%: 0.092+0.84+0.10 ms clock, 0.74+0.82/0.76/0+0.84 ms cpu, 3->4->1 MB, 4 MB goal, 0 MB stacks, 0 MB globals, 8 P
gc 1437 @7.778s 5%: 0.13+0.87+0.11 ms clock, 1.0+0.74/0.78/0+0.90 ms cpu, 3->3->1 MB, 4 MB goal, 0 MB stacks, 0 MB globals, 8 P
gc 1438 @7.781s 5%: 0.10+0.98+0.11 ms clock, 0.83+0.85/0.68/0+0.91 ms cpu, 3->4->1 MB, 4 MB goal, 0 MB stacks, 0 MB globals, 8 P
gc 1439 @7.784s 5%: 0.086+0.70+0.10 ms clock, 0.69+0.84/0.78/0+0.81 ms cpu, 3->4->1 MB, 4 MB goal, 0 MB stacks, 0 MB globals, 8 P
gc 1440 @7.786s 5%: 0.12+0.66+0.091 ms clock, 0.99+0.70/0.85/0+0.73 ms cpu, 3->3->1 MB, 4 MB goal, 0 MB stacks, 0 MB globals, 8 P
gc 1441 @7.789s 5%: 0.99+0.16+0.050 ms clock, 7.9+1.3/0.89/0+0.40 ms cpu, 3->3->1 MB, 4 MB goal, 0 MB stacks, 0 MB globals, 8 P
gc 1442 @7.791s 5%: 0.079+0.98+0.088 ms clock, 0.63+0.95/0.64/0+0.70 ms cpu, 3->4->1 MB, 4 MB goal, 0 MB stacks, 0 MB globals, 8 P
gc 1443 @7.794s 5%: 0.11+0.52+0.11 ms clock, 0.88+0.88/0.63/0+0.94 ms cpu, 3->3->1 MB, 4 MB goal, 0 MB stacks, 0 MB globals, 8 P
gc 1444 @7.797s 5%: 0.10+0.71+0.12 ms clock, 0.80+0.65/0.79/0+0.98 ms cpu, 3->3->1 MB, 4 MB goal, 0 MB stacks, 0 MB globals, 8 P
gc 1445 @7.799s 5%: 0.13+0.57+0.12 ms clock, 1.0+0.81/0.81/0+0.97 ms cpu, 3->3->1 MB, 4 MB goal, 0 MB stacks, 0 MB globals, 8 P
gc 1446 @7.802s 5%: 0.092+0.55+0.087 ms clock, 0.74+0.66/0.76/0+0.69 ms cpu, 3->3->1 MB, 4 MB goal, 0 MB stacks, 0 MB globals, 8 P
gc 1447 @7.804s 5%: 0.096+0.58+0.067 ms clock, 0.77+0.83/0.75/0+0.54 ms cpu, 3->3->1 MB, 4 MB goal, 0 MB stacks, 0 MB globals, 8 P
gc 1448 @7.807s 5%: 0.098+0.65+0.054 ms clock, 0.79+1.3/0.85/0+0.43 ms cpu, 3->3->1 MB, 4 MB goal, 0 MB stacks, 0 MB globals, 8 P
gc 1449 @7.809s 5%: 0.20+0.54+0.091 ms clock, 1.6+0.73/0.70/0+0.73 ms cpu, 3->3->1 MB, 4 MB goal, 0 MB stacks, 0 MB globals, 8 P
gc 1450 @7.812s 5%: 0.14+0.59+0.11 ms clock, 1.1+0.69/0.88/0+0.88 ms cpu, 3->3->1 MB, 4 MB goal, 0 MB stacks, 0 MB globals, 8 P
gc 1451 @7.814s 5%: 0.097+1.3+0.10 ms clock, 0.78+0.71/0.74/0+0.80 ms cpu, 3->4->2 MB, 4 MB goal, 0 MB stacks, 0 MB globals, 8 P
gc 1452 @7.817s 5%: 0.14+0.66+0.061 ms clock, 1.1+0.77/0.76/0+0.49 ms cpu, 3->4->1 MB, 4 MB goal, 0 MB stacks, 0 MB globals, 8 P
gc 1453 @7.820s 5%: 0.15+1.1+0.067 ms clock, 1.2+0.70/0.77/0+0.54 ms cpu, 3->4->2 MB, 4 MB goal, 0 MB stacks, 0 MB globals, 8 P
gc 1454 @7.823s 5%: 0.087+0.64+0.063 ms clock, 0.70+0.62/0.78/0+0.50 ms cpu, 3->4->1 MB, 4 MB goal, 0 MB stacks, 0 MB globals, 8 P
gc 1455 @7.825s 5%: 0.13+0.51+0.10 ms clock, 1.0+0.81/0.81/0+0.81 ms cpu, 3->3->1 MB, 4 MB goal, 0 MB stacks, 0 MB globals, 8 P
gc 1456 @7.828s 5%: 0.081+0.69+0.069 ms clock, 0.65+0.78/0.80/0+0.55 ms cpu, 3->3->1 MB, 4 MB goal, 0 MB stacks, 0 MB globals, 8 P
gc 1457 @7.830s 5%: 0.15+0.84+0.10 ms clock, 1.2+0.70/0.82/0+0.81 ms cpu, 3->3->1 MB, 4 MB goal, 0 MB stacks, 0 MB globals, 8 P
gc 1458 @7.833s 5%: 0.13+0.53+0.095 ms clock, 1.0+0.86/0.82/0+0.76 ms cpu, 3->3->1 MB, 4 MB goal, 0 MB stacks, 0 MB globals, 8 P
gc 1459 @7.836s 5%: 0.13+1.1+0.088 ms clock, 1.1+1.3/0.73/0+0.70 ms cpu, 3->4->1 MB, 4 MB goal, 0 MB stacks, 0 MB globals, 8 P
gc 1460 @7.839s 5%: 0.13+0.55+0.072 ms clock, 1.0+0.77/0.73/0+0.58 ms cpu, 3->4->1 MB, 4 MB goal, 0 MB stacks, 0 MB globals, 8 P
gc 1461 @7.841s 5%: 0.075+0.97+0.11 ms clock, 0.60+0.74/0.67/0+0.93 ms cpu, 3->4->1 MB, 4 MB goal, 0 MB stacks, 0 MB globals, 8 P
gc 1462 @7.844s 5%: 0.092+0.66+0.13 ms clock, 0.74+0.74/0.82/0+1.0 ms cpu, 3->4->1 MB, 4 MB goal, 0 MB stacks, 0 MB globals, 8 P
gc 1463 @7.847s 5%: 0.10+1.2+0.091 ms clock, 0.81+0.67/0.93/0+0.72 ms cpu, 3->4->1 MB, 4 MB goal, 0 MB stacks, 0 MB globals, 8 P
gc 1464 @7.850s 5%: 0.15+1.0+0.069 ms clock, 1.2+0.69/0.82/0+0.55 ms cpu, 3->4->1 MB, 4 MB goal, 0 MB stacks, 0 MB globals, 8 P
gc 1465 @7.852s 5%: 0.16+1.3+0.057 ms clock, 1.3+0.73/0.87/0+0.46 ms cpu, 3->4->2 MB, 4 MB goal, 0 MB stacks, 0 MB globals, 8 P
gc 1466 @7.856s 5%: 0.11+0.81+0.085 ms clock, 0.88+0.75/0.86/0+0.68 ms cpu, 3->4->1 MB, 4 MB goal, 0 MB stacks, 0 MB globals, 8 P
gc 1467 @7.858s 5%: 0.11+1.0+0.089 ms clock, 0.89+0.88/0.74/0+0.71 ms cpu, 3->4->1 MB, 4 MB goal, 0 MB stacks, 0 MB globals, 8 P
gc 1468 @7.861s 5%: 0.18+1.0+0.088 ms clock, 1.4+0.69/0.77/0+0.70 ms cpu, 3->4->2 MB, 4 MB goal, 0 MB stacks, 0 MB globals, 8 P
gc 1469 @7.864s 5%: 0.14+0.61+0.089 ms clock, 1.1+0.73/0.78/0+0.71 ms cpu, 3->4->1 MB, 4 MB goal, 0 MB stacks, 0 MB globals, 8 P
gc 1470 @7.867s 5%: 0.11+1.0+0.095 ms clock, 0.92+0.71/0.87/0+0.76 ms cpu, 3->3->1 MB, 4 MB goal, 0 MB stacks, 0 MB globals, 8 P
gc 1471 @7.869s 5%: 0.11+0.89+0.11 ms clock, 0.89+0.70/0.82/0+0.93 ms cpu, 3->4->1 MB, 4 MB goal, 0 MB stacks, 0 MB globals, 8 P
gc 1472 @7.872s 5%: 0.11+0.57+0.12 ms clock, 0.90+0.80/0.75/0+0.96 ms cpu, 3->3->1 MB, 4 MB goal, 0 MB stacks, 0 MB globals, 8 P
gc 1473 @7.875s 5%: 0.091+0.83+0.10 ms clock, 0.73+0.73/0.78/0+0.82 ms cpu, 3->3->1 MB, 4 MB goal, 0 MB stacks, 0 MB globals, 8 P
gc 1474 @7.877s 5%: 0.074+0.73+0.071 ms clock, 0.59+0.72/0.73/0+0.57 ms cpu, 3->3->1 MB, 4 MB goal, 0 MB stacks, 0 MB globals, 8 P
gc 1475 @7.880s 5%: 0.18+0.72+0.089 ms clock, 1.4+0.67/0.92/0+0.71 ms cpu, 3->3->1 MB, 4 MB goal, 0 MB stacks, 0 MB globals, 8 P
gc 1476 @7.882s 5%: 0.11+0.68+0.080 ms clock, 0.91+0.70/0.85/0+0.64 ms cpu, 3->3->1 MB, 4 MB goal, 0 MB stacks, 0 MB globals, 8 P
gc 1477 @7.885s 5%: 0.090+0.55+0.080 ms clock, 0.72+0.74/0.72/0+0.64 ms cpu, 3->3->1 MB, 4 MB goal, 0 MB stacks, 0 MB globals, 8 P
gc 1478 @7.887s 5%: 0.13+0.62+0.096 ms clock, 1.1+0.76/0.76/0+0.76 ms cpu, 3->3->1 MB, 4 MB goal, 0 MB stacks, 0 MB globals, 8 P
gc 1479 @7.890s 5%: 0.096+0.67+0.093 ms clock, 0.77+0.76/0.76/0+0.74 ms cpu, 3->3->1 MB, 4 MB goal, 0 MB stacks, 0 MB globals, 8 P
gc 1480 @7.892s 5%: 0.096+0.61+0.078 ms clock, 0.77+0.78/0.69/0+0.63 ms cpu, 3->3->1 MB, 4 MB goal, 0 MB stacks, 0 MB globals, 8 P
gc 1481 @7.895s 5%: 0.12+0.61+0.15 ms clock, 1.0+0.72/0.69/0+1.2 ms cpu, 3->3->1 MB, 4 MB goal, 0 MB stacks, 0 MB globals, 8 P
gc 1482 @7.897s 5%: 0.10+0.51+0.15 ms clock, 0.82+0.68/0.70/0+1.2 ms cpu, 3->3->1 MB, 4 MB goal, 0 MB stacks, 0 MB globals, 8 P
gc 1483 @7.900s 5%: 0.13+0.56+0.064 ms clock, 1.1+0.83/0.74/0+0.51 ms cpu, 3->3->1 MB, 4 MB goal, 0 MB stacks, 0 MB globals, 8 P
gc 1484 @7.902s 5%: 0.12+0.66+0.085 ms clock, 0.97+0.60/0.80/0+0.68 ms cpu, 3->3->1 MB, 4 MB goal, 0 MB stacks, 0 MB globals, 8 P
gc 1485 @7.905s 5%: 0.14+0.71+0.097 ms clock, 1.1+0.84/0.76/0+0.77 ms cpu, 3->3->1 MB, 4 MB goal, 0 MB stacks, 0 MB globals, 8 P
gc 1486 @7.907s 5%: 0.11+0.88+0.085 ms clock, 0.91+1.2/0.83/0+0.68 ms cpu, 3->4->1 MB, 4 MB goal, 0 MB stacks, 0 MB globals, 8 P
gc 1487 @7.910s 5%: 0.082+0.67+0.13 ms clock, 0.66+0.78/0.77/0+1.0 ms cpu, 3->3->1 MB, 4 MB goal, 0 MB stacks, 0 MB globals, 8 P
gc 1488 @7.913s 5%: 0.12+0.97+0.087 ms clock, 0.99+0.64/0.81/0+0.70 ms cpu, 3->4->1 MB, 4 MB goal, 0 MB stacks, 0 MB globals, 8 P
gc 1489 @7.916s 5%: 0.13+1.3+0.069 ms clock, 1.0+0.86/0.77/0+0.55 ms cpu, 3->4->2 MB, 4 MB goal, 0 MB stacks, 0 MB globals, 8 P
gc 1490 @7.919s 5%: 0.090+0.64+0.054 ms clock, 0.72+0.79/0.81/0+0.43 ms cpu, 3->4->1 MB, 4 MB goal, 0 MB stacks, 0 MB globals, 8 P
gc 1491 @7.921s 5%: 0.10+1.0+0.099 ms clock, 0.81+0.79/0.79/0+0.79 ms cpu, 3->3->1 MB, 4 MB goal, 0 MB stacks, 0 MB globals, 8 P
gc 1492 @7.924s 5%: 0.11+1.0+0.076 ms clock, 0.88+0.84/0.76/0+0.61 ms cpu, 3->4->1 MB, 4 MB goal, 0 MB stacks, 0 MB globals, 8 P
gc 1493 @7.927s 5%: 0.10+0.70+0.093 ms clock, 0.80+0.77/0.85/0+0.75 ms cpu, 3->4->1 MB, 4 MB goal, 0 MB stacks, 0 MB globals, 8 P
gc 1494 @7.929s 5%: 0.12+0.57+0.065 ms clock, 0.99+0.78/0.84/0+0.52 ms cpu, 3->3->1 MB, 4 MB goal, 0 MB stacks, 0 MB globals, 8 P
gc 1495 @7.932s 5%: 0.11+0.81+0.067 ms clock, 0.94+0.76/0.68/0+0.54 ms cpu, 3->3->1 MB, 4 MB goal, 0 MB stacks, 0 MB globals, 8 P
gc 1496 @7.934s 5%: 0.14+0.74+0.089 ms clock, 1.1+0.76/0.79/0+0.71 ms cpu, 3->3->1 MB, 4 MB goal, 0 MB stacks, 0 MB globals, 8 P
gc 1497 @7.937s 5%: 0.12+0.60+0.092 ms clock, 0.99+0.83/0.74/0+0.74 ms cpu, 3->3->1 MB, 4 MB goal, 0 MB stacks, 0 MB globals, 8 P
gc 1498 @7.939s 5%: 0.11+0.90+0.10 ms clock, 0.88+0.52/0.97/0+0.86 ms cpu, 3->3->1 MB, 4 MB goal, 0 MB stacks, 0 MB globals, 8 P
gc 1499 @7.942s 5%: 0.082+0.83+0.042 ms clock, 0.65+0.73/0.86/0+0.34 ms cpu, 3->4->1 MB, 4 MB goal, 0 MB stacks, 0 MB globals, 8 P
gc 1500 @7.945s 5%: 0.10+0.82+0.084 ms clock, 0.86+0.81/0.71/0+0.67 ms cpu, 3->3->1 MB, 4 MB goal, 0 MB stacks, 0 MB globals, 8 P
gc 1501 @7.947s 5%: 0.12+0.64+0.096 ms clock, 0.99+0.76/0.86/0+0.76 ms cpu, 3->3->1 MB, 4 MB goal, 0 MB stacks, 0 MB globals, 8 P
gc 1502 @7.950s 5%: 0.15+0.54+0.14 ms clock, 1.2+0.93/0.67/0+1.1 ms cpu, 3->3->1 MB, 4 MB goal, 0 MB stacks, 0 MB globals, 8 P
gc 1503 @7.952s 5%: 0.10+1.4+0.076 ms clock, 0.87+1.3/0.86/0+0.61 ms cpu, 3->4->2 MB, 4 MB goal, 0 MB stacks, 0 MB globals, 8 P
gc 1504 @7.956s 5%: 0.10+0.61+0.11 ms clock, 0.83+0.82/0.83/0+0.91 ms cpu, 4->4->1 MB, 4 MB goal, 0 MB stacks, 0 MB globals, 8 P
gc 1505 @7.958s 5%: 0.13+1.0+0.087 ms clock, 1.0+0.98/0.72/0+0.70 ms cpu, 3->4->1 MB, 4 MB goal, 0 MB stacks, 0 MB globals, 8 P
gc 1506 @7.961s 5%: 0.096+0.53+0.098 ms clock, 0.76+0.91/0.65/0+0.78 ms cpu, 3->4->1 MB, 4 MB goal, 0 MB stacks, 0 MB globals, 8 P
gc 1507 @7.964s 5%: 0.11+0.57+0.097 ms clock, 0.92+0.71/0.82/0+0.77 ms cpu, 3->3->1 MB, 4 MB goal, 0 MB stacks, 0 MB globals, 8 P
gc 1508 @7.966s 5%: 0.087+0.88+0.094 ms clock, 0.69+0.79/0.75/0+0.75 ms cpu, 3->3->1 MB, 4 MB goal, 0 MB stacks, 0 MB globals, 8 P
gc 1509 @7.969s 5%: 0.11+0.47+0.10 ms clock, 0.93+0.79/0.76/0+0.82 ms cpu, 3->3->1 MB, 4 MB goal, 0 MB stacks, 0 MB globals, 8 P
gc 1510 @7.971s 5%: 0.14+0.58+0.082 ms clock, 1.1+0.78/0.76/0+0.66 ms cpu, 3->3->1 MB, 4 MB goal, 0 MB stacks, 0 MB globals, 8 P
gc 1511 @7.974s 5%: 0.11+0.69+0.057 ms clock, 0.93+0.72/0.84/0+0.45 ms cpu, 3->3->1 MB, 4 MB goal, 0 MB stacks, 0 MB globals, 8 P
gc 1512 @7.976s 5%: 0.13+0.65+0.12 ms clock, 1.0+0.77/0.81/0+1.0 ms cpu, 3->3->1 MB, 4 MB goal, 0 MB stacks, 0 MB globals, 8 P
gc 1513 @7.979s 5%: 0.14+0.81+0.11 ms clock, 1.1+0.66/0.95/0+0.92 ms cpu, 3->4->1 MB, 4 MB goal, 0 MB stacks, 0 MB globals, 8 P
gc 1514 @7.982s 5%: 0.17+0.63+0.11 ms clock, 1.3+0.83/0.80/0+0.91 ms cpu, 3->3->1 MB, 4 MB goal, 0 MB stacks, 0 MB globals, 8 P
gc 1515 @7.984s 5%: 0.16+0.53+0.10 ms clock, 1.3+0.69/0.69/0+0.86 ms cpu, 3->3->1 MB, 4 MB goal, 0 MB stacks, 0 MB globals, 8 P
gc 1516 @7.987s 5%: 0.14+0.47+0.096 ms clock, 1.1+0.74/0.69/0+0.77 ms cpu, 3->3->1 MB, 4 MB goal, 0 MB stacks, 0 MB globals, 8 P
gc 1517 @7.989s 5%: 0.15+0.58+0.096 ms clock, 1.2+0.76/0.72/0+0.77 ms cpu, 3->3->1 MB, 4 MB goal, 0 MB stacks, 0 MB globals, 8 P
gc 1518 @7.992s 5%: 0.12+0.87+0.083 ms clock, 1.0+0.84/0.96/0+0.66 ms cpu, 3->3->1 MB, 4 MB goal, 0 MB stacks, 0 MB globals, 8 P
gc 1519 @7.994s 5%: 0.11+0.57+0.082 ms clock, 0.89+0.95/0.54/0+0.65 ms cpu, 3->3->1 MB, 4 MB goal, 0 MB stacks, 0 MB globals, 8 P
gc 1520 @7.997s 5%: 0.14+0.59+0.10 ms clock, 1.1+0.81/0.80/0+0.85 ms cpu, 3->3->1 MB, 4 MB goal, 0 MB stacks, 0 MB globals, 8 P
gc 1521 @7.999s 5%: 0.14+0.64+0.12 ms clock, 1.1+0.71/0.77/0+0.96 ms cpu, 3->3->1 MB, 4 MB goal, 0 MB stacks, 0 MB globals, 8 P
gc 1522 @8.002s 5%: 0.10+0.54+0.087 ms clock, 0.80+0.88/0.67/0+0.70 ms cpu, 3->3->1 MB, 4 MB goal, 0 MB stacks, 0 MB globals, 8 P
gc 1523 @8.004s 5%: 0.10+0.60+0.12 ms clock, 0.85+0.81/0.66/0+0.97 ms cpu, 3->3->1 MB, 4 MB goal, 0 MB stacks, 0 MB globals, 8 P
gc 1524 @8.007s 5%: 0.12+0.76+0.070 ms clock, 0.97+0.80/0.72/0+0.56 ms cpu, 3->3->1 MB, 4 MB goal, 0 MB stacks, 0 MB globals, 8 P
gc 1525 @8.009s 5%: 0.13+1.0+0.066 ms clock, 1.0+0.87/0.69/0+0.52 ms cpu, 3->4->1 MB, 4 MB goal, 0 MB stacks, 0 MB globals, 8 P
gc 1526 @8.012s 5%: 0.11+1.1+0.045 ms clock, 0.91+0.60/0.77/0+0.36 ms cpu, 3->4->1 MB, 4 MB goal, 0 MB stacks, 0 MB globals, 8 P
gc 1527 @8.015s 5%: 0.12+0.67+0.13 ms clock, 0.98+0.59/0.76/0+1.0 ms cpu, 3->4->1 MB, 4 MB goal, 0 MB stacks, 0 MB globals, 8 P
gc 1528 @8.018s 5%: 0.077+0.45+0.065 ms clock, 0.62+0.70/0.73/0+0.52 ms cpu, 3->3->1 MB, 4 MB goal, 0 MB stacks, 0 MB globals, 8 P
gc 1529 @8.020s 5%: 0.12+0.62+0.096 ms clock, 1.0+0.74/0.83/0+0.77 ms cpu, 3->3->1 MB, 4 MB goal, 0 MB stacks, 0 MB globals, 8 P
gc 1530 @8.022s 5%: 0.10+0.71+0.11 ms clock, 0.86+0.76/0.87/0+0.95 ms cpu, 3->3->1 MB, 4 MB goal, 0 MB stacks, 0 MB globals, 8 P
gc 1531 @8.025s 5%: 0.13+0.94+0.11 ms clock, 1.1+0.73/0.73/0+0.90 ms cpu, 3->4->1 MB, 4 MB goal, 0 MB stacks, 0 MB globals, 8 P
gc 1532 @8.028s 5%: 0.14+0.80+0.056 ms clock, 1.1+0.73/0.72/0+0.45 ms cpu, 3->4->1 MB, 4 MB goal, 0 MB stacks, 0 MB globals, 8 P
gc 1533 @8.030s 5%: 0.12+0.59+0.10 ms clock, 1.0+0.79/0.82/0+0.81 ms cpu, 3->3->1 MB, 4 MB goal, 0 MB stacks, 0 MB globals, 8 P
gc 1534 @8.033s 5%: 0.15+0.67+0.11 ms clock, 1.2+0.74/0.77/0+0.89 ms cpu, 3->3->1 MB, 4 MB goal, 0 MB stacks, 0 MB globals, 8 P
gc 1535 @8.035s 5%: 0.14+0.88+0.090 ms clock, 1.1+0.81/0.83/0+0.72 ms cpu, 3->3->1 MB, 4 MB goal, 0 MB stacks, 0 MB globals, 8 P
gc 1536 @8.038s 5%: 0.18+0.59+0.071 ms clock, 1.4+0.68/0.77/0+0.56 ms cpu, 3->3->1 MB, 4 MB goal, 0 MB stacks, 0 MB globals, 8 P
gc 1537 @8.040s 5%: 0.12+0.91+0.14 ms clock, 0.99+0.91/0.70/0+1.1 ms cpu, 3->3->1 MB, 4 MB goal, 0 MB stacks, 0 MB globals, 8 P
gc 1538 @8.043s 5%: 0.16+1.0+0.085 ms clock, 1.3+0.62/0.78/0+0.68 ms cpu, 3->4->1 MB, 4 MB goal, 0 MB stacks, 0 MB globals, 8 P
gc 1539 @8.046s 5%: 0.10+1.4+0.10 ms clock, 0.81+0.60/0.84/0+0.85 ms cpu, 3->4->1 MB, 4 MB goal, 0 MB stacks, 0 MB globals, 8 P
gc 1540 @8.049s 5%: 0.11+0.55+0.10 ms clock, 0.92+0.89/0.69/0+0.86 ms cpu, 3->4->1 MB, 4 MB goal, 0 MB stacks, 0 MB globals, 8 P
gc 1541 @8.051s 5%: 0.12+0.70+0.097 ms clock, 0.99+0.69/0.85/0+0.77 ms cpu, 3->3->1 MB, 4 MB goal, 0 MB stacks, 0 MB globals, 8 P
gc 1542 @8.054s 5%: 0.12+0.62+0.078 ms clock, 0.97+0.69/0.84/0+0.62 ms cpu, 3->3->1 MB, 4 MB goal, 0 MB stacks, 0 MB globals, 8 P
gc 1543 @8.056s 5%: 0.15+0.67+0.096 ms clock, 1.2+0.68/0.81/0+0.77 ms cpu, 3->3->1 MB, 4 MB goal, 0 MB stacks, 0 MB globals, 8 P
gc 1544 @8.059s 5%: 0.12+0.75+0.060 ms clock, 0.99+0.81/0.87/0+0.48 ms cpu, 3->3->1 MB, 4 MB goal, 0 MB stacks, 0 MB globals, 8 P
gc 1545 @8.062s 5%: 0.14+0.85+0.11 ms clock, 1.1+0.49/0.76/0+0.89 ms cpu, 3->3->1 MB, 4 MB goal, 0 MB stacks, 0 MB globals, 8 P
gc 1546 @8.064s 5%: 0.12+0.62+0.073 ms clock, 0.98+0.73/0.78/0+0.58 ms cpu, 3->3->1 MB, 4 MB goal, 0 MB stacks, 0 MB globals, 8 P
gc 1547 @8.067s 5%: 0.16+0.83+0.072 ms clock, 1.3+0.86/0.96/0+0.57 ms cpu, 3->3->1 MB, 4 MB goal, 0 MB stacks, 0 MB globals, 8 P
gc 1548 @8.069s 5%: 0.083+0.54+0.088 ms clock, 0.66+0.73/0.75/0+0.70 ms cpu, 3->3->1 MB, 4 MB goal, 0 MB stacks, 0 MB globals, 8 P
gc 1549 @8.072s 5%: 0.15+0.78+0.10 ms clock, 1.2+0.74/0.85/0+0.85 ms cpu, 3->3->1 MB, 4 MB goal, 0 MB stacks, 0 MB globals, 8 P
gc 1550 @8.074s 5%: 0.083+0.83+0.067 ms clock, 0.66+0.72/0.81/0+0.54 ms cpu, 3->3->1 MB, 4 MB goal, 0 MB stacks, 0 MB globals, 8 P
gc 1551 @8.077s 5%: 0.19+0.64+0.10 ms clock, 1.5+0.77/0.83/0+0.85 ms cpu, 3->3->1 MB, 4 MB goal, 0 MB stacks, 0 MB globals, 8 P
gc 1552 @8.080s 5%: 0.12+0.60+0.077 ms clock, 0.98+0.70/0.92/0+0.61 ms cpu, 3->3->1 MB, 4 MB goal, 0 MB stacks, 0 MB globals, 8 P
gc 1553 @8.082s 5%: 0.12+1.0+0.069 ms clock, 0.98+0.73/0.82/0+0.55 ms cpu, 3->4->1 MB, 4 MB goal, 0 MB stacks, 0 MB globals, 8 P
gc 1554 @8.085s 5%: 0.11+0.63+0.13 ms clock, 0.90+0.80/0.81/0+1.0 ms cpu, 3->3->1 MB, 4 MB goal, 0 MB stacks, 0 MB globals, 8 P
gc 1555 @8.087s 5%: 0.098+0.59+0.11 ms clock, 0.78+0.87/0.72/0+0.90 ms cpu, 3->3->1 MB, 4 MB goal, 0 MB stacks, 0 MB globals, 8 P
gc 1556 @8.090s 5%: 0.088+0.63+0.076 ms clock, 0.70+0.74/0.82/0+0.61 ms cpu, 3->3->1 MB, 4 MB goal, 0 MB stacks, 0 MB globals, 8 P
gc 1557 @8.092s 5%: 0.11+0.69+0.11 ms clock, 0.88+0.75/0.74/0+0.89 ms cpu, 3->3->1 MB, 4 MB goal, 0 MB stacks, 0 MB globals, 8 P
gc 1558 @8.095s 5%: 0.12+0.74+0.076 ms clock, 0.98+0.77/0.75/0+0.60 ms cpu, 3->3->1 MB, 4 MB goal, 0 MB stacks, 0 MB globals, 8 P
gc 1559 @8.097s 5%: 0.10+0.74+0.079 ms clock, 0.81+0.84/0.81/0+0.63 ms cpu, 3->3->1 MB, 4 MB goal, 0 MB stacks, 0 MB globals, 8 P
gc 1560 @8.100s 5%: 0.10+1.0+0.087 ms clock, 0.86+0.65/0.89/0+0.69 ms cpu, 3->4->1 MB, 4 MB goal, 0 MB stacks, 0 MB globals, 8 P
gc 1561 @8.103s 5%: 0.087+0.61+0.079 ms clock, 0.69+0.77/0.71/0+0.63 ms cpu, 3->4->1 MB, 4 MB goal, 0 MB stacks, 0 MB globals, 8 P
gc 1562 @8.105s 6%: 0.14+0.68+0.12 ms clock, 1.1+0.59/0.84/0+1.0 ms cpu, 3->3->1 MB, 4 MB goal, 0 MB stacks, 0 MB globals, 8 P
gc 1563 @8.108s 6%: 0.084+0.58+0.078 ms clock, 0.67+0.67/0.73/0+0.62 ms cpu, 3->3->1 MB, 4 MB goal, 0 MB stacks, 0 MB globals, 8 P
gc 1564 @8.110s 6%: 0.15+1.2+0.10 ms clock, 1.2+0.71/0.82/0+0.84 ms cpu, 3->4->2 MB, 4 MB goal, 0 MB stacks, 0 MB globals, 8 P
gc 1565 @8.113s 6%: 0.13+0.58+0.12 ms clock, 1.0+0.81/0.71/0+0.98 ms cpu, 3->4->1 MB, 4 MB goal, 0 MB stacks, 0 MB globals, 8 P
gc 1566 @8.116s 6%: 0.096+0.67+0.071 ms clock, 0.77+0.80/0.73/0+0.57 ms cpu, 3->3->1 MB, 4 MB goal, 0 MB stacks, 0 MB globals, 8 P
gc 1567 @8.118s 6%: 0.15+0.92+0.13 ms clock, 1.2+0.77/0.74/0+1.1 ms cpu, 3->3->1 MB, 4 MB goal, 0 MB stacks, 0 MB globals, 8 P
gc 1568 @8.121s 6%: 0.12+0.55+0.10 ms clock, 0.97+0.63/0.79/0+0.82 ms cpu, 3->3->1 MB, 4 MB goal, 0 MB stacks, 0 MB globals, 8 P
gc 1569 @8.123s 6%: 0.11+0.93+0.082 ms clock, 0.95+0.62/0.93/0+0.66 ms cpu, 3->3->1 MB, 4 MB goal, 0 MB stacks, 0 MB globals, 8 P
gc 1570 @8.126s 6%: 0.076+0.63+0.11 ms clock, 0.61+0.74/0.76/0+0.91 ms cpu, 3->3->1 MB, 4 MB goal, 0 MB stacks, 0 MB globals, 8 P
gc 1571 @8.129s 6%: 0.085+0.63+0.11 ms clock, 0.68+0.77/0.78/0+0.91 ms cpu, 3->3->1 MB, 4 MB goal, 0 MB stacks, 0 MB globals, 8 P
gc 1572 @8.131s 6%: 0.13+0.61+0.10 ms clock, 1.0+0.86/0.80/0+0.85 ms cpu, 3->3->1 MB, 4 MB goal, 0 MB stacks, 0 MB globals, 8 P
gc 1573 @8.134s 6%: 0.11+0.89+0.033 ms clock, 0.88+0.78/0.72/0+0.26 ms cpu, 3->3->1 MB, 4 MB goal, 0 MB stacks, 0 MB globals, 8 P
gc 1574 @8.136s 6%: 0.10+0.54+0.10 ms clock, 0.82+0.93/0.70/0+0.82 ms cpu, 3->3->1 MB, 4 MB goal, 0 MB stacks, 0 MB globals, 8 P
gc 1575 @8.139s 6%: 0.092+0.74+0.087 ms clock, 0.73+0.75/0.77/0+0.69 ms cpu, 3->3->1 MB, 4 MB goal, 0 MB stacks, 0 MB globals, 8 P
gc 1576 @8.141s 6%: 0.11+0.76+0.090 ms clock, 0.91+0.73/0.85/0+0.72 ms cpu, 3->3->1 MB, 4 MB goal, 0 MB stacks, 0 MB globals, 8 P
gc 1577 @8.144s 6%: 0.11+1.0+0.040 ms clock, 0.91+0.78/0.77/0+0.32 ms cpu, 3->3->1 MB, 4 MB goal, 0 MB stacks, 0 MB globals, 8 P
gc 1578 @8.146s 6%: 0.12+0.86+0.079 ms clock, 1.0+0.66/0.82/0+0.63 ms cpu, 3->4->1 MB, 4 MB goal, 0 MB stacks, 0 MB globals, 8 P
gc 1579 @8.149s 6%: 0.12+0.59+0.083 ms clock, 0.97+0.76/0.74/0+0.66 ms cpu, 3->3->1 MB, 4 MB goal, 0 MB stacks, 0 MB globals, 8 P
gc 1580 @8.151s 6%: 0.10+0.67+0.059 ms clock, 0.80+0.68/0.86/0+0.47 ms cpu, 3->3->1 MB, 4 MB goal, 0 MB stacks, 0 MB globals, 8 P
gc 1581 @8.154s 6%: 0.16+1.0+0.092 ms clock, 1.3+0.70/0.79/0+0.74 ms cpu, 3->4->1 MB, 4 MB goal, 0 MB stacks, 0 MB globals, 8 P
gc 1582 @8.157s 6%: 0.11+1.1+0.058 ms clock, 0.94+0.97/0.79/0+0.47 ms cpu, 3->4->1 MB, 4 MB goal, 0 MB stacks, 0 MB globals, 8 P
gc 1583 @8.160s 6%: 0.11+0.68+0.10 ms clock, 0.89+0.82/0.74/0+0.86 ms cpu, 3->4->1 MB, 4 MB goal, 0 MB stacks, 0 MB globals, 8 P
gc 1584 @8.162s 6%: 0.13+0.57+0.12 ms clock, 1.0+0.89/0.83/0+1.0 ms cpu, 3->3->1 MB, 4 MB goal, 0 MB stacks, 0 MB globals, 8 P
gc 1585 @8.165s 6%: 0.12+0.95+0.12 ms clock, 1.0+0.81/0.69/0+0.97 ms cpu, 3->4->1 MB, 4 MB goal, 0 MB stacks, 0 MB globals, 8 P
gc 1586 @8.168s 6%: 0.15+1.1+0.093 ms clock, 1.2+0.72/0.94/0+0.74 ms cpu, 3->4->1 MB, 4 MB goal, 0 MB stacks, 0 MB globals, 8 P
gc 1587 @8.171s 6%: 0.13+0.64+0.10 ms clock, 1.1+0.79/0.67/0+0.85 ms cpu, 3->4->1 MB, 4 MB goal, 0 MB stacks, 0 MB globals, 8 P
gc 1588 @8.173s 6%: 0.14+1.1+0.098 ms clock, 1.1+0.70/0.79/0+0.79 ms cpu, 3->4->1 MB, 4 MB goal, 0 MB stacks, 0 MB globals, 8 P
gc 1589 @8.176s 6%: 0.13+0.62+0.098 ms clock, 1.0+0.82/0.79/0+0.78 ms cpu, 3->3->1 MB, 4 MB goal, 0 MB stacks, 0 MB globals, 8 P
gc 1590 @8.178s 6%: 0.11+0.62+0.11 ms clock, 0.88+0.61/0.85/0+0.89 ms cpu, 3->3->1 MB, 4 MB goal, 0 MB stacks, 0 MB globals, 8 P
gc 1591 @8.181s 6%: 0.079+0.84+0.083 ms clock, 0.63+0.67/1.0/0+0.66 ms cpu, 3->4->1 MB, 4 MB goal, 0 MB stacks, 0 MB globals, 8 P
gc 1592 @8.184s 6%: 0.093+0.64+0.062 ms clock, 0.75+0.74/0.91/0+0.49 ms cpu, 3->3->1 MB, 4 MB goal, 0 MB stacks, 0 MB globals, 8 P
gc 1593 @8.186s 6%: 0.11+1.3+0.068 ms clock, 0.90+0.74/0.79/0+0.54 ms cpu, 3->4->2 MB, 4 MB goal, 0 MB stacks, 0 MB globals, 8 P
gc 1594 @8.189s 6%: 0.11+0.62+0.078 ms clock, 0.90+0.69/0.86/0+0.62 ms cpu, 3->4->1 MB, 4 MB goal, 0 MB stacks, 0 MB globals, 8 P
gc 1595 @8.192s 6%: 0.12+0.84+0.13 ms clock, 1.0+0.72/0.94/0+1.0 ms cpu, 3->3->1 MB, 4 MB goal, 0 MB stacks, 0 MB globals, 8 P
gc 1596 @8.194s 6%: 0.16+0.61+0.076 ms clock, 1.3+0.77/0.82/0+0.61 ms cpu, 3->3->1 MB, 4 MB goal, 0 MB stacks, 0 MB globals, 8 P
gc 1597 @8.197s 6%: 0.16+0.97+0.083 ms clock, 1.2+0.78/0.81/0.005+0.66 ms cpu, 3->4->1 MB, 4 MB goal, 0 MB stacks, 0 MB globals, 8 P
gc 1598 @8.200s 6%: 0.14+0.84+0.073 ms clock, 1.1+0.94/0.68/0+0.58 ms cpu, 3->4->1 MB, 4 MB goal, 0 MB stacks, 0 MB globals, 8 P
gc 1599 @8.202s 6%: 0.13+0.67+0.079 ms clock, 1.1+0.54/0.92/0+0.63 ms cpu, 3->3->1 MB, 4 MB goal, 0 MB stacks, 0 MB globals, 8 P
gc 1600 @8.205s 6%: 0.099+0.61+0.098 ms clock, 0.79+0.71/0.78/0+0.78 ms cpu, 3->3->1 MB, 4 MB goal, 0 MB stacks, 0 MB globals, 8 P
gc 1601 @8.207s 6%: 0.11+1.3+0.090 ms clock, 0.94+0.81/0.83/0+0.72 ms cpu, 3->4->2 MB, 4 MB goal, 0 MB stacks, 0 MB globals, 8 P
gc 1602 @8.211s 6%: 0.10+1.2+0.14 ms clock, 0.83+0.86/0.78/0+1.1 ms cpu, 3->4->2 MB, 4 MB goal, 0 MB stacks, 0 MB globals, 8 P
gc 1603 @8.214s 6%: 0.099+0.71+0.084 ms clock, 0.79+0.81/0.87/0+0.67 ms cpu, 3->4->1 MB, 4 MB goal, 0 MB stacks, 0 MB globals, 8 P
gc 1604 @8.217s 6%: 0.13+0.88+0.029 ms clock, 1.0+0.79/0.79/0+0.23 ms cpu, 3->3->1 MB, 4 MB goal, 0 MB stacks, 0 MB globals, 8 P
gc 1605 @8.219s 6%: 0.16+0.64+0.092 ms clock, 1.3+0.66/0.81/0+0.73 ms cpu, 3->3->1 MB, 4 MB goal, 0 MB stacks, 0 MB globals, 8 P
gc 1606 @8.222s 6%: 0.11+0.59+0.10 ms clock, 0.91+0.75/0.79/0+0.85 ms cpu, 3->3->1 MB, 4 MB goal, 0 MB stacks, 0 MB globals, 8 P
gc 1607 @8.224s 6%: 0.14+0.53+0.094 ms clock, 1.1+0.78/0.65/0.061+0.75 ms cpu, 3->3->1 MB, 4 MB goal, 0 MB stacks, 0 MB globals, 8 P
gc 1608 @8.226s 6%: 0.10+0.73+0.14 ms clock, 0.84+0.73/0.91/0+1.1 ms cpu, 3->3->1 MB, 4 MB goal, 0 MB stacks, 0 MB globals, 8 P
gc 1609 @8.229s 6%: 0.10+0.59+0.10 ms clock, 0.81+0.81/0.74/0+0.82 ms cpu, 3->3->1 MB, 4 MB goal, 0 MB stacks, 0 MB globals, 8 P
gc 1610 @8.231s 6%: 0.12+0.97+0.10 ms clock, 1.0+0.76/0.85/0+0.82 ms cpu, 3->3->1 MB, 4 MB goal, 0 MB stacks, 0 MB globals, 8 P
gc 1611 @8.234s 6%: 0.10+0.84+0.080 ms clock, 0.85+0.69/0.98/0+0.64 ms cpu, 3->3->1 MB, 4 MB goal, 0 MB stacks, 0 MB globals, 8 P
gc 1612 @8.237s 6%: 0.10+0.75+0.057 ms clock, 0.80+0.69/0.73/0+0.46 ms cpu, 3->3->1 MB, 4 MB goal, 0 MB stacks, 0 MB globals, 8 P
gc 1613 @8.239s 6%: 0.12+0.95+0.11 ms clock, 1.0+0.80/0.80/0+0.90 ms cpu, 3->3->1 MB, 4 MB goal, 0 MB stacks, 0 MB globals, 8 P
gc 1614 @8.242s 6%: 0.095+0.74+0.14 ms clock, 0.76+0.85/0.91/0+1.1 ms cpu, 3->3->1 MB, 4 MB goal, 0 MB stacks, 0 MB globals, 8 P
gc 1615 @8.244s 6%: 0.19+0.89+0.087 ms clock, 1.5+0.73/0.82/0+0.69 ms cpu, 3->4->1 MB, 4 MB goal, 0 MB stacks, 0 MB globals, 8 P
gc 1616 @8.247s 6%: 0.10+0.66+0.086 ms clock, 0.82+0.73/0.89/0+0.69 ms cpu, 3->3->1 MB, 4 MB goal, 0 MB stacks, 0 MB globals, 8 P
gc 1617 @8.250s 6%: 0.15+0.65+0.12 ms clock, 1.2+0.74/0.83/0+1.0 ms cpu, 3->3->1 MB, 4 MB goal, 0 MB stacks, 0 MB globals, 8 P
gc 1618 @8.252s 6%: 0.13+1.0+0.037 ms clock, 1.0+0.72/0.82/0+0.30 ms cpu, 3->4->1 MB, 4 MB goal, 0 MB stacks, 0 MB globals, 8 P
gc 1619 @8.255s 6%: 0.15+0.64+0.074 ms clock, 1.2+0.72/0.80/0+0.59 ms cpu, 3->3->1 MB, 4 MB goal, 0 MB stacks, 0 MB globals, 8 P
gc 1620 @8.258s 6%: 0.13+0.83+0.074 ms clock, 1.1+0.65/0.72/0+0.59 ms cpu, 3->3->1 MB, 4 MB goal, 0 MB stacks, 0 MB globals, 8 P
gc 1621 @8.260s 6%: 0.13+0.58+0.062 ms clock, 1.0+0.72/0.80/0+0.50 ms cpu, 3->3->1 MB, 4 MB goal, 0 MB stacks, 0 MB globals, 8 P
gc 1622 @8.263s 6%: 0.12+0.71+0.076 ms clock, 1.0+0.92/0.75/0+0.61 ms cpu, 3->3->1 MB, 4 MB goal, 0 MB stacks, 0 MB globals, 8 P
gc 1623 @8.265s 6%: 0.10+1.0+0.070 ms clock, 0.82+0.44/0.79/0+0.56 ms cpu, 3->4->1 MB, 4 MB goal, 0 MB stacks, 0 MB globals, 8 P
gc 1624 @8.268s 6%: 0.10+0.51+0.066 ms clock, 0.85+0.81/0.76/0+0.53 ms cpu, 3->3->1 MB, 4 MB goal, 0 MB stacks, 0 MB globals, 8 P
gc 1625 @8.270s 6%: 0.19+0.84+0.11 ms clock, 1.5+0.46/0.77/0+0.95 ms cpu, 3->3->1 MB, 4 MB goal, 0 MB stacks, 0 MB globals, 8 P
gc 1626 @8.273s 6%: 0.12+0.57+0.091 ms clock, 0.96+0.83/0.77/0+0.73 ms cpu, 3->3->1 MB, 4 MB goal, 0 MB stacks, 0 MB globals, 8 P
gc 1627 @8.276s 6%: 0.097+0.59+0.078 ms clock, 0.77+0.90/0.70/0+0.62 ms cpu, 3->3->1 MB, 4 MB goal, 0 MB stacks, 0 MB globals, 8 P
gc 1628 @8.278s 6%: 0.17+0.58+0.14 ms clock, 1.3+0.78/0.74/0+1.1 ms cpu, 3->3->1 MB, 4 MB goal, 0 MB stacks, 0 MB globals, 8 P
gc 1629 @8.280s 6%: 0.092+1.1+0.12 ms clock, 0.73+0.69/0.71/0+0.99 ms cpu, 3->4->1 MB, 4 MB goal, 0 MB stacks, 0 MB globals, 8 P
gc 1630 @8.283s 6%: 0.092+0.85+0.072 ms clock, 0.74+0.66/0.85/0+0.58 ms cpu, 3->4->1 MB, 4 MB goal, 0 MB stacks, 0 MB globals, 8 P
gc 1631 @8.286s 6%: 0.18+0.55+0.080 ms clock, 1.4+0.62/0.79/0+0.64 ms cpu, 3->3->1 MB, 4 MB goal, 0 MB stacks, 0 MB globals, 8 P
gc 1632 @8.289s 6%: 0.14+0.58+0.12 ms clock, 1.1+0.77/0.68/0+1.0 ms cpu, 3->3->1 MB, 4 MB goal, 0 MB stacks, 0 MB globals, 8 P
gc 1633 @8.291s 6%: 0.087+0.71+0.14 ms clock, 0.69+0.74/0.77/0+1.1 ms cpu, 3->3->1 MB, 4 MB goal, 0 MB stacks, 0 MB globals, 8 P
gc 1634 @8.294s 6%: 0.11+0.52+0.074 ms clock, 0.91+0.97/0.70/0+0.59 ms cpu, 3->3->1 MB, 4 MB goal, 0 MB stacks, 0 MB globals, 8 P
gc 1635 @8.296s 6%: 0.10+0.99+0.11 ms clock, 0.82+0.74/1.2/0+0.90 ms cpu, 3->3->1 MB, 4 MB goal, 0 MB stacks, 0 MB globals, 8 P
gc 1636 @8.299s 6%: 0.10+1.4+0.13 ms clock, 0.87+0.80/0.69/0+1.0 ms cpu, 3->4->2 MB, 4 MB goal, 0 MB stacks, 0 MB globals, 8 P
gc 1637 @8.302s 6%: 0.095+0.65+0.086 ms clock, 0.76+0.67/0.84/0+0.69 ms cpu, 3->4->1 MB, 4 MB goal, 0 MB stacks, 0 MB globals, 8 P
gc 1638 @8.304s 6%: 0.11+0.64+0.058 ms clock, 0.88+0.81/0.75/0+0.46 ms cpu, 3->3->1 MB, 4 MB goal, 0 MB stacks, 0 MB globals, 8 P
gc 1639 @8.307s 6%: 0.096+0.57+0.093 ms clock, 0.77+0.62/0.78/0+0.75 ms cpu, 3->3->1 MB, 4 MB goal, 0 MB stacks, 0 MB globals, 8 P
gc 1640 @8.309s 6%: 0.12+0.54+0.11 ms clock, 1.0+0.99/0.72/0+0.93 ms cpu, 3->3->1 MB, 4 MB goal, 0 MB stacks, 0 MB globals, 8 P
gc 1641 @8.312s 6%: 0.095+0.57+0.093 ms clock, 0.76+0.87/0.81/0+0.74 ms cpu, 3->3->1 MB, 4 MB goal, 0 MB stacks, 0 MB globals, 8 P
gc 1642 @8.314s 6%: 0.11+0.65+0.095 ms clock, 0.91+0.77/0.74/0+0.76 ms cpu, 3->3->1 MB, 4 MB goal, 0 MB stacks, 0 MB globals, 8 P
gc 1643 @8.317s 6%: 0.089+0.87+0.091 ms clock, 0.71+0.79/0.79/0+0.73 ms cpu, 3->3->1 MB, 4 MB goal, 0 MB stacks, 0 MB globals, 8 P
gc 1644 @8.319s 6%: 0.073+0.66+0.10 ms clock, 0.58+0.78/0.80/0+0.80 ms cpu, 3->3->1 MB, 4 MB goal, 0 MB stacks, 0 MB globals, 8 P
gc 1645 @8.322s 6%: 0.14+0.83+0.069 ms clock, 1.1+0.85/1.0/0+0.55 ms cpu, 3->3->1 MB, 4 MB goal, 0 MB stacks, 0 MB globals, 8 P
gc 1646 @8.325s 6%: 0.10+0.61+0.062 ms clock, 0.81+0.77/0.72/0+0.49 ms cpu, 3->3->1 MB, 4 MB goal, 0 MB stacks, 0 MB globals, 8 P
gc 1647 @8.327s 6%: 0.094+0.58+0.075 ms clock, 0.75+0.68/0.85/0+0.60 ms cpu, 3->3->1 MB, 4 MB goal, 0 MB stacks, 0 MB globals, 8 P
gc 1648 @8.329s 6%: 0.16+0.54+0.067 ms clock, 1.3+0.77/0.66/0+0.54 ms cpu, 3->3->1 MB, 4 MB goal, 0 MB stacks, 0 MB globals, 8 P
gc 1649 @8.332s 6%: 0.11+0.59+0.096 ms clock, 0.90+0.81/0.72/0+0.76 ms cpu, 3->3->1 MB, 4 MB goal, 0 MB stacks, 0 MB globals, 8 P
gc 1650 @8.334s 6%: 0.11+0.64+0.085 ms clock, 0.95+0.55/0.90/0+0.68 ms cpu, 3->3->1 MB, 4 MB goal, 0 MB stacks, 0 MB globals, 8 P
gc 1651 @8.337s 6%: 0.081+1.0+0.077 ms clock, 0.64+0.70/0.81/0+0.61 ms cpu, 3->4->1 MB, 4 MB goal, 0 MB stacks, 0 MB globals, 8 P
gc 1652 @8.340s 6%: 0.11+0.73+0.097 ms clock, 0.88+0.77/0.81/0+0.78 ms cpu, 3->4->1 MB, 4 MB goal, 0 MB stacks, 0 MB globals, 8 P
gc 1653 @8.342s 6%: 0.14+0.72+0.084 ms clock, 1.1+0.69/0.93/0+0.67 ms cpu, 3->3->1 MB, 4 MB goal, 0 MB stacks, 0 MB globals, 8 P
gc 1654 @8.345s 6%: 0.075+0.71+0.095 ms clock, 0.60+0.81/0.82/0+0.76 ms cpu, 3->3->1 MB, 4 MB goal, 0 MB stacks, 0 MB globals, 8 P
gc 1655 @8.347s 6%: 0.10+1.0+0.11 ms clock, 0.84+0.79/0.80/0+0.92 ms cpu, 3->4->1 MB, 4 MB goal, 0 MB stacks, 0 MB globals, 8 P
gc 1656 @8.350s 6%: 0.10+0.53+0.090 ms clock, 0.84+0.79/0.79/0+0.72 ms cpu, 3->3->1 MB, 4 MB goal, 0 MB stacks, 0 MB globals, 8 P
gc 1657 @8.353s 6%: 0.083+1.0+0.078 ms clock, 0.66+0.71/0.81/0+0.62 ms cpu, 3->4->1 MB, 4 MB goal, 0 MB stacks, 0 MB globals, 8 P
gc 1658 @8.356s 6%: 0.14+1.1+0.055 ms clock, 1.1+0.84/0.77/0+0.44 ms cpu, 3->4->1 MB, 4 MB goal, 0 MB stacks, 0 MB globals, 8 P
gc 1659 @8.358s 6%: 0.098+0.79+0.067 ms clock, 0.78+0.75/0.76/0+0.54 ms cpu, 3->3->1 MB, 4 MB goal, 0 MB stacks, 0 MB globals, 8 P
gc 1660 @8.361s 6%: 0.12+0.87+0.12 ms clock, 0.99+0.78/0.70/0+1.0 ms cpu, 3->3->1 MB, 4 MB goal, 0 MB stacks, 0 MB globals, 8 P
gc 1661 @8.364s 6%: 0.095+0.53+0.076 ms clock, 0.76+0.68/0.82/0+0.61 ms cpu, 3->3->1 MB, 4 MB goal, 0 MB stacks, 0 MB globals, 8 P
gc 1662 @8.366s 6%: 0.11+0.94+0.10 ms clock, 0.93+0.57/0.81/0+0.82 ms cpu, 3->3->1 MB, 4 MB goal, 0 MB stacks, 0 MB globals, 8 P
gc 1663 @8.369s 6%: 0.13+1.0+0.077 ms clock, 1.0+0.78/0.89/0+0.62 ms cpu, 3->4->1 MB, 4 MB goal, 0 MB stacks, 0 MB globals, 8 P
gc 1664 @8.371s 6%: 0.089+0.54+0.099 ms clock, 0.71+0.80/0.80/0+0.79 ms cpu, 3->3->1 MB, 4 MB goal, 0 MB stacks, 0 MB globals, 8 P
gc 1665 @8.374s 6%: 0.13+0.75+0.11 ms clock, 1.0+0.74/0.78/0+0.89 ms cpu, 3->3->1 MB, 4 MB goal, 0 MB stacks, 0 MB globals, 8 P
gc 1666 @8.376s 6%: 0.12+0.63+0.11 ms clock, 1.0+0.60/0.82/0+0.92 ms cpu, 3->3->1 MB, 4 MB goal, 0 MB stacks, 0 MB globals, 8 P
gc 1667 @8.379s 6%: 0.11+0.57+0.065 ms clock, 0.94+0.76/0.71/0+0.52 ms cpu, 3->3->1 MB, 4 MB goal, 0 MB stacks, 0 MB globals, 8 P
gc 1668 @8.381s 6%: 0.083+0.60+0.12 ms clock, 0.66+0.82/0.80/0+0.99 ms cpu, 3->3->1 MB, 4 MB goal, 0 MB stacks, 0 MB globals, 8 P
gc 1669 @8.384s 6%: 0.13+0.62+0.055 ms clock, 1.0+0.56/0.82/0+0.44 ms cpu, 3->3->1 MB, 4 MB goal, 0 MB stacks, 0 MB globals, 8 P
gc 1670 @8.386s 6%: 0.11+0.89+0.094 ms clock, 0.94+0.79/0.77/0+0.75 ms cpu, 3->4->1 MB, 4 MB goal, 0 MB stacks, 0 MB globals, 8 P
gc 1671 @8.389s 6%: 0.12+0.58+0.063 ms clock, 1.0+0.73/0.76/0+0.50 ms cpu, 3->3->1 MB, 4 MB goal, 0 MB stacks, 0 MB globals, 8 P
gc 1672 @8.392s 6%: 0.079+0.73+0.10 ms clock, 0.63+0.94/0.95/0+0.83 ms cpu, 3->3->1 MB, 4 MB goal, 0 MB stacks, 0 MB globals, 8 P
gc 1673 @8.394s 6%: 0.11+0.91+0.028 ms clock, 0.95+0.86/0.70/0+0.23 ms cpu, 3->3->1 MB, 4 MB goal, 0 MB stacks, 0 MB globals, 8 P
gc 1674 @8.397s 6%: 0.10+0.92+0.081 ms clock, 0.82+0.83/0.61/0+0.65 ms cpu, 3->3->1 MB, 4 MB goal, 0 MB stacks, 0 MB globals, 8 P
gc 1675 @8.399s 6%: 0.11+0.98+0.059 ms clock, 0.91+0.90/0.80/0+0.47 ms cpu, 3->4->1 MB, 4 MB goal, 0 MB stacks, 0 MB globals, 8 P
gc 1676 @8.402s 6%: 0.088+0.65+0.068 ms clock, 0.70+0.84/0.93/0+0.54 ms cpu, 3->3->1 MB, 4 MB goal, 0 MB stacks, 0 MB globals, 8 P
gc 1677 @8.404s 6%: 0.11+0.66+0.13 ms clock, 0.94+0.72/0.72/0+1.0 ms cpu, 3->3->1 MB, 4 MB goal, 0 MB stacks, 0 MB globals, 8 P
gc 1678 @8.407s 6%: 0.097+0.60+0.12 ms clock, 0.77+0.61/0.80/0+0.96 ms cpu, 3->3->1 MB, 4 MB goal, 0 MB stacks, 0 MB globals, 8 P
gc 1679 @8.409s 6%: 0.10+0.58+0.12 ms clock, 0.83+0.71/0.79/0+0.97 ms cpu, 3->3->1 MB, 4 MB goal, 0 MB stacks, 0 MB globals, 8 P
gc 1680 @8.412s 6%: 0.10+0.83+0.068 ms clock, 0.86+0.79/0.78/0.014+0.54 ms cpu, 3->3->1 MB, 4 MB goal, 0 MB stacks, 0 MB globals, 8 P
gc 1681 @8.414s 6%: 0.090+0.64+0.063 ms clock, 0.72+0.79/0.76/0+0.51 ms cpu, 3->3->1 MB, 4 MB goal, 0 MB stacks, 0 MB globals, 8 P
gc 1682 @8.417s 6%: 0.15+0.51+0.085 ms clock, 1.2+0.78/0.76/0+0.68 ms cpu, 3->3->1 MB, 4 MB goal, 0 MB stacks, 0 MB globals, 8 P
gc 1683 @8.419s 6%: 0.13+0.67+0.059 ms clock, 1.0+0.76/0.75/0+0.47 ms cpu, 3->3->1 MB, 4 MB goal, 0 MB stacks, 0 MB globals, 8 P
gc 1684 @8.422s 6%: 0.11+1.2+0.059 ms clock, 0.91+0.80/0.67/0+0.47 ms cpu, 3->4->1 MB, 4 MB goal, 0 MB stacks, 0 MB globals, 8 P
gc 1685 @8.425s 6%: 0.14+1.2+0.086 ms clock, 1.1+0.64/0.95/0+0.69 ms cpu, 3->4->1 MB, 4 MB goal, 0 MB stacks, 0 MB globals, 8 P
gc 1686 @8.428s 6%: 0.10+0.59+0.079 ms clock, 0.86+0.87/0.77/0+0.63 ms cpu, 3->4->1 MB, 4 MB goal, 0 MB stacks, 0 MB globals, 8 P
gc 1687 @8.430s 6%: 0.099+0.65+0.081 ms clock, 0.79+0.77/0.77/0+0.65 ms cpu, 3->3->1 MB, 4 MB goal, 0 MB stacks, 0 MB globals, 8 P
gc 1688 @8.433s 6%: 0.069+0.72+0.15 ms clock, 0.55+0.70/0.95/0+1.2 ms cpu, 3->3->1 MB, 4 MB goal, 0 MB stacks, 0 MB globals, 8 P
gc 1689 @8.435s 6%: 0.10+0.88+0.11 ms clock, 0.86+0.74/0.82/0+0.94 ms cpu, 3->3->1 MB, 4 MB goal, 0 MB stacks, 0 MB globals, 8 P
gc 1690 @8.438s 6%: 0.10+0.70+0.10 ms clock, 0.87+0.63/0.80/0+0.81 ms cpu, 3->3->1 MB, 4 MB goal, 0 MB stacks, 0 MB globals, 8 P
gc 1691 @8.441s 6%: 0.10+0.97+0.056 ms clock, 0.84+0.67/0.81/0+0.45 ms cpu, 3->3->1 MB, 4 MB goal, 0 MB stacks, 0 MB globals, 8 P
gc 1692 @8.443s 6%: 0.15+0.63+0.052 ms clock, 1.2+0.73/0.88/0+0.41 ms cpu, 3->3->1 MB, 4 MB goal, 0 MB stacks, 0 MB globals, 8 P
gc 1693 @8.446s 6%: 0.12+0.75+0.087 ms clock, 1.0+0.59/0.81/0+0.70 ms cpu, 3->3->1 MB, 4 MB goal, 0 MB stacks, 0 MB globals, 8 P
gc 1694 @8.448s 6%: 0.16+0.91+0.066 ms clock, 1.2+0.58/0.79/0+0.53 ms cpu, 3->3->1 MB, 4 MB goal, 0 MB stacks, 0 MB globals, 8 P
gc 1695 @8.451s 6%: 0.086+0.63+0.12 ms clock, 0.69+0.88/0.73/0+1.0 ms cpu, 3->3->1 MB, 4 MB goal, 0 MB stacks, 0 MB globals, 8 P
gc 1696 @8.453s 6%: 0.090+0.57+0.079 ms clock, 0.72+0.79/0.75/0+0.63 ms cpu, 3->3->1 MB, 4 MB goal, 0 MB stacks, 0 MB globals, 8 P
gc 1697 @8.456s 6%: 0.17+0.59+0.11 ms clock, 1.3+0.76/0.72/0+0.88 ms cpu, 3->3->1 MB, 4 MB goal, 0 MB stacks, 0 MB globals, 8 P
gc 1698 @8.458s 6%: 0.12+0.72+0.048 ms clock, 0.97+0.82/0.88/0+0.38 ms cpu, 3->3->1 MB, 4 MB goal, 0 MB stacks, 0 MB globals, 8 P
gc 1699 @8.461s 6%: 0.099+0.55+0.10 ms clock, 0.79+0.84/0.64/0+0.81 ms cpu, 3->3->1 MB, 4 MB goal, 0 MB stacks, 0 MB globals, 8 P
gc 1700 @8.463s 6%: 0.13+0.66+0.065 ms clock, 1.0+0.87/0.82/0+0.52 ms cpu, 3->3->1 MB, 4 MB goal, 0 MB stacks, 0 MB globals, 8 P
gc 1701 @8.466s 6%: 0.10+0.65+0.077 ms clock, 0.86+0.77/0.79/0+0.61 ms cpu, 3->3->1 MB, 4 MB goal, 0 MB stacks, 0 MB globals, 8 P
gc 1702 @8.468s 6%: 0.10+1.1+0.081 ms clock, 0.87+0.62/0.80/0+0.64 ms cpu, 3->4->1 MB, 4 MB goal, 0 MB stacks, 0 MB globals, 8 P
gc 1703 @8.471s 6%: 0.091+0.72+0.12 ms clock, 0.73+0.85/0.83/0+0.97 ms cpu, 3->4->1 MB, 4 MB goal, 0 MB stacks, 0 MB globals, 8 P
gc 1704 @8.474s 6%: 0.086+0.62+0.16 ms clock, 0.69+0.78/0.74/0+1.3 ms cpu, 3->3->1 MB, 4 MB goal, 0 MB stacks, 0 MB globals, 8 P
gc 1705 @8.476s 6%: 0.079+0.67+0.083 ms clock, 0.63+0.82/0.77/0+0.66 ms cpu, 3->3->1 MB, 4 MB goal, 0 MB stacks, 0 MB globals, 8 P
gc 1706 @8.479s 6%: 0.11+0.67+0.11 ms clock, 0.90+0.69/0.73/0+0.90 ms cpu, 3->3->1 MB, 4 MB goal, 0 MB stacks, 0 MB globals, 8 P
gc 1707 @8.481s 6%: 0.099+1.5+0.097 ms clock, 0.79+0.78/0.91/0+0.77 ms cpu, 3->4->2 MB, 4 MB goal, 0 MB stacks, 0 MB globals, 8 P
gc 1708 @8.485s 6%: 0.069+0.60+0.083 ms clock, 0.55+0.82/0.71/0+0.66 ms cpu, 3->4->1 MB, 4 MB goal, 0 MB stacks, 0 MB globals, 8 P
gc 1709 @8.487s 6%: 0.10+0.64+0.11 ms clock, 0.83+0.82/0.67/0+0.90 ms cpu, 3->3->1 MB, 4 MB goal, 0 MB stacks, 0 MB globals, 8 P
gc 1710 @8.490s 6%: 0.064+0.90+0.057 ms clock, 0.51+0.87/0.74/0+0.45 ms cpu, 3->3->1 MB, 4 MB goal, 0 MB stacks, 0 MB globals, 8 P
gc 1711 @8.492s 6%: 0.095+0.63+0.13 ms clock, 0.76+0.72/0.81/0+1.0 ms cpu, 3->3->1 MB, 4 MB goal, 0 MB stacks, 0 MB globals, 8 P
gc 1712 @8.495s 6%: 0.11+0.57+0.10 ms clock, 0.92+0.66/0.83/0+0.85 ms cpu, 3->3->1 MB, 4 MB goal, 0 MB stacks, 0 MB globals, 8 P
gc 1713 @8.497s 6%: 0.15+0.61+0.066 ms clock, 1.2+0.74/0.81/0+0.53 ms cpu, 3->3->1 MB, 4 MB goal, 0 MB stacks, 0 MB globals, 8 P
gc 1714 @8.500s 6%: 0.20+0.60+0.082 ms clock, 1.6+0.68/0.85/0+0.65 ms cpu, 3->3->1 MB, 4 MB goal, 0 MB stacks, 0 MB globals, 8 P
gc 1715 @8.502s 6%: 0.095+1.1+0.075 ms clock, 0.76+0.82/0.78/0+0.60 ms cpu, 3->4->2 MB, 4 MB goal, 0 MB stacks, 0 MB globals, 8 P
gc 1716 @8.505s 6%: 0.14+0.97+0.085 ms clock, 1.1+0.65/0.79/0+0.68 ms cpu, 3->4->1 MB, 4 MB goal, 0 MB stacks, 0 MB globals, 8 P
gc 1717 @8.508s 6%: 0.11+0.91+0.088 ms clock, 0.91+0.80/0.69/0+0.70 ms cpu, 3->4->1 MB, 4 MB goal, 0 MB stacks, 0 MB globals, 8 P
gc 1718 @8.511s 6%: 0.14+0.72+0.091 ms clock, 1.1+0.95/0.96/0+0.73 ms cpu, 3->3->1 MB, 4 MB goal, 0 MB stacks, 0 MB globals, 8 P
gc 1719 @8.513s 6%: 0.11+0.49+0.10 ms clock, 0.90+0.81/0.58/0+0.85 ms cpu, 3->3->1 MB, 4 MB goal, 0 MB stacks, 0 MB globals, 8 P
gc 1720 @8.516s 6%: 0.19+0.66+0.10 ms clock, 1.5+0.75/0.86/0+0.81 ms cpu, 3->3->1 MB, 4 MB goal, 0 MB stacks, 0 MB globals, 8 P
gc 1721 @8.518s 6%: 0.10+0.76+0.085 ms clock, 0.81+0.59/0.88/0+0.68 ms cpu, 3->4->1 MB, 4 MB goal, 0 MB stacks, 0 MB globals, 8 P
gc 1722 @8.521s 6%: 0.10+1.0+0.031 ms clock, 0.80+0.63/0.82/0+0.25 ms cpu, 3->4->1 MB, 4 MB goal, 0 MB stacks, 0 MB globals, 8 P
gc 1723 @8.523s 6%: 0.14+0.79+0.092 ms clock, 1.1+0.63/0.86/0+0.73 ms cpu, 3->3->1 MB, 4 MB goal, 0 MB stacks, 0 MB globals, 8 P
gc 1724 @8.526s 6%: 0.089+0.66+0.12 ms clock, 0.71+0.73/0.74/0+1.0 ms cpu, 3->3->1 MB, 4 MB goal, 0 MB stacks, 0 MB globals, 8 P
gc 1725 @8.528s 6%: 0.095+1.1+0.064 ms clock, 0.76+0.67/0.72/0+0.51 ms cpu, 3->4->1 MB, 4 MB goal, 0 MB stacks, 0 MB globals, 8 P
gc 1726 @8.531s 6%: 0.14+1.2+0.066 ms clock, 1.1+0.56/0.91/0+0.53 ms cpu, 3->4->1 MB, 4 MB goal, 0 MB stacks, 0 MB globals, 8 P
gc 1727 @8.534s 6%: 0.11+1.0+0.10 ms clock, 0.92+1.1/0.93/0+0.83 ms cpu, 3->4->1 MB, 4 MB goal, 0 MB stacks, 0 MB globals, 8 P
gc 1728 @8.537s 6%: 0.16+0.66+0.085 ms clock, 1.3+0.68/0.92/0+0.68 ms cpu, 3->3->1 MB, 4 MB goal, 0 MB stacks, 0 MB globals, 8 P
gc 1729 @8.539s 6%: 0.10+0.64+0.063 ms clock, 0.85+0.72/0.92/0+0.50 ms cpu, 3->3->1 MB, 4 MB goal, 0 MB stacks, 0 MB globals, 8 P
gc 1730 @8.542s 6%: 0.12+0.71+0.093 ms clock, 1.0+0.81/0.90/0+0.74 ms cpu, 3->3->1 MB, 4 MB goal, 0 MB stacks, 0 MB globals, 8 P
gc 1731 @8.545s 6%: 0.11+0.53+0.11 ms clock, 0.90+0.77/0.67/0+0.88 ms cpu, 3->3->1 MB, 4 MB goal, 0 MB stacks, 0 MB globals, 8 P
gc 1732 @8.547s 6%: 0.12+0.65+0.12 ms clock, 1.0+0.67/0.82/0+0.96 ms cpu, 3->3->1 MB, 4 MB goal, 0 MB stacks, 0 MB globals, 8 P
gc 1733 @8.550s 6%: 0.11+0.63+0.10 ms clock, 0.94+0.75/0.82/0+0.85 ms cpu, 3->3->1 MB, 4 MB goal, 0 MB stacks, 0 MB globals, 8 P
gc 1734 @8.552s 6%: 0.10+0.63+0.12 ms clock, 0.87+0.80/0.73/0+1.0 ms cpu, 3->3->1 MB, 4 MB goal, 0 MB stacks, 0 MB globals, 8 P
gc 1735 @8.555s 6%: 0.11+0.56+0.091 ms clock, 0.89+0.64/0.73/0+0.73 ms cpu, 3->3->1 MB, 4 MB goal, 0 MB stacks, 0 MB globals, 8 P
gc 1736 @8.557s 6%: 0.10+0.58+0.066 ms clock, 0.87+0.70/0.80/0+0.53 ms cpu, 3->3->1 MB, 4 MB goal, 0 MB stacks, 0 MB globals, 8 P
gc 1737 @8.560s 6%: 0.13+0.64+0.14 ms clock, 1.0+0.84/0.78/0+1.1 ms cpu, 3->3->1 MB, 4 MB goal, 0 MB stacks, 0 MB globals, 8 P
gc 1738 @8.562s 6%: 0.10+0.51+0.090 ms clock, 0.84+0.75/0.66/0+0.72 ms cpu, 3->3->1 MB, 4 MB goal, 0 MB stacks, 0 MB globals, 8 P
gc 1739 @8.564s 6%: 0.066+0.60+0.097 ms clock, 0.53+0.79/0.79/0+0.77 ms cpu, 3->3->1 MB, 4 MB goal, 0 MB stacks, 0 MB globals, 8 P
gc 1740 @8.567s 6%: 0.13+0.61+0.070 ms clock, 1.0+0.77/0.68/0+0.56 ms cpu, 3->3->1 MB, 4 MB goal, 0 MB stacks, 0 MB globals, 8 P
gc 1741 @8.569s 6%: 0.10+0.49+0.059 ms clock, 0.80+0.66/0.75/0+0.47 ms cpu, 3->3->1 MB, 4 MB goal, 0 MB stacks, 0 MB globals, 8 P
gc 1742 @8.572s 6%: 0.10+0.55+0.094 ms clock, 0.80+0.98/0.66/0+0.75 ms cpu, 3->3->1 MB, 4 MB goal, 0 MB stacks, 0 MB globals, 8 P
gc 1743 @8.574s 6%: 0.10+0.62+0.11 ms clock, 0.83+0.78/0.78/0+0.88 ms cpu, 3->3->1 MB, 4 MB goal, 0 MB stacks, 0 MB globals, 8 P
gc 1744 @8.577s 6%: 0.13+0.64+0.087 ms clock, 1.0+0.86/0.76/0+0.70 ms cpu, 3->3->1 MB, 4 MB goal, 0 MB stacks, 0 MB globals, 8 P
gc 1745 @8.579s 6%: 0.13+0.60+0.095 ms clock, 1.1+0.73/0.82/0+0.76 ms cpu, 3->3->1 MB, 4 MB goal, 0 MB stacks, 0 MB globals, 8 P
gc 1746 @8.582s 6%: 0.090+0.67+0.096 ms clock, 0.72+0.58/0.75/0+0.77 ms cpu, 3->3->1 MB, 4 MB goal, 0 MB stacks, 0 MB globals, 8 P
gc 1747 @8.584s 6%: 0.13+0.55+0.11 ms clock, 1.0+0.69/0.81/0+0.94 ms cpu, 3->3->1 MB, 4 MB goal, 0 MB stacks, 0 MB globals, 8 P
gc 1748 @8.587s 6%: 0.079+0.58+0.11 ms clock, 0.63+0.73/0.73/0+0.88 ms cpu, 3->3->1 MB, 4 MB goal, 0 MB stacks, 0 MB globals, 8 P
gc 1749 @8.589s 6%: 0.11+0.63+0.091 ms clock, 0.92+0.69/0.87/0+0.73 ms cpu, 3->3->1 MB, 4 MB goal, 0 MB stacks, 0 MB globals, 8 P
gc 1750 @8.592s 6%: 0.10+0.72+0.11 ms clock, 0.87+0.82/0.82/0+0.93 ms cpu, 3->3->1 MB, 4 MB goal, 0 MB stacks, 0 MB globals, 8 P
gc 1751 @8.594s 6%: 0.047+0.80+0.12 ms clock, 0.38+0.81/0.69/0+1.0 ms cpu, 3->3->1 MB, 4 MB goal, 0 MB stacks, 0 MB globals, 8 P
gc 1752 @8.597s 6%: 0.099+0.60+0.059 ms clock, 0.79+0.84/0.76/0+0.47 ms cpu, 3->3->1 MB, 4 MB goal, 0 MB stacks, 0 MB globals, 8 P
gc 1753 @8.599s 6%: 0.15+0.69+0.11 ms clock, 1.2+0.64/0.87/0+0.93 ms cpu, 3->3->1 MB, 4 MB goal, 0 MB stacks, 0 MB globals, 8 P
gc 1754 @8.602s 6%: 0.11+0.54+0.086 ms clock, 0.91+0.75/0.67/0+0.69 ms cpu, 3->3->1 MB, 4 MB goal, 0 MB stacks, 0 MB globals, 8 P
gc 1755 @8.604s 6%: 0.090+0.61+0.11 ms clock, 0.72+0.78/0.77/0+0.90 ms cpu, 3->3->1 MB, 4 MB goal, 0 MB stacks, 0 MB globals, 8 P
gc 1756 @8.607s 6%: 0.13+0.60+0.087 ms clock, 1.0+0.71/0.75/0+0.69 ms cpu, 3->3->1 MB, 4 MB goal, 0 MB stacks, 0 MB globals, 8 P
gc 1757 @8.609s 6%: 0.11+0.91+0.044 ms clock, 0.92+0.63/0.81/0+0.35 ms cpu, 3->3->1 MB, 4 MB goal, 0 MB stacks, 0 MB globals, 8 P
gc 1758 @8.612s 6%: 0.096+1.0+0.096 ms clock, 0.77+0.82/0.72/0+0.77 ms cpu, 3->4->1 MB, 4 MB goal, 0 MB stacks, 0 MB globals, 8 P
gc 1759 @8.615s 6%: 0.10+0.60+0.086 ms clock, 0.85+0.83/0.83/0+0.68 ms cpu, 3->3->1 MB, 4 MB goal, 0 MB stacks, 0 MB globals, 8 P
gc 1760 @8.617s 6%: 0.12+0.68+0.098 ms clock, 0.96+0.70/0.83/0+0.78 ms cpu, 3->3->1 MB, 4 MB goal, 0 MB stacks, 0 MB globals, 8 P
gc 1761 @8.620s 6%: 0.15+0.57+0.092 ms clock, 1.2+0.91/0.76/0+0.73 ms cpu, 3->3->1 MB, 4 MB goal, 0 MB stacks, 0 MB globals, 8 P
gc 1762 @8.622s 6%: 0.081+0.58+0.12 ms clock, 0.65+0.87/0.89/0+1.0 ms cpu, 3->3->1 MB, 4 MB goal, 0 MB stacks, 0 MB globals, 8 P
gc 1763 @8.625s 6%: 0.12+0.65+0.15 ms clock, 0.97+0.86/0.81/0+1.2 ms cpu, 3->3->1 MB, 4 MB goal, 0 MB stacks, 0 MB globals, 8 P
gc 1764 @8.627s 6%: 0.12+0.73+0.097 ms clock, 1.0+0.78/0.77/0+0.77 ms cpu, 3->3->1 MB, 4 MB goal, 0 MB stacks, 0 MB globals, 8 P
gc 1765 @8.630s 6%: 0.13+1.0+0.089 ms clock, 1.0+0.76/0.88/0+0.71 ms cpu, 3->4->1 MB, 4 MB goal, 0 MB stacks, 0 MB globals, 8 P
gc 1766 @8.632s 6%: 0.10+0.63+0.12 ms clock, 0.86+0.65/0.92/0+0.98 ms cpu, 3->3->1 MB, 4 MB goal, 0 MB stacks, 0 MB globals, 8 P
gc 1767 @8.635s 6%: 0.15+0.85+0.10 ms clock, 1.2+0.71/0.90/0+0.87 ms cpu, 3->3->1 MB, 4 MB goal, 0 MB stacks, 0 MB globals, 8 P
gc 1768 @8.637s 6%: 0.11+0.55+0.11 ms clock, 0.89+0.67/0.81/0+0.90 ms cpu, 3->3->1 MB, 4 MB goal, 0 MB stacks, 0 MB globals, 8 P
gc 1769 @8.640s 6%: 0.11+0.93+0.11 ms clock, 0.93+0.78/0.69/0+0.90 ms cpu, 3->3->1 MB, 4 MB goal, 0 MB stacks, 0 MB globals, 8 P
gc 1770 @8.642s 6%: 0.13+0.56+0.055 ms clock, 1.0+0.75/0.81/0+0.44 ms cpu, 3->3->1 MB, 4 MB goal, 0 MB stacks, 0 MB globals, 8 P
gc 1771 @8.645s 6%: 0.14+0.72+0.12 ms clock, 1.1+0.67/0.95/0+1.0 ms cpu, 3->4->1 MB, 4 MB goal, 0 MB stacks, 0 MB globals, 8 P
gc 1772 @8.648s 6%: 0.10+0.95+0.090 ms clock, 0.85+1.0/0.87/0+0.72 ms cpu, 3->3->1 MB, 4 MB goal, 0 MB stacks, 0 MB globals, 8 P
gc 1773 @8.650s 6%: 0.14+0.71+0.076 ms clock, 1.1+0.83/0.76/0+0.61 ms cpu, 3->3->1 MB, 4 MB goal, 0 MB stacks, 0 MB globals, 8 P
gc 1774 @8.653s 6%: 0.13+0.65+0.065 ms clock, 1.0+0.73/0.73/0+0.52 ms cpu, 3->3->1 MB, 4 MB goal, 0 MB stacks, 0 MB globals, 8 P
gc 1775 @8.655s 6%: 0.12+0.93+0.078 ms clock, 0.96+0.70/0.83/0+0.62 ms cpu, 3->3->1 MB, 4 MB goal, 0 MB stacks, 0 MB globals, 8 P
gc 1776 @8.658s 6%: 0.094+0.56+0.10 ms clock, 0.75+0.91/0.75/0+0.80 ms cpu, 3->3->1 MB, 4 MB goal, 0 MB stacks, 0 MB globals, 8 P
gc 1777 @8.660s 6%: 0.094+0.67+0.10 ms clock, 0.75+1.0/0.74/0+0.87 ms cpu, 3->3->1 MB, 4 MB goal, 0 MB stacks, 0 MB globals, 8 P
gc 1778 @8.663s 6%: 0.096+0.93+0.068 ms clock, 0.77+0.91/0.70/0+0.54 ms cpu, 3->3->1 MB, 4 MB goal, 0 MB stacks, 0 MB globals, 8 P
gc 1779 @8.665s 6%: 0.15+0.62+0.071 ms clock, 1.2+0.74/0.85/0+0.57 ms cpu, 3->3->1 MB, 4 MB goal, 0 MB stacks, 0 MB globals, 8 P
gc 1780 @8.668s 6%: 0.17+1.1+0.059 ms clock, 1.4+0.72/0.82/0+0.47 ms cpu, 3->4->1 MB, 4 MB goal, 0 MB stacks, 0 MB globals, 8 P
gc 1781 @8.671s 6%: 0.14+0.62+0.070 ms clock, 1.1+0.70/0.86/0+0.56 ms cpu, 3->3->1 MB, 4 MB goal, 0 MB stacks, 0 MB globals, 8 P
gc 1782 @8.673s 6%: 0.13+0.66+0.071 ms clock, 1.0+0.72/0.78/0+0.57 ms cpu, 3->3->1 MB, 4 MB goal, 0 MB stacks, 0 MB globals, 8 P
gc 1783 @8.676s 6%: 0.11+1.1+0.074 ms clock, 0.91+0.69/0.76/0+0.59 ms cpu, 3->4->1 MB, 4 MB goal, 0 MB stacks, 0 MB globals, 8 P
gc 1784 @8.679s 6%: 0.10+0.57+0.055 ms clock, 0.84+0.75/0.81/0+0.44 ms cpu, 3->4->1 MB, 4 MB goal, 0 MB stacks, 0 MB globals, 8 P
gc 1785 @8.681s 6%: 0.14+1.1+0.11 ms clock, 1.1+0.77/0.82/0+0.95 ms cpu, 3->4->2 MB, 4 MB goal, 0 MB stacks, 0 MB globals, 8 P
gc 1786 @8.684s 6%: 0.079+0.79+0.087 ms clock, 0.63+0.63/0.76/0+0.70 ms cpu, 3->4->1 MB, 4 MB goal, 0 MB stacks, 0 MB globals, 8 P
gc 1787 @8.687s 6%: 0.12+0.72+0.067 ms clock, 0.97+0.70/0.87/0+0.54 ms cpu, 3->3->1 MB, 4 MB goal, 0 MB stacks, 0 MB globals, 8 P
gc 1788 @8.689s 6%: 0.14+1.1+0.084 ms clock, 1.1+0.78/0.83/0+0.67 ms cpu, 3->4->1 MB, 4 MB goal, 0 MB stacks, 0 MB globals, 8 P
gc 1789 @8.692s 6%: 0.12+0.68+0.082 ms clock, 0.96+0.67/0.84/0+0.65 ms cpu, 3->4->1 MB, 4 MB goal, 0 MB stacks, 0 MB globals, 8 P
gc 1790 @8.695s 6%: 0.11+0.89+0.070 ms clock, 0.90+0.72/0.73/0+0.56 ms cpu, 3->3->1 MB, 4 MB goal, 0 MB stacks, 0 MB globals, 8 P
gc 1791 @8.698s 6%: 0.20+1.0+0.069 ms clock, 1.6+0.79/0.72/0+0.55 ms cpu, 3->4->1 MB, 4 MB goal, 0 MB stacks, 0 MB globals, 8 P
gc 1792 @8.701s 6%: 0.14+0.70+0.077 ms clock, 1.1+0.73/0.91/0+0.62 ms cpu, 3->4->1 MB, 4 MB goal, 0 MB stacks, 0 MB globals, 8 P
gc 1793 @8.703s 6%: 0.10+0.69+0.090 ms clock, 0.81+0.69/0.82/0+0.72 ms cpu, 3->3->1 MB, 4 MB goal, 0 MB stacks, 0 MB globals, 8 P
gc 1794 @8.706s 6%: 0.089+0.60+0.088 ms clock, 0.71+0.71/0.68/0+0.70 ms cpu, 3->3->1 MB, 4 MB goal, 0 MB stacks, 0 MB globals, 8 P
gc 1795 @8.708s 6%: 0.11+0.67+0.11 ms clock, 0.89+0.72/0.87/0+0.95 ms cpu, 3->3->1 MB, 4 MB goal, 0 MB stacks, 0 MB globals, 8 P
gc 1796 @8.711s 6%: 0.14+0.62+0.14 ms clock, 1.1+0.82/0.75/0+1.1 ms cpu, 3->3->1 MB, 4 MB goal, 0 MB stacks, 0 MB globals, 8 P
gc 1797 @8.713s 6%: 0.13+0.58+0.090 ms clock, 1.0+0.78/0.75/0+0.72 ms cpu, 3->3->1 MB, 4 MB goal, 0 MB stacks, 0 MB globals, 8 P
gc 1798 @8.715s 6%: 0.12+0.57+0.096 ms clock, 0.96+0.69/0.78/0+0.77 ms cpu, 3->3->1 MB, 4 MB goal, 0 MB stacks, 0 MB globals, 8 P
gc 1799 @8.718s 6%: 0.095+1.0+0.069 ms clock, 0.76+0.75/0.83/0+0.55 ms cpu, 3->3->1 MB, 4 MB goal, 0 MB stacks, 0 MB globals, 8 P
gc 1800 @8.721s 6%: 0.14+0.77+0.069 ms clock, 1.1+0.72/0.90/0+0.55 ms cpu, 3->3->1 MB, 4 MB goal, 0 MB stacks, 0 MB globals, 8 P
gc 1801 @8.723s 6%: 0.10+0.92+0.085 ms clock, 0.80+0.72/0.84/0+0.68 ms cpu, 3->4->1 MB, 4 MB goal, 0 MB stacks, 0 MB globals, 8 P
gc 1802 @8.726s 6%: 0.093+0.58+0.12 ms clock, 0.74+0.80/0.71/0+1.0 ms cpu, 3->3->1 MB, 4 MB goal, 0 MB stacks, 0 MB globals, 8 P
gc 1803 @8.728s 6%: 0.12+0.92+0.15 ms clock, 0.99+0.84/0.83/0+1.2 ms cpu, 3->4->1 MB, 4 MB goal, 0 MB stacks, 0 MB globals, 8 P
gc 1804 @8.731s 6%: 0.11+0.59+0.10 ms clock, 0.91+0.81/0.71/0+0.87 ms cpu, 3->3->1 MB, 4 MB goal, 0 MB stacks, 0 MB globals, 8 P
gc 1805 @8.734s 6%: 0.097+0.86+0.12 ms clock, 0.78+0.89/0.97/0+0.98 ms cpu, 3->3->1 MB, 4 MB goal, 0 MB stacks, 0 MB globals, 8 P
gc 1806 @8.736s 6%: 0.088+0.66+0.10 ms clock, 0.70+0.69/0.77/0+0.87 ms cpu, 3->3->1 MB, 4 MB goal, 0 MB stacks, 0 MB globals, 8 P
gc 1807 @8.739s 6%: 0.18+0.69+0.070 ms clock, 1.4+0.64/0.83/0+0.56 ms cpu, 3->3->1 MB, 4 MB goal, 0 MB stacks, 0 MB globals, 8 P
gc 1808 @8.741s 6%: 0.10+0.57+0.12 ms clock, 0.84+0.64/0.85/0+0.97 ms cpu, 3->3->1 MB, 4 MB goal, 0 MB stacks, 0 MB globals, 8 P
gc 1809 @8.744s 6%: 0.13+0.91+0.049 ms clock, 1.0+0.83/0.73/0+0.39 ms cpu, 3->3->1 MB, 4 MB goal, 0 MB stacks, 0 MB globals, 8 P
gc 1810 @8.746s 6%: 0.11+1.0+0.064 ms clock, 0.91+0.82/0.82/0+0.51 ms cpu, 3->3->1 MB, 4 MB goal, 0 MB stacks, 0 MB globals, 8 P
gc 1811 @8.749s 6%: 0.10+1.2+0.061 ms clock, 0.80+0.74/0.76/0+0.49 ms cpu, 3->4->1 MB, 4 MB goal, 0 MB stacks, 0 MB globals, 8 P
gc 1812 @8.752s 6%: 0.12+0.97+0.090 ms clock, 0.96+0.63/0.80/0+0.72 ms cpu, 3->4->1 MB, 4 MB goal, 0 MB stacks, 0 MB globals, 8 P
gc 1813 @8.754s 6%: 0.14+0.53+0.11 ms clock, 1.1+0.64/0.78/0+0.91 ms cpu, 3->3->1 MB, 4 MB goal, 0 MB stacks, 0 MB globals, 8 P
gc 1814 @8.757s 6%: 0.14+0.48+0.091 ms clock, 1.1+0.78/0.66/0+0.73 ms cpu, 3->3->1 MB, 4 MB goal, 0 MB stacks, 0 MB globals, 8 P
gc 1815 @8.759s 6%: 0.13+0.64+0.091 ms clock, 1.0+0.83/0.79/0+0.72 ms cpu, 3->3->1 MB, 4 MB goal, 0 MB stacks, 0 MB globals, 8 P
gc 1816 @8.762s 6%: 0.14+0.52+0.12 ms clock, 1.1+0.68/0.70/0+0.97 ms cpu, 3->3->1 MB, 4 MB goal, 0 MB stacks, 0 MB globals, 8 P
gc 1817 @8.764s 6%: 0.14+0.78+0.093 ms clock, 1.1+0.82/0.76/0+0.74 ms cpu, 3->3->1 MB, 4 MB goal, 0 MB stacks, 0 MB globals, 8 P
gc 1818 @8.767s 6%: 0.10+0.58+0.046 ms clock, 0.85+0.88/0.72/0+0.37 ms cpu, 3->3->1 MB, 4 MB goal, 0 MB stacks, 0 MB globals, 8 P
gc 1819 @8.769s 6%: 0.098+0.71+0.17 ms clock, 0.78+0.70/0.79/0+1.4 ms cpu, 3->3->1 MB, 4 MB goal, 0 MB stacks, 0 MB globals, 8 P
gc 1820 @8.772s 6%: 0.20+1.0+0.066 ms clock, 1.6+0.63/0.85/0+0.53 ms cpu, 3->4->1 MB, 4 MB goal, 0 MB stacks, 0 MB globals, 8 P
gc 1821 @8.775s 6%: 0.094+1.1+0.10 ms clock, 0.75+0.75/0.72/0+0.80 ms cpu, 3->4->1 MB, 4 MB goal, 0 MB stacks, 0 MB globals, 8 P
gc 1822 @8.778s 6%: 0.11+0.58+0.10 ms clock, 0.94+0.88/0.69/0+0.82 ms cpu, 3->3->1 MB, 4 MB goal, 0 MB stacks, 0 MB globals, 8 P
gc 1823 @8.780s 6%: 0.10+0.57+0.069 ms clock, 0.82+0.72/0.83/0+0.55 ms cpu, 3->3->1 MB, 4 MB goal, 0 MB stacks, 0 MB globals, 8 P
gc 1824 @8.782s 6%: 0.19+1.0+0.066 ms clock, 1.5+0.75/0.78/0+0.53 ms cpu, 3->4->1 MB, 4 MB goal, 0 MB stacks, 0 MB globals, 8 P
gc 1825 @8.785s 6%: 0.12+1.1+0.074 ms clock, 1.0+0.59/0.83/0+0.59 ms cpu, 3->4->1 MB, 4 MB goal, 0 MB stacks, 0 MB globals, 8 P
gc 1826 @8.788s 6%: 0.11+0.85+0.13 ms clock, 0.94+0.81/1.0/0+1.0 ms cpu, 3->4->1 MB, 4 MB goal, 0 MB stacks, 0 MB globals, 8 P
gc 1827 @8.791s 6%: 0.10+0.99+0.074 ms clock, 0.82+0.65/0.75/0+0.59 ms cpu, 3->4->1 MB, 4 MB goal, 0 MB stacks, 0 MB globals, 8 P
gc 1828 @8.794s 6%: 0.13+0.59+0.17 ms clock, 1.0+0.69/0.71/0+1.4 ms cpu, 3->3->1 MB, 4 MB goal, 0 MB stacks, 0 MB globals, 8 P
gc 1829 @8.796s 6%: 0.12+0.80+0.11 ms clock, 0.97+0.79/0.71/0+0.95 ms cpu, 3->3->1 MB, 4 MB goal, 0 MB stacks, 0 MB globals, 8 P
gc 1830 @8.799s 6%: 0.11+0.53+0.13 ms clock, 0.93+0.70/0.69/0.072+1.0 ms cpu, 3->3->1 MB, 4 MB goal, 0 MB stacks, 0 MB globals, 8 P
gc 1831 @8.801s 6%: 0.11+0.66+0.12 ms clock, 0.92+0.80/0.81/0+1.0 ms cpu, 3->3->1 MB, 4 MB goal, 0 MB stacks, 0 MB globals, 8 P
gc 1832 @8.804s 6%: 0.13+0.57+0.11 ms clock, 1.1+0.95/0.71/0+0.91 ms cpu, 3->3->1 MB, 4 MB goal, 0 MB stacks, 0 MB globals, 8 P
gc 1833 @8.806s 6%: 0.091+0.63+0.11 ms clock, 0.72+0.70/0.84/0+0.89 ms cpu, 3->3->1 MB, 4 MB goal, 0 MB stacks, 0 MB globals, 8 P
gc 1834 @8.808s 6%: 0.089+0.78+0.095 ms clock, 0.71+0.79/0.79/0+0.76 ms cpu, 3->3->1 MB, 4 MB goal, 0 MB stacks, 0 MB globals, 8 P
gc 1835 @8.811s 6%: 0.14+0.96+0.11 ms clock, 1.1+0.79/0.69/0+0.91 ms cpu, 3->4->1 MB, 4 MB goal, 0 MB stacks, 0 MB globals, 8 P
gc 1836 @8.814s 6%: 0.10+0.53+0.077 ms clock, 0.83+0.83/0.55/0+0.61 ms cpu, 3->3->1 MB, 4 MB goal, 0 MB stacks, 0 MB globals, 8 P
gc 1837 @8.816s 6%: 0.11+1.7+0.10 ms clock, 0.94+0.72/0.75/0+0.86 ms cpu, 3->4->2 MB, 4 MB goal, 0 MB stacks, 0 MB globals, 8 P
gc 1838 @8.820s 6%: 0.099+0.99+0.075 ms clock, 0.79+0.87/0.80/0+0.60 ms cpu, 4->4->1 MB, 4 MB goal, 0 MB stacks, 0 MB globals, 8 P
gc 1839 @8.823s 6%: 0.15+0.55+0.12 ms clock, 1.2+0.87/0.65/0+0.98 ms cpu, 3->3->1 MB, 4 MB goal, 0 MB stacks, 0 MB globals, 8 P
gc 1840 @8.825s 6%: 0.099+0.64+0.14 ms clock, 0.79+0.85/0.78/0+1.1 ms cpu, 3->3->1 MB, 4 MB goal, 0 MB stacks, 0 MB globals, 8 P
gc 1841 @8.828s 6%: 0.10+1.0+0.069 ms clock, 0.80+0.76/0.84/0+0.55 ms cpu, 3->3->1 MB, 4 MB goal, 0 MB stacks, 0 MB globals, 8 P
gc 1842 @8.830s 6%: 0.13+0.67+0.092 ms clock, 1.0+0.70/0.81/0+0.74 ms cpu, 3->4->1 MB, 4 MB goal, 0 MB stacks, 0 MB globals, 8 P
gc 1843 @8.833s 6%: 0.10+1.1+0.091 ms clock, 0.82+0.53/0.86/0+0.72 ms cpu, 3->4->1 MB, 4 MB goal, 0 MB stacks, 0 MB globals, 8 P
gc 1844 @8.836s 6%: 0.091+1.0+0.096 ms clock, 0.73+0.74/0.83/0+0.77 ms cpu, 3->4->1 MB, 4 MB goal, 0 MB stacks, 0 MB globals, 8 P
gc 1845 @8.839s 6%: 0.16+1.0+0.078 ms clock, 1.3+0.74/0.79/0+0.62 ms cpu, 3->4->1 MB, 4 MB goal, 0 MB stacks, 0 MB globals, 8 P
gc 1846 @8.841s 6%: 0.097+0.83+0.099 ms clock, 0.78+0.82/0.66/0+0.79 ms cpu, 3->4->1 MB, 4 MB goal, 0 MB stacks, 0 MB globals, 8 P
gc 1847 @8.844s 6%: 0.10+0.72+0.075 ms clock, 0.82+0.75/0.74/0+0.60 ms cpu, 3->3->1 MB, 4 MB goal, 0 MB stacks, 0 MB globals, 8 P
gc 1848 @8.847s 6%: 0.20+0.63+0.11 ms clock, 1.6+0.66/0.83/0+0.90 ms cpu, 3->3->1 MB, 4 MB goal, 0 MB stacks, 0 MB globals, 8 P
gc 1849 @8.849s 6%: 0.083+0.61+0.089 ms clock, 0.66+0.65/0.75/0+0.71 ms cpu, 3->3->1 MB, 4 MB goal, 0 MB stacks, 0 MB globals, 8 P
gc 1850 @8.852s 6%: 0.13+1.3+0.090 ms clock, 1.1+0.82/0.73/0.039+0.72 ms cpu, 3->4->2 MB, 4 MB goal, 0 MB stacks, 0 MB globals, 8 P
gc 1851 @8.855s 6%: 0.12+0.65+0.067 ms clock, 1.0+0.89/0.84/0+0.53 ms cpu, 3->4->1 MB, 4 MB goal, 0 MB stacks, 0 MB globals, 8 P
gc 1852 @8.857s 6%: 0.066+0.84+0.11 ms clock, 0.53+0.82/0.64/0+0.89 ms cpu, 3->3->1 MB, 4 MB goal, 0 MB stacks, 0 MB globals, 8 P
gc 1853 @8.860s 6%: 0.10+0.60+0.12 ms clock, 0.84+0.81/0.76/0+0.97 ms cpu, 3->3->1 MB, 4 MB goal, 0 MB stacks, 0 MB globals, 8 P
gc 1854 @8.862s 6%: 0.078+0.88+0.10 ms clock, 0.63+0.78/0.74/0+0.83 ms cpu, 3->3->1 MB, 4 MB goal, 0 MB stacks, 0 MB globals, 8 P
gc 1855 @8.865s 6%: 0.086+0.54+0.11 ms clock, 0.69+0.71/0.79/0+0.95 ms cpu, 3->3->1 MB, 4 MB goal, 0 MB stacks, 0 MB globals, 8 P
gc 1856 @8.867s 6%: 0.10+0.61+0.072 ms clock, 0.86+0.65/0.82/0+0.57 ms cpu, 3->3->1 MB, 4 MB goal, 0 MB stacks, 0 MB globals, 8 P
gc 1857 @8.870s 6%: 0.11+1.0+0.093 ms clock, 0.90+0.77/0.81/0+0.75 ms cpu, 3->3->1 MB, 4 MB goal, 0 MB stacks, 0 MB globals, 8 P
gc 1858 @8.873s 6%: 0.077+0.75+0.094 ms clock, 0.62+0.86/0.70/0+0.75 ms cpu, 3->4->1 MB, 4 MB goal, 0 MB stacks, 0 MB globals, 8 P
gc 1859 @8.875s 6%: 0.099+0.99+0.10 ms clock, 0.79+0.71/0.90/0+0.81 ms cpu, 3->4->1 MB, 4 MB goal, 0 MB stacks, 0 MB globals, 8 P
gc 1860 @8.878s 6%: 0.12+0.93+0.11 ms clock, 1.0+0.77/0.85/0+0.90 ms cpu, 3->4->1 MB, 4 MB goal, 0 MB stacks, 0 MB globals, 8 P
gc 1861 @8.881s 6%: 0.11+0.67+0.17 ms clock, 0.93+0.77/0.77/0+1.3 ms cpu, 3->3->1 MB, 4 MB goal, 0 MB stacks, 0 MB globals, 8 P
gc 1862 @8.883s 6%: 0.099+1.0+0.084 ms clock, 0.79+0.59/0.79/0+0.67 ms cpu, 3->3->1 MB, 4 MB goal, 0 MB stacks, 0 MB globals, 8 P
gc 1863 @8.886s 6%: 0.11+0.66+0.11 ms clock, 0.92+0.79/0.85/0+0.91 ms cpu, 3->3->1 MB, 4 MB goal, 0 MB stacks, 0 MB globals, 8 P
gc 1864 @8.888s 6%: 0.13+0.62+0.096 ms clock, 1.0+0.75/0.86/0+0.76 ms cpu, 3->3->1 MB, 4 MB goal, 0 MB stacks, 0 MB globals, 8 P
gc 1865 @8.891s 6%: 0.082+0.59+0.11 ms clock, 0.66+0.76/0.77/0+0.88 ms cpu, 3->3->1 MB, 4 MB goal, 0 MB stacks, 0 MB globals, 8 P
gc 1866 @8.894s 6%: 0.067+0.84+0.12 ms clock, 0.54+0.83/0.98/0+1.0 ms cpu, 3->3->1 MB, 4 MB goal, 0 MB stacks, 0 MB globals, 8 P
gc 1867 @8.896s 6%: 0.10+0.72+0.054 ms clock, 0.83+0.59/0.88/0+0.43 ms cpu, 3->3->1 MB, 4 MB goal, 0 MB stacks, 0 MB globals, 8 P
gc 1868 @8.899s 6%: 0.15+0.52+0.061 ms clock, 1.2+0.82/0.69/0+0.49 ms cpu, 3->3->1 MB, 4 MB goal, 0 MB stacks, 0 MB globals, 8 P
gc 1869 @8.901s 6%: 0.096+0.86+0.11 ms clock, 0.76+0.89/0.81/0+0.89 ms cpu, 3->3->1 MB, 4 MB goal, 0 MB stacks, 0 MB globals, 8 P
gc 1870 @8.904s 6%: 0.12+0.47+0.10 ms clock, 0.97+0.89/0.72/0+0.81 ms cpu, 3->3->1 MB, 4 MB goal, 0 MB stacks, 0 MB globals, 8 P
gc 1871 @8.906s 6%: 0.11+0.67+0.092 ms clock, 0.91+0.96/0.76/0+0.74 ms cpu, 3->3->1 MB, 4 MB goal, 0 MB stacks, 0 MB globals, 8 P
gc 1872 @8.909s 6%: 0.11+0.64+0.13 ms clock, 0.90+0.68/0.84/0+1.0 ms cpu, 3->3->1 MB, 4 MB goal, 0 MB stacks, 0 MB globals, 8 P
gc 1873 @8.911s 6%: 0.082+0.57+0.14 ms clock, 0.66+0.59/0.84/0+1.1 ms cpu, 3->3->1 MB, 4 MB goal, 0 MB stacks, 0 MB globals, 8 P
gc 1874 @8.914s 6%: 0.11+0.64+0.13 ms clock, 0.89+0.61/0.85/0+1.0 ms cpu, 3->3->1 MB, 4 MB goal, 0 MB stacks, 0 MB globals, 8 P
gc 1875 @8.916s 6%: 0.12+0.68+0.063 ms clock, 1.0+0.76/0.77/0+0.50 ms cpu, 3->3->1 MB, 4 MB goal, 0 MB stacks, 0 MB globals, 8 P
gc 1876 @8.919s 6%: 0.10+0.70+0.074 ms clock, 0.83+0.64/0.77/0+0.59 ms cpu, 3->3->1 MB, 4 MB goal, 0 MB stacks, 0 MB globals, 8 P
gc 1877 @8.921s 6%: 0.087+0.67+0.10 ms clock, 0.69+0.77/0.82/0+0.84 ms cpu, 3->3->1 MB, 4 MB goal, 0 MB stacks, 0 MB globals, 8 P
gc 1878 @8.924s 6%: 0.11+0.53+0.069 ms clock, 0.91+0.69/0.77/0+0.55 ms cpu, 3->3->1 MB, 4 MB goal, 0 MB stacks, 0 MB globals, 8 P
gc 1879 @8.926s 6%: 0.092+0.78+0.065 ms clock, 0.73+0.73/0.80/0+0.52 ms cpu, 3->3->1 MB, 4 MB goal, 0 MB stacks, 0 MB globals, 8 P
gc 1880 @8.929s 6%: 0.13+0.62+0.072 ms clock, 1.0+0.64/0.84/0+0.58 ms cpu, 3->3->1 MB, 4 MB goal, 0 MB stacks, 0 MB globals, 8 P
gc 1881 @8.931s 6%: 0.16+0.75+0.083 ms clock, 1.3+0.63/0.91/0+0.66 ms cpu, 3->3->1 MB, 4 MB goal, 0 MB stacks, 0 MB globals, 8 P
gc 1882 @8.934s 6%: 0.11+0.53+0.068 ms clock, 0.89+0.88/0.69/0+0.54 ms cpu, 3->3->1 MB, 4 MB goal, 0 MB stacks, 0 MB globals, 8 P
gc 1883 @8.936s 6%: 0.10+0.58+0.065 ms clock, 0.84+0.63/0.81/0+0.52 ms cpu, 3->3->1 MB, 4 MB goal, 0 MB stacks, 0 MB globals, 8 P
gc 1884 @8.939s 6%: 0.15+0.98+0.081 ms clock, 1.2+0.67/0.70/0+0.65 ms cpu, 3->4->1 MB, 4 MB goal, 0 MB stacks, 0 MB globals, 8 P
gc 1885 @8.942s 6%: 0.15+0.81+0.11 ms clock, 1.2+0.66/0.84/0+0.93 ms cpu, 3->4->1 MB, 4 MB goal, 0 MB stacks, 0 MB globals, 8 P
gc 1886 @8.944s 6%: 0.076+0.58+0.088 ms clock, 0.61+0.56/0.78/0+0.70 ms cpu, 3->3->1 MB, 4 MB goal, 0 MB stacks, 0 MB globals, 8 P
gc 1887 @8.947s 6%: 0.093+0.52+0.090 ms clock, 0.74+0.68/0.73/0+0.72 ms cpu, 3->3->1 MB, 4 MB goal, 0 MB stacks, 0 MB globals, 8 P
gc 1888 @8.949s 6%: 0.077+0.49+0.086 ms clock, 0.62+0.75/0.64/0+0.69 ms cpu, 3->3->1 MB, 4 MB goal, 0 MB stacks, 0 MB globals, 8 P
gc 1889 @8.952s 6%: 0.11+1.0+0.094 ms clock, 0.91+0.72/0.83/0+0.75 ms cpu, 3->3->1 MB, 4 MB goal, 0 MB stacks, 0 MB globals, 8 P
gc 1890 @8.954s 6%: 0.10+0.60+0.073 ms clock, 0.85+0.72/0.76/0+0.58 ms cpu, 3->3->1 MB, 4 MB goal, 0 MB stacks, 0 MB globals, 8 P
gc 1891 @8.957s 6%: 0.21+0.58+0.13 ms clock, 1.7+0.78/0.78/0+1.1 ms cpu, 3->3->1 MB, 4 MB goal, 0 MB stacks, 0 MB globals, 8 P
gc 1892 @8.959s 6%: 0.15+0.76+0.092 ms clock, 1.2+0.76/0.74/0+0.74 ms cpu, 3->3->1 MB, 4 MB goal, 0 MB stacks, 0 MB globals, 8 P
gc 1893 @8.962s 6%: 0.10+0.56+0.15 ms clock, 0.85+0.65/0.75/0+1.2 ms cpu, 3->3->1 MB, 4 MB goal, 0 MB stacks, 0 MB globals, 8 P
gc 1894 @8.964s 6%: 0.079+0.69+0.072 ms clock, 0.63+0.80/0.80/0+0.58 ms cpu, 3->3->1 MB, 4 MB goal, 0 MB stacks, 0 MB globals, 8 P
gc 1895 @8.967s 6%: 0.10+0.80+0.10 ms clock, 0.84+0.65/0.74/0+0.85 ms cpu, 3->3->1 MB, 4 MB goal, 0 MB stacks, 0 MB globals, 8 P
gc 1896 @8.969s 6%: 0.10+0.95+0.077 ms clock, 0.84+0.81/0.84/0+0.62 ms cpu, 3->3->1 MB, 4 MB goal, 0 MB stacks, 0 MB globals, 8 P
gc 1897 @8.972s 6%: 0.13+0.94+0.12 ms clock, 1.1+0.65/0.81/0+0.97 ms cpu, 3->4->1 MB, 4 MB goal, 0 MB stacks, 0 MB globals, 8 P
gc 1898 @8.975s 6%: 0.10+0.52+0.10 ms clock, 0.85+0.80/0.72/0+0.84 ms cpu, 3->3->1 MB, 4 MB goal, 0 MB stacks, 0 MB globals, 8 P
gc 1899 @8.977s 6%: 0.18+0.64+0.10 ms clock, 1.4+0.66/0.74/0+0.85 ms cpu, 3->3->1 MB, 4 MB goal, 0 MB stacks, 0 MB globals, 8 P
gc 1900 @8.979s 6%: 0.088+1.0+0.093 ms clock, 0.71+0.76/0.82/0+0.74 ms cpu, 3->4->1 MB, 4 MB goal, 0 MB stacks, 0 MB globals, 8 P
gc 1901 @8.982s 6%: 0.062+0.65+0.10 ms clock, 0.50+0.89/0.82/0+0.80 ms cpu, 3->3->1 MB, 4 MB goal, 0 MB stacks, 0 MB globals, 8 P
gc 1902 @8.985s 6%: 0.10+0.81+0.12 ms clock, 0.87+0.77/0.83/0+1.0 ms cpu, 3->3->1 MB, 4 MB goal, 0 MB stacks, 0 MB globals, 8 P
gc 1903 @8.987s 6%: 0.12+0.50+0.10 ms clock, 1.0+0.75/0.74/0+0.84 ms cpu, 3->3->1 MB, 4 MB goal, 0 MB stacks, 0 MB globals, 8 P
gc 1904 @8.990s 6%: 0.10+0.97+0.11 ms clock, 0.80+0.59/0.73/0+0.92 ms cpu, 3->3->1 MB, 4 MB goal, 0 MB stacks, 0 MB globals, 8 P
gc 1905 @8.993s 6%: 0.11+0.54+0.054 ms clock, 0.91+0.68/0.80/0+0.43 ms cpu, 3->3->1 MB, 4 MB goal, 0 MB stacks, 0 MB globals, 8 P
gc 1906 @8.995s 6%: 0.090+0.76+0.12 ms clock, 0.72+0.79/0.78/0+1.0 ms cpu, 3->3->1 MB, 4 MB goal, 0 MB stacks, 0 MB globals, 8 P
gc 1907 @8.997s 6%: 0.12+0.50+0.10 ms clock, 1.0+1.0/0.63/0+0.87 ms cpu, 3->3->1 MB, 4 MB goal, 0 MB stacks, 0 MB globals, 8 P
gc 1908 @9.000s 6%: 0.13+0.70+0.073 ms clock, 1.0+0.68/0.82/0+0.59 ms cpu, 3->3->1 MB, 4 MB goal, 0 MB stacks, 0 MB globals, 8 P
gc 1909 @9.003s 6%: 0.11+0.65+0.048 ms clock, 0.90+0.66/0.78/0+0.38 ms cpu, 3->3->1 MB, 4 MB goal, 0 MB stacks, 0 MB globals, 8 P
gc 1910 @9.005s 6%: 0.10+0.56+0.14 ms clock, 0.87+0.71/0.78/0+1.1 ms cpu, 3->3->1 MB, 4 MB goal, 0 MB stacks, 0 MB globals, 8 P
gc 1911 @9.007s 6%: 0.099+0.61+0.096 ms clock, 0.79+0.85/0.71/0+0.76 ms cpu, 3->3->1 MB, 4 MB goal, 0 MB stacks, 0 MB globals, 8 P
gc 1912 @9.010s 6%: 0.094+0.60+0.12 ms clock, 0.75+0.82/0.79/0+1.0 ms cpu, 3->3->1 MB, 4 MB goal, 0 MB stacks, 0 MB globals, 8 P
gc 1913 @9.012s 6%: 0.098+0.57+0.10 ms clock, 0.78+0.64/0.79/0+0.87 ms cpu, 3->3->1 MB, 4 MB goal, 0 MB stacks, 0 MB globals, 8 P
gc 1914 @9.015s 6%: 0.13+0.68+0.10 ms clock, 1.0+0.79/0.70/0+0.86 ms cpu, 3->3->1 MB, 4 MB goal, 0 MB stacks, 0 MB globals, 8 P
gc 1915 @9.017s 6%: 0.083+0.55+0.059 ms clock, 0.66+0.85/0.79/0+0.47 ms cpu, 3->3->1 MB, 4 MB goal, 0 MB stacks, 0 MB globals, 8 P
gc 1916 @9.020s 6%: 0.11+0.81+0.064 ms clock, 0.89+0.76/0.81/0+0.51 ms cpu, 3->3->1 MB, 4 MB goal, 0 MB stacks, 0 MB globals, 8 P
gc 1917 @9.022s 6%: 0.093+1.1+0.088 ms clock, 0.74+0.65/0.87/0+0.70 ms cpu, 3->4->1 MB, 4 MB goal, 0 MB stacks, 0 MB globals, 8 P
gc 1918 @9.025s 6%: 0.10+0.76+0.086 ms clock, 0.80+0.75/0.81/0+0.68 ms cpu, 3->4->1 MB, 4 MB goal, 0 MB stacks, 0 MB globals, 8 P
gc 1919 @9.028s 6%: 0.098+0.82+0.12 ms clock, 0.78+0.83/0.81/0+1.0 ms cpu, 3->3->1 MB, 4 MB goal, 0 MB stacks, 0 MB globals, 8 P
gc 1920 @9.030s 6%: 0.18+0.51+0.058 ms clock, 1.4+0.78/0.71/0+0.47 ms cpu, 3->3->1 MB, 4 MB goal, 0 MB stacks, 0 MB globals, 8 P
gc 1921 @9.033s 6%: 0.14+0.56+0.10 ms clock, 1.1+0.61/0.73/0+0.86 ms cpu, 3->3->1 MB, 4 MB goal, 0 MB stacks, 0 MB globals, 8 P
gc 1922 @9.035s 6%: 0.10+0.70+0.10 ms clock, 0.82+0.73/0.89/0+0.85 ms cpu, 3->3->1 MB, 4 MB goal, 0 MB stacks, 0 MB globals, 8 P
gc 1923 @9.038s 6%: 0.086+0.65+0.078 ms clock, 0.68+0.75/0.87/0+0.63 ms cpu, 3->3->1 MB, 4 MB goal, 0 MB stacks, 0 MB globals, 8 P
gc 1924 @9.040s 6%: 0.12+0.94+0.13 ms clock, 1.0+0.79/0.96/0+1.0 ms cpu, 3->3->1 MB, 4 MB goal, 0 MB stacks, 0 MB globals, 8 P
gc 1925 @9.043s 6%: 0.091+0.68+0.11 ms clock, 0.73+0.80/0.77/0+0.94 ms cpu, 3->3->1 MB, 4 MB goal, 0 MB stacks, 0 MB globals, 8 P
gc 1926 @9.045s 6%: 0.10+1.0+0.087 ms clock, 0.82+0.62/0.85/0+0.69 ms cpu, 3->3->1 MB, 4 MB goal, 0 MB stacks, 0 MB globals, 8 P
gc 1927 @9.048s 6%: 0.17+0.59+0.13 ms clock, 1.4+0.70/0.80/0+1.1 ms cpu, 3->4->1 MB, 4 MB goal, 0 MB stacks, 0 MB globals, 8 P
gc 1928 @9.051s 6%: 0.10+0.85+0.10 ms clock, 0.84+0.80/1.0/0+0.81 ms cpu, 3->3->1 MB, 4 MB goal, 0 MB stacks, 0 MB globals, 8 P
gc 1929 @9.053s 6%: 0.11+0.59+0.096 ms clock, 0.95+0.50/0.78/0+0.76 ms cpu, 3->3->1 MB, 4 MB goal, 0 MB stacks, 0 MB globals, 8 P
gc 1930 @9.056s 6%: 0.14+0.58+0.069 ms clock, 1.1+0.87/0.74/0+0.55 ms cpu, 3->3->1 MB, 4 MB goal, 0 MB stacks, 0 MB globals, 8 P
gc 1931 @9.058s 6%: 0.11+0.79+0.058 ms clock, 0.94+0.62/0.79/0+0.47 ms cpu, 3->3->1 MB, 4 MB goal, 0 MB stacks, 0 MB globals, 8 P
gc 1932 @9.061s 6%: 0.073+0.60+0.11 ms clock, 0.58+0.80/0.73/0+0.89 ms cpu, 3->3->1 MB, 4 MB goal, 0 MB stacks, 0 MB globals, 8 P
gc 1933 @9.063s 6%: 0.14+0.75+0.091 ms clock, 1.1+0.70/0.75/0+0.73 ms cpu, 3->3->1 MB, 4 MB goal, 0 MB stacks, 0 MB globals, 8 P
gc 1934 @9.066s 6%: 0.11+0.68+0.089 ms clock, 0.88+0.69/0.85/0+0.71 ms cpu, 3->3->1 MB, 4 MB goal, 0 MB stacks, 0 MB globals, 8 P
gc 1935 @9.068s 6%: 0.16+0.64+0.13 ms clock, 1.3+0.75/0.91/0+1.0 ms cpu, 3->3->1 MB, 4 MB goal, 0 MB stacks, 0 MB globals, 8 P
gc 1936 @9.071s 6%: 0.18+0.60+0.089 ms clock, 1.5+0.78/0.73/0+0.71 ms cpu, 3->3->1 MB, 4 MB goal, 0 MB stacks, 0 MB globals, 8 P
gc 1937 @9.073s 6%: 0.12+1.2+0.038 ms clock, 1.0+0.67/0.79/0+0.30 ms cpu, 3->4->2 MB, 4 MB goal, 0 MB stacks, 0 MB globals, 8 P
gc 1938 @9.076s 6%: 0.094+1.0+0.090 ms clock, 0.75+0.82/0.72/0+0.72 ms cpu, 3->4->1 MB, 4 MB goal, 0 MB stacks, 0 MB globals, 8 P
gc 1939 @9.079s 6%: 0.11+0.63+0.051 ms clock, 0.91+0.66/0.78/0+0.41 ms cpu, 3->3->1 MB, 4 MB goal, 0 MB stacks, 0 MB globals, 8 P
gc 1940 @9.081s 6%: 0.10+0.74+0.10 ms clock, 0.87+0.87/0.83/0+0.84 ms cpu, 3->3->1 MB, 4 MB goal, 0 MB stacks, 0 MB globals, 8 P
gc 1941 @9.084s 6%: 0.10+0.71+0.067 ms clock, 0.84+0.75/0.78/0+0.53 ms cpu, 3->3->1 MB, 4 MB goal, 0 MB stacks, 0 MB globals, 8 P
gc 1942 @9.087s 6%: 0.092+1.1+0.11 ms clock, 0.74+0.85/0.70/0+0.91 ms cpu, 3->4->1 MB, 4 MB goal, 0 MB stacks, 0 MB globals, 8 P
gc 1943 @9.089s 6%: 0.11+1.2+0.063 ms clock, 0.88+0.67/0.71/0+0.50 ms cpu, 3->4->1 MB, 4 MB goal, 0 MB stacks, 0 MB globals, 8 P
gc 1944 @9.092s 6%: 0.096+0.90+0.095 ms clock, 0.77+0.69/0.81/0+0.76 ms cpu, 3->4->1 MB, 4 MB goal, 0 MB stacks, 0 MB globals, 8 P
gc 1945 @9.095s 6%: 0.15+1.1+0.098 ms clock, 1.2+0.68/0.79/0+0.78 ms cpu, 3->4->1 MB, 4 MB goal, 0 MB stacks, 0 MB globals, 8 P
gc 1946 @9.098s 6%: 0.11+0.54+0.14 ms clock, 0.88+0.79/0.75/0+1.1 ms cpu, 3->3->1 MB, 4 MB goal, 0 MB stacks, 0 MB globals, 8 P
gc 1947 @9.100s 6%: 0.10+0.46+0.059 ms clock, 0.85+0.84/0.73/0+0.47 ms cpu, 3->3->1 MB, 4 MB goal, 0 MB stacks, 0 MB globals, 8 P
gc 1948 @9.103s 6%: 0.11+0.68+0.12 ms clock, 0.88+0.76/0.83/0+0.99 ms cpu, 3->3->1 MB, 4 MB goal, 0 MB stacks, 0 MB globals, 8 P
gc 1949 @9.105s 6%: 0.15+0.82+0.11 ms clock, 1.2+0.75/0.84/0+0.91 ms cpu, 3->3->1 MB, 4 MB goal, 0 MB stacks, 0 MB globals, 8 P
gc 1950 @9.108s 6%: 0.10+0.54+0.16 ms clock, 0.81+0.79/0.73/0+1.2 ms cpu, 3->3->1 MB, 4 MB goal, 0 MB stacks, 0 MB globals, 8 P
gc 1951 @9.110s 6%: 0.065+0.70+0.068 ms clock, 0.52+0.67/0.83/0+0.54 ms cpu, 3->3->1 MB, 4 MB goal, 0 MB stacks, 0 MB globals, 8 P
gc 1952 @9.113s 6%: 0.11+1.0+0.074 ms clock, 0.95+0.78/0.80/0+0.59 ms cpu, 3->4->1 MB, 4 MB goal, 0 MB stacks, 0 MB globals, 8 P
gc 1953 @9.115s 6%: 0.16+0.94+0.093 ms clock, 1.3+0.64/0.78/0+0.74 ms cpu, 3->4->1 MB, 4 MB goal, 0 MB stacks, 0 MB globals, 8 P
gc 1954 @9.118s 6%: 0.11+0.59+0.066 ms clock, 0.95+0.78/0.74/0+0.53 ms cpu, 3->3->1 MB, 4 MB goal, 0 MB stacks, 0 MB globals, 8 P
gc 1955 @9.121s 6%: 0.11+0.75+0.10 ms clock, 0.92+0.67/0.83/0+0.80 ms cpu, 3->3->1 MB, 4 MB goal, 0 MB stacks, 0 MB globals, 8 P
gc 1956 @9.123s 6%: 0.086+0.98+0.050 ms clock, 0.69+0.81/0.83/0+0.40 ms cpu, 3->3->1 MB, 4 MB goal, 0 MB stacks, 0 MB globals, 8 P
gc 1957 @9.126s 6%: 0.12+0.95+0.13 ms clock, 1.0+0.63/0.78/0+1.0 ms cpu, 3->4->1 MB, 4 MB goal, 0 MB stacks, 0 MB globals, 8 P
gc 1958 @9.129s 6%: 0.095+0.57+0.11 ms clock, 0.76+0.92/0.80/0+0.95 ms cpu, 3->3->1 MB, 4 MB goal, 0 MB stacks, 0 MB globals, 8 P
gc 1959 @9.131s 6%: 0.092+0.69+0.065 ms clock, 0.74+0.55/0.77/0+0.52 ms cpu, 3->3->1 MB, 4 MB goal, 0 MB stacks, 0 MB globals, 8 P
gc 1960 @9.134s 6%: 0.096+0.73+0.12 ms clock, 0.77+0.70/0.95/0+0.96 ms cpu, 3->3->1 MB, 4 MB goal, 0 MB stacks, 0 MB globals, 8 P
gc 1961 @9.136s 6%: 0.10+0.92+0.095 ms clock, 0.86+0.61/0.87/0+0.76 ms cpu, 3->3->1 MB, 4 MB goal, 0 MB stacks, 0 MB globals, 8 P
gc 1962 @9.139s 6%: 0.096+0.58+0.10 ms clock, 0.77+0.74/0.81/0+0.81 ms cpu, 3->3->1 MB, 4 MB goal, 0 MB stacks, 0 MB globals, 8 P
gc 1963 @9.141s 6%: 0.072+0.51+0.10 ms clock, 0.57+0.82/0.71/0+0.83 ms cpu, 3->3->1 MB, 4 MB goal, 0 MB stacks, 0 MB globals, 8 P
gc 1964 @9.144s 6%: 0.10+0.71+0.094 ms clock, 0.82+0.91/0.93/0+0.75 ms cpu, 3->3->1 MB, 4 MB goal, 0 MB stacks, 0 MB globals, 8 P
gc 1965 @9.146s 6%: 0.12+1.2+0.050 ms clock, 0.96+0.72/0.74/0+0.40 ms cpu, 3->4->1 MB, 4 MB goal, 0 MB stacks, 0 MB globals, 8 P
gc 1966 @9.149s 6%: 0.10+1.1+0.10 ms clock, 0.87+0.78/0.78/0+0.85 ms cpu, 3->4->1 MB, 4 MB goal, 0 MB stacks, 0 MB globals, 8 P
gc 1967 @9.152s 6%: 0.11+0.54+0.084 ms clock, 0.93+0.88/0.77/0+0.67 ms cpu, 3->3->1 MB, 4 MB goal, 0 MB stacks, 0 MB globals, 8 P
gc 1968 @9.155s 6%: 0.11+0.51+0.056 ms clock, 0.91+0.86/0.73/0+0.45 ms cpu, 3->3->1 MB, 4 MB goal, 0 MB stacks, 0 MB globals, 8 P
gc 1969 @9.157s 6%: 0.11+0.75+0.10 ms clock, 0.95+0.76/0.67/0+0.83 ms cpu, 3->3->1 MB, 4 MB goal, 0 MB stacks, 0 MB globals, 8 P
gc 1970 @9.160s 6%: 0.13+0.62+0.11 ms clock, 1.0+0.73/0.79/0+0.88 ms cpu, 3->3->1 MB, 4 MB goal, 0 MB stacks, 0 MB globals, 8 P
gc 1971 @9.162s 6%: 0.12+0.53+0.069 ms clock, 0.98+0.85/0.71/0+0.55 ms cpu, 3->3->1 MB, 4 MB goal, 0 MB stacks, 0 MB globals, 8 P
gc 1972 @9.165s 6%: 0.13+0.59+0.060 ms clock, 1.0+0.73/0.69/0+0.48 ms cpu, 3->3->1 MB, 4 MB goal, 0 MB stacks, 0 MB globals, 8 P
gc 1973 @9.167s 6%: 0.10+1.2+0.075 ms clock, 0.80+0.60/0.96/0+0.60 ms cpu, 3->4->2 MB, 4 MB goal, 0 MB stacks, 0 MB globals, 8 P
gc 1974 @9.170s 6%: 0.12+1.1+0.052 ms clock, 0.98+0.69/0.85/0+0.41 ms cpu, 3->4->1 MB, 4 MB goal, 0 MB stacks, 0 MB globals, 8 P
gc 1975 @9.173s 6%: 0.13+0.81+0.059 ms clock, 1.0+0.61/0.71/0+0.47 ms cpu, 3->4->1 MB, 4 MB goal, 0 MB stacks, 0 MB globals, 8 P
gc 1976 @9.176s 6%: 0.16+0.61+0.062 ms clock, 1.2+0.69/0.82/0+0.50 ms cpu, 3->3->1 MB, 4 MB goal, 0 MB stacks, 0 MB globals, 8 P
gc 1977 @9.178s 6%: 0.11+0.66+0.089 ms clock, 0.89+0.71/0.80/0+0.71 ms cpu, 3->3->1 MB, 4 MB goal, 0 MB stacks, 0 MB globals, 8 P
gc 1978 @9.181s 6%: 0.11+0.68+0.10 ms clock, 0.89+0.67/1.0/0+0.84 ms cpu, 3->3->1 MB, 4 MB goal, 0 MB stacks, 0 MB globals, 8 P
gc 1979 @9.183s 6%: 0.13+0.63+0.13 ms clock, 1.0+0.83/0.88/0+1.1 ms cpu, 3->3->1 MB, 4 MB goal, 0 MB stacks, 0 MB globals, 8 P
gc 1980 @9.186s 6%: 0.15+0.94+0.097 ms clock, 1.2+1.3/0.84/0+0.77 ms cpu, 3->3->1 MB, 4 MB goal, 0 MB stacks, 0 MB globals, 8 P
gc 1981 @9.189s 6%: 0.12+0.62+0.10 ms clock, 0.99+0.58/0.83/0+0.87 ms cpu, 3->4->1 MB, 4 MB goal, 0 MB stacks, 0 MB globals, 8 P
gc 1982 @9.191s 6%: 0.12+0.60+0.082 ms clock, 1.0+0.84/0.73/0+0.65 ms cpu, 3->3->1 MB, 4 MB goal, 0 MB stacks, 0 MB globals, 8 P
gc 1983 @9.194s 6%: 0.078+0.52+0.086 ms clock, 0.63+0.77/0.75/0+0.69 ms cpu, 3->3->1 MB, 4 MB goal, 0 MB stacks, 0 MB globals, 8 P
gc 1984 @9.196s 6%: 0.15+0.98+0.088 ms clock, 1.2+0.74/0.79/0+0.70 ms cpu, 3->3->1 MB, 4 MB goal, 0 MB stacks, 0 MB globals, 8 P
gc 1985 @9.199s 6%: 0.13+0.93+0.094 ms clock, 1.0+0.75/0.80/0+0.75 ms cpu, 3->4->1 MB, 4 MB goal, 0 MB stacks, 0 MB globals, 8 P
gc 1986 @9.202s 6%: 0.10+0.86+0.10 ms clock, 0.82+0.75/0.78/0+0.86 ms cpu, 3->4->1 MB, 4 MB goal, 0 MB stacks, 0 MB globals, 8 P
gc 1987 @9.204s 6%: 0.12+0.52+0.10 ms clock, 1.0+0.75/0.63/0+0.81 ms cpu, 3->3->1 MB, 4 MB goal, 0 MB stacks, 0 MB globals, 8 P
gc 1988 @9.207s 6%: 0.075+1.0+0.13 ms clock, 0.60+0.78/0.75/0+1.0 ms cpu, 3->4->1 MB, 4 MB goal, 0 MB stacks, 0 MB globals, 8 P
gc 1989 @9.210s 6%: 0.12+1.1+0.060 ms clock, 1.0+0.69/0.77/0+0.48 ms cpu, 3->4->1 MB, 4 MB goal, 0 MB stacks, 0 MB globals, 8 P
gc 1990 @9.212s 6%: 0.099+0.55+0.087 ms clock, 0.79+0.80/0.74/0+0.69 ms cpu, 3->3->1 MB, 4 MB goal, 0 MB stacks, 0 MB globals, 8 P
gc 1991 @9.215s 6%: 0.11+0.66+0.081 ms clock, 0.94+0.70/0.83/0+0.64 ms cpu, 3->3->1 MB, 4 MB goal, 0 MB stacks, 0 MB globals, 8 P
gc 1992 @9.217s 6%: 0.10+0.67+0.15 ms clock, 0.80+0.84/0.89/0+1.2 ms cpu, 3->3->1 MB, 4 MB goal, 0 MB stacks, 0 MB globals, 8 P
gc 1993 @9.220s 6%: 0.11+0.65+0.15 ms clock, 0.95+0.74/0.90/0+1.2 ms cpu, 3->3->1 MB, 4 MB goal, 0 MB stacks, 0 MB globals, 8 P
gc 1994 @9.222s 6%: 0.14+0.64+0.11 ms clock, 1.1+0.82/0.82/0+0.94 ms cpu, 3->3->1 MB, 4 MB goal, 0 MB stacks, 0 MB globals, 8 P
gc 1995 @9.225s 6%: 0.084+1.0+0.066 ms clock, 0.67+0.43/0.80/0+0.53 ms cpu, 3->3->1 MB, 4 MB goal, 0 MB stacks, 0 MB globals, 8 P
gc 1996 @9.228s 6%: 0.10+0.79+0.13 ms clock, 0.82+0.81/0.94/0+1.0 ms cpu, 3->3->1 MB, 4 MB goal, 0 MB stacks, 0 MB globals, 8 P
gc 1997 @9.230s 6%: 0.085+0.72+0.080 ms clock, 0.68+0.79/0.93/0+0.64 ms cpu, 3->3->1 MB, 4 MB goal, 0 MB stacks, 0 MB globals, 8 P
gc 1998 @9.233s 6%: 0.14+0.60+0.075 ms clock, 1.1+0.56/0.88/0+0.60 ms cpu, 3->3->1 MB, 4 MB goal, 0 MB stacks, 0 MB globals, 8 P
gc 1999 @9.235s 6%: 0.10+0.66+0.10 ms clock, 0.80+0.83/0.77/0+0.86 ms cpu, 3->3->1 MB, 4 MB goal, 0 MB stacks, 0 MB globals, 8 P
gc 2000 @9.237s 6%: 0.14+1.5+0.089 ms clock, 1.1+0.45/0.85/0+0.71 ms cpu, 3->4->2 MB, 4 MB goal, 0 MB stacks, 0 MB globals, 8 P
gc 2001 @9.241s 6%: 0.14+0.94+0.041 ms clock, 1.1+1.0/0.40/0.14+0.32 ms cpu, 3->4->1 MB, 4 MB goal, 0 MB stacks, 0 MB globals, 8 P
gc 2002 @9.243s 6%: 0.12+1.0+0.082 ms clock, 0.98+0.59/0.98/0+0.66 ms cpu, 3->3->1 MB, 4 MB goal, 0 MB stacks, 0 MB globals, 8 P
gc 2003 @9.246s 6%: 0.14+0.64+0.11 ms clock, 1.1+0.82/0.83/0+0.90 ms cpu, 3->3->1 MB, 4 MB goal, 0 MB stacks, 0 MB globals, 8 P
gc 2004 @9.248s 6%: 0.15+0.69+0.11 ms clock, 1.2+0.80/0.78/0+0.93 ms cpu, 3->3->1 MB, 4 MB goal, 0 MB stacks, 0 MB globals, 8 P
gc 2005 @9.251s 6%: 0.10+0.64+0.10 ms clock, 0.82+0.80/0.88/0+0.87 ms cpu, 3->3->1 MB, 4 MB goal, 0 MB stacks, 0 MB globals, 8 P
gc 2006 @9.253s 6%: 0.092+0.56+0.11 ms clock, 0.74+0.74/0.73/0+0.94 ms cpu, 3->3->1 MB, 4 MB goal, 0 MB stacks, 0 MB globals, 8 P
gc 2007 @9.256s 6%: 0.16+0.57+0.094 ms clock, 1.3+0.76/0.86/0+0.75 ms cpu, 3->3->1 MB, 4 MB goal, 0 MB stacks, 0 MB globals, 8 P
gc 2008 @9.258s 6%: 0.13+0.80+0.069 ms clock, 1.0+0.80/0.87/0+0.55 ms cpu, 3->3->1 MB, 4 MB goal, 0 MB stacks, 0 MB globals, 8 P
gc 2009 @9.261s 6%: 0.10+0.51+0.080 ms clock, 0.83+0.93/0.66/0+0.64 ms cpu, 3->3->1 MB, 4 MB goal, 0 MB stacks, 0 MB globals, 8 P
gc 2010 @9.263s 6%: 0.097+0.60+0.10 ms clock, 0.77+0.86/0.68/0+0.85 ms cpu, 3->3->1 MB, 4 MB goal, 0 MB stacks, 0 MB globals, 8 P
gc 2011 @9.266s 6%: 0.065+0.53+0.089 ms clock, 0.52+0.92/0.66/0+0.71 ms cpu, 3->3->1 MB, 4 MB goal, 0 MB stacks, 0 MB globals, 8 P
gc 2012 @9.268s 6%: 0.11+1.2+0.18 ms clock, 0.93+0.79/1.5/0+1.4 ms cpu, 3->4->2 MB, 4 MB goal, 0 MB stacks, 0 MB globals, 8 P
gc 2013 @9.271s 6%: 0.15+0.89+0.085 ms clock, 1.2+0.86/0.82/0+0.68 ms cpu, 3->4->1 MB, 4 MB goal, 0 MB stacks, 0 MB globals, 8 P
gc 2014 @9.274s 6%: 0.11+0.63+0.14 ms clock, 0.92+0.74/0.71/0+1.1 ms cpu, 3->3->1 MB, 4 MB goal, 0 MB stacks, 0 MB globals, 8 P
gc 2015 @9.276s 6%: 0.10+0.77+0.10 ms clock, 0.80+0.60/0.85/0+0.80 ms cpu, 3->3->1 MB, 4 MB goal, 0 MB stacks, 0 MB globals, 8 P
gc 2016 @9.279s 6%: 0.088+1.1+0.083 ms clock, 0.70+0.77/0.70/0+0.67 ms cpu, 3->4->1 MB, 4 MB goal, 0 MB stacks, 0 MB globals, 8 P
gc 2017 @9.282s 6%: 0.11+0.71+0.056 ms clock, 0.88+0.67/0.74/0+0.44 ms cpu, 3->4->1 MB, 4 MB goal, 0 MB stacks, 0 MB globals, 8 P
gc 2018 @9.284s 6%: 0.093+1.0+0.088 ms clock, 0.75+0.76/0.80/0+0.70 ms cpu, 3->4->1 MB, 4 MB goal, 0 MB stacks, 0 MB globals, 8 P
gc 2019 @9.287s 6%: 0.16+1.0+0.096 ms clock, 1.3+0.70/0.87/0+0.77 ms cpu, 3->4->1 MB, 4 MB goal, 0 MB stacks, 0 MB globals, 8 P
gc 2020 @9.290s 6%: 0.13+1.2+0.067 ms clock, 1.1+0.66/0.89/0+0.54 ms cpu, 3->4->2 MB, 4 MB goal, 0 MB stacks, 0 MB globals, 8 P
gc 2021 @9.293s 6%: 0.12+0.57+0.084 ms clock, 1.0+0.85/0.77/0+0.67 ms cpu, 3->4->1 MB, 4 MB goal, 0 MB stacks, 0 MB globals, 8 P
gc 2022 @9.296s 6%: 0.13+0.72+0.068 ms clock, 1.0+0.75/0.81/0+0.54 ms cpu, 3->3->1 MB, 4 MB goal, 0 MB stacks, 0 MB globals, 8 P
gc 2023 @9.298s 6%: 0.10+0.56+0.095 ms clock, 0.87+0.88/0.74/0+0.76 ms cpu, 3->3->1 MB, 4 MB goal, 0 MB stacks, 0 MB globals, 8 P
gc 2024 @9.301s 6%: 0.082+1.2+0.096 ms clock, 0.65+0.86/0.66/0+0.77 ms cpu, 3->4->2 MB, 4 MB goal, 0 MB stacks, 0 MB globals, 8 P
gc 2025 @9.304s 6%: 0.20+0.90+0.074 ms clock, 1.6+0.57/0.76/0+0.59 ms cpu, 3->4->1 MB, 4 MB goal, 0 MB stacks, 0 MB globals, 8 P
gc 2026 @9.306s 6%: 0.11+0.75+0.097 ms clock, 0.89+0.60/0.83/0+0.77 ms cpu, 3->4->1 MB, 4 MB goal, 0 MB stacks, 0 MB globals, 8 P
gc 2027 @9.309s 6%: 0.11+0.64+0.12 ms clock, 0.90+0.77/0.77/0+1.0 ms cpu, 3->3->1 MB, 4 MB goal, 0 MB stacks, 0 MB globals, 8 P
gc 2028 @9.312s 6%: 0.10+0.66+0.092 ms clock, 0.87+0.73/0.83/0+0.73 ms cpu, 3->3->1 MB, 4 MB goal, 0 MB stacks, 0 MB globals, 8 P
gc 2029 @9.314s 6%: 0.13+0.60+0.083 ms clock, 1.0+0.73/0.70/0+0.66 ms cpu, 3->3->1 MB, 4 MB goal, 0 MB stacks, 0 MB globals, 8 P
gc 2030 @9.316s 6%: 0.095+0.95+0.11 ms clock, 0.76+0.79/0.81/0+0.92 ms cpu, 3->4->1 MB, 4 MB goal, 0 MB stacks, 0 MB globals, 8 P
gc 2031 @9.319s 6%: 0.093+0.62+0.11 ms clock, 0.74+0.75/0.77/0+0.91 ms cpu, 3->3->1 MB, 4 MB goal, 0 MB stacks, 0 MB globals, 8 P
gc 2032 @9.322s 6%: 0.10+0.59+0.11 ms clock, 0.83+0.72/0.87/0+0.88 ms cpu, 3->3->1 MB, 4 MB goal, 0 MB stacks, 0 MB globals, 8 P
gc 2033 @9.324s 6%: 0.12+0.62+0.051 ms clock, 0.97+0.74/0.72/0+0.40 ms cpu, 3->3->1 MB, 4 MB goal, 0 MB stacks, 0 MB globals, 8 P
gc 2034 @9.327s 6%: 0.11+0.67+0.10 ms clock, 0.89+0.79/0.77/0+0.82 ms cpu, 3->3->1 MB, 4 MB goal, 0 MB stacks, 0 MB globals, 8 P
gc 2035 @9.329s 6%: 0.12+0.72+0.11 ms clock, 0.98+0.86/0.85/0+0.89 ms cpu, 3->3->1 MB, 4 MB goal, 0 MB stacks, 0 MB globals, 8 P
gc 2036 @9.332s 6%: 0.12+0.63+0.11 ms clock, 0.99+0.78/0.86/0+0.88 ms cpu, 3->3->1 MB, 4 MB goal, 0 MB stacks, 0 MB globals, 8 P
gc 2037 @9.334s 6%: 0.096+0.74+0.073 ms clock, 0.77+0.79/0.87/0+0.59 ms cpu, 3->3->1 MB, 4 MB goal, 0 MB stacks, 0 MB globals, 8 P
gc 2038 @9.336s 6%: 0.13+0.93+0.080 ms clock, 1.0+0.67/0.90/0+0.64 ms cpu, 3->3->1 MB, 4 MB goal, 0 MB stacks, 0 MB globals, 8 P
gc 2039 @9.339s 6%: 0.14+0.80+0.10 ms clock, 1.1+0.78/0.89/0+0.81 ms cpu, 3->3->1 MB, 4 MB goal, 0 MB stacks, 0 MB globals, 8 P
gc 2040 @9.342s 6%: 0.093+1.3+0.067 ms clock, 0.74+0.79/0.89/0+0.54 ms cpu, 3->4->2 MB, 4 MB goal, 0 MB stacks, 0 MB globals, 8 P
gc 2041 @9.345s 6%: 0.10+0.85+0.13 ms clock, 0.83+0.89/0.73/0+1.0 ms cpu, 3->4->1 MB, 4 MB goal, 0 MB stacks, 0 MB globals, 8 P
gc 2042 @9.347s 6%: 0.11+0.70+0.095 ms clock, 0.89+0.77/0.86/0+0.76 ms cpu, 3->3->1 MB, 4 MB goal, 0 MB stacks, 0 MB globals, 8 P
gc 2043 @9.350s 6%: 0.11+0.66+0.12 ms clock, 0.89+0.69/0.83/0+0.99 ms cpu, 3->3->1 MB, 4 MB goal, 0 MB stacks, 0 MB globals, 8 P
gc 2044 @9.352s 6%: 0.072+0.79+0.064 ms clock, 0.58+0.78/0.76/0+0.51 ms cpu, 3->3->1 MB, 4 MB goal, 0 MB stacks, 0 MB globals, 8 P
gc 2045 @9.355s 6%: 0.13+0.86+0.060 ms clock, 1.1+0.72/0.72/0+0.48 ms cpu, 3->3->1 MB, 4 MB goal, 0 MB stacks, 0 MB globals, 8 P
gc 2046 @9.357s 6%: 0.14+0.80+0.097 ms clock, 1.1+1.2/0.87/0+0.78 ms cpu, 3->3->1 MB, 4 MB goal, 0 MB stacks, 0 MB globals, 8 P
gc 2047 @9.360s 6%: 0.11+0.66+0.055 ms clock, 0.90+0.72/0.86/0+0.44 ms cpu, 3->3->1 MB, 4 MB goal, 0 MB stacks, 0 MB globals, 8 P
gc 2048 @9.362s 6%: 0.15+0.59+0.061 ms clock, 1.2+0.80/0.76/0+0.49 ms cpu, 3->3->1 MB, 4 MB goal, 0 MB stacks, 0 MB globals, 8 P
gc 2049 @9.365s 6%: 0.12+0.57+0.094 ms clock, 0.96+0.69/0.88/0+0.75 ms cpu, 3->3->1 MB, 4 MB goal, 0 MB stacks, 0 MB globals, 8 P
gc 2050 @9.367s 6%: 0.10+0.71+0.062 ms clock, 0.85+0.77/0.81/0+0.49 ms cpu, 3->3->1 MB, 4 MB goal, 0 MB stacks, 0 MB globals, 8 P
gc 2051 @9.370s 6%: 0.11+1.1+0.076 ms clock, 0.93+1.3/0.82/0+0.60 ms cpu, 3->4->1 MB, 4 MB goal, 0 MB stacks, 0 MB globals, 8 P
gc 2052 @9.373s 6%: 0.14+0.58+0.068 ms clock, 1.1+0.72/0.78/0+0.54 ms cpu, 3->4->1 MB, 4 MB goal, 0 MB stacks, 0 MB globals, 8 P
gc 2053 @9.375s 6%: 0.13+0.63+0.082 ms clock, 1.1+0.79/0.80/0+0.66 ms cpu, 3->3->1 MB, 4 MB goal, 0 MB stacks, 0 MB globals, 8 P
gc 2054 @9.378s 6%: 0.15+0.82+0.068 ms clock, 1.2+0.77/0.75/0+0.54 ms cpu, 3->3->1 MB, 4 MB goal, 0 MB stacks, 0 MB globals, 8 P
gc 2055 @9.380s 6%: 0.13+0.58+0.12 ms clock, 1.0+0.76/0.80/0+0.97 ms cpu, 3->3->1 MB, 4 MB goal, 0 MB stacks, 0 MB globals, 8 P
gc 2056 @9.383s 6%: 0.099+0.55+0.10 ms clock, 0.79+0.56/0.83/0+0.83 ms cpu, 3->3->1 MB, 4 MB goal, 0 MB stacks, 0 MB globals, 8 P
gc 2057 @9.385s 6%: 0.13+0.57+0.091 ms clock, 1.0+0.66/0.83/0+0.73 ms cpu, 3->3->1 MB, 4 MB goal, 0 MB stacks, 0 MB globals, 8 P
gc 2058 @9.388s 6%: 0.14+0.63+0.074 ms clock, 1.1+0.85/0.78/0+0.59 ms cpu, 3->3->1 MB, 4 MB goal, 0 MB stacks, 0 MB globals, 8 P
gc 2059 @9.390s 6%: 0.12+0.61+0.10 ms clock, 1.0+0.67/0.84/0+0.85 ms cpu, 3->3->1 MB, 4 MB goal, 0 MB stacks, 0 MB globals, 8 P
gc 2060 @9.393s 6%: 0.12+0.61+0.12 ms clock, 0.99+0.80/0.88/0+0.97 ms cpu, 3->3->1 MB, 4 MB goal, 0 MB stacks, 0 MB globals, 8 P
gc 2061 @9.395s 6%: 0.11+0.64+0.070 ms clock, 0.91+0.72/0.71/0+0.56 ms cpu, 3->3->1 MB, 4 MB goal, 0 MB stacks, 0 MB globals, 8 P
gc 2062 @9.397s 6%: 0.15+0.63+0.049 ms clock, 1.2+0.88/0.82/0+0.39 ms cpu, 3->3->1 MB, 4 MB goal, 0 MB stacks, 0 MB globals, 8 P
gc 2063 @9.400s 6%: 0.13+0.57+0.088 ms clock, 1.0+0.82/0.76/0+0.71 ms cpu, 3->3->1 MB, 4 MB goal, 0 MB stacks, 0 MB globals, 8 P
gc 2064 @9.403s 6%: 0.15+0.56+0.059 ms clock, 1.2+0.79/0.74/0+0.47 ms cpu, 3->3->1 MB, 4 MB goal, 0 MB stacks, 0 MB globals, 8 P
gc 2065 @9.405s 6%: 0.099+0.58+0.078 ms clock, 0.79+0.70/0.76/0+0.62 ms cpu, 3->3->1 MB, 4 MB goal, 0 MB stacks, 0 MB globals, 8 P
gc 2066 @9.407s 6%: 0.095+0.59+0.090 ms clock, 0.76+0.86/0.80/0+0.72 ms cpu, 3->3->1 MB, 4 MB goal, 0 MB stacks, 0 MB globals, 8 P
gc 2067 @9.410s 6%: 0.15+0.58+0.11 ms clock, 1.2+0.63/0.82/0+0.92 ms cpu, 3->3->1 MB, 4 MB goal, 0 MB stacks, 0 MB globals, 8 P
gc 2068 @9.412s 6%: 0.14+1.1+0.064 ms clock, 1.1+0.65/0.89/0+0.51 ms cpu, 3->4->1 MB, 4 MB goal, 0 MB stacks, 0 MB globals, 8 P
gc 2069 @9.415s 6%: 0.11+1.1+0.068 ms clock, 0.94+0.68/0.74/0+0.54 ms cpu, 3->4->1 MB, 4 MB goal, 0 MB stacks, 0 MB globals, 8 P
gc 2070 @9.418s 6%: 0.10+0.59+0.068 ms clock, 0.83+0.68/0.80/0+0.54 ms cpu, 3->3->1 MB, 4 MB goal, 0 MB stacks, 0 MB globals, 8 P
gc 2071 @9.420s 6%: 0.093+0.71+0.063 ms clock, 0.74+1.0/0.69/0+0.50 ms cpu, 3->3->1 MB, 4 MB goal, 0 MB stacks, 0 MB globals, 8 P
gc 2072 @9.423s 6%: 0.11+0.69+0.11 ms clock, 0.93+0.85/0.74/0+0.90 ms cpu, 3->3->1 MB, 4 MB goal, 0 MB stacks, 0 MB globals, 8 P
gc 2073 @9.426s 6%: 0.093+1.0+0.090 ms clock, 0.75+0.76/0.74/0+0.72 ms cpu, 3->4->1 MB, 4 MB goal, 0 MB stacks, 0 MB globals, 8 P
gc 2074 @9.428s 6%: 0.10+0.80+0.098 ms clock, 0.86+1.1/0.75/0+0.78 ms cpu, 3->4->1 MB, 4 MB goal, 0 MB stacks, 0 MB globals, 8 P
gc 2075 @9.431s 6%: 0.10+0.50+0.098 ms clock, 0.84+0.74/0.68/0+0.78 ms cpu, 3->3->1 MB, 4 MB goal, 0 MB stacks, 0 MB globals, 8 P
gc 2076 @9.433s 6%: 0.16+0.66+0.12 ms clock, 1.2+0.62/0.81/0+0.97 ms cpu, 3->3->1 MB, 4 MB goal, 0 MB stacks, 0 MB globals, 8 P
gc 2077 @9.436s 6%: 0.10+0.61+0.068 ms clock, 0.86+0.92/0.78/0+0.54 ms cpu, 3->3->1 MB, 4 MB goal, 0 MB stacks, 0 MB globals, 8 P
gc 2078 @9.438s 6%: 0.077+0.52+0.060 ms clock, 0.61+0.77/0.74/0+0.48 ms cpu, 3->3->1 MB, 4 MB goal, 0 MB stacks, 0 MB globals, 8 P
gc 2079 @9.441s 6%: 0.13+0.53+0.076 ms clock, 1.0+0.74/0.75/0+0.61 ms cpu, 3->3->1 MB, 4 MB goal, 0 MB stacks, 0 MB globals, 8 P
gc 2080 @9.443s 6%: 0.13+0.66+0.098 ms clock, 1.1+0.60/0.86/0+0.78 ms cpu, 3->3->1 MB, 4 MB goal, 0 MB stacks, 0 MB globals, 8 P
gc 2081 @9.446s 6%: 0.10+0.61+0.099 ms clock, 0.84+0.94/0.61/0+0.79 ms cpu, 3->3->1 MB, 4 MB goal, 0 MB stacks, 0 MB globals, 8 P
gc 2082 @9.448s 6%: 0.12+0.83+0.063 ms clock, 0.99+0.54/0.85/0+0.50 ms cpu, 3->3->1 MB, 4 MB goal, 0 MB stacks, 0 MB globals, 8 P
gc 2083 @9.451s 6%: 0.099+0.59+0.13 ms clock, 0.79+0.94/0.72/0+1.1 ms cpu, 3->3->1 MB, 4 MB goal, 0 MB stacks, 0 MB globals, 8 P
gc 2084 @9.453s 6%: 0.11+0.53+0.086 ms clock, 0.92+0.80/0.73/0+0.69 ms cpu, 3->3->1 MB, 4 MB goal, 0 MB stacks, 0 MB globals, 8 P
gc 2085 @9.456s 6%: 0.13+0.99+0.10 ms clock, 1.0+0.68/0.78/0+0.81 ms cpu, 3->4->1 MB, 4 MB goal, 0 MB stacks, 0 MB globals, 8 P
gc 2086 @9.459s 6%: 0.13+0.52+0.088 ms clock, 1.0+0.66/0.75/0+0.70 ms cpu, 3->3->1 MB, 4 MB goal, 0 MB stacks, 0 MB globals, 8 P
gc 2087 @9.461s 6%: 0.13+0.70+0.073 ms clock, 1.0+0.64/0.82/0+0.59 ms cpu, 3->3->1 MB, 4 MB goal, 0 MB stacks, 0 MB globals, 8 P
gc 2088 @9.464s 6%: 0.10+0.70+0.082 ms clock, 0.80+0.82/0.87/0+0.66 ms cpu, 3->3->1 MB, 4 MB goal, 0 MB stacks, 0 MB globals, 8 P
gc 2089 @9.466s 6%: 0.13+0.61+0.077 ms clock, 1.0+0.68/0.73/0+0.62 ms cpu, 3->3->1 MB, 4 MB goal, 0 MB stacks, 0 MB globals, 8 P
gc 2090 @9.469s 6%: 0.091+0.56+0.099 ms clock, 0.73+0.86/0.72/0+0.79 ms cpu, 3->3->1 MB, 4 MB goal, 0 MB stacks, 0 MB globals, 8 P
gc 2091 @9.471s 6%: 0.10+1.1+0.12 ms clock, 0.84+0.61/1.2/0+1.0 ms cpu, 3->4->2 MB, 4 MB goal, 0 MB stacks, 0 MB globals, 8 P
gc 2092 @9.474s 6%: 0.10+0.61+0.076 ms clock, 0.85+0.55/0.82/0+0.61 ms cpu, 3->4->1 MB, 4 MB goal, 0 MB stacks, 0 MB globals, 8 P
gc 2093 @9.477s 6%: 0.14+0.58+0.17 ms clock, 1.1+0.75/0.68/0+1.4 ms cpu, 3->3->1 MB, 4 MB goal, 0 MB stacks, 0 MB globals, 8 P
gc 2094 @9.479s 6%: 0.10+0.53+0.073 ms clock, 0.83+0.82/0.75/0+0.59 ms cpu, 3->3->1 MB, 4 MB goal, 0 MB stacks, 0 MB globals, 8 P
gc 2095 @9.482s 6%: 0.092+0.57+0.086 ms clock, 0.73+0.71/0.75/0+0.69 ms cpu, 3->3->1 MB, 4 MB goal, 0 MB stacks, 0 MB globals, 8 P
gc 2096 @9.484s 6%: 0.11+0.69+0.070 ms clock, 0.93+0.87/0.81/0+0.56 ms cpu, 3->3->1 MB, 4 MB goal, 0 MB stacks, 0 MB globals, 8 P
gc 2097 @9.487s 6%: 0.17+0.61+0.061 ms clock, 1.4+0.87/0.87/0+0.49 ms cpu, 3->3->1 MB, 4 MB goal, 0 MB stacks, 0 MB globals, 8 P
gc 2098 @9.489s 6%: 0.084+0.61+0.065 ms clock, 0.67+0.70/0.78/0+0.52 ms cpu, 3->3->1 MB, 4 MB goal, 0 MB stacks, 0 MB globals, 8 P
gc 2099 @9.492s 6%: 0.11+0.87+0.11 ms clock, 0.92+0.73/0.86/0+0.88 ms cpu, 3->3->1 MB, 4 MB goal, 0 MB stacks, 0 MB globals, 8 P
gc 2100 @9.494s 6%: 0.17+1.0+0.061 ms clock, 1.3+0.64/0.84/0+0.49 ms cpu, 3->4->1 MB, 4 MB goal, 0 MB stacks, 0 MB globals, 8 P
gc 2101 @9.497s 6%: 0.10+1.0+0.045 ms clock, 0.84+0.77/0.76/0+0.36 ms cpu, 3->4->1 MB, 4 MB goal, 0 MB stacks, 0 MB globals, 8 P
gc 2102 @9.500s 6%: 0.11+0.62+0.094 ms clock, 0.95+0.68/0.79/0+0.75 ms cpu, 3->3->1 MB, 4 MB goal, 0 MB stacks, 0 MB globals, 8 P
gc 2103 @9.502s 6%: 0.086+0.61+0.10 ms clock, 0.69+0.84/0.74/0+0.85 ms cpu, 3->3->1 MB, 4 MB goal, 0 MB stacks, 0 MB globals, 8 P
gc 2104 @9.505s 6%: 0.18+0.61+0.069 ms clock, 1.4+0.68/0.71/0+0.55 ms cpu, 3->3->1 MB, 4 MB goal, 0 MB stacks, 0 MB globals, 8 P
gc 2105 @9.507s 6%: 0.099+0.49+0.077 ms clock, 0.79+0.68/0.74/0+0.62 ms cpu, 3->3->1 MB, 4 MB goal, 0 MB stacks, 0 MB globals, 8 P
gc 2106 @9.510s 6%: 0.14+0.61+0.087 ms clock, 1.1+0.68/0.80/0+0.69 ms cpu, 3->3->1 MB, 4 MB goal, 0 MB stacks, 0 MB globals, 8 P
gc 2107 @9.512s 6%: 0.15+0.63+0.10 ms clock, 1.2+0.76/0.73/0+0.80 ms cpu, 3->3->1 MB, 4 MB goal, 0 MB stacks, 0 MB globals, 8 P
gc 2108 @9.515s 6%: 0.12+0.61+0.11 ms clock, 0.98+0.74/0.77/0+0.94 ms cpu, 3->3->1 MB, 4 MB goal, 0 MB stacks, 0 MB globals, 8 P
gc 2109 @9.517s 6%: 0.15+0.52+0.088 ms clock, 1.2+0.60/0.70/0+0.70 ms cpu, 3->3->1 MB, 4 MB goal, 0 MB stacks, 0 MB globals, 8 P
gc 2110 @9.520s 6%: 0.15+0.51+0.081 ms clock, 1.2+0.82/0.74/0+0.65 ms cpu, 3->3->1 MB, 4 MB goal, 0 MB stacks, 0 MB globals, 8 P
gc 2111 @9.522s 6%: 0.11+0.57+0.10 ms clock, 0.90+0.73/0.82/0+0.81 ms cpu, 3->3->1 MB, 4 MB goal, 0 MB stacks, 0 MB globals, 8 P
gc 2112 @9.525s 6%: 0.090+0.71+0.10 ms clock, 0.72+0.71/0.74/0+0.83 ms cpu, 3->3->1 MB, 4 MB goal, 0 MB stacks, 0 MB globals, 8 P
gc 2113 @9.527s 6%: 0.10+0.65+0.062 ms clock, 0.82+0.69/0.85/0+0.49 ms cpu, 3->3->1 MB, 4 MB goal, 0 MB stacks, 0 MB globals, 8 P
gc 2114 @9.530s 6%: 0.11+0.68+0.077 ms clock, 0.95+0.61/0.84/0+0.61 ms cpu, 3->3->1 MB, 4 MB goal, 0 MB stacks, 0 MB globals, 8 P
gc 2115 @9.532s 6%: 0.11+0.92+0.10 ms clock, 0.91+0.54/0.96/0+0.81 ms cpu, 3->3->1 MB, 4 MB goal, 0 MB stacks, 0 MB globals, 8 P
gc 2116 @9.535s 6%: 0.15+0.54+0.073 ms clock, 1.2+0.76/0.74/0+0.58 ms cpu, 3->3->1 MB, 4 MB goal, 0 MB stacks, 0 MB globals, 8 P
gc 2117 @9.537s 6%: 0.10+0.56+0.070 ms clock, 0.83+0.68/0.81/0+0.56 ms cpu, 3->3->1 MB, 4 MB goal, 0 MB stacks, 0 MB globals, 8 P
gc 2118 @9.540s 6%: 0.076+0.70+0.095 ms clock, 0.60+0.79/0.79/0+0.76 ms cpu, 3->3->1 MB, 4 MB goal, 0 MB stacks, 0 MB globals, 8 P
gc 2119 @9.542s 6%: 0.10+1.0+0.11 ms clock, 0.85+0.66/0.82/0+0.92 ms cpu, 3->4->1 MB, 4 MB goal, 0 MB stacks, 0 MB globals, 8 P
gc 2120 @9.545s 6%: 0.10+0.63+0.071 ms clock, 0.81+0.49/0.89/0+0.57 ms cpu, 3->3->1 MB, 4 MB goal, 0 MB stacks, 0 MB globals, 8 P
gc 2121 @9.548s 6%: 0.13+0.60+0.085 ms clock, 1.0+0.92/0.74/0+0.68 ms cpu, 3->3->1 MB, 4 MB goal, 0 MB stacks, 0 MB globals, 8 P
gc 2122 @9.550s 6%: 0.13+0.63+0.091 ms clock, 1.0+0.82/0.81/0+0.72 ms cpu, 3->3->1 MB, 4 MB goal, 0 MB stacks, 0 MB globals, 8 P
gc 2123 @9.553s 6%: 0.093+0.53+0.095 ms clock, 0.74+0.80/0.79/0+0.76 ms cpu, 3->3->1 MB, 4 MB goal, 0 MB stacks, 0 MB globals, 8 P
gc 2124 @9.555s 6%: 0.068+0.65+0.13 ms clock, 0.54+0.83/0.72/0+1.1 ms cpu, 3->3->1 MB, 4 MB goal, 0 MB stacks, 0 MB globals, 8 P
gc 2125 @9.558s 6%: 0.11+0.61+0.096 ms clock, 0.89+0.73/0.73/0+0.77 ms cpu, 3->3->1 MB, 4 MB goal, 0 MB stacks, 0 MB globals, 8 P
gc 2126 @9.560s 6%: 0.16+0.90+0.075 ms clock, 1.2+0.67/0.66/0+0.60 ms cpu, 3->3->1 MB, 4 MB goal, 0 MB stacks, 0 MB globals, 8 P
gc 2127 @9.563s 6%: 0.15+0.92+0.099 ms clock, 1.2+0.64/0.79/0+0.79 ms cpu, 3->4->1 MB, 4 MB goal, 0 MB stacks, 0 MB globals, 8 P
gc 2128 @9.566s 6%: 0.096+0.77+0.084 ms clock, 0.77+0.74/0.77/0+0.67 ms cpu, 3->4->1 MB, 4 MB goal, 0 MB stacks, 0 MB globals, 8 P
gc 2129 @9.568s 6%: 0.10+0.50+0.10 ms clock, 0.80+0.78/0.71/0+0.84 ms cpu, 3->3->1 MB, 4 MB goal, 0 MB stacks, 0 MB globals, 8 P
gc 2130 @9.571s 6%: 0.11+0.68+0.097 ms clock, 0.93+0.69/0.90/0+0.78 ms cpu, 3->3->1 MB, 4 MB goal, 0 MB stacks, 0 MB globals, 8 P
gc 2131 @9.573s 6%: 0.16+0.58+0.099 ms clock, 1.3+0.83/0.68/0+0.79 ms cpu, 3->3->1 MB, 4 MB goal, 0 MB stacks, 0 MB globals, 8 P
gc 2132 @9.576s 6%: 0.096+0.70+0.083 ms clock, 0.76+0.84/0.80/0+0.67 ms cpu, 3->3->1 MB, 4 MB goal, 0 MB stacks, 0 MB globals, 8 P
gc 2133 @9.578s 6%: 0.11+1.2+0.075 ms clock, 0.88+0.64/0.76/0+0.60 ms cpu, 3->4->1 MB, 4 MB goal, 0 MB stacks, 0 MB globals, 8 P
gc 2134 @9.581s 6%: 0.14+0.80+0.093 ms clock, 1.1+0.66/0.83/0+0.75 ms cpu, 3->4->1 MB, 4 MB goal, 0 MB stacks, 0 MB globals, 8 P
gc 2135 @9.584s 6%: 0.13+0.95+0.11 ms clock, 1.0+0.86/0.76/0+0.93 ms cpu, 3->3->1 MB, 4 MB goal, 0 MB stacks, 0 MB globals, 8 P
gc 2136 @9.586s 6%: 0.10+0.58+0.083 ms clock, 0.87+0.86/0.72/0+0.66 ms cpu, 3->3->1 MB, 4 MB goal, 0 MB stacks, 0 MB globals, 8 P
gc 2137 @9.589s 6%: 0.15+1.1+0.11 ms clock, 1.2+0.67/0.71/0+0.89 ms cpu, 3->4->1 MB, 4 MB goal, 0 MB stacks, 0 MB globals, 8 P
gc 2138 @9.592s 6%: 0.13+0.67+0.074 ms clock, 1.1+0.70/0.76/0+0.59 ms cpu, 3->4->1 MB, 4 MB goal, 0 MB stacks, 0 MB globals, 8 P
gc 2139 @9.594s 6%: 0.14+0.60+0.086 ms clock, 1.1+0.66/0.79/0+0.69 ms cpu, 3->3->1 MB, 4 MB goal, 0 MB stacks, 0 MB globals, 8 P
gc 2140 @9.597s 6%: 0.12+0.70+0.094 ms clock, 0.98+0.73/0.77/0+0.75 ms cpu, 3->3->1 MB, 4 MB goal, 0 MB stacks, 0 MB globals, 8 P
gc 2141 @9.599s 6%: 0.10+0.64+0.10 ms clock, 0.81+0.69/0.83/0+0.81 ms cpu, 3->3->1 MB, 4 MB goal, 0 MB stacks, 0 MB globals, 8 P
gc 2142 @9.602s 6%: 0.15+0.64+0.099 ms clock, 1.2+0.82/0.74/0+0.79 ms cpu, 3->3->1 MB, 4 MB goal, 0 MB stacks, 0 MB globals, 8 P
gc 2143 @9.604s 6%: 0.089+0.57+0.074 ms clock, 0.71+0.80/0.74/0+0.59 ms cpu, 3->3->1 MB, 4 MB goal, 0 MB stacks, 0 MB globals, 8 P
gc 2144 @9.607s 6%: 0.18+0.57+0.11 ms clock, 1.4+0.86/0.68/0+0.91 ms cpu, 3->3->1 MB, 4 MB goal, 0 MB stacks, 0 MB globals, 8 P
gc 2145 @9.609s 6%: 0.10+1.0+0.12 ms clock, 0.85+1.1/0.86/0+0.98 ms cpu, 3->4->1 MB, 4 MB goal, 0 MB stacks, 0 MB globals, 8 P
gc 2146 @9.612s 6%: 0.11+0.65+0.099 ms clock, 0.88+0.59/0.84/0+0.79 ms cpu, 3->4->1 MB, 4 MB goal, 0 MB stacks, 0 MB globals, 8 P
gc 2147 @9.615s 6%: 0.097+0.55+0.080 ms clock, 0.78+0.67/0.77/0+0.64 ms cpu, 3->3->1 MB, 4 MB goal, 0 MB stacks, 0 MB globals, 8 P
gc 2148 @9.617s 6%: 0.092+0.55+0.063 ms clock, 0.74+0.89/0.70/0+0.51 ms cpu, 3->3->1 MB, 4 MB goal, 0 MB stacks, 0 MB globals, 8 P
gc 2149 @9.620s 6%: 0.11+1.2+0.078 ms clock, 0.94+1.0/0.75/0+0.62 ms cpu, 3->4->2 MB, 4 MB goal, 0 MB stacks, 0 MB globals, 8 P
gc 2150 @9.623s 6%: 0.12+0.59+0.094 ms clock, 0.98+0.81/0.71/0+0.75 ms cpu, 3->4->1 MB, 4 MB goal, 0 MB stacks, 0 MB globals, 8 P
gc 2151 @9.625s 6%: 0.093+0.55+0.11 ms clock, 0.74+0.74/0.74/0+0.90 ms cpu, 3->3->1 MB, 4 MB goal, 0 MB stacks, 0 MB globals, 8 P
gc 2152 @9.628s 6%: 0.15+0.53+0.061 ms clock, 1.2+0.82/0.79/0+0.49 ms cpu, 3->3->1 MB, 4 MB goal, 0 MB stacks, 0 MB globals, 8 P
gc 2153 @9.630s 6%: 0.12+0.53+0.068 ms clock, 1.0+0.71/0.85/0+0.55 ms cpu, 3->3->1 MB, 4 MB goal, 0 MB stacks, 0 MB globals, 8 P
gc 2154 @9.633s 6%: 0.092+0.65+0.085 ms clock, 0.74+0.84/0.72/0+0.68 ms cpu, 3->3->1 MB, 4 MB goal, 0 MB stacks, 0 MB globals, 8 P
gc 2155 @9.635s 6%: 0.13+0.66+0.11 ms clock, 1.0+0.72/0.75/0+0.88 ms cpu, 3->3->1 MB, 4 MB goal, 0 MB stacks, 0 MB globals, 8 P
gc 2156 @9.638s 6%: 0.14+0.58+0.078 ms clock, 1.1+0.76/0.74/0+0.63 ms cpu, 3->3->1 MB, 4 MB goal, 0 MB stacks, 0 MB globals, 8 P
gc 2157 @9.640s 6%: 0.094+0.59+0.072 ms clock, 0.75+0.79/0.68/0+0.57 ms cpu, 3->3->1 MB, 4 MB goal, 0 MB stacks, 0 MB globals, 8 P
gc 2158 @9.643s 6%: 0.10+0.75+0.066 ms clock, 0.87+0.80/0.87/0+0.52 ms cpu, 3->3->1 MB, 4 MB goal, 0 MB stacks, 0 MB globals, 8 P
gc 2159 @9.645s 6%: 0.10+0.53+0.097 ms clock, 0.87+0.74/0.72/0+0.78 ms cpu, 3->3->1 MB, 4 MB goal, 0 MB stacks, 0 MB globals, 8 P
gc 2160 @9.648s 6%: 0.090+0.57+0.090 ms clock, 0.72+0.89/0.72/0+0.72 ms cpu, 3->3->1 MB, 4 MB goal, 0 MB stacks, 0 MB globals, 8 P
gc 2161 @9.650s 6%: 0.12+0.95+0.067 ms clock, 1.0+0.71/0.85/0+0.53 ms cpu, 3->4->1 MB, 4 MB goal, 0 MB stacks, 0 MB globals, 8 P
gc 2162 @9.653s 6%: 0.10+0.91+0.089 ms clock, 0.84+0.63/0.79/0+0.71 ms cpu, 3->4->1 MB, 4 MB goal, 0 MB stacks, 0 MB globals, 8 P
gc 2163 @9.656s 6%: 0.12+0.90+0.098 ms clock, 0.96+0.79/0.80/0+0.78 ms cpu, 3->4->1 MB, 4 MB goal, 0 MB stacks, 0 MB globals, 8 P
gc 2164 @9.658s 6%: 0.082+0.57+0.068 ms clock, 0.65+0.92/0.71/0+0.54 ms cpu, 3->3->1 MB, 4 MB goal, 0 MB stacks, 0 MB globals, 8 P
gc 2165 @9.661s 6%: 0.10+0.85+0.10 ms clock, 0.82+0.70/0.83/0+0.87 ms cpu, 3->3->1 MB, 4 MB goal, 0 MB stacks, 0 MB globals, 8 P
gc 2166 @9.663s 6%: 0.10+0.76+0.10 ms clock, 0.80+0.77/0.82/0+0.84 ms cpu, 3->3->1 MB, 4 MB goal, 0 MB stacks, 0 MB globals, 8 P
gc 2167 @9.666s 6%: 0.092+0.63+0.11 ms clock, 0.73+0.75/0.74/0+0.94 ms cpu, 3->3->1 MB, 4 MB goal, 0 MB stacks, 0 MB globals, 8 P
gc 2168 @9.668s 6%: 0.13+0.99+0.069 ms clock, 1.0+0.71/0.68/0+0.55 ms cpu, 3->3->1 MB, 4 MB goal, 0 MB stacks, 0 MB globals, 8 P
gc 2169 @9.671s 6%: 0.094+0.68+0.11 ms clock, 0.75+0.81/0.81/0+0.94 ms cpu, 3->3->1 MB, 4 MB goal, 0 MB stacks, 0 MB globals, 8 P
gc 2170 @9.673s 6%: 0.12+0.80+0.13 ms clock, 1.0+0.74/0.91/0+1.0 ms cpu, 3->3->1 MB, 4 MB goal, 0 MB stacks, 0 MB globals, 8 P
gc 2171 @9.676s 6%: 0.10+0.81+0.097 ms clock, 0.86+0.76/0.81/0+0.78 ms cpu, 3->3->1 MB, 4 MB goal, 0 MB stacks, 0 MB globals, 8 P
gc 2172 @9.679s 6%: 0.14+0.64+0.13 ms clock, 1.1+0.80/0.73/0+1.0 ms cpu, 3->3->1 MB, 4 MB goal, 0 MB stacks, 0 MB globals, 8 P
gc 2173 @9.681s 6%: 0.11+0.58+0.045 ms clock, 0.92+0.51/0.83/0+0.36 ms cpu, 3->3->1 MB, 4 MB goal, 0 MB stacks, 0 MB globals, 8 P
gc 2174 @9.684s 6%: 0.095+0.57+0.072 ms clock, 0.76+0.84/0.73/0+0.57 ms cpu, 3->3->1 MB, 4 MB goal, 0 MB stacks, 0 MB globals, 8 P
gc 2175 @9.686s 6%: 0.10+1.0+0.019 ms clock, 0.84+0.76/0.88/0+0.15 ms cpu, 3->4->2 MB, 4 MB goal, 0 MB stacks, 0 MB globals, 8 P
gc 2176 @9.689s 6%: 0.12+1.4+0.093 ms clock, 0.99+0.67/0.76/0+0.75 ms cpu, 3->4->2 MB, 4 MB goal, 0 MB stacks, 0 MB globals, 8 P
gc 2177 @9.692s 6%: 0.10+0.62+0.10 ms clock, 0.87+0.81/0.76/0+0.83 ms cpu, 3->4->1 MB, 4 MB goal, 0 MB stacks, 0 MB globals, 8 P
gc 2178 @9.695s 6%: 0.11+0.65+0.071 ms clock, 0.95+0.75/0.71/0+0.57 ms cpu, 3->3->1 MB, 4 MB goal, 0 MB stacks, 0 MB globals, 8 P
gc 2179 @9.697s 6%: 0.096+0.66+0.057 ms clock, 0.76+0.73/0.70/0+0.46 ms cpu, 3->3->1 MB, 4 MB goal, 0 MB stacks, 0 MB globals, 8 P
gc 2180 @9.700s 6%: 0.10+0.74+0.10 ms clock, 0.86+0.84/0.90/0+0.82 ms cpu, 3->3->1 MB, 4 MB goal, 0 MB stacks, 0 MB globals, 8 P
gc 2181 @9.702s 6%: 0.12+0.63+0.062 ms clock, 0.97+0.70/0.78/0+0.50 ms cpu, 3->3->1 MB, 4 MB goal, 0 MB stacks, 0 MB globals, 8 P
gc 2182 @9.705s 6%: 0.20+0.63+0.085 ms clock, 1.6+0.82/0.79/0+0.68 ms cpu, 3->3->1 MB, 4 MB goal, 0 MB stacks, 0 MB globals, 8 P
gc 2183 @9.707s 6%: 0.11+0.89+0.088 ms clock, 0.88+0.53/0.97/0+0.71 ms cpu, 3->3->1 MB, 4 MB goal, 0 MB stacks, 0 MB globals, 8 P
gc 2184 @9.710s 6%: 0.10+1.5+0.073 ms clock, 0.87+0.69/0.89/0+0.58 ms cpu, 3->4->2 MB, 4 MB goal, 0 MB stacks, 0 MB globals, 8 P
gc 2185 @9.713s 6%: 0.14+0.94+0.11 ms clock, 1.1+1.0/1.1/0+0.88 ms cpu, 3->4->1 MB, 4 MB goal, 0 MB stacks, 0 MB globals, 8 P
gc 2186 @9.716s 7%: 0.16+0.76+0.059 ms clock, 1.3+0.66/0.92/0+0.47 ms cpu, 3->3->1 MB, 4 MB goal, 0 MB stacks, 0 MB globals, 8 P
gc 2187 @9.718s 7%: 0.16+0.66+0.092 ms clock, 1.3+0.75/0.66/0+0.74 ms cpu, 3->3->1 MB, 4 MB goal, 0 MB stacks, 0 MB globals, 8 P
gc 2188 @9.720s 7%: 0.15+0.62+0.080 ms clock, 1.2+0.74/0.74/0+0.64 ms cpu, 3->3->1 MB, 4 MB goal, 0 MB stacks, 0 MB globals, 8 P
gc 2189 @9.723s 7%: 0.10+0.52+0.14 ms clock, 0.83+0.74/0.78/0+1.1 ms cpu, 3->3->1 MB, 4 MB goal, 0 MB stacks, 0 MB globals, 8 P
gc 2190 @9.725s 7%: 0.20+0.56+0.096 ms clock, 1.6+0.74/0.68/0+0.77 ms cpu, 3->3->1 MB, 4 MB goal, 0 MB stacks, 0 MB globals, 8 P
gc 2191 @9.728s 7%: 0.18+0.87+0.052 ms clock, 1.4+0.68/0.82/0+0.42 ms cpu, 3->3->1 MB, 4 MB goal, 0 MB stacks, 0 MB globals, 8 P
gc 2192 @9.730s 7%: 0.096+0.67+0.12 ms clock, 0.76+0.69/0.85/0+0.96 ms cpu, 3->3->1 MB, 4 MB goal, 0 MB stacks, 0 MB globals, 8 P
gc 2193 @9.733s 7%: 0.15+0.82+0.13 ms clock, 1.2+0.81/0.87/0+1.0 ms cpu, 3->4->1 MB, 4 MB goal, 0 MB stacks, 0 MB globals, 8 P
gc 2194 @9.736s 7%: 0.16+1.1+0.085 ms clock, 1.3+0.30/0.86/0+0.68 ms cpu, 3->4->1 MB, 4 MB goal, 0 MB stacks, 0 MB globals, 8 P
gc 2195 @9.738s 7%: 0.14+0.54+0.066 ms clock, 1.1+0.89/0.72/0+0.53 ms cpu, 3->3->1 MB, 4 MB goal, 0 MB stacks, 0 MB globals, 8 P
gc 2196 @9.741s 7%: 0.11+0.60+0.095 ms clock, 0.95+0.78/0.69/0+0.76 ms cpu, 3->3->1 MB, 4 MB goal, 0 MB stacks, 0 MB globals, 8 P
gc 2197 @9.743s 7%: 0.099+0.58+0.11 ms clock, 0.79+0.82/0.74/0+0.88 ms cpu, 3->3->1 MB, 4 MB goal, 0 MB stacks, 0 MB globals, 8 P
gc 2198 @9.746s 7%: 0.15+0.65+0.11 ms clock, 1.2+0.76/0.76/0+0.89 ms cpu, 3->3->1 MB, 4 MB goal, 0 MB stacks, 0 MB globals, 8 P
gc 2199 @9.748s 7%: 0.087+0.59+0.097 ms clock, 0.69+0.71/0.78/0+0.78 ms cpu, 3->3->1 MB, 4 MB goal, 0 MB stacks, 0 MB globals, 8 P
gc 2200 @9.751s 7%: 0.12+0.83+0.15 ms clock, 0.98+0.73/0.72/0+1.2 ms cpu, 3->3->1 MB, 4 MB goal, 0 MB stacks, 0 MB globals, 8 P
gc 2201 @9.753s 7%: 0.10+0.68+0.066 ms clock, 0.86+0.81/0.77/0+0.52 ms cpu, 3->3->1 MB, 4 MB goal, 0 MB stacks, 0 MB globals, 8 P
gc 2202 @9.756s 7%: 0.18+0.74+0.11 ms clock, 1.4+1.0/0.79/0+0.88 ms cpu, 3->3->1 MB, 4 MB goal, 0 MB stacks, 0 MB globals, 8 P
gc 2203 @9.759s 7%: 0.10+0.89+0.11 ms clock, 0.86+0.75/0.85/0+0.93 ms cpu, 3->3->1 MB, 4 MB goal, 0 MB stacks, 0 MB globals, 8 P
gc 2204 @9.761s 7%: 0.12+0.64+0.12 ms clock, 1.0+0.66/0.80/0+0.98 ms cpu, 3->3->1 MB, 4 MB goal, 0 MB stacks, 0 MB globals, 8 P
gc 2205 @9.764s 7%: 0.16+0.51+0.053 ms clock, 1.3+0.69/0.75/0+0.42 ms cpu, 3->3->1 MB, 4 MB goal, 0 MB stacks, 0 MB globals, 8 P
gc 2206 @9.766s 7%: 0.14+0.52+0.095 ms clock, 1.1+0.59/0.76/0+0.76 ms cpu, 3->3->1 MB, 4 MB goal, 0 MB stacks, 0 MB globals, 8 P
gc 2207 @9.769s 7%: 0.14+0.59+0.089 ms clock, 1.1+0.76/0.76/0+0.71 ms cpu, 3->3->1 MB, 4 MB goal, 0 MB stacks, 0 MB globals, 8 P
gc 2208 @9.771s 7%: 0.098+1.0+0.092 ms clock, 0.79+0.80/0.74/0+0.74 ms cpu, 3->4->1 MB, 4 MB goal, 0 MB stacks, 0 MB globals, 8 P
gc 2209 @9.774s 7%: 0.10+0.59+0.092 ms clock, 0.82+0.69/0.81/0+0.74 ms cpu, 3->4->1 MB, 4 MB goal, 0 MB stacks, 0 MB globals, 8 P
gc 2210 @9.777s 7%: 0.072+0.61+0.10 ms clock, 0.58+0.81/0.79/0+0.81 ms cpu, 3->3->1 MB, 4 MB goal, 0 MB stacks, 0 MB globals, 8 P
gc 2211 @9.779s 7%: 0.10+0.96+0.10 ms clock, 0.82+0.59/0.80/0+0.82 ms cpu, 3->3->1 MB, 4 MB goal, 0 MB stacks, 0 MB globals, 8 P
gc 2212 @9.782s 7%: 0.090+0.52+0.12 ms clock, 0.72+0.86/0.71/0+0.97 ms cpu, 3->3->1 MB, 4 MB goal, 0 MB stacks, 0 MB globals, 8 P
gc 2213 @9.784s 7%: 0.093+0.54+0.084 ms clock, 0.74+0.73/0.83/0+0.67 ms cpu, 3->3->1 MB, 4 MB goal, 0 MB stacks, 0 MB globals, 8 P
gc 2214 @9.786s 7%: 0.15+0.97+0.061 ms clock, 1.2+0.73/0.88/0+0.49 ms cpu, 3->3->1 MB, 4 MB goal, 0 MB stacks, 0 MB globals, 8 P
gc 2215 @9.789s 7%: 0.13+0.71+0.051 ms clock, 1.0+0.80/0.90/0+0.41 ms cpu, 3->3->1 MB, 4 MB goal, 0 MB stacks, 0 MB globals, 8 P
gc 2216 @9.792s 7%: 0.10+0.81+0.097 ms clock, 0.80+1.0/0.64/0+0.78 ms cpu, 3->3->1 MB, 4 MB goal, 0 MB stacks, 0 MB globals, 8 P
gc 2217 @9.794s 7%: 0.11+0.59+0.074 ms clock, 0.94+0.82/0.85/0+0.59 ms cpu, 3->3->1 MB, 4 MB goal, 0 MB stacks, 0 MB globals, 8 P
gc 2218 @9.797s 7%: 0.096+0.47+0.098 ms clock, 0.76+0.83/0.61/0.11+0.78 ms cpu, 3->3->1 MB, 4 MB goal, 0 MB stacks, 0 MB globals, 8 P
gc 2219 @9.799s 7%: 0.10+0.68+0.070 ms clock, 0.84+0.83/0.83/0+0.56 ms cpu, 3->3->1 MB, 4 MB goal, 0 MB stacks, 0 MB globals, 8 P
gc 2220 @9.802s 7%: 0.14+0.74+0.14 ms clock, 1.1+0.62/0.90/0+1.1 ms cpu, 3->3->1 MB, 4 MB goal, 0 MB stacks, 0 MB globals, 8 P
gc 2221 @9.804s 7%: 0.11+0.65+0.10 ms clock, 0.93+0.61/0.86/0+0.85 ms cpu, 3->3->1 MB, 4 MB goal, 0 MB stacks, 0 MB globals, 8 P
gc 2222 @9.807s 7%: 0.098+0.62+0.12 ms clock, 0.79+0.68/0.78/0+0.96 ms cpu, 3->3->1 MB, 4 MB goal, 0 MB stacks, 0 MB globals, 8 P
gc 2223 @9.809s 7%: 0.14+0.94+0.10 ms clock, 1.1+0.78/0.75/0+0.81 ms cpu, 3->3->1 MB, 4 MB goal, 0 MB stacks, 0 MB globals, 8 P
gc 2224 @9.812s 7%: 0.090+0.66+0.090 ms clock, 0.72+0.85/0.87/0+0.72 ms cpu, 3->3->1 MB, 4 MB goal, 0 MB stacks, 0 MB globals, 8 P
gc 2225 @9.814s 7%: 0.10+0.73+0.12 ms clock, 0.81+0.80/0.89/0+0.98 ms cpu, 3->3->1 MB, 4 MB goal, 0 MB stacks, 0 MB globals, 8 P
gc 2226 @9.817s 7%: 0.12+0.84+0.069 ms clock, 0.96+0.44/0.75/0+0.55 ms cpu, 3->3->1 MB, 4 MB goal, 0 MB stacks, 0 MB globals, 8 P
gc 2227 @9.820s 7%: 0.078+0.68+0.086 ms clock, 0.63+0.95/0.68/0+0.69 ms cpu, 3->3->1 MB, 4 MB goal, 0 MB stacks, 0 MB globals, 8 P
gc 2228 @9.822s 7%: 0.10+0.84+0.11 ms clock, 0.83+0.78/0.78/0+0.93 ms cpu, 3->3->1 MB, 4 MB goal, 0 MB stacks, 0 MB globals, 8 P
gc 2229 @9.825s 7%: 0.13+0.62+0.065 ms clock, 1.1+0.85/0.69/0+0.52 ms cpu, 3->3->1 MB, 4 MB goal, 0 MB stacks, 0 MB globals, 8 P
gc 2230 @9.827s 7%: 0.12+0.62+0.074 ms clock, 0.97+0.80/0.77/0+0.59 ms cpu, 3->3->1 MB, 4 MB goal, 0 MB stacks, 0 MB globals, 8 P
gc 2231 @9.830s 7%: 0.098+0.51+0.17 ms clock, 0.79+0.87/0.69/0+1.3 ms cpu, 3->3->1 MB, 4 MB goal, 0 MB stacks, 0 MB globals, 8 P
gc 2232 @9.832s 7%: 0.12+0.99+0.083 ms clock, 1.0+0.88/0.66/0+0.66 ms cpu, 3->3->1 MB, 4 MB goal, 0 MB stacks, 0 MB globals, 8 P
gc 2233 @9.835s 7%: 0.10+0.62+0.12 ms clock, 0.84+0.88/0.61/0+1.0 ms cpu, 3->3->1 MB, 4 MB goal, 0 MB stacks, 0 MB globals, 8 P
gc 2234 @9.837s 7%: 0.10+0.69+0.073 ms clock, 0.83+0.76/0.68/0+0.58 ms cpu, 3->3->1 MB, 4 MB goal, 0 MB stacks, 0 MB globals, 8 P
gc 2235 @9.840s 7%: 0.11+0.60+0.091 ms clock, 0.88+0.88/0.81/0+0.73 ms cpu, 3->3->1 MB, 4 MB goal, 0 MB stacks, 0 MB globals, 8 P
gc 2236 @9.842s 7%: 0.16+0.68+0.12 ms clock, 1.3+0.72/0.82/0+0.98 ms cpu, 3->3->1 MB, 4 MB goal, 0 MB stacks, 0 MB globals, 8 P
gc 2237 @9.845s 7%: 0.10+0.86+0.099 ms clock, 0.84+0.69/0.73/0+0.79 ms cpu, 3->3->1 MB, 4 MB goal, 0 MB stacks, 0 MB globals, 8 P
gc 2238 @9.847s 7%: 0.12+0.62+0.057 ms clock, 0.96+0.79/0.67/0.005+0.45 ms cpu, 3->3->1 MB, 4 MB goal, 0 MB stacks, 0 MB globals, 8 P
gc 2239 @9.850s 7%: 0.12+0.68+0.12 ms clock, 1.0+0.74/0.84/0+1.0 ms cpu, 3->3->1 MB, 4 MB goal, 0 MB stacks, 0 MB globals, 8 P
gc 2240 @9.852s 7%: 0.087+0.53+0.14 ms clock, 0.69+0.66/0.72/0+1.1 ms cpu, 3->3->1 MB, 4 MB goal, 0 MB stacks, 0 MB globals, 8 P
gc 2241 @9.854s 7%: 0.076+0.73+0.096 ms clock, 0.61+0.71/0.86/0+0.77 ms cpu, 3->3->1 MB, 4 MB goal, 0 MB stacks, 0 MB globals, 8 P
gc 2242 @9.857s 7%: 0.090+0.80+0.072 ms clock, 0.72+0.73/0.80/0+0.58 ms cpu, 3->3->1 MB, 4 MB goal, 0 MB stacks, 0 MB globals, 8 P
gc 2243 @9.859s 7%: 0.13+0.75+0.089 ms clock, 1.0+0.61/0.94/0+0.71 ms cpu, 3->3->1 MB, 4 MB goal, 0 MB stacks, 0 MB globals, 8 P
gc 2244 @9.862s 7%: 0.12+0.87+0.12 ms clock, 1.0+0.74/0.72/0+0.99 ms cpu, 3->3->1 MB, 4 MB goal, 0 MB stacks, 0 MB globals, 8 P
gc 2245 @9.865s 7%: 0.13+1.0+0.10 ms clock, 1.0+0.81/0.72/0+0.80 ms cpu, 3->4->1 MB, 4 MB goal, 0 MB stacks, 0 MB globals, 8 P
gc 2246 @9.867s 7%: 0.10+0.53+0.080 ms clock, 0.87+0.82/0.70/0+0.64 ms cpu, 3->3->1 MB, 4 MB goal, 0 MB stacks, 0 MB globals, 8 P
gc 2247 @9.870s 7%: 0.099+0.73+0.092 ms clock, 0.79+0.83/0.82/0+0.73 ms cpu, 3->3->1 MB, 4 MB goal, 0 MB stacks, 0 MB globals, 8 P
gc 2248 @9.872s 7%: 0.15+0.51+0.10 ms clock, 1.2+0.84/0.70/0+0.83 ms cpu, 3->3->1 MB, 4 MB goal, 0 MB stacks, 0 MB globals, 8 P
gc 2249 @9.875s 7%: 0.10+0.76+0.093 ms clock, 0.84+0.88/0.65/0+0.75 ms cpu, 3->3->1 MB, 4 MB goal, 0 MB stacks, 0 MB globals, 8 P
gc 2250 @9.877s 7%: 0.077+0.86+0.051 ms clock, 0.62+0.78/0.76/0+0.41 ms cpu, 3->3->1 MB, 4 MB goal, 0 MB stacks, 0 MB globals, 8 P
gc 2251 @9.880s 7%: 0.082+1.0+0.089 ms clock, 0.66+0.65/0.77/0+0.71 ms cpu, 3->4->2 MB, 4 MB goal, 0 MB stacks, 0 MB globals, 8 P
gc 2252 @9.883s 7%: 0.17+1.0+0.087 ms clock, 1.3+0.91/0.57/0+0.70 ms cpu, 3->4->1 MB, 4 MB goal, 0 MB stacks, 0 MB globals, 8 P
gc 2253 @9.886s 7%: 0.11+1.1+0.073 ms clock, 0.92+1.3/0.81/0+0.58 ms cpu, 3->4->2 MB, 4 MB goal, 0 MB stacks, 0 MB globals, 8 P
gc 2254 @9.889s 7%: 0.083+0.54+0.10 ms clock, 0.67+0.79/0.65/0+0.81 ms cpu, 3->4->1 MB, 4 MB goal, 0 MB stacks, 0 MB globals, 8 P
gc 2255 @9.891s 7%: 0.068+0.55+0.065 ms clock, 0.54+0.69/0.71/0+0.52 ms cpu, 3->3->1 MB, 4 MB goal, 0 MB stacks, 0 MB globals, 8 P
gc 2256 @9.894s 7%: 0.093+0.64+0.13 ms clock, 0.74+0.81/0.76/0+1.0 ms cpu, 3->3->1 MB, 4 MB goal, 0 MB stacks, 0 MB globals, 8 P
gc 2257 @9.896s 7%: 0.11+0.59+0.079 ms clock, 0.89+0.73/0.77/0+0.63 ms cpu, 3->3->1 MB, 4 MB goal, 0 MB stacks, 0 MB globals, 8 P
gc 2258 @9.899s 7%: 0.098+0.53+0.077 ms clock, 0.78+0.82/0.75/0+0.62 ms cpu, 3->3->1 MB, 4 MB goal, 0 MB stacks, 0 MB globals, 8 P
gc 2259 @9.901s 7%: 0.13+0.53+0.083 ms clock, 1.0+0.66/0.80/0+0.67 ms cpu, 3->3->1 MB, 4 MB goal, 0 MB stacks, 0 MB globals, 8 P
gc 2260 @9.904s 7%: 0.11+0.58+0.072 ms clock, 0.95+0.93/0.86/0+0.58 ms cpu, 3->3->1 MB, 4 MB goal, 0 MB stacks, 0 MB globals, 8 P
gc 2261 @9.906s 7%: 0.079+0.89+0.10 ms clock, 0.63+1.2/0.79/0+0.83 ms cpu, 3->3->1 MB, 4 MB goal, 0 MB stacks, 0 MB globals, 8 P
gc 2262 @9.909s 7%: 0.099+0.79+0.098 ms clock, 0.79+0.60/0.79/0+0.78 ms cpu, 3->4->1 MB, 4 MB goal, 0 MB stacks, 0 MB globals, 8 P
gc 2263 @9.911s 7%: 0.13+1.0+0.063 ms clock, 1.0+0.72/0.81/0+0.50 ms cpu, 3->4->1 MB, 4 MB goal, 0 MB stacks, 0 MB globals, 8 P
gc 2264 @9.914s 7%: 0.088+0.47+0.071 ms clock, 0.70+0.77/0.72/0+0.57 ms cpu, 3->3->1 MB, 4 MB goal, 0 MB stacks, 0 MB globals, 8 P
gc 2265 @9.916s 7%: 0.16+0.57+0.11 ms clock, 1.2+0.69/0.83/0+0.88 ms cpu, 3->3->1 MB, 4 MB goal, 0 MB stacks, 0 MB globals, 8 P
gc 2266 @9.919s 7%: 0.13+0.84+0.13 ms clock, 1.0+0.84/0.65/0+1.0 ms cpu, 3->3->1 MB, 4 MB goal, 0 MB stacks, 0 MB globals, 8 P
gc 2267 @9.922s 7%: 0.092+0.90+0.11 ms clock, 0.73+0.71/0.85/0+0.94 ms cpu, 3->4->1 MB, 4 MB goal, 0 MB stacks, 0 MB globals, 8 P
gc 2268 @9.924s 7%: 0.10+0.51+0.075 ms clock, 0.82+0.77/0.68/0+0.60 ms cpu, 3->3->1 MB, 4 MB goal, 0 MB stacks, 0 MB globals, 8 P
gc 2269 @9.927s 7%: 0.086+0.58+0.086 ms clock, 0.69+0.73/0.85/0+0.69 ms cpu, 3->3->1 MB, 4 MB goal, 0 MB stacks, 0 MB globals, 8 P
gc 2270 @9.929s 7%: 0.13+0.67+0.091 ms clock, 1.0+0.63/0.90/0+0.73 ms cpu, 3->3->1 MB, 4 MB goal, 0 MB stacks, 0 MB globals, 8 P
gc 2271 @9.932s 7%: 0.18+1.1+0.075 ms clock, 1.4+0.82/0.75/0+0.60 ms cpu, 3->4->1 MB, 4 MB goal, 0 MB stacks, 0 MB globals, 8 P
gc 2272 @9.935s 7%: 0.10+0.72+0.089 ms clock, 0.81+0.55/0.83/0+0.71 ms cpu, 3->4->1 MB, 4 MB goal, 0 MB stacks, 0 MB globals, 8 P
gc 2273 @9.937s 7%: 0.10+0.66+0.061 ms clock, 0.82+0.66/0.90/0+0.48 ms cpu, 3->3->1 MB, 4 MB goal, 0 MB stacks, 0 MB globals, 8 P
gc 2274 @9.940s 7%: 0.10+1.1+0.089 ms clock, 0.85+0.64/0.81/0+0.71 ms cpu, 3->4->1 MB, 4 MB goal, 0 MB stacks, 0 MB globals, 8 P
gc 2275 @9.943s 7%: 0.10+1.0+0.11 ms clock, 0.87+0.86/0.74/0+0.90 ms cpu, 3->4->1 MB, 4 MB goal, 0 MB stacks, 0 MB globals, 8 P
gc 2276 @9.946s 7%: 0.060+0.88+0.094 ms clock, 0.48+0.87/0.76/0+0.75 ms cpu, 3->4->1 MB, 4 MB goal, 0 MB stacks, 0 MB globals, 8 P
gc 2277 @9.948s 7%: 0.12+0.55+0.062 ms clock, 0.97+0.73/0.78/0+0.50 ms cpu, 3->3->1 MB, 4 MB goal, 0 MB stacks, 0 MB globals, 8 P
gc 2278 @9.951s 7%: 0.12+0.52+0.064 ms clock, 0.99+0.78/0.69/0+0.51 ms cpu, 3->3->1 MB, 4 MB goal, 0 MB stacks, 0 MB globals, 8 P
gc 2279 @9.953s 7%: 0.10+0.53+0.093 ms clock, 0.81+0.73/0.74/0+0.74 ms cpu, 3->3->1 MB, 4 MB goal, 0 MB stacks, 0 MB globals, 8 P
gc 2280 @9.956s 7%: 0.098+0.60+0.11 ms clock, 0.78+0.68/0.80/0+0.88 ms cpu, 3->3->1 MB, 4 MB goal, 0 MB stacks, 0 MB globals, 8 P
gc 2281 @9.958s 7%: 0.11+0.63+0.12 ms clock, 0.92+0.64/0.84/0+0.98 ms cpu, 3->3->1 MB, 4 MB goal, 0 MB stacks, 0 MB globals, 8 P
gc 2282 @9.961s 7%: 0.099+0.87+0.077 ms clock, 0.79+0.54/0.75/0+0.62 ms cpu, 3->3->1 MB, 4 MB goal, 0 MB stacks, 0 MB globals, 8 P
gc 2283 @9.963s 7%: 0.13+0.79+0.099 ms clock, 1.1+1.1/0.92/0+0.79 ms cpu, 3->3->1 MB, 4 MB goal, 0 MB stacks, 0 MB globals, 8 P
gc 2284 @9.966s 7%: 0.095+0.59+0.065 ms clock, 0.76+0.62/0.75/0+0.52 ms cpu, 3->3->1 MB, 4 MB goal, 0 MB stacks, 0 MB globals, 8 P
gc 2285 @9.968s 7%: 0.10+0.69+0.040 ms clock, 0.86+0.88/0.79/0+0.32 ms cpu, 3->3->1 MB, 4 MB goal, 0 MB stacks, 0 MB globals, 8 P
gc 2286 @9.971s 7%: 0.089+0.57+0.049 ms clock, 0.71+0.83/0.76/0+0.39 ms cpu, 3->3->1 MB, 4 MB goal, 0 MB stacks, 0 MB globals, 8 P
gc 2287 @9.973s 7%: 0.090+0.62+0.081 ms clock, 0.72+0.66/0.83/0+0.65 ms cpu, 3->3->1 MB, 4 MB goal, 0 MB stacks, 0 MB globals, 8 P
gc 2288 @9.976s 7%: 0.10+0.67+0.059 ms clock, 0.82+0.77/0.74/0+0.47 ms cpu, 3->3->1 MB, 4 MB goal, 0 MB stacks, 0 MB globals, 8 P
gc 2289 @9.978s 7%: 0.11+0.58+0.091 ms clock, 0.89+0.66/0.79/0+0.73 ms cpu, 3->3->1 MB, 4 MB goal, 0 MB stacks, 0 MB globals, 8 P
gc 2290 @9.981s 7%: 0.10+0.75+0.027 ms clock, 0.81+0.71/0.82/0+0.21 ms cpu, 3->3->1 MB, 4 MB goal, 0 MB stacks, 0 MB globals, 8 P
gc 2291 @9.983s 7%: 0.11+0.57+0.089 ms clock, 0.95+0.73/0.79/0+0.71 ms cpu, 3->3->1 MB, 4 MB goal, 0 MB stacks, 0 MB globals, 8 P
gc 2292 @9.986s 7%: 0.18+1.2+0.068 ms clock, 1.4+0.86/0.69/0+0.54 ms cpu, 3->4->2 MB, 4 MB goal, 0 MB stacks, 0 MB globals, 8 P
gc 2293 @9.989s 7%: 0.17+0.55+0.13 ms clock, 1.4+0.63/0.78/0+1.0 ms cpu, 3->4->1 MB, 4 MB goal, 0 MB stacks, 0 MB globals, 8 P
gc 2294 @9.992s 7%: 0.13+0.75+0.13 ms clock, 1.0+0.67/0.82/0+1.0 ms cpu, 3->3->1 MB, 4 MB goal, 0 MB stacks, 0 MB globals, 8 P
gc 2295 @9.994s 7%: 0.10+0.54+0.073 ms clock, 0.81+0.90/0.74/0+0.58 ms cpu, 3->3->1 MB, 4 MB goal, 0 MB stacks, 0 MB globals, 8 P
gc 2296 @9.997s 7%: 0.14+0.61+0.10 ms clock, 1.1+0.63/0.81/0+0.80 ms cpu, 3->3->1 MB, 4 MB goal, 0 MB stacks, 0 MB globals, 8 P
gc 2297 @9.999s 7%: 0.089+0.68+0.097 ms clock, 0.71+0.73/0.78/0+0.77 ms cpu, 3->3->1 MB, 4 MB goal, 0 MB stacks, 0 MB globals, 8 P
gc 2298 @10.002s 7%: 0.098+0.75+0.078 ms clock, 0.79+0.63/0.89/0+0.63 ms cpu, 3->3->1 MB, 4 MB goal, 0 MB stacks, 0 MB globals, 8 P
gc 2299 @10.005s 7%: 0.13+0.51+0.067 ms clock, 1.1+0.75/0.71/0+0.53 ms cpu, 3->3->1 MB, 4 MB goal, 0 MB stacks, 0 MB globals, 8 P
gc 2300 @10.007s 7%: 0.16+1.3+0.061 ms clock, 1.3+0.61/0.80/0+0.49 ms cpu, 3->4->2 MB, 4 MB goal, 0 MB stacks, 0 MB globals, 8 P
gc 2301 @10.010s 7%: 0.14+0.57+0.082 ms clock, 1.1+0.63/0.79/0+0.66 ms cpu, 3->4->1 MB, 4 MB goal, 0 MB stacks, 0 MB globals, 8 P
gc 2302 @10.013s 7%: 0.076+0.57+0.064 ms clock, 0.61+0.91/0.65/0+0.51 ms cpu, 3->3->1 MB, 4 MB goal, 0 MB stacks, 0 MB globals, 8 P
gc 2303 @10.015s 7%: 0.11+0.77+0.081 ms clock, 0.93+0.72/0.87/0+0.65 ms cpu, 3->3->1 MB, 4 MB goal, 0 MB stacks, 0 MB globals, 8 P
gc 2304 @10.018s 7%: 0.15+0.58+0.095 ms clock, 1.2+0.76/0.77/0+0.76 ms cpu, 3->3->1 MB, 4 MB goal, 0 MB stacks, 0 MB globals, 8 P
gc 2305 @10.020s 7%: 0.11+0.81+0.078 ms clock, 0.89+0.72/0.74/0+0.62 ms cpu, 3->3->1 MB, 4 MB goal, 0 MB stacks, 0 MB globals, 8 P
gc 2306 @10.023s 7%: 0.098+0.66+0.087 ms clock, 0.78+0.90/0.65/0+0.69 ms cpu, 3->3->1 MB, 4 MB goal, 0 MB stacks, 0 MB globals, 8 P
gc 2307 @10.025s 7%: 0.094+0.48+0.11 ms clock, 0.75+0.72/0.79/0+0.93 ms cpu, 3->3->1 MB, 4 MB goal, 0 MB stacks, 0 MB globals, 8 P
gc 2308 @10.028s 7%: 0.15+0.81+0.10 ms clock, 1.2+0.80/0.76/0+0.80 ms cpu, 3->3->1 MB, 4 MB goal, 0 MB stacks, 0 MB globals, 8 P
gc 2309 @10.030s 7%: 0.19+1.1+0.080 ms clock, 1.5+0.88/0.79/0+0.64 ms cpu, 3->4->1 MB, 4 MB goal, 0 MB stacks, 0 MB globals, 8 P
gc 2310 @10.033s 7%: 0.077+0.89+0.048 ms clock, 0.61+0.70/0.79/0+0.38 ms cpu, 3->4->1 MB, 4 MB goal, 0 MB stacks, 0 MB globals, 8 P
gc 2311 @10.036s 7%: 0.13+0.65+0.11 ms clock, 1.0+0.81/0.73/0+0.90 ms cpu, 3->3->1 MB, 4 MB goal, 0 MB stacks, 0 MB globals, 8 P
gc 2312 @10.038s 7%: 0.13+0.72+0.089 ms clock, 1.0+0.81/0.84/0+0.71 ms cpu, 3->3->1 MB, 4 MB goal, 0 MB stacks, 0 MB globals, 8 P
gc 2313 @10.041s 7%: 0.13+0.74+0.13 ms clock, 1.0+0.81/0.76/0+1.0 ms cpu, 3->3->1 MB, 4 MB goal, 0 MB stacks, 0 MB globals, 8 P
gc 2314 @10.043s 7%: 0.13+1.0+0.097 ms clock, 1.0+0.68/0.83/0+0.78 ms cpu, 3->4->1 MB, 4 MB goal, 0 MB stacks, 0 MB globals, 8 P
gc 2315 @10.046s 7%: 0.083+0.65+0.086 ms clock, 0.66+0.88/0.65/0+0.69 ms cpu, 3->3->1 MB, 4 MB goal, 0 MB stacks, 0 MB globals, 8 P
gc 2316 @10.049s 7%: 0.086+0.55+0.052 ms clock, 0.69+0.64/0.64/0+0.41 ms cpu, 3->3->1 MB, 4 MB goal, 0 MB stacks, 0 MB globals, 8 P
gc 2317 @10.051s 7%: 0.13+0.67+0.098 ms clock, 1.0+0.73/0.76/0+0.78 ms cpu, 3->3->1 MB, 4 MB goal, 0 MB stacks, 0 MB globals, 8 P
gc 2318 @10.054s 7%: 0.076+0.59+0.073 ms clock, 0.61+0.73/0.71/0+0.58 ms cpu, 3->3->1 MB, 4 MB goal, 0 MB stacks, 0 MB globals, 8 P
gc 2319 @10.056s 7%: 0.11+0.59+0.095 ms clock, 0.94+0.79/0.80/0+0.76 ms cpu, 3->3->1 MB, 4 MB goal, 0 MB stacks, 0 MB globals, 8 P
gc 2320 @10.059s 7%: 0.099+0.76+0.10 ms clock, 0.79+0.80/0.81/0+0.81 ms cpu, 3->3->1 MB, 4 MB goal, 0 MB stacks, 0 MB globals, 8 P
gc 2321 @10.061s 7%: 0.082+0.63+0.093 ms clock, 0.66+0.80/0.79/0+0.75 ms cpu, 3->3->1 MB, 4 MB goal, 0 MB stacks, 0 MB globals, 8 P
gc 2322 @10.064s 7%: 0.14+0.68+0.067 ms clock, 1.1+0.85/0.76/0+0.53 ms cpu, 3->3->1 MB, 4 MB goal, 0 MB stacks, 0 MB globals, 8 P
gc 2323 @10.066s 7%: 0.11+1.5+0.15 ms clock, 0.91+0.62/0.73/0+1.2 ms cpu, 3->3->1 MB, 4 MB goal, 0 MB stacks, 0 MB globals, 8 P
gc 2324 @10.069s 7%: 0.17+0.72+0.10 ms clock, 1.4+0.58/0.98/0+0.85 ms cpu, 3->4->1 MB, 4 MB goal, 0 MB stacks, 0 MB globals, 8 P
gc 2325 @10.071s 7%: 0.085+1.1+0.064 ms clock, 0.68+0.69/0.84/0+0.51 ms cpu, 3->4->1 MB, 4 MB goal, 0 MB stacks, 0 MB globals, 8 P
gc 2326 @10.074s 7%: 0.11+0.91+0.072 ms clock, 0.88+0.70/0.94/0+0.57 ms cpu, 3->4->1 MB, 4 MB goal, 0 MB stacks, 0 MB globals, 8 P
gc 2327 @10.077s 7%: 0.10+0.78+0.076 ms clock, 0.81+0.72/0.89/0+0.60 ms cpu, 3->3->1 MB, 4 MB goal, 0 MB stacks, 0 MB globals, 8 P
gc 2328 @10.080s 7%: 0.097+0.73+0.10 ms clock, 0.78+0.72/0.82/0+0.82 ms cpu, 3->3->1 MB, 4 MB goal, 0 MB stacks, 0 MB globals, 8 P
gc 2329 @10.082s 7%: 0.14+0.70+0.11 ms clock, 1.1+0.80/0.84/0+0.92 ms cpu, 3->3->1 MB, 4 MB goal, 0 MB stacks, 0 MB globals, 8 P
gc 2330 @10.084s 7%: 0.086+0.57+0.10 ms clock, 0.68+0.67/0.81/0+0.84 ms cpu, 3->3->1 MB, 4 MB goal, 0 MB stacks, 0 MB globals, 8 P
gc 2331 @10.087s 7%: 0.11+0.67+0.16 ms clock, 0.94+0.81/0.84/0+1.3 ms cpu, 3->3->1 MB, 4 MB goal, 0 MB stacks, 0 MB globals, 8 P
gc 2332 @10.089s 7%: 0.16+0.78+0.13 ms clock, 1.3+0.74/0.88/0+1.0 ms cpu, 3->3->1 MB, 4 MB goal, 0 MB stacks, 0 MB globals, 8 P
gc 2333 @10.092s 7%: 0.11+0.63+0.091 ms clock, 0.94+0.81/0.79/0+0.72 ms cpu, 3->3->1 MB, 4 MB goal, 0 MB stacks, 0 MB globals, 8 P
gc 2334 @10.094s 7%: 0.12+0.83+0.084 ms clock, 0.99+0.68/0.85/0+0.67 ms cpu, 3->3->1 MB, 4 MB goal, 0 MB stacks, 0 MB globals, 8 P
gc 2335 @10.097s 7%: 0.13+1.1+0.089 ms clock, 1.0+0.74/0.80/0+0.71 ms cpu, 3->4->1 MB, 4 MB goal, 0 MB stacks, 0 MB globals, 8 P
gc 2336 @10.100s 7%: 0.099+0.56+0.063 ms clock, 0.79+0.87/0.58/0+0.51 ms cpu, 3->3->1 MB, 4 MB goal, 0 MB stacks, 0 MB globals, 8 P
gc 2337 @10.102s 7%: 0.076+0.58+0.12 ms clock, 0.61+0.89/0.77/0+0.98 ms cpu, 3->3->1 MB, 4 MB goal, 0 MB stacks, 0 MB globals, 8 P
gc 2338 @10.105s 7%: 0.090+0.61+0.15 ms clock, 0.72+0.71/0.78/0+1.2 ms cpu, 3->3->1 MB, 4 MB goal, 0 MB stacks, 0 MB globals, 8 P
gc 2339 @10.107s 7%: 0.11+0.65+0.063 ms clock, 0.89+0.92/0.86/0+0.51 ms cpu, 3->3->1 MB, 4 MB goal, 0 MB stacks, 0 MB globals, 8 P
gc 2340 @10.110s 7%: 0.13+0.87+0.041 ms clock, 1.0+0.76/0.75/0+0.33 ms cpu, 3->3->1 MB, 4 MB goal, 0 MB stacks, 0 MB globals, 8 P
gc 2341 @10.112s 7%: 0.11+0.63+0.075 ms clock, 0.93+0.87/0.87/0+0.60 ms cpu, 3->3->1 MB, 4 MB goal, 0 MB stacks, 0 MB globals, 8 P
gc 2342 @10.115s 7%: 0.097+0.98+0.10 ms clock, 0.77+0.71/0.81/0+0.84 ms cpu, 3->4->1 MB, 4 MB goal, 0 MB stacks, 0 MB globals, 8 P
gc 2343 @10.118s 7%: 0.097+0.60+0.092 ms clock, 0.77+0.84/0.73/0+0.74 ms cpu, 3->3->1 MB, 4 MB goal, 0 MB stacks, 0 MB globals, 8 P
gc 2344 @10.120s 7%: 0.11+0.73+0.092 ms clock, 0.94+0.61/0.84/0+0.74 ms cpu, 3->3->1 MB, 4 MB goal, 0 MB stacks, 0 MB globals, 8 P
gc 2345 @10.122s 7%: 0.17+0.57+0.14 ms clock, 1.4+0.74/0.76/0+1.1 ms cpu, 3->3->1 MB, 4 MB goal, 0 MB stacks, 0 MB globals, 8 P
gc 2346 @10.125s 7%: 0.17+0.63+0.081 ms clock, 1.3+0.72/0.76/0+0.65 ms cpu, 3->3->1 MB, 4 MB goal, 0 MB stacks, 0 MB globals, 8 P
gc 2347 @10.127s 7%: 0.15+0.59+0.054 ms clock, 1.2+0.52/0.93/0+0.43 ms cpu, 3->3->1 MB, 4 MB goal, 0 MB stacks, 0 MB globals, 8 P
gc 2348 @10.130s 7%: 0.14+0.63+0.13 ms clock, 1.1+0.69/0.88/0+1.0 ms cpu, 3->3->1 MB, 4 MB goal, 0 MB stacks, 0 MB globals, 8 P
gc 2349 @10.132s 7%: 0.10+0.63+0.046 ms clock, 0.86+0.79/0.74/0+0.37 ms cpu, 3->3->1 MB, 4 MB goal, 0 MB stacks, 0 MB globals, 8 P
gc 2350 @10.135s 7%: 0.10+0.64+0.040 ms clock, 0.87+0.68/0.82/0+0.32 ms cpu, 3->3->1 MB, 4 MB goal, 0 MB stacks, 0 MB globals, 8 P
gc 2351 @10.137s 7%: 0.10+0.86+0.071 ms clock, 0.86+0.77/0.69/0+0.56 ms cpu, 3->3->1 MB, 4 MB goal, 0 MB stacks, 0 MB globals, 8 P
gc 2352 @10.140s 7%: 0.14+0.59+0.083 ms clock, 1.1+0.65/0.88/0+0.66 ms cpu, 3->3->1 MB, 4 MB goal, 0 MB stacks, 0 MB globals, 8 P
gc 2353 @10.142s 7%: 0.099+0.68+0.098 ms clock, 0.79+0.66/0.86/0+0.78 ms cpu, 3->3->1 MB, 4 MB goal, 0 MB stacks, 0 MB globals, 8 P
gc 2354 @10.145s 7%: 0.13+0.61+0.086 ms clock, 1.1+0.77/0.80/0+0.69 ms cpu, 3->3->1 MB, 4 MB goal, 0 MB stacks, 0 MB globals, 8 P
gc 2355 @10.148s 7%: 0.12+1.0+0.10 ms clock, 0.97+1.3/1.1/0.12+0.80 ms cpu, 3->4->1 MB, 4 MB goal, 0 MB stacks, 0 MB globals, 8 P
gc 2356 @10.150s 7%: 0.10+1.1+0.034 ms clock, 0.87+1.3/0.78/0+0.27 ms cpu, 3->4->1 MB, 4 MB goal, 0 MB stacks, 0 MB globals, 8 P
gc 2357 @10.153s 7%: 0.11+0.84+0.035 ms clock, 0.94+0.65/0.64/0.068+0.28 ms cpu, 3->4->1 MB, 4 MB goal, 0 MB stacks, 0 MB globals, 8 P
gc 2358 @10.156s 7%: 0.074+1.0+0.037 ms clock, 0.59+0.66/0.93/0+0.29 ms cpu, 3->4->1 MB, 4 MB goal, 0 MB stacks, 0 MB globals, 8 P
gc 2359 @10.158s 7%: 0.13+0.71+0.12 ms clock, 1.0+0.72/0.80/0+1.0 ms cpu, 3->3->1 MB, 4 MB goal, 0 MB stacks, 0 MB globals, 8 P
gc 2360 @10.161s 7%: 0.088+0.60+0.057 ms clock, 0.70+0.67/0.85/0+0.46 ms cpu, 3->3->1 MB, 4 MB goal, 0 MB stacks, 0 MB globals, 8 P
gc 2361 @10.163s 7%: 0.10+0.63+0.10 ms clock, 0.86+0.64/0.86/0+0.86 ms cpu, 3->3->1 MB, 4 MB goal, 0 MB stacks, 0 MB globals, 8 P
gc 2362 @10.166s 7%: 0.099+0.50+0.066 ms clock, 0.79+0.74/0.74/0+0.52 ms cpu, 3->3->1 MB, 4 MB goal, 0 MB stacks, 0 MB globals, 8 P
gc 2363 @10.168s 7%: 0.13+0.65+0.059 ms clock, 1.0+0.66/0.86/0+0.47 ms cpu, 3->3->1 MB, 4 MB goal, 0 MB stacks, 0 MB globals, 8 P
gc 2364 @10.171s 7%: 0.18+1.0+0.095 ms clock, 1.4+0.73/0.83/0+0.76 ms cpu, 3->4->2 MB, 4 MB goal, 0 MB stacks, 0 MB globals, 8 P
gc 2365 @10.174s 7%: 0.084+0.59+0.10 ms clock, 0.67+0.67/0.73/0+0.83 ms cpu, 3->4->1 MB, 4 MB goal, 0 MB stacks, 0 MB globals, 8 P
gc 2366 @10.176s 7%: 0.11+1.0+0.079 ms clock, 0.95+0.78/0.91/0+0.63 ms cpu, 3->3->1 MB, 4 MB goal, 0 MB stacks, 0 MB globals, 8 P
gc 2367 @10.179s 7%: 0.11+1.2+0.020 ms clock, 0.91+0.73/0.86/0+0.16 ms cpu, 3->4->2 MB, 4 MB goal, 0 MB stacks, 0 MB globals, 8 P
gc 2368 @10.182s 7%: 0.10+0.57+0.13 ms clock, 0.80+0.79/0.80/0+1.0 ms cpu, 3->4->1 MB, 4 MB goal, 0 MB stacks, 0 MB globals, 8 P
gc 2369 @10.185s 7%: 0.14+0.86+0.12 ms clock, 1.1+0.63/0.77/0+0.99 ms cpu, 3->3->1 MB, 4 MB goal, 0 MB stacks, 0 MB globals, 8 P
gc 2370 @10.187s 7%: 0.12+1.6+0.10 ms clock, 1.0+0.64/0.84/0+0.84 ms cpu, 3->4->1 MB, 4 MB goal, 0 MB stacks, 0 MB globals, 8 P
gc 2371 @10.190s 7%: 0.10+0.62+0.098 ms clock, 0.80+0.74/0.77/0+0.78 ms cpu, 3->3->1 MB, 4 MB goal, 0 MB stacks, 0 MB globals, 8 P
gc 2372 @10.192s 7%: 0.10+0.93+0.10 ms clock, 0.82+0.70/0.77/0+0.81 ms cpu, 3->3->1 MB, 4 MB goal, 0 MB stacks, 0 MB globals, 8 P
gc 2373 @10.195s 7%: 0.083+0.52+0.051 ms clock, 0.66+0.78/0.76/0+0.41 ms cpu, 3->3->1 MB, 4 MB goal, 0 MB stacks, 0 MB globals, 8 P
gc 2374 @10.198s 7%: 0.097+1.1+0.11 ms clock, 0.78+0.82/0.69/0+0.89 ms cpu, 3->4->2 MB, 4 MB goal, 0 MB stacks, 0 MB globals, 8 P
gc 2375 @10.201s 7%: 0.18+1.1+0.092 ms clock, 1.4+0.63/0.86/0+0.73 ms cpu, 3->4->2 MB, 4 MB goal, 0 MB stacks, 0 MB globals, 8 P
gc 2376 @10.204s 7%: 0.091+0.61+0.13 ms clock, 0.73+0.83/0.79/0+1.1 ms cpu, 3->4->1 MB, 4 MB goal, 0 MB stacks, 0 MB globals, 8 P
gc 2377 @10.207s 7%: 0.12+0.70+0.074 ms clock, 0.99+0.75/0.95/0+0.59 ms cpu, 3->3->1 MB, 4 MB goal, 0 MB stacks, 0 MB globals, 8 P
gc 2378 @10.209s 7%: 0.12+0.69+0.10 ms clock, 1.0+0.75/0.88/0+0.81 ms cpu, 3->3->1 MB, 4 MB goal, 0 MB stacks, 0 MB globals, 8 P
gc 2379 @10.212s 7%: 0.085+0.60+0.11 ms clock, 0.68+0.88/0.76/0+0.90 ms cpu, 3->3->1 MB, 4 MB goal, 0 MB stacks, 0 MB globals, 8 P
gc 2380 @10.214s 7%: 0.13+0.53+0.066 ms clock, 1.0+0.85/0.83/0+0.53 ms cpu, 3->3->1 MB, 4 MB goal, 0 MB stacks, 0 MB globals, 8 P
gc 2381 @10.216s 7%: 0.11+0.55+0.067 ms clock, 0.94+0.74/0.71/0+0.54 ms cpu, 3->3->1 MB, 4 MB goal, 0 MB stacks, 0 MB globals, 8 P
gc 2382 @10.219s 7%: 0.17+0.64+0.093 ms clock, 1.3+0.66/0.78/0+0.74 ms cpu, 3->3->1 MB, 4 MB goal, 0 MB stacks, 0 MB globals, 8 P
gc 2383 @10.222s 7%: 0.10+0.70+0.11 ms clock, 0.85+0.88/0.77/0+0.89 ms cpu, 3->3->1 MB, 4 MB goal, 0 MB stacks, 0 MB globals, 8 P
gc 2384 @10.224s 7%: 0.15+0.63+0.10 ms clock, 1.2+0.78/0.72/0+0.82 ms cpu, 3->3->1 MB, 4 MB goal, 0 MB stacks, 0 MB globals, 8 P
gc 2385 @10.227s 7%: 0.20+0.56+0.10 ms clock, 1.6+0.77/0.76/0+0.80 ms cpu, 3->3->1 MB, 4 MB goal, 0 MB stacks, 0 MB globals, 8 P
gc 2386 @10.229s 7%: 0.098+0.83+0.069 ms clock, 0.79+0.71/0.65/0+0.55 ms cpu, 3->3->1 MB, 4 MB goal, 0 MB stacks, 0 MB globals, 8 P
gc 2387 @10.232s 7%: 0.12+0.79+0.094 ms clock, 0.98+0.80/0.73/0+0.75 ms cpu, 3->3->1 MB, 4 MB goal, 0 MB stacks, 0 MB globals, 8 P
gc 2388 @10.234s 7%: 0.097+0.65+0.090 ms clock, 0.78+0.78/0.86/0+0.72 ms cpu, 3->3->1 MB, 4 MB goal, 0 MB stacks, 0 MB globals, 8 P
gc 2389 @10.237s 7%: 0.069+0.77+0.064 ms clock, 0.55+0.71/0.71/0+0.51 ms cpu, 3->3->1 MB, 4 MB goal, 0 MB stacks, 0 MB globals, 8 P
gc 2390 @10.239s 7%: 0.13+0.69+0.10 ms clock, 1.1+0.96/0.67/0+0.87 ms cpu, 3->3->1 MB, 4 MB goal, 0 MB stacks, 0 MB globals, 8 P
gc 2391 @10.242s 7%: 0.10+0.89+0.071 ms clock, 0.87+0.76/0.74/0+0.57 ms cpu, 3->3->1 MB, 4 MB goal, 0 MB stacks, 0 MB globals, 8 P
gc 2392 @10.244s 7%: 0.14+0.74+0.11 ms clock, 1.1+0.71/0.74/0+0.92 ms cpu, 3->3->1 MB, 4 MB goal, 0 MB stacks, 0 MB globals, 8 P
gc 2393 @10.247s 7%: 0.075+1.2+0.12 ms clock, 0.60+0.79/0.92/0+0.96 ms cpu, 3->4->1 MB, 4 MB goal, 0 MB stacks, 0 MB globals, 8 P
gc 2394 @10.250s 7%: 0.14+0.92+0.093 ms clock, 1.1+0.69/0.85/0+0.74 ms cpu, 3->4->1 MB, 4 MB goal, 0 MB stacks, 0 MB globals, 8 P
gc 2395 @10.253s 7%: 0.059+0.60+0.066 ms clock, 0.47+0.83/0.74/0+0.53 ms cpu, 3->3->1 MB, 4 MB goal, 0 MB stacks, 0 MB globals, 8 P
gc 2396 @10.255s 7%: 0.14+0.74+0.093 ms clock, 1.1+0.82/0.85/0+0.75 ms cpu, 3->3->1 MB, 4 MB goal, 0 MB stacks, 0 MB globals, 8 P
gc 2397 @10.258s 7%: 0.10+0.59+0.11 ms clock, 0.83+0.59/0.77/0+0.93 ms cpu, 3->3->1 MB, 4 MB goal, 0 MB stacks, 0 MB globals, 8 P
gc 2398 @10.260s 7%: 0.12+0.66+0.074 ms clock, 0.99+0.71/0.84/0+0.59 ms cpu, 3->3->1 MB, 4 MB goal, 0 MB stacks, 0 MB globals, 8 P
gc 2399 @10.263s 7%: 0.090+0.57+0.081 ms clock, 0.72+0.63/0.70/0+0.65 ms cpu, 3->3->1 MB, 4 MB goal, 0 MB stacks, 0 MB globals, 8 P
gc 2400 @10.265s 7%: 0.10+0.58+0.084 ms clock, 0.82+0.69/0.82/0+0.67 ms cpu, 3->3->1 MB, 4 MB goal, 0 MB stacks, 0 MB globals, 8 P
gc 2401 @10.268s 7%: 0.20+0.83+0.050 ms clock, 1.6+0.78/0.70/0+0.40 ms cpu, 3->4->1 MB, 4 MB goal, 0 MB stacks, 0 MB globals, 8 P
gc 2402 @10.270s 7%: 0.11+0.87+0.086 ms clock, 0.92+0.71/0.85/0+0.69 ms cpu, 3->4->1 MB, 4 MB goal, 0 MB stacks, 0 MB globals, 8 P
gc 2403 @10.273s 7%: 0.096+1.1+0.075 ms clock, 0.77+0.81/0.68/0+0.60 ms cpu, 3->4->2 MB, 4 MB goal, 0 MB stacks, 0 MB globals, 8 P
gc 2404 @10.276s 7%: 0.12+1.4+0.074 ms clock, 0.96+0.40/0.93/0+0.59 ms cpu, 3->4->2 MB, 4 MB goal, 0 MB stacks, 0 MB globals, 8 P
gc 2405 @10.280s 7%: 0.10+0.87+0.086 ms clock, 0.82+0.64/0.82/0+0.68 ms cpu, 3->4->1 MB, 4 MB goal, 0 MB stacks, 0 MB globals, 8 P
gc 2406 @10.282s 7%: 0.071+0.94+0.090 ms clock, 0.57+0.85/0.78/0+0.72 ms cpu, 3->4->1 MB, 4 MB goal, 0 MB stacks, 0 MB globals, 8 P
gc 2407 @10.285s 7%: 0.10+0.57+0.11 ms clock, 0.82+0.81/0.70/0+0.94 ms cpu, 3->3->1 MB, 4 MB goal, 0 MB stacks, 0 MB globals, 8 P
gc 2408 @10.287s 7%: 0.10+0.61+0.087 ms clock, 0.86+0.73/0.84/0+0.70 ms cpu, 3->3->1 MB, 4 MB goal, 0 MB stacks, 0 MB globals, 8 P
gc 2409 @10.290s 7%: 0.15+1.0+0.10 ms clock, 1.2+0.79/0.90/0+0.80 ms cpu, 3->4->1 MB, 4 MB goal, 0 MB stacks, 0 MB globals, 8 P
gc 2410 @10.293s 7%: 0.058+1.0+0.086 ms clock, 0.46+0.89/0.72/0+0.68 ms cpu, 3->4->1 MB, 4 MB goal, 0 MB stacks, 0 MB globals, 8 P
gc 2411 @10.296s 7%: 0.14+0.62+0.082 ms clock, 1.1+0.81/0.78/0+0.65 ms cpu, 3->3->1 MB, 4 MB goal, 0 MB stacks, 0 MB globals, 8 P
gc 2412 @10.298s 7%: 0.13+0.99+0.13 ms clock, 1.0+0.78/0.82/0+1.1 ms cpu, 3->4->1 MB, 4 MB goal, 0 MB stacks, 0 MB globals, 8 P
gc 2413 @10.301s 7%: 0.13+0.54+0.070 ms clock, 1.0+0.83/0.68/0+0.56 ms cpu, 3->4->1 MB, 4 MB goal, 0 MB stacks, 0 MB globals, 8 P
gc 2414 @10.303s 7%: 0.077+0.58+0.080 ms clock, 0.61+0.87/0.77/0+0.64 ms cpu, 3->3->1 MB, 4 MB goal, 0 MB stacks, 0 MB globals, 8 P
gc 2415 @10.306s 7%: 0.11+0.79+0.068 ms clock, 0.89+0.74/0.80/0+0.54 ms cpu, 3->3->1 MB, 4 MB goal, 0 MB stacks, 0 MB globals, 8 P
gc 2416 @10.309s 7%: 0.10+0.57+0.17 ms clock, 0.81+0.66/0.76/0+1.3 ms cpu, 3->3->1 MB, 4 MB goal, 0 MB stacks, 0 MB globals, 8 P
gc 2417 @10.311s 7%: 0.065+0.56+0.098 ms clock, 0.52+0.93/0.62/0+0.78 ms cpu, 3->3->1 MB, 4 MB goal, 0 MB stacks, 0 MB globals, 8 P
gc 2418 @10.313s 7%: 0.13+0.77+0.095 ms clock, 1.0+0.75/0.59/0+0.76 ms cpu, 3->3->1 MB, 4 MB goal, 0 MB stacks, 0 MB globals, 8 P
gc 2419 @10.316s 7%: 0.099+1.0+0.071 ms clock, 0.79+0.69/0.85/0+0.57 ms cpu, 3->4->1 MB, 4 MB goal, 0 MB stacks, 0 MB globals, 8 P
gc 2420 @10.319s 7%: 0.095+0.95+0.11 ms clock, 0.76+0.69/0.77/0+0.92 ms cpu, 3->4->1 MB, 4 MB goal, 0 MB stacks, 0 MB globals, 8 P
gc 2421 @10.322s 7%: 0.091+1.2+0.067 ms clock, 0.73+0.85/0.75/0+0.54 ms cpu, 3->4->1 MB, 4 MB goal, 0 MB stacks, 0 MB globals, 8 P
gc 2422 @10.325s 7%: 0.13+0.94+0.066 ms clock, 1.0+0.68/0.82/0+0.53 ms cpu, 3->4->1 MB, 4 MB goal, 0 MB stacks, 0 MB globals, 8 P
gc 2423 @10.327s 7%: 0.14+0.75+0.095 ms clock, 1.1+0.77/0.81/0+0.76 ms cpu, 3->3->1 MB, 4 MB goal, 0 MB stacks, 0 MB globals, 8 P
gc 2424 @10.330s 7%: 0.12+1.3+0.091 ms clock, 1.0+0.76/0.93/0+0.73 ms cpu, 3->4->2 MB, 4 MB goal, 0 MB stacks, 0 MB globals, 8 P
gc 2425 @10.333s 7%: 0.14+0.61+0.062 ms clock, 1.1+0.81/0.79/0+0.49 ms cpu, 3->4->1 MB, 4 MB goal, 0 MB stacks, 0 MB globals, 8 P
gc 2426 @10.336s 7%: 0.095+0.58+0.20 ms clock, 0.76+0.76/0.73/0+1.6 ms cpu, 3->3->1 MB, 4 MB goal, 0 MB stacks, 0 MB globals, 8 P
gc 2427 @10.338s 7%: 0.18+1.1+0.11 ms clock, 1.4+0.81/0.86/0+0.94 ms cpu, 3->4->2 MB, 4 MB goal, 0 MB stacks, 0 MB globals, 8 P
gc 2428 @10.341s 7%: 0.15+0.64+0.13 ms clock, 1.2+0.68/0.84/0.092+1.0 ms cpu, 3->4->1 MB, 4 MB goal, 0 MB stacks, 0 MB globals, 8 P
gc 2429 @10.344s 7%: 0.15+1.1+0.072 ms clock, 1.2+0.90/0.71/0+0.57 ms cpu, 3->4->1 MB, 4 MB goal, 0 MB stacks, 0 MB globals, 8 P
gc 2430 @10.347s 7%: 0.12+0.69+0.15 ms clock, 0.96+0.82/0.88/0+1.2 ms cpu, 3->4->1 MB, 4 MB goal, 0 MB stacks, 0 MB globals, 8 P
gc 2431 @10.349s 7%: 0.11+1.1+0.053 ms clock, 0.95+0.84/0.67/0+0.42 ms cpu, 3->3->1 MB, 4 MB goal, 0 MB stacks, 0 MB globals, 8 P
gc 2432 @10.352s 7%: 0.12+0.64+0.065 ms clock, 1.0+0.77/0.88/0+0.52 ms cpu, 3->3->1 MB, 4 MB goal, 0 MB stacks, 0 MB globals, 8 P
gc 2433 @10.355s 7%: 0.13+0.55+0.087 ms clock, 1.1+0.73/0.67/0+0.70 ms cpu, 3->3->1 MB, 4 MB goal, 0 MB stacks, 0 MB globals, 8 P
gc 2434 @10.357s 7%: 0.076+0.64+0.081 ms clock, 0.61+0.68/0.86/0+0.64 ms cpu, 3->3->1 MB, 4 MB goal, 0 MB stacks, 0 MB globals, 8 P
gc 2435 @10.360s 7%: 0.13+0.65+0.084 ms clock, 1.0+0.89/0.95/0+0.67 ms cpu, 3->3->1 MB, 4 MB goal, 0 MB stacks, 0 MB globals, 8 P
gc 2436 @10.362s 7%: 0.18+1.1+0.066 ms clock, 1.5+0.91/0.71/0+0.53 ms cpu, 3->4->2 MB, 4 MB goal, 0 MB stacks, 0 MB globals, 8 P
gc 2437 @10.365s 7%: 0.097+0.54+0.073 ms clock, 0.77+0.78/0.71/0+0.58 ms cpu, 3->4->1 MB, 4 MB goal, 0 MB stacks, 0 MB globals, 8 P
gc 2438 @10.368s 7%: 0.067+0.82+0.12 ms clock, 0.53+0.77/1.0/0+0.97 ms cpu, 3->3->1 MB, 4 MB goal, 0 MB stacks, 0 MB globals, 8 P
gc 2439 @10.370s 7%: 0.12+0.61+0.099 ms clock, 1.0+0.74/0.77/0+0.79 ms cpu, 3->3->1 MB, 4 MB goal, 0 MB stacks, 0 MB globals, 8 P
gc 2440 @10.373s 7%: 0.15+1.2+0.10 ms clock, 1.2+0.74/0.78/0+0.84 ms cpu, 3->4->2 MB, 4 MB goal, 0 MB stacks, 0 MB globals, 8 P
gc 2441 @10.376s 7%: 0.073+0.56+0.076 ms clock, 0.58+0.70/0.76/0+0.60 ms cpu, 3->4->1 MB, 4 MB goal, 0 MB stacks, 0 MB globals, 8 P
gc 2442 @10.379s 7%: 0.082+0.57+0.055 ms clock, 0.66+0.76/0.67/0+0.44 ms cpu, 3->3->1 MB, 4 MB goal, 0 MB stacks, 0 MB globals, 8 P
gc 2443 @10.381s 7%: 0.099+0.61+0.082 ms clock, 0.79+0.78/0.64/0+0.65 ms cpu, 3->3->1 MB, 4 MB goal, 0 MB stacks, 0 MB globals, 8 P
gc 2444 @10.383s 7%: 0.13+0.93+0.10 ms clock, 1.0+0.79/0.71/0+0.81 ms cpu, 3->3->1 MB, 4 MB goal, 0 MB stacks, 0 MB globals, 8 P
gc 2445 @10.386s 7%: 0.11+0.95+0.11 ms clock, 0.90+0.75/0.64/0+0.90 ms cpu, 3->4->1 MB, 4 MB goal, 0 MB stacks, 0 MB globals, 8 P
gc 2446 @10.389s 7%: 0.079+0.66+0.13 ms clock, 0.63+0.67/0.78/0+1.0 ms cpu, 3->4->1 MB, 4 MB goal, 0 MB stacks, 0 MB globals, 8 P
gc 2447 @10.391s 7%: 0.095+0.88+0.15 ms clock, 0.76+0.63/0.85/0+1.2 ms cpu, 3->3->1 MB, 4 MB goal, 0 MB stacks, 0 MB globals, 8 P
gc 2448 @10.394s 7%: 0.098+1.0+0.046 ms clock, 0.78+0.83/0.77/0+0.37 ms cpu, 3->4->1 MB, 4 MB goal, 0 MB stacks, 0 MB globals, 8 P
gc 2449 @10.397s 7%: 0.15+0.62+0.062 ms clock, 1.2+0.63/0.81/0+0.49 ms cpu, 3->3->1 MB, 4 MB goal, 0 MB stacks, 0 MB globals, 8 P
gc 2450 @10.399s 7%: 0.15+0.55+0.072 ms clock, 1.2+0.87/0.69/0+0.58 ms cpu, 3->3->1 MB, 4 MB goal, 0 MB stacks, 0 MB globals, 8 P
gc 2451 @10.402s 7%: 0.10+0.96+0.10 ms clock, 0.80+0.58/0.88/0+0.83 ms cpu, 3->3->1 MB, 4 MB goal, 0 MB stacks, 0 MB globals, 8 P
gc 2452 @10.404s 7%: 0.10+0.87+0.076 ms clock, 0.87+0.81/0.70/0+0.61 ms cpu, 3->4->1 MB, 4 MB goal, 0 MB stacks, 0 MB globals, 8 P
gc 2453 @10.407s 7%: 0.11+0.61+0.14 ms clock, 0.93+0.49/0.76/0+1.1 ms cpu, 3->3->1 MB, 4 MB goal, 0 MB stacks, 0 MB globals, 8 P
gc 2454 @10.409s 7%: 0.10+0.59+0.10 ms clock, 0.81+0.80/0.69/0+0.87 ms cpu, 3->3->1 MB, 4 MB goal, 0 MB stacks, 0 MB globals, 8 P
gc 2455 @10.412s 7%: 0.10+1.2+0.096 ms clock, 0.85+0.68/0.86/0+0.77 ms cpu, 3->4->2 MB, 4 MB goal, 0 MB stacks, 0 MB globals, 8 P
gc 2456 @10.415s 7%: 0.15+0.48+0.11 ms clock, 1.2+0.72/0.69/0+0.90 ms cpu, 3->4->1 MB, 4 MB goal, 0 MB stacks, 0 MB globals, 8 P
gc 2457 @10.418s 7%: 0.12+0.94+0.12 ms clock, 1.0+0.97/0.48/0+0.96 ms cpu, 3->3->1 MB, 4 MB goal, 0 MB stacks, 0 MB globals, 8 P
gc 2458 @10.420s 7%: 0.12+0.53+0.11 ms clock, 1.0+0.72/0.76/0+0.91 ms cpu, 3->3->1 MB, 4 MB goal, 0 MB stacks, 0 MB globals, 8 P
gc 2459 @10.423s 7%: 0.12+0.58+0.055 ms clock, 1.0+0.80/0.75/0+0.44 ms cpu, 3->3->1 MB, 4 MB goal, 0 MB stacks, 0 MB globals, 8 P
gc 2460 @10.425s 7%: 0.11+0.59+0.071 ms clock, 0.94+0.62/0.78/0+0.57 ms cpu, 3->3->1 MB, 4 MB goal, 0 MB stacks, 0 MB globals, 8 P
gc 2461 @10.428s 7%: 0.11+0.61+0.10 ms clock, 0.88+0.81/0.81/0+0.87 ms cpu, 3->3->1 MB, 4 MB goal, 0 MB stacks, 0 MB globals, 8 P
gc 2462 @10.430s 7%: 0.12+1.1+0.076 ms clock, 0.96+1.4/0.76/0+0.61 ms cpu, 3->4->1 MB, 4 MB goal, 0 MB stacks, 0 MB globals, 8 P
gc 2463 @10.433s 7%: 0.095+0.93+0.026 ms clock, 0.76+0.74/0.74/0+0.21 ms cpu, 3->4->1 MB, 4 MB goal, 0 MB stacks, 0 MB globals, 8 P
gc 2464 @10.436s 7%: 0.096+0.84+0.11 ms clock, 0.76+0.93/1.0/0+0.92 ms cpu, 3->3->1 MB, 4 MB goal, 0 MB stacks, 0 MB globals, 8 P
gc 2465 @10.438s 7%: 0.11+0.59+0.12 ms clock, 0.94+0.62/0.73/0+0.97 ms cpu, 3->3->1 MB, 4 MB goal, 0 MB stacks, 0 MB globals, 8 P
gc 2466 @10.441s 7%: 0.13+0.66+0.073 ms clock, 1.0+0.64/0.72/0+0.58 ms cpu, 3->3->1 MB, 4 MB goal, 0 MB stacks, 0 MB globals, 8 P
gc 2467 @10.443s 7%: 0.10+1.1+0.065 ms clock, 0.81+0.66/0.81/0+0.52 ms cpu, 3->4->1 MB, 4 MB goal, 0 MB stacks, 0 MB globals, 8 P
gc 2468 @10.446s 7%: 0.11+0.59+0.11 ms clock, 0.90+0.74/0.80/0+0.93 ms cpu, 3->3->1 MB, 4 MB goal, 0 MB stacks, 0 MB globals, 8 P
gc 2469 @10.449s 7%: 0.14+0.74+0.060 ms clock, 1.1+0.87/0.72/0+0.48 ms cpu, 3->3->1 MB, 4 MB goal, 0 MB stacks, 0 MB globals, 8 P
gc 2470 @10.451s 7%: 0.10+0.55+0.10 ms clock, 0.84+0.85/0.79/0+0.80 ms cpu, 3->3->1 MB, 4 MB goal, 0 MB stacks, 0 MB globals, 8 P
gc 2471 @10.454s 7%: 0.11+1.2+0.095 ms clock, 0.95+0.79/0.65/0+0.76 ms cpu, 3->4->1 MB, 4 MB goal, 0 MB stacks, 0 MB globals, 8 P
gc 2472 @10.457s 7%: 0.13+0.58+0.099 ms clock, 1.0+0.64/0.81/0+0.79 ms cpu, 3->4->1 MB, 4 MB goal, 0 MB stacks, 0 MB globals, 8 P
gc 2473 @10.459s 7%: 0.11+0.53+0.10 ms clock, 0.88+0.86/0.71/0+0.86 ms cpu, 3->3->1 MB, 4 MB goal, 0 MB stacks, 0 MB globals, 8 P
gc 2474 @10.462s 7%: 0.12+0.68+0.12 ms clock, 0.96+0.58/0.76/0+0.97 ms cpu, 3->3->1 MB, 4 MB goal, 0 MB stacks, 0 MB globals, 8 P
gc 2475 @10.464s 7%: 0.10+0.65+0.097 ms clock, 0.84+0.72/0.77/0+0.77 ms cpu, 3->3->1 MB, 4 MB goal, 0 MB stacks, 0 MB globals, 8 P
gc 2476 @10.467s 7%: 0.13+1.1+0.14 ms clock, 1.0+0.53/0.83/0+1.1 ms cpu, 3->4->1 MB, 4 MB goal, 0 MB stacks, 0 MB globals, 8 P
gc 2477 @10.469s 7%: 0.10+0.85+0.062 ms clock, 0.80+0.82/0.66/0+0.49 ms cpu, 3->4->1 MB, 4 MB goal, 0 MB stacks, 0 MB globals, 8 P
gc 2478 @10.472s 7%: 0.11+0.68+0.079 ms clock, 0.88+0.67/0.75/0+0.63 ms cpu, 3->3->1 MB, 4 MB goal, 0 MB stacks, 0 MB globals, 8 P
gc 2479 @10.475s 7%: 0.16+1.0+0.067 ms clock, 1.3+0.71/0.76/0+0.53 ms cpu, 3->3->1 MB, 4 MB goal, 0 MB stacks, 0 MB globals, 8 P
gc 2480 @10.477s 7%: 0.11+0.90+0.049 ms clock, 0.91+0.68/0.66/0+0.39 ms cpu, 3->4->1 MB, 4 MB goal, 0 MB stacks, 0 MB globals, 8 P
gc 2481 @10.480s 7%: 0.11+0.63+0.13 ms clock, 0.93+0.76/0.75/0+1.0 ms cpu, 3->3->1 MB, 4 MB goal, 0 MB stacks, 0 MB globals, 8 P
gc 2482 @10.482s 7%: 0.11+0.61+0.076 ms clock, 0.90+0.79/0.76/0+0.61 ms cpu, 3->3->1 MB, 4 MB goal, 0 MB stacks, 0 MB globals, 8 P
gc 2483 @10.485s 7%: 0.14+0.67+0.076 ms clock, 1.1+0.72/0.91/0+0.61 ms cpu, 3->3->1 MB, 4 MB goal, 0 MB stacks, 0 MB globals, 8 P
gc 2484 @10.487s 7%: 0.10+0.64+0.088 ms clock, 0.85+0.69/0.89/0+0.71 ms cpu, 3->3->1 MB, 4 MB goal, 0 MB stacks, 0 MB globals, 8 P
gc 2485 @10.490s 7%: 0.12+0.68+0.056 ms clock, 0.99+0.73/0.84/0+0.45 ms cpu, 3->3->1 MB, 4 MB goal, 0 MB stacks, 0 MB globals, 8 P
gc 2486 @10.492s 7%: 0.10+0.92+0.088 ms clock, 0.84+0.68/0.86/0+0.70 ms cpu, 3->3->1 MB, 4 MB goal, 0 MB stacks, 0 MB globals, 8 P
gc 2487 @10.495s 7%: 0.11+0.62+0.11 ms clock, 0.89+0.70/0.74/0+0.93 ms cpu, 3->3->1 MB, 4 MB goal, 0 MB stacks, 0 MB globals, 8 P
gc 2488 @10.498s 7%: 0.10+0.62+0.060 ms clock, 0.87+0.77/0.77/0+0.48 ms cpu, 3->3->1 MB, 4 MB goal, 0 MB stacks, 0 MB globals, 8 P
gc 2489 @10.500s 7%: 0.083+0.60+0.10 ms clock, 0.66+0.81/0.85/0+0.82 ms cpu, 3->3->1 MB, 4 MB goal, 0 MB stacks, 0 MB globals, 8 P
gc 2490 @10.503s 7%: 0.15+1.0+0.088 ms clock, 1.2+0.71/0.74/0+0.71 ms cpu, 3->3->1 MB, 4 MB goal, 0 MB stacks, 0 MB globals, 8 P
gc 2491 @10.505s 7%: 0.088+0.69+0.062 ms clock, 0.70+0.72/0.74/0+0.50 ms cpu, 3->4->1 MB, 4 MB goal, 0 MB stacks, 0 MB globals, 8 P
gc 2492 @10.508s 7%: 0.076+0.60+0.10 ms clock, 0.60+0.77/0.84/0+0.87 ms cpu, 3->3->1 MB, 4 MB goal, 0 MB stacks, 0 MB globals, 8 P
gc 2493 @10.510s 7%: 0.092+0.64+0.089 ms clock, 0.74+0.78/0.88/0+0.71 ms cpu, 3->3->1 MB, 4 MB goal, 0 MB stacks, 0 MB globals, 8 P
gc 2494 @10.513s 7%: 0.070+0.63+0.11 ms clock, 0.56+0.63/0.85/0+0.89 ms cpu, 3->3->1 MB, 4 MB goal, 0 MB stacks, 0 MB globals, 8 P
gc 2495 @10.515s 7%: 0.18+1.0+0.16 ms clock, 1.4+0.70/0.80/0+1.3 ms cpu, 3->3->1 MB, 4 MB goal, 0 MB stacks, 0 MB globals, 8 P
gc 2496 @10.518s 7%: 0.090+0.88+0.054 ms clock, 0.72+0.79/0.72/0+0.43 ms cpu, 3->3->1 MB, 4 MB goal, 0 MB stacks, 0 MB globals, 8 P
gc 2497 @10.521s 7%: 0.11+0.69+0.10 ms clock, 0.91+0.73/0.80/0+0.80 ms cpu, 3->3->1 MB, 4 MB goal, 0 MB stacks, 0 MB globals, 8 P
gc 2498 @10.523s 7%: 0.094+0.54+0.10 ms clock, 0.75+0.77/0.73/0+0.85 ms cpu, 3->3->1 MB, 4 MB goal, 0 MB stacks, 0 MB globals, 8 P
gc 2499 @10.526s 7%: 0.096+0.80+0.10 ms clock, 0.77+0.60/0.85/0+0.83 ms cpu, 3->3->1 MB, 4 MB goal, 0 MB stacks, 0 MB globals, 8 P
gc 2500 @10.528s 7%: 0.14+0.79+0.069 ms clock, 1.1+0.76/0.82/0+0.55 ms cpu, 3->3->1 MB, 4 MB goal, 0 MB stacks, 0 MB globals, 8 P
gc 2501 @10.531s 7%: 0.10+0.75+0.081 ms clock, 0.83+0.67/0.81/0+0.65 ms cpu, 3->3->1 MB, 4 MB goal, 0 MB stacks, 0 MB globals, 8 P
gc 2502 @10.533s 7%: 0.086+0.63+0.092 ms clock, 0.69+0.81/0.84/0+0.73 ms cpu, 3->3->1 MB, 4 MB goal, 0 MB stacks, 0 MB globals, 8 P
gc 2503 @10.536s 7%: 0.098+0.84+0.078 ms clock, 0.78+0.75/0.79/0+0.62 ms cpu, 3->3->1 MB, 4 MB goal, 0 MB stacks, 0 MB globals, 8 P
gc 2504 @10.538s 7%: 0.13+0.62+0.089 ms clock, 1.1+0.62/0.88/0+0.71 ms cpu, 3->3->1 MB, 4 MB goal, 0 MB stacks, 0 MB globals, 8 P
gc 2505 @10.541s 7%: 0.12+0.52+0.069 ms clock, 0.97+0.67/0.77/0+0.55 ms cpu, 3->3->1 MB, 4 MB goal, 0 MB stacks, 0 MB globals, 8 P
gc 2506 @10.543s 7%: 0.11+0.65+0.099 ms clock, 0.88+0.82/0.83/0+0.79 ms cpu, 3->3->1 MB, 4 MB goal, 0 MB stacks, 0 MB globals, 8 P
gc 2507 @10.546s 7%: 0.12+0.58+0.066 ms clock, 0.98+0.83/0.75/0+0.53 ms cpu, 3->3->1 MB, 4 MB goal, 0 MB stacks, 0 MB globals, 8 P
gc 2508 @10.548s 7%: 0.097+0.68+0.052 ms clock, 0.77+0.77/0.91/0+0.42 ms cpu, 3->3->1 MB, 4 MB goal, 0 MB stacks, 0 MB globals, 8 P
gc 2509 @10.551s 7%: 0.072+0.62+0.10 ms clock, 0.58+0.71/0.74/0+0.81 ms cpu, 3->3->1 MB, 4 MB goal, 0 MB stacks, 0 MB globals, 8 P
gc 2510 @10.553s 7%: 0.098+0.79+0.070 ms clock, 0.78+0.80/0.73/0+0.56 ms cpu, 3->3->1 MB, 4 MB goal, 0 MB stacks, 0 MB globals, 8 P
gc 2511 @10.556s 7%: 0.12+0.69+0.079 ms clock, 1.0+0.72/0.79/0+0.63 ms cpu, 3->3->1 MB, 4 MB goal, 0 MB stacks, 0 MB globals, 8 P
gc 2512 @10.559s 7%: 0.10+0.56+0.068 ms clock, 0.87+0.81/0.73/0+0.55 ms cpu, 3->3->1 MB, 4 MB goal, 0 MB stacks, 0 MB globals, 8 P
gc 2513 @10.561s 7%: 0.11+0.55+0.10 ms clock, 0.92+0.76/0.75/0+0.81 ms cpu, 3->3->1 MB, 4 MB goal, 0 MB stacks, 0 MB globals, 8 P
gc 2514 @10.563s 7%: 0.13+0.82+0.046 ms clock, 1.0+0.77/0.75/0+0.37 ms cpu, 3->3->1 MB, 4 MB goal, 0 MB stacks, 0 MB globals, 8 P
gc 2515 @10.566s 7%: 0.10+0.52+0.036 ms clock, 0.81+0.74/0.68/0+0.29 ms cpu, 3->3->1 MB, 4 MB goal, 0 MB stacks, 0 MB globals, 8 P
gc 2516 @10.568s 7%: 0.075+0.80+0.070 ms clock, 0.60+0.78/0.79/0+0.56 ms cpu, 3->3->1 MB, 4 MB goal, 0 MB stacks, 0 MB globals, 8 P
gc 2517 @10.571s 7%: 0.091+1.1+0.077 ms clock, 0.73+0.64/0.67/0+0.62 ms cpu, 3->3->1 MB, 4 MB goal, 0 MB stacks, 0 MB globals, 8 P
gc 2518 @10.574s 7%: 0.12+0.57+0.090 ms clock, 0.99+0.70/0.74/0+0.72 ms cpu, 3->3->1 MB, 4 MB goal, 0 MB stacks, 0 MB globals, 8 P
gc 2519 @10.576s 7%: 0.15+0.92+0.078 ms clock, 1.2+0.82/0.76/0+0.62 ms cpu, 3->3->1 MB, 4 MB goal, 0 MB stacks, 0 MB globals, 8 P
gc 2520 @10.579s 7%: 0.14+0.61+0.12 ms clock, 1.1+0.75/0.77/0+0.97 ms cpu, 3->3->1 MB, 4 MB goal, 0 MB stacks, 0 MB globals, 8 P
gc 2521 @10.581s 7%: 0.093+0.54+0.11 ms clock, 0.74+0.82/0.69/0+0.93 ms cpu, 3->3->1 MB, 4 MB goal, 0 MB stacks, 0 MB globals, 8 P
gc 2522 @10.584s 7%: 0.14+0.79+0.11 ms clock, 1.1+0.64/0.85/0+0.88 ms cpu, 3->3->1 MB, 4 MB goal, 0 MB stacks, 0 MB globals, 8 P
gc 2523 @10.586s 7%: 0.091+0.88+0.13 ms clock, 0.73+0.76/0.83/0+1.0 ms cpu, 3->3->1 MB, 4 MB goal, 0 MB stacks, 0 MB globals, 8 P
gc 2524 @10.589s 7%: 0.11+0.65+0.13 ms clock, 0.93+0.80/0.77/0+1.1 ms cpu, 3->3->1 MB, 4 MB goal, 0 MB stacks, 0 MB globals, 8 P
gc 2525 @10.591s 7%: 0.11+0.64+0.062 ms clock, 0.93+0.69/0.87/0+0.50 ms cpu, 3->3->1 MB, 4 MB goal, 0 MB stacks, 0 MB globals, 8 P
gc 2526 @10.594s 7%: 0.10+0.95+0.090 ms clock, 0.81+0.78/0.72/0+0.72 ms cpu, 3->4->1 MB, 4 MB goal, 0 MB stacks, 0 MB globals, 8 P
gc 2527 @10.597s 7%: 0.12+0.95+0.099 ms clock, 1.0+0.68/0.82/0+0.79 ms cpu, 3->4->1 MB, 4 MB goal, 0 MB stacks, 0 MB globals, 8 P
gc 2528 @10.599s 7%: 0.12+0.59+0.11 ms clock, 0.97+0.75/0.88/0+0.93 ms cpu, 3->3->1 MB, 4 MB goal, 0 MB stacks, 0 MB globals, 8 P
gc 2529 @10.602s 7%: 0.10+0.89+0.088 ms clock, 0.84+0.76/0.81/0+0.71 ms cpu, 3->3->1 MB, 4 MB goal, 0 MB stacks, 0 MB globals, 8 P
gc 2530 @10.605s 7%: 0.13+0.60+0.096 ms clock, 1.1+0.65/0.84/0+0.76 ms cpu, 3->3->1 MB, 4 MB goal, 0 MB stacks, 0 MB globals, 8 P
gc 2531 @10.607s 7%: 0.12+0.50+0.097 ms clock, 0.97+0.71/0.72/0+0.77 ms cpu, 3->3->1 MB, 4 MB goal, 0 MB stacks, 0 MB globals, 8 P
gc 2532 @10.610s 7%: 0.18+0.56+0.11 ms clock, 1.4+0.73/0.75/0+0.92 ms cpu, 3->3->1 MB, 4 MB goal, 0 MB stacks, 0 MB globals, 8 P
gc 2533 @10.612s 7%: 0.11+0.67+0.078 ms clock, 0.93+0.79/0.73/0+0.63 ms cpu, 3->3->1 MB, 4 MB goal, 0 MB stacks, 0 MB globals, 8 P
gc 2534 @10.615s 7%: 0.11+1.0+0.11 ms clock, 0.92+0.63/0.80/0+0.91 ms cpu, 3->4->1 MB, 4 MB goal, 0 MB stacks, 0 MB globals, 8 P
gc 2535 @10.617s 7%: 0.11+0.60+0.10 ms clock, 0.93+0.95/0.77/0+0.80 ms cpu, 3->4->1 MB, 4 MB goal, 0 MB stacks, 0 MB globals, 8 P
gc 2536 @10.620s 7%: 0.12+0.53+0.10 ms clock, 0.96+0.76/0.73/0+0.84 ms cpu, 3->3->1 MB, 4 MB goal, 0 MB stacks, 0 MB globals, 8 P
gc 2537 @10.622s 7%: 0.14+0.90+0.056 ms clock, 1.1+0.65/0.89/0+0.45 ms cpu, 3->3->1 MB, 4 MB goal, 0 MB stacks, 0 MB globals, 8 P
gc 2538 @10.625s 7%: 0.075+0.86+0.086 ms clock, 0.60+0.74/0.94/0+0.68 ms cpu, 3->4->1 MB, 4 MB goal, 0 MB stacks, 0 MB globals, 8 P
gc 2539 @10.628s 7%: 0.10+0.59+0.068 ms clock, 0.85+0.94/0.74/0+0.54 ms cpu, 3->3->1 MB, 4 MB goal, 0 MB stacks, 0 MB globals, 8 P
gc 2540 @10.630s 7%: 0.096+1.2+0.053 ms clock, 0.77+0.79/0.78/0+0.42 ms cpu, 3->4->1 MB, 4 MB goal, 0 MB stacks, 0 MB globals, 8 P
gc 2541 @10.633s 7%: 0.10+0.65+0.095 ms clock, 0.81+0.93/0.75/0+0.76 ms cpu, 3->4->1 MB, 4 MB goal, 0 MB stacks, 0 MB globals, 8 P
gc 2542 @10.636s 7%: 0.14+0.73+0.13 ms clock, 1.1+0.94/0.86/0+1.0 ms cpu, 3->3->1 MB, 4 MB goal, 0 MB stacks, 0 MB globals, 8 P
gc 2543 @10.638s 7%: 0.090+1.1+0.092 ms clock, 0.72+0.80/0.81/0+0.74 ms cpu, 3->4->1 MB, 4 MB goal, 0 MB stacks, 0 MB globals, 8 P
gc 2544 @10.641s 7%: 0.10+0.62+0.075 ms clock, 0.80+0.81/0.82/0+0.60 ms cpu, 3->4->1 MB, 4 MB goal, 0 MB stacks, 0 MB globals, 8 P
gc 2545 @10.644s 7%: 0.12+0.92+0.10 ms clock, 0.97+0.85/0.84/0+0.87 ms cpu, 3->3->1 MB, 4 MB goal, 0 MB stacks, 0 MB globals, 8 P
gc 2546 @10.646s 7%: 0.10+1.2+0.12 ms clock, 0.85+0.60/0.91/0+0.99 ms cpu, 3->4->2 MB, 4 MB goal, 0 MB stacks, 0 MB globals, 8 P
gc 2547 @10.650s 7%: 0.11+0.68+0.071 ms clock, 0.94+0.70/0.82/0+0.57 ms cpu, 3->4->1 MB, 4 MB goal, 0 MB stacks, 0 MB globals, 8 P
gc 2548 @10.652s 7%: 0.12+0.62+0.11 ms clock, 1.0+0.61/0.80/0+0.95 ms cpu, 3->3->1 MB, 4 MB goal, 0 MB stacks, 0 MB globals, 8 P
gc 2549 @10.654s 7%: 0.12+0.57+0.052 ms clock, 0.97+0.87/0.75/0+0.41 ms cpu, 3->3->1 MB, 4 MB goal, 0 MB stacks, 0 MB globals, 8 P
gc 2550 @10.657s 7%: 0.10+0.60+0.10 ms clock, 0.82+0.78/0.78/0+0.87 ms cpu, 3->3->1 MB, 4 MB goal, 0 MB stacks, 0 MB globals, 8 P
gc 2551 @10.660s 7%: 0.15+0.97+0.064 ms clock, 1.2+0.88/0.78/0+0.51 ms cpu, 3->4->1 MB, 4 MB goal, 0 MB stacks, 0 MB globals, 8 P
gc 2552 @10.662s 7%: 0.12+0.75+0.12 ms clock, 1.0+0.70/0.89/0+1.0 ms cpu, 3->3->1 MB, 4 MB goal, 0 MB stacks, 0 MB globals, 8 P
gc 2553 @10.665s 7%: 0.10+0.55+0.052 ms clock, 0.84+0.76/0.72/0+0.41 ms cpu, 3->3->1 MB, 4 MB goal, 0 MB stacks, 0 MB globals, 8 P
gc 2554 @10.667s 7%: 0.085+0.76+0.12 ms clock, 0.68+0.84/0.78/0+1.0 ms cpu, 3->3->1 MB, 4 MB goal, 0 MB stacks, 0 MB globals, 8 P
gc 2555 @10.670s 7%: 0.093+0.96+0.094 ms clock, 0.74+0.63/0.80/0+0.75 ms cpu, 3->3->1 MB, 4 MB goal, 0 MB stacks, 0 MB globals, 8 P
gc 2556 @10.672s 7%: 0.078+0.78+0.087 ms clock, 0.63+0.72/0.93/0+0.69 ms cpu, 3->3->1 MB, 4 MB goal, 0 MB stacks, 0 MB globals, 8 P
gc 2557 @10.675s 7%: 0.097+0.47+0.11 ms clock, 0.78+0.81/0.72/0+0.90 ms cpu, 3->3->1 MB, 4 MB goal, 0 MB stacks, 0 MB globals, 8 P
gc 2558 @10.677s 7%: 0.15+1.0+0.067 ms clock, 1.2+0.98/0.63/0+0.54 ms cpu, 3->4->1 MB, 4 MB goal, 0 MB stacks, 0 MB globals, 8 P
gc 2559 @10.680s 7%: 0.10+0.55+0.11 ms clock, 0.84+0.80/0.80/0+0.91 ms cpu, 3->4->1 MB, 4 MB goal, 0 MB stacks, 0 MB globals, 8 P
gc 2560 @10.683s 7%: 0.12+1.2+0.11 ms clock, 1.0+0.85/0.70/0+0.90 ms cpu, 3->4->2 MB, 4 MB goal, 0 MB stacks, 0 MB globals, 8 P
gc 2561 @10.686s 7%: 0.087+0.65+0.096 ms clock, 0.70+0.88/0.72/0+0.77 ms cpu, 3->4->1 MB, 4 MB goal, 0 MB stacks, 0 MB globals, 8 P
gc 2562 @10.689s 7%: 0.10+0.64+0.11 ms clock, 0.85+0.88/0.75/0+0.93 ms cpu, 3->3->1 MB, 4 MB goal, 0 MB stacks, 0 MB globals, 8 P
gc 2563 @10.691s 7%: 0.13+0.90+0.11 ms clock, 1.0+1.2/0.77/0+0.93 ms cpu, 3->4->1 MB, 4 MB goal, 0 MB stacks, 0 MB globals, 8 P
gc 2564 @10.694s 7%: 0.092+0.88+0.047 ms clock, 0.74+0.56/0.91/0+0.37 ms cpu, 3->4->1 MB, 4 MB goal, 0 MB stacks, 0 MB globals, 8 P
gc 2565 @10.696s 7%: 0.086+0.97+0.049 ms clock, 0.69+0.69/0.81/0+0.39 ms cpu, 3->3->1 MB, 4 MB goal, 0 MB stacks, 0 MB globals, 8 P
gc 2566 @10.699s 7%: 0.095+1.3+0.072 ms clock, 0.76+0.76/0.84/0+0.58 ms cpu, 3->4->2 MB, 4 MB goal, 0 MB stacks, 0 MB globals, 8 P
gc 2567 @10.702s 7%: 0.12+0.69+0.10 ms clock, 1.0+0.69/0.78/0+0.81 ms cpu, 4->4->1 MB, 4 MB goal, 0 MB stacks, 0 MB globals, 8 P
gc 2568 @10.705s 7%: 0.14+0.58+0.070 ms clock, 1.1+0.81/0.74/0+0.56 ms cpu, 3->3->1 MB, 4 MB goal, 0 MB stacks, 0 MB globals, 8 P
gc 2569 @10.707s 7%: 0.065+1.1+0.063 ms clock, 0.52+0.81/0.79/0+0.50 ms cpu, 3->4->1 MB, 4 MB goal, 0 MB stacks, 0 MB globals, 8 P
gc 2570 @10.710s 7%: 0.11+1.0+0.080 ms clock, 0.89+0.87/0.84/0+0.64 ms cpu, 3->4->1 MB, 4 MB goal, 0 MB stacks, 0 MB globals, 8 P
gc 2571 @10.713s 7%: 0.078+0.55+0.10 ms clock, 0.62+0.85/0.72/0+0.82 ms cpu, 3->3->1 MB, 4 MB goal, 0 MB stacks, 0 MB globals, 8 P
gc 2572 @10.716s 7%: 0.12+0.79+0.13 ms clock, 0.99+0.93/0.92/0+1.0 ms cpu, 3->3->1 MB, 4 MB goal, 0 MB stacks, 0 MB globals, 8 P
gc 2573 @10.718s 7%: 0.088+0.71+0.084 ms clock, 0.70+0.74/0.81/0+0.67 ms cpu, 3->3->1 MB, 4 MB goal, 0 MB stacks, 0 MB globals, 8 P
gc 2574 @10.721s 7%: 0.091+0.68+0.091 ms clock, 0.73+0.68/0.69/0+0.73 ms cpu, 3->3->1 MB, 4 MB goal, 0 MB stacks, 0 MB globals, 8 P
gc 2575 @10.723s 7%: 0.096+0.95+0.071 ms clock, 0.77+0.69/0.76/0+0.57 ms cpu, 3->4->1 MB, 4 MB goal, 0 MB stacks, 0 MB globals, 8 P
gc 2576 @10.726s 7%: 0.097+0.48+0.097 ms clock, 0.77+0.66/0.74/0+0.77 ms cpu, 3->3->1 MB, 4 MB goal, 0 MB stacks, 0 MB globals, 8 P
gc 2577 @10.728s 7%: 0.12+0.89+0.088 ms clock, 1.0+0.61/0.98/0+0.70 ms cpu, 3->4->1 MB, 4 MB goal, 0 MB stacks, 0 MB globals, 8 P
gc 2578 @10.731s 7%: 0.11+0.66+0.076 ms clock, 0.91+0.72/0.77/0+0.61 ms cpu, 3->3->1 MB, 4 MB goal, 0 MB stacks, 0 MB globals, 8 P
gc 2579 @10.734s 7%: 0.11+1.1+0.057 ms clock, 0.95+0.76/0.66/0+0.46 ms cpu, 3->4->2 MB, 4 MB goal, 0 MB stacks, 0 MB globals, 8 P
gc 2580 @10.737s 7%: 0.13+1.1+0.080 ms clock, 1.1+0.73/0.86/0+0.64 ms cpu, 3->4->1 MB, 4 MB goal, 0 MB stacks, 0 MB globals, 8 P
gc 2581 @10.740s 7%: 0.097+1.1+0.084 ms clock, 0.77+0.73/0.94/0+0.67 ms cpu, 3->4->1 MB, 4 MB goal, 0 MB stacks, 0 MB globals, 8 P
gc 2582 @10.743s 7%: 0.10+0.63+0.061 ms clock, 0.81+0.72/0.75/0+0.49 ms cpu, 3->3->1 MB, 4 MB goal, 0 MB stacks, 0 MB globals, 8 P
gc 2583 @10.745s 7%: 0.10+0.65+0.14 ms clock, 0.83+0.84/0.76/0+1.1 ms cpu, 3->3->1 MB, 4 MB goal, 0 MB stacks, 0 MB globals, 8 P
gc 2584 @10.747s 7%: 0.15+0.81+0.081 ms clock, 1.2+0.72/0.71/0+0.65 ms cpu, 3->3->1 MB, 4 MB goal, 0 MB stacks, 0 MB globals, 8 P
gc 2585 @10.750s 7%: 0.10+0.61+0.095 ms clock, 0.85+0.80/0.86/0+0.76 ms cpu, 3->3->1 MB, 4 MB goal, 0 MB stacks, 0 MB globals, 8 P
gc 2586 @10.753s 7%: 0.064+0.57+0.075 ms clock, 0.51+0.72/0.73/0+0.60 ms cpu, 3->3->1 MB, 4 MB goal, 0 MB stacks, 0 MB globals, 8 P
gc 2587 @10.755s 7%: 0.084+0.79+0.075 ms clock, 0.67+0.72/0.80/0+0.60 ms cpu, 3->3->1 MB, 4 MB goal, 0 MB stacks, 0 MB globals, 8 P
gc 2588 @10.758s 7%: 0.12+0.56+0.088 ms clock, 1.0+0.59/0.81/0+0.70 ms cpu, 3->3->1 MB, 4 MB goal, 0 MB stacks, 0 MB globals, 8 P
gc 2589 @10.760s 7%: 0.10+1.0+0.056 ms clock, 0.81+0.61/0.83/0+0.45 ms cpu, 3->3->1 MB, 4 MB goal, 0 MB stacks, 0 MB globals, 8 P
gc 2590 @10.763s 7%: 0.10+0.83+0.060 ms clock, 0.82+0.79/0.76/0+0.48 ms cpu, 3->4->1 MB, 4 MB goal, 0 MB stacks, 0 MB globals, 8 P
gc 2591 @10.766s 7%: 0.10+0.93+0.059 ms clock, 0.86+0.85/0.68/0+0.47 ms cpu, 3->3->1 MB, 4 MB goal, 0 MB stacks, 0 MB globals, 8 P
gc 2592 @10.768s 7%: 0.11+0.58+0.065 ms clock, 0.91+0.79/0.75/0+0.52 ms cpu, 3->3->1 MB, 4 MB goal, 0 MB stacks, 0 MB globals, 8 P
gc 2593 @10.771s 7%: 0.083+1.2+0.15 ms clock, 0.66+0.82/0.68/0+1.2 ms cpu, 3->4->1 MB, 4 MB goal, 0 MB stacks, 0 MB globals, 8 P
gc 2594 @10.774s 7%: 0.13+1.0+0.10 ms clock, 1.0+0.91/0.75/0+0.80 ms cpu, 3->4->1 MB, 4 MB goal, 0 MB stacks, 0 MB globals, 8 P
gc 2595 @10.776s 7%: 0.17+0.60+0.091 ms clock, 1.3+0.67/0.88/0+0.73 ms cpu, 3->3->1 MB, 4 MB goal, 0 MB stacks, 0 MB globals, 8 P
gc 2596 @10.779s 7%: 0.092+0.73+0.10 ms clock, 0.73+0.79/0.75/0+0.83 ms cpu, 3->3->1 MB, 4 MB goal, 0 MB stacks, 0 MB globals, 8 P
gc 2597 @10.782s 7%: 0.16+0.59+0.056 ms clock, 1.3+0.69/0.71/0+0.45 ms cpu, 3->3->1 MB, 4 MB goal, 0 MB stacks, 0 MB globals, 8 P
gc 2598 @10.784s 7%: 0.17+0.58+0.079 ms clock, 1.3+0.78/0.75/0+0.63 ms cpu, 3->3->1 MB, 4 MB goal, 0 MB stacks, 0 MB globals, 8 P
gc 2599 @10.787s 7%: 0.12+0.66+0.093 ms clock, 0.97+0.79/0.69/0+0.74 ms cpu, 3->3->1 MB, 4 MB goal, 0 MB stacks, 0 MB globals, 8 P
gc 2600 @10.789s 7%: 0.086+0.75+0.080 ms clock, 0.68+0.74/0.77/0+0.64 ms cpu, 3->3->1 MB, 4 MB goal, 0 MB stacks, 0 MB globals, 8 P
gc 2601 @10.792s 7%: 0.13+0.64+0.080 ms clock, 1.0+0.81/0.74/0+0.64 ms cpu, 3->3->1 MB, 4 MB goal, 0 MB stacks, 0 MB globals, 8 P
gc 2602 @10.794s 7%: 0.12+0.56+0.096 ms clock, 0.97+0.77/0.77/0+0.77 ms cpu, 3->3->1 MB, 4 MB goal, 0 MB stacks, 0 MB globals, 8 P
gc 2603 @10.797s 7%: 0.14+0.76+0.089 ms clock, 1.1+0.70/0.72/0+0.71 ms cpu, 3->3->1 MB, 4 MB goal, 0 MB stacks, 0 MB globals, 8 P
gc 2604 @10.799s 7%: 0.10+0.57+0.050 ms clock, 0.87+0.77/0.83/0+0.40 ms cpu, 3->3->1 MB, 4 MB goal, 0 MB stacks, 0 MB globals, 8 P
gc 2605 @10.802s 7%: 0.089+0.98+0.093 ms clock, 0.71+0.73/0.77/0+0.74 ms cpu, 3->3->1 MB, 4 MB goal, 0 MB stacks, 0 MB globals, 8 P
gc 2606 @10.805s 7%: 0.11+0.81+0.079 ms clock, 0.95+0.60/0.88/0+0.63 ms cpu, 3->4->1 MB, 4 MB goal, 0 MB stacks, 0 MB globals, 8 P
gc 2607 @10.807s 7%: 0.091+0.98+0.085 ms clock, 0.73+0.64/0.87/0+0.68 ms cpu, 3->4->1 MB, 4 MB goal, 0 MB stacks, 0 MB globals, 8 P
gc 2608 @10.810s 7%: 0.12+0.56+0.14 ms clock, 1.0+0.82/0.73/0+1.1 ms cpu, 3->3->1 MB, 4 MB goal, 0 MB stacks, 0 MB globals, 8 P
gc 2609 @10.813s 7%: 0.11+0.74+0.10 ms clock, 0.92+0.75/0.96/0+0.80 ms cpu, 3->3->1 MB, 4 MB goal, 0 MB stacks, 0 MB globals, 8 P
gc 2610 @10.815s 7%: 0.15+0.66+0.063 ms clock, 1.2+0.74/0.83/0+0.51 ms cpu, 3->3->1 MB, 4 MB goal, 0 MB stacks, 0 MB globals, 8 P
gc 2611 @10.818s 7%: 0.070+1.0+0.10 ms clock, 0.56+0.77/0.73/0+0.80 ms cpu, 3->4->1 MB, 4 MB goal, 0 MB stacks, 0 MB globals, 8 P
gc 2612 @10.820s 7%: 0.11+0.90+0.057 ms clock, 0.90+0.76/0.78/0+0.46 ms cpu, 3->4->1 MB, 4 MB goal, 0 MB stacks, 0 MB globals, 8 P
gc 2613 @10.823s 7%: 0.14+0.83+0.11 ms clock, 1.1+0.64/0.83/0+0.94 ms cpu, 3->4->1 MB, 4 MB goal, 0 MB stacks, 0 MB globals, 8 P
gc 2614 @10.826s 7%: 0.13+1.1+0.024 ms clock, 1.0+0.65/0.78/0+0.19 ms cpu, 3->4->1 MB, 4 MB goal, 0 MB stacks, 0 MB globals, 8 P
gc 2615 @10.829s 7%: 0.11+0.72+0.074 ms clock, 0.90+0.79/0.81/0+0.59 ms cpu, 3->4->1 MB, 4 MB goal, 0 MB stacks, 0 MB globals, 8 P
gc 2616 @10.831s 7%: 0.11+0.65+0.088 ms clock, 0.89+0.87/0.99/0+0.71 ms cpu, 3->3->1 MB, 4 MB goal, 0 MB stacks, 0 MB globals, 8 P
gc 2617 @10.834s 7%: 0.11+0.60+0.085 ms clock, 0.91+0.68/0.81/0+0.68 ms cpu, 3->3->1 MB, 4 MB goal, 0 MB stacks, 0 MB globals, 8 P
gc 2618 @10.836s 7%: 0.14+0.68+0.093 ms clock, 1.1+0.46/0.83/0+0.74 ms cpu, 3->3->1 MB, 4 MB goal, 0 MB stacks, 0 MB globals, 8 P
gc 2619 @10.839s 7%: 0.12+0.60+0.10 ms clock, 0.97+0.92/0.66/0+0.82 ms cpu, 3->3->1 MB, 4 MB goal, 0 MB stacks, 0 MB globals, 8 P
gc 2620 @10.841s 7%: 0.15+1.1+0.071 ms clock, 1.2+0.94/0.72/0+0.57 ms cpu, 3->4->1 MB, 4 MB goal, 0 MB stacks, 0 MB globals, 8 P
gc 2621 @10.844s 7%: 0.15+0.89+0.11 ms clock, 1.2+0.61/0.74/0+0.95 ms cpu, 3->4->1 MB, 4 MB goal, 0 MB stacks, 0 MB globals, 8 P
gc 2622 @10.847s 7%: 0.082+0.56+0.11 ms clock, 0.66+0.76/0.79/0+0.95 ms cpu, 3->3->1 MB, 4 MB goal, 0 MB stacks, 0 MB globals, 8 P
gc 2623 @10.849s 7%: 0.11+0.76+0.088 ms clock, 0.88+0.68/0.68/0+0.70 ms cpu, 3->3->1 MB, 4 MB goal, 0 MB stacks, 0 MB globals, 8 P
gc 2624 @10.852s 7%: 0.13+0.68+0.075 ms clock, 1.1+0.80/0.82/0+0.60 ms cpu, 3->3->1 MB, 4 MB goal, 0 MB stacks, 0 MB globals, 8 P
gc 2625 @10.855s 7%: 0.090+0.93+0.070 ms clock, 0.72+1.3/0.71/0+0.56 ms cpu, 3->3->1 MB, 4 MB goal, 0 MB stacks, 0 MB globals, 8 P
gc 2626 @10.857s 7%: 0.090+1.4+0.092 ms clock, 0.72+0.65/0.65/0+0.73 ms cpu, 3->3->1 MB, 4 MB goal, 0 MB stacks, 0 MB globals, 8 P
gc 2627 @10.860s 7%: 0.18+0.69+0.099 ms clock, 1.4+0.66/0.86/0+0.79 ms cpu, 3->3->1 MB, 4 MB goal, 0 MB stacks, 0 MB globals, 8 P
gc 2628 @10.862s 7%: 0.11+0.62+0.10 ms clock, 0.94+0.73/0.83/0+0.82 ms cpu, 3->3->1 MB, 4 MB goal, 0 MB stacks, 0 MB globals, 8 P
gc 2629 @10.865s 7%: 0.10+0.95+0.069 ms clock, 0.87+1.4/0.80/0+0.55 ms cpu, 3->3->1 MB, 4 MB goal, 0 MB stacks, 0 MB globals, 8 P
gc 2630 @10.867s 7%: 0.10+0.55+0.093 ms clock, 0.86+0.82/0.71/0+0.74 ms cpu, 3->3->1 MB, 4 MB goal, 0 MB stacks, 0 MB globals, 8 P
gc 2631 @10.870s 7%: 0.13+0.55+0.13 ms clock, 1.0+0.85/0.67/0+1.0 ms cpu, 3->3->1 MB, 4 MB goal, 0 MB stacks, 0 MB globals, 8 P
gc 2632 @10.872s 7%: 0.12+0.92+0.077 ms clock, 1.0+0.84/0.89/0+0.62 ms cpu, 3->4->1 MB, 4 MB goal, 0 MB stacks, 0 MB globals, 8 P
gc 2633 @10.875s 7%: 0.17+0.66+0.080 ms clock, 1.3+0.67/0.82/0+0.64 ms cpu, 3->4->1 MB, 4 MB goal, 0 MB stacks, 0 MB globals, 8 P
gc 2634 @10.878s 7%: 0.088+0.78+0.067 ms clock, 0.70+0.81/0.79/0+0.54 ms cpu, 3->3->1 MB, 4 MB goal, 0 MB stacks, 0 MB globals, 8 P
gc 2635 @10.880s 7%: 0.14+0.88+0.086 ms clock, 1.1+0.87/0.74/0+0.68 ms cpu, 3->4->1 MB, 4 MB goal, 0 MB stacks, 0 MB globals, 8 P
gc 2636 @10.883s 7%: 0.12+0.76+0.13 ms clock, 1.0+0.87/0.82/0+1.0 ms cpu, 3->4->1 MB, 4 MB goal, 0 MB stacks, 0 MB globals, 8 P
gc 2637 @10.885s 7%: 0.090+0.63+0.10 ms clock, 0.72+0.72/0.81/0+0.84 ms cpu, 3->3->1 MB, 4 MB goal, 0 MB stacks, 0 MB globals, 8 P
gc 2638 @10.888s 7%: 0.11+0.57+0.061 ms clock, 0.94+0.73/0.77/0+0.49 ms cpu, 3->3->1 MB, 4 MB goal, 0 MB stacks, 0 MB globals, 8 P
gc 2639 @10.890s 7%: 0.13+0.67+0.086 ms clock, 1.1+0.68/0.79/0+0.69 ms cpu, 3->3->1 MB, 4 MB goal, 0 MB stacks, 0 MB globals, 8 P
gc 2640 @10.893s 7%: 0.10+0.88+0.079 ms clock, 0.84+0.82/0.89/0+0.63 ms cpu, 3->4->1 MB, 4 MB goal, 0 MB stacks, 0 MB globals, 8 P
gc 2641 @10.896s 7%: 0.13+0.63+0.10 ms clock, 1.0+0.82/0.78/0+0.81 ms cpu, 3->3->1 MB, 4 MB goal, 0 MB stacks, 0 MB globals, 8 P
gc 2642 @10.898s 7%: 0.12+0.71+0.12 ms clock, 1.0+0.69/0.83/0+0.99 ms cpu, 3->3->1 MB, 4 MB goal, 0 MB stacks, 0 MB globals, 8 P
gc 2643 @10.901s 7%: 0.19+0.66+0.084 ms clock, 1.5+0.75/0.87/0+0.67 ms cpu, 3->3->1 MB, 4 MB goal, 0 MB stacks, 0 MB globals, 8 P
gc 2644 @10.903s 7%: 0.096+0.64+0.084 ms clock, 0.77+0.67/0.74/0+0.67 ms cpu, 3->3->1 MB, 4 MB goal, 0 MB stacks, 0 MB globals, 8 P
gc 2645 @10.906s 7%: 0.11+0.64+0.097 ms clock, 0.95+0.76/0.85/0+0.78 ms cpu, 3->3->1 MB, 4 MB goal, 0 MB stacks, 0 MB globals, 8 P
gc 2646 @10.908s 7%: 0.11+1.0+0.037 ms clock, 0.92+0.84/0.76/0.003+0.29 ms cpu, 3->4->1 MB, 4 MB goal, 0 MB stacks, 0 MB globals, 8 P
gc 2647 @10.911s 7%: 0.13+0.66+0.084 ms clock, 1.0+0.62/0.80/0+0.67 ms cpu, 3->3->1 MB, 4 MB goal, 0 MB stacks, 0 MB globals, 8 P
gc 2648 @10.913s 7%: 0.11+0.57+0.065 ms clock, 0.94+0.77/0.65/0+0.52 ms cpu, 3->3->1 MB, 4 MB goal, 0 MB stacks, 0 MB globals, 8 P
gc 2649 @10.916s 7%: 0.14+0.69+0.092 ms clock, 1.1+0.77/0.89/0+0.74 ms cpu, 3->3->1 MB, 4 MB goal, 0 MB stacks, 0 MB globals, 8 P
gc 2650 @10.918s 7%: 0.068+0.79+0.10 ms clock, 0.54+0.84/0.84/0+0.80 ms cpu, 3->3->1 MB, 4 MB goal, 0 MB stacks, 0 MB globals, 8 P
gc 2651 @10.921s 7%: 0.085+0.69+0.051 ms clock, 0.68+0.69/0.71/0+0.41 ms cpu, 3->3->1 MB, 4 MB goal, 0 MB stacks, 0 MB globals, 8 P
gc 2652 @10.923s 7%: 0.10+1.0+0.094 ms clock, 0.81+0.68/0.80/0+0.75 ms cpu, 3->4->1 MB, 4 MB goal, 0 MB stacks, 0 MB globals, 8 P
gc 2653 @10.926s 7%: 0.089+0.70+0.12 ms clock, 0.71+0.85/0.76/0+1.0 ms cpu, 3->4->1 MB, 4 MB goal, 0 MB stacks, 0 MB globals, 8 P
gc 2654 @10.929s 7%: 0.13+1.0+0.10 ms clock, 1.0+0.75/0.79/0+0.82 ms cpu, 3->4->1 MB, 4 MB goal, 0 MB stacks, 0 MB globals, 8 P
gc 2655 @10.932s 7%: 0.10+0.57+0.083 ms clock, 0.82+0.86/0.70/0+0.66 ms cpu, 3->3->1 MB, 4 MB goal, 0 MB stacks, 0 MB globals, 8 P
gc 2656 @10.934s 7%: 0.13+0.58+0.070 ms clock, 1.0+0.84/0.71/0+0.56 ms cpu, 3->3->1 MB, 4 MB goal, 0 MB stacks, 0 MB globals, 8 P
gc 2657 @10.937s 7%: 0.11+0.59+0.059 ms clock, 0.88+0.77/0.90/0+0.47 ms cpu, 3->3->1 MB, 4 MB goal, 0 MB stacks, 0 MB globals, 8 P
gc 2658 @10.939s 7%: 0.15+1.1+0.058 ms clock, 1.2+0.65/0.84/0+0.46 ms cpu, 3->4->1 MB, 4 MB goal, 0 MB stacks, 0 MB globals, 8 P
gc 2659 @10.942s 7%: 0.10+0.79+0.049 ms clock, 0.84+0.57/0.81/0+0.39 ms cpu, 3->3->1 MB, 4 MB goal, 0 MB stacks, 0 MB globals, 8 P
gc 2660 @10.945s 7%: 0.089+0.57+0.052 ms clock, 0.71+0.70/0.73/0+0.42 ms cpu, 3->3->1 MB, 4 MB goal, 0 MB stacks, 0 MB globals, 8 P
gc 2661 @10.947s 7%: 0.10+0.75+0.093 ms clock, 0.84+0.71/0.84/0+0.74 ms cpu, 3->3->1 MB, 4 MB goal, 0 MB stacks, 0 MB globals, 8 P
gc 2662 @10.950s 7%: 0.095+0.70+0.095 ms clock, 0.76+0.70/0.75/0+0.76 ms cpu, 3->3->1 MB, 4 MB goal, 0 MB stacks, 0 MB globals, 8 P
gc 2663 @10.952s 7%: 0.17+1.4+0.094 ms clock, 1.4+0.84/0.88/0+0.75 ms cpu, 3->4->2 MB, 4 MB goal, 0 MB stacks, 0 MB globals, 8 P
gc 2664 @10.956s 7%: 0.11+0.56+0.082 ms clock, 0.92+0.66/0.80/0+0.66 ms cpu, 4->4->1 MB, 4 MB goal, 0 MB stacks, 0 MB globals, 8 P
gc 2665 @10.958s 7%: 0.084+0.58+0.064 ms clock, 0.67+0.80/0.73/0+0.51 ms cpu, 3->3->1 MB, 4 MB goal, 0 MB stacks, 0 MB globals, 8 P
gc 2666 @10.961s 7%: 0.11+0.58+0.13 ms clock, 0.89+0.75/0.78/0+1.0 ms cpu, 3->3->1 MB, 4 MB goal, 0 MB stacks, 0 MB globals, 8 P
gc 2667 @10.963s 7%: 0.10+0.46+0.080 ms clock, 0.82+0.73/0.71/0+0.64 ms cpu, 3->3->1 MB, 4 MB goal, 0 MB stacks, 0 MB globals, 8 P
gc 2668 @10.966s 7%: 0.13+0.91+0.085 ms clock, 1.0+0.75/0.67/0+0.68 ms cpu, 3->3->1 MB, 4 MB goal, 0 MB stacks, 0 MB globals, 8 P
gc 2669 @10.968s 7%: 0.13+1.1+0.071 ms clock, 1.0+0.60/0.81/0+0.57 ms cpu, 3->4->2 MB, 4 MB goal, 0 MB stacks, 0 MB globals, 8 P
gc 2670 @10.972s 7%: 0.089+0.62+0.072 ms clock, 0.71+0.80/0.83/0+0.58 ms cpu, 3->4->1 MB, 4 MB goal, 0 MB stacks, 0 MB globals, 8 P
gc 2671 @10.974s 7%: 0.10+1.0+0.051 ms clock, 0.84+0.83/0.77/0+0.40 ms cpu, 3->4->1 MB, 4 MB goal, 0 MB stacks, 0 MB globals, 8 P
gc 2672 @10.977s 7%: 0.10+0.63+0.076 ms clock, 0.85+0.87/0.80/0+0.61 ms cpu, 3->3->1 MB, 4 MB goal, 0 MB stacks, 0 MB globals, 8 P
gc 2673 @10.980s 7%: 0.12+1.0+0.081 ms clock, 1.0+0.74/0.72/0.14+0.65 ms cpu, 3->3->1 MB, 4 MB goal, 0 MB stacks, 0 MB globals, 8 P
gc 2674 @10.982s 7%: 0.12+0.60+0.083 ms clock, 0.96+0.84/0.77/0+0.66 ms cpu, 3->3->1 MB, 4 MB goal, 0 MB stacks, 0 MB globals, 8 P
gc 2675 @10.985s 7%: 0.10+0.52+0.10 ms clock, 0.87+0.76/0.75/0+0.82 ms cpu, 3->3->1 MB, 4 MB goal, 0 MB stacks, 0 MB globals, 8 P
gc 2676 @10.987s 7%: 0.096+0.67+0.088 ms clock, 0.76+0.63/0.76/0+0.71 ms cpu, 3->3->1 MB, 4 MB goal, 0 MB stacks, 0 MB globals, 8 P
gc 2677 @10.990s 7%: 0.11+0.62+0.079 ms clock, 0.91+0.66/0.76/0+0.63 ms cpu, 3->3->1 MB, 4 MB goal, 0 MB stacks, 0 MB globals, 8 P
gc 2678 @10.992s 7%: 0.12+0.55+0.12 ms clock, 1.0+0.84/0.72/0+0.99 ms cpu, 3->3->1 MB, 4 MB goal, 0 MB stacks, 0 MB globals, 8 P
gc 2679 @10.995s 7%: 0.10+0.65+0.13 ms clock, 0.81+0.68/0.75/0+1.0 ms cpu, 3->3->1 MB, 4 MB goal, 0 MB stacks, 0 MB globals, 8 P
gc 2680 @10.997s 7%: 0.13+1.0+0.088 ms clock, 1.0+0.71/0.79/0+0.71 ms cpu, 3->4->1 MB, 4 MB goal, 0 MB stacks, 0 MB globals, 8 P
gc 2681 @11.000s 7%: 0.16+0.63+0.094 ms clock, 1.3+0.67/0.78/0+0.75 ms cpu, 3->4->1 MB, 4 MB goal, 0 MB stacks, 0 MB globals, 8 P
gc 2682 @11.003s 7%: 0.14+1.0+0.12 ms clock, 1.1+0.67/0.75/0+1.0 ms cpu, 3->4->1 MB, 4 MB goal, 0 MB stacks, 0 MB globals, 8 P
gc 2683 @11.005s 7%: 0.093+0.64+0.053 ms clock, 0.74+0.81/0.74/0+0.42 ms cpu, 3->3->1 MB, 4 MB goal, 0 MB stacks, 0 MB globals, 8 P
gc 2684 @11.008s 7%: 0.13+0.75+0.069 ms clock, 1.0+0.77/0.70/0+0.55 ms cpu, 3->3->1 MB, 4 MB goal, 0 MB stacks, 0 MB globals, 8 P
gc 2685 @11.010s 7%: 0.12+0.55+0.089 ms clock, 1.0+0.81/0.70/0+0.71 ms cpu, 3->3->1 MB, 4 MB goal, 0 MB stacks, 0 MB globals, 8 P
gc 2686 @11.013s 7%: 0.096+0.75+0.086 ms clock, 0.77+0.73/0.94/0+0.69 ms cpu, 3->3->1 MB, 4 MB goal, 0 MB stacks, 0 MB globals, 8 P
gc 2687 @11.015s 7%: 0.13+0.68+0.074 ms clock, 1.0+0.87/0.79/0+0.59 ms cpu, 3->3->1 MB, 4 MB goal, 0 MB stacks, 0 MB globals, 8 P
gc 2688 @11.018s 7%: 0.14+0.82+0.080 ms clock, 1.1+0.65/0.78/0+0.64 ms cpu, 3->3->1 MB, 4 MB goal, 0 MB stacks, 0 MB globals, 8 P
gc 2689 @11.020s 7%: 0.10+0.96+0.051 ms clock, 0.83+0.63/0.81/0+0.40 ms cpu, 3->4->1 MB, 4 MB goal, 0 MB stacks, 0 MB globals, 8 P
gc 2690 @11.023s 7%: 0.10+1.3+0.046 ms clock, 0.80+0.67/0.79/0+0.37 ms cpu, 3->4->1 MB, 4 MB goal, 0 MB stacks, 0 MB globals, 8 P
gc 2691 @11.026s 7%: 0.097+0.55+0.062 ms clock, 0.78+0.79/0.70/0+0.49 ms cpu, 3->4->1 MB, 4 MB goal, 0 MB stacks, 0 MB globals, 8 P
gc 2692 @11.029s 7%: 0.11+0.67+0.072 ms clock, 0.90+0.73/0.88/0+0.58 ms cpu, 3->3->1 MB, 4 MB goal, 0 MB stacks, 0 MB globals, 8 P
gc 2693 @11.031s 7%: 0.12+0.65+0.065 ms clock, 0.98+0.73/0.77/0+0.52 ms cpu, 3->3->1 MB, 4 MB goal, 0 MB stacks, 0 MB globals, 8 P
gc 2694 @11.034s 7%: 0.14+0.60+0.074 ms clock, 1.1+0.73/0.85/0+0.59 ms cpu, 3->3->1 MB, 4 MB goal, 0 MB stacks, 0 MB globals, 8 P
gc 2695 @11.036s 7%: 0.13+0.82+0.049 ms clock, 1.1+0.72/0.73/0+0.39 ms cpu, 3->3->1 MB, 4 MB goal, 0 MB stacks, 0 MB globals, 8 P
gc 2696 @11.039s 7%: 0.096+0.56+0.081 ms clock, 0.77+0.75/0.73/0+0.64 ms cpu, 3->3->1 MB, 4 MB goal, 0 MB stacks, 0 MB globals, 8 P
gc 2697 @11.041s 7%: 0.088+0.97+0.12 ms clock, 0.70+0.67/0.78/0+0.99 ms cpu, 3->3->1 MB, 4 MB goal, 0 MB stacks, 0 MB globals, 8 P
gc 2698 @11.044s 7%: 0.11+0.64+0.089 ms clock, 0.91+0.59/0.71/0+0.71 ms cpu, 3->3->1 MB, 4 MB goal, 0 MB stacks, 0 MB globals, 8 P
gc 2699 @11.046s 7%: 0.088+0.57+0.070 ms clock, 0.70+0.77/0.82/0+0.56 ms cpu, 3->3->1 MB, 4 MB goal, 0 MB stacks, 0 MB globals, 8 P
gc 2700 @11.049s 7%: 0.10+0.61+0.12 ms clock, 0.87+0.78/0.74/0+0.98 ms cpu, 3->3->1 MB, 4 MB goal, 0 MB stacks, 0 MB globals, 8 P
gc 2701 @11.051s 7%: 0.10+0.51+0.064 ms clock, 0.82+0.67/0.79/0+0.51 ms cpu, 3->3->1 MB, 4 MB goal, 0 MB stacks, 0 MB globals, 8 P
gc 2702 @11.054s 7%: 0.097+0.59+0.043 ms clock, 0.77+0.80/0.66/0+0.34 ms cpu, 3->3->1 MB, 4 MB goal, 0 MB stacks, 0 MB globals, 8 P
gc 2703 @11.056s 7%: 0.074+0.60+0.12 ms clock, 0.59+0.75/0.69/0+0.96 ms cpu, 3->3->1 MB, 4 MB goal, 0 MB stacks, 0 MB globals, 8 P
gc 2704 @11.059s 7%: 0.10+0.52+0.21 ms clock, 0.81+0.77/0.67/0+1.6 ms cpu, 3->3->1 MB, 4 MB goal, 0 MB stacks, 0 MB globals, 8 P
gc 2705 @11.061s 7%: 0.10+1.0+0.11 ms clock, 0.83+0.78/0.68/0+0.94 ms cpu, 3->3->1 MB, 4 MB goal, 0 MB stacks, 0 MB globals, 8 P
gc 2706 @11.064s 7%: 0.080+1.0+0.078 ms clock, 0.64+0.41/0.78/0+0.62 ms cpu, 3->4->1 MB, 4 MB goal, 0 MB stacks, 0 MB globals, 8 P
gc 2707 @11.067s 7%: 0.13+1.0+0.12 ms clock, 1.0+0.73/0.79/0+0.97 ms cpu, 3->4->1 MB, 4 MB goal, 0 MB stacks, 0 MB globals, 8 P
gc 2708 @11.070s 7%: 0.098+1.2+0.078 ms clock, 0.78+0.86/0.67/0+0.63 ms cpu, 3->4->2 MB, 4 MB goal, 0 MB stacks, 0 MB globals, 8 P
gc 2709 @11.073s 7%: 0.14+0.68+0.11 ms clock, 1.1+0.72/0.79/0+0.89 ms cpu, 3->4->1 MB, 4 MB goal, 0 MB stacks, 0 MB globals, 8 P
gc 2710 @11.076s 7%: 0.12+0.72+0.13 ms clock, 0.96+0.81/0.90/0+1.0 ms cpu, 3->3->1 MB, 4 MB goal, 0 MB stacks, 0 MB globals, 8 P
gc 2711 @11.078s 7%: 0.089+0.82+0.075 ms clock, 0.71+0.87/0.70/0+0.60 ms cpu, 3->3->1 MB, 4 MB goal, 0 MB stacks, 0 MB globals, 8 P
gc 2712 @11.081s 7%: 0.10+0.84+0.060 ms clock, 0.87+0.65/0.82/0+0.48 ms cpu, 3->3->1 MB, 4 MB goal, 0 MB stacks, 0 MB globals, 8 P
gc 2713 @11.083s 7%: 0.097+0.98+0.14 ms clock, 0.77+0.86/0.78/0+1.1 ms cpu, 3->4->1 MB, 4 MB goal, 0 MB stacks, 0 MB globals, 8 P
gc 2714 @11.086s 7%: 0.12+0.60+0.10 ms clock, 1.0+0.74/0.70/0+0.84 ms cpu, 3->3->1 MB, 4 MB goal, 0 MB stacks, 0 MB globals, 8 P
gc 2715 @11.088s 7%: 0.16+0.57+0.085 ms clock, 1.2+0.78/0.73/0+0.68 ms cpu, 3->3->1 MB, 4 MB goal, 0 MB stacks, 0 MB globals, 8 P
gc 2716 @11.091s 7%: 0.11+0.58+0.076 ms clock, 0.91+0.77/0.81/0+0.61 ms cpu, 3->3->1 MB, 4 MB goal, 0 MB stacks, 0 MB globals, 8 P
gc 2717 @11.093s 7%: 0.10+0.80+0.093 ms clock, 0.82+0.72/0.72/0+0.75 ms cpu, 3->3->1 MB, 4 MB goal, 0 MB stacks, 0 MB globals, 8 P
gc 2718 @11.096s 7%: 0.14+0.59+0.10 ms clock, 1.1+0.67/0.79/0+0.80 ms cpu, 3->3->1 MB, 4 MB goal, 0 MB stacks, 0 MB globals, 8 P
gc 2719 @11.098s 7%: 0.067+0.59+0.13 ms clock, 0.54+0.73/0.80/0+1.1 ms cpu, 3->3->1 MB, 4 MB goal, 0 MB stacks, 0 MB globals, 8 P
gc 2720 @11.101s 7%: 0.17+0.74+0.11 ms clock, 1.4+0.67/0.76/0+0.94 ms cpu, 3->3->1 MB, 4 MB goal, 0 MB stacks, 0 MB globals, 8 P
gc 2721 @11.103s 7%: 0.12+0.59+0.14 ms clock, 1.0+0.77/0.75/0+1.1 ms cpu, 3->3->1 MB, 4 MB goal, 0 MB stacks, 0 MB globals, 8 P
gc 2722 @11.106s 7%: 0.11+0.94+0.054 ms clock, 0.90+0.66/0.82/0+0.43 ms cpu, 3->3->1 MB, 4 MB goal, 0 MB stacks, 0 MB globals, 8 P
gc 2723 @11.108s 7%: 0.097+0.96+0.13 ms clock, 0.77+0.74/0.66/0.11+1.0 ms cpu, 3->4->1 MB, 4 MB goal, 0 MB stacks, 0 MB globals, 8 P
gc 2724 @11.111s 7%: 0.064+0.54+0.13 ms clock, 0.51+0.82/0.70/0+1.0 ms cpu, 3->3->1 MB, 4 MB goal, 0 MB stacks, 0 MB globals, 8 P
gc 2725 @11.113s 7%: 0.085+0.54+0.099 ms clock, 0.68+0.78/0.68/0+0.79 ms cpu, 3->3->1 MB, 4 MB goal, 0 MB stacks, 0 MB globals, 8 P
gc 2726 @11.116s 7%: 0.13+0.59+0.12 ms clock, 1.1+0.60/0.84/0+1.0 ms cpu, 3->3->1 MB, 4 MB goal, 0 MB stacks, 0 MB globals, 8 P
gc 2727 @11.118s 7%: 0.13+1.0+0.068 ms clock, 1.1+0.78/0.77/0+0.55 ms cpu, 3->3->1 MB, 4 MB goal, 0 MB stacks, 0 MB globals, 8 P
gc 2728 @11.121s 7%: 0.095+0.55+0.086 ms clock, 0.76+0.92/0.79/0+0.69 ms cpu, 3->3->1 MB, 4 MB goal, 0 MB stacks, 0 MB globals, 8 P
gc 2729 @11.124s 7%: 0.15+0.70+0.10 ms clock, 1.2+0.83/0.92/0+0.87 ms cpu, 3->3->1 MB, 4 MB goal, 0 MB stacks, 0 MB globals, 8 P
gc 2730 @11.126s 7%: 0.11+0.52+0.058 ms clock, 0.91+0.67/0.77/0+0.46 ms cpu, 3->3->1 MB, 4 MB goal, 0 MB stacks, 0 MB globals, 8 P
gc 2731 @11.129s 7%: 0.14+0.59+0.079 ms clock, 1.1+0.68/0.74/0+0.63 ms cpu, 3->3->1 MB, 4 MB goal, 0 MB stacks, 0 MB globals, 8 P
gc 2732 @11.131s 7%: 0.11+0.55+0.042 ms clock, 0.92+0.74/0.83/0+0.34 ms cpu, 3->3->1 MB, 4 MB goal, 0 MB stacks, 0 MB globals, 8 P
gc 2733 @11.134s 7%: 0.14+0.59+0.061 ms clock, 1.1+0.72/0.80/0+0.49 ms cpu, 3->3->1 MB, 4 MB goal, 0 MB stacks, 0 MB globals, 8 P
gc 2734 @11.136s 7%: 0.12+0.60+0.086 ms clock, 0.99+0.90/0.70/0+0.69 ms cpu, 3->3->1 MB, 4 MB goal, 0 MB stacks, 0 MB globals, 8 P
gc 2735 @11.139s 7%: 0.13+0.88+0.094 ms clock, 1.1+0.54/0.82/0+0.75 ms cpu, 3->3->1 MB, 4 MB goal, 0 MB stacks, 0 MB globals, 8 P
gc 2736 @11.141s 7%: 0.10+1.1+0.088 ms clock, 0.86+0.72/0.74/0+0.71 ms cpu, 3->4->1 MB, 4 MB goal, 0 MB stacks, 0 MB globals, 8 P
gc 2737 @11.144s 7%: 0.092+1.1+0.076 ms clock, 0.73+0.82/0.78/0+0.61 ms cpu, 3->4->1 MB, 4 MB goal, 0 MB stacks, 0 MB globals, 8 P
gc 2738 @11.147s 7%: 0.13+1.0+0.072 ms clock, 1.0+0.74/0.74/0.046+0.58 ms cpu, 3->4->1 MB, 4 MB goal, 0 MB stacks, 0 MB globals, 8 P
gc 2739 @11.150s 7%: 0.11+0.60+0.12 ms clock, 0.92+0.65/0.77/0+0.98 ms cpu, 3->3->1 MB, 4 MB goal, 0 MB stacks, 0 MB globals, 8 P
gc 2740 @11.152s 7%: 0.091+0.55+0.13 ms clock, 0.73+0.63/0.86/0+1.0 ms cpu, 3->3->1 MB, 4 MB goal, 0 MB stacks, 0 MB globals, 8 P
gc 2741 @11.155s 7%: 0.12+0.60+0.096 ms clock, 1.0+0.78/0.82/0+0.77 ms cpu, 3->3->1 MB, 4 MB goal, 0 MB stacks, 0 MB globals, 8 P
gc 2742 @11.157s 7%: 0.13+0.57+0.10 ms clock, 1.1+0.79/0.66/0+0.80 ms cpu, 3->3->1 MB, 4 MB goal, 0 MB stacks, 0 MB globals, 8 P
gc 2743 @11.160s 7%: 0.097+0.58+0.053 ms clock, 0.78+0.84/0.87/0+0.42 ms cpu, 3->3->1 MB, 4 MB goal, 0 MB stacks, 0 MB globals, 8 P
gc 2744 @11.162s 7%: 0.081+0.97+0.093 ms clock, 0.65+0.77/0.72/0+0.74 ms cpu, 3->3->1 MB, 4 MB goal, 0 MB stacks, 0 MB globals, 8 P
gc 2745 @11.165s 7%: 0.10+0.84+0.087 ms clock, 0.85+1.3/0.78/0+0.69 ms cpu, 3->4->1 MB, 4 MB goal, 0 MB stacks, 0 MB globals, 8 P
gc 2746 @11.167s 7%: 0.11+1.1+0.11 ms clock, 0.92+0.82/0.82/0+0.90 ms cpu, 3->4->2 MB, 4 MB goal, 0 MB stacks, 0 MB globals, 8 P
gc 2747 @11.171s 7%: 0.14+0.84+0.089 ms clock, 1.1+0.75/0.74/0+0.71 ms cpu, 3->4->1 MB, 4 MB goal, 0 MB stacks, 0 MB globals, 8 P
gc 2748 @11.173s 7%: 0.095+0.63+0.087 ms clock, 0.76+0.78/0.79/0+0.69 ms cpu, 3->3->1 MB, 4 MB goal, 0 MB stacks, 0 MB globals, 8 P
gc 2749 @11.176s 7%: 0.12+0.73+0.10 ms clock, 0.97+0.69/0.90/0+0.80 ms cpu, 3->3->1 MB, 4 MB goal, 0 MB stacks, 0 MB globals, 8 P
gc 2750 @11.178s 7%: 0.13+0.63+0.088 ms clock, 1.1+0.80/0.78/0+0.70 ms cpu, 3->3->1 MB, 4 MB goal, 0 MB stacks, 0 MB globals, 8 P
gc 2751 @11.181s 7%: 0.12+0.60+0.12 ms clock, 1.0+0.73/0.80/0+1.0 ms cpu, 3->3->1 MB, 4 MB goal, 0 MB stacks, 0 MB globals, 8 P
gc 2752 @11.183s 7%: 0.13+0.59+0.11 ms clock, 1.0+0.64/0.88/0+0.89 ms cpu, 3->3->1 MB, 4 MB goal, 0 MB stacks, 0 MB globals, 8 P
gc 2753 @11.186s 7%: 0.092+0.91+0.10 ms clock, 0.73+1.5/0.74/0+0.85 ms cpu, 3->3->1 MB, 4 MB goal, 0 MB stacks, 0 MB globals, 8 P
gc 2754 @11.188s 7%: 0.11+0.54+0.095 ms clock, 0.95+0.83/0.65/0+0.76 ms cpu, 3->3->1 MB, 4 MB goal, 0 MB stacks, 0 MB globals, 8 P
gc 2755 @11.191s 7%: 0.083+0.63+0.059 ms clock, 0.67+0.73/0.79/0+0.47 ms cpu, 3->3->1 MB, 4 MB goal, 0 MB stacks, 0 MB globals, 8 P
gc 2756 @11.193s 7%: 0.15+0.81+0.055 ms clock, 1.2+0.74/0.71/0+0.44 ms cpu, 3->3->1 MB, 4 MB goal, 0 MB stacks, 0 MB globals, 8 P
gc 2757 @11.196s 7%: 0.13+0.68+0.066 ms clock, 1.0+0.88/0.78/0+0.53 ms cpu, 3->3->1 MB, 4 MB goal, 0 MB stacks, 0 MB globals, 8 P
gc 2758 @11.199s 7%: 0.10+0.75+0.10 ms clock, 0.85+0.80/0.80/0+0.87 ms cpu, 3->3->1 MB, 4 MB goal, 0 MB stacks, 0 MB globals, 8 P
gc 2759 @11.201s 7%: 0.16+0.56+0.069 ms clock, 1.3+0.76/0.72/0+0.55 ms cpu, 3->3->1 MB, 4 MB goal, 0 MB stacks, 0 MB globals, 8 P
gc 2760 @11.204s 7%: 0.11+0.70+0.081 ms clock, 0.93+0.57/0.87/0+0.65 ms cpu, 3->3->1 MB, 4 MB goal, 0 MB stacks, 0 MB globals, 8 P
gc 2761 @11.206s 7%: 0.084+0.91+0.087 ms clock, 0.67+0.58/0.71/0+0.70 ms cpu, 3->3->1 MB, 4 MB goal, 0 MB stacks, 0 MB globals, 8 P
gc 2762 @11.209s 7%: 0.097+0.82+0.091 ms clock, 0.77+0.75/0.74/0+0.72 ms cpu, 3->3->1 MB, 4 MB goal, 0 MB stacks, 0 MB globals, 8 P
gc 2763 @11.211s 7%: 0.10+0.70+0.068 ms clock, 0.83+0.77/0.78/0+0.54 ms cpu, 3->3->1 MB, 4 MB goal, 0 MB stacks, 0 MB globals, 8 P
gc 2764 @11.214s 7%: 0.066+0.91+0.039 ms clock, 0.53+0.72/0.75/0+0.31 ms cpu, 3->4->1 MB, 4 MB goal, 0 MB stacks, 0 MB globals, 8 P
gc 2765 @11.217s 7%: 0.085+0.63+0.062 ms clock, 0.68+0.75/0.86/0+0.49 ms cpu, 3->3->1 MB, 4 MB goal, 0 MB stacks, 0 MB globals, 8 P
gc 2766 @11.219s 7%: 0.10+0.97+0.13 ms clock, 0.80+0.76/0.82/0+1.1 ms cpu, 3->4->1 MB, 4 MB goal, 0 MB stacks, 0 MB globals, 8 P
gc 2767 @11.222s 7%: 0.091+0.63+0.056 ms clock, 0.73+0.71/0.86/0+0.45 ms cpu, 3->4->1 MB, 4 MB goal, 0 MB stacks, 0 MB globals, 8 P
gc 2768 @11.224s 7%: 0.091+0.64+0.067 ms clock, 0.73+0.82/0.76/0+0.53 ms cpu, 3->3->1 MB, 4 MB goal, 0 MB stacks, 0 MB globals, 8 P
gc 2769 @11.227s 7%: 0.13+0.73+0.066 ms clock, 1.0+0.70/0.88/0+0.52 ms cpu, 3->3->1 MB, 4 MB goal, 0 MB stacks, 0 MB globals, 8 P
gc 2770 @11.229s 7%: 0.16+0.84+0.080 ms clock, 1.2+0.77/0.82/0+0.64 ms cpu, 3->4->1 MB, 4 MB goal, 0 MB stacks, 0 MB globals, 8 P
gc 2771 @11.232s 7%: 0.13+0.90+0.094 ms clock, 1.0+0.81/0.77/0+0.75 ms cpu, 3->4->1 MB, 4 MB goal, 0 MB stacks, 0 MB globals, 8 P
gc 2772 @11.235s 7%: 0.11+0.94+0.083 ms clock, 0.89+0.62/0.84/0+0.66 ms cpu, 3->4->1 MB, 4 MB goal, 0 MB stacks, 0 MB globals, 8 P
gc 2773 @11.238s 7%: 0.085+0.56+0.12 ms clock, 0.68+0.85/0.78/0+1.0 ms cpu, 3->3->1 MB, 4 MB goal, 0 MB stacks, 0 MB globals, 8 P
gc 2774 @11.240s 7%: 0.10+0.85+0.085 ms clock, 0.80+0.69/0.80/0+0.68 ms cpu, 3->3->1 MB, 4 MB goal, 0 MB stacks, 0 MB globals, 8 P
gc 2775 @11.243s 7%: 0.10+0.67+0.064 ms clock, 0.85+0.68/0.80/0+0.51 ms cpu, 3->3->1 MB, 4 MB goal, 0 MB stacks, 0 MB globals, 8 P
gc 2776 @11.245s 7%: 0.12+0.60+0.084 ms clock, 1.0+0.74/0.81/0+0.67 ms cpu, 3->3->1 MB, 4 MB goal, 0 MB stacks, 0 MB globals, 8 P
gc 2777 @11.248s 7%: 0.12+0.91+0.060 ms clock, 0.98+0.75/0.72/0+0.48 ms cpu, 3->4->1 MB, 4 MB goal, 0 MB stacks, 0 MB globals, 8 P
gc 2778 @11.250s 7%: 0.14+0.58+0.068 ms clock, 1.1+0.79/0.76/0+0.54 ms cpu, 3->3->1 MB, 4 MB goal, 0 MB stacks, 0 MB globals, 8 P
gc 2779 @11.253s 7%: 0.10+0.59+0.092 ms clock, 0.82+0.73/0.79/0+0.73 ms cpu, 3->3->1 MB, 4 MB goal, 0 MB stacks, 0 MB globals, 8 P
gc 2780 @11.255s 7%: 0.12+0.61+0.093 ms clock, 0.96+0.78/0.70/0+0.74 ms cpu, 3->3->1 MB, 4 MB goal, 0 MB stacks, 0 MB globals, 8 P
gc 2781 @11.258s 7%: 0.10+0.53+0.069 ms clock, 0.84+0.71/0.79/0+0.55 ms cpu, 3->3->1 MB, 4 MB goal, 0 MB stacks, 0 MB globals, 8 P
gc 2782 @11.260s 7%: 0.16+0.99+0.067 ms clock, 1.3+0.67/0.82/0+0.53 ms cpu, 3->3->1 MB, 4 MB goal, 0 MB stacks, 0 MB globals, 8 P
gc 2783 @11.263s 7%: 0.095+0.54+0.18 ms clock, 0.76+0.89/0.74/0+1.4 ms cpu, 3->3->1 MB, 4 MB goal, 0 MB stacks, 0 MB globals, 8 P
gc 2784 @11.266s 7%: 0.099+0.57+0.084 ms clock, 0.79+0.67/0.75/0+0.67 ms cpu, 3->3->1 MB, 4 MB goal, 0 MB stacks, 0 MB globals, 8 P
gc 2785 @11.268s 7%: 0.086+0.71+0.12 ms clock, 0.69+0.74/0.83/0+1.0 ms cpu, 3->3->1 MB, 4 MB goal, 0 MB stacks, 0 MB globals, 8 P
gc 2786 @11.270s 7%: 0.079+0.49+0.069 ms clock, 0.63+0.81/0.67/0+0.55 ms cpu, 3->3->1 MB, 4 MB goal, 0 MB stacks, 0 MB globals, 8 P
gc 2787 @11.273s 7%: 0.057+0.46+0.064 ms clock, 0.45+0.87/0.67/0+0.51 ms cpu, 3->3->1 MB, 4 MB goal, 0 MB stacks, 0 MB globals, 8 P
gc 2788 @11.275s 7%: 0.10+0.63+0.098 ms clock, 0.85+0.75/0.86/0+0.79 ms cpu, 3->3->1 MB, 4 MB goal, 0 MB stacks, 0 MB globals, 8 P
gc 2789 @11.278s 7%: 0.13+0.55+0.076 ms clock, 1.0+0.75/0.76/0+0.61 ms cpu, 3->3->1 MB, 4 MB goal, 0 MB stacks, 0 MB globals, 8 P
gc 2790 @11.280s 7%: 0.13+1.2+0.097 ms clock, 1.0+0.87/0.71/0+0.78 ms cpu, 3->4->2 MB, 4 MB goal, 0 MB stacks, 0 MB globals, 8 P
gc 2791 @11.284s 7%: 0.11+0.82+0.10 ms clock, 0.95+0.65/0.79/0+0.84 ms cpu, 3->4->1 MB, 4 MB goal, 0 MB stacks, 0 MB globals, 8 P
gc 2792 @11.287s 7%: 0.16+0.70+0.076 ms clock, 1.3+0.59/0.84/0+0.61 ms cpu, 3->3->1 MB, 4 MB goal, 0 MB stacks, 0 MB globals, 8 P
gc 2793 @11.289s 7%: 0.089+1.1+0.16 ms clock, 0.71+0.76/1.0/0+1.2 ms cpu, 3->4->2 MB, 4 MB goal, 0 MB stacks, 0 MB globals, 8 P
gc 2794 @11.292s 7%: 0.097+0.56+0.052 ms clock, 0.78+0.82/0.81/0+0.41 ms cpu, 3->4->1 MB, 4 MB goal, 0 MB stacks, 0 MB globals, 8 P
gc 2795 @11.295s 7%: 0.10+0.59+0.097 ms clock, 0.80+0.75/0.85/0+0.78 ms cpu, 3->3->1 MB, 4 MB goal, 0 MB stacks, 0 MB globals, 8 P
gc 2796 @11.297s 7%: 0.14+0.62+0.11 ms clock, 1.1+0.77/0.81/0+0.93 ms cpu, 3->3->1 MB, 4 MB goal, 0 MB stacks, 0 MB globals, 8 P
gc 2797 @11.300s 7%: 0.10+0.53+0.10 ms clock, 0.86+0.69/0.82/0+0.83 ms cpu, 3->3->1 MB, 4 MB goal, 0 MB stacks, 0 MB globals, 8 P
gc 2798 @11.302s 7%: 0.13+0.60+0.088 ms clock, 1.0+0.79/0.75/0+0.70 ms cpu, 3->3->1 MB, 4 MB goal, 0 MB stacks, 0 MB globals, 8 P
gc 2799 @11.305s 7%: 0.15+0.96+0.059 ms clock, 1.2+0.93/1.0/0+0.47 ms cpu, 3->3->1 MB, 4 MB goal, 0 MB stacks, 0 MB globals, 8 P
gc 2800 @11.307s 7%: 0.096+0.63+0.097 ms clock, 0.76+0.49/0.89/0+0.77 ms cpu, 3->3->1 MB, 4 MB goal, 0 MB stacks, 0 MB globals, 8 P
gc 2801 @11.310s 7%: 0.12+1.3+0.068 ms clock, 0.97+0.65/0.79/0+0.54 ms cpu, 3->4->2 MB, 4 MB goal, 0 MB stacks, 0 MB globals, 8 P
gc 2802 @11.313s 7%: 0.088+0.73+0.12 ms clock, 0.70+0.90/0.78/0+0.96 ms cpu, 3->4->1 MB, 4 MB goal, 0 MB stacks, 0 MB globals, 8 P
gc 2803 @11.316s 7%: 0.19+0.60+0.098 ms clock, 1.5+0.81/0.74/0+0.78 ms cpu, 3->3->1 MB, 4 MB goal, 0 MB stacks, 0 MB globals, 8 P
gc 2804 @11.318s 7%: 0.089+0.90+0.085 ms clock, 0.71+0.63/0.81/0+0.68 ms cpu, 3->3->1 MB, 4 MB goal, 0 MB stacks, 0 MB globals, 8 P
gc 2805 @11.321s 7%: 0.15+0.85+0.084 ms clock, 1.2+0.78/0.75/0+0.67 ms cpu, 3->3->1 MB, 4 MB goal, 0 MB stacks, 0 MB globals, 8 P
gc 2806 @11.323s 7%: 0.085+0.61+0.10 ms clock, 0.68+0.67/0.87/0+0.86 ms cpu, 3->3->1 MB, 4 MB goal, 0 MB stacks, 0 MB globals, 8 P
gc 2807 @11.326s 7%: 0.096+0.63+0.090 ms clock, 0.77+0.91/0.75/0+0.72 ms cpu, 3->3->1 MB, 4 MB goal, 0 MB stacks, 0 MB globals, 8 P
gc 2808 @11.328s 7%: 0.12+0.59+0.13 ms clock, 0.98+0.78/0.75/0+1.0 ms cpu, 3->3->1 MB, 4 MB goal, 0 MB stacks, 0 MB globals, 8 P
gc 2809 @11.331s 7%: 0.15+0.86+0.069 ms clock, 1.2+0.62/0.90/0+0.55 ms cpu, 3->3->1 MB, 4 MB goal, 0 MB stacks, 0 MB globals, 8 P
gc 2810 @11.333s 7%: 0.093+0.50+0.13 ms clock, 0.74+0.84/0.62/0+1.0 ms cpu, 3->3->1 MB, 4 MB goal, 0 MB stacks, 0 MB globals, 8 P
gc 2811 @11.336s 7%: 0.12+0.59+0.075 ms clock, 1.0+0.67/0.76/0+0.60 ms cpu, 3->3->1 MB, 4 MB goal, 0 MB stacks, 0 MB globals, 8 P
gc 2812 @11.338s 7%: 0.11+0.62+0.12 ms clock, 0.88+0.82/0.76/0+1.0 ms cpu, 3->3->1 MB, 4 MB goal, 0 MB stacks, 0 MB globals, 8 P
gc 2813 @11.341s 7%: 1.0+0.39+0.042 ms clock, 8.2+0.45/1.7/0+0.33 ms cpu, 3->4->1 MB, 4 MB goal, 0 MB stacks, 0 MB globals, 8 P
gc 2814 @11.344s 7%: 0.14+1.3+0.091 ms clock, 1.1+0.63/0.75/0+0.73 ms cpu, 3->4->1 MB, 4 MB goal, 0 MB stacks, 0 MB globals, 8 P
gc 2815 @11.347s 7%: 0.13+0.60+0.14 ms clock, 1.0+0.88/0.73/0+1.1 ms cpu, 3->4->1 MB, 4 MB goal, 0 MB stacks, 0 MB globals, 8 P
gc 2816 @11.350s 7%: 0.099+0.86+0.13 ms clock, 0.79+0.70/0.78/0+1.0 ms cpu, 3->3->1 MB, 4 MB goal, 0 MB stacks, 0 MB globals, 8 P
gc 2817 @11.352s 7%: 0.10+0.73+0.10 ms clock, 0.83+0.72/0.86/0+0.86 ms cpu, 3->3->1 MB, 4 MB goal, 0 MB stacks, 0 MB globals, 8 P
gc 2818 @11.355s 7%: 0.094+0.67+0.087 ms clock, 0.75+0.68/0.78/0+0.70 ms cpu, 3->3->1 MB, 4 MB goal, 0 MB stacks, 0 MB globals, 8 P
gc 2819 @11.357s 7%: 0.093+0.83+0.083 ms clock, 0.75+0.89/0.69/0+0.66 ms cpu, 3->3->1 MB, 4 MB goal, 0 MB stacks, 0 MB globals, 8 P
gc 2820 @11.360s 7%: 0.14+0.62+0.069 ms clock, 1.1+0.61/0.77/0+0.55 ms cpu, 3->3->1 MB, 4 MB goal, 0 MB stacks, 0 MB globals, 8 P
gc 2821 @11.362s 7%: 0.13+1.2+0.061 ms clock, 1.1+1.3/0.77/0+0.49 ms cpu, 3->4->1 MB, 4 MB goal, 0 MB stacks, 0 MB globals, 8 P
gc 2822 @11.365s 7%: 0.084+1.5+0.065 ms clock, 0.67+0.86/0.79/0+0.52 ms cpu, 3->4->1 MB, 4 MB goal, 0 MB stacks, 0 MB globals, 8 P
gc 2823 @11.368s 7%: 0.10+0.64+0.071 ms clock, 0.82+0.68/0.89/0+0.56 ms cpu, 3->3->1 MB, 4 MB goal, 0 MB stacks, 0 MB globals, 8 P
gc 2824 @11.371s 7%: 0.14+0.99+0.12 ms clock, 1.1+0.70/0.77/0+1.0 ms cpu, 3->4->2 MB, 4 MB goal, 0 MB stacks, 0 MB globals, 8 P
gc 2825 @11.374s 7%: 0.12+0.47+0.066 ms clock, 0.96+0.81/0.62/0+0.52 ms cpu, 3->4->1 MB, 4 MB goal, 0 MB stacks, 0 MB globals, 8 P
gc 2826 @11.376s 7%: 0.10+0.90+0.13 ms clock, 0.86+0.64/0.85/0+1.0 ms cpu, 3->4->1 MB, 4 MB goal, 0 MB stacks, 0 MB globals, 8 P
gc 2827 @11.379s 7%: 0.083+0.51+0.085 ms clock, 0.67+0.68/0.74/0+0.68 ms cpu, 3->3->1 MB, 4 MB goal, 0 MB stacks, 0 MB globals, 8 P
gc 2828 @11.381s 7%: 0.10+0.64+0.11 ms clock, 0.83+0.61/0.86/0+0.94 ms cpu, 3->3->1 MB, 4 MB goal, 0 MB stacks, 0 MB globals, 8 P
gc 2829 @11.384s 7%: 0.13+0.77+0.083 ms clock, 1.0+0.81/0.72/0+0.66 ms cpu, 3->3->1 MB, 4 MB goal, 0 MB stacks, 0 MB globals, 8 P
gc 2830 @11.386s 7%: 0.092+0.86+0.12 ms clock, 0.74+0.74/0.72/0+1.0 ms cpu, 3->3->1 MB, 4 MB goal, 0 MB stacks, 0 MB globals, 8 P
gc 2831 @11.389s 7%: 0.13+0.44+0.048 ms clock, 1.0+0.85/0.63/0+0.38 ms cpu, 3->3->1 MB, 4 MB goal, 0 MB stacks, 0 MB globals, 8 P
gc 2832 @11.391s 7%: 0.11+0.63+0.082 ms clock, 0.89+0.87/0.83/0+0.66 ms cpu, 3->3->1 MB, 4 MB goal, 0 MB stacks, 0 MB globals, 8 P
gc 2833 @11.394s 7%: 0.098+0.52+0.092 ms clock, 0.78+0.67/0.70/0+0.73 ms cpu, 3->3->1 MB, 4 MB goal, 0 MB stacks, 0 MB globals, 8 P
gc 2834 @11.396s 7%: 0.051+0.59+0.049 ms clock, 0.41+0.70/0.78/0+0.39 ms cpu, 3->3->1 MB, 4 MB goal, 0 MB stacks, 0 MB globals, 8 P
gc 2835 @11.399s 7%: 0.14+0.75+0.061 ms clock, 1.1+0.79/0.76/0+0.49 ms cpu, 3->3->1 MB, 4 MB goal, 0 MB stacks, 0 MB globals, 8 P
gc 2836 @11.401s 7%: 0.093+0.55+0.090 ms clock, 0.74+0.74/0.71/0+0.72 ms cpu, 3->3->1 MB, 4 MB goal, 0 MB stacks, 0 MB globals, 8 P
gc 2837 @11.404s 7%: 0.13+0.55+0.13 ms clock, 1.1+0.77/0.83/0+1.0 ms cpu, 3->3->1 MB, 4 MB goal, 0 MB stacks, 0 MB globals, 8 P
gc 2838 @11.406s 7%: 0.099+0.96+0.058 ms clock, 0.79+0.88/0.74/0+0.47 ms cpu, 3->4->1 MB, 4 MB goal, 0 MB stacks, 0 MB globals, 8 P
gc 2839 @11.409s 7%: 0.10+0.63+0.088 ms clock, 0.84+0.66/0.75/0+0.70 ms cpu, 3->3->1 MB, 4 MB goal, 0 MB stacks, 0 MB globals, 8 P
gc 2840 @11.412s 7%: 0.14+0.85+0.10 ms clock, 1.1+0.76/0.79/0+0.82 ms cpu, 3->3->1 MB, 4 MB goal, 0 MB stacks, 0 MB globals, 8 P
gc 2841 @11.414s 7%: 0.14+0.50+0.10 ms clock, 1.1+0.78/0.74/0+0.87 ms cpu, 3->3->1 MB, 4 MB goal, 0 MB stacks, 0 MB globals, 8 P
gc 2842 @11.417s 7%: 0.11+0.63+0.058 ms clock, 0.94+0.81/0.74/0+0.46 ms cpu, 3->3->1 MB, 4 MB goal, 0 MB stacks, 0 MB globals, 8 P
gc 2843 @11.419s 7%: 0.14+0.70+0.12 ms clock, 1.1+0.71/0.83/0+1.0 ms cpu, 3->3->1 MB, 4 MB goal, 0 MB stacks, 0 MB globals, 8 P
gc 2844 @11.422s 7%: 0.082+0.86+0.13 ms clock, 0.65+0.80/0.69/0+1.0 ms cpu, 3->3->1 MB, 4 MB goal, 0 MB stacks, 0 MB globals, 8 P
gc 2845 @11.425s 7%: 0.098+0.70+0.10 ms clock, 0.78+0.74/0.79/0+0.83 ms cpu, 3->3->1 MB, 4 MB goal, 0 MB stacks, 0 MB globals, 8 P
gc 2846 @11.427s 7%: 0.093+0.60+0.089 ms clock, 0.75+0.81/0.74/0+0.71 ms cpu, 3->3->1 MB, 4 MB goal, 0 MB stacks, 0 MB globals, 8 P
gc 2847 @11.430s 7%: 0.15+0.53+0.10 ms clock, 1.2+0.71/0.69/0+0.82 ms cpu, 3->3->1 MB, 4 MB goal, 0 MB stacks, 0 MB globals, 8 P
gc 2848 @11.432s 7%: 0.11+0.55+0.073 ms clock, 0.93+0.80/0.82/0+0.58 ms cpu, 3->3->1 MB, 4 MB goal, 0 MB stacks, 0 MB globals, 8 P
gc 2849 @11.435s 7%: 0.10+1.2+0.075 ms clock, 0.82+0.65/0.74/0+0.60 ms cpu, 3->4->1 MB, 4 MB goal, 0 MB stacks, 0 MB globals, 8 P
gc 2850 @11.437s 7%: 0.12+0.58+0.079 ms clock, 1.0+0.79/0.83/0+0.63 ms cpu, 3->3->1 MB, 4 MB goal, 0 MB stacks, 0 MB globals, 8 P
gc 2851 @11.440s 7%: 0.11+0.59+0.096 ms clock, 0.93+0.72/0.89/0+0.77 ms cpu, 3->3->1 MB, 4 MB goal, 0 MB stacks, 0 MB globals, 8 P
gc 2852 @11.442s 7%: 0.093+0.98+0.12 ms clock, 0.74+0.77/0.82/0+0.97 ms cpu, 3->3->1 MB, 4 MB goal, 0 MB stacks, 0 MB globals, 8 P
gc 2853 @11.445s 7%: 0.15+0.59+0.092 ms clock, 1.2+0.77/0.67/0+0.73 ms cpu, 3->3->1 MB, 4 MB goal, 0 MB stacks, 0 MB globals, 8 P
gc 2854 @11.448s 7%: 0.18+0.86+0.093 ms clock, 1.4+0.49/0.88/0+0.74 ms cpu, 3->3->1 MB, 4 MB goal, 0 MB stacks, 0 MB globals, 8 P
gc 2855 @11.450s 7%: 0.15+0.56+0.13 ms clock, 1.2+0.75/0.84/0+1.0 ms cpu, 3->3->1 MB, 4 MB goal, 0 MB stacks, 0 MB globals, 8 P
gc 2856 @11.453s 7%: 0.085+0.61+0.11 ms clock, 0.68+0.61/0.78/0+0.90 ms cpu, 3->3->1 MB, 4 MB goal, 0 MB stacks, 0 MB globals, 8 P
gc 2857 @11.455s 7%: 0.094+0.67+0.062 ms clock, 0.75+0.70/0.88/0+0.49 ms cpu, 3->3->1 MB, 4 MB goal, 0 MB stacks, 0 MB globals, 8 P
gc 2858 @11.458s 7%: 0.13+0.64+0.076 ms clock, 1.0+0.84/0.77/0+0.61 ms cpu, 3->3->1 MB, 4 MB goal, 0 MB stacks, 0 MB globals, 8 P
gc 2859 @11.460s 7%: 0.11+0.89+0.098 ms clock, 0.88+0.79/0.76/0+0.78 ms cpu, 3->3->1 MB, 4 MB goal, 0 MB stacks, 0 MB globals, 8 P
gc 2860 @11.463s 7%: 0.14+1.1+0.15 ms clock, 1.1+0.67/0.85/0+1.2 ms cpu, 3->4->1 MB, 4 MB goal, 0 MB stacks, 0 MB globals, 8 P
gc 2861 @11.466s 7%: 0.11+0.71+0.12 ms clock, 0.92+0.75/0.65/0+0.99 ms cpu, 3->4->1 MB, 4 MB goal, 0 MB stacks, 0 MB globals, 8 P
gc 2862 @11.468s 7%: 0.099+0.68+0.096 ms clock, 0.79+0.81/0.76/0+0.76 ms cpu, 3->3->1 MB, 4 MB goal, 0 MB stacks, 0 MB globals, 8 P
gc 2863 @11.471s 7%: 0.087+0.74+0.044 ms clock, 0.70+0.70/0.81/0+0.35 ms cpu, 3->3->1 MB, 4 MB goal, 0 MB stacks, 0 MB globals, 8 P
gc 2864 @11.473s 7%: 0.14+0.68+0.058 ms clock, 1.1+0.77/0.71/0+0.46 ms cpu, 3->3->1 MB, 4 MB goal, 0 MB stacks, 0 MB globals, 8 P
gc 2865 @11.476s 7%: 0.097+0.74+0.14 ms clock, 0.77+0.78/0.69/0+1.1 ms cpu, 3->3->1 MB, 4 MB goal, 0 MB stacks, 0 MB globals, 8 P
gc 2866 @11.478s 7%: 0.14+0.63+0.072 ms clock, 1.1+0.69/0.79/0+0.58 ms cpu, 3->3->1 MB, 4 MB goal, 0 MB stacks, 0 MB globals, 8 P
gc 2867 @11.481s 7%: 0.081+0.53+0.11 ms clock, 0.65+0.97/0.60/0+0.89 ms cpu, 3->3->1 MB, 4 MB goal, 0 MB stacks, 0 MB globals, 8 P
gc 2868 @11.483s 7%: 0.11+0.66+0.063 ms clock, 0.89+0.81/0.82/0+0.50 ms cpu, 3->3->1 MB, 4 MB goal, 0 MB stacks, 0 MB globals, 8 P
gc 2869 @11.486s 7%: 0.085+0.60+0.086 ms clock, 0.68+0.73/0.75/0+0.69 ms cpu, 3->3->1 MB, 4 MB goal, 0 MB stacks, 0 MB globals, 8 P
gc 2870 @11.488s 7%: 0.13+0.70+0.13 ms clock, 1.1+0.53/0.90/0+1.0 ms cpu, 3->3->1 MB, 4 MB goal, 0 MB stacks, 0 MB globals, 8 P
gc 2871 @11.491s 7%: 0.13+0.51+0.11 ms clock, 1.1+0.62/0.81/0+0.89 ms cpu, 3->3->1 MB, 4 MB goal, 0 MB stacks, 0 MB globals, 8 P
gc 2872 @11.493s 7%: 0.078+1.0+0.10 ms clock, 0.62+0.71/0.78/0+0.83 ms cpu, 3->3->1 MB, 4 MB goal, 0 MB stacks, 0 MB globals, 8 P
gc 2873 @11.496s 7%: 0.10+0.57+0.076 ms clock, 0.84+0.73/0.78/0+0.61 ms cpu, 3->3->1 MB, 4 MB goal, 0 MB stacks, 0 MB globals, 8 P
gc 2874 @11.498s 7%: 0.075+0.61+0.10 ms clock, 0.60+0.91/0.67/0+0.82 ms cpu, 3->3->1 MB, 4 MB goal, 0 MB stacks, 0 MB globals, 8 P
gc 2875 @11.501s 7%: 0.082+0.78+0.088 ms clock, 0.65+0.81/0.72/0+0.70 ms cpu, 3->3->1 MB, 4 MB goal, 0 MB stacks, 0 MB globals, 8 P
gc 2876 @11.503s 7%: 0.054+0.67+0.089 ms clock, 0.43+0.82/0.79/0+0.71 ms cpu, 3->3->1 MB, 4 MB goal, 0 MB stacks, 0 MB globals, 8 P
gc 2877 @11.506s 7%: 0.10+0.61+0.15 ms clock, 0.87+0.71/0.85/0+1.2 ms cpu, 3->3->1 MB, 4 MB goal, 0 MB stacks, 0 MB globals, 8 P
gc 2878 @11.508s 7%: 0.12+0.61+0.12 ms clock, 0.98+0.83/0.67/0+1.0 ms cpu, 3->3->1 MB, 4 MB goal, 0 MB stacks, 0 MB globals, 8 P
gc 2879 @11.511s 7%: 0.10+0.94+0.14 ms clock, 0.87+0.67/0.82/0+1.1 ms cpu, 3->3->1 MB, 4 MB goal, 0 MB stacks, 0 MB globals, 8 P
gc 2880 @11.513s 7%: 0.11+0.84+0.087 ms clock, 0.90+0.72/0.77/0+0.70 ms cpu, 3->3->1 MB, 4 MB goal, 0 MB stacks, 0 MB globals, 8 P
gc 2881 @11.516s 7%: 0.097+0.76+0.13 ms clock, 0.78+0.91/0.79/0+1.0 ms cpu, 3->3->1 MB, 4 MB goal, 0 MB stacks, 0 MB globals, 8 P
gc 2882 @11.519s 7%: 0.13+1.1+0.061 ms clock, 1.1+1.0/0.55/0+0.48 ms cpu, 3->4->1 MB, 4 MB goal, 0 MB stacks, 0 MB globals, 8 P
gc 2883 @11.521s 7%: 0.087+0.74+0.072 ms clock, 0.70+0.66/0.76/0+0.58 ms cpu, 3->3->1 MB, 4 MB goal, 0 MB stacks, 0 MB globals, 8 P
gc 2884 @11.524s 7%: 0.094+0.82+0.061 ms clock, 0.75+0.71/0.72/0+0.48 ms cpu, 3->4->1 MB, 4 MB goal, 0 MB stacks, 0 MB globals, 8 P
gc 2885 @11.527s 7%: 0.11+0.60+0.11 ms clock, 0.88+0.66/0.73/0+0.92 ms cpu, 3->3->1 MB, 4 MB goal, 0 MB stacks, 0 MB globals, 8 P
gc 2886 @11.529s 7%: 0.13+0.63+0.057 ms clock, 1.1+0.70/0.82/0+0.45 ms cpu, 3->3->1 MB, 4 MB goal, 0 MB stacks, 0 MB globals, 8 P
gc 2887 @11.532s 7%: 0.11+0.59+0.086 ms clock, 0.88+0.72/0.83/0+0.69 ms cpu, 3->3->1 MB, 4 MB goal, 0 MB stacks, 0 MB globals, 8 P
gc 2888 @11.534s 7%: 0.14+0.57+0.077 ms clock, 1.1+0.67/0.77/0+0.62 ms cpu, 3->3->1 MB, 4 MB goal, 0 MB stacks, 0 MB globals, 8 P
gc 2889 @11.536s 7%: 0.11+0.52+0.10 ms clock, 0.95+0.86/0.73/0+0.87 ms cpu, 3->3->1 MB, 4 MB goal, 0 MB stacks, 0 MB globals, 8 P
gc 2890 @11.539s 7%: 0.12+0.62+0.10 ms clock, 1.0+0.71/0.72/0+0.83 ms cpu, 3->3->1 MB, 4 MB goal, 0 MB stacks, 0 MB globals, 8 P
gc 2891 @11.541s 7%: 0.096+0.58+0.096 ms clock, 0.77+0.76/0.71/0+0.77 ms cpu, 3->3->1 MB, 4 MB goal, 0 MB stacks, 0 MB globals, 8 P
gc 2892 @11.544s 7%: 0.094+0.75+0.096 ms clock, 0.75+0.75/0.76/0+0.77 ms cpu, 3->3->1 MB, 4 MB goal, 0 MB stacks, 0 MB globals, 8 P
gc 2893 @11.546s 7%: 0.11+0.58+0.12 ms clock, 0.93+0.74/0.74/0+0.96 ms cpu, 3->3->1 MB, 4 MB goal, 0 MB stacks, 0 MB globals, 8 P
gc 2894 @11.549s 7%: 0.11+0.67+0.094 ms clock, 0.95+0.65/0.74/0+0.75 ms cpu, 3->3->1 MB, 4 MB goal, 0 MB stacks, 0 MB globals, 8 P
gc 2895 @11.551s 7%: 0.13+0.53+0.094 ms clock, 1.0+0.79/0.77/0+0.75 ms cpu, 3->3->1 MB, 4 MB goal, 0 MB stacks, 0 MB globals, 8 P
gc 2896 @11.554s 7%: 0.081+0.72+0.11 ms clock, 0.65+0.84/0.85/0+0.94 ms cpu, 3->3->1 MB, 4 MB goal, 0 MB stacks, 0 MB globals, 8 P
gc 2897 @11.556s 7%: 0.12+0.82+0.076 ms clock, 1.0+0.82/0.85/0+0.60 ms cpu, 3->3->1 MB, 4 MB goal, 0 MB stacks, 0 MB globals, 8 P
gc 2898 @11.559s 7%: 0.13+0.52+0.10 ms clock, 1.1+0.84/0.72/0+0.86 ms cpu, 3->3->1 MB, 4 MB goal, 0 MB stacks, 0 MB globals, 8 P
gc 2899 @11.561s 7%: 0.10+0.81+0.10 ms clock, 0.85+0.76/0.82/0+0.83 ms cpu, 3->3->1 MB, 4 MB goal, 0 MB stacks, 0 MB globals, 8 P
gc 2900 @11.564s 7%: 0.11+0.84+0.055 ms clock, 0.94+0.79/0.76/0+0.44 ms cpu, 3->3->1 MB, 4 MB goal, 0 MB stacks, 0 MB globals, 8 P
gc 2901 @11.567s 7%: 0.071+0.86+0.089 ms clock, 0.57+0.71/0.79/0+0.71 ms cpu, 3->3->1 MB, 4 MB goal, 0 MB stacks, 0 MB globals, 8 P
gc 2902 @11.569s 7%: 0.081+0.53+0.10 ms clock, 0.65+0.85/0.69/0+0.87 ms cpu, 3->3->1 MB, 4 MB goal, 0 MB stacks, 0 MB globals, 8 P
gc 2903 @11.572s 7%: 0.14+0.74+0.078 ms clock, 1.1+0.73/0.83/0+0.63 ms cpu, 3->3->1 MB, 4 MB goal, 0 MB stacks, 0 MB globals, 8 P
gc 2904 @11.574s 7%: 0.14+0.60+0.066 ms clock, 1.1+0.78/0.76/0+0.53 ms cpu, 3->3->1 MB, 4 MB goal, 0 MB stacks, 0 MB globals, 8 P
gc 2905 @11.577s 7%: 0.073+0.55+0.066 ms clock, 0.58+0.91/0.74/0+0.53 ms cpu, 3->3->1 MB, 4 MB goal, 0 MB stacks, 0 MB globals, 8 P
gc 2906 @11.579s 7%: 0.13+0.78+0.13 ms clock, 1.1+0.54/0.75/0+1.1 ms cpu, 3->3->1 MB, 4 MB goal, 0 MB stacks, 0 MB globals, 8 P
gc 2907 @11.582s 7%: 0.098+0.56+0.10 ms clock, 0.78+0.81/0.79/0+0.81 ms cpu, 3->3->1 MB, 4 MB goal, 0 MB stacks, 0 MB globals, 8 P
gc 2908 @11.584s 7%: 0.12+0.61+0.10 ms clock, 0.96+0.83/0.79/0+0.81 ms cpu, 3->3->1 MB, 4 MB goal, 0 MB stacks, 0 MB globals, 8 P
gc 2909 @11.587s 7%: 0.093+0.55+0.16 ms clock, 0.74+0.76/0.81/0+1.3 ms cpu, 3->3->1 MB, 4 MB goal, 0 MB stacks, 0 MB globals, 8 P
gc 2910 @11.589s 7%: 0.064+0.52+0.050 ms clock, 0.51+0.81/0.69/0+0.40 ms cpu, 3->3->1 MB, 4 MB goal, 0 MB stacks, 0 MB globals, 8 P
gc 2911 @11.592s 7%: 0.14+0.76+0.094 ms clock, 1.1+0.61/0.79/0+0.75 ms cpu, 3->3->1 MB, 4 MB goal, 0 MB stacks, 0 MB globals, 8 P
gc 2912 @11.594s 7%: 0.11+1.0+0.11 ms clock, 0.91+0.92/0.80/0+0.95 ms cpu, 3->4->1 MB, 4 MB goal, 0 MB stacks, 0 MB globals, 8 P
gc 2913 @11.597s 7%: 0.099+0.64+0.097 ms clock, 0.79+0.66/0.75/0+0.77 ms cpu, 3->3->1 MB, 4 MB goal, 0 MB stacks, 0 MB globals, 8 P
gc 2914 @11.600s 7%: 0.11+0.62+0.16 ms clock, 0.91+0.80/0.76/0+1.3 ms cpu, 3->3->1 MB, 4 MB goal, 0 MB stacks, 0 MB globals, 8 P
gc 2915 @11.602s 7%: 0.11+0.57+0.063 ms clock, 0.92+0.72/0.72/0+0.50 ms cpu, 3->3->1 MB, 4 MB goal, 0 MB stacks, 0 MB globals, 8 P
gc 2916 @11.605s 7%: 0.098+1.0+0.069 ms clock, 0.78+0.70/0.72/0+0.55 ms cpu, 3->3->1 MB, 4 MB goal, 0 MB stacks, 0 MB globals, 8 P
gc 2917 @11.607s 7%: 0.10+0.96+0.080 ms clock, 0.85+0.83/0.72/0+0.64 ms cpu, 3->4->1 MB, 4 MB goal, 0 MB stacks, 0 MB globals, 8 P
gc 2918 @11.610s 7%: 0.15+0.87+0.056 ms clock, 1.2+0.73/0.71/0+0.45 ms cpu, 3->3->1 MB, 4 MB goal, 0 MB stacks, 0 MB globals, 8 P
gc 2919 @11.613s 7%: 0.15+0.51+0.12 ms clock, 1.2+0.64/0.73/0+0.97 ms cpu, 3->3->1 MB, 4 MB goal, 0 MB stacks, 0 MB globals, 8 P
gc 2920 @11.615s 7%: 0.12+0.59+0.072 ms clock, 1.0+0.82/0.69/0+0.57 ms cpu, 3->3->1 MB, 4 MB goal, 0 MB stacks, 0 MB globals, 8 P
gc 2921 @11.618s 7%: 0.10+0.64+0.099 ms clock, 0.86+0.85/0.76/0+0.79 ms cpu, 3->3->1 MB, 4 MB goal, 0 MB stacks, 0 MB globals, 8 P
gc 2922 @11.620s 7%: 0.12+0.50+0.076 ms clock, 0.98+0.66/0.68/0+0.61 ms cpu, 3->3->1 MB, 4 MB goal, 0 MB stacks, 0 MB globals, 8 P
gc 2923 @11.623s 7%: 0.082+1.1+0.058 ms clock, 0.66+0.73/0.86/0+0.46 ms cpu, 3->4->2 MB, 4 MB goal, 0 MB stacks, 0 MB globals, 8 P
gc 2924 @11.626s 7%: 0.11+0.70+0.13 ms clock, 0.88+0.90/0.80/0+1.0 ms cpu, 3->4->1 MB, 4 MB goal, 0 MB stacks, 0 MB globals, 8 P
gc 2925 @11.628s 7%: 0.10+1.3+0.077 ms clock, 0.80+0.73/0.83/0+0.62 ms cpu, 3->4->1 MB, 4 MB goal, 0 MB stacks, 0 MB globals, 8 P
gc 2926 @11.631s 7%: 0.080+1.0+0.10 ms clock, 0.64+1.0/0.74/0+0.83 ms cpu, 3->4->1 MB, 4 MB goal, 0 MB stacks, 0 MB globals, 8 P
gc 2927 @11.634s 7%: 0.11+0.58+0.083 ms clock, 0.89+0.81/0.73/0+0.66 ms cpu, 3->3->1 MB, 4 MB goal, 0 MB stacks, 0 MB globals, 8 P
gc 2928 @11.637s 7%: 0.070+0.69+0.099 ms clock, 0.56+0.75/0.79/0+0.79 ms cpu, 3->3->1 MB, 4 MB goal, 0 MB stacks, 0 MB globals, 8 P
gc 2929 @11.639s 7%: 0.11+0.57+0.084 ms clock, 0.89+0.84/0.74/0+0.67 ms cpu, 3->3->1 MB, 4 MB goal, 0 MB stacks, 0 MB globals, 8 P
gc 2930 @11.642s 7%: 0.11+1.9+0.084 ms clock, 0.93+1.7/0.73/0+0.67 ms cpu, 3->4->2 MB, 4 MB goal, 0 MB stacks, 0 MB globals, 8 P
gc 2931 @11.645s 7%: 0.080+0.57+0.082 ms clock, 0.64+0.77/0.76/0+0.66 ms cpu, 4->4->1 MB, 4 MB goal, 0 MB stacks, 0 MB globals, 8 P
gc 2932 @11.648s 7%: 0.15+0.58+0.096 ms clock, 1.2+0.69/0.76/0+0.77 ms cpu, 3->3->1 MB, 4 MB goal, 0 MB stacks, 0 MB globals, 8 P
gc 2933 @11.650s 7%: 0.10+1.1+0.092 ms clock, 0.85+0.78/0.76/0+0.74 ms cpu, 3->4->2 MB, 4 MB goal, 0 MB stacks, 0 MB globals, 8 P
gc 2934 @11.653s 7%: 0.10+0.46+0.066 ms clock, 0.85+0.85/0.66/0+0.53 ms cpu, 3->4->1 MB, 4 MB goal, 0 MB stacks, 0 MB globals, 8 P
gc 2935 @11.656s 7%: 0.096+0.71+0.089 ms clock, 0.76+0.72/0.79/0+0.71 ms cpu, 3->3->1 MB, 4 MB goal, 0 MB stacks, 0 MB globals, 8 P
gc 2936 @11.658s 7%: 0.11+0.76+0.10 ms clock, 0.93+1.2/0.73/0+0.82 ms cpu, 3->3->1 MB, 4 MB goal, 0 MB stacks, 0 MB globals, 8 P
gc 2937 @11.661s 7%: 0.097+0.69+0.10 ms clock, 0.78+0.83/0.83/0+0.82 ms cpu, 3->3->1 MB, 4 MB goal, 0 MB stacks, 0 MB globals, 8 P
gc 2938 @11.663s 7%: 0.10+0.76+0.085 ms clock, 0.87+0.76/0.90/0+0.68 ms cpu, 3->3->1 MB, 4 MB goal, 0 MB stacks, 0 MB globals, 8 P
gc 2939 @11.666s 7%: 0.14+0.86+0.075 ms clock, 1.1+1.3/0.76/0+0.60 ms cpu, 3->3->1 MB, 4 MB goal, 0 MB stacks, 0 MB globals, 8 P
gc 2940 @11.669s 7%: 0.12+1.0+0.049 ms clock, 0.99+0.80/0.64/0+0.39 ms cpu, 3->4->1 MB, 4 MB goal, 0 MB stacks, 0 MB globals, 8 P
gc 2941 @11.671s 7%: 0.10+0.53+0.12 ms clock, 0.83+0.77/0.79/0+1.0 ms cpu, 3->3->1 MB, 4 MB goal, 0 MB stacks, 0 MB globals, 8 P
gc 2942 @11.674s 7%: 0.11+0.55+0.15 ms clock, 0.91+0.82/0.77/0+1.2 ms cpu, 3->3->1 MB, 4 MB goal, 0 MB stacks, 0 MB globals, 8 P
gc 2943 @11.676s 7%: 0.10+0.68+0.12 ms clock, 0.81+0.73/0.76/0+0.97 ms cpu, 3->3->1 MB, 4 MB goal, 0 MB stacks, 0 MB globals, 8 P
gc 2944 @11.679s 7%: 0.086+1.0+0.068 ms clock, 0.69+0.89/0.68/0+0.55 ms cpu, 3->4->1 MB, 4 MB goal, 0 MB stacks, 0 MB globals, 8 P
gc 2945 @11.682s 7%: 0.12+0.56+0.079 ms clock, 0.97+0.83/0.69/0+0.63 ms cpu, 3->3->1 MB, 4 MB goal, 0 MB stacks, 0 MB globals, 8 P
gc 2946 @11.684s 7%: 0.10+0.54+0.065 ms clock, 0.81+0.73/0.66/0+0.52 ms cpu, 3->3->1 MB, 4 MB goal, 0 MB stacks, 0 MB globals, 8 P
gc 2947 @11.687s 7%: 0.089+0.57+0.10 ms clock, 0.71+0.76/0.77/0+0.83 ms cpu, 3->3->1 MB, 4 MB goal, 0 MB stacks, 0 MB globals, 8 P
gc 2948 @11.689s 7%: 0.13+1.0+0.092 ms clock, 1.0+0.74/0.70/0+0.74 ms cpu, 3->4->1 MB, 4 MB goal, 0 MB stacks, 0 MB globals, 8 P
gc 2949 @11.692s 7%: 0.13+1.1+0.071 ms clock, 1.0+0.78/0.75/0+0.56 ms cpu, 3->4->1 MB, 4 MB goal, 0 MB stacks, 0 MB globals, 8 P
gc 2950 @11.695s 7%: 0.11+0.57+0.11 ms clock, 0.89+0.69/0.88/0+0.95 ms cpu, 3->4->1 MB, 4 MB goal, 0 MB stacks, 0 MB globals, 8 P
gc 2951 @11.698s 7%: 0.11+1.0+0.058 ms clock, 0.93+0.79/0.76/0+0.46 ms cpu, 3->4->1 MB, 4 MB goal, 0 MB stacks, 0 MB globals, 8 P
gc 2952 @11.700s 7%: 0.099+0.58+0.060 ms clock, 0.79+0.68/0.74/0+0.48 ms cpu, 3->3->1 MB, 4 MB goal, 0 MB stacks, 0 MB globals, 8 P
gc 2953 @11.703s 7%: 0.15+1.2+0.091 ms clock, 1.2+0.64/0.80/0+0.73 ms cpu, 3->4->2 MB, 4 MB goal, 0 MB stacks, 0 MB globals, 8 P
gc 2954 @11.706s 7%: 0.12+1.0+0.045 ms clock, 1.0+0.70/0.80/0+0.36 ms cpu, 3->4->1 MB, 4 MB goal, 0 MB stacks, 0 MB globals, 8 P
gc 2955 @11.709s 7%: 0.097+1.0+0.098 ms clock, 0.77+0.80/0.76/0+0.79 ms cpu, 3->4->1 MB, 4 MB goal, 0 MB stacks, 0 MB globals, 8 P
gc 2956 @11.712s 7%: 0.10+1.1+0.044 ms clock, 0.87+0.63/0.97/0+0.35 ms cpu, 3->4->1 MB, 4 MB goal, 0 MB stacks, 0 MB globals, 8 P
gc 2957 @11.715s 7%: 0.17+0.58+0.087 ms clock, 1.3+0.74/0.78/0+0.69 ms cpu, 3->4->1 MB, 4 MB goal, 0 MB stacks, 0 MB globals, 8 P
gc 2958 @11.717s 7%: 0.12+1.0+0.081 ms clock, 1.0+0.69/0.80/0+0.65 ms cpu, 3->4->1 MB, 4 MB goal, 0 MB stacks, 0 MB globals, 8 P
gc 2959 @11.720s 7%: 0.074+0.72+0.13 ms clock, 0.59+0.75/0.84/0+1.0 ms cpu, 3->4->1 MB, 4 MB goal, 0 MB stacks, 0 MB globals, 8 P
gc 2960 @11.723s 7%: 0.11+0.90+0.073 ms clock, 0.92+0.87/0.75/0+0.58 ms cpu, 3->3->1 MB, 4 MB goal, 0 MB stacks, 0 MB globals, 8 P
gc 2961 @11.725s 7%: 0.14+0.50+0.086 ms clock, 1.1+0.59/0.80/0+0.68 ms cpu, 3->3->1 MB, 4 MB goal, 0 MB stacks, 0 MB globals, 8 P
gc 2962 @11.728s 7%: 0.10+0.62+0.12 ms clock, 0.87+0.81/0.80/0+0.96 ms cpu, 3->3->1 MB, 4 MB goal, 0 MB stacks, 0 MB globals, 8 P
gc 2963 @11.730s 7%: 0.11+0.58+0.076 ms clock, 0.94+0.88/0.80/0+0.61 ms cpu, 3->3->1 MB, 4 MB goal, 0 MB stacks, 0 MB globals, 8 P
gc 2964 @11.733s 7%: 0.11+0.93+0.067 ms clock, 0.91+0.75/0.78/0+0.54 ms cpu, 3->3->1 MB, 4 MB goal, 0 MB stacks, 0 MB globals, 8 P
gc 2965 @11.736s 7%: 0.10+1.0+0.087 ms clock, 0.80+0.70/0.89/0+0.69 ms cpu, 3->4->1 MB, 4 MB goal, 0 MB stacks, 0 MB globals, 8 P
gc 2966 @11.738s 7%: 0.17+0.76+0.091 ms clock, 1.4+0.72/0.91/0+0.73 ms cpu, 3->3->1 MB, 4 MB goal, 0 MB stacks, 0 MB globals, 8 P
gc 2967 @11.741s 7%: 0.099+0.68+0.084 ms clock, 0.79+0.73/0.83/0+0.67 ms cpu, 3->3->1 MB, 4 MB goal, 0 MB stacks, 0 MB globals, 8 P
gc 2968 @11.743s 7%: 0.12+1.0+0.12 ms clock, 0.97+0.56/0.77/0+1.0 ms cpu, 3->4->1 MB, 4 MB goal, 0 MB stacks, 0 MB globals, 8 P
gc 2969 @11.746s 7%: 0.11+0.98+0.069 ms clock, 0.90+0.71/0.77/0+0.55 ms cpu, 3->4->1 MB, 4 MB goal, 0 MB stacks, 0 MB globals, 8 P
gc 2970 @11.749s 7%: 0.10+0.69+0.16 ms clock, 0.86+0.71/0.77/0+1.3 ms cpu, 3->4->1 MB, 4 MB goal, 0 MB stacks, 0 MB globals, 8 P
gc 2971 @11.752s 7%: 0.10+0.63+0.079 ms clock, 0.83+0.76/0.89/0+0.63 ms cpu, 3->3->1 MB, 4 MB goal, 0 MB stacks, 0 MB globals, 8 P
gc 2972 @11.754s 7%: 0.14+0.60+0.053 ms clock, 1.1+0.71/0.68/0+0.43 ms cpu, 3->3->1 MB, 4 MB goal, 0 MB stacks, 0 MB globals, 8 P
gc 2973 @11.757s 7%: 0.12+1.0+0.10 ms clock, 0.99+0.79/0.76/0+0.81 ms cpu, 3->4->1 MB, 4 MB goal, 0 MB stacks, 0 MB globals, 8 P
gc 2974 @11.759s 7%: 0.097+0.69+0.12 ms clock, 0.77+0.84/0.71/0+0.98 ms cpu, 3->4->1 MB, 4 MB goal, 0 MB stacks, 0 MB globals, 8 P
gc 2975 @11.762s 7%: 0.080+0.92+0.051 ms clock, 0.64+0.77/0.79/0+0.41 ms cpu, 3->3->1 MB, 4 MB goal, 0 MB stacks, 0 MB globals, 8 P
gc 2976 @11.765s 7%: 0.13+0.76+0.092 ms clock, 1.0+0.87/0.77/0+0.74 ms cpu, 3->3->1 MB, 4 MB goal, 0 MB stacks, 0 MB globals, 8 P
gc 2977 @11.767s 7%: 0.13+0.81+0.080 ms clock, 1.0+0.72/0.82/0+0.64 ms cpu, 3->3->1 MB, 4 MB goal, 0 MB stacks, 0 MB globals, 8 P
gc 2978 @11.770s 7%: 0.12+0.56+0.10 ms clock, 0.97+0.83/0.66/0+0.87 ms cpu, 3->3->1 MB, 4 MB goal, 0 MB stacks, 0 MB globals, 8 P
gc 2979 @11.772s 7%: 0.098+0.49+0.075 ms clock, 0.78+0.75/0.79/0+0.60 ms cpu, 3->3->1 MB, 4 MB goal, 0 MB stacks, 0 MB globals, 8 P
gc 2980 @11.775s 7%: 0.068+0.90+0.13 ms clock, 0.55+0.48/0.85/0+1.1 ms cpu, 3->4->1 MB, 4 MB goal, 0 MB stacks, 0 MB globals, 8 P
gc 2981 @11.777s 7%: 0.11+0.59+0.12 ms clock, 0.88+0.69/0.83/0+0.98 ms cpu, 3->3->1 MB, 4 MB goal, 0 MB stacks, 0 MB globals, 8 P
gc 2982 @11.780s 7%: 0.16+0.61+0.13 ms clock, 1.3+0.78/0.83/0+1.1 ms cpu, 3->3->1 MB, 4 MB goal, 0 MB stacks, 0 MB globals, 8 P
gc 2983 @11.782s 7%: 0.099+1.2+0.058 ms clock, 0.79+0.67/0.76/0+0.46 ms cpu, 3->4->2 MB, 4 MB goal, 0 MB stacks, 0 MB globals, 8 P
gc 2984 @11.785s 7%: 0.11+1.0+0.077 ms clock, 0.90+0.66/0.77/0+0.61 ms cpu, 3->4->1 MB, 4 MB goal, 0 MB stacks, 0 MB globals, 8 P
gc 2985 @11.788s 7%: 0.12+0.71+0.056 ms clock, 0.97+0.84/0.83/0+0.45 ms cpu, 3->3->1 MB, 4 MB goal, 0 MB stacks, 0 MB globals, 8 P
gc 2986 @11.791s 7%: 0.065+1.0+0.072 ms clock, 0.52+0.80/0.78/0+0.58 ms cpu, 3->4->1 MB, 4 MB goal, 0 MB stacks, 0 MB globals, 8 P
gc 2987 @11.794s 7%: 0.12+0.59+0.095 ms clock, 1.0+0.78/0.69/0+0.76 ms cpu, 3->3->1 MB, 4 MB goal, 0 MB stacks, 0 MB globals, 8 P
gc 2988 @11.796s 7%: 0.11+0.58+0.11 ms clock, 0.91+0.75/0.80/0+0.92 ms cpu, 3->3->1 MB, 4 MB goal, 0 MB stacks, 0 MB globals, 8 P
gc 2989 @11.799s 7%: 0.12+0.74+0.098 ms clock, 1.0+0.76/0.77/0+0.78 ms cpu, 3->3->1 MB, 4 MB goal, 0 MB stacks, 0 MB globals, 8 P
gc 2990 @11.801s 7%: 0.11+0.68+0.10 ms clock, 0.88+0.71/0.80/0+0.81 ms cpu, 3->3->1 MB, 4 MB goal, 0 MB stacks, 0 MB globals, 8 P
gc 2991 @11.804s 7%: 0.11+0.63+0.11 ms clock, 0.93+0.76/0.84/0+0.91 ms cpu, 3->3->1 MB, 4 MB goal, 0 MB stacks, 0 MB globals, 8 P
gc 2992 @11.806s 7%: 0.076+0.89+0.071 ms clock, 0.61+0.72/0.77/0+0.57 ms cpu, 3->3->1 MB, 4 MB goal, 0 MB stacks, 0 MB globals, 8 P
gc 2993 @11.809s 7%: 0.11+0.62+0.066 ms clock, 0.91+0.75/0.75/0+0.53 ms cpu, 3->3->1 MB, 4 MB goal, 0 MB stacks, 0 MB globals, 8 P
gc 2994 @11.811s 7%: 0.092+1.3+0.082 ms clock, 0.73+0.66/0.82/0+0.65 ms cpu, 3->4->2 MB, 4 MB goal, 0 MB stacks, 0 MB globals, 8 P
gc 2995 @11.814s 7%: 0.12+1.0+0.086 ms clock, 1.0+0.67/0.76/0+0.68 ms cpu, 3->4->1 MB, 4 MB goal, 0 MB stacks, 0 MB globals, 8 P
gc 2996 @11.817s 7%: 0.11+0.59+0.11 ms clock, 0.92+0.79/0.77/0+0.93 ms cpu, 3->3->1 MB, 4 MB goal, 0 MB stacks, 0 MB globals, 8 P
gc 2997 @11.820s 7%: 0.056+0.88+0.12 ms clock, 0.45+0.76/0.83/0+0.97 ms cpu, 3->3->1 MB, 4 MB goal, 0 MB stacks, 0 MB globals, 8 P
gc 2998 @11.822s 7%: 0.18+1.1+0.092 ms clock, 1.5+0.66/0.79/0+0.74 ms cpu, 3->4->1 MB, 4 MB goal, 0 MB stacks, 0 MB globals, 8 P
gc 2999 @11.825s 7%: 0.10+1.0+0.092 ms clock, 0.84+0.73/0.87/0+0.73 ms cpu, 3->4->1 MB, 4 MB goal, 0 MB stacks, 0 MB globals, 8 P
gc 3000 @11.828s 7%: 0.12+0.86+0.073 ms clock, 0.96+0.61/0.82/0+0.58 ms cpu, 3->4->1 MB, 4 MB goal, 0 MB stacks, 0 MB globals, 8 P
gc 3001 @11.831s 7%: 0.10+0.99+0.096 ms clock, 0.83+0.82/0.88/0+0.76 ms cpu, 3->4->1 MB, 4 MB goal, 0 MB stacks, 0 MB globals, 8 P
gc 3002 @11.833s 7%: 0.10+0.56+0.059 ms clock, 0.80+0.88/0.65/0+0.47 ms cpu, 3->3->1 MB, 4 MB goal, 0 MB stacks, 0 MB globals, 8 P
gc 3003 @11.836s 7%: 0.12+0.61+0.063 ms clock, 1.0+0.64/0.79/0+0.50 ms cpu, 3->3->1 MB, 4 MB goal, 0 MB stacks, 0 MB globals, 8 P
gc 3004 @11.838s 7%: 0.060+1.0+0.078 ms clock, 0.48+0.81/0.73/0+0.62 ms cpu, 3->4->1 MB, 4 MB goal, 0 MB stacks, 0 MB globals, 8 P
gc 3005 @11.841s 7%: 0.12+0.96+0.12 ms clock, 0.97+1.4/0.84/0+0.98 ms cpu, 3->4->1 MB, 4 MB goal, 0 MB stacks, 0 MB globals, 8 P
gc 3006 @11.844s 7%: 0.18+0.83+0.090 ms clock, 1.4+0.56/0.88/0+0.72 ms cpu, 3->4->1 MB, 4 MB goal, 0 MB stacks, 0 MB globals, 8 P
gc 3007 @11.846s 7%: 0.10+0.89+0.083 ms clock, 0.82+0.63/0.84/0+0.66 ms cpu, 3->4->1 MB, 4 MB goal, 0 MB stacks, 0 MB globals, 8 P
gc 3008 @11.849s 7%: 0.070+0.56+0.091 ms clock, 0.56+0.70/0.76/0+0.73 ms cpu, 3->3->1 MB, 4 MB goal, 0 MB stacks, 0 MB globals, 8 P
gc 3009 @11.852s 7%: 0.12+0.59+0.10 ms clock, 1.0+0.83/0.79/0+0.80 ms cpu, 3->3->1 MB, 4 MB goal, 0 MB stacks, 0 MB globals, 8 P
gc 3010 @11.854s 7%: 0.096+0.60+0.058 ms clock, 0.77+0.66/0.79/0+0.46 ms cpu, 3->3->1 MB, 4 MB goal, 0 MB stacks, 0 MB globals, 8 P
gc 3011 @11.857s 7%: 0.19+0.87+0.060 ms clock, 1.5+0.71/0.71/0+0.48 ms cpu, 3->3->1 MB, 4 MB goal, 0 MB stacks, 0 MB globals, 8 P
gc 3012 @11.859s 7%: 0.081+0.84+0.10 ms clock, 0.65+0.72/0.73/0+0.81 ms cpu, 3->3->1 MB, 4 MB goal, 0 MB stacks, 0 MB globals, 8 P
gc 3013 @11.862s 7%: 0.10+0.69+0.12 ms clock, 0.87+0.69/0.78/0+0.96 ms cpu, 3->3->1 MB, 4 MB goal, 0 MB stacks, 0 MB globals, 8 P
gc 3014 @11.864s 7%: 0.10+1.1+0.090 ms clock, 0.85+0.68/0.85/0+0.72 ms cpu, 3->4->1 MB, 4 MB goal, 0 MB stacks, 0 MB globals, 8 P
gc 3015 @11.868s 7%: 0.10+0.73+0.088 ms clock, 0.80+0.85/0.79/0+0.70 ms cpu, 3->4->1 MB, 4 MB goal, 0 MB stacks, 0 MB globals, 8 P
gc 3016 @11.870s 7%: 0.12+0.72+0.079 ms clock, 0.96+0.71/0.91/0+0.63 ms cpu, 3->3->1 MB, 4 MB goal, 0 MB stacks, 0 MB globals, 8 P
gc 3017 @11.872s 7%: 0.068+0.78+0.10 ms clock, 0.54+0.74/0.77/0+0.86 ms cpu, 3->3->1 MB, 4 MB goal, 0 MB stacks, 0 MB globals, 8 P
gc 3018 @11.875s 7%: 0.10+0.65+0.10 ms clock, 0.83+0.72/0.87/0+0.85 ms cpu, 3->3->1 MB, 4 MB goal, 0 MB stacks, 0 MB globals, 8 P
gc 3019 @11.877s 7%: 0.10+0.88+0.059 ms clock, 0.84+0.59/0.85/0+0.47 ms cpu, 3->3->1 MB, 4 MB goal, 0 MB stacks, 0 MB globals, 8 P
gc 3020 @11.880s 7%: 0.083+0.64+0.092 ms clock, 0.66+0.91/0.76/0+0.73 ms cpu, 3->3->1 MB, 4 MB goal, 0 MB stacks, 0 MB globals, 8 P
gc 3021 @11.882s 7%: 0.065+0.70+0.092 ms clock, 0.52+0.81/0.74/0+0.73 ms cpu, 3->3->1 MB, 4 MB goal, 0 MB stacks, 0 MB globals, 8 P
gc 3022 @11.885s 7%: 0.10+0.76+0.093 ms clock, 0.87+0.70/0.86/0+0.74 ms cpu, 3->3->1 MB, 4 MB goal, 0 MB stacks, 0 MB globals, 8 P
gc 3023 @11.887s 7%: 0.12+1.0+0.010 ms clock, 0.99+0.73/0.67/0+0.080 ms cpu, 3->4->1 MB, 4 MB goal, 0 MB stacks, 0 MB globals, 8 P
gc 3024 @11.890s 7%: 0.16+0.62+0.071 ms clock, 1.3+0.81/0.76/0+0.56 ms cpu, 3->4->1 MB, 4 MB goal, 0 MB stacks, 0 MB globals, 8 P
gc 3025 @11.893s 7%: 0.10+0.72+0.10 ms clock, 0.87+0.79/0.74/0+0.85 ms cpu, 3->3->1 MB, 4 MB goal, 0 MB stacks, 0 MB globals, 8 P
gc 3026 @11.895s 7%: 0.10+0.70+0.075 ms clock, 0.85+0.68/0.97/0+0.60 ms cpu, 3->3->1 MB, 4 MB goal, 0 MB stacks, 0 MB globals, 8 P
gc 3027 @11.898s 7%: 0.10+1.2+0.091 ms clock, 0.82+0.74/0.66/0+0.73 ms cpu, 3->4->2 MB, 4 MB goal, 0 MB stacks, 0 MB globals, 8 P
gc 3028 @11.901s 7%: 0.082+0.81+0.065 ms clock, 0.66+0.88/0.79/0+0.52 ms cpu, 3->4->1 MB, 4 MB goal, 0 MB stacks, 0 MB globals, 8 P
gc 3029 @11.904s 7%: 0.13+1.0+0.11 ms clock, 1.0+0.84/0.78/0+0.93 ms cpu, 3->4->1 MB, 4 MB goal, 0 MB stacks, 0 MB globals, 8 P
gc 3030 @11.907s 7%: 0.096+0.60+0.087 ms clock, 0.77+0.80/0.82/0+0.70 ms cpu, 3->4->1 MB, 4 MB goal, 0 MB stacks, 0 MB globals, 8 P
gc 3031 @11.909s 7%: 0.15+1.1+0.10 ms clock, 1.2+0.72/0.78/0+0.86 ms cpu, 3->4->2 MB, 4 MB goal, 0 MB stacks, 0 MB globals, 8 P
gc 3032 @11.912s 7%: 0.10+0.92+0.085 ms clock, 0.83+0.69/0.74/0+0.68 ms cpu, 3->4->1 MB, 4 MB goal, 0 MB stacks, 0 MB globals, 8 P
gc 3033 @11.915s 7%: 0.11+0.59+0.058 ms clock, 0.88+0.70/0.78/0+0.46 ms cpu, 3->3->1 MB, 4 MB goal, 0 MB stacks, 0 MB globals, 8 P
gc 3034 @11.918s 7%: 0.14+0.53+0.085 ms clock, 1.1+0.78/0.77/0+0.68 ms cpu, 3->3->1 MB, 4 MB goal, 0 MB stacks, 0 MB globals, 8 P
gc 3035 @11.920s 7%: 0.095+0.55+0.079 ms clock, 0.76+0.76/0.74/0+0.63 ms cpu, 3->3->1 MB, 4 MB goal, 0 MB stacks, 0 MB globals, 8 P
gc 3036 @11.922s 7%: 0.11+0.99+0.072 ms clock, 0.95+0.67/0.89/0+0.58 ms cpu, 3->3->1 MB, 4 MB goal, 0 MB stacks, 0 MB globals, 8 P
gc 3037 @11.925s 7%: 0.11+0.50+0.057 ms clock, 0.92+0.67/0.75/0+0.45 ms cpu, 3->3->1 MB, 4 MB goal, 0 MB stacks, 0 MB globals, 8 P
gc 3038 @11.928s 7%: 0.096+0.71+0.12 ms clock, 0.76+0.60/1.0/0+1.0 ms cpu, 3->3->1 MB, 4 MB goal, 0 MB stacks, 0 MB globals, 8 P
gc 3039 @11.930s 7%: 0.12+0.55+0.10 ms clock, 0.97+0.69/0.74/0+0.85 ms cpu, 3->3->1 MB, 4 MB goal, 0 MB stacks, 0 MB globals, 8 P
gc 3040 @11.933s 7%: 0.086+0.57+0.13 ms clock, 0.68+0.81/0.70/0+1.0 ms cpu, 3->3->1 MB, 4 MB goal, 0 MB stacks, 0 MB globals, 8 P
gc 3041 @11.935s 7%: 0.097+0.64+0.14 ms clock, 0.77+0.70/0.80/0+1.1 ms cpu, 3->3->1 MB, 4 MB goal, 0 MB stacks, 0 MB globals, 8 P
gc 3042 @11.938s 7%: 0.14+0.94+0.076 ms clock, 1.1+0.58/0.72/0+0.61 ms cpu, 3->3->1 MB, 4 MB goal, 0 MB stacks, 0 MB globals, 8 P
gc 3043 @11.940s 7%: 0.13+1.0+0.11 ms clock, 1.0+0.72/0.85/0+0.90 ms cpu, 3->4->1 MB, 4 MB goal, 0 MB stacks, 0 MB globals, 8 P
gc 3044 @11.943s 7%: 0.11+0.53+0.051 ms clock, 0.91+0.77/0.77/0+0.41 ms cpu, 3->3->1 MB, 4 MB goal, 0 MB stacks, 0 MB globals, 8 P
gc 3045 @11.945s 7%: 0.094+0.56+0.063 ms clock, 0.75+0.84/0.68/0+0.51 ms cpu, 3->3->1 MB, 4 MB goal, 0 MB stacks, 0 MB globals, 8 P
gc 3046 @11.948s 7%: 0.12+0.55+0.078 ms clock, 0.97+0.85/0.81/0+0.62 ms cpu, 3->3->1 MB, 4 MB goal, 0 MB stacks, 0 MB globals, 8 P
gc 3047 @11.950s 7%: 0.11+0.68+0.10 ms clock, 0.91+0.77/0.82/0+0.80 ms cpu, 3->3->1 MB, 4 MB goal, 0 MB stacks, 0 MB globals, 8 P
gc 3048 @11.953s 7%: 0.076+1.1+0.060 ms clock, 0.61+0.97/0.68/0+0.48 ms cpu, 3->4->1 MB, 4 MB goal, 0 MB stacks, 0 MB globals, 8 P
gc 3049 @11.956s 7%: 0.10+0.98+0.081 ms clock, 0.83+0.96/0.85/0+0.65 ms cpu, 3->4->1 MB, 4 MB goal, 0 MB stacks, 0 MB globals, 8 P
gc 3050 @11.958s 7%: 0.21+0.97+0.047 ms clock, 1.7+0.72/0.83/0+0.38 ms cpu, 3->4->1 MB, 4 MB goal, 0 MB stacks, 0 MB globals, 8 P
gc 3051 @11.961s 7%: 0.083+0.71+0.094 ms clock, 0.66+0.82/0.76/0+0.75 ms cpu, 3->4->1 MB, 4 MB goal, 0 MB stacks, 0 MB globals, 8 P
gc 3052 @11.964s 7%: 0.087+0.77+0.087 ms clock, 0.70+0.86/1.0/0+0.69 ms cpu, 3->3->1 MB, 4 MB goal, 0 MB stacks, 0 MB globals, 8 P
gc 3053 @11.966s 7%: 0.14+0.50+0.11 ms clock, 1.1+0.73/0.67/0+0.92 ms cpu, 3->3->1 MB, 4 MB goal, 0 MB stacks, 0 MB globals, 8 P
gc 3054 @11.969s 7%: 0.083+0.55+0.10 ms clock, 0.66+0.80/0.72/0+0.86 ms cpu, 3->3->1 MB, 4 MB goal, 0 MB stacks, 0 MB globals, 8 P
gc 3055 @11.971s 7%: 0.11+0.67+0.092 ms clock, 0.95+0.76/0.80/0+0.74 ms cpu, 3->3->1 MB, 4 MB goal, 0 MB stacks, 0 MB globals, 8 P
gc 3056 @11.974s 7%: 0.11+0.69+0.091 ms clock, 0.91+0.88/0.77/0+0.72 ms cpu, 3->3->1 MB, 4 MB goal, 0 MB stacks, 0 MB globals, 8 P
gc 3057 @11.976s 7%: 0.095+0.55+0.059 ms clock, 0.76+0.75/0.68/0+0.47 ms cpu, 3->3->1 MB, 4 MB goal, 0 MB stacks, 0 MB globals, 8 P
gc 3058 @11.979s 7%: 0.089+0.60+0.096 ms clock, 0.71+0.82/0.77/0+0.76 ms cpu, 3->3->1 MB, 4 MB goal, 0 MB stacks, 0 MB globals, 8 P
gc 3059 @11.981s 7%: 0.12+1.1+0.078 ms clock, 0.99+0.59/0.79/0+0.62 ms cpu, 3->4->2 MB, 4 MB goal, 0 MB stacks, 0 MB globals, 8 P
gc 3060 @11.984s 7%: 0.16+1.0+0.028 ms clock, 1.3+0.69/0.79/0+0.22 ms cpu, 3->4->1 MB, 4 MB goal, 0 MB stacks, 0 MB globals, 8 P
gc 3061 @11.987s 7%: 0.14+0.56+0.089 ms clock, 1.1+0.56/0.80/0+0.71 ms cpu, 3->3->1 MB, 4 MB goal, 0 MB stacks, 0 MB globals, 8 P
gc 3062 @11.989s 7%: 0.11+0.60+0.12 ms clock, 0.90+0.91/0.70/0+0.97 ms cpu, 3->3->1 MB, 4 MB goal, 0 MB stacks, 0 MB globals, 8 P
gc 3063 @11.992s 7%: 0.16+0.67+0.11 ms clock, 1.3+0.67/0.80/0+0.89 ms cpu, 3->3->1 MB, 4 MB goal, 0 MB stacks, 0 MB globals, 8 P
gc 3064 @11.994s 7%: 0.085+0.71+0.092 ms clock, 0.68+0.75/0.77/0+0.74 ms cpu, 3->3->1 MB, 4 MB goal, 0 MB stacks, 0 MB globals, 8 P
gc 3065 @11.997s 7%: 0.13+0.62+0.065 ms clock, 1.0+0.84/0.72/0+0.52 ms cpu, 3->3->1 MB, 4 MB goal, 0 MB stacks, 0 MB globals, 8 P
gc 3066 @11.999s 7%: 0.12+0.55+0.062 ms clock, 1.0+0.72/0.80/0+0.49 ms cpu, 3->3->1 MB, 4 MB goal, 0 MB stacks, 0 MB globals, 8 P
gc 3067 @12.002s 7%: 0.095+0.70+0.11 ms clock, 0.76+0.60/0.78/0.008+0.90 ms cpu, 3->3->1 MB, 4 MB goal, 0 MB stacks, 0 MB globals, 8 P
gc 3068 @12.004s 7%: 0.11+0.67+0.085 ms clock, 0.91+0.76/0.78/0+0.68 ms cpu, 3->3->1 MB, 4 MB goal, 0 MB stacks, 0 MB globals, 8 P
gc 3069 @12.007s 7%: 0.11+0.60+0.12 ms clock, 0.91+0.79/0.72/0+1.0 ms cpu, 3->3->1 MB, 4 MB goal, 0 MB stacks, 0 MB globals, 8 P
gc 3070 @12.009s 7%: 0.056+0.59+0.14 ms clock, 0.45+0.78/0.69/0+1.1 ms cpu, 3->3->1 MB, 4 MB goal, 0 MB stacks, 0 MB globals, 8 P
gc 3071 @12.012s 7%: 0.13+0.99+0.098 ms clock, 1.0+0.78/0.77/0+0.78 ms cpu, 3->4->1 MB, 4 MB goal, 0 MB stacks, 0 MB globals, 8 P
gc 3072 @12.015s 7%: 0.096+1.1+0.094 ms clock, 0.77+0.77/0.80/0+0.75 ms cpu, 3->4->1 MB, 4 MB goal, 0 MB stacks, 0 MB globals, 8 P
gc 3073 @12.018s 7%: 0.13+1.4+0.091 ms clock, 1.0+1.5/0.84/0+0.72 ms cpu, 3->4->2 MB, 4 MB goal, 0 MB stacks, 0 MB globals, 8 P
gc 3074 @12.021s 7%: 0.13+1.2+0.065 ms clock, 1.0+0.53/0.84/0+0.52 ms cpu, 3->4->1 MB, 4 MB goal, 0 MB stacks, 0 MB globals, 8 P
gc 3075 @12.024s 7%: 0.12+0.74+0.064 ms clock, 1.0+0.65/0.83/0+0.51 ms cpu, 3->4->1 MB, 4 MB goal, 0 MB stacks, 0 MB globals, 8 P
gc 3076 @12.027s 7%: 0.10+0.56+0.10 ms clock, 0.80+0.73/0.69/0+0.83 ms cpu, 3->3->1 MB, 4 MB goal, 0 MB stacks, 0 MB globals, 8 P
gc 3077 @12.029s 7%: 0.10+0.56+0.070 ms clock, 0.84+0.78/0.71/0+0.56 ms cpu, 3->3->1 MB, 4 MB goal, 0 MB stacks, 0 MB globals, 8 P
gc 3078 @12.031s 7%: 0.095+0.64+0.10 ms clock, 0.76+0.70/0.78/0+0.80 ms cpu, 3->3->1 MB, 4 MB goal, 0 MB stacks, 0 MB globals, 8 P
gc 3079 @12.034s 7%: 0.12+0.61+0.051 ms clock, 1.0+0.80/0.74/0+0.41 ms cpu, 3->3->1 MB, 4 MB goal, 0 MB stacks, 0 MB globals, 8 P
gc 3080 @12.036s 7%: 0.10+1.3+0.086 ms clock, 0.86+0.71/0.83/0+0.69 ms cpu, 3->4->2 MB, 4 MB goal, 0 MB stacks, 0 MB globals, 8 P
gc 3081 @12.040s 7%: 0.10+0.70+0.075 ms clock, 0.83+0.77/0.97/0+0.60 ms cpu, 3->4->1 MB, 4 MB goal, 0 MB stacks, 0 MB globals, 8 P
gc 3082 @12.042s 7%: 0.13+0.62+0.10 ms clock, 1.0+0.68/0.71/0+0.81 ms cpu, 3->3->1 MB, 4 MB goal, 0 MB stacks, 0 MB globals, 8 P
gc 3083 @12.045s 7%: 0.058+0.61+0.091 ms clock, 0.46+0.80/0.77/0+0.72 ms cpu, 3->3->1 MB, 4 MB goal, 0 MB stacks, 0 MB globals, 8 P
gc 3084 @12.047s 7%: 0.093+0.54+0.11 ms clock, 0.74+0.74/0.76/0+0.90 ms cpu, 3->3->1 MB, 4 MB goal, 0 MB stacks, 0 MB globals, 8 P
gc 3085 @12.050s 7%: 0.070+0.64+0.12 ms clock, 0.56+0.83/0.81/0+1.0 ms cpu, 3->3->1 MB, 4 MB goal, 0 MB stacks, 0 MB globals, 8 P
gc 3086 @12.052s 7%: 0.16+1.2+0.071 ms clock, 1.2+0.77/0.85/0+0.56 ms cpu, 3->4->1 MB, 4 MB goal, 0 MB stacks, 0 MB globals, 8 P
gc 3087 @12.055s 7%: 0.094+0.92+0.096 ms clock, 0.75+1.2/0.89/0+0.77 ms cpu, 3->4->1 MB, 4 MB goal, 0 MB stacks, 0 MB globals, 8 P
gc 3088 @12.058s 7%: 0.10+0.68+0.11 ms clock, 0.85+0.78/0.73/0+0.95 ms cpu, 3->3->1 MB, 4 MB goal, 0 MB stacks, 0 MB globals, 8 P
gc 3089 @12.060s 7%: 0.10+0.59+0.074 ms clock, 0.82+0.71/0.80/0+0.59 ms cpu, 3->3->1 MB, 4 MB goal, 0 MB stacks, 0 MB globals, 8 P
gc 3090 @12.063s 7%: 0.15+0.75+0.15 ms clock, 1.2+0.65/0.75/0+1.2 ms cpu, 3->3->1 MB, 4 MB goal, 0 MB stacks, 0 MB globals, 8 P
gc 3091 @12.065s 7%: 0.093+0.82+0.093 ms clock, 0.74+0.52/0.79/0+0.74 ms cpu, 3->3->1 MB, 4 MB goal, 0 MB stacks, 0 MB globals, 8 P
gc 3092 @12.068s 7%: 0.14+0.68+0.068 ms clock, 1.1+0.90/0.81/0+0.55 ms cpu, 3->3->1 MB, 4 MB goal, 0 MB stacks, 0 MB globals, 8 P
gc 3093 @12.071s 7%: 0.12+0.58+0.073 ms clock, 0.96+0.86/0.72/0+0.58 ms cpu, 3->3->1 MB, 4 MB goal, 0 MB stacks, 0 MB globals, 8 P
gc 3094 @12.073s 7%: 0.11+0.98+0.096 ms clock, 0.94+0.57/0.78/0+0.77 ms cpu, 3->3->1 MB, 4 MB goal, 0 MB stacks, 0 MB globals, 8 P
gc 3095 @12.076s 7%: 0.10+0.62+0.076 ms clock, 0.82+0.92/0.75/0+0.61 ms cpu, 3->3->1 MB, 4 MB goal, 0 MB stacks, 0 MB globals, 8 P
gc 3096 @12.078s 7%: 0.10+0.86+0.066 ms clock, 0.84+1.1/0.75/0+0.52 ms cpu, 3->3->1 MB, 4 MB goal, 0 MB stacks, 0 MB globals, 8 P
gc 3097 @12.081s 7%: 0.13+0.57+0.14 ms clock, 1.0+0.82/0.73/0+1.1 ms cpu, 3->3->1 MB, 4 MB goal, 0 MB stacks, 0 MB globals, 8 P
gc 3098 @12.083s 7%: 0.13+0.75+0.12 ms clock, 1.0+0.72/0.85/0+1.0 ms cpu, 3->3->1 MB, 4 MB goal, 0 MB stacks, 0 MB globals, 8 P
gc 3099 @12.086s 7%: 0.12+0.80+0.082 ms clock, 0.96+0.76/0.79/0+0.66 ms cpu, 3->3->1 MB, 4 MB goal, 0 MB stacks, 0 MB globals, 8 P
gc 3100 @12.088s 7%: 0.13+0.64+0.090 ms clock, 1.0+0.79/0.80/0+0.72 ms cpu, 3->3->1 MB, 4 MB goal, 0 MB stacks, 0 MB globals, 8 P
gc 3101 @12.091s 7%: 0.095+0.53+0.067 ms clock, 0.76+0.81/0.71/0+0.53 ms cpu, 3->3->1 MB, 4 MB goal, 0 MB stacks, 0 MB globals, 8 P
gc 3102 @12.093s 7%: 0.11+0.53+0.12 ms clock, 0.93+0.74/0.86/0+1.0 ms cpu, 3->3->1 MB, 4 MB goal, 0 MB stacks, 0 MB globals, 8 P
gc 3103 @12.096s 7%: 0.13+0.85+0.10 ms clock, 1.1+0.95/0.84/0+0.86 ms cpu, 3->3->1 MB, 4 MB goal, 0 MB stacks, 0 MB globals, 8 P
gc 3104 @12.098s 7%: 0.095+0.61+0.075 ms clock, 0.76+0.74/0.82/0+0.60 ms cpu, 3->3->1 MB, 4 MB goal, 0 MB stacks, 0 MB globals, 8 P
gc 3105 @12.101s 7%: 0.089+0.78+0.10 ms clock, 0.71+0.84/0.71/0+0.86 ms cpu, 3->3->1 MB, 4 MB goal, 0 MB stacks, 0 MB globals, 8 P
gc 3106 @12.103s 7%: 0.089+0.68+0.061 ms clock, 0.71+0.72/0.66/0+0.49 ms cpu, 3->3->1 MB, 4 MB goal, 0 MB stacks, 0 MB globals, 8 P
gc 3107 @12.106s 7%: 0.17+1.0+0.071 ms clock, 1.4+0.91/0.64/0+0.57 ms cpu, 3->3->1 MB, 4 MB goal, 0 MB stacks, 0 MB globals, 8 P
gc 3108 @12.108s 7%: 0.12+0.79+0.10 ms clock, 0.97+0.63/1.0/0+0.81 ms cpu, 3->3->1 MB, 4 MB goal, 0 MB stacks, 0 MB globals, 8 P
gc 3109 @12.111s 7%: 0.10+0.65+0.13 ms clock, 0.86+0.61/0.81/0+1.0 ms cpu, 3->3->1 MB, 4 MB goal, 0 MB stacks, 0 MB globals, 8 P
gc 3110 @12.114s 7%: 0.14+0.90+0.092 ms clock, 1.1+0.73/0.77/0+0.74 ms cpu, 3->3->1 MB, 4 MB goal, 0 MB stacks, 0 MB globals, 8 P
gc 3111 @12.116s 7%: 0.11+0.60+0.062 ms clock, 0.91+0.76/0.80/0+0.50 ms cpu, 3->3->1 MB, 4 MB goal, 0 MB stacks, 0 MB globals, 8 P
gc 3112 @12.119s 7%: 0.096+0.62+0.078 ms clock, 0.77+0.70/0.80/0+0.62 ms cpu, 3->3->1 MB, 4 MB goal, 0 MB stacks, 0 MB globals, 8 P
gc 3113 @12.121s 7%: 0.11+0.64+0.12 ms clock, 0.94+0.60/0.78/0+1.0 ms cpu, 3->3->1 MB, 4 MB goal, 0 MB stacks, 0 MB globals, 8 P
gc 3114 @12.124s 7%: 0.10+0.59+0.16 ms clock, 0.83+0.82/0.75/0+1.2 ms cpu, 3->3->1 MB, 4 MB goal, 0 MB stacks, 0 MB globals, 8 P
gc 3115 @12.126s 7%: 0.089+1.0+0.074 ms clock, 0.71+0.60/0.89/0+0.59 ms cpu, 3->3->1 MB, 4 MB goal, 0 MB stacks, 0 MB globals, 8 P
gc 3116 @12.129s 7%: 0.090+0.73+0.029 ms clock, 0.72+0.72/0.83/0+0.23 ms cpu, 3->3->1 MB, 4 MB goal, 0 MB stacks, 0 MB globals, 8 P
gc 3117 @12.131s 7%: 0.12+0.71+0.088 ms clock, 0.98+0.81/0.83/0+0.70 ms cpu, 3->3->1 MB, 4 MB goal, 0 MB stacks, 0 MB globals, 8 P
gc 3118 @12.134s 7%: 0.12+0.66+0.095 ms clock, 1.0+0.87/0.88/0+0.76 ms cpu, 3->3->1 MB, 4 MB goal, 0 MB stacks, 0 MB globals, 8 P
gc 3119 @12.136s 7%: 0.093+0.85+0.085 ms clock, 0.74+0.83/0.78/0+0.68 ms cpu, 3->3->1 MB, 4 MB goal, 0 MB stacks, 0 MB globals, 8 P
gc 3120 @12.139s 7%: 0.13+0.69+0.14 ms clock, 1.0+0.75/0.84/0+1.1 ms cpu, 3->3->1 MB, 4 MB goal, 0 MB stacks, 0 MB globals, 8 P
gc 3121 @12.141s 7%: 0.10+0.52+0.080 ms clock, 0.80+0.88/0.71/0+0.64 ms cpu, 3->3->1 MB, 4 MB goal, 0 MB stacks, 0 MB globals, 8 P
gc 3122 @12.144s 7%: 0.17+0.93+0.089 ms clock, 1.4+0.74/0.84/0+0.71 ms cpu, 3->4->1 MB, 4 MB goal, 0 MB stacks, 0 MB globals, 8 P
gc 3123 @12.147s 7%: 0.13+0.68+0.055 ms clock, 1.0+0.70/0.88/0+0.44 ms cpu, 3->4->1 MB, 4 MB goal, 0 MB stacks, 0 MB globals, 8 P
gc 3124 @12.149s 7%: 0.068+0.52+0.077 ms clock, 0.54+0.76/0.69/0+0.61 ms cpu, 3->3->1 MB, 4 MB goal, 0 MB stacks, 0 MB globals, 8 P
gc 3125 @12.152s 7%: 0.13+0.51+0.068 ms clock, 1.0+0.87/0.72/0+0.54 ms cpu, 3->3->1 MB, 4 MB goal, 0 MB stacks, 0 MB globals, 8 P
gc 3126 @12.154s 7%: 0.10+0.86+0.12 ms clock, 0.85+0.82/0.69/0+0.99 ms cpu, 3->3->1 MB, 4 MB goal, 0 MB stacks, 0 MB globals, 8 P
gc 3127 @12.157s 7%: 0.18+0.75+0.088 ms clock, 1.5+0.81/0.74/0+0.70 ms cpu, 3->4->1 MB, 4 MB goal, 0 MB stacks, 0 MB globals, 8 P
gc 3128 @12.159s 7%: 0.14+0.83+0.11 ms clock, 1.1+0.63/0.78/0+0.90 ms cpu, 3->3->1 MB, 4 MB goal, 0 MB stacks, 0 MB globals, 8 P
gc 3129 @12.162s 7%: 0.085+1.4+0.078 ms clock, 0.68+0.53/0.79/0.024+0.62 ms cpu, 3->4->2 MB, 4 MB goal, 0 MB stacks, 0 MB globals, 8 P
gc 3130 @12.165s 7%: 0.090+0.56+0.10 ms clock, 0.72+0.74/0.83/0+0.80 ms cpu, 3->4->1 MB, 4 MB goal, 0 MB stacks, 0 MB globals, 8 P
gc 3131 @12.167s 7%: 0.081+0.55+0.10 ms clock, 0.65+0.68/0.82/0+0.80 ms cpu, 3->3->1 MB, 4 MB goal, 0 MB stacks, 0 MB globals, 8 P
gc 3132 @12.170s 7%: 0.11+0.56+0.095 ms clock, 0.88+0.80/0.68/0+0.76 ms cpu, 3->3->1 MB, 4 MB goal, 0 MB stacks, 0 MB globals, 8 P
gc 3133 @12.172s 7%: 0.12+0.56+0.11 ms clock, 0.99+0.79/0.74/0+0.95 ms cpu, 3->3->1 MB, 4 MB goal, 0 MB stacks, 0 MB globals, 8 P
gc 3134 @12.175s 7%: 0.12+0.72+0.11 ms clock, 1.0+0.76/0.78/0+0.91 ms cpu, 3->3->1 MB, 4 MB goal, 0 MB stacks, 0 MB globals, 8 P
gc 3135 @12.177s 7%: 0.083+0.71+0.092 ms clock, 0.67+0.81/0.69/0+0.73 ms cpu, 3->3->1 MB, 4 MB goal, 0 MB stacks, 0 MB globals, 8 P
gc 3136 @12.180s 7%: 0.11+0.65+0.11 ms clock, 0.88+0.70/0.80/0+0.88 ms cpu, 3->3->1 MB, 4 MB goal, 0 MB stacks, 0 MB globals, 8 P
gc 3137 @12.182s 7%: 0.15+0.83+0.083 ms clock, 1.2+0.85/0.71/0+0.66 ms cpu, 3->3->1 MB, 4 MB goal, 0 MB stacks, 0 MB globals, 8 P
gc 3138 @12.185s 7%: 0.13+0.62+0.10 ms clock, 1.0+0.58/0.83/0+0.86 ms cpu, 3->3->1 MB, 4 MB goal, 0 MB stacks, 0 MB globals, 8 P
gc 3139 @12.187s 7%: 0.088+1.0+0.090 ms clock, 0.71+0.61/0.83/0+0.72 ms cpu, 3->4->1 MB, 4 MB goal, 0 MB stacks, 0 MB globals, 8 P
gc 3140 @12.190s 7%: 0.12+0.52+0.10 ms clock, 0.97+0.72/0.78/0+0.86 ms cpu, 3->3->1 MB, 4 MB goal, 0 MB stacks, 0 MB globals, 8 P
gc 3141 @12.193s 7%: 0.10+1.3+0.091 ms clock, 0.86+1.4/0.83/0+0.73 ms cpu, 3->4->2 MB, 4 MB goal, 0 MB stacks, 0 MB globals, 8 P
gc 3142 @12.196s 7%: 0.093+0.91+0.10 ms clock, 0.74+0.88/0.74/0+0.82 ms cpu, 3->4->1 MB, 4 MB goal, 0 MB stacks, 0 MB globals, 8 P
gc 3143 @12.199s 7%: 0.098+1.0+0.092 ms clock, 0.79+0.74/0.91/0+0.74 ms cpu, 3->4->1 MB, 4 MB goal, 0 MB stacks, 0 MB globals, 8 P
gc 3144 @12.202s 7%: 0.10+0.72+0.17 ms clock, 0.83+0.87/0.72/0+1.4 ms cpu, 3->3->1 MB, 4 MB goal, 0 MB stacks, 0 MB globals, 8 P
gc 3145 @12.204s 7%: 0.13+0.78+0.056 ms clock, 1.1+0.79/0.87/0+0.44 ms cpu, 3->3->1 MB, 4 MB goal, 0 MB stacks, 0 MB globals, 8 P
gc 3146 @12.207s 7%: 0.12+2.0+0.065 ms clock, 0.98+0.83/0.81/0+0.52 ms cpu, 3->4->2 MB, 4 MB goal, 0 MB stacks, 0 MB globals, 8 P
gc 3147 @12.211s 7%: 0.13+0.67+0.13 ms clock, 1.0+0.91/0.81/0+1.0 ms cpu, 4->5->1 MB, 5 MB goal, 0 MB stacks, 0 MB globals, 8 P
gc 3148 @12.213s 7%: 0.11+0.76+0.073 ms clock, 0.91+0.83/0.79/0+0.58 ms cpu, 3->3->1 MB, 4 MB goal, 0 MB stacks, 0 MB globals, 8 P
gc 3149 @12.216s 7%: 0.15+0.86+0.085 ms clock, 1.2+0.81/0.74/0+0.68 ms cpu, 3->3->1 MB, 4 MB goal, 0 MB stacks, 0 MB globals, 8 P
gc 3150 @12.219s 7%: 0.13+1.1+0.097 ms clock, 1.1+0.73/0.74/0+0.77 ms cpu, 3->4->1 MB, 4 MB goal, 0 MB stacks, 0 MB globals, 8 P
gc 3151 @12.221s 8%: 0.094+1.1+0.11 ms clock, 0.75+0.78/0.76/0+0.93 ms cpu, 3->4->1 MB, 4 MB goal, 0 MB stacks, 0 MB globals, 8 P
gc 3152 @12.224s 8%: 0.11+0.66+0.10 ms clock, 0.91+0.68/0.76/0+0.87 ms cpu, 3->4->1 MB, 4 MB goal, 0 MB stacks, 0 MB globals, 8 P
gc 3153 @12.227s 8%: 0.11+0.75+0.14 ms clock, 0.92+0.66/0.76/0+1.1 ms cpu, 3->3->1 MB, 4 MB goal, 0 MB stacks, 0 MB globals, 8 P
gc 3154 @12.229s 8%: 0.14+0.88+0.12 ms clock, 1.1+0.82/0.72/0+0.98 ms cpu, 3->3->1 MB, 4 MB goal, 0 MB stacks, 0 MB globals, 8 P
gc 3155 @12.232s 8%: 0.13+0.70+0.10 ms clock, 1.1+0.71/0.89/0+0.83 ms cpu, 3->4->1 MB, 4 MB goal, 0 MB stacks, 0 MB globals, 8 P
gc 3156 @12.235s 8%: 0.14+0.87+0.058 ms clock, 1.1+1.1/0.76/0+0.46 ms cpu, 3->4->1 MB, 4 MB goal, 0 MB stacks, 0 MB globals, 8 P
gc 3157 @12.237s 8%: 0.11+0.64+0.10 ms clock, 0.89+0.66/0.74/0+0.85 ms cpu, 3->3->1 MB, 4 MB goal, 0 MB stacks, 0 MB globals, 8 P
gc 3158 @12.240s 8%: 0.14+0.62+0.086 ms clock, 1.1+0.82/0.87/0+0.69 ms cpu, 3->3->1 MB, 4 MB goal, 0 MB stacks, 0 MB globals, 8 P
gc 3159 @12.242s 8%: 0.10+0.70+0.13 ms clock, 0.85+0.79/0.78/0+1.0 ms cpu, 3->3->1 MB, 4 MB goal, 0 MB stacks, 0 MB globals, 8 P
gc 3160 @12.245s 8%: 0.16+0.61+0.098 ms clock, 1.3+0.76/0.86/0+0.78 ms cpu, 3->3->1 MB, 4 MB goal, 0 MB stacks, 0 MB globals, 8 P
gc 3161 @12.247s 8%: 0.11+0.93+0.034 ms clock, 0.94+0.73/0.74/0+0.27 ms cpu, 3->3->1 MB, 4 MB goal, 0 MB stacks, 0 MB globals, 8 P
gc 3162 @12.250s 8%: 0.10+0.91+0.073 ms clock, 0.83+0.78/0.83/0+0.58 ms cpu, 3->3->1 MB, 4 MB goal, 0 MB stacks, 0 MB globals, 8 P
gc 3163 @12.253s 8%: 0.11+0.65+0.10 ms clock, 0.92+0.82/0.67/0+0.87 ms cpu, 3->3->1 MB, 4 MB goal, 0 MB stacks, 0 MB globals, 8 P
gc 3164 @12.255s 8%: 0.13+0.52+0.10 ms clock, 1.0+0.66/0.73/0+0.84 ms cpu, 3->3->1 MB, 4 MB goal, 0 MB stacks, 0 MB globals, 8 P
gc 3165 @12.258s 8%: 0.10+1.2+0.091 ms clock, 0.81+0.64/0.74/0+0.73 ms cpu, 3->4->2 MB, 4 MB goal, 0 MB stacks, 0 MB globals, 8 P
gc 3166 @12.261s 8%: 0.083+0.54+0.10 ms clock, 0.66+0.81/0.67/0+0.81 ms cpu, 3->4->1 MB, 4 MB goal, 0 MB stacks, 0 MB globals, 8 P
gc 3167 @12.263s 8%: 0.086+0.71+0.11 ms clock, 0.69+0.89/0.66/0+0.93 ms cpu, 3->3->1 MB, 4 MB goal, 0 MB stacks, 0 MB globals, 8 P
gc 3168 @12.266s 8%: 0.18+0.73+0.074 ms clock, 1.4+0.72/0.81/0+0.59 ms cpu, 3->3->1 MB, 4 MB goal, 0 MB stacks, 0 MB globals, 8 P
gc 3169 @12.268s 8%: 0.073+0.68+0.099 ms clock, 0.58+0.79/0.86/0+0.79 ms cpu, 3->3->1 MB, 4 MB goal, 0 MB stacks, 0 MB globals, 8 P
gc 3170 @12.271s 8%: 0.11+0.63+0.11 ms clock, 0.95+0.63/0.84/0+0.93 ms cpu, 3->3->1 MB, 4 MB goal, 0 MB stacks, 0 MB globals, 8 P
gc 3171 @12.273s 8%: 0.089+1.0+0.061 ms clock, 0.71+0.58/0.76/0+0.48 ms cpu, 3->4->2 MB, 4 MB goal, 0 MB stacks, 0 MB globals, 8 P
gc 3172 @12.276s 8%: 0.076+0.61+0.10 ms clock, 0.61+0.69/0.84/0+0.82 ms cpu, 3->4->1 MB, 4 MB goal, 0 MB stacks, 0 MB globals, 8 P
gc 3173 @12.279s 8%: 0.15+0.72+0.075 ms clock, 1.2+0.75/0.90/0+0.60 ms cpu, 3->3->1 MB, 4 MB goal, 0 MB stacks, 0 MB globals, 8 P
gc 3174 @12.281s 8%: 0.11+0.56+0.082 ms clock, 0.89+0.69/0.70/0+0.65 ms cpu, 3->3->1 MB, 4 MB goal, 0 MB stacks, 0 MB globals, 8 P
gc 3175 @12.284s 8%: 0.14+0.65+0.056 ms clock, 1.1+0.80/0.79/0+0.45 ms cpu, 3->3->1 MB, 4 MB goal, 0 MB stacks, 0 MB globals, 8 P
gc 3176 @12.286s 8%: 0.13+0.86+0.097 ms clock, 1.0+0.79/0.85/0+0.78 ms cpu, 3->3->1 MB, 4 MB goal, 0 MB stacks, 0 MB globals, 8 P
gc 3177 @12.289s 8%: 0.13+0.89+0.11 ms clock, 1.0+0.76/0.78/0+0.91 ms cpu, 3->3->1 MB, 4 MB goal, 0 MB stacks, 0 MB globals, 8 P
gc 3178 @12.291s 8%: 0.17+0.68+0.13 ms clock, 1.3+0.87/0.83/0+1.0 ms cpu, 3->3->1 MB, 4 MB goal, 0 MB stacks, 0 MB globals, 8 P
gc 3179 @12.294s 8%: 0.089+1.1+0.081 ms clock, 0.71+0.79/0.80/0+0.65 ms cpu, 3->4->1 MB, 4 MB goal, 0 MB stacks, 0 MB globals, 8 P
gc 3180 @12.297s 8%: 0.13+1.1+0.057 ms clock, 1.0+0.72/0.81/0+0.46 ms cpu, 3->4->1 MB, 4 MB goal, 0 MB stacks, 0 MB globals, 8 P
gc 3181 @12.300s 8%: 0.16+1.0+0.097 ms clock, 1.3+0.67/0.92/0+0.78 ms cpu, 3->4->2 MB, 4 MB goal, 0 MB stacks, 0 MB globals, 8 P
gc 3182 @12.303s 8%: 0.087+0.80+0.097 ms clock, 0.69+0.66/0.80/0+0.78 ms cpu, 3->4->1 MB, 4 MB goal, 0 MB stacks, 0 MB globals, 8 P
gc 3183 @12.306s 8%: 0.085+0.67+0.050 ms clock, 0.68+0.77/0.76/0+0.40 ms cpu, 3->3->1 MB, 4 MB goal, 0 MB stacks, 0 MB globals, 8 P
gc 3184 @12.308s 8%: 0.10+0.57+0.092 ms clock, 0.81+0.87/0.70/0+0.73 ms cpu, 3->3->1 MB, 4 MB goal, 0 MB stacks, 0 MB globals, 8 P
gc 3185 @12.310s 8%: 0.082+1.3+0.058 ms clock, 0.65+0.83/0.79/0+0.46 ms cpu, 3->4->1 MB, 4 MB goal, 0 MB stacks, 0 MB globals, 8 P
gc 3186 @12.314s 8%: 0.096+0.64+0.068 ms clock, 0.77+0.83/0.74/0+0.54 ms cpu, 3->4->1 MB, 4 MB goal, 0 MB stacks, 0 MB globals, 8 P
gc 3187 @12.316s 8%: 0.15+0.53+0.076 ms clock, 1.2+0.84/0.72/0+0.60 ms cpu, 3->3->1 MB, 4 MB goal, 0 MB stacks, 0 MB globals, 8 P
gc 3188 @12.318s 8%: 0.12+0.88+0.11 ms clock, 0.98+0.59/0.77/0+0.91 ms cpu, 3->3->1 MB, 4 MB goal, 0 MB stacks, 0 MB globals, 8 P
gc 3189 @12.321s 8%: 0.12+0.64+0.11 ms clock, 0.98+0.71/0.75/0+0.92 ms cpu, 3->3->1 MB, 4 MB goal, 0 MB stacks, 0 MB globals, 8 P
gc 3190 @12.324s 8%: 0.18+0.60+0.081 ms clock, 1.4+0.88/0.78/0+0.65 ms cpu, 3->3->1 MB, 4 MB goal, 0 MB stacks, 0 MB globals, 8 P
gc 3191 @12.326s 8%: 0.13+0.98+0.047 ms clock, 1.1+0.55/0.82/0+0.38 ms cpu, 3->3->1 MB, 4 MB goal, 0 MB stacks, 0 MB globals, 8 P
gc 3192 @12.329s 8%: 0.082+0.68+0.11 ms clock, 0.65+0.74/0.90/0+0.92 ms cpu, 3->3->1 MB, 4 MB goal, 0 MB stacks, 0 MB globals, 8 P
gc 3193 @12.331s 8%: 0.14+0.54+0.091 ms clock, 1.1+0.77/0.73/0+0.73 ms cpu, 3->3->1 MB, 4 MB goal, 0 MB stacks, 0 MB globals, 8 P
gc 3194 @12.334s 8%: 0.13+0.75+0.19 ms clock, 1.0+0.70/0.98/0+1.5 ms cpu, 3->3->1 MB, 4 MB goal, 0 MB stacks, 0 MB globals, 8 P
gc 3195 @12.336s 8%: 0.13+0.56+0.10 ms clock, 1.0+0.86/0.72/0+0.85 ms cpu, 3->3->1 MB, 4 MB goal, 0 MB stacks, 0 MB globals, 8 P
gc 3196 @12.339s 8%: 0.11+1.2+0.060 ms clock, 0.92+0.74/0.95/0+0.48 ms cpu, 3->4->2 MB, 4 MB goal, 0 MB stacks, 0 MB globals, 8 P
gc 3197 @12.342s 8%: 0.16+1.0+0.080 ms clock, 1.3+0.85/0.74/0+0.64 ms cpu, 3->4->1 MB, 4 MB goal, 0 MB stacks, 0 MB globals, 8 P
gc 3198 @12.345s 8%: 0.068+0.65+0.093 ms clock, 0.54+0.67/0.79/0+0.74 ms cpu, 3->3->1 MB, 4 MB goal, 0 MB stacks, 0 MB globals, 8 P
gc 3199 @12.347s 8%: 0.17+0.70+0.096 ms clock, 1.3+0.85/0.64/0+0.76 ms cpu, 3->3->1 MB, 4 MB goal, 0 MB stacks, 0 MB globals, 8 P
gc 3200 @12.350s 8%: 0.099+0.58+0.090 ms clock, 0.79+0.73/0.71/0+0.72 ms cpu, 3->3->1 MB, 4 MB goal, 0 MB stacks, 0 MB globals, 8 P
gc 3201 @12.352s 8%: 0.10+0.83+0.091 ms clock, 0.84+0.85/0.66/0.026+0.73 ms cpu, 3->3->1 MB, 4 MB goal, 0 MB stacks, 0 MB globals, 8 P
gc 3202 @12.355s 8%: 0.12+0.61+0.10 ms clock, 0.97+0.74/0.80/0+0.80 ms cpu, 3->3->1 MB, 4 MB goal, 0 MB stacks, 0 MB globals, 8 P
gc 3203 @12.357s 8%: 0.085+0.47+0.093 ms clock, 0.68+0.84/0.69/0+0.74 ms cpu, 3->3->1 MB, 4 MB goal, 0 MB stacks, 0 MB globals, 8 P
gc 3204 @12.360s 8%: 0.10+0.98+0.087 ms clock, 0.87+0.80/0.78/0+0.70 ms cpu, 3->4->1 MB, 4 MB goal, 0 MB stacks, 0 MB globals, 8 P
gc 3205 @12.363s 8%: 0.14+0.80+0.15 ms clock, 1.1+0.83/0.87/0+1.2 ms cpu, 3->4->1 MB, 4 MB goal, 0 MB stacks, 0 MB globals, 8 P
gc 3206 @12.365s 8%: 0.097+0.85+0.076 ms clock, 0.78+0.72/0.73/0+0.61 ms cpu, 3->3->1 MB, 4 MB goal, 0 MB stacks, 0 MB globals, 8 P
gc 3207 @12.368s 8%: 0.11+0.61+0.053 ms clock, 0.94+0.79/0.74/0+0.42 ms cpu, 3->3->1 MB, 4 MB goal, 0 MB stacks, 0 MB globals, 8 P
gc 3208 @12.370s 8%: 0.098+0.65+0.099 ms clock, 0.78+0.78/0.85/0+0.79 ms cpu, 3->3->1 MB, 4 MB goal, 0 MB stacks, 0 MB globals, 8 P
gc 3209 @12.373s 8%: 0.096+0.52+0.097 ms clock, 0.77+0.86/0.67/0+0.77 ms cpu, 3->3->1 MB, 4 MB goal, 0 MB stacks, 0 MB globals, 8 P
gc 3210 @12.375s 8%: 0.097+1.1+0.10 ms clock, 0.77+0.73/0.76/0+0.86 ms cpu, 3->4->1 MB, 4 MB goal, 0 MB stacks, 0 MB globals, 8 P
gc 3211 @12.378s 8%: 0.14+0.66+0.10 ms clock, 1.1+0.67/0.82/0+0.83 ms cpu, 3->4->1 MB, 4 MB goal, 0 MB stacks, 0 MB globals, 8 P
gc 3212 @12.381s 8%: 0.11+0.74+0.12 ms clock, 0.94+0.69/0.97/0+0.99 ms cpu, 3->3->1 MB, 4 MB goal, 0 MB stacks, 0 MB globals, 8 P
gc 3213 @12.383s 8%: 0.15+1.0+0.084 ms clock, 1.2+0.62/0.82/0+0.67 ms cpu, 3->4->1 MB, 4 MB goal, 0 MB stacks, 0 MB globals, 8 P
gc 3214 @12.386s 8%: 0.14+0.79+0.12 ms clock, 1.1+0.81/0.88/0+0.99 ms cpu, 3->3->1 MB, 4 MB goal, 0 MB stacks, 0 MB globals, 8 P
gc 3215 @12.389s 8%: 0.10+0.63+0.079 ms clock, 0.81+0.70/0.73/0+0.63 ms cpu, 3->3->1 MB, 4 MB goal, 0 MB stacks, 0 MB globals, 8 P
gc 3216 @12.391s 8%: 0.13+1.2+0.094 ms clock, 1.1+0.78/1.3/0+0.75 ms cpu, 3->4->2 MB, 4 MB goal, 0 MB stacks, 0 MB globals, 8 P
gc 3217 @12.394s 8%: 0.11+0.65+0.10 ms clock, 0.89+0.66/0.80/0+0.82 ms cpu, 3->4->1 MB, 4 MB goal, 0 MB stacks, 0 MB globals, 8 P
gc 3218 @12.397s 8%: 0.11+0.82+0.063 ms clock, 0.89+0.52/0.84/0+0.51 ms cpu, 3->3->1 MB, 4 MB goal, 0 MB stacks, 0 MB globals, 8 P
gc 3219 @12.399s 8%: 0.15+0.82+0.078 ms clock, 1.2+0.59/0.83/0+0.62 ms cpu, 3->3->1 MB, 4 MB goal, 0 MB stacks, 0 MB globals, 8 P
gc 3220 @12.402s 8%: 0.12+1.1+0.076 ms clock, 1.0+0.84/0.71/0+0.61 ms cpu, 3->4->2 MB, 4 MB goal, 0 MB stacks, 0 MB globals, 8 P
gc 3221 @12.405s 8%: 0.079+0.89+0.091 ms clock, 0.63+0.80/0.75/0+0.72 ms cpu, 3->4->1 MB, 4 MB goal, 0 MB stacks, 0 MB globals, 8 P
gc 3222 @12.408s 8%: 0.11+1.0+0.067 ms clock, 0.89+0.81/0.72/0+0.53 ms cpu, 3->4->1 MB, 4 MB goal, 0 MB stacks, 0 MB globals, 8 P
gc 3223 @12.410s 8%: 0.12+0.82+0.078 ms clock, 0.97+0.80/0.68/0+0.62 ms cpu, 3->4->1 MB, 4 MB goal, 0 MB stacks, 0 MB globals, 8 P
gc 3224 @12.413s 8%: 0.12+0.53+0.12 ms clock, 1.0+0.78/0.74/0+1.0 ms cpu, 3->3->1 MB, 4 MB goal, 0 MB stacks, 0 MB globals, 8 P
gc 3225 @12.415s 8%: 0.14+0.62+0.10 ms clock, 1.1+0.70/0.72/0+0.86 ms cpu, 3->3->1 MB, 4 MB goal, 0 MB stacks, 0 MB globals, 8 P
gc 3226 @12.418s 8%: 0.12+0.95+0.13 ms clock, 0.97+0.82/0.71/0+1.0 ms cpu, 3->3->1 MB, 4 MB goal, 0 MB stacks, 0 MB globals, 8 P
gc 3227 @12.421s 8%: 0.11+0.99+0.061 ms clock, 0.95+0.68/0.83/0+0.49 ms cpu, 3->4->1 MB, 4 MB goal, 0 MB stacks, 0 MB globals, 8 P
gc 3228 @12.423s 8%: 0.13+0.61+0.11 ms clock, 1.0+0.70/0.82/0+0.94 ms cpu, 3->3->1 MB, 4 MB goal, 0 MB stacks, 0 MB globals, 8 P
gc 3229 @12.426s 8%: 0.13+0.83+0.061 ms clock, 1.0+0.69/0.85/0+0.49 ms cpu, 3->3->1 MB, 4 MB goal, 0 MB stacks, 0 MB globals, 8 P
gc 3230 @12.428s 8%: 0.095+0.81+0.17 ms clock, 0.76+0.77/0.73/0+1.4 ms cpu, 3->3->1 MB, 4 MB goal, 0 MB stacks, 0 MB globals, 8 P
gc 3231 @12.431s 8%: 0.14+0.55+0.076 ms clock, 1.1+0.78/0.75/0+0.60 ms cpu, 3->3->1 MB, 4 MB goal, 0 MB stacks, 0 MB globals, 8 P
gc 3232 @12.433s 8%: 0.094+0.85+0.067 ms clock, 0.75+0.72/0.78/0+0.54 ms cpu, 3->3->1 MB, 4 MB goal, 0 MB stacks, 0 MB globals, 8 P
gc 3233 @12.436s 8%: 0.084+0.58+0.12 ms clock, 0.67+0.81/0.77/0+0.97 ms cpu, 3->3->1 MB, 4 MB goal, 0 MB stacks, 0 MB globals, 8 P
gc 3234 @12.438s 8%: 0.10+0.66+0.099 ms clock, 0.81+0.62/0.80/0+0.79 ms cpu, 3->3->1 MB, 4 MB goal, 0 MB stacks, 0 MB globals, 8 P
gc 3235 @12.441s 8%: 0.090+0.63+0.097 ms clock, 0.72+0.70/0.76/0+0.78 ms cpu, 3->3->1 MB, 4 MB goal, 0 MB stacks, 0 MB globals, 8 P
gc 3236 @12.443s 8%: 0.13+0.89+0.10 ms clock, 1.0+0.78/0.81/0+0.81 ms cpu, 3->3->1 MB, 4 MB goal, 0 MB stacks, 0 MB globals, 8 P
gc 3237 @12.446s 8%: 0.13+0.71+0.11 ms clock, 1.0+0.69/0.83/0+0.94 ms cpu, 3->3->1 MB, 4 MB goal, 0 MB stacks, 0 MB globals, 8 P
gc 3238 @12.448s 8%: 0.14+0.61+0.080 ms clock, 1.1+0.84/0.91/0+0.64 ms cpu, 3->3->1 MB, 4 MB goal, 0 MB stacks, 0 MB globals, 8 P
gc 3239 @12.451s 8%: 0.14+0.83+0.15 ms clock, 1.1+0.70/0.93/0+1.2 ms cpu, 3->3->1 MB, 4 MB goal, 0 MB stacks, 0 MB globals, 8 P
gc 3240 @12.453s 8%: 0.10+0.62+0.076 ms clock, 0.85+0.80/0.70/0+0.60 ms cpu, 3->3->1 MB, 4 MB goal, 0 MB stacks, 0 MB globals, 8 P
gc 3241 @12.456s 8%: 0.10+0.89+0.083 ms clock, 0.87+0.71/0.91/0+0.67 ms cpu, 3->3->1 MB, 4 MB goal, 0 MB stacks, 0 MB globals, 8 P
gc 3242 @12.459s 8%: 0.081+0.58+0.10 ms clock, 0.65+0.85/0.84/0+0.85 ms cpu, 3->3->1 MB, 4 MB goal, 0 MB stacks, 0 MB globals, 8 P
gc 3243 @12.461s 8%: 0.18+1.1+0.068 ms clock, 1.4+0.82/0.70/0+0.54 ms cpu, 3->4->1 MB, 4 MB goal, 0 MB stacks, 0 MB globals, 8 P
gc 3244 @12.464s 8%: 0.096+0.59+0.10 ms clock, 0.77+0.66/0.78/0+0.83 ms cpu, 3->4->1 MB, 4 MB goal, 0 MB stacks, 0 MB globals, 8 P
gc 3245 @12.467s 8%: 0.14+1.3+0.084 ms clock, 1.1+0.78/0.75/0+0.67 ms cpu, 3->4->2 MB, 4 MB goal, 0 MB stacks, 0 MB globals, 8 P
gc 3246 @12.470s 8%: 0.095+0.85+0.085 ms clock, 0.76+0.71/0.73/0+0.68 ms cpu, 3->4->1 MB, 4 MB goal, 0 MB stacks, 0 MB globals, 8 P
gc 3247 @12.472s 8%: 0.087+0.68+0.081 ms clock, 0.69+0.79/0.78/0+0.64 ms cpu, 3->3->1 MB, 4 MB goal, 0 MB stacks, 0 MB globals, 8 P
gc 3248 @12.475s 8%: 0.10+1.5+0.086 ms clock, 0.85+0.71/0.76/0+0.68 ms cpu, 3->4->2 MB, 4 MB goal, 0 MB stacks, 0 MB globals, 8 P
gc 3249 @12.478s 8%: 0.10+0.84+0.085 ms clock, 0.81+0.71/0.77/0+0.68 ms cpu, 3->4->1 MB, 4 MB goal, 0 MB stacks, 0 MB globals, 8 P
gc 3250 @12.481s 8%: 0.10+0.67+0.10 ms clock, 0.85+0.90/0.79/0+0.82 ms cpu, 3->3->1 MB, 4 MB goal, 0 MB stacks, 0 MB globals, 8 P
gc 3251 @12.483s 8%: 0.11+0.64+0.11 ms clock, 0.92+0.65/0.80/0+0.90 ms cpu, 3->3->1 MB, 4 MB goal, 0 MB stacks, 0 MB globals, 8 P
gc 3252 @12.486s 8%: 0.095+0.91+0.12 ms clock, 0.76+0.68/0.76/0+1.0 ms cpu, 3->3->1 MB, 4 MB goal, 0 MB stacks, 0 MB globals, 8 P
gc 3253 @12.489s 8%: 0.12+1.2+0.045 ms clock, 0.98+0.80/0.85/0+0.36 ms cpu, 3->4->2 MB, 4 MB goal, 0 MB stacks, 0 MB globals, 8 P
gc 3254 @12.492s 8%: 0.12+1.0+0.093 ms clock, 1.0+0.72/0.84/0+0.75 ms cpu, 3->4->1 MB, 4 MB goal, 0 MB stacks, 0 MB globals, 8 P
gc 3255 @12.494s 8%: 0.12+0.51+0.10 ms clock, 1.0+0.80/0.69/0+0.83 ms cpu, 3->3->1 MB, 4 MB goal, 0 MB stacks, 0 MB globals, 8 P
gc 3256 @12.497s 8%: 0.10+0.76+0.097 ms clock, 0.84+0.86/0.73/0+0.77 ms cpu, 3->3->1 MB, 4 MB goal, 0 MB stacks, 0 MB globals, 8 P
gc 3257 @12.499s 8%: 0.11+0.70+0.11 ms clock, 0.89+0.83/0.77/0+0.94 ms cpu, 3->3->1 MB, 4 MB goal, 0 MB stacks, 0 MB globals, 8 P
gc 3258 @12.502s 8%: 0.12+0.70+0.10 ms clock, 0.96+0.64/0.82/0+0.87 ms cpu, 3->3->1 MB, 4 MB goal, 0 MB stacks, 0 MB globals, 8 P
gc 3259 @12.504s 8%: 0.097+0.60+0.11 ms clock, 0.78+0.73/0.71/0+0.88 ms cpu, 3->3->1 MB, 4 MB goal, 0 MB stacks, 0 MB globals, 8 P
gc 3260 @12.507s 8%: 0.10+0.89+0.070 ms clock, 0.87+0.71/0.92/0+0.56 ms cpu, 3->3->1 MB, 4 MB goal, 0 MB stacks, 0 MB globals, 8 P
gc 3261 @12.510s 8%: 0.097+0.81+0.056 ms clock, 0.78+0.60/0.71/0+0.45 ms cpu, 3->3->1 MB, 4 MB goal, 0 MB stacks, 0 MB globals, 8 P
gc 3262 @12.512s 8%: 0.11+0.61+0.093 ms clock, 0.92+0.83/0.66/0+0.74 ms cpu, 3->3->1 MB, 4 MB goal, 0 MB stacks, 0 MB globals, 8 P
gc 3263 @12.515s 8%: 0.12+0.59+0.078 ms clock, 0.99+0.68/0.76/0+0.62 ms cpu, 3->3->1 MB, 4 MB goal, 0 MB stacks, 0 MB globals, 8 P
gc 3264 @12.517s 8%: 0.11+0.54+0.13 ms clock, 0.92+0.76/0.69/0+1.1 ms cpu, 3->3->1 MB, 4 MB goal, 0 MB stacks, 0 MB globals, 8 P
gc 3265 @12.520s 8%: 0.072+0.67+0.079 ms clock, 0.58+0.66/0.86/0+0.63 ms cpu, 3->3->1 MB, 4 MB goal, 0 MB stacks, 0 MB globals, 8 P
gc 3266 @12.522s 8%: 0.092+1.0+0.13 ms clock, 0.74+0.76/0.95/0+1.0 ms cpu, 3->4->1 MB, 4 MB goal, 0 MB stacks, 0 MB globals, 8 P
gc 3267 @12.525s 8%: 0.11+0.55+0.11 ms clock, 0.88+0.82/0.74/0+0.89 ms cpu, 3->4->1 MB, 4 MB goal, 0 MB stacks, 0 MB globals, 8 P
gc 3268 @12.528s 8%: 0.12+0.67+0.066 ms clock, 1.0+0.83/0.73/0+0.53 ms cpu, 3->3->1 MB, 4 MB goal, 0 MB stacks, 0 MB globals, 8 P
gc 3269 @12.530s 8%: 0.13+0.77+0.064 ms clock, 1.0+0.78/0.75/0+0.51 ms cpu, 3->3->1 MB, 4 MB goal, 0 MB stacks, 0 MB globals, 8 P
gc 3270 @12.533s 8%: 0.096+0.77+0.10 ms clock, 0.77+0.80/0.75/0+0.82 ms cpu, 3->3->1 MB, 4 MB goal, 0 MB stacks, 0 MB globals, 8 P
gc 3271 @12.535s 8%: 0.10+0.73+0.13 ms clock, 0.81+0.56/0.76/0+1.1 ms cpu, 3->3->1 MB, 4 MB goal, 0 MB stacks, 0 MB globals, 8 P
gc 3272 @12.538s 8%: 0.15+1.0+0.076 ms clock, 1.2+0.81/0.74/0+0.61 ms cpu, 3->4->1 MB, 4 MB goal, 0 MB stacks, 0 MB globals, 8 P
gc 3273 @12.541s 8%: 0.11+0.64+0.069 ms clock, 0.95+0.82/0.76/0+0.55 ms cpu, 3->4->1 MB, 4 MB goal, 0 MB stacks, 0 MB globals, 8 P
gc 3274 @12.543s 8%: 0.088+0.67+0.096 ms clock, 0.70+0.68/0.81/0+0.77 ms cpu, 3->3->1 MB, 4 MB goal, 0 MB stacks, 0 MB globals, 8 P
gc 3275 @12.546s 8%: 0.13+0.67+0.12 ms clock, 1.1+0.63/0.81/0+0.97 ms cpu, 3->3->1 MB, 4 MB goal, 0 MB stacks, 0 MB globals, 8 P
gc 3276 @12.548s 8%: 0.13+0.82+0.081 ms clock, 1.0+0.77/0.71/0+0.65 ms cpu, 3->3->1 MB, 4 MB goal, 0 MB stacks, 0 MB globals, 8 P
gc 3277 @12.551s 8%: 0.15+0.51+0.095 ms clock, 1.2+1.0/0.58/0+0.76 ms cpu, 3->3->1 MB, 4 MB goal, 0 MB stacks, 0 MB globals, 8 P
gc 3278 @12.553s 8%: 0.13+0.86+0.097 ms clock, 1.0+0.53/0.84/0+0.77 ms cpu, 3->3->1 MB, 4 MB goal, 0 MB stacks, 0 MB globals, 8 P
gc 3279 @12.556s 8%: 0.14+0.62+0.12 ms clock, 1.1+0.77/0.73/0+0.99 ms cpu, 3->3->1 MB, 4 MB goal, 0 MB stacks, 0 MB globals, 8 P
gc 3280 @12.558s 8%: 0.12+0.59+0.094 ms clock, 0.98+0.68/0.81/0+0.75 ms cpu, 3->3->1 MB, 4 MB goal, 0 MB stacks, 0 MB globals, 8 P
gc 3281 @12.561s 8%: 0.13+0.70+0.066 ms clock, 1.1+0.56/0.86/0+0.52 ms cpu, 3->3->1 MB, 4 MB goal, 0 MB stacks, 0 MB globals, 8 P
gc 3282 @12.563s 8%: 0.11+0.73+0.087 ms clock, 0.92+0.70/0.89/0+0.70 ms cpu, 3->3->1 MB, 4 MB goal, 0 MB stacks, 0 MB globals, 8 P
gc 3283 @12.566s 8%: 0.078+0.72+0.090 ms clock, 0.62+0.97/0.69/0+0.72 ms cpu, 3->3->1 MB, 4 MB goal, 0 MB stacks, 0 MB globals, 8 P
gc 3284 @12.568s 8%: 0.089+0.60+0.10 ms clock, 0.71+0.90/0.65/0+0.83 ms cpu, 3->3->1 MB, 4 MB goal, 0 MB stacks, 0 MB globals, 8 P
gc 3285 @12.571s 8%: 0.11+0.63+0.11 ms clock, 0.95+0.83/0.79/0+0.94 ms cpu, 3->3->1 MB, 4 MB goal, 0 MB stacks, 0 MB globals, 8 P
gc 3286 @12.573s 8%: 0.054+0.60+0.068 ms clock, 0.43+0.71/0.82/0+0.54 ms cpu, 3->3->1 MB, 4 MB goal, 0 MB stacks, 0 MB globals, 8 P
gc 3287 @12.576s 8%: 0.10+0.58+0.052 ms clock, 0.84+0.77/0.82/0+0.41 ms cpu, 3->3->1 MB, 4 MB goal, 0 MB stacks, 0 MB globals, 8 P
gc 3288 @12.578s 8%: 0.16+0.76+0.095 ms clock, 1.2+0.81/0.79/0+0.76 ms cpu, 3->3->1 MB, 4 MB goal, 0 MB stacks, 0 MB globals, 8 P
gc 3289 @12.581s 8%: 0.074+0.51+0.072 ms clock, 0.59+0.86/0.74/0+0.57 ms cpu, 3->3->1 MB, 4 MB goal, 0 MB stacks, 0 MB globals, 8 P
gc 3290 @12.583s 8%: 0.087+1.0+0.082 ms clock, 0.70+0.78/0.80/0+0.65 ms cpu, 3->4->1 MB, 4 MB goal, 0 MB stacks, 0 MB globals, 8 P
gc 3291 @12.586s 8%: 0.097+1.2+0.095 ms clock, 0.78+0.92/0.78/0+0.76 ms cpu, 3->4->2 MB, 4 MB goal, 0 MB stacks, 0 MB globals, 8 P
gc 3292 @12.589s 8%: 0.21+0.63+0.067 ms clock, 1.6+0.73/0.97/0+0.54 ms cpu, 3->4->1 MB, 4 MB goal, 0 MB stacks, 0 MB globals, 8 P
gc 3293 @12.592s 8%: 0.14+0.67+0.073 ms clock, 1.1+0.74/0.81/0+0.59 ms cpu, 3->3->1 MB, 4 MB goal, 0 MB stacks, 0 MB globals, 8 P
gc 3294 @12.595s 8%: 0.070+0.54+0.094 ms clock, 0.56+0.65/0.76/0+0.75 ms cpu, 3->3->1 MB, 4 MB goal, 0 MB stacks, 0 MB globals, 8 P
gc 3295 @12.597s 8%: 0.13+0.59+0.12 ms clock, 1.1+0.67/0.85/0+0.96 ms cpu, 3->3->1 MB, 4 MB goal, 0 MB stacks, 0 MB globals, 8 P
gc 3296 @12.599s 8%: 0.092+0.57+0.088 ms clock, 0.74+0.65/0.83/0+0.71 ms cpu, 3->3->1 MB, 4 MB goal, 0 MB stacks, 0 MB globals, 8 P
gc 3297 @12.602s 8%: 0.15+0.59+0.12 ms clock, 1.2+0.71/0.73/0+1.0 ms cpu, 3->3->1 MB, 4 MB goal, 0 MB stacks, 0 MB globals, 8 P
gc 3298 @12.604s 8%: 0.11+0.58+0.059 ms clock, 0.88+0.81/0.67/0+0.47 ms cpu, 3->3->1 MB, 4 MB goal, 0 MB stacks, 0 MB globals, 8 P
gc 3299 @12.607s 8%: 0.17+0.71+0.079 ms clock, 1.3+0.68/0.84/0+0.63 ms cpu, 3->3->1 MB, 4 MB goal, 0 MB stacks, 0 MB globals, 8 P
gc 3300 @12.609s 8%: 0.077+0.81+0.087 ms clock, 0.61+0.76/0.75/0+0.70 ms cpu, 3->3->1 MB, 4 MB goal, 0 MB stacks, 0 MB globals, 8 P
gc 3301 @12.612s 8%: 0.10+0.73+0.093 ms clock, 0.80+0.77/0.87/0+0.74 ms cpu, 3->3->1 MB, 4 MB goal, 0 MB stacks, 0 MB globals, 8 P
gc 3302 @12.614s 8%: 0.099+0.69+0.073 ms clock, 0.79+0.80/0.94/0+0.58 ms cpu, 3->3->1 MB, 4 MB goal, 0 MB stacks, 0 MB globals, 8 P
gc 3303 @12.617s 8%: 0.11+0.66+0.062 ms clock, 0.92+0.70/0.82/0+0.49 ms cpu, 3->3->1 MB, 4 MB goal, 0 MB stacks, 0 MB globals, 8 P
gc 3304 @12.619s 8%: 0.11+0.93+0.13 ms clock, 0.91+0.83/0.77/0+1.0 ms cpu, 3->3->1 MB, 4 MB goal, 0 MB stacks, 0 MB globals, 8 P
gc 3305 @12.622s 8%: 0.13+0.49+0.13 ms clock, 1.0+0.82/0.72/0+1.0 ms cpu, 3->3->1 MB, 4 MB goal, 0 MB stacks, 0 MB globals, 8 P
gc 3306 @12.625s 8%: 0.091+0.69+0.099 ms clock, 0.72+0.65/0.75/0+0.79 ms cpu, 3->3->1 MB, 4 MB goal, 0 MB stacks, 0 MB globals, 8 P
gc 3307 @12.627s 8%: 0.15+0.60+0.11 ms clock, 1.2+0.77/0.71/0+0.90 ms cpu, 3->3->1 MB, 4 MB goal, 0 MB stacks, 0 MB globals, 8 P
gc 3308 @12.630s 8%: 0.11+0.54+0.10 ms clock, 0.95+0.77/0.74/0+0.80 ms cpu, 3->3->1 MB, 4 MB goal, 0 MB stacks, 0 MB globals, 8 P
gc 3309 @12.632s 8%: 0.15+0.90+0.077 ms clock, 1.2+0.65/0.72/0+0.61 ms cpu, 3->3->1 MB, 4 MB goal, 0 MB stacks, 0 MB globals, 8 P
gc 3310 @12.635s 8%: 0.14+0.59+0.069 ms clock, 1.1+0.88/0.72/0+0.55 ms cpu, 3->3->1 MB, 4 MB goal, 0 MB stacks, 0 MB globals, 8 P
gc 3311 @12.637s 8%: 0.17+1.0+0.12 ms clock, 1.3+0.74/0.76/0+1.0 ms cpu, 3->4->1 MB, 4 MB goal, 0 MB stacks, 0 MB globals, 8 P
gc 3312 @12.640s 8%: 0.13+1.9+0.094 ms clock, 1.0+0.74/0.84/0+0.75 ms cpu, 3->4->2 MB, 4 MB goal, 0 MB stacks, 0 MB globals, 8 P
gc 3313 @12.644s 8%: 0.12+1.3+0.080 ms clock, 0.99+0.91/0.83/0+0.64 ms cpu, 3->4->1 MB, 4 MB goal, 0 MB stacks, 0 MB globals, 8 P
gc 3314 @12.646s 8%: 0.13+0.85+0.073 ms clock, 1.0+0.79/0.83/0+0.58 ms cpu, 3->4->1 MB, 4 MB goal, 0 MB stacks, 0 MB globals, 8 P
gc 3315 @12.649s 8%: 0.12+1.0+0.12 ms clock, 1.0+0.75/0.74/0+0.96 ms cpu, 3->4->1 MB, 4 MB goal, 0 MB stacks, 0 MB globals, 8 P
gc 3316 @12.652s 8%: 0.17+1.4+0.098 ms clock, 1.4+0.73/0.85/0+0.78 ms cpu, 3->4->2 MB, 4 MB goal, 0 MB stacks, 0 MB globals, 8 P
gc 3317 @12.655s 8%: 0.11+0.73+0.10 ms clock, 0.90+0.78/0.81/0+0.82 ms cpu, 3->4->1 MB, 4 MB goal, 0 MB stacks, 0 MB globals, 8 P
gc 3318 @12.658s 8%: 0.17+1.5+0.10 ms clock, 1.3+0.74/1.4/0.009+0.87 ms cpu, 3->4->2 MB, 4 MB goal, 0 MB stacks, 0 MB globals, 8 P
gc 3319 @12.661s 8%: 0.094+0.70+0.10 ms clock, 0.75+0.93/0.73/0+0.82 ms cpu, 3->4->1 MB, 4 MB goal, 0 MB stacks, 0 MB globals, 8 P
gc 3320 @12.664s 8%: 0.11+0.79+0.12 ms clock, 0.95+0.79/0.92/0+0.99 ms cpu, 3->3->1 MB, 4 MB goal, 0 MB stacks, 0 MB globals, 8 P
gc 3321 @12.666s 8%: 0.074+1.2+0.071 ms clock, 0.59+0.73/0.83/0+0.57 ms cpu, 3->3->1 MB, 4 MB goal, 0 MB stacks, 0 MB globals, 8 P
gc 3322 @12.669s 8%: 0.18+0.78+0.039 ms clock, 1.4+0.68/0.79/0+0.31 ms cpu, 3->4->1 MB, 4 MB goal, 0 MB stacks, 0 MB globals, 8 P
gc 3323 @12.672s 8%: 0.094+0.57+0.098 ms clock, 0.75+0.74/0.80/0+0.78 ms cpu, 3->3->1 MB, 4 MB goal, 0 MB stacks, 0 MB globals, 8 P
gc 3324 @12.674s 8%: 0.16+1.3+0.11 ms clock, 1.3+0.68/0.87/0+0.92 ms cpu, 3->4->1 MB, 4 MB goal, 0 MB stacks, 0 MB globals, 8 P
gc 3325 @12.677s 8%: 0.067+0.65+0.10 ms clock, 0.53+0.52/0.91/0+0.84 ms cpu, 3->4->1 MB, 4 MB goal, 0 MB stacks, 0 MB globals, 8 P
gc 3326 @12.680s 8%: 0.10+0.58+0.14 ms clock, 0.85+0.93/0.82/0+1.1 ms cpu, 3->3->1 MB, 4 MB goal, 0 MB stacks, 0 MB globals, 8 P
gc 3327 @12.682s 8%: 0.098+0.57+0.10 ms clock, 0.78+0.68/0.84/0+0.84 ms cpu, 3->3->1 MB, 4 MB goal, 0 MB stacks, 0 MB globals, 8 P
gc 3328 @12.685s 8%: 0.069+0.65+0.081 ms clock, 0.55+0.57/0.79/0+0.65 ms cpu, 3->3->1 MB, 4 MB goal, 0 MB stacks, 0 MB globals, 8 P
gc 3329 @12.687s 8%: 0.13+0.62+0.059 ms clock, 1.0+0.72/0.83/0+0.47 ms cpu, 3->3->1 MB, 4 MB goal, 0 MB stacks, 0 MB globals, 8 P
gc 3330 @12.690s 8%: 0.12+1.1+0.072 ms clock, 0.99+0.60/0.85/0+0.57 ms cpu, 3->4->1 MB, 4 MB goal, 0 MB stacks, 0 MB globals, 8 P
gc 3331 @12.693s 8%: 0.11+0.66+0.083 ms clock, 0.88+0.80/0.85/0+0.66 ms cpu, 3->4->1 MB, 4 MB goal, 0 MB stacks, 0 MB globals, 8 P
gc 3332 @12.695s 8%: 0.099+1.0+0.079 ms clock, 0.79+0.77/0.83/0+0.63 ms cpu, 3->4->1 MB, 4 MB goal, 0 MB stacks, 0 MB globals, 8 P
gc 3333 @12.698s 8%: 0.13+0.62+0.11 ms clock, 1.1+0.66/0.79/0+0.90 ms cpu, 3->3->1 MB, 4 MB goal, 0 MB stacks, 0 MB globals, 8 P
gc 3334 @12.701s 8%: 0.16+0.58+0.085 ms clock, 1.2+0.71/0.80/0+0.68 ms cpu, 3->3->1 MB, 4 MB goal, 0 MB stacks, 0 MB globals, 8 P
gc 3335 @12.703s 8%: 0.13+0.63+0.10 ms clock, 1.0+0.70/0.83/0+0.81 ms cpu, 3->3->1 MB, 4 MB goal, 0 MB stacks, 0 MB globals, 8 P
gc 3336 @12.706s 8%: 0.11+0.59+0.10 ms clock, 0.94+0.88/0.72/0+0.86 ms cpu, 3->3->1 MB, 4 MB goal, 0 MB stacks, 0 MB globals, 8 P
gc 3337 @12.708s 8%: 0.12+0.71+0.093 ms clock, 0.97+0.71/0.88/0+0.74 ms cpu, 3->3->1 MB, 4 MB goal, 0 MB stacks, 0 MB globals, 8 P
gc 3338 @12.711s 8%: 0.099+0.61+0.072 ms clock, 0.79+0.67/0.87/0+0.58 ms cpu, 3->3->1 MB, 4 MB goal, 0 MB stacks, 0 MB globals, 8 P
gc 3339 @12.713s 8%: 0.098+0.46+0.061 ms clock, 0.78+0.85/0.59/0+0.49 ms cpu, 3->3->1 MB, 4 MB goal, 0 MB stacks, 0 MB globals, 8 P
gc 3340 @12.716s 8%: 0.093+0.55+0.14 ms clock, 0.74+0.78/0.83/0+1.1 ms cpu, 3->3->1 MB, 4 MB goal, 0 MB stacks, 0 MB globals, 8 P
gc 3341 @12.718s 8%: 0.091+1.0+0.023 ms clock, 0.72+0.77/0.79/0+0.18 ms cpu, 3->3->1 MB, 4 MB goal, 0 MB stacks, 0 MB globals, 8 P
gc 3342 @12.721s 8%: 0.11+0.58+0.11 ms clock, 0.89+0.89/0.72/0+0.92 ms cpu, 3->3->1 MB, 4 MB goal, 0 MB stacks, 0 MB globals, 8 P
gc 3343 @12.723s 8%: 0.081+0.93+0.069 ms clock, 0.65+0.76/0.68/0+0.55 ms cpu, 3->3->1 MB, 4 MB goal, 0 MB stacks, 0 MB globals, 8 P
gc 3344 @12.726s 8%: 0.11+0.63+0.11 ms clock, 0.89+0.62/0.75/0+0.90 ms cpu, 3->3->1 MB, 4 MB goal, 0 MB stacks, 0 MB globals, 8 P
gc 3345 @12.728s 8%: 0.13+0.57+0.13 ms clock, 1.0+0.76/0.72/0+1.0 ms cpu, 3->3->1 MB, 4 MB goal, 0 MB stacks, 0 MB globals, 8 P
gc 3346 @12.731s 8%: 0.17+0.97+0.13 ms clock, 1.3+0.75/0.75/0+1.0 ms cpu, 3->4->1 MB, 4 MB goal, 0 MB stacks, 0 MB globals, 8 P
gc 3347 @12.733s 8%: 0.14+0.63+0.057 ms clock, 1.1+0.76/0.76/0+0.46 ms cpu, 3->3->1 MB, 4 MB goal, 0 MB stacks, 0 MB globals, 8 P
gc 3348 @12.736s 8%: 0.086+0.58+0.095 ms clock, 0.69+0.83/0.67/0+0.76 ms cpu, 3->3->1 MB, 4 MB goal, 0 MB stacks, 0 MB globals, 8 P
gc 3349 @12.739s 8%: 0.13+0.61+0.085 ms clock, 1.0+0.88/0.78/0+0.68 ms cpu, 3->3->1 MB, 4 MB goal, 0 MB stacks, 0 MB globals, 8 P
gc 3350 @12.741s 8%: 0.094+0.63+0.080 ms clock, 0.75+0.85/0.70/0+0.64 ms cpu, 3->3->1 MB, 4 MB goal, 0 MB stacks, 0 MB globals, 8 P
gc 3351 @12.744s 8%: 0.086+0.60+0.087 ms clock, 0.68+0.81/0.79/0+0.70 ms cpu, 3->3->1 MB, 4 MB goal, 0 MB stacks, 0 MB globals, 8 P
gc 3352 @12.746s 8%: 0.19+0.75+0.095 ms clock, 1.5+0.67/0.80/0+0.76 ms cpu, 3->3->1 MB, 4 MB goal, 0 MB stacks, 0 MB globals, 8 P
gc 3353 @12.749s 8%: 0.11+0.58+0.093 ms clock, 0.88+0.74/0.77/0+0.75 ms cpu, 3->3->1 MB, 4 MB goal, 0 MB stacks, 0 MB globals, 8 P
gc 3354 @12.751s 8%: 0.13+1.0+0.082 ms clock, 1.0+0.67/0.77/0+0.65 ms cpu, 3->4->1 MB, 4 MB goal, 0 MB stacks, 0 MB globals, 8 P
gc 3355 @12.754s 8%: 0.14+1.2+0.083 ms clock, 1.1+0.74/0.90/0+0.67 ms cpu, 3->4->1 MB, 4 MB goal, 0 MB stacks, 0 MB globals, 8 P
gc 3356 @12.757s 8%: 0.10+1.0+0.069 ms clock, 0.81+0.74/0.77/0+0.55 ms cpu, 3->4->1 MB, 4 MB goal, 0 MB stacks, 0 MB globals, 8 P
gc 3357 @12.760s 8%: 0.12+0.59+0.067 ms clock, 1.0+0.81/0.82/0+0.53 ms cpu, 3->3->1 MB, 4 MB goal, 0 MB stacks, 0 MB globals, 8 P
gc 3358 @12.762s 8%: 0.13+1.0+0.073 ms clock, 1.1+0.68/0.79/0+0.58 ms cpu, 3->3->1 MB, 4 MB goal, 0 MB stacks, 0 MB globals, 8 P
gc 3359 @12.765s 8%: 0.094+0.95+0.098 ms clock, 0.75+0.69/0.83/0+0.78 ms cpu, 3->4->1 MB, 4 MB goal, 0 MB stacks, 0 MB globals, 8 P
gc 3360 @12.768s 8%: 0.10+1.2+0.11 ms clock, 0.81+0.65/0.86/0+0.90 ms cpu, 3->4->1 MB, 4 MB goal, 0 MB stacks, 0 MB globals, 8 P
gc 3361 @12.771s 8%: 0.066+1.3+0.093 ms clock, 0.53+0.85/0.74/0+0.74 ms cpu, 3->4->1 MB, 4 MB goal, 0 MB stacks, 0 MB globals, 8 P
gc 3362 @12.774s 8%: 0.10+1.2+0.087 ms clock, 0.80+0.74/1.0/0+0.70 ms cpu, 3->4->2 MB, 4 MB goal, 0 MB stacks, 0 MB globals, 8 P
gc 3363 @12.777s 8%: 0.10+0.65+0.13 ms clock, 0.84+0.77/0.82/0+1.0 ms cpu, 3->4->1 MB, 4 MB goal, 0 MB stacks, 0 MB globals, 8 P
gc 3364 @12.779s 8%: 0.11+0.99+0.051 ms clock, 0.89+0.69/0.79/0+0.41 ms cpu, 3->4->1 MB, 4 MB goal, 0 MB stacks, 0 MB globals, 8 P
gc 3365 @12.782s 8%: 0.084+0.59+0.11 ms clock, 0.67+0.75/0.77/0+0.94 ms cpu, 3->3->1 MB, 4 MB goal, 0 MB stacks, 0 MB globals, 8 P
gc 3366 @12.785s 8%: 0.10+0.74+0.073 ms clock, 0.86+0.82/0.67/0+0.59 ms cpu, 3->3->1 MB, 4 MB goal, 0 MB stacks, 0 MB globals, 8 P
gc 3367 @12.787s 8%: 0.12+0.72+0.084 ms clock, 1.0+0.86/0.79/0+0.67 ms cpu, 3->3->1 MB, 4 MB goal, 0 MB stacks, 0 MB globals, 8 P
gc 3368 @12.790s 8%: 0.036+0.66+0.076 ms clock, 0.29+0.71/0.92/0+0.61 ms cpu, 3->3->1 MB, 4 MB goal, 0 MB stacks, 0 MB globals, 8 P
gc 3369 @12.792s 8%: 0.11+0.63+0.12 ms clock, 0.92+0.68/0.79/0+0.96 ms cpu, 3->3->1 MB, 4 MB goal, 0 MB stacks, 0 MB globals, 8 P
gc 3370 @12.795s 8%: 0.11+0.57+0.078 ms clock, 0.91+0.78/0.73/0+0.62 ms cpu, 3->3->1 MB, 4 MB goal, 0 MB stacks, 0 MB globals, 8 P
gc 3371 @12.797s 8%: 0.11+0.80+0.10 ms clock, 0.89+0.79/0.81/0+0.87 ms cpu, 3->3->1 MB, 4 MB goal, 0 MB stacks, 0 MB globals, 8 P
gc 3372 @12.800s 8%: 0.14+0.92+0.073 ms clock, 1.1+0.69/0.91/0+0.58 ms cpu, 3->3->1 MB, 4 MB goal, 0 MB stacks, 0 MB globals, 8 P
gc 3373 @12.802s 8%: 0.096+0.96+0.090 ms clock, 0.76+0.64/0.89/0+0.72 ms cpu, 3->3->1 MB, 4 MB goal, 0 MB stacks, 0 MB globals, 8 P
gc 3374 @12.805s 8%: 0.10+0.65+0.11 ms clock, 0.84+0.82/0.73/0+0.90 ms cpu, 3->3->1 MB, 4 MB goal, 0 MB stacks, 0 MB globals, 8 P
gc 3375 @12.808s 8%: 0.092+0.60+0.13 ms clock, 0.74+0.82/0.78/0+1.0 ms cpu, 3->3->1 MB, 4 MB goal, 0 MB stacks, 0 MB globals, 8 P
gc 3376 @12.810s 8%: 0.11+0.55+0.15 ms clock, 0.92+0.70/0.74/0+1.2 ms cpu, 3->3->1 MB, 4 MB goal, 0 MB stacks, 0 MB globals, 8 P
gc 3377 @12.812s 8%: 0.085+0.72+0.11 ms clock, 0.68+0.74/0.90/0+0.94 ms cpu, 3->3->1 MB, 4 MB goal, 0 MB stacks, 0 MB globals, 8 P
gc 3378 @12.815s 8%: 0.075+0.68+0.10 ms clock, 0.60+0.91/0.69/0+0.81 ms cpu, 3->3->1 MB, 4 MB goal, 0 MB stacks, 0 MB globals, 8 P
gc 3379 @12.817s 8%: 0.082+0.91+0.049 ms clock, 0.65+0.74/0.75/0+0.39 ms cpu, 3->3->1 MB, 4 MB goal, 0 MB stacks, 0 MB globals, 8 P
gc 3380 @12.820s 8%: 0.093+0.60+0.054 ms clock, 0.74+0.81/0.68/0+0.43 ms cpu, 3->3->1 MB, 4 MB goal, 0 MB stacks, 0 MB globals, 8 P
gc 3381 @12.823s 8%: 0.12+0.86+0.079 ms clock, 0.97+1.4/0.79/0+0.63 ms cpu, 3->3->1 MB, 4 MB goal, 0 MB stacks, 0 MB globals, 8 P
gc 3382 @12.825s 8%: 0.15+1.0+0.089 ms clock, 1.2+0.75/0.71/0+0.71 ms cpu, 3->4->1 MB, 4 MB goal, 0 MB stacks, 0 MB globals, 8 P
gc 3383 @12.828s 8%: 0.10+0.60+0.062 ms clock, 0.85+0.84/0.90/0+0.49 ms cpu, 3->3->1 MB, 4 MB goal, 0 MB stacks, 0 MB globals, 8 P
gc 3384 @12.830s 8%: 0.069+0.64+0.13 ms clock, 0.55+0.97/0.78/0+1.0 ms cpu, 3->3->1 MB, 4 MB goal, 0 MB stacks, 0 MB globals, 8 P
gc 3385 @12.833s 8%: 0.10+0.67+0.14 ms clock, 0.83+0.73/0.85/0+1.1 ms cpu, 3->3->1 MB, 4 MB goal, 0 MB stacks, 0 MB globals, 8 P
gc 3386 @12.835s 8%: 0.11+0.86+0.11 ms clock, 0.90+0.82/0.82/0.11+0.90 ms cpu, 3->3->1 MB, 4 MB goal, 0 MB stacks, 0 MB globals, 8 P
gc 3387 @12.838s 8%: 0.11+0.68+0.053 ms clock, 0.95+0.80/0.88/0+0.42 ms cpu, 3->3->1 MB, 4 MB goal, 0 MB stacks, 0 MB globals, 8 P
gc 3388 @12.841s 8%: 0.13+0.86+0.068 ms clock, 1.0+0.59/0.84/0+0.54 ms cpu, 3->3->1 MB, 4 MB goal, 0 MB stacks, 0 MB globals, 8 P
gc 3389 @12.843s 8%: 0.12+0.68+0.099 ms clock, 0.97+0.66/0.86/0+0.79 ms cpu, 3->3->1 MB, 4 MB goal, 0 MB stacks, 0 MB globals, 8 P
gc 3390 @12.846s 8%: 0.094+1.3+0.036 ms clock, 0.75+0.69/0.75/0+0.29 ms cpu, 3->4->2 MB, 4 MB goal, 0 MB stacks, 0 MB globals, 8 P
gc 3391 @12.849s 8%: 0.18+0.52+0.068 ms clock, 1.4+0.76/0.74/0+0.54 ms cpu, 3->4->1 MB, 4 MB goal, 0 MB stacks, 0 MB globals, 8 P
gc 3392 @12.852s 8%: 0.11+0.62+0.087 ms clock, 0.88+0.73/0.82/0+0.69 ms cpu, 3->3->1 MB, 4 MB goal, 0 MB stacks, 0 MB globals, 8 P
gc 3393 @12.854s 8%: 0.14+0.65+0.093 ms clock, 1.1+0.74/0.77/0+0.74 ms cpu, 3->3->1 MB, 4 MB goal, 0 MB stacks, 0 MB globals, 8 P
gc 3394 @12.857s 8%: 0.10+0.65+0.069 ms clock, 0.81+0.73/0.81/0+0.55 ms cpu, 3->3->1 MB, 4 MB goal, 0 MB stacks, 0 MB globals, 8 P
gc 3395 @12.859s 8%: 0.10+0.89+0.18 ms clock, 0.81+0.71/0.84/0+1.5 ms cpu, 3->3->1 MB, 4 MB goal, 0 MB stacks, 0 MB globals, 8 P
gc 3396 @12.862s 8%: 0.095+0.94+0.096 ms clock, 0.76+0.72/0.84/0+0.77 ms cpu, 3->4->1 MB, 4 MB goal, 0 MB stacks, 0 MB globals, 8 P
gc 3397 @12.864s 8%: 0.099+0.63+0.090 ms clock, 0.79+0.65/0.81/0+0.72 ms cpu, 3->3->1 MB, 4 MB goal, 0 MB stacks, 0 MB globals, 8 P
gc 3398 @12.867s 8%: 0.15+0.70+0.058 ms clock, 1.2+0.62/0.87/0+0.46 ms cpu, 3->3->1 MB, 4 MB goal, 0 MB stacks, 0 MB globals, 8 P
gc 3399 @12.869s 8%: 0.13+0.54+0.15 ms clock, 1.1+0.79/0.80/0+1.2 ms cpu, 3->3->1 MB, 4 MB goal, 0 MB stacks, 0 MB globals, 8 P
gc 3400 @12.872s 8%: 0.20+0.98+0.071 ms clock, 1.6+0.64/0.85/0+0.57 ms cpu, 3->3->1 MB, 4 MB goal, 0 MB stacks, 0 MB globals, 8 P
gc 3401 @12.875s 8%: 0.13+0.99+0.12 ms clock, 1.0+0.86/0.95/0+1.0 ms cpu, 3->4->1 MB, 4 MB goal, 0 MB stacks, 0 MB globals, 8 P
gc 3402 @12.878s 8%: 0.096+0.66+0.10 ms clock, 0.76+0.87/0.70/0+0.80 ms cpu, 3->3->1 MB, 4 MB goal, 0 MB stacks, 0 MB globals, 8 P
gc 3403 @12.880s 8%: 0.10+0.60+0.14 ms clock, 0.84+0.77/0.65/0+1.1 ms cpu, 3->3->1 MB, 4 MB goal, 0 MB stacks, 0 MB globals, 8 P
gc 3404 @12.883s 8%: 0.11+0.80+0.087 ms clock, 0.91+0.85/0.77/0+0.69 ms cpu, 3->3->1 MB, 4 MB goal, 0 MB stacks, 0 MB globals, 8 P
gc 3405 @12.885s 8%: 0.12+0.84+0.095 ms clock, 0.98+0.74/0.77/0+0.76 ms cpu, 3->4->1 MB, 4 MB goal, 0 MB stacks, 0 MB globals, 8 P
gc 3406 @12.888s 8%: 0.14+0.63+0.070 ms clock, 1.1+0.73/0.78/0+0.56 ms cpu, 3->3->1 MB, 4 MB goal, 0 MB stacks, 0 MB globals, 8 P
gc 3407 @12.890s 8%: 0.12+0.53+0.12 ms clock, 1.0+0.84/0.74/0+1.0 ms cpu, 3->3->1 MB, 4 MB goal, 0 MB stacks, 0 MB globals, 8 P
gc 3408 @12.893s 8%: 0.17+0.70+0.10 ms clock, 1.4+0.79/0.86/0+0.80 ms cpu, 3->3->1 MB, 4 MB goal, 0 MB stacks, 0 MB globals, 8 P
gc 3409 @12.895s 8%: 0.12+0.69+0.083 ms clock, 1.0+0.84/0.78/0+0.66 ms cpu, 3->3->1 MB, 4 MB goal, 0 MB stacks, 0 MB globals, 8 P
gc 3410 @12.898s 8%: 0.12+1.1+0.067 ms clock, 0.98+0.83/0.77/0+0.53 ms cpu, 3->4->2 MB, 4 MB goal, 0 MB stacks, 0 MB globals, 8 P
gc 3411 @12.901s 8%: 0.10+0.78+0.069 ms clock, 0.86+0.69/0.88/0+0.55 ms cpu, 3->4->1 MB, 4 MB goal, 0 MB stacks, 0 MB globals, 8 P
gc 3412 @12.904s 8%: 0.093+0.91+0.12 ms clock, 0.74+0.87/0.82/0+1.0 ms cpu, 3->3->1 MB, 4 MB goal, 0 MB stacks, 0 MB globals, 8 P
gc 3413 @12.906s 8%: 0.14+0.54+0.10 ms clock, 1.1+0.77/0.66/0+0.86 ms cpu, 3->3->1 MB, 4 MB goal, 0 MB stacks, 0 MB globals, 8 P
gc 3414 @12.909s 8%: 0.12+0.72+0.048 ms clock, 1.0+0.79/0.76/0+0.39 ms cpu, 3->3->1 MB, 4 MB goal, 0 MB stacks, 0 MB globals, 8 P
gc 3415 @12.911s 8%: 0.12+0.55+0.091 ms clock, 1.0+0.83/0.63/0+0.72 ms cpu, 3->3->1 MB, 4 MB goal, 0 MB stacks, 0 MB globals, 8 P
gc 3416 @12.914s 8%: 0.10+0.65+0.13 ms clock, 0.86+0.77/0.68/0+1.0 ms cpu, 3->3->1 MB, 4 MB goal, 0 MB stacks, 0 MB globals, 8 P
gc 3417 @12.916s 8%: 0.062+0.67+0.078 ms clock, 0.50+0.79/0.79/0+0.62 ms cpu, 3->3->1 MB, 4 MB goal, 0 MB stacks, 0 MB globals, 8 P
gc 3418 @12.919s 8%: 0.12+0.91+0.074 ms clock, 0.96+0.70/0.85/0+0.59 ms cpu, 3->3->1 MB, 4 MB goal, 0 MB stacks, 0 MB globals, 8 P
gc 3419 @12.921s 8%: 0.074+0.52+0.099 ms clock, 0.59+0.73/0.79/0+0.79 ms cpu, 3->3->1 MB, 4 MB goal, 0 MB stacks, 0 MB globals, 8 P
gc 3420 @12.924s 8%: 0.17+0.40+0.071 ms clock, 1.4+0.84/0.66/0+0.57 ms cpu, 3->3->1 MB, 4 MB goal, 0 MB stacks, 0 MB globals, 8 P
gc 3421 @12.926s 8%: 0.097+0.64+0.094 ms clock, 0.77+0.73/0.72/0+0.75 ms cpu, 3->3->1 MB, 4 MB goal, 0 MB stacks, 0 MB globals, 8 P
gc 3422 @12.929s 8%: 0.10+1.0+0.10 ms clock, 0.84+0.84/0.67/0+0.83 ms cpu, 3->3->1 MB, 4 MB goal, 0 MB stacks, 0 MB globals, 8 P
gc 3423 @12.931s 8%: 0.15+0.67+0.096 ms clock, 1.2+0.75/0.80/0+0.77 ms cpu, 3->3->1 MB, 4 MB goal, 0 MB stacks, 0 MB globals, 8 P
gc 3424 @12.934s 8%: 0.097+0.65+0.10 ms clock, 0.77+0.76/0.84/0+0.80 ms cpu, 3->3->1 MB, 4 MB goal, 0 MB stacks, 0 MB globals, 8 P
gc 3425 @12.936s 8%: 0.12+0.81+0.13 ms clock, 0.99+0.95/0.82/0+1.1 ms cpu, 3->3->1 MB, 4 MB goal, 0 MB stacks, 0 MB globals, 8 P
gc 3426 @12.939s 8%: 0.11+0.71+0.11 ms clock, 0.88+0.64/0.86/0+0.88 ms cpu, 3->3->1 MB, 4 MB goal, 0 MB stacks, 0 MB globals, 8 P
gc 3427 @12.942s 8%: 0.10+0.62+0.055 ms clock, 0.85+0.68/0.87/0+0.44 ms cpu, 3->3->1 MB, 4 MB goal, 0 MB stacks, 0 MB globals, 8 P
gc 3428 @12.944s 8%: 0.11+0.70+0.084 ms clock, 0.92+0.75/0.87/0+0.67 ms cpu, 3->3->1 MB, 4 MB goal, 0 MB stacks, 0 MB globals, 8 P
gc 3429 @12.947s 8%: 0.10+0.67+0.054 ms clock, 0.83+1.2/0.94/0+0.43 ms cpu, 3->3->1 MB, 4 MB goal, 0 MB stacks, 0 MB globals, 8 P
gc 3430 @12.949s 8%: 0.14+0.89+0.072 ms clock, 1.1+0.66/0.75/0+0.58 ms cpu, 3->4->1 MB, 4 MB goal, 0 MB stacks, 0 MB globals, 8 P
gc 3431 @12.952s 8%: 0.15+0.90+0.073 ms clock, 1.2+0.83/0.76/0+0.59 ms cpu, 3->4->1 MB, 4 MB goal, 0 MB stacks, 0 MB globals, 8 P
gc 3432 @12.955s 8%: 0.13+0.66+0.050 ms clock, 1.0+0.75/0.90/0+0.40 ms cpu, 3->4->1 MB, 4 MB goal, 0 MB stacks, 0 MB globals, 8 P
gc 3433 @12.957s 8%: 0.10+0.58+0.060 ms clock, 0.84+0.73/0.74/0+0.48 ms cpu, 3->3->1 MB, 4 MB goal, 0 MB stacks, 0 MB globals, 8 P
gc 3434 @12.960s 8%: 0.13+0.88+0.096 ms clock, 1.0+0.65/0.77/0+0.77 ms cpu, 3->3->1 MB, 4 MB goal, 0 MB stacks, 0 MB globals, 8 P
gc 3435 @12.962s 8%: 0.13+1.0+0.038 ms clock, 1.0+0.65/0.78/0+0.30 ms cpu, 3->4->1 MB, 4 MB goal, 0 MB stacks, 0 MB globals, 8 P
gc 3436 @12.965s 8%: 0.16+0.91+0.064 ms clock, 1.2+0.85/0.69/0+0.51 ms cpu, 3->4->1 MB, 4 MB goal, 0 MB stacks, 0 MB globals, 8 P
gc 3437 @12.968s 8%: 0.10+0.86+0.087 ms clock, 0.85+0.87/0.92/0+0.69 ms cpu, 3->3->1 MB, 4 MB goal, 0 MB stacks, 0 MB globals, 8 P
gc 3438 @12.970s 8%: 0.079+0.84+0.094 ms clock, 0.63+0.86/0.66/0+0.75 ms cpu, 3->3->1 MB, 4 MB goal, 0 MB stacks, 0 MB globals, 8 P
gc 3439 @12.973s 8%: 0.13+1.2+0.067 ms clock, 1.0+0.78/0.78/0+0.53 ms cpu, 3->4->1 MB, 4 MB goal, 0 MB stacks, 0 MB globals, 8 P
gc 3440 @12.976s 8%: 0.13+0.57+0.079 ms clock, 1.0+0.92/0.73/0+0.63 ms cpu, 3->3->1 MB, 4 MB goal, 0 MB stacks, 0 MB globals, 8 P
gc 3441 @12.978s 8%: 0.15+0.59+0.086 ms clock, 1.2+0.67/0.87/0+0.69 ms cpu, 3->3->1 MB, 4 MB goal, 0 MB stacks, 0 MB globals, 8 P
gc 3442 @12.981s 8%: 0.12+0.99+0.094 ms clock, 1.0+0.73/0.81/0+0.75 ms cpu, 3->3->1 MB, 4 MB goal, 0 MB stacks, 0 MB globals, 8 P
gc 3443 @12.983s 8%: 0.17+1.0+0.061 ms clock, 1.3+0.68/0.77/0+0.49 ms cpu, 3->4->1 MB, 4 MB goal, 0 MB stacks, 0 MB globals, 8 P
gc 3444 @12.986s 8%: 0.12+0.91+0.10 ms clock, 0.96+0.75/0.71/0+0.83 ms cpu, 3->4->1 MB, 4 MB goal, 0 MB stacks, 0 MB globals, 8 P
gc 3445 @12.989s 8%: 0.16+0.85+0.065 ms clock, 1.2+0.80/0.82/0+0.52 ms cpu, 3->3->1 MB, 4 MB goal, 0 MB stacks, 0 MB globals, 8 P
gc 3446 @12.991s 8%: 0.089+0.62+0.095 ms clock, 0.71+0.75/0.80/0+0.76 ms cpu, 3->3->1 MB, 4 MB goal, 0 MB stacks, 0 MB globals, 8 P
gc 3447 @12.994s 8%: 0.083+0.48+0.11 ms clock, 0.67+0.82/0.66/0+0.94 ms cpu, 3->3->1 MB, 4 MB goal, 0 MB stacks, 0 MB globals, 8 P
gc 3448 @12.996s 8%: 0.10+1.0+0.17 ms clock, 0.80+0.66/0.84/0+1.3 ms cpu, 3->3->1 MB, 4 MB goal, 0 MB stacks, 0 MB globals, 8 P
gc 3449 @12.999s 8%: 0.15+0.65+0.065 ms clock, 1.2+0.75/0.81/0+0.52 ms cpu, 3->3->1 MB, 4 MB goal, 0 MB stacks, 0 MB globals, 8 P
gc 3450 @13.002s 8%: 0.13+1.2+0.061 ms clock, 1.0+0.67/0.85/0+0.49 ms cpu, 3->4->1 MB, 4 MB goal, 0 MB stacks, 0 MB globals, 8 P
gc 3451 @13.005s 8%: 0.10+0.62+0.082 ms clock, 0.87+0.77/0.79/0+0.65 ms cpu, 3->4->1 MB, 4 MB goal, 0 MB stacks, 0 MB globals, 8 P
gc 3452 @13.007s 8%: 0.13+0.73+0.12 ms clock, 1.0+0.80/0.77/0+1.0 ms cpu, 3->3->1 MB, 4 MB goal, 0 MB stacks, 0 MB globals, 8 P
gc 3453 @13.010s 8%: 0.063+0.66+0.078 ms clock, 0.51+0.76/0.73/0+0.62 ms cpu, 3->3->1 MB, 4 MB goal, 0 MB stacks, 0 MB globals, 8 P
gc 3454 @13.012s 8%: 0.084+0.45+0.10 ms clock, 0.67+0.66/0.70/0+0.84 ms cpu, 3->3->1 MB, 4 MB goal, 0 MB stacks, 0 MB globals, 8 P
gc 3455 @13.015s 8%: 0.10+0.95+0.086 ms clock, 0.80+0.85/0.83/0+0.69 ms cpu, 3->3->1 MB, 4 MB goal, 0 MB stacks, 0 MB globals, 8 P
gc 3456 @13.017s 8%: 0.094+0.68+0.10 ms clock, 0.75+0.78/0.77/0+0.83 ms cpu, 3->3->1 MB, 4 MB goal, 0 MB stacks, 0 MB globals, 8 P
gc 3457 @13.020s 8%: 0.15+1.0+0.068 ms clock, 1.2+0.90/0.66/0+0.55 ms cpu, 3->4->1 MB, 4 MB goal, 0 MB stacks, 0 MB globals, 8 P
gc 3458 @13.023s 8%: 0.085+0.54+0.12 ms clock, 0.68+0.86/0.74/0+0.99 ms cpu, 3->3->1 MB, 4 MB goal, 0 MB stacks, 0 MB globals, 8 P
gc 3459 @13.025s 8%: 0.087+0.58+0.089 ms clock, 0.69+0.81/0.76/0+0.71 ms cpu, 3->3->1 MB, 4 MB goal, 0 MB stacks, 0 MB globals, 8 P
gc 3460 @13.028s 8%: 0.086+0.62+0.12 ms clock, 0.69+0.83/0.79/0+0.96 ms cpu, 3->3->1 MB, 4 MB goal, 0 MB stacks, 0 MB globals, 8 P
gc 3461 @13.030s 8%: 0.089+0.63+0.11 ms clock, 0.71+0.62/0.90/0+0.93 ms cpu, 3->3->1 MB, 4 MB goal, 0 MB stacks, 0 MB globals, 8 P
gc 3462 @13.033s 8%: 0.12+0.93+0.086 ms clock, 1.0+0.83/0.78/0+0.69 ms cpu, 3->3->1 MB, 4 MB goal, 0 MB stacks, 0 MB globals, 8 P
gc 3463 @13.035s 8%: 0.13+0.95+0.094 ms clock, 1.0+0.94/0.70/0+0.75 ms cpu, 3->3->1 MB, 4 MB goal, 0 MB stacks, 0 MB globals, 8 P
gc 3464 @13.038s 8%: 0.13+0.89+0.095 ms clock, 1.0+0.78/0.78/0+0.76 ms cpu, 3->4->1 MB, 4 MB goal, 0 MB stacks, 0 MB globals, 8 P
gc 3465 @13.041s 8%: 0.16+0.93+0.044 ms clock, 1.3+0.87/0.69/0+0.35 ms cpu, 3->4->1 MB, 4 MB goal, 0 MB stacks, 0 MB globals, 8 P
gc 3466 @13.043s 8%: 0.084+1.0+0.095 ms clock, 0.67+0.76/0.87/0+0.76 ms cpu, 3->4->1 MB, 4 MB goal, 0 MB stacks, 0 MB globals, 8 P
gc 3467 @13.046s 8%: 0.10+0.63+0.15 ms clock, 0.81+0.86/0.81/0+1.2 ms cpu, 3->3->1 MB, 4 MB goal, 0 MB stacks, 0 MB globals, 8 P
gc 3468 @13.049s 8%: 0.093+0.65+0.051 ms clock, 0.75+0.81/0.80/0+0.40 ms cpu, 3->3->1 MB, 4 MB goal, 0 MB stacks, 0 MB globals, 8 P
gc 3469 @13.051s 8%: 0.087+0.69+0.10 ms clock, 0.69+0.78/0.77/0+0.81 ms cpu, 3->3->1 MB, 4 MB goal, 0 MB stacks, 0 MB globals, 8 P
gc 3470 @13.054s 8%: 0.094+0.60+0.079 ms clock, 0.75+0.73/0.66/0+0.63 ms cpu, 3->3->1 MB, 4 MB goal, 0 MB stacks, 0 MB globals, 8 P
gc 3471 @13.056s 8%: 0.11+0.57+0.15 ms clock, 0.92+0.80/0.72/0+1.2 ms cpu, 3->3->1 MB, 4 MB goal, 0 MB stacks, 0 MB globals, 8 P
gc 3472 @13.059s 8%: 0.13+0.75+0.050 ms clock, 1.1+0.84/0.63/0+0.40 ms cpu, 3->3->1 MB, 4 MB goal, 0 MB stacks, 0 MB globals, 8 P
gc 3473 @13.061s 8%: 0.10+0.57+0.088 ms clock, 0.85+0.77/0.72/0+0.70 ms cpu, 3->3->1 MB, 4 MB goal, 0 MB stacks, 0 MB globals, 8 P
gc 3474 @13.063s 8%: 0.13+0.60+0.097 ms clock, 1.0+0.82/0.78/0+0.78 ms cpu, 3->3->1 MB, 4 MB goal, 0 MB stacks, 0 MB globals, 8 P
gc 3475 @13.066s 8%: 0.15+0.66+0.10 ms clock, 1.2+0.73/0.76/0+0.83 ms cpu, 3->3->1 MB, 4 MB goal, 0 MB stacks, 0 MB globals, 8 P
gc 3476 @13.068s 8%: 0.12+1.0+0.074 ms clock, 0.97+0.76/0.86/0+0.59 ms cpu, 3->4->1 MB, 4 MB goal, 0 MB stacks, 0 MB globals, 8 P
gc 3477 @13.071s 8%: 0.079+0.59+0.13 ms clock, 0.63+0.75/0.78/0+1.0 ms cpu, 3->3->1 MB, 4 MB goal, 0 MB stacks, 0 MB globals, 8 P
gc 3478 @13.074s 8%: 0.12+0.53+0.074 ms clock, 1.0+0.80/0.78/0+0.59 ms cpu, 3->3->1 MB, 4 MB goal, 0 MB stacks, 0 MB globals, 8 P
gc 3479 @13.076s 8%: 0.13+0.56+0.12 ms clock, 1.1+0.75/0.75/0+0.97 ms cpu, 3->3->1 MB, 4 MB goal, 0 MB stacks, 0 MB globals, 8 P
gc 3480 @13.079s 8%: 0.084+0.81+0.10 ms clock, 0.67+0.70/0.62/0+0.87 ms cpu, 3->3->1 MB, 4 MB goal, 0 MB stacks, 0 MB globals, 8 P
gc 3481 @13.081s 8%: 0.10+0.98+0.058 ms clock, 0.85+0.73/0.89/0+0.46 ms cpu, 3->4->1 MB, 4 MB goal, 0 MB stacks, 0 MB globals, 8 P
gc 3482 @13.084s 8%: 0.10+0.98+0.12 ms clock, 0.83+0.75/0.77/0+1.0 ms cpu, 3->4->1 MB, 4 MB goal, 0 MB stacks, 0 MB globals, 8 P
gc 3483 @13.087s 8%: 0.090+0.56+0.10 ms clock, 0.72+0.68/0.79/0+0.80 ms cpu, 3->3->1 MB, 4 MB goal, 0 MB stacks, 0 MB globals, 8 P
gc 3484 @13.089s 8%: 0.10+1.0+0.11 ms clock, 0.86+0.62/0.77/0+0.92 ms cpu, 3->3->1 MB, 4 MB goal, 0 MB stacks, 0 MB globals, 8 P
gc 3485 @13.092s 8%: 0.14+0.66+0.12 ms clock, 1.1+0.70/0.86/0+1.0 ms cpu, 3->3->1 MB, 4 MB goal, 0 MB stacks, 0 MB globals, 8 P
gc 3486 @13.095s 8%: 0.12+1.0+0.006 ms clock, 0.99+0.61/0.82/0+0.048 ms cpu, 3->3->1 MB, 4 MB goal, 0 MB stacks, 0 MB globals, 8 P
gc 3487 @13.097s 8%: 0.13+0.56+0.12 ms clock, 1.1+0.79/0.65/0+1.0 ms cpu, 3->3->1 MB, 4 MB goal, 0 MB stacks, 0 MB globals, 8 P
gc 3488 @13.100s 8%: 0.098+0.64+0.11 ms clock, 0.78+0.58/0.90/0+0.95 ms cpu, 3->3->1 MB, 4 MB goal, 0 MB stacks, 0 MB globals, 8 P
gc 3489 @13.102s 8%: 0.11+0.83+0.063 ms clock, 0.90+0.81/0.84/0+0.51 ms cpu, 3->3->1 MB, 4 MB goal, 0 MB stacks, 0 MB globals, 8 P
gc 3490 @13.105s 8%: 0.10+0.57+0.10 ms clock, 0.86+0.76/0.71/0+0.83 ms cpu, 3->3->1 MB, 4 MB goal, 0 MB stacks, 0 MB globals, 8 P
gc 3491 @13.107s 8%: 0.095+1.0+0.15 ms clock, 0.76+0.79/0.79/0+1.2 ms cpu, 3->4->1 MB, 4 MB goal, 0 MB stacks, 0 MB globals, 8 P
gc 3492 @13.110s 8%: 0.11+0.60+0.13 ms clock, 0.88+0.90/0.72/0+1.0 ms cpu, 3->3->1 MB, 4 MB goal, 0 MB stacks, 0 MB globals, 8 P
gc 3493 @13.113s 8%: 0.089+0.86+0.093 ms clock, 0.71+0.80/0.71/0+0.74 ms cpu, 3->3->1 MB, 4 MB goal, 0 MB stacks, 0 MB globals, 8 P
gc 3494 @13.115s 8%: 0.14+0.75+0.094 ms clock, 1.1+0.67/0.86/0+0.75 ms cpu, 3->3->1 MB, 4 MB goal, 0 MB stacks, 0 MB globals, 8 P
gc 3495 @13.118s 8%: 0.099+0.72+0.11 ms clock, 0.79+0.71/0.83/0+0.95 ms cpu, 3->3->1 MB, 4 MB goal, 0 MB stacks, 0 MB globals, 8 P
gc 3496 @13.120s 8%: 0.12+1.3+0.082 ms clock, 1.0+0.67/0.86/0+0.66 ms cpu, 3->4->2 MB, 4 MB goal, 0 MB stacks, 0 MB globals, 8 P
gc 3497 @13.124s 8%: 0.10+0.63+0.077 ms clock, 0.86+0.86/0.77/0+0.61 ms cpu, 3->4->1 MB, 4 MB goal, 0 MB stacks, 0 MB globals, 8 P
gc 3498 @13.126s 8%: 0.12+0.62+0.11 ms clock, 0.98+0.78/0.77/0+0.94 ms cpu, 3->3->1 MB, 4 MB goal, 0 MB stacks, 0 MB globals, 8 P
gc 3499 @13.129s 8%: 0.10+0.66+0.12 ms clock, 0.81+0.87/0.82/0+0.99 ms cpu, 3->3->1 MB, 4 MB goal, 0 MB stacks, 0 MB globals, 8 P
gc 3500 @13.131s 8%: 0.13+1.4+0.10 ms clock, 1.1+0.62/0.88/0+0.86 ms cpu, 3->4->2 MB, 4 MB goal, 0 MB stacks, 0 MB globals, 8 P
gc 3501 @13.134s 8%: 0.10+0.66+0.088 ms clock, 0.83+0.77/0.75/0+0.70 ms cpu, 3->4->1 MB, 4 MB goal, 0 MB stacks, 0 MB globals, 8 P
gc 3502 @13.137s 8%: 0.098+0.74+0.12 ms clock, 0.78+0.66/0.80/0+1.0 ms cpu, 3->3->1 MB, 4 MB goal, 0 MB stacks, 0 MB globals, 8 P
gc 3503 @13.139s 8%: 0.12+0.89+0.089 ms clock, 1.0+0.77/0.75/0+0.71 ms cpu, 3->4->1 MB, 4 MB goal, 0 MB stacks, 0 MB globals, 8 P
gc 3504 @13.142s 8%: 0.15+1.0+0.051 ms clock, 1.2+0.67/0.90/0+0.41 ms cpu, 3->3->1 MB, 4 MB goal, 0 MB stacks, 0 MB globals, 8 P
gc 3505 @13.145s 8%: 0.12+0.61+0.11 ms clock, 1.0+0.85/0.87/0+0.89 ms cpu, 3->3->1 MB, 4 MB goal, 0 MB stacks, 0 MB globals, 8 P
gc 3506 @13.147s 8%: 0.11+0.89+0.061 ms clock, 0.90+0.98/0.76/0+0.48 ms cpu, 3->3->1 MB, 4 MB goal, 0 MB stacks, 0 MB globals, 8 P
gc 3507 @13.150s 8%: 0.12+0.60+0.058 ms clock, 1.0+0.73/0.74/0+0.46 ms cpu, 3->3->1 MB, 4 MB goal, 0 MB stacks, 0 MB globals, 8 P
gc 3508 @13.152s 8%: 0.089+0.69+0.18 ms clock, 0.71+0.63/0.87/0+1.5 ms cpu, 3->3->1 MB, 4 MB goal, 0 MB stacks, 0 MB globals, 8 P
gc 3509 @13.155s 8%: 0.12+0.98+0.078 ms clock, 0.98+0.64/0.68/0+0.62 ms cpu, 3->3->1 MB, 4 MB goal, 0 MB stacks, 0 MB globals, 8 P
gc 3510 @13.158s 8%: 0.11+0.88+0.10 ms clock, 0.94+1.2/0.82/0+0.87 ms cpu, 3->3->1 MB, 4 MB goal, 0 MB stacks, 0 MB globals, 8 P
gc 3511 @13.160s 8%: 0.10+1.0+0.098 ms clock, 0.86+0.71/0.84/0+0.78 ms cpu, 3->4->1 MB, 4 MB goal, 0 MB stacks, 0 MB globals, 8 P
gc 3512 @13.163s 8%: 0.12+0.69+0.097 ms clock, 1.0+0.88/0.83/0+0.77 ms cpu, 3->3->1 MB, 4 MB goal, 0 MB stacks, 0 MB globals, 8 P
gc 3513 @13.165s 8%: 0.11+0.67+0.072 ms clock, 0.94+0.70/0.85/0+0.57 ms cpu, 3->3->1 MB, 4 MB goal, 0 MB stacks, 0 MB globals, 8 P
gc 3514 @13.168s 8%: 0.14+0.49+0.11 ms clock, 1.1+0.85/0.61/0+0.95 ms cpu, 3->3->1 MB, 4 MB goal, 0 MB stacks, 0 MB globals, 8 P
gc 3515 @13.170s 8%: 0.10+1.4+0.088 ms clock, 0.83+0.66/0.91/0+0.70 ms cpu, 3->4->2 MB, 4 MB goal, 0 MB stacks, 0 MB globals, 8 P
gc 3516 @13.174s 8%: 0.095+1.1+0.073 ms clock, 0.76+0.83/0.78/0+0.58 ms cpu, 4->4->2 MB, 4 MB goal, 0 MB stacks, 0 MB globals, 8 P
gc 3517 @13.177s 8%: 0.11+0.81+0.064 ms clock, 0.90+0.91/0.82/0+0.51 ms cpu, 3->4->1 MB, 4 MB goal, 0 MB stacks, 0 MB globals, 8 P
gc 3518 @13.180s 8%: 0.22+0.71+0.12 ms clock, 1.8+0.81/0.74/0+0.99 ms cpu, 3->3->1 MB, 4 MB goal, 0 MB stacks, 0 MB globals, 8 P
gc 3519 @13.182s 8%: 0.084+0.78+0.10 ms clock, 0.67+0.74/0.88/0+0.87 ms cpu, 3->3->1 MB, 4 MB goal, 0 MB stacks, 0 MB globals, 8 P
gc 3520 @13.185s 8%: 0.10+0.90+0.036 ms clock, 0.83+0.69/0.80/0+0.29 ms cpu, 3->3->1 MB, 4 MB goal, 0 MB stacks, 0 MB globals, 8 P
gc 3521 @13.187s 8%: 0.11+0.76+0.075 ms clock, 0.91+0.76/0.89/0+0.60 ms cpu, 3->3->1 MB, 4 MB goal, 0 MB stacks, 0 MB globals, 8 P
gc 3522 @13.190s 8%: 0.12+0.57+0.11 ms clock, 0.98+0.71/0.70/0+0.88 ms cpu, 3->3->1 MB, 4 MB goal, 0 MB stacks, 0 MB globals, 8 P
gc 3523 @13.192s 8%: 0.12+0.67+0.086 ms clock, 0.99+0.59/0.96/0+0.69 ms cpu, 3->3->1 MB, 4 MB goal, 0 MB stacks, 0 MB globals, 8 P
gc 3524 @13.195s 8%: 0.10+0.65+0.072 ms clock, 0.80+0.97/0.87/0+0.57 ms cpu, 3->3->1 MB, 4 MB goal, 0 MB stacks, 0 MB globals, 8 P
gc 3525 @13.197s 8%: 0.11+0.97+0.13 ms clock, 0.94+0.71/0.83/0+1.0 ms cpu, 3->4->1 MB, 4 MB goal, 0 MB stacks, 0 MB globals, 8 P
gc 3526 @13.200s 8%: 0.076+1.4+0.086 ms clock, 0.60+0.87/0.76/0+0.69 ms cpu, 3->4->2 MB, 4 MB goal, 0 MB stacks, 0 MB globals, 8 P
gc 3527 @13.204s 8%: 0.12+1.0+0.093 ms clock, 0.98+1.0/1.3/0+0.74 ms cpu, 3->4->1 MB, 4 MB goal, 0 MB stacks, 0 MB globals, 8 P
gc 3528 @13.206s 8%: 0.12+0.64+0.076 ms clock, 1.0+0.70/0.88/0+0.61 ms cpu, 3->3->1 MB, 4 MB goal, 0 MB stacks, 0 MB globals, 8 P
gc 3529 @13.209s 8%: 0.11+0.61+0.090 ms clock, 0.94+0.88/0.65/0+0.72 ms cpu, 3->3->1 MB, 4 MB goal, 0 MB stacks, 0 MB globals, 8 P
gc 3530 @13.211s 8%: 0.088+0.74+0.10 ms clock, 0.71+0.74/0.75/0+0.85 ms cpu, 3->3->1 MB, 4 MB goal, 0 MB stacks, 0 MB globals, 8 P
gc 3531 @13.214s 8%: 0.091+0.68+0.10 ms clock, 0.73+0.80/0.82/0+0.80 ms cpu, 3->3->1 MB, 4 MB goal, 0 MB stacks, 0 MB globals, 8 P
gc 3532 @13.216s 8%: 0.16+0.69+0.081 ms clock, 1.3+0.70/0.89/0+0.65 ms cpu, 3->3->1 MB, 4 MB goal, 0 MB stacks, 0 MB globals, 8 P
gc 3533 @13.219s 8%: 0.10+0.98+0.11 ms clock, 0.87+0.81/0.85/0+0.90 ms cpu, 3->4->1 MB, 4 MB goal, 0 MB stacks, 0 MB globals, 8 P
gc 3534 @13.222s 8%: 0.11+1.1+0.12 ms clock, 0.91+0.78/0.75/0+1.0 ms cpu, 3->4->1 MB, 4 MB goal, 0 MB stacks, 0 MB globals, 8 P
gc 3535 @13.225s 8%: 0.10+0.58+0.094 ms clock, 0.85+0.81/0.79/0+0.75 ms cpu, 3->4->1 MB, 4 MB goal, 0 MB stacks, 0 MB globals, 8 P
gc 3536 @13.227s 8%: 0.15+0.95+0.072 ms clock, 1.2+0.69/0.78/0+0.58 ms cpu, 3->3->1 MB, 4 MB goal, 0 MB stacks, 0 MB globals, 8 P
gc 3537 @13.230s 8%: 0.098+0.63+0.077 ms clock, 0.78+0.70/0.77/0+0.62 ms cpu, 3->3->1 MB, 4 MB goal, 0 MB stacks, 0 MB globals, 8 P
gc 3538 @13.232s 8%: 0.11+0.60+0.089 ms clock, 0.94+0.58/0.80/0+0.71 ms cpu, 3->3->1 MB, 4 MB goal, 0 MB stacks, 0 MB globals, 8 P
gc 3539 @13.235s 8%: 0.11+0.62+0.12 ms clock, 0.94+0.76/0.90/0+0.97 ms cpu, 3->3->1 MB, 4 MB goal, 0 MB stacks, 0 MB globals, 8 P
gc 3540 @13.237s 8%: 0.11+0.85+0.036 ms clock, 0.89+0.76/0.81/0+0.28 ms cpu, 3->3->1 MB, 4 MB goal, 0 MB stacks, 0 MB globals, 8 P
gc 3541 @13.240s 8%: 0.087+0.60+0.10 ms clock, 0.69+0.69/0.86/0+0.86 ms cpu, 3->3->1 MB, 4 MB goal, 0 MB stacks, 0 MB globals, 8 P
gc 3542 @13.243s 8%: 0.16+0.58+0.11 ms clock, 1.3+0.78/0.73/0+0.94 ms cpu, 3->3->1 MB, 4 MB goal, 0 MB stacks, 0 MB globals, 8 P
gc 3543 @13.245s 8%: 0.10+0.57+0.10 ms clock, 0.82+0.76/0.72/0+0.87 ms cpu, 3->3->1 MB, 4 MB goal, 0 MB stacks, 0 MB globals, 8 P
gc 3544 @13.248s 8%: 0.11+0.84+0.086 ms clock, 0.88+0.60/0.80/0+0.68 ms cpu, 3->3->1 MB, 4 MB goal, 0 MB stacks, 0 MB globals, 8 P
gc 3545 @13.250s 8%: 0.13+0.67+0.097 ms clock, 1.0+0.63/0.76/0+0.78 ms cpu, 3->3->1 MB, 4 MB goal, 0 MB stacks, 0 MB globals, 8 P
gc 3546 @13.253s 8%: 0.097+0.66+0.10 ms clock, 0.78+0.84/0.75/0+0.83 ms cpu, 3->3->1 MB, 4 MB goal, 0 MB stacks, 0 MB globals, 8 P
gc 3547 @13.255s 8%: 0.10+0.68+0.10 ms clock, 0.87+0.84/0.73/0+0.84 ms cpu, 3->3->1 MB, 4 MB goal, 0 MB stacks, 0 MB globals, 8 P
gc 3548 @13.258s 8%: 0.10+0.59+0.15 ms clock, 0.80+0.64/0.83/0+1.2 ms cpu, 3->3->1 MB, 4 MB goal, 0 MB stacks, 0 MB globals, 8 P
gc 3549 @13.260s 8%: 0.093+0.56+0.092 ms clock, 0.74+0.73/0.73/0+0.73 ms cpu, 3->3->1 MB, 4 MB goal, 0 MB stacks, 0 MB globals, 8 P
gc 3550 @13.263s 8%: 0.12+1.0+0.092 ms clock, 1.0+0.69/0.83/0+0.74 ms cpu, 3->4->1 MB, 4 MB goal, 0 MB stacks, 0 MB globals, 8 P
gc 3551 @13.265s 8%: 0.15+0.71+0.12 ms clock, 1.2+0.83/0.80/0+1.0 ms cpu, 3->4->1 MB, 4 MB goal, 0 MB stacks, 0 MB globals, 8 P
gc 3552 @13.268s 8%: 0.084+0.58+0.069 ms clock, 0.67+0.79/0.79/0+0.55 ms cpu, 3->3->1 MB, 4 MB goal, 0 MB stacks, 0 MB globals, 8 P
gc 3553 @13.270s 8%: 0.10+0.98+0.088 ms clock, 0.87+0.64/0.84/0+0.70 ms cpu, 3->3->1 MB, 4 MB goal, 0 MB stacks, 0 MB globals, 8 P
gc 3554 @13.273s 8%: 0.12+0.59+0.11 ms clock, 1.0+0.72/0.76/0+0.92 ms cpu, 3->3->1 MB, 4 MB goal, 0 MB stacks, 0 MB globals, 8 P
gc 3555 @13.276s 8%: 0.11+0.63+0.11 ms clock, 0.94+0.71/0.76/0+0.88 ms cpu, 3->3->1 MB, 4 MB goal, 0 MB stacks, 0 MB globals, 8 P
gc 3556 @13.278s 8%: 0.12+0.67+0.087 ms clock, 0.98+0.76/0.81/0+0.70 ms cpu, 3->3->1 MB, 4 MB goal, 0 MB stacks, 0 MB globals, 8 P
gc 3557 @13.281s 8%: 0.090+0.48+0.098 ms clock, 0.72+0.77/0.61/0+0.78 ms cpu, 3->3->1 MB, 4 MB goal, 0 MB stacks, 0 MB globals, 8 P
gc 3558 @13.283s 8%: 0.093+0.68+0.092 ms clock, 0.75+0.73/0.75/0+0.73 ms cpu, 3->3->1 MB, 4 MB goal, 0 MB stacks, 0 MB globals, 8 P
gc 3559 @13.286s 8%: 0.11+0.54+0.15 ms clock, 0.92+0.76/0.78/0+1.2 ms cpu, 3->3->1 MB, 4 MB goal, 0 MB stacks, 0 MB globals, 8 P
gc 3560 @13.288s 8%: 0.086+1.1+0.091 ms clock, 0.68+1.6/0.75/0+0.73 ms cpu, 3->4->2 MB, 4 MB goal, 0 MB stacks, 0 MB globals, 8 P
gc 3561 @13.291s 8%: 0.067+0.60+0.052 ms clock, 0.53+0.84/0.78/0+0.41 ms cpu, 3->4->1 MB, 4 MB goal, 0 MB stacks, 0 MB globals, 8 P
gc 3562 @13.294s 8%: 0.10+0.64+0.10 ms clock, 0.83+0.55/0.70/0+0.81 ms cpu, 3->3->1 MB, 4 MB goal, 0 MB stacks, 0 MB globals, 8 P
gc 3563 @13.296s 8%: 0.13+0.59+0.10 ms clock, 1.0+0.65/0.71/0+0.85 ms cpu, 3->3->1 MB, 4 MB goal, 0 MB stacks, 0 MB globals, 8 P
gc 3564 @13.299s 8%: 0.14+0.65+0.065 ms clock, 1.1+0.78/0.80/0+0.52 ms cpu, 3->3->1 MB, 4 MB goal, 0 MB stacks, 0 MB globals, 8 P
gc 3565 @13.301s 8%: 0.11+0.54+0.10 ms clock, 0.92+0.73/0.73/0+0.80 ms cpu, 3->3->1 MB, 4 MB goal, 0 MB stacks, 0 MB globals, 8 P
gc 3566 @13.304s 8%: 0.097+0.60+0.084 ms clock, 0.78+0.71/0.73/0+0.67 ms cpu, 3->3->1 MB, 4 MB goal, 0 MB stacks, 0 MB globals, 8 P
gc 3567 @13.306s 8%: 0.12+1.0+0.072 ms clock, 1.0+0.65/0.91/0+0.58 ms cpu, 3->4->1 MB, 4 MB goal, 0 MB stacks, 0 MB globals, 8 P
gc 3568 @13.309s 8%: 0.079+0.53+0.098 ms clock, 0.63+0.79/0.79/0+0.79 ms cpu, 3->4->1 MB, 4 MB goal, 0 MB stacks, 0 MB globals, 8 P
gc 3569 @13.312s 8%: 0.11+0.50+0.081 ms clock, 0.89+0.80/0.72/0+0.64 ms cpu, 3->3->1 MB, 4 MB goal, 0 MB stacks, 0 MB globals, 8 P
gc 3570 @13.314s 8%: 0.10+0.90+0.059 ms clock, 0.83+0.76/0.84/0+0.47 ms cpu, 3->3->1 MB, 4 MB goal, 0 MB stacks, 0 MB globals, 8 P
gc 3571 @13.317s 8%: 0.11+0.79+0.092 ms clock, 0.89+0.78/0.87/0+0.74 ms cpu, 3->4->1 MB, 4 MB goal, 0 MB stacks, 0 MB globals, 8 P
gc 3572 @13.320s 8%: 0.098+0.54+0.075 ms clock, 0.78+0.82/0.72/0+0.60 ms cpu, 3->3->1 MB, 4 MB goal, 0 MB stacks, 0 MB globals, 8 P
gc 3573 @13.322s 8%: 0.12+0.56+0.11 ms clock, 1.0+0.67/0.69/0+0.95 ms cpu, 3->3->1 MB, 4 MB goal, 0 MB stacks, 0 MB globals, 8 P
gc 3574 @13.325s 8%: 0.13+0.57+0.10 ms clock, 1.1+0.65/0.79/0+0.86 ms cpu, 3->3->1 MB, 4 MB goal, 0 MB stacks, 0 MB globals, 8 P
gc 3575 @13.327s 8%: 0.12+0.53+0.098 ms clock, 0.97+0.77/0.71/0+0.78 ms cpu, 3->3->1 MB, 4 MB goal, 0 MB stacks, 0 MB globals, 8 P
gc 3576 @13.330s 8%: 0.092+0.58+0.097 ms clock, 0.74+0.70/0.79/0+0.77 ms cpu, 3->3->1 MB, 4 MB goal, 0 MB stacks, 0 MB globals, 8 P
gc 3577 @13.332s 8%: 0.10+1.1+0.10 ms clock, 0.84+0.74/0.79/0.045+0.84 ms cpu, 3->4->1 MB, 4 MB goal, 0 MB stacks, 0 MB globals, 8 P
gc 3578 @13.335s 8%: 0.092+0.62+0.10 ms clock, 0.73+0.70/0.80/0+0.80 ms cpu, 3->3->1 MB, 4 MB goal, 0 MB stacks, 0 MB globals, 8 P
gc 3579 @13.337s 8%: 0.11+1.2+0.069 ms clock, 0.88+0.85/0.81/0+0.55 ms cpu, 3->4->2 MB, 4 MB goal, 0 MB stacks, 0 MB globals, 8 P
gc 3580 @13.341s 8%: 0.13+0.62+0.062 ms clock, 1.0+0.75/0.81/0+0.50 ms cpu, 3->4->1 MB, 4 MB goal, 0 MB stacks, 0 MB globals, 8 P
gc 3581 @13.343s 8%: 0.086+0.60+0.097 ms clock, 0.69+0.77/0.68/0+0.78 ms cpu, 3->3->1 MB, 4 MB goal, 0 MB stacks, 0 MB globals, 8 P
gc 3582 @13.346s 8%: 0.094+0.66+0.062 ms clock, 0.75+0.69/0.70/0+0.49 ms cpu, 3->3->1 MB, 4 MB goal, 0 MB stacks, 0 MB globals, 8 P
gc 3583 @13.348s 8%: 0.090+0.83+0.092 ms clock, 0.72+0.94/0.72/0+0.74 ms cpu, 3->3->1 MB, 4 MB goal, 0 MB stacks, 0 MB globals, 8 P
gc 3584 @13.351s 8%: 0.11+0.57+0.079 ms clock, 0.94+0.80/0.78/0+0.63 ms cpu, 3->3->1 MB, 4 MB goal, 0 MB stacks, 0 MB globals, 8 P
gc 3585 @13.353s 8%: 0.10+0.91+0.070 ms clock, 0.87+0.74/0.69/0+0.56 ms cpu, 3->4->1 MB, 4 MB goal, 0 MB stacks, 0 MB globals, 8 P
gc 3586 @13.356s 8%: 0.098+0.62+0.10 ms clock, 0.78+0.76/0.85/0+0.85 ms cpu, 3->3->1 MB, 4 MB goal, 0 MB stacks, 0 MB globals, 8 P
gc 3587 @13.359s 8%: 0.084+0.76+0.082 ms clock, 0.67+0.79/0.75/0+0.66 ms cpu, 3->3->1 MB, 4 MB goal, 0 MB stacks, 0 MB globals, 8 P
gc 3588 @13.361s 8%: 0.089+0.69+0.12 ms clock, 0.71+0.72/0.86/0+0.99 ms cpu, 3->3->1 MB, 4 MB goal, 0 MB stacks, 0 MB globals, 8 P
gc 3589 @13.364s 8%: 0.11+0.73+0.069 ms clock, 0.90+0.67/0.64/0+0.55 ms cpu, 3->3->1 MB, 4 MB goal, 0 MB stacks, 0 MB globals, 8 P
gc 3590 @13.366s 8%: 0.10+1.3+0.13 ms clock, 0.83+0.61/0.94/0+1.0 ms cpu, 3->4->2 MB, 4 MB goal, 0 MB stacks, 0 MB globals, 8 P
gc 3591 @13.370s 8%: 0.13+1.2+0.10 ms clock, 1.0+0.64/0.89/0+0.85 ms cpu, 3->4->1 MB, 4 MB goal, 0 MB stacks, 0 MB globals, 8 P
gc 3592 @13.373s 8%: 0.11+0.56+0.043 ms clock, 0.88+0.76/0.78/0+0.35 ms cpu, 3->4->1 MB, 4 MB goal, 0 MB stacks, 0 MB globals, 8 P
gc 3593 @13.375s 8%: 0.089+0.52+0.14 ms clock, 0.71+0.67/0.77/0+1.1 ms cpu, 3->3->1 MB, 4 MB goal, 0 MB stacks, 0 MB globals, 8 P
gc 3594 @13.378s 8%: 0.12+0.68+0.097 ms clock, 0.99+0.72/0.87/0+0.77 ms cpu, 3->3->1 MB, 4 MB goal, 0 MB stacks, 0 MB globals, 8 P
gc 3595 @13.380s 8%: 0.098+0.62+0.061 ms clock, 0.79+0.85/0.77/0+0.48 ms cpu, 3->3->1 MB, 4 MB goal, 0 MB stacks, 0 MB globals, 8 P
gc 3596 @13.383s 8%: 0.14+0.54+0.10 ms clock, 1.1+0.76/0.70/0+0.80 ms cpu, 3->3->1 MB, 4 MB goal, 0 MB stacks, 0 MB globals, 8 P
gc 3597 @13.385s 8%: 0.10+0.55+0.052 ms clock, 0.86+0.85/0.78/0+0.41 ms cpu, 3->3->1 MB, 4 MB goal, 0 MB stacks, 0 MB globals, 8 P
gc 3598 @13.388s 8%: 0.091+0.99+0.095 ms clock, 0.72+0.77/0.83/0+0.76 ms cpu, 3->4->1 MB, 4 MB goal, 0 MB stacks, 0 MB globals, 8 P
gc 3599 @13.390s 8%: 0.11+0.79+0.089 ms clock, 0.91+0.69/0.77/0+0.71 ms cpu, 3->4->1 MB, 4 MB goal, 0 MB stacks, 0 MB globals, 8 P
gc 3600 @13.393s 8%: 0.13+0.62+0.084 ms clock, 1.0+0.75/0.83/0+0.67 ms cpu, 3->3->1 MB, 4 MB goal, 0 MB stacks, 0 MB globals, 8 P
gc 3601 @13.396s 8%: 0.093+0.68+0.085 ms clock, 0.75+0.54/1.0/0+0.68 ms cpu, 3->3->1 MB, 4 MB goal, 0 MB stacks, 0 MB globals, 8 P
gc 3602 @13.398s 8%: 0.17+0.53+0.10 ms clock, 1.3+0.86/0.73/0+0.80 ms cpu, 3->3->1 MB, 4 MB goal, 0 MB stacks, 0 MB globals, 8 P
gc 3603 @13.401s 8%: 0.10+0.91+0.12 ms clock, 0.80+0.64/0.89/0+0.99 ms cpu, 3->3->1 MB, 4 MB goal, 0 MB stacks, 0 MB globals, 8 P
gc 3604 @13.403s 8%: 0.16+1.2+0.10 ms clock, 1.2+1.6/0.85/0+0.80 ms cpu, 3->4->2 MB, 4 MB goal, 0 MB stacks, 0 MB globals, 8 P
gc 3605 @13.406s 8%: 0.19+0.80+0.071 ms clock, 1.5+0.71/0.84/0+0.57 ms cpu, 3->4->1 MB, 4 MB goal, 0 MB stacks, 0 MB globals, 8 P
gc 3606 @13.409s 8%: 0.094+0.68+0.13 ms clock, 0.75+0.83/0.76/0+1.0 ms cpu, 3->3->1 MB, 4 MB goal, 0 MB stacks, 0 MB globals, 8 P
gc 3607 @13.411s 8%: 0.12+0.81+0.084 ms clock, 1.0+0.76/0.73/0+0.67 ms cpu, 3->3->1 MB, 4 MB goal, 0 MB stacks, 0 MB globals, 8 P
gc 3608 @13.414s 8%: 0.099+0.69+0.13 ms clock, 0.79+0.67/0.82/0+1.0 ms cpu, 3->3->1 MB, 4 MB goal, 0 MB stacks, 0 MB globals, 8 P
gc 3609 @13.416s 8%: 0.10+0.69+0.072 ms clock, 0.80+0.90/0.71/0+0.57 ms cpu, 3->3->1 MB, 4 MB goal, 0 MB stacks, 0 MB globals, 8 P
gc 3610 @13.419s 8%: 0.11+1.2+0.14 ms clock, 0.94+0.73/0.84/0+1.1 ms cpu, 3->4->2 MB, 4 MB goal, 0 MB stacks, 0 MB globals, 8 P
gc 3611 @13.422s 8%: 0.20+0.77+0.12 ms clock, 1.6+0.83/0.89/0+0.96 ms cpu, 3->4->1 MB, 4 MB goal, 0 MB stacks, 0 MB globals, 8 P
gc 3612 @13.425s 8%: 0.12+0.60+0.13 ms clock, 1.0+0.74/0.80/0+1.0 ms cpu, 3->3->1 MB, 4 MB goal, 0 MB stacks, 0 MB globals, 8 P
gc 3613 @13.427s 8%: 0.13+1.1+0.055 ms clock, 1.0+0.74/0.82/0+0.44 ms cpu, 3->4->1 MB, 4 MB goal, 0 MB stacks, 0 MB globals, 8 P
gc 3614 @13.430s 8%: 0.16+0.51+0.11 ms clock, 1.3+0.78/0.75/0+0.89 ms cpu, 3->4->1 MB, 4 MB goal, 0 MB stacks, 0 MB globals, 8 P
gc 3615 @13.433s 8%: 0.066+0.75+0.079 ms clock, 0.52+0.82/0.77/0+0.63 ms cpu, 3->3->1 MB, 4 MB goal, 0 MB stacks, 0 MB globals, 8 P
gc 3616 @13.435s 8%: 0.14+0.67+0.090 ms clock, 1.1+1.2/0.83/0+0.72 ms cpu, 3->3->1 MB, 4 MB goal, 0 MB stacks, 0 MB globals, 8 P
gc 3617 @13.438s 8%: 0.087+0.59+0.11 ms clock, 0.69+0.81/0.75/0+0.91 ms cpu, 3->3->1 MB, 4 MB goal, 0 MB stacks, 0 MB globals, 8 P
gc 3618 @13.440s 8%: 0.12+0.65+0.085 ms clock, 1.0+0.76/0.84/0+0.68 ms cpu, 3->3->1 MB, 4 MB goal, 0 MB stacks, 0 MB globals, 8 P
gc 3619 @13.443s 8%: 0.11+0.72+0.10 ms clock, 0.93+0.85/0.85/0+0.86 ms cpu, 3->3->1 MB, 4 MB goal, 0 MB stacks, 0 MB globals, 8 P
gc 3620 @13.445s 8%: 0.11+0.60+0.099 ms clock, 0.93+0.83/0.68/0+0.79 ms cpu, 3->3->1 MB, 4 MB goal, 0 MB stacks, 0 MB globals, 8 P
gc 3621 @13.448s 8%: 0.070+0.57+0.12 ms clock, 0.56+0.87/0.85/0+1.0 ms cpu, 3->3->1 MB, 4 MB goal, 0 MB stacks, 0 MB globals, 8 P
gc 3622 @13.450s 8%: 0.12+0.74+0.092 ms clock, 1.0+0.60/0.76/0+0.74 ms cpu, 3->3->1 MB, 4 MB goal, 0 MB stacks, 0 MB globals, 8 P
gc 3623 @13.453s 8%: 0.084+0.72+0.11 ms clock, 0.67+0.67/0.88/0+0.93 ms cpu, 3->3->1 MB, 4 MB goal, 0 MB stacks, 0 MB globals, 8 P
gc 3624 @13.455s 8%: 0.10+0.63+0.11 ms clock, 0.85+0.75/0.76/0+0.90 ms cpu, 3->3->1 MB, 4 MB goal, 0 MB stacks, 0 MB globals, 8 P
gc 3625 @13.458s 8%: 0.14+0.71+0.13 ms clock, 1.1+0.66/0.93/0+1.0 ms cpu, 3->3->1 MB, 4 MB goal, 0 MB stacks, 0 MB globals, 8 P
gc 3626 @13.460s 8%: 0.12+0.54+0.080 ms clock, 0.99+0.84/0.71/0+0.64 ms cpu, 3->3->1 MB, 4 MB goal, 0 MB stacks, 0 MB globals, 8 P
gc 3627 @13.462s 8%: 0.092+1.3+0.10 ms clock, 0.74+0.87/0.75/0+0.81 ms cpu, 3->4->2 MB, 4 MB goal, 0 MB stacks, 0 MB globals, 8 P
gc 3628 @13.466s 8%: 0.091+0.55+0.099 ms clock, 0.73+0.81/0.70/0+0.79 ms cpu, 3->4->1 MB, 4 MB goal, 0 MB stacks, 0 MB globals, 8 P
gc 3629 @13.468s 8%: 0.099+0.85+0.082 ms clock, 0.79+0.74/0.86/0+0.65 ms cpu, 3->3->1 MB, 4 MB goal, 0 MB stacks, 0 MB globals, 8 P
gc 3630 @13.471s 8%: 0.12+0.55+0.11 ms clock, 0.96+0.84/0.70/0+0.91 ms cpu, 3->3->1 MB, 4 MB goal, 0 MB stacks, 0 MB globals, 8 P
gc 3631 @13.473s 8%: 0.10+0.81+0.068 ms clock, 0.85+0.62/0.82/0+0.54 ms cpu, 3->3->1 MB, 4 MB goal, 0 MB stacks, 0 MB globals, 8 P
gc 3632 @13.476s 8%: 0.11+0.85+0.10 ms clock, 0.92+0.82/0.66/0+0.81 ms cpu, 3->3->1 MB, 4 MB goal, 0 MB stacks, 0 MB globals, 8 P
gc 3633 @13.478s 8%: 0.12+1.0+0.10 ms clock, 0.98+0.71/0.96/0+0.85 ms cpu, 3->4->1 MB, 4 MB goal, 0 MB stacks, 0 MB globals, 8 P
gc 3634 @13.481s 8%: 0.11+1.3+0.085 ms clock, 0.91+0.72/0.79/0+0.68 ms cpu, 3->4->2 MB, 4 MB goal, 0 MB stacks, 0 MB globals, 8 P
gc 3635 @13.485s 8%: 0.12+0.54+0.10 ms clock, 1.0+0.67/0.73/0+0.83 ms cpu, 3->4->1 MB, 4 MB goal, 0 MB stacks, 0 MB globals, 8 P
gc 3636 @13.487s 8%: 0.10+0.51+0.10 ms clock, 0.80+0.79/0.78/0+0.83 ms cpu, 3->3->1 MB, 4 MB goal, 0 MB stacks, 0 MB globals, 8 P
gc 3637 @13.490s 8%: 0.053+0.71+0.11 ms clock, 0.43+0.91/0.84/0+0.95 ms cpu, 3->3->1 MB, 4 MB goal, 0 MB stacks, 0 MB globals, 8 P
gc 3638 @13.492s 8%: 0.11+0.94+0.086 ms clock, 0.90+0.75/0.85/0+0.69 ms cpu, 3->4->1 MB, 4 MB goal, 0 MB stacks, 0 MB globals, 8 P
gc 3639 @13.495s 8%: 0.11+1.6+0.094 ms clock, 0.89+0.71/0.68/0+0.75 ms cpu, 3->4->2 MB, 4 MB goal, 0 MB stacks, 0 MB globals, 8 P
gc 3640 @13.498s 8%: 0.17+0.60+0.12 ms clock, 1.4+0.87/0.75/0+0.96 ms cpu, 3->4->1 MB, 4 MB goal, 0 MB stacks, 0 MB globals, 8 P
gc 3641 @13.501s 8%: 0.095+0.55+0.073 ms clock, 0.76+0.73/0.74/0+0.58 ms cpu, 3->3->1 MB, 4 MB goal, 0 MB stacks, 0 MB globals, 8 P
gc 3642 @13.503s 8%: 0.078+1.1+0.090 ms clock, 0.63+0.85/0.81/0+0.72 ms cpu, 3->4->2 MB, 4 MB goal, 0 MB stacks, 0 MB globals, 8 P
gc 3643 @13.506s 8%: 0.14+1.1+0.076 ms clock, 1.1+0.77/1.0/0+0.61 ms cpu, 3->4->2 MB, 4 MB goal, 0 MB stacks, 0 MB globals, 8 P
gc 3644 @13.509s 8%: 0.15+0.72+0.070 ms clock, 1.2+0.74/0.88/0+0.56 ms cpu, 3->4->1 MB, 4 MB goal, 0 MB stacks, 0 MB globals, 8 P
gc 3645 @13.512s 8%: 0.15+0.83+0.071 ms clock, 1.2+0.56/0.86/0+0.56 ms cpu, 3->3->1 MB, 4 MB goal, 0 MB stacks, 0 MB globals, 8 P
gc 3646 @13.515s 8%: 0.12+0.65+0.074 ms clock, 1.0+0.94/0.65/0+0.59 ms cpu, 3->3->1 MB, 4 MB goal, 0 MB stacks, 0 MB globals, 8 P
gc 3647 @13.517s 8%: 0.069+1.0+0.048 ms clock, 0.55+0.79/0.77/0+0.38 ms cpu, 3->4->2 MB, 4 MB goal, 0 MB stacks, 0 MB globals, 8 P
gc 3648 @13.520s 8%: 0.13+0.61+0.087 ms clock, 1.0+0.75/0.83/0+0.69 ms cpu, 3->4->1 MB, 4 MB goal, 0 MB stacks, 0 MB globals, 8 P
gc 3649 @13.523s 8%: 0.10+0.91+0.078 ms clock, 0.86+0.73/0.82/0+0.62 ms cpu, 3->3->1 MB, 4 MB goal, 0 MB stacks, 0 MB globals, 8 P
gc 3650 @13.525s 8%: 0.13+0.77+0.082 ms clock, 1.0+0.78/0.88/0+0.65 ms cpu, 3->3->1 MB, 4 MB goal, 0 MB stacks, 0 MB globals, 8 P
gc 3651 @13.528s 8%: 0.10+0.66+0.082 ms clock, 0.84+1.0/0.72/0+0.66 ms cpu, 3->3->1 MB, 4 MB goal, 0 MB stacks, 0 MB globals, 8 P
gc 3652 @13.530s 8%: 0.072+0.62+0.10 ms clock, 0.57+0.66/0.82/0+0.80 ms cpu, 3->3->1 MB, 4 MB goal, 0 MB stacks, 0 MB globals, 8 P
gc 3653 @13.533s 8%: 0.094+0.98+0.013 ms clock, 0.75+0.65/0.92/0+0.10 ms cpu, 3->4->1 MB, 4 MB goal, 0 MB stacks, 0 MB globals, 8 P
gc 3654 @13.535s 8%: 0.13+0.59+0.078 ms clock, 1.1+0.85/0.74/0+0.62 ms cpu, 3->3->1 MB, 4 MB goal, 0 MB stacks, 0 MB globals, 8 P
gc 3655 @13.538s 8%: 0.088+0.59+0.11 ms clock, 0.70+0.85/0.71/0+0.92 ms cpu, 3->3->1 MB, 4 MB goal, 0 MB stacks, 0 MB globals, 8 P
gc 3656 @13.540s 8%: 0.13+0.72+0.10 ms clock, 1.0+0.77/0.89/0+0.86 ms cpu, 3->3->1 MB, 4 MB goal, 0 MB stacks, 0 MB globals, 8 P
gc 3657 @13.543s 8%: 0.10+1.1+0.092 ms clock, 0.81+0.75/0.74/0+0.74 ms cpu, 3->4->1 MB, 4 MB goal, 0 MB stacks, 0 MB globals, 8 P
gc 3658 @13.546s 8%: 0.11+0.58+0.072 ms clock, 0.89+0.78/0.84/0+0.57 ms cpu, 3->4->1 MB, 4 MB goal, 0 MB stacks, 0 MB globals, 8 P
gc 3659 @13.548s 8%: 0.10+0.96+0.046 ms clock, 0.86+0.61/0.83/0+0.37 ms cpu, 3->3->1 MB, 4 MB goal, 0 MB stacks, 0 MB globals, 8 P
gc 3660 @13.551s 8%: 0.12+0.60+0.099 ms clock, 0.97+0.73/0.83/0+0.79 ms cpu, 3->3->1 MB, 4 MB goal, 0 MB stacks, 0 MB globals, 8 P
gc 3661 @13.553s 8%: 0.19+0.67+0.10 ms clock, 1.5+0.55/0.80/0+0.81 ms cpu, 3->3->1 MB, 4 MB goal, 0 MB stacks, 0 MB globals, 8 P
gc 3662 @13.556s 8%: 0.16+0.65+0.10 ms clock, 1.2+0.78/0.79/0+0.81 ms cpu, 3->3->1 MB, 4 MB goal, 0 MB stacks, 0 MB globals, 8 P
gc 3663 @13.558s 8%: 0.073+1.0+0.069 ms clock, 0.59+0.86/0.78/0+0.55 ms cpu, 3->4->1 MB, 4 MB goal, 0 MB stacks, 0 MB globals, 8 P
gc 3664 @13.561s 8%: 0.081+0.80+0.094 ms clock, 0.65+0.88/0.73/0+0.75 ms cpu, 3->4->1 MB, 4 MB goal, 0 MB stacks, 0 MB globals, 8 P
gc 3665 @13.564s 8%: 0.10+1.1+0.022 ms clock, 0.85+0.83/0.83/0+0.17 ms cpu, 3->4->1 MB, 4 MB goal, 0 MB stacks, 0 MB globals, 8 P
gc 3666 @13.567s 8%: 0.10+0.62+0.15 ms clock, 0.83+0.68/0.81/0+1.2 ms cpu, 3->4->1 MB, 4 MB goal, 0 MB stacks, 0 MB globals, 8 P
gc 3667 @13.569s 8%: 0.10+0.59+0.098 ms clock, 0.81+0.77/0.81/0+0.78 ms cpu, 3->3->1 MB, 4 MB goal, 0 MB stacks, 0 MB globals, 8 P
gc 3668 @13.572s 8%: 0.095+0.93+0.10 ms clock, 0.76+0.77/0.74/0+0.83 ms cpu, 3->3->1 MB, 4 MB goal, 0 MB stacks, 0 MB globals, 8 P
gc 3669 @13.574s 8%: 0.12+0.62+0.076 ms clock, 0.96+0.88/0.82/0+0.60 ms cpu, 3->3->1 MB, 4 MB goal, 0 MB stacks, 0 MB globals, 8 P
gc 3670 @13.577s 8%: 0.092+0.65+0.12 ms clock, 0.74+0.71/0.81/0+1.0 ms cpu, 3->3->1 MB, 4 MB goal, 0 MB stacks, 0 MB globals, 8 P
gc 3671 @13.579s 8%: 0.10+1.0+0.072 ms clock, 0.84+0.63/0.84/0+0.57 ms cpu, 3->4->1 MB, 4 MB goal, 0 MB stacks, 0 MB globals, 8 P
gc 3672 @13.582s 8%: 0.12+0.59+0.078 ms clock, 0.99+0.66/0.81/0+0.62 ms cpu, 3->3->1 MB, 4 MB goal, 0 MB stacks, 0 MB globals, 8 P
gc 3673 @13.585s 8%: 0.17+0.53+0.14 ms clock, 1.4+0.87/0.66/0+1.1 ms cpu, 3->3->1 MB, 4 MB goal, 0 MB stacks, 0 MB globals, 8 P
gc 3674 @13.587s 8%: 0.14+0.65+0.10 ms clock, 1.1+0.69/0.81/0+0.84 ms cpu, 3->3->1 MB, 4 MB goal, 0 MB stacks, 0 MB globals, 8 P
gc 3675 @13.590s 8%: 0.14+0.59+0.10 ms clock, 1.1+0.80/0.70/0+0.81 ms cpu, 3->3->1 MB, 4 MB goal, 0 MB stacks, 0 MB globals, 8 P
gc 3676 @13.592s 8%: 0.11+0.59+0.082 ms clock, 0.88+0.76/0.81/0+0.65 ms cpu, 3->3->1 MB, 4 MB goal, 0 MB stacks, 0 MB globals, 8 P
gc 3677 @13.594s 8%: 0.10+0.69+0.10 ms clock, 0.86+0.72/0.77/0+0.81 ms cpu, 3->3->1 MB, 4 MB goal, 0 MB stacks, 0 MB globals, 8 P
gc 3678 @13.597s 8%: 0.10+0.48+0.070 ms clock, 0.80+0.80/0.69/0+0.56 ms cpu, 3->3->1 MB, 4 MB goal, 0 MB stacks, 0 MB globals, 8 P
gc 3679 @13.599s 8%: 0.11+0.66+0.11 ms clock, 0.92+0.71/0.88/0+0.93 ms cpu, 3->3->1 MB, 4 MB goal, 0 MB stacks, 0 MB globals, 8 P
gc 3680 @13.602s 8%: 0.12+0.76+0.095 ms clock, 1.0+0.51/0.92/0+0.76 ms cpu, 3->3->1 MB, 4 MB goal, 0 MB stacks, 0 MB globals, 8 P
gc 3681 @13.604s 8%: 0.11+0.64+0.064 ms clock, 0.95+0.74/0.81/0+0.51 ms cpu, 3->3->1 MB, 4 MB goal, 0 MB stacks, 0 MB globals, 8 P
gc 3682 @13.607s 8%: 0.14+1.1+0.056 ms clock, 1.1+0.74/0.86/0+0.45 ms cpu, 3->3->1 MB, 4 MB goal, 0 MB stacks, 0 MB globals, 8 P
gc 3683 @13.610s 8%: 0.17+0.57+0.090 ms clock, 1.3+0.68/0.79/0+0.72 ms cpu, 3->3->1 MB, 4 MB goal, 0 MB stacks, 0 MB globals, 8 P
gc 3684 @13.612s 8%: 0.17+0.63+0.10 ms clock, 1.3+0.76/0.72/0+0.82 ms cpu, 3->3->1 MB, 4 MB goal, 0 MB stacks, 0 MB globals, 8 P
gc 3685 @13.615s 8%: 0.12+0.70+0.12 ms clock, 0.99+0.72/0.82/0+0.99 ms cpu, 3->3->1 MB, 4 MB goal, 0 MB stacks, 0 MB globals, 8 P
gc 3686 @13.617s 8%: 0.14+0.57+0.096 ms clock, 1.1+0.78/0.77/0+0.77 ms cpu, 3->3->1 MB, 4 MB goal, 0 MB stacks, 0 MB globals, 8 P
gc 3687 @13.620s 8%: 0.11+0.80+0.11 ms clock, 0.92+0.85/0.97/0+0.92 ms cpu, 3->3->1 MB, 4 MB goal, 0 MB stacks, 0 MB globals, 8 P
gc 3688 @13.622s 8%: 0.12+0.63+0.049 ms clock, 1.0+0.72/0.91/0+0.39 ms cpu, 3->3->1 MB, 4 MB goal, 0 MB stacks, 0 MB globals, 8 P
gc 3689 @13.625s 8%: 0.085+0.90+0.063 ms clock, 0.68+0.65/0.82/0+0.51 ms cpu, 3->3->1 MB, 4 MB goal, 0 MB stacks, 0 MB globals, 8 P
gc 3690 @13.627s 8%: 0.11+0.58+0.12 ms clock, 0.93+0.93/0.74/0+0.99 ms cpu, 3->3->1 MB, 4 MB goal, 0 MB stacks, 0 MB globals, 8 P
gc 3691 @13.630s 8%: 0.099+0.60+0.070 ms clock, 0.79+0.92/0.66/0+0.56 ms cpu, 3->3->1 MB, 4 MB goal, 0 MB stacks, 0 MB globals, 8 P
gc 3692 @13.632s 8%: 0.088+0.61+0.065 ms clock, 0.70+0.79/0.74/0+0.52 ms cpu, 3->3->1 MB, 4 MB goal, 0 MB stacks, 0 MB globals, 8 P
gc 3693 @13.635s 8%: 0.12+0.84+0.079 ms clock, 1.0+0.66/0.73/0+0.63 ms cpu, 3->3->1 MB, 4 MB goal, 0 MB stacks, 0 MB globals, 8 P
gc 3694 @13.637s 8%: 0.14+0.86+0.093 ms clock, 1.1+0.78/0.68/0+0.75 ms cpu, 3->3->1 MB, 4 MB goal, 0 MB stacks, 0 MB globals, 8 P
gc 3695 @13.640s 8%: 0.11+0.56+0.11 ms clock, 0.93+0.82/0.70/0+0.88 ms cpu, 3->3->1 MB, 4 MB goal, 0 MB stacks, 0 MB globals, 8 P
gc 3696 @13.642s 8%: 0.11+0.58+0.10 ms clock, 0.89+0.74/0.77/0+0.87 ms cpu, 3->3->1 MB, 4 MB goal, 0 MB stacks, 0 MB globals, 8 P
gc 3697 @13.645s 8%: 0.14+0.64+0.095 ms clock, 1.1+0.74/0.80/0+0.76 ms cpu, 3->3->1 MB, 4 MB goal, 0 MB stacks, 0 MB globals, 8 P
gc 3698 @13.647s 8%: 0.093+0.66+0.079 ms clock, 0.74+0.71/0.81/0+0.63 ms cpu, 3->3->1 MB, 4 MB goal, 0 MB stacks, 0 MB globals, 8 P
gc 3699 @13.650s 8%: 0.13+0.53+0.074 ms clock, 1.1+0.71/0.69/0+0.59 ms cpu, 3->3->1 MB, 4 MB goal, 0 MB stacks, 0 MB globals, 8 P
gc 3700 @13.652s 8%: 0.10+0.63+0.073 ms clock, 0.81+0.76/0.84/0+0.58 ms cpu, 3->3->1 MB, 4 MB goal, 0 MB stacks, 0 MB globals, 8 P
gc 3701 @13.655s 8%: 0.10+0.98+0.061 ms clock, 0.80+0.72/0.90/0+0.49 ms cpu, 3->4->1 MB, 4 MB goal, 0 MB stacks, 0 MB globals, 8 P
gc 3702 @13.658s 8%: 0.18+0.64+0.11 ms clock, 1.4+0.76/0.79/0+0.88 ms cpu, 3->4->1 MB, 4 MB goal, 0 MB stacks, 0 MB globals, 8 P
gc 3703 @13.660s 8%: 0.10+0.93+0.17 ms clock, 0.87+0.55/0.90/0+1.3 ms cpu, 3->3->1 MB, 4 MB goal, 0 MB stacks, 0 MB globals, 8 P
gc 3704 @13.663s 8%: 0.10+0.75+0.099 ms clock, 0.85+0.80/0.73/0+0.79 ms cpu, 3->3->1 MB, 4 MB goal, 0 MB stacks, 0 MB globals, 8 P
gc 3705 @13.665s 8%: 0.12+0.47+0.060 ms clock, 0.97+0.79/0.67/0+0.48 ms cpu, 3->3->1 MB, 4 MB goal, 0 MB stacks, 0 MB globals, 8 P
gc 3706 @13.668s 8%: 0.10+0.62+0.11 ms clock, 0.87+0.81/0.88/0+0.91 ms cpu, 3->3->1 MB, 4 MB goal, 0 MB stacks, 0 MB globals, 8 P
gc 3707 @13.670s 8%: 0.13+0.62+0.076 ms clock, 1.0+0.81/0.75/0+0.61 ms cpu, 3->3->1 MB, 4 MB goal, 0 MB stacks, 0 MB globals, 8 P
gc 3708 @13.673s 8%: 0.086+0.64+0.10 ms clock, 0.69+0.77/0.86/0+0.87 ms cpu, 3->3->1 MB, 4 MB goal, 0 MB stacks, 0 MB globals, 8 P
gc 3709 @13.675s 8%: 0.14+0.67+0.085 ms clock, 1.1+0.72/0.75/0+0.68 ms cpu, 3->3->1 MB, 4 MB goal, 0 MB stacks, 0 MB globals, 8 P
gc 3710 @13.678s 8%: 0.083+0.57+0.058 ms clock, 0.66+0.86/0.75/0+0.47 ms cpu, 3->3->1 MB, 4 MB goal, 0 MB stacks, 0 MB globals, 8 P
gc 3711 @13.680s 8%: 0.10+0.54+0.14 ms clock, 0.81+0.79/0.70/0+1.1 ms cpu, 3->3->1 MB, 4 MB goal, 0 MB stacks, 0 MB globals, 8 P
gc 3712 @13.682s 8%: 0.16+0.63+0.10 ms clock, 1.3+0.67/0.84/0+0.83 ms cpu, 3->3->1 MB, 4 MB goal, 0 MB stacks, 0 MB globals, 8 P
gc 3713 @13.685s 8%: 0.097+0.62+0.12 ms clock, 0.78+0.78/0.76/0+1.0 ms cpu, 3->3->1 MB, 4 MB goal, 0 MB stacks, 0 MB globals, 8 P
gc 3714 @13.687s 8%: 0.071+1.0+0.062 ms clock, 0.57+0.77/0.87/0+0.49 ms cpu, 3->3->1 MB, 4 MB goal, 0 MB stacks, 0 MB globals, 8 P
gc 3715 @13.690s 8%: 0.11+1.0+0.16 ms clock, 0.90+0.64/0.79/0+1.3 ms cpu, 3->4->1 MB, 4 MB goal, 0 MB stacks, 0 MB globals, 8 P
gc 3716 @13.693s 8%: 0.075+0.78+0.092 ms clock, 0.60+0.84/0.98/0+0.74 ms cpu, 3->4->1 MB, 4 MB goal, 0 MB stacks, 0 MB globals, 8 P
gc 3717 @13.696s 8%: 0.14+0.97+0.045 ms clock, 1.1+0.93/0.76/0+0.36 ms cpu, 3->4->1 MB, 4 MB goal, 0 MB stacks, 0 MB globals, 8 P
gc 3718 @13.698s 8%: 0.12+0.59+0.10 ms clock, 0.96+0.78/0.88/0+0.82 ms cpu, 3->3->1 MB, 4 MB goal, 0 MB stacks, 0 MB globals, 8 P
gc 3719 @13.701s 8%: 0.089+0.74+0.10 ms clock, 0.71+0.83/0.75/0+0.81 ms cpu, 3->3->1 MB, 4 MB goal, 0 MB stacks, 0 MB globals, 8 P
gc 3720 @13.703s 8%: 0.096+0.80+0.097 ms clock, 0.76+0.82/0.71/0+0.77 ms cpu, 3->3->1 MB, 4 MB goal, 0 MB stacks, 0 MB globals, 8 P
gc 3721 @13.706s 8%: 0.11+0.67+0.049 ms clock, 0.90+0.76/0.77/0+0.39 ms cpu, 3->3->1 MB, 4 MB goal, 0 MB stacks, 0 MB globals, 8 P
gc 3722 @13.709s 8%: 0.10+0.94+0.079 ms clock, 0.87+0.68/0.82/0+0.63 ms cpu, 3->3->1 MB, 4 MB goal, 0 MB stacks, 0 MB globals, 8 P
gc 3723 @13.711s 8%: 0.089+0.98+0.13 ms clock, 0.71+0.80/0.73/0+1.0 ms cpu, 3->4->1 MB, 4 MB goal, 0 MB stacks, 0 MB globals, 8 P
gc 3724 @13.714s 8%: 0.055+0.80+0.088 ms clock, 0.44+0.61/0.83/0+0.70 ms cpu, 3->4->1 MB, 4 MB goal, 0 MB stacks, 0 MB globals, 8 P
gc 3725 @13.716s 8%: 0.073+0.58+0.092 ms clock, 0.58+0.98/0.66/0+0.73 ms cpu, 3->3->1 MB, 4 MB goal, 0 MB stacks, 0 MB globals, 8 P
gc 3726 @13.719s 8%: 0.097+1.0+0.095 ms clock, 0.77+0.71/0.77/0+0.76 ms cpu, 3->3->1 MB, 4 MB goal, 0 MB stacks, 0 MB globals, 8 P
gc 3727 @13.722s 8%: 0.10+0.57+0.11 ms clock, 0.80+0.78/0.83/0+0.94 ms cpu, 3->3->1 MB, 4 MB goal, 0 MB stacks, 0 MB globals, 8 P
gc 3728 @13.724s 8%: 0.13+0.52+0.16 ms clock, 1.1+0.87/0.66/0+1.2 ms cpu, 3->3->1 MB, 4 MB goal, 0 MB stacks, 0 MB globals, 8 P
gc 3729 @13.727s 8%: 0.15+0.74+0.089 ms clock, 1.2+0.74/0.76/0+0.71 ms cpu, 3->3->1 MB, 4 MB goal, 0 MB stacks, 0 MB globals, 8 P
gc 3730 @13.729s 8%: 0.085+0.64+0.11 ms clock, 0.68+0.74/0.87/0+0.89 ms cpu, 3->3->1 MB, 4 MB goal, 0 MB stacks, 0 MB globals, 8 P
gc 3731 @13.732s 8%: 0.15+0.58+0.13 ms clock, 1.2+0.83/0.73/0+1.0 ms cpu, 3->3->1 MB, 4 MB goal, 0 MB stacks, 0 MB globals, 8 P
gc 3732 @13.734s 8%: 0.10+0.88+0.072 ms clock, 0.87+0.74/0.75/0+0.58 ms cpu, 3->3->1 MB, 4 MB goal, 0 MB stacks, 0 MB globals, 8 P
gc 3733 @13.737s 8%: 0.081+0.88+0.046 ms clock, 0.65+0.67/0.75/0+0.37 ms cpu, 3->4->1 MB, 4 MB goal, 0 MB stacks, 0 MB globals, 8 P
gc 3734 @13.740s 8%: 0.13+0.65+0.087 ms clock, 1.0+0.81/0.85/0+0.70 ms cpu, 3->3->1 MB, 4 MB goal, 0 MB stacks, 0 MB globals, 8 P
gc 3735 @13.742s 8%: 0.13+0.53+0.077 ms clock, 1.0+0.72/0.69/0+0.62 ms cpu, 3->3->1 MB, 4 MB goal, 0 MB stacks, 0 MB globals, 8 P
gc 3736 @13.745s 8%: 0.10+1.1+0.12 ms clock, 0.86+0.78/0.79/0+1.0 ms cpu, 3->4->2 MB, 4 MB goal, 0 MB stacks, 0 MB globals, 8 P
gc 3737 @13.748s 8%: 0.15+0.56+0.080 ms clock, 1.2+0.66/0.69/0+0.64 ms cpu, 3->4->1 MB, 4 MB goal, 0 MB stacks, 0 MB globals, 8 P
gc 3738 @13.750s 8%: 0.11+0.60+0.10 ms clock, 0.89+0.73/0.82/0+0.85 ms cpu, 3->3->1 MB, 4 MB goal, 0 MB stacks, 0 MB globals, 8 P
gc 3739 @13.753s 8%: 0.12+0.51+0.096 ms clock, 0.99+0.91/0.67/0+0.76 ms cpu, 3->3->1 MB, 4 MB goal, 0 MB stacks, 0 MB globals, 8 P
gc 3740 @13.755s 8%: 0.087+0.76+0.096 ms clock, 0.70+0.70/0.79/0+0.77 ms cpu, 3->3->1 MB, 4 MB goal, 0 MB stacks, 0 MB globals, 8 P
gc 3741 @13.758s 8%: 0.12+0.51+0.066 ms clock, 0.98+0.70/0.69/0+0.53 ms cpu, 3->3->1 MB, 4 MB goal, 0 MB stacks, 0 MB globals, 8 P
gc 3742 @13.760s 8%: 0.13+1.1+0.062 ms clock, 1.0+0.69/0.85/0+0.49 ms cpu, 3->4->2 MB, 4 MB goal, 0 MB stacks, 0 MB globals, 8 P
gc 3743 @13.763s 8%: 0.10+0.66+0.10 ms clock, 0.86+0.80/0.78/0+0.81 ms cpu, 3->4->1 MB, 4 MB goal, 0 MB stacks, 0 MB globals, 8 P
gc 3744 @13.766s 8%: 0.15+0.52+0.10 ms clock, 1.2+0.71/0.63/0+0.84 ms cpu, 3->3->1 MB, 4 MB goal, 0 MB stacks, 0 MB globals, 8 P
gc 3745 @13.768s 8%: 0.092+0.73+0.093 ms clock, 0.73+0.81/0.69/0+0.74 ms cpu, 3->3->1 MB, 4 MB goal, 0 MB stacks, 0 MB globals, 8 P
gc 3746 @13.771s 8%: 0.091+0.55+0.058 ms clock, 0.73+0.73/0.72/0+0.46 ms cpu, 3->3->1 MB, 4 MB goal, 0 MB stacks, 0 MB globals, 8 P
gc 3747 @13.773s 8%: 0.17+0.55+0.071 ms clock, 1.4+0.68/0.69/0+0.57 ms cpu, 3->3->1 MB, 4 MB goal, 0 MB stacks, 0 MB globals, 8 P
gc 3748 @13.776s 8%: 0.13+0.68+0.081 ms clock, 1.0+0.74/0.85/0+0.65 ms cpu, 3->3->1 MB, 4 MB goal, 0 MB stacks, 0 MB globals, 8 P
gc 3749 @13.778s 8%: 0.14+0.59+0.080 ms clock, 1.1+0.76/0.74/0+0.64 ms cpu, 3->3->1 MB, 4 MB goal, 0 MB stacks, 0 MB globals, 8 P
gc 3750 @13.781s 8%: 0.10+0.58+0.084 ms clock, 0.81+0.76/0.76/0+0.67 ms cpu, 3->3->1 MB, 4 MB goal, 0 MB stacks, 0 MB globals, 8 P
gc 3751 @13.783s 8%: 0.10+0.64+0.089 ms clock, 0.84+0.70/0.86/0+0.71 ms cpu, 3->3->1 MB, 4 MB goal, 0 MB stacks, 0 MB globals, 8 P
gc 3752 @13.786s 8%: 0.061+1.0+0.14 ms clock, 0.48+0.88/0.67/0+1.1 ms cpu, 3->4->1 MB, 4 MB goal, 0 MB stacks, 0 MB globals, 8 P
gc 3753 @13.789s 8%: 0.18+0.68+0.051 ms clock, 1.4+0.96/0.84/0+0.41 ms cpu, 3->4->1 MB, 4 MB goal, 0 MB stacks, 0 MB globals, 8 P
gc 3754 @13.791s 8%: 0.11+0.60+0.087 ms clock, 0.89+0.90/0.68/0+0.69 ms cpu, 3->3->1 MB, 4 MB goal, 0 MB stacks, 0 MB globals, 8 P
gc 3755 @13.794s 8%: 0.10+0.63+0.15 ms clock, 0.84+0.70/0.85/0+1.2 ms cpu, 3->3->1 MB, 4 MB goal, 0 MB stacks, 0 MB globals, 8 P
gc 3756 @13.796s 8%: 0.10+0.65+0.11 ms clock, 0.85+0.77/0.76/0+0.95 ms cpu, 3->3->1 MB, 4 MB goal, 0 MB stacks, 0 MB globals, 8 P
gc 3757 @13.799s 8%: 0.12+0.67+0.086 ms clock, 0.99+0.81/0.76/0+0.69 ms cpu, 3->3->1 MB, 4 MB goal, 0 MB stacks, 0 MB globals, 8 P
gc 3758 @13.801s 8%: 0.12+0.63+0.092 ms clock, 0.96+0.88/0.65/0+0.74 ms cpu, 3->3->1 MB, 4 MB goal, 0 MB stacks, 0 MB globals, 8 P
gc 3759 @13.804s 8%: 0.13+0.51+0.064 ms clock, 1.1+0.72/0.75/0+0.51 ms cpu, 3->3->1 MB, 4 MB goal, 0 MB stacks, 0 MB globals, 8 P
gc 3760 @13.806s 8%: 0.090+0.53+0.093 ms clock, 0.72+0.84/0.77/0+0.75 ms cpu, 3->3->1 MB, 4 MB goal, 0 MB stacks, 0 MB globals, 8 P
gc 3761 @13.809s 8%: 0.14+0.92+0.074 ms clock, 1.1+0.69/0.73/0+0.59 ms cpu, 3->3->1 MB, 4 MB goal, 0 MB stacks, 0 MB globals, 8 P
gc 3762 @13.811s 8%: 0.13+1.0+0.036 ms clock, 1.0+0.64/0.79/0+0.29 ms cpu, 3->4->1 MB, 4 MB goal, 0 MB stacks, 0 MB globals, 8 P
gc 3763 @13.814s 8%: 0.11+0.57+0.13 ms clock, 0.94+0.72/0.71/0+1.0 ms cpu, 3->3->1 MB, 4 MB goal, 0 MB stacks, 0 MB globals, 8 P
gc 3764 @13.817s 8%: 0.10+0.70+0.10 ms clock, 0.87+0.80/0.69/0+0.85 ms cpu, 3->3->1 MB, 4 MB goal, 0 MB stacks, 0 MB globals, 8 P
gc 3765 @13.819s 8%: 0.13+0.64+0.11 ms clock, 1.0+0.64/0.78/0+0.88 ms cpu, 3->3->1 MB, 4 MB goal, 0 MB stacks, 0 MB globals, 8 P
gc 3766 @13.822s 8%: 0.14+0.96+0.094 ms clock, 1.1+0.61/0.74/0+0.75 ms cpu, 3->3->1 MB, 4 MB goal, 0 MB stacks, 0 MB globals, 8 P
gc 3767 @13.824s 8%: 0.085+0.68+0.091 ms clock, 0.68+0.81/0.71/0+0.72 ms cpu, 3->3->1 MB, 4 MB goal, 0 MB stacks, 0 MB globals, 8 P
gc 3768 @13.827s 8%: 0.11+0.60+0.060 ms clock, 0.94+0.77/0.80/0+0.48 ms cpu, 3->3->1 MB, 4 MB goal, 0 MB stacks, 0 MB globals, 8 P
gc 3769 @13.829s 8%: 0.13+0.67+0.056 ms clock, 1.0+0.67/0.82/0+0.45 ms cpu, 3->3->1 MB, 4 MB goal, 0 MB stacks, 0 MB globals, 8 P
gc 3770 @13.832s 8%: 0.20+1.0+0.098 ms clock, 1.6+0.71/0.70/0+0.79 ms cpu, 3->4->1 MB, 4 MB goal, 0 MB stacks, 0 MB globals, 8 P
gc 3771 @13.835s 8%: 0.10+0.62+0.095 ms clock, 0.82+0.76/0.81/0+0.76 ms cpu, 3->4->1 MB, 4 MB goal, 0 MB stacks, 0 MB globals, 8 P
gc 3772 @13.837s 8%: 0.092+0.71+0.11 ms clock, 0.74+0.87/0.93/0+0.88 ms cpu, 3->3->1 MB, 4 MB goal, 0 MB stacks, 0 MB globals, 8 P
gc 3773 @13.840s 8%: 0.16+1.0+0.054 ms clock, 1.3+0.73/0.75/0+0.43 ms cpu, 3->4->1 MB, 4 MB goal, 0 MB stacks, 0 MB globals, 8 P
gc 3774 @13.843s 8%: 0.10+0.60+0.14 ms clock, 0.85+0.72/0.78/0+1.1 ms cpu, 3->3->1 MB, 4 MB goal, 0 MB stacks, 0 MB globals, 8 P
gc 3775 @13.845s 8%: 0.15+0.61+0.087 ms clock, 1.2+0.75/0.69/0+0.69 ms cpu, 3->3->1 MB, 4 MB goal, 0 MB stacks, 0 MB globals, 8 P
gc 3776 @13.847s 8%: 0.10+1.1+0.076 ms clock, 0.82+0.77/0.83/0+0.61 ms cpu, 3->4->1 MB, 4 MB goal, 0 MB stacks, 0 MB globals, 8 P
gc 3777 @13.850s 8%: 0.14+0.70+0.076 ms clock, 1.1+0.90/0.82/0+0.61 ms cpu, 3->3->1 MB, 4 MB goal, 0 MB stacks, 0 MB globals, 8 P
gc 3778 @13.853s 8%: 0.099+1.2+0.088 ms clock, 0.79+0.76/0.95/0+0.70 ms cpu, 3->4->2 MB, 4 MB goal, 0 MB stacks, 0 MB globals, 8 P
gc 3779 @13.856s 8%: 0.12+0.61+0.11 ms clock, 1.0+0.80/0.76/0+0.92 ms cpu, 3->4->1 MB, 4 MB goal, 0 MB stacks, 0 MB globals, 8 P
gc 3780 @13.859s 8%: 0.12+0.52+0.069 ms clock, 0.96+0.74/0.69/0+0.55 ms cpu, 3->3->1 MB, 4 MB goal, 0 MB stacks, 0 MB globals, 8 P
gc 3781 @13.861s 8%: 0.12+1.0+0.10 ms clock, 1.0+0.60/0.78/0+0.80 ms cpu, 3->3->1 MB, 4 MB goal, 0 MB stacks, 0 MB globals, 8 P
gc 3782 @13.864s 8%: 0.098+1.1+0.11 ms clock, 0.78+0.88/0.80/0+0.88 ms cpu, 3->4->1 MB, 4 MB goal, 0 MB stacks, 0 MB globals, 8 P
gc 3783 @13.867s 8%: 0.11+0.70+0.12 ms clock, 0.90+0.86/0.89/0+0.98 ms cpu, 3->4->1 MB, 4 MB goal, 0 MB stacks, 0 MB globals, 8 P
gc 3784 @13.869s 8%: 0.11+0.59+0.066 ms clock, 0.88+0.80/0.67/0+0.52 ms cpu, 3->3->1 MB, 4 MB goal, 0 MB stacks, 0 MB globals, 8 P
gc 3785 @13.872s 8%: 0.14+0.63+0.083 ms clock, 1.1+0.73/0.83/0+0.66 ms cpu, 3->3->1 MB, 4 MB goal, 0 MB stacks, 0 MB globals, 8 P
gc 3786 @13.874s 8%: 0.16+1.2+0.087 ms clock, 1.2+0.83/0.72/0+0.69 ms cpu, 3->4->2 MB, 4 MB goal, 0 MB stacks, 0 MB globals, 8 P
gc 3787 @13.878s 8%: 0.13+0.93+0.11 ms clock, 1.0+0.80/0.81/0+0.90 ms cpu, 3->4->1 MB, 4 MB goal, 0 MB stacks, 0 MB globals, 8 P
gc 3788 @13.880s 8%: 0.098+0.63+0.086 ms clock, 0.78+0.75/0.82/0+0.69 ms cpu, 3->3->1 MB, 4 MB goal, 0 MB stacks, 0 MB globals, 8 P
gc 3789 @13.883s 8%: 0.090+0.98+0.11 ms clock, 0.72+0.60/0.81/0+0.90 ms cpu, 3->3->1 MB, 4 MB goal, 0 MB stacks, 0 MB globals, 8 P
gc 3790 @13.886s 8%: 0.12+0.46+0.056 ms clock, 0.98+0.73/0.73/0+0.45 ms cpu, 3->3->1 MB, 4 MB goal, 0 MB stacks, 0 MB globals, 8 P
gc 3791 @13.888s 8%: 0.15+0.93+0.099 ms clock, 1.2+0.86/0.70/0+0.79 ms cpu, 3->4->1 MB, 4 MB goal, 0 MB stacks, 0 MB globals, 8 P
gc 3792 @13.891s 8%: 0.10+0.52+0.080 ms clock, 0.80+0.75/0.72/0+0.64 ms cpu, 3->3->1 MB, 4 MB goal, 0 MB stacks, 0 MB globals, 8 P
gc 3793 @13.893s 8%: 0.13+0.62+0.12 ms clock, 1.0+0.72/0.80/0+1.0 ms cpu, 3->3->1 MB, 4 MB goal, 0 MB stacks, 0 MB globals, 8 P
gc 3794 @13.896s 8%: 0.12+0.53+0.090 ms clock, 0.96+0.77/0.80/0+0.72 ms cpu, 3->3->1 MB, 4 MB goal, 0 MB stacks, 0 MB globals, 8 P
gc 3795 @13.898s 8%: 0.098+0.95+0.092 ms clock, 0.79+0.73/0.85/0+0.73 ms cpu, 3->3->1 MB, 4 MB goal, 0 MB stacks, 0 MB globals, 8 P
gc 3796 @13.901s 8%: 0.14+0.55+0.058 ms clock, 1.1+0.80/0.71/0+0.46 ms cpu, 3->3->1 MB, 4 MB goal, 0 MB stacks, 0 MB globals, 8 P
gc 3797 @13.904s 8%: 0.15+0.84+0.060 ms clock, 1.2+0.81/0.81/0+0.48 ms cpu, 3->3->1 MB, 4 MB goal, 0 MB stacks, 0 MB globals, 8 P
gc 3798 @13.906s 8%: 0.14+0.69+0.10 ms clock, 1.1+0.75/0.89/0+0.80 ms cpu, 3->3->1 MB, 4 MB goal, 0 MB stacks, 0 MB globals, 8 P
gc 3799 @13.909s 8%: 0.12+0.94+0.069 ms clock, 0.99+0.56/0.84/0+0.55 ms cpu, 3->3->1 MB, 4 MB goal, 0 MB stacks, 0 MB globals, 8 P
gc 3800 @13.912s 8%: 0.10+0.65+0.10 ms clock, 0.86+0.75/0.82/0+0.81 ms cpu, 3->3->1 MB, 4 MB goal, 0 MB stacks, 0 MB globals, 8 P
gc 3801 @13.914s 8%: 0.11+0.80+0.10 ms clock, 0.95+0.67/0.72/0+0.87 ms cpu, 3->3->1 MB, 4 MB goal, 0 MB stacks, 0 MB globals, 8 P
gc 3802 @13.917s 8%: 0.15+0.76+0.086 ms clock, 1.2+0.69/0.81/0+0.69 ms cpu, 3->3->1 MB, 4 MB goal, 0 MB stacks, 0 MB globals, 8 P
gc 3803 @13.919s 8%: 0.11+0.67+0.072 ms clock, 0.88+0.66/0.83/0+0.58 ms cpu, 3->3->1 MB, 4 MB goal, 0 MB stacks, 0 MB globals, 8 P
gc 3804 @13.922s 8%: 0.11+0.57+0.11 ms clock, 0.88+0.83/0.73/0+0.88 ms cpu, 3->3->1 MB, 4 MB goal, 0 MB stacks, 0 MB globals, 8 P
gc 3805 @13.924s 8%: 0.11+0.54+0.081 ms clock, 0.88+0.71/0.71/0+0.65 ms cpu, 3->3->1 MB, 4 MB goal, 0 MB stacks, 0 MB globals, 8 P
gc 3806 @13.927s 8%: 0.11+0.78+0.10 ms clock, 0.90+0.75/0.76/0+0.87 ms cpu, 3->3->1 MB, 4 MB goal, 0 MB stacks, 0 MB globals, 8 P
gc 3807 @13.929s 8%: 0.13+0.85+0.094 ms clock, 1.0+0.63/0.75/0+0.75 ms cpu, 3->3->1 MB, 4 MB goal, 0 MB stacks, 0 MB globals, 8 P
gc 3808 @13.932s 8%: 0.11+0.65+0.068 ms clock, 0.92+0.86/0.71/0+0.54 ms cpu, 3->3->1 MB, 4 MB goal, 0 MB stacks, 0 MB globals, 8 P
gc 3809 @13.935s 8%: 0.10+0.95+0.10 ms clock, 0.86+0.80/0.85/0+0.87 ms cpu, 3->3->1 MB, 4 MB goal, 0 MB stacks, 0 MB globals, 8 P
gc 3810 @13.937s 8%: 0.10+0.67+0.12 ms clock, 0.84+0.76/0.83/0+1.0 ms cpu, 3->3->1 MB, 4 MB goal, 0 MB stacks, 0 MB globals, 8 P
gc 3811 @13.940s 8%: 0.18+0.58+0.061 ms clock, 1.4+0.60/0.79/0+0.49 ms cpu, 3->3->1 MB, 4 MB goal, 0 MB stacks, 0 MB globals, 8 P
gc 3812 @13.942s 8%: 0.10+0.90+0.089 ms clock, 0.82+0.82/0.76/0+0.71 ms cpu, 3->4->1 MB, 4 MB goal, 0 MB stacks, 0 MB globals, 8 P
gc 3813 @13.945s 8%: 0.10+0.60+0.13 ms clock, 0.82+0.71/0.81/0+1.0 ms cpu, 3->3->1 MB, 4 MB goal, 0 MB stacks, 0 MB globals, 8 P
gc 3814 @13.947s 8%: 0.13+0.64+0.079 ms clock, 1.0+0.67/0.86/0+0.63 ms cpu, 3->3->1 MB, 4 MB goal, 0 MB stacks, 0 MB globals, 8 P
gc 3815 @13.950s 8%: 0.091+0.81+0.071 ms clock, 0.73+0.81/0.80/0+0.57 ms cpu, 3->3->1 MB, 4 MB goal, 0 MB stacks, 0 MB globals, 8 P
gc 3816 @13.952s 8%: 0.13+0.91+0.078 ms clock, 1.0+0.80/0.71/0+0.62 ms cpu, 3->3->1 MB, 4 MB goal, 0 MB stacks, 0 MB globals, 8 P
gc 3817 @13.955s 8%: 0.13+0.97+0.10 ms clock, 1.1+0.90/0.73/0+0.85 ms cpu, 3->4->1 MB, 4 MB goal, 0 MB stacks, 0 MB globals, 8 P
gc 3818 @13.958s 8%: 0.095+0.64+0.11 ms clock, 0.76+0.86/0.78/0+0.93 ms cpu, 3->3->1 MB, 4 MB goal, 0 MB stacks, 0 MB globals, 8 P
gc 3819 @13.960s 8%: 0.11+0.66+0.043 ms clock, 0.94+0.74/0.82/0+0.34 ms cpu, 3->3->1 MB, 4 MB goal, 0 MB stacks, 0 MB globals, 8 P
gc 3820 @13.963s 8%: 0.078+0.58+0.051 ms clock, 0.62+0.78/0.71/0+0.41 ms cpu, 3->3->1 MB, 4 MB goal, 0 MB stacks, 0 MB globals, 8 P
gc 3821 @13.965s 8%: 0.18+0.63+0.10 ms clock, 1.4+0.75/0.70/0+0.82 ms cpu, 3->3->1 MB, 4 MB goal, 0 MB stacks, 0 MB globals, 8 P
gc 3822 @13.968s 8%: 0.12+0.77+0.069 ms clock, 1.0+0.72/0.78/0+0.55 ms cpu, 3->3->1 MB, 4 MB goal, 0 MB stacks, 0 MB globals, 8 P
gc 3823 @13.970s 8%: 0.089+0.58+0.057 ms clock, 0.71+0.81/0.75/0+0.46 ms cpu, 3->3->1 MB, 4 MB goal, 0 MB stacks, 0 MB globals, 8 P
gc 3824 @13.973s 8%: 0.092+0.63+0.11 ms clock, 0.73+0.69/0.78/0+0.90 ms cpu, 3->3->1 MB, 4 MB goal, 0 MB stacks, 0 MB globals, 8 P
gc 3825 @13.975s 8%: 0.085+0.64+0.14 ms clock, 0.68+0.78/0.84/0+1.1 ms cpu, 3->3->1 MB, 4 MB goal, 0 MB stacks, 0 MB globals, 8 P
gc 3826 @13.978s 8%: 0.090+1.1+0.097 ms clock, 0.72+0.85/0.74/0+0.77 ms cpu, 3->4->2 MB, 4 MB goal, 0 MB stacks, 0 MB globals, 8 P
gc 3827 @13.981s 8%: 0.083+0.99+0.053 ms clock, 0.66+0.76/0.79/0+0.42 ms cpu, 3->4->1 MB, 4 MB goal, 0 MB stacks, 0 MB globals, 8 P
gc 3828 @13.984s 8%: 0.12+0.60+0.061 ms clock, 0.97+0.79/0.83/0+0.49 ms cpu, 3->3->1 MB, 4 MB goal, 0 MB stacks, 0 MB globals, 8 P
gc 3829 @13.986s 8%: 0.091+0.60+0.082 ms clock, 0.73+0.70/0.76/0+0.66 ms cpu, 3->3->1 MB, 4 MB goal, 0 MB stacks, 0 MB globals, 8 P
gc 3830 @13.989s 8%: 0.13+0.71+0.078 ms clock, 1.0+0.74/0.81/0+0.62 ms cpu, 3->3->1 MB, 4 MB goal, 0 MB stacks, 0 MB globals, 8 P
gc 3831 @13.991s 8%: 0.15+0.69+0.052 ms clock, 1.2+0.73/0.86/0+0.41 ms cpu, 3->3->1 MB, 4 MB goal, 0 MB stacks, 0 MB globals, 8 P
gc 3832 @13.994s 8%: 0.057+0.59+0.070 ms clock, 0.45+0.74/0.80/0+0.56 ms cpu, 3->3->1 MB, 4 MB goal, 0 MB stacks, 0 MB globals, 8 P
gc 3833 @13.996s 8%: 0.13+0.62+0.062 ms clock, 1.0+0.66/0.88/0+0.50 ms cpu, 3->3->1 MB, 4 MB goal, 0 MB stacks, 0 MB globals, 8 P
gc 3834 @13.999s 8%: 0.13+0.51+0.10 ms clock, 1.0+0.83/0.74/0+0.84 ms cpu, 3->3->1 MB, 4 MB goal, 0 MB stacks, 0 MB globals, 8 P
gc 3835 @14.001s 8%: 0.096+1.0+0.075 ms clock, 0.77+1.2/0.85/0+0.60 ms cpu, 3->4->1 MB, 4 MB goal, 0 MB stacks, 0 MB globals, 8 P
gc 3836 @14.004s 8%: 0.12+0.54+0.061 ms clock, 1.0+0.73/0.78/0+0.49 ms cpu, 3->3->1 MB, 4 MB goal, 0 MB stacks, 0 MB globals, 8 P
gc 3837 @14.007s 8%: 0.077+0.74+0.10 ms clock, 0.61+0.83/0.74/0+0.81 ms cpu, 3->3->1 MB, 4 MB goal, 0 MB stacks, 0 MB globals, 8 P
gc 3838 @14.009s 8%: 0.081+0.87+0.081 ms clock, 0.65+0.77/0.83/0+0.64 ms cpu, 3->3->1 MB, 4 MB goal, 0 MB stacks, 0 MB globals, 8 P
gc 3839 @14.012s 8%: 0.14+0.56+0.10 ms clock, 1.1+0.79/0.77/0+0.81 ms cpu, 3->3->1 MB, 4 MB goal, 0 MB stacks, 0 MB globals, 8 P
gc 3840 @14.014s 8%: 0.067+0.65+0.11 ms clock, 0.53+0.78/0.82/0+0.92 ms cpu, 3->3->1 MB, 4 MB goal, 0 MB stacks, 0 MB globals, 8 P
gc 3841 @14.017s 8%: 0.16+0.70+0.12 ms clock, 1.3+0.80/0.77/0+1.0 ms cpu, 3->3->1 MB, 4 MB goal, 0 MB stacks, 0 MB globals, 8 P
gc 3842 @14.019s 8%: 0.085+0.78+0.087 ms clock, 0.68+0.93/0.72/0+0.70 ms cpu, 3->3->1 MB, 4 MB goal, 0 MB stacks, 0 MB globals, 8 P
gc 3843 @14.022s 8%: 0.096+2.1+0.12 ms clock, 0.77+0.72/0.79/0+0.96 ms cpu, 3->4->2 MB, 4 MB goal, 0 MB stacks, 0 MB globals, 8 P
gc 3844 @14.025s 8%: 0.093+0.68+0.12 ms clock, 0.74+0.88/0.78/0+0.98 ms cpu, 3->4->1 MB, 4 MB goal, 0 MB stacks, 0 MB globals, 8 P
gc 3845 @14.027s 8%: 0.074+0.63+0.056 ms clock, 0.59+0.80/0.72/0+0.45 ms cpu, 3->3->1 MB, 4 MB goal, 0 MB stacks, 0 MB globals, 8 P
gc 3846 @14.030s 8%: 0.075+1.0+0.086 ms clock, 0.60+0.81/0.68/0+0.69 ms cpu, 3->4->2 MB, 4 MB goal, 0 MB stacks, 0 MB globals, 8 P
gc 3847 @14.033s 8%: 0.19+1.0+0.060 ms clock, 1.5+0.73/0.82/0+0.48 ms cpu, 3->4->1 MB, 4 MB goal, 0 MB stacks, 0 MB globals, 8 P
gc 3848 @14.036s 8%: 0.083+0.61+0.084 ms clock, 0.66+0.78/0.85/0+0.67 ms cpu, 3->4->1 MB, 4 MB goal, 0 MB stacks, 0 MB globals, 8 P
gc 3849 @14.038s 8%: 0.11+0.99+0.028 ms clock, 0.94+0.58/0.85/0+0.22 ms cpu, 3->3->1 MB, 4 MB goal, 0 MB stacks, 0 MB globals, 8 P
gc 3850 @14.041s 8%: 0.12+0.58+0.097 ms clock, 0.97+0.68/0.78/0+0.77 ms cpu, 3->3->1 MB, 4 MB goal, 0 MB stacks, 0 MB globals, 8 P
gc 3851 @14.043s 8%: 0.085+0.76+0.12 ms clock, 0.68+0.41/0.80/0+0.97 ms cpu, 3->3->1 MB, 4 MB goal, 0 MB stacks, 0 MB globals, 8 P
gc 3852 @14.046s 8%: 0.15+0.77+0.073 ms clock, 1.2+0.73/0.72/0+0.58 ms cpu, 3->3->1 MB, 4 MB goal, 0 MB stacks, 0 MB globals, 8 P
gc 3853 @14.048s 8%: 0.15+0.62+0.092 ms clock, 1.2+0.59/0.80/0+0.73 ms cpu, 3->3->1 MB, 4 MB goal, 0 MB stacks, 0 MB globals, 8 P
gc 3854 @14.051s 8%: 0.12+0.72+0.098 ms clock, 1.0+0.78/0.68/0+0.78 ms cpu, 3->3->1 MB, 4 MB goal, 0 MB stacks, 0 MB globals, 8 P
gc 3855 @14.053s 8%: 0.10+0.58+0.060 ms clock, 0.84+0.71/0.88/0+0.48 ms cpu, 3->3->1 MB, 4 MB goal, 0 MB stacks, 0 MB globals, 8 P
gc 3856 @14.056s 8%: 0.15+0.53+0.058 ms clock, 1.2+0.70/0.75/0+0.47 ms cpu, 3->3->1 MB, 4 MB goal, 0 MB stacks, 0 MB globals, 8 P
gc 3857 @14.058s 8%: 0.087+0.52+0.11 ms clock, 0.70+0.82/0.73/0+0.89 ms cpu, 3->3->1 MB, 4 MB goal, 0 MB stacks, 0 MB globals, 8 P
gc 3858 @14.061s 8%: 0.16+1.0+0.069 ms clock, 1.3+0.58/0.81/0+0.55 ms cpu, 3->3->1 MB, 4 MB goal, 0 MB stacks, 0 MB globals, 8 P
gc 3859 @14.063s 8%: 0.090+0.67+0.076 ms clock, 0.72+0.78/0.78/0+0.60 ms cpu, 3->3->1 MB, 4 MB goal, 0 MB stacks, 0 MB globals, 8 P
gc 3860 @14.066s 8%: 0.083+1.0+0.10 ms clock, 0.66+0.88/0.71/0+0.81 ms cpu, 3->4->1 MB, 4 MB goal, 0 MB stacks, 0 MB globals, 8 P
gc 3861 @14.069s 8%: 0.12+0.75+0.092 ms clock, 1.0+0.87/0.74/0+0.74 ms cpu, 3->4->1 MB, 4 MB goal, 0 MB stacks, 0 MB globals, 8 P
gc 3862 @14.071s 8%: 0.095+0.57+0.13 ms clock, 0.76+0.66/0.69/0+1.1 ms cpu, 3->3->1 MB, 4 MB goal, 0 MB stacks, 0 MB globals, 8 P
gc 3863 @14.074s 8%: 0.095+0.63+0.076 ms clock, 0.76+0.82/0.81/0+0.61 ms cpu, 3->3->1 MB, 4 MB goal, 0 MB stacks, 0 MB globals, 8 P
gc 3864 @14.076s 8%: 0.12+0.71+0.088 ms clock, 1.0+0.77/0.74/0+0.70 ms cpu, 3->3->1 MB, 4 MB goal, 0 MB stacks, 0 MB globals, 8 P
gc 3865 @14.079s 8%: 0.087+1.2+0.11 ms clock, 0.70+1.3/0.78/0+0.95 ms cpu, 3->4->2 MB, 4 MB goal, 0 MB stacks, 0 MB globals, 8 P
gc 3866 @14.082s 8%: 0.10+0.58+0.13 ms clock, 0.84+0.81/0.74/0+1.0 ms cpu, 3->4->1 MB, 4 MB goal, 0 MB stacks, 0 MB globals, 8 P
gc 3867 @14.084s 8%: 0.11+0.55+0.079 ms clock, 0.91+0.86/0.68/0+0.63 ms cpu, 3->3->1 MB, 4 MB goal, 0 MB stacks, 0 MB globals, 8 P
gc 3868 @14.087s 8%: 0.13+0.79+0.085 ms clock, 1.0+0.76/0.87/0+0.68 ms cpu, 3->3->1 MB, 4 MB goal, 0 MB stacks, 0 MB globals, 8 P
gc 3869 @14.090s 8%: 0.13+0.63+0.063 ms clock, 1.0+0.76/0.85/0+0.51 ms cpu, 3->3->1 MB, 4 MB goal, 0 MB stacks, 0 MB globals, 8 P
gc 3870 @14.092s 8%: 0.13+1.0+0.11 ms clock, 1.0+0.62/0.81/0+0.94 ms cpu, 3->4->1 MB, 4 MB goal, 0 MB stacks, 0 MB globals, 8 P
gc 3871 @14.095s 8%: 0.13+0.62+0.13 ms clock, 1.0+0.82/0.77/0+1.0 ms cpu, 3->4->1 MB, 4 MB goal, 0 MB stacks, 0 MB globals, 8 P
gc 3872 @14.098s 8%: 0.12+0.66+0.10 ms clock, 0.96+0.74/0.94/0+0.85 ms cpu, 3->3->1 MB, 4 MB goal, 0 MB stacks, 0 MB globals, 8 P
gc 3873 @14.100s 8%: 0.087+0.59+0.11 ms clock, 0.70+0.85/0.73/0+0.94 ms cpu, 3->3->1 MB, 4 MB goal, 0 MB stacks, 0 MB globals, 8 P
gc 3874 @14.103s 8%: 0.11+0.62+0.12 ms clock, 0.88+0.77/0.73/0+0.99 ms cpu, 3->3->1 MB, 4 MB goal, 0 MB stacks, 0 MB globals, 8 P
gc 3875 @14.105s 8%: 0.11+0.62+0.072 ms clock, 0.92+0.78/0.84/0+0.58 ms cpu, 3->3->1 MB, 4 MB goal, 0 MB stacks, 0 MB globals, 8 P
gc 3876 @14.108s 8%: 0.12+0.51+0.089 ms clock, 1.0+1.0/0.71/0+0.71 ms cpu, 3->3->1 MB, 4 MB goal, 0 MB stacks, 0 MB globals, 8 P
gc 3877 @14.110s 8%: 0.10+0.63+0.090 ms clock, 0.82+0.74/0.81/0+0.72 ms cpu, 3->3->1 MB, 4 MB goal, 0 MB stacks, 0 MB globals, 8 P
gc 3878 @14.112s 8%: 0.082+0.85+0.058 ms clock, 0.66+0.90/0.73/0+0.47 ms cpu, 3->3->1 MB, 4 MB goal, 0 MB stacks, 0 MB globals, 8 P
gc 3879 @14.115s 8%: 0.12+0.55+0.13 ms clock, 1.0+0.73/0.78/0+1.1 ms cpu, 3->3->1 MB, 4 MB goal, 0 MB stacks, 0 MB globals, 8 P
gc 3880 @14.118s 8%: 0.10+0.74+0.067 ms clock, 0.84+0.78/0.69/0+0.54 ms cpu, 3->3->1 MB, 4 MB goal, 0 MB stacks, 0 MB globals, 8 P
gc 3881 @14.120s 8%: 0.15+0.58+0.074 ms clock, 1.2+0.72/0.83/0+0.59 ms cpu, 3->3->1 MB, 4 MB goal, 0 MB stacks, 0 MB globals, 8 P
gc 3882 @14.122s 8%: 0.18+0.94+0.12 ms clock, 1.5+0.65/0.90/0+1.0 ms cpu, 3->4->1 MB, 4 MB goal, 0 MB stacks, 0 MB globals, 8 P
gc 3883 @14.125s 8%: 0.10+0.70+0.10 ms clock, 0.86+0.76/0.74/0+0.82 ms cpu, 3->4->1 MB, 4 MB goal, 0 MB stacks, 0 MB globals, 8 P
gc 3884 @14.128s 8%: 0.12+0.59+0.067 ms clock, 1.0+0.79/0.80/0+0.54 ms cpu, 3->3->1 MB, 4 MB goal, 0 MB stacks, 0 MB globals, 8 P
gc 3885 @14.131s 8%: 0.15+0.59+0.12 ms clock, 1.2+0.80/0.72/0+0.96 ms cpu, 3->3->1 MB, 4 MB goal, 0 MB stacks, 0 MB globals, 8 P
gc 3886 @14.133s 8%: 0.090+0.95+0.080 ms clock, 0.72+0.75/0.75/0+0.64 ms cpu, 3->3->1 MB, 4 MB goal, 0 MB stacks, 0 MB globals, 8 P
gc 3887 @14.136s 8%: 0.12+0.85+0.063 ms clock, 0.99+0.74/0.77/0+0.50 ms cpu, 3->4->1 MB, 4 MB goal, 0 MB stacks, 0 MB globals, 8 P
gc 3888 @14.138s 8%: 0.16+0.54+0.077 ms clock, 1.3+0.75/0.71/0+0.62 ms cpu, 3->3->1 MB, 4 MB goal, 0 MB stacks, 0 MB globals, 8 P
gc 3889 @14.141s 8%: 0.12+1.0+0.059 ms clock, 0.98+0.76/0.75/0+0.47 ms cpu, 3->3->1 MB, 4 MB goal, 0 MB stacks, 0 MB globals, 8 P
gc 3890 @14.143s 8%: 0.10+1.0+0.041 ms clock, 0.84+1.2/0.90/0+0.32 ms cpu, 3->4->1 MB, 4 MB goal, 0 MB stacks, 0 MB globals, 8 P
gc 3891 @14.146s 8%: 0.093+0.76+0.10 ms clock, 0.74+0.71/0.84/0+0.87 ms cpu, 3->4->1 MB, 4 MB goal, 0 MB stacks, 0 MB globals, 8 P
gc 3892 @14.149s 8%: 0.10+0.68+0.091 ms clock, 0.86+0.76/0.82/0+0.72 ms cpu, 3->3->1 MB, 4 MB goal, 0 MB stacks, 0 MB globals, 8 P
gc 3893 @14.151s 8%: 0.11+0.74+0.10 ms clock, 0.90+0.82/0.80/0+0.80 ms cpu, 3->3->1 MB, 4 MB goal, 0 MB stacks, 0 MB globals, 8 P
gc 3894 @14.154s 8%: 0.10+0.51+0.080 ms clock, 0.85+0.66/0.74/0+0.64 ms cpu, 3->3->1 MB, 4 MB goal, 0 MB stacks, 0 MB globals, 8 P
gc 3895 @14.156s 8%: 0.17+0.57+0.071 ms clock, 1.4+0.75/0.68/0+0.56 ms cpu, 3->3->1 MB, 4 MB goal, 0 MB stacks, 0 MB globals, 8 P
gc 3896 @14.159s 8%: 0.14+0.58+0.080 ms clock, 1.1+0.78/0.77/0+0.64 ms cpu, 3->3->1 MB, 4 MB goal, 0 MB stacks, 0 MB globals, 8 P
gc 3897 @14.161s 8%: 0.098+0.66+0.059 ms clock, 0.78+0.79/0.83/0+0.47 ms cpu, 3->3->1 MB, 4 MB goal, 0 MB stacks, 0 MB globals, 8 P
gc 3898 @14.164s 8%: 0.11+0.72+0.089 ms clock, 0.92+1.0/0.82/0+0.71 ms cpu, 3->3->1 MB, 4 MB goal, 0 MB stacks, 0 MB globals, 8 P
gc 3899 @14.166s 8%: 0.10+0.67+0.13 ms clock, 0.86+0.74/0.74/0+1.0 ms cpu, 3->3->1 MB, 4 MB goal, 0 MB stacks, 0 MB globals, 8 P
gc 3900 @14.169s 8%: 0.12+0.61+0.10 ms clock, 0.97+0.72/0.79/0+0.81 ms cpu, 3->3->1 MB, 4 MB goal, 0 MB stacks, 0 MB globals, 8 P
gc 3901 @14.171s 8%: 0.12+0.51+0.075 ms clock, 0.98+0.73/0.76/0+0.60 ms cpu, 3->3->1 MB, 4 MB goal, 0 MB stacks, 0 MB globals, 8 P
gc 3902 @14.174s 8%: 0.095+0.66+0.097 ms clock, 0.76+0.70/0.81/0+0.77 ms cpu, 3->3->1 MB, 4 MB goal, 0 MB stacks, 0 MB globals, 8 P
gc 3903 @14.176s 8%: 0.10+0.57+0.095 ms clock, 0.86+0.84/0.69/0+0.76 ms cpu, 3->3->1 MB, 4 MB goal, 0 MB stacks, 0 MB globals, 8 P
gc 3904 @14.178s 8%: 0.15+0.71+0.14 ms clock, 1.2+0.39/0.92/0+1.1 ms cpu, 3->3->1 MB, 4 MB goal, 0 MB stacks, 0 MB globals, 8 P
gc 3905 @14.181s 8%: 0.094+1.0+0.092 ms clock, 0.75+0.69/0.73/0+0.74 ms cpu, 3->3->1 MB, 4 MB goal, 0 MB stacks, 0 MB globals, 8 P
gc 3906 @14.184s 8%: 0.18+0.61+0.050 ms clock, 1.5+0.78/0.83/0+0.40 ms cpu, 3->3->1 MB, 4 MB goal, 0 MB stacks, 0 MB globals, 8 P
gc 3907 @14.186s 8%: 0.14+0.56+0.063 ms clock, 1.1+0.74/0.78/0+0.50 ms cpu, 3->3->1 MB, 4 MB goal, 0 MB stacks, 0 MB globals, 8 P
gc 3908 @14.189s 8%: 0.15+0.63+0.081 ms clock, 1.2+0.73/0.83/0+0.65 ms cpu, 3->3->1 MB, 4 MB goal, 0 MB stacks, 0 MB globals, 8 P
gc 3909 @14.191s 8%: 0.12+0.78+0.11 ms clock, 1.0+0.61/0.81/0+0.93 ms cpu, 3->3->1 MB, 4 MB goal, 0 MB stacks, 0 MB globals, 8 P
gc 3910 @14.194s 8%: 0.092+0.83+0.10 ms clock, 0.73+0.78/0.71/0+0.84 ms cpu, 3->3->1 MB, 4 MB goal, 0 MB stacks, 0 MB globals, 8 P
gc 3911 @14.196s 8%: 0.098+0.54+0.076 ms clock, 0.78+0.74/0.75/0+0.61 ms cpu, 3->3->1 MB, 4 MB goal, 0 MB stacks, 0 MB globals, 8 P
gc 3912 @14.199s 8%: 0.095+0.58+0.093 ms clock, 0.76+0.74/0.75/0+0.74 ms cpu, 3->3->1 MB, 4 MB goal, 0 MB stacks, 0 MB globals, 8 P
gc 3913 @14.201s 8%: 0.12+0.58+0.076 ms clock, 0.97+0.90/0.66/0+0.61 ms cpu, 3->3->1 MB, 4 MB goal, 0 MB stacks, 0 MB globals, 8 P
gc 3914 @14.204s 8%: 0.068+0.64+0.082 ms clock, 0.55+0.87/0.76/0+0.65 ms cpu, 3->3->1 MB, 4 MB goal, 0 MB stacks, 0 MB globals, 8 P
gc 3915 @14.206s 8%: 0.10+0.72+0.088 ms clock, 0.82+0.68/0.84/0+0.70 ms cpu, 3->3->1 MB, 4 MB goal, 0 MB stacks, 0 MB globals, 8 P
gc 3916 @14.209s 8%: 0.082+0.47+0.089 ms clock, 0.65+0.86/0.66/0+0.71 ms cpu, 3->3->1 MB, 4 MB goal, 0 MB stacks, 0 MB globals, 8 P
gc 3917 @14.211s 8%: 0.10+0.62+0.16 ms clock, 0.87+0.74/0.74/0+1.3 ms cpu, 3->3->1 MB, 4 MB goal, 0 MB stacks, 0 MB globals, 8 P
gc 3918 @14.213s 8%: 0.18+0.72+0.13 ms clock, 1.4+0.79/0.88/0+1.0 ms cpu, 3->3->1 MB, 4 MB goal, 0 MB stacks, 0 MB globals, 8 P
gc 3919 @14.216s 8%: 0.13+0.62+0.074 ms clock, 1.1+0.77/0.68/0.15+0.59 ms cpu, 3->3->1 MB, 4 MB goal, 0 MB stacks, 0 MB globals, 8 P
gc 3920 @14.218s 8%: 0.072+0.52+0.084 ms clock, 0.57+0.83/0.81/0+0.67 ms cpu, 3->3->1 MB, 4 MB goal, 0 MB stacks, 0 MB globals, 8 P
gc 3921 @14.221s 8%: 0.12+0.89+0.11 ms clock, 1.0+0.60/0.80/0+0.95 ms cpu, 3->3->1 MB, 4 MB goal, 0 MB stacks, 0 MB globals, 8 P
gc 3922 @14.224s 8%: 0.092+0.65+0.094 ms clock, 0.74+0.94/0.86/0+0.75 ms cpu, 3->3->1 MB, 4 MB goal, 0 MB stacks, 0 MB globals, 8 P
gc 3923 @14.226s 8%: 0.074+0.60+0.11 ms clock, 0.59+0.78/0.77/0+0.89 ms cpu, 3->3->1 MB, 4 MB goal, 0 MB stacks, 0 MB globals, 8 P
gc 3924 @14.228s 8%: 0.11+0.59+0.11 ms clock, 0.94+0.85/0.69/0+0.93 ms cpu, 3->3->1 MB, 4 MB goal, 0 MB stacks, 0 MB globals, 8 P
gc 3925 @14.231s 8%: 0.096+0.64+0.098 ms clock, 0.77+0.75/0.89/0+0.78 ms cpu, 3->3->1 MB, 4 MB goal, 0 MB stacks, 0 MB globals, 8 P
gc 3926 @14.233s 8%: 0.12+0.62+0.078 ms clock, 1.0+0.70/0.82/0+0.63 ms cpu, 3->3->1 MB, 4 MB goal, 0 MB stacks, 0 MB globals, 8 P
gc 3927 @14.236s 8%: 0.10+0.50+0.065 ms clock, 0.83+0.71/0.65/0+0.52 ms cpu, 3->3->1 MB, 4 MB goal, 0 MB stacks, 0 MB globals, 8 P
gc 3928 @14.238s 8%: 0.11+0.96+0.091 ms clock, 0.92+0.74/0.79/0+0.73 ms cpu, 3->3->1 MB, 4 MB goal, 0 MB stacks, 0 MB globals, 8 P
gc 3929 @14.241s 8%: 0.094+0.86+0.062 ms clock, 0.75+0.77/0.82/0+0.49 ms cpu, 3->4->1 MB, 4 MB goal, 0 MB stacks, 0 MB globals, 8 P
gc 3930 @14.244s 8%: 0.13+0.57+0.091 ms clock, 1.0+0.94/0.77/0+0.73 ms cpu, 3->3->1 MB, 4 MB goal, 0 MB stacks, 0 MB globals, 8 P
gc 3931 @14.246s 8%: 0.12+0.53+0.093 ms clock, 0.99+0.83/0.69/0+0.74 ms cpu, 3->3->1 MB, 4 MB goal, 0 MB stacks, 0 MB globals, 8 P
gc 3932 @14.249s 8%: 0.13+0.93+0.069 ms clock, 1.0+0.72/0.76/0+0.55 ms cpu, 3->3->1 MB, 4 MB goal, 0 MB stacks, 0 MB globals, 8 P
gc 3933 @14.251s 8%: 0.20+1.0+0.10 ms clock, 1.6+0.77/0.80/0+0.80 ms cpu, 3->4->2 MB, 4 MB goal, 0 MB stacks, 0 MB globals, 8 P
gc 3934 @14.254s 8%: 0.16+0.73+0.12 ms clock, 1.3+0.87/0.88/0+0.98 ms cpu, 3->4->1 MB, 4 MB goal, 0 MB stacks, 0 MB globals, 8 P
gc 3935 @14.257s 8%: 0.14+0.59+0.11 ms clock, 1.1+0.79/0.69/0+0.89 ms cpu, 3->3->1 MB, 4 MB goal, 0 MB stacks, 0 MB globals, 8 P
gc 3936 @14.260s 8%: 0.088+0.54+0.088 ms clock, 0.71+0.83/0.78/0+0.70 ms cpu, 3->3->1 MB, 4 MB goal, 0 MB stacks, 0 MB globals, 8 P
gc 3937 @14.262s 8%: 0.11+1.1+0.095 ms clock, 0.92+0.79/0.73/0+0.76 ms cpu, 3->4->1 MB, 4 MB goal, 0 MB stacks, 0 MB globals, 8 P
gc 3938 @14.265s 8%: 0.10+0.68+0.056 ms clock, 0.84+0.79/0.69/0+0.45 ms cpu, 3->4->1 MB, 4 MB goal, 0 MB stacks, 0 MB globals, 8 P
gc 3939 @14.267s 8%: 0.099+0.67+0.13 ms clock, 0.79+0.84/0.76/0+1.0 ms cpu, 3->3->1 MB, 4 MB goal, 0 MB stacks, 0 MB globals, 8 P
gc 3940 @14.270s 8%: 0.13+0.95+0.092 ms clock, 1.0+0.77/0.73/0+0.73 ms cpu, 3->4->1 MB, 4 MB goal, 0 MB stacks, 0 MB globals, 8 P
gc 3941 @14.273s 8%: 0.15+1.2+0.099 ms clock, 1.2+0.78/0.74/0+0.79 ms cpu, 3->4->2 MB, 4 MB goal, 0 MB stacks, 0 MB globals, 8 P
gc 3942 @14.276s 8%: 0.13+0.67+0.098 ms clock, 1.1+0.91/0.72/0+0.78 ms cpu, 3->4->1 MB, 4 MB goal, 0 MB stacks, 0 MB globals, 8 P
gc 3943 @14.279s 8%: 0.11+0.90+0.14 ms clock, 0.95+0.76/0.78/0+1.1 ms cpu, 3->3->1 MB, 4 MB goal, 0 MB stacks, 0 MB globals, 8 P
gc 3944 @14.281s 8%: 0.16+1.0+0.069 ms clock, 1.3+0.70/0.75/0+0.55 ms cpu, 3->4->1 MB, 4 MB goal, 0 MB stacks, 0 MB globals, 8 P
gc 3945 @14.284s 8%: 0.12+0.87+0.094 ms clock, 0.99+0.61/0.81/0+0.75 ms cpu, 3->4->1 MB, 4 MB goal, 0 MB stacks, 0 MB globals, 8 P
gc 3946 @14.287s 8%: 0.11+0.59+0.073 ms clock, 0.91+0.77/0.73/0+0.58 ms cpu, 3->3->1 MB, 4 MB goal, 0 MB stacks, 0 MB globals, 8 P
gc 3947 @14.289s 8%: 0.13+0.64+0.11 ms clock, 1.0+0.81/0.82/0+0.88 ms cpu, 3->3->1 MB, 4 MB goal, 0 MB stacks, 0 MB globals, 8 P
gc 3948 @14.292s 8%: 0.13+0.58+0.063 ms clock, 1.0+0.80/0.80/0+0.51 ms cpu, 3->3->1 MB, 4 MB goal, 0 MB stacks, 0 MB globals, 8 P
gc 3949 @14.294s 8%: 0.11+1.0+0.12 ms clock, 0.88+0.72/0.90/0+0.96 ms cpu, 3->3->1 MB, 4 MB goal, 0 MB stacks, 0 MB globals, 8 P
gc 3950 @14.297s 8%: 0.11+0.66+0.052 ms clock, 0.89+0.78/0.75/0+0.41 ms cpu, 3->3->1 MB, 4 MB goal, 0 MB stacks, 0 MB globals, 8 P
gc 3951 @14.299s 8%: 0.10+0.66+0.081 ms clock, 0.81+0.68/0.87/0+0.65 ms cpu, 3->3->1 MB, 4 MB goal, 0 MB stacks, 0 MB globals, 8 P
gc 3952 @14.302s 8%: 0.15+0.94+0.070 ms clock, 1.2+0.57/0.72/0+0.56 ms cpu, 3->3->1 MB, 4 MB goal, 0 MB stacks, 0 MB globals, 8 P
gc 3953 @14.304s 8%: 0.11+0.78+0.13 ms clock, 0.94+1.1/0.72/0+1.0 ms cpu, 3->3->1 MB, 4 MB goal, 0 MB stacks, 0 MB globals, 8 P
gc 3954 @14.307s 8%: 0.12+0.52+0.073 ms clock, 0.99+0.89/0.75/0+0.59 ms cpu, 3->3->1 MB, 4 MB goal, 0 MB stacks, 0 MB globals, 8 P
gc 3955 @14.309s 8%: 0.15+0.48+0.071 ms clock, 1.2+0.74/0.70/0+0.57 ms cpu, 3->3->1 MB, 4 MB goal, 0 MB stacks, 0 MB globals, 8 P
gc 3956 @14.312s 8%: 0.11+0.53+0.095 ms clock, 0.90+0.78/0.66/0+0.76 ms cpu, 3->3->1 MB, 4 MB goal, 0 MB stacks, 0 MB globals, 8 P
gc 3957 @14.314s 8%: 0.10+0.57+0.056 ms clock, 0.81+0.68/0.86/0+0.45 ms cpu, 3->3->1 MB, 4 MB goal, 0 MB stacks, 0 MB globals, 8 P
gc 3958 @14.317s 8%: 0.11+0.79+0.12 ms clock, 0.92+0.61/1.0/0+1.0 ms cpu, 3->3->1 MB, 4 MB goal, 0 MB stacks, 0 MB globals, 8 P
gc 3959 @14.319s 8%: 0.11+0.58+0.076 ms clock, 0.90+0.72/0.80/0+0.61 ms cpu, 3->3->1 MB, 4 MB goal, 0 MB stacks, 0 MB globals, 8 P
gc 3960 @14.322s 8%: 0.11+0.69+0.093 ms clock, 0.92+0.61/0.82/0+0.74 ms cpu, 3->3->1 MB, 4 MB goal, 0 MB stacks, 0 MB globals, 8 P
gc 3961 @14.324s 8%: 0.11+0.58+0.14 ms clock, 0.92+0.78/0.69/0+1.1 ms cpu, 3->3->1 MB, 4 MB goal, 0 MB stacks, 0 MB globals, 8 P
gc 3962 @14.327s 8%: 0.14+0.46+0.10 ms clock, 1.1+0.82/0.66/0+0.81 ms cpu, 3->3->1 MB, 4 MB goal, 0 MB stacks, 0 MB globals, 8 P
gc 3963 @14.329s 8%: 0.13+0.63+0.052 ms clock, 1.1+0.57/0.85/0+0.42 ms cpu, 3->3->1 MB, 4 MB goal, 0 MB stacks, 0 MB globals, 8 P
gc 3964 @14.332s 8%: 0.071+0.78+0.10 ms clock, 0.56+0.85/0.78/0+0.81 ms cpu, 3->3->1 MB, 4 MB goal, 0 MB stacks, 0 MB globals, 8 P
gc 3965 @14.334s 8%: 0.14+0.55+0.16 ms clock, 1.1+0.87/0.77/0+1.3 ms cpu, 3->3->1 MB, 4 MB goal, 0 MB stacks, 0 MB globals, 8 P
gc 3966 @14.337s 8%: 0.090+0.53+0.076 ms clock, 0.72+0.77/0.77/0+0.61 ms cpu, 3->3->1 MB, 4 MB goal, 0 MB stacks, 0 MB globals, 8 P
gc 3967 @14.339s 8%: 0.098+0.83+0.10 ms clock, 0.79+1.2/0.90/0+0.83 ms cpu, 3->3->1 MB, 4 MB goal, 0 MB stacks, 0 MB globals, 8 P
gc 3968 @14.342s 8%: 0.14+0.62+0.043 ms clock, 1.1+0.68/0.83/0+0.34 ms cpu, 3->3->1 MB, 4 MB goal, 0 MB stacks, 0 MB globals, 8 P
gc 3969 @14.344s 8%: 0.13+0.81+0.066 ms clock, 1.0+0.67/0.77/0+0.53 ms cpu, 3->3->1 MB, 4 MB goal, 0 MB stacks, 0 MB globals, 8 P
gc 3970 @14.347s 8%: 0.080+0.84+0.12 ms clock, 0.64+0.92/0.79/0+0.98 ms cpu, 3->3->1 MB, 4 MB goal, 0 MB stacks, 0 MB globals, 8 P
gc 3971 @14.350s 8%: 0.089+0.95+0.094 ms clock, 0.71+0.71/0.72/0+0.75 ms cpu, 3->4->1 MB, 4 MB goal, 0 MB stacks, 0 MB globals, 8 P
gc 3972 @14.352s 8%: 0.14+0.58+0.15 ms clock, 1.1+0.77/0.77/0+1.2 ms cpu, 3->3->1 MB, 4 MB goal, 0 MB stacks, 0 MB globals, 8 P
gc 3973 @14.355s 8%: 0.11+0.66+0.13 ms clock, 0.92+0.73/0.82/0+1.0 ms cpu, 3->3->1 MB, 4 MB goal, 0 MB stacks, 0 MB globals, 8 P
gc 3974 @14.357s 8%: 0.088+0.85+0.064 ms clock, 0.70+0.60/0.82/0+0.51 ms cpu, 3->3->1 MB, 4 MB goal, 0 MB stacks, 0 MB globals, 8 P
gc 3975 @14.360s 8%: 0.11+1.0+0.13 ms clock, 0.92+1.2/0.85/0+1.0 ms cpu, 3->4->2 MB, 4 MB goal, 0 MB stacks, 0 MB globals, 8 P
gc 3976 @14.363s 8%: 0.12+0.94+0.082 ms clock, 0.96+1.2/0.77/0+0.65 ms cpu, 3->4->1 MB, 4 MB goal, 0 MB stacks, 0 MB globals, 8 P
gc 3977 @14.366s 8%: 0.10+0.44+0.13 ms clock, 0.82+0.78/0.67/0+1.0 ms cpu, 3->3->1 MB, 4 MB goal, 0 MB stacks, 0 MB globals, 8 P
gc 3978 @14.368s 8%: 0.13+0.84+0.063 ms clock, 1.0+0.64/0.79/0+0.50 ms cpu, 3->3->1 MB, 4 MB goal, 0 MB stacks, 0 MB globals, 8 P
gc 3979 @14.371s 8%: 0.096+0.96+0.071 ms clock, 0.76+0.77/0.81/0+0.57 ms cpu, 3->3->1 MB, 4 MB goal, 0 MB stacks, 0 MB globals, 8 P
gc 3980 @14.373s 8%: 0.14+0.56+0.069 ms clock, 1.1+0.81/0.67/0+0.55 ms cpu, 3->3->1 MB, 4 MB goal, 0 MB stacks, 0 MB globals, 8 P
gc 3981 @14.376s 8%: 0.12+0.56+0.11 ms clock, 1.0+0.82/0.67/0+0.93 ms cpu, 3->3->1 MB, 4 MB goal, 0 MB stacks, 0 MB globals, 8 P
gc 3982 @14.378s 8%: 0.10+0.57+0.11 ms clock, 0.83+0.78/0.75/0+0.89 ms cpu, 3->3->1 MB, 4 MB goal, 0 MB stacks, 0 MB globals, 8 P
gc 3983 @14.381s 8%: 0.14+0.57+0.067 ms clock, 1.1+0.74/0.80/0+0.54 ms cpu, 3->3->1 MB, 4 MB goal, 0 MB stacks, 0 MB globals, 8 P
gc 3984 @14.383s 8%: 0.094+0.54+0.10 ms clock, 0.75+0.79/0.85/0+0.87 ms cpu, 3->3->1 MB, 4 MB goal, 0 MB stacks, 0 MB globals, 8 P
gc 3985 @14.386s 8%: 0.072+0.55+0.081 ms clock, 0.57+0.87/0.70/0+0.65 ms cpu, 3->3->1 MB, 4 MB goal, 0 MB stacks, 0 MB globals, 8 P
gc 3986 @14.388s 8%: 0.12+0.54+0.14 ms clock, 0.97+0.73/0.68/0+1.1 ms cpu, 3->3->1 MB, 4 MB goal, 0 MB stacks, 0 MB globals, 8 P
gc 3987 @14.391s 8%: 0.12+0.83+0.070 ms clock, 0.99+0.63/0.84/0+0.56 ms cpu, 3->3->1 MB, 4 MB goal, 0 MB stacks, 0 MB globals, 8 P
gc 3988 @14.393s 8%: 0.11+0.57+0.089 ms clock, 0.89+0.57/0.83/0+0.71 ms cpu, 3->3->1 MB, 4 MB goal, 0 MB stacks, 0 MB globals, 8 P
gc 3989 @14.396s 8%: 0.077+1.0+0.063 ms clock, 0.62+0.89/0.78/0+0.51 ms cpu, 3->4->1 MB, 4 MB goal, 0 MB stacks, 0 MB globals, 8 P
gc 3990 @14.399s 8%: 0.15+0.52+0.062 ms clock, 1.2+0.76/0.76/0+0.49 ms cpu, 3->3->1 MB, 4 MB goal, 0 MB stacks, 0 MB globals, 8 P
gc 3991 @14.401s 8%: 0.11+0.99+0.084 ms clock, 0.93+0.68/0.83/0+0.67 ms cpu, 3->4->1 MB, 4 MB goal, 0 MB stacks, 0 MB globals, 8 P
gc 3992 @14.404s 8%: 0.063+0.62+0.10 ms clock, 0.50+0.77/0.80/0+0.87 ms cpu, 3->3->1 MB, 4 MB goal, 0 MB stacks, 0 MB globals, 8 P
gc 3993 @14.406s 8%: 0.12+0.65+0.11 ms clock, 0.96+0.70/0.88/0+0.88 ms cpu, 3->3->1 MB, 4 MB goal, 0 MB stacks, 0 MB globals, 8 P
gc 3994 @14.409s 8%: 0.16+0.89+0.052 ms clock, 1.3+0.86/0.70/0+0.42 ms cpu, 3->3->1 MB, 4 MB goal, 0 MB stacks, 0 MB globals, 8 P
gc 3995 @14.411s 8%: 0.10+0.69+0.064 ms clock, 0.81+0.83/0.82/0+0.51 ms cpu, 3->3->1 MB, 4 MB goal, 0 MB stacks, 0 MB globals, 8 P
gc 3996 @14.414s 8%: 0.083+0.64+0.096 ms clock, 0.66+0.74/0.76/0+0.77 ms cpu, 3->3->1 MB, 4 MB goal, 0 MB stacks, 0 MB globals, 8 P
gc 3997 @14.416s 8%: 0.10+0.68+0.070 ms clock, 0.86+0.68/0.80/0+0.56 ms cpu, 3->3->1 MB, 4 MB goal, 0 MB stacks, 0 MB globals, 8 P
gc 3998 @14.419s 8%: 0.10+0.68+0.12 ms clock, 0.87+0.81/0.77/0+1.0 ms cpu, 3->3->1 MB, 4 MB goal, 0 MB stacks, 0 MB globals, 8 P
gc 3999 @14.422s 8%: 0.10+0.69+0.10 ms clock, 0.80+0.73/0.84/0+0.82 ms cpu, 3->3->1 MB, 4 MB goal, 0 MB stacks, 0 MB globals, 8 P
gc 4000 @14.424s 8%: 0.12+0.60+0.14 ms clock, 0.99+0.71/0.74/0.003+1.1 ms cpu, 3->3->1 MB, 4 MB goal, 0 MB stacks, 0 MB globals, 8 P
gc 4001 @14.427s 8%: 0.17+0.60+0.058 ms clock, 1.4+0.64/0.76/0+0.46 ms cpu, 3->3->1 MB, 4 MB goal, 0 MB stacks, 0 MB globals, 8 P
gc 4002 @14.429s 8%: 0.092+0.97+0.071 ms clock, 0.73+0.88/0.75/0+0.57 ms cpu, 3->4->1 MB, 4 MB goal, 0 MB stacks, 0 MB globals, 8 P
gc 4003 @14.432s 8%: 0.094+0.76+0.10 ms clock, 0.75+1.2/0.92/0+0.80 ms cpu, 3->4->1 MB, 4 MB goal, 0 MB stacks, 0 MB globals, 8 P
gc 4004 @14.434s 8%: 0.094+0.68+0.093 ms clock, 0.75+0.67/0.85/0+0.74 ms cpu, 3->3->1 MB, 4 MB goal, 0 MB stacks, 0 MB globals, 8 P
gc 4005 @14.437s 8%: 0.10+0.52+0.093 ms clock, 0.86+0.53/0.72/0+0.74 ms cpu, 3->3->1 MB, 4 MB goal, 0 MB stacks, 0 MB globals, 8 P
gc 4006 @14.439s 8%: 0.10+0.61+0.12 ms clock, 0.83+0.93/0.69/0+0.96 ms cpu, 3->3->1 MB, 4 MB goal, 0 MB stacks, 0 MB globals, 8 P
gc 4007 @14.442s 8%: 0.11+0.73+0.094 ms clock, 0.94+0.91/0.75/0+0.75 ms cpu, 3->3->1 MB, 4 MB goal, 0 MB stacks, 0 MB globals, 8 P
gc 4008 @14.444s 8%: 0.13+0.67+0.089 ms clock, 1.1+0.66/0.80/0+0.71 ms cpu, 3->3->1 MB, 4 MB goal, 0 MB stacks, 0 MB globals, 8 P
gc 4009 @14.447s 8%: 0.12+0.88+0.13 ms clock, 1.0+0.73/0.75/0+1.0 ms cpu, 3->3->1 MB, 4 MB goal, 0 MB stacks, 0 MB globals, 8 P
gc 4010 @14.449s 8%: 0.14+0.64+0.11 ms clock, 1.1+0.70/0.91/0+0.93 ms cpu, 3->3->1 MB, 4 MB goal, 0 MB stacks, 0 MB globals, 8 P
gc 4011 @14.452s 8%: 0.10+0.69+0.057 ms clock, 0.86+0.84/0.72/0+0.45 ms cpu, 3->3->1 MB, 4 MB goal, 0 MB stacks, 0 MB globals, 8 P
gc 4012 @14.454s 8%: 0.10+0.97+0.082 ms clock, 0.81+0.49/0.83/0+0.65 ms cpu, 3->3->1 MB, 4 MB goal, 0 MB stacks, 0 MB globals, 8 P
gc 4013 @14.457s 8%: 0.10+0.61+0.12 ms clock, 0.83+0.75/0.81/0+0.97 ms cpu, 3->4->1 MB, 4 MB goal, 0 MB stacks, 0 MB globals, 8 P
gc 4014 @14.460s 8%: 0.10+0.60+0.074 ms clock, 0.81+0.89/0.76/0+0.59 ms cpu, 3->3->1 MB, 4 MB goal, 0 MB stacks, 0 MB globals, 8 P
gc 4015 @14.462s 8%: 0.061+0.63+0.10 ms clock, 0.49+0.79/0.81/0+0.81 ms cpu, 3->3->1 MB, 4 MB goal, 0 MB stacks, 0 MB globals, 8 P
gc 4016 @14.465s 8%: 0.086+0.72+0.086 ms clock, 0.69+0.77/0.79/0+0.68 ms cpu, 3->3->1 MB, 4 MB goal, 0 MB stacks, 0 MB globals, 8 P
gc 4017 @14.467s 8%: 0.084+0.58+0.15 ms clock, 0.67+0.69/0.73/0+1.2 ms cpu, 3->3->1 MB, 4 MB goal, 0 MB stacks, 0 MB globals, 8 P
gc 4018 @14.470s 8%: 0.12+1.2+0.079 ms clock, 1.0+0.70/0.84/0+0.63 ms cpu, 3->4->2 MB, 4 MB goal, 0 MB stacks, 0 MB globals, 8 P
gc 4019 @14.473s 8%: 0.13+1.2+0.098 ms clock, 1.0+0.70/0.85/0+0.78 ms cpu, 3->4->2 MB, 4 MB goal, 0 MB stacks, 0 MB globals, 8 P
gc 4020 @14.476s 8%: 0.11+1.2+0.089 ms clock, 0.89+0.69/0.97/0+0.71 ms cpu, 3->4->2 MB, 4 MB goal, 0 MB stacks, 0 MB globals, 8 P
gc 4021 @14.479s 8%: 0.087+0.66+0.066 ms clock, 0.69+0.57/0.98/0+0.53 ms cpu, 3->4->1 MB, 4 MB goal, 0 MB stacks, 0 MB globals, 8 P
gc 4022 @14.482s 8%: 0.074+0.58+0.13 ms clock, 0.59+0.80/0.76/0+1.0 ms cpu, 3->3->1 MB, 4 MB goal, 0 MB stacks, 0 MB globals, 8 P
gc 4023 @14.484s 8%: 0.12+0.60+0.056 ms clock, 1.0+0.66/0.73/0+0.45 ms cpu, 3->3->1 MB, 4 MB goal, 0 MB stacks, 0 MB globals, 8 P
gc 4024 @14.487s 8%: 0.091+0.76+0.060 ms clock, 0.73+0.92/0.94/0+0.48 ms cpu, 3->3->1 MB, 4 MB goal, 0 MB stacks, 0 MB globals, 8 P
gc 4025 @14.489s 8%: 0.097+0.73+0.052 ms clock, 0.77+0.76/0.68/0+0.41 ms cpu, 3->3->1 MB, 4 MB goal, 0 MB stacks, 0 MB globals, 8 P
gc 4026 @14.492s 8%: 0.13+1.2+0.084 ms clock, 1.0+0.71/0.78/0+0.67 ms cpu, 3->3->1 MB, 4 MB goal, 0 MB stacks, 0 MB globals, 8 P
gc 4027 @14.494s 8%: 0.14+1.0+0.070 ms clock, 1.1+0.79/0.65/0+0.56 ms cpu, 3->4->1 MB, 4 MB goal, 0 MB stacks, 0 MB globals, 8 P
gc 4028 @14.497s 8%: 0.13+0.53+0.065 ms clock, 1.0+0.70/0.78/0+0.52 ms cpu, 3->3->1 MB, 4 MB goal, 0 MB stacks, 0 MB globals, 8 P
gc 4029 @14.500s 8%: 0.13+0.65+0.12 ms clock, 1.0+0.90/0.76/0+0.97 ms cpu, 3->3->1 MB, 4 MB goal, 0 MB stacks, 0 MB globals, 8 P
gc 4030 @14.502s 8%: 0.13+0.71+0.065 ms clock, 1.1+0.71/0.83/0+0.52 ms cpu, 3->3->1 MB, 4 MB goal, 0 MB stacks, 0 MB globals, 8 P
gc 4031 @14.505s 8%: 0.098+0.70+0.10 ms clock, 0.79+0.79/0.88/0+0.81 ms cpu, 3->3->1 MB, 4 MB goal, 0 MB stacks, 0 MB globals, 8 P
gc 4032 @14.507s 8%: 0.13+0.49+0.19 ms clock, 1.0+0.80/0.64/0+1.5 ms cpu, 3->3->1 MB, 4 MB goal, 0 MB stacks, 0 MB globals, 8 P
gc 4033 @14.510s 8%: 0.10+0.87+0.076 ms clock, 0.82+0.92/0.58/0+0.61 ms cpu, 3->3->1 MB, 4 MB goal, 0 MB stacks, 0 MB globals, 8 P
gc 4034 @14.512s 8%: 0.097+0.57+0.078 ms clock, 0.77+0.85/0.77/0+0.62 ms cpu, 3->3->1 MB, 4 MB goal, 0 MB stacks, 0 MB globals, 8 P
gc 4035 @14.515s 8%: 0.089+0.62+0.092 ms clock, 0.71+0.84/0.64/0+0.73 ms cpu, 3->3->1 MB, 4 MB goal, 0 MB stacks, 0 MB globals, 8 P
gc 4036 @14.517s 8%: 0.11+0.70+0.093 ms clock, 0.89+0.84/0.79/0+0.74 ms cpu, 3->3->1 MB, 4 MB goal, 0 MB stacks, 0 MB globals, 8 P
gc 4037 @14.520s 8%: 0.10+0.71+0.11 ms clock, 0.83+0.82/0.81/0+0.94 ms cpu, 3->3->1 MB, 4 MB goal, 0 MB stacks, 0 MB globals, 8 P
gc 4038 @14.522s 8%: 0.093+1.0+0.090 ms clock, 0.74+0.81/0.71/0+0.72 ms cpu, 3->4->1 MB, 4 MB goal, 0 MB stacks, 0 MB globals, 8 P
gc 4039 @14.525s 8%: 0.10+0.64+0.087 ms clock, 0.84+0.67/0.83/0+0.70 ms cpu, 3->4->1 MB, 4 MB goal, 0 MB stacks, 0 MB globals, 8 P
gc 4040 @14.528s 8%: 0.10+0.84+0.088 ms clock, 0.84+0.60/0.81/0+0.70 ms cpu, 3->3->1 MB, 4 MB goal, 0 MB stacks, 0 MB globals, 8 P
gc 4041 @14.530s 8%: 0.13+0.45+0.075 ms clock, 1.0+0.80/0.68/0+0.60 ms cpu, 3->3->1 MB, 4 MB goal, 0 MB stacks, 0 MB globals, 8 P
gc 4042 @14.533s 8%: 0.11+0.58+0.074 ms clock, 0.95+0.77/0.77/0+0.59 ms cpu, 3->3->1 MB, 4 MB goal, 0 MB stacks, 0 MB globals, 8 P
gc 4043 @14.535s 8%: 0.094+0.50+0.075 ms clock, 0.75+0.80/0.72/0+0.60 ms cpu, 3->3->1 MB, 4 MB goal, 0 MB stacks, 0 MB globals, 8 P
gc 4044 @14.537s 8%: 0.11+0.88+0.089 ms clock, 0.90+0.77/0.82/0+0.71 ms cpu, 3->3->1 MB, 4 MB goal, 0 MB stacks, 0 MB globals, 8 P
gc 4045 @14.540s 8%: 0.13+0.67+0.086 ms clock, 1.0+0.84/0.74/0+0.69 ms cpu, 3->3->1 MB, 4 MB goal, 0 MB stacks, 0 MB globals, 8 P
gc 4046 @14.543s 8%: 0.11+0.98+0.073 ms clock, 0.95+0.87/0.71/0+0.58 ms cpu, 3->3->1 MB, 4 MB goal, 0 MB stacks, 0 MB globals, 8 P
gc 4047 @14.545s 8%: 0.087+0.79+0.11 ms clock, 0.70+0.84/0.70/0+0.93 ms cpu, 3->4->1 MB, 4 MB goal, 0 MB stacks, 0 MB globals, 8 P
gc 4048 @14.548s 8%: 0.11+0.57+0.077 ms clock, 0.95+0.68/0.74/0+0.62 ms cpu, 3->3->1 MB, 4 MB goal, 0 MB stacks, 0 MB globals, 8 P
gc 4049 @14.550s 8%: 0.11+0.93+0.061 ms clock, 0.91+0.82/0.87/0+0.49 ms cpu, 3->4->1 MB, 4 MB goal, 0 MB stacks, 0 MB globals, 8 P
gc 4050 @14.553s 8%: 0.11+0.91+0.098 ms clock, 0.95+0.58/0.87/0+0.79 ms cpu, 3->4->1 MB, 4 MB goal, 0 MB stacks, 0 MB globals, 8 P
gc 4051 @14.556s 8%: 0.12+0.89+0.075 ms clock, 1.0+0.54/0.82/0+0.60 ms cpu, 3->3->1 MB, 4 MB goal, 0 MB stacks, 0 MB globals, 8 P
gc 4052 @14.558s 8%: 0.12+0.61+0.11 ms clock, 1.0+0.67/0.81/0+0.89 ms cpu, 3->3->1 MB, 4 MB goal, 0 MB stacks, 0 MB globals, 8 P
gc 4053 @14.561s 8%: 0.13+1.6+0.095 ms clock, 1.1+0.66/1.3/0+0.76 ms cpu, 3->4->2 MB, 4 MB goal, 0 MB stacks, 0 MB globals, 8 P
gc 4054 @14.564s 8%: 0.088+1.1+0.066 ms clock, 0.70+0.65/0.85/0+0.53 ms cpu, 4->5->1 MB, 4 MB goal, 0 MB stacks, 0 MB globals, 8 P
gc 4055 @14.567s 8%: 0.098+1.2+0.068 ms clock, 0.78+0.82/0.91/0+0.54 ms cpu, 3->4->1 MB, 4 MB goal, 0 MB stacks, 0 MB globals, 8 P
gc 4056 @14.570s 8%: 0.10+0.91+0.11 ms clock, 0.81+0.94/0.74/0+0.92 ms cpu, 3->4->1 MB, 4 MB goal, 0 MB stacks, 0 MB globals, 8 P
gc 4057 @14.573s 8%: 0.12+0.93+0.084 ms clock, 0.99+0.72/0.79/0+0.67 ms cpu, 3->4->1 MB, 4 MB goal, 0 MB stacks, 0 MB globals, 8 P
gc 4058 @14.576s 8%: 0.14+0.63+0.11 ms clock, 1.1+0.89/0.87/0+0.91 ms cpu, 3->3->1 MB, 4 MB goal, 0 MB stacks, 0 MB globals, 8 P
gc 4059 @14.578s 8%: 0.097+0.65+0.099 ms clock, 0.77+0.62/0.85/0+0.79 ms cpu, 3->3->1 MB, 4 MB goal, 0 MB stacks, 0 MB globals, 8 P
gc 4060 @14.581s 8%: 0.18+0.55+0.083 ms clock, 1.4+0.68/0.65/0+0.67 ms cpu, 3->3->1 MB, 4 MB goal, 0 MB stacks, 0 MB globals, 8 P
gc 4061 @14.583s 8%: 0.12+0.61+0.11 ms clock, 1.0+0.67/0.79/0+0.91 ms cpu, 3->3->1 MB, 4 MB goal, 0 MB stacks, 0 MB globals, 8 P
gc 4062 @14.586s 8%: 0.10+0.54+0.13 ms clock, 0.85+0.77/0.70/0+1.0 ms cpu, 3->3->1 MB, 4 MB goal, 0 MB stacks, 0 MB globals, 8 P
gc 4063 @14.588s 8%: 0.15+0.97+0.084 ms clock, 1.2+0.75/0.78/0+0.67 ms cpu, 3->4->1 MB, 4 MB goal, 0 MB stacks, 0 MB globals, 8 P
gc 4064 @14.591s 8%: 0.20+0.54+0.061 ms clock, 1.6+0.66/0.73/0+0.49 ms cpu, 3->3->1 MB, 4 MB goal, 0 MB stacks, 0 MB globals, 8 P
gc 4065 @14.593s 8%: 0.12+0.60+0.090 ms clock, 0.96+0.86/0.64/0+0.72 ms cpu, 3->3->1 MB, 4 MB goal, 0 MB stacks, 0 MB globals, 8 P
gc 4066 @14.596s 8%: 0.088+1.1+0.086 ms clock, 0.70+0.67/0.88/0+0.69 ms cpu, 3->4->2 MB, 4 MB goal, 0 MB stacks, 0 MB globals, 8 P
gc 4067 @14.599s 8%: 0.13+1.5+0.068 ms clock, 1.0+0.87/0.93/0+0.54 ms cpu, 3->4->2 MB, 4 MB goal, 0 MB stacks, 0 MB globals, 8 P
gc 4068 @14.602s 8%: 0.093+1.0+0.075 ms clock, 0.75+0.65/0.82/0+0.60 ms cpu, 4->4->1 MB, 4 MB goal, 0 MB stacks, 0 MB globals, 8 P
gc 4069 @14.605s 8%: 0.10+0.80+0.067 ms clock, 0.85+0.64/0.78/0+0.54 ms cpu, 3->4->1 MB, 4 MB goal, 0 MB stacks, 0 MB globals, 8 P
gc 4070 @14.608s 8%: 0.13+1.1+0.091 ms clock, 1.1+0.75/0.89/0+0.72 ms cpu, 3->4->1 MB, 4 MB goal, 0 MB stacks, 0 MB globals, 8 P
gc 4071 @14.610s 8%: 0.13+1.0+0.086 ms clock, 1.0+0.75/0.89/0+0.69 ms cpu, 3->4->1 MB, 4 MB goal, 0 MB stacks, 0 MB globals, 8 P
gc 4072 @14.613s 8%: 0.094+0.58+0.098 ms clock, 0.75+0.73/0.68/0+0.78 ms cpu, 3->3->1 MB, 4 MB goal, 0 MB stacks, 0 MB globals, 8 P
gc 4073 @14.616s 8%: 0.12+0.90+0.10 ms clock, 0.99+0.73/0.83/0+0.87 ms cpu, 3->3->1 MB, 4 MB goal, 0 MB stacks, 0 MB globals, 8 P
gc 4074 @14.618s 8%: 0.13+0.70+0.064 ms clock, 1.0+0.84/0.79/0+0.51 ms cpu, 3->3->1 MB, 4 MB goal, 0 MB stacks, 0 MB globals, 8 P
gc 4075 @14.621s 8%: 0.11+0.96+0.098 ms clock, 0.90+0.73/1.0/0+0.78 ms cpu, 3->4->1 MB, 4 MB goal, 0 MB stacks, 0 MB globals, 8 P
gc 4076 @14.624s 8%: 0.086+0.78+0.091 ms clock, 0.69+0.76/0.76/0+0.73 ms cpu, 3->4->1 MB, 4 MB goal, 0 MB stacks, 0 MB globals, 8 P
gc 4077 @14.626s 8%: 0.10+0.82+0.091 ms clock, 0.82+0.68/0.85/0+0.72 ms cpu, 3->4->1 MB, 4 MB goal, 0 MB stacks, 0 MB globals, 8 P
gc 4078 @14.629s 8%: 0.12+1.0+0.12 ms clock, 1.0+0.72/0.81/0+1.0 ms cpu, 3->4->1 MB, 4 MB goal, 0 MB stacks, 0 MB globals, 8 P
gc 4079 @14.632s 8%: 0.12+0.49+0.081 ms clock, 0.96+1.0/0.51/0+0.65 ms cpu, 3->3->1 MB, 4 MB goal, 0 MB stacks, 0 MB globals, 8 P
gc 4080 @14.634s 8%: 0.068+0.56+0.071 ms clock, 0.55+0.82/0.74/0+0.57 ms cpu, 3->3->1 MB, 4 MB goal, 0 MB stacks, 0 MB globals, 8 P
gc 4081 @14.637s 8%: 0.13+0.57+0.10 ms clock, 1.0+0.84/0.75/0+0.80 ms cpu, 3->3->1 MB, 4 MB goal, 0 MB stacks, 0 MB globals, 8 P
gc 4082 @14.639s 8%: 0.098+0.54+0.091 ms clock, 0.78+0.73/0.78/0+0.73 ms cpu, 3->3->1 MB, 4 MB goal, 0 MB stacks, 0 MB globals, 8 P
gc 4083 @14.641s 8%: 0.11+0.59+0.084 ms clock, 0.88+0.69/0.85/0+0.67 ms cpu, 3->3->1 MB, 4 MB goal, 0 MB stacks, 0 MB globals, 8 P
gc 4084 @14.644s 8%: 0.094+0.83+0.096 ms clock, 0.75+0.86/0.80/0+0.77 ms cpu, 3->3->1 MB, 4 MB goal, 0 MB stacks, 0 MB globals, 8 P
gc 4085 @14.647s 8%: 0.14+0.99+0.065 ms clock, 1.1+0.64/0.77/0+0.52 ms cpu, 3->4->1 MB, 4 MB goal, 0 MB stacks, 0 MB globals, 8 P
gc 4086 @14.649s 8%: 0.094+0.57+0.059 ms clock, 0.75+0.76/0.66/0+0.47 ms cpu, 3->3->1 MB, 4 MB goal, 0 MB stacks, 0 MB globals, 8 P
gc 4087 @14.652s 8%: 0.16+0.68+0.10 ms clock, 1.3+0.66/0.87/0+0.85 ms cpu, 3->3->1 MB, 4 MB goal, 0 MB stacks, 0 MB globals, 8 P
gc 4088 @14.654s 8%: 0.13+0.75+0.086 ms clock, 1.1+0.70/0.82/0+0.69 ms cpu, 3->3->1 MB, 4 MB goal, 0 MB stacks, 0 MB globals, 8 P
gc 4089 @14.657s 8%: 0.11+0.54+0.15 ms clock, 0.91+0.91/0.64/0+1.2 ms cpu, 3->3->1 MB, 4 MB goal, 0 MB stacks, 0 MB globals, 8 P
gc 4090 @14.659s 8%: 0.089+0.62+0.086 ms clock, 0.71+0.75/0.86/0+0.68 ms cpu, 3->3->1 MB, 4 MB goal, 0 MB stacks, 0 MB globals, 8 P
gc 4091 @14.662s 8%: 0.089+0.68+0.088 ms clock, 0.71+0.62/0.79/0+0.70 ms cpu, 3->3->1 MB, 4 MB goal, 0 MB stacks, 0 MB globals, 8 P
gc 4092 @14.664s 8%: 0.14+0.65+0.059 ms clock, 1.1+0.85/0.86/0+0.47 ms cpu, 3->3->1 MB, 4 MB goal, 0 MB stacks, 0 MB globals, 8 P
gc 4093 @14.667s 8%: 0.15+0.89+0.048 ms clock, 1.2+0.81/0.79/0+0.38 ms cpu, 3->3->1 MB, 4 MB goal, 0 MB stacks, 0 MB globals, 8 P
gc 4094 @14.670s 8%: 0.078+0.79+0.11 ms clock, 0.62+0.57/0.80/0+0.88 ms cpu, 3->3->1 MB, 4 MB goal, 0 MB stacks, 0 MB globals, 8 P
gc 4095 @14.672s 8%: 0.11+0.88+0.10 ms clock, 0.89+0.69/0.82/0+0.82 ms cpu, 3->4->1 MB, 4 MB goal, 0 MB stacks, 0 MB globals, 8 P
gc 4096 @14.675s 8%: 0.080+0.64+0.059 ms clock, 0.64+0.93/0.73/0+0.47 ms cpu, 3->3->1 MB, 4 MB goal, 0 MB stacks, 0 MB globals, 8 P
gc 4097 @14.677s 8%: 0.14+0.98+0.079 ms clock, 1.1+0.92/0.75/0+0.63 ms cpu, 3->3->1 MB, 4 MB goal, 0 MB stacks, 0 MB globals, 8 P
gc 4098 @14.680s 8%: 0.14+1.3+0.093 ms clock, 1.1+0.72/0.89/0+0.74 ms cpu, 3->4->1 MB, 4 MB goal, 0 MB stacks, 0 MB globals, 8 P
gc 4099 @14.683s 8%: 0.083+1.0+0.080 ms clock, 0.67+0.74/0.77/0+0.64 ms cpu, 3->3->1 MB, 4 MB goal, 0 MB stacks, 0 MB globals, 8 P
gc 4100 @14.685s 8%: 0.14+0.62+0.10 ms clock, 1.1+0.73/0.90/0+0.83 ms cpu, 3->3->1 MB, 4 MB goal, 0 MB stacks, 0 MB globals, 8 P
gc 4101 @14.688s 8%: 0.13+0.55+0.12 ms clock, 1.0+0.63/0.73/0+1.0 ms cpu, 3->3->1 MB, 4 MB goal, 0 MB stacks, 0 MB globals, 8 P
gc 4102 @14.690s 8%: 0.10+0.74+0.15 ms clock, 0.82+0.77/0.94/0+1.2 ms cpu, 3->3->1 MB, 4 MB goal, 0 MB stacks, 0 MB globals, 8 P
gc 4103 @14.693s 8%: 0.091+0.64+0.095 ms clock, 0.73+0.73/0.82/0+0.76 ms cpu, 3->3->1 MB, 4 MB goal, 0 MB stacks, 0 MB globals, 8 P
gc 4104 @14.695s 8%: 0.087+0.66+0.12 ms clock, 0.70+0.82/0.79/0+0.97 ms cpu, 3->3->1 MB, 4 MB goal, 0 MB stacks, 0 MB globals, 8 P
gc 4105 @14.698s 8%: 0.16+0.60+0.098 ms clock, 1.2+0.70/0.78/0+0.78 ms cpu, 3->3->1 MB, 4 MB goal, 0 MB stacks, 0 MB globals, 8 P
gc 4106 @14.700s 8%: 0.074+0.63+0.071 ms clock, 0.59+0.85/0.84/0+0.56 ms cpu, 3->3->1 MB, 4 MB goal, 0 MB stacks, 0 MB globals, 8 P
gc 4107 @14.703s 8%: 0.10+0.62+0.054 ms clock, 0.80+0.75/0.83/0+0.43 ms cpu, 3->3->1 MB, 4 MB goal, 0 MB stacks, 0 MB globals, 8 P
gc 4108 @14.705s 8%: 0.12+0.60+0.10 ms clock, 1.0+0.73/0.72/0+0.80 ms cpu, 3->3->1 MB, 4 MB goal, 0 MB stacks, 0 MB globals, 8 P
gc 4109 @14.708s 8%: 0.17+0.60+0.13 ms clock, 1.4+0.65/0.83/0+1.1 ms cpu, 3->3->1 MB, 4 MB goal, 0 MB stacks, 0 MB globals, 8 P
gc 4110 @14.710s 8%: 0.12+0.55+0.070 ms clock, 0.97+0.84/0.67/0+0.56 ms cpu, 3->3->1 MB, 4 MB goal, 0 MB stacks, 0 MB globals, 8 P
gc 4111 @14.713s 8%: 0.087+0.96+0.10 ms clock, 0.69+0.89/0.79/0+0.80 ms cpu, 3->4->1 MB, 4 MB goal, 0 MB stacks, 0 MB globals, 8 P
gc 4112 @14.715s 8%: 0.091+0.89+0.11 ms clock, 0.73+0.83/0.70/0+0.93 ms cpu, 3->4->1 MB, 4 MB goal, 0 MB stacks, 0 MB globals, 8 P
gc 4113 @14.718s 8%: 0.11+0.61+0.084 ms clock, 0.88+0.72/0.75/0+0.67 ms cpu, 3->3->1 MB, 4 MB goal, 0 MB stacks, 0 MB globals, 8 P
gc 4114 @14.721s 8%: 0.11+0.64+0.11 ms clock, 0.95+0.71/0.93/0+0.92 ms cpu, 3->3->1 MB, 4 MB goal, 0 MB stacks, 0 MB globals, 8 P
gc 4115 @14.723s 8%: 0.081+0.52+0.078 ms clock, 0.65+0.68/0.69/0+0.62 ms cpu, 3->3->1 MB, 4 MB goal, 0 MB stacks, 0 MB globals, 8 P
gc 4116 @14.725s 8%: 0.097+0.61+0.10 ms clock, 0.78+0.73/0.75/0+0.85 ms cpu, 3->3->1 MB, 4 MB goal, 0 MB stacks, 0 MB globals, 8 P
gc 4117 @14.728s 8%: 0.072+0.83+0.097 ms clock, 0.58+0.71/0.68/0.036+0.78 ms cpu, 3->3->1 MB, 4 MB goal, 0 MB stacks, 0 MB globals, 8 P
gc 4118 @14.730s 8%: 0.17+0.83+0.071 ms clock, 1.3+0.57/0.74/0+0.56 ms cpu, 3->3->1 MB, 4 MB goal, 0 MB stacks, 0 MB globals, 8 P
gc 4119 @14.733s 8%: 0.13+1.1+0.056 ms clock, 1.0+0.80/0.88/0+0.44 ms cpu, 3->4->2 MB, 4 MB goal, 0 MB stacks, 0 MB globals, 8 P
gc 4120 @14.736s 8%: 0.098+0.66+0.097 ms clock, 0.78+0.85/0.85/0+0.77 ms cpu, 3->4->1 MB, 4 MB goal, 0 MB stacks, 0 MB globals, 8 P
gc 4121 @14.739s 8%: 0.11+0.91+0.10 ms clock, 0.91+0.79/0.72/0+0.86 ms cpu, 3->3->1 MB, 4 MB goal, 0 MB stacks, 0 MB globals, 8 P
gc 4122 @14.741s 8%: 0.10+0.65+0.10 ms clock, 0.82+0.53/0.78/0+0.81 ms cpu, 3->3->1 MB, 4 MB goal, 0 MB stacks, 0 MB globals, 8 P
gc 4123 @14.744s 8%: 0.12+0.72+0.075 ms clock, 0.96+0.70/0.85/0+0.60 ms cpu, 3->3->1 MB, 4 MB goal, 0 MB stacks, 0 MB globals, 8 P
gc 4124 @14.746s 8%: 0.10+0.89+0.12 ms clock, 0.82+0.64/0.83/0+1.0 ms cpu, 3->4->1 MB, 4 MB goal, 0 MB stacks, 0 MB globals, 8 P
gc 4125 @14.749s 8%: 0.12+1.0+0.10 ms clock, 1.0+0.68/0.82/0+0.83 ms cpu, 3->4->1 MB, 4 MB goal, 0 MB stacks, 0 MB globals, 8 P
gc 4126 @14.752s 8%: 0.12+0.51+0.090 ms clock, 0.96+0.93/0.63/0+0.72 ms cpu, 3->3->1 MB, 4 MB goal, 0 MB stacks, 0 MB globals, 8 P
gc 4127 @14.754s 8%: 0.099+1.1+0.091 ms clock, 0.79+0.68/0.86/0+0.73 ms cpu, 3->4->1 MB, 4 MB goal, 0 MB stacks, 0 MB globals, 8 P
gc 4128 @14.757s 8%: 0.10+0.93+0.091 ms clock, 0.81+0.74/0.74/0+0.72 ms cpu, 3->4->1 MB, 4 MB goal, 0 MB stacks, 0 MB globals, 8 P
gc 4129 @14.760s 8%: 0.11+0.67+0.098 ms clock, 0.91+0.92/0.71/0+0.78 ms cpu, 3->3->1 MB, 4 MB goal, 0 MB stacks, 0 MB globals, 8 P
gc 4130 @14.762s 8%: 0.12+1.0+0.066 ms clock, 1.0+0.78/0.79/0+0.52 ms cpu, 3->3->1 MB, 4 MB goal, 0 MB stacks, 0 MB globals, 8 P
gc 4131 @14.765s 8%: 0.095+0.63+0.056 ms clock, 0.76+0.80/0.83/0+0.45 ms cpu, 3->3->1 MB, 4 MB goal, 0 MB stacks, 0 MB globals, 8 P
gc 4132 @14.768s 8%: 0.088+1.0+0.075 ms clock, 0.70+0.77/0.83/0+0.60 ms cpu, 3->3->1 MB, 4 MB goal, 0 MB stacks, 0 MB globals, 8 P
gc 4133 @14.770s 8%: 0.14+0.72+0.049 ms clock, 1.1+0.66/0.92/0+0.39 ms cpu, 3->4->1 MB, 4 MB goal, 0 MB stacks, 0 MB globals, 8 P
gc 4134 @14.773s 8%: 0.12+0.60+0.086 ms clock, 1.0+0.61/0.81/0+0.69 ms cpu, 3->3->1 MB, 4 MB goal, 0 MB stacks, 0 MB globals, 8 P
gc 4135 @14.775s 8%: 0.077+1.0+0.10 ms clock, 0.61+0.77/0.73/0+0.83 ms cpu, 3->4->1 MB, 4 MB goal, 0 MB stacks, 0 MB globals, 8 P
gc 4136 @14.778s 8%: 0.14+0.99+0.029 ms clock, 1.1+0.58/0.83/0+0.23 ms cpu, 3->4->1 MB, 4 MB goal, 0 MB stacks, 0 MB globals, 8 P
gc 4137 @14.781s 8%: 0.12+0.60+0.080 ms clock, 1.0+0.71/0.74/0+0.64 ms cpu, 3->3->1 MB, 4 MB goal, 0 MB stacks, 0 MB globals, 8 P
gc 4138 @14.783s 8%: 0.12+0.62+0.10 ms clock, 0.96+0.81/0.84/0+0.87 ms cpu, 3->3->1 MB, 4 MB goal, 0 MB stacks, 0 MB globals, 8 P
gc 4139 @14.786s 8%: 0.12+0.60+0.10 ms clock, 0.98+0.71/0.79/0+0.84 ms cpu, 3->3->1 MB, 4 MB goal, 0 MB stacks, 0 MB globals, 8 P
gc 4140 @14.788s 8%: 0.077+0.80+0.024 ms clock, 0.62+0.77/0.79/0+0.19 ms cpu, 3->3->1 MB, 4 MB goal, 0 MB stacks, 0 MB globals, 8 P
gc 4141 @14.791s 8%: 0.18+0.71+0.10 ms clock, 1.4+0.75/0.86/0+0.87 ms cpu, 3->3->1 MB, 4 MB goal, 0 MB stacks, 0 MB globals, 8 P
gc 4142 @14.793s 8%: 0.11+0.59+0.076 ms clock, 0.90+0.70/0.87/0+0.61 ms cpu, 3->3->1 MB, 4 MB goal, 0 MB stacks, 0 MB globals, 8 P
gc 4143 @14.796s 8%: 0.14+1.0+0.10 ms clock, 1.1+0.85/0.74/0+0.83 ms cpu, 3->4->1 MB, 4 MB goal, 0 MB stacks, 0 MB globals, 8 P
gc 4144 @14.799s 8%: 0.12+0.60+0.13 ms clock, 1.0+0.87/0.71/0+1.0 ms cpu, 3->4->1 MB, 4 MB goal, 0 MB stacks, 0 MB globals, 8 P
gc 4145 @14.801s 8%: 0.12+0.84+0.066 ms clock, 1.0+0.83/0.76/0+0.52 ms cpu, 3->3->1 MB, 4 MB goal, 0 MB stacks, 0 MB globals, 8 P
gc 4146 @14.804s 8%: 0.097+0.74+0.087 ms clock, 0.77+0.80/0.92/0+0.70 ms cpu, 3->3->1 MB, 4 MB goal, 0 MB stacks, 0 MB globals, 8 P
gc 4147 @14.807s 8%: 0.11+0.86+0.071 ms clock, 0.89+0.76/0.76/0+0.57 ms cpu, 3->3->1 MB, 4 MB goal, 0 MB stacks, 0 MB globals, 8 P
gc 4148 @14.809s 8%: 0.15+0.52+0.050 ms clock, 1.2+0.69/0.81/0+0.40 ms cpu, 3->3->1 MB, 4 MB goal, 0 MB stacks, 0 MB globals, 8 P
gc 4149 @14.812s 8%: 0.10+0.91+0.11 ms clock, 0.86+0.78/0.81/0+0.89 ms cpu, 3->3->1 MB, 4 MB goal, 0 MB stacks, 0 MB globals, 8 P
gc 4150 @14.814s 8%: 0.12+0.60+0.055 ms clock, 1.0+0.70/0.87/0+0.44 ms cpu, 3->3->1 MB, 4 MB goal, 0 MB stacks, 0 MB globals, 8 P
gc 4151 @14.817s 8%: 0.087+0.57+0.060 ms clock, 0.70+0.79/0.82/0+0.48 ms cpu, 3->3->1 MB, 4 MB goal, 0 MB stacks, 0 MB globals, 8 P
gc 4152 @14.819s 8%: 0.12+0.94+0.13 ms clock, 1.0+0.75/0.82/0+1.0 ms cpu, 3->4->1 MB, 4 MB goal, 0 MB stacks, 0 MB globals, 8 P
gc 4153 @14.823s 8%: 0.31+1.2+0.025 ms clock, 2.4+2.2/1.0/0+0.20 ms cpu, 3->4->2 MB, 4 MB goal, 0 MB stacks, 0 MB globals, 8 P
gc 4154 @14.826s 8%: 0.11+0.70+0.080 ms clock, 0.93+0.80/0.86/0+0.64 ms cpu, 4->4->1 MB, 5 MB goal, 0 MB stacks, 0 MB globals, 8 P
gc 4155 @14.828s 8%: 0.097+1.5+0.080 ms clock, 0.77+0.63/0.81/0+0.64 ms cpu, 3->4->2 MB, 4 MB goal, 0 MB stacks, 0 MB globals, 8 P
gc 4156 @14.832s 8%: 0.13+0.62+0.13 ms clock, 1.0+0.92/0.76/0+1.1 ms cpu, 3->4->1 MB, 4 MB goal, 0 MB stacks, 0 MB globals, 8 P
gc 4157 @14.834s 8%: 0.14+0.66+0.089 ms clock, 1.1+0.76/0.82/0+0.71 ms cpu, 3->3->1 MB, 4 MB goal, 0 MB stacks, 0 MB globals, 8 P
gc 4158 @14.837s 8%: 0.10+0.69+0.092 ms clock, 0.80+0.77/0.78/0+0.73 ms cpu, 3->3->1 MB, 4 MB goal, 0 MB stacks, 0 MB globals, 8 P
gc 4159 @14.839s 8%: 0.10+0.88+0.10 ms clock, 0.85+0.76/0.78/0+0.87 ms cpu, 3->4->1 MB, 4 MB goal, 0 MB stacks, 0 MB globals, 8 P
gc 4160 @14.842s 8%: 0.11+0.89+0.11 ms clock, 0.89+0.60/0.76/0+0.90 ms cpu, 3->4->1 MB, 4 MB goal, 0 MB stacks, 0 MB globals, 8 P
gc 4161 @14.845s 8%: 0.11+0.80+0.10 ms clock, 0.91+0.59/0.80/0+0.82 ms cpu, 3->4->1 MB, 4 MB goal, 0 MB stacks, 0 MB globals, 8 P
gc 4162 @14.847s 8%: 0.074+0.82+0.10 ms clock, 0.59+0.74/0.70/0+0.84 ms cpu, 3->3->1 MB, 4 MB goal, 0 MB stacks, 0 MB globals, 8 P
gc 4163 @14.850s 8%: 0.064+0.57+0.094 ms clock, 0.51+0.77/0.70/0+0.75 ms cpu, 3->3->1 MB, 4 MB goal, 0 MB stacks, 0 MB globals, 8 P
gc 4164 @14.852s 8%: 0.10+0.76+0.081 ms clock, 0.80+0.80/0.72/0+0.65 ms cpu, 3->3->1 MB, 4 MB goal, 0 MB stacks, 0 MB globals, 8 P
gc 4165 @14.855s 8%: 0.12+0.95+0.069 ms clock, 0.99+0.62/0.92/0+0.55 ms cpu, 3->4->1 MB, 4 MB goal, 0 MB stacks, 0 MB globals, 8 P
gc 4166 @14.857s 8%: 0.099+0.52+0.059 ms clock, 0.79+0.73/0.81/0+0.47 ms cpu, 3->3->1 MB, 4 MB goal, 0 MB stacks, 0 MB globals, 8 P
gc 4167 @14.860s 8%: 0.13+0.61+0.11 ms clock, 1.0+0.68/0.86/0+0.93 ms cpu, 3->3->1 MB, 4 MB goal, 0 MB stacks, 0 MB globals, 8 P
gc 4168 @14.862s 8%: 0.10+1.2+0.11 ms clock, 0.85+0.77/0.88/0+0.90 ms cpu, 3->3->1 MB, 4 MB goal, 0 MB stacks, 0 MB globals, 8 P
gc 4169 @14.865s 8%: 0.099+1.0+0.058 ms clock, 0.79+0.80/0.73/0+0.46 ms cpu, 3->4->1 MB, 4 MB goal, 0 MB stacks, 0 MB globals, 8 P
gc 4170 @14.868s 8%: 0.12+0.85+0.10 ms clock, 0.98+0.74/0.73/0+0.86 ms cpu, 3->4->1 MB, 4 MB goal, 0 MB stacks, 0 MB globals, 8 P
gc 4171 @14.871s 8%: 0.14+0.65+0.092 ms clock, 1.1+0.85/0.71/0+0.74 ms cpu, 3->3->1 MB, 4 MB goal, 0 MB stacks, 0 MB globals, 8 P
gc 4172 @14.873s 8%: 0.11+0.94+0.077 ms clock, 0.90+0.84/0.73/0+0.61 ms cpu, 3->3->1 MB, 4 MB goal, 0 MB stacks, 0 MB globals, 8 P
gc 4173 @14.876s 8%: 0.14+0.90+0.073 ms clock, 1.1+0.90/0.65/0+0.58 ms cpu, 3->4->1 MB, 4 MB goal, 0 MB stacks, 0 MB globals, 8 P
gc 4174 @14.878s 8%: 0.17+0.63+0.089 ms clock, 1.4+0.93/0.76/0+0.71 ms cpu, 3->3->1 MB, 4 MB goal, 0 MB stacks, 0 MB globals, 8 P
gc 4175 @14.881s 8%: 0.10+0.56+0.10 ms clock, 0.84+0.67/0.74/0+0.84 ms cpu, 3->3->1 MB, 4 MB goal, 0 MB stacks, 0 MB globals, 8 P
gc 4176 @14.883s 8%: 0.10+0.53+0.11 ms clock, 0.82+0.78/0.75/0+0.89 ms cpu, 3->3->1 MB, 4 MB goal, 0 MB stacks, 0 MB globals, 8 P
gc 4177 @14.886s 8%: 0.079+0.58+0.11 ms clock, 0.63+0.77/0.81/0+0.89 ms cpu, 3->3->1 MB, 4 MB goal, 0 MB stacks, 0 MB globals, 8 P
gc 4178 @14.888s 8%: 0.10+0.49+0.085 ms clock, 0.83+0.84/0.69/0+0.68 ms cpu, 3->3->1 MB, 4 MB goal, 0 MB stacks, 0 MB globals, 8 P
gc 4179 @14.891s 8%: 0.10+1.3+0.092 ms clock, 0.81+0.81/0.70/0+0.74 ms cpu, 3->4->2 MB, 4 MB goal, 0 MB stacks, 0 MB globals, 8 P
gc 4180 @14.894s 8%: 0.11+0.65+0.046 ms clock, 0.95+0.81/0.84/0+0.37 ms cpu, 4->4->1 MB, 4 MB goal, 0 MB stacks, 0 MB globals, 8 P
gc 4181 @14.897s 8%: 0.11+0.63+0.075 ms clock, 0.93+0.67/0.79/0+0.60 ms cpu, 3->3->1 MB, 4 MB goal, 0 MB stacks, 0 MB globals, 8 P
gc 4182 @14.899s 8%: 0.12+1.2+0.090 ms clock, 1.0+0.80/0.84/0+0.72 ms cpu, 3->4->2 MB, 4 MB goal, 0 MB stacks, 0 MB globals, 8 P
gc 4183 @14.903s 8%: 0.096+0.84+0.074 ms clock, 0.77+0.93/0.71/0+0.59 ms cpu, 3->4->1 MB, 4 MB goal, 0 MB stacks, 0 MB globals, 8 P
gc 4184 @14.905s 8%: 0.12+0.58+0.095 ms clock, 1.0+0.71/0.79/0+0.76 ms cpu, 3->3->1 MB, 4 MB goal, 0 MB stacks, 0 MB globals, 8 P
gc 4185 @14.908s 8%: 0.13+0.79+0.15 ms clock, 1.0+0.63/0.84/0+1.2 ms cpu, 3->3->1 MB, 4 MB goal, 0 MB stacks, 0 MB globals, 8 P
gc 4186 @14.910s 8%: 0.10+1.1+0.054 ms clock, 0.80+0.79/0.83/0+0.43 ms cpu, 3->4->1 MB, 4 MB goal, 0 MB stacks, 0 MB globals, 8 P
gc 4187 @14.913s 8%: 0.062+0.89+0.067 ms clock, 0.49+0.73/0.75/0+0.53 ms cpu, 3->4->1 MB, 4 MB goal, 0 MB stacks, 0 MB globals, 8 P
gc 4188 @14.916s 8%: 0.14+0.89+0.048 ms clock, 1.1+0.65/0.81/0+0.39 ms cpu, 3->4->1 MB, 4 MB goal, 0 MB stacks, 0 MB globals, 8 P
gc 4189 @14.918s 8%: 0.11+0.59+0.075 ms clock, 0.89+0.93/0.70/0+0.60 ms cpu, 3->3->1 MB, 4 MB goal, 0 MB stacks, 0 MB globals, 8 P
gc 4190 @14.921s 8%: 0.10+0.92+0.090 ms clock, 0.81+0.61/0.70/0+0.72 ms cpu, 3->3->1 MB, 4 MB goal, 0 MB stacks, 0 MB globals, 8 P
gc 4191 @14.924s 8%: 0.16+0.93+0.093 ms clock, 1.2+0.76/0.81/0+0.74 ms cpu, 3->4->1 MB, 4 MB goal, 0 MB stacks, 0 MB globals, 8 P
gc 4192 @14.926s 8%: 0.14+0.50+0.059 ms clock, 1.1+0.76/0.75/0+0.47 ms cpu, 3->3->1 MB, 4 MB goal, 0 MB stacks, 0 MB globals, 8 P
gc 4193 @14.929s 8%: 0.13+0.94+0.11 ms clock, 1.0+0.74/0.69/0+0.89 ms cpu, 3->3->1 MB, 4 MB goal, 0 MB stacks, 0 MB globals, 8 P
gc 4194 @14.931s 8%: 0.15+1.2+0.13 ms clock, 1.2+0.69/0.85/0+1.0 ms cpu, 3->4->1 MB, 4 MB goal, 0 MB stacks, 0 MB globals, 8 P
gc 4195 @14.934s 8%: 0.097+0.67+0.088 ms clock, 0.78+0.68/0.83/0+0.70 ms cpu, 3->4->1 MB, 4 MB goal, 0 MB stacks, 0 MB globals, 8 P
gc 4196 @14.937s 8%: 0.090+0.48+0.060 ms clock, 0.72+0.82/0.74/0+0.48 ms cpu, 3->3->1 MB, 4 MB goal, 0 MB stacks, 0 MB globals, 8 P
gc 4197 @14.939s 8%: 0.11+0.67+0.057 ms clock, 0.93+0.55/0.87/0+0.45 ms cpu, 3->3->1 MB, 4 MB goal, 0 MB stacks, 0 MB globals, 8 P
gc 4198 @14.942s 8%: 0.10+0.67+0.10 ms clock, 0.86+0.73/0.82/0+0.82 ms cpu, 3->3->1 MB, 4 MB goal, 0 MB stacks, 0 MB globals, 8 P
gc 4199 @14.944s 8%: 0.12+0.60+0.089 ms clock, 0.97+0.93/0.70/0+0.71 ms cpu, 3->3->1 MB, 4 MB goal, 0 MB stacks, 0 MB globals, 8 P
gc 4200 @14.947s 8%: 0.15+0.64+0.094 ms clock, 1.2+0.71/0.71/0+0.75 ms cpu, 3->3->1 MB, 4 MB goal, 0 MB stacks, 0 MB globals, 8 P
gc 4201 @14.949s 8%: 0.10+0.87+0.090 ms clock, 0.86+0.77/0.74/0+0.72 ms cpu, 3->3->1 MB, 4 MB goal, 0 MB stacks, 0 MB globals, 8 P
gc 4202 @14.952s 8%: 0.10+1.0+0.12 ms clock, 0.85+0.90/0.74/0+1.0 ms cpu, 3->4->1 MB, 4 MB goal, 0 MB stacks, 0 MB globals, 8 P
gc 4203 @14.955s 8%: 0.18+0.71+0.065 ms clock, 1.5+0.74/0.80/0.009+0.52 ms cpu, 3->4->1 MB, 4 MB goal, 0 MB stacks, 0 MB globals, 8 P
gc 4204 @14.957s 8%: 0.15+0.97+0.051 ms clock, 1.2+0.67/0.76/0+0.40 ms cpu, 3->3->1 MB, 4 MB goal, 0 MB stacks, 0 MB globals, 8 P
gc 4205 @14.960s 8%: 0.10+0.91+0.066 ms clock, 0.86+0.77/0.84/0+0.53 ms cpu, 3->4->1 MB, 4 MB goal, 0 MB stacks, 0 MB globals, 8 P
gc 4206 @14.963s 8%: 0.13+0.68+0.063 ms clock, 1.0+0.76/0.87/0+0.50 ms cpu, 3->3->1 MB, 4 MB goal, 0 MB stacks, 0 MB globals, 8 P
gc 4207 @14.965s 8%: 0.12+0.62+0.075 ms clock, 1.0+0.57/0.84/0+0.60 ms cpu, 3->3->1 MB, 4 MB goal, 0 MB stacks, 0 MB globals, 8 P
gc 4208 @14.968s 8%: 0.10+0.81+0.094 ms clock, 0.82+0.90/0.76/0+0.75 ms cpu, 3->3->1 MB, 4 MB goal, 0 MB stacks, 0 MB globals, 8 P
gc 4209 @14.970s 8%: 0.10+0.64+0.086 ms clock, 0.83+0.72/0.84/0+0.69 ms cpu, 3->3->1 MB, 4 MB goal, 0 MB stacks, 0 MB globals, 8 P
gc 4210 @14.973s 8%: 0.13+0.90+0.091 ms clock, 1.0+0.79/0.82/0+0.73 ms cpu, 3->4->1 MB, 4 MB goal, 0 MB stacks, 0 MB globals, 8 P
gc 4211 @14.975s 8%: 0.094+0.63+0.10 ms clock, 0.75+0.78/0.73/0+0.80 ms cpu, 3->3->1 MB, 4 MB goal, 0 MB stacks, 0 MB globals, 8 P
gc 4212 @14.978s 8%: 0.062+0.64+0.20 ms clock, 0.50+0.80/0.82/0+1.6 ms cpu, 3->3->1 MB, 4 MB goal, 0 MB stacks, 0 MB globals, 8 P
gc 4213 @14.980s 8%: 0.15+0.77+0.12 ms clock, 1.2+0.77/0.81/0+0.96 ms cpu, 3->4->1 MB, 4 MB goal, 0 MB stacks, 0 MB globals, 8 P
gc 4214 @14.983s 8%: 0.10+0.67+0.14 ms clock, 0.82+0.74/0.85/0+1.1 ms cpu, 3->3->1 MB, 4 MB goal, 0 MB stacks, 0 MB globals, 8 P
gc 4215 @14.986s 8%: 0.11+1.0+0.10 ms clock, 0.93+0.76/0.70/0+0.80 ms cpu, 3->3->1 MB, 4 MB goal, 0 MB stacks, 0 MB globals, 8 P
gc 4216 @14.988s 8%: 0.083+1.1+0.077 ms clock, 0.66+0.91/0.66/0+0.62 ms cpu, 3->4->1 MB, 4 MB goal, 0 MB stacks, 0 MB globals, 8 P
gc 4217 @14.991s 8%: 0.090+0.65+0.14 ms clock, 0.72+0.79/0.79/0+1.1 ms cpu, 3->3->1 MB, 4 MB goal, 0 MB stacks, 0 MB globals, 8 P
gc 4218 @14.994s 8%: 0.086+0.56+0.10 ms clock, 0.69+0.76/0.75/0+0.80 ms cpu, 3->3->1 MB, 4 MB goal, 0 MB stacks, 0 MB globals, 8 P
gc 4219 @14.996s 8%: 0.091+1.3+0.095 ms clock, 0.73+0.67/0.83/0+0.76 ms cpu, 3->4->2 MB, 4 MB goal, 0 MB stacks, 0 MB globals, 8 P
gc 4220 @14.999s 8%: 0.099+0.57+0.11 ms clock, 0.79+0.77/0.83/0+0.92 ms cpu, 3->4->1 MB, 4 MB goal, 0 MB stacks, 0 MB globals, 8 P
gc 4221 @15.002s 8%: 0.10+0.90+0.10 ms clock, 0.87+0.64/0.77/0+0.81 ms cpu, 3->3->1 MB, 4 MB goal, 0 MB stacks, 0 MB globals, 8 P
gc 4222 @15.004s 8%: 0.12+0.50+0.092 ms clock, 0.97+0.74/0.73/0+0.73 ms cpu, 3->3->1 MB, 4 MB goal, 0 MB stacks, 0 MB globals, 8 P
gc 4223 @15.007s 8%: 0.11+0.81+0.11 ms clock, 0.88+0.84/0.72/0+0.94 ms cpu, 3->3->1 MB, 4 MB goal, 0 MB stacks, 0 MB globals, 8 P
gc 4224 @15.010s 8%: 0.14+0.52+0.064 ms clock, 1.1+0.87/0.69/0+0.51 ms cpu, 3->3->1 MB, 4 MB goal, 0 MB stacks, 0 MB globals, 8 P
gc 4225 @15.012s 8%: 0.10+0.59+0.098 ms clock, 0.82+0.66/0.82/0+0.78 ms cpu, 3->3->1 MB, 4 MB goal, 0 MB stacks, 0 MB globals, 8 P
gc 4226 @15.014s 8%: 0.10+0.92+0.070 ms clock, 0.87+0.68/0.84/0+0.56 ms cpu, 3->3->1 MB, 4 MB goal, 0 MB stacks, 0 MB globals, 8 P
gc 4227 @15.017s 8%: 0.11+0.84+0.088 ms clock, 0.92+0.80/0.74/0+0.70 ms cpu, 3->4->1 MB, 4 MB goal, 0 MB stacks, 0 MB globals, 8 P
gc 4228 @15.020s 8%: 0.16+0.77+0.093 ms clock, 1.3+0.69/0.91/0+0.74 ms cpu, 3->3->1 MB, 4 MB goal, 0 MB stacks, 0 MB globals, 8 P
gc 4229 @15.022s 8%: 0.081+0.68+0.10 ms clock, 0.65+0.77/0.85/0+0.83 ms cpu, 3->3->1 MB, 4 MB goal, 0 MB stacks, 0 MB globals, 8 P
gc 4230 @15.025s 8%: 0.10+1.2+0.070 ms clock, 0.85+0.60/0.73/0+0.56 ms cpu, 3->4->1 MB, 4 MB goal, 0 MB stacks, 0 MB globals, 8 P
gc 4231 @15.028s 8%: 0.18+1.0+0.091 ms clock, 1.4+0.60/0.80/0+0.73 ms cpu, 3->4->1 MB, 4 MB goal, 0 MB stacks, 0 MB globals, 8 P
gc 4232 @15.031s 8%: 0.12+0.59+0.084 ms clock, 1.0+0.91/0.80/0+0.67 ms cpu, 3->3->1 MB, 4 MB goal, 0 MB stacks, 0 MB globals, 8 P
gc 4233 @15.033s 8%: 0.084+0.65+0.11 ms clock, 0.67+0.93/0.75/0+0.94 ms cpu, 3->3->1 MB, 4 MB goal, 0 MB stacks, 0 MB globals, 8 P
gc 4234 @15.036s 8%: 0.10+0.71+0.10 ms clock, 0.81+0.89/0.80/0+0.82 ms cpu, 3->3->1 MB, 4 MB goal, 0 MB stacks, 0 MB globals, 8 P
gc 4235 @15.038s 8%: 0.10+1.0+0.074 ms clock, 0.84+0.78/0.75/0+0.59 ms cpu, 3->4->1 MB, 4 MB goal, 0 MB stacks, 0 MB globals, 8 P
gc 4236 @15.041s 8%: 0.10+0.63+0.069 ms clock, 0.87+0.76/0.81/0+0.55 ms cpu, 3->4->1 MB, 4 MB goal, 0 MB stacks, 0 MB globals, 8 P
gc 4237 @15.044s 8%: 0.12+0.65+0.072 ms clock, 0.97+0.87/0.86/0+0.58 ms cpu, 3->3->1 MB, 4 MB goal, 0 MB stacks, 0 MB globals, 8 P
gc 4238 @15.046s 8%: 0.16+1.1+0.11 ms clock, 1.2+0.65/0.73/0+0.89 ms cpu, 3->4->2 MB, 4 MB goal, 0 MB stacks, 0 MB globals, 8 P
gc 4239 @15.049s 8%: 0.084+1.0+0.098 ms clock, 0.67+0.83/0.85/0+0.79 ms cpu, 3->4->1 MB, 4 MB goal, 0 MB stacks, 0 MB globals, 8 P
gc 4240 @15.052s 8%: 0.12+0.87+0.10 ms clock, 1.0+0.78/0.73/0+0.86 ms cpu, 3->4->1 MB, 4 MB goal, 0 MB stacks, 0 MB globals, 8 P
gc 4241 @15.055s 8%: 0.14+0.51+0.087 ms clock, 1.1+0.73/0.70/0+0.69 ms cpu, 3->3->1 MB, 4 MB goal, 0 MB stacks, 0 MB globals, 8 P
gc 4242 @15.057s 8%: 0.10+0.57+0.13 ms clock, 0.82+0.80/0.65/0+1.0 ms cpu, 3->3->1 MB, 4 MB goal, 0 MB stacks, 0 MB globals, 8 P
gc 4243 @15.059s 8%: 0.12+0.55+0.065 ms clock, 0.99+0.71/0.78/0+0.52 ms cpu, 3->3->1 MB, 4 MB goal, 0 MB stacks, 0 MB globals, 8 P
gc 4244 @15.062s 8%: 0.093+0.66+0.10 ms clock, 0.74+0.83/0.84/0+0.86 ms cpu, 3->3->1 MB, 4 MB goal, 0 MB stacks, 0 MB globals, 8 P
gc 4245 @15.064s 8%: 0.12+0.49+0.11 ms clock, 0.97+0.81/0.76/0+0.89 ms cpu, 3->3->1 MB, 4 MB goal, 0 MB stacks, 0 MB globals, 8 P
gc 4246 @15.067s 8%: 0.14+0.94+0.064 ms clock, 1.1+0.79/0.80/0+0.51 ms cpu, 3->3->1 MB, 4 MB goal, 0 MB stacks, 0 MB globals, 8 P
gc 4247 @15.070s 8%: 0.11+0.55+0.11 ms clock, 0.93+0.82/0.79/0+0.91 ms cpu, 3->3->1 MB, 4 MB goal, 0 MB stacks, 0 MB globals, 8 P
gc 4248 @15.072s 8%: 0.14+0.69+0.12 ms clock, 1.1+0.82/0.84/0+0.97 ms cpu, 3->3->1 MB, 4 MB goal, 0 MB stacks, 0 MB globals, 8 P
gc 4249 @15.075s 8%: 0.11+0.83+0.20 ms clock, 0.90+0.67/0.76/0+1.6 ms cpu, 3->3->1 MB, 4 MB goal, 0 MB stacks, 0 MB globals, 8 P
gc 4250 @15.077s 8%: 0.13+1.3+0.097 ms clock, 1.0+0.75/0.77/0+0.78 ms cpu, 3->4->2 MB, 4 MB goal, 0 MB stacks, 0 MB globals, 8 P
gc 4251 @15.080s 8%: 0.15+0.68+0.10 ms clock, 1.2+0.79/0.82/0+0.80 ms cpu, 3->4->1 MB, 4 MB goal, 0 MB stacks, 0 MB globals, 8 P
gc 4252 @15.083s 8%: 0.098+0.70+0.10 ms clock, 0.78+0.84/0.77/0+0.81 ms cpu, 3->3->1 MB, 4 MB goal, 0 MB stacks, 0 MB globals, 8 P
gc 4253 @15.085s 8%: 0.11+0.57+0.084 ms clock, 0.91+0.74/0.75/0+0.67 ms cpu, 3->3->1 MB, 4 MB goal, 0 MB stacks, 0 MB globals, 8 P
gc 4254 @15.088s 8%: 0.11+0.75+0.053 ms clock, 0.93+0.89/0.93/0+0.43 ms cpu, 3->3->1 MB, 4 MB goal, 0 MB stacks, 0 MB globals, 8 P
gc 4255 @15.090s 8%: 0.16+0.59+0.050 ms clock, 1.3+0.83/0.78/0+0.40 ms cpu, 3->3->1 MB, 4 MB goal, 0 MB stacks, 0 MB globals, 8 P
gc 4256 @15.093s 8%: 0.13+0.78+0.089 ms clock, 1.0+0.73/0.84/0+0.71 ms cpu, 3->3->1 MB, 4 MB goal, 0 MB stacks, 0 MB globals, 8 P
gc 4257 @15.095s 8%: 0.098+0.67+0.095 ms clock, 0.78+0.72/0.83/0+0.76 ms cpu, 3->3->1 MB, 4 MB goal, 0 MB stacks, 0 MB globals, 8 P
gc 4258 @15.098s 8%: 0.093+0.89+0.074 ms clock, 0.74+0.91/0.66/0+0.59 ms cpu, 3->4->1 MB, 4 MB goal, 0 MB stacks, 0 MB globals, 8 P
gc 4259 @15.100s 8%: 0.13+1.2+0.083 ms clock, 1.0+0.70/0.79/0+0.67 ms cpu, 3->4->2 MB, 4 MB goal, 0 MB stacks, 0 MB globals, 8 P
gc 4260 @15.104s 8%: 0.12+0.68+0.10 ms clock, 0.99+0.79/0.83/0+0.87 ms cpu, 3->4->1 MB, 4 MB goal, 0 MB stacks, 0 MB globals, 8 P
gc 4261 @15.106s 8%: 0.094+1.0+0.20 ms clock, 0.75+0.67/0.91/0+1.6 ms cpu, 3->4->1 MB, 4 MB goal, 0 MB stacks, 0 MB globals, 8 P
gc 4262 @15.109s 8%: 0.089+0.56+0.095 ms clock, 0.71+0.73/0.85/0+0.76 ms cpu, 3->3->1 MB, 4 MB goal, 0 MB stacks, 0 MB globals, 8 P
gc 4263 @15.112s 8%: 0.13+1.2+0.097 ms clock, 1.1+0.76/0.75/0+0.78 ms cpu, 3->4->2 MB, 4 MB goal, 0 MB stacks, 0 MB globals, 8 P
gc 4264 @15.115s 8%: 0.12+0.76+0.11 ms clock, 1.0+0.73/0.74/0+0.93 ms cpu, 3->4->1 MB, 4 MB goal, 0 MB stacks, 0 MB globals, 8 P
gc 4265 @15.117s 8%: 0.12+0.62+0.083 ms clock, 1.0+0.75/0.71/0.007+0.66 ms cpu, 3->3->1 MB, 4 MB goal, 0 MB stacks, 0 MB globals, 8 P
gc 4266 @15.120s 8%: 0.12+0.65+0.068 ms clock, 0.97+0.80/0.83/0+0.54 ms cpu, 3->3->1 MB, 4 MB goal, 0 MB stacks, 0 MB globals, 8 P
gc 4267 @15.122s 8%: 0.11+0.93+0.095 ms clock, 0.95+0.67/0.82/0+0.76 ms cpu, 3->3->1 MB, 4 MB goal, 0 MB stacks, 0 MB globals, 8 P
gc 4268 @15.125s 8%: 0.11+0.88+0.12 ms clock, 0.91+0.74/0.81/0+0.99 ms cpu, 3->4->1 MB, 4 MB goal, 0 MB stacks, 0 MB globals, 8 P
gc 4269 @15.128s 8%: 0.12+0.61+0.092 ms clock, 0.96+0.88/0.81/0+0.73 ms cpu, 3->3->1 MB, 4 MB goal, 0 MB stacks, 0 MB globals, 8 P
gc 4270 @15.130s 8%: 0.081+1.0+0.092 ms clock, 0.65+0.68/0.88/0+0.74 ms cpu, 3->4->1 MB, 4 MB goal, 0 MB stacks, 0 MB globals, 8 P
gc 4271 @15.133s 8%: 0.11+0.56+0.072 ms clock, 0.95+0.62/0.93/0+0.57 ms cpu, 3->4->1 MB, 4 MB goal, 0 MB stacks, 0 MB globals, 8 P
gc 4272 @15.135s 8%: 0.086+1.3+0.088 ms clock, 0.69+0.81/0.68/0+0.70 ms cpu, 3->4->2 MB, 4 MB goal, 0 MB stacks, 0 MB globals, 8 P
gc 4273 @15.139s 8%: 0.12+0.66+0.10 ms clock, 1.0+0.73/0.85/0+0.81 ms cpu, 3->4->1 MB, 4 MB goal, 0 MB stacks, 0 MB globals, 8 P
gc 4274 @15.141s 8%: 0.085+0.53+0.095 ms clock, 0.68+0.77/0.74/0+0.76 ms cpu, 3->3->1 MB, 4 MB goal, 0 MB stacks, 0 MB globals, 8 P
gc 4275 @15.144s 8%: 0.16+1.5+0.10 ms clock, 1.3+0.83/0.77/0+0.81 ms cpu, 3->4->2 MB, 4 MB goal, 0 MB stacks, 0 MB globals, 8 P
gc 4276 @15.147s 8%: 0.12+1.1+0.075 ms clock, 0.96+0.86/0.71/0+0.60 ms cpu, 4->4->1 MB, 4 MB goal, 0 MB stacks, 0 MB globals, 8 P
gc 4277 @15.150s 8%: 0.10+0.94+0.078 ms clock, 0.87+0.80/0.76/0+0.62 ms cpu, 3->4->1 MB, 4 MB goal, 0 MB stacks, 0 MB globals, 8 P
gc 4278 @15.153s 8%: 0.095+0.70+0.085 ms clock, 0.76+0.81/0.73/0+0.68 ms cpu, 3->3->1 MB, 4 MB goal, 0 MB stacks, 0 MB globals, 8 P
gc 4279 @15.155s 8%: 0.092+0.75+0.14 ms clock, 0.73+0.87/0.74/0+1.1 ms cpu, 3->3->1 MB, 4 MB goal, 0 MB stacks, 0 MB globals, 8 P
gc 4280 @15.158s 8%: 0.15+1.1+0.10 ms clock, 1.2+0.77/0.74/0+0.83 ms cpu, 3->4->2 MB, 4 MB goal, 0 MB stacks, 0 MB globals, 8 P
gc 4281 @15.161s 8%: 0.072+0.64+0.063 ms clock, 0.57+0.75/0.84/0+0.51 ms cpu, 3->4->1 MB, 4 MB goal, 0 MB stacks, 0 MB globals, 8 P
gc 4282 @15.163s 8%: 0.11+0.71+0.094 ms clock, 0.88+0.72/0.78/0+0.75 ms cpu, 3->3->1 MB, 4 MB goal, 0 MB stacks, 0 MB globals, 8 P
gc 4283 @15.166s 8%: 0.14+0.54+0.099 ms clock, 1.1+0.76/0.76/0+0.79 ms cpu, 3->3->1 MB, 4 MB goal, 0 MB stacks, 0 MB globals, 8 P
gc 4284 @15.168s 8%: 0.088+0.94+0.10 ms clock, 0.70+0.77/0.77/0+0.85 ms cpu, 3->3->1 MB, 4 MB goal, 0 MB stacks, 0 MB globals, 8 P
gc 4285 @15.171s 8%: 0.081+0.61+0.11 ms clock, 0.64+0.73/0.74/0+0.92 ms cpu, 3->3->1 MB, 4 MB goal, 0 MB stacks, 0 MB globals, 8 P
gc 4286 @15.174s 8%: 0.14+0.57+0.050 ms clock, 1.1+0.73/0.75/0+0.40 ms cpu, 3->3->1 MB, 4 MB goal, 0 MB stacks, 0 MB globals, 8 P
gc 4287 @15.176s 8%: 0.12+0.52+0.050 ms clock, 1.0+0.78/0.70/0+0.40 ms cpu, 3->3->1 MB, 4 MB goal, 0 MB stacks, 0 MB globals, 8 P
gc 4288 @15.179s 8%: 0.11+0.68+0.084 ms clock, 0.91+0.75/0.77/0+0.67 ms cpu, 3->3->1 MB, 4 MB goal, 0 MB stacks, 0 MB globals, 8 P
gc 4289 @15.181s 8%: 0.10+0.58+0.077 ms clock, 0.85+0.77/0.82/0+0.62 ms cpu, 3->3->1 MB, 4 MB goal, 0 MB stacks, 0 MB globals, 8 P
gc 4290 @15.184s 8%: 0.13+0.90+0.080 ms clock, 1.1+0.87/0.84/0+0.64 ms cpu, 3->4->1 MB, 4 MB goal, 0 MB stacks, 0 MB globals, 8 P
gc 4291 @15.186s 8%: 0.16+0.94+0.099 ms clock, 1.3+0.79/0.86/0+0.79 ms cpu, 3->4->1 MB, 4 MB goal, 0 MB stacks, 0 MB globals, 8 P
gc 4292 @15.189s 8%: 0.13+0.64+0.040 ms clock, 1.0+0.79/0.79/0+0.32 ms cpu, 3->3->1 MB, 4 MB goal, 0 MB stacks, 0 MB globals, 8 P
gc 4293 @15.191s 8%: 0.11+0.74+0.11 ms clock, 0.95+0.91/0.97/0+0.89 ms cpu, 3->3->1 MB, 4 MB goal, 0 MB stacks, 0 MB globals, 8 P
gc 4294 @15.194s 8%: 0.11+0.65+0.068 ms clock, 0.88+0.71/0.75/0+0.54 ms cpu, 3->3->1 MB, 4 MB goal, 0 MB stacks, 0 MB globals, 8 P
gc 4295 @15.196s 8%: 0.10+0.56+0.052 ms clock, 0.87+0.80/0.80/0+0.42 ms cpu, 3->3->1 MB, 4 MB goal, 0 MB stacks, 0 MB globals, 8 P
gc 4296 @15.199s 8%: 0.10+0.57+0.11 ms clock, 0.80+0.75/0.66/0+0.90 ms cpu, 3->3->1 MB, 4 MB goal, 0 MB stacks, 0 MB globals, 8 P
gc 4297 @15.201s 8%: 0.14+0.59+0.10 ms clock, 1.1+0.62/0.76/0+0.87 ms cpu, 3->3->1 MB, 4 MB goal, 0 MB stacks, 0 MB globals, 8 P
gc 4298 @15.204s 8%: 0.080+0.61+0.072 ms clock, 0.64+0.84/0.78/0+0.57 ms cpu, 3->3->1 MB, 4 MB goal, 0 MB stacks, 0 MB globals, 8 P
gc 4299 @15.206s 8%: 0.14+0.72+0.11 ms clock, 1.1+0.86/0.64/0+0.88 ms cpu, 3->3->1 MB, 4 MB goal, 0 MB stacks, 0 MB globals, 8 P
gc 4300 @15.209s 8%: 0.11+0.96+0.10 ms clock, 0.93+0.72/0.87/0+0.80 ms cpu, 3->4->1 MB, 4 MB goal, 0 MB stacks, 0 MB globals, 8 P
gc 4301 @15.211s 8%: 0.080+0.60+0.087 ms clock, 0.64+0.83/0.76/0+0.70 ms cpu, 3->3->1 MB, 4 MB goal, 0 MB stacks, 0 MB globals, 8 P
gc 4302 @15.214s 8%: 0.10+0.82+0.068 ms clock, 0.87+0.80/0.75/0+0.55 ms cpu, 3->3->1 MB, 4 MB goal, 0 MB stacks, 0 MB globals, 8 P
gc 4303 @15.217s 8%: 0.10+0.77+0.068 ms clock, 0.86+0.70/0.95/0+0.54 ms cpu, 3->3->1 MB, 4 MB goal, 0 MB stacks, 0 MB globals, 8 P
gc 4304 @15.219s 8%: 0.11+0.57+0.15 ms clock, 0.90+0.71/0.77/0+1.2 ms cpu, 3->3->1 MB, 4 MB goal, 0 MB stacks, 0 MB globals, 8 P
gc 4305 @15.222s 8%: 0.10+0.73+0.068 ms clock, 0.84+0.63/0.79/0+0.55 ms cpu, 3->3->1 MB, 4 MB goal, 0 MB stacks, 0 MB globals, 8 P
gc 4306 @15.224s 8%: 0.12+0.57+0.065 ms clock, 1.0+0.69/0.79/0+0.52 ms cpu, 3->3->1 MB, 4 MB goal, 0 MB stacks, 0 MB globals, 8 P
gc 4307 @15.227s 8%: 0.098+0.76+0.094 ms clock, 0.78+0.62/0.79/0+0.75 ms cpu, 3->3->1 MB, 4 MB goal, 0 MB stacks, 0 MB globals, 8 P
gc 4308 @15.229s 8%: 0.098+0.70+0.13 ms clock, 0.78+0.80/0.78/0+1.1 ms cpu, 3->3->1 MB, 4 MB goal, 0 MB stacks, 0 MB globals, 8 P
gc 4309 @15.232s 8%: 0.12+0.56+0.12 ms clock, 1.0+0.81/0.75/0+0.97 ms cpu, 3->3->1 MB, 4 MB goal, 0 MB stacks, 0 MB globals, 8 P
gc 4310 @15.234s 8%: 0.090+0.98+0.059 ms clock, 0.72+0.79/0.82/0+0.47 ms cpu, 3->4->1 MB, 4 MB goal, 0 MB stacks, 0 MB globals, 8 P
gc 4311 @15.237s 8%: 0.11+0.68+0.10 ms clock, 0.92+0.85/0.77/0+0.82 ms cpu, 3->3->1 MB, 4 MB goal, 0 MB stacks, 0 MB globals, 8 P
gc 4312 @15.239s 8%: 0.14+0.76+0.11 ms clock, 1.1+0.60/0.94/0+0.88 ms cpu, 3->3->1 MB, 4 MB goal, 0 MB stacks, 0 MB globals, 8 P
gc 4313 @15.242s 8%: 0.13+0.51+0.059 ms clock, 1.0+0.73/0.74/0+0.47 ms cpu, 3->3->1 MB, 4 MB goal, 0 MB stacks, 0 MB globals, 8 P
gc 4314 @15.244s 8%: 0.14+0.67+0.076 ms clock, 1.1+0.73/0.77/0+0.61 ms cpu, 3->3->1 MB, 4 MB goal, 0 MB stacks, 0 MB globals, 8 P
gc 4315 @15.247s 8%: 0.14+0.68+0.092 ms clock, 1.1+0.70/0.86/0+0.74 ms cpu, 3->3->1 MB, 4 MB goal, 0 MB stacks, 0 MB globals, 8 P
gc 4316 @15.249s 8%: 0.10+1.2+0.093 ms clock, 0.82+0.74/0.79/0+0.74 ms cpu, 3->4->2 MB, 4 MB goal, 0 MB stacks, 0 MB globals, 8 P
gc 4317 @15.252s 8%: 0.12+0.91+0.093 ms clock, 0.97+0.85/0.81/0+0.74 ms cpu, 3->4->1 MB, 4 MB goal, 0 MB stacks, 0 MB globals, 8 P
gc 4318 @15.255s 8%: 0.088+0.65+0.044 ms clock, 0.70+0.80/0.72/0+0.35 ms cpu, 3->3->1 MB, 4 MB goal, 0 MB stacks, 0 MB globals, 8 P
gc 4319 @15.258s 8%: 0.10+0.64+0.077 ms clock, 0.86+0.80/0.84/0+0.61 ms cpu, 3->3->1 MB, 4 MB goal, 0 MB stacks, 0 MB globals, 8 P
gc 4320 @15.260s 8%: 0.11+0.75+0.097 ms clock, 0.93+0.92/0.73/0+0.77 ms cpu, 3->3->1 MB, 4 MB goal, 0 MB stacks, 0 MB globals, 8 P
gc 4321 @15.263s 8%: 0.10+1.1+0.14 ms clock, 0.80+0.54/0.84/0+1.1 ms cpu, 3->4->1 MB, 4 MB goal, 0 MB stacks, 0 MB globals, 8 P
gc 4322 @15.266s 8%: 0.089+0.62+0.10 ms clock, 0.71+0.78/0.77/0+0.82 ms cpu, 3->4->1 MB, 4 MB goal, 0 MB stacks, 0 MB globals, 8 P
gc 4323 @15.268s 8%: 0.090+0.78+0.065 ms clock, 0.72+0.79/0.84/0+0.52 ms cpu, 3->3->1 MB, 4 MB goal, 0 MB stacks, 0 MB globals, 8 P
gc 4324 @15.271s 8%: 0.16+1.1+0.060 ms clock, 1.3+0.56/0.96/0+0.48 ms cpu, 3->4->1 MB, 4 MB goal, 0 MB stacks, 0 MB globals, 8 P
gc 4325 @15.274s 8%: 0.10+1.0+0.098 ms clock, 0.80+0.67/0.82/0+0.78 ms cpu, 3->4->1 MB, 4 MB goal, 0 MB stacks, 0 MB globals, 8 P
gc 4326 @15.277s 8%: 0.13+0.90+0.084 ms clock, 1.0+0.77/0.73/0+0.67 ms cpu, 3->4->1 MB, 4 MB goal, 0 MB stacks, 0 MB globals, 8 P
gc 4327 @15.279s 8%: 0.13+0.55+0.15 ms clock, 1.0+0.85/0.75/0+1.2 ms cpu, 3->3->1 MB, 4 MB goal, 0 MB stacks, 0 MB globals, 8 P
gc 4328 @15.282s 8%: 0.10+0.52+0.10 ms clock, 0.81+0.68/0.81/0+0.84 ms cpu, 3->3->1 MB, 4 MB goal, 0 MB stacks, 0 MB globals, 8 P
gc 4329 @15.284s 8%: 0.12+1.0+0.11 ms clock, 0.97+0.75/0.85/0+0.92 ms cpu, 3->4->2 MB, 4 MB goal, 0 MB stacks, 0 MB globals, 8 P
gc 4330 @15.287s 8%: 0.17+0.56+0.077 ms clock, 1.3+0.74/0.77/0+0.61 ms cpu, 3->4->1 MB, 4 MB goal, 0 MB stacks, 0 MB globals, 8 P
gc 4331 @15.290s 8%: 0.11+0.84+0.10 ms clock, 0.94+0.83/0.82/0+0.84 ms cpu, 3->3->1 MB, 4 MB goal, 0 MB stacks, 0 MB globals, 8 P
gc 4332 @15.292s 8%: 0.12+0.75+0.10 ms clock, 0.99+0.68/0.85/0+0.80 ms cpu, 3->3->1 MB, 4 MB goal, 0 MB stacks, 0 MB globals, 8 P
gc 4333 @15.295s 8%: 0.10+0.55+0.11 ms clock, 0.84+0.82/0.71/0+0.88 ms cpu, 3->3->1 MB, 4 MB goal, 0 MB stacks, 0 MB globals, 8 P
gc 4334 @15.297s 8%: 0.10+0.58+0.10 ms clock, 0.84+0.81/0.74/0+0.81 ms cpu, 3->3->1 MB, 4 MB goal, 0 MB stacks, 0 MB globals, 8 P
gc 4335 @15.300s 8%: 0.16+0.58+0.074 ms clock, 1.3+0.79/0.73/0+0.59 ms cpu, 3->3->1 MB, 4 MB goal, 0 MB stacks, 0 MB globals, 8 P
gc 4336 @15.303s 8%: 0.10+1.2+0.064 ms clock, 0.86+0.83/0.82/0+0.51 ms cpu, 3->4->2 MB, 4 MB goal, 0 MB stacks, 0 MB globals, 8 P
gc 4337 @15.306s 8%: 0.098+1.2+0.075 ms clock, 0.78+2.7/0.86/0+0.60 ms cpu, 4->5->1 MB, 4 MB goal, 0 MB stacks, 0 MB globals, 8 P
gc 4338 @15.309s 8%: 0.18+1.1+0.097 ms clock, 1.4+1.6/0.95/0+0.78 ms cpu, 3->4->1 MB, 4 MB goal, 0 MB stacks, 0 MB globals, 8 P
gc 4339 @15.312s 8%: 0.089+0.60+0.061 ms clock, 0.71+0.86/0.70/0+0.49 ms cpu, 3->4->1 MB, 4 MB goal, 0 MB stacks, 0 MB globals, 8 P
gc 4340 @15.314s 8%: 0.11+0.57+0.096 ms clock, 0.95+0.88/0.77/0+0.77 ms cpu, 3->3->1 MB, 4 MB goal, 0 MB stacks, 0 MB globals, 8 P
gc 4341 @15.317s 8%: 0.13+0.73+0.097 ms clock, 1.0+0.77/0.81/0+0.77 ms cpu, 3->3->1 MB, 4 MB goal, 0 MB stacks, 0 MB globals, 8 P
gc 4342 @15.319s 8%: 0.15+0.57+0.074 ms clock, 1.2+0.71/0.81/0+0.59 ms cpu, 3->3->1 MB, 4 MB goal, 0 MB stacks, 0 MB globals, 8 P
gc 4343 @15.322s 8%: 0.13+0.88+0.046 ms clock, 1.0+0.74/0.81/0+0.36 ms cpu, 3->3->1 MB, 4 MB goal, 0 MB stacks, 0 MB globals, 8 P
gc 4344 @15.325s 8%: 0.099+0.70+0.12 ms clock, 0.79+0.72/0.73/0+0.98 ms cpu, 3->3->1 MB, 4 MB goal, 0 MB stacks, 0 MB globals, 8 P
gc 4345 @15.327s 8%: 0.081+0.58+0.10 ms clock, 0.65+0.80/0.75/0+0.81 ms cpu, 3->3->1 MB, 4 MB goal, 0 MB stacks, 0 MB globals, 8 P
gc 4346 @15.330s 8%: 0.098+0.65+0.057 ms clock, 0.78+0.82/0.78/0+0.46 ms cpu, 3->3->1 MB, 4 MB goal, 0 MB stacks, 0 MB globals, 8 P
gc 4347 @15.332s 8%: 0.087+0.60+0.12 ms clock, 0.69+0.71/0.78/0+0.98 ms cpu, 3->3->1 MB, 4 MB goal, 0 MB stacks, 0 MB globals, 8 P
gc 4348 @15.335s 8%: 0.18+0.65+0.099 ms clock, 1.4+0.67/0.93/0+0.79 ms cpu, 3->3->1 MB, 4 MB goal, 0 MB stacks, 0 MB globals, 8 P
gc 4349 @15.337s 8%: 0.10+0.57+0.089 ms clock, 0.80+0.69/0.73/0+0.71 ms cpu, 3->3->1 MB, 4 MB goal, 0 MB stacks, 0 MB globals, 8 P
gc 4350 @15.340s 8%: 0.11+0.70+0.084 ms clock, 0.92+0.85/0.85/0+0.67 ms cpu, 3->3->1 MB, 4 MB goal, 0 MB stacks, 0 MB globals, 8 P
gc 4351 @15.342s 8%: 0.10+0.69+0.083 ms clock, 0.86+0.66/0.80/0+0.66 ms cpu, 3->3->1 MB, 4 MB goal, 0 MB stacks, 0 MB globals, 8 P
gc 4352 @15.345s 8%: 0.096+0.58+0.14 ms clock, 0.77+0.72/0.82/0+1.1 ms cpu, 3->3->1 MB, 4 MB goal, 0 MB stacks, 0 MB globals, 8 P
gc 4353 @15.347s 8%: 0.13+0.80+0.12 ms clock, 1.0+0.76/0.70/0+1.0 ms cpu, 3->3->1 MB, 4 MB goal, 0 MB stacks, 0 MB globals, 8 P
gc 4354 @15.350s 8%: 0.097+0.57+0.12 ms clock, 0.77+0.77/0.76/0+0.97 ms cpu, 3->3->1 MB, 4 MB goal, 0 MB stacks, 0 MB globals, 8 P
gc 4355 @15.352s 8%: 0.10+0.72+0.069 ms clock, 0.80+1.0/0.59/0+0.55 ms cpu, 3->3->1 MB, 4 MB goal, 0 MB stacks, 0 MB globals, 8 P
gc 4356 @15.355s 8%: 0.12+0.73+0.10 ms clock, 1.0+0.79/0.84/0+0.81 ms cpu, 3->3->1 MB, 4 MB goal, 0 MB stacks, 0 MB globals, 8 P
gc 4357 @15.357s 8%: 0.12+0.71+0.066 ms clock, 0.96+0.71/0.77/0+0.53 ms cpu, 3->3->1 MB, 4 MB goal, 0 MB stacks, 0 MB globals, 8 P
gc 4358 @15.360s 8%: 0.10+0.59+0.062 ms clock, 0.81+0.87/0.68/0+0.50 ms cpu, 3->3->1 MB, 4 MB goal, 0 MB stacks, 0 MB globals, 8 P
gc 4359 @15.362s 8%: 0.14+0.60+0.12 ms clock, 1.1+0.83/0.70/0+0.97 ms cpu, 3->3->1 MB, 4 MB goal, 0 MB stacks, 0 MB globals, 8 P
gc 4360 @15.365s 8%: 0.12+0.60+0.085 ms clock, 1.0+0.79/0.79/0+0.68 ms cpu, 3->3->1 MB, 4 MB goal, 0 MB stacks, 0 MB globals, 8 P
gc 4361 @15.367s 8%: 0.14+1.1+0.10 ms clock, 1.1+0.58/0.79/0+0.82 ms cpu, 3->4->1 MB, 4 MB goal, 0 MB stacks, 0 MB globals, 8 P
gc 4362 @15.370s 8%: 0.13+0.92+0.10 ms clock, 1.0+0.71/0.79/0+0.80 ms cpu, 3->4->1 MB, 4 MB goal, 0 MB stacks, 0 MB globals, 8 P
gc 4363 @15.373s 8%: 0.12+0.96+0.078 ms clock, 1.0+0.61/0.78/0+0.62 ms cpu, 3->4->1 MB, 4 MB goal, 0 MB stacks, 0 MB globals, 8 P
gc 4364 @15.375s 8%: 0.095+0.82+0.057 ms clock, 0.76+0.60/0.85/0+0.46 ms cpu, 3->4->1 MB, 4 MB goal, 0 MB stacks, 0 MB globals, 8 P
gc 4365 @15.378s 8%: 0.073+0.70+0.076 ms clock, 0.59+0.68/0.74/0+0.61 ms cpu, 3->3->1 MB, 4 MB goal, 0 MB stacks, 0 MB globals, 8 P
gc 4366 @15.381s 8%: 0.076+0.70+0.067 ms clock, 0.61+0.77/0.73/0+0.53 ms cpu, 3->3->1 MB, 4 MB goal, 0 MB stacks, 0 MB globals, 8 P
gc 4367 @15.383s 8%: 0.080+0.55+0.10 ms clock, 0.64+0.81/0.75/0+0.81 ms cpu, 3->3->1 MB, 4 MB goal, 0 MB stacks, 0 MB globals, 8 P
gc 4368 @15.386s 8%: 0.18+0.93+0.10 ms clock, 1.4+0.76/0.81/0+0.87 ms cpu, 3->3->1 MB, 4 MB goal, 0 MB stacks, 0 MB globals, 8 P
gc 4369 @15.388s 8%: 0.090+0.54+0.098 ms clock, 0.72+0.76/0.70/0+0.78 ms cpu, 3->3->1 MB, 4 MB goal, 0 MB stacks, 0 MB globals, 8 P
gc 4370 @15.391s 8%: 0.11+0.63+0.059 ms clock, 0.94+0.68/0.86/0+0.47 ms cpu, 3->3->1 MB, 4 MB goal, 0 MB stacks, 0 MB globals, 8 P
gc 4371 @15.393s 8%: 0.13+0.93+0.10 ms clock, 1.0+0.90/0.74/0+0.83 ms cpu, 3->3->1 MB, 4 MB goal, 0 MB stacks, 0 MB globals, 8 P
gc 4372 @15.396s 8%: 0.097+0.76+0.081 ms clock, 0.78+0.64/0.73/0+0.65 ms cpu, 3->4->1 MB, 4 MB goal, 0 MB stacks, 0 MB globals, 8 P
gc 4373 @15.399s 8%: 0.095+1.3+0.040 ms clock, 0.76+0.97/0.71/0+0.32 ms cpu, 3->4->1 MB, 4 MB goal, 0 MB stacks, 0 MB globals, 8 P
gc 4374 @15.402s 8%: 0.050+0.82+0.085 ms clock, 0.40+0.78/0.76/0+0.68 ms cpu, 3->4->1 MB, 4 MB goal, 0 MB stacks, 0 MB globals, 8 P
gc 4375 @15.404s 8%: 0.12+0.89+0.11 ms clock, 0.96+1.3/0.83/0+0.94 ms cpu, 3->4->1 MB, 4 MB goal, 0 MB stacks, 0 MB globals, 8 P
gc 4376 @15.407s 8%: 0.092+0.64+0.11 ms clock, 0.74+0.86/0.76/0+0.95 ms cpu, 3->3->1 MB, 4 MB goal, 0 MB stacks, 0 MB globals, 8 P
gc 4377 @15.410s 8%: 0.091+1.0+0.062 ms clock, 0.73+0.98/0.78/0+0.49 ms cpu, 3->4->1 MB, 4 MB goal, 0 MB stacks, 0 MB globals, 8 P
gc 4378 @15.413s 8%: 0.095+0.71+0.099 ms clock, 0.76+0.89/0.66/0+0.79 ms cpu, 3->4->1 MB, 4 MB goal, 0 MB stacks, 0 MB globals, 8 P
gc 4379 @15.415s 8%: 0.10+0.88+0.061 ms clock, 0.87+0.49/0.90/0+0.49 ms cpu, 3->3->1 MB, 4 MB goal, 0 MB stacks, 0 MB globals, 8 P
gc 4380 @15.418s 8%: 0.10+0.52+0.084 ms clock, 0.85+0.80/0.77/0+0.67 ms cpu, 3->3->1 MB, 4 MB goal, 0 MB stacks, 0 MB globals, 8 P
gc 4381 @15.420s 8%: 0.10+0.62+0.096 ms clock, 0.81+0.79/0.85/0+0.76 ms cpu, 3->3->1 MB, 4 MB goal, 0 MB stacks, 0 MB globals, 8 P
gc 4382 @15.423s 8%: 0.099+0.60+0.10 ms clock, 0.79+0.68/0.79/0+0.80 ms cpu, 3->3->1 MB, 4 MB goal, 0 MB stacks, 0 MB globals, 8 P
gc 4383 @15.425s 8%: 0.12+1.0+0.091 ms clock, 0.96+0.83/0.71/0+0.73 ms cpu, 3->4->1 MB, 4 MB goal, 0 MB stacks, 0 MB globals, 8 P
gc 4384 @15.428s 8%: 0.085+0.60+0.082 ms clock, 0.68+0.86/0.68/0+0.65 ms cpu, 3->3->1 MB, 4 MB goal, 0 MB stacks, 0 MB globals, 8 P
gc 4385 @15.431s 8%: 0.11+0.52+0.10 ms clock, 0.90+0.88/0.73/0+0.86 ms cpu, 3->3->1 MB, 4 MB goal, 0 MB stacks, 0 MB globals, 8 P
gc 4386 @15.433s 8%: 0.10+0.62+0.055 ms clock, 0.81+0.72/0.86/0+0.44 ms cpu, 3->3->1 MB, 4 MB goal, 0 MB stacks, 0 MB globals, 8 P
gc 4387 @15.436s 8%: 0.20+0.60+0.069 ms clock, 1.6+0.73/0.79/0+0.55 ms cpu, 3->3->1 MB, 4 MB goal, 0 MB stacks, 0 MB globals, 8 P
gc 4388 @15.438s 8%: 0.099+0.68+0.071 ms clock, 0.79+0.82/0.80/0+0.57 ms cpu, 3->3->1 MB, 4 MB goal, 0 MB stacks, 0 MB globals, 8 P
gc 4389 @15.441s 8%: 0.093+0.59+0.088 ms clock, 0.75+0.85/0.77/0+0.70 ms cpu, 3->3->1 MB, 4 MB goal, 0 MB stacks, 0 MB globals, 8 P
gc 4390 @15.443s 8%: 0.11+0.62+0.10 ms clock, 0.90+0.61/0.92/0+0.81 ms cpu, 3->3->1 MB, 4 MB goal, 0 MB stacks, 0 MB globals, 8 P
gc 4391 @15.446s 8%: 0.10+0.52+0.13 ms clock, 0.86+0.70/0.76/0+1.0 ms cpu, 3->3->1 MB, 4 MB goal, 0 MB stacks, 0 MB globals, 8 P
gc 4392 @15.448s 8%: 0.18+1.0+0.060 ms clock, 1.4+0.68/0.80/0+0.48 ms cpu, 3->4->1 MB, 4 MB goal, 0 MB stacks, 0 MB globals, 8 P
gc 4393 @15.451s 8%: 0.14+0.57+0.10 ms clock, 1.1+0.70/0.81/0+0.80 ms cpu, 3->3->1 MB, 4 MB goal, 0 MB stacks, 0 MB globals, 8 P
gc 4394 @15.454s 8%: 0.14+0.86+0.048 ms clock, 1.1+0.73/0.77/0+0.38 ms cpu, 3->4->1 MB, 4 MB goal, 0 MB stacks, 0 MB globals, 8 P
gc 4395 @15.456s 8%: 0.20+1.0+0.10 ms clock, 1.6+0.58/0.82/0+0.85 ms cpu, 3->4->1 MB, 4 MB goal, 0 MB stacks, 0 MB globals, 8 P
gc 4396 @15.459s 8%: 0.092+1.3+0.11 ms clock, 0.74+0.78/0.80/0+0.89 ms cpu, 3->4->2 MB, 4 MB goal, 0 MB stacks, 0 MB globals, 8 P
gc 4397 @15.462s 8%: 0.16+0.55+0.10 ms clock, 1.3+0.75/0.76/0+0.84 ms cpu, 3->4->1 MB, 4 MB goal, 0 MB stacks, 0 MB globals, 8 P
gc 4398 @15.465s 8%: 0.14+0.87+0.14 ms clock, 1.1+0.77/0.83/0+1.1 ms cpu, 3->3->1 MB, 4 MB goal, 0 MB stacks, 0 MB globals, 8 P
gc 4399 @15.467s 8%: 0.096+0.60+0.095 ms clock, 0.77+0.72/0.80/0+0.76 ms cpu, 3->3->1 MB, 4 MB goal, 0 MB stacks, 0 MB globals, 8 P
gc 4400 @15.470s 8%: 0.082+1.0+0.093 ms clock, 0.66+0.70/0.85/0+0.75 ms cpu, 3->4->1 MB, 4 MB goal, 0 MB stacks, 0 MB globals, 8 P
gc 4401 @15.473s 8%: 0.083+0.80+0.10 ms clock, 0.66+0.76/0.83/0+0.87 ms cpu, 3->4->1 MB, 4 MB goal, 0 MB stacks, 0 MB globals, 8 P
gc 4402 @15.475s 8%: 0.10+0.45+0.092 ms clock, 0.82+0.89/0.66/0+0.73 ms cpu, 3->3->1 MB, 4 MB goal, 0 MB stacks, 0 MB globals, 8 P
gc 4403 @15.478s 8%: 0.12+0.60+0.12 ms clock, 0.97+0.66/0.79/0+1.0 ms cpu, 3->3->1 MB, 4 MB goal, 0 MB stacks, 0 MB globals, 8 P
gc 4404 @15.480s 8%: 0.099+0.73+0.077 ms clock, 0.79+0.83/0.72/0+0.62 ms cpu, 3->3->1 MB, 4 MB goal, 0 MB stacks, 0 MB globals, 8 P
gc 4405 @15.483s 8%: 0.20+0.70+0.14 ms clock, 1.6+0.68/0.86/0+1.1 ms cpu, 3->3->1 MB, 4 MB goal, 0 MB stacks, 0 MB globals, 8 P
gc 4406 @15.485s 8%: 0.12+0.72+0.10 ms clock, 0.97+0.84/0.78/0+0.81 ms cpu, 3->3->1 MB, 4 MB goal, 0 MB stacks, 0 MB globals, 8 P
gc 4407 @15.488s 8%: 0.11+0.85+0.084 ms clock, 0.88+0.76/0.80/0+0.67 ms cpu, 3->3->1 MB, 4 MB goal, 0 MB stacks, 0 MB globals, 8 P
gc 4408 @15.490s 8%: 0.11+0.80+0.083 ms clock, 0.90+0.70/0.76/0+0.66 ms cpu, 3->3->1 MB, 4 MB goal, 0 MB stacks, 0 MB globals, 8 P
gc 4409 @15.493s 8%: 0.12+0.57+0.12 ms clock, 1.0+0.83/0.83/0+1.0 ms cpu, 3->3->1 MB, 4 MB goal, 0 MB stacks, 0 MB globals, 8 P
gc 4410 @15.495s 8%: 0.057+1.0+0.093 ms clock, 0.46+0.65/0.78/0+0.74 ms cpu, 3->3->1 MB, 4 MB goal, 0 MB stacks, 0 MB globals, 8 P
gc 4411 @15.498s 8%: 0.099+0.85+0.089 ms clock, 0.79+0.72/0.85/0+0.71 ms cpu, 3->3->1 MB, 4 MB goal, 0 MB stacks, 0 MB globals, 8 P
gc 4412 @15.501s 8%: 0.17+0.61+0.11 ms clock, 1.4+0.76/0.70/0+0.89 ms cpu, 3->3->1 MB, 4 MB goal, 0 MB stacks, 0 MB globals, 8 P
gc 4413 @15.503s 8%: 0.085+0.87+0.087 ms clock, 0.68+0.73/0.70/0+0.70 ms cpu, 3->4->1 MB, 4 MB goal, 0 MB stacks, 0 MB globals, 8 P
gc 4414 @15.506s 8%: 0.11+0.88+0.095 ms clock, 0.92+0.85/0.72/0+0.76 ms cpu, 3->4->1 MB, 4 MB goal, 0 MB stacks, 0 MB globals, 8 P
gc 4415 @15.509s 8%: 0.10+0.57+0.089 ms clock, 0.83+0.83/0.76/0+0.71 ms cpu, 3->3->1 MB, 4 MB goal, 0 MB stacks, 0 MB globals, 8 P
gc 4416 @15.511s 8%: 0.11+0.67+0.13 ms clock, 0.88+0.78/0.82/0+1.1 ms cpu, 3->3->1 MB, 4 MB goal, 0 MB stacks, 0 MB globals, 8 P
gc 4417 @15.514s 8%: 0.12+0.66+0.090 ms clock, 0.98+0.70/0.83/0+0.72 ms cpu, 3->3->1 MB, 4 MB goal, 0 MB stacks, 0 MB globals, 8 P
gc 4418 @15.516s 8%: 0.12+0.56+0.13 ms clock, 1.0+0.63/0.73/0+1.0 ms cpu, 3->3->1 MB, 4 MB goal, 0 MB stacks, 0 MB globals, 8 P
gc 4419 @15.518s 8%: 0.12+0.83+0.066 ms clock, 0.96+0.73/0.81/0+0.52 ms cpu, 3->3->1 MB, 4 MB goal, 0 MB stacks, 0 MB globals, 8 P
gc 4420 @15.521s 8%: 0.12+0.62+0.14 ms clock, 1.0+0.79/0.77/0+1.1 ms cpu, 3->3->1 MB, 4 MB goal, 0 MB stacks, 0 MB globals, 8 P
gc 4421 @15.524s 8%: 0.10+0.65+0.10 ms clock, 0.81+0.63/0.86/0+0.80 ms cpu, 3->3->1 MB, 4 MB goal, 0 MB stacks, 0 MB globals, 8 P
gc 4422 @15.526s 8%: 0.10+0.57+0.062 ms clock, 0.83+0.79/0.77/0+0.49 ms cpu, 3->3->1 MB, 4 MB goal, 0 MB stacks, 0 MB globals, 8 P
gc 4423 @15.528s 8%: 0.13+0.66+0.078 ms clock, 1.1+0.84/0.72/0+0.63 ms cpu, 3->3->1 MB, 4 MB goal, 0 MB stacks, 0 MB globals, 8 P
gc 4424 @15.531s 8%: 0.15+0.67+0.089 ms clock, 1.2+0.64/0.77/0+0.71 ms cpu, 3->3->1 MB, 4 MB goal, 0 MB stacks, 0 MB globals, 8 P
gc 4425 @15.533s 8%: 0.13+0.86+0.058 ms clock, 1.1+0.56/0.72/0+0.46 ms cpu, 3->4->1 MB, 4 MB goal, 0 MB stacks, 0 MB globals, 8 P
gc 4426 @15.536s 8%: 0.11+0.90+0.12 ms clock, 0.95+0.79/0.73/0+0.96 ms cpu, 3->4->1 MB, 4 MB goal, 0 MB stacks, 0 MB globals, 8 P
gc 4427 @15.539s 8%: 0.10+0.62+0.11 ms clock, 0.82+0.79/0.80/0+0.94 ms cpu, 3->3->1 MB, 4 MB goal, 0 MB stacks, 0 MB globals, 8 P
gc 4428 @15.541s 8%: 0.062+0.59+0.073 ms clock, 0.50+0.82/0.64/0+0.58 ms cpu, 3->3->1 MB, 4 MB goal, 0 MB stacks, 0 MB globals, 8 P
gc 4429 @15.544s 8%: 0.087+0.95+0.082 ms clock, 0.70+0.80/0.61/0+0.65 ms cpu, 3->4->1 MB, 4 MB goal, 0 MB stacks, 0 MB globals, 8 P
gc 4430 @15.547s 8%: 0.099+0.58+0.11 ms clock, 0.79+0.86/0.66/0+0.93 ms cpu, 3->3->1 MB, 4 MB goal, 0 MB stacks, 0 MB globals, 8 P
gc 4431 @15.549s 8%: 0.11+0.84+0.088 ms clock, 0.88+0.73/0.75/0+0.71 ms cpu, 3->3->1 MB, 4 MB goal, 0 MB stacks, 0 MB globals, 8 P
gc 4432 @15.552s 8%: 0.12+0.81+0.073 ms clock, 1.0+0.63/0.83/0+0.58 ms cpu, 3->3->1 MB, 4 MB goal, 0 MB stacks, 0 MB globals, 8 P
gc 4433 @15.554s 8%: 0.14+0.72+0.076 ms clock, 1.1+0.79/0.80/0+0.60 ms cpu, 3->3->1 MB, 4 MB goal, 0 MB stacks, 0 MB globals, 8 P
gc 4434 @15.557s 8%: 0.12+0.64+0.076 ms clock, 1.0+0.76/0.82/0+0.61 ms cpu, 3->3->1 MB, 4 MB goal, 0 MB stacks, 0 MB globals, 8 P
gc 4435 @15.559s 8%: 0.098+0.82+0.079 ms clock, 0.78+0.78/0.82/0+0.63 ms cpu, 3->3->1 MB, 4 MB goal, 0 MB stacks, 0 MB globals, 8 P
gc 4436 @15.562s 8%: 0.094+0.70+0.15 ms clock, 0.75+0.76/0.89/0+1.2 ms cpu, 3->3->1 MB, 4 MB goal, 0 MB stacks, 0 MB globals, 8 P
gc 4437 @15.564s 8%: 0.13+0.69+0.097 ms clock, 1.0+0.73/0.90/0+0.77 ms cpu, 3->3->1 MB, 4 MB goal, 0 MB stacks, 0 MB globals, 8 P
gc 4438 @15.567s 8%: 0.11+0.87+0.094 ms clock, 0.92+0.58/0.79/0+0.75 ms cpu, 3->3->1 MB, 4 MB goal, 0 MB stacks, 0 MB globals, 8 P
gc 4439 @15.569s 8%: 0.11+0.53+0.068 ms clock, 0.88+0.77/0.73/0+0.54 ms cpu, 3->3->1 MB, 4 MB goal, 0 MB stacks, 0 MB globals, 8 P
gc 4440 @15.572s 8%: 0.11+0.69+0.10 ms clock, 0.89+0.83/0.74/0+0.86 ms cpu, 3->3->1 MB, 4 MB goal, 0 MB stacks, 0 MB globals, 8 P
gc 4441 @15.575s 8%: 0.11+0.88+0.083 ms clock, 0.95+0.76/0.91/0+0.66 ms cpu, 3->3->1 MB, 4 MB goal, 0 MB stacks, 0 MB globals, 8 P
gc 4442 @15.577s 8%: 0.088+0.93+0.10 ms clock, 0.70+0.62/0.82/0+0.83 ms cpu, 3->4->1 MB, 4 MB goal, 0 MB stacks, 0 MB globals, 8 P
gc 4443 @15.580s 8%: 0.091+0.64+0.092 ms clock, 0.73+0.81/0.72/0+0.73 ms cpu, 3->3->1 MB, 4 MB goal, 0 MB stacks, 0 MB globals, 8 P
gc 4444 @15.582s 8%: 0.12+1.3+0.14 ms clock, 0.98+0.77/0.85/0+1.1 ms cpu, 3->4->2 MB, 4 MB goal, 0 MB stacks, 0 MB globals, 8 P
gc 4445 @15.586s 8%: 0.096+0.66+0.086 ms clock, 0.77+0.70/0.84/0+0.69 ms cpu, 4->4->1 MB, 4 MB goal, 0 MB stacks, 0 MB globals, 8 P
gc 4446 @15.588s 8%: 0.11+0.96+0.072 ms clock, 0.91+0.72/0.89/0+0.58 ms cpu, 3->4->1 MB, 4 MB goal, 0 MB stacks, 0 MB globals, 8 P
gc 4447 @15.591s 8%: 0.10+0.65+0.10 ms clock, 0.81+0.73/0.75/0+0.86 ms cpu, 3->3->1 MB, 4 MB goal, 0 MB stacks, 0 MB globals, 8 P
gc 4448 @15.594s 8%: 0.15+0.53+0.090 ms clock, 1.2+0.56/0.76/0+0.72 ms cpu, 3->3->1 MB, 4 MB goal, 0 MB stacks, 0 MB globals, 8 P
gc 4449 @15.596s 8%: 0.10+0.61+0.10 ms clock, 0.85+0.55/0.93/0+0.84 ms cpu, 3->3->1 MB, 4 MB goal, 0 MB stacks, 0 MB globals, 8 P
gc 4450 @15.599s 8%: 0.13+0.63+0.073 ms clock, 1.1+0.97/0.69/0+0.59 ms cpu, 3->3->1 MB, 4 MB goal, 0 MB stacks, 0 MB globals, 8 P
gc 4451 @15.601s 8%: 0.12+0.57+0.098 ms clock, 0.96+0.78/0.70/0+0.78 ms cpu, 3->3->1 MB, 4 MB goal, 0 MB stacks, 0 MB globals, 8 P
gc 4452 @15.603s 8%: 0.10+0.70+0.086 ms clock, 0.85+0.90/0.86/0+0.69 ms cpu, 3->3->1 MB, 4 MB goal, 0 MB stacks, 0 MB globals, 8 P
gc 4453 @15.606s 8%: 0.092+0.94+0.10 ms clock, 0.73+0.76/0.83/0+0.81 ms cpu, 3->3->1 MB, 4 MB goal, 0 MB stacks, 0 MB globals, 8 P
gc 4454 @15.609s 8%: 0.095+1.0+0.094 ms clock, 0.76+0.78/0.70/0+0.75 ms cpu, 3->4->1 MB, 4 MB goal, 0 MB stacks, 0 MB globals, 8 P
gc 4455 @15.611s 8%: 0.12+0.87+0.027 ms clock, 0.97+0.81/0.74/0+0.22 ms cpu, 3->4->1 MB, 4 MB goal, 0 MB stacks, 0 MB globals, 8 P
gc 4456 @15.614s 8%: 0.10+1.1+0.086 ms clock, 0.81+0.74/0.83/0+0.69 ms cpu, 3->4->1 MB, 4 MB goal, 0 MB stacks, 0 MB globals, 8 P
gc 4457 @15.617s 8%: 0.098+0.97+0.036 ms clock, 0.78+0.48/0.88/0+0.29 ms cpu, 3->4->1 MB, 4 MB goal, 0 MB stacks, 0 MB globals, 8 P
gc 4458 @15.620s 8%: 0.13+0.85+0.071 ms clock, 1.1+0.88/0.90/0+0.57 ms cpu, 3->4->1 MB, 4 MB goal, 0 MB stacks, 0 MB globals, 8 P
gc 4459 @15.623s 8%: 0.12+0.67+0.070 ms clock, 0.96+0.64/0.82/0+0.56 ms cpu, 3->3->1 MB, 4 MB goal, 0 MB stacks, 0 MB globals, 8 P
gc 4460 @15.625s 8%: 0.11+0.89+0.087 ms clock, 0.91+0.83/0.71/0+0.70 ms cpu, 3->3->1 MB, 4 MB goal, 0 MB stacks, 0 MB globals, 8 P
gc 4461 @15.628s 8%: 0.11+0.54+0.094 ms clock, 0.94+0.73/0.78/0+0.75 ms cpu, 3->3->1 MB, 4 MB goal, 0 MB stacks, 0 MB globals, 8 P
gc 4462 @15.630s 8%: 0.13+0.98+0.11 ms clock, 1.0+0.80/0.74/0+0.90 ms cpu, 3->4->1 MB, 4 MB goal, 0 MB stacks, 0 MB globals, 8 P
gc 4463 @15.633s 8%: 0.15+0.62+0.14 ms clock, 1.2+0.84/0.81/0+1.1 ms cpu, 3->4->1 MB, 4 MB goal, 0 MB stacks, 0 MB globals, 8 P
gc 4464 @15.636s 8%: 0.12+0.61+0.086 ms clock, 0.98+0.91/0.74/0+0.69 ms cpu, 3->3->1 MB, 4 MB goal, 0 MB stacks, 0 MB globals, 8 P
gc 4465 @15.638s 8%: 0.11+0.59+0.094 ms clock, 0.89+0.62/0.76/0+0.75 ms cpu, 3->3->1 MB, 4 MB goal, 0 MB stacks, 0 MB globals, 8 P
gc 4466 @15.641s 8%: 0.10+0.92+0.065 ms clock, 0.83+0.68/0.73/0+0.52 ms cpu, 3->3->1 MB, 4 MB goal, 0 MB stacks, 0 MB globals, 8 P
gc 4467 @15.643s 8%: 0.11+0.57+0.10 ms clock, 0.93+0.66/0.79/0+0.81 ms cpu, 3->3->1 MB, 4 MB goal, 0 MB stacks, 0 MB globals, 8 P
gc 4468 @15.646s 8%: 0.13+1.0+0.058 ms clock, 1.0+0.59/0.74/0+0.47 ms cpu, 3->4->1 MB, 4 MB goal, 0 MB stacks, 0 MB globals, 8 P
gc 4469 @15.648s 8%: 0.10+0.90+0.13 ms clock, 0.84+0.76/0.71/0+1.0 ms cpu, 3->4->1 MB, 4 MB goal, 0 MB stacks, 0 MB globals, 8 P
gc 4470 @15.651s 8%: 0.15+1.0+0.082 ms clock, 1.2+0.63/0.86/0+0.65 ms cpu, 3->4->1 MB, 4 MB goal, 0 MB stacks, 0 MB globals, 8 P
gc 4471 @15.654s 8%: 0.12+0.67+0.067 ms clock, 1.0+0.75/0.87/0+0.53 ms cpu, 3->4->1 MB, 4 MB goal, 0 MB stacks, 0 MB globals, 8 P
gc 4472 @15.657s 8%: 0.13+0.60+0.054 ms clock, 1.0+0.80/0.79/0+0.43 ms cpu, 3->3->1 MB, 4 MB goal, 0 MB stacks, 0 MB globals, 8 P
gc 4473 @15.659s 8%: 0.11+0.63+0.092 ms clock, 0.88+0.73/0.83/0+0.74 ms cpu, 3->3->1 MB, 4 MB goal, 0 MB stacks, 0 MB globals, 8 P
gc 4474 @15.662s 8%: 0.10+0.72+0.10 ms clock, 0.83+0.75/0.92/0+0.84 ms cpu, 3->3->1 MB, 4 MB goal, 0 MB stacks, 0 MB globals, 8 P
gc 4475 @15.664s 8%: 0.11+0.67+0.11 ms clock, 0.94+0.78/0.83/0+0.88 ms cpu, 3->3->1 MB, 4 MB goal, 0 MB stacks, 0 MB globals, 8 P
gc 4476 @15.667s 8%: 0.098+0.70+0.097 ms clock, 0.78+0.70/0.80/0+0.77 ms cpu, 3->3->1 MB, 4 MB goal, 0 MB stacks, 0 MB globals, 8 P
gc 4477 @15.669s 8%: 0.12+0.57+0.064 ms clock, 1.0+0.71/0.68/0+0.51 ms cpu, 3->3->1 MB, 4 MB goal, 0 MB stacks, 0 MB globals, 8 P
gc 4478 @15.672s 8%: 0.092+0.64+0.062 ms clock, 0.74+0.97/0.82/0+0.49 ms cpu, 3->3->1 MB, 4 MB goal, 0 MB stacks, 0 MB globals, 8 P
gc 4479 @15.674s 8%: 0.11+0.89+0.14 ms clock, 0.92+0.74/0.78/0+1.1 ms cpu, 3->3->1 MB, 4 MB goal, 0 MB stacks, 0 MB globals, 8 P
gc 4480 @15.677s 8%: 0.10+0.67+0.10 ms clock, 0.81+0.58/0.96/0+0.84 ms cpu, 3->3->1 MB, 4 MB goal, 0 MB stacks, 0 MB globals, 8 P
gc 4481 @15.679s 8%: 0.12+0.71+0.10 ms clock, 1.0+0.83/0.73/0+0.83 ms cpu, 3->3->1 MB, 4 MB goal, 0 MB stacks, 0 MB globals, 8 P
gc 4482 @15.682s 8%: 0.12+1.0+0.10 ms clock, 0.97+0.74/0.72/0+0.80 ms cpu, 3->3->1 MB, 4 MB goal, 0 MB stacks, 0 MB globals, 8 P
gc 4483 @15.684s 8%: 0.11+0.51+0.15 ms clock, 0.89+0.87/0.72/0+1.2 ms cpu, 3->3->1 MB, 4 MB goal, 0 MB stacks, 0 MB globals, 8 P
gc 4484 @15.687s 8%: 0.091+0.66+0.078 ms clock, 0.72+0.77/0.76/0+0.62 ms cpu, 3->3->1 MB, 4 MB goal, 0 MB stacks, 0 MB globals, 8 P
gc 4485 @15.689s 8%: 0.12+0.87+0.091 ms clock, 0.96+0.84/0.73/0+0.73 ms cpu, 3->3->1 MB, 4 MB goal, 0 MB stacks, 0 MB globals, 8 P
gc 4486 @15.692s 8%: 0.084+1.1+0.036 ms clock, 0.67+0.88/0.83/0+0.29 ms cpu, 3->4->1 MB, 4 MB goal, 0 MB stacks, 0 MB globals, 8 P
gc 4487 @15.695s 8%: 0.088+0.65+0.14 ms clock, 0.71+0.71/0.85/0+1.1 ms cpu, 3->3->1 MB, 4 MB goal, 0 MB stacks, 0 MB globals, 8 P
gc 4488 @15.697s 8%: 0.099+1.0+0.078 ms clock, 0.79+0.82/0.90/0+0.62 ms cpu, 3->4->1 MB, 4 MB goal, 0 MB stacks, 0 MB globals, 8 P
gc 4489 @15.700s 8%: 0.10+1.4+0.096 ms clock, 0.80+0.75/0.83/0+0.77 ms cpu, 3->4->2 MB, 4 MB goal, 0 MB stacks, 0 MB globals, 8 P
gc 4490 @15.703s 8%: 0.13+0.58+0.097 ms clock, 1.0+0.75/0.81/0+0.78 ms cpu, 3->4->1 MB, 4 MB goal, 0 MB stacks, 0 MB globals, 8 P
gc 4491 @15.706s 8%: 0.10+0.88+0.091 ms clock, 0.84+0.75/0.78/0+0.73 ms cpu, 3->3->1 MB, 4 MB goal, 0 MB stacks, 0 MB globals, 8 P
gc 4492 @15.708s 8%: 0.090+0.59+0.10 ms clock, 0.72+0.81/0.73/0+0.84 ms cpu, 3->3->1 MB, 4 MB goal, 0 MB stacks, 0 MB globals, 8 P
gc 4493 @15.711s 8%: 0.10+1.3+0.088 ms clock, 0.83+0.63/0.82/0+0.70 ms cpu, 3->4->2 MB, 4 MB goal, 0 MB stacks, 0 MB globals, 8 P
gc 4494 @15.714s 8%: 0.090+1.0+0.066 ms clock, 0.72+0.83/0.76/0+0.52 ms cpu, 3->4->1 MB, 4 MB goal, 0 MB stacks, 0 MB globals, 8 P
gc 4495 @15.717s 8%: 0.11+0.69+0.095 ms clock, 0.88+0.61/0.92/0+0.76 ms cpu, 3->4->1 MB, 4 MB goal, 0 MB stacks, 0 MB globals, 8 P
gc 4496 @15.719s 8%: 0.087+0.63+0.095 ms clock, 0.70+0.74/0.88/0+0.76 ms cpu, 3->3->1 MB, 4 MB goal, 0 MB stacks, 0 MB globals, 8 P
gc 4497 @15.722s 8%: 0.12+0.59+0.10 ms clock, 0.96+0.80/0.81/0+0.82 ms cpu, 3->3->1 MB, 4 MB goal, 0 MB stacks, 0 MB globals, 8 P
gc 4498 @15.725s 8%: 0.075+0.95+0.005 ms clock, 0.60+0.63/0.86/0+0.044 ms cpu, 3->3->1 MB, 4 MB goal, 0 MB stacks, 0 MB globals, 8 P
gc 4499 @15.727s 8%: 0.095+0.56+0.061 ms clock, 0.76+0.73/0.79/0+0.49 ms cpu, 3->3->1 MB, 4 MB goal, 0 MB stacks, 0 MB globals, 8 P
gc 4500 @15.730s 8%: 0.089+0.93+0.091 ms clock, 0.71+0.68/0.75/0+0.73 ms cpu, 3->3->1 MB, 4 MB goal, 0 MB stacks, 0 MB globals, 8 P
gc 4501 @15.732s 8%: 0.10+0.89+0.11 ms clock, 0.84+0.82/0.81/0+0.90 ms cpu, 3->4->1 MB, 4 MB goal, 0 MB stacks, 0 MB globals, 8 P
gc 4502 @15.735s 8%: 0.10+0.68+0.068 ms clock, 0.82+0.71/0.78/0+0.54 ms cpu, 3->4->1 MB, 4 MB goal, 0 MB stacks, 0 MB globals, 8 P
gc 4503 @15.738s 8%: 0.13+0.60+0.10 ms clock, 1.0+0.79/0.69/0+0.80 ms cpu, 3->3->1 MB, 4 MB goal, 0 MB stacks, 0 MB globals, 8 P
gc 4504 @15.740s 8%: 0.11+0.60+0.087 ms clock, 0.95+0.79/0.76/0+0.69 ms cpu, 3->3->1 MB, 4 MB goal, 0 MB stacks, 0 MB globals, 8 P
gc 4505 @15.743s 8%: 0.17+1.0+0.068 ms clock, 1.4+0.55/0.93/0+0.54 ms cpu, 3->3->1 MB, 4 MB goal, 0 MB stacks, 0 MB globals, 8 P
gc 4506 @15.745s 8%: 0.11+0.63+0.068 ms clock, 0.88+0.67/0.78/0+0.54 ms cpu, 3->3->1 MB, 4 MB goal, 0 MB stacks, 0 MB globals, 8 P
gc 4507 @15.748s 8%: 0.14+0.77+0.12 ms clock, 1.1+0.64/0.84/0+1.0 ms cpu, 3->3->1 MB, 4 MB goal, 0 MB stacks, 0 MB globals, 8 P
gc 4508 @15.750s 8%: 0.10+0.54+0.092 ms clock, 0.81+0.86/0.70/0+0.74 ms cpu, 3->3->1 MB, 4 MB goal, 0 MB stacks, 0 MB globals, 8 P
gc 4509 @15.753s 8%: 0.076+0.75+0.064 ms clock, 0.61+0.73/0.73/0+0.51 ms cpu, 3->3->1 MB, 4 MB goal, 0 MB stacks, 0 MB globals, 8 P
gc 4510 @15.755s 8%: 0.068+0.68+0.14 ms clock, 0.54+0.72/0.77/0+1.1 ms cpu, 3->3->1 MB, 4 MB goal, 0 MB stacks, 0 MB globals, 8 P
gc 4511 @15.758s 8%: 0.083+0.84+0.16 ms clock, 0.67+0.86/0.85/0+1.2 ms cpu, 3->3->1 MB, 4 MB goal, 0 MB stacks, 0 MB globals, 8 P
gc 4512 @15.760s 8%: 0.097+1.3+0.084 ms clock, 0.77+0.82/0.73/0+0.67 ms cpu, 3->4->2 MB, 4 MB goal, 0 MB stacks, 0 MB globals, 8 P
gc 4513 @15.764s 8%: 0.13+0.98+0.064 ms clock, 1.0+0.66/0.89/0+0.51 ms cpu, 3->4->1 MB, 4 MB goal, 0 MB stacks, 0 MB globals, 8 P
gc 4514 @15.766s 8%: 0.10+0.59+0.089 ms clock, 0.86+0.89/0.73/0+0.71 ms cpu, 3->3->1 MB, 4 MB goal, 0 MB stacks, 0 MB globals, 8 P
gc 4515 @15.769s 8%: 0.082+1.0+0.063 ms clock, 0.66+0.81/0.74/0+0.50 ms cpu, 3->4->1 MB, 4 MB goal, 0 MB stacks, 0 MB globals, 8 P
gc 4516 @15.772s 8%: 0.10+1.4+0.061 ms clock, 0.84+0.92/0.69/0+0.49 ms cpu, 3->4->2 MB, 4 MB goal, 0 MB stacks, 0 MB globals, 8 P
gc 4517 @15.775s 8%: 0.12+0.46+0.10 ms clock, 0.97+0.80/0.75/0+0.81 ms cpu, 3->4->1 MB, 4 MB goal, 0 MB stacks, 0 MB globals, 8 P
gc 4518 @15.777s 8%: 0.097+1.3+0.092 ms clock, 0.77+0.81/0.79/0+0.73 ms cpu, 3->4->2 MB, 4 MB goal, 0 MB stacks, 0 MB globals, 8 P
gc 4519 @15.781s 8%: 0.098+1.1+0.094 ms clock, 0.78+0.65/0.76/0+0.75 ms cpu, 3->4->2 MB, 4 MB goal, 0 MB stacks, 0 MB globals, 8 P
gc 4520 @15.784s 8%: 0.12+1.0+0.082 ms clock, 0.96+0.68/0.88/0+0.65 ms cpu, 3->4->1 MB, 4 MB goal, 0 MB stacks, 0 MB globals, 8 P
gc 4521 @15.788s 8%: 0.12+0.61+0.095 ms clock, 0.96+0.71/0.76/0+0.76 ms cpu, 3->4->1 MB, 4 MB goal, 0 MB stacks, 0 MB globals, 8 P
gc 4522 @15.790s 8%: 0.15+1.5+0.086 ms clock, 1.2+0.72/0.91/0+0.69 ms cpu, 3->4->2 MB, 4 MB goal, 0 MB stacks, 0 MB globals, 8 P
gc 4523 @15.793s 8%: 0.11+0.55+0.11 ms clock, 0.89+0.86/0.77/0+0.91 ms cpu, 4->4->1 MB, 5 MB goal, 0 MB stacks, 0 MB globals, 8 P
gc 4524 @15.796s 8%: 0.15+1.0+0.051 ms clock, 1.2+0.83/0.81/0+0.41 ms cpu, 3->4->1 MB, 4 MB goal, 0 MB stacks, 0 MB globals, 8 P
gc 4525 @15.798s 8%: 0.16+0.67+0.11 ms clock, 1.3+0.89/0.85/0+0.90 ms cpu, 3->4->1 MB, 4 MB goal, 0 MB stacks, 0 MB globals, 8 P
gc 4526 @15.801s 8%: 0.083+0.67+0.079 ms clock, 0.67+0.85/0.76/0+0.63 ms cpu, 3->3->1 MB, 4 MB goal, 0 MB stacks, 0 MB globals, 8 P
gc 4527 @15.803s 8%: 0.14+0.56+0.074 ms clock, 1.1+0.83/0.78/0+0.59 ms cpu, 3->3->1 MB, 4 MB goal, 0 MB stacks, 0 MB globals, 8 P
gc 4528 @15.806s 8%: 0.16+0.79+0.14 ms clock, 1.3+0.67/0.72/0.022+1.1 ms cpu, 3->3->1 MB, 4 MB goal, 0 MB stacks, 0 MB globals, 8 P
gc 4529 @15.809s 8%: 0.095+0.55+0.055 ms clock, 0.76+0.73/0.77/0+0.44 ms cpu, 3->3->1 MB, 4 MB goal, 0 MB stacks, 0 MB globals, 8 P
gc 4530 @15.811s 8%: 0.16+0.85+0.10 ms clock, 1.3+0.79/1.0/0+0.85 ms cpu, 3->3->1 MB, 4 MB goal, 0 MB stacks, 0 MB globals, 8 P
gc 4531 @15.814s 8%: 0.084+0.66+0.067 ms clock, 0.67+0.70/0.74/0+0.53 ms cpu, 3->3->1 MB, 4 MB goal, 0 MB stacks, 0 MB globals, 8 P
gc 4532 @15.816s 8%: 0.15+0.46+0.071 ms clock, 1.2+0.78/0.69/0+0.56 ms cpu, 3->3->1 MB, 4 MB goal, 0 MB stacks, 0 MB globals, 8 P
gc 4533 @15.819s 8%: 0.12+0.54+0.054 ms clock, 1.0+0.71/0.74/0+0.43 ms cpu, 3->3->1 MB, 4 MB goal, 0 MB stacks, 0 MB globals, 8 P
gc 4534 @15.821s 8%: 0.10+0.92+0.046 ms clock, 0.87+0.76/0.75/0+0.37 ms cpu, 3->3->1 MB, 4 MB goal, 0 MB stacks, 0 MB globals, 8 P
gc 4535 @15.824s 8%: 0.070+1.2+0.029 ms clock, 0.56+0.83/1.5/0+0.23 ms cpu, 3->4->2 MB, 4 MB goal, 0 MB stacks, 0 MB globals, 8 P
gc 4536 @15.827s 8%: 0.10+0.56+0.089 ms clock, 0.86+0.79/0.81/0+0.71 ms cpu, 3->4->1 MB, 4 MB goal, 0 MB stacks, 0 MB globals, 8 P
gc 4537 @15.829s 8%: 0.12+0.49+0.070 ms clock, 0.99+0.71/0.71/0+0.56 ms cpu, 3->3->1 MB, 4 MB goal, 0 MB stacks, 0 MB globals, 8 P
gc 4538 @15.832s 8%: 0.13+0.89+0.076 ms clock, 1.1+0.78/0.78/0+0.61 ms cpu, 3->3->1 MB, 4 MB goal, 0 MB stacks, 0 MB globals, 8 P
gc 4539 @15.835s 8%: 0.14+0.75+0.10 ms clock, 1.1+0.55/0.80/0+0.84 ms cpu, 3->4->1 MB, 4 MB goal, 0 MB stacks, 0 MB globals, 8 P
gc 4540 @15.837s 8%: 0.11+1.1+0.038 ms clock, 0.95+0.75/0.76/0+0.30 ms cpu, 3->4->1 MB, 4 MB goal, 0 MB stacks, 0 MB globals, 8 P
gc 4541 @15.840s 8%: 0.10+0.62+0.061 ms clock, 0.85+0.72/0.85/0+0.48 ms cpu, 3->3->1 MB, 4 MB goal, 0 MB stacks, 0 MB globals, 8 P
gc 4542 @15.843s 8%: 0.10+0.65+0.099 ms clock, 0.83+0.76/0.85/0+0.79 ms cpu, 3->3->1 MB, 4 MB goal, 0 MB stacks, 0 MB globals, 8 P
gc 4543 @15.845s 8%: 0.15+1.0+0.071 ms clock, 1.2+0.65/0.76/0+0.57 ms cpu, 3->4->1 MB, 4 MB goal, 0 MB stacks, 0 MB globals, 8 P
gc 4544 @15.848s 8%: 0.11+0.90+0.097 ms clock, 0.93+0.60/0.76/0+0.78 ms cpu, 3->4->1 MB, 4 MB goal, 0 MB stacks, 0 MB globals, 8 P
gc 4545 @15.851s 8%: 0.089+0.62+0.10 ms clock, 0.71+0.65/0.79/0+0.84 ms cpu, 3->3->1 MB, 4 MB goal, 0 MB stacks, 0 MB globals, 8 P
gc 4546 @15.853s 8%: 0.13+0.53+0.092 ms clock, 1.0+0.95/0.65/0+0.74 ms cpu, 3->3->1 MB, 4 MB goal, 0 MB stacks, 0 MB globals, 8 P
gc 4547 @15.856s 8%: 0.11+0.66+0.083 ms clock, 0.92+0.78/0.80/0+0.66 ms cpu, 3->3->1 MB, 4 MB goal, 0 MB stacks, 0 MB globals, 8 P
gc 4548 @15.858s 8%: 0.081+0.51+0.17 ms clock, 0.65+0.79/0.75/0+1.4 ms cpu, 3->3->1 MB, 4 MB goal, 0 MB stacks, 0 MB globals, 8 P
gc 4549 @15.860s 8%: 0.10+1.2+0.082 ms clock, 0.80+0.83/0.70/0+0.66 ms cpu, 3->4->2 MB, 4 MB goal, 0 MB stacks, 0 MB globals, 8 P
gc 4550 @15.864s 8%: 0.12+1.0+0.064 ms clock, 0.98+0.77/0.83/0+0.51 ms cpu, 3->4->1 MB, 4 MB goal, 0 MB stacks, 0 MB globals, 8 P
gc 4551 @15.866s 8%: 0.11+1.1+0.12 ms clock, 0.91+0.64/0.88/0+1.0 ms cpu, 3->4->1 MB, 4 MB goal, 0 MB stacks, 0 MB globals, 8 P
gc 4552 @15.869s 8%: 0.17+1.3+0.070 ms clock, 1.3+0.61/0.87/0+0.56 ms cpu, 3->4->1 MB, 4 MB goal, 0 MB stacks, 0 MB globals, 8 P
gc 4553 @15.873s 8%: 0.19+0.81+0.085 ms clock, 1.5+0.63/1.0/0+0.68 ms cpu, 3->4->1 MB, 4 MB goal, 0 MB stacks, 0 MB globals, 8 P
gc 4554 @15.875s 8%: 0.11+0.92+0.096 ms clock, 0.94+0.80/0.79/0+0.77 ms cpu, 3->3->1 MB, 4 MB goal, 0 MB stacks, 0 MB globals, 8 P
gc 4555 @15.878s 8%: 0.097+0.57+0.097 ms clock, 0.78+0.85/0.74/0+0.78 ms cpu, 3->3->1 MB, 4 MB goal, 0 MB stacks, 0 MB globals, 8 P
gc 4556 @15.880s 8%: 0.055+0.97+0.052 ms clock, 0.44+0.80/0.77/0+0.42 ms cpu, 3->3->1 MB, 4 MB goal, 0 MB stacks, 0 MB globals, 8 P
gc 4557 @15.883s 8%: 0.12+0.66+0.10 ms clock, 1.0+0.72/0.78/0+0.80 ms cpu, 3->3->1 MB, 4 MB goal, 0 MB stacks, 0 MB globals, 8 P
gc 4558 @15.885s 8%: 0.092+0.54+0.089 ms clock, 0.74+0.75/0.75/0+0.71 ms cpu, 3->3->1 MB, 4 MB goal, 0 MB stacks, 0 MB globals, 8 P
gc 4559 @15.888s 8%: 0.11+0.86+0.077 ms clock, 0.91+0.68/0.88/0+0.61 ms cpu, 3->3->1 MB, 4 MB goal, 0 MB stacks, 0 MB globals, 8 P
gc 4560 @15.890s 8%: 0.12+0.95+0.086 ms clock, 1.0+0.70/0.81/0+0.69 ms cpu, 3->4->1 MB, 4 MB goal, 0 MB stacks, 0 MB globals, 8 P
gc 4561 @15.893s 8%: 0.16+0.62+0.12 ms clock, 1.3+0.82/0.84/0+1.0 ms cpu, 3->3->1 MB, 4 MB goal, 0 MB stacks, 0 MB globals, 8 P
gc 4562 @15.896s 8%: 0.11+0.72+0.10 ms clock, 0.95+0.80/0.87/0+0.85 ms cpu, 3->3->1 MB, 4 MB goal, 0 MB stacks, 0 MB globals, 8 P
gc 4563 @15.898s 8%: 0.11+0.58+0.072 ms clock, 0.95+0.80/0.73/0+0.58 ms cpu, 3->3->1 MB, 4 MB goal, 0 MB stacks, 0 MB globals, 8 P
gc 4564 @15.901s 8%: 0.11+1.2+0.083 ms clock, 0.95+0.84/0.76/0+0.66 ms cpu, 3->4->1 MB, 4 MB goal, 0 MB stacks, 0 MB globals, 8 P
gc 4565 @15.904s 8%: 0.096+0.72+0.11 ms clock, 0.77+0.91/0.96/0+0.92 ms cpu, 3->4->1 MB, 4 MB goal, 0 MB stacks, 0 MB globals, 8 P
gc 4566 @15.906s 8%: 0.071+0.58+0.067 ms clock, 0.57+0.86/0.70/0+0.53 ms cpu, 3->3->1 MB, 4 MB goal, 0 MB stacks, 0 MB globals, 8 P
gc 4567 @15.909s 8%: 0.065+0.73+0.092 ms clock, 0.52+0.77/0.80/0+0.74 ms cpu, 3->3->1 MB, 4 MB goal, 0 MB stacks, 0 MB globals, 8 P
gc 4568 @15.911s 8%: 0.10+1.1+0.052 ms clock, 0.83+0.73/0.81/0+0.41 ms cpu, 3->4->1 MB, 4 MB goal, 0 MB stacks, 0 MB globals, 8 P
gc 4569 @15.914s 8%: 0.092+0.64+0.064 ms clock, 0.74+0.79/0.68/0+0.51 ms cpu, 3->3->1 MB, 4 MB goal, 0 MB stacks, 0 MB globals, 8 P
gc 4570 @15.917s 8%: 0.13+1.1+0.068 ms clock, 1.0+0.65/0.84/0+0.54 ms cpu, 3->4->1 MB, 4 MB goal, 0 MB stacks, 0 MB globals, 8 P
gc 4571 @15.920s 8%: 0.080+0.56+0.097 ms clock, 0.64+0.72/0.84/0+0.78 ms cpu, 3->3->1 MB, 4 MB goal, 0 MB stacks, 0 MB globals, 8 P
gc 4572 @15.922s 8%: 0.077+0.63+0.16 ms clock, 0.62+0.71/0.80/0+1.2 ms cpu, 3->3->1 MB, 4 MB goal, 0 MB stacks, 0 MB globals, 8 P
gc 4573 @15.924s 8%: 0.11+0.59+0.095 ms clock, 0.90+0.86/0.63/0+0.76 ms cpu, 3->3->1 MB, 4 MB goal, 0 MB stacks, 0 MB globals, 8 P
gc 4574 @15.927s 8%: 0.14+0.63+0.054 ms clock, 1.1+0.71/0.89/0+0.43 ms cpu, 3->3->1 MB, 4 MB goal, 0 MB stacks, 0 MB globals, 8 P
gc 4575 @15.929s 8%: 0.13+0.60+0.10 ms clock, 1.0+0.72/0.83/0+0.82 ms cpu, 3->3->1 MB, 4 MB goal, 0 MB stacks, 0 MB globals, 8 P
gc 4576 @15.932s 8%: 0.17+0.97+0.070 ms clock, 1.4+0.69/0.86/0+0.56 ms cpu, 3->3->1 MB, 4 MB goal, 0 MB stacks, 0 MB globals, 8 P
gc 4577 @15.935s 8%: 0.13+1.0+0.033 ms clock, 1.0+0.65/0.80/0+0.26 ms cpu, 3->4->1 MB, 4 MB goal, 0 MB stacks, 0 MB globals, 8 P
gc 4578 @15.937s 8%: 0.17+0.61+0.063 ms clock, 1.4+0.85/0.66/0+0.50 ms cpu, 3->3->1 MB, 4 MB goal, 0 MB stacks, 0 MB globals, 8 P
gc 4579 @15.940s 8%: 0.14+0.72+0.10 ms clock, 1.1+0.82/0.85/0+0.83 ms cpu, 3->3->1 MB, 4 MB goal, 0 MB stacks, 0 MB globals, 8 P
gc 4580 @15.942s 8%: 0.076+0.95+0.074 ms clock, 0.61+0.66/0.84/0+0.59 ms cpu, 3->3->1 MB, 4 MB goal, 0 MB stacks, 0 MB globals, 8 P
gc 4581 @15.945s 8%: 0.15+1.1+0.089 ms clock, 1.2+0.66/0.77/0+0.71 ms cpu, 3->4->1 MB, 4 MB goal, 0 MB stacks, 0 MB globals, 8 P
gc 4582 @15.948s 8%: 0.14+0.54+0.083 ms clock, 1.1+0.83/0.76/0+0.67 ms cpu, 3->4->1 MB, 4 MB goal, 0 MB stacks, 0 MB globals, 8 P
gc 4583 @15.950s 8%: 0.17+1.1+0.16 ms clock, 1.3+0.72/0.77/0+1.2 ms cpu, 3->4->2 MB, 4 MB goal, 0 MB stacks, 0 MB globals, 8 P
gc 4584 @15.954s 8%: 0.10+0.62+0.092 ms clock, 0.86+0.74/0.76/0+0.74 ms cpu, 3->4->1 MB, 4 MB goal, 0 MB stacks, 0 MB globals, 8 P
gc 4585 @15.956s 8%: 0.093+0.93+0.069 ms clock, 0.74+0.76/0.91/0+0.55 ms cpu, 3->3->1 MB, 4 MB goal, 0 MB stacks, 0 MB globals, 8 P
gc 4586 @15.959s 8%: 0.11+0.55+0.13 ms clock, 0.89+0.81/0.71/0+1.0 ms cpu, 3->3->1 MB, 4 MB goal, 0 MB stacks, 0 MB globals, 8 P
gc 4587 @15.961s 8%: 0.11+0.86+0.053 ms clock, 0.90+0.53/0.84/0+0.42 ms cpu, 3->3->1 MB, 4 MB goal, 0 MB stacks, 0 MB globals, 8 P
gc 4588 @15.964s 8%: 0.16+0.51+0.073 ms clock, 1.3+0.65/0.78/0+0.58 ms cpu, 3->3->1 MB, 4 MB goal, 0 MB stacks, 0 MB globals, 8 P
gc 4589 @15.966s 8%: 0.10+0.62+0.061 ms clock, 0.87+0.79/0.75/0+0.49 ms cpu, 3->3->1 MB, 4 MB goal, 0 MB stacks, 0 MB globals, 8 P
gc 4590 @15.969s 8%: 0.098+0.63+0.10 ms clock, 0.78+0.62/0.78/0+0.83 ms cpu, 3->3->1 MB, 4 MB goal, 0 MB stacks, 0 MB globals, 8 P
gc 4591 @15.971s 8%: 0.14+0.59+0.089 ms clock, 1.1+0.71/0.75/0+0.71 ms cpu, 3->3->1 MB, 4 MB goal, 0 MB stacks, 0 MB globals, 8 P
gc 4592 @15.974s 8%: 0.11+0.70+0.10 ms clock, 0.95+0.74/0.80/0+0.81 ms cpu, 3->3->1 MB, 4 MB goal, 0 MB stacks, 0 MB globals, 8 P
gc 4593 @15.976s 8%: 0.089+0.49+0.090 ms clock, 0.71+0.59/0.71/0+0.72 ms cpu, 3->3->1 MB, 4 MB goal, 0 MB stacks, 0 MB globals, 8 P
gc 4594 @15.979s 8%: 0.10+0.69+0.088 ms clock, 0.83+0.72/0.72/0+0.70 ms cpu, 3->3->1 MB, 4 MB goal, 0 MB stacks, 0 MB globals, 8 P
gc 4595 @15.981s 8%: 0.11+0.71+0.13 ms clock, 0.95+0.77/0.74/0+1.0 ms cpu, 3->3->1 MB, 4 MB goal, 0 MB stacks, 0 MB globals, 8 P
gc 4596 @15.984s 8%: 0.090+0.61+0.13 ms clock, 0.72+1.0/0.85/0+1.1 ms cpu, 3->3->1 MB, 4 MB goal, 0 MB stacks, 0 MB globals, 8 P
gc 4597 @15.986s 8%: 0.13+0.68+0.077 ms clock, 1.0+0.85/0.70/0+0.61 ms cpu, 3->3->1 MB, 4 MB goal, 0 MB stacks, 0 MB globals, 8 P
gc 4598 @15.989s 8%: 0.13+0.55+0.11 ms clock, 1.0+0.72/0.76/0+0.92 ms cpu, 3->3->1 MB, 4 MB goal, 0 MB stacks, 0 MB globals, 8 P
gc 4599 @15.991s 8%: 0.11+0.60+0.13 ms clock, 0.88+0.82/0.82/0+1.1 ms cpu, 3->3->1 MB, 4 MB goal, 0 MB stacks, 0 MB globals, 8 P
gc 4600 @15.994s 8%: 0.086+0.60+0.084 ms clock, 0.69+0.79/0.74/0+0.67 ms cpu, 3->3->1 MB, 4 MB goal, 0 MB stacks, 0 MB globals, 8 P
gc 4601 @15.996s 8%: 0.13+1.0+0.067 ms clock, 1.1+0.69/0.75/0+0.54 ms cpu, 3->4->1 MB, 4 MB goal, 0 MB stacks, 0 MB globals, 8 P
gc 4602 @15.999s 8%: 0.11+1.1+0.062 ms clock, 0.95+0.57/0.89/0+0.49 ms cpu, 3->4->1 MB, 4 MB goal, 0 MB stacks, 0 MB globals, 8 P
gc 4603 @16.002s 8%: 0.10+0.78+0.037 ms clock, 0.83+0.64/0.80/0+0.29 ms cpu, 3->4->1 MB, 4 MB goal, 0 MB stacks, 0 MB globals, 8 P
gc 4604 @16.005s 8%: 0.14+0.59+0.088 ms clock, 1.1+0.84/0.78/0+0.70 ms cpu, 3->3->1 MB, 4 MB goal, 0 MB stacks, 0 MB globals, 8 P
gc 4605 @16.007s 8%: 0.10+0.58+0.10 ms clock, 0.83+0.79/0.79/0+0.83 ms cpu, 3->3->1 MB, 4 MB goal, 0 MB stacks, 0 MB globals, 8 P
gc 4606 @16.010s 8%: 0.12+0.68+0.091 ms clock, 1.0+0.65/0.89/0+0.73 ms cpu, 3->3->1 MB, 4 MB goal, 0 MB stacks, 0 MB globals, 8 P
gc 4607 @16.012s 8%: 0.10+0.78+0.082 ms clock, 0.86+0.77/0.74/0+0.66 ms cpu, 3->3->1 MB, 4 MB goal, 0 MB stacks, 0 MB globals, 8 P
gc 4608 @16.015s 8%: 0.10+1.1+0.064 ms clock, 0.84+0.76/0.79/0+0.51 ms cpu, 3->4->1 MB, 4 MB goal, 0 MB stacks, 0 MB globals, 8 P
gc 4609 @16.017s 8%: 0.16+0.63+0.12 ms clock, 1.2+0.76/0.83/0+1.0 ms cpu, 3->3->1 MB, 4 MB goal, 0 MB stacks, 0 MB globals, 8 P
gc 4610 @16.020s 8%: 0.10+1.1+0.057 ms clock, 0.84+1.0/0.82/0+0.46 ms cpu, 3->4->1 MB, 4 MB goal, 0 MB stacks, 0 MB globals, 8 P
gc 4611 @16.023s 8%: 0.10+0.62+0.11 ms clock, 0.87+0.57/0.83/0+0.88 ms cpu, 3->4->1 MB, 4 MB goal, 0 MB stacks, 0 MB globals, 8 P
gc 4612 @16.025s 8%: 0.16+0.80+0.036 ms clock, 1.3+0.67/0.78/0+0.29 ms cpu, 3->3->1 MB, 4 MB goal, 0 MB stacks, 0 MB globals, 8 P
gc 4613 @16.028s 8%: 0.13+0.82+0.099 ms clock, 1.1+0.81/0.75/0+0.79 ms cpu, 3->3->1 MB, 4 MB goal, 0 MB stacks, 0 MB globals, 8 P
gc 4614 @16.031s 8%: 0.13+0.65+0.13 ms clock, 1.0+0.85/0.81/0+1.0 ms cpu, 3->3->1 MB, 4 MB goal, 0 MB stacks, 0 MB globals, 8 P
gc 4615 @16.033s 8%: 0.14+1.0+0.13 ms clock, 1.1+0.87/0.63/0+1.1 ms cpu, 3->4->1 MB, 4 MB goal, 0 MB stacks, 0 MB globals, 8 P
gc 4616 @16.036s 8%: 0.12+0.59+0.083 ms clock, 1.0+0.77/0.70/0+0.66 ms cpu, 3->3->1 MB, 4 MB goal, 0 MB stacks, 0 MB globals, 8 P
gc 4617 @16.038s 8%: 0.079+0.63+0.12 ms clock, 0.63+0.80/0.80/0+0.99 ms cpu, 3->3->1 MB, 4 MB goal, 0 MB stacks, 0 MB globals, 8 P
gc 4618 @16.041s 8%: 0.13+0.55+0.091 ms clock, 1.0+0.74/0.75/0+0.73 ms cpu, 3->3->1 MB, 4 MB goal, 0 MB stacks, 0 MB globals, 8 P
gc 4619 @16.043s 8%: 0.097+0.69+0.063 ms clock, 0.78+0.75/0.81/0+0.50 ms cpu, 3->3->1 MB, 4 MB goal, 0 MB stacks, 0 MB globals, 8 P
gc 4620 @16.046s 8%: 0.15+0.67+0.092 ms clock, 1.2+0.71/0.80/0+0.73 ms cpu, 3->3->1 MB, 4 MB goal, 0 MB stacks, 0 MB globals, 8 P
gc 4621 @16.048s 8%: 0.11+0.61+0.076 ms clock, 0.92+0.73/0.79/0+0.60 ms cpu, 3->3->1 MB, 4 MB goal, 0 MB stacks, 0 MB globals, 8 P
gc 4622 @16.051s 8%: 0.085+1.1+0.091 ms clock, 0.68+0.81/0.66/0+0.73 ms cpu, 3->3->1 MB, 4 MB goal, 0 MB stacks, 0 MB globals, 8 P
gc 4623 @16.054s 8%: 0.10+0.75+0.10 ms clock, 0.81+0.72/0.83/0+0.80 ms cpu, 3->3->1 MB, 4 MB goal, 0 MB stacks, 0 MB globals, 8 P
gc 4624 @16.056s 8%: 0.15+0.88+0.11 ms clock, 1.2+0.65/0.76/0+0.93 ms cpu, 3->4->1 MB, 4 MB goal, 0 MB stacks, 0 MB globals, 8 P
gc 4625 @16.059s 8%: 0.12+0.95+0.10 ms clock, 0.98+0.73/0.85/0+0.81 ms cpu, 3->4->1 MB, 4 MB goal, 0 MB stacks, 0 MB globals, 8 P
gc 4626 @16.062s 8%: 0.097+0.61+0.067 ms clock, 0.78+0.73/0.78/0+0.54 ms cpu, 3->3->1 MB, 4 MB goal, 0 MB stacks, 0 MB globals, 8 P
gc 4627 @16.064s 8%: 0.10+0.54+0.13 ms clock, 0.86+0.79/0.68/0+1.0 ms cpu, 3->3->1 MB, 4 MB goal, 0 MB stacks, 0 MB globals, 8 P
gc 4628 @16.067s 8%: 0.10+0.81+0.081 ms clock, 0.87+0.75/0.78/0+0.65 ms cpu, 3->3->1 MB, 4 MB goal, 0 MB stacks, 0 MB globals, 8 P
gc 4629 @16.069s 8%: 0.11+0.64+0.11 ms clock, 0.91+0.80/0.73/0+0.89 ms cpu, 3->3->1 MB, 4 MB goal, 0 MB stacks, 0 MB globals, 8 P
gc 4630 @16.072s 8%: 0.14+1.1+0.074 ms clock, 1.1+0.62/0.81/0+0.59 ms cpu, 3->4->1 MB, 4 MB goal, 0 MB stacks, 0 MB globals, 8 P
gc 4631 @16.075s 8%: 0.10+0.66+0.060 ms clock, 0.86+0.71/0.79/0+0.48 ms cpu, 3->4->1 MB, 4 MB goal, 0 MB stacks, 0 MB globals, 8 P
gc 4632 @16.077s 8%: 0.10+0.94+0.078 ms clock, 0.80+0.82/0.78/0+0.62 ms cpu, 3->3->1 MB, 4 MB goal, 0 MB stacks, 0 MB globals, 8 P
gc 4633 @16.080s 8%: 0.12+0.76+0.060 ms clock, 0.97+0.77/0.88/0+0.48 ms cpu, 3->4->1 MB, 4 MB goal, 0 MB stacks, 0 MB globals, 8 P
gc 4634 @16.082s 8%: 0.17+0.66+0.10 ms clock, 1.3+0.79/0.70/0+0.80 ms cpu, 3->3->1 MB, 4 MB goal, 0 MB stacks, 0 MB globals, 8 P
gc 4635 @16.085s 8%: 0.10+1.0+0.10 ms clock, 0.81+0.68/0.72/0+0.85 ms cpu, 3->3->1 MB, 4 MB goal, 0 MB stacks, 0 MB globals, 8 P
gc 4636 @16.087s 8%: 0.11+0.81+0.10 ms clock, 0.92+0.82/0.81/0+0.82 ms cpu, 3->3->1 MB, 4 MB goal, 0 MB stacks, 0 MB globals, 8 P
gc 4637 @16.090s 8%: 0.084+0.68+0.081 ms clock, 0.67+0.68/0.80/0+0.64 ms cpu, 3->3->1 MB, 4 MB goal, 0 MB stacks, 0 MB globals, 8 P
gc 4638 @16.093s 8%: 0.11+0.61+0.10 ms clock, 0.92+0.86/0.87/0+0.81 ms cpu, 3->3->1 MB, 4 MB goal, 0 MB stacks, 0 MB globals, 8 P
gc 4639 @16.095s 8%: 0.077+0.92+0.10 ms clock, 0.61+0.62/0.79/0+0.84 ms cpu, 3->3->1 MB, 4 MB goal, 0 MB stacks, 0 MB globals, 8 P
gc 4640 @16.098s 8%: 0.095+1.1+0.042 ms clock, 0.76+0.71/0.82/0+0.33 ms cpu, 3->4->1 MB, 4 MB goal, 0 MB stacks, 0 MB globals, 8 P
gc 4641 @16.100s 8%: 0.12+0.81+0.14 ms clock, 0.97+0.81/0.84/0+1.1 ms cpu, 3->4->1 MB, 4 MB goal, 0 MB stacks, 0 MB globals, 8 P
gc 4642 @16.103s 8%: 0.11+1.0+0.092 ms clock, 0.92+0.68/0.77/0+0.73 ms cpu, 3->4->1 MB, 4 MB goal, 0 MB stacks, 0 MB globals, 8 P
gc 4643 @16.106s 8%: 0.068+0.46+0.095 ms clock, 0.54+0.77/0.68/0+0.76 ms cpu, 3->3->1 MB, 4 MB goal, 0 MB stacks, 0 MB globals, 8 P
gc 4644 @16.108s 8%: 0.072+0.78+0.080 ms clock, 0.57+0.79/0.77/0+0.64 ms cpu, 3->3->1 MB, 4 MB goal, 0 MB stacks, 0 MB globals, 8 P
gc 4645 @16.112s 8%: 0.14+0.73+0.10 ms clock, 1.1+0.82/0.70/0+0.84 ms cpu, 3->4->1 MB, 4 MB goal, 0 MB stacks, 0 MB globals, 8 P
gc 4646 @16.114s 8%: 0.10+0.97+0.084 ms clock, 0.86+0.63/0.82/0+0.67 ms cpu, 3->4->1 MB, 4 MB goal, 0 MB stacks, 0 MB globals, 8 P
gc 4647 @16.116s 8%: 0.14+1.3+0.069 ms clock, 1.1+0.79/0.69/0+0.55 ms cpu, 3->4->1 MB, 4 MB goal, 0 MB stacks, 0 MB globals, 8 P
gc 4648 @16.119s 8%: 0.17+0.55+0.088 ms clock, 1.3+0.73/0.79/0+0.71 ms cpu, 3->3->1 MB, 4 MB goal, 0 MB stacks, 0 MB globals, 8 P
gc 4649 @16.121s 8%: 0.076+0.65+0.13 ms clock, 0.61+0.73/0.78/0+1.0 ms cpu, 3->3->1 MB, 4 MB goal, 0 MB stacks, 0 MB globals, 8 P
gc 4650 @16.124s 8%: 0.17+0.60+0.082 ms clock, 1.3+0.68/0.82/0+0.65 ms cpu, 3->3->1 MB, 4 MB goal, 0 MB stacks, 0 MB globals, 8 P
gc 4651 @16.126s 8%: 0.10+1.0+0.027 ms clock, 0.86+0.80/0.86/0+0.21 ms cpu, 3->4->1 MB, 4 MB goal, 0 MB stacks, 0 MB globals, 8 P
gc 4652 @16.129s 8%: 0.12+0.54+0.11 ms clock, 1.0+0.90/0.63/0+0.94 ms cpu, 3->3->1 MB, 4 MB goal, 0 MB stacks, 0 MB globals, 8 P
gc 4653 @16.132s 8%: 0.099+0.98+0.086 ms clock, 0.79+0.64/0.96/0+0.69 ms cpu, 3->3->1 MB, 4 MB goal, 0 MB stacks, 0 MB globals, 8 P
gc 4654 @16.134s 8%: 0.13+1.2+0.096 ms clock, 1.0+0.70/0.97/0+0.76 ms cpu, 3->4->1 MB, 4 MB goal, 0 MB stacks, 0 MB globals, 8 P
gc 4655 @16.137s 8%: 0.11+0.66+0.070 ms clock, 0.89+0.86/0.93/0+0.56 ms cpu, 3->4->1 MB, 4 MB goal, 0 MB stacks, 0 MB globals, 8 P
gc 4656 @16.140s 8%: 0.11+0.79+0.089 ms clock, 0.92+0.79/0.90/0+0.71 ms cpu, 3->3->1 MB, 4 MB goal, 0 MB stacks, 0 MB globals, 8 P
gc 4657 @16.142s 8%: 0.085+1.2+0.094 ms clock, 0.68+0.54/0.89/0+0.75 ms cpu, 3->4->1 MB, 4 MB goal, 0 MB stacks, 0 MB globals, 8 P
gc 4658 @16.145s 8%: 0.077+0.81+0.11 ms clock, 0.62+0.79/0.64/0+0.93 ms cpu, 3->4->1 MB, 4 MB goal, 0 MB stacks, 0 MB globals, 8 P
gc 4659 @16.148s 8%: 0.092+0.64+0.048 ms clock, 0.74+0.70/0.83/0+0.39 ms cpu, 3->3->1 MB, 4 MB goal, 0 MB stacks, 0 MB globals, 8 P
gc 4660 @16.150s 8%: 0.095+0.54+0.078 ms clock, 0.76+0.64/0.79/0+0.62 ms cpu, 3->3->1 MB, 4 MB goal, 0 MB stacks, 0 MB globals, 8 P
gc 4661 @16.152s 8%: 0.14+0.67+0.12 ms clock, 1.1+0.63/0.90/0+0.98 ms cpu, 3->3->1 MB, 4 MB goal, 0 MB stacks, 0 MB globals, 8 P
gc 4662 @16.155s 8%: 0.075+0.88+0.081 ms clock, 0.60+0.75/0.96/0+0.65 ms cpu, 3->3->1 MB, 4 MB goal, 0 MB stacks, 0 MB globals, 8 P
gc 4663 @16.158s 8%: 0.11+1.1+0.087 ms clock, 0.90+0.91/0.76/0+0.69 ms cpu, 3->4->1 MB, 4 MB goal, 0 MB stacks, 0 MB globals, 8 P
gc 4664 @16.160s 8%: 0.14+0.92+0.089 ms clock, 1.1+0.65/0.75/0+0.71 ms cpu, 3->4->1 MB, 4 MB goal, 0 MB stacks, 0 MB globals, 8 P
gc 4665 @16.163s 8%: 0.10+0.73+0.11 ms clock, 0.86+0.81/0.78/0+0.89 ms cpu, 3->3->1 MB, 4 MB goal, 0 MB stacks, 0 MB globals, 8 P
gc 4666 @16.166s 8%: 0.11+0.61+0.11 ms clock, 0.91+0.77/0.84/0+0.92 ms cpu, 3->3->1 MB, 4 MB goal, 0 MB stacks, 0 MB globals, 8 P
gc 4667 @16.168s 8%: 0.13+0.62+0.070 ms clock, 1.0+0.78/0.74/0+0.56 ms cpu, 3->3->1 MB, 4 MB goal, 0 MB stacks, 0 MB globals, 8 P
gc 4668 @16.171s 8%: 0.14+0.54+0.048 ms clock, 1.1+0.76/0.73/0+0.38 ms cpu, 3->3->1 MB, 4 MB goal, 0 MB stacks, 0 MB globals, 8 P
gc 4669 @16.173s 8%: 0.10+0.59+0.065 ms clock, 0.82+0.77/0.68/0+0.52 ms cpu, 3->3->1 MB, 4 MB goal, 0 MB stacks, 0 MB globals, 8 P
gc 4670 @16.175s 8%: 0.11+0.66+0.12 ms clock, 0.88+0.78/0.80/0+1.0 ms cpu, 3->3->1 MB, 4 MB goal, 0 MB stacks, 0 MB globals, 8 P
gc 4671 @16.178s 8%: 0.12+0.62+0.077 ms clock, 0.99+0.65/0.68/0+0.62 ms cpu, 3->3->1 MB, 4 MB goal, 0 MB stacks, 0 MB globals, 8 P
gc 4672 @16.180s 8%: 0.12+0.85+0.13 ms clock, 0.97+0.81/0.70/0+1.0 ms cpu, 3->3->1 MB, 4 MB goal, 0 MB stacks, 0 MB globals, 8 P
gc 4673 @16.183s 8%: 0.091+0.86+0.095 ms clock, 0.73+0.79/0.75/0+0.76 ms cpu, 3->4->1 MB, 4 MB goal, 0 MB stacks, 0 MB globals, 8 P
gc 4674 @16.186s 8%: 0.11+0.62+0.072 ms clock, 0.90+0.78/0.91/0+0.57 ms cpu, 3->3->1 MB, 4 MB goal, 0 MB stacks, 0 MB globals, 8 P
gc 4675 @16.188s 8%: 0.20+0.53+0.069 ms clock, 1.6+0.86/0.78/0+0.55 ms cpu, 3->3->1 MB, 4 MB goal, 0 MB stacks, 0 MB globals, 8 P
gc 4676 @16.191s 8%: 0.12+1.2+0.064 ms clock, 0.97+0.64/0.78/0+0.51 ms cpu, 3->4->2 MB, 4 MB goal, 0 MB stacks, 0 MB globals, 8 P
gc 4677 @16.194s 8%: 0.15+0.58+0.10 ms clock, 1.2+0.57/0.78/0+0.87 ms cpu, 3->4->1 MB, 4 MB goal, 0 MB stacks, 0 MB globals, 8 P
gc 4678 @16.197s 8%: 0.15+0.62+0.10 ms clock, 1.2+0.64/0.81/0+0.84 ms cpu, 3->3->1 MB, 4 MB goal, 0 MB stacks, 0 MB globals, 8 P
gc 4679 @16.199s 8%: 0.14+1.1+0.079 ms clock, 1.1+0.68/0.83/0+0.63 ms cpu, 3->4->1 MB, 4 MB goal, 0 MB stacks, 0 MB globals, 8 P
gc 4680 @16.202s 8%: 0.083+0.68+0.067 ms clock, 0.66+0.67/0.81/0+0.54 ms cpu, 3->4->1 MB, 4 MB goal, 0 MB stacks, 0 MB globals, 8 P
gc 4681 @16.204s 8%: 0.10+0.72+0.076 ms clock, 0.84+0.83/0.65/0+0.61 ms cpu, 3->3->1 MB, 4 MB goal, 0 MB stacks, 0 MB globals, 8 P
gc 4682 @16.207s 8%: 0.071+0.54+0.081 ms clock, 0.57+0.76/0.73/0+0.65 ms cpu, 3->3->1 MB, 4 MB goal, 0 MB stacks, 0 MB globals, 8 P
gc 4683 @16.210s 8%: 0.098+0.88+0.14 ms clock, 0.78+0.76/0.76/0+1.1 ms cpu, 3->4->1 MB, 4 MB goal, 0 MB stacks, 0 MB globals, 8 P
gc 4684 @16.212s 8%: 0.16+0.82+0.091 ms clock, 1.2+0.63/0.83/0+0.73 ms cpu, 3->4->1 MB, 4 MB goal, 0 MB stacks, 0 MB globals, 8 P
gc 4685 @16.215s 8%: 0.098+0.86+0.10 ms clock, 0.79+0.60/0.82/0+0.85 ms cpu, 3->4->1 MB, 4 MB goal, 0 MB stacks, 0 MB globals, 8 P
gc 4686 @16.218s 8%: 0.083+0.98+0.049 ms clock, 0.66+0.83/0.75/0+0.39 ms cpu, 3->4->1 MB, 4 MB goal, 0 MB stacks, 0 MB globals, 8 P
gc 4687 @16.220s 8%: 0.15+0.58+0.090 ms clock, 1.2+0.68/0.74/0+0.72 ms cpu, 3->3->1 MB, 4 MB goal, 0 MB stacks, 0 MB globals, 8 P
gc 4688 @16.223s 8%: 0.079+0.83+0.12 ms clock, 0.63+0.73/0.68/0+1.0 ms cpu, 3->3->1 MB, 4 MB goal, 0 MB stacks, 0 MB globals, 8 P
gc 4689 @16.226s 8%: 0.13+1.4+0.10 ms clock, 1.1+0.53/0.87/0+0.82 ms cpu, 3->4->2 MB, 4 MB goal, 0 MB stacks, 0 MB globals, 8 P
gc 4690 @16.229s 8%: 0.12+0.66+0.087 ms clock, 1.0+0.60/0.93/0+0.70 ms cpu, 3->4->1 MB, 4 MB goal, 0 MB stacks, 0 MB globals, 8 P
gc 4691 @16.231s 8%: 0.097+0.57+0.10 ms clock, 0.77+0.83/0.81/0+0.86 ms cpu, 3->3->1 MB, 4 MB goal, 0 MB stacks, 0 MB globals, 8 P
gc 4692 @16.234s 8%: 0.11+0.97+0.090 ms clock, 0.88+0.73/0.87/0+0.72 ms cpu, 3->4->1 MB, 4 MB goal, 0 MB stacks, 0 MB globals, 8 P
gc 4693 @16.237s 8%: 0.11+0.64+0.089 ms clock, 0.95+0.73/0.79/0+0.71 ms cpu, 3->4->1 MB, 4 MB goal, 0 MB stacks, 0 MB globals, 8 P
gc 4694 @16.239s 8%: 0.089+0.85+0.081 ms clock, 0.71+0.79/0.79/0+0.64 ms cpu, 3->3->1 MB, 4 MB goal, 0 MB stacks, 0 MB globals, 8 P
gc 4695 @16.242s 8%: 0.11+0.61+0.070 ms clock, 0.88+0.89/0.78/0+0.56 ms cpu, 3->3->1 MB, 4 MB goal, 0 MB stacks, 0 MB globals, 8 P
gc 4696 @16.244s 8%: 0.090+0.54+0.056 ms clock, 0.72+0.85/0.79/0+0.45 ms cpu, 3->3->1 MB, 4 MB goal, 0 MB stacks, 0 MB globals, 8 P
gc 4697 @16.247s 8%: 0.10+0.99+0.13 ms clock, 0.84+0.81/0.73/0+1.0 ms cpu, 3->3->1 MB, 4 MB goal, 0 MB stacks, 0 MB globals, 8 P
gc 4698 @16.249s 8%: 0.11+0.56+0.078 ms clock, 0.92+0.84/0.74/0+0.62 ms cpu, 3->3->1 MB, 4 MB goal, 0 MB stacks, 0 MB globals, 8 P
gc 4699 @16.252s 8%: 0.090+0.82+0.088 ms clock, 0.72+0.75/0.75/0+0.71 ms cpu, 3->3->1 MB, 4 MB goal, 0 MB stacks, 0 MB globals, 8 P
gc 4700 @16.254s 8%: 0.078+0.69+0.058 ms clock, 0.63+0.77/0.91/0+0.46 ms cpu, 3->3->1 MB, 4 MB goal, 0 MB stacks, 0 MB globals, 8 P
gc 4701 @16.257s 8%: 0.10+0.49+0.10 ms clock, 0.84+0.85/0.65/0+0.86 ms cpu, 3->3->1 MB, 4 MB goal, 0 MB stacks, 0 MB globals, 8 P
gc 4702 @16.259s 8%: 0.15+0.79+0.17 ms clock, 1.2+0.86/0.65/0+1.3 ms cpu, 3->3->1 MB, 4 MB goal, 0 MB stacks, 0 MB globals, 8 P
gc 4703 @16.262s 8%: 0.12+0.47+0.12 ms clock, 0.99+0.80/0.67/0+0.98 ms cpu, 3->3->1 MB, 4 MB goal, 0 MB stacks, 0 MB globals, 8 P
gc 4704 @16.264s 8%: 0.086+0.79+0.066 ms clock, 0.69+0.76/0.76/0+0.53 ms cpu, 3->3->1 MB, 4 MB goal, 0 MB stacks, 0 MB globals, 8 P
gc 4705 @16.267s 8%: 0.12+0.66+0.082 ms clock, 0.99+0.69/0.83/0+0.66 ms cpu, 3->3->1 MB, 4 MB goal, 0 MB stacks, 0 MB globals, 8 P
gc 4706 @16.269s 8%: 0.12+1.0+0.10 ms clock, 1.0+0.68/0.77/0+0.85 ms cpu, 3->4->1 MB, 4 MB goal, 0 MB stacks, 0 MB globals, 8 P
gc 4707 @16.272s 8%: 0.095+0.76+0.099 ms clock, 0.76+0.71/0.80/0+0.79 ms cpu, 3->4->1 MB, 4 MB goal, 0 MB stacks, 0 MB globals, 8 P
gc 4708 @16.275s 8%: 0.11+0.66+0.078 ms clock, 0.90+0.78/0.84/0+0.63 ms cpu, 3->3->1 MB, 4 MB goal, 0 MB stacks, 0 MB globals, 8 P
gc 4709 @16.277s 8%: 0.13+1.4+0.10 ms clock, 1.0+0.83/0.71/0+0.80 ms cpu, 3->4->2 MB, 4 MB goal, 0 MB stacks, 0 MB globals, 8 P
gc 4710 @16.281s 8%: 0.088+0.62+0.076 ms clock, 0.70+0.96/0.84/0+0.60 ms cpu, 4->4->1 MB, 4 MB goal, 0 MB stacks, 0 MB globals, 8 P
gc 4711 @16.283s 8%: 0.10+0.66+0.090 ms clock, 0.87+0.80/0.78/0+0.72 ms cpu, 3->3->1 MB, 4 MB goal, 0 MB stacks, 0 MB globals, 8 P
gc 4712 @16.286s 8%: 0.18+0.69+0.063 ms clock, 1.4+0.59/0.91/0+0.51 ms cpu, 3->3->1 MB, 4 MB goal, 0 MB stacks, 0 MB globals, 8 P
gc 4713 @16.288s 8%: 0.17+0.57+0.079 ms clock, 1.3+0.80/0.77/0+0.63 ms cpu, 3->3->1 MB, 4 MB goal, 0 MB stacks, 0 MB globals, 8 P
gc 4714 @16.291s 8%: 0.15+0.79+0.12 ms clock, 1.2+0.84/0.94/0+0.97 ms cpu, 3->3->1 MB, 4 MB goal, 0 MB stacks, 0 MB globals, 8 P
gc 4715 @16.293s 8%: 0.10+0.60+0.080 ms clock, 0.83+0.81/0.77/0+0.64 ms cpu, 3->3->1 MB, 4 MB goal, 0 MB stacks, 0 MB globals, 8 P
gc 4716 @16.296s 8%: 0.15+1.1+0.083 ms clock, 1.2+0.71/0.85/0+0.66 ms cpu, 3->4->2 MB, 4 MB goal, 0 MB stacks, 0 MB globals, 8 P
gc 4717 @16.299s 8%: 0.14+1.2+0.055 ms clock, 1.1+0.51/0.86/0+0.44 ms cpu, 3->4->1 MB, 4 MB goal, 0 MB stacks, 0 MB globals, 8 P
gc 4718 @16.302s 8%: 0.11+0.81+0.074 ms clock, 0.90+0.63/0.76/0+0.59 ms cpu, 3->4->1 MB, 4 MB goal, 0 MB stacks, 0 MB globals, 8 P
gc 4719 @16.305s 8%: 0.10+0.82+0.089 ms clock, 0.82+0.77/0.76/0+0.71 ms cpu, 3->3->1 MB, 4 MB goal, 0 MB stacks, 0 MB globals, 8 P
gc 4720 @16.307s 8%: 0.10+0.74+0.10 ms clock, 0.86+0.81/0.85/0+0.85 ms cpu, 3->3->1 MB, 4 MB goal, 0 MB stacks, 0 MB globals, 8 P
gc 4721 @16.310s 8%: 0.13+0.74+0.078 ms clock, 1.1+0.67/0.98/0+0.62 ms cpu, 3->3->1 MB, 4 MB goal, 0 MB stacks, 0 MB globals, 8 P
gc 4722 @16.312s 8%: 0.094+0.81+0.079 ms clock, 0.75+0.66/0.82/0+0.63 ms cpu, 3->3->1 MB, 4 MB goal, 0 MB stacks, 0 MB globals, 8 P
gc 4723 @16.315s 8%: 0.12+1.0+0.091 ms clock, 0.98+0.82/0.75/0+0.73 ms cpu, 3->4->1 MB, 4 MB goal, 0 MB stacks, 0 MB globals, 8 P
gc 4724 @16.318s 8%: 0.10+0.59+0.10 ms clock, 0.80+0.66/0.82/0+0.82 ms cpu, 3->3->1 MB, 4 MB goal, 0 MB stacks, 0 MB globals, 8 P
gc 4725 @16.320s 8%: 0.088+0.82+0.048 ms clock, 0.70+0.68/0.75/0+0.39 ms cpu, 3->3->1 MB, 4 MB goal, 0 MB stacks, 0 MB globals, 8 P
gc 4726 @16.323s 8%: 0.076+0.62+0.13 ms clock, 0.61+0.73/0.83/0+1.0 ms cpu, 3->3->1 MB, 4 MB goal, 0 MB stacks, 0 MB globals, 8 P
gc 4727 @16.325s 8%: 0.11+0.74+0.081 ms clock, 0.94+0.74/0.65/0+0.65 ms cpu, 3->4->1 MB, 4 MB goal, 0 MB stacks, 0 MB globals, 8 P
gc 4728 @16.328s 8%: 0.076+0.61+0.063 ms clock, 0.61+0.91/0.77/0+0.51 ms cpu, 3->3->1 MB, 4 MB goal, 0 MB stacks, 0 MB globals, 8 P
gc 4729 @16.331s 8%: 0.086+0.62+0.088 ms clock, 0.69+0.78/0.79/0+0.70 ms cpu, 3->3->1 MB, 4 MB goal, 0 MB stacks, 0 MB globals, 8 P
gc 4730 @16.333s 8%: 0.13+1.2+0.099 ms clock, 1.1+0.68/0.75/0+0.79 ms cpu, 3->4->2 MB, 4 MB goal, 0 MB stacks, 0 MB globals, 8 P
gc 4731 @16.336s 8%: 0.14+0.71+0.078 ms clock, 1.1+0.76/0.77/0+0.62 ms cpu, 3->4->1 MB, 4 MB goal, 0 MB stacks, 0 MB globals, 8 P
gc 4732 @16.339s 8%: 0.10+0.68+0.13 ms clock, 0.81+0.85/0.74/0+1.0 ms cpu, 3->3->1 MB, 4 MB goal, 0 MB stacks, 0 MB globals, 8 P
gc 4733 @16.341s 8%: 0.15+1.2+0.081 ms clock, 1.2+0.72/0.72/0+0.64 ms cpu, 3->4->2 MB, 4 MB goal, 0 MB stacks, 0 MB globals, 8 P
gc 4734 @16.344s 8%: 0.12+0.64+0.088 ms clock, 1.0+0.71/0.79/0+0.71 ms cpu, 3->4->1 MB, 4 MB goal, 0 MB stacks, 0 MB globals, 8 P
gc 4735 @16.347s 8%: 0.14+0.60+0.064 ms clock, 1.1+0.72/0.78/0+0.51 ms cpu, 3->3->1 MB, 4 MB goal, 0 MB stacks, 0 MB globals, 8 P
gc 4736 @16.349s 8%: 0.098+0.97+0.11 ms clock, 0.79+0.70/0.73/0+0.95 ms cpu, 3->4->1 MB, 4 MB goal, 0 MB stacks, 0 MB globals, 8 P
gc 4737 @16.352s 8%: 0.12+0.61+0.11 ms clock, 0.96+0.85/0.79/0+0.89 ms cpu, 3->4->1 MB, 4 MB goal, 0 MB stacks, 0 MB globals, 8 P
gc 4738 @16.355s 8%: 0.10+0.74+0.087 ms clock, 0.84+0.76/0.67/0+0.70 ms cpu, 3->3->1 MB, 4 MB goal, 0 MB stacks, 0 MB globals, 8 P
gc 4739 @16.357s 8%: 0.14+1.0+0.062 ms clock, 1.1+0.78/0.69/0+0.50 ms cpu, 3->4->1 MB, 4 MB goal, 0 MB stacks, 0 MB globals, 8 P
gc 4740 @16.360s 8%: 0.13+0.88+0.073 ms clock, 1.0+0.80/1.0/0+0.58 ms cpu, 3->4->1 MB, 4 MB goal, 0 MB stacks, 0 MB globals, 8 P
gc 4741 @16.363s 8%: 0.10+0.51+0.092 ms clock, 0.84+0.80/0.72/0+0.73 ms cpu, 3->3->1 MB, 4 MB goal, 0 MB stacks, 0 MB globals, 8 P
gc 4742 @16.365s 8%: 0.11+0.53+0.13 ms clock, 0.90+0.84/0.71/0+1.1 ms cpu, 3->3->1 MB, 4 MB goal, 0 MB stacks, 0 MB globals, 8 P
gc 4743 @16.368s 8%: 0.14+0.61+0.15 ms clock, 1.1+0.82/0.72/0+1.2 ms cpu, 3->3->1 MB, 4 MB goal, 0 MB stacks, 0 MB globals, 8 P
gc 4744 @16.370s 8%: 0.12+0.61+0.066 ms clock, 1.0+0.87/0.75/0+0.53 ms cpu, 3->3->1 MB, 4 MB goal, 0 MB stacks, 0 MB globals, 8 P
gc 4745 @16.373s 8%: 0.12+0.88+0.071 ms clock, 1.0+0.48/0.95/0+0.56 ms cpu, 3->3->1 MB, 4 MB goal, 0 MB stacks, 0 MB globals, 8 P
gc 4746 @16.375s 8%: 0.10+1.0+0.081 ms clock, 0.86+0.80/0.72/0+0.65 ms cpu, 3->4->1 MB, 4 MB goal, 0 MB stacks, 0 MB globals, 8 P
gc 4747 @16.378s 8%: 0.11+0.67+0.13 ms clock, 0.93+0.72/0.75/0+1.0 ms cpu, 3->3->1 MB, 4 MB goal, 0 MB stacks, 0 MB globals, 8 P
gc 4748 @16.380s 8%: 0.15+0.51+0.12 ms clock, 1.2+0.82/0.67/0+0.96 ms cpu, 3->3->1 MB, 4 MB goal, 0 MB stacks, 0 MB globals, 8 P
gc 4749 @16.383s 8%: 0.13+0.63+0.11 ms clock, 1.1+0.89/0.70/0+0.90 ms cpu, 3->3->1 MB, 4 MB goal, 0 MB stacks, 0 MB globals, 8 P
gc 4750 @16.385s 8%: 0.10+1.1+0.082 ms clock, 0.84+0.91/0.72/0+0.66 ms cpu, 3->4->1 MB, 4 MB goal, 0 MB stacks, 0 MB globals, 8 P
gc 4751 @16.388s 8%: 0.10+2.4+0.074 ms clock, 0.86+0.75/0.76/0+0.59 ms cpu, 3->4->1 MB, 4 MB goal, 0 MB stacks, 0 MB globals, 8 P
gc 4752 @16.392s 8%: 0.089+0.75+0.092 ms clock, 0.71+0.71/0.91/0+0.74 ms cpu, 3->4->2 MB, 4 MB goal, 0 MB stacks, 0 MB globals, 8 P
gc 4753 @16.394s 8%: 0.12+0.68+0.070 ms clock, 1.0+0.87/0.73/0+0.56 ms cpu, 3->4->1 MB, 4 MB goal, 0 MB stacks, 0 MB globals, 8 P
gc 4754 @16.397s 8%: 0.10+0.81+0.069 ms clock, 0.81+0.69/0.90/0+0.55 ms cpu, 3->3->1 MB, 4 MB goal, 0 MB stacks, 0 MB globals, 8 P
gc 4755 @16.399s 8%: 0.18+0.76+0.065 ms clock, 1.4+0.68/0.82/0+0.52 ms cpu, 3->3->1 MB, 4 MB goal, 0 MB stacks, 0 MB globals, 8 P
gc 4756 @16.402s 8%: 0.098+1.0+0.059 ms clock, 0.79+0.75/0.80/0+0.47 ms cpu, 3->4->1 MB, 4 MB goal, 0 MB stacks, 0 MB globals, 8 P
gc 4757 @16.405s 8%: 0.15+0.66+0.11 ms clock, 1.2+0.79/0.92/0+0.95 ms cpu, 3->4->1 MB, 4 MB goal, 0 MB stacks, 0 MB globals, 8 P
gc 4758 @16.407s 8%: 0.12+1.1+0.045 ms clock, 1.0+0.60/0.97/0+0.36 ms cpu, 3->4->1 MB, 4 MB goal, 0 MB stacks, 0 MB globals, 8 P
gc 4759 @16.410s 8%: 0.095+0.63+0.058 ms clock, 0.76+0.75/0.94/0+0.46 ms cpu, 3->4->1 MB, 4 MB goal, 0 MB stacks, 0 MB globals, 8 P
gc 4760 @16.413s 8%: 0.14+0.60+0.075 ms clock, 1.1+0.75/0.71/0+0.60 ms cpu, 3->3->1 MB, 4 MB goal, 0 MB stacks, 0 MB globals, 8 P
gc 4761 @16.415s 8%: 0.10+0.62+0.20 ms clock, 0.80+0.62/0.86/0+1.6 ms cpu, 3->3->1 MB, 4 MB goal, 0 MB stacks, 0 MB globals, 8 P
gc 4762 @16.418s 9%: 0.12+0.60+0.061 ms clock, 1.0+0.68/0.84/0+0.48 ms cpu, 3->3->1 MB, 4 MB goal, 0 MB stacks, 0 MB globals, 8 P
gc 4763 @16.420s 9%: 0.075+0.59+0.11 ms clock, 0.60+0.95/0.74/0+0.90 ms cpu, 3->3->1 MB, 4 MB goal, 0 MB stacks, 0 MB globals, 8 P
gc 4764 @16.423s 9%: 0.11+1.0+0.13 ms clock, 0.88+0.72/0.75/0+1.0 ms cpu, 3->4->1 MB, 4 MB goal, 0 MB stacks, 0 MB globals, 8 P
gc 4765 @16.425s 9%: 0.085+1.2+0.095 ms clock, 0.68+0.76/0.89/0+0.76 ms cpu, 3->4->2 MB, 4 MB goal, 0 MB stacks, 0 MB globals, 8 P
gc 4766 @16.429s 9%: 0.14+0.76+0.15 ms clock, 1.1+0.79/0.81/0+1.2 ms cpu, 3->4->1 MB, 4 MB goal, 0 MB stacks, 0 MB globals, 8 P
gc 4767 @16.431s 9%: 0.078+0.58+0.057 ms clock, 0.62+0.76/0.79/0+0.45 ms cpu, 3->3->1 MB, 4 MB goal, 0 MB stacks, 0 MB globals, 8 P
gc 4768 @16.434s 9%: 0.13+0.64+0.14 ms clock, 1.1+0.66/0.87/0+1.1 ms cpu, 3->3->1 MB, 4 MB goal, 0 MB stacks, 0 MB globals, 8 P
gc 4769 @16.436s 9%: 0.13+1.1+0.087 ms clock, 1.0+0.76/0.80/0+0.69 ms cpu, 3->4->2 MB, 4 MB goal, 0 MB stacks, 0 MB globals, 8 P
gc 4770 @16.439s 9%: 0.12+0.75+0.14 ms clock, 0.97+0.59/0.96/0+1.1 ms cpu, 3->4->1 MB, 4 MB goal, 0 MB stacks, 0 MB globals, 8 P
gc 4771 @16.442s 9%: 0.18+0.73+0.12 ms clock, 1.4+0.75/0.78/0+0.96 ms cpu, 3->3->1 MB, 4 MB goal, 0 MB stacks, 0 MB globals, 8 P
gc 4772 @16.444s 9%: 0.12+0.96+0.10 ms clock, 0.99+0.84/0.83/0+0.80 ms cpu, 3->3->1 MB, 4 MB goal, 0 MB stacks, 0 MB globals, 8 P
gc 4773 @16.447s 9%: 0.12+0.64+0.093 ms clock, 0.96+0.88/0.61/0+0.74 ms cpu, 3->3->1 MB, 4 MB goal, 0 MB stacks, 0 MB globals, 8 P
gc 4774 @16.449s 9%: 0.11+0.61+0.095 ms clock, 0.89+0.76/0.74/0+0.76 ms cpu, 3->3->1 MB, 4 MB goal, 0 MB stacks, 0 MB globals, 8 P
gc 4775 @16.452s 9%: 0.14+1.0+0.094 ms clock, 1.1+0.72/0.78/0+0.75 ms cpu, 3->4->1 MB, 4 MB goal, 0 MB stacks, 0 MB globals, 8 P
gc 4776 @16.455s 9%: 0.15+0.58+0.081 ms clock, 1.2+0.78/0.77/0+0.65 ms cpu, 3->3->1 MB, 4 MB goal, 0 MB stacks, 0 MB globals, 8 P
gc 4777 @16.457s 9%: 0.098+0.54+0.094 ms clock, 0.79+0.76/0.71/0+0.75 ms cpu, 3->3->1 MB, 4 MB goal, 0 MB stacks, 0 MB globals, 8 P
gc 4778 @16.460s 9%: 0.093+0.99+0.044 ms clock, 0.75+1.0/1.2/0+0.35 ms cpu, 3->3->1 MB, 4 MB goal, 0 MB stacks, 0 MB globals, 8 P
gc 4779 @16.462s 9%: 0.14+0.85+0.064 ms clock, 1.1+0.46/0.87/0+0.51 ms cpu, 3->3->1 MB, 4 MB goal, 0 MB stacks, 0 MB globals, 8 P
gc 4780 @16.465s 9%: 0.11+0.68+0.060 ms clock, 0.91+0.70/0.76/0+0.48 ms cpu, 3->3->1 MB, 4 MB goal, 0 MB stacks, 0 MB globals, 8 P
gc 4781 @16.467s 9%: 0.14+0.65+0.076 ms clock, 1.1+0.75/0.69/0+0.61 ms cpu, 3->3->1 MB, 4 MB goal, 0 MB stacks, 0 MB globals, 8 P
gc 4782 @16.470s 9%: 0.091+0.99+0.089 ms clock, 0.73+0.68/0.77/0+0.71 ms cpu, 3->4->1 MB, 4 MB goal, 0 MB stacks, 0 MB globals, 8 P
gc 4783 @16.473s 9%: 0.12+0.62+0.057 ms clock, 0.98+0.77/0.80/0+0.46 ms cpu, 3->4->1 MB, 4 MB goal, 0 MB stacks, 0 MB globals, 8 P
gc 4784 @16.475s 9%: 0.091+0.64+0.092 ms clock, 0.72+0.75/0.80/0+0.74 ms cpu, 3->3->1 MB, 4 MB goal, 0 MB stacks, 0 MB globals, 8 P
gc 4785 @16.478s 9%: 0.11+0.57+0.075 ms clock, 0.94+0.79/0.69/0+0.60 ms cpu, 3->3->1 MB, 4 MB goal, 0 MB stacks, 0 MB globals, 8 P
gc 4786 @16.480s 9%: 0.15+1.1+0.087 ms clock, 1.2+0.64/0.82/0+0.70 ms cpu, 3->4->1 MB, 4 MB goal, 0 MB stacks, 0 MB globals, 8 P
gc 4787 @16.483s 9%: 0.11+0.89+0.055 ms clock, 0.89+0.83/0.82/0+0.44 ms cpu, 3->4->1 MB, 4 MB goal, 0 MB stacks, 0 MB globals, 8 P
gc 4788 @16.486s 9%: 0.080+0.89+0.067 ms clock, 0.64+0.81/0.64/0+0.53 ms cpu, 3->4->1 MB, 4 MB goal, 0 MB stacks, 0 MB globals, 8 P
gc 4789 @16.489s 9%: 0.14+1.1+0.059 ms clock, 1.1+0.70/0.89/0+0.47 ms cpu, 3->4->1 MB, 4 MB goal, 0 MB stacks, 0 MB globals, 8 P
gc 4790 @16.492s 9%: 0.13+0.62+0.12 ms clock, 1.1+0.71/0.74/0+1.0 ms cpu, 3->4->1 MB, 4 MB goal, 0 MB stacks, 0 MB globals, 8 P
gc 4791 @16.494s 9%: 0.11+1.5+0.087 ms clock, 0.89+0.61/0.89/0+0.70 ms cpu, 3->4->2 MB, 4 MB goal, 0 MB stacks, 0 MB globals, 8 P
gc 4792 @16.498s 9%: 0.093+1.0+0.091 ms clock, 0.75+0.73/0.75/0+0.73 ms cpu, 4->4->1 MB, 4 MB goal, 0 MB stacks, 0 MB globals, 8 P
gc 4793 @16.501s 9%: 0.095+0.66+0.092 ms clock, 0.76+0.58/0.80/0+0.73 ms cpu, 3->4->1 MB, 4 MB goal, 0 MB stacks, 0 MB globals, 8 P
gc 4794 @16.503s 9%: 0.10+0.64+0.16 ms clock, 0.85+0.72/0.84/0+1.3 ms cpu, 3->3->1 MB, 4 MB goal, 0 MB stacks, 0 MB globals, 8 P
gc 4795 @16.505s 9%: 0.097+0.58+0.10 ms clock, 0.77+0.79/0.78/0+0.84 ms cpu, 3->3->1 MB, 4 MB goal, 0 MB stacks, 0 MB globals, 8 P
gc 4796 @16.508s 9%: 0.15+0.58+0.063 ms clock, 1.2+0.67/0.74/0+0.51 ms cpu, 3->3->1 MB, 4 MB goal, 0 MB stacks, 0 MB globals, 8 P
gc 4797 @16.510s 9%: 0.13+0.85+0.089 ms clock, 1.1+0.77/0.75/0+0.71 ms cpu, 3->4->1 MB, 4 MB goal, 0 MB stacks, 0 MB globals, 8 P
gc 4798 @16.513s 9%: 0.14+0.76+0.15 ms clock, 1.1+0.75/0.70/0+1.2 ms cpu, 3->3->1 MB, 4 MB goal, 0 MB stacks, 0 MB globals, 8 P
gc 4799 @16.516s 9%: 0.10+0.87+0.097 ms clock, 0.84+0.79/0.72/0+0.78 ms cpu, 3->4->1 MB, 4 MB goal, 0 MB stacks, 0 MB globals, 8 P
gc 4800 @16.518s 9%: 0.13+0.65+0.069 ms clock, 1.0+0.62/0.89/0+0.55 ms cpu, 3->3->1 MB, 4 MB goal, 0 MB stacks, 0 MB globals, 8 P
gc 4801 @16.521s 9%: 0.11+0.90+0.064 ms clock, 0.93+0.74/0.70/0+0.51 ms cpu, 3->3->1 MB, 4 MB goal, 0 MB stacks, 0 MB globals, 8 P
gc 4802 @16.524s 9%: 0.072+0.70+0.12 ms clock, 0.58+0.83/0.75/0+0.99 ms cpu, 3->3->1 MB, 4 MB goal, 0 MB stacks, 0 MB globals, 8 P
gc 4803 @16.526s 9%: 0.11+0.71+0.098 ms clock, 0.91+0.70/0.74/0+0.78 ms cpu, 3->3->1 MB, 4 MB goal, 0 MB stacks, 0 MB globals, 8 P
gc 4804 @16.528s 9%: 0.13+0.92+0.068 ms clock, 1.0+0.76/0.74/0+0.55 ms cpu, 3->3->1 MB, 4 MB goal, 0 MB stacks, 0 MB globals, 8 P
gc 4805 @16.531s 9%: 0.11+0.57+0.12 ms clock, 0.94+0.82/0.70/0+0.96 ms cpu, 3->3->1 MB, 4 MB goal, 0 MB stacks, 0 MB globals, 8 P
gc 4806 @16.534s 9%: 0.098+0.61+0.11 ms clock, 0.78+0.84/0.75/0+0.89 ms cpu, 3->3->1 MB, 4 MB goal, 0 MB stacks, 0 MB globals, 8 P
gc 4807 @16.536s 9%: 0.097+1.2+0.092 ms clock, 0.78+0.71/0.88/0+0.73 ms cpu, 3->4->1 MB, 4 MB goal, 0 MB stacks, 0 MB globals, 8 P
gc 4808 @16.539s 9%: 0.086+1.3+0.072 ms clock, 0.68+0.90/0.70/0+0.58 ms cpu, 3->4->2 MB, 4 MB goal, 0 MB stacks, 0 MB globals, 8 P
gc 4809 @16.542s 9%: 0.10+0.67+0.10 ms clock, 0.83+0.68/0.86/0+0.82 ms cpu, 3->4->1 MB, 4 MB goal, 0 MB stacks, 0 MB globals, 8 P
gc 4810 @16.545s 9%: 0.10+0.75+0.10 ms clock, 0.82+0.80/0.78/0+0.84 ms cpu, 3->3->1 MB, 4 MB goal, 0 MB stacks, 0 MB globals, 8 P
gc 4811 @16.547s 9%: 0.13+1.0+0.091 ms clock, 1.0+0.66/0.87/0+0.73 ms cpu, 3->4->1 MB, 4 MB goal, 0 MB stacks, 0 MB globals, 8 P
gc 4812 @16.550s 9%: 0.13+0.82+0.056 ms clock, 1.0+0.93/0.76/0+0.45 ms cpu, 3->4->1 MB, 4 MB goal, 0 MB stacks, 0 MB globals, 8 P
gc 4813 @16.553s 9%: 0.14+0.72+0.10 ms clock, 1.1+0.65/0.87/0+0.84 ms cpu, 3->3->1 MB, 4 MB goal, 0 MB stacks, 0 MB globals, 8 P
gc 4814 @16.555s 9%: 0.12+0.66+0.11 ms clock, 0.96+0.91/0.73/0+0.88 ms cpu, 3->3->1 MB, 4 MB goal, 0 MB stacks, 0 MB globals, 8 P
gc 4815 @16.558s 9%: 0.10+0.67+0.10 ms clock, 0.84+0.85/0.77/0+0.80 ms cpu, 3->3->1 MB, 4 MB goal, 0 MB stacks, 0 MB globals, 8 P
gc 4816 @16.560s 9%: 0.072+1.0+0.066 ms clock, 0.58+1.2/0.87/0+0.52 ms cpu, 3->4->1 MB, 4 MB goal, 0 MB stacks, 0 MB globals, 8 P
gc 4817 @16.563s 9%: 0.14+1.3+0.069 ms clock, 1.1+0.77/0.79/0+0.55 ms cpu, 3->4->1 MB, 4 MB goal, 0 MB stacks, 0 MB globals, 8 P
gc 4818 @16.566s 9%: 0.13+0.68+0.14 ms clock, 1.1+0.78/0.82/0+1.1 ms cpu, 3->4->1 MB, 4 MB goal, 0 MB stacks, 0 MB globals, 8 P
gc 4819 @16.569s 9%: 0.090+0.52+0.080 ms clock, 0.72+0.80/0.76/0+0.64 ms cpu, 3->3->1 MB, 4 MB goal, 0 MB stacks, 0 MB globals, 8 P
gc 4820 @16.571s 9%: 0.066+0.79+0.14 ms clock, 0.53+0.74/0.61/0+1.1 ms cpu, 3->3->1 MB, 4 MB goal, 0 MB stacks, 0 MB globals, 8 P
gc 4821 @16.574s 9%: 0.074+0.55+0.12 ms clock, 0.59+0.72/0.77/0+1.0 ms cpu, 3->3->1 MB, 4 MB goal, 0 MB stacks, 0 MB globals, 8 P
gc 4822 @16.576s 9%: 0.14+1.0+0.058 ms clock, 1.1+0.83/0.72/0+0.46 ms cpu, 3->4->1 MB, 4 MB goal, 0 MB stacks, 0 MB globals, 8 P
gc 4823 @16.579s 9%: 0.085+0.67+0.12 ms clock, 0.68+0.67/0.81/0+0.98 ms cpu, 3->4->1 MB, 4 MB goal, 0 MB stacks, 0 MB globals, 8 P
gc 4824 @16.582s 9%: 0.12+0.59+0.059 ms clock, 0.98+0.63/0.82/0+0.47 ms cpu, 3->3->1 MB, 4 MB goal, 0 MB stacks, 0 MB globals, 8 P
gc 4825 @16.584s 9%: 0.10+0.69+0.086 ms clock, 0.87+0.81/0.87/0+0.69 ms cpu, 3->3->1 MB, 4 MB goal, 0 MB stacks, 0 MB globals, 8 P
gc 4826 @16.587s 9%: 0.14+0.62+0.10 ms clock, 1.1+0.67/0.77/0+0.87 ms cpu, 3->3->1 MB, 4 MB goal, 0 MB stacks, 0 MB globals, 8 P
gc 4827 @16.589s 9%: 0.096+0.65+0.12 ms clock, 0.76+0.75/0.82/0+0.96 ms cpu, 3->3->1 MB, 4 MB goal, 0 MB stacks, 0 MB globals, 8 P
gc 4828 @16.592s 9%: 0.12+0.60+0.085 ms clock, 0.96+0.85/0.71/0+0.68 ms cpu, 3->3->1 MB, 4 MB goal, 0 MB stacks, 0 MB globals, 8 P
gc 4829 @16.594s 9%: 0.079+0.94+0.089 ms clock, 0.63+0.66/0.85/0+0.71 ms cpu, 3->3->1 MB, 4 MB goal, 0 MB stacks, 0 MB globals, 8 P
gc 4830 @16.597s 9%: 0.10+0.60+0.17 ms clock, 0.86+0.67/0.78/0+1.4 ms cpu, 3->3->1 MB, 4 MB goal, 0 MB stacks, 0 MB globals, 8 P
gc 4831 @16.599s 9%: 0.089+0.99+0.086 ms clock, 0.71+0.83/0.71/0+0.69 ms cpu, 3->3->1 MB, 4 MB goal, 0 MB stacks, 0 MB globals, 8 P
gc 4832 @16.602s 9%: 0.16+0.91+0.071 ms clock, 1.3+0.78/0.72/0+0.57 ms cpu, 3->4->1 MB, 4 MB goal, 0 MB stacks, 0 MB globals, 8 P
gc 4833 @16.605s 9%: 0.094+0.59+0.067 ms clock, 0.75+0.71/0.79/0+0.54 ms cpu, 3->3->1 MB, 4 MB goal, 0 MB stacks, 0 MB globals, 8 P
gc 4834 @16.607s 9%: 0.15+0.79+0.076 ms clock, 1.2+0.70/0.82/0+0.61 ms cpu, 3->3->1 MB, 4 MB goal, 0 MB stacks, 0 MB globals, 8 P
gc 4835 @16.610s 9%: 0.10+0.66+0.13 ms clock, 0.81+0.70/0.79/0+1.0 ms cpu, 3->3->1 MB, 4 MB goal, 0 MB stacks, 0 MB globals, 8 P
gc 4836 @16.612s 9%: 0.12+0.55+0.097 ms clock, 0.97+0.69/0.74/0+0.77 ms cpu, 3->3->1 MB, 4 MB goal, 0 MB stacks, 0 MB globals, 8 P
gc 4837 @16.615s 9%: 0.14+0.58+0.074 ms clock, 1.1+0.76/0.79/0+0.59 ms cpu, 3->3->1 MB, 4 MB goal, 0 MB stacks, 0 MB globals, 8 P
gc 4838 @16.617s 9%: 0.13+0.78+0.10 ms clock, 1.0+1.2/0.74/0+0.87 ms cpu, 3->3->1 MB, 4 MB goal, 0 MB stacks, 0 MB globals, 8 P
gc 4839 @16.620s 9%: 0.13+0.97+0.074 ms clock, 1.0+0.86/0.79/0+0.59 ms cpu, 3->4->1 MB, 4 MB goal, 0 MB stacks, 0 MB globals, 8 P
gc 4840 @16.623s 9%: 0.12+0.97+0.066 ms clock, 0.99+0.69/1.2/0.10+0.53 ms cpu, 3->4->1 MB, 4 MB goal, 0 MB stacks, 0 MB globals, 8 P
gc 4841 @16.625s 9%: 0.081+1.3+0.036 ms clock, 0.64+1.0/0.48/0+0.29 ms cpu, 3->4->2 MB, 4 MB goal, 0 MB stacks, 0 MB globals, 8 P
gc 4842 @16.628s 9%: 0.10+1.0+0.073 ms clock, 0.81+0.61/0.74/0+0.59 ms cpu, 3->4->1 MB, 4 MB goal, 0 MB stacks, 0 MB globals, 8 P
gc 4843 @16.631s 9%: 0.11+0.58+0.13 ms clock, 0.92+0.73/0.80/0+1.0 ms cpu, 3->3->1 MB, 4 MB goal, 0 MB stacks, 0 MB globals, 8 P
gc 4844 @16.633s 9%: 0.11+0.94+0.091 ms clock, 0.88+0.69/0.76/0+0.73 ms cpu, 3->3->1 MB, 4 MB goal, 0 MB stacks, 0 MB globals, 8 P
gc 4845 @16.636s 9%: 0.13+0.55+0.087 ms clock, 1.0+0.81/0.78/0+0.69 ms cpu, 3->3->1 MB, 4 MB goal, 0 MB stacks, 0 MB globals, 8 P
gc 4846 @16.639s 9%: 0.12+0.57+0.054 ms clock, 0.98+0.92/0.77/0+0.43 ms cpu, 3->3->1 MB, 4 MB goal, 0 MB stacks, 0 MB globals, 8 P
gc 4847 @16.641s 9%: 0.080+0.93+0.048 ms clock, 0.64+0.92/0.72/0+0.39 ms cpu, 3->4->1 MB, 4 MB goal, 0 MB stacks, 0 MB globals, 8 P
gc 4848 @16.644s 9%: 0.14+0.58+0.090 ms clock, 1.1+0.69/0.73/0+0.72 ms cpu, 3->3->1 MB, 4 MB goal, 0 MB stacks, 0 MB globals, 8 P
gc 4849 @16.646s 9%: 0.089+0.52+0.073 ms clock, 0.71+0.84/0.68/0+0.58 ms cpu, 3->3->1 MB, 4 MB goal, 0 MB stacks, 0 MB globals, 8 P
gc 4850 @16.649s 9%: 0.13+0.47+0.085 ms clock, 1.0+0.67/0.71/0+0.68 ms cpu, 3->3->1 MB, 4 MB goal, 0 MB stacks, 0 MB globals, 8 P
gc 4851 @16.651s 9%: 0.11+0.59+0.085 ms clock, 0.90+0.75/0.70/0+0.68 ms cpu, 3->3->1 MB, 4 MB goal, 0 MB stacks, 0 MB globals, 8 P
gc 4852 @16.654s 9%: 0.10+0.77+0.14 ms clock, 0.80+0.80/0.78/0+1.1 ms cpu, 3->3->1 MB, 4 MB goal, 0 MB stacks, 0 MB globals, 8 P
gc 4853 @16.656s 9%: 0.18+0.99+0.17 ms clock, 1.4+0.63/0.82/0+1.4 ms cpu, 3->4->1 MB, 4 MB goal, 0 MB stacks, 0 MB globals, 8 P
gc 4854 @16.659s 9%: 0.13+0.94+0.062 ms clock, 1.0+0.72/0.88/0+0.49 ms cpu, 3->4->1 MB, 4 MB goal, 0 MB stacks, 0 MB globals, 8 P
gc 4855 @16.662s 9%: 0.12+1.1+0.080 ms clock, 0.97+0.67/0.95/0+0.64 ms cpu, 3->4->1 MB, 4 MB goal, 0 MB stacks, 0 MB globals, 8 P
gc 4856 @16.665s 9%: 0.12+0.58+0.066 ms clock, 0.99+0.72/0.80/0+0.53 ms cpu, 3->3->1 MB, 4 MB goal, 0 MB stacks, 0 MB globals, 8 P
gc 4857 @16.667s 9%: 0.16+0.94+0.038 ms clock, 1.3+0.61/0.81/0+0.30 ms cpu, 3->3->1 MB, 4 MB goal, 0 MB stacks, 0 MB globals, 8 P
gc 4858 @16.670s 9%: 0.067+1.0+0.090 ms clock, 0.53+0.65/0.86/0+0.72 ms cpu, 3->4->1 MB, 4 MB goal, 0 MB stacks, 0 MB globals, 8 P
gc 4859 @16.673s 9%: 0.083+0.87+0.10 ms clock, 0.67+0.58/0.84/0+0.86 ms cpu, 3->4->1 MB, 4 MB goal, 0 MB stacks, 0 MB globals, 8 P
gc 4860 @16.675s 9%: 0.11+0.48+0.10 ms clock, 0.88+0.86/0.67/0+0.85 ms cpu, 3->3->1 MB, 4 MB goal, 0 MB stacks, 0 MB globals, 8 P
gc 4861 @16.678s 9%: 0.12+0.47+0.090 ms clock, 1.0+0.74/0.66/0+0.72 ms cpu, 3->3->1 MB, 4 MB goal, 0 MB stacks, 0 MB globals, 8 P
gc 4862 @16.680s 9%: 0.11+0.62+0.038 ms clock, 0.91+0.74/0.83/0+0.30 ms cpu, 3->3->1 MB, 4 MB goal, 0 MB stacks, 0 MB globals, 8 P
gc 4863 @16.683s 9%: 0.071+0.67+0.089 ms clock, 0.57+0.85/0.85/0+0.71 ms cpu, 3->3->1 MB, 4 MB goal, 0 MB stacks, 0 MB globals, 8 P
gc 4864 @16.685s 9%: 0.13+0.56+0.10 ms clock, 1.0+0.88/0.75/0+0.87 ms cpu, 3->3->1 MB, 4 MB goal, 0 MB stacks, 0 MB globals, 8 P
gc 4865 @16.688s 9%: 0.093+0.67+0.13 ms clock, 0.74+0.80/0.84/0+1.0 ms cpu, 3->3->1 MB, 4 MB goal, 0 MB stacks, 0 MB globals, 8 P
gc 4866 @16.690s 9%: 0.099+0.68+0.17 ms clock, 0.79+0.85/1.0/0+1.3 ms cpu, 3->3->1 MB, 4 MB goal, 0 MB stacks, 0 MB globals, 8 P
gc 4867 @16.693s 9%: 0.079+1.5+0.080 ms clock, 0.63+0.82/1.0/0+0.64 ms cpu, 3->4->2 MB, 4 MB goal, 0 MB stacks, 0 MB globals, 8 P
gc 4868 @16.696s 9%: 0.19+0.79+0.056 ms clock, 1.5+0.59/0.82/0+0.45 ms cpu, 4->4->1 MB, 4 MB goal, 0 MB stacks, 0 MB globals, 8 P
gc 4869 @16.699s 9%: 0.13+0.52+0.060 ms clock, 1.1+0.74/0.83/0+0.48 ms cpu, 3->3->1 MB, 4 MB goal, 0 MB stacks, 0 MB globals, 8 P
gc 4870 @16.701s 9%: 0.14+1.2+0.052 ms clock, 1.1+0.97/0.94/0+0.42 ms cpu, 3->4->2 MB, 4 MB goal, 0 MB stacks, 0 MB globals, 8 P
gc 4871 @16.704s 9%: 0.080+0.88+0.14 ms clock, 0.64+0.65/0.87/0+1.1 ms cpu, 3->4->1 MB, 4 MB goal, 0 MB stacks, 0 MB globals, 8 P
gc 4872 @16.707s 9%: 0.10+0.53+0.091 ms clock, 0.86+0.79/0.67/0+0.73 ms cpu, 3->3->1 MB, 4 MB goal, 0 MB stacks, 0 MB globals, 8 P
gc 4873 @16.710s 9%: 0.084+1.4+0.075 ms clock, 0.67+0.75/0.69/0+0.60 ms cpu, 3->4->2 MB, 4 MB goal, 0 MB stacks, 0 MB globals, 8 P
gc 4874 @16.713s 9%: 0.090+1.1+0.13 ms clock, 0.72+0.78/0.76/0+1.1 ms cpu, 3->4->1 MB, 4 MB goal, 0 MB stacks, 0 MB globals, 8 P
gc 4875 @16.716s 9%: 0.094+0.60+0.089 ms clock, 0.75+0.80/0.79/0+0.71 ms cpu, 3->3->1 MB, 4 MB goal, 0 MB stacks, 0 MB globals, 8 P
gc 4876 @16.718s 9%: 0.10+0.65+0.10 ms clock, 0.87+0.70/0.76/0+0.84 ms cpu, 3->3->1 MB, 4 MB goal, 0 MB stacks, 0 MB globals, 8 P
gc 4877 @16.721s 9%: 0.15+1.0+0.096 ms clock, 1.2+0.78/0.64/0+0.77 ms cpu, 3->4->2 MB, 4 MB goal, 0 MB stacks, 0 MB globals, 8 P
gc 4878 @16.724s 9%: 0.14+0.96+0.060 ms clock, 1.1+0.77/0.88/0+0.48 ms cpu, 3->4->1 MB, 4 MB goal, 0 MB stacks, 0 MB globals, 8 P
gc 4879 @16.727s 9%: 0.14+0.65+0.065 ms clock, 1.1+0.82/0.82/0+0.52 ms cpu, 3->3->1 MB, 4 MB goal, 0 MB stacks, 0 MB globals, 8 P
gc 4880 @16.729s 9%: 0.066+0.54+0.12 ms clock, 0.53+0.83/0.77/0+0.96 ms cpu, 3->3->1 MB, 4 MB goal, 0 MB stacks, 0 MB globals, 8 P
gc 4881 @16.732s 9%: 0.13+0.89+0.019 ms clock, 1.0+0.85/0.76/0+0.15 ms cpu, 3->3->1 MB, 4 MB goal, 0 MB stacks, 0 MB globals, 8 P
gc 4882 @16.734s 9%: 0.097+0.63+0.069 ms clock, 0.77+0.77/0.81/0+0.55 ms cpu, 3->3->1 MB, 4 MB goal, 0 MB stacks, 0 MB globals, 8 P
gc 4883 @16.737s 9%: 0.10+0.58+0.11 ms clock, 0.82+0.91/0.74/0+0.95 ms cpu, 3->3->1 MB, 4 MB goal, 0 MB stacks, 0 MB globals, 8 P
gc 4884 @16.739s 9%: 0.12+0.66+0.10 ms clock, 0.96+0.79/0.86/0+0.83 ms cpu, 3->3->1 MB, 4 MB goal, 0 MB stacks, 0 MB globals, 8 P
gc 4885 @16.742s 9%: 0.11+0.97+0.082 ms clock, 0.93+0.81/0.74/0+0.66 ms cpu, 3->3->1 MB, 4 MB goal, 0 MB stacks, 0 MB globals, 8 P
gc 4886 @16.744s 9%: 0.12+0.69+0.14 ms clock, 0.99+0.77/0.81/0+1.1 ms cpu, 3->3->1 MB, 4 MB goal, 0 MB stacks, 0 MB globals, 8 P
gc 4887 @16.747s 9%: 0.13+1.2+0.13 ms clock, 1.1+0.61/0.91/0+1.0 ms cpu, 3->4->2 MB, 4 MB goal, 0 MB stacks, 0 MB globals, 8 P
gc 4888 @16.750s 9%: 0.13+0.92+0.004 ms clock, 1.0+0.60/0.80/0+0.039 ms cpu, 3->4->1 MB, 4 MB goal, 0 MB stacks, 0 MB globals, 8 P
gc 4889 @16.753s 9%: 0.091+0.57+0.098 ms clock, 0.73+0.80/0.83/0+0.79 ms cpu, 3->3->1 MB, 4 MB goal, 0 MB stacks, 0 MB globals, 8 P
gc 4890 @16.755s 9%: 0.13+0.62+0.059 ms clock, 1.0+0.65/0.91/0+0.47 ms cpu, 3->3->1 MB, 4 MB goal, 0 MB stacks, 0 MB globals, 8 P
gc 4891 @16.758s 9%: 0.093+0.53+0.064 ms clock, 0.74+0.75/0.73/0+0.51 ms cpu, 3->3->1 MB, 4 MB goal, 0 MB stacks, 0 MB globals, 8 P
gc 4892 @16.760s 9%: 0.10+1.0+0.12 ms clock, 0.80+0.61/1.0/0+0.99 ms cpu, 3->3->1 MB, 4 MB goal, 0 MB stacks, 0 MB globals, 8 P
gc 4893 @16.763s 9%: 0.14+0.54+0.092 ms clock, 1.1+0.72/0.74/0+0.74 ms cpu, 3->3->1 MB, 4 MB goal, 0 MB stacks, 0 MB globals, 8 P
gc 4894 @16.765s 9%: 0.097+0.59+0.091 ms clock, 0.77+0.80/0.76/0+0.72 ms cpu, 3->3->1 MB, 4 MB goal, 0 MB stacks, 0 MB globals, 8 P
gc 4895 @16.768s 9%: 0.12+1.0+0.084 ms clock, 0.97+0.83/0.72/0+0.67 ms cpu, 3->3->1 MB, 4 MB goal, 0 MB stacks, 0 MB globals, 8 P
gc 4896 @16.771s 9%: 0.12+1.4+0.073 ms clock, 0.99+0.60/0.85/0+0.58 ms cpu, 3->4->2 MB, 4 MB goal, 0 MB stacks, 0 MB globals, 8 P
gc 4897 @16.774s 9%: 0.12+0.53+0.091 ms clock, 0.99+0.75/0.74/0+0.73 ms cpu, 3->4->1 MB, 4 MB goal, 0 MB stacks, 0 MB globals, 8 P
gc 4898 @16.776s 9%: 0.10+0.68+0.069 ms clock, 0.80+0.62/0.82/0+0.55 ms cpu, 3->3->1 MB, 4 MB goal, 0 MB stacks, 0 MB globals, 8 P
gc 4899 @16.779s 9%: 0.11+0.70+0.14 ms clock, 0.89+0.78/0.80/0+1.1 ms cpu, 3->3->1 MB, 4 MB goal, 0 MB stacks, 0 MB globals, 8 P
gc 4900 @16.781s 9%: 0.10+0.61+0.093 ms clock, 0.87+0.79/0.68/0+0.74 ms cpu, 3->3->1 MB, 4 MB goal, 0 MB stacks, 0 MB globals, 8 P
gc 4901 @16.784s 9%: 0.13+0.87+0.082 ms clock, 1.0+1.0/0.62/0+0.65 ms cpu, 3->3->1 MB, 4 MB goal, 0 MB stacks, 0 MB globals, 8 P
gc 4902 @16.787s 9%: 0.12+0.69+0.10 ms clock, 0.99+0.74/0.79/0+0.82 ms cpu, 3->4->1 MB, 4 MB goal, 0 MB stacks, 0 MB globals, 8 P
gc 4903 @16.789s 9%: 0.15+1.1+0.11 ms clock, 1.2+0.75/0.88/0+0.90 ms cpu, 3->4->2 MB, 4 MB goal, 0 MB stacks, 0 MB globals, 8 P
gc 4904 @16.792s 9%: 0.14+0.53+0.096 ms clock, 1.1+0.73/0.72/0+0.77 ms cpu, 3->4->1 MB, 4 MB goal, 0 MB stacks, 0 MB globals, 8 P
gc 4905 @16.795s 9%: 0.079+0.67+0.14 ms clock, 0.63+0.76/0.83/0+1.1 ms cpu, 3->3->1 MB, 4 MB goal, 0 MB stacks, 0 MB globals, 8 P
gc 4906 @16.797s 9%: 0.12+0.59+0.10 ms clock, 1.0+0.72/0.74/0+0.87 ms cpu, 3->3->1 MB, 4 MB goal, 0 MB stacks, 0 MB globals, 8 P
gc 4907 @16.800s 9%: 0.12+0.78+0.081 ms clock, 1.0+0.81/0.66/0+0.65 ms cpu, 3->3->1 MB, 4 MB goal, 0 MB stacks, 0 MB globals, 8 P
gc 4908 @16.802s 9%: 0.098+0.62+0.13 ms clock, 0.78+0.82/0.69/0+1.0 ms cpu, 3->3->1 MB, 4 MB goal, 0 MB stacks, 0 MB globals, 8 P
gc 4909 @16.805s 9%: 0.072+0.50+0.11 ms clock, 0.57+0.78/0.68/0+0.92 ms cpu, 3->3->1 MB, 4 MB goal, 0 MB stacks, 0 MB globals, 8 P
gc 4910 @16.807s 9%: 0.15+1.1+0.096 ms clock, 1.2+0.64/0.88/0+0.77 ms cpu, 3->3->1 MB, 4 MB goal, 0 MB stacks, 0 MB globals, 8 P
gc 4911 @16.810s 9%: 0.11+0.67+0.092 ms clock, 0.89+0.77/0.84/0+0.73 ms cpu, 3->3->1 MB, 4 MB goal, 0 MB stacks, 0 MB globals, 8 P
gc 4912 @16.813s 9%: 0.13+0.61+0.13 ms clock, 1.0+0.71/0.72/0+1.0 ms cpu, 3->3->1 MB, 4 MB goal, 0 MB stacks, 0 MB globals, 8 P
gc 4913 @16.815s 9%: 0.083+0.63+0.098 ms clock, 0.66+0.87/0.73/0+0.78 ms cpu, 3->3->1 MB, 4 MB goal, 0 MB stacks, 0 MB globals, 8 P
gc 4914 @16.818s 9%: 0.098+0.69+0.085 ms clock, 0.79+0.72/0.69/0+0.68 ms cpu, 3->3->1 MB, 4 MB goal, 0 MB stacks, 0 MB globals, 8 P
gc 4915 @16.820s 9%: 0.13+0.84+0.080 ms clock, 1.1+0.82/0.75/0+0.64 ms cpu, 3->4->1 MB, 4 MB goal, 0 MB stacks, 0 MB globals, 8 P
gc 4916 @16.823s 9%: 0.10+0.79+0.10 ms clock, 0.83+0.72/0.82/0+0.86 ms cpu, 3->3->1 MB, 4 MB goal, 0 MB stacks, 0 MB globals, 8 P
gc 4917 @16.826s 9%: 0.12+0.84+0.065 ms clock, 1.0+0.72/0.67/0+0.52 ms cpu, 3->3->1 MB, 4 MB goal, 0 MB stacks, 0 MB globals, 8 P
gc 4918 @16.828s 9%: 0.097+0.82+0.056 ms clock, 0.78+0.71/0.75/0+0.45 ms cpu, 3->3->1 MB, 4 MB goal, 0 MB stacks, 0 MB globals, 8 P
gc 4919 @16.831s 9%: 0.15+0.53+0.093 ms clock, 1.2+0.80/0.72/0+0.74 ms cpu, 3->3->1 MB, 4 MB goal, 0 MB stacks, 0 MB globals, 8 P
gc 4920 @16.833s 9%: 0.11+0.75+0.10 ms clock, 0.93+0.68/0.78/0+0.80 ms cpu, 3->3->1 MB, 4 MB goal, 0 MB stacks, 0 MB globals, 8 P
gc 4921 @16.836s 9%: 0.12+1.0+0.086 ms clock, 1.0+0.77/0.76/0+0.68 ms cpu, 3->4->1 MB, 4 MB goal, 0 MB stacks, 0 MB globals, 8 P
gc 4922 @16.838s 9%: 0.089+0.96+0.095 ms clock, 0.71+0.89/0.80/0+0.76 ms cpu, 3->4->1 MB, 4 MB goal, 0 MB stacks, 0 MB globals, 8 P
gc 4923 @16.841s 9%: 0.12+1.0+0.10 ms clock, 1.0+0.86/0.69/0+0.81 ms cpu, 3->4->1 MB, 4 MB goal, 0 MB stacks, 0 MB globals, 8 P
gc 4924 @16.844s 9%: 0.10+0.89+0.066 ms clock, 0.85+0.74/0.78/0+0.53 ms cpu, 3->4->1 MB, 4 MB goal, 0 MB stacks, 0 MB globals, 8 P
gc 4925 @16.847s 9%: 0.085+0.80+0.084 ms clock, 0.68+0.83/0.73/0+0.67 ms cpu, 3->3->1 MB, 4 MB goal, 0 MB stacks, 0 MB globals, 8 P
gc 4926 @16.849s 9%: 0.079+0.86+0.068 ms clock, 0.63+0.85/0.76/0+0.54 ms cpu, 3->3->1 MB, 4 MB goal, 0 MB stacks, 0 MB globals, 8 P
gc 4927 @16.852s 9%: 0.16+0.84+0.005 ms clock, 1.3+0.63/0.95/0+0.041 ms cpu, 3->3->1 MB, 4 MB goal, 0 MB stacks, 0 MB globals, 8 P
gc 4928 @16.854s 9%: 0.11+0.62+0.075 ms clock, 0.88+0.56/0.82/0+0.60 ms cpu, 3->3->1 MB, 4 MB goal, 0 MB stacks, 0 MB globals, 8 P
gc 4929 @16.857s 9%: 0.096+0.61+0.091 ms clock, 0.77+0.70/0.82/0+0.72 ms cpu, 3->3->1 MB, 4 MB goal, 0 MB stacks, 0 MB globals, 8 P
gc 4930 @16.859s 9%: 0.13+0.57+0.065 ms clock, 1.0+0.35/0.81/0+0.52 ms cpu, 3->3->1 MB, 4 MB goal, 0 MB stacks, 0 MB globals, 8 P
gc 4931 @16.862s 9%: 0.14+0.64+0.073 ms clock, 1.1+0.73/0.76/0+0.58 ms cpu, 3->3->1 MB, 4 MB goal, 0 MB stacks, 0 MB globals, 8 P
gc 4932 @16.864s 9%: 0.14+0.72+0.094 ms clock, 1.1+0.64/0.82/0+0.75 ms cpu, 3->3->1 MB, 4 MB goal, 0 MB stacks, 0 MB globals, 8 P
gc 4933 @16.867s 9%: 0.11+0.56+0.13 ms clock, 0.94+0.66/0.70/0+1.1 ms cpu, 3->3->1 MB, 4 MB goal, 0 MB stacks, 0 MB globals, 8 P
gc 4934 @16.869s 9%: 0.10+0.52+0.13 ms clock, 0.81+0.75/0.69/0+1.0 ms cpu, 3->3->1 MB, 4 MB goal, 0 MB stacks, 0 MB globals, 8 P
gc 4935 @16.872s 9%: 0.12+0.52+0.077 ms clock, 0.96+0.92/0.74/0+0.61 ms cpu, 3->3->1 MB, 4 MB goal, 0 MB stacks, 0 MB globals, 8 P
gc 4936 @16.874s 9%: 0.083+0.61+0.11 ms clock, 0.66+0.81/0.74/0+0.88 ms cpu, 3->3->1 MB, 4 MB goal, 0 MB stacks, 0 MB globals, 8 P
gc 4937 @16.877s 9%: 0.12+0.59+0.094 ms clock, 0.97+0.80/0.73/0+0.75 ms cpu, 3->3->1 MB, 4 MB goal, 0 MB stacks, 0 MB globals, 8 P
gc 4938 @16.879s 9%: 0.13+0.65+0.14 ms clock, 1.0+0.63/0.76/0.078+1.1 ms cpu, 3->3->1 MB, 4 MB goal, 0 MB stacks, 0 MB globals, 8 P
gc 4939 @16.881s 9%: 0.11+0.66+0.14 ms clock, 0.88+0.72/0.83/0+1.1 ms cpu, 3->3->1 MB, 4 MB goal, 0 MB stacks, 0 MB globals, 8 P
gc 4940 @16.884s 9%: 0.15+0.94+0.085 ms clock, 1.2+0.72/0.89/0+0.68 ms cpu, 3->3->1 MB, 4 MB goal, 0 MB stacks, 0 MB globals, 8 P
gc 4941 @16.887s 9%: 0.14+0.67+0.063 ms clock, 1.1+0.77/0.78/0+0.51 ms cpu, 3->3->1 MB, 4 MB goal, 0 MB stacks, 0 MB globals, 8 P
gc 4942 @16.889s 9%: 0.16+0.53+0.089 ms clock, 1.3+0.58/0.81/0+0.71 ms cpu, 3->3->1 MB, 4 MB goal, 0 MB stacks, 0 MB globals, 8 P
gc 4943 @16.892s 9%: 0.069+0.61+0.066 ms clock, 0.55+0.81/0.84/0+0.53 ms cpu, 3->3->1 MB, 4 MB goal, 0 MB stacks, 0 MB globals, 8 P
gc 4944 @16.894s 9%: 0.14+0.52+0.11 ms clock, 1.1+0.70/0.78/0+0.88 ms cpu, 3->3->1 MB, 4 MB goal, 0 MB stacks, 0 MB globals, 8 P
gc 4945 @16.897s 9%: 0.14+0.56+0.14 ms clock, 1.1+0.66/0.84/0+1.1 ms cpu, 3->3->1 MB, 4 MB goal, 0 MB stacks, 0 MB globals, 8 P
gc 4946 @16.899s 9%: 0.070+0.66+0.056 ms clock, 0.56+0.69/0.85/0+0.45 ms cpu, 3->3->1 MB, 4 MB goal, 0 MB stacks, 0 MB globals, 8 P
gc 4947 @16.902s 9%: 0.12+0.62+0.077 ms clock, 1.0+0.71/0.82/0+0.62 ms cpu, 3->3->1 MB, 4 MB goal, 0 MB stacks, 0 MB globals, 8 P
gc 4948 @16.904s 9%: 0.12+0.61+0.065 ms clock, 1.0+0.69/0.83/0+0.52 ms cpu, 3->3->1 MB, 4 MB goal, 0 MB stacks, 0 MB globals, 8 P
gc 4949 @16.907s 9%: 0.15+0.60+0.10 ms clock, 1.2+0.74/0.74/0+0.85 ms cpu, 3->3->1 MB, 4 MB goal, 0 MB stacks, 0 MB globals, 8 P
gc 4950 @16.909s 9%: 0.14+0.68+0.10 ms clock, 1.1+0.78/0.73/0+0.82 ms cpu, 3->3->1 MB, 4 MB goal, 0 MB stacks, 0 MB globals, 8 P
gc 4951 @16.911s 9%: 0.12+0.66+0.10 ms clock, 1.0+0.74/0.92/0+0.80 ms cpu, 3->3->1 MB, 4 MB goal, 0 MB stacks, 0 MB globals, 8 P
gc 4952 @16.914s 9%: 0.13+0.85+0.11 ms clock, 1.0+0.85/0.72/0+0.93 ms cpu, 3->3->1 MB, 4 MB goal, 0 MB stacks, 0 MB globals, 8 P
gc 4953 @16.917s 9%: 0.13+0.66+0.091 ms clock, 1.1+0.72/0.83/0+0.72 ms cpu, 3->3->1 MB, 4 MB goal, 0 MB stacks, 0 MB globals, 8 P
gc 4954 @16.919s 9%: 0.097+0.59+0.12 ms clock, 0.77+0.86/0.72/0+1.0 ms cpu, 3->3->1 MB, 4 MB goal, 0 MB stacks, 0 MB globals, 8 P
gc 4955 @16.922s 9%: 0.10+0.89+0.098 ms clock, 0.80+0.91/0.72/0+0.79 ms cpu, 3->4->1 MB, 4 MB goal, 0 MB stacks, 0 MB globals, 8 P
gc 4956 @16.924s 9%: 0.11+0.66+0.094 ms clock, 0.94+0.63/0.79/0+0.75 ms cpu, 3->3->1 MB, 4 MB goal, 0 MB stacks, 0 MB globals, 8 P
gc 4957 @16.927s 9%: 0.12+0.93+0.090 ms clock, 1.0+0.77/0.68/0+0.72 ms cpu, 3->4->1 MB, 4 MB goal, 0 MB stacks, 0 MB globals, 8 P
gc 4958 @16.930s 9%: 0.13+0.97+0.076 ms clock, 1.1+0.65/0.77/0+0.60 ms cpu, 3->4->1 MB, 4 MB goal, 0 MB stacks, 0 MB globals, 8 P
gc 4959 @16.932s 9%: 0.17+0.83+0.094 ms clock, 1.3+0.67/0.87/0+0.75 ms cpu, 3->3->1 MB, 4 MB goal, 0 MB stacks, 0 MB globals, 8 P
gc 4960 @16.935s 9%: 0.10+0.65+0.073 ms clock, 0.82+0.68/0.87/0+0.58 ms cpu, 3->3->1 MB, 4 MB goal, 0 MB stacks, 0 MB globals, 8 P
gc 4961 @16.937s 9%: 0.14+0.60+0.10 ms clock, 1.1+0.84/0.72/0+0.83 ms cpu, 3->3->1 MB, 4 MB goal, 0 MB stacks, 0 MB globals, 8 P
gc 4962 @16.940s 9%: 0.11+0.62+0.12 ms clock, 0.95+0.80/0.84/0+1.0 ms cpu, 3->3->1 MB, 4 MB goal, 0 MB stacks, 0 MB globals, 8 P
gc 4963 @16.942s 9%: 0.10+0.66+0.089 ms clock, 0.83+0.76/0.88/0+0.71 ms cpu, 3->3->1 MB, 4 MB goal, 0 MB stacks, 0 MB globals, 8 P
gc 4964 @16.945s 9%: 0.15+0.58+0.070 ms clock, 1.2+0.75/0.82/0+0.56 ms cpu, 3->3->1 MB, 4 MB goal, 0 MB stacks, 0 MB globals, 8 P
gc 4965 @16.947s 9%: 0.10+0.91+0.019 ms clock, 0.84+0.93/0.72/0+0.15 ms cpu, 3->3->1 MB, 4 MB goal, 0 MB stacks, 0 MB globals, 8 P
gc 4966 @16.950s 9%: 0.11+0.69+0.082 ms clock, 0.88+0.68/0.81/0+0.65 ms cpu, 3->3->1 MB, 4 MB goal, 0 MB stacks, 0 MB globals, 8 P
gc 4967 @16.952s 9%: 0.11+0.63+0.099 ms clock, 0.92+0.77/0.74/0+0.79 ms cpu, 3->3->1 MB, 4 MB goal, 0 MB stacks, 0 MB globals, 8 P
gc 4968 @16.955s 9%: 0.086+0.63+0.073 ms clock, 0.69+0.83/0.71/0+0.58 ms cpu, 3->3->1 MB, 4 MB goal, 0 MB stacks, 0 MB globals, 8 P
gc 4969 @16.957s 9%: 0.051+0.85+0.066 ms clock, 0.41+0.67/0.90/0+0.52 ms cpu, 3->3->1 MB, 4 MB goal, 0 MB stacks, 0 MB globals, 8 P
gc 4970 @16.960s 9%: 0.11+0.60+0.10 ms clock, 0.93+0.80/0.71/0.002+0.85 ms cpu, 3->3->1 MB, 4 MB goal, 0 MB stacks, 0 MB globals, 8 P
gc 4971 @16.962s 9%: 0.11+0.91+0.086 ms clock, 0.90+0.76/0.75/0+0.68 ms cpu, 3->3->1 MB, 4 MB goal, 0 MB stacks, 0 MB globals, 8 P
gc 4972 @16.965s 9%: 0.13+0.53+0.069 ms clock, 1.1+0.81/0.79/0+0.55 ms cpu, 3->3->1 MB, 4 MB goal, 0 MB stacks, 0 MB globals, 8 P
gc 4973 @16.968s 9%: 0.13+0.73+0.12 ms clock, 1.0+0.89/0.76/0+0.97 ms cpu, 3->3->1 MB, 4 MB goal, 0 MB stacks, 0 MB globals, 8 P
gc 4974 @16.970s 9%: 0.086+1.0+0.063 ms clock, 0.69+0.64/0.83/0+0.50 ms cpu, 3->3->1 MB, 4 MB goal, 0 MB stacks, 0 MB globals, 8 P
gc 4975 @16.973s 9%: 0.088+0.89+0.11 ms clock, 0.71+0.75/0.80/0+0.93 ms cpu, 3->4->1 MB, 4 MB goal, 0 MB stacks, 0 MB globals, 8 P
gc 4976 @16.976s 9%: 0.13+0.84+0.10 ms clock, 1.1+0.81/0.79/0+0.86 ms cpu, 3->3->1 MB, 4 MB goal, 0 MB stacks, 0 MB globals, 8 P
gc 4977 @16.978s 9%: 0.13+0.63+0.051 ms clock, 1.0+0.84/0.72/0+0.41 ms cpu, 3->3->1 MB, 4 MB goal, 0 MB stacks, 0 MB globals, 8 P
gc 4978 @16.981s 9%: 0.11+0.91+0.043 ms clock, 0.92+0.77/0.88/0+0.34 ms cpu, 3->3->1 MB, 4 MB goal, 0 MB stacks, 0 MB globals, 8 P
gc 4979 @16.983s 9%: 0.080+1.0+0.093 ms clock, 0.64+0.93/0.74/0+0.74 ms cpu, 3->4->1 MB, 4 MB goal, 0 MB stacks, 0 MB globals, 8 P
gc 4980 @16.986s 9%: 0.23+1.1+0.053 ms clock, 1.8+0.57/0.92/0+0.42 ms cpu, 3->4->1 MB, 4 MB goal, 0 MB stacks, 0 MB globals, 8 P
gc 4981 @16.989s 9%: 0.11+0.79+0.087 ms clock, 0.93+0.66/0.81/0+0.69 ms cpu, 3->4->1 MB, 4 MB goal, 0 MB stacks, 0 MB globals, 8 P
gc 4982 @16.991s 9%: 0.16+0.67+0.12 ms clock, 1.3+0.71/0.91/0+0.96 ms cpu, 3->3->1 MB, 4 MB goal, 0 MB stacks, 0 MB globals, 8 P
gc 4983 @16.994s 9%: 0.10+1.1+0.071 ms clock, 0.84+0.57/0.83/0+0.56 ms cpu, 3->4->1 MB, 4 MB goal, 0 MB stacks, 0 MB globals, 8 P
gc 4984 @16.997s 9%: 0.090+0.63+0.11 ms clock, 0.72+0.61/0.79/0+0.90 ms cpu, 3->3->1 MB, 4 MB goal, 0 MB stacks, 0 MB globals, 8 P
gc 4985 @16.999s 9%: 0.10+0.63+0.10 ms clock, 0.81+0.75/0.86/0+0.84 ms cpu, 3->3->1 MB, 4 MB goal, 0 MB stacks, 0 MB globals, 8 P
gc 4986 @17.002s 9%: 0.097+0.62+0.10 ms clock, 0.78+0.70/0.76/0+0.82 ms cpu, 3->3->1 MB, 4 MB goal, 0 MB stacks, 0 MB globals, 8 P
gc 4987 @17.004s 9%: 0.11+1.2+0.066 ms clock, 0.90+0.69/0.79/0+0.53 ms cpu, 3->4->2 MB, 4 MB goal, 0 MB stacks, 0 MB globals, 8 P
gc 4988 @17.007s 9%: 0.093+0.71+0.11 ms clock, 0.74+0.73/0.80/0+0.92 ms cpu, 3->4->1 MB, 4 MB goal, 0 MB stacks, 0 MB globals, 8 P
gc 4989 @17.010s 9%: 0.13+0.67+0.082 ms clock, 1.0+0.77/0.69/0+0.65 ms cpu, 3->3->1 MB, 4 MB goal, 0 MB stacks, 0 MB globals, 8 P
gc 4990 @17.012s 9%: 0.12+0.53+0.084 ms clock, 0.99+0.87/0.62/0+0.67 ms cpu, 3->3->1 MB, 4 MB goal, 0 MB stacks, 0 MB globals, 8 P
gc 4991 @17.015s 9%: 0.14+0.59+0.062 ms clock, 1.1+0.78/0.85/0+0.49 ms cpu, 3->3->1 MB, 4 MB goal, 0 MB stacks, 0 MB globals, 8 P
gc 4992 @17.017s 9%: 0.10+0.61+0.072 ms clock, 0.83+0.75/0.82/0+0.57 ms cpu, 3->3->1 MB, 4 MB goal, 0 MB stacks, 0 MB globals, 8 P
gc 4993 @17.020s 9%: 0.16+0.64+0.092 ms clock, 1.3+0.75/0.77/0+0.73 ms cpu, 3->3->1 MB, 4 MB goal, 0 MB stacks, 0 MB globals, 8 P
gc 4994 @17.022s 9%: 0.21+0.98+0.10 ms clock, 1.7+0.76/0.81/0+0.87 ms cpu, 3->4->1 MB, 4 MB goal, 0 MB stacks, 0 MB globals, 8 P
gc 4995 @17.026s 9%: 0.11+1.0+0.10 ms clock, 0.89+0.65/0.88/0+0.81 ms cpu, 3->4->1 MB, 4 MB goal, 0 MB stacks, 0 MB globals, 8 P
gc 4996 @17.028s 9%: 0.097+0.65+0.090 ms clock, 0.77+0.81/0.81/0+0.72 ms cpu, 3->4->1 MB, 4 MB goal, 0 MB stacks, 0 MB globals, 8 P
gc 4997 @17.031s 9%: 0.10+0.80+0.068 ms clock, 0.84+0.73/0.95/0+0.54 ms cpu, 3->3->1 MB, 4 MB goal, 0 MB stacks, 0 MB globals, 8 P
gc 4998 @17.034s 9%: 0.13+0.80+0.14 ms clock, 1.0+0.66/0.80/0+1.1 ms cpu, 3->3->1 MB, 4 MB goal, 0 MB stacks, 0 MB globals, 8 P
gc 4999 @17.036s 9%: 0.16+1.1+0.064 ms clock, 1.3+0.64/0.78/0+0.51 ms cpu, 3->4->2 MB, 4 MB goal, 0 MB stacks, 0 MB globals, 8 P
gc 5000 @17.039s 9%: 0.13+0.86+0.072 ms clock, 1.0+0.62/0.84/0+0.57 ms cpu, 3->4->1 MB, 4 MB goal, 0 MB stacks, 0 MB globals, 8 P
gc 5001 @17.042s 9%: 0.13+0.93+0.075 ms clock, 1.1+0.71/0.79/0+0.60 ms cpu, 3->4->1 MB, 4 MB goal, 0 MB stacks, 0 MB globals, 8 P
gc 5002 @17.045s 9%: 0.10+0.78+0.10 ms clock, 0.83+0.81/0.80/0+0.83 ms cpu, 3->4->1 MB, 4 MB goal, 0 MB stacks, 0 MB globals, 8 P
gc 5003 @17.047s 9%: 0.094+0.59+0.094 ms clock, 0.75+0.92/0.76/0+0.75 ms cpu, 3->3->1 MB, 4 MB goal, 0 MB stacks, 0 MB globals, 8 P
gc 5004 @17.050s 9%: 0.14+0.67+0.085 ms clock, 1.1+0.70/0.85/0+0.68 ms cpu, 3->3->1 MB, 4 MB goal, 0 MB stacks, 0 MB globals, 8 P
gc 5005 @17.052s 9%: 0.16+0.59+0.069 ms clock, 1.3+0.84/0.66/0+0.55 ms cpu, 3->3->1 MB, 4 MB goal, 0 MB stacks, 0 MB globals, 8 P
gc 5006 @17.055s 9%: 0.071+0.52+0.054 ms clock, 0.57+0.84/0.66/0+0.43 ms cpu, 3->3->1 MB, 4 MB goal, 0 MB stacks, 0 MB globals, 8 P
gc 5007 @17.057s 9%: 0.072+0.56+0.065 ms clock, 0.57+0.79/0.72/0+0.52 ms cpu, 3->3->1 MB, 4 MB goal, 0 MB stacks, 0 MB globals, 8 P
gc 5008 @17.060s 9%: 0.16+0.69+0.13 ms clock, 1.3+0.81/0.81/0+1.0 ms cpu, 3->3->1 MB, 4 MB goal, 0 MB stacks, 0 MB globals, 8 P
gc 5009 @17.062s 9%: 0.14+0.71+0.061 ms clock, 1.1+0.72/0.84/0+0.49 ms cpu, 3->3->1 MB, 4 MB goal, 0 MB stacks, 0 MB globals, 8 P
gc 5010 @17.065s 9%: 0.10+0.62+0.099 ms clock, 0.81+0.72/0.86/0+0.79 ms cpu, 3->3->1 MB, 4 MB goal, 0 MB stacks, 0 MB globals, 8 P
gc 5011 @17.067s 9%: 0.13+0.84+0.076 ms clock, 1.1+0.74/0.81/0+0.60 ms cpu, 3->3->1 MB, 4 MB goal, 0 MB stacks, 0 MB globals, 8 P
gc 5012 @17.070s 9%: 0.10+0.67+0.10 ms clock, 0.81+0.61/0.97/0+0.84 ms cpu, 3->3->1 MB, 4 MB goal, 0 MB stacks, 0 MB globals, 8 P
gc 5013 @17.072s 9%: 0.067+0.79+0.063 ms clock, 0.54+0.76/0.74/0+0.50 ms cpu, 3->3->1 MB, 4 MB goal, 0 MB stacks, 0 MB globals, 8 P
gc 5014 @17.075s 9%: 0.12+0.49+0.085 ms clock, 0.96+0.86/0.74/0+0.68 ms cpu, 3->3->1 MB, 4 MB goal, 0 MB stacks, 0 MB globals, 8 P
gc 5015 @17.077s 9%: 0.10+1.0+0.095 ms clock, 0.83+0.48/0.81/0+0.76 ms cpu, 3->4->1 MB, 4 MB goal, 0 MB stacks, 0 MB globals, 8 P
gc 5016 @17.080s 9%: 0.10+0.79+0.066 ms clock, 0.82+0.67/0.82/0+0.53 ms cpu, 3->4->1 MB, 4 MB goal, 0 MB stacks, 0 MB globals, 8 P
gc 5017 @17.083s 9%: 0.081+0.64+0.12 ms clock, 0.65+0.79/0.74/0+1.0 ms cpu, 3->3->1 MB, 4 MB goal, 0 MB stacks, 0 MB globals, 8 P
gc 5018 @17.085s 9%: 0.17+0.62+0.13 ms clock, 1.3+0.64/0.77/0+1.0 ms cpu, 3->3->1 MB, 4 MB goal, 0 MB stacks, 0 MB globals, 8 P
gc 5019 @17.088s 9%: 0.11+1.0+0.10 ms clock, 0.95+0.70/0.72/0+0.83 ms cpu, 3->4->1 MB, 4 MB goal, 0 MB stacks, 0 MB globals, 8 P
gc 5020 @17.091s 9%: 0.098+0.70+0.088 ms clock, 0.78+0.83/0.78/0+0.70 ms cpu, 3->4->1 MB, 4 MB goal, 0 MB stacks, 0 MB globals, 8 P
gc 5021 @17.093s 9%: 0.13+0.79+0.050 ms clock, 1.0+0.62/0.81/0+0.40 ms cpu, 3->3->1 MB, 4 MB goal, 0 MB stacks, 0 MB globals, 8 P
gc 5022 @17.096s 9%: 0.11+0.64+0.093 ms clock, 0.93+0.70/0.83/0+0.74 ms cpu, 3->3->1 MB, 4 MB goal, 0 MB stacks, 0 MB globals, 8 P
gc 5023 @17.098s 9%: 0.10+1.0+0.071 ms clock, 0.81+0.76/0.66/0+0.57 ms cpu, 3->4->1 MB, 4 MB goal, 0 MB stacks, 0 MB globals, 8 P
gc 5024 @17.101s 9%: 0.12+0.97+0.081 ms clock, 0.96+0.57/0.85/0+0.65 ms cpu, 3->4->1 MB, 4 MB goal, 0 MB stacks, 0 MB globals, 8 P
gc 5025 @17.104s 9%: 0.091+0.56+0.10 ms clock, 0.73+0.75/0.77/0+0.81 ms cpu, 3->3->1 MB, 4 MB goal, 0 MB stacks, 0 MB globals, 8 P
gc 5026 @17.107s 9%: 0.18+1.2+0.096 ms clock, 1.4+0.69/0.73/0+0.77 ms cpu, 3->4->2 MB, 4 MB goal, 0 MB stacks, 0 MB globals, 8 P
gc 5027 @17.110s 9%: 0.10+0.59+0.10 ms clock, 0.81+0.75/0.82/0+0.82 ms cpu, 3->4->1 MB, 4 MB goal, 0 MB stacks, 0 MB globals, 8 P
gc 5028 @17.112s 9%: 0.096+0.64+0.10 ms clock, 0.76+0.77/0.75/0+0.80 ms cpu, 3->3->1 MB, 4 MB goal, 0 MB stacks, 0 MB globals, 8 P
gc 5029 @17.115s 9%: 0.11+0.69+0.11 ms clock, 0.95+0.63/0.90/0+0.95 ms cpu, 3->3->1 MB, 4 MB goal, 0 MB stacks, 0 MB globals, 8 P
gc 5030 @17.117s 9%: 0.10+0.61+0.089 ms clock, 0.85+0.84/0.80/0+0.71 ms cpu, 3->3->1 MB, 4 MB goal, 0 MB stacks, 0 MB globals, 8 P
gc 5031 @17.120s 9%: 0.11+0.96+0.094 ms clock, 0.93+0.72/0.76/0+0.75 ms cpu, 3->3->1 MB, 4 MB goal, 0 MB stacks, 0 MB globals, 8 P
gc 5032 @17.122s 9%: 0.14+0.56+0.12 ms clock, 1.1+0.95/0.71/0+1.0 ms cpu, 3->3->1 MB, 4 MB goal, 0 MB stacks, 0 MB globals, 8 P
gc 5033 @17.125s 9%: 0.10+0.48+0.13 ms clock, 0.86+0.72/0.65/0+1.0 ms cpu, 3->3->1 MB, 4 MB goal, 0 MB stacks, 0 MB globals, 8 P
gc 5034 @17.127s 9%: 0.11+0.58+0.083 ms clock, 0.88+0.78/0.71/0+0.66 ms cpu, 3->3->1 MB, 4 MB goal, 0 MB stacks, 0 MB globals, 8 P
gc 5035 @17.130s 9%: 0.071+0.49+0.11 ms clock, 0.56+0.75/0.73/0+0.92 ms cpu, 3->3->1 MB, 4 MB goal, 0 MB stacks, 0 MB globals, 8 P
gc 5036 @17.132s 9%: 0.14+0.66+0.069 ms clock, 1.1+0.80/0.76/0+0.55 ms cpu, 3->3->1 MB, 4 MB goal, 0 MB stacks, 0 MB globals, 8 P
gc 5037 @17.135s 9%: 0.13+0.60+0.10 ms clock, 1.0+0.82/0.80/0+0.82 ms cpu, 3->3->1 MB, 4 MB goal, 0 MB stacks, 0 MB globals, 8 P
gc 5038 @17.137s 9%: 0.082+0.61+0.10 ms clock, 0.66+0.76/0.78/0+0.83 ms cpu, 3->3->1 MB, 4 MB goal, 0 MB stacks, 0 MB globals, 8 P
gc 5039 @17.140s 9%: 0.11+0.96+0.087 ms clock, 0.91+0.73/0.75/0+0.70 ms cpu, 3->3->1 MB, 4 MB goal, 0 MB stacks, 0 MB globals, 8 P
gc 5040 @17.142s 9%: 0.11+0.55+0.12 ms clock, 0.89+0.68/0.76/0+1.0 ms cpu, 3->3->1 MB, 4 MB goal, 0 MB stacks, 0 MB globals, 8 P
gc 5041 @17.145s 9%: 0.10+0.65+0.053 ms clock, 0.80+0.77/0.83/0+0.42 ms cpu, 3->3->1 MB, 4 MB goal, 0 MB stacks, 0 MB globals, 8 P
gc 5042 @17.147s 9%: 0.16+1.2+0.085 ms clock, 1.2+0.87/0.75/0+0.68 ms cpu, 3->4->2 MB, 4 MB goal, 0 MB stacks, 0 MB globals, 8 P
gc 5043 @17.150s 9%: 0.15+0.86+0.070 ms clock, 1.2+0.61/0.80/0+0.56 ms cpu, 3->4->1 MB, 4 MB goal, 0 MB stacks, 0 MB globals, 8 P
gc 5044 @17.153s 9%: 0.10+0.58+0.072 ms clock, 0.84+0.85/0.72/0+0.58 ms cpu, 3->3->1 MB, 4 MB goal, 0 MB stacks, 0 MB globals, 8 P
gc 5045 @17.156s 9%: 0.085+0.72+0.072 ms clock, 0.68+0.58/0.86/0+0.58 ms cpu, 3->3->1 MB, 4 MB goal, 0 MB stacks, 0 MB globals, 8 P
gc 5046 @17.158s 9%: 0.15+0.55+0.068 ms clock, 1.2+0.77/0.70/0+0.54 ms cpu, 3->3->1 MB, 4 MB goal, 0 MB stacks, 0 MB globals, 8 P
gc 5047 @17.161s 9%: 0.13+0.95+0.083 ms clock, 1.0+0.64/0.74/0+0.67 ms cpu, 3->3->1 MB, 4 MB goal, 0 MB stacks, 0 MB globals, 8 P
gc 5048 @17.164s 9%: 0.11+0.54+0.11 ms clock, 0.93+0.88/0.82/0+0.89 ms cpu, 3->3->1 MB, 4 MB goal, 0 MB stacks, 0 MB globals, 8 P
gc 5049 @17.166s 9%: 0.11+0.62+0.084 ms clock, 0.90+0.83/0.63/0+0.67 ms cpu, 3->3->1 MB, 4 MB goal, 0 MB stacks, 0 MB globals, 8 P
gc 5050 @17.168s 9%: 0.12+1.0+0.074 ms clock, 1.0+1.2/0.96/0+0.59 ms cpu, 3->3->1 MB, 4 MB goal, 0 MB stacks, 0 MB globals, 8 P
gc 5051 @17.171s 9%: 0.16+0.91+0.11 ms clock, 1.3+0.69/1.1/0+0.93 ms cpu, 3->4->1 MB, 4 MB goal, 0 MB stacks, 0 MB globals, 8 P
gc 5052 @17.174s 9%: 0.12+0.75+0.074 ms clock, 1.0+0.80/0.66/0+0.59 ms cpu, 3->4->1 MB, 4 MB goal, 0 MB stacks, 0 MB globals, 8 P
gc 5053 @17.177s 9%: 0.14+0.77+0.13 ms clock, 1.1+0.96/0.80/0+1.1 ms cpu, 3->3->1 MB, 4 MB goal, 0 MB stacks, 0 MB globals, 8 P
gc 5054 @17.179s 9%: 0.10+0.50+0.058 ms clock, 0.85+0.90/0.68/0+0.47 ms cpu, 3->3->1 MB, 4 MB goal, 0 MB stacks, 0 MB globals, 8 P
gc 5055 @17.181s 9%: 0.086+0.69+0.072 ms clock, 0.69+0.59/0.83/0+0.57 ms cpu, 3->3->1 MB, 4 MB goal, 0 MB stacks, 0 MB globals, 8 P
gc 5056 @17.184s 9%: 0.084+0.73+0.12 ms clock, 0.67+0.71/0.75/0+1.0 ms cpu, 3->3->1 MB, 4 MB goal, 0 MB stacks, 0 MB globals, 8 P
gc 5057 @17.187s 9%: 0.16+0.82+0.099 ms clock, 1.2+0.56/0.88/0+0.79 ms cpu, 3->3->1 MB, 4 MB goal, 0 MB stacks, 0 MB globals, 8 P
gc 5058 @17.189s 9%: 0.10+0.57+0.064 ms clock, 0.82+0.68/0.86/0+0.51 ms cpu, 3->3->1 MB, 4 MB goal, 0 MB stacks, 0 MB globals, 8 P
gc 5059 @17.192s 9%: 0.097+0.65+0.17 ms clock, 0.77+0.79/0.84/0+1.3 ms cpu, 3->3->1 MB, 4 MB goal, 0 MB stacks, 0 MB globals, 8 P
gc 5060 @17.194s 9%: 0.11+0.60+0.079 ms clock, 0.95+0.66/0.78/0+0.63 ms cpu, 3->3->1 MB, 4 MB goal, 0 MB stacks, 0 MB globals, 8 P
gc 5061 @17.197s 9%: 0.10+0.84+0.098 ms clock, 0.82+0.93/1.0/0+0.78 ms cpu, 3->3->1 MB, 4 MB goal, 0 MB stacks, 0 MB globals, 8 P
gc 5062 @17.199s 9%: 0.14+0.55+0.12 ms clock, 1.1+0.76/0.75/0+0.96 ms cpu, 3->3->1 MB, 4 MB goal, 0 MB stacks, 0 MB globals, 8 P
gc 5063 @17.202s 9%: 0.16+1.0+0.078 ms clock, 1.3+0.80/0.77/0+0.62 ms cpu, 3->4->1 MB, 4 MB goal, 0 MB stacks, 0 MB globals, 8 P
gc 5064 @17.205s 9%: 0.082+0.51+0.10 ms clock, 0.65+0.75/0.79/0+0.84 ms cpu, 3->3->1 MB, 4 MB goal, 0 MB stacks, 0 MB globals, 8 P
gc 5065 @17.207s 9%: 0.10+0.95+0.066 ms clock, 0.81+0.77/0.87/0+0.53 ms cpu, 3->3->1 MB, 4 MB goal, 0 MB stacks, 0 MB globals, 8 P
gc 5066 @17.210s 9%: 0.089+1.0+0.091 ms clock, 0.71+0.62/0.85/0+0.73 ms cpu, 3->4->1 MB, 4 MB goal, 0 MB stacks, 0 MB globals, 8 P
gc 5067 @17.212s 9%: 0.13+0.88+0.076 ms clock, 1.0+0.70/0.88/0+0.61 ms cpu, 3->4->1 MB, 4 MB goal, 0 MB stacks, 0 MB globals, 8 P
gc 5068 @17.215s 9%: 0.10+0.58+0.12 ms clock, 0.86+0.75/0.73/0+0.98 ms cpu, 3->3->1 MB, 4 MB goal, 0 MB stacks, 0 MB globals, 8 P
gc 5069 @17.218s 9%: 0.079+0.66+0.10 ms clock, 0.63+0.80/0.70/0+0.85 ms cpu, 3->3->1 MB, 4 MB goal, 0 MB stacks, 0 MB globals, 8 P
gc 5070 @17.220s 9%: 0.087+0.57+0.12 ms clock, 0.70+0.74/0.73/0+0.98 ms cpu, 3->3->1 MB, 4 MB goal, 0 MB stacks, 0 MB globals, 8 P
gc 5071 @17.223s 9%: 0.13+0.52+0.091 ms clock, 1.1+0.75/0.71/0+0.73 ms cpu, 3->3->1 MB, 4 MB goal, 0 MB stacks, 0 MB globals, 8 P
gc 5072 @17.225s 9%: 0.14+0.68+0.097 ms clock, 1.1+0.76/0.82/0+0.78 ms cpu, 3->3->1 MB, 4 MB goal, 0 MB stacks, 0 MB globals, 8 P
gc 5073 @17.228s 9%: 0.12+0.74+0.069 ms clock, 0.97+0.87/0.79/0+0.55 ms cpu, 3->3->1 MB, 4 MB goal, 0 MB stacks, 0 MB globals, 8 P
gc 5074 @17.230s 9%: 0.096+0.54+0.058 ms clock, 0.77+0.67/0.81/0+0.46 ms cpu, 3->3->1 MB, 4 MB goal, 0 MB stacks, 0 MB globals, 8 P
gc 5075 @17.233s 9%: 0.12+0.66+0.056 ms clock, 1.0+0.74/0.87/0+0.44 ms cpu, 3->3->1 MB, 4 MB goal, 0 MB stacks, 0 MB globals, 8 P
gc 5076 @17.235s 9%: 0.11+0.60+0.094 ms clock, 0.88+0.80/0.73/0+0.75 ms cpu, 3->3->1 MB, 4 MB goal, 0 MB stacks, 0 MB globals, 8 P
gc 5077 @17.238s 9%: 0.14+1.1+0.11 ms clock, 1.1+0.65/0.92/0+0.94 ms cpu, 3->4->2 MB, 4 MB goal, 0 MB stacks, 0 MB globals, 8 P
gc 5078 @17.241s 9%: 0.15+0.58+0.055 ms clock, 1.2+0.82/0.90/0+0.44 ms cpu, 3->4->1 MB, 4 MB goal, 0 MB stacks, 0 MB globals, 8 P
gc 5079 @17.243s 9%: 0.13+0.98+0.063 ms clock, 1.1+0.88/1.0/0+0.51 ms cpu, 3->4->1 MB, 4 MB goal, 0 MB stacks, 0 MB globals, 8 P
gc 5080 @17.246s 9%: 0.12+0.57+0.092 ms clock, 1.0+0.80/0.75/0+0.73 ms cpu, 3->3->1 MB, 4 MB goal, 0 MB stacks, 0 MB globals, 8 P
gc 5081 @17.248s 9%: 0.087+1.0+0.099 ms clock, 0.70+0.57/0.88/0+0.79 ms cpu, 3->4->1 MB, 4 MB goal, 0 MB stacks, 0 MB globals, 8 P
gc 5082 @17.251s 9%: 0.076+0.63+0.097 ms clock, 0.61+0.88/0.80/0+0.77 ms cpu, 3->4->1 MB, 4 MB goal, 0 MB stacks, 0 MB globals, 8 P
gc 5083 @17.254s 9%: 0.14+0.83+0.10 ms clock, 1.1+0.80/0.67/0+0.82 ms cpu, 3->3->1 MB, 4 MB goal, 0 MB stacks, 0 MB globals, 8 P
gc 5084 @17.256s 9%: 0.14+0.83+0.15 ms clock, 1.1+0.71/0.84/0+1.2 ms cpu, 3->4->1 MB, 4 MB goal, 0 MB stacks, 0 MB globals, 8 P
gc 5085 @17.259s 9%: 0.12+0.78+0.11 ms clock, 0.99+0.88/0.91/0+0.90 ms cpu, 3->3->1 MB, 4 MB goal, 0 MB stacks, 0 MB globals, 8 P
gc 5086 @17.261s 9%: 0.074+0.60+0.081 ms clock, 0.59+0.88/0.81/0+0.65 ms cpu, 3->3->1 MB, 4 MB goal, 0 MB stacks, 0 MB globals, 8 P
gc 5087 @17.264s 9%: 0.12+0.53+0.079 ms clock, 0.98+0.77/0.72/0+0.63 ms cpu, 3->3->1 MB, 4 MB goal, 0 MB stacks, 0 MB globals, 8 P
gc 5088 @17.266s 9%: 0.10+0.56+0.18 ms clock, 0.81+0.77/0.71/0+1.4 ms cpu, 3->3->1 MB, 4 MB goal, 0 MB stacks, 0 MB globals, 8 P
gc 5089 @17.269s 9%: 0.094+0.67+0.10 ms clock, 0.75+0.73/0.76/0+0.85 ms cpu, 3->3->1 MB, 4 MB goal, 0 MB stacks, 0 MB globals, 8 P
gc 5090 @17.271s 9%: 0.11+0.65+0.084 ms clock, 0.92+0.82/0.83/0+0.67 ms cpu, 3->3->1 MB, 4 MB goal, 0 MB stacks, 0 MB globals, 8 P
gc 5091 @17.274s 9%: 0.082+0.66+0.053 ms clock, 0.65+0.60/0.84/0+0.43 ms cpu, 3->3->1 MB, 4 MB goal, 0 MB stacks, 0 MB globals, 8 P
gc 5092 @17.276s 9%: 0.12+0.87+0.085 ms clock, 0.97+0.67/0.92/0+0.68 ms cpu, 3->3->1 MB, 4 MB goal, 0 MB stacks, 0 MB globals, 8 P
gc 5093 @17.279s 9%: 0.13+0.72+0.12 ms clock, 1.1+0.73/0.75/0+1.0 ms cpu, 3->3->1 MB, 4 MB goal, 0 MB stacks, 0 MB globals, 8 P
gc 5094 @17.282s 9%: 0.10+0.77+0.11 ms clock, 0.81+0.63/0.76/0+0.95 ms cpu, 3->4->1 MB, 4 MB goal, 0 MB stacks, 0 MB globals, 8 P
gc 5095 @17.284s 9%: 0.082+0.57+0.063 ms clock, 0.66+0.74/0.76/0+0.50 ms cpu, 3->3->1 MB, 4 MB goal, 0 MB stacks, 0 MB globals, 8 P
gc 5096 @17.287s 9%: 0.15+0.50+0.078 ms clock, 1.2+0.69/0.75/0+0.63 ms cpu, 3->3->1 MB, 4 MB goal, 0 MB stacks, 0 MB globals, 8 P
gc 5097 @17.289s 9%: 0.092+0.90+0.052 ms clock, 0.74+1.0/0.54/0+0.42 ms cpu, 3->3->1 MB, 4 MB goal, 0 MB stacks, 0 MB globals, 8 P
gc 5098 @17.292s 9%: 0.10+0.67+0.067 ms clock, 0.82+0.94/0.70/0+0.53 ms cpu, 3->3->1 MB, 4 MB goal, 0 MB stacks, 0 MB globals, 8 P
gc 5099 @17.294s 9%: 0.12+1.1+0.10 ms clock, 0.98+0.86/0.85/0+0.81 ms cpu, 3->4->2 MB, 4 MB goal, 0 MB stacks, 0 MB globals, 8 P
gc 5100 @17.297s 9%: 0.13+0.91+0.10 ms clock, 1.0+0.56/0.86/0+0.83 ms cpu, 3->4->1 MB, 4 MB goal, 0 MB stacks, 0 MB globals, 8 P
gc 5101 @17.300s 9%: 0.17+1.0+0.10 ms clock, 1.3+0.77/0.87/0+0.80 ms cpu, 3->4->1 MB, 4 MB goal, 0 MB stacks, 0 MB globals, 8 P
gc 5102 @17.303s 9%: 0.10+1.2+0.095 ms clock, 0.86+0.58/0.93/0+0.76 ms cpu, 3->4->1 MB, 4 MB goal, 0 MB stacks, 0 MB globals, 8 P
gc 5103 @17.306s 9%: 0.10+0.62+0.072 ms clock, 0.85+0.87/0.71/0+0.57 ms cpu, 3->4->1 MB, 4 MB goal, 0 MB stacks, 0 MB globals, 8 P
gc 5104 @17.309s 9%: 0.098+1.0+0.076 ms clock, 0.78+0.74/0.78/0+0.61 ms cpu, 3->4->1 MB, 4 MB goal, 0 MB stacks, 0 MB globals, 8 P
gc 5105 @17.311s 9%: 0.11+0.77+0.094 ms clock, 0.90+0.87/0.92/0+0.75 ms cpu, 3->4->1 MB, 4 MB goal, 0 MB stacks, 0 MB globals, 8 P
gc 5106 @17.314s 9%: 0.12+1.0+0.14 ms clock, 1.0+0.64/0.82/0+1.1 ms cpu, 3->4->1 MB, 4 MB goal, 0 MB stacks, 0 MB globals, 8 P
gc 5107 @17.317s 9%: 0.10+0.69+0.10 ms clock, 0.80+0.70/0.88/0+0.87 ms cpu, 3->4->1 MB, 4 MB goal, 0 MB stacks, 0 MB globals, 8 P
gc 5108 @17.320s 9%: 0.098+0.59+0.10 ms clock, 0.78+0.77/0.76/0.001+0.80 ms cpu, 3->3->1 MB, 4 MB goal, 0 MB stacks, 0 MB globals, 8 P
gc 5109 @17.322s 9%: 0.087+1.0+0.084 ms clock, 0.70+0.78/0.70/0+0.67 ms cpu, 3->3->1 MB, 4 MB goal, 0 MB stacks, 0 MB globals, 8 P
gc 5110 @17.325s 9%: 0.10+0.60+0.13 ms clock, 0.83+0.72/0.70/0+1.0 ms cpu, 3->3->1 MB, 4 MB goal, 0 MB stacks, 0 MB globals, 8 P
gc 5111 @17.327s 9%: 0.11+1.4+0.090 ms clock, 0.95+0.58/0.75/0+0.72 ms cpu, 3->4->2 MB, 4 MB goal, 0 MB stacks, 0 MB globals, 8 P
gc 5112 @17.330s 9%: 0.15+1.2+0.083 ms clock, 1.2+0.71/0.78/0+0.66 ms cpu, 3->4->2 MB, 4 MB goal, 0 MB stacks, 0 MB globals, 8 P
gc 5113 @17.334s 9%: 0.11+1.0+0.093 ms clock, 0.92+0.74/0.81/0+0.75 ms cpu, 3->4->1 MB, 4 MB goal, 0 MB stacks, 0 MB globals, 8 P
gc 5114 @17.336s 9%: 0.090+0.58+0.083 ms clock, 0.72+0.75/0.78/0+0.67 ms cpu, 3->3->1 MB, 4 MB goal, 0 MB stacks, 0 MB globals, 8 P
gc 5115 @17.339s 9%: 0.097+0.59+0.096 ms clock, 0.77+0.83/0.74/0+0.76 ms cpu, 3->3->1 MB, 4 MB goal, 0 MB stacks, 0 MB globals, 8 P
gc 5116 @17.341s 9%: 0.11+0.70+0.10 ms clock, 0.95+0.64/0.82/0+0.80 ms cpu, 3->3->1 MB, 4 MB goal, 0 MB stacks, 0 MB globals, 8 P
gc 5117 @17.344s 9%: 0.066+0.68+0.096 ms clock, 0.53+0.67/0.74/0.14+0.76 ms cpu, 3->3->1 MB, 4 MB goal, 0 MB stacks, 0 MB globals, 8 P
gc 5118 @17.347s 9%: 0.088+0.58+0.099 ms clock, 0.70+0.70/0.65/0+0.79 ms cpu, 3->3->1 MB, 4 MB goal, 0 MB stacks, 0 MB globals, 8 P
gc 5119 @17.349s 9%: 0.16+0.55+0.094 ms clock, 1.2+0.85/0.70/0+0.75 ms cpu, 3->3->1 MB, 4 MB goal, 0 MB stacks, 0 MB globals, 8 P
gc 5120 @17.351s 9%: 0.11+0.95+0.064 ms clock, 0.95+0.83/0.79/0+0.51 ms cpu, 3->3->1 MB, 4 MB goal, 0 MB stacks, 0 MB globals, 8 P
gc 5121 @17.354s 9%: 0.095+0.61+0.065 ms clock, 0.76+0.84/0.75/0+0.52 ms cpu, 3->3->1 MB, 4 MB goal, 0 MB stacks, 0 MB globals, 8 P
gc 5122 @17.357s 9%: 0.070+0.57+0.13 ms clock, 0.56+0.83/0.76/0+1.0 ms cpu, 3->3->1 MB, 4 MB goal, 0 MB stacks, 0 MB globals, 8 P
gc 5123 @17.359s 9%: 0.18+0.57+0.11 ms clock, 1.4+0.71/0.82/0+0.93 ms cpu, 3->3->1 MB, 4 MB goal, 0 MB stacks, 0 MB globals, 8 P
gc 5124 @17.362s 9%: 0.11+0.79+0.11 ms clock, 0.90+0.78/0.69/0+0.89 ms cpu, 3->3->1 MB, 4 MB goal, 0 MB stacks, 0 MB globals, 8 P
gc 5125 @17.364s 9%: 0.097+0.77+0.097 ms clock, 0.78+0.68/0.78/0+0.78 ms cpu, 3->3->1 MB, 4 MB goal, 0 MB stacks, 0 MB globals, 8 P
gc 5126 @17.367s 9%: 0.11+0.67+0.10 ms clock, 0.94+0.83/0.76/0+0.81 ms cpu, 3->3->1 MB, 4 MB goal, 0 MB stacks, 0 MB globals, 8 P
gc 5127 @17.369s 9%: 0.10+0.50+0.099 ms clock, 0.81+0.76/0.74/0+0.79 ms cpu, 3->3->1 MB, 4 MB goal, 0 MB stacks, 0 MB globals, 8 P
gc 5128 @17.372s 9%: 0.11+0.62+0.14 ms clock, 0.92+0.81/0.85/0+1.1 ms cpu, 3->3->1 MB, 4 MB goal, 0 MB stacks, 0 MB globals, 8 P
gc 5129 @17.374s 9%: 0.12+0.73+0.081 ms clock, 0.97+0.88/0.82/0+0.65 ms cpu, 3->3->1 MB, 4 MB goal, 0 MB stacks, 0 MB globals, 8 P
gc 5130 @17.377s 9%: 0.087+0.61+0.15 ms clock, 0.69+0.76/0.73/0+1.2 ms cpu, 3->3->1 MB, 4 MB goal, 0 MB stacks, 0 MB globals, 8 P
gc 5131 @17.379s 9%: 0.11+0.68+0.13 ms clock, 0.88+0.80/0.73/0+1.0 ms cpu, 3->3->1 MB, 4 MB goal, 0 MB stacks, 0 MB globals, 8 P
gc 5132 @17.382s 9%: 0.12+0.76+0.10 ms clock, 1.0+0.66/0.95/0+0.87 ms cpu, 3->3->1 MB, 4 MB goal, 0 MB stacks, 0 MB globals, 8 P
gc 5133 @17.384s 9%: 0.18+1.0+0.10 ms clock, 1.4+0.65/0.88/0+0.85 ms cpu, 3->4->1 MB, 4 MB goal, 0 MB stacks, 0 MB globals, 8 P
gc 5134 @17.387s 9%: 0.11+0.85+0.14 ms clock, 0.92+0.57/0.88/0+1.1 ms cpu, 3->4->1 MB, 4 MB goal, 0 MB stacks, 0 MB globals, 8 P
gc 5135 @17.390s 9%: 0.077+0.52+0.10 ms clock, 0.61+0.88/0.74/0+0.80 ms cpu, 3->3->1 MB, 4 MB goal, 0 MB stacks, 0 MB globals, 8 P
gc 5136 @17.392s 9%: 0.092+1.0+0.12 ms clock, 0.73+0.91/1.1/0+1.0 ms cpu, 3->4->1 MB, 4 MB goal, 0 MB stacks, 0 MB globals, 8 P
gc 5137 @17.395s 9%: 0.12+0.68+0.13 ms clock, 1.0+0.69/0.77/0+1.1 ms cpu, 3->4->1 MB, 4 MB goal, 0 MB stacks, 0 MB globals, 8 P
gc 5138 @17.397s 9%: 0.10+1.2+0.074 ms clock, 0.86+0.54/0.88/0+0.59 ms cpu, 3->4->1 MB, 4 MB goal, 0 MB stacks, 0 MB globals, 8 P
gc 5139 @17.400s 9%: 0.12+0.87+0.099 ms clock, 0.97+0.70/0.85/0+0.79 ms cpu, 3->4->1 MB, 4 MB goal, 0 MB stacks, 0 MB globals, 8 P
gc 5140 @17.403s 9%: 0.10+0.65+0.063 ms clock, 0.82+0.82/0.76/0+0.50 ms cpu, 3->3->1 MB, 4 MB goal, 0 MB stacks, 0 MB globals, 8 P
gc 5141 @17.406s 9%: 0.098+0.74+0.12 ms clock, 0.78+0.87/0.79/0+1.0 ms cpu, 3->3->1 MB, 4 MB goal, 0 MB stacks, 0 MB globals, 8 P
gc 5142 @17.408s 9%: 0.13+0.70+0.13 ms clock, 1.0+0.75/0.71/0+1.1 ms cpu, 3->3->1 MB, 4 MB goal, 0 MB stacks, 0 MB globals, 8 P
gc 5143 @17.411s 9%: 0.11+0.53+0.094 ms clock, 0.90+0.83/0.74/0+0.75 ms cpu, 3->3->1 MB, 4 MB goal, 0 MB stacks, 0 MB globals, 8 P
gc 5144 @17.413s 9%: 0.14+0.53+0.098 ms clock, 1.1+0.74/0.79/0+0.78 ms cpu, 3->3->1 MB, 4 MB goal, 0 MB stacks, 0 MB globals, 8 P
gc 5145 @17.416s 9%: 0.090+0.67+0.11 ms clock, 0.72+0.79/0.87/0+0.88 ms cpu, 3->3->1 MB, 4 MB goal, 0 MB stacks, 0 MB globals, 8 P
gc 5146 @17.418s 9%: 0.13+0.56+0.10 ms clock, 1.0+0.74/0.78/0+0.85 ms cpu, 3->3->1 MB, 4 MB goal, 0 MB stacks, 0 MB globals, 8 P
gc 5147 @17.421s 9%: 0.080+0.55+0.097 ms clock, 0.64+0.88/0.75/0+0.77 ms cpu, 3->3->1 MB, 4 MB goal, 0 MB stacks, 0 MB globals, 8 P
gc 5148 @17.423s 9%: 0.13+0.71+0.092 ms clock, 1.0+0.67/0.82/0+0.74 ms cpu, 3->3->1 MB, 4 MB goal, 0 MB stacks, 0 MB globals, 8 P
gc 5149 @17.425s 9%: 0.13+0.95+0.082 ms clock, 1.1+0.69/0.85/0+0.65 ms cpu, 3->4->1 MB, 4 MB goal, 0 MB stacks, 0 MB globals, 8 P
gc 5150 @17.428s 9%: 0.10+0.56+0.055 ms clock, 0.83+0.73/0.80/0+0.44 ms cpu, 3->4->1 MB, 4 MB goal, 0 MB stacks, 0 MB globals, 8 P
gc 5151 @17.431s 9%: 0.10+0.94+0.076 ms clock, 0.83+0.82/0.82/0+0.61 ms cpu, 3->4->1 MB, 4 MB goal, 0 MB stacks, 0 MB globals, 8 P
gc 5152 @17.434s 9%: 0.093+0.67+0.061 ms clock, 0.74+0.66/0.89/0+0.48 ms cpu, 3->3->1 MB, 4 MB goal, 0 MB stacks, 0 MB globals, 8 P
gc 5153 @17.436s 9%: 0.10+0.92+0.10 ms clock, 0.82+0.47/0.78/0+0.80 ms cpu, 3->3->1 MB, 4 MB goal, 0 MB stacks, 0 MB globals, 8 P
gc 5154 @17.439s 9%: 0.12+0.62+0.075 ms clock, 0.99+0.83/0.78/0+0.60 ms cpu, 3->3->1 MB, 4 MB goal, 0 MB stacks, 0 MB globals, 8 P
gc 5155 @17.441s 9%: 0.083+0.53+0.11 ms clock, 0.66+0.82/0.73/0+0.91 ms cpu, 3->3->1 MB, 4 MB goal, 0 MB stacks, 0 MB globals, 8 P
gc 5156 @17.444s 9%: 0.093+0.73+0.079 ms clock, 0.74+0.82/0.84/0+0.63 ms cpu, 3->3->1 MB, 4 MB goal, 0 MB stacks, 0 MB globals, 8 P
gc 5157 @17.446s 9%: 0.094+0.54+0.061 ms clock, 0.75+0.74/0.79/0+0.49 ms cpu, 3->3->1 MB, 4 MB goal, 0 MB stacks, 0 MB globals, 8 P
gc 5158 @17.449s 9%: 0.12+0.65+0.10 ms clock, 1.0+0.74/0.83/0+0.85 ms cpu, 3->3->1 MB, 4 MB goal, 0 MB stacks, 0 MB globals, 8 P
gc 5159 @17.451s 9%: 0.12+1.2+0.049 ms clock, 1.0+0.77/0.71/0+0.39 ms cpu, 3->4->2 MB, 4 MB goal, 0 MB stacks, 0 MB globals, 8 P
gc 5160 @17.454s 9%: 0.15+0.69+0.10 ms clock, 1.2+0.45/0.92/0+0.87 ms cpu, 3->4->1 MB, 4 MB goal, 0 MB stacks, 0 MB globals, 8 P
gc 5161 @17.457s 9%: 0.10+0.87+0.13 ms clock, 0.84+0.91/0.73/0+1.0 ms cpu, 3->3->1 MB, 4 MB goal, 0 MB stacks, 0 MB globals, 8 P
gc 5162 @17.459s 9%: 0.10+0.58+0.12 ms clock, 0.87+0.85/0.74/0+1.0 ms cpu, 3->3->1 MB, 4 MB goal, 0 MB stacks, 0 MB globals, 8 P
gc 5163 @17.462s 9%: 0.055+0.78+0.091 ms clock, 0.44+0.44/0.87/0+0.73 ms cpu, 3->4->1 MB, 4 MB goal, 0 MB stacks, 0 MB globals, 8 P
gc 5164 @17.465s 9%: 0.14+0.95+0.059 ms clock, 1.1+0.62/0.86/0+0.47 ms cpu, 3->4->1 MB, 4 MB goal, 0 MB stacks, 0 MB globals, 8 P
gc 5165 @17.467s 9%: 0.10+1.0+0.12 ms clock, 0.80+0.67/0.77/0+1.0 ms cpu, 3->4->1 MB, 4 MB goal, 0 MB stacks, 0 MB globals, 8 P
gc 5166 @17.470s 9%: 0.12+0.99+0.076 ms clock, 1.0+0.67/0.86/0+0.60 ms cpu, 3->4->1 MB, 4 MB goal, 0 MB stacks, 0 MB globals, 8 P
gc 5167 @17.473s 9%: 0.11+0.73+0.097 ms clock, 0.92+0.74/0.80/0+0.78 ms cpu, 3->3->1 MB, 4 MB goal, 0 MB stacks, 0 MB globals, 8 P
gc 5168 @17.476s 9%: 0.14+0.60+0.051 ms clock, 1.1+0.77/0.84/0+0.41 ms cpu, 3->3->1 MB, 4 MB goal, 0 MB stacks, 0 MB globals, 8 P
gc 5169 @17.478s 9%: 0.15+0.96+0.068 ms clock, 1.2+0.72/0.84/0+0.54 ms cpu, 3->4->1 MB, 4 MB goal, 0 MB stacks, 0 MB globals, 8 P
gc 5170 @17.481s 9%: 0.084+0.55+0.070 ms clock, 0.67+0.73/0.78/0+0.56 ms cpu, 3->3->1 MB, 4 MB goal, 0 MB stacks, 0 MB globals, 8 P
gc 5171 @17.483s 9%: 0.10+0.84+0.088 ms clock, 0.85+0.69/0.80/0+0.71 ms cpu, 3->3->1 MB, 4 MB goal, 0 MB stacks, 0 MB globals, 8 P
gc 5172 @17.486s 9%: 0.10+0.70+0.094 ms clock, 0.80+0.63/0.90/0+0.75 ms cpu, 3->3->1 MB, 4 MB goal, 0 MB stacks, 0 MB globals, 8 P
gc 5173 @17.488s 9%: 0.14+0.91+0.094 ms clock, 1.1+0.57/0.75/0+0.75 ms cpu, 3->3->1 MB, 4 MB goal, 0 MB stacks, 0 MB globals, 8 P
gc 5174 @17.491s 9%: 0.14+0.77+0.053 ms clock, 1.1+0.79/0.66/0+0.43 ms cpu, 3->3->1 MB, 4 MB goal, 0 MB stacks, 0 MB globals, 8 P
gc 5175 @17.494s 9%: 0.090+0.75+0.078 ms clock, 0.72+0.68/0.84/0+0.62 ms cpu, 3->3->1 MB, 4 MB goal, 0 MB stacks, 0 MB globals, 8 P
gc 5176 @17.496s 9%: 0.11+0.60+0.099 ms clock, 0.95+0.53/0.85/0+0.79 ms cpu, 3->3->1 MB, 4 MB goal, 0 MB stacks, 0 MB globals, 8 P
gc 5177 @17.499s 9%: 0.12+0.97+0.089 ms clock, 1.0+0.59/0.92/0+0.71 ms cpu, 3->3->1 MB, 4 MB goal, 0 MB stacks, 0 MB globals, 8 P
gc 5178 @17.501s 9%: 0.12+0.50+0.12 ms clock, 0.97+0.80/0.67/0+0.97 ms cpu, 3->3->1 MB, 4 MB goal, 0 MB stacks, 0 MB globals, 8 P
gc 5179 @17.504s 9%: 0.18+0.59+0.21 ms clock, 1.4+0.71/0.81/0+1.7 ms cpu, 3->3->1 MB, 4 MB goal, 0 MB stacks, 0 MB globals, 8 P
gc 5180 @17.506s 9%: 0.096+0.51+0.13 ms clock, 0.76+0.81/0.77/0+1.0 ms cpu, 3->3->1 MB, 4 MB goal, 0 MB stacks, 0 MB globals, 8 P
gc 5181 @17.509s 9%: 0.11+0.49+0.10 ms clock, 0.90+0.77/0.74/0+0.86 ms cpu, 3->3->1 MB, 4 MB goal, 0 MB stacks, 0 MB globals, 8 P
gc 5182 @17.511s 9%: 0.091+0.62+0.079 ms clock, 0.73+0.78/0.77/0+0.63 ms cpu, 3->3->1 MB, 4 MB goal, 0 MB stacks, 0 MB globals, 8 P
gc 5183 @17.514s 9%: 0.11+0.66+0.10 ms clock, 0.93+0.75/0.84/0+0.80 ms cpu, 3->3->1 MB, 4 MB goal, 0 MB stacks, 0 MB globals, 8 P
gc 5184 @17.516s 9%: 0.10+0.57+0.061 ms clock, 0.86+0.83/0.79/0+0.49 ms cpu, 3->3->1 MB, 4 MB goal, 0 MB stacks, 0 MB globals, 8 P
gc 5185 @17.519s 9%: 0.12+1.0+0.073 ms clock, 0.98+0.81/0.80/0+0.59 ms cpu, 3->4->1 MB, 4 MB goal, 0 MB stacks, 0 MB globals, 8 P
gc 5186 @17.522s 9%: 0.11+0.91+0.090 ms clock, 0.92+0.85/0.67/0+0.72 ms cpu, 3->4->1 MB, 4 MB goal, 0 MB stacks, 0 MB globals, 8 P
gc 5187 @17.525s 9%: 0.17+0.54+0.066 ms clock, 1.3+0.68/0.81/0+0.52 ms cpu, 3->3->1 MB, 4 MB goal, 0 MB stacks, 0 MB globals, 8 P
gc 5188 @17.527s 9%: 0.097+0.78+0.10 ms clock, 0.77+0.61/0.90/0+0.80 ms cpu, 3->3->1 MB, 4 MB goal, 0 MB stacks, 0 MB globals, 8 P
gc 5189 @17.530s 9%: 0.11+0.51+0.10 ms clock, 0.92+0.54/0.77/0+0.85 ms cpu, 3->3->1 MB, 4 MB goal, 0 MB stacks, 0 MB globals, 8 P
gc 5190 @17.532s 9%: 0.13+0.49+0.099 ms clock, 1.0+0.89/0.62/0+0.79 ms cpu, 3->3->1 MB, 4 MB goal, 0 MB stacks, 0 MB globals, 8 P
gc 5191 @17.535s 9%: 0.13+0.56+0.062 ms clock, 1.1+0.66/0.79/0+0.50 ms cpu, 3->3->1 MB, 4 MB goal, 0 MB stacks, 0 MB globals, 8 P
gc 5192 @17.537s 9%: 0.080+0.63+0.10 ms clock, 0.64+0.80/0.74/0+0.80 ms cpu, 3->3->1 MB, 4 MB goal, 0 MB stacks, 0 MB globals, 8 P
gc 5193 @17.540s 9%: 0.10+0.56+0.061 ms clock, 0.84+0.85/0.85/0+0.49 ms cpu, 3->3->1 MB, 4 MB goal, 0 MB stacks, 0 MB globals, 8 P
gc 5194 @17.542s 9%: 0.10+0.90+0.088 ms clock, 0.86+0.84/0.74/0.005+0.70 ms cpu, 3->3->1 MB, 4 MB goal, 0 MB stacks, 0 MB globals, 8 P
gc 5195 @17.545s 9%: 0.094+0.58+0.074 ms clock, 0.75+0.74/0.86/0+0.59 ms cpu, 3->3->1 MB, 4 MB goal, 0 MB stacks, 0 MB globals, 8 P
gc 5196 @17.547s 9%: 0.11+0.63+0.10 ms clock, 0.92+0.66/0.83/0+0.80 ms cpu, 3->3->1 MB, 4 MB goal, 0 MB stacks, 0 MB globals, 8 P
gc 5197 @17.550s 9%: 0.10+0.59+0.089 ms clock, 0.86+0.69/0.77/0+0.71 ms cpu, 3->3->1 MB, 4 MB goal, 0 MB stacks, 0 MB globals, 8 P
gc 5198 @17.552s 9%: 0.10+1.3+0.005 ms clock, 0.85+0.69/0.84/0+0.046 ms cpu, 3->4->2 MB, 4 MB goal, 0 MB stacks, 0 MB globals, 8 P
gc 5199 @17.555s 9%: 0.084+0.74+0.089 ms clock, 0.67+0.93/0.71/0+0.71 ms cpu, 3->4->1 MB, 4 MB goal, 0 MB stacks, 0 MB globals, 8 P
gc 5200 @17.558s 9%: 0.13+0.60+0.053 ms clock, 1.0+0.75/0.85/0+0.43 ms cpu, 3->3->1 MB, 4 MB goal, 0 MB stacks, 0 MB globals, 8 P
gc 5201 @17.560s 9%: 0.10+0.64+0.097 ms clock, 0.84+0.72/0.84/0+0.77 ms cpu, 3->3->1 MB, 4 MB goal, 0 MB stacks, 0 MB globals, 8 P
gc 5202 @17.563s 9%: 0.14+0.62+0.11 ms clock, 1.1+0.67/0.77/0+0.92 ms cpu, 3->3->1 MB, 4 MB goal, 0 MB stacks, 0 MB globals, 8 P
gc 5203 @17.565s 9%: 0.12+0.66+0.10 ms clock, 0.96+0.82/0.82/0+0.87 ms cpu, 3->3->1 MB, 4 MB goal, 0 MB stacks, 0 MB globals, 8 P
gc 5204 @17.568s 9%: 0.15+0.57+0.10 ms clock, 1.2+0.89/0.74/0+0.82 ms cpu, 3->3->1 MB, 4 MB goal, 0 MB stacks, 0 MB globals, 8 P
gc 5205 @17.570s 9%: 0.072+0.64+0.11 ms clock, 0.57+0.57/0.93/0+0.95 ms cpu, 3->3->1 MB, 4 MB goal, 0 MB stacks, 0 MB globals, 8 P
gc 5206 @17.573s 9%: 0.10+0.68+0.14 ms clock, 0.83+0.70/0.77/0+1.1 ms cpu, 3->3->1 MB, 4 MB goal, 0 MB stacks, 0 MB globals, 8 P
gc 5207 @17.575s 9%: 0.090+0.65+0.087 ms clock, 0.72+0.66/0.88/0+0.69 ms cpu, 3->3->1 MB, 4 MB goal, 0 MB stacks, 0 MB globals, 8 P
gc 5208 @17.578s 9%: 0.11+0.58+0.10 ms clock, 0.90+0.84/0.68/0+0.86 ms cpu, 3->3->1 MB, 4 MB goal, 0 MB stacks, 0 MB globals, 8 P
gc 5209 @17.580s 9%: 0.14+0.97+0.10 ms clock, 1.1+0.73/0.88/0+0.86 ms cpu, 3->3->1 MB, 4 MB goal, 0 MB stacks, 0 MB globals, 8 P
gc 5210 @17.583s 9%: 0.10+0.55+0.071 ms clock, 0.85+0.75/0.69/0+0.57 ms cpu, 3->3->1 MB, 4 MB goal, 0 MB stacks, 0 MB globals, 8 P
gc 5211 @17.585s 9%: 0.11+0.98+0.14 ms clock, 0.91+0.53/0.80/0+1.1 ms cpu, 3->3->1 MB, 4 MB goal, 0 MB stacks, 0 MB globals, 8 P
gc 5212 @17.588s 9%: 0.086+0.63+0.090 ms clock, 0.69+0.75/0.90/0+0.72 ms cpu, 3->4->1 MB, 4 MB goal, 0 MB stacks, 0 MB globals, 8 P
gc 5213 @17.590s 9%: 0.092+0.67+0.10 ms clock, 0.73+0.87/0.75/0+0.83 ms cpu, 3->3->1 MB, 4 MB goal, 0 MB stacks, 0 MB globals, 8 P
gc 5214 @17.593s 9%: 0.091+1.0+0.058 ms clock, 0.73+0.80/0.65/0+0.46 ms cpu, 3->4->1 MB, 4 MB goal, 0 MB stacks, 0 MB globals, 8 P
gc 5215 @17.596s 9%: 0.095+0.58+0.10 ms clock, 0.76+0.77/0.80/0+0.80 ms cpu, 3->3->1 MB, 4 MB goal, 0 MB stacks, 0 MB globals, 8 P
gc 5216 @17.598s 9%: 0.079+0.92+0.036 ms clock, 0.63+0.59/0.78/0+0.29 ms cpu, 3->3->1 MB, 4 MB goal, 0 MB stacks, 0 MB globals, 8 P
gc 5217 @17.601s 9%: 0.10+0.59+0.12 ms clock, 0.82+0.79/0.80/0+1.0 ms cpu, 3->3->1 MB, 4 MB goal, 0 MB stacks, 0 MB globals, 8 P
gc 5218 @17.603s 9%: 0.13+0.97+0.12 ms clock, 1.1+0.74/0.76/0+0.96 ms cpu, 3->3->1 MB, 4 MB goal, 0 MB stacks, 0 MB globals, 8 P
gc 5219 @17.606s 9%: 0.12+1.0+0.088 ms clock, 0.96+0.68/0.77/0+0.70 ms cpu, 3->4->1 MB, 4 MB goal, 0 MB stacks, 0 MB globals, 8 P
gc 5220 @17.609s 9%: 0.11+0.58+0.093 ms clock, 0.95+0.75/0.72/0+0.74 ms cpu, 3->3->1 MB, 4 MB goal, 0 MB stacks, 0 MB globals, 8 P
gc 5221 @17.611s 9%: 0.14+1.0+0.058 ms clock, 1.1+0.85/0.72/0+0.46 ms cpu, 3->4->2 MB, 4 MB goal, 0 MB stacks, 0 MB globals, 8 P
gc 5222 @17.614s 9%: 0.13+0.83+0.097 ms clock, 1.0+0.69/0.93/0+0.78 ms cpu, 3->4->1 MB, 4 MB goal, 0 MB stacks, 0 MB globals, 8 P
gc 5223 @17.617s 9%: 0.14+1.0+0.055 ms clock, 1.1+0.72/0.75/0+0.44 ms cpu, 3->4->2 MB, 4 MB goal, 0 MB stacks, 0 MB globals, 8 P
gc 5224 @17.620s 9%: 0.095+0.61+0.082 ms clock, 0.76+0.74/0.77/0+0.66 ms cpu, 4->4->1 MB, 4 MB goal, 0 MB stacks, 0 MB globals, 8 P
gc 5225 @17.623s 9%: 0.096+0.60+0.059 ms clock, 0.76+0.82/0.71/0+0.47 ms cpu, 3->3->1 MB, 4 MB goal, 0 MB stacks, 0 MB globals, 8 P
gc 5226 @17.625s 9%: 0.11+0.58+0.072 ms clock, 0.94+0.58/0.76/0+0.57 ms cpu, 3->3->1 MB, 4 MB goal, 0 MB stacks, 0 MB globals, 8 P
gc 5227 @17.628s 9%: 0.087+0.73+0.085 ms clock, 0.69+0.76/0.77/0+0.68 ms cpu, 3->3->1 MB, 4 MB goal, 0 MB stacks, 0 MB globals, 8 P
gc 5228 @17.630s 9%: 0.070+0.70+0.13 ms clock, 0.56+0.73/0.76/0+1.0 ms cpu, 3->3->1 MB, 4 MB goal, 0 MB stacks, 0 MB globals, 8 P
gc 5229 @17.633s 9%: 0.099+0.78+0.11 ms clock, 0.79+0.57/0.73/0+0.94 ms cpu, 3->3->1 MB, 4 MB goal, 0 MB stacks, 0 MB globals, 8 P
gc 5230 @17.635s 9%: 0.14+0.61+0.12 ms clock, 1.1+0.62/0.75/0+0.97 ms cpu, 3->3->1 MB, 4 MB goal, 0 MB stacks, 0 MB globals, 8 P
gc 5231 @17.638s 9%: 0.10+0.87+0.087 ms clock, 0.83+0.84/0.68/0+0.69 ms cpu, 3->3->1 MB, 4 MB goal, 0 MB stacks, 0 MB globals, 8 P
gc 5232 @17.640s 9%: 0.14+0.67+0.10 ms clock, 1.1+0.78/0.88/0+0.87 ms cpu, 3->3->1 MB, 4 MB goal, 0 MB stacks, 0 MB globals, 8 P
gc 5233 @17.643s 9%: 0.089+1.0+0.10 ms clock, 0.71+0.72/0.87/0+0.85 ms cpu, 3->4->1 MB, 4 MB goal, 0 MB stacks, 0 MB globals, 8 P
gc 5234 @17.646s 9%: 0.096+0.70+0.10 ms clock, 0.76+0.79/0.75/0+0.80 ms cpu, 3->4->1 MB, 4 MB goal, 0 MB stacks, 0 MB globals, 8 P
gc 5235 @17.648s 9%: 0.11+0.59+0.069 ms clock, 0.91+0.85/0.73/0+0.55 ms cpu, 3->3->1 MB, 4 MB goal, 0 MB stacks, 0 MB globals, 8 P
gc 5236 @17.651s 9%: 0.16+0.92+0.040 ms clock, 1.3+0.75/0.77/0+0.32 ms cpu, 3->3->1 MB, 4 MB goal, 0 MB stacks, 0 MB globals, 8 P
gc 5237 @17.653s 9%: 0.10+0.67+0.068 ms clock, 0.85+0.70/0.76/0+0.54 ms cpu, 3->3->1 MB, 4 MB goal, 0 MB stacks, 0 MB globals, 8 P
gc 5238 @17.656s 9%: 0.14+0.89+0.091 ms clock, 1.1+0.65/0.83/0+0.73 ms cpu, 3->3->1 MB, 4 MB goal, 0 MB stacks, 0 MB globals, 8 P
gc 5239 @17.658s 9%: 0.11+0.81+0.060 ms clock, 0.94+0.70/0.80/0+0.48 ms cpu, 3->3->1 MB, 4 MB goal, 0 MB stacks, 0 MB globals, 8 P
gc 5240 @17.661s 9%: 0.10+1.1+0.098 ms clock, 0.82+0.70/0.80/0+0.79 ms cpu, 3->4->2 MB, 4 MB goal, 0 MB stacks, 0 MB globals, 8 P
gc 5241 @17.664s 9%: 0.13+1.1+0.10 ms clock, 1.0+1.6/0.76/0+0.85 ms cpu, 3->4->1 MB, 4 MB goal, 0 MB stacks, 0 MB globals, 8 P
gc 5242 @17.667s 9%: 0.096+1.0+0.093 ms clock, 0.77+0.93/0.71/0+0.74 ms cpu, 3->4->1 MB, 4 MB goal, 0 MB stacks, 0 MB globals, 8 P
gc 5243 @17.670s 9%: 0.079+0.91+0.12 ms clock, 0.63+0.57/0.81/0+1.0 ms cpu, 3->4->1 MB, 4 MB goal, 0 MB stacks, 0 MB globals, 8 P
gc 5244 @17.673s 9%: 0.12+0.53+0.10 ms clock, 0.96+0.74/0.69/0+0.80 ms cpu, 3->3->1 MB, 4 MB goal, 0 MB stacks, 0 MB globals, 8 P
gc 5245 @17.675s 9%: 0.17+1.0+0.045 ms clock, 1.3+0.61/0.93/0+0.36 ms cpu, 3->3->1 MB, 4 MB goal, 0 MB stacks, 0 MB globals, 8 P
gc 5246 @17.678s 9%: 0.085+0.60+0.12 ms clock, 0.68+0.69/0.85/0+0.99 ms cpu, 3->3->1 MB, 4 MB goal, 0 MB stacks, 0 MB globals, 8 P
gc 5247 @17.680s 9%: 0.12+0.87+0.090 ms clock, 1.0+0.70/0.77/0+0.72 ms cpu, 3->3->1 MB, 4 MB goal, 0 MB stacks, 0 MB globals, 8 P
gc 5248 @17.683s 9%: 0.14+0.52+0.088 ms clock, 1.1+0.78/0.73/0+0.70 ms cpu, 3->3->1 MB, 4 MB goal, 0 MB stacks, 0 MB globals, 8 P
gc 5249 @17.685s 9%: 0.14+0.81+0.076 ms clock, 1.1+0.77/0.71/0+0.61 ms cpu, 3->3->1 MB, 4 MB goal, 0 MB stacks, 0 MB globals, 8 P
gc 5250 @17.688s 9%: 0.16+0.55+0.069 ms clock, 1.3+0.73/0.73/0+0.55 ms cpu, 3->3->1 MB, 4 MB goal, 0 MB stacks, 0 MB globals, 8 P
gc 5251 @17.691s 9%: 0.12+0.78+0.099 ms clock, 0.97+0.78/0.84/0+0.79 ms cpu, 3->3->1 MB, 4 MB goal, 0 MB stacks, 0 MB globals, 8 P
gc 5252 @17.693s 9%: 0.12+0.65+0.11 ms clock, 0.98+0.64/0.75/0+0.92 ms cpu, 3->3->1 MB, 4 MB goal, 0 MB stacks, 0 MB globals, 8 P
gc 5253 @17.696s 9%: 0.089+0.64+0.081 ms clock, 0.71+0.91/0.80/0+0.65 ms cpu, 3->3->1 MB, 4 MB goal, 0 MB stacks, 0 MB globals, 8 P
gc 5254 @17.698s 9%: 0.15+0.53+0.046 ms clock, 1.2+0.79/0.68/0+0.37 ms cpu, 3->3->1 MB, 4 MB goal, 0 MB stacks, 0 MB globals, 8 P
gc 5255 @17.700s 9%: 0.099+0.66+0.10 ms clock, 0.79+0.55/0.79/0+0.80 ms cpu, 3->3->1 MB, 4 MB goal, 0 MB stacks, 0 MB globals, 8 P
gc 5256 @17.703s 9%: 0.082+0.90+0.070 ms clock, 0.65+1.2/0.68/0+0.56 ms cpu, 3->4->1 MB, 4 MB goal, 0 MB stacks, 0 MB globals, 8 P
gc 5257 @17.706s 9%: 0.11+1.0+0.070 ms clock, 0.91+0.67/0.81/0+0.56 ms cpu, 3->4->1 MB, 4 MB goal, 0 MB stacks, 0 MB globals, 8 P
gc 5258 @17.708s 9%: 0.098+0.91+0.10 ms clock, 0.78+0.86/0.76/0+0.80 ms cpu, 3->4->1 MB, 4 MB goal, 0 MB stacks, 0 MB globals, 8 P
gc 5259 @17.711s 9%: 0.11+0.78+0.13 ms clock, 0.93+0.77/0.74/0+1.0 ms cpu, 3->4->1 MB, 4 MB goal, 0 MB stacks, 0 MB globals, 8 P
gc 5260 @17.714s 9%: 0.098+0.60+0.084 ms clock, 0.78+0.81/0.71/0+0.67 ms cpu, 3->3->1 MB, 4 MB goal, 0 MB stacks, 0 MB globals, 8 P
gc 5261 @17.716s 9%: 0.12+0.73+0.092 ms clock, 0.98+0.78/0.89/0+0.74 ms cpu, 3->3->1 MB, 4 MB goal, 0 MB stacks, 0 MB globals, 8 P
gc 5262 @17.719s 9%: 0.11+1.0+0.095 ms clock, 0.91+0.68/0.85/0+0.76 ms cpu, 3->3->1 MB, 4 MB goal, 0 MB stacks, 0 MB globals, 8 P
gc 5263 @17.721s 9%: 0.14+0.79+0.089 ms clock, 1.1+0.73/0.64/0+0.71 ms cpu, 3->3->1 MB, 4 MB goal, 0 MB stacks, 0 MB globals, 8 P
gc 5264 @17.724s 9%: 0.097+0.61+0.063 ms clock, 0.77+0.80/0.71/0+0.50 ms cpu, 3->3->1 MB, 4 MB goal, 0 MB stacks, 0 MB globals, 8 P
gc 5265 @17.727s 9%: 0.10+0.61+0.10 ms clock, 0.85+0.87/0.78/0+0.83 ms cpu, 3->3->1 MB, 4 MB goal, 0 MB stacks, 0 MB globals, 8 P
gc 5266 @17.729s 9%: 0.11+0.59+0.072 ms clock, 0.90+0.65/0.72/0+0.58 ms cpu, 3->3->1 MB, 4 MB goal, 0 MB stacks, 0 MB globals, 8 P
gc 5267 @17.731s 9%: 0.20+1.1+0.068 ms clock, 1.6+0.87/0.77/0+0.54 ms cpu, 3->4->2 MB, 4 MB goal, 0 MB stacks, 0 MB globals, 8 P
gc 5268 @17.735s 9%: 0.11+0.61+0.076 ms clock, 0.93+0.79/0.81/0+0.61 ms cpu, 3->4->1 MB, 4 MB goal, 0 MB stacks, 0 MB globals, 8 P
gc 5269 @17.737s 9%: 0.11+1.0+0.090 ms clock, 0.89+0.78/0.80/0+0.72 ms cpu, 3->4->1 MB, 4 MB goal, 0 MB stacks, 0 MB globals, 8 P
gc 5270 @17.740s 9%: 0.13+0.57+0.10 ms clock, 1.1+0.74/0.77/0+0.86 ms cpu, 3->4->1 MB, 4 MB goal, 0 MB stacks, 0 MB globals, 8 P
gc 5271 @17.742s 9%: 0.19+0.76+0.10 ms clock, 1.5+0.65/0.95/0+0.81 ms cpu, 3->3->1 MB, 4 MB goal, 0 MB stacks, 0 MB globals, 8 P
gc 5272 @17.745s 9%: 0.10+0.85+0.089 ms clock, 0.80+0.61/0.72/0+0.71 ms cpu, 3->4->1 MB, 4 MB goal, 0 MB stacks, 0 MB globals, 8 P
gc 5273 @17.748s 9%: 0.14+0.73+0.061 ms clock, 1.1+0.64/0.76/0+0.49 ms cpu, 3->3->1 MB, 4 MB goal, 0 MB stacks, 0 MB globals, 8 P
gc 5274 @17.750s 9%: 0.069+0.66+0.13 ms clock, 0.55+0.85/0.82/0+1.0 ms cpu, 3->3->1 MB, 4 MB goal, 0 MB stacks, 0 MB globals, 8 P
gc 5275 @17.753s 9%: 0.14+0.57+0.071 ms clock, 1.1+0.68/0.83/0+0.57 ms cpu, 3->3->1 MB, 4 MB goal, 0 MB stacks, 0 MB globals, 8 P
gc 5276 @17.755s 9%: 0.10+1.1+0.10 ms clock, 0.87+0.57/0.82/0+0.80 ms cpu, 3->4->1 MB, 4 MB goal, 0 MB stacks, 0 MB globals, 8 P
gc 5277 @17.758s 9%: 0.16+0.75+0.094 ms clock, 1.3+0.62/0.83/0+0.75 ms cpu, 3->4->1 MB, 4 MB goal, 0 MB stacks, 0 MB globals, 8 P
gc 5278 @17.761s 9%: 0.12+0.70+0.078 ms clock, 1.0+0.70/0.89/0+0.62 ms cpu, 3->3->1 MB, 4 MB goal, 0 MB stacks, 0 MB globals, 8 P
gc 5279 @17.763s 9%: 0.099+0.61+0.094 ms clock, 0.79+0.79/0.69/0+0.75 ms cpu, 3->3->1 MB, 4 MB goal, 0 MB stacks, 0 MB globals, 8 P
gc 5280 @17.766s 9%: 0.12+0.61+0.097 ms clock, 1.0+0.69/0.77/0+0.78 ms cpu, 3->3->1 MB, 4 MB goal, 0 MB stacks, 0 MB globals, 8 P
gc 5281 @17.768s 9%: 0.12+0.62+0.097 ms clock, 0.99+0.79/0.88/0+0.77 ms cpu, 3->3->1 MB, 4 MB goal, 0 MB stacks, 0 MB globals, 8 P
gc 5282 @17.771s 9%: 0.11+0.58+0.092 ms clock, 0.91+0.76/0.83/0+0.73 ms cpu, 3->3->1 MB, 4 MB goal, 0 MB stacks, 0 MB globals, 8 P
gc 5283 @17.773s 9%: 0.14+0.50+0.081 ms clock, 1.1+0.68/0.72/0+0.65 ms cpu, 3->3->1 MB, 4 MB goal, 0 MB stacks, 0 MB globals, 8 P
gc 5284 @17.775s 9%: 0.10+0.79+0.042 ms clock, 0.87+0.80/0.88/0+0.34 ms cpu, 3->3->1 MB, 4 MB goal, 0 MB stacks, 0 MB globals, 8 P
gc 5285 @17.778s 9%: 0.14+0.60+0.065 ms clock, 1.1+0.59/0.79/0+0.52 ms cpu, 3->3->1 MB, 4 MB goal, 0 MB stacks, 0 MB globals, 8 P
gc 5286 @17.781s 9%: 0.12+0.51+0.10 ms clock, 0.97+0.81/0.66/0+0.81 ms cpu, 3->3->1 MB, 4 MB goal, 0 MB stacks, 0 MB globals, 8 P
gc 5287 @17.783s 9%: 0.11+0.58+0.11 ms clock, 0.88+0.76/0.74/0+0.91 ms cpu, 3->3->1 MB, 4 MB goal, 0 MB stacks, 0 MB globals, 8 P
gc 5288 @17.785s 9%: 0.11+0.64+0.044 ms clock, 0.91+0.77/0.91/0+0.35 ms cpu, 3->3->1 MB, 4 MB goal, 0 MB stacks, 0 MB globals, 8 P
gc 5289 @17.788s 9%: 0.13+1.1+0.098 ms clock, 1.1+0.80/0.70/0+0.78 ms cpu, 3->4->1 MB, 4 MB goal, 0 MB stacks, 0 MB globals, 8 P
gc 5290 @17.791s 9%: 0.11+0.56+0.096 ms clock, 0.89+0.83/0.66/0+0.77 ms cpu, 3->4->1 MB, 4 MB goal, 0 MB stacks, 0 MB globals, 8 P
gc 5291 @17.793s 9%: 0.11+0.61+0.084 ms clock, 0.91+0.81/0.67/0+0.67 ms cpu, 3->3->1 MB, 4 MB goal, 0 MB stacks, 0 MB globals, 8 P
gc 5292 @17.796s 9%: 0.13+1.0+0.12 ms clock, 1.0+0.74/0.71/0+1.0 ms cpu, 3->4->1 MB, 4 MB goal, 0 MB stacks, 0 MB globals, 8 P
gc 5293 @17.799s 9%: 0.094+0.57+0.10 ms clock, 0.75+0.73/0.78/0+0.85 ms cpu, 3->3->1 MB, 4 MB goal, 0 MB stacks, 0 MB globals, 8 P
gc 5294 @17.801s 9%: 0.078+0.60+0.12 ms clock, 0.62+0.73/0.79/0+1.0 ms cpu, 3->3->1 MB, 4 MB goal, 0 MB stacks, 0 MB globals, 8 P
gc 5295 @17.804s 9%: 0.094+0.75+0.14 ms clock, 0.75+0.79/0.74/0+1.1 ms cpu, 3->3->1 MB, 4 MB goal, 0 MB stacks, 0 MB globals, 8 P
gc 5296 @17.806s 9%: 0.092+0.87+0.11 ms clock, 0.74+0.72/0.73/0+0.93 ms cpu, 3->3->1 MB, 4 MB goal, 0 MB stacks, 0 MB globals, 8 P
gc 5297 @17.809s 9%: 0.091+0.53+0.13 ms clock, 0.73+0.75/0.77/0+1.0 ms cpu, 3->3->1 MB, 4 MB goal, 0 MB stacks, 0 MB globals, 8 P
gc 5298 @17.811s 9%: 0.074+0.62+0.14 ms clock, 0.59+0.75/0.79/0+1.1 ms cpu, 3->3->1 MB, 4 MB goal, 0 MB stacks, 0 MB globals, 8 P
gc 5299 @17.814s 9%: 0.14+1.0+0.090 ms clock, 1.1+0.84/0.80/0+0.72 ms cpu, 3->4->1 MB, 4 MB goal, 0 MB stacks, 0 MB globals, 8 P
gc 5300 @17.817s 9%: 0.10+0.65+0.10 ms clock, 0.87+0.72/0.77/0+0.83 ms cpu, 3->4->1 MB, 4 MB goal, 0 MB stacks, 0 MB globals, 8 P
gc 5301 @17.819s 9%: 0.12+0.79+0.099 ms clock, 0.98+0.83/0.76/0+0.79 ms cpu, 3->3->1 MB, 4 MB goal, 0 MB stacks, 0 MB globals, 8 P
gc 5302 @17.822s 9%: 0.086+1.0+0.091 ms clock, 0.69+0.59/0.79/0+0.73 ms cpu, 3->3->1 MB, 4 MB goal, 0 MB stacks, 0 MB globals, 8 P
gc 5303 @17.824s 9%: 0.12+1.2+0.084 ms clock, 1.0+0.74/0.82/0+0.67 ms cpu, 3->4->1 MB, 4 MB goal, 0 MB stacks, 0 MB globals, 8 P
gc 5304 @17.827s 9%: 0.11+0.65+0.089 ms clock, 0.94+0.85/0.66/0+0.71 ms cpu, 3->3->1 MB, 4 MB goal, 0 MB stacks, 0 MB globals, 8 P
gc 5305 @17.830s 9%: 0.087+0.65+0.10 ms clock, 0.70+0.75/0.77/0+0.85 ms cpu, 3->3->1 MB, 4 MB goal, 0 MB stacks, 0 MB globals, 8 P
gc 5306 @17.832s 9%: 0.15+0.99+0.077 ms clock, 1.2+0.66/0.85/0+0.61 ms cpu, 3->3->1 MB, 4 MB goal, 0 MB stacks, 0 MB globals, 8 P
gc 5307 @17.835s 9%: 0.18+0.73+0.095 ms clock, 1.4+0.79/0.71/0+0.76 ms cpu, 3->3->1 MB, 4 MB goal, 0 MB stacks, 0 MB globals, 8 P
gc 5308 @17.837s 9%: 0.060+0.83+0.090 ms clock, 0.48+1.2/0.84/0+0.72 ms cpu, 3->3->1 MB, 4 MB goal, 0 MB stacks, 0 MB globals, 8 P
gc 5309 @17.840s 9%: 0.11+0.74+0.12 ms clock, 0.93+0.83/0.74/0+0.96 ms cpu, 3->3->1 MB, 4 MB goal, 0 MB stacks, 0 MB globals, 8 P
gc 5310 @17.842s 9%: 0.10+0.69+0.13 ms clock, 0.87+0.83/0.87/0+1.0 ms cpu, 3->3->1 MB, 4 MB goal, 0 MB stacks, 0 MB globals, 8 P
gc 5311 @17.845s 9%: 0.12+0.55+0.13 ms clock, 0.98+0.89/0.75/0+1.0 ms cpu, 3->3->1 MB, 4 MB goal, 0 MB stacks, 0 MB globals, 8 P
gc 5312 @17.847s 9%: 0.15+0.86+0.095 ms clock, 1.2+0.81/0.94/0+0.76 ms cpu, 3->3->1 MB, 4 MB goal, 0 MB stacks, 0 MB globals, 8 P
gc 5313 @17.850s 9%: 0.094+0.66+0.084 ms clock, 0.75+0.86/0.85/0+0.67 ms cpu, 3->3->1 MB, 4 MB goal, 0 MB stacks, 0 MB globals, 8 P
gc 5314 @17.852s 9%: 0.13+1.0+0.087 ms clock, 1.1+1.0/1.0/0+0.70 ms cpu, 3->4->1 MB, 4 MB goal, 0 MB stacks, 0 MB globals, 8 P
gc 5315 @17.855s 9%: 0.090+0.87+0.090 ms clock, 0.72+0.75/1.0/0+0.72 ms cpu, 3->4->1 MB, 4 MB goal, 0 MB stacks, 0 MB globals, 8 P
gc 5316 @17.858s 9%: 0.10+0.72+0.080 ms clock, 0.84+0.81/0.80/0+0.64 ms cpu, 3->3->1 MB, 4 MB goal, 0 MB stacks, 0 MB globals, 8 P
gc 5317 @17.860s 9%: 0.15+0.63+0.10 ms clock, 1.2+0.89/0.74/0+0.86 ms cpu, 3->3->1 MB, 4 MB goal, 0 MB stacks, 0 MB globals, 8 P
gc 5318 @17.863s 9%: 0.10+0.62+0.12 ms clock, 0.82+0.58/0.83/0+1.0 ms cpu, 3->3->1 MB, 4 MB goal, 0 MB stacks, 0 MB globals, 8 P
gc 5319 @17.865s 9%: 0.10+0.63+0.097 ms clock, 0.85+0.73/0.71/0+0.77 ms cpu, 3->3->1 MB, 4 MB goal, 0 MB stacks, 0 MB globals, 8 P
gc 5320 @17.868s 9%: 0.13+0.55+0.091 ms clock, 1.0+0.82/0.76/0+0.73 ms cpu, 3->3->1 MB, 4 MB goal, 0 MB stacks, 0 MB globals, 8 P
gc 5321 @17.870s 9%: 0.14+0.74+0.063 ms clock, 1.1+0.71/0.85/0+0.50 ms cpu, 3->3->1 MB, 4 MB goal, 0 MB stacks, 0 MB globals, 8 P
gc 5322 @17.873s 9%: 0.079+0.57+0.060 ms clock, 0.63+0.71/0.77/0+0.48 ms cpu, 3->3->1 MB, 4 MB goal, 0 MB stacks, 0 MB globals, 8 P
gc 5323 @17.875s 9%: 0.14+0.93+0.14 ms clock, 1.1+0.62/0.93/0+1.1 ms cpu, 3->4->1 MB, 4 MB goal, 0 MB stacks, 0 MB globals, 8 P
gc 5324 @17.878s 9%: 0.20+0.70+0.10 ms clock, 1.6+0.86/0.80/0+0.82 ms cpu, 3->4->1 MB, 4 MB goal, 0 MB stacks, 0 MB globals, 8 P
gc 5325 @17.881s 9%: 0.15+0.81+0.066 ms clock, 1.2+0.83/0.72/0+0.53 ms cpu, 3->3->1 MB, 4 MB goal, 0 MB stacks, 0 MB globals, 8 P
gc 5326 @17.883s 9%: 0.14+0.57+0.065 ms clock, 1.1+0.78/0.70/0+0.52 ms cpu, 3->3->1 MB, 4 MB goal, 0 MB stacks, 0 MB globals, 8 P
gc 5327 @17.886s 9%: 0.081+0.59+0.11 ms clock, 0.64+0.83/0.73/0+0.88 ms cpu, 3->3->1 MB, 4 MB goal, 0 MB stacks, 0 MB globals, 8 P
gc 5328 @17.888s 9%: 0.10+0.59+0.051 ms clock, 0.86+0.73/0.75/0+0.41 ms cpu, 3->3->1 MB, 4 MB goal, 0 MB stacks, 0 MB globals, 8 P
gc 5329 @17.891s 9%: 0.14+1.0+0.10 ms clock, 1.1+0.72/0.77/0+0.85 ms cpu, 3->4->1 MB, 4 MB goal, 0 MB stacks, 0 MB globals, 8 P
gc 5330 @17.893s 9%: 0.11+0.68+0.10 ms clock, 0.91+0.67/0.82/0+0.82 ms cpu, 3->4->1 MB, 4 MB goal, 0 MB stacks, 0 MB globals, 8 P
gc 5331 @17.896s 9%: 0.18+0.52+0.060 ms clock, 1.5+0.79/0.70/0+0.48 ms cpu, 3->3->1 MB, 4 MB goal, 0 MB stacks, 0 MB globals, 8 P
gc 5332 @17.898s 9%: 0.14+0.63+0.098 ms clock, 1.1+0.70/0.83/0+0.78 ms cpu, 3->3->1 MB, 4 MB goal, 0 MB stacks, 0 MB globals, 8 P
gc 5333 @17.901s 9%: 0.13+0.52+0.10 ms clock, 1.0+0.74/0.67/0+0.85 ms cpu, 3->3->1 MB, 4 MB goal, 0 MB stacks, 0 MB globals, 8 P
gc 5334 @17.903s 9%: 0.095+0.59+0.14 ms clock, 0.76+0.69/0.75/0+1.1 ms cpu, 3->3->1 MB, 4 MB goal, 0 MB stacks, 0 MB globals, 8 P
gc 5335 @17.906s 9%: 0.079+0.53+0.11 ms clock, 0.63+0.90/0.63/0+0.89 ms cpu, 3->3->1 MB, 4 MB goal, 0 MB stacks, 0 MB globals, 8 P
gc 5336 @17.908s 9%: 0.14+0.60+0.045 ms clock, 1.1+0.77/0.73/0+0.36 ms cpu, 3->3->1 MB, 4 MB goal, 0 MB stacks, 0 MB globals, 8 P
gc 5337 @17.911s 9%: 0.070+0.92+0.12 ms clock, 0.56+1.3/0.89/0+1.0 ms cpu, 3->3->1 MB, 4 MB goal, 0 MB stacks, 0 MB globals, 8 P
gc 5338 @17.913s 9%: 0.060+0.61+0.11 ms clock, 0.48+0.79/0.72/0+0.88 ms cpu, 3->3->1 MB, 4 MB goal, 0 MB stacks, 0 MB globals, 8 P
gc 5339 @17.916s 9%: 0.13+0.59+0.064 ms clock, 1.1+0.76/0.76/0+0.51 ms cpu, 3->3->1 MB, 4 MB goal, 0 MB stacks, 0 MB globals, 8 P
gc 5340 @17.918s 9%: 0.14+0.75+0.13 ms clock, 1.1+1.2/0.89/0+1.1 ms cpu, 3->3->1 MB, 4 MB goal, 0 MB stacks, 0 MB globals, 8 P
gc 5341 @17.921s 9%: 0.094+0.55+0.088 ms clock, 0.75+0.85/0.77/0+0.71 ms cpu, 3->3->1 MB, 4 MB goal, 0 MB stacks, 0 MB globals, 8 P
gc 5342 @17.923s 9%: 0.11+0.88+0.073 ms clock, 0.91+0.65/0.74/0+0.58 ms cpu, 3->3->1 MB, 4 MB goal, 0 MB stacks, 0 MB globals, 8 P
gc 5343 @17.926s 9%: 0.14+0.77+0.10 ms clock, 1.1+0.68/0.69/0+0.85 ms cpu, 3->3->1 MB, 4 MB goal, 0 MB stacks, 0 MB globals, 8 P
gc 5344 @17.929s 9%: 0.12+0.73+0.064 ms clock, 1.0+0.76/0.88/0+0.51 ms cpu, 3->3->1 MB, 4 MB goal, 0 MB stacks, 0 MB globals, 8 P
gc 5345 @17.931s 9%: 0.11+0.59+0.12 ms clock, 0.90+0.72/0.75/0+0.97 ms cpu, 3->3->1 MB, 4 MB goal, 0 MB stacks, 0 MB globals, 8 P
gc 5346 @17.934s 9%: 0.14+0.44+0.077 ms clock, 1.1+0.79/0.69/0.078+0.61 ms cpu, 3->3->1 MB, 4 MB goal, 0 MB stacks, 0 MB globals, 8 P
gc 5347 @17.936s 9%: 0.11+0.83+0.10 ms clock, 0.89+0.71/0.81/0+0.84 ms cpu, 3->3->1 MB, 4 MB goal, 0 MB stacks, 0 MB globals, 8 P
gc 5348 @17.938s 9%: 0.12+0.53+0.080 ms clock, 0.98+0.76/0.73/0+0.64 ms cpu, 3->3->1 MB, 4 MB goal, 0 MB stacks, 0 MB globals, 8 P
gc 5349 @17.941s 9%: 0.12+0.63+0.080 ms clock, 1.0+0.73/0.71/0+0.64 ms cpu, 3->3->1 MB, 4 MB goal, 0 MB stacks, 0 MB globals, 8 P
gc 5350 @17.943s 9%: 0.14+0.61+0.13 ms clock, 1.1+0.66/0.81/0+1.0 ms cpu, 3->3->1 MB, 4 MB goal, 0 MB stacks, 0 MB globals, 8 P
gc 5351 @17.946s 9%: 0.10+0.61+0.097 ms clock, 0.83+0.85/0.76/0+0.78 ms cpu, 3->3->1 MB, 4 MB goal, 0 MB stacks, 0 MB globals, 8 P
gc 5352 @17.948s 9%: 0.14+0.98+0.098 ms clock, 1.1+0.82/0.76/0+0.78 ms cpu, 3->3->1 MB, 4 MB goal, 0 MB stacks, 0 MB globals, 8 P
gc 5353 @17.951s 9%: 0.11+0.59+0.12 ms clock, 0.90+0.76/0.76/0+1.0 ms cpu, 3->3->1 MB, 4 MB goal, 0 MB stacks, 0 MB globals, 8 P
gc 5354 @17.953s 9%: 0.13+0.65+0.13 ms clock, 1.0+0.77/0.70/0+1.0 ms cpu, 3->3->1 MB, 4 MB goal, 0 MB stacks, 0 MB globals, 8 P
gc 5355 @17.956s 9%: 0.10+0.61+0.073 ms clock, 0.84+0.80/0.83/0+0.58 ms cpu, 3->3->1 MB, 4 MB goal, 0 MB stacks, 0 MB globals, 8 P
gc 5356 @17.959s 9%: 0.086+0.99+0.086 ms clock, 0.68+0.77/0.71/0+0.68 ms cpu, 3->3->1 MB, 4 MB goal, 0 MB stacks, 0 MB globals, 8 P
gc 5357 @17.961s 9%: 0.11+1.0+0.044 ms clock, 0.91+0.68/0.75/0+0.35 ms cpu, 3->4->1 MB, 4 MB goal, 0 MB stacks, 0 MB globals, 8 P
gc 5358 @17.964s 9%: 0.10+0.76+0.086 ms clock, 0.83+0.84/0.76/0+0.68 ms cpu, 3->4->1 MB, 4 MB goal, 0 MB stacks, 0 MB globals, 8 P
gc 5359 @17.967s 9%: 0.13+0.64+0.059 ms clock, 1.1+0.79/0.69/0+0.47 ms cpu, 3->3->1 MB, 4 MB goal, 0 MB stacks, 0 MB globals, 8 P
gc 5360 @17.969s 9%: 0.10+0.65+0.18 ms clock, 0.87+0.73/0.87/0+1.4 ms cpu, 3->3->1 MB, 4 MB goal, 0 MB stacks, 0 MB globals, 8 P
gc 5361 @17.972s 9%: 0.18+0.53+0.083 ms clock, 1.4+0.82/0.75/0+0.66 ms cpu, 3->3->1 MB, 4 MB goal, 0 MB stacks, 0 MB globals, 8 P
gc 5362 @17.974s 9%: 0.079+0.61+0.088 ms clock, 0.63+0.95/0.71/0+0.70 ms cpu, 3->3->1 MB, 4 MB goal, 0 MB stacks, 0 MB globals, 8 P
gc 5363 @17.977s 9%: 0.12+0.56+0.11 ms clock, 0.96+0.69/0.79/0+0.89 ms cpu, 3->3->1 MB, 4 MB goal, 0 MB stacks, 0 MB globals, 8 P
gc 5364 @17.979s 9%: 0.10+0.70+0.12 ms clock, 0.85+0.76/0.76/0+1.0 ms cpu, 3->3->1 MB, 4 MB goal, 0 MB stacks, 0 MB globals, 8 P
gc 5365 @17.982s 9%: 0.12+1.5+0.089 ms clock, 0.98+0.78/0.86/0+0.71 ms cpu, 3->4->2 MB, 4 MB goal, 0 MB stacks, 0 MB globals, 8 P
gc 5366 @17.985s 9%: 0.17+0.60+0.089 ms clock, 1.3+0.73/0.82/0+0.71 ms cpu, 3->4->1 MB, 4 MB goal, 0 MB stacks, 0 MB globals, 8 P
gc 5367 @17.988s 9%: 0.15+1.0+0.081 ms clock, 1.2+0.81/0.79/0+0.65 ms cpu, 3->4->2 MB, 4 MB goal, 0 MB stacks, 0 MB globals, 8 P
gc 5368 @17.991s 9%: 0.12+0.53+0.084 ms clock, 0.97+0.80/0.77/0+0.67 ms cpu, 3->4->1 MB, 4 MB goal, 0 MB stacks, 0 MB globals, 8 P
gc 5369 @17.993s 9%: 0.17+0.61+0.060 ms clock, 1.3+0.66/0.81/0+0.48 ms cpu, 3->3->1 MB, 4 MB goal, 0 MB stacks, 0 MB globals, 8 P
gc 5370 @17.996s 9%: 0.14+0.78+0.092 ms clock, 1.1+0.61/0.88/0+0.73 ms cpu, 3->3->1 MB, 4 MB goal, 0 MB stacks, 0 MB globals, 8 P
gc 5371 @17.998s 9%: 0.13+0.65+0.079 ms clock, 1.1+0.69/0.79/0+0.63 ms cpu, 3->3->1 MB, 4 MB goal, 0 MB stacks, 0 MB globals, 8 P
gc 5372 @18.001s 9%: 0.098+0.91+0.061 ms clock, 0.78+0.75/0.70/0+0.48 ms cpu, 3->3->1 MB, 4 MB goal, 0 MB stacks, 0 MB globals, 8 P
gc 5373 @18.004s 9%: 0.099+0.75+0.076 ms clock, 0.79+0.75/0.72/0+0.61 ms cpu, 3->3->1 MB, 4 MB goal, 0 MB stacks, 0 MB globals, 8 P
gc 5374 @18.006s 9%: 0.11+0.57+0.10 ms clock, 0.91+0.68/0.74/0+0.85 ms cpu, 3->3->1 MB, 4 MB goal, 0 MB stacks, 0 MB globals, 8 P
gc 5375 @18.009s 9%: 0.12+0.61+0.12 ms clock, 1.0+0.72/0.79/0+0.98 ms cpu, 3->3->1 MB, 4 MB goal, 0 MB stacks, 0 MB globals, 8 P
gc 5376 @18.011s 9%: 0.13+0.66+0.086 ms clock, 1.1+0.88/0.64/0+0.69 ms cpu, 3->3->1 MB, 4 MB goal, 0 MB stacks, 0 MB globals, 8 P
gc 5377 @18.014s 9%: 0.10+0.72+0.17 ms clock, 0.84+0.75/0.78/0+1.4 ms cpu, 3->3->1 MB, 4 MB goal, 0 MB stacks, 0 MB globals, 8 P
gc 5378 @18.016s 9%: 0.12+0.64+0.060 ms clock, 0.99+0.84/0.76/0+0.48 ms cpu, 3->3->1 MB, 4 MB goal, 0 MB stacks, 0 MB globals, 8 P
gc 5379 @18.019s 9%: 0.10+0.57+0.081 ms clock, 0.83+0.70/0.75/0+0.64 ms cpu, 3->3->1 MB, 4 MB goal, 0 MB stacks, 0 MB globals, 8 P
gc 5380 @18.021s 9%: 0.10+0.59+0.094 ms clock, 0.84+0.68/0.76/0+0.75 ms cpu, 3->3->1 MB, 4 MB goal, 0 MB stacks, 0 MB globals, 8 P
gc 5381 @18.024s 9%: 0.11+0.89+0.077 ms clock, 0.93+0.62/0.83/0+0.61 ms cpu, 3->4->1 MB, 4 MB goal, 0 MB stacks, 0 MB globals, 8 P
gc 5382 @18.026s 9%: 0.12+0.55+0.11 ms clock, 0.99+0.80/0.72/0+0.94 ms cpu, 3->3->1 MB, 4 MB goal, 0 MB stacks, 0 MB globals, 8 P
gc 5383 @18.029s 9%: 0.081+0.99+0.11 ms clock, 0.65+0.89/0.71/0+0.89 ms cpu, 3->3->1 MB, 4 MB goal, 0 MB stacks, 0 MB globals, 8 P
gc 5384 @18.031s 9%: 0.12+0.64+0.12 ms clock, 1.0+0.74/0.90/0+0.98 ms cpu, 3->3->1 MB, 4 MB goal, 0 MB stacks, 0 MB globals, 8 P
gc 5385 @18.034s 9%: 0.10+0.57+0.18 ms clock, 0.86+0.62/0.83/0+1.4 ms cpu, 3->3->1 MB, 4 MB goal, 0 MB stacks, 0 MB globals, 8 P
gc 5386 @18.036s 9%: 0.16+1.1+0.13 ms clock, 1.2+0.82/0.87/0+1.0 ms cpu, 3->4->2 MB, 4 MB goal, 0 MB stacks, 0 MB globals, 8 P
gc 5387 @18.039s 9%: 0.12+0.65+0.095 ms clock, 0.99+0.74/0.83/0+0.76 ms cpu, 3->4->1 MB, 4 MB goal, 0 MB stacks, 0 MB globals, 8 P
gc 5388 @18.042s 9%: 0.17+0.61+0.12 ms clock, 1.3+0.80/0.79/0+0.99 ms cpu, 3->3->1 MB, 4 MB goal, 0 MB stacks, 0 MB globals, 8 P
gc 5389 @18.044s 9%: 0.10+0.88+0.095 ms clock, 0.85+0.72/0.80/0+0.76 ms cpu, 3->3->1 MB, 4 MB goal, 0 MB stacks, 0 MB globals, 8 P
gc 5390 @18.047s 9%: 0.061+0.79+0.099 ms clock, 0.48+0.82/0.75/0+0.79 ms cpu, 3->3->1 MB, 4 MB goal, 0 MB stacks, 0 MB globals, 8 P
gc 5391 @18.050s 9%: 0.14+0.68+0.061 ms clock, 1.1+0.76/0.76/0+0.49 ms cpu, 3->3->1 MB, 4 MB goal, 0 MB stacks, 0 MB globals, 8 P
gc 5392 @18.052s 9%: 0.11+0.57+0.057 ms clock, 0.89+0.73/0.85/0+0.46 ms cpu, 3->3->1 MB, 4 MB goal, 0 MB stacks, 0 MB globals, 8 P
gc 5393 @18.055s 9%: 0.10+1.1+0.064 ms clock, 0.82+0.71/0.76/0+0.51 ms cpu, 3->4->1 MB, 4 MB goal, 0 MB stacks, 0 MB globals, 8 P
gc 5394 @18.057s 9%: 0.12+0.59+0.087 ms clock, 1.0+0.84/0.83/0+0.69 ms cpu, 3->3->1 MB, 4 MB goal, 0 MB stacks, 0 MB globals, 8 P
