2026/03/14 22:20:03 no config path specified; using /var/lib/derper/derper.key
2026/03/14 22:20:03 STUN server listening on [::]:3478
2026/03/14 22:20:03 No mesh key configured
2026/03/14 22:20:03 derper: serving on :3340 with TLS
2026/03/14 22:20:07 http: TLS handshake error from 10.10.0.3:37310: unexpected EOF
gc 1 @4.033s 0%: 0.016+2.4+0.038 ms clock, 0.033+0.73/1.1/0+0.076 ms cpu, 3->4->1 MB, 4 MB goal, 0 MB stacks, 0 MB globals, 2 P
gc 2 @4.043s 0%: 0.063+2.5+0.096 ms clock, 0.12+0.85/0.61/0+0.19 ms cpu, 3->3->1 MB, 4 MB goal, 0 MB stacks, 0 MB globals, 2 P
gc 3 @4.053s 0%: 0.071+2.9+0.093 ms clock, 0.14+0.80/0.70/0+0.18 ms cpu, 3->3->1 MB, 4 MB goal, 0 MB stacks, 0 MB globals, 2 P
gc 4 @4.063s 0%: 0.036+1.1+0.003 ms clock, 0.073+0.83/0.53/0+0.007 ms cpu, 3->3->1 MB, 4 MB goal, 0 MB stacks, 0 MB globals, 2 P
gc 5 @4.073s 0%: 0.032+1.4+0.004 ms clock, 0.065+0.52/0.89/0+0.009 ms cpu, 3->3->1 MB, 4 MB goal, 0 MB stacks, 0 MB globals, 2 P
gc 6 @4.082s 0%: 0.068+1.3+0.003 ms clock, 0.13+0.68/0.69/0+0.007 ms cpu, 3->3->1 MB, 4 MB goal, 0 MB stacks, 0 MB globals, 2 P
gc 7 @4.092s 0%: 0.018+2.9+0.004 ms clock, 0.036+0.43/0.35/0+0.008 ms cpu, 3->3->1 MB, 4 MB goal, 0 MB stacks, 0 MB globals, 2 P
gc 8 @4.102s 0%: 0.065+1.1+0.002 ms clock, 0.13+0.77/0.65/0+0.005 ms cpu, 3->3->1 MB, 4 MB goal, 0 MB stacks, 0 MB globals, 2 P
gc 9 @4.112s 0%: 0.050+1.5+0.022 ms clock, 0.10+0.65/0.88/0+0.045 ms cpu, 3->3->1 MB, 4 MB goal, 0 MB stacks, 0 MB globals, 2 P
gc 10 @4.122s 0%: 0.049+1.1+0.015 ms clock, 0.098+0.78/0.54/0+0.031 ms cpu, 3->3->1 MB, 4 MB goal, 0 MB stacks, 0 MB globals, 2 P
gc 11 @4.132s 0%: 0.059+2.4+0.047 ms clock, 0.11+0.77/0.60/0+0.094 ms cpu, 3->3->1 MB, 4 MB goal, 0 MB stacks, 0 MB globals, 2 P
gc 12 @4.142s 0%: 0.051+1.3+0.013 ms clock, 0.10+0.45/0.75/0+0.027 ms cpu, 3->3->1 MB, 4 MB goal, 0 MB stacks, 0 MB globals, 2 P
gc 13 @4.152s 0%: 0.056+1.0+0.028 ms clock, 0.11+0.77/0.52/0+0.056 ms cpu, 3->3->1 MB, 4 MB goal, 0 MB stacks, 0 MB globals, 2 P
gc 14 @4.162s 0%: 0.051+0.99+0.002 ms clock, 0.10+0.56/0.52/0+0.005 ms cpu, 3->3->1 MB, 4 MB goal, 0 MB stacks, 0 MB globals, 2 P
gc 15 @4.171s 0%: 0.014+0.98+0.005 ms clock, 0.029+0.75/0.50/0+0.010 ms cpu, 3->3->1 MB, 4 MB goal, 0 MB stacks, 0 MB globals, 2 P
gc 16 @4.181s 0%: 0.057+0.96+0.024 ms clock, 0.11+0.70/0.56/0+0.048 ms cpu, 3->3->1 MB, 4 MB goal, 0 MB stacks, 0 MB globals, 2 P
gc 17 @4.192s 0%: 0.019+0.92+0.002 ms clock, 0.039+0.71/0.48/0+0.005 ms cpu, 3->3->1 MB, 4 MB goal, 0 MB stacks, 0 MB globals, 2 P
gc 18 @4.203s 0%: 0.020+2.7+0.020 ms clock, 0.041+0.72/0.49/0+0.040 ms cpu, 3->3->1 MB, 4 MB goal, 0 MB stacks, 0 MB globals, 2 P
gc 19 @4.213s 0%: 0.014+1.0+0.018 ms clock, 0.028+0.62/0.59/0+0.037 ms cpu, 3->3->1 MB, 4 MB goal, 0 MB stacks, 0 MB globals, 2 P
gc 20 @4.223s 0%: 0.045+0.88+0.024 ms clock, 0.091+0.67/0.50/0+0.048 ms cpu, 3->3->1 MB, 4 MB goal, 0 MB stacks, 0 MB globals, 2 P
gc 21 @4.233s 0%: 0.060+1.1+0.019 ms clock, 0.12+0.60/0.57/0+0.039 ms cpu, 3->3->1 MB, 4 MB goal, 0 MB stacks, 0 MB globals, 2 P
gc 22 @4.243s 0%: 0.041+1.0+0.004 ms clock, 0.083+0.60/0.64/0+0.008 ms cpu, 3->3->1 MB, 4 MB goal, 0 MB stacks, 0 MB globals, 2 P
gc 23 @4.253s 0%: 0.048+1.3+0.034 ms clock, 0.097+0.77/0.49/0+0.068 ms cpu, 3->3->1 MB, 4 MB goal, 0 MB stacks, 0 MB globals, 2 P
gc 24 @4.264s 0%: 0.069+1.0+0.017 ms clock, 0.13+0.70/0.50/0+0.034 ms cpu, 3->3->1 MB, 4 MB goal, 0 MB stacks, 0 MB globals, 2 P
gc 25 @4.274s 0%: 0.049+1.1+0.023 ms clock, 0.099+0.65/0.71/0+0.046 ms cpu, 3->3->1 MB, 4 MB goal, 0 MB stacks, 0 MB globals, 2 P
gc 26 @4.284s 0%: 0.020+1.1+0.017 ms clock, 0.040+0.60/0.66/0+0.035 ms cpu, 3->3->1 MB, 4 MB goal, 0 MB stacks, 0 MB globals, 2 P
gc 27 @4.294s 0%: 0.087+1.0+0.022 ms clock, 0.17+0.59/0.66/0+0.045 ms cpu, 3->3->1 MB, 4 MB goal, 0 MB stacks, 0 MB globals, 2 P
gc 28 @4.305s 0%: 0.022+0.97+0.003 ms clock, 0.045+0.73/0.50/0+0.007 ms cpu, 3->3->1 MB, 4 MB goal, 0 MB stacks, 0 MB globals, 2 P
gc 29 @4.314s 0%: 0.014+1.0+0.026 ms clock, 0.029+0.73/0.57/0+0.053 ms cpu, 3->3->1 MB, 4 MB goal, 0 MB stacks, 0 MB globals, 2 P
gc 30 @4.324s 0%: 0.013+0.79+0.035 ms clock, 0.026+0.63/0.53/0+0.071 ms cpu, 3->3->1 MB, 4 MB goal, 0 MB stacks, 0 MB globals, 2 P
gc 31 @4.334s 0%: 0.015+0.97+0.003 ms clock, 0.030+0.79/0.49/0+0.006 ms cpu, 3->3->1 MB, 4 MB goal, 0 MB stacks, 0 MB globals, 2 P
gc 32 @4.343s 0%: 0.043+0.95+0.010 ms clock, 0.086+0.82/0.48/0+0.020 ms cpu, 3->3->1 MB, 4 MB goal, 0 MB stacks, 0 MB globals, 2 P
gc 33 @4.353s 0%: 0.043+0.92+0.002 ms clock, 0.087+0.75/0.48/0+0.005 ms cpu, 3->3->1 MB, 4 MB goal, 0 MB stacks, 0 MB globals, 2 P
gc 34 @4.363s 0%: 0.016+2.3+0.002 ms clock, 0.033+0.60/0.43/0.077+0.005 ms cpu, 3->3->1 MB, 4 MB goal, 0 MB stacks, 0 MB globals, 2 P
gc 35 @4.374s 0%: 0.044+1.0+0.012 ms clock, 0.088+0.71/0.50/0+0.025 ms cpu, 3->3->1 MB, 4 MB goal, 0 MB stacks, 0 MB globals, 2 P
gc 36 @4.384s 0%: 0.058+1.0+0.003 ms clock, 0.11+0.60/0.55/0+0.007 ms cpu, 3->3->1 MB, 4 MB goal, 0 MB stacks, 0 MB globals, 2 P
gc 37 @4.394s 0%: 0.015+0.91+0.025 ms clock, 0.030+0.50/0.57/0+0.050 ms cpu, 3->3->1 MB, 4 MB goal, 0 MB stacks, 0 MB globals, 2 P
gc 38 @4.404s 0%: 0.041+3.1+0.004 ms clock, 0.082+0.62/0.44/0+0.008 ms cpu, 3->3->1 MB, 4 MB goal, 0 MB stacks, 0 MB globals, 2 P
gc 39 @4.414s 0%: 0.046+0.96+0.028 ms clock, 0.092+0.77/0.44/0+0.056 ms cpu, 3->3->1 MB, 4 MB goal, 0 MB stacks, 0 MB globals, 2 P
gc 40 @4.423s 0%: 0.015+0.93+0.040 ms clock, 0.030+0.79/0.47/0+0.081 ms cpu, 3->3->1 MB, 4 MB goal, 0 MB stacks, 0 MB globals, 2 P
gc 41 @4.433s 0%: 0.035+1.0+0.014 ms clock, 0.070+0.68/0.55/0+0.029 ms cpu, 3->3->1 MB, 4 MB goal, 0 MB stacks, 0 MB globals, 2 P
gc 42 @4.442s 0%: 0.055+2.6+0.039 ms clock, 0.11+0.58/0.60/0+0.078 ms cpu, 3->3->1 MB, 4 MB goal, 0 MB stacks, 0 MB globals, 2 P
gc 43 @4.452s 0%: 0.019+2.7+0.004 ms clock, 0.038+0.82/0.50/0+0.008 ms cpu, 3->3->1 MB, 4 MB goal, 0 MB stacks, 0 MB globals, 2 P
gc 44 @4.462s 0%: 0.075+3.9+0.009 ms clock, 0.15+0.65/0.58/0+0.019 ms cpu, 3->3->1 MB, 4 MB goal, 0 MB stacks, 0 MB globals, 2 P
gc 45 @4.472s 0%: 0.032+1.0+0.020 ms clock, 0.064+0.71/0.51/0+0.041 ms cpu, 3->3->1 MB, 4 MB goal, 0 MB stacks, 0 MB globals, 2 P
gc 46 @4.482s 0%: 0.051+0.94+0.034 ms clock, 0.10+0.58/0.63/0+0.069 ms cpu, 3->3->1 MB, 4 MB goal, 0 MB stacks, 0 MB globals, 2 P
gc 47 @4.491s 0%: 0.055+1.0+0.015 ms clock, 0.11+0.80/0.52/0+0.030 ms cpu, 3->3->1 MB, 4 MB goal, 0 MB stacks, 0 MB globals, 2 P
gc 48 @4.501s 0%: 0.032+1.3+0.003 ms clock, 0.065+0.60/0.71/0+0.006 ms cpu, 3->3->1 MB, 4 MB goal, 0 MB stacks, 0 MB globals, 2 P
gc 49 @4.510s 0%: 0.061+2.9+0.005 ms clock, 0.12+0.51/0.67/0+0.010 ms cpu, 3->3->1 MB, 4 MB goal, 0 MB stacks, 0 MB globals, 2 P
gc 50 @4.520s 0%: 1.2+1.4+0.038 ms clock, 2.4+0.24/1.6/0+0.077 ms cpu, 3->3->1 MB, 4 MB goal, 0 MB stacks, 0 MB globals, 2 P
gc 51 @4.530s 0%: 0.90+0.50+0.016 ms clock, 1.8+0.59/0.48/0+0.033 ms cpu, 3->3->1 MB, 4 MB goal, 0 MB stacks, 0 MB globals, 2 P
gc 52 @4.540s 0%: 1.4+1.5+0.022 ms clock, 2.8+0.26/2.0/0+0.044 ms cpu, 3->3->1 MB, 4 MB goal, 0 MB stacks, 0 MB globals, 2 P
gc 53 @4.550s 0%: 0.040+3.4+0.005 ms clock, 0.081+0.63/0.60/0+0.010 ms cpu, 3->3->1 MB, 4 MB goal, 0 MB stacks, 0 MB globals, 2 P
gc 54 @4.560s 0%: 0.082+1.0+0.019 ms clock, 0.16+0.65/0.58/0+0.039 ms cpu, 3->3->1 MB, 4 MB goal, 0 MB stacks, 0 MB globals, 2 P
gc 55 @4.569s 0%: 0.014+1.0+0.031 ms clock, 0.029+0.73/0.59/0+0.063 ms cpu, 3->3->1 MB, 4 MB goal, 0 MB stacks, 0 MB globals, 2 P
gc 56 @4.579s 0%: 0.054+1.0+0.023 ms clock, 0.10+0.62/0.59/0+0.047 ms cpu, 3->3->1 MB, 4 MB goal, 0 MB stacks, 0 MB globals, 2 P
gc 57 @4.589s 0%: 0.050+0.91+0.022 ms clock, 0.10+0.75/0.46/0+0.045 ms cpu, 3->3->1 MB, 4 MB goal, 0 MB stacks, 0 MB globals, 2 P
gc 58 @4.598s 0%: 0.051+0.88+0.003 ms clock, 0.10+0.76/0.50/0+0.007 ms cpu, 3->3->1 MB, 4 MB goal, 0 MB stacks, 0 MB globals, 2 P
gc 59 @4.609s 0%: 0.074+0.90+0.003 ms clock, 0.14+0.73/0.48/0+0.007 ms cpu, 3->3->1 MB, 4 MB goal, 0 MB stacks, 0 MB globals, 2 P
gc 60 @4.620s 0%: 0.050+0.93+0.017 ms clock, 0.10+0.69/0.51/0+0.035 ms cpu, 3->3->1 MB, 4 MB goal, 0 MB stacks, 0 MB globals, 2 P
gc 61 @4.631s 0%: 0.038+1.0+0.015 ms clock, 0.076+0.68/0.52/0+0.030 ms cpu, 3->3->1 MB, 4 MB goal, 0 MB stacks, 0 MB globals, 2 P
gc 62 @4.642s 0%: 0.040+1.0+0.038 ms clock, 0.081+0.74/0.55/0+0.077 ms cpu, 3->3->1 MB, 4 MB goal, 0 MB stacks, 0 MB globals, 2 P
gc 63 @4.653s 0%: 0.070+1.0+0.023 ms clock, 0.14+0.73/0.47/0+0.046 ms cpu, 3->3->1 MB, 4 MB goal, 0 MB stacks, 0 MB globals, 2 P
gc 64 @4.663s 0%: 0.053+1.1+0.003 ms clock, 0.10+0.64/0.58/0+0.006 ms cpu, 3->3->1 MB, 4 MB goal, 0 MB stacks, 0 MB globals, 2 P
gc 65 @4.674s 0%: 0.055+0.98+0.025 ms clock, 0.11+0.86/0.44/0+0.050 ms cpu, 3->3->1 MB, 4 MB goal, 0 MB stacks, 0 MB globals, 2 P
gc 66 @4.684s 0%: 0.060+1.3+0.033 ms clock, 0.12+0.47/0.70/0+0.067 ms cpu, 3->3->1 MB, 4 MB goal, 0 MB stacks, 0 MB globals, 2 P
gc 67 @4.695s 0%: 0.051+0.82+0.034 ms clock, 0.10+0.66/0.50/0+0.069 ms cpu, 3->3->1 MB, 4 MB goal, 0 MB stacks, 0 MB globals, 2 P
gc 68 @4.706s 0%: 0.87+0.54+0.003 ms clock, 1.7+0.43/0.65/0+0.006 ms cpu, 3->3->1 MB, 4 MB goal, 0 MB stacks, 0 MB globals, 2 P
gc 69 @4.716s 1%: 0.051+0.95+0.015 ms clock, 0.10+0.69/0.58/0+0.030 ms cpu, 3->3->1 MB, 4 MB goal, 0 MB stacks, 0 MB globals, 2 P
gc 70 @4.726s 1%: 0.068+0.92+0.010 ms clock, 0.13+0.72/0.51/0+0.020 ms cpu, 3->3->1 MB, 4 MB goal, 0 MB stacks, 0 MB globals, 2 P
gc 71 @4.737s 1%: 0.047+0.97+0.039 ms clock, 0.094+0.68/0.57/0+0.079 ms cpu, 3->3->1 MB, 4 MB goal, 0 MB stacks, 0 MB globals, 2 P
gc 72 @4.749s 1%: 0.053+1.4+0.014 ms clock, 0.10+0.43/0.78/0+0.029 ms cpu, 3->3->1 MB, 4 MB goal, 0 MB stacks, 0 MB globals, 2 P
gc 73 @4.760s 1%: 0.039+0.97+0.003 ms clock, 0.079+0.69/0.49/0+0.006 ms cpu, 3->3->1 MB, 4 MB goal, 0 MB stacks, 0 MB globals, 2 P
gc 74 @4.771s 1%: 0.016+1.0+0.003 ms clock, 0.032+0.75/0.43/0+0.007 ms cpu, 3->3->1 MB, 4 MB goal, 0 MB stacks, 0 MB globals, 2 P
gc 75 @4.781s 1%: 0.62+3.5+0.004 ms clock, 1.2+0.18/1.6/0+0.009 ms cpu, 3->3->1 MB, 4 MB goal, 0 MB stacks, 0 MB globals, 2 P
gc 76 @4.792s 1%: 1.2+1.8+0.003 ms clock, 2.4+0.30/1.8/0+0.007 ms cpu, 3->3->1 MB, 4 MB goal, 0 MB stacks, 0 MB globals, 2 P
gc 77 @4.802s 1%: 0.60+2.2+0.003 ms clock, 1.2+0.27/0.72/0+0.007 ms cpu, 3->3->1 MB, 4 MB goal, 0 MB stacks, 0 MB globals, 2 P
gc 78 @4.813s 1%: 0.050+0.91+0.003 ms clock, 0.10+0.67/0.43/0+0.006 ms cpu, 3->3->1 MB, 4 MB goal, 0 MB stacks, 0 MB globals, 2 P
gc 79 @4.823s 1%: 0.047+1.1+0.007 ms clock, 0.095+0.42/0.64/0+0.014 ms cpu, 3->3->1 MB, 4 MB goal, 0 MB stacks, 0 MB globals, 2 P
gc 80 @4.833s 1%: 0.034+1.2+0.021 ms clock, 0.069+0.71/0.70/0+0.043 ms cpu, 3->3->1 MB, 4 MB goal, 0 MB stacks, 0 MB globals, 2 P
gc 81 @4.843s 1%: 0.047+1.3+0.027 ms clock, 0.095+0.45/0.67/0+0.054 ms cpu, 3->3->1 MB, 4 MB goal, 0 MB stacks, 0 MB globals, 2 P
gc 82 @4.854s 1%: 1.2+1.9+0.004 ms clock, 2.4+0.40/0.71/0+0.009 ms cpu, 3->3->1 MB, 4 MB goal, 0 MB stacks, 0 MB globals, 2 P
gc 83 @4.864s 1%: 0.043+0.81+0.009 ms clock, 0.086+0.69/0.47/0+0.019 ms cpu, 3->3->1 MB, 4 MB goal, 0 MB stacks, 0 MB globals, 2 P
gc 84 @4.873s 1%: 0.043+0.93+0.024 ms clock, 0.086+0.76/0.49/0+0.048 ms cpu, 3->3->1 MB, 4 MB goal, 0 MB stacks, 0 MB globals, 2 P
gc 85 @4.883s 1%: 0.064+3.1+0.003 ms clock, 0.12+0.58/0.65/0+0.007 ms cpu, 3->3->1 MB, 4 MB goal, 0 MB stacks, 0 MB globals, 2 P
gc 86 @4.893s 1%: 0.035+0.84+0.016 ms clock, 0.071+0.71/0.46/0+0.032 ms cpu, 3->3->1 MB, 4 MB goal, 0 MB stacks, 0 MB globals, 2 P
gc 87 @4.903s 1%: 0.044+1.3+0.003 ms clock, 0.088+0.47/0.73/0+0.007 ms cpu, 3->3->1 MB, 4 MB goal, 0 MB stacks, 0 MB globals, 2 P
gc 88 @4.913s 1%: 0.017+3.0+0.003 ms clock, 0.035+0.44/0.31/0+0.006 ms cpu, 3->3->1 MB, 4 MB goal, 0 MB stacks, 0 MB globals, 2 P
gc 89 @4.923s 1%: 0.019+3.2+0.067 ms clock, 0.039+0.68/0.60/0+0.13 ms cpu, 3->3->1 MB, 4 MB goal, 0 MB stacks, 0 MB globals, 2 P
gc 90 @4.933s 1%: 0.043+0.95+0.017 ms clock, 0.086+0.72/0.54/0+0.035 ms cpu, 3->3->1 MB, 4 MB goal, 0 MB stacks, 0 MB globals, 2 P
gc 91 @4.942s 1%: 0.022+1.1+0.029 ms clock, 0.045+0.71/0.53/0+0.059 ms cpu, 3->3->1 MB, 4 MB goal, 0 MB stacks, 0 MB globals, 2 P
gc 92 @4.952s 1%: 0.92+2.3+0.012 ms clock, 1.8+0.26/2.7/0+0.024 ms cpu, 3->3->1 MB, 4 MB goal, 0 MB stacks, 0 MB globals, 2 P
gc 93 @4.962s 1%: 0.050+1.0+0.036 ms clock, 0.10+0.71/0.62/0+0.072 ms cpu, 3->3->1 MB, 4 MB goal, 0 MB stacks, 0 MB globals, 2 P
gc 94 @4.971s 1%: 0.073+1.1+0.014 ms clock, 0.14+0.63/0.72/0+0.029 ms cpu, 3->3->1 MB, 4 MB goal, 0 MB stacks, 0 MB globals, 2 P
gc 95 @4.981s 1%: 0.062+2.4+0.004 ms clock, 0.12+0.53/0.62/0+0.008 ms cpu, 3->3->1 MB, 4 MB goal, 0 MB stacks, 0 MB globals, 2 P
gc 96 @4.992s 1%: 0.064+0.99+0.023 ms clock, 0.12+0.61/0.52/0+0.046 ms cpu, 3->3->1 MB, 4 MB goal, 0 MB stacks, 0 MB globals, 2 P
gc 97 @5.002s 1%: 0.020+1.1+0.027 ms clock, 0.041+0.65/0.69/0+0.054 ms cpu, 3->3->1 MB, 4 MB goal, 0 MB stacks, 0 MB globals, 2 P
gc 98 @5.012s 1%: 0.85+2.1+0.015 ms clock, 1.7+0.35/2.2/0+0.031 ms cpu, 3->3->1 MB, 4 MB goal, 0 MB stacks, 0 MB globals, 2 P
gc 99 @5.022s 1%: 0.024+0.99+0.015 ms clock, 0.049+0.81/0.48/0+0.031 ms cpu, 3->3->1 MB, 4 MB goal, 0 MB stacks, 0 MB globals, 2 P
gc 100 @5.032s 1%: 0.049+0.93+0.024 ms clock, 0.098+0.80/0.43/0+0.049 ms cpu, 3->3->1 MB, 4 MB goal, 0 MB stacks, 0 MB globals, 2 P
gc 101 @5.042s 1%: 0.039+2.9+0.003 ms clock, 0.078+0.67/0.51/0+0.006 ms cpu, 3->3->1 MB, 4 MB goal, 0 MB stacks, 0 MB globals, 2 P
gc 102 @5.052s 1%: 0.048+1.0+0.020 ms clock, 0.096+0.61/0.61/0+0.040 ms cpu, 3->3->1 MB, 4 MB goal, 0 MB stacks, 0 MB globals, 2 P
gc 103 @5.062s 1%: 0.054+1.1+0.021 ms clock, 0.10+0.57/0.64/0+0.042 ms cpu, 3->3->1 MB, 4 MB goal, 0 MB stacks, 0 MB globals, 2 P
gc 104 @5.071s 1%: 0.018+1.1+0.026 ms clock, 0.036+0.60/0.61/0+0.052 ms cpu, 3->3->1 MB, 4 MB goal, 0 MB stacks, 0 MB globals, 2 P
gc 105 @5.081s 1%: 0.059+1.0+0.003 ms clock, 0.11+0.59/0.59/0+0.006 ms cpu, 3->3->1 MB, 4 MB goal, 0 MB stacks, 0 MB globals, 2 P
gc 106 @5.090s 1%: 1.5+1.9+0.003 ms clock, 3.1+0.33/1.1/0+0.006 ms cpu, 3->3->1 MB, 4 MB goal, 0 MB stacks, 0 MB globals, 2 P
gc 107 @5.100s 1%: 0.020+0.96+0.002 ms clock, 0.041+0.58/0.56/0+0.005 ms cpu, 3->3->1 MB, 4 MB goal, 0 MB stacks, 0 MB globals, 2 P
gc 108 @5.110s 1%: 0.023+0.90+0.035 ms clock, 0.046+0.78/0.44/0+0.071 ms cpu, 3->3->1 MB, 4 MB goal, 0 MB stacks, 0 MB globals, 2 P
gc 109 @5.120s 1%: 0.048+1.1+0.024 ms clock, 0.096+0.68/0.54/0+0.049 ms cpu, 3->3->1 MB, 4 MB goal, 0 MB stacks, 0 MB globals, 2 P
gc 110 @5.130s 1%: 0.089+1.5+0.013 ms clock, 0.17+0.52/1.0/0+0.026 ms cpu, 3->3->1 MB, 4 MB goal, 0 MB stacks, 0 MB globals, 2 P
gc 111 @5.139s 1%: 0.017+1.0+0.023 ms clock, 0.034+0.69/0.52/0+0.046 ms cpu, 3->3->1 MB, 4 MB goal, 0 MB stacks, 0 MB globals, 2 P
gc 112 @5.151s 1%: 0.047+0.98+0.004 ms clock, 0.095+0.70/0.58/0+0.008 ms cpu, 3->3->1 MB, 4 MB goal, 0 MB stacks, 0 MB globals, 2 P
gc 113 @5.161s 1%: 1.0+1.2+0.014 ms clock, 2.1+1.6/0.32/0+0.028 ms cpu, 3->3->1 MB, 4 MB goal, 0 MB stacks, 0 MB globals, 2 P
gc 114 @5.171s 1%: 0.014+0.91+0.021 ms clock, 0.029+0.73/0.51/0+0.042 ms cpu, 3->3->1 MB, 4 MB goal, 0 MB stacks, 0 MB globals, 2 P
gc 115 @5.181s 1%: 0.053+1.1+0.003 ms clock, 0.10+0.55/0.66/0+0.007 ms cpu, 3->3->1 MB, 4 MB goal, 0 MB stacks, 0 MB globals, 2 P
gc 116 @5.190s 1%: 0.020+1.1+0.004 ms clock, 0.040+0.78/0.62/0+0.008 ms cpu, 3->3->1 MB, 4 MB goal, 0 MB stacks, 0 MB globals, 2 P
gc 117 @5.200s 1%: 0.017+3.1+0.038 ms clock, 0.034+0.74/0.41/0+0.076 ms cpu, 3->3->1 MB, 4 MB goal, 0 MB stacks, 0 MB globals, 2 P
gc 118 @5.210s 1%: 0.045+3.6+0.011 ms clock, 0.090+0.49/0.74/0+0.022 ms cpu, 3->3->1 MB, 4 MB goal, 0 MB stacks, 0 MB globals, 2 P
gc 119 @5.220s 1%: 0.024+1.2+0.004 ms clock, 0.049+0.66/0.74/0+0.009 ms cpu, 3->3->1 MB, 4 MB goal, 0 MB stacks, 0 MB globals, 2 P
gc 120 @5.229s 1%: 0.069+0.94+0.022 ms clock, 0.13+0.64/0.58/0+0.045 ms cpu, 3->3->1 MB, 4 MB goal, 0 MB stacks, 0 MB globals, 2 P
gc 121 @5.239s 1%: 0.038+1.1+0.020 ms clock, 0.076+0.67/0.60/0+0.041 ms cpu, 3->3->1 MB, 4 MB goal, 0 MB stacks, 0 MB globals, 2 P
gc 122 @5.248s 1%: 0.048+1.0+0.004 ms clock, 0.096+0.78/0.47/0+0.009 ms cpu, 3->3->1 MB, 4 MB goal, 0 MB stacks, 0 MB globals, 2 P
gc 123 @5.257s 1%: 0.052+1.0+0.003 ms clock, 0.10+0.78/0.54/0+0.007 ms cpu, 3->3->1 MB, 4 MB goal, 0 MB stacks, 0 MB globals, 2 P
gc 124 @5.268s 1%: 0.024+1.0+0.011 ms clock, 0.049+0.66/0.55/0+0.023 ms cpu, 3->3->1 MB, 4 MB goal, 0 MB stacks, 0 MB globals, 2 P
gc 125 @5.279s 1%: 0.046+1.2+0.020 ms clock, 0.092+0.49/0.64/0+0.041 ms cpu, 3->3->1 MB, 4 MB goal, 0 MB stacks, 0 MB globals, 2 P
gc 126 @5.290s 1%: 0.015+0.94+0.002 ms clock, 0.030+0.82/0.44/0+0.005 ms cpu, 3->3->1 MB, 4 MB goal, 0 MB stacks, 0 MB globals, 2 P
gc 127 @5.301s 1%: 0.081+1.0+0.026 ms clock, 0.16+0.72/0.62/0+0.052 ms cpu, 3->3->1 MB, 4 MB goal, 0 MB stacks, 0 MB globals, 2 P
gc 128 @5.311s 1%: 0.039+1.0+0.004 ms clock, 0.079+0.77/0.54/0+0.009 ms cpu, 3->3->1 MB, 4 MB goal, 0 MB stacks, 0 MB globals, 2 P
gc 129 @5.322s 1%: 0.048+2.4+0.003 ms clock, 0.097+0.46/0.70/0+0.006 ms cpu, 3->3->1 MB, 4 MB goal, 0 MB stacks, 0 MB globals, 2 P
gc 130 @5.333s 1%: 0.057+1.0+0.018 ms clock, 0.11+0.63/0.57/0+0.036 ms cpu, 3->3->1 MB, 4 MB goal, 0 MB stacks, 0 MB globals, 2 P
gc 131 @5.343s 1%: 0.058+2.7+0.012 ms clock, 0.11+0.78/0.50/0+0.024 ms cpu, 3->3->1 MB, 4 MB goal, 0 MB stacks, 0 MB globals, 2 P
gc 132 @5.353s 1%: 0.047+1.2+0.018 ms clock, 0.094+0.46/0.65/0+0.037 ms cpu, 3->3->1 MB, 4 MB goal, 0 MB stacks, 0 MB globals, 2 P
gc 133 @5.363s 1%: 0.021+0.98+0.029 ms clock, 0.042+0.81/0.49/0+0.059 ms cpu, 3->3->1 MB, 4 MB goal, 0 MB stacks, 0 MB globals, 2 P
gc 134 @5.372s 1%: 0.037+0.95+0.020 ms clock, 0.074+0.57/0.64/0+0.041 ms cpu, 3->3->1 MB, 4 MB goal, 0 MB stacks, 0 MB globals, 2 P
gc 135 @5.382s 1%: 0.014+2.2+0.006 ms clock, 0.028+0.74/0.44/0+0.012 ms cpu, 3->3->1 MB, 4 MB goal, 0 MB stacks, 0 MB globals, 2 P
gc 136 @5.391s 1%: 0.046+1.2+0.016 ms clock, 0.092+0.53/0.83/0+0.033 ms cpu, 3->3->1 MB, 4 MB goal, 0 MB stacks, 0 MB globals, 2 P
gc 137 @5.401s 1%: 0.029+0.91+0.020 ms clock, 0.059+0.66/0.50/0+0.040 ms cpu, 3->3->1 MB, 4 MB goal, 0 MB stacks, 0 MB globals, 2 P
gc 138 @5.411s 1%: 0.019+0.94+0.013 ms clock, 0.038+0.70/0.54/0+0.027 ms cpu, 3->3->1 MB, 4 MB goal, 0 MB stacks, 0 MB globals, 2 P
gc 139 @5.421s 1%: 1.1+0.68+0.016 ms clock, 2.2+0.24/1.0/0+0.032 ms cpu, 3->3->1 MB, 4 MB goal, 0 MB stacks, 0 MB globals, 2 P
gc 140 @5.431s 1%: 0.019+1.0+0.016 ms clock, 0.039+0.62/0.59/0+0.033 ms cpu, 3->3->1 MB, 4 MB goal, 0 MB stacks, 0 MB globals, 2 P
gc 141 @5.442s 1%: 0.071+1.5+0.021 ms clock, 0.14+0.39/0.88/0+0.043 ms cpu, 3->3->1 MB, 4 MB goal, 0 MB stacks, 0 MB globals, 2 P
gc 142 @5.453s 1%: 0.017+1.8+0.037 ms clock, 0.035+0.66/0.53/0+0.074 ms cpu, 3->3->1 MB, 4 MB goal, 0 MB stacks, 0 MB globals, 2 P
gc 143 @5.464s 1%: 0.039+2.5+0.073 ms clock, 0.079+0.61/0.63/0+0.14 ms cpu, 3->3->1 MB, 4 MB goal, 0 MB stacks, 0 MB globals, 2 P
gc 144 @5.473s 1%: 0.059+0.94+0.003 ms clock, 0.11+0.61/0.59/0+0.006 ms cpu, 3->3->1 MB, 4 MB goal, 0 MB stacks, 0 MB globals, 2 P
gc 145 @5.483s 1%: 0.050+0.96+0.010 ms clock, 0.10+0.74/0.48/0+0.021 ms cpu, 3->3->1 MB, 4 MB goal, 0 MB stacks, 0 MB globals, 2 P
gc 146 @5.493s 1%: 1.0+1.1+0.013 ms clock, 2.0+0.32/1.5/0+0.026 ms cpu, 3->3->1 MB, 4 MB goal, 0 MB stacks, 0 MB globals, 2 P
gc 147 @5.502s 1%: 0.056+1.0+0.018 ms clock, 0.11+0.63/0.63/0+0.037 ms cpu, 3->3->1 MB, 4 MB goal, 0 MB stacks, 0 MB globals, 2 P
gc 148 @5.512s 1%: 0.049+0.98+0.028 ms clock, 0.099+0.79/0.49/0+0.057 ms cpu, 3->3->1 MB, 4 MB goal, 0 MB stacks, 0 MB globals, 2 P
gc 149 @5.523s 1%: 0.034+1.0+0.038 ms clock, 0.069+0.71/0.57/0+0.076 ms cpu, 3->3->1 MB, 4 MB goal, 0 MB stacks, 0 MB globals, 2 P
gc 150 @5.533s 1%: 0.036+0.94+0.021 ms clock, 0.072+0.70/0.59/0+0.042 ms cpu, 3->3->1 MB, 4 MB goal, 0 MB stacks, 0 MB globals, 2 P
gc 151 @5.543s 1%: 0.038+1.0+0.018 ms clock, 0.076+0.47/0.73/0+0.036 ms cpu, 3->3->1 MB, 4 MB goal, 0 MB stacks, 0 MB globals, 2 P
gc 152 @5.553s 1%: 0.051+0.98+0.026 ms clock, 0.10+0.74/0.48/0+0.052 ms cpu, 3->3->1 MB, 4 MB goal, 0 MB stacks, 0 MB globals, 2 P
gc 153 @5.562s 1%: 0.052+3.4+0.011 ms clock, 0.10+0.83/0.47/0+0.022 ms cpu, 3->3->1 MB, 4 MB goal, 0 MB stacks, 0 MB globals, 2 P
gc 154 @5.573s 1%: 1.2+1.1+0.022 ms clock, 2.5+0.33/1.4/0+0.044 ms cpu, 3->3->1 MB, 4 MB goal, 0 MB stacks, 0 MB globals, 2 P
gc 155 @5.583s 1%: 0.062+3.3+0.006 ms clock, 0.12+0.78/0.52/0+0.012 ms cpu, 3->3->1 MB, 4 MB goal, 0 MB stacks, 0 MB globals, 2 P
gc 156 @5.593s 1%: 0.043+2.0+0.033 ms clock, 0.087+0.69/0.60/0+0.066 ms cpu, 3->3->1 MB, 4 MB goal, 0 MB stacks, 0 MB globals, 2 P
gc 157 @5.603s 1%: 0.031+3.5+0.002 ms clock, 0.063+0.83/0.48/0+0.005 ms cpu, 3->3->1 MB, 4 MB goal, 0 MB stacks, 0 MB globals, 2 P
gc 158 @5.613s 1%: 0.045+1.9+0.025 ms clock, 0.091+0.72/0.43/0+0.051 ms cpu, 3->3->1 MB, 4 MB goal, 0 MB stacks, 0 MB globals, 2 P
gc 159 @5.623s 1%: 0.060+0.97+0.023 ms clock, 0.12+0.73/0.54/0+0.046 ms cpu, 3->3->1 MB, 4 MB goal, 0 MB stacks, 0 MB globals, 2 P
gc 160 @5.632s 1%: 0.032+2.9+0.005 ms clock, 0.065+0.79/0.52/0+0.011 ms cpu, 3->3->1 MB, 4 MB goal, 0 MB stacks, 0 MB globals, 2 P
gc 161 @5.642s 1%: 0.89+2.2+0.038 ms clock, 1.7+0.30/2.5/0+0.077 ms cpu, 3->3->1 MB, 4 MB goal, 0 MB stacks, 0 MB globals, 2 P
gc 162 @5.652s 1%: 0.037+1.2+0.034 ms clock, 0.075+0.57/0.60/0+0.069 ms cpu, 3->3->1 MB, 4 MB goal, 0 MB stacks, 0 MB globals, 2 P
gc 163 @5.661s 2%: 0.021+1.0+0.003 ms clock, 0.043+0.59/0.55/0+0.007 ms cpu, 3->3->1 MB, 4 MB goal, 0 MB stacks, 0 MB globals, 2 P
gc 164 @5.671s 2%: 0.034+1.0+0.024 ms clock, 0.069+0.75/0.55/0+0.049 ms cpu, 3->3->1 MB, 4 MB goal, 0 MB stacks, 0 MB globals, 2 P
gc 165 @5.680s 2%: 0.056+1.2+0.003 ms clock, 0.11+0.54/0.62/0+0.007 ms cpu, 3->3->1 MB, 4 MB goal, 0 MB stacks, 0 MB globals, 2 P
gc 166 @5.691s 2%: 0.018+1.0+0.011 ms clock, 0.036+0.85/0.47/0+0.022 ms cpu, 3->3->1 MB, 4 MB goal, 0 MB stacks, 0 MB globals, 2 P
gc 167 @5.701s 2%: 0.046+1.2+0.016 ms clock, 0.093+0.51/0.60/0+0.033 ms cpu, 3->3->1 MB, 4 MB goal, 0 MB stacks, 0 MB globals, 2 P
gc 168 @5.711s 2%: 0.044+0.96+0.003 ms clock, 0.088+0.65/0.56/0+0.007 ms cpu, 3->3->1 MB, 4 MB goal, 0 MB stacks, 0 MB globals, 2 P
gc 169 @5.720s 2%: 0.048+1.1+0.027 ms clock, 0.097+0.64/0.55/0+0.054 ms cpu, 3->3->1 MB, 4 MB goal, 0 MB stacks, 0 MB globals, 2 P
gc 170 @5.730s 2%: 0.050+1.2+0.026 ms clock, 0.10+0.61/0.62/0+0.053 ms cpu, 3->3->1 MB, 4 MB goal, 0 MB stacks, 0 MB globals, 2 P
gc 171 @5.740s 2%: 0.047+1.0+0.003 ms clock, 0.095+0.70/0.56/0+0.006 ms cpu, 3->3->1 MB, 4 MB goal, 0 MB stacks, 0 MB globals, 2 P
gc 172 @5.751s 2%: 1.1+1.5+0.003 ms clock, 2.3+0.38/1.5/0+0.006 ms cpu, 3->3->1 MB, 4 MB goal, 0 MB stacks, 0 MB globals, 2 P
gc 173 @5.762s 2%: 0.020+0.94+0.002 ms clock, 0.040+0.81/0.45/0+0.005 ms cpu, 3->3->1 MB, 4 MB goal, 0 MB stacks, 0 MB globals, 2 P
gc 174 @5.772s 2%: 0.047+0.91+0.002 ms clock, 0.095+0.84/0.44/0+0.005 ms cpu, 3->3->1 MB, 4 MB goal, 0 MB stacks, 0 MB globals, 2 P
gc 175 @5.783s 2%: 0.047+1.0+0.030 ms clock, 0.095+0.67/0.62/0+0.061 ms cpu, 3->3->1 MB, 4 MB goal, 0 MB stacks, 0 MB globals, 2 P
gc 176 @5.794s 2%: 0.015+0.91+0.022 ms clock, 0.031+0.83/0.42/0+0.044 ms cpu, 3->3->1 MB, 4 MB goal, 0 MB stacks, 0 MB globals, 2 P
gc 177 @5.803s 2%: 0.063+3.8+0.004 ms clock, 0.12+0.72/0.52/0+0.008 ms cpu, 3->3->1 MB, 4 MB goal, 0 MB stacks, 0 MB globals, 2 P
gc 178 @5.813s 2%: 1.1+0.64+0.020 ms clock, 2.2+0.23/1.0/0+0.041 ms cpu, 3->3->1 MB, 4 MB goal, 0 MB stacks, 0 MB globals, 2 P
gc 179 @5.823s 2%: 0.016+0.79+0.010 ms clock, 0.032+0.76/0.37/0+0.021 ms cpu, 3->3->1 MB, 4 MB goal, 0 MB stacks, 0 MB globals, 2 P
gc 180 @5.832s 2%: 0.033+2.4+0.005 ms clock, 0.067+0.75/0.50/0+0.010 ms cpu, 3->3->1 MB, 4 MB goal, 0 MB stacks, 0 MB globals, 2 P
gc 181 @5.842s 2%: 0.021+0.93+0.016 ms clock, 0.043+0.71/0.52/0+0.032 ms cpu, 3->3->1 MB, 4 MB goal, 0 MB stacks, 0 MB globals, 2 P
gc 182 @5.852s 2%: 0.017+0.92+0.018 ms clock, 0.035+0.62/0.62/0+0.036 ms cpu, 3->3->1 MB, 4 MB goal, 0 MB stacks, 0 MB globals, 2 P
gc 183 @5.861s 2%: 0.039+0.99+0.027 ms clock, 0.078+0.66/0.64/0+0.054 ms cpu, 3->3->1 MB, 4 MB goal, 0 MB stacks, 0 MB globals, 2 P
gc 184 @5.871s 2%: 0.059+0.97+0.016 ms clock, 0.11+0.57/0.65/0+0.033 ms cpu, 3->3->1 MB, 4 MB goal, 0 MB stacks, 0 MB globals, 2 P
gc 185 @5.881s 2%: 0.048+0.93+0.026 ms clock, 0.097+0.77/0.48/0+0.053 ms cpu, 3->3->1 MB, 4 MB goal, 0 MB stacks, 0 MB globals, 2 P
gc 186 @5.892s 2%: 0.042+1.1+0.024 ms clock, 0.084+0.60/0.61/0+0.049 ms cpu, 3->3->1 MB, 4 MB goal, 0 MB stacks, 0 MB globals, 2 P
gc 187 @5.903s 2%: 0.054+1.0+0.003 ms clock, 0.10+0.83/0.54/0+0.007 ms cpu, 3->3->1 MB, 4 MB goal, 0 MB stacks, 0 MB globals, 2 P
gc 188 @5.914s 2%: 0.014+1.1+0.019 ms clock, 0.029+0.70/0.53/0+0.039 ms cpu, 3->3->1 MB, 4 MB goal, 0 MB stacks, 0 MB globals, 2 P
gc 189 @5.925s 2%: 0.042+0.90+0.019 ms clock, 0.085+0.60/0.57/0+0.038 ms cpu, 3->3->1 MB, 4 MB goal, 0 MB stacks, 0 MB globals, 2 P
gc 190 @5.936s 2%: 0.040+1.0+0.018 ms clock, 0.081+0.58/0.58/0+0.036 ms cpu, 3->3->1 MB, 4 MB goal, 0 MB stacks, 0 MB globals, 2 P
gc 191 @5.947s 2%: 0.053+2.7+0.004 ms clock, 0.10+0.77/0.56/0+0.009 ms cpu, 3->3->1 MB, 4 MB goal, 0 MB stacks, 0 MB globals, 2 P
gc 192 @5.957s 2%: 0.060+1.3+0.018 ms clock, 0.12+0.59/0.70/0+0.036 ms cpu, 3->3->1 MB, 4 MB goal, 0 MB stacks, 0 MB globals, 2 P
gc 193 @5.966s 2%: 0.043+1.0+0.015 ms clock, 0.087+0.70/0.56/0+0.031 ms cpu, 3->3->1 MB, 4 MB goal, 0 MB stacks, 0 MB globals, 2 P
gc 194 @5.976s 2%: 0.029+1.1+0.008 ms clock, 0.059+0.55/0.64/0+0.017 ms cpu, 3->3->1 MB, 4 MB goal, 0 MB stacks, 0 MB globals, 2 P
gc 195 @5.985s 2%: 0.044+2.4+0.016 ms clock, 0.088+0.79/0.48/0+0.033 ms cpu, 3->3->1 MB, 4 MB goal, 0 MB stacks, 0 MB globals, 2 P
gc 196 @5.995s 2%: 0.062+1.8+0.021 ms clock, 0.12+0.74/0.55/0+0.042 ms cpu, 3->3->1 MB, 4 MB goal, 0 MB stacks, 0 MB globals, 2 P
gc 197 @6.005s 2%: 0.062+1.2+0.018 ms clock, 0.12+0.46/0.76/0+0.037 ms cpu, 3->3->1 MB, 4 MB goal, 0 MB stacks, 0 MB globals, 2 P
gc 198 @6.014s 2%: 0.023+3.4+0.003 ms clock, 0.046+0.84/0.42/0+0.007 ms cpu, 3->3->1 MB, 4 MB goal, 0 MB stacks, 0 MB globals, 2 P
gc 199 @6.025s 2%: 0.057+0.91+0.021 ms clock, 0.11+0.73/0.51/0+0.042 ms cpu, 3->3->1 MB, 4 MB goal, 0 MB stacks, 0 MB globals, 2 P
gc 200 @6.034s 2%: 0.072+3.5+0.010 ms clock, 0.14+0.69/0.52/0+0.021 ms cpu, 3->3->1 MB, 4 MB goal, 0 MB stacks, 0 MB globals, 2 P
gc 201 @6.044s 2%: 0.82+1.8+0.004 ms clock, 1.6+0.23/1.6/0+0.009 ms cpu, 3->3->1 MB, 4 MB goal, 0 MB stacks, 0 MB globals, 2 P
gc 202 @6.054s 2%: 0.050+3.6+0.004 ms clock, 0.10+0.44/0.84/0+0.008 ms cpu, 3->3->1 MB, 4 MB goal, 0 MB stacks, 0 MB globals, 2 P
gc 203 @6.064s 2%: 0.80+2.1+0.029 ms clock, 1.6+0.25/2.4/0+0.058 ms cpu, 3->3->1 MB, 4 MB goal, 0 MB stacks, 0 MB globals, 2 P
gc 204 @6.074s 2%: 0.018+1.0+0.020 ms clock, 0.036+0.36/0.53/0+0.041 ms cpu, 3->3->1 MB, 4 MB goal, 0 MB stacks, 0 MB globals, 2 P
gc 205 @6.083s 2%: 0.056+1.1+0.014 ms clock, 0.11+0.56/0.61/0+0.028 ms cpu, 3->3->1 MB, 4 MB goal, 0 MB stacks, 0 MB globals, 2 P
gc 206 @6.093s 2%: 0.079+0.92+0.020 ms clock, 0.15+0.79/0.51/0+0.040 ms cpu, 3->3->1 MB, 4 MB goal, 0 MB stacks, 0 MB globals, 2 P
gc 207 @6.103s 2%: 0.039+1.1+0.003 ms clock, 0.078+0.78/0.55/0+0.006 ms cpu, 3->3->1 MB, 4 MB goal, 0 MB stacks, 0 MB globals, 2 P
gc 208 @6.113s 2%: 0.057+1.1+0.034 ms clock, 0.11+0.53/0.81/0+0.069 ms cpu, 3->3->1 MB, 4 MB goal, 0 MB stacks, 0 MB globals, 2 P
gc 209 @6.124s 2%: 0.021+2.8+0.082 ms clock, 0.042+0.79/0.50/0+0.16 ms cpu, 3->3->1 MB, 4 MB goal, 0 MB stacks, 0 MB globals, 2 P
gc 210 @6.133s 2%: 0.028+1.3+0.020 ms clock, 0.057+0.63/0.79/0+0.041 ms cpu, 3->3->1 MB, 4 MB goal, 0 MB stacks, 0 MB globals, 2 P
gc 211 @6.143s 2%: 0.018+3.5+0.003 ms clock, 0.037+0.42/0.35/0+0.006 ms cpu, 3->3->1 MB, 4 MB goal, 0 MB stacks, 0 MB globals, 2 P
gc 212 @6.153s 2%: 0.037+0.98+0.032 ms clock, 0.075+0.59/0.69/0+0.065 ms cpu, 3->3->1 MB, 4 MB goal, 0 MB stacks, 0 MB globals, 2 P
gc 213 @6.163s 2%: 0.058+3.6+0.021 ms clock, 0.11+0.79/0.57/0+0.043 ms cpu, 3->3->1 MB, 4 MB goal, 0 MB stacks, 0 MB globals, 2 P
gc 214 @6.173s 2%: 0.039+1.0+0.023 ms clock, 0.078+0.69/0.55/0+0.047 ms cpu, 3->3->1 MB, 4 MB goal, 0 MB stacks, 0 MB globals, 2 P
gc 215 @6.182s 2%: 1.4+2.0+0.018 ms clock, 2.8+0.30/2.3/0+0.036 ms cpu, 3->3->1 MB, 4 MB goal, 0 MB stacks, 0 MB globals, 2 P
gc 216 @6.192s 2%: 0.044+1.0+0.019 ms clock, 0.089+0.57/0.54/0+0.038 ms cpu, 3->3->1 MB, 4 MB goal, 0 MB stacks, 0 MB globals, 2 P
gc 217 @6.202s 2%: 0.092+1.1+0.023 ms clock, 0.18+0.68/0.57/0+0.046 ms cpu, 3->3->1 MB, 4 MB goal, 0 MB stacks, 0 MB globals, 2 P
gc 218 @6.211s 2%: 0.018+2.6+0.004 ms clock, 0.036+0.70/0.49/0+0.008 ms cpu, 3->3->1 MB, 4 MB goal, 0 MB stacks, 0 MB globals, 2 P
gc 219 @6.221s 2%: 0.050+0.90+0.003 ms clock, 0.10+0.75/0.46/0+0.007 ms cpu, 3->3->1 MB, 4 MB goal, 0 MB stacks, 0 MB globals, 2 P
gc 220 @6.231s 2%: 0.049+1.0+0.031 ms clock, 0.098+0.71/0.59/0+0.062 ms cpu, 3->3->1 MB, 4 MB goal, 0 MB stacks, 0 MB globals, 2 P
gc 221 @6.241s 2%: 0.047+0.90+0.003 ms clock, 0.094+0.74/0.50/0+0.007 ms cpu, 3->3->1 MB, 4 MB goal, 0 MB stacks, 0 MB globals, 2 P
gc 222 @6.251s 2%: 0.032+0.97+0.035 ms clock, 0.064+0.72/0.50/0+0.070 ms cpu, 3->3->1 MB, 4 MB goal, 0 MB stacks, 0 MB globals, 2 P
gc 223 @6.260s 2%: 0.056+2.3+0.010 ms clock, 0.11+0.49/0.65/0+0.021 ms cpu, 3->3->1 MB, 4 MB goal, 0 MB stacks, 0 MB globals, 2 P
gc 224 @6.271s 2%: 0.047+0.96+0.019 ms clock, 0.094+0.67/0.58/0+0.039 ms cpu, 3->3->1 MB, 4 MB goal, 0 MB stacks, 0 MB globals, 2 P
gc 225 @6.282s 2%: 0.065+2.5+0.043 ms clock, 0.13+0.45/0.69/0+0.086 ms cpu, 3->3->1 MB, 4 MB goal, 0 MB stacks, 0 MB globals, 2 P
gc 226 @6.292s 2%: 0.049+1.0+0.039 ms clock, 0.099+0.71/0.59/0+0.078 ms cpu, 3->3->1 MB, 4 MB goal, 0 MB stacks, 0 MB globals, 2 P
gc 227 @6.302s 2%: 0.069+1.7+0.031 ms clock, 0.13+0.48/0.93/0+0.062 ms cpu, 3->3->1 MB, 4 MB goal, 0 MB stacks, 0 MB globals, 2 P
gc 228 @6.313s 2%: 0.037+0.92+0.017 ms clock, 0.075+0.79/0.48/0+0.035 ms cpu, 3->3->1 MB, 4 MB goal, 0 MB stacks, 0 MB globals, 2 P
gc 229 @6.323s 2%: 0.042+3.1+0.094 ms clock, 0.084+0.64/0.64/0+0.18 ms cpu, 3->3->1 MB, 4 MB goal, 0 MB stacks, 0 MB globals, 2 P
gc 230 @6.333s 2%: 0.058+1.0+0.003 ms clock, 0.11+0.74/0.49/0+0.007 ms cpu, 3->3->1 MB, 4 MB goal, 0 MB stacks, 0 MB globals, 2 P
gc 231 @6.342s 2%: 0.020+1.1+0.020 ms clock, 0.041+0.77/0.56/0+0.041 ms cpu, 3->3->1 MB, 4 MB goal, 0 MB stacks, 0 MB globals, 2 P
gc 232 @6.352s 2%: 0.035+2.8+0.018 ms clock, 0.070+0.59/0.86/0+0.037 ms cpu, 3->3->1 MB, 4 MB goal, 0 MB stacks, 0 MB globals, 2 P
gc 233 @6.362s 2%: 0.039+1.0+0.020 ms clock, 0.079+0.62/0.59/0+0.041 ms cpu, 3->3->1 MB, 4 MB goal, 0 MB stacks, 0 MB globals, 2 P
gc 234 @6.372s 2%: 0.039+0.94+0.003 ms clock, 0.078+0.88/0.42/0+0.007 ms cpu, 3->3->1 MB, 4 MB goal, 0 MB stacks, 0 MB globals, 2 P
gc 235 @6.381s 2%: 0.016+1.7+0.004 ms clock, 0.033+0.75/0.45/0+0.008 ms cpu, 3->3->1 MB, 4 MB goal, 0 MB stacks, 0 MB globals, 2 P
gc 236 @6.391s 2%: 0.062+3.6+0.026 ms clock, 0.12+0.87/0.48/0+0.053 ms cpu, 3->3->1 MB, 4 MB goal, 0 MB stacks, 0 MB globals, 2 P
gc 237 @6.401s 2%: 0.046+1.3+0.002 ms clock, 0.093+0.44/0.69/0+0.005 ms cpu, 3->3->1 MB, 4 MB goal, 0 MB stacks, 0 MB globals, 2 P
gc 238 @6.411s 2%: 0.21+1.3+0.013 ms clock, 0.42+0.34/0.87/0+0.026 ms cpu, 3->3->1 MB, 4 MB goal, 0 MB stacks, 0 MB globals, 2 P
gc 239 @6.420s 2%: 0.047+1.3+0.020 ms clock, 0.095+0.56/0.58/0+0.041 ms cpu, 3->3->1 MB, 4 MB goal, 0 MB stacks, 0 MB globals, 2 P
gc 240 @6.430s 2%: 0.021+1.2+0.003 ms clock, 0.042+0.58/0.58/0+0.007 ms cpu, 3->3->1 MB, 4 MB goal, 0 MB stacks, 0 MB globals, 2 P
gc 241 @6.439s 2%: 0.018+0.93+0.022 ms clock, 0.037+0.67/0.57/0+0.045 ms cpu, 3->3->1 MB, 4 MB goal, 0 MB stacks, 0 MB globals, 2 P
gc 242 @6.450s 2%: 0.55+1.7+0.032 ms clock, 1.1+0.37/0.75/0+0.064 ms cpu, 3->3->1 MB, 4 MB goal, 0 MB stacks, 0 MB globals, 2 P
gc 243 @6.461s 2%: 0.017+0.97+0.018 ms clock, 0.034+0.55/0.56/0+0.036 ms cpu, 3->3->1 MB, 4 MB goal, 0 MB stacks, 0 MB globals, 2 P
gc 244 @6.472s 2%: 0.077+2.0+0.089 ms clock, 0.15+0.54/0.86/0+0.17 ms cpu, 3->3->1 MB, 4 MB goal, 0 MB stacks, 0 MB globals, 2 P
gc 245 @6.483s 2%: 0.034+1.1+0.023 ms clock, 0.068+0.62/0.56/0+0.046 ms cpu, 3->3->1 MB, 4 MB goal, 0 MB stacks, 0 MB globals, 2 P
gc 246 @6.494s 2%: 0.050+0.90+0.010 ms clock, 0.10+0.72/0.52/0+0.020 ms cpu, 3->3->1 MB, 4 MB goal, 0 MB stacks, 0 MB globals, 2 P
gc 247 @6.504s 2%: 0.062+0.98+0.005 ms clock, 0.12+0.71/0.53/0+0.010 ms cpu, 3->3->1 MB, 4 MB goal, 0 MB stacks, 0 MB globals, 2 P
gc 248 @6.515s 2%: 0.020+0.93+0.036 ms clock, 0.040+0.71/0.50/0+0.073 ms cpu, 3->3->1 MB, 4 MB goal, 0 MB stacks, 0 MB globals, 2 P
gc 249 @6.525s 2%: 0.054+0.96+0.015 ms clock, 0.10+0.76/0.55/0+0.031 ms cpu, 3->3->1 MB, 4 MB goal, 0 MB stacks, 0 MB globals, 2 P
gc 250 @6.536s 2%: 0.015+0.94+0.026 ms clock, 0.030+0.78/0.46/0+0.052 ms cpu, 3->3->1 MB, 4 MB goal, 0 MB stacks, 0 MB globals, 2 P
gc 251 @6.547s 2%: 0.021+1.0+0.017 ms clock, 0.042+0.65/0.67/0+0.035 ms cpu, 3->3->1 MB, 4 MB goal, 0 MB stacks, 0 MB globals, 2 P
gc 252 @6.558s 2%: 0.022+1.0+0.024 ms clock, 0.044+0.68/0.52/0+0.049 ms cpu, 3->3->1 MB, 4 MB goal, 0 MB stacks, 0 MB globals, 2 P
gc 253 @6.569s 2%: 0.051+1.0+0.039 ms clock, 0.10+0.69/0.59/0+0.078 ms cpu, 3->3->1 MB, 4 MB goal, 0 MB stacks, 0 MB globals, 2 P
gc 254 @6.579s 2%: 0.046+1.1+0.017 ms clock, 0.093+0.52/0.65/0+0.035 ms cpu, 3->3->1 MB, 4 MB goal, 0 MB stacks, 0 MB globals, 2 P
gc 255 @6.589s 2%: 0.87+0.69+0.015 ms clock, 1.7+0.29/1.0/0+0.031 ms cpu, 3->3->1 MB, 4 MB goal, 0 MB stacks, 0 MB globals, 2 P
gc 256 @6.600s 2%: 0.041+0.83+0.003 ms clock, 0.083+0.77/0.40/0+0.006 ms cpu, 3->3->1 MB, 4 MB goal, 0 MB stacks, 0 MB globals, 2 P
gc 257 @6.611s 2%: 0.039+2.8+0.070 ms clock, 0.078+0.64/0.65/0+0.14 ms cpu, 3->3->1 MB, 4 MB goal, 0 MB stacks, 0 MB globals, 2 P
gc 258 @6.620s 2%: 0.046+2.3+0.045 ms clock, 0.093+0.79/0.46/0+0.090 ms cpu, 3->3->1 MB, 4 MB goal, 0 MB stacks, 0 MB globals, 2 P
gc 259 @6.630s 2%: 0.039+0.96+0.014 ms clock, 0.078+0.78/0.43/0+0.029 ms cpu, 3->3->1 MB, 4 MB goal, 0 MB stacks, 0 MB globals, 2 P
gc 260 @6.640s 2%: 0.065+2.8+0.050 ms clock, 0.13+0.66/0.65/0+0.10 ms cpu, 3->3->1 MB, 4 MB goal, 0 MB stacks, 0 MB globals, 2 P
gc 261 @6.650s 2%: 0.046+0.97+0.025 ms clock, 0.092+0.72/0.52/0+0.050 ms cpu, 3->3->1 MB, 4 MB goal, 0 MB stacks, 0 MB globals, 2 P
gc 262 @6.659s 2%: 0.042+3.1+0.003 ms clock, 0.085+0.43/0.66/0+0.006 ms cpu, 3->3->1 MB, 4 MB goal, 0 MB stacks, 0 MB globals, 2 P
gc 263 @6.669s 2%: 0.98+2.3+0.019 ms clock, 1.9+0.40/1.0/0+0.039 ms cpu, 3->3->1 MB, 4 MB goal, 0 MB stacks, 0 MB globals, 2 P
gc 264 @6.679s 2%: 0.033+1.2+0.011 ms clock, 0.066+0.75/0.58/0+0.022 ms cpu, 3->3->1 MB, 4 MB goal, 0 MB stacks, 0 MB globals, 2 P
gc 265 @6.689s 2%: 0.043+2.1+0.005 ms clock, 0.087+0.58/0.62/0+0.010 ms cpu, 3->3->1 MB, 4 MB goal, 0 MB stacks, 0 MB globals, 2 P
gc 266 @6.699s 2%: 0.054+0.99+0.022 ms clock, 0.10+0.62/0.57/0+0.044 ms cpu, 3->3->1 MB, 4 MB goal, 0 MB stacks, 0 MB globals, 2 P
gc 267 @6.708s 2%: 0.055+1.2+0.016 ms clock, 0.11+0.74/0.61/0+0.032 ms cpu, 3->3->1 MB, 4 MB goal, 0 MB stacks, 0 MB globals, 2 P
gc 268 @6.718s 2%: 0.86+0.64+0.022 ms clock, 1.7+0.46/0.78/0+0.044 ms cpu, 3->3->1 MB, 4 MB goal, 0 MB stacks, 0 MB globals, 2 P
gc 269 @6.728s 2%: 0.045+1.5+0.004 ms clock, 0.090+0.57/0.61/0+0.008 ms cpu, 3->3->1 MB, 4 MB goal, 0 MB stacks, 0 MB globals, 2 P
gc 270 @6.738s 2%: 0.067+1.2+0.017 ms clock, 0.13+0.47/0.65/0+0.035 ms cpu, 3->3->1 MB, 4 MB goal, 0 MB stacks, 0 MB globals, 2 P
gc 271 @6.749s 2%: 0.84+1.1+0.009 ms clock, 1.6+0.14/1.4/0+0.019 ms cpu, 3->3->1 MB, 4 MB goal, 0 MB stacks, 0 MB globals, 2 P
gc 272 @6.760s 2%: 0.041+0.95+0.004 ms clock, 0.082+0.78/0.49/0+0.009 ms cpu, 3->3->1 MB, 4 MB goal, 0 MB stacks, 0 MB globals, 2 P
gc 273 @6.770s 2%: 1.1+1.5+0.003 ms clock, 2.2+0.36/1.5/0+0.006 ms cpu, 3->3->1 MB, 4 MB goal, 0 MB stacks, 0 MB globals, 2 P
gc 274 @6.781s 2%: 0.90+1.8+0.002 ms clock, 1.8+0.39/1.4/0+0.005 ms cpu, 3->3->1 MB, 4 MB goal, 0 MB stacks, 0 MB globals, 2 P
gc 275 @6.792s 2%: 0.049+1.0+0.011 ms clock, 0.098+0.67/0.51/0+0.023 ms cpu, 3->3->1 MB, 4 MB goal, 0 MB stacks, 0 MB globals, 2 P
gc 276 @6.802s 2%: 0.026+2.6+0.003 ms clock, 0.053+0.71/0.64/0+0.006 ms cpu, 3->3->1 MB, 4 MB goal, 0 MB stacks, 0 MB globals, 2 P
gc 277 @6.812s 2%: 0.050+2.9+0.029 ms clock, 0.10+0.79/0.45/0+0.059 ms cpu, 3->3->1 MB, 4 MB goal, 0 MB stacks, 0 MB globals, 2 P
gc 278 @6.822s 2%: 0.053+1.0+0.018 ms clock, 0.10+0.66/0.53/0+0.036 ms cpu, 3->3->1 MB, 4 MB goal, 0 MB stacks, 0 MB globals, 2 P
gc 279 @6.831s 2%: 0.020+3.3+0.006 ms clock, 0.041+0.65/0.64/0+0.013 ms cpu, 3->3->1 MB, 4 MB goal, 0 MB stacks, 0 MB globals, 2 P
gc 280 @6.841s 2%: 0.046+1.1+0.019 ms clock, 0.093+0.64/0.56/0+0.038 ms cpu, 3->3->1 MB, 4 MB goal, 0 MB stacks, 0 MB globals, 2 P
gc 281 @6.851s 2%: 0.057+3.6+0.006 ms clock, 0.11+0.60/0.60/0+0.012 ms cpu, 3->3->1 MB, 4 MB goal, 0 MB stacks, 0 MB globals, 2 P
gc 282 @6.861s 2%: 0.73+2.6+0.003 ms clock, 1.4+0.28/2.2/0+0.006 ms cpu, 3->3->1 MB, 4 MB goal, 0 MB stacks, 0 MB globals, 2 P
gc 283 @6.871s 2%: 0.053+1.2+0.003 ms clock, 0.10+0.41/0.70/0+0.006 ms cpu, 3->3->1 MB, 4 MB goal, 0 MB stacks, 0 MB globals, 2 P
gc 284 @6.881s 2%: 0.049+1.1+0.019 ms clock, 0.099+0.53/0.62/0+0.038 ms cpu, 3->3->1 MB, 4 MB goal, 0 MB stacks, 0 MB globals, 2 P
gc 285 @6.890s 2%: 0.051+0.95+0.012 ms clock, 0.10+0.80/0.53/0+0.025 ms cpu, 3->3->1 MB, 4 MB goal, 0 MB stacks, 0 MB globals, 2 P
gc 286 @6.900s 2%: 0.017+1.0+0.003 ms clock, 0.034+0.57/0.60/0+0.007 ms cpu, 3->3->1 MB, 4 MB goal, 0 MB stacks, 0 MB globals, 2 P
gc 287 @6.910s 2%: 0.014+1.0+0.016 ms clock, 0.028+0.84/0.44/0+0.033 ms cpu, 3->3->1 MB, 4 MB goal, 0 MB stacks, 0 MB globals, 2 P
gc 288 @6.920s 2%: 0.045+0.93+0.002 ms clock, 0.090+0.67/0.60/0+0.005 ms cpu, 3->3->1 MB, 4 MB goal, 0 MB stacks, 0 MB globals, 2 P
gc 289 @6.930s 2%: 0.035+0.97+0.022 ms clock, 0.071+0.60/0.63/0+0.045 ms cpu, 3->3->1 MB, 4 MB goal, 0 MB stacks, 0 MB globals, 2 P
gc 290 @6.941s 2%: 0.045+0.91+0.010 ms clock, 0.090+0.52/0.62/0+0.021 ms cpu, 3->3->1 MB, 4 MB goal, 0 MB stacks, 0 MB globals, 2 P
gc 291 @6.951s 2%: 0.045+0.89+0.037 ms clock, 0.090+0.83/0.41/0+0.075 ms cpu, 3->3->1 MB, 4 MB goal, 0 MB stacks, 0 MB globals, 2 P
gc 292 @6.961s 2%: 0.051+1.1+0.015 ms clock, 0.10+0.74/0.56/0+0.030 ms cpu, 3->3->1 MB, 4 MB goal, 0 MB stacks, 0 MB globals, 2 P
gc 293 @6.971s 2%: 0.037+0.97+0.002 ms clock, 0.074+0.43/0.64/0+0.005 ms cpu, 3->3->1 MB, 4 MB goal, 0 MB stacks, 0 MB globals, 2 P
gc 294 @6.982s 2%: 0.047+0.95+0.011 ms clock, 0.095+0.73/0.49/0+0.023 ms cpu, 3->3->1 MB, 4 MB goal, 0 MB stacks, 0 MB globals, 2 P
gc 295 @6.992s 2%: 0.045+0.93+0.002 ms clock, 0.090+0.75/0.55/0+0.005 ms cpu, 3->3->1 MB, 4 MB goal, 0 MB stacks, 0 MB globals, 2 P
gc 296 @7.003s 2%: 0.042+2.8+0.003 ms clock, 0.085+0.77/0.53/0+0.006 ms cpu, 3->3->1 MB, 4 MB goal, 0 MB stacks, 0 MB globals, 2 P
gc 297 @7.012s 2%: 0.041+0.88+0.015 ms clock, 0.083+0.66/0.48/0+0.031 ms cpu, 3->3->1 MB, 4 MB goal, 0 MB stacks, 0 MB globals, 2 P
gc 298 @7.022s 2%: 0.046+1.0+0.016 ms clock, 0.093+0.60/0.67/0+0.033 ms cpu, 3->3->1 MB, 4 MB goal, 0 MB stacks, 0 MB globals, 2 P
gc 299 @7.031s 2%: 0.062+1.1+0.004 ms clock, 0.12+0.52/0.63/0+0.008 ms cpu, 3->3->1 MB, 4 MB goal, 0 MB stacks, 0 MB globals, 2 P
gc 300 @7.040s 2%: 0.036+1.7+0.010 ms clock, 0.073+0.52/1.0/0+0.020 ms cpu, 3->3->1 MB, 4 MB goal, 0 MB stacks, 0 MB globals, 2 P
gc 301 @7.050s 2%: 0.76+0.71+0.002 ms clock, 1.5+0.36/0.82/0+0.005 ms cpu, 3->3->1 MB, 4 MB goal, 0 MB stacks, 0 MB globals, 2 P
gc 302 @7.061s 2%: 0.059+0.97+0.018 ms clock, 0.11+0.73/0.45/0+0.036 ms cpu, 3->3->1 MB, 4 MB goal, 0 MB stacks, 0 MB globals, 2 P
gc 303 @7.073s 2%: 0.034+1.0+0.011 ms clock, 0.069+0.66/0.65/0+0.022 ms cpu, 3->3->1 MB, 4 MB goal, 0 MB stacks, 0 MB globals, 2 P
gc 304 @7.084s 2%: 1.1+1.7+0.021 ms clock, 2.2+0.40/1.9/0+0.043 ms cpu, 3->3->1 MB, 4 MB goal, 0 MB stacks, 0 MB globals, 2 P
gc 305 @7.095s 2%: 0.048+2.4+0.098 ms clock, 0.097+0.76/0.51/0+0.19 ms cpu, 3->3->1 MB, 4 MB goal, 0 MB stacks, 0 MB globals, 2 P
gc 306 @7.105s 2%: 0.024+0.96+0.002 ms clock, 0.048+0.72/0.54/0+0.005 ms cpu, 3->3->1 MB, 4 MB goal, 0 MB stacks, 0 MB globals, 2 P
gc 307 @7.114s 2%: 0.040+1.0+0.002 ms clock, 0.081+0.80/0.47/0+0.005 ms cpu, 3->3->1 MB, 4 MB goal, 0 MB stacks, 0 MB globals, 2 P
gc 308 @7.124s 3%: 0.051+2.3+0.020 ms clock, 0.10+0.59/0.62/0+0.040 ms cpu, 3->3->1 MB, 4 MB goal, 0 MB stacks, 0 MB globals, 2 P
gc 309 @7.133s 3%: 0.064+1.1+0.003 ms clock, 0.12+0.54/0.61/0+0.006 ms cpu, 3->3->1 MB, 4 MB goal, 0 MB stacks, 0 MB globals, 2 P
gc 310 @7.143s 3%: 0.045+0.96+0.032 ms clock, 0.090+0.84/0.45/0+0.065 ms cpu, 3->3->1 MB, 4 MB goal, 0 MB stacks, 0 MB globals, 2 P
gc 311 @7.153s 3%: 0.022+1.9+0.025 ms clock, 0.044+0.58/0.64/0+0.051 ms cpu, 3->3->1 MB, 4 MB goal, 0 MB stacks, 0 MB globals, 2 P
gc 312 @7.163s 3%: 0.040+2.9+0.005 ms clock, 0.081+0.64/0.49/0+0.010 ms cpu, 3->3->1 MB, 4 MB goal, 0 MB stacks, 0 MB globals, 2 P
gc 313 @7.173s 3%: 1.3+2.2+0.007 ms clock, 2.6+0.34/1.0/0+0.015 ms cpu, 3->3->1 MB, 4 MB goal, 0 MB stacks, 0 MB globals, 2 P
gc 314 @7.183s 3%: 0.018+1.0+0.022 ms clock, 0.037+0.58/0.61/0+0.044 ms cpu, 3->3->1 MB, 4 MB goal, 0 MB stacks, 0 MB globals, 2 P
gc 315 @7.193s 3%: 0.077+0.90+0.003 ms clock, 0.15+0.72/0.58/0+0.006 ms cpu, 3->3->1 MB, 4 MB goal, 0 MB stacks, 0 MB globals, 2 P
gc 316 @7.202s 3%: 0.015+0.94+0.014 ms clock, 0.031+0.79/0.48/0+0.028 ms cpu, 3->3->1 MB, 4 MB goal, 0 MB stacks, 0 MB globals, 2 P
gc 317 @7.212s 3%: 0.051+1.0+0.006 ms clock, 0.10+0.58/0.54/0+0.012 ms cpu, 3->3->1 MB, 4 MB goal, 0 MB stacks, 0 MB globals, 2 P
gc 318 @7.222s 3%: 0.066+1.2+0.009 ms clock, 0.13+0.45/0.67/0+0.018 ms cpu, 3->3->1 MB, 4 MB goal, 0 MB stacks, 0 MB globals, 2 P
gc 319 @7.233s 3%: 0.042+1.0+0.003 ms clock, 0.084+0.67/0.58/0+0.006 ms cpu, 3->3->1 MB, 4 MB goal, 0 MB stacks, 0 MB globals, 2 P
gc 320 @7.244s 3%: 0.039+2.3+0.003 ms clock, 0.079+0.85/0.45/0+0.007 ms cpu, 3->3->1 MB, 4 MB goal, 0 MB stacks, 0 MB globals, 2 P
gc 321 @7.254s 3%: 0.020+1.1+0.024 ms clock, 0.041+0.62/0.62/0+0.049 ms cpu, 3->3->1 MB, 4 MB goal, 0 MB stacks, 0 MB globals, 2 P
gc 322 @7.263s 3%: 0.054+1.3+0.020 ms clock, 0.10+0.42/0.79/0+0.041 ms cpu, 3->3->1 MB, 4 MB goal, 0 MB stacks, 0 MB globals, 2 P
gc 323 @7.273s 3%: 0.059+0.91+0.009 ms clock, 0.11+0.77/0.48/0+0.019 ms cpu, 3->3->1 MB, 4 MB goal, 0 MB stacks, 0 MB globals, 2 P
gc 324 @7.282s 3%: 0.051+3.6+0.002 ms clock, 0.10+0.50/0.68/0+0.005 ms cpu, 3->3->1 MB, 4 MB goal, 0 MB stacks, 0 MB globals, 2 P
gc 325 @7.293s 3%: 0.021+2.3+0.003 ms clock, 0.042+0.69/0.52/0+0.007 ms cpu, 3->3->1 MB, 4 MB goal, 0 MB stacks, 0 MB globals, 2 P
gc 326 @7.302s 3%: 0.021+1.4+0.004 ms clock, 0.042+0.69/0.64/0+0.008 ms cpu, 3->3->1 MB, 4 MB goal, 0 MB stacks, 0 MB globals, 2 P
gc 327 @7.312s 3%: 0.037+1.3+0.003 ms clock, 0.074+0.47/0.69/0+0.006 ms cpu, 3->3->1 MB, 4 MB goal, 0 MB stacks, 0 MB globals, 2 P
gc 328 @7.321s 3%: 0.049+1.0+0.004 ms clock, 0.099+0.61/0.57/0+0.008 ms cpu, 3->3->1 MB, 4 MB goal, 0 MB stacks, 0 MB globals, 2 P
gc 329 @7.331s 3%: 0.050+1.0+0.031 ms clock, 0.10+0.64/0.61/0+0.063 ms cpu, 3->3->1 MB, 4 MB goal, 0 MB stacks, 0 MB globals, 2 P
gc 330 @7.340s 3%: 0.067+0.98+0.015 ms clock, 0.13+0.75/0.49/0+0.030 ms cpu, 3->3->1 MB, 4 MB goal, 0 MB stacks, 0 MB globals, 2 P
gc 331 @7.351s 3%: 0.074+2.5+0.012 ms clock, 0.14+0.50/0.62/0+0.024 ms cpu, 3->3->1 MB, 4 MB goal, 0 MB stacks, 0 MB globals, 2 P
gc 332 @7.362s 3%: 1.2+2.0+0.002 ms clock, 2.5+0.26/0.84/0+0.005 ms cpu, 3->3->1 MB, 4 MB goal, 0 MB stacks, 0 MB globals, 2 P
gc 333 @7.372s 3%: 0.036+0.93+0.022 ms clock, 0.072+0.69/0.57/0+0.044 ms cpu, 3->3->1 MB, 4 MB goal, 0 MB stacks, 0 MB globals, 2 P
gc 334 @7.382s 3%: 0.057+1.2+0.018 ms clock, 0.11+0.42/0.64/0+0.037 ms cpu, 3->3->1 MB, 4 MB goal, 0 MB stacks, 0 MB globals, 2 P
gc 335 @7.392s 3%: 1.4+1.6+0.020 ms clock, 2.8+0.30/1.8/0+0.041 ms cpu, 3->3->1 MB, 4 MB goal, 0 MB stacks, 0 MB globals, 2 P
gc 336 @7.402s 3%: 0.88+0.42+0.020 ms clock, 1.7+0.25/0.70/0+0.040 ms cpu, 3->3->1 MB, 4 MB goal, 0 MB stacks, 0 MB globals, 2 P
gc 337 @7.412s 3%: 0.014+0.92+0.027 ms clock, 0.029+0.64/0.49/0+0.054 ms cpu, 3->3->1 MB, 4 MB goal, 0 MB stacks, 0 MB globals, 2 P
gc 338 @7.423s 3%: 0.058+0.90+0.019 ms clock, 0.11+0.60/0.60/0+0.039 ms cpu, 3->3->1 MB, 4 MB goal, 0 MB stacks, 0 MB globals, 2 P
gc 339 @7.434s 3%: 0.054+1.1+0.040 ms clock, 0.10+0.74/0.53/0+0.081 ms cpu, 3->3->1 MB, 4 MB goal, 0 MB stacks, 0 MB globals, 2 P
gc 340 @7.445s 3%: 0.065+0.94+0.032 ms clock, 0.13+0.63/0.54/0+0.064 ms cpu, 3->3->1 MB, 4 MB goal, 0 MB stacks, 0 MB globals, 2 P
gc 341 @7.456s 3%: 0.022+0.92+0.023 ms clock, 0.044+0.76/0.54/0+0.046 ms cpu, 3->3->1 MB, 4 MB goal, 0 MB stacks, 0 MB globals, 2 P
gc 342 @7.467s 3%: 0.020+0.95+0.023 ms clock, 0.041+0.54/0.64/0+0.046 ms cpu, 3->3->1 MB, 4 MB goal, 0 MB stacks, 0 MB globals, 2 P
gc 343 @7.477s 3%: 0.048+1.1+0.022 ms clock, 0.096+0.60/0.58/0+0.044 ms cpu, 3->3->1 MB, 4 MB goal, 0 MB stacks, 0 MB globals, 2 P
gc 344 @7.488s 3%: 0.021+0.83+0.002 ms clock, 0.042+0.70/0.46/0+0.005 ms cpu, 3->3->1 MB, 4 MB goal, 0 MB stacks, 0 MB globals, 2 P
gc 345 @7.499s 3%: 0.025+0.97+0.003 ms clock, 0.051+0.70/0.54/0+0.007 ms cpu, 3->3->1 MB, 4 MB goal, 0 MB stacks, 0 MB globals, 2 P
gc 346 @7.510s 3%: 0.022+3.0+0.002 ms clock, 0.044+0.69/0.68/0+0.005 ms cpu, 3->3->1 MB, 4 MB goal, 0 MB stacks, 0 MB globals, 2 P
gc 347 @7.520s 3%: 0.049+0.95+0.016 ms clock, 0.098+0.81/0.44/0+0.032 ms cpu, 3->3->1 MB, 4 MB goal, 0 MB stacks, 0 MB globals, 2 P
gc 348 @7.529s 3%: 0.010+0.93+0.017 ms clock, 0.021+0.69/0.56/0+0.035 ms cpu, 3->3->1 MB, 4 MB goal, 0 MB stacks, 0 MB globals, 2 P
gc 349 @7.539s 3%: 0.030+1.3+0.023 ms clock, 0.061+0.81/0.63/0+0.047 ms cpu, 3->3->1 MB, 4 MB goal, 0 MB stacks, 0 MB globals, 2 P
gc 350 @7.548s 3%: 0.079+2.5+0.023 ms clock, 0.15+0.57/0.85/0+0.046 ms cpu, 3->3->1 MB, 4 MB goal, 0 MB stacks, 0 MB globals, 2 P
gc 351 @7.558s 3%: 0.061+0.95+0.009 ms clock, 0.12+0.71/0.54/0+0.019 ms cpu, 3->3->1 MB, 4 MB goal, 0 MB stacks, 0 MB globals, 2 P
gc 352 @7.568s 3%: 0.063+2.9+0.023 ms clock, 0.12+0.77/0.51/0+0.047 ms cpu, 3->3->1 MB, 4 MB goal, 0 MB stacks, 0 MB globals, 2 P
gc 353 @7.578s 3%: 0.046+1.1+0.013 ms clock, 0.093+0.61/0.64/0+0.026 ms cpu, 3->3->1 MB, 4 MB goal, 0 MB stacks, 0 MB globals, 2 P
gc 354 @7.587s 3%: 0.039+0.96+0.032 ms clock, 0.079+0.65/0.47/0+0.064 ms cpu, 3->3->1 MB, 4 MB goal, 0 MB stacks, 0 MB globals, 2 P
gc 355 @7.597s 3%: 0.046+1.0+0.023 ms clock, 0.093+0.69/0.59/0+0.047 ms cpu, 3->3->1 MB, 4 MB goal, 0 MB stacks, 0 MB globals, 2 P
gc 356 @7.606s 3%: 0.042+0.84+0.017 ms clock, 0.085+0.71/0.48/0+0.034 ms cpu, 3->3->1 MB, 4 MB goal, 0 MB stacks, 0 MB globals, 2 P
gc 357 @7.616s 3%: 0.077+2.6+0.030 ms clock, 0.15+0.42/0.78/0+0.060 ms cpu, 3->3->1 MB, 4 MB goal, 0 MB stacks, 0 MB globals, 2 P
gc 358 @7.626s 3%: 0.046+2.9+0.007 ms clock, 0.093+0.75/0.55/0+0.015 ms cpu, 3->3->1 MB, 4 MB goal, 0 MB stacks, 0 MB globals, 2 P
gc 359 @7.637s 3%: 0.023+1.1+0.030 ms clock, 0.047+0.54/0.72/0+0.060 ms cpu, 3->3->1 MB, 4 MB goal, 0 MB stacks, 0 MB globals, 2 P
gc 360 @7.646s 3%: 0.043+0.96+0.033 ms clock, 0.087+0.71/0.55/0+0.066 ms cpu, 3->3->1 MB, 4 MB goal, 0 MB stacks, 0 MB globals, 2 P
gc 361 @7.655s 3%: 0.039+1.2+0.035 ms clock, 0.079+0.66/0.65/0+0.070 ms cpu, 3->3->1 MB, 4 MB goal, 0 MB stacks, 0 MB globals, 2 P
gc 362 @7.664s 3%: 0.020+2.3+0.012 ms clock, 0.040+0.71/0.48/0+0.025 ms cpu, 3->3->1 MB, 4 MB goal, 0 MB stacks, 0 MB globals, 2 P
gc 363 @7.674s 3%: 0.035+1.3+0.004 ms clock, 0.071+0.44/0.74/0+0.008 ms cpu, 3->3->1 MB, 4 MB goal, 0 MB stacks, 0 MB globals, 2 P
gc 364 @7.684s 3%: 0.044+1.0+0.023 ms clock, 0.089+0.58/0.56/0+0.047 ms cpu, 3->3->1 MB, 4 MB goal, 0 MB stacks, 0 MB globals, 2 P
gc 365 @7.694s 3%: 0.032+0.93+0.017 ms clock, 0.064+0.69/0.50/0+0.035 ms cpu, 3->3->1 MB, 4 MB goal, 0 MB stacks, 0 MB globals, 2 P
gc 366 @7.704s 3%: 0.071+0.93+0.002 ms clock, 0.14+0.71/0.56/0+0.005 ms cpu, 3->3->1 MB, 4 MB goal, 0 MB stacks, 0 MB globals, 2 P
gc 367 @7.714s 3%: 0.041+1.2+0.021 ms clock, 0.083+0.58/0.69/0+0.043 ms cpu, 3->3->1 MB, 4 MB goal, 0 MB stacks, 0 MB globals, 2 P
gc 368 @7.725s 3%: 0.042+2.2+0.006 ms clock, 0.084+0.65/0.56/0+0.012 ms cpu, 3->3->1 MB, 4 MB goal, 0 MB stacks, 0 MB globals, 2 P
gc 369 @7.735s 3%: 0.037+3.1+0.005 ms clock, 0.075+0.61/0.58/0+0.010 ms cpu, 3->3->1 MB, 4 MB goal, 0 MB stacks, 0 MB globals, 2 P
gc 370 @7.745s 3%: 0.048+2.8+0.020 ms clock, 0.096+0.57/0.53/0+0.040 ms cpu, 3->3->1 MB, 4 MB goal, 0 MB stacks, 0 MB globals, 2 P
gc 371 @7.755s 3%: 0.043+1.2+0.030 ms clock, 0.086+0.64/0.62/0+0.061 ms cpu, 3->3->1 MB, 4 MB goal, 0 MB stacks, 0 MB globals, 2 P
gc 372 @7.764s 3%: 0.021+0.94+0.034 ms clock, 0.043+0.72/0.54/0+0.068 ms cpu, 3->3->1 MB, 4 MB goal, 0 MB stacks, 0 MB globals, 2 P
gc 373 @7.774s 3%: 0.017+1.1+0.003 ms clock, 0.034+0.46/0.34/0+0.006 ms cpu, 3->3->1 MB, 4 MB goal, 0 MB stacks, 0 MB globals, 2 P
gc 374 @7.783s 3%: 1.1+2.3+0.009 ms clock, 2.2+0.29/1.5/0+0.018 ms cpu, 3->3->1 MB, 4 MB goal, 0 MB stacks, 0 MB globals, 2 P
gc 375 @7.794s 3%: 0.78+0.45+0.004 ms clock, 1.5+0.47/0.47/0+0.009 ms cpu, 3->3->1 MB, 4 MB goal, 0 MB stacks, 0 MB globals, 2 P
gc 376 @7.804s 3%: 0.015+3.0+0.030 ms clock, 0.031+0.44/0.28/0+0.060 ms cpu, 3->3->1 MB, 4 MB goal, 0 MB stacks, 0 MB globals, 2 P
gc 377 @7.814s 3%: 0.084+1.0+0.004 ms clock, 0.16+0.74/0.53/0+0.009 ms cpu, 3->3->1 MB, 4 MB goal, 0 MB stacks, 0 MB globals, 2 P
gc 378 @7.824s 3%: 1.0+1.8+0.029 ms clock, 2.0+0.37/2.2/0+0.058 ms cpu, 3->3->1 MB, 4 MB goal, 0 MB stacks, 0 MB globals, 2 P
gc 379 @7.834s 3%: 0.020+3.0+0.032 ms clock, 0.041+0.78/0.48/0+0.064 ms cpu, 3->3->1 MB, 4 MB goal, 0 MB stacks, 0 MB globals, 2 P
gc 380 @7.844s 3%: 0.050+0.97+0.019 ms clock, 0.10+0.58/0.58/0+0.039 ms cpu, 3->3->1 MB, 4 MB goal, 0 MB stacks, 0 MB globals, 2 P
gc 381 @7.854s 3%: 0.62+0.97+0.018 ms clock, 1.2+0.31/1.2/0+0.036 ms cpu, 3->3->1 MB, 4 MB goal, 0 MB stacks, 0 MB globals, 2 P
gc 382 @7.863s 3%: 0.066+1.3+0.029 ms clock, 0.13+0.47/0.74/0+0.058 ms cpu, 3->3->1 MB, 4 MB goal, 0 MB stacks, 0 MB globals, 2 P
gc 383 @7.873s 3%: 0.040+1.3+0.056 ms clock, 0.080+0.49/0.64/0+0.11 ms cpu, 3->3->1 MB, 4 MB goal, 0 MB stacks, 0 MB globals, 2 P
gc 384 @7.882s 3%: 0.061+1.0+0.029 ms clock, 0.12+0.67/0.61/0+0.058 ms cpu, 3->3->1 MB, 4 MB goal, 0 MB stacks, 0 MB globals, 2 P
gc 385 @7.893s 3%: 0.026+0.85+0.018 ms clock, 0.052+0.70/0.44/0+0.036 ms cpu, 3->3->1 MB, 4 MB goal, 0 MB stacks, 0 MB globals, 2 P
gc 386 @7.904s 3%: 0.014+0.91+0.005 ms clock, 0.029+0.76/0.49/0+0.010 ms cpu, 3->3->1 MB, 4 MB goal, 0 MB stacks, 0 MB globals, 2 P
gc 387 @7.915s 3%: 0.053+1.1+0.016 ms clock, 0.10+0.62/0.60/0+0.033 ms cpu, 3->3->1 MB, 4 MB goal, 0 MB stacks, 0 MB globals, 2 P
gc 388 @7.926s 3%: 0.054+1.8+0.012 ms clock, 0.10+0.46/0.92/0+0.025 ms cpu, 3->3->1 MB, 4 MB goal, 0 MB stacks, 0 MB globals, 2 P
gc 389 @7.936s 3%: 0.082+2.0+0.003 ms clock, 0.16+0.62/0.59/0+0.007 ms cpu, 3->3->1 MB, 4 MB goal, 0 MB stacks, 0 MB globals, 2 P
gc 390 @7.947s 3%: 0.042+1.3+0.004 ms clock, 0.084+0.46/0.87/0+0.008 ms cpu, 3->3->1 MB, 4 MB goal, 0 MB stacks, 0 MB globals, 2 P
gc 391 @7.957s 3%: 0.049+0.97+0.003 ms clock, 0.098+0.74/0.53/0+0.007 ms cpu, 3->3->1 MB, 4 MB goal, 0 MB stacks, 0 MB globals, 2 P
gc 392 @7.968s 3%: 0.058+1.0+0.003 ms clock, 0.11+0.69/0.61/0+0.007 ms cpu, 3->3->1 MB, 4 MB goal, 0 MB stacks, 0 MB globals, 2 P
gc 393 @7.978s 3%: 0.024+1.1+0.003 ms clock, 0.049+0.61/0.62/0+0.007 ms cpu, 3->3->1 MB, 4 MB goal, 0 MB stacks, 0 MB globals, 2 P
gc 394 @7.988s 3%: 0.041+0.85+0.003 ms clock, 0.083+0.73/0.41/0+0.007 ms cpu, 3->3->1 MB, 4 MB goal, 0 MB stacks, 0 MB globals, 2 P
gc 395 @7.999s 3%: 0.039+1.4+0.004 ms clock, 0.079+0.42/0.75/0+0.008 ms cpu, 3->3->1 MB, 4 MB goal, 0 MB stacks, 0 MB globals, 2 P
gc 396 @8.010s 3%: 0.021+1.1+0.021 ms clock, 0.042+0.62/0.61/0+0.043 ms cpu, 3->3->1 MB, 4 MB goal, 0 MB stacks, 0 MB globals, 2 P
gc 397 @8.021s 3%: 0.018+0.90+0.019 ms clock, 0.036+0.82/0.48/0+0.038 ms cpu, 3->3->1 MB, 4 MB goal, 0 MB stacks, 0 MB globals, 2 P
gc 398 @8.032s 3%: 0.045+1.3+0.034 ms clock, 0.091+0.47/0.70/0+0.068 ms cpu, 3->3->1 MB, 4 MB goal, 0 MB stacks, 0 MB globals, 2 P
gc 399 @8.043s 3%: 0.074+1.4+0.012 ms clock, 0.14+0.45/0.79/0+0.025 ms cpu, 3->3->1 MB, 4 MB goal, 0 MB stacks, 0 MB globals, 2 P
gc 400 @8.054s 3%: 0.018+1.2+0.005 ms clock, 0.036+0.50/0.27/0+0.010 ms cpu, 3->3->1 MB, 4 MB goal, 0 MB stacks, 0 MB globals, 2 P
gc 401 @8.064s 3%: 0.019+1.0+0.003 ms clock, 0.039+0.76/0.47/0+0.007 ms cpu, 3->3->1 MB, 4 MB goal, 0 MB stacks, 0 MB globals, 2 P
gc 402 @8.075s 3%: 0.018+1.0+0.021 ms clock, 0.036+0.71/0.56/0+0.043 ms cpu, 3->3->1 MB, 4 MB goal, 0 MB stacks, 0 MB globals, 2 P
gc 403 @8.086s 3%: 0.076+1.2+0.018 ms clock, 0.15+0.60/0.75/0+0.036 ms cpu, 3->3->1 MB, 4 MB goal, 0 MB stacks, 0 MB globals, 2 P
gc 404 @8.097s 3%: 0.054+0.96+0.020 ms clock, 0.10+0.79/0.47/0+0.041 ms cpu, 3->3->1 MB, 4 MB goal, 0 MB stacks, 0 MB globals, 2 P
gc 405 @8.108s 3%: 0.019+1.1+0.011 ms clock, 0.038+0.50/0.62/0+0.022 ms cpu, 3->3->1 MB, 4 MB goal, 0 MB stacks, 0 MB globals, 2 P
gc 406 @8.118s 3%: 0.071+2.7+0.003 ms clock, 0.14+0.53/0.78/0+0.007 ms cpu, 3->3->1 MB, 4 MB goal, 0 MB stacks, 0 MB globals, 2 P
gc 407 @8.128s 3%: 0.017+2.8+0.021 ms clock, 0.035+0.42/0.34/0+0.042 ms cpu, 3->3->1 MB, 4 MB goal, 0 MB stacks, 0 MB globals, 2 P
gc 408 @8.138s 3%: 0.065+0.90+0.003 ms clock, 0.13+0.66/0.59/0+0.007 ms cpu, 3->3->1 MB, 4 MB goal, 0 MB stacks, 0 MB globals, 2 P
gc 409 @8.148s 3%: 0.044+0.91+0.032 ms clock, 0.088+0.72/0.50/0+0.065 ms cpu, 3->3->1 MB, 4 MB goal, 0 MB stacks, 0 MB globals, 2 P
gc 410 @8.158s 3%: 0.054+0.95+0.004 ms clock, 0.10+0.66/0.51/0+0.008 ms cpu, 3->3->1 MB, 4 MB goal, 0 MB stacks, 0 MB globals, 2 P
gc 411 @8.168s 3%: 0.073+0.99+0.018 ms clock, 0.14+0.69/0.56/0+0.037 ms cpu, 3->3->1 MB, 4 MB goal, 0 MB stacks, 0 MB globals, 2 P
gc 412 @8.179s 3%: 0.022+1.0+0.013 ms clock, 0.044+0.66/0.59/0+0.026 ms cpu, 3->3->1 MB, 4 MB goal, 0 MB stacks, 0 MB globals, 2 P
gc 413 @8.189s 3%: 0.018+1.3+0.026 ms clock, 0.037+0.60/0.73/0+0.053 ms cpu, 3->3->1 MB, 4 MB goal, 0 MB stacks, 0 MB globals, 2 P
gc 414 @8.200s 3%: 0.037+1.2+0.012 ms clock, 0.075+0.77/0.63/0+0.025 ms cpu, 3->3->1 MB, 4 MB goal, 0 MB stacks, 0 MB globals, 2 P
gc 415 @8.211s 3%: 0.012+2.9+0.017 ms clock, 0.025+0.69/0.49/0+0.034 ms cpu, 3->3->1 MB, 4 MB goal, 0 MB stacks, 0 MB globals, 2 P
gc 416 @8.221s 3%: 1.1+1.1+0.003 ms clock, 2.2+0.28/1.4/0+0.007 ms cpu, 3->3->1 MB, 4 MB goal, 0 MB stacks, 0 MB globals, 2 P
gc 417 @8.231s 3%: 0.071+1.1+0.018 ms clock, 0.14+0.58/0.61/0+0.037 ms cpu, 3->3->1 MB, 4 MB goal, 0 MB stacks, 0 MB globals, 2 P
gc 418 @8.240s 3%: 0.030+0.98+0.010 ms clock, 0.061+0.85/0.44/0+0.021 ms cpu, 3->3->1 MB, 4 MB goal, 0 MB stacks, 0 MB globals, 2 P
gc 419 @8.249s 3%: 0.038+1.4+0.019 ms clock, 0.077+0.72/0.52/0+0.038 ms cpu, 3->3->1 MB, 4 MB goal, 0 MB stacks, 0 MB globals, 2 P
gc 420 @8.259s 3%: 0.040+1.0+0.002 ms clock, 0.080+0.54/0.63/0+0.005 ms cpu, 3->3->1 MB, 4 MB goal, 0 MB stacks, 0 MB globals, 2 P
gc 421 @8.270s 3%: 0.043+1.2+0.019 ms clock, 0.087+0.55/0.64/0+0.038 ms cpu, 3->3->1 MB, 4 MB goal, 0 MB stacks, 0 MB globals, 2 P
gc 422 @8.280s 3%: 0.062+1.1+0.046 ms clock, 0.12+0.68/0.60/0+0.092 ms cpu, 3->3->1 MB, 4 MB goal, 0 MB stacks, 0 MB globals, 2 P
gc 423 @8.291s 3%: 0.037+0.87+0.032 ms clock, 0.074+0.67/0.54/0+0.064 ms cpu, 3->3->1 MB, 4 MB goal, 0 MB stacks, 0 MB globals, 2 P
gc 424 @8.302s 3%: 0.044+1.1+0.018 ms clock, 0.088+0.51/0.75/0+0.036 ms cpu, 3->3->1 MB, 4 MB goal, 0 MB stacks, 0 MB globals, 2 P
gc 425 @8.312s 3%: 0.082+1.0+0.004 ms clock, 0.16+0.62/0.71/0+0.009 ms cpu, 3->3->1 MB, 4 MB goal, 0 MB stacks, 0 MB globals, 2 P
gc 426 @8.323s 3%: 0.017+1.1+0.006 ms clock, 0.034+0.58/0.61/0+0.013 ms cpu, 3->3->1 MB, 4 MB goal, 0 MB stacks, 0 MB globals, 2 P
gc 427 @8.334s 3%: 0.024+2.3+0.003 ms clock, 0.049+0.71/0.57/0+0.007 ms cpu, 3->3->1 MB, 4 MB goal, 0 MB stacks, 0 MB globals, 2 P
gc 428 @8.344s 3%: 0.019+3.1+0.003 ms clock, 0.039+0.43/0.33/0+0.006 ms cpu, 3->3->1 MB, 4 MB goal, 0 MB stacks, 0 MB globals, 2 P
gc 429 @8.354s 3%: 0.045+0.96+0.009 ms clock, 0.090+0.70/0.54/0+0.019 ms cpu, 3->3->1 MB, 4 MB goal, 0 MB stacks, 0 MB globals, 2 P
gc 430 @8.364s 3%: 0.046+0.92+0.028 ms clock, 0.093+0.62/0.57/0+0.056 ms cpu, 3->3->1 MB, 4 MB goal, 0 MB stacks, 0 MB globals, 2 P
gc 431 @8.373s 3%: 0.024+1.0+0.014 ms clock, 0.049+0.59/0.60/0+0.029 ms cpu, 3->3->1 MB, 4 MB goal, 0 MB stacks, 0 MB globals, 2 P
gc 432 @8.383s 3%: 0.035+0.97+0.019 ms clock, 0.070+0.75/0.49/0+0.038 ms cpu, 3->3->1 MB, 4 MB goal, 0 MB stacks, 0 MB globals, 2 P
gc 433 @8.393s 3%: 0.050+1.0+0.016 ms clock, 0.10+0.78/0.47/0+0.032 ms cpu, 3->3->1 MB, 4 MB goal, 0 MB stacks, 0 MB globals, 2 P
gc 434 @8.404s 3%: 0.013+0.90+0.020 ms clock, 0.027+0.80/0.44/0+0.041 ms cpu, 3->3->1 MB, 4 MB goal, 0 MB stacks, 0 MB globals, 2 P
gc 435 @8.413s 3%: 0.025+0.89+0.015 ms clock, 0.050+0.80/0.43/0+0.030 ms cpu, 3->3->1 MB, 4 MB goal, 0 MB stacks, 0 MB globals, 2 P
gc 436 @8.423s 3%: 0.052+0.86+0.026 ms clock, 0.10+0.66/0.50/0+0.053 ms cpu, 3->3->1 MB, 4 MB goal, 0 MB stacks, 0 MB globals, 2 P
gc 437 @8.433s 3%: 0.046+0.91+0.003 ms clock, 0.093+0.72/0.53/0+0.006 ms cpu, 3->3->1 MB, 4 MB goal, 0 MB stacks, 0 MB globals, 2 P
gc 438 @8.442s 3%: 0.44+0.77+0.015 ms clock, 0.88+0.47/0.68/0+0.031 ms cpu, 3->3->1 MB, 4 MB goal, 0 MB stacks, 0 MB globals, 2 P
gc 439 @8.452s 3%: 0.018+3.0+0.029 ms clock, 0.037+0.28/0.49/0+0.059 ms cpu, 3->3->1 MB, 4 MB goal, 0 MB stacks, 0 MB globals, 2 P
gc 440 @8.462s 3%: 0.019+0.97+0.003 ms clock, 0.039+0.68/0.54/0+0.007 ms cpu, 3->3->1 MB, 4 MB goal, 0 MB stacks, 0 MB globals, 2 P
gc 441 @8.473s 3%: 0.047+1.0+0.017 ms clock, 0.095+0.60/0.57/0+0.035 ms cpu, 3->3->1 MB, 4 MB goal, 0 MB stacks, 0 MB globals, 2 P
gc 442 @8.483s 3%: 0.056+0.99+0.003 ms clock, 0.11+0.70/0.57/0+0.007 ms cpu, 3->3->1 MB, 4 MB goal, 0 MB stacks, 0 MB globals, 2 P
gc 443 @8.494s 3%: 0.065+1.0+0.020 ms clock, 0.13+0.56/0.61/0+0.041 ms cpu, 3->3->1 MB, 4 MB goal, 0 MB stacks, 0 MB globals, 2 P
gc 444 @8.504s 3%: 0.017+0.86+0.015 ms clock, 0.035+0.70/0.45/0+0.030 ms cpu, 3->3->1 MB, 4 MB goal, 0 MB stacks, 0 MB globals, 2 P
gc 445 @8.515s 3%: 0.017+2.6+0.004 ms clock, 0.035+0.32/0.41/0+0.008 ms cpu, 3->3->1 MB, 4 MB goal, 0 MB stacks, 0 MB globals, 2 P
gc 446 @8.526s 3%: 0.048+0.89+0.018 ms clock, 0.096+0.68/0.51/0+0.037 ms cpu, 3->3->1 MB, 4 MB goal, 0 MB stacks, 0 MB globals, 2 P
gc 447 @8.536s 3%: 0.040+1.1+0.015 ms clock, 0.080+0.54/0.78/0+0.031 ms cpu, 3->3->1 MB, 4 MB goal, 0 MB stacks, 0 MB globals, 2 P
gc 448 @8.546s 3%: 0.045+0.88+0.002 ms clock, 0.090+0.69/0.50/0+0.005 ms cpu, 3->3->1 MB, 4 MB goal, 0 MB stacks, 0 MB globals, 2 P
gc 449 @8.557s 3%: 0.050+1.9+0.004 ms clock, 0.10+0.71/0.59/0+0.009 ms cpu, 3->3->1 MB, 4 MB goal, 0 MB stacks, 0 MB globals, 2 P
gc 450 @8.567s 3%: 0.034+0.89+0.020 ms clock, 0.068+0.76/0.47/0+0.040 ms cpu, 3->3->1 MB, 4 MB goal, 0 MB stacks, 0 MB globals, 2 P
gc 451 @8.577s 3%: 0.037+2.6+0.002 ms clock, 0.075+0.66/0.47/0+0.005 ms cpu, 3->3->1 MB, 4 MB goal, 0 MB stacks, 0 MB globals, 2 P
gc 452 @8.587s 3%: 0.045+0.86+0.019 ms clock, 0.090+0.77/0.42/0+0.038 ms cpu, 3->3->1 MB, 4 MB goal, 0 MB stacks, 0 MB globals, 2 P
gc 453 @8.597s 3%: 0.047+1.1+0.003 ms clock, 0.095+0.60/0.53/0+0.006 ms cpu, 3->3->1 MB, 4 MB goal, 0 MB stacks, 0 MB globals, 2 P
gc 454 @8.606s 3%: 0.028+0.92+0.032 ms clock, 0.056+0.78/0.50/0+0.065 ms cpu, 3->3->1 MB, 4 MB goal, 0 MB stacks, 0 MB globals, 2 P
gc 455 @8.616s 3%: 0.020+0.89+0.002 ms clock, 0.040+0.71/0.50/0+0.005 ms cpu, 3->3->1 MB, 4 MB goal, 0 MB stacks, 0 MB globals, 2 P
gc 456 @8.626s 3%: 0.029+3.3+0.002 ms clock, 0.058+0.46/0.40/0+0.005 ms cpu, 3->3->1 MB, 4 MB goal, 0 MB stacks, 0 MB globals, 2 P
gc 457 @8.636s 3%: 0.052+0.97+0.003 ms clock, 0.10+0.79/0.49/0+0.007 ms cpu, 3->3->1 MB, 4 MB goal, 0 MB stacks, 0 MB globals, 2 P
gc 458 @8.646s 3%: 0.051+2.9+0.003 ms clock, 0.10+0.70/0.59/0+0.006 ms cpu, 3->3->1 MB, 4 MB goal, 0 MB stacks, 0 MB globals, 2 P
gc 459 @8.656s 3%: 0.046+1.2+0.010 ms clock, 0.092+0.46/0.67/0+0.021 ms cpu, 3->3->1 MB, 4 MB goal, 0 MB stacks, 0 MB globals, 2 P
gc 460 @8.666s 3%: 0.016+0.97+0.009 ms clock, 0.032+0.69/0.55/0+0.018 ms cpu, 3->3->1 MB, 4 MB goal, 0 MB stacks, 0 MB globals, 2 P
gc 461 @8.675s 3%: 0.052+1.1+0.003 ms clock, 0.10+0.60/0.63/0+0.006 ms cpu, 3->3->1 MB, 4 MB goal, 0 MB stacks, 0 MB globals, 2 P
gc 462 @8.685s 3%: 0.042+1.5+0.006 ms clock, 0.084+0.58/0.53/0+0.012 ms cpu, 3->3->1 MB, 4 MB goal, 0 MB stacks, 0 MB globals, 2 P
gc 463 @8.695s 3%: 0.045+1.4+0.004 ms clock, 0.091+0.46/0.76/0+0.009 ms cpu, 3->3->1 MB, 4 MB goal, 0 MB stacks, 0 MB globals, 2 P
gc 464 @8.706s 3%: 0.055+1.0+0.036 ms clock, 0.11+0.64/0.59/0+0.072 ms cpu, 3->3->1 MB, 4 MB goal, 0 MB stacks, 0 MB globals, 2 P
gc 465 @8.716s 3%: 0.019+0.98+0.020 ms clock, 0.039+0.73/0.50/0+0.041 ms cpu, 3->3->1 MB, 4 MB goal, 0 MB stacks, 0 MB globals, 2 P
gc 466 @8.727s 3%: 0.055+1.3+0.011 ms clock, 0.11+0.40/0.75/0+0.022 ms cpu, 3->3->1 MB, 4 MB goal, 0 MB stacks, 0 MB globals, 2 P
gc 467 @8.737s 3%: 0.072+1.5+0.019 ms clock, 0.14+0.41/0.93/0+0.038 ms cpu, 3->3->1 MB, 4 MB goal, 0 MB stacks, 0 MB globals, 2 P
gc 468 @8.747s 3%: 0.017+0.96+0.003 ms clock, 0.034+0.82/0.50/0+0.006 ms cpu, 3->3->1 MB, 4 MB goal, 0 MB stacks, 0 MB globals, 2 P
gc 469 @8.758s 3%: 0.065+0.91+0.015 ms clock, 0.13+0.72/0.53/0+0.030 ms cpu, 3->3->1 MB, 4 MB goal, 0 MB stacks, 0 MB globals, 2 P
gc 470 @8.768s 3%: 0.049+0.97+0.003 ms clock, 0.099+0.73/0.48/0+0.007 ms cpu, 3->3->1 MB, 4 MB goal, 0 MB stacks, 0 MB globals, 2 P
gc 471 @8.778s 3%: 0.016+2.8+0.004 ms clock, 0.032+0.78/0.49/0+0.008 ms cpu, 3->3->1 MB, 4 MB goal, 0 MB stacks, 0 MB globals, 2 P
gc 472 @8.788s 3%: 0.044+0.95+0.021 ms clock, 0.088+0.66/0.54/0+0.043 ms cpu, 3->3->1 MB, 4 MB goal, 0 MB stacks, 0 MB globals, 2 P
gc 473 @8.798s 3%: 0.020+1.2+0.003 ms clock, 0.040+0.66/0.58/0+0.007 ms cpu, 3->3->1 MB, 4 MB goal, 0 MB stacks, 0 MB globals, 2 P
gc 474 @8.807s 3%: 0.034+1.2+0.005 ms clock, 0.068+0.54/0.57/0+0.010 ms cpu, 3->3->1 MB, 4 MB goal, 0 MB stacks, 0 MB globals, 2 P
gc 475 @8.817s 3%: 0.92+2.7+0.028 ms clock, 1.8+0.28/1.0/0+0.057 ms cpu, 3->3->1 MB, 4 MB goal, 0 MB stacks, 0 MB globals, 2 P
gc 476 @8.827s 3%: 0.051+1.3+0.013 ms clock, 0.10+0.61/0.73/0+0.027 ms cpu, 3->3->1 MB, 4 MB goal, 0 MB stacks, 0 MB globals, 2 P
gc 477 @8.837s 3%: 0.021+0.94+0.016 ms clock, 0.042+0.69/0.53/0+0.032 ms cpu, 3->3->1 MB, 4 MB goal, 0 MB stacks, 0 MB globals, 2 P
gc 478 @8.847s 3%: 0.062+2.9+0.007 ms clock, 0.12+0.71/0.51/0+0.015 ms cpu, 3->3->1 MB, 4 MB goal, 0 MB stacks, 0 MB globals, 2 P
gc 479 @8.857s 3%: 0.030+1.4+0.006 ms clock, 0.060+0.70/0.56/0+0.013 ms cpu, 3->3->1 MB, 4 MB goal, 0 MB stacks, 0 MB globals, 2 P
gc 480 @8.867s 3%: 0.050+1.0+0.002 ms clock, 0.10+0.59/0.55/0+0.005 ms cpu, 3->3->1 MB, 4 MB goal, 0 MB stacks, 0 MB globals, 2 P
gc 481 @8.877s 3%: 1.7+0.70+0.005 ms clock, 3.4+0.38/0.95/0+0.010 ms cpu, 3->3->1 MB, 4 MB goal, 0 MB stacks, 0 MB globals, 2 P
gc 482 @8.887s 3%: 0.048+3.2+0.003 ms clock, 0.096+0.57/0.61/0+0.007 ms cpu, 3->3->1 MB, 4 MB goal, 0 MB stacks, 0 MB globals, 2 P
gc 483 @8.897s 3%: 0.050+1.0+0.016 ms clock, 0.10+0.68/0.56/0+0.033 ms cpu, 3->3->1 MB, 4 MB goal, 0 MB stacks, 0 MB globals, 2 P
gc 484 @8.907s 3%: 0.062+1.5+0.039 ms clock, 0.12+0.46/0.82/0+0.079 ms cpu, 3->3->1 MB, 4 MB goal, 0 MB stacks, 0 MB globals, 2 P
gc 485 @8.916s 3%: 0.062+0.99+0.037 ms clock, 0.12+0.60/0.68/0+0.074 ms cpu, 3->3->1 MB, 4 MB goal, 0 MB stacks, 0 MB globals, 2 P
gc 486 @8.926s 3%: 0.019+1.0+0.020 ms clock, 0.039+0.77/0.51/0+0.041 ms cpu, 3->3->1 MB, 4 MB goal, 0 MB stacks, 0 MB globals, 2 P
gc 487 @8.936s 3%: 0.072+1.0+0.045 ms clock, 0.14+0.65/0.59/0+0.090 ms cpu, 3->3->1 MB, 4 MB goal, 0 MB stacks, 0 MB globals, 2 P
gc 488 @8.946s 3%: 0.016+1.1+0.031 ms clock, 0.033+0.81/0.49/0+0.063 ms cpu, 3->3->1 MB, 4 MB goal, 0 MB stacks, 0 MB globals, 2 P
gc 489 @8.956s 3%: 0.49+1.9+0.011 ms clock, 0.98+2.0/0.42/0+0.022 ms cpu, 3->3->1 MB, 4 MB goal, 0 MB stacks, 0 MB globals, 2 P
gc 490 @8.966s 3%: 0.019+3.2+0.075 ms clock, 0.038+0.73/0.65/0+0.15 ms cpu, 3->3->1 MB, 4 MB goal, 0 MB stacks, 0 MB globals, 2 P
gc 491 @8.977s 3%: 0.048+1.0+0.020 ms clock, 0.097+0.71/0.51/0+0.041 ms cpu, 3->3->1 MB, 4 MB goal, 0 MB stacks, 0 MB globals, 2 P
gc 492 @8.986s 3%: 0.74+2.4+0.004 ms clock, 1.4+0.53/0.54/0+0.009 ms cpu, 3->3->1 MB, 4 MB goal, 0 MB stacks, 0 MB globals, 2 P
gc 493 @8.996s 3%: 0.041+1.0+0.004 ms clock, 0.082+0.62/0.59/0+0.008 ms cpu, 3->3->1 MB, 4 MB goal, 0 MB stacks, 0 MB globals, 2 P
gc 494 @9.006s 3%: 0.052+1.6+0.003 ms clock, 0.10+0.61/0.56/0+0.007 ms cpu, 3->3->1 MB, 4 MB goal, 0 MB stacks, 0 MB globals, 2 P
gc 495 @9.015s 3%: 0.061+1.1+0.018 ms clock, 0.12+0.60/0.56/0+0.036 ms cpu, 3->3->1 MB, 4 MB goal, 0 MB stacks, 0 MB globals, 2 P
gc 496 @9.025s 3%: 0.060+1.0+0.017 ms clock, 0.12+0.67/0.64/0+0.035 ms cpu, 3->3->1 MB, 4 MB goal, 0 MB stacks, 0 MB globals, 2 P
gc 497 @9.034s 3%: 0.065+1.0+0.023 ms clock, 0.13+0.51/0.67/0+0.047 ms cpu, 3->3->1 MB, 4 MB goal, 0 MB stacks, 0 MB globals, 2 P
gc 498 @9.045s 3%: 0.021+1.1+0.024 ms clock, 0.042+0.47/0.69/0+0.049 ms cpu, 3->3->1 MB, 4 MB goal, 0 MB stacks, 0 MB globals, 2 P
gc 499 @9.055s 3%: 0.015+0.96+0.003 ms clock, 0.030+0.69/0.47/0+0.006 ms cpu, 3->3->1 MB, 4 MB goal, 0 MB stacks, 0 MB globals, 2 P
gc 500 @9.066s 3%: 0.055+1.0+0.017 ms clock, 0.11+0.80/0.48/0+0.034 ms cpu, 3->3->1 MB, 4 MB goal, 0 MB stacks, 0 MB globals, 2 P
gc 501 @9.077s 3%: 0.64+1.7+0.025 ms clock, 1.2+0.25/2.0/0+0.050 ms cpu, 3->3->1 MB, 4 MB goal, 0 MB stacks, 0 MB globals, 2 P
gc 502 @9.087s 3%: 0.057+1.1+0.032 ms clock, 0.11+0.59/0.56/0+0.065 ms cpu, 3->3->1 MB, 4 MB goal, 0 MB stacks, 0 MB globals, 2 P
gc 503 @9.098s 3%: 0.48+0.83+0.009 ms clock, 0.97+0.59/0.67/0+0.019 ms cpu, 3->3->1 MB, 4 MB goal, 0 MB stacks, 0 MB globals, 2 P
gc 504 @9.109s 3%: 0.020+0.99+0.020 ms clock, 0.040+0.77/0.50/0+0.040 ms cpu, 3->3->1 MB, 4 MB goal, 0 MB stacks, 0 MB globals, 2 P
gc 505 @9.119s 3%: 0.016+1.0+0.015 ms clock, 0.033+0.62/0.61/0+0.031 ms cpu, 3->3->1 MB, 4 MB goal, 0 MB stacks, 0 MB globals, 2 P
gc 506 @9.130s 3%: 0.039+1.1+0.024 ms clock, 0.078+0.60/0.66/0+0.049 ms cpu, 3->3->1 MB, 4 MB goal, 0 MB stacks, 0 MB globals, 2 P
gc 507 @9.140s 3%: 0.038+1.2+0.026 ms clock, 0.077+0.48/0.64/0+0.053 ms cpu, 3->3->1 MB, 4 MB goal, 0 MB stacks, 0 MB globals, 2 P
gc 508 @9.150s 3%: 0.054+0.99+0.022 ms clock, 0.10+0.81/0.54/0+0.044 ms cpu, 3->3->1 MB, 4 MB goal, 0 MB stacks, 0 MB globals, 2 P
gc 509 @9.161s 3%: 0.021+1.0+0.019 ms clock, 0.043+0.67/0.56/0+0.039 ms cpu, 3->3->1 MB, 4 MB goal, 0 MB stacks, 0 MB globals, 2 P
gc 510 @9.171s 3%: 0.067+0.99+0.021 ms clock, 0.13+0.58/0.67/0+0.043 ms cpu, 3->3->1 MB, 4 MB goal, 0 MB stacks, 0 MB globals, 2 P
gc 511 @9.182s 3%: 0.83+0.48+0.031 ms clock, 1.6+0.57/0.56/0+0.062 ms cpu, 3->3->1 MB, 4 MB goal, 0 MB stacks, 0 MB globals, 2 P
gc 512 @9.192s 3%: 0.059+1.2+0.005 ms clock, 0.11+0.81/0.50/0+0.011 ms cpu, 3->3->1 MB, 4 MB goal, 0 MB stacks, 0 MB globals, 2 P
gc 513 @9.203s 3%: 0.053+1.3+0.002 ms clock, 0.10+0.48/0.70/0+0.005 ms cpu, 3->3->1 MB, 4 MB goal, 0 MB stacks, 0 MB globals, 2 P
gc 514 @9.214s 3%: 0.062+1.1+0.022 ms clock, 0.12+0.55/0.71/0+0.044 ms cpu, 3->3->1 MB, 4 MB goal, 0 MB stacks, 0 MB globals, 2 P
gc 515 @9.224s 3%: 0.056+1.1+0.011 ms clock, 0.11+0.61/0.60/0+0.022 ms cpu, 3->3->1 MB, 4 MB goal, 0 MB stacks, 0 MB globals, 2 P
gc 516 @9.235s 3%: 0.015+1.0+0.020 ms clock, 0.030+0.66/0.55/0+0.041 ms cpu, 3->3->1 MB, 4 MB goal, 0 MB stacks, 0 MB globals, 2 P
gc 517 @9.245s 3%: 0.037+0.97+0.003 ms clock, 0.074+0.73/0.49/0+0.007 ms cpu, 3->3->1 MB, 4 MB goal, 0 MB stacks, 0 MB globals, 2 P
gc 518 @9.256s 3%: 0.032+2.1+0.036 ms clock, 0.064+0.57/0.82/0+0.072 ms cpu, 3->3->1 MB, 4 MB goal, 0 MB stacks, 0 MB globals, 2 P
gc 519 @9.267s 3%: 0.019+0.95+0.022 ms clock, 0.038+0.69/0.56/0+0.044 ms cpu, 3->3->1 MB, 4 MB goal, 0 MB stacks, 0 MB globals, 2 P
gc 520 @9.277s 3%: 0.021+1.5+0.028 ms clock, 0.042+0.69/0.55/0+0.056 ms cpu, 3->3->1 MB, 4 MB goal, 0 MB stacks, 0 MB globals, 2 P
gc 521 @9.287s 3%: 0.017+2.8+0.003 ms clock, 0.035+0.47/0.25/0+0.006 ms cpu, 3->3->1 MB, 4 MB goal, 0 MB stacks, 0 MB globals, 2 P
gc 522 @9.298s 3%: 0.032+0.96+0.019 ms clock, 0.065+0.82/0.48/0+0.038 ms cpu, 3->3->1 MB, 4 MB goal, 0 MB stacks, 0 MB globals, 2 P
gc 523 @9.308s 3%: 0.021+2.5+0.085 ms clock, 0.042+0.74/0.52/0+0.17 ms cpu, 3->3->1 MB, 4 MB goal, 0 MB stacks, 0 MB globals, 2 P
gc 524 @9.318s 3%: 0.024+1.0+0.019 ms clock, 0.048+0.69/0.50/0+0.039 ms cpu, 3->3->1 MB, 4 MB goal, 0 MB stacks, 0 MB globals, 2 P
gc 525 @9.327s 3%: 0.059+0.89+0.021 ms clock, 0.11+0.74/0.51/0+0.042 ms cpu, 3->3->1 MB, 4 MB goal, 0 MB stacks, 0 MB globals, 2 P
gc 526 @9.336s 3%: 0.015+0.89+0.018 ms clock, 0.030+0.79/0.47/0+0.037 ms cpu, 3->3->1 MB, 4 MB goal, 0 MB stacks, 0 MB globals, 2 P
gc 527 @9.346s 3%: 0.069+1.3+0.015 ms clock, 0.13+0.42/0.73/0+0.031 ms cpu, 3->3->1 MB, 4 MB goal, 0 MB stacks, 0 MB globals, 2 P
gc 528 @9.355s 3%: 0.062+3.5+0.028 ms clock, 0.12+0.74/0.61/0+0.057 ms cpu, 3->3->1 MB, 4 MB goal, 0 MB stacks, 0 MB globals, 2 P
gc 529 @9.365s 3%: 0.045+1.3+0.019 ms clock, 0.090+0.60/0.78/0+0.039 ms cpu, 3->3->1 MB, 4 MB goal, 0 MB stacks, 0 MB globals, 2 P
gc 530 @9.375s 3%: 0.043+1.1+0.025 ms clock, 0.087+0.59/0.59/0+0.051 ms cpu, 3->3->1 MB, 4 MB goal, 0 MB stacks, 0 MB globals, 2 P
gc 531 @9.384s 3%: 0.060+0.98+0.018 ms clock, 0.12+0.76/0.51/0+0.037 ms cpu, 3->3->1 MB, 4 MB goal, 0 MB stacks, 0 MB globals, 2 P
gc 532 @9.394s 3%: 0.046+0.93+0.012 ms clock, 0.093+0.79/0.44/0+0.024 ms cpu, 3->3->1 MB, 4 MB goal, 0 MB stacks, 0 MB globals, 2 P
gc 533 @9.403s 3%: 0.022+3.7+0.004 ms clock, 0.045+0.76/0.46/0+0.008 ms cpu, 3->3->1 MB, 4 MB goal, 0 MB stacks, 0 MB globals, 2 P
gc 534 @9.413s 3%: 0.019+0.95+0.039 ms clock, 0.039+0.87/0.44/0+0.078 ms cpu, 3->3->1 MB, 4 MB goal, 0 MB stacks, 0 MB globals, 2 P
gc 535 @9.423s 3%: 0.028+1.0+0.023 ms clock, 0.057+0.67/0.60/0+0.047 ms cpu, 3->3->1 MB, 4 MB goal, 0 MB stacks, 0 MB globals, 2 P
gc 536 @9.432s 3%: 0.019+1.2+0.017 ms clock, 0.039+0.56/0.63/0+0.034 ms cpu, 3->3->1 MB, 4 MB goal, 0 MB stacks, 0 MB globals, 2 P
gc 537 @9.442s 3%: 0.050+1.3+0.012 ms clock, 0.10+0.25/0.68/0+0.025 ms cpu, 3->3->1 MB, 4 MB goal, 0 MB stacks, 0 MB globals, 2 P
gc 538 @9.451s 3%: 0.056+3.4+0.002 ms clock, 0.11+0.75/0.46/0+0.005 ms cpu, 3->3->1 MB, 4 MB goal, 0 MB stacks, 0 MB globals, 2 P
gc 539 @9.461s 3%: 0.066+1.2+0.003 ms clock, 0.13+0.43/0.74/0+0.006 ms cpu, 3->3->1 MB, 4 MB goal, 0 MB stacks, 0 MB globals, 2 P
gc 540 @9.471s 3%: 0.071+4.0+0.025 ms clock, 0.14+0.52/0.74/0+0.051 ms cpu, 3->3->1 MB, 4 MB goal, 0 MB stacks, 0 MB globals, 2 P
gc 541 @9.481s 3%: 0.018+0.95+0.032 ms clock, 0.037+0.65/0.50/0+0.065 ms cpu, 3->3->1 MB, 4 MB goal, 0 MB stacks, 0 MB globals, 2 P
gc 542 @9.491s 3%: 0.045+1.3+0.024 ms clock, 0.091+0.64/0.72/0+0.048 ms cpu, 3->3->1 MB, 4 MB goal, 0 MB stacks, 0 MB globals, 2 P
gc 543 @9.500s 3%: 0.019+1.0+0.040 ms clock, 0.039+0.74/0.57/0+0.080 ms cpu, 3->3->1 MB, 4 MB goal, 0 MB stacks, 0 MB globals, 2 P
gc 544 @9.509s 3%: 0.062+1.4+0.004 ms clock, 0.12+0.78/0.45/0+0.008 ms cpu, 3->3->1 MB, 4 MB goal, 0 MB stacks, 0 MB globals, 2 P
gc 545 @9.519s 3%: 0.018+1.0+0.030 ms clock, 0.036+0.54/0.69/0+0.060 ms cpu, 3->3->1 MB, 4 MB goal, 0 MB stacks, 0 MB globals, 2 P
gc 546 @9.529s 3%: 0.023+1.0+0.036 ms clock, 0.046+0.64/0.52/0+0.072 ms cpu, 3->3->1 MB, 4 MB goal, 0 MB stacks, 0 MB globals, 2 P
gc 547 @9.539s 3%: 0.020+1.0+0.035 ms clock, 0.040+0.76/0.51/0+0.070 ms cpu, 3->3->1 MB, 4 MB goal, 0 MB stacks, 0 MB globals, 2 P
gc 548 @9.548s 3%: 0.098+0.92+0.019 ms clock, 0.19+0.70/0.54/0+0.039 ms cpu, 3->3->1 MB, 4 MB goal, 0 MB stacks, 0 MB globals, 2 P
gc 549 @9.559s 3%: 0.074+0.95+0.004 ms clock, 0.14+0.54/0.65/0+0.009 ms cpu, 3->3->1 MB, 4 MB goal, 0 MB stacks, 0 MB globals, 2 P
gc 550 @9.570s 3%: 0.034+0.94+0.037 ms clock, 0.069+0.66/0.63/0+0.074 ms cpu, 3->3->1 MB, 4 MB goal, 0 MB stacks, 0 MB globals, 2 P
gc 551 @9.581s 3%: 0.041+0.98+0.023 ms clock, 0.083+0.56/0.67/0+0.046 ms cpu, 3->3->1 MB, 4 MB goal, 0 MB stacks, 0 MB globals, 2 P
gc 552 @9.592s 3%: 0.020+0.96+0.037 ms clock, 0.041+0.74/0.51/0+0.075 ms cpu, 3->3->1 MB, 4 MB goal, 0 MB stacks, 0 MB globals, 2 P
gc 553 @9.602s 3%: 0.081+1.3+0.012 ms clock, 0.16+0.51/0.72/0+0.024 ms cpu, 3->3->1 MB, 4 MB goal, 0 MB stacks, 0 MB globals, 2 P
gc 554 @9.612s 3%: 0.016+2.3+0.003 ms clock, 0.032+0.39/0.41/0+0.007 ms cpu, 3->3->1 MB, 4 MB goal, 0 MB stacks, 0 MB globals, 2 P
gc 555 @9.623s 3%: 1.0+2.7+0.006 ms clock, 2.0+0.083/1.0/0+0.012 ms cpu, 3->3->1 MB, 4 MB goal, 0 MB stacks, 0 MB globals, 2 P
gc 556 @9.632s 3%: 0.060+1.4+0.011 ms clock, 0.12+0.42/0.74/0+0.023 ms cpu, 3->3->1 MB, 4 MB goal, 0 MB stacks, 0 MB globals, 2 P
gc 557 @9.642s 3%: 0.049+2.7+0.006 ms clock, 0.099+0.50/0.66/0+0.013 ms cpu, 3->3->1 MB, 4 MB goal, 0 MB stacks, 0 MB globals, 2 P
gc 558 @9.652s 3%: 0.061+1.0+0.022 ms clock, 0.12+0.55/0.65/0+0.045 ms cpu, 3->3->1 MB, 4 MB goal, 0 MB stacks, 0 MB globals, 2 P
gc 559 @9.662s 3%: 0.046+0.85+0.015 ms clock, 0.093+0.77/0.50/0+0.031 ms cpu, 3->3->1 MB, 4 MB goal, 0 MB stacks, 0 MB globals, 2 P
gc 560 @9.673s 3%: 0.059+1.2+0.004 ms clock, 0.11+0.57/0.62/0+0.008 ms cpu, 3->3->1 MB, 4 MB goal, 0 MB stacks, 0 MB globals, 2 P
gc 561 @9.683s 3%: 1.1+2.0+0.005 ms clock, 2.2+0.31/1.5/0+0.010 ms cpu, 3->3->1 MB, 4 MB goal, 0 MB stacks, 0 MB globals, 2 P
gc 562 @9.693s 3%: 0.024+0.97+0.010 ms clock, 0.049+0.78/0.46/0+0.020 ms cpu, 3->3->1 MB, 4 MB goal, 0 MB stacks, 0 MB globals, 2 P
gc 563 @9.703s 3%: 0.045+0.96+0.011 ms clock, 0.091+0.84/0.49/0+0.023 ms cpu, 3->3->1 MB, 4 MB goal, 0 MB stacks, 0 MB globals, 2 P
gc 564 @9.713s 3%: 0.029+2.8+0.005 ms clock, 0.058+0.72/0.52/0+0.010 ms cpu, 3->3->1 MB, 4 MB goal, 0 MB stacks, 0 MB globals, 2 P
gc 565 @9.723s 3%: 1.5+2.1+0.009 ms clock, 3.1+0.31/1.8/0+0.018 ms cpu, 3->3->1 MB, 4 MB goal, 0 MB stacks, 0 MB globals, 2 P
gc 566 @9.733s 3%: 0.018+0.97+0.002 ms clock, 0.036+0.77/0.45/0+0.005 ms cpu, 3->3->1 MB, 4 MB goal, 0 MB stacks, 0 MB globals, 2 P
gc 567 @9.743s 3%: 1.4+1.7+0.016 ms clock, 2.9+0.29/2.2/0+0.033 ms cpu, 3->3->1 MB, 4 MB goal, 0 MB stacks, 0 MB globals, 2 P
gc 568 @9.752s 3%: 0.051+1.3+0.036 ms clock, 0.10+0.49/0.71/0+0.072 ms cpu, 3->3->1 MB, 4 MB goal, 0 MB stacks, 0 MB globals, 2 P
gc 569 @9.762s 3%: 0.040+1.0+0.037 ms clock, 0.081+0.63/0.57/0+0.075 ms cpu, 3->3->1 MB, 4 MB goal, 0 MB stacks, 0 MB globals, 2 P
gc 570 @9.773s 3%: 1.4+0.99+0.004 ms clock, 2.8+0.35/1.4/0+0.008 ms cpu, 3->3->1 MB, 4 MB goal, 0 MB stacks, 0 MB globals, 2 P
gc 571 @9.783s 3%: 0.016+2.4+0.004 ms clock, 0.032+0.55/0.58/0+0.008 ms cpu, 3->3->1 MB, 4 MB goal, 0 MB stacks, 0 MB globals, 2 P
gc 572 @9.793s 3%: 0.062+1.2+0.031 ms clock, 0.12+0.68/0.66/0+0.062 ms cpu, 3->3->1 MB, 4 MB goal, 0 MB stacks, 0 MB globals, 2 P
gc 573 @9.803s 3%: 0.056+1.4+0.020 ms clock, 0.11+0.43/0.72/0+0.041 ms cpu, 3->3->1 MB, 4 MB goal, 0 MB stacks, 0 MB globals, 2 P
gc 574 @9.814s 3%: 0.019+0.93+0.005 ms clock, 0.039+0.69/0.53/0+0.011 ms cpu, 3->3->1 MB, 4 MB goal, 0 MB stacks, 0 MB globals, 2 P
gc 575 @9.824s 3%: 0.036+1.0+0.032 ms clock, 0.073+0.76/0.56/0+0.065 ms cpu, 3->3->1 MB, 4 MB goal, 0 MB stacks, 0 MB globals, 2 P
gc 576 @9.833s 3%: 0.049+1.3+0.017 ms clock, 0.098+0.45/0.74/0+0.035 ms cpu, 3->3->1 MB, 4 MB goal, 0 MB stacks, 0 MB globals, 2 P
gc 577 @9.844s 4%: 0.037+1.0+0.012 ms clock, 0.075+0.78/0.48/0+0.024 ms cpu, 3->3->1 MB, 4 MB goal, 0 MB stacks, 0 MB globals, 2 P
gc 578 @9.854s 4%: 0.021+0.98+0.015 ms clock, 0.043+0.76/0.50/0+0.031 ms cpu, 3->3->1 MB, 4 MB goal, 0 MB stacks, 0 MB globals, 2 P
gc 579 @9.865s 4%: 0.063+1.1+0.016 ms clock, 0.12+0.66/0.59/0+0.032 ms cpu, 3->3->1 MB, 4 MB goal, 0 MB stacks, 0 MB globals, 2 P
gc 580 @9.876s 4%: 0.037+2.1+0.003 ms clock, 0.075+0.74/0.53/0+0.006 ms cpu, 3->3->1 MB, 4 MB goal, 0 MB stacks, 0 MB globals, 2 P
gc 581 @9.886s 4%: 0.015+0.97+0.026 ms clock, 0.030+0.82/0.45/0+0.052 ms cpu, 3->3->1 MB, 4 MB goal, 0 MB stacks, 0 MB globals, 2 P
gc 582 @9.895s 4%: 0.039+0.87+0.012 ms clock, 0.079+0.74/0.49/0+0.025 ms cpu, 3->3->1 MB, 4 MB goal, 0 MB stacks, 0 MB globals, 2 P
gc 583 @9.904s 4%: 0.014+1.0+0.013 ms clock, 0.029+0.60/0.58/0+0.026 ms cpu, 3->3->1 MB, 4 MB goal, 0 MB stacks, 0 MB globals, 2 P
gc 584 @9.914s 4%: 0.036+3.7+0.003 ms clock, 0.072+0.73/0.47/0+0.007 ms cpu, 3->3->1 MB, 4 MB goal, 0 MB stacks, 0 MB globals, 2 P
gc 585 @9.924s 4%: 1.1+1.9+0.003 ms clock, 2.2+0.29/1.5/0+0.006 ms cpu, 3->3->1 MB, 4 MB goal, 0 MB stacks, 0 MB globals, 2 P
gc 586 @9.934s 4%: 0.051+1.0+0.023 ms clock, 0.10+0.70/0.62/0+0.047 ms cpu, 3->3->1 MB, 4 MB goal, 0 MB stacks, 0 MB globals, 2 P
gc 587 @9.943s 4%: 0.039+0.92+0.015 ms clock, 0.078+0.75/0.53/0+0.031 ms cpu, 3->3->1 MB, 4 MB goal, 0 MB stacks, 0 MB globals, 2 P
gc 588 @9.952s 4%: 1.0+2.8+0.010 ms clock, 2.1+0.31/1.7/0+0.020 ms cpu, 3->3->1 MB, 4 MB goal, 0 MB stacks, 0 MB globals, 2 P
gc 589 @9.963s 4%: 0.021+0.98+0.003 ms clock, 0.042+0.72/0.51/0+0.007 ms cpu, 3->3->1 MB, 4 MB goal, 0 MB stacks, 0 MB globals, 2 P
gc 590 @9.973s 4%: 0.077+1.0+0.012 ms clock, 0.15+0.60/0.61/0+0.024 ms cpu, 3->3->1 MB, 4 MB goal, 0 MB stacks, 0 MB globals, 2 P
gc 591 @9.983s 4%: 0.020+1.0+0.003 ms clock, 0.040+0.78/0.47/0+0.006 ms cpu, 3->3->1 MB, 4 MB goal, 0 MB stacks, 0 MB globals, 2 P
gc 592 @9.993s 4%: 1.3+1.0+0.037 ms clock, 2.7+0.29/1.5/0+0.075 ms cpu, 3->3->1 MB, 4 MB goal, 0 MB stacks, 0 MB globals, 2 P
gc 593 @10.003s 4%: 0.066+1.0+0.035 ms clock, 0.13+0.72/0.59/0+0.071 ms cpu, 3->3->1 MB, 4 MB goal, 0 MB stacks, 0 MB globals, 2 P
gc 594 @10.013s 4%: 0.020+1.4+0.028 ms clock, 0.040+0.63/0.61/0+0.057 ms cpu, 3->3->1 MB, 4 MB goal, 0 MB stacks, 0 MB globals, 2 P
gc 595 @10.024s 4%: 1.0+1.6+0.021 ms clock, 2.1+0.45/1.7/0+0.042 ms cpu, 3->3->1 MB, 4 MB goal, 0 MB stacks, 0 MB globals, 2 P
gc 596 @10.035s 4%: 0.061+1.3+0.024 ms clock, 0.12+0.39/0.80/0+0.049 ms cpu, 3->3->1 MB, 4 MB goal, 0 MB stacks, 0 MB globals, 2 P
gc 597 @10.045s 4%: 0.037+1.3+0.017 ms clock, 0.075+0.46/0.77/0+0.034 ms cpu, 3->3->1 MB, 4 MB goal, 0 MB stacks, 0 MB globals, 2 P
gc 598 @10.055s 4%: 0.014+1.0+0.011 ms clock, 0.029+0.79/0.51/0+0.022 ms cpu, 3->3->1 MB, 4 MB goal, 0 MB stacks, 0 MB globals, 2 P
gc 599 @10.066s 4%: 0.022+1.1+0.019 ms clock, 0.044+0.68/0.61/0+0.038 ms cpu, 3->3->1 MB, 4 MB goal, 0 MB stacks, 0 MB globals, 2 P
gc 600 @10.076s 4%: 0.016+2.6+0.021 ms clock, 0.032+0.50/0.69/0+0.042 ms cpu, 3->3->1 MB, 4 MB goal, 0 MB stacks, 0 MB globals, 2 P
gc 601 @10.087s 4%: 0.052+1.3+0.019 ms clock, 0.10+0.75/0.64/0+0.038 ms cpu, 3->3->1 MB, 4 MB goal, 0 MB stacks, 0 MB globals, 2 P
gc 602 @10.096s 4%: 0.050+1.3+0.012 ms clock, 0.10+0.49/0.69/0+0.025 ms cpu, 3->3->1 MB, 4 MB goal, 0 MB stacks, 0 MB globals, 2 P
gc 603 @10.106s 4%: 0.039+1.1+0.019 ms clock, 0.078+0.55/0.59/0+0.038 ms cpu, 3->3->1 MB, 4 MB goal, 0 MB stacks, 0 MB globals, 2 P
gc 604 @10.115s 4%: 1.8+1.8+0.003 ms clock, 3.7+0.43/2.3/0+0.007 ms cpu, 3->3->1 MB, 4 MB goal, 0 MB stacks, 0 MB globals, 2 P
gc 605 @10.125s 4%: 0.042+1.1+0.019 ms clock, 0.085+0.70/0.65/0+0.039 ms cpu, 3->3->1 MB, 4 MB goal, 0 MB stacks, 0 MB globals, 2 P
gc 606 @10.134s 4%: 0.017+1.0+0.004 ms clock, 0.034+0.74/0.47/0+0.008 ms cpu, 3->3->1 MB, 4 MB goal, 0 MB stacks, 0 MB globals, 2 P
gc 607 @10.144s 4%: 0.023+0.93+0.022 ms clock, 0.046+0.84/0.47/0+0.044 ms cpu, 3->3->1 MB, 4 MB goal, 0 MB stacks, 0 MB globals, 2 P
gc 608 @10.154s 4%: 0.019+3.2+0.003 ms clock, 0.039+0.46/0.76/0+0.006 ms cpu, 3->3->1 MB, 4 MB goal, 0 MB stacks, 0 MB globals, 2 P
gc 609 @10.164s 4%: 0.047+1.0+0.039 ms clock, 0.095+0.58/0.58/0+0.078 ms cpu, 3->3->1 MB, 4 MB goal, 0 MB stacks, 0 MB globals, 2 P
gc 610 @10.174s 4%: 0.020+0.94+0.020 ms clock, 0.041+0.75/0.50/0+0.041 ms cpu, 3->3->1 MB, 4 MB goal, 0 MB stacks, 0 MB globals, 2 P
gc 611 @10.184s 4%: 0.043+2.6+0.017 ms clock, 0.087+0.83/0.47/0+0.035 ms cpu, 3->3->1 MB, 4 MB goal, 0 MB stacks, 0 MB globals, 2 P
gc 612 @10.194s 4%: 0.043+3.3+0.003 ms clock, 0.087+0.73/0.47/0+0.007 ms cpu, 3->3->1 MB, 4 MB goal, 0 MB stacks, 0 MB globals, 2 P
gc 613 @10.204s 4%: 0.063+2.7+0.003 ms clock, 0.12+0.56/0.77/0+0.007 ms cpu, 3->3->1 MB, 4 MB goal, 0 MB stacks, 0 MB globals, 2 P
gc 614 @10.214s 4%: 0.017+0.95+0.002 ms clock, 0.035+0.65/0.48/0+0.005 ms cpu, 3->3->1 MB, 4 MB goal, 0 MB stacks, 0 MB globals, 2 P
gc 615 @10.223s 4%: 0.069+1.0+0.026 ms clock, 0.13+0.66/0.59/0+0.053 ms cpu, 3->3->1 MB, 4 MB goal, 0 MB stacks, 0 MB globals, 2 P
gc 616 @10.233s 4%: 0.060+1.0+0.023 ms clock, 0.12+0.58/0.59/0+0.047 ms cpu, 3->3->1 MB, 4 MB goal, 0 MB stacks, 0 MB globals, 2 P
gc 617 @10.242s 4%: 0.046+1.5+0.019 ms clock, 0.092+0.65/0.76/0+0.038 ms cpu, 3->3->1 MB, 4 MB goal, 0 MB stacks, 0 MB globals, 2 P
gc 618 @10.252s 4%: 0.052+3.1+0.078 ms clock, 0.10+0.55/0.74/0+0.15 ms cpu, 3->3->1 MB, 4 MB goal, 0 MB stacks, 0 MB globals, 2 P
gc 619 @10.262s 4%: 0.32+1.1+0.028 ms clock, 0.64+0.56/0.65/0+0.057 ms cpu, 3->3->1 MB, 4 MB goal, 0 MB stacks, 0 MB globals, 2 P
gc 620 @10.272s 4%: 0.019+0.99+0.032 ms clock, 0.038+0.67/0.56/0+0.065 ms cpu, 3->3->1 MB, 4 MB goal, 0 MB stacks, 0 MB globals, 2 P
gc 621 @10.282s 4%: 0.018+0.97+0.039 ms clock, 0.037+0.81/0.46/0+0.078 ms cpu, 3->3->1 MB, 4 MB goal, 0 MB stacks, 0 MB globals, 2 P
gc 622 @10.291s 4%: 0.057+0.96+0.004 ms clock, 0.11+0.72/0.53/0+0.008 ms cpu, 3->3->1 MB, 4 MB goal, 0 MB stacks, 0 MB globals, 2 P
gc 623 @10.300s 4%: 0.045+0.92+0.016 ms clock, 0.090+0.80/0.46/0+0.033 ms cpu, 3->3->1 MB, 4 MB goal, 0 MB stacks, 0 MB globals, 2 P
gc 624 @10.311s 4%: 0.018+2.7+0.012 ms clock, 0.036+0.42/0.35/0+0.024 ms cpu, 3->3->1 MB, 4 MB goal, 0 MB stacks, 0 MB globals, 2 P
gc 625 @10.321s 4%: 0.058+1.2+0.016 ms clock, 0.11+0.50/0.63/0+0.032 ms cpu, 3->3->1 MB, 4 MB goal, 0 MB stacks, 0 MB globals, 2 P
gc 626 @10.331s 4%: 0.053+2.9+0.029 ms clock, 0.10+0.48/0.66/0+0.058 ms cpu, 3->3->1 MB, 4 MB goal, 0 MB stacks, 0 MB globals, 2 P
gc 627 @10.341s 4%: 0.053+0.99+0.011 ms clock, 0.10+0.71/0.49/0+0.022 ms cpu, 3->3->1 MB, 4 MB goal, 0 MB stacks, 0 MB globals, 2 P
gc 628 @10.351s 4%: 0.048+1.5+0.036 ms clock, 0.097+0.42/0.80/0+0.073 ms cpu, 3->3->1 MB, 4 MB goal, 0 MB stacks, 0 MB globals, 2 P
gc 629 @10.361s 4%: 0.014+1.5+0.004 ms clock, 0.028+0.62/0.77/0+0.009 ms cpu, 3->3->1 MB, 4 MB goal, 0 MB stacks, 0 MB globals, 2 P
gc 630 @10.371s 4%: 0.017+2.7+0.002 ms clock, 0.034+0.45/0.28/0+0.005 ms cpu, 3->3->1 MB, 4 MB goal, 0 MB stacks, 0 MB globals, 2 P
gc 631 @10.382s 4%: 0.055+1.1+0.010 ms clock, 0.11+0.63/0.59/0+0.021 ms cpu, 3->3->1 MB, 4 MB goal, 0 MB stacks, 0 MB globals, 2 P
gc 632 @10.392s 4%: 0.061+0.86+0.019 ms clock, 0.12+0.68/0.53/0+0.039 ms cpu, 3->3->1 MB, 4 MB goal, 0 MB stacks, 0 MB globals, 2 P
gc 633 @10.402s 4%: 0.096+2.3+0.089 ms clock, 0.19+0.59/0.81/0+0.17 ms cpu, 3->3->1 MB, 4 MB goal, 0 MB stacks, 0 MB globals, 2 P
gc 634 @10.413s 4%: 0.075+1.3+0.003 ms clock, 0.15+0.36/0.79/0+0.007 ms cpu, 3->3->1 MB, 4 MB goal, 0 MB stacks, 0 MB globals, 2 P
gc 635 @10.423s 4%: 0.034+3.0+0.003 ms clock, 0.069+0.74/0.53/0+0.006 ms cpu, 3->3->1 MB, 4 MB goal, 0 MB stacks, 0 MB globals, 2 P
gc 636 @10.433s 4%: 0.038+1.0+0.032 ms clock, 0.076+0.63/0.61/0+0.064 ms cpu, 3->3->1 MB, 4 MB goal, 0 MB stacks, 0 MB globals, 2 P
gc 637 @10.443s 4%: 0.038+1.1+0.028 ms clock, 0.077+0.68/0.66/0+0.056 ms cpu, 3->3->1 MB, 4 MB goal, 0 MB stacks, 0 MB globals, 2 P
gc 638 @10.452s 4%: 0.019+1.0+0.038 ms clock, 0.039+0.77/0.50/0+0.076 ms cpu, 3->3->1 MB, 4 MB goal, 0 MB stacks, 0 MB globals, 2 P
gc 639 @10.462s 4%: 0.043+1.2+0.002 ms clock, 0.087+0.56/0.60/0+0.005 ms cpu, 3->3->1 MB, 4 MB goal, 0 MB stacks, 0 MB globals, 2 P
gc 640 @10.471s 4%: 0.038+0.94+0.005 ms clock, 0.077+0.69/0.51/0+0.011 ms cpu, 3->3->1 MB, 4 MB goal, 0 MB stacks, 0 MB globals, 2 P
gc 641 @10.482s 4%: 0.044+1.1+0.021 ms clock, 0.088+0.43/0.30/0+0.043 ms cpu, 3->3->1 MB, 4 MB goal, 0 MB stacks, 0 MB globals, 2 P
gc 642 @10.492s 4%: 0.028+0.88+0.007 ms clock, 0.056+0.76/0.38/0+0.015 ms cpu, 3->3->1 MB, 4 MB goal, 0 MB stacks, 0 MB globals, 2 P
gc 643 @10.502s 4%: 0.044+1.0+0.003 ms clock, 0.088+0.79/0.53/0+0.006 ms cpu, 3->3->1 MB, 4 MB goal, 0 MB stacks, 0 MB globals, 2 P
gc 644 @10.513s 4%: 0.019+0.91+0.026 ms clock, 0.038+0.61/0.52/0+0.052 ms cpu, 3->3->1 MB, 4 MB goal, 0 MB stacks, 0 MB globals, 2 P
gc 645 @10.524s 4%: 0.043+0.95+0.025 ms clock, 0.086+0.65/0.59/0+0.051 ms cpu, 3->3->1 MB, 4 MB goal, 0 MB stacks, 0 MB globals, 2 P
gc 646 @10.535s 4%: 0.013+2.6+0.005 ms clock, 0.027+0.74/0.52/0+0.010 ms cpu, 3->3->1 MB, 4 MB goal, 0 MB stacks, 0 MB globals, 2 P
gc 647 @10.544s 4%: 0.066+1.1+0.012 ms clock, 0.13+0.65/0.64/0+0.024 ms cpu, 3->3->1 MB, 4 MB goal, 0 MB stacks, 0 MB globals, 2 P
gc 648 @10.554s 4%: 0.043+1.3+0.018 ms clock, 0.086+0.58/0.75/0+0.036 ms cpu, 3->3->1 MB, 4 MB goal, 0 MB stacks, 0 MB globals, 2 P
gc 649 @10.564s 4%: 0.037+0.94+0.032 ms clock, 0.074+0.64/0.61/0+0.064 ms cpu, 3->3->1 MB, 4 MB goal, 0 MB stacks, 0 MB globals, 2 P
gc 650 @10.574s 4%: 0.83+2.6+0.017 ms clock, 1.6+0.33/2.9/0+0.034 ms cpu, 3->3->1 MB, 4 MB goal, 0 MB stacks, 0 MB globals, 2 P
gc 651 @10.584s 4%: 0.035+1.0+0.003 ms clock, 0.071+0.74/0.56/0+0.007 ms cpu, 3->3->1 MB, 4 MB goal, 0 MB stacks, 0 MB globals, 2 P
gc 652 @10.594s 4%: 0.055+0.90+0.013 ms clock, 0.11+0.58/0.58/0+0.027 ms cpu, 3->3->1 MB, 4 MB goal, 0 MB stacks, 0 MB globals, 2 P
gc 653 @10.604s 4%: 0.052+2.8+0.018 ms clock, 0.10+0.61/0.64/0+0.036 ms cpu, 3->3->1 MB, 4 MB goal, 0 MB stacks, 0 MB globals, 2 P
gc 654 @10.614s 4%: 0.058+2.4+0.006 ms clock, 0.11+0.51/0.78/0+0.012 ms cpu, 3->3->1 MB, 4 MB goal, 0 MB stacks, 0 MB globals, 2 P
gc 655 @10.624s 4%: 0.021+1.1+0.041 ms clock, 0.043+0.66/0.63/0+0.083 ms cpu, 3->3->1 MB, 4 MB goal, 0 MB stacks, 0 MB globals, 2 P
gc 656 @10.634s 4%: 0.054+1.0+0.005 ms clock, 0.10+0.59/0.69/0+0.010 ms cpu, 3->3->1 MB, 4 MB goal, 0 MB stacks, 0 MB globals, 2 P
gc 657 @10.643s 4%: 0.053+0.98+0.011 ms clock, 0.10+0.79/0.50/0+0.023 ms cpu, 3->3->1 MB, 4 MB goal, 0 MB stacks, 0 MB globals, 2 P
gc 658 @10.653s 4%: 0.017+1.6+0.003 ms clock, 0.034+1.1/0.49/0+0.007 ms cpu, 3->3->1 MB, 4 MB goal, 0 MB stacks, 0 MB globals, 2 P
gc 659 @10.663s 4%: 0.031+1.2+0.010 ms clock, 0.062+0.78/0.59/0+0.020 ms cpu, 3->3->1 MB, 4 MB goal, 0 MB stacks, 0 MB globals, 2 P
gc 660 @10.672s 4%: 0.079+1.1+0.003 ms clock, 0.15+0.69/0.57/0+0.006 ms cpu, 3->3->1 MB, 4 MB goal, 0 MB stacks, 0 MB globals, 2 P
gc 661 @10.682s 4%: 0.062+1.2+0.010 ms clock, 0.12+0.86/0.65/0+0.021 ms cpu, 3->3->1 MB, 4 MB goal, 0 MB stacks, 0 MB globals, 2 P
gc 662 @10.691s 4%: 0.050+0.88+0.017 ms clock, 0.10+0.66/0.54/0+0.035 ms cpu, 3->3->1 MB, 4 MB goal, 0 MB stacks, 0 MB globals, 2 P
gc 663 @10.701s 4%: 0.020+1.0+0.018 ms clock, 0.040+0.73/0.55/0+0.036 ms cpu, 3->3->1 MB, 4 MB goal, 0 MB stacks, 0 MB globals, 2 P
gc 664 @10.711s 4%: 0.071+1.3+0.012 ms clock, 0.14+0.44/0.74/0+0.025 ms cpu, 3->3->1 MB, 4 MB goal, 0 MB stacks, 0 MB globals, 2 P
gc 665 @10.721s 4%: 0.024+0.97+0.037 ms clock, 0.049+0.78/0.47/0+0.075 ms cpu, 3->3->1 MB, 4 MB goal, 0 MB stacks, 0 MB globals, 2 P
gc 666 @10.731s 4%: 0.099+1.2+0.022 ms clock, 0.19+0.78/0.67/0+0.045 ms cpu, 3->3->1 MB, 4 MB goal, 0 MB stacks, 0 MB globals, 2 P
gc 667 @10.740s 4%: 0.070+1.1+0.004 ms clock, 0.14+0.67/0.63/0+0.008 ms cpu, 3->3->1 MB, 4 MB goal, 0 MB stacks, 0 MB globals, 2 P
gc 668 @10.750s 4%: 0.097+3.1+0.070 ms clock, 0.19+0.66/0.67/0+0.14 ms cpu, 3->3->1 MB, 4 MB goal, 0 MB stacks, 0 MB globals, 2 P
gc 669 @10.760s 4%: 0.020+0.93+0.021 ms clock, 0.040+0.77/0.48/0+0.043 ms cpu, 3->3->1 MB, 4 MB goal, 0 MB stacks, 0 MB globals, 2 P
gc 670 @10.770s 4%: 0.035+1.3+0.013 ms clock, 0.071+0.59/0.75/0+0.027 ms cpu, 3->3->1 MB, 4 MB goal, 0 MB stacks, 0 MB globals, 2 P
gc 671 @10.780s 4%: 0.061+2.8+0.033 ms clock, 0.12+0.87/0.40/0+0.066 ms cpu, 3->3->1 MB, 4 MB goal, 0 MB stacks, 0 MB globals, 2 P
gc 672 @10.790s 4%: 1.1+2.3+0.004 ms clock, 2.3+0.36/1.9/0+0.009 ms cpu, 3->3->1 MB, 4 MB goal, 0 MB stacks, 0 MB globals, 2 P
gc 673 @10.800s 4%: 0.021+0.88+0.007 ms clock, 0.042+0.72/0.43/0+0.014 ms cpu, 3->3->1 MB, 4 MB goal, 0 MB stacks, 0 MB globals, 2 P
gc 674 @10.809s 4%: 0.052+1.0+0.023 ms clock, 0.10+0.60/0.62/0+0.046 ms cpu, 3->3->1 MB, 4 MB goal, 0 MB stacks, 0 MB globals, 2 P
gc 675 @10.818s 4%: 0.087+0.89+0.027 ms clock, 0.17+0.59/0.56/0+0.055 ms cpu, 3->3->1 MB, 4 MB goal, 0 MB stacks, 0 MB globals, 2 P
gc 676 @10.828s 4%: 0.036+1.3+0.019 ms clock, 0.073+0.47/0.71/0+0.039 ms cpu, 3->3->1 MB, 4 MB goal, 0 MB stacks, 0 MB globals, 2 P
gc 677 @10.838s 4%: 0.019+1.2+0.003 ms clock, 0.039+0.65/0.56/0+0.007 ms cpu, 3->3->1 MB, 4 MB goal, 0 MB stacks, 0 MB globals, 2 P
gc 678 @10.848s 4%: 0.017+0.96+0.019 ms clock, 0.035+0.76/0.53/0+0.038 ms cpu, 3->3->1 MB, 4 MB goal, 0 MB stacks, 0 MB globals, 2 P
gc 679 @10.859s 4%: 0.017+2.8+0.003 ms clock, 0.034+0.82/0.52/0+0.007 ms cpu, 3->3->1 MB, 4 MB goal, 0 MB stacks, 0 MB globals, 2 P
gc 680 @10.869s 4%: 0.046+1.4+0.011 ms clock, 0.093+0.40/0.80/0+0.023 ms cpu, 3->3->1 MB, 4 MB goal, 0 MB stacks, 0 MB globals, 2 P
gc 681 @10.878s 4%: 0.038+1.1+0.037 ms clock, 0.076+0.68/0.69/0+0.075 ms cpu, 3->3->1 MB, 4 MB goal, 0 MB stacks, 0 MB globals, 2 P
gc 682 @10.887s 4%: 0.038+1.1+0.027 ms clock, 0.077+0.57/0.66/0+0.055 ms cpu, 3->3->1 MB, 4 MB goal, 0 MB stacks, 0 MB globals, 2 P
gc 683 @10.897s 4%: 0.050+0.96+0.020 ms clock, 0.10+0.54/0.62/0+0.041 ms cpu, 3->3->1 MB, 4 MB goal, 0 MB stacks, 0 MB globals, 2 P
gc 684 @10.906s 4%: 0.021+0.96+0.021 ms clock, 0.042+0.76/0.47/0+0.043 ms cpu, 3->3->1 MB, 4 MB goal, 0 MB stacks, 0 MB globals, 2 P
gc 685 @10.917s 4%: 1.1+1.4+0.017 ms clock, 2.2+0.30/1.7/0+0.035 ms cpu, 3->3->1 MB, 4 MB goal, 0 MB stacks, 0 MB globals, 2 P
gc 686 @10.928s 4%: 0.041+2.1+0.003 ms clock, 0.083+0.45/0.83/0+0.006 ms cpu, 3->3->1 MB, 4 MB goal, 0 MB stacks, 0 MB globals, 2 P
gc 687 @10.938s 4%: 0.018+1.0+0.020 ms clock, 0.036+0.73/0.52/0+0.040 ms cpu, 3->3->1 MB, 4 MB goal, 0 MB stacks, 0 MB globals, 2 P
gc 688 @10.949s 4%: 0.046+1.1+0.010 ms clock, 0.092+0.65/0.74/0+0.020 ms cpu, 3->3->1 MB, 4 MB goal, 0 MB stacks, 0 MB globals, 2 P
gc 689 @10.960s 4%: 0.069+2.7+0.004 ms clock, 0.13+0.56/0.56/0+0.008 ms cpu, 3->3->1 MB, 4 MB goal, 0 MB stacks, 0 MB globals, 2 P
gc 690 @10.970s 4%: 0.022+0.92+0.014 ms clock, 0.045+0.59/0.61/0+0.028 ms cpu, 3->3->1 MB, 4 MB goal, 0 MB stacks, 0 MB globals, 2 P
gc 691 @10.980s 4%: 0.044+0.92+0.017 ms clock, 0.089+0.69/0.54/0+0.034 ms cpu, 3->3->1 MB, 4 MB goal, 0 MB stacks, 0 MB globals, 2 P
gc 692 @10.991s 4%: 0.044+0.83+0.036 ms clock, 0.088+0.71/0.50/0+0.073 ms cpu, 3->3->1 MB, 4 MB goal, 0 MB stacks, 0 MB globals, 2 P
gc 693 @11.001s 4%: 0.053+1.0+0.003 ms clock, 0.10+0.71/0.55/0+0.007 ms cpu, 3->3->1 MB, 4 MB goal, 0 MB stacks, 0 MB globals, 2 P
gc 694 @11.012s 4%: 0.052+1.0+0.059 ms clock, 0.10+0.59/0.51/0+0.11 ms cpu, 3->3->1 MB, 4 MB goal, 0 MB stacks, 0 MB globals, 2 P
gc 695 @11.022s 4%: 0.061+1.0+0.049 ms clock, 0.12+0.65/0.62/0+0.098 ms cpu, 3->3->1 MB, 4 MB goal, 0 MB stacks, 0 MB globals, 2 P
gc 696 @11.033s 4%: 0.052+0.96+0.002 ms clock, 0.10+0.62/0.63/0+0.005 ms cpu, 3->3->1 MB, 4 MB goal, 0 MB stacks, 0 MB globals, 2 P
gc 697 @11.044s 4%: 0.046+1.2+0.014 ms clock, 0.092+0.45/0.66/0+0.028 ms cpu, 3->3->1 MB, 4 MB goal, 0 MB stacks, 0 MB globals, 2 P
gc 698 @11.054s 4%: 0.054+0.97+0.035 ms clock, 0.10+0.75/0.55/0+0.070 ms cpu, 3->3->1 MB, 4 MB goal, 0 MB stacks, 0 MB globals, 2 P
gc 699 @11.065s 4%: 0.024+0.90+0.003 ms clock, 0.049+0.81/0.44/0+0.006 ms cpu, 3->3->1 MB, 4 MB goal, 0 MB stacks, 0 MB globals, 2 P
gc 700 @11.075s 4%: 0.039+1.0+0.025 ms clock, 0.078+0.75/0.47/0+0.051 ms cpu, 3->3->1 MB, 4 MB goal, 0 MB stacks, 0 MB globals, 2 P
gc 701 @11.086s 4%: 0.038+1.0+0.015 ms clock, 0.076+0.71/0.59/0+0.031 ms cpu, 3->3->1 MB, 4 MB goal, 0 MB stacks, 0 MB globals, 2 P
gc 702 @11.096s 4%: 0.041+0.83+0.002 ms clock, 0.083+0.62/0.46/0+0.005 ms cpu, 3->3->1 MB, 4 MB goal, 0 MB stacks, 0 MB globals, 2 P
gc 703 @11.107s 4%: 0.075+1.0+0.004 ms clock, 0.15+0.60/0.71/0+0.009 ms cpu, 3->3->1 MB, 4 MB goal, 0 MB stacks, 0 MB globals, 2 P
gc 704 @11.117s 4%: 1.4+1.6+0.004 ms clock, 2.8+0.38/1.5/0+0.008 ms cpu, 3->3->1 MB, 4 MB goal, 0 MB stacks, 0 MB globals, 2 P
gc 705 @11.127s 4%: 0.041+1.3+0.031 ms clock, 0.082+0.74/0.67/0+0.062 ms cpu, 3->3->1 MB, 4 MB goal, 0 MB stacks, 0 MB globals, 2 P
gc 706 @11.137s 4%: 0.87+1.0+0.011 ms clock, 1.7+0.38/1.3/0+0.022 ms cpu, 3->3->1 MB, 4 MB goal, 0 MB stacks, 0 MB globals, 2 P
gc 707 @11.147s 4%: 0.058+1.0+0.019 ms clock, 0.11+0.59/0.65/0+0.038 ms cpu, 3->3->1 MB, 4 MB goal, 0 MB stacks, 0 MB globals, 2 P
gc 708 @11.157s 4%: 0.027+1.1+0.016 ms clock, 0.054+0.71/0.49/0+0.032 ms cpu, 3->3->1 MB, 4 MB goal, 0 MB stacks, 0 MB globals, 2 P
gc 709 @11.168s 4%: 0.017+1.1+0.026 ms clock, 0.035+0.50/0.60/0+0.053 ms cpu, 3->3->1 MB, 4 MB goal, 0 MB stacks, 0 MB globals, 2 P
gc 710 @11.177s 4%: 0.042+0.89+0.010 ms clock, 0.085+0.78/0.45/0+0.021 ms cpu, 3->3->1 MB, 4 MB goal, 0 MB stacks, 0 MB globals, 2 P
gc 711 @11.189s 4%: 0.059+1.1+0.018 ms clock, 0.11+0.63/0.64/0+0.037 ms cpu, 3->3->1 MB, 4 MB goal, 0 MB stacks, 0 MB globals, 2 P
gc 712 @11.199s 4%: 0.022+1.2+0.032 ms clock, 0.044+0.68/0.59/0+0.065 ms cpu, 3->3->1 MB, 4 MB goal, 0 MB stacks, 0 MB globals, 2 P
gc 713 @11.210s 4%: 0.040+1.1+0.010 ms clock, 0.080+0.72/0.61/0+0.021 ms cpu, 3->3->1 MB, 4 MB goal, 0 MB stacks, 0 MB globals, 2 P
gc 714 @11.220s 4%: 0.018+2.4+0.006 ms clock, 0.036+0.57/0.63/0+0.012 ms cpu, 3->3->1 MB, 4 MB goal, 0 MB stacks, 0 MB globals, 2 P
gc 715 @11.231s 4%: 0.028+2.5+0.003 ms clock, 0.057+0.70/0.54/0+0.006 ms cpu, 3->3->1 MB, 4 MB goal, 0 MB stacks, 0 MB globals, 2 P
gc 716 @11.241s 4%: 0.021+0.99+0.016 ms clock, 0.042+0.73/0.49/0+0.033 ms cpu, 3->3->1 MB, 4 MB goal, 0 MB stacks, 0 MB globals, 2 P
gc 717 @11.251s 4%: 0.028+1.0+0.014 ms clock, 0.056+0.64/0.62/0+0.028 ms cpu, 3->3->1 MB, 4 MB goal, 0 MB stacks, 0 MB globals, 2 P
gc 718 @11.261s 4%: 0.053+1.0+0.018 ms clock, 0.10+0.63/0.55/0+0.036 ms cpu, 3->3->1 MB, 4 MB goal, 0 MB stacks, 0 MB globals, 2 P
gc 719 @11.271s 4%: 0.056+3.3+0.002 ms clock, 0.11+0.77/0.53/0+0.005 ms cpu, 3->3->1 MB, 4 MB goal, 0 MB stacks, 0 MB globals, 2 P
gc 720 @11.281s 4%: 0.061+0.98+0.017 ms clock, 0.12+0.74/0.47/0+0.034 ms cpu, 3->3->1 MB, 4 MB goal, 0 MB stacks, 0 MB globals, 2 P
gc 721 @11.291s 4%: 0.062+2.8+0.086 ms clock, 0.12+0.59/0.76/0+0.17 ms cpu, 3->3->1 MB, 4 MB goal, 0 MB stacks, 0 MB globals, 2 P
gc 722 @11.301s 4%: 0.024+1.0+0.021 ms clock, 0.049+0.77/0.49/0+0.042 ms cpu, 3->3->1 MB, 4 MB goal, 0 MB stacks, 0 MB globals, 2 P
gc 723 @11.310s 4%: 0.020+3.3+0.003 ms clock, 0.041+0.71/0.50/0+0.007 ms cpu, 3->3->1 MB, 4 MB goal, 0 MB stacks, 0 MB globals, 2 P
gc 724 @11.320s 4%: 0.063+1.1+0.003 ms clock, 0.12+0.55/0.62/0+0.007 ms cpu, 3->3->1 MB, 4 MB goal, 0 MB stacks, 0 MB globals, 2 P
gc 725 @11.330s 4%: 0.049+0.97+0.002 ms clock, 0.098+0.66/0.53/0+0.005 ms cpu, 3->3->1 MB, 4 MB goal, 0 MB stacks, 0 MB globals, 2 P
gc 726 @11.339s 4%: 1.2+2.2+0.008 ms clock, 2.4+0.29/2.1/0+0.017 ms cpu, 3->3->1 MB, 4 MB goal, 0 MB stacks, 0 MB globals, 2 P
gc 727 @11.349s 4%: 0.062+1.0+0.023 ms clock, 0.12+0.71/0.56/0+0.046 ms cpu, 3->3->1 MB, 4 MB goal, 0 MB stacks, 0 MB globals, 2 P
gc 728 @11.359s 4%: 0.045+1.0+0.003 ms clock, 0.090+0.65/0.58/0+0.006 ms cpu, 3->3->1 MB, 4 MB goal, 0 MB stacks, 0 MB globals, 2 P
gc 729 @11.369s 4%: 0.044+0.94+0.003 ms clock, 0.089+0.73/0.54/0+0.007 ms cpu, 3->3->1 MB, 4 MB goal, 0 MB stacks, 0 MB globals, 2 P
gc 730 @11.379s 4%: 0.046+1.0+0.010 ms clock, 0.093+0.59/0.58/0+0.021 ms cpu, 3->3->1 MB, 4 MB goal, 0 MB stacks, 0 MB globals, 2 P
gc 731 @11.389s 4%: 0.031+1.1+0.024 ms clock, 0.062+0.48/0.72/0+0.049 ms cpu, 3->3->1 MB, 4 MB goal, 0 MB stacks, 0 MB globals, 2 P
gc 732 @11.400s 4%: 0.063+0.90+0.009 ms clock, 0.12+0.71/0.48/0+0.018 ms cpu, 3->3->1 MB, 4 MB goal, 0 MB stacks, 0 MB globals, 2 P
gc 733 @11.411s 4%: 0.054+1.1+0.015 ms clock, 0.10+0.61/0.60/0+0.031 ms cpu, 3->3->1 MB, 4 MB goal, 0 MB stacks, 0 MB globals, 2 P
gc 734 @11.422s 4%: 0.064+0.94+0.018 ms clock, 0.12+0.72/0.56/0+0.036 ms cpu, 3->3->1 MB, 4 MB goal, 0 MB stacks, 0 MB globals, 2 P
gc 735 @11.433s 4%: 0.073+1.2+0.013 ms clock, 0.14+0.41/0.75/0+0.026 ms cpu, 3->3->1 MB, 4 MB goal, 0 MB stacks, 0 MB globals, 2 P
gc 736 @11.445s 4%: 0.023+2.6+0.008 ms clock, 0.047+0.43/2.4/0+0.017 ms cpu, 3->3->1 MB, 4 MB goal, 0 MB stacks, 0 MB globals, 2 P
gc 737 @11.456s 4%: 0.037+0.93+0.011 ms clock, 0.075+0.80/0.43/0+0.022 ms cpu, 3->3->1 MB, 4 MB goal, 0 MB stacks, 0 MB globals, 2 P
gc 738 @11.466s 4%: 0.042+1.1+0.034 ms clock, 0.084+0.64/0.62/0+0.068 ms cpu, 3->3->1 MB, 4 MB goal, 0 MB stacks, 0 MB globals, 2 P
gc 739 @11.477s 4%: 0.054+2.2+0.031 ms clock, 0.10+0.50/0.76/0+0.063 ms cpu, 3->3->1 MB, 4 MB goal, 0 MB stacks, 0 MB globals, 2 P
gc 740 @11.487s 4%: 0.030+2.3+0.003 ms clock, 0.061+0.72/0.47/0+0.006 ms cpu, 3->3->1 MB, 4 MB goal, 0 MB stacks, 0 MB globals, 2 P
gc 741 @11.497s 4%: 0.034+0.85+0.003 ms clock, 0.069+0.72/0.42/0+0.007 ms cpu, 3->3->1 MB, 4 MB goal, 0 MB stacks, 0 MB globals, 2 P
gc 742 @11.507s 4%: 0.062+1.0+0.019 ms clock, 0.12+0.63/0.59/0+0.038 ms cpu, 3->3->1 MB, 4 MB goal, 0 MB stacks, 0 MB globals, 2 P
gc 743 @11.517s 4%: 0.051+1.2+0.003 ms clock, 0.10+0.62/0.64/0+0.007 ms cpu, 3->3->1 MB, 4 MB goal, 0 MB stacks, 0 MB globals, 2 P
gc 744 @11.526s 4%: 0.020+1.1+0.023 ms clock, 0.041+0.67/0.56/0+0.046 ms cpu, 3->3->1 MB, 4 MB goal, 0 MB stacks, 0 MB globals, 2 P
gc 745 @11.536s 4%: 0.046+1.1+0.033 ms clock, 0.093+0.57/0.72/0+0.067 ms cpu, 3->3->1 MB, 4 MB goal, 0 MB stacks, 0 MB globals, 2 P
gc 746 @11.547s 4%: 0.059+1.0+0.017 ms clock, 0.11+0.60/0.65/0+0.034 ms cpu, 3->3->1 MB, 4 MB goal, 0 MB stacks, 0 MB globals, 2 P
gc 747 @11.558s 4%: 0.057+1.2+0.003 ms clock, 0.11+0.47/0.66/0+0.006 ms cpu, 3->3->1 MB, 4 MB goal, 0 MB stacks, 0 MB globals, 2 P
gc 748 @11.569s 4%: 0.043+1.0+0.027 ms clock, 0.087+0.58/0.59/0+0.054 ms cpu, 3->3->1 MB, 4 MB goal, 0 MB stacks, 0 MB globals, 2 P
gc 749 @11.580s 4%: 0.038+0.84+0.021 ms clock, 0.076+0.69/0.44/0+0.042 ms cpu, 3->3->1 MB, 4 MB goal, 0 MB stacks, 0 MB globals, 2 P
gc 750 @11.591s 4%: 0.043+1.1+0.032 ms clock, 0.087+0.76/0.57/0+0.064 ms cpu, 3->3->1 MB, 4 MB goal, 0 MB stacks, 0 MB globals, 2 P
gc 751 @11.602s 4%: 0.041+0.96+0.023 ms clock, 0.082+0.77/0.47/0+0.046 ms cpu, 3->3->1 MB, 4 MB goal, 0 MB stacks, 0 MB globals, 2 P
gc 752 @11.612s 4%: 0.035+1.1+0.018 ms clock, 0.071+0.56/0.57/0+0.036 ms cpu, 3->3->1 MB, 4 MB goal, 0 MB stacks, 0 MB globals, 2 P
gc 753 @11.623s 4%: 0.050+1.1+0.004 ms clock, 0.10+0.74/0.53/0+0.008 ms cpu, 3->3->1 MB, 4 MB goal, 0 MB stacks, 0 MB globals, 2 P
gc 754 @11.633s 4%: 0.033+1.5+0.008 ms clock, 0.067+0.43/0.80/0+0.017 ms cpu, 3->3->1 MB, 4 MB goal, 0 MB stacks, 0 MB globals, 2 P
gc 755 @11.644s 4%: 0.018+1.1+0.003 ms clock, 0.037+0.63/0.56/0+0.007 ms cpu, 3->3->1 MB, 4 MB goal, 0 MB stacks, 0 MB globals, 2 P
gc 756 @11.655s 4%: 0.030+1.0+0.008 ms clock, 0.061+0.62/0.52/0+0.016 ms cpu, 3->3->1 MB, 4 MB goal, 0 MB stacks, 0 MB globals, 2 P
gc 757 @11.666s 4%: 0.018+1.4+0.020 ms clock, 0.037+0.68/0.69/0+0.041 ms cpu, 3->3->1 MB, 4 MB goal, 0 MB stacks, 0 MB globals, 2 P
gc 758 @11.676s 4%: 0.060+1.6+0.039 ms clock, 0.12+0.56/0.77/0+0.079 ms cpu, 3->3->1 MB, 4 MB goal, 0 MB stacks, 0 MB globals, 2 P
gc 759 @11.687s 4%: 0.056+2.2+0.003 ms clock, 0.11+0.43/0.68/0+0.006 ms cpu, 3->3->1 MB, 4 MB goal, 0 MB stacks, 0 MB globals, 2 P
gc 760 @11.697s 4%: 0.078+0.85+0.022 ms clock, 0.15+0.73/0.44/0+0.044 ms cpu, 3->3->1 MB, 4 MB goal, 0 MB stacks, 0 MB globals, 2 P
gc 761 @11.708s 4%: 0.041+1.0+0.013 ms clock, 0.083+0.71/0.54/0+0.026 ms cpu, 3->3->1 MB, 4 MB goal, 0 MB stacks, 0 MB globals, 2 P
gc 762 @11.718s 4%: 0.061+1.0+0.025 ms clock, 0.12+0.66/0.58/0+0.050 ms cpu, 3->3->1 MB, 4 MB goal, 0 MB stacks, 0 MB globals, 2 P
gc 763 @11.729s 4%: 0.069+1.0+0.004 ms clock, 0.13+0.69/0.52/0+0.008 ms cpu, 3->3->1 MB, 4 MB goal, 0 MB stacks, 0 MB globals, 2 P
gc 764 @11.739s 4%: 0.017+2.7+0.010 ms clock, 0.034+0.34/0.40/0+0.020 ms cpu, 3->3->1 MB, 4 MB goal, 0 MB stacks, 0 MB globals, 2 P
gc 765 @11.750s 4%: 0.022+1.0+0.011 ms clock, 0.044+0.65/0.62/0+0.022 ms cpu, 3->3->1 MB, 4 MB goal, 0 MB stacks, 0 MB globals, 2 P
gc 766 @11.761s 4%: 0.028+1.1+0.018 ms clock, 0.056+0.58/0.65/0+0.037 ms cpu, 3->3->1 MB, 4 MB goal, 0 MB stacks, 0 MB globals, 2 P
gc 767 @11.771s 4%: 0.016+2.3+0.019 ms clock, 0.032+0.68/0.43/0+0.039 ms cpu, 3->3->1 MB, 4 MB goal, 0 MB stacks, 0 MB globals, 2 P
gc 768 @11.782s 4%: 0.044+1.2+0.021 ms clock, 0.089+0.70/0.52/0+0.042 ms cpu, 3->3->1 MB, 4 MB goal, 0 MB stacks, 0 MB globals, 2 P
gc 769 @11.791s 4%: 0.018+1.1+0.022 ms clock, 0.037+0.59/0.59/0+0.044 ms cpu, 3->3->1 MB, 4 MB goal, 0 MB stacks, 0 MB globals, 2 P
gc 770 @11.801s 4%: 0.061+2.9+0.019 ms clock, 0.12+0.65/0.51/0+0.038 ms cpu, 3->3->1 MB, 4 MB goal, 0 MB stacks, 0 MB globals, 2 P
gc 771 @11.811s 4%: 0.038+0.88+0.002 ms clock, 0.076+0.66/0.51/0+0.005 ms cpu, 3->3->1 MB, 4 MB goal, 0 MB stacks, 0 MB globals, 2 P
gc 772 @11.821s 4%: 0.049+0.91+0.011 ms clock, 0.098+0.74/0.52/0+0.022 ms cpu, 3->3->1 MB, 4 MB goal, 0 MB stacks, 0 MB globals, 2 P
gc 773 @11.831s 4%: 0.17+1.0+0.018 ms clock, 0.34+0.42/0.74/0+0.037 ms cpu, 3->3->1 MB, 4 MB goal, 0 MB stacks, 0 MB globals, 2 P
gc 774 @11.840s 4%: 0.036+0.88+0.003 ms clock, 0.073+0.64/0.49/0+0.007 ms cpu, 3->3->1 MB, 4 MB goal, 0 MB stacks, 0 MB globals, 2 P
gc 775 @11.849s 4%: 0.038+0.89+0.003 ms clock, 0.076+0.70/0.47/0+0.007 ms cpu, 3->3->1 MB, 4 MB goal, 0 MB stacks, 0 MB globals, 2 P
gc 776 @11.860s 4%: 0.040+2.0+0.003 ms clock, 0.081+0.63/0.57/0+0.006 ms cpu, 3->3->1 MB, 4 MB goal, 0 MB stacks, 0 MB globals, 2 P
gc 777 @11.871s 4%: 0.040+1.0+0.020 ms clock, 0.081+0.81/0.47/0+0.040 ms cpu, 3->3->1 MB, 4 MB goal, 0 MB stacks, 0 MB globals, 2 P
gc 778 @11.881s 4%: 0.033+2.8+0.009 ms clock, 0.067+0.54/0.98/0+0.019 ms cpu, 3->3->1 MB, 4 MB goal, 0 MB stacks, 0 MB globals, 2 P
gc 779 @11.892s 4%: 0.035+1.0+0.004 ms clock, 0.070+0.51/0.67/0+0.009 ms cpu, 3->3->1 MB, 4 MB goal, 0 MB stacks, 0 MB globals, 2 P
gc 780 @11.902s 4%: 0.051+2.5+0.003 ms clock, 0.10+0.63/0.53/0+0.006 ms cpu, 3->3->1 MB, 4 MB goal, 0 MB stacks, 0 MB globals, 2 P
gc 781 @11.912s 4%: 0.037+0.86+0.017 ms clock, 0.074+0.72/0.46/0+0.034 ms cpu, 3->3->1 MB, 4 MB goal, 0 MB stacks, 0 MB globals, 2 P
gc 782 @11.921s 4%: 1.3+2.7+0.004 ms clock, 2.6+0.37/1.6/0+0.009 ms cpu, 3->3->1 MB, 4 MB goal, 0 MB stacks, 0 MB globals, 2 P
gc 783 @11.931s 4%: 0.043+1.1+0.019 ms clock, 0.087+0.58/0.61/0+0.039 ms cpu, 3->3->1 MB, 4 MB goal, 0 MB stacks, 0 MB globals, 2 P
gc 784 @11.941s 4%: 0.064+1.8+0.018 ms clock, 0.12+0.71/0.52/0+0.036 ms cpu, 3->3->1 MB, 4 MB goal, 0 MB stacks, 0 MB globals, 2 P
gc 785 @11.951s 4%: 0.039+1.0+0.002 ms clock, 0.078+0.79/0.55/0+0.005 ms cpu, 3->3->1 MB, 4 MB goal, 0 MB stacks, 0 MB globals, 2 P
gc 786 @11.960s 4%: 1.4+1.3+0.016 ms clock, 2.9+0.35/1.8/0+0.032 ms cpu, 3->3->1 MB, 4 MB goal, 0 MB stacks, 0 MB globals, 2 P
gc 787 @11.970s 4%: 0.048+1.0+0.015 ms clock, 0.097+0.65/0.58/0+0.031 ms cpu, 3->3->1 MB, 4 MB goal, 0 MB stacks, 0 MB globals, 2 P
gc 788 @11.980s 4%: 0.018+0.92+0.026 ms clock, 0.037+0.75/0.46/0+0.053 ms cpu, 3->3->1 MB, 4 MB goal, 0 MB stacks, 0 MB globals, 2 P
gc 789 @11.990s 4%: 0.062+0.90+0.019 ms clock, 0.12+0.72/0.47/0+0.038 ms cpu, 3->3->1 MB, 4 MB goal, 0 MB stacks, 0 MB globals, 2 P
gc 790 @12.000s 4%: 0.048+2.7+0.027 ms clock, 0.096+0.66/0.45/0+0.055 ms cpu, 3->3->1 MB, 4 MB goal, 0 MB stacks, 0 MB globals, 2 P
gc 791 @12.010s 4%: 0.077+1.2+0.011 ms clock, 0.15+0.63/0.61/0+0.022 ms cpu, 3->3->1 MB, 4 MB goal, 0 MB stacks, 0 MB globals, 2 P
gc 792 @12.020s 4%: 0.018+1.1+0.016 ms clock, 0.036+0.57/0.72/0+0.032 ms cpu, 3->3->1 MB, 4 MB goal, 0 MB stacks, 0 MB globals, 2 P
gc 793 @12.029s 4%: 0.048+1.0+0.003 ms clock, 0.096+0.82/0.51/0+0.007 ms cpu, 3->3->1 MB, 4 MB goal, 0 MB stacks, 0 MB globals, 2 P
gc 794 @12.039s 4%: 0.015+1.0+0.002 ms clock, 0.030+0.69/0.52/0+0.005 ms cpu, 3->3->1 MB, 4 MB goal, 0 MB stacks, 0 MB globals, 2 P
gc 795 @12.049s 4%: 0.053+0.95+0.013 ms clock, 0.10+0.73/0.52/0+0.027 ms cpu, 3->3->1 MB, 4 MB goal, 0 MB stacks, 0 MB globals, 2 P
gc 796 @12.059s 4%: 0.037+2.7+0.079 ms clock, 0.074+0.54/0.65/0+0.15 ms cpu, 3->3->1 MB, 4 MB goal, 0 MB stacks, 0 MB globals, 2 P
gc 797 @12.069s 4%: 0.055+1.0+0.004 ms clock, 0.11+0.69/0.64/0+0.008 ms cpu, 3->3->1 MB, 4 MB goal, 0 MB stacks, 0 MB globals, 2 P
gc 798 @12.079s 4%: 0.22+1.0+0.005 ms clock, 0.45+0.52/0.79/0+0.010 ms cpu, 3->3->1 MB, 4 MB goal, 0 MB stacks, 0 MB globals, 2 P
gc 799 @12.088s 4%: 0.070+2.4+0.004 ms clock, 0.14+0.60/0.62/0+0.009 ms cpu, 3->3->1 MB, 4 MB goal, 0 MB stacks, 0 MB globals, 2 P
gc 800 @12.098s 4%: 0.053+1.0+0.003 ms clock, 0.10+0.67/0.58/0+0.007 ms cpu, 3->3->1 MB, 4 MB goal, 0 MB stacks, 0 MB globals, 2 P
gc 801 @12.108s 4%: 0.053+1.3+0.011 ms clock, 0.10+0.44/0.73/0+0.023 ms cpu, 3->3->1 MB, 4 MB goal, 0 MB stacks, 0 MB globals, 2 P
gc 802 @12.118s 4%: 0.018+2.5+0.011 ms clock, 0.036+0.72/0.54/0+0.022 ms cpu, 3->3->1 MB, 4 MB goal, 0 MB stacks, 0 MB globals, 2 P
gc 803 @12.128s 4%: 0.049+1.2+0.004 ms clock, 0.098+0.43/0.67/0+0.008 ms cpu, 3->3->1 MB, 4 MB goal, 0 MB stacks, 0 MB globals, 2 P
gc 804 @12.138s 4%: 0.056+1.0+0.032 ms clock, 0.11+0.77/0.50/0+0.064 ms cpu, 3->3->1 MB, 4 MB goal, 0 MB stacks, 0 MB globals, 2 P
gc 805 @12.148s 4%: 0.018+1.1+0.019 ms clock, 0.036+0.51/0.66/0+0.039 ms cpu, 3->3->1 MB, 4 MB goal, 0 MB stacks, 0 MB globals, 2 P
gc 806 @12.157s 4%: 1.0+0.64+0.003 ms clock, 2.0+0.31/1.0/0+0.006 ms cpu, 3->3->1 MB, 4 MB goal, 0 MB stacks, 0 MB globals, 2 P
gc 807 @12.167s 4%: 0.053+1.1+0.003 ms clock, 0.10+0.56/0.61/0+0.007 ms cpu, 3->3->1 MB, 4 MB goal, 0 MB stacks, 0 MB globals, 2 P
gc 808 @12.178s 4%: 0.023+1.1+0.016 ms clock, 0.047+0.54/0.67/0+0.032 ms cpu, 3->3->1 MB, 4 MB goal, 0 MB stacks, 0 MB globals, 2 P
gc 809 @12.188s 4%: 0.035+2.4+0.009 ms clock, 0.071+0.38/0.75/0+0.019 ms cpu, 3->3->1 MB, 4 MB goal, 0 MB stacks, 0 MB globals, 2 P
gc 810 @12.199s 4%: 0.016+1.1+0.038 ms clock, 0.032+0.69/0.54/0+0.077 ms cpu, 3->3->1 MB, 4 MB goal, 0 MB stacks, 0 MB globals, 2 P
gc 811 @12.210s 4%: 0.021+2.4+0.003 ms clock, 0.042+0.70/0.58/0+0.006 ms cpu, 3->3->1 MB, 4 MB goal, 0 MB stacks, 0 MB globals, 2 P
gc 812 @12.219s 4%: 0.026+2.8+0.006 ms clock, 0.053+0.74/0.57/0+0.013 ms cpu, 3->3->1 MB, 4 MB goal, 0 MB stacks, 0 MB globals, 2 P
gc 813 @12.229s 4%: 0.056+1.1+0.029 ms clock, 0.11+0.42/0.69/0+0.059 ms cpu, 3->3->1 MB, 4 MB goal, 0 MB stacks, 0 MB globals, 2 P
gc 814 @12.239s 4%: 0.055+1.1+0.023 ms clock, 0.11+0.56/0.64/0+0.046 ms cpu, 3->3->1 MB, 4 MB goal, 0 MB stacks, 0 MB globals, 2 P
gc 815 @12.248s 4%: 0.045+1.0+0.017 ms clock, 0.090+0.74/0.48/0+0.035 ms cpu, 3->3->1 MB, 4 MB goal, 0 MB stacks, 0 MB globals, 2 P
gc 816 @12.258s 4%: 0.045+0.89+0.020 ms clock, 0.090+0.82/0.42/0+0.041 ms cpu, 3->3->1 MB, 4 MB goal, 0 MB stacks, 0 MB globals, 2 P
gc 817 @12.267s 4%: 0.89+1.7+0.015 ms clock, 1.7+0.22/2.0/0+0.030 ms cpu, 3->3->1 MB, 4 MB goal, 0 MB stacks, 0 MB globals, 2 P
gc 818 @12.278s 4%: 0.044+0.98+0.023 ms clock, 0.088+0.82/0.46/0+0.047 ms cpu, 3->3->1 MB, 4 MB goal, 0 MB stacks, 0 MB globals, 2 P
gc 819 @12.289s 4%: 0.047+0.93+0.003 ms clock, 0.095+0.53/0.61/0+0.007 ms cpu, 3->3->1 MB, 4 MB goal, 0 MB stacks, 0 MB globals, 2 P
gc 820 @12.300s 4%: 0.017+2.4+0.004 ms clock, 0.034+0.45/0.29/0+0.008 ms cpu, 3->3->1 MB, 4 MB goal, 0 MB stacks, 0 MB globals, 2 P
gc 821 @12.310s 4%: 0.053+1.1+0.018 ms clock, 0.10+0.72/0.65/0+0.036 ms cpu, 3->3->1 MB, 4 MB goal, 0 MB stacks, 0 MB globals, 2 P
gc 822 @12.321s 4%: 0.031+1.0+0.033 ms clock, 0.062+0.76/0.60/0+0.066 ms cpu, 3->3->1 MB, 4 MB goal, 0 MB stacks, 0 MB globals, 2 P
gc 823 @12.331s 4%: 0.042+0.92+0.004 ms clock, 0.085+0.73/0.53/0+0.008 ms cpu, 3->3->1 MB, 4 MB goal, 0 MB stacks, 0 MB globals, 2 P
gc 824 @12.342s 4%: 0.044+1.1+0.003 ms clock, 0.089+0.66/0.58/0+0.007 ms cpu, 3->3->1 MB, 4 MB goal, 0 MB stacks, 0 MB globals, 2 P
gc 825 @12.352s 4%: 0.018+2.6+0.003 ms clock, 0.036+0.44/0.31/0+0.006 ms cpu, 3->3->1 MB, 4 MB goal, 0 MB stacks, 0 MB globals, 2 P
gc 826 @12.362s 4%: 0.057+1.0+0.029 ms clock, 0.11+0.70/0.51/0+0.059 ms cpu, 3->3->1 MB, 4 MB goal, 0 MB stacks, 0 MB globals, 2 P
gc 827 @12.373s 4%: 0.060+2.2+0.008 ms clock, 0.12+0.83/0.43/0+0.017 ms cpu, 3->3->1 MB, 4 MB goal, 0 MB stacks, 0 MB globals, 2 P
gc 828 @12.383s 4%: 0.21+1.4+0.021 ms clock, 0.42+0.39/0.86/0+0.043 ms cpu, 3->3->1 MB, 4 MB goal, 0 MB stacks, 0 MB globals, 2 P
gc 829 @12.392s 4%: 0.062+0.97+0.023 ms clock, 0.12+0.53/0.70/0+0.046 ms cpu, 3->3->1 MB, 4 MB goal, 0 MB stacks, 0 MB globals, 2 P
gc 830 @12.402s 4%: 0.032+1.0+0.057 ms clock, 0.065+0.58/0.69/0+0.11 ms cpu, 3->3->1 MB, 4 MB goal, 0 MB stacks, 0 MB globals, 2 P
gc 831 @12.411s 4%: 0.060+1.3+0.010 ms clock, 0.12+0.42/0.72/0+0.020 ms cpu, 3->3->1 MB, 4 MB goal, 0 MB stacks, 0 MB globals, 2 P
gc 832 @12.421s 4%: 0.055+1.0+0.004 ms clock, 0.11+0.54/0.52/0+0.008 ms cpu, 3->3->1 MB, 4 MB goal, 0 MB stacks, 0 MB globals, 2 P
gc 833 @12.432s 4%: 0.045+1.0+0.003 ms clock, 0.091+0.78/0.46/0+0.007 ms cpu, 3->3->1 MB, 4 MB goal, 0 MB stacks, 0 MB globals, 2 P
gc 834 @12.442s 4%: 0.040+2.8+0.002 ms clock, 0.080+0.85/0.48/0+0.005 ms cpu, 3->3->1 MB, 4 MB goal, 0 MB stacks, 0 MB globals, 2 P
gc 835 @12.452s 4%: 0.041+1.1+0.021 ms clock, 0.082+0.65/0.60/0+0.042 ms cpu, 3->3->1 MB, 4 MB goal, 0 MB stacks, 0 MB globals, 2 P
gc 836 @12.462s 4%: 0.056+1.1+0.058 ms clock, 0.11+0.59/0.72/0+0.11 ms cpu, 3->3->1 MB, 4 MB goal, 0 MB stacks, 0 MB globals, 2 P
gc 837 @12.471s 4%: 0.045+0.99+0.003 ms clock, 0.090+0.83/0.50/0+0.006 ms cpu, 3->3->1 MB, 4 MB goal, 0 MB stacks, 0 MB globals, 2 P
gc 838 @12.480s 4%: 0.058+1.9+0.004 ms clock, 0.11+0.42/0.81/0+0.008 ms cpu, 3->3->1 MB, 4 MB goal, 0 MB stacks, 0 MB globals, 2 P
gc 839 @12.490s 4%: 0.87+0.49+0.030 ms clock, 1.7+0.40/0.60/0+0.060 ms cpu, 3->3->1 MB, 4 MB goal, 0 MB stacks, 0 MB globals, 2 P
gc 840 @12.501s 4%: 0.058+1.0+0.035 ms clock, 0.11+0.66/0.58/0+0.070 ms cpu, 3->3->1 MB, 4 MB goal, 0 MB stacks, 0 MB globals, 2 P
gc 841 @12.512s 4%: 0.036+0.92+0.010 ms clock, 0.073+0.69/0.48/0+0.021 ms cpu, 3->3->1 MB, 4 MB goal, 0 MB stacks, 0 MB globals, 2 P
gc 842 @12.523s 4%: 0.035+0.92+0.017 ms clock, 0.071+0.70/0.42/0+0.034 ms cpu, 3->3->1 MB, 4 MB goal, 0 MB stacks, 0 MB globals, 2 P
gc 843 @12.534s 4%: 0.024+0.91+0.017 ms clock, 0.048+0.81/0.46/0+0.035 ms cpu, 3->3->1 MB, 4 MB goal, 0 MB stacks, 0 MB globals, 2 P
gc 844 @12.545s 4%: 0.021+1.0+0.015 ms clock, 0.042+0.80/0.48/0+0.031 ms cpu, 3->3->1 MB, 4 MB goal, 0 MB stacks, 0 MB globals, 2 P
gc 845 @12.555s 4%: 0.030+1.1+0.022 ms clock, 0.061+0.72/0.61/0+0.044 ms cpu, 3->3->1 MB, 4 MB goal, 0 MB stacks, 0 MB globals, 2 P
gc 846 @12.566s 4%: 0.041+3.9+0.032 ms clock, 0.083+0.44/0.77/0+0.064 ms cpu, 3->3->1 MB, 4 MB goal, 0 MB stacks, 0 MB globals, 2 P
gc 847 @12.576s 4%: 1.3+1.4+0.023 ms clock, 2.7+0.37/1.8/0+0.046 ms cpu, 3->3->1 MB, 4 MB goal, 0 MB stacks, 0 MB globals, 2 P
gc 848 @12.586s 4%: 0.031+1.0+0.013 ms clock, 0.063+0.66/0.47/0+0.026 ms cpu, 3->3->1 MB, 4 MB goal, 0 MB stacks, 0 MB globals, 2 P
gc 849 @12.595s 4%: 0.017+3.3+0.006 ms clock, 0.034+0.57/0.62/0+0.013 ms cpu, 3->3->1 MB, 4 MB goal, 0 MB stacks, 0 MB globals, 2 P
gc 850 @12.605s 4%: 0.020+0.93+0.008 ms clock, 0.040+0.78/0.46/0+0.017 ms cpu, 3->3->1 MB, 4 MB goal, 0 MB stacks, 0 MB globals, 2 P
gc 851 @12.615s 4%: 0.016+0.91+0.024 ms clock, 0.033+0.64/0.46/0+0.048 ms cpu, 3->3->1 MB, 4 MB goal, 0 MB stacks, 0 MB globals, 2 P
gc 852 @12.625s 4%: 0.047+0.94+0.025 ms clock, 0.095+0.70/0.52/0+0.051 ms cpu, 3->3->1 MB, 4 MB goal, 0 MB stacks, 0 MB globals, 2 P
gc 853 @12.635s 4%: 0.028+3.7+0.005 ms clock, 0.056+0.78/0.55/0+0.011 ms cpu, 3->3->1 MB, 4 MB goal, 0 MB stacks, 0 MB globals, 2 P
gc 854 @12.645s 4%: 0.038+1.0+0.004 ms clock, 0.076+0.55/0.67/0+0.008 ms cpu, 3->3->1 MB, 4 MB goal, 0 MB stacks, 0 MB globals, 2 P
gc 855 @12.654s 4%: 0.020+1.0+0.003 ms clock, 0.041+0.71/0.57/0+0.007 ms cpu, 3->3->1 MB, 4 MB goal, 0 MB stacks, 0 MB globals, 2 P
gc 856 @12.664s 4%: 0.046+1.2+0.003 ms clock, 0.092+0.45/0.67/0+0.006 ms cpu, 3->3->1 MB, 4 MB goal, 0 MB stacks, 0 MB globals, 2 P
gc 857 @12.673s 4%: 0.057+0.97+0.012 ms clock, 0.11+0.81/0.45/0+0.025 ms cpu, 3->3->1 MB, 4 MB goal, 0 MB stacks, 0 MB globals, 2 P
gc 858 @12.683s 4%: 0.059+0.89+0.008 ms clock, 0.11+0.67/0.49/0+0.016 ms cpu, 3->3->1 MB, 4 MB goal, 0 MB stacks, 0 MB globals, 2 P
gc 859 @12.693s 4%: 0.070+1.0+0.005 ms clock, 0.14+0.74/0.53/0+0.010 ms cpu, 3->3->1 MB, 4 MB goal, 0 MB stacks, 0 MB globals, 2 P
gc 860 @12.704s 4%: 0.015+3.0+0.020 ms clock, 0.031+0.63/0.65/0+0.040 ms cpu, 3->3->1 MB, 4 MB goal, 0 MB stacks, 0 MB globals, 2 P
gc 861 @12.714s 4%: 0.046+1.0+0.016 ms clock, 0.092+0.78/0.46/0+0.032 ms cpu, 3->3->1 MB, 4 MB goal, 0 MB stacks, 0 MB globals, 2 P
gc 862 @12.723s 4%: 0.018+1.0+0.003 ms clock, 0.036+0.60/0.58/0+0.006 ms cpu, 3->3->1 MB, 4 MB goal, 0 MB stacks, 0 MB globals, 2 P
gc 863 @12.733s 4%: 0.64+2.0+0.027 ms clock, 1.2+0.30/2.3/0+0.055 ms cpu, 3->3->1 MB, 4 MB goal, 0 MB stacks, 0 MB globals, 2 P
gc 864 @12.743s 4%: 0.035+1.1+0.003 ms clock, 0.071+0.56/0.64/0+0.007 ms cpu, 3->3->1 MB, 4 MB goal, 0 MB stacks, 0 MB globals, 2 P
gc 865 @12.752s 4%: 0.038+1.0+0.023 ms clock, 0.077+0.69/0.56/0+0.046 ms cpu, 3->3->1 MB, 4 MB goal, 0 MB stacks, 0 MB globals, 2 P
gc 866 @12.763s 4%: 0.18+1.1+0.012 ms clock, 0.36+0.58/0.71/0+0.025 ms cpu, 3->3->1 MB, 4 MB goal, 0 MB stacks, 0 MB globals, 2 P
gc 867 @12.774s 4%: 0.021+2.1+0.004 ms clock, 0.043+0.58/0.62/0+0.008 ms cpu, 3->3->1 MB, 4 MB goal, 0 MB stacks, 0 MB globals, 2 P
gc 868 @12.785s 4%: 0.019+1.0+0.004 ms clock, 0.039+0.79/0.53/0+0.008 ms cpu, 3->3->1 MB, 4 MB goal, 0 MB stacks, 0 MB globals, 2 P
gc 869 @12.795s 4%: 0.018+0.96+0.003 ms clock, 0.036+0.70/0.52/0+0.007 ms cpu, 3->3->1 MB, 4 MB goal, 0 MB stacks, 0 MB globals, 2 P
gc 870 @12.805s 4%: 0.017+1.2+0.011 ms clock, 0.034+0.47/0.67/0+0.022 ms cpu, 3->3->1 MB, 4 MB goal, 0 MB stacks, 0 MB globals, 2 P
gc 871 @12.815s 4%: 0.045+1.1+0.023 ms clock, 0.091+0.45/0.64/0+0.046 ms cpu, 3->3->1 MB, 4 MB goal, 0 MB stacks, 0 MB globals, 2 P
gc 872 @12.825s 4%: 0.018+1.1+0.025 ms clock, 0.037+0.70/0.57/0+0.051 ms cpu, 3->3->1 MB, 4 MB goal, 0 MB stacks, 0 MB globals, 2 P
gc 873 @12.836s 4%: 0.027+1.1+0.019 ms clock, 0.054+0.71/0.54/0+0.038 ms cpu, 3->3->1 MB, 4 MB goal, 0 MB stacks, 0 MB globals, 2 P
gc 874 @12.847s 4%: 0.024+0.96+0.003 ms clock, 0.049+0.69/0.51/0+0.007 ms cpu, 3->3->1 MB, 4 MB goal, 0 MB stacks, 0 MB globals, 2 P
gc 875 @12.858s 4%: 0.91+1.7+0.002 ms clock, 1.8+0.31/0.61/0+0.005 ms cpu, 3->3->1 MB, 4 MB goal, 0 MB stacks, 0 MB globals, 2 P
gc 876 @12.869s 4%: 0.055+2.0+0.038 ms clock, 0.11+0.70/0.59/0+0.077 ms cpu, 3->3->1 MB, 4 MB goal, 0 MB stacks, 0 MB globals, 2 P
gc 877 @12.879s 4%: 0.16+1.1+0.026 ms clock, 0.33+0.30/0.67/0+0.052 ms cpu, 3->3->1 MB, 4 MB goal, 0 MB stacks, 0 MB globals, 2 P
gc 878 @12.889s 4%: 0.14+1.0+0.023 ms clock, 0.28+0.69/0.57/0+0.047 ms cpu, 3->3->1 MB, 4 MB goal, 0 MB stacks, 0 MB globals, 2 P
gc 879 @12.899s 4%: 0.084+1.1+0.005 ms clock, 0.16+0.55/0.67/0+0.010 ms cpu, 3->3->1 MB, 4 MB goal, 0 MB stacks, 0 MB globals, 2 P
gc 880 @12.909s 4%: 0.022+0.90+0.010 ms clock, 0.044+0.79/0.44/0+0.021 ms cpu, 3->3->1 MB, 4 MB goal, 0 MB stacks, 0 MB globals, 2 P
gc 881 @12.919s 4%: 0.036+1.0+0.003 ms clock, 0.073+0.60/0.57/0+0.007 ms cpu, 3->3->1 MB, 4 MB goal, 0 MB stacks, 0 MB globals, 2 P
gc 882 @12.930s 4%: 0.055+1.1+0.014 ms clock, 0.11+0.61/0.61/0+0.029 ms cpu, 3->3->1 MB, 4 MB goal, 0 MB stacks, 0 MB globals, 2 P
gc 883 @12.941s 4%: 0.088+1.0+0.034 ms clock, 0.17+0.57/0.63/0+0.069 ms cpu, 3->3->1 MB, 4 MB goal, 0 MB stacks, 0 MB globals, 2 P
gc 884 @12.952s 4%: 0.014+1.0+0.042 ms clock, 0.029+0.78/0.54/0+0.084 ms cpu, 3->3->1 MB, 4 MB goal, 0 MB stacks, 0 MB globals, 2 P
gc 885 @12.962s 4%: 0.054+2.9+0.075 ms clock, 0.10+0.58/0.83/0+0.15 ms cpu, 3->3->1 MB, 4 MB goal, 0 MB stacks, 0 MB globals, 2 P
gc 886 @12.973s 4%: 0.019+2.6+0.018 ms clock, 0.039+0.57/0.57/0+0.037 ms cpu, 3->3->1 MB, 4 MB goal, 0 MB stacks, 0 MB globals, 2 P
gc 887 @12.982s 4%: 0.053+0.88+0.018 ms clock, 0.10+0.74/0.48/0+0.037 ms cpu, 3->3->1 MB, 4 MB goal, 0 MB stacks, 0 MB globals, 2 P
gc 888 @12.992s 4%: 0.070+0.96+0.035 ms clock, 0.14+0.53/0.63/0+0.070 ms cpu, 3->3->1 MB, 4 MB goal, 0 MB stacks, 0 MB globals, 2 P
gc 889 @13.001s 4%: 0.042+1.6+0.034 ms clock, 0.084+0.41/0.66/0+0.069 ms cpu, 3->3->1 MB, 4 MB goal, 0 MB stacks, 0 MB globals, 2 P
gc 890 @13.011s 4%: 0.038+1.1+0.004 ms clock, 0.077+0.60/0.56/0+0.008 ms cpu, 3->3->1 MB, 4 MB goal, 0 MB stacks, 0 MB globals, 2 P
gc 891 @13.020s 4%: 0.019+1.2+0.014 ms clock, 0.039+0.53/0.74/0+0.029 ms cpu, 3->3->1 MB, 4 MB goal, 0 MB stacks, 0 MB globals, 2 P
gc 892 @13.031s 4%: 0.039+2.2+0.003 ms clock, 0.078+0.67/0.56/0+0.006 ms cpu, 3->3->1 MB, 4 MB goal, 0 MB stacks, 0 MB globals, 2 P
gc 893 @13.041s 4%: 0.042+0.99+0.036 ms clock, 0.084+0.69/0.52/0+0.073 ms cpu, 3->3->1 MB, 4 MB goal, 0 MB stacks, 0 MB globals, 2 P
gc 894 @13.052s 4%: 0.023+1.1+0.031 ms clock, 0.047+0.65/0.55/0+0.063 ms cpu, 3->3->1 MB, 4 MB goal, 0 MB stacks, 0 MB globals, 2 P
gc 895 @13.062s 4%: 0.064+1.2+0.015 ms clock, 0.12+0.57/0.61/0+0.030 ms cpu, 3->3->1 MB, 4 MB goal, 0 MB stacks, 0 MB globals, 2 P
gc 896 @13.072s 4%: 0.044+2.3+0.046 ms clock, 0.089+0.40/1.0/0+0.092 ms cpu, 3->3->1 MB, 4 MB goal, 0 MB stacks, 0 MB globals, 2 P
gc 897 @13.082s 4%: 0.024+1.0+0.023 ms clock, 0.049+0.78/0.56/0+0.046 ms cpu, 3->3->1 MB, 4 MB goal, 0 MB stacks, 0 MB globals, 2 P
gc 898 @13.092s 4%: 0.043+0.97+0.017 ms clock, 0.087+0.79/0.47/0+0.035 ms cpu, 3->3->1 MB, 4 MB goal, 0 MB stacks, 0 MB globals, 2 P
gc 899 @13.102s 4%: 0.033+0.99+0.024 ms clock, 0.066+0.61/0.58/0+0.048 ms cpu, 3->3->1 MB, 4 MB goal, 0 MB stacks, 0 MB globals, 2 P
gc 900 @13.112s 4%: 0.026+2.6+0.020 ms clock, 0.053+0.75/0.51/0+0.040 ms cpu, 3->3->1 MB, 4 MB goal, 0 MB stacks, 0 MB globals, 2 P
gc 901 @13.122s 4%: 0.061+1.2+0.002 ms clock, 0.12+0.44/0.75/0+0.005 ms cpu, 3->3->1 MB, 4 MB goal, 0 MB stacks, 0 MB globals, 2 P
gc 902 @13.131s 4%: 0.047+3.0+0.003 ms clock, 0.094+0.63/0.69/0+0.006 ms cpu, 3->3->1 MB, 4 MB goal, 0 MB stacks, 0 MB globals, 2 P
gc 903 @13.141s 4%: 0.062+0.91+0.026 ms clock, 0.12+0.74/0.54/0+0.052 ms cpu, 3->3->1 MB, 4 MB goal, 0 MB stacks, 0 MB globals, 2 P
gc 904 @13.151s 4%: 0.043+1.1+0.036 ms clock, 0.087+0.48/0.68/0+0.072 ms cpu, 3->3->1 MB, 4 MB goal, 0 MB stacks, 0 MB globals, 2 P
gc 905 @13.160s 4%: 0.059+1.1+0.028 ms clock, 0.11+0.56/0.57/0+0.057 ms cpu, 3->3->1 MB, 4 MB goal, 0 MB stacks, 0 MB globals, 2 P
gc 906 @13.170s 4%: 0.059+0.91+0.003 ms clock, 0.11+0.77/0.55/0+0.007 ms cpu, 3->3->1 MB, 4 MB goal, 0 MB stacks, 0 MB globals, 2 P
gc 907 @13.180s 4%: 0.078+0.98+0.002 ms clock, 0.15+0.69/0.53/0+0.005 ms cpu, 3->3->1 MB, 4 MB goal, 0 MB stacks, 0 MB globals, 2 P
gc 908 @13.191s 4%: 0.039+1.2+0.016 ms clock, 0.079+0.42/0.77/0+0.032 ms cpu, 3->3->1 MB, 4 MB goal, 0 MB stacks, 0 MB globals, 2 P
gc 909 @13.201s 4%: 0.024+2.4+0.014 ms clock, 0.049+0.70/0.53/0+0.028 ms cpu, 3->3->1 MB, 4 MB goal, 0 MB stacks, 0 MB globals, 2 P
gc 910 @13.211s 4%: 0.016+0.97+0.017 ms clock, 0.033+0.88/0.42/0+0.034 ms cpu, 3->3->1 MB, 4 MB goal, 0 MB stacks, 0 MB globals, 2 P
gc 911 @13.221s 4%: 0.084+1.8+0.019 ms clock, 0.16+0.66/0.54/0+0.038 ms cpu, 3->3->1 MB, 4 MB goal, 0 MB stacks, 0 MB globals, 2 P
gc 912 @13.231s 4%: 0.056+3.5+0.003 ms clock, 0.11+0.74/0.53/0+0.006 ms cpu, 3->3->1 MB, 4 MB goal, 0 MB stacks, 0 MB globals, 2 P
gc 913 @13.241s 4%: 0.060+0.99+0.019 ms clock, 0.12+0.81/0.48/0+0.038 ms cpu, 3->3->1 MB, 4 MB goal, 0 MB stacks, 0 MB globals, 2 P
gc 914 @13.250s 4%: 0.051+3.4+0.019 ms clock, 0.10+0.77/0.50/0+0.038 ms cpu, 3->3->1 MB, 4 MB goal, 0 MB stacks, 0 MB globals, 2 P
gc 915 @13.261s 4%: 0.015+1.0+0.011 ms clock, 0.030+0.60/0.55/0+0.023 ms cpu, 3->3->1 MB, 4 MB goal, 0 MB stacks, 0 MB globals, 2 P
gc 916 @13.270s 4%: 0.91+0.61+0.003 ms clock, 1.8+0.48/0.56/0+0.007 ms cpu, 3->3->1 MB, 4 MB goal, 0 MB stacks, 0 MB globals, 2 P
gc 917 @13.279s 4%: 0.039+0.94+0.011 ms clock, 0.079+0.77/0.50/0+0.023 ms cpu, 3->3->1 MB, 4 MB goal, 0 MB stacks, 0 MB globals, 2 P
gc 918 @13.289s 4%: 0.019+1.3+0.002 ms clock, 0.039+0.63/0.65/0+0.005 ms cpu, 3->3->1 MB, 4 MB goal, 0 MB stacks, 0 MB globals, 2 P
gc 919 @13.298s 4%: 0.057+3.6+0.077 ms clock, 0.11+0.75/0.52/0+0.15 ms cpu, 3->3->1 MB, 4 MB goal, 0 MB stacks, 0 MB globals, 2 P
gc 920 @13.309s 4%: 0.020+1.1+0.027 ms clock, 0.040+0.64/0.67/0+0.054 ms cpu, 3->3->1 MB, 4 MB goal, 0 MB stacks, 0 MB globals, 2 P
gc 921 @13.318s 4%: 0.066+2.9+0.013 ms clock, 0.13+0.73/0.55/0+0.026 ms cpu, 3->3->1 MB, 4 MB goal, 0 MB stacks, 0 MB globals, 2 P
gc 922 @13.328s 4%: 0.059+1.1+0.014 ms clock, 0.11+0.61/0.58/0+0.029 ms cpu, 3->3->1 MB, 4 MB goal, 0 MB stacks, 0 MB globals, 2 P
gc 923 @13.337s 4%: 0.063+1.0+0.002 ms clock, 0.12+0.63/0.59/0+0.005 ms cpu, 3->3->1 MB, 4 MB goal, 0 MB stacks, 0 MB globals, 2 P
gc 924 @13.347s 4%: 0.016+0.96+0.023 ms clock, 0.032+0.75/0.44/0+0.046 ms cpu, 3->3->1 MB, 4 MB goal, 0 MB stacks, 0 MB globals, 2 P
gc 925 @13.356s 4%: 0.023+2.3+0.020 ms clock, 0.046+0.66/0.79/0+0.040 ms cpu, 3->3->1 MB, 4 MB goal, 0 MB stacks, 0 MB globals, 2 P
gc 926 @13.366s 4%: 0.049+1.2+0.017 ms clock, 0.099+0.63/0.59/0+0.035 ms cpu, 3->3->1 MB, 4 MB goal, 0 MB stacks, 0 MB globals, 2 P
gc 927 @13.376s 4%: 0.018+0.89+0.002 ms clock, 0.036+0.82/0.44/0+0.005 ms cpu, 3->3->1 MB, 4 MB goal, 0 MB stacks, 0 MB globals, 2 P
gc 928 @13.386s 4%: 0.053+1.3+0.018 ms clock, 0.10+0.42/0.71/0+0.036 ms cpu, 3->3->1 MB, 4 MB goal, 0 MB stacks, 0 MB globals, 2 P
gc 929 @13.396s 4%: 0.056+1.1+0.019 ms clock, 0.11+0.68/0.58/0+0.039 ms cpu, 3->3->1 MB, 4 MB goal, 0 MB stacks, 0 MB globals, 2 P
gc 930 @13.406s 4%: 0.062+1.0+0.003 ms clock, 0.12+0.66/0.60/0+0.007 ms cpu, 3->3->1 MB, 4 MB goal, 0 MB stacks, 0 MB globals, 2 P
gc 931 @13.417s 4%: 0.034+2.6+0.004 ms clock, 0.068+0.77/0.48/0+0.008 ms cpu, 3->3->1 MB, 4 MB goal, 0 MB stacks, 0 MB globals, 2 P
gc 932 @13.427s 4%: 0.049+1.0+0.029 ms clock, 0.098+0.76/0.51/0+0.058 ms cpu, 3->3->1 MB, 4 MB goal, 0 MB stacks, 0 MB globals, 2 P
gc 933 @13.437s 4%: 0.020+2.1+0.030 ms clock, 0.040+0.70/0.58/0+0.061 ms cpu, 3->3->1 MB, 4 MB goal, 0 MB stacks, 0 MB globals, 2 P
gc 934 @13.447s 4%: 0.053+0.97+0.023 ms clock, 0.10+0.82/0.53/0+0.047 ms cpu, 3->3->1 MB, 4 MB goal, 0 MB stacks, 0 MB globals, 2 P
gc 935 @13.456s 4%: 0.037+1.0+0.042 ms clock, 0.075+0.61/0.70/0+0.084 ms cpu, 3->3->1 MB, 4 MB goal, 0 MB stacks, 0 MB globals, 2 P
gc 936 @13.466s 4%: 0.040+0.96+0.006 ms clock, 0.080+0.86/0.43/0+0.013 ms cpu, 3->3->1 MB, 4 MB goal, 0 MB stacks, 0 MB globals, 2 P
gc 937 @13.476s 4%: 0.054+0.96+0.002 ms clock, 0.10+0.58/0.62/0+0.005 ms cpu, 3->3->1 MB, 4 MB goal, 0 MB stacks, 0 MB globals, 2 P
gc 938 @13.486s 4%: 0.35+0.70+0.012 ms clock, 0.71+0.50/0.57/0+0.025 ms cpu, 3->3->1 MB, 4 MB goal, 0 MB stacks, 0 MB globals, 2 P
gc 939 @13.497s 4%: 0.060+1.2+0.004 ms clock, 0.12+0.44/0.68/0+0.008 ms cpu, 3->3->1 MB, 4 MB goal, 0 MB stacks, 0 MB globals, 2 P
gc 940 @13.507s 4%: 0.040+1.3+0.016 ms clock, 0.081+0.29/0.87/0+0.033 ms cpu, 3->3->1 MB, 4 MB goal, 0 MB stacks, 0 MB globals, 2 P
gc 941 @13.518s 4%: 1.1+1.2+0.003 ms clock, 2.3+0.31/1.7/0+0.007 ms cpu, 3->3->1 MB, 4 MB goal, 0 MB stacks, 0 MB globals, 2 P
gc 942 @13.529s 4%: 0.058+1.2+0.004 ms clock, 0.11+0.59/0.70/0+0.008 ms cpu, 3->3->1 MB, 4 MB goal, 0 MB stacks, 0 MB globals, 2 P
gc 943 @13.540s 4%: 0.90+1.6+0.021 ms clock, 1.8+0.37/1.7/0+0.043 ms cpu, 3->3->1 MB, 4 MB goal, 0 MB stacks, 0 MB globals, 2 P
gc 944 @13.552s 4%: 0.079+1.0+0.031 ms clock, 0.15+0.69/0.61/0+0.062 ms cpu, 3->3->1 MB, 4 MB goal, 0 MB stacks, 0 MB globals, 2 P
gc 945 @13.561s 4%: 0.043+1.3+0.024 ms clock, 0.087+0.44/0.72/0+0.048 ms cpu, 3->3->1 MB, 4 MB goal, 0 MB stacks, 0 MB globals, 2 P
gc 946 @13.571s 4%: 0.068+1.3+0.011 ms clock, 0.13+0.50/0.82/0+0.022 ms cpu, 3->3->1 MB, 4 MB goal, 0 MB stacks, 0 MB globals, 2 P
gc 947 @13.581s 4%: 0.071+1.0+0.033 ms clock, 0.14+0.70/0.60/0+0.066 ms cpu, 3->3->1 MB, 4 MB goal, 0 MB stacks, 0 MB globals, 2 P
gc 948 @13.591s 4%: 0.024+0.98+0.020 ms clock, 0.049+0.80/0.59/0+0.041 ms cpu, 3->3->1 MB, 4 MB goal, 0 MB stacks, 0 MB globals, 2 P
gc 949 @13.600s 4%: 0.038+1.0+0.011 ms clock, 0.076+0.78/0.52/0+0.022 ms cpu, 3->3->1 MB, 4 MB goal, 0 MB stacks, 0 MB globals, 2 P
gc 950 @13.611s 4%: 0.033+1.0+0.026 ms clock, 0.066+0.69/0.58/0+0.052 ms cpu, 3->3->1 MB, 4 MB goal, 0 MB stacks, 0 MB globals, 2 P
gc 951 @13.621s 4%: 0.11+2.5+0.068 ms clock, 0.22+0.70/0.51/0+0.13 ms cpu, 3->3->1 MB, 4 MB goal, 0 MB stacks, 0 MB globals, 2 P
gc 952 @13.631s 4%: 0.053+0.97+0.010 ms clock, 0.10+0.77/0.48/0+0.020 ms cpu, 3->3->1 MB, 4 MB goal, 0 MB stacks, 0 MB globals, 2 P
gc 953 @13.641s 4%: 0.067+1.4+0.012 ms clock, 0.13+0.19/1.3/0+0.024 ms cpu, 3->3->1 MB, 4 MB goal, 0 MB stacks, 0 MB globals, 2 P
gc 954 @13.651s 4%: 0.063+1.0+0.020 ms clock, 0.12+0.66/0.59/0+0.041 ms cpu, 3->3->1 MB, 4 MB goal, 0 MB stacks, 0 MB globals, 2 P
gc 955 @13.660s 4%: 0.79+1.8+0.019 ms clock, 1.5+0.29/2.1/0+0.038 ms cpu, 3->3->1 MB, 4 MB goal, 0 MB stacks, 0 MB globals, 2 P
gc 956 @13.670s 4%: 0.39+0.75+0.004 ms clock, 0.78+0.54/0.64/0+0.008 ms cpu, 3->3->1 MB, 4 MB goal, 0 MB stacks, 0 MB globals, 2 P
gc 957 @13.681s 4%: 0.020+1.0+0.002 ms clock, 0.041+0.66/0.56/0+0.005 ms cpu, 3->3->1 MB, 4 MB goal, 0 MB stacks, 0 MB globals, 2 P
gc 958 @13.692s 4%: 0.057+2.8+0.003 ms clock, 0.11+0.44/0.73/0+0.007 ms cpu, 3->3->1 MB, 4 MB goal, 0 MB stacks, 0 MB globals, 2 P
gc 959 @13.701s 4%: 0.052+1.5+0.005 ms clock, 0.10+0.84/0.48/0+0.011 ms cpu, 3->3->1 MB, 4 MB goal, 0 MB stacks, 0 MB globals, 2 P
gc 960 @13.711s 4%: 0.045+3.4+0.028 ms clock, 0.090+0.79/0.54/0+0.056 ms cpu, 3->3->1 MB, 4 MB goal, 0 MB stacks, 0 MB globals, 2 P
gc 961 @13.721s 4%: 0.043+1.6+0.027 ms clock, 0.087+0.68/0.56/0+0.055 ms cpu, 3->3->1 MB, 4 MB goal, 0 MB stacks, 0 MB globals, 2 P
gc 962 @13.731s 4%: 0.047+1.0+0.018 ms clock, 0.094+0.73/0.50/0+0.037 ms cpu, 3->3->1 MB, 4 MB goal, 0 MB stacks, 0 MB globals, 2 P
gc 963 @13.740s 4%: 0.022+1.1+0.019 ms clock, 0.044+0.59/0.62/0+0.039 ms cpu, 3->3->1 MB, 4 MB goal, 0 MB stacks, 0 MB globals, 2 P
gc 964 @13.750s 4%: 0.029+1.0+0.003 ms clock, 0.059+0.76/0.48/0+0.006 ms cpu, 3->3->1 MB, 4 MB goal, 0 MB stacks, 0 MB globals, 2 P
gc 965 @13.759s 4%: 0.039+3.2+0.004 ms clock, 0.078+0.71/0.49/0+0.009 ms cpu, 3->3->1 MB, 4 MB goal, 0 MB stacks, 0 MB globals, 2 P
gc 966 @13.769s 4%: 1.4+0.75+0.010 ms clock, 2.9+0.13/1.1/0+0.020 ms cpu, 3->3->1 MB, 4 MB goal, 0 MB stacks, 0 MB globals, 2 P
gc 967 @13.779s 4%: 0.015+3.6+0.075 ms clock, 0.031+0.79/0.51/0+0.15 ms cpu, 3->3->1 MB, 4 MB goal, 0 MB stacks, 0 MB globals, 2 P
gc 968 @13.789s 4%: 0.017+3.4+0.004 ms clock, 0.035+0.42/0.35/0+0.008 ms cpu, 3->3->1 MB, 4 MB goal, 0 MB stacks, 0 MB globals, 2 P
gc 969 @13.799s 4%: 0.059+0.88+0.016 ms clock, 0.11+0.77/0.46/0+0.033 ms cpu, 3->3->1 MB, 4 MB goal, 0 MB stacks, 0 MB globals, 2 P
gc 970 @13.808s 4%: 0.054+1.2+0.013 ms clock, 0.10+0.59/0.58/0+0.026 ms cpu, 3->3->1 MB, 4 MB goal, 0 MB stacks, 0 MB globals, 2 P
gc 971 @13.818s 4%: 0.032+3.7+0.002 ms clock, 0.064+0.72/0.61/0+0.005 ms cpu, 3->3->1 MB, 4 MB goal, 0 MB stacks, 0 MB globals, 2 P
gc 972 @13.828s 4%: 0.021+1.2+0.019 ms clock, 0.042+0.61/0.68/0+0.039 ms cpu, 3->3->1 MB, 4 MB goal, 0 MB stacks, 0 MB globals, 2 P
gc 973 @13.838s 4%: 0.039+2.9+0.077 ms clock, 0.079+0.54/0.59/0+0.15 ms cpu, 3->3->1 MB, 4 MB goal, 0 MB stacks, 0 MB globals, 2 P
gc 974 @13.848s 4%: 0.015+3.1+0.005 ms clock, 0.030+0.61/0.63/0+0.010 ms cpu, 3->3->1 MB, 4 MB goal, 0 MB stacks, 0 MB globals, 2 P
gc 975 @13.858s 4%: 0.019+0.97+0.003 ms clock, 0.038+0.73/0.52/0+0.007 ms cpu, 3->3->1 MB, 4 MB goal, 0 MB stacks, 0 MB globals, 2 P
gc 976 @13.867s 4%: 0.039+0.96+0.002 ms clock, 0.078+0.63/0.62/0+0.005 ms cpu, 3->3->1 MB, 4 MB goal, 0 MB stacks, 0 MB globals, 2 P
gc 977 @13.876s 4%: 0.016+1.0+0.021 ms clock, 0.032+0.63/0.56/0+0.042 ms cpu, 3->3->1 MB, 4 MB goal, 0 MB stacks, 0 MB globals, 2 P
gc 978 @13.886s 4%: 0.061+1.0+0.018 ms clock, 0.12+0.62/0.50/0+0.036 ms cpu, 3->3->1 MB, 4 MB goal, 0 MB stacks, 0 MB globals, 2 P
gc 979 @13.895s 4%: 0.048+1.2+0.002 ms clock, 0.096+0.46/0.63/0+0.005 ms cpu, 3->3->1 MB, 4 MB goal, 0 MB stacks, 0 MB globals, 2 P
gc 980 @13.906s 4%: 0.039+1.0+0.031 ms clock, 0.078+0.64/0.54/0+0.062 ms cpu, 3->3->1 MB, 4 MB goal, 0 MB stacks, 0 MB globals, 2 P
gc 981 @13.918s 4%: 0.039+1.1+0.003 ms clock, 0.079+0.61/0.61/0+0.006 ms cpu, 3->3->1 MB, 4 MB goal, 0 MB stacks, 0 MB globals, 2 P
gc 982 @13.929s 4%: 0.016+1.2+0.028 ms clock, 0.032+0.49/0.62/0+0.056 ms cpu, 3->3->1 MB, 4 MB goal, 0 MB stacks, 0 MB globals, 2 P
gc 983 @13.940s 4%: 0.052+1.0+0.002 ms clock, 0.10+0.51/0.70/0+0.005 ms cpu, 3->3->1 MB, 4 MB goal, 0 MB stacks, 0 MB globals, 2 P
gc 984 @13.951s 4%: 0.049+2.1+0.005 ms clock, 0.098+0.42/0.73/0+0.010 ms cpu, 3->3->1 MB, 4 MB goal, 0 MB stacks, 0 MB globals, 2 P
gc 985 @13.962s 4%: 0.061+1.0+0.015 ms clock, 0.12+0.71/0.57/0+0.031 ms cpu, 3->3->1 MB, 4 MB goal, 0 MB stacks, 0 MB globals, 2 P
gc 986 @13.973s 4%: 0.048+1.0+0.022 ms clock, 0.096+0.73/0.57/0+0.044 ms cpu, 3->3->1 MB, 4 MB goal, 0 MB stacks, 0 MB globals, 2 P
gc 987 @13.983s 4%: 0.78+1.2+0.022 ms clock, 1.5+0.30/1.5/0+0.045 ms cpu, 3->3->1 MB, 4 MB goal, 0 MB stacks, 0 MB globals, 2 P
gc 988 @13.994s 4%: 0.041+0.91+0.003 ms clock, 0.083+0.88/0.41/0+0.007 ms cpu, 3->3->1 MB, 4 MB goal, 0 MB stacks, 0 MB globals, 2 P
gc 989 @14.004s 4%: 0.086+0.94+0.002 ms clock, 0.17+0.67/0.54/0+0.005 ms cpu, 3->3->1 MB, 4 MB goal, 0 MB stacks, 0 MB globals, 2 P
gc 990 @14.014s 4%: 0.047+3.2+0.014 ms clock, 0.094+0.62/0.61/0+0.028 ms cpu, 3->3->1 MB, 4 MB goal, 0 MB stacks, 0 MB globals, 2 P
gc 991 @14.024s 4%: 0.020+2.5+0.049 ms clock, 0.040+0.73/0.51/0+0.098 ms cpu, 3->3->1 MB, 4 MB goal, 0 MB stacks, 0 MB globals, 2 P
gc 992 @14.034s 4%: 0.043+0.94+0.011 ms clock, 0.086+0.72/0.53/0+0.022 ms cpu, 3->3->1 MB, 4 MB goal, 0 MB stacks, 0 MB globals, 2 P
gc 993 @14.043s 4%: 0.096+0.98+0.004 ms clock, 0.19+0.63/0.63/0+0.008 ms cpu, 3->3->1 MB, 4 MB goal, 0 MB stacks, 0 MB globals, 2 P
gc 994 @14.053s 4%: 0.043+1.8+0.036 ms clock, 0.086+0.71/0.55/0+0.073 ms cpu, 3->3->1 MB, 4 MB goal, 0 MB stacks, 0 MB globals, 2 P
gc 995 @14.063s 4%: 0.043+1.0+0.019 ms clock, 0.087+0.58/0.67/0+0.038 ms cpu, 3->3->1 MB, 4 MB goal, 0 MB stacks, 0 MB globals, 2 P
gc 996 @14.072s 4%: 0.035+1.0+0.003 ms clock, 0.071+0.64/0.59/0+0.006 ms cpu, 3->3->1 MB, 4 MB goal, 0 MB stacks, 0 MB globals, 2 P
gc 997 @14.082s 4%: 0.054+0.94+0.019 ms clock, 0.10+0.74/0.53/0+0.039 ms cpu, 3->3->1 MB, 4 MB goal, 0 MB stacks, 0 MB globals, 2 P
gc 998 @14.092s 4%: 0.057+1.0+0.017 ms clock, 0.11+0.55/0.61/0+0.034 ms cpu, 3->3->1 MB, 4 MB goal, 0 MB stacks, 0 MB globals, 2 P
gc 999 @14.102s 4%: 0.033+1.0+0.005 ms clock, 0.067+0.66/0.54/0+0.010 ms cpu, 3->3->1 MB, 4 MB goal, 0 MB stacks, 0 MB globals, 2 P
gc 1000 @14.113s 4%: 0.055+0.91+0.008 ms clock, 0.11+0.66/0.56/0+0.016 ms cpu, 3->3->1 MB, 4 MB goal, 0 MB stacks, 0 MB globals, 2 P
gc 1001 @14.124s 4%: 0.044+1.0+0.006 ms clock, 0.088+0.63/0.69/0+0.013 ms cpu, 3->3->1 MB, 4 MB goal, 0 MB stacks, 0 MB globals, 2 P
gc 1002 @14.134s 4%: 0.014+1.1+0.017 ms clock, 0.029+0.76/0.69/0+0.035 ms cpu, 3->3->1 MB, 4 MB goal, 0 MB stacks, 0 MB globals, 2 P
gc 1003 @14.144s 4%: 0.019+1.0+0.003 ms clock, 0.039+0.60/0.56/0+0.007 ms cpu, 3->3->1 MB, 4 MB goal, 0 MB stacks, 0 MB globals, 2 P
gc 1004 @14.155s 4%: 0.043+2.7+0.007 ms clock, 0.086+0.69/0.51/0+0.014 ms cpu, 3->3->1 MB, 4 MB goal, 0 MB stacks, 0 MB globals, 2 P
gc 1005 @14.165s 4%: 0.042+0.97+0.028 ms clock, 0.085+0.77/0.47/0+0.056 ms cpu, 3->3->1 MB, 4 MB goal, 0 MB stacks, 0 MB globals, 2 P
gc 1006 @14.174s 4%: 0.056+3.2+0.002 ms clock, 0.11+0.85/0.45/0+0.005 ms cpu, 3->3->1 MB, 4 MB goal, 0 MB stacks, 0 MB globals, 2 P
gc 1007 @14.184s 4%: 0.019+2.6+0.021 ms clock, 0.038+0.70/0.44/0+0.042 ms cpu, 3->3->1 MB, 4 MB goal, 0 MB stacks, 0 MB globals, 2 P
gc 1008 @14.194s 4%: 0.016+0.97+0.026 ms clock, 0.032+0.78/0.51/0+0.052 ms cpu, 3->3->1 MB, 4 MB goal, 0 MB stacks, 0 MB globals, 2 P
gc 1009 @14.204s 4%: 0.075+1.1+0.032 ms clock, 0.15+0.59/0.62/0+0.065 ms cpu, 3->3->1 MB, 4 MB goal, 0 MB stacks, 0 MB globals, 2 P
gc 1010 @14.213s 4%: 0.040+0.87+0.003 ms clock, 0.081+0.67/0.50/0+0.007 ms cpu, 3->3->1 MB, 4 MB goal, 0 MB stacks, 0 MB globals, 2 P
gc 1011 @14.222s 4%: 0.038+1.2+0.016 ms clock, 0.076+0.42/0.75/0+0.032 ms cpu, 3->3->1 MB, 4 MB goal, 0 MB stacks, 0 MB globals, 2 P
gc 1012 @14.232s 4%: 0.064+2.4+0.041 ms clock, 0.12+0.73/0.49/0+0.083 ms cpu, 3->3->1 MB, 4 MB goal, 0 MB stacks, 0 MB globals, 2 P
gc 1013 @14.242s 4%: 0.042+1.0+0.003 ms clock, 0.084+0.76/0.46/0+0.007 ms cpu, 3->3->1 MB, 4 MB goal, 0 MB stacks, 0 MB globals, 2 P
gc 1014 @14.252s 4%: 0.039+0.93+0.017 ms clock, 0.079+0.69/0.54/0+0.034 ms cpu, 3->3->1 MB, 4 MB goal, 0 MB stacks, 0 MB globals, 2 P
gc 1015 @14.261s 4%: 0.045+3.5+0.003 ms clock, 0.090+0.46/0.27/0+0.006 ms cpu, 3->3->1 MB, 4 MB goal, 0 MB stacks, 0 MB globals, 2 P
gc 1016 @14.271s 4%: 0.048+3.1+0.078 ms clock, 0.096+0.67/0.82/0+0.15 ms cpu, 3->3->1 MB, 4 MB goal, 0 MB stacks, 0 MB globals, 2 P
gc 1017 @14.281s 4%: 0.031+1.0+0.023 ms clock, 0.063+0.62/0.57/0+0.047 ms cpu, 3->3->1 MB, 4 MB goal, 0 MB stacks, 0 MB globals, 2 P
gc 1018 @14.291s 4%: 0.042+1.5+0.025 ms clock, 0.084+0.48/0.93/0+0.051 ms cpu, 3->3->1 MB, 4 MB goal, 0 MB stacks, 0 MB globals, 2 P
gc 1019 @14.300s 4%: 0.061+1.1+0.022 ms clock, 0.12+0.60/0.61/0+0.045 ms cpu, 3->3->1 MB, 4 MB goal, 0 MB stacks, 0 MB globals, 2 P
gc 1020 @14.310s 4%: 0.050+3.6+0.086 ms clock, 0.10+0.47/0.68/0+0.17 ms cpu, 3->3->1 MB, 4 MB goal, 0 MB stacks, 0 MB globals, 2 P
gc 1021 @14.320s 4%: 0.045+2.8+0.027 ms clock, 0.090+0.80/0.51/0+0.055 ms cpu, 3->3->1 MB, 4 MB goal, 0 MB stacks, 0 MB globals, 2 P
gc 1022 @14.330s 4%: 0.015+0.90+0.019 ms clock, 0.030+0.78/0.49/0+0.038 ms cpu, 3->3->1 MB, 4 MB goal, 0 MB stacks, 0 MB globals, 2 P
gc 1023 @14.339s 4%: 0.014+1.0+0.019 ms clock, 0.029+0.75/0.54/0+0.039 ms cpu, 3->3->1 MB, 4 MB goal, 0 MB stacks, 0 MB globals, 2 P
gc 1024 @14.349s 4%: 0.043+1.0+0.002 ms clock, 0.087+0.73/0.50/0+0.005 ms cpu, 3->3->1 MB, 4 MB goal, 0 MB stacks, 0 MB globals, 2 P
gc 1025 @14.358s 4%: 0.052+1.1+0.016 ms clock, 0.10+0.55/0.66/0+0.032 ms cpu, 3->3->1 MB, 4 MB goal, 0 MB stacks, 0 MB globals, 2 P
gc 1026 @14.368s 4%: 0.058+1.0+0.017 ms clock, 0.11+0.59/0.57/0+0.034 ms cpu, 3->3->1 MB, 4 MB goal, 0 MB stacks, 0 MB globals, 2 P
gc 1027 @14.379s 4%: 0.014+0.96+0.011 ms clock, 0.029+0.68/0.58/0+0.022 ms cpu, 3->3->1 MB, 4 MB goal, 0 MB stacks, 0 MB globals, 2 P
gc 1028 @14.390s 4%: 0.019+0.99+0.010 ms clock, 0.039+0.57/0.70/0+0.021 ms cpu, 3->3->1 MB, 4 MB goal, 0 MB stacks, 0 MB globals, 2 P
gc 1029 @14.402s 4%: 0.21+1.5+0.013 ms clock, 0.43+0.61/0.93/0+0.027 ms cpu, 3->3->1 MB, 4 MB goal, 0 MB stacks, 0 MB globals, 2 P
gc 1030 @14.413s 4%: 0.064+1.1+0.003 ms clock, 0.12+0.54/0.61/0+0.007 ms cpu, 3->3->1 MB, 4 MB goal, 0 MB stacks, 0 MB globals, 2 P
gc 1031 @14.424s 4%: 0.057+0.91+0.016 ms clock, 0.11+0.75/0.50/0+0.033 ms cpu, 3->3->1 MB, 4 MB goal, 0 MB stacks, 0 MB globals, 2 P
gc 1032 @14.435s 4%: 0.061+2.5+0.022 ms clock, 0.12+0.42/0.85/0+0.045 ms cpu, 3->3->1 MB, 4 MB goal, 0 MB stacks, 0 MB globals, 2 P
gc 1033 @14.445s 4%: 0.076+1.2+0.004 ms clock, 0.15+0.64/0.73/0+0.008 ms cpu, 3->3->1 MB, 4 MB goal, 0 MB stacks, 0 MB globals, 2 P
gc 1034 @14.456s 4%: 0.070+1.0+0.003 ms clock, 0.14+0.73/0.55/0+0.007 ms cpu, 3->3->1 MB, 4 MB goal, 0 MB stacks, 0 MB globals, 2 P
gc 1035 @14.466s 4%: 0.74+0.86+0.030 ms clock, 1.4+0.59/0.62/0+0.060 ms cpu, 3->3->1 MB, 4 MB goal, 0 MB stacks, 0 MB globals, 2 P
gc 1036 @14.477s 4%: 1.0+1.1+0.026 ms clock, 2.1+0.37/1.6/0+0.052 ms cpu, 3->3->1 MB, 4 MB goal, 0 MB stacks, 0 MB globals, 2 P
gc 1037 @14.487s 4%: 0.056+0.92+0.012 ms clock, 0.11+0.82/0.44/0+0.024 ms cpu, 3->3->1 MB, 4 MB goal, 0 MB stacks, 0 MB globals, 2 P
gc 1038 @14.498s 4%: 0.061+1.0+0.003 ms clock, 0.12+0.79/0.48/0+0.007 ms cpu, 3->3->1 MB, 4 MB goal, 0 MB stacks, 0 MB globals, 2 P
gc 1039 @14.508s 4%: 1.4+1.2+0.021 ms clock, 2.8+0.44/1.5/0+0.042 ms cpu, 3->3->1 MB, 4 MB goal, 0 MB stacks, 0 MB globals, 2 P
gc 1040 @14.519s 4%: 0.037+1.0+0.003 ms clock, 0.074+0.67/0.53/0+0.006 ms cpu, 3->3->1 MB, 4 MB goal, 0 MB stacks, 0 MB globals, 2 P
gc 1041 @14.529s 4%: 0.054+0.94+0.026 ms clock, 0.10+0.77/0.47/0+0.053 ms cpu, 3->3->1 MB, 4 MB goal, 0 MB stacks, 0 MB globals, 2 P
gc 1042 @14.540s 4%: 0.065+1.7+0.003 ms clock, 0.13+0.46/0.86/0+0.007 ms cpu, 3->3->1 MB, 4 MB goal, 0 MB stacks, 0 MB globals, 2 P
gc 1043 @14.551s 4%: 0.049+1.0+0.024 ms clock, 0.099+0.68/0.57/0+0.048 ms cpu, 3->3->1 MB, 4 MB goal, 0 MB stacks, 0 MB globals, 2 P
gc 1044 @14.561s 4%: 0.80+1.3+0.039 ms clock, 1.6+0.23/1.6/0+0.078 ms cpu, 3->3->1 MB, 4 MB goal, 0 MB stacks, 0 MB globals, 2 P
gc 1045 @14.572s 4%: 0.067+1.0+0.020 ms clock, 0.13+0.73/0.56/0+0.041 ms cpu, 3->3->1 MB, 4 MB goal, 0 MB stacks, 0 MB globals, 2 P
gc 1046 @14.582s 4%: 0.041+1.0+0.038 ms clock, 0.082+0.75/0.56/0+0.077 ms cpu, 3->3->1 MB, 4 MB goal, 0 MB stacks, 0 MB globals, 2 P
gc 1047 @14.593s 4%: 0.022+1.1+0.011 ms clock, 0.045+0.52/0.66/0+0.023 ms cpu, 3->3->1 MB, 4 MB goal, 0 MB stacks, 0 MB globals, 2 P
gc 1048 @14.604s 4%: 0.087+0.88+0.030 ms clock, 0.17+0.58/0.54/0+0.061 ms cpu, 3->3->1 MB, 4 MB goal, 0 MB stacks, 0 MB globals, 2 P
gc 1049 @14.614s 4%: 0.067+1.1+0.003 ms clock, 0.13+0.69/0.60/0+0.007 ms cpu, 3->3->1 MB, 4 MB goal, 0 MB stacks, 0 MB globals, 2 P
gc 1050 @14.625s 4%: 0.058+0.91+0.003 ms clock, 0.11+0.62/0.58/0+0.006 ms cpu, 3->3->1 MB, 4 MB goal, 0 MB stacks, 0 MB globals, 2 P
gc 1051 @14.635s 4%: 0.046+0.97+0.004 ms clock, 0.092+0.77/0.54/0+0.009 ms cpu, 3->3->1 MB, 4 MB goal, 0 MB stacks, 0 MB globals, 2 P
gc 1052 @14.647s 4%: 0.054+2.8+0.005 ms clock, 0.10+0.24/0.51/0+0.011 ms cpu, 3->3->1 MB, 4 MB goal, 0 MB stacks, 0 MB globals, 2 P
gc 1053 @14.657s 4%: 1.1+0.42+0.039 ms clock, 2.2+0.14/0.86/0+0.078 ms cpu, 3->3->1 MB, 4 MB goal, 0 MB stacks, 0 MB globals, 2 P
gc 1054 @14.667s 4%: 0.037+2.8+0.027 ms clock, 0.074+0.48/0.80/0+0.055 ms cpu, 3->3->1 MB, 4 MB goal, 0 MB stacks, 0 MB globals, 2 P
gc 1055 @14.678s 4%: 1.1+2.0+0.005 ms clock, 2.2+0.35/0.72/0+0.010 ms cpu, 3->3->1 MB, 4 MB goal, 0 MB stacks, 0 MB globals, 2 P
gc 1056 @14.688s 4%: 0.053+0.90+0.023 ms clock, 0.10+0.71/0.50/0+0.047 ms cpu, 3->3->1 MB, 4 MB goal, 0 MB stacks, 0 MB globals, 2 P
gc 1057 @14.698s 4%: 0.078+1.2+0.002 ms clock, 0.15+0.59/0.60/0+0.005 ms cpu, 3->3->1 MB, 4 MB goal, 0 MB stacks, 0 MB globals, 2 P
gc 1058 @14.708s 4%: 0.027+3.2+0.017 ms clock, 0.055+0.45/0.64/0+0.035 ms cpu, 3->3->1 MB, 4 MB goal, 0 MB stacks, 0 MB globals, 2 P
gc 1059 @14.718s 4%: 0.039+1.0+0.030 ms clock, 0.078+0.72/0.56/0+0.060 ms cpu, 3->3->1 MB, 4 MB goal, 0 MB stacks, 0 MB globals, 2 P
gc 1060 @14.727s 4%: 0.056+3.2+0.035 ms clock, 0.11+0.54/0.69/0+0.070 ms cpu, 3->3->1 MB, 4 MB goal, 0 MB stacks, 0 MB globals, 2 P
gc 1061 @14.737s 4%: 0.048+1.1+0.003 ms clock, 0.097+0.41/0.68/0+0.006 ms cpu, 3->3->1 MB, 4 MB goal, 0 MB stacks, 0 MB globals, 2 P
gc 1062 @14.747s 4%: 0.015+0.92+0.019 ms clock, 0.031+0.72/0.52/0+0.039 ms cpu, 3->3->1 MB, 4 MB goal, 0 MB stacks, 0 MB globals, 2 P
gc 1063 @14.757s 4%: 0.019+1.0+0.015 ms clock, 0.039+0.69/0.59/0+0.031 ms cpu, 3->3->1 MB, 4 MB goal, 0 MB stacks, 0 MB globals, 2 P
gc 1064 @14.767s 4%: 0.015+1.0+0.011 ms clock, 0.030+0.70/0.54/0+0.022 ms cpu, 3->3->1 MB, 4 MB goal, 0 MB stacks, 0 MB globals, 2 P
gc 1065 @14.777s 4%: 0.034+1.9+0.041 ms clock, 0.068+0.64/0.63/0+0.082 ms cpu, 3->3->1 MB, 4 MB goal, 0 MB stacks, 0 MB globals, 2 P
gc 1066 @14.787s 4%: 0.036+1.3+0.030 ms clock, 0.073+0.51/0.72/0+0.061 ms cpu, 3->3->1 MB, 4 MB goal, 0 MB stacks, 0 MB globals, 2 P
gc 1067 @14.797s 4%: 0.027+0.96+0.020 ms clock, 0.054+0.69/0.53/0+0.040 ms cpu, 3->3->1 MB, 4 MB goal, 0 MB stacks, 0 MB globals, 2 P
gc 1068 @14.807s 4%: 0.054+1.0+0.004 ms clock, 0.10+0.71/0.50/0+0.008 ms cpu, 3->3->1 MB, 4 MB goal, 0 MB stacks, 0 MB globals, 2 P
gc 1069 @14.817s 4%: 0.060+0.88+0.028 ms clock, 0.12+0.84/0.46/0+0.057 ms cpu, 3->3->1 MB, 4 MB goal, 0 MB stacks, 0 MB globals, 2 P
gc 1070 @14.827s 4%: 0.061+1.1+0.022 ms clock, 0.12+0.69/0.59/0+0.045 ms cpu, 3->3->1 MB, 4 MB goal, 0 MB stacks, 0 MB globals, 2 P
gc 1071 @14.838s 4%: 0.020+1.0+0.004 ms clock, 0.040+0.82/0.50/0+0.008 ms cpu, 3->3->1 MB, 4 MB goal, 0 MB stacks, 0 MB globals, 2 P
gc 1072 @14.848s 4%: 0.055+3.2+0.018 ms clock, 0.11+0.42/0.79/0+0.037 ms cpu, 3->3->1 MB, 4 MB goal, 0 MB stacks, 0 MB globals, 2 P
gc 1073 @14.858s 4%: 0.021+1.0+0.052 ms clock, 0.042+0.63/0.57/0+0.10 ms cpu, 3->3->1 MB, 4 MB goal, 0 MB stacks, 0 MB globals, 2 P
gc 1074 @14.867s 4%: 0.049+1.2+0.037 ms clock, 0.099+0.46/0.71/0+0.075 ms cpu, 3->3->1 MB, 4 MB goal, 0 MB stacks, 0 MB globals, 2 P
gc 1075 @14.877s 4%: 0.039+0.97+0.003 ms clock, 0.078+0.72/0.52/0+0.007 ms cpu, 3->3->1 MB, 4 MB goal, 0 MB stacks, 0 MB globals, 2 P
gc 1076 @14.886s 4%: 0.021+0.89+0.015 ms clock, 0.042+0.76/0.45/0+0.030 ms cpu, 3->3->1 MB, 4 MB goal, 0 MB stacks, 0 MB globals, 2 P
gc 1077 @14.896s 4%: 0.049+2.7+0.003 ms clock, 0.099+0.64/0.56/0+0.007 ms cpu, 3->3->1 MB, 4 MB goal, 0 MB stacks, 0 MB globals, 2 P
gc 1078 @14.906s 4%: 0.044+0.98+0.015 ms clock, 0.089+0.68/0.58/0+0.030 ms cpu, 3->3->1 MB, 4 MB goal, 0 MB stacks, 0 MB globals, 2 P
gc 1079 @14.916s 4%: 0.018+3.3+0.003 ms clock, 0.036+0.43/0.32/0+0.007 ms cpu, 3->3->1 MB, 4 MB goal, 0 MB stacks, 0 MB globals, 2 P
gc 1080 @14.926s 4%: 0.014+0.98+0.026 ms clock, 0.029+0.72/0.53/0+0.052 ms cpu, 3->3->1 MB, 4 MB goal, 0 MB stacks, 0 MB globals, 2 P
gc 1081 @14.935s 4%: 0.040+1.9+0.006 ms clock, 0.081+0.65/0.68/0+0.012 ms cpu, 3->3->1 MB, 4 MB goal, 0 MB stacks, 0 MB globals, 2 P
gc 1082 @14.945s 4%: 0.044+1.0+0.010 ms clock, 0.089+0.74/0.63/0+0.021 ms cpu, 3->3->1 MB, 4 MB goal, 0 MB stacks, 0 MB globals, 2 P
gc 1083 @14.955s 4%: 0.025+1.0+0.004 ms clock, 0.050+0.87/0.46/0+0.008 ms cpu, 3->3->1 MB, 4 MB goal, 0 MB stacks, 0 MB globals, 2 P
gc 1084 @14.965s 4%: 0.047+1.0+0.023 ms clock, 0.095+0.64/0.58/0+0.047 ms cpu, 3->3->1 MB, 4 MB goal, 0 MB stacks, 0 MB globals, 2 P
gc 1085 @14.976s 4%: 0.041+1.0+0.020 ms clock, 0.082+0.73/0.55/0+0.040 ms cpu, 3->3->1 MB, 4 MB goal, 0 MB stacks, 0 MB globals, 2 P
gc 1086 @14.986s 4%: 0.036+1.0+0.008 ms clock, 0.072+0.68/0.57/0+0.017 ms cpu, 3->3->1 MB, 4 MB goal, 0 MB stacks, 0 MB globals, 2 P
gc 1087 @14.997s 4%: 0.019+0.88+0.003 ms clock, 0.038+0.78/0.43/0+0.006 ms cpu, 3->3->1 MB, 4 MB goal, 0 MB stacks, 0 MB globals, 2 P
gc 1088 @15.007s 4%: 0.019+1.0+0.021 ms clock, 0.038+0.79/0.50/0+0.043 ms cpu, 3->3->1 MB, 4 MB goal, 0 MB stacks, 0 MB globals, 2 P
gc 1089 @15.017s 4%: 0.059+1.7+0.013 ms clock, 0.11+0.73/0.58/0+0.027 ms cpu, 3->3->1 MB, 4 MB goal, 0 MB stacks, 0 MB globals, 2 P
gc 1090 @15.027s 4%: 0.029+1.1+0.012 ms clock, 0.059+0.62/0.57/0+0.025 ms cpu, 3->3->1 MB, 4 MB goal, 0 MB stacks, 0 MB globals, 2 P
gc 1091 @15.037s 4%: 0.015+1.0+0.020 ms clock, 0.030+0.68/0.54/0+0.041 ms cpu, 3->3->1 MB, 4 MB goal, 0 MB stacks, 0 MB globals, 2 P
gc 1092 @15.048s 4%: 0.052+2.9+0.005 ms clock, 0.10+0.84/0.45/0+0.011 ms cpu, 3->3->1 MB, 4 MB goal, 0 MB stacks, 0 MB globals, 2 P
gc 1093 @15.058s 4%: 0.018+0.97+0.026 ms clock, 0.037+0.69/0.54/0+0.052 ms cpu, 3->3->1 MB, 4 MB goal, 0 MB stacks, 0 MB globals, 2 P
gc 1094 @15.067s 4%: 0.063+1.0+0.012 ms clock, 0.12+0.66/0.63/0+0.025 ms cpu, 3->3->1 MB, 4 MB goal, 0 MB stacks, 0 MB globals, 2 P
gc 1095 @15.076s 4%: 0.017+2.5+0.034 ms clock, 0.034+0.47/0.27/0+0.068 ms cpu, 3->3->1 MB, 4 MB goal, 0 MB stacks, 0 MB globals, 2 P
gc 1096 @15.086s 4%: 0.049+1.1+0.020 ms clock, 0.099+0.55/0.61/0+0.041 ms cpu, 3->3->1 MB, 4 MB goal, 0 MB stacks, 0 MB globals, 2 P
gc 1097 @15.096s 4%: 0.018+1.1+0.019 ms clock, 0.036+0.65/0.64/0+0.039 ms cpu, 3->3->1 MB, 4 MB goal, 0 MB stacks, 0 MB globals, 2 P
gc 1098 @15.106s 4%: 0.046+1.1+0.022 ms clock, 0.092+0.47/0.67/0+0.045 ms cpu, 3->3->1 MB, 4 MB goal, 0 MB stacks, 0 MB globals, 2 P
gc 1099 @15.116s 4%: 0.052+1.3+0.015 ms clock, 0.10+0.41/0.73/0+0.030 ms cpu, 3->3->1 MB, 4 MB goal, 0 MB stacks, 0 MB globals, 2 P
gc 1100 @15.126s 4%: 0.060+0.96+0.020 ms clock, 0.12+0.68/0.58/0+0.041 ms cpu, 3->3->1 MB, 4 MB goal, 0 MB stacks, 0 MB globals, 2 P
gc 1101 @15.137s 4%: 0.041+1.1+0.020 ms clock, 0.082+0.56/0.59/0+0.040 ms cpu, 3->3->1 MB, 4 MB goal, 0 MB stacks, 0 MB globals, 2 P
gc 1102 @15.148s 4%: 0.051+1.1+0.017 ms clock, 0.10+0.68/0.63/0+0.035 ms cpu, 3->3->1 MB, 4 MB goal, 0 MB stacks, 0 MB globals, 2 P
gc 1103 @15.159s 4%: 0.057+1.6+0.014 ms clock, 0.11+0.43/1.0/0+0.029 ms cpu, 3->3->1 MB, 4 MB goal, 0 MB stacks, 0 MB globals, 2 P
gc 1104 @15.170s 4%: 0.037+0.94+0.023 ms clock, 0.075+0.79/0.46/0+0.046 ms cpu, 3->3->1 MB, 4 MB goal, 0 MB stacks, 0 MB globals, 2 P
gc 1105 @15.181s 4%: 0.024+1.6+0.040 ms clock, 0.048+0.76/0.48/0+0.080 ms cpu, 3->3->1 MB, 4 MB goal, 0 MB stacks, 0 MB globals, 2 P
gc 1106 @15.191s 4%: 0.019+1.1+0.003 ms clock, 0.038+0.39/0.64/0+0.007 ms cpu, 3->3->1 MB, 4 MB goal, 0 MB stacks, 0 MB globals, 2 P
gc 1107 @15.202s 4%: 0.043+0.98+0.021 ms clock, 0.087+0.68/0.59/0+0.042 ms cpu, 3->3->1 MB, 4 MB goal, 0 MB stacks, 0 MB globals, 2 P
gc 1108 @15.212s 4%: 0.038+1.0+0.021 ms clock, 0.076+0.70/0.57/0+0.042 ms cpu, 3->3->1 MB, 4 MB goal, 0 MB stacks, 0 MB globals, 2 P
gc 1109 @15.222s 4%: 0.043+0.95+0.017 ms clock, 0.086+0.78/0.51/0+0.035 ms cpu, 3->3->1 MB, 4 MB goal, 0 MB stacks, 0 MB globals, 2 P
gc 1110 @15.232s 4%: 0.040+1.2+0.005 ms clock, 0.080+0.59/0.64/0+0.011 ms cpu, 3->3->1 MB, 4 MB goal, 0 MB stacks, 0 MB globals, 2 P
gc 1111 @15.243s 4%: 0.048+1.0+0.034 ms clock, 0.096+0.64/0.64/0+0.068 ms cpu, 3->3->1 MB, 4 MB goal, 0 MB stacks, 0 MB globals, 2 P
gc 1112 @15.253s 4%: 0.051+1.3+0.015 ms clock, 0.10+0.69/0.64/0+0.031 ms cpu, 3->3->1 MB, 4 MB goal, 0 MB stacks, 0 MB globals, 2 P
gc 1113 @15.264s 4%: 0.058+1.1+0.040 ms clock, 0.11+0.87/0.62/0+0.080 ms cpu, 3->3->1 MB, 4 MB goal, 0 MB stacks, 0 MB globals, 2 P
gc 1114 @15.275s 4%: 0.061+1.3+0.011 ms clock, 0.12+0.39/0.78/0+0.022 ms cpu, 3->3->1 MB, 4 MB goal, 0 MB stacks, 0 MB globals, 2 P
gc 1115 @15.286s 4%: 0.061+1.2+0.021 ms clock, 0.12+0.63/0.58/0+0.043 ms cpu, 3->3->1 MB, 4 MB goal, 0 MB stacks, 0 MB globals, 2 P
gc 1116 @15.296s 4%: 0.039+1.0+0.037 ms clock, 0.078+0.55/0.64/0+0.074 ms cpu, 3->3->1 MB, 4 MB goal, 0 MB stacks, 0 MB globals, 2 P
gc 1117 @15.307s 4%: 0.050+3.0+0.002 ms clock, 0.10+0.58/0.58/0+0.005 ms cpu, 3->3->1 MB, 4 MB goal, 0 MB stacks, 0 MB globals, 2 P
gc 1118 @15.317s 4%: 0.044+3.1+0.018 ms clock, 0.089+0.79/0.48/0+0.036 ms cpu, 3->3->1 MB, 4 MB goal, 0 MB stacks, 0 MB globals, 2 P
gc 1119 @15.327s 4%: 0.037+1.0+0.022 ms clock, 0.075+0.74/0.53/0+0.044 ms cpu, 3->3->1 MB, 4 MB goal, 0 MB stacks, 0 MB globals, 2 P
gc 1120 @15.337s 4%: 1.0+2.0+0.008 ms clock, 2.0+0.25/1.1/0+0.017 ms cpu, 3->3->1 MB, 4 MB goal, 0 MB stacks, 0 MB globals, 2 P
gc 1121 @15.347s 4%: 0.037+3.8+0.042 ms clock, 0.074+0.55/0.75/0+0.085 ms cpu, 3->3->1 MB, 4 MB goal, 0 MB stacks, 0 MB globals, 2 P
gc 1122 @15.357s 4%: 0.055+1.3+0.029 ms clock, 0.11+0.40/0.75/0+0.059 ms cpu, 3->3->1 MB, 4 MB goal, 0 MB stacks, 0 MB globals, 2 P
gc 1123 @15.366s 4%: 0.043+0.98+0.013 ms clock, 0.086+0.65/0.55/0+0.027 ms cpu, 3->3->1 MB, 4 MB goal, 0 MB stacks, 0 MB globals, 2 P
gc 1124 @15.376s 4%: 0.060+0.93+0.034 ms clock, 0.12+0.70/0.55/0+0.069 ms cpu, 3->3->1 MB, 4 MB goal, 0 MB stacks, 0 MB globals, 2 P
gc 1125 @15.385s 4%: 1.6+0.30+0.019 ms clock, 3.3+0.30/0.71/0+0.038 ms cpu, 3->3->1 MB, 4 MB goal, 0 MB stacks, 0 MB globals, 2 P
gc 1126 @15.395s 4%: 0.019+1.2+0.016 ms clock, 0.038+0.50/0.68/0+0.032 ms cpu, 3->3->1 MB, 4 MB goal, 0 MB stacks, 0 MB globals, 2 P
gc 1127 @15.405s 4%: 0.051+1.4+0.019 ms clock, 0.10+0.48/0.64/0+0.039 ms cpu, 3->3->1 MB, 4 MB goal, 0 MB stacks, 0 MB globals, 2 P
gc 1128 @15.416s 4%: 0.017+2.5+0.003 ms clock, 0.034+0.41/0.28/0+0.006 ms cpu, 3->3->1 MB, 4 MB goal, 0 MB stacks, 0 MB globals, 2 P
gc 1129 @15.427s 4%: 0.041+2.1+0.003 ms clock, 0.083+0.71/0.61/0+0.007 ms cpu, 3->3->1 MB, 4 MB goal, 0 MB stacks, 0 MB globals, 2 P
gc 1130 @15.437s 4%: 0.075+1.1+0.024 ms clock, 0.15+0.62/0.64/0+0.049 ms cpu, 3->3->1 MB, 4 MB goal, 0 MB stacks, 0 MB globals, 2 P
gc 1131 @15.447s 4%: 0.058+0.90+0.003 ms clock, 0.11+0.78/0.48/0+0.007 ms cpu, 3->3->1 MB, 4 MB goal, 0 MB stacks, 0 MB globals, 2 P
gc 1132 @15.458s 4%: 0.070+0.90+0.002 ms clock, 0.14+0.59/0.58/0+0.005 ms cpu, 3->3->1 MB, 4 MB goal, 0 MB stacks, 0 MB globals, 2 P
gc 1133 @15.468s 4%: 1.0+1.8+0.008 ms clock, 2.0+0.20/1.1/0+0.017 ms cpu, 3->3->1 MB, 4 MB goal, 0 MB stacks, 0 MB globals, 2 P
gc 1134 @15.478s 4%: 0.021+1.0+0.019 ms clock, 0.043+0.75/0.56/0+0.039 ms cpu, 3->3->1 MB, 4 MB goal, 0 MB stacks, 0 MB globals, 2 P
gc 1135 @15.488s 4%: 0.051+0.98+0.016 ms clock, 0.10+0.76/0.46/0+0.033 ms cpu, 3->3->1 MB, 4 MB goal, 0 MB stacks, 0 MB globals, 2 P
gc 1136 @15.499s 4%: 0.067+0.90+0.019 ms clock, 0.13+0.70/0.52/0+0.038 ms cpu, 3->3->1 MB, 4 MB goal, 0 MB stacks, 0 MB globals, 2 P
gc 1137 @15.510s 4%: 0.052+1.2+0.015 ms clock, 0.10+0.48/0.68/0+0.030 ms cpu, 3->3->1 MB, 4 MB goal, 0 MB stacks, 0 MB globals, 2 P
gc 1138 @15.521s 5%: 1.1+1.7+0.018 ms clock, 2.2+0.24/2.1/0+0.037 ms cpu, 3->3->1 MB, 4 MB goal, 0 MB stacks, 0 MB globals, 2 P
gc 1139 @15.531s 5%: 0.050+1.0+0.011 ms clock, 0.10+0.56/0.62/0+0.023 ms cpu, 3->3->1 MB, 4 MB goal, 0 MB stacks, 0 MB globals, 2 P
gc 1140 @15.542s 5%: 0.013+1.0+0.005 ms clock, 0.027+0.68/0.45/0+0.011 ms cpu, 3->3->1 MB, 4 MB goal, 0 MB stacks, 0 MB globals, 2 P
gc 1141 @15.553s 5%: 0.057+0.91+0.020 ms clock, 0.11+0.66/0.52/0+0.040 ms cpu, 3->3->1 MB, 4 MB goal, 0 MB stacks, 0 MB globals, 2 P
gc 1142 @15.564s 5%: 0.039+0.87+0.003 ms clock, 0.078+0.79/0.44/0+0.007 ms cpu, 3->3->1 MB, 4 MB goal, 0 MB stacks, 0 MB globals, 2 P
gc 1143 @15.574s 5%: 0.060+3.0+0.022 ms clock, 0.12+0.49/0.66/0+0.045 ms cpu, 3->3->1 MB, 4 MB goal, 0 MB stacks, 0 MB globals, 2 P
gc 1144 @15.584s 5%: 0.042+1.2+0.015 ms clock, 0.084+0.46/0.66/0+0.031 ms cpu, 3->3->1 MB, 4 MB goal, 0 MB stacks, 0 MB globals, 2 P
gc 1145 @15.594s 5%: 0.056+3.4+0.005 ms clock, 0.11+0.45/0.67/0+0.011 ms cpu, 3->3->1 MB, 4 MB goal, 0 MB stacks, 0 MB globals, 2 P
gc 1146 @15.604s 5%: 0.069+0.93+0.052 ms clock, 0.13+0.66/0.59/0+0.10 ms cpu, 3->3->1 MB, 4 MB goal, 0 MB stacks, 0 MB globals, 2 P
gc 1147 @15.614s 5%: 0.78+0.41+0.029 ms clock, 1.5+0.57/0.37/0+0.059 ms cpu, 3->3->1 MB, 4 MB goal, 0 MB stacks, 0 MB globals, 2 P
gc 1148 @15.624s 5%: 0.045+0.95+0.020 ms clock, 0.090+0.75/0.50/0+0.041 ms cpu, 3->3->1 MB, 4 MB goal, 0 MB stacks, 0 MB globals, 2 P
gc 1149 @15.634s 5%: 0.068+0.94+0.003 ms clock, 0.13+0.70/0.54/0+0.006 ms cpu, 3->3->1 MB, 4 MB goal, 0 MB stacks, 0 MB globals, 2 P
gc 1150 @15.644s 5%: 0.030+0.87+0.004 ms clock, 0.061+0.84/0.45/0+0.009 ms cpu, 3->3->1 MB, 4 MB goal, 0 MB stacks, 0 MB globals, 2 P
gc 1151 @15.655s 5%: 0.017+0.98+0.022 ms clock, 0.034+0.78/0.48/0+0.045 ms cpu, 3->3->1 MB, 4 MB goal, 0 MB stacks, 0 MB globals, 2 P
gc 1152 @15.665s 5%: 0.057+2.7+0.003 ms clock, 0.11+0.59/0.60/0+0.006 ms cpu, 3->3->1 MB, 4 MB goal, 0 MB stacks, 0 MB globals, 2 P
gc 1153 @15.676s 5%: 0.069+1.2+0.023 ms clock, 0.13+0.46/0.66/0+0.047 ms cpu, 3->3->1 MB, 4 MB goal, 0 MB stacks, 0 MB globals, 2 P
gc 1154 @15.686s 5%: 0.019+0.96+0.012 ms clock, 0.038+0.63/0.59/0+0.025 ms cpu, 3->3->1 MB, 4 MB goal, 0 MB stacks, 0 MB globals, 2 P
gc 1155 @15.696s 5%: 0.036+0.84+0.003 ms clock, 0.073+0.60/0.57/0+0.006 ms cpu, 3->3->1 MB, 4 MB goal, 0 MB stacks, 0 MB globals, 2 P
gc 1156 @15.707s 5%: 0.069+1.2+0.036 ms clock, 0.13+0.41/0.79/0+0.072 ms cpu, 3->3->1 MB, 4 MB goal, 0 MB stacks, 0 MB globals, 2 P
gc 1157 @15.717s 5%: 0.021+0.85+0.014 ms clock, 0.042+0.84/0.42/0+0.028 ms cpu, 3->3->1 MB, 4 MB goal, 0 MB stacks, 0 MB globals, 2 P
gc 1158 @15.728s 5%: 0.045+1.0+0.018 ms clock, 0.091+0.74/0.45/0+0.036 ms cpu, 3->3->1 MB, 4 MB goal, 0 MB stacks, 0 MB globals, 2 P
gc 1159 @15.739s 5%: 0.019+0.91+0.019 ms clock, 0.038+0.80/0.42/0+0.038 ms cpu, 3->3->1 MB, 4 MB goal, 0 MB stacks, 0 MB globals, 2 P
gc 1160 @15.750s 5%: 0.74+1.8+0.010 ms clock, 1.4+0.46/0.59/0+0.020 ms cpu, 3->3->1 MB, 4 MB goal, 0 MB stacks, 0 MB globals, 2 P
gc 1161 @15.760s 5%: 0.054+3.4+0.078 ms clock, 0.10+0.56/0.68/0+0.15 ms cpu, 3->3->1 MB, 4 MB goal, 0 MB stacks, 0 MB globals, 2 P
gc 1162 @15.770s 5%: 1.0+2.2+0.003 ms clock, 2.0+0.17/1.1/0+0.007 ms cpu, 3->3->1 MB, 4 MB goal, 0 MB stacks, 0 MB globals, 2 P
gc 1163 @15.780s 5%: 0.035+3.0+0.017 ms clock, 0.070+0.77/0.49/0+0.034 ms cpu, 3->3->1 MB, 4 MB goal, 0 MB stacks, 0 MB globals, 2 P
gc 1164 @15.790s 5%: 0.034+1.4+0.021 ms clock, 0.069+0.46/0.75/0+0.042 ms cpu, 3->3->1 MB, 4 MB goal, 0 MB stacks, 0 MB globals, 2 P
gc 1165 @15.799s 5%: 0.020+1.0+0.004 ms clock, 0.040+0.80/0.47/0+0.008 ms cpu, 3->3->1 MB, 4 MB goal, 0 MB stacks, 0 MB globals, 2 P
gc 1166 @15.809s 5%: 0.020+4.0+0.075 ms clock, 0.040+0.63/0.56/0+0.15 ms cpu, 3->3->1 MB, 4 MB goal, 0 MB stacks, 0 MB globals, 2 P
gc 1167 @15.819s 5%: 0.039+1.0+0.020 ms clock, 0.078+0.64/0.55/0+0.041 ms cpu, 3->3->1 MB, 4 MB goal, 0 MB stacks, 0 MB globals, 2 P
gc 1168 @15.828s 5%: 0.062+0.96+0.036 ms clock, 0.12+0.71/0.50/0+0.073 ms cpu, 3->3->1 MB, 4 MB goal, 0 MB stacks, 0 MB globals, 2 P
gc 1169 @15.838s 5%: 0.043+0.90+0.022 ms clock, 0.087+0.77/0.52/0+0.045 ms cpu, 3->3->1 MB, 4 MB goal, 0 MB stacks, 0 MB globals, 2 P
gc 1170 @15.847s 5%: 0.017+3.6+0.005 ms clock, 0.034+0.70/0.55/0+0.011 ms cpu, 3->3->1 MB, 4 MB goal, 0 MB stacks, 0 MB globals, 2 P
gc 1171 @15.857s 5%: 0.057+1.6+0.006 ms clock, 0.11+0.74/0.54/0+0.012 ms cpu, 3->3->1 MB, 4 MB goal, 0 MB stacks, 0 MB globals, 2 P
gc 1172 @15.867s 5%: 0.062+0.99+0.036 ms clock, 0.12+0.88/0.45/0+0.073 ms cpu, 3->3->1 MB, 4 MB goal, 0 MB stacks, 0 MB globals, 2 P
gc 1173 @15.876s 5%: 0.044+1.3+0.005 ms clock, 0.088+0.43/0.76/0+0.010 ms cpu, 3->3->1 MB, 4 MB goal, 0 MB stacks, 0 MB globals, 2 P
gc 1174 @15.885s 5%: 0.025+0.85+0.002 ms clock, 0.051+0.79/0.39/0+0.005 ms cpu, 3->3->1 MB, 4 MB goal, 0 MB stacks, 0 MB globals, 2 P
gc 1175 @15.895s 5%: 0.018+0.95+0.023 ms clock, 0.037+0.77/0.47/0+0.047 ms cpu, 3->3->1 MB, 4 MB goal, 0 MB stacks, 0 MB globals, 2 P
gc 1176 @15.905s 5%: 1.1+2.4+0.003 ms clock, 2.3+0.29/2.2/0+0.006 ms cpu, 3->3->1 MB, 4 MB goal, 0 MB stacks, 0 MB globals, 2 P
gc 1177 @15.915s 5%: 0.061+0.89+0.013 ms clock, 0.12+0.64/0.54/0+0.026 ms cpu, 3->3->1 MB, 4 MB goal, 0 MB stacks, 0 MB globals, 2 P
gc 1178 @15.925s 5%: 0.065+1.0+0.009 ms clock, 0.13+0.72/0.51/0+0.018 ms cpu, 3->3->1 MB, 4 MB goal, 0 MB stacks, 0 MB globals, 2 P
gc 1179 @15.935s 5%: 0.045+1.1+0.003 ms clock, 0.090+0.60/0.56/0+0.006 ms cpu, 3->3->1 MB, 4 MB goal, 0 MB stacks, 0 MB globals, 2 P
gc 1180 @15.945s 5%: 0.043+1.0+0.022 ms clock, 0.087+0.73/0.49/0+0.044 ms cpu, 3->3->1 MB, 4 MB goal, 0 MB stacks, 0 MB globals, 2 P
gc 1181 @15.955s 5%: 0.019+0.97+0.017 ms clock, 0.038+0.72/0.50/0+0.034 ms cpu, 3->3->1 MB, 4 MB goal, 0 MB stacks, 0 MB globals, 2 P
gc 1182 @15.966s 5%: 0.042+0.91+0.017 ms clock, 0.085+0.84/0.45/0+0.034 ms cpu, 3->3->1 MB, 4 MB goal, 0 MB stacks, 0 MB globals, 2 P
gc 1183 @15.977s 5%: 0.055+1.3+0.043 ms clock, 0.11+0.63/0.70/0+0.086 ms cpu, 3->3->1 MB, 4 MB goal, 0 MB stacks, 0 MB globals, 2 P
gc 1184 @15.987s 5%: 0.031+0.87+0.015 ms clock, 0.063+0.76/0.40/0+0.030 ms cpu, 3->3->1 MB, 4 MB goal, 0 MB stacks, 0 MB globals, 2 P
gc 1185 @15.996s 5%: 0.024+0.96+0.021 ms clock, 0.049+0.79/0.42/0+0.042 ms cpu, 3->3->1 MB, 4 MB goal, 0 MB stacks, 0 MB globals, 2 P
gc 1186 @16.006s 5%: 0.061+1.2+0.037 ms clock, 0.12+0.47/0.74/0+0.075 ms cpu, 3->3->1 MB, 4 MB goal, 0 MB stacks, 0 MB globals, 2 P
gc 1187 @16.016s 5%: 1.1+2.5+0.023 ms clock, 2.2+0.29/2.5/0+0.047 ms cpu, 3->3->1 MB, 4 MB goal, 0 MB stacks, 0 MB globals, 2 P
gc 1188 @16.026s 5%: 0.055+1.4+0.023 ms clock, 0.11+0.45/0.81/0+0.047 ms cpu, 3->3->1 MB, 4 MB goal, 0 MB stacks, 0 MB globals, 2 P
gc 1189 @16.035s 5%: 0.019+3.3+0.028 ms clock, 0.038+0.80/0.45/0+0.057 ms cpu, 3->3->1 MB, 4 MB goal, 0 MB stacks, 0 MB globals, 2 P
gc 1190 @16.046s 5%: 0.021+1.0+0.025 ms clock, 0.042+0.69/0.57/0+0.051 ms cpu, 3->3->1 MB, 4 MB goal, 0 MB stacks, 0 MB globals, 2 P
gc 1191 @16.055s 5%: 0.040+1.3+0.024 ms clock, 0.080+0.50/0.69/0+0.049 ms cpu, 3->3->1 MB, 4 MB goal, 0 MB stacks, 0 MB globals, 2 P
gc 1192 @16.065s 5%: 0.042+1.3+0.021 ms clock, 0.084+0.37/0.82/0+0.043 ms cpu, 3->3->1 MB, 4 MB goal, 0 MB stacks, 0 MB globals, 2 P
gc 1193 @16.074s 5%: 0.024+1.0+0.004 ms clock, 0.048+0.67/0.62/0+0.008 ms cpu, 3->3->1 MB, 4 MB goal, 0 MB stacks, 0 MB globals, 2 P
gc 1194 @16.084s 5%: 0.034+1.0+0.011 ms clock, 0.069+0.73/0.57/0+0.023 ms cpu, 3->3->1 MB, 4 MB goal, 0 MB stacks, 0 MB globals, 2 P
gc 1195 @16.095s 5%: 0.014+2.3+0.018 ms clock, 0.029+0.76/0.44/0+0.037 ms cpu, 3->3->1 MB, 4 MB goal, 0 MB stacks, 0 MB globals, 2 P
gc 1196 @16.105s 5%: 0.024+1.0+0.003 ms clock, 0.048+0.78/0.48/0+0.007 ms cpu, 3->3->1 MB, 4 MB goal, 0 MB stacks, 0 MB globals, 2 P
gc 1197 @16.115s 5%: 0.029+0.98+0.012 ms clock, 0.058+0.61/0.62/0+0.024 ms cpu, 3->3->1 MB, 4 MB goal, 0 MB stacks, 0 MB globals, 2 P
gc 1198 @16.125s 5%: 0.018+3.1+0.003 ms clock, 0.037+0.47/0.28/0+0.006 ms cpu, 3->3->1 MB, 4 MB goal, 0 MB stacks, 0 MB globals, 2 P
gc 1199 @16.135s 5%: 0.055+1.3+0.026 ms clock, 0.11+0.38/0.78/0+0.052 ms cpu, 3->3->1 MB, 4 MB goal, 0 MB stacks, 0 MB globals, 2 P
gc 1200 @16.145s 5%: 0.055+0.94+0.022 ms clock, 0.11+0.69/0.53/0+0.044 ms cpu, 3->3->1 MB, 4 MB goal, 0 MB stacks, 0 MB globals, 2 P
gc 1201 @16.155s 5%: 0.070+1.0+0.002 ms clock, 0.14+0.55/0.58/0+0.005 ms cpu, 3->3->1 MB, 4 MB goal, 0 MB stacks, 0 MB globals, 2 P
gc 1202 @16.165s 5%: 0.079+0.93+0.013 ms clock, 0.15+0.60/0.65/0+0.026 ms cpu, 3->3->1 MB, 4 MB goal, 0 MB stacks, 0 MB globals, 2 P
gc 1203 @16.175s 5%: 0.054+0.99+0.004 ms clock, 0.10+0.71/0.57/0+0.009 ms cpu, 3->3->1 MB, 4 MB goal, 0 MB stacks, 0 MB globals, 2 P
gc 1204 @16.186s 5%: 0.015+0.96+0.016 ms clock, 0.031+0.81/0.47/0+0.032 ms cpu, 3->3->1 MB, 4 MB goal, 0 MB stacks, 0 MB globals, 2 P
gc 1205 @16.197s 5%: 0.039+0.96+0.017 ms clock, 0.078+0.70/0.48/0+0.034 ms cpu, 3->3->1 MB, 4 MB goal, 0 MB stacks, 0 MB globals, 2 P
gc 1206 @16.208s 5%: 0.066+1.1+0.027 ms clock, 0.13+0.53/0.69/0+0.054 ms cpu, 3->3->1 MB, 4 MB goal, 0 MB stacks, 0 MB globals, 2 P
gc 1207 @16.219s 5%: 0.044+0.99+0.026 ms clock, 0.089+0.71/0.50/0+0.052 ms cpu, 3->3->1 MB, 4 MB goal, 0 MB stacks, 0 MB globals, 2 P
gc 1208 @16.230s 5%: 0.024+0.97+0.020 ms clock, 0.049+0.66/0.54/0+0.040 ms cpu, 3->3->1 MB, 4 MB goal, 0 MB stacks, 0 MB globals, 2 P
gc 1209 @16.240s 5%: 0.067+1.3+0.025 ms clock, 0.13+0.47/0.70/0+0.050 ms cpu, 3->3->1 MB, 4 MB goal, 0 MB stacks, 0 MB globals, 2 P
gc 1210 @16.251s 5%: 0.041+0.92+0.031 ms clock, 0.082+0.64/0.59/0+0.062 ms cpu, 3->3->1 MB, 4 MB goal, 0 MB stacks, 0 MB globals, 2 P
gc 1211 @16.263s 5%: 0.072+1.0+0.037 ms clock, 0.14+0.70/0.67/0+0.075 ms cpu, 3->3->1 MB, 4 MB goal, 0 MB stacks, 0 MB globals, 2 P
gc 1212 @16.274s 5%: 0.049+0.98+0.003 ms clock, 0.099+0.78/0.55/0+0.007 ms cpu, 3->3->1 MB, 4 MB goal, 0 MB stacks, 0 MB globals, 2 P
gc 1213 @16.285s 5%: 0.068+0.96+0.028 ms clock, 0.13+0.74/0.51/0+0.057 ms cpu, 3->3->1 MB, 4 MB goal, 0 MB stacks, 0 MB globals, 2 P
gc 1214 @16.296s 5%: 0.078+1.1+0.012 ms clock, 0.15+0.63/0.66/0+0.024 ms cpu, 3->3->1 MB, 4 MB goal, 0 MB stacks, 0 MB globals, 2 P
gc 1215 @16.308s 5%: 0.059+3.1+0.013 ms clock, 0.11+0.75/0.59/0+0.026 ms cpu, 3->4->1 MB, 4 MB goal, 0 MB stacks, 0 MB globals, 2 P
gc 1216 @16.318s 5%: 1.0+2.0+0.005 ms clock, 2.1+0.35/1.6/0+0.010 ms cpu, 3->3->1 MB, 4 MB goal, 0 MB stacks, 0 MB globals, 2 P
gc 1217 @16.328s 5%: 1.1+2.1+0.004 ms clock, 2.2+0.26/1.6/0+0.008 ms cpu, 3->3->1 MB, 4 MB goal, 0 MB stacks, 0 MB globals, 2 P
gc 1218 @16.337s 5%: 0.84+2.8+0.002 ms clock, 1.6+0.24/1.3/0+0.005 ms cpu, 3->3->1 MB, 4 MB goal, 0 MB stacks, 0 MB globals, 2 P
gc 1219 @16.348s 5%: 0.033+1.1+0.021 ms clock, 0.066+0.63/0.62/0+0.043 ms cpu, 3->3->1 MB, 4 MB goal, 0 MB stacks, 0 MB globals, 2 P
gc 1220 @16.357s 5%: 0.67+2.5+0.003 ms clock, 1.3+0.43/1.6/0+0.006 ms cpu, 3->3->1 MB, 4 MB goal, 0 MB stacks, 0 MB globals, 2 P
gc 1221 @16.367s 5%: 0.049+1.0+0.003 ms clock, 0.099+0.61/0.77/0+0.007 ms cpu, 3->3->1 MB, 4 MB goal, 0 MB stacks, 0 MB globals, 2 P
gc 1222 @16.377s 5%: 0.029+1.0+0.033 ms clock, 0.059+0.69/0.64/0+0.067 ms cpu, 3->3->1 MB, 4 MB goal, 0 MB stacks, 0 MB globals, 2 P
gc 1223 @16.387s 5%: 0.35+1.6+0.021 ms clock, 0.70+1.7/0.42/0+0.042 ms cpu, 3->3->1 MB, 4 MB goal, 0 MB stacks, 0 MB globals, 2 P
gc 1224 @16.397s 5%: 0.072+0.83+0.021 ms clock, 0.14+0.52/0.60/0+0.043 ms cpu, 3->3->1 MB, 4 MB goal, 0 MB stacks, 0 MB globals, 2 P
gc 1225 @16.407s 5%: 0.074+1.0+0.012 ms clock, 0.14+0.51/0.70/0+0.024 ms cpu, 3->3->1 MB, 4 MB goal, 0 MB stacks, 0 MB globals, 2 P
gc 1226 @16.416s 5%: 0.048+0.84+0.014 ms clock, 0.097+0.63/0.50/0+0.028 ms cpu, 3->3->1 MB, 4 MB goal, 0 MB stacks, 0 MB globals, 2 P
gc 1227 @16.425s 5%: 0.064+1.3+0.030 ms clock, 0.12+0.77/0.47/0+0.061 ms cpu, 3->3->1 MB, 4 MB goal, 0 MB stacks, 0 MB globals, 2 P
gc 1228 @16.435s 5%: 0.047+1.0+0.021 ms clock, 0.094+0.79/0.49/0+0.043 ms cpu, 3->3->1 MB, 4 MB goal, 0 MB stacks, 0 MB globals, 2 P
gc 1229 @16.445s 5%: 0.96+2.1+0.002 ms clock, 1.9+0.38/2.1/0+0.005 ms cpu, 3->3->1 MB, 4 MB goal, 0 MB stacks, 0 MB globals, 2 P
gc 1230 @16.456s 5%: 0.017+3.0+0.003 ms clock, 0.035+0.39/0.38/0+0.006 ms cpu, 3->3->1 MB, 4 MB goal, 0 MB stacks, 0 MB globals, 2 P
gc 1231 @16.466s 5%: 0.060+1.2+0.003 ms clock, 0.12+0.56/0.72/0+0.006 ms cpu, 3->3->1 MB, 4 MB goal, 0 MB stacks, 0 MB globals, 2 P
gc 1232 @16.476s 5%: 0.072+0.97+0.003 ms clock, 0.14+0.89/0.44/0+0.006 ms cpu, 3->3->1 MB, 4 MB goal, 0 MB stacks, 0 MB globals, 2 P
gc 1233 @16.486s 5%: 0.037+2.5+0.003 ms clock, 0.075+0.56/0.50/0+0.006 ms cpu, 3->3->1 MB, 4 MB goal, 0 MB stacks, 0 MB globals, 2 P
gc 1234 @16.496s 5%: 0.041+2.9+0.003 ms clock, 0.083+0.66/0.58/0+0.007 ms cpu, 3->3->1 MB, 4 MB goal, 0 MB stacks, 0 MB globals, 2 P
gc 1235 @16.506s 5%: 0.054+1.0+0.024 ms clock, 0.10+0.64/0.67/0+0.048 ms cpu, 3->3->1 MB, 4 MB goal, 0 MB stacks, 0 MB globals, 2 P
gc 1236 @16.515s 5%: 0.034+0.94+0.015 ms clock, 0.068+0.82/0.46/0+0.031 ms cpu, 3->3->1 MB, 4 MB goal, 0 MB stacks, 0 MB globals, 2 P
gc 1237 @16.525s 5%: 0.031+0.89+0.045 ms clock, 0.062+0.77/0.44/0+0.090 ms cpu, 3->3->1 MB, 4 MB goal, 0 MB stacks, 0 MB globals, 2 P
gc 1238 @16.534s 5%: 0.074+3.7+0.003 ms clock, 0.14+0.72/0.52/0+0.006 ms cpu, 3->3->1 MB, 4 MB goal, 0 MB stacks, 0 MB globals, 2 P
gc 1239 @16.544s 5%: 0.043+1.1+0.026 ms clock, 0.087+0.74/0.56/0+0.052 ms cpu, 3->3->1 MB, 4 MB goal, 0 MB stacks, 0 MB globals, 2 P
gc 1240 @16.554s 5%: 0.039+1.0+0.003 ms clock, 0.078+0.78/0.51/0+0.006 ms cpu, 3->3->1 MB, 4 MB goal, 0 MB stacks, 0 MB globals, 2 P
gc 1241 @16.563s 5%: 0.040+0.95+0.029 ms clock, 0.080+0.75/0.48/0+0.059 ms cpu, 3->3->1 MB, 4 MB goal, 0 MB stacks, 0 MB globals, 2 P
gc 1242 @16.572s 5%: 0.037+1.0+0.002 ms clock, 0.074+0.54/0.72/0+0.005 ms cpu, 3->3->1 MB, 4 MB goal, 0 MB stacks, 0 MB globals, 2 P
gc 1243 @16.582s 5%: 0.013+0.84+0.002 ms clock, 0.027+0.66/0.51/0+0.005 ms cpu, 3->3->1 MB, 4 MB goal, 0 MB stacks, 0 MB globals, 2 P
gc 1244 @16.591s 5%: 0.016+1.2+0.025 ms clock, 0.032+0.46/0.66/0+0.050 ms cpu, 3->3->1 MB, 4 MB goal, 0 MB stacks, 0 MB globals, 2 P
gc 1245 @16.601s 5%: 0.065+1.0+0.010 ms clock, 0.13+0.73/0.59/0+0.020 ms cpu, 3->3->1 MB, 4 MB goal, 0 MB stacks, 0 MB globals, 2 P
gc 1246 @16.612s 5%: 0.054+2.8+0.035 ms clock, 0.10+0.66/0.50/0+0.070 ms cpu, 3->3->1 MB, 4 MB goal, 0 MB stacks, 0 MB globals, 2 P
gc 1247 @16.622s 5%: 0.046+3.2+0.006 ms clock, 0.093+0.62/0.61/0+0.013 ms cpu, 3->3->1 MB, 4 MB goal, 0 MB stacks, 0 MB globals, 2 P
gc 1248 @16.632s 5%: 0.041+1.0+0.030 ms clock, 0.083+0.62/0.64/0+0.060 ms cpu, 3->3->1 MB, 4 MB goal, 0 MB stacks, 0 MB globals, 2 P
gc 1249 @16.641s 5%: 0.031+1.1+0.022 ms clock, 0.062+0.68/0.56/0+0.045 ms cpu, 3->3->1 MB, 4 MB goal, 0 MB stacks, 0 MB globals, 2 P
gc 1250 @16.651s 5%: 0.078+1.4+0.003 ms clock, 0.15+0.41/0.77/0+0.007 ms cpu, 3->3->1 MB, 4 MB goal, 0 MB stacks, 0 MB globals, 2 P
gc 1251 @16.660s 5%: 0.065+0.97+0.018 ms clock, 0.13+0.75/0.49/0+0.036 ms cpu, 3->3->1 MB, 4 MB goal, 0 MB stacks, 0 MB globals, 2 P
gc 1252 @16.670s 5%: 0.021+1.0+0.018 ms clock, 0.042+0.64/0.52/0+0.036 ms cpu, 3->3->1 MB, 4 MB goal, 0 MB stacks, 0 MB globals, 2 P
gc 1253 @16.681s 5%: 0.023+1.0+0.026 ms clock, 0.046+0.71/0.55/0+0.053 ms cpu, 3->3->1 MB, 4 MB goal, 0 MB stacks, 0 MB globals, 2 P
gc 1254 @16.691s 5%: 0.018+2.9+0.004 ms clock, 0.036+0.39/0.37/0+0.008 ms cpu, 3->3->1 MB, 4 MB goal, 0 MB stacks, 0 MB globals, 2 P
gc 1255 @16.702s 5%: 0.059+1.0+0.039 ms clock, 0.11+0.56/0.69/0+0.079 ms cpu, 3->3->1 MB, 4 MB goal, 0 MB stacks, 0 MB globals, 2 P
gc 1256 @16.712s 5%: 1.7+1.1+0.004 ms clock, 3.4+0.24/1.3/0+0.008 ms cpu, 3->3->1 MB, 4 MB goal, 0 MB stacks, 0 MB globals, 2 P
gc 1257 @16.722s 5%: 0.080+1.2+0.040 ms clock, 0.16+0.38/0.78/0+0.080 ms cpu, 3->3->1 MB, 4 MB goal, 0 MB stacks, 0 MB globals, 2 P
gc 1258 @16.732s 5%: 0.057+1.0+0.021 ms clock, 0.11+0.58/0.61/0+0.042 ms cpu, 3->3->1 MB, 4 MB goal, 0 MB stacks, 0 MB globals, 2 P
gc 1259 @16.742s 5%: 0.032+1.1+0.003 ms clock, 0.065+0.65/0.62/0+0.007 ms cpu, 3->3->1 MB, 4 MB goal, 0 MB stacks, 0 MB globals, 2 P
gc 1260 @16.754s 5%: 0.52+0.92+0.004 ms clock, 1.0+0.48/1.1/0+0.008 ms cpu, 3->3->1 MB, 4 MB goal, 0 MB stacks, 0 MB globals, 2 P
gc 1261 @16.765s 5%: 0.017+1.1+0.022 ms clock, 0.035+0.66/0.58/0+0.045 ms cpu, 3->3->1 MB, 4 MB goal, 0 MB stacks, 0 MB globals, 2 P
gc 1262 @16.776s 5%: 0.037+0.86+0.019 ms clock, 0.074+0.77/0.47/0+0.039 ms cpu, 3->3->1 MB, 4 MB goal, 0 MB stacks, 0 MB globals, 2 P
gc 1263 @16.787s 5%: 0.046+0.96+0.025 ms clock, 0.092+0.78/0.50/0+0.051 ms cpu, 3->3->1 MB, 4 MB goal, 0 MB stacks, 0 MB globals, 2 P
gc 1264 @16.797s 5%: 0.049+1.0+0.025 ms clock, 0.099+0.63/0.65/0+0.051 ms cpu, 3->3->1 MB, 4 MB goal, 0 MB stacks, 0 MB globals, 2 P
gc 1265 @16.808s 5%: 0.039+0.96+0.017 ms clock, 0.078+0.77/0.47/0+0.034 ms cpu, 3->3->1 MB, 4 MB goal, 0 MB stacks, 0 MB globals, 2 P
gc 1266 @16.818s 5%: 0.050+1.1+0.014 ms clock, 0.10+0.62/0.72/0+0.029 ms cpu, 3->3->1 MB, 4 MB goal, 0 MB stacks, 0 MB globals, 2 P
gc 1267 @16.829s 5%: 0.043+1.1+0.014 ms clock, 0.086+0.63/0.58/0+0.029 ms cpu, 3->3->1 MB, 4 MB goal, 0 MB stacks, 0 MB globals, 2 P
gc 1268 @16.839s 5%: 0.043+1.2+0.019 ms clock, 0.087+0.49/0.66/0+0.039 ms cpu, 3->3->1 MB, 4 MB goal, 0 MB stacks, 0 MB globals, 2 P
gc 1269 @16.850s 5%: 0.060+1.3+0.002 ms clock, 0.12+0.46/0.71/0+0.005 ms cpu, 3->3->1 MB, 4 MB goal, 0 MB stacks, 0 MB globals, 2 P
gc 1270 @16.861s 5%: 0.042+1.0+0.012 ms clock, 0.085+0.73/0.60/0+0.025 ms cpu, 3->3->1 MB, 4 MB goal, 0 MB stacks, 0 MB globals, 2 P
gc 1271 @16.873s 5%: 0.042+1.1+0.013 ms clock, 0.084+0.67/0.58/0+0.026 ms cpu, 3->3->1 MB, 4 MB goal, 0 MB stacks, 0 MB globals, 2 P
gc 1272 @16.883s 5%: 0.015+1.4+0.019 ms clock, 0.031+0.36/0.77/0+0.039 ms cpu, 3->3->1 MB, 4 MB goal, 0 MB stacks, 0 MB globals, 2 P
gc 1273 @16.893s 5%: 0.055+1.9+0.024 ms clock, 0.11+0.77/0.50/0+0.049 ms cpu, 3->3->1 MB, 4 MB goal, 0 MB stacks, 0 MB globals, 2 P
gc 1274 @16.903s 5%: 0.037+0.97+0.026 ms clock, 0.075+0.71/0.44/0+0.053 ms cpu, 3->3->1 MB, 4 MB goal, 0 MB stacks, 0 MB globals, 2 P
gc 1275 @16.913s 5%: 0.038+0.98+0.018 ms clock, 0.077+0.59/0.53/0+0.036 ms cpu, 3->3->1 MB, 4 MB goal, 0 MB stacks, 0 MB globals, 2 P
gc 1276 @16.923s 5%: 0.050+1.1+0.028 ms clock, 0.10+0.73/0.59/0+0.056 ms cpu, 3->3->1 MB, 4 MB goal, 0 MB stacks, 0 MB globals, 2 P
gc 1277 @16.933s 5%: 1.1+1.9+0.003 ms clock, 2.2+0.37/1.3/0+0.007 ms cpu, 3->3->1 MB, 4 MB goal, 0 MB stacks, 0 MB globals, 2 P
gc 1278 @16.943s 5%: 0.055+2.9+0.082 ms clock, 0.11+0.80/0.48/0+0.16 ms cpu, 3->3->1 MB, 4 MB goal, 0 MB stacks, 0 MB globals, 2 P
gc 1279 @16.953s 5%: 0.057+1.8+0.019 ms clock, 0.11+0.54/1.0/0+0.039 ms cpu, 3->3->1 MB, 4 MB goal, 0 MB stacks, 0 MB globals, 2 P
gc 1280 @16.963s 5%: 0.052+3.3+0.003 ms clock, 0.10+0.46/0.67/0+0.006 ms cpu, 3->3->1 MB, 4 MB goal, 0 MB stacks, 0 MB globals, 2 P
gc 1281 @16.973s 5%: 1.2+0.64+0.024 ms clock, 2.4+0.30/1.0/0+0.049 ms cpu, 3->3->1 MB, 4 MB goal, 0 MB stacks, 0 MB globals, 2 P
gc 1282 @16.983s 5%: 0.018+0.93+0.033 ms clock, 0.036+0.71/0.47/0+0.066 ms cpu, 3->3->1 MB, 4 MB goal, 0 MB stacks, 0 MB globals, 2 P
gc 1283 @16.992s 5%: 0.038+0.91+0.035 ms clock, 0.076+0.61/0.53/0+0.070 ms cpu, 3->3->1 MB, 4 MB goal, 0 MB stacks, 0 MB globals, 2 P
gc 1284 @17.002s 5%: 0.031+1.0+0.020 ms clock, 0.063+0.63/0.68/0+0.040 ms cpu, 3->3->1 MB, 4 MB goal, 0 MB stacks, 0 MB globals, 2 P
gc 1285 @17.011s 5%: 0.044+1.1+0.036 ms clock, 0.089+0.62/0.66/0+0.073 ms cpu, 3->3->1 MB, 4 MB goal, 0 MB stacks, 0 MB globals, 2 P
gc 1286 @17.021s 5%: 0.057+0.91+0.036 ms clock, 0.11+0.64/0.48/0+0.072 ms cpu, 3->3->1 MB, 4 MB goal, 0 MB stacks, 0 MB globals, 2 P
gc 1287 @17.032s 5%: 0.058+2.7+0.022 ms clock, 0.11+0.48/0.74/0+0.044 ms cpu, 3->3->1 MB, 4 MB goal, 0 MB stacks, 0 MB globals, 2 P
gc 1288 @17.042s 5%: 0.066+1.4+0.020 ms clock, 0.13+0.46/0.75/0+0.040 ms cpu, 3->3->1 MB, 4 MB goal, 0 MB stacks, 0 MB globals, 2 P
gc 1289 @17.053s 5%: 0.066+1.3+0.004 ms clock, 0.13+0.44/0.72/0+0.008 ms cpu, 3->3->1 MB, 4 MB goal, 0 MB stacks, 0 MB globals, 2 P
gc 1290 @17.063s 5%: 0.053+2.7+0.014 ms clock, 0.10+0.85/0.42/0+0.028 ms cpu, 3->3->1 MB, 4 MB goal, 0 MB stacks, 0 MB globals, 2 P
gc 1291 @17.074s 5%: 0.73+0.90+0.021 ms clock, 1.4+0.23/1.1/0+0.043 ms cpu, 3->3->1 MB, 4 MB goal, 0 MB stacks, 0 MB globals, 2 P
gc 1292 @17.083s 5%: 0.033+0.95+0.010 ms clock, 0.066+0.79/0.51/0+0.021 ms cpu, 3->3->1 MB, 4 MB goal, 0 MB stacks, 0 MB globals, 2 P
gc 1293 @17.092s 5%: 0.055+0.94+0.026 ms clock, 0.11+0.70/0.47/0+0.053 ms cpu, 3->3->1 MB, 4 MB goal, 0 MB stacks, 0 MB globals, 2 P
gc 1294 @17.102s 5%: 0.038+1.2+0.024 ms clock, 0.077+0.61/0.78/0+0.048 ms cpu, 3->3->1 MB, 4 MB goal, 0 MB stacks, 0 MB globals, 2 P
gc 1295 @17.111s 5%: 0.037+0.88+0.028 ms clock, 0.074+0.75/0.43/0+0.057 ms cpu, 3->3->1 MB, 4 MB goal, 0 MB stacks, 0 MB globals, 2 P
gc 1296 @17.122s 5%: 0.056+0.94+0.013 ms clock, 0.11+0.71/0.51/0+0.027 ms cpu, 3->3->1 MB, 4 MB goal, 0 MB stacks, 0 MB globals, 2 P
gc 1297 @17.133s 5%: 0.054+0.91+0.042 ms clock, 0.10+0.77/0.44/0+0.084 ms cpu, 3->3->1 MB, 4 MB goal, 0 MB stacks, 0 MB globals, 2 P
gc 1298 @17.143s 5%: 0.047+1.2+0.028 ms clock, 0.094+0.50/0.62/0+0.056 ms cpu, 3->3->1 MB, 4 MB goal, 0 MB stacks, 0 MB globals, 2 P
gc 1299 @17.154s 5%: 0.061+0.95+0.003 ms clock, 0.12+0.72/0.54/0+0.006 ms cpu, 3->3->1 MB, 4 MB goal, 0 MB stacks, 0 MB globals, 2 P
gc 1300 @17.164s 5%: 0.040+1.0+0.012 ms clock, 0.080+0.67/0.57/0+0.025 ms cpu, 3->3->1 MB, 4 MB goal, 0 MB stacks, 0 MB globals, 2 P
gc 1301 @17.175s 5%: 0.052+0.88+0.022 ms clock, 0.10+0.71/0.49/0+0.045 ms cpu, 3->3->1 MB, 4 MB goal, 0 MB stacks, 0 MB globals, 2 P
gc 1302 @17.185s 5%: 0.058+1.2+0.014 ms clock, 0.11+0.53/0.83/0+0.028 ms cpu, 3->3->1 MB, 4 MB goal, 0 MB stacks, 0 MB globals, 2 P
gc 1303 @17.197s 5%: 0.025+2.0+0.004 ms clock, 0.051+0.77/0.46/0+0.008 ms cpu, 3->3->1 MB, 4 MB goal, 0 MB stacks, 0 MB globals, 2 P
gc 1304 @17.206s 5%: 0.022+4.4+0.047 ms clock, 0.044+0.57/0.65/0+0.095 ms cpu, 3->3->1 MB, 4 MB goal, 0 MB stacks, 0 MB globals, 2 P
gc 1305 @17.217s 5%: 0.059+0.87+0.003 ms clock, 0.11+0.62/0.48/0+0.007 ms cpu, 3->3->1 MB, 4 MB goal, 0 MB stacks, 0 MB globals, 2 P
gc 1306 @17.226s 5%: 0.036+0.94+0.016 ms clock, 0.073+0.82/0.47/0+0.032 ms cpu, 3->3->1 MB, 4 MB goal, 0 MB stacks, 0 MB globals, 2 P
gc 1307 @17.236s 5%: 0.041+0.98+0.019 ms clock, 0.083+0.72/0.49/0+0.038 ms cpu, 3->3->1 MB, 4 MB goal, 0 MB stacks, 0 MB globals, 2 P
gc 1308 @17.245s 5%: 0.049+1.2+0.025 ms clock, 0.099+0.73/0.64/0+0.051 ms cpu, 3->3->1 MB, 4 MB goal, 0 MB stacks, 0 MB globals, 2 P
gc 1309 @17.254s 5%: 0.020+3.6+0.003 ms clock, 0.040+0.75/0.50/0+0.007 ms cpu, 3->3->1 MB, 4 MB goal, 0 MB stacks, 0 MB globals, 2 P
gc 1310 @17.264s 5%: 0.059+0.93+0.010 ms clock, 0.11+0.71/0.52/0+0.021 ms cpu, 3->3->1 MB, 4 MB goal, 0 MB stacks, 0 MB globals, 2 P
gc 1311 @17.274s 5%: 0.014+1.1+0.013 ms clock, 0.028+0.84/0.56/0+0.026 ms cpu, 3->3->1 MB, 4 MB goal, 0 MB stacks, 0 MB globals, 2 P
gc 1312 @17.283s 5%: 0.017+3.5+0.009 ms clock, 0.034+0.46/0.42/0+0.019 ms cpu, 3->3->1 MB, 4 MB goal, 0 MB stacks, 0 MB globals, 2 P
gc 1313 @17.294s 5%: 0.015+3.8+0.014 ms clock, 0.030+0.57/0.61/0+0.029 ms cpu, 3->3->1 MB, 4 MB goal, 0 MB stacks, 0 MB globals, 2 P
gc 1314 @17.304s 5%: 0.039+0.95+0.020 ms clock, 0.078+0.77/0.48/0+0.040 ms cpu, 3->3->1 MB, 4 MB goal, 0 MB stacks, 0 MB globals, 2 P
gc 1315 @17.313s 5%: 0.045+1.1+0.030 ms clock, 0.091+0.55/0.62/0+0.061 ms cpu, 3->3->1 MB, 4 MB goal, 0 MB stacks, 0 MB globals, 2 P
gc 1316 @17.322s 5%: 0.044+1.0+0.017 ms clock, 0.088+0.72/0.51/0+0.035 ms cpu, 3->3->1 MB, 4 MB goal, 0 MB stacks, 0 MB globals, 2 P
gc 1317 @17.332s 5%: 0.019+1.1+0.013 ms clock, 0.038+0.66/0.58/0+0.027 ms cpu, 3->3->1 MB, 4 MB goal, 0 MB stacks, 0 MB globals, 2 P
gc 1318 @17.341s 5%: 0.052+1.3+0.036 ms clock, 0.10+0.73/0.55/0+0.073 ms cpu, 3->3->1 MB, 4 MB goal, 0 MB stacks, 0 MB globals, 2 P
gc 1319 @17.352s 5%: 0.057+0.99+0.002 ms clock, 0.11+0.66/0.56/0+0.005 ms cpu, 3->3->1 MB, 4 MB goal, 0 MB stacks, 0 MB globals, 2 P
gc 1320 @17.362s 5%: 0.058+1.0+0.003 ms clock, 0.11+0.73/0.49/0+0.007 ms cpu, 3->3->1 MB, 4 MB goal, 0 MB stacks, 0 MB globals, 2 P
gc 1321 @17.373s 5%: 0.080+1.0+0.043 ms clock, 0.16+0.67/0.61/0+0.086 ms cpu, 3->3->1 MB, 4 MB goal, 0 MB stacks, 0 MB globals, 2 P
gc 1322 @17.383s 5%: 0.046+2.3+0.021 ms clock, 0.093+0.61/0.47/0+0.042 ms cpu, 3->3->1 MB, 4 MB goal, 0 MB stacks, 0 MB globals, 2 P
gc 1323 @17.393s 5%: 0.035+1.0+0.014 ms clock, 0.071+0.67/0.58/0+0.028 ms cpu, 3->3->1 MB, 4 MB goal, 0 MB stacks, 0 MB globals, 2 P
gc 1324 @17.404s 5%: 0.036+1.0+0.012 ms clock, 0.073+0.71/0.49/0+0.025 ms cpu, 3->3->1 MB, 4 MB goal, 0 MB stacks, 0 MB globals, 2 P
gc 1325 @17.414s 5%: 0.013+1.0+0.005 ms clock, 0.026+0.71/0.57/0+0.010 ms cpu, 3->3->1 MB, 4 MB goal, 0 MB stacks, 0 MB globals, 2 P
gc 1326 @17.424s 5%: 0.078+1.2+0.020 ms clock, 0.15+0.60/0.74/0+0.040 ms cpu, 3->3->1 MB, 4 MB goal, 0 MB stacks, 0 MB globals, 2 P
gc 1327 @17.434s 5%: 0.30+0.85+0.045 ms clock, 0.61+0.49/0.68/0+0.091 ms cpu, 3->3->1 MB, 4 MB goal, 0 MB stacks, 0 MB globals, 2 P
gc 1328 @17.445s 5%: 0.041+1.0+0.024 ms clock, 0.083+0.66/0.66/0+0.048 ms cpu, 3->3->1 MB, 4 MB goal, 0 MB stacks, 0 MB globals, 2 P
gc 1329 @17.455s 5%: 0.039+1.0+0.031 ms clock, 0.078+0.77/0.48/0+0.062 ms cpu, 3->3->1 MB, 4 MB goal, 0 MB stacks, 0 MB globals, 2 P
gc 1330 @17.466s 5%: 0.060+1.0+0.025 ms clock, 0.12+0.63/0.64/0+0.051 ms cpu, 3->3->1 MB, 4 MB goal, 0 MB stacks, 0 MB globals, 2 P
gc 1331 @17.476s 5%: 0.036+1.3+0.004 ms clock, 0.073+0.54/0.65/0+0.008 ms cpu, 3->3->1 MB, 4 MB goal, 0 MB stacks, 0 MB globals, 2 P
gc 1332 @17.486s 5%: 0.33+0.93+0.003 ms clock, 0.67+0.49/0.74/0+0.006 ms cpu, 3->3->1 MB, 4 MB goal, 0 MB stacks, 0 MB globals, 2 P
gc 1333 @17.497s 5%: 0.052+1.1+0.011 ms clock, 0.10+0.44/0.62/0+0.023 ms cpu, 3->3->1 MB, 4 MB goal, 0 MB stacks, 0 MB globals, 2 P
gc 1334 @17.508s 5%: 0.048+0.91+0.018 ms clock, 0.096+0.79/0.48/0+0.036 ms cpu, 3->3->1 MB, 4 MB goal, 0 MB stacks, 0 MB globals, 2 P
gc 1335 @17.519s 5%: 0.014+1.0+0.022 ms clock, 0.029+0.73/0.54/0+0.045 ms cpu, 3->3->1 MB, 4 MB goal, 0 MB stacks, 0 MB globals, 2 P
gc 1336 @17.529s 5%: 0.050+1.1+0.019 ms clock, 0.10+0.67/0.64/0+0.038 ms cpu, 3->3->1 MB, 4 MB goal, 0 MB stacks, 0 MB globals, 2 P
gc 1337 @17.540s 5%: 0.024+1.4+0.014 ms clock, 0.048+0.64/0.77/0+0.029 ms cpu, 3->3->1 MB, 4 MB goal, 0 MB stacks, 0 MB globals, 2 P
gc 1338 @17.551s 5%: 0.077+1.1+0.032 ms clock, 0.15+0.70/0.61/0+0.064 ms cpu, 3->3->1 MB, 4 MB goal, 0 MB stacks, 0 MB globals, 2 P
gc 1339 @17.562s 5%: 0.019+1.1+0.027 ms clock, 0.038+0.42/0.31/0+0.055 ms cpu, 3->3->1 MB, 4 MB goal, 0 MB stacks, 0 MB globals, 2 P
gc 1340 @17.572s 5%: 0.057+1.0+0.003 ms clock, 0.11+0.52/0.71/0+0.007 ms cpu, 3->3->1 MB, 4 MB goal, 0 MB stacks, 0 MB globals, 2 P
gc 1341 @17.583s 5%: 0.045+2.2+0.003 ms clock, 0.091+0.70/0.44/0+0.006 ms cpu, 3->3->1 MB, 4 MB goal, 0 MB stacks, 0 MB globals, 2 P
gc 1342 @17.593s 5%: 0.017+3.1+0.005 ms clock, 0.035+0.35/0.40/0+0.010 ms cpu, 3->3->1 MB, 4 MB goal, 0 MB stacks, 0 MB globals, 2 P
gc 1343 @17.603s 5%: 0.069+1.2+0.018 ms clock, 0.13+0.46/0.69/0+0.036 ms cpu, 3->3->1 MB, 4 MB goal, 0 MB stacks, 0 MB globals, 2 P
gc 1344 @17.614s 5%: 0.021+1.1+0.021 ms clock, 0.042+0.57/0.66/0+0.043 ms cpu, 3->3->1 MB, 4 MB goal, 0 MB stacks, 0 MB globals, 2 P
gc 1345 @17.624s 5%: 0.051+0.96+0.004 ms clock, 0.10+0.61/0.65/0+0.008 ms cpu, 3->3->1 MB, 4 MB goal, 0 MB stacks, 0 MB globals, 2 P
gc 1346 @17.634s 5%: 0.040+0.94+0.003 ms clock, 0.081+0.74/0.45/0+0.007 ms cpu, 3->3->1 MB, 4 MB goal, 0 MB stacks, 0 MB globals, 2 P
gc 1347 @17.644s 5%: 0.068+1.2+0.023 ms clock, 0.13+0.63/0.69/0+0.047 ms cpu, 3->3->1 MB, 4 MB goal, 0 MB stacks, 0 MB globals, 2 P
gc 1348 @17.655s 5%: 0.016+2.3+0.010 ms clock, 0.032+0.48/0.27/0+0.021 ms cpu, 3->3->1 MB, 4 MB goal, 0 MB stacks, 0 MB globals, 2 P
gc 1349 @17.666s 5%: 0.073+1.3+0.023 ms clock, 0.14+0.44/0.89/0+0.046 ms cpu, 3->3->1 MB, 4 MB goal, 0 MB stacks, 0 MB globals, 2 P
gc 1350 @17.676s 5%: 0.028+1.0+0.019 ms clock, 0.056+0.72/0.57/0+0.038 ms cpu, 3->3->1 MB, 4 MB goal, 0 MB stacks, 0 MB globals, 2 P
gc 1351 @17.687s 5%: 0.072+0.97+0.012 ms clock, 0.14+0.77/0.49/0+0.025 ms cpu, 3->3->1 MB, 4 MB goal, 0 MB stacks, 0 MB globals, 2 P
gc 1352 @17.698s 5%: 0.052+1.0+0.026 ms clock, 0.10+0.63/0.59/0+0.053 ms cpu, 3->3->1 MB, 4 MB goal, 0 MB stacks, 0 MB globals, 2 P
gc 1353 @17.708s 5%: 0.037+2.6+0.030 ms clock, 0.074+0.43/0.71/0+0.061 ms cpu, 3->3->1 MB, 4 MB goal, 0 MB stacks, 0 MB globals, 2 P
gc 1354 @17.719s 5%: 0.052+0.98+0.023 ms clock, 0.10+0.67/0.60/0+0.046 ms cpu, 3->3->1 MB, 4 MB goal, 0 MB stacks, 0 MB globals, 2 P
gc 1355 @17.729s 5%: 0.056+0.96+0.029 ms clock, 0.11+0.66/0.57/0+0.059 ms cpu, 3->3->1 MB, 4 MB goal, 0 MB stacks, 0 MB globals, 2 P
gc 1356 @17.740s 5%: 0.040+1.0+0.026 ms clock, 0.080+0.62/0.59/0+0.053 ms cpu, 3->3->1 MB, 4 MB goal, 0 MB stacks, 0 MB globals, 2 P
gc 1357 @17.751s 5%: 0.050+2.6+0.004 ms clock, 0.10+0.79/0.49/0+0.008 ms cpu, 3->3->1 MB, 4 MB goal, 0 MB stacks, 0 MB globals, 2 P
gc 1358 @17.761s 5%: 0.040+0.96+0.003 ms clock, 0.081+0.72/0.57/0+0.006 ms cpu, 3->3->1 MB, 4 MB goal, 0 MB stacks, 0 MB globals, 2 P
gc 1359 @17.770s 5%: 0.065+1.2+0.008 ms clock, 0.13+0.49/0.70/0+0.016 ms cpu, 3->3->1 MB, 4 MB goal, 0 MB stacks, 0 MB globals, 2 P
gc 1360 @17.780s 5%: 0.042+1.1+0.017 ms clock, 0.084+0.57/0.57/0+0.035 ms cpu, 3->3->1 MB, 4 MB goal, 0 MB stacks, 0 MB globals, 2 P
gc 1361 @17.790s 5%: 0.87+2.4+0.009 ms clock, 1.7+0.29/1.7/0+0.019 ms cpu, 3->3->1 MB, 4 MB goal, 0 MB stacks, 0 MB globals, 2 P
gc 1362 @17.800s 5%: 0.060+0.96+0.019 ms clock, 0.12+0.80/0.48/0+0.039 ms cpu, 3->3->1 MB, 4 MB goal, 0 MB stacks, 0 MB globals, 2 P
gc 1363 @17.810s 5%: 0.39+0.85+0.002 ms clock, 0.78+0.57/0.66/0+0.005 ms cpu, 3->3->1 MB, 4 MB goal, 0 MB stacks, 0 MB globals, 2 P
gc 1364 @17.821s 5%: 0.026+2.0+0.031 ms clock, 0.052+0.59/0.62/0+0.062 ms cpu, 3->3->1 MB, 4 MB goal, 0 MB stacks, 0 MB globals, 2 P
gc 1365 @17.831s 5%: 0.051+0.95+0.028 ms clock, 0.10+0.75/0.51/0+0.056 ms cpu, 3->3->1 MB, 4 MB goal, 0 MB stacks, 0 MB globals, 2 P
gc 1366 @17.841s 5%: 0.059+2.1+0.004 ms clock, 0.11+0.38/0.80/0+0.008 ms cpu, 3->3->1 MB, 4 MB goal, 0 MB stacks, 0 MB globals, 2 P
gc 1367 @17.851s 5%: 0.016+1.0+0.038 ms clock, 0.032+0.71/0.68/0+0.076 ms cpu, 3->3->1 MB, 4 MB goal, 0 MB stacks, 0 MB globals, 2 P
gc 1368 @17.860s 5%: 0.049+0.98+0.020 ms clock, 0.098+0.71/0.54/0+0.040 ms cpu, 3->3->1 MB, 4 MB goal, 0 MB stacks, 0 MB globals, 2 P
gc 1369 @17.870s 5%: 0.038+2.8+0.003 ms clock, 0.076+0.65/0.59/0+0.006 ms cpu, 3->3->1 MB, 4 MB goal, 0 MB stacks, 0 MB globals, 2 P
gc 1370 @17.880s 5%: 0.022+2.4+0.005 ms clock, 0.044+0.65/0.54/0+0.010 ms cpu, 3->3->1 MB, 4 MB goal, 0 MB stacks, 0 MB globals, 2 P
gc 1371 @17.890s 5%: 0.061+0.93+0.022 ms clock, 0.12+0.78/0.50/0+0.045 ms cpu, 3->3->1 MB, 4 MB goal, 0 MB stacks, 0 MB globals, 2 P
gc 1372 @17.900s 5%: 0.028+3.0+0.019 ms clock, 0.056+0.68/0.63/0+0.038 ms cpu, 3->3->1 MB, 4 MB goal, 0 MB stacks, 0 MB globals, 2 P
gc 1373 @17.910s 5%: 0.080+2.7+0.005 ms clock, 0.16+0.69/0.50/0+0.010 ms cpu, 3->3->1 MB, 4 MB goal, 0 MB stacks, 0 MB globals, 2 P
gc 1374 @17.920s 5%: 0.038+0.95+0.011 ms clock, 0.076+0.84/0.45/0+0.022 ms cpu, 3->3->1 MB, 4 MB goal, 0 MB stacks, 0 MB globals, 2 P
gc 1375 @17.929s 5%: 0.018+3.1+0.002 ms clock, 0.037+0.48/0.30/0+0.005 ms cpu, 3->3->1 MB, 4 MB goal, 0 MB stacks, 0 MB globals, 2 P
gc 1376 @17.939s 5%: 0.015+0.96+0.036 ms clock, 0.031+0.77/0.49/0+0.072 ms cpu, 3->3->1 MB, 4 MB goal, 0 MB stacks, 0 MB globals, 2 P
gc 1377 @17.949s 5%: 0.017+3.5+0.003 ms clock, 0.035+0.47/0.30/0+0.007 ms cpu, 3->3->1 MB, 4 MB goal, 0 MB stacks, 0 MB globals, 2 P
gc 1378 @17.959s 5%: 0.051+1.0+0.016 ms clock, 0.10+0.69/0.58/0+0.032 ms cpu, 3->3->1 MB, 4 MB goal, 0 MB stacks, 0 MB globals, 2 P
gc 1379 @17.969s 5%: 0.040+1.1+0.002 ms clock, 0.081+0.59/0.60/0+0.005 ms cpu, 3->3->1 MB, 4 MB goal, 0 MB stacks, 0 MB globals, 2 P
gc 1380 @17.978s 5%: 0.043+1.0+0.004 ms clock, 0.086+0.76/0.57/0+0.009 ms cpu, 3->3->1 MB, 4 MB goal, 0 MB stacks, 0 MB globals, 2 P
gc 1381 @17.988s 5%: 0.067+1.0+0.026 ms clock, 0.13+0.53/0.57/0+0.052 ms cpu, 3->3->1 MB, 4 MB goal, 0 MB stacks, 0 MB globals, 2 P
gc 1382 @17.998s 5%: 0.044+0.93+0.023 ms clock, 0.089+0.81/0.44/0+0.046 ms cpu, 3->3->1 MB, 4 MB goal, 0 MB stacks, 0 MB globals, 2 P
gc 1383 @18.009s 5%: 0.018+1.9+0.029 ms clock, 0.037+0.45/0.31/0+0.058 ms cpu, 3->3->1 MB, 4 MB goal, 0 MB stacks, 0 MB globals, 2 P
gc 1384 @18.020s 5%: 0.052+1.1+0.003 ms clock, 0.10+0.52/0.66/0+0.006 ms cpu, 3->3->1 MB, 4 MB goal, 0 MB stacks, 0 MB globals, 2 P
